26 - INFO - Logger started, writing to /home/prent/Repos/One-footed-bride-tuning/test.log, level=INFO
26 - INFO - limit_value = 23, limit_denominator = 50, tonal_diamond_values.shape = (118, 3)
26 - INFO - save_midi_file = False, 
26 - INFO - version = 'bwv253', chorale.shape = (4, 160), root = 9, keys[root] = 'A♮', mode = 'major', time_sig = '4/4'
26 - INFO - In load_chorale_in_cents. About to load top_notes from file_name = '/home/prent/Repos/One-footed-bride-tuning/Archive/straw-man/t1_r1.50_s0_md33_sn0/bwv253top-notes.npy'
26 - INFO - Loaded top_notes from /home/prent/Repos/One-footed-bride-tuning/Archive/straw-man/t1_r1.50_s0_md33_sn0/bwv253top-notes.npy, re-ordered by chorale frequency
26 - INFO - chorale_in_cents.shape = (4, 160), chorale.shape = (4, 160)
26 - INFO - cent value based on top_notes
26 - INFO - Chord 0: [100 900 400 900]
26 - INFO - Chord 1: [100 900 400 900]
26 - INFO - Chord 2: [100 900 400 900]
26 - INFO - Chord 3: [100 900 400 900]
26 - INFO - Chord 4: [100 900 400 900]
26 - INFO - Chord 5: [100 900 400 900]
26 - INFO - Chord 6: [200 900 400 900]
26 - INFO - Chord 7: [200 900 400 900]
26 - INFO - Chord 8: [ 400 1100  400  800]
26 - INFO - Chord 9: [ 400 1100  400  800]
26 - INFO - cent_value_chorale.shape = (4, 160), chorale.shape = (4, 160), A♮ major
26 - INFO - cent value based on 12 TET
26 - INFO - Chord 0: [100 900 400 900]
26 - INFO - Chord 1: [100 900 400 900]
26 - INFO - Chord 2: [100 900 400 900]
26 - INFO - Chord 3: [100 900 400 900]
26 - INFO - Chord 4: [100 900 400 900]
26 - INFO - Chord 5: [100 900 400 900]
26 - INFO - Chord 6: [200 900 400 900]
26 - INFO - Chord 7: [200 900 400 900]
26 - INFO - Chord 8: [ 400 1100  400  800]
26 - INFO - Chord 9: [ 400 1100  400  800]
26 - INFO - cent_value_chorale.shape = (4, 160), chorale.shape = (4, 160), A♮ major
26 - INFO - Current top_notes:
26 - INFO -    0    1    2    3    4    5    6    7    8    9   10   11
26 - INFO -   A♮   E♮   C♯   B♮   F♯   D♮   G♯   F♮   D♯   G♮   C♮   A♯
26 - INFO -    9    4    1   11    6    2    8    5    3    7    0   10
26 - INFO -  900  400  100 1100  600  200  800  500  300  700    0 1000
26 - INFO - chord#: 0 In build_straw_man_chord_sa. tolerance = 1, sa_iterations = 1000, initial_temperature = 3.0, cooling_rate = 0.999
26 - INFO - chord#: 0 In build_straw_man_chord_sa. tolerance = 1, sa_iterations = 1000, initial_temperature = 3.0, cooling_rate = 0.999
26 - INFO - chord#: 0 In build_straw_man_chord_sa. tolerance = 1, sa_iterations = 1000, initial_temperature = 3.0, cooling_rate = 0.999
26 - INFO - chord#: 0 In build_straw_man_chord_sa. tolerance = 1, sa_iterations = 1000, initial_temperature = 3.0, cooling_rate = 0.999
26 - INFO - chord#: 0 In build_straw_man_chord_sa. tolerance = 1, sa_iterations = 1000, initial_temperature = 3.0, cooling_rate = 0.999
26 - INFO - chord#: 0 In build_straw_man_chord_sa. tolerance = 1, sa_iterations = 1000, initial_temperature = 3.0, cooling_rate = 0.999
26 - INFO - chord#: 0 In build_straw_man_chord_sa. tolerance = 1, sa_iterations = 1000, initial_temperature = 3.0, cooling_rate = 0.999
26 - INFO - chord#: 0 In build_straw_man_chord_sa. tolerance = 1, sa_iterations = 1000, initial_temperature = 3.0, cooling_rate = 0.999
26 - INFO - chord#: 0 In build_straw_man_chord_sa. tolerance = 1, sa_iterations = 1000, initial_temperature = 3.0, cooling_rate = 0.999
26 - INFO - chord#: 0 In build_straw_man_chord_sa. tolerance = 1, sa_iterations = 1000, initial_temperature = 3.0, cooling_rate = 0.999
26 - INFO - chord#: 0 In build_straw_man_chord_sa. tolerance = 1, sa_iterations = 1000, initial_temperature = 3.0, cooling_rate = 0.999
26 - INFO - chord#: 0 In build_straw_man_chord_sa. tolerance = 1, sa_iterations = 1000, initial_temperature = 3.0, cooling_rate = 0.999
26 - INFO - chord#: 0 done. best_score=27.0, changed=520, unchanged=357, early_stops=8/8
26 - INFO - chord#: 4 In build_straw_man_chord_sa. tolerance = 1, sa_iterations = 1000, initial_temperature = 3.0, cooling_rate = 0.999
26 - INFO - chord#: 0 done. best_score=27.0, changed=519, unchanged=407, early_stops=8/8
26 - INFO - chord#: 4 In build_straw_man_chord_sa. tolerance = 1, sa_iterations = 1000, initial_temperature = 3.0, cooling_rate = 0.999
26 - INFO - chord#: 0 done. best_score=27.0, changed=525, unchanged=443, early_stops=8/8
26 - INFO - chord#: 4 In build_straw_man_chord_sa. tolerance = 1, sa_iterations = 1000, initial_temperature = 3.0, cooling_rate = 0.999
26 - INFO - chord#: 0 done. best_score=27.0, changed=519, unchanged=545, early_stops=8/8
26 - INFO - chord#: 4 In build_straw_man_chord_sa. tolerance = 1, sa_iterations = 1000, initial_temperature = 3.0, cooling_rate = 0.999
26 - INFO - chord#: 0 done. best_score=27.0, changed=520, unchanged=412, early_stops=8/8
26 - INFO - chord#: 4 In build_straw_man_chord_sa. tolerance = 1, sa_iterations = 1000, initial_temperature = 3.0, cooling_rate = 0.999
26 - INFO - chord#: 0 done. best_score=27.0, changed=528, unchanged=585, early_stops=8/8
26 - INFO - chord#: 4 In build_straw_man_chord_sa. tolerance = 1, sa_iterations = 1000, initial_temperature = 3.0, cooling_rate = 0.999
26 - INFO - chord#: 0 done. best_score=27.0, changed=515, unchanged=378, early_stops=8/8
26 - INFO - chord#: 4 In build_straw_man_chord_sa. tolerance = 1, sa_iterations = 1000, initial_temperature = 3.0, cooling_rate = 0.999
26 - INFO - chord#: 0 done. best_score=27.0, changed=524, unchanged=504, early_stops=8/8
26 - INFO - chord#: 4 In build_straw_man_chord_sa. tolerance = 1, sa_iterations = 1000, initial_temperature = 3.0, cooling_rate = 0.999
26 - INFO - chord#: 0 done. best_score=27.0, changed=514, unchanged=525, early_stops=8/8
26 - INFO - chord#: 4 In build_straw_man_chord_sa. tolerance = 1, sa_iterations = 1000, initial_temperature = 3.0, cooling_rate = 0.999
26 - INFO - chord#: 0 done. best_score=27.0, changed=520, unchanged=432, early_stops=8/8
26 - INFO - chord#: 4 In build_straw_man_chord_sa. tolerance = 1, sa_iterations = 1000, initial_temperature = 3.0, cooling_rate = 0.999
26 - INFO - chord#: 0 done. best_score=27.0, changed=519, unchanged=565, early_stops=8/8
26 - INFO - chord#: 4 In build_straw_man_chord_sa. tolerance = 1, sa_iterations = 1000, initial_temperature = 3.0, cooling_rate = 0.999
26 - INFO - chord#: 0 done. best_score=27.0, changed=531, unchanged=574, early_stops=8/8
26 - INFO - chord#: 4 In build_straw_man_chord_sa. tolerance = 1, sa_iterations = 1000, initial_temperature = 3.0, cooling_rate = 0.999
26 - INFO - chord#: 4 done. best_score=27.0, changed=533, unchanged=353, early_stops=8/8
26 - INFO - chord#: 6 In build_straw_man_chord_sa. tolerance = 1, sa_iterations = 1000, initial_temperature = 3.0, cooling_rate = 0.999
26 - INFO - chord#: 4 done. best_score=27.0, changed=527, unchanged=306, early_stops=8/8
26 - INFO - chord#: 6 In build_straw_man_chord_sa. tolerance = 1, sa_iterations = 1000, initial_temperature = 3.0, cooling_rate = 0.999
26 - INFO - chord#: 4 done. best_score=27.0, changed=521, unchanged=297, early_stops=8/8
26 - INFO - chord#: 6 In build_straw_man_chord_sa. tolerance = 1, sa_iterations = 1000, initial_temperature = 3.0, cooling_rate = 0.999
26 - INFO - chord#: 4 done. best_score=27.0, changed=528, unchanged=363, early_stops=8/8
26 - INFO - chord#: 6 In build_straw_man_chord_sa. tolerance = 1, sa_iterations = 1000, initial_temperature = 3.0, cooling_rate = 0.999
26 - INFO - chord#: 4 done. best_score=27.0, changed=533, unchanged=473, early_stops=8/8
26 - INFO - chord#: 6 In build_straw_man_chord_sa. tolerance = 1, sa_iterations = 1000, initial_temperature = 3.0, cooling_rate = 0.999
26 - INFO - chord#: 4 done. best_score=27.0, changed=518, unchanged=312, early_stops=8/8
26 - INFO - chord#: 6 In build_straw_man_chord_sa. tolerance = 1, sa_iterations = 1000, initial_temperature = 3.0, cooling_rate = 0.999
26 - INFO - chord#: 4 done. best_score=27.0, changed=525, unchanged=313, early_stops=8/8
26 - INFO - chord#: 6 In build_straw_man_chord_sa. tolerance = 1, sa_iterations = 1000, initial_temperature = 3.0, cooling_rate = 0.999
26 - INFO - chord#: 4 done. best_score=27.0, changed=522, unchanged=347, early_stops=8/8
26 - INFO - chord#: 6 In build_straw_man_chord_sa. tolerance = 1, sa_iterations = 1000, initial_temperature = 3.0, cooling_rate = 0.999
26 - INFO - chord#: 4 done. best_score=27.0, changed=525, unchanged=336, early_stops=8/8
26 - INFO - chord#: 6 In build_straw_man_chord_sa. tolerance = 1, sa_iterations = 1000, initial_temperature = 3.0, cooling_rate = 0.999
26 - INFO - chord#: 4 done. best_score=27.0, changed=533, unchanged=341, early_stops=8/8
26 - INFO - chord#: 6 In build_straw_man_chord_sa. tolerance = 1, sa_iterations = 1000, initial_temperature = 3.0, cooling_rate = 0.999
26 - INFO - chord#: 6 done. best_score=31.0, changed=530, unchanged=281, early_stops=8/8
26 - INFO - chord#: 8 In build_straw_man_chord_sa. tolerance = 1, sa_iterations = 1000, initial_temperature = 3.0, cooling_rate = 0.999
26 - INFO - chord#: 4 done. best_score=27.0, changed=525, unchanged=354, early_stops=8/8
26 - INFO - chord#: 6 In build_straw_man_chord_sa. tolerance = 1, sa_iterations = 1000, initial_temperature = 3.0, cooling_rate = 0.999
26 - INFO - chord#: 4 done. best_score=27.0, changed=531, unchanged=356, early_stops=8/8
26 - INFO - chord#: 6 In build_straw_man_chord_sa. tolerance = 1, sa_iterations = 1000, initial_temperature = 3.0, cooling_rate = 0.999
26 - INFO - chord#: 6 done. best_score=31.0, changed=547, unchanged=262, early_stops=8/8
26 - INFO - chord#: 8 In build_straw_man_chord_sa. tolerance = 1, sa_iterations = 1000, initial_temperature = 3.0, cooling_rate = 0.999
26 - INFO - chord#: 6 done. best_score=31.0, changed=551, unchanged=473, early_stops=8/8
26 - INFO - chord#: 8 In build_straw_man_chord_sa. tolerance = 1, sa_iterations = 1000, initial_temperature = 3.0, cooling_rate = 0.999
26 - INFO - chord#: 6 done. best_score=31.0, changed=528, unchanged=344, early_stops=8/8
26 - INFO - chord#: 8 In build_straw_man_chord_sa. tolerance = 1, sa_iterations = 1000, initial_temperature = 3.0, cooling_rate = 0.999
26 - INFO - chord#: 6 done. best_score=31.0, changed=532, unchanged=392, early_stops=8/8
26 - INFO - chord#: 8 In build_straw_man_chord_sa. tolerance = 1, sa_iterations = 1000, initial_temperature = 3.0, cooling_rate = 0.999
26 - INFO - chord#: 6 done. best_score=31.0, changed=530, unchanged=281, early_stops=8/8
26 - INFO - chord#: 8 In build_straw_man_chord_sa. tolerance = 1, sa_iterations = 1000, initial_temperature = 3.0, cooling_rate = 0.999
26 - INFO - chord#: 6 done. best_score=31.0, changed=527, unchanged=336, early_stops=8/8
26 - INFO - chord#: 8 In build_straw_man_chord_sa. tolerance = 1, sa_iterations = 1000, initial_temperature = 3.0, cooling_rate = 0.999
26 - INFO - chord#: 6 done. best_score=31.0, changed=532, unchanged=414, early_stops=8/8
26 - INFO - chord#: 8 In build_straw_man_chord_sa. tolerance = 1, sa_iterations = 1000, initial_temperature = 3.0, cooling_rate = 0.999
26 - INFO - chord#: 8 done. best_score=27.0, changed=515, unchanged=312, early_stops=8/8
26 - INFO - chord#: 12 In build_straw_man_chord_sa. tolerance = 1, sa_iterations = 1000, initial_temperature = 3.0, cooling_rate = 0.999
26 - INFO - chord#: 6 done. best_score=31.0, changed=524, unchanged=319, early_stops=8/8
26 - INFO - chord#: 8 In build_straw_man_chord_sa. tolerance = 1, sa_iterations = 1000, initial_temperature = 3.0, cooling_rate = 0.999
26 - INFO - chord#: 6 done. best_score=31.0, changed=544, unchanged=348, early_stops=8/8
26 - INFO - chord#: 8 In build_straw_man_chord_sa. tolerance = 1, sa_iterations = 1000, initial_temperature = 3.0, cooling_rate = 0.999
26 - INFO - chord#: 6 done. best_score=31.0, changed=518, unchanged=297, early_stops=8/8
26 - INFO - chord#: 8 In build_straw_man_chord_sa. tolerance = 1, sa_iterations = 1000, initial_temperature = 3.0, cooling_rate = 0.999
26 - INFO - chord#: 6 done. best_score=31.0, changed=521, unchanged=330, early_stops=8/8
26 - INFO - chord#: 8 In build_straw_man_chord_sa. tolerance = 1, sa_iterations = 1000, initial_temperature = 3.0, cooling_rate = 0.999
26 - INFO - chord#: 8 done. best_score=27.0, changed=525, unchanged=417, early_stops=8/8
26 - INFO - chord#: 12 In build_straw_man_chord_sa. tolerance = 1, sa_iterations = 1000, initial_temperature = 3.0, cooling_rate = 0.999
26 - INFO - chord#: 8 done. best_score=27.0, changed=518, unchanged=359, early_stops=8/8
26 - INFO - chord#: 12 In build_straw_man_chord_sa. tolerance = 1, sa_iterations = 1000, initial_temperature = 3.0, cooling_rate = 0.999
26 - INFO - chord#: 8 done. best_score=27.0, changed=524, unchanged=503, early_stops=8/8
26 - INFO - chord#: 12 In build_straw_man_chord_sa. tolerance = 1, sa_iterations = 1000, initial_temperature = 3.0, cooling_rate = 0.999
26 - INFO - chord#: 8 done. best_score=27.0, changed=529, unchanged=559, early_stops=8/8
26 - INFO - chord#: 12 In build_straw_man_chord_sa. tolerance = 1, sa_iterations = 1000, initial_temperature = 3.0, cooling_rate = 0.999
26 - INFO - chord#: 12 done. best_score=27.0, changed=529, unchanged=436, early_stops=8/8
26 - INFO - chord#: 16 In build_straw_man_chord_sa. tolerance = 1, sa_iterations = 1000, initial_temperature = 3.0, cooling_rate = 0.999
26 - INFO - chord#: 8 done. best_score=27.0, changed=528, unchanged=461, early_stops=8/8
26 - INFO - chord#: 12 In build_straw_man_chord_sa. tolerance = 1, sa_iterations = 1000, initial_temperature = 3.0, cooling_rate = 0.999
26 - INFO - chord#: 8 done. best_score=27.0, changed=515, unchanged=312, early_stops=8/8
26 - INFO - chord#: 12 In build_straw_man_chord_sa. tolerance = 1, sa_iterations = 1000, initial_temperature = 3.0, cooling_rate = 0.999
26 - INFO - chord#: 8 done. best_score=27.0, changed=515, unchanged=328, early_stops=8/8
26 - INFO - chord#: 12 In build_straw_man_chord_sa. tolerance = 1, sa_iterations = 1000, initial_temperature = 3.0, cooling_rate = 0.999
26 - INFO - chord#: 8 done. best_score=27.0, changed=529, unchanged=493, early_stops=8/8
26 - INFO - chord#: 12 In build_straw_man_chord_sa. tolerance = 1, sa_iterations = 1000, initial_temperature = 3.0, cooling_rate = 0.999
26 - INFO - chord#: 8 done. best_score=27.0, changed=511, unchanged=366, early_stops=8/8
26 - INFO - chord#: 12 In build_straw_man_chord_sa. tolerance = 1, sa_iterations = 1000, initial_temperature = 3.0, cooling_rate = 0.999
26 - INFO - chord#: 12 done. best_score=27.0, changed=518, unchanged=422, early_stops=8/8
26 - INFO - chord#: 16 In build_straw_man_chord_sa. tolerance = 1, sa_iterations = 1000, initial_temperature = 3.0, cooling_rate = 0.999
26 - INFO - chord#: 8 done. best_score=36.0, changed=517, unchanged=566, early_stops=8/8
26 - INFO - chord#: 12 In build_straw_man_chord_sa. tolerance = 1, sa_iterations = 1000, initial_temperature = 3.0, cooling_rate = 0.999
26 - INFO - chord#: 12 done. best_score=27.0, changed=521, unchanged=447, early_stops=8/8
26 - INFO - chord#: 12 done. best_score=27.0, changed=522, unchanged=322, early_stops=8/8
26 - INFO - chord#: 16 In build_straw_man_chord_sa. tolerance = 1, sa_iterations = 1000, initial_temperature = 3.0, cooling_rate = 0.999
26 - INFO - chord#: 16 In build_straw_man_chord_sa. tolerance = 1, sa_iterations = 1000, initial_temperature = 3.0, cooling_rate = 0.999
26 - INFO - chord#: 8 done. best_score=27.0, changed=519, unchanged=652, early_stops=8/8
26 - INFO - chord#: 12 In build_straw_man_chord_sa. tolerance = 1, sa_iterations = 1000, initial_temperature = 3.0, cooling_rate = 0.999
26 - INFO - chord#: 12 done. best_score=27.0, changed=520, unchanged=367, early_stops=8/8
26 - INFO - chord#: 16 In build_straw_man_chord_sa. tolerance = 1, sa_iterations = 1000, initial_temperature = 3.0, cooling_rate = 0.999
26 - INFO - chord#: 12 done. best_score=27.0, changed=512, unchanged=332, early_stops=8/8
26 - INFO - chord#: 16 In build_straw_man_chord_sa. tolerance = 1, sa_iterations = 1000, initial_temperature = 3.0, cooling_rate = 0.999
26 - INFO - chord#: 16 done. best_score=35.0, changed=523, unchanged=432, early_stops=8/8
26 - INFO - chord#: 18 In build_straw_man_chord_sa. tolerance = 1, sa_iterations = 1000, initial_temperature = 3.0, cooling_rate = 0.999
26 - INFO - chord#: 16 done. best_score=35.0, changed=532, unchanged=444, early_stops=8/8
26 - INFO - chord#: 18 In build_straw_man_chord_sa. tolerance = 1, sa_iterations = 1000, initial_temperature = 3.0, cooling_rate = 0.999
26 - INFO - chord#: 12 done. best_score=27.0, changed=523, unchanged=360, early_stops=8/8
26 - INFO - chord#: 16 In build_straw_man_chord_sa. tolerance = 1, sa_iterations = 1000, initial_temperature = 3.0, cooling_rate = 0.999
26 - INFO - chord#: 12 done. best_score=27.0, changed=521, unchanged=372, early_stops=8/8
26 - INFO - chord#: 16 In build_straw_man_chord_sa. tolerance = 1, sa_iterations = 1000, initial_temperature = 3.0, cooling_rate = 0.999
26 - INFO - chord#: 12 done. best_score=27.0, changed=521, unchanged=364, early_stops=8/8
26 - INFO - chord#: 16 In build_straw_man_chord_sa. tolerance = 1, sa_iterations = 1000, initial_temperature = 3.0, cooling_rate = 0.999
26 - INFO - chord#: 16 done. best_score=35.0, changed=526, unchanged=437, early_stops=8/8
26 - INFO - chord#: 18 In build_straw_man_chord_sa. tolerance = 1, sa_iterations = 1000, initial_temperature = 3.0, cooling_rate = 0.999
26 - INFO - chord#: 16 done. best_score=35.0, changed=519, unchanged=441, early_stops=8/8
26 - INFO - chord#: 18 In build_straw_man_chord_sa. tolerance = 1, sa_iterations = 1000, initial_temperature = 3.0, cooling_rate = 0.999
26 - INFO - chord#: 12 done. best_score=27.0, changed=520, unchanged=402, early_stops=8/8
26 - INFO - chord#: 16 In build_straw_man_chord_sa. tolerance = 1, sa_iterations = 1000, initial_temperature = 3.0, cooling_rate = 0.999
26 - INFO - chord#: 16 done. best_score=35.0, changed=515, unchanged=364, early_stops=8/8
26 - INFO - chord#: 18 In build_straw_man_chord_sa. tolerance = 1, sa_iterations = 1000, initial_temperature = 3.0, cooling_rate = 0.999
26 - INFO - chord#: 12 done. best_score=27.0, changed=515, unchanged=379, early_stops=8/8
26 - INFO - chord#: 16 In build_straw_man_chord_sa. tolerance = 1, sa_iterations = 1000, initial_temperature = 3.0, cooling_rate = 0.999
26 - INFO - chord#: 12 done. best_score=27.0, changed=517, unchanged=407, early_stops=8/8
26 - INFO - chord#: 16 In build_straw_man_chord_sa. tolerance = 1, sa_iterations = 1000, initial_temperature = 3.0, cooling_rate = 0.999
26 - INFO - chord#: 18 done. best_score=36.0, changed=524, unchanged=355, early_stops=8/8
26 - INFO - chord#: 20 In build_straw_man_chord_sa. tolerance = 1, sa_iterations = 1000, initial_temperature = 3.0, cooling_rate = 0.999
26 - INFO - chord#: 16 done. best_score=35.0, changed=524, unchanged=552, early_stops=8/8
26 - INFO - chord#: 18 In build_straw_man_chord_sa. tolerance = 1, sa_iterations = 1000, initial_temperature = 3.0, cooling_rate = 0.999
26 - INFO - chord#: 18 done. best_score=36.0, changed=523, unchanged=399, early_stops=8/8
26 - INFO - chord#: 20 In build_straw_man_chord_sa. tolerance = 1, sa_iterations = 1000, initial_temperature = 3.0, cooling_rate = 0.999
26 - INFO - chord#: 18 done. best_score=36.0, changed=542, unchanged=379, early_stops=8/8
26 - INFO - chord#: 20 In build_straw_man_chord_sa. tolerance = 1, sa_iterations = 1000, initial_temperature = 3.0, cooling_rate = 0.999
26 - INFO - chord#: 18 done. best_score=36.0, changed=521, unchanged=437, early_stops=8/8
26 - INFO - chord#: 20 In build_straw_man_chord_sa. tolerance = 1, sa_iterations = 1000, initial_temperature = 3.0, cooling_rate = 0.999
26 - INFO - chord#: 16 done. best_score=35.0, changed=518, unchanged=362, early_stops=8/8
26 - INFO - chord#: 18 In build_straw_man_chord_sa. tolerance = 1, sa_iterations = 1000, initial_temperature = 3.0, cooling_rate = 0.999
26 - INFO - chord#: 18 done. best_score=36.0, changed=521, unchanged=352, early_stops=8/8
26 - INFO - chord#: 20 In build_straw_man_chord_sa. tolerance = 1, sa_iterations = 1000, initial_temperature = 3.0, cooling_rate = 0.999
26 - INFO - chord#: 16 done. best_score=35.0, changed=522, unchanged=399, early_stops=8/8
26 - INFO - chord#: 18 In build_straw_man_chord_sa. tolerance = 1, sa_iterations = 1000, initial_temperature = 3.0, cooling_rate = 0.999
26 - INFO - chord#: 16 done. best_score=35.0, changed=522, unchanged=370, early_stops=8/8
26 - INFO - chord#: 18 In build_straw_man_chord_sa. tolerance = 1, sa_iterations = 1000, initial_temperature = 3.0, cooling_rate = 0.999
26 - INFO - chord#: 16 done. best_score=35.0, changed=528, unchanged=445, early_stops=8/8
26 - INFO - chord#: 18 In build_straw_man_chord_sa. tolerance = 1, sa_iterations = 1000, initial_temperature = 3.0, cooling_rate = 0.999
26 - INFO - chord#: 16 done. best_score=35.0, changed=525, unchanged=335, early_stops=8/8
26 - INFO - chord#: 18 In build_straw_man_chord_sa. tolerance = 1, sa_iterations = 1000, initial_temperature = 3.0, cooling_rate = 0.999
26 - INFO - chord#: 18 done. best_score=36.0, changed=523, unchanged=378, early_stops=8/8
26 - INFO - chord#: 20 In build_straw_man_chord_sa. tolerance = 1, sa_iterations = 1000, initial_temperature = 3.0, cooling_rate = 0.999
26 - INFO - chord#: 16 done. best_score=35.0, changed=528, unchanged=337, early_stops=8/8
26 - INFO - chord#: 18 In build_straw_man_chord_sa. tolerance = 1, sa_iterations = 1000, initial_temperature = 3.0, cooling_rate = 0.999
26 - INFO - chord#: 20 done. best_score=27.0, changed=520, unchanged=422, early_stops=8/8
26 - INFO - chord#: 22 In build_straw_man_chord_sa. tolerance = 1, sa_iterations = 1000, initial_temperature = 3.0, cooling_rate = 0.999
26 - INFO - chord#: 20 done. best_score=27.0, changed=520, unchanged=340, early_stops=8/8
26 - INFO - chord#: 22 In build_straw_man_chord_sa. tolerance = 1, sa_iterations = 1000, initial_temperature = 3.0, cooling_rate = 0.999
26 - INFO - chord#: 20 done. best_score=27.0, changed=520, unchanged=327, early_stops=8/8
26 - INFO - chord#: 22 In build_straw_man_chord_sa. tolerance = 1, sa_iterations = 1000, initial_temperature = 3.0, cooling_rate = 0.999
26 - INFO - chord#: 20 done. best_score=27.0, changed=527, unchanged=354, early_stops=8/8
26 - INFO - chord#: 22 In build_straw_man_chord_sa. tolerance = 1, sa_iterations = 1000, initial_temperature = 3.0, cooling_rate = 0.999
26 - INFO - chord#: 20 done. best_score=27.0, changed=524, unchanged=405, early_stops=8/8
26 - INFO - chord#: 22 In build_straw_man_chord_sa. tolerance = 1, sa_iterations = 1000, initial_temperature = 3.0, cooling_rate = 0.999
26 - INFO - chord#: 18 done. best_score=36.0, changed=518, unchanged=335, early_stops=8/8
26 - INFO - chord#: 20 In build_straw_man_chord_sa. tolerance = 1, sa_iterations = 1000, initial_temperature = 3.0, cooling_rate = 0.999
26 - INFO - chord#: 18 done. best_score=36.0, changed=525, unchanged=388, early_stops=8/8
26 - INFO - chord#: 20 In build_straw_man_chord_sa. tolerance = 1, sa_iterations = 1000, initial_temperature = 3.0, cooling_rate = 0.999
26 - INFO - chord#: 18 done. best_score=36.0, changed=528, unchanged=376, early_stops=8/8
26 - INFO - chord#: 20 In build_straw_man_chord_sa. tolerance = 1, sa_iterations = 1000, initial_temperature = 3.0, cooling_rate = 0.999
26 - INFO - chord#: 18 done. best_score=36.0, changed=530, unchanged=454, early_stops=8/8
26 - INFO - chord#: 20 In build_straw_man_chord_sa. tolerance = 1, sa_iterations = 1000, initial_temperature = 3.0, cooling_rate = 0.999
26 - INFO - chord#: 20 done. best_score=27.0, changed=523, unchanged=373, early_stops=8/8
26 - INFO - chord#: 22 In build_straw_man_chord_sa. tolerance = 1, sa_iterations = 1000, initial_temperature = 3.0, cooling_rate = 0.999
26 - INFO - chord#: 18 done. best_score=36.0, changed=533, unchanged=404, early_stops=8/8
26 - INFO - chord#: 20 In build_straw_man_chord_sa. tolerance = 1, sa_iterations = 1000, initial_temperature = 3.0, cooling_rate = 0.999
26 - INFO - chord#: 18 done. best_score=27.0, changed=520, unchanged=463, early_stops=8/8
26 - INFO - chord#: 20 In build_straw_man_chord_sa. tolerance = 1, sa_iterations = 1000, initial_temperature = 3.0, cooling_rate = 0.999
26 - INFO - chord#: 20 done. best_score=27.0, changed=520, unchanged=356, early_stops=8/8
26 - INFO - chord#: 22 In build_straw_man_chord_sa. tolerance = 1, sa_iterations = 1000, initial_temperature = 3.0, cooling_rate = 0.999
26 - INFO - chord#: 20 done. best_score=27.0, changed=530, unchanged=499, early_stops=8/8
26 - INFO - chord#: 22 In build_straw_man_chord_sa. tolerance = 1, sa_iterations = 1000, initial_temperature = 3.0, cooling_rate = 0.999
26 - INFO - chord#: 20 done. best_score=27.0, changed=520, unchanged=363, early_stops=8/8
26 - INFO - chord#: 22 In build_straw_man_chord_sa. tolerance = 1, sa_iterations = 1000, initial_temperature = 3.0, cooling_rate = 0.999
26 - INFO - chord#: 20 done. best_score=27.0, changed=524, unchanged=417, early_stops=8/8
26 - INFO - chord#: 22 In build_straw_man_chord_sa. tolerance = 1, sa_iterations = 1000, initial_temperature = 3.0, cooling_rate = 0.999
26 - INFO - chord#: 22 done. best_score=74.0, changed=606, unchanged=232, early_stops=8/8
26 - INFO - chord#: 24 In build_straw_man_chord_sa. tolerance = 1, sa_iterations = 1000, initial_temperature = 3.0, cooling_rate = 0.999
26 - INFO - chord#: 20 done. best_score=27.0, changed=523, unchanged=336, early_stops=8/8
26 - INFO - chord#: 22 In build_straw_man_chord_sa. tolerance = 1, sa_iterations = 1000, initial_temperature = 3.0, cooling_rate = 0.999
26 - INFO - chord#: 22 done. best_score=148.0, changed=615, unchanged=226, early_stops=8/8
26 - INFO - chord#: 24 In build_straw_man_chord_sa. tolerance = 1, sa_iterations = 1000, initial_temperature = 3.0, cooling_rate = 0.999
26 - INFO - chord#: 20 done. best_score=27.0, changed=516, unchanged=307, early_stops=8/8
26 - INFO - chord#: 22 In build_straw_man_chord_sa. tolerance = 1, sa_iterations = 1000, initial_temperature = 3.0, cooling_rate = 0.999
26 - INFO - chord#: 22 done. best_score=121.0, changed=607, unchanged=210, early_stops=8/8
26 - INFO - chord#: 24 In build_straw_man_chord_sa. tolerance = 1, sa_iterations = 1000, initial_temperature = 3.0, cooling_rate = 0.999
26 - INFO - chord#: 22 done. best_score=74.0, changed=616, unchanged=241, early_stops=8/8
26 - INFO - chord#: 24 In build_straw_man_chord_sa. tolerance = 1, sa_iterations = 1000, initial_temperature = 3.0, cooling_rate = 0.999
26 - INFO - chord#: 22 done. best_score=74.0, changed=616, unchanged=503, early_stops=8/8
26 - INFO - chord#: 24 In build_straw_man_chord_sa. tolerance = 1, sa_iterations = 1000, initial_temperature = 3.0, cooling_rate = 0.999
26 - INFO - chord#: 24 done. best_score=27.0, changed=514, unchanged=403, early_stops=8/8
26 - INFO - chord#: 28 In build_straw_man_chord_sa. tolerance = 1, sa_iterations = 1000, initial_temperature = 3.0, cooling_rate = 0.999
26 - INFO - chord#: 22 done. best_score=74.0, changed=611, unchanged=241, early_stops=8/8
26 - INFO - chord#: 24 In build_straw_man_chord_sa. tolerance = 1, sa_iterations = 1000, initial_temperature = 3.0, cooling_rate = 0.999
26 - INFO - chord#: 24 done. best_score=27.0, changed=518, unchanged=423, early_stops=8/8
26 - INFO - chord#: 28 In build_straw_man_chord_sa. tolerance = 1, sa_iterations = 1000, initial_temperature = 3.0, cooling_rate = 0.999
26 - INFO - chord#: 24 done. best_score=27.0, changed=523, unchanged=519, early_stops=8/8
26 - INFO - chord#: 28 In build_straw_man_chord_sa. tolerance = 1, sa_iterations = 1000, initial_temperature = 3.0, cooling_rate = 0.999
26 - INFO - chord#: 24 done. best_score=27.0, changed=523, unchanged=477, early_stops=8/8
26 - INFO - chord#: 28 In build_straw_man_chord_sa. tolerance = 1, sa_iterations = 1000, initial_temperature = 3.0, cooling_rate = 0.999
26 - INFO - chord#: 24 done. best_score=27.0, changed=521, unchanged=353, early_stops=8/8
26 - INFO - chord#: 28 In build_straw_man_chord_sa. tolerance = 1, sa_iterations = 1000, initial_temperature = 3.0, cooling_rate = 0.999
26 - INFO - chord#: 28 done. best_score=27.0, changed=512, unchanged=319, early_stops=8/8
26 - INFO - chord#: 32 In build_straw_man_chord_sa. tolerance = 1, sa_iterations = 1000, initial_temperature = 3.0, cooling_rate = 0.999
26 - INFO - chord#: 28 done. best_score=27.0, changed=518, unchanged=322, early_stops=8/8
26 - INFO - chord#: 32 In build_straw_man_chord_sa. tolerance = 1, sa_iterations = 1000, initial_temperature = 3.0, cooling_rate = 0.999
26 - INFO - chord#: 28 done. best_score=27.0, changed=525, unchanged=446, early_stops=8/8
26 - INFO - chord#: 32 In build_straw_man_chord_sa. tolerance = 1, sa_iterations = 1000, initial_temperature = 3.0, cooling_rate = 0.999
26 - INFO - chord#: 24 done. best_score=27.0, changed=519, unchanged=527, early_stops=8/8
26 - INFO - chord#: 28 In build_straw_man_chord_sa. tolerance = 1, sa_iterations = 1000, initial_temperature = 3.0, cooling_rate = 0.999
26 - INFO - chord#: 28 done. best_score=27.0, changed=530, unchanged=424, early_stops=8/8
26 - INFO - chord#: 32 In build_straw_man_chord_sa. tolerance = 1, sa_iterations = 1000, initial_temperature = 3.0, cooling_rate = 0.999
26 - INFO - chord#: 28 done. best_score=27.0, changed=524, unchanged=482, early_stops=8/8
26 - INFO - chord#: 32 In build_straw_man_chord_sa. tolerance = 1, sa_iterations = 1000, initial_temperature = 3.0, cooling_rate = 0.999
26 - INFO - chord#: 22 done. best_score=121.0, changed=612, unchanged=284, early_stops=8/8
26 - INFO - chord#: 24 In build_straw_man_chord_sa. tolerance = 1, sa_iterations = 1000, initial_temperature = 3.0, cooling_rate = 0.999
26 - INFO - chord#: 22 done. best_score=74.0, changed=615, unchanged=303, early_stops=8/8
26 - INFO - chord#: 24 In build_straw_man_chord_sa. tolerance = 1, sa_iterations = 1000, initial_temperature = 3.0, cooling_rate = 0.999
26 - INFO - chord#: 22 done. best_score=74.0, changed=614, unchanged=318, early_stops=8/8
26 - INFO - chord#: 24 In build_straw_man_chord_sa. tolerance = 1, sa_iterations = 1000, initial_temperature = 3.0, cooling_rate = 0.999
26 - INFO - chord#: 22 done. best_score=74.0, changed=615, unchanged=331, early_stops=8/8
26 - INFO - chord#: 24 In build_straw_man_chord_sa. tolerance = 1, sa_iterations = 1000, initial_temperature = 3.0, cooling_rate = 0.999
26 - INFO - chord#: 22 done. best_score=74.0, changed=617, unchanged=359, early_stops=8/8
26 - INFO - chord#: 24 In build_straw_man_chord_sa. tolerance = 1, sa_iterations = 1000, initial_temperature = 3.0, cooling_rate = 0.999
26 - INFO - chord#: 32 done. best_score=27.0, changed=518, unchanged=345, early_stops=8/8
26 - INFO - chord#: 36 In build_straw_man_chord_sa. tolerance = 1, sa_iterations = 1000, initial_temperature = 3.0, cooling_rate = 0.999
26 - INFO - chord#: 22 done. best_score=96.0, changed=610, unchanged=361, early_stops=8/8
26 - INFO - chord#: 24 In build_straw_man_chord_sa. tolerance = 1, sa_iterations = 1000, initial_temperature = 3.0, cooling_rate = 0.999
26 - INFO - chord#: 32 done. best_score=27.0, changed=524, unchanged=410, early_stops=8/8
26 - INFO - chord#: 36 In build_straw_man_chord_sa. tolerance = 1, sa_iterations = 1000, initial_temperature = 3.0, cooling_rate = 0.999
26 - INFO - chord#: 32 done. best_score=27.0, changed=519, unchanged=481, early_stops=8/8
26 - INFO - chord#: 36 In build_straw_man_chord_sa. tolerance = 1, sa_iterations = 1000, initial_temperature = 3.0, cooling_rate = 0.999
26 - INFO - chord#: 32 done. best_score=27.0, changed=526, unchanged=412, early_stops=8/8
26 - INFO - chord#: 36 In build_straw_man_chord_sa. tolerance = 1, sa_iterations = 1000, initial_temperature = 3.0, cooling_rate = 0.999
26 - INFO - chord#: 32 done. best_score=27.0, changed=524, unchanged=377, early_stops=8/8
26 - INFO - chord#: 36 In build_straw_man_chord_sa. tolerance = 1, sa_iterations = 1000, initial_temperature = 3.0, cooling_rate = 0.999
26 - INFO - chord#: 28 done. best_score=27.0, changed=523, unchanged=462, early_stops=8/8
26 - INFO - chord#: 32 In build_straw_man_chord_sa. tolerance = 1, sa_iterations = 1000, initial_temperature = 3.0, cooling_rate = 0.999
26 - INFO - chord#: 24 done. best_score=27.0, changed=519, unchanged=346, early_stops=8/8
26 - INFO - chord#: 28 In build_straw_man_chord_sa. tolerance = 1, sa_iterations = 1000, initial_temperature = 3.0, cooling_rate = 0.999
26 - INFO - chord#: 24 done. best_score=27.0, changed=520, unchanged=401, early_stops=8/8
26 - INFO - chord#: 28 In build_straw_man_chord_sa. tolerance = 1, sa_iterations = 1000, initial_temperature = 3.0, cooling_rate = 0.999
26 - INFO - chord#: 36 done. best_score=27.0, changed=523, unchanged=359, early_stops=8/8
26 - INFO - chord#: 38 In build_straw_man_chord_sa. tolerance = 1, sa_iterations = 1000, initial_temperature = 3.0, cooling_rate = 0.999
26 - INFO - chord#: 24 done. best_score=27.0, changed=538, unchanged=524, early_stops=8/8
26 - INFO - chord#: 28 In build_straw_man_chord_sa. tolerance = 1, sa_iterations = 1000, initial_temperature = 3.0, cooling_rate = 0.999
26 - INFO - chord#: 36 done. best_score=27.0, changed=519, unchanged=430, early_stops=8/8
26 - INFO - chord#: 38 In build_straw_man_chord_sa. tolerance = 1, sa_iterations = 1000, initial_temperature = 3.0, cooling_rate = 0.999
26 - INFO - chord#: 24 done. best_score=27.0, changed=527, unchanged=395, early_stops=8/8
26 - INFO - chord#: 28 In build_straw_man_chord_sa. tolerance = 1, sa_iterations = 1000, initial_temperature = 3.0, cooling_rate = 0.999
26 - INFO - chord#: 24 done. best_score=27.0, changed=518, unchanged=514, early_stops=8/8
26 - INFO - chord#: 28 In build_straw_man_chord_sa. tolerance = 1, sa_iterations = 1000, initial_temperature = 3.0, cooling_rate = 0.999
26 - INFO - chord#: 36 done. best_score=27.0, changed=518, unchanged=373, early_stops=8/8
26 - INFO - chord#: 38 In build_straw_man_chord_sa. tolerance = 1, sa_iterations = 1000, initial_temperature = 3.0, cooling_rate = 0.999
26 - INFO - chord#: 36 done. best_score=27.0, changed=523, unchanged=341, early_stops=8/8
26 - INFO - chord#: 38 In build_straw_man_chord_sa. tolerance = 1, sa_iterations = 1000, initial_temperature = 3.0, cooling_rate = 0.999
26 - INFO - chord#: 24 done. best_score=27.0, changed=532, unchanged=419, early_stops=8/8
26 - INFO - chord#: 28 In build_straw_man_chord_sa. tolerance = 1, sa_iterations = 1000, initial_temperature = 3.0, cooling_rate = 0.999
26 - INFO - chord#: 36 done. best_score=27.0, changed=519, unchanged=424, early_stops=8/8
26 - INFO - chord#: 38 In build_straw_man_chord_sa. tolerance = 1, sa_iterations = 1000, initial_temperature = 3.0, cooling_rate = 0.999
26 - INFO - chord#: 28 done. best_score=27.0, changed=519, unchanged=403, early_stops=8/8
26 - INFO - chord#: 32 In build_straw_man_chord_sa. tolerance = 1, sa_iterations = 1000, initial_temperature = 3.0, cooling_rate = 0.999
26 - INFO - chord#: 32 done. best_score=27.0, changed=527, unchanged=400, early_stops=8/8
26 - INFO - chord#: 36 In build_straw_man_chord_sa. tolerance = 1, sa_iterations = 1000, initial_temperature = 3.0, cooling_rate = 0.999
26 - INFO - chord#: 28 done. best_score=27.0, changed=526, unchanged=402, early_stops=8/8
26 - INFO - chord#: 32 In build_straw_man_chord_sa. tolerance = 1, sa_iterations = 1000, initial_temperature = 3.0, cooling_rate = 0.999
26 - INFO - chord#: 28 done. best_score=27.0, changed=529, unchanged=458, early_stops=8/8
26 - INFO - chord#: 32 In build_straw_man_chord_sa. tolerance = 1, sa_iterations = 1000, initial_temperature = 3.0, cooling_rate = 0.999
26 - INFO - chord#: 28 done. best_score=27.0, changed=525, unchanged=492, early_stops=8/8
26 - INFO - chord#: 32 In build_straw_man_chord_sa. tolerance = 1, sa_iterations = 1000, initial_temperature = 3.0, cooling_rate = 0.999
26 - INFO - chord#: 28 done. best_score=27.0, changed=524, unchanged=499, early_stops=8/8
26 - INFO - chord#: 32 In build_straw_man_chord_sa. tolerance = 1, sa_iterations = 1000, initial_temperature = 3.0, cooling_rate = 0.999
26 - INFO - chord#: 28 done. best_score=27.0, changed=518, unchanged=477, early_stops=8/8
26 - INFO - chord#: 32 In build_straw_man_chord_sa. tolerance = 1, sa_iterations = 1000, initial_temperature = 3.0, cooling_rate = 0.999
26 - INFO - chord#: 36 done. best_score=27.0, changed=526, unchanged=363, early_stops=8/8
26 - INFO - chord#: 38 In build_straw_man_chord_sa. tolerance = 1, sa_iterations = 1000, initial_temperature = 3.0, cooling_rate = 0.999
26 - INFO - chord#: 32 done. best_score=27.0, changed=526, unchanged=362, early_stops=8/8
26 - INFO - chord#: 36 In build_straw_man_chord_sa. tolerance = 1, sa_iterations = 1000, initial_temperature = 3.0, cooling_rate = 0.999
26 - INFO - chord#: 38 done. best_score=67.0, changed=609, unchanged=207, early_stops=8/8
26 - INFO - chord#: 40 In build_straw_man_chord_sa. tolerance = 1, sa_iterations = 1000, initial_temperature = 3.0, cooling_rate = 0.999
26 - INFO - chord#: 32 done. best_score=27.0, changed=525, unchanged=385, early_stops=8/8
26 - INFO - chord#: 36 In build_straw_man_chord_sa. tolerance = 1, sa_iterations = 1000, initial_temperature = 3.0, cooling_rate = 0.999
26 - INFO - chord#: 38 done. best_score=67.0, changed=608, unchanged=246, early_stops=8/8
26 - INFO - chord#: 40 In build_straw_man_chord_sa. tolerance = 1, sa_iterations = 1000, initial_temperature = 3.0, cooling_rate = 0.999
26 - INFO - chord#: 38 done. best_score=137.0, changed=613, unchanged=314, early_stops=8/8
26 - INFO - chord#: 40 In build_straw_man_chord_sa. tolerance = 1, sa_iterations = 1000, initial_temperature = 3.0, cooling_rate = 0.999
26 - INFO - chord#: 32 done. best_score=27.0, changed=528, unchanged=449, early_stops=8/8
26 - INFO - chord#: 36 In build_straw_man_chord_sa. tolerance = 1, sa_iterations = 1000, initial_temperature = 3.0, cooling_rate = 0.999
26 - INFO - chord#: 32 done. best_score=27.0, changed=518, unchanged=372, early_stops=8/8
26 - INFO - chord#: 36 In build_straw_man_chord_sa. tolerance = 1, sa_iterations = 1000, initial_temperature = 3.0, cooling_rate = 0.999
26 - INFO - chord#: 32 done. best_score=27.0, changed=518, unchanged=396, early_stops=8/8
26 - INFO - chord#: 36 In build_straw_man_chord_sa. tolerance = 1, sa_iterations = 1000, initial_temperature = 3.0, cooling_rate = 0.999
26 - INFO - chord#: 36 done. best_score=27.0, changed=513, unchanged=368, early_stops=8/8
26 - INFO - chord#: 38 In build_straw_man_chord_sa. tolerance = 1, sa_iterations = 1000, initial_temperature = 3.0, cooling_rate = 0.999
26 - INFO - chord#: 32 done. best_score=27.0, changed=523, unchanged=406, early_stops=8/8
26 - INFO - chord#: 36 In build_straw_man_chord_sa. tolerance = 1, sa_iterations = 1000, initial_temperature = 3.0, cooling_rate = 0.999
26 - INFO - chord#: 38 done. best_score=96.0, changed=614, unchanged=386, early_stops=8/8
26 - INFO - chord#: 40 In build_straw_man_chord_sa. tolerance = 1, sa_iterations = 1000, initial_temperature = 3.0, cooling_rate = 0.999
26 - INFO - chord#: 38 done. best_score=137.0, changed=617, unchanged=386, early_stops=8/8
26 - INFO - chord#: 40 In build_straw_man_chord_sa. tolerance = 1, sa_iterations = 1000, initial_temperature = 3.0, cooling_rate = 0.999
26 - INFO - chord#: 40 done. best_score=27.0, changed=518, unchanged=350, early_stops=8/8
26 - INFO - chord#: 42 In build_straw_man_chord_sa. tolerance = 1, sa_iterations = 1000, initial_temperature = 3.0, cooling_rate = 0.999
26 - INFO - chord#: 40 done. best_score=27.0, changed=527, unchanged=399, early_stops=8/8
26 - INFO - chord#: 42 In build_straw_man_chord_sa. tolerance = 1, sa_iterations = 1000, initial_temperature = 3.0, cooling_rate = 0.999
26 - INFO - chord#: 40 done. best_score=27.0, changed=521, unchanged=388, early_stops=8/8
26 - INFO - chord#: 42 In build_straw_man_chord_sa. tolerance = 1, sa_iterations = 1000, initial_temperature = 3.0, cooling_rate = 0.999
26 - INFO - chord#: 36 done. best_score=27.0, changed=527, unchanged=431, early_stops=8/8
26 - INFO - chord#: 38 In build_straw_man_chord_sa. tolerance = 1, sa_iterations = 1000, initial_temperature = 3.0, cooling_rate = 0.999
26 - INFO - chord#: 36 done. best_score=27.0, changed=530, unchanged=428, early_stops=8/8
26 - INFO - chord#: 38 In build_straw_man_chord_sa. tolerance = 1, sa_iterations = 1000, initial_temperature = 3.0, cooling_rate = 0.999
26 - INFO - chord#: 36 done. best_score=27.0, changed=530, unchanged=407, early_stops=8/8
26 - INFO - chord#: 38 In build_straw_man_chord_sa. tolerance = 1, sa_iterations = 1000, initial_temperature = 3.0, cooling_rate = 0.999
26 - INFO - chord#: 40 done. best_score=27.0, changed=523, unchanged=442, early_stops=8/8
26 - INFO - chord#: 42 In build_straw_man_chord_sa. tolerance = 1, sa_iterations = 1000, initial_temperature = 3.0, cooling_rate = 0.999
26 - INFO - chord#: 40 done. best_score=27.0, changed=521, unchanged=457, early_stops=8/8
26 - INFO - chord#: 42 In build_straw_man_chord_sa. tolerance = 1, sa_iterations = 1000, initial_temperature = 3.0, cooling_rate = 0.999
26 - INFO - chord#: 42 done. best_score=27.0, changed=523, unchanged=362, early_stops=8/8
26 - INFO - chord#: 44 In build_straw_man_chord_sa. tolerance = 1, sa_iterations = 1000, initial_temperature = 3.0, cooling_rate = 0.999
26 - INFO - chord#: 36 done. best_score=27.0, changed=530, unchanged=537, early_stops=8/8
26 - INFO - chord#: 38 In build_straw_man_chord_sa. tolerance = 1, sa_iterations = 1000, initial_temperature = 3.0, cooling_rate = 0.999
26 - INFO - chord#: 36 done. best_score=27.0, changed=534, unchanged=469, early_stops=8/8
26 - INFO - chord#: 38 In build_straw_man_chord_sa. tolerance = 1, sa_iterations = 1000, initial_temperature = 3.0, cooling_rate = 0.999
26 - INFO - chord#: 42 done. best_score=27.0, changed=516, unchanged=342, early_stops=8/8
26 - INFO - chord#: 44 In build_straw_man_chord_sa. tolerance = 1, sa_iterations = 1000, initial_temperature = 3.0, cooling_rate = 0.999
26 - INFO - chord#: 42 done. best_score=27.0, changed=517, unchanged=408, early_stops=8/8
26 - INFO - chord#: 44 In build_straw_man_chord_sa. tolerance = 1, sa_iterations = 1000, initial_temperature = 3.0, cooling_rate = 0.999
26 - INFO - chord#: 38 done. best_score=67.0, changed=609, unchanged=303, early_stops=8/8
26 - INFO - chord#: 40 In build_straw_man_chord_sa. tolerance = 1, sa_iterations = 1000, initial_temperature = 3.0, cooling_rate = 0.999
26 - INFO - chord#: 42 done. best_score=27.0, changed=527, unchanged=501, early_stops=8/8
26 - INFO - chord#: 44 In build_straw_man_chord_sa. tolerance = 1, sa_iterations = 1000, initial_temperature = 3.0, cooling_rate = 0.999
26 - INFO - chord#: 44 done. best_score=27.0, changed=530, unchanged=382, early_stops=8/8
26 - INFO - chord#: 46 In build_straw_man_chord_sa. tolerance = 1, sa_iterations = 1000, initial_temperature = 3.0, cooling_rate = 0.999
26 - INFO - chord#: 42 done. best_score=27.0, changed=525, unchanged=501, early_stops=8/8
26 - INFO - chord#: 44 In build_straw_man_chord_sa. tolerance = 1, sa_iterations = 1000, initial_temperature = 3.0, cooling_rate = 0.999
26 - INFO - chord#: 38 done. best_score=96.0, changed=613, unchanged=285, early_stops=8/8
26 - INFO - chord#: 40 In build_straw_man_chord_sa. tolerance = 1, sa_iterations = 1000, initial_temperature = 3.0, cooling_rate = 0.999
26 - INFO - chord#: 44 done. best_score=27.0, changed=519, unchanged=452, early_stops=8/8
26 - INFO - chord#: 46 In build_straw_man_chord_sa. tolerance = 1, sa_iterations = 1000, initial_temperature = 3.0, cooling_rate = 0.999
26 - INFO - chord#: 44 done. best_score=27.0, changed=524, unchanged=655, early_stops=8/8
26 - INFO - chord#: 46 In build_straw_man_chord_sa. tolerance = 1, sa_iterations = 1000, initial_temperature = 3.0, cooling_rate = 0.999
26 - INFO - chord#: 40 done. best_score=27.0, changed=524, unchanged=319, early_stops=8/8
26 - INFO - chord#: 42 In build_straw_man_chord_sa. tolerance = 1, sa_iterations = 1000, initial_temperature = 3.0, cooling_rate = 0.999
26 - INFO - chord#: 44 done. best_score=27.0, changed=521, unchanged=437, early_stops=8/8
26 - INFO - chord#: 46 In build_straw_man_chord_sa. tolerance = 1, sa_iterations = 1000, initial_temperature = 3.0, cooling_rate = 0.999
26 - INFO - chord#: 44 done. best_score=27.0, changed=520, unchanged=331, early_stops=8/8
26 - INFO - chord#: 46 In build_straw_man_chord_sa. tolerance = 1, sa_iterations = 1000, initial_temperature = 3.0, cooling_rate = 0.999
26 - INFO - chord#: 40 done. best_score=27.0, changed=520, unchanged=466, early_stops=8/8
26 - INFO - chord#: 42 In build_straw_man_chord_sa. tolerance = 1, sa_iterations = 1000, initial_temperature = 3.0, cooling_rate = 0.999
26 - INFO - chord#: 38 done. best_score=67.0, changed=611, unchanged=306, early_stops=8/8
26 - INFO - chord#: 40 In build_straw_man_chord_sa. tolerance = 1, sa_iterations = 1000, initial_temperature = 3.0, cooling_rate = 0.999
26 - INFO - chord#: 38 done. best_score=145.0, changed=611, unchanged=276, early_stops=8/8
26 - INFO - chord#: 40 In build_straw_man_chord_sa. tolerance = 1, sa_iterations = 1000, initial_temperature = 3.0, cooling_rate = 0.999
26 - INFO - chord#: 38 done. best_score=195.0, changed=614, unchanged=291, early_stops=8/8
26 - INFO - chord#: 40 In build_straw_man_chord_sa. tolerance = 1, sa_iterations = 1000, initial_temperature = 3.0, cooling_rate = 0.999
26 - INFO - chord#: 38 done. best_score=67.0, changed=612, unchanged=219, early_stops=8/8
26 - INFO - chord#: 40 In build_straw_man_chord_sa. tolerance = 1, sa_iterations = 1000, initial_temperature = 3.0, cooling_rate = 0.999
26 - INFO - chord#: 38 done. best_score=137.0, changed=609, unchanged=260, early_stops=8/8
26 - INFO - chord#: 40 In build_straw_man_chord_sa. tolerance = 1, sa_iterations = 1000, initial_temperature = 3.0, cooling_rate = 0.999
26 - INFO - chord#: 46 done. best_score=70.0, changed=606, unchanged=207, early_stops=8/8
26 - INFO - chord#: 48 In build_straw_man_chord_sa. tolerance = 1, sa_iterations = 1000, initial_temperature = 3.0, cooling_rate = 0.999
26 - INFO - chord#: 42 done. best_score=27.0, changed=531, unchanged=495, early_stops=8/8
26 - INFO - chord#: 44 In build_straw_man_chord_sa. tolerance = 1, sa_iterations = 1000, initial_temperature = 3.0, cooling_rate = 0.999
26 - INFO - chord#: 46 done. best_score=121.0, changed=608, unchanged=244, early_stops=8/8
26 - INFO - chord#: 48 In build_straw_man_chord_sa. tolerance = 1, sa_iterations = 1000, initial_temperature = 3.0, cooling_rate = 0.999
26 - INFO - chord#: 42 done. best_score=27.0, changed=532, unchanged=428, early_stops=8/8
26 - INFO - chord#: 44 In build_straw_man_chord_sa. tolerance = 1, sa_iterations = 1000, initial_temperature = 3.0, cooling_rate = 0.999
26 - INFO - chord#: 40 done. best_score=27.0, changed=509, unchanged=316, early_stops=8/8
26 - INFO - chord#: 42 In build_straw_man_chord_sa. tolerance = 1, sa_iterations = 1000, initial_temperature = 3.0, cooling_rate = 0.999
26 - INFO - chord#: 46 done. best_score=103.0, changed=610, unchanged=329, early_stops=8/8
26 - INFO - chord#: 48 In build_straw_man_chord_sa. tolerance = 1, sa_iterations = 1000, initial_temperature = 3.0, cooling_rate = 0.999
26 - INFO - chord#: 48 done. best_score=27.0, changed=523, unchanged=379, early_stops=8/8
26 - INFO - chord#: 50 In build_straw_man_chord_sa. tolerance = 1, sa_iterations = 1000, initial_temperature = 3.0, cooling_rate = 0.999
26 - INFO - chord#: 40 done. best_score=27.0, changed=517, unchanged=366, early_stops=8/8
26 - INFO - chord#: 42 In build_straw_man_chord_sa. tolerance = 1, sa_iterations = 1000, initial_temperature = 3.0, cooling_rate = 0.999
26 - INFO - chord#: 40 done. best_score=27.0, changed=524, unchanged=499, early_stops=8/8
26 - INFO - chord#: 42 In build_straw_man_chord_sa. tolerance = 1, sa_iterations = 1000, initial_temperature = 3.0, cooling_rate = 0.999
26 - INFO - chord#: 48 done. best_score=27.0, changed=525, unchanged=297, early_stops=8/8
26 - INFO - chord#: 50 In build_straw_man_chord_sa. tolerance = 1, sa_iterations = 1000, initial_temperature = 3.0, cooling_rate = 0.999
26 - INFO - chord#: 40 done. best_score=27.0, changed=522, unchanged=451, early_stops=8/8
26 - INFO - chord#: 42 In build_straw_man_chord_sa. tolerance = 1, sa_iterations = 1000, initial_temperature = 3.0, cooling_rate = 0.999
26 - INFO - chord#: 46 done. best_score=103.0, changed=610, unchanged=288, early_stops=8/8
26 - INFO - chord#: 48 In build_straw_man_chord_sa. tolerance = 1, sa_iterations = 1000, initial_temperature = 3.0, cooling_rate = 0.999
26 - INFO - chord#: 40 done. best_score=27.0, changed=514, unchanged=394, early_stops=8/8
26 - INFO - chord#: 42 In build_straw_man_chord_sa. tolerance = 1, sa_iterations = 1000, initial_temperature = 3.0, cooling_rate = 0.999
26 - INFO - chord#: 46 done. best_score=70.0, changed=618, unchanged=293, early_stops=8/8
26 - INFO - chord#: 48 In build_straw_man_chord_sa. tolerance = 1, sa_iterations = 1000, initial_temperature = 3.0, cooling_rate = 0.999
26 - INFO - chord#: 44 done. best_score=27.0, changed=514, unchanged=355, early_stops=8/8
26 - INFO - chord#: 46 In build_straw_man_chord_sa. tolerance = 1, sa_iterations = 1000, initial_temperature = 3.0, cooling_rate = 0.999
26 - INFO - chord#: 44 done. best_score=27.0, changed=520, unchanged=399, early_stops=8/8
26 - INFO - chord#: 46 In build_straw_man_chord_sa. tolerance = 1, sa_iterations = 1000, initial_temperature = 3.0, cooling_rate = 0.999
26 - INFO - chord#: 48 done. best_score=27.0, changed=522, unchanged=378, early_stops=8/8
26 - INFO - chord#: 50 In build_straw_man_chord_sa. tolerance = 1, sa_iterations = 1000, initial_temperature = 3.0, cooling_rate = 0.999
26 - INFO - chord#: 42 done. best_score=27.0, changed=527, unchanged=488, early_stops=8/8
26 - INFO - chord#: 44 In build_straw_man_chord_sa. tolerance = 1, sa_iterations = 1000, initial_temperature = 3.0, cooling_rate = 0.999
26 - INFO - chord#: 48 done. best_score=27.0, changed=531, unchanged=458, early_stops=8/8
26 - INFO - chord#: 50 In build_straw_man_chord_sa. tolerance = 1, sa_iterations = 1000, initial_temperature = 3.0, cooling_rate = 0.999
26 - INFO - chord#: 42 done. best_score=27.0, changed=534, unchanged=393, early_stops=8/8
26 - INFO - chord#: 44 In build_straw_man_chord_sa. tolerance = 1, sa_iterations = 1000, initial_temperature = 3.0, cooling_rate = 0.999
26 - INFO - chord#: 48 done. best_score=27.0, changed=530, unchanged=431, early_stops=8/8
26 - INFO - chord#: 50 In build_straw_man_chord_sa. tolerance = 1, sa_iterations = 1000, initial_temperature = 3.0, cooling_rate = 0.999
26 - INFO - chord#: 42 done. best_score=27.0, changed=526, unchanged=449, early_stops=8/8
26 - INFO - chord#: 44 In build_straw_man_chord_sa. tolerance = 1, sa_iterations = 1000, initial_temperature = 3.0, cooling_rate = 0.999
26 - INFO - chord#: 42 done. best_score=27.0, changed=523, unchanged=440, early_stops=8/8
26 - INFO - chord#: 44 In build_straw_man_chord_sa. tolerance = 1, sa_iterations = 1000, initial_temperature = 3.0, cooling_rate = 0.999
26 - INFO - chord#: 42 done. best_score=27.0, changed=532, unchanged=505, early_stops=8/8
26 - INFO - chord#: 44 In build_straw_man_chord_sa. tolerance = 1, sa_iterations = 1000, initial_temperature = 3.0, cooling_rate = 0.999
26 - INFO - chord#: 50 done. best_score=67.0, changed=609, unchanged=292, early_stops=8/8
26 - INFO - chord#: 52 In build_straw_man_chord_sa. tolerance = 1, sa_iterations = 1000, initial_temperature = 3.0, cooling_rate = 0.999
26 - INFO - chord#: 50 done. best_score=78.0, changed=610, unchanged=259, early_stops=8/8
26 - INFO - chord#: 52 In build_straw_man_chord_sa. tolerance = 1, sa_iterations = 1000, initial_temperature = 3.0, cooling_rate = 0.999
26 - INFO - chord#: 44 done. best_score=27.0, changed=526, unchanged=416, early_stops=8/8
26 - INFO - chord#: 46 In build_straw_man_chord_sa. tolerance = 1, sa_iterations = 1000, initial_temperature = 3.0, cooling_rate = 0.999
26 - INFO - chord#: 44 done. best_score=27.0, changed=520, unchanged=387, early_stops=8/8
26 - INFO - chord#: 46 In build_straw_man_chord_sa. tolerance = 1, sa_iterations = 1000, initial_temperature = 3.0, cooling_rate = 0.999
26 - INFO - chord#: 44 done. best_score=27.0, changed=517, unchanged=425, early_stops=8/8
26 - INFO - chord#: 46 In build_straw_man_chord_sa. tolerance = 1, sa_iterations = 1000, initial_temperature = 3.0, cooling_rate = 0.999
26 - INFO - chord#: 50 done. best_score=67.0, changed=614, unchanged=305, early_stops=8/8
26 - INFO - chord#: 52 In build_straw_man_chord_sa. tolerance = 1, sa_iterations = 1000, initial_temperature = 3.0, cooling_rate = 0.999
26 - INFO - chord#: 44 done. best_score=27.0, changed=525, unchanged=457, early_stops=8/8
26 - INFO - chord#: 46 In build_straw_man_chord_sa. tolerance = 1, sa_iterations = 1000, initial_temperature = 3.0, cooling_rate = 0.999
26 - INFO - chord#: 52 done. best_score=27.0, changed=523, unchanged=409, early_stops=8/8
26 - INFO - chord#: 54 In build_straw_man_chord_sa. tolerance = 1, sa_iterations = 1000, initial_temperature = 3.0, cooling_rate = 0.999
26 - INFO - chord#: 50 done. best_score=67.0, changed=608, unchanged=247, early_stops=8/8
26 - INFO - chord#: 52 In build_straw_man_chord_sa. tolerance = 1, sa_iterations = 1000, initial_temperature = 3.0, cooling_rate = 0.999
26 - INFO - chord#: 52 done. best_score=27.0, changed=527, unchanged=565, early_stops=8/8
26 - INFO - chord#: 54 In build_straw_man_chord_sa. tolerance = 1, sa_iterations = 1000, initial_temperature = 3.0, cooling_rate = 0.999
26 - INFO - chord#: 46 done. best_score=70.0, changed=613, unchanged=529, early_stops=8/8
26 - INFO - chord#: 48 In build_straw_man_chord_sa. tolerance = 1, sa_iterations = 1000, initial_temperature = 3.0, cooling_rate = 0.999
26 - INFO - chord#: 44 done. best_score=27.0, changed=520, unchanged=513, early_stops=8/8
26 - INFO - chord#: 46 In build_straw_man_chord_sa. tolerance = 1, sa_iterations = 1000, initial_temperature = 3.0, cooling_rate = 0.999
26 - INFO - chord#: 50 done. best_score=67.0, changed=609, unchanged=288, early_stops=8/8
26 - INFO - chord#: 52 In build_straw_man_chord_sa. tolerance = 1, sa_iterations = 1000, initial_temperature = 3.0, cooling_rate = 0.999
26 - INFO - chord#: 46 done. best_score=70.0, changed=613, unchanged=337, early_stops=8/8
26 - INFO - chord#: 48 In build_straw_man_chord_sa. tolerance = 1, sa_iterations = 1000, initial_temperature = 3.0, cooling_rate = 0.999
26 - INFO - chord#: 52 done. best_score=27.0, changed=531, unchanged=638, early_stops=8/8
26 - INFO - chord#: 48 done. best_score=27.0, changed=516, unchanged=457, early_stops=8/8
26 - INFO - chord#: 54 In build_straw_man_chord_sa. tolerance = 1, sa_iterations = 1000, initial_temperature = 3.0, cooling_rate = 0.999
26 - INFO - chord#: 50 In build_straw_man_chord_sa. tolerance = 1, sa_iterations = 1000, initial_temperature = 3.0, cooling_rate = 0.999
26 - INFO - chord#: 52 done. best_score=27.0, changed=521, unchanged=462, early_stops=8/8
26 - INFO - chord#: 54 In build_straw_man_chord_sa. tolerance = 1, sa_iterations = 1000, initial_temperature = 3.0, cooling_rate = 0.999
26 - INFO - chord#: 52 done. best_score=27.0, changed=528, unchanged=460, early_stops=8/8
26 - INFO - chord#: 54 In build_straw_man_chord_sa. tolerance = 1, sa_iterations = 1000, initial_temperature = 3.0, cooling_rate = 0.999
26 - INFO - chord#: 48 done. best_score=27.0, changed=523, unchanged=361, early_stops=8/8
26 - INFO - chord#: 50 In build_straw_man_chord_sa. tolerance = 1, sa_iterations = 1000, initial_temperature = 3.0, cooling_rate = 0.999
26 - INFO - chord#: 54 done. best_score=167.0, changed=610, unchanged=215, early_stops=8/8
26 - INFO - chord#: 56 In build_straw_man_chord_sa. tolerance = 1, sa_iterations = 1000, initial_temperature = 3.0, cooling_rate = 0.999
26 - INFO - chord#: 54 done. best_score=149.0, changed=610, unchanged=246, early_stops=8/8
26 - INFO - chord#: 56 In build_straw_man_chord_sa. tolerance = 1, sa_iterations = 1000, initial_temperature = 3.0, cooling_rate = 0.999
26 - INFO - chord#: 46 done. best_score=141.0, changed=611, unchanged=352, early_stops=8/8
26 - INFO - chord#: 48 In build_straw_man_chord_sa. tolerance = 1, sa_iterations = 1000, initial_temperature = 3.0, cooling_rate = 0.999
26 - INFO - chord#: 46 done. best_score=141.0, changed=610, unchanged=241, early_stops=8/8
26 - INFO - chord#: 48 In build_straw_man_chord_sa. tolerance = 1, sa_iterations = 1000, initial_temperature = 3.0, cooling_rate = 0.999
26 - INFO - chord#: 46 done. best_score=70.0, changed=616, unchanged=319, early_stops=8/8
26 - INFO - chord#: 48 In build_straw_man_chord_sa. tolerance = 1, sa_iterations = 1000, initial_temperature = 3.0, cooling_rate = 0.999
26 - INFO - chord#: 46 done. best_score=103.0, changed=620, unchanged=470, early_stops=8/8
26 - INFO - chord#: 48 In build_straw_man_chord_sa. tolerance = 1, sa_iterations = 1000, initial_temperature = 3.0, cooling_rate = 0.999
26 - INFO - chord#: 56 done. best_score=27.0, changed=527, unchanged=328, early_stops=8/8
26 - INFO - chord#: 58 In build_straw_man_chord_sa. tolerance = 1, sa_iterations = 1000, initial_temperature = 3.0, cooling_rate = 0.999
26 - INFO - chord#: 50 done. best_score=78.0, changed=610, unchanged=221, early_stops=8/8
26 - INFO - chord#: 52 In build_straw_man_chord_sa. tolerance = 1, sa_iterations = 1000, initial_temperature = 3.0, cooling_rate = 0.999
26 - INFO - chord#: 56 done. best_score=27.0, changed=540, unchanged=377, early_stops=8/8
26 - INFO - chord#: 58 In build_straw_man_chord_sa. tolerance = 1, sa_iterations = 1000, initial_temperature = 3.0, cooling_rate = 0.999
26 - INFO - chord#: 54 done. best_score=111.0, changed=606, unchanged=223, early_stops=8/8
26 - INFO - chord#: 56 In build_straw_man_chord_sa. tolerance = 1, sa_iterations = 1000, initial_temperature = 3.0, cooling_rate = 0.999
26 - INFO - chord#: 54 done. best_score=70.0, changed=610, unchanged=290, early_stops=8/8
26 - INFO - chord#: 56 In build_straw_man_chord_sa. tolerance = 1, sa_iterations = 1000, initial_temperature = 3.0, cooling_rate = 0.999
26 - INFO - chord#: 54 done. best_score=146.0, changed=610, unchanged=281, early_stops=8/8
26 - INFO - chord#: 56 In build_straw_man_chord_sa. tolerance = 1, sa_iterations = 1000, initial_temperature = 3.0, cooling_rate = 0.999
26 - INFO - chord#: 48 done. best_score=27.0, changed=518, unchanged=319, early_stops=8/8
26 - INFO - chord#: 50 In build_straw_man_chord_sa. tolerance = 1, sa_iterations = 1000, initial_temperature = 3.0, cooling_rate = 0.999
26 - INFO - chord#: 48 done. best_score=27.0, changed=523, unchanged=355, early_stops=8/8
26 - INFO - chord#: 50 In build_straw_man_chord_sa. tolerance = 1, sa_iterations = 1000, initial_temperature = 3.0, cooling_rate = 0.999
26 - INFO - chord#: 46 done. best_score=70.0, changed=611, unchanged=509, early_stops=8/8
26 - INFO - chord#: 48 In build_straw_man_chord_sa. tolerance = 1, sa_iterations = 1000, initial_temperature = 3.0, cooling_rate = 0.999
26 - INFO - chord#: 48 done. best_score=27.0, changed=521, unchanged=375, early_stops=8/8
26 - INFO - chord#: 50 In build_straw_man_chord_sa. tolerance = 1, sa_iterations = 1000, initial_temperature = 3.0, cooling_rate = 0.999
26 - INFO - chord#: 50 done. best_score=67.0, changed=608, unchanged=230, early_stops=8/8
26 - INFO - chord#: 52 In build_straw_man_chord_sa. tolerance = 1, sa_iterations = 1000, initial_temperature = 3.0, cooling_rate = 0.999
26 - INFO - chord#: 48 done. best_score=27.0, changed=518, unchanged=322, early_stops=8/8
26 - INFO - chord#: 50 In build_straw_man_chord_sa. tolerance = 1, sa_iterations = 1000, initial_temperature = 3.0, cooling_rate = 0.999
26 - INFO - chord#: 56 done. best_score=27.0, changed=532, unchanged=362, early_stops=8/8
26 - INFO - chord#: 58 In build_straw_man_chord_sa. tolerance = 1, sa_iterations = 1000, initial_temperature = 3.0, cooling_rate = 0.999
26 - INFO - chord#: 52 done. best_score=27.0, changed=519, unchanged=437, early_stops=8/8
26 - INFO - chord#: 54 In build_straw_man_chord_sa. tolerance = 1, sa_iterations = 1000, initial_temperature = 3.0, cooling_rate = 0.999
26 - INFO - chord#: 56 done. best_score=27.0, changed=530, unchanged=351, early_stops=8/8
26 - INFO - chord#: 58 In build_straw_man_chord_sa. tolerance = 1, sa_iterations = 1000, initial_temperature = 3.0, cooling_rate = 0.999
26 - INFO - chord#: 56 done. best_score=27.0, changed=534, unchanged=434, early_stops=8/8
26 - INFO - chord#: 58 In build_straw_man_chord_sa. tolerance = 1, sa_iterations = 1000, initial_temperature = 3.0, cooling_rate = 0.999
26 - INFO - chord#: 48 done. best_score=27.0, changed=518, unchanged=401, early_stops=8/8
26 - INFO - chord#: 50 In build_straw_man_chord_sa. tolerance = 1, sa_iterations = 1000, initial_temperature = 3.0, cooling_rate = 0.999
26 - INFO - chord#: 58 done. best_score=82.0, changed=608, unchanged=230, early_stops=8/8
26 - INFO - chord#: 60 In build_straw_man_chord_sa. tolerance = 1, sa_iterations = 1000, initial_temperature = 3.0, cooling_rate = 0.999
26 - INFO - chord#: 52 done. best_score=27.0, changed=528, unchanged=514, early_stops=8/8
26 - INFO - chord#: 54 In build_straw_man_chord_sa. tolerance = 1, sa_iterations = 1000, initial_temperature = 3.0, cooling_rate = 0.999
26 - INFO - chord#: 58 done. best_score=82.0, changed=609, unchanged=288, early_stops=8/8
26 - INFO - chord#: 60 In build_straw_man_chord_sa. tolerance = 1, sa_iterations = 1000, initial_temperature = 3.0, cooling_rate = 0.999
26 - INFO - chord#: 60 done. best_score=31.0, changed=527, unchanged=290, early_stops=8/8
26 - INFO - chord#: 62 In build_straw_man_chord_sa. tolerance = 1, sa_iterations = 1000, initial_temperature = 3.0, cooling_rate = 0.999
26 - INFO - chord#: 62 done. best_score=7.0, changed=501, unchanged=309, early_stops=8/8
26 - INFO - chord#: 64 In build_straw_man_chord_sa. tolerance = 1, sa_iterations = 1000, initial_temperature = 3.0, cooling_rate = 0.999
26 - INFO - chord#: 60 done. best_score=31.0, changed=527, unchanged=345, early_stops=8/8
26 - INFO - chord#: 62 In build_straw_man_chord_sa. tolerance = 1, sa_iterations = 1000, initial_temperature = 3.0, cooling_rate = 0.999
26 - INFO - chord#: 58 done. best_score=82.0, changed=614, unchanged=292, early_stops=8/8
26 - INFO - chord#: 60 In build_straw_man_chord_sa. tolerance = 1, sa_iterations = 1000, initial_temperature = 3.0, cooling_rate = 0.999
26 - INFO - chord#: 50 done. best_score=67.0, changed=608, unchanged=406, early_stops=8/8
26 - INFO - chord#: 52 In build_straw_man_chord_sa. tolerance = 1, sa_iterations = 1000, initial_temperature = 3.0, cooling_rate = 0.999
26 - INFO - chord#: 62 done. best_score=7.0, changed=489, unchanged=326, early_stops=8/8
26 - INFO - chord#: 64 In build_straw_man_chord_sa. tolerance = 1, sa_iterations = 1000, initial_temperature = 3.0, cooling_rate = 0.999
26 - INFO - chord#: 50 done. best_score=67.0, changed=609, unchanged=299, early_stops=8/8
26 - INFO - chord#: 52 In build_straw_man_chord_sa. tolerance = 1, sa_iterations = 1000, initial_temperature = 3.0, cooling_rate = 0.999
26 - INFO - chord#: 50 done. best_score=67.0, changed=613, unchanged=427, early_stops=8/8
26 - INFO - chord#: 52 In build_straw_man_chord_sa. tolerance = 1, sa_iterations = 1000, initial_temperature = 3.0, cooling_rate = 0.999
26 - INFO - chord#: 58 done. best_score=82.0, changed=612, unchanged=343, early_stops=8/8
26 - INFO - chord#: 60 In build_straw_man_chord_sa. tolerance = 1, sa_iterations = 1000, initial_temperature = 3.0, cooling_rate = 0.999
26 - INFO - chord#: 50 done. best_score=67.0, changed=614, unchanged=412, early_stops=8/8
26 - INFO - chord#: 52 In build_straw_man_chord_sa. tolerance = 1, sa_iterations = 1000, initial_temperature = 3.0, cooling_rate = 0.999
26 - INFO - chord#: 64 done. best_score=27.0, changed=517, unchanged=379, early_stops=8/8
26 - INFO - chord#: 66 In build_straw_man_chord_sa. tolerance = 1, sa_iterations = 1000, initial_temperature = 3.0, cooling_rate = 0.999
26 - INFO - chord#: 54 done. best_score=70.0, changed=611, unchanged=373, early_stops=8/8
26 - INFO - chord#: 56 In build_straw_man_chord_sa. tolerance = 1, sa_iterations = 1000, initial_temperature = 3.0, cooling_rate = 0.999
26 - INFO - chord#: 58 done. best_score=82.0, changed=616, unchanged=516, early_stops=8/8
26 - INFO - chord#: 60 In build_straw_man_chord_sa. tolerance = 1, sa_iterations = 1000, initial_temperature = 3.0, cooling_rate = 0.999
26 - INFO - chord#: 60 done. best_score=31.0, changed=521, unchanged=346, early_stops=8/8
26 - INFO - chord#: 62 In build_straw_man_chord_sa. tolerance = 1, sa_iterations = 1000, initial_temperature = 3.0, cooling_rate = 0.999
26 - INFO - chord#: 64 done. best_score=27.0, changed=532, unchanged=379, early_stops=8/8
26 - INFO - chord#: 66 In build_straw_man_chord_sa. tolerance = 1, sa_iterations = 1000, initial_temperature = 3.0, cooling_rate = 0.999
26 - INFO - chord#: 62 done. best_score=7.0, changed=492, unchanged=310, early_stops=8/8
26 - INFO - chord#: 64 In build_straw_man_chord_sa. tolerance = 1, sa_iterations = 1000, initial_temperature = 3.0, cooling_rate = 0.999
26 - INFO - chord#: 54 done. best_score=70.0, changed=611, unchanged=325, early_stops=8/8
26 - INFO - chord#: 56 In build_straw_man_chord_sa. tolerance = 1, sa_iterations = 1000, initial_temperature = 3.0, cooling_rate = 0.999
26 - INFO - chord#: 50 done. best_score=78.0, changed=610, unchanged=325, early_stops=8/8
26 - INFO - chord#: 52 In build_straw_man_chord_sa. tolerance = 1, sa_iterations = 1000, initial_temperature = 3.0, cooling_rate = 0.999
26 - INFO - chord#: 60 done. best_score=31.0, changed=525, unchanged=288, early_stops=8/8
26 - INFO - chord#: 62 In build_straw_man_chord_sa. tolerance = 1, sa_iterations = 1000, initial_temperature = 3.0, cooling_rate = 0.999
26 - INFO - chord#: 52 done. best_score=27.0, changed=518, unchanged=385, early_stops=8/8
26 - INFO - chord#: 54 In build_straw_man_chord_sa. tolerance = 1, sa_iterations = 1000, initial_temperature = 3.0, cooling_rate = 0.999
26 - INFO - chord#: 62 done. best_score=7.0, changed=486, unchanged=337, early_stops=8/8
26 - INFO - chord#: 64 In build_straw_man_chord_sa. tolerance = 1, sa_iterations = 1000, initial_temperature = 3.0, cooling_rate = 0.999
26 - INFO - chord#: 52 done. best_score=27.0, changed=515, unchanged=412, early_stops=8/8
26 - INFO - chord#: 54 In build_straw_man_chord_sa. tolerance = 1, sa_iterations = 1000, initial_temperature = 3.0, cooling_rate = 0.999
26 - INFO - chord#: 52 done. best_score=27.0, changed=526, unchanged=540, early_stops=8/8
26 - INFO - chord#: 54 In build_straw_man_chord_sa. tolerance = 1, sa_iterations = 1000, initial_temperature = 3.0, cooling_rate = 0.999
26 - INFO - chord#: 60 done. best_score=31.0, changed=523, unchanged=319, early_stops=8/8
26 - INFO - chord#: 62 In build_straw_man_chord_sa. tolerance = 1, sa_iterations = 1000, initial_temperature = 3.0, cooling_rate = 0.999
26 - INFO - chord#: 52 done. best_score=27.0, changed=520, unchanged=436, early_stops=8/8
26 - INFO - chord#: 54 In build_straw_man_chord_sa. tolerance = 1, sa_iterations = 1000, initial_temperature = 3.0, cooling_rate = 0.999
26 - INFO - chord#: 64 done. best_score=27.0, changed=523, unchanged=301, early_stops=8/8
26 - INFO - chord#: 66 In build_straw_man_chord_sa. tolerance = 1, sa_iterations = 1000, initial_temperature = 3.0, cooling_rate = 0.999
26 - INFO - chord#: 56 done. best_score=27.0, changed=528, unchanged=388, early_stops=8/8
26 - INFO - chord#: 58 In build_straw_man_chord_sa. tolerance = 1, sa_iterations = 1000, initial_temperature = 3.0, cooling_rate = 0.999
26 - INFO - chord#: 56 done. best_score=27.0, changed=524, unchanged=303, early_stops=8/8
26 - INFO - chord#: 58 In build_straw_man_chord_sa. tolerance = 1, sa_iterations = 1000, initial_temperature = 3.0, cooling_rate = 0.999
26 - INFO - chord#: 62 done. best_score=7.0, changed=513, unchanged=294, early_stops=8/8
26 - INFO - chord#: 64 In build_straw_man_chord_sa. tolerance = 1, sa_iterations = 1000, initial_temperature = 3.0, cooling_rate = 0.999
26 - INFO - chord#: 64 done. best_score=27.0, changed=519, unchanged=343, early_stops=8/8
26 - INFO - chord#: 66 In build_straw_man_chord_sa. tolerance = 1, sa_iterations = 1000, initial_temperature = 3.0, cooling_rate = 0.999
26 - INFO - chord#: 52 done. best_score=27.0, changed=517, unchanged=586, early_stops=8/8
26 - INFO - chord#: 54 In build_straw_man_chord_sa. tolerance = 1, sa_iterations = 1000, initial_temperature = 3.0, cooling_rate = 0.999
26 - INFO - chord#: 66 done. best_score=145.0, changed=610, unchanged=240, early_stops=8/8
26 - INFO - chord#: 68 In build_straw_man_chord_sa. tolerance = 1, sa_iterations = 1000, initial_temperature = 3.0, cooling_rate = 0.999
26 - INFO - chord#: 64 done. best_score=27.0, changed=533, unchanged=461, early_stops=8/8
26 - INFO - chord#: 66 In build_straw_man_chord_sa. tolerance = 1, sa_iterations = 1000, initial_temperature = 3.0, cooling_rate = 0.999
26 - INFO - chord#: 66 done. best_score=67.0, changed=610, unchanged=394, early_stops=8/8
26 - INFO - chord#: 68 In build_straw_man_chord_sa. tolerance = 1, sa_iterations = 1000, initial_temperature = 3.0, cooling_rate = 0.999
26 - INFO - chord#: 68 done. best_score=27.0, changed=523, unchanged=515, early_stops=8/8
26 - INFO - chord#: 80 In build_straw_man_chord_sa. tolerance = 1, sa_iterations = 1000, initial_temperature = 3.0, cooling_rate = 0.999
26 - INFO - chord#: 58 done. best_score=82.0, changed=610, unchanged=252, early_stops=8/8
26 - INFO - chord#: 60 In build_straw_man_chord_sa. tolerance = 1, sa_iterations = 1000, initial_temperature = 3.0, cooling_rate = 0.999
26 - INFO - chord#: 66 done. best_score=67.0, changed=611, unchanged=345, early_stops=8/8
26 - INFO - chord#: 68 In build_straw_man_chord_sa. tolerance = 1, sa_iterations = 1000, initial_temperature = 3.0, cooling_rate = 0.999
26 - INFO - chord#: 54 done. best_score=111.0, changed=610, unchanged=291, early_stops=8/8
26 - INFO - chord#: 56 In build_straw_man_chord_sa. tolerance = 1, sa_iterations = 1000, initial_temperature = 3.0, cooling_rate = 0.999
26 - INFO - chord#: 54 done. best_score=70.0, changed=610, unchanged=230, early_stops=8/8
26 - INFO - chord#: 56 In build_straw_man_chord_sa. tolerance = 1, sa_iterations = 1000, initial_temperature = 3.0, cooling_rate = 0.999
26 - INFO - chord#: 54 done. best_score=70.0, changed=609, unchanged=337, early_stops=8/8
26 - INFO - chord#: 56 In build_straw_man_chord_sa. tolerance = 1, sa_iterations = 1000, initial_temperature = 3.0, cooling_rate = 0.999
26 - INFO - chord#: 80 done. best_score=27.0, changed=521, unchanged=322, early_stops=8/8
26 - INFO - chord#: 84 In build_straw_man_chord_sa. tolerance = 1, sa_iterations = 1000, initial_temperature = 3.0, cooling_rate = 0.999
26 - INFO - chord#: 68 done. best_score=27.0, changed=521, unchanged=378, early_stops=8/8
26 - INFO - chord#: 80 In build_straw_man_chord_sa. tolerance = 1, sa_iterations = 1000, initial_temperature = 3.0, cooling_rate = 0.999
26 - INFO - chord#: 66 done. best_score=67.0, changed=611, unchanged=314, early_stops=8/8
26 - INFO - chord#: 68 In build_straw_man_chord_sa. tolerance = 1, sa_iterations = 1000, initial_temperature = 3.0, cooling_rate = 0.999
26 - INFO - chord#: 58 done. best_score=82.0, changed=613, unchanged=321, early_stops=8/8
26 - INFO - chord#: 60 In build_straw_man_chord_sa. tolerance = 1, sa_iterations = 1000, initial_temperature = 3.0, cooling_rate = 0.999
26 - INFO - chord#: 60 done. best_score=31.0, changed=520, unchanged=377, early_stops=8/8
26 - INFO - chord#: 62 In build_straw_man_chord_sa. tolerance = 1, sa_iterations = 1000, initial_temperature = 3.0, cooling_rate = 0.999
26 - INFO - chord#: 54 done. best_score=111.0, changed=606, unchanged=225, early_stops=8/8
26 - INFO - chord#: 56 In build_straw_man_chord_sa. tolerance = 1, sa_iterations = 1000, initial_temperature = 3.0, cooling_rate = 0.999
26 - INFO - chord#: 62 done. best_score=7.0, changed=498, unchanged=320, early_stops=8/8
26 - INFO - chord#: 64 In build_straw_man_chord_sa. tolerance = 1, sa_iterations = 1000, initial_temperature = 3.0, cooling_rate = 0.999
26 - INFO - chord#: 68 done. best_score=27.0, changed=525, unchanged=520, early_stops=8/8
26 - INFO - chord#: 80 In build_straw_man_chord_sa. tolerance = 1, sa_iterations = 1000, initial_temperature = 3.0, cooling_rate = 0.999
26 - INFO - chord#: 56 done. best_score=27.0, changed=520, unchanged=326, early_stops=8/8
26 - INFO - chord#: 58 In build_straw_man_chord_sa. tolerance = 1, sa_iterations = 1000, initial_temperature = 3.0, cooling_rate = 0.999
26 - INFO - chord#: 56 done. best_score=27.0, changed=521, unchanged=329, early_stops=8/8
26 - INFO - chord#: 58 In build_straw_man_chord_sa. tolerance = 1, sa_iterations = 1000, initial_temperature = 3.0, cooling_rate = 0.999
26 - INFO - chord#: 54 done. best_score=70.0, changed=618, unchanged=498, early_stops=8/8
26 - INFO - chord#: 56 In build_straw_man_chord_sa. tolerance = 1, sa_iterations = 1000, initial_temperature = 3.0, cooling_rate = 0.999
26 - INFO - chord#: 56 done. best_score=27.0, changed=530, unchanged=357, early_stops=8/8
26 - INFO - chord#: 58 In build_straw_man_chord_sa. tolerance = 1, sa_iterations = 1000, initial_temperature = 3.0, cooling_rate = 0.999
26 - INFO - chord#: 66 done. best_score=67.0, changed=612, unchanged=393, early_stops=8/8
26 - INFO - chord#: 68 In build_straw_man_chord_sa. tolerance = 1, sa_iterations = 1000, initial_temperature = 3.0, cooling_rate = 0.999
26 - INFO - chord#: 80 done. best_score=27.0, changed=527, unchanged=404, early_stops=8/8
26 - INFO - chord#: 84 In build_straw_man_chord_sa. tolerance = 1, sa_iterations = 1000, initial_temperature = 3.0, cooling_rate = 0.999
26 - INFO - chord#: 84 done. best_score=27.0, changed=518, unchanged=391, early_stops=8/8
26 - INFO - chord#: 86 In build_straw_man_chord_sa. tolerance = 1, sa_iterations = 1000, initial_temperature = 3.0, cooling_rate = 0.999
26 - INFO - chord#: 68 done. best_score=27.0, changed=515, unchanged=428, early_stops=8/8
26 - INFO - chord#: 80 In build_straw_man_chord_sa. tolerance = 1, sa_iterations = 1000, initial_temperature = 3.0, cooling_rate = 0.999
26 - INFO - chord#: 60 done. best_score=31.0, changed=520, unchanged=318, early_stops=8/8
26 - INFO - chord#: 62 In build_straw_man_chord_sa. tolerance = 1, sa_iterations = 1000, initial_temperature = 3.0, cooling_rate = 0.999
26 - INFO - chord#: 56 done. best_score=27.0, changed=525, unchanged=314, early_stops=8/8
26 - INFO - chord#: 58 In build_straw_man_chord_sa. tolerance = 1, sa_iterations = 1000, initial_temperature = 3.0, cooling_rate = 0.999
26 - INFO - chord#: 64 done. best_score=27.0, changed=529, unchanged=429, early_stops=8/8
26 - INFO - chord#: 66 In build_straw_man_chord_sa. tolerance = 1, sa_iterations = 1000, initial_temperature = 3.0, cooling_rate = 0.999
26 - INFO - chord#: 62 done. best_score=7.0, changed=492, unchanged=328, early_stops=8/8
26 - INFO - chord#: 64 In build_straw_man_chord_sa. tolerance = 1, sa_iterations = 1000, initial_temperature = 3.0, cooling_rate = 0.999
26 - INFO - chord#: 80 done. best_score=27.0, changed=532, unchanged=326, early_stops=8/8
26 - INFO - chord#: 84 In build_straw_man_chord_sa. tolerance = 1, sa_iterations = 1000, initial_temperature = 3.0, cooling_rate = 0.999
26 - INFO - chord#: 68 done. best_score=27.0, changed=517, unchanged=363, early_stops=8/8
26 - INFO - chord#: 80 In build_straw_man_chord_sa. tolerance = 1, sa_iterations = 1000, initial_temperature = 3.0, cooling_rate = 0.999
26 - INFO - chord#: 80 done. best_score=27.0, changed=529, unchanged=468, early_stops=8/8
26 - INFO - chord#: 84 In build_straw_man_chord_sa. tolerance = 1, sa_iterations = 1000, initial_temperature = 3.0, cooling_rate = 0.999
26 - INFO - chord#: 84 done. best_score=27.0, changed=520, unchanged=343, early_stops=8/8
26 - INFO - chord#: 86 In build_straw_man_chord_sa. tolerance = 1, sa_iterations = 1000, initial_temperature = 3.0, cooling_rate = 0.999
26 - INFO - chord#: 56 done. best_score=27.0, changed=533, unchanged=376, early_stops=8/8
26 - INFO - chord#: 58 In build_straw_man_chord_sa. tolerance = 1, sa_iterations = 1000, initial_temperature = 3.0, cooling_rate = 0.999
26 - INFO - chord#: 84 done. best_score=27.0, changed=523, unchanged=473, early_stops=8/8
26 - INFO - chord#: 86 In build_straw_man_chord_sa. tolerance = 1, sa_iterations = 1000, initial_temperature = 3.0, cooling_rate = 0.999
26 - INFO - chord#: 64 done. best_score=27.0, changed=530, unchanged=451, early_stops=8/8
26 - INFO - chord#: 66 In build_straw_man_chord_sa. tolerance = 1, sa_iterations = 1000, initial_temperature = 3.0, cooling_rate = 0.999
26 - INFO - chord#: 80 done. best_score=27.0, changed=531, unchanged=367, early_stops=8/8
26 - INFO - chord#: 84 In build_straw_man_chord_sa. tolerance = 1, sa_iterations = 1000, initial_temperature = 3.0, cooling_rate = 0.999
26 - INFO - chord#: 84 done. best_score=27.0, changed=520, unchanged=391, early_stops=8/8
26 - INFO - chord#: 86 In build_straw_man_chord_sa. tolerance = 1, sa_iterations = 1000, initial_temperature = 3.0, cooling_rate = 0.999
26 - INFO - chord#: 58 done. best_score=82.0, changed=609, unchanged=254, early_stops=8/8
26 - INFO - chord#: 60 In build_straw_man_chord_sa. tolerance = 1, sa_iterations = 1000, initial_temperature = 3.0, cooling_rate = 0.999
26 - INFO - chord#: 86 done. best_score=96.0, changed=611, unchanged=329, early_stops=8/8
26 - INFO - chord#: 88 In build_straw_man_chord_sa. tolerance = 1, sa_iterations = 1000, initial_temperature = 3.0, cooling_rate = 0.999
26 - INFO - chord#: 58 done. best_score=82.0, changed=612, unchanged=326, early_stops=8/8
26 - INFO - chord#: 60 In build_straw_man_chord_sa. tolerance = 1, sa_iterations = 1000, initial_temperature = 3.0, cooling_rate = 0.999
26 - INFO - chord#: 66 done. best_score=96.0, changed=607, unchanged=310, early_stops=8/8
26 - INFO - chord#: 68 In build_straw_man_chord_sa. tolerance = 1, sa_iterations = 1000, initial_temperature = 3.0, cooling_rate = 0.999
26 - INFO - chord#: 84 done. best_score=27.0, changed=520, unchanged=311, early_stops=8/8
26 - INFO - chord#: 86 In build_straw_man_chord_sa. tolerance = 1, sa_iterations = 1000, initial_temperature = 3.0, cooling_rate = 0.999
26 - INFO - chord#: 58 done. best_score=82.0, changed=615, unchanged=397, early_stops=8/8
26 - INFO - chord#: 60 In build_straw_man_chord_sa. tolerance = 1, sa_iterations = 1000, initial_temperature = 3.0, cooling_rate = 0.999
26 - INFO - chord#: 58 done. best_score=82.0, changed=611, unchanged=211, early_stops=8/8
26 - INFO - chord#: 60 In build_straw_man_chord_sa. tolerance = 1, sa_iterations = 1000, initial_temperature = 3.0, cooling_rate = 0.999
26 - INFO - chord#: 88 done. best_score=27.0, changed=527, unchanged=375, early_stops=8/8
26 - INFO - chord#: 92 In build_straw_man_chord_sa. tolerance = 1, sa_iterations = 1000, initial_temperature = 3.0, cooling_rate = 0.999
26 - INFO - chord#: 60 done. best_score=31.0, changed=536, unchanged=329, early_stops=8/8
26 - INFO - chord#: 62 In build_straw_man_chord_sa. tolerance = 1, sa_iterations = 1000, initial_temperature = 3.0, cooling_rate = 0.999
26 - INFO - chord#: 58 done. best_score=120.0, changed=604, unchanged=228, early_stops=8/8
26 - INFO - chord#: 60 In build_straw_man_chord_sa. tolerance = 1, sa_iterations = 1000, initial_temperature = 3.0, cooling_rate = 0.999
26 - INFO - chord#: 62 done. best_score=7.0, changed=485, unchanged=328, early_stops=8/8
26 - INFO - chord#: 64 In build_straw_man_chord_sa. tolerance = 1, sa_iterations = 1000, initial_temperature = 3.0, cooling_rate = 0.999
26 - INFO - chord#: 60 done. best_score=31.0, changed=531, unchanged=383, early_stops=8/8
26 - INFO - chord#: 62 In build_straw_man_chord_sa. tolerance = 1, sa_iterations = 1000, initial_temperature = 3.0, cooling_rate = 0.999
26 - INFO - chord#: 86 done. best_score=125.0, changed=616, unchanged=462, early_stops=8/8
26 - INFO - chord#: 88 In build_straw_man_chord_sa. tolerance = 1, sa_iterations = 1000, initial_temperature = 3.0, cooling_rate = 0.999
26 - INFO - chord#: 60 done. best_score=49.0, changed=527, unchanged=292, early_stops=8/8
26 - INFO - chord#: 62 In build_straw_man_chord_sa. tolerance = 1, sa_iterations = 1000, initial_temperature = 3.0, cooling_rate = 0.999
26 - INFO - chord#: 68 done. best_score=27.0, changed=521, unchanged=443, early_stops=8/8
26 - INFO - chord#: 80 In build_straw_man_chord_sa. tolerance = 1, sa_iterations = 1000, initial_temperature = 3.0, cooling_rate = 0.999
26 - INFO - chord#: 60 done. best_score=31.0, changed=529, unchanged=343, early_stops=8/8
26 - INFO - chord#: 62 In build_straw_man_chord_sa. tolerance = 1, sa_iterations = 1000, initial_temperature = 3.0, cooling_rate = 0.999
26 - INFO - chord#: 62 done. best_score=7.0, changed=501, unchanged=303, early_stops=8/8
26 - INFO - chord#: 64 In build_straw_man_chord_sa. tolerance = 1, sa_iterations = 1000, initial_temperature = 3.0, cooling_rate = 0.999
26 - INFO - chord#: 62 done. best_score=7.0, changed=505, unchanged=334, early_stops=8/8
26 - INFO - chord#: 64 In build_straw_man_chord_sa. tolerance = 1, sa_iterations = 1000, initial_temperature = 3.0, cooling_rate = 0.999
26 - INFO - chord#: 86 done. best_score=96.0, changed=612, unchanged=382, early_stops=8/8
26 - INFO - chord#: 88 In build_straw_man_chord_sa. tolerance = 1, sa_iterations = 1000, initial_temperature = 3.0, cooling_rate = 0.999
26 - INFO - chord#: 86 done. best_score=67.0, changed=611, unchanged=276, early_stops=8/8
26 - INFO - chord#: 88 In build_straw_man_chord_sa. tolerance = 1, sa_iterations = 1000, initial_temperature = 3.0, cooling_rate = 0.999
26 - INFO - chord#: 62 done. best_score=7.0, changed=476, unchanged=338, early_stops=8/8
26 - INFO - chord#: 64 In build_straw_man_chord_sa. tolerance = 1, sa_iterations = 1000, initial_temperature = 3.0, cooling_rate = 0.999
26 - INFO - chord#: 92 done. best_score=27.0, changed=527, unchanged=415, early_stops=8/8
26 - INFO - chord#: 94 In build_straw_man_chord_sa. tolerance = 1, sa_iterations = 1000, initial_temperature = 3.0, cooling_rate = 0.999
26 - INFO - chord#: 60 done. best_score=31.0, changed=532, unchanged=358, early_stops=8/8
26 - INFO - chord#: 62 In build_straw_man_chord_sa. tolerance = 1, sa_iterations = 1000, initial_temperature = 3.0, cooling_rate = 0.999
26 - INFO - chord#: 88 done. best_score=57.0, changed=526, unchanged=418, early_stops=8/8
26 - INFO - chord#: 92 In build_straw_man_chord_sa. tolerance = 1, sa_iterations = 1000, initial_temperature = 3.0, cooling_rate = 0.999
26 - INFO - chord#: 64 done. best_score=27.0, changed=526, unchanged=439, early_stops=8/8
26 - INFO - chord#: 66 In build_straw_man_chord_sa. tolerance = 1, sa_iterations = 1000, initial_temperature = 3.0, cooling_rate = 0.999
26 - INFO - chord#: 80 done. best_score=27.0, changed=521, unchanged=382, early_stops=8/8
26 - INFO - chord#: 84 In build_straw_man_chord_sa. tolerance = 1, sa_iterations = 1000, initial_temperature = 3.0, cooling_rate = 0.999
26 - INFO - chord#: 62 done. best_score=7.0, changed=482, unchanged=321, early_stops=8/8
26 - INFO - chord#: 64 In build_straw_man_chord_sa. tolerance = 1, sa_iterations = 1000, initial_temperature = 3.0, cooling_rate = 0.999
26 - INFO - chord#: 66 done. best_score=145.0, changed=613, unchanged=368, early_stops=8/8
26 - INFO - chord#: 68 In build_straw_man_chord_sa. tolerance = 1, sa_iterations = 1000, initial_temperature = 3.0, cooling_rate = 0.999
26 - INFO - chord#: 88 done. best_score=27.0, changed=517, unchanged=379, early_stops=8/8
26 - INFO - chord#: 92 In build_straw_man_chord_sa. tolerance = 1, sa_iterations = 1000, initial_temperature = 3.0, cooling_rate = 0.999
26 - INFO - chord#: 88 done. best_score=27.0, changed=522, unchanged=464, early_stops=8/8
26 - INFO - chord#: 92 In build_straw_man_chord_sa. tolerance = 1, sa_iterations = 1000, initial_temperature = 3.0, cooling_rate = 0.999
26 - INFO - chord#: 64 done. best_score=27.0, changed=523, unchanged=434, early_stops=8/8
26 - INFO - chord#: 66 In build_straw_man_chord_sa. tolerance = 1, sa_iterations = 1000, initial_temperature = 3.0, cooling_rate = 0.999
26 - INFO - chord#: 64 done. best_score=27.0, changed=523, unchanged=526, early_stops=8/8
26 - INFO - chord#: 66 In build_straw_man_chord_sa. tolerance = 1, sa_iterations = 1000, initial_temperature = 3.0, cooling_rate = 0.999
26 - INFO - chord#: 64 done. best_score=27.0, changed=523, unchanged=356, early_stops=8/8
26 - INFO - chord#: 66 In build_straw_man_chord_sa. tolerance = 1, sa_iterations = 1000, initial_temperature = 3.0, cooling_rate = 0.999
26 - INFO - chord#: 86 done. best_score=67.0, changed=615, unchanged=416, early_stops=8/8
26 - INFO - chord#: 88 In build_straw_man_chord_sa. tolerance = 1, sa_iterations = 1000, initial_temperature = 3.0, cooling_rate = 0.999
26 - INFO - chord#: 84 done. best_score=27.0, changed=511, unchanged=335, early_stops=8/8
26 - INFO - chord#: 86 In build_straw_man_chord_sa. tolerance = 1, sa_iterations = 1000, initial_temperature = 3.0, cooling_rate = 0.999
26 - INFO - chord#: 92 done. best_score=27.0, changed=529, unchanged=378, early_stops=8/8
26 - INFO - chord#: 94 In build_straw_man_chord_sa. tolerance = 1, sa_iterations = 1000, initial_temperature = 3.0, cooling_rate = 0.999
26 - INFO - chord#: 92 done. best_score=27.0, changed=517, unchanged=373, early_stops=8/8
26 - INFO - chord#: 94 In build_straw_man_chord_sa. tolerance = 1, sa_iterations = 1000, initial_temperature = 3.0, cooling_rate = 0.999
26 - INFO - chord#: 64 done. best_score=27.0, changed=523, unchanged=368, early_stops=8/8
26 - INFO - chord#: 66 In build_straw_man_chord_sa. tolerance = 1, sa_iterations = 1000, initial_temperature = 3.0, cooling_rate = 0.999
26 - INFO - chord#: 92 done. best_score=27.0, changed=525, unchanged=421, early_stops=8/8
26 - INFO - chord#: 94 In build_straw_man_chord_sa. tolerance = 1, sa_iterations = 1000, initial_temperature = 3.0, cooling_rate = 0.999
26 - INFO - chord#: 68 done. best_score=27.0, changed=521, unchanged=420, early_stops=8/8
26 - INFO - chord#: 80 In build_straw_man_chord_sa. tolerance = 1, sa_iterations = 1000, initial_temperature = 3.0, cooling_rate = 0.999
26 - INFO - chord#: 88 done. best_score=27.0, changed=522, unchanged=315, early_stops=8/8
26 - INFO - chord#: 92 In build_straw_man_chord_sa. tolerance = 1, sa_iterations = 1000, initial_temperature = 3.0, cooling_rate = 0.999
26 - INFO - chord#: 94 done. best_score=140.0, changed=609, unchanged=210, early_stops=8/8
26 - INFO - chord#: 96 In build_straw_man_chord_sa. tolerance = 1, sa_iterations = 1000, initial_temperature = 3.0, cooling_rate = 0.999
26 - INFO - chord#: 66 done. best_score=67.0, changed=610, unchanged=252, early_stops=8/8
26 - INFO - chord#: 68 In build_straw_man_chord_sa. tolerance = 1, sa_iterations = 1000, initial_temperature = 3.0, cooling_rate = 0.999
26 - INFO - chord#: 92 done. best_score=27.0, changed=517, unchanged=355, early_stops=8/8
26 - INFO - chord#: 94 In build_straw_man_chord_sa. tolerance = 1, sa_iterations = 1000, initial_temperature = 3.0, cooling_rate = 0.999
26 - INFO - chord#: 80 done. best_score=27.0, changed=527, unchanged=347, early_stops=8/8
26 - INFO - chord#: 84 In build_straw_man_chord_sa. tolerance = 1, sa_iterations = 1000, initial_temperature = 3.0, cooling_rate = 0.999
26 - INFO - chord#: 96 done. best_score=27.0, changed=526, unchanged=492, early_stops=8/8
26 - INFO - chord#: 98 In build_straw_man_chord_sa. tolerance = 1, sa_iterations = 1000, initial_temperature = 3.0, cooling_rate = 0.999
26 - INFO - chord#: 94 done. best_score=64.0, changed=611, unchanged=241, early_stops=8/8
26 - INFO - chord#: 96 In build_straw_man_chord_sa. tolerance = 1, sa_iterations = 1000, initial_temperature = 3.0, cooling_rate = 0.999
26 - INFO - chord#: 86 done. best_score=157.0, changed=611, unchanged=309, early_stops=8/8
26 - INFO - chord#: 88 In build_straw_man_chord_sa. tolerance = 1, sa_iterations = 1000, initial_temperature = 3.0, cooling_rate = 0.999
26 - INFO - chord#: 68 done. best_score=27.0, changed=519, unchanged=407, early_stops=8/8
26 - INFO - chord#: 80 In build_straw_man_chord_sa. tolerance = 1, sa_iterations = 1000, initial_temperature = 3.0, cooling_rate = 0.999
26 - INFO - chord#: 94 done. best_score=148.0, changed=616, unchanged=325, early_stops=8/8
26 - INFO - chord#: 96 In build_straw_man_chord_sa. tolerance = 1, sa_iterations = 1000, initial_temperature = 3.0, cooling_rate = 0.999
26 - INFO - chord#: 66 done. best_score=67.0, changed=617, unchanged=386, early_stops=8/8
26 - INFO - chord#: 68 In build_straw_man_chord_sa. tolerance = 1, sa_iterations = 1000, initial_temperature = 3.0, cooling_rate = 0.999
26 - INFO - chord#: 66 done. best_score=67.0, changed=612, unchanged=399, early_stops=8/8
26 - INFO - chord#: 68 In build_straw_man_chord_sa. tolerance = 1, sa_iterations = 1000, initial_temperature = 3.0, cooling_rate = 0.999
26 - INFO - chord#: 84 done. best_score=27.0, changed=526, unchanged=413, early_stops=8/8
26 - INFO - chord#: 86 In build_straw_man_chord_sa. tolerance = 1, sa_iterations = 1000, initial_temperature = 3.0, cooling_rate = 0.999
26 - INFO - chord#: 66 done. best_score=67.0, changed=614, unchanged=473, early_stops=8/8
26 - INFO - chord#: 68 In build_straw_man_chord_sa. tolerance = 1, sa_iterations = 1000, initial_temperature = 3.0, cooling_rate = 0.999
26 - INFO - chord#: 94 done. best_score=64.0, changed=614, unchanged=273, early_stops=8/8
26 - INFO - chord#: 96 In build_straw_man_chord_sa. tolerance = 1, sa_iterations = 1000, initial_temperature = 3.0, cooling_rate = 0.999
26 - INFO - chord#: 88 done. best_score=59.0, changed=518, unchanged=354, early_stops=8/8
26 - INFO - chord#: 92 In build_straw_man_chord_sa. tolerance = 1, sa_iterations = 1000, initial_temperature = 3.0, cooling_rate = 0.999
26 - INFO - chord#: 66 done. best_score=67.0, changed=607, unchanged=302, early_stops=8/8
26 - INFO - chord#: 68 In build_straw_man_chord_sa. tolerance = 1, sa_iterations = 1000, initial_temperature = 3.0, cooling_rate = 0.999
26 - INFO - chord#: 96 done. best_score=27.0, changed=522, unchanged=465, early_stops=8/8
26 - INFO - chord#: 98 In build_straw_man_chord_sa. tolerance = 1, sa_iterations = 1000, initial_temperature = 3.0, cooling_rate = 0.999
26 - INFO - chord#: 80 done. best_score=27.0, changed=519, unchanged=354, early_stops=8/8
26 - INFO - chord#: 84 In build_straw_man_chord_sa. tolerance = 1, sa_iterations = 1000, initial_temperature = 3.0, cooling_rate = 0.999
26 - INFO - chord#: 98 done. best_score=145.0, changed=610, unchanged=267, early_stops=8/8
26 - INFO - chord#: 100 In build_straw_man_chord_sa. tolerance = 1, sa_iterations = 1000, initial_temperature = 3.0, cooling_rate = 0.999
26 - INFO - chord#: 96 done. best_score=27.0, changed=524, unchanged=524, early_stops=8/8
26 - INFO - chord#: 98 In build_straw_man_chord_sa. tolerance = 1, sa_iterations = 1000, initial_temperature = 3.0, cooling_rate = 0.999
26 - INFO - chord#: 94 done. best_score=104.0, changed=608, unchanged=299, early_stops=8/8
26 - INFO - chord#: 96 In build_straw_man_chord_sa. tolerance = 1, sa_iterations = 1000, initial_temperature = 3.0, cooling_rate = 0.999
26 - INFO - chord#: 68 done. best_score=27.0, changed=511, unchanged=470, early_stops=8/8
26 - INFO - chord#: 80 In build_straw_man_chord_sa. tolerance = 1, sa_iterations = 1000, initial_temperature = 3.0, cooling_rate = 0.999
26 - INFO - chord#: 68 done. best_score=27.0, changed=533, unchanged=456, early_stops=8/8
26 - INFO - chord#: 80 In build_straw_man_chord_sa. tolerance = 1, sa_iterations = 1000, initial_temperature = 3.0, cooling_rate = 0.999
26 - INFO - chord#: 92 done. best_score=27.0, changed=528, unchanged=438, early_stops=8/8
26 - INFO - chord#: 94 In build_straw_man_chord_sa. tolerance = 1, sa_iterations = 1000, initial_temperature = 3.0, cooling_rate = 0.999
26 - INFO - chord#: 68 done. best_score=27.0, changed=516, unchanged=359, early_stops=8/8
26 - INFO - chord#: 80 In build_straw_man_chord_sa. tolerance = 1, sa_iterations = 1000, initial_temperature = 3.0, cooling_rate = 0.999
26 - INFO - chord#: 96 done. best_score=27.0, changed=517, unchanged=405, early_stops=8/8
26 - INFO - chord#: 98 In build_straw_man_chord_sa. tolerance = 1, sa_iterations = 1000, initial_temperature = 3.0, cooling_rate = 0.999
26 - INFO - chord#: 68 done. best_score=27.0, changed=522, unchanged=411, early_stops=8/8
26 - INFO - chord#: 80 In build_straw_man_chord_sa. tolerance = 1, sa_iterations = 1000, initial_temperature = 3.0, cooling_rate = 0.999
26 - INFO - chord#: 84 done. best_score=27.0, changed=516, unchanged=352, early_stops=8/8
26 - INFO - chord#: 86 In build_straw_man_chord_sa. tolerance = 1, sa_iterations = 1000, initial_temperature = 3.0, cooling_rate = 0.999
26 - INFO - chord#: 100 done. best_score=27.0, changed=514, unchanged=442, early_stops=8/8
26 - INFO - chord#: 104 In build_straw_man_chord_sa. tolerance = 1, sa_iterations = 1000, initial_temperature = 3.0, cooling_rate = 0.999
26 - INFO - chord#: 96 done. best_score=27.0, changed=525, unchanged=463, early_stops=8/8
26 - INFO - chord#: 98 In build_straw_man_chord_sa. tolerance = 1, sa_iterations = 1000, initial_temperature = 3.0, cooling_rate = 0.999
26 - INFO - chord#: 80 done. best_score=27.0, changed=532, unchanged=352, early_stops=8/8
26 - INFO - chord#: 84 In build_straw_man_chord_sa. tolerance = 1, sa_iterations = 1000, initial_temperature = 3.0, cooling_rate = 0.999
26 - INFO - chord#: 80 done. best_score=27.0, changed=520, unchanged=359, early_stops=8/8
26 - INFO - chord#: 84 In build_straw_man_chord_sa. tolerance = 1, sa_iterations = 1000, initial_temperature = 3.0, cooling_rate = 0.999
26 - INFO - chord#: 98 done. best_score=67.0, changed=610, unchanged=302, early_stops=8/8
26 - INFO - chord#: 100 In build_straw_man_chord_sa. tolerance = 1, sa_iterations = 1000, initial_temperature = 3.0, cooling_rate = 0.999
26 - INFO - chord#: 80 done. best_score=27.0, changed=523, unchanged=408, early_stops=8/8
26 - INFO - chord#: 84 In build_straw_man_chord_sa. tolerance = 1, sa_iterations = 1000, initial_temperature = 3.0, cooling_rate = 0.999
26 - INFO - chord#: 86 done. best_score=157.0, changed=607, unchanged=227, early_stops=8/8
26 - INFO - chord#: 88 In build_straw_man_chord_sa. tolerance = 1, sa_iterations = 1000, initial_temperature = 3.0, cooling_rate = 0.999
26 - INFO - chord#: 80 done. best_score=27.0, changed=523, unchanged=342, early_stops=8/8
26 - INFO - chord#: 84 In build_straw_man_chord_sa. tolerance = 1, sa_iterations = 1000, initial_temperature = 3.0, cooling_rate = 0.999
26 - INFO - chord#: 104 done. best_score=35.0, changed=516, unchanged=398, early_stops=8/8
26 - INFO - chord#: 106 In build_straw_man_chord_sa. tolerance = 1, sa_iterations = 1000, initial_temperature = 3.0, cooling_rate = 0.999
26 - INFO - chord#: 98 done. best_score=67.0, changed=611, unchanged=438, early_stops=8/8
26 - INFO - chord#: 100 In build_straw_man_chord_sa. tolerance = 1, sa_iterations = 1000, initial_temperature = 3.0, cooling_rate = 0.999
26 - INFO - chord#: 106 done. best_score=36.0, changed=524, unchanged=395, early_stops=8/8
26 - INFO - chord#: 108 In build_straw_man_chord_sa. tolerance = 1, sa_iterations = 1000, initial_temperature = 3.0, cooling_rate = 0.999
26 - INFO - chord#: 100 done. best_score=27.0, changed=522, unchanged=562, early_stops=8/8
26 - INFO - chord#: 104 In build_straw_man_chord_sa. tolerance = 1, sa_iterations = 1000, initial_temperature = 3.0, cooling_rate = 0.999
26 - INFO - chord#: 84 done. best_score=27.0, changed=518, unchanged=443, early_stops=8/8
26 - INFO - chord#: 86 In build_straw_man_chord_sa. tolerance = 1, sa_iterations = 1000, initial_temperature = 3.0, cooling_rate = 0.999
26 - INFO - chord#: 88 done. best_score=59.0, changed=534, unchanged=450, early_stops=8/8
26 - INFO - chord#: 92 In build_straw_man_chord_sa. tolerance = 1, sa_iterations = 1000, initial_temperature = 3.0, cooling_rate = 0.999
26 - INFO - chord#: 94 done. best_score=64.0, changed=612, unchanged=350, early_stops=8/8
26 - INFO - chord#: 96 In build_straw_man_chord_sa. tolerance = 1, sa_iterations = 1000, initial_temperature = 3.0, cooling_rate = 0.999
26 - INFO - chord#: 86 done. best_score=137.0, changed=612, unchanged=273, early_stops=8/8
26 - INFO - chord#: 88 In build_straw_man_chord_sa. tolerance = 1, sa_iterations = 1000, initial_temperature = 3.0, cooling_rate = 0.999
26 - INFO - chord#: 84 done. best_score=27.0, changed=526, unchanged=421, early_stops=8/8
26 - INFO - chord#: 86 In build_straw_man_chord_sa. tolerance = 1, sa_iterations = 1000, initial_temperature = 3.0, cooling_rate = 0.999
26 - INFO - chord#: 84 done. best_score=27.0, changed=520, unchanged=375, early_stops=8/8
26 - INFO - chord#: 86 In build_straw_man_chord_sa. tolerance = 1, sa_iterations = 1000, initial_temperature = 3.0, cooling_rate = 0.999
26 - INFO - chord#: 84 done. best_score=27.0, changed=533, unchanged=508, early_stops=8/8
26 - INFO - chord#: 86 In build_straw_man_chord_sa. tolerance = 1, sa_iterations = 1000, initial_temperature = 3.0, cooling_rate = 0.999
26 - INFO - chord#: 98 done. best_score=145.0, changed=610, unchanged=288, early_stops=8/8
26 - INFO - chord#: 100 In build_straw_man_chord_sa. tolerance = 1, sa_iterations = 1000, initial_temperature = 3.0, cooling_rate = 0.999
26 - INFO - chord#: 98 done. best_score=67.0, changed=613, unchanged=396, early_stops=8/8
26 - INFO - chord#: 100 In build_straw_man_chord_sa. tolerance = 1, sa_iterations = 1000, initial_temperature = 3.0, cooling_rate = 0.999
26 - INFO - chord#: 100 done. best_score=27.0, changed=519, unchanged=519, early_stops=8/8
26 - INFO - chord#: 104 In build_straw_man_chord_sa. tolerance = 1, sa_iterations = 1000, initial_temperature = 3.0, cooling_rate = 0.999
26 - INFO - chord#: 104 done. best_score=35.0, changed=523, unchanged=338, early_stops=8/8
26 - INFO - chord#: 106 In build_straw_man_chord_sa. tolerance = 1, sa_iterations = 1000, initial_temperature = 3.0, cooling_rate = 0.999
26 - INFO - chord#: 108 done. best_score=27.0, changed=514, unchanged=420, early_stops=8/8
26 - INFO - chord#: 112 In build_straw_man_chord_sa. tolerance = 1, sa_iterations = 1000, initial_temperature = 3.0, cooling_rate = 0.999
26 - INFO - chord#: 88 done. best_score=27.0, changed=522, unchanged=392, early_stops=8/8
26 - INFO - chord#: 92 In build_straw_man_chord_sa. tolerance = 1, sa_iterations = 1000, initial_temperature = 3.0, cooling_rate = 0.999
26 - INFO - chord#: 96 done. best_score=27.0, changed=517, unchanged=465, early_stops=8/8
26 - INFO - chord#: 98 In build_straw_man_chord_sa. tolerance = 1, sa_iterations = 1000, initial_temperature = 3.0, cooling_rate = 0.999
26 - INFO - chord#: 92 done. best_score=27.0, changed=524, unchanged=415, early_stops=8/8
26 - INFO - chord#: 94 In build_straw_man_chord_sa. tolerance = 1, sa_iterations = 1000, initial_temperature = 3.0, cooling_rate = 0.999
26 - INFO - chord#: 104 done. best_score=35.0, changed=523, unchanged=379, early_stops=8/8
26 - INFO - chord#: 100 done. best_score=27.0, changed=520, unchanged=342, early_stops=8/8
26 - INFO - chord#: 106 In build_straw_man_chord_sa. tolerance = 1, sa_iterations = 1000, initial_temperature = 3.0, cooling_rate = 0.999
26 - INFO - chord#: 104 In build_straw_man_chord_sa. tolerance = 1, sa_iterations = 1000, initial_temperature = 3.0, cooling_rate = 0.999
26 - INFO - chord#: 106 done. best_score=36.0, changed=518, unchanged=333, early_stops=8/8
26 - INFO - chord#: 108 In build_straw_man_chord_sa. tolerance = 1, sa_iterations = 1000, initial_temperature = 3.0, cooling_rate = 0.999
26 - INFO - chord#: 100 done. best_score=27.0, changed=519, unchanged=415, early_stops=8/8
26 - INFO - chord#: 104 In build_straw_man_chord_sa. tolerance = 1, sa_iterations = 1000, initial_temperature = 3.0, cooling_rate = 0.999
26 - INFO - chord#: 112 done. best_score=27.0, changed=520, unchanged=390, early_stops=8/8
26 - INFO - chord#: 116 In build_straw_man_chord_sa. tolerance = 1, sa_iterations = 1000, initial_temperature = 3.0, cooling_rate = 0.999
26 - INFO - chord#: 92 done. best_score=27.0, changed=533, unchanged=440, early_stops=8/8
26 - INFO - chord#: 94 In build_straw_man_chord_sa. tolerance = 1, sa_iterations = 1000, initial_temperature = 3.0, cooling_rate = 0.999
26 - INFO - chord#: 86 done. best_score=96.0, changed=607, unchanged=266, early_stops=8/8
26 - INFO - chord#: 88 In build_straw_man_chord_sa. tolerance = 1, sa_iterations = 1000, initial_temperature = 3.0, cooling_rate = 0.999
26 - INFO - chord#: 108 done. best_score=27.0, changed=520, unchanged=380, early_stops=8/8
26 - INFO - chord#: 112 In build_straw_man_chord_sa. tolerance = 1, sa_iterations = 1000, initial_temperature = 3.0, cooling_rate = 0.999
26 - INFO - chord#: 104 done. best_score=35.0, changed=518, unchanged=327, early_stops=8/8
26 - INFO - chord#: 106 In build_straw_man_chord_sa. tolerance = 1, sa_iterations = 1000, initial_temperature = 3.0, cooling_rate = 0.999
26 - INFO - chord#: 106 done. best_score=36.0, changed=535, unchanged=483, early_stops=8/8
26 - INFO - chord#: 108 In build_straw_man_chord_sa. tolerance = 1, sa_iterations = 1000, initial_temperature = 3.0, cooling_rate = 0.999
26 - INFO - chord#: 104 done. best_score=35.0, changed=526, unchanged=429, early_stops=8/8
26 - INFO - chord#: 106 In build_straw_man_chord_sa. tolerance = 1, sa_iterations = 1000, initial_temperature = 3.0, cooling_rate = 0.999
26 - INFO - chord#: 86 done. best_score=137.0, changed=612, unchanged=286, early_stops=8/8
26 - INFO - chord#: 88 In build_straw_man_chord_sa. tolerance = 1, sa_iterations = 1000, initial_temperature = 3.0, cooling_rate = 0.999
26 - INFO - chord#: 116 done. best_score=27.0, changed=525, unchanged=437, early_stops=8/8
26 - INFO - chord#: 118 In build_straw_man_chord_sa. tolerance = 1, sa_iterations = 1000, initial_temperature = 3.0, cooling_rate = 0.999
26 - INFO - chord#: 86 done. best_score=137.0, changed=610, unchanged=302, early_stops=8/8
26 - INFO - chord#: 88 In build_straw_man_chord_sa. tolerance = 1, sa_iterations = 1000, initial_temperature = 3.0, cooling_rate = 0.999
26 - INFO - chord#: 98 done. best_score=67.0, changed=615, unchanged=252, early_stops=8/8
26 - INFO - chord#: 100 In build_straw_man_chord_sa. tolerance = 1, sa_iterations = 1000, initial_temperature = 3.0, cooling_rate = 0.999
26 - INFO - chord#: 86 done. best_score=67.0, changed=614, unchanged=351, early_stops=8/8
26 - INFO - chord#: 88 In build_straw_man_chord_sa. tolerance = 1, sa_iterations = 1000, initial_temperature = 3.0, cooling_rate = 0.999
26 - INFO - chord#: 106 done. best_score=36.0, changed=531, unchanged=356, early_stops=8/8
26 - INFO - chord#: 108 In build_straw_man_chord_sa. tolerance = 1, sa_iterations = 1000, initial_temperature = 3.0, cooling_rate = 0.999
26 - INFO - chord#: 112 done. best_score=27.0, changed=516, unchanged=347, early_stops=8/8
26 - INFO - chord#: 116 In build_straw_man_chord_sa. tolerance = 1, sa_iterations = 1000, initial_temperature = 3.0, cooling_rate = 0.999
26 - INFO - chord#: 88 done. best_score=57.0, changed=516, unchanged=331, early_stops=8/8
26 - INFO - chord#: 92 In build_straw_man_chord_sa. tolerance = 1, sa_iterations = 1000, initial_temperature = 3.0, cooling_rate = 0.999
26 - INFO - chord#: 106 done. best_score=36.0, changed=519, unchanged=373, early_stops=8/8
26 - INFO - chord#: 108 In build_straw_man_chord_sa. tolerance = 1, sa_iterations = 1000, initial_temperature = 3.0, cooling_rate = 0.999
26 - INFO - chord#: 108 done. best_score=27.0, changed=526, unchanged=549, early_stops=8/8
26 - INFO - chord#: 112 In build_straw_man_chord_sa. tolerance = 1, sa_iterations = 1000, initial_temperature = 3.0, cooling_rate = 0.999
26 - INFO - chord#: 94 done. best_score=104.0, changed=608, unchanged=213, early_stops=8/8
26 - INFO - chord#: 96 In build_straw_man_chord_sa. tolerance = 1, sa_iterations = 1000, initial_temperature = 3.0, cooling_rate = 0.999
26 - INFO - chord#: 118 done. best_score=27.0, changed=522, unchanged=531, early_stops=8/8
26 - INFO - chord#: 120 In build_straw_man_chord_sa. tolerance = 1, sa_iterations = 1000, initial_temperature = 3.0, cooling_rate = 0.999
26 - INFO - chord#: 88 done. best_score=27.0, changed=515, unchanged=339, early_stops=8/8
26 - INFO - chord#: 92 In build_straw_man_chord_sa. tolerance = 1, sa_iterations = 1000, initial_temperature = 3.0, cooling_rate = 0.999
26 - INFO - chord#: 88 done. best_score=27.0, changed=527, unchanged=411, early_stops=8/8
26 - INFO - chord#: 92 In build_straw_man_chord_sa. tolerance = 1, sa_iterations = 1000, initial_temperature = 3.0, cooling_rate = 0.999
26 - INFO - chord#: 100 done. best_score=27.0, changed=526, unchanged=470, early_stops=8/8
26 - INFO - chord#: 104 In build_straw_man_chord_sa. tolerance = 1, sa_iterations = 1000, initial_temperature = 3.0, cooling_rate = 0.999
26 - INFO - chord#: 108 done. best_score=27.0, changed=521, unchanged=315, early_stops=8/8
26 - INFO - chord#: 112 In build_straw_man_chord_sa. tolerance = 1, sa_iterations = 1000, initial_temperature = 3.0, cooling_rate = 0.999
26 - INFO - chord#: 88 done. best_score=27.0, changed=522, unchanged=417, early_stops=8/8
26 - INFO - chord#: 92 In build_straw_man_chord_sa. tolerance = 1, sa_iterations = 1000, initial_temperature = 3.0, cooling_rate = 0.999
26 - INFO - chord#: 116 done. best_score=27.0, changed=527, unchanged=430, early_stops=8/8
26 - INFO - chord#: 118 In build_straw_man_chord_sa. tolerance = 1, sa_iterations = 1000, initial_temperature = 3.0, cooling_rate = 0.999
26 - INFO - chord#: 94 done. best_score=64.0, changed=611, unchanged=401, early_stops=8/8
26 - INFO - chord#: 96 In build_straw_man_chord_sa. tolerance = 1, sa_iterations = 1000, initial_temperature = 3.0, cooling_rate = 0.999
26 - INFO - chord#: 112 done. best_score=27.0, changed=530, unchanged=465, early_stops=8/8
26 - INFO - chord#: 116 In build_straw_man_chord_sa. tolerance = 1, sa_iterations = 1000, initial_temperature = 3.0, cooling_rate = 0.999
26 - INFO - chord#: 120 done. best_score=27.0, changed=527, unchanged=469, early_stops=8/8
26 - INFO - chord#: 122 In build_straw_man_chord_sa. tolerance = 1, sa_iterations = 1000, initial_temperature = 3.0, cooling_rate = 0.999
26 - INFO - chord#: 108 done. best_score=27.0, changed=525, unchanged=353, early_stops=8/8
26 - INFO - chord#: 112 In build_straw_man_chord_sa. tolerance = 1, sa_iterations = 1000, initial_temperature = 3.0, cooling_rate = 0.999
26 - INFO - chord#: 92 done. best_score=27.0, changed=529, unchanged=462, early_stops=8/8
26 - INFO - chord#: 94 In build_straw_man_chord_sa. tolerance = 1, sa_iterations = 1000, initial_temperature = 3.0, cooling_rate = 0.999
26 - INFO - chord#: 104 done. best_score=35.0, changed=519, unchanged=326, early_stops=8/8
26 - INFO - chord#: 106 In build_straw_man_chord_sa. tolerance = 1, sa_iterations = 1000, initial_temperature = 3.0, cooling_rate = 0.999
26 - INFO - chord#: 96 done. best_score=27.0, changed=525, unchanged=412, early_stops=8/8
26 - INFO - chord#: 98 In build_straw_man_chord_sa. tolerance = 1, sa_iterations = 1000, initial_temperature = 3.0, cooling_rate = 0.999
26 - INFO - chord#: 92 done. best_score=27.0, changed=521, unchanged=409, early_stops=8/8
26 - INFO - chord#: 94 In build_straw_man_chord_sa. tolerance = 1, sa_iterations = 1000, initial_temperature = 3.0, cooling_rate = 0.999
26 - INFO - chord#: 92 done. best_score=27.0, changed=509, unchanged=307, early_stops=8/8
26 - INFO - chord#: 94 In build_straw_man_chord_sa. tolerance = 1, sa_iterations = 1000, initial_temperature = 3.0, cooling_rate = 0.999
26 - INFO - chord#: 112 done. best_score=27.0, changed=519, unchanged=388, early_stops=8/8
26 - INFO - chord#: 116 In build_straw_man_chord_sa. tolerance = 1, sa_iterations = 1000, initial_temperature = 3.0, cooling_rate = 0.999
26 - INFO - chord#: 118 done. best_score=27.0, changed=517, unchanged=351, early_stops=8/8
26 - INFO - chord#: 120 In build_straw_man_chord_sa. tolerance = 1, sa_iterations = 1000, initial_temperature = 3.0, cooling_rate = 0.999
26 - INFO - chord#: 116 done. best_score=27.0, changed=517, unchanged=343, early_stops=8/8
26 - INFO - chord#: 118 In build_straw_man_chord_sa. tolerance = 1, sa_iterations = 1000, initial_temperature = 3.0, cooling_rate = 0.999
26 - INFO - chord#: 96 done. best_score=27.0, changed=526, unchanged=418, early_stops=8/8
26 - INFO - chord#: 98 In build_straw_man_chord_sa. tolerance = 1, sa_iterations = 1000, initial_temperature = 3.0, cooling_rate = 0.999
26 - INFO - chord#: 92 done. best_score=27.0, changed=524, unchanged=400, early_stops=8/8
26 - INFO - chord#: 94 In build_straw_man_chord_sa. tolerance = 1, sa_iterations = 1000, initial_temperature = 3.0, cooling_rate = 0.999
26 - INFO - chord#: 106 done. best_score=36.0, changed=520, unchanged=438, early_stops=8/8
26 - INFO - chord#: 108 In build_straw_man_chord_sa. tolerance = 1, sa_iterations = 1000, initial_temperature = 3.0, cooling_rate = 0.999
26 - INFO - chord#: 116 done. best_score=27.0, changed=527, unchanged=411, early_stops=8/8
26 - INFO - chord#: 118 In build_straw_man_chord_sa. tolerance = 1, sa_iterations = 1000, initial_temperature = 3.0, cooling_rate = 0.999
26 - INFO - chord#: 112 done. best_score=27.0, changed=527, unchanged=382, early_stops=8/8
26 - INFO - chord#: 116 In build_straw_man_chord_sa. tolerance = 1, sa_iterations = 1000, initial_temperature = 3.0, cooling_rate = 0.999
26 - INFO - chord#: 120 done. best_score=27.0, changed=518, unchanged=363, early_stops=8/8
26 - INFO - chord#: 122 In build_straw_man_chord_sa. tolerance = 1, sa_iterations = 1000, initial_temperature = 3.0, cooling_rate = 0.999
26 - INFO - chord#: 118 done. best_score=27.0, changed=514, unchanged=401, early_stops=8/8
26 - INFO - chord#: 120 In build_straw_man_chord_sa. tolerance = 1, sa_iterations = 1000, initial_temperature = 3.0, cooling_rate = 0.999
26 - INFO - chord#: 108 done. best_score=27.0, changed=522, unchanged=461, early_stops=8/8
26 - INFO - chord#: 112 In build_straw_man_chord_sa. tolerance = 1, sa_iterations = 1000, initial_temperature = 3.0, cooling_rate = 0.999
26 - INFO - chord#: 122 done. best_score=95.0, changed=609, unchanged=330, early_stops=8/8
26 - INFO - chord#: 124 In build_straw_man_chord_sa. tolerance = 1, sa_iterations = 1000, initial_temperature = 3.0, cooling_rate = 0.999
26 - INFO - chord#: 118 done. best_score=27.0, changed=523, unchanged=504, early_stops=8/8
26 - INFO - chord#: 120 In build_straw_man_chord_sa. tolerance = 1, sa_iterations = 1000, initial_temperature = 3.0, cooling_rate = 0.999
26 - INFO - chord#: 116 done. best_score=27.0, changed=513, unchanged=313, early_stops=8/8
26 - INFO - chord#: 118 In build_straw_man_chord_sa. tolerance = 1, sa_iterations = 1000, initial_temperature = 3.0, cooling_rate = 0.999
26 - INFO - chord#: 120 done. best_score=27.0, changed=519, unchanged=407, early_stops=8/8
26 - INFO - chord#: 122 In build_straw_man_chord_sa. tolerance = 1, sa_iterations = 1000, initial_temperature = 3.0, cooling_rate = 0.999
26 - INFO - chord#: 94 done. best_score=64.0, changed=610, unchanged=271, early_stops=8/8
26 - INFO - chord#: 96 In build_straw_man_chord_sa. tolerance = 1, sa_iterations = 1000, initial_temperature = 3.0, cooling_rate = 0.999
26 - INFO - chord#: 98 done. best_score=145.0, changed=613, unchanged=330, early_stops=8/8
26 - INFO - chord#: 100 In build_straw_man_chord_sa. tolerance = 1, sa_iterations = 1000, initial_temperature = 3.0, cooling_rate = 0.999
26 - INFO - chord#: 94 done. best_score=125.0, changed=611, unchanged=238, early_stops=8/8
26 - INFO - chord#: 96 In build_straw_man_chord_sa. tolerance = 1, sa_iterations = 1000, initial_temperature = 3.0, cooling_rate = 0.999
26 - INFO - chord#: 98 done. best_score=67.0, changed=610, unchanged=397, early_stops=8/8
26 - INFO - chord#: 100 In build_straw_man_chord_sa. tolerance = 1, sa_iterations = 1000, initial_temperature = 3.0, cooling_rate = 0.999
26 - INFO - chord#: 94 done. best_score=64.0, changed=609, unchanged=299, early_stops=8/8
26 - INFO - chord#: 96 In build_straw_man_chord_sa. tolerance = 1, sa_iterations = 1000, initial_temperature = 3.0, cooling_rate = 0.999
26 - INFO - chord#: 112 done. best_score=27.0, changed=520, unchanged=394, early_stops=8/8
26 - INFO - chord#: 116 In build_straw_man_chord_sa. tolerance = 1, sa_iterations = 1000, initial_temperature = 3.0, cooling_rate = 0.999
26 - INFO - chord#: 124 done. best_score=27.0, changed=519, unchanged=340, early_stops=8/8
26 - INFO - chord#: 126 In build_straw_man_chord_sa. tolerance = 1, sa_iterations = 1000, initial_temperature = 3.0, cooling_rate = 0.999
26 - INFO - chord#: 94 done. best_score=64.0, changed=609, unchanged=225, early_stops=8/8
26 - INFO - chord#: 96 In build_straw_man_chord_sa. tolerance = 1, sa_iterations = 1000, initial_temperature = 3.0, cooling_rate = 0.999
26 - INFO - chord#: 120 done. best_score=27.0, changed=527, unchanged=517, early_stops=8/8
26 - INFO - chord#: 122 In build_straw_man_chord_sa. tolerance = 1, sa_iterations = 1000, initial_temperature = 3.0, cooling_rate = 0.999
26 - INFO - chord#: 122 done. best_score=135.0, changed=615, unchanged=286, early_stops=8/8
26 - INFO - chord#: 124 In build_straw_man_chord_sa. tolerance = 1, sa_iterations = 1000, initial_temperature = 3.0, cooling_rate = 0.999
26 - INFO - chord#: 118 done. best_score=27.0, changed=525, unchanged=417, early_stops=8/8
26 - INFO - chord#: 120 In build_straw_man_chord_sa. tolerance = 1, sa_iterations = 1000, initial_temperature = 3.0, cooling_rate = 0.999
26 - INFO - chord#: 96 done. best_score=27.0, changed=518, unchanged=328, early_stops=8/8
26 - INFO - chord#: 98 In build_straw_man_chord_sa. tolerance = 1, sa_iterations = 1000, initial_temperature = 3.0, cooling_rate = 0.999
26 - INFO - chord#: 100 done. best_score=27.0, changed=518, unchanged=385, early_stops=8/8
26 - INFO - chord#: 104 In build_straw_man_chord_sa. tolerance = 1, sa_iterations = 1000, initial_temperature = 3.0, cooling_rate = 0.999
26 - INFO - chord#: 116 done. best_score=27.0, changed=516, unchanged=396, early_stops=8/8
26 - INFO - chord#: 118 In build_straw_man_chord_sa. tolerance = 1, sa_iterations = 1000, initial_temperature = 3.0, cooling_rate = 0.999
26 - INFO - chord#: 96 done. best_score=27.0, changed=515, unchanged=332, early_stops=8/8
26 - INFO - chord#: 98 In build_straw_man_chord_sa. tolerance = 1, sa_iterations = 1000, initial_temperature = 3.0, cooling_rate = 0.999
26 - INFO - chord#: 100 done. best_score=27.0, changed=527, unchanged=497, early_stops=8/8
26 - INFO - chord#: 104 In build_straw_man_chord_sa. tolerance = 1, sa_iterations = 1000, initial_temperature = 3.0, cooling_rate = 0.999
26 - INFO - chord#: 96 done. best_score=27.0, changed=533, unchanged=459, early_stops=8/8
26 - INFO - chord#: 98 In build_straw_man_chord_sa. tolerance = 1, sa_iterations = 1000, initial_temperature = 3.0, cooling_rate = 0.999
26 - INFO - chord#: 124 done. best_score=27.0, changed=516, unchanged=456, early_stops=8/8
26 - INFO - chord#: 126 In build_straw_man_chord_sa. tolerance = 1, sa_iterations = 1000, initial_temperature = 3.0, cooling_rate = 0.999
26 - INFO - chord#: 122 done. best_score=95.0, changed=613, unchanged=274, early_stops=8/8
26 - INFO - chord#: 124 In build_straw_man_chord_sa. tolerance = 1, sa_iterations = 1000, initial_temperature = 3.0, cooling_rate = 0.999
26 - INFO - chord#: 96 done. best_score=27.0, changed=532, unchanged=430, early_stops=8/8
26 - INFO - chord#: 98 In build_straw_man_chord_sa. tolerance = 1, sa_iterations = 1000, initial_temperature = 3.0, cooling_rate = 0.999
26 - INFO - chord#: 104 done. best_score=35.0, changed=531, unchanged=405, early_stops=8/8
26 - INFO - chord#: 106 In build_straw_man_chord_sa. tolerance = 1, sa_iterations = 1000, initial_temperature = 3.0, cooling_rate = 0.999
26 - INFO - chord#: 118 done. best_score=27.0, changed=521, unchanged=351, early_stops=8/8
26 - INFO - chord#: 120 In build_straw_man_chord_sa. tolerance = 1, sa_iterations = 1000, initial_temperature = 3.0, cooling_rate = 0.999
26 - INFO - chord#: 120 done. best_score=27.0, changed=524, unchanged=434, early_stops=8/8
26 - INFO - chord#: 122 In build_straw_man_chord_sa. tolerance = 1, sa_iterations = 1000, initial_temperature = 3.0, cooling_rate = 0.999
26 - INFO - chord#: 126 done. best_score=96.0, changed=612, unchanged=321, early_stops=8/8
26 - INFO - chord#: 128 In build_straw_man_chord_sa. tolerance = 1, sa_iterations = 1000, initial_temperature = 3.0, cooling_rate = 0.999
26 - INFO - chord#: 122 done. best_score=95.0, changed=608, unchanged=219, early_stops=8/8
26 - INFO - chord#: 124 In build_straw_man_chord_sa. tolerance = 1, sa_iterations = 1000, initial_temperature = 3.0, cooling_rate = 0.999
26 - INFO - chord#: 104 done. best_score=35.0, changed=532, unchanged=372, early_stops=8/8
26 - INFO - chord#: 106 In build_straw_man_chord_sa. tolerance = 1, sa_iterations = 1000, initial_temperature = 3.0, cooling_rate = 0.999
26 - INFO - chord#: 124 done. best_score=27.0, changed=518, unchanged=368, early_stops=8/8
26 - INFO - chord#: 126 In build_straw_man_chord_sa. tolerance = 1, sa_iterations = 1000, initial_temperature = 3.0, cooling_rate = 0.999
26 - INFO - chord#: 106 done. best_score=36.0, changed=514, unchanged=320, early_stops=8/8
26 - INFO - chord#: 108 In build_straw_man_chord_sa. tolerance = 1, sa_iterations = 1000, initial_temperature = 3.0, cooling_rate = 0.999
26 - INFO - chord#: 120 done. best_score=27.0, changed=521, unchanged=478, early_stops=8/8
26 - INFO - chord#: 122 In build_straw_man_chord_sa. tolerance = 1, sa_iterations = 1000, initial_temperature = 3.0, cooling_rate = 0.999
26 - INFO - chord#: 124 done. best_score=27.0, changed=528, unchanged=374, early_stops=8/8
26 - INFO - chord#: 126 In build_straw_man_chord_sa. tolerance = 1, sa_iterations = 1000, initial_temperature = 3.0, cooling_rate = 0.999
26 - INFO - chord#: 128 done. best_score=27.0, changed=519, unchanged=376, early_stops=8/8
26 - INFO - chord#: 130 In build_straw_man_chord_sa. tolerance = 1, sa_iterations = 1000, initial_temperature = 3.0, cooling_rate = 0.999
26 - INFO - chord#: 106 done. best_score=36.0, changed=524, unchanged=341, early_stops=8/8
26 - INFO - chord#: 108 In build_straw_man_chord_sa. tolerance = 1, sa_iterations = 1000, initial_temperature = 3.0, cooling_rate = 0.999
26 - INFO - chord#: 126 done. best_score=96.0, changed=610, unchanged=287, early_stops=8/8
26 - INFO - chord#: 128 In build_straw_man_chord_sa. tolerance = 1, sa_iterations = 1000, initial_temperature = 3.0, cooling_rate = 0.999
26 - INFO - chord#: 130 done. best_score=11.0, changed=500, unchanged=340, early_stops=8/8
26 - INFO - chord#: 132 In build_straw_man_chord_sa. tolerance = 1, sa_iterations = 1000, initial_temperature = 3.0, cooling_rate = 0.999
26 - INFO - chord#: 98 done. best_score=140.0, changed=612, unchanged=259, early_stops=8/8
26 - INFO - chord#: 100 In build_straw_man_chord_sa. tolerance = 1, sa_iterations = 1000, initial_temperature = 3.0, cooling_rate = 0.999
26 - INFO - chord#: 108 done. best_score=27.0, changed=524, unchanged=575, early_stops=8/8
26 - INFO - chord#: 112 In build_straw_man_chord_sa. tolerance = 1, sa_iterations = 1000, initial_temperature = 3.0, cooling_rate = 0.999
26 - INFO - chord#: 98 done. best_score=137.0, changed=613, unchanged=469, early_stops=8/8
26 - INFO - chord#: 100 In build_straw_man_chord_sa. tolerance = 1, sa_iterations = 1000, initial_temperature = 3.0, cooling_rate = 0.999
26 - INFO - chord#: 98 done. best_score=67.0, changed=615, unchanged=366, early_stops=8/8
26 - INFO - chord#: 100 In build_straw_man_chord_sa. tolerance = 1, sa_iterations = 1000, initial_temperature = 3.0, cooling_rate = 0.999
26 - INFO - chord#: 98 done. best_score=67.0, changed=614, unchanged=277, early_stops=8/8
26 - INFO - chord#: 100 In build_straw_man_chord_sa. tolerance = 1, sa_iterations = 1000, initial_temperature = 3.0, cooling_rate = 0.999
26 - INFO - chord#: 108 done. best_score=27.0, changed=516, unchanged=408, early_stops=8/8
26 - INFO - chord#: 112 In build_straw_man_chord_sa. tolerance = 1, sa_iterations = 1000, initial_temperature = 3.0, cooling_rate = 0.999
26 - INFO - chord#: 132 done. best_score=27.0, changed=518, unchanged=353, early_stops=8/8
26 - INFO - chord#: 136 In build_straw_man_chord_sa. tolerance = 1, sa_iterations = 1000, initial_temperature = 3.0, cooling_rate = 0.999
26 - INFO - chord#: 128 done. best_score=27.0, changed=525, unchanged=432, early_stops=8/8
26 - INFO - chord#: 130 In build_straw_man_chord_sa. tolerance = 1, sa_iterations = 1000, initial_temperature = 3.0, cooling_rate = 0.999
26 - INFO - chord#: 122 done. best_score=90.0, changed=612, unchanged=301, early_stops=8/8
26 - INFO - chord#: 124 In build_straw_man_chord_sa. tolerance = 1, sa_iterations = 1000, initial_temperature = 3.0, cooling_rate = 0.999
26 - INFO - chord#: 126 done. best_score=93.0, changed=609, unchanged=306, early_stops=8/8
26 - INFO - chord#: 128 In build_straw_man_chord_sa. tolerance = 1, sa_iterations = 1000, initial_temperature = 3.0, cooling_rate = 0.999
26 - INFO - chord#: 112 done. best_score=27.0, changed=515, unchanged=318, early_stops=8/8
26 - INFO - chord#: 116 In build_straw_man_chord_sa. tolerance = 1, sa_iterations = 1000, initial_temperature = 3.0, cooling_rate = 0.999
26 - INFO - chord#: 130 done. best_score=11.0, changed=480, unchanged=338, early_stops=8/8
26 - INFO - chord#: 132 In build_straw_man_chord_sa. tolerance = 1, sa_iterations = 1000, initial_temperature = 3.0, cooling_rate = 0.999
26 - INFO - chord#: 100 done. best_score=27.0, changed=516, unchanged=386, early_stops=8/8
26 - INFO - chord#: 104 In build_straw_man_chord_sa. tolerance = 1, sa_iterations = 1000, initial_temperature = 3.0, cooling_rate = 0.999
26 - INFO - chord#: 100 done. best_score=27.0, changed=511, unchanged=354, early_stops=8/8
26 - INFO - chord#: 104 In build_straw_man_chord_sa. tolerance = 1, sa_iterations = 1000, initial_temperature = 3.0, cooling_rate = 0.999
26 - INFO - chord#: 126 done. best_score=93.0, changed=607, unchanged=232, early_stops=8/8
26 - INFO - chord#: 128 In build_straw_man_chord_sa. tolerance = 1, sa_iterations = 1000, initial_temperature = 3.0, cooling_rate = 0.999
26 - INFO - chord#: 100 done. best_score=27.0, changed=516, unchanged=332, early_stops=8/8
26 - INFO - chord#: 104 In build_straw_man_chord_sa. tolerance = 1, sa_iterations = 1000, initial_temperature = 3.0, cooling_rate = 0.999
26 - INFO - chord#: 100 done. best_score=27.0, changed=511, unchanged=325, early_stops=8/8
26 - INFO - chord#: 104 In build_straw_man_chord_sa. tolerance = 1, sa_iterations = 1000, initial_temperature = 3.0, cooling_rate = 0.999
26 - INFO - chord#: 122 done. best_score=90.0, changed=619, unchanged=375, early_stops=8/8
26 - INFO - chord#: 124 In build_straw_man_chord_sa. tolerance = 1, sa_iterations = 1000, initial_temperature = 3.0, cooling_rate = 0.999
26 - INFO - chord#: 136 done. best_score=27.0, changed=521, unchanged=330, early_stops=8/8
26 - INFO - chord#: 138 In build_straw_man_chord_sa. tolerance = 1, sa_iterations = 1000, initial_temperature = 3.0, cooling_rate = 0.999
26 - INFO - chord#: 128 done. best_score=27.0, changed=513, unchanged=309, early_stops=8/8
26 - INFO - chord#: 130 In build_straw_man_chord_sa. tolerance = 1, sa_iterations = 1000, initial_temperature = 3.0, cooling_rate = 0.999
26 - INFO - chord#: 116 done. best_score=27.0, changed=519, unchanged=390, early_stops=8/8
26 - INFO - chord#: 118 In build_straw_man_chord_sa. tolerance = 1, sa_iterations = 1000, initial_temperature = 3.0, cooling_rate = 0.999
26 - INFO - chord#: 112 done. best_score=27.0, changed=524, unchanged=401, early_stops=8/8
26 - INFO - chord#: 116 In build_straw_man_chord_sa. tolerance = 1, sa_iterations = 1000, initial_temperature = 3.0, cooling_rate = 0.999
26 - INFO - chord#: 132 done. best_score=36.0, changed=519, unchanged=371, early_stops=8/8
26 - INFO - chord#: 136 In build_straw_man_chord_sa. tolerance = 1, sa_iterations = 1000, initial_temperature = 3.0, cooling_rate = 0.999
26 - INFO - chord#: 130 done. best_score=11.0, changed=486, unchanged=339, early_stops=8/8
26 - INFO - chord#: 132 In build_straw_man_chord_sa. tolerance = 1, sa_iterations = 1000, initial_temperature = 3.0, cooling_rate = 0.999
26 - INFO - chord#: 124 done. best_score=27.0, changed=515, unchanged=420, early_stops=8/8
26 - INFO - chord#: 126 In build_straw_man_chord_sa. tolerance = 1, sa_iterations = 1000, initial_temperature = 3.0, cooling_rate = 0.999
26 - INFO - chord#: 104 done. best_score=35.0, changed=521, unchanged=339, early_stops=8/8
26 - INFO - chord#: 106 In build_straw_man_chord_sa. tolerance = 1, sa_iterations = 1000, initial_temperature = 3.0, cooling_rate = 0.999
26 - INFO - chord#: 104 done. best_score=35.0, changed=517, unchanged=315, early_stops=8/8
26 - INFO - chord#: 106 In build_straw_man_chord_sa. tolerance = 1, sa_iterations = 1000, initial_temperature = 3.0, cooling_rate = 0.999
26 - INFO - chord#: 128 done. best_score=27.0, changed=524, unchanged=492, early_stops=8/8
26 - INFO - chord#: 130 In build_straw_man_chord_sa. tolerance = 1, sa_iterations = 1000, initial_temperature = 3.0, cooling_rate = 0.999
26 - INFO - chord#: 104 done. best_score=35.0, changed=514, unchanged=395, early_stops=8/8
26 - INFO - chord#: 106 In build_straw_man_chord_sa. tolerance = 1, sa_iterations = 1000, initial_temperature = 3.0, cooling_rate = 0.999
26 - INFO - chord#: 124 done. best_score=27.0, changed=513, unchanged=376, early_stops=8/8
26 - INFO - chord#: 126 In build_straw_man_chord_sa. tolerance = 1, sa_iterations = 1000, initial_temperature = 3.0, cooling_rate = 0.999
26 - INFO - chord#: 130 done. best_score=11.0, changed=495, unchanged=340, early_stops=8/8
26 - INFO - chord#: 132 In build_straw_man_chord_sa. tolerance = 1, sa_iterations = 1000, initial_temperature = 3.0, cooling_rate = 0.999
26 - INFO - chord#: 104 done. best_score=35.0, changed=526, unchanged=414, early_stops=8/8
26 - INFO - chord#: 106 In build_straw_man_chord_sa. tolerance = 1, sa_iterations = 1000, initial_temperature = 3.0, cooling_rate = 0.999
26 - INFO - chord#: 136 done. best_score=36.0, changed=521, unchanged=296, early_stops=8/8
26 - INFO - chord#: 118 done. best_score=27.0, changed=528, unchanged=412, early_stops=8/8
26 - INFO - chord#: 138 In build_straw_man_chord_sa. tolerance = 1, sa_iterations = 1000, initial_temperature = 3.0, cooling_rate = 0.999
26 - INFO - chord#: 120 In build_straw_man_chord_sa. tolerance = 1, sa_iterations = 1000, initial_temperature = 3.0, cooling_rate = 0.999
26 - INFO - chord#: 116 done. best_score=27.0, changed=525, unchanged=415, early_stops=8/8
26 - INFO - chord#: 118 In build_straw_man_chord_sa. tolerance = 1, sa_iterations = 1000, initial_temperature = 3.0, cooling_rate = 0.999
26 - INFO - chord#: 132 done. best_score=27.0, changed=519, unchanged=476, early_stops=8/8
26 - INFO - chord#: 136 In build_straw_man_chord_sa. tolerance = 1, sa_iterations = 1000, initial_temperature = 3.0, cooling_rate = 0.999
26 - INFO - chord#: 106 done. best_score=36.0, changed=525, unchanged=367, early_stops=8/8
26 - INFO - chord#: 108 In build_straw_man_chord_sa. tolerance = 1, sa_iterations = 1000, initial_temperature = 3.0, cooling_rate = 0.999
26 - INFO - chord#: 106 done. best_score=36.0, changed=519, unchanged=337, early_stops=8/8
26 - INFO - chord#: 108 In build_straw_man_chord_sa. tolerance = 1, sa_iterations = 1000, initial_temperature = 3.0, cooling_rate = 0.999
26 - INFO - chord#: 138 done. best_score=120.0, changed=612, unchanged=255, early_stops=8/8
26 - INFO - chord#: 140 In build_straw_man_chord_sa. tolerance = 1, sa_iterations = 1000, initial_temperature = 3.0, cooling_rate = 0.999
26 - INFO - chord#: 106 done. best_score=36.0, changed=522, unchanged=347, early_stops=8/8
26 - INFO - chord#: 108 In build_straw_man_chord_sa. tolerance = 1, sa_iterations = 1000, initial_temperature = 3.0, cooling_rate = 0.999
26 - INFO - chord#: 132 done. best_score=27.0, changed=520, unchanged=413, early_stops=8/8
26 - INFO - chord#: 136 In build_straw_man_chord_sa. tolerance = 1, sa_iterations = 1000, initial_temperature = 3.0, cooling_rate = 0.999
26 - INFO - chord#: 106 done. best_score=36.0, changed=512, unchanged=357, early_stops=8/8
26 - INFO - chord#: 108 In build_straw_man_chord_sa. tolerance = 1, sa_iterations = 1000, initial_temperature = 3.0, cooling_rate = 0.999
26 - INFO - chord#: 120 done. best_score=27.0, changed=512, unchanged=482, early_stops=8/8
26 - INFO - chord#: 122 In build_straw_man_chord_sa. tolerance = 1, sa_iterations = 1000, initial_temperature = 3.0, cooling_rate = 0.999
26 - INFO - chord#: 136 done. best_score=27.0, changed=520, unchanged=348, early_stops=8/8
26 - INFO - chord#: 138 In build_straw_man_chord_sa. tolerance = 1, sa_iterations = 1000, initial_temperature = 3.0, cooling_rate = 0.999
26 - INFO - chord#: 118 done. best_score=27.0, changed=516, unchanged=423, early_stops=8/8
26 - INFO - chord#: 120 In build_straw_man_chord_sa. tolerance = 1, sa_iterations = 1000, initial_temperature = 3.0, cooling_rate = 0.999
26 - INFO - chord#: 140 done. best_score=31.0, changed=531, unchanged=350, early_stops=8/8
26 - INFO - chord#: 142 In build_straw_man_chord_sa. tolerance = 1, sa_iterations = 1000, initial_temperature = 3.0, cooling_rate = 0.999
26 - INFO - chord#: 108 done. best_score=27.0, changed=520, unchanged=413, early_stops=8/8
26 - INFO - chord#: 112 In build_straw_man_chord_sa. tolerance = 1, sa_iterations = 1000, initial_temperature = 3.0, cooling_rate = 0.999
26 - INFO - chord#: 142 done. best_score=7.0, changed=490, unchanged=316, early_stops=8/8
26 - INFO - chord#: 144 In build_straw_man_chord_sa. tolerance = 1, sa_iterations = 1000, initial_temperature = 3.0, cooling_rate = 0.999
26 - INFO - chord#: 126 done. best_score=96.0, changed=610, unchanged=311, early_stops=8/8
26 - INFO - chord#: 128 In build_straw_man_chord_sa. tolerance = 1, sa_iterations = 1000, initial_temperature = 3.0, cooling_rate = 0.999
26 - INFO - chord#: 136 done. best_score=27.0, changed=521, unchanged=418, early_stops=8/8
26 - INFO - chord#: 138 In build_straw_man_chord_sa. tolerance = 1, sa_iterations = 1000, initial_temperature = 3.0, cooling_rate = 0.999
26 - INFO - chord#: 138 done. best_score=119.0, changed=620, unchanged=282, early_stops=8/8
26 - INFO - chord#: 140 In build_straw_man_chord_sa. tolerance = 1, sa_iterations = 1000, initial_temperature = 3.0, cooling_rate = 0.999
26 - INFO - chord#: 108 done. best_score=27.0, changed=526, unchanged=547, early_stops=8/8
26 - INFO - chord#: 112 In build_straw_man_chord_sa. tolerance = 1, sa_iterations = 1000, initial_temperature = 3.0, cooling_rate = 0.999
26 - INFO - chord#: 126 done. best_score=93.0, changed=611, unchanged=363, early_stops=8/8
26 - INFO - chord#: 128 In build_straw_man_chord_sa. tolerance = 1, sa_iterations = 1000, initial_temperature = 3.0, cooling_rate = 0.999
26 - INFO - chord#: 108 done. best_score=27.0, changed=525, unchanged=456, early_stops=8/8
26 - INFO - chord#: 112 In build_straw_man_chord_sa. tolerance = 1, sa_iterations = 1000, initial_temperature = 3.0, cooling_rate = 0.999
26 - INFO - chord#: 108 done. best_score=27.0, changed=517, unchanged=350, early_stops=8/8
26 - INFO - chord#: 112 In build_straw_man_chord_sa. tolerance = 1, sa_iterations = 1000, initial_temperature = 3.0, cooling_rate = 0.999
26 - INFO - chord#: 144 done. best_score=27.0, changed=523, unchanged=328, early_stops=8/8
26 - INFO - chord#: 146 In build_straw_man_chord_sa. tolerance = 1, sa_iterations = 1000, initial_temperature = 3.0, cooling_rate = 0.999
26 - INFO - chord#: 140 done. best_score=31.0, changed=540, unchanged=369, early_stops=8/8
26 - INFO - chord#: 120 done. best_score=27.0, changed=519, unchanged=428, early_stops=8/8
26 - INFO - chord#: 142 In build_straw_man_chord_sa. tolerance = 1, sa_iterations = 1000, initial_temperature = 3.0, cooling_rate = 0.999
26 - INFO - chord#: 122 In build_straw_man_chord_sa. tolerance = 1, sa_iterations = 1000, initial_temperature = 3.0, cooling_rate = 0.999
26 - INFO - chord#: 112 done. best_score=27.0, changed=518, unchanged=421, early_stops=8/8
26 - INFO - chord#: 116 In build_straw_man_chord_sa. tolerance = 1, sa_iterations = 1000, initial_temperature = 3.0, cooling_rate = 0.999
26 - INFO - chord#: 122 done. best_score=95.0, changed=613, unchanged=253, early_stops=8/8
26 - INFO - chord#: 124 In build_straw_man_chord_sa. tolerance = 1, sa_iterations = 1000, initial_temperature = 3.0, cooling_rate = 0.999
26 - INFO - chord#: 142 done. best_score=7.0, changed=485, unchanged=337, early_stops=8/8
26 - INFO - chord#: 144 In build_straw_man_chord_sa. tolerance = 1, sa_iterations = 1000, initial_temperature = 3.0, cooling_rate = 0.999
26 - INFO - chord#: 128 done. best_score=27.0, changed=520, unchanged=513, early_stops=8/8
26 - INFO - chord#: 130 In build_straw_man_chord_sa. tolerance = 1, sa_iterations = 1000, initial_temperature = 3.0, cooling_rate = 0.999
26 - INFO - chord#: 128 done. best_score=27.0, changed=529, unchanged=529, early_stops=8/8
26 - INFO - chord#: 130 In build_straw_man_chord_sa. tolerance = 1, sa_iterations = 1000, initial_temperature = 3.0, cooling_rate = 0.999
26 - INFO - chord#: 112 done. best_score=27.0, changed=526, unchanged=437, early_stops=8/8
26 - INFO - chord#: 116 In build_straw_man_chord_sa. tolerance = 1, sa_iterations = 1000, initial_temperature = 3.0, cooling_rate = 0.999
26 - INFO - chord#: 130 done. best_score=11.0, changed=473, unchanged=375, early_stops=8/8
26 - INFO - chord#: 132 In build_straw_man_chord_sa. tolerance = 1, sa_iterations = 1000, initial_temperature = 3.0, cooling_rate = 0.999
26 - INFO - chord#: 112 done. best_score=27.0, changed=530, unchanged=432, early_stops=8/8
26 - INFO - chord#: 116 In build_straw_man_chord_sa. tolerance = 1, sa_iterations = 1000, initial_temperature = 3.0, cooling_rate = 0.999
26 - INFO - chord#: 112 done. best_score=27.0, changed=521, unchanged=472, early_stops=8/8
26 - INFO - chord#: 116 In build_straw_man_chord_sa. tolerance = 1, sa_iterations = 1000, initial_temperature = 3.0, cooling_rate = 0.999
26 - INFO - chord#: 138 done. best_score=82.0, changed=616, unchanged=395, early_stops=8/8
26 - INFO - chord#: 140 In build_straw_man_chord_sa. tolerance = 1, sa_iterations = 1000, initial_temperature = 3.0, cooling_rate = 0.999
26 - INFO - chord#: 130 done. best_score=11.0, changed=479, unchanged=379, early_stops=8/8
26 - INFO - chord#: 132 In build_straw_man_chord_sa. tolerance = 1, sa_iterations = 1000, initial_temperature = 3.0, cooling_rate = 0.999
26 - INFO - chord#: 124 done. best_score=27.0, changed=523, unchanged=394, early_stops=8/8
26 - INFO - chord#: 126 In build_straw_man_chord_sa. tolerance = 1, sa_iterations = 1000, initial_temperature = 3.0, cooling_rate = 0.999
26 - INFO - chord#: 140 done. best_score=31.0, changed=524, unchanged=319, early_stops=8/8
26 - INFO - chord#: 142 In build_straw_man_chord_sa. tolerance = 1, sa_iterations = 1000, initial_temperature = 3.0, cooling_rate = 0.999
26 - INFO - chord#: 116 done. best_score=27.0, changed=520, unchanged=391, early_stops=8/8
26 - INFO - chord#: 118 In build_straw_man_chord_sa. tolerance = 1, sa_iterations = 1000, initial_temperature = 3.0, cooling_rate = 0.999
26 - INFO - chord#: 144 done. best_score=27.0, changed=526, unchanged=375, early_stops=8/8
26 - INFO - chord#: 146 In build_straw_man_chord_sa. tolerance = 1, sa_iterations = 1000, initial_temperature = 3.0, cooling_rate = 0.999
26 - INFO - chord#: 116 done. best_score=27.0, changed=520, unchanged=332, early_stops=8/8
26 - INFO - chord#: 118 In build_straw_man_chord_sa. tolerance = 1, sa_iterations = 1000, initial_temperature = 3.0, cooling_rate = 0.999
26 - INFO - chord#: 138 done. best_score=82.0, changed=616, unchanged=391, early_stops=8/8
26 - INFO - chord#: 140 In build_straw_man_chord_sa. tolerance = 1, sa_iterations = 1000, initial_temperature = 3.0, cooling_rate = 0.999
26 - INFO - chord#: 116 done. best_score=27.0, changed=511, unchanged=338, early_stops=8/8
26 - INFO - chord#: 118 In build_straw_man_chord_sa. tolerance = 1, sa_iterations = 1000, initial_temperature = 3.0, cooling_rate = 0.999
26 - INFO - chord#: 132 done. best_score=27.0, changed=515, unchanged=414, early_stops=8/8
26 - INFO - chord#: 136 In build_straw_man_chord_sa. tolerance = 1, sa_iterations = 1000, initial_temperature = 3.0, cooling_rate = 0.999
26 - INFO - chord#: 142 done. best_score=7.0, changed=480, unchanged=335, early_stops=8/8
26 - INFO - chord#: 144 In build_straw_man_chord_sa. tolerance = 1, sa_iterations = 1000, initial_temperature = 3.0, cooling_rate = 0.999
26 - INFO - chord#: 132 done. best_score=27.0, changed=517, unchanged=462, early_stops=8/8
26 - INFO - chord#: 136 In build_straw_man_chord_sa. tolerance = 1, sa_iterations = 1000, initial_temperature = 3.0, cooling_rate = 0.999
26 - INFO - chord#: 116 done. best_score=27.0, changed=523, unchanged=415, early_stops=8/8
26 - INFO - chord#: 118 In build_straw_man_chord_sa. tolerance = 1, sa_iterations = 1000, initial_temperature = 3.0, cooling_rate = 0.999
26 - INFO - chord#: 118 done. best_score=27.0, changed=520, unchanged=367, early_stops=8/8
26 - INFO - chord#: 120 In build_straw_man_chord_sa. tolerance = 1, sa_iterations = 1000, initial_temperature = 3.0, cooling_rate = 0.999
26 - INFO - chord#: 140 done. best_score=31.0, changed=538, unchanged=408, early_stops=8/8
26 - INFO - chord#: 142 In build_straw_man_chord_sa. tolerance = 1, sa_iterations = 1000, initial_temperature = 3.0, cooling_rate = 0.999
26 - INFO - chord#: 144 done. best_score=27.0, changed=512, unchanged=310, early_stops=8/8
26 - INFO - chord#: 146 In build_straw_man_chord_sa. tolerance = 1, sa_iterations = 1000, initial_temperature = 3.0, cooling_rate = 0.999
26 - INFO - chord#: 136 done. best_score=27.0, changed=527, unchanged=396, early_stops=8/8
26 - INFO - chord#: 138 In build_straw_man_chord_sa. tolerance = 1, sa_iterations = 1000, initial_temperature = 3.0, cooling_rate = 0.999
26 - INFO - chord#: 142 done. best_score=7.0, changed=507, unchanged=305, early_stops=8/8
26 - INFO - chord#: 144 In build_straw_man_chord_sa. tolerance = 1, sa_iterations = 1000, initial_temperature = 3.0, cooling_rate = 0.999
26 - INFO - chord#: 118 done. best_score=27.0, changed=527, unchanged=376, early_stops=8/8
26 - INFO - chord#: 120 In build_straw_man_chord_sa. tolerance = 1, sa_iterations = 1000, initial_temperature = 3.0, cooling_rate = 0.999
26 - INFO - chord#: 146 done. best_score=96.0, changed=611, unchanged=270, early_stops=8/8
26 - INFO - chord#: 148 In build_straw_man_chord_sa. tolerance = 1, sa_iterations = 1000, initial_temperature = 3.0, cooling_rate = 0.999
26 - INFO - chord#: 118 done. best_score=27.0, changed=523, unchanged=491, early_stops=8/8
26 - INFO - chord#: 120 In build_straw_man_chord_sa. tolerance = 1, sa_iterations = 1000, initial_temperature = 3.0, cooling_rate = 0.999
26 - INFO - chord#: 136 done. best_score=27.0, changed=538, unchanged=403, early_stops=8/8
26 - INFO - chord#: 138 In build_straw_man_chord_sa. tolerance = 1, sa_iterations = 1000, initial_temperature = 3.0, cooling_rate = 0.999
26 - INFO - chord#: 122 done. best_score=149.0, changed=613, unchanged=389, early_stops=8/8
26 - INFO - chord#: 124 In build_straw_man_chord_sa. tolerance = 1, sa_iterations = 1000, initial_temperature = 3.0, cooling_rate = 0.999
26 - INFO - chord#: 118 done. best_score=27.0, changed=522, unchanged=514, early_stops=8/8
26 - INFO - chord#: 120 In build_straw_man_chord_sa. tolerance = 1, sa_iterations = 1000, initial_temperature = 3.0, cooling_rate = 0.999
26 - INFO - chord#: 144 done. best_score=27.0, changed=541, unchanged=404, early_stops=8/8
26 - INFO - chord#: 146 In build_straw_man_chord_sa. tolerance = 1, sa_iterations = 1000, initial_temperature = 3.0, cooling_rate = 0.999
26 - INFO - chord#: 120 done. best_score=27.0, changed=520, unchanged=469, early_stops=8/8
26 - INFO - chord#: 122 In build_straw_man_chord_sa. tolerance = 1, sa_iterations = 1000, initial_temperature = 3.0, cooling_rate = 0.999
26 - INFO - chord#: 126 done. best_score=75.0, changed=614, unchanged=417, early_stops=8/8
26 - INFO - chord#: 128 In build_straw_man_chord_sa. tolerance = 1, sa_iterations = 1000, initial_temperature = 3.0, cooling_rate = 0.999
26 - INFO - chord#: 120 done. best_score=27.0, changed=525, unchanged=458, early_stops=8/8
26 - INFO - chord#: 122 In build_straw_man_chord_sa. tolerance = 1, sa_iterations = 1000, initial_temperature = 3.0, cooling_rate = 0.999
26 - INFO - chord#: 146 done. best_score=195.0, changed=605, unchanged=223, early_stops=8/8
26 - INFO - chord#: 148 In build_straw_man_chord_sa. tolerance = 1, sa_iterations = 1000, initial_temperature = 3.0, cooling_rate = 0.999
26 - INFO - chord#: 148 done. best_score=27.0, changed=521, unchanged=454, early_stops=8/8
26 - INFO - chord#: 120 done. best_score=27.0, changed=515, unchanged=473, early_stops=8/8
26 - INFO - chord#: 122 In build_straw_man_chord_sa. tolerance = 1, sa_iterations = 1000, initial_temperature = 3.0, cooling_rate = 0.999
26 - INFO - chord#: 124 done. best_score=27.0, changed=521, unchanged=479, early_stops=8/8
26 - INFO - chord#: 126 In build_straw_man_chord_sa. tolerance = 1, sa_iterations = 1000, initial_temperature = 3.0, cooling_rate = 0.999
26 - INFO - chord#: 120 done. best_score=27.0, changed=522, unchanged=426, early_stops=8/8
26 - INFO - chord#: 122 In build_straw_man_chord_sa. tolerance = 1, sa_iterations = 1000, initial_temperature = 3.0, cooling_rate = 0.999
26 - INFO - chord#: 128 done. best_score=27.0, changed=523, unchanged=365, early_stops=8/8
26 - INFO - chord#: 130 In build_straw_man_chord_sa. tolerance = 1, sa_iterations = 1000, initial_temperature = 3.0, cooling_rate = 0.999
26 - INFO - chord#: 138 done. best_score=146.0, changed=611, unchanged=292, early_stops=8/8
26 - INFO - chord#: 140 In build_straw_man_chord_sa. tolerance = 1, sa_iterations = 1000, initial_temperature = 3.0, cooling_rate = 0.999
26 - INFO - chord#: 130 done. best_score=11.0, changed=491, unchanged=328, early_stops=8/8
26 - INFO - chord#: 132 In build_straw_man_chord_sa. tolerance = 1, sa_iterations = 1000, initial_temperature = 3.0, cooling_rate = 0.999
26 - INFO - chord#: 146 done. best_score=125.0, changed=609, unchanged=367, early_stops=8/8
26 - INFO - chord#: 148 In build_straw_man_chord_sa. tolerance = 1, sa_iterations = 1000, initial_temperature = 3.0, cooling_rate = 0.999
26 - INFO - chord#: 138 done. best_score=120.0, changed=610, unchanged=338, early_stops=8/8
26 - INFO - chord#: 140 In build_straw_man_chord_sa. tolerance = 1, sa_iterations = 1000, initial_temperature = 3.0, cooling_rate = 0.999
26 - INFO - chord#: 148 done. best_score=27.0, changed=525, unchanged=327, early_stops=8/8
26 - INFO - chord#: 140 done. best_score=31.0, changed=528, unchanged=312, early_stops=8/8
26 - INFO - chord#: 142 In build_straw_man_chord_sa. tolerance = 1, sa_iterations = 1000, initial_temperature = 3.0, cooling_rate = 0.999
26 - INFO - chord#: 142 done. best_score=7.0, changed=501, unchanged=309, early_stops=8/8
26 - INFO - chord#: 144 In build_straw_man_chord_sa. tolerance = 1, sa_iterations = 1000, initial_temperature = 3.0, cooling_rate = 0.999
26 - INFO - chord#: 140 done. best_score=31.0, changed=526, unchanged=368, early_stops=8/8
26 - INFO - chord#: 142 In build_straw_man_chord_sa. tolerance = 1, sa_iterations = 1000, initial_temperature = 3.0, cooling_rate = 0.999
26 - INFO - chord#: 148 done. best_score=27.0, changed=523, unchanged=390, early_stops=8/8
26 - INFO - chord#: 122 done. best_score=95.0, changed=619, unchanged=450, early_stops=8/8
26 - INFO - chord#: 124 In build_straw_man_chord_sa. tolerance = 1, sa_iterations = 1000, initial_temperature = 3.0, cooling_rate = 0.999
26 - INFO - chord#: 146 done. best_score=137.0, changed=613, unchanged=398, early_stops=8/8
26 - INFO - chord#: 148 In build_straw_man_chord_sa. tolerance = 1, sa_iterations = 1000, initial_temperature = 3.0, cooling_rate = 0.999
26 - INFO - chord#: 132 done. best_score=27.0, changed=528, unchanged=600, early_stops=8/8
26 - INFO - chord#: 136 In build_straw_man_chord_sa. tolerance = 1, sa_iterations = 1000, initial_temperature = 3.0, cooling_rate = 0.999
26 - INFO - chord#: 142 done. best_score=7.0, changed=502, unchanged=319, early_stops=8/8
26 - INFO - chord#: 144 In build_straw_man_chord_sa. tolerance = 1, sa_iterations = 1000, initial_temperature = 3.0, cooling_rate = 0.999
26 - INFO - chord#: 122 done. best_score=95.0, changed=610, unchanged=230, early_stops=8/8
26 - INFO - chord#: 124 In build_straw_man_chord_sa. tolerance = 1, sa_iterations = 1000, initial_temperature = 3.0, cooling_rate = 0.999
26 - INFO - chord#: 144 done. best_score=27.0, changed=519, unchanged=335, early_stops=8/8
26 - INFO - chord#: 146 In build_straw_man_chord_sa. tolerance = 1, sa_iterations = 1000, initial_temperature = 3.0, cooling_rate = 0.999
26 - INFO - chord#: 122 done. best_score=135.0, changed=612, unchanged=325, early_stops=8/8
26 - INFO - chord#: 124 In build_straw_man_chord_sa. tolerance = 1, sa_iterations = 1000, initial_temperature = 3.0, cooling_rate = 0.999
26 - INFO - chord#: 126 done. best_score=96.0, changed=609, unchanged=275, early_stops=8/8
26 - INFO - chord#: 128 In build_straw_man_chord_sa. tolerance = 1, sa_iterations = 1000, initial_temperature = 3.0, cooling_rate = 0.999
26 - INFO - chord#: 148 done. best_score=27.0, changed=513, unchanged=318, early_stops=8/8
26 - INFO - chord#: 122 done. best_score=90.0, changed=610, unchanged=328, early_stops=8/8
26 - INFO - chord#: 124 In build_straw_man_chord_sa. tolerance = 1, sa_iterations = 1000, initial_temperature = 3.0, cooling_rate = 0.999
26 - INFO - chord#: 124 done. best_score=27.0, changed=519, unchanged=361, early_stops=8/8
26 - INFO - chord#: 126 In build_straw_man_chord_sa. tolerance = 1, sa_iterations = 1000, initial_temperature = 3.0, cooling_rate = 0.999
26 - INFO - chord#: 136 done. best_score=27.0, changed=518, unchanged=332, early_stops=8/8
26 - INFO - chord#: 138 In build_straw_man_chord_sa. tolerance = 1, sa_iterations = 1000, initial_temperature = 3.0, cooling_rate = 0.999
26 - INFO - chord#: 144 done. best_score=27.0, changed=522, unchanged=467, early_stops=8/8
26 - INFO - chord#: 146 In build_straw_man_chord_sa. tolerance = 1, sa_iterations = 1000, initial_temperature = 3.0, cooling_rate = 0.999
26 - INFO - chord#: 124 done. best_score=27.0, changed=522, unchanged=394, early_stops=8/8
26 - INFO - chord#: 126 In build_straw_man_chord_sa. tolerance = 1, sa_iterations = 1000, initial_temperature = 3.0, cooling_rate = 0.999
26 - INFO - chord#: 128 done. best_score=27.0, changed=526, unchanged=398, early_stops=8/8
26 - INFO - chord#: 130 In build_straw_man_chord_sa. tolerance = 1, sa_iterations = 1000, initial_temperature = 3.0, cooling_rate = 0.999
26 - INFO - chord#: 124 done. best_score=27.0, changed=518, unchanged=397, early_stops=8/8
26 - INFO - chord#: 126 In build_straw_man_chord_sa. tolerance = 1, sa_iterations = 1000, initial_temperature = 3.0, cooling_rate = 0.999
26 - INFO - chord#: 124 done. best_score=27.0, changed=523, unchanged=451, early_stops=8/8
26 - INFO - chord#: 126 In build_straw_man_chord_sa. tolerance = 1, sa_iterations = 1000, initial_temperature = 3.0, cooling_rate = 0.999
26 - INFO - chord#: 130 done. best_score=11.0, changed=501, unchanged=340, early_stops=8/8
26 - INFO - chord#: 132 In build_straw_man_chord_sa. tolerance = 1, sa_iterations = 1000, initial_temperature = 3.0, cooling_rate = 0.999
26 - INFO - chord#: 146 done. best_score=197.0, changed=608, unchanged=289, early_stops=8/8
26 - INFO - chord#: 148 In build_straw_man_chord_sa. tolerance = 1, sa_iterations = 1000, initial_temperature = 3.0, cooling_rate = 0.999
26 - INFO - chord#: 138 done. best_score=82.0, changed=613, unchanged=254, early_stops=8/8
26 - INFO - chord#: 140 In build_straw_man_chord_sa. tolerance = 1, sa_iterations = 1000, initial_temperature = 3.0, cooling_rate = 0.999
26 - INFO - chord#: 126 done. best_score=96.0, changed=611, unchanged=300, early_stops=8/8
26 - INFO - chord#: 128 In build_straw_man_chord_sa. tolerance = 1, sa_iterations = 1000, initial_temperature = 3.0, cooling_rate = 0.999
26 - INFO - chord#: 132 done. best_score=27.0, changed=526, unchanged=490, early_stops=8/8
26 - INFO - chord#: 136 In build_straw_man_chord_sa. tolerance = 1, sa_iterations = 1000, initial_temperature = 3.0, cooling_rate = 0.999
26 - INFO - chord#: 146 done. best_score=67.0, changed=611, unchanged=382, early_stops=8/8
26 - INFO - chord#: 148 In build_straw_man_chord_sa. tolerance = 1, sa_iterations = 1000, initial_temperature = 3.0, cooling_rate = 0.999
26 - INFO - chord#: 148 done. best_score=27.0, changed=518, unchanged=470, early_stops=8/8
26 - INFO - chord#: 140 done. best_score=31.0, changed=528, unchanged=320, early_stops=8/8
26 - INFO - chord#: 142 In build_straw_man_chord_sa. tolerance = 1, sa_iterations = 1000, initial_temperature = 3.0, cooling_rate = 0.999
26 - INFO - chord#: 126 done. best_score=119.0, changed=609, unchanged=279, early_stops=8/8
26 - INFO - chord#: 128 In build_straw_man_chord_sa. tolerance = 1, sa_iterations = 1000, initial_temperature = 3.0, cooling_rate = 0.999
26 - INFO - chord#: 126 done. best_score=129.0, changed=616, unchanged=311, early_stops=8/8
26 - INFO - chord#: 128 In build_straw_man_chord_sa. tolerance = 1, sa_iterations = 1000, initial_temperature = 3.0, cooling_rate = 0.999
26 - INFO - chord#: 142 done. best_score=7.0, changed=495, unchanged=327, early_stops=8/8
26 - INFO - chord#: 144 In build_straw_man_chord_sa. tolerance = 1, sa_iterations = 1000, initial_temperature = 3.0, cooling_rate = 0.999
26 - INFO - chord#: 128 done. best_score=27.0, changed=513, unchanged=377, early_stops=8/8
26 - INFO - chord#: 130 In build_straw_man_chord_sa. tolerance = 1, sa_iterations = 1000, initial_temperature = 3.0, cooling_rate = 0.999
26 - INFO - chord#: 136 done. best_score=27.0, changed=518, unchanged=417, early_stops=8/8
26 - INFO - chord#: 138 In build_straw_man_chord_sa. tolerance = 1, sa_iterations = 1000, initial_temperature = 3.0, cooling_rate = 0.999
26 - INFO - chord#: 130 done. best_score=11.0, changed=480, unchanged=355, early_stops=8/8
26 - INFO - chord#: 132 In build_straw_man_chord_sa. tolerance = 1, sa_iterations = 1000, initial_temperature = 3.0, cooling_rate = 0.999
26 - INFO - chord#: 148 done. best_score=27.0, changed=512, unchanged=312, early_stops=8/8
26 - INFO - chord#: 126 done. best_score=93.0, changed=614, unchanged=307, early_stops=8/8
26 - INFO - chord#: 128 In build_straw_man_chord_sa. tolerance = 1, sa_iterations = 1000, initial_temperature = 3.0, cooling_rate = 0.999
26 - INFO - chord#: 144 done. best_score=27.0, changed=523, unchanged=360, early_stops=8/8
26 - INFO - chord#: 146 In build_straw_man_chord_sa. tolerance = 1, sa_iterations = 1000, initial_temperature = 3.0, cooling_rate = 0.999
26 - INFO - chord#: 128 done. best_score=27.0, changed=517, unchanged=302, early_stops=8/8
26 - INFO - chord#: 130 In build_straw_man_chord_sa. tolerance = 1, sa_iterations = 1000, initial_temperature = 3.0, cooling_rate = 0.999
26 - INFO - chord#: 128 done. best_score=27.0, changed=519, unchanged=352, early_stops=8/8
26 - INFO - chord#: 130 In build_straw_man_chord_sa. tolerance = 1, sa_iterations = 1000, initial_temperature = 3.0, cooling_rate = 0.999
26 - INFO - chord#: 130 done. best_score=11.0, changed=484, unchanged=332, early_stops=8/8
26 - INFO - chord#: 132 In build_straw_man_chord_sa. tolerance = 1, sa_iterations = 1000, initial_temperature = 3.0, cooling_rate = 0.999
26 - INFO - chord#: 130 done. best_score=11.0, changed=483, unchanged=356, early_stops=8/8
26 - INFO - chord#: 132 In build_straw_man_chord_sa. tolerance = 1, sa_iterations = 1000, initial_temperature = 3.0, cooling_rate = 0.999
26 - INFO - chord#: 132 done. best_score=27.0, changed=517, unchanged=441, early_stops=8/8
26 - INFO - chord#: 136 In build_straw_man_chord_sa. tolerance = 1, sa_iterations = 1000, initial_temperature = 3.0, cooling_rate = 0.999
26 - INFO - chord#: 128 done. best_score=27.0, changed=526, unchanged=472, early_stops=8/8
26 - INFO - chord#: 130 In build_straw_man_chord_sa. tolerance = 1, sa_iterations = 1000, initial_temperature = 3.0, cooling_rate = 0.999
26 - INFO - chord#: 130 done. best_score=11.0, changed=493, unchanged=324, early_stops=8/8
26 - INFO - chord#: 132 In build_straw_man_chord_sa. tolerance = 1, sa_iterations = 1000, initial_temperature = 3.0, cooling_rate = 0.999
26 - INFO - chord#: 132 done. best_score=27.0, changed=516, unchanged=321, early_stops=8/8
26 - INFO - chord#: 136 In build_straw_man_chord_sa. tolerance = 1, sa_iterations = 1000, initial_temperature = 3.0, cooling_rate = 0.999
26 - INFO - chord#: 136 done. best_score=27.0, changed=518, unchanged=383, early_stops=8/8
26 - INFO - chord#: 138 In build_straw_man_chord_sa. tolerance = 1, sa_iterations = 1000, initial_temperature = 3.0, cooling_rate = 0.999
26 - INFO - chord#: 132 done. best_score=27.0, changed=521, unchanged=415, early_stops=8/8
26 - INFO - chord#: 136 In build_straw_man_chord_sa. tolerance = 1, sa_iterations = 1000, initial_temperature = 3.0, cooling_rate = 0.999
26 - INFO - chord#: 138 done. best_score=82.0, changed=609, unchanged=308, early_stops=8/8
26 - INFO - chord#: 140 In build_straw_man_chord_sa. tolerance = 1, sa_iterations = 1000, initial_temperature = 3.0, cooling_rate = 0.999
26 - INFO - chord#: 136 done. best_score=27.0, changed=519, unchanged=302, early_stops=8/8
26 - INFO - chord#: 138 In build_straw_man_chord_sa. tolerance = 1, sa_iterations = 1000, initial_temperature = 3.0, cooling_rate = 0.999
26 - INFO - chord#: 132 done. best_score=27.0, changed=519, unchanged=440, early_stops=8/8
26 - INFO - chord#: 136 In build_straw_man_chord_sa. tolerance = 1, sa_iterations = 1000, initial_temperature = 3.0, cooling_rate = 0.999
26 - INFO - chord#: 136 done. best_score=27.0, changed=530, unchanged=321, early_stops=8/8
26 - INFO - chord#: 138 In build_straw_man_chord_sa. tolerance = 1, sa_iterations = 1000, initial_temperature = 3.0, cooling_rate = 0.999
26 - INFO - chord#: 140 done. best_score=31.0, changed=520, unchanged=344, early_stops=8/8
26 - INFO - chord#: 142 In build_straw_man_chord_sa. tolerance = 1, sa_iterations = 1000, initial_temperature = 3.0, cooling_rate = 0.999
26 - INFO - chord#: 146 done. best_score=67.0, changed=614, unchanged=382, early_stops=8/8
26 - INFO - chord#: 148 In build_straw_man_chord_sa. tolerance = 1, sa_iterations = 1000, initial_temperature = 3.0, cooling_rate = 0.999
26 - INFO - chord#: 142 done. best_score=7.0, changed=499, unchanged=309, early_stops=8/8
26 - INFO - chord#: 144 In build_straw_man_chord_sa. tolerance = 1, sa_iterations = 1000, initial_temperature = 3.0, cooling_rate = 0.999
26 - INFO - chord#: 136 done. best_score=27.0, changed=522, unchanged=328, early_stops=8/8
26 - INFO - chord#: 138 In build_straw_man_chord_sa. tolerance = 1, sa_iterations = 1000, initial_temperature = 3.0, cooling_rate = 0.999
26 - INFO - chord#: 148 done. best_score=27.0, changed=522, unchanged=341, early_stops=8/8
26 - INFO - chord#: 144 done. best_score=27.0, changed=523, unchanged=504, early_stops=8/8
26 - INFO - chord#: 146 In build_straw_man_chord_sa. tolerance = 1, sa_iterations = 1000, initial_temperature = 3.0, cooling_rate = 0.999
26 - INFO - chord#: 138 done. best_score=82.0, changed=612, unchanged=458, early_stops=8/8
26 - INFO - chord#: 140 In build_straw_man_chord_sa. tolerance = 1, sa_iterations = 1000, initial_temperature = 3.0, cooling_rate = 0.999
26 - INFO - chord#: 138 done. best_score=97.0, changed=606, unchanged=263, early_stops=8/8
26 - INFO - chord#: 140 In build_straw_man_chord_sa. tolerance = 1, sa_iterations = 1000, initial_temperature = 3.0, cooling_rate = 0.999
26 - INFO - chord#: 140 done. best_score=31.0, changed=535, unchanged=327, early_stops=8/8
26 - INFO - chord#: 142 In build_straw_man_chord_sa. tolerance = 1, sa_iterations = 1000, initial_temperature = 3.0, cooling_rate = 0.999
26 - INFO - chord#: 138 done. best_score=82.0, changed=615, unchanged=443, early_stops=8/8
26 - INFO - chord#: 140 In build_straw_man_chord_sa. tolerance = 1, sa_iterations = 1000, initial_temperature = 3.0, cooling_rate = 0.999
26 - INFO - chord#: 140 done. best_score=31.0, changed=526, unchanged=358, early_stops=8/8
26 - INFO - chord#: 142 In build_straw_man_chord_sa. tolerance = 1, sa_iterations = 1000, initial_temperature = 3.0, cooling_rate = 0.999
26 - INFO - chord#: 142 done. best_score=7.0, changed=483, unchanged=336, early_stops=8/8
26 - INFO - chord#: 144 In build_straw_man_chord_sa. tolerance = 1, sa_iterations = 1000, initial_temperature = 3.0, cooling_rate = 0.999
26 - INFO - chord#: 138 done. best_score=97.0, changed=614, unchanged=274, early_stops=8/8
26 - INFO - chord#: 142 done. best_score=7.0, changed=496, unchanged=320, early_stops=8/8
26 - INFO - chord#: 140 In build_straw_man_chord_sa. tolerance = 1, sa_iterations = 1000, initial_temperature = 3.0, cooling_rate = 0.999
26 - INFO - chord#: 144 In build_straw_man_chord_sa. tolerance = 1, sa_iterations = 1000, initial_temperature = 3.0, cooling_rate = 0.999
26 - INFO - chord#: 140 done. best_score=31.0, changed=526, unchanged=327, early_stops=8/8
26 - INFO - chord#: 142 In build_straw_man_chord_sa. tolerance = 1, sa_iterations = 1000, initial_temperature = 3.0, cooling_rate = 0.999
26 - INFO - chord#: 146 done. best_score=67.0, changed=610, unchanged=248, early_stops=8/8
26 - INFO - chord#: 148 In build_straw_man_chord_sa. tolerance = 1, sa_iterations = 1000, initial_temperature = 3.0, cooling_rate = 0.999
26 - INFO - chord#: 144 done. best_score=27.0, changed=527, unchanged=447, early_stops=8/8
26 - INFO - chord#: 146 In build_straw_man_chord_sa. tolerance = 1, sa_iterations = 1000, initial_temperature = 3.0, cooling_rate = 0.999
26 - INFO - chord#: 140 done. best_score=31.0, changed=544, unchanged=297, early_stops=8/8
26 - INFO - chord#: 142 In build_straw_man_chord_sa. tolerance = 1, sa_iterations = 1000, initial_temperature = 3.0, cooling_rate = 0.999
26 - INFO - chord#: 144 done. best_score=27.0, changed=513, unchanged=333, early_stops=8/8
26 - INFO - chord#: 142 done. best_score=7.0, changed=491, unchanged=333, early_stops=8/8
26 - INFO - chord#: 144 In build_straw_man_chord_sa. tolerance = 1, sa_iterations = 1000, initial_temperature = 3.0, cooling_rate = 0.999
26 - INFO - chord#: 146 In build_straw_man_chord_sa. tolerance = 1, sa_iterations = 1000, initial_temperature = 3.0, cooling_rate = 0.999
26 - INFO - chord#: 142 done. best_score=7.0, changed=483, unchanged=337, early_stops=8/8
26 - INFO - chord#: 144 In build_straw_man_chord_sa. tolerance = 1, sa_iterations = 1000, initial_temperature = 3.0, cooling_rate = 0.999
26 - INFO - chord#: 148 done. best_score=27.0, changed=522, unchanged=510, early_stops=8/8
26 - INFO - chord#: 144 done. best_score=27.0, changed=517, unchanged=402, early_stops=8/8
26 - INFO - chord#: 146 In build_straw_man_chord_sa. tolerance = 1, sa_iterations = 1000, initial_temperature = 3.0, cooling_rate = 0.999
26 - INFO - chord#: 144 done. best_score=27.0, changed=519, unchanged=413, early_stops=8/8
26 - INFO - chord#: 146 In build_straw_man_chord_sa. tolerance = 1, sa_iterations = 1000, initial_temperature = 3.0, cooling_rate = 0.999
26 - INFO - chord#: 146 done. best_score=67.0, changed=608, unchanged=290, early_stops=8/8
26 - INFO - chord#: 148 In build_straw_man_chord_sa. tolerance = 1, sa_iterations = 1000, initial_temperature = 3.0, cooling_rate = 0.999
26 - INFO - chord#: 146 done. best_score=145.0, changed=613, unchanged=358, early_stops=8/8
26 - INFO - chord#: 148 In build_straw_man_chord_sa. tolerance = 1, sa_iterations = 1000, initial_temperature = 3.0, cooling_rate = 0.999
26 - INFO - chord#: 146 done. best_score=145.0, changed=612, unchanged=301, early_stops=8/8
26 - INFO - chord#: 148 In build_straw_man_chord_sa. tolerance = 1, sa_iterations = 1000, initial_temperature = 3.0, cooling_rate = 0.999
26 - INFO - chord#: 148 done. best_score=27.0, changed=526, unchanged=530, early_stops=8/8
26 - INFO - chord#: 146 done. best_score=67.0, changed=617, unchanged=276, early_stops=8/8
26 - INFO - chord#: 148 In build_straw_man_chord_sa. tolerance = 1, sa_iterations = 1000, initial_temperature = 3.0, cooling_rate = 0.999
26 - INFO - chord#: 148 done. best_score=27.0, changed=520, unchanged=419, early_stops=8/8
26 - INFO - chord#: 148 done. best_score=27.0, changed=515, unchanged=329, early_stops=8/8
26 - INFO - chord#: 148 done. best_score=27.0, changed=514, unchanged=334, early_stops=8/8
26 - INFO - chord#: 0 In build_straw_man_chord_sa. tolerance = 1, sa_iterations = 1000, initial_temperature = 3.0, cooling_rate = 0.999
26 - INFO - chord#: 0 In build_straw_man_chord_sa. tolerance = 1, sa_iterations = 1000, initial_temperature = 3.0, cooling_rate = 0.999
26 - INFO - chord#: 0 In build_straw_man_chord_sa. tolerance = 1, sa_iterations = 1000, initial_temperature = 3.0, cooling_rate = 0.999
26 - INFO - chord#: 0 In build_straw_man_chord_sa. tolerance = 1, sa_iterations = 1000, initial_temperature = 3.0, cooling_rate = 0.999
26 - INFO - chord#: 0 In build_straw_man_chord_sa. tolerance = 1, sa_iterations = 1000, initial_temperature = 3.0, cooling_rate = 0.999
26 - INFO - chord#: 0 In build_straw_man_chord_sa. tolerance = 1, sa_iterations = 1000, initial_temperature = 3.0, cooling_rate = 0.999
26 - INFO - chord#: 0 In build_straw_man_chord_sa. tolerance = 1, sa_iterations = 1000, initial_temperature = 3.0, cooling_rate = 0.999
26 - INFO - chord#: 0 In build_straw_man_chord_sa. tolerance = 1, sa_iterations = 1000, initial_temperature = 3.0, cooling_rate = 0.999
26 - INFO - chord#: 0 In build_straw_man_chord_sa. tolerance = 1, sa_iterations = 1000, initial_temperature = 3.0, cooling_rate = 0.999
26 - INFO - chord#: 0 In build_straw_man_chord_sa. tolerance = 1, sa_iterations = 1000, initial_temperature = 3.0, cooling_rate = 0.999
26 - INFO - chord#: 0 In build_straw_man_chord_sa. tolerance = 1, sa_iterations = 1000, initial_temperature = 3.0, cooling_rate = 0.999
26 - INFO - chord#: 0 In build_straw_man_chord_sa. tolerance = 1, sa_iterations = 1000, initial_temperature = 3.0, cooling_rate = 0.999
26 - INFO - chord#: 0 done. best_score=27.0, changed=519, unchanged=326, early_stops=8/8
26 - INFO - chord#: 4 In build_straw_man_chord_sa. tolerance = 1, sa_iterations = 1000, initial_temperature = 3.0, cooling_rate = 0.999
26 - INFO - chord#: 0 done. best_score=27.0, changed=523, unchanged=385, early_stops=8/8
26 - INFO - chord#: 4 In build_straw_man_chord_sa. tolerance = 1, sa_iterations = 1000, initial_temperature = 3.0, cooling_rate = 0.999
26 - INFO - chord#: 0 done. best_score=27.0, changed=521, unchanged=377, early_stops=8/8
26 - INFO - chord#: 4 In build_straw_man_chord_sa. tolerance = 1, sa_iterations = 1000, initial_temperature = 3.0, cooling_rate = 0.999
26 - INFO - chord#: 0 done. best_score=27.0, changed=527, unchanged=394, early_stops=8/8
26 - INFO - chord#: 4 In build_straw_man_chord_sa. tolerance = 1, sa_iterations = 1000, initial_temperature = 3.0, cooling_rate = 0.999
26 - INFO - chord#: 0 done. best_score=27.0, changed=525, unchanged=459, early_stops=8/8
26 - INFO - chord#: 4 In build_straw_man_chord_sa. tolerance = 1, sa_iterations = 1000, initial_temperature = 3.0, cooling_rate = 0.999
26 - INFO - chord#: 0 done. best_score=27.0, changed=511, unchanged=312, early_stops=8/8
26 - INFO - chord#: 4 In build_straw_man_chord_sa. tolerance = 1, sa_iterations = 1000, initial_temperature = 3.0, cooling_rate = 0.999
26 - INFO - chord#: 0 done. best_score=27.0, changed=516, unchanged=328, early_stops=8/8
26 - INFO - chord#: 4 In build_straw_man_chord_sa. tolerance = 1, sa_iterations = 1000, initial_temperature = 3.0, cooling_rate = 0.999
26 - INFO - chord#: 0 done. best_score=27.0, changed=525, unchanged=491, early_stops=8/8
26 - INFO - chord#: 0 done. best_score=27.0, changed=512, unchanged=426, early_stops=8/8
26 - INFO - chord#: 4 In build_straw_man_chord_sa. tolerance = 1, sa_iterations = 1000, initial_temperature = 3.0, cooling_rate = 0.999
26 - INFO - chord#: 4 In build_straw_man_chord_sa. tolerance = 1, sa_iterations = 1000, initial_temperature = 3.0, cooling_rate = 0.999
26 - INFO - chord#: 0 done. best_score=27.0, changed=526, unchanged=354, early_stops=8/8
26 - INFO - chord#: 4 In build_straw_man_chord_sa. tolerance = 1, sa_iterations = 1000, initial_temperature = 3.0, cooling_rate = 0.999
26 - INFO - chord#: 0 done. best_score=27.0, changed=521, unchanged=395, early_stops=8/8
26 - INFO - chord#: 4 In build_straw_man_chord_sa. tolerance = 1, sa_iterations = 1000, initial_temperature = 3.0, cooling_rate = 0.999
26 - INFO - chord#: 0 done. best_score=27.0, changed=528, unchanged=454, early_stops=8/8
26 - INFO - chord#: 4 In build_straw_man_chord_sa. tolerance = 1, sa_iterations = 1000, initial_temperature = 3.0, cooling_rate = 0.999
26 - INFO - chord#: 4 done. best_score=27.0, changed=518, unchanged=304, early_stops=8/8
26 - INFO - chord#: 6 In build_straw_man_chord_sa. tolerance = 1, sa_iterations = 1000, initial_temperature = 3.0, cooling_rate = 0.999
26 - INFO - chord#: 4 done. best_score=27.0, changed=523, unchanged=318, early_stops=8/8
26 - INFO - chord#: 6 In build_straw_man_chord_sa. tolerance = 1, sa_iterations = 1000, initial_temperature = 3.0, cooling_rate = 0.999
26 - INFO - chord#: 4 done. best_score=27.0, changed=522, unchanged=322, early_stops=8/8
26 - INFO - chord#: 6 In build_straw_man_chord_sa. tolerance = 1, sa_iterations = 1000, initial_temperature = 3.0, cooling_rate = 0.999
26 - INFO - chord#: 4 done. best_score=27.0, changed=521, unchanged=384, early_stops=8/8
26 - INFO - chord#: 6 In build_straw_man_chord_sa. tolerance = 1, sa_iterations = 1000, initial_temperature = 3.0, cooling_rate = 0.999
26 - INFO - chord#: 4 done. best_score=27.0, changed=523, unchanged=342, early_stops=8/8
26 - INFO - chord#: 6 In build_straw_man_chord_sa. tolerance = 1, sa_iterations = 1000, initial_temperature = 3.0, cooling_rate = 0.999
26 - INFO - chord#: 4 done. best_score=27.0, changed=530, unchanged=353, early_stops=8/8
26 - INFO - chord#: 6 In build_straw_man_chord_sa. tolerance = 1, sa_iterations = 1000, initial_temperature = 3.0, cooling_rate = 0.999
26 - INFO - chord#: 4 done. best_score=27.0, changed=525, unchanged=293, early_stops=8/8
26 - INFO - chord#: 6 In build_straw_man_chord_sa. tolerance = 1, sa_iterations = 1000, initial_temperature = 3.0, cooling_rate = 0.999
26 - INFO - chord#: 4 done. best_score=27.0, changed=523, unchanged=298, early_stops=8/8
26 - INFO - chord#: 6 In build_straw_man_chord_sa. tolerance = 1, sa_iterations = 1000, initial_temperature = 3.0, cooling_rate = 0.999
26 - INFO - chord#: 4 done. best_score=27.0, changed=524, unchanged=312, early_stops=8/8
26 - INFO - chord#: 6 In build_straw_man_chord_sa. tolerance = 1, sa_iterations = 1000, initial_temperature = 3.0, cooling_rate = 0.999
26 - INFO - chord#: 4 done. best_score=27.0, changed=522, unchanged=355, early_stops=8/8
26 - INFO - chord#: 6 In build_straw_man_chord_sa. tolerance = 1, sa_iterations = 1000, initial_temperature = 3.0, cooling_rate = 0.999
26 - INFO - chord#: 4 done. best_score=27.0, changed=531, unchanged=347, early_stops=8/8
26 - INFO - chord#: 6 In build_straw_man_chord_sa. tolerance = 1, sa_iterations = 1000, initial_temperature = 3.0, cooling_rate = 0.999
26 - INFO - chord#: 4 done. best_score=27.0, changed=523, unchanged=402, early_stops=8/8
26 - INFO - chord#: 6 In build_straw_man_chord_sa. tolerance = 1, sa_iterations = 1000, initial_temperature = 3.0, cooling_rate = 0.999
26 - INFO - chord#: 6 done. best_score=31.0, changed=522, unchanged=349, early_stops=8/8
26 - INFO - chord#: 8 In build_straw_man_chord_sa. tolerance = 1, sa_iterations = 1000, initial_temperature = 3.0, cooling_rate = 0.999
26 - INFO - chord#: 6 done. best_score=31.0, changed=527, unchanged=314, early_stops=8/8
26 - INFO - chord#: 8 In build_straw_man_chord_sa. tolerance = 1, sa_iterations = 1000, initial_temperature = 3.0, cooling_rate = 0.999
26 - INFO - chord#: 6 done. best_score=31.0, changed=534, unchanged=337, early_stops=8/8
26 - INFO - chord#: 8 In build_straw_man_chord_sa. tolerance = 1, sa_iterations = 1000, initial_temperature = 3.0, cooling_rate = 0.999
26 - INFO - chord#: 6 done. best_score=31.0, changed=529, unchanged=304, early_stops=8/8
26 - INFO - chord#: 8 In build_straw_man_chord_sa. tolerance = 1, sa_iterations = 1000, initial_temperature = 3.0, cooling_rate = 0.999
26 - INFO - chord#: 6 done. best_score=31.0, changed=529, unchanged=311, early_stops=8/8
26 - INFO - chord#: 8 In build_straw_man_chord_sa. tolerance = 1, sa_iterations = 1000, initial_temperature = 3.0, cooling_rate = 0.999
26 - INFO - chord#: 6 done. best_score=31.0, changed=522, unchanged=302, early_stops=8/8
26 - INFO - chord#: 8 In build_straw_man_chord_sa. tolerance = 1, sa_iterations = 1000, initial_temperature = 3.0, cooling_rate = 0.999
26 - INFO - chord#: 6 done. best_score=31.0, changed=520, unchanged=339, early_stops=8/8
26 - INFO - chord#: 8 In build_straw_man_chord_sa. tolerance = 1, sa_iterations = 1000, initial_temperature = 3.0, cooling_rate = 0.999
26 - INFO - chord#: 6 done. best_score=31.0, changed=540, unchanged=409, early_stops=8/8
26 - INFO - chord#: 8 In build_straw_man_chord_sa. tolerance = 1, sa_iterations = 1000, initial_temperature = 3.0, cooling_rate = 0.999
26 - INFO - chord#: 6 done. best_score=31.0, changed=529, unchanged=320, early_stops=8/8
26 - INFO - chord#: 8 In build_straw_man_chord_sa. tolerance = 1, sa_iterations = 1000, initial_temperature = 3.0, cooling_rate = 0.999
26 - INFO - chord#: 6 done. best_score=31.0, changed=525, unchanged=356, early_stops=8/8
26 - INFO - chord#: 8 In build_straw_man_chord_sa. tolerance = 1, sa_iterations = 1000, initial_temperature = 3.0, cooling_rate = 0.999
26 - INFO - chord#: 6 done. best_score=31.0, changed=537, unchanged=370, early_stops=8/8
26 - INFO - chord#: 8 In build_straw_man_chord_sa. tolerance = 1, sa_iterations = 1000, initial_temperature = 3.0, cooling_rate = 0.999
26 - INFO - chord#: 6 done. best_score=31.0, changed=545, unchanged=386, early_stops=8/8
26 - INFO - chord#: 8 In build_straw_man_chord_sa. tolerance = 1, sa_iterations = 1000, initial_temperature = 3.0, cooling_rate = 0.999
26 - INFO - chord#: 8 done. best_score=27.0, changed=521, unchanged=373, early_stops=8/8
26 - INFO - chord#: 12 In build_straw_man_chord_sa. tolerance = 1, sa_iterations = 1000, initial_temperature = 3.0, cooling_rate = 0.999
26 - INFO - chord#: 8 done. best_score=27.0, changed=525, unchanged=522, early_stops=8/8
26 - INFO - chord#: 12 In build_straw_man_chord_sa. tolerance = 1, sa_iterations = 1000, initial_temperature = 3.0, cooling_rate = 0.999
26 - INFO - chord#: 8 done. best_score=27.0, changed=523, unchanged=481, early_stops=8/8
26 - INFO - chord#: 12 In build_straw_man_chord_sa. tolerance = 1, sa_iterations = 1000, initial_temperature = 3.0, cooling_rate = 0.999
26 - INFO - chord#: 8 done. best_score=27.0, changed=526, unchanged=465, early_stops=8/8
26 - INFO - chord#: 12 In build_straw_man_chord_sa. tolerance = 1, sa_iterations = 1000, initial_temperature = 3.0, cooling_rate = 0.999
26 - INFO - chord#: 8 done. best_score=27.0, changed=523, unchanged=414, early_stops=8/8
26 - INFO - chord#: 12 In build_straw_man_chord_sa. tolerance = 1, sa_iterations = 1000, initial_temperature = 3.0, cooling_rate = 0.999
26 - INFO - chord#: 8 done. best_score=27.0, changed=521, unchanged=495, early_stops=8/8
26 - INFO - chord#: 12 In build_straw_man_chord_sa. tolerance = 1, sa_iterations = 1000, initial_temperature = 3.0, cooling_rate = 0.999
26 - INFO - chord#: 8 done. best_score=27.0, changed=517, unchanged=426, early_stops=8/8
26 - INFO - chord#: 12 In build_straw_man_chord_sa. tolerance = 1, sa_iterations = 1000, initial_temperature = 3.0, cooling_rate = 0.999
26 - INFO - chord#: 8 done. best_score=27.0, changed=518, unchanged=359, early_stops=8/8
26 - INFO - chord#: 12 In build_straw_man_chord_sa. tolerance = 1, sa_iterations = 1000, initial_temperature = 3.0, cooling_rate = 0.999
26 - INFO - chord#: 8 done. best_score=27.0, changed=519, unchanged=464, early_stops=8/8
26 - INFO - chord#: 12 In build_straw_man_chord_sa. tolerance = 1, sa_iterations = 1000, initial_temperature = 3.0, cooling_rate = 0.999
26 - INFO - chord#: 8 done. best_score=27.0, changed=523, unchanged=398, early_stops=8/8
26 - INFO - chord#: 12 In build_straw_man_chord_sa. tolerance = 1, sa_iterations = 1000, initial_temperature = 3.0, cooling_rate = 0.999
26 - INFO - chord#: 8 done. best_score=27.0, changed=526, unchanged=469, early_stops=8/8
26 - INFO - chord#: 12 In build_straw_man_chord_sa. tolerance = 1, sa_iterations = 1000, initial_temperature = 3.0, cooling_rate = 0.999
26 - INFO - chord#: 8 done. best_score=27.0, changed=525, unchanged=466, early_stops=8/8
26 - INFO - chord#: 12 In build_straw_man_chord_sa. tolerance = 1, sa_iterations = 1000, initial_temperature = 3.0, cooling_rate = 0.999
26 - INFO - chord#: 12 done. best_score=27.0, changed=533, unchanged=389, early_stops=8/8
26 - INFO - chord#: 16 In build_straw_man_chord_sa. tolerance = 1, sa_iterations = 1000, initial_temperature = 3.0, cooling_rate = 0.999
26 - INFO - chord#: 12 done. best_score=27.0, changed=525, unchanged=435, early_stops=8/8
26 - INFO - chord#: 16 In build_straw_man_chord_sa. tolerance = 1, sa_iterations = 1000, initial_temperature = 3.0, cooling_rate = 0.999
26 - INFO - chord#: 12 done. best_score=27.0, changed=519, unchanged=448, early_stops=8/8
26 - INFO - chord#: 16 In build_straw_man_chord_sa. tolerance = 1, sa_iterations = 1000, initial_temperature = 3.0, cooling_rate = 0.999
26 - INFO - chord#: 12 done. best_score=27.0, changed=531, unchanged=461, early_stops=8/8
26 - INFO - chord#: 16 In build_straw_man_chord_sa. tolerance = 1, sa_iterations = 1000, initial_temperature = 3.0, cooling_rate = 0.999
26 - INFO - chord#: 12 done. best_score=27.0, changed=514, unchanged=337, early_stops=8/8
26 - INFO - chord#: 16 In build_straw_man_chord_sa. tolerance = 1, sa_iterations = 1000, initial_temperature = 3.0, cooling_rate = 0.999
26 - INFO - chord#: 12 done. best_score=27.0, changed=517, unchanged=324, early_stops=8/8
26 - INFO - chord#: 16 In build_straw_man_chord_sa. tolerance = 1, sa_iterations = 1000, initial_temperature = 3.0, cooling_rate = 0.999
26 - INFO - chord#: 12 done. best_score=27.0, changed=529, unchanged=390, early_stops=8/8
26 - INFO - chord#: 16 In build_straw_man_chord_sa. tolerance = 1, sa_iterations = 1000, initial_temperature = 3.0, cooling_rate = 0.999
26 - INFO - chord#: 12 done. best_score=27.0, changed=517, unchanged=374, early_stops=8/8
26 - INFO - chord#: 16 In build_straw_man_chord_sa. tolerance = 1, sa_iterations = 1000, initial_temperature = 3.0, cooling_rate = 0.999
26 - INFO - chord#: 16 done. best_score=35.0, changed=519, unchanged=298, early_stops=8/8
26 - INFO - chord#: 18 In build_straw_man_chord_sa. tolerance = 1, sa_iterations = 1000, initial_temperature = 3.0, cooling_rate = 0.999
26 - INFO - chord#: 12 done. best_score=27.0, changed=525, unchanged=374, early_stops=8/8
26 - INFO - chord#: 16 In build_straw_man_chord_sa. tolerance = 1, sa_iterations = 1000, initial_temperature = 3.0, cooling_rate = 0.999
26 - INFO - chord#: 16 done. best_score=35.0, changed=517, unchanged=346, early_stops=8/8
26 - INFO - chord#: 18 In build_straw_man_chord_sa. tolerance = 1, sa_iterations = 1000, initial_temperature = 3.0, cooling_rate = 0.999
26 - INFO - chord#: 12 done. best_score=27.0, changed=518, unchanged=323, early_stops=8/8
26 - INFO - chord#: 16 In build_straw_man_chord_sa. tolerance = 1, sa_iterations = 1000, initial_temperature = 3.0, cooling_rate = 0.999
26 - INFO - chord#: 12 done. best_score=27.0, changed=520, unchanged=378, early_stops=8/8
26 - INFO - chord#: 16 In build_straw_man_chord_sa. tolerance = 1, sa_iterations = 1000, initial_temperature = 3.0, cooling_rate = 0.999
26 - INFO - chord#: 16 done. best_score=35.0, changed=517, unchanged=349, early_stops=8/8
26 - INFO - chord#: 18 In build_straw_man_chord_sa. tolerance = 1, sa_iterations = 1000, initial_temperature = 3.0, cooling_rate = 0.999
26 - INFO - chord#: 16 done. best_score=35.0, changed=529, unchanged=514, early_stops=8/8
26 - INFO - chord#: 18 In build_straw_man_chord_sa. tolerance = 1, sa_iterations = 1000, initial_temperature = 3.0, cooling_rate = 0.999
26 - INFO - chord#: 16 done. best_score=35.0, changed=534, unchanged=410, early_stops=8/8
26 - INFO - chord#: 18 In build_straw_man_chord_sa. tolerance = 1, sa_iterations = 1000, initial_temperature = 3.0, cooling_rate = 0.999
26 - INFO - chord#: 16 done. best_score=35.0, changed=530, unchanged=425, early_stops=8/8
26 - INFO - chord#: 18 In build_straw_man_chord_sa. tolerance = 1, sa_iterations = 1000, initial_temperature = 3.0, cooling_rate = 0.999
26 - INFO - chord#: 12 done. best_score=27.0, changed=526, unchanged=418, early_stops=8/8
26 - INFO - chord#: 16 In build_straw_man_chord_sa. tolerance = 1, sa_iterations = 1000, initial_temperature = 3.0, cooling_rate = 0.999
26 - INFO - chord#: 16 done. best_score=35.0, changed=521, unchanged=413, early_stops=8/8
26 - INFO - chord#: 18 In build_straw_man_chord_sa. tolerance = 1, sa_iterations = 1000, initial_temperature = 3.0, cooling_rate = 0.999
26 - INFO - chord#: 16 done. best_score=35.0, changed=524, unchanged=363, early_stops=8/8
26 - INFO - chord#: 18 In build_straw_man_chord_sa. tolerance = 1, sa_iterations = 1000, initial_temperature = 3.0, cooling_rate = 0.999
26 - INFO - chord#: 18 done. best_score=36.0, changed=522, unchanged=385, early_stops=8/8
26 - INFO - chord#: 20 In build_straw_man_chord_sa. tolerance = 1, sa_iterations = 1000, initial_temperature = 3.0, cooling_rate = 0.999
26 - INFO - chord#: 18 done. best_score=36.0, changed=515, unchanged=401, early_stops=8/8
26 - INFO - chord#: 20 In build_straw_man_chord_sa. tolerance = 1, sa_iterations = 1000, initial_temperature = 3.0, cooling_rate = 0.999
26 - INFO - chord#: 18 done. best_score=36.0, changed=519, unchanged=432, early_stops=8/8
26 - INFO - chord#: 20 In build_straw_man_chord_sa. tolerance = 1, sa_iterations = 1000, initial_temperature = 3.0, cooling_rate = 0.999
26 - INFO - chord#: 16 done. best_score=35.0, changed=521, unchanged=369, early_stops=8/8
26 - INFO - chord#: 18 In build_straw_man_chord_sa. tolerance = 1, sa_iterations = 1000, initial_temperature = 3.0, cooling_rate = 0.999
26 - INFO - chord#: 18 done. best_score=27.0, changed=519, unchanged=387, early_stops=8/8
26 - INFO - chord#: 20 In build_straw_man_chord_sa. tolerance = 1, sa_iterations = 1000, initial_temperature = 3.0, cooling_rate = 0.999
26 - INFO - chord#: 16 done. best_score=35.0, changed=518, unchanged=367, early_stops=8/8
26 - INFO - chord#: 18 In build_straw_man_chord_sa. tolerance = 1, sa_iterations = 1000, initial_temperature = 3.0, cooling_rate = 0.999
26 - INFO - chord#: 18 done. best_score=36.0, changed=525, unchanged=410, early_stops=8/8
26 - INFO - chord#: 20 In build_straw_man_chord_sa. tolerance = 1, sa_iterations = 1000, initial_temperature = 3.0, cooling_rate = 0.999
26 - INFO - chord#: 18 done. best_score=36.0, changed=534, unchanged=490, early_stops=8/8
26 - INFO - chord#: 20 In build_straw_man_chord_sa. tolerance = 1, sa_iterations = 1000, initial_temperature = 3.0, cooling_rate = 0.999
26 - INFO - chord#: 16 done. best_score=35.0, changed=535, unchanged=464, early_stops=8/8
26 - INFO - chord#: 18 In build_straw_man_chord_sa. tolerance = 1, sa_iterations = 1000, initial_temperature = 3.0, cooling_rate = 0.999
26 - INFO - chord#: 16 done. best_score=35.0, changed=523, unchanged=415, early_stops=8/8
26 - INFO - chord#: 18 In build_straw_man_chord_sa. tolerance = 1, sa_iterations = 1000, initial_temperature = 3.0, cooling_rate = 0.999
26 - INFO - chord#: 18 done. best_score=36.0, changed=525, unchanged=384, early_stops=8/8
26 - INFO - chord#: 20 In build_straw_man_chord_sa. tolerance = 1, sa_iterations = 1000, initial_temperature = 3.0, cooling_rate = 0.999
26 - INFO - chord#: 20 done. best_score=27.0, changed=527, unchanged=458, early_stops=8/8
26 - INFO - chord#: 22 In build_straw_man_chord_sa. tolerance = 1, sa_iterations = 1000, initial_temperature = 3.0, cooling_rate = 0.999
26 - INFO - chord#: 18 done. best_score=36.0, changed=525, unchanged=416, early_stops=8/8
26 - INFO - chord#: 20 In build_straw_man_chord_sa. tolerance = 1, sa_iterations = 1000, initial_temperature = 3.0, cooling_rate = 0.999
26 - INFO - chord#: 20 done. best_score=27.0, changed=525, unchanged=489, early_stops=8/8
26 - INFO - chord#: 22 In build_straw_man_chord_sa. tolerance = 1, sa_iterations = 1000, initial_temperature = 3.0, cooling_rate = 0.999
26 - INFO - chord#: 20 done. best_score=27.0, changed=522, unchanged=390, early_stops=8/8
26 - INFO - chord#: 22 In build_straw_man_chord_sa. tolerance = 1, sa_iterations = 1000, initial_temperature = 3.0, cooling_rate = 0.999
26 - INFO - chord#: 20 done. best_score=27.0, changed=516, unchanged=362, early_stops=8/8
26 - INFO - chord#: 22 In build_straw_man_chord_sa. tolerance = 1, sa_iterations = 1000, initial_temperature = 3.0, cooling_rate = 0.999
26 - INFO - chord#: 18 done. best_score=36.0, changed=527, unchanged=315, early_stops=8/8
26 - INFO - chord#: 20 In build_straw_man_chord_sa. tolerance = 1, sa_iterations = 1000, initial_temperature = 3.0, cooling_rate = 0.999
26 - INFO - chord#: 20 done. best_score=27.0, changed=512, unchanged=337, early_stops=8/8
26 - INFO - chord#: 22 In build_straw_man_chord_sa. tolerance = 1, sa_iterations = 1000, initial_temperature = 3.0, cooling_rate = 0.999
26 - INFO - chord#: 20 done. best_score=27.0, changed=516, unchanged=357, early_stops=8/8
26 - INFO - chord#: 22 In build_straw_man_chord_sa. tolerance = 1, sa_iterations = 1000, initial_temperature = 3.0, cooling_rate = 0.999
26 - INFO - chord#: 18 done. best_score=27.0, changed=527, unchanged=397, early_stops=8/8
26 - INFO - chord#: 20 In build_straw_man_chord_sa. tolerance = 1, sa_iterations = 1000, initial_temperature = 3.0, cooling_rate = 0.999
26 - INFO - chord#: 18 done. best_score=27.0, changed=518, unchanged=386, early_stops=8/8
26 - INFO - chord#: 20 In build_straw_man_chord_sa. tolerance = 1, sa_iterations = 1000, initial_temperature = 3.0, cooling_rate = 0.999
26 - INFO - chord#: 18 done. best_score=27.0, changed=524, unchanged=340, early_stops=8/8
26 - INFO - chord#: 20 In build_straw_man_chord_sa. tolerance = 1, sa_iterations = 1000, initial_temperature = 3.0, cooling_rate = 0.999
26 - INFO - chord#: 20 done. best_score=27.0, changed=514, unchanged=389, early_stops=8/8
26 - INFO - chord#: 22 In build_straw_man_chord_sa. tolerance = 1, sa_iterations = 1000, initial_temperature = 3.0, cooling_rate = 0.999
26 - INFO - chord#: 20 done. best_score=27.0, changed=523, unchanged=437, early_stops=8/8
26 - INFO - chord#: 22 In build_straw_man_chord_sa. tolerance = 1, sa_iterations = 1000, initial_temperature = 3.0, cooling_rate = 0.999
26 - INFO - chord#: 20 done. best_score=27.0, changed=523, unchanged=455, early_stops=8/8
26 - INFO - chord#: 22 In build_straw_man_chord_sa. tolerance = 1, sa_iterations = 1000, initial_temperature = 3.0, cooling_rate = 0.999
26 - INFO - chord#: 20 done. best_score=27.0, changed=529, unchanged=422, early_stops=8/8
26 - INFO - chord#: 22 In build_straw_man_chord_sa. tolerance = 1, sa_iterations = 1000, initial_temperature = 3.0, cooling_rate = 0.999
26 - INFO - chord#: 20 done. best_score=27.0, changed=515, unchanged=421, early_stops=8/8
26 - INFO - chord#: 22 In build_straw_man_chord_sa. tolerance = 1, sa_iterations = 1000, initial_temperature = 3.0, cooling_rate = 0.999
26 - INFO - chord#: 20 done. best_score=27.0, changed=539, unchanged=533, early_stops=8/8
26 - INFO - chord#: 22 In build_straw_man_chord_sa. tolerance = 1, sa_iterations = 1000, initial_temperature = 3.0, cooling_rate = 0.999
26 - INFO - chord#: 22 done. best_score=74.0, changed=617, unchanged=231, early_stops=8/8
26 - INFO - chord#: 24 In build_straw_man_chord_sa. tolerance = 1, sa_iterations = 1000, initial_temperature = 3.0, cooling_rate = 0.999
26 - INFO - chord#: 22 done. best_score=74.0, changed=613, unchanged=318, early_stops=8/8
26 - INFO - chord#: 24 In build_straw_man_chord_sa. tolerance = 1, sa_iterations = 1000, initial_temperature = 3.0, cooling_rate = 0.999
26 - INFO - chord#: 22 done. best_score=148.0, changed=611, unchanged=263, early_stops=8/8
26 - INFO - chord#: 24 In build_straw_man_chord_sa. tolerance = 1, sa_iterations = 1000, initial_temperature = 3.0, cooling_rate = 0.999
26 - INFO - chord#: 22 done. best_score=74.0, changed=611, unchanged=337, early_stops=8/8
26 - INFO - chord#: 24 In build_straw_man_chord_sa. tolerance = 1, sa_iterations = 1000, initial_temperature = 3.0, cooling_rate = 0.999
26 - INFO - chord#: 22 done. best_score=96.0, changed=614, unchanged=292, early_stops=8/8
26 - INFO - chord#: 24 In build_straw_man_chord_sa. tolerance = 1, sa_iterations = 1000, initial_temperature = 3.0, cooling_rate = 0.999
26 - INFO - chord#: 22 done. best_score=74.0, changed=616, unchanged=325, early_stops=8/8
26 - INFO - chord#: 24 In build_straw_man_chord_sa. tolerance = 1, sa_iterations = 1000, initial_temperature = 3.0, cooling_rate = 0.999
26 - INFO - chord#: 24 done. best_score=27.0, changed=525, unchanged=410, early_stops=8/8
26 - INFO - chord#: 28 In build_straw_man_chord_sa. tolerance = 1, sa_iterations = 1000, initial_temperature = 3.0, cooling_rate = 0.999
26 - INFO - chord#: 24 done. best_score=27.0, changed=520, unchanged=493, early_stops=8/8
26 - INFO - chord#: 28 In build_straw_man_chord_sa. tolerance = 1, sa_iterations = 1000, initial_temperature = 3.0, cooling_rate = 0.999
26 - INFO - chord#: 24 done. best_score=27.0, changed=517, unchanged=480, early_stops=8/8
26 - INFO - chord#: 28 In build_straw_man_chord_sa. tolerance = 1, sa_iterations = 1000, initial_temperature = 3.0, cooling_rate = 0.999
26 - INFO - chord#: 22 done. best_score=74.0, changed=609, unchanged=279, early_stops=8/8
26 - INFO - chord#: 24 In build_straw_man_chord_sa. tolerance = 1, sa_iterations = 1000, initial_temperature = 3.0, cooling_rate = 0.999
26 - INFO - chord#: 24 done. best_score=27.0, changed=525, unchanged=389, early_stops=8/8
26 - INFO - chord#: 28 In build_straw_man_chord_sa. tolerance = 1, sa_iterations = 1000, initial_temperature = 3.0, cooling_rate = 0.999
26 - INFO - chord#: 24 done. best_score=27.0, changed=518, unchanged=339, early_stops=8/8
26 - INFO - chord#: 28 In build_straw_man_chord_sa. tolerance = 1, sa_iterations = 1000, initial_temperature = 3.0, cooling_rate = 0.999
26 - INFO - chord#: 22 done. best_score=74.0, changed=609, unchanged=296, early_stops=8/8
26 - INFO - chord#: 24 In build_straw_man_chord_sa. tolerance = 1, sa_iterations = 1000, initial_temperature = 3.0, cooling_rate = 0.999
26 - INFO - chord#: 22 done. best_score=74.0, changed=610, unchanged=285, early_stops=8/8
26 - INFO - chord#: 24 In build_straw_man_chord_sa. tolerance = 1, sa_iterations = 1000, initial_temperature = 3.0, cooling_rate = 0.999
26 - INFO - chord#: 22 done. best_score=74.0, changed=608, unchanged=294, early_stops=8/8
26 - INFO - chord#: 24 In build_straw_man_chord_sa. tolerance = 1, sa_iterations = 1000, initial_temperature = 3.0, cooling_rate = 0.999
26 - INFO - chord#: 28 done. best_score=27.0, changed=525, unchanged=447, early_stops=8/8
26 - INFO - chord#: 32 In build_straw_man_chord_sa. tolerance = 1, sa_iterations = 1000, initial_temperature = 3.0, cooling_rate = 0.999
26 - INFO - chord#: 28 done. best_score=27.0, changed=533, unchanged=489, early_stops=8/8
26 - INFO - chord#: 32 In build_straw_man_chord_sa. tolerance = 1, sa_iterations = 1000, initial_temperature = 3.0, cooling_rate = 0.999
26 - INFO - chord#: 24 done. best_score=27.0, changed=524, unchanged=368, early_stops=8/8
26 - INFO - chord#: 28 In build_straw_man_chord_sa. tolerance = 1, sa_iterations = 1000, initial_temperature = 3.0, cooling_rate = 0.999
26 - INFO - chord#: 28 done. best_score=27.0, changed=526, unchanged=620, early_stops=8/8
26 - INFO - chord#: 32 In build_straw_man_chord_sa. tolerance = 1, sa_iterations = 1000, initial_temperature = 3.0, cooling_rate = 0.999
26 - INFO - chord#: 24 done. best_score=27.0, changed=526, unchanged=447, early_stops=8/8
26 - INFO - chord#: 28 In build_straw_man_chord_sa. tolerance = 1, sa_iterations = 1000, initial_temperature = 3.0, cooling_rate = 0.999
26 - INFO - chord#: 22 done. best_score=96.0, changed=610, unchanged=235, early_stops=8/8
26 - INFO - chord#: 24 In build_straw_man_chord_sa. tolerance = 1, sa_iterations = 1000, initial_temperature = 3.0, cooling_rate = 0.999
26 - INFO - chord#: 28 done. best_score=27.0, changed=526, unchanged=414, early_stops=8/8
26 - INFO - chord#: 32 In build_straw_man_chord_sa. tolerance = 1, sa_iterations = 1000, initial_temperature = 3.0, cooling_rate = 0.999
26 - INFO - chord#: 28 done. best_score=27.0, changed=517, unchanged=306, early_stops=8/8
26 - INFO - chord#: 32 In build_straw_man_chord_sa. tolerance = 1, sa_iterations = 1000, initial_temperature = 3.0, cooling_rate = 0.999
26 - INFO - chord#: 22 done. best_score=74.0, changed=618, unchanged=393, early_stops=8/8
26 - INFO - chord#: 24 In build_straw_man_chord_sa. tolerance = 1, sa_iterations = 1000, initial_temperature = 3.0, cooling_rate = 0.999
26 - INFO - chord#: 24 done. best_score=27.0, changed=520, unchanged=359, early_stops=8/8
26 - INFO - chord#: 28 In build_straw_man_chord_sa. tolerance = 1, sa_iterations = 1000, initial_temperature = 3.0, cooling_rate = 0.999
26 - INFO - chord#: 24 done. best_score=27.0, changed=511, unchanged=350, early_stops=8/8
26 - INFO - chord#: 28 In build_straw_man_chord_sa. tolerance = 1, sa_iterations = 1000, initial_temperature = 3.0, cooling_rate = 0.999
26 - INFO - chord#: 24 done. best_score=27.0, changed=517, unchanged=394, early_stops=8/8
26 - INFO - chord#: 28 In build_straw_man_chord_sa. tolerance = 1, sa_iterations = 1000, initial_temperature = 3.0, cooling_rate = 0.999
26 - INFO - chord#: 32 done. best_score=27.0, changed=520, unchanged=378, early_stops=8/8
26 - INFO - chord#: 36 In build_straw_man_chord_sa. tolerance = 1, sa_iterations = 1000, initial_temperature = 3.0, cooling_rate = 0.999
26 - INFO - chord#: 32 done. best_score=27.0, changed=525, unchanged=356, early_stops=8/8
26 - INFO - chord#: 36 In build_straw_man_chord_sa. tolerance = 1, sa_iterations = 1000, initial_temperature = 3.0, cooling_rate = 0.999
26 - INFO - chord#: 32 done. best_score=27.0, changed=529, unchanged=482, early_stops=8/8
26 - INFO - chord#: 36 In build_straw_man_chord_sa. tolerance = 1, sa_iterations = 1000, initial_temperature = 3.0, cooling_rate = 0.999
26 - INFO - chord#: 32 done. best_score=27.0, changed=520, unchanged=408, early_stops=8/8
26 - INFO - chord#: 36 In build_straw_man_chord_sa. tolerance = 1, sa_iterations = 1000, initial_temperature = 3.0, cooling_rate = 0.999
26 - INFO - chord#: 28 done. best_score=27.0, changed=515, unchanged=313, early_stops=8/8
26 - INFO - chord#: 32 In build_straw_man_chord_sa. tolerance = 1, sa_iterations = 1000, initial_temperature = 3.0, cooling_rate = 0.999
26 - INFO - chord#: 28 done. best_score=27.0, changed=523, unchanged=421, early_stops=8/8
26 - INFO - chord#: 32 In build_straw_man_chord_sa. tolerance = 1, sa_iterations = 1000, initial_temperature = 3.0, cooling_rate = 0.999
26 - INFO - chord#: 32 done. best_score=27.0, changed=520, unchanged=363, early_stops=8/8
26 - INFO - chord#: 36 In build_straw_man_chord_sa. tolerance = 1, sa_iterations = 1000, initial_temperature = 3.0, cooling_rate = 0.999
26 - INFO - chord#: 24 done. best_score=27.0, changed=522, unchanged=474, early_stops=8/8
26 - INFO - chord#: 28 In build_straw_man_chord_sa. tolerance = 1, sa_iterations = 1000, initial_temperature = 3.0, cooling_rate = 0.999
26 - INFO - chord#: 24 done. best_score=27.0, changed=526, unchanged=446, early_stops=8/8
26 - INFO - chord#: 28 In build_straw_man_chord_sa. tolerance = 1, sa_iterations = 1000, initial_temperature = 3.0, cooling_rate = 0.999
26 - INFO - chord#: 36 done. best_score=27.0, changed=514, unchanged=336, early_stops=8/8
26 - INFO - chord#: 38 In build_straw_man_chord_sa. tolerance = 1, sa_iterations = 1000, initial_temperature = 3.0, cooling_rate = 0.999
26 - INFO - chord#: 28 done. best_score=27.0, changed=521, unchanged=359, early_stops=8/8
26 - INFO - chord#: 32 In build_straw_man_chord_sa. tolerance = 1, sa_iterations = 1000, initial_temperature = 3.0, cooling_rate = 0.999
26 - INFO - chord#: 36 done. best_score=27.0, changed=518, unchanged=423, early_stops=8/8
26 - INFO - chord#: 38 In build_straw_man_chord_sa. tolerance = 1, sa_iterations = 1000, initial_temperature = 3.0, cooling_rate = 0.999
26 - INFO - chord#: 36 done. best_score=27.0, changed=525, unchanged=436, early_stops=8/8
26 - INFO - chord#: 38 In build_straw_man_chord_sa. tolerance = 1, sa_iterations = 1000, initial_temperature = 3.0, cooling_rate = 0.999
26 - INFO - chord#: 28 done. best_score=27.0, changed=525, unchanged=432, early_stops=8/8
26 - INFO - chord#: 32 In build_straw_man_chord_sa. tolerance = 1, sa_iterations = 1000, initial_temperature = 3.0, cooling_rate = 0.999
26 - INFO - chord#: 36 done. best_score=27.0, changed=527, unchanged=346, early_stops=8/8
26 - INFO - chord#: 38 In build_straw_man_chord_sa. tolerance = 1, sa_iterations = 1000, initial_temperature = 3.0, cooling_rate = 0.999
26 - INFO - chord#: 28 done. best_score=27.0, changed=523, unchanged=438, early_stops=8/8
26 - INFO - chord#: 32 In build_straw_man_chord_sa. tolerance = 1, sa_iterations = 1000, initial_temperature = 3.0, cooling_rate = 0.999
26 - INFO - chord#: 32 done. best_score=27.0, changed=522, unchanged=479, early_stops=8/8
26 - INFO - chord#: 36 In build_straw_man_chord_sa. tolerance = 1, sa_iterations = 1000, initial_temperature = 3.0, cooling_rate = 0.999
26 - INFO - chord#: 32 done. best_score=27.0, changed=523, unchanged=407, early_stops=8/8
26 - INFO - chord#: 36 In build_straw_man_chord_sa. tolerance = 1, sa_iterations = 1000, initial_temperature = 3.0, cooling_rate = 0.999
26 - INFO - chord#: 36 done. best_score=27.0, changed=523, unchanged=492, early_stops=8/8
26 - INFO - chord#: 38 In build_straw_man_chord_sa. tolerance = 1, sa_iterations = 1000, initial_temperature = 3.0, cooling_rate = 0.999
26 - INFO - chord#: 32 done. best_score=27.0, changed=524, unchanged=361, early_stops=8/8
26 - INFO - chord#: 36 In build_straw_man_chord_sa. tolerance = 1, sa_iterations = 1000, initial_temperature = 3.0, cooling_rate = 0.999
26 - INFO - chord#: 28 done. best_score=27.0, changed=528, unchanged=434, early_stops=8/8
26 - INFO - chord#: 32 In build_straw_man_chord_sa. tolerance = 1, sa_iterations = 1000, initial_temperature = 3.0, cooling_rate = 0.999
26 - INFO - chord#: 28 done. best_score=27.0, changed=519, unchanged=447, early_stops=8/8
26 - INFO - chord#: 32 In build_straw_man_chord_sa. tolerance = 1, sa_iterations = 1000, initial_temperature = 3.0, cooling_rate = 0.999
26 - INFO - chord#: 32 done. best_score=27.0, changed=514, unchanged=376, early_stops=8/8
26 - INFO - chord#: 36 In build_straw_man_chord_sa. tolerance = 1, sa_iterations = 1000, initial_temperature = 3.0, cooling_rate = 0.999
26 - INFO - chord#: 32 done. best_score=27.0, changed=526, unchanged=388, early_stops=8/8
26 - INFO - chord#: 36 In build_straw_man_chord_sa. tolerance = 1, sa_iterations = 1000, initial_temperature = 3.0, cooling_rate = 0.999
26 - INFO - chord#: 36 done. best_score=27.0, changed=517, unchanged=330, early_stops=8/8
26 - INFO - chord#: 38 In build_straw_man_chord_sa. tolerance = 1, sa_iterations = 1000, initial_temperature = 3.0, cooling_rate = 0.999
26 - INFO - chord#: 36 done. best_score=27.0, changed=514, unchanged=324, early_stops=8/8
26 - INFO - chord#: 38 In build_straw_man_chord_sa. tolerance = 1, sa_iterations = 1000, initial_temperature = 3.0, cooling_rate = 0.999
26 - INFO - chord#: 36 done. best_score=27.0, changed=524, unchanged=475, early_stops=8/8
26 - INFO - chord#: 38 In build_straw_man_chord_sa. tolerance = 1, sa_iterations = 1000, initial_temperature = 3.0, cooling_rate = 0.999
26 - INFO - chord#: 38 done. best_score=67.0, changed=604, unchanged=260, early_stops=8/8
26 - INFO - chord#: 40 In build_straw_man_chord_sa. tolerance = 1, sa_iterations = 1000, initial_temperature = 3.0, cooling_rate = 0.999
26 - INFO - chord#: 38 done. best_score=67.0, changed=612, unchanged=257, early_stops=8/8
26 - INFO - chord#: 40 In build_straw_man_chord_sa. tolerance = 1, sa_iterations = 1000, initial_temperature = 3.0, cooling_rate = 0.999
26 - INFO - chord#: 32 done. best_score=27.0, changed=521, unchanged=386, early_stops=8/8
26 - INFO - chord#: 36 In build_straw_man_chord_sa. tolerance = 1, sa_iterations = 1000, initial_temperature = 3.0, cooling_rate = 0.999
26 - INFO - chord#: 32 done. best_score=27.0, changed=520, unchanged=390, early_stops=8/8
26 - INFO - chord#: 36 In build_straw_man_chord_sa. tolerance = 1, sa_iterations = 1000, initial_temperature = 3.0, cooling_rate = 0.999
26 - INFO - chord#: 38 done. best_score=157.0, changed=615, unchanged=308, early_stops=8/8
26 - INFO - chord#: 40 In build_straw_man_chord_sa. tolerance = 1, sa_iterations = 1000, initial_temperature = 3.0, cooling_rate = 0.999
26 - INFO - chord#: 36 done. best_score=27.0, changed=524, unchanged=403, early_stops=8/8
26 - INFO - chord#: 38 In build_straw_man_chord_sa. tolerance = 1, sa_iterations = 1000, initial_temperature = 3.0, cooling_rate = 0.999
26 - INFO - chord#: 38 done. best_score=137.0, changed=613, unchanged=333, early_stops=8/8
26 - INFO - chord#: 40 In build_straw_man_chord_sa. tolerance = 1, sa_iterations = 1000, initial_temperature = 3.0, cooling_rate = 0.999
26 - INFO - chord#: 36 done. best_score=27.0, changed=522, unchanged=357, early_stops=8/8
26 - INFO - chord#: 38 In build_straw_man_chord_sa. tolerance = 1, sa_iterations = 1000, initial_temperature = 3.0, cooling_rate = 0.999
26 - INFO - chord#: 40 done. best_score=27.0, changed=515, unchanged=351, early_stops=8/8
26 - INFO - chord#: 42 In build_straw_man_chord_sa. tolerance = 1, sa_iterations = 1000, initial_temperature = 3.0, cooling_rate = 0.999
26 - INFO - chord#: 40 done. best_score=27.0, changed=521, unchanged=337, early_stops=8/8
26 - INFO - chord#: 42 In build_straw_man_chord_sa. tolerance = 1, sa_iterations = 1000, initial_temperature = 3.0, cooling_rate = 0.999
26 - INFO - chord#: 40 done. best_score=27.0, changed=525, unchanged=455, early_stops=8/8
26 - INFO - chord#: 42 In build_straw_man_chord_sa. tolerance = 1, sa_iterations = 1000, initial_temperature = 3.0, cooling_rate = 0.999
26 - INFO - chord#: 36 done. best_score=27.0, changed=519, unchanged=323, early_stops=8/8
26 - INFO - chord#: 38 In build_straw_man_chord_sa. tolerance = 1, sa_iterations = 1000, initial_temperature = 3.0, cooling_rate = 0.999
26 - INFO - chord#: 36 done. best_score=27.0, changed=527, unchanged=443, early_stops=8/8
26 - INFO - chord#: 38 In build_straw_man_chord_sa. tolerance = 1, sa_iterations = 1000, initial_temperature = 3.0, cooling_rate = 0.999
26 - INFO - chord#: 40 done. best_score=27.0, changed=526, unchanged=480, early_stops=8/8
26 - INFO - chord#: 42 In build_straw_man_chord_sa. tolerance = 1, sa_iterations = 1000, initial_temperature = 3.0, cooling_rate = 0.999
26 - INFO - chord#: 38 done. best_score=67.0, changed=614, unchanged=353, early_stops=8/8
26 - INFO - chord#: 40 In build_straw_man_chord_sa. tolerance = 1, sa_iterations = 1000, initial_temperature = 3.0, cooling_rate = 0.999
26 - INFO - chord#: 42 done. best_score=27.0, changed=529, unchanged=458, early_stops=8/8
26 - INFO - chord#: 44 In build_straw_man_chord_sa. tolerance = 1, sa_iterations = 1000, initial_temperature = 3.0, cooling_rate = 0.999
26 - INFO - chord#: 42 done. best_score=27.0, changed=519, unchanged=330, early_stops=8/8
26 - INFO - chord#: 44 In build_straw_man_chord_sa. tolerance = 1, sa_iterations = 1000, initial_temperature = 3.0, cooling_rate = 0.999
26 - INFO - chord#: 42 done. best_score=27.0, changed=523, unchanged=323, early_stops=8/8
26 - INFO - chord#: 44 In build_straw_man_chord_sa. tolerance = 1, sa_iterations = 1000, initial_temperature = 3.0, cooling_rate = 0.999
26 - INFO - chord#: 38 done. best_score=96.0, changed=615, unchanged=370, early_stops=8/8
26 - INFO - chord#: 40 In build_straw_man_chord_sa. tolerance = 1, sa_iterations = 1000, initial_temperature = 3.0, cooling_rate = 0.999
26 - INFO - chord#: 38 done. best_score=67.0, changed=612, unchanged=267, early_stops=8/8
26 - INFO - chord#: 40 In build_straw_man_chord_sa. tolerance = 1, sa_iterations = 1000, initial_temperature = 3.0, cooling_rate = 0.999
26 - INFO - chord#: 42 done. best_score=27.0, changed=517, unchanged=415, early_stops=8/8
26 - INFO - chord#: 44 In build_straw_man_chord_sa. tolerance = 1, sa_iterations = 1000, initial_temperature = 3.0, cooling_rate = 0.999
26 - INFO - chord#: 38 done. best_score=67.0, changed=610, unchanged=431, early_stops=8/8
26 - INFO - chord#: 40 In build_straw_man_chord_sa. tolerance = 1, sa_iterations = 1000, initial_temperature = 3.0, cooling_rate = 0.999
26 - INFO - chord#: 38 done. best_score=67.0, changed=611, unchanged=249, early_stops=8/8
26 - INFO - chord#: 40 In build_straw_man_chord_sa. tolerance = 1, sa_iterations = 1000, initial_temperature = 3.0, cooling_rate = 0.999
26 - INFO - chord#: 44 done. best_score=27.0, changed=522, unchanged=457, early_stops=8/8
26 - INFO - chord#: 46 In build_straw_man_chord_sa. tolerance = 1, sa_iterations = 1000, initial_temperature = 3.0, cooling_rate = 0.999
26 - INFO - chord#: 44 done. best_score=27.0, changed=520, unchanged=541, early_stops=8/8
26 - INFO - chord#: 46 In build_straw_man_chord_sa. tolerance = 1, sa_iterations = 1000, initial_temperature = 3.0, cooling_rate = 0.999
26 - INFO - chord#: 40 done. best_score=27.0, changed=522, unchanged=481, early_stops=8/8
26 - INFO - chord#: 42 In build_straw_man_chord_sa. tolerance = 1, sa_iterations = 1000, initial_temperature = 3.0, cooling_rate = 0.999
26 - INFO - chord#: 44 done. best_score=27.0, changed=527, unchanged=576, early_stops=8/8
26 - INFO - chord#: 46 In build_straw_man_chord_sa. tolerance = 1, sa_iterations = 1000, initial_temperature = 3.0, cooling_rate = 0.999
26 - INFO - chord#: 38 done. best_score=96.0, changed=614, unchanged=342, early_stops=8/8
26 - INFO - chord#: 40 In build_straw_man_chord_sa. tolerance = 1, sa_iterations = 1000, initial_temperature = 3.0, cooling_rate = 0.999
26 - INFO - chord#: 44 done. best_score=27.0, changed=515, unchanged=385, early_stops=8/8
26 - INFO - chord#: 46 In build_straw_man_chord_sa. tolerance = 1, sa_iterations = 1000, initial_temperature = 3.0, cooling_rate = 0.999
26 - INFO - chord#: 40 done. best_score=27.0, changed=517, unchanged=364, early_stops=8/8
26 - INFO - chord#: 42 In build_straw_man_chord_sa. tolerance = 1, sa_iterations = 1000, initial_temperature = 3.0, cooling_rate = 0.999
26 - INFO - chord#: 40 done. best_score=27.0, changed=524, unchanged=451, early_stops=8/8
26 - INFO - chord#: 42 In build_straw_man_chord_sa. tolerance = 1, sa_iterations = 1000, initial_temperature = 3.0, cooling_rate = 0.999
26 - INFO - chord#: 40 done. best_score=27.0, changed=520, unchanged=402, early_stops=8/8
26 - INFO - chord#: 42 In build_straw_man_chord_sa. tolerance = 1, sa_iterations = 1000, initial_temperature = 3.0, cooling_rate = 0.999
26 - INFO - chord#: 38 done. best_score=67.0, changed=610, unchanged=222, early_stops=8/8
26 - INFO - chord#: 40 In build_straw_man_chord_sa. tolerance = 1, sa_iterations = 1000, initial_temperature = 3.0, cooling_rate = 0.999
26 - INFO - chord#: 40 done. best_score=27.0, changed=530, unchanged=407, early_stops=8/8
26 - INFO - chord#: 42 In build_straw_man_chord_sa. tolerance = 1, sa_iterations = 1000, initial_temperature = 3.0, cooling_rate = 0.999
26 - INFO - chord#: 38 done. best_score=137.0, changed=611, unchanged=311, early_stops=8/8
26 - INFO - chord#: 40 In build_straw_man_chord_sa. tolerance = 1, sa_iterations = 1000, initial_temperature = 3.0, cooling_rate = 0.999
26 - INFO - chord#: 42 done. best_score=27.0, changed=521, unchanged=438, early_stops=8/8
26 - INFO - chord#: 44 In build_straw_man_chord_sa. tolerance = 1, sa_iterations = 1000, initial_temperature = 3.0, cooling_rate = 0.999
26 - INFO - chord#: 42 done. best_score=27.0, changed=523, unchanged=428, early_stops=8/8
26 - INFO - chord#: 44 In build_straw_man_chord_sa. tolerance = 1, sa_iterations = 1000, initial_temperature = 3.0, cooling_rate = 0.999
26 - INFO - chord#: 42 done. best_score=27.0, changed=526, unchanged=389, early_stops=8/8
26 - INFO - chord#: 44 In build_straw_man_chord_sa. tolerance = 1, sa_iterations = 1000, initial_temperature = 3.0, cooling_rate = 0.999
26 - INFO - chord#: 40 done. best_score=27.0, changed=523, unchanged=486, early_stops=8/8
26 - INFO - chord#: 42 In build_straw_man_chord_sa. tolerance = 1, sa_iterations = 1000, initial_temperature = 3.0, cooling_rate = 0.999
26 - INFO - chord#: 42 done. best_score=27.0, changed=514, unchanged=366, early_stops=8/8
26 - INFO - chord#: 44 In build_straw_man_chord_sa. tolerance = 1, sa_iterations = 1000, initial_temperature = 3.0, cooling_rate = 0.999
26 - INFO - chord#: 42 done. best_score=27.0, changed=521, unchanged=380, early_stops=8/8
26 - INFO - chord#: 44 In build_straw_man_chord_sa. tolerance = 1, sa_iterations = 1000, initial_temperature = 3.0, cooling_rate = 0.999
26 - INFO - chord#: 46 done. best_score=70.0, changed=607, unchanged=286, early_stops=8/8
26 - INFO - chord#: 48 In build_straw_man_chord_sa. tolerance = 1, sa_iterations = 1000, initial_temperature = 3.0, cooling_rate = 0.999
26 - INFO - chord#: 40 done. best_score=27.0, changed=521, unchanged=457, early_stops=8/8
26 - INFO - chord#: 42 In build_straw_man_chord_sa. tolerance = 1, sa_iterations = 1000, initial_temperature = 3.0, cooling_rate = 0.999
26 - INFO - chord#: 46 done. best_score=70.0, changed=613, unchanged=342, early_stops=8/8
26 - INFO - chord#: 48 In build_straw_man_chord_sa. tolerance = 1, sa_iterations = 1000, initial_temperature = 3.0, cooling_rate = 0.999
26 - INFO - chord#: 46 done. best_score=141.0, changed=613, unchanged=306, early_stops=8/8
26 - INFO - chord#: 48 In build_straw_man_chord_sa. tolerance = 1, sa_iterations = 1000, initial_temperature = 3.0, cooling_rate = 0.999
26 - INFO - chord#: 44 done. best_score=27.0, changed=515, unchanged=371, early_stops=8/8
26 - INFO - chord#: 46 In build_straw_man_chord_sa. tolerance = 1, sa_iterations = 1000, initial_temperature = 3.0, cooling_rate = 0.999
26 - INFO - chord#: 40 done. best_score=27.0, changed=523, unchanged=384, early_stops=8/8
26 - INFO - chord#: 42 In build_straw_man_chord_sa. tolerance = 1, sa_iterations = 1000, initial_temperature = 3.0, cooling_rate = 0.999
26 - INFO - chord#: 44 done. best_score=27.0, changed=514, unchanged=346, early_stops=8/8
26 - INFO - chord#: 46 In build_straw_man_chord_sa. tolerance = 1, sa_iterations = 1000, initial_temperature = 3.0, cooling_rate = 0.999
26 - INFO - chord#: 44 done. best_score=27.0, changed=516, unchanged=450, early_stops=8/8
26 - INFO - chord#: 46 In build_straw_man_chord_sa. tolerance = 1, sa_iterations = 1000, initial_temperature = 3.0, cooling_rate = 0.999
26 - INFO - chord#: 46 done. best_score=70.0, changed=612, unchanged=430, early_stops=8/8
26 - INFO - chord#: 48 In build_straw_man_chord_sa. tolerance = 1, sa_iterations = 1000, initial_temperature = 3.0, cooling_rate = 0.999
26 - INFO - chord#: 48 done. best_score=27.0, changed=530, unchanged=395, early_stops=8/8
26 - INFO - chord#: 50 In build_straw_man_chord_sa. tolerance = 1, sa_iterations = 1000, initial_temperature = 3.0, cooling_rate = 0.999
26 - INFO - chord#: 42 done. best_score=27.0, changed=528, unchanged=424, early_stops=8/8
26 - INFO - chord#: 44 In build_straw_man_chord_sa. tolerance = 1, sa_iterations = 1000, initial_temperature = 3.0, cooling_rate = 0.999
26 - INFO - chord#: 48 done. best_score=27.0, changed=518, unchanged=349, early_stops=8/8
26 - INFO - chord#: 48 done. best_score=27.0, changed=528, unchanged=353, early_stops=8/8
26 - INFO - chord#: 50 In build_straw_man_chord_sa. tolerance = 1, sa_iterations = 1000, initial_temperature = 3.0, cooling_rate = 0.999
26 - INFO - chord#: 50 In build_straw_man_chord_sa. tolerance = 1, sa_iterations = 1000, initial_temperature = 3.0, cooling_rate = 0.999
26 - INFO - chord#: 42 done. best_score=27.0, changed=522, unchanged=396, early_stops=8/8
26 - INFO - chord#: 44 In build_straw_man_chord_sa. tolerance = 1, sa_iterations = 1000, initial_temperature = 3.0, cooling_rate = 0.999
26 - INFO - chord#: 44 done. best_score=27.0, changed=523, unchanged=504, early_stops=8/8
26 - INFO - chord#: 46 In build_straw_man_chord_sa. tolerance = 1, sa_iterations = 1000, initial_temperature = 3.0, cooling_rate = 0.999
26 - INFO - chord#: 44 done. best_score=27.0, changed=521, unchanged=419, early_stops=8/8
26 - INFO - chord#: 46 In build_straw_man_chord_sa. tolerance = 1, sa_iterations = 1000, initial_temperature = 3.0, cooling_rate = 0.999
26 - INFO - chord#: 48 done. best_score=27.0, changed=526, unchanged=474, early_stops=8/8
26 - INFO - chord#: 50 In build_straw_man_chord_sa. tolerance = 1, sa_iterations = 1000, initial_temperature = 3.0, cooling_rate = 0.999
26 - INFO - chord#: 42 done. best_score=27.0, changed=516, unchanged=400, early_stops=8/8
26 - INFO - chord#: 44 In build_straw_man_chord_sa. tolerance = 1, sa_iterations = 1000, initial_temperature = 3.0, cooling_rate = 0.999
26 - INFO - chord#: 44 done. best_score=27.0, changed=522, unchanged=379, early_stops=8/8
26 - INFO - chord#: 46 In build_straw_man_chord_sa. tolerance = 1, sa_iterations = 1000, initial_temperature = 3.0, cooling_rate = 0.999
26 - INFO - chord#: 44 done. best_score=27.0, changed=511, unchanged=361, early_stops=8/8
26 - INFO - chord#: 46 In build_straw_man_chord_sa. tolerance = 1, sa_iterations = 1000, initial_temperature = 3.0, cooling_rate = 0.999
26 - INFO - chord#: 46 done. best_score=70.0, changed=616, unchanged=355, early_stops=8/8
26 - INFO - chord#: 48 In build_straw_man_chord_sa. tolerance = 1, sa_iterations = 1000, initial_temperature = 3.0, cooling_rate = 0.999
26 - INFO - chord#: 44 done. best_score=27.0, changed=509, unchanged=338, early_stops=8/8
26 - INFO - chord#: 46 In build_straw_man_chord_sa. tolerance = 1, sa_iterations = 1000, initial_temperature = 3.0, cooling_rate = 0.999
26 - INFO - chord#: 50 done. best_score=67.0, changed=608, unchanged=220, early_stops=8/8
26 - INFO - chord#: 52 In build_straw_man_chord_sa. tolerance = 1, sa_iterations = 1000, initial_temperature = 3.0, cooling_rate = 0.999
26 - INFO - chord#: 46 done. best_score=141.0, changed=619, unchanged=222, early_stops=8/8
26 - INFO - chord#: 48 In build_straw_man_chord_sa. tolerance = 1, sa_iterations = 1000, initial_temperature = 3.0, cooling_rate = 0.999
26 - INFO - chord#: 50 done. best_score=67.0, changed=614, unchanged=404, early_stops=8/8
26 - INFO - chord#: 52 In build_straw_man_chord_sa. tolerance = 1, sa_iterations = 1000, initial_temperature = 3.0, cooling_rate = 0.999
26 - INFO - chord#: 46 done. best_score=70.0, changed=612, unchanged=464, early_stops=8/8
26 - INFO - chord#: 48 In build_straw_man_chord_sa. tolerance = 1, sa_iterations = 1000, initial_temperature = 3.0, cooling_rate = 0.999
26 - INFO - chord#: 50 done. best_score=67.0, changed=621, unchanged=424, early_stops=8/8
26 - INFO - chord#: 52 In build_straw_man_chord_sa. tolerance = 1, sa_iterations = 1000, initial_temperature = 3.0, cooling_rate = 0.999
26 - INFO - chord#: 48 done. best_score=27.0, changed=511, unchanged=311, early_stops=8/8
26 - INFO - chord#: 50 In build_straw_man_chord_sa. tolerance = 1, sa_iterations = 1000, initial_temperature = 3.0, cooling_rate = 0.999
26 - INFO - chord#: 50 done. best_score=67.0, changed=613, unchanged=278, early_stops=8/8
26 - INFO - chord#: 52 In build_straw_man_chord_sa. tolerance = 1, sa_iterations = 1000, initial_temperature = 3.0, cooling_rate = 0.999
26 - INFO - chord#: 46 done. best_score=70.0, changed=616, unchanged=498, early_stops=8/8
26 - INFO - chord#: 48 In build_straw_man_chord_sa. tolerance = 1, sa_iterations = 1000, initial_temperature = 3.0, cooling_rate = 0.999
26 - INFO - chord#: 48 done. best_score=27.0, changed=538, unchanged=392, early_stops=8/8
26 - INFO - chord#: 50 In build_straw_man_chord_sa. tolerance = 1, sa_iterations = 1000, initial_temperature = 3.0, cooling_rate = 0.999
26 - INFO - chord#: 52 done. best_score=27.0, changed=516, unchanged=442, early_stops=8/8
26 - INFO - chord#: 54 In build_straw_man_chord_sa. tolerance = 1, sa_iterations = 1000, initial_temperature = 3.0, cooling_rate = 0.999
26 - INFO - chord#: 48 done. best_score=27.0, changed=524, unchanged=446, early_stops=8/8
26 - INFO - chord#: 46 done. best_score=141.0, changed=614, unchanged=469, early_stops=8/8
26 - INFO - chord#: 52 done. best_score=27.0, changed=522, unchanged=383, early_stops=8/8
26 - INFO - chord#: 48 In build_straw_man_chord_sa. tolerance = 1, sa_iterations = 1000, initial_temperature = 3.0, cooling_rate = 0.999
26 - INFO - chord#: 50 In build_straw_man_chord_sa. tolerance = 1, sa_iterations = 1000, initial_temperature = 3.0, cooling_rate = 0.999
26 - INFO - chord#: 54 In build_straw_man_chord_sa. tolerance = 1, sa_iterations = 1000, initial_temperature = 3.0, cooling_rate = 0.999
26 - INFO - chord#: 52 done. best_score=27.0, changed=524, unchanged=427, early_stops=8/8
26 - INFO - chord#: 54 In build_straw_man_chord_sa. tolerance = 1, sa_iterations = 1000, initial_temperature = 3.0, cooling_rate = 0.999
26 - INFO - chord#: 52 done. best_score=27.0, changed=519, unchanged=377, early_stops=8/8
26 - INFO - chord#: 54 In build_straw_man_chord_sa. tolerance = 1, sa_iterations = 1000, initial_temperature = 3.0, cooling_rate = 0.999
26 - INFO - chord#: 48 done. best_score=27.0, changed=523, unchanged=324, early_stops=8/8
26 - INFO - chord#: 50 In build_straw_man_chord_sa. tolerance = 1, sa_iterations = 1000, initial_temperature = 3.0, cooling_rate = 0.999
26 - INFO - chord#: 46 done. best_score=70.0, changed=615, unchanged=284, early_stops=8/8
26 - INFO - chord#: 48 In build_straw_man_chord_sa. tolerance = 1, sa_iterations = 1000, initial_temperature = 3.0, cooling_rate = 0.999
26 - INFO - chord#: 46 done. best_score=103.0, changed=609, unchanged=222, early_stops=8/8
26 - INFO - chord#: 48 In build_straw_man_chord_sa. tolerance = 1, sa_iterations = 1000, initial_temperature = 3.0, cooling_rate = 0.999
26 - INFO - chord#: 48 done. best_score=27.0, changed=521, unchanged=326, early_stops=8/8
26 - INFO - chord#: 50 In build_straw_man_chord_sa. tolerance = 1, sa_iterations = 1000, initial_temperature = 3.0, cooling_rate = 0.999
26 - INFO - chord#: 46 done. best_score=149.0, changed=608, unchanged=426, early_stops=8/8
26 - INFO - chord#: 48 In build_straw_man_chord_sa. tolerance = 1, sa_iterations = 1000, initial_temperature = 3.0, cooling_rate = 0.999
26 - INFO - chord#: 50 done. best_score=67.0, changed=613, unchanged=306, early_stops=8/8
26 - INFO - chord#: 52 In build_straw_man_chord_sa. tolerance = 1, sa_iterations = 1000, initial_temperature = 3.0, cooling_rate = 0.999
26 - INFO - chord#: 48 done. best_score=27.0, changed=513, unchanged=330, early_stops=8/8
26 - INFO - chord#: 50 In build_straw_man_chord_sa. tolerance = 1, sa_iterations = 1000, initial_temperature = 3.0, cooling_rate = 0.999
26 - INFO - chord#: 48 done. best_score=27.0, changed=521, unchanged=333, early_stops=8/8
26 - INFO - chord#: 50 In build_straw_man_chord_sa. tolerance = 1, sa_iterations = 1000, initial_temperature = 3.0, cooling_rate = 0.999
26 - INFO - chord#: 50 done. best_score=67.0, changed=608, unchanged=353, early_stops=8/8
26 - INFO - chord#: 52 In build_straw_man_chord_sa. tolerance = 1, sa_iterations = 1000, initial_temperature = 3.0, cooling_rate = 0.999
26 - INFO - chord#: 54 done. best_score=146.0, changed=608, unchanged=247, early_stops=8/8
26 - INFO - chord#: 56 In build_straw_man_chord_sa. tolerance = 1, sa_iterations = 1000, initial_temperature = 3.0, cooling_rate = 0.999
26 - INFO - chord#: 54 done. best_score=149.0, changed=606, unchanged=256, early_stops=8/8
26 - INFO - chord#: 56 In build_straw_man_chord_sa. tolerance = 1, sa_iterations = 1000, initial_temperature = 3.0, cooling_rate = 0.999
26 - INFO - chord#: 54 done. best_score=70.0, changed=607, unchanged=265, early_stops=8/8
26 - INFO - chord#: 56 In build_straw_man_chord_sa. tolerance = 1, sa_iterations = 1000, initial_temperature = 3.0, cooling_rate = 0.999
26 - INFO - chord#: 52 done. best_score=27.0, changed=524, unchanged=504, early_stops=8/8
26 - INFO - chord#: 54 In build_straw_man_chord_sa. tolerance = 1, sa_iterations = 1000, initial_temperature = 3.0, cooling_rate = 0.999
26 - INFO - chord#: 48 done. best_score=27.0, changed=531, unchanged=432, early_stops=8/8
26 - INFO - chord#: 50 In build_straw_man_chord_sa. tolerance = 1, sa_iterations = 1000, initial_temperature = 3.0, cooling_rate = 0.999
26 - INFO - chord#: 50 done. best_score=67.0, changed=611, unchanged=244, early_stops=8/8
26 - INFO - chord#: 52 In build_straw_man_chord_sa. tolerance = 1, sa_iterations = 1000, initial_temperature = 3.0, cooling_rate = 0.999
26 - INFO - chord#: 54 done. best_score=70.0, changed=613, unchanged=314, early_stops=8/8
26 - INFO - chord#: 56 In build_straw_man_chord_sa. tolerance = 1, sa_iterations = 1000, initial_temperature = 3.0, cooling_rate = 0.999
26 - INFO - chord#: 52 done. best_score=27.0, changed=532, unchanged=409, early_stops=8/8
26 - INFO - chord#: 54 In build_straw_man_chord_sa. tolerance = 1, sa_iterations = 1000, initial_temperature = 3.0, cooling_rate = 0.999
26 - INFO - chord#: 50 done. best_score=67.0, changed=612, unchanged=284, early_stops=8/8
26 - INFO - chord#: 52 In build_straw_man_chord_sa. tolerance = 1, sa_iterations = 1000, initial_temperature = 3.0, cooling_rate = 0.999
26 - INFO - chord#: 56 done. best_score=27.0, changed=520, unchanged=353, early_stops=8/8
26 - INFO - chord#: 58 In build_straw_man_chord_sa. tolerance = 1, sa_iterations = 1000, initial_temperature = 3.0, cooling_rate = 0.999
26 - INFO - chord#: 56 done. best_score=27.0, changed=526, unchanged=307, early_stops=8/8
26 - INFO - chord#: 58 In build_straw_man_chord_sa. tolerance = 1, sa_iterations = 1000, initial_temperature = 3.0, cooling_rate = 0.999
26 - INFO - chord#: 56 done. best_score=27.0, changed=534, unchanged=385, early_stops=8/8
26 - INFO - chord#: 58 In build_straw_man_chord_sa. tolerance = 1, sa_iterations = 1000, initial_temperature = 3.0, cooling_rate = 0.999
26 - INFO - chord#: 50 done. best_score=67.0, changed=608, unchanged=272, early_stops=8/8
26 - INFO - chord#: 52 In build_straw_man_chord_sa. tolerance = 1, sa_iterations = 1000, initial_temperature = 3.0, cooling_rate = 0.999
26 - INFO - chord#: 50 done. best_score=78.0, changed=615, unchanged=271, early_stops=8/8
26 - INFO - chord#: 52 In build_straw_man_chord_sa. tolerance = 1, sa_iterations = 1000, initial_temperature = 3.0, cooling_rate = 0.999
26 - INFO - chord#: 56 done. best_score=27.0, changed=528, unchanged=300, early_stops=8/8
26 - INFO - chord#: 58 In build_straw_man_chord_sa. tolerance = 1, sa_iterations = 1000, initial_temperature = 3.0, cooling_rate = 0.999
26 - INFO - chord#: 50 done. best_score=67.0, changed=614, unchanged=276, early_stops=8/8
26 - INFO - chord#: 52 In build_straw_man_chord_sa. tolerance = 1, sa_iterations = 1000, initial_temperature = 3.0, cooling_rate = 0.999
26 - INFO - chord#: 52 done. best_score=27.0, changed=521, unchanged=519, early_stops=8/8
26 - INFO - chord#: 54 In build_straw_man_chord_sa. tolerance = 1, sa_iterations = 1000, initial_temperature = 3.0, cooling_rate = 0.999
26 - INFO - chord#: 52 done. best_score=27.0, changed=524, unchanged=480, early_stops=8/8
26 - INFO - chord#: 54 In build_straw_man_chord_sa. tolerance = 1, sa_iterations = 1000, initial_temperature = 3.0, cooling_rate = 0.999
26 - INFO - chord#: 52 done. best_score=27.0, changed=522, unchanged=354, early_stops=8/8
26 - INFO - chord#: 54 In build_straw_man_chord_sa. tolerance = 1, sa_iterations = 1000, initial_temperature = 3.0, cooling_rate = 0.999
26 - INFO - chord#: 52 done. best_score=27.0, changed=513, unchanged=329, early_stops=8/8
26 - INFO - chord#: 54 In build_straw_man_chord_sa. tolerance = 1, sa_iterations = 1000, initial_temperature = 3.0, cooling_rate = 0.999
26 - INFO - chord#: 54 done. best_score=70.0, changed=612, unchanged=372, early_stops=8/8
26 - INFO - chord#: 56 In build_straw_man_chord_sa. tolerance = 1, sa_iterations = 1000, initial_temperature = 3.0, cooling_rate = 0.999
26 - INFO - chord#: 52 done. best_score=27.0, changed=520, unchanged=376, early_stops=8/8
26 - INFO - chord#: 54 In build_straw_man_chord_sa. tolerance = 1, sa_iterations = 1000, initial_temperature = 3.0, cooling_rate = 0.999
26 - INFO - chord#: 50 done. best_score=78.0, changed=616, unchanged=296, early_stops=8/8
26 - INFO - chord#: 52 In build_straw_man_chord_sa. tolerance = 1, sa_iterations = 1000, initial_temperature = 3.0, cooling_rate = 0.999
26 - INFO - chord#: 54 done. best_score=70.0, changed=610, unchanged=357, early_stops=8/8
26 - INFO - chord#: 56 In build_straw_man_chord_sa. tolerance = 1, sa_iterations = 1000, initial_temperature = 3.0, cooling_rate = 0.999
26 - INFO - chord#: 58 done. best_score=82.0, changed=616, unchanged=331, early_stops=8/8
26 - INFO - chord#: 60 In build_straw_man_chord_sa. tolerance = 1, sa_iterations = 1000, initial_temperature = 3.0, cooling_rate = 0.999
26 - INFO - chord#: 56 done. best_score=27.0, changed=530, unchanged=350, early_stops=8/8
26 - INFO - chord#: 58 In build_straw_man_chord_sa. tolerance = 1, sa_iterations = 1000, initial_temperature = 3.0, cooling_rate = 0.999
26 - INFO - chord#: 58 done. best_score=82.0, changed=618, unchanged=450, early_stops=8/8
26 - INFO - chord#: 60 In build_straw_man_chord_sa. tolerance = 1, sa_iterations = 1000, initial_temperature = 3.0, cooling_rate = 0.999
26 - INFO - chord#: 58 done. best_score=82.0, changed=617, unchanged=415, early_stops=8/8
26 - INFO - chord#: 60 In build_straw_man_chord_sa. tolerance = 1, sa_iterations = 1000, initial_temperature = 3.0, cooling_rate = 0.999
26 - INFO - chord#: 60 done. best_score=31.0, changed=522, unchanged=323, early_stops=8/8
26 - INFO - chord#: 62 In build_straw_man_chord_sa. tolerance = 1, sa_iterations = 1000, initial_temperature = 3.0, cooling_rate = 0.999
26 - INFO - chord#: 56 done. best_score=27.0, changed=529, unchanged=321, early_stops=8/8
26 - INFO - chord#: 58 In build_straw_man_chord_sa. tolerance = 1, sa_iterations = 1000, initial_temperature = 3.0, cooling_rate = 0.999
26 - INFO - chord#: 52 done. best_score=27.0, changed=513, unchanged=360, early_stops=8/8
26 - INFO - chord#: 54 In build_straw_man_chord_sa. tolerance = 1, sa_iterations = 1000, initial_temperature = 3.0, cooling_rate = 0.999
26 - INFO - chord#: 62 done. best_score=7.0, changed=505, unchanged=312, early_stops=8/8
26 - INFO - chord#: 64 In build_straw_man_chord_sa. tolerance = 1, sa_iterations = 1000, initial_temperature = 3.0, cooling_rate = 0.999
26 - INFO - chord#: 54 done. best_score=146.0, changed=611, unchanged=345, early_stops=8/8
26 - INFO - chord#: 56 In build_straw_man_chord_sa. tolerance = 1, sa_iterations = 1000, initial_temperature = 3.0, cooling_rate = 0.999
26 - INFO - chord#: 60 done. best_score=31.0, changed=539, unchanged=324, early_stops=8/8
26 - INFO - chord#: 62 In build_straw_man_chord_sa. tolerance = 1, sa_iterations = 1000, initial_temperature = 3.0, cooling_rate = 0.999
26 - INFO - chord#: 62 done. best_score=7.0, changed=499, unchanged=323, early_stops=8/8
26 - INFO - chord#: 64 In build_straw_man_chord_sa. tolerance = 1, sa_iterations = 1000, initial_temperature = 3.0, cooling_rate = 0.999
26 - INFO - chord#: 54 done. best_score=70.0, changed=618, unchanged=338, early_stops=8/8
26 - INFO - chord#: 56 In build_straw_man_chord_sa. tolerance = 1, sa_iterations = 1000, initial_temperature = 3.0, cooling_rate = 0.999
26 - INFO - chord#: 58 done. best_score=82.0, changed=615, unchanged=396, early_stops=8/8
26 - INFO - chord#: 60 In build_straw_man_chord_sa. tolerance = 1, sa_iterations = 1000, initial_temperature = 3.0, cooling_rate = 0.999
26 - INFO - chord#: 54 done. best_score=70.0, changed=613, unchanged=234, early_stops=8/8
26 - INFO - chord#: 56 In build_straw_man_chord_sa. tolerance = 1, sa_iterations = 1000, initial_temperature = 3.0, cooling_rate = 0.999
26 - INFO - chord#: 60 done. best_score=31.0, changed=532, unchanged=348, early_stops=8/8
26 - INFO - chord#: 62 In build_straw_man_chord_sa. tolerance = 1, sa_iterations = 1000, initial_temperature = 3.0, cooling_rate = 0.999
26 - INFO - chord#: 62 done. best_score=7.0, changed=494, unchanged=326, early_stops=8/8
26 - INFO - chord#: 64 In build_straw_man_chord_sa. tolerance = 1, sa_iterations = 1000, initial_temperature = 3.0, cooling_rate = 0.999
26 - INFO - chord#: 64 done. best_score=27.0, changed=520, unchanged=405, early_stops=8/8
26 - INFO - chord#: 54 done. best_score=70.0, changed=612, unchanged=355, early_stops=8/8
26 - INFO - chord#: 66 In build_straw_man_chord_sa. tolerance = 1, sa_iterations = 1000, initial_temperature = 3.0, cooling_rate = 0.999
26 - INFO - chord#: 56 In build_straw_man_chord_sa. tolerance = 1, sa_iterations = 1000, initial_temperature = 3.0, cooling_rate = 0.999
26 - INFO - chord#: 54 done. best_score=146.0, changed=615, unchanged=322, early_stops=8/8
26 - INFO - chord#: 56 In build_straw_man_chord_sa. tolerance = 1, sa_iterations = 1000, initial_temperature = 3.0, cooling_rate = 0.999
26 - INFO - chord#: 56 done. best_score=27.0, changed=542, unchanged=387, early_stops=8/8
26 - INFO - chord#: 58 In build_straw_man_chord_sa. tolerance = 1, sa_iterations = 1000, initial_temperature = 3.0, cooling_rate = 0.999
26 - INFO - chord#: 64 done. best_score=27.0, changed=524, unchanged=316, early_stops=8/8
26 - INFO - chord#: 66 In build_straw_man_chord_sa. tolerance = 1, sa_iterations = 1000, initial_temperature = 3.0, cooling_rate = 0.999
26 - INFO - chord#: 56 done. best_score=27.0, changed=523, unchanged=399, early_stops=8/8
26 - INFO - chord#: 58 In build_straw_man_chord_sa. tolerance = 1, sa_iterations = 1000, initial_temperature = 3.0, cooling_rate = 0.999
26 - INFO - chord#: 56 done. best_score=27.0, changed=531, unchanged=357, early_stops=8/8
26 - INFO - chord#: 58 In build_straw_man_chord_sa. tolerance = 1, sa_iterations = 1000, initial_temperature = 3.0, cooling_rate = 0.999
26 - INFO - chord#: 60 done. best_score=31.0, changed=532, unchanged=346, early_stops=8/8
26 - INFO - chord#: 62 In build_straw_man_chord_sa. tolerance = 1, sa_iterations = 1000, initial_temperature = 3.0, cooling_rate = 0.999
26 - INFO - chord#: 58 done. best_score=82.0, changed=612, unchanged=269, early_stops=8/8
26 - INFO - chord#: 60 In build_straw_man_chord_sa. tolerance = 1, sa_iterations = 1000, initial_temperature = 3.0, cooling_rate = 0.999
26 - INFO - chord#: 56 done. best_score=27.0, changed=527, unchanged=328, early_stops=8/8
26 - INFO - chord#: 58 In build_straw_man_chord_sa. tolerance = 1, sa_iterations = 1000, initial_temperature = 3.0, cooling_rate = 0.999
26 - INFO - chord#: 62 done. best_score=7.0, changed=498, unchanged=334, early_stops=8/8
26 - INFO - chord#: 64 In build_straw_man_chord_sa. tolerance = 1, sa_iterations = 1000, initial_temperature = 3.0, cooling_rate = 0.999
26 - INFO - chord#: 64 done. best_score=27.0, changed=528, unchanged=414, early_stops=8/8
26 - INFO - chord#: 66 In build_straw_man_chord_sa. tolerance = 1, sa_iterations = 1000, initial_temperature = 3.0, cooling_rate = 0.999
26 - INFO - chord#: 56 done. best_score=27.0, changed=531, unchanged=375, early_stops=8/8
26 - INFO - chord#: 58 In build_straw_man_chord_sa. tolerance = 1, sa_iterations = 1000, initial_temperature = 3.0, cooling_rate = 0.999
26 - INFO - chord#: 60 done. best_score=49.0, changed=521, unchanged=319, early_stops=8/8
26 - INFO - chord#: 62 In build_straw_man_chord_sa. tolerance = 1, sa_iterations = 1000, initial_temperature = 3.0, cooling_rate = 0.999
26 - INFO - chord#: 54 done. best_score=70.0, changed=612, unchanged=308, early_stops=8/8
26 - INFO - chord#: 56 In build_straw_man_chord_sa. tolerance = 1, sa_iterations = 1000, initial_temperature = 3.0, cooling_rate = 0.999
26 - INFO - chord#: 62 done. best_score=7.0, changed=505, unchanged=320, early_stops=8/8
26 - INFO - chord#: 64 In build_straw_man_chord_sa. tolerance = 1, sa_iterations = 1000, initial_temperature = 3.0, cooling_rate = 0.999
26 - INFO - chord#: 58 done. best_score=82.0, changed=618, unchanged=528, early_stops=8/8
26 - INFO - chord#: 60 In build_straw_man_chord_sa. tolerance = 1, sa_iterations = 1000, initial_temperature = 3.0, cooling_rate = 0.999
26 - INFO - chord#: 64 done. best_score=27.0, changed=525, unchanged=376, early_stops=8/8
26 - INFO - chord#: 66 In build_straw_man_chord_sa. tolerance = 1, sa_iterations = 1000, initial_temperature = 3.0, cooling_rate = 0.999
26 - INFO - chord#: 66 done. best_score=137.0, changed=614, unchanged=272, early_stops=8/8
26 - INFO - chord#: 68 In build_straw_man_chord_sa. tolerance = 1, sa_iterations = 1000, initial_temperature = 3.0, cooling_rate = 0.999
26 - INFO - chord#: 58 done. best_score=82.0, changed=606, unchanged=199, early_stops=8/8
26 - INFO - chord#: 60 In build_straw_man_chord_sa. tolerance = 1, sa_iterations = 1000, initial_temperature = 3.0, cooling_rate = 0.999
26 - INFO - chord#: 64 done. best_score=27.0, changed=521, unchanged=324, early_stops=8/8
26 - INFO - chord#: 66 In build_straw_man_chord_sa. tolerance = 1, sa_iterations = 1000, initial_temperature = 3.0, cooling_rate = 0.999
26 - INFO - chord#: 66 done. best_score=137.0, changed=612, unchanged=335, early_stops=8/8
26 - INFO - chord#: 68 In build_straw_man_chord_sa. tolerance = 1, sa_iterations = 1000, initial_temperature = 3.0, cooling_rate = 0.999
26 - INFO - chord#: 56 done. best_score=27.0, changed=512, unchanged=303, early_stops=8/8
26 - INFO - chord#: 58 In build_straw_man_chord_sa. tolerance = 1, sa_iterations = 1000, initial_temperature = 3.0, cooling_rate = 0.999
26 - INFO - chord#: 60 done. best_score=31.0, changed=534, unchanged=322, early_stops=8/8
26 - INFO - chord#: 62 In build_straw_man_chord_sa. tolerance = 1, sa_iterations = 1000, initial_temperature = 3.0, cooling_rate = 0.999
26 - INFO - chord#: 58 done. best_score=82.0, changed=619, unchanged=432, early_stops=8/8
26 - INFO - chord#: 60 In build_straw_man_chord_sa. tolerance = 1, sa_iterations = 1000, initial_temperature = 3.0, cooling_rate = 0.999
26 - INFO - chord#: 60 done. best_score=31.0, changed=523, unchanged=330, early_stops=8/8
26 - INFO - chord#: 62 In build_straw_man_chord_sa. tolerance = 1, sa_iterations = 1000, initial_temperature = 3.0, cooling_rate = 0.999
26 - INFO - chord#: 62 done. best_score=7.0, changed=532, unchanged=291, early_stops=8/8
26 - INFO - chord#: 64 In build_straw_man_chord_sa. tolerance = 1, sa_iterations = 1000, initial_temperature = 3.0, cooling_rate = 0.999
26 - INFO - chord#: 68 done. best_score=27.0, changed=525, unchanged=496, early_stops=8/8
26 - INFO - chord#: 80 In build_straw_man_chord_sa. tolerance = 1, sa_iterations = 1000, initial_temperature = 3.0, cooling_rate = 0.999
26 - INFO - chord#: 58 done. best_score=82.0, changed=617, unchanged=393, early_stops=8/8
26 - INFO - chord#: 60 In build_straw_man_chord_sa. tolerance = 1, sa_iterations = 1000, initial_temperature = 3.0, cooling_rate = 0.999
26 - INFO - chord#: 62 done. best_score=7.0, changed=503, unchanged=307, early_stops=8/8
26 - INFO - chord#: 64 In build_straw_man_chord_sa. tolerance = 1, sa_iterations = 1000, initial_temperature = 3.0, cooling_rate = 0.999
26 - INFO - chord#: 58 done. best_score=82.0, changed=612, unchanged=302, early_stops=8/8
26 - INFO - chord#: 60 In build_straw_man_chord_sa. tolerance = 1, sa_iterations = 1000, initial_temperature = 3.0, cooling_rate = 0.999
26 - INFO - chord#: 66 done. best_score=67.0, changed=606, unchanged=230, early_stops=8/8
26 - INFO - chord#: 68 In build_straw_man_chord_sa. tolerance = 1, sa_iterations = 1000, initial_temperature = 3.0, cooling_rate = 0.999
26 - INFO - chord#: 68 done. best_score=27.0, changed=531, unchanged=508, early_stops=8/8
26 - INFO - chord#: 80 In build_straw_man_chord_sa. tolerance = 1, sa_iterations = 1000, initial_temperature = 3.0, cooling_rate = 0.999
26 - INFO - chord#: 60 done. best_score=31.0, changed=531, unchanged=315, early_stops=8/8
26 - INFO - chord#: 62 In build_straw_man_chord_sa. tolerance = 1, sa_iterations = 1000, initial_temperature = 3.0, cooling_rate = 0.999
26 - INFO - chord#: 58 done. best_score=82.0, changed=614, unchanged=584, early_stops=8/8
26 - INFO - chord#: 60 In build_straw_man_chord_sa. tolerance = 1, sa_iterations = 1000, initial_temperature = 3.0, cooling_rate = 0.999
26 - INFO - chord#: 64 done. best_score=27.0, changed=524, unchanged=328, early_stops=8/8
26 - INFO - chord#: 66 In build_straw_man_chord_sa. tolerance = 1, sa_iterations = 1000, initial_temperature = 3.0, cooling_rate = 0.999
26 - INFO - chord#: 64 done. best_score=27.0, changed=521, unchanged=344, early_stops=8/8
26 - INFO - chord#: 66 In build_straw_man_chord_sa. tolerance = 1, sa_iterations = 1000, initial_temperature = 3.0, cooling_rate = 0.999
26 - INFO - chord#: 80 done. best_score=27.0, changed=522, unchanged=367, early_stops=8/8
26 - INFO - chord#: 84 In build_straw_man_chord_sa. tolerance = 1, sa_iterations = 1000, initial_temperature = 3.0, cooling_rate = 0.999
26 - INFO - chord#: 62 done. best_score=7.0, changed=516, unchanged=292, early_stops=8/8
26 - INFO - chord#: 64 In build_straw_man_chord_sa. tolerance = 1, sa_iterations = 1000, initial_temperature = 3.0, cooling_rate = 0.999
26 - INFO - chord#: 60 done. best_score=31.0, changed=526, unchanged=397, early_stops=8/8
26 - INFO - chord#: 62 In build_straw_man_chord_sa. tolerance = 1, sa_iterations = 1000, initial_temperature = 3.0, cooling_rate = 0.999
26 - INFO - chord#: 60 done. best_score=31.0, changed=524, unchanged=339, early_stops=8/8
26 - INFO - chord#: 62 In build_straw_man_chord_sa. tolerance = 1, sa_iterations = 1000, initial_temperature = 3.0, cooling_rate = 0.999
26 - INFO - chord#: 62 done. best_score=7.0, changed=513, unchanged=303, early_stops=8/8
26 - INFO - chord#: 64 In build_straw_man_chord_sa. tolerance = 1, sa_iterations = 1000, initial_temperature = 3.0, cooling_rate = 0.999
26 - INFO - chord#: 80 done. best_score=27.0, changed=516, unchanged=315, early_stops=8/8
26 - INFO - chord#: 84 In build_straw_man_chord_sa. tolerance = 1, sa_iterations = 1000, initial_temperature = 3.0, cooling_rate = 0.999
26 - INFO - chord#: 62 done. best_score=7.0, changed=481, unchanged=325, early_stops=8/8
26 - INFO - chord#: 64 In build_straw_man_chord_sa. tolerance = 1, sa_iterations = 1000, initial_temperature = 3.0, cooling_rate = 0.999
26 - INFO - chord#: 68 done. best_score=27.0, changed=520, unchanged=397, early_stops=8/8
26 - INFO - chord#: 80 In build_straw_man_chord_sa. tolerance = 1, sa_iterations = 1000, initial_temperature = 3.0, cooling_rate = 0.999
26 - INFO - chord#: 60 done. best_score=31.0, changed=532, unchanged=321, early_stops=8/8
26 - INFO - chord#: 62 In build_straw_man_chord_sa. tolerance = 1, sa_iterations = 1000, initial_temperature = 3.0, cooling_rate = 0.999
26 - INFO - chord#: 84 done. best_score=27.0, changed=512, unchanged=395, early_stops=8/8
26 - INFO - chord#: 86 In build_straw_man_chord_sa. tolerance = 1, sa_iterations = 1000, initial_temperature = 3.0, cooling_rate = 0.999
26 - INFO - chord#: 66 done. best_score=96.0, changed=616, unchanged=441, early_stops=8/8
26 - INFO - chord#: 68 In build_straw_man_chord_sa. tolerance = 1, sa_iterations = 1000, initial_temperature = 3.0, cooling_rate = 0.999
26 - INFO - chord#: 64 done. best_score=27.0, changed=513, unchanged=349, early_stops=8/8
26 - INFO - chord#: 66 In build_straw_man_chord_sa. tolerance = 1, sa_iterations = 1000, initial_temperature = 3.0, cooling_rate = 0.999
26 - INFO - chord#: 62 done. best_score=7.0, changed=493, unchanged=323, early_stops=8/8
26 - INFO - chord#: 64 In build_straw_man_chord_sa. tolerance = 1, sa_iterations = 1000, initial_temperature = 3.0, cooling_rate = 0.999
26 - INFO - chord#: 66 done. best_score=137.0, changed=617, unchanged=398, early_stops=8/8
26 - INFO - chord#: 68 In build_straw_man_chord_sa. tolerance = 1, sa_iterations = 1000, initial_temperature = 3.0, cooling_rate = 0.999
26 - INFO - chord#: 64 done. best_score=27.0, changed=531, unchanged=545, early_stops=8/8
26 - INFO - chord#: 66 In build_straw_man_chord_sa. tolerance = 1, sa_iterations = 1000, initial_temperature = 3.0, cooling_rate = 0.999
26 - INFO - chord#: 58 done. best_score=120.0, changed=611, unchanged=314, early_stops=8/8
26 - INFO - chord#: 60 In build_straw_man_chord_sa. tolerance = 1, sa_iterations = 1000, initial_temperature = 3.0, cooling_rate = 0.999
26 - INFO - chord#: 84 done. best_score=27.0, changed=521, unchanged=328, early_stops=8/8
26 - INFO - chord#: 86 In build_straw_man_chord_sa. tolerance = 1, sa_iterations = 1000, initial_temperature = 3.0, cooling_rate = 0.999
26 - INFO - chord#: 64 done. best_score=27.0, changed=524, unchanged=441, early_stops=8/8
26 - INFO - chord#: 66 In build_straw_man_chord_sa. tolerance = 1, sa_iterations = 1000, initial_temperature = 3.0, cooling_rate = 0.999
26 - INFO - chord#: 80 done. best_score=27.0, changed=518, unchanged=302, early_stops=8/8
26 - INFO - chord#: 84 In build_straw_man_chord_sa. tolerance = 1, sa_iterations = 1000, initial_temperature = 3.0, cooling_rate = 0.999
26 - INFO - chord#: 68 done. best_score=27.0, changed=522, unchanged=400, early_stops=8/8
26 - INFO - chord#: 80 In build_straw_man_chord_sa. tolerance = 1, sa_iterations = 1000, initial_temperature = 3.0, cooling_rate = 0.999
26 - INFO - chord#: 64 done. best_score=27.0, changed=521, unchanged=439, early_stops=8/8
26 - INFO - chord#: 66 In build_straw_man_chord_sa. tolerance = 1, sa_iterations = 1000, initial_temperature = 3.0, cooling_rate = 0.999
26 - INFO - chord#: 68 done. best_score=27.0, changed=524, unchanged=468, early_stops=8/8
26 - INFO - chord#: 80 In build_straw_man_chord_sa. tolerance = 1, sa_iterations = 1000, initial_temperature = 3.0, cooling_rate = 0.999
26 - INFO - chord#: 66 done. best_score=137.0, changed=612, unchanged=337, early_stops=8/8
26 - INFO - chord#: 68 In build_straw_man_chord_sa. tolerance = 1, sa_iterations = 1000, initial_temperature = 3.0, cooling_rate = 0.999
26 - INFO - chord#: 60 done. best_score=31.0, changed=526, unchanged=399, early_stops=8/8
26 - INFO - chord#: 62 In build_straw_man_chord_sa. tolerance = 1, sa_iterations = 1000, initial_temperature = 3.0, cooling_rate = 0.999
26 - INFO - chord#: 62 done. best_score=7.0, changed=503, unchanged=314, early_stops=8/8
26 - INFO - chord#: 64 In build_straw_man_chord_sa. tolerance = 1, sa_iterations = 1000, initial_temperature = 3.0, cooling_rate = 0.999
26 - INFO - chord#: 84 done. best_score=27.0, changed=518, unchanged=482, early_stops=8/8
26 - INFO - chord#: 86 In build_straw_man_chord_sa. tolerance = 1, sa_iterations = 1000, initial_temperature = 3.0, cooling_rate = 0.999
26 - INFO - chord#: 80 done. best_score=27.0, changed=530, unchanged=560, early_stops=8/8
26 - INFO - chord#: 84 In build_straw_man_chord_sa. tolerance = 1, sa_iterations = 1000, initial_temperature = 3.0, cooling_rate = 0.999
26 - INFO - chord#: 80 done. best_score=27.0, changed=514, unchanged=351, early_stops=8/8
26 - INFO - chord#: 84 In build_straw_man_chord_sa. tolerance = 1, sa_iterations = 1000, initial_temperature = 3.0, cooling_rate = 0.999
26 - INFO - chord#: 68 done. best_score=27.0, changed=522, unchanged=442, early_stops=8/8
26 - INFO - chord#: 80 In build_straw_man_chord_sa. tolerance = 1, sa_iterations = 1000, initial_temperature = 3.0, cooling_rate = 0.999
26 - INFO - chord#: 66 done. best_score=137.0, changed=612, unchanged=283, early_stops=8/8
26 - INFO - chord#: 68 In build_straw_man_chord_sa. tolerance = 1, sa_iterations = 1000, initial_temperature = 3.0, cooling_rate = 0.999
26 - INFO - chord#: 66 done. best_score=96.0, changed=615, unchanged=492, early_stops=8/8
26 - INFO - chord#: 68 In build_straw_man_chord_sa. tolerance = 1, sa_iterations = 1000, initial_temperature = 3.0, cooling_rate = 0.999
26 - INFO - chord#: 66 done. best_score=96.0, changed=611, unchanged=276, early_stops=8/8
26 - INFO - chord#: 68 In build_straw_man_chord_sa. tolerance = 1, sa_iterations = 1000, initial_temperature = 3.0, cooling_rate = 0.999
26 - INFO - chord#: 86 done. best_score=67.0, changed=613, unchanged=482, early_stops=8/8
26 - INFO - chord#: 88 In build_straw_man_chord_sa. tolerance = 1, sa_iterations = 1000, initial_temperature = 3.0, cooling_rate = 0.999
26 - INFO - chord#: 64 done. best_score=27.0, changed=530, unchanged=390, early_stops=8/8
26 - INFO - chord#: 66 In build_straw_man_chord_sa. tolerance = 1, sa_iterations = 1000, initial_temperature = 3.0, cooling_rate = 0.999
26 - INFO - chord#: 86 done. best_score=67.0, changed=612, unchanged=367, early_stops=8/8
26 - INFO - chord#: 88 In build_straw_man_chord_sa. tolerance = 1, sa_iterations = 1000, initial_temperature = 3.0, cooling_rate = 0.999
26 - INFO - chord#: 84 done. best_score=27.0, changed=514, unchanged=409, early_stops=8/8
26 - INFO - chord#: 86 In build_straw_man_chord_sa. tolerance = 1, sa_iterations = 1000, initial_temperature = 3.0, cooling_rate = 0.999
26 - INFO - chord#: 80 done. best_score=27.0, changed=520, unchanged=352, early_stops=8/8
26 - INFO - chord#: 84 In build_straw_man_chord_sa. tolerance = 1, sa_iterations = 1000, initial_temperature = 3.0, cooling_rate = 0.999
26 - INFO - chord#: 68 done. best_score=27.0, changed=526, unchanged=336, early_stops=8/8
26 - INFO - chord#: 80 In build_straw_man_chord_sa. tolerance = 1, sa_iterations = 1000, initial_temperature = 3.0, cooling_rate = 0.999
26 - INFO - chord#: 84 done. best_score=27.0, changed=519, unchanged=346, early_stops=8/8
26 - INFO - chord#: 86 In build_straw_man_chord_sa. tolerance = 1, sa_iterations = 1000, initial_temperature = 3.0, cooling_rate = 0.999
26 - INFO - chord#: 66 done. best_score=141.0, changed=615, unchanged=391, early_stops=8/8
26 - INFO - chord#: 68 In build_straw_man_chord_sa. tolerance = 1, sa_iterations = 1000, initial_temperature = 3.0, cooling_rate = 0.999
26 - INFO - chord#: 88 done. best_score=27.0, changed=525, unchanged=344, early_stops=8/8
26 - INFO - chord#: 92 In build_straw_man_chord_sa. tolerance = 1, sa_iterations = 1000, initial_temperature = 3.0, cooling_rate = 0.999
26 - INFO - chord#: 68 done. best_score=27.0, changed=525, unchanged=384, early_stops=8/8
26 - INFO - chord#: 80 In build_straw_man_chord_sa. tolerance = 1, sa_iterations = 1000, initial_temperature = 3.0, cooling_rate = 0.999
26 - INFO - chord#: 68 done. best_score=27.0, changed=516, unchanged=441, early_stops=8/8
26 - INFO - chord#: 80 In build_straw_man_chord_sa. tolerance = 1, sa_iterations = 1000, initial_temperature = 3.0, cooling_rate = 0.999
26 - INFO - chord#: 88 done. best_score=27.0, changed=523, unchanged=497, early_stops=8/8
26 - INFO - chord#: 92 In build_straw_man_chord_sa. tolerance = 1, sa_iterations = 1000, initial_temperature = 3.0, cooling_rate = 0.999
26 - INFO - chord#: 80 done. best_score=27.0, changed=519, unchanged=440, early_stops=8/8
26 - INFO - chord#: 84 In build_straw_man_chord_sa. tolerance = 1, sa_iterations = 1000, initial_temperature = 3.0, cooling_rate = 0.999
26 - INFO - chord#: 84 done. best_score=27.0, changed=520, unchanged=389, early_stops=8/8
26 - INFO - chord#: 86 In build_straw_man_chord_sa. tolerance = 1, sa_iterations = 1000, initial_temperature = 3.0, cooling_rate = 0.999
26 - INFO - chord#: 86 done. best_score=96.0, changed=605, unchanged=207, early_stops=8/8
26 - INFO - chord#: 88 In build_straw_man_chord_sa. tolerance = 1, sa_iterations = 1000, initial_temperature = 3.0, cooling_rate = 0.999
26 - INFO - chord#: 66 done. best_score=67.0, changed=607, unchanged=341, early_stops=8/8
26 - INFO - chord#: 68 In build_straw_man_chord_sa. tolerance = 1, sa_iterations = 1000, initial_temperature = 3.0, cooling_rate = 0.999
26 - INFO - chord#: 68 done. best_score=27.0, changed=519, unchanged=344, early_stops=8/8
26 - INFO - chord#: 80 In build_straw_man_chord_sa. tolerance = 1, sa_iterations = 1000, initial_temperature = 3.0, cooling_rate = 0.999
26 - INFO - chord#: 92 done. best_score=27.0, changed=520, unchanged=377, early_stops=8/8
26 - INFO - chord#: 94 In build_straw_man_chord_sa. tolerance = 1, sa_iterations = 1000, initial_temperature = 3.0, cooling_rate = 0.999
26 - INFO - chord#: 80 done. best_score=27.0, changed=529, unchanged=387, early_stops=8/8
26 - INFO - chord#: 84 In build_straw_man_chord_sa. tolerance = 1, sa_iterations = 1000, initial_temperature = 3.0, cooling_rate = 0.999
26 - INFO - chord#: 92 done. best_score=36.0, changed=519, unchanged=360, early_stops=8/8
26 - INFO - chord#: 94 In build_straw_man_chord_sa. tolerance = 1, sa_iterations = 1000, initial_temperature = 3.0, cooling_rate = 0.999
26 - INFO - chord#: 80 done. best_score=27.0, changed=528, unchanged=333, early_stops=8/8
26 - INFO - chord#: 84 In build_straw_man_chord_sa. tolerance = 1, sa_iterations = 1000, initial_temperature = 3.0, cooling_rate = 0.999
26 - INFO - chord#: 86 done. best_score=195.0, changed=610, unchanged=277, early_stops=8/8
26 - INFO - chord#: 88 In build_straw_man_chord_sa. tolerance = 1, sa_iterations = 1000, initial_temperature = 3.0, cooling_rate = 0.999
26 - INFO - chord#: 84 done. best_score=27.0, changed=517, unchanged=308, early_stops=8/8
26 - INFO - chord#: 86 In build_straw_man_chord_sa. tolerance = 1, sa_iterations = 1000, initial_temperature = 3.0, cooling_rate = 0.999
26 - INFO - chord#: 88 done. best_score=27.0, changed=520, unchanged=492, early_stops=8/8
26 - INFO - chord#: 92 In build_straw_man_chord_sa. tolerance = 1, sa_iterations = 1000, initial_temperature = 3.0, cooling_rate = 0.999
26 - INFO - chord#: 68 done. best_score=27.0, changed=523, unchanged=498, early_stops=8/8
26 - INFO - chord#: 80 In build_straw_man_chord_sa. tolerance = 1, sa_iterations = 1000, initial_temperature = 3.0, cooling_rate = 0.999
26 - INFO - chord#: 84 done. best_score=27.0, changed=525, unchanged=510, early_stops=8/8
26 - INFO - chord#: 86 In build_straw_man_chord_sa. tolerance = 1, sa_iterations = 1000, initial_temperature = 3.0, cooling_rate = 0.999
26 - INFO - chord#: 80 done. best_score=27.0, changed=524, unchanged=344, early_stops=8/8
26 - INFO - chord#: 84 In build_straw_man_chord_sa. tolerance = 1, sa_iterations = 1000, initial_temperature = 3.0, cooling_rate = 0.999
26 - INFO - chord#: 86 done. best_score=67.0, changed=610, unchanged=305, early_stops=8/8
26 - INFO - chord#: 88 In build_straw_man_chord_sa. tolerance = 1, sa_iterations = 1000, initial_temperature = 3.0, cooling_rate = 0.999
26 - INFO - chord#: 84 done. best_score=27.0, changed=523, unchanged=397, early_stops=8/8
26 - INFO - chord#: 86 In build_straw_man_chord_sa. tolerance = 1, sa_iterations = 1000, initial_temperature = 3.0, cooling_rate = 0.999
26 - INFO - chord#: 88 done. best_score=27.0, changed=523, unchanged=414, early_stops=8/8
26 - INFO - chord#: 92 In build_straw_man_chord_sa. tolerance = 1, sa_iterations = 1000, initial_temperature = 3.0, cooling_rate = 0.999
26 - INFO - chord#: 66 done. best_score=67.0, changed=615, unchanged=423, early_stops=8/8
26 - INFO - chord#: 68 In build_straw_man_chord_sa. tolerance = 1, sa_iterations = 1000, initial_temperature = 3.0, cooling_rate = 0.999
26 - INFO - chord#: 86 done. best_score=125.0, changed=610, unchanged=258, early_stops=8/8
26 - INFO - chord#: 88 In build_straw_man_chord_sa. tolerance = 1, sa_iterations = 1000, initial_temperature = 3.0, cooling_rate = 0.999
26 - INFO - chord#: 80 done. best_score=27.0, changed=523, unchanged=312, early_stops=8/8
26 - INFO - chord#: 84 In build_straw_man_chord_sa. tolerance = 1, sa_iterations = 1000, initial_temperature = 3.0, cooling_rate = 0.999
26 - INFO - chord#: 94 done. best_score=64.0, changed=611, unchanged=290, early_stops=8/8
26 - INFO - chord#: 96 In build_straw_man_chord_sa. tolerance = 1, sa_iterations = 1000, initial_temperature = 3.0, cooling_rate = 0.999
26 - INFO - chord#: 92 done. best_score=27.0, changed=518, unchanged=351, early_stops=8/8
26 - INFO - chord#: 94 In build_straw_man_chord_sa. tolerance = 1, sa_iterations = 1000, initial_temperature = 3.0, cooling_rate = 0.999
26 - INFO - chord#: 88 done. best_score=27.0, changed=517, unchanged=335, early_stops=8/8
26 - INFO - chord#: 92 In build_straw_man_chord_sa. tolerance = 1, sa_iterations = 1000, initial_temperature = 3.0, cooling_rate = 0.999
26 - INFO - chord#: 84 done. best_score=27.0, changed=516, unchanged=342, early_stops=8/8
26 - INFO - chord#: 86 In build_straw_man_chord_sa. tolerance = 1, sa_iterations = 1000, initial_temperature = 3.0, cooling_rate = 0.999
26 - INFO - chord#: 86 done. best_score=67.0, changed=604, unchanged=247, early_stops=8/8
26 - INFO - chord#: 88 In build_straw_man_chord_sa. tolerance = 1, sa_iterations = 1000, initial_temperature = 3.0, cooling_rate = 0.999
26 - INFO - chord#: 88 done. best_score=57.0, changed=532, unchanged=386, early_stops=8/8
26 - INFO - chord#: 92 In build_straw_man_chord_sa. tolerance = 1, sa_iterations = 1000, initial_temperature = 3.0, cooling_rate = 0.999
26 - INFO - chord#: 92 done. best_score=27.0, changed=526, unchanged=488, early_stops=8/8
26 - INFO - chord#: 94 In build_straw_man_chord_sa. tolerance = 1, sa_iterations = 1000, initial_temperature = 3.0, cooling_rate = 0.999
26 - INFO - chord#: 94 done. best_score=71.0, changed=621, unchanged=460, early_stops=8/8
26 - INFO - chord#: 96 In build_straw_man_chord_sa. tolerance = 1, sa_iterations = 1000, initial_temperature = 3.0, cooling_rate = 0.999
26 - INFO - chord#: 68 done. best_score=27.0, changed=525, unchanged=565, early_stops=8/8
26 - INFO - chord#: 80 In build_straw_man_chord_sa. tolerance = 1, sa_iterations = 1000, initial_temperature = 3.0, cooling_rate = 0.999
26 - INFO - chord#: 96 done. best_score=27.0, changed=529, unchanged=518, early_stops=8/8
26 - INFO - chord#: 98 In build_straw_man_chord_sa. tolerance = 1, sa_iterations = 1000, initial_temperature = 3.0, cooling_rate = 0.999
26 - INFO - chord#: 86 done. best_score=145.0, changed=614, unchanged=320, early_stops=8/8
26 - INFO - chord#: 88 In build_straw_man_chord_sa. tolerance = 1, sa_iterations = 1000, initial_temperature = 3.0, cooling_rate = 0.999
26 - INFO - chord#: 88 done. best_score=27.0, changed=516, unchanged=345, early_stops=8/8
26 - INFO - chord#: 92 In build_straw_man_chord_sa. tolerance = 1, sa_iterations = 1000, initial_temperature = 3.0, cooling_rate = 0.999
26 - INFO - chord#: 84 done. best_score=27.0, changed=517, unchanged=402, early_stops=8/8
26 - INFO - chord#: 86 In build_straw_man_chord_sa. tolerance = 1, sa_iterations = 1000, initial_temperature = 3.0, cooling_rate = 0.999
26 - INFO - chord#: 92 done. best_score=27.0, changed=529, unchanged=426, early_stops=8/8
26 - INFO - chord#: 94 In build_straw_man_chord_sa. tolerance = 1, sa_iterations = 1000, initial_temperature = 3.0, cooling_rate = 0.999
26 - INFO - chord#: 92 done. best_score=27.0, changed=521, unchanged=424, early_stops=8/8
26 - INFO - chord#: 94 In build_straw_man_chord_sa. tolerance = 1, sa_iterations = 1000, initial_temperature = 3.0, cooling_rate = 0.999
26 - INFO - chord#: 96 done. best_score=27.0, changed=521, unchanged=369, early_stops=8/8
26 - INFO - chord#: 98 In build_straw_man_chord_sa. tolerance = 1, sa_iterations = 1000, initial_temperature = 3.0, cooling_rate = 0.999
26 - INFO - chord#: 80 done. best_score=27.0, changed=530, unchanged=369, early_stops=8/8
26 - INFO - chord#: 84 In build_straw_man_chord_sa. tolerance = 1, sa_iterations = 1000, initial_temperature = 3.0, cooling_rate = 0.999
26 - INFO - chord#: 86 done. best_score=67.0, changed=610, unchanged=305, early_stops=8/8
26 - INFO - chord#: 88 In build_straw_man_chord_sa. tolerance = 1, sa_iterations = 1000, initial_temperature = 3.0, cooling_rate = 0.999
26 - INFO - chord#: 88 done. best_score=27.0, changed=521, unchanged=362, early_stops=8/8
26 - INFO - chord#: 92 In build_straw_man_chord_sa. tolerance = 1, sa_iterations = 1000, initial_temperature = 3.0, cooling_rate = 0.999
26 - INFO - chord#: 92 done. best_score=27.0, changed=524, unchanged=423, early_stops=8/8
26 - INFO - chord#: 94 In build_straw_man_chord_sa. tolerance = 1, sa_iterations = 1000, initial_temperature = 3.0, cooling_rate = 0.999
26 - INFO - chord#: 94 done. best_score=64.0, changed=612, unchanged=235, early_stops=8/8
26 - INFO - chord#: 96 In build_straw_man_chord_sa. tolerance = 1, sa_iterations = 1000, initial_temperature = 3.0, cooling_rate = 0.999
26 - INFO - chord#: 94 done. best_score=64.0, changed=605, unchanged=279, early_stops=8/8
26 - INFO - chord#: 96 In build_straw_man_chord_sa. tolerance = 1, sa_iterations = 1000, initial_temperature = 3.0, cooling_rate = 0.999
26 - INFO - chord#: 86 done. best_score=96.0, changed=617, unchanged=316, early_stops=8/8
26 - INFO - chord#: 88 In build_straw_man_chord_sa. tolerance = 1, sa_iterations = 1000, initial_temperature = 3.0, cooling_rate = 0.999
26 - INFO - chord#: 84 done. best_score=27.0, changed=515, unchanged=318, early_stops=8/8
26 - INFO - chord#: 86 In build_straw_man_chord_sa. tolerance = 1, sa_iterations = 1000, initial_temperature = 3.0, cooling_rate = 0.999
26 - INFO - chord#: 98 done. best_score=145.0, changed=610, unchanged=324, early_stops=8/8
26 - INFO - chord#: 100 In build_straw_man_chord_sa. tolerance = 1, sa_iterations = 1000, initial_temperature = 3.0, cooling_rate = 0.999
26 - INFO - chord#: 88 done. best_score=27.0, changed=527, unchanged=403, early_stops=8/8
26 - INFO - chord#: 92 In build_straw_man_chord_sa. tolerance = 1, sa_iterations = 1000, initial_temperature = 3.0, cooling_rate = 0.999
26 - INFO - chord#: 92 done. best_score=27.0, changed=521, unchanged=323, early_stops=8/8
26 - INFO - chord#: 94 In build_straw_man_chord_sa. tolerance = 1, sa_iterations = 1000, initial_temperature = 3.0, cooling_rate = 0.999
26 - INFO - chord#: 96 done. best_score=27.0, changed=512, unchanged=460, early_stops=8/8
26 - INFO - chord#: 98 In build_straw_man_chord_sa. tolerance = 1, sa_iterations = 1000, initial_temperature = 3.0, cooling_rate = 0.999
26 - INFO - chord#: 98 done. best_score=67.0, changed=609, unchanged=232, early_stops=8/8
26 - INFO - chord#: 100 In build_straw_man_chord_sa. tolerance = 1, sa_iterations = 1000, initial_temperature = 3.0, cooling_rate = 0.999
26 - INFO - chord#: 96 done. best_score=27.0, changed=524, unchanged=434, early_stops=8/8
26 - INFO - chord#: 98 In build_straw_man_chord_sa. tolerance = 1, sa_iterations = 1000, initial_temperature = 3.0, cooling_rate = 0.999
26 - INFO - chord#: 94 done. best_score=64.0, changed=617, unchanged=350, early_stops=8/8
26 - INFO - chord#: 96 In build_straw_man_chord_sa. tolerance = 1, sa_iterations = 1000, initial_temperature = 3.0, cooling_rate = 0.999
26 - INFO - chord#: 86 done. best_score=67.0, changed=613, unchanged=275, early_stops=8/8
26 - INFO - chord#: 88 In build_straw_man_chord_sa. tolerance = 1, sa_iterations = 1000, initial_temperature = 3.0, cooling_rate = 0.999
26 - INFO - chord#: 88 done. best_score=27.0, changed=521, unchanged=436, early_stops=8/8
26 - INFO - chord#: 92 In build_straw_man_chord_sa. tolerance = 1, sa_iterations = 1000, initial_temperature = 3.0, cooling_rate = 0.999
26 - INFO - chord#: 100 done. best_score=27.0, changed=517, unchanged=417, early_stops=8/8
26 - INFO - chord#: 104 In build_straw_man_chord_sa. tolerance = 1, sa_iterations = 1000, initial_temperature = 3.0, cooling_rate = 0.999
26 - INFO - chord#: 92 done. best_score=27.0, changed=521, unchanged=425, early_stops=8/8
26 - INFO - chord#: 94 In build_straw_man_chord_sa. tolerance = 1, sa_iterations = 1000, initial_temperature = 3.0, cooling_rate = 0.999
26 - INFO - chord#: 94 done. best_score=125.0, changed=610, unchanged=309, early_stops=8/8
26 - INFO - chord#: 96 In build_straw_man_chord_sa. tolerance = 1, sa_iterations = 1000, initial_temperature = 3.0, cooling_rate = 0.999
26 - INFO - chord#: 94 done. best_score=64.0, changed=610, unchanged=363, early_stops=8/8
26 - INFO - chord#: 96 In build_straw_man_chord_sa. tolerance = 1, sa_iterations = 1000, initial_temperature = 3.0, cooling_rate = 0.999
26 - INFO - chord#: 100 done. best_score=27.0, changed=518, unchanged=531, early_stops=8/8
26 - INFO - chord#: 104 In build_straw_man_chord_sa. tolerance = 1, sa_iterations = 1000, initial_temperature = 3.0, cooling_rate = 0.999
26 - INFO - chord#: 96 done. best_score=27.0, changed=525, unchanged=454, early_stops=8/8
26 - INFO - chord#: 98 In build_straw_man_chord_sa. tolerance = 1, sa_iterations = 1000, initial_temperature = 3.0, cooling_rate = 0.999
26 - INFO - chord#: 88 done. best_score=27.0, changed=519, unchanged=396, early_stops=8/8
26 - INFO - chord#: 92 In build_straw_man_chord_sa. tolerance = 1, sa_iterations = 1000, initial_temperature = 3.0, cooling_rate = 0.999
26 - INFO - chord#: 104 done. best_score=35.0, changed=519, unchanged=393, early_stops=8/8
26 - INFO - chord#: 106 In build_straw_man_chord_sa. tolerance = 1, sa_iterations = 1000, initial_temperature = 3.0, cooling_rate = 0.999
26 - INFO - chord#: 92 done. best_score=27.0, changed=526, unchanged=426, early_stops=8/8
26 - INFO - chord#: 94 In build_straw_man_chord_sa. tolerance = 1, sa_iterations = 1000, initial_temperature = 3.0, cooling_rate = 0.999
26 - INFO - chord#: 104 done. best_score=35.0, changed=519, unchanged=416, early_stops=8/8
26 - INFO - chord#: 106 In build_straw_man_chord_sa. tolerance = 1, sa_iterations = 1000, initial_temperature = 3.0, cooling_rate = 0.999
26 - INFO - chord#: 96 done. best_score=27.0, changed=521, unchanged=603, early_stops=8/8
26 - INFO - chord#: 98 In build_straw_man_chord_sa. tolerance = 1, sa_iterations = 1000, initial_temperature = 3.0, cooling_rate = 0.999
26 - INFO - chord#: 98 done. best_score=67.0, changed=611, unchanged=350, early_stops=8/8
26 - INFO - chord#: 100 In build_straw_man_chord_sa. tolerance = 1, sa_iterations = 1000, initial_temperature = 3.0, cooling_rate = 0.999
26 - INFO - chord#: 86 done. best_score=67.0, changed=611, unchanged=301, early_stops=8/8
26 - INFO - chord#: 88 In build_straw_man_chord_sa. tolerance = 1, sa_iterations = 1000, initial_temperature = 3.0, cooling_rate = 0.999
26 - INFO - chord#: 96 done. best_score=27.0, changed=514, unchanged=419, early_stops=8/8
26 - INFO - chord#: 98 In build_straw_man_chord_sa. tolerance = 1, sa_iterations = 1000, initial_temperature = 3.0, cooling_rate = 0.999
26 - INFO - chord#: 94 done. best_score=64.0, changed=613, unchanged=244, early_stops=8/8
26 - INFO - chord#: 96 In build_straw_man_chord_sa. tolerance = 1, sa_iterations = 1000, initial_temperature = 3.0, cooling_rate = 0.999
26 - INFO - chord#: 98 done. best_score=96.0, changed=615, unchanged=429, early_stops=8/8
26 - INFO - chord#: 100 In build_straw_man_chord_sa. tolerance = 1, sa_iterations = 1000, initial_temperature = 3.0, cooling_rate = 0.999
26 - INFO - chord#: 106 done. best_score=36.0, changed=528, unchanged=384, early_stops=8/8
26 - INFO - chord#: 108 In build_straw_man_chord_sa. tolerance = 1, sa_iterations = 1000, initial_temperature = 3.0, cooling_rate = 0.999
26 - INFO - chord#: 92 done. best_score=27.0, changed=522, unchanged=378, early_stops=8/8
26 - INFO - chord#: 94 In build_straw_man_chord_sa. tolerance = 1, sa_iterations = 1000, initial_temperature = 3.0, cooling_rate = 0.999
26 - INFO - chord#: 106 done. best_score=36.0, changed=527, unchanged=410, early_stops=8/8
26 - INFO - chord#: 108 In build_straw_man_chord_sa. tolerance = 1, sa_iterations = 1000, initial_temperature = 3.0, cooling_rate = 0.999
26 - INFO - chord#: 100 done. best_score=27.0, changed=522, unchanged=330, early_stops=8/8
26 - INFO - chord#: 104 In build_straw_man_chord_sa. tolerance = 1, sa_iterations = 1000, initial_temperature = 3.0, cooling_rate = 0.999
26 - INFO - chord#: 88 done. best_score=27.0, changed=520, unchanged=374, early_stops=8/8
26 - INFO - chord#: 92 In build_straw_man_chord_sa. tolerance = 1, sa_iterations = 1000, initial_temperature = 3.0, cooling_rate = 0.999
26 - INFO - chord#: 108 done. best_score=27.0, changed=520, unchanged=338, early_stops=8/8
26 - INFO - chord#: 112 In build_straw_man_chord_sa. tolerance = 1, sa_iterations = 1000, initial_temperature = 3.0, cooling_rate = 0.999
26 - INFO - chord#: 98 done. best_score=67.0, changed=610, unchanged=253, early_stops=8/8
26 - INFO - chord#: 100 In build_straw_man_chord_sa. tolerance = 1, sa_iterations = 1000, initial_temperature = 3.0, cooling_rate = 0.999
26 - INFO - chord#: 100 done. best_score=27.0, changed=519, unchanged=454, early_stops=8/8
26 - INFO - chord#: 104 In build_straw_man_chord_sa. tolerance = 1, sa_iterations = 1000, initial_temperature = 3.0, cooling_rate = 0.999
26 - INFO - chord#: 94 done. best_score=64.0, changed=610, unchanged=343, early_stops=8/8
26 - INFO - chord#: 96 In build_straw_man_chord_sa. tolerance = 1, sa_iterations = 1000, initial_temperature = 3.0, cooling_rate = 0.999
26 - INFO - chord#: 96 done. best_score=27.0, changed=514, unchanged=431, early_stops=8/8
26 - INFO - chord#: 98 In build_straw_man_chord_sa. tolerance = 1, sa_iterations = 1000, initial_temperature = 3.0, cooling_rate = 0.999
26 - INFO - chord#: 98 done. best_score=96.0, changed=609, unchanged=237, early_stops=8/8
26 - INFO - chord#: 100 In build_straw_man_chord_sa. tolerance = 1, sa_iterations = 1000, initial_temperature = 3.0, cooling_rate = 0.999
26 - INFO - chord#: 104 done. best_score=35.0, changed=529, unchanged=410, early_stops=8/8
26 - INFO - chord#: 106 In build_straw_man_chord_sa. tolerance = 1, sa_iterations = 1000, initial_temperature = 3.0, cooling_rate = 0.999
26 - INFO - chord#: 108 done. best_score=27.0, changed=532, unchanged=553, early_stops=8/8
26 - INFO - chord#: 112 In build_straw_man_chord_sa. tolerance = 1, sa_iterations = 1000, initial_temperature = 3.0, cooling_rate = 0.999
26 - INFO - chord#: 100 done. best_score=27.0, changed=519, unchanged=335, early_stops=8/8
26 - INFO - chord#: 104 In build_straw_man_chord_sa. tolerance = 1, sa_iterations = 1000, initial_temperature = 3.0, cooling_rate = 0.999
26 - INFO - chord#: 104 done. best_score=35.0, changed=523, unchanged=360, early_stops=8/8
26 - INFO - chord#: 106 In build_straw_man_chord_sa. tolerance = 1, sa_iterations = 1000, initial_temperature = 3.0, cooling_rate = 0.999
26 - INFO - chord#: 112 done. best_score=27.0, changed=531, unchanged=417, early_stops=8/8
26 - INFO - chord#: 116 In build_straw_man_chord_sa. tolerance = 1, sa_iterations = 1000, initial_temperature = 3.0, cooling_rate = 0.999
26 - INFO - chord#: 94 done. best_score=64.0, changed=610, unchanged=272, early_stops=8/8
26 - INFO - chord#: 96 In build_straw_man_chord_sa. tolerance = 1, sa_iterations = 1000, initial_temperature = 3.0, cooling_rate = 0.999
26 - INFO - chord#: 92 done. best_score=27.0, changed=532, unchanged=420, early_stops=8/8
26 - INFO - chord#: 94 In build_straw_man_chord_sa. tolerance = 1, sa_iterations = 1000, initial_temperature = 3.0, cooling_rate = 0.999
26 - INFO - chord#: 106 done. best_score=36.0, changed=521, unchanged=324, early_stops=8/8
26 - INFO - chord#: 108 In build_straw_man_chord_sa. tolerance = 1, sa_iterations = 1000, initial_temperature = 3.0, cooling_rate = 0.999
26 - INFO - chord#: 100 done. best_score=27.0, changed=521, unchanged=499, early_stops=8/8
26 - INFO - chord#: 104 In build_straw_man_chord_sa. tolerance = 1, sa_iterations = 1000, initial_temperature = 3.0, cooling_rate = 0.999
26 - INFO - chord#: 112 done. best_score=27.0, changed=524, unchanged=410, early_stops=8/8
26 - INFO - chord#: 116 In build_straw_man_chord_sa. tolerance = 1, sa_iterations = 1000, initial_temperature = 3.0, cooling_rate = 0.999
26 - INFO - chord#: 96 done. best_score=27.0, changed=522, unchanged=439, early_stops=8/8
26 - INFO - chord#: 98 In build_straw_man_chord_sa. tolerance = 1, sa_iterations = 1000, initial_temperature = 3.0, cooling_rate = 0.999
26 - INFO - chord#: 104 done. best_score=35.0, changed=529, unchanged=388, early_stops=8/8
26 - INFO - chord#: 106 In build_straw_man_chord_sa. tolerance = 1, sa_iterations = 1000, initial_temperature = 3.0, cooling_rate = 0.999
26 - INFO - chord#: 106 done. best_score=36.0, changed=524, unchanged=417, early_stops=8/8
26 - INFO - chord#: 108 In build_straw_man_chord_sa. tolerance = 1, sa_iterations = 1000, initial_temperature = 3.0, cooling_rate = 0.999
26 - INFO - chord#: 116 done. best_score=27.0, changed=525, unchanged=420, early_stops=8/8
26 - INFO - chord#: 118 In build_straw_man_chord_sa. tolerance = 1, sa_iterations = 1000, initial_temperature = 3.0, cooling_rate = 0.999
26 - INFO - chord#: 94 done. best_score=64.0, changed=611, unchanged=297, early_stops=8/8
26 - INFO - chord#: 98 done. best_score=96.0, changed=615, unchanged=528, early_stops=8/8
26 - INFO - chord#: 96 In build_straw_man_chord_sa. tolerance = 1, sa_iterations = 1000, initial_temperature = 3.0, cooling_rate = 0.999
26 - INFO - chord#: 100 In build_straw_man_chord_sa. tolerance = 1, sa_iterations = 1000, initial_temperature = 3.0, cooling_rate = 0.999
26 - INFO - chord#: 96 done. best_score=27.0, changed=522, unchanged=428, early_stops=8/8
26 - INFO - chord#: 98 In build_straw_man_chord_sa. tolerance = 1, sa_iterations = 1000, initial_temperature = 3.0, cooling_rate = 0.999
26 - INFO - chord#: 104 done. best_score=35.0, changed=524, unchanged=366, early_stops=8/8
26 - INFO - chord#: 106 In build_straw_man_chord_sa. tolerance = 1, sa_iterations = 1000, initial_temperature = 3.0, cooling_rate = 0.999
26 - INFO - chord#: 108 done. best_score=27.0, changed=524, unchanged=556, early_stops=8/8
26 - INFO - chord#: 112 In build_straw_man_chord_sa. tolerance = 1, sa_iterations = 1000, initial_temperature = 3.0, cooling_rate = 0.999
26 - INFO - chord#: 116 done. best_score=27.0, changed=530, unchanged=358, early_stops=8/8
26 - INFO - chord#: 118 In build_straw_man_chord_sa. tolerance = 1, sa_iterations = 1000, initial_temperature = 3.0, cooling_rate = 0.999
26 - INFO - chord#: 106 done. best_score=36.0, changed=520, unchanged=304, early_stops=8/8
26 - INFO - chord#: 108 In build_straw_man_chord_sa. tolerance = 1, sa_iterations = 1000, initial_temperature = 3.0, cooling_rate = 0.999
26 - INFO - chord#: 118 done. best_score=27.0, changed=528, unchanged=364, early_stops=8/8
26 - INFO - chord#: 120 In build_straw_man_chord_sa. tolerance = 1, sa_iterations = 1000, initial_temperature = 3.0, cooling_rate = 0.999
26 - INFO - chord#: 108 done. best_score=36.0, changed=516, unchanged=383, early_stops=8/8
26 - INFO - chord#: 112 In build_straw_man_chord_sa. tolerance = 1, sa_iterations = 1000, initial_temperature = 3.0, cooling_rate = 0.999
26 - INFO - chord#: 112 done. best_score=27.0, changed=520, unchanged=355, early_stops=8/8
26 - INFO - chord#: 116 In build_straw_man_chord_sa. tolerance = 1, sa_iterations = 1000, initial_temperature = 3.0, cooling_rate = 0.999
26 - INFO - chord#: 98 done. best_score=96.0, changed=610, unchanged=371, early_stops=8/8
26 - INFO - chord#: 100 In build_straw_man_chord_sa. tolerance = 1, sa_iterations = 1000, initial_temperature = 3.0, cooling_rate = 0.999
26 - INFO - chord#: 106 done. best_score=36.0, changed=531, unchanged=427, early_stops=8/8
26 - INFO - chord#: 108 In build_straw_man_chord_sa. tolerance = 1, sa_iterations = 1000, initial_temperature = 3.0, cooling_rate = 0.999
26 - INFO - chord#: 100 done. best_score=27.0, changed=527, unchanged=522, early_stops=8/8
26 - INFO - chord#: 104 In build_straw_man_chord_sa. tolerance = 1, sa_iterations = 1000, initial_temperature = 3.0, cooling_rate = 0.999
26 - INFO - chord#: 96 done. best_score=27.0, changed=531, unchanged=495, early_stops=8/8
26 - INFO - chord#: 98 In build_straw_man_chord_sa. tolerance = 1, sa_iterations = 1000, initial_temperature = 3.0, cooling_rate = 0.999
26 - INFO - chord#: 108 done. best_score=27.0, changed=517, unchanged=428, early_stops=8/8
26 - INFO - chord#: 112 In build_straw_man_chord_sa. tolerance = 1, sa_iterations = 1000, initial_temperature = 3.0, cooling_rate = 0.999
26 - INFO - chord#: 118 done. best_score=27.0, changed=525, unchanged=532, early_stops=8/8
26 - INFO - chord#: 120 In build_straw_man_chord_sa. tolerance = 1, sa_iterations = 1000, initial_temperature = 3.0, cooling_rate = 0.999
26 - INFO - chord#: 112 done. best_score=27.0, changed=517, unchanged=322, early_stops=8/8
26 - INFO - chord#: 116 In build_straw_man_chord_sa. tolerance = 1, sa_iterations = 1000, initial_temperature = 3.0, cooling_rate = 0.999
26 - INFO - chord#: 120 done. best_score=27.0, changed=516, unchanged=434, early_stops=8/8
26 - INFO - chord#: 122 In build_straw_man_chord_sa. tolerance = 1, sa_iterations = 1000, initial_temperature = 3.0, cooling_rate = 0.999
26 - INFO - chord#: 94 done. best_score=64.0, changed=608, unchanged=271, early_stops=8/8
26 - INFO - chord#: 96 In build_straw_man_chord_sa. tolerance = 1, sa_iterations = 1000, initial_temperature = 3.0, cooling_rate = 0.999
26 - INFO - chord#: 116 done. best_score=27.0, changed=523, unchanged=340, early_stops=8/8
26 - INFO - chord#: 118 In build_straw_man_chord_sa. tolerance = 1, sa_iterations = 1000, initial_temperature = 3.0, cooling_rate = 0.999
26 - INFO - chord#: 98 done. best_score=96.0, changed=613, unchanged=277, early_stops=8/8
26 - INFO - chord#: 100 In build_straw_man_chord_sa. tolerance = 1, sa_iterations = 1000, initial_temperature = 3.0, cooling_rate = 0.999
26 - INFO - chord#: 108 done. best_score=27.0, changed=529, unchanged=518, early_stops=8/8
26 - INFO - chord#: 112 In build_straw_man_chord_sa. tolerance = 1, sa_iterations = 1000, initial_temperature = 3.0, cooling_rate = 0.999
26 - INFO - chord#: 112 done. best_score=27.0, changed=526, unchanged=429, early_stops=8/8
26 - INFO - chord#: 116 In build_straw_man_chord_sa. tolerance = 1, sa_iterations = 1000, initial_temperature = 3.0, cooling_rate = 0.999
26 - INFO - chord#: 100 done. best_score=27.0, changed=522, unchanged=502, early_stops=8/8
26 - INFO - chord#: 116 done. best_score=27.0, changed=519, unchanged=304, early_stops=8/8
26 - INFO - chord#: 104 In build_straw_man_chord_sa. tolerance = 1, sa_iterations = 1000, initial_temperature = 3.0, cooling_rate = 0.999
26 - INFO - chord#: 118 In build_straw_man_chord_sa. tolerance = 1, sa_iterations = 1000, initial_temperature = 3.0, cooling_rate = 0.999
26 - INFO - chord#: 104 done. best_score=35.0, changed=527, unchanged=379, early_stops=8/8
26 - INFO - chord#: 106 In build_straw_man_chord_sa. tolerance = 1, sa_iterations = 1000, initial_temperature = 3.0, cooling_rate = 0.999
26 - INFO - chord#: 98 done. best_score=145.0, changed=609, unchanged=240, early_stops=8/8
26 - INFO - chord#: 100 In build_straw_man_chord_sa. tolerance = 1, sa_iterations = 1000, initial_temperature = 3.0, cooling_rate = 0.999
26 - INFO - chord#: 120 done. best_score=27.0, changed=523, unchanged=603, early_stops=8/8
26 - INFO - chord#: 122 In build_straw_man_chord_sa. tolerance = 1, sa_iterations = 1000, initial_temperature = 3.0, cooling_rate = 0.999
26 - INFO - chord#: 118 done. best_score=27.0, changed=515, unchanged=390, early_stops=8/8
26 - INFO - chord#: 120 In build_straw_man_chord_sa. tolerance = 1, sa_iterations = 1000, initial_temperature = 3.0, cooling_rate = 0.999
26 - INFO - chord#: 112 done. best_score=27.0, changed=518, unchanged=324, early_stops=8/8
26 - INFO - chord#: 116 In build_straw_man_chord_sa. tolerance = 1, sa_iterations = 1000, initial_temperature = 3.0, cooling_rate = 0.999
26 - INFO - chord#: 96 done. best_score=36.0, changed=523, unchanged=454, early_stops=8/8
26 - INFO - chord#: 98 In build_straw_man_chord_sa. tolerance = 1, sa_iterations = 1000, initial_temperature = 3.0, cooling_rate = 0.999
26 - INFO - chord#: 100 done. best_score=27.0, changed=517, unchanged=459, early_stops=8/8
26 - INFO - chord#: 104 In build_straw_man_chord_sa. tolerance = 1, sa_iterations = 1000, initial_temperature = 3.0, cooling_rate = 0.999
26 - INFO - chord#: 116 done. best_score=27.0, changed=526, unchanged=474, early_stops=8/8
26 - INFO - chord#: 118 In build_straw_man_chord_sa. tolerance = 1, sa_iterations = 1000, initial_temperature = 3.0, cooling_rate = 0.999
26 - INFO - chord#: 118 done. best_score=27.0, changed=527, unchanged=490, early_stops=8/8
26 - INFO - chord#: 120 In build_straw_man_chord_sa. tolerance = 1, sa_iterations = 1000, initial_temperature = 3.0, cooling_rate = 0.999
26 - INFO - chord#: 122 done. best_score=95.0, changed=610, unchanged=234, early_stops=8/8
26 - INFO - chord#: 124 In build_straw_man_chord_sa. tolerance = 1, sa_iterations = 1000, initial_temperature = 3.0, cooling_rate = 0.999
26 - INFO - chord#: 104 done. best_score=35.0, changed=527, unchanged=420, early_stops=8/8
26 - INFO - chord#: 106 In build_straw_man_chord_sa. tolerance = 1, sa_iterations = 1000, initial_temperature = 3.0, cooling_rate = 0.999
26 - INFO - chord#: 106 done. best_score=36.0, changed=529, unchanged=297, early_stops=8/8
26 - INFO - chord#: 108 In build_straw_man_chord_sa. tolerance = 1, sa_iterations = 1000, initial_temperature = 3.0, cooling_rate = 0.999
26 - INFO - chord#: 100 done. best_score=27.0, changed=527, unchanged=381, early_stops=8/8
26 - INFO - chord#: 104 In build_straw_man_chord_sa. tolerance = 1, sa_iterations = 1000, initial_temperature = 3.0, cooling_rate = 0.999
26 - INFO - chord#: 116 done. best_score=27.0, changed=516, unchanged=330, early_stops=8/8
26 - INFO - chord#: 118 In build_straw_man_chord_sa. tolerance = 1, sa_iterations = 1000, initial_temperature = 3.0, cooling_rate = 0.999
26 - INFO - chord#: 120 done. best_score=27.0, changed=521, unchanged=504, early_stops=8/8
26 - INFO - chord#: 122 In build_straw_man_chord_sa. tolerance = 1, sa_iterations = 1000, initial_temperature = 3.0, cooling_rate = 0.999
26 - INFO - chord#: 98 done. best_score=96.0, changed=612, unchanged=376, early_stops=8/8
26 - INFO - chord#: 100 In build_straw_man_chord_sa. tolerance = 1, sa_iterations = 1000, initial_temperature = 3.0, cooling_rate = 0.999
26 - INFO - chord#: 104 done. best_score=35.0, changed=529, unchanged=358, early_stops=8/8
26 - INFO - chord#: 106 In build_straw_man_chord_sa. tolerance = 1, sa_iterations = 1000, initial_temperature = 3.0, cooling_rate = 0.999
26 - INFO - chord#: 120 done. best_score=27.0, changed=513, unchanged=423, early_stops=8/8
26 - INFO - chord#: 122 In build_straw_man_chord_sa. tolerance = 1, sa_iterations = 1000, initial_temperature = 3.0, cooling_rate = 0.999
26 - INFO - chord#: 118 done. best_score=27.0, changed=529, unchanged=453, early_stops=8/8
26 - INFO - chord#: 120 In build_straw_man_chord_sa. tolerance = 1, sa_iterations = 1000, initial_temperature = 3.0, cooling_rate = 0.999
26 - INFO - chord#: 124 done. best_score=27.0, changed=519, unchanged=348, early_stops=8/8
26 - INFO - chord#: 126 In build_straw_man_chord_sa. tolerance = 1, sa_iterations = 1000, initial_temperature = 3.0, cooling_rate = 0.999
26 - INFO - chord#: 122 done. best_score=95.0, changed=611, unchanged=301, early_stops=8/8
26 - INFO - chord#: 124 In build_straw_man_chord_sa. tolerance = 1, sa_iterations = 1000, initial_temperature = 3.0, cooling_rate = 0.999
26 - INFO - chord#: 106 done. best_score=36.0, changed=524, unchanged=361, early_stops=8/8
26 - INFO - chord#: 108 In build_straw_man_chord_sa. tolerance = 1, sa_iterations = 1000, initial_temperature = 3.0, cooling_rate = 0.999
26 - INFO - chord#: 104 done. best_score=35.0, changed=528, unchanged=387, early_stops=8/8
26 - INFO - chord#: 106 In build_straw_man_chord_sa. tolerance = 1, sa_iterations = 1000, initial_temperature = 3.0, cooling_rate = 0.999
26 - INFO - chord#: 108 done. best_score=27.0, changed=521, unchanged=433, early_stops=8/8
26 - INFO - chord#: 112 In build_straw_man_chord_sa. tolerance = 1, sa_iterations = 1000, initial_temperature = 3.0, cooling_rate = 0.999
26 - INFO - chord#: 118 done. best_score=27.0, changed=532, unchanged=525, early_stops=8/8
26 - INFO - chord#: 120 In build_straw_man_chord_sa. tolerance = 1, sa_iterations = 1000, initial_temperature = 3.0, cooling_rate = 0.999
26 - INFO - chord#: 120 done. best_score=27.0, changed=518, unchanged=381, early_stops=8/8
26 - INFO - chord#: 122 In build_straw_man_chord_sa. tolerance = 1, sa_iterations = 1000, initial_temperature = 3.0, cooling_rate = 0.999
26 - INFO - chord#: 100 done. best_score=27.0, changed=520, unchanged=472, early_stops=8/8
26 - INFO - chord#: 104 In build_straw_man_chord_sa. tolerance = 1, sa_iterations = 1000, initial_temperature = 3.0, cooling_rate = 0.999
26 - INFO - chord#: 106 done. best_score=36.0, changed=520, unchanged=369, early_stops=8/8
26 - INFO - chord#: 108 In build_straw_man_chord_sa. tolerance = 1, sa_iterations = 1000, initial_temperature = 3.0, cooling_rate = 0.999
26 - INFO - chord#: 124 done. best_score=27.0, changed=525, unchanged=449, early_stops=8/8
26 - INFO - chord#: 126 In build_straw_man_chord_sa. tolerance = 1, sa_iterations = 1000, initial_temperature = 3.0, cooling_rate = 0.999
26 - INFO - chord#: 120 done. best_score=27.0, changed=524, unchanged=359, early_stops=8/8
26 - INFO - chord#: 122 In build_straw_man_chord_sa. tolerance = 1, sa_iterations = 1000, initial_temperature = 3.0, cooling_rate = 0.999
26 - INFO - chord#: 108 done. best_score=27.0, changed=521, unchanged=461, early_stops=8/8
26 - INFO - chord#: 112 In build_straw_man_chord_sa. tolerance = 1, sa_iterations = 1000, initial_temperature = 3.0, cooling_rate = 0.999
26 - INFO - chord#: 98 done. best_score=183.0, changed=618, unchanged=370, early_stops=8/8
26 - INFO - chord#: 100 In build_straw_man_chord_sa. tolerance = 1, sa_iterations = 1000, initial_temperature = 3.0, cooling_rate = 0.999
26 - INFO - chord#: 106 done. best_score=36.0, changed=521, unchanged=386, early_stops=8/8
26 - INFO - chord#: 108 In build_straw_man_chord_sa. tolerance = 1, sa_iterations = 1000, initial_temperature = 3.0, cooling_rate = 0.999
26 - INFO - chord#: 112 done. best_score=27.0, changed=525, unchanged=454, early_stops=8/8
26 - INFO - chord#: 116 In build_straw_man_chord_sa. tolerance = 1, sa_iterations = 1000, initial_temperature = 3.0, cooling_rate = 0.999
26 - INFO - chord#: 122 done. best_score=90.0, changed=613, unchanged=363, early_stops=8/8
26 - INFO - chord#: 124 In build_straw_man_chord_sa. tolerance = 1, sa_iterations = 1000, initial_temperature = 3.0, cooling_rate = 0.999
26 - INFO - chord#: 126 done. best_score=93.0, changed=610, unchanged=322, early_stops=8/8
26 - INFO - chord#: 128 In build_straw_man_chord_sa. tolerance = 1, sa_iterations = 1000, initial_temperature = 3.0, cooling_rate = 0.999
26 - INFO - chord#: 104 done. best_score=35.0, changed=528, unchanged=423, early_stops=8/8
26 - INFO - chord#: 106 In build_straw_man_chord_sa. tolerance = 1, sa_iterations = 1000, initial_temperature = 3.0, cooling_rate = 0.999
26 - INFO - chord#: 122 done. best_score=90.0, changed=611, unchanged=371, early_stops=8/8
26 - INFO - chord#: 124 In build_straw_man_chord_sa. tolerance = 1, sa_iterations = 1000, initial_temperature = 3.0, cooling_rate = 0.999
26 - INFO - chord#: 108 done. best_score=27.0, changed=521, unchanged=470, early_stops=8/8
26 - INFO - chord#: 112 In build_straw_man_chord_sa. tolerance = 1, sa_iterations = 1000, initial_temperature = 3.0, cooling_rate = 0.999
26 - INFO - chord#: 122 done. best_score=95.0, changed=610, unchanged=210, early_stops=8/8
26 - INFO - chord#: 124 In build_straw_man_chord_sa. tolerance = 1, sa_iterations = 1000, initial_temperature = 3.0, cooling_rate = 0.999
26 - INFO - chord#: 100 done. best_score=27.0, changed=515, unchanged=340, early_stops=8/8
26 - INFO - chord#: 104 In build_straw_man_chord_sa. tolerance = 1, sa_iterations = 1000, initial_temperature = 3.0, cooling_rate = 0.999
26 - INFO - chord#: 112 done. best_score=27.0, changed=521, unchanged=384, early_stops=8/8
26 - INFO - chord#: 116 In build_straw_man_chord_sa. tolerance = 1, sa_iterations = 1000, initial_temperature = 3.0, cooling_rate = 0.999
26 - INFO - chord#: 108 done. best_score=27.0, changed=520, unchanged=478, early_stops=8/8
26 - INFO - chord#: 112 In build_straw_man_chord_sa. tolerance = 1, sa_iterations = 1000, initial_temperature = 3.0, cooling_rate = 0.999
26 - INFO - chord#: 124 done. best_score=27.0, changed=522, unchanged=521, early_stops=8/8
26 - INFO - chord#: 126 In build_straw_man_chord_sa. tolerance = 1, sa_iterations = 1000, initial_temperature = 3.0, cooling_rate = 0.999
26 - INFO - chord#: 116 done. best_score=27.0, changed=527, unchanged=386, early_stops=8/8
26 - INFO - chord#: 118 In build_straw_man_chord_sa. tolerance = 1, sa_iterations = 1000, initial_temperature = 3.0, cooling_rate = 0.999
26 - INFO - chord#: 128 done. best_score=27.0, changed=525, unchanged=395, early_stops=8/8
26 - INFO - chord#: 130 In build_straw_man_chord_sa. tolerance = 1, sa_iterations = 1000, initial_temperature = 3.0, cooling_rate = 0.999
26 - INFO - chord#: 130 done. best_score=11.0, changed=479, unchanged=347, early_stops=8/8
26 - INFO - chord#: 132 In build_straw_man_chord_sa. tolerance = 1, sa_iterations = 1000, initial_temperature = 3.0, cooling_rate = 0.999
26 - INFO - chord#: 106 done. best_score=36.0, changed=526, unchanged=453, early_stops=8/8
26 - INFO - chord#: 108 In build_straw_man_chord_sa. tolerance = 1, sa_iterations = 1000, initial_temperature = 3.0, cooling_rate = 0.999
26 - INFO - chord#: 124 done. best_score=27.0, changed=518, unchanged=527, early_stops=8/8
26 - INFO - chord#: 126 In build_straw_man_chord_sa. tolerance = 1, sa_iterations = 1000, initial_temperature = 3.0, cooling_rate = 0.999
26 - INFO - chord#: 126 done. best_score=93.0, changed=609, unchanged=390, early_stops=8/8
26 - INFO - chord#: 128 In build_straw_man_chord_sa. tolerance = 1, sa_iterations = 1000, initial_temperature = 3.0, cooling_rate = 0.999
26 - INFO - chord#: 122 done. best_score=95.0, changed=614, unchanged=340, early_stops=8/8
26 - INFO - chord#: 124 In build_straw_man_chord_sa. tolerance = 1, sa_iterations = 1000, initial_temperature = 3.0, cooling_rate = 0.999
26 - INFO - chord#: 112 done. best_score=27.0, changed=521, unchanged=487, early_stops=8/8
26 - INFO - chord#: 116 In build_straw_man_chord_sa. tolerance = 1, sa_iterations = 1000, initial_temperature = 3.0, cooling_rate = 0.999
26 - INFO - chord#: 124 done. best_score=27.0, changed=522, unchanged=417, early_stops=8/8
26 - INFO - chord#: 126 In build_straw_man_chord_sa. tolerance = 1, sa_iterations = 1000, initial_temperature = 3.0, cooling_rate = 0.999
26 - INFO - chord#: 116 done. best_score=27.0, changed=524, unchanged=367, early_stops=8/8
26 - INFO - chord#: 118 In build_straw_man_chord_sa. tolerance = 1, sa_iterations = 1000, initial_temperature = 3.0, cooling_rate = 0.999
26 - INFO - chord#: 104 done. best_score=35.0, changed=530, unchanged=368, early_stops=8/8
26 - INFO - chord#: 106 In build_straw_man_chord_sa. tolerance = 1, sa_iterations = 1000, initial_temperature = 3.0, cooling_rate = 0.999
26 - INFO - chord#: 118 done. best_score=27.0, changed=522, unchanged=467, early_stops=8/8
26 - INFO - chord#: 120 In build_straw_man_chord_sa. tolerance = 1, sa_iterations = 1000, initial_temperature = 3.0, cooling_rate = 0.999
26 - INFO - chord#: 112 done. best_score=27.0, changed=528, unchanged=462, early_stops=8/8
26 - INFO - chord#: 116 In build_straw_man_chord_sa. tolerance = 1, sa_iterations = 1000, initial_temperature = 3.0, cooling_rate = 0.999
26 - INFO - chord#: 128 done. best_score=27.0, changed=519, unchanged=401, early_stops=8/8
26 - INFO - chord#: 130 In build_straw_man_chord_sa. tolerance = 1, sa_iterations = 1000, initial_temperature = 3.0, cooling_rate = 0.999
26 - INFO - chord#: 132 done. best_score=27.0, changed=526, unchanged=559, early_stops=8/8
26 - INFO - chord#: 136 In build_straw_man_chord_sa. tolerance = 1, sa_iterations = 1000, initial_temperature = 3.0, cooling_rate = 0.999
26 - INFO - chord#: 130 done. best_score=11.0, changed=485, unchanged=341, early_stops=8/8
26 - INFO - chord#: 132 In build_straw_man_chord_sa. tolerance = 1, sa_iterations = 1000, initial_temperature = 3.0, cooling_rate = 0.999
26 - INFO - chord#: 108 done. best_score=27.0, changed=525, unchanged=433, early_stops=8/8
26 - INFO - chord#: 112 In build_straw_man_chord_sa. tolerance = 1, sa_iterations = 1000, initial_temperature = 3.0, cooling_rate = 0.999
26 - INFO - chord#: 124 done. best_score=27.0, changed=522, unchanged=410, early_stops=8/8
26 - INFO - chord#: 126 In build_straw_man_chord_sa. tolerance = 1, sa_iterations = 1000, initial_temperature = 3.0, cooling_rate = 0.999
26 - INFO - chord#: 126 done. best_score=94.0, changed=614, unchanged=290, early_stops=8/8
26 - INFO - chord#: 128 In build_straw_man_chord_sa. tolerance = 1, sa_iterations = 1000, initial_temperature = 3.0, cooling_rate = 0.999
26 - INFO - chord#: 116 done. best_score=27.0, changed=533, unchanged=407, early_stops=8/8
26 - INFO - chord#: 118 In build_straw_man_chord_sa. tolerance = 1, sa_iterations = 1000, initial_temperature = 3.0, cooling_rate = 0.999
26 - INFO - chord#: 106 done. best_score=36.0, changed=526, unchanged=299, early_stops=8/8
26 - INFO - chord#: 108 In build_straw_man_chord_sa. tolerance = 1, sa_iterations = 1000, initial_temperature = 3.0, cooling_rate = 0.999
26 - INFO - chord#: 120 done. best_score=27.0, changed=519, unchanged=425, early_stops=8/8
26 - INFO - chord#: 122 In build_straw_man_chord_sa. tolerance = 1, sa_iterations = 1000, initial_temperature = 3.0, cooling_rate = 0.999
26 - INFO - chord#: 118 done. best_score=27.0, changed=526, unchanged=404, early_stops=8/8
26 - INFO - chord#: 120 In build_straw_man_chord_sa. tolerance = 1, sa_iterations = 1000, initial_temperature = 3.0, cooling_rate = 0.999
26 - INFO - chord#: 116 done. best_score=27.0, changed=520, unchanged=401, early_stops=8/8
26 - INFO - chord#: 118 In build_straw_man_chord_sa. tolerance = 1, sa_iterations = 1000, initial_temperature = 3.0, cooling_rate = 0.999
26 - INFO - chord#: 126 done. best_score=94.0, changed=608, unchanged=251, early_stops=8/8
26 - INFO - chord#: 128 In build_straw_man_chord_sa. tolerance = 1, sa_iterations = 1000, initial_temperature = 3.0, cooling_rate = 0.999
26 - INFO - chord#: 136 done. best_score=27.0, changed=516, unchanged=330, early_stops=8/8
26 - INFO - chord#: 138 In build_straw_man_chord_sa. tolerance = 1, sa_iterations = 1000, initial_temperature = 3.0, cooling_rate = 0.999
26 - INFO - chord#: 132 done. best_score=27.0, changed=522, unchanged=428, early_stops=8/8
26 - INFO - chord#: 136 In build_straw_man_chord_sa. tolerance = 1, sa_iterations = 1000, initial_temperature = 3.0, cooling_rate = 0.999
26 - INFO - chord#: 128 done. best_score=27.0, changed=517, unchanged=498, early_stops=8/8
26 - INFO - chord#: 130 In build_straw_man_chord_sa. tolerance = 1, sa_iterations = 1000, initial_temperature = 3.0, cooling_rate = 0.999
26 - INFO - chord#: 126 done. best_score=93.0, changed=611, unchanged=331, early_stops=8/8
26 - INFO - chord#: 128 In build_straw_man_chord_sa. tolerance = 1, sa_iterations = 1000, initial_temperature = 3.0, cooling_rate = 0.999
26 - INFO - chord#: 112 done. best_score=27.0, changed=524, unchanged=538, early_stops=8/8
26 - INFO - chord#: 116 In build_straw_man_chord_sa. tolerance = 1, sa_iterations = 1000, initial_temperature = 3.0, cooling_rate = 0.999
26 - INFO - chord#: 130 done. best_score=11.0, changed=504, unchanged=332, early_stops=8/8
26 - INFO - chord#: 132 In build_straw_man_chord_sa. tolerance = 1, sa_iterations = 1000, initial_temperature = 3.0, cooling_rate = 0.999
26 - INFO - chord#: 118 done. best_score=27.0, changed=516, unchanged=383, early_stops=8/8
26 - INFO - chord#: 120 In build_straw_man_chord_sa. tolerance = 1, sa_iterations = 1000, initial_temperature = 3.0, cooling_rate = 0.999
26 - INFO - chord#: 118 done. best_score=27.0, changed=517, unchanged=326, early_stops=8/8
26 - INFO - chord#: 120 In build_straw_man_chord_sa. tolerance = 1, sa_iterations = 1000, initial_temperature = 3.0, cooling_rate = 0.999
26 - INFO - chord#: 128 done. best_score=27.0, changed=521, unchanged=380, early_stops=8/8
26 - INFO - chord#: 130 In build_straw_man_chord_sa. tolerance = 1, sa_iterations = 1000, initial_temperature = 3.0, cooling_rate = 0.999
26 - INFO - chord#: 108 done. best_score=27.0, changed=530, unchanged=558, early_stops=8/8
26 - INFO - chord#: 112 In build_straw_man_chord_sa. tolerance = 1, sa_iterations = 1000, initial_temperature = 3.0, cooling_rate = 0.999
26 - INFO - chord#: 120 done. best_score=27.0, changed=523, unchanged=430, early_stops=8/8
26 - INFO - chord#: 122 In build_straw_man_chord_sa. tolerance = 1, sa_iterations = 1000, initial_temperature = 3.0, cooling_rate = 0.999
26 - INFO - chord#: 136 done. best_score=27.0, changed=523, unchanged=324, early_stops=8/8
26 - INFO - chord#: 138 In build_straw_man_chord_sa. tolerance = 1, sa_iterations = 1000, initial_temperature = 3.0, cooling_rate = 0.999
26 - INFO - chord#: 130 done. best_score=11.0, changed=492, unchanged=336, early_stops=8/8
26 - INFO - chord#: 132 In build_straw_man_chord_sa. tolerance = 1, sa_iterations = 1000, initial_temperature = 3.0, cooling_rate = 0.999
26 - INFO - chord#: 126 done. best_score=94.0, changed=612, unchanged=316, early_stops=8/8
26 - INFO - chord#: 128 In build_straw_man_chord_sa. tolerance = 1, sa_iterations = 1000, initial_temperature = 3.0, cooling_rate = 0.999
26 - INFO - chord#: 128 done. best_score=27.0, changed=524, unchanged=402, early_stops=8/8
26 - INFO - chord#: 130 In build_straw_man_chord_sa. tolerance = 1, sa_iterations = 1000, initial_temperature = 3.0, cooling_rate = 0.999
26 - INFO - chord#: 130 done. best_score=11.0, changed=479, unchanged=356, early_stops=8/8
26 - INFO - chord#: 132 In build_straw_man_chord_sa. tolerance = 1, sa_iterations = 1000, initial_temperature = 3.0, cooling_rate = 0.999
26 - INFO - chord#: 132 done. best_score=27.0, changed=519, unchanged=572, early_stops=8/8
26 - INFO - chord#: 136 In build_straw_man_chord_sa. tolerance = 1, sa_iterations = 1000, initial_temperature = 3.0, cooling_rate = 0.999
26 - INFO - chord#: 116 done. best_score=27.0, changed=543, unchanged=522, early_stops=8/8
26 - INFO - chord#: 118 In build_straw_man_chord_sa. tolerance = 1, sa_iterations = 1000, initial_temperature = 3.0, cooling_rate = 0.999
26 - INFO - chord#: 120 done. best_score=27.0, changed=523, unchanged=440, early_stops=8/8
26 - INFO - chord#: 122 In build_straw_man_chord_sa. tolerance = 1, sa_iterations = 1000, initial_temperature = 3.0, cooling_rate = 0.999
26 - INFO - chord#: 120 done. best_score=27.0, changed=530, unchanged=536, early_stops=8/8
26 - INFO - chord#: 122 In build_straw_man_chord_sa. tolerance = 1, sa_iterations = 1000, initial_temperature = 3.0, cooling_rate = 0.999
26 - INFO - chord#: 128 done. best_score=27.0, changed=522, unchanged=360, early_stops=8/8
26 - INFO - chord#: 130 In build_straw_man_chord_sa. tolerance = 1, sa_iterations = 1000, initial_temperature = 3.0, cooling_rate = 0.999
26 - INFO - chord#: 138 done. best_score=82.0, changed=616, unchanged=357, early_stops=8/8
26 - INFO - chord#: 140 In build_straw_man_chord_sa. tolerance = 1, sa_iterations = 1000, initial_temperature = 3.0, cooling_rate = 0.999
26 - INFO - chord#: 132 done. best_score=27.0, changed=529, unchanged=508, early_stops=8/8
26 - INFO - chord#: 136 In build_straw_man_chord_sa. tolerance = 1, sa_iterations = 1000, initial_temperature = 3.0, cooling_rate = 0.999
26 - INFO - chord#: 112 done. best_score=27.0, changed=525, unchanged=374, early_stops=8/8
26 - INFO - chord#: 116 In build_straw_man_chord_sa. tolerance = 1, sa_iterations = 1000, initial_temperature = 3.0, cooling_rate = 0.999
26 - INFO - chord#: 130 done. best_score=11.0, changed=483, unchanged=375, early_stops=8/8
26 - INFO - chord#: 132 In build_straw_man_chord_sa. tolerance = 1, sa_iterations = 1000, initial_temperature = 3.0, cooling_rate = 0.999
26 - INFO - chord#: 122 done. best_score=149.0, changed=609, unchanged=372, early_stops=8/8
26 - INFO - chord#: 124 In build_straw_man_chord_sa. tolerance = 1, sa_iterations = 1000, initial_temperature = 3.0, cooling_rate = 0.999
26 - INFO - chord#: 136 done. best_score=27.0, changed=524, unchanged=364, early_stops=8/8
26 - INFO - chord#: 138 In build_straw_man_chord_sa. tolerance = 1, sa_iterations = 1000, initial_temperature = 3.0, cooling_rate = 0.999
26 - INFO - chord#: 132 done. best_score=27.0, changed=517, unchanged=343, early_stops=8/8
26 - INFO - chord#: 136 In build_straw_man_chord_sa. tolerance = 1, sa_iterations = 1000, initial_temperature = 3.0, cooling_rate = 0.999
26 - INFO - chord#: 140 done. best_score=31.0, changed=528, unchanged=303, early_stops=8/8
26 - INFO - chord#: 142 In build_straw_man_chord_sa. tolerance = 1, sa_iterations = 1000, initial_temperature = 3.0, cooling_rate = 0.999
26 - INFO - chord#: 118 done. best_score=27.0, changed=528, unchanged=516, early_stops=8/8
26 - INFO - chord#: 120 In build_straw_man_chord_sa. tolerance = 1, sa_iterations = 1000, initial_temperature = 3.0, cooling_rate = 0.999
26 - INFO - chord#: 142 done. best_score=7.0, changed=498, unchanged=307, early_stops=8/8
26 - INFO - chord#: 144 In build_straw_man_chord_sa. tolerance = 1, sa_iterations = 1000, initial_temperature = 3.0, cooling_rate = 0.999
26 - INFO - chord#: 138 done. best_score=82.0, changed=615, unchanged=286, early_stops=8/8
26 - INFO - chord#: 140 In build_straw_man_chord_sa. tolerance = 1, sa_iterations = 1000, initial_temperature = 3.0, cooling_rate = 0.999
26 - INFO - chord#: 136 done. best_score=27.0, changed=528, unchanged=447, early_stops=8/8
26 - INFO - chord#: 138 In build_straw_man_chord_sa. tolerance = 1, sa_iterations = 1000, initial_temperature = 3.0, cooling_rate = 0.999
26 - INFO - chord#: 116 done. best_score=27.0, changed=523, unchanged=365, early_stops=8/8
26 - INFO - chord#: 118 In build_straw_man_chord_sa. tolerance = 1, sa_iterations = 1000, initial_temperature = 3.0, cooling_rate = 0.999
26 - INFO - chord#: 132 done. best_score=27.0, changed=527, unchanged=437, early_stops=8/8
26 - INFO - chord#: 136 In build_straw_man_chord_sa. tolerance = 1, sa_iterations = 1000, initial_temperature = 3.0, cooling_rate = 0.999
26 - INFO - chord#: 122 done. best_score=95.0, changed=612, unchanged=314, early_stops=8/8
26 - INFO - chord#: 124 In build_straw_man_chord_sa. tolerance = 1, sa_iterations = 1000, initial_temperature = 3.0, cooling_rate = 0.999
26 - INFO - chord#: 136 done. best_score=27.0, changed=519, unchanged=345, early_stops=8/8
26 - INFO - chord#: 138 In build_straw_man_chord_sa. tolerance = 1, sa_iterations = 1000, initial_temperature = 3.0, cooling_rate = 0.999
26 - INFO - chord#: 124 done. best_score=27.0, changed=518, unchanged=424, early_stops=8/8
26 - INFO - chord#: 126 In build_straw_man_chord_sa. tolerance = 1, sa_iterations = 1000, initial_temperature = 3.0, cooling_rate = 0.999
26 - INFO - chord#: 120 done. best_score=27.0, changed=523, unchanged=374, early_stops=8/8
26 - INFO - chord#: 122 In build_straw_man_chord_sa. tolerance = 1, sa_iterations = 1000, initial_temperature = 3.0, cooling_rate = 0.999
26 - INFO - chord#: 144 done. best_score=27.0, changed=527, unchanged=433, early_stops=8/8
26 - INFO - chord#: 146 In build_straw_man_chord_sa. tolerance = 1, sa_iterations = 1000, initial_temperature = 3.0, cooling_rate = 0.999
26 - INFO - chord#: 140 done. best_score=31.0, changed=532, unchanged=308, early_stops=8/8
26 - INFO - chord#: 142 In build_straw_man_chord_sa. tolerance = 1, sa_iterations = 1000, initial_temperature = 3.0, cooling_rate = 0.999
26 - INFO - chord#: 136 done. best_score=27.0, changed=521, unchanged=309, early_stops=8/8
26 - INFO - chord#: 138 In build_straw_man_chord_sa. tolerance = 1, sa_iterations = 1000, initial_temperature = 3.0, cooling_rate = 0.999
26 - INFO - chord#: 142 done. best_score=7.0, changed=536, unchanged=292, early_stops=8/8
26 - INFO - chord#: 144 In build_straw_man_chord_sa. tolerance = 1, sa_iterations = 1000, initial_temperature = 3.0, cooling_rate = 0.999
26 - INFO - chord#: 118 done. best_score=27.0, changed=524, unchanged=373, early_stops=8/8
26 - INFO - chord#: 120 In build_straw_man_chord_sa. tolerance = 1, sa_iterations = 1000, initial_temperature = 3.0, cooling_rate = 0.999
26 - INFO - chord#: 122 done. best_score=90.0, changed=616, unchanged=360, early_stops=8/8
26 - INFO - chord#: 124 In build_straw_man_chord_sa. tolerance = 1, sa_iterations = 1000, initial_temperature = 3.0, cooling_rate = 0.999
26 - INFO - chord#: 124 done. best_score=27.0, changed=511, unchanged=350, early_stops=8/8
26 - INFO - chord#: 126 In build_straw_man_chord_sa. tolerance = 1, sa_iterations = 1000, initial_temperature = 3.0, cooling_rate = 0.999
26 - INFO - chord#: 122 done. best_score=95.0, changed=618, unchanged=354, early_stops=8/8
26 - INFO - chord#: 124 In build_straw_man_chord_sa. tolerance = 1, sa_iterations = 1000, initial_temperature = 3.0, cooling_rate = 0.999
26 - INFO - chord#: 138 done. best_score=82.0, changed=614, unchanged=432, early_stops=8/8
26 - INFO - chord#: 140 In build_straw_man_chord_sa. tolerance = 1, sa_iterations = 1000, initial_temperature = 3.0, cooling_rate = 0.999
26 - INFO - chord#: 138 done. best_score=82.0, changed=608, unchanged=220, early_stops=8/8
26 - INFO - chord#: 140 In build_straw_man_chord_sa. tolerance = 1, sa_iterations = 1000, initial_temperature = 3.0, cooling_rate = 0.999
26 - INFO - chord#: 144 done. best_score=27.0, changed=532, unchanged=416, early_stops=8/8
26 - INFO - chord#: 146 In build_straw_man_chord_sa. tolerance = 1, sa_iterations = 1000, initial_temperature = 3.0, cooling_rate = 0.999
26 - INFO - chord#: 138 done. best_score=120.0, changed=616, unchanged=361, early_stops=8/8
26 - INFO - chord#: 140 In build_straw_man_chord_sa. tolerance = 1, sa_iterations = 1000, initial_temperature = 3.0, cooling_rate = 0.999
26 - INFO - chord#: 120 done. best_score=27.0, changed=517, unchanged=355, early_stops=8/8
26 - INFO - chord#: 122 In build_straw_man_chord_sa. tolerance = 1, sa_iterations = 1000, initial_temperature = 3.0, cooling_rate = 0.999
26 - INFO - chord#: 124 done. best_score=27.0, changed=516, unchanged=323, early_stops=8/8
26 - INFO - chord#: 126 In build_straw_man_chord_sa. tolerance = 1, sa_iterations = 1000, initial_temperature = 3.0, cooling_rate = 0.999
26 - INFO - chord#: 122 done. best_score=90.0, changed=612, unchanged=238, early_stops=8/8
26 - INFO - chord#: 124 In build_straw_man_chord_sa. tolerance = 1, sa_iterations = 1000, initial_temperature = 3.0, cooling_rate = 0.999
26 - INFO - chord#: 140 done. best_score=31.0, changed=537, unchanged=316, early_stops=8/8
26 - INFO - chord#: 142 In build_straw_man_chord_sa. tolerance = 1, sa_iterations = 1000, initial_temperature = 3.0, cooling_rate = 0.999
26 - INFO - chord#: 140 done. best_score=31.0, changed=537, unchanged=336, early_stops=8/8
26 - INFO - chord#: 142 In build_straw_man_chord_sa. tolerance = 1, sa_iterations = 1000, initial_temperature = 3.0, cooling_rate = 0.999
26 - INFO - chord#: 142 done. best_score=7.0, changed=502, unchanged=310, early_stops=8/8
26 - INFO - chord#: 144 In build_straw_man_chord_sa. tolerance = 1, sa_iterations = 1000, initial_temperature = 3.0, cooling_rate = 0.999
26 - INFO - chord#: 142 done. best_score=7.0, changed=489, unchanged=333, early_stops=8/8
26 - INFO - chord#: 144 In build_straw_man_chord_sa. tolerance = 1, sa_iterations = 1000, initial_temperature = 3.0, cooling_rate = 0.999
26 - INFO - chord#: 126 done. best_score=96.0, changed=614, unchanged=309, early_stops=8/8
26 - INFO - chord#: 128 In build_straw_man_chord_sa. tolerance = 1, sa_iterations = 1000, initial_temperature = 3.0, cooling_rate = 0.999
26 - INFO - chord#: 146 done. best_score=96.0, changed=609, unchanged=311, early_stops=8/8
26 - INFO - chord#: 148 In build_straw_man_chord_sa. tolerance = 1, sa_iterations = 1000, initial_temperature = 3.0, cooling_rate = 0.999
26 - INFO - chord#: 124 done. best_score=27.0, changed=532, unchanged=600, early_stops=8/8
26 - INFO - chord#: 126 In build_straw_man_chord_sa. tolerance = 1, sa_iterations = 1000, initial_temperature = 3.0, cooling_rate = 0.999
26 - INFO - chord#: 140 done. best_score=31.0, changed=536, unchanged=316, early_stops=8/8
26 - INFO - chord#: 142 In build_straw_man_chord_sa. tolerance = 1, sa_iterations = 1000, initial_temperature = 3.0, cooling_rate = 0.999
26 - INFO - chord#: 142 done. best_score=7.0, changed=530, unchanged=298, early_stops=8/8
26 - INFO - chord#: 144 In build_straw_man_chord_sa. tolerance = 1, sa_iterations = 1000, initial_temperature = 3.0, cooling_rate = 0.999
26 - INFO - chord#: 138 done. best_score=82.0, changed=612, unchanged=461, early_stops=8/8
26 - INFO - chord#: 140 In build_straw_man_chord_sa. tolerance = 1, sa_iterations = 1000, initial_temperature = 3.0, cooling_rate = 0.999
26 - INFO - chord#: 144 done. best_score=27.0, changed=517, unchanged=327, early_stops=8/8
26 - INFO - chord#: 146 In build_straw_man_chord_sa. tolerance = 1, sa_iterations = 1000, initial_temperature = 3.0, cooling_rate = 0.999
26 - INFO - chord#: 124 done. best_score=27.0, changed=521, unchanged=411, early_stops=8/8
26 - INFO - chord#: 126 In build_straw_man_chord_sa. tolerance = 1, sa_iterations = 1000, initial_temperature = 3.0, cooling_rate = 0.999
26 - INFO - chord#: 144 done. best_score=27.0, changed=520, unchanged=355, early_stops=8/8
26 - INFO - chord#: 146 In build_straw_man_chord_sa. tolerance = 1, sa_iterations = 1000, initial_temperature = 3.0, cooling_rate = 0.999
26 - INFO - chord#: 148 done. best_score=27.0, changed=514, unchanged=383, early_stops=8/8
26 - INFO - chord#: 144 done. best_score=27.0, changed=521, unchanged=356, early_stops=8/8
26 - INFO - chord#: 146 In build_straw_man_chord_sa. tolerance = 1, sa_iterations = 1000, initial_temperature = 3.0, cooling_rate = 0.999
26 - INFO - chord#: 140 done. best_score=31.0, changed=526, unchanged=322, early_stops=8/8
26 - INFO - chord#: 142 In build_straw_man_chord_sa. tolerance = 1, sa_iterations = 1000, initial_temperature = 3.0, cooling_rate = 0.999
26 - INFO - chord#: 126 done. best_score=93.0, changed=612, unchanged=420, early_stops=8/8
26 - INFO - chord#: 128 In build_straw_man_chord_sa. tolerance = 1, sa_iterations = 1000, initial_temperature = 3.0, cooling_rate = 0.999
26 - INFO - chord#: 128 done. best_score=27.0, changed=526, unchanged=461, early_stops=8/8
26 - INFO - chord#: 130 In build_straw_man_chord_sa. tolerance = 1, sa_iterations = 1000, initial_temperature = 3.0, cooling_rate = 0.999
26 - INFO - chord#: 142 done. best_score=7.0, changed=507, unchanged=317, early_stops=8/8
26 - INFO - chord#: 144 In build_straw_man_chord_sa. tolerance = 1, sa_iterations = 1000, initial_temperature = 3.0, cooling_rate = 0.999
26 - INFO - chord#: 122 done. best_score=95.0, changed=609, unchanged=211, early_stops=8/8
26 - INFO - chord#: 124 In build_straw_man_chord_sa. tolerance = 1, sa_iterations = 1000, initial_temperature = 3.0, cooling_rate = 0.999
26 - INFO - chord#: 146 done. best_score=137.0, changed=611, unchanged=287, early_stops=8/8
26 - INFO - chord#: 148 In build_straw_man_chord_sa. tolerance = 1, sa_iterations = 1000, initial_temperature = 3.0, cooling_rate = 0.999
26 - INFO - chord#: 130 done. best_score=11.0, changed=472, unchanged=358, early_stops=8/8
26 - INFO - chord#: 132 In build_straw_man_chord_sa. tolerance = 1, sa_iterations = 1000, initial_temperature = 3.0, cooling_rate = 0.999
26 - INFO - chord#: 126 done. best_score=96.0, changed=615, unchanged=256, early_stops=8/8
26 - INFO - chord#: 128 In build_straw_man_chord_sa. tolerance = 1, sa_iterations = 1000, initial_temperature = 3.0, cooling_rate = 0.999
26 - INFO - chord#: 144 done. best_score=27.0, changed=525, unchanged=387, early_stops=8/8
26 - INFO - chord#: 146 In build_straw_man_chord_sa. tolerance = 1, sa_iterations = 1000, initial_temperature = 3.0, cooling_rate = 0.999
26 - INFO - chord#: 126 done. best_score=94.0, changed=612, unchanged=334, early_stops=8/8
26 - INFO - chord#: 128 In build_straw_man_chord_sa. tolerance = 1, sa_iterations = 1000, initial_temperature = 3.0, cooling_rate = 0.999
26 - INFO - chord#: 148 done. best_score=27.0, changed=520, unchanged=418, early_stops=8/8
26 - INFO - chord#: 146 done. best_score=145.0, changed=607, unchanged=284, early_stops=8/8
26 - INFO - chord#: 148 In build_straw_man_chord_sa. tolerance = 1, sa_iterations = 1000, initial_temperature = 3.0, cooling_rate = 0.999
26 - INFO - chord#: 128 done. best_score=27.0, changed=521, unchanged=491, early_stops=8/8
26 - INFO - chord#: 130 In build_straw_man_chord_sa. tolerance = 1, sa_iterations = 1000, initial_temperature = 3.0, cooling_rate = 0.999
26 - INFO - chord#: 126 done. best_score=93.0, changed=614, unchanged=421, early_stops=8/8
26 - INFO - chord#: 128 In build_straw_man_chord_sa. tolerance = 1, sa_iterations = 1000, initial_temperature = 3.0, cooling_rate = 0.999
26 - INFO - chord#: 124 done. best_score=27.0, changed=524, unchanged=440, early_stops=8/8
26 - INFO - chord#: 126 In build_straw_man_chord_sa. tolerance = 1, sa_iterations = 1000, initial_temperature = 3.0, cooling_rate = 0.999
26 - INFO - chord#: 130 done. best_score=11.0, changed=483, unchanged=330, early_stops=8/8
26 - INFO - chord#: 132 In build_straw_man_chord_sa. tolerance = 1, sa_iterations = 1000, initial_temperature = 3.0, cooling_rate = 0.999
26 - INFO - chord#: 132 done. best_score=27.0, changed=524, unchanged=569, early_stops=8/8
26 - INFO - chord#: 136 In build_straw_man_chord_sa. tolerance = 1, sa_iterations = 1000, initial_temperature = 3.0, cooling_rate = 0.999
26 - INFO - chord#: 146 done. best_score=125.0, changed=614, unchanged=397, early_stops=8/8
26 - INFO - chord#: 148 In build_straw_man_chord_sa. tolerance = 1, sa_iterations = 1000, initial_temperature = 3.0, cooling_rate = 0.999
26 - INFO - chord#: 128 done. best_score=27.0, changed=523, unchanged=478, early_stops=8/8
26 - INFO - chord#: 130 In build_straw_man_chord_sa. tolerance = 1, sa_iterations = 1000, initial_temperature = 3.0, cooling_rate = 0.999
26 - INFO - chord#: 146 done. best_score=96.0, changed=612, unchanged=303, early_stops=8/8
26 - INFO - chord#: 148 In build_straw_man_chord_sa. tolerance = 1, sa_iterations = 1000, initial_temperature = 3.0, cooling_rate = 0.999
26 - INFO - chord#: 130 done. best_score=11.0, changed=498, unchanged=340, early_stops=8/8
26 - INFO - chord#: 132 In build_straw_man_chord_sa. tolerance = 1, sa_iterations = 1000, initial_temperature = 3.0, cooling_rate = 0.999
26 - INFO - chord#: 128 done. best_score=27.0, changed=518, unchanged=350, early_stops=8/8
26 - INFO - chord#: 130 In build_straw_man_chord_sa. tolerance = 1, sa_iterations = 1000, initial_temperature = 3.0, cooling_rate = 0.999
26 - INFO - chord#: 148 done. best_score=27.0, changed=512, unchanged=307, early_stops=8/8
26 - INFO - chord#: 130 done. best_score=11.0, changed=482, unchanged=334, early_stops=8/8
26 - INFO - chord#: 132 In build_straw_man_chord_sa. tolerance = 1, sa_iterations = 1000, initial_temperature = 3.0, cooling_rate = 0.999
26 - INFO - chord#: 136 done. best_score=27.0, changed=522, unchanged=356, early_stops=8/8
26 - INFO - chord#: 138 In build_straw_man_chord_sa. tolerance = 1, sa_iterations = 1000, initial_temperature = 3.0, cooling_rate = 0.999
26 - INFO - chord#: 148 done. best_score=27.0, changed=534, unchanged=428, early_stops=8/8
26 - INFO - chord#: 128 done. best_score=27.0, changed=521, unchanged=395, early_stops=8/8
26 - INFO - chord#: 130 In build_straw_man_chord_sa. tolerance = 1, sa_iterations = 1000, initial_temperature = 3.0, cooling_rate = 0.999
26 - INFO - chord#: 148 done. best_score=27.0, changed=523, unchanged=454, early_stops=8/8
26 - INFO - chord#: 130 done. best_score=11.0, changed=503, unchanged=387, early_stops=8/8
26 - INFO - chord#: 132 In build_straw_man_chord_sa. tolerance = 1, sa_iterations = 1000, initial_temperature = 3.0, cooling_rate = 0.999
26 - INFO - chord#: 132 done. best_score=27.0, changed=525, unchanged=459, early_stops=8/8
26 - INFO - chord#: 136 In build_straw_man_chord_sa. tolerance = 1, sa_iterations = 1000, initial_temperature = 3.0, cooling_rate = 0.999
26 - INFO - chord#: 146 done. best_score=67.0, changed=614, unchanged=264, early_stops=8/8
26 - INFO - chord#: 148 In build_straw_man_chord_sa. tolerance = 1, sa_iterations = 1000, initial_temperature = 3.0, cooling_rate = 0.999
26 - INFO - chord#: 132 done. best_score=27.0, changed=518, unchanged=370, early_stops=8/8
26 - INFO - chord#: 136 In build_straw_man_chord_sa. tolerance = 1, sa_iterations = 1000, initial_temperature = 3.0, cooling_rate = 0.999
26 - INFO - chord#: 132 done. best_score=27.0, changed=516, unchanged=381, early_stops=8/8
26 - INFO - chord#: 136 In build_straw_man_chord_sa. tolerance = 1, sa_iterations = 1000, initial_temperature = 3.0, cooling_rate = 0.999
26 - INFO - chord#: 126 done. best_score=116.0, changed=612, unchanged=255, early_stops=8/8
26 - INFO - chord#: 128 In build_straw_man_chord_sa. tolerance = 1, sa_iterations = 1000, initial_temperature = 3.0, cooling_rate = 0.999
26 - INFO - chord#: 132 done. best_score=27.0, changed=517, unchanged=358, early_stops=8/8
26 - INFO - chord#: 136 done. best_score=27.0, changed=525, unchanged=325, early_stops=8/8
26 - INFO - chord#: 136 In build_straw_man_chord_sa. tolerance = 1, sa_iterations = 1000, initial_temperature = 3.0, cooling_rate = 0.999
26 - INFO - chord#: 138 In build_straw_man_chord_sa. tolerance = 1, sa_iterations = 1000, initial_temperature = 3.0, cooling_rate = 0.999
26 - INFO - chord#: 148 done. best_score=27.0, changed=524, unchanged=411, early_stops=8/8
26 - INFO - chord#: 136 done. best_score=27.0, changed=521, unchanged=388, early_stops=8/8
26 - INFO - chord#: 138 In build_straw_man_chord_sa. tolerance = 1, sa_iterations = 1000, initial_temperature = 3.0, cooling_rate = 0.999
26 - INFO - chord#: 128 done. best_score=27.0, changed=519, unchanged=306, early_stops=8/8
26 - INFO - chord#: 130 In build_straw_man_chord_sa. tolerance = 1, sa_iterations = 1000, initial_temperature = 3.0, cooling_rate = 0.999
26 - INFO - chord#: 136 done. best_score=27.0, changed=526, unchanged=535, early_stops=8/8
26 - INFO - chord#: 138 In build_straw_man_chord_sa. tolerance = 1, sa_iterations = 1000, initial_temperature = 3.0, cooling_rate = 0.999
26 - INFO - chord#: 138 done. best_score=120.0, changed=615, unchanged=287, early_stops=8/8
26 - INFO - chord#: 140 In build_straw_man_chord_sa. tolerance = 1, sa_iterations = 1000, initial_temperature = 3.0, cooling_rate = 0.999
26 - INFO - chord#: 130 done. best_score=11.0, changed=486, unchanged=329, early_stops=8/8
26 - INFO - chord#: 132 In build_straw_man_chord_sa. tolerance = 1, sa_iterations = 1000, initial_temperature = 3.0, cooling_rate = 0.999
26 - INFO - chord#: 136 done. best_score=27.0, changed=523, unchanged=315, early_stops=8/8
26 - INFO - chord#: 138 In build_straw_man_chord_sa. tolerance = 1, sa_iterations = 1000, initial_temperature = 3.0, cooling_rate = 0.999
26 - INFO - chord#: 140 done. best_score=31.0, changed=525, unchanged=318, early_stops=8/8
26 - INFO - chord#: 142 In build_straw_man_chord_sa. tolerance = 1, sa_iterations = 1000, initial_temperature = 3.0, cooling_rate = 0.999
26 - INFO - chord#: 132 done. best_score=27.0, changed=522, unchanged=398, early_stops=8/8
26 - INFO - chord#: 136 In build_straw_man_chord_sa. tolerance = 1, sa_iterations = 1000, initial_temperature = 3.0, cooling_rate = 0.999
26 - INFO - chord#: 142 done. best_score=7.0, changed=516, unchanged=304, early_stops=8/8
26 - INFO - chord#: 144 In build_straw_man_chord_sa. tolerance = 1, sa_iterations = 1000, initial_temperature = 3.0, cooling_rate = 0.999
26 - INFO - chord#: 138 done. best_score=82.0, changed=614, unchanged=370, early_stops=8/8
26 - INFO - chord#: 140 In build_straw_man_chord_sa. tolerance = 1, sa_iterations = 1000, initial_temperature = 3.0, cooling_rate = 0.999
26 - INFO - chord#: 138 done. best_score=82.0, changed=615, unchanged=364, early_stops=8/8
26 - INFO - chord#: 140 In build_straw_man_chord_sa. tolerance = 1, sa_iterations = 1000, initial_temperature = 3.0, cooling_rate = 0.999
26 - INFO - chord#: 136 done. best_score=27.0, changed=524, unchanged=367, early_stops=8/8
26 - INFO - chord#: 138 In build_straw_man_chord_sa. tolerance = 1, sa_iterations = 1000, initial_temperature = 3.0, cooling_rate = 0.999
26 - INFO - chord#: 144 done. best_score=27.0, changed=528, unchanged=411, early_stops=8/8
26 - INFO - chord#: 146 In build_straw_man_chord_sa. tolerance = 1, sa_iterations = 1000, initial_temperature = 3.0, cooling_rate = 0.999
26 - INFO - chord#: 138 done. best_score=82.0, changed=609, unchanged=418, early_stops=8/8
26 - INFO - chord#: 140 In build_straw_man_chord_sa. tolerance = 1, sa_iterations = 1000, initial_temperature = 3.0, cooling_rate = 0.999
26 - INFO - chord#: 140 done. best_score=31.0, changed=529, unchanged=300, early_stops=8/8
26 - INFO - chord#: 142 In build_straw_man_chord_sa. tolerance = 1, sa_iterations = 1000, initial_temperature = 3.0, cooling_rate = 0.999
26 - INFO - chord#: 142 done. best_score=7.0, changed=492, unchanged=322, early_stops=8/8
26 - INFO - chord#: 144 In build_straw_man_chord_sa. tolerance = 1, sa_iterations = 1000, initial_temperature = 3.0, cooling_rate = 0.999
26 - INFO - chord#: 138 done. best_score=82.0, changed=615, unchanged=417, early_stops=8/8
26 - INFO - chord#: 140 In build_straw_man_chord_sa. tolerance = 1, sa_iterations = 1000, initial_temperature = 3.0, cooling_rate = 0.999
26 - INFO - chord#: 140 done. best_score=31.0, changed=529, unchanged=300, early_stops=8/8
26 - INFO - chord#: 142 In build_straw_man_chord_sa. tolerance = 1, sa_iterations = 1000, initial_temperature = 3.0, cooling_rate = 0.999
26 - INFO - chord#: 142 done. best_score=7.0, changed=496, unchanged=319, early_stops=8/8
26 - INFO - chord#: 144 In build_straw_man_chord_sa. tolerance = 1, sa_iterations = 1000, initial_temperature = 3.0, cooling_rate = 0.999
26 - INFO - chord#: 140 done. best_score=31.0, changed=518, unchanged=312, early_stops=8/8
26 - INFO - chord#: 142 In build_straw_man_chord_sa. tolerance = 1, sa_iterations = 1000, initial_temperature = 3.0, cooling_rate = 0.999
26 - INFO - chord#: 142 done. best_score=7.0, changed=497, unchanged=320, early_stops=8/8
26 - INFO - chord#: 144 In build_straw_man_chord_sa. tolerance = 1, sa_iterations = 1000, initial_temperature = 3.0, cooling_rate = 0.999
26 - INFO - chord#: 144 done. best_score=27.0, changed=527, unchanged=475, early_stops=8/8
26 - INFO - chord#: 146 In build_straw_man_chord_sa. tolerance = 1, sa_iterations = 1000, initial_temperature = 3.0, cooling_rate = 0.999
26 - INFO - chord#: 140 done. best_score=31.0, changed=531, unchanged=366, early_stops=8/8
26 - INFO - chord#: 142 In build_straw_man_chord_sa. tolerance = 1, sa_iterations = 1000, initial_temperature = 3.0, cooling_rate = 0.999
26 - INFO - chord#: 144 done. best_score=27.0, changed=528, unchanged=359, early_stops=8/8
26 - INFO - chord#: 146 In build_straw_man_chord_sa. tolerance = 1, sa_iterations = 1000, initial_temperature = 3.0, cooling_rate = 0.999
26 - INFO - chord#: 142 done. best_score=7.0, changed=519, unchanged=306, early_stops=8/8
26 - INFO - chord#: 144 In build_straw_man_chord_sa. tolerance = 1, sa_iterations = 1000, initial_temperature = 3.0, cooling_rate = 0.999
26 - INFO - chord#: 144 done. best_score=27.0, changed=533, unchanged=424, early_stops=8/8
26 - INFO - chord#: 146 In build_straw_man_chord_sa. tolerance = 1, sa_iterations = 1000, initial_temperature = 3.0, cooling_rate = 0.999
26 - INFO - chord#: 138 done. best_score=82.0, changed=616, unchanged=409, early_stops=8/8
26 - INFO - chord#: 140 In build_straw_man_chord_sa. tolerance = 1, sa_iterations = 1000, initial_temperature = 3.0, cooling_rate = 0.999
26 - INFO - chord#: 146 done. best_score=137.0, changed=618, unchanged=440, early_stops=8/8
26 - INFO - chord#: 148 In build_straw_man_chord_sa. tolerance = 1, sa_iterations = 1000, initial_temperature = 3.0, cooling_rate = 0.999
26 - INFO - chord#: 144 done. best_score=27.0, changed=533, unchanged=502, early_stops=8/8
26 - INFO - chord#: 146 In build_straw_man_chord_sa. tolerance = 1, sa_iterations = 1000, initial_temperature = 3.0, cooling_rate = 0.999
26 - INFO - chord#: 140 done. best_score=31.0, changed=527, unchanged=308, early_stops=8/8
26 - INFO - chord#: 142 In build_straw_man_chord_sa. tolerance = 1, sa_iterations = 1000, initial_temperature = 3.0, cooling_rate = 0.999
26 - INFO - chord#: 142 done. best_score=7.0, changed=528, unchanged=296, early_stops=8/8
26 - INFO - chord#: 144 In build_straw_man_chord_sa. tolerance = 1, sa_iterations = 1000, initial_temperature = 3.0, cooling_rate = 0.999
26 - INFO - chord#: 148 done. best_score=27.0, changed=524, unchanged=486, early_stops=8/8
26 - INFO - chord#: 146 done. best_score=67.0, changed=609, unchanged=207, early_stops=8/8
26 - INFO - chord#: 148 In build_straw_man_chord_sa. tolerance = 1, sa_iterations = 1000, initial_temperature = 3.0, cooling_rate = 0.999
26 - INFO - chord#: 146 done. best_score=125.0, changed=609, unchanged=325, early_stops=8/8
26 - INFO - chord#: 148 In build_straw_man_chord_sa. tolerance = 1, sa_iterations = 1000, initial_temperature = 3.0, cooling_rate = 0.999
26 - INFO - chord#: 146 done. best_score=137.0, changed=604, unchanged=203, early_stops=8/8
26 - INFO - chord#: 148 In build_straw_man_chord_sa. tolerance = 1, sa_iterations = 1000, initial_temperature = 3.0, cooling_rate = 0.999
26 - INFO - chord#: 144 done. best_score=27.0, changed=525, unchanged=355, early_stops=8/8
26 - INFO - chord#: 146 In build_straw_man_chord_sa. tolerance = 1, sa_iterations = 1000, initial_temperature = 3.0, cooling_rate = 0.999
26 - INFO - chord#: 148 done. best_score=27.0, changed=517, unchanged=372, early_stops=8/8
26 - INFO - chord#: 148 done. best_score=57.0, changed=523, unchanged=408, early_stops=8/8
26 - INFO - chord#: 148 done. best_score=27.0, changed=514, unchanged=310, early_stops=8/8
26 - INFO - chord#: 146 done. best_score=67.0, changed=612, unchanged=377, early_stops=8/8
26 - INFO - chord#: 148 In build_straw_man_chord_sa. tolerance = 1, sa_iterations = 1000, initial_temperature = 3.0, cooling_rate = 0.999
26 - INFO - chord#: 148 done. best_score=27.0, changed=523, unchanged=404, early_stops=8/8
26 - INFO - chord#: 146 done. best_score=67.0, changed=615, unchanged=365, early_stops=8/8
26 - INFO - chord#: 148 In build_straw_man_chord_sa. tolerance = 1, sa_iterations = 1000, initial_temperature = 3.0, cooling_rate = 0.999
26 - INFO - chord#: 148 done. best_score=27.0, changed=522, unchanged=429, early_stops=8/8
26 - INFO - chord#: 0 In build_straw_man_chord_sa. tolerance = 1, sa_iterations = 1000, initial_temperature = 3.0, cooling_rate = 0.999
26 - INFO - chord#: 0 In build_straw_man_chord_sa. tolerance = 1, sa_iterations = 1000, initial_temperature = 3.0, cooling_rate = 0.999
26 - INFO - chord#: 0 In build_straw_man_chord_sa. tolerance = 1, sa_iterations = 1000, initial_temperature = 3.0, cooling_rate = 0.999
26 - INFO - chord#: 0 In build_straw_man_chord_sa. tolerance = 1, sa_iterations = 1000, initial_temperature = 3.0, cooling_rate = 0.999
26 - INFO - chord#: 0 In build_straw_man_chord_sa. tolerance = 1, sa_iterations = 1000, initial_temperature = 3.0, cooling_rate = 0.999
26 - INFO - chord#: 0 In build_straw_man_chord_sa. tolerance = 1, sa_iterations = 1000, initial_temperature = 3.0, cooling_rate = 0.999
26 - INFO - chord#: 0 In build_straw_man_chord_sa. tolerance = 1, sa_iterations = 1000, initial_temperature = 3.0, cooling_rate = 0.999
26 - INFO - chord#: 0 In build_straw_man_chord_sa. tolerance = 1, sa_iterations = 1000, initial_temperature = 3.0, cooling_rate = 0.999
26 - INFO - chord#: 0 In build_straw_man_chord_sa. tolerance = 1, sa_iterations = 1000, initial_temperature = 3.0, cooling_rate = 0.999
26 - INFO - chord#: 0 In build_straw_man_chord_sa. tolerance = 1, sa_iterations = 1000, initial_temperature = 3.0, cooling_rate = 0.999
26 - INFO - chord#: 0 In build_straw_man_chord_sa. tolerance = 1, sa_iterations = 1000, initial_temperature = 3.0, cooling_rate = 0.999
26 - INFO - chord#: 0 In build_straw_man_chord_sa. tolerance = 1, sa_iterations = 1000, initial_temperature = 3.0, cooling_rate = 0.999
26 - INFO - chord#: 0 done. best_score=27.0, changed=513, unchanged=422, early_stops=8/8
26 - INFO - chord#: 4 In build_straw_man_chord_sa. tolerance = 1, sa_iterations = 1000, initial_temperature = 3.0, cooling_rate = 0.999
26 - INFO - chord#: 0 done. best_score=27.0, changed=509, unchanged=394, early_stops=8/8
26 - INFO - chord#: 4 In build_straw_man_chord_sa. tolerance = 1, sa_iterations = 1000, initial_temperature = 3.0, cooling_rate = 0.999
26 - INFO - chord#: 0 done. best_score=27.0, changed=523, unchanged=405, early_stops=8/8
26 - INFO - chord#: 4 In build_straw_man_chord_sa. tolerance = 1, sa_iterations = 1000, initial_temperature = 3.0, cooling_rate = 0.999
26 - INFO - chord#: 0 done. best_score=27.0, changed=521, unchanged=429, early_stops=8/8
26 - INFO - chord#: 4 In build_straw_man_chord_sa. tolerance = 1, sa_iterations = 1000, initial_temperature = 3.0, cooling_rate = 0.999
26 - INFO - chord#: 0 done. best_score=27.0, changed=537, unchanged=530, early_stops=8/8
26 - INFO - chord#: 4 In build_straw_man_chord_sa. tolerance = 1, sa_iterations = 1000, initial_temperature = 3.0, cooling_rate = 0.999
26 - INFO - chord#: 0 done. best_score=27.0, changed=518, unchanged=363, early_stops=8/8
26 - INFO - chord#: 4 In build_straw_man_chord_sa. tolerance = 1, sa_iterations = 1000, initial_temperature = 3.0, cooling_rate = 0.999
26 - INFO - chord#: 0 done. best_score=27.0, changed=517, unchanged=363, early_stops=8/8
26 - INFO - chord#: 4 In build_straw_man_chord_sa. tolerance = 1, sa_iterations = 1000, initial_temperature = 3.0, cooling_rate = 0.999
26 - INFO - chord#: 0 done. best_score=27.0, changed=512, unchanged=379, early_stops=8/8
26 - INFO - chord#: 4 In build_straw_man_chord_sa. tolerance = 1, sa_iterations = 1000, initial_temperature = 3.0, cooling_rate = 0.999
26 - INFO - chord#: 0 done. best_score=27.0, changed=518, unchanged=470, early_stops=8/8
26 - INFO - chord#: 4 In build_straw_man_chord_sa. tolerance = 1, sa_iterations = 1000, initial_temperature = 3.0, cooling_rate = 0.999
26 - INFO - chord#: 0 done. best_score=27.0, changed=518, unchanged=432, early_stops=8/8
26 - INFO - chord#: 4 In build_straw_man_chord_sa. tolerance = 1, sa_iterations = 1000, initial_temperature = 3.0, cooling_rate = 0.999
26 - INFO - chord#: 0 done. best_score=27.0, changed=529, unchanged=459, early_stops=8/8
26 - INFO - chord#: 4 In build_straw_man_chord_sa. tolerance = 1, sa_iterations = 1000, initial_temperature = 3.0, cooling_rate = 0.999
26 - INFO - chord#: 0 done. best_score=27.0, changed=534, unchanged=587, early_stops=8/8
26 - INFO - chord#: 4 In build_straw_man_chord_sa. tolerance = 1, sa_iterations = 1000, initial_temperature = 3.0, cooling_rate = 0.999
26 - INFO - chord#: 4 done. best_score=27.0, changed=532, unchanged=360, early_stops=8/8
26 - INFO - chord#: 6 In build_straw_man_chord_sa. tolerance = 1, sa_iterations = 1000, initial_temperature = 3.0, cooling_rate = 0.999
26 - INFO - chord#: 4 done. best_score=27.0, changed=530, unchanged=419, early_stops=8/8
26 - INFO - chord#: 6 In build_straw_man_chord_sa. tolerance = 1, sa_iterations = 1000, initial_temperature = 3.0, cooling_rate = 0.999
26 - INFO - chord#: 4 done. best_score=27.0, changed=529, unchanged=303, early_stops=8/8
26 - INFO - chord#: 6 In build_straw_man_chord_sa. tolerance = 1, sa_iterations = 1000, initial_temperature = 3.0, cooling_rate = 0.999
26 - INFO - chord#: 4 done. best_score=27.0, changed=523, unchanged=449, early_stops=8/8
26 - INFO - chord#: 6 In build_straw_man_chord_sa. tolerance = 1, sa_iterations = 1000, initial_temperature = 3.0, cooling_rate = 0.999
26 - INFO - chord#: 4 done. best_score=27.0, changed=523, unchanged=328, early_stops=8/8
26 - INFO - chord#: 6 In build_straw_man_chord_sa. tolerance = 1, sa_iterations = 1000, initial_temperature = 3.0, cooling_rate = 0.999
26 - INFO - chord#: 4 done. best_score=27.0, changed=545, unchanged=296, early_stops=8/8
26 - INFO - chord#: 6 In build_straw_man_chord_sa. tolerance = 1, sa_iterations = 1000, initial_temperature = 3.0, cooling_rate = 0.999
26 - INFO - chord#: 4 done. best_score=27.0, changed=526, unchanged=387, early_stops=8/8
26 - INFO - chord#: 6 In build_straw_man_chord_sa. tolerance = 1, sa_iterations = 1000, initial_temperature = 3.0, cooling_rate = 0.999
26 - INFO - chord#: 4 done. best_score=27.0, changed=531, unchanged=409, early_stops=8/8
26 - INFO - chord#: 6 In build_straw_man_chord_sa. tolerance = 1, sa_iterations = 1000, initial_temperature = 3.0, cooling_rate = 0.999
26 - INFO - chord#: 4 done. best_score=27.0, changed=528, unchanged=293, early_stops=8/8
26 - INFO - chord#: 6 In build_straw_man_chord_sa. tolerance = 1, sa_iterations = 1000, initial_temperature = 3.0, cooling_rate = 0.999
26 - INFO - chord#: 4 done. best_score=27.0, changed=535, unchanged=395, early_stops=8/8
26 - INFO - chord#: 6 In build_straw_man_chord_sa. tolerance = 1, sa_iterations = 1000, initial_temperature = 3.0, cooling_rate = 0.999
26 - INFO - chord#: 4 done. best_score=27.0, changed=525, unchanged=361, early_stops=8/8
26 - INFO - chord#: 6 In build_straw_man_chord_sa. tolerance = 1, sa_iterations = 1000, initial_temperature = 3.0, cooling_rate = 0.999
26 - INFO - chord#: 4 done. best_score=27.0, changed=516, unchanged=317, early_stops=8/8
26 - INFO - chord#: 6 In build_straw_man_chord_sa. tolerance = 1, sa_iterations = 1000, initial_temperature = 3.0, cooling_rate = 0.999
26 - INFO - chord#: 6 done. best_score=31.0, changed=524, unchanged=321, early_stops=8/8
26 - INFO - chord#: 8 In build_straw_man_chord_sa. tolerance = 1, sa_iterations = 1000, initial_temperature = 3.0, cooling_rate = 0.999
26 - INFO - chord#: 6 done. best_score=31.0, changed=540, unchanged=341, early_stops=8/8
26 - INFO - chord#: 8 In build_straw_man_chord_sa. tolerance = 1, sa_iterations = 1000, initial_temperature = 3.0, cooling_rate = 0.999
26 - INFO - chord#: 6 done. best_score=31.0, changed=533, unchanged=344, early_stops=8/8
26 - INFO - chord#: 8 In build_straw_man_chord_sa. tolerance = 1, sa_iterations = 1000, initial_temperature = 3.0, cooling_rate = 0.999
26 - INFO - chord#: 6 done. best_score=31.0, changed=529, unchanged=359, early_stops=8/8
26 - INFO - chord#: 8 In build_straw_man_chord_sa. tolerance = 1, sa_iterations = 1000, initial_temperature = 3.0, cooling_rate = 0.999
26 - INFO - chord#: 6 done. best_score=31.0, changed=529, unchanged=362, early_stops=8/8
26 - INFO - chord#: 8 In build_straw_man_chord_sa. tolerance = 1, sa_iterations = 1000, initial_temperature = 3.0, cooling_rate = 0.999
26 - INFO - chord#: 6 done. best_score=31.0, changed=530, unchanged=313, early_stops=8/8
26 - INFO - chord#: 8 In build_straw_man_chord_sa. tolerance = 1, sa_iterations = 1000, initial_temperature = 3.0, cooling_rate = 0.999
26 - INFO - chord#: 6 done. best_score=31.0, changed=532, unchanged=371, early_stops=8/8
26 - INFO - chord#: 8 In build_straw_man_chord_sa. tolerance = 1, sa_iterations = 1000, initial_temperature = 3.0, cooling_rate = 0.999
26 - INFO - chord#: 6 done. best_score=31.0, changed=531, unchanged=327, early_stops=8/8
26 - INFO - chord#: 8 In build_straw_man_chord_sa. tolerance = 1, sa_iterations = 1000, initial_temperature = 3.0, cooling_rate = 0.999
26 - INFO - chord#: 6 done. best_score=31.0, changed=518, unchanged=289, early_stops=8/8
26 - INFO - chord#: 8 In build_straw_man_chord_sa. tolerance = 1, sa_iterations = 1000, initial_temperature = 3.0, cooling_rate = 0.999
26 - INFO - chord#: 6 done. best_score=31.0, changed=536, unchanged=314, early_stops=8/8
26 - INFO - chord#: 8 In build_straw_man_chord_sa. tolerance = 1, sa_iterations = 1000, initial_temperature = 3.0, cooling_rate = 0.999
26 - INFO - chord#: 6 done. best_score=31.0, changed=528, unchanged=370, early_stops=8/8
26 - INFO - chord#: 8 In build_straw_man_chord_sa. tolerance = 1, sa_iterations = 1000, initial_temperature = 3.0, cooling_rate = 0.999
26 - INFO - chord#: 6 done. best_score=31.0, changed=537, unchanged=324, early_stops=8/8
26 - INFO - chord#: 8 In build_straw_man_chord_sa. tolerance = 1, sa_iterations = 1000, initial_temperature = 3.0, cooling_rate = 0.999
26 - INFO - chord#: 8 done. best_score=27.0, changed=517, unchanged=322, early_stops=8/8
26 - INFO - chord#: 12 In build_straw_man_chord_sa. tolerance = 1, sa_iterations = 1000, initial_temperature = 3.0, cooling_rate = 0.999
26 - INFO - chord#: 8 done. best_score=27.0, changed=522, unchanged=472, early_stops=8/8
26 - INFO - chord#: 12 In build_straw_man_chord_sa. tolerance = 1, sa_iterations = 1000, initial_temperature = 3.0, cooling_rate = 0.999
26 - INFO - chord#: 8 done. best_score=27.0, changed=516, unchanged=447, early_stops=8/8
26 - INFO - chord#: 12 In build_straw_man_chord_sa. tolerance = 1, sa_iterations = 1000, initial_temperature = 3.0, cooling_rate = 0.999
26 - INFO - chord#: 8 done. best_score=27.0, changed=519, unchanged=456, early_stops=8/8
26 - INFO - chord#: 12 In build_straw_man_chord_sa. tolerance = 1, sa_iterations = 1000, initial_temperature = 3.0, cooling_rate = 0.999
26 - INFO - chord#: 8 done. best_score=27.0, changed=521, unchanged=366, early_stops=8/8
26 - INFO - chord#: 12 In build_straw_man_chord_sa. tolerance = 1, sa_iterations = 1000, initial_temperature = 3.0, cooling_rate = 0.999
26 - INFO - chord#: 8 done. best_score=27.0, changed=522, unchanged=541, early_stops=8/8
26 - INFO - chord#: 12 In build_straw_man_chord_sa. tolerance = 1, sa_iterations = 1000, initial_temperature = 3.0, cooling_rate = 0.999
26 - INFO - chord#: 8 done. best_score=27.0, changed=519, unchanged=387, early_stops=8/8
26 - INFO - chord#: 12 In build_straw_man_chord_sa. tolerance = 1, sa_iterations = 1000, initial_temperature = 3.0, cooling_rate = 0.999
26 - INFO - chord#: 8 done. best_score=27.0, changed=517, unchanged=352, early_stops=8/8
26 - INFO - chord#: 12 In build_straw_man_chord_sa. tolerance = 1, sa_iterations = 1000, initial_temperature = 3.0, cooling_rate = 0.999
26 - INFO - chord#: 8 done. best_score=27.0, changed=522, unchanged=339, early_stops=8/8
26 - INFO - chord#: 12 In build_straw_man_chord_sa. tolerance = 1, sa_iterations = 1000, initial_temperature = 3.0, cooling_rate = 0.999
26 - INFO - chord#: 8 done. best_score=27.0, changed=523, unchanged=442, early_stops=8/8
26 - INFO - chord#: 12 In build_straw_man_chord_sa. tolerance = 1, sa_iterations = 1000, initial_temperature = 3.0, cooling_rate = 0.999
26 - INFO - chord#: 12 done. best_score=27.0, changed=524, unchanged=448, early_stops=8/8
26 - INFO - chord#: 16 In build_straw_man_chord_sa. tolerance = 1, sa_iterations = 1000, initial_temperature = 3.0, cooling_rate = 0.999
26 - INFO - chord#: 8 done. best_score=27.0, changed=537, unchanged=573, early_stops=8/8
26 - INFO - chord#: 12 In build_straw_man_chord_sa. tolerance = 1, sa_iterations = 1000, initial_temperature = 3.0, cooling_rate = 0.999
26 - INFO - chord#: 12 done. best_score=27.0, changed=523, unchanged=439, early_stops=8/8
26 - INFO - chord#: 16 In build_straw_man_chord_sa. tolerance = 1, sa_iterations = 1000, initial_temperature = 3.0, cooling_rate = 0.999
26 - INFO - chord#: 12 done. best_score=27.0, changed=519, unchanged=468, early_stops=8/8
26 - INFO - chord#: 16 In build_straw_man_chord_sa. tolerance = 1, sa_iterations = 1000, initial_temperature = 3.0, cooling_rate = 0.999
26 - INFO - chord#: 12 done. best_score=27.0, changed=526, unchanged=424, early_stops=8/8
26 - INFO - chord#: 16 In build_straw_man_chord_sa. tolerance = 1, sa_iterations = 1000, initial_temperature = 3.0, cooling_rate = 0.999
26 - INFO - chord#: 8 done. best_score=27.0, changed=521, unchanged=495, early_stops=8/8
26 - INFO - chord#: 12 In build_straw_man_chord_sa. tolerance = 1, sa_iterations = 1000, initial_temperature = 3.0, cooling_rate = 0.999
26 - INFO - chord#: 12 done. best_score=27.0, changed=527, unchanged=499, early_stops=8/8
26 - INFO - chord#: 16 In build_straw_man_chord_sa. tolerance = 1, sa_iterations = 1000, initial_temperature = 3.0, cooling_rate = 0.999
26 - INFO - chord#: 12 done. best_score=27.0, changed=527, unchanged=407, early_stops=8/8
26 - INFO - chord#: 16 In build_straw_man_chord_sa. tolerance = 1, sa_iterations = 1000, initial_temperature = 3.0, cooling_rate = 0.999
26 - INFO - chord#: 12 done. best_score=27.0, changed=524, unchanged=404, early_stops=8/8
26 - INFO - chord#: 16 In build_straw_man_chord_sa. tolerance = 1, sa_iterations = 1000, initial_temperature = 3.0, cooling_rate = 0.999
26 - INFO - chord#: 16 done. best_score=35.0, changed=533, unchanged=409, early_stops=8/8
26 - INFO - chord#: 18 In build_straw_man_chord_sa. tolerance = 1, sa_iterations = 1000, initial_temperature = 3.0, cooling_rate = 0.999
26 - INFO - chord#: 16 done. best_score=35.0, changed=525, unchanged=396, early_stops=8/8
26 - INFO - chord#: 18 In build_straw_man_chord_sa. tolerance = 1, sa_iterations = 1000, initial_temperature = 3.0, cooling_rate = 0.999
26 - INFO - chord#: 12 done. best_score=27.0, changed=525, unchanged=414, early_stops=8/8
26 - INFO - chord#: 16 In build_straw_man_chord_sa. tolerance = 1, sa_iterations = 1000, initial_temperature = 3.0, cooling_rate = 0.999
26 - INFO - chord#: 16 done. best_score=35.0, changed=526, unchanged=322, early_stops=8/8
26 - INFO - chord#: 18 In build_straw_man_chord_sa. tolerance = 1, sa_iterations = 1000, initial_temperature = 3.0, cooling_rate = 0.999
26 - INFO - chord#: 16 done. best_score=35.0, changed=529, unchanged=424, early_stops=8/8
26 - INFO - chord#: 18 In build_straw_man_chord_sa. tolerance = 1, sa_iterations = 1000, initial_temperature = 3.0, cooling_rate = 0.999
26 - INFO - chord#: 12 done. best_score=27.0, changed=514, unchanged=319, early_stops=8/8
26 - INFO - chord#: 16 In build_straw_man_chord_sa. tolerance = 1, sa_iterations = 1000, initial_temperature = 3.0, cooling_rate = 0.999
26 - INFO - chord#: 12 done. best_score=27.0, changed=522, unchanged=485, early_stops=8/8
26 - INFO - chord#: 16 In build_straw_man_chord_sa. tolerance = 1, sa_iterations = 1000, initial_temperature = 3.0, cooling_rate = 0.999
26 - INFO - chord#: 16 done. best_score=35.0, changed=526, unchanged=374, early_stops=8/8
26 - INFO - chord#: 18 In build_straw_man_chord_sa. tolerance = 1, sa_iterations = 1000, initial_temperature = 3.0, cooling_rate = 0.999
26 - INFO - chord#: 12 done. best_score=27.0, changed=529, unchanged=544, early_stops=8/8
26 - INFO - chord#: 16 In build_straw_man_chord_sa. tolerance = 1, sa_iterations = 1000, initial_temperature = 3.0, cooling_rate = 0.999
26 - INFO - chord#: 12 done. best_score=27.0, changed=526, unchanged=432, early_stops=8/8
26 - INFO - chord#: 16 In build_straw_man_chord_sa. tolerance = 1, sa_iterations = 1000, initial_temperature = 3.0, cooling_rate = 0.999
26 - INFO - chord#: 16 done. best_score=35.0, changed=520, unchanged=340, early_stops=8/8
26 - INFO - chord#: 18 In build_straw_man_chord_sa. tolerance = 1, sa_iterations = 1000, initial_temperature = 3.0, cooling_rate = 0.999
26 - INFO - chord#: 18 done. best_score=27.0, changed=530, unchanged=393, early_stops=8/8
26 - INFO - chord#: 20 In build_straw_man_chord_sa. tolerance = 1, sa_iterations = 1000, initial_temperature = 3.0, cooling_rate = 0.999
26 - INFO - chord#: 18 done. best_score=36.0, changed=520, unchanged=343, early_stops=8/8
26 - INFO - chord#: 20 In build_straw_man_chord_sa. tolerance = 1, sa_iterations = 1000, initial_temperature = 3.0, cooling_rate = 0.999
26 - INFO - chord#: 18 done. best_score=36.0, changed=528, unchanged=363, early_stops=8/8
26 - INFO - chord#: 20 In build_straw_man_chord_sa. tolerance = 1, sa_iterations = 1000, initial_temperature = 3.0, cooling_rate = 0.999
26 - INFO - chord#: 16 done. best_score=35.0, changed=523, unchanged=311, early_stops=8/8
26 - INFO - chord#: 18 In build_straw_man_chord_sa. tolerance = 1, sa_iterations = 1000, initial_temperature = 3.0, cooling_rate = 0.999
26 - INFO - chord#: 18 done. best_score=36.0, changed=528, unchanged=402, early_stops=8/8
26 - INFO - chord#: 20 In build_straw_man_chord_sa. tolerance = 1, sa_iterations = 1000, initial_temperature = 3.0, cooling_rate = 0.999
26 - INFO - chord#: 16 done. best_score=35.0, changed=539, unchanged=505, early_stops=8/8
26 - INFO - chord#: 18 In build_straw_man_chord_sa. tolerance = 1, sa_iterations = 1000, initial_temperature = 3.0, cooling_rate = 0.999
26 - INFO - chord#: 16 done. best_score=35.0, changed=520, unchanged=326, early_stops=8/8
26 - INFO - chord#: 18 In build_straw_man_chord_sa. tolerance = 1, sa_iterations = 1000, initial_temperature = 3.0, cooling_rate = 0.999
26 - INFO - chord#: 18 done. best_score=36.0, changed=538, unchanged=505, early_stops=8/8
26 - INFO - chord#: 20 In build_straw_man_chord_sa. tolerance = 1, sa_iterations = 1000, initial_temperature = 3.0, cooling_rate = 0.999
26 - INFO - chord#: 16 done. best_score=35.0, changed=529, unchanged=476, early_stops=8/8
26 - INFO - chord#: 18 In build_straw_man_chord_sa. tolerance = 1, sa_iterations = 1000, initial_temperature = 3.0, cooling_rate = 0.999
26 - INFO - chord#: 18 done. best_score=36.0, changed=523, unchanged=340, early_stops=8/8
26 - INFO - chord#: 20 In build_straw_man_chord_sa. tolerance = 1, sa_iterations = 1000, initial_temperature = 3.0, cooling_rate = 0.999
26 - INFO - chord#: 16 done. best_score=35.0, changed=527, unchanged=415, early_stops=8/8
26 - INFO - chord#: 18 In build_straw_man_chord_sa. tolerance = 1, sa_iterations = 1000, initial_temperature = 3.0, cooling_rate = 0.999
26 - INFO - chord#: 16 done. best_score=35.0, changed=521, unchanged=321, early_stops=8/8
26 - INFO - chord#: 18 In build_straw_man_chord_sa. tolerance = 1, sa_iterations = 1000, initial_temperature = 3.0, cooling_rate = 0.999
26 - INFO - chord#: 20 done. best_score=27.0, changed=521, unchanged=370, early_stops=8/8
26 - INFO - chord#: 22 In build_straw_man_chord_sa. tolerance = 1, sa_iterations = 1000, initial_temperature = 3.0, cooling_rate = 0.999
26 - INFO - chord#: 20 done. best_score=27.0, changed=521, unchanged=407, early_stops=8/8
26 - INFO - chord#: 22 In build_straw_man_chord_sa. tolerance = 1, sa_iterations = 1000, initial_temperature = 3.0, cooling_rate = 0.999
26 - INFO - chord#: 20 done. best_score=27.0, changed=518, unchanged=380, early_stops=8/8
26 - INFO - chord#: 22 In build_straw_man_chord_sa. tolerance = 1, sa_iterations = 1000, initial_temperature = 3.0, cooling_rate = 0.999
26 - INFO - chord#: 20 done. best_score=27.0, changed=525, unchanged=489, early_stops=8/8
26 - INFO - chord#: 22 In build_straw_man_chord_sa. tolerance = 1, sa_iterations = 1000, initial_temperature = 3.0, cooling_rate = 0.999
26 - INFO - chord#: 18 done. best_score=36.0, changed=523, unchanged=418, early_stops=8/8
26 - INFO - chord#: 20 In build_straw_man_chord_sa. tolerance = 1, sa_iterations = 1000, initial_temperature = 3.0, cooling_rate = 0.999
26 - INFO - chord#: 20 done. best_score=27.0, changed=523, unchanged=433, early_stops=8/8
26 - INFO - chord#: 22 In build_straw_man_chord_sa. tolerance = 1, sa_iterations = 1000, initial_temperature = 3.0, cooling_rate = 0.999
26 - INFO - chord#: 18 done. best_score=36.0, changed=536, unchanged=398, early_stops=8/8
26 - INFO - chord#: 20 In build_straw_man_chord_sa. tolerance = 1, sa_iterations = 1000, initial_temperature = 3.0, cooling_rate = 0.999
26 - INFO - chord#: 18 done. best_score=36.0, changed=531, unchanged=325, early_stops=8/8
26 - INFO - chord#: 20 In build_straw_man_chord_sa. tolerance = 1, sa_iterations = 1000, initial_temperature = 3.0, cooling_rate = 0.999
26 - INFO - chord#: 20 done. best_score=27.0, changed=521, unchanged=436, early_stops=8/8
26 - INFO - chord#: 22 In build_straw_man_chord_sa. tolerance = 1, sa_iterations = 1000, initial_temperature = 3.0, cooling_rate = 0.999
26 - INFO - chord#: 18 done. best_score=36.0, changed=529, unchanged=493, early_stops=8/8
26 - INFO - chord#: 20 In build_straw_man_chord_sa. tolerance = 1, sa_iterations = 1000, initial_temperature = 3.0, cooling_rate = 0.999
26 - INFO - chord#: 18 done. best_score=36.0, changed=534, unchanged=474, early_stops=8/8
26 - INFO - chord#: 20 In build_straw_man_chord_sa. tolerance = 1, sa_iterations = 1000, initial_temperature = 3.0, cooling_rate = 0.999
26 - INFO - chord#: 18 done. best_score=36.0, changed=518, unchanged=378, early_stops=8/8
26 - INFO - chord#: 20 In build_straw_man_chord_sa. tolerance = 1, sa_iterations = 1000, initial_temperature = 3.0, cooling_rate = 0.999
26 - INFO - chord#: 20 done. best_score=27.0, changed=516, unchanged=441, early_stops=8/8
26 - INFO - chord#: 22 In build_straw_man_chord_sa. tolerance = 1, sa_iterations = 1000, initial_temperature = 3.0, cooling_rate = 0.999
26 - INFO - chord#: 22 done. best_score=74.0, changed=603, unchanged=208, early_stops=8/8
26 - INFO - chord#: 24 In build_straw_man_chord_sa. tolerance = 1, sa_iterations = 1000, initial_temperature = 3.0, cooling_rate = 0.999
26 - INFO - chord#: 20 done. best_score=27.0, changed=518, unchanged=417, early_stops=8/8
26 - INFO - chord#: 22 In build_straw_man_chord_sa. tolerance = 1, sa_iterations = 1000, initial_temperature = 3.0, cooling_rate = 0.999
26 - INFO - chord#: 20 done. best_score=27.0, changed=520, unchanged=420, early_stops=8/8
26 - INFO - chord#: 22 In build_straw_man_chord_sa. tolerance = 1, sa_iterations = 1000, initial_temperature = 3.0, cooling_rate = 0.999
26 - INFO - chord#: 20 done. best_score=27.0, changed=518, unchanged=317, early_stops=8/8
26 - INFO - chord#: 22 In build_straw_man_chord_sa. tolerance = 1, sa_iterations = 1000, initial_temperature = 3.0, cooling_rate = 0.999
26 - INFO - chord#: 20 done. best_score=27.0, changed=529, unchanged=428, early_stops=8/8
26 - INFO - chord#: 22 In build_straw_man_chord_sa. tolerance = 1, sa_iterations = 1000, initial_temperature = 3.0, cooling_rate = 0.999
26 - INFO - chord#: 20 done. best_score=27.0, changed=520, unchanged=402, early_stops=8/8
26 - INFO - chord#: 22 In build_straw_man_chord_sa. tolerance = 1, sa_iterations = 1000, initial_temperature = 3.0, cooling_rate = 0.999
26 - INFO - chord#: 22 done. best_score=74.0, changed=608, unchanged=255, early_stops=8/8
26 - INFO - chord#: 24 In build_straw_man_chord_sa. tolerance = 1, sa_iterations = 1000, initial_temperature = 3.0, cooling_rate = 0.999
26 - INFO - chord#: 22 done. best_score=121.0, changed=615, unchanged=274, early_stops=8/8
26 - INFO - chord#: 24 In build_straw_man_chord_sa. tolerance = 1, sa_iterations = 1000, initial_temperature = 3.0, cooling_rate = 0.999
26 - INFO - chord#: 22 done. best_score=74.0, changed=613, unchanged=353, early_stops=8/8
26 - INFO - chord#: 24 In build_straw_man_chord_sa. tolerance = 1, sa_iterations = 1000, initial_temperature = 3.0, cooling_rate = 0.999
26 - INFO - chord#: 24 done. best_score=27.0, changed=522, unchanged=426, early_stops=8/8
26 - INFO - chord#: 28 In build_straw_man_chord_sa. tolerance = 1, sa_iterations = 1000, initial_temperature = 3.0, cooling_rate = 0.999
26 - INFO - chord#: 22 done. best_score=74.0, changed=612, unchanged=402, early_stops=8/8
26 - INFO - chord#: 24 done. best_score=27.0, changed=515, unchanged=416, early_stops=8/8
26 - INFO - chord#: 24 In build_straw_man_chord_sa. tolerance = 1, sa_iterations = 1000, initial_temperature = 3.0, cooling_rate = 0.999
26 - INFO - chord#: 28 In build_straw_man_chord_sa. tolerance = 1, sa_iterations = 1000, initial_temperature = 3.0, cooling_rate = 0.999
26 - INFO - chord#: 22 done. best_score=74.0, changed=610, unchanged=294, early_stops=8/8
26 - INFO - chord#: 24 In build_straw_man_chord_sa. tolerance = 1, sa_iterations = 1000, initial_temperature = 3.0, cooling_rate = 0.999
26 - INFO - chord#: 24 done. best_score=27.0, changed=514, unchanged=392, early_stops=8/8
26 - INFO - chord#: 28 In build_straw_man_chord_sa. tolerance = 1, sa_iterations = 1000, initial_temperature = 3.0, cooling_rate = 0.999
26 - INFO - chord#: 24 done. best_score=27.0, changed=522, unchanged=463, early_stops=8/8
26 - INFO - chord#: 28 In build_straw_man_chord_sa. tolerance = 1, sa_iterations = 1000, initial_temperature = 3.0, cooling_rate = 0.999
26 - INFO - chord#: 28 done. best_score=27.0, changed=525, unchanged=394, early_stops=8/8
26 - INFO - chord#: 32 In build_straw_man_chord_sa. tolerance = 1, sa_iterations = 1000, initial_temperature = 3.0, cooling_rate = 0.999
26 - INFO - chord#: 22 done. best_score=74.0, changed=616, unchanged=313, early_stops=8/8
26 - INFO - chord#: 24 In build_straw_man_chord_sa. tolerance = 1, sa_iterations = 1000, initial_temperature = 3.0, cooling_rate = 0.999
26 - INFO - chord#: 28 done. best_score=27.0, changed=519, unchanged=365, early_stops=8/8
26 - INFO - chord#: 32 In build_straw_man_chord_sa. tolerance = 1, sa_iterations = 1000, initial_temperature = 3.0, cooling_rate = 0.999
26 - INFO - chord#: 22 done. best_score=74.0, changed=614, unchanged=264, early_stops=8/8
26 - INFO - chord#: 24 In build_straw_man_chord_sa. tolerance = 1, sa_iterations = 1000, initial_temperature = 3.0, cooling_rate = 0.999
26 - INFO - chord#: 24 done. best_score=27.0, changed=516, unchanged=451, early_stops=8/8
26 - INFO - chord#: 28 In build_straw_man_chord_sa. tolerance = 1, sa_iterations = 1000, initial_temperature = 3.0, cooling_rate = 0.999
26 - INFO - chord#: 28 done. best_score=27.0, changed=526, unchanged=386, early_stops=8/8
26 - INFO - chord#: 32 In build_straw_man_chord_sa. tolerance = 1, sa_iterations = 1000, initial_temperature = 3.0, cooling_rate = 0.999
26 - INFO - chord#: 28 done. best_score=27.0, changed=527, unchanged=400, early_stops=8/8
26 - INFO - chord#: 32 In build_straw_man_chord_sa. tolerance = 1, sa_iterations = 1000, initial_temperature = 3.0, cooling_rate = 0.999
26 - INFO - chord#: 24 done. best_score=27.0, changed=520, unchanged=478, early_stops=8/8
26 - INFO - chord#: 28 In build_straw_man_chord_sa. tolerance = 1, sa_iterations = 1000, initial_temperature = 3.0, cooling_rate = 0.999
26 - INFO - chord#: 22 done. best_score=121.0, changed=609, unchanged=309, early_stops=8/8
26 - INFO - chord#: 24 In build_straw_man_chord_sa. tolerance = 1, sa_iterations = 1000, initial_temperature = 3.0, cooling_rate = 0.999
26 - INFO - chord#: 32 done. best_score=27.0, changed=523, unchanged=326, early_stops=8/8
26 - INFO - chord#: 36 In build_straw_man_chord_sa. tolerance = 1, sa_iterations = 1000, initial_temperature = 3.0, cooling_rate = 0.999
26 - INFO - chord#: 22 done. best_score=74.0, changed=615, unchanged=386, early_stops=8/8
26 - INFO - chord#: 24 In build_straw_man_chord_sa. tolerance = 1, sa_iterations = 1000, initial_temperature = 3.0, cooling_rate = 0.999
26 - INFO - chord#: 22 done. best_score=74.0, changed=612, unchanged=345, early_stops=8/8
26 - INFO - chord#: 24 In build_straw_man_chord_sa. tolerance = 1, sa_iterations = 1000, initial_temperature = 3.0, cooling_rate = 0.999
26 - INFO - chord#: 22 done. best_score=74.0, changed=621, unchanged=436, early_stops=8/8
26 - INFO - chord#: 24 In build_straw_man_chord_sa. tolerance = 1, sa_iterations = 1000, initial_temperature = 3.0, cooling_rate = 0.999
26 - INFO - chord#: 32 done. best_score=27.0, changed=525, unchanged=476, early_stops=8/8
26 - INFO - chord#: 36 In build_straw_man_chord_sa. tolerance = 1, sa_iterations = 1000, initial_temperature = 3.0, cooling_rate = 0.999
26 - INFO - chord#: 28 done. best_score=27.0, changed=523, unchanged=420, early_stops=8/8
26 - INFO - chord#: 32 In build_straw_man_chord_sa. tolerance = 1, sa_iterations = 1000, initial_temperature = 3.0, cooling_rate = 0.999
26 - INFO - chord#: 24 done. best_score=27.0, changed=511, unchanged=414, early_stops=8/8
26 - INFO - chord#: 28 In build_straw_man_chord_sa. tolerance = 1, sa_iterations = 1000, initial_temperature = 3.0, cooling_rate = 0.999
26 - INFO - chord#: 24 done. best_score=27.0, changed=519, unchanged=493, early_stops=8/8
26 - INFO - chord#: 28 In build_straw_man_chord_sa. tolerance = 1, sa_iterations = 1000, initial_temperature = 3.0, cooling_rate = 0.999
26 - INFO - chord#: 32 done. best_score=27.0, changed=515, unchanged=350, early_stops=8/8
26 - INFO - chord#: 36 In build_straw_man_chord_sa. tolerance = 1, sa_iterations = 1000, initial_temperature = 3.0, cooling_rate = 0.999
26 - INFO - chord#: 32 done. best_score=27.0, changed=528, unchanged=399, early_stops=8/8
26 - INFO - chord#: 36 In build_straw_man_chord_sa. tolerance = 1, sa_iterations = 1000, initial_temperature = 3.0, cooling_rate = 0.999
26 - INFO - chord#: 36 done. best_score=27.0, changed=520, unchanged=409, early_stops=8/8
26 - INFO - chord#: 38 In build_straw_man_chord_sa. tolerance = 1, sa_iterations = 1000, initial_temperature = 3.0, cooling_rate = 0.999
26 - INFO - chord#: 28 done. best_score=27.0, changed=520, unchanged=399, early_stops=8/8
26 - INFO - chord#: 32 In build_straw_man_chord_sa. tolerance = 1, sa_iterations = 1000, initial_temperature = 3.0, cooling_rate = 0.999
26 - INFO - chord#: 24 done. best_score=27.0, changed=515, unchanged=391, early_stops=8/8
26 - INFO - chord#: 28 In build_straw_man_chord_sa. tolerance = 1, sa_iterations = 1000, initial_temperature = 3.0, cooling_rate = 0.999
26 - INFO - chord#: 36 done. best_score=27.0, changed=525, unchanged=387, early_stops=8/8
26 - INFO - chord#: 38 In build_straw_man_chord_sa. tolerance = 1, sa_iterations = 1000, initial_temperature = 3.0, cooling_rate = 0.999
26 - INFO - chord#: 32 done. best_score=27.0, changed=512, unchanged=325, early_stops=8/8
26 - INFO - chord#: 36 In build_straw_man_chord_sa. tolerance = 1, sa_iterations = 1000, initial_temperature = 3.0, cooling_rate = 0.999
26 - INFO - chord#: 24 done. best_score=27.0, changed=522, unchanged=371, early_stops=8/8
26 - INFO - chord#: 28 In build_straw_man_chord_sa. tolerance = 1, sa_iterations = 1000, initial_temperature = 3.0, cooling_rate = 0.999
26 - INFO - chord#: 28 done. best_score=27.0, changed=516, unchanged=362, early_stops=8/8
26 - INFO - chord#: 32 In build_straw_man_chord_sa. tolerance = 1, sa_iterations = 1000, initial_temperature = 3.0, cooling_rate = 0.999
26 - INFO - chord#: 28 done. best_score=27.0, changed=520, unchanged=311, early_stops=8/8
26 - INFO - chord#: 32 In build_straw_man_chord_sa. tolerance = 1, sa_iterations = 1000, initial_temperature = 3.0, cooling_rate = 0.999
26 - INFO - chord#: 24 done. best_score=27.0, changed=523, unchanged=380, early_stops=8/8
26 - INFO - chord#: 28 In build_straw_man_chord_sa. tolerance = 1, sa_iterations = 1000, initial_temperature = 3.0, cooling_rate = 0.999
26 - INFO - chord#: 24 done. best_score=27.0, changed=530, unchanged=498, early_stops=8/8
26 - INFO - chord#: 28 In build_straw_man_chord_sa. tolerance = 1, sa_iterations = 1000, initial_temperature = 3.0, cooling_rate = 0.999
26 - INFO - chord#: 36 done. best_score=27.0, changed=521, unchanged=376, early_stops=8/8
26 - INFO - chord#: 38 In build_straw_man_chord_sa. tolerance = 1, sa_iterations = 1000, initial_temperature = 3.0, cooling_rate = 0.999
26 - INFO - chord#: 32 done. best_score=27.0, changed=525, unchanged=371, early_stops=8/8
26 - INFO - chord#: 36 In build_straw_man_chord_sa. tolerance = 1, sa_iterations = 1000, initial_temperature = 3.0, cooling_rate = 0.999
26 - INFO - chord#: 36 done. best_score=27.0, changed=534, unchanged=451, early_stops=8/8
26 - INFO - chord#: 38 In build_straw_man_chord_sa. tolerance = 1, sa_iterations = 1000, initial_temperature = 3.0, cooling_rate = 0.999
26 - INFO - chord#: 28 done. best_score=27.0, changed=512, unchanged=330, early_stops=8/8
26 - INFO - chord#: 32 In build_straw_man_chord_sa. tolerance = 1, sa_iterations = 1000, initial_temperature = 3.0, cooling_rate = 0.999
26 - INFO - chord#: 36 done. best_score=27.0, changed=524, unchanged=441, early_stops=8/8
26 - INFO - chord#: 38 In build_straw_man_chord_sa. tolerance = 1, sa_iterations = 1000, initial_temperature = 3.0, cooling_rate = 0.999
26 - INFO - chord#: 32 done. best_score=27.0, changed=522, unchanged=379, early_stops=8/8
26 - INFO - chord#: 36 In build_straw_man_chord_sa. tolerance = 1, sa_iterations = 1000, initial_temperature = 3.0, cooling_rate = 0.999
26 - INFO - chord#: 28 done. best_score=27.0, changed=523, unchanged=389, early_stops=8/8
26 - INFO - chord#: 32 In build_straw_man_chord_sa. tolerance = 1, sa_iterations = 1000, initial_temperature = 3.0, cooling_rate = 0.999
26 - INFO - chord#: 28 done. best_score=27.0, changed=520, unchanged=393, early_stops=8/8
26 - INFO - chord#: 32 In build_straw_man_chord_sa. tolerance = 1, sa_iterations = 1000, initial_temperature = 3.0, cooling_rate = 0.999
26 - INFO - chord#: 32 done. best_score=27.0, changed=518, unchanged=359, early_stops=8/8
26 - INFO - chord#: 36 In build_straw_man_chord_sa. tolerance = 1, sa_iterations = 1000, initial_temperature = 3.0, cooling_rate = 0.999
26 - INFO - chord#: 36 done. best_score=27.0, changed=520, unchanged=441, early_stops=8/8
26 - INFO - chord#: 38 In build_straw_man_chord_sa. tolerance = 1, sa_iterations = 1000, initial_temperature = 3.0, cooling_rate = 0.999
26 - INFO - chord#: 28 done. best_score=27.0, changed=525, unchanged=460, early_stops=8/8
26 - INFO - chord#: 32 In build_straw_man_chord_sa. tolerance = 1, sa_iterations = 1000, initial_temperature = 3.0, cooling_rate = 0.999
26 - INFO - chord#: 38 done. best_score=67.0, changed=608, unchanged=295, early_stops=8/8
26 - INFO - chord#: 40 In build_straw_man_chord_sa. tolerance = 1, sa_iterations = 1000, initial_temperature = 3.0, cooling_rate = 0.999
26 - INFO - chord#: 36 done. best_score=27.0, changed=512, unchanged=337, early_stops=8/8
26 - INFO - chord#: 38 In build_straw_man_chord_sa. tolerance = 1, sa_iterations = 1000, initial_temperature = 3.0, cooling_rate = 0.999
26 - INFO - chord#: 32 done. best_score=27.0, changed=520, unchanged=326, early_stops=8/8
26 - INFO - chord#: 36 In build_straw_man_chord_sa. tolerance = 1, sa_iterations = 1000, initial_temperature = 3.0, cooling_rate = 0.999
26 - INFO - chord#: 38 done. best_score=67.0, changed=620, unchanged=369, early_stops=8/8
26 - INFO - chord#: 40 In build_straw_man_chord_sa. tolerance = 1, sa_iterations = 1000, initial_temperature = 3.0, cooling_rate = 0.999
26 - INFO - chord#: 38 done. best_score=67.0, changed=608, unchanged=250, early_stops=8/8
26 - INFO - chord#: 40 In build_straw_man_chord_sa. tolerance = 1, sa_iterations = 1000, initial_temperature = 3.0, cooling_rate = 0.999
26 - INFO - chord#: 36 done. best_score=27.0, changed=519, unchanged=330, early_stops=8/8
26 - INFO - chord#: 38 In build_straw_man_chord_sa. tolerance = 1, sa_iterations = 1000, initial_temperature = 3.0, cooling_rate = 0.999
26 - INFO - chord#: 32 done. best_score=27.0, changed=528, unchanged=379, early_stops=8/8
26 - INFO - chord#: 36 In build_straw_man_chord_sa. tolerance = 1, sa_iterations = 1000, initial_temperature = 3.0, cooling_rate = 0.999
26 - INFO - chord#: 40 done. best_score=27.0, changed=511, unchanged=321, early_stops=8/8
26 - INFO - chord#: 42 In build_straw_man_chord_sa. tolerance = 1, sa_iterations = 1000, initial_temperature = 3.0, cooling_rate = 0.999
26 - INFO - chord#: 32 done. best_score=27.0, changed=523, unchanged=464, early_stops=8/8
26 - INFO - chord#: 36 In build_straw_man_chord_sa. tolerance = 1, sa_iterations = 1000, initial_temperature = 3.0, cooling_rate = 0.999
26 - INFO - chord#: 32 done. best_score=27.0, changed=526, unchanged=397, early_stops=8/8
26 - INFO - chord#: 36 In build_straw_man_chord_sa. tolerance = 1, sa_iterations = 1000, initial_temperature = 3.0, cooling_rate = 0.999
26 - INFO - chord#: 40 done. best_score=36.0, changed=516, unchanged=355, early_stops=8/8
26 - INFO - chord#: 40 done. best_score=27.0, changed=514, unchanged=396, early_stops=8/8
26 - INFO - chord#: 42 In build_straw_man_chord_sa. tolerance = 1, sa_iterations = 1000, initial_temperature = 3.0, cooling_rate = 0.999
26 - INFO - chord#: 42 In build_straw_man_chord_sa. tolerance = 1, sa_iterations = 1000, initial_temperature = 3.0, cooling_rate = 0.999
26 - INFO - chord#: 38 done. best_score=137.0, changed=612, unchanged=275, early_stops=8/8
26 - INFO - chord#: 40 In build_straw_man_chord_sa. tolerance = 1, sa_iterations = 1000, initial_temperature = 3.0, cooling_rate = 0.999
26 - INFO - chord#: 36 done. best_score=27.0, changed=524, unchanged=399, early_stops=8/8
26 - INFO - chord#: 38 In build_straw_man_chord_sa. tolerance = 1, sa_iterations = 1000, initial_temperature = 3.0, cooling_rate = 0.999
26 - INFO - chord#: 42 done. best_score=27.0, changed=518, unchanged=346, early_stops=8/8
26 - INFO - chord#: 44 In build_straw_man_chord_sa. tolerance = 1, sa_iterations = 1000, initial_temperature = 3.0, cooling_rate = 0.999
26 - INFO - chord#: 36 done. best_score=27.0, changed=523, unchanged=351, early_stops=8/8
26 - INFO - chord#: 38 In build_straw_man_chord_sa. tolerance = 1, sa_iterations = 1000, initial_temperature = 3.0, cooling_rate = 0.999
26 - INFO - chord#: 38 done. best_score=67.0, changed=617, unchanged=431, early_stops=8/8
26 - INFO - chord#: 40 In build_straw_man_chord_sa. tolerance = 1, sa_iterations = 1000, initial_temperature = 3.0, cooling_rate = 0.999
26 - INFO - chord#: 38 done. best_score=67.0, changed=610, unchanged=305, early_stops=8/8
26 - INFO - chord#: 40 In build_straw_man_chord_sa. tolerance = 1, sa_iterations = 1000, initial_temperature = 3.0, cooling_rate = 0.999
26 - INFO - chord#: 36 done. best_score=27.0, changed=525, unchanged=442, early_stops=8/8
26 - INFO - chord#: 38 In build_straw_man_chord_sa. tolerance = 1, sa_iterations = 1000, initial_temperature = 3.0, cooling_rate = 0.999
26 - INFO - chord#: 42 done. best_score=36.0, changed=517, unchanged=323, early_stops=8/8
26 - INFO - chord#: 44 In build_straw_man_chord_sa. tolerance = 1, sa_iterations = 1000, initial_temperature = 3.0, cooling_rate = 0.999
26 - INFO - chord#: 42 done. best_score=27.0, changed=522, unchanged=339, early_stops=8/8
26 - INFO - chord#: 44 In build_straw_man_chord_sa. tolerance = 1, sa_iterations = 1000, initial_temperature = 3.0, cooling_rate = 0.999
26 - INFO - chord#: 36 done. best_score=27.0, changed=526, unchanged=380, early_stops=8/8
26 - INFO - chord#: 38 In build_straw_man_chord_sa. tolerance = 1, sa_iterations = 1000, initial_temperature = 3.0, cooling_rate = 0.999
26 - INFO - chord#: 38 done. best_score=67.0, changed=616, unchanged=379, early_stops=8/8
26 - INFO - chord#: 40 In build_straw_man_chord_sa. tolerance = 1, sa_iterations = 1000, initial_temperature = 3.0, cooling_rate = 0.999
26 - INFO - chord#: 44 done. best_score=27.0, changed=523, unchanged=376, early_stops=8/8
26 - INFO - chord#: 46 In build_straw_man_chord_sa. tolerance = 1, sa_iterations = 1000, initial_temperature = 3.0, cooling_rate = 0.999
26 - INFO - chord#: 40 done. best_score=27.0, changed=522, unchanged=419, early_stops=8/8
26 - INFO - chord#: 42 In build_straw_man_chord_sa. tolerance = 1, sa_iterations = 1000, initial_temperature = 3.0, cooling_rate = 0.999
26 - INFO - chord#: 40 done. best_score=27.0, changed=519, unchanged=433, early_stops=8/8
26 - INFO - chord#: 42 In build_straw_man_chord_sa. tolerance = 1, sa_iterations = 1000, initial_temperature = 3.0, cooling_rate = 0.999
26 - INFO - chord#: 40 done. best_score=27.0, changed=519, unchanged=419, early_stops=8/8
26 - INFO - chord#: 42 In build_straw_man_chord_sa. tolerance = 1, sa_iterations = 1000, initial_temperature = 3.0, cooling_rate = 0.999
26 - INFO - chord#: 44 done. best_score=27.0, changed=527, unchanged=530, early_stops=8/8
26 - INFO - chord#: 46 In build_straw_man_chord_sa. tolerance = 1, sa_iterations = 1000, initial_temperature = 3.0, cooling_rate = 0.999
26 - INFO - chord#: 44 done. best_score=27.0, changed=528, unchanged=530, early_stops=8/8
26 - INFO - chord#: 46 In build_straw_man_chord_sa. tolerance = 1, sa_iterations = 1000, initial_temperature = 3.0, cooling_rate = 0.999
26 - INFO - chord#: 38 done. best_score=162.0, changed=607, unchanged=357, early_stops=8/8
26 - INFO - chord#: 40 In build_straw_man_chord_sa. tolerance = 1, sa_iterations = 1000, initial_temperature = 3.0, cooling_rate = 0.999
26 - INFO - chord#: 40 done. best_score=27.0, changed=521, unchanged=411, early_stops=8/8
26 - INFO - chord#: 42 In build_straw_man_chord_sa. tolerance = 1, sa_iterations = 1000, initial_temperature = 3.0, cooling_rate = 0.999
26 - INFO - chord#: 42 done. best_score=27.0, changed=520, unchanged=392, early_stops=8/8
26 - INFO - chord#: 44 In build_straw_man_chord_sa. tolerance = 1, sa_iterations = 1000, initial_temperature = 3.0, cooling_rate = 0.999
26 - INFO - chord#: 42 done. best_score=27.0, changed=518, unchanged=358, early_stops=8/8
26 - INFO - chord#: 44 In build_straw_man_chord_sa. tolerance = 1, sa_iterations = 1000, initial_temperature = 3.0, cooling_rate = 0.999
26 - INFO - chord#: 42 done. best_score=27.0, changed=524, unchanged=376, early_stops=8/8
26 - INFO - chord#: 44 In build_straw_man_chord_sa. tolerance = 1, sa_iterations = 1000, initial_temperature = 3.0, cooling_rate = 0.999
26 - INFO - chord#: 38 done. best_score=67.0, changed=613, unchanged=254, early_stops=8/8
26 - INFO - chord#: 40 In build_straw_man_chord_sa. tolerance = 1, sa_iterations = 1000, initial_temperature = 3.0, cooling_rate = 0.999
26 - INFO - chord#: 42 done. best_score=27.0, changed=519, unchanged=384, early_stops=8/8
26 - INFO - chord#: 44 In build_straw_man_chord_sa. tolerance = 1, sa_iterations = 1000, initial_temperature = 3.0, cooling_rate = 0.999
26 - INFO - chord#: 38 done. best_score=137.0, changed=615, unchanged=366, early_stops=8/8
26 - INFO - chord#: 40 In build_straw_man_chord_sa. tolerance = 1, sa_iterations = 1000, initial_temperature = 3.0, cooling_rate = 0.999
26 - INFO - chord#: 44 done. best_score=27.0, changed=518, unchanged=379, early_stops=8/8
26 - INFO - chord#: 46 In build_straw_man_chord_sa. tolerance = 1, sa_iterations = 1000, initial_temperature = 3.0, cooling_rate = 0.999
26 - INFO - chord#: 46 done. best_score=103.0, changed=611, unchanged=351, early_stops=8/8
26 - INFO - chord#: 48 In build_straw_man_chord_sa. tolerance = 1, sa_iterations = 1000, initial_temperature = 3.0, cooling_rate = 0.999
26 - INFO - chord#: 44 done. best_score=27.0, changed=517, unchanged=406, early_stops=8/8
26 - INFO - chord#: 46 In build_straw_man_chord_sa. tolerance = 1, sa_iterations = 1000, initial_temperature = 3.0, cooling_rate = 0.999
26 - INFO - chord#: 38 done. best_score=96.0, changed=615, unchanged=304, early_stops=8/8
26 - INFO - chord#: 40 In build_straw_man_chord_sa. tolerance = 1, sa_iterations = 1000, initial_temperature = 3.0, cooling_rate = 0.999
26 - INFO - chord#: 40 done. best_score=27.0, changed=515, unchanged=465, early_stops=8/8
26 - INFO - chord#: 42 In build_straw_man_chord_sa. tolerance = 1, sa_iterations = 1000, initial_temperature = 3.0, cooling_rate = 0.999
26 - INFO - chord#: 38 done. best_score=137.0, changed=610, unchanged=276, early_stops=8/8
26 - INFO - chord#: 40 In build_straw_man_chord_sa. tolerance = 1, sa_iterations = 1000, initial_temperature = 3.0, cooling_rate = 0.999
26 - INFO - chord#: 46 done. best_score=70.0, changed=607, unchanged=207, early_stops=8/8
26 - INFO - chord#: 48 In build_straw_man_chord_sa. tolerance = 1, sa_iterations = 1000, initial_temperature = 3.0, cooling_rate = 0.999
26 - INFO - chord#: 44 done. best_score=27.0, changed=521, unchanged=450, early_stops=8/8
26 - INFO - chord#: 46 In build_straw_man_chord_sa. tolerance = 1, sa_iterations = 1000, initial_temperature = 3.0, cooling_rate = 0.999
26 - INFO - chord#: 40 done. best_score=27.0, changed=517, unchanged=364, early_stops=8/8
26 - INFO - chord#: 44 done. best_score=27.0, changed=514, unchanged=440, early_stops=8/8
26 - INFO - chord#: 42 In build_straw_man_chord_sa. tolerance = 1, sa_iterations = 1000, initial_temperature = 3.0, cooling_rate = 0.999
26 - INFO - chord#: 46 In build_straw_man_chord_sa. tolerance = 1, sa_iterations = 1000, initial_temperature = 3.0, cooling_rate = 0.999
26 - INFO - chord#: 46 done. best_score=70.0, changed=616, unchanged=387, early_stops=8/8
26 - INFO - chord#: 48 In build_straw_man_chord_sa. tolerance = 1, sa_iterations = 1000, initial_temperature = 3.0, cooling_rate = 0.999
26 - INFO - chord#: 48 done. best_score=27.0, changed=522, unchanged=400, early_stops=8/8
26 - INFO - chord#: 50 In build_straw_man_chord_sa. tolerance = 1, sa_iterations = 1000, initial_temperature = 3.0, cooling_rate = 0.999
26 - INFO - chord#: 40 done. best_score=27.0, changed=526, unchanged=387, early_stops=8/8
26 - INFO - chord#: 42 In build_straw_man_chord_sa. tolerance = 1, sa_iterations = 1000, initial_temperature = 3.0, cooling_rate = 0.999
26 - INFO - chord#: 42 done. best_score=27.0, changed=520, unchanged=396, early_stops=8/8
26 - INFO - chord#: 44 In build_straw_man_chord_sa. tolerance = 1, sa_iterations = 1000, initial_temperature = 3.0, cooling_rate = 0.999
26 - INFO - chord#: 48 done. best_score=27.0, changed=526, unchanged=402, early_stops=8/8
26 - INFO - chord#: 50 In build_straw_man_chord_sa. tolerance = 1, sa_iterations = 1000, initial_temperature = 3.0, cooling_rate = 0.999
26 - INFO - chord#: 40 done. best_score=27.0, changed=524, unchanged=447, early_stops=8/8
26 - INFO - chord#: 42 In build_straw_man_chord_sa. tolerance = 1, sa_iterations = 1000, initial_temperature = 3.0, cooling_rate = 0.999
26 - INFO - chord#: 48 done. best_score=27.0, changed=517, unchanged=352, early_stops=8/8
26 - INFO - chord#: 50 In build_straw_man_chord_sa. tolerance = 1, sa_iterations = 1000, initial_temperature = 3.0, cooling_rate = 0.999
26 - INFO - chord#: 40 done. best_score=27.0, changed=518, unchanged=516, early_stops=8/8
26 - INFO - chord#: 42 In build_straw_man_chord_sa. tolerance = 1, sa_iterations = 1000, initial_temperature = 3.0, cooling_rate = 0.999
26 - INFO - chord#: 42 done. best_score=27.0, changed=517, unchanged=377, early_stops=8/8
26 - INFO - chord#: 44 In build_straw_man_chord_sa. tolerance = 1, sa_iterations = 1000, initial_temperature = 3.0, cooling_rate = 0.999
26 - INFO - chord#: 46 done. best_score=103.0, changed=616, unchanged=303, early_stops=8/8
26 - INFO - chord#: 48 In build_straw_man_chord_sa. tolerance = 1, sa_iterations = 1000, initial_temperature = 3.0, cooling_rate = 0.999
26 - INFO - chord#: 46 done. best_score=70.0, changed=609, unchanged=328, early_stops=8/8
26 - INFO - chord#: 48 In build_straw_man_chord_sa. tolerance = 1, sa_iterations = 1000, initial_temperature = 3.0, cooling_rate = 0.999
26 - INFO - chord#: 42 done. best_score=27.0, changed=513, unchanged=323, early_stops=8/8
26 - INFO - chord#: 44 In build_straw_man_chord_sa. tolerance = 1, sa_iterations = 1000, initial_temperature = 3.0, cooling_rate = 0.999
26 - INFO - chord#: 44 done. best_score=27.0, changed=517, unchanged=413, early_stops=8/8
26 - INFO - chord#: 46 In build_straw_man_chord_sa. tolerance = 1, sa_iterations = 1000, initial_temperature = 3.0, cooling_rate = 0.999
26 - INFO - chord#: 42 done. best_score=27.0, changed=522, unchanged=448, early_stops=8/8
26 - INFO - chord#: 44 In build_straw_man_chord_sa. tolerance = 1, sa_iterations = 1000, initial_temperature = 3.0, cooling_rate = 0.999
26 - INFO - chord#: 46 done. best_score=104.0, changed=606, unchanged=241, early_stops=8/8
26 - INFO - chord#: 48 In build_straw_man_chord_sa. tolerance = 1, sa_iterations = 1000, initial_temperature = 3.0, cooling_rate = 0.999
26 - INFO - chord#: 48 done. best_score=27.0, changed=522, unchanged=313, early_stops=8/8
26 - INFO - chord#: 50 In build_straw_man_chord_sa. tolerance = 1, sa_iterations = 1000, initial_temperature = 3.0, cooling_rate = 0.999
26 - INFO - chord#: 48 done. best_score=27.0, changed=519, unchanged=411, early_stops=8/8
26 - INFO - chord#: 50 In build_straw_man_chord_sa. tolerance = 1, sa_iterations = 1000, initial_temperature = 3.0, cooling_rate = 0.999
26 - INFO - chord#: 42 done. best_score=27.0, changed=531, unchanged=349, early_stops=8/8
26 - INFO - chord#: 44 In build_straw_man_chord_sa. tolerance = 1, sa_iterations = 1000, initial_temperature = 3.0, cooling_rate = 0.999
26 - INFO - chord#: 46 done. best_score=70.0, changed=610, unchanged=262, early_stops=8/8
26 - INFO - chord#: 48 In build_straw_man_chord_sa. tolerance = 1, sa_iterations = 1000, initial_temperature = 3.0, cooling_rate = 0.999
26 - INFO - chord#: 50 done. best_score=67.0, changed=616, unchanged=433, early_stops=8/8
26 - INFO - chord#: 52 In build_straw_man_chord_sa. tolerance = 1, sa_iterations = 1000, initial_temperature = 3.0, cooling_rate = 0.999
26 - INFO - chord#: 44 done. best_score=27.0, changed=519, unchanged=436, early_stops=8/8
26 - INFO - chord#: 46 In build_straw_man_chord_sa. tolerance = 1, sa_iterations = 1000, initial_temperature = 3.0, cooling_rate = 0.999
26 - INFO - chord#: 44 done. best_score=27.0, changed=530, unchanged=425, early_stops=8/8
26 - INFO - chord#: 46 In build_straw_man_chord_sa. tolerance = 1, sa_iterations = 1000, initial_temperature = 3.0, cooling_rate = 0.999
26 - INFO - chord#: 48 done. best_score=27.0, changed=519, unchanged=331, early_stops=8/8
26 - INFO - chord#: 50 In build_straw_man_chord_sa. tolerance = 1, sa_iterations = 1000, initial_temperature = 3.0, cooling_rate = 0.999
26 - INFO - chord#: 50 done. best_score=67.0, changed=612, unchanged=315, early_stops=8/8
26 - INFO - chord#: 52 In build_straw_man_chord_sa. tolerance = 1, sa_iterations = 1000, initial_temperature = 3.0, cooling_rate = 0.999
26 - INFO - chord#: 50 done. best_score=67.0, changed=613, unchanged=420, early_stops=8/8
26 - INFO - chord#: 52 In build_straw_man_chord_sa. tolerance = 1, sa_iterations = 1000, initial_temperature = 3.0, cooling_rate = 0.999
26 - INFO - chord#: 44 done. best_score=27.0, changed=517, unchanged=420, early_stops=8/8
26 - INFO - chord#: 46 In build_straw_man_chord_sa. tolerance = 1, sa_iterations = 1000, initial_temperature = 3.0, cooling_rate = 0.999
26 - INFO - chord#: 48 done. best_score=27.0, changed=526, unchanged=312, early_stops=8/8
26 - INFO - chord#: 50 In build_straw_man_chord_sa. tolerance = 1, sa_iterations = 1000, initial_temperature = 3.0, cooling_rate = 0.999
26 - INFO - chord#: 52 done. best_score=36.0, changed=517, unchanged=361, early_stops=8/8
26 - INFO - chord#: 54 In build_straw_man_chord_sa. tolerance = 1, sa_iterations = 1000, initial_temperature = 3.0, cooling_rate = 0.999
26 - INFO - chord#: 44 done. best_score=27.0, changed=513, unchanged=558, early_stops=8/8
26 - INFO - chord#: 46 In build_straw_man_chord_sa. tolerance = 1, sa_iterations = 1000, initial_temperature = 3.0, cooling_rate = 0.999
26 - INFO - chord#: 52 done. best_score=27.0, changed=519, unchanged=451, early_stops=8/8
26 - INFO - chord#: 54 In build_straw_man_chord_sa. tolerance = 1, sa_iterations = 1000, initial_temperature = 3.0, cooling_rate = 0.999
26 - INFO - chord#: 50 done. best_score=67.0, changed=611, unchanged=237, early_stops=8/8
26 - INFO - chord#: 52 In build_straw_man_chord_sa. tolerance = 1, sa_iterations = 1000, initial_temperature = 3.0, cooling_rate = 0.999
26 - INFO - chord#: 52 done. best_score=27.0, changed=523, unchanged=475, early_stops=8/8
26 - INFO - chord#: 54 In build_straw_man_chord_sa. tolerance = 1, sa_iterations = 1000, initial_temperature = 3.0, cooling_rate = 0.999
26 - INFO - chord#: 46 done. best_score=141.0, changed=606, unchanged=339, early_stops=8/8
26 - INFO - chord#: 48 In build_straw_man_chord_sa. tolerance = 1, sa_iterations = 1000, initial_temperature = 3.0, cooling_rate = 0.999
26 - INFO - chord#: 50 done. best_score=67.0, changed=612, unchanged=397, early_stops=8/8
26 - INFO - chord#: 52 In build_straw_man_chord_sa. tolerance = 1, sa_iterations = 1000, initial_temperature = 3.0, cooling_rate = 0.999
26 - INFO - chord#: 50 done. best_score=67.0, changed=614, unchanged=405, early_stops=8/8
26 - INFO - chord#: 52 In build_straw_man_chord_sa. tolerance = 1, sa_iterations = 1000, initial_temperature = 3.0, cooling_rate = 0.999
26 - INFO - chord#: 52 done. best_score=27.0, changed=529, unchanged=381, early_stops=8/8
26 - INFO - chord#: 54 In build_straw_man_chord_sa. tolerance = 1, sa_iterations = 1000, initial_temperature = 3.0, cooling_rate = 0.999
26 - INFO - chord#: 46 done. best_score=141.0, changed=610, unchanged=304, early_stops=8/8
26 - INFO - chord#: 48 In build_straw_man_chord_sa. tolerance = 1, sa_iterations = 1000, initial_temperature = 3.0, cooling_rate = 0.999
26 - INFO - chord#: 46 done. best_score=141.0, changed=609, unchanged=298, early_stops=8/8
26 - INFO - chord#: 48 In build_straw_man_chord_sa. tolerance = 1, sa_iterations = 1000, initial_temperature = 3.0, cooling_rate = 0.999
26 - INFO - chord#: 52 done. best_score=27.0, changed=515, unchanged=362, early_stops=8/8
26 - INFO - chord#: 54 In build_straw_man_chord_sa. tolerance = 1, sa_iterations = 1000, initial_temperature = 3.0, cooling_rate = 0.999
26 - INFO - chord#: 48 done. best_score=27.0, changed=533, unchanged=474, early_stops=8/8
26 - INFO - chord#: 50 In build_straw_man_chord_sa. tolerance = 1, sa_iterations = 1000, initial_temperature = 3.0, cooling_rate = 0.999
26 - INFO - chord#: 54 done. best_score=75.0, changed=616, unchanged=442, early_stops=8/8
26 - INFO - chord#: 56 In build_straw_man_chord_sa. tolerance = 1, sa_iterations = 1000, initial_temperature = 3.0, cooling_rate = 0.999
26 - INFO - chord#: 54 done. best_score=70.0, changed=607, unchanged=221, early_stops=8/8
26 - INFO - chord#: 56 In build_straw_man_chord_sa. tolerance = 1, sa_iterations = 1000, initial_temperature = 3.0, cooling_rate = 0.999
26 - INFO - chord#: 52 done. best_score=27.0, changed=523, unchanged=448, early_stops=8/8
26 - INFO - chord#: 54 In build_straw_man_chord_sa. tolerance = 1, sa_iterations = 1000, initial_temperature = 3.0, cooling_rate = 0.999
26 - INFO - chord#: 54 done. best_score=70.0, changed=608, unchanged=272, early_stops=8/8
26 - INFO - chord#: 56 In build_straw_man_chord_sa. tolerance = 1, sa_iterations = 1000, initial_temperature = 3.0, cooling_rate = 0.999
26 - INFO - chord#: 48 done. best_score=27.0, changed=525, unchanged=370, early_stops=8/8
26 - INFO - chord#: 50 In build_straw_man_chord_sa. tolerance = 1, sa_iterations = 1000, initial_temperature = 3.0, cooling_rate = 0.999
26 - INFO - chord#: 46 done. best_score=70.0, changed=618, unchanged=458, early_stops=8/8
26 - INFO - chord#: 48 In build_straw_man_chord_sa. tolerance = 1, sa_iterations = 1000, initial_temperature = 3.0, cooling_rate = 0.999
26 - INFO - chord#: 48 done. best_score=27.0, changed=527, unchanged=394, early_stops=8/8
26 - INFO - chord#: 50 In build_straw_man_chord_sa. tolerance = 1, sa_iterations = 1000, initial_temperature = 3.0, cooling_rate = 0.999
26 - INFO - chord#: 56 done. best_score=36.0, changed=539, unchanged=274, early_stops=8/8
26 - INFO - chord#: 58 In build_straw_man_chord_sa. tolerance = 1, sa_iterations = 1000, initial_temperature = 3.0, cooling_rate = 0.999
26 - INFO - chord#: 46 done. best_score=141.0, changed=615, unchanged=332, early_stops=8/8
26 - INFO - chord#: 48 In build_straw_man_chord_sa. tolerance = 1, sa_iterations = 1000, initial_temperature = 3.0, cooling_rate = 0.999
26 - INFO - chord#: 50 done. best_score=67.0, changed=621, unchanged=582, early_stops=8/8
26 - INFO - chord#: 52 In build_straw_man_chord_sa. tolerance = 1, sa_iterations = 1000, initial_temperature = 3.0, cooling_rate = 0.999
26 - INFO - chord#: 56 done. best_score=27.0, changed=525, unchanged=326, early_stops=8/8
26 - INFO - chord#: 58 In build_straw_man_chord_sa. tolerance = 1, sa_iterations = 1000, initial_temperature = 3.0, cooling_rate = 0.999
26 - INFO - chord#: 56 done. best_score=27.0, changed=531, unchanged=360, early_stops=8/8
26 - INFO - chord#: 58 In build_straw_man_chord_sa. tolerance = 1, sa_iterations = 1000, initial_temperature = 3.0, cooling_rate = 0.999
26 - INFO - chord#: 54 done. best_score=70.0, changed=612, unchanged=368, early_stops=8/8
26 - INFO - chord#: 56 In build_straw_man_chord_sa. tolerance = 1, sa_iterations = 1000, initial_temperature = 3.0, cooling_rate = 0.999
26 - INFO - chord#: 48 done. best_score=27.0, changed=524, unchanged=318, early_stops=8/8
26 - INFO - chord#: 50 In build_straw_man_chord_sa. tolerance = 1, sa_iterations = 1000, initial_temperature = 3.0, cooling_rate = 0.999
26 - INFO - chord#: 48 done. best_score=27.0, changed=520, unchanged=403, early_stops=8/8
26 - INFO - chord#: 50 In build_straw_man_chord_sa. tolerance = 1, sa_iterations = 1000, initial_temperature = 3.0, cooling_rate = 0.999
26 - INFO - chord#: 54 done. best_score=138.0, changed=604, unchanged=202, early_stops=8/8
26 - INFO - chord#: 56 In build_straw_man_chord_sa. tolerance = 1, sa_iterations = 1000, initial_temperature = 3.0, cooling_rate = 0.999
26 - INFO - chord#: 54 done. best_score=103.0, changed=614, unchanged=362, early_stops=8/8
26 - INFO - chord#: 56 In build_straw_man_chord_sa. tolerance = 1, sa_iterations = 1000, initial_temperature = 3.0, cooling_rate = 0.999
26 - INFO - chord#: 52 done. best_score=27.0, changed=524, unchanged=433, early_stops=8/8
26 - INFO - chord#: 54 In build_straw_man_chord_sa. tolerance = 1, sa_iterations = 1000, initial_temperature = 3.0, cooling_rate = 0.999
26 - INFO - chord#: 56 done. best_score=27.0, changed=521, unchanged=333, early_stops=8/8
26 - INFO - chord#: 58 In build_straw_man_chord_sa. tolerance = 1, sa_iterations = 1000, initial_temperature = 3.0, cooling_rate = 0.999
26 - INFO - chord#: 50 done. best_score=137.0, changed=613, unchanged=311, early_stops=8/8
26 - INFO - chord#: 52 In build_straw_man_chord_sa. tolerance = 1, sa_iterations = 1000, initial_temperature = 3.0, cooling_rate = 0.999
26 - INFO - chord#: 56 done. best_score=72.0, changed=527, unchanged=326, early_stops=8/8
26 - INFO - chord#: 58 In build_straw_man_chord_sa. tolerance = 1, sa_iterations = 1000, initial_temperature = 3.0, cooling_rate = 0.999
26 - INFO - chord#: 56 done. best_score=27.0, changed=521, unchanged=319, early_stops=8/8
26 - INFO - chord#: 58 In build_straw_man_chord_sa. tolerance = 1, sa_iterations = 1000, initial_temperature = 3.0, cooling_rate = 0.999
26 - INFO - chord#: 58 done. best_score=119.0, changed=611, unchanged=492, early_stops=8/8
26 - INFO - chord#: 60 In build_straw_man_chord_sa. tolerance = 1, sa_iterations = 1000, initial_temperature = 3.0, cooling_rate = 0.999
26 - INFO - chord#: 58 done. best_score=82.0, changed=611, unchanged=230, early_stops=8/8
26 - INFO - chord#: 60 In build_straw_man_chord_sa. tolerance = 1, sa_iterations = 1000, initial_temperature = 3.0, cooling_rate = 0.999
26 - INFO - chord#: 50 done. best_score=137.0, changed=615, unchanged=323, early_stops=8/8
26 - INFO - chord#: 52 In build_straw_man_chord_sa. tolerance = 1, sa_iterations = 1000, initial_temperature = 3.0, cooling_rate = 0.999
26 - INFO - chord#: 58 done. best_score=82.0, changed=613, unchanged=323, early_stops=8/8
26 - INFO - chord#: 60 In build_straw_man_chord_sa. tolerance = 1, sa_iterations = 1000, initial_temperature = 3.0, cooling_rate = 0.999
26 - INFO - chord#: 50 done. best_score=67.0, changed=611, unchanged=402, early_stops=8/8
26 - INFO - chord#: 52 In build_straw_man_chord_sa. tolerance = 1, sa_iterations = 1000, initial_temperature = 3.0, cooling_rate = 0.999
26 - INFO - chord#: 60 done. best_score=31.0, changed=546, unchanged=271, early_stops=8/8
26 - INFO - chord#: 62 In build_straw_man_chord_sa. tolerance = 1, sa_iterations = 1000, initial_temperature = 3.0, cooling_rate = 0.999
26 - INFO - chord#: 62 done. best_score=7.0, changed=501, unchanged=310, early_stops=8/8
26 - INFO - chord#: 64 In build_straw_man_chord_sa. tolerance = 1, sa_iterations = 1000, initial_temperature = 3.0, cooling_rate = 0.999
26 - INFO - chord#: 52 done. best_score=27.0, changed=524, unchanged=458, early_stops=8/8
26 - INFO - chord#: 54 In build_straw_man_chord_sa. tolerance = 1, sa_iterations = 1000, initial_temperature = 3.0, cooling_rate = 0.999
26 - INFO - chord#: 60 done. best_score=31.0, changed=527, unchanged=353, early_stops=8/8
26 - INFO - chord#: 62 In build_straw_man_chord_sa. tolerance = 1, sa_iterations = 1000, initial_temperature = 3.0, cooling_rate = 0.999
26 - INFO - chord#: 60 done. best_score=31.0, changed=523, unchanged=337, early_stops=8/8
26 - INFO - chord#: 62 In build_straw_man_chord_sa. tolerance = 1, sa_iterations = 1000, initial_temperature = 3.0, cooling_rate = 0.999
26 - INFO - chord#: 58 done. best_score=120.0, changed=608, unchanged=230, early_stops=8/8
26 - INFO - chord#: 60 In build_straw_man_chord_sa. tolerance = 1, sa_iterations = 1000, initial_temperature = 3.0, cooling_rate = 0.999
26 - INFO - chord#: 62 done. best_score=7.0, changed=516, unchanged=296, early_stops=8/8
26 - INFO - chord#: 64 In build_straw_man_chord_sa. tolerance = 1, sa_iterations = 1000, initial_temperature = 3.0, cooling_rate = 0.999
26 - INFO - chord#: 62 done. best_score=7.0, changed=515, unchanged=295, early_stops=8/8
26 - INFO - chord#: 64 In build_straw_man_chord_sa. tolerance = 1, sa_iterations = 1000, initial_temperature = 3.0, cooling_rate = 0.999
26 - INFO - chord#: 50 done. best_score=67.0, changed=615, unchanged=294, early_stops=8/8
26 - INFO - chord#: 52 In build_straw_man_chord_sa. tolerance = 1, sa_iterations = 1000, initial_temperature = 3.0, cooling_rate = 0.999
26 - INFO - chord#: 52 done. best_score=27.0, changed=517, unchanged=341, early_stops=8/8
26 - INFO - chord#: 54 In build_straw_man_chord_sa. tolerance = 1, sa_iterations = 1000, initial_temperature = 3.0, cooling_rate = 0.999
26 - INFO - chord#: 58 done. best_score=97.0, changed=609, unchanged=258, early_stops=8/8
26 - INFO - chord#: 60 In build_straw_man_chord_sa. tolerance = 1, sa_iterations = 1000, initial_temperature = 3.0, cooling_rate = 0.999
26 - INFO - chord#: 52 done. best_score=27.0, changed=523, unchanged=423, early_stops=8/8
26 - INFO - chord#: 54 In build_straw_man_chord_sa. tolerance = 1, sa_iterations = 1000, initial_temperature = 3.0, cooling_rate = 0.999
26 - INFO - chord#: 64 done. best_score=27.0, changed=520, unchanged=438, early_stops=8/8
26 - INFO - chord#: 66 In build_straw_man_chord_sa. tolerance = 1, sa_iterations = 1000, initial_temperature = 3.0, cooling_rate = 0.999
26 - INFO - chord#: 50 done. best_score=67.0, changed=612, unchanged=466, early_stops=8/8
26 - INFO - chord#: 52 In build_straw_man_chord_sa. tolerance = 1, sa_iterations = 1000, initial_temperature = 3.0, cooling_rate = 0.999
26 - INFO - chord#: 58 done. best_score=82.0, changed=609, unchanged=261, early_stops=8/8
26 - INFO - chord#: 60 In build_straw_man_chord_sa. tolerance = 1, sa_iterations = 1000, initial_temperature = 3.0, cooling_rate = 0.999
26 - INFO - chord#: 64 done. best_score=27.0, changed=534, unchanged=419, early_stops=8/8
26 - INFO - chord#: 66 In build_straw_man_chord_sa. tolerance = 1, sa_iterations = 1000, initial_temperature = 3.0, cooling_rate = 0.999
26 - INFO - chord#: 54 done. best_score=70.0, changed=610, unchanged=326, early_stops=8/8
26 - INFO - chord#: 56 In build_straw_man_chord_sa. tolerance = 1, sa_iterations = 1000, initial_temperature = 3.0, cooling_rate = 0.999
26 - INFO - chord#: 60 done. best_score=31.0, changed=528, unchanged=409, early_stops=8/8
26 - INFO - chord#: 62 In build_straw_man_chord_sa. tolerance = 1, sa_iterations = 1000, initial_temperature = 3.0, cooling_rate = 0.999
26 - INFO - chord#: 64 done. best_score=27.0, changed=527, unchanged=387, early_stops=8/8
26 - INFO - chord#: 66 In build_straw_man_chord_sa. tolerance = 1, sa_iterations = 1000, initial_temperature = 3.0, cooling_rate = 0.999
26 - INFO - chord#: 62 done. best_score=7.0, changed=506, unchanged=318, early_stops=8/8
26 - INFO - chord#: 64 In build_straw_man_chord_sa. tolerance = 1, sa_iterations = 1000, initial_temperature = 3.0, cooling_rate = 0.999
26 - INFO - chord#: 52 done. best_score=27.0, changed=516, unchanged=374, early_stops=8/8
26 - INFO - chord#: 54 In build_straw_man_chord_sa. tolerance = 1, sa_iterations = 1000, initial_temperature = 3.0, cooling_rate = 0.999
26 - INFO - chord#: 60 done. best_score=31.0, changed=536, unchanged=347, early_stops=8/8
26 - INFO - chord#: 62 In build_straw_man_chord_sa. tolerance = 1, sa_iterations = 1000, initial_temperature = 3.0, cooling_rate = 0.999
26 - INFO - chord#: 60 done. best_score=31.0, changed=522, unchanged=361, early_stops=8/8
26 - INFO - chord#: 62 In build_straw_man_chord_sa. tolerance = 1, sa_iterations = 1000, initial_temperature = 3.0, cooling_rate = 0.999
26 - INFO - chord#: 62 done. best_score=7.0, changed=501, unchanged=319, early_stops=8/8
26 - INFO - chord#: 64 In build_straw_man_chord_sa. tolerance = 1, sa_iterations = 1000, initial_temperature = 3.0, cooling_rate = 0.999
26 - INFO - chord#: 62 done. best_score=7.0, changed=507, unchanged=305, early_stops=8/8
26 - INFO - chord#: 64 In build_straw_man_chord_sa. tolerance = 1, sa_iterations = 1000, initial_temperature = 3.0, cooling_rate = 0.999
26 - INFO - chord#: 52 done. best_score=27.0, changed=516, unchanged=325, early_stops=8/8
26 - INFO - chord#: 54 In build_straw_man_chord_sa. tolerance = 1, sa_iterations = 1000, initial_temperature = 3.0, cooling_rate = 0.999
26 - INFO - chord#: 56 done. best_score=27.0, changed=522, unchanged=313, early_stops=8/8
26 - INFO - chord#: 58 In build_straw_man_chord_sa. tolerance = 1, sa_iterations = 1000, initial_temperature = 3.0, cooling_rate = 0.999
26 - INFO - chord#: 64 done. best_score=27.0, changed=522, unchanged=326, early_stops=8/8
26 - INFO - chord#: 66 In build_straw_man_chord_sa. tolerance = 1, sa_iterations = 1000, initial_temperature = 3.0, cooling_rate = 0.999
26 - INFO - chord#: 54 done. best_score=111.0, changed=611, unchanged=256, early_stops=8/8
26 - INFO - chord#: 56 In build_straw_man_chord_sa. tolerance = 1, sa_iterations = 1000, initial_temperature = 3.0, cooling_rate = 0.999
26 - INFO - chord#: 64 done. best_score=27.0, changed=519, unchanged=330, early_stops=8/8
26 - INFO - chord#: 66 In build_straw_man_chord_sa. tolerance = 1, sa_iterations = 1000, initial_temperature = 3.0, cooling_rate = 0.999
26 - INFO - chord#: 64 done. best_score=27.0, changed=533, unchanged=424, early_stops=8/8
26 - INFO - chord#: 66 In build_straw_man_chord_sa. tolerance = 1, sa_iterations = 1000, initial_temperature = 3.0, cooling_rate = 0.999
26 - INFO - chord#: 54 done. best_score=70.0, changed=605, unchanged=305, early_stops=8/8
26 - INFO - chord#: 56 In build_straw_man_chord_sa. tolerance = 1, sa_iterations = 1000, initial_temperature = 3.0, cooling_rate = 0.999
26 - INFO - chord#: 66 done. best_score=125.0, changed=609, unchanged=307, early_stops=8/8
26 - INFO - chord#: 68 In build_straw_man_chord_sa. tolerance = 1, sa_iterations = 1000, initial_temperature = 3.0, cooling_rate = 0.999
26 - INFO - chord#: 66 done. best_score=67.0, changed=608, unchanged=235, early_stops=8/8
26 - INFO - chord#: 68 In build_straw_man_chord_sa. tolerance = 1, sa_iterations = 1000, initial_temperature = 3.0, cooling_rate = 0.999
26 - INFO - chord#: 66 done. best_score=67.0, changed=608, unchanged=219, early_stops=8/8
26 - INFO - chord#: 68 In build_straw_man_chord_sa. tolerance = 1, sa_iterations = 1000, initial_temperature = 3.0, cooling_rate = 0.999
26 - INFO - chord#: 54 done. best_score=149.0, changed=607, unchanged=248, early_stops=8/8
26 - INFO - chord#: 56 In build_straw_man_chord_sa. tolerance = 1, sa_iterations = 1000, initial_temperature = 3.0, cooling_rate = 0.999
26 - INFO - chord#: 56 done. best_score=27.0, changed=523, unchanged=342, early_stops=8/8
26 - INFO - chord#: 58 In build_straw_man_chord_sa. tolerance = 1, sa_iterations = 1000, initial_temperature = 3.0, cooling_rate = 0.999
26 - INFO - chord#: 68 done. best_score=27.0, changed=522, unchanged=347, early_stops=8/8
26 - INFO - chord#: 80 In build_straw_man_chord_sa. tolerance = 1, sa_iterations = 1000, initial_temperature = 3.0, cooling_rate = 0.999
26 - INFO - chord#: 56 done. best_score=27.0, changed=524, unchanged=319, early_stops=8/8
26 - INFO - chord#: 58 In build_straw_man_chord_sa. tolerance = 1, sa_iterations = 1000, initial_temperature = 3.0, cooling_rate = 0.999
26 - INFO - chord#: 68 done. best_score=27.0, changed=521, unchanged=383, early_stops=8/8
26 - INFO - chord#: 80 In build_straw_man_chord_sa. tolerance = 1, sa_iterations = 1000, initial_temperature = 3.0, cooling_rate = 0.999
26 - INFO - chord#: 68 done. best_score=27.0, changed=526, unchanged=499, early_stops=8/8
26 - INFO - chord#: 80 In build_straw_man_chord_sa. tolerance = 1, sa_iterations = 1000, initial_temperature = 3.0, cooling_rate = 0.999
26 - INFO - chord#: 54 done. best_score=104.0, changed=611, unchanged=290, early_stops=8/8
26 - INFO - chord#: 56 In build_straw_man_chord_sa. tolerance = 1, sa_iterations = 1000, initial_temperature = 3.0, cooling_rate = 0.999
26 - INFO - chord#: 56 done. best_score=27.0, changed=528, unchanged=412, early_stops=8/8
26 - INFO - chord#: 58 In build_straw_man_chord_sa. tolerance = 1, sa_iterations = 1000, initial_temperature = 3.0, cooling_rate = 0.999
26 - INFO - chord#: 58 done. best_score=82.0, changed=607, unchanged=232, early_stops=8/8
26 - INFO - chord#: 60 In build_straw_man_chord_sa. tolerance = 1, sa_iterations = 1000, initial_temperature = 3.0, cooling_rate = 0.999
26 - INFO - chord#: 66 done. best_score=137.0, changed=613, unchanged=367, early_stops=8/8
26 - INFO - chord#: 68 In build_straw_man_chord_sa. tolerance = 1, sa_iterations = 1000, initial_temperature = 3.0, cooling_rate = 0.999
26 - INFO - chord#: 80 done. best_score=27.0, changed=522, unchanged=343, early_stops=8/8
26 - INFO - chord#: 84 In build_straw_man_chord_sa. tolerance = 1, sa_iterations = 1000, initial_temperature = 3.0, cooling_rate = 0.999
26 - INFO - chord#: 54 done. best_score=70.0, changed=614, unchanged=342, early_stops=8/8
26 - INFO - chord#: 56 In build_straw_man_chord_sa. tolerance = 1, sa_iterations = 1000, initial_temperature = 3.0, cooling_rate = 0.999
26 - INFO - chord#: 80 done. best_score=27.0, changed=524, unchanged=357, early_stops=8/8
26 - INFO - chord#: 84 In build_straw_man_chord_sa. tolerance = 1, sa_iterations = 1000, initial_temperature = 3.0, cooling_rate = 0.999
26 - INFO - chord#: 80 done. best_score=27.0, changed=525, unchanged=400, early_stops=8/8
26 - INFO - chord#: 84 In build_straw_man_chord_sa. tolerance = 1, sa_iterations = 1000, initial_temperature = 3.0, cooling_rate = 0.999
26 - INFO - chord#: 56 done. best_score=27.0, changed=544, unchanged=300, early_stops=8/8
26 - INFO - chord#: 58 In build_straw_man_chord_sa. tolerance = 1, sa_iterations = 1000, initial_temperature = 3.0, cooling_rate = 0.999
26 - INFO - chord#: 66 done. best_score=67.0, changed=616, unchanged=437, early_stops=8/8
26 - INFO - chord#: 68 In build_straw_man_chord_sa. tolerance = 1, sa_iterations = 1000, initial_temperature = 3.0, cooling_rate = 0.999
26 - INFO - chord#: 66 done. best_score=67.0, changed=614, unchanged=397, early_stops=8/8
26 - INFO - chord#: 68 In build_straw_man_chord_sa. tolerance = 1, sa_iterations = 1000, initial_temperature = 3.0, cooling_rate = 0.999
26 - INFO - chord#: 60 done. best_score=31.0, changed=528, unchanged=316, early_stops=8/8
26 - INFO - chord#: 62 In build_straw_man_chord_sa. tolerance = 1, sa_iterations = 1000, initial_temperature = 3.0, cooling_rate = 0.999
26 - INFO - chord#: 68 done. best_score=27.0, changed=515, unchanged=387, early_stops=8/8
26 - INFO - chord#: 80 In build_straw_man_chord_sa. tolerance = 1, sa_iterations = 1000, initial_temperature = 3.0, cooling_rate = 0.999
26 - INFO - chord#: 84 done. best_score=27.0, changed=521, unchanged=365, early_stops=8/8
26 - INFO - chord#: 86 In build_straw_man_chord_sa. tolerance = 1, sa_iterations = 1000, initial_temperature = 3.0, cooling_rate = 0.999
26 - INFO - chord#: 58 done. best_score=82.0, changed=612, unchanged=258, early_stops=8/8
26 - INFO - chord#: 60 In build_straw_man_chord_sa. tolerance = 1, sa_iterations = 1000, initial_temperature = 3.0, cooling_rate = 0.999
26 - INFO - chord#: 62 done. best_score=7.0, changed=484, unchanged=334, early_stops=8/8
26 - INFO - chord#: 64 In build_straw_man_chord_sa. tolerance = 1, sa_iterations = 1000, initial_temperature = 3.0, cooling_rate = 0.999
26 - INFO - chord#: 84 done. best_score=27.0, changed=527, unchanged=402, early_stops=8/8
26 - INFO - chord#: 86 In build_straw_man_chord_sa. tolerance = 1, sa_iterations = 1000, initial_temperature = 3.0, cooling_rate = 0.999
26 - INFO - chord#: 84 done. best_score=27.0, changed=513, unchanged=308, early_stops=8/8
26 - INFO - chord#: 86 In build_straw_man_chord_sa. tolerance = 1, sa_iterations = 1000, initial_temperature = 3.0, cooling_rate = 0.999
26 - INFO - chord#: 56 done. best_score=27.0, changed=537, unchanged=410, early_stops=8/8
26 - INFO - chord#: 58 In build_straw_man_chord_sa. tolerance = 1, sa_iterations = 1000, initial_temperature = 3.0, cooling_rate = 0.999
26 - INFO - chord#: 68 done. best_score=27.0, changed=516, unchanged=319, early_stops=8/8
26 - INFO - chord#: 80 In build_straw_man_chord_sa. tolerance = 1, sa_iterations = 1000, initial_temperature = 3.0, cooling_rate = 0.999
26 - INFO - chord#: 68 done. best_score=27.0, changed=518, unchanged=383, early_stops=8/8
26 - INFO - chord#: 80 In build_straw_man_chord_sa. tolerance = 1, sa_iterations = 1000, initial_temperature = 3.0, cooling_rate = 0.999
26 - INFO - chord#: 58 done. best_score=82.0, changed=611, unchanged=251, early_stops=8/8
26 - INFO - chord#: 60 In build_straw_man_chord_sa. tolerance = 1, sa_iterations = 1000, initial_temperature = 3.0, cooling_rate = 0.999
26 - INFO - chord#: 80 done. best_score=27.0, changed=519, unchanged=349, early_stops=8/8
26 - INFO - chord#: 84 In build_straw_man_chord_sa. tolerance = 1, sa_iterations = 1000, initial_temperature = 3.0, cooling_rate = 0.999
26 - INFO - chord#: 60 done. best_score=31.0, changed=537, unchanged=308, early_stops=8/8
26 - INFO - chord#: 62 In build_straw_man_chord_sa. tolerance = 1, sa_iterations = 1000, initial_temperature = 3.0, cooling_rate = 0.999
26 - INFO - chord#: 64 done. best_score=27.0, changed=523, unchanged=378, early_stops=8/8
26 - INFO - chord#: 66 In build_straw_man_chord_sa. tolerance = 1, sa_iterations = 1000, initial_temperature = 3.0, cooling_rate = 0.999
26 - INFO - chord#: 62 done. best_score=7.0, changed=515, unchanged=304, early_stops=8/8
26 - INFO - chord#: 64 In build_straw_man_chord_sa. tolerance = 1, sa_iterations = 1000, initial_temperature = 3.0, cooling_rate = 0.999
26 - INFO - chord#: 80 done. best_score=27.0, changed=521, unchanged=411, early_stops=8/8
26 - INFO - chord#: 80 done. best_score=27.0, changed=526, unchanged=395, early_stops=8/8
26 - INFO - chord#: 84 In build_straw_man_chord_sa. tolerance = 1, sa_iterations = 1000, initial_temperature = 3.0, cooling_rate = 0.999
26 - INFO - chord#: 84 In build_straw_man_chord_sa. tolerance = 1, sa_iterations = 1000, initial_temperature = 3.0, cooling_rate = 0.999
26 - INFO - chord#: 58 done. best_score=82.0, changed=614, unchanged=377, early_stops=8/8
26 - INFO - chord#: 60 In build_straw_man_chord_sa. tolerance = 1, sa_iterations = 1000, initial_temperature = 3.0, cooling_rate = 0.999
26 - INFO - chord#: 84 done. best_score=27.0, changed=513, unchanged=406, early_stops=8/8
26 - INFO - chord#: 86 In build_straw_man_chord_sa. tolerance = 1, sa_iterations = 1000, initial_temperature = 3.0, cooling_rate = 0.999
26 - INFO - chord#: 60 done. best_score=31.0, changed=533, unchanged=333, early_stops=8/8
26 - INFO - chord#: 62 In build_straw_man_chord_sa. tolerance = 1, sa_iterations = 1000, initial_temperature = 3.0, cooling_rate = 0.999
26 - INFO - chord#: 58 done. best_score=97.0, changed=607, unchanged=242, early_stops=8/8
26 - INFO - chord#: 60 In build_straw_man_chord_sa. tolerance = 1, sa_iterations = 1000, initial_temperature = 3.0, cooling_rate = 0.999
26 - INFO - chord#: 62 done. best_score=7.0, changed=518, unchanged=296, early_stops=8/8
26 - INFO - chord#: 64 In build_straw_man_chord_sa. tolerance = 1, sa_iterations = 1000, initial_temperature = 3.0, cooling_rate = 0.999
26 - INFO - chord#: 86 done. best_score=96.0, changed=609, unchanged=293, early_stops=8/8
26 - INFO - chord#: 88 In build_straw_man_chord_sa. tolerance = 1, sa_iterations = 1000, initial_temperature = 3.0, cooling_rate = 0.999
26 - INFO - chord#: 86 done. best_score=145.0, changed=611, unchanged=370, early_stops=8/8
26 - INFO - chord#: 88 In build_straw_man_chord_sa. tolerance = 1, sa_iterations = 1000, initial_temperature = 3.0, cooling_rate = 0.999
26 - INFO - chord#: 64 done. best_score=27.0, changed=526, unchanged=408, early_stops=8/8
26 - INFO - chord#: 66 In build_straw_man_chord_sa. tolerance = 1, sa_iterations = 1000, initial_temperature = 3.0, cooling_rate = 0.999
26 - INFO - chord#: 84 done. best_score=27.0, changed=520, unchanged=372, early_stops=8/8
26 - INFO - chord#: 86 In build_straw_man_chord_sa. tolerance = 1, sa_iterations = 1000, initial_temperature = 3.0, cooling_rate = 0.999
26 - INFO - chord#: 84 done. best_score=27.0, changed=525, unchanged=487, early_stops=8/8
26 - INFO - chord#: 86 In build_straw_man_chord_sa. tolerance = 1, sa_iterations = 1000, initial_temperature = 3.0, cooling_rate = 0.999
26 - INFO - chord#: 60 done. best_score=31.0, changed=532, unchanged=338, early_stops=8/8
26 - INFO - chord#: 62 In build_straw_man_chord_sa. tolerance = 1, sa_iterations = 1000, initial_temperature = 3.0, cooling_rate = 0.999
26 - INFO - chord#: 86 done. best_score=67.0, changed=622, unchanged=432, early_stops=8/8
26 - INFO - chord#: 88 In build_straw_man_chord_sa. tolerance = 1, sa_iterations = 1000, initial_temperature = 3.0, cooling_rate = 0.999
26 - INFO - chord#: 62 done. best_score=7.0, changed=533, unchanged=275, early_stops=8/8
26 - INFO - chord#: 64 In build_straw_man_chord_sa. tolerance = 1, sa_iterations = 1000, initial_temperature = 3.0, cooling_rate = 0.999
26 - INFO - chord#: 88 done. best_score=27.0, changed=524, unchanged=371, early_stops=8/8
26 - INFO - chord#: 92 In build_straw_man_chord_sa. tolerance = 1, sa_iterations = 1000, initial_temperature = 3.0, cooling_rate = 0.999
26 - INFO - chord#: 60 done. best_score=31.0, changed=532, unchanged=345, early_stops=8/8
26 - INFO - chord#: 62 In build_straw_man_chord_sa. tolerance = 1, sa_iterations = 1000, initial_temperature = 3.0, cooling_rate = 0.999
26 - INFO - chord#: 58 done. best_score=82.0, changed=615, unchanged=282, early_stops=8/8
26 - INFO - chord#: 60 In build_straw_man_chord_sa. tolerance = 1, sa_iterations = 1000, initial_temperature = 3.0, cooling_rate = 0.999
26 - INFO - chord#: 64 done. best_score=27.0, changed=530, unchanged=424, early_stops=8/8
26 - INFO - chord#: 66 In build_straw_man_chord_sa. tolerance = 1, sa_iterations = 1000, initial_temperature = 3.0, cooling_rate = 0.999
26 - INFO - chord#: 62 done. best_score=7.0, changed=516, unchanged=310, early_stops=8/8
26 - INFO - chord#: 88 done. best_score=27.0, changed=529, unchanged=403, early_stops=8/8
26 - INFO - chord#: 92 In build_straw_man_chord_sa. tolerance = 1, sa_iterations = 1000, initial_temperature = 3.0, cooling_rate = 0.999
26 - INFO - chord#: 64 In build_straw_man_chord_sa. tolerance = 1, sa_iterations = 1000, initial_temperature = 3.0, cooling_rate = 0.999
26 - INFO - chord#: 86 done. best_score=157.0, changed=606, unchanged=254, early_stops=8/8
26 - INFO - chord#: 88 In build_straw_man_chord_sa. tolerance = 1, sa_iterations = 1000, initial_temperature = 3.0, cooling_rate = 0.999
26 - INFO - chord#: 88 done. best_score=27.0, changed=533, unchanged=452, early_stops=8/8
26 - INFO - chord#: 92 In build_straw_man_chord_sa. tolerance = 1, sa_iterations = 1000, initial_temperature = 3.0, cooling_rate = 0.999
26 - INFO - chord#: 92 done. best_score=27.0, changed=513, unchanged=334, early_stops=8/8
26 - INFO - chord#: 94 In build_straw_man_chord_sa. tolerance = 1, sa_iterations = 1000, initial_temperature = 3.0, cooling_rate = 0.999
26 - INFO - chord#: 64 done. best_score=27.0, changed=515, unchanged=349, early_stops=8/8
26 - INFO - chord#: 66 In build_straw_man_chord_sa. tolerance = 1, sa_iterations = 1000, initial_temperature = 3.0, cooling_rate = 0.999
26 - INFO - chord#: 60 done. best_score=31.0, changed=528, unchanged=329, early_stops=8/8
26 - INFO - chord#: 62 In build_straw_man_chord_sa. tolerance = 1, sa_iterations = 1000, initial_temperature = 3.0, cooling_rate = 0.999
26 - INFO - chord#: 92 done. best_score=27.0, changed=520, unchanged=349, early_stops=8/8
26 - INFO - chord#: 94 In build_straw_man_chord_sa. tolerance = 1, sa_iterations = 1000, initial_temperature = 3.0, cooling_rate = 0.999
26 - INFO - chord#: 62 done. best_score=7.0, changed=504, unchanged=305, early_stops=8/8
26 - INFO - chord#: 64 In build_straw_man_chord_sa. tolerance = 1, sa_iterations = 1000, initial_temperature = 3.0, cooling_rate = 0.999
26 - INFO - chord#: 64 done. best_score=27.0, changed=530, unchanged=364, early_stops=8/8
26 - INFO - chord#: 66 In build_straw_man_chord_sa. tolerance = 1, sa_iterations = 1000, initial_temperature = 3.0, cooling_rate = 0.999
26 - INFO - chord#: 88 done. best_score=27.0, changed=517, unchanged=318, early_stops=8/8
26 - INFO - chord#: 92 In build_straw_man_chord_sa. tolerance = 1, sa_iterations = 1000, initial_temperature = 3.0, cooling_rate = 0.999
26 - INFO - chord#: 66 done. best_score=137.0, changed=615, unchanged=453, early_stops=8/8
26 - INFO - chord#: 68 In build_straw_man_chord_sa. tolerance = 1, sa_iterations = 1000, initial_temperature = 3.0, cooling_rate = 0.999
26 - INFO - chord#: 86 done. best_score=157.0, changed=616, unchanged=276, early_stops=8/8
26 - INFO - chord#: 88 In build_straw_man_chord_sa. tolerance = 1, sa_iterations = 1000, initial_temperature = 3.0, cooling_rate = 0.999
26 - INFO - chord#: 92 done. best_score=27.0, changed=521, unchanged=362, early_stops=8/8
26 - INFO - chord#: 94 In build_straw_man_chord_sa. tolerance = 1, sa_iterations = 1000, initial_temperature = 3.0, cooling_rate = 0.999
26 - INFO - chord#: 86 done. best_score=67.0, changed=611, unchanged=333, early_stops=8/8
26 - INFO - chord#: 88 In build_straw_man_chord_sa. tolerance = 1, sa_iterations = 1000, initial_temperature = 3.0, cooling_rate = 0.999
26 - INFO - chord#: 64 done. best_score=27.0, changed=523, unchanged=360, early_stops=8/8
26 - INFO - chord#: 66 In build_straw_man_chord_sa. tolerance = 1, sa_iterations = 1000, initial_temperature = 3.0, cooling_rate = 0.999
26 - INFO - chord#: 88 done. best_score=27.0, changed=516, unchanged=395, early_stops=8/8
26 - INFO - chord#: 92 In build_straw_man_chord_sa. tolerance = 1, sa_iterations = 1000, initial_temperature = 3.0, cooling_rate = 0.999
26 - INFO - chord#: 92 done. best_score=27.0, changed=523, unchanged=463, early_stops=8/8
26 - INFO - chord#: 94 In build_straw_man_chord_sa. tolerance = 1, sa_iterations = 1000, initial_temperature = 3.0, cooling_rate = 0.999
26 - INFO - chord#: 88 done. best_score=27.0, changed=521, unchanged=375, early_stops=8/8
26 - INFO - chord#: 68 done. best_score=27.0, changed=520, unchanged=527, early_stops=8/8
26 - INFO - chord#: 92 In build_straw_man_chord_sa. tolerance = 1, sa_iterations = 1000, initial_temperature = 3.0, cooling_rate = 0.999
26 - INFO - chord#: 80 In build_straw_man_chord_sa. tolerance = 1, sa_iterations = 1000, initial_temperature = 3.0, cooling_rate = 0.999
26 - INFO - chord#: 66 done. best_score=96.0, changed=613, unchanged=231, early_stops=8/8
26 - INFO - chord#: 68 In build_straw_man_chord_sa. tolerance = 1, sa_iterations = 1000, initial_temperature = 3.0, cooling_rate = 0.999
26 - INFO - chord#: 94 done. best_score=64.0, changed=615, unchanged=278, early_stops=8/8
26 - INFO - chord#: 96 In build_straw_man_chord_sa. tolerance = 1, sa_iterations = 1000, initial_temperature = 3.0, cooling_rate = 0.999
26 - INFO - chord#: 66 done. best_score=96.0, changed=611, unchanged=536, early_stops=8/8
26 - INFO - chord#: 68 In build_straw_man_chord_sa. tolerance = 1, sa_iterations = 1000, initial_temperature = 3.0, cooling_rate = 0.999
26 - INFO - chord#: 94 done. best_score=64.0, changed=610, unchanged=234, early_stops=8/8
26 - INFO - chord#: 96 In build_straw_man_chord_sa. tolerance = 1, sa_iterations = 1000, initial_temperature = 3.0, cooling_rate = 0.999
26 - INFO - chord#: 92 done. best_score=27.0, changed=517, unchanged=431, early_stops=8/8
26 - INFO - chord#: 94 In build_straw_man_chord_sa. tolerance = 1, sa_iterations = 1000, initial_temperature = 3.0, cooling_rate = 0.999
26 - INFO - chord#: 92 done. best_score=27.0, changed=513, unchanged=370, early_stops=8/8
26 - INFO - chord#: 94 In build_straw_man_chord_sa. tolerance = 1, sa_iterations = 1000, initial_temperature = 3.0, cooling_rate = 0.999
26 - INFO - chord#: 66 done. best_score=137.0, changed=616, unchanged=419, early_stops=8/8
26 - INFO - chord#: 68 In build_straw_man_chord_sa. tolerance = 1, sa_iterations = 1000, initial_temperature = 3.0, cooling_rate = 0.999
26 - INFO - chord#: 80 done. best_score=27.0, changed=520, unchanged=309, early_stops=8/8
26 - INFO - chord#: 84 In build_straw_man_chord_sa. tolerance = 1, sa_iterations = 1000, initial_temperature = 3.0, cooling_rate = 0.999
26 - INFO - chord#: 68 done. best_score=27.0, changed=518, unchanged=387, early_stops=8/8
26 - INFO - chord#: 80 In build_straw_man_chord_sa. tolerance = 1, sa_iterations = 1000, initial_temperature = 3.0, cooling_rate = 0.999
26 - INFO - chord#: 94 done. best_score=104.0, changed=609, unchanged=284, early_stops=8/8
26 - INFO - chord#: 96 In build_straw_man_chord_sa. tolerance = 1, sa_iterations = 1000, initial_temperature = 3.0, cooling_rate = 0.999
26 - INFO - chord#: 66 done. best_score=67.0, changed=610, unchanged=239, early_stops=8/8
26 - INFO - chord#: 68 In build_straw_man_chord_sa. tolerance = 1, sa_iterations = 1000, initial_temperature = 3.0, cooling_rate = 0.999
26 - INFO - chord#: 96 done. best_score=27.0, changed=516, unchanged=394, early_stops=8/8
26 - INFO - chord#: 98 In build_straw_man_chord_sa. tolerance = 1, sa_iterations = 1000, initial_temperature = 3.0, cooling_rate = 0.999
26 - INFO - chord#: 68 done. best_score=27.0, changed=521, unchanged=440, early_stops=8/8
26 - INFO - chord#: 96 done. best_score=27.0, changed=518, unchanged=400, early_stops=8/8
26 - INFO - chord#: 80 In build_straw_man_chord_sa. tolerance = 1, sa_iterations = 1000, initial_temperature = 3.0, cooling_rate = 0.999
26 - INFO - chord#: 98 In build_straw_man_chord_sa. tolerance = 1, sa_iterations = 1000, initial_temperature = 3.0, cooling_rate = 0.999
26 - INFO - chord#: 68 done. best_score=27.0, changed=519, unchanged=349, early_stops=8/8
26 - INFO - chord#: 80 In build_straw_man_chord_sa. tolerance = 1, sa_iterations = 1000, initial_temperature = 3.0, cooling_rate = 0.999
26 - INFO - chord#: 84 done. best_score=27.0, changed=517, unchanged=389, early_stops=8/8
26 - INFO - chord#: 86 In build_straw_man_chord_sa. tolerance = 1, sa_iterations = 1000, initial_temperature = 3.0, cooling_rate = 0.999
26 - INFO - chord#: 96 done. best_score=27.0, changed=525, unchanged=517, early_stops=8/8
26 - INFO - chord#: 98 In build_straw_man_chord_sa. tolerance = 1, sa_iterations = 1000, initial_temperature = 3.0, cooling_rate = 0.999
26 - INFO - chord#: 80 done. best_score=27.0, changed=532, unchanged=438, early_stops=8/8
26 - INFO - chord#: 84 In build_straw_man_chord_sa. tolerance = 1, sa_iterations = 1000, initial_temperature = 3.0, cooling_rate = 0.999
26 - INFO - chord#: 94 done. best_score=64.0, changed=614, unchanged=428, early_stops=8/8
26 - INFO - chord#: 96 In build_straw_man_chord_sa. tolerance = 1, sa_iterations = 1000, initial_temperature = 3.0, cooling_rate = 0.999
26 - INFO - chord#: 68 done. best_score=27.0, changed=517, unchanged=382, early_stops=8/8
26 - INFO - chord#: 80 In build_straw_man_chord_sa. tolerance = 1, sa_iterations = 1000, initial_temperature = 3.0, cooling_rate = 0.999
26 - INFO - chord#: 80 done. best_score=27.0, changed=526, unchanged=357, early_stops=8/8
26 - INFO - chord#: 84 In build_straw_man_chord_sa. tolerance = 1, sa_iterations = 1000, initial_temperature = 3.0, cooling_rate = 0.999
26 - INFO - chord#: 94 done. best_score=104.0, changed=612, unchanged=272, early_stops=8/8
26 - INFO - chord#: 96 In build_straw_man_chord_sa. tolerance = 1, sa_iterations = 1000, initial_temperature = 3.0, cooling_rate = 0.999
26 - INFO - chord#: 66 done. best_score=67.0, changed=614, unchanged=450, early_stops=8/8
26 - INFO - chord#: 68 In build_straw_man_chord_sa. tolerance = 1, sa_iterations = 1000, initial_temperature = 3.0, cooling_rate = 0.999
26 - INFO - chord#: 80 done. best_score=27.0, changed=518, unchanged=344, early_stops=8/8
26 - INFO - chord#: 84 In build_straw_man_chord_sa. tolerance = 1, sa_iterations = 1000, initial_temperature = 3.0, cooling_rate = 0.999
26 - INFO - chord#: 98 done. best_score=137.0, changed=608, unchanged=238, early_stops=8/8
26 - INFO - chord#: 100 In build_straw_man_chord_sa. tolerance = 1, sa_iterations = 1000, initial_temperature = 3.0, cooling_rate = 0.999
26 - INFO - chord#: 94 done. best_score=64.0, changed=617, unchanged=415, early_stops=8/8
26 - INFO - chord#: 96 In build_straw_man_chord_sa. tolerance = 1, sa_iterations = 1000, initial_temperature = 3.0, cooling_rate = 0.999
26 - INFO - chord#: 80 done. best_score=27.0, changed=528, unchanged=373, early_stops=8/8
26 - INFO - chord#: 84 In build_straw_man_chord_sa. tolerance = 1, sa_iterations = 1000, initial_temperature = 3.0, cooling_rate = 0.999
26 - INFO - chord#: 98 done. best_score=67.0, changed=609, unchanged=386, early_stops=8/8
26 - INFO - chord#: 100 In build_straw_man_chord_sa. tolerance = 1, sa_iterations = 1000, initial_temperature = 3.0, cooling_rate = 0.999
26 - INFO - chord#: 96 done. best_score=27.0, changed=522, unchanged=460, early_stops=8/8
26 - INFO - chord#: 98 In build_straw_man_chord_sa. tolerance = 1, sa_iterations = 1000, initial_temperature = 3.0, cooling_rate = 0.999
26 - INFO - chord#: 84 done. best_score=27.0, changed=533, unchanged=607, early_stops=8/8
26 - INFO - chord#: 86 In build_straw_man_chord_sa. tolerance = 1, sa_iterations = 1000, initial_temperature = 3.0, cooling_rate = 0.999
26 - INFO - chord#: 84 done. best_score=27.0, changed=518, unchanged=384, early_stops=8/8
26 - INFO - chord#: 86 In build_straw_man_chord_sa. tolerance = 1, sa_iterations = 1000, initial_temperature = 3.0, cooling_rate = 0.999
26 - INFO - chord#: 96 done. best_score=27.0, changed=514, unchanged=406, early_stops=8/8
26 - INFO - chord#: 98 In build_straw_man_chord_sa. tolerance = 1, sa_iterations = 1000, initial_temperature = 3.0, cooling_rate = 0.999
26 - INFO - chord#: 68 done. best_score=27.0, changed=516, unchanged=336, early_stops=8/8
26 - INFO - chord#: 80 In build_straw_man_chord_sa. tolerance = 1, sa_iterations = 1000, initial_temperature = 3.0, cooling_rate = 0.999
26 - INFO - chord#: 100 done. best_score=27.0, changed=524, unchanged=453, early_stops=8/8
26 - INFO - chord#: 104 In build_straw_man_chord_sa. tolerance = 1, sa_iterations = 1000, initial_temperature = 3.0, cooling_rate = 0.999
26 - INFO - chord#: 96 done. best_score=27.0, changed=513, unchanged=402, early_stops=8/8
26 - INFO - chord#: 98 In build_straw_man_chord_sa. tolerance = 1, sa_iterations = 1000, initial_temperature = 3.0, cooling_rate = 0.999
26 - INFO - chord#: 100 done. best_score=27.0, changed=518, unchanged=417, early_stops=8/8
26 - INFO - chord#: 104 In build_straw_man_chord_sa. tolerance = 1, sa_iterations = 1000, initial_temperature = 3.0, cooling_rate = 0.999
26 - INFO - chord#: 84 done. best_score=27.0, changed=523, unchanged=534, early_stops=8/8
26 - INFO - chord#: 86 In build_straw_man_chord_sa. tolerance = 1, sa_iterations = 1000, initial_temperature = 3.0, cooling_rate = 0.999
26 - INFO - chord#: 84 done. best_score=27.0, changed=527, unchanged=530, early_stops=8/8
26 - INFO - chord#: 86 In build_straw_man_chord_sa. tolerance = 1, sa_iterations = 1000, initial_temperature = 3.0, cooling_rate = 0.999
26 - INFO - chord#: 98 done. best_score=67.0, changed=620, unchanged=543, early_stops=8/8
26 - INFO - chord#: 100 In build_straw_man_chord_sa. tolerance = 1, sa_iterations = 1000, initial_temperature = 3.0, cooling_rate = 0.999
26 - INFO - chord#: 86 done. best_score=67.0, changed=615, unchanged=380, early_stops=8/8
26 - INFO - chord#: 88 In build_straw_man_chord_sa. tolerance = 1, sa_iterations = 1000, initial_temperature = 3.0, cooling_rate = 0.999
26 - INFO - chord#: 104 done. best_score=35.0, changed=518, unchanged=383, early_stops=8/8
26 - INFO - chord#: 106 In build_straw_man_chord_sa. tolerance = 1, sa_iterations = 1000, initial_temperature = 3.0, cooling_rate = 0.999
26 - INFO - chord#: 80 done. best_score=27.0, changed=523, unchanged=435, early_stops=8/8
26 - INFO - chord#: 84 In build_straw_man_chord_sa. tolerance = 1, sa_iterations = 1000, initial_temperature = 3.0, cooling_rate = 0.999
26 - INFO - chord#: 104 done. best_score=35.0, changed=528, unchanged=371, early_stops=8/8
26 - INFO - chord#: 106 In build_straw_man_chord_sa. tolerance = 1, sa_iterations = 1000, initial_temperature = 3.0, cooling_rate = 0.999
26 - INFO - chord#: 98 done. best_score=67.0, changed=615, unchanged=435, early_stops=8/8
26 - INFO - chord#: 100 In build_straw_man_chord_sa. tolerance = 1, sa_iterations = 1000, initial_temperature = 3.0, cooling_rate = 0.999
26 - INFO - chord#: 100 done. best_score=27.0, changed=519, unchanged=455, early_stops=8/8
26 - INFO - chord#: 104 In build_straw_man_chord_sa. tolerance = 1, sa_iterations = 1000, initial_temperature = 3.0, cooling_rate = 0.999
26 - INFO - chord#: 98 done. best_score=96.0, changed=608, unchanged=312, early_stops=8/8
26 - INFO - chord#: 100 In build_straw_man_chord_sa. tolerance = 1, sa_iterations = 1000, initial_temperature = 3.0, cooling_rate = 0.999
26 - INFO - chord#: 106 done. best_score=36.0, changed=527, unchanged=321, early_stops=8/8
26 - INFO - chord#: 108 In build_straw_man_chord_sa. tolerance = 1, sa_iterations = 1000, initial_temperature = 3.0, cooling_rate = 0.999
26 - INFO - chord#: 106 done. best_score=36.0, changed=521, unchanged=481, early_stops=8/8
26 - INFO - chord#: 108 In build_straw_man_chord_sa. tolerance = 1, sa_iterations = 1000, initial_temperature = 3.0, cooling_rate = 0.999
26 - INFO - chord#: 84 done. best_score=27.0, changed=513, unchanged=305, early_stops=8/8
26 - INFO - chord#: 86 In build_straw_man_chord_sa. tolerance = 1, sa_iterations = 1000, initial_temperature = 3.0, cooling_rate = 0.999
26 - INFO - chord#: 88 done. best_score=27.0, changed=526, unchanged=412, early_stops=8/8
26 - INFO - chord#: 92 In build_straw_man_chord_sa. tolerance = 1, sa_iterations = 1000, initial_temperature = 3.0, cooling_rate = 0.999
26 - INFO - chord#: 98 done. best_score=67.0, changed=614, unchanged=318, early_stops=8/8
26 - INFO - chord#: 100 In build_straw_man_chord_sa. tolerance = 1, sa_iterations = 1000, initial_temperature = 3.0, cooling_rate = 0.999
26 - INFO - chord#: 86 done. best_score=67.0, changed=616, unchanged=310, early_stops=8/8
26 - INFO - chord#: 88 In build_straw_man_chord_sa. tolerance = 1, sa_iterations = 1000, initial_temperature = 3.0, cooling_rate = 0.999
26 - INFO - chord#: 104 done. best_score=35.0, changed=521, unchanged=395, early_stops=8/8
26 - INFO - chord#: 106 In build_straw_man_chord_sa. tolerance = 1, sa_iterations = 1000, initial_temperature = 3.0, cooling_rate = 0.999
26 - INFO - chord#: 86 done. best_score=205.0, changed=612, unchanged=240, early_stops=8/8
26 - INFO - chord#: 88 In build_straw_man_chord_sa. tolerance = 1, sa_iterations = 1000, initial_temperature = 3.0, cooling_rate = 0.999
26 - INFO - chord#: 100 done. best_score=27.0, changed=520, unchanged=469, early_stops=8/8
26 - INFO - chord#: 104 In build_straw_man_chord_sa. tolerance = 1, sa_iterations = 1000, initial_temperature = 3.0, cooling_rate = 0.999
26 - INFO - chord#: 100 done. best_score=27.0, changed=512, unchanged=371, early_stops=8/8
26 - INFO - chord#: 104 In build_straw_man_chord_sa. tolerance = 1, sa_iterations = 1000, initial_temperature = 3.0, cooling_rate = 0.999
26 - INFO - chord#: 108 done. best_score=27.0, changed=525, unchanged=454, early_stops=8/8
26 - INFO - chord#: 112 In build_straw_man_chord_sa. tolerance = 1, sa_iterations = 1000, initial_temperature = 3.0, cooling_rate = 0.999
26 - INFO - chord#: 100 done. best_score=27.0, changed=521, unchanged=341, early_stops=8/8
26 - INFO - chord#: 104 In build_straw_man_chord_sa. tolerance = 1, sa_iterations = 1000, initial_temperature = 3.0, cooling_rate = 0.999
26 - INFO - chord#: 108 done. best_score=27.0, changed=534, unchanged=622, early_stops=8/8
26 - INFO - chord#: 112 In build_straw_man_chord_sa. tolerance = 1, sa_iterations = 1000, initial_temperature = 3.0, cooling_rate = 0.999
26 - INFO - chord#: 86 done. best_score=137.0, changed=622, unchanged=521, early_stops=8/8
26 - INFO - chord#: 88 In build_straw_man_chord_sa. tolerance = 1, sa_iterations = 1000, initial_temperature = 3.0, cooling_rate = 0.999
26 - INFO - chord#: 88 done. best_score=27.0, changed=524, unchanged=308, early_stops=8/8
26 - INFO - chord#: 92 In build_straw_man_chord_sa. tolerance = 1, sa_iterations = 1000, initial_temperature = 3.0, cooling_rate = 0.999
26 - INFO - chord#: 92 done. best_score=27.0, changed=514, unchanged=338, early_stops=8/8
26 - INFO - chord#: 94 In build_straw_man_chord_sa. tolerance = 1, sa_iterations = 1000, initial_temperature = 3.0, cooling_rate = 0.999
26 - INFO - chord#: 104 done. best_score=35.0, changed=525, unchanged=362, early_stops=8/8
26 - INFO - chord#: 106 In build_straw_man_chord_sa. tolerance = 1, sa_iterations = 1000, initial_temperature = 3.0, cooling_rate = 0.999
26 - INFO - chord#: 106 done. best_score=36.0, changed=529, unchanged=407, early_stops=8/8
26 - INFO - chord#: 108 In build_straw_man_chord_sa. tolerance = 1, sa_iterations = 1000, initial_temperature = 3.0, cooling_rate = 0.999
26 - INFO - chord#: 88 done. best_score=27.0, changed=517, unchanged=318, early_stops=8/8
26 - INFO - chord#: 92 In build_straw_man_chord_sa. tolerance = 1, sa_iterations = 1000, initial_temperature = 3.0, cooling_rate = 0.999
26 - INFO - chord#: 104 done. best_score=35.0, changed=526, unchanged=485, early_stops=8/8
26 - INFO - chord#: 106 In build_straw_man_chord_sa. tolerance = 1, sa_iterations = 1000, initial_temperature = 3.0, cooling_rate = 0.999
26 - INFO - chord#: 112 done. best_score=27.0, changed=520, unchanged=368, early_stops=8/8
26 - INFO - chord#: 116 In build_straw_man_chord_sa. tolerance = 1, sa_iterations = 1000, initial_temperature = 3.0, cooling_rate = 0.999
26 - INFO - chord#: 104 done. best_score=35.0, changed=525, unchanged=405, early_stops=8/8
26 - INFO - chord#: 106 In build_straw_man_chord_sa. tolerance = 1, sa_iterations = 1000, initial_temperature = 3.0, cooling_rate = 0.999
26 - INFO - chord#: 112 done. best_score=27.0, changed=526, unchanged=571, early_stops=8/8
26 - INFO - chord#: 116 In build_straw_man_chord_sa. tolerance = 1, sa_iterations = 1000, initial_temperature = 3.0, cooling_rate = 0.999
26 - INFO - chord#: 86 done. best_score=67.0, changed=618, unchanged=539, early_stops=8/8
26 - INFO - chord#: 88 In build_straw_man_chord_sa. tolerance = 1, sa_iterations = 1000, initial_temperature = 3.0, cooling_rate = 0.999
26 - INFO - chord#: 88 done. best_score=27.0, changed=525, unchanged=380, early_stops=8/8
26 - INFO - chord#: 92 In build_straw_man_chord_sa. tolerance = 1, sa_iterations = 1000, initial_temperature = 3.0, cooling_rate = 0.999
26 - INFO - chord#: 92 done. best_score=27.0, changed=520, unchanged=310, early_stops=8/8
26 - INFO - chord#: 94 In build_straw_man_chord_sa. tolerance = 1, sa_iterations = 1000, initial_temperature = 3.0, cooling_rate = 0.999
26 - INFO - chord#: 106 done. best_score=36.0, changed=517, unchanged=394, early_stops=8/8
26 - INFO - chord#: 108 In build_straw_man_chord_sa. tolerance = 1, sa_iterations = 1000, initial_temperature = 3.0, cooling_rate = 0.999
26 - INFO - chord#: 108 done. best_score=27.0, changed=520, unchanged=451, early_stops=8/8
26 - INFO - chord#: 112 In build_straw_man_chord_sa. tolerance = 1, sa_iterations = 1000, initial_temperature = 3.0, cooling_rate = 0.999
26 - INFO - chord#: 106 done. best_score=36.0, changed=538, unchanged=414, early_stops=8/8
26 - INFO - chord#: 108 In build_straw_man_chord_sa. tolerance = 1, sa_iterations = 1000, initial_temperature = 3.0, cooling_rate = 0.999
26 - INFO - chord#: 106 done. best_score=36.0, changed=523, unchanged=398, early_stops=8/8
26 - INFO - chord#: 108 In build_straw_man_chord_sa. tolerance = 1, sa_iterations = 1000, initial_temperature = 3.0, cooling_rate = 0.999
26 - INFO - chord#: 92 done. best_score=27.0, changed=521, unchanged=350, early_stops=8/8
26 - INFO - chord#: 94 In build_straw_man_chord_sa. tolerance = 1, sa_iterations = 1000, initial_temperature = 3.0, cooling_rate = 0.999
26 - INFO - chord#: 116 done. best_score=27.0, changed=526, unchanged=427, early_stops=8/8
26 - INFO - chord#: 118 In build_straw_man_chord_sa. tolerance = 1, sa_iterations = 1000, initial_temperature = 3.0, cooling_rate = 0.999
26 - INFO - chord#: 116 done. best_score=27.0, changed=515, unchanged=387, early_stops=8/8
26 - INFO - chord#: 118 In build_straw_man_chord_sa. tolerance = 1, sa_iterations = 1000, initial_temperature = 3.0, cooling_rate = 0.999
26 - INFO - chord#: 108 done. best_score=27.0, changed=517, unchanged=433, early_stops=8/8
26 - INFO - chord#: 112 In build_straw_man_chord_sa. tolerance = 1, sa_iterations = 1000, initial_temperature = 3.0, cooling_rate = 0.999
26 - INFO - chord#: 86 done. best_score=67.0, changed=616, unchanged=456, early_stops=8/8
26 - INFO - chord#: 88 In build_straw_man_chord_sa. tolerance = 1, sa_iterations = 1000, initial_temperature = 3.0, cooling_rate = 0.999
26 - INFO - chord#: 88 done. best_score=27.0, changed=528, unchanged=460, early_stops=8/8
26 - INFO - chord#: 92 In build_straw_man_chord_sa. tolerance = 1, sa_iterations = 1000, initial_temperature = 3.0, cooling_rate = 0.999
26 - INFO - chord#: 92 done. best_score=27.0, changed=520, unchanged=393, early_stops=8/8
26 - INFO - chord#: 94 In build_straw_man_chord_sa. tolerance = 1, sa_iterations = 1000, initial_temperature = 3.0, cooling_rate = 0.999
26 - INFO - chord#: 112 done. best_score=27.0, changed=520, unchanged=340, early_stops=8/8
26 - INFO - chord#: 116 In build_straw_man_chord_sa. tolerance = 1, sa_iterations = 1000, initial_temperature = 3.0, cooling_rate = 0.999
26 - INFO - chord#: 108 done. best_score=27.0, changed=520, unchanged=354, early_stops=8/8
26 - INFO - chord#: 112 In build_straw_man_chord_sa. tolerance = 1, sa_iterations = 1000, initial_temperature = 3.0, cooling_rate = 0.999
26 - INFO - chord#: 108 done. best_score=27.0, changed=527, unchanged=472, early_stops=8/8
26 - INFO - chord#: 112 In build_straw_man_chord_sa. tolerance = 1, sa_iterations = 1000, initial_temperature = 3.0, cooling_rate = 0.999
26 - INFO - chord#: 118 done. best_score=27.0, changed=519, unchanged=383, early_stops=8/8
26 - INFO - chord#: 120 In build_straw_man_chord_sa. tolerance = 1, sa_iterations = 1000, initial_temperature = 3.0, cooling_rate = 0.999
26 - INFO - chord#: 118 done. best_score=27.0, changed=518, unchanged=416, early_stops=8/8
26 - INFO - chord#: 120 In build_straw_man_chord_sa. tolerance = 1, sa_iterations = 1000, initial_temperature = 3.0, cooling_rate = 0.999
26 - INFO - chord#: 94 done. best_score=64.0, changed=617, unchanged=323, early_stops=8/8
26 - INFO - chord#: 96 In build_straw_man_chord_sa. tolerance = 1, sa_iterations = 1000, initial_temperature = 3.0, cooling_rate = 0.999
26 - INFO - chord#: 112 done. best_score=27.0, changed=524, unchanged=409, early_stops=8/8
26 - INFO - chord#: 116 In build_straw_man_chord_sa. tolerance = 1, sa_iterations = 1000, initial_temperature = 3.0, cooling_rate = 0.999
26 - INFO - chord#: 88 done. best_score=27.0, changed=518, unchanged=382, early_stops=8/8
26 - INFO - chord#: 92 In build_straw_man_chord_sa. tolerance = 1, sa_iterations = 1000, initial_temperature = 3.0, cooling_rate = 0.999
26 - INFO - chord#: 116 done. best_score=27.0, changed=520, unchanged=457, early_stops=8/8
26 - INFO - chord#: 118 In build_straw_man_chord_sa. tolerance = 1, sa_iterations = 1000, initial_temperature = 3.0, cooling_rate = 0.999
26 - INFO - chord#: 92 done. best_score=27.0, changed=528, unchanged=367, early_stops=8/8
26 - INFO - chord#: 94 In build_straw_man_chord_sa. tolerance = 1, sa_iterations = 1000, initial_temperature = 3.0, cooling_rate = 0.999
26 - INFO - chord#: 120 done. best_score=27.0, changed=527, unchanged=357, early_stops=8/8
26 - INFO - chord#: 122 In build_straw_man_chord_sa. tolerance = 1, sa_iterations = 1000, initial_temperature = 3.0, cooling_rate = 0.999
26 - INFO - chord#: 112 done. best_score=27.0, changed=523, unchanged=415, early_stops=8/8
26 - INFO - chord#: 116 In build_straw_man_chord_sa. tolerance = 1, sa_iterations = 1000, initial_temperature = 3.0, cooling_rate = 0.999
26 - INFO - chord#: 112 done. best_score=27.0, changed=530, unchanged=466, early_stops=8/8
26 - INFO - chord#: 116 In build_straw_man_chord_sa. tolerance = 1, sa_iterations = 1000, initial_temperature = 3.0, cooling_rate = 0.999
26 - INFO - chord#: 120 done. best_score=27.0, changed=529, unchanged=523, early_stops=8/8
26 - INFO - chord#: 122 In build_straw_man_chord_sa. tolerance = 1, sa_iterations = 1000, initial_temperature = 3.0, cooling_rate = 0.999
26 - INFO - chord#: 94 done. best_score=64.0, changed=611, unchanged=250, early_stops=8/8
26 - INFO - chord#: 96 In build_straw_man_chord_sa. tolerance = 1, sa_iterations = 1000, initial_temperature = 3.0, cooling_rate = 0.999
26 - INFO - chord#: 116 done. best_score=27.0, changed=531, unchanged=403, early_stops=8/8
26 - INFO - chord#: 118 In build_straw_man_chord_sa. tolerance = 1, sa_iterations = 1000, initial_temperature = 3.0, cooling_rate = 0.999
26 - INFO - chord#: 118 done. best_score=27.0, changed=518, unchanged=385, early_stops=8/8
26 - INFO - chord#: 120 In build_straw_man_chord_sa. tolerance = 1, sa_iterations = 1000, initial_temperature = 3.0, cooling_rate = 0.999
26 - INFO - chord#: 96 done. best_score=27.0, changed=519, unchanged=399, early_stops=8/8
26 - INFO - chord#: 98 In build_straw_man_chord_sa. tolerance = 1, sa_iterations = 1000, initial_temperature = 3.0, cooling_rate = 0.999
26 - INFO - chord#: 116 done. best_score=27.0, changed=521, unchanged=311, early_stops=8/8
26 - INFO - chord#: 118 In build_straw_man_chord_sa. tolerance = 1, sa_iterations = 1000, initial_temperature = 3.0, cooling_rate = 0.999
26 - INFO - chord#: 92 done. best_score=27.0, changed=525, unchanged=329, early_stops=8/8
26 - INFO - chord#: 116 done. best_score=27.0, changed=522, unchanged=383, early_stops=8/8
26 - INFO - chord#: 94 In build_straw_man_chord_sa. tolerance = 1, sa_iterations = 1000, initial_temperature = 3.0, cooling_rate = 0.999
26 - INFO - chord#: 118 In build_straw_man_chord_sa. tolerance = 1, sa_iterations = 1000, initial_temperature = 3.0, cooling_rate = 0.999
26 - INFO - chord#: 94 done. best_score=64.0, changed=611, unchanged=324, early_stops=8/8
26 - INFO - chord#: 96 In build_straw_man_chord_sa. tolerance = 1, sa_iterations = 1000, initial_temperature = 3.0, cooling_rate = 0.999
26 - INFO - chord#: 94 done. best_score=64.0, changed=611, unchanged=253, early_stops=8/8
26 - INFO - chord#: 96 In build_straw_man_chord_sa. tolerance = 1, sa_iterations = 1000, initial_temperature = 3.0, cooling_rate = 0.999
26 - INFO - chord#: 96 done. best_score=27.0, changed=510, unchanged=342, early_stops=8/8
26 - INFO - chord#: 98 In build_straw_man_chord_sa. tolerance = 1, sa_iterations = 1000, initial_temperature = 3.0, cooling_rate = 0.999
26 - INFO - chord#: 118 done. best_score=27.0, changed=522, unchanged=391, early_stops=8/8
26 - INFO - chord#: 120 In build_straw_man_chord_sa. tolerance = 1, sa_iterations = 1000, initial_temperature = 3.0, cooling_rate = 0.999
26 - INFO - chord#: 120 done. best_score=27.0, changed=529, unchanged=528, early_stops=8/8
26 - INFO - chord#: 122 In build_straw_man_chord_sa. tolerance = 1, sa_iterations = 1000, initial_temperature = 3.0, cooling_rate = 0.999
26 - INFO - chord#: 118 done. best_score=27.0, changed=522, unchanged=419, early_stops=8/8
26 - INFO - chord#: 120 In build_straw_man_chord_sa. tolerance = 1, sa_iterations = 1000, initial_temperature = 3.0, cooling_rate = 0.999
26 - INFO - chord#: 118 done. best_score=27.0, changed=524, unchanged=476, early_stops=8/8
26 - INFO - chord#: 120 In build_straw_man_chord_sa. tolerance = 1, sa_iterations = 1000, initial_temperature = 3.0, cooling_rate = 0.999
26 - INFO - chord#: 96 done. best_score=27.0, changed=516, unchanged=352, early_stops=8/8
26 - INFO - chord#: 98 In build_straw_man_chord_sa. tolerance = 1, sa_iterations = 1000, initial_temperature = 3.0, cooling_rate = 0.999
26 - INFO - chord#: 122 done. best_score=115.0, changed=613, unchanged=433, early_stops=8/8
26 - INFO - chord#: 124 In build_straw_man_chord_sa. tolerance = 1, sa_iterations = 1000, initial_temperature = 3.0, cooling_rate = 0.999
26 - INFO - chord#: 120 done. best_score=27.0, changed=514, unchanged=459, early_stops=8/8
26 - INFO - chord#: 122 In build_straw_man_chord_sa. tolerance = 1, sa_iterations = 1000, initial_temperature = 3.0, cooling_rate = 0.999
26 - INFO - chord#: 122 done. best_score=95.0, changed=615, unchanged=368, early_stops=8/8
26 - INFO - chord#: 124 In build_straw_man_chord_sa. tolerance = 1, sa_iterations = 1000, initial_temperature = 3.0, cooling_rate = 0.999
26 - INFO - chord#: 96 done. best_score=27.0, changed=520, unchanged=379, early_stops=8/8
26 - INFO - chord#: 98 In build_straw_man_chord_sa. tolerance = 1, sa_iterations = 1000, initial_temperature = 3.0, cooling_rate = 0.999
26 - INFO - chord#: 94 done. best_score=104.0, changed=611, unchanged=274, early_stops=8/8
26 - INFO - chord#: 96 In build_straw_man_chord_sa. tolerance = 1, sa_iterations = 1000, initial_temperature = 3.0, cooling_rate = 0.999
26 - INFO - chord#: 120 done. best_score=27.0, changed=514, unchanged=418, early_stops=8/8
26 - INFO - chord#: 122 In build_straw_man_chord_sa. tolerance = 1, sa_iterations = 1000, initial_temperature = 3.0, cooling_rate = 0.999
26 - INFO - chord#: 120 done. best_score=27.0, changed=516, unchanged=403, early_stops=8/8
26 - INFO - chord#: 122 In build_straw_man_chord_sa. tolerance = 1, sa_iterations = 1000, initial_temperature = 3.0, cooling_rate = 0.999
26 - INFO - chord#: 98 done. best_score=96.0, changed=611, unchanged=308, early_stops=8/8
26 - INFO - chord#: 100 In build_straw_man_chord_sa. tolerance = 1, sa_iterations = 1000, initial_temperature = 3.0, cooling_rate = 0.999
26 - INFO - chord#: 124 done. best_score=27.0, changed=517, unchanged=336, early_stops=8/8
26 - INFO - chord#: 126 In build_straw_man_chord_sa. tolerance = 1, sa_iterations = 1000, initial_temperature = 3.0, cooling_rate = 0.999
26 - INFO - chord#: 124 done. best_score=27.0, changed=517, unchanged=511, early_stops=8/8
26 - INFO - chord#: 126 In build_straw_man_chord_sa. tolerance = 1, sa_iterations = 1000, initial_temperature = 3.0, cooling_rate = 0.999
26 - INFO - chord#: 94 done. best_score=64.0, changed=608, unchanged=288, early_stops=8/8
26 - INFO - chord#: 96 In build_straw_man_chord_sa. tolerance = 1, sa_iterations = 1000, initial_temperature = 3.0, cooling_rate = 0.999
26 - INFO - chord#: 98 done. best_score=167.0, changed=609, unchanged=256, early_stops=8/8
26 - INFO - chord#: 100 In build_straw_man_chord_sa. tolerance = 1, sa_iterations = 1000, initial_temperature = 3.0, cooling_rate = 0.999
26 - INFO - chord#: 96 done. best_score=27.0, changed=523, unchanged=513, early_stops=8/8
26 - INFO - chord#: 98 In build_straw_man_chord_sa. tolerance = 1, sa_iterations = 1000, initial_temperature = 3.0, cooling_rate = 0.999
26 - INFO - chord#: 122 done. best_score=95.0, changed=615, unchanged=502, early_stops=8/8
26 - INFO - chord#: 124 In build_straw_man_chord_sa. tolerance = 1, sa_iterations = 1000, initial_temperature = 3.0, cooling_rate = 0.999
26 - INFO - chord#: 122 done. best_score=135.0, changed=610, unchanged=283, early_stops=8/8
26 - INFO - chord#: 124 In build_straw_man_chord_sa. tolerance = 1, sa_iterations = 1000, initial_temperature = 3.0, cooling_rate = 0.999
26 - INFO - chord#: 100 done. best_score=27.0, changed=528, unchanged=451, early_stops=8/8
26 - INFO - chord#: 104 In build_straw_man_chord_sa. tolerance = 1, sa_iterations = 1000, initial_temperature = 3.0, cooling_rate = 0.999
26 - INFO - chord#: 122 done. best_score=90.0, changed=614, unchanged=268, early_stops=8/8
26 - INFO - chord#: 124 In build_straw_man_chord_sa. tolerance = 1, sa_iterations = 1000, initial_temperature = 3.0, cooling_rate = 0.999
26 - INFO - chord#: 98 done. best_score=67.0, changed=610, unchanged=233, early_stops=8/8
26 - INFO - chord#: 100 In build_straw_man_chord_sa. tolerance = 1, sa_iterations = 1000, initial_temperature = 3.0, cooling_rate = 0.999
26 - INFO - chord#: 96 done. best_score=27.0, changed=521, unchanged=491, early_stops=8/8
26 - INFO - chord#: 98 In build_straw_man_chord_sa. tolerance = 1, sa_iterations = 1000, initial_temperature = 3.0, cooling_rate = 0.999
26 - INFO - chord#: 98 done. best_score=137.0, changed=610, unchanged=387, early_stops=8/8
26 - INFO - chord#: 100 In build_straw_man_chord_sa. tolerance = 1, sa_iterations = 1000, initial_temperature = 3.0, cooling_rate = 0.999
26 - INFO - chord#: 100 done. best_score=27.0, changed=528, unchanged=503, early_stops=8/8
26 - INFO - chord#: 104 In build_straw_man_chord_sa. tolerance = 1, sa_iterations = 1000, initial_temperature = 3.0, cooling_rate = 0.999
26 - INFO - chord#: 122 done. best_score=95.0, changed=611, unchanged=347, early_stops=8/8
26 - INFO - chord#: 124 In build_straw_man_chord_sa. tolerance = 1, sa_iterations = 1000, initial_temperature = 3.0, cooling_rate = 0.999
26 - INFO - chord#: 124 done. best_score=27.0, changed=524, unchanged=446, early_stops=8/8
26 - INFO - chord#: 126 In build_straw_man_chord_sa. tolerance = 1, sa_iterations = 1000, initial_temperature = 3.0, cooling_rate = 0.999
26 - INFO - chord#: 124 done. best_score=27.0, changed=523, unchanged=396, early_stops=8/8
26 - INFO - chord#: 126 In build_straw_man_chord_sa. tolerance = 1, sa_iterations = 1000, initial_temperature = 3.0, cooling_rate = 0.999
26 - INFO - chord#: 126 done. best_score=93.0, changed=611, unchanged=388, early_stops=8/8
26 - INFO - chord#: 128 In build_straw_man_chord_sa. tolerance = 1, sa_iterations = 1000, initial_temperature = 3.0, cooling_rate = 0.999
26 - INFO - chord#: 104 done. best_score=35.0, changed=517, unchanged=384, early_stops=8/8
26 - INFO - chord#: 106 In build_straw_man_chord_sa. tolerance = 1, sa_iterations = 1000, initial_temperature = 3.0, cooling_rate = 0.999
26 - INFO - chord#: 126 done. best_score=129.0, changed=614, unchanged=399, early_stops=8/8
26 - INFO - chord#: 128 In build_straw_man_chord_sa. tolerance = 1, sa_iterations = 1000, initial_temperature = 3.0, cooling_rate = 0.999
26 - INFO - chord#: 124 done. best_score=27.0, changed=523, unchanged=374, early_stops=8/8
26 - INFO - chord#: 126 In build_straw_man_chord_sa. tolerance = 1, sa_iterations = 1000, initial_temperature = 3.0, cooling_rate = 0.999
26 - INFO - chord#: 124 done. best_score=27.0, changed=521, unchanged=343, early_stops=8/8
26 - INFO - chord#: 126 In build_straw_man_chord_sa. tolerance = 1, sa_iterations = 1000, initial_temperature = 3.0, cooling_rate = 0.999
26 - INFO - chord#: 104 done. best_score=35.0, changed=526, unchanged=417, early_stops=8/8
26 - INFO - chord#: 106 In build_straw_man_chord_sa. tolerance = 1, sa_iterations = 1000, initial_temperature = 3.0, cooling_rate = 0.999
26 - INFO - chord#: 100 done. best_score=27.0, changed=523, unchanged=346, early_stops=8/8
26 - INFO - chord#: 104 In build_straw_man_chord_sa. tolerance = 1, sa_iterations = 1000, initial_temperature = 3.0, cooling_rate = 0.999
26 - INFO - chord#: 100 done. best_score=27.0, changed=526, unchanged=564, early_stops=8/8
26 - INFO - chord#: 104 In build_straw_man_chord_sa. tolerance = 1, sa_iterations = 1000, initial_temperature = 3.0, cooling_rate = 0.999
26 - INFO - chord#: 98 done. best_score=96.0, changed=612, unchanged=280, early_stops=8/8
26 - INFO - chord#: 100 In build_straw_man_chord_sa. tolerance = 1, sa_iterations = 1000, initial_temperature = 3.0, cooling_rate = 0.999
26 - INFO - chord#: 128 done. best_score=27.0, changed=521, unchanged=441, early_stops=8/8
26 - INFO - chord#: 130 In build_straw_man_chord_sa. tolerance = 1, sa_iterations = 1000, initial_temperature = 3.0, cooling_rate = 0.999
26 - INFO - chord#: 128 done. best_score=27.0, changed=521, unchanged=362, early_stops=8/8
26 - INFO - chord#: 130 In build_straw_man_chord_sa. tolerance = 1, sa_iterations = 1000, initial_temperature = 3.0, cooling_rate = 0.999
26 - INFO - chord#: 130 done. best_score=11.0, changed=466, unchanged=352, early_stops=8/8
26 - INFO - chord#: 132 In build_straw_man_chord_sa. tolerance = 1, sa_iterations = 1000, initial_temperature = 3.0, cooling_rate = 0.999
26 - INFO - chord#: 106 done. best_score=36.0, changed=519, unchanged=318, early_stops=8/8
26 - INFO - chord#: 108 In build_straw_man_chord_sa. tolerance = 1, sa_iterations = 1000, initial_temperature = 3.0, cooling_rate = 0.999
26 - INFO - chord#: 130 done. best_score=11.0, changed=495, unchanged=328, early_stops=8/8
26 - INFO - chord#: 132 In build_straw_man_chord_sa. tolerance = 1, sa_iterations = 1000, initial_temperature = 3.0, cooling_rate = 0.999
26 - INFO - chord#: 104 done. best_score=35.0, changed=526, unchanged=299, early_stops=8/8
26 - INFO - chord#: 106 In build_straw_man_chord_sa. tolerance = 1, sa_iterations = 1000, initial_temperature = 3.0, cooling_rate = 0.999
26 - INFO - chord#: 106 done. best_score=36.0, changed=523, unchanged=409, early_stops=8/8
26 - INFO - chord#: 108 In build_straw_man_chord_sa. tolerance = 1, sa_iterations = 1000, initial_temperature = 3.0, cooling_rate = 0.999
26 - INFO - chord#: 104 done. best_score=35.0, changed=519, unchanged=387, early_stops=8/8
26 - INFO - chord#: 106 In build_straw_man_chord_sa. tolerance = 1, sa_iterations = 1000, initial_temperature = 3.0, cooling_rate = 0.999
26 - INFO - chord#: 126 done. best_score=96.0, changed=614, unchanged=396, early_stops=8/8
26 - INFO - chord#: 128 In build_straw_man_chord_sa. tolerance = 1, sa_iterations = 1000, initial_temperature = 3.0, cooling_rate = 0.999
26 - INFO - chord#: 126 done. best_score=94.0, changed=610, unchanged=352, early_stops=8/8
26 - INFO - chord#: 128 In build_straw_man_chord_sa. tolerance = 1, sa_iterations = 1000, initial_temperature = 3.0, cooling_rate = 0.999
26 - INFO - chord#: 100 done. best_score=27.0, changed=520, unchanged=382, early_stops=8/8
26 - INFO - chord#: 104 In build_straw_man_chord_sa. tolerance = 1, sa_iterations = 1000, initial_temperature = 3.0, cooling_rate = 0.999
26 - INFO - chord#: 98 done. best_score=67.0, changed=620, unchanged=326, early_stops=8/8
26 - INFO - chord#: 100 In build_straw_man_chord_sa. tolerance = 1, sa_iterations = 1000, initial_temperature = 3.0, cooling_rate = 0.999
26 - INFO - chord#: 126 done. best_score=93.0, changed=613, unchanged=250, early_stops=8/8
26 - INFO - chord#: 128 In build_straw_man_chord_sa. tolerance = 1, sa_iterations = 1000, initial_temperature = 3.0, cooling_rate = 0.999
26 - INFO - chord#: 126 done. best_score=157.0, changed=612, unchanged=210, early_stops=8/8
26 - INFO - chord#: 128 In build_straw_man_chord_sa. tolerance = 1, sa_iterations = 1000, initial_temperature = 3.0, cooling_rate = 0.999
26 - INFO - chord#: 132 done. best_score=27.0, changed=529, unchanged=505, early_stops=8/8
26 - INFO - chord#: 136 In build_straw_man_chord_sa. tolerance = 1, sa_iterations = 1000, initial_temperature = 3.0, cooling_rate = 0.999
26 - INFO - chord#: 108 done. best_score=27.0, changed=518, unchanged=421, early_stops=8/8
26 - INFO - chord#: 112 In build_straw_man_chord_sa. tolerance = 1, sa_iterations = 1000, initial_temperature = 3.0, cooling_rate = 0.999
26 - INFO - chord#: 132 done. best_score=27.0, changed=525, unchanged=634, early_stops=8/8
26 - INFO - chord#: 136 In build_straw_man_chord_sa. tolerance = 1, sa_iterations = 1000, initial_temperature = 3.0, cooling_rate = 0.999
26 - INFO - chord#: 128 done. best_score=27.0, changed=519, unchanged=350, early_stops=8/8
26 - INFO - chord#: 130 In build_straw_man_chord_sa. tolerance = 1, sa_iterations = 1000, initial_temperature = 3.0, cooling_rate = 0.999
26 - INFO - chord#: 108 done. best_score=27.0, changed=523, unchanged=497, early_stops=8/8
26 - INFO - chord#: 112 In build_straw_man_chord_sa. tolerance = 1, sa_iterations = 1000, initial_temperature = 3.0, cooling_rate = 0.999
26 - INFO - chord#: 128 done. best_score=27.0, changed=516, unchanged=340, early_stops=8/8
26 - INFO - chord#: 130 In build_straw_man_chord_sa. tolerance = 1, sa_iterations = 1000, initial_temperature = 3.0, cooling_rate = 0.999
26 - INFO - chord#: 106 done. best_score=36.0, changed=520, unchanged=321, early_stops=8/8
26 - INFO - chord#: 108 In build_straw_man_chord_sa. tolerance = 1, sa_iterations = 1000, initial_temperature = 3.0, cooling_rate = 0.999
26 - INFO - chord#: 106 done. best_score=36.0, changed=531, unchanged=562, early_stops=8/8
26 - INFO - chord#: 108 In build_straw_man_chord_sa. tolerance = 1, sa_iterations = 1000, initial_temperature = 3.0, cooling_rate = 0.999
26 - INFO - chord#: 104 done. best_score=35.0, changed=526, unchanged=399, early_stops=8/8
26 - INFO - chord#: 106 In build_straw_man_chord_sa. tolerance = 1, sa_iterations = 1000, initial_temperature = 3.0, cooling_rate = 0.999
26 - INFO - chord#: 128 done. best_score=27.0, changed=520, unchanged=358, early_stops=8/8
26 - INFO - chord#: 130 In build_straw_man_chord_sa. tolerance = 1, sa_iterations = 1000, initial_temperature = 3.0, cooling_rate = 0.999
26 - INFO - chord#: 130 done. best_score=11.0, changed=496, unchanged=330, early_stops=8/8
26 - INFO - chord#: 132 In build_straw_man_chord_sa. tolerance = 1, sa_iterations = 1000, initial_temperature = 3.0, cooling_rate = 0.999
26 - INFO - chord#: 130 done. best_score=11.0, changed=475, unchanged=347, early_stops=8/8
26 - INFO - chord#: 132 In build_straw_man_chord_sa. tolerance = 1, sa_iterations = 1000, initial_temperature = 3.0, cooling_rate = 0.999
26 - INFO - chord#: 128 done. best_score=27.0, changed=519, unchanged=377, early_stops=8/8
26 - INFO - chord#: 130 In build_straw_man_chord_sa. tolerance = 1, sa_iterations = 1000, initial_temperature = 3.0, cooling_rate = 0.999
26 - INFO - chord#: 130 done. best_score=11.0, changed=495, unchanged=339, early_stops=8/8
26 - INFO - chord#: 132 In build_straw_man_chord_sa. tolerance = 1, sa_iterations = 1000, initial_temperature = 3.0, cooling_rate = 0.999
26 - INFO - chord#: 100 done. best_score=27.0, changed=518, unchanged=443, early_stops=8/8
26 - INFO - chord#: 104 In build_straw_man_chord_sa. tolerance = 1, sa_iterations = 1000, initial_temperature = 3.0, cooling_rate = 0.999
26 - INFO - chord#: 136 done. best_score=27.0, changed=529, unchanged=443, early_stops=8/8
26 - INFO - chord#: 138 In build_straw_man_chord_sa. tolerance = 1, sa_iterations = 1000, initial_temperature = 3.0, cooling_rate = 0.999
26 - INFO - chord#: 130 done. best_score=11.0, changed=495, unchanged=335, early_stops=8/8
26 - INFO - chord#: 132 In build_straw_man_chord_sa. tolerance = 1, sa_iterations = 1000, initial_temperature = 3.0, cooling_rate = 0.999
26 - INFO - chord#: 136 done. best_score=27.0, changed=519, unchanged=338, early_stops=8/8
26 - INFO - chord#: 138 In build_straw_man_chord_sa. tolerance = 1, sa_iterations = 1000, initial_temperature = 3.0, cooling_rate = 0.999
26 - INFO - chord#: 112 done. best_score=27.0, changed=526, unchanged=389, early_stops=8/8
26 - INFO - chord#: 116 In build_straw_man_chord_sa. tolerance = 1, sa_iterations = 1000, initial_temperature = 3.0, cooling_rate = 0.999
26 - INFO - chord#: 108 done. best_score=27.0, changed=511, unchanged=323, early_stops=8/8
26 - INFO - chord#: 112 In build_straw_man_chord_sa. tolerance = 1, sa_iterations = 1000, initial_temperature = 3.0, cooling_rate = 0.999
26 - INFO - chord#: 112 done. best_score=27.0, changed=518, unchanged=391, early_stops=8/8
26 - INFO - chord#: 116 In build_straw_man_chord_sa. tolerance = 1, sa_iterations = 1000, initial_temperature = 3.0, cooling_rate = 0.999
26 - INFO - chord#: 132 done. best_score=27.0, changed=519, unchanged=449, early_stops=8/8
26 - INFO - chord#: 136 In build_straw_man_chord_sa. tolerance = 1, sa_iterations = 1000, initial_temperature = 3.0, cooling_rate = 0.999
26 - INFO - chord#: 132 done. best_score=27.0, changed=517, unchanged=443, early_stops=8/8
26 - INFO - chord#: 136 In build_straw_man_chord_sa. tolerance = 1, sa_iterations = 1000, initial_temperature = 3.0, cooling_rate = 0.999
26 - INFO - chord#: 106 done. best_score=36.0, changed=537, unchanged=348, early_stops=8/8
26 - INFO - chord#: 108 In build_straw_man_chord_sa. tolerance = 1, sa_iterations = 1000, initial_temperature = 3.0, cooling_rate = 0.999
26 - INFO - chord#: 108 done. best_score=27.0, changed=528, unchanged=418, early_stops=8/8
26 - INFO - chord#: 112 In build_straw_man_chord_sa. tolerance = 1, sa_iterations = 1000, initial_temperature = 3.0, cooling_rate = 0.999
26 - INFO - chord#: 104 done. best_score=35.0, changed=532, unchanged=466, early_stops=8/8
26 - INFO - chord#: 106 In build_straw_man_chord_sa. tolerance = 1, sa_iterations = 1000, initial_temperature = 3.0, cooling_rate = 0.999
26 - INFO - chord#: 132 done. best_score=27.0, changed=538, unchanged=626, early_stops=8/8
26 - INFO - chord#: 136 In build_straw_man_chord_sa. tolerance = 1, sa_iterations = 1000, initial_temperature = 3.0, cooling_rate = 0.999
26 - INFO - chord#: 132 done. best_score=27.0, changed=528, unchanged=500, early_stops=8/8
26 - INFO - chord#: 136 In build_straw_man_chord_sa. tolerance = 1, sa_iterations = 1000, initial_temperature = 3.0, cooling_rate = 0.999
26 - INFO - chord#: 116 done. best_score=27.0, changed=522, unchanged=332, early_stops=8/8
26 - INFO - chord#: 118 In build_straw_man_chord_sa. tolerance = 1, sa_iterations = 1000, initial_temperature = 3.0, cooling_rate = 0.999
26 - INFO - chord#: 136 done. best_score=27.0, changed=527, unchanged=378, early_stops=8/8
26 - INFO - chord#: 138 In build_straw_man_chord_sa. tolerance = 1, sa_iterations = 1000, initial_temperature = 3.0, cooling_rate = 0.999
26 - INFO - chord#: 138 done. best_score=82.0, changed=609, unchanged=235, early_stops=8/8
26 - INFO - chord#: 140 In build_straw_man_chord_sa. tolerance = 1, sa_iterations = 1000, initial_temperature = 3.0, cooling_rate = 0.999
26 - INFO - chord#: 108 done. best_score=27.0, changed=519, unchanged=619, early_stops=8/8
26 - INFO - chord#: 112 In build_straw_man_chord_sa. tolerance = 1, sa_iterations = 1000, initial_temperature = 3.0, cooling_rate = 0.999
26 - INFO - chord#: 112 done. best_score=27.0, changed=531, unchanged=412, early_stops=8/8
26 - INFO - chord#: 116 In build_straw_man_chord_sa. tolerance = 1, sa_iterations = 1000, initial_temperature = 3.0, cooling_rate = 0.999
26 - INFO - chord#: 116 done. best_score=27.0, changed=525, unchanged=471, early_stops=8/8
26 - INFO - chord#: 118 In build_straw_man_chord_sa. tolerance = 1, sa_iterations = 1000, initial_temperature = 3.0, cooling_rate = 0.999
26 - INFO - chord#: 136 done. best_score=27.0, changed=535, unchanged=422, early_stops=8/8
26 - INFO - chord#: 138 In build_straw_man_chord_sa. tolerance = 1, sa_iterations = 1000, initial_temperature = 3.0, cooling_rate = 0.999
26 - INFO - chord#: 112 done. best_score=27.0, changed=526, unchanged=357, early_stops=8/8
26 - INFO - chord#: 116 In build_straw_man_chord_sa. tolerance = 1, sa_iterations = 1000, initial_temperature = 3.0, cooling_rate = 0.999
26 - INFO - chord#: 136 done. best_score=27.0, changed=516, unchanged=323, early_stops=8/8
26 - INFO - chord#: 138 In build_straw_man_chord_sa. tolerance = 1, sa_iterations = 1000, initial_temperature = 3.0, cooling_rate = 0.999
26 - INFO - chord#: 136 done. best_score=27.0, changed=526, unchanged=379, early_stops=8/8
26 - INFO - chord#: 138 In build_straw_man_chord_sa. tolerance = 1, sa_iterations = 1000, initial_temperature = 3.0, cooling_rate = 0.999
26 - INFO - chord#: 106 done. best_score=36.0, changed=527, unchanged=339, early_stops=8/8
26 - INFO - chord#: 108 In build_straw_man_chord_sa. tolerance = 1, sa_iterations = 1000, initial_temperature = 3.0, cooling_rate = 0.999
26 - INFO - chord#: 138 done. best_score=82.0, changed=615, unchanged=410, early_stops=8/8
26 - INFO - chord#: 140 In build_straw_man_chord_sa. tolerance = 1, sa_iterations = 1000, initial_temperature = 3.0, cooling_rate = 0.999
26 - INFO - chord#: 118 done. best_score=27.0, changed=523, unchanged=342, early_stops=8/8
26 - INFO - chord#: 120 In build_straw_man_chord_sa. tolerance = 1, sa_iterations = 1000, initial_temperature = 3.0, cooling_rate = 0.999
26 - INFO - chord#: 140 done. best_score=31.0, changed=522, unchanged=374, early_stops=8/8
26 - INFO - chord#: 142 In build_straw_man_chord_sa. tolerance = 1, sa_iterations = 1000, initial_temperature = 3.0, cooling_rate = 0.999
26 - INFO - chord#: 112 done. best_score=27.0, changed=535, unchanged=421, early_stops=8/8
26 - INFO - chord#: 116 In build_straw_man_chord_sa. tolerance = 1, sa_iterations = 1000, initial_temperature = 3.0, cooling_rate = 0.999
26 - INFO - chord#: 142 done. best_score=7.0, changed=481, unchanged=343, early_stops=8/8
26 - INFO - chord#: 144 In build_straw_man_chord_sa. tolerance = 1, sa_iterations = 1000, initial_temperature = 3.0, cooling_rate = 0.999
26 - INFO - chord#: 118 done. best_score=27.0, changed=519, unchanged=353, early_stops=8/8
26 - INFO - chord#: 120 In build_straw_man_chord_sa. tolerance = 1, sa_iterations = 1000, initial_temperature = 3.0, cooling_rate = 0.999
26 - INFO - chord#: 116 done. best_score=27.0, changed=524, unchanged=354, early_stops=8/8
26 - INFO - chord#: 118 In build_straw_man_chord_sa. tolerance = 1, sa_iterations = 1000, initial_temperature = 3.0, cooling_rate = 0.999
26 - INFO - chord#: 116 done. best_score=27.0, changed=526, unchanged=429, early_stops=8/8
26 - INFO - chord#: 118 In build_straw_man_chord_sa. tolerance = 1, sa_iterations = 1000, initial_temperature = 3.0, cooling_rate = 0.999
26 - INFO - chord#: 140 done. best_score=31.0, changed=532, unchanged=374, early_stops=8/8
26 - INFO - chord#: 142 In build_straw_man_chord_sa. tolerance = 1, sa_iterations = 1000, initial_temperature = 3.0, cooling_rate = 0.999
26 - INFO - chord#: 108 done. best_score=27.0, changed=530, unchanged=463, early_stops=8/8
26 - INFO - chord#: 112 In build_straw_man_chord_sa. tolerance = 1, sa_iterations = 1000, initial_temperature = 3.0, cooling_rate = 0.999
26 - INFO - chord#: 142 done. best_score=7.0, changed=499, unchanged=321, early_stops=8/8
26 - INFO - chord#: 144 In build_straw_man_chord_sa. tolerance = 1, sa_iterations = 1000, initial_temperature = 3.0, cooling_rate = 0.999
26 - INFO - chord#: 120 done. best_score=27.0, changed=512, unchanged=324, early_stops=8/8
26 - INFO - chord#: 122 In build_straw_man_chord_sa. tolerance = 1, sa_iterations = 1000, initial_temperature = 3.0, cooling_rate = 0.999
26 - INFO - chord#: 144 done. best_score=27.0, changed=520, unchanged=396, early_stops=8/8
26 - INFO - chord#: 146 In build_straw_man_chord_sa. tolerance = 1, sa_iterations = 1000, initial_temperature = 3.0, cooling_rate = 0.999
26 - INFO - chord#: 138 done. best_score=82.0, changed=616, unchanged=386, early_stops=8/8
26 - INFO - chord#: 140 In build_straw_man_chord_sa. tolerance = 1, sa_iterations = 1000, initial_temperature = 3.0, cooling_rate = 0.999
26 - INFO - chord#: 116 done. best_score=27.0, changed=521, unchanged=385, early_stops=8/8
26 - INFO - chord#: 118 In build_straw_man_chord_sa. tolerance = 1, sa_iterations = 1000, initial_temperature = 3.0, cooling_rate = 0.999
26 - INFO - chord#: 138 done. best_score=82.0, changed=613, unchanged=269, early_stops=8/8
26 - INFO - chord#: 140 In build_straw_man_chord_sa. tolerance = 1, sa_iterations = 1000, initial_temperature = 3.0, cooling_rate = 0.999
26 - INFO - chord#: 138 done. best_score=82.0, changed=619, unchanged=360, early_stops=8/8
26 - INFO - chord#: 140 In build_straw_man_chord_sa. tolerance = 1, sa_iterations = 1000, initial_temperature = 3.0, cooling_rate = 0.999
26 - INFO - chord#: 118 done. best_score=27.0, changed=520, unchanged=377, early_stops=8/8
26 - INFO - chord#: 120 In build_straw_man_chord_sa. tolerance = 1, sa_iterations = 1000, initial_temperature = 3.0, cooling_rate = 0.999
26 - INFO - chord#: 144 done. best_score=27.0, changed=527, unchanged=348, early_stops=8/8
26 - INFO - chord#: 146 In build_straw_man_chord_sa. tolerance = 1, sa_iterations = 1000, initial_temperature = 3.0, cooling_rate = 0.999
26 - INFO - chord#: 120 done. best_score=27.0, changed=516, unchanged=410, early_stops=8/8
26 - INFO - chord#: 122 In build_straw_man_chord_sa. tolerance = 1, sa_iterations = 1000, initial_temperature = 3.0, cooling_rate = 0.999
26 - INFO - chord#: 118 done. best_score=27.0, changed=521, unchanged=405, early_stops=8/8
26 - INFO - chord#: 120 In build_straw_man_chord_sa. tolerance = 1, sa_iterations = 1000, initial_temperature = 3.0, cooling_rate = 0.999
26 - INFO - chord#: 140 done. best_score=31.0, changed=521, unchanged=321, early_stops=8/8
26 - INFO - chord#: 142 In build_straw_man_chord_sa. tolerance = 1, sa_iterations = 1000, initial_temperature = 3.0, cooling_rate = 0.999
26 - INFO - chord#: 118 done. best_score=27.0, changed=518, unchanged=344, early_stops=8/8
26 - INFO - chord#: 120 In build_straw_man_chord_sa. tolerance = 1, sa_iterations = 1000, initial_temperature = 3.0, cooling_rate = 0.999
26 - INFO - chord#: 112 done. best_score=27.0, changed=526, unchanged=434, early_stops=8/8
26 - INFO - chord#: 116 In build_straw_man_chord_sa. tolerance = 1, sa_iterations = 1000, initial_temperature = 3.0, cooling_rate = 0.999
26 - INFO - chord#: 138 done. best_score=120.0, changed=614, unchanged=334, early_stops=8/8
26 - INFO - chord#: 140 In build_straw_man_chord_sa. tolerance = 1, sa_iterations = 1000, initial_temperature = 3.0, cooling_rate = 0.999
26 - INFO - chord#: 142 done. best_score=7.0, changed=513, unchanged=310, early_stops=8/8
26 - INFO - chord#: 144 In build_straw_man_chord_sa. tolerance = 1, sa_iterations = 1000, initial_temperature = 3.0, cooling_rate = 0.999
26 - INFO - chord#: 140 done. best_score=31.0, changed=532, unchanged=341, early_stops=8/8
26 - INFO - chord#: 142 In build_straw_man_chord_sa. tolerance = 1, sa_iterations = 1000, initial_temperature = 3.0, cooling_rate = 0.999
26 - INFO - chord#: 140 done. best_score=31.0, changed=525, unchanged=303, early_stops=8/8
26 - INFO - chord#: 142 In build_straw_man_chord_sa. tolerance = 1, sa_iterations = 1000, initial_temperature = 3.0, cooling_rate = 0.999
26 - INFO - chord#: 142 done. best_score=7.0, changed=496, unchanged=328, early_stops=8/8
26 - INFO - chord#: 144 In build_straw_man_chord_sa. tolerance = 1, sa_iterations = 1000, initial_temperature = 3.0, cooling_rate = 0.999
26 - INFO - chord#: 142 done. best_score=7.0, changed=494, unchanged=320, early_stops=8/8
26 - INFO - chord#: 144 In build_straw_man_chord_sa. tolerance = 1, sa_iterations = 1000, initial_temperature = 3.0, cooling_rate = 0.999
26 - INFO - chord#: 120 done. best_score=27.0, changed=517, unchanged=404, early_stops=8/8
26 - INFO - chord#: 122 In build_straw_man_chord_sa. tolerance = 1, sa_iterations = 1000, initial_temperature = 3.0, cooling_rate = 0.999
26 - INFO - chord#: 120 done. best_score=27.0, changed=514, unchanged=407, early_stops=8/8
26 - INFO - chord#: 122 In build_straw_man_chord_sa. tolerance = 1, sa_iterations = 1000, initial_temperature = 3.0, cooling_rate = 0.999
26 - INFO - chord#: 144 done. best_score=27.0, changed=523, unchanged=349, early_stops=8/8
26 - INFO - chord#: 146 In build_straw_man_chord_sa. tolerance = 1, sa_iterations = 1000, initial_temperature = 3.0, cooling_rate = 0.999
26 - INFO - chord#: 140 done. best_score=31.0, changed=516, unchanged=310, early_stops=8/8
26 - INFO - chord#: 142 In build_straw_man_chord_sa. tolerance = 1, sa_iterations = 1000, initial_temperature = 3.0, cooling_rate = 0.999
26 - INFO - chord#: 120 done. best_score=27.0, changed=529, unchanged=486, early_stops=8/8
26 - INFO - chord#: 122 In build_straw_man_chord_sa. tolerance = 1, sa_iterations = 1000, initial_temperature = 3.0, cooling_rate = 0.999
26 - INFO - chord#: 116 done. best_score=27.0, changed=518, unchanged=433, early_stops=8/8
26 - INFO - chord#: 118 In build_straw_man_chord_sa. tolerance = 1, sa_iterations = 1000, initial_temperature = 3.0, cooling_rate = 0.999
26 - INFO - chord#: 122 done. best_score=135.0, changed=609, unchanged=243, early_stops=8/8
26 - INFO - chord#: 124 In build_straw_man_chord_sa. tolerance = 1, sa_iterations = 1000, initial_temperature = 3.0, cooling_rate = 0.999
26 - INFO - chord#: 144 done. best_score=27.0, changed=522, unchanged=349, early_stops=8/8
26 - INFO - chord#: 146 In build_straw_man_chord_sa. tolerance = 1, sa_iterations = 1000, initial_temperature = 3.0, cooling_rate = 0.999
26 - INFO - chord#: 144 done. best_score=27.0, changed=527, unchanged=357, early_stops=8/8
26 - INFO - chord#: 146 In build_straw_man_chord_sa. tolerance = 1, sa_iterations = 1000, initial_temperature = 3.0, cooling_rate = 0.999
26 - INFO - chord#: 142 done. best_score=7.0, changed=508, unchanged=297, early_stops=8/8
26 - INFO - chord#: 144 In build_straw_man_chord_sa. tolerance = 1, sa_iterations = 1000, initial_temperature = 3.0, cooling_rate = 0.999
26 - INFO - chord#: 146 done. best_score=67.0, changed=613, unchanged=411, early_stops=8/8
26 - INFO - chord#: 148 In build_straw_man_chord_sa. tolerance = 1, sa_iterations = 1000, initial_temperature = 3.0, cooling_rate = 0.999
26 - INFO - chord#: 146 done. best_score=96.0, changed=614, unchanged=245, early_stops=8/8
26 - INFO - chord#: 148 In build_straw_man_chord_sa. tolerance = 1, sa_iterations = 1000, initial_temperature = 3.0, cooling_rate = 0.999
26 - INFO - chord#: 118 done. best_score=27.0, changed=533, unchanged=399, early_stops=8/8
26 - INFO - chord#: 120 In build_straw_man_chord_sa. tolerance = 1, sa_iterations = 1000, initial_temperature = 3.0, cooling_rate = 0.999
26 - INFO - chord#: 144 done. best_score=27.0, changed=524, unchanged=382, early_stops=8/8
26 - INFO - chord#: 146 In build_straw_man_chord_sa. tolerance = 1, sa_iterations = 1000, initial_temperature = 3.0, cooling_rate = 0.999
26 - INFO - chord#: 148 done. best_score=27.0, changed=519, unchanged=367, early_stops=8/8
26 - INFO - chord#: 122 done. best_score=95.0, changed=613, unchanged=393, early_stops=8/8
26 - INFO - chord#: 124 In build_straw_man_chord_sa. tolerance = 1, sa_iterations = 1000, initial_temperature = 3.0, cooling_rate = 0.999
26 - INFO - chord#: 124 done. best_score=27.0, changed=527, unchanged=483, early_stops=8/8
26 - INFO - chord#: 126 In build_straw_man_chord_sa. tolerance = 1, sa_iterations = 1000, initial_temperature = 3.0, cooling_rate = 0.999
26 - INFO - chord#: 148 done. best_score=27.0, changed=520, unchanged=468, early_stops=8/8
26 - INFO - chord#: 122 done. best_score=124.0, changed=607, unchanged=300, early_stops=8/8
26 - INFO - chord#: 124 In build_straw_man_chord_sa. tolerance = 1, sa_iterations = 1000, initial_temperature = 3.0, cooling_rate = 0.999
26 - INFO - chord#: 146 done. best_score=157.0, changed=607, unchanged=220, early_stops=8/8
26 - INFO - chord#: 148 In build_straw_man_chord_sa. tolerance = 1, sa_iterations = 1000, initial_temperature = 3.0, cooling_rate = 0.999
26 - INFO - chord#: 122 done. best_score=95.0, changed=611, unchanged=407, early_stops=8/8
26 - INFO - chord#: 124 In build_straw_man_chord_sa. tolerance = 1, sa_iterations = 1000, initial_temperature = 3.0, cooling_rate = 0.999
26 - INFO - chord#: 120 done. best_score=27.0, changed=523, unchanged=476, early_stops=8/8
26 - INFO - chord#: 122 In build_straw_man_chord_sa. tolerance = 1, sa_iterations = 1000, initial_temperature = 3.0, cooling_rate = 0.999
26 - INFO - chord#: 122 done. best_score=90.0, changed=614, unchanged=376, early_stops=8/8
26 - INFO - chord#: 124 In build_straw_man_chord_sa. tolerance = 1, sa_iterations = 1000, initial_temperature = 3.0, cooling_rate = 0.999
26 - INFO - chord#: 146 done. best_score=67.0, changed=613, unchanged=326, early_stops=8/8
26 - INFO - chord#: 148 In build_straw_man_chord_sa. tolerance = 1, sa_iterations = 1000, initial_temperature = 3.0, cooling_rate = 0.999
26 - INFO - chord#: 146 done. best_score=96.0, changed=617, unchanged=453, early_stops=8/8
26 - INFO - chord#: 148 In build_straw_man_chord_sa. tolerance = 1, sa_iterations = 1000, initial_temperature = 3.0, cooling_rate = 0.999
26 - INFO - chord#: 124 done. best_score=27.0, changed=526, unchanged=514, early_stops=8/8
26 - INFO - chord#: 126 In build_straw_man_chord_sa. tolerance = 1, sa_iterations = 1000, initial_temperature = 3.0, cooling_rate = 0.999
26 - INFO - chord#: 124 done. best_score=27.0, changed=521, unchanged=553, early_stops=8/8
26 - INFO - chord#: 126 In build_straw_man_chord_sa. tolerance = 1, sa_iterations = 1000, initial_temperature = 3.0, cooling_rate = 0.999
26 - INFO - chord#: 148 done. best_score=27.0, changed=534, unchanged=568, early_stops=8/8
26 - INFO - chord#: 148 done. best_score=27.0, changed=518, unchanged=424, early_stops=8/8
26 - INFO - chord#: 148 done. best_score=27.0, changed=519, unchanged=349, early_stops=8/8
26 - INFO - chord#: 124 done. best_score=27.0, changed=531, unchanged=525, early_stops=8/8
26 - INFO - chord#: 126 In build_straw_man_chord_sa. tolerance = 1, sa_iterations = 1000, initial_temperature = 3.0, cooling_rate = 0.999
26 - INFO - chord#: 124 done. best_score=27.0, changed=521, unchanged=424, early_stops=8/8
26 - INFO - chord#: 126 In build_straw_man_chord_sa. tolerance = 1, sa_iterations = 1000, initial_temperature = 3.0, cooling_rate = 0.999
26 - INFO - chord#: 126 done. best_score=94.0, changed=613, unchanged=336, early_stops=8/8
26 - INFO - chord#: 128 In build_straw_man_chord_sa. tolerance = 1, sa_iterations = 1000, initial_temperature = 3.0, cooling_rate = 0.999
26 - INFO - chord#: 146 done. best_score=67.0, changed=615, unchanged=526, early_stops=8/8
26 - INFO - chord#: 148 In build_straw_man_chord_sa. tolerance = 1, sa_iterations = 1000, initial_temperature = 3.0, cooling_rate = 0.999
26 - INFO - chord#: 148 done. best_score=27.0, changed=514, unchanged=304, early_stops=8/8
26 - INFO - chord#: 128 done. best_score=27.0, changed=525, unchanged=449, early_stops=8/8
26 - INFO - chord#: 130 In build_straw_man_chord_sa. tolerance = 1, sa_iterations = 1000, initial_temperature = 3.0, cooling_rate = 0.999
26 - INFO - chord#: 126 done. best_score=96.0, changed=612, unchanged=299, early_stops=8/8
26 - INFO - chord#: 128 In build_straw_man_chord_sa. tolerance = 1, sa_iterations = 1000, initial_temperature = 3.0, cooling_rate = 0.999
26 - INFO - chord#: 130 done. best_score=11.0, changed=479, unchanged=360, early_stops=8/8
26 - INFO - chord#: 132 In build_straw_man_chord_sa. tolerance = 1, sa_iterations = 1000, initial_temperature = 3.0, cooling_rate = 0.999
26 - INFO - chord#: 122 done. best_score=90.0, changed=613, unchanged=469, early_stops=8/8
26 - INFO - chord#: 124 In build_straw_man_chord_sa. tolerance = 1, sa_iterations = 1000, initial_temperature = 3.0, cooling_rate = 0.999
26 - INFO - chord#: 126 done. best_score=93.0, changed=611, unchanged=342, early_stops=8/8
26 - INFO - chord#: 128 In build_straw_man_chord_sa. tolerance = 1, sa_iterations = 1000, initial_temperature = 3.0, cooling_rate = 0.999
26 - INFO - chord#: 126 done. best_score=94.0, changed=618, unchanged=491, early_stops=8/8
26 - INFO - chord#: 128 In build_straw_man_chord_sa. tolerance = 1, sa_iterations = 1000, initial_temperature = 3.0, cooling_rate = 0.999
26 - INFO - chord#: 126 done. best_score=93.0, changed=617, unchanged=435, early_stops=8/8
26 - INFO - chord#: 128 In build_straw_man_chord_sa. tolerance = 1, sa_iterations = 1000, initial_temperature = 3.0, cooling_rate = 0.999
26 - INFO - chord#: 128 done. best_score=27.0, changed=521, unchanged=345, early_stops=8/8
26 - INFO - chord#: 130 In build_straw_man_chord_sa. tolerance = 1, sa_iterations = 1000, initial_temperature = 3.0, cooling_rate = 0.999
26 - INFO - chord#: 132 done. best_score=27.0, changed=520, unchanged=383, early_stops=8/8
26 - INFO - chord#: 136 In build_straw_man_chord_sa. tolerance = 1, sa_iterations = 1000, initial_temperature = 3.0, cooling_rate = 0.999
26 - INFO - chord#: 124 done. best_score=27.0, changed=525, unchanged=531, early_stops=8/8
26 - INFO - chord#: 126 In build_straw_man_chord_sa. tolerance = 1, sa_iterations = 1000, initial_temperature = 3.0, cooling_rate = 0.999
26 - INFO - chord#: 130 done. best_score=11.0, changed=488, unchanged=369, early_stops=8/8
26 - INFO - chord#: 132 In build_straw_man_chord_sa. tolerance = 1, sa_iterations = 1000, initial_temperature = 3.0, cooling_rate = 0.999
26 - INFO - chord#: 128 done. best_score=27.0, changed=522, unchanged=437, early_stops=8/8
26 - INFO - chord#: 130 In build_straw_man_chord_sa. tolerance = 1, sa_iterations = 1000, initial_temperature = 3.0, cooling_rate = 0.999
26 - INFO - chord#: 128 done. best_score=27.0, changed=530, unchanged=427, early_stops=8/8
26 - INFO - chord#: 130 In build_straw_man_chord_sa. tolerance = 1, sa_iterations = 1000, initial_temperature = 3.0, cooling_rate = 0.999
26 - INFO - chord#: 128 done. best_score=27.0, changed=520, unchanged=466, early_stops=8/8
26 - INFO - chord#: 130 In build_straw_man_chord_sa. tolerance = 1, sa_iterations = 1000, initial_temperature = 3.0, cooling_rate = 0.999
26 - INFO - chord#: 130 done. best_score=11.0, changed=490, unchanged=353, early_stops=8/8
26 - INFO - chord#: 132 In build_straw_man_chord_sa. tolerance = 1, sa_iterations = 1000, initial_temperature = 3.0, cooling_rate = 0.999
26 - INFO - chord#: 130 done. best_score=11.0, changed=480, unchanged=344, early_stops=8/8
26 - INFO - chord#: 132 In build_straw_man_chord_sa. tolerance = 1, sa_iterations = 1000, initial_temperature = 3.0, cooling_rate = 0.999
26 - INFO - chord#: 130 done. best_score=11.0, changed=484, unchanged=353, early_stops=8/8
26 - INFO - chord#: 132 In build_straw_man_chord_sa. tolerance = 1, sa_iterations = 1000, initial_temperature = 3.0, cooling_rate = 0.999
26 - INFO - chord#: 136 done. best_score=27.0, changed=528, unchanged=364, early_stops=8/8
26 - INFO - chord#: 138 In build_straw_man_chord_sa. tolerance = 1, sa_iterations = 1000, initial_temperature = 3.0, cooling_rate = 0.999
26 - INFO - chord#: 132 done. best_score=27.0, changed=515, unchanged=363, early_stops=8/8
26 - INFO - chord#: 136 In build_straw_man_chord_sa. tolerance = 1, sa_iterations = 1000, initial_temperature = 3.0, cooling_rate = 0.999
26 - INFO - chord#: 132 done. best_score=27.0, changed=525, unchanged=528, early_stops=8/8
26 - INFO - chord#: 136 In build_straw_man_chord_sa. tolerance = 1, sa_iterations = 1000, initial_temperature = 3.0, cooling_rate = 0.999
26 - INFO - chord#: 132 done. best_score=27.0, changed=520, unchanged=476, early_stops=8/8
26 - INFO - chord#: 136 In build_straw_man_chord_sa. tolerance = 1, sa_iterations = 1000, initial_temperature = 3.0, cooling_rate = 0.999
26 - INFO - chord#: 136 done. best_score=27.0, changed=518, unchanged=345, early_stops=8/8
26 - INFO - chord#: 138 In build_straw_man_chord_sa. tolerance = 1, sa_iterations = 1000, initial_temperature = 3.0, cooling_rate = 0.999
26 - INFO - chord#: 132 done. best_score=27.0, changed=522, unchanged=528, early_stops=8/8
26 - INFO - chord#: 136 In build_straw_man_chord_sa. tolerance = 1, sa_iterations = 1000, initial_temperature = 3.0, cooling_rate = 0.999
26 - INFO - chord#: 126 done. best_score=96.0, changed=616, unchanged=405, early_stops=8/8
26 - INFO - chord#: 128 In build_straw_man_chord_sa. tolerance = 1, sa_iterations = 1000, initial_temperature = 3.0, cooling_rate = 0.999
26 - INFO - chord#: 138 done. best_score=120.0, changed=615, unchanged=250, early_stops=8/8
26 - INFO - chord#: 140 In build_straw_man_chord_sa. tolerance = 1, sa_iterations = 1000, initial_temperature = 3.0, cooling_rate = 0.999
26 - INFO - chord#: 136 done. best_score=27.0, changed=520, unchanged=313, early_stops=8/8
26 - INFO - chord#: 138 In build_straw_man_chord_sa. tolerance = 1, sa_iterations = 1000, initial_temperature = 3.0, cooling_rate = 0.999
26 - INFO - chord#: 136 done. best_score=27.0, changed=518, unchanged=293, early_stops=8/8
26 - INFO - chord#: 138 In build_straw_man_chord_sa. tolerance = 1, sa_iterations = 1000, initial_temperature = 3.0, cooling_rate = 0.999
26 - INFO - chord#: 136 done. best_score=27.0, changed=516, unchanged=419, early_stops=8/8
26 - INFO - chord#: 138 In build_straw_man_chord_sa. tolerance = 1, sa_iterations = 1000, initial_temperature = 3.0, cooling_rate = 0.999
26 - INFO - chord#: 128 done. best_score=27.0, changed=532, unchanged=467, early_stops=8/8
26 - INFO - chord#: 130 In build_straw_man_chord_sa. tolerance = 1, sa_iterations = 1000, initial_temperature = 3.0, cooling_rate = 0.999
26 - INFO - chord#: 140 done. best_score=31.0, changed=529, unchanged=341, early_stops=8/8
26 - INFO - chord#: 142 In build_straw_man_chord_sa. tolerance = 1, sa_iterations = 1000, initial_temperature = 3.0, cooling_rate = 0.999
26 - INFO - chord#: 130 done. best_score=11.0, changed=483, unchanged=339, early_stops=8/8
26 - INFO - chord#: 132 In build_straw_man_chord_sa. tolerance = 1, sa_iterations = 1000, initial_temperature = 3.0, cooling_rate = 0.999
26 - INFO - chord#: 142 done. best_score=7.0, changed=524, unchanged=299, early_stops=8/8
26 - INFO - chord#: 144 In build_straw_man_chord_sa. tolerance = 1, sa_iterations = 1000, initial_temperature = 3.0, cooling_rate = 0.999
26 - INFO - chord#: 138 done. best_score=82.0, changed=613, unchanged=384, early_stops=8/8
26 - INFO - chord#: 140 In build_straw_man_chord_sa. tolerance = 1, sa_iterations = 1000, initial_temperature = 3.0, cooling_rate = 0.999
26 - INFO - chord#: 132 done. best_score=27.0, changed=520, unchanged=406, early_stops=8/8
26 - INFO - chord#: 136 In build_straw_man_chord_sa. tolerance = 1, sa_iterations = 1000, initial_temperature = 3.0, cooling_rate = 0.999
26 - INFO - chord#: 144 done. best_score=27.0, changed=523, unchanged=363, early_stops=8/8
26 - INFO - chord#: 146 In build_straw_man_chord_sa. tolerance = 1, sa_iterations = 1000, initial_temperature = 3.0, cooling_rate = 0.999
26 - INFO - chord#: 138 done. best_score=120.0, changed=612, unchanged=263, early_stops=8/8
26 - INFO - chord#: 140 In build_straw_man_chord_sa. tolerance = 1, sa_iterations = 1000, initial_temperature = 3.0, cooling_rate = 0.999
26 - INFO - chord#: 138 done. best_score=82.0, changed=615, unchanged=369, early_stops=8/8
26 - INFO - chord#: 140 In build_straw_man_chord_sa. tolerance = 1, sa_iterations = 1000, initial_temperature = 3.0, cooling_rate = 0.999
26 - INFO - chord#: 138 done. best_score=124.0, changed=613, unchanged=280, early_stops=8/8
26 - INFO - chord#: 140 In build_straw_man_chord_sa. tolerance = 1, sa_iterations = 1000, initial_temperature = 3.0, cooling_rate = 0.999
26 - INFO - chord#: 140 done. best_score=31.0, changed=528, unchanged=289, early_stops=8/8
26 - INFO - chord#: 142 In build_straw_man_chord_sa. tolerance = 1, sa_iterations = 1000, initial_temperature = 3.0, cooling_rate = 0.999
26 - INFO - chord#: 142 done. best_score=7.0, changed=514, unchanged=309, early_stops=8/8
26 - INFO - chord#: 144 In build_straw_man_chord_sa. tolerance = 1, sa_iterations = 1000, initial_temperature = 3.0, cooling_rate = 0.999
26 - INFO - chord#: 136 done. best_score=27.0, changed=523, unchanged=385, early_stops=8/8
26 - INFO - chord#: 138 In build_straw_man_chord_sa. tolerance = 1, sa_iterations = 1000, initial_temperature = 3.0, cooling_rate = 0.999
26 - INFO - chord#: 140 done. best_score=31.0, changed=531, unchanged=304, early_stops=8/8
26 - INFO - chord#: 142 In build_straw_man_chord_sa. tolerance = 1, sa_iterations = 1000, initial_temperature = 3.0, cooling_rate = 0.999
26 - INFO - chord#: 140 done. best_score=31.0, changed=530, unchanged=293, early_stops=8/8
26 - INFO - chord#: 142 In build_straw_man_chord_sa. tolerance = 1, sa_iterations = 1000, initial_temperature = 3.0, cooling_rate = 0.999
26 - INFO - chord#: 140 done. best_score=36.0, changed=538, unchanged=346, early_stops=8/8
26 - INFO - chord#: 142 In build_straw_man_chord_sa. tolerance = 1, sa_iterations = 1000, initial_temperature = 3.0, cooling_rate = 0.999
26 - INFO - chord#: 142 done. best_score=7.0, changed=482, unchanged=331, early_stops=8/8
26 - INFO - chord#: 144 In build_straw_man_chord_sa. tolerance = 1, sa_iterations = 1000, initial_temperature = 3.0, cooling_rate = 0.999
26 - INFO - chord#: 142 done. best_score=7.0, changed=507, unchanged=309, early_stops=8/8
26 - INFO - chord#: 144 In build_straw_man_chord_sa. tolerance = 1, sa_iterations = 1000, initial_temperature = 3.0, cooling_rate = 0.999
26 - INFO - chord#: 142 done. best_score=7.0, changed=497, unchanged=328, early_stops=8/8
26 - INFO - chord#: 144 In build_straw_man_chord_sa. tolerance = 1, sa_iterations = 1000, initial_temperature = 3.0, cooling_rate = 0.999
26 - INFO - chord#: 144 done. best_score=27.0, changed=525, unchanged=405, early_stops=8/8
26 - INFO - chord#: 146 In build_straw_man_chord_sa. tolerance = 1, sa_iterations = 1000, initial_temperature = 3.0, cooling_rate = 0.999
26 - INFO - chord#: 144 done. best_score=27.0, changed=519, unchanged=376, early_stops=8/8
26 - INFO - chord#: 146 In build_straw_man_chord_sa. tolerance = 1, sa_iterations = 1000, initial_temperature = 3.0, cooling_rate = 0.999
26 - INFO - chord#: 144 done. best_score=27.0, changed=519, unchanged=296, early_stops=8/8
26 - INFO - chord#: 146 In build_straw_man_chord_sa. tolerance = 1, sa_iterations = 1000, initial_temperature = 3.0, cooling_rate = 0.999
26 - INFO - chord#: 144 done. best_score=27.0, changed=526, unchanged=435, early_stops=8/8
26 - INFO - chord#: 146 In build_straw_man_chord_sa. tolerance = 1, sa_iterations = 1000, initial_temperature = 3.0, cooling_rate = 0.999
26 - INFO - chord#: 146 done. best_score=67.0, changed=612, unchanged=373, early_stops=8/8
26 - INFO - chord#: 148 In build_straw_man_chord_sa. tolerance = 1, sa_iterations = 1000, initial_temperature = 3.0, cooling_rate = 0.999
26 - INFO - chord#: 138 done. best_score=82.0, changed=610, unchanged=267, early_stops=8/8
26 - INFO - chord#: 140 In build_straw_man_chord_sa. tolerance = 1, sa_iterations = 1000, initial_temperature = 3.0, cooling_rate = 0.999
26 - INFO - chord#: 148 done. best_score=27.0, changed=522, unchanged=515, early_stops=8/8
26 - INFO - chord#: 146 done. best_score=67.0, changed=609, unchanged=320, early_stops=8/8
26 - INFO - chord#: 148 In build_straw_man_chord_sa. tolerance = 1, sa_iterations = 1000, initial_temperature = 3.0, cooling_rate = 0.999
26 - INFO - chord#: 140 done. best_score=31.0, changed=523, unchanged=317, early_stops=8/8
26 - INFO - chord#: 142 In build_straw_man_chord_sa. tolerance = 1, sa_iterations = 1000, initial_temperature = 3.0, cooling_rate = 0.999
26 - INFO - chord#: 142 done. best_score=7.0, changed=514, unchanged=312, early_stops=8/8
26 - INFO - chord#: 144 In build_straw_man_chord_sa. tolerance = 1, sa_iterations = 1000, initial_temperature = 3.0, cooling_rate = 0.999
26 - INFO - chord#: 146 done. best_score=67.0, changed=614, unchanged=293, early_stops=8/8
26 - INFO - chord#: 148 In build_straw_man_chord_sa. tolerance = 1, sa_iterations = 1000, initial_temperature = 3.0, cooling_rate = 0.999
26 - INFO - chord#: 146 done. best_score=67.0, changed=606, unchanged=350, early_stops=8/8
26 - INFO - chord#: 148 In build_straw_man_chord_sa. tolerance = 1, sa_iterations = 1000, initial_temperature = 3.0, cooling_rate = 0.999
26 - INFO - chord#: 146 done. best_score=67.0, changed=615, unchanged=374, early_stops=8/8
26 - INFO - chord#: 148 In build_straw_man_chord_sa. tolerance = 1, sa_iterations = 1000, initial_temperature = 3.0, cooling_rate = 0.999
26 - INFO - chord#: 148 done. best_score=27.0, changed=525, unchanged=351, early_stops=8/8
26 - INFO - chord#: 144 done. best_score=27.0, changed=518, unchanged=365, early_stops=8/8
26 - INFO - chord#: 146 In build_straw_man_chord_sa. tolerance = 1, sa_iterations = 1000, initial_temperature = 3.0, cooling_rate = 0.999
26 - INFO - chord#: 148 done. best_score=27.0, changed=511, unchanged=351, early_stops=8/8
26 - INFO - chord#: 148 done. best_score=27.0, changed=520, unchanged=430, early_stops=8/8
26 - INFO - chord#: 148 done. best_score=27.0, changed=523, unchanged=407, early_stops=8/8
26 - INFO - chord#: 146 done. best_score=67.0, changed=610, unchanged=348, early_stops=8/8
26 - INFO - chord#: 148 In build_straw_man_chord_sa. tolerance = 1, sa_iterations = 1000, initial_temperature = 3.0, cooling_rate = 0.999
26 - INFO - chord#: 148 done. best_score=27.0, changed=520, unchanged=393, early_stops=8/8
26 - INFO - chord#: 0 In build_straw_man_chord_sa. tolerance = 1, sa_iterations = 1000, initial_temperature = 3.0, cooling_rate = 0.999
26 - INFO - chord#: 0 In build_straw_man_chord_sa. tolerance = 1, sa_iterations = 1000, initial_temperature = 3.0, cooling_rate = 0.999
26 - INFO - chord#: 0 In build_straw_man_chord_sa. tolerance = 1, sa_iterations = 1000, initial_temperature = 3.0, cooling_rate = 0.999
26 - INFO - chord#: 0 In build_straw_man_chord_sa. tolerance = 1, sa_iterations = 1000, initial_temperature = 3.0, cooling_rate = 0.999
26 - INFO - chord#: 0 In build_straw_man_chord_sa. tolerance = 1, sa_iterations = 1000, initial_temperature = 3.0, cooling_rate = 0.999
26 - INFO - chord#: 0 In build_straw_man_chord_sa. tolerance = 1, sa_iterations = 1000, initial_temperature = 3.0, cooling_rate = 0.999
26 - INFO - chord#: 0 In build_straw_man_chord_sa. tolerance = 1, sa_iterations = 1000, initial_temperature = 3.0, cooling_rate = 0.999
26 - INFO - chord#: 0 In build_straw_man_chord_sa. tolerance = 1, sa_iterations = 1000, initial_temperature = 3.0, cooling_rate = 0.999
26 - INFO - chord#: 0 In build_straw_man_chord_sa. tolerance = 1, sa_iterations = 1000, initial_temperature = 3.0, cooling_rate = 0.999
26 - INFO - chord#: 0 In build_straw_man_chord_sa. tolerance = 1, sa_iterations = 1000, initial_temperature = 3.0, cooling_rate = 0.999
26 - INFO - chord#: 0 In build_straw_man_chord_sa. tolerance = 1, sa_iterations = 1000, initial_temperature = 3.0, cooling_rate = 0.999
26 - INFO - chord#: 0 In build_straw_man_chord_sa. tolerance = 1, sa_iterations = 1000, initial_temperature = 3.0, cooling_rate = 0.999
26 - INFO - chord#: 0 done. best_score=27.0, changed=512, unchanged=388, early_stops=8/8
26 - INFO - chord#: 4 In build_straw_man_chord_sa. tolerance = 1, sa_iterations = 1000, initial_temperature = 3.0, cooling_rate = 0.999
26 - INFO - chord#: 0 done. best_score=27.0, changed=526, unchanged=392, early_stops=8/8
26 - INFO - chord#: 4 In build_straw_man_chord_sa. tolerance = 1, sa_iterations = 1000, initial_temperature = 3.0, cooling_rate = 0.999
26 - INFO - chord#: 0 done. best_score=27.0, changed=525, unchanged=431, early_stops=8/8
26 - INFO - chord#: 4 In build_straw_man_chord_sa. tolerance = 1, sa_iterations = 1000, initial_temperature = 3.0, cooling_rate = 0.999
26 - INFO - chord#: 0 done. best_score=27.0, changed=525, unchanged=379, early_stops=8/8
26 - INFO - chord#: 4 In build_straw_man_chord_sa. tolerance = 1, sa_iterations = 1000, initial_temperature = 3.0, cooling_rate = 0.999
26 - INFO - chord#: 0 done. best_score=27.0, changed=516, unchanged=515, early_stops=8/8
26 - INFO - chord#: 4 In build_straw_man_chord_sa. tolerance = 1, sa_iterations = 1000, initial_temperature = 3.0, cooling_rate = 0.999
26 - INFO - chord#: 0 done. best_score=27.0, changed=514, unchanged=332, early_stops=8/8
26 - INFO - chord#: 4 In build_straw_man_chord_sa. tolerance = 1, sa_iterations = 1000, initial_temperature = 3.0, cooling_rate = 0.999
26 - INFO - chord#: 0 done. best_score=27.0, changed=515, unchanged=523, early_stops=8/8
26 - INFO - chord#: 4 In build_straw_man_chord_sa. tolerance = 1, sa_iterations = 1000, initial_temperature = 3.0, cooling_rate = 0.999
26 - INFO - chord#: 0 done. best_score=27.0, changed=515, unchanged=330, early_stops=8/8
26 - INFO - chord#: 4 In build_straw_man_chord_sa. tolerance = 1, sa_iterations = 1000, initial_temperature = 3.0, cooling_rate = 0.999
26 - INFO - chord#: 0 done. best_score=27.0, changed=517, unchanged=346, early_stops=8/8
26 - INFO - chord#: 4 In build_straw_man_chord_sa. tolerance = 1, sa_iterations = 1000, initial_temperature = 3.0, cooling_rate = 0.999
26 - INFO - chord#: 0 done. best_score=27.0, changed=517, unchanged=425, early_stops=8/8
26 - INFO - chord#: 4 In build_straw_man_chord_sa. tolerance = 1, sa_iterations = 1000, initial_temperature = 3.0, cooling_rate = 0.999
26 - INFO - chord#: 0 done. best_score=27.0, changed=524, unchanged=470, early_stops=8/8
26 - INFO - chord#: 4 In build_straw_man_chord_sa. tolerance = 1, sa_iterations = 1000, initial_temperature = 3.0, cooling_rate = 0.999
26 - INFO - chord#: 0 done. best_score=27.0, changed=533, unchanged=514, early_stops=8/8
26 - INFO - chord#: 4 In build_straw_man_chord_sa. tolerance = 1, sa_iterations = 1000, initial_temperature = 3.0, cooling_rate = 0.999
26 - INFO - chord#: 4 done. best_score=27.0, changed=520, unchanged=356, early_stops=8/8
26 - INFO - chord#: 6 In build_straw_man_chord_sa. tolerance = 1, sa_iterations = 1000, initial_temperature = 3.0, cooling_rate = 0.999
26 - INFO - chord#: 4 done. best_score=27.0, changed=534, unchanged=348, early_stops=8/8
26 - INFO - chord#: 6 In build_straw_man_chord_sa. tolerance = 1, sa_iterations = 1000, initial_temperature = 3.0, cooling_rate = 0.999
26 - INFO - chord#: 4 done. best_score=27.0, changed=529, unchanged=407, early_stops=8/8
26 - INFO - chord#: 6 In build_straw_man_chord_sa. tolerance = 1, sa_iterations = 1000, initial_temperature = 3.0, cooling_rate = 0.999
26 - INFO - chord#: 4 done. best_score=27.0, changed=517, unchanged=361, early_stops=8/8
26 - INFO - chord#: 6 In build_straw_man_chord_sa. tolerance = 1, sa_iterations = 1000, initial_temperature = 3.0, cooling_rate = 0.999
26 - INFO - chord#: 4 done. best_score=27.0, changed=522, unchanged=410, early_stops=8/8
26 - INFO - chord#: 6 In build_straw_man_chord_sa. tolerance = 1, sa_iterations = 1000, initial_temperature = 3.0, cooling_rate = 0.999
26 - INFO - chord#: 4 done. best_score=27.0, changed=531, unchanged=319, early_stops=8/8
26 - INFO - chord#: 6 In build_straw_man_chord_sa. tolerance = 1, sa_iterations = 1000, initial_temperature = 3.0, cooling_rate = 0.999
26 - INFO - chord#: 4 done. best_score=27.0, changed=523, unchanged=309, early_stops=8/8
26 - INFO - chord#: 6 In build_straw_man_chord_sa. tolerance = 1, sa_iterations = 1000, initial_temperature = 3.0, cooling_rate = 0.999
26 - INFO - chord#: 4 done. best_score=27.0, changed=530, unchanged=329, early_stops=8/8
26 - INFO - chord#: 6 In build_straw_man_chord_sa. tolerance = 1, sa_iterations = 1000, initial_temperature = 3.0, cooling_rate = 0.999
26 - INFO - chord#: 4 done. best_score=27.0, changed=516, unchanged=309, early_stops=8/8
26 - INFO - chord#: 6 In build_straw_man_chord_sa. tolerance = 1, sa_iterations = 1000, initial_temperature = 3.0, cooling_rate = 0.999
26 - INFO - chord#: 4 done. best_score=27.0, changed=520, unchanged=329, early_stops=8/8
26 - INFO - chord#: 6 In build_straw_man_chord_sa. tolerance = 1, sa_iterations = 1000, initial_temperature = 3.0, cooling_rate = 0.999
26 - INFO - chord#: 4 done. best_score=27.0, changed=529, unchanged=369, early_stops=8/8
26 - INFO - chord#: 6 In build_straw_man_chord_sa. tolerance = 1, sa_iterations = 1000, initial_temperature = 3.0, cooling_rate = 0.999
26 - INFO - chord#: 6 done. best_score=31.0, changed=525, unchanged=293, early_stops=8/8
26 - INFO - chord#: 8 In build_straw_man_chord_sa. tolerance = 1, sa_iterations = 1000, initial_temperature = 3.0, cooling_rate = 0.999
26 - INFO - chord#: 4 done. best_score=27.0, changed=529, unchanged=401, early_stops=8/8
26 - INFO - chord#: 6 In build_straw_man_chord_sa. tolerance = 1, sa_iterations = 1000, initial_temperature = 3.0, cooling_rate = 0.999
26 - INFO - chord#: 6 done. best_score=31.0, changed=522, unchanged=336, early_stops=8/8
26 - INFO - chord#: 8 In build_straw_man_chord_sa. tolerance = 1, sa_iterations = 1000, initial_temperature = 3.0, cooling_rate = 0.999
26 - INFO - chord#: 6 done. best_score=31.0, changed=532, unchanged=359, early_stops=8/8
26 - INFO - chord#: 8 In build_straw_man_chord_sa. tolerance = 1, sa_iterations = 1000, initial_temperature = 3.0, cooling_rate = 0.999
26 - INFO - chord#: 6 done. best_score=31.0, changed=529, unchanged=297, early_stops=8/8
26 - INFO - chord#: 8 In build_straw_man_chord_sa. tolerance = 1, sa_iterations = 1000, initial_temperature = 3.0, cooling_rate = 0.999
26 - INFO - chord#: 6 done. best_score=31.0, changed=539, unchanged=353, early_stops=8/8
26 - INFO - chord#: 8 In build_straw_man_chord_sa. tolerance = 1, sa_iterations = 1000, initial_temperature = 3.0, cooling_rate = 0.999
26 - INFO - chord#: 6 done. best_score=31.0, changed=521, unchanged=365, early_stops=8/8
26 - INFO - chord#: 8 In build_straw_man_chord_sa. tolerance = 1, sa_iterations = 1000, initial_temperature = 3.0, cooling_rate = 0.999
26 - INFO - chord#: 6 done. best_score=31.0, changed=537, unchanged=422, early_stops=8/8
26 - INFO - chord#: 8 In build_straw_man_chord_sa. tolerance = 1, sa_iterations = 1000, initial_temperature = 3.0, cooling_rate = 0.999
26 - INFO - chord#: 6 done. best_score=31.0, changed=525, unchanged=356, early_stops=8/8
26 - INFO - chord#: 8 In build_straw_man_chord_sa. tolerance = 1, sa_iterations = 1000, initial_temperature = 3.0, cooling_rate = 0.999
26 - INFO - chord#: 6 done. best_score=31.0, changed=524, unchanged=364, early_stops=8/8
26 - INFO - chord#: 8 In build_straw_man_chord_sa. tolerance = 1, sa_iterations = 1000, initial_temperature = 3.0, cooling_rate = 0.999
26 - INFO - chord#: 6 done. best_score=31.0, changed=541, unchanged=361, early_stops=8/8
26 - INFO - chord#: 8 In build_straw_man_chord_sa. tolerance = 1, sa_iterations = 1000, initial_temperature = 3.0, cooling_rate = 0.999
26 - INFO - chord#: 6 done. best_score=31.0, changed=521, unchanged=300, early_stops=8/8
26 - INFO - chord#: 8 In build_straw_man_chord_sa. tolerance = 1, sa_iterations = 1000, initial_temperature = 3.0, cooling_rate = 0.999
26 - INFO - chord#: 6 done. best_score=31.0, changed=529, unchanged=352, early_stops=8/8
26 - INFO - chord#: 8 In build_straw_man_chord_sa. tolerance = 1, sa_iterations = 1000, initial_temperature = 3.0, cooling_rate = 0.999
26 - INFO - chord#: 8 done. best_score=27.0, changed=524, unchanged=376, early_stops=8/8
26 - INFO - chord#: 12 In build_straw_man_chord_sa. tolerance = 1, sa_iterations = 1000, initial_temperature = 3.0, cooling_rate = 0.999
26 - INFO - chord#: 8 done. best_score=27.0, changed=526, unchanged=382, early_stops=8/8
26 - INFO - chord#: 12 In build_straw_man_chord_sa. tolerance = 1, sa_iterations = 1000, initial_temperature = 3.0, cooling_rate = 0.999
26 - INFO - chord#: 8 done. best_score=27.0, changed=523, unchanged=383, early_stops=8/8
26 - INFO - chord#: 12 In build_straw_man_chord_sa. tolerance = 1, sa_iterations = 1000, initial_temperature = 3.0, cooling_rate = 0.999
26 - INFO - chord#: 8 done. best_score=27.0, changed=516, unchanged=373, early_stops=8/8
26 - INFO - chord#: 12 In build_straw_man_chord_sa. tolerance = 1, sa_iterations = 1000, initial_temperature = 3.0, cooling_rate = 0.999
26 - INFO - chord#: 8 done. best_score=27.0, changed=518, unchanged=514, early_stops=8/8
26 - INFO - chord#: 12 In build_straw_man_chord_sa. tolerance = 1, sa_iterations = 1000, initial_temperature = 3.0, cooling_rate = 0.999
26 - INFO - chord#: 8 done. best_score=27.0, changed=521, unchanged=354, early_stops=8/8
26 - INFO - chord#: 12 In build_straw_man_chord_sa. tolerance = 1, sa_iterations = 1000, initial_temperature = 3.0, cooling_rate = 0.999
26 - INFO - chord#: 8 done. best_score=27.0, changed=518, unchanged=411, early_stops=8/8
26 - INFO - chord#: 12 In build_straw_man_chord_sa. tolerance = 1, sa_iterations = 1000, initial_temperature = 3.0, cooling_rate = 0.999
26 - INFO - chord#: 8 done. best_score=27.0, changed=524, unchanged=360, early_stops=8/8
26 - INFO - chord#: 12 In build_straw_man_chord_sa. tolerance = 1, sa_iterations = 1000, initial_temperature = 3.0, cooling_rate = 0.999
26 - INFO - chord#: 8 done. best_score=27.0, changed=522, unchanged=404, early_stops=8/8
26 - INFO - chord#: 12 In build_straw_man_chord_sa. tolerance = 1, sa_iterations = 1000, initial_temperature = 3.0, cooling_rate = 0.999
26 - INFO - chord#: 12 done. best_score=27.0, changed=521, unchanged=413, early_stops=8/8
26 - INFO - chord#: 16 In build_straw_man_chord_sa. tolerance = 1, sa_iterations = 1000, initial_temperature = 3.0, cooling_rate = 0.999
26 - INFO - chord#: 12 done. best_score=27.0, changed=529, unchanged=582, early_stops=8/8
26 - INFO - chord#: 16 In build_straw_man_chord_sa. tolerance = 1, sa_iterations = 1000, initial_temperature = 3.0, cooling_rate = 0.999
26 - INFO - chord#: 8 done. best_score=27.0, changed=520, unchanged=374, early_stops=8/8
26 - INFO - chord#: 12 In build_straw_man_chord_sa. tolerance = 1, sa_iterations = 1000, initial_temperature = 3.0, cooling_rate = 0.999
26 - INFO - chord#: 12 done. best_score=27.0, changed=519, unchanged=452, early_stops=8/8
26 - INFO - chord#: 16 In build_straw_man_chord_sa. tolerance = 1, sa_iterations = 1000, initial_temperature = 3.0, cooling_rate = 0.999
26 - INFO - chord#: 8 done. best_score=27.0, changed=518, unchanged=354, early_stops=8/8
26 - INFO - chord#: 12 In build_straw_man_chord_sa. tolerance = 1, sa_iterations = 1000, initial_temperature = 3.0, cooling_rate = 0.999
26 - INFO - chord#: 12 done. best_score=27.0, changed=521, unchanged=484, early_stops=8/8
26 - INFO - chord#: 16 In build_straw_man_chord_sa. tolerance = 1, sa_iterations = 1000, initial_temperature = 3.0, cooling_rate = 0.999
26 - INFO - chord#: 8 done. best_score=27.0, changed=525, unchanged=452, early_stops=8/8
26 - INFO - chord#: 12 In build_straw_man_chord_sa. tolerance = 1, sa_iterations = 1000, initial_temperature = 3.0, cooling_rate = 0.999
26 - INFO - chord#: 12 done. best_score=27.0, changed=529, unchanged=473, early_stops=8/8
26 - INFO - chord#: 16 In build_straw_man_chord_sa. tolerance = 1, sa_iterations = 1000, initial_temperature = 3.0, cooling_rate = 0.999
26 - INFO - chord#: 12 done. best_score=27.0, changed=526, unchanged=365, early_stops=8/8
26 - INFO - chord#: 16 In build_straw_man_chord_sa. tolerance = 1, sa_iterations = 1000, initial_temperature = 3.0, cooling_rate = 0.999
26 - INFO - chord#: 12 done. best_score=27.0, changed=518, unchanged=344, early_stops=8/8
26 - INFO - chord#: 16 In build_straw_man_chord_sa. tolerance = 1, sa_iterations = 1000, initial_temperature = 3.0, cooling_rate = 0.999
26 - INFO - chord#: 16 done. best_score=35.0, changed=525, unchanged=380, early_stops=8/8
26 - INFO - chord#: 18 In build_straw_man_chord_sa. tolerance = 1, sa_iterations = 1000, initial_temperature = 3.0, cooling_rate = 0.999
26 - INFO - chord#: 12 done. best_score=27.0, changed=518, unchanged=431, early_stops=8/8
26 - INFO - chord#: 16 In build_straw_man_chord_sa. tolerance = 1, sa_iterations = 1000, initial_temperature = 3.0, cooling_rate = 0.999
26 - INFO - chord#: 12 done. best_score=27.0, changed=518, unchanged=334, early_stops=8/8
26 - INFO - chord#: 16 In build_straw_man_chord_sa. tolerance = 1, sa_iterations = 1000, initial_temperature = 3.0, cooling_rate = 0.999
26 - INFO - chord#: 16 done. best_score=35.0, changed=520, unchanged=392, early_stops=8/8
26 - INFO - chord#: 18 In build_straw_man_chord_sa. tolerance = 1, sa_iterations = 1000, initial_temperature = 3.0, cooling_rate = 0.999
26 - INFO - chord#: 16 done. best_score=35.0, changed=533, unchanged=353, early_stops=8/8
26 - INFO - chord#: 18 In build_straw_man_chord_sa. tolerance = 1, sa_iterations = 1000, initial_temperature = 3.0, cooling_rate = 0.999
26 - INFO - chord#: 16 done. best_score=35.0, changed=524, unchanged=401, early_stops=8/8
26 - INFO - chord#: 18 In build_straw_man_chord_sa. tolerance = 1, sa_iterations = 1000, initial_temperature = 3.0, cooling_rate = 0.999
26 - INFO - chord#: 16 done. best_score=35.0, changed=535, unchanged=384, early_stops=8/8
26 - INFO - chord#: 18 In build_straw_man_chord_sa. tolerance = 1, sa_iterations = 1000, initial_temperature = 3.0, cooling_rate = 0.999
26 - INFO - chord#: 12 done. best_score=27.0, changed=523, unchanged=392, early_stops=8/8
26 - INFO - chord#: 16 In build_straw_man_chord_sa. tolerance = 1, sa_iterations = 1000, initial_temperature = 3.0, cooling_rate = 0.999
26 - INFO - chord#: 12 done. best_score=27.0, changed=518, unchanged=340, early_stops=8/8
26 - INFO - chord#: 16 In build_straw_man_chord_sa. tolerance = 1, sa_iterations = 1000, initial_temperature = 3.0, cooling_rate = 0.999
26 - INFO - chord#: 12 done. best_score=27.0, changed=533, unchanged=407, early_stops=8/8
26 - INFO - chord#: 16 In build_straw_man_chord_sa. tolerance = 1, sa_iterations = 1000, initial_temperature = 3.0, cooling_rate = 0.999
26 - INFO - chord#: 16 done. best_score=35.0, changed=522, unchanged=373, early_stops=8/8
26 - INFO - chord#: 18 In build_straw_man_chord_sa. tolerance = 1, sa_iterations = 1000, initial_temperature = 3.0, cooling_rate = 0.999
26 - INFO - chord#: 18 done. best_score=27.0, changed=531, unchanged=432, early_stops=8/8
26 - INFO - chord#: 20 In build_straw_man_chord_sa. tolerance = 1, sa_iterations = 1000, initial_temperature = 3.0, cooling_rate = 0.999
26 - INFO - chord#: 18 done. best_score=36.0, changed=523, unchanged=420, early_stops=8/8
26 - INFO - chord#: 20 In build_straw_man_chord_sa. tolerance = 1, sa_iterations = 1000, initial_temperature = 3.0, cooling_rate = 0.999
26 - INFO - chord#: 18 done. best_score=36.0, changed=518, unchanged=386, early_stops=8/8
26 - INFO - chord#: 20 In build_straw_man_chord_sa. tolerance = 1, sa_iterations = 1000, initial_temperature = 3.0, cooling_rate = 0.999
26 - INFO - chord#: 18 done. best_score=36.0, changed=520, unchanged=435, early_stops=8/8
26 - INFO - chord#: 20 In build_straw_man_chord_sa. tolerance = 1, sa_iterations = 1000, initial_temperature = 3.0, cooling_rate = 0.999
26 - INFO - chord#: 18 done. best_score=36.0, changed=531, unchanged=406, early_stops=8/8
26 - INFO - chord#: 20 In build_straw_man_chord_sa. tolerance = 1, sa_iterations = 1000, initial_temperature = 3.0, cooling_rate = 0.999
26 - INFO - chord#: 16 done. best_score=35.0, changed=523, unchanged=391, early_stops=8/8
26 - INFO - chord#: 18 In build_straw_man_chord_sa. tolerance = 1, sa_iterations = 1000, initial_temperature = 3.0, cooling_rate = 0.999
26 - INFO - chord#: 16 done. best_score=35.0, changed=520, unchanged=340, early_stops=8/8
26 - INFO - chord#: 18 In build_straw_man_chord_sa. tolerance = 1, sa_iterations = 1000, initial_temperature = 3.0, cooling_rate = 0.999
26 - INFO - chord#: 16 done. best_score=35.0, changed=527, unchanged=406, early_stops=8/8
26 - INFO - chord#: 18 In build_straw_man_chord_sa. tolerance = 1, sa_iterations = 1000, initial_temperature = 3.0, cooling_rate = 0.999
26 - INFO - chord#: 16 done. best_score=35.0, changed=527, unchanged=410, early_stops=8/8
26 - INFO - chord#: 18 In build_straw_man_chord_sa. tolerance = 1, sa_iterations = 1000, initial_temperature = 3.0, cooling_rate = 0.999
26 - INFO - chord#: 16 done. best_score=35.0, changed=522, unchanged=342, early_stops=8/8
26 - INFO - chord#: 18 In build_straw_man_chord_sa. tolerance = 1, sa_iterations = 1000, initial_temperature = 3.0, cooling_rate = 0.999
26 - INFO - chord#: 16 done. best_score=35.0, changed=522, unchanged=340, early_stops=8/8
26 - INFO - chord#: 18 In build_straw_man_chord_sa. tolerance = 1, sa_iterations = 1000, initial_temperature = 3.0, cooling_rate = 0.999
26 - INFO - chord#: 20 done. best_score=27.0, changed=518, unchanged=396, early_stops=8/8
26 - INFO - chord#: 22 In build_straw_man_chord_sa. tolerance = 1, sa_iterations = 1000, initial_temperature = 3.0, cooling_rate = 0.999
26 - INFO - chord#: 20 done. best_score=27.0, changed=523, unchanged=376, early_stops=8/8
26 - INFO - chord#: 22 In build_straw_man_chord_sa. tolerance = 1, sa_iterations = 1000, initial_temperature = 3.0, cooling_rate = 0.999
26 - INFO - chord#: 18 done. best_score=36.0, changed=523, unchanged=436, early_stops=8/8
26 - INFO - chord#: 20 In build_straw_man_chord_sa. tolerance = 1, sa_iterations = 1000, initial_temperature = 3.0, cooling_rate = 0.999
26 - INFO - chord#: 20 done. best_score=27.0, changed=522, unchanged=443, early_stops=8/8
26 - INFO - chord#: 22 In build_straw_man_chord_sa. tolerance = 1, sa_iterations = 1000, initial_temperature = 3.0, cooling_rate = 0.999
26 - INFO - chord#: 20 done. best_score=27.0, changed=527, unchanged=404, early_stops=8/8
26 - INFO - chord#: 22 In build_straw_man_chord_sa. tolerance = 1, sa_iterations = 1000, initial_temperature = 3.0, cooling_rate = 0.999
26 - INFO - chord#: 18 done. best_score=36.0, changed=526, unchanged=424, early_stops=8/8
26 - INFO - chord#: 20 In build_straw_man_chord_sa. tolerance = 1, sa_iterations = 1000, initial_temperature = 3.0, cooling_rate = 0.999
26 - INFO - chord#: 20 done. best_score=27.0, changed=518, unchanged=442, early_stops=8/8
26 - INFO - chord#: 22 In build_straw_man_chord_sa. tolerance = 1, sa_iterations = 1000, initial_temperature = 3.0, cooling_rate = 0.999
26 - INFO - chord#: 18 done. best_score=36.0, changed=535, unchanged=421, early_stops=8/8
26 - INFO - chord#: 20 In build_straw_man_chord_sa. tolerance = 1, sa_iterations = 1000, initial_temperature = 3.0, cooling_rate = 0.999
26 - INFO - chord#: 18 done. best_score=36.0, changed=535, unchanged=476, early_stops=8/8
26 - INFO - chord#: 20 In build_straw_man_chord_sa. tolerance = 1, sa_iterations = 1000, initial_temperature = 3.0, cooling_rate = 0.999
26 - INFO - chord#: 18 done. best_score=36.0, changed=544, unchanged=454, early_stops=8/8
26 - INFO - chord#: 20 In build_straw_man_chord_sa. tolerance = 1, sa_iterations = 1000, initial_temperature = 3.0, cooling_rate = 0.999
26 - INFO - chord#: 18 done. best_score=36.0, changed=515, unchanged=308, early_stops=8/8
26 - INFO - chord#: 20 In build_straw_man_chord_sa. tolerance = 1, sa_iterations = 1000, initial_temperature = 3.0, cooling_rate = 0.999
26 - INFO - chord#: 18 done. best_score=27.0, changed=514, unchanged=307, early_stops=8/8
26 - INFO - chord#: 20 In build_straw_man_chord_sa. tolerance = 1, sa_iterations = 1000, initial_temperature = 3.0, cooling_rate = 0.999
26 - INFO - chord#: 20 done. best_score=27.0, changed=521, unchanged=456, early_stops=8/8
26 - INFO - chord#: 22 In build_straw_man_chord_sa. tolerance = 1, sa_iterations = 1000, initial_temperature = 3.0, cooling_rate = 0.999
26 - INFO - chord#: 20 done. best_score=27.0, changed=523, unchanged=362, early_stops=8/8
26 - INFO - chord#: 22 In build_straw_man_chord_sa. tolerance = 1, sa_iterations = 1000, initial_temperature = 3.0, cooling_rate = 0.999
26 - INFO - chord#: 20 done. best_score=27.0, changed=513, unchanged=315, early_stops=8/8
26 - INFO - chord#: 22 In build_straw_man_chord_sa. tolerance = 1, sa_iterations = 1000, initial_temperature = 3.0, cooling_rate = 0.999
26 - INFO - chord#: 20 done. best_score=27.0, changed=518, unchanged=404, early_stops=8/8
26 - INFO - chord#: 22 In build_straw_man_chord_sa. tolerance = 1, sa_iterations = 1000, initial_temperature = 3.0, cooling_rate = 0.999
26 - INFO - chord#: 20 done. best_score=27.0, changed=530, unchanged=423, early_stops=8/8
26 - INFO - chord#: 22 In build_straw_man_chord_sa. tolerance = 1, sa_iterations = 1000, initial_temperature = 3.0, cooling_rate = 0.999
26 - INFO - chord#: 20 done. best_score=27.0, changed=526, unchanged=423, early_stops=8/8
26 - INFO - chord#: 22 In build_straw_man_chord_sa. tolerance = 1, sa_iterations = 1000, initial_temperature = 3.0, cooling_rate = 0.999
26 - INFO - chord#: 20 done. best_score=27.0, changed=527, unchanged=444, early_stops=8/8
26 - INFO - chord#: 22 In build_straw_man_chord_sa. tolerance = 1, sa_iterations = 1000, initial_temperature = 3.0, cooling_rate = 0.999
26 - INFO - chord#: 22 done. best_score=74.0, changed=608, unchanged=229, early_stops=8/8
26 - INFO - chord#: 24 In build_straw_man_chord_sa. tolerance = 1, sa_iterations = 1000, initial_temperature = 3.0, cooling_rate = 0.999
26 - INFO - chord#: 22 done. best_score=74.0, changed=611, unchanged=241, early_stops=8/8
26 - INFO - chord#: 24 In build_straw_man_chord_sa. tolerance = 1, sa_iterations = 1000, initial_temperature = 3.0, cooling_rate = 0.999
26 - INFO - chord#: 22 done. best_score=121.0, changed=612, unchanged=241, early_stops=8/8
26 - INFO - chord#: 24 In build_straw_man_chord_sa. tolerance = 1, sa_iterations = 1000, initial_temperature = 3.0, cooling_rate = 0.999
26 - INFO - chord#: 22 done. best_score=74.0, changed=612, unchanged=305, early_stops=8/8
26 - INFO - chord#: 24 In build_straw_man_chord_sa. tolerance = 1, sa_iterations = 1000, initial_temperature = 3.0, cooling_rate = 0.999
26 - INFO - chord#: 22 done. best_score=96.0, changed=615, unchanged=466, early_stops=8/8
26 - INFO - chord#: 24 In build_straw_man_chord_sa. tolerance = 1, sa_iterations = 1000, initial_temperature = 3.0, cooling_rate = 0.999
26 - INFO - chord#: 24 done. best_score=27.0, changed=519, unchanged=307, early_stops=8/8
26 - INFO - chord#: 28 In build_straw_man_chord_sa. tolerance = 1, sa_iterations = 1000, initial_temperature = 3.0, cooling_rate = 0.999
26 - INFO - chord#: 24 done. best_score=27.0, changed=514, unchanged=330, early_stops=8/8
26 - INFO - chord#: 28 In build_straw_man_chord_sa. tolerance = 1, sa_iterations = 1000, initial_temperature = 3.0, cooling_rate = 0.999
26 - INFO - chord#: 24 done. best_score=27.0, changed=523, unchanged=421, early_stops=8/8
26 - INFO - chord#: 28 In build_straw_man_chord_sa. tolerance = 1, sa_iterations = 1000, initial_temperature = 3.0, cooling_rate = 0.999
26 - INFO - chord#: 24 done. best_score=27.0, changed=531, unchanged=659, early_stops=8/8
26 - INFO - chord#: 28 In build_straw_man_chord_sa. tolerance = 1, sa_iterations = 1000, initial_temperature = 3.0, cooling_rate = 0.999
26 - INFO - chord#: 24 done. best_score=27.0, changed=517, unchanged=493, early_stops=8/8
26 - INFO - chord#: 28 In build_straw_man_chord_sa. tolerance = 1, sa_iterations = 1000, initial_temperature = 3.0, cooling_rate = 0.999
26 - INFO - chord#: 28 done. best_score=27.0, changed=520, unchanged=448, early_stops=8/8
26 - INFO - chord#: 32 In build_straw_man_chord_sa. tolerance = 1, sa_iterations = 1000, initial_temperature = 3.0, cooling_rate = 0.999
26 - INFO - chord#: 22 done. best_score=74.0, changed=613, unchanged=359, early_stops=8/8
26 - INFO - chord#: 24 In build_straw_man_chord_sa. tolerance = 1, sa_iterations = 1000, initial_temperature = 3.0, cooling_rate = 0.999
26 - INFO - chord#: 28 done. best_score=27.0, changed=521, unchanged=443, early_stops=8/8
26 - INFO - chord#: 32 In build_straw_man_chord_sa. tolerance = 1, sa_iterations = 1000, initial_temperature = 3.0, cooling_rate = 0.999
26 - INFO - chord#: 28 done. best_score=27.0, changed=518, unchanged=377, early_stops=8/8
26 - INFO - chord#: 32 In build_straw_man_chord_sa. tolerance = 1, sa_iterations = 1000, initial_temperature = 3.0, cooling_rate = 0.999
26 - INFO - chord#: 22 done. best_score=121.0, changed=615, unchanged=353, early_stops=8/8
26 - INFO - chord#: 24 In build_straw_man_chord_sa. tolerance = 1, sa_iterations = 1000, initial_temperature = 3.0, cooling_rate = 0.999
26 - INFO - chord#: 28 done. best_score=27.0, changed=519, unchanged=336, early_stops=8/8
26 - INFO - chord#: 32 In build_straw_man_chord_sa. tolerance = 1, sa_iterations = 1000, initial_temperature = 3.0, cooling_rate = 0.999
26 - INFO - chord#: 22 done. best_score=74.0, changed=618, unchanged=367, early_stops=8/8
26 - INFO - chord#: 24 In build_straw_man_chord_sa. tolerance = 1, sa_iterations = 1000, initial_temperature = 3.0, cooling_rate = 0.999
26 - INFO - chord#: 22 done. best_score=74.0, changed=612, unchanged=263, early_stops=8/8
26 - INFO - chord#: 24 In build_straw_man_chord_sa. tolerance = 1, sa_iterations = 1000, initial_temperature = 3.0, cooling_rate = 0.999
26 - INFO - chord#: 22 done. best_score=162.0, changed=613, unchanged=370, early_stops=8/8
26 - INFO - chord#: 24 In build_straw_man_chord_sa. tolerance = 1, sa_iterations = 1000, initial_temperature = 3.0, cooling_rate = 0.999
26 - INFO - chord#: 22 done. best_score=74.0, changed=609, unchanged=326, early_stops=8/8
26 - INFO - chord#: 24 In build_straw_man_chord_sa. tolerance = 1, sa_iterations = 1000, initial_temperature = 3.0, cooling_rate = 0.999
26 - INFO - chord#: 22 done. best_score=96.0, changed=614, unchanged=290, early_stops=8/8
26 - INFO - chord#: 24 In build_straw_man_chord_sa. tolerance = 1, sa_iterations = 1000, initial_temperature = 3.0, cooling_rate = 0.999
26 - INFO - chord#: 28 done. best_score=27.0, changed=524, unchanged=629, early_stops=8/8
26 - INFO - chord#: 32 In build_straw_man_chord_sa. tolerance = 1, sa_iterations = 1000, initial_temperature = 3.0, cooling_rate = 0.999
26 - INFO - chord#: 32 done. best_score=27.0, changed=519, unchanged=418, early_stops=8/8
26 - INFO - chord#: 36 In build_straw_man_chord_sa. tolerance = 1, sa_iterations = 1000, initial_temperature = 3.0, cooling_rate = 0.999
26 - INFO - chord#: 24 done. best_score=27.0, changed=513, unchanged=319, early_stops=8/8
26 - INFO - chord#: 28 In build_straw_man_chord_sa. tolerance = 1, sa_iterations = 1000, initial_temperature = 3.0, cooling_rate = 0.999
26 - INFO - chord#: 32 done. best_score=27.0, changed=515, unchanged=325, early_stops=8/8
26 - INFO - chord#: 36 In build_straw_man_chord_sa. tolerance = 1, sa_iterations = 1000, initial_temperature = 3.0, cooling_rate = 0.999
26 - INFO - chord#: 32 done. best_score=27.0, changed=536, unchanged=437, early_stops=8/8
26 - INFO - chord#: 36 In build_straw_man_chord_sa. tolerance = 1, sa_iterations = 1000, initial_temperature = 3.0, cooling_rate = 0.999
26 - INFO - chord#: 32 done. best_score=27.0, changed=519, unchanged=497, early_stops=8/8
26 - INFO - chord#: 36 In build_straw_man_chord_sa. tolerance = 1, sa_iterations = 1000, initial_temperature = 3.0, cooling_rate = 0.999
26 - INFO - chord#: 24 done. best_score=27.0, changed=507, unchanged=304, early_stops=8/8
26 - INFO - chord#: 28 In build_straw_man_chord_sa. tolerance = 1, sa_iterations = 1000, initial_temperature = 3.0, cooling_rate = 0.999
26 - INFO - chord#: 32 done. best_score=27.0, changed=526, unchanged=339, early_stops=8/8
26 - INFO - chord#: 36 In build_straw_man_chord_sa. tolerance = 1, sa_iterations = 1000, initial_temperature = 3.0, cooling_rate = 0.999
26 - INFO - chord#: 36 done. best_score=27.0, changed=522, unchanged=433, early_stops=8/8
26 - INFO - chord#: 38 In build_straw_man_chord_sa. tolerance = 1, sa_iterations = 1000, initial_temperature = 3.0, cooling_rate = 0.999
26 - INFO - chord#: 24 done. best_score=27.0, changed=525, unchanged=492, early_stops=8/8
26 - INFO - chord#: 28 In build_straw_man_chord_sa. tolerance = 1, sa_iterations = 1000, initial_temperature = 3.0, cooling_rate = 0.999
26 - INFO - chord#: 24 done. best_score=27.0, changed=520, unchanged=458, early_stops=8/8
26 - INFO - chord#: 28 In build_straw_man_chord_sa. tolerance = 1, sa_iterations = 1000, initial_temperature = 3.0, cooling_rate = 0.999
26 - INFO - chord#: 24 done. best_score=27.0, changed=520, unchanged=421, early_stops=8/8
26 - INFO - chord#: 28 In build_straw_man_chord_sa. tolerance = 1, sa_iterations = 1000, initial_temperature = 3.0, cooling_rate = 0.999
26 - INFO - chord#: 36 done. best_score=27.0, changed=519, unchanged=426, early_stops=8/8
26 - INFO - chord#: 38 In build_straw_man_chord_sa. tolerance = 1, sa_iterations = 1000, initial_temperature = 3.0, cooling_rate = 0.999
26 - INFO - chord#: 24 done. best_score=27.0, changed=522, unchanged=452, early_stops=8/8
26 - INFO - chord#: 28 In build_straw_man_chord_sa. tolerance = 1, sa_iterations = 1000, initial_temperature = 3.0, cooling_rate = 0.999
26 - INFO - chord#: 28 done. best_score=27.0, changed=517, unchanged=471, early_stops=8/8
26 - INFO - chord#: 36 done. best_score=27.0, changed=521, unchanged=392, early_stops=8/8
26 - INFO - chord#: 32 In build_straw_man_chord_sa. tolerance = 1, sa_iterations = 1000, initial_temperature = 3.0, cooling_rate = 0.999
26 - INFO - chord#: 38 In build_straw_man_chord_sa. tolerance = 1, sa_iterations = 1000, initial_temperature = 3.0, cooling_rate = 0.999
26 - INFO - chord#: 24 done. best_score=27.0, changed=523, unchanged=502, early_stops=8/8
26 - INFO - chord#: 28 In build_straw_man_chord_sa. tolerance = 1, sa_iterations = 1000, initial_temperature = 3.0, cooling_rate = 0.999
26 - INFO - chord#: 36 done. best_score=27.0, changed=521, unchanged=315, early_stops=8/8
26 - INFO - chord#: 38 In build_straw_man_chord_sa. tolerance = 1, sa_iterations = 1000, initial_temperature = 3.0, cooling_rate = 0.999
26 - INFO - chord#: 36 done. best_score=27.0, changed=523, unchanged=358, early_stops=8/8
26 - INFO - chord#: 38 In build_straw_man_chord_sa. tolerance = 1, sa_iterations = 1000, initial_temperature = 3.0, cooling_rate = 0.999
26 - INFO - chord#: 28 done. best_score=27.0, changed=517, unchanged=347, early_stops=8/8
26 - INFO - chord#: 32 In build_straw_man_chord_sa. tolerance = 1, sa_iterations = 1000, initial_temperature = 3.0, cooling_rate = 0.999
26 - INFO - chord#: 28 done. best_score=27.0, changed=528, unchanged=428, early_stops=8/8
26 - INFO - chord#: 32 In build_straw_man_chord_sa. tolerance = 1, sa_iterations = 1000, initial_temperature = 3.0, cooling_rate = 0.999
26 - INFO - chord#: 32 done. best_score=27.0, changed=533, unchanged=375, early_stops=8/8
26 - INFO - chord#: 36 In build_straw_man_chord_sa. tolerance = 1, sa_iterations = 1000, initial_temperature = 3.0, cooling_rate = 0.999
26 - INFO - chord#: 28 done. best_score=27.0, changed=518, unchanged=407, early_stops=8/8
26 - INFO - chord#: 32 In build_straw_man_chord_sa. tolerance = 1, sa_iterations = 1000, initial_temperature = 3.0, cooling_rate = 0.999
26 - INFO - chord#: 28 done. best_score=27.0, changed=523, unchanged=542, early_stops=8/8
26 - INFO - chord#: 32 In build_straw_man_chord_sa. tolerance = 1, sa_iterations = 1000, initial_temperature = 3.0, cooling_rate = 0.999
26 - INFO - chord#: 28 done. best_score=27.0, changed=526, unchanged=433, early_stops=8/8
26 - INFO - chord#: 32 In build_straw_man_chord_sa. tolerance = 1, sa_iterations = 1000, initial_temperature = 3.0, cooling_rate = 0.999
26 - INFO - chord#: 28 done. best_score=27.0, changed=526, unchanged=482, early_stops=8/8
26 - INFO - chord#: 32 In build_straw_man_chord_sa. tolerance = 1, sa_iterations = 1000, initial_temperature = 3.0, cooling_rate = 0.999
26 - INFO - chord#: 38 done. best_score=201.0, changed=609, unchanged=284, early_stops=8/8
26 - INFO - chord#: 40 In build_straw_man_chord_sa. tolerance = 1, sa_iterations = 1000, initial_temperature = 3.0, cooling_rate = 0.999
26 - INFO - chord#: 32 done. best_score=27.0, changed=521, unchanged=449, early_stops=8/8
26 - INFO - chord#: 36 In build_straw_man_chord_sa. tolerance = 1, sa_iterations = 1000, initial_temperature = 3.0, cooling_rate = 0.999
26 - INFO - chord#: 36 done. best_score=27.0, changed=533, unchanged=499, early_stops=8/8
26 - INFO - chord#: 38 In build_straw_man_chord_sa. tolerance = 1, sa_iterations = 1000, initial_temperature = 3.0, cooling_rate = 0.999
26 - INFO - chord#: 38 done. best_score=157.0, changed=609, unchanged=262, early_stops=8/8
26 - INFO - chord#: 40 In build_straw_man_chord_sa. tolerance = 1, sa_iterations = 1000, initial_temperature = 3.0, cooling_rate = 0.999
26 - INFO - chord#: 32 done. best_score=27.0, changed=521, unchanged=384, early_stops=8/8
26 - INFO - chord#: 36 In build_straw_man_chord_sa. tolerance = 1, sa_iterations = 1000, initial_temperature = 3.0, cooling_rate = 0.999
26 - INFO - chord#: 38 done. best_score=125.0, changed=621, unchanged=399, early_stops=8/8
26 - INFO - chord#: 40 In build_straw_man_chord_sa. tolerance = 1, sa_iterations = 1000, initial_temperature = 3.0, cooling_rate = 0.999
26 - INFO - chord#: 32 done. best_score=27.0, changed=525, unchanged=460, early_stops=8/8
26 - INFO - chord#: 36 In build_straw_man_chord_sa. tolerance = 1, sa_iterations = 1000, initial_temperature = 3.0, cooling_rate = 0.999
26 - INFO - chord#: 32 done. best_score=27.0, changed=526, unchanged=360, early_stops=8/8
26 - INFO - chord#: 36 In build_straw_man_chord_sa. tolerance = 1, sa_iterations = 1000, initial_temperature = 3.0, cooling_rate = 0.999
26 - INFO - chord#: 32 done. best_score=27.0, changed=527, unchanged=381, early_stops=8/8
26 - INFO - chord#: 36 In build_straw_man_chord_sa. tolerance = 1, sa_iterations = 1000, initial_temperature = 3.0, cooling_rate = 0.999
26 - INFO - chord#: 38 done. best_score=67.0, changed=615, unchanged=248, early_stops=8/8
26 - INFO - chord#: 40 In build_straw_man_chord_sa. tolerance = 1, sa_iterations = 1000, initial_temperature = 3.0, cooling_rate = 0.999
26 - INFO - chord#: 32 done. best_score=27.0, changed=520, unchanged=348, early_stops=8/8
26 - INFO - chord#: 36 In build_straw_man_chord_sa. tolerance = 1, sa_iterations = 1000, initial_temperature = 3.0, cooling_rate = 0.999
26 - INFO - chord#: 40 done. best_score=27.0, changed=523, unchanged=373, early_stops=8/8
26 - INFO - chord#: 42 In build_straw_man_chord_sa. tolerance = 1, sa_iterations = 1000, initial_temperature = 3.0, cooling_rate = 0.999
26 - INFO - chord#: 36 done. best_score=27.0, changed=518, unchanged=308, early_stops=8/8
26 - INFO - chord#: 38 In build_straw_man_chord_sa. tolerance = 1, sa_iterations = 1000, initial_temperature = 3.0, cooling_rate = 0.999
26 - INFO - chord#: 40 done. best_score=27.0, changed=522, unchanged=406, early_stops=8/8
26 - INFO - chord#: 42 In build_straw_man_chord_sa. tolerance = 1, sa_iterations = 1000, initial_temperature = 3.0, cooling_rate = 0.999
26 - INFO - chord#: 36 done. best_score=27.0, changed=527, unchanged=355, early_stops=8/8
26 - INFO - chord#: 38 In build_straw_man_chord_sa. tolerance = 1, sa_iterations = 1000, initial_temperature = 3.0, cooling_rate = 0.999
26 - INFO - chord#: 40 done. best_score=27.0, changed=527, unchanged=548, early_stops=8/8
26 - INFO - chord#: 42 In build_straw_man_chord_sa. tolerance = 1, sa_iterations = 1000, initial_temperature = 3.0, cooling_rate = 0.999
26 - INFO - chord#: 36 done. best_score=27.0, changed=521, unchanged=363, early_stops=8/8
26 - INFO - chord#: 38 In build_straw_man_chord_sa. tolerance = 1, sa_iterations = 1000, initial_temperature = 3.0, cooling_rate = 0.999
26 - INFO - chord#: 38 done. best_score=67.0, changed=613, unchanged=526, early_stops=8/8
26 - INFO - chord#: 40 In build_straw_man_chord_sa. tolerance = 1, sa_iterations = 1000, initial_temperature = 3.0, cooling_rate = 0.999
26 - INFO - chord#: 40 done. best_score=27.0, changed=517, unchanged=345, early_stops=8/8
26 - INFO - chord#: 42 In build_straw_man_chord_sa. tolerance = 1, sa_iterations = 1000, initial_temperature = 3.0, cooling_rate = 0.999
26 - INFO - chord#: 36 done. best_score=27.0, changed=530, unchanged=340, early_stops=8/8
26 - INFO - chord#: 38 In build_straw_man_chord_sa. tolerance = 1, sa_iterations = 1000, initial_temperature = 3.0, cooling_rate = 0.999
26 - INFO - chord#: 36 done. best_score=27.0, changed=525, unchanged=471, early_stops=8/8
26 - INFO - chord#: 38 In build_straw_man_chord_sa. tolerance = 1, sa_iterations = 1000, initial_temperature = 3.0, cooling_rate = 0.999
26 - INFO - chord#: 36 done. best_score=27.0, changed=521, unchanged=424, early_stops=8/8
26 - INFO - chord#: 38 In build_straw_man_chord_sa. tolerance = 1, sa_iterations = 1000, initial_temperature = 3.0, cooling_rate = 0.999
26 - INFO - chord#: 42 done. best_score=27.0, changed=519, unchanged=403, early_stops=8/8
26 - INFO - chord#: 44 In build_straw_man_chord_sa. tolerance = 1, sa_iterations = 1000, initial_temperature = 3.0, cooling_rate = 0.999
26 - INFO - chord#: 38 done. best_score=67.0, changed=612, unchanged=280, early_stops=8/8
26 - INFO - chord#: 40 In build_straw_man_chord_sa. tolerance = 1, sa_iterations = 1000, initial_temperature = 3.0, cooling_rate = 0.999
26 - INFO - chord#: 42 done. best_score=27.0, changed=515, unchanged=370, early_stops=8/8
26 - INFO - chord#: 44 In build_straw_man_chord_sa. tolerance = 1, sa_iterations = 1000, initial_temperature = 3.0, cooling_rate = 0.999
26 - INFO - chord#: 40 done. best_score=27.0, changed=516, unchanged=362, early_stops=8/8
26 - INFO - chord#: 42 In build_straw_man_chord_sa. tolerance = 1, sa_iterations = 1000, initial_temperature = 3.0, cooling_rate = 0.999
26 - INFO - chord#: 42 done. best_score=27.0, changed=515, unchanged=456, early_stops=8/8
26 - INFO - chord#: 44 In build_straw_man_chord_sa. tolerance = 1, sa_iterations = 1000, initial_temperature = 3.0, cooling_rate = 0.999
26 - INFO - chord#: 42 done. best_score=27.0, changed=526, unchanged=477, early_stops=8/8
26 - INFO - chord#: 44 In build_straw_man_chord_sa. tolerance = 1, sa_iterations = 1000, initial_temperature = 3.0, cooling_rate = 0.999
26 - INFO - chord#: 44 done. best_score=27.0, changed=519, unchanged=361, early_stops=8/8
26 - INFO - chord#: 46 In build_straw_man_chord_sa. tolerance = 1, sa_iterations = 1000, initial_temperature = 3.0, cooling_rate = 0.999
26 - INFO - chord#: 40 done. best_score=27.0, changed=519, unchanged=483, early_stops=8/8
26 - INFO - chord#: 42 In build_straw_man_chord_sa. tolerance = 1, sa_iterations = 1000, initial_temperature = 3.0, cooling_rate = 0.999
26 - INFO - chord#: 42 done. best_score=27.0, changed=518, unchanged=351, early_stops=8/8
26 - INFO - chord#: 44 In build_straw_man_chord_sa. tolerance = 1, sa_iterations = 1000, initial_temperature = 3.0, cooling_rate = 0.999
26 - INFO - chord#: 44 done. best_score=27.0, changed=526, unchanged=591, early_stops=8/8
26 - INFO - chord#: 46 In build_straw_man_chord_sa. tolerance = 1, sa_iterations = 1000, initial_temperature = 3.0, cooling_rate = 0.999
26 - INFO - chord#: 44 done. best_score=27.0, changed=517, unchanged=443, early_stops=8/8
26 - INFO - chord#: 46 In build_straw_man_chord_sa. tolerance = 1, sa_iterations = 1000, initial_temperature = 3.0, cooling_rate = 0.999
26 - INFO - chord#: 38 done. best_score=157.0, changed=607, unchanged=215, early_stops=8/8
26 - INFO - chord#: 40 In build_straw_man_chord_sa. tolerance = 1, sa_iterations = 1000, initial_temperature = 3.0, cooling_rate = 0.999
26 - INFO - chord#: 44 done. best_score=27.0, changed=518, unchanged=429, early_stops=8/8
26 - INFO - chord#: 46 In build_straw_man_chord_sa. tolerance = 1, sa_iterations = 1000, initial_temperature = 3.0, cooling_rate = 0.999
26 - INFO - chord#: 38 done. best_score=137.0, changed=618, unchanged=298, early_stops=8/8
26 - INFO - chord#: 40 In build_straw_man_chord_sa. tolerance = 1, sa_iterations = 1000, initial_temperature = 3.0, cooling_rate = 0.999
26 - INFO - chord#: 38 done. best_score=67.0, changed=611, unchanged=312, early_stops=8/8
26 - INFO - chord#: 40 In build_straw_man_chord_sa. tolerance = 1, sa_iterations = 1000, initial_temperature = 3.0, cooling_rate = 0.999
26 - INFO - chord#: 42 done. best_score=27.0, changed=521, unchanged=445, early_stops=8/8
26 - INFO - chord#: 44 In build_straw_man_chord_sa. tolerance = 1, sa_iterations = 1000, initial_temperature = 3.0, cooling_rate = 0.999
26 - INFO - chord#: 38 done. best_score=67.0, changed=609, unchanged=291, early_stops=8/8
26 - INFO - chord#: 40 In build_straw_man_chord_sa. tolerance = 1, sa_iterations = 1000, initial_temperature = 3.0, cooling_rate = 0.999
26 - INFO - chord#: 38 done. best_score=145.0, changed=612, unchanged=324, early_stops=8/8
26 - INFO - chord#: 40 In build_straw_man_chord_sa. tolerance = 1, sa_iterations = 1000, initial_temperature = 3.0, cooling_rate = 0.999
26 - INFO - chord#: 44 done. best_score=27.0, changed=519, unchanged=353, early_stops=8/8
26 - INFO - chord#: 46 In build_straw_man_chord_sa. tolerance = 1, sa_iterations = 1000, initial_temperature = 3.0, cooling_rate = 0.999
26 - INFO - chord#: 38 done. best_score=67.0, changed=613, unchanged=297, early_stops=8/8
26 - INFO - chord#: 40 In build_straw_man_chord_sa. tolerance = 1, sa_iterations = 1000, initial_temperature = 3.0, cooling_rate = 0.999
26 - INFO - chord#: 40 done. best_score=27.0, changed=518, unchanged=402, early_stops=8/8
26 - INFO - chord#: 42 In build_straw_man_chord_sa. tolerance = 1, sa_iterations = 1000, initial_temperature = 3.0, cooling_rate = 0.999
26 - INFO - chord#: 44 done. best_score=27.0, changed=518, unchanged=413, early_stops=8/8
26 - INFO - chord#: 46 In build_straw_man_chord_sa. tolerance = 1, sa_iterations = 1000, initial_temperature = 3.0, cooling_rate = 0.999
26 - INFO - chord#: 40 done. best_score=27.0, changed=523, unchanged=424, early_stops=8/8
26 - INFO - chord#: 42 In build_straw_man_chord_sa. tolerance = 1, sa_iterations = 1000, initial_temperature = 3.0, cooling_rate = 0.999
26 - INFO - chord#: 40 done. best_score=27.0, changed=518, unchanged=353, early_stops=8/8
26 - INFO - chord#: 42 In build_straw_man_chord_sa. tolerance = 1, sa_iterations = 1000, initial_temperature = 3.0, cooling_rate = 0.999
26 - INFO - chord#: 46 done. best_score=70.0, changed=618, unchanged=443, early_stops=8/8
26 - INFO - chord#: 48 In build_straw_man_chord_sa. tolerance = 1, sa_iterations = 1000, initial_temperature = 3.0, cooling_rate = 0.999
26 - INFO - chord#: 40 done. best_score=27.0, changed=515, unchanged=379, early_stops=8/8
26 - INFO - chord#: 42 In build_straw_man_chord_sa. tolerance = 1, sa_iterations = 1000, initial_temperature = 3.0, cooling_rate = 0.999
26 - INFO - chord#: 40 done. best_score=27.0, changed=522, unchanged=355, early_stops=8/8
26 - INFO - chord#: 42 In build_straw_man_chord_sa. tolerance = 1, sa_iterations = 1000, initial_temperature = 3.0, cooling_rate = 0.999
26 - INFO - chord#: 40 done. best_score=27.0, changed=532, unchanged=658, early_stops=8/8
26 - INFO - chord#: 42 In build_straw_man_chord_sa. tolerance = 1, sa_iterations = 1000, initial_temperature = 3.0, cooling_rate = 0.999
26 - INFO - chord#: 46 done. best_score=103.0, changed=614, unchanged=511, early_stops=8/8
26 - INFO - chord#: 48 In build_straw_man_chord_sa. tolerance = 1, sa_iterations = 1000, initial_temperature = 3.0, cooling_rate = 0.999
26 - INFO - chord#: 46 done. best_score=70.0, changed=614, unchanged=432, early_stops=8/8
26 - INFO - chord#: 48 In build_straw_man_chord_sa. tolerance = 1, sa_iterations = 1000, initial_temperature = 3.0, cooling_rate = 0.999
26 - INFO - chord#: 42 done. best_score=27.0, changed=517, unchanged=399, early_stops=8/8
26 - INFO - chord#: 44 In build_straw_man_chord_sa. tolerance = 1, sa_iterations = 1000, initial_temperature = 3.0, cooling_rate = 0.999
26 - INFO - chord#: 46 done. best_score=70.0, changed=609, unchanged=270, early_stops=8/8
26 - INFO - chord#: 48 In build_straw_man_chord_sa. tolerance = 1, sa_iterations = 1000, initial_temperature = 3.0, cooling_rate = 0.999
26 - INFO - chord#: 42 done. best_score=27.0, changed=523, unchanged=335, early_stops=8/8
26 - INFO - chord#: 44 In build_straw_man_chord_sa. tolerance = 1, sa_iterations = 1000, initial_temperature = 3.0, cooling_rate = 0.999
26 - INFO - chord#: 48 done. best_score=27.0, changed=522, unchanged=346, early_stops=8/8
26 - INFO - chord#: 50 In build_straw_man_chord_sa. tolerance = 1, sa_iterations = 1000, initial_temperature = 3.0, cooling_rate = 0.999
26 - INFO - chord#: 42 done. best_score=27.0, changed=515, unchanged=303, early_stops=8/8
26 - INFO - chord#: 44 In build_straw_man_chord_sa. tolerance = 1, sa_iterations = 1000, initial_temperature = 3.0, cooling_rate = 0.999
26 - INFO - chord#: 42 done. best_score=27.0, changed=528, unchanged=479, early_stops=8/8
26 - INFO - chord#: 44 In build_straw_man_chord_sa. tolerance = 1, sa_iterations = 1000, initial_temperature = 3.0, cooling_rate = 0.999
26 - INFO - chord#: 42 done. best_score=27.0, changed=526, unchanged=412, early_stops=8/8
26 - INFO - chord#: 44 In build_straw_man_chord_sa. tolerance = 1, sa_iterations = 1000, initial_temperature = 3.0, cooling_rate = 0.999
26 - INFO - chord#: 48 done. best_score=27.0, changed=522, unchanged=403, early_stops=8/8
26 - INFO - chord#: 50 In build_straw_man_chord_sa. tolerance = 1, sa_iterations = 1000, initial_temperature = 3.0, cooling_rate = 0.999
26 - INFO - chord#: 46 done. best_score=149.0, changed=617, unchanged=374, early_stops=8/8
26 - INFO - chord#: 48 In build_straw_man_chord_sa. tolerance = 1, sa_iterations = 1000, initial_temperature = 3.0, cooling_rate = 0.999
26 - INFO - chord#: 48 done. best_score=27.0, changed=527, unchanged=461, early_stops=8/8
26 - INFO - chord#: 50 In build_straw_man_chord_sa. tolerance = 1, sa_iterations = 1000, initial_temperature = 3.0, cooling_rate = 0.999
26 - INFO - chord#: 42 done. best_score=27.0, changed=522, unchanged=380, early_stops=8/8
26 - INFO - chord#: 44 In build_straw_man_chord_sa. tolerance = 1, sa_iterations = 1000, initial_temperature = 3.0, cooling_rate = 0.999
26 - INFO - chord#: 48 done. best_score=27.0, changed=527, unchanged=359, early_stops=8/8
26 - INFO - chord#: 50 In build_straw_man_chord_sa. tolerance = 1, sa_iterations = 1000, initial_temperature = 3.0, cooling_rate = 0.999
26 - INFO - chord#: 44 done. best_score=27.0, changed=516, unchanged=508, early_stops=8/8
26 - INFO - chord#: 46 In build_straw_man_chord_sa. tolerance = 1, sa_iterations = 1000, initial_temperature = 3.0, cooling_rate = 0.999
26 - INFO - chord#: 46 done. best_score=75.0, changed=612, unchanged=356, early_stops=8/8
26 - INFO - chord#: 48 In build_straw_man_chord_sa. tolerance = 1, sa_iterations = 1000, initial_temperature = 3.0, cooling_rate = 0.999
26 - INFO - chord#: 44 done. best_score=27.0, changed=519, unchanged=487, early_stops=8/8
26 - INFO - chord#: 46 In build_straw_man_chord_sa. tolerance = 1, sa_iterations = 1000, initial_temperature = 3.0, cooling_rate = 0.999
26 - INFO - chord#: 48 done. best_score=27.0, changed=515, unchanged=313, early_stops=8/8
26 - INFO - chord#: 50 In build_straw_man_chord_sa. tolerance = 1, sa_iterations = 1000, initial_temperature = 3.0, cooling_rate = 0.999
26 - INFO - chord#: 44 done. best_score=27.0, changed=525, unchanged=669, early_stops=8/8
26 - INFO - chord#: 46 In build_straw_man_chord_sa. tolerance = 1, sa_iterations = 1000, initial_temperature = 3.0, cooling_rate = 0.999
26 - INFO - chord#: 44 done. best_score=27.0, changed=535, unchanged=600, early_stops=8/8
26 - INFO - chord#: 46 In build_straw_man_chord_sa. tolerance = 1, sa_iterations = 1000, initial_temperature = 3.0, cooling_rate = 0.999
26 - INFO - chord#: 44 done. best_score=27.0, changed=525, unchanged=381, early_stops=8/8
26 - INFO - chord#: 46 In build_straw_man_chord_sa. tolerance = 1, sa_iterations = 1000, initial_temperature = 3.0, cooling_rate = 0.999
26 - INFO - chord#: 44 done. best_score=27.0, changed=522, unchanged=575, early_stops=8/8
26 - INFO - chord#: 48 done. best_score=36.0, changed=520, unchanged=434, early_stops=8/8
26 - INFO - chord#: 46 In build_straw_man_chord_sa. tolerance = 1, sa_iterations = 1000, initial_temperature = 3.0, cooling_rate = 0.999
26 - INFO - chord#: 50 In build_straw_man_chord_sa. tolerance = 1, sa_iterations = 1000, initial_temperature = 3.0, cooling_rate = 0.999
26 - INFO - chord#: 50 done. best_score=96.0, changed=608, unchanged=268, early_stops=8/8
26 - INFO - chord#: 52 In build_straw_man_chord_sa. tolerance = 1, sa_iterations = 1000, initial_temperature = 3.0, cooling_rate = 0.999
26 - INFO - chord#: 50 done. best_score=67.0, changed=615, unchanged=334, early_stops=8/8
26 - INFO - chord#: 52 In build_straw_man_chord_sa. tolerance = 1, sa_iterations = 1000, initial_temperature = 3.0, cooling_rate = 0.999
26 - INFO - chord#: 50 done. best_score=67.0, changed=617, unchanged=323, early_stops=8/8
26 - INFO - chord#: 52 In build_straw_man_chord_sa. tolerance = 1, sa_iterations = 1000, initial_temperature = 3.0, cooling_rate = 0.999
26 - INFO - chord#: 50 done. best_score=67.0, changed=618, unchanged=440, early_stops=8/8
26 - INFO - chord#: 52 In build_straw_man_chord_sa. tolerance = 1, sa_iterations = 1000, initial_temperature = 3.0, cooling_rate = 0.999
26 - INFO - chord#: 46 done. best_score=70.0, changed=612, unchanged=350, early_stops=8/8
26 - INFO - chord#: 48 In build_straw_man_chord_sa. tolerance = 1, sa_iterations = 1000, initial_temperature = 3.0, cooling_rate = 0.999
26 - INFO - chord#: 46 done. best_score=103.0, changed=609, unchanged=320, early_stops=8/8
26 - INFO - chord#: 48 In build_straw_man_chord_sa. tolerance = 1, sa_iterations = 1000, initial_temperature = 3.0, cooling_rate = 0.999
26 - INFO - chord#: 52 done. best_score=27.0, changed=525, unchanged=533, early_stops=8/8
26 - INFO - chord#: 54 In build_straw_man_chord_sa. tolerance = 1, sa_iterations = 1000, initial_temperature = 3.0, cooling_rate = 0.999
26 - INFO - chord#: 52 done. best_score=27.0, changed=525, unchanged=495, early_stops=8/8
26 - INFO - chord#: 54 In build_straw_man_chord_sa. tolerance = 1, sa_iterations = 1000, initial_temperature = 3.0, cooling_rate = 0.999
26 - INFO - chord#: 52 done. best_score=27.0, changed=520, unchanged=424, early_stops=8/8
26 - INFO - chord#: 54 In build_straw_man_chord_sa. tolerance = 1, sa_iterations = 1000, initial_temperature = 3.0, cooling_rate = 0.999
26 - INFO - chord#: 46 done. best_score=70.0, changed=611, unchanged=216, early_stops=8/8
26 - INFO - chord#: 48 In build_straw_man_chord_sa. tolerance = 1, sa_iterations = 1000, initial_temperature = 3.0, cooling_rate = 0.999
26 - INFO - chord#: 50 done. best_score=67.0, changed=613, unchanged=317, early_stops=8/8
26 - INFO - chord#: 52 In build_straw_man_chord_sa. tolerance = 1, sa_iterations = 1000, initial_temperature = 3.0, cooling_rate = 0.999
26 - INFO - chord#: 50 done. best_score=78.0, changed=612, unchanged=349, early_stops=8/8
26 - INFO - chord#: 52 In build_straw_man_chord_sa. tolerance = 1, sa_iterations = 1000, initial_temperature = 3.0, cooling_rate = 0.999
26 - INFO - chord#: 48 done. best_score=27.0, changed=526, unchanged=337, early_stops=8/8
26 - INFO - chord#: 50 In build_straw_man_chord_sa. tolerance = 1, sa_iterations = 1000, initial_temperature = 3.0, cooling_rate = 0.999
26 - INFO - chord#: 46 done. best_score=70.0, changed=608, unchanged=224, early_stops=8/8
26 - INFO - chord#: 48 In build_straw_man_chord_sa. tolerance = 1, sa_iterations = 1000, initial_temperature = 3.0, cooling_rate = 0.999
26 - INFO - chord#: 48 done. best_score=27.0, changed=527, unchanged=376, early_stops=8/8
26 - INFO - chord#: 50 In build_straw_man_chord_sa. tolerance = 1, sa_iterations = 1000, initial_temperature = 3.0, cooling_rate = 0.999
26 - INFO - chord#: 52 done. best_score=27.0, changed=525, unchanged=491, early_stops=8/8
26 - INFO - chord#: 54 In build_straw_man_chord_sa. tolerance = 1, sa_iterations = 1000, initial_temperature = 3.0, cooling_rate = 0.999
26 - INFO - chord#: 46 done. best_score=70.0, changed=611, unchanged=322, early_stops=8/8
26 - INFO - chord#: 48 In build_straw_man_chord_sa. tolerance = 1, sa_iterations = 1000, initial_temperature = 3.0, cooling_rate = 0.999
26 - INFO - chord#: 46 done. best_score=111.0, changed=619, unchanged=365, early_stops=8/8
26 - INFO - chord#: 48 In build_straw_man_chord_sa. tolerance = 1, sa_iterations = 1000, initial_temperature = 3.0, cooling_rate = 0.999
26 - INFO - chord#: 52 done. best_score=27.0, changed=515, unchanged=332, early_stops=8/8
26 - INFO - chord#: 54 In build_straw_man_chord_sa. tolerance = 1, sa_iterations = 1000, initial_temperature = 3.0, cooling_rate = 0.999
26 - INFO - chord#: 48 done. best_score=27.0, changed=530, unchanged=470, early_stops=8/8
26 - INFO - chord#: 50 In build_straw_man_chord_sa. tolerance = 1, sa_iterations = 1000, initial_temperature = 3.0, cooling_rate = 0.999
26 - INFO - chord#: 52 done. best_score=27.0, changed=521, unchanged=379, early_stops=8/8
26 - INFO - chord#: 54 In build_straw_man_chord_sa. tolerance = 1, sa_iterations = 1000, initial_temperature = 3.0, cooling_rate = 0.999
26 - INFO - chord#: 48 done. best_score=27.0, changed=524, unchanged=373, early_stops=8/8
26 - INFO - chord#: 50 In build_straw_man_chord_sa. tolerance = 1, sa_iterations = 1000, initial_temperature = 3.0, cooling_rate = 0.999
26 - INFO - chord#: 48 done. best_score=27.0, changed=520, unchanged=327, early_stops=8/8
26 - INFO - chord#: 50 In build_straw_man_chord_sa. tolerance = 1, sa_iterations = 1000, initial_temperature = 3.0, cooling_rate = 0.999
26 - INFO - chord#: 48 done. best_score=27.0, changed=522, unchanged=363, early_stops=8/8
26 - INFO - chord#: 50 In build_straw_man_chord_sa. tolerance = 1, sa_iterations = 1000, initial_temperature = 3.0, cooling_rate = 0.999
26 - INFO - chord#: 54 done. best_score=146.0, changed=609, unchanged=302, early_stops=8/8
26 - INFO - chord#: 56 In build_straw_man_chord_sa. tolerance = 1, sa_iterations = 1000, initial_temperature = 3.0, cooling_rate = 0.999
26 - INFO - chord#: 54 done. best_score=70.0, changed=610, unchanged=380, early_stops=8/8
26 - INFO - chord#: 56 In build_straw_man_chord_sa. tolerance = 1, sa_iterations = 1000, initial_temperature = 3.0, cooling_rate = 0.999
26 - INFO - chord#: 50 done. best_score=96.0, changed=610, unchanged=324, early_stops=8/8
26 - INFO - chord#: 52 In build_straw_man_chord_sa. tolerance = 1, sa_iterations = 1000, initial_temperature = 3.0, cooling_rate = 0.999
26 - INFO - chord#: 50 done. best_score=67.0, changed=610, unchanged=251, early_stops=8/8
26 - INFO - chord#: 52 In build_straw_man_chord_sa. tolerance = 1, sa_iterations = 1000, initial_temperature = 3.0, cooling_rate = 0.999
26 - INFO - chord#: 54 done. best_score=70.0, changed=618, unchanged=500, early_stops=8/8
26 - INFO - chord#: 56 In build_straw_man_chord_sa. tolerance = 1, sa_iterations = 1000, initial_temperature = 3.0, cooling_rate = 0.999
26 - INFO - chord#: 56 done. best_score=27.0, changed=525, unchanged=319, early_stops=8/8
26 - INFO - chord#: 58 In build_straw_man_chord_sa. tolerance = 1, sa_iterations = 1000, initial_temperature = 3.0, cooling_rate = 0.999
26 - INFO - chord#: 56 done. best_score=27.0, changed=525, unchanged=366, early_stops=8/8
26 - INFO - chord#: 58 In build_straw_man_chord_sa. tolerance = 1, sa_iterations = 1000, initial_temperature = 3.0, cooling_rate = 0.999
26 - INFO - chord#: 54 done. best_score=70.0, changed=605, unchanged=242, early_stops=8/8
26 - INFO - chord#: 56 In build_straw_man_chord_sa. tolerance = 1, sa_iterations = 1000, initial_temperature = 3.0, cooling_rate = 0.999
26 - INFO - chord#: 52 done. best_score=27.0, changed=528, unchanged=450, early_stops=8/8
26 - INFO - chord#: 54 In build_straw_man_chord_sa. tolerance = 1, sa_iterations = 1000, initial_temperature = 3.0, cooling_rate = 0.999
26 - INFO - chord#: 52 done. best_score=27.0, changed=518, unchanged=515, early_stops=8/8
26 - INFO - chord#: 54 In build_straw_man_chord_sa. tolerance = 1, sa_iterations = 1000, initial_temperature = 3.0, cooling_rate = 0.999
26 - INFO - chord#: 56 done. best_score=27.0, changed=517, unchanged=333, early_stops=8/8
26 - INFO - chord#: 58 In build_straw_man_chord_sa. tolerance = 1, sa_iterations = 1000, initial_temperature = 3.0, cooling_rate = 0.999
26 - INFO - chord#: 54 done. best_score=70.0, changed=616, unchanged=419, early_stops=8/8
26 - INFO - chord#: 56 In build_straw_man_chord_sa. tolerance = 1, sa_iterations = 1000, initial_temperature = 3.0, cooling_rate = 0.999
26 - INFO - chord#: 50 done. best_score=67.0, changed=608, unchanged=251, early_stops=8/8
26 - INFO - chord#: 52 In build_straw_man_chord_sa. tolerance = 1, sa_iterations = 1000, initial_temperature = 3.0, cooling_rate = 0.999
26 - INFO - chord#: 50 done. best_score=168.0, changed=611, unchanged=243, early_stops=8/8
26 - INFO - chord#: 52 In build_straw_man_chord_sa. tolerance = 1, sa_iterations = 1000, initial_temperature = 3.0, cooling_rate = 0.999
26 - INFO - chord#: 54 done. best_score=103.0, changed=611, unchanged=282, early_stops=8/8
26 - INFO - chord#: 56 In build_straw_man_chord_sa. tolerance = 1, sa_iterations = 1000, initial_temperature = 3.0, cooling_rate = 0.999
26 - INFO - chord#: 56 done. best_score=27.0, changed=523, unchanged=391, early_stops=8/8
26 - INFO - chord#: 58 In build_straw_man_chord_sa. tolerance = 1, sa_iterations = 1000, initial_temperature = 3.0, cooling_rate = 0.999
26 - INFO - chord#: 56 done. best_score=27.0, changed=521, unchanged=371, early_stops=8/8
26 - INFO - chord#: 58 In build_straw_man_chord_sa. tolerance = 1, sa_iterations = 1000, initial_temperature = 3.0, cooling_rate = 0.999
26 - INFO - chord#: 50 done. best_score=67.0, changed=613, unchanged=342, early_stops=8/8
26 - INFO - chord#: 52 In build_straw_man_chord_sa. tolerance = 1, sa_iterations = 1000, initial_temperature = 3.0, cooling_rate = 0.999
26 - INFO - chord#: 52 done. best_score=27.0, changed=514, unchanged=351, early_stops=8/8
26 - INFO - chord#: 54 In build_straw_man_chord_sa. tolerance = 1, sa_iterations = 1000, initial_temperature = 3.0, cooling_rate = 0.999
26 - INFO - chord#: 52 done. best_score=27.0, changed=514, unchanged=331, early_stops=8/8
26 - INFO - chord#: 54 In build_straw_man_chord_sa. tolerance = 1, sa_iterations = 1000, initial_temperature = 3.0, cooling_rate = 0.999
26 - INFO - chord#: 58 done. best_score=97.0, changed=615, unchanged=267, early_stops=8/8
26 - INFO - chord#: 60 In build_straw_man_chord_sa. tolerance = 1, sa_iterations = 1000, initial_temperature = 3.0, cooling_rate = 0.999
26 - INFO - chord#: 50 done. best_score=137.0, changed=618, unchanged=460, early_stops=8/8
26 - INFO - chord#: 52 In build_straw_man_chord_sa. tolerance = 1, sa_iterations = 1000, initial_temperature = 3.0, cooling_rate = 0.999
26 - INFO - chord#: 56 done. best_score=27.0, changed=524, unchanged=330, early_stops=8/8
26 - INFO - chord#: 58 In build_straw_man_chord_sa. tolerance = 1, sa_iterations = 1000, initial_temperature = 3.0, cooling_rate = 0.999
26 - INFO - chord#: 58 done. best_score=82.0, changed=606, unchanged=314, early_stops=8/8
26 - INFO - chord#: 60 In build_straw_man_chord_sa. tolerance = 1, sa_iterations = 1000, initial_temperature = 3.0, cooling_rate = 0.999
26 - INFO - chord#: 54 done. best_score=136.0, changed=614, unchanged=280, early_stops=8/8
26 - INFO - chord#: 56 In build_straw_man_chord_sa. tolerance = 1, sa_iterations = 1000, initial_temperature = 3.0, cooling_rate = 0.999
26 - INFO - chord#: 58 done. best_score=147.0, changed=613, unchanged=278, early_stops=8/8
26 - INFO - chord#: 60 In build_straw_man_chord_sa. tolerance = 1, sa_iterations = 1000, initial_temperature = 3.0, cooling_rate = 0.999
26 - INFO - chord#: 60 done. best_score=31.0, changed=526, unchanged=329, early_stops=8/8
26 - INFO - chord#: 62 In build_straw_man_chord_sa. tolerance = 1, sa_iterations = 1000, initial_temperature = 3.0, cooling_rate = 0.999
26 - INFO - chord#: 52 done. best_score=27.0, changed=534, unchanged=455, early_stops=8/8
26 - INFO - chord#: 54 In build_straw_man_chord_sa. tolerance = 1, sa_iterations = 1000, initial_temperature = 3.0, cooling_rate = 0.999
26 - INFO - chord#: 62 done. best_score=7.0, changed=485, unchanged=321, early_stops=8/8
26 - INFO - chord#: 64 In build_straw_man_chord_sa. tolerance = 1, sa_iterations = 1000, initial_temperature = 3.0, cooling_rate = 0.999
26 - INFO - chord#: 54 done. best_score=70.0, changed=624, unchanged=393, early_stops=8/8
26 - INFO - chord#: 56 In build_straw_man_chord_sa. tolerance = 1, sa_iterations = 1000, initial_temperature = 3.0, cooling_rate = 0.999
26 - INFO - chord#: 60 done. best_score=31.0, changed=534, unchanged=301, early_stops=8/8
26 - INFO - chord#: 62 In build_straw_man_chord_sa. tolerance = 1, sa_iterations = 1000, initial_temperature = 3.0, cooling_rate = 0.999
26 - INFO - chord#: 56 done. best_score=27.0, changed=550, unchanged=304, early_stops=8/8
26 - INFO - chord#: 58 In build_straw_man_chord_sa. tolerance = 1, sa_iterations = 1000, initial_temperature = 3.0, cooling_rate = 0.999
26 - INFO - chord#: 52 done. best_score=27.0, changed=518, unchanged=376, early_stops=8/8
26 - INFO - chord#: 54 In build_straw_man_chord_sa. tolerance = 1, sa_iterations = 1000, initial_temperature = 3.0, cooling_rate = 0.999
26 - INFO - chord#: 62 done. best_score=7.0, changed=482, unchanged=327, early_stops=8/8
26 - INFO - chord#: 64 In build_straw_man_chord_sa. tolerance = 1, sa_iterations = 1000, initial_temperature = 3.0, cooling_rate = 0.999
26 - INFO - chord#: 58 done. best_score=82.0, changed=608, unchanged=233, early_stops=8/8
26 - INFO - chord#: 60 In build_straw_man_chord_sa. tolerance = 1, sa_iterations = 1000, initial_temperature = 3.0, cooling_rate = 0.999
26 - INFO - chord#: 60 done. best_score=31.0, changed=529, unchanged=323, early_stops=8/8
26 - INFO - chord#: 62 In build_straw_man_chord_sa. tolerance = 1, sa_iterations = 1000, initial_temperature = 3.0, cooling_rate = 0.999
26 - INFO - chord#: 62 done. best_score=7.0, changed=511, unchanged=310, early_stops=8/8
26 - INFO - chord#: 64 In build_straw_man_chord_sa. tolerance = 1, sa_iterations = 1000, initial_temperature = 3.0, cooling_rate = 0.999
26 - INFO - chord#: 64 done. best_score=27.0, changed=528, unchanged=406, early_stops=8/8
26 - INFO - chord#: 66 In build_straw_man_chord_sa. tolerance = 1, sa_iterations = 1000, initial_temperature = 3.0, cooling_rate = 0.999
26 - INFO - chord#: 58 done. best_score=97.0, changed=614, unchanged=292, early_stops=8/8
26 - INFO - chord#: 60 In build_straw_man_chord_sa. tolerance = 1, sa_iterations = 1000, initial_temperature = 3.0, cooling_rate = 0.999
26 - INFO - chord#: 56 done. best_score=27.0, changed=524, unchanged=337, early_stops=8/8
26 - INFO - chord#: 58 In build_straw_man_chord_sa. tolerance = 1, sa_iterations = 1000, initial_temperature = 3.0, cooling_rate = 0.999
26 - INFO - chord#: 64 done. best_score=27.0, changed=527, unchanged=375, early_stops=8/8
26 - INFO - chord#: 66 In build_straw_man_chord_sa. tolerance = 1, sa_iterations = 1000, initial_temperature = 3.0, cooling_rate = 0.999
26 - INFO - chord#: 60 done. best_score=31.0, changed=522, unchanged=333, early_stops=8/8
26 - INFO - chord#: 62 In build_straw_man_chord_sa. tolerance = 1, sa_iterations = 1000, initial_temperature = 3.0, cooling_rate = 0.999
26 - INFO - chord#: 62 done. best_score=7.0, changed=480, unchanged=326, early_stops=8/8
26 - INFO - chord#: 64 In build_straw_man_chord_sa. tolerance = 1, sa_iterations = 1000, initial_temperature = 3.0, cooling_rate = 0.999
26 - INFO - chord#: 64 done. best_score=27.0, changed=519, unchanged=393, early_stops=8/8
26 - INFO - chord#: 66 In build_straw_man_chord_sa. tolerance = 1, sa_iterations = 1000, initial_temperature = 3.0, cooling_rate = 0.999
26 - INFO - chord#: 54 done. best_score=70.0, changed=606, unchanged=317, early_stops=8/8
26 - INFO - chord#: 56 In build_straw_man_chord_sa. tolerance = 1, sa_iterations = 1000, initial_temperature = 3.0, cooling_rate = 0.999
26 - INFO - chord#: 54 done. best_score=70.0, changed=611, unchanged=448, early_stops=8/8
26 - INFO - chord#: 56 In build_straw_man_chord_sa. tolerance = 1, sa_iterations = 1000, initial_temperature = 3.0, cooling_rate = 0.999
26 - INFO - chord#: 60 done. best_score=31.0, changed=533, unchanged=389, early_stops=8/8
26 - INFO - chord#: 62 In build_straw_man_chord_sa. tolerance = 1, sa_iterations = 1000, initial_temperature = 3.0, cooling_rate = 0.999
26 - INFO - chord#: 58 done. best_score=82.0, changed=617, unchanged=359, early_stops=8/8
26 - INFO - chord#: 60 In build_straw_man_chord_sa. tolerance = 1, sa_iterations = 1000, initial_temperature = 3.0, cooling_rate = 0.999
26 - INFO - chord#: 64 done. best_score=27.0, changed=515, unchanged=302, early_stops=8/8
26 - INFO - chord#: 66 In build_straw_man_chord_sa. tolerance = 1, sa_iterations = 1000, initial_temperature = 3.0, cooling_rate = 0.999
26 - INFO - chord#: 58 done. best_score=82.0, changed=611, unchanged=292, early_stops=8/8
26 - INFO - chord#: 60 In build_straw_man_chord_sa. tolerance = 1, sa_iterations = 1000, initial_temperature = 3.0, cooling_rate = 0.999
26 - INFO - chord#: 62 done. best_score=7.0, changed=498, unchanged=319, early_stops=8/8
26 - INFO - chord#: 64 In build_straw_man_chord_sa. tolerance = 1, sa_iterations = 1000, initial_temperature = 3.0, cooling_rate = 0.999
26 - INFO - chord#: 54 done. best_score=149.0, changed=607, unchanged=209, early_stops=8/8
26 - INFO - chord#: 56 In build_straw_man_chord_sa. tolerance = 1, sa_iterations = 1000, initial_temperature = 3.0, cooling_rate = 0.999
26 - INFO - chord#: 56 done. best_score=27.0, changed=533, unchanged=399, early_stops=8/8
26 - INFO - chord#: 58 In build_straw_man_chord_sa. tolerance = 1, sa_iterations = 1000, initial_temperature = 3.0, cooling_rate = 0.999
26 - INFO - chord#: 66 done. best_score=67.0, changed=611, unchanged=241, early_stops=8/8
26 - INFO - chord#: 68 In build_straw_man_chord_sa. tolerance = 1, sa_iterations = 1000, initial_temperature = 3.0, cooling_rate = 0.999
26 - INFO - chord#: 56 done. best_score=27.0, changed=527, unchanged=364, early_stops=8/8
26 - INFO - chord#: 58 In build_straw_man_chord_sa. tolerance = 1, sa_iterations = 1000, initial_temperature = 3.0, cooling_rate = 0.999
26 - INFO - chord#: 60 done. best_score=31.0, changed=528, unchanged=318, early_stops=8/8
26 - INFO - chord#: 62 In build_straw_man_chord_sa. tolerance = 1, sa_iterations = 1000, initial_temperature = 3.0, cooling_rate = 0.999
26 - INFO - chord#: 66 done. best_score=167.0, changed=602, unchanged=200, early_stops=8/8
26 - INFO - chord#: 68 In build_straw_man_chord_sa. tolerance = 1, sa_iterations = 1000, initial_temperature = 3.0, cooling_rate = 0.999
26 - INFO - chord#: 60 done. best_score=31.0, changed=528, unchanged=287, early_stops=8/8
26 - INFO - chord#: 62 In build_straw_man_chord_sa. tolerance = 1, sa_iterations = 1000, initial_temperature = 3.0, cooling_rate = 0.999
26 - INFO - chord#: 58 done. best_score=97.0, changed=609, unchanged=314, early_stops=8/8
26 - INFO - chord#: 60 In build_straw_man_chord_sa. tolerance = 1, sa_iterations = 1000, initial_temperature = 3.0, cooling_rate = 0.999
26 - INFO - chord#: 62 done. best_score=7.0, changed=506, unchanged=307, early_stops=8/8
26 - INFO - chord#: 64 In build_straw_man_chord_sa. tolerance = 1, sa_iterations = 1000, initial_temperature = 3.0, cooling_rate = 0.999
26 - INFO - chord#: 62 done. best_score=7.0, changed=497, unchanged=321, early_stops=8/8
26 - INFO - chord#: 64 In build_straw_man_chord_sa. tolerance = 1, sa_iterations = 1000, initial_temperature = 3.0, cooling_rate = 0.999
26 - INFO - chord#: 64 done. best_score=27.0, changed=514, unchanged=313, early_stops=8/8
26 - INFO - chord#: 66 In build_straw_man_chord_sa. tolerance = 1, sa_iterations = 1000, initial_temperature = 3.0, cooling_rate = 0.999
26 - INFO - chord#: 66 done. best_score=67.0, changed=606, unchanged=261, early_stops=8/8
26 - INFO - chord#: 68 In build_straw_man_chord_sa. tolerance = 1, sa_iterations = 1000, initial_temperature = 3.0, cooling_rate = 0.999
26 - INFO - chord#: 56 done. best_score=27.0, changed=525, unchanged=338, early_stops=8/8
26 - INFO - chord#: 58 In build_straw_man_chord_sa. tolerance = 1, sa_iterations = 1000, initial_temperature = 3.0, cooling_rate = 0.999
26 - INFO - chord#: 54 done. best_score=111.0, changed=616, unchanged=471, early_stops=8/8
26 - INFO - chord#: 56 In build_straw_man_chord_sa. tolerance = 1, sa_iterations = 1000, initial_temperature = 3.0, cooling_rate = 0.999
26 - INFO - chord#: 68 done. best_score=27.0, changed=515, unchanged=329, early_stops=8/8
26 - INFO - chord#: 80 In build_straw_man_chord_sa. tolerance = 1, sa_iterations = 1000, initial_temperature = 3.0, cooling_rate = 0.999
26 - INFO - chord#: 60 done. best_score=31.0, changed=529, unchanged=316, early_stops=8/8
26 - INFO - chord#: 62 In build_straw_man_chord_sa. tolerance = 1, sa_iterations = 1000, initial_temperature = 3.0, cooling_rate = 0.999
26 - INFO - chord#: 68 done. best_score=27.0, changed=523, unchanged=419, early_stops=8/8
26 - INFO - chord#: 80 In build_straw_man_chord_sa. tolerance = 1, sa_iterations = 1000, initial_temperature = 3.0, cooling_rate = 0.999
26 - INFO - chord#: 62 done. best_score=7.0, changed=514, unchanged=305, early_stops=8/8
26 - INFO - chord#: 64 In build_straw_man_chord_sa. tolerance = 1, sa_iterations = 1000, initial_temperature = 3.0, cooling_rate = 0.999
26 - INFO - chord#: 64 done. best_score=27.0, changed=517, unchanged=323, early_stops=8/8
26 - INFO - chord#: 66 In build_straw_man_chord_sa. tolerance = 1, sa_iterations = 1000, initial_temperature = 3.0, cooling_rate = 0.999
26 - INFO - chord#: 64 done. best_score=27.0, changed=524, unchanged=348, early_stops=8/8
26 - INFO - chord#: 66 In build_straw_man_chord_sa. tolerance = 1, sa_iterations = 1000, initial_temperature = 3.0, cooling_rate = 0.999
26 - INFO - chord#: 68 done. best_score=27.0, changed=520, unchanged=385, early_stops=8/8
26 - INFO - chord#: 80 In build_straw_man_chord_sa. tolerance = 1, sa_iterations = 1000, initial_temperature = 3.0, cooling_rate = 0.999
26 - INFO - chord#: 66 done. best_score=67.0, changed=612, unchanged=317, early_stops=8/8
26 - INFO - chord#: 68 In build_straw_man_chord_sa. tolerance = 1, sa_iterations = 1000, initial_temperature = 3.0, cooling_rate = 0.999
26 - INFO - chord#: 80 done. best_score=27.0, changed=529, unchanged=342, early_stops=8/8
26 - INFO - chord#: 84 In build_straw_man_chord_sa. tolerance = 1, sa_iterations = 1000, initial_temperature = 3.0, cooling_rate = 0.999
26 - INFO - chord#: 56 done. best_score=27.0, changed=524, unchanged=320, early_stops=8/8
26 - INFO - chord#: 58 In build_straw_man_chord_sa. tolerance = 1, sa_iterations = 1000, initial_temperature = 3.0, cooling_rate = 0.999
26 - INFO - chord#: 80 done. best_score=27.0, changed=534, unchanged=392, early_stops=8/8
26 - INFO - chord#: 84 In build_straw_man_chord_sa. tolerance = 1, sa_iterations = 1000, initial_temperature = 3.0, cooling_rate = 0.999
26 - INFO - chord#: 64 done. best_score=27.0, changed=521, unchanged=413, early_stops=8/8
26 - INFO - chord#: 66 In build_straw_man_chord_sa. tolerance = 1, sa_iterations = 1000, initial_temperature = 3.0, cooling_rate = 0.999
26 - INFO - chord#: 80 done. best_score=27.0, changed=531, unchanged=457, early_stops=8/8
26 - INFO - chord#: 84 In build_straw_man_chord_sa. tolerance = 1, sa_iterations = 1000, initial_temperature = 3.0, cooling_rate = 0.999
26 - INFO - chord#: 68 done. best_score=27.0, changed=524, unchanged=483, early_stops=8/8
26 - INFO - chord#: 80 In build_straw_man_chord_sa. tolerance = 1, sa_iterations = 1000, initial_temperature = 3.0, cooling_rate = 0.999
26 - INFO - chord#: 84 done. best_score=27.0, changed=521, unchanged=405, early_stops=8/8
26 - INFO - chord#: 86 In build_straw_man_chord_sa. tolerance = 1, sa_iterations = 1000, initial_temperature = 3.0, cooling_rate = 0.999
26 - INFO - chord#: 58 done. best_score=82.0, changed=614, unchanged=410, early_stops=8/8
26 - INFO - chord#: 60 In build_straw_man_chord_sa. tolerance = 1, sa_iterations = 1000, initial_temperature = 3.0, cooling_rate = 0.999
26 - INFO - chord#: 58 done. best_score=82.0, changed=614, unchanged=340, early_stops=8/8
26 - INFO - chord#: 60 In build_straw_man_chord_sa. tolerance = 1, sa_iterations = 1000, initial_temperature = 3.0, cooling_rate = 0.999
26 - INFO - chord#: 84 done. best_score=27.0, changed=521, unchanged=478, early_stops=8/8
26 - INFO - chord#: 86 In build_straw_man_chord_sa. tolerance = 1, sa_iterations = 1000, initial_temperature = 3.0, cooling_rate = 0.999
26 - INFO - chord#: 58 done. best_score=82.0, changed=616, unchanged=251, early_stops=8/8
26 - INFO - chord#: 60 In build_straw_man_chord_sa. tolerance = 1, sa_iterations = 1000, initial_temperature = 3.0, cooling_rate = 0.999
26 - INFO - chord#: 66 done. best_score=137.0, changed=612, unchanged=282, early_stops=8/8
26 - INFO - chord#: 68 In build_straw_man_chord_sa. tolerance = 1, sa_iterations = 1000, initial_temperature = 3.0, cooling_rate = 0.999
26 - INFO - chord#: 84 done. best_score=27.0, changed=515, unchanged=319, early_stops=8/8
26 - INFO - chord#: 86 In build_straw_man_chord_sa. tolerance = 1, sa_iterations = 1000, initial_temperature = 3.0, cooling_rate = 0.999
26 - INFO - chord#: 80 done. best_score=27.0, changed=526, unchanged=365, early_stops=8/8
26 - INFO - chord#: 84 In build_straw_man_chord_sa. tolerance = 1, sa_iterations = 1000, initial_temperature = 3.0, cooling_rate = 0.999
26 - INFO - chord#: 66 done. best_score=67.0, changed=609, unchanged=369, early_stops=8/8
26 - INFO - chord#: 68 In build_straw_man_chord_sa. tolerance = 1, sa_iterations = 1000, initial_temperature = 3.0, cooling_rate = 0.999
26 - INFO - chord#: 60 done. best_score=31.0, changed=515, unchanged=303, early_stops=8/8
26 - INFO - chord#: 62 In build_straw_man_chord_sa. tolerance = 1, sa_iterations = 1000, initial_temperature = 3.0, cooling_rate = 0.999
26 - INFO - chord#: 60 done. best_score=31.0, changed=531, unchanged=330, early_stops=8/8
26 - INFO - chord#: 62 In build_straw_man_chord_sa. tolerance = 1, sa_iterations = 1000, initial_temperature = 3.0, cooling_rate = 0.999
26 - INFO - chord#: 62 done. best_score=7.0, changed=496, unchanged=345, early_stops=8/8
26 - INFO - chord#: 64 In build_straw_man_chord_sa. tolerance = 1, sa_iterations = 1000, initial_temperature = 3.0, cooling_rate = 0.999
26 - INFO - chord#: 62 done. best_score=7.0, changed=520, unchanged=305, early_stops=8/8
26 - INFO - chord#: 64 In build_straw_man_chord_sa. tolerance = 1, sa_iterations = 1000, initial_temperature = 3.0, cooling_rate = 0.999
26 - INFO - chord#: 60 done. best_score=31.0, changed=526, unchanged=373, early_stops=8/8
26 - INFO - chord#: 62 In build_straw_man_chord_sa. tolerance = 1, sa_iterations = 1000, initial_temperature = 3.0, cooling_rate = 0.999
26 - INFO - chord#: 66 done. best_score=67.0, changed=611, unchanged=282, early_stops=8/8
26 - INFO - chord#: 68 In build_straw_man_chord_sa. tolerance = 1, sa_iterations = 1000, initial_temperature = 3.0, cooling_rate = 0.999
26 - INFO - chord#: 84 done. best_score=27.0, changed=527, unchanged=321, early_stops=8/8
26 - INFO - chord#: 86 In build_straw_man_chord_sa. tolerance = 1, sa_iterations = 1000, initial_temperature = 3.0, cooling_rate = 0.999
26 - INFO - chord#: 62 done. best_score=7.0, changed=505, unchanged=322, early_stops=8/8
26 - INFO - chord#: 64 In build_straw_man_chord_sa. tolerance = 1, sa_iterations = 1000, initial_temperature = 3.0, cooling_rate = 0.999
26 - INFO - chord#: 68 done. best_score=27.0, changed=523, unchanged=532, early_stops=8/8
26 - INFO - chord#: 80 In build_straw_man_chord_sa. tolerance = 1, sa_iterations = 1000, initial_temperature = 3.0, cooling_rate = 0.999
26 - INFO - chord#: 86 done. best_score=167.0, changed=612, unchanged=369, early_stops=8/8
26 - INFO - chord#: 88 In build_straw_man_chord_sa. tolerance = 1, sa_iterations = 1000, initial_temperature = 3.0, cooling_rate = 0.999
26 - INFO - chord#: 58 done. best_score=82.0, changed=613, unchanged=444, early_stops=8/8
26 - INFO - chord#: 60 In build_straw_man_chord_sa. tolerance = 1, sa_iterations = 1000, initial_temperature = 3.0, cooling_rate = 0.999
26 - INFO - chord#: 68 done. best_score=27.0, changed=526, unchanged=679, early_stops=8/8
26 - INFO - chord#: 80 In build_straw_man_chord_sa. tolerance = 1, sa_iterations = 1000, initial_temperature = 3.0, cooling_rate = 0.999
26 - INFO - chord#: 66 done. best_score=67.0, changed=620, unchanged=537, early_stops=8/8
26 - INFO - chord#: 68 In build_straw_man_chord_sa. tolerance = 1, sa_iterations = 1000, initial_temperature = 3.0, cooling_rate = 0.999
26 - INFO - chord#: 64 done. best_score=27.0, changed=519, unchanged=347, early_stops=8/8
26 - INFO - chord#: 66 In build_straw_man_chord_sa. tolerance = 1, sa_iterations = 1000, initial_temperature = 3.0, cooling_rate = 0.999
26 - INFO - chord#: 64 done. best_score=27.0, changed=512, unchanged=302, early_stops=8/8
26 - INFO - chord#: 66 In build_straw_man_chord_sa. tolerance = 1, sa_iterations = 1000, initial_temperature = 3.0, cooling_rate = 0.999
26 - INFO - chord#: 86 done. best_score=162.0, changed=614, unchanged=313, early_stops=8/8
26 - INFO - chord#: 88 In build_straw_man_chord_sa. tolerance = 1, sa_iterations = 1000, initial_temperature = 3.0, cooling_rate = 0.999
26 - INFO - chord#: 68 done. best_score=27.0, changed=526, unchanged=428, early_stops=8/8
26 - INFO - chord#: 80 In build_straw_man_chord_sa. tolerance = 1, sa_iterations = 1000, initial_temperature = 3.0, cooling_rate = 0.999
26 - INFO - chord#: 86 done. best_score=67.0, changed=613, unchanged=264, early_stops=8/8
26 - INFO - chord#: 88 In build_straw_man_chord_sa. tolerance = 1, sa_iterations = 1000, initial_temperature = 3.0, cooling_rate = 0.999
26 - INFO - chord#: 88 done. best_score=27.0, changed=525, unchanged=421, early_stops=8/8
26 - INFO - chord#: 92 In build_straw_man_chord_sa. tolerance = 1, sa_iterations = 1000, initial_temperature = 3.0, cooling_rate = 0.999
26 - INFO - chord#: 80 done. best_score=27.0, changed=523, unchanged=320, early_stops=8/8
26 - INFO - chord#: 84 In build_straw_man_chord_sa. tolerance = 1, sa_iterations = 1000, initial_temperature = 3.0, cooling_rate = 0.999
26 - INFO - chord#: 64 done. best_score=27.0, changed=524, unchanged=436, early_stops=8/8
26 - INFO - chord#: 66 In build_straw_man_chord_sa. tolerance = 1, sa_iterations = 1000, initial_temperature = 3.0, cooling_rate = 0.999
26 - INFO - chord#: 80 done. best_score=27.0, changed=511, unchanged=310, early_stops=8/8
26 - INFO - chord#: 84 In build_straw_man_chord_sa. tolerance = 1, sa_iterations = 1000, initial_temperature = 3.0, cooling_rate = 0.999
26 - INFO - chord#: 60 done. best_score=31.0, changed=533, unchanged=394, early_stops=8/8
26 - INFO - chord#: 62 In build_straw_man_chord_sa. tolerance = 1, sa_iterations = 1000, initial_temperature = 3.0, cooling_rate = 0.999
26 - INFO - chord#: 68 done. best_score=27.0, changed=525, unchanged=395, early_stops=8/8
26 - INFO - chord#: 80 In build_straw_man_chord_sa. tolerance = 1, sa_iterations = 1000, initial_temperature = 3.0, cooling_rate = 0.999
26 - INFO - chord#: 62 done. best_score=7.0, changed=477, unchanged=330, early_stops=8/8
26 - INFO - chord#: 64 In build_straw_man_chord_sa. tolerance = 1, sa_iterations = 1000, initial_temperature = 3.0, cooling_rate = 0.999
26 - INFO - chord#: 80 done. best_score=27.0, changed=532, unchanged=441, early_stops=8/8
26 - INFO - chord#: 84 In build_straw_man_chord_sa. tolerance = 1, sa_iterations = 1000, initial_temperature = 3.0, cooling_rate = 0.999
26 - INFO - chord#: 88 done. best_score=27.0, changed=531, unchanged=362, early_stops=8/8
26 - INFO - chord#: 92 In build_straw_man_chord_sa. tolerance = 1, sa_iterations = 1000, initial_temperature = 3.0, cooling_rate = 0.999
26 - INFO - chord#: 88 done. best_score=27.0, changed=528, unchanged=388, early_stops=8/8
26 - INFO - chord#: 92 In build_straw_man_chord_sa. tolerance = 1, sa_iterations = 1000, initial_temperature = 3.0, cooling_rate = 0.999
26 - INFO - chord#: 92 done. best_score=27.0, changed=519, unchanged=472, early_stops=8/8
26 - INFO - chord#: 94 In build_straw_man_chord_sa. tolerance = 1, sa_iterations = 1000, initial_temperature = 3.0, cooling_rate = 0.999
26 - INFO - chord#: 86 done. best_score=67.0, changed=615, unchanged=341, early_stops=8/8
26 - INFO - chord#: 88 In build_straw_man_chord_sa. tolerance = 1, sa_iterations = 1000, initial_temperature = 3.0, cooling_rate = 0.999
26 - INFO - chord#: 84 done. best_score=27.0, changed=526, unchanged=496, early_stops=8/8
26 - INFO - chord#: 86 In build_straw_man_chord_sa. tolerance = 1, sa_iterations = 1000, initial_temperature = 3.0, cooling_rate = 0.999
26 - INFO - chord#: 80 done. best_score=27.0, changed=534, unchanged=364, early_stops=8/8
26 - INFO - chord#: 84 In build_straw_man_chord_sa. tolerance = 1, sa_iterations = 1000, initial_temperature = 3.0, cooling_rate = 0.999
26 - INFO - chord#: 84 done. best_score=27.0, changed=524, unchanged=449, early_stops=8/8
26 - INFO - chord#: 86 In build_straw_man_chord_sa. tolerance = 1, sa_iterations = 1000, initial_temperature = 3.0, cooling_rate = 0.999
26 - INFO - chord#: 64 done. best_score=27.0, changed=522, unchanged=364, early_stops=8/8
26 - INFO - chord#: 66 In build_straw_man_chord_sa. tolerance = 1, sa_iterations = 1000, initial_temperature = 3.0, cooling_rate = 0.999
26 - INFO - chord#: 84 done. best_score=27.0, changed=521, unchanged=474, early_stops=8/8
26 - INFO - chord#: 86 In build_straw_man_chord_sa. tolerance = 1, sa_iterations = 1000, initial_temperature = 3.0, cooling_rate = 0.999
26 - INFO - chord#: 92 done. best_score=27.0, changed=528, unchanged=491, early_stops=8/8
26 - INFO - chord#: 94 In build_straw_man_chord_sa. tolerance = 1, sa_iterations = 1000, initial_temperature = 3.0, cooling_rate = 0.999
26 - INFO - chord#: 88 done. best_score=27.0, changed=519, unchanged=312, early_stops=8/8
26 - INFO - chord#: 92 In build_straw_man_chord_sa. tolerance = 1, sa_iterations = 1000, initial_temperature = 3.0, cooling_rate = 0.999
26 - INFO - chord#: 92 done. best_score=27.0, changed=518, unchanged=356, early_stops=8/8
26 - INFO - chord#: 94 In build_straw_man_chord_sa. tolerance = 1, sa_iterations = 1000, initial_temperature = 3.0, cooling_rate = 0.999
26 - INFO - chord#: 66 done. best_score=67.0, changed=611, unchanged=221, early_stops=8/8
26 - INFO - chord#: 68 In build_straw_man_chord_sa. tolerance = 1, sa_iterations = 1000, initial_temperature = 3.0, cooling_rate = 0.999
26 - INFO - chord#: 84 done. best_score=27.0, changed=518, unchanged=378, early_stops=8/8
26 - INFO - chord#: 86 In build_straw_man_chord_sa. tolerance = 1, sa_iterations = 1000, initial_temperature = 3.0, cooling_rate = 0.999
26 - INFO - chord#: 66 done. best_score=67.0, changed=611, unchanged=470, early_stops=8/8
26 - INFO - chord#: 68 In build_straw_man_chord_sa. tolerance = 1, sa_iterations = 1000, initial_temperature = 3.0, cooling_rate = 0.999
26 - INFO - chord#: 92 done. best_score=27.0, changed=525, unchanged=394, early_stops=8/8
26 - INFO - chord#: 94 In build_straw_man_chord_sa. tolerance = 1, sa_iterations = 1000, initial_temperature = 3.0, cooling_rate = 0.999
26 - INFO - chord#: 68 done. best_score=27.0, changed=521, unchanged=410, early_stops=8/8
26 - INFO - chord#: 80 In build_straw_man_chord_sa. tolerance = 1, sa_iterations = 1000, initial_temperature = 3.0, cooling_rate = 0.999
26 - INFO - chord#: 66 done. best_score=67.0, changed=611, unchanged=451, early_stops=8/8
26 - INFO - chord#: 68 In build_straw_man_chord_sa. tolerance = 1, sa_iterations = 1000, initial_temperature = 3.0, cooling_rate = 0.999
26 - INFO - chord#: 94 done. best_score=64.0, changed=612, unchanged=338, early_stops=8/8
26 - INFO - chord#: 96 In build_straw_man_chord_sa. tolerance = 1, sa_iterations = 1000, initial_temperature = 3.0, cooling_rate = 0.999
26 - INFO - chord#: 86 done. best_score=137.0, changed=611, unchanged=360, early_stops=8/8
26 - INFO - chord#: 88 In build_straw_man_chord_sa. tolerance = 1, sa_iterations = 1000, initial_temperature = 3.0, cooling_rate = 0.999
26 - INFO - chord#: 86 done. best_score=137.0, changed=606, unchanged=245, early_stops=8/8
26 - INFO - chord#: 88 In build_straw_man_chord_sa. tolerance = 1, sa_iterations = 1000, initial_temperature = 3.0, cooling_rate = 0.999
26 - INFO - chord#: 94 done. best_score=64.0, changed=608, unchanged=214, early_stops=8/8
26 - INFO - chord#: 96 In build_straw_man_chord_sa. tolerance = 1, sa_iterations = 1000, initial_temperature = 3.0, cooling_rate = 0.999
26 - INFO - chord#: 86 done. best_score=145.0, changed=612, unchanged=279, early_stops=8/8
26 - INFO - chord#: 88 In build_straw_man_chord_sa. tolerance = 1, sa_iterations = 1000, initial_temperature = 3.0, cooling_rate = 0.999
26 - INFO - chord#: 80 done. best_score=27.0, changed=523, unchanged=320, early_stops=8/8
26 - INFO - chord#: 84 In build_straw_man_chord_sa. tolerance = 1, sa_iterations = 1000, initial_temperature = 3.0, cooling_rate = 0.999
26 - INFO - chord#: 68 done. best_score=27.0, changed=516, unchanged=400, early_stops=8/8
26 - INFO - chord#: 80 In build_straw_man_chord_sa. tolerance = 1, sa_iterations = 1000, initial_temperature = 3.0, cooling_rate = 0.999
26 - INFO - chord#: 86 done. best_score=67.0, changed=609, unchanged=270, early_stops=8/8
26 - INFO - chord#: 88 In build_straw_man_chord_sa. tolerance = 1, sa_iterations = 1000, initial_temperature = 3.0, cooling_rate = 0.999
26 - INFO - chord#: 88 done. best_score=27.0, changed=517, unchanged=312, early_stops=8/8
26 - INFO - chord#: 92 In build_straw_man_chord_sa. tolerance = 1, sa_iterations = 1000, initial_temperature = 3.0, cooling_rate = 0.999
26 - INFO - chord#: 96 done. best_score=27.0, changed=514, unchanged=371, early_stops=8/8
26 - INFO - chord#: 98 In build_straw_man_chord_sa. tolerance = 1, sa_iterations = 1000, initial_temperature = 3.0, cooling_rate = 0.999
26 - INFO - chord#: 88 done. best_score=27.0, changed=532, unchanged=343, early_stops=8/8
26 - INFO - chord#: 92 In build_straw_man_chord_sa. tolerance = 1, sa_iterations = 1000, initial_temperature = 3.0, cooling_rate = 0.999
26 - INFO - chord#: 94 done. best_score=64.0, changed=608, unchanged=259, early_stops=8/8
26 - INFO - chord#: 96 In build_straw_man_chord_sa. tolerance = 1, sa_iterations = 1000, initial_temperature = 3.0, cooling_rate = 0.999
26 - INFO - chord#: 66 done. best_score=157.0, changed=612, unchanged=366, early_stops=8/8
26 - INFO - chord#: 68 In build_straw_man_chord_sa. tolerance = 1, sa_iterations = 1000, initial_temperature = 3.0, cooling_rate = 0.999
26 - INFO - chord#: 68 done. best_score=27.0, changed=527, unchanged=598, early_stops=8/8
26 - INFO - chord#: 80 In build_straw_man_chord_sa. tolerance = 1, sa_iterations = 1000, initial_temperature = 3.0, cooling_rate = 0.999
26 - INFO - chord#: 96 done. best_score=27.0, changed=518, unchanged=435, early_stops=8/8
26 - INFO - chord#: 98 In build_straw_man_chord_sa. tolerance = 1, sa_iterations = 1000, initial_temperature = 3.0, cooling_rate = 0.999
26 - INFO - chord#: 88 done. best_score=27.0, changed=525, unchanged=394, early_stops=8/8
26 - INFO - chord#: 92 In build_straw_man_chord_sa. tolerance = 1, sa_iterations = 1000, initial_temperature = 3.0, cooling_rate = 0.999
26 - INFO - chord#: 88 done. best_score=27.0, changed=527, unchanged=339, early_stops=8/8
26 - INFO - chord#: 92 In build_straw_man_chord_sa. tolerance = 1, sa_iterations = 1000, initial_temperature = 3.0, cooling_rate = 0.999
26 - INFO - chord#: 92 done. best_score=27.0, changed=519, unchanged=328, early_stops=8/8
26 - INFO - chord#: 94 In build_straw_man_chord_sa. tolerance = 1, sa_iterations = 1000, initial_temperature = 3.0, cooling_rate = 0.999
26 - INFO - chord#: 94 done. best_score=104.0, changed=614, unchanged=311, early_stops=8/8
26 - INFO - chord#: 96 In build_straw_man_chord_sa. tolerance = 1, sa_iterations = 1000, initial_temperature = 3.0, cooling_rate = 0.999
26 - INFO - chord#: 84 done. best_score=27.0, changed=513, unchanged=333, early_stops=8/8
26 - INFO - chord#: 86 In build_straw_man_chord_sa. tolerance = 1, sa_iterations = 1000, initial_temperature = 3.0, cooling_rate = 0.999
26 - INFO - chord#: 80 done. best_score=27.0, changed=530, unchanged=416, early_stops=8/8
26 - INFO - chord#: 84 In build_straw_man_chord_sa. tolerance = 1, sa_iterations = 1000, initial_temperature = 3.0, cooling_rate = 0.999
26 - INFO - chord#: 92 done. best_score=27.0, changed=523, unchanged=355, early_stops=8/8
26 - INFO - chord#: 94 In build_straw_man_chord_sa. tolerance = 1, sa_iterations = 1000, initial_temperature = 3.0, cooling_rate = 0.999
26 - INFO - chord#: 96 done. best_score=27.0, changed=514, unchanged=425, early_stops=8/8
26 - INFO - chord#: 98 In build_straw_man_chord_sa. tolerance = 1, sa_iterations = 1000, initial_temperature = 3.0, cooling_rate = 0.999
26 - INFO - chord#: 68 done. best_score=27.0, changed=522, unchanged=440, early_stops=8/8
26 - INFO - chord#: 80 In build_straw_man_chord_sa. tolerance = 1, sa_iterations = 1000, initial_temperature = 3.0, cooling_rate = 0.999
26 - INFO - chord#: 80 done. best_score=27.0, changed=536, unchanged=400, early_stops=8/8
26 - INFO - chord#: 84 In build_straw_man_chord_sa. tolerance = 1, sa_iterations = 1000, initial_temperature = 3.0, cooling_rate = 0.999
26 - INFO - chord#: 92 done. best_score=27.0, changed=526, unchanged=486, early_stops=8/8
26 - INFO - chord#: 94 In build_straw_man_chord_sa. tolerance = 1, sa_iterations = 1000, initial_temperature = 3.0, cooling_rate = 0.999
26 - INFO - chord#: 96 done. best_score=27.0, changed=524, unchanged=440, early_stops=8/8
26 - INFO - chord#: 98 In build_straw_man_chord_sa. tolerance = 1, sa_iterations = 1000, initial_temperature = 3.0, cooling_rate = 0.999
26 - INFO - chord#: 92 done. best_score=27.0, changed=519, unchanged=370, early_stops=8/8
26 - INFO - chord#: 94 In build_straw_man_chord_sa. tolerance = 1, sa_iterations = 1000, initial_temperature = 3.0, cooling_rate = 0.999
26 - INFO - chord#: 84 done. best_score=27.0, changed=520, unchanged=417, early_stops=8/8
26 - INFO - chord#: 86 In build_straw_man_chord_sa. tolerance = 1, sa_iterations = 1000, initial_temperature = 3.0, cooling_rate = 0.999
26 - INFO - chord#: 98 done. best_score=67.0, changed=612, unchanged=378, early_stops=8/8
26 - INFO - chord#: 100 In build_straw_man_chord_sa. tolerance = 1, sa_iterations = 1000, initial_temperature = 3.0, cooling_rate = 0.999
26 - INFO - chord#: 98 done. best_score=67.0, changed=611, unchanged=301, early_stops=8/8
26 - INFO - chord#: 100 In build_straw_man_chord_sa. tolerance = 1, sa_iterations = 1000, initial_temperature = 3.0, cooling_rate = 0.999
26 - INFO - chord#: 80 done. best_score=27.0, changed=523, unchanged=364, early_stops=8/8
26 - INFO - chord#: 84 In build_straw_man_chord_sa. tolerance = 1, sa_iterations = 1000, initial_temperature = 3.0, cooling_rate = 0.999
26 - INFO - chord#: 84 done. best_score=27.0, changed=518, unchanged=321, early_stops=8/8
26 - INFO - chord#: 86 In build_straw_man_chord_sa. tolerance = 1, sa_iterations = 1000, initial_temperature = 3.0, cooling_rate = 0.999
26 - INFO - chord#: 94 done. best_score=140.0, changed=612, unchanged=259, early_stops=8/8
26 - INFO - chord#: 96 In build_straw_man_chord_sa. tolerance = 1, sa_iterations = 1000, initial_temperature = 3.0, cooling_rate = 0.999
26 - INFO - chord#: 100 done. best_score=27.0, changed=515, unchanged=300, early_stops=8/8
26 - INFO - chord#: 104 In build_straw_man_chord_sa. tolerance = 1, sa_iterations = 1000, initial_temperature = 3.0, cooling_rate = 0.999
26 - INFO - chord#: 94 done. best_score=146.0, changed=614, unchanged=298, early_stops=8/8
26 - INFO - chord#: 96 In build_straw_man_chord_sa. tolerance = 1, sa_iterations = 1000, initial_temperature = 3.0, cooling_rate = 0.999
26 - INFO - chord#: 86 done. best_score=137.0, changed=611, unchanged=292, early_stops=8/8
26 - INFO - chord#: 88 In build_straw_man_chord_sa. tolerance = 1, sa_iterations = 1000, initial_temperature = 3.0, cooling_rate = 0.999
26 - INFO - chord#: 100 done. best_score=27.0, changed=516, unchanged=379, early_stops=8/8
26 - INFO - chord#: 104 In build_straw_man_chord_sa. tolerance = 1, sa_iterations = 1000, initial_temperature = 3.0, cooling_rate = 0.999
26 - INFO - chord#: 84 done. best_score=36.0, changed=514, unchanged=383, early_stops=8/8
26 - INFO - chord#: 86 In build_straw_man_chord_sa. tolerance = 1, sa_iterations = 1000, initial_temperature = 3.0, cooling_rate = 0.999
26 - INFO - chord#: 104 done. best_score=35.0, changed=525, unchanged=362, early_stops=8/8
26 - INFO - chord#: 106 In build_straw_man_chord_sa. tolerance = 1, sa_iterations = 1000, initial_temperature = 3.0, cooling_rate = 0.999
26 - INFO - chord#: 96 done. best_score=27.0, changed=529, unchanged=552, early_stops=8/8
26 - INFO - chord#: 98 In build_straw_man_chord_sa. tolerance = 1, sa_iterations = 1000, initial_temperature = 3.0, cooling_rate = 0.999
26 - INFO - chord#: 94 done. best_score=64.0, changed=614, unchanged=319, early_stops=8/8
26 - INFO - chord#: 96 In build_straw_man_chord_sa. tolerance = 1, sa_iterations = 1000, initial_temperature = 3.0, cooling_rate = 0.999
26 - INFO - chord#: 98 done. best_score=96.0, changed=614, unchanged=356, early_stops=8/8
26 - INFO - chord#: 100 In build_straw_man_chord_sa. tolerance = 1, sa_iterations = 1000, initial_temperature = 3.0, cooling_rate = 0.999
26 - INFO - chord#: 98 done. best_score=140.0, changed=619, unchanged=388, early_stops=8/8
26 - INFO - chord#: 100 In build_straw_man_chord_sa. tolerance = 1, sa_iterations = 1000, initial_temperature = 3.0, cooling_rate = 0.999
26 - INFO - chord#: 94 done. best_score=64.0, changed=614, unchanged=281, early_stops=8/8
26 - INFO - chord#: 96 In build_straw_man_chord_sa. tolerance = 1, sa_iterations = 1000, initial_temperature = 3.0, cooling_rate = 0.999
26 - INFO - chord#: 96 done. best_score=27.0, changed=522, unchanged=473, early_stops=8/8
26 - INFO - chord#: 98 In build_straw_man_chord_sa. tolerance = 1, sa_iterations = 1000, initial_temperature = 3.0, cooling_rate = 0.999
26 - INFO - chord#: 88 done. best_score=27.0, changed=521, unchanged=362, early_stops=8/8
26 - INFO - chord#: 92 In build_straw_man_chord_sa. tolerance = 1, sa_iterations = 1000, initial_temperature = 3.0, cooling_rate = 0.999
26 - INFO - chord#: 106 done. best_score=36.0, changed=527, unchanged=304, early_stops=8/8
26 - INFO - chord#: 108 In build_straw_man_chord_sa. tolerance = 1, sa_iterations = 1000, initial_temperature = 3.0, cooling_rate = 0.999
26 - INFO - chord#: 104 done. best_score=35.0, changed=520, unchanged=352, early_stops=8/8
26 - INFO - chord#: 106 In build_straw_man_chord_sa. tolerance = 1, sa_iterations = 1000, initial_temperature = 3.0, cooling_rate = 0.999
26 - INFO - chord#: 86 done. best_score=67.0, changed=611, unchanged=429, early_stops=8/8
26 - INFO - chord#: 88 In build_straw_man_chord_sa. tolerance = 1, sa_iterations = 1000, initial_temperature = 3.0, cooling_rate = 0.999
26 - INFO - chord#: 100 done. best_score=27.0, changed=514, unchanged=386, early_stops=8/8
26 - INFO - chord#: 104 In build_straw_man_chord_sa. tolerance = 1, sa_iterations = 1000, initial_temperature = 3.0, cooling_rate = 0.999
26 - INFO - chord#: 96 done. best_score=27.0, changed=523, unchanged=413, early_stops=8/8
26 - INFO - chord#: 98 In build_straw_man_chord_sa. tolerance = 1, sa_iterations = 1000, initial_temperature = 3.0, cooling_rate = 0.999
26 - INFO - chord#: 100 done. best_score=27.0, changed=523, unchanged=424, early_stops=8/8
26 - INFO - chord#: 104 In build_straw_man_chord_sa. tolerance = 1, sa_iterations = 1000, initial_temperature = 3.0, cooling_rate = 0.999
26 - INFO - chord#: 96 done. best_score=27.0, changed=526, unchanged=587, early_stops=8/8
26 - INFO - chord#: 98 In build_straw_man_chord_sa. tolerance = 1, sa_iterations = 1000, initial_temperature = 3.0, cooling_rate = 0.999
26 - INFO - chord#: 108 done. best_score=27.0, changed=520, unchanged=355, early_stops=8/8
26 - INFO - chord#: 112 In build_straw_man_chord_sa. tolerance = 1, sa_iterations = 1000, initial_temperature = 3.0, cooling_rate = 0.999
26 - INFO - chord#: 86 done. best_score=67.0, changed=608, unchanged=360, early_stops=8/8
26 - INFO - chord#: 88 In build_straw_man_chord_sa. tolerance = 1, sa_iterations = 1000, initial_temperature = 3.0, cooling_rate = 0.999
26 - INFO - chord#: 92 done. best_score=27.0, changed=522, unchanged=441, early_stops=8/8
26 - INFO - chord#: 94 In build_straw_man_chord_sa. tolerance = 1, sa_iterations = 1000, initial_temperature = 3.0, cooling_rate = 0.999
26 - INFO - chord#: 104 done. best_score=35.0, changed=520, unchanged=359, early_stops=8/8
26 - INFO - chord#: 106 In build_straw_man_chord_sa. tolerance = 1, sa_iterations = 1000, initial_temperature = 3.0, cooling_rate = 0.999
26 - INFO - chord#: 106 done. best_score=36.0, changed=528, unchanged=417, early_stops=8/8
26 - INFO - chord#: 108 In build_straw_man_chord_sa. tolerance = 1, sa_iterations = 1000, initial_temperature = 3.0, cooling_rate = 0.999
26 - INFO - chord#: 98 done. best_score=137.0, changed=608, unchanged=278, early_stops=8/8
26 - INFO - chord#: 100 In build_straw_man_chord_sa. tolerance = 1, sa_iterations = 1000, initial_temperature = 3.0, cooling_rate = 0.999
26 - INFO - chord#: 88 done. best_score=27.0, changed=523, unchanged=380, early_stops=8/8
26 - INFO - chord#: 92 In build_straw_man_chord_sa. tolerance = 1, sa_iterations = 1000, initial_temperature = 3.0, cooling_rate = 0.999
26 - INFO - chord#: 86 done. best_score=119.0, changed=609, unchanged=256, early_stops=8/8
26 - INFO - chord#: 88 In build_straw_man_chord_sa. tolerance = 1, sa_iterations = 1000, initial_temperature = 3.0, cooling_rate = 0.999
26 - INFO - chord#: 98 done. best_score=67.0, changed=612, unchanged=316, early_stops=8/8
26 - INFO - chord#: 100 In build_straw_man_chord_sa. tolerance = 1, sa_iterations = 1000, initial_temperature = 3.0, cooling_rate = 0.999
26 - INFO - chord#: 112 done. best_score=27.0, changed=527, unchanged=362, early_stops=8/8
26 - INFO - chord#: 116 In build_straw_man_chord_sa. tolerance = 1, sa_iterations = 1000, initial_temperature = 3.0, cooling_rate = 0.999
26 - INFO - chord#: 104 done. best_score=35.0, changed=522, unchanged=496, early_stops=8/8
26 - INFO - chord#: 106 In build_straw_man_chord_sa. tolerance = 1, sa_iterations = 1000, initial_temperature = 3.0, cooling_rate = 0.999
26 - INFO - chord#: 88 done. best_score=27.0, changed=521, unchanged=307, early_stops=8/8
26 - INFO - chord#: 92 In build_straw_man_chord_sa. tolerance = 1, sa_iterations = 1000, initial_temperature = 3.0, cooling_rate = 0.999
26 - INFO - chord#: 106 done. best_score=36.0, changed=533, unchanged=336, early_stops=8/8
26 - INFO - chord#: 108 In build_straw_man_chord_sa. tolerance = 1, sa_iterations = 1000, initial_temperature = 3.0, cooling_rate = 0.999
26 - INFO - chord#: 108 done. best_score=27.0, changed=516, unchanged=349, early_stops=8/8
26 - INFO - chord#: 112 In build_straw_man_chord_sa. tolerance = 1, sa_iterations = 1000, initial_temperature = 3.0, cooling_rate = 0.999
26 - INFO - chord#: 100 done. best_score=27.0, changed=519, unchanged=432, early_stops=8/8
26 - INFO - chord#: 104 In build_straw_man_chord_sa. tolerance = 1, sa_iterations = 1000, initial_temperature = 3.0, cooling_rate = 0.999
26 - INFO - chord#: 88 done. best_score=27.0, changed=537, unchanged=346, early_stops=8/8
26 - INFO - chord#: 92 In build_straw_man_chord_sa. tolerance = 1, sa_iterations = 1000, initial_temperature = 3.0, cooling_rate = 0.999
26 - INFO - chord#: 116 done. best_score=27.0, changed=520, unchanged=308, early_stops=8/8
26 - INFO - chord#: 118 In build_straw_man_chord_sa. tolerance = 1, sa_iterations = 1000, initial_temperature = 3.0, cooling_rate = 0.999
26 - INFO - chord#: 98 done. best_score=67.0, changed=612, unchanged=331, early_stops=8/8
26 - INFO - chord#: 100 In build_straw_man_chord_sa. tolerance = 1, sa_iterations = 1000, initial_temperature = 3.0, cooling_rate = 0.999
26 - INFO - chord#: 92 done. best_score=27.0, changed=528, unchanged=424, early_stops=8/8
26 - INFO - chord#: 94 In build_straw_man_chord_sa. tolerance = 1, sa_iterations = 1000, initial_temperature = 3.0, cooling_rate = 0.999
26 - INFO - chord#: 108 done. best_score=27.0, changed=518, unchanged=341, early_stops=8/8
26 - INFO - chord#: 112 In build_straw_man_chord_sa. tolerance = 1, sa_iterations = 1000, initial_temperature = 3.0, cooling_rate = 0.999
26 - INFO - chord#: 100 done. best_score=27.0, changed=527, unchanged=657, early_stops=8/8
26 - INFO - chord#: 104 In build_straw_man_chord_sa. tolerance = 1, sa_iterations = 1000, initial_temperature = 3.0, cooling_rate = 0.999
26 - INFO - chord#: 106 done. best_score=36.0, changed=529, unchanged=429, early_stops=8/8
26 - INFO - chord#: 108 In build_straw_man_chord_sa. tolerance = 1, sa_iterations = 1000, initial_temperature = 3.0, cooling_rate = 0.999
26 - INFO - chord#: 104 done. best_score=35.0, changed=516, unchanged=339, early_stops=8/8
26 - INFO - chord#: 106 In build_straw_man_chord_sa. tolerance = 1, sa_iterations = 1000, initial_temperature = 3.0, cooling_rate = 0.999
26 - INFO - chord#: 98 done. best_score=67.0, changed=624, unchanged=411, early_stops=8/8
26 - INFO - chord#: 100 In build_straw_man_chord_sa. tolerance = 1, sa_iterations = 1000, initial_temperature = 3.0, cooling_rate = 0.999
26 - INFO - chord#: 112 done. best_score=27.0, changed=523, unchanged=375, early_stops=8/8
26 - INFO - chord#: 116 In build_straw_man_chord_sa. tolerance = 1, sa_iterations = 1000, initial_temperature = 3.0, cooling_rate = 0.999
26 - INFO - chord#: 92 done. best_score=27.0, changed=529, unchanged=535, early_stops=8/8
26 - INFO - chord#: 94 In build_straw_man_chord_sa. tolerance = 1, sa_iterations = 1000, initial_temperature = 3.0, cooling_rate = 0.999
26 - INFO - chord#: 118 done. best_score=27.0, changed=514, unchanged=323, early_stops=8/8
26 - INFO - chord#: 120 In build_straw_man_chord_sa. tolerance = 1, sa_iterations = 1000, initial_temperature = 3.0, cooling_rate = 0.999
26 - INFO - chord#: 100 done. best_score=27.0, changed=525, unchanged=467, early_stops=8/8
26 - INFO - chord#: 104 In build_straw_man_chord_sa. tolerance = 1, sa_iterations = 1000, initial_temperature = 3.0, cooling_rate = 0.999
26 - INFO - chord#: 92 done. best_score=27.0, changed=526, unchanged=370, early_stops=8/8
26 - INFO - chord#: 94 In build_straw_man_chord_sa. tolerance = 1, sa_iterations = 1000, initial_temperature = 3.0, cooling_rate = 0.999
26 - INFO - chord#: 104 done. best_score=35.0, changed=531, unchanged=460, early_stops=8/8
26 - INFO - chord#: 106 In build_straw_man_chord_sa. tolerance = 1, sa_iterations = 1000, initial_temperature = 3.0, cooling_rate = 0.999
26 - INFO - chord#: 106 done. best_score=36.0, changed=520, unchanged=384, early_stops=8/8
26 - INFO - chord#: 108 In build_straw_man_chord_sa. tolerance = 1, sa_iterations = 1000, initial_temperature = 3.0, cooling_rate = 0.999
26 - INFO - chord#: 94 done. best_score=64.0, changed=615, unchanged=275, early_stops=8/8
26 - INFO - chord#: 96 In build_straw_man_chord_sa. tolerance = 1, sa_iterations = 1000, initial_temperature = 3.0, cooling_rate = 0.999
26 - INFO - chord#: 112 done. best_score=27.0, changed=516, unchanged=419, early_stops=8/8
26 - INFO - chord#: 116 In build_straw_man_chord_sa. tolerance = 1, sa_iterations = 1000, initial_temperature = 3.0, cooling_rate = 0.999
26 - INFO - chord#: 100 done. best_score=27.0, changed=519, unchanged=429, early_stops=8/8
26 - INFO - chord#: 104 In build_straw_man_chord_sa. tolerance = 1, sa_iterations = 1000, initial_temperature = 3.0, cooling_rate = 0.999
26 - INFO - chord#: 108 done. best_score=27.0, changed=512, unchanged=356, early_stops=8/8
26 - INFO - chord#: 112 In build_straw_man_chord_sa. tolerance = 1, sa_iterations = 1000, initial_temperature = 3.0, cooling_rate = 0.999
26 - INFO - chord#: 120 done. best_score=27.0, changed=523, unchanged=464, early_stops=8/8
26 - INFO - chord#: 122 In build_straw_man_chord_sa. tolerance = 1, sa_iterations = 1000, initial_temperature = 3.0, cooling_rate = 0.999
26 - INFO - chord#: 104 done. best_score=35.0, changed=521, unchanged=395, early_stops=8/8
26 - INFO - chord#: 106 In build_straw_man_chord_sa. tolerance = 1, sa_iterations = 1000, initial_temperature = 3.0, cooling_rate = 0.999
26 - INFO - chord#: 106 done. best_score=36.0, changed=529, unchanged=320, early_stops=8/8
26 - INFO - chord#: 108 In build_straw_man_chord_sa. tolerance = 1, sa_iterations = 1000, initial_temperature = 3.0, cooling_rate = 0.999
26 - INFO - chord#: 108 done. best_score=27.0, changed=519, unchanged=377, early_stops=8/8
26 - INFO - chord#: 112 In build_straw_man_chord_sa. tolerance = 1, sa_iterations = 1000, initial_temperature = 3.0, cooling_rate = 0.999
26 - INFO - chord#: 116 done. best_score=27.0, changed=523, unchanged=322, early_stops=8/8
26 - INFO - chord#: 118 In build_straw_man_chord_sa. tolerance = 1, sa_iterations = 1000, initial_temperature = 3.0, cooling_rate = 0.999
26 - INFO - chord#: 116 done. best_score=27.0, changed=523, unchanged=351, early_stops=8/8
26 - INFO - chord#: 118 In build_straw_man_chord_sa. tolerance = 1, sa_iterations = 1000, initial_temperature = 3.0, cooling_rate = 0.999
26 - INFO - chord#: 104 done. best_score=35.0, changed=527, unchanged=394, early_stops=8/8
26 - INFO - chord#: 106 In build_straw_man_chord_sa. tolerance = 1, sa_iterations = 1000, initial_temperature = 3.0, cooling_rate = 0.999
26 - INFO - chord#: 96 done. best_score=27.0, changed=512, unchanged=324, early_stops=8/8
26 - INFO - chord#: 98 In build_straw_man_chord_sa. tolerance = 1, sa_iterations = 1000, initial_temperature = 3.0, cooling_rate = 0.999
26 - INFO - chord#: 112 done. best_score=27.0, changed=520, unchanged=429, early_stops=8/8
26 - INFO - chord#: 116 In build_straw_man_chord_sa. tolerance = 1, sa_iterations = 1000, initial_temperature = 3.0, cooling_rate = 0.999
26 - INFO - chord#: 94 done. best_score=64.0, changed=612, unchanged=252, early_stops=8/8
26 - INFO - chord#: 96 In build_straw_man_chord_sa. tolerance = 1, sa_iterations = 1000, initial_temperature = 3.0, cooling_rate = 0.999
26 - INFO - chord#: 106 done. best_score=36.0, changed=524, unchanged=357, early_stops=8/8
26 - INFO - chord#: 108 In build_straw_man_chord_sa. tolerance = 1, sa_iterations = 1000, initial_temperature = 3.0, cooling_rate = 0.999
26 - INFO - chord#: 108 done. best_score=27.0, changed=518, unchanged=520, early_stops=8/8
26 - INFO - chord#: 112 In build_straw_man_chord_sa. tolerance = 1, sa_iterations = 1000, initial_temperature = 3.0, cooling_rate = 0.999
26 - INFO - chord#: 112 done. best_score=27.0, changed=526, unchanged=352, early_stops=8/8
26 - INFO - chord#: 116 In build_straw_man_chord_sa. tolerance = 1, sa_iterations = 1000, initial_temperature = 3.0, cooling_rate = 0.999
26 - INFO - chord#: 118 done. best_score=27.0, changed=520, unchanged=503, early_stops=8/8
26 - INFO - chord#: 120 In build_straw_man_chord_sa. tolerance = 1, sa_iterations = 1000, initial_temperature = 3.0, cooling_rate = 0.999
26 - INFO - chord#: 106 done. best_score=36.0, changed=531, unchanged=477, early_stops=8/8
26 - INFO - chord#: 108 In build_straw_man_chord_sa. tolerance = 1, sa_iterations = 1000, initial_temperature = 3.0, cooling_rate = 0.999
26 - INFO - chord#: 118 done. best_score=27.0, changed=529, unchanged=389, early_stops=8/8
26 - INFO - chord#: 120 In build_straw_man_chord_sa. tolerance = 1, sa_iterations = 1000, initial_temperature = 3.0, cooling_rate = 0.999
26 - INFO - chord#: 94 done. best_score=150.0, changed=609, unchanged=230, early_stops=8/8
26 - INFO - chord#: 96 In build_straw_man_chord_sa. tolerance = 1, sa_iterations = 1000, initial_temperature = 3.0, cooling_rate = 0.999
26 - INFO - chord#: 108 done. best_score=27.0, changed=518, unchanged=350, early_stops=8/8
26 - INFO - chord#: 112 In build_straw_man_chord_sa. tolerance = 1, sa_iterations = 1000, initial_temperature = 3.0, cooling_rate = 0.999
26 - INFO - chord#: 116 done. best_score=27.0, changed=528, unchanged=503, early_stops=8/8
26 - INFO - chord#: 118 In build_straw_man_chord_sa. tolerance = 1, sa_iterations = 1000, initial_temperature = 3.0, cooling_rate = 0.999
26 - INFO - chord#: 112 done. best_score=27.0, changed=523, unchanged=325, early_stops=8/8
26 - INFO - chord#: 116 In build_straw_man_chord_sa. tolerance = 1, sa_iterations = 1000, initial_temperature = 3.0, cooling_rate = 0.999
26 - INFO - chord#: 116 done. best_score=27.0, changed=525, unchanged=512, early_stops=8/8
26 - INFO - chord#: 118 In build_straw_man_chord_sa. tolerance = 1, sa_iterations = 1000, initial_temperature = 3.0, cooling_rate = 0.999
26 - INFO - chord#: 120 done. best_score=27.0, changed=513, unchanged=332, early_stops=8/8
26 - INFO - chord#: 122 In build_straw_man_chord_sa. tolerance = 1, sa_iterations = 1000, initial_temperature = 3.0, cooling_rate = 0.999
26 - INFO - chord#: 96 done. best_score=27.0, changed=517, unchanged=348, early_stops=8/8
26 - INFO - chord#: 98 In build_straw_man_chord_sa. tolerance = 1, sa_iterations = 1000, initial_temperature = 3.0, cooling_rate = 0.999
26 - INFO - chord#: 108 done. best_score=27.0, changed=511, unchanged=302, early_stops=8/8
26 - INFO - chord#: 112 In build_straw_man_chord_sa. tolerance = 1, sa_iterations = 1000, initial_temperature = 3.0, cooling_rate = 0.999
26 - INFO - chord#: 122 done. best_score=135.0, changed=617, unchanged=530, early_stops=8/8
26 - INFO - chord#: 124 In build_straw_man_chord_sa. tolerance = 1, sa_iterations = 1000, initial_temperature = 3.0, cooling_rate = 0.999
26 - INFO - chord#: 94 done. best_score=64.0, changed=615, unchanged=420, early_stops=8/8
26 - INFO - chord#: 96 In build_straw_man_chord_sa. tolerance = 1, sa_iterations = 1000, initial_temperature = 3.0, cooling_rate = 0.999
26 - INFO - chord#: 98 done. best_score=145.0, changed=609, unchanged=203, early_stops=8/8
26 - INFO - chord#: 100 In build_straw_man_chord_sa. tolerance = 1, sa_iterations = 1000, initial_temperature = 3.0, cooling_rate = 0.999
26 - INFO - chord#: 120 done. best_score=27.0, changed=516, unchanged=458, early_stops=8/8
26 - INFO - chord#: 122 In build_straw_man_chord_sa. tolerance = 1, sa_iterations = 1000, initial_temperature = 3.0, cooling_rate = 0.999
26 - INFO - chord#: 96 done. best_score=27.0, changed=521, unchanged=339, early_stops=8/8
26 - INFO - chord#: 98 In build_straw_man_chord_sa. tolerance = 1, sa_iterations = 1000, initial_temperature = 3.0, cooling_rate = 0.999
26 - INFO - chord#: 116 done. best_score=27.0, changed=522, unchanged=406, early_stops=8/8
26 - INFO - chord#: 118 In build_straw_man_chord_sa. tolerance = 1, sa_iterations = 1000, initial_temperature = 3.0, cooling_rate = 0.999
26 - INFO - chord#: 112 done. best_score=27.0, changed=520, unchanged=426, early_stops=8/8
26 - INFO - chord#: 116 In build_straw_man_chord_sa. tolerance = 1, sa_iterations = 1000, initial_temperature = 3.0, cooling_rate = 0.999
26 - INFO - chord#: 118 done. best_score=27.0, changed=521, unchanged=536, early_stops=8/8
26 - INFO - chord#: 120 In build_straw_man_chord_sa. tolerance = 1, sa_iterations = 1000, initial_temperature = 3.0, cooling_rate = 0.999
26 - INFO - chord#: 112 done. best_score=27.0, changed=520, unchanged=380, early_stops=8/8
26 - INFO - chord#: 116 In build_straw_man_chord_sa. tolerance = 1, sa_iterations = 1000, initial_temperature = 3.0, cooling_rate = 0.999
26 - INFO - chord#: 118 done. best_score=27.0, changed=529, unchanged=437, early_stops=8/8
26 - INFO - chord#: 120 In build_straw_man_chord_sa. tolerance = 1, sa_iterations = 1000, initial_temperature = 3.0, cooling_rate = 0.999
26 - INFO - chord#: 124 done. best_score=27.0, changed=525, unchanged=479, early_stops=8/8
26 - INFO - chord#: 126 In build_straw_man_chord_sa. tolerance = 1, sa_iterations = 1000, initial_temperature = 3.0, cooling_rate = 0.999
26 - INFO - chord#: 116 done. best_score=27.0, changed=516, unchanged=320, early_stops=8/8
26 - INFO - chord#: 118 In build_straw_man_chord_sa. tolerance = 1, sa_iterations = 1000, initial_temperature = 3.0, cooling_rate = 0.999
26 - INFO - chord#: 96 done. best_score=27.0, changed=528, unchanged=418, early_stops=8/8
26 - INFO - chord#: 98 In build_straw_man_chord_sa. tolerance = 1, sa_iterations = 1000, initial_temperature = 3.0, cooling_rate = 0.999
26 - INFO - chord#: 100 done. best_score=27.0, changed=521, unchanged=382, early_stops=8/8
26 - INFO - chord#: 104 In build_straw_man_chord_sa. tolerance = 1, sa_iterations = 1000, initial_temperature = 3.0, cooling_rate = 0.999
26 - INFO - chord#: 118 done. best_score=27.0, changed=530, unchanged=525, early_stops=8/8
26 - INFO - chord#: 120 In build_straw_man_chord_sa. tolerance = 1, sa_iterations = 1000, initial_temperature = 3.0, cooling_rate = 0.999
26 - INFO - chord#: 122 done. best_score=135.0, changed=609, unchanged=291, early_stops=8/8
26 - INFO - chord#: 124 In build_straw_man_chord_sa. tolerance = 1, sa_iterations = 1000, initial_temperature = 3.0, cooling_rate = 0.999
26 - INFO - chord#: 116 done. best_score=27.0, changed=529, unchanged=453, early_stops=8/8
26 - INFO - chord#: 118 In build_straw_man_chord_sa. tolerance = 1, sa_iterations = 1000, initial_temperature = 3.0, cooling_rate = 0.999
26 - INFO - chord#: 120 done. best_score=27.0, changed=524, unchanged=508, early_stops=8/8
26 - INFO - chord#: 122 In build_straw_man_chord_sa. tolerance = 1, sa_iterations = 1000, initial_temperature = 3.0, cooling_rate = 0.999
26 - INFO - chord#: 120 done. best_score=27.0, changed=532, unchanged=573, early_stops=8/8
26 - INFO - chord#: 122 In build_straw_man_chord_sa. tolerance = 1, sa_iterations = 1000, initial_temperature = 3.0, cooling_rate = 0.999
26 - INFO - chord#: 118 done. best_score=27.0, changed=519, unchanged=452, early_stops=8/8
26 - INFO - chord#: 120 In build_straw_man_chord_sa. tolerance = 1, sa_iterations = 1000, initial_temperature = 3.0, cooling_rate = 0.999
26 - INFO - chord#: 98 done. best_score=78.0, changed=609, unchanged=344, early_stops=8/8
26 - INFO - chord#: 100 In build_straw_man_chord_sa. tolerance = 1, sa_iterations = 1000, initial_temperature = 3.0, cooling_rate = 0.999
26 - INFO - chord#: 120 done. best_score=27.0, changed=516, unchanged=371, early_stops=8/8
26 - INFO - chord#: 122 In build_straw_man_chord_sa. tolerance = 1, sa_iterations = 1000, initial_temperature = 3.0, cooling_rate = 0.999
26 - INFO - chord#: 124 done. best_score=27.0, changed=517, unchanged=393, early_stops=8/8
26 - INFO - chord#: 126 In build_straw_man_chord_sa. tolerance = 1, sa_iterations = 1000, initial_temperature = 3.0, cooling_rate = 0.999
26 - INFO - chord#: 118 done. best_score=27.0, changed=513, unchanged=424, early_stops=8/8
26 - INFO - chord#: 120 In build_straw_man_chord_sa. tolerance = 1, sa_iterations = 1000, initial_temperature = 3.0, cooling_rate = 0.999
26 - INFO - chord#: 104 done. best_score=35.0, changed=527, unchanged=531, early_stops=8/8
26 - INFO - chord#: 106 In build_straw_man_chord_sa. tolerance = 1, sa_iterations = 1000, initial_temperature = 3.0, cooling_rate = 0.999
26 - INFO - chord#: 122 done. best_score=95.0, changed=608, unchanged=296, early_stops=8/8
26 - INFO - chord#: 124 In build_straw_man_chord_sa. tolerance = 1, sa_iterations = 1000, initial_temperature = 3.0, cooling_rate = 0.999
26 - INFO - chord#: 126 done. best_score=93.0, changed=609, unchanged=277, early_stops=8/8
26 - INFO - chord#: 128 In build_straw_man_chord_sa. tolerance = 1, sa_iterations = 1000, initial_temperature = 3.0, cooling_rate = 0.999
26 - INFO - chord#: 98 done. best_score=96.0, changed=615, unchanged=393, early_stops=8/8
26 - INFO - chord#: 100 In build_straw_man_chord_sa. tolerance = 1, sa_iterations = 1000, initial_temperature = 3.0, cooling_rate = 0.999
26 - INFO - chord#: 120 done. best_score=27.0, changed=515, unchanged=375, early_stops=8/8
26 - INFO - chord#: 122 In build_straw_man_chord_sa. tolerance = 1, sa_iterations = 1000, initial_temperature = 3.0, cooling_rate = 0.999
26 - INFO - chord#: 120 done. best_score=27.0, changed=515, unchanged=366, early_stops=8/8
26 - INFO - chord#: 122 In build_straw_man_chord_sa. tolerance = 1, sa_iterations = 1000, initial_temperature = 3.0, cooling_rate = 0.999
26 - INFO - chord#: 122 done. best_score=95.0, changed=610, unchanged=290, early_stops=8/8
26 - INFO - chord#: 124 In build_straw_man_chord_sa. tolerance = 1, sa_iterations = 1000, initial_temperature = 3.0, cooling_rate = 0.999
26 - INFO - chord#: 100 done. best_score=27.0, changed=523, unchanged=519, early_stops=8/8
26 - INFO - chord#: 104 In build_straw_man_chord_sa. tolerance = 1, sa_iterations = 1000, initial_temperature = 3.0, cooling_rate = 0.999
26 - INFO - chord#: 106 done. best_score=36.0, changed=522, unchanged=413, early_stops=8/8
26 - INFO - chord#: 108 In build_straw_man_chord_sa. tolerance = 1, sa_iterations = 1000, initial_temperature = 3.0, cooling_rate = 0.999
26 - INFO - chord#: 128 done. best_score=27.0, changed=517, unchanged=402, early_stops=8/8
26 - INFO - chord#: 130 In build_straw_man_chord_sa. tolerance = 1, sa_iterations = 1000, initial_temperature = 3.0, cooling_rate = 0.999
26 - INFO - chord#: 124 done. best_score=27.0, changed=520, unchanged=410, early_stops=8/8
26 - INFO - chord#: 126 In build_straw_man_chord_sa. tolerance = 1, sa_iterations = 1000, initial_temperature = 3.0, cooling_rate = 0.999
26 - INFO - chord#: 98 done. best_score=67.0, changed=615, unchanged=371, early_stops=8/8
26 - INFO - chord#: 100 In build_straw_man_chord_sa. tolerance = 1, sa_iterations = 1000, initial_temperature = 3.0, cooling_rate = 0.999
26 - INFO - chord#: 130 done. best_score=11.0, changed=488, unchanged=360, early_stops=8/8
26 - INFO - chord#: 132 In build_straw_man_chord_sa. tolerance = 1, sa_iterations = 1000, initial_temperature = 3.0, cooling_rate = 0.999
26 - INFO - chord#: 100 done. best_score=27.0, changed=516, unchanged=368, early_stops=8/8
26 - INFO - chord#: 104 In build_straw_man_chord_sa. tolerance = 1, sa_iterations = 1000, initial_temperature = 3.0, cooling_rate = 0.999
26 - INFO - chord#: 122 done. best_score=124.0, changed=614, unchanged=347, early_stops=8/8
26 - INFO - chord#: 124 In build_straw_man_chord_sa. tolerance = 1, sa_iterations = 1000, initial_temperature = 3.0, cooling_rate = 0.999
26 - INFO - chord#: 126 done. best_score=93.0, changed=615, unchanged=443, early_stops=8/8
26 - INFO - chord#: 128 In build_straw_man_chord_sa. tolerance = 1, sa_iterations = 1000, initial_temperature = 3.0, cooling_rate = 0.999
26 - INFO - chord#: 104 done. best_score=35.0, changed=524, unchanged=330, early_stops=8/8
26 - INFO - chord#: 106 In build_straw_man_chord_sa. tolerance = 1, sa_iterations = 1000, initial_temperature = 3.0, cooling_rate = 0.999
26 - INFO - chord#: 124 done. best_score=27.0, changed=530, unchanged=548, early_stops=8/8
26 - INFO - chord#: 126 In build_straw_man_chord_sa. tolerance = 1, sa_iterations = 1000, initial_temperature = 3.0, cooling_rate = 0.999
26 - INFO - chord#: 108 done. best_score=27.0, changed=515, unchanged=378, early_stops=8/8
26 - INFO - chord#: 112 In build_straw_man_chord_sa. tolerance = 1, sa_iterations = 1000, initial_temperature = 3.0, cooling_rate = 0.999
26 - INFO - chord#: 122 done. best_score=150.0, changed=611, unchanged=227, early_stops=8/8
26 - INFO - chord#: 124 In build_straw_man_chord_sa. tolerance = 1, sa_iterations = 1000, initial_temperature = 3.0, cooling_rate = 0.999
26 - INFO - chord#: 122 done. best_score=95.0, changed=610, unchanged=365, early_stops=8/8
26 - INFO - chord#: 124 In build_straw_man_chord_sa. tolerance = 1, sa_iterations = 1000, initial_temperature = 3.0, cooling_rate = 0.999
26 - INFO - chord#: 132 done. best_score=27.0, changed=526, unchanged=513, early_stops=8/8
26 - INFO - chord#: 136 In build_straw_man_chord_sa. tolerance = 1, sa_iterations = 1000, initial_temperature = 3.0, cooling_rate = 0.999
26 - INFO - chord#: 104 done. best_score=35.0, changed=532, unchanged=358, early_stops=8/8
26 - INFO - chord#: 106 In build_straw_man_chord_sa. tolerance = 1, sa_iterations = 1000, initial_temperature = 3.0, cooling_rate = 0.999
26 - INFO - chord#: 100 done. best_score=27.0, changed=516, unchanged=405, early_stops=8/8
26 - INFO - chord#: 104 In build_straw_man_chord_sa. tolerance = 1, sa_iterations = 1000, initial_temperature = 3.0, cooling_rate = 0.999
26 - INFO - chord#: 124 done. best_score=27.0, changed=523, unchanged=570, early_stops=8/8
26 - INFO - chord#: 126 In build_straw_man_chord_sa. tolerance = 1, sa_iterations = 1000, initial_temperature = 3.0, cooling_rate = 0.999
26 - INFO - chord#: 106 done. best_score=36.0, changed=536, unchanged=372, early_stops=8/8
26 - INFO - chord#: 108 In build_straw_man_chord_sa. tolerance = 1, sa_iterations = 1000, initial_temperature = 3.0, cooling_rate = 0.999
26 - INFO - chord#: 128 done. best_score=27.0, changed=530, unchanged=595, early_stops=8/8
26 - INFO - chord#: 130 In build_straw_man_chord_sa. tolerance = 1, sa_iterations = 1000, initial_temperature = 3.0, cooling_rate = 0.999
26 - INFO - chord#: 124 done. best_score=27.0, changed=519, unchanged=361, early_stops=8/8
26 - INFO - chord#: 126 In build_straw_man_chord_sa. tolerance = 1, sa_iterations = 1000, initial_temperature = 3.0, cooling_rate = 0.999
26 - INFO - chord#: 130 done. best_score=11.0, changed=457, unchanged=357, early_stops=8/8
26 - INFO - chord#: 132 In build_straw_man_chord_sa. tolerance = 1, sa_iterations = 1000, initial_temperature = 3.0, cooling_rate = 0.999
26 - INFO - chord#: 122 done. best_score=135.0, changed=613, unchanged=503, early_stops=8/8
26 - INFO - chord#: 124 In build_straw_man_chord_sa. tolerance = 1, sa_iterations = 1000, initial_temperature = 3.0, cooling_rate = 0.999
26 - INFO - chord#: 112 done. best_score=27.0, changed=523, unchanged=357, early_stops=8/8
26 - INFO - chord#: 116 In build_straw_man_chord_sa. tolerance = 1, sa_iterations = 1000, initial_temperature = 3.0, cooling_rate = 0.999
26 - INFO - chord#: 124 done. best_score=27.0, changed=521, unchanged=490, early_stops=8/8
26 - INFO - chord#: 126 In build_straw_man_chord_sa. tolerance = 1, sa_iterations = 1000, initial_temperature = 3.0, cooling_rate = 0.999
26 - INFO - chord#: 136 done. best_score=27.0, changed=520, unchanged=436, early_stops=8/8
26 - INFO - chord#: 138 In build_straw_man_chord_sa. tolerance = 1, sa_iterations = 1000, initial_temperature = 3.0, cooling_rate = 0.999
26 - INFO - chord#: 106 done. best_score=36.0, changed=521, unchanged=379, early_stops=8/8
26 - INFO - chord#: 104 done. best_score=35.0, changed=524, unchanged=427, early_stops=8/8
26 - INFO - chord#: 108 In build_straw_man_chord_sa. tolerance = 1, sa_iterations = 1000, initial_temperature = 3.0, cooling_rate = 0.999
26 - INFO - chord#: 106 In build_straw_man_chord_sa. tolerance = 1, sa_iterations = 1000, initial_temperature = 3.0, cooling_rate = 0.999
26 - INFO - chord#: 126 done. best_score=93.0, changed=619, unchanged=333, early_stops=8/8
26 - INFO - chord#: 128 In build_straw_man_chord_sa. tolerance = 1, sa_iterations = 1000, initial_temperature = 3.0, cooling_rate = 0.999
26 - INFO - chord#: 108 done. best_score=27.0, changed=515, unchanged=352, early_stops=8/8
26 - INFO - chord#: 112 In build_straw_man_chord_sa. tolerance = 1, sa_iterations = 1000, initial_temperature = 3.0, cooling_rate = 0.999
26 - INFO - chord#: 126 done. best_score=96.0, changed=612, unchanged=392, early_stops=8/8
26 - INFO - chord#: 128 In build_straw_man_chord_sa. tolerance = 1, sa_iterations = 1000, initial_temperature = 3.0, cooling_rate = 0.999
26 - INFO - chord#: 132 done. best_score=27.0, changed=518, unchanged=416, early_stops=8/8
26 - INFO - chord#: 136 In build_straw_man_chord_sa. tolerance = 1, sa_iterations = 1000, initial_temperature = 3.0, cooling_rate = 0.999
26 - INFO - chord#: 124 done. best_score=27.0, changed=520, unchanged=406, early_stops=8/8
26 - INFO - chord#: 126 In build_straw_man_chord_sa. tolerance = 1, sa_iterations = 1000, initial_temperature = 3.0, cooling_rate = 0.999
26 - INFO - chord#: 116 done. best_score=27.0, changed=523, unchanged=373, early_stops=8/8
26 - INFO - chord#: 118 In build_straw_man_chord_sa. tolerance = 1, sa_iterations = 1000, initial_temperature = 3.0, cooling_rate = 0.999
26 - INFO - chord#: 126 done. best_score=94.0, changed=612, unchanged=295, early_stops=8/8
26 - INFO - chord#: 128 In build_straw_man_chord_sa. tolerance = 1, sa_iterations = 1000, initial_temperature = 3.0, cooling_rate = 0.999
26 - INFO - chord#: 106 done. best_score=36.0, changed=530, unchanged=497, early_stops=8/8
26 - INFO - chord#: 108 In build_straw_man_chord_sa. tolerance = 1, sa_iterations = 1000, initial_temperature = 3.0, cooling_rate = 0.999
26 - INFO - chord#: 108 done. best_score=27.0, changed=526, unchanged=545, early_stops=8/8
26 - INFO - chord#: 112 In build_straw_man_chord_sa. tolerance = 1, sa_iterations = 1000, initial_temperature = 3.0, cooling_rate = 0.999
26 - INFO - chord#: 112 done. best_score=27.0, changed=524, unchanged=477, early_stops=8/8
26 - INFO - chord#: 116 In build_straw_man_chord_sa. tolerance = 1, sa_iterations = 1000, initial_temperature = 3.0, cooling_rate = 0.999
26 - INFO - chord#: 128 done. best_score=27.0, changed=516, unchanged=406, early_stops=8/8
26 - INFO - chord#: 130 In build_straw_man_chord_sa. tolerance = 1, sa_iterations = 1000, initial_temperature = 3.0, cooling_rate = 0.999
26 - INFO - chord#: 128 done. best_score=27.0, changed=514, unchanged=375, early_stops=8/8
26 - INFO - chord#: 130 In build_straw_man_chord_sa. tolerance = 1, sa_iterations = 1000, initial_temperature = 3.0, cooling_rate = 0.999
26 - INFO - chord#: 126 done. best_score=93.0, changed=613, unchanged=336, early_stops=8/8
26 - INFO - chord#: 128 In build_straw_man_chord_sa. tolerance = 1, sa_iterations = 1000, initial_temperature = 3.0, cooling_rate = 0.999
26 - INFO - chord#: 136 done. best_score=27.0, changed=526, unchanged=413, early_stops=8/8
26 - INFO - chord#: 138 In build_straw_man_chord_sa. tolerance = 1, sa_iterations = 1000, initial_temperature = 3.0, cooling_rate = 0.999
26 - INFO - chord#: 130 done. best_score=11.0, changed=483, unchanged=332, early_stops=8/8
26 - INFO - chord#: 132 In build_straw_man_chord_sa. tolerance = 1, sa_iterations = 1000, initial_temperature = 3.0, cooling_rate = 0.999
26 - INFO - chord#: 130 done. best_score=11.0, changed=491, unchanged=340, early_stops=8/8
26 - INFO - chord#: 132 In build_straw_man_chord_sa. tolerance = 1, sa_iterations = 1000, initial_temperature = 3.0, cooling_rate = 0.999
26 - INFO - chord#: 118 done. best_score=27.0, changed=523, unchanged=466, early_stops=8/8
26 - INFO - chord#: 120 In build_straw_man_chord_sa. tolerance = 1, sa_iterations = 1000, initial_temperature = 3.0, cooling_rate = 0.999
26 - INFO - chord#: 138 done. best_score=82.0, changed=612, unchanged=261, early_stops=8/8
26 - INFO - chord#: 140 In build_straw_man_chord_sa. tolerance = 1, sa_iterations = 1000, initial_temperature = 3.0, cooling_rate = 0.999
26 - INFO - chord#: 126 done. best_score=96.0, changed=606, unchanged=272, early_stops=8/8
26 - INFO - chord#: 128 In build_straw_man_chord_sa. tolerance = 1, sa_iterations = 1000, initial_temperature = 3.0, cooling_rate = 0.999
26 - INFO - chord#: 128 done. best_score=27.0, changed=516, unchanged=402, early_stops=8/8
26 - INFO - chord#: 130 In build_straw_man_chord_sa. tolerance = 1, sa_iterations = 1000, initial_temperature = 3.0, cooling_rate = 0.999
26 - INFO - chord#: 108 done. best_score=27.0, changed=522, unchanged=509, early_stops=8/8
26 - INFO - chord#: 112 In build_straw_man_chord_sa. tolerance = 1, sa_iterations = 1000, initial_temperature = 3.0, cooling_rate = 0.999
26 - INFO - chord#: 130 done. best_score=11.0, changed=506, unchanged=316, early_stops=8/8
26 - INFO - chord#: 132 In build_straw_man_chord_sa. tolerance = 1, sa_iterations = 1000, initial_temperature = 3.0, cooling_rate = 0.999
26 - INFO - chord#: 112 done. best_score=27.0, changed=525, unchanged=446, early_stops=8/8
26 - INFO - chord#: 116 In build_straw_man_chord_sa. tolerance = 1, sa_iterations = 1000, initial_temperature = 3.0, cooling_rate = 0.999
26 - INFO - chord#: 128 done. best_score=27.0, changed=518, unchanged=465, early_stops=8/8
26 - INFO - chord#: 130 In build_straw_man_chord_sa. tolerance = 1, sa_iterations = 1000, initial_temperature = 3.0, cooling_rate = 0.999
26 - INFO - chord#: 116 done. best_score=27.0, changed=527, unchanged=430, early_stops=8/8
26 - INFO - chord#: 118 In build_straw_man_chord_sa. tolerance = 1, sa_iterations = 1000, initial_temperature = 3.0, cooling_rate = 0.999
26 - INFO - chord#: 126 done. best_score=93.0, changed=621, unchanged=392, early_stops=8/8
26 - INFO - chord#: 128 In build_straw_man_chord_sa. tolerance = 1, sa_iterations = 1000, initial_temperature = 3.0, cooling_rate = 0.999
26 - INFO - chord#: 140 done. best_score=31.0, changed=535, unchanged=320, early_stops=8/8
26 - INFO - chord#: 142 In build_straw_man_chord_sa. tolerance = 1, sa_iterations = 1000, initial_temperature = 3.0, cooling_rate = 0.999
26 - INFO - chord#: 132 done. best_score=27.0, changed=517, unchanged=456, early_stops=8/8
26 - INFO - chord#: 136 In build_straw_man_chord_sa. tolerance = 1, sa_iterations = 1000, initial_temperature = 3.0, cooling_rate = 0.999
26 - INFO - chord#: 120 done. best_score=27.0, changed=522, unchanged=401, early_stops=8/8
26 - INFO - chord#: 122 In build_straw_man_chord_sa. tolerance = 1, sa_iterations = 1000, initial_temperature = 3.0, cooling_rate = 0.999
26 - INFO - chord#: 130 done. best_score=11.0, changed=493, unchanged=325, early_stops=8/8
26 - INFO - chord#: 132 In build_straw_man_chord_sa. tolerance = 1, sa_iterations = 1000, initial_temperature = 3.0, cooling_rate = 0.999
26 - INFO - chord#: 142 done. best_score=7.0, changed=501, unchanged=314, early_stops=8/8
26 - INFO - chord#: 144 In build_straw_man_chord_sa. tolerance = 1, sa_iterations = 1000, initial_temperature = 3.0, cooling_rate = 0.999
26 - INFO - chord#: 132 done. best_score=27.0, changed=524, unchanged=553, early_stops=8/8
26 - INFO - chord#: 136 In build_straw_man_chord_sa. tolerance = 1, sa_iterations = 1000, initial_temperature = 3.0, cooling_rate = 0.999
26 - INFO - chord#: 112 done. best_score=27.0, changed=513, unchanged=420, early_stops=8/8
26 - INFO - chord#: 116 In build_straw_man_chord_sa. tolerance = 1, sa_iterations = 1000, initial_temperature = 3.0, cooling_rate = 0.999
26 - INFO - chord#: 128 done. best_score=27.0, changed=517, unchanged=440, early_stops=8/8
26 - INFO - chord#: 130 In build_straw_man_chord_sa. tolerance = 1, sa_iterations = 1000, initial_temperature = 3.0, cooling_rate = 0.999
26 - INFO - chord#: 116 done. best_score=27.0, changed=521, unchanged=338, early_stops=8/8
26 - INFO - chord#: 118 In build_straw_man_chord_sa. tolerance = 1, sa_iterations = 1000, initial_temperature = 3.0, cooling_rate = 0.999
26 - INFO - chord#: 132 done. best_score=27.0, changed=523, unchanged=481, early_stops=8/8
26 - INFO - chord#: 136 In build_straw_man_chord_sa. tolerance = 1, sa_iterations = 1000, initial_temperature = 3.0, cooling_rate = 0.999
26 - INFO - chord#: 138 done. best_score=82.0, changed=608, unchanged=272, early_stops=8/8
26 - INFO - chord#: 140 In build_straw_man_chord_sa. tolerance = 1, sa_iterations = 1000, initial_temperature = 3.0, cooling_rate = 0.999
26 - INFO - chord#: 128 done. best_score=27.0, changed=511, unchanged=350, early_stops=8/8
26 - INFO - chord#: 130 In build_straw_man_chord_sa. tolerance = 1, sa_iterations = 1000, initial_temperature = 3.0, cooling_rate = 0.999
26 - INFO - chord#: 118 done. best_score=27.0, changed=517, unchanged=334, early_stops=8/8
26 - INFO - chord#: 130 done. best_score=11.0, changed=497, unchanged=357, early_stops=8/8
26 - INFO - chord#: 120 In build_straw_man_chord_sa. tolerance = 1, sa_iterations = 1000, initial_temperature = 3.0, cooling_rate = 0.999
26 - INFO - chord#: 132 In build_straw_man_chord_sa. tolerance = 1, sa_iterations = 1000, initial_temperature = 3.0, cooling_rate = 0.999
26 - INFO - chord#: 136 done. best_score=27.0, changed=527, unchanged=406, early_stops=8/8
26 - INFO - chord#: 138 In build_straw_man_chord_sa. tolerance = 1, sa_iterations = 1000, initial_temperature = 3.0, cooling_rate = 0.999
26 - INFO - chord#: 130 done. best_score=11.0, changed=486, unchanged=328, early_stops=8/8
26 - INFO - chord#: 132 In build_straw_man_chord_sa. tolerance = 1, sa_iterations = 1000, initial_temperature = 3.0, cooling_rate = 0.999
26 - INFO - chord#: 132 done. best_score=27.0, changed=524, unchanged=521, early_stops=8/8
26 - INFO - chord#: 136 In build_straw_man_chord_sa. tolerance = 1, sa_iterations = 1000, initial_temperature = 3.0, cooling_rate = 0.999
26 - INFO - chord#: 144 done. best_score=27.0, changed=524, unchanged=475, early_stops=8/8
26 - INFO - chord#: 146 In build_straw_man_chord_sa. tolerance = 1, sa_iterations = 1000, initial_temperature = 3.0, cooling_rate = 0.999
26 - INFO - chord#: 116 done. best_score=27.0, changed=522, unchanged=341, early_stops=8/8
26 - INFO - chord#: 118 In build_straw_man_chord_sa. tolerance = 1, sa_iterations = 1000, initial_temperature = 3.0, cooling_rate = 0.999
26 - INFO - chord#: 136 done. best_score=27.0, changed=522, unchanged=346, early_stops=8/8
26 - INFO - chord#: 138 In build_straw_man_chord_sa. tolerance = 1, sa_iterations = 1000, initial_temperature = 3.0, cooling_rate = 0.999
26 - INFO - chord#: 140 done. best_score=31.0, changed=536, unchanged=404, early_stops=8/8
26 - INFO - chord#: 142 In build_straw_man_chord_sa. tolerance = 1, sa_iterations = 1000, initial_temperature = 3.0, cooling_rate = 0.999
26 - INFO - chord#: 136 done. best_score=27.0, changed=533, unchanged=517, early_stops=8/8
26 - INFO - chord#: 138 In build_straw_man_chord_sa. tolerance = 1, sa_iterations = 1000, initial_temperature = 3.0, cooling_rate = 0.999
26 - INFO - chord#: 142 done. best_score=7.0, changed=495, unchanged=323, early_stops=8/8
26 - INFO - chord#: 144 In build_straw_man_chord_sa. tolerance = 1, sa_iterations = 1000, initial_temperature = 3.0, cooling_rate = 0.999
26 - INFO - chord#: 118 done. best_score=27.0, changed=532, unchanged=442, early_stops=8/8
26 - INFO - chord#: 120 In build_straw_man_chord_sa. tolerance = 1, sa_iterations = 1000, initial_temperature = 3.0, cooling_rate = 0.999
26 - INFO - chord#: 120 done. best_score=27.0, changed=513, unchanged=380, early_stops=8/8
26 - INFO - chord#: 122 In build_straw_man_chord_sa. tolerance = 1, sa_iterations = 1000, initial_temperature = 3.0, cooling_rate = 0.999
26 - INFO - chord#: 132 done. best_score=27.0, changed=519, unchanged=420, early_stops=8/8
26 - INFO - chord#: 136 In build_straw_man_chord_sa. tolerance = 1, sa_iterations = 1000, initial_temperature = 3.0, cooling_rate = 0.999
26 - INFO - chord#: 118 done. best_score=27.0, changed=517, unchanged=348, early_stops=8/8
26 - INFO - chord#: 120 In build_straw_man_chord_sa. tolerance = 1, sa_iterations = 1000, initial_temperature = 3.0, cooling_rate = 0.999
26 - INFO - chord#: 136 done. best_score=27.0, changed=526, unchanged=399, early_stops=8/8
26 - INFO - chord#: 138 In build_straw_man_chord_sa. tolerance = 1, sa_iterations = 1000, initial_temperature = 3.0, cooling_rate = 0.999
26 - INFO - chord#: 132 done. best_score=27.0, changed=526, unchanged=536, early_stops=8/8
26 - INFO - chord#: 136 In build_straw_man_chord_sa. tolerance = 1, sa_iterations = 1000, initial_temperature = 3.0, cooling_rate = 0.999
26 - INFO - chord#: 122 done. best_score=135.0, changed=606, unchanged=256, early_stops=8/8
26 - INFO - chord#: 124 In build_straw_man_chord_sa. tolerance = 1, sa_iterations = 1000, initial_temperature = 3.0, cooling_rate = 0.999
26 - INFO - chord#: 144 done. best_score=27.0, changed=522, unchanged=336, early_stops=8/8
26 - INFO - chord#: 146 In build_straw_man_chord_sa. tolerance = 1, sa_iterations = 1000, initial_temperature = 3.0, cooling_rate = 0.999
26 - INFO - chord#: 120 done. best_score=27.0, changed=512, unchanged=353, early_stops=8/8
26 - INFO - chord#: 122 In build_straw_man_chord_sa. tolerance = 1, sa_iterations = 1000, initial_temperature = 3.0, cooling_rate = 0.999
26 - INFO - chord#: 136 done. best_score=27.0, changed=521, unchanged=380, early_stops=8/8
26 - INFO - chord#: 138 In build_straw_man_chord_sa. tolerance = 1, sa_iterations = 1000, initial_temperature = 3.0, cooling_rate = 0.999
26 - INFO - chord#: 138 done. best_score=82.0, changed=609, unchanged=383, early_stops=8/8
26 - INFO - chord#: 140 In build_straw_man_chord_sa. tolerance = 1, sa_iterations = 1000, initial_temperature = 3.0, cooling_rate = 0.999
26 - INFO - chord#: 120 done. best_score=27.0, changed=524, unchanged=573, early_stops=8/8
26 - INFO - chord#: 122 In build_straw_man_chord_sa. tolerance = 1, sa_iterations = 1000, initial_temperature = 3.0, cooling_rate = 0.999
26 - INFO - chord#: 136 done. best_score=27.0, changed=523, unchanged=348, early_stops=8/8
26 - INFO - chord#: 138 In build_straw_man_chord_sa. tolerance = 1, sa_iterations = 1000, initial_temperature = 3.0, cooling_rate = 0.999
26 - INFO - chord#: 124 done. best_score=27.0, changed=523, unchanged=497, early_stops=8/8
26 - INFO - chord#: 126 In build_straw_man_chord_sa. tolerance = 1, sa_iterations = 1000, initial_temperature = 3.0, cooling_rate = 0.999
26 - INFO - chord#: 138 done. best_score=120.0, changed=612, unchanged=391, early_stops=8/8
26 - INFO - chord#: 140 In build_straw_man_chord_sa. tolerance = 1, sa_iterations = 1000, initial_temperature = 3.0, cooling_rate = 0.999
26 - INFO - chord#: 140 done. best_score=31.0, changed=526, unchanged=343, early_stops=8/8
26 - INFO - chord#: 142 In build_straw_man_chord_sa. tolerance = 1, sa_iterations = 1000, initial_temperature = 3.0, cooling_rate = 0.999
26 - INFO - chord#: 138 done. best_score=82.0, changed=614, unchanged=324, early_stops=8/8
26 - INFO - chord#: 140 In build_straw_man_chord_sa. tolerance = 1, sa_iterations = 1000, initial_temperature = 3.0, cooling_rate = 0.999
26 - INFO - chord#: 142 done. best_score=7.0, changed=515, unchanged=299, early_stops=8/8
26 - INFO - chord#: 144 In build_straw_man_chord_sa. tolerance = 1, sa_iterations = 1000, initial_temperature = 3.0, cooling_rate = 0.999
26 - INFO - chord#: 138 done. best_score=82.0, changed=612, unchanged=323, early_stops=8/8
26 - INFO - chord#: 140 In build_straw_man_chord_sa. tolerance = 1, sa_iterations = 1000, initial_temperature = 3.0, cooling_rate = 0.999
26 - INFO - chord#: 122 done. best_score=135.0, changed=613, unchanged=282, early_stops=8/8
26 - INFO - chord#: 124 In build_straw_man_chord_sa. tolerance = 1, sa_iterations = 1000, initial_temperature = 3.0, cooling_rate = 0.999
26 - INFO - chord#: 146 done. best_score=177.0, changed=607, unchanged=204, early_stops=8/8
26 - INFO - chord#: 148 In build_straw_man_chord_sa. tolerance = 1, sa_iterations = 1000, initial_temperature = 3.0, cooling_rate = 0.999
26 - INFO - chord#: 140 done. best_score=31.0, changed=532, unchanged=366, early_stops=8/8
26 - INFO - chord#: 142 In build_straw_man_chord_sa. tolerance = 1, sa_iterations = 1000, initial_temperature = 3.0, cooling_rate = 0.999
26 - INFO - chord#: 146 done. best_score=67.0, changed=617, unchanged=487, early_stops=8/8
26 - INFO - chord#: 148 In build_straw_man_chord_sa. tolerance = 1, sa_iterations = 1000, initial_temperature = 3.0, cooling_rate = 0.999
26 - INFO - chord#: 142 done. best_score=7.0, changed=510, unchanged=328, early_stops=8/8
26 - INFO - chord#: 144 In build_straw_man_chord_sa. tolerance = 1, sa_iterations = 1000, initial_temperature = 3.0, cooling_rate = 0.999
26 - INFO - chord#: 144 done. best_score=27.0, changed=521, unchanged=381, early_stops=8/8
26 - INFO - chord#: 146 In build_straw_man_chord_sa. tolerance = 1, sa_iterations = 1000, initial_temperature = 3.0, cooling_rate = 0.999
26 - INFO - chord#: 138 done. best_score=82.0, changed=606, unchanged=276, early_stops=8/8
26 - INFO - chord#: 140 In build_straw_man_chord_sa. tolerance = 1, sa_iterations = 1000, initial_temperature = 3.0, cooling_rate = 0.999
26 - INFO - chord#: 140 done. best_score=31.0, changed=530, unchanged=373, early_stops=8/8
26 - INFO - chord#: 142 In build_straw_man_chord_sa. tolerance = 1, sa_iterations = 1000, initial_temperature = 3.0, cooling_rate = 0.999
26 - INFO - chord#: 122 done. best_score=135.0, changed=611, unchanged=291, early_stops=8/8
26 - INFO - chord#: 124 In build_straw_man_chord_sa. tolerance = 1, sa_iterations = 1000, initial_temperature = 3.0, cooling_rate = 0.999
26 - INFO - chord#: 148 done. best_score=27.0, changed=518, unchanged=323, early_stops=8/8
26 - INFO - chord#: 142 done. best_score=7.0, changed=511, unchanged=319, early_stops=8/8
26 - INFO - chord#: 144 In build_straw_man_chord_sa. tolerance = 1, sa_iterations = 1000, initial_temperature = 3.0, cooling_rate = 0.999
26 - INFO - chord#: 140 done. best_score=31.0, changed=537, unchanged=373, early_stops=8/8
26 - INFO - chord#: 142 In build_straw_man_chord_sa. tolerance = 1, sa_iterations = 1000, initial_temperature = 3.0, cooling_rate = 0.999
26 - INFO - chord#: 138 done. best_score=82.0, changed=613, unchanged=280, early_stops=8/8
26 - INFO - chord#: 140 In build_straw_man_chord_sa. tolerance = 1, sa_iterations = 1000, initial_temperature = 3.0, cooling_rate = 0.999
26 - INFO - chord#: 144 done. best_score=27.0, changed=528, unchanged=436, early_stops=8/8
26 - INFO - chord#: 146 In build_straw_man_chord_sa. tolerance = 1, sa_iterations = 1000, initial_temperature = 3.0, cooling_rate = 0.999
26 - INFO - chord#: 124 done. best_score=27.0, changed=515, unchanged=372, early_stops=8/8
26 - INFO - chord#: 126 In build_straw_man_chord_sa. tolerance = 1, sa_iterations = 1000, initial_temperature = 3.0, cooling_rate = 0.999
26 - INFO - chord#: 142 done. best_score=7.0, changed=506, unchanged=310, early_stops=8/8
26 - INFO - chord#: 144 In build_straw_man_chord_sa. tolerance = 1, sa_iterations = 1000, initial_temperature = 3.0, cooling_rate = 0.999
26 - INFO - chord#: 148 done. best_score=27.0, changed=516, unchanged=356, early_stops=8/8
26 - INFO - chord#: 126 done. best_score=94.0, changed=607, unchanged=240, early_stops=8/8
26 - INFO - chord#: 128 In build_straw_man_chord_sa. tolerance = 1, sa_iterations = 1000, initial_temperature = 3.0, cooling_rate = 0.999
26 - INFO - chord#: 140 done. best_score=31.0, changed=524, unchanged=412, early_stops=8/8
26 - INFO - chord#: 142 In build_straw_man_chord_sa. tolerance = 1, sa_iterations = 1000, initial_temperature = 3.0, cooling_rate = 0.999
26 - INFO - chord#: 144 done. best_score=27.0, changed=525, unchanged=376, early_stops=8/8
26 - INFO - chord#: 146 In build_straw_man_chord_sa. tolerance = 1, sa_iterations = 1000, initial_temperature = 3.0, cooling_rate = 0.999
26 - INFO - chord#: 124 done. best_score=27.0, changed=512, unchanged=388, early_stops=8/8
26 - INFO - chord#: 126 In build_straw_man_chord_sa. tolerance = 1, sa_iterations = 1000, initial_temperature = 3.0, cooling_rate = 0.999
26 - INFO - chord#: 122 done. best_score=90.0, changed=614, unchanged=461, early_stops=8/8
26 - INFO - chord#: 124 In build_straw_man_chord_sa. tolerance = 1, sa_iterations = 1000, initial_temperature = 3.0, cooling_rate = 0.999
26 - INFO - chord#: 142 done. best_score=7.0, changed=491, unchanged=332, early_stops=8/8
26 - INFO - chord#: 144 In build_straw_man_chord_sa. tolerance = 1, sa_iterations = 1000, initial_temperature = 3.0, cooling_rate = 0.999
26 - INFO - chord#: 140 done. best_score=31.0, changed=533, unchanged=347, early_stops=8/8
26 - INFO - chord#: 142 In build_straw_man_chord_sa. tolerance = 1, sa_iterations = 1000, initial_temperature = 3.0, cooling_rate = 0.999
26 - INFO - chord#: 142 done. best_score=7.0, changed=504, unchanged=315, early_stops=8/8
26 - INFO - chord#: 144 In build_straw_man_chord_sa. tolerance = 1, sa_iterations = 1000, initial_temperature = 3.0, cooling_rate = 0.999
26 - INFO - chord#: 144 done. best_score=27.0, changed=516, unchanged=303, early_stops=8/8
26 - INFO - chord#: 146 In build_straw_man_chord_sa. tolerance = 1, sa_iterations = 1000, initial_temperature = 3.0, cooling_rate = 0.999
26 - INFO - chord#: 144 done. best_score=27.0, changed=522, unchanged=304, early_stops=8/8
26 - INFO - chord#: 146 In build_straw_man_chord_sa. tolerance = 1, sa_iterations = 1000, initial_temperature = 3.0, cooling_rate = 0.999
26 - INFO - chord#: 146 done. best_score=167.0, changed=609, unchanged=299, early_stops=8/8
26 - INFO - chord#: 148 In build_straw_man_chord_sa. tolerance = 1, sa_iterations = 1000, initial_temperature = 3.0, cooling_rate = 0.999
26 - INFO - chord#: 128 done. best_score=27.0, changed=521, unchanged=511, early_stops=8/8
26 - INFO - chord#: 130 In build_straw_man_chord_sa. tolerance = 1, sa_iterations = 1000, initial_temperature = 3.0, cooling_rate = 0.999
26 - INFO - chord#: 144 done. best_score=27.0, changed=516, unchanged=339, early_stops=8/8
26 - INFO - chord#: 146 In build_straw_man_chord_sa. tolerance = 1, sa_iterations = 1000, initial_temperature = 3.0, cooling_rate = 0.999
26 - INFO - chord#: 124 done. best_score=27.0, changed=524, unchanged=422, early_stops=8/8
26 - INFO - chord#: 126 In build_straw_man_chord_sa. tolerance = 1, sa_iterations = 1000, initial_temperature = 3.0, cooling_rate = 0.999
26 - INFO - chord#: 130 done. best_score=11.0, changed=491, unchanged=344, early_stops=8/8
26 - INFO - chord#: 132 In build_straw_man_chord_sa. tolerance = 1, sa_iterations = 1000, initial_temperature = 3.0, cooling_rate = 0.999
26 - INFO - chord#: 126 done. best_score=99.0, changed=613, unchanged=258, early_stops=8/8
26 - INFO - chord#: 128 In build_straw_man_chord_sa. tolerance = 1, sa_iterations = 1000, initial_temperature = 3.0, cooling_rate = 0.999
26 - INFO - chord#: 146 done. best_score=211.0, changed=611, unchanged=243, early_stops=8/8
26 - INFO - chord#: 148 In build_straw_man_chord_sa. tolerance = 1, sa_iterations = 1000, initial_temperature = 3.0, cooling_rate = 0.999
26 - INFO - chord#: 146 done. best_score=67.0, changed=616, unchanged=433, early_stops=8/8
26 - INFO - chord#: 148 In build_straw_man_chord_sa. tolerance = 1, sa_iterations = 1000, initial_temperature = 3.0, cooling_rate = 0.999
26 - INFO - chord#: 148 done. best_score=27.0, changed=520, unchanged=433, early_stops=8/8
26 - INFO - chord#: 126 done. best_score=94.0, changed=613, unchanged=354, early_stops=8/8
26 - INFO - chord#: 128 In build_straw_man_chord_sa. tolerance = 1, sa_iterations = 1000, initial_temperature = 3.0, cooling_rate = 0.999
26 - INFO - chord#: 146 done. best_score=137.0, changed=608, unchanged=255, early_stops=8/8
26 - INFO - chord#: 148 In build_straw_man_chord_sa. tolerance = 1, sa_iterations = 1000, initial_temperature = 3.0, cooling_rate = 0.999
26 - INFO - chord#: 132 done. best_score=27.0, changed=520, unchanged=385, early_stops=8/8
26 - INFO - chord#: 136 In build_straw_man_chord_sa. tolerance = 1, sa_iterations = 1000, initial_temperature = 3.0, cooling_rate = 0.999
26 - INFO - chord#: 148 done. best_score=27.0, changed=522, unchanged=424, early_stops=8/8
26 - INFO - chord#: 128 done. best_score=27.0, changed=520, unchanged=468, early_stops=8/8
26 - INFO - chord#: 130 In build_straw_man_chord_sa. tolerance = 1, sa_iterations = 1000, initial_temperature = 3.0, cooling_rate = 0.999
26 - INFO - chord#: 148 done. best_score=27.0, changed=524, unchanged=441, early_stops=8/8
26 - INFO - chord#: 130 done. best_score=11.0, changed=480, unchanged=342, early_stops=8/8
26 - INFO - chord#: 132 In build_straw_man_chord_sa. tolerance = 1, sa_iterations = 1000, initial_temperature = 3.0, cooling_rate = 0.999
26 - INFO - chord#: 146 done. best_score=67.0, changed=610, unchanged=296, early_stops=8/8
26 - INFO - chord#: 148 In build_straw_man_chord_sa. tolerance = 1, sa_iterations = 1000, initial_temperature = 3.0, cooling_rate = 0.999
26 - INFO - chord#: 128 done. best_score=27.0, changed=524, unchanged=532, early_stops=8/8
26 - INFO - chord#: 130 In build_straw_man_chord_sa. tolerance = 1, sa_iterations = 1000, initial_temperature = 3.0, cooling_rate = 0.999
26 - INFO - chord#: 146 done. best_score=96.0, changed=617, unchanged=258, early_stops=8/8
26 - INFO - chord#: 148 In build_straw_man_chord_sa. tolerance = 1, sa_iterations = 1000, initial_temperature = 3.0, cooling_rate = 0.999
26 - INFO - chord#: 126 done. best_score=96.0, changed=608, unchanged=236, early_stops=8/8
26 - INFO - chord#: 128 In build_straw_man_chord_sa. tolerance = 1, sa_iterations = 1000, initial_temperature = 3.0, cooling_rate = 0.999
26 - INFO - chord#: 130 done. best_score=11.0, changed=485, unchanged=334, early_stops=8/8
26 - INFO - chord#: 132 In build_straw_man_chord_sa. tolerance = 1, sa_iterations = 1000, initial_temperature = 3.0, cooling_rate = 0.999
26 - INFO - chord#: 148 done. best_score=27.0, changed=525, unchanged=383, early_stops=8/8
26 - INFO - chord#: 136 done. best_score=27.0, changed=534, unchanged=468, early_stops=8/8
26 - INFO - chord#: 138 In build_straw_man_chord_sa. tolerance = 1, sa_iterations = 1000, initial_temperature = 3.0, cooling_rate = 0.999
26 - INFO - chord#: 132 done. best_score=27.0, changed=517, unchanged=471, early_stops=8/8
26 - INFO - chord#: 136 In build_straw_man_chord_sa. tolerance = 1, sa_iterations = 1000, initial_temperature = 3.0, cooling_rate = 0.999
26 - INFO - chord#: 128 done. best_score=27.0, changed=516, unchanged=360, early_stops=8/8
26 - INFO - chord#: 130 In build_straw_man_chord_sa. tolerance = 1, sa_iterations = 1000, initial_temperature = 3.0, cooling_rate = 0.999
26 - INFO - chord#: 148 done. best_score=27.0, changed=532, unchanged=407, early_stops=8/8
26 - INFO - chord#: 148 done. best_score=27.0, changed=528, unchanged=447, early_stops=8/8
26 - INFO - chord#: 130 done. best_score=11.0, changed=478, unchanged=362, early_stops=8/8
26 - INFO - chord#: 132 In build_straw_man_chord_sa. tolerance = 1, sa_iterations = 1000, initial_temperature = 3.0, cooling_rate = 0.999
26 - INFO - chord#: 132 done. best_score=27.0, changed=520, unchanged=461, early_stops=8/8
26 - INFO - chord#: 136 In build_straw_man_chord_sa. tolerance = 1, sa_iterations = 1000, initial_temperature = 3.0, cooling_rate = 0.999
26 - INFO - chord#: 136 done. best_score=27.0, changed=535, unchanged=383, early_stops=8/8
26 - INFO - chord#: 138 In build_straw_man_chord_sa. tolerance = 1, sa_iterations = 1000, initial_temperature = 3.0, cooling_rate = 0.999
26 - INFO - chord#: 132 done. best_score=27.0, changed=525, unchanged=461, early_stops=8/8
26 - INFO - chord#: 136 In build_straw_man_chord_sa. tolerance = 1, sa_iterations = 1000, initial_temperature = 3.0, cooling_rate = 0.999
26 - INFO - chord#: 136 done. best_score=27.0, changed=524, unchanged=381, early_stops=8/8
26 - INFO - chord#: 138 In build_straw_man_chord_sa. tolerance = 1, sa_iterations = 1000, initial_temperature = 3.0, cooling_rate = 0.999
26 - INFO - chord#: 138 done. best_score=82.0, changed=614, unchanged=292, early_stops=8/8
26 - INFO - chord#: 140 In build_straw_man_chord_sa. tolerance = 1, sa_iterations = 1000, initial_temperature = 3.0, cooling_rate = 0.999
26 - INFO - chord#: 140 done. best_score=31.0, changed=524, unchanged=357, early_stops=8/8
26 - INFO - chord#: 142 In build_straw_man_chord_sa. tolerance = 1, sa_iterations = 1000, initial_temperature = 3.0, cooling_rate = 0.999
26 - INFO - chord#: 136 done. best_score=27.0, changed=522, unchanged=421, early_stops=8/8
26 - INFO - chord#: 138 In build_straw_man_chord_sa. tolerance = 1, sa_iterations = 1000, initial_temperature = 3.0, cooling_rate = 0.999
26 - INFO - chord#: 142 done. best_score=7.0, changed=528, unchanged=307, early_stops=8/8
26 - INFO - chord#: 144 In build_straw_man_chord_sa. tolerance = 1, sa_iterations = 1000, initial_temperature = 3.0, cooling_rate = 0.999
26 - INFO - chord#: 138 done. best_score=82.0, changed=614, unchanged=425, early_stops=8/8
26 - INFO - chord#: 140 In build_straw_man_chord_sa. tolerance = 1, sa_iterations = 1000, initial_temperature = 3.0, cooling_rate = 0.999
26 - INFO - chord#: 144 done. best_score=27.0, changed=523, unchanged=384, early_stops=8/8
26 - INFO - chord#: 146 In build_straw_man_chord_sa. tolerance = 1, sa_iterations = 1000, initial_temperature = 3.0, cooling_rate = 0.999
26 - INFO - chord#: 138 done. best_score=82.0, changed=610, unchanged=361, early_stops=8/8
26 - INFO - chord#: 140 In build_straw_man_chord_sa. tolerance = 1, sa_iterations = 1000, initial_temperature = 3.0, cooling_rate = 0.999
26 - INFO - chord#: 140 done. best_score=31.0, changed=521, unchanged=324, early_stops=8/8
26 - INFO - chord#: 142 In build_straw_man_chord_sa. tolerance = 1, sa_iterations = 1000, initial_temperature = 3.0, cooling_rate = 0.999
26 - INFO - chord#: 142 done. best_score=7.0, changed=515, unchanged=317, early_stops=8/8
26 - INFO - chord#: 144 In build_straw_man_chord_sa. tolerance = 1, sa_iterations = 1000, initial_temperature = 3.0, cooling_rate = 0.999
26 - INFO - chord#: 140 done. best_score=31.0, changed=541, unchanged=319, early_stops=8/8
26 - INFO - chord#: 142 In build_straw_man_chord_sa. tolerance = 1, sa_iterations = 1000, initial_temperature = 3.0, cooling_rate = 0.999
26 - INFO - chord#: 138 done. best_score=82.0, changed=609, unchanged=308, early_stops=8/8
26 - INFO - chord#: 140 In build_straw_man_chord_sa. tolerance = 1, sa_iterations = 1000, initial_temperature = 3.0, cooling_rate = 0.999
26 - INFO - chord#: 142 done. best_score=7.0, changed=512, unchanged=294, early_stops=8/8
26 - INFO - chord#: 144 In build_straw_man_chord_sa. tolerance = 1, sa_iterations = 1000, initial_temperature = 3.0, cooling_rate = 0.999
26 - INFO - chord#: 144 done. best_score=27.0, changed=525, unchanged=395, early_stops=8/8
26 - INFO - chord#: 146 In build_straw_man_chord_sa. tolerance = 1, sa_iterations = 1000, initial_temperature = 3.0, cooling_rate = 0.999
26 - INFO - chord#: 144 done. best_score=27.0, changed=520, unchanged=345, early_stops=8/8
26 - INFO - chord#: 146 In build_straw_man_chord_sa. tolerance = 1, sa_iterations = 1000, initial_temperature = 3.0, cooling_rate = 0.999
26 - INFO - chord#: 140 done. best_score=31.0, changed=526, unchanged=381, early_stops=8/8
26 - INFO - chord#: 142 In build_straw_man_chord_sa. tolerance = 1, sa_iterations = 1000, initial_temperature = 3.0, cooling_rate = 0.999
26 - INFO - chord#: 146 done. best_score=96.0, changed=606, unchanged=288, early_stops=8/8
26 - INFO - chord#: 148 In build_straw_man_chord_sa. tolerance = 1, sa_iterations = 1000, initial_temperature = 3.0, cooling_rate = 0.999
26 - INFO - chord#: 142 done. best_score=7.0, changed=525, unchanged=304, early_stops=8/8
26 - INFO - chord#: 144 In build_straw_man_chord_sa. tolerance = 1, sa_iterations = 1000, initial_temperature = 3.0, cooling_rate = 0.999
26 - INFO - chord#: 148 done. best_score=27.0, changed=516, unchanged=388, early_stops=8/8
26 - INFO - chord#: 144 done. best_score=27.0, changed=523, unchanged=409, early_stops=8/8
26 - INFO - chord#: 146 In build_straw_man_chord_sa. tolerance = 1, sa_iterations = 1000, initial_temperature = 3.0, cooling_rate = 0.999
26 - INFO - chord#: 146 done. best_score=96.0, changed=614, unchanged=391, early_stops=8/8
26 - INFO - chord#: 148 In build_straw_man_chord_sa. tolerance = 1, sa_iterations = 1000, initial_temperature = 3.0, cooling_rate = 0.999
26 - INFO - chord#: 146 done. best_score=67.0, changed=614, unchanged=365, early_stops=8/8
26 - INFO - chord#: 148 In build_straw_man_chord_sa. tolerance = 1, sa_iterations = 1000, initial_temperature = 3.0, cooling_rate = 0.999
26 - INFO - chord#: 148 done. best_score=27.0, changed=522, unchanged=368, early_stops=8/8
26 - INFO - chord#: 148 done. best_score=27.0, changed=518, unchanged=360, early_stops=8/8
26 - INFO - chord#: 146 done. best_score=96.0, changed=611, unchanged=278, early_stops=8/8
26 - INFO - chord#: 148 In build_straw_man_chord_sa. tolerance = 1, sa_iterations = 1000, initial_temperature = 3.0, cooling_rate = 0.999
26 - INFO - chord#: 148 done. best_score=27.0, changed=520, unchanged=384, early_stops=8/8
26 - INFO - chord#: 0 In build_straw_man_chord_sa. tolerance = 1, sa_iterations = 1000, initial_temperature = 3.0, cooling_rate = 0.999
26 - INFO - chord#: 0 In build_straw_man_chord_sa. tolerance = 1, sa_iterations = 1000, initial_temperature = 3.0, cooling_rate = 0.999
26 - INFO - chord#: 0 In build_straw_man_chord_sa. tolerance = 1, sa_iterations = 1000, initial_temperature = 3.0, cooling_rate = 0.999
26 - INFO - chord#: 0 In build_straw_man_chord_sa. tolerance = 1, sa_iterations = 1000, initial_temperature = 3.0, cooling_rate = 0.999
26 - INFO - chord#: 0 In build_straw_man_chord_sa. tolerance = 1, sa_iterations = 1000, initial_temperature = 3.0, cooling_rate = 0.999
26 - INFO - chord#: 0 In build_straw_man_chord_sa. tolerance = 1, sa_iterations = 1000, initial_temperature = 3.0, cooling_rate = 0.999
26 - INFO - chord#: 0 In build_straw_man_chord_sa. tolerance = 1, sa_iterations = 1000, initial_temperature = 3.0, cooling_rate = 0.999
26 - INFO - chord#: 0 In build_straw_man_chord_sa. tolerance = 1, sa_iterations = 1000, initial_temperature = 3.0, cooling_rate = 0.999
26 - INFO - chord#: 0 In build_straw_man_chord_sa. tolerance = 1, sa_iterations = 1000, initial_temperature = 3.0, cooling_rate = 0.999
26 - INFO - chord#: 0 In build_straw_man_chord_sa. tolerance = 1, sa_iterations = 1000, initial_temperature = 3.0, cooling_rate = 0.999
26 - INFO - chord#: 0 In build_straw_man_chord_sa. tolerance = 1, sa_iterations = 1000, initial_temperature = 3.0, cooling_rate = 0.999
26 - INFO - chord#: 0 In build_straw_man_chord_sa. tolerance = 1, sa_iterations = 1000, initial_temperature = 3.0, cooling_rate = 0.999
26 - INFO - chord#: 0 done. best_score=27.0, changed=516, unchanged=303, early_stops=8/8
26 - INFO - chord#: 4 In build_straw_man_chord_sa. tolerance = 1, sa_iterations = 1000, initial_temperature = 3.0, cooling_rate = 0.999
26 - INFO - chord#: 0 done. best_score=27.0, changed=515, unchanged=357, early_stops=8/8
26 - INFO - chord#: 4 In build_straw_man_chord_sa. tolerance = 1, sa_iterations = 1000, initial_temperature = 3.0, cooling_rate = 0.999
26 - INFO - chord#: 0 done. best_score=27.0, changed=518, unchanged=430, early_stops=8/8
26 - INFO - chord#: 4 In build_straw_man_chord_sa. tolerance = 1, sa_iterations = 1000, initial_temperature = 3.0, cooling_rate = 0.999
26 - INFO - chord#: 0 done. best_score=27.0, changed=533, unchanged=407, early_stops=8/8
26 - INFO - chord#: 4 In build_straw_man_chord_sa. tolerance = 1, sa_iterations = 1000, initial_temperature = 3.0, cooling_rate = 0.999
26 - INFO - chord#: 0 done. best_score=27.0, changed=522, unchanged=455, early_stops=8/8
26 - INFO - chord#: 4 In build_straw_man_chord_sa. tolerance = 1, sa_iterations = 1000, initial_temperature = 3.0, cooling_rate = 0.999
26 - INFO - chord#: 0 done. best_score=27.0, changed=522, unchanged=608, early_stops=8/8
26 - INFO - chord#: 4 In build_straw_man_chord_sa. tolerance = 1, sa_iterations = 1000, initial_temperature = 3.0, cooling_rate = 0.999
26 - INFO - chord#: 0 done. best_score=27.0, changed=515, unchanged=350, early_stops=8/8
26 - INFO - chord#: 4 In build_straw_man_chord_sa. tolerance = 1, sa_iterations = 1000, initial_temperature = 3.0, cooling_rate = 0.999
26 - INFO - chord#: 0 done. best_score=27.0, changed=519, unchanged=404, early_stops=8/8
26 - INFO - chord#: 4 In build_straw_man_chord_sa. tolerance = 1, sa_iterations = 1000, initial_temperature = 3.0, cooling_rate = 0.999
26 - INFO - chord#: 0 done. best_score=27.0, changed=524, unchanged=413, early_stops=8/8
26 - INFO - chord#: 4 In build_straw_man_chord_sa. tolerance = 1, sa_iterations = 1000, initial_temperature = 3.0, cooling_rate = 0.999
26 - INFO - chord#: 0 done. best_score=27.0, changed=526, unchanged=428, early_stops=8/8
26 - INFO - chord#: 4 In build_straw_man_chord_sa. tolerance = 1, sa_iterations = 1000, initial_temperature = 3.0, cooling_rate = 0.999
26 - INFO - chord#: 0 done. best_score=27.0, changed=520, unchanged=500, early_stops=8/8
26 - INFO - chord#: 4 In build_straw_man_chord_sa. tolerance = 1, sa_iterations = 1000, initial_temperature = 3.0, cooling_rate = 0.999
26 - INFO - chord#: 0 done. best_score=27.0, changed=532, unchanged=491, early_stops=8/8
26 - INFO - chord#: 4 In build_straw_man_chord_sa. tolerance = 1, sa_iterations = 1000, initial_temperature = 3.0, cooling_rate = 0.999
26 - INFO - chord#: 4 done. best_score=27.0, changed=521, unchanged=358, early_stops=8/8
26 - INFO - chord#: 6 In build_straw_man_chord_sa. tolerance = 1, sa_iterations = 1000, initial_temperature = 3.0, cooling_rate = 0.999
26 - INFO - chord#: 4 done. best_score=27.0, changed=517, unchanged=294, early_stops=8/8
26 - INFO - chord#: 6 In build_straw_man_chord_sa. tolerance = 1, sa_iterations = 1000, initial_temperature = 3.0, cooling_rate = 0.999
26 - INFO - chord#: 4 done. best_score=27.0, changed=517, unchanged=360, early_stops=8/8
26 - INFO - chord#: 6 In build_straw_man_chord_sa. tolerance = 1, sa_iterations = 1000, initial_temperature = 3.0, cooling_rate = 0.999
26 - INFO - chord#: 4 done. best_score=27.0, changed=530, unchanged=333, early_stops=8/8
26 - INFO - chord#: 6 In build_straw_man_chord_sa. tolerance = 1, sa_iterations = 1000, initial_temperature = 3.0, cooling_rate = 0.999
26 - INFO - chord#: 4 done. best_score=27.0, changed=521, unchanged=349, early_stops=8/8
26 - INFO - chord#: 6 In build_straw_man_chord_sa. tolerance = 1, sa_iterations = 1000, initial_temperature = 3.0, cooling_rate = 0.999
26 - INFO - chord#: 4 done. best_score=27.0, changed=527, unchanged=390, early_stops=8/8
26 - INFO - chord#: 6 In build_straw_man_chord_sa. tolerance = 1, sa_iterations = 1000, initial_temperature = 3.0, cooling_rate = 0.999
26 - INFO - chord#: 4 done. best_score=27.0, changed=531, unchanged=406, early_stops=8/8
26 - INFO - chord#: 6 In build_straw_man_chord_sa. tolerance = 1, sa_iterations = 1000, initial_temperature = 3.0, cooling_rate = 0.999
26 - INFO - chord#: 4 done. best_score=27.0, changed=539, unchanged=292, early_stops=8/8
26 - INFO - chord#: 6 In build_straw_man_chord_sa. tolerance = 1, sa_iterations = 1000, initial_temperature = 3.0, cooling_rate = 0.999
26 - INFO - chord#: 4 done. best_score=27.0, changed=522, unchanged=325, early_stops=8/8
26 - INFO - chord#: 6 In build_straw_man_chord_sa. tolerance = 1, sa_iterations = 1000, initial_temperature = 3.0, cooling_rate = 0.999
26 - INFO - chord#: 4 done. best_score=27.0, changed=518, unchanged=341, early_stops=8/8
26 - INFO - chord#: 6 In build_straw_man_chord_sa. tolerance = 1, sa_iterations = 1000, initial_temperature = 3.0, cooling_rate = 0.999
26 - INFO - chord#: 4 done. best_score=27.0, changed=524, unchanged=326, early_stops=8/8
26 - INFO - chord#: 6 In build_straw_man_chord_sa. tolerance = 1, sa_iterations = 1000, initial_temperature = 3.0, cooling_rate = 0.999
26 - INFO - chord#: 4 done. best_score=27.0, changed=522, unchanged=330, early_stops=8/8
26 - INFO - chord#: 6 In build_straw_man_chord_sa. tolerance = 1, sa_iterations = 1000, initial_temperature = 3.0, cooling_rate = 0.999
26 - INFO - chord#: 6 done. best_score=31.0, changed=525, unchanged=356, early_stops=8/8
26 - INFO - chord#: 8 In build_straw_man_chord_sa. tolerance = 1, sa_iterations = 1000, initial_temperature = 3.0, cooling_rate = 0.999
26 - INFO - chord#: 6 done. best_score=31.0, changed=535, unchanged=313, early_stops=8/8
26 - INFO - chord#: 8 In build_straw_man_chord_sa. tolerance = 1, sa_iterations = 1000, initial_temperature = 3.0, cooling_rate = 0.999
26 - INFO - chord#: 6 done. best_score=31.0, changed=543, unchanged=361, early_stops=8/8
26 - INFO - chord#: 8 In build_straw_man_chord_sa. tolerance = 1, sa_iterations = 1000, initial_temperature = 3.0, cooling_rate = 0.999
26 - INFO - chord#: 6 done. best_score=31.0, changed=534, unchanged=369, early_stops=8/8
26 - INFO - chord#: 8 In build_straw_man_chord_sa. tolerance = 1, sa_iterations = 1000, initial_temperature = 3.0, cooling_rate = 0.999
26 - INFO - chord#: 6 done. best_score=31.0, changed=532, unchanged=324, early_stops=8/8
26 - INFO - chord#: 8 In build_straw_man_chord_sa. tolerance = 1, sa_iterations = 1000, initial_temperature = 3.0, cooling_rate = 0.999
26 - INFO - chord#: 6 done. best_score=31.0, changed=542, unchanged=353, early_stops=8/8
26 - INFO - chord#: 8 In build_straw_man_chord_sa. tolerance = 1, sa_iterations = 1000, initial_temperature = 3.0, cooling_rate = 0.999
26 - INFO - chord#: 6 done. best_score=31.0, changed=526, unchanged=334, early_stops=8/8
26 - INFO - chord#: 8 In build_straw_man_chord_sa. tolerance = 1, sa_iterations = 1000, initial_temperature = 3.0, cooling_rate = 0.999
26 - INFO - chord#: 6 done. best_score=31.0, changed=519, unchanged=335, early_stops=8/8
26 - INFO - chord#: 8 In build_straw_man_chord_sa. tolerance = 1, sa_iterations = 1000, initial_temperature = 3.0, cooling_rate = 0.999
26 - INFO - chord#: 6 done. best_score=31.0, changed=534, unchanged=349, early_stops=8/8
26 - INFO - chord#: 8 In build_straw_man_chord_sa. tolerance = 1, sa_iterations = 1000, initial_temperature = 3.0, cooling_rate = 0.999
26 - INFO - chord#: 6 done. best_score=31.0, changed=530, unchanged=342, early_stops=8/8
26 - INFO - chord#: 8 In build_straw_man_chord_sa. tolerance = 1, sa_iterations = 1000, initial_temperature = 3.0, cooling_rate = 0.999
26 - INFO - chord#: 6 done. best_score=31.0, changed=539, unchanged=370, early_stops=8/8
26 - INFO - chord#: 8 In build_straw_man_chord_sa. tolerance = 1, sa_iterations = 1000, initial_temperature = 3.0, cooling_rate = 0.999
26 - INFO - chord#: 6 done. best_score=31.0, changed=536, unchanged=401, early_stops=8/8
26 - INFO - chord#: 8 In build_straw_man_chord_sa. tolerance = 1, sa_iterations = 1000, initial_temperature = 3.0, cooling_rate = 0.999
26 - INFO - chord#: 8 done. best_score=27.0, changed=518, unchanged=470, early_stops=8/8
26 - INFO - chord#: 12 In build_straw_man_chord_sa. tolerance = 1, sa_iterations = 1000, initial_temperature = 3.0, cooling_rate = 0.999
26 - INFO - chord#: 8 done. best_score=27.0, changed=526, unchanged=424, early_stops=8/8
26 - INFO - chord#: 12 In build_straw_man_chord_sa. tolerance = 1, sa_iterations = 1000, initial_temperature = 3.0, cooling_rate = 0.999
26 - INFO - chord#: 8 done. best_score=27.0, changed=524, unchanged=409, early_stops=8/8
26 - INFO - chord#: 12 In build_straw_man_chord_sa. tolerance = 1, sa_iterations = 1000, initial_temperature = 3.0, cooling_rate = 0.999
26 - INFO - chord#: 8 done. best_score=27.0, changed=519, unchanged=435, early_stops=8/8
26 - INFO - chord#: 12 In build_straw_man_chord_sa. tolerance = 1, sa_iterations = 1000, initial_temperature = 3.0, cooling_rate = 0.999
26 - INFO - chord#: 8 done. best_score=27.0, changed=524, unchanged=469, early_stops=8/8
26 - INFO - chord#: 12 In build_straw_man_chord_sa. tolerance = 1, sa_iterations = 1000, initial_temperature = 3.0, cooling_rate = 0.999
26 - INFO - chord#: 8 done. best_score=27.0, changed=520, unchanged=433, early_stops=8/8
26 - INFO - chord#: 12 In build_straw_man_chord_sa. tolerance = 1, sa_iterations = 1000, initial_temperature = 3.0, cooling_rate = 0.999
26 - INFO - chord#: 8 done. best_score=27.0, changed=516, unchanged=368, early_stops=8/8
26 - INFO - chord#: 12 In build_straw_man_chord_sa. tolerance = 1, sa_iterations = 1000, initial_temperature = 3.0, cooling_rate = 0.999
26 - INFO - chord#: 8 done. best_score=27.0, changed=520, unchanged=391, early_stops=8/8
26 - INFO - chord#: 12 In build_straw_man_chord_sa. tolerance = 1, sa_iterations = 1000, initial_temperature = 3.0, cooling_rate = 0.999
26 - INFO - chord#: 12 done. best_score=27.0, changed=530, unchanged=500, early_stops=8/8
26 - INFO - chord#: 16 In build_straw_man_chord_sa. tolerance = 1, sa_iterations = 1000, initial_temperature = 3.0, cooling_rate = 0.999
26 - INFO - chord#: 8 done. best_score=27.0, changed=519, unchanged=392, early_stops=8/8
26 - INFO - chord#: 12 In build_straw_man_chord_sa. tolerance = 1, sa_iterations = 1000, initial_temperature = 3.0, cooling_rate = 0.999
26 - INFO - chord#: 12 done. best_score=27.0, changed=521, unchanged=337, early_stops=8/8
26 - INFO - chord#: 16 In build_straw_man_chord_sa. tolerance = 1, sa_iterations = 1000, initial_temperature = 3.0, cooling_rate = 0.999
26 - INFO - chord#: 8 done. best_score=27.0, changed=527, unchanged=482, early_stops=8/8
26 - INFO - chord#: 12 In build_straw_man_chord_sa. tolerance = 1, sa_iterations = 1000, initial_temperature = 3.0, cooling_rate = 0.999
26 - INFO - chord#: 12 done. best_score=27.0, changed=517, unchanged=355, early_stops=8/8
26 - INFO - chord#: 16 In build_straw_man_chord_sa. tolerance = 1, sa_iterations = 1000, initial_temperature = 3.0, cooling_rate = 0.999
26 - INFO - chord#: 8 done. best_score=27.0, changed=520, unchanged=548, early_stops=8/8
26 - INFO - chord#: 12 In build_straw_man_chord_sa. tolerance = 1, sa_iterations = 1000, initial_temperature = 3.0, cooling_rate = 0.999
26 - INFO - chord#: 12 done. best_score=27.0, changed=522, unchanged=437, early_stops=8/8
26 - INFO - chord#: 16 In build_straw_man_chord_sa. tolerance = 1, sa_iterations = 1000, initial_temperature = 3.0, cooling_rate = 0.999
26 - INFO - chord#: 12 done. best_score=27.0, changed=529, unchanged=411, early_stops=8/8
26 - INFO - chord#: 16 In build_straw_man_chord_sa. tolerance = 1, sa_iterations = 1000, initial_temperature = 3.0, cooling_rate = 0.999
26 - INFO - chord#: 8 done. best_score=27.0, changed=540, unchanged=772, early_stops=8/8
26 - INFO - chord#: 12 In build_straw_man_chord_sa. tolerance = 1, sa_iterations = 1000, initial_temperature = 3.0, cooling_rate = 0.999
26 - INFO - chord#: 12 done. best_score=27.0, changed=538, unchanged=400, early_stops=8/8
26 - INFO - chord#: 16 In build_straw_man_chord_sa. tolerance = 1, sa_iterations = 1000, initial_temperature = 3.0, cooling_rate = 0.999
26 - INFO - chord#: 16 done. best_score=35.0, changed=523, unchanged=441, early_stops=8/8
26 - INFO - chord#: 18 In build_straw_man_chord_sa. tolerance = 1, sa_iterations = 1000, initial_temperature = 3.0, cooling_rate = 0.999
26 - INFO - chord#: 16 done. best_score=35.0, changed=525, unchanged=361, early_stops=8/8
26 - INFO - chord#: 18 In build_straw_man_chord_sa. tolerance = 1, sa_iterations = 1000, initial_temperature = 3.0, cooling_rate = 0.999
26 - INFO - chord#: 16 done. best_score=35.0, changed=537, unchanged=479, early_stops=8/8
26 - INFO - chord#: 18 In build_straw_man_chord_sa. tolerance = 1, sa_iterations = 1000, initial_temperature = 3.0, cooling_rate = 0.999
26 - INFO - chord#: 16 done. best_score=35.0, changed=518, unchanged=324, early_stops=8/8
26 - INFO - chord#: 18 In build_straw_man_chord_sa. tolerance = 1, sa_iterations = 1000, initial_temperature = 3.0, cooling_rate = 0.999
26 - INFO - chord#: 16 done. best_score=35.0, changed=524, unchanged=443, early_stops=8/8
26 - INFO - chord#: 18 In build_straw_man_chord_sa. tolerance = 1, sa_iterations = 1000, initial_temperature = 3.0, cooling_rate = 0.999
26 - INFO - chord#: 12 done. best_score=27.0, changed=521, unchanged=347, early_stops=8/8
26 - INFO - chord#: 16 In build_straw_man_chord_sa. tolerance = 1, sa_iterations = 1000, initial_temperature = 3.0, cooling_rate = 0.999
26 - INFO - chord#: 12 done. best_score=27.0, changed=524, unchanged=425, early_stops=8/8
26 - INFO - chord#: 16 In build_straw_man_chord_sa. tolerance = 1, sa_iterations = 1000, initial_temperature = 3.0, cooling_rate = 0.999
26 - INFO - chord#: 12 done. best_score=27.0, changed=519, unchanged=407, early_stops=8/8
26 - INFO - chord#: 16 In build_straw_man_chord_sa. tolerance = 1, sa_iterations = 1000, initial_temperature = 3.0, cooling_rate = 0.999
26 - INFO - chord#: 12 done. best_score=27.0, changed=519, unchanged=410, early_stops=8/8
26 - INFO - chord#: 16 In build_straw_man_chord_sa. tolerance = 1, sa_iterations = 1000, initial_temperature = 3.0, cooling_rate = 0.999
26 - INFO - chord#: 16 done. best_score=35.0, changed=521, unchanged=319, early_stops=8/8
26 - INFO - chord#: 18 In build_straw_man_chord_sa. tolerance = 1, sa_iterations = 1000, initial_temperature = 3.0, cooling_rate = 0.999
26 - INFO - chord#: 12 done. best_score=27.0, changed=514, unchanged=393, early_stops=8/8
26 - INFO - chord#: 16 In build_straw_man_chord_sa. tolerance = 1, sa_iterations = 1000, initial_temperature = 3.0, cooling_rate = 0.999
26 - INFO - chord#: 12 done. best_score=27.0, changed=514, unchanged=414, early_stops=8/8
26 - INFO - chord#: 16 In build_straw_man_chord_sa. tolerance = 1, sa_iterations = 1000, initial_temperature = 3.0, cooling_rate = 0.999
26 - INFO - chord#: 18 done. best_score=36.0, changed=513, unchanged=305, early_stops=8/8
26 - INFO - chord#: 20 In build_straw_man_chord_sa. tolerance = 1, sa_iterations = 1000, initial_temperature = 3.0, cooling_rate = 0.999
26 - INFO - chord#: 18 done. best_score=36.0, changed=539, unchanged=450, early_stops=8/8
26 - INFO - chord#: 20 In build_straw_man_chord_sa. tolerance = 1, sa_iterations = 1000, initial_temperature = 3.0, cooling_rate = 0.999
26 - INFO - chord#: 18 done. best_score=27.0, changed=529, unchanged=384, early_stops=8/8
26 - INFO - chord#: 20 In build_straw_man_chord_sa. tolerance = 1, sa_iterations = 1000, initial_temperature = 3.0, cooling_rate = 0.999
26 - INFO - chord#: 18 done. best_score=36.0, changed=522, unchanged=351, early_stops=8/8
26 - INFO - chord#: 20 In build_straw_man_chord_sa. tolerance = 1, sa_iterations = 1000, initial_temperature = 3.0, cooling_rate = 0.999
26 - INFO - chord#: 18 done. best_score=36.0, changed=527, unchanged=429, early_stops=8/8
26 - INFO - chord#: 20 In build_straw_man_chord_sa. tolerance = 1, sa_iterations = 1000, initial_temperature = 3.0, cooling_rate = 0.999
26 - INFO - chord#: 16 done. best_score=35.0, changed=523, unchanged=310, early_stops=8/8
26 - INFO - chord#: 18 In build_straw_man_chord_sa. tolerance = 1, sa_iterations = 1000, initial_temperature = 3.0, cooling_rate = 0.999
26 - INFO - chord#: 18 done. best_score=36.0, changed=517, unchanged=349, early_stops=8/8
26 - INFO - chord#: 20 In build_straw_man_chord_sa. tolerance = 1, sa_iterations = 1000, initial_temperature = 3.0, cooling_rate = 0.999
26 - INFO - chord#: 16 done. best_score=35.0, changed=519, unchanged=388, early_stops=8/8
26 - INFO - chord#: 18 In build_straw_man_chord_sa. tolerance = 1, sa_iterations = 1000, initial_temperature = 3.0, cooling_rate = 0.999
26 - INFO - chord#: 16 done. best_score=35.0, changed=530, unchanged=429, early_stops=8/8
26 - INFO - chord#: 18 In build_straw_man_chord_sa. tolerance = 1, sa_iterations = 1000, initial_temperature = 3.0, cooling_rate = 0.999
26 - INFO - chord#: 16 done. best_score=35.0, changed=526, unchanged=393, early_stops=8/8
26 - INFO - chord#: 18 In build_straw_man_chord_sa. tolerance = 1, sa_iterations = 1000, initial_temperature = 3.0, cooling_rate = 0.999
26 - INFO - chord#: 16 done. best_score=35.0, changed=533, unchanged=417, early_stops=8/8
26 - INFO - chord#: 18 In build_straw_man_chord_sa. tolerance = 1, sa_iterations = 1000, initial_temperature = 3.0, cooling_rate = 0.999
26 - INFO - chord#: 20 done. best_score=27.0, changed=521, unchanged=389, early_stops=8/8
26 - INFO - chord#: 22 In build_straw_man_chord_sa. tolerance = 1, sa_iterations = 1000, initial_temperature = 3.0, cooling_rate = 0.999
26 - INFO - chord#: 16 done. best_score=35.0, changed=523, unchanged=368, early_stops=8/8
26 - INFO - chord#: 18 In build_straw_man_chord_sa. tolerance = 1, sa_iterations = 1000, initial_temperature = 3.0, cooling_rate = 0.999
26 - INFO - chord#: 20 done. best_score=27.0, changed=526, unchanged=411, early_stops=8/8
26 - INFO - chord#: 22 In build_straw_man_chord_sa. tolerance = 1, sa_iterations = 1000, initial_temperature = 3.0, cooling_rate = 0.999
26 - INFO - chord#: 20 done. best_score=27.0, changed=522, unchanged=351, early_stops=8/8
26 - INFO - chord#: 22 In build_straw_man_chord_sa. tolerance = 1, sa_iterations = 1000, initial_temperature = 3.0, cooling_rate = 0.999
26 - INFO - chord#: 20 done. best_score=27.0, changed=528, unchanged=522, early_stops=8/8
26 - INFO - chord#: 22 In build_straw_man_chord_sa. tolerance = 1, sa_iterations = 1000, initial_temperature = 3.0, cooling_rate = 0.999
26 - INFO - chord#: 20 done. best_score=27.0, changed=527, unchanged=385, early_stops=8/8
26 - INFO - chord#: 22 In build_straw_man_chord_sa. tolerance = 1, sa_iterations = 1000, initial_temperature = 3.0, cooling_rate = 0.999
26 - INFO - chord#: 20 done. best_score=27.0, changed=517, unchanged=337, early_stops=8/8
26 - INFO - chord#: 22 In build_straw_man_chord_sa. tolerance = 1, sa_iterations = 1000, initial_temperature = 3.0, cooling_rate = 0.999
26 - INFO - chord#: 18 done. best_score=36.0, changed=527, unchanged=388, early_stops=8/8
26 - INFO - chord#: 20 In build_straw_man_chord_sa. tolerance = 1, sa_iterations = 1000, initial_temperature = 3.0, cooling_rate = 0.999
26 - INFO - chord#: 18 done. best_score=36.0, changed=520, unchanged=352, early_stops=8/8
26 - INFO - chord#: 20 In build_straw_man_chord_sa. tolerance = 1, sa_iterations = 1000, initial_temperature = 3.0, cooling_rate = 0.999
26 - INFO - chord#: 18 done. best_score=36.0, changed=530, unchanged=496, early_stops=8/8
26 - INFO - chord#: 20 In build_straw_man_chord_sa. tolerance = 1, sa_iterations = 1000, initial_temperature = 3.0, cooling_rate = 0.999
26 - INFO - chord#: 18 done. best_score=27.0, changed=525, unchanged=507, early_stops=8/8
26 - INFO - chord#: 20 In build_straw_man_chord_sa. tolerance = 1, sa_iterations = 1000, initial_temperature = 3.0, cooling_rate = 0.999
26 - INFO - chord#: 18 done. best_score=36.0, changed=518, unchanged=300, early_stops=8/8
26 - INFO - chord#: 20 In build_straw_man_chord_sa. tolerance = 1, sa_iterations = 1000, initial_temperature = 3.0, cooling_rate = 0.999
26 - INFO - chord#: 18 done. best_score=27.0, changed=523, unchanged=425, early_stops=8/8
26 - INFO - chord#: 20 In build_straw_man_chord_sa. tolerance = 1, sa_iterations = 1000, initial_temperature = 3.0, cooling_rate = 0.999
26 - INFO - chord#: 20 done. best_score=27.0, changed=527, unchanged=480, early_stops=8/8
26 - INFO - chord#: 22 In build_straw_man_chord_sa. tolerance = 1, sa_iterations = 1000, initial_temperature = 3.0, cooling_rate = 0.999
26 - INFO - chord#: 20 done. best_score=27.0, changed=517, unchanged=329, early_stops=8/8
26 - INFO - chord#: 22 In build_straw_man_chord_sa. tolerance = 1, sa_iterations = 1000, initial_temperature = 3.0, cooling_rate = 0.999
26 - INFO - chord#: 22 done. best_score=74.0, changed=605, unchanged=201, early_stops=8/8
26 - INFO - chord#: 24 In build_straw_man_chord_sa. tolerance = 1, sa_iterations = 1000, initial_temperature = 3.0, cooling_rate = 0.999
26 - INFO - chord#: 20 done. best_score=27.0, changed=530, unchanged=417, early_stops=8/8
26 - INFO - chord#: 22 In build_straw_man_chord_sa. tolerance = 1, sa_iterations = 1000, initial_temperature = 3.0, cooling_rate = 0.999
26 - INFO - chord#: 20 done. best_score=27.0, changed=532, unchanged=387, early_stops=8/8
26 - INFO - chord#: 22 In build_straw_man_chord_sa. tolerance = 1, sa_iterations = 1000, initial_temperature = 3.0, cooling_rate = 0.999
26 - INFO - chord#: 20 done. best_score=27.0, changed=522, unchanged=442, early_stops=8/8
26 - INFO - chord#: 22 In build_straw_man_chord_sa. tolerance = 1, sa_iterations = 1000, initial_temperature = 3.0, cooling_rate = 0.999
26 - INFO - chord#: 20 done. best_score=27.0, changed=520, unchanged=406, early_stops=8/8
26 - INFO - chord#: 22 In build_straw_man_chord_sa. tolerance = 1, sa_iterations = 1000, initial_temperature = 3.0, cooling_rate = 0.999
26 - INFO - chord#: 22 done. best_score=96.0, changed=613, unchanged=382, early_stops=8/8
26 - INFO - chord#: 24 In build_straw_man_chord_sa. tolerance = 1, sa_iterations = 1000, initial_temperature = 3.0, cooling_rate = 0.999
26 - INFO - chord#: 22 done. best_score=74.0, changed=607, unchanged=252, early_stops=8/8
26 - INFO - chord#: 24 In build_straw_man_chord_sa. tolerance = 1, sa_iterations = 1000, initial_temperature = 3.0, cooling_rate = 0.999
26 - INFO - chord#: 22 done. best_score=74.0, changed=611, unchanged=295, early_stops=8/8
26 - INFO - chord#: 24 In build_straw_man_chord_sa. tolerance = 1, sa_iterations = 1000, initial_temperature = 3.0, cooling_rate = 0.999
26 - INFO - chord#: 22 done. best_score=96.0, changed=609, unchanged=447, early_stops=8/8
26 - INFO - chord#: 24 In build_straw_man_chord_sa. tolerance = 1, sa_iterations = 1000, initial_temperature = 3.0, cooling_rate = 0.999
26 - INFO - chord#: 24 done. best_score=27.0, changed=524, unchanged=386, early_stops=8/8
26 - INFO - chord#: 28 In build_straw_man_chord_sa. tolerance = 1, sa_iterations = 1000, initial_temperature = 3.0, cooling_rate = 0.999
26 - INFO - chord#: 22 done. best_score=74.0, changed=617, unchanged=415, early_stops=8/8
26 - INFO - chord#: 24 In build_straw_man_chord_sa. tolerance = 1, sa_iterations = 1000, initial_temperature = 3.0, cooling_rate = 0.999
26 - INFO - chord#: 24 done. best_score=27.0, changed=517, unchanged=389, early_stops=8/8
26 - INFO - chord#: 28 In build_straw_man_chord_sa. tolerance = 1, sa_iterations = 1000, initial_temperature = 3.0, cooling_rate = 0.999
26 - INFO - chord#: 24 done. best_score=27.0, changed=526, unchanged=470, early_stops=8/8
26 - INFO - chord#: 28 In build_straw_man_chord_sa. tolerance = 1, sa_iterations = 1000, initial_temperature = 3.0, cooling_rate = 0.999
26 - INFO - chord#: 24 done. best_score=27.0, changed=513, unchanged=357, early_stops=8/8
26 - INFO - chord#: 28 In build_straw_man_chord_sa. tolerance = 1, sa_iterations = 1000, initial_temperature = 3.0, cooling_rate = 0.999
26 - INFO - chord#: 24 done. best_score=27.0, changed=523, unchanged=384, early_stops=8/8
26 - INFO - chord#: 28 In build_straw_man_chord_sa. tolerance = 1, sa_iterations = 1000, initial_temperature = 3.0, cooling_rate = 0.999
26 - INFO - chord#: 28 done. best_score=27.0, changed=517, unchanged=361, early_stops=8/8
26 - INFO - chord#: 32 In build_straw_man_chord_sa. tolerance = 1, sa_iterations = 1000, initial_temperature = 3.0, cooling_rate = 0.999
26 - INFO - chord#: 28 done. best_score=27.0, changed=516, unchanged=363, early_stops=8/8
26 - INFO - chord#: 32 In build_straw_man_chord_sa. tolerance = 1, sa_iterations = 1000, initial_temperature = 3.0, cooling_rate = 0.999
26 - INFO - chord#: 24 done. best_score=27.0, changed=525, unchanged=522, early_stops=8/8
26 - INFO - chord#: 28 In build_straw_man_chord_sa. tolerance = 1, sa_iterations = 1000, initial_temperature = 3.0, cooling_rate = 0.999
26 - INFO - chord#: 28 done. best_score=27.0, changed=522, unchanged=346, early_stops=8/8
26 - INFO - chord#: 32 In build_straw_man_chord_sa. tolerance = 1, sa_iterations = 1000, initial_temperature = 3.0, cooling_rate = 0.999
26 - INFO - chord#: 28 done. best_score=27.0, changed=526, unchanged=437, early_stops=8/8
26 - INFO - chord#: 32 In build_straw_man_chord_sa. tolerance = 1, sa_iterations = 1000, initial_temperature = 3.0, cooling_rate = 0.999
26 - INFO - chord#: 22 done. best_score=74.0, changed=609, unchanged=314, early_stops=8/8
26 - INFO - chord#: 24 In build_straw_man_chord_sa. tolerance = 1, sa_iterations = 1000, initial_temperature = 3.0, cooling_rate = 0.999
26 - INFO - chord#: 22 done. best_score=74.0, changed=610, unchanged=248, early_stops=8/8
26 - INFO - chord#: 24 In build_straw_man_chord_sa. tolerance = 1, sa_iterations = 1000, initial_temperature = 3.0, cooling_rate = 0.999
26 - INFO - chord#: 32 done. best_score=27.0, changed=519, unchanged=362, early_stops=8/8
26 - INFO - chord#: 36 In build_straw_man_chord_sa. tolerance = 1, sa_iterations = 1000, initial_temperature = 3.0, cooling_rate = 0.999
26 - INFO - chord#: 28 done. best_score=27.0, changed=521, unchanged=453, early_stops=8/8
26 - INFO - chord#: 32 In build_straw_man_chord_sa. tolerance = 1, sa_iterations = 1000, initial_temperature = 3.0, cooling_rate = 0.999
26 - INFO - chord#: 22 done. best_score=96.0, changed=608, unchanged=362, early_stops=8/8
26 - INFO - chord#: 24 In build_straw_man_chord_sa. tolerance = 1, sa_iterations = 1000, initial_temperature = 3.0, cooling_rate = 0.999
26 - INFO - chord#: 22 done. best_score=74.0, changed=622, unchanged=403, early_stops=8/8
26 - INFO - chord#: 24 In build_straw_man_chord_sa. tolerance = 1, sa_iterations = 1000, initial_temperature = 3.0, cooling_rate = 0.999
26 - INFO - chord#: 22 done. best_score=74.0, changed=614, unchanged=359, early_stops=8/8
26 - INFO - chord#: 24 In build_straw_man_chord_sa. tolerance = 1, sa_iterations = 1000, initial_temperature = 3.0, cooling_rate = 0.999
26 - INFO - chord#: 22 done. best_score=74.0, changed=609, unchanged=421, early_stops=8/8
26 - INFO - chord#: 24 In build_straw_man_chord_sa. tolerance = 1, sa_iterations = 1000, initial_temperature = 3.0, cooling_rate = 0.999
26 - INFO - chord#: 32 done. best_score=27.0, changed=522, unchanged=413, early_stops=8/8
26 - INFO - chord#: 36 In build_straw_man_chord_sa. tolerance = 1, sa_iterations = 1000, initial_temperature = 3.0, cooling_rate = 0.999
26 - INFO - chord#: 32 done. best_score=27.0, changed=521, unchanged=344, early_stops=8/8
26 - INFO - chord#: 36 In build_straw_man_chord_sa. tolerance = 1, sa_iterations = 1000, initial_temperature = 3.0, cooling_rate = 0.999
26 - INFO - chord#: 32 done. best_score=27.0, changed=518, unchanged=396, early_stops=8/8
26 - INFO - chord#: 36 In build_straw_man_chord_sa. tolerance = 1, sa_iterations = 1000, initial_temperature = 3.0, cooling_rate = 0.999
26 - INFO - chord#: 28 done. best_score=27.0, changed=525, unchanged=416, early_stops=8/8
26 - INFO - chord#: 32 In build_straw_man_chord_sa. tolerance = 1, sa_iterations = 1000, initial_temperature = 3.0, cooling_rate = 0.999
26 - INFO - chord#: 24 done. best_score=27.0, changed=519, unchanged=401, early_stops=8/8
26 - INFO - chord#: 28 In build_straw_man_chord_sa. tolerance = 1, sa_iterations = 1000, initial_temperature = 3.0, cooling_rate = 0.999
26 - INFO - chord#: 36 done. best_score=57.0, changed=518, unchanged=477, early_stops=8/8
26 - INFO - chord#: 38 In build_straw_man_chord_sa. tolerance = 1, sa_iterations = 1000, initial_temperature = 3.0, cooling_rate = 0.999
26 - INFO - chord#: 24 done. best_score=27.0, changed=527, unchanged=481, early_stops=8/8
26 - INFO - chord#: 28 In build_straw_man_chord_sa. tolerance = 1, sa_iterations = 1000, initial_temperature = 3.0, cooling_rate = 0.999
26 - INFO - chord#: 24 done. best_score=27.0, changed=522, unchanged=411, early_stops=8/8
26 - INFO - chord#: 28 In build_straw_man_chord_sa. tolerance = 1, sa_iterations = 1000, initial_temperature = 3.0, cooling_rate = 0.999
26 - INFO - chord#: 32 done. best_score=27.0, changed=515, unchanged=355, early_stops=8/8
26 - INFO - chord#: 36 In build_straw_man_chord_sa. tolerance = 1, sa_iterations = 1000, initial_temperature = 3.0, cooling_rate = 0.999
26 - INFO - chord#: 36 done. best_score=27.0, changed=518, unchanged=418, early_stops=8/8
26 - INFO - chord#: 38 In build_straw_man_chord_sa. tolerance = 1, sa_iterations = 1000, initial_temperature = 3.0, cooling_rate = 0.999
26 - INFO - chord#: 36 done. best_score=27.0, changed=520, unchanged=362, early_stops=8/8
26 - INFO - chord#: 38 In build_straw_man_chord_sa. tolerance = 1, sa_iterations = 1000, initial_temperature = 3.0, cooling_rate = 0.999
26 - INFO - chord#: 24 done. best_score=27.0, changed=515, unchanged=417, early_stops=8/8
26 - INFO - chord#: 28 In build_straw_man_chord_sa. tolerance = 1, sa_iterations = 1000, initial_temperature = 3.0, cooling_rate = 0.999
26 - INFO - chord#: 36 done. best_score=27.0, changed=518, unchanged=405, early_stops=8/8
26 - INFO - chord#: 38 In build_straw_man_chord_sa. tolerance = 1, sa_iterations = 1000, initial_temperature = 3.0, cooling_rate = 0.999
26 - INFO - chord#: 24 done. best_score=27.0, changed=520, unchanged=426, early_stops=8/8
26 - INFO - chord#: 28 In build_straw_man_chord_sa. tolerance = 1, sa_iterations = 1000, initial_temperature = 3.0, cooling_rate = 0.999
26 - INFO - chord#: 32 done. best_score=27.0, changed=543, unchanged=439, early_stops=8/8
26 - INFO - chord#: 36 In build_straw_man_chord_sa. tolerance = 1, sa_iterations = 1000, initial_temperature = 3.0, cooling_rate = 0.999
26 - INFO - chord#: 24 done. best_score=27.0, changed=528, unchanged=561, early_stops=8/8
26 - INFO - chord#: 28 In build_straw_man_chord_sa. tolerance = 1, sa_iterations = 1000, initial_temperature = 3.0, cooling_rate = 0.999
26 - INFO - chord#: 28 done. best_score=27.0, changed=521, unchanged=385, early_stops=8/8
26 - INFO - chord#: 32 In build_straw_man_chord_sa. tolerance = 1, sa_iterations = 1000, initial_temperature = 3.0, cooling_rate = 0.999
26 - INFO - chord#: 28 done. best_score=27.0, changed=526, unchanged=326, early_stops=8/8
26 - INFO - chord#: 32 In build_straw_man_chord_sa. tolerance = 1, sa_iterations = 1000, initial_temperature = 3.0, cooling_rate = 0.999
26 - INFO - chord#: 36 done. best_score=27.0, changed=523, unchanged=404, early_stops=8/8
26 - INFO - chord#: 38 In build_straw_man_chord_sa. tolerance = 1, sa_iterations = 1000, initial_temperature = 3.0, cooling_rate = 0.999
26 - INFO - chord#: 28 done. best_score=27.0, changed=532, unchanged=428, early_stops=8/8
26 - INFO - chord#: 32 In build_straw_man_chord_sa. tolerance = 1, sa_iterations = 1000, initial_temperature = 3.0, cooling_rate = 0.999
26 - INFO - chord#: 28 done. best_score=27.0, changed=518, unchanged=357, early_stops=8/8
26 - INFO - chord#: 32 In build_straw_man_chord_sa. tolerance = 1, sa_iterations = 1000, initial_temperature = 3.0, cooling_rate = 0.999
26 - INFO - chord#: 36 done. best_score=27.0, changed=519, unchanged=388, early_stops=8/8
26 - INFO - chord#: 38 In build_straw_man_chord_sa. tolerance = 1, sa_iterations = 1000, initial_temperature = 3.0, cooling_rate = 0.999
26 - INFO - chord#: 28 done. best_score=27.0, changed=513, unchanged=329, early_stops=8/8
26 - INFO - chord#: 32 In build_straw_man_chord_sa. tolerance = 1, sa_iterations = 1000, initial_temperature = 3.0, cooling_rate = 0.999
26 - INFO - chord#: 28 done. best_score=27.0, changed=520, unchanged=482, early_stops=8/8
26 - INFO - chord#: 32 In build_straw_man_chord_sa. tolerance = 1, sa_iterations = 1000, initial_temperature = 3.0, cooling_rate = 0.999
26 - INFO - chord#: 32 done. best_score=27.0, changed=525, unchanged=405, early_stops=8/8
26 - INFO - chord#: 36 In build_straw_man_chord_sa. tolerance = 1, sa_iterations = 1000, initial_temperature = 3.0, cooling_rate = 0.999
26 - INFO - chord#: 32 done. best_score=27.0, changed=520, unchanged=359, early_stops=8/8
26 - INFO - chord#: 36 In build_straw_man_chord_sa. tolerance = 1, sa_iterations = 1000, initial_temperature = 3.0, cooling_rate = 0.999
26 - INFO - chord#: 38 done. best_score=96.0, changed=615, unchanged=436, early_stops=8/8
26 - INFO - chord#: 40 In build_straw_man_chord_sa. tolerance = 1, sa_iterations = 1000, initial_temperature = 3.0, cooling_rate = 0.999
26 - INFO - chord#: 38 done. best_score=67.0, changed=616, unchanged=309, early_stops=8/8
26 - INFO - chord#: 40 In build_straw_man_chord_sa. tolerance = 1, sa_iterations = 1000, initial_temperature = 3.0, cooling_rate = 0.999
26 - INFO - chord#: 38 done. best_score=67.0, changed=616, unchanged=365, early_stops=8/8
26 - INFO - chord#: 40 In build_straw_man_chord_sa. tolerance = 1, sa_iterations = 1000, initial_temperature = 3.0, cooling_rate = 0.999
26 - INFO - chord#: 32 done. best_score=27.0, changed=525, unchanged=526, early_stops=8/8
26 - INFO - chord#: 36 In build_straw_man_chord_sa. tolerance = 1, sa_iterations = 1000, initial_temperature = 3.0, cooling_rate = 0.999
26 - INFO - chord#: 32 done. best_score=27.0, changed=517, unchanged=400, early_stops=8/8
26 - INFO - chord#: 36 In build_straw_man_chord_sa. tolerance = 1, sa_iterations = 1000, initial_temperature = 3.0, cooling_rate = 0.999
26 - INFO - chord#: 36 done. best_score=27.0, changed=515, unchanged=380, early_stops=8/8
26 - INFO - chord#: 38 In build_straw_man_chord_sa. tolerance = 1, sa_iterations = 1000, initial_temperature = 3.0, cooling_rate = 0.999
26 - INFO - chord#: 32 done. best_score=27.0, changed=526, unchanged=407, early_stops=8/8
26 - INFO - chord#: 36 In build_straw_man_chord_sa. tolerance = 1, sa_iterations = 1000, initial_temperature = 3.0, cooling_rate = 0.999
26 - INFO - chord#: 38 done. best_score=67.0, changed=613, unchanged=498, early_stops=8/8
26 - INFO - chord#: 40 In build_straw_man_chord_sa. tolerance = 1, sa_iterations = 1000, initial_temperature = 3.0, cooling_rate = 0.999
26 - INFO - chord#: 32 done. best_score=27.0, changed=526, unchanged=428, early_stops=8/8
26 - INFO - chord#: 36 In build_straw_man_chord_sa. tolerance = 1, sa_iterations = 1000, initial_temperature = 3.0, cooling_rate = 0.999
26 - INFO - chord#: 36 done. best_score=27.0, changed=519, unchanged=378, early_stops=8/8
26 - INFO - chord#: 38 In build_straw_man_chord_sa. tolerance = 1, sa_iterations = 1000, initial_temperature = 3.0, cooling_rate = 0.999
26 - INFO - chord#: 40 done. best_score=27.0, changed=523, unchanged=446, early_stops=8/8
26 - INFO - chord#: 42 In build_straw_man_chord_sa. tolerance = 1, sa_iterations = 1000, initial_temperature = 3.0, cooling_rate = 0.999
26 - INFO - chord#: 40 done. best_score=27.0, changed=514, unchanged=343, early_stops=8/8
26 - INFO - chord#: 42 In build_straw_man_chord_sa. tolerance = 1, sa_iterations = 1000, initial_temperature = 3.0, cooling_rate = 0.999
26 - INFO - chord#: 40 done. best_score=27.0, changed=521, unchanged=504, early_stops=8/8
26 - INFO - chord#: 42 In build_straw_man_chord_sa. tolerance = 1, sa_iterations = 1000, initial_temperature = 3.0, cooling_rate = 0.999
26 - INFO - chord#: 36 done. best_score=27.0, changed=514, unchanged=302, early_stops=8/8
26 - INFO - chord#: 38 In build_straw_man_chord_sa. tolerance = 1, sa_iterations = 1000, initial_temperature = 3.0, cooling_rate = 0.999
26 - INFO - chord#: 36 done. best_score=27.0, changed=526, unchanged=421, early_stops=8/8
26 - INFO - chord#: 38 In build_straw_man_chord_sa. tolerance = 1, sa_iterations = 1000, initial_temperature = 3.0, cooling_rate = 0.999
26 - INFO - chord#: 36 done. best_score=27.0, changed=521, unchanged=350, early_stops=8/8
26 - INFO - chord#: 38 In build_straw_man_chord_sa. tolerance = 1, sa_iterations = 1000, initial_temperature = 3.0, cooling_rate = 0.999
26 - INFO - chord#: 40 done. best_score=27.0, changed=514, unchanged=347, early_stops=8/8
26 - INFO - chord#: 42 In build_straw_man_chord_sa. tolerance = 1, sa_iterations = 1000, initial_temperature = 3.0, cooling_rate = 0.999
26 - INFO - chord#: 38 done. best_score=157.0, changed=612, unchanged=382, early_stops=8/8
26 - INFO - chord#: 40 In build_straw_man_chord_sa. tolerance = 1, sa_iterations = 1000, initial_temperature = 3.0, cooling_rate = 0.999
26 - INFO - chord#: 36 done. best_score=57.0, changed=520, unchanged=318, early_stops=8/8
26 - INFO - chord#: 38 In build_straw_man_chord_sa. tolerance = 1, sa_iterations = 1000, initial_temperature = 3.0, cooling_rate = 0.999
26 - INFO - chord#: 42 done. best_score=27.0, changed=519, unchanged=330, early_stops=8/8
26 - INFO - chord#: 44 In build_straw_man_chord_sa. tolerance = 1, sa_iterations = 1000, initial_temperature = 3.0, cooling_rate = 0.999
26 - INFO - chord#: 42 done. best_score=27.0, changed=520, unchanged=492, early_stops=8/8
26 - INFO - chord#: 44 In build_straw_man_chord_sa. tolerance = 1, sa_iterations = 1000, initial_temperature = 3.0, cooling_rate = 0.999
26 - INFO - chord#: 42 done. best_score=27.0, changed=527, unchanged=401, early_stops=8/8
26 - INFO - chord#: 44 In build_straw_man_chord_sa. tolerance = 1, sa_iterations = 1000, initial_temperature = 3.0, cooling_rate = 0.999
26 - INFO - chord#: 38 done. best_score=67.0, changed=615, unchanged=554, early_stops=8/8
26 - INFO - chord#: 40 In build_straw_man_chord_sa. tolerance = 1, sa_iterations = 1000, initial_temperature = 3.0, cooling_rate = 0.999
26 - INFO - chord#: 42 done. best_score=27.0, changed=525, unchanged=369, early_stops=8/8
26 - INFO - chord#: 44 In build_straw_man_chord_sa. tolerance = 1, sa_iterations = 1000, initial_temperature = 3.0, cooling_rate = 0.999
26 - INFO - chord#: 44 done. best_score=27.0, changed=510, unchanged=348, early_stops=8/8
26 - INFO - chord#: 46 In build_straw_man_chord_sa. tolerance = 1, sa_iterations = 1000, initial_temperature = 3.0, cooling_rate = 0.999
26 - INFO - chord#: 38 done. best_score=96.0, changed=621, unchanged=414, early_stops=8/8
26 - INFO - chord#: 40 In build_straw_man_chord_sa. tolerance = 1, sa_iterations = 1000, initial_temperature = 3.0, cooling_rate = 0.999
26 - INFO - chord#: 44 done. best_score=27.0, changed=522, unchanged=436, early_stops=8/8
26 - INFO - chord#: 46 In build_straw_man_chord_sa. tolerance = 1, sa_iterations = 1000, initial_temperature = 3.0, cooling_rate = 0.999
26 - INFO - chord#: 40 done. best_score=27.0, changed=513, unchanged=449, early_stops=8/8
26 - INFO - chord#: 42 In build_straw_man_chord_sa. tolerance = 1, sa_iterations = 1000, initial_temperature = 3.0, cooling_rate = 0.999
26 - INFO - chord#: 44 done. best_score=27.0, changed=532, unchanged=538, early_stops=8/8
26 - INFO - chord#: 46 In build_straw_man_chord_sa. tolerance = 1, sa_iterations = 1000, initial_temperature = 3.0, cooling_rate = 0.999
26 - INFO - chord#: 40 done. best_score=27.0, changed=518, unchanged=469, early_stops=8/8
26 - INFO - chord#: 42 In build_straw_man_chord_sa. tolerance = 1, sa_iterations = 1000, initial_temperature = 3.0, cooling_rate = 0.999
26 - INFO - chord#: 38 done. best_score=96.0, changed=612, unchanged=285, early_stops=8/8
26 - INFO - chord#: 40 In build_straw_man_chord_sa. tolerance = 1, sa_iterations = 1000, initial_temperature = 3.0, cooling_rate = 0.999
26 - INFO - chord#: 38 done. best_score=67.0, changed=615, unchanged=292, early_stops=8/8
26 - INFO - chord#: 40 In build_straw_man_chord_sa. tolerance = 1, sa_iterations = 1000, initial_temperature = 3.0, cooling_rate = 0.999
26 - INFO - chord#: 40 done. best_score=27.0, changed=519, unchanged=318, early_stops=8/8
26 - INFO - chord#: 42 In build_straw_man_chord_sa. tolerance = 1, sa_iterations = 1000, initial_temperature = 3.0, cooling_rate = 0.999
26 - INFO - chord#: 42 done. best_score=27.0, changed=514, unchanged=363, early_stops=8/8
26 - INFO - chord#: 44 In build_straw_man_chord_sa. tolerance = 1, sa_iterations = 1000, initial_temperature = 3.0, cooling_rate = 0.999
26 - INFO - chord#: 44 done. best_score=27.0, changed=522, unchanged=463, early_stops=8/8
26 - INFO - chord#: 46 In build_straw_man_chord_sa. tolerance = 1, sa_iterations = 1000, initial_temperature = 3.0, cooling_rate = 0.999
26 - INFO - chord#: 38 done. best_score=137.0, changed=617, unchanged=344, early_stops=8/8
26 - INFO - chord#: 40 In build_straw_man_chord_sa. tolerance = 1, sa_iterations = 1000, initial_temperature = 3.0, cooling_rate = 0.999
26 - INFO - chord#: 42 done. best_score=27.0, changed=519, unchanged=347, early_stops=8/8
26 - INFO - chord#: 44 In build_straw_man_chord_sa. tolerance = 1, sa_iterations = 1000, initial_temperature = 3.0, cooling_rate = 0.999
26 - INFO - chord#: 38 done. best_score=67.0, changed=619, unchanged=397, early_stops=8/8
26 - INFO - chord#: 40 In build_straw_man_chord_sa. tolerance = 1, sa_iterations = 1000, initial_temperature = 3.0, cooling_rate = 0.999
26 - INFO - chord#: 42 done. best_score=27.0, changed=518, unchanged=441, early_stops=8/8
26 - INFO - chord#: 44 In build_straw_man_chord_sa. tolerance = 1, sa_iterations = 1000, initial_temperature = 3.0, cooling_rate = 0.999
26 - INFO - chord#: 38 done. best_score=137.0, changed=616, unchanged=350, early_stops=8/8
26 - INFO - chord#: 40 In build_straw_man_chord_sa. tolerance = 1, sa_iterations = 1000, initial_temperature = 3.0, cooling_rate = 0.999
26 - INFO - chord#: 40 done. best_score=27.0, changed=513, unchanged=342, early_stops=8/8
26 - INFO - chord#: 42 In build_straw_man_chord_sa. tolerance = 1, sa_iterations = 1000, initial_temperature = 3.0, cooling_rate = 0.999
26 - INFO - chord#: 40 done. best_score=27.0, changed=529, unchanged=487, early_stops=8/8
26 - INFO - chord#: 42 In build_straw_man_chord_sa. tolerance = 1, sa_iterations = 1000, initial_temperature = 3.0, cooling_rate = 0.999
26 - INFO - chord#: 46 done. best_score=104.0, changed=611, unchanged=250, early_stops=8/8
26 - INFO - chord#: 48 In build_straw_man_chord_sa. tolerance = 1, sa_iterations = 1000, initial_temperature = 3.0, cooling_rate = 0.999
26 - INFO - chord#: 44 done. best_score=27.0, changed=521, unchanged=362, early_stops=8/8
26 - INFO - chord#: 46 In build_straw_man_chord_sa. tolerance = 1, sa_iterations = 1000, initial_temperature = 3.0, cooling_rate = 0.999
26 - INFO - chord#: 40 done. best_score=27.0, changed=519, unchanged=405, early_stops=8/8
26 - INFO - chord#: 42 In build_straw_man_chord_sa. tolerance = 1, sa_iterations = 1000, initial_temperature = 3.0, cooling_rate = 0.999
26 - INFO - chord#: 46 done. best_score=103.0, changed=619, unchanged=459, early_stops=8/8
26 - INFO - chord#: 48 In build_straw_man_chord_sa. tolerance = 1, sa_iterations = 1000, initial_temperature = 3.0, cooling_rate = 0.999
26 - INFO - chord#: 46 done. best_score=70.0, changed=617, unchanged=515, early_stops=8/8
26 - INFO - chord#: 48 In build_straw_man_chord_sa. tolerance = 1, sa_iterations = 1000, initial_temperature = 3.0, cooling_rate = 0.999
26 - INFO - chord#: 44 done. best_score=27.0, changed=521, unchanged=453, early_stops=8/8
26 - INFO - chord#: 46 In build_straw_man_chord_sa. tolerance = 1, sa_iterations = 1000, initial_temperature = 3.0, cooling_rate = 0.999
26 - INFO - chord#: 48 done. best_score=27.0, changed=527, unchanged=463, early_stops=8/8
26 - INFO - chord#: 50 In build_straw_man_chord_sa. tolerance = 1, sa_iterations = 1000, initial_temperature = 3.0, cooling_rate = 0.999
26 - INFO - chord#: 44 done. best_score=27.0, changed=525, unchanged=536, early_stops=8/8
26 - INFO - chord#: 46 In build_straw_man_chord_sa. tolerance = 1, sa_iterations = 1000, initial_temperature = 3.0, cooling_rate = 0.999
26 - INFO - chord#: 42 done. best_score=27.0, changed=519, unchanged=442, early_stops=8/8
26 - INFO - chord#: 44 In build_straw_man_chord_sa. tolerance = 1, sa_iterations = 1000, initial_temperature = 3.0, cooling_rate = 0.999
26 - INFO - chord#: 40 done. best_score=27.0, changed=524, unchanged=375, early_stops=8/8
26 - INFO - chord#: 42 In build_straw_man_chord_sa. tolerance = 1, sa_iterations = 1000, initial_temperature = 3.0, cooling_rate = 0.999
26 - INFO - chord#: 40 done. best_score=27.0, changed=528, unchanged=393, early_stops=8/8
26 - INFO - chord#: 42 In build_straw_man_chord_sa. tolerance = 1, sa_iterations = 1000, initial_temperature = 3.0, cooling_rate = 0.999
26 - INFO - chord#: 42 done. best_score=27.0, changed=509, unchanged=379, early_stops=8/8
26 - INFO - chord#: 44 In build_straw_man_chord_sa. tolerance = 1, sa_iterations = 1000, initial_temperature = 3.0, cooling_rate = 0.999
26 - INFO - chord#: 42 done. best_score=27.0, changed=517, unchanged=342, early_stops=8/8
26 - INFO - chord#: 44 In build_straw_man_chord_sa. tolerance = 1, sa_iterations = 1000, initial_temperature = 3.0, cooling_rate = 0.999
26 - INFO - chord#: 48 done. best_score=27.0, changed=522, unchanged=426, early_stops=8/8
26 - INFO - chord#: 50 In build_straw_man_chord_sa. tolerance = 1, sa_iterations = 1000, initial_temperature = 3.0, cooling_rate = 0.999
26 - INFO - chord#: 48 done. best_score=27.0, changed=518, unchanged=309, early_stops=8/8
26 - INFO - chord#: 50 In build_straw_man_chord_sa. tolerance = 1, sa_iterations = 1000, initial_temperature = 3.0, cooling_rate = 0.999
26 - INFO - chord#: 46 done. best_score=70.0, changed=614, unchanged=362, early_stops=8/8
26 - INFO - chord#: 48 In build_straw_man_chord_sa. tolerance = 1, sa_iterations = 1000, initial_temperature = 3.0, cooling_rate = 0.999
26 - INFO - chord#: 42 done. best_score=27.0, changed=521, unchanged=356, early_stops=8/8
26 - INFO - chord#: 44 In build_straw_man_chord_sa. tolerance = 1, sa_iterations = 1000, initial_temperature = 3.0, cooling_rate = 0.999
26 - INFO - chord#: 44 done. best_score=27.0, changed=524, unchanged=459, early_stops=8/8
26 - INFO - chord#: 46 In build_straw_man_chord_sa. tolerance = 1, sa_iterations = 1000, initial_temperature = 3.0, cooling_rate = 0.999
26 - INFO - chord#: 42 done. best_score=27.0, changed=515, unchanged=365, early_stops=8/8
26 - INFO - chord#: 44 In build_straw_man_chord_sa. tolerance = 1, sa_iterations = 1000, initial_temperature = 3.0, cooling_rate = 0.999
26 - INFO - chord#: 46 done. best_score=103.0, changed=609, unchanged=378, early_stops=8/8
26 - INFO - chord#: 48 In build_straw_man_chord_sa. tolerance = 1, sa_iterations = 1000, initial_temperature = 3.0, cooling_rate = 0.999
26 - INFO - chord#: 44 done. best_score=27.0, changed=518, unchanged=392, early_stops=8/8
26 - INFO - chord#: 46 In build_straw_man_chord_sa. tolerance = 1, sa_iterations = 1000, initial_temperature = 3.0, cooling_rate = 0.999
26 - INFO - chord#: 44 done. best_score=27.0, changed=516, unchanged=396, early_stops=8/8
26 - INFO - chord#: 46 In build_straw_man_chord_sa. tolerance = 1, sa_iterations = 1000, initial_temperature = 3.0, cooling_rate = 0.999
26 - INFO - chord#: 46 done. best_score=70.0, changed=614, unchanged=290, early_stops=8/8
26 - INFO - chord#: 48 In build_straw_man_chord_sa. tolerance = 1, sa_iterations = 1000, initial_temperature = 3.0, cooling_rate = 0.999
26 - INFO - chord#: 50 done. best_score=67.0, changed=611, unchanged=259, early_stops=8/8
26 - INFO - chord#: 52 In build_straw_man_chord_sa. tolerance = 1, sa_iterations = 1000, initial_temperature = 3.0, cooling_rate = 0.999
26 - INFO - chord#: 50 done. best_score=140.0, changed=614, unchanged=228, early_stops=8/8
26 - INFO - chord#: 52 In build_straw_man_chord_sa. tolerance = 1, sa_iterations = 1000, initial_temperature = 3.0, cooling_rate = 0.999
26 - INFO - chord#: 48 done. best_score=27.0, changed=515, unchanged=370, early_stops=8/8
26 - INFO - chord#: 50 In build_straw_man_chord_sa. tolerance = 1, sa_iterations = 1000, initial_temperature = 3.0, cooling_rate = 0.999
26 - INFO - chord#: 46 done. best_score=103.0, changed=612, unchanged=252, early_stops=8/8
26 - INFO - chord#: 48 In build_straw_man_chord_sa. tolerance = 1, sa_iterations = 1000, initial_temperature = 3.0, cooling_rate = 0.999
26 - INFO - chord#: 48 done. best_score=27.0, changed=523, unchanged=404, early_stops=8/8
26 - INFO - chord#: 50 In build_straw_man_chord_sa. tolerance = 1, sa_iterations = 1000, initial_temperature = 3.0, cooling_rate = 0.999
26 - INFO - chord#: 50 done. best_score=78.0, changed=616, unchanged=401, early_stops=8/8
26 - INFO - chord#: 52 In build_straw_man_chord_sa. tolerance = 1, sa_iterations = 1000, initial_temperature = 3.0, cooling_rate = 0.999
26 - INFO - chord#: 44 done. best_score=27.0, changed=514, unchanged=380, early_stops=8/8
26 - INFO - chord#: 46 In build_straw_man_chord_sa. tolerance = 1, sa_iterations = 1000, initial_temperature = 3.0, cooling_rate = 0.999
26 - INFO - chord#: 44 done. best_score=27.0, changed=519, unchanged=351, early_stops=8/8
26 - INFO - chord#: 46 In build_straw_man_chord_sa. tolerance = 1, sa_iterations = 1000, initial_temperature = 3.0, cooling_rate = 0.999
26 - INFO - chord#: 48 done. best_score=27.0, changed=517, unchanged=323, early_stops=8/8
26 - INFO - chord#: 50 In build_straw_man_chord_sa. tolerance = 1, sa_iterations = 1000, initial_temperature = 3.0, cooling_rate = 0.999
26 - INFO - chord#: 52 done. best_score=27.0, changed=521, unchanged=398, early_stops=8/8
26 - INFO - chord#: 54 In build_straw_man_chord_sa. tolerance = 1, sa_iterations = 1000, initial_temperature = 3.0, cooling_rate = 0.999
26 - INFO - chord#: 48 done. best_score=27.0, changed=520, unchanged=338, early_stops=8/8
26 - INFO - chord#: 50 In build_straw_man_chord_sa. tolerance = 1, sa_iterations = 1000, initial_temperature = 3.0, cooling_rate = 0.999
26 - INFO - chord#: 52 done. best_score=27.0, changed=524, unchanged=399, early_stops=8/8
26 - INFO - chord#: 52 done. best_score=27.0, changed=522, unchanged=582, early_stops=8/8
26 - INFO - chord#: 54 In build_straw_man_chord_sa. tolerance = 1, sa_iterations = 1000, initial_temperature = 3.0, cooling_rate = 0.999
26 - INFO - chord#: 54 In build_straw_man_chord_sa. tolerance = 1, sa_iterations = 1000, initial_temperature = 3.0, cooling_rate = 0.999
26 - INFO - chord#: 46 done. best_score=103.0, changed=612, unchanged=307, early_stops=8/8
26 - INFO - chord#: 48 In build_straw_man_chord_sa. tolerance = 1, sa_iterations = 1000, initial_temperature = 3.0, cooling_rate = 0.999
26 - INFO - chord#: 46 done. best_score=70.0, changed=610, unchanged=244, early_stops=8/8
26 - INFO - chord#: 48 In build_straw_man_chord_sa. tolerance = 1, sa_iterations = 1000, initial_temperature = 3.0, cooling_rate = 0.999
26 - INFO - chord#: 50 done. best_score=67.0, changed=612, unchanged=346, early_stops=8/8
26 - INFO - chord#: 52 In build_straw_man_chord_sa. tolerance = 1, sa_iterations = 1000, initial_temperature = 3.0, cooling_rate = 0.999
26 - INFO - chord#: 48 done. best_score=27.0, changed=522, unchanged=507, early_stops=8/8
26 - INFO - chord#: 50 In build_straw_man_chord_sa. tolerance = 1, sa_iterations = 1000, initial_temperature = 3.0, cooling_rate = 0.999
26 - INFO - chord#: 46 done. best_score=103.0, changed=613, unchanged=399, early_stops=8/8
26 - INFO - chord#: 48 In build_straw_man_chord_sa. tolerance = 1, sa_iterations = 1000, initial_temperature = 3.0, cooling_rate = 0.999
26 - INFO - chord#: 48 done. best_score=27.0, changed=526, unchanged=402, early_stops=8/8
26 - INFO - chord#: 50 In build_straw_man_chord_sa. tolerance = 1, sa_iterations = 1000, initial_temperature = 3.0, cooling_rate = 0.999
26 - INFO - chord#: 50 done. best_score=67.0, changed=616, unchanged=311, early_stops=8/8
26 - INFO - chord#: 52 In build_straw_man_chord_sa. tolerance = 1, sa_iterations = 1000, initial_temperature = 3.0, cooling_rate = 0.999
26 - INFO - chord#: 46 done. best_score=70.0, changed=610, unchanged=253, early_stops=8/8
26 - INFO - chord#: 48 In build_straw_man_chord_sa. tolerance = 1, sa_iterations = 1000, initial_temperature = 3.0, cooling_rate = 0.999
26 - INFO - chord#: 52 done. best_score=27.0, changed=522, unchanged=360, early_stops=8/8
26 - INFO - chord#: 54 In build_straw_man_chord_sa. tolerance = 1, sa_iterations = 1000, initial_temperature = 3.0, cooling_rate = 0.999
26 - INFO - chord#: 46 done. best_score=70.0, changed=611, unchanged=323, early_stops=8/8
26 - INFO - chord#: 48 In build_straw_man_chord_sa. tolerance = 1, sa_iterations = 1000, initial_temperature = 3.0, cooling_rate = 0.999
26 - INFO - chord#: 54 done. best_score=70.0, changed=609, unchanged=294, early_stops=8/8
26 - INFO - chord#: 56 In build_straw_man_chord_sa. tolerance = 1, sa_iterations = 1000, initial_temperature = 3.0, cooling_rate = 0.999
26 - INFO - chord#: 54 done. best_score=70.0, changed=610, unchanged=318, early_stops=8/8
26 - INFO - chord#: 56 In build_straw_man_chord_sa. tolerance = 1, sa_iterations = 1000, initial_temperature = 3.0, cooling_rate = 0.999
26 - INFO - chord#: 48 done. best_score=27.0, changed=518, unchanged=317, early_stops=8/8
26 - INFO - chord#: 50 In build_straw_man_chord_sa. tolerance = 1, sa_iterations = 1000, initial_temperature = 3.0, cooling_rate = 0.999
26 - INFO - chord#: 50 done. best_score=67.0, changed=615, unchanged=451, early_stops=8/8
26 - INFO - chord#: 52 In build_straw_man_chord_sa. tolerance = 1, sa_iterations = 1000, initial_temperature = 3.0, cooling_rate = 0.999
26 - INFO - chord#: 54 done. best_score=70.0, changed=613, unchanged=420, early_stops=8/8
26 - INFO - chord#: 56 In build_straw_man_chord_sa. tolerance = 1, sa_iterations = 1000, initial_temperature = 3.0, cooling_rate = 0.999
26 - INFO - chord#: 50 done. best_score=67.0, changed=612, unchanged=309, early_stops=8/8
26 - INFO - chord#: 52 In build_straw_man_chord_sa. tolerance = 1, sa_iterations = 1000, initial_temperature = 3.0, cooling_rate = 0.999
26 - INFO - chord#: 52 done. best_score=27.0, changed=521, unchanged=386, early_stops=8/8
26 - INFO - chord#: 54 In build_straw_man_chord_sa. tolerance = 1, sa_iterations = 1000, initial_temperature = 3.0, cooling_rate = 0.999
26 - INFO - chord#: 48 done. best_score=27.0, changed=516, unchanged=314, early_stops=8/8
26 - INFO - chord#: 50 In build_straw_man_chord_sa. tolerance = 1, sa_iterations = 1000, initial_temperature = 3.0, cooling_rate = 0.999
26 - INFO - chord#: 56 done. best_score=27.0, changed=523, unchanged=334, early_stops=8/8
26 - INFO - chord#: 58 In build_straw_man_chord_sa. tolerance = 1, sa_iterations = 1000, initial_temperature = 3.0, cooling_rate = 0.999
26 - INFO - chord#: 50 done. best_score=137.0, changed=610, unchanged=229, early_stops=8/8
26 - INFO - chord#: 52 In build_straw_man_chord_sa. tolerance = 1, sa_iterations = 1000, initial_temperature = 3.0, cooling_rate = 0.999
26 - INFO - chord#: 56 done. best_score=27.0, changed=529, unchanged=407, early_stops=8/8
26 - INFO - chord#: 58 In build_straw_man_chord_sa. tolerance = 1, sa_iterations = 1000, initial_temperature = 3.0, cooling_rate = 0.999
26 - INFO - chord#: 48 done. best_score=27.0, changed=524, unchanged=476, early_stops=8/8
26 - INFO - chord#: 50 In build_straw_man_chord_sa. tolerance = 1, sa_iterations = 1000, initial_temperature = 3.0, cooling_rate = 0.999
26 - INFO - chord#: 50 done. best_score=78.0, changed=610, unchanged=308, early_stops=8/8
26 - INFO - chord#: 52 In build_straw_man_chord_sa. tolerance = 1, sa_iterations = 1000, initial_temperature = 3.0, cooling_rate = 0.999
26 - INFO - chord#: 56 done. best_score=27.0, changed=522, unchanged=334, early_stops=8/8
26 - INFO - chord#: 58 In build_straw_man_chord_sa. tolerance = 1, sa_iterations = 1000, initial_temperature = 3.0, cooling_rate = 0.999
26 - INFO - chord#: 52 done. best_score=27.0, changed=521, unchanged=473, early_stops=8/8
26 - INFO - chord#: 54 In build_straw_man_chord_sa. tolerance = 1, sa_iterations = 1000, initial_temperature = 3.0, cooling_rate = 0.999
26 - INFO - chord#: 52 done. best_score=27.0, changed=524, unchanged=418, early_stops=8/8
26 - INFO - chord#: 54 In build_straw_man_chord_sa. tolerance = 1, sa_iterations = 1000, initial_temperature = 3.0, cooling_rate = 0.999
26 - INFO - chord#: 52 done. best_score=27.0, changed=533, unchanged=547, early_stops=8/8
26 - INFO - chord#: 54 In build_straw_man_chord_sa. tolerance = 1, sa_iterations = 1000, initial_temperature = 3.0, cooling_rate = 0.999
26 - INFO - chord#: 54 done. best_score=70.0, changed=613, unchanged=340, early_stops=8/8
26 - INFO - chord#: 56 In build_straw_man_chord_sa. tolerance = 1, sa_iterations = 1000, initial_temperature = 3.0, cooling_rate = 0.999
26 - INFO - chord#: 52 done. best_score=27.0, changed=518, unchanged=425, early_stops=8/8
26 - INFO - chord#: 54 In build_straw_man_chord_sa. tolerance = 1, sa_iterations = 1000, initial_temperature = 3.0, cooling_rate = 0.999
26 - INFO - chord#: 58 done. best_score=82.0, changed=612, unchanged=233, early_stops=8/8
26 - INFO - chord#: 60 In build_straw_man_chord_sa. tolerance = 1, sa_iterations = 1000, initial_temperature = 3.0, cooling_rate = 0.999
26 - INFO - chord#: 50 done. best_score=67.0, changed=612, unchanged=277, early_stops=8/8
26 - INFO - chord#: 52 In build_straw_man_chord_sa. tolerance = 1, sa_iterations = 1000, initial_temperature = 3.0, cooling_rate = 0.999
26 - INFO - chord#: 50 done. best_score=67.0, changed=614, unchanged=366, early_stops=8/8
26 - INFO - chord#: 52 In build_straw_man_chord_sa. tolerance = 1, sa_iterations = 1000, initial_temperature = 3.0, cooling_rate = 0.999
26 - INFO - chord#: 56 done. best_score=27.0, changed=530, unchanged=349, early_stops=8/8
26 - INFO - chord#: 58 In build_straw_man_chord_sa. tolerance = 1, sa_iterations = 1000, initial_temperature = 3.0, cooling_rate = 0.999
26 - INFO - chord#: 54 done. best_score=70.0, changed=611, unchanged=218, early_stops=8/8
26 - INFO - chord#: 56 In build_straw_man_chord_sa. tolerance = 1, sa_iterations = 1000, initial_temperature = 3.0, cooling_rate = 0.999
26 - INFO - chord#: 58 done. best_score=82.0, changed=615, unchanged=381, early_stops=8/8
26 - INFO - chord#: 60 In build_straw_man_chord_sa. tolerance = 1, sa_iterations = 1000, initial_temperature = 3.0, cooling_rate = 0.999
26 - INFO - chord#: 58 done. best_score=82.0, changed=613, unchanged=276, early_stops=8/8
26 - INFO - chord#: 60 In build_straw_man_chord_sa. tolerance = 1, sa_iterations = 1000, initial_temperature = 3.0, cooling_rate = 0.999
26 - INFO - chord#: 60 done. best_score=31.0, changed=536, unchanged=334, early_stops=8/8
26 - INFO - chord#: 62 In build_straw_man_chord_sa. tolerance = 1, sa_iterations = 1000, initial_temperature = 3.0, cooling_rate = 0.999
26 - INFO - chord#: 50 done. best_score=67.0, changed=611, unchanged=318, early_stops=8/8
26 - INFO - chord#: 52 In build_straw_man_chord_sa. tolerance = 1, sa_iterations = 1000, initial_temperature = 3.0, cooling_rate = 0.999
26 - INFO - chord#: 62 done. best_score=7.0, changed=507, unchanged=303, early_stops=8/8
26 - INFO - chord#: 64 In build_straw_man_chord_sa. tolerance = 1, sa_iterations = 1000, initial_temperature = 3.0, cooling_rate = 0.999
26 - INFO - chord#: 52 done. best_score=27.0, changed=516, unchanged=382, early_stops=8/8
26 - INFO - chord#: 54 In build_straw_man_chord_sa. tolerance = 1, sa_iterations = 1000, initial_temperature = 3.0, cooling_rate = 0.999
26 - INFO - chord#: 56 done. best_score=27.0, changed=522, unchanged=340, early_stops=8/8
26 - INFO - chord#: 58 In build_straw_man_chord_sa. tolerance = 1, sa_iterations = 1000, initial_temperature = 3.0, cooling_rate = 0.999
26 - INFO - chord#: 54 done. best_score=70.0, changed=610, unchanged=212, early_stops=8/8
26 - INFO - chord#: 56 In build_straw_man_chord_sa. tolerance = 1, sa_iterations = 1000, initial_temperature = 3.0, cooling_rate = 0.999
26 - INFO - chord#: 60 done. best_score=31.0, changed=525, unchanged=307, early_stops=8/8
26 - INFO - chord#: 62 In build_straw_man_chord_sa. tolerance = 1, sa_iterations = 1000, initial_temperature = 3.0, cooling_rate = 0.999
26 - INFO - chord#: 54 done. best_score=70.0, changed=610, unchanged=350, early_stops=8/8
26 - INFO - chord#: 56 In build_straw_man_chord_sa. tolerance = 1, sa_iterations = 1000, initial_temperature = 3.0, cooling_rate = 0.999
26 - INFO - chord#: 52 done. best_score=27.0, changed=518, unchanged=489, early_stops=8/8
26 - INFO - chord#: 54 In build_straw_man_chord_sa. tolerance = 1, sa_iterations = 1000, initial_temperature = 3.0, cooling_rate = 0.999
26 - INFO - chord#: 60 done. best_score=31.0, changed=533, unchanged=395, early_stops=8/8
26 - INFO - chord#: 62 In build_straw_man_chord_sa. tolerance = 1, sa_iterations = 1000, initial_temperature = 3.0, cooling_rate = 0.999
26 - INFO - chord#: 54 done. best_score=70.0, changed=607, unchanged=244, early_stops=8/8
26 - INFO - chord#: 56 In build_straw_man_chord_sa. tolerance = 1, sa_iterations = 1000, initial_temperature = 3.0, cooling_rate = 0.999
26 - INFO - chord#: 62 done. best_score=7.0, changed=503, unchanged=305, early_stops=8/8
26 - INFO - chord#: 64 In build_straw_man_chord_sa. tolerance = 1, sa_iterations = 1000, initial_temperature = 3.0, cooling_rate = 0.999
26 - INFO - chord#: 62 done. best_score=7.0, changed=479, unchanged=325, early_stops=8/8
26 - INFO - chord#: 64 In build_straw_man_chord_sa. tolerance = 1, sa_iterations = 1000, initial_temperature = 3.0, cooling_rate = 0.999
26 - INFO - chord#: 54 done. best_score=70.0, changed=610, unchanged=331, early_stops=8/8
26 - INFO - chord#: 56 In build_straw_man_chord_sa. tolerance = 1, sa_iterations = 1000, initial_temperature = 3.0, cooling_rate = 0.999
26 - INFO - chord#: 64 done. best_score=27.0, changed=514, unchanged=350, early_stops=8/8
26 - INFO - chord#: 66 In build_straw_man_chord_sa. tolerance = 1, sa_iterations = 1000, initial_temperature = 3.0, cooling_rate = 0.999
26 - INFO - chord#: 52 done. best_score=27.0, changed=521, unchanged=375, early_stops=8/8
26 - INFO - chord#: 54 In build_straw_man_chord_sa. tolerance = 1, sa_iterations = 1000, initial_temperature = 3.0, cooling_rate = 0.999
26 - INFO - chord#: 56 done. best_score=27.0, changed=542, unchanged=320, early_stops=8/8
26 - INFO - chord#: 58 In build_straw_man_chord_sa. tolerance = 1, sa_iterations = 1000, initial_temperature = 3.0, cooling_rate = 0.999
26 - INFO - chord#: 56 done. best_score=27.0, changed=518, unchanged=350, early_stops=8/8
26 - INFO - chord#: 58 In build_straw_man_chord_sa. tolerance = 1, sa_iterations = 1000, initial_temperature = 3.0, cooling_rate = 0.999
26 - INFO - chord#: 56 done. best_score=27.0, changed=544, unchanged=406, early_stops=8/8
26 - INFO - chord#: 58 done. best_score=82.0, changed=612, unchanged=398, early_stops=8/8
26 - INFO - chord#: 58 In build_straw_man_chord_sa. tolerance = 1, sa_iterations = 1000, initial_temperature = 3.0, cooling_rate = 0.999
26 - INFO - chord#: 60 In build_straw_man_chord_sa. tolerance = 1, sa_iterations = 1000, initial_temperature = 3.0, cooling_rate = 0.999
26 - INFO - chord#: 64 done. best_score=27.0, changed=527, unchanged=415, early_stops=8/8
26 - INFO - chord#: 66 In build_straw_man_chord_sa. tolerance = 1, sa_iterations = 1000, initial_temperature = 3.0, cooling_rate = 0.999
26 - INFO - chord#: 64 done. best_score=27.0, changed=525, unchanged=400, early_stops=8/8
26 - INFO - chord#: 66 In build_straw_man_chord_sa. tolerance = 1, sa_iterations = 1000, initial_temperature = 3.0, cooling_rate = 0.999
26 - INFO - chord#: 56 done. best_score=27.0, changed=527, unchanged=390, early_stops=8/8
26 - INFO - chord#: 58 In build_straw_man_chord_sa. tolerance = 1, sa_iterations = 1000, initial_temperature = 3.0, cooling_rate = 0.999
26 - INFO - chord#: 60 done. best_score=31.0, changed=518, unchanged=343, early_stops=8/8
26 - INFO - chord#: 62 In build_straw_man_chord_sa. tolerance = 1, sa_iterations = 1000, initial_temperature = 3.0, cooling_rate = 0.999
26 - INFO - chord#: 62 done. best_score=7.0, changed=498, unchanged=310, early_stops=8/8
26 - INFO - chord#: 64 In build_straw_man_chord_sa. tolerance = 1, sa_iterations = 1000, initial_temperature = 3.0, cooling_rate = 0.999
26 - INFO - chord#: 54 done. best_score=70.0, changed=617, unchanged=325, early_stops=8/8
26 - INFO - chord#: 56 In build_straw_man_chord_sa. tolerance = 1, sa_iterations = 1000, initial_temperature = 3.0, cooling_rate = 0.999
26 - INFO - chord#: 66 done. best_score=96.0, changed=606, unchanged=315, early_stops=8/8
26 - INFO - chord#: 68 In build_straw_man_chord_sa. tolerance = 1, sa_iterations = 1000, initial_temperature = 3.0, cooling_rate = 0.999
26 - INFO - chord#: 58 done. best_score=82.0, changed=612, unchanged=364, early_stops=8/8
26 - INFO - chord#: 60 In build_straw_man_chord_sa. tolerance = 1, sa_iterations = 1000, initial_temperature = 3.0, cooling_rate = 0.999
26 - INFO - chord#: 58 done. best_score=82.0, changed=611, unchanged=347, early_stops=8/8
26 - INFO - chord#: 60 In build_straw_man_chord_sa. tolerance = 1, sa_iterations = 1000, initial_temperature = 3.0, cooling_rate = 0.999
26 - INFO - chord#: 64 done. best_score=27.0, changed=533, unchanged=337, early_stops=8/8
26 - INFO - chord#: 66 In build_straw_man_chord_sa. tolerance = 1, sa_iterations = 1000, initial_temperature = 3.0, cooling_rate = 0.999
26 - INFO - chord#: 66 done. best_score=137.0, changed=611, unchanged=235, early_stops=8/8
26 - INFO - chord#: 68 In build_straw_man_chord_sa. tolerance = 1, sa_iterations = 1000, initial_temperature = 3.0, cooling_rate = 0.999
26 - INFO - chord#: 66 done. best_score=167.0, changed=610, unchanged=269, early_stops=8/8
26 - INFO - chord#: 68 In build_straw_man_chord_sa. tolerance = 1, sa_iterations = 1000, initial_temperature = 3.0, cooling_rate = 0.999
26 - INFO - chord#: 58 done. best_score=82.0, changed=611, unchanged=429, early_stops=8/8
26 - INFO - chord#: 60 In build_straw_man_chord_sa. tolerance = 1, sa_iterations = 1000, initial_temperature = 3.0, cooling_rate = 0.999
26 - INFO - chord#: 54 done. best_score=149.0, changed=617, unchanged=461, early_stops=8/8
26 - INFO - chord#: 56 In build_straw_man_chord_sa. tolerance = 1, sa_iterations = 1000, initial_temperature = 3.0, cooling_rate = 0.999
26 - INFO - chord#: 58 done. best_score=97.0, changed=618, unchanged=268, early_stops=8/8
26 - INFO - chord#: 60 In build_straw_man_chord_sa. tolerance = 1, sa_iterations = 1000, initial_temperature = 3.0, cooling_rate = 0.999
26 - INFO - chord#: 54 done. best_score=104.0, changed=613, unchanged=410, early_stops=8/8
26 - INFO - chord#: 56 In build_straw_man_chord_sa. tolerance = 1, sa_iterations = 1000, initial_temperature = 3.0, cooling_rate = 0.999
26 - INFO - chord#: 60 done. best_score=31.0, changed=527, unchanged=313, early_stops=8/8
26 - INFO - chord#: 62 In build_straw_man_chord_sa. tolerance = 1, sa_iterations = 1000, initial_temperature = 3.0, cooling_rate = 0.999
26 - INFO - chord#: 68 done. best_score=27.0, changed=528, unchanged=469, early_stops=8/8
26 - INFO - chord#: 80 In build_straw_man_chord_sa. tolerance = 1, sa_iterations = 1000, initial_temperature = 3.0, cooling_rate = 0.999
26 - INFO - chord#: 56 done. best_score=27.0, changed=523, unchanged=371, early_stops=8/8
26 - INFO - chord#: 58 In build_straw_man_chord_sa. tolerance = 1, sa_iterations = 1000, initial_temperature = 3.0, cooling_rate = 0.999
26 - INFO - chord#: 60 done. best_score=31.0, changed=526, unchanged=361, early_stops=8/8
26 - INFO - chord#: 62 In build_straw_man_chord_sa. tolerance = 1, sa_iterations = 1000, initial_temperature = 3.0, cooling_rate = 0.999
26 - INFO - chord#: 62 done. best_score=7.0, changed=498, unchanged=314, early_stops=8/8
26 - INFO - chord#: 64 In build_straw_man_chord_sa. tolerance = 1, sa_iterations = 1000, initial_temperature = 3.0, cooling_rate = 0.999
26 - INFO - chord#: 62 done. best_score=7.0, changed=506, unchanged=313, early_stops=8/8
26 - INFO - chord#: 64 In build_straw_man_chord_sa. tolerance = 1, sa_iterations = 1000, initial_temperature = 3.0, cooling_rate = 0.999
26 - INFO - chord#: 58 done. best_score=82.0, changed=611, unchanged=289, early_stops=8/8
26 - INFO - chord#: 60 In build_straw_man_chord_sa. tolerance = 1, sa_iterations = 1000, initial_temperature = 3.0, cooling_rate = 0.999
26 - INFO - chord#: 60 done. best_score=31.0, changed=533, unchanged=330, early_stops=8/8
26 - INFO - chord#: 62 In build_straw_man_chord_sa. tolerance = 1, sa_iterations = 1000, initial_temperature = 3.0, cooling_rate = 0.999
26 - INFO - chord#: 68 done. best_score=27.0, changed=517, unchanged=374, early_stops=8/8
26 - INFO - chord#: 80 In build_straw_man_chord_sa. tolerance = 1, sa_iterations = 1000, initial_temperature = 3.0, cooling_rate = 0.999
26 - INFO - chord#: 68 done. best_score=27.0, changed=525, unchanged=521, early_stops=8/8
26 - INFO - chord#: 80 In build_straw_man_chord_sa. tolerance = 1, sa_iterations = 1000, initial_temperature = 3.0, cooling_rate = 0.999
26 - INFO - chord#: 62 done. best_score=7.0, changed=497, unchanged=311, early_stops=8/8
26 - INFO - chord#: 64 In build_straw_man_chord_sa. tolerance = 1, sa_iterations = 1000, initial_temperature = 3.0, cooling_rate = 0.999
26 - INFO - chord#: 56 done. best_score=27.0, changed=523, unchanged=313, early_stops=8/8
26 - INFO - chord#: 58 In build_straw_man_chord_sa. tolerance = 1, sa_iterations = 1000, initial_temperature = 3.0, cooling_rate = 0.999
26 - INFO - chord#: 56 done. best_score=27.0, changed=531, unchanged=306, early_stops=8/8
26 - INFO - chord#: 58 In build_straw_man_chord_sa. tolerance = 1, sa_iterations = 1000, initial_temperature = 3.0, cooling_rate = 0.999
26 - INFO - chord#: 60 done. best_score=31.0, changed=523, unchanged=310, early_stops=8/8
26 - INFO - chord#: 62 In build_straw_man_chord_sa. tolerance = 1, sa_iterations = 1000, initial_temperature = 3.0, cooling_rate = 0.999
26 - INFO - chord#: 80 done. best_score=27.0, changed=527, unchanged=307, early_stops=8/8
26 - INFO - chord#: 84 In build_straw_man_chord_sa. tolerance = 1, sa_iterations = 1000, initial_temperature = 3.0, cooling_rate = 0.999
26 - INFO - chord#: 62 done. best_score=7.0, changed=488, unchanged=331, early_stops=8/8
26 - INFO - chord#: 64 In build_straw_man_chord_sa. tolerance = 1, sa_iterations = 1000, initial_temperature = 3.0, cooling_rate = 0.999
26 - INFO - chord#: 64 done. best_score=27.0, changed=525, unchanged=345, early_stops=8/8
26 - INFO - chord#: 66 In build_straw_man_chord_sa. tolerance = 1, sa_iterations = 1000, initial_temperature = 3.0, cooling_rate = 0.999
26 - INFO - chord#: 64 done. best_score=27.0, changed=520, unchanged=345, early_stops=8/8
26 - INFO - chord#: 66 In build_straw_man_chord_sa. tolerance = 1, sa_iterations = 1000, initial_temperature = 3.0, cooling_rate = 0.999
26 - INFO - chord#: 80 done. best_score=27.0, changed=526, unchanged=338, early_stops=8/8
26 - INFO - chord#: 84 In build_straw_man_chord_sa. tolerance = 1, sa_iterations = 1000, initial_temperature = 3.0, cooling_rate = 0.999
26 - INFO - chord#: 80 done. best_score=27.0, changed=528, unchanged=325, early_stops=8/8
26 - INFO - chord#: 84 In build_straw_man_chord_sa. tolerance = 1, sa_iterations = 1000, initial_temperature = 3.0, cooling_rate = 0.999
26 - INFO - chord#: 60 done. best_score=31.0, changed=536, unchanged=347, early_stops=8/8
26 - INFO - chord#: 62 In build_straw_man_chord_sa. tolerance = 1, sa_iterations = 1000, initial_temperature = 3.0, cooling_rate = 0.999
26 - INFO - chord#: 64 done. best_score=27.0, changed=529, unchanged=412, early_stops=8/8
26 - INFO - chord#: 66 In build_straw_man_chord_sa. tolerance = 1, sa_iterations = 1000, initial_temperature = 3.0, cooling_rate = 0.999
26 - INFO - chord#: 66 done. best_score=137.0, changed=612, unchanged=347, early_stops=8/8
26 - INFO - chord#: 68 In build_straw_man_chord_sa. tolerance = 1, sa_iterations = 1000, initial_temperature = 3.0, cooling_rate = 0.999
26 - INFO - chord#: 62 done. best_score=7.0, changed=505, unchanged=302, early_stops=8/8
26 - INFO - chord#: 64 In build_straw_man_chord_sa. tolerance = 1, sa_iterations = 1000, initial_temperature = 3.0, cooling_rate = 0.999
26 - INFO - chord#: 84 done. best_score=27.0, changed=518, unchanged=394, early_stops=8/8
26 - INFO - chord#: 86 In build_straw_man_chord_sa. tolerance = 1, sa_iterations = 1000, initial_temperature = 3.0, cooling_rate = 0.999
26 - INFO - chord#: 64 done. best_score=27.0, changed=519, unchanged=360, early_stops=8/8
26 - INFO - chord#: 66 In build_straw_man_chord_sa. tolerance = 1, sa_iterations = 1000, initial_temperature = 3.0, cooling_rate = 0.999
26 - INFO - chord#: 84 done. best_score=27.0, changed=523, unchanged=412, early_stops=8/8
26 - INFO - chord#: 86 In build_straw_man_chord_sa. tolerance = 1, sa_iterations = 1000, initial_temperature = 3.0, cooling_rate = 0.999
26 - INFO - chord#: 84 done. best_score=27.0, changed=517, unchanged=431, early_stops=8/8
26 - INFO - chord#: 86 In build_straw_man_chord_sa. tolerance = 1, sa_iterations = 1000, initial_temperature = 3.0, cooling_rate = 0.999
26 - INFO - chord#: 68 done. best_score=27.0, changed=513, unchanged=355, early_stops=8/8
26 - INFO - chord#: 80 In build_straw_man_chord_sa. tolerance = 1, sa_iterations = 1000, initial_temperature = 3.0, cooling_rate = 0.999
26 - INFO - chord#: 64 done. best_score=27.0, changed=519, unchanged=357, early_stops=8/8
26 - INFO - chord#: 66 In build_straw_man_chord_sa. tolerance = 1, sa_iterations = 1000, initial_temperature = 3.0, cooling_rate = 0.999
26 - INFO - chord#: 58 done. best_score=82.0, changed=611, unchanged=383, early_stops=8/8
26 - INFO - chord#: 60 In build_straw_man_chord_sa. tolerance = 1, sa_iterations = 1000, initial_temperature = 3.0, cooling_rate = 0.999
26 - INFO - chord#: 66 done. best_score=96.0, changed=611, unchanged=232, early_stops=8/8
26 - INFO - chord#: 68 In build_straw_man_chord_sa. tolerance = 1, sa_iterations = 1000, initial_temperature = 3.0, cooling_rate = 0.999
26 - INFO - chord#: 58 done. best_score=120.0, changed=615, unchanged=290, early_stops=8/8
26 - INFO - chord#: 60 In build_straw_man_chord_sa. tolerance = 1, sa_iterations = 1000, initial_temperature = 3.0, cooling_rate = 0.999
26 - INFO - chord#: 80 done. best_score=27.0, changed=538, unchanged=364, early_stops=8/8
26 - INFO - chord#: 84 In build_straw_man_chord_sa. tolerance = 1, sa_iterations = 1000, initial_temperature = 3.0, cooling_rate = 0.999
26 - INFO - chord#: 58 done. best_score=82.0, changed=614, unchanged=306, early_stops=8/8
26 - INFO - chord#: 60 In build_straw_man_chord_sa. tolerance = 1, sa_iterations = 1000, initial_temperature = 3.0, cooling_rate = 0.999
26 - INFO - chord#: 66 done. best_score=96.0, changed=611, unchanged=262, early_stops=8/8
26 - INFO - chord#: 68 In build_straw_man_chord_sa. tolerance = 1, sa_iterations = 1000, initial_temperature = 3.0, cooling_rate = 0.999
26 - INFO - chord#: 86 done. best_score=167.0, changed=606, unchanged=282, early_stops=8/8
26 - INFO - chord#: 88 In build_straw_man_chord_sa. tolerance = 1, sa_iterations = 1000, initial_temperature = 3.0, cooling_rate = 0.999
26 - INFO - chord#: 60 done. best_score=31.0, changed=522, unchanged=320, early_stops=8/8
26 - INFO - chord#: 62 In build_straw_man_chord_sa. tolerance = 1, sa_iterations = 1000, initial_temperature = 3.0, cooling_rate = 0.999
26 - INFO - chord#: 68 done. best_score=27.0, changed=527, unchanged=455, early_stops=8/8
26 - INFO - chord#: 80 In build_straw_man_chord_sa. tolerance = 1, sa_iterations = 1000, initial_temperature = 3.0, cooling_rate = 0.999
26 - INFO - chord#: 66 done. best_score=145.0, changed=607, unchanged=308, early_stops=8/8
26 - INFO - chord#: 68 In build_straw_man_chord_sa. tolerance = 1, sa_iterations = 1000, initial_temperature = 3.0, cooling_rate = 0.999
26 - INFO - chord#: 62 done. best_score=7.0, changed=495, unchanged=325, early_stops=8/8
26 - INFO - chord#: 64 In build_straw_man_chord_sa. tolerance = 1, sa_iterations = 1000, initial_temperature = 3.0, cooling_rate = 0.999
26 - INFO - chord#: 60 done. best_score=31.0, changed=525, unchanged=343, early_stops=8/8
26 - INFO - chord#: 62 In build_straw_man_chord_sa. tolerance = 1, sa_iterations = 1000, initial_temperature = 3.0, cooling_rate = 0.999
26 - INFO - chord#: 86 done. best_score=157.0, changed=610, unchanged=299, early_stops=8/8
26 - INFO - chord#: 88 In build_straw_man_chord_sa. tolerance = 1, sa_iterations = 1000, initial_temperature = 3.0, cooling_rate = 0.999
26 - INFO - chord#: 84 done. best_score=27.0, changed=523, unchanged=416, early_stops=8/8
26 - INFO - chord#: 86 In build_straw_man_chord_sa. tolerance = 1, sa_iterations = 1000, initial_temperature = 3.0, cooling_rate = 0.999
26 - INFO - chord#: 62 done. best_score=7.0, changed=499, unchanged=321, early_stops=8/8
26 - INFO - chord#: 64 In build_straw_man_chord_sa. tolerance = 1, sa_iterations = 1000, initial_temperature = 3.0, cooling_rate = 0.999
26 - INFO - chord#: 68 done. best_score=27.0, changed=522, unchanged=385, early_stops=8/8
26 - INFO - chord#: 80 In build_straw_man_chord_sa. tolerance = 1, sa_iterations = 1000, initial_temperature = 3.0, cooling_rate = 0.999
26 - INFO - chord#: 60 done. best_score=31.0, changed=523, unchanged=319, early_stops=8/8
26 - INFO - chord#: 62 In build_straw_man_chord_sa. tolerance = 1, sa_iterations = 1000, initial_temperature = 3.0, cooling_rate = 0.999
26 - INFO - chord#: 86 done. best_score=67.0, changed=614, unchanged=368, early_stops=8/8
26 - INFO - chord#: 88 In build_straw_man_chord_sa. tolerance = 1, sa_iterations = 1000, initial_temperature = 3.0, cooling_rate = 0.999
26 - INFO - chord#: 66 done. best_score=67.0, changed=608, unchanged=243, early_stops=8/8
26 - INFO - chord#: 68 In build_straw_man_chord_sa. tolerance = 1, sa_iterations = 1000, initial_temperature = 3.0, cooling_rate = 0.999
26 - INFO - chord#: 88 done. best_score=27.0, changed=516, unchanged=336, early_stops=8/8
26 - INFO - chord#: 92 In build_straw_man_chord_sa. tolerance = 1, sa_iterations = 1000, initial_temperature = 3.0, cooling_rate = 0.999
26 - INFO - chord#: 62 done. best_score=7.0, changed=499, unchanged=311, early_stops=8/8
26 - INFO - chord#: 64 In build_straw_man_chord_sa. tolerance = 1, sa_iterations = 1000, initial_temperature = 3.0, cooling_rate = 0.999
26 - INFO - chord#: 80 done. best_score=27.0, changed=535, unchanged=411, early_stops=8/8
26 - INFO - chord#: 84 In build_straw_man_chord_sa. tolerance = 1, sa_iterations = 1000, initial_temperature = 3.0, cooling_rate = 0.999
26 - INFO - chord#: 66 done. best_score=67.0, changed=606, unchanged=232, early_stops=8/8
26 - INFO - chord#: 68 In build_straw_man_chord_sa. tolerance = 1, sa_iterations = 1000, initial_temperature = 3.0, cooling_rate = 0.999
26 - INFO - chord#: 88 done. best_score=80.0, changed=524, unchanged=318, early_stops=8/8
26 - INFO - chord#: 92 In build_straw_man_chord_sa. tolerance = 1, sa_iterations = 1000, initial_temperature = 3.0, cooling_rate = 0.999
26 - INFO - chord#: 68 done. best_score=27.0, changed=508, unchanged=311, early_stops=8/8
26 - INFO - chord#: 80 In build_straw_man_chord_sa. tolerance = 1, sa_iterations = 1000, initial_temperature = 3.0, cooling_rate = 0.999
26 - INFO - chord#: 64 done. best_score=27.0, changed=526, unchanged=359, early_stops=8/8
26 - INFO - chord#: 66 In build_straw_man_chord_sa. tolerance = 1, sa_iterations = 1000, initial_temperature = 3.0, cooling_rate = 0.999
26 - INFO - chord#: 80 done. best_score=27.0, changed=530, unchanged=391, early_stops=8/8
26 - INFO - chord#: 84 In build_straw_man_chord_sa. tolerance = 1, sa_iterations = 1000, initial_temperature = 3.0, cooling_rate = 0.999
26 - INFO - chord#: 88 done. best_score=27.0, changed=516, unchanged=381, early_stops=8/8
26 - INFO - chord#: 92 In build_straw_man_chord_sa. tolerance = 1, sa_iterations = 1000, initial_temperature = 3.0, cooling_rate = 0.999
26 - INFO - chord#: 64 done. best_score=27.0, changed=522, unchanged=405, early_stops=8/8
26 - INFO - chord#: 66 In build_straw_man_chord_sa. tolerance = 1, sa_iterations = 1000, initial_temperature = 3.0, cooling_rate = 0.999
26 - INFO - chord#: 92 done. best_score=27.0, changed=520, unchanged=339, early_stops=8/8
26 - INFO - chord#: 94 In build_straw_man_chord_sa. tolerance = 1, sa_iterations = 1000, initial_temperature = 3.0, cooling_rate = 0.999
26 - INFO - chord#: 68 done. best_score=27.0, changed=521, unchanged=351, early_stops=8/8
26 - INFO - chord#: 80 In build_straw_man_chord_sa. tolerance = 1, sa_iterations = 1000, initial_temperature = 3.0, cooling_rate = 0.999
26 - INFO - chord#: 64 done. best_score=27.0, changed=525, unchanged=359, early_stops=8/8
26 - INFO - chord#: 66 In build_straw_man_chord_sa. tolerance = 1, sa_iterations = 1000, initial_temperature = 3.0, cooling_rate = 0.999
26 - INFO - chord#: 84 done. best_score=27.0, changed=521, unchanged=504, early_stops=8/8
26 - INFO - chord#: 86 In build_straw_man_chord_sa. tolerance = 1, sa_iterations = 1000, initial_temperature = 3.0, cooling_rate = 0.999
26 - INFO - chord#: 92 done. best_score=27.0, changed=523, unchanged=404, early_stops=8/8
26 - INFO - chord#: 94 In build_straw_man_chord_sa. tolerance = 1, sa_iterations = 1000, initial_temperature = 3.0, cooling_rate = 0.999
26 - INFO - chord#: 80 done. best_score=27.0, changed=515, unchanged=309, early_stops=8/8
26 - INFO - chord#: 84 In build_straw_man_chord_sa. tolerance = 1, sa_iterations = 1000, initial_temperature = 3.0, cooling_rate = 0.999
26 - INFO - chord#: 68 done. best_score=27.0, changed=525, unchanged=430, early_stops=8/8
26 - INFO - chord#: 80 In build_straw_man_chord_sa. tolerance = 1, sa_iterations = 1000, initial_temperature = 3.0, cooling_rate = 0.999
26 - INFO - chord#: 84 done. best_score=27.0, changed=517, unchanged=422, early_stops=8/8
26 - INFO - chord#: 86 In build_straw_man_chord_sa. tolerance = 1, sa_iterations = 1000, initial_temperature = 3.0, cooling_rate = 0.999
26 - INFO - chord#: 92 done. best_score=27.0, changed=524, unchanged=371, early_stops=8/8
26 - INFO - chord#: 94 In build_straw_man_chord_sa. tolerance = 1, sa_iterations = 1000, initial_temperature = 3.0, cooling_rate = 0.999
26 - INFO - chord#: 86 done. best_score=67.0, changed=616, unchanged=310, early_stops=8/8
26 - INFO - chord#: 88 In build_straw_man_chord_sa. tolerance = 1, sa_iterations = 1000, initial_temperature = 3.0, cooling_rate = 0.999
26 - INFO - chord#: 80 done. best_score=27.0, changed=521, unchanged=365, early_stops=8/8
26 - INFO - chord#: 84 In build_straw_man_chord_sa. tolerance = 1, sa_iterations = 1000, initial_temperature = 3.0, cooling_rate = 0.999
26 - INFO - chord#: 84 done. best_score=27.0, changed=520, unchanged=445, early_stops=8/8
26 - INFO - chord#: 86 In build_straw_man_chord_sa. tolerance = 1, sa_iterations = 1000, initial_temperature = 3.0, cooling_rate = 0.999
26 - INFO - chord#: 80 done. best_score=27.0, changed=531, unchanged=383, early_stops=8/8
26 - INFO - chord#: 84 In build_straw_man_chord_sa. tolerance = 1, sa_iterations = 1000, initial_temperature = 3.0, cooling_rate = 0.999
26 - INFO - chord#: 88 done. best_score=27.0, changed=524, unchanged=387, early_stops=8/8
26 - INFO - chord#: 92 In build_straw_man_chord_sa. tolerance = 1, sa_iterations = 1000, initial_temperature = 3.0, cooling_rate = 0.999
26 - INFO - chord#: 94 done. best_score=64.0, changed=611, unchanged=274, early_stops=8/8
26 - INFO - chord#: 96 In build_straw_man_chord_sa. tolerance = 1, sa_iterations = 1000, initial_temperature = 3.0, cooling_rate = 0.999
26 - INFO - chord#: 84 done. best_score=27.0, changed=515, unchanged=323, early_stops=8/8
26 - INFO - chord#: 86 In build_straw_man_chord_sa. tolerance = 1, sa_iterations = 1000, initial_temperature = 3.0, cooling_rate = 0.999
26 - INFO - chord#: 66 done. best_score=157.0, changed=610, unchanged=332, early_stops=8/8
26 - INFO - chord#: 68 In build_straw_man_chord_sa. tolerance = 1, sa_iterations = 1000, initial_temperature = 3.0, cooling_rate = 0.999
26 - INFO - chord#: 66 done. best_score=96.0, changed=611, unchanged=329, early_stops=8/8
26 - INFO - chord#: 68 In build_straw_man_chord_sa. tolerance = 1, sa_iterations = 1000, initial_temperature = 3.0, cooling_rate = 0.999
26 - INFO - chord#: 94 done. best_score=64.0, changed=614, unchanged=342, early_stops=8/8
26 - INFO - chord#: 96 In build_straw_man_chord_sa. tolerance = 1, sa_iterations = 1000, initial_temperature = 3.0, cooling_rate = 0.999
26 - INFO - chord#: 66 done. best_score=67.0, changed=611, unchanged=276, early_stops=8/8
26 - INFO - chord#: 68 In build_straw_man_chord_sa. tolerance = 1, sa_iterations = 1000, initial_temperature = 3.0, cooling_rate = 0.999
26 - INFO - chord#: 92 done. best_score=27.0, changed=528, unchanged=378, early_stops=8/8
26 - INFO - chord#: 94 In build_straw_man_chord_sa. tolerance = 1, sa_iterations = 1000, initial_temperature = 3.0, cooling_rate = 0.999
26 - INFO - chord#: 94 done. best_score=64.0, changed=615, unchanged=291, early_stops=8/8
26 - INFO - chord#: 96 In build_straw_man_chord_sa. tolerance = 1, sa_iterations = 1000, initial_temperature = 3.0, cooling_rate = 0.999
26 - INFO - chord#: 86 done. best_score=96.0, changed=614, unchanged=497, early_stops=8/8
26 - INFO - chord#: 88 In build_straw_man_chord_sa. tolerance = 1, sa_iterations = 1000, initial_temperature = 3.0, cooling_rate = 0.999
26 - INFO - chord#: 84 done. best_score=27.0, changed=515, unchanged=385, early_stops=8/8
26 - INFO - chord#: 86 In build_straw_man_chord_sa. tolerance = 1, sa_iterations = 1000, initial_temperature = 3.0, cooling_rate = 0.999
26 - INFO - chord#: 86 done. best_score=137.0, changed=614, unchanged=369, early_stops=8/8
26 - INFO - chord#: 88 In build_straw_man_chord_sa. tolerance = 1, sa_iterations = 1000, initial_temperature = 3.0, cooling_rate = 0.999
26 - INFO - chord#: 96 done. best_score=27.0, changed=527, unchanged=520, early_stops=8/8
26 - INFO - chord#: 98 In build_straw_man_chord_sa. tolerance = 1, sa_iterations = 1000, initial_temperature = 3.0, cooling_rate = 0.999
26 - INFO - chord#: 68 done. best_score=27.0, changed=511, unchanged=422, early_stops=8/8
26 - INFO - chord#: 80 In build_straw_man_chord_sa. tolerance = 1, sa_iterations = 1000, initial_temperature = 3.0, cooling_rate = 0.999
26 - INFO - chord#: 96 done. best_score=27.0, changed=526, unchanged=435, early_stops=8/8
26 - INFO - chord#: 98 In build_straw_man_chord_sa. tolerance = 1, sa_iterations = 1000, initial_temperature = 3.0, cooling_rate = 0.999
26 - INFO - chord#: 68 done. best_score=27.0, changed=528, unchanged=435, early_stops=8/8
26 - INFO - chord#: 80 In build_straw_man_chord_sa. tolerance = 1, sa_iterations = 1000, initial_temperature = 3.0, cooling_rate = 0.999
26 - INFO - chord#: 88 done. best_score=27.0, changed=525, unchanged=446, early_stops=8/8
26 - INFO - chord#: 92 In build_straw_man_chord_sa. tolerance = 1, sa_iterations = 1000, initial_temperature = 3.0, cooling_rate = 0.999
26 - INFO - chord#: 96 done. best_score=27.0, changed=517, unchanged=415, early_stops=8/8
26 - INFO - chord#: 98 In build_straw_man_chord_sa. tolerance = 1, sa_iterations = 1000, initial_temperature = 3.0, cooling_rate = 0.999
26 - INFO - chord#: 88 done. best_score=27.0, changed=529, unchanged=332, early_stops=8/8
26 - INFO - chord#: 92 In build_straw_man_chord_sa. tolerance = 1, sa_iterations = 1000, initial_temperature = 3.0, cooling_rate = 0.999
26 - INFO - chord#: 68 done. best_score=27.0, changed=526, unchanged=391, early_stops=8/8
26 - INFO - chord#: 80 In build_straw_man_chord_sa. tolerance = 1, sa_iterations = 1000, initial_temperature = 3.0, cooling_rate = 0.999
26 - INFO - chord#: 86 done. best_score=67.0, changed=611, unchanged=317, early_stops=8/8
26 - INFO - chord#: 88 In build_straw_man_chord_sa. tolerance = 1, sa_iterations = 1000, initial_temperature = 3.0, cooling_rate = 0.999
26 - INFO - chord#: 80 done. best_score=27.0, changed=514, unchanged=320, early_stops=8/8
26 - INFO - chord#: 84 In build_straw_man_chord_sa. tolerance = 1, sa_iterations = 1000, initial_temperature = 3.0, cooling_rate = 0.999
26 - INFO - chord#: 92 done. best_score=27.0, changed=527, unchanged=350, early_stops=8/8
26 - INFO - chord#: 94 In build_straw_man_chord_sa. tolerance = 1, sa_iterations = 1000, initial_temperature = 3.0, cooling_rate = 0.999
26 - INFO - chord#: 92 done. best_score=27.0, changed=527, unchanged=373, early_stops=8/8
26 - INFO - chord#: 94 In build_straw_man_chord_sa. tolerance = 1, sa_iterations = 1000, initial_temperature = 3.0, cooling_rate = 0.999
26 - INFO - chord#: 80 done. best_score=27.0, changed=526, unchanged=379, early_stops=8/8
26 - INFO - chord#: 84 In build_straw_man_chord_sa. tolerance = 1, sa_iterations = 1000, initial_temperature = 3.0, cooling_rate = 0.999
26 - INFO - chord#: 86 done. best_score=96.0, changed=610, unchanged=331, early_stops=8/8
26 - INFO - chord#: 88 In build_straw_man_chord_sa. tolerance = 1, sa_iterations = 1000, initial_temperature = 3.0, cooling_rate = 0.999
26 - INFO - chord#: 80 done. best_score=27.0, changed=527, unchanged=366, early_stops=8/8
26 - INFO - chord#: 84 In build_straw_man_chord_sa. tolerance = 1, sa_iterations = 1000, initial_temperature = 3.0, cooling_rate = 0.999
26 - INFO - chord#: 94 done. best_score=64.0, changed=614, unchanged=363, early_stops=8/8
26 - INFO - chord#: 96 In build_straw_man_chord_sa. tolerance = 1, sa_iterations = 1000, initial_temperature = 3.0, cooling_rate = 0.999
26 - INFO - chord#: 98 done. best_score=78.0, changed=613, unchanged=370, early_stops=8/8
26 - INFO - chord#: 100 In build_straw_man_chord_sa. tolerance = 1, sa_iterations = 1000, initial_temperature = 3.0, cooling_rate = 0.999
26 - INFO - chord#: 86 done. best_score=96.0, changed=612, unchanged=264, early_stops=8/8
26 - INFO - chord#: 88 In build_straw_man_chord_sa. tolerance = 1, sa_iterations = 1000, initial_temperature = 3.0, cooling_rate = 0.999
26 - INFO - chord#: 98 done. best_score=96.0, changed=611, unchanged=249, early_stops=8/8
26 - INFO - chord#: 100 In build_straw_man_chord_sa. tolerance = 1, sa_iterations = 1000, initial_temperature = 3.0, cooling_rate = 0.999
26 - INFO - chord#: 88 done. best_score=27.0, changed=522, unchanged=419, early_stops=8/8
26 - INFO - chord#: 92 In build_straw_man_chord_sa. tolerance = 1, sa_iterations = 1000, initial_temperature = 3.0, cooling_rate = 0.999
26 - INFO - chord#: 84 done. best_score=27.0, changed=524, unchanged=390, early_stops=8/8
26 - INFO - chord#: 86 In build_straw_man_chord_sa. tolerance = 1, sa_iterations = 1000, initial_temperature = 3.0, cooling_rate = 0.999
26 - INFO - chord#: 98 done. best_score=67.0, changed=612, unchanged=349, early_stops=8/8
26 - INFO - chord#: 100 In build_straw_man_chord_sa. tolerance = 1, sa_iterations = 1000, initial_temperature = 3.0, cooling_rate = 0.999
26 - INFO - chord#: 88 done. best_score=27.0, changed=524, unchanged=337, early_stops=8/8
26 - INFO - chord#: 92 In build_straw_man_chord_sa. tolerance = 1, sa_iterations = 1000, initial_temperature = 3.0, cooling_rate = 0.999
26 - INFO - chord#: 96 done. best_score=27.0, changed=515, unchanged=371, early_stops=8/8
26 - INFO - chord#: 98 In build_straw_man_chord_sa. tolerance = 1, sa_iterations = 1000, initial_temperature = 3.0, cooling_rate = 0.999
26 - INFO - chord#: 84 done. best_score=57.0, changed=523, unchanged=413, early_stops=8/8
26 - INFO - chord#: 86 In build_straw_man_chord_sa. tolerance = 1, sa_iterations = 1000, initial_temperature = 3.0, cooling_rate = 0.999
26 - INFO - chord#: 84 done. best_score=27.0, changed=523, unchanged=407, early_stops=8/8
26 - INFO - chord#: 86 In build_straw_man_chord_sa. tolerance = 1, sa_iterations = 1000, initial_temperature = 3.0, cooling_rate = 0.999
26 - INFO - chord#: 100 done. best_score=27.0, changed=520, unchanged=395, early_stops=8/8
26 - INFO - chord#: 104 In build_straw_man_chord_sa. tolerance = 1, sa_iterations = 1000, initial_temperature = 3.0, cooling_rate = 0.999
26 - INFO - chord#: 100 done. best_score=27.0, changed=515, unchanged=331, early_stops=8/8
26 - INFO - chord#: 104 In build_straw_man_chord_sa. tolerance = 1, sa_iterations = 1000, initial_temperature = 3.0, cooling_rate = 0.999
26 - INFO - chord#: 88 done. best_score=27.0, changed=521, unchanged=442, early_stops=8/8
26 - INFO - chord#: 92 In build_straw_man_chord_sa. tolerance = 1, sa_iterations = 1000, initial_temperature = 3.0, cooling_rate = 0.999
26 - INFO - chord#: 92 done. best_score=27.0, changed=526, unchanged=397, early_stops=8/8
26 - INFO - chord#: 94 In build_straw_man_chord_sa. tolerance = 1, sa_iterations = 1000, initial_temperature = 3.0, cooling_rate = 0.999
26 - INFO - chord#: 94 done. best_score=64.0, changed=613, unchanged=287, early_stops=8/8
26 - INFO - chord#: 96 In build_straw_man_chord_sa. tolerance = 1, sa_iterations = 1000, initial_temperature = 3.0, cooling_rate = 0.999
26 - INFO - chord#: 94 done. best_score=64.0, changed=614, unchanged=283, early_stops=8/8
26 - INFO - chord#: 96 In build_straw_man_chord_sa. tolerance = 1, sa_iterations = 1000, initial_temperature = 3.0, cooling_rate = 0.999
26 - INFO - chord#: 100 done. best_score=27.0, changed=526, unchanged=495, early_stops=8/8
26 - INFO - chord#: 104 In build_straw_man_chord_sa. tolerance = 1, sa_iterations = 1000, initial_temperature = 3.0, cooling_rate = 0.999
26 - INFO - chord#: 104 done. best_score=35.0, changed=534, unchanged=388, early_stops=8/8
26 - INFO - chord#: 106 In build_straw_man_chord_sa. tolerance = 1, sa_iterations = 1000, initial_temperature = 3.0, cooling_rate = 0.999
26 - INFO - chord#: 104 done. best_score=35.0, changed=528, unchanged=415, early_stops=8/8
26 - INFO - chord#: 106 In build_straw_man_chord_sa. tolerance = 1, sa_iterations = 1000, initial_temperature = 3.0, cooling_rate = 0.999
26 - INFO - chord#: 92 done. best_score=27.0, changed=526, unchanged=413, early_stops=8/8
26 - INFO - chord#: 94 In build_straw_man_chord_sa. tolerance = 1, sa_iterations = 1000, initial_temperature = 3.0, cooling_rate = 0.999
26 - INFO - chord#: 92 done. best_score=27.0, changed=521, unchanged=472, early_stops=8/8
26 - INFO - chord#: 94 In build_straw_man_chord_sa. tolerance = 1, sa_iterations = 1000, initial_temperature = 3.0, cooling_rate = 0.999
26 - INFO - chord#: 104 done. best_score=35.0, changed=531, unchanged=396, early_stops=8/8
26 - INFO - chord#: 106 In build_straw_man_chord_sa. tolerance = 1, sa_iterations = 1000, initial_temperature = 3.0, cooling_rate = 0.999
26 - INFO - chord#: 96 done. best_score=27.0, changed=520, unchanged=423, early_stops=8/8
26 - INFO - chord#: 98 In build_straw_man_chord_sa. tolerance = 1, sa_iterations = 1000, initial_temperature = 3.0, cooling_rate = 0.999
26 - INFO - chord#: 96 done. best_score=27.0, changed=524, unchanged=435, early_stops=8/8
26 - INFO - chord#: 98 In build_straw_man_chord_sa. tolerance = 1, sa_iterations = 1000, initial_temperature = 3.0, cooling_rate = 0.999
26 - INFO - chord#: 106 done. best_score=36.0, changed=545, unchanged=459, early_stops=8/8
26 - INFO - chord#: 108 In build_straw_man_chord_sa. tolerance = 1, sa_iterations = 1000, initial_temperature = 3.0, cooling_rate = 0.999
26 - INFO - chord#: 106 done. best_score=36.0, changed=528, unchanged=443, early_stops=8/8
26 - INFO - chord#: 108 In build_straw_man_chord_sa. tolerance = 1, sa_iterations = 1000, initial_temperature = 3.0, cooling_rate = 0.999
26 - INFO - chord#: 86 done. best_score=96.0, changed=614, unchanged=270, early_stops=8/8
26 - INFO - chord#: 88 In build_straw_man_chord_sa. tolerance = 1, sa_iterations = 1000, initial_temperature = 3.0, cooling_rate = 0.999
26 - INFO - chord#: 86 done. best_score=195.0, changed=611, unchanged=296, early_stops=8/8
26 - INFO - chord#: 88 In build_straw_man_chord_sa. tolerance = 1, sa_iterations = 1000, initial_temperature = 3.0, cooling_rate = 0.999
26 - INFO - chord#: 98 done. best_score=67.0, changed=610, unchanged=522, early_stops=8/8
26 - INFO - chord#: 100 In build_straw_man_chord_sa. tolerance = 1, sa_iterations = 1000, initial_temperature = 3.0, cooling_rate = 0.999
26 - INFO - chord#: 106 done. best_score=36.0, changed=528, unchanged=356, early_stops=8/8
26 - INFO - chord#: 108 In build_straw_man_chord_sa. tolerance = 1, sa_iterations = 1000, initial_temperature = 3.0, cooling_rate = 0.999
26 - INFO - chord#: 86 done. best_score=67.0, changed=618, unchanged=345, early_stops=8/8
26 - INFO - chord#: 88 In build_straw_man_chord_sa. tolerance = 1, sa_iterations = 1000, initial_temperature = 3.0, cooling_rate = 0.999
26 - INFO - chord#: 108 done. best_score=27.0, changed=519, unchanged=358, early_stops=8/8
26 - INFO - chord#: 112 In build_straw_man_chord_sa. tolerance = 1, sa_iterations = 1000, initial_temperature = 3.0, cooling_rate = 0.999
26 - INFO - chord#: 108 done. best_score=27.0, changed=527, unchanged=500, early_stops=8/8
26 - INFO - chord#: 112 In build_straw_man_chord_sa. tolerance = 1, sa_iterations = 1000, initial_temperature = 3.0, cooling_rate = 0.999
26 - INFO - chord#: 88 done. best_score=27.0, changed=521, unchanged=361, early_stops=8/8
26 - INFO - chord#: 92 In build_straw_man_chord_sa. tolerance = 1, sa_iterations = 1000, initial_temperature = 3.0, cooling_rate = 0.999
26 - INFO - chord#: 94 done. best_score=104.0, changed=611, unchanged=270, early_stops=8/8
26 - INFO - chord#: 96 In build_straw_man_chord_sa. tolerance = 1, sa_iterations = 1000, initial_temperature = 3.0, cooling_rate = 0.999
26 - INFO - chord#: 88 done. best_score=59.0, changed=537, unchanged=364, early_stops=8/8
26 - INFO - chord#: 92 In build_straw_man_chord_sa. tolerance = 1, sa_iterations = 1000, initial_temperature = 3.0, cooling_rate = 0.999
26 - INFO - chord#: 100 done. best_score=27.0, changed=515, unchanged=355, early_stops=8/8
26 - INFO - chord#: 104 In build_straw_man_chord_sa. tolerance = 1, sa_iterations = 1000, initial_temperature = 3.0, cooling_rate = 0.999
26 - INFO - chord#: 108 done. best_score=27.0, changed=524, unchanged=401, early_stops=8/8
26 - INFO - chord#: 112 In build_straw_man_chord_sa. tolerance = 1, sa_iterations = 1000, initial_temperature = 3.0, cooling_rate = 0.999
26 - INFO - chord#: 112 done. best_score=27.0, changed=519, unchanged=399, early_stops=8/8
26 - INFO - chord#: 116 In build_straw_man_chord_sa. tolerance = 1, sa_iterations = 1000, initial_temperature = 3.0, cooling_rate = 0.999
26 - INFO - chord#: 98 done. best_score=137.0, changed=613, unchanged=367, early_stops=8/8
26 - INFO - chord#: 100 In build_straw_man_chord_sa. tolerance = 1, sa_iterations = 1000, initial_temperature = 3.0, cooling_rate = 0.999
26 - INFO - chord#: 112 done. best_score=27.0, changed=528, unchanged=398, early_stops=8/8
26 - INFO - chord#: 88 done. best_score=36.0, changed=518, unchanged=443, early_stops=8/8
26 - INFO - chord#: 116 In build_straw_man_chord_sa. tolerance = 1, sa_iterations = 1000, initial_temperature = 3.0, cooling_rate = 0.999
26 - INFO - chord#: 92 In build_straw_man_chord_sa. tolerance = 1, sa_iterations = 1000, initial_temperature = 3.0, cooling_rate = 0.999
26 - INFO - chord#: 98 done. best_score=137.0, changed=611, unchanged=362, early_stops=8/8
26 - INFO - chord#: 100 In build_straw_man_chord_sa. tolerance = 1, sa_iterations = 1000, initial_temperature = 3.0, cooling_rate = 0.999
26 - INFO - chord#: 94 done. best_score=64.0, changed=618, unchanged=412, early_stops=8/8
26 - INFO - chord#: 96 In build_straw_man_chord_sa. tolerance = 1, sa_iterations = 1000, initial_temperature = 3.0, cooling_rate = 0.999
26 - INFO - chord#: 104 done. best_score=35.0, changed=526, unchanged=497, early_stops=8/8
26 - INFO - chord#: 106 In build_straw_man_chord_sa. tolerance = 1, sa_iterations = 1000, initial_temperature = 3.0, cooling_rate = 0.999
26 - INFO - chord#: 92 done. best_score=27.0, changed=527, unchanged=430, early_stops=8/8
26 - INFO - chord#: 94 In build_straw_man_chord_sa. tolerance = 1, sa_iterations = 1000, initial_temperature = 3.0, cooling_rate = 0.999
26 - INFO - chord#: 116 done. best_score=27.0, changed=520, unchanged=310, early_stops=8/8
26 - INFO - chord#: 118 In build_straw_man_chord_sa. tolerance = 1, sa_iterations = 1000, initial_temperature = 3.0, cooling_rate = 0.999
26 - INFO - chord#: 94 done. best_score=104.0, changed=609, unchanged=333, early_stops=8/8
26 - INFO - chord#: 96 In build_straw_man_chord_sa. tolerance = 1, sa_iterations = 1000, initial_temperature = 3.0, cooling_rate = 0.999
26 - INFO - chord#: 92 done. best_score=27.0, changed=517, unchanged=352, early_stops=8/8
26 - INFO - chord#: 94 In build_straw_man_chord_sa. tolerance = 1, sa_iterations = 1000, initial_temperature = 3.0, cooling_rate = 0.999
26 - INFO - chord#: 112 done. best_score=27.0, changed=516, unchanged=337, early_stops=8/8
26 - INFO - chord#: 116 In build_straw_man_chord_sa. tolerance = 1, sa_iterations = 1000, initial_temperature = 3.0, cooling_rate = 0.999
26 - INFO - chord#: 96 done. best_score=27.0, changed=525, unchanged=448, early_stops=8/8
26 - INFO - chord#: 98 In build_straw_man_chord_sa. tolerance = 1, sa_iterations = 1000, initial_temperature = 3.0, cooling_rate = 0.999
26 - INFO - chord#: 116 done. best_score=27.0, changed=514, unchanged=325, early_stops=8/8
26 - INFO - chord#: 118 In build_straw_man_chord_sa. tolerance = 1, sa_iterations = 1000, initial_temperature = 3.0, cooling_rate = 0.999
26 - INFO - chord#: 100 done. best_score=27.0, changed=522, unchanged=403, early_stops=8/8
26 - INFO - chord#: 104 In build_straw_man_chord_sa. tolerance = 1, sa_iterations = 1000, initial_temperature = 3.0, cooling_rate = 0.999
26 - INFO - chord#: 100 done. best_score=27.0, changed=519, unchanged=397, early_stops=8/8
26 - INFO - chord#: 104 In build_straw_man_chord_sa. tolerance = 1, sa_iterations = 1000, initial_temperature = 3.0, cooling_rate = 0.999
26 - INFO - chord#: 92 done. best_score=27.0, changed=532, unchanged=433, early_stops=8/8
26 - INFO - chord#: 94 In build_straw_man_chord_sa. tolerance = 1, sa_iterations = 1000, initial_temperature = 3.0, cooling_rate = 0.999
26 - INFO - chord#: 106 done. best_score=36.0, changed=523, unchanged=384, early_stops=8/8
26 - INFO - chord#: 108 In build_straw_man_chord_sa. tolerance = 1, sa_iterations = 1000, initial_temperature = 3.0, cooling_rate = 0.999
26 - INFO - chord#: 118 done. best_score=27.0, changed=514, unchanged=341, early_stops=8/8
26 - INFO - chord#: 120 In build_straw_man_chord_sa. tolerance = 1, sa_iterations = 1000, initial_temperature = 3.0, cooling_rate = 0.999
26 - INFO - chord#: 96 done. best_score=27.0, changed=529, unchanged=372, early_stops=8/8
26 - INFO - chord#: 98 In build_straw_man_chord_sa. tolerance = 1, sa_iterations = 1000, initial_temperature = 3.0, cooling_rate = 0.999
26 - INFO - chord#: 116 done. best_score=27.0, changed=523, unchanged=427, early_stops=8/8
26 - INFO - chord#: 118 In build_straw_man_chord_sa. tolerance = 1, sa_iterations = 1000, initial_temperature = 3.0, cooling_rate = 0.999
26 - INFO - chord#: 104 done. best_score=35.0, changed=517, unchanged=376, early_stops=8/8
26 - INFO - chord#: 106 In build_straw_man_chord_sa. tolerance = 1, sa_iterations = 1000, initial_temperature = 3.0, cooling_rate = 0.999
26 - INFO - chord#: 96 done. best_score=27.0, changed=518, unchanged=323, early_stops=8/8
26 - INFO - chord#: 98 In build_straw_man_chord_sa. tolerance = 1, sa_iterations = 1000, initial_temperature = 3.0, cooling_rate = 0.999
26 - INFO - chord#: 118 done. best_score=27.0, changed=530, unchanged=583, early_stops=8/8
26 - INFO - chord#: 120 In build_straw_man_chord_sa. tolerance = 1, sa_iterations = 1000, initial_temperature = 3.0, cooling_rate = 0.999
26 - INFO - chord#: 104 done. best_score=35.0, changed=533, unchanged=396, early_stops=8/8
26 - INFO - chord#: 106 In build_straw_man_chord_sa. tolerance = 1, sa_iterations = 1000, initial_temperature = 3.0, cooling_rate = 0.999
26 - INFO - chord#: 108 done. best_score=27.0, changed=522, unchanged=412, early_stops=8/8
26 - INFO - chord#: 112 In build_straw_man_chord_sa. tolerance = 1, sa_iterations = 1000, initial_temperature = 3.0, cooling_rate = 0.999
26 - INFO - chord#: 120 done. best_score=27.0, changed=527, unchanged=451, early_stops=8/8
26 - INFO - chord#: 122 In build_straw_man_chord_sa. tolerance = 1, sa_iterations = 1000, initial_temperature = 3.0, cooling_rate = 0.999
26 - INFO - chord#: 118 done. best_score=27.0, changed=522, unchanged=365, early_stops=8/8
26 - INFO - chord#: 120 In build_straw_man_chord_sa. tolerance = 1, sa_iterations = 1000, initial_temperature = 3.0, cooling_rate = 0.999
26 - INFO - chord#: 106 done. best_score=36.0, changed=521, unchanged=384, early_stops=8/8
26 - INFO - chord#: 108 In build_straw_man_chord_sa. tolerance = 1, sa_iterations = 1000, initial_temperature = 3.0, cooling_rate = 0.999
26 - INFO - chord#: 106 done. best_score=36.0, changed=509, unchanged=337, early_stops=8/8
26 - INFO - chord#: 108 In build_straw_man_chord_sa. tolerance = 1, sa_iterations = 1000, initial_temperature = 3.0, cooling_rate = 0.999
26 - INFO - chord#: 120 done. best_score=27.0, changed=516, unchanged=447, early_stops=8/8
26 - INFO - chord#: 122 In build_straw_man_chord_sa. tolerance = 1, sa_iterations = 1000, initial_temperature = 3.0, cooling_rate = 0.999
26 - INFO - chord#: 98 done. best_score=67.0, changed=609, unchanged=224, early_stops=8/8
26 - INFO - chord#: 100 In build_straw_man_chord_sa. tolerance = 1, sa_iterations = 1000, initial_temperature = 3.0, cooling_rate = 0.999
26 - INFO - chord#: 112 done. best_score=27.0, changed=529, unchanged=444, early_stops=8/8
26 - INFO - chord#: 116 In build_straw_man_chord_sa. tolerance = 1, sa_iterations = 1000, initial_temperature = 3.0, cooling_rate = 0.999
26 - INFO - chord#: 94 done. best_score=64.0, changed=615, unchanged=281, early_stops=8/8
26 - INFO - chord#: 96 In build_straw_man_chord_sa. tolerance = 1, sa_iterations = 1000, initial_temperature = 3.0, cooling_rate = 0.999
26 - INFO - chord#: 94 done. best_score=64.0, changed=610, unchanged=322, early_stops=8/8
26 - INFO - chord#: 96 In build_straw_man_chord_sa. tolerance = 1, sa_iterations = 1000, initial_temperature = 3.0, cooling_rate = 0.999
26 - INFO - chord#: 120 done. best_score=27.0, changed=518, unchanged=480, early_stops=8/8
26 - INFO - chord#: 122 In build_straw_man_chord_sa. tolerance = 1, sa_iterations = 1000, initial_temperature = 3.0, cooling_rate = 0.999
26 - INFO - chord#: 108 done. best_score=27.0, changed=521, unchanged=506, early_stops=8/8
26 - INFO - chord#: 112 In build_straw_man_chord_sa. tolerance = 1, sa_iterations = 1000, initial_temperature = 3.0, cooling_rate = 0.999
26 - INFO - chord#: 108 done. best_score=27.0, changed=527, unchanged=460, early_stops=8/8
26 - INFO - chord#: 112 In build_straw_man_chord_sa. tolerance = 1, sa_iterations = 1000, initial_temperature = 3.0, cooling_rate = 0.999
26 - INFO - chord#: 94 done. best_score=64.0, changed=608, unchanged=254, early_stops=8/8
26 - INFO - chord#: 96 In build_straw_man_chord_sa. tolerance = 1, sa_iterations = 1000, initial_temperature = 3.0, cooling_rate = 0.999
26 - INFO - chord#: 116 done. best_score=27.0, changed=522, unchanged=417, early_stops=8/8
26 - INFO - chord#: 118 In build_straw_man_chord_sa. tolerance = 1, sa_iterations = 1000, initial_temperature = 3.0, cooling_rate = 0.999
26 - INFO - chord#: 100 done. best_score=27.0, changed=524, unchanged=409, early_stops=8/8
26 - INFO - chord#: 104 In build_straw_man_chord_sa. tolerance = 1, sa_iterations = 1000, initial_temperature = 3.0, cooling_rate = 0.999
26 - INFO - chord#: 98 done. best_score=125.0, changed=612, unchanged=352, early_stops=8/8
26 - INFO - chord#: 100 In build_straw_man_chord_sa. tolerance = 1, sa_iterations = 1000, initial_temperature = 3.0, cooling_rate = 0.999
26 - INFO - chord#: 122 done. best_score=95.0, changed=608, unchanged=280, early_stops=8/8
26 - INFO - chord#: 124 In build_straw_man_chord_sa. tolerance = 1, sa_iterations = 1000, initial_temperature = 3.0, cooling_rate = 0.999
26 - INFO - chord#: 112 done. best_score=27.0, changed=525, unchanged=330, early_stops=8/8
26 - INFO - chord#: 116 In build_straw_man_chord_sa. tolerance = 1, sa_iterations = 1000, initial_temperature = 3.0, cooling_rate = 0.999
26 - INFO - chord#: 96 done. best_score=27.0, changed=512, unchanged=347, early_stops=8/8
26 - INFO - chord#: 98 In build_straw_man_chord_sa. tolerance = 1, sa_iterations = 1000, initial_temperature = 3.0, cooling_rate = 0.999
26 - INFO - chord#: 112 done. best_score=27.0, changed=512, unchanged=302, early_stops=8/8
26 - INFO - chord#: 116 In build_straw_man_chord_sa. tolerance = 1, sa_iterations = 1000, initial_temperature = 3.0, cooling_rate = 0.999
26 - INFO - chord#: 96 done. best_score=27.0, changed=525, unchanged=435, early_stops=8/8
26 - INFO - chord#: 98 In build_straw_man_chord_sa. tolerance = 1, sa_iterations = 1000, initial_temperature = 3.0, cooling_rate = 0.999
26 - INFO - chord#: 98 done. best_score=67.0, changed=617, unchanged=428, early_stops=8/8
26 - INFO - chord#: 100 In build_straw_man_chord_sa. tolerance = 1, sa_iterations = 1000, initial_temperature = 3.0, cooling_rate = 0.999
26 - INFO - chord#: 122 done. best_score=95.0, changed=611, unchanged=326, early_stops=8/8
26 - INFO - chord#: 124 In build_straw_man_chord_sa. tolerance = 1, sa_iterations = 1000, initial_temperature = 3.0, cooling_rate = 0.999
26 - INFO - chord#: 118 done. best_score=27.0, changed=523, unchanged=474, early_stops=8/8
26 - INFO - chord#: 120 In build_straw_man_chord_sa. tolerance = 1, sa_iterations = 1000, initial_temperature = 3.0, cooling_rate = 0.999
26 - INFO - chord#: 104 done. best_score=35.0, changed=532, unchanged=459, early_stops=8/8
26 - INFO - chord#: 106 In build_straw_man_chord_sa. tolerance = 1, sa_iterations = 1000, initial_temperature = 3.0, cooling_rate = 0.999
26 - INFO - chord#: 116 done. best_score=27.0, changed=518, unchanged=421, early_stops=8/8
26 - INFO - chord#: 118 In build_straw_man_chord_sa. tolerance = 1, sa_iterations = 1000, initial_temperature = 3.0, cooling_rate = 0.999
26 - INFO - chord#: 96 done. best_score=27.0, changed=521, unchanged=511, early_stops=8/8
26 - INFO - chord#: 98 In build_straw_man_chord_sa. tolerance = 1, sa_iterations = 1000, initial_temperature = 3.0, cooling_rate = 0.999
26 - INFO - chord#: 124 done. best_score=27.0, changed=516, unchanged=398, early_stops=8/8
26 - INFO - chord#: 126 In build_straw_man_chord_sa. tolerance = 1, sa_iterations = 1000, initial_temperature = 3.0, cooling_rate = 0.999
26 - INFO - chord#: 100 done. best_score=27.0, changed=525, unchanged=494, early_stops=8/8
26 - INFO - chord#: 104 In build_straw_man_chord_sa. tolerance = 1, sa_iterations = 1000, initial_temperature = 3.0, cooling_rate = 0.999
26 - INFO - chord#: 116 done. best_score=27.0, changed=515, unchanged=369, early_stops=8/8
26 - INFO - chord#: 118 In build_straw_man_chord_sa. tolerance = 1, sa_iterations = 1000, initial_temperature = 3.0, cooling_rate = 0.999
26 - INFO - chord#: 122 done. best_score=95.0, changed=615, unchanged=320, early_stops=8/8
26 - INFO - chord#: 124 In build_straw_man_chord_sa. tolerance = 1, sa_iterations = 1000, initial_temperature = 3.0, cooling_rate = 0.999
26 - INFO - chord#: 100 done. best_score=27.0, changed=517, unchanged=394, early_stops=8/8
26 - INFO - chord#: 104 In build_straw_man_chord_sa. tolerance = 1, sa_iterations = 1000, initial_temperature = 3.0, cooling_rate = 0.999
26 - INFO - chord#: 124 done. best_score=27.0, changed=528, unchanged=440, early_stops=8/8
26 - INFO - chord#: 126 In build_straw_man_chord_sa. tolerance = 1, sa_iterations = 1000, initial_temperature = 3.0, cooling_rate = 0.999
26 - INFO - chord#: 120 done. best_score=27.0, changed=524, unchanged=502, early_stops=8/8
26 - INFO - chord#: 122 In build_straw_man_chord_sa. tolerance = 1, sa_iterations = 1000, initial_temperature = 3.0, cooling_rate = 0.999
26 - INFO - chord#: 118 done. best_score=27.0, changed=519, unchanged=399, early_stops=8/8
26 - INFO - chord#: 120 In build_straw_man_chord_sa. tolerance = 1, sa_iterations = 1000, initial_temperature = 3.0, cooling_rate = 0.999
26 - INFO - chord#: 118 done. best_score=27.0, changed=514, unchanged=416, early_stops=8/8
26 - INFO - chord#: 120 In build_straw_man_chord_sa. tolerance = 1, sa_iterations = 1000, initial_temperature = 3.0, cooling_rate = 0.999
26 - INFO - chord#: 106 done. best_score=36.0, changed=517, unchanged=376, early_stops=8/8
26 - INFO - chord#: 108 In build_straw_man_chord_sa. tolerance = 1, sa_iterations = 1000, initial_temperature = 3.0, cooling_rate = 0.999
26 - INFO - chord#: 104 done. best_score=35.0, changed=536, unchanged=572, early_stops=8/8
26 - INFO - chord#: 106 In build_straw_man_chord_sa. tolerance = 1, sa_iterations = 1000, initial_temperature = 3.0, cooling_rate = 0.999
26 - INFO - chord#: 124 done. best_score=27.0, changed=526, unchanged=486, early_stops=8/8
26 - INFO - chord#: 126 In build_straw_man_chord_sa. tolerance = 1, sa_iterations = 1000, initial_temperature = 3.0, cooling_rate = 0.999
26 - INFO - chord#: 104 done. best_score=35.0, changed=516, unchanged=365, early_stops=8/8
26 - INFO - chord#: 106 In build_straw_man_chord_sa. tolerance = 1, sa_iterations = 1000, initial_temperature = 3.0, cooling_rate = 0.999
26 - INFO - chord#: 126 done. best_score=93.0, changed=611, unchanged=275, early_stops=8/8
26 - INFO - chord#: 128 In build_straw_man_chord_sa. tolerance = 1, sa_iterations = 1000, initial_temperature = 3.0, cooling_rate = 0.999
26 - INFO - chord#: 98 done. best_score=67.0, changed=613, unchanged=325, early_stops=8/8
26 - INFO - chord#: 100 In build_straw_man_chord_sa. tolerance = 1, sa_iterations = 1000, initial_temperature = 3.0, cooling_rate = 0.999
26 - INFO - chord#: 98 done. best_score=96.0, changed=614, unchanged=275, early_stops=8/8
26 - INFO - chord#: 100 In build_straw_man_chord_sa. tolerance = 1, sa_iterations = 1000, initial_temperature = 3.0, cooling_rate = 0.999
26 - INFO - chord#: 120 done. best_score=27.0, changed=516, unchanged=463, early_stops=8/8
26 - INFO - chord#: 122 In build_straw_man_chord_sa. tolerance = 1, sa_iterations = 1000, initial_temperature = 3.0, cooling_rate = 0.999
26 - INFO - chord#: 120 done. best_score=27.0, changed=520, unchanged=486, early_stops=8/8
26 - INFO - chord#: 122 In build_straw_man_chord_sa. tolerance = 1, sa_iterations = 1000, initial_temperature = 3.0, cooling_rate = 0.999
26 - INFO - chord#: 108 done. best_score=27.0, changed=528, unchanged=417, early_stops=8/8
26 - INFO - chord#: 98 done. best_score=145.0, changed=612, unchanged=221, early_stops=8/8
26 - INFO - chord#: 100 In build_straw_man_chord_sa. tolerance = 1, sa_iterations = 1000, initial_temperature = 3.0, cooling_rate = 0.999
26 - INFO - chord#: 112 In build_straw_man_chord_sa. tolerance = 1, sa_iterations = 1000, initial_temperature = 3.0, cooling_rate = 0.999
26 - INFO - chord#: 128 done. best_score=27.0, changed=516, unchanged=327, early_stops=8/8
26 - INFO - chord#: 130 In build_straw_man_chord_sa. tolerance = 1, sa_iterations = 1000, initial_temperature = 3.0, cooling_rate = 0.999
26 - INFO - chord#: 106 done. best_score=36.0, changed=528, unchanged=313, early_stops=8/8
26 - INFO - chord#: 108 In build_straw_man_chord_sa. tolerance = 1, sa_iterations = 1000, initial_temperature = 3.0, cooling_rate = 0.999
26 - INFO - chord#: 122 done. best_score=150.0, changed=606, unchanged=256, early_stops=8/8
26 - INFO - chord#: 124 In build_straw_man_chord_sa. tolerance = 1, sa_iterations = 1000, initial_temperature = 3.0, cooling_rate = 0.999
26 - INFO - chord#: 106 done. best_score=36.0, changed=533, unchanged=528, early_stops=8/8
26 - INFO - chord#: 108 In build_straw_man_chord_sa. tolerance = 1, sa_iterations = 1000, initial_temperature = 3.0, cooling_rate = 0.999
26 - INFO - chord#: 130 done. best_score=11.0, changed=475, unchanged=349, early_stops=8/8
26 - INFO - chord#: 132 In build_straw_man_chord_sa. tolerance = 1, sa_iterations = 1000, initial_temperature = 3.0, cooling_rate = 0.999
26 - INFO - chord#: 100 done. best_score=27.0, changed=521, unchanged=466, early_stops=8/8
26 - INFO - chord#: 104 In build_straw_man_chord_sa. tolerance = 1, sa_iterations = 1000, initial_temperature = 3.0, cooling_rate = 0.999
26 - INFO - chord#: 100 done. best_score=27.0, changed=524, unchanged=513, early_stops=8/8
26 - INFO - chord#: 104 In build_straw_man_chord_sa. tolerance = 1, sa_iterations = 1000, initial_temperature = 3.0, cooling_rate = 0.999
26 - INFO - chord#: 126 done. best_score=94.0, changed=616, unchanged=475, early_stops=8/8
26 - INFO - chord#: 128 In build_straw_man_chord_sa. tolerance = 1, sa_iterations = 1000, initial_temperature = 3.0, cooling_rate = 0.999
26 - INFO - chord#: 126 done. best_score=93.0, changed=614, unchanged=292, early_stops=8/8
26 - INFO - chord#: 128 In build_straw_man_chord_sa. tolerance = 1, sa_iterations = 1000, initial_temperature = 3.0, cooling_rate = 0.999
26 - INFO - chord#: 112 done. best_score=27.0, changed=517, unchanged=316, early_stops=8/8
26 - INFO - chord#: 116 In build_straw_man_chord_sa. tolerance = 1, sa_iterations = 1000, initial_temperature = 3.0, cooling_rate = 0.999
26 - INFO - chord#: 100 done. best_score=27.0, changed=516, unchanged=332, early_stops=8/8
26 - INFO - chord#: 104 In build_straw_man_chord_sa. tolerance = 1, sa_iterations = 1000, initial_temperature = 3.0, cooling_rate = 0.999
26 - INFO - chord#: 124 done. best_score=27.0, changed=515, unchanged=350, early_stops=8/8
26 - INFO - chord#: 126 In build_straw_man_chord_sa. tolerance = 1, sa_iterations = 1000, initial_temperature = 3.0, cooling_rate = 0.999
26 - INFO - chord#: 108 done. best_score=27.0, changed=517, unchanged=372, early_stops=8/8
26 - INFO - chord#: 112 In build_straw_man_chord_sa. tolerance = 1, sa_iterations = 1000, initial_temperature = 3.0, cooling_rate = 0.999
26 - INFO - chord#: 122 done. best_score=95.0, changed=611, unchanged=244, early_stops=8/8
26 - INFO - chord#: 124 In build_straw_man_chord_sa. tolerance = 1, sa_iterations = 1000, initial_temperature = 3.0, cooling_rate = 0.999
26 - INFO - chord#: 122 done. best_score=95.0, changed=611, unchanged=335, early_stops=8/8
26 - INFO - chord#: 124 In build_straw_man_chord_sa. tolerance = 1, sa_iterations = 1000, initial_temperature = 3.0, cooling_rate = 0.999
26 - INFO - chord#: 108 done. best_score=27.0, changed=528, unchanged=465, early_stops=8/8
26 - INFO - chord#: 112 In build_straw_man_chord_sa. tolerance = 1, sa_iterations = 1000, initial_temperature = 3.0, cooling_rate = 0.999
26 - INFO - chord#: 132 done. best_score=27.0, changed=538, unchanged=581, early_stops=8/8
26 - INFO - chord#: 136 In build_straw_man_chord_sa. tolerance = 1, sa_iterations = 1000, initial_temperature = 3.0, cooling_rate = 0.999
26 - INFO - chord#: 104 done. best_score=35.0, changed=520, unchanged=321, early_stops=8/8
26 - INFO - chord#: 106 In build_straw_man_chord_sa. tolerance = 1, sa_iterations = 1000, initial_temperature = 3.0, cooling_rate = 0.999
26 - INFO - chord#: 128 done. best_score=27.0, changed=515, unchanged=348, early_stops=8/8
26 - INFO - chord#: 104 done. best_score=35.0, changed=518, unchanged=294, early_stops=8/8
26 - INFO - chord#: 130 In build_straw_man_chord_sa. tolerance = 1, sa_iterations = 1000, initial_temperature = 3.0, cooling_rate = 0.999
26 - INFO - chord#: 106 In build_straw_man_chord_sa. tolerance = 1, sa_iterations = 1000, initial_temperature = 3.0, cooling_rate = 0.999
26 - INFO - chord#: 128 done. best_score=27.0, changed=513, unchanged=370, early_stops=8/8
26 - INFO - chord#: 130 In build_straw_man_chord_sa. tolerance = 1, sa_iterations = 1000, initial_temperature = 3.0, cooling_rate = 0.999
26 - INFO - chord#: 130 done. best_score=11.0, changed=475, unchanged=354, early_stops=8/8
26 - INFO - chord#: 132 In build_straw_man_chord_sa. tolerance = 1, sa_iterations = 1000, initial_temperature = 3.0, cooling_rate = 0.999
26 - INFO - chord#: 130 done. best_score=11.0, changed=480, unchanged=337, early_stops=8/8
26 - INFO - chord#: 132 In build_straw_man_chord_sa. tolerance = 1, sa_iterations = 1000, initial_temperature = 3.0, cooling_rate = 0.999
26 - INFO - chord#: 104 done. best_score=35.0, changed=527, unchanged=380, early_stops=8/8
26 - INFO - chord#: 106 In build_straw_man_chord_sa. tolerance = 1, sa_iterations = 1000, initial_temperature = 3.0, cooling_rate = 0.999
26 - INFO - chord#: 116 done. best_score=27.0, changed=519, unchanged=416, early_stops=8/8
26 - INFO - chord#: 118 In build_straw_man_chord_sa. tolerance = 1, sa_iterations = 1000, initial_temperature = 3.0, cooling_rate = 0.999
26 - INFO - chord#: 124 done. best_score=27.0, changed=516, unchanged=394, early_stops=8/8
26 - INFO - chord#: 126 In build_straw_man_chord_sa. tolerance = 1, sa_iterations = 1000, initial_temperature = 3.0, cooling_rate = 0.999
26 - INFO - chord#: 136 done. best_score=27.0, changed=524, unchanged=355, early_stops=8/8
26 - INFO - chord#: 138 In build_straw_man_chord_sa. tolerance = 1, sa_iterations = 1000, initial_temperature = 3.0, cooling_rate = 0.999
26 - INFO - chord#: 112 done. best_score=27.0, changed=533, unchanged=391, early_stops=8/8
26 - INFO - chord#: 116 In build_straw_man_chord_sa. tolerance = 1, sa_iterations = 1000, initial_temperature = 3.0, cooling_rate = 0.999
26 - INFO - chord#: 124 done. best_score=27.0, changed=518, unchanged=460, early_stops=8/8
26 - INFO - chord#: 126 In build_straw_man_chord_sa. tolerance = 1, sa_iterations = 1000, initial_temperature = 3.0, cooling_rate = 0.999
26 - INFO - chord#: 112 done. best_score=27.0, changed=521, unchanged=349, early_stops=8/8
26 - INFO - chord#: 116 In build_straw_man_chord_sa. tolerance = 1, sa_iterations = 1000, initial_temperature = 3.0, cooling_rate = 0.999
26 - INFO - chord#: 106 done. best_score=36.0, changed=524, unchanged=347, early_stops=8/8
26 - INFO - chord#: 108 In build_straw_man_chord_sa. tolerance = 1, sa_iterations = 1000, initial_temperature = 3.0, cooling_rate = 0.999
26 - INFO - chord#: 106 done. best_score=36.0, changed=512, unchanged=317, early_stops=8/8
26 - INFO - chord#: 108 In build_straw_man_chord_sa. tolerance = 1, sa_iterations = 1000, initial_temperature = 3.0, cooling_rate = 0.999
26 - INFO - chord#: 132 done. best_score=27.0, changed=524, unchanged=429, early_stops=8/8
26 - INFO - chord#: 136 In build_straw_man_chord_sa. tolerance = 1, sa_iterations = 1000, initial_temperature = 3.0, cooling_rate = 0.999
26 - INFO - chord#: 132 done. best_score=27.0, changed=518, unchanged=468, early_stops=8/8
26 - INFO - chord#: 136 In build_straw_man_chord_sa. tolerance = 1, sa_iterations = 1000, initial_temperature = 3.0, cooling_rate = 0.999
26 - INFO - chord#: 118 done. best_score=27.0, changed=526, unchanged=322, early_stops=8/8
26 - INFO - chord#: 120 In build_straw_man_chord_sa. tolerance = 1, sa_iterations = 1000, initial_temperature = 3.0, cooling_rate = 0.999
26 - INFO - chord#: 126 done. best_score=93.0, changed=610, unchanged=339, early_stops=8/8
26 - INFO - chord#: 128 In build_straw_man_chord_sa. tolerance = 1, sa_iterations = 1000, initial_temperature = 3.0, cooling_rate = 0.999
26 - INFO - chord#: 106 done. best_score=36.0, changed=527, unchanged=426, early_stops=8/8
26 - INFO - chord#: 108 In build_straw_man_chord_sa. tolerance = 1, sa_iterations = 1000, initial_temperature = 3.0, cooling_rate = 0.999
26 - INFO - chord#: 116 done. best_score=27.0, changed=518, unchanged=344, early_stops=8/8
26 - INFO - chord#: 118 In build_straw_man_chord_sa. tolerance = 1, sa_iterations = 1000, initial_temperature = 3.0, cooling_rate = 0.999
26 - INFO - chord#: 116 done. best_score=27.0, changed=532, unchanged=394, early_stops=8/8
26 - INFO - chord#: 118 In build_straw_man_chord_sa. tolerance = 1, sa_iterations = 1000, initial_temperature = 3.0, cooling_rate = 0.999
26 - INFO - chord#: 108 done. best_score=27.0, changed=521, unchanged=358, early_stops=8/8
26 - INFO - chord#: 112 In build_straw_man_chord_sa. tolerance = 1, sa_iterations = 1000, initial_temperature = 3.0, cooling_rate = 0.999
26 - INFO - chord#: 136 done. best_score=27.0, changed=528, unchanged=425, early_stops=8/8
26 - INFO - chord#: 138 In build_straw_man_chord_sa. tolerance = 1, sa_iterations = 1000, initial_temperature = 3.0, cooling_rate = 0.999
26 - INFO - chord#: 108 done. best_score=27.0, changed=517, unchanged=389, early_stops=8/8
26 - INFO - chord#: 112 In build_straw_man_chord_sa. tolerance = 1, sa_iterations = 1000, initial_temperature = 3.0, cooling_rate = 0.999
26 - INFO - chord#: 136 done. best_score=27.0, changed=523, unchanged=395, early_stops=8/8
26 - INFO - chord#: 138 In build_straw_man_chord_sa. tolerance = 1, sa_iterations = 1000, initial_temperature = 3.0, cooling_rate = 0.999
26 - INFO - chord#: 128 done. best_score=27.0, changed=520, unchanged=420, early_stops=8/8
26 - INFO - chord#: 130 In build_straw_man_chord_sa. tolerance = 1, sa_iterations = 1000, initial_temperature = 3.0, cooling_rate = 0.999
26 - INFO - chord#: 108 done. best_score=27.0, changed=518, unchanged=374, early_stops=8/8
26 - INFO - chord#: 112 In build_straw_man_chord_sa. tolerance = 1, sa_iterations = 1000, initial_temperature = 3.0, cooling_rate = 0.999
26 - INFO - chord#: 126 done. best_score=93.0, changed=612, unchanged=232, early_stops=8/8
26 - INFO - chord#: 128 In build_straw_man_chord_sa. tolerance = 1, sa_iterations = 1000, initial_temperature = 3.0, cooling_rate = 0.999
26 - INFO - chord#: 130 done. best_score=11.0, changed=484, unchanged=327, early_stops=8/8
26 - INFO - chord#: 132 In build_straw_man_chord_sa. tolerance = 1, sa_iterations = 1000, initial_temperature = 3.0, cooling_rate = 0.999
26 - INFO - chord#: 126 done. best_score=129.0, changed=613, unchanged=284, early_stops=8/8
26 - INFO - chord#: 128 In build_straw_man_chord_sa. tolerance = 1, sa_iterations = 1000, initial_temperature = 3.0, cooling_rate = 0.999
26 - INFO - chord#: 120 done. best_score=27.0, changed=521, unchanged=456, early_stops=8/8
26 - INFO - chord#: 122 In build_straw_man_chord_sa. tolerance = 1, sa_iterations = 1000, initial_temperature = 3.0, cooling_rate = 0.999
26 - INFO - chord#: 138 done. best_score=82.0, changed=615, unchanged=330, early_stops=8/8
26 - INFO - chord#: 140 In build_straw_man_chord_sa. tolerance = 1, sa_iterations = 1000, initial_temperature = 3.0, cooling_rate = 0.999
26 - INFO - chord#: 118 done. best_score=27.0, changed=513, unchanged=297, early_stops=8/8
26 - INFO - chord#: 120 In build_straw_man_chord_sa. tolerance = 1, sa_iterations = 1000, initial_temperature = 3.0, cooling_rate = 0.999
26 - INFO - chord#: 118 done. best_score=27.0, changed=516, unchanged=362, early_stops=8/8
26 - INFO - chord#: 120 In build_straw_man_chord_sa. tolerance = 1, sa_iterations = 1000, initial_temperature = 3.0, cooling_rate = 0.999
26 - INFO - chord#: 112 done. best_score=27.0, changed=520, unchanged=365, early_stops=8/8
26 - INFO - chord#: 116 In build_straw_man_chord_sa. tolerance = 1, sa_iterations = 1000, initial_temperature = 3.0, cooling_rate = 0.999
26 - INFO - chord#: 112 done. best_score=27.0, changed=517, unchanged=355, early_stops=8/8
26 - INFO - chord#: 116 In build_straw_man_chord_sa. tolerance = 1, sa_iterations = 1000, initial_temperature = 3.0, cooling_rate = 0.999
26 - INFO - chord#: 112 done. best_score=27.0, changed=519, unchanged=343, early_stops=8/8
26 - INFO - chord#: 116 In build_straw_man_chord_sa. tolerance = 1, sa_iterations = 1000, initial_temperature = 3.0, cooling_rate = 0.999
26 - INFO - chord#: 140 done. best_score=31.0, changed=525, unchanged=307, early_stops=8/8
26 - INFO - chord#: 142 In build_straw_man_chord_sa. tolerance = 1, sa_iterations = 1000, initial_temperature = 3.0, cooling_rate = 0.999
26 - INFO - chord#: 128 done. best_score=27.0, changed=526, unchanged=429, early_stops=8/8
26 - INFO - chord#: 130 In build_straw_man_chord_sa. tolerance = 1, sa_iterations = 1000, initial_temperature = 3.0, cooling_rate = 0.999
26 - INFO - chord#: 132 done. best_score=27.0, changed=518, unchanged=406, early_stops=8/8
26 - INFO - chord#: 136 In build_straw_man_chord_sa. tolerance = 1, sa_iterations = 1000, initial_temperature = 3.0, cooling_rate = 0.999
26 - INFO - chord#: 128 done. best_score=27.0, changed=520, unchanged=384, early_stops=8/8
26 - INFO - chord#: 130 In build_straw_man_chord_sa. tolerance = 1, sa_iterations = 1000, initial_temperature = 3.0, cooling_rate = 0.999
26 - INFO - chord#: 142 done. best_score=7.0, changed=500, unchanged=319, early_stops=8/8
26 - INFO - chord#: 144 In build_straw_man_chord_sa. tolerance = 1, sa_iterations = 1000, initial_temperature = 3.0, cooling_rate = 0.999
26 - INFO - chord#: 130 done. best_score=11.0, changed=486, unchanged=362, early_stops=8/8
26 - INFO - chord#: 132 In build_straw_man_chord_sa. tolerance = 1, sa_iterations = 1000, initial_temperature = 3.0, cooling_rate = 0.999
26 - INFO - chord#: 130 done. best_score=11.0, changed=487, unchanged=344, early_stops=8/8
26 - INFO - chord#: 132 In build_straw_man_chord_sa. tolerance = 1, sa_iterations = 1000, initial_temperature = 3.0, cooling_rate = 0.999
26 - INFO - chord#: 138 done. best_score=82.0, changed=614, unchanged=299, early_stops=8/8
26 - INFO - chord#: 140 In build_straw_man_chord_sa. tolerance = 1, sa_iterations = 1000, initial_temperature = 3.0, cooling_rate = 0.999
26 - INFO - chord#: 138 done. best_score=82.0, changed=617, unchanged=306, early_stops=8/8
26 - INFO - chord#: 140 In build_straw_man_chord_sa. tolerance = 1, sa_iterations = 1000, initial_temperature = 3.0, cooling_rate = 0.999
26 - INFO - chord#: 120 done. best_score=27.0, changed=526, unchanged=463, early_stops=8/8
26 - INFO - chord#: 122 In build_straw_man_chord_sa. tolerance = 1, sa_iterations = 1000, initial_temperature = 3.0, cooling_rate = 0.999
26 - INFO - chord#: 120 done. best_score=27.0, changed=519, unchanged=364, early_stops=8/8
26 - INFO - chord#: 122 In build_straw_man_chord_sa. tolerance = 1, sa_iterations = 1000, initial_temperature = 3.0, cooling_rate = 0.999
26 - INFO - chord#: 116 done. best_score=27.0, changed=520, unchanged=424, early_stops=8/8
26 - INFO - chord#: 118 In build_straw_man_chord_sa. tolerance = 1, sa_iterations = 1000, initial_temperature = 3.0, cooling_rate = 0.999
26 - INFO - chord#: 116 done. best_score=27.0, changed=519, unchanged=404, early_stops=8/8
26 - INFO - chord#: 118 In build_straw_man_chord_sa. tolerance = 1, sa_iterations = 1000, initial_temperature = 3.0, cooling_rate = 0.999
26 - INFO - chord#: 116 done. best_score=27.0, changed=525, unchanged=308, early_stops=8/8
26 - INFO - chord#: 118 In build_straw_man_chord_sa. tolerance = 1, sa_iterations = 1000, initial_temperature = 3.0, cooling_rate = 0.999
26 - INFO - chord#: 136 done. best_score=27.0, changed=524, unchanged=353, early_stops=8/8
26 - INFO - chord#: 138 In build_straw_man_chord_sa. tolerance = 1, sa_iterations = 1000, initial_temperature = 3.0, cooling_rate = 0.999
26 - INFO - chord#: 144 done. best_score=27.0, changed=521, unchanged=348, early_stops=8/8
26 - INFO - chord#: 146 In build_straw_man_chord_sa. tolerance = 1, sa_iterations = 1000, initial_temperature = 3.0, cooling_rate = 0.999
26 - INFO - chord#: 132 done. best_score=27.0, changed=512, unchanged=435, early_stops=8/8
26 - INFO - chord#: 136 In build_straw_man_chord_sa. tolerance = 1, sa_iterations = 1000, initial_temperature = 3.0, cooling_rate = 0.999
26 - INFO - chord#: 132 done. best_score=27.0, changed=520, unchanged=422, early_stops=8/8
26 - INFO - chord#: 136 In build_straw_man_chord_sa. tolerance = 1, sa_iterations = 1000, initial_temperature = 3.0, cooling_rate = 0.999
26 - INFO - chord#: 140 done. best_score=31.0, changed=531, unchanged=314, early_stops=8/8
26 - INFO - chord#: 142 In build_straw_man_chord_sa. tolerance = 1, sa_iterations = 1000, initial_temperature = 3.0, cooling_rate = 0.999
26 - INFO - chord#: 140 done. best_score=31.0, changed=534, unchanged=410, early_stops=8/8
26 - INFO - chord#: 142 In build_straw_man_chord_sa. tolerance = 1, sa_iterations = 1000, initial_temperature = 3.0, cooling_rate = 0.999
26 - INFO - chord#: 142 done. best_score=7.0, changed=497, unchanged=317, early_stops=8/8
26 - INFO - chord#: 144 In build_straw_man_chord_sa. tolerance = 1, sa_iterations = 1000, initial_temperature = 3.0, cooling_rate = 0.999
26 - INFO - chord#: 142 done. best_score=7.0, changed=495, unchanged=314, early_stops=8/8
26 - INFO - chord#: 144 In build_straw_man_chord_sa. tolerance = 1, sa_iterations = 1000, initial_temperature = 3.0, cooling_rate = 0.999
26 - INFO - chord#: 122 done. best_score=95.0, changed=612, unchanged=305, early_stops=8/8
26 - INFO - chord#: 124 In build_straw_man_chord_sa. tolerance = 1, sa_iterations = 1000, initial_temperature = 3.0, cooling_rate = 0.999
26 - INFO - chord#: 118 done. best_score=27.0, changed=515, unchanged=318, early_stops=8/8
26 - INFO - chord#: 120 In build_straw_man_chord_sa. tolerance = 1, sa_iterations = 1000, initial_temperature = 3.0, cooling_rate = 0.999
26 - INFO - chord#: 118 done. best_score=27.0, changed=529, unchanged=393, early_stops=8/8
26 - INFO - chord#: 120 In build_straw_man_chord_sa. tolerance = 1, sa_iterations = 1000, initial_temperature = 3.0, cooling_rate = 0.999
26 - INFO - chord#: 118 done. best_score=27.0, changed=523, unchanged=479, early_stops=8/8
26 - INFO - chord#: 120 In build_straw_man_chord_sa. tolerance = 1, sa_iterations = 1000, initial_temperature = 3.0, cooling_rate = 0.999
26 - INFO - chord#: 136 done. best_score=27.0, changed=519, unchanged=412, early_stops=8/8
26 - INFO - chord#: 138 In build_straw_man_chord_sa. tolerance = 1, sa_iterations = 1000, initial_temperature = 3.0, cooling_rate = 0.999
26 - INFO - chord#: 136 done. best_score=27.0, changed=519, unchanged=349, early_stops=8/8
26 - INFO - chord#: 138 In build_straw_man_chord_sa. tolerance = 1, sa_iterations = 1000, initial_temperature = 3.0, cooling_rate = 0.999
26 - INFO - chord#: 144 done. best_score=27.0, changed=523, unchanged=343, early_stops=8/8
26 - INFO - chord#: 146 In build_straw_man_chord_sa. tolerance = 1, sa_iterations = 1000, initial_temperature = 3.0, cooling_rate = 0.999
26 - INFO - chord#: 144 done. best_score=27.0, changed=526, unchanged=415, early_stops=8/8
26 - INFO - chord#: 146 In build_straw_man_chord_sa. tolerance = 1, sa_iterations = 1000, initial_temperature = 3.0, cooling_rate = 0.999
26 - INFO - chord#: 146 done. best_score=96.0, changed=607, unchanged=238, early_stops=8/8
26 - INFO - chord#: 148 In build_straw_man_chord_sa. tolerance = 1, sa_iterations = 1000, initial_temperature = 3.0, cooling_rate = 0.999
26 - INFO - chord#: 138 done. best_score=97.0, changed=615, unchanged=340, early_stops=8/8
26 - INFO - chord#: 140 In build_straw_man_chord_sa. tolerance = 1, sa_iterations = 1000, initial_temperature = 3.0, cooling_rate = 0.999
26 - INFO - chord#: 120 done. best_score=27.0, changed=523, unchanged=435, early_stops=8/8
26 - INFO - chord#: 122 In build_straw_man_chord_sa. tolerance = 1, sa_iterations = 1000, initial_temperature = 3.0, cooling_rate = 0.999
26 - INFO - chord#: 124 done. best_score=27.0, changed=525, unchanged=618, early_stops=8/8
26 - INFO - chord#: 126 In build_straw_man_chord_sa. tolerance = 1, sa_iterations = 1000, initial_temperature = 3.0, cooling_rate = 0.999
26 - INFO - chord#: 120 done. best_score=27.0, changed=524, unchanged=517, early_stops=8/8
26 - INFO - chord#: 122 In build_straw_man_chord_sa. tolerance = 1, sa_iterations = 1000, initial_temperature = 3.0, cooling_rate = 0.999
26 - INFO - chord#: 120 done. best_score=27.0, changed=515, unchanged=407, early_stops=8/8
26 - INFO - chord#: 122 In build_straw_man_chord_sa. tolerance = 1, sa_iterations = 1000, initial_temperature = 3.0, cooling_rate = 0.999
26 - INFO - chord#: 122 done. best_score=90.0, changed=614, unchanged=302, early_stops=8/8
26 - INFO - chord#: 124 In build_straw_man_chord_sa. tolerance = 1, sa_iterations = 1000, initial_temperature = 3.0, cooling_rate = 0.999
26 - INFO - chord#: 122 done. best_score=95.0, changed=614, unchanged=444, early_stops=8/8
26 - INFO - chord#: 124 In build_straw_man_chord_sa. tolerance = 1, sa_iterations = 1000, initial_temperature = 3.0, cooling_rate = 0.999
26 - INFO - chord#: 148 done. best_score=27.0, changed=521, unchanged=445, early_stops=8/8
26 - INFO - chord#: 140 done. best_score=31.0, changed=532, unchanged=398, early_stops=8/8
26 - INFO - chord#: 142 In build_straw_man_chord_sa. tolerance = 1, sa_iterations = 1000, initial_temperature = 3.0, cooling_rate = 0.999
26 - INFO - chord#: 138 done. best_score=82.0, changed=609, unchanged=278, early_stops=8/8
26 - INFO - chord#: 140 In build_straw_man_chord_sa. tolerance = 1, sa_iterations = 1000, initial_temperature = 3.0, cooling_rate = 0.999
26 - INFO - chord#: 142 done. best_score=7.0, changed=505, unchanged=301, early_stops=8/8
26 - INFO - chord#: 144 In build_straw_man_chord_sa. tolerance = 1, sa_iterations = 1000, initial_temperature = 3.0, cooling_rate = 0.999
26 - INFO - chord#: 124 done. best_score=27.0, changed=519, unchanged=336, early_stops=8/8
26 - INFO - chord#: 126 In build_straw_man_chord_sa. tolerance = 1, sa_iterations = 1000, initial_temperature = 3.0, cooling_rate = 0.999
26 - INFO - chord#: 138 done. best_score=82.0, changed=618, unchanged=399, early_stops=8/8
26 - INFO - chord#: 140 In build_straw_man_chord_sa. tolerance = 1, sa_iterations = 1000, initial_temperature = 3.0, cooling_rate = 0.999
26 - INFO - chord#: 146 done. best_score=137.0, changed=610, unchanged=298, early_stops=8/8
26 - INFO - chord#: 148 In build_straw_man_chord_sa. tolerance = 1, sa_iterations = 1000, initial_temperature = 3.0, cooling_rate = 0.999
26 - INFO - chord#: 124 done. best_score=27.0, changed=512, unchanged=391, early_stops=8/8
26 - INFO - chord#: 126 In build_straw_man_chord_sa. tolerance = 1, sa_iterations = 1000, initial_temperature = 3.0, cooling_rate = 0.999
26 - INFO - chord#: 146 done. best_score=67.0, changed=613, unchanged=399, early_stops=8/8
26 - INFO - chord#: 148 In build_straw_man_chord_sa. tolerance = 1, sa_iterations = 1000, initial_temperature = 3.0, cooling_rate = 0.999
26 - INFO - chord#: 140 done. best_score=31.0, changed=538, unchanged=406, early_stops=8/8
26 - INFO - chord#: 142 In build_straw_man_chord_sa. tolerance = 1, sa_iterations = 1000, initial_temperature = 3.0, cooling_rate = 0.999
26 - INFO - chord#: 144 done. best_score=27.0, changed=521, unchanged=402, early_stops=8/8
26 - INFO - chord#: 146 In build_straw_man_chord_sa. tolerance = 1, sa_iterations = 1000, initial_temperature = 3.0, cooling_rate = 0.999
26 - INFO - chord#: 142 done. best_score=7.0, changed=499, unchanged=322, early_stops=8/8
26 - INFO - chord#: 144 In build_straw_man_chord_sa. tolerance = 1, sa_iterations = 1000, initial_temperature = 3.0, cooling_rate = 0.999
26 - INFO - chord#: 140 done. best_score=31.0, changed=526, unchanged=370, early_stops=8/8
26 - INFO - chord#: 142 In build_straw_man_chord_sa. tolerance = 1, sa_iterations = 1000, initial_temperature = 3.0, cooling_rate = 0.999
26 - INFO - chord#: 148 done. best_score=27.0, changed=522, unchanged=357, early_stops=8/8
26 - INFO - chord#: 126 done. best_score=94.0, changed=615, unchanged=262, early_stops=8/8
26 - INFO - chord#: 128 In build_straw_man_chord_sa. tolerance = 1, sa_iterations = 1000, initial_temperature = 3.0, cooling_rate = 0.999
26 - INFO - chord#: 142 done. best_score=7.0, changed=504, unchanged=310, early_stops=8/8
26 - INFO - chord#: 144 In build_straw_man_chord_sa. tolerance = 1, sa_iterations = 1000, initial_temperature = 3.0, cooling_rate = 0.999
26 - INFO - chord#: 122 done. best_score=95.0, changed=608, unchanged=267, early_stops=8/8
26 - INFO - chord#: 124 In build_straw_man_chord_sa. tolerance = 1, sa_iterations = 1000, initial_temperature = 3.0, cooling_rate = 0.999
26 - INFO - chord#: 122 done. best_score=95.0, changed=616, unchanged=290, early_stops=8/8
26 - INFO - chord#: 124 In build_straw_man_chord_sa. tolerance = 1, sa_iterations = 1000, initial_temperature = 3.0, cooling_rate = 0.999
26 - INFO - chord#: 122 done. best_score=95.0, changed=612, unchanged=338, early_stops=8/8
26 - INFO - chord#: 124 In build_straw_man_chord_sa. tolerance = 1, sa_iterations = 1000, initial_temperature = 3.0, cooling_rate = 0.999
26 - INFO - chord#: 148 done. best_score=27.0, changed=522, unchanged=356, early_stops=8/8
26 - INFO - chord#: 144 done. best_score=27.0, changed=518, unchanged=367, early_stops=8/8
26 - INFO - chord#: 146 In build_straw_man_chord_sa. tolerance = 1, sa_iterations = 1000, initial_temperature = 3.0, cooling_rate = 0.999
26 - INFO - chord#: 126 done. best_score=129.0, changed=608, unchanged=232, early_stops=8/8
26 - INFO - chord#: 128 In build_straw_man_chord_sa. tolerance = 1, sa_iterations = 1000, initial_temperature = 3.0, cooling_rate = 0.999
26 - INFO - chord#: 144 done. best_score=27.0, changed=527, unchanged=422, early_stops=8/8
26 - INFO - chord#: 146 In build_straw_man_chord_sa. tolerance = 1, sa_iterations = 1000, initial_temperature = 3.0, cooling_rate = 0.999
26 - INFO - chord#: 128 done. best_score=27.0, changed=521, unchanged=437, early_stops=8/8
26 - INFO - chord#: 130 In build_straw_man_chord_sa. tolerance = 1, sa_iterations = 1000, initial_temperature = 3.0, cooling_rate = 0.999
26 - INFO - chord#: 130 done. best_score=11.0, changed=482, unchanged=333, early_stops=8/8
26 - INFO - chord#: 132 In build_straw_man_chord_sa. tolerance = 1, sa_iterations = 1000, initial_temperature = 3.0, cooling_rate = 0.999
26 - INFO - chord#: 124 done. best_score=27.0, changed=524, unchanged=420, early_stops=8/8
26 - INFO - chord#: 126 In build_straw_man_chord_sa. tolerance = 1, sa_iterations = 1000, initial_temperature = 3.0, cooling_rate = 0.999
26 - INFO - chord#: 124 done. best_score=27.0, changed=517, unchanged=437, early_stops=8/8
26 - INFO - chord#: 126 In build_straw_man_chord_sa. tolerance = 1, sa_iterations = 1000, initial_temperature = 3.0, cooling_rate = 0.999
26 - INFO - chord#: 128 done. best_score=27.0, changed=524, unchanged=570, early_stops=8/8
26 - INFO - chord#: 130 In build_straw_man_chord_sa. tolerance = 1, sa_iterations = 1000, initial_temperature = 3.0, cooling_rate = 0.999
26 - INFO - chord#: 124 done. best_score=27.0, changed=521, unchanged=503, early_stops=8/8
26 - INFO - chord#: 126 In build_straw_man_chord_sa. tolerance = 1, sa_iterations = 1000, initial_temperature = 3.0, cooling_rate = 0.999
26 - INFO - chord#: 130 done. best_score=11.0, changed=482, unchanged=348, early_stops=8/8
26 - INFO - chord#: 132 In build_straw_man_chord_sa. tolerance = 1, sa_iterations = 1000, initial_temperature = 3.0, cooling_rate = 0.999
26 - INFO - chord#: 126 done. best_score=93.0, changed=616, unchanged=448, early_stops=8/8
26 - INFO - chord#: 128 In build_straw_man_chord_sa. tolerance = 1, sa_iterations = 1000, initial_temperature = 3.0, cooling_rate = 0.999
26 - INFO - chord#: 146 done. best_score=67.0, changed=609, unchanged=430, early_stops=8/8
26 - INFO - chord#: 148 In build_straw_man_chord_sa. tolerance = 1, sa_iterations = 1000, initial_temperature = 3.0, cooling_rate = 0.999
26 - INFO - chord#: 132 done. best_score=27.0, changed=518, unchanged=492, early_stops=8/8
26 - INFO - chord#: 136 In build_straw_man_chord_sa. tolerance = 1, sa_iterations = 1000, initial_temperature = 3.0, cooling_rate = 0.999
26 - INFO - chord#: 146 done. best_score=195.0, changed=611, unchanged=213, early_stops=8/8
26 - INFO - chord#: 148 In build_straw_man_chord_sa. tolerance = 1, sa_iterations = 1000, initial_temperature = 3.0, cooling_rate = 0.999
26 - INFO - chord#: 128 done. best_score=27.0, changed=519, unchanged=395, early_stops=8/8
26 - INFO - chord#: 130 In build_straw_man_chord_sa. tolerance = 1, sa_iterations = 1000, initial_temperature = 3.0, cooling_rate = 0.999
26 - INFO - chord#: 132 done. best_score=27.0, changed=530, unchanged=548, early_stops=8/8
26 - INFO - chord#: 136 In build_straw_man_chord_sa. tolerance = 1, sa_iterations = 1000, initial_temperature = 3.0, cooling_rate = 0.999
26 - INFO - chord#: 148 done. best_score=27.0, changed=527, unchanged=485, early_stops=8/8
26 - INFO - chord#: 136 done. best_score=27.0, changed=524, unchanged=350, early_stops=8/8
26 - INFO - chord#: 138 In build_straw_man_chord_sa. tolerance = 1, sa_iterations = 1000, initial_temperature = 3.0, cooling_rate = 0.999
26 - INFO - chord#: 130 done. best_score=11.0, changed=482, unchanged=385, early_stops=8/8
26 - INFO - chord#: 132 In build_straw_man_chord_sa. tolerance = 1, sa_iterations = 1000, initial_temperature = 3.0, cooling_rate = 0.999
26 - INFO - chord#: 146 done. best_score=67.0, changed=616, unchanged=523, early_stops=8/8
26 - INFO - chord#: 148 In build_straw_man_chord_sa. tolerance = 1, sa_iterations = 1000, initial_temperature = 3.0, cooling_rate = 0.999
26 - INFO - chord#: 148 done. best_score=27.0, changed=528, unchanged=337, early_stops=8/8
26 - INFO - chord#: 136 done. best_score=27.0, changed=518, unchanged=333, early_stops=8/8
26 - INFO - chord#: 138 In build_straw_man_chord_sa. tolerance = 1, sa_iterations = 1000, initial_temperature = 3.0, cooling_rate = 0.999
26 - INFO - chord#: 126 done. best_score=96.0, changed=614, unchanged=421, early_stops=8/8
26 - INFO - chord#: 128 In build_straw_man_chord_sa. tolerance = 1, sa_iterations = 1000, initial_temperature = 3.0, cooling_rate = 0.999
26 - INFO - chord#: 126 done. best_score=93.0, changed=617, unchanged=367, early_stops=8/8
26 - INFO - chord#: 128 In build_straw_man_chord_sa. tolerance = 1, sa_iterations = 1000, initial_temperature = 3.0, cooling_rate = 0.999
26 - INFO - chord#: 126 done. best_score=93.0, changed=620, unchanged=393, early_stops=8/8
26 - INFO - chord#: 128 In build_straw_man_chord_sa. tolerance = 1, sa_iterations = 1000, initial_temperature = 3.0, cooling_rate = 0.999
26 - INFO - chord#: 148 done. best_score=27.0, changed=527, unchanged=409, early_stops=8/8
26 - INFO - chord#: 132 done. best_score=27.0, changed=524, unchanged=509, early_stops=8/8
26 - INFO - chord#: 136 In build_straw_man_chord_sa. tolerance = 1, sa_iterations = 1000, initial_temperature = 3.0, cooling_rate = 0.999
26 - INFO - chord#: 138 done. best_score=82.0, changed=610, unchanged=231, early_stops=8/8
26 - INFO - chord#: 140 In build_straw_man_chord_sa. tolerance = 1, sa_iterations = 1000, initial_temperature = 3.0, cooling_rate = 0.999
26 - INFO - chord#: 128 done. best_score=27.0, changed=511, unchanged=325, early_stops=8/8
26 - INFO - chord#: 130 In build_straw_man_chord_sa. tolerance = 1, sa_iterations = 1000, initial_temperature = 3.0, cooling_rate = 0.999
26 - INFO - chord#: 128 done. best_score=27.0, changed=520, unchanged=505, early_stops=8/8
26 - INFO - chord#: 130 In build_straw_man_chord_sa. tolerance = 1, sa_iterations = 1000, initial_temperature = 3.0, cooling_rate = 0.999
26 - INFO - chord#: 128 done. best_score=27.0, changed=523, unchanged=516, early_stops=8/8
26 - INFO - chord#: 130 In build_straw_man_chord_sa. tolerance = 1, sa_iterations = 1000, initial_temperature = 3.0, cooling_rate = 0.999
26 - INFO - chord#: 130 done. best_score=11.0, changed=463, unchanged=371, early_stops=8/8
26 - INFO - chord#: 132 In build_straw_man_chord_sa. tolerance = 1, sa_iterations = 1000, initial_temperature = 3.0, cooling_rate = 0.999
26 - INFO - chord#: 136 done. best_score=27.0, changed=528, unchanged=356, early_stops=8/8
26 - INFO - chord#: 138 In build_straw_man_chord_sa. tolerance = 1, sa_iterations = 1000, initial_temperature = 3.0, cooling_rate = 0.999
26 - INFO - chord#: 138 done. best_score=82.0, changed=606, unchanged=212, early_stops=8/8
26 - INFO - chord#: 140 In build_straw_man_chord_sa. tolerance = 1, sa_iterations = 1000, initial_temperature = 3.0, cooling_rate = 0.999
26 - INFO - chord#: 130 done. best_score=11.0, changed=482, unchanged=343, early_stops=8/8
26 - INFO - chord#: 132 In build_straw_man_chord_sa. tolerance = 1, sa_iterations = 1000, initial_temperature = 3.0, cooling_rate = 0.999
26 - INFO - chord#: 130 done. best_score=11.0, changed=496, unchanged=377, early_stops=8/8
26 - INFO - chord#: 132 In build_straw_man_chord_sa. tolerance = 1, sa_iterations = 1000, initial_temperature = 3.0, cooling_rate = 0.999
26 - INFO - chord#: 140 done. best_score=31.0, changed=526, unchanged=349, early_stops=8/8
26 - INFO - chord#: 142 In build_straw_man_chord_sa. tolerance = 1, sa_iterations = 1000, initial_temperature = 3.0, cooling_rate = 0.999
26 - INFO - chord#: 142 done. best_score=7.0, changed=500, unchanged=317, early_stops=8/8
26 - INFO - chord#: 144 In build_straw_man_chord_sa. tolerance = 1, sa_iterations = 1000, initial_temperature = 3.0, cooling_rate = 0.999
26 - INFO - chord#: 140 done. best_score=31.0, changed=530, unchanged=328, early_stops=8/8
26 - INFO - chord#: 142 In build_straw_man_chord_sa. tolerance = 1, sa_iterations = 1000, initial_temperature = 3.0, cooling_rate = 0.999
26 - INFO - chord#: 132 done. best_score=27.0, changed=530, unchanged=485, early_stops=8/8
26 - INFO - chord#: 136 In build_straw_man_chord_sa. tolerance = 1, sa_iterations = 1000, initial_temperature = 3.0, cooling_rate = 0.999
26 - INFO - chord#: 142 done. best_score=7.0, changed=497, unchanged=328, early_stops=8/8
26 - INFO - chord#: 144 In build_straw_man_chord_sa. tolerance = 1, sa_iterations = 1000, initial_temperature = 3.0, cooling_rate = 0.999
26 - INFO - chord#: 132 done. best_score=27.0, changed=518, unchanged=398, early_stops=8/8
26 - INFO - chord#: 136 In build_straw_man_chord_sa. tolerance = 1, sa_iterations = 1000, initial_temperature = 3.0, cooling_rate = 0.999
26 - INFO - chord#: 132 done. best_score=27.0, changed=517, unchanged=462, early_stops=8/8
26 - INFO - chord#: 136 In build_straw_man_chord_sa. tolerance = 1, sa_iterations = 1000, initial_temperature = 3.0, cooling_rate = 0.999
26 - INFO - chord#: 144 done. best_score=27.0, changed=531, unchanged=496, early_stops=8/8
26 - INFO - chord#: 146 In build_straw_man_chord_sa. tolerance = 1, sa_iterations = 1000, initial_temperature = 3.0, cooling_rate = 0.999
26 - INFO - chord#: 136 done. best_score=27.0, changed=528, unchanged=378, early_stops=8/8
26 - INFO - chord#: 138 In build_straw_man_chord_sa. tolerance = 1, sa_iterations = 1000, initial_temperature = 3.0, cooling_rate = 0.999
26 - INFO - chord#: 144 done. best_score=27.0, changed=519, unchanged=309, early_stops=8/8
26 - INFO - chord#: 146 In build_straw_man_chord_sa. tolerance = 1, sa_iterations = 1000, initial_temperature = 3.0, cooling_rate = 0.999
26 - INFO - chord#: 136 done. best_score=27.0, changed=515, unchanged=354, early_stops=8/8
26 - INFO - chord#: 138 In build_straw_man_chord_sa. tolerance = 1, sa_iterations = 1000, initial_temperature = 3.0, cooling_rate = 0.999
26 - INFO - chord#: 136 done. best_score=27.0, changed=531, unchanged=378, early_stops=8/8
26 - INFO - chord#: 138 In build_straw_man_chord_sa. tolerance = 1, sa_iterations = 1000, initial_temperature = 3.0, cooling_rate = 0.999
26 - INFO - chord#: 138 done. best_score=82.0, changed=622, unchanged=359, early_stops=8/8
26 - INFO - chord#: 140 In build_straw_man_chord_sa. tolerance = 1, sa_iterations = 1000, initial_temperature = 3.0, cooling_rate = 0.999
26 - INFO - chord#: 140 done. best_score=31.0, changed=523, unchanged=308, early_stops=8/8
26 - INFO - chord#: 142 In build_straw_man_chord_sa. tolerance = 1, sa_iterations = 1000, initial_temperature = 3.0, cooling_rate = 0.999
26 - INFO - chord#: 142 done. best_score=7.0, changed=499, unchanged=311, early_stops=8/8
26 - INFO - chord#: 144 In build_straw_man_chord_sa. tolerance = 1, sa_iterations = 1000, initial_temperature = 3.0, cooling_rate = 0.999
26 - INFO - chord#: 138 done. best_score=120.0, changed=608, unchanged=261, early_stops=8/8
26 - INFO - chord#: 140 In build_straw_man_chord_sa. tolerance = 1, sa_iterations = 1000, initial_temperature = 3.0, cooling_rate = 0.999
26 - INFO - chord#: 138 done. best_score=82.0, changed=608, unchanged=313, early_stops=8/8
26 - INFO - chord#: 140 In build_straw_man_chord_sa. tolerance = 1, sa_iterations = 1000, initial_temperature = 3.0, cooling_rate = 0.999
26 - INFO - chord#: 146 done. best_score=67.0, changed=616, unchanged=424, early_stops=8/8
26 - INFO - chord#: 148 In build_straw_man_chord_sa. tolerance = 1, sa_iterations = 1000, initial_temperature = 3.0, cooling_rate = 0.999
26 - INFO - chord#: 146 done. best_score=96.0, changed=616, unchanged=485, early_stops=8/8
26 - INFO - chord#: 148 In build_straw_man_chord_sa. tolerance = 1, sa_iterations = 1000, initial_temperature = 3.0, cooling_rate = 0.999
26 - INFO - chord#: 144 done. best_score=27.0, changed=520, unchanged=498, early_stops=8/8
26 - INFO - chord#: 146 In build_straw_man_chord_sa. tolerance = 1, sa_iterations = 1000, initial_temperature = 3.0, cooling_rate = 0.999
26 - INFO - chord#: 138 done. best_score=82.0, changed=619, unchanged=398, early_stops=8/8
26 - INFO - chord#: 140 In build_straw_man_chord_sa. tolerance = 1, sa_iterations = 1000, initial_temperature = 3.0, cooling_rate = 0.999
26 - INFO - chord#: 140 done. best_score=31.0, changed=525, unchanged=378, early_stops=8/8
26 - INFO - chord#: 142 In build_straw_man_chord_sa. tolerance = 1, sa_iterations = 1000, initial_temperature = 3.0, cooling_rate = 0.999
26 - INFO - chord#: 140 done. best_score=31.0, changed=531, unchanged=310, early_stops=8/8
26 - INFO - chord#: 142 In build_straw_man_chord_sa. tolerance = 1, sa_iterations = 1000, initial_temperature = 3.0, cooling_rate = 0.999
26 - INFO - chord#: 142 done. best_score=7.0, changed=501, unchanged=309, early_stops=8/8
26 - INFO - chord#: 144 In build_straw_man_chord_sa. tolerance = 1, sa_iterations = 1000, initial_temperature = 3.0, cooling_rate = 0.999
26 - INFO - chord#: 142 done. best_score=7.0, changed=513, unchanged=318, early_stops=8/8
26 - INFO - chord#: 144 In build_straw_man_chord_sa. tolerance = 1, sa_iterations = 1000, initial_temperature = 3.0, cooling_rate = 0.999
26 - INFO - chord#: 148 done. best_score=27.0, changed=521, unchanged=455, early_stops=8/8
26 - INFO - chord#: 148 done. best_score=27.0, changed=523, unchanged=485, early_stops=8/8
26 - INFO - chord#: 140 done. best_score=31.0, changed=530, unchanged=420, early_stops=8/8
26 - INFO - chord#: 142 In build_straw_man_chord_sa. tolerance = 1, sa_iterations = 1000, initial_temperature = 3.0, cooling_rate = 0.999
26 - INFO - chord#: 144 done. best_score=27.0, changed=514, unchanged=334, early_stops=8/8
26 - INFO - chord#: 146 In build_straw_man_chord_sa. tolerance = 1, sa_iterations = 1000, initial_temperature = 3.0, cooling_rate = 0.999
26 - INFO - chord#: 142 done. best_score=7.0, changed=480, unchanged=340, early_stops=8/8
26 - INFO - chord#: 144 In build_straw_man_chord_sa. tolerance = 1, sa_iterations = 1000, initial_temperature = 3.0, cooling_rate = 0.999
26 - INFO - chord#: 144 done. best_score=27.0, changed=517, unchanged=348, early_stops=8/8
26 - INFO - chord#: 146 In build_straw_man_chord_sa. tolerance = 1, sa_iterations = 1000, initial_temperature = 3.0, cooling_rate = 0.999
26 - INFO - chord#: 144 done. best_score=27.0, changed=533, unchanged=533, early_stops=8/8
26 - INFO - chord#: 146 In build_straw_man_chord_sa. tolerance = 1, sa_iterations = 1000, initial_temperature = 3.0, cooling_rate = 0.999
26 - INFO - chord#: 146 done. best_score=67.0, changed=610, unchanged=394, early_stops=8/8
26 - INFO - chord#: 148 In build_straw_man_chord_sa. tolerance = 1, sa_iterations = 1000, initial_temperature = 3.0, cooling_rate = 0.999
26 - INFO - chord#: 148 done. best_score=27.0, changed=524, unchanged=398, early_stops=8/8
26 - INFO - chord#: 146 done. best_score=96.0, changed=614, unchanged=309, early_stops=8/8
26 - INFO - chord#: 148 In build_straw_man_chord_sa. tolerance = 1, sa_iterations = 1000, initial_temperature = 3.0, cooling_rate = 0.999
26 - INFO - chord#: 146 done. best_score=67.0, changed=611, unchanged=278, early_stops=8/8
26 - INFO - chord#: 148 In build_straw_man_chord_sa. tolerance = 1, sa_iterations = 1000, initial_temperature = 3.0, cooling_rate = 0.999
26 - INFO - chord#: 148 done. best_score=27.0, changed=522, unchanged=352, early_stops=8/8
26 - INFO - chord#: 148 done. best_score=27.0, changed=521, unchanged=450, early_stops=8/8
26 - INFO - chord#: 146 done. best_score=67.0, changed=618, unchanged=477, early_stops=8/8
26 - INFO - chord#: 148 In build_straw_man_chord_sa. tolerance = 1, sa_iterations = 1000, initial_temperature = 3.0, cooling_rate = 0.999
26 - INFO - chord#: 148 done. best_score=27.0, changed=533, unchanged=477, early_stops=8/8
26 - INFO - chord#: 0 In build_straw_man_chord_sa. tolerance = 1, sa_iterations = 1000, initial_temperature = 3.0, cooling_rate = 0.999
26 - INFO - chord#: 0 In build_straw_man_chord_sa. tolerance = 1, sa_iterations = 1000, initial_temperature = 3.0, cooling_rate = 0.999
26 - INFO - chord#: 0 In build_straw_man_chord_sa. tolerance = 1, sa_iterations = 1000, initial_temperature = 3.0, cooling_rate = 0.999
26 - INFO - chord#: 0 In build_straw_man_chord_sa. tolerance = 1, sa_iterations = 1000, initial_temperature = 3.0, cooling_rate = 0.999
26 - INFO - chord#: 0 In build_straw_man_chord_sa. tolerance = 1, sa_iterations = 1000, initial_temperature = 3.0, cooling_rate = 0.999
26 - INFO - chord#: 0 In build_straw_man_chord_sa. tolerance = 1, sa_iterations = 1000, initial_temperature = 3.0, cooling_rate = 0.999
26 - INFO - chord#: 0 In build_straw_man_chord_sa. tolerance = 1, sa_iterations = 1000, initial_temperature = 3.0, cooling_rate = 0.999
26 - INFO - chord#: 0 In build_straw_man_chord_sa. tolerance = 1, sa_iterations = 1000, initial_temperature = 3.0, cooling_rate = 0.999
26 - INFO - chord#: 0 In build_straw_man_chord_sa. tolerance = 1, sa_iterations = 1000, initial_temperature = 3.0, cooling_rate = 0.999
26 - INFO - chord#: 0 In build_straw_man_chord_sa. tolerance = 1, sa_iterations = 1000, initial_temperature = 3.0, cooling_rate = 0.999
26 - INFO - chord#: 0 In build_straw_man_chord_sa. tolerance = 1, sa_iterations = 1000, initial_temperature = 3.0, cooling_rate = 0.999
26 - INFO - chord#: 0 In build_straw_man_chord_sa. tolerance = 1, sa_iterations = 1000, initial_temperature = 3.0, cooling_rate = 0.999
26 - INFO - chord#: 0 done. best_score=27.0, changed=514, unchanged=337, early_stops=8/8
26 - INFO - chord#: 4 In build_straw_man_chord_sa. tolerance = 1, sa_iterations = 1000, initial_temperature = 3.0, cooling_rate = 0.999
26 - INFO - chord#: 0 done. best_score=27.0, changed=515, unchanged=325, early_stops=8/8
26 - INFO - chord#: 4 In build_straw_man_chord_sa. tolerance = 1, sa_iterations = 1000, initial_temperature = 3.0, cooling_rate = 0.999
26 - INFO - chord#: 0 done. best_score=27.0, changed=518, unchanged=379, early_stops=8/8
26 - INFO - chord#: 4 In build_straw_man_chord_sa. tolerance = 1, sa_iterations = 1000, initial_temperature = 3.0, cooling_rate = 0.999
26 - INFO - chord#: 0 done. best_score=27.0, changed=526, unchanged=388, early_stops=8/8
26 - INFO - chord#: 4 In build_straw_man_chord_sa. tolerance = 1, sa_iterations = 1000, initial_temperature = 3.0, cooling_rate = 0.999
26 - INFO - chord#: 0 done. best_score=27.0, changed=523, unchanged=404, early_stops=8/8
26 - INFO - chord#: 4 In build_straw_man_chord_sa. tolerance = 1, sa_iterations = 1000, initial_temperature = 3.0, cooling_rate = 0.999
26 - INFO - chord#: 0 done. best_score=27.0, changed=513, unchanged=345, early_stops=8/8
26 - INFO - chord#: 4 In build_straw_man_chord_sa. tolerance = 1, sa_iterations = 1000, initial_temperature = 3.0, cooling_rate = 0.999
26 - INFO - chord#: 0 done. best_score=27.0, changed=521, unchanged=340, early_stops=8/8
26 - INFO - chord#: 4 In build_straw_man_chord_sa. tolerance = 1, sa_iterations = 1000, initial_temperature = 3.0, cooling_rate = 0.999
26 - INFO - chord#: 0 done. best_score=27.0, changed=513, unchanged=368, early_stops=8/8
26 - INFO - chord#: 4 In build_straw_man_chord_sa. tolerance = 1, sa_iterations = 1000, initial_temperature = 3.0, cooling_rate = 0.999
26 - INFO - chord#: 0 done. best_score=27.0, changed=526, unchanged=454, early_stops=8/8
26 - INFO - chord#: 4 In build_straw_man_chord_sa. tolerance = 1, sa_iterations = 1000, initial_temperature = 3.0, cooling_rate = 0.999
26 - INFO - chord#: 0 done. best_score=27.0, changed=514, unchanged=378, early_stops=8/8
26 - INFO - chord#: 4 In build_straw_man_chord_sa. tolerance = 1, sa_iterations = 1000, initial_temperature = 3.0, cooling_rate = 0.999
26 - INFO - chord#: 0 done. best_score=27.0, changed=525, unchanged=481, early_stops=8/8
26 - INFO - chord#: 4 In build_straw_man_chord_sa. tolerance = 1, sa_iterations = 1000, initial_temperature = 3.0, cooling_rate = 0.999
26 - INFO - chord#: 0 done. best_score=27.0, changed=524, unchanged=503, early_stops=8/8
26 - INFO - chord#: 4 In build_straw_man_chord_sa. tolerance = 1, sa_iterations = 1000, initial_temperature = 3.0, cooling_rate = 0.999
26 - INFO - chord#: 4 done. best_score=27.0, changed=526, unchanged=304, early_stops=8/8
26 - INFO - chord#: 6 In build_straw_man_chord_sa. tolerance = 1, sa_iterations = 1000, initial_temperature = 3.0, cooling_rate = 0.999
26 - INFO - chord#: 4 done. best_score=27.0, changed=536, unchanged=300, early_stops=8/8
26 - INFO - chord#: 6 In build_straw_man_chord_sa. tolerance = 1, sa_iterations = 1000, initial_temperature = 3.0, cooling_rate = 0.999
26 - INFO - chord#: 4 done. best_score=27.0, changed=525, unchanged=430, early_stops=8/8
26 - INFO - chord#: 6 In build_straw_man_chord_sa. tolerance = 1, sa_iterations = 1000, initial_temperature = 3.0, cooling_rate = 0.999
26 - INFO - chord#: 4 done. best_score=27.0, changed=526, unchanged=373, early_stops=8/8
26 - INFO - chord#: 6 In build_straw_man_chord_sa. tolerance = 1, sa_iterations = 1000, initial_temperature = 3.0, cooling_rate = 0.999
26 - INFO - chord#: 4 done. best_score=27.0, changed=533, unchanged=374, early_stops=8/8
26 - INFO - chord#: 6 In build_straw_man_chord_sa. tolerance = 1, sa_iterations = 1000, initial_temperature = 3.0, cooling_rate = 0.999
26 - INFO - chord#: 4 done. best_score=27.0, changed=529, unchanged=327, early_stops=8/8
26 - INFO - chord#: 6 In build_straw_man_chord_sa. tolerance = 1, sa_iterations = 1000, initial_temperature = 3.0, cooling_rate = 0.999
26 - INFO - chord#: 4 done. best_score=27.0, changed=519, unchanged=382, early_stops=8/8
26 - INFO - chord#: 6 In build_straw_man_chord_sa. tolerance = 1, sa_iterations = 1000, initial_temperature = 3.0, cooling_rate = 0.999
26 - INFO - chord#: 4 done. best_score=27.0, changed=524, unchanged=313, early_stops=8/8
26 - INFO - chord#: 6 In build_straw_man_chord_sa. tolerance = 1, sa_iterations = 1000, initial_temperature = 3.0, cooling_rate = 0.999
26 - INFO - chord#: 4 done. best_score=27.0, changed=515, unchanged=316, early_stops=8/8
26 - INFO - chord#: 6 In build_straw_man_chord_sa. tolerance = 1, sa_iterations = 1000, initial_temperature = 3.0, cooling_rate = 0.999
26 - INFO - chord#: 4 done. best_score=27.0, changed=529, unchanged=351, early_stops=8/8
26 - INFO - chord#: 6 In build_straw_man_chord_sa. tolerance = 1, sa_iterations = 1000, initial_temperature = 3.0, cooling_rate = 0.999
26 - INFO - chord#: 4 done. best_score=27.0, changed=525, unchanged=351, early_stops=8/8
26 - INFO - chord#: 6 In build_straw_man_chord_sa. tolerance = 1, sa_iterations = 1000, initial_temperature = 3.0, cooling_rate = 0.999
26 - INFO - chord#: 4 done. best_score=27.0, changed=521, unchanged=293, early_stops=8/8
26 - INFO - chord#: 6 In build_straw_man_chord_sa. tolerance = 1, sa_iterations = 1000, initial_temperature = 3.0, cooling_rate = 0.999
26 - INFO - chord#: 6 done. best_score=31.0, changed=535, unchanged=301, early_stops=8/8
26 - INFO - chord#: 8 In build_straw_man_chord_sa. tolerance = 1, sa_iterations = 1000, initial_temperature = 3.0, cooling_rate = 0.999
26 - INFO - chord#: 6 done. best_score=31.0, changed=530, unchanged=295, early_stops=8/8
26 - INFO - chord#: 8 In build_straw_man_chord_sa. tolerance = 1, sa_iterations = 1000, initial_temperature = 3.0, cooling_rate = 0.999
26 - INFO - chord#: 6 done. best_score=31.0, changed=526, unchanged=305, early_stops=8/8
26 - INFO - chord#: 8 In build_straw_man_chord_sa. tolerance = 1, sa_iterations = 1000, initial_temperature = 3.0, cooling_rate = 0.999
26 - INFO - chord#: 6 done. best_score=31.0, changed=526, unchanged=323, early_stops=8/8
26 - INFO - chord#: 8 In build_straw_man_chord_sa. tolerance = 1, sa_iterations = 1000, initial_temperature = 3.0, cooling_rate = 0.999
26 - INFO - chord#: 6 done. best_score=31.0, changed=537, unchanged=380, early_stops=8/8
26 - INFO - chord#: 8 In build_straw_man_chord_sa. tolerance = 1, sa_iterations = 1000, initial_temperature = 3.0, cooling_rate = 0.999
26 - INFO - chord#: 6 done. best_score=31.0, changed=540, unchanged=320, early_stops=8/8
26 - INFO - chord#: 8 In build_straw_man_chord_sa. tolerance = 1, sa_iterations = 1000, initial_temperature = 3.0, cooling_rate = 0.999
26 - INFO - chord#: 6 done. best_score=31.0, changed=517, unchanged=295, early_stops=8/8
26 - INFO - chord#: 8 In build_straw_man_chord_sa. tolerance = 1, sa_iterations = 1000, initial_temperature = 3.0, cooling_rate = 0.999
26 - INFO - chord#: 6 done. best_score=31.0, changed=527, unchanged=286, early_stops=8/8
26 - INFO - chord#: 8 In build_straw_man_chord_sa. tolerance = 1, sa_iterations = 1000, initial_temperature = 3.0, cooling_rate = 0.999
26 - INFO - chord#: 6 done. best_score=31.0, changed=521, unchanged=331, early_stops=8/8
26 - INFO - chord#: 8 In build_straw_man_chord_sa. tolerance = 1, sa_iterations = 1000, initial_temperature = 3.0, cooling_rate = 0.999
26 - INFO - chord#: 6 done. best_score=31.0, changed=536, unchanged=300, early_stops=8/8
26 - INFO - chord#: 8 In build_straw_man_chord_sa. tolerance = 1, sa_iterations = 1000, initial_temperature = 3.0, cooling_rate = 0.999
26 - INFO - chord#: 6 done. best_score=31.0, changed=531, unchanged=382, early_stops=8/8
26 - INFO - chord#: 8 In build_straw_man_chord_sa. tolerance = 1, sa_iterations = 1000, initial_temperature = 3.0, cooling_rate = 0.999
26 - INFO - chord#: 6 done. best_score=31.0, changed=516, unchanged=297, early_stops=8/8
26 - INFO - chord#: 8 In build_straw_man_chord_sa. tolerance = 1, sa_iterations = 1000, initial_temperature = 3.0, cooling_rate = 0.999
26 - INFO - chord#: 8 done. best_score=27.0, changed=509, unchanged=364, early_stops=8/8
26 - INFO - chord#: 12 In build_straw_man_chord_sa. tolerance = 1, sa_iterations = 1000, initial_temperature = 3.0, cooling_rate = 0.999
26 - INFO - chord#: 8 done. best_score=27.0, changed=513, unchanged=373, early_stops=8/8
26 - INFO - chord#: 12 In build_straw_man_chord_sa. tolerance = 1, sa_iterations = 1000, initial_temperature = 3.0, cooling_rate = 0.999
26 - INFO - chord#: 8 done. best_score=27.0, changed=519, unchanged=365, early_stops=8/8
26 - INFO - chord#: 12 In build_straw_man_chord_sa. tolerance = 1, sa_iterations = 1000, initial_temperature = 3.0, cooling_rate = 0.999
26 - INFO - chord#: 8 done. best_score=27.0, changed=517, unchanged=451, early_stops=8/8
26 - INFO - chord#: 12 In build_straw_man_chord_sa. tolerance = 1, sa_iterations = 1000, initial_temperature = 3.0, cooling_rate = 0.999
26 - INFO - chord#: 8 done. best_score=27.0, changed=523, unchanged=489, early_stops=8/8
26 - INFO - chord#: 12 In build_straw_man_chord_sa. tolerance = 1, sa_iterations = 1000, initial_temperature = 3.0, cooling_rate = 0.999
26 - INFO - chord#: 12 done. best_score=27.0, changed=529, unchanged=403, early_stops=8/8
26 - INFO - chord#: 16 In build_straw_man_chord_sa. tolerance = 1, sa_iterations = 1000, initial_temperature = 3.0, cooling_rate = 0.999
26 - INFO - chord#: 8 done. best_score=27.0, changed=521, unchanged=355, early_stops=8/8
26 - INFO - chord#: 12 In build_straw_man_chord_sa. tolerance = 1, sa_iterations = 1000, initial_temperature = 3.0, cooling_rate = 0.999
26 - INFO - chord#: 12 done. best_score=27.0, changed=516, unchanged=329, early_stops=8/8
26 - INFO - chord#: 16 In build_straw_man_chord_sa. tolerance = 1, sa_iterations = 1000, initial_temperature = 3.0, cooling_rate = 0.999
26 - INFO - chord#: 8 done. best_score=27.0, changed=517, unchanged=434, early_stops=8/8
26 - INFO - chord#: 12 In build_straw_man_chord_sa. tolerance = 1, sa_iterations = 1000, initial_temperature = 3.0, cooling_rate = 0.999
26 - INFO - chord#: 8 done. best_score=27.0, changed=514, unchanged=409, early_stops=8/8
26 - INFO - chord#: 12 In build_straw_man_chord_sa. tolerance = 1, sa_iterations = 1000, initial_temperature = 3.0, cooling_rate = 0.999
26 - INFO - chord#: 12 done. best_score=27.0, changed=522, unchanged=429, early_stops=8/8
26 - INFO - chord#: 16 In build_straw_man_chord_sa. tolerance = 1, sa_iterations = 1000, initial_temperature = 3.0, cooling_rate = 0.999
26 - INFO - chord#: 8 done. best_score=27.0, changed=524, unchanged=442, early_stops=8/8
26 - INFO - chord#: 8 done. best_score=27.0, changed=526, unchanged=554, early_stops=8/8
26 - INFO - chord#: 12 In build_straw_man_chord_sa. tolerance = 1, sa_iterations = 1000, initial_temperature = 3.0, cooling_rate = 0.999
26 - INFO - chord#: 12 In build_straw_man_chord_sa. tolerance = 1, sa_iterations = 1000, initial_temperature = 3.0, cooling_rate = 0.999
26 - INFO - chord#: 12 done. best_score=27.0, changed=528, unchanged=505, early_stops=8/8
26 - INFO - chord#: 16 In build_straw_man_chord_sa. tolerance = 1, sa_iterations = 1000, initial_temperature = 3.0, cooling_rate = 0.999
26 - INFO - chord#: 8 done. best_score=27.0, changed=523, unchanged=405, early_stops=8/8
26 - INFO - chord#: 12 In build_straw_man_chord_sa. tolerance = 1, sa_iterations = 1000, initial_temperature = 3.0, cooling_rate = 0.999
26 - INFO - chord#: 8 done. best_score=27.0, changed=522, unchanged=387, early_stops=8/8
26 - INFO - chord#: 12 In build_straw_man_chord_sa. tolerance = 1, sa_iterations = 1000, initial_temperature = 3.0, cooling_rate = 0.999
26 - INFO - chord#: 12 done. best_score=27.0, changed=520, unchanged=349, early_stops=8/8
26 - INFO - chord#: 16 In build_straw_man_chord_sa. tolerance = 1, sa_iterations = 1000, initial_temperature = 3.0, cooling_rate = 0.999
26 - INFO - chord#: 16 done. best_score=35.0, changed=527, unchanged=379, early_stops=8/8
26 - INFO - chord#: 18 In build_straw_man_chord_sa. tolerance = 1, sa_iterations = 1000, initial_temperature = 3.0, cooling_rate = 0.999
26 - INFO - chord#: 16 done. best_score=35.0, changed=523, unchanged=389, early_stops=8/8
26 - INFO - chord#: 18 In build_straw_man_chord_sa. tolerance = 1, sa_iterations = 1000, initial_temperature = 3.0, cooling_rate = 0.999
26 - INFO - chord#: 16 done. best_score=35.0, changed=526, unchanged=347, early_stops=8/8
26 - INFO - chord#: 18 In build_straw_man_chord_sa. tolerance = 1, sa_iterations = 1000, initial_temperature = 3.0, cooling_rate = 0.999
26 - INFO - chord#: 16 done. best_score=35.0, changed=521, unchanged=429, early_stops=8/8
26 - INFO - chord#: 18 In build_straw_man_chord_sa. tolerance = 1, sa_iterations = 1000, initial_temperature = 3.0, cooling_rate = 0.999
26 - INFO - chord#: 12 done. best_score=27.0, changed=529, unchanged=500, early_stops=8/8
26 - INFO - chord#: 16 In build_straw_man_chord_sa. tolerance = 1, sa_iterations = 1000, initial_temperature = 3.0, cooling_rate = 0.999
26 - INFO - chord#: 12 done. best_score=27.0, changed=525, unchanged=350, early_stops=8/8
26 - INFO - chord#: 16 In build_straw_man_chord_sa. tolerance = 1, sa_iterations = 1000, initial_temperature = 3.0, cooling_rate = 0.999
26 - INFO - chord#: 12 done. best_score=27.0, changed=518, unchanged=363, early_stops=8/8
26 - INFO - chord#: 16 In build_straw_man_chord_sa. tolerance = 1, sa_iterations = 1000, initial_temperature = 3.0, cooling_rate = 0.999
26 - INFO - chord#: 16 done. best_score=35.0, changed=523, unchanged=343, early_stops=8/8
26 - INFO - chord#: 18 In build_straw_man_chord_sa. tolerance = 1, sa_iterations = 1000, initial_temperature = 3.0, cooling_rate = 0.999
26 - INFO - chord#: 12 done. best_score=27.0, changed=520, unchanged=385, early_stops=8/8
26 - INFO - chord#: 16 In build_straw_man_chord_sa. tolerance = 1, sa_iterations = 1000, initial_temperature = 3.0, cooling_rate = 0.999
26 - INFO - chord#: 12 done. best_score=27.0, changed=518, unchanged=388, early_stops=8/8
26 - INFO - chord#: 16 In build_straw_man_chord_sa. tolerance = 1, sa_iterations = 1000, initial_temperature = 3.0, cooling_rate = 0.999
26 - INFO - chord#: 12 done. best_score=27.0, changed=518, unchanged=329, early_stops=8/8
26 - INFO - chord#: 16 In build_straw_man_chord_sa. tolerance = 1, sa_iterations = 1000, initial_temperature = 3.0, cooling_rate = 0.999
26 - INFO - chord#: 12 done. best_score=27.0, changed=523, unchanged=443, early_stops=8/8
26 - INFO - chord#: 16 In build_straw_man_chord_sa. tolerance = 1, sa_iterations = 1000, initial_temperature = 3.0, cooling_rate = 0.999
26 - INFO - chord#: 18 done. best_score=36.0, changed=521, unchanged=301, early_stops=8/8
26 - INFO - chord#: 20 In build_straw_man_chord_sa. tolerance = 1, sa_iterations = 1000, initial_temperature = 3.0, cooling_rate = 0.999
26 - INFO - chord#: 18 done. best_score=36.0, changed=532, unchanged=348, early_stops=8/8
26 - INFO - chord#: 20 In build_straw_man_chord_sa. tolerance = 1, sa_iterations = 1000, initial_temperature = 3.0, cooling_rate = 0.999
26 - INFO - chord#: 18 done. best_score=36.0, changed=524, unchanged=400, early_stops=8/8
26 - INFO - chord#: 20 In build_straw_man_chord_sa. tolerance = 1, sa_iterations = 1000, initial_temperature = 3.0, cooling_rate = 0.999
26 - INFO - chord#: 18 done. best_score=36.0, changed=529, unchanged=372, early_stops=8/8
26 - INFO - chord#: 20 In build_straw_man_chord_sa. tolerance = 1, sa_iterations = 1000, initial_temperature = 3.0, cooling_rate = 0.999
26 - INFO - chord#: 18 done. best_score=36.0, changed=525, unchanged=333, early_stops=8/8
26 - INFO - chord#: 20 In build_straw_man_chord_sa. tolerance = 1, sa_iterations = 1000, initial_temperature = 3.0, cooling_rate = 0.999
26 - INFO - chord#: 16 done. best_score=35.0, changed=523, unchanged=329, early_stops=8/8
26 - INFO - chord#: 18 In build_straw_man_chord_sa. tolerance = 1, sa_iterations = 1000, initial_temperature = 3.0, cooling_rate = 0.999
26 - INFO - chord#: 16 done. best_score=35.0, changed=526, unchanged=455, early_stops=8/8
26 - INFO - chord#: 18 In build_straw_man_chord_sa. tolerance = 1, sa_iterations = 1000, initial_temperature = 3.0, cooling_rate = 0.999
26 - INFO - chord#: 16 done. best_score=35.0, changed=526, unchanged=456, early_stops=8/8
26 - INFO - chord#: 18 In build_straw_man_chord_sa. tolerance = 1, sa_iterations = 1000, initial_temperature = 3.0, cooling_rate = 0.999
26 - INFO - chord#: 16 done. best_score=35.0, changed=522, unchanged=329, early_stops=8/8
26 - INFO - chord#: 16 done. best_score=35.0, changed=519, unchanged=316, early_stops=8/8
26 - INFO - chord#: 18 In build_straw_man_chord_sa. tolerance = 1, sa_iterations = 1000, initial_temperature = 3.0, cooling_rate = 0.999
26 - INFO - chord#: 18 In build_straw_man_chord_sa. tolerance = 1, sa_iterations = 1000, initial_temperature = 3.0, cooling_rate = 0.999
26 - INFO - chord#: 16 done. best_score=35.0, changed=520, unchanged=414, early_stops=8/8
26 - INFO - chord#: 18 In build_straw_man_chord_sa. tolerance = 1, sa_iterations = 1000, initial_temperature = 3.0, cooling_rate = 0.999
26 - INFO - chord#: 16 done. best_score=35.0, changed=526, unchanged=365, early_stops=8/8
26 - INFO - chord#: 18 In build_straw_man_chord_sa. tolerance = 1, sa_iterations = 1000, initial_temperature = 3.0, cooling_rate = 0.999
26 - INFO - chord#: 20 done. best_score=27.0, changed=531, unchanged=452, early_stops=8/8
26 - INFO - chord#: 22 In build_straw_man_chord_sa. tolerance = 1, sa_iterations = 1000, initial_temperature = 3.0, cooling_rate = 0.999
26 - INFO - chord#: 20 done. best_score=27.0, changed=528, unchanged=500, early_stops=8/8
26 - INFO - chord#: 22 In build_straw_man_chord_sa. tolerance = 1, sa_iterations = 1000, initial_temperature = 3.0, cooling_rate = 0.999
26 - INFO - chord#: 20 done. best_score=27.0, changed=523, unchanged=379, early_stops=8/8
26 - INFO - chord#: 22 In build_straw_man_chord_sa. tolerance = 1, sa_iterations = 1000, initial_temperature = 3.0, cooling_rate = 0.999
26 - INFO - chord#: 18 done. best_score=36.0, changed=523, unchanged=397, early_stops=8/8
26 - INFO - chord#: 20 In build_straw_man_chord_sa. tolerance = 1, sa_iterations = 1000, initial_temperature = 3.0, cooling_rate = 0.999
26 - INFO - chord#: 20 done. best_score=27.0, changed=517, unchanged=360, early_stops=8/8
26 - INFO - chord#: 22 In build_straw_man_chord_sa. tolerance = 1, sa_iterations = 1000, initial_temperature = 3.0, cooling_rate = 0.999
26 - INFO - chord#: 20 done. best_score=27.0, changed=518, unchanged=447, early_stops=8/8
26 - INFO - chord#: 22 In build_straw_man_chord_sa. tolerance = 1, sa_iterations = 1000, initial_temperature = 3.0, cooling_rate = 0.999
26 - INFO - chord#: 18 done. best_score=36.0, changed=536, unchanged=466, early_stops=8/8
26 - INFO - chord#: 20 In build_straw_man_chord_sa. tolerance = 1, sa_iterations = 1000, initial_temperature = 3.0, cooling_rate = 0.999
26 - INFO - chord#: 18 done. best_score=36.0, changed=535, unchanged=479, early_stops=8/8
26 - INFO - chord#: 20 In build_straw_man_chord_sa. tolerance = 1, sa_iterations = 1000, initial_temperature = 3.0, cooling_rate = 0.999
26 - INFO - chord#: 18 done. best_score=36.0, changed=527, unchanged=432, early_stops=8/8
26 - INFO - chord#: 20 In build_straw_man_chord_sa. tolerance = 1, sa_iterations = 1000, initial_temperature = 3.0, cooling_rate = 0.999
26 - INFO - chord#: 18 done. best_score=36.0, changed=525, unchanged=499, early_stops=8/8
26 - INFO - chord#: 20 In build_straw_man_chord_sa. tolerance = 1, sa_iterations = 1000, initial_temperature = 3.0, cooling_rate = 0.999
26 - INFO - chord#: 18 done. best_score=36.0, changed=534, unchanged=416, early_stops=8/8
26 - INFO - chord#: 20 In build_straw_man_chord_sa. tolerance = 1, sa_iterations = 1000, initial_temperature = 3.0, cooling_rate = 0.999
26 - INFO - chord#: 18 done. best_score=27.0, changed=532, unchanged=450, early_stops=8/8
26 - INFO - chord#: 20 In build_straw_man_chord_sa. tolerance = 1, sa_iterations = 1000, initial_temperature = 3.0, cooling_rate = 0.999
26 - INFO - chord#: 20 done. best_score=27.0, changed=512, unchanged=392, early_stops=8/8
26 - INFO - chord#: 22 In build_straw_man_chord_sa. tolerance = 1, sa_iterations = 1000, initial_temperature = 3.0, cooling_rate = 0.999
26 - INFO - chord#: 20 done. best_score=27.0, changed=530, unchanged=416, early_stops=8/8
26 - INFO - chord#: 22 In build_straw_man_chord_sa. tolerance = 1, sa_iterations = 1000, initial_temperature = 3.0, cooling_rate = 0.999
26 - INFO - chord#: 20 done. best_score=27.0, changed=522, unchanged=423, early_stops=8/8
26 - INFO - chord#: 22 In build_straw_man_chord_sa. tolerance = 1, sa_iterations = 1000, initial_temperature = 3.0, cooling_rate = 0.999
26 - INFO - chord#: 20 done. best_score=27.0, changed=528, unchanged=368, early_stops=8/8
26 - INFO - chord#: 22 In build_straw_man_chord_sa. tolerance = 1, sa_iterations = 1000, initial_temperature = 3.0, cooling_rate = 0.999
26 - INFO - chord#: 20 done. best_score=27.0, changed=516, unchanged=314, early_stops=8/8
26 - INFO - chord#: 22 In build_straw_man_chord_sa. tolerance = 1, sa_iterations = 1000, initial_temperature = 3.0, cooling_rate = 0.999
26 - INFO - chord#: 20 done. best_score=27.0, changed=527, unchanged=330, early_stops=8/8
26 - INFO - chord#: 22 In build_straw_man_chord_sa. tolerance = 1, sa_iterations = 1000, initial_temperature = 3.0, cooling_rate = 0.999
26 - INFO - chord#: 22 done. best_score=74.0, changed=612, unchanged=339, early_stops=8/8
26 - INFO - chord#: 24 In build_straw_man_chord_sa. tolerance = 1, sa_iterations = 1000, initial_temperature = 3.0, cooling_rate = 0.999
26 - INFO - chord#: 20 done. best_score=27.0, changed=521, unchanged=334, early_stops=8/8
26 - INFO - chord#: 22 In build_straw_man_chord_sa. tolerance = 1, sa_iterations = 1000, initial_temperature = 3.0, cooling_rate = 0.999
26 - INFO - chord#: 22 done. best_score=74.0, changed=610, unchanged=311, early_stops=8/8
26 - INFO - chord#: 24 In build_straw_man_chord_sa. tolerance = 1, sa_iterations = 1000, initial_temperature = 3.0, cooling_rate = 0.999
26 - INFO - chord#: 22 done. best_score=96.0, changed=615, unchanged=348, early_stops=8/8
26 - INFO - chord#: 24 In build_straw_man_chord_sa. tolerance = 1, sa_iterations = 1000, initial_temperature = 3.0, cooling_rate = 0.999
26 - INFO - chord#: 22 done. best_score=74.0, changed=612, unchanged=399, early_stops=8/8
26 - INFO - chord#: 24 In build_straw_man_chord_sa. tolerance = 1, sa_iterations = 1000, initial_temperature = 3.0, cooling_rate = 0.999
26 - INFO - chord#: 22 done. best_score=74.0, changed=613, unchanged=228, early_stops=8/8
26 - INFO - chord#: 24 In build_straw_man_chord_sa. tolerance = 1, sa_iterations = 1000, initial_temperature = 3.0, cooling_rate = 0.999
26 - INFO - chord#: 24 done. best_score=27.0, changed=521, unchanged=404, early_stops=8/8
26 - INFO - chord#: 28 In build_straw_man_chord_sa. tolerance = 1, sa_iterations = 1000, initial_temperature = 3.0, cooling_rate = 0.999
26 - INFO - chord#: 24 done. best_score=27.0, changed=525, unchanged=483, early_stops=8/8
26 - INFO - chord#: 28 In build_straw_man_chord_sa. tolerance = 1, sa_iterations = 1000, initial_temperature = 3.0, cooling_rate = 0.999
26 - INFO - chord#: 24 done. best_score=27.0, changed=516, unchanged=349, early_stops=8/8
26 - INFO - chord#: 28 In build_straw_man_chord_sa. tolerance = 1, sa_iterations = 1000, initial_temperature = 3.0, cooling_rate = 0.999
26 - INFO - chord#: 22 done. best_score=74.0, changed=618, unchanged=421, early_stops=8/8
26 - INFO - chord#: 24 In build_straw_man_chord_sa. tolerance = 1, sa_iterations = 1000, initial_temperature = 3.0, cooling_rate = 0.999
26 - INFO - chord#: 24 done. best_score=27.0, changed=523, unchanged=355, early_stops=8/8
26 - INFO - chord#: 28 In build_straw_man_chord_sa. tolerance = 1, sa_iterations = 1000, initial_temperature = 3.0, cooling_rate = 0.999
26 - INFO - chord#: 24 done. best_score=27.0, changed=518, unchanged=414, early_stops=8/8
26 - INFO - chord#: 28 In build_straw_man_chord_sa. tolerance = 1, sa_iterations = 1000, initial_temperature = 3.0, cooling_rate = 0.999
26 - INFO - chord#: 28 done. best_score=27.0, changed=515, unchanged=405, early_stops=8/8
26 - INFO - chord#: 32 In build_straw_man_chord_sa. tolerance = 1, sa_iterations = 1000, initial_temperature = 3.0, cooling_rate = 0.999
26 - INFO - chord#: 28 done. best_score=27.0, changed=524, unchanged=435, early_stops=8/8
26 - INFO - chord#: 32 In build_straw_man_chord_sa. tolerance = 1, sa_iterations = 1000, initial_temperature = 3.0, cooling_rate = 0.999
26 - INFO - chord#: 28 done. best_score=27.0, changed=521, unchanged=336, early_stops=8/8
26 - INFO - chord#: 32 In build_straw_man_chord_sa. tolerance = 1, sa_iterations = 1000, initial_temperature = 3.0, cooling_rate = 0.999
26 - INFO - chord#: 22 done. best_score=96.0, changed=611, unchanged=267, early_stops=8/8
26 - INFO - chord#: 24 In build_straw_man_chord_sa. tolerance = 1, sa_iterations = 1000, initial_temperature = 3.0, cooling_rate = 0.999
26 - INFO - chord#: 22 done. best_score=96.0, changed=615, unchanged=353, early_stops=8/8
26 - INFO - chord#: 24 In build_straw_man_chord_sa. tolerance = 1, sa_iterations = 1000, initial_temperature = 3.0, cooling_rate = 0.999
26 - INFO - chord#: 24 done. best_score=27.0, changed=515, unchanged=411, early_stops=8/8
26 - INFO - chord#: 28 In build_straw_man_chord_sa. tolerance = 1, sa_iterations = 1000, initial_temperature = 3.0, cooling_rate = 0.999
26 - INFO - chord#: 22 done. best_score=121.0, changed=613, unchanged=319, early_stops=8/8
26 - INFO - chord#: 24 In build_straw_man_chord_sa. tolerance = 1, sa_iterations = 1000, initial_temperature = 3.0, cooling_rate = 0.999
26 - INFO - chord#: 22 done. best_score=74.0, changed=616, unchanged=466, early_stops=8/8
26 - INFO - chord#: 24 In build_straw_man_chord_sa. tolerance = 1, sa_iterations = 1000, initial_temperature = 3.0, cooling_rate = 0.999
26 - INFO - chord#: 22 done. best_score=74.0, changed=616, unchanged=356, early_stops=8/8
26 - INFO - chord#: 24 In build_straw_man_chord_sa. tolerance = 1, sa_iterations = 1000, initial_temperature = 3.0, cooling_rate = 0.999
26 - INFO - chord#: 22 done. best_score=96.0, changed=612, unchanged=323, early_stops=8/8
26 - INFO - chord#: 24 In build_straw_man_chord_sa. tolerance = 1, sa_iterations = 1000, initial_temperature = 3.0, cooling_rate = 0.999
26 - INFO - chord#: 28 done. best_score=27.0, changed=523, unchanged=405, early_stops=8/8
26 - INFO - chord#: 32 In build_straw_man_chord_sa. tolerance = 1, sa_iterations = 1000, initial_temperature = 3.0, cooling_rate = 0.999
26 - INFO - chord#: 28 done. best_score=27.0, changed=522, unchanged=428, early_stops=8/8
26 - INFO - chord#: 32 In build_straw_man_chord_sa. tolerance = 1, sa_iterations = 1000, initial_temperature = 3.0, cooling_rate = 0.999
26 - INFO - chord#: 32 done. best_score=27.0, changed=520, unchanged=376, early_stops=8/8
26 - INFO - chord#: 36 In build_straw_man_chord_sa. tolerance = 1, sa_iterations = 1000, initial_temperature = 3.0, cooling_rate = 0.999
26 - INFO - chord#: 32 done. best_score=27.0, changed=521, unchanged=387, early_stops=8/8
26 - INFO - chord#: 36 In build_straw_man_chord_sa. tolerance = 1, sa_iterations = 1000, initial_temperature = 3.0, cooling_rate = 0.999
26 - INFO - chord#: 32 done. best_score=27.0, changed=523, unchanged=379, early_stops=8/8
26 - INFO - chord#: 36 In build_straw_man_chord_sa. tolerance = 1, sa_iterations = 1000, initial_temperature = 3.0, cooling_rate = 0.999
26 - INFO - chord#: 24 done. best_score=27.0, changed=516, unchanged=358, early_stops=8/8
26 - INFO - chord#: 28 In build_straw_man_chord_sa. tolerance = 1, sa_iterations = 1000, initial_temperature = 3.0, cooling_rate = 0.999
26 - INFO - chord#: 24 done. best_score=27.0, changed=523, unchanged=417, early_stops=8/8
26 - INFO - chord#: 28 In build_straw_man_chord_sa. tolerance = 1, sa_iterations = 1000, initial_temperature = 3.0, cooling_rate = 0.999
26 - INFO - chord#: 24 done. best_score=27.0, changed=524, unchanged=347, early_stops=8/8
26 - INFO - chord#: 28 In build_straw_man_chord_sa. tolerance = 1, sa_iterations = 1000, initial_temperature = 3.0, cooling_rate = 0.999
26 - INFO - chord#: 28 done. best_score=27.0, changed=522, unchanged=419, early_stops=8/8
26 - INFO - chord#: 32 In build_straw_man_chord_sa. tolerance = 1, sa_iterations = 1000, initial_temperature = 3.0, cooling_rate = 0.999
26 - INFO - chord#: 24 done. best_score=27.0, changed=521, unchanged=420, early_stops=8/8
26 - INFO - chord#: 36 done. best_score=27.0, changed=530, unchanged=399, early_stops=8/8
26 - INFO - chord#: 28 In build_straw_man_chord_sa. tolerance = 1, sa_iterations = 1000, initial_temperature = 3.0, cooling_rate = 0.999
26 - INFO - chord#: 38 In build_straw_man_chord_sa. tolerance = 1, sa_iterations = 1000, initial_temperature = 3.0, cooling_rate = 0.999
26 - INFO - chord#: 32 done. best_score=27.0, changed=519, unchanged=359, early_stops=8/8
26 - INFO - chord#: 36 In build_straw_man_chord_sa. tolerance = 1, sa_iterations = 1000, initial_temperature = 3.0, cooling_rate = 0.999
26 - INFO - chord#: 36 done. best_score=27.0, changed=530, unchanged=405, early_stops=8/8
26 - INFO - chord#: 38 In build_straw_man_chord_sa. tolerance = 1, sa_iterations = 1000, initial_temperature = 3.0, cooling_rate = 0.999
26 - INFO - chord#: 24 done. best_score=27.0, changed=521, unchanged=424, early_stops=8/8
26 - INFO - chord#: 28 In build_straw_man_chord_sa. tolerance = 1, sa_iterations = 1000, initial_temperature = 3.0, cooling_rate = 0.999
26 - INFO - chord#: 28 done. best_score=27.0, changed=523, unchanged=351, early_stops=8/8
26 - INFO - chord#: 28 done. best_score=27.0, changed=520, unchanged=472, early_stops=8/8
26 - INFO - chord#: 32 In build_straw_man_chord_sa. tolerance = 1, sa_iterations = 1000, initial_temperature = 3.0, cooling_rate = 0.999
26 - INFO - chord#: 32 In build_straw_man_chord_sa. tolerance = 1, sa_iterations = 1000, initial_temperature = 3.0, cooling_rate = 0.999
26 - INFO - chord#: 24 done. best_score=27.0, changed=532, unchanged=569, early_stops=8/8
26 - INFO - chord#: 28 In build_straw_man_chord_sa. tolerance = 1, sa_iterations = 1000, initial_temperature = 3.0, cooling_rate = 0.999
26 - INFO - chord#: 36 done. best_score=27.0, changed=520, unchanged=353, early_stops=8/8
26 - INFO - chord#: 38 In build_straw_man_chord_sa. tolerance = 1, sa_iterations = 1000, initial_temperature = 3.0, cooling_rate = 0.999
26 - INFO - chord#: 32 done. best_score=27.0, changed=521, unchanged=414, early_stops=8/8
26 - INFO - chord#: 36 In build_straw_man_chord_sa. tolerance = 1, sa_iterations = 1000, initial_temperature = 3.0, cooling_rate = 0.999
26 - INFO - chord#: 32 done. best_score=27.0, changed=521, unchanged=437, early_stops=8/8
26 - INFO - chord#: 36 In build_straw_man_chord_sa. tolerance = 1, sa_iterations = 1000, initial_temperature = 3.0, cooling_rate = 0.999
26 - INFO - chord#: 28 done. best_score=27.0, changed=524, unchanged=454, early_stops=8/8
26 - INFO - chord#: 32 In build_straw_man_chord_sa. tolerance = 1, sa_iterations = 1000, initial_temperature = 3.0, cooling_rate = 0.999
26 - INFO - chord#: 28 done. best_score=27.0, changed=520, unchanged=437, early_stops=8/8
26 - INFO - chord#: 32 In build_straw_man_chord_sa. tolerance = 1, sa_iterations = 1000, initial_temperature = 3.0, cooling_rate = 0.999
26 - INFO - chord#: 36 done. best_score=27.0, changed=528, unchanged=456, early_stops=8/8
26 - INFO - chord#: 38 In build_straw_man_chord_sa. tolerance = 1, sa_iterations = 1000, initial_temperature = 3.0, cooling_rate = 0.999
26 - INFO - chord#: 36 done. best_score=27.0, changed=519, unchanged=397, early_stops=8/8
26 - INFO - chord#: 38 In build_straw_man_chord_sa. tolerance = 1, sa_iterations = 1000, initial_temperature = 3.0, cooling_rate = 0.999
26 - INFO - chord#: 32 done. best_score=27.0, changed=532, unchanged=458, early_stops=8/8
26 - INFO - chord#: 36 In build_straw_man_chord_sa. tolerance = 1, sa_iterations = 1000, initial_temperature = 3.0, cooling_rate = 0.999
26 - INFO - chord#: 28 done. best_score=27.0, changed=516, unchanged=459, early_stops=8/8
26 - INFO - chord#: 32 In build_straw_man_chord_sa. tolerance = 1, sa_iterations = 1000, initial_temperature = 3.0, cooling_rate = 0.999
26 - INFO - chord#: 28 done. best_score=27.0, changed=520, unchanged=351, early_stops=8/8
26 - INFO - chord#: 32 In build_straw_man_chord_sa. tolerance = 1, sa_iterations = 1000, initial_temperature = 3.0, cooling_rate = 0.999
26 - INFO - chord#: 32 done. best_score=27.0, changed=532, unchanged=379, early_stops=8/8
26 - INFO - chord#: 36 In build_straw_man_chord_sa. tolerance = 1, sa_iterations = 1000, initial_temperature = 3.0, cooling_rate = 0.999
26 - INFO - chord#: 36 done. best_score=27.0, changed=531, unchanged=544, early_stops=8/8
26 - INFO - chord#: 38 In build_straw_man_chord_sa. tolerance = 1, sa_iterations = 1000, initial_temperature = 3.0, cooling_rate = 0.999
26 - INFO - chord#: 32 done. best_score=27.0, changed=518, unchanged=426, early_stops=8/8
26 - INFO - chord#: 36 In build_straw_man_chord_sa. tolerance = 1, sa_iterations = 1000, initial_temperature = 3.0, cooling_rate = 0.999
26 - INFO - chord#: 38 done. best_score=67.0, changed=611, unchanged=316, early_stops=8/8
26 - INFO - chord#: 40 In build_straw_man_chord_sa. tolerance = 1, sa_iterations = 1000, initial_temperature = 3.0, cooling_rate = 0.999
26 - INFO - chord#: 38 done. best_score=137.0, changed=612, unchanged=265, early_stops=8/8
26 - INFO - chord#: 40 In build_straw_man_chord_sa. tolerance = 1, sa_iterations = 1000, initial_temperature = 3.0, cooling_rate = 0.999
26 - INFO - chord#: 36 done. best_score=27.0, changed=520, unchanged=392, early_stops=8/8
26 - INFO - chord#: 38 In build_straw_man_chord_sa. tolerance = 1, sa_iterations = 1000, initial_temperature = 3.0, cooling_rate = 0.999
26 - INFO - chord#: 32 done. best_score=27.0, changed=527, unchanged=420, early_stops=8/8
26 - INFO - chord#: 36 In build_straw_man_chord_sa. tolerance = 1, sa_iterations = 1000, initial_temperature = 3.0, cooling_rate = 0.999
26 - INFO - chord#: 36 done. best_score=27.0, changed=521, unchanged=334, early_stops=8/8
26 - INFO - chord#: 38 In build_straw_man_chord_sa. tolerance = 1, sa_iterations = 1000, initial_temperature = 3.0, cooling_rate = 0.999
26 - INFO - chord#: 32 done. best_score=27.0, changed=526, unchanged=365, early_stops=8/8
26 - INFO - chord#: 36 In build_straw_man_chord_sa. tolerance = 1, sa_iterations = 1000, initial_temperature = 3.0, cooling_rate = 0.999
26 - INFO - chord#: 32 done. best_score=27.0, changed=529, unchanged=501, early_stops=8/8
26 - INFO - chord#: 36 In build_straw_man_chord_sa. tolerance = 1, sa_iterations = 1000, initial_temperature = 3.0, cooling_rate = 0.999
26 - INFO - chord#: 36 done. best_score=27.0, changed=527, unchanged=461, early_stops=8/8
26 - INFO - chord#: 38 In build_straw_man_chord_sa. tolerance = 1, sa_iterations = 1000, initial_temperature = 3.0, cooling_rate = 0.999
26 - INFO - chord#: 40 done. best_score=27.0, changed=528, unchanged=377, early_stops=8/8
26 - INFO - chord#: 42 In build_straw_man_chord_sa. tolerance = 1, sa_iterations = 1000, initial_temperature = 3.0, cooling_rate = 0.999
26 - INFO - chord#: 38 done. best_score=137.0, changed=611, unchanged=286, early_stops=8/8
26 - INFO - chord#: 40 In build_straw_man_chord_sa. tolerance = 1, sa_iterations = 1000, initial_temperature = 3.0, cooling_rate = 0.999
26 - INFO - chord#: 40 done. best_score=27.0, changed=526, unchanged=388, early_stops=8/8
26 - INFO - chord#: 42 In build_straw_man_chord_sa. tolerance = 1, sa_iterations = 1000, initial_temperature = 3.0, cooling_rate = 0.999
26 - INFO - chord#: 38 done. best_score=67.0, changed=609, unchanged=262, early_stops=8/8
26 - INFO - chord#: 40 In build_straw_man_chord_sa. tolerance = 1, sa_iterations = 1000, initial_temperature = 3.0, cooling_rate = 0.999
26 - INFO - chord#: 36 done. best_score=27.0, changed=523, unchanged=390, early_stops=8/8
26 - INFO - chord#: 38 In build_straw_man_chord_sa. tolerance = 1, sa_iterations = 1000, initial_temperature = 3.0, cooling_rate = 0.999
26 - INFO - chord#: 36 done. best_score=57.0, changed=525, unchanged=369, early_stops=8/8
26 - INFO - chord#: 38 In build_straw_man_chord_sa. tolerance = 1, sa_iterations = 1000, initial_temperature = 3.0, cooling_rate = 0.999
26 - INFO - chord#: 36 done. best_score=27.0, changed=520, unchanged=425, early_stops=8/8
26 - INFO - chord#: 38 In build_straw_man_chord_sa. tolerance = 1, sa_iterations = 1000, initial_temperature = 3.0, cooling_rate = 0.999
26 - INFO - chord#: 42 done. best_score=27.0, changed=525, unchanged=399, early_stops=8/8
26 - INFO - chord#: 44 In build_straw_man_chord_sa. tolerance = 1, sa_iterations = 1000, initial_temperature = 3.0, cooling_rate = 0.999
26 - INFO - chord#: 38 done. best_score=137.0, changed=611, unchanged=357, early_stops=8/8
26 - INFO - chord#: 40 In build_straw_man_chord_sa. tolerance = 1, sa_iterations = 1000, initial_temperature = 3.0, cooling_rate = 0.999
26 - INFO - chord#: 42 done. best_score=27.0, changed=524, unchanged=506, early_stops=8/8
26 - INFO - chord#: 44 In build_straw_man_chord_sa. tolerance = 1, sa_iterations = 1000, initial_temperature = 3.0, cooling_rate = 0.999
26 - INFO - chord#: 38 done. best_score=67.0, changed=618, unchanged=417, early_stops=8/8
26 - INFO - chord#: 40 In build_straw_man_chord_sa. tolerance = 1, sa_iterations = 1000, initial_temperature = 3.0, cooling_rate = 0.999
26 - INFO - chord#: 40 done. best_score=27.0, changed=521, unchanged=435, early_stops=8/8
26 - INFO - chord#: 42 In build_straw_man_chord_sa. tolerance = 1, sa_iterations = 1000, initial_temperature = 3.0, cooling_rate = 0.999
26 - INFO - chord#: 38 done. best_score=96.0, changed=609, unchanged=341, early_stops=8/8
26 - INFO - chord#: 40 In build_straw_man_chord_sa. tolerance = 1, sa_iterations = 1000, initial_temperature = 3.0, cooling_rate = 0.999
26 - INFO - chord#: 40 done. best_score=27.0, changed=528, unchanged=465, early_stops=8/8
26 - INFO - chord#: 42 In build_straw_man_chord_sa. tolerance = 1, sa_iterations = 1000, initial_temperature = 3.0, cooling_rate = 0.999
26 - INFO - chord#: 38 done. best_score=96.0, changed=612, unchanged=271, early_stops=8/8
26 - INFO - chord#: 40 In build_straw_man_chord_sa. tolerance = 1, sa_iterations = 1000, initial_temperature = 3.0, cooling_rate = 0.999
26 - INFO - chord#: 44 done. best_score=27.0, changed=526, unchanged=426, early_stops=8/8
26 - INFO - chord#: 46 In build_straw_man_chord_sa. tolerance = 1, sa_iterations = 1000, initial_temperature = 3.0, cooling_rate = 0.999
26 - INFO - chord#: 40 done. best_score=27.0, changed=518, unchanged=335, early_stops=8/8
26 - INFO - chord#: 42 In build_straw_man_chord_sa. tolerance = 1, sa_iterations = 1000, initial_temperature = 3.0, cooling_rate = 0.999
26 - INFO - chord#: 44 done. best_score=27.0, changed=519, unchanged=413, early_stops=8/8
26 - INFO - chord#: 46 In build_straw_man_chord_sa. tolerance = 1, sa_iterations = 1000, initial_temperature = 3.0, cooling_rate = 0.999
26 - INFO - chord#: 42 done. best_score=27.0, changed=522, unchanged=443, early_stops=8/8
26 - INFO - chord#: 44 In build_straw_man_chord_sa. tolerance = 1, sa_iterations = 1000, initial_temperature = 3.0, cooling_rate = 0.999
26 - INFO - chord#: 38 done. best_score=96.0, changed=609, unchanged=306, early_stops=8/8
26 - INFO - chord#: 40 In build_straw_man_chord_sa. tolerance = 1, sa_iterations = 1000, initial_temperature = 3.0, cooling_rate = 0.999
26 - INFO - chord#: 40 done. best_score=27.0, changed=518, unchanged=366, early_stops=8/8
26 - INFO - chord#: 42 In build_straw_man_chord_sa. tolerance = 1, sa_iterations = 1000, initial_temperature = 3.0, cooling_rate = 0.999
26 - INFO - chord#: 40 done. best_score=27.0, changed=519, unchanged=428, early_stops=8/8
26 - INFO - chord#: 42 In build_straw_man_chord_sa. tolerance = 1, sa_iterations = 1000, initial_temperature = 3.0, cooling_rate = 0.999
26 - INFO - chord#: 42 done. best_score=27.0, changed=520, unchanged=404, early_stops=8/8
26 - INFO - chord#: 44 In build_straw_man_chord_sa. tolerance = 1, sa_iterations = 1000, initial_temperature = 3.0, cooling_rate = 0.999
26 - INFO - chord#: 40 done. best_score=27.0, changed=516, unchanged=441, early_stops=8/8
26 - INFO - chord#: 42 In build_straw_man_chord_sa. tolerance = 1, sa_iterations = 1000, initial_temperature = 3.0, cooling_rate = 0.999
26 - INFO - chord#: 42 done. best_score=27.0, changed=519, unchanged=389, early_stops=8/8
26 - INFO - chord#: 44 In build_straw_man_chord_sa. tolerance = 1, sa_iterations = 1000, initial_temperature = 3.0, cooling_rate = 0.999
26 - INFO - chord#: 42 done. best_score=27.0, changed=517, unchanged=339, early_stops=8/8
26 - INFO - chord#: 44 In build_straw_man_chord_sa. tolerance = 1, sa_iterations = 1000, initial_temperature = 3.0, cooling_rate = 0.999
26 - INFO - chord#: 44 done. best_score=27.0, changed=513, unchanged=449, early_stops=8/8
26 - INFO - chord#: 46 In build_straw_man_chord_sa. tolerance = 1, sa_iterations = 1000, initial_temperature = 3.0, cooling_rate = 0.999
26 - INFO - chord#: 38 done. best_score=145.0, changed=609, unchanged=322, early_stops=8/8
26 - INFO - chord#: 40 In build_straw_man_chord_sa. tolerance = 1, sa_iterations = 1000, initial_temperature = 3.0, cooling_rate = 0.999
26 - INFO - chord#: 42 done. best_score=27.0, changed=513, unchanged=312, early_stops=8/8
26 - INFO - chord#: 44 In build_straw_man_chord_sa. tolerance = 1, sa_iterations = 1000, initial_temperature = 3.0, cooling_rate = 0.999
26 - INFO - chord#: 40 done. best_score=27.0, changed=529, unchanged=399, early_stops=8/8
26 - INFO - chord#: 42 In build_straw_man_chord_sa. tolerance = 1, sa_iterations = 1000, initial_temperature = 3.0, cooling_rate = 0.999
26 - INFO - chord#: 38 done. best_score=67.0, changed=613, unchanged=441, early_stops=8/8
26 - INFO - chord#: 40 In build_straw_man_chord_sa. tolerance = 1, sa_iterations = 1000, initial_temperature = 3.0, cooling_rate = 0.999
26 - INFO - chord#: 38 done. best_score=137.0, changed=614, unchanged=360, early_stops=8/8
26 - INFO - chord#: 40 In build_straw_man_chord_sa. tolerance = 1, sa_iterations = 1000, initial_temperature = 3.0, cooling_rate = 0.999
26 - INFO - chord#: 46 done. best_score=70.0, changed=609, unchanged=251, early_stops=8/8
26 - INFO - chord#: 48 In build_straw_man_chord_sa. tolerance = 1, sa_iterations = 1000, initial_temperature = 3.0, cooling_rate = 0.999
26 - INFO - chord#: 44 done. best_score=27.0, changed=515, unchanged=392, early_stops=8/8
26 - INFO - chord#: 46 In build_straw_man_chord_sa. tolerance = 1, sa_iterations = 1000, initial_temperature = 3.0, cooling_rate = 0.999
26 - INFO - chord#: 42 done. best_score=27.0, changed=519, unchanged=436, early_stops=8/8
26 - INFO - chord#: 44 In build_straw_man_chord_sa. tolerance = 1, sa_iterations = 1000, initial_temperature = 3.0, cooling_rate = 0.999
26 - INFO - chord#: 46 done. best_score=104.0, changed=609, unchanged=268, early_stops=8/8
26 - INFO - chord#: 48 In build_straw_man_chord_sa. tolerance = 1, sa_iterations = 1000, initial_temperature = 3.0, cooling_rate = 0.999
26 - INFO - chord#: 44 done. best_score=27.0, changed=528, unchanged=492, early_stops=8/8
26 - INFO - chord#: 46 In build_straw_man_chord_sa. tolerance = 1, sa_iterations = 1000, initial_temperature = 3.0, cooling_rate = 0.999
26 - INFO - chord#: 44 done. best_score=27.0, changed=523, unchanged=468, early_stops=8/8
26 - INFO - chord#: 46 In build_straw_man_chord_sa. tolerance = 1, sa_iterations = 1000, initial_temperature = 3.0, cooling_rate = 0.999
26 - INFO - chord#: 40 done. best_score=27.0, changed=521, unchanged=486, early_stops=8/8
26 - INFO - chord#: 42 In build_straw_man_chord_sa. tolerance = 1, sa_iterations = 1000, initial_temperature = 3.0, cooling_rate = 0.999
26 - INFO - chord#: 48 done. best_score=27.0, changed=535, unchanged=428, early_stops=8/8
26 - INFO - chord#: 50 In build_straw_man_chord_sa. tolerance = 1, sa_iterations = 1000, initial_temperature = 3.0, cooling_rate = 0.999
26 - INFO - chord#: 42 done. best_score=27.0, changed=526, unchanged=399, early_stops=8/8
26 - INFO - chord#: 44 In build_straw_man_chord_sa. tolerance = 1, sa_iterations = 1000, initial_temperature = 3.0, cooling_rate = 0.999
26 - INFO - chord#: 48 done. best_score=27.0, changed=528, unchanged=295, early_stops=8/8
26 - INFO - chord#: 50 In build_straw_man_chord_sa. tolerance = 1, sa_iterations = 1000, initial_temperature = 3.0, cooling_rate = 0.999
26 - INFO - chord#: 40 done. best_score=27.0, changed=519, unchanged=372, early_stops=8/8
26 - INFO - chord#: 42 In build_straw_man_chord_sa. tolerance = 1, sa_iterations = 1000, initial_temperature = 3.0, cooling_rate = 0.999
26 - INFO - chord#: 44 done. best_score=27.0, changed=525, unchanged=514, early_stops=8/8
26 - INFO - chord#: 46 In build_straw_man_chord_sa. tolerance = 1, sa_iterations = 1000, initial_temperature = 3.0, cooling_rate = 0.999
26 - INFO - chord#: 44 done. best_score=27.0, changed=524, unchanged=414, early_stops=8/8
26 - INFO - chord#: 46 In build_straw_man_chord_sa. tolerance = 1, sa_iterations = 1000, initial_temperature = 3.0, cooling_rate = 0.999
26 - INFO - chord#: 40 done. best_score=27.0, changed=524, unchanged=531, early_stops=8/8
26 - INFO - chord#: 42 In build_straw_man_chord_sa. tolerance = 1, sa_iterations = 1000, initial_temperature = 3.0, cooling_rate = 0.999
26 - INFO - chord#: 46 done. best_score=103.0, changed=612, unchanged=291, early_stops=8/8
26 - INFO - chord#: 48 In build_straw_man_chord_sa. tolerance = 1, sa_iterations = 1000, initial_temperature = 3.0, cooling_rate = 0.999
26 - INFO - chord#: 46 done. best_score=103.0, changed=613, unchanged=230, early_stops=8/8
26 - INFO - chord#: 48 In build_straw_man_chord_sa. tolerance = 1, sa_iterations = 1000, initial_temperature = 3.0, cooling_rate = 0.999
26 - INFO - chord#: 42 done. best_score=27.0, changed=526, unchanged=415, early_stops=8/8
26 - INFO - chord#: 44 In build_straw_man_chord_sa. tolerance = 1, sa_iterations = 1000, initial_temperature = 3.0, cooling_rate = 0.999
26 - INFO - chord#: 48 done. best_score=27.0, changed=529, unchanged=377, early_stops=8/8
26 - INFO - chord#: 50 In build_straw_man_chord_sa. tolerance = 1, sa_iterations = 1000, initial_temperature = 3.0, cooling_rate = 0.999
26 - INFO - chord#: 44 done. best_score=27.0, changed=523, unchanged=473, early_stops=8/8
26 - INFO - chord#: 46 In build_straw_man_chord_sa. tolerance = 1, sa_iterations = 1000, initial_temperature = 3.0, cooling_rate = 0.999
26 - INFO - chord#: 46 done. best_score=70.0, changed=609, unchanged=253, early_stops=8/8
26 - INFO - chord#: 48 In build_straw_man_chord_sa. tolerance = 1, sa_iterations = 1000, initial_temperature = 3.0, cooling_rate = 0.999
26 - INFO - chord#: 42 done. best_score=27.0, changed=522, unchanged=359, early_stops=8/8
26 - INFO - chord#: 44 In build_straw_man_chord_sa. tolerance = 1, sa_iterations = 1000, initial_temperature = 3.0, cooling_rate = 0.999
26 - INFO - chord#: 42 done. best_score=27.0, changed=525, unchanged=572, early_stops=8/8
26 - INFO - chord#: 44 In build_straw_man_chord_sa. tolerance = 1, sa_iterations = 1000, initial_temperature = 3.0, cooling_rate = 0.999
26 - INFO - chord#: 46 done. best_score=70.0, changed=610, unchanged=368, early_stops=8/8
26 - INFO - chord#: 48 In build_straw_man_chord_sa. tolerance = 1, sa_iterations = 1000, initial_temperature = 3.0, cooling_rate = 0.999
26 - INFO - chord#: 50 done. best_score=137.0, changed=608, unchanged=213, early_stops=8/8
26 - INFO - chord#: 52 In build_straw_man_chord_sa. tolerance = 1, sa_iterations = 1000, initial_temperature = 3.0, cooling_rate = 0.999
26 - INFO - chord#: 50 done. best_score=67.0, changed=611, unchanged=346, early_stops=8/8
26 - INFO - chord#: 52 In build_straw_man_chord_sa. tolerance = 1, sa_iterations = 1000, initial_temperature = 3.0, cooling_rate = 0.999
26 - INFO - chord#: 48 done. best_score=27.0, changed=527, unchanged=432, early_stops=8/8
26 - INFO - chord#: 50 In build_straw_man_chord_sa. tolerance = 1, sa_iterations = 1000, initial_temperature = 3.0, cooling_rate = 0.999
26 - INFO - chord#: 46 done. best_score=103.0, changed=612, unchanged=291, early_stops=8/8
26 - INFO - chord#: 48 In build_straw_man_chord_sa. tolerance = 1, sa_iterations = 1000, initial_temperature = 3.0, cooling_rate = 0.999
26 - INFO - chord#: 48 done. best_score=27.0, changed=521, unchanged=342, early_stops=8/8
26 - INFO - chord#: 50 In build_straw_man_chord_sa. tolerance = 1, sa_iterations = 1000, initial_temperature = 3.0, cooling_rate = 0.999
26 - INFO - chord#: 48 done. best_score=27.0, changed=526, unchanged=416, early_stops=8/8
26 - INFO - chord#: 50 In build_straw_man_chord_sa. tolerance = 1, sa_iterations = 1000, initial_temperature = 3.0, cooling_rate = 0.999
26 - INFO - chord#: 44 done. best_score=27.0, changed=521, unchanged=524, early_stops=8/8
26 - INFO - chord#: 46 In build_straw_man_chord_sa. tolerance = 1, sa_iterations = 1000, initial_temperature = 3.0, cooling_rate = 0.999
26 - INFO - chord#: 44 done. best_score=27.0, changed=521, unchanged=395, early_stops=8/8
26 - INFO - chord#: 46 In build_straw_man_chord_sa. tolerance = 1, sa_iterations = 1000, initial_temperature = 3.0, cooling_rate = 0.999
26 - INFO - chord#: 44 done. best_score=27.0, changed=513, unchanged=436, early_stops=8/8
26 - INFO - chord#: 46 In build_straw_man_chord_sa. tolerance = 1, sa_iterations = 1000, initial_temperature = 3.0, cooling_rate = 0.999
26 - INFO - chord#: 52 done. best_score=27.0, changed=533, unchanged=504, early_stops=8/8
26 - INFO - chord#: 54 In build_straw_man_chord_sa. tolerance = 1, sa_iterations = 1000, initial_temperature = 3.0, cooling_rate = 0.999
26 - INFO - chord#: 46 done. best_score=104.0, changed=612, unchanged=411, early_stops=8/8
26 - INFO - chord#: 48 In build_straw_man_chord_sa. tolerance = 1, sa_iterations = 1000, initial_temperature = 3.0, cooling_rate = 0.999
26 - INFO - chord#: 48 done. best_score=27.0, changed=527, unchanged=351, early_stops=8/8
26 - INFO - chord#: 50 In build_straw_man_chord_sa. tolerance = 1, sa_iterations = 1000, initial_temperature = 3.0, cooling_rate = 0.999
26 - INFO - chord#: 52 done. best_score=27.0, changed=524, unchanged=517, early_stops=8/8
26 - INFO - chord#: 54 In build_straw_man_chord_sa. tolerance = 1, sa_iterations = 1000, initial_temperature = 3.0, cooling_rate = 0.999
26 - INFO - chord#: 50 done. best_score=67.0, changed=609, unchanged=375, early_stops=8/8
26 - INFO - chord#: 52 In build_straw_man_chord_sa. tolerance = 1, sa_iterations = 1000, initial_temperature = 3.0, cooling_rate = 0.999
26 - INFO - chord#: 46 done. best_score=160.0, changed=608, unchanged=229, early_stops=8/8
26 - INFO - chord#: 48 In build_straw_man_chord_sa. tolerance = 1, sa_iterations = 1000, initial_temperature = 3.0, cooling_rate = 0.999
26 - INFO - chord#: 48 done. best_score=27.0, changed=526, unchanged=393, early_stops=8/8
26 - INFO - chord#: 50 In build_straw_man_chord_sa. tolerance = 1, sa_iterations = 1000, initial_temperature = 3.0, cooling_rate = 0.999
26 - INFO - chord#: 50 done. best_score=78.0, changed=618, unchanged=268, early_stops=8/8
26 - INFO - chord#: 52 In build_straw_man_chord_sa. tolerance = 1, sa_iterations = 1000, initial_temperature = 3.0, cooling_rate = 0.999
26 - INFO - chord#: 52 done. best_score=27.0, changed=518, unchanged=454, early_stops=8/8
26 - INFO - chord#: 54 In build_straw_man_chord_sa. tolerance = 1, sa_iterations = 1000, initial_temperature = 3.0, cooling_rate = 0.999
26 - INFO - chord#: 48 done. best_score=61.0, changed=525, unchanged=348, early_stops=8/8
26 - INFO - chord#: 50 In build_straw_man_chord_sa. tolerance = 1, sa_iterations = 1000, initial_temperature = 3.0, cooling_rate = 0.999
26 - INFO - chord#: 50 done. best_score=67.0, changed=617, unchanged=432, early_stops=8/8
26 - INFO - chord#: 52 In build_straw_man_chord_sa. tolerance = 1, sa_iterations = 1000, initial_temperature = 3.0, cooling_rate = 0.999
26 - INFO - chord#: 46 done. best_score=149.0, changed=606, unchanged=222, early_stops=8/8
26 - INFO - chord#: 48 In build_straw_man_chord_sa. tolerance = 1, sa_iterations = 1000, initial_temperature = 3.0, cooling_rate = 0.999
26 - INFO - chord#: 46 done. best_score=70.0, changed=610, unchanged=228, early_stops=8/8
26 - INFO - chord#: 48 In build_straw_man_chord_sa. tolerance = 1, sa_iterations = 1000, initial_temperature = 3.0, cooling_rate = 0.999
26 - INFO - chord#: 54 done. best_score=70.0, changed=608, unchanged=265, early_stops=8/8
26 - INFO - chord#: 56 In build_straw_man_chord_sa. tolerance = 1, sa_iterations = 1000, initial_temperature = 3.0, cooling_rate = 0.999
26 - INFO - chord#: 50 done. best_score=137.0, changed=611, unchanged=324, early_stops=8/8
26 - INFO - chord#: 52 In build_straw_man_chord_sa. tolerance = 1, sa_iterations = 1000, initial_temperature = 3.0, cooling_rate = 0.999
26 - INFO - chord#: 52 done. best_score=27.0, changed=516, unchanged=375, early_stops=8/8
26 - INFO - chord#: 54 In build_straw_man_chord_sa. tolerance = 1, sa_iterations = 1000, initial_temperature = 3.0, cooling_rate = 0.999
26 - INFO - chord#: 50 done. best_score=137.0, changed=610, unchanged=326, early_stops=8/8
26 - INFO - chord#: 52 In build_straw_man_chord_sa. tolerance = 1, sa_iterations = 1000, initial_temperature = 3.0, cooling_rate = 0.999
26 - INFO - chord#: 54 done. best_score=70.0, changed=614, unchanged=379, early_stops=8/8
26 - INFO - chord#: 56 In build_straw_man_chord_sa. tolerance = 1, sa_iterations = 1000, initial_temperature = 3.0, cooling_rate = 0.999
26 - INFO - chord#: 46 done. best_score=103.0, changed=611, unchanged=333, early_stops=8/8
26 - INFO - chord#: 48 In build_straw_man_chord_sa. tolerance = 1, sa_iterations = 1000, initial_temperature = 3.0, cooling_rate = 0.999
26 - INFO - chord#: 56 done. best_score=27.0, changed=522, unchanged=313, early_stops=8/8
26 - INFO - chord#: 52 done. best_score=27.0, changed=520, unchanged=436, early_stops=8/8
26 - INFO - chord#: 58 In build_straw_man_chord_sa. tolerance = 1, sa_iterations = 1000, initial_temperature = 3.0, cooling_rate = 0.999
26 - INFO - chord#: 54 In build_straw_man_chord_sa. tolerance = 1, sa_iterations = 1000, initial_temperature = 3.0, cooling_rate = 0.999
26 - INFO - chord#: 48 done. best_score=27.0, changed=518, unchanged=347, early_stops=8/8
26 - INFO - chord#: 50 In build_straw_man_chord_sa. tolerance = 1, sa_iterations = 1000, initial_temperature = 3.0, cooling_rate = 0.999
26 - INFO - chord#: 48 done. best_score=27.0, changed=525, unchanged=364, early_stops=8/8
26 - INFO - chord#: 50 In build_straw_man_chord_sa. tolerance = 1, sa_iterations = 1000, initial_temperature = 3.0, cooling_rate = 0.999
26 - INFO - chord#: 56 done. best_score=27.0, changed=517, unchanged=309, early_stops=8/8
26 - INFO - chord#: 58 In build_straw_man_chord_sa. tolerance = 1, sa_iterations = 1000, initial_temperature = 3.0, cooling_rate = 0.999
26 - INFO - chord#: 52 done. best_score=27.0, changed=530, unchanged=537, early_stops=8/8
26 - INFO - chord#: 54 In build_straw_man_chord_sa. tolerance = 1, sa_iterations = 1000, initial_temperature = 3.0, cooling_rate = 0.999
26 - INFO - chord#: 50 done. best_score=67.0, changed=607, unchanged=242, early_stops=8/8
26 - INFO - chord#: 52 In build_straw_man_chord_sa. tolerance = 1, sa_iterations = 1000, initial_temperature = 3.0, cooling_rate = 0.999
26 - INFO - chord#: 48 done. best_score=27.0, changed=519, unchanged=323, early_stops=8/8
26 - INFO - chord#: 50 In build_straw_man_chord_sa. tolerance = 1, sa_iterations = 1000, initial_temperature = 3.0, cooling_rate = 0.999
26 - INFO - chord#: 52 done. best_score=27.0, changed=525, unchanged=561, early_stops=8/8
26 - INFO - chord#: 54 In build_straw_man_chord_sa. tolerance = 1, sa_iterations = 1000, initial_temperature = 3.0, cooling_rate = 0.999
26 - INFO - chord#: 50 done. best_score=181.0, changed=607, unchanged=247, early_stops=8/8
26 - INFO - chord#: 52 In build_straw_man_chord_sa. tolerance = 1, sa_iterations = 1000, initial_temperature = 3.0, cooling_rate = 0.999
26 - INFO - chord#: 54 done. best_score=70.0, changed=615, unchanged=287, early_stops=8/8
26 - INFO - chord#: 56 In build_straw_man_chord_sa. tolerance = 1, sa_iterations = 1000, initial_temperature = 3.0, cooling_rate = 0.999
26 - INFO - chord#: 52 done. best_score=27.0, changed=520, unchanged=441, early_stops=8/8
26 - INFO - chord#: 54 In build_straw_man_chord_sa. tolerance = 1, sa_iterations = 1000, initial_temperature = 3.0, cooling_rate = 0.999
26 - INFO - chord#: 56 done. best_score=27.0, changed=526, unchanged=353, early_stops=8/8
26 - INFO - chord#: 58 In build_straw_man_chord_sa. tolerance = 1, sa_iterations = 1000, initial_temperature = 3.0, cooling_rate = 0.999
26 - INFO - chord#: 54 done. best_score=70.0, changed=613, unchanged=465, early_stops=8/8
26 - INFO - chord#: 56 In build_straw_man_chord_sa. tolerance = 1, sa_iterations = 1000, initial_temperature = 3.0, cooling_rate = 0.999
26 - INFO - chord#: 52 done. best_score=27.0, changed=522, unchanged=423, early_stops=8/8
26 - INFO - chord#: 54 In build_straw_man_chord_sa. tolerance = 1, sa_iterations = 1000, initial_temperature = 3.0, cooling_rate = 0.999
26 - INFO - chord#: 58 done. best_score=82.0, changed=614, unchanged=346, early_stops=8/8
26 - INFO - chord#: 60 In build_straw_man_chord_sa. tolerance = 1, sa_iterations = 1000, initial_temperature = 3.0, cooling_rate = 0.999
26 - INFO - chord#: 54 done. best_score=155.0, changed=609, unchanged=262, early_stops=8/8
26 - INFO - chord#: 56 In build_straw_man_chord_sa. tolerance = 1, sa_iterations = 1000, initial_temperature = 3.0, cooling_rate = 0.999
26 - INFO - chord#: 54 done. best_score=103.0, changed=608, unchanged=374, early_stops=8/8
26 - INFO - chord#: 56 In build_straw_man_chord_sa. tolerance = 1, sa_iterations = 1000, initial_temperature = 3.0, cooling_rate = 0.999
26 - INFO - chord#: 58 done. best_score=82.0, changed=613, unchanged=290, early_stops=8/8
26 - INFO - chord#: 60 In build_straw_man_chord_sa. tolerance = 1, sa_iterations = 1000, initial_temperature = 3.0, cooling_rate = 0.999
26 - INFO - chord#: 50 done. best_score=137.0, changed=614, unchanged=296, early_stops=8/8
26 - INFO - chord#: 52 In build_straw_man_chord_sa. tolerance = 1, sa_iterations = 1000, initial_temperature = 3.0, cooling_rate = 0.999
26 - INFO - chord#: 56 done. best_score=27.0, changed=521, unchanged=326, early_stops=8/8
26 - INFO - chord#: 58 In build_straw_man_chord_sa. tolerance = 1, sa_iterations = 1000, initial_temperature = 3.0, cooling_rate = 0.999
26 - INFO - chord#: 50 done. best_score=67.0, changed=611, unchanged=353, early_stops=8/8
26 - INFO - chord#: 52 In build_straw_man_chord_sa. tolerance = 1, sa_iterations = 1000, initial_temperature = 3.0, cooling_rate = 0.999
26 - INFO - chord#: 50 done. best_score=78.0, changed=611, unchanged=272, early_stops=8/8
26 - INFO - chord#: 52 In build_straw_man_chord_sa. tolerance = 1, sa_iterations = 1000, initial_temperature = 3.0, cooling_rate = 0.999
26 - INFO - chord#: 60 done. best_score=31.0, changed=525, unchanged=307, early_stops=8/8
26 - INFO - chord#: 62 In build_straw_man_chord_sa. tolerance = 1, sa_iterations = 1000, initial_temperature = 3.0, cooling_rate = 0.999
26 - INFO - chord#: 56 done. best_score=27.0, changed=537, unchanged=354, early_stops=8/8
26 - INFO - chord#: 58 In build_straw_man_chord_sa. tolerance = 1, sa_iterations = 1000, initial_temperature = 3.0, cooling_rate = 0.999
26 - INFO - chord#: 56 done. best_score=27.0, changed=523, unchanged=397, early_stops=8/8
26 - INFO - chord#: 58 In build_straw_man_chord_sa. tolerance = 1, sa_iterations = 1000, initial_temperature = 3.0, cooling_rate = 0.999
26 - INFO - chord#: 62 done. best_score=7.0, changed=497, unchanged=322, early_stops=8/8
26 - INFO - chord#: 64 In build_straw_man_chord_sa. tolerance = 1, sa_iterations = 1000, initial_temperature = 3.0, cooling_rate = 0.999
26 - INFO - chord#: 60 done. best_score=31.0, changed=531, unchanged=372, early_stops=8/8
26 - INFO - chord#: 62 In build_straw_man_chord_sa. tolerance = 1, sa_iterations = 1000, initial_temperature = 3.0, cooling_rate = 0.999
26 - INFO - chord#: 62 done. best_score=7.0, changed=505, unchanged=302, early_stops=8/8
26 - INFO - chord#: 64 In build_straw_man_chord_sa. tolerance = 1, sa_iterations = 1000, initial_temperature = 3.0, cooling_rate = 0.999
26 - INFO - chord#: 58 done. best_score=82.0, changed=608, unchanged=333, early_stops=8/8
26 - INFO - chord#: 60 In build_straw_man_chord_sa. tolerance = 1, sa_iterations = 1000, initial_temperature = 3.0, cooling_rate = 0.999
26 - INFO - chord#: 52 done. best_score=27.0, changed=523, unchanged=430, early_stops=8/8
26 - INFO - chord#: 54 In build_straw_man_chord_sa. tolerance = 1, sa_iterations = 1000, initial_temperature = 3.0, cooling_rate = 0.999
26 - INFO - chord#: 64 done. best_score=27.0, changed=521, unchanged=325, early_stops=8/8
26 - INFO - chord#: 66 In build_straw_man_chord_sa. tolerance = 1, sa_iterations = 1000, initial_temperature = 3.0, cooling_rate = 0.999
26 - INFO - chord#: 54 done. best_score=70.0, changed=615, unchanged=508, early_stops=8/8
26 - INFO - chord#: 56 In build_straw_man_chord_sa. tolerance = 1, sa_iterations = 1000, initial_temperature = 3.0, cooling_rate = 0.999
26 - INFO - chord#: 52 done. best_score=27.0, changed=521, unchanged=523, early_stops=8/8
26 - INFO - chord#: 54 In build_straw_man_chord_sa. tolerance = 1, sa_iterations = 1000, initial_temperature = 3.0, cooling_rate = 0.999
26 - INFO - chord#: 52 done. best_score=27.0, changed=521, unchanged=458, early_stops=8/8
26 - INFO - chord#: 54 In build_straw_man_chord_sa. tolerance = 1, sa_iterations = 1000, initial_temperature = 3.0, cooling_rate = 0.999
26 - INFO - chord#: 54 done. best_score=70.0, changed=614, unchanged=291, early_stops=8/8
26 - INFO - chord#: 56 In build_straw_man_chord_sa. tolerance = 1, sa_iterations = 1000, initial_temperature = 3.0, cooling_rate = 0.999
26 - INFO - chord#: 64 done. best_score=27.0, changed=524, unchanged=402, early_stops=8/8
26 - INFO - chord#: 66 In build_straw_man_chord_sa. tolerance = 1, sa_iterations = 1000, initial_temperature = 3.0, cooling_rate = 0.999
26 - INFO - chord#: 58 done. best_score=82.0, changed=612, unchanged=296, early_stops=8/8
26 - INFO - chord#: 60 In build_straw_man_chord_sa. tolerance = 1, sa_iterations = 1000, initial_temperature = 3.0, cooling_rate = 0.999
26 - INFO - chord#: 60 done. best_score=31.0, changed=545, unchanged=417, early_stops=8/8
26 - INFO - chord#: 62 In build_straw_man_chord_sa. tolerance = 1, sa_iterations = 1000, initial_temperature = 3.0, cooling_rate = 0.999
26 - INFO - chord#: 54 done. best_score=70.0, changed=610, unchanged=368, early_stops=8/8
26 - INFO - chord#: 56 In build_straw_man_chord_sa. tolerance = 1, sa_iterations = 1000, initial_temperature = 3.0, cooling_rate = 0.999
26 - INFO - chord#: 58 done. best_score=82.0, changed=607, unchanged=217, early_stops=8/8
26 - INFO - chord#: 60 In build_straw_man_chord_sa. tolerance = 1, sa_iterations = 1000, initial_temperature = 3.0, cooling_rate = 0.999
26 - INFO - chord#: 62 done. best_score=7.0, changed=502, unchanged=309, early_stops=8/8
26 - INFO - chord#: 64 In build_straw_man_chord_sa. tolerance = 1, sa_iterations = 1000, initial_temperature = 3.0, cooling_rate = 0.999
26 - INFO - chord#: 58 done. best_score=120.0, changed=607, unchanged=238, early_stops=8/8
26 - INFO - chord#: 60 In build_straw_man_chord_sa. tolerance = 1, sa_iterations = 1000, initial_temperature = 3.0, cooling_rate = 0.999
26 - INFO - chord#: 56 done. best_score=27.0, changed=525, unchanged=316, early_stops=8/8
26 - INFO - chord#: 58 In build_straw_man_chord_sa. tolerance = 1, sa_iterations = 1000, initial_temperature = 3.0, cooling_rate = 0.999
26 - INFO - chord#: 56 done. best_score=27.0, changed=534, unchanged=342, early_stops=8/8
26 - INFO - chord#: 58 In build_straw_man_chord_sa. tolerance = 1, sa_iterations = 1000, initial_temperature = 3.0, cooling_rate = 0.999
26 - INFO - chord#: 60 done. best_score=31.0, changed=526, unchanged=309, early_stops=8/8
26 - INFO - chord#: 62 In build_straw_man_chord_sa. tolerance = 1, sa_iterations = 1000, initial_temperature = 3.0, cooling_rate = 0.999
26 - INFO - chord#: 62 done. best_score=7.0, changed=490, unchanged=321, early_stops=8/8
26 - INFO - chord#: 64 In build_straw_man_chord_sa. tolerance = 1, sa_iterations = 1000, initial_temperature = 3.0, cooling_rate = 0.999
26 - INFO - chord#: 56 done. best_score=27.0, changed=530, unchanged=338, early_stops=8/8
26 - INFO - chord#: 58 In build_straw_man_chord_sa. tolerance = 1, sa_iterations = 1000, initial_temperature = 3.0, cooling_rate = 0.999
26 - INFO - chord#: 60 done. best_score=31.0, changed=532, unchanged=328, early_stops=8/8
26 - INFO - chord#: 62 In build_straw_man_chord_sa. tolerance = 1, sa_iterations = 1000, initial_temperature = 3.0, cooling_rate = 0.999
26 - INFO - chord#: 64 done. best_score=27.0, changed=521, unchanged=326, early_stops=8/8
26 - INFO - chord#: 66 In build_straw_man_chord_sa. tolerance = 1, sa_iterations = 1000, initial_temperature = 3.0, cooling_rate = 0.999
26 - INFO - chord#: 60 done. best_score=31.0, changed=531, unchanged=356, early_stops=8/8
26 - INFO - chord#: 62 In build_straw_man_chord_sa. tolerance = 1, sa_iterations = 1000, initial_temperature = 3.0, cooling_rate = 0.999
26 - INFO - chord#: 62 done. best_score=7.0, changed=497, unchanged=318, early_stops=8/8
26 - INFO - chord#: 64 In build_straw_man_chord_sa. tolerance = 1, sa_iterations = 1000, initial_temperature = 3.0, cooling_rate = 0.999
26 - INFO - chord#: 62 done. best_score=7.0, changed=515, unchanged=336, early_stops=8/8
26 - INFO - chord#: 64 In build_straw_man_chord_sa. tolerance = 1, sa_iterations = 1000, initial_temperature = 3.0, cooling_rate = 0.999
26 - INFO - chord#: 64 done. best_score=27.0, changed=528, unchanged=389, early_stops=8/8
26 - INFO - chord#: 66 In build_straw_man_chord_sa. tolerance = 1, sa_iterations = 1000, initial_temperature = 3.0, cooling_rate = 0.999
26 - INFO - chord#: 66 done. best_score=67.0, changed=614, unchanged=426, early_stops=8/8
26 - INFO - chord#: 68 In build_straw_man_chord_sa. tolerance = 1, sa_iterations = 1000, initial_temperature = 3.0, cooling_rate = 0.999
26 - INFO - chord#: 66 done. best_score=96.0, changed=612, unchanged=315, early_stops=8/8
26 - INFO - chord#: 68 In build_straw_man_chord_sa. tolerance = 1, sa_iterations = 1000, initial_temperature = 3.0, cooling_rate = 0.999
26 - INFO - chord#: 64 done. best_score=27.0, changed=521, unchanged=339, early_stops=8/8
26 - INFO - chord#: 66 In build_straw_man_chord_sa. tolerance = 1, sa_iterations = 1000, initial_temperature = 3.0, cooling_rate = 0.999
26 - INFO - chord#: 64 done. best_score=27.0, changed=524, unchanged=338, early_stops=8/8
26 - INFO - chord#: 66 In build_straw_man_chord_sa. tolerance = 1, sa_iterations = 1000, initial_temperature = 3.0, cooling_rate = 0.999
26 - INFO - chord#: 54 done. best_score=70.0, changed=614, unchanged=298, early_stops=8/8
26 - INFO - chord#: 56 In build_straw_man_chord_sa. tolerance = 1, sa_iterations = 1000, initial_temperature = 3.0, cooling_rate = 0.999
26 - INFO - chord#: 54 done. best_score=138.0, changed=612, unchanged=361, early_stops=8/8
26 - INFO - chord#: 56 In build_straw_man_chord_sa. tolerance = 1, sa_iterations = 1000, initial_temperature = 3.0, cooling_rate = 0.999
26 - INFO - chord#: 54 done. best_score=70.0, changed=617, unchanged=413, early_stops=8/8
26 - INFO - chord#: 56 In build_straw_man_chord_sa. tolerance = 1, sa_iterations = 1000, initial_temperature = 3.0, cooling_rate = 0.999
26 - INFO - chord#: 68 done. best_score=27.0, changed=523, unchanged=376, early_stops=8/8
26 - INFO - chord#: 80 In build_straw_man_chord_sa. tolerance = 1, sa_iterations = 1000, initial_temperature = 3.0, cooling_rate = 0.999
26 - INFO - chord#: 68 done. best_score=27.0, changed=518, unchanged=411, early_stops=8/8
26 - INFO - chord#: 80 In build_straw_man_chord_sa. tolerance = 1, sa_iterations = 1000, initial_temperature = 3.0, cooling_rate = 0.999
26 - INFO - chord#: 58 done. best_score=82.0, changed=612, unchanged=330, early_stops=8/8
26 - INFO - chord#: 60 In build_straw_man_chord_sa. tolerance = 1, sa_iterations = 1000, initial_temperature = 3.0, cooling_rate = 0.999
26 - INFO - chord#: 58 done. best_score=82.0, changed=609, unchanged=286, early_stops=8/8
26 - INFO - chord#: 60 In build_straw_man_chord_sa. tolerance = 1, sa_iterations = 1000, initial_temperature = 3.0, cooling_rate = 0.999
26 - INFO - chord#: 56 done. best_score=27.0, changed=523, unchanged=299, early_stops=8/8
26 - INFO - chord#: 58 In build_straw_man_chord_sa. tolerance = 1, sa_iterations = 1000, initial_temperature = 3.0, cooling_rate = 0.999
26 - INFO - chord#: 66 done. best_score=67.0, changed=616, unchanged=286, early_stops=8/8
26 - INFO - chord#: 68 In build_straw_man_chord_sa. tolerance = 1, sa_iterations = 1000, initial_temperature = 3.0, cooling_rate = 0.999
26 - INFO - chord#: 56 done. best_score=72.0, changed=529, unchanged=387, early_stops=8/8
26 - INFO - chord#: 58 In build_straw_man_chord_sa. tolerance = 1, sa_iterations = 1000, initial_temperature = 3.0, cooling_rate = 0.999
26 - INFO - chord#: 56 done. best_score=27.0, changed=524, unchanged=353, early_stops=8/8
26 - INFO - chord#: 58 In build_straw_man_chord_sa. tolerance = 1, sa_iterations = 1000, initial_temperature = 3.0, cooling_rate = 0.999
26 - INFO - chord#: 58 done. best_score=97.0, changed=613, unchanged=328, early_stops=8/8
26 - INFO - chord#: 60 In build_straw_man_chord_sa. tolerance = 1, sa_iterations = 1000, initial_temperature = 3.0, cooling_rate = 0.999
26 - INFO - chord#: 80 done. best_score=27.0, changed=525, unchanged=373, early_stops=8/8
26 - INFO - chord#: 84 In build_straw_man_chord_sa. tolerance = 1, sa_iterations = 1000, initial_temperature = 3.0, cooling_rate = 0.999
26 - INFO - chord#: 80 done. best_score=27.0, changed=524, unchanged=342, early_stops=8/8
26 - INFO - chord#: 84 In build_straw_man_chord_sa. tolerance = 1, sa_iterations = 1000, initial_temperature = 3.0, cooling_rate = 0.999
26 - INFO - chord#: 66 done. best_score=96.0, changed=608, unchanged=257, early_stops=8/8
26 - INFO - chord#: 68 In build_straw_man_chord_sa. tolerance = 1, sa_iterations = 1000, initial_temperature = 3.0, cooling_rate = 0.999
26 - INFO - chord#: 60 done. best_score=31.0, changed=529, unchanged=371, early_stops=8/8
26 - INFO - chord#: 62 In build_straw_man_chord_sa. tolerance = 1, sa_iterations = 1000, initial_temperature = 3.0, cooling_rate = 0.999
26 - INFO - chord#: 66 done. best_score=137.0, changed=610, unchanged=349, early_stops=8/8
26 - INFO - chord#: 68 In build_straw_man_chord_sa. tolerance = 1, sa_iterations = 1000, initial_temperature = 3.0, cooling_rate = 0.999
26 - INFO - chord#: 68 done. best_score=27.0, changed=523, unchanged=461, early_stops=8/8
26 - INFO - chord#: 80 In build_straw_man_chord_sa. tolerance = 1, sa_iterations = 1000, initial_temperature = 3.0, cooling_rate = 0.999
26 - INFO - chord#: 60 done. best_score=31.0, changed=538, unchanged=436, early_stops=8/8
26 - INFO - chord#: 62 In build_straw_man_chord_sa. tolerance = 1, sa_iterations = 1000, initial_temperature = 3.0, cooling_rate = 0.999
26 - INFO - chord#: 62 done. best_score=7.0, changed=511, unchanged=307, early_stops=8/8
26 - INFO - chord#: 64 In build_straw_man_chord_sa. tolerance = 1, sa_iterations = 1000, initial_temperature = 3.0, cooling_rate = 0.999
26 - INFO - chord#: 62 done. best_score=7.0, changed=500, unchanged=340, early_stops=8/8
26 - INFO - chord#: 64 In build_straw_man_chord_sa. tolerance = 1, sa_iterations = 1000, initial_temperature = 3.0, cooling_rate = 0.999
26 - INFO - chord#: 66 done. best_score=67.0, changed=609, unchanged=384, early_stops=8/8
26 - INFO - chord#: 68 In build_straw_man_chord_sa. tolerance = 1, sa_iterations = 1000, initial_temperature = 3.0, cooling_rate = 0.999
26 - INFO - chord#: 60 done. best_score=31.0, changed=528, unchanged=297, early_stops=8/8
26 - INFO - chord#: 62 In build_straw_man_chord_sa. tolerance = 1, sa_iterations = 1000, initial_temperature = 3.0, cooling_rate = 0.999
26 - INFO - chord#: 84 done. best_score=27.0, changed=521, unchanged=471, early_stops=8/8
26 - INFO - chord#: 86 In build_straw_man_chord_sa. tolerance = 1, sa_iterations = 1000, initial_temperature = 3.0, cooling_rate = 0.999
26 - INFO - chord#: 84 done. best_score=27.0, changed=530, unchanged=524, early_stops=8/8
26 - INFO - chord#: 86 In build_straw_man_chord_sa. tolerance = 1, sa_iterations = 1000, initial_temperature = 3.0, cooling_rate = 0.999
26 - INFO - chord#: 68 done. best_score=27.0, changed=522, unchanged=320, early_stops=8/8
26 - INFO - chord#: 80 In build_straw_man_chord_sa. tolerance = 1, sa_iterations = 1000, initial_temperature = 3.0, cooling_rate = 0.999
26 - INFO - chord#: 62 done. best_score=7.0, changed=484, unchanged=330, early_stops=8/8
26 - INFO - chord#: 64 In build_straw_man_chord_sa. tolerance = 1, sa_iterations = 1000, initial_temperature = 3.0, cooling_rate = 0.999
26 - INFO - chord#: 80 done. best_score=27.0, changed=520, unchanged=418, early_stops=8/8
26 - INFO - chord#: 84 In build_straw_man_chord_sa. tolerance = 1, sa_iterations = 1000, initial_temperature = 3.0, cooling_rate = 0.999
26 - INFO - chord#: 68 done. best_score=27.0, changed=526, unchanged=514, early_stops=8/8
26 - INFO - chord#: 80 In build_straw_man_chord_sa. tolerance = 1, sa_iterations = 1000, initial_temperature = 3.0, cooling_rate = 0.999
26 - INFO - chord#: 64 done. best_score=27.0, changed=523, unchanged=429, early_stops=8/8
26 - INFO - chord#: 66 In build_straw_man_chord_sa. tolerance = 1, sa_iterations = 1000, initial_temperature = 3.0, cooling_rate = 0.999
26 - INFO - chord#: 58 done. best_score=82.0, changed=610, unchanged=214, early_stops=8/8
26 - INFO - chord#: 60 In build_straw_man_chord_sa. tolerance = 1, sa_iterations = 1000, initial_temperature = 3.0, cooling_rate = 0.999
26 - INFO - chord#: 68 done. best_score=27.0, changed=523, unchanged=440, early_stops=8/8
26 - INFO - chord#: 80 In build_straw_man_chord_sa. tolerance = 1, sa_iterations = 1000, initial_temperature = 3.0, cooling_rate = 0.999
26 - INFO - chord#: 64 done. best_score=27.0, changed=517, unchanged=390, early_stops=8/8
26 - INFO - chord#: 66 In build_straw_man_chord_sa. tolerance = 1, sa_iterations = 1000, initial_temperature = 3.0, cooling_rate = 0.999
26 - INFO - chord#: 58 done. best_score=82.0, changed=610, unchanged=343, early_stops=8/8
26 - INFO - chord#: 60 In build_straw_man_chord_sa. tolerance = 1, sa_iterations = 1000, initial_temperature = 3.0, cooling_rate = 0.999
26 - INFO - chord#: 58 done. best_score=127.0, changed=608, unchanged=225, early_stops=8/8
26 - INFO - chord#: 60 In build_straw_man_chord_sa. tolerance = 1, sa_iterations = 1000, initial_temperature = 3.0, cooling_rate = 0.999
26 - INFO - chord#: 80 done. best_score=27.0, changed=532, unchanged=378, early_stops=8/8
26 - INFO - chord#: 84 In build_straw_man_chord_sa. tolerance = 1, sa_iterations = 1000, initial_temperature = 3.0, cooling_rate = 0.999
26 - INFO - chord#: 64 done. best_score=27.0, changed=516, unchanged=445, early_stops=8/8
26 - INFO - chord#: 66 In build_straw_man_chord_sa. tolerance = 1, sa_iterations = 1000, initial_temperature = 3.0, cooling_rate = 0.999
26 - INFO - chord#: 84 done. best_score=27.0, changed=519, unchanged=335, early_stops=8/8
26 - INFO - chord#: 86 In build_straw_man_chord_sa. tolerance = 1, sa_iterations = 1000, initial_temperature = 3.0, cooling_rate = 0.999
26 - INFO - chord#: 80 done. best_score=27.0, changed=521, unchanged=332, early_stops=8/8
26 - INFO - chord#: 84 In build_straw_man_chord_sa. tolerance = 1, sa_iterations = 1000, initial_temperature = 3.0, cooling_rate = 0.999
26 - INFO - chord#: 80 done. best_score=27.0, changed=529, unchanged=365, early_stops=8/8
26 - INFO - chord#: 84 In build_straw_man_chord_sa. tolerance = 1, sa_iterations = 1000, initial_temperature = 3.0, cooling_rate = 0.999
26 - INFO - chord#: 60 done. best_score=31.0, changed=540, unchanged=364, early_stops=8/8
26 - INFO - chord#: 62 In build_straw_man_chord_sa. tolerance = 1, sa_iterations = 1000, initial_temperature = 3.0, cooling_rate = 0.999
26 - INFO - chord#: 60 done. best_score=49.0, changed=532, unchanged=281, early_stops=8/8
26 - INFO - chord#: 62 In build_straw_man_chord_sa. tolerance = 1, sa_iterations = 1000, initial_temperature = 3.0, cooling_rate = 0.999
26 - INFO - chord#: 86 done. best_score=96.0, changed=611, unchanged=302, early_stops=8/8
26 - INFO - chord#: 88 In build_straw_man_chord_sa. tolerance = 1, sa_iterations = 1000, initial_temperature = 3.0, cooling_rate = 0.999
26 - INFO - chord#: 84 done. best_score=27.0, changed=524, unchanged=500, early_stops=8/8
26 - INFO - chord#: 86 In build_straw_man_chord_sa. tolerance = 1, sa_iterations = 1000, initial_temperature = 3.0, cooling_rate = 0.999
26 - INFO - chord#: 60 done. best_score=31.0, changed=528, unchanged=339, early_stops=8/8
26 - INFO - chord#: 62 In build_straw_man_chord_sa. tolerance = 1, sa_iterations = 1000, initial_temperature = 3.0, cooling_rate = 0.999
26 - INFO - chord#: 62 done. best_score=7.0, changed=507, unchanged=315, early_stops=8/8
26 - INFO - chord#: 64 In build_straw_man_chord_sa. tolerance = 1, sa_iterations = 1000, initial_temperature = 3.0, cooling_rate = 0.999
26 - INFO - chord#: 62 done. best_score=7.0, changed=490, unchanged=321, early_stops=8/8
26 - INFO - chord#: 64 In build_straw_man_chord_sa. tolerance = 1, sa_iterations = 1000, initial_temperature = 3.0, cooling_rate = 0.999
26 - INFO - chord#: 84 done. best_score=27.0, changed=532, unchanged=403, early_stops=8/8
26 - INFO - chord#: 86 In build_straw_man_chord_sa. tolerance = 1, sa_iterations = 1000, initial_temperature = 3.0, cooling_rate = 0.999
26 - INFO - chord#: 62 done. best_score=7.0, changed=505, unchanged=299, early_stops=8/8
26 - INFO - chord#: 64 In build_straw_man_chord_sa. tolerance = 1, sa_iterations = 1000, initial_temperature = 3.0, cooling_rate = 0.999
26 - INFO - chord#: 86 done. best_score=67.0, changed=613, unchanged=379, early_stops=8/8
26 - INFO - chord#: 88 In build_straw_man_chord_sa. tolerance = 1, sa_iterations = 1000, initial_temperature = 3.0, cooling_rate = 0.999
26 - INFO - chord#: 84 done. best_score=27.0, changed=530, unchanged=564, early_stops=8/8
26 - INFO - chord#: 86 In build_straw_man_chord_sa. tolerance = 1, sa_iterations = 1000, initial_temperature = 3.0, cooling_rate = 0.999
26 - INFO - chord#: 88 done. best_score=27.0, changed=525, unchanged=405, early_stops=8/8
26 - INFO - chord#: 92 In build_straw_man_chord_sa. tolerance = 1, sa_iterations = 1000, initial_temperature = 3.0, cooling_rate = 0.999
26 - INFO - chord#: 88 done. best_score=27.0, changed=518, unchanged=369, early_stops=8/8
26 - INFO - chord#: 92 In build_straw_man_chord_sa. tolerance = 1, sa_iterations = 1000, initial_temperature = 3.0, cooling_rate = 0.999
26 - INFO - chord#: 64 done. best_score=27.0, changed=518, unchanged=382, early_stops=8/8
26 - INFO - chord#: 66 In build_straw_man_chord_sa. tolerance = 1, sa_iterations = 1000, initial_temperature = 3.0, cooling_rate = 0.999
26 - INFO - chord#: 64 done. best_score=27.0, changed=526, unchanged=433, early_stops=8/8
26 - INFO - chord#: 66 In build_straw_man_chord_sa. tolerance = 1, sa_iterations = 1000, initial_temperature = 3.0, cooling_rate = 0.999
26 - INFO - chord#: 64 done. best_score=27.0, changed=524, unchanged=461, early_stops=8/8
26 - INFO - chord#: 66 In build_straw_man_chord_sa. tolerance = 1, sa_iterations = 1000, initial_temperature = 3.0, cooling_rate = 0.999
26 - INFO - chord#: 66 done. best_score=67.0, changed=613, unchanged=305, early_stops=8/8
26 - INFO - chord#: 68 In build_straw_man_chord_sa. tolerance = 1, sa_iterations = 1000, initial_temperature = 3.0, cooling_rate = 0.999
26 - INFO - chord#: 66 done. best_score=96.0, changed=609, unchanged=277, early_stops=8/8
26 - INFO - chord#: 68 In build_straw_man_chord_sa. tolerance = 1, sa_iterations = 1000, initial_temperature = 3.0, cooling_rate = 0.999
26 - INFO - chord#: 86 done. best_score=137.0, changed=613, unchanged=395, early_stops=8/8
26 - INFO - chord#: 88 In build_straw_man_chord_sa. tolerance = 1, sa_iterations = 1000, initial_temperature = 3.0, cooling_rate = 0.999
26 - INFO - chord#: 92 done. best_score=27.0, changed=519, unchanged=342, early_stops=8/8
26 - INFO - chord#: 94 In build_straw_man_chord_sa. tolerance = 1, sa_iterations = 1000, initial_temperature = 3.0, cooling_rate = 0.999
26 - INFO - chord#: 86 done. best_score=157.0, changed=614, unchanged=239, early_stops=8/8
26 - INFO - chord#: 88 In build_straw_man_chord_sa. tolerance = 1, sa_iterations = 1000, initial_temperature = 3.0, cooling_rate = 0.999
26 - INFO - chord#: 86 done. best_score=145.0, changed=613, unchanged=229, early_stops=8/8
26 - INFO - chord#: 88 In build_straw_man_chord_sa. tolerance = 1, sa_iterations = 1000, initial_temperature = 3.0, cooling_rate = 0.999
26 - INFO - chord#: 92 done. best_score=27.0, changed=521, unchanged=412, early_stops=8/8
26 - INFO - chord#: 94 In build_straw_man_chord_sa. tolerance = 1, sa_iterations = 1000, initial_temperature = 3.0, cooling_rate = 0.999
26 - INFO - chord#: 66 done. best_score=137.0, changed=613, unchanged=343, early_stops=8/8
26 - INFO - chord#: 68 In build_straw_man_chord_sa. tolerance = 1, sa_iterations = 1000, initial_temperature = 3.0, cooling_rate = 0.999
26 - INFO - chord#: 68 done. best_score=27.0, changed=518, unchanged=340, early_stops=8/8
26 - INFO - chord#: 80 In build_straw_man_chord_sa. tolerance = 1, sa_iterations = 1000, initial_temperature = 3.0, cooling_rate = 0.999
26 - INFO - chord#: 88 done. best_score=27.0, changed=535, unchanged=450, early_stops=8/8
26 - INFO - chord#: 92 In build_straw_man_chord_sa. tolerance = 1, sa_iterations = 1000, initial_temperature = 3.0, cooling_rate = 0.999
26 - INFO - chord#: 86 done. best_score=145.0, changed=611, unchanged=300, early_stops=8/8
26 - INFO - chord#: 88 In build_straw_man_chord_sa. tolerance = 1, sa_iterations = 1000, initial_temperature = 3.0, cooling_rate = 0.999
26 - INFO - chord#: 68 done. best_score=27.0, changed=518, unchanged=559, early_stops=8/8
26 - INFO - chord#: 80 In build_straw_man_chord_sa. tolerance = 1, sa_iterations = 1000, initial_temperature = 3.0, cooling_rate = 0.999
26 - INFO - chord#: 88 done. best_score=27.0, changed=537, unchanged=505, early_stops=8/8
26 - INFO - chord#: 92 In build_straw_man_chord_sa. tolerance = 1, sa_iterations = 1000, initial_temperature = 3.0, cooling_rate = 0.999
26 - INFO - chord#: 88 done. best_score=57.0, changed=528, unchanged=426, early_stops=8/8
26 - INFO - chord#: 92 In build_straw_man_chord_sa. tolerance = 1, sa_iterations = 1000, initial_temperature = 3.0, cooling_rate = 0.999
26 - INFO - chord#: 68 done. best_score=27.0, changed=526, unchanged=399, early_stops=8/8
26 - INFO - chord#: 80 In build_straw_man_chord_sa. tolerance = 1, sa_iterations = 1000, initial_temperature = 3.0, cooling_rate = 0.999
26 - INFO - chord#: 92 done. best_score=27.0, changed=520, unchanged=355, early_stops=8/8
26 - INFO - chord#: 94 In build_straw_man_chord_sa. tolerance = 1, sa_iterations = 1000, initial_temperature = 3.0, cooling_rate = 0.999
26 - INFO - chord#: 88 done. best_score=57.0, changed=532, unchanged=428, early_stops=8/8
26 - INFO - chord#: 92 In build_straw_man_chord_sa. tolerance = 1, sa_iterations = 1000, initial_temperature = 3.0, cooling_rate = 0.999
26 - INFO - chord#: 80 done. best_score=27.0, changed=517, unchanged=423, early_stops=8/8
26 - INFO - chord#: 84 In build_straw_man_chord_sa. tolerance = 1, sa_iterations = 1000, initial_temperature = 3.0, cooling_rate = 0.999
26 - INFO - chord#: 66 done. best_score=67.0, changed=609, unchanged=304, early_stops=8/8
26 - INFO - chord#: 68 In build_straw_man_chord_sa. tolerance = 1, sa_iterations = 1000, initial_temperature = 3.0, cooling_rate = 0.999
26 - INFO - chord#: 66 done. best_score=137.0, changed=611, unchanged=239, early_stops=8/8
26 - INFO - chord#: 68 In build_straw_man_chord_sa. tolerance = 1, sa_iterations = 1000, initial_temperature = 3.0, cooling_rate = 0.999
26 - INFO - chord#: 92 done. best_score=27.0, changed=524, unchanged=348, early_stops=8/8
26 - INFO - chord#: 94 In build_straw_man_chord_sa. tolerance = 1, sa_iterations = 1000, initial_temperature = 3.0, cooling_rate = 0.999
26 - INFO - chord#: 66 done. best_score=137.0, changed=609, unchanged=224, early_stops=8/8
26 - INFO - chord#: 68 In build_straw_man_chord_sa. tolerance = 1, sa_iterations = 1000, initial_temperature = 3.0, cooling_rate = 0.999
26 - INFO - chord#: 94 done. best_score=64.0, changed=617, unchanged=351, early_stops=8/8
26 - INFO - chord#: 96 In build_straw_man_chord_sa. tolerance = 1, sa_iterations = 1000, initial_temperature = 3.0, cooling_rate = 0.999
26 - INFO - chord#: 92 done. best_score=27.0, changed=516, unchanged=339, early_stops=8/8
26 - INFO - chord#: 94 In build_straw_man_chord_sa. tolerance = 1, sa_iterations = 1000, initial_temperature = 3.0, cooling_rate = 0.999
26 - INFO - chord#: 80 done. best_score=27.0, changed=528, unchanged=361, early_stops=8/8
26 - INFO - chord#: 84 In build_straw_man_chord_sa. tolerance = 1, sa_iterations = 1000, initial_temperature = 3.0, cooling_rate = 0.999
26 - INFO - chord#: 94 done. best_score=64.0, changed=607, unchanged=227, early_stops=8/8
26 - INFO - chord#: 96 In build_straw_man_chord_sa. tolerance = 1, sa_iterations = 1000, initial_temperature = 3.0, cooling_rate = 0.999
26 - INFO - chord#: 80 done. best_score=27.0, changed=524, unchanged=331, early_stops=8/8
26 - INFO - chord#: 84 In build_straw_man_chord_sa. tolerance = 1, sa_iterations = 1000, initial_temperature = 3.0, cooling_rate = 0.999
26 - INFO - chord#: 92 done. best_score=27.0, changed=518, unchanged=460, early_stops=8/8
26 - INFO - chord#: 94 In build_straw_man_chord_sa. tolerance = 1, sa_iterations = 1000, initial_temperature = 3.0, cooling_rate = 0.999
26 - INFO - chord#: 96 done. best_score=27.0, changed=520, unchanged=404, early_stops=8/8
26 - INFO - chord#: 98 In build_straw_man_chord_sa. tolerance = 1, sa_iterations = 1000, initial_temperature = 3.0, cooling_rate = 0.999
26 - INFO - chord#: 68 done. best_score=27.0, changed=525, unchanged=363, early_stops=8/8
26 - INFO - chord#: 80 In build_straw_man_chord_sa. tolerance = 1, sa_iterations = 1000, initial_temperature = 3.0, cooling_rate = 0.999
26 - INFO - chord#: 68 done. best_score=27.0, changed=526, unchanged=461, early_stops=8/8
26 - INFO - chord#: 96 done. best_score=27.0, changed=521, unchanged=379, early_stops=8/8
26 - INFO - chord#: 80 In build_straw_man_chord_sa. tolerance = 1, sa_iterations = 1000, initial_temperature = 3.0, cooling_rate = 0.999
26 - INFO - chord#: 98 In build_straw_man_chord_sa. tolerance = 1, sa_iterations = 1000, initial_temperature = 3.0, cooling_rate = 0.999
26 - INFO - chord#: 84 done. best_score=27.0, changed=523, unchanged=436, early_stops=8/8
26 - INFO - chord#: 86 In build_straw_man_chord_sa. tolerance = 1, sa_iterations = 1000, initial_temperature = 3.0, cooling_rate = 0.999
26 - INFO - chord#: 68 done. best_score=27.0, changed=528, unchanged=420, early_stops=8/8
26 - INFO - chord#: 80 In build_straw_man_chord_sa. tolerance = 1, sa_iterations = 1000, initial_temperature = 3.0, cooling_rate = 0.999
26 - INFO - chord#: 84 done. best_score=27.0, changed=523, unchanged=378, early_stops=8/8
26 - INFO - chord#: 86 In build_straw_man_chord_sa. tolerance = 1, sa_iterations = 1000, initial_temperature = 3.0, cooling_rate = 0.999
26 - INFO - chord#: 84 done. best_score=27.0, changed=513, unchanged=359, early_stops=8/8
26 - INFO - chord#: 86 In build_straw_man_chord_sa. tolerance = 1, sa_iterations = 1000, initial_temperature = 3.0, cooling_rate = 0.999
26 - INFO - chord#: 94 done. best_score=64.0, changed=617, unchanged=261, early_stops=8/8
26 - INFO - chord#: 96 In build_straw_man_chord_sa. tolerance = 1, sa_iterations = 1000, initial_temperature = 3.0, cooling_rate = 0.999
26 - INFO - chord#: 94 done. best_score=125.0, changed=608, unchanged=281, early_stops=8/8
26 - INFO - chord#: 96 In build_straw_man_chord_sa. tolerance = 1, sa_iterations = 1000, initial_temperature = 3.0, cooling_rate = 0.999
26 - INFO - chord#: 80 done. best_score=27.0, changed=531, unchanged=360, early_stops=8/8
26 - INFO - chord#: 84 In build_straw_man_chord_sa. tolerance = 1, sa_iterations = 1000, initial_temperature = 3.0, cooling_rate = 0.999
26 - INFO - chord#: 80 done. best_score=27.0, changed=523, unchanged=308, early_stops=8/8
26 - INFO - chord#: 84 In build_straw_man_chord_sa. tolerance = 1, sa_iterations = 1000, initial_temperature = 3.0, cooling_rate = 0.999
26 - INFO - chord#: 80 done. best_score=27.0, changed=525, unchanged=393, early_stops=8/8
26 - INFO - chord#: 84 In build_straw_man_chord_sa. tolerance = 1, sa_iterations = 1000, initial_temperature = 3.0, cooling_rate = 0.999
26 - INFO - chord#: 94 done. best_score=104.0, changed=616, unchanged=469, early_stops=8/8
26 - INFO - chord#: 96 In build_straw_man_chord_sa. tolerance = 1, sa_iterations = 1000, initial_temperature = 3.0, cooling_rate = 0.999
26 - INFO - chord#: 96 done. best_score=27.0, changed=517, unchanged=532, early_stops=8/8
26 - INFO - chord#: 98 In build_straw_man_chord_sa. tolerance = 1, sa_iterations = 1000, initial_temperature = 3.0, cooling_rate = 0.999
26 - INFO - chord#: 98 done. best_score=67.0, changed=611, unchanged=234, early_stops=8/8
26 - INFO - chord#: 100 In build_straw_man_chord_sa. tolerance = 1, sa_iterations = 1000, initial_temperature = 3.0, cooling_rate = 0.999
26 - INFO - chord#: 96 done. best_score=27.0, changed=526, unchanged=388, early_stops=8/8
26 - INFO - chord#: 98 In build_straw_man_chord_sa. tolerance = 1, sa_iterations = 1000, initial_temperature = 3.0, cooling_rate = 0.999
26 - INFO - chord#: 94 done. best_score=64.0, changed=610, unchanged=317, early_stops=8/8
26 - INFO - chord#: 96 In build_straw_man_chord_sa. tolerance = 1, sa_iterations = 1000, initial_temperature = 3.0, cooling_rate = 0.999
26 - INFO - chord#: 98 done. best_score=67.0, changed=613, unchanged=332, early_stops=8/8
26 - INFO - chord#: 100 In build_straw_man_chord_sa. tolerance = 1, sa_iterations = 1000, initial_temperature = 3.0, cooling_rate = 0.999
26 - INFO - chord#: 84 done. best_score=27.0, changed=530, unchanged=425, early_stops=8/8
26 - INFO - chord#: 86 In build_straw_man_chord_sa. tolerance = 1, sa_iterations = 1000, initial_temperature = 3.0, cooling_rate = 0.999
26 - INFO - chord#: 84 done. best_score=27.0, changed=526, unchanged=390, early_stops=8/8
26 - INFO - chord#: 86 In build_straw_man_chord_sa. tolerance = 1, sa_iterations = 1000, initial_temperature = 3.0, cooling_rate = 0.999
26 - INFO - chord#: 84 done. best_score=27.0, changed=526, unchanged=447, early_stops=8/8
26 - INFO - chord#: 86 In build_straw_man_chord_sa. tolerance = 1, sa_iterations = 1000, initial_temperature = 3.0, cooling_rate = 0.999
26 - INFO - chord#: 96 done. best_score=27.0, changed=519, unchanged=346, early_stops=8/8
26 - INFO - chord#: 98 In build_straw_man_chord_sa. tolerance = 1, sa_iterations = 1000, initial_temperature = 3.0, cooling_rate = 0.999
26 - INFO - chord#: 86 done. best_score=67.0, changed=615, unchanged=289, early_stops=8/8
26 - INFO - chord#: 88 In build_straw_man_chord_sa. tolerance = 1, sa_iterations = 1000, initial_temperature = 3.0, cooling_rate = 0.999
26 - INFO - chord#: 100 done. best_score=27.0, changed=524, unchanged=505, early_stops=8/8
26 - INFO - chord#: 104 In build_straw_man_chord_sa. tolerance = 1, sa_iterations = 1000, initial_temperature = 3.0, cooling_rate = 0.999
26 - INFO - chord#: 86 done. best_score=137.0, changed=611, unchanged=307, early_stops=8/8
26 - INFO - chord#: 88 In build_straw_man_chord_sa. tolerance = 1, sa_iterations = 1000, initial_temperature = 3.0, cooling_rate = 0.999
26 - INFO - chord#: 96 done. best_score=27.0, changed=519, unchanged=338, early_stops=8/8
26 - INFO - chord#: 98 In build_straw_man_chord_sa. tolerance = 1, sa_iterations = 1000, initial_temperature = 3.0, cooling_rate = 0.999
26 - INFO - chord#: 100 done. best_score=27.0, changed=516, unchanged=461, early_stops=8/8
26 - INFO - chord#: 104 In build_straw_man_chord_sa. tolerance = 1, sa_iterations = 1000, initial_temperature = 3.0, cooling_rate = 0.999
26 - INFO - chord#: 86 done. best_score=67.0, changed=610, unchanged=338, early_stops=8/8
26 - INFO - chord#: 88 In build_straw_man_chord_sa. tolerance = 1, sa_iterations = 1000, initial_temperature = 3.0, cooling_rate = 0.999
26 - INFO - chord#: 98 done. best_score=96.0, changed=610, unchanged=207, early_stops=8/8
26 - INFO - chord#: 100 In build_straw_man_chord_sa. tolerance = 1, sa_iterations = 1000, initial_temperature = 3.0, cooling_rate = 0.999
26 - INFO - chord#: 104 done. best_score=35.0, changed=530, unchanged=543, early_stops=8/8
26 - INFO - chord#: 106 In build_straw_man_chord_sa. tolerance = 1, sa_iterations = 1000, initial_temperature = 3.0, cooling_rate = 0.999
26 - INFO - chord#: 88 done. best_score=27.0, changed=524, unchanged=374, early_stops=8/8
26 - INFO - chord#: 92 In build_straw_man_chord_sa. tolerance = 1, sa_iterations = 1000, initial_temperature = 3.0, cooling_rate = 0.999
26 - INFO - chord#: 104 done. best_score=35.0, changed=524, unchanged=370, early_stops=8/8
26 - INFO - chord#: 106 In build_straw_man_chord_sa. tolerance = 1, sa_iterations = 1000, initial_temperature = 3.0, cooling_rate = 0.999
26 - INFO - chord#: 88 done. best_score=27.0, changed=523, unchanged=430, early_stops=8/8
26 - INFO - chord#: 92 In build_straw_man_chord_sa. tolerance = 1, sa_iterations = 1000, initial_temperature = 3.0, cooling_rate = 0.999
26 - INFO - chord#: 98 done. best_score=145.0, changed=616, unchanged=398, early_stops=8/8
26 - INFO - chord#: 100 In build_straw_man_chord_sa. tolerance = 1, sa_iterations = 1000, initial_temperature = 3.0, cooling_rate = 0.999
26 - INFO - chord#: 98 done. best_score=67.0, changed=608, unchanged=254, early_stops=8/8
26 - INFO - chord#: 100 In build_straw_man_chord_sa. tolerance = 1, sa_iterations = 1000, initial_temperature = 3.0, cooling_rate = 0.999
26 - INFO - chord#: 88 done. best_score=27.0, changed=531, unchanged=426, early_stops=8/8
26 - INFO - chord#: 92 In build_straw_man_chord_sa. tolerance = 1, sa_iterations = 1000, initial_temperature = 3.0, cooling_rate = 0.999
26 - INFO - chord#: 106 done. best_score=36.0, changed=521, unchanged=355, early_stops=8/8
26 - INFO - chord#: 108 In build_straw_man_chord_sa. tolerance = 1, sa_iterations = 1000, initial_temperature = 3.0, cooling_rate = 0.999
26 - INFO - chord#: 106 done. best_score=36.0, changed=521, unchanged=418, early_stops=8/8
26 - INFO - chord#: 108 In build_straw_man_chord_sa. tolerance = 1, sa_iterations = 1000, initial_temperature = 3.0, cooling_rate = 0.999
26 - INFO - chord#: 86 done. best_score=67.0, changed=607, unchanged=229, early_stops=8/8
26 - INFO - chord#: 88 In build_straw_man_chord_sa. tolerance = 1, sa_iterations = 1000, initial_temperature = 3.0, cooling_rate = 0.999
26 - INFO - chord#: 100 done. best_score=27.0, changed=527, unchanged=518, early_stops=8/8
26 - INFO - chord#: 104 In build_straw_man_chord_sa. tolerance = 1, sa_iterations = 1000, initial_temperature = 3.0, cooling_rate = 0.999
26 - INFO - chord#: 98 done. best_score=96.0, changed=610, unchanged=283, early_stops=8/8
26 - INFO - chord#: 100 In build_straw_man_chord_sa. tolerance = 1, sa_iterations = 1000, initial_temperature = 3.0, cooling_rate = 0.999
26 - INFO - chord#: 92 done. best_score=27.0, changed=514, unchanged=406, early_stops=8/8
26 - INFO - chord#: 94 In build_straw_man_chord_sa. tolerance = 1, sa_iterations = 1000, initial_temperature = 3.0, cooling_rate = 0.999
26 - INFO - chord#: 100 done. best_score=27.0, changed=515, unchanged=411, early_stops=8/8
26 - INFO - chord#: 104 In build_straw_man_chord_sa. tolerance = 1, sa_iterations = 1000, initial_temperature = 3.0, cooling_rate = 0.999
26 - INFO - chord#: 86 done. best_score=157.0, changed=608, unchanged=313, early_stops=8/8
26 - INFO - chord#: 88 In build_straw_man_chord_sa. tolerance = 1, sa_iterations = 1000, initial_temperature = 3.0, cooling_rate = 0.999
26 - INFO - chord#: 86 done. best_score=137.0, changed=612, unchanged=332, early_stops=8/8
26 - INFO - chord#: 88 In build_straw_man_chord_sa. tolerance = 1, sa_iterations = 1000, initial_temperature = 3.0, cooling_rate = 0.999
26 - INFO - chord#: 100 done. best_score=27.0, changed=514, unchanged=351, early_stops=8/8
26 - INFO - chord#: 104 In build_straw_man_chord_sa. tolerance = 1, sa_iterations = 1000, initial_temperature = 3.0, cooling_rate = 0.999
26 - INFO - chord#: 92 done. best_score=27.0, changed=524, unchanged=347, early_stops=8/8
26 - INFO - chord#: 94 In build_straw_man_chord_sa. tolerance = 1, sa_iterations = 1000, initial_temperature = 3.0, cooling_rate = 0.999
26 - INFO - chord#: 92 done. best_score=27.0, changed=537, unchanged=515, early_stops=8/8
26 - INFO - chord#: 94 In build_straw_man_chord_sa. tolerance = 1, sa_iterations = 1000, initial_temperature = 3.0, cooling_rate = 0.999
26 - INFO - chord#: 108 done. best_score=27.0, changed=520, unchanged=427, early_stops=8/8
26 - INFO - chord#: 104 done. best_score=35.0, changed=516, unchanged=367, early_stops=8/8
26 - INFO - chord#: 112 In build_straw_man_chord_sa. tolerance = 1, sa_iterations = 1000, initial_temperature = 3.0, cooling_rate = 0.999
26 - INFO - chord#: 106 In build_straw_man_chord_sa. tolerance = 1, sa_iterations = 1000, initial_temperature = 3.0, cooling_rate = 0.999
26 - INFO - chord#: 108 done. best_score=27.0, changed=521, unchanged=509, early_stops=8/8
26 - INFO - chord#: 112 In build_straw_man_chord_sa. tolerance = 1, sa_iterations = 1000, initial_temperature = 3.0, cooling_rate = 0.999
26 - INFO - chord#: 104 done. best_score=35.0, changed=526, unchanged=355, early_stops=8/8
26 - INFO - chord#: 106 In build_straw_man_chord_sa. tolerance = 1, sa_iterations = 1000, initial_temperature = 3.0, cooling_rate = 0.999
26 - INFO - chord#: 100 done. best_score=27.0, changed=525, unchanged=381, early_stops=8/8
26 - INFO - chord#: 104 In build_straw_man_chord_sa. tolerance = 1, sa_iterations = 1000, initial_temperature = 3.0, cooling_rate = 0.999
26 - INFO - chord#: 88 done. best_score=27.0, changed=530, unchanged=447, early_stops=8/8
26 - INFO - chord#: 92 In build_straw_man_chord_sa. tolerance = 1, sa_iterations = 1000, initial_temperature = 3.0, cooling_rate = 0.999
26 - INFO - chord#: 104 done. best_score=35.0, changed=518, unchanged=377, early_stops=8/8
26 - INFO - chord#: 106 In build_straw_man_chord_sa. tolerance = 1, sa_iterations = 1000, initial_temperature = 3.0, cooling_rate = 0.999
26 - INFO - chord#: 88 done. best_score=27.0, changed=530, unchanged=443, early_stops=8/8
26 - INFO - chord#: 92 In build_straw_man_chord_sa. tolerance = 1, sa_iterations = 1000, initial_temperature = 3.0, cooling_rate = 0.999
26 - INFO - chord#: 88 done. best_score=27.0, changed=528, unchanged=430, early_stops=8/8
26 - INFO - chord#: 92 In build_straw_man_chord_sa. tolerance = 1, sa_iterations = 1000, initial_temperature = 3.0, cooling_rate = 0.999
26 - INFO - chord#: 112 done. best_score=27.0, changed=517, unchanged=411, early_stops=8/8
26 - INFO - chord#: 116 In build_straw_man_chord_sa. tolerance = 1, sa_iterations = 1000, initial_temperature = 3.0, cooling_rate = 0.999
26 - INFO - chord#: 106 done. best_score=36.0, changed=530, unchanged=391, early_stops=8/8
26 - INFO - chord#: 108 In build_straw_man_chord_sa. tolerance = 1, sa_iterations = 1000, initial_temperature = 3.0, cooling_rate = 0.999
26 - INFO - chord#: 112 done. best_score=27.0, changed=518, unchanged=343, early_stops=8/8
26 - INFO - chord#: 116 In build_straw_man_chord_sa. tolerance = 1, sa_iterations = 1000, initial_temperature = 3.0, cooling_rate = 0.999
26 - INFO - chord#: 106 done. best_score=36.0, changed=516, unchanged=311, early_stops=8/8
26 - INFO - chord#: 108 In build_straw_man_chord_sa. tolerance = 1, sa_iterations = 1000, initial_temperature = 3.0, cooling_rate = 0.999
26 - INFO - chord#: 104 done. best_score=35.0, changed=523, unchanged=348, early_stops=8/8
26 - INFO - chord#: 106 In build_straw_man_chord_sa. tolerance = 1, sa_iterations = 1000, initial_temperature = 3.0, cooling_rate = 0.999
26 - INFO - chord#: 106 done. best_score=36.0, changed=518, unchanged=350, early_stops=8/8
26 - INFO - chord#: 108 In build_straw_man_chord_sa. tolerance = 1, sa_iterations = 1000, initial_temperature = 3.0, cooling_rate = 0.999
26 - INFO - chord#: 92 done. best_score=27.0, changed=527, unchanged=393, early_stops=8/8
26 - INFO - chord#: 94 In build_straw_man_chord_sa. tolerance = 1, sa_iterations = 1000, initial_temperature = 3.0, cooling_rate = 0.999
26 - INFO - chord#: 116 done. best_score=27.0, changed=527, unchanged=341, early_stops=8/8
26 - INFO - chord#: 118 In build_straw_man_chord_sa. tolerance = 1, sa_iterations = 1000, initial_temperature = 3.0, cooling_rate = 0.999
26 - INFO - chord#: 116 done. best_score=27.0, changed=517, unchanged=322, early_stops=8/8
26 - INFO - chord#: 118 In build_straw_man_chord_sa. tolerance = 1, sa_iterations = 1000, initial_temperature = 3.0, cooling_rate = 0.999
26 - INFO - chord#: 94 done. best_score=64.0, changed=607, unchanged=213, early_stops=8/8
26 - INFO - chord#: 96 In build_straw_man_chord_sa. tolerance = 1, sa_iterations = 1000, initial_temperature = 3.0, cooling_rate = 0.999
26 - INFO - chord#: 92 done. best_score=27.0, changed=524, unchanged=352, early_stops=8/8
26 - INFO - chord#: 94 In build_straw_man_chord_sa. tolerance = 1, sa_iterations = 1000, initial_temperature = 3.0, cooling_rate = 0.999
26 - INFO - chord#: 108 done. best_score=27.0, changed=521, unchanged=423, early_stops=8/8
26 - INFO - chord#: 112 In build_straw_man_chord_sa. tolerance = 1, sa_iterations = 1000, initial_temperature = 3.0, cooling_rate = 0.999
26 - INFO - chord#: 106 done. best_score=36.0, changed=538, unchanged=374, early_stops=8/8
26 - INFO - chord#: 108 In build_straw_man_chord_sa. tolerance = 1, sa_iterations = 1000, initial_temperature = 3.0, cooling_rate = 0.999
26 - INFO - chord#: 108 done. best_score=27.0, changed=521, unchanged=456, early_stops=8/8
26 - INFO - chord#: 112 In build_straw_man_chord_sa. tolerance = 1, sa_iterations = 1000, initial_temperature = 3.0, cooling_rate = 0.999
26 - INFO - chord#: 92 done. best_score=27.0, changed=529, unchanged=489, early_stops=8/8
26 - INFO - chord#: 94 In build_straw_man_chord_sa. tolerance = 1, sa_iterations = 1000, initial_temperature = 3.0, cooling_rate = 0.999
26 - INFO - chord#: 94 done. best_score=146.0, changed=608, unchanged=333, early_stops=8/8
26 - INFO - chord#: 96 In build_straw_man_chord_sa. tolerance = 1, sa_iterations = 1000, initial_temperature = 3.0, cooling_rate = 0.999
26 - INFO - chord#: 94 done. best_score=64.0, changed=611, unchanged=267, early_stops=8/8
26 - INFO - chord#: 96 In build_straw_man_chord_sa. tolerance = 1, sa_iterations = 1000, initial_temperature = 3.0, cooling_rate = 0.999
26 - INFO - chord#: 108 done. best_score=27.0, changed=527, unchanged=550, early_stops=8/8
26 - INFO - chord#: 112 In build_straw_man_chord_sa. tolerance = 1, sa_iterations = 1000, initial_temperature = 3.0, cooling_rate = 0.999
26 - INFO - chord#: 118 done. best_score=27.0, changed=527, unchanged=425, early_stops=8/8
26 - INFO - chord#: 120 In build_straw_man_chord_sa. tolerance = 1, sa_iterations = 1000, initial_temperature = 3.0, cooling_rate = 0.999
26 - INFO - chord#: 118 done. best_score=27.0, changed=517, unchanged=473, early_stops=8/8
26 - INFO - chord#: 120 In build_straw_man_chord_sa. tolerance = 1, sa_iterations = 1000, initial_temperature = 3.0, cooling_rate = 0.999
26 - INFO - chord#: 112 done. best_score=27.0, changed=514, unchanged=383, early_stops=8/8
26 - INFO - chord#: 116 In build_straw_man_chord_sa. tolerance = 1, sa_iterations = 1000, initial_temperature = 3.0, cooling_rate = 0.999
26 - INFO - chord#: 108 done. best_score=27.0, changed=518, unchanged=413, early_stops=8/8
26 - INFO - chord#: 112 In build_straw_man_chord_sa. tolerance = 1, sa_iterations = 1000, initial_temperature = 3.0, cooling_rate = 0.999
26 - INFO - chord#: 112 done. best_score=27.0, changed=520, unchanged=466, early_stops=8/8
26 - INFO - chord#: 116 In build_straw_man_chord_sa. tolerance = 1, sa_iterations = 1000, initial_temperature = 3.0, cooling_rate = 0.999
26 - INFO - chord#: 96 done. best_score=27.0, changed=514, unchanged=421, early_stops=8/8
26 - INFO - chord#: 98 In build_straw_man_chord_sa. tolerance = 1, sa_iterations = 1000, initial_temperature = 3.0, cooling_rate = 0.999
26 - INFO - chord#: 96 done. best_score=27.0, changed=521, unchanged=413, early_stops=8/8
26 - INFO - chord#: 98 In build_straw_man_chord_sa. tolerance = 1, sa_iterations = 1000, initial_temperature = 3.0, cooling_rate = 0.999
26 - INFO - chord#: 112 done. best_score=27.0, changed=525, unchanged=353, early_stops=8/8
26 - INFO - chord#: 116 In build_straw_man_chord_sa. tolerance = 1, sa_iterations = 1000, initial_temperature = 3.0, cooling_rate = 0.999
26 - INFO - chord#: 96 done. best_score=27.0, changed=520, unchanged=405, early_stops=8/8
26 - INFO - chord#: 98 In build_straw_man_chord_sa. tolerance = 1, sa_iterations = 1000, initial_temperature = 3.0, cooling_rate = 0.999
26 - INFO - chord#: 116 done. best_score=27.0, changed=526, unchanged=383, early_stops=8/8
26 - INFO - chord#: 118 In build_straw_man_chord_sa. tolerance = 1, sa_iterations = 1000, initial_temperature = 3.0, cooling_rate = 0.999
26 - INFO - chord#: 120 done. best_score=27.0, changed=520, unchanged=474, early_stops=8/8
26 - INFO - chord#: 122 In build_straw_man_chord_sa. tolerance = 1, sa_iterations = 1000, initial_temperature = 3.0, cooling_rate = 0.999
26 - INFO - chord#: 120 done. best_score=27.0, changed=522, unchanged=530, early_stops=8/8
26 - INFO - chord#: 122 In build_straw_man_chord_sa. tolerance = 1, sa_iterations = 1000, initial_temperature = 3.0, cooling_rate = 0.999
26 - INFO - chord#: 112 done. best_score=27.0, changed=527, unchanged=508, early_stops=8/8
26 - INFO - chord#: 116 In build_straw_man_chord_sa. tolerance = 1, sa_iterations = 1000, initial_temperature = 3.0, cooling_rate = 0.999
26 - INFO - chord#: 116 done. best_score=27.0, changed=526, unchanged=442, early_stops=8/8
26 - INFO - chord#: 118 In build_straw_man_chord_sa. tolerance = 1, sa_iterations = 1000, initial_temperature = 3.0, cooling_rate = 0.999
26 - INFO - chord#: 94 done. best_score=64.0, changed=609, unchanged=230, early_stops=8/8
26 - INFO - chord#: 96 In build_straw_man_chord_sa. tolerance = 1, sa_iterations = 1000, initial_temperature = 3.0, cooling_rate = 0.999
26 - INFO - chord#: 116 done. best_score=27.0, changed=527, unchanged=424, early_stops=8/8
26 - INFO - chord#: 118 In build_straw_man_chord_sa. tolerance = 1, sa_iterations = 1000, initial_temperature = 3.0, cooling_rate = 0.999
26 - INFO - chord#: 118 done. best_score=27.0, changed=521, unchanged=348, early_stops=8/8
26 - INFO - chord#: 120 In build_straw_man_chord_sa. tolerance = 1, sa_iterations = 1000, initial_temperature = 3.0, cooling_rate = 0.999
26 - INFO - chord#: 94 done. best_score=64.0, changed=611, unchanged=346, early_stops=8/8
26 - INFO - chord#: 96 In build_straw_man_chord_sa. tolerance = 1, sa_iterations = 1000, initial_temperature = 3.0, cooling_rate = 0.999
26 - INFO - chord#: 116 done. best_score=27.0, changed=529, unchanged=356, early_stops=8/8
26 - INFO - chord#: 118 In build_straw_man_chord_sa. tolerance = 1, sa_iterations = 1000, initial_temperature = 3.0, cooling_rate = 0.999
26 - INFO - chord#: 118 done. best_score=27.0, changed=524, unchanged=396, early_stops=8/8
26 - INFO - chord#: 120 In build_straw_man_chord_sa. tolerance = 1, sa_iterations = 1000, initial_temperature = 3.0, cooling_rate = 0.999
26 - INFO - chord#: 94 done. best_score=104.0, changed=614, unchanged=396, early_stops=8/8
26 - INFO - chord#: 96 In build_straw_man_chord_sa. tolerance = 1, sa_iterations = 1000, initial_temperature = 3.0, cooling_rate = 0.999
26 - INFO - chord#: 118 done. best_score=27.0, changed=517, unchanged=395, early_stops=8/8
26 - INFO - chord#: 120 In build_straw_man_chord_sa. tolerance = 1, sa_iterations = 1000, initial_temperature = 3.0, cooling_rate = 0.999
26 - INFO - chord#: 98 done. best_score=96.0, changed=612, unchanged=225, early_stops=8/8
26 - INFO - chord#: 100 In build_straw_man_chord_sa. tolerance = 1, sa_iterations = 1000, initial_temperature = 3.0, cooling_rate = 0.999
26 - INFO - chord#: 96 done. best_score=27.0, changed=518, unchanged=400, early_stops=8/8
26 - INFO - chord#: 98 In build_straw_man_chord_sa. tolerance = 1, sa_iterations = 1000, initial_temperature = 3.0, cooling_rate = 0.999
26 - INFO - chord#: 120 done. best_score=27.0, changed=533, unchanged=537, early_stops=8/8
26 - INFO - chord#: 122 In build_straw_man_chord_sa. tolerance = 1, sa_iterations = 1000, initial_temperature = 3.0, cooling_rate = 0.999
26 - INFO - chord#: 118 done. best_score=27.0, changed=516, unchanged=374, early_stops=8/8
26 - INFO - chord#: 120 In build_straw_man_chord_sa. tolerance = 1, sa_iterations = 1000, initial_temperature = 3.0, cooling_rate = 0.999
26 - INFO - chord#: 120 done. best_score=27.0, changed=526, unchanged=449, early_stops=8/8
26 - INFO - chord#: 122 In build_straw_man_chord_sa. tolerance = 1, sa_iterations = 1000, initial_temperature = 3.0, cooling_rate = 0.999
26 - INFO - chord#: 122 done. best_score=95.0, changed=613, unchanged=379, early_stops=8/8
26 - INFO - chord#: 124 In build_straw_man_chord_sa. tolerance = 1, sa_iterations = 1000, initial_temperature = 3.0, cooling_rate = 0.999
26 - INFO - chord#: 96 done. best_score=27.0, changed=515, unchanged=385, early_stops=8/8
26 - INFO - chord#: 98 In build_straw_man_chord_sa. tolerance = 1, sa_iterations = 1000, initial_temperature = 3.0, cooling_rate = 0.999
26 - INFO - chord#: 98 done. best_score=67.0, changed=616, unchanged=269, early_stops=8/8
26 - INFO - chord#: 100 In build_straw_man_chord_sa. tolerance = 1, sa_iterations = 1000, initial_temperature = 3.0, cooling_rate = 0.999
26 - INFO - chord#: 98 done. best_score=145.0, changed=609, unchanged=375, early_stops=8/8
26 - INFO - chord#: 100 In build_straw_man_chord_sa. tolerance = 1, sa_iterations = 1000, initial_temperature = 3.0, cooling_rate = 0.999
26 - INFO - chord#: 120 done. best_score=27.0, changed=519, unchanged=377, early_stops=8/8
26 - INFO - chord#: 122 In build_straw_man_chord_sa. tolerance = 1, sa_iterations = 1000, initial_temperature = 3.0, cooling_rate = 0.999
26 - INFO - chord#: 122 done. best_score=90.0, changed=611, unchanged=400, early_stops=8/8
26 - INFO - chord#: 124 In build_straw_man_chord_sa. tolerance = 1, sa_iterations = 1000, initial_temperature = 3.0, cooling_rate = 0.999
26 - INFO - chord#: 96 done. best_score=27.0, changed=523, unchanged=448, early_stops=8/8
26 - INFO - chord#: 98 In build_straw_man_chord_sa. tolerance = 1, sa_iterations = 1000, initial_temperature = 3.0, cooling_rate = 0.999
26 - INFO - chord#: 100 done. best_score=27.0, changed=520, unchanged=438, early_stops=8/8
26 - INFO - chord#: 104 In build_straw_man_chord_sa. tolerance = 1, sa_iterations = 1000, initial_temperature = 3.0, cooling_rate = 0.999
26 - INFO - chord#: 120 done. best_score=27.0, changed=523, unchanged=474, early_stops=8/8
26 - INFO - chord#: 122 In build_straw_man_chord_sa. tolerance = 1, sa_iterations = 1000, initial_temperature = 3.0, cooling_rate = 0.999
26 - INFO - chord#: 124 done. best_score=27.0, changed=516, unchanged=381, early_stops=8/8
26 - INFO - chord#: 126 In build_straw_man_chord_sa. tolerance = 1, sa_iterations = 1000, initial_temperature = 3.0, cooling_rate = 0.999
26 - INFO - chord#: 100 done. best_score=36.0, changed=522, unchanged=367, early_stops=8/8
26 - INFO - chord#: 124 done. best_score=27.0, changed=518, unchanged=426, early_stops=8/8
26 - INFO - chord#: 104 In build_straw_man_chord_sa. tolerance = 1, sa_iterations = 1000, initial_temperature = 3.0, cooling_rate = 0.999
26 - INFO - chord#: 126 In build_straw_man_chord_sa. tolerance = 1, sa_iterations = 1000, initial_temperature = 3.0, cooling_rate = 0.999
26 - INFO - chord#: 100 done. best_score=27.0, changed=517, unchanged=392, early_stops=8/8
26 - INFO - chord#: 104 In build_straw_man_chord_sa. tolerance = 1, sa_iterations = 1000, initial_temperature = 3.0, cooling_rate = 0.999
26 - INFO - chord#: 104 done. best_score=35.0, changed=522, unchanged=384, early_stops=8/8
26 - INFO - chord#: 106 In build_straw_man_chord_sa. tolerance = 1, sa_iterations = 1000, initial_temperature = 3.0, cooling_rate = 0.999
26 - INFO - chord#: 98 done. best_score=67.0, changed=616, unchanged=361, early_stops=8/8
26 - INFO - chord#: 100 In build_straw_man_chord_sa. tolerance = 1, sa_iterations = 1000, initial_temperature = 3.0, cooling_rate = 0.999
26 - INFO - chord#: 122 done. best_score=90.0, changed=612, unchanged=245, early_stops=8/8
26 - INFO - chord#: 124 In build_straw_man_chord_sa. tolerance = 1, sa_iterations = 1000, initial_temperature = 3.0, cooling_rate = 0.999
26 - INFO - chord#: 122 done. best_score=90.0, changed=617, unchanged=476, early_stops=8/8
26 - INFO - chord#: 124 In build_straw_man_chord_sa. tolerance = 1, sa_iterations = 1000, initial_temperature = 3.0, cooling_rate = 0.999
26 - INFO - chord#: 104 done. best_score=35.0, changed=528, unchanged=380, early_stops=8/8
26 - INFO - chord#: 106 In build_straw_man_chord_sa. tolerance = 1, sa_iterations = 1000, initial_temperature = 3.0, cooling_rate = 0.999
26 - INFO - chord#: 122 done. best_score=95.0, changed=612, unchanged=393, early_stops=8/8
26 - INFO - chord#: 124 In build_straw_man_chord_sa. tolerance = 1, sa_iterations = 1000, initial_temperature = 3.0, cooling_rate = 0.999
26 - INFO - chord#: 104 done. best_score=35.0, changed=515, unchanged=473, early_stops=8/8
26 - INFO - chord#: 106 In build_straw_man_chord_sa. tolerance = 1, sa_iterations = 1000, initial_temperature = 3.0, cooling_rate = 0.999
26 - INFO - chord#: 106 done. best_score=36.0, changed=516, unchanged=313, early_stops=8/8
26 - INFO - chord#: 108 In build_straw_man_chord_sa. tolerance = 1, sa_iterations = 1000, initial_temperature = 3.0, cooling_rate = 0.999
26 - INFO - chord#: 124 done. best_score=27.0, changed=513, unchanged=311, early_stops=8/8
26 - INFO - chord#: 126 In build_straw_man_chord_sa. tolerance = 1, sa_iterations = 1000, initial_temperature = 3.0, cooling_rate = 0.999
26 - INFO - chord#: 98 done. best_score=157.0, changed=611, unchanged=250, early_stops=8/8
26 - INFO - chord#: 100 In build_straw_man_chord_sa. tolerance = 1, sa_iterations = 1000, initial_temperature = 3.0, cooling_rate = 0.999
26 - INFO - chord#: 126 done. best_score=93.0, changed=617, unchanged=363, early_stops=8/8
26 - INFO - chord#: 128 In build_straw_man_chord_sa. tolerance = 1, sa_iterations = 1000, initial_temperature = 3.0, cooling_rate = 0.999
26 - INFO - chord#: 122 done. best_score=95.0, changed=617, unchanged=352, early_stops=8/8
26 - INFO - chord#: 100 done. best_score=27.0, changed=519, unchanged=339, early_stops=8/8
26 - INFO - chord#: 124 In build_straw_man_chord_sa. tolerance = 1, sa_iterations = 1000, initial_temperature = 3.0, cooling_rate = 0.999
26 - INFO - chord#: 104 In build_straw_man_chord_sa. tolerance = 1, sa_iterations = 1000, initial_temperature = 3.0, cooling_rate = 0.999
26 - INFO - chord#: 98 done. best_score=145.0, changed=614, unchanged=424, early_stops=8/8
26 - INFO - chord#: 100 In build_straw_man_chord_sa. tolerance = 1, sa_iterations = 1000, initial_temperature = 3.0, cooling_rate = 0.999
26 - INFO - chord#: 124 done. best_score=27.0, changed=518, unchanged=480, early_stops=8/8
26 - INFO - chord#: 126 In build_straw_man_chord_sa. tolerance = 1, sa_iterations = 1000, initial_temperature = 3.0, cooling_rate = 0.999
26 - INFO - chord#: 126 done. best_score=93.0, changed=611, unchanged=286, early_stops=8/8
26 - INFO - chord#: 128 In build_straw_man_chord_sa. tolerance = 1, sa_iterations = 1000, initial_temperature = 3.0, cooling_rate = 0.999
26 - INFO - chord#: 124 done. best_score=27.0, changed=522, unchanged=424, early_stops=8/8
26 - INFO - chord#: 126 In build_straw_man_chord_sa. tolerance = 1, sa_iterations = 1000, initial_temperature = 3.0, cooling_rate = 0.999
26 - INFO - chord#: 106 done. best_score=36.0, changed=523, unchanged=430, early_stops=8/8
26 - INFO - chord#: 108 In build_straw_man_chord_sa. tolerance = 1, sa_iterations = 1000, initial_temperature = 3.0, cooling_rate = 0.999
26 - INFO - chord#: 106 done. best_score=36.0, changed=517, unchanged=338, early_stops=8/8
26 - INFO - chord#: 108 In build_straw_man_chord_sa. tolerance = 1, sa_iterations = 1000, initial_temperature = 3.0, cooling_rate = 0.999
26 - INFO - chord#: 128 done. best_score=27.0, changed=516, unchanged=414, early_stops=8/8
26 - INFO - chord#: 130 In build_straw_man_chord_sa. tolerance = 1, sa_iterations = 1000, initial_temperature = 3.0, cooling_rate = 0.999
26 - INFO - chord#: 108 done. best_score=27.0, changed=527, unchanged=468, early_stops=8/8
26 - INFO - chord#: 112 In build_straw_man_chord_sa. tolerance = 1, sa_iterations = 1000, initial_temperature = 3.0, cooling_rate = 0.999
26 - INFO - chord#: 100 done. best_score=27.0, changed=514, unchanged=330, early_stops=8/8
26 - INFO - chord#: 104 In build_straw_man_chord_sa. tolerance = 1, sa_iterations = 1000, initial_temperature = 3.0, cooling_rate = 0.999
26 - INFO - chord#: 100 done. best_score=36.0, changed=514, unchanged=359, early_stops=8/8
26 - INFO - chord#: 104 In build_straw_man_chord_sa. tolerance = 1, sa_iterations = 1000, initial_temperature = 3.0, cooling_rate = 0.999
26 - INFO - chord#: 130 done. best_score=11.0, changed=489, unchanged=335, early_stops=8/8
26 - INFO - chord#: 132 In build_straw_man_chord_sa. tolerance = 1, sa_iterations = 1000, initial_temperature = 3.0, cooling_rate = 0.999
26 - INFO - chord#: 124 done. best_score=27.0, changed=531, unchanged=638, early_stops=8/8
26 - INFO - chord#: 126 In build_straw_man_chord_sa. tolerance = 1, sa_iterations = 1000, initial_temperature = 3.0, cooling_rate = 0.999
26 - INFO - chord#: 128 done. best_score=27.0, changed=528, unchanged=424, early_stops=8/8
26 - INFO - chord#: 130 In build_straw_man_chord_sa. tolerance = 1, sa_iterations = 1000, initial_temperature = 3.0, cooling_rate = 0.999
26 - INFO - chord#: 104 done. best_score=35.0, changed=537, unchanged=497, early_stops=8/8
26 - INFO - chord#: 106 In build_straw_man_chord_sa. tolerance = 1, sa_iterations = 1000, initial_temperature = 3.0, cooling_rate = 0.999
26 - INFO - chord#: 130 done. best_score=11.0, changed=494, unchanged=356, early_stops=8/8
26 - INFO - chord#: 132 In build_straw_man_chord_sa. tolerance = 1, sa_iterations = 1000, initial_temperature = 3.0, cooling_rate = 0.999
26 - INFO - chord#: 108 done. best_score=27.0, changed=522, unchanged=440, early_stops=8/8
26 - INFO - chord#: 112 In build_straw_man_chord_sa. tolerance = 1, sa_iterations = 1000, initial_temperature = 3.0, cooling_rate = 0.999
26 - INFO - chord#: 126 done. best_score=96.0, changed=613, unchanged=281, early_stops=8/8
26 - INFO - chord#: 128 In build_straw_man_chord_sa. tolerance = 1, sa_iterations = 1000, initial_temperature = 3.0, cooling_rate = 0.999
26 - INFO - chord#: 108 done. best_score=27.0, changed=524, unchanged=531, early_stops=8/8
26 - INFO - chord#: 112 In build_straw_man_chord_sa. tolerance = 1, sa_iterations = 1000, initial_temperature = 3.0, cooling_rate = 0.999
26 - INFO - chord#: 104 done. best_score=35.0, changed=531, unchanged=545, early_stops=8/8
26 - INFO - chord#: 106 In build_straw_man_chord_sa. tolerance = 1, sa_iterations = 1000, initial_temperature = 3.0, cooling_rate = 0.999
26 - INFO - chord#: 126 done. best_score=96.0, changed=610, unchanged=348, early_stops=8/8
26 - INFO - chord#: 128 In build_straw_man_chord_sa. tolerance = 1, sa_iterations = 1000, initial_temperature = 3.0, cooling_rate = 0.999
26 - INFO - chord#: 112 done. best_score=27.0, changed=526, unchanged=461, early_stops=8/8
26 - INFO - chord#: 116 In build_straw_man_chord_sa. tolerance = 1, sa_iterations = 1000, initial_temperature = 3.0, cooling_rate = 0.999
26 - INFO - chord#: 104 done. best_score=35.0, changed=530, unchanged=456, early_stops=8/8
26 - INFO - chord#: 106 In build_straw_man_chord_sa. tolerance = 1, sa_iterations = 1000, initial_temperature = 3.0, cooling_rate = 0.999
26 - INFO - chord#: 132 done. best_score=27.0, changed=517, unchanged=386, early_stops=8/8
26 - INFO - chord#: 136 In build_straw_man_chord_sa. tolerance = 1, sa_iterations = 1000, initial_temperature = 3.0, cooling_rate = 0.999
26 - INFO - chord#: 106 done. best_score=36.0, changed=529, unchanged=468, early_stops=8/8
26 - INFO - chord#: 108 In build_straw_man_chord_sa. tolerance = 1, sa_iterations = 1000, initial_temperature = 3.0, cooling_rate = 0.999
26 - INFO - chord#: 126 done. best_score=96.0, changed=611, unchanged=411, early_stops=8/8
26 - INFO - chord#: 128 In build_straw_man_chord_sa. tolerance = 1, sa_iterations = 1000, initial_temperature = 3.0, cooling_rate = 0.999
26 - INFO - chord#: 132 done. best_score=27.0, changed=533, unchanged=581, early_stops=8/8
26 - INFO - chord#: 136 In build_straw_man_chord_sa. tolerance = 1, sa_iterations = 1000, initial_temperature = 3.0, cooling_rate = 0.999
26 - INFO - chord#: 112 done. best_score=27.0, changed=515, unchanged=378, early_stops=8/8
26 - INFO - chord#: 116 In build_straw_man_chord_sa. tolerance = 1, sa_iterations = 1000, initial_temperature = 3.0, cooling_rate = 0.999
26 - INFO - chord#: 106 done. best_score=36.0, changed=524, unchanged=381, early_stops=8/8
26 - INFO - chord#: 108 In build_straw_man_chord_sa. tolerance = 1, sa_iterations = 1000, initial_temperature = 3.0, cooling_rate = 0.999
26 - INFO - chord#: 128 done. best_score=27.0, changed=517, unchanged=511, early_stops=8/8
26 - INFO - chord#: 130 In build_straw_man_chord_sa. tolerance = 1, sa_iterations = 1000, initial_temperature = 3.0, cooling_rate = 0.999
26 - INFO - chord#: 112 done. best_score=27.0, changed=522, unchanged=398, early_stops=8/8
26 - INFO - chord#: 116 In build_straw_man_chord_sa. tolerance = 1, sa_iterations = 1000, initial_temperature = 3.0, cooling_rate = 0.999
26 - INFO - chord#: 126 done. best_score=93.0, changed=612, unchanged=310, early_stops=8/8
26 - INFO - chord#: 128 In build_straw_man_chord_sa. tolerance = 1, sa_iterations = 1000, initial_temperature = 3.0, cooling_rate = 0.999
26 - INFO - chord#: 128 done. best_score=27.0, changed=520, unchanged=415, early_stops=8/8
26 - INFO - chord#: 130 In build_straw_man_chord_sa. tolerance = 1, sa_iterations = 1000, initial_temperature = 3.0, cooling_rate = 0.999
26 - INFO - chord#: 130 done. best_score=11.0, changed=482, unchanged=348, early_stops=8/8
26 - INFO - chord#: 132 In build_straw_man_chord_sa. tolerance = 1, sa_iterations = 1000, initial_temperature = 3.0, cooling_rate = 0.999
26 - INFO - chord#: 130 done. best_score=11.0, changed=489, unchanged=334, early_stops=8/8
26 - INFO - chord#: 132 In build_straw_man_chord_sa. tolerance = 1, sa_iterations = 1000, initial_temperature = 3.0, cooling_rate = 0.999
26 - INFO - chord#: 116 done. best_score=27.0, changed=517, unchanged=385, early_stops=8/8
26 - INFO - chord#: 118 In build_straw_man_chord_sa. tolerance = 1, sa_iterations = 1000, initial_temperature = 3.0, cooling_rate = 0.999
26 - INFO - chord#: 106 done. best_score=36.0, changed=524, unchanged=351, early_stops=8/8
26 - INFO - chord#: 108 In build_straw_man_chord_sa. tolerance = 1, sa_iterations = 1000, initial_temperature = 3.0, cooling_rate = 0.999
26 - INFO - chord#: 136 done. best_score=27.0, changed=522, unchanged=407, early_stops=8/8
26 - INFO - chord#: 138 In build_straw_man_chord_sa. tolerance = 1, sa_iterations = 1000, initial_temperature = 3.0, cooling_rate = 0.999
26 - INFO - chord#: 136 done. best_score=27.0, changed=513, unchanged=356, early_stops=8/8
26 - INFO - chord#: 138 In build_straw_man_chord_sa. tolerance = 1, sa_iterations = 1000, initial_temperature = 3.0, cooling_rate = 0.999
26 - INFO - chord#: 128 done. best_score=27.0, changed=526, unchanged=429, early_stops=8/8
26 - INFO - chord#: 130 In build_straw_man_chord_sa. tolerance = 1, sa_iterations = 1000, initial_temperature = 3.0, cooling_rate = 0.999
26 - INFO - chord#: 116 done. best_score=27.0, changed=519, unchanged=388, early_stops=8/8
26 - INFO - chord#: 118 In build_straw_man_chord_sa. tolerance = 1, sa_iterations = 1000, initial_temperature = 3.0, cooling_rate = 0.999
26 - INFO - chord#: 108 done. best_score=27.0, changed=517, unchanged=528, early_stops=8/8
26 - INFO - chord#: 112 In build_straw_man_chord_sa. tolerance = 1, sa_iterations = 1000, initial_temperature = 3.0, cooling_rate = 0.999
26 - INFO - chord#: 130 done. best_score=11.0, changed=494, unchanged=361, early_stops=8/8
26 - INFO - chord#: 132 In build_straw_man_chord_sa. tolerance = 1, sa_iterations = 1000, initial_temperature = 3.0, cooling_rate = 0.999
26 - INFO - chord#: 108 done. best_score=27.0, changed=535, unchanged=610, early_stops=8/8
26 - INFO - chord#: 112 In build_straw_man_chord_sa. tolerance = 1, sa_iterations = 1000, initial_temperature = 3.0, cooling_rate = 0.999
26 - INFO - chord#: 128 done. best_score=27.0, changed=514, unchanged=357, early_stops=8/8
26 - INFO - chord#: 130 In build_straw_man_chord_sa. tolerance = 1, sa_iterations = 1000, initial_temperature = 3.0, cooling_rate = 0.999
26 - INFO - chord#: 132 done. best_score=27.0, changed=533, unchanged=501, early_stops=8/8
26 - INFO - chord#: 136 In build_straw_man_chord_sa. tolerance = 1, sa_iterations = 1000, initial_temperature = 3.0, cooling_rate = 0.999
26 - INFO - chord#: 132 done. best_score=27.0, changed=514, unchanged=324, early_stops=8/8
26 - INFO - chord#: 136 In build_straw_man_chord_sa. tolerance = 1, sa_iterations = 1000, initial_temperature = 3.0, cooling_rate = 0.999
26 - INFO - chord#: 116 done. best_score=27.0, changed=525, unchanged=467, early_stops=8/8
26 - INFO - chord#: 118 In build_straw_man_chord_sa. tolerance = 1, sa_iterations = 1000, initial_temperature = 3.0, cooling_rate = 0.999
26 - INFO - chord#: 130 done. best_score=11.0, changed=490, unchanged=370, early_stops=8/8
26 - INFO - chord#: 132 In build_straw_man_chord_sa. tolerance = 1, sa_iterations = 1000, initial_temperature = 3.0, cooling_rate = 0.999
26 - INFO - chord#: 118 done. best_score=27.0, changed=513, unchanged=307, early_stops=8/8
26 - INFO - chord#: 120 In build_straw_man_chord_sa. tolerance = 1, sa_iterations = 1000, initial_temperature = 3.0, cooling_rate = 0.999
26 - INFO - chord#: 108 done. best_score=27.0, changed=526, unchanged=363, early_stops=8/8
26 - INFO - chord#: 112 In build_straw_man_chord_sa. tolerance = 1, sa_iterations = 1000, initial_temperature = 3.0, cooling_rate = 0.999
26 - INFO - chord#: 112 done. best_score=27.0, changed=521, unchanged=400, early_stops=8/8
26 - INFO - chord#: 116 In build_straw_man_chord_sa. tolerance = 1, sa_iterations = 1000, initial_temperature = 3.0, cooling_rate = 0.999
26 - INFO - chord#: 132 done. best_score=27.0, changed=520, unchanged=442, early_stops=8/8
26 - INFO - chord#: 136 In build_straw_man_chord_sa. tolerance = 1, sa_iterations = 1000, initial_temperature = 3.0, cooling_rate = 0.999
26 - INFO - chord#: 118 done. best_score=27.0, changed=522, unchanged=440, early_stops=8/8
26 - INFO - chord#: 120 In build_straw_man_chord_sa. tolerance = 1, sa_iterations = 1000, initial_temperature = 3.0, cooling_rate = 0.999
26 - INFO - chord#: 136 done. best_score=27.0, changed=516, unchanged=338, early_stops=8/8
26 - INFO - chord#: 138 In build_straw_man_chord_sa. tolerance = 1, sa_iterations = 1000, initial_temperature = 3.0, cooling_rate = 0.999
26 - INFO - chord#: 112 done. best_score=27.0, changed=525, unchanged=416, early_stops=8/8
26 - INFO - chord#: 116 In build_straw_man_chord_sa. tolerance = 1, sa_iterations = 1000, initial_temperature = 3.0, cooling_rate = 0.999
26 - INFO - chord#: 132 done. best_score=27.0, changed=521, unchanged=436, early_stops=8/8
26 - INFO - chord#: 136 In build_straw_man_chord_sa. tolerance = 1, sa_iterations = 1000, initial_temperature = 3.0, cooling_rate = 0.999
26 - INFO - chord#: 136 done. best_score=27.0, changed=524, unchanged=465, early_stops=8/8
26 - INFO - chord#: 138 In build_straw_man_chord_sa. tolerance = 1, sa_iterations = 1000, initial_temperature = 3.0, cooling_rate = 0.999
26 - INFO - chord#: 118 done. best_score=27.0, changed=521, unchanged=387, early_stops=8/8
26 - INFO - chord#: 120 In build_straw_man_chord_sa. tolerance = 1, sa_iterations = 1000, initial_temperature = 3.0, cooling_rate = 0.999
26 - INFO - chord#: 112 done. best_score=27.0, changed=525, unchanged=441, early_stops=8/8
26 - INFO - chord#: 116 In build_straw_man_chord_sa. tolerance = 1, sa_iterations = 1000, initial_temperature = 3.0, cooling_rate = 0.999
26 - INFO - chord#: 120 done. best_score=27.0, changed=520, unchanged=424, early_stops=8/8
26 - INFO - chord#: 122 In build_straw_man_chord_sa. tolerance = 1, sa_iterations = 1000, initial_temperature = 3.0, cooling_rate = 0.999
26 - INFO - chord#: 138 done. best_score=82.0, changed=620, unchanged=411, early_stops=8/8
26 - INFO - chord#: 140 In build_straw_man_chord_sa. tolerance = 1, sa_iterations = 1000, initial_temperature = 3.0, cooling_rate = 0.999
26 - INFO - chord#: 116 done. best_score=27.0, changed=528, unchanged=528, early_stops=8/8
26 - INFO - chord#: 118 In build_straw_man_chord_sa. tolerance = 1, sa_iterations = 1000, initial_temperature = 3.0, cooling_rate = 0.999
26 - INFO - chord#: 136 done. best_score=27.0, changed=526, unchanged=364, early_stops=8/8
26 - INFO - chord#: 138 In build_straw_man_chord_sa. tolerance = 1, sa_iterations = 1000, initial_temperature = 3.0, cooling_rate = 0.999
26 - INFO - chord#: 138 done. best_score=82.0, changed=611, unchanged=287, early_stops=8/8
26 - INFO - chord#: 140 In build_straw_man_chord_sa. tolerance = 1, sa_iterations = 1000, initial_temperature = 3.0, cooling_rate = 0.999
26 - INFO - chord#: 136 done. best_score=27.0, changed=513, unchanged=341, early_stops=8/8
26 - INFO - chord#: 138 In build_straw_man_chord_sa. tolerance = 1, sa_iterations = 1000, initial_temperature = 3.0, cooling_rate = 0.999
26 - INFO - chord#: 120 done. best_score=27.0, changed=514, unchanged=345, early_stops=8/8
26 - INFO - chord#: 122 In build_straw_man_chord_sa. tolerance = 1, sa_iterations = 1000, initial_temperature = 3.0, cooling_rate = 0.999
26 - INFO - chord#: 116 done. best_score=27.0, changed=514, unchanged=313, early_stops=8/8
26 - INFO - chord#: 118 In build_straw_man_chord_sa. tolerance = 1, sa_iterations = 1000, initial_temperature = 3.0, cooling_rate = 0.999
26 - INFO - chord#: 120 done. best_score=27.0, changed=517, unchanged=411, early_stops=8/8
26 - INFO - chord#: 140 done. best_score=31.0, changed=530, unchanged=330, early_stops=8/8
26 - INFO - chord#: 122 In build_straw_man_chord_sa. tolerance = 1, sa_iterations = 1000, initial_temperature = 3.0, cooling_rate = 0.999
26 - INFO - chord#: 142 In build_straw_man_chord_sa. tolerance = 1, sa_iterations = 1000, initial_temperature = 3.0, cooling_rate = 0.999
26 - INFO - chord#: 116 done. best_score=27.0, changed=521, unchanged=367, early_stops=8/8
26 - INFO - chord#: 118 In build_straw_man_chord_sa. tolerance = 1, sa_iterations = 1000, initial_temperature = 3.0, cooling_rate = 0.999
26 - INFO - chord#: 118 done. best_score=27.0, changed=518, unchanged=380, early_stops=8/8
26 - INFO - chord#: 120 In build_straw_man_chord_sa. tolerance = 1, sa_iterations = 1000, initial_temperature = 3.0, cooling_rate = 0.999
26 - INFO - chord#: 142 done. best_score=7.0, changed=503, unchanged=304, early_stops=8/8
26 - INFO - chord#: 144 In build_straw_man_chord_sa. tolerance = 1, sa_iterations = 1000, initial_temperature = 3.0, cooling_rate = 0.999
26 - INFO - chord#: 140 done. best_score=31.0, changed=523, unchanged=316, early_stops=8/8
26 - INFO - chord#: 142 In build_straw_man_chord_sa. tolerance = 1, sa_iterations = 1000, initial_temperature = 3.0, cooling_rate = 0.999
26 - INFO - chord#: 138 done. best_score=82.0, changed=609, unchanged=371, early_stops=8/8
26 - INFO - chord#: 140 In build_straw_man_chord_sa. tolerance = 1, sa_iterations = 1000, initial_temperature = 3.0, cooling_rate = 0.999
26 - INFO - chord#: 138 done. best_score=82.0, changed=618, unchanged=344, early_stops=8/8
26 - INFO - chord#: 140 In build_straw_man_chord_sa. tolerance = 1, sa_iterations = 1000, initial_temperature = 3.0, cooling_rate = 0.999
26 - INFO - chord#: 118 done. best_score=27.0, changed=527, unchanged=383, early_stops=8/8
26 - INFO - chord#: 120 In build_straw_man_chord_sa. tolerance = 1, sa_iterations = 1000, initial_temperature = 3.0, cooling_rate = 0.999
26 - INFO - chord#: 142 done. best_score=7.0, changed=483, unchanged=337, early_stops=8/8
26 - INFO - chord#: 144 In build_straw_man_chord_sa. tolerance = 1, sa_iterations = 1000, initial_temperature = 3.0, cooling_rate = 0.999
26 - INFO - chord#: 144 done. best_score=27.0, changed=530, unchanged=387, early_stops=8/8
26 - INFO - chord#: 146 In build_straw_man_chord_sa. tolerance = 1, sa_iterations = 1000, initial_temperature = 3.0, cooling_rate = 0.999
26 - INFO - chord#: 120 done. best_score=27.0, changed=523, unchanged=388, early_stops=8/8
26 - INFO - chord#: 122 In build_straw_man_chord_sa. tolerance = 1, sa_iterations = 1000, initial_temperature = 3.0, cooling_rate = 0.999
26 - INFO - chord#: 118 done. best_score=27.0, changed=520, unchanged=381, early_stops=8/8
26 - INFO - chord#: 120 In build_straw_man_chord_sa. tolerance = 1, sa_iterations = 1000, initial_temperature = 3.0, cooling_rate = 0.999
26 - INFO - chord#: 140 done. best_score=31.0, changed=538, unchanged=274, early_stops=8/8
26 - INFO - chord#: 142 In build_straw_man_chord_sa. tolerance = 1, sa_iterations = 1000, initial_temperature = 3.0, cooling_rate = 0.999
26 - INFO - chord#: 140 done. best_score=31.0, changed=529, unchanged=342, early_stops=8/8
26 - INFO - chord#: 142 In build_straw_man_chord_sa. tolerance = 1, sa_iterations = 1000, initial_temperature = 3.0, cooling_rate = 0.999
26 - INFO - chord#: 138 done. best_score=82.0, changed=616, unchanged=307, early_stops=8/8
26 - INFO - chord#: 140 In build_straw_man_chord_sa. tolerance = 1, sa_iterations = 1000, initial_temperature = 3.0, cooling_rate = 0.999
26 - INFO - chord#: 142 done. best_score=7.0, changed=512, unchanged=300, early_stops=8/8
26 - INFO - chord#: 144 In build_straw_man_chord_sa. tolerance = 1, sa_iterations = 1000, initial_temperature = 3.0, cooling_rate = 0.999
26 - INFO - chord#: 144 done. best_score=27.0, changed=526, unchanged=311, early_stops=8/8
26 - INFO - chord#: 146 In build_straw_man_chord_sa. tolerance = 1, sa_iterations = 1000, initial_temperature = 3.0, cooling_rate = 0.999
26 - INFO - chord#: 142 done. best_score=7.0, changed=482, unchanged=342, early_stops=8/8
26 - INFO - chord#: 144 In build_straw_man_chord_sa. tolerance = 1, sa_iterations = 1000, initial_temperature = 3.0, cooling_rate = 0.999
26 - INFO - chord#: 138 done. best_score=82.0, changed=609, unchanged=362, early_stops=8/8
26 - INFO - chord#: 140 In build_straw_man_chord_sa. tolerance = 1, sa_iterations = 1000, initial_temperature = 3.0, cooling_rate = 0.999
26 - INFO - chord#: 122 done. best_score=95.0, changed=616, unchanged=368, early_stops=8/8
26 - INFO - chord#: 124 In build_straw_man_chord_sa. tolerance = 1, sa_iterations = 1000, initial_temperature = 3.0, cooling_rate = 0.999
26 - INFO - chord#: 120 done. best_score=27.0, changed=515, unchanged=514, early_stops=8/8
26 - INFO - chord#: 122 In build_straw_man_chord_sa. tolerance = 1, sa_iterations = 1000, initial_temperature = 3.0, cooling_rate = 0.999
26 - INFO - chord#: 122 done. best_score=149.0, changed=609, unchanged=319, early_stops=8/8
26 - INFO - chord#: 124 In build_straw_man_chord_sa. tolerance = 1, sa_iterations = 1000, initial_temperature = 3.0, cooling_rate = 0.999
26 - INFO - chord#: 140 done. best_score=31.0, changed=525, unchanged=287, early_stops=8/8
26 - INFO - chord#: 142 In build_straw_man_chord_sa. tolerance = 1, sa_iterations = 1000, initial_temperature = 3.0, cooling_rate = 0.999
26 - INFO - chord#: 144 done. best_score=27.0, changed=527, unchanged=331, early_stops=8/8
26 - INFO - chord#: 146 In build_straw_man_chord_sa. tolerance = 1, sa_iterations = 1000, initial_temperature = 3.0, cooling_rate = 0.999
26 - INFO - chord#: 140 done. best_score=31.0, changed=531, unchanged=339, early_stops=8/8
26 - INFO - chord#: 142 In build_straw_man_chord_sa. tolerance = 1, sa_iterations = 1000, initial_temperature = 3.0, cooling_rate = 0.999
26 - INFO - chord#: 144 done. best_score=27.0, changed=529, unchanged=378, early_stops=8/8
26 - INFO - chord#: 146 In build_straw_man_chord_sa. tolerance = 1, sa_iterations = 1000, initial_temperature = 3.0, cooling_rate = 0.999
26 - INFO - chord#: 142 done. best_score=7.0, changed=488, unchanged=333, early_stops=8/8
26 - INFO - chord#: 144 In build_straw_man_chord_sa. tolerance = 1, sa_iterations = 1000, initial_temperature = 3.0, cooling_rate = 0.999
26 - INFO - chord#: 120 done. best_score=27.0, changed=525, unchanged=412, early_stops=8/8
26 - INFO - chord#: 122 In build_straw_man_chord_sa. tolerance = 1, sa_iterations = 1000, initial_temperature = 3.0, cooling_rate = 0.999
26 - INFO - chord#: 142 done. best_score=7.0, changed=509, unchanged=305, early_stops=8/8
26 - INFO - chord#: 144 In build_straw_man_chord_sa. tolerance = 1, sa_iterations = 1000, initial_temperature = 3.0, cooling_rate = 0.999
26 - INFO - chord#: 122 done. best_score=150.0, changed=610, unchanged=311, early_stops=8/8
26 - INFO - chord#: 124 In build_straw_man_chord_sa. tolerance = 1, sa_iterations = 1000, initial_temperature = 3.0, cooling_rate = 0.999
26 - INFO - chord#: 124 done. best_score=27.0, changed=515, unchanged=344, early_stops=8/8
26 - INFO - chord#: 126 In build_straw_man_chord_sa. tolerance = 1, sa_iterations = 1000, initial_temperature = 3.0, cooling_rate = 0.999
26 - INFO - chord#: 122 done. best_score=90.0, changed=609, unchanged=233, early_stops=8/8
26 - INFO - chord#: 124 In build_straw_man_chord_sa. tolerance = 1, sa_iterations = 1000, initial_temperature = 3.0, cooling_rate = 0.999
26 - INFO - chord#: 144 done. best_score=27.0, changed=524, unchanged=417, early_stops=8/8
26 - INFO - chord#: 146 In build_straw_man_chord_sa. tolerance = 1, sa_iterations = 1000, initial_temperature = 3.0, cooling_rate = 0.999
26 - INFO - chord#: 146 done. best_score=67.0, changed=613, unchanged=332, early_stops=8/8
26 - INFO - chord#: 148 In build_straw_man_chord_sa. tolerance = 1, sa_iterations = 1000, initial_temperature = 3.0, cooling_rate = 0.999
26 - INFO - chord#: 124 done. best_score=27.0, changed=524, unchanged=421, early_stops=8/8
26 - INFO - chord#: 126 In build_straw_man_chord_sa. tolerance = 1, sa_iterations = 1000, initial_temperature = 3.0, cooling_rate = 0.999
26 - INFO - chord#: 144 done. best_score=27.0, changed=527, unchanged=451, early_stops=8/8
26 - INFO - chord#: 146 In build_straw_man_chord_sa. tolerance = 1, sa_iterations = 1000, initial_temperature = 3.0, cooling_rate = 0.999
26 - INFO - chord#: 124 done. best_score=27.0, changed=526, unchanged=396, early_stops=8/8
26 - INFO - chord#: 126 In build_straw_man_chord_sa. tolerance = 1, sa_iterations = 1000, initial_temperature = 3.0, cooling_rate = 0.999
26 - INFO - chord#: 124 done. best_score=27.0, changed=519, unchanged=346, early_stops=8/8
26 - INFO - chord#: 126 In build_straw_man_chord_sa. tolerance = 1, sa_iterations = 1000, initial_temperature = 3.0, cooling_rate = 0.999
26 - INFO - chord#: 146 done. best_score=67.0, changed=610, unchanged=260, early_stops=8/8
26 - INFO - chord#: 148 In build_straw_man_chord_sa. tolerance = 1, sa_iterations = 1000, initial_temperature = 3.0, cooling_rate = 0.999
26 - INFO - chord#: 148 done. best_score=27.0, changed=518, unchanged=518, early_stops=8/8
26 - INFO - chord#: 122 done. best_score=95.0, changed=612, unchanged=303, early_stops=8/8
26 - INFO - chord#: 124 In build_straw_man_chord_sa. tolerance = 1, sa_iterations = 1000, initial_temperature = 3.0, cooling_rate = 0.999
26 - INFO - chord#: 146 done. best_score=67.0, changed=616, unchanged=312, early_stops=8/8
26 - INFO - chord#: 148 In build_straw_man_chord_sa. tolerance = 1, sa_iterations = 1000, initial_temperature = 3.0, cooling_rate = 0.999
26 - INFO - chord#: 146 done. best_score=137.0, changed=611, unchanged=389, early_stops=8/8
26 - INFO - chord#: 148 In build_straw_man_chord_sa. tolerance = 1, sa_iterations = 1000, initial_temperature = 3.0, cooling_rate = 0.999
26 - INFO - chord#: 122 done. best_score=135.0, changed=606, unchanged=220, early_stops=8/8
26 - INFO - chord#: 124 In build_straw_man_chord_sa. tolerance = 1, sa_iterations = 1000, initial_temperature = 3.0, cooling_rate = 0.999
26 - INFO - chord#: 126 done. best_score=96.0, changed=611, unchanged=246, early_stops=8/8
26 - INFO - chord#: 128 In build_straw_man_chord_sa. tolerance = 1, sa_iterations = 1000, initial_temperature = 3.0, cooling_rate = 0.999
26 - INFO - chord#: 146 done. best_score=157.0, changed=609, unchanged=290, early_stops=8/8
26 - INFO - chord#: 148 In build_straw_man_chord_sa. tolerance = 1, sa_iterations = 1000, initial_temperature = 3.0, cooling_rate = 0.999
26 - INFO - chord#: 148 done. best_score=27.0, changed=529, unchanged=482, early_stops=8/8
26 - INFO - chord#: 148 done. best_score=27.0, changed=515, unchanged=402, early_stops=8/8
26 - INFO - chord#: 126 done. best_score=96.0, changed=608, unchanged=296, early_stops=8/8
26 - INFO - chord#: 128 In build_straw_man_chord_sa. tolerance = 1, sa_iterations = 1000, initial_temperature = 3.0, cooling_rate = 0.999
26 - INFO - chord#: 148 done. best_score=27.0, changed=515, unchanged=310, early_stops=8/8
26 - INFO - chord#: 126 done. best_score=93.0, changed=608, unchanged=230, early_stops=8/8
26 - INFO - chord#: 128 In build_straw_man_chord_sa. tolerance = 1, sa_iterations = 1000, initial_temperature = 3.0, cooling_rate = 0.999
26 - INFO - chord#: 124 done. best_score=27.0, changed=525, unchanged=468, early_stops=8/8
26 - INFO - chord#: 126 In build_straw_man_chord_sa. tolerance = 1, sa_iterations = 1000, initial_temperature = 3.0, cooling_rate = 0.999
26 - INFO - chord#: 146 done. best_score=67.0, changed=614, unchanged=340, early_stops=8/8
26 - INFO - chord#: 148 In build_straw_man_chord_sa. tolerance = 1, sa_iterations = 1000, initial_temperature = 3.0, cooling_rate = 0.999
26 - INFO - chord#: 124 done. best_score=27.0, changed=524, unchanged=480, early_stops=8/8
26 - INFO - chord#: 126 done. best_score=96.0, changed=614, unchanged=246, early_stops=8/8
26 - INFO - chord#: 126 In build_straw_man_chord_sa. tolerance = 1, sa_iterations = 1000, initial_temperature = 3.0, cooling_rate = 0.999
26 - INFO - chord#: 128 In build_straw_man_chord_sa. tolerance = 1, sa_iterations = 1000, initial_temperature = 3.0, cooling_rate = 0.999
26 - INFO - chord#: 148 done. best_score=27.0, changed=523, unchanged=448, early_stops=8/8
26 - INFO - chord#: 148 done. best_score=27.0, changed=526, unchanged=389, early_stops=8/8
26 - INFO - chord#: 128 done. best_score=27.0, changed=525, unchanged=451, early_stops=8/8
26 - INFO - chord#: 130 In build_straw_man_chord_sa. tolerance = 1, sa_iterations = 1000, initial_temperature = 3.0, cooling_rate = 0.999
26 - INFO - chord#: 128 done. best_score=27.0, changed=535, unchanged=501, early_stops=8/8
26 - INFO - chord#: 130 In build_straw_man_chord_sa. tolerance = 1, sa_iterations = 1000, initial_temperature = 3.0, cooling_rate = 0.999
26 - INFO - chord#: 128 done. best_score=27.0, changed=520, unchanged=380, early_stops=8/8
26 - INFO - chord#: 130 In build_straw_man_chord_sa. tolerance = 1, sa_iterations = 1000, initial_temperature = 3.0, cooling_rate = 0.999
26 - INFO - chord#: 130 done. best_score=11.0, changed=496, unchanged=368, early_stops=8/8
26 - INFO - chord#: 132 In build_straw_man_chord_sa. tolerance = 1, sa_iterations = 1000, initial_temperature = 3.0, cooling_rate = 0.999
26 - INFO - chord#: 130 done. best_score=11.0, changed=481, unchanged=353, early_stops=8/8
26 - INFO - chord#: 132 In build_straw_man_chord_sa. tolerance = 1, sa_iterations = 1000, initial_temperature = 3.0, cooling_rate = 0.999
26 - INFO - chord#: 130 done. best_score=11.0, changed=487, unchanged=349, early_stops=8/8
26 - INFO - chord#: 132 In build_straw_man_chord_sa. tolerance = 1, sa_iterations = 1000, initial_temperature = 3.0, cooling_rate = 0.999
26 - INFO - chord#: 128 done. best_score=27.0, changed=515, unchanged=433, early_stops=8/8
26 - INFO - chord#: 130 In build_straw_man_chord_sa. tolerance = 1, sa_iterations = 1000, initial_temperature = 3.0, cooling_rate = 0.999
26 - INFO - chord#: 130 done. best_score=11.0, changed=498, unchanged=336, early_stops=8/8
26 - INFO - chord#: 132 In build_straw_man_chord_sa. tolerance = 1, sa_iterations = 1000, initial_temperature = 3.0, cooling_rate = 0.999
26 - INFO - chord#: 126 done. best_score=94.0, changed=608, unchanged=257, early_stops=8/8
26 - INFO - chord#: 128 In build_straw_man_chord_sa. tolerance = 1, sa_iterations = 1000, initial_temperature = 3.0, cooling_rate = 0.999
26 - INFO - chord#: 132 done. best_score=27.0, changed=522, unchanged=336, early_stops=8/8
26 - INFO - chord#: 136 In build_straw_man_chord_sa. tolerance = 1, sa_iterations = 1000, initial_temperature = 3.0, cooling_rate = 0.999
26 - INFO - chord#: 132 done. best_score=27.0, changed=516, unchanged=394, early_stops=8/8
26 - INFO - chord#: 136 In build_straw_man_chord_sa. tolerance = 1, sa_iterations = 1000, initial_temperature = 3.0, cooling_rate = 0.999
26 - INFO - chord#: 132 done. best_score=27.0, changed=520, unchanged=480, early_stops=8/8
26 - INFO - chord#: 136 In build_straw_man_chord_sa. tolerance = 1, sa_iterations = 1000, initial_temperature = 3.0, cooling_rate = 0.999
26 - INFO - chord#: 126 done. best_score=93.0, changed=612, unchanged=273, early_stops=8/8
26 - INFO - chord#: 128 In build_straw_man_chord_sa. tolerance = 1, sa_iterations = 1000, initial_temperature = 3.0, cooling_rate = 0.999
26 - INFO - chord#: 132 done. best_score=27.0, changed=522, unchanged=371, early_stops=8/8
26 - INFO - chord#: 136 In build_straw_man_chord_sa. tolerance = 1, sa_iterations = 1000, initial_temperature = 3.0, cooling_rate = 0.999
26 - INFO - chord#: 128 done. best_score=27.0, changed=519, unchanged=398, early_stops=8/8
26 - INFO - chord#: 130 In build_straw_man_chord_sa. tolerance = 1, sa_iterations = 1000, initial_temperature = 3.0, cooling_rate = 0.999
26 - INFO - chord#: 136 done. best_score=27.0, changed=519, unchanged=300, early_stops=8/8
26 - INFO - chord#: 138 In build_straw_man_chord_sa. tolerance = 1, sa_iterations = 1000, initial_temperature = 3.0, cooling_rate = 0.999
26 - INFO - chord#: 130 done. best_score=11.0, changed=482, unchanged=382, early_stops=8/8
26 - INFO - chord#: 132 In build_straw_man_chord_sa. tolerance = 1, sa_iterations = 1000, initial_temperature = 3.0, cooling_rate = 0.999
26 - INFO - chord#: 136 done. best_score=27.0, changed=525, unchanged=368, early_stops=8/8
26 - INFO - chord#: 138 In build_straw_man_chord_sa. tolerance = 1, sa_iterations = 1000, initial_temperature = 3.0, cooling_rate = 0.999
26 - INFO - chord#: 136 done. best_score=27.0, changed=521, unchanged=411, early_stops=8/8
26 - INFO - chord#: 138 In build_straw_man_chord_sa. tolerance = 1, sa_iterations = 1000, initial_temperature = 3.0, cooling_rate = 0.999
26 - INFO - chord#: 128 done. best_score=27.0, changed=518, unchanged=457, early_stops=8/8
26 - INFO - chord#: 130 In build_straw_man_chord_sa. tolerance = 1, sa_iterations = 1000, initial_temperature = 3.0, cooling_rate = 0.999
26 - INFO - chord#: 130 done. best_score=11.0, changed=491, unchanged=335, early_stops=8/8
26 - INFO - chord#: 132 In build_straw_man_chord_sa. tolerance = 1, sa_iterations = 1000, initial_temperature = 3.0, cooling_rate = 0.999
26 - INFO - chord#: 136 done. best_score=27.0, changed=533, unchanged=392, early_stops=8/8
26 - INFO - chord#: 138 In build_straw_man_chord_sa. tolerance = 1, sa_iterations = 1000, initial_temperature = 3.0, cooling_rate = 0.999
26 - INFO - chord#: 132 done. best_score=27.0, changed=517, unchanged=408, early_stops=8/8
26 - INFO - chord#: 136 In build_straw_man_chord_sa. tolerance = 1, sa_iterations = 1000, initial_temperature = 3.0, cooling_rate = 0.999
26 - INFO - chord#: 132 done. best_score=27.0, changed=512, unchanged=337, early_stops=8/8
26 - INFO - chord#: 136 In build_straw_man_chord_sa. tolerance = 1, sa_iterations = 1000, initial_temperature = 3.0, cooling_rate = 0.999
26 - INFO - chord#: 138 done. best_score=82.0, changed=609, unchanged=229, early_stops=8/8
26 - INFO - chord#: 140 In build_straw_man_chord_sa. tolerance = 1, sa_iterations = 1000, initial_temperature = 3.0, cooling_rate = 0.999
26 - INFO - chord#: 138 done. best_score=82.0, changed=611, unchanged=274, early_stops=8/8
26 - INFO - chord#: 140 In build_straw_man_chord_sa. tolerance = 1, sa_iterations = 1000, initial_temperature = 3.0, cooling_rate = 0.999
26 - INFO - chord#: 138 done. best_score=146.0, changed=606, unchanged=284, early_stops=8/8
26 - INFO - chord#: 140 In build_straw_man_chord_sa. tolerance = 1, sa_iterations = 1000, initial_temperature = 3.0, cooling_rate = 0.999
26 - INFO - chord#: 136 done. best_score=27.0, changed=532, unchanged=353, early_stops=8/8
26 - INFO - chord#: 138 In build_straw_man_chord_sa. tolerance = 1, sa_iterations = 1000, initial_temperature = 3.0, cooling_rate = 0.999
26 - INFO - chord#: 138 done. best_score=82.0, changed=616, unchanged=311, early_stops=8/8
26 - INFO - chord#: 140 In build_straw_man_chord_sa. tolerance = 1, sa_iterations = 1000, initial_temperature = 3.0, cooling_rate = 0.999
26 - INFO - chord#: 140 done. best_score=31.0, changed=522, unchanged=314, early_stops=8/8
26 - INFO - chord#: 142 In build_straw_man_chord_sa. tolerance = 1, sa_iterations = 1000, initial_temperature = 3.0, cooling_rate = 0.999
26 - INFO - chord#: 136 done. best_score=27.0, changed=540, unchanged=461, early_stops=8/8
26 - INFO - chord#: 138 In build_straw_man_chord_sa. tolerance = 1, sa_iterations = 1000, initial_temperature = 3.0, cooling_rate = 0.999
26 - INFO - chord#: 142 done. best_score=7.0, changed=512, unchanged=295, early_stops=8/8
26 - INFO - chord#: 144 In build_straw_man_chord_sa. tolerance = 1, sa_iterations = 1000, initial_temperature = 3.0, cooling_rate = 0.999
26 - INFO - chord#: 140 done. best_score=31.0, changed=537, unchanged=326, early_stops=8/8
26 - INFO - chord#: 142 In build_straw_man_chord_sa. tolerance = 1, sa_iterations = 1000, initial_temperature = 3.0, cooling_rate = 0.999
26 - INFO - chord#: 140 done. best_score=31.0, changed=530, unchanged=371, early_stops=8/8
26 - INFO - chord#: 142 In build_straw_man_chord_sa. tolerance = 1, sa_iterations = 1000, initial_temperature = 3.0, cooling_rate = 0.999
26 - INFO - chord#: 142 done. best_score=7.0, changed=500, unchanged=317, early_stops=8/8
26 - INFO - chord#: 144 In build_straw_man_chord_sa. tolerance = 1, sa_iterations = 1000, initial_temperature = 3.0, cooling_rate = 0.999
26 - INFO - chord#: 142 done. best_score=7.0, changed=529, unchanged=297, early_stops=8/8
26 - INFO - chord#: 144 In build_straw_man_chord_sa. tolerance = 1, sa_iterations = 1000, initial_temperature = 3.0, cooling_rate = 0.999
26 - INFO - chord#: 140 done. best_score=31.0, changed=537, unchanged=397, early_stops=8/8
26 - INFO - chord#: 142 In build_straw_man_chord_sa. tolerance = 1, sa_iterations = 1000, initial_temperature = 3.0, cooling_rate = 0.999
26 - INFO - chord#: 144 done. best_score=27.0, changed=523, unchanged=356, early_stops=8/8
26 - INFO - chord#: 146 In build_straw_man_chord_sa. tolerance = 1, sa_iterations = 1000, initial_temperature = 3.0, cooling_rate = 0.999
26 - INFO - chord#: 142 done. best_score=7.0, changed=495, unchanged=330, early_stops=8/8
26 - INFO - chord#: 144 In build_straw_man_chord_sa. tolerance = 1, sa_iterations = 1000, initial_temperature = 3.0, cooling_rate = 0.999
26 - INFO - chord#: 144 done. best_score=27.0, changed=525, unchanged=369, early_stops=8/8
26 - INFO - chord#: 146 In build_straw_man_chord_sa. tolerance = 1, sa_iterations = 1000, initial_temperature = 3.0, cooling_rate = 0.999
26 - INFO - chord#: 144 done. best_score=27.0, changed=518, unchanged=324, early_stops=8/8
26 - INFO - chord#: 146 In build_straw_man_chord_sa. tolerance = 1, sa_iterations = 1000, initial_temperature = 3.0, cooling_rate = 0.999
26 - INFO - chord#: 138 done. best_score=120.0, changed=612, unchanged=319, early_stops=8/8
26 - INFO - chord#: 140 In build_straw_man_chord_sa. tolerance = 1, sa_iterations = 1000, initial_temperature = 3.0, cooling_rate = 0.999
26 - INFO - chord#: 144 done. best_score=27.0, changed=523, unchanged=377, early_stops=8/8
26 - INFO - chord#: 146 In build_straw_man_chord_sa. tolerance = 1, sa_iterations = 1000, initial_temperature = 3.0, cooling_rate = 0.999
26 - INFO - chord#: 138 done. best_score=97.0, changed=610, unchanged=238, early_stops=8/8
26 - INFO - chord#: 140 In build_straw_man_chord_sa. tolerance = 1, sa_iterations = 1000, initial_temperature = 3.0, cooling_rate = 0.999
26 - INFO - chord#: 146 done. best_score=137.0, changed=604, unchanged=205, early_stops=8/8
26 - INFO - chord#: 148 In build_straw_man_chord_sa. tolerance = 1, sa_iterations = 1000, initial_temperature = 3.0, cooling_rate = 0.999
26 - INFO - chord#: 140 done. best_score=31.0, changed=544, unchanged=395, early_stops=8/8
26 - INFO - chord#: 142 In build_straw_man_chord_sa. tolerance = 1, sa_iterations = 1000, initial_temperature = 3.0, cooling_rate = 0.999
26 - INFO - chord#: 140 done. best_score=31.0, changed=525, unchanged=299, early_stops=8/8
26 - INFO - chord#: 142 In build_straw_man_chord_sa. tolerance = 1, sa_iterations = 1000, initial_temperature = 3.0, cooling_rate = 0.999
26 - INFO - chord#: 142 done. best_score=7.0, changed=505, unchanged=313, early_stops=8/8
26 - INFO - chord#: 144 In build_straw_man_chord_sa. tolerance = 1, sa_iterations = 1000, initial_temperature = 3.0, cooling_rate = 0.999
26 - INFO - chord#: 142 done. best_score=7.0, changed=504, unchanged=310, early_stops=8/8
26 - INFO - chord#: 144 In build_straw_man_chord_sa. tolerance = 1, sa_iterations = 1000, initial_temperature = 3.0, cooling_rate = 0.999
26 - INFO - chord#: 148 done. best_score=27.0, changed=524, unchanged=447, early_stops=8/8
26 - INFO - chord#: 146 done. best_score=67.0, changed=610, unchanged=347, early_stops=8/8
26 - INFO - chord#: 148 In build_straw_man_chord_sa. tolerance = 1, sa_iterations = 1000, initial_temperature = 3.0, cooling_rate = 0.999
26 - INFO - chord#: 144 done. best_score=27.0, changed=516, unchanged=398, early_stops=8/8
26 - INFO - chord#: 146 In build_straw_man_chord_sa. tolerance = 1, sa_iterations = 1000, initial_temperature = 3.0, cooling_rate = 0.999
26 - INFO - chord#: 144 done. best_score=27.0, changed=526, unchanged=367, early_stops=8/8
26 - INFO - chord#: 146 In build_straw_man_chord_sa. tolerance = 1, sa_iterations = 1000, initial_temperature = 3.0, cooling_rate = 0.999
26 - INFO - chord#: 146 done. best_score=67.0, changed=614, unchanged=380, early_stops=8/8
26 - INFO - chord#: 148 In build_straw_man_chord_sa. tolerance = 1, sa_iterations = 1000, initial_temperature = 3.0, cooling_rate = 0.999
26 - INFO - chord#: 146 done. best_score=67.0, changed=612, unchanged=273, early_stops=8/8
26 - INFO - chord#: 148 In build_straw_man_chord_sa. tolerance = 1, sa_iterations = 1000, initial_temperature = 3.0, cooling_rate = 0.999
26 - INFO - chord#: 148 done. best_score=27.0, changed=518, unchanged=373, early_stops=8/8
26 - INFO - chord#: 148 done. best_score=27.0, changed=524, unchanged=379, early_stops=8/8
26 - INFO - chord#: 148 done. best_score=27.0, changed=518, unchanged=456, early_stops=8/8
26 - INFO - chord#: 146 done. best_score=137.0, changed=615, unchanged=270, early_stops=8/8
26 - INFO - chord#: 148 In build_straw_man_chord_sa. tolerance = 1, sa_iterations = 1000, initial_temperature = 3.0, cooling_rate = 0.999
26 - INFO - chord#: 146 done. best_score=67.0, changed=607, unchanged=315, early_stops=8/8
26 - INFO - chord#: 148 In build_straw_man_chord_sa. tolerance = 1, sa_iterations = 1000, initial_temperature = 3.0, cooling_rate = 0.999
26 - INFO - chord#: 148 done. best_score=27.0, changed=518, unchanged=477, early_stops=8/8
26 - INFO - chord#: 148 done. best_score=27.0, changed=531, unchanged=480, early_stops=8/8
26 - INFO - save_midi_file = False, 
26 - INFO - version = 'bwv254', chorale.shape = (4, 176), root = 2, keys[root] = 'D♮', mode = 'minor', time_sig = '4/4'
26 - INFO - In load_chorale_in_cents. About to load top_notes from file_name = '/home/prent/Repos/One-footed-bride-tuning/Archive/straw-man/t1_r1.50_s0_md33_sn0/bwv254top-notes.npy'
26 - INFO - Loaded top_notes from /home/prent/Repos/One-footed-bride-tuning/Archive/straw-man/t1_r1.50_s0_md33_sn0/bwv254top-notes.npy, re-ordered by chorale frequency
26 - INFO - chorale_in_cents.shape = (4, 176), chorale.shape = (4, 176)
26 - INFO - cent value based on top_notes
26 - INFO - Chord 0: [200 900 500 200]
26 - INFO - Chord 1: [200 900 500 200]
26 - INFO - Chord 2: [200 900 500 200]
26 - INFO - Chord 3: [200 900 500 200]
26 - INFO - Chord 4: [500 200 900 200]
26 - INFO - Chord 5: [500 200 900 200]
26 - INFO - Chord 6: [500 400 900 200]
26 - INFO - Chord 7: [500 400 900 200]
26 - INFO - Chord 8: [500 500   0 900]
26 - INFO - Chord 9: [500 500   0 900]
26 - INFO - cent_value_chorale.shape = (4, 176), chorale.shape = (4, 176), D♮ minor
26 - INFO - cent value based on 12 TET
26 - INFO - Chord 0: [200 900 500 200]
26 - INFO - Chord 1: [200 900 500 200]
26 - INFO - Chord 2: [200 900 500 200]
26 - INFO - Chord 3: [200 900 500 200]
26 - INFO - Chord 4: [500 200 900 200]
26 - INFO - Chord 5: [500 200 900 200]
26 - INFO - Chord 6: [500 400 900 200]
26 - INFO - Chord 7: [500 400 900 200]
26 - INFO - Chord 8: [500 500   0 900]
26 - INFO - Chord 9: [500 500   0 900]
26 - INFO - cent_value_chorale.shape = (4, 176), chorale.shape = (4, 176), D♮ minor
26 - INFO - Current top_notes:
26 - INFO -    0    1    2    3    4    5    6    7    8    9   10   11
26 - INFO -   A♮   D♮   F♮   G♮   C♮   E♮   A♯   C♯   F♯   B♮   D♯   G♯
26 - INFO -    9    2    5    7    0    4   10    1    6   11    3    8
26 - INFO -  900  200  500  700    0  400 1000  100  600 1100  300  800
26 - INFO - chord#: 0 In build_straw_man_chord_sa. tolerance = 1, sa_iterations = 1000, initial_temperature = 3.0, cooling_rate = 0.999
26 - INFO - chord#: 0 In build_straw_man_chord_sa. tolerance = 1, sa_iterations = 1000, initial_temperature = 3.0, cooling_rate = 0.999
26 - INFO - chord#: 0 In build_straw_man_chord_sa. tolerance = 1, sa_iterations = 1000, initial_temperature = 3.0, cooling_rate = 0.999
26 - INFO - chord#: 0 In build_straw_man_chord_sa. tolerance = 1, sa_iterations = 1000, initial_temperature = 3.0, cooling_rate = 0.999
26 - INFO - chord#: 0 In build_straw_man_chord_sa. tolerance = 1, sa_iterations = 1000, initial_temperature = 3.0, cooling_rate = 0.999
26 - INFO - chord#: 0 In build_straw_man_chord_sa. tolerance = 1, sa_iterations = 1000, initial_temperature = 3.0, cooling_rate = 0.999
26 - INFO - chord#: 0 In build_straw_man_chord_sa. tolerance = 1, sa_iterations = 1000, initial_temperature = 3.0, cooling_rate = 0.999
26 - INFO - chord#: 0 In build_straw_man_chord_sa. tolerance = 1, sa_iterations = 1000, initial_temperature = 3.0, cooling_rate = 0.999
26 - INFO - chord#: 0 In build_straw_man_chord_sa. tolerance = 1, sa_iterations = 1000, initial_temperature = 3.0, cooling_rate = 0.999
26 - INFO - chord#: 0 In build_straw_man_chord_sa. tolerance = 1, sa_iterations = 1000, initial_temperature = 3.0, cooling_rate = 0.999
26 - INFO - chord#: 0 In build_straw_man_chord_sa. tolerance = 1, sa_iterations = 1000, initial_temperature = 3.0, cooling_rate = 0.999
26 - INFO - chord#: 0 In build_straw_man_chord_sa. tolerance = 1, sa_iterations = 1000, initial_temperature = 3.0, cooling_rate = 0.999
26 - INFO - chord#: 0 done. best_score=27.0, changed=519, unchanged=392, early_stops=8/8
26 - INFO - chord#: 4 In build_straw_man_chord_sa. tolerance = 1, sa_iterations = 1000, initial_temperature = 3.0, cooling_rate = 0.999
26 - INFO - chord#: 0 done. best_score=27.0, changed=520, unchanged=375, early_stops=8/8
26 - INFO - chord#: 4 In build_straw_man_chord_sa. tolerance = 1, sa_iterations = 1000, initial_temperature = 3.0, cooling_rate = 0.999
26 - INFO - chord#: 0 done. best_score=27.0, changed=522, unchanged=410, early_stops=8/8
26 - INFO - chord#: 4 In build_straw_man_chord_sa. tolerance = 1, sa_iterations = 1000, initial_temperature = 3.0, cooling_rate = 0.999
26 - INFO - chord#: 0 done. best_score=27.0, changed=509, unchanged=342, early_stops=8/8
26 - INFO - chord#: 4 In build_straw_man_chord_sa. tolerance = 1, sa_iterations = 1000, initial_temperature = 3.0, cooling_rate = 0.999
26 - INFO - chord#: 0 done. best_score=27.0, changed=522, unchanged=493, early_stops=8/8
26 - INFO - chord#: 4 In build_straw_man_chord_sa. tolerance = 1, sa_iterations = 1000, initial_temperature = 3.0, cooling_rate = 0.999
26 - INFO - chord#: 0 done. best_score=27.0, changed=519, unchanged=527, early_stops=8/8
26 - INFO - chord#: 4 In build_straw_man_chord_sa. tolerance = 1, sa_iterations = 1000, initial_temperature = 3.0, cooling_rate = 0.999
26 - INFO - chord#: 0 done. best_score=27.0, changed=519, unchanged=398, early_stops=8/8
26 - INFO - chord#: 4 In build_straw_man_chord_sa. tolerance = 1, sa_iterations = 1000, initial_temperature = 3.0, cooling_rate = 0.999
26 - INFO - chord#: 0 done. best_score=27.0, changed=515, unchanged=386, early_stops=8/8
26 - INFO - chord#: 4 In build_straw_man_chord_sa. tolerance = 1, sa_iterations = 1000, initial_temperature = 3.0, cooling_rate = 0.999
26 - INFO - chord#: 0 done. best_score=27.0, changed=517, unchanged=412, early_stops=8/8
26 - INFO - chord#: 4 In build_straw_man_chord_sa. tolerance = 1, sa_iterations = 1000, initial_temperature = 3.0, cooling_rate = 0.999
26 - INFO - chord#: 0 done. best_score=27.0, changed=520, unchanged=458, early_stops=8/8
26 - INFO - chord#: 4 In build_straw_man_chord_sa. tolerance = 1, sa_iterations = 1000, initial_temperature = 3.0, cooling_rate = 0.999
26 - INFO - chord#: 0 done. best_score=27.0, changed=521, unchanged=460, early_stops=8/8
26 - INFO - chord#: 4 In build_straw_man_chord_sa. tolerance = 1, sa_iterations = 1000, initial_temperature = 3.0, cooling_rate = 0.999
26 - INFO - chord#: 0 done. best_score=27.0, changed=520, unchanged=509, early_stops=8/8
26 - INFO - chord#: 4 In build_straw_man_chord_sa. tolerance = 1, sa_iterations = 1000, initial_temperature = 3.0, cooling_rate = 0.999
26 - INFO - chord#: 4 done. best_score=27.0, changed=528, unchanged=381, early_stops=8/8
26 - INFO - chord#: 6 In build_straw_man_chord_sa. tolerance = 1, sa_iterations = 1000, initial_temperature = 3.0, cooling_rate = 0.999
26 - INFO - chord#: 4 done. best_score=27.0, changed=533, unchanged=332, early_stops=8/8
26 - INFO - chord#: 6 In build_straw_man_chord_sa. tolerance = 1, sa_iterations = 1000, initial_temperature = 3.0, cooling_rate = 0.999
26 - INFO - chord#: 4 done. best_score=27.0, changed=525, unchanged=369, early_stops=8/8
26 - INFO - chord#: 6 In build_straw_man_chord_sa. tolerance = 1, sa_iterations = 1000, initial_temperature = 3.0, cooling_rate = 0.999
26 - INFO - chord#: 4 done. best_score=27.0, changed=526, unchanged=364, early_stops=8/8
26 - INFO - chord#: 6 In build_straw_man_chord_sa. tolerance = 1, sa_iterations = 1000, initial_temperature = 3.0, cooling_rate = 0.999
26 - INFO - chord#: 4 done. best_score=27.0, changed=522, unchanged=334, early_stops=8/8
26 - INFO - chord#: 6 In build_straw_man_chord_sa. tolerance = 1, sa_iterations = 1000, initial_temperature = 3.0, cooling_rate = 0.999
26 - INFO - chord#: 4 done. best_score=27.0, changed=531, unchanged=444, early_stops=8/8
26 - INFO - chord#: 6 In build_straw_man_chord_sa. tolerance = 1, sa_iterations = 1000, initial_temperature = 3.0, cooling_rate = 0.999
26 - INFO - chord#: 4 done. best_score=27.0, changed=522, unchanged=329, early_stops=8/8
26 - INFO - chord#: 6 In build_straw_man_chord_sa. tolerance = 1, sa_iterations = 1000, initial_temperature = 3.0, cooling_rate = 0.999
26 - INFO - chord#: 4 done. best_score=27.0, changed=513, unchanged=314, early_stops=8/8
26 - INFO - chord#: 6 In build_straw_man_chord_sa. tolerance = 1, sa_iterations = 1000, initial_temperature = 3.0, cooling_rate = 0.999
26 - INFO - chord#: 4 done. best_score=27.0, changed=523, unchanged=329, early_stops=8/8
26 - INFO - chord#: 6 In build_straw_man_chord_sa. tolerance = 1, sa_iterations = 1000, initial_temperature = 3.0, cooling_rate = 0.999
26 - INFO - chord#: 4 done. best_score=27.0, changed=523, unchanged=304, early_stops=8/8
26 - INFO - chord#: 6 In build_straw_man_chord_sa. tolerance = 1, sa_iterations = 1000, initial_temperature = 3.0, cooling_rate = 0.999
26 - INFO - chord#: 4 done. best_score=27.0, changed=518, unchanged=360, early_stops=8/8
26 - INFO - chord#: 6 In build_straw_man_chord_sa. tolerance = 1, sa_iterations = 1000, initial_temperature = 3.0, cooling_rate = 0.999
26 - INFO - chord#: 4 done. best_score=27.0, changed=538, unchanged=399, early_stops=8/8
26 - INFO - chord#: 6 In build_straw_man_chord_sa. tolerance = 1, sa_iterations = 1000, initial_temperature = 3.0, cooling_rate = 0.999
26 - INFO - chord#: 6 done. best_score=82.0, changed=609, unchanged=208, early_stops=8/8
26 - INFO - chord#: 8 In build_straw_man_chord_sa. tolerance = 1, sa_iterations = 1000, initial_temperature = 3.0, cooling_rate = 0.999
26 - INFO - chord#: 6 done. best_score=82.0, changed=605, unchanged=238, early_stops=8/8
26 - INFO - chord#: 8 In build_straw_man_chord_sa. tolerance = 1, sa_iterations = 1000, initial_temperature = 3.0, cooling_rate = 0.999
26 - INFO - chord#: 6 done. best_score=82.0, changed=611, unchanged=301, early_stops=8/8
26 - INFO - chord#: 8 In build_straw_man_chord_sa. tolerance = 1, sa_iterations = 1000, initial_temperature = 3.0, cooling_rate = 0.999
26 - INFO - chord#: 6 done. best_score=82.0, changed=610, unchanged=314, early_stops=8/8
26 - INFO - chord#: 8 In build_straw_man_chord_sa. tolerance = 1, sa_iterations = 1000, initial_temperature = 3.0, cooling_rate = 0.999
26 - INFO - chord#: 6 done. best_score=127.0, changed=609, unchanged=221, early_stops=8/8
26 - INFO - chord#: 8 In build_straw_man_chord_sa. tolerance = 1, sa_iterations = 1000, initial_temperature = 3.0, cooling_rate = 0.999
26 - INFO - chord#: 8 done. best_score=27.0, changed=524, unchanged=456, early_stops=8/8
26 - INFO - chord#: 12 In build_straw_man_chord_sa. tolerance = 1, sa_iterations = 1000, initial_temperature = 3.0, cooling_rate = 0.999
26 - INFO - chord#: 8 done. best_score=27.0, changed=530, unchanged=457, early_stops=8/8
26 - INFO - chord#: 12 In build_straw_man_chord_sa. tolerance = 1, sa_iterations = 1000, initial_temperature = 3.0, cooling_rate = 0.999
26 - INFO - chord#: 6 done. best_score=82.0, changed=614, unchanged=580, early_stops=8/8
26 - INFO - chord#: 8 In build_straw_man_chord_sa. tolerance = 1, sa_iterations = 1000, initial_temperature = 3.0, cooling_rate = 0.999
26 - INFO - chord#: 6 done. best_score=82.0, changed=613, unchanged=299, early_stops=8/8
26 - INFO - chord#: 8 In build_straw_man_chord_sa. tolerance = 1, sa_iterations = 1000, initial_temperature = 3.0, cooling_rate = 0.999
26 - INFO - chord#: 8 done. best_score=27.0, changed=530, unchanged=479, early_stops=8/8
26 - INFO - chord#: 12 In build_straw_man_chord_sa. tolerance = 1, sa_iterations = 1000, initial_temperature = 3.0, cooling_rate = 0.999
26 - INFO - chord#: 6 done. best_score=82.0, changed=610, unchanged=427, early_stops=8/8
26 - INFO - chord#: 8 In build_straw_man_chord_sa. tolerance = 1, sa_iterations = 1000, initial_temperature = 3.0, cooling_rate = 0.999
26 - INFO - chord#: 6 done. best_score=97.0, changed=614, unchanged=352, early_stops=8/8
26 - INFO - chord#: 8 In build_straw_man_chord_sa. tolerance = 1, sa_iterations = 1000, initial_temperature = 3.0, cooling_rate = 0.999
26 - INFO - chord#: 8 done. best_score=27.0, changed=533, unchanged=604, early_stops=8/8
26 - INFO - chord#: 12 In build_straw_man_chord_sa. tolerance = 1, sa_iterations = 1000, initial_temperature = 3.0, cooling_rate = 0.999
26 - INFO - chord#: 6 done. best_score=82.0, changed=614, unchanged=361, early_stops=8/8
26 - INFO - chord#: 8 In build_straw_man_chord_sa. tolerance = 1, sa_iterations = 1000, initial_temperature = 3.0, cooling_rate = 0.999
26 - INFO - chord#: 8 done. best_score=57.0, changed=528, unchanged=365, early_stops=8/8
26 - INFO - chord#: 12 In build_straw_man_chord_sa. tolerance = 1, sa_iterations = 1000, initial_temperature = 3.0, cooling_rate = 0.999
26 - INFO - chord#: 6 done. best_score=82.0, changed=620, unchanged=401, early_stops=8/8
26 - INFO - chord#: 8 In build_straw_man_chord_sa. tolerance = 1, sa_iterations = 1000, initial_temperature = 3.0, cooling_rate = 0.999
26 - INFO - chord#: 6 done. best_score=82.0, changed=610, unchanged=410, early_stops=8/8
26 - INFO - chord#: 8 In build_straw_man_chord_sa. tolerance = 1, sa_iterations = 1000, initial_temperature = 3.0, cooling_rate = 0.999
26 - INFO - chord#: 8 done. best_score=27.0, changed=518, unchanged=318, early_stops=8/8
26 - INFO - chord#: 12 In build_straw_man_chord_sa. tolerance = 1, sa_iterations = 1000, initial_temperature = 3.0, cooling_rate = 0.999
26 - INFO - chord#: 8 done. best_score=27.0, changed=519, unchanged=349, early_stops=8/8
26 - INFO - chord#: 12 In build_straw_man_chord_sa. tolerance = 1, sa_iterations = 1000, initial_temperature = 3.0, cooling_rate = 0.999
26 - INFO - chord#: 8 done. best_score=27.0, changed=518, unchanged=408, early_stops=8/8
26 - INFO - chord#: 12 In build_straw_man_chord_sa. tolerance = 1, sa_iterations = 1000, initial_temperature = 3.0, cooling_rate = 0.999
26 - INFO - chord#: 8 done. best_score=27.0, changed=520, unchanged=309, early_stops=8/8
26 - INFO - chord#: 12 In build_straw_man_chord_sa. tolerance = 1, sa_iterations = 1000, initial_temperature = 3.0, cooling_rate = 0.999
26 - INFO - chord#: 12 done. best_score=174.0, changed=610, unchanged=235, early_stops=8/8
26 - INFO - chord#: 16 In build_straw_man_chord_sa. tolerance = 1, sa_iterations = 1000, initial_temperature = 3.0, cooling_rate = 0.999
26 - INFO - chord#: 8 done. best_score=27.0, changed=516, unchanged=374, early_stops=8/8
26 - INFO - chord#: 12 In build_straw_man_chord_sa. tolerance = 1, sa_iterations = 1000, initial_temperature = 3.0, cooling_rate = 0.999
26 - INFO - chord#: 8 done. best_score=27.0, changed=528, unchanged=429, early_stops=8/8
26 - INFO - chord#: 12 In build_straw_man_chord_sa. tolerance = 1, sa_iterations = 1000, initial_temperature = 3.0, cooling_rate = 0.999
26 - INFO - chord#: 8 done. best_score=27.0, changed=516, unchanged=351, early_stops=8/8
26 - INFO - chord#: 12 In build_straw_man_chord_sa. tolerance = 1, sa_iterations = 1000, initial_temperature = 3.0, cooling_rate = 0.999
26 - INFO - chord#: 12 done. best_score=71.0, changed=608, unchanged=348, early_stops=8/8
26 - INFO - chord#: 16 In build_straw_man_chord_sa. tolerance = 1, sa_iterations = 1000, initial_temperature = 3.0, cooling_rate = 0.999
26 - INFO - chord#: 12 done. best_score=157.0, changed=613, unchanged=245, early_stops=8/8
26 - INFO - chord#: 16 In build_straw_man_chord_sa. tolerance = 1, sa_iterations = 1000, initial_temperature = 3.0, cooling_rate = 0.999
26 - INFO - chord#: 12 done. best_score=64.0, changed=610, unchanged=233, early_stops=8/8
26 - INFO - chord#: 16 In build_straw_man_chord_sa. tolerance = 1, sa_iterations = 1000, initial_temperature = 3.0, cooling_rate = 0.999
26 - INFO - chord#: 16 done. best_score=27.0, changed=523, unchanged=403, early_stops=8/8
26 - INFO - chord#: 18 In build_straw_man_chord_sa. tolerance = 1, sa_iterations = 1000, initial_temperature = 3.0, cooling_rate = 0.999
26 - INFO - chord#: 12 done. best_score=157.0, changed=611, unchanged=220, early_stops=8/8
26 - INFO - chord#: 16 In build_straw_man_chord_sa. tolerance = 1, sa_iterations = 1000, initial_temperature = 3.0, cooling_rate = 0.999
26 - INFO - chord#: 16 done. best_score=27.0, changed=526, unchanged=525, early_stops=8/8
26 - INFO - chord#: 18 In build_straw_man_chord_sa. tolerance = 1, sa_iterations = 1000, initial_temperature = 3.0, cooling_rate = 0.999
26 - INFO - chord#: 12 done. best_score=71.0, changed=613, unchanged=312, early_stops=8/8
26 - INFO - chord#: 16 In build_straw_man_chord_sa. tolerance = 1, sa_iterations = 1000, initial_temperature = 3.0, cooling_rate = 0.999
26 - INFO - chord#: 16 done. best_score=27.0, changed=522, unchanged=602, early_stops=8/8
26 - INFO - chord#: 18 In build_straw_man_chord_sa. tolerance = 1, sa_iterations = 1000, initial_temperature = 3.0, cooling_rate = 0.999
26 - INFO - chord#: 12 done. best_score=146.0, changed=610, unchanged=423, early_stops=8/8
26 - INFO - chord#: 16 In build_straw_man_chord_sa. tolerance = 1, sa_iterations = 1000, initial_temperature = 3.0, cooling_rate = 0.999
26 - INFO - chord#: 16 done. best_score=27.0, changed=523, unchanged=486, early_stops=8/8
26 - INFO - chord#: 18 In build_straw_man_chord_sa. tolerance = 1, sa_iterations = 1000, initial_temperature = 3.0, cooling_rate = 0.999
26 - INFO - chord#: 16 done. best_score=27.0, changed=524, unchanged=516, early_stops=8/8
26 - INFO - chord#: 18 In build_straw_man_chord_sa. tolerance = 1, sa_iterations = 1000, initial_temperature = 3.0, cooling_rate = 0.999
26 - INFO - chord#: 12 done. best_score=157.0, changed=612, unchanged=278, early_stops=8/8
26 - INFO - chord#: 16 In build_straw_man_chord_sa. tolerance = 1, sa_iterations = 1000, initial_temperature = 3.0, cooling_rate = 0.999
26 - INFO - chord#: 12 done. best_score=64.0, changed=614, unchanged=396, early_stops=8/8
26 - INFO - chord#: 16 In build_straw_man_chord_sa. tolerance = 1, sa_iterations = 1000, initial_temperature = 3.0, cooling_rate = 0.999
26 - INFO - chord#: 16 done. best_score=27.0, changed=517, unchanged=385, early_stops=8/8
26 - INFO - chord#: 18 In build_straw_man_chord_sa. tolerance = 1, sa_iterations = 1000, initial_temperature = 3.0, cooling_rate = 0.999
26 - INFO - chord#: 12 done. best_score=64.0, changed=611, unchanged=301, early_stops=8/8
26 - INFO - chord#: 16 In build_straw_man_chord_sa. tolerance = 1, sa_iterations = 1000, initial_temperature = 3.0, cooling_rate = 0.999
26 - INFO - chord#: 16 done. best_score=27.0, changed=518, unchanged=434, early_stops=8/8
26 - INFO - chord#: 18 In build_straw_man_chord_sa. tolerance = 1, sa_iterations = 1000, initial_temperature = 3.0, cooling_rate = 0.999
26 - INFO - chord#: 12 done. best_score=64.0, changed=610, unchanged=329, early_stops=8/8
26 - INFO - chord#: 16 In build_straw_man_chord_sa. tolerance = 1, sa_iterations = 1000, initial_temperature = 3.0, cooling_rate = 0.999
26 - INFO - chord#: 12 done. best_score=64.0, changed=610, unchanged=495, early_stops=8/8
26 - INFO - chord#: 16 In build_straw_man_chord_sa. tolerance = 1, sa_iterations = 1000, initial_temperature = 3.0, cooling_rate = 0.999
26 - INFO - chord#: 16 done. best_score=27.0, changed=518, unchanged=395, early_stops=8/8
26 - INFO - chord#: 18 In build_straw_man_chord_sa. tolerance = 1, sa_iterations = 1000, initial_temperature = 3.0, cooling_rate = 0.999
26 - INFO - chord#: 18 done. best_score=75.0, changed=618, unchanged=399, early_stops=8/8
26 - INFO - chord#: 20 In build_straw_man_chord_sa. tolerance = 1, sa_iterations = 1000, initial_temperature = 3.0, cooling_rate = 0.999
26 - INFO - chord#: 16 done. best_score=27.0, changed=525, unchanged=433, early_stops=8/8
26 - INFO - chord#: 18 In build_straw_man_chord_sa. tolerance = 1, sa_iterations = 1000, initial_temperature = 3.0, cooling_rate = 0.999
26 - INFO - chord#: 18 done. best_score=75.0, changed=611, unchanged=418, early_stops=8/8
26 - INFO - chord#: 20 In build_straw_man_chord_sa. tolerance = 1, sa_iterations = 1000, initial_temperature = 3.0, cooling_rate = 0.999
26 - INFO - chord#: 16 done. best_score=27.0, changed=519, unchanged=357, early_stops=8/8
26 - INFO - chord#: 18 In build_straw_man_chord_sa. tolerance = 1, sa_iterations = 1000, initial_temperature = 3.0, cooling_rate = 0.999
26 - INFO - chord#: 18 done. best_score=104.0, changed=616, unchanged=408, early_stops=8/8
26 - INFO - chord#: 20 In build_straw_man_chord_sa. tolerance = 1, sa_iterations = 1000, initial_temperature = 3.0, cooling_rate = 0.999
26 - INFO - chord#: 16 done. best_score=27.0, changed=520, unchanged=620, early_stops=8/8
26 - INFO - chord#: 18 In build_straw_man_chord_sa. tolerance = 1, sa_iterations = 1000, initial_temperature = 3.0, cooling_rate = 0.999
26 - INFO - chord#: 18 done. best_score=75.0, changed=620, unchanged=498, early_stops=8/8
26 - INFO - chord#: 20 In build_straw_man_chord_sa. tolerance = 1, sa_iterations = 1000, initial_temperature = 3.0, cooling_rate = 0.999
26 - INFO - chord#: 16 done. best_score=27.0, changed=518, unchanged=351, early_stops=8/8
26 - INFO - chord#: 18 In build_straw_man_chord_sa. tolerance = 1, sa_iterations = 1000, initial_temperature = 3.0, cooling_rate = 0.999
26 - INFO - chord#: 20 done. best_score=27.0, changed=521, unchanged=348, early_stops=8/8
26 - INFO - chord#: 22 In build_straw_man_chord_sa. tolerance = 1, sa_iterations = 1000, initial_temperature = 3.0, cooling_rate = 0.999
26 - INFO - chord#: 18 done. best_score=75.0, changed=611, unchanged=326, early_stops=8/8
26 - INFO - chord#: 20 In build_straw_man_chord_sa. tolerance = 1, sa_iterations = 1000, initial_temperature = 3.0, cooling_rate = 0.999
26 - INFO - chord#: 18 done. best_score=70.0, changed=609, unchanged=345, early_stops=8/8
26 - INFO - chord#: 20 In build_straw_man_chord_sa. tolerance = 1, sa_iterations = 1000, initial_temperature = 3.0, cooling_rate = 0.999
26 - INFO - chord#: 20 done. best_score=27.0, changed=523, unchanged=340, early_stops=8/8
26 - INFO - chord#: 22 In build_straw_man_chord_sa. tolerance = 1, sa_iterations = 1000, initial_temperature = 3.0, cooling_rate = 0.999
26 - INFO - chord#: 20 done. best_score=27.0, changed=531, unchanged=426, early_stops=8/8
26 - INFO - chord#: 22 In build_straw_man_chord_sa. tolerance = 1, sa_iterations = 1000, initial_temperature = 3.0, cooling_rate = 0.999
26 - INFO - chord#: 18 done. best_score=138.0, changed=609, unchanged=245, early_stops=8/8
26 - INFO - chord#: 20 In build_straw_man_chord_sa. tolerance = 1, sa_iterations = 1000, initial_temperature = 3.0, cooling_rate = 0.999
26 - INFO - chord#: 20 done. best_score=27.0, changed=522, unchanged=368, early_stops=8/8
26 - INFO - chord#: 22 In build_straw_man_chord_sa. tolerance = 1, sa_iterations = 1000, initial_temperature = 3.0, cooling_rate = 0.999
26 - INFO - chord#: 20 done. best_score=27.0, changed=517, unchanged=335, early_stops=8/8
26 - INFO - chord#: 22 In build_straw_man_chord_sa. tolerance = 1, sa_iterations = 1000, initial_temperature = 3.0, cooling_rate = 0.999
26 - INFO - chord#: 20 done. best_score=27.0, changed=533, unchanged=485, early_stops=8/8
26 - INFO - chord#: 22 In build_straw_man_chord_sa. tolerance = 1, sa_iterations = 1000, initial_temperature = 3.0, cooling_rate = 0.999
26 - INFO - chord#: 18 done. best_score=151.0, changed=613, unchanged=302, early_stops=8/8
26 - INFO - chord#: 20 In build_straw_man_chord_sa. tolerance = 1, sa_iterations = 1000, initial_temperature = 3.0, cooling_rate = 0.999
26 - INFO - chord#: 20 done. best_score=27.0, changed=519, unchanged=312, early_stops=8/8
26 - INFO - chord#: 22 In build_straw_man_chord_sa. tolerance = 1, sa_iterations = 1000, initial_temperature = 3.0, cooling_rate = 0.999
26 - INFO - chord#: 18 done. best_score=70.0, changed=610, unchanged=320, early_stops=8/8
26 - INFO - chord#: 20 In build_straw_man_chord_sa. tolerance = 1, sa_iterations = 1000, initial_temperature = 3.0, cooling_rate = 0.999
26 - INFO - chord#: 22 done. best_score=64.0, changed=613, unchanged=304, early_stops=8/8
26 - INFO - chord#: 24 In build_straw_man_chord_sa. tolerance = 1, sa_iterations = 1000, initial_temperature = 3.0, cooling_rate = 0.999
26 - INFO - chord#: 18 done. best_score=121.0, changed=607, unchanged=299, early_stops=8/8
26 - INFO - chord#: 20 In build_straw_man_chord_sa. tolerance = 1, sa_iterations = 1000, initial_temperature = 3.0, cooling_rate = 0.999
26 - INFO - chord#: 22 done. best_score=64.0, changed=610, unchanged=282, early_stops=8/8
26 - INFO - chord#: 24 In build_straw_man_chord_sa. tolerance = 1, sa_iterations = 1000, initial_temperature = 3.0, cooling_rate = 0.999
26 - INFO - chord#: 22 done. best_score=64.0, changed=611, unchanged=265, early_stops=8/8
26 - INFO - chord#: 24 In build_straw_man_chord_sa. tolerance = 1, sa_iterations = 1000, initial_temperature = 3.0, cooling_rate = 0.999
26 - INFO - chord#: 18 done. best_score=156.0, changed=607, unchanged=356, early_stops=8/8
26 - INFO - chord#: 20 In build_straw_man_chord_sa. tolerance = 1, sa_iterations = 1000, initial_temperature = 3.0, cooling_rate = 0.999
26 - INFO - chord#: 20 done. best_score=27.0, changed=521, unchanged=395, early_stops=8/8
26 - INFO - chord#: 22 In build_straw_man_chord_sa. tolerance = 1, sa_iterations = 1000, initial_temperature = 3.0, cooling_rate = 0.999
26 - INFO - chord#: 18 done. best_score=70.0, changed=615, unchanged=375, early_stops=8/8
26 - INFO - chord#: 20 In build_straw_man_chord_sa. tolerance = 1, sa_iterations = 1000, initial_temperature = 3.0, cooling_rate = 0.999
26 - INFO - chord#: 20 done. best_score=27.0, changed=524, unchanged=436, early_stops=8/8
26 - INFO - chord#: 22 In build_straw_man_chord_sa. tolerance = 1, sa_iterations = 1000, initial_temperature = 3.0, cooling_rate = 0.999
26 - INFO - chord#: 22 done. best_score=64.0, changed=616, unchanged=327, early_stops=8/8
26 - INFO - chord#: 24 In build_straw_man_chord_sa. tolerance = 1, sa_iterations = 1000, initial_temperature = 3.0, cooling_rate = 0.999
26 - INFO - chord#: 24 done. best_score=27.0, changed=520, unchanged=561, early_stops=8/8
26 - INFO - chord#: 28 In build_straw_man_chord_sa. tolerance = 1, sa_iterations = 1000, initial_temperature = 3.0, cooling_rate = 0.999
26 - INFO - chord#: 20 done. best_score=27.0, changed=527, unchanged=430, early_stops=8/8
26 - INFO - chord#: 22 In build_straw_man_chord_sa. tolerance = 1, sa_iterations = 1000, initial_temperature = 3.0, cooling_rate = 0.999
26 - INFO - chord#: 24 done. best_score=27.0, changed=516, unchanged=381, early_stops=8/8
26 - INFO - chord#: 28 In build_straw_man_chord_sa. tolerance = 1, sa_iterations = 1000, initial_temperature = 3.0, cooling_rate = 0.999
26 - INFO - chord#: 22 done. best_score=64.0, changed=617, unchanged=462, early_stops=8/8
26 - INFO - chord#: 24 In build_straw_man_chord_sa. tolerance = 1, sa_iterations = 1000, initial_temperature = 3.0, cooling_rate = 0.999
26 - INFO - chord#: 24 done. best_score=27.0, changed=524, unchanged=592, early_stops=8/8
26 - INFO - chord#: 28 In build_straw_man_chord_sa. tolerance = 1, sa_iterations = 1000, initial_temperature = 3.0, cooling_rate = 0.999
26 - INFO - chord#: 20 done. best_score=36.0, changed=520, unchanged=337, early_stops=8/8
26 - INFO - chord#: 22 In build_straw_man_chord_sa. tolerance = 1, sa_iterations = 1000, initial_temperature = 3.0, cooling_rate = 0.999
26 - INFO - chord#: 22 done. best_score=96.0, changed=615, unchanged=364, early_stops=8/8
26 - INFO - chord#: 24 In build_straw_man_chord_sa. tolerance = 1, sa_iterations = 1000, initial_temperature = 3.0, cooling_rate = 0.999
26 - INFO - chord#: 20 done. best_score=27.0, changed=525, unchanged=414, early_stops=8/8
26 - INFO - chord#: 22 In build_straw_man_chord_sa. tolerance = 1, sa_iterations = 1000, initial_temperature = 3.0, cooling_rate = 0.999
26 - INFO - chord#: 22 done. best_score=140.0, changed=609, unchanged=238, early_stops=8/8
26 - INFO - chord#: 24 In build_straw_man_chord_sa. tolerance = 1, sa_iterations = 1000, initial_temperature = 3.0, cooling_rate = 0.999
26 - INFO - chord#: 24 done. best_score=27.0, changed=520, unchanged=559, early_stops=8/8
26 - INFO - chord#: 28 In build_straw_man_chord_sa. tolerance = 1, sa_iterations = 1000, initial_temperature = 3.0, cooling_rate = 0.999
26 - INFO - chord#: 24 done. best_score=27.0, changed=524, unchanged=476, early_stops=8/8
26 - INFO - chord#: 28 In build_straw_man_chord_sa. tolerance = 1, sa_iterations = 1000, initial_temperature = 3.0, cooling_rate = 0.999
26 - INFO - chord#: 28 done. best_score=64.0, changed=611, unchanged=328, early_stops=8/8
26 - INFO - chord#: 30 In build_straw_man_chord_sa. tolerance = 1, sa_iterations = 1000, initial_temperature = 3.0, cooling_rate = 0.999
26 - INFO - chord#: 22 done. best_score=64.0, changed=617, unchanged=317, early_stops=8/8
26 - INFO - chord#: 24 In build_straw_man_chord_sa. tolerance = 1, sa_iterations = 1000, initial_temperature = 3.0, cooling_rate = 0.999
26 - INFO - chord#: 24 done. best_score=27.0, changed=520, unchanged=352, early_stops=8/8
26 - INFO - chord#: 28 In build_straw_man_chord_sa. tolerance = 1, sa_iterations = 1000, initial_temperature = 3.0, cooling_rate = 0.999
26 - INFO - chord#: 24 done. best_score=27.0, changed=513, unchanged=395, early_stops=8/8
26 - INFO - chord#: 28 In build_straw_man_chord_sa. tolerance = 1, sa_iterations = 1000, initial_temperature = 3.0, cooling_rate = 0.999
26 - INFO - chord#: 22 done. best_score=146.0, changed=617, unchanged=234, early_stops=8/8
26 - INFO - chord#: 24 In build_straw_man_chord_sa. tolerance = 1, sa_iterations = 1000, initial_temperature = 3.0, cooling_rate = 0.999
26 - INFO - chord#: 28 done. best_score=71.0, changed=614, unchanged=233, early_stops=8/8
26 - INFO - chord#: 30 In build_straw_man_chord_sa. tolerance = 1, sa_iterations = 1000, initial_temperature = 3.0, cooling_rate = 0.999
26 - INFO - chord#: 28 done. best_score=64.0, changed=609, unchanged=292, early_stops=8/8
26 - INFO - chord#: 30 In build_straw_man_chord_sa. tolerance = 1, sa_iterations = 1000, initial_temperature = 3.0, cooling_rate = 0.999
26 - INFO - chord#: 22 done. best_score=96.0, changed=610, unchanged=216, early_stops=8/8
26 - INFO - chord#: 24 In build_straw_man_chord_sa. tolerance = 1, sa_iterations = 1000, initial_temperature = 3.0, cooling_rate = 0.999
26 - INFO - chord#: 28 done. best_score=104.0, changed=612, unchanged=255, early_stops=8/8
26 - INFO - chord#: 30 In build_straw_man_chord_sa. tolerance = 1, sa_iterations = 1000, initial_temperature = 3.0, cooling_rate = 0.999
26 - INFO - chord#: 30 done. best_score=36.0, changed=528, unchanged=454, early_stops=8/8
26 - INFO - chord#: 32 In build_straw_man_chord_sa. tolerance = 1, sa_iterations = 1000, initial_temperature = 3.0, cooling_rate = 0.999
26 - INFO - chord#: 24 done. best_score=27.0, changed=523, unchanged=459, early_stops=8/8
26 - INFO - chord#: 28 In build_straw_man_chord_sa. tolerance = 1, sa_iterations = 1000, initial_temperature = 3.0, cooling_rate = 0.999
26 - INFO - chord#: 30 done. best_score=36.0, changed=524, unchanged=415, early_stops=8/8
26 - INFO - chord#: 32 In build_straw_man_chord_sa. tolerance = 1, sa_iterations = 1000, initial_temperature = 3.0, cooling_rate = 0.999
26 - INFO - chord#: 22 done. best_score=71.0, changed=613, unchanged=363, early_stops=8/8
26 - INFO - chord#: 24 In build_straw_man_chord_sa. tolerance = 1, sa_iterations = 1000, initial_temperature = 3.0, cooling_rate = 0.999
26 - INFO - chord#: 30 done. best_score=36.0, changed=515, unchanged=360, early_stops=8/8
26 - INFO - chord#: 32 In build_straw_man_chord_sa. tolerance = 1, sa_iterations = 1000, initial_temperature = 3.0, cooling_rate = 0.999
26 - INFO - chord#: 24 done. best_score=27.0, changed=526, unchanged=419, early_stops=8/8
26 - INFO - chord#: 28 In build_straw_man_chord_sa. tolerance = 1, sa_iterations = 1000, initial_temperature = 3.0, cooling_rate = 0.999
26 - INFO - chord#: 22 done. best_score=140.0, changed=612, unchanged=374, early_stops=8/8
26 - INFO - chord#: 24 In build_straw_man_chord_sa. tolerance = 1, sa_iterations = 1000, initial_temperature = 3.0, cooling_rate = 0.999
26 - INFO - chord#: 30 done. best_score=36.0, changed=523, unchanged=447, early_stops=8/8
26 - INFO - chord#: 32 In build_straw_man_chord_sa. tolerance = 1, sa_iterations = 1000, initial_temperature = 3.0, cooling_rate = 0.999
26 - INFO - chord#: 24 done. best_score=27.0, changed=529, unchanged=449, early_stops=8/8
26 - INFO - chord#: 28 In build_straw_man_chord_sa. tolerance = 1, sa_iterations = 1000, initial_temperature = 3.0, cooling_rate = 0.999
26 - INFO - chord#: 32 done. best_score=37.0, changed=523, unchanged=344, early_stops=8/8
26 - INFO - chord#: 32 done. best_score=35.0, changed=530, unchanged=501, early_stops=8/8
26 - INFO - chord#: 34 In build_straw_man_chord_sa. tolerance = 1, sa_iterations = 1000, initial_temperature = 3.0, cooling_rate = 0.999
26 - INFO - chord#: 34 In build_straw_man_chord_sa. tolerance = 1, sa_iterations = 1000, initial_temperature = 3.0, cooling_rate = 0.999
26 - INFO - chord#: 32 done. best_score=35.0, changed=520, unchanged=343, early_stops=8/8
26 - INFO - chord#: 34 In build_straw_man_chord_sa. tolerance = 1, sa_iterations = 1000, initial_temperature = 3.0, cooling_rate = 0.999
26 - INFO - chord#: 28 done. best_score=64.0, changed=616, unchanged=598, early_stops=8/8
26 - INFO - chord#: 30 In build_straw_man_chord_sa. tolerance = 1, sa_iterations = 1000, initial_temperature = 3.0, cooling_rate = 0.999
26 - INFO - chord#: 24 done. best_score=27.0, changed=523, unchanged=383, early_stops=8/8
26 - INFO - chord#: 28 In build_straw_man_chord_sa. tolerance = 1, sa_iterations = 1000, initial_temperature = 3.0, cooling_rate = 0.999
26 - INFO - chord#: 28 done. best_score=104.0, changed=614, unchanged=241, early_stops=8/8
26 - INFO - chord#: 30 In build_straw_man_chord_sa. tolerance = 1, sa_iterations = 1000, initial_temperature = 3.0, cooling_rate = 0.999
26 - INFO - chord#: 32 done. best_score=35.0, changed=518, unchanged=332, early_stops=8/8
26 - INFO - chord#: 34 In build_straw_man_chord_sa. tolerance = 1, sa_iterations = 1000, initial_temperature = 3.0, cooling_rate = 0.999
26 - INFO - chord#: 34 done. best_score=36.0, changed=533, unchanged=372, early_stops=8/8
26 - INFO - chord#: 36 In build_straw_man_chord_sa. tolerance = 1, sa_iterations = 1000, initial_temperature = 3.0, cooling_rate = 0.999
26 - INFO - chord#: 28 done. best_score=104.0, changed=614, unchanged=252, early_stops=8/8
26 - INFO - chord#: 30 In build_straw_man_chord_sa. tolerance = 1, sa_iterations = 1000, initial_temperature = 3.0, cooling_rate = 0.999
26 - INFO - chord#: 24 done. best_score=27.0, changed=514, unchanged=328, early_stops=8/8
26 - INFO - chord#: 28 In build_straw_man_chord_sa. tolerance = 1, sa_iterations = 1000, initial_temperature = 3.0, cooling_rate = 0.999
26 - INFO - chord#: 28 done. best_score=104.0, changed=612, unchanged=372, early_stops=8/8
26 - INFO - chord#: 30 In build_straw_man_chord_sa. tolerance = 1, sa_iterations = 1000, initial_temperature = 3.0, cooling_rate = 0.999
26 - INFO - chord#: 34 done. best_score=27.0, changed=519, unchanged=338, early_stops=8/8
26 - INFO - chord#: 36 In build_straw_man_chord_sa. tolerance = 1, sa_iterations = 1000, initial_temperature = 3.0, cooling_rate = 0.999
26 - INFO - chord#: 30 done. best_score=36.0, changed=527, unchanged=404, early_stops=8/8
26 - INFO - chord#: 32 In build_straw_man_chord_sa. tolerance = 1, sa_iterations = 1000, initial_temperature = 3.0, cooling_rate = 0.999
26 - INFO - chord#: 34 done. best_score=27.0, changed=527, unchanged=451, early_stops=8/8
26 - INFO - chord#: 36 In build_straw_man_chord_sa. tolerance = 1, sa_iterations = 1000, initial_temperature = 3.0, cooling_rate = 0.999
26 - INFO - chord#: 34 done. best_score=36.0, changed=533, unchanged=302, early_stops=8/8
26 - INFO - chord#: 36 In build_straw_man_chord_sa. tolerance = 1, sa_iterations = 1000, initial_temperature = 3.0, cooling_rate = 0.999
26 - INFO - chord#: 30 done. best_score=36.0, changed=529, unchanged=424, early_stops=8/8
26 - INFO - chord#: 32 In build_straw_man_chord_sa. tolerance = 1, sa_iterations = 1000, initial_temperature = 3.0, cooling_rate = 0.999
26 - INFO - chord#: 30 done. best_score=36.0, changed=531, unchanged=516, early_stops=8/8
26 - INFO - chord#: 32 In build_straw_man_chord_sa. tolerance = 1, sa_iterations = 1000, initial_temperature = 3.0, cooling_rate = 0.999
26 - INFO - chord#: 30 done. best_score=36.0, changed=518, unchanged=348, early_stops=8/8
26 - INFO - chord#: 32 In build_straw_man_chord_sa. tolerance = 1, sa_iterations = 1000, initial_temperature = 3.0, cooling_rate = 0.999
26 - INFO - chord#: 28 done. best_score=146.0, changed=616, unchanged=289, early_stops=8/8
26 - INFO - chord#: 30 In build_straw_man_chord_sa. tolerance = 1, sa_iterations = 1000, initial_temperature = 3.0, cooling_rate = 0.999
26 - INFO - chord#: 32 done. best_score=35.0, changed=520, unchanged=411, early_stops=8/8
26 - INFO - chord#: 34 In build_straw_man_chord_sa. tolerance = 1, sa_iterations = 1000, initial_temperature = 3.0, cooling_rate = 0.999
26 - INFO - chord#: 28 done. best_score=64.0, changed=614, unchanged=491, early_stops=8/8
26 - INFO - chord#: 30 In build_straw_man_chord_sa. tolerance = 1, sa_iterations = 1000, initial_temperature = 3.0, cooling_rate = 0.999
26 - INFO - chord#: 36 done. best_score=146.0, changed=611, unchanged=248, early_stops=8/8
26 - INFO - chord#: 38 In build_straw_man_chord_sa. tolerance = 1, sa_iterations = 1000, initial_temperature = 3.0, cooling_rate = 0.999
26 - INFO - chord#: 32 done. best_score=35.0, changed=526, unchanged=344, early_stops=8/8
26 - INFO - chord#: 34 In build_straw_man_chord_sa. tolerance = 1, sa_iterations = 1000, initial_temperature = 3.0, cooling_rate = 0.999
26 - INFO - chord#: 28 done. best_score=146.0, changed=609, unchanged=241, early_stops=8/8
26 - INFO - chord#: 30 In build_straw_man_chord_sa. tolerance = 1, sa_iterations = 1000, initial_temperature = 3.0, cooling_rate = 0.999
26 - INFO - chord#: 32 done. best_score=35.0, changed=513, unchanged=338, early_stops=8/8
26 - INFO - chord#: 34 In build_straw_man_chord_sa. tolerance = 1, sa_iterations = 1000, initial_temperature = 3.0, cooling_rate = 0.999
26 - INFO - chord#: 34 done. best_score=36.0, changed=521, unchanged=343, early_stops=8/8
26 - INFO - chord#: 36 In build_straw_man_chord_sa. tolerance = 1, sa_iterations = 1000, initial_temperature = 3.0, cooling_rate = 0.999
26 - INFO - chord#: 30 done. best_score=36.0, changed=524, unchanged=377, early_stops=8/8
26 - INFO - chord#: 32 In build_straw_man_chord_sa. tolerance = 1, sa_iterations = 1000, initial_temperature = 3.0, cooling_rate = 0.999
26 - INFO - chord#: 32 done. best_score=35.0, changed=523, unchanged=425, early_stops=8/8
26 - INFO - chord#: 34 In build_straw_man_chord_sa. tolerance = 1, sa_iterations = 1000, initial_temperature = 3.0, cooling_rate = 0.999
26 - INFO - chord#: 36 done. best_score=157.0, changed=609, unchanged=337, early_stops=8/8
26 - INFO - chord#: 38 In build_straw_man_chord_sa. tolerance = 1, sa_iterations = 1000, initial_temperature = 3.0, cooling_rate = 0.999
26 - INFO - chord#: 36 done. best_score=71.0, changed=609, unchanged=282, early_stops=8/8
26 - INFO - chord#: 38 In build_straw_man_chord_sa. tolerance = 1, sa_iterations = 1000, initial_temperature = 3.0, cooling_rate = 0.999
26 - INFO - chord#: 36 done. best_score=64.0, changed=618, unchanged=485, early_stops=8/8
26 - INFO - chord#: 38 In build_straw_man_chord_sa. tolerance = 1, sa_iterations = 1000, initial_temperature = 3.0, cooling_rate = 0.999
26 - INFO - chord#: 38 done. best_score=36.0, changed=526, unchanged=348, early_stops=8/8
26 - INFO - chord#: 39 In build_straw_man_chord_sa. tolerance = 1, sa_iterations = 1000, initial_temperature = 3.0, cooling_rate = 0.999
26 - INFO - chord#: 34 done. best_score=36.0, changed=517, unchanged=300, early_stops=8/8
26 - INFO - chord#: 36 In build_straw_man_chord_sa. tolerance = 1, sa_iterations = 1000, initial_temperature = 3.0, cooling_rate = 0.999
26 - INFO - chord#: 30 done. best_score=36.0, changed=516, unchanged=305, early_stops=8/8
26 - INFO - chord#: 32 In build_straw_man_chord_sa. tolerance = 1, sa_iterations = 1000, initial_temperature = 3.0, cooling_rate = 0.999
26 - INFO - chord#: 34 done. best_score=36.0, changed=532, unchanged=364, early_stops=8/8
26 - INFO - chord#: 36 In build_straw_man_chord_sa. tolerance = 1, sa_iterations = 1000, initial_temperature = 3.0, cooling_rate = 0.999
26 - INFO - chord#: 28 done. best_score=64.0, changed=615, unchanged=443, early_stops=8/8
26 - INFO - chord#: 30 In build_straw_man_chord_sa. tolerance = 1, sa_iterations = 1000, initial_temperature = 3.0, cooling_rate = 0.999
26 - INFO - chord#: 30 done. best_score=36.0, changed=534, unchanged=556, early_stops=8/8
26 - INFO - chord#: 32 In build_straw_man_chord_sa. tolerance = 1, sa_iterations = 1000, initial_temperature = 3.0, cooling_rate = 0.999
26 - INFO - chord#: 32 done. best_score=37.0, changed=528, unchanged=314, early_stops=8/8
26 - INFO - chord#: 34 In build_straw_man_chord_sa. tolerance = 1, sa_iterations = 1000, initial_temperature = 3.0, cooling_rate = 0.999
26 - INFO - chord#: 34 done. best_score=36.0, changed=525, unchanged=282, early_stops=8/8
26 - INFO - chord#: 36 In build_straw_man_chord_sa. tolerance = 1, sa_iterations = 1000, initial_temperature = 3.0, cooling_rate = 0.999
26 - INFO - chord#: 38 done. best_score=36.0, changed=516, unchanged=348, early_stops=8/8
26 - INFO - chord#: 39 In build_straw_man_chord_sa. tolerance = 1, sa_iterations = 1000, initial_temperature = 3.0, cooling_rate = 0.999
26 - INFO - chord#: 38 done. best_score=36.0, changed=518, unchanged=417, early_stops=8/8
26 - INFO - chord#: 39 In build_straw_man_chord_sa. tolerance = 1, sa_iterations = 1000, initial_temperature = 3.0, cooling_rate = 0.999
26 - INFO - chord#: 38 done. best_score=36.0, changed=527, unchanged=463, early_stops=8/8
26 - INFO - chord#: 39 In build_straw_man_chord_sa. tolerance = 1, sa_iterations = 1000, initial_temperature = 3.0, cooling_rate = 0.999
26 - INFO - chord#: 39 done. best_score=36.0, changed=521, unchanged=357, early_stops=8/8
26 - INFO - chord#: 40 In build_straw_man_chord_sa. tolerance = 1, sa_iterations = 1000, initial_temperature = 3.0, cooling_rate = 0.999
26 - INFO - chord#: 32 done. best_score=37.0, changed=524, unchanged=418, early_stops=8/8
26 - INFO - chord#: 34 In build_straw_man_chord_sa. tolerance = 1, sa_iterations = 1000, initial_temperature = 3.0, cooling_rate = 0.999
26 - INFO - chord#: 30 done. best_score=36.0, changed=517, unchanged=362, early_stops=8/8
26 - INFO - chord#: 32 In build_straw_man_chord_sa. tolerance = 1, sa_iterations = 1000, initial_temperature = 3.0, cooling_rate = 0.999
26 - INFO - chord#: 32 done. best_score=35.0, changed=518, unchanged=445, early_stops=8/8
26 - INFO - chord#: 34 In build_straw_man_chord_sa. tolerance = 1, sa_iterations = 1000, initial_temperature = 3.0, cooling_rate = 0.999
26 - INFO - chord#: 36 done. best_score=140.0, changed=619, unchanged=452, early_stops=8/8
26 - INFO - chord#: 38 In build_straw_man_chord_sa. tolerance = 1, sa_iterations = 1000, initial_temperature = 3.0, cooling_rate = 0.999
26 - INFO - chord#: 39 done. best_score=27.0, changed=531, unchanged=518, early_stops=8/8
26 - INFO - chord#: 40 In build_straw_man_chord_sa. tolerance = 1, sa_iterations = 1000, initial_temperature = 3.0, cooling_rate = 0.999
26 - INFO - chord#: 34 done. best_score=27.0, changed=524, unchanged=386, early_stops=8/8
26 - INFO - chord#: 36 In build_straw_man_chord_sa. tolerance = 1, sa_iterations = 1000, initial_temperature = 3.0, cooling_rate = 0.999
26 - INFO - chord#: 39 done. best_score=36.0, changed=529, unchanged=465, early_stops=8/8
26 - INFO - chord#: 40 In build_straw_man_chord_sa. tolerance = 1, sa_iterations = 1000, initial_temperature = 3.0, cooling_rate = 0.999
26 - INFO - chord#: 39 done. best_score=27.0, changed=520, unchanged=413, early_stops=8/8
26 - INFO - chord#: 40 In build_straw_man_chord_sa. tolerance = 1, sa_iterations = 1000, initial_temperature = 3.0, cooling_rate = 0.999
26 - INFO - chord#: 36 done. best_score=155.0, changed=606, unchanged=209, early_stops=8/8
26 - INFO - chord#: 38 In build_straw_man_chord_sa. tolerance = 1, sa_iterations = 1000, initial_temperature = 3.0, cooling_rate = 0.999
26 - INFO - chord#: 40 done. best_score=27.0, changed=533, unchanged=479, early_stops=8/8
26 - INFO - chord#: 42 In build_straw_man_chord_sa. tolerance = 1, sa_iterations = 1000, initial_temperature = 3.0, cooling_rate = 0.999
26 - INFO - chord#: 36 done. best_score=71.0, changed=611, unchanged=274, early_stops=8/8
26 - INFO - chord#: 38 In build_straw_man_chord_sa. tolerance = 1, sa_iterations = 1000, initial_temperature = 3.0, cooling_rate = 0.999
26 - INFO - chord#: 32 done. best_score=35.0, changed=533, unchanged=410, early_stops=8/8
26 - INFO - chord#: 34 In build_straw_man_chord_sa. tolerance = 1, sa_iterations = 1000, initial_temperature = 3.0, cooling_rate = 0.999
26 - INFO - chord#: 34 done. best_score=27.0, changed=530, unchanged=351, early_stops=8/8
26 - INFO - chord#: 36 In build_straw_man_chord_sa. tolerance = 1, sa_iterations = 1000, initial_temperature = 3.0, cooling_rate = 0.999
26 - INFO - chord#: 34 done. best_score=36.0, changed=525, unchanged=320, early_stops=8/8
26 - INFO - chord#: 36 In build_straw_man_chord_sa. tolerance = 1, sa_iterations = 1000, initial_temperature = 3.0, cooling_rate = 0.999
26 - INFO - chord#: 40 done. best_score=27.0, changed=512, unchanged=350, early_stops=8/8
26 - INFO - chord#: 42 In build_straw_man_chord_sa. tolerance = 1, sa_iterations = 1000, initial_temperature = 3.0, cooling_rate = 0.999
26 - INFO - chord#: 40 done. best_score=27.0, changed=517, unchanged=376, early_stops=8/8
26 - INFO - chord#: 42 In build_straw_man_chord_sa. tolerance = 1, sa_iterations = 1000, initial_temperature = 3.0, cooling_rate = 0.999
26 - INFO - chord#: 38 done. best_score=36.0, changed=523, unchanged=479, early_stops=8/8
26 - INFO - chord#: 39 In build_straw_man_chord_sa. tolerance = 1, sa_iterations = 1000, initial_temperature = 3.0, cooling_rate = 0.999
26 - INFO - chord#: 40 done. best_score=27.0, changed=519, unchanged=393, early_stops=8/8
26 - INFO - chord#: 42 In build_straw_man_chord_sa. tolerance = 1, sa_iterations = 1000, initial_temperature = 3.0, cooling_rate = 0.999
26 - INFO - chord#: 38 done. best_score=36.0, changed=526, unchanged=433, early_stops=8/8
26 - INFO - chord#: 39 In build_straw_man_chord_sa. tolerance = 1, sa_iterations = 1000, initial_temperature = 3.0, cooling_rate = 0.999
26 - INFO - chord#: 36 done. best_score=146.0, changed=614, unchanged=370, early_stops=8/8
26 - INFO - chord#: 38 In build_straw_man_chord_sa. tolerance = 1, sa_iterations = 1000, initial_temperature = 3.0, cooling_rate = 0.999
26 - INFO - chord#: 38 done. best_score=36.0, changed=516, unchanged=332, early_stops=8/8
26 - INFO - chord#: 39 In build_straw_man_chord_sa. tolerance = 1, sa_iterations = 1000, initial_temperature = 3.0, cooling_rate = 0.999
26 - INFO - chord#: 39 done. best_score=27.0, changed=515, unchanged=370, early_stops=8/8
26 - INFO - chord#: 40 In build_straw_man_chord_sa. tolerance = 1, sa_iterations = 1000, initial_temperature = 3.0, cooling_rate = 0.999
26 - INFO - chord#: 34 done. best_score=36.0, changed=523, unchanged=394, early_stops=8/8
26 - INFO - chord#: 36 In build_straw_man_chord_sa. tolerance = 1, sa_iterations = 1000, initial_temperature = 3.0, cooling_rate = 0.999
26 - INFO - chord#: 42 done. best_score=145.0, changed=612, unchanged=234, early_stops=8/8
26 - INFO - chord#: 44 In build_straw_man_chord_sa. tolerance = 1, sa_iterations = 1000, initial_temperature = 3.0, cooling_rate = 0.999
26 - INFO - chord#: 39 done. best_score=27.0, changed=528, unchanged=501, early_stops=8/8
26 - INFO - chord#: 40 In build_straw_man_chord_sa. tolerance = 1, sa_iterations = 1000, initial_temperature = 3.0, cooling_rate = 0.999
26 - INFO - chord#: 39 done. best_score=36.0, changed=528, unchanged=404, early_stops=8/8
26 - INFO - chord#: 40 In build_straw_man_chord_sa. tolerance = 1, sa_iterations = 1000, initial_temperature = 3.0, cooling_rate = 0.999
26 - INFO - chord#: 38 done. best_score=36.0, changed=521, unchanged=369, early_stops=8/8
26 - INFO - chord#: 39 In build_straw_man_chord_sa. tolerance = 1, sa_iterations = 1000, initial_temperature = 3.0, cooling_rate = 0.999
26 - INFO - chord#: 42 done. best_score=145.0, changed=605, unchanged=237, early_stops=8/8
26 - INFO - chord#: 44 In build_straw_man_chord_sa. tolerance = 1, sa_iterations = 1000, initial_temperature = 3.0, cooling_rate = 0.999
26 - INFO - chord#: 42 done. best_score=96.0, changed=611, unchanged=285, early_stops=8/8
26 - INFO - chord#: 44 In build_straw_man_chord_sa. tolerance = 1, sa_iterations = 1000, initial_temperature = 3.0, cooling_rate = 0.999
26 - INFO - chord#: 40 done. best_score=27.0, changed=513, unchanged=360, early_stops=8/8
26 - INFO - chord#: 42 In build_straw_man_chord_sa. tolerance = 1, sa_iterations = 1000, initial_temperature = 3.0, cooling_rate = 0.999
26 - INFO - chord#: 44 done. best_score=27.0, changed=517, unchanged=383, early_stops=8/8
26 - INFO - chord#: 48 In build_straw_man_chord_sa. tolerance = 1, sa_iterations = 1000, initial_temperature = 3.0, cooling_rate = 0.999
26 - INFO - chord#: 48 done. best_score=9.0, changed=460, unchanged=354, early_stops=8/8
26 - INFO - chord#: 50 In build_straw_man_chord_sa. tolerance = 1, sa_iterations = 1000, initial_temperature = 3.0, cooling_rate = 0.999
26 - INFO - chord#: 36 done. best_score=140.0, changed=609, unchanged=282, early_stops=8/8
26 - INFO - chord#: 38 In build_straw_man_chord_sa. tolerance = 1, sa_iterations = 1000, initial_temperature = 3.0, cooling_rate = 0.999
26 - INFO - chord#: 40 done. best_score=27.0, changed=525, unchanged=553, early_stops=8/8
26 - INFO - chord#: 42 In build_straw_man_chord_sa. tolerance = 1, sa_iterations = 1000, initial_temperature = 3.0, cooling_rate = 0.999
26 - INFO - chord#: 36 done. best_score=145.0, changed=615, unchanged=383, early_stops=8/8
26 - INFO - chord#: 38 In build_straw_man_chord_sa. tolerance = 1, sa_iterations = 1000, initial_temperature = 3.0, cooling_rate = 0.999
26 - INFO - chord#: 42 done. best_score=67.0, changed=612, unchanged=409, early_stops=8/8
26 - INFO - chord#: 44 In build_straw_man_chord_sa. tolerance = 1, sa_iterations = 1000, initial_temperature = 3.0, cooling_rate = 0.999
26 - INFO - chord#: 44 done. best_score=27.0, changed=519, unchanged=406, early_stops=8/8
26 - INFO - chord#: 48 In build_straw_man_chord_sa. tolerance = 1, sa_iterations = 1000, initial_temperature = 3.0, cooling_rate = 0.999
26 - INFO - chord#: 36 done. best_score=64.0, changed=616, unchanged=646, early_stops=8/8
26 - INFO - chord#: 38 In build_straw_man_chord_sa. tolerance = 1, sa_iterations = 1000, initial_temperature = 3.0, cooling_rate = 0.999
26 - INFO - chord#: 44 done. best_score=27.0, changed=524, unchanged=421, early_stops=8/8
26 - INFO - chord#: 48 In build_straw_man_chord_sa. tolerance = 1, sa_iterations = 1000, initial_temperature = 3.0, cooling_rate = 0.999
26 - INFO - chord#: 40 done. best_score=27.0, changed=528, unchanged=354, early_stops=8/8
26 - INFO - chord#: 42 In build_straw_man_chord_sa. tolerance = 1, sa_iterations = 1000, initial_temperature = 3.0, cooling_rate = 0.999
26 - INFO - chord#: 48 done. best_score=9.0, changed=476, unchanged=340, early_stops=8/8
26 - INFO - chord#: 50 In build_straw_man_chord_sa. tolerance = 1, sa_iterations = 1000, initial_temperature = 3.0, cooling_rate = 0.999
26 - INFO - chord#: 48 done. best_score=9.0, changed=476, unchanged=353, early_stops=8/8
26 - INFO - chord#: 50 In build_straw_man_chord_sa. tolerance = 1, sa_iterations = 1000, initial_temperature = 3.0, cooling_rate = 0.999
26 - INFO - chord#: 39 done. best_score=36.0, changed=537, unchanged=430, early_stops=8/8
26 - INFO - chord#: 40 In build_straw_man_chord_sa. tolerance = 1, sa_iterations = 1000, initial_temperature = 3.0, cooling_rate = 0.999
26 - INFO - chord#: 50 done. best_score=35.0, changed=516, unchanged=363, early_stops=8/8
26 - INFO - chord#: 52 In build_straw_man_chord_sa. tolerance = 1, sa_iterations = 1000, initial_temperature = 3.0, cooling_rate = 0.999
26 - INFO - chord#: 36 done. best_score=71.0, changed=611, unchanged=306, early_stops=8/8
26 - INFO - chord#: 38 In build_straw_man_chord_sa. tolerance = 1, sa_iterations = 1000, initial_temperature = 3.0, cooling_rate = 0.999
26 - INFO - chord#: 44 done. best_score=27.0, changed=520, unchanged=433, early_stops=8/8
26 - INFO - chord#: 48 In build_straw_man_chord_sa. tolerance = 1, sa_iterations = 1000, initial_temperature = 3.0, cooling_rate = 0.999
26 - INFO - chord#: 38 done. best_score=36.0, changed=514, unchanged=347, early_stops=8/8
26 - INFO - chord#: 39 In build_straw_man_chord_sa. tolerance = 1, sa_iterations = 1000, initial_temperature = 3.0, cooling_rate = 0.999
26 - INFO - chord#: 38 done. best_score=36.0, changed=523, unchanged=386, early_stops=8/8
26 - INFO - chord#: 39 In build_straw_man_chord_sa. tolerance = 1, sa_iterations = 1000, initial_temperature = 3.0, cooling_rate = 0.999
26 - INFO - chord#: 48 done. best_score=9.0, changed=484, unchanged=332, early_stops=8/8
26 - INFO - chord#: 50 In build_straw_man_chord_sa. tolerance = 1, sa_iterations = 1000, initial_temperature = 3.0, cooling_rate = 0.999
26 - INFO - chord#: 42 done. best_score=137.0, changed=610, unchanged=277, early_stops=8/8
26 - INFO - chord#: 44 In build_straw_man_chord_sa. tolerance = 1, sa_iterations = 1000, initial_temperature = 3.0, cooling_rate = 0.999
26 - INFO - chord#: 38 done. best_score=36.0, changed=520, unchanged=367, early_stops=8/8
26 - INFO - chord#: 39 In build_straw_man_chord_sa. tolerance = 1, sa_iterations = 1000, initial_temperature = 3.0, cooling_rate = 0.999
26 - INFO - chord#: 50 done. best_score=35.0, changed=509, unchanged=370, early_stops=8/8
26 - INFO - chord#: 52 In build_straw_man_chord_sa. tolerance = 1, sa_iterations = 1000, initial_temperature = 3.0, cooling_rate = 0.999
26 - INFO - chord#: 50 done. best_score=35.0, changed=519, unchanged=446, early_stops=8/8
26 - INFO - chord#: 52 In build_straw_man_chord_sa. tolerance = 1, sa_iterations = 1000, initial_temperature = 3.0, cooling_rate = 0.999
26 - INFO - chord#: 52 done. best_score=27.0, changed=518, unchanged=369, early_stops=8/8
26 - INFO - chord#: 54 In build_straw_man_chord_sa. tolerance = 1, sa_iterations = 1000, initial_temperature = 3.0, cooling_rate = 0.999
26 - INFO - chord#: 40 done. best_score=36.0, changed=530, unchanged=341, early_stops=8/8
26 - INFO - chord#: 42 In build_straw_man_chord_sa. tolerance = 1, sa_iterations = 1000, initial_temperature = 3.0, cooling_rate = 0.999
26 - INFO - chord#: 42 done. best_score=67.0, changed=616, unchanged=233, early_stops=8/8
26 - INFO - chord#: 44 In build_straw_man_chord_sa. tolerance = 1, sa_iterations = 1000, initial_temperature = 3.0, cooling_rate = 0.999
26 - INFO - chord#: 38 done. best_score=36.0, changed=522, unchanged=464, early_stops=8/8
26 - INFO - chord#: 39 In build_straw_man_chord_sa. tolerance = 1, sa_iterations = 1000, initial_temperature = 3.0, cooling_rate = 0.999
26 - INFO - chord#: 50 done. best_score=35.0, changed=520, unchanged=386, early_stops=8/8
26 - INFO - chord#: 52 In build_straw_man_chord_sa. tolerance = 1, sa_iterations = 1000, initial_temperature = 3.0, cooling_rate = 0.999
26 - INFO - chord#: 39 done. best_score=27.0, changed=510, unchanged=307, early_stops=8/8
26 - INFO - chord#: 40 In build_straw_man_chord_sa. tolerance = 1, sa_iterations = 1000, initial_temperature = 3.0, cooling_rate = 0.999
26 - INFO - chord#: 44 done. best_score=27.0, changed=518, unchanged=393, early_stops=8/8
26 - INFO - chord#: 48 In build_straw_man_chord_sa. tolerance = 1, sa_iterations = 1000, initial_temperature = 3.0, cooling_rate = 0.999
26 - INFO - chord#: 52 done. best_score=27.0, changed=518, unchanged=308, early_stops=8/8
26 - INFO - chord#: 54 In build_straw_man_chord_sa. tolerance = 1, sa_iterations = 1000, initial_temperature = 3.0, cooling_rate = 0.999
26 - INFO - chord#: 39 done. best_score=27.0, changed=514, unchanged=406, early_stops=8/8
26 - INFO - chord#: 40 In build_straw_man_chord_sa. tolerance = 1, sa_iterations = 1000, initial_temperature = 3.0, cooling_rate = 0.999
26 - INFO - chord#: 52 done. best_score=27.0, changed=525, unchanged=401, early_stops=8/8
26 - INFO - chord#: 54 In build_straw_man_chord_sa. tolerance = 1, sa_iterations = 1000, initial_temperature = 3.0, cooling_rate = 0.999
26 - INFO - chord#: 48 done. best_score=9.0, changed=473, unchanged=350, early_stops=8/8
26 - INFO - chord#: 50 In build_straw_man_chord_sa. tolerance = 1, sa_iterations = 1000, initial_temperature = 3.0, cooling_rate = 0.999
26 - INFO - chord#: 54 done. best_score=27.0, changed=523, unchanged=477, early_stops=8/8
26 - INFO - chord#: 56 In build_straw_man_chord_sa. tolerance = 1, sa_iterations = 1000, initial_temperature = 3.0, cooling_rate = 0.999
26 - INFO - chord#: 39 done. best_score=27.0, changed=520, unchanged=360, early_stops=8/8
26 - INFO - chord#: 40 In build_straw_man_chord_sa. tolerance = 1, sa_iterations = 1000, initial_temperature = 3.0, cooling_rate = 0.999
26 - INFO - chord#: 42 done. best_score=96.0, changed=607, unchanged=213, early_stops=8/8
26 - INFO - chord#: 44 In build_straw_man_chord_sa. tolerance = 1, sa_iterations = 1000, initial_temperature = 3.0, cooling_rate = 0.999
26 - INFO - chord#: 44 done. best_score=27.0, changed=518, unchanged=417, early_stops=8/8
26 - INFO - chord#: 48 In build_straw_man_chord_sa. tolerance = 1, sa_iterations = 1000, initial_temperature = 3.0, cooling_rate = 0.999
26 - INFO - chord#: 48 done. best_score=9.0, changed=483, unchanged=339, early_stops=8/8
26 - INFO - chord#: 50 In build_straw_man_chord_sa. tolerance = 1, sa_iterations = 1000, initial_temperature = 3.0, cooling_rate = 0.999
26 - INFO - chord#: 52 done. best_score=27.0, changed=518, unchanged=383, early_stops=8/8
26 - INFO - chord#: 54 In build_straw_man_chord_sa. tolerance = 1, sa_iterations = 1000, initial_temperature = 3.0, cooling_rate = 0.999
26 - INFO - chord#: 39 done. best_score=36.0, changed=531, unchanged=372, early_stops=8/8
26 - INFO - chord#: 40 In build_straw_man_chord_sa. tolerance = 1, sa_iterations = 1000, initial_temperature = 3.0, cooling_rate = 0.999
26 - INFO - chord#: 54 done. best_score=27.0, changed=527, unchanged=417, early_stops=8/8
26 - INFO - chord#: 56 In build_straw_man_chord_sa. tolerance = 1, sa_iterations = 1000, initial_temperature = 3.0, cooling_rate = 0.999
26 - INFO - chord#: 54 done. best_score=27.0, changed=525, unchanged=425, early_stops=8/8
26 - INFO - chord#: 56 In build_straw_man_chord_sa. tolerance = 1, sa_iterations = 1000, initial_temperature = 3.0, cooling_rate = 0.999
26 - INFO - chord#: 50 done. best_score=35.0, changed=517, unchanged=305, early_stops=8/8
26 - INFO - chord#: 52 In build_straw_man_chord_sa. tolerance = 1, sa_iterations = 1000, initial_temperature = 3.0, cooling_rate = 0.999
26 - INFO - chord#: 40 done. best_score=27.0, changed=514, unchanged=363, early_stops=8/8
26 - INFO - chord#: 42 In build_straw_man_chord_sa. tolerance = 1, sa_iterations = 1000, initial_temperature = 3.0, cooling_rate = 0.999
26 - INFO - chord#: 40 done. best_score=27.0, changed=527, unchanged=554, early_stops=8/8
26 - INFO - chord#: 42 In build_straw_man_chord_sa. tolerance = 1, sa_iterations = 1000, initial_temperature = 3.0, cooling_rate = 0.999
26 - INFO - chord#: 56 done. best_score=27.0, changed=523, unchanged=532, early_stops=8/8
26 - INFO - chord#: 58 In build_straw_man_chord_sa. tolerance = 1, sa_iterations = 1000, initial_temperature = 3.0, cooling_rate = 0.999
26 - INFO - chord#: 44 done. best_score=27.0, changed=528, unchanged=439, early_stops=8/8
26 - INFO - chord#: 48 In build_straw_man_chord_sa. tolerance = 1, sa_iterations = 1000, initial_temperature = 3.0, cooling_rate = 0.999
26 - INFO - chord#: 50 done. best_score=35.0, changed=518, unchanged=438, early_stops=8/8
26 - INFO - chord#: 52 In build_straw_man_chord_sa. tolerance = 1, sa_iterations = 1000, initial_temperature = 3.0, cooling_rate = 0.999
26 - INFO - chord#: 40 done. best_score=27.0, changed=522, unchanged=465, early_stops=8/8
26 - INFO - chord#: 42 In build_straw_man_chord_sa. tolerance = 1, sa_iterations = 1000, initial_temperature = 3.0, cooling_rate = 0.999
26 - INFO - chord#: 54 done. best_score=27.0, changed=520, unchanged=488, early_stops=8/8
26 - INFO - chord#: 56 In build_straw_man_chord_sa. tolerance = 1, sa_iterations = 1000, initial_temperature = 3.0, cooling_rate = 0.999
26 - INFO - chord#: 48 done. best_score=9.0, changed=474, unchanged=362, early_stops=8/8
26 - INFO - chord#: 50 In build_straw_man_chord_sa. tolerance = 1, sa_iterations = 1000, initial_temperature = 3.0, cooling_rate = 0.999
26 - INFO - chord#: 42 done. best_score=78.0, changed=612, unchanged=294, early_stops=8/8
26 - INFO - chord#: 44 In build_straw_man_chord_sa. tolerance = 1, sa_iterations = 1000, initial_temperature = 3.0, cooling_rate = 0.999
26 - INFO - chord#: 56 done. best_score=27.0, changed=516, unchanged=463, early_stops=8/8
26 - INFO - chord#: 58 In build_straw_man_chord_sa. tolerance = 1, sa_iterations = 1000, initial_temperature = 3.0, cooling_rate = 0.999
26 - INFO - chord#: 52 done. best_score=27.0, changed=523, unchanged=403, early_stops=8/8
26 - INFO - chord#: 54 In build_straw_man_chord_sa. tolerance = 1, sa_iterations = 1000, initial_temperature = 3.0, cooling_rate = 0.999
26 - INFO - chord#: 56 done. best_score=27.0, changed=517, unchanged=451, early_stops=8/8
26 - INFO - chord#: 58 In build_straw_man_chord_sa. tolerance = 1, sa_iterations = 1000, initial_temperature = 3.0, cooling_rate = 0.999
26 - INFO - chord#: 40 done. best_score=27.0, changed=525, unchanged=500, early_stops=8/8
26 - INFO - chord#: 42 In build_straw_man_chord_sa. tolerance = 1, sa_iterations = 1000, initial_temperature = 3.0, cooling_rate = 0.999
26 - INFO - chord#: 52 done. best_score=27.0, changed=516, unchanged=385, early_stops=8/8
26 - INFO - chord#: 54 In build_straw_man_chord_sa. tolerance = 1, sa_iterations = 1000, initial_temperature = 3.0, cooling_rate = 0.999
26 - INFO - chord#: 56 done. best_score=27.0, changed=522, unchanged=341, early_stops=8/8
26 - INFO - chord#: 58 In build_straw_man_chord_sa. tolerance = 1, sa_iterations = 1000, initial_temperature = 3.0, cooling_rate = 0.999
26 - INFO - chord#: 50 done. best_score=35.0, changed=524, unchanged=414, early_stops=8/8
26 - INFO - chord#: 52 In build_straw_man_chord_sa. tolerance = 1, sa_iterations = 1000, initial_temperature = 3.0, cooling_rate = 0.999
26 - INFO - chord#: 44 done. best_score=27.0, changed=527, unchanged=408, early_stops=8/8
26 - INFO - chord#: 48 In build_straw_man_chord_sa. tolerance = 1, sa_iterations = 1000, initial_temperature = 3.0, cooling_rate = 0.999
26 - INFO - chord#: 54 done. best_score=27.0, changed=527, unchanged=536, early_stops=8/8
26 - INFO - chord#: 56 In build_straw_man_chord_sa. tolerance = 1, sa_iterations = 1000, initial_temperature = 3.0, cooling_rate = 0.999
26 - INFO - chord#: 48 done. best_score=9.0, changed=469, unchanged=372, early_stops=8/8
26 - INFO - chord#: 50 In build_straw_man_chord_sa. tolerance = 1, sa_iterations = 1000, initial_temperature = 3.0, cooling_rate = 0.999
26 - INFO - chord#: 54 done. best_score=27.0, changed=518, unchanged=376, early_stops=8/8
26 - INFO - chord#: 56 In build_straw_man_chord_sa. tolerance = 1, sa_iterations = 1000, initial_temperature = 3.0, cooling_rate = 0.999
26 - INFO - chord#: 58 done. best_score=74.0, changed=612, unchanged=354, early_stops=8/8
26 - INFO - chord#: 60 In build_straw_man_chord_sa. tolerance = 1, sa_iterations = 1000, initial_temperature = 3.0, cooling_rate = 0.999
26 - INFO - chord#: 42 done. best_score=67.0, changed=611, unchanged=279, early_stops=8/8
26 - INFO - chord#: 44 In build_straw_man_chord_sa. tolerance = 1, sa_iterations = 1000, initial_temperature = 3.0, cooling_rate = 0.999
26 - INFO - chord#: 42 done. best_score=162.0, changed=611, unchanged=307, early_stops=8/8
26 - INFO - chord#: 44 In build_straw_man_chord_sa. tolerance = 1, sa_iterations = 1000, initial_temperature = 3.0, cooling_rate = 0.999
26 - INFO - chord#: 42 done. best_score=157.0, changed=609, unchanged=258, early_stops=8/8
26 - INFO - chord#: 44 In build_straw_man_chord_sa. tolerance = 1, sa_iterations = 1000, initial_temperature = 3.0, cooling_rate = 0.999
26 - INFO - chord#: 58 done. best_score=121.0, changed=612, unchanged=357, early_stops=8/8
26 - INFO - chord#: 60 In build_straw_man_chord_sa. tolerance = 1, sa_iterations = 1000, initial_temperature = 3.0, cooling_rate = 0.999
26 - INFO - chord#: 52 done. best_score=27.0, changed=525, unchanged=378, early_stops=8/8
26 - INFO - chord#: 54 In build_straw_man_chord_sa. tolerance = 1, sa_iterations = 1000, initial_temperature = 3.0, cooling_rate = 0.999
26 - INFO - chord#: 56 done. best_score=27.0, changed=518, unchanged=526, early_stops=8/8
26 - INFO - chord#: 58 In build_straw_man_chord_sa. tolerance = 1, sa_iterations = 1000, initial_temperature = 3.0, cooling_rate = 0.999
26 - INFO - chord#: 58 done. best_score=96.0, changed=612, unchanged=370, early_stops=8/8
26 - INFO - chord#: 60 In build_straw_man_chord_sa. tolerance = 1, sa_iterations = 1000, initial_temperature = 3.0, cooling_rate = 0.999
26 - INFO - chord#: 56 done. best_score=27.0, changed=514, unchanged=415, early_stops=8/8
26 - INFO - chord#: 58 In build_straw_man_chord_sa. tolerance = 1, sa_iterations = 1000, initial_temperature = 3.0, cooling_rate = 0.999
26 - INFO - chord#: 60 done. best_score=27.0, changed=526, unchanged=334, early_stops=8/8
26 - INFO - chord#: 62 In build_straw_man_chord_sa. tolerance = 1, sa_iterations = 1000, initial_temperature = 3.0, cooling_rate = 0.999
26 - INFO - chord#: 58 done. best_score=96.0, changed=607, unchanged=297, early_stops=8/8
26 - INFO - chord#: 60 In build_straw_man_chord_sa. tolerance = 1, sa_iterations = 1000, initial_temperature = 3.0, cooling_rate = 0.999
26 - INFO - chord#: 50 done. best_score=35.0, changed=527, unchanged=528, early_stops=8/8
26 - INFO - chord#: 52 In build_straw_man_chord_sa. tolerance = 1, sa_iterations = 1000, initial_temperature = 3.0, cooling_rate = 0.999
26 - INFO - chord#: 44 done. best_score=27.0, changed=528, unchanged=519, early_stops=8/8
26 - INFO - chord#: 48 In build_straw_man_chord_sa. tolerance = 1, sa_iterations = 1000, initial_temperature = 3.0, cooling_rate = 0.999
26 - INFO - chord#: 60 done. best_score=27.0, changed=531, unchanged=415, early_stops=8/8
26 - INFO - chord#: 62 In build_straw_man_chord_sa. tolerance = 1, sa_iterations = 1000, initial_temperature = 3.0, cooling_rate = 0.999
26 - INFO - chord#: 44 done. best_score=27.0, changed=518, unchanged=322, early_stops=8/8
26 - INFO - chord#: 48 In build_straw_man_chord_sa. tolerance = 1, sa_iterations = 1000, initial_temperature = 3.0, cooling_rate = 0.999
26 - INFO - chord#: 60 done. best_score=27.0, changed=525, unchanged=326, early_stops=8/8
26 - INFO - chord#: 62 In build_straw_man_chord_sa. tolerance = 1, sa_iterations = 1000, initial_temperature = 3.0, cooling_rate = 0.999
26 - INFO - chord#: 42 done. best_score=67.0, changed=613, unchanged=343, early_stops=8/8
26 - INFO - chord#: 44 In build_straw_man_chord_sa. tolerance = 1, sa_iterations = 1000, initial_temperature = 3.0, cooling_rate = 0.999
26 - INFO - chord#: 48 done. best_score=9.0, changed=467, unchanged=341, early_stops=8/8
26 - INFO - chord#: 50 In build_straw_man_chord_sa. tolerance = 1, sa_iterations = 1000, initial_temperature = 3.0, cooling_rate = 0.999
26 - INFO - chord#: 48 done. best_score=9.0, changed=466, unchanged=339, early_stops=8/8
26 - INFO - chord#: 50 In build_straw_man_chord_sa. tolerance = 1, sa_iterations = 1000, initial_temperature = 3.0, cooling_rate = 0.999
26 - INFO - chord#: 44 done. best_score=27.0, changed=522, unchanged=516, early_stops=8/8
26 - INFO - chord#: 48 In build_straw_man_chord_sa. tolerance = 1, sa_iterations = 1000, initial_temperature = 3.0, cooling_rate = 0.999
26 - INFO - chord#: 54 done. best_score=27.0, changed=520, unchanged=458, early_stops=8/8
26 - INFO - chord#: 56 In build_straw_man_chord_sa. tolerance = 1, sa_iterations = 1000, initial_temperature = 3.0, cooling_rate = 0.999
26 - INFO - chord#: 60 done. best_score=27.0, changed=520, unchanged=357, early_stops=8/8
26 - INFO - chord#: 62 In build_straw_man_chord_sa. tolerance = 1, sa_iterations = 1000, initial_temperature = 3.0, cooling_rate = 0.999
26 - INFO - chord#: 48 done. best_score=9.0, changed=489, unchanged=354, early_stops=8/8
26 - INFO - chord#: 50 In build_straw_man_chord_sa. tolerance = 1, sa_iterations = 1000, initial_temperature = 3.0, cooling_rate = 0.999
26 - INFO - chord#: 52 done. best_score=27.0, changed=519, unchanged=424, early_stops=8/8
26 - INFO - chord#: 54 In build_straw_man_chord_sa. tolerance = 1, sa_iterations = 1000, initial_temperature = 3.0, cooling_rate = 0.999
26 - INFO - chord#: 58 done. best_score=168.0, changed=608, unchanged=251, early_stops=8/8
26 - INFO - chord#: 60 In build_straw_man_chord_sa. tolerance = 1, sa_iterations = 1000, initial_temperature = 3.0, cooling_rate = 0.999
26 - INFO - chord#: 62 done. best_score=70.0, changed=611, unchanged=252, early_stops=8/8
26 - INFO - chord#: 64 In build_straw_man_chord_sa. tolerance = 1, sa_iterations = 1000, initial_temperature = 3.0, cooling_rate = 0.999
26 - INFO - chord#: 58 done. best_score=121.0, changed=608, unchanged=311, early_stops=8/8
26 - INFO - chord#: 60 In build_straw_man_chord_sa. tolerance = 1, sa_iterations = 1000, initial_temperature = 3.0, cooling_rate = 0.999
26 - INFO - chord#: 44 done. best_score=27.0, changed=524, unchanged=403, early_stops=8/8
26 - INFO - chord#: 48 In build_straw_man_chord_sa. tolerance = 1, sa_iterations = 1000, initial_temperature = 3.0, cooling_rate = 0.999
26 - INFO - chord#: 48 done. best_score=9.0, changed=484, unchanged=332, early_stops=8/8
26 - INFO - chord#: 50 In build_straw_man_chord_sa. tolerance = 1, sa_iterations = 1000, initial_temperature = 3.0, cooling_rate = 0.999
26 - INFO - chord#: 50 done. best_score=35.0, changed=524, unchanged=483, early_stops=8/8
26 - INFO - chord#: 52 In build_straw_man_chord_sa. tolerance = 1, sa_iterations = 1000, initial_temperature = 3.0, cooling_rate = 0.999
26 - INFO - chord#: 56 done. best_score=27.0, changed=519, unchanged=443, early_stops=8/8
26 - INFO - chord#: 58 In build_straw_man_chord_sa. tolerance = 1, sa_iterations = 1000, initial_temperature = 3.0, cooling_rate = 0.999
26 - INFO - chord#: 50 done. best_score=35.0, changed=520, unchanged=431, early_stops=8/8
26 - INFO - chord#: 52 In build_straw_man_chord_sa. tolerance = 1, sa_iterations = 1000, initial_temperature = 3.0, cooling_rate = 0.999
26 - INFO - chord#: 50 done. best_score=35.0, changed=514, unchanged=362, early_stops=8/8
26 - INFO - chord#: 52 In build_straw_man_chord_sa. tolerance = 1, sa_iterations = 1000, initial_temperature = 3.0, cooling_rate = 0.999
26 - INFO - chord#: 62 done. best_score=70.0, changed=610, unchanged=287, early_stops=8/8
26 - INFO - chord#: 64 In build_straw_man_chord_sa. tolerance = 1, sa_iterations = 1000, initial_temperature = 3.0, cooling_rate = 0.999
26 - INFO - chord#: 60 done. best_score=27.0, changed=529, unchanged=350, early_stops=8/8
26 - INFO - chord#: 62 In build_straw_man_chord_sa. tolerance = 1, sa_iterations = 1000, initial_temperature = 3.0, cooling_rate = 0.999
26 - INFO - chord#: 64 done. best_score=27.0, changed=523, unchanged=423, early_stops=8/8
26 - INFO - chord#: 68 In build_straw_man_chord_sa. tolerance = 1, sa_iterations = 1000, initial_temperature = 3.0, cooling_rate = 0.999
26 - INFO - chord#: 60 done. best_score=27.0, changed=529, unchanged=374, early_stops=8/8
26 - INFO - chord#: 62 In build_straw_man_chord_sa. tolerance = 1, sa_iterations = 1000, initial_temperature = 3.0, cooling_rate = 0.999
26 - INFO - chord#: 62 done. best_score=75.0, changed=610, unchanged=426, early_stops=8/8
26 - INFO - chord#: 64 In build_straw_man_chord_sa. tolerance = 1, sa_iterations = 1000, initial_temperature = 3.0, cooling_rate = 0.999
26 - INFO - chord#: 54 done. best_score=27.0, changed=525, unchanged=505, early_stops=8/8
26 - INFO - chord#: 56 In build_straw_man_chord_sa. tolerance = 1, sa_iterations = 1000, initial_temperature = 3.0, cooling_rate = 0.999
26 - INFO - chord#: 62 done. best_score=70.0, changed=613, unchanged=301, early_stops=8/8
26 - INFO - chord#: 64 In build_straw_man_chord_sa. tolerance = 1, sa_iterations = 1000, initial_temperature = 3.0, cooling_rate = 0.999
26 - INFO - chord#: 52 done. best_score=27.0, changed=512, unchanged=318, early_stops=8/8
26 - INFO - chord#: 54 In build_straw_man_chord_sa. tolerance = 1, sa_iterations = 1000, initial_temperature = 3.0, cooling_rate = 0.999
26 - INFO - chord#: 52 done. best_score=27.0, changed=518, unchanged=403, early_stops=8/8
26 - INFO - chord#: 54 In build_straw_man_chord_sa. tolerance = 1, sa_iterations = 1000, initial_temperature = 3.0, cooling_rate = 0.999
26 - INFO - chord#: 64 done. best_score=27.0, changed=515, unchanged=380, early_stops=8/8
26 - INFO - chord#: 68 In build_straw_man_chord_sa. tolerance = 1, sa_iterations = 1000, initial_temperature = 3.0, cooling_rate = 0.999
26 - INFO - chord#: 50 done. best_score=35.0, changed=520, unchanged=507, early_stops=8/8
26 - INFO - chord#: 52 In build_straw_man_chord_sa. tolerance = 1, sa_iterations = 1000, initial_temperature = 3.0, cooling_rate = 0.999
26 - INFO - chord#: 68 done. best_score=27.0, changed=534, unchanged=442, early_stops=8/8
26 - INFO - chord#: 70 In build_straw_man_chord_sa. tolerance = 1, sa_iterations = 1000, initial_temperature = 3.0, cooling_rate = 0.999
26 - INFO - chord#: 52 done. best_score=27.0, changed=521, unchanged=436, early_stops=8/8
26 - INFO - chord#: 54 In build_straw_man_chord_sa. tolerance = 1, sa_iterations = 1000, initial_temperature = 3.0, cooling_rate = 0.999
26 - INFO - chord#: 64 done. best_score=27.0, changed=515, unchanged=368, early_stops=8/8
26 - INFO - chord#: 68 In build_straw_man_chord_sa. tolerance = 1, sa_iterations = 1000, initial_temperature = 3.0, cooling_rate = 0.999
26 - INFO - chord#: 64 done. best_score=27.0, changed=522, unchanged=447, early_stops=8/8
26 - INFO - chord#: 68 In build_straw_man_chord_sa. tolerance = 1, sa_iterations = 1000, initial_temperature = 3.0, cooling_rate = 0.999
26 - INFO - chord#: 62 done. best_score=141.0, changed=606, unchanged=231, early_stops=8/8
26 - INFO - chord#: 64 In build_straw_man_chord_sa. tolerance = 1, sa_iterations = 1000, initial_temperature = 3.0, cooling_rate = 0.999
26 - INFO - chord#: 68 done. best_score=27.0, changed=520, unchanged=313, early_stops=8/8
26 - INFO - chord#: 70 In build_straw_man_chord_sa. tolerance = 1, sa_iterations = 1000, initial_temperature = 3.0, cooling_rate = 0.999
26 - INFO - chord#: 54 done. best_score=27.0, changed=520, unchanged=484, early_stops=8/8
26 - INFO - chord#: 56 In build_straw_man_chord_sa. tolerance = 1, sa_iterations = 1000, initial_temperature = 3.0, cooling_rate = 0.999
26 - INFO - chord#: 56 done. best_score=27.0, changed=529, unchanged=625, early_stops=8/8
26 - INFO - chord#: 58 In build_straw_man_chord_sa. tolerance = 1, sa_iterations = 1000, initial_temperature = 3.0, cooling_rate = 0.999
26 - INFO - chord#: 54 done. best_score=27.0, changed=521, unchanged=362, early_stops=8/8
26 - INFO - chord#: 56 In build_straw_man_chord_sa. tolerance = 1, sa_iterations = 1000, initial_temperature = 3.0, cooling_rate = 0.999
26 - INFO - chord#: 52 done. best_score=27.0, changed=513, unchanged=299, early_stops=8/8
26 - INFO - chord#: 54 In build_straw_man_chord_sa. tolerance = 1, sa_iterations = 1000, initial_temperature = 3.0, cooling_rate = 0.999
26 - INFO - chord#: 68 done. best_score=27.0, changed=534, unchanged=399, early_stops=8/8
26 - INFO - chord#: 70 In build_straw_man_chord_sa. tolerance = 1, sa_iterations = 1000, initial_temperature = 3.0, cooling_rate = 0.999
26 - INFO - chord#: 58 done. best_score=74.0, changed=615, unchanged=308, early_stops=8/8
26 - INFO - chord#: 60 In build_straw_man_chord_sa. tolerance = 1, sa_iterations = 1000, initial_temperature = 3.0, cooling_rate = 0.999
26 - INFO - chord#: 54 done. best_score=27.0, changed=516, unchanged=324, early_stops=8/8
26 - INFO - chord#: 56 In build_straw_man_chord_sa. tolerance = 1, sa_iterations = 1000, initial_temperature = 3.0, cooling_rate = 0.999
26 - INFO - chord#: 62 done. best_score=104.0, changed=611, unchanged=382, early_stops=8/8
26 - INFO - chord#: 64 In build_straw_man_chord_sa. tolerance = 1, sa_iterations = 1000, initial_temperature = 3.0, cooling_rate = 0.999
26 - INFO - chord#: 68 done. best_score=27.0, changed=529, unchanged=376, early_stops=8/8
26 - INFO - chord#: 70 In build_straw_man_chord_sa. tolerance = 1, sa_iterations = 1000, initial_temperature = 3.0, cooling_rate = 0.999
26 - INFO - chord#: 64 done. best_score=27.0, changed=531, unchanged=521, early_stops=8/8
26 - INFO - chord#: 68 In build_straw_man_chord_sa. tolerance = 1, sa_iterations = 1000, initial_temperature = 3.0, cooling_rate = 0.999
26 - INFO - chord#: 56 done. best_score=27.0, changed=529, unchanged=384, early_stops=8/8
26 - INFO - chord#: 58 In build_straw_man_chord_sa. tolerance = 1, sa_iterations = 1000, initial_temperature = 3.0, cooling_rate = 0.999
26 - INFO - chord#: 70 done. best_score=70.0, changed=614, unchanged=343, early_stops=8/8
26 - INFO - chord#: 72 In build_straw_man_chord_sa. tolerance = 1, sa_iterations = 1000, initial_temperature = 3.0, cooling_rate = 0.999
26 - INFO - chord#: 56 done. best_score=27.0, changed=512, unchanged=422, early_stops=8/8
26 - INFO - chord#: 58 In build_straw_man_chord_sa. tolerance = 1, sa_iterations = 1000, initial_temperature = 3.0, cooling_rate = 0.999
26 - INFO - chord#: 60 done. best_score=27.0, changed=520, unchanged=329, early_stops=8/8
26 - INFO - chord#: 62 In build_straw_man_chord_sa. tolerance = 1, sa_iterations = 1000, initial_temperature = 3.0, cooling_rate = 0.999
26 - INFO - chord#: 54 done. best_score=27.0, changed=522, unchanged=445, early_stops=8/8
26 - INFO - chord#: 56 In build_straw_man_chord_sa. tolerance = 1, sa_iterations = 1000, initial_temperature = 3.0, cooling_rate = 0.999
26 - INFO - chord#: 56 done. best_score=27.0, changed=516, unchanged=432, early_stops=8/8
26 - INFO - chord#: 58 In build_straw_man_chord_sa. tolerance = 1, sa_iterations = 1000, initial_temperature = 3.0, cooling_rate = 0.999
26 - INFO - chord#: 64 done. best_score=27.0, changed=525, unchanged=511, early_stops=8/8
26 - INFO - chord#: 68 In build_straw_man_chord_sa. tolerance = 1, sa_iterations = 1000, initial_temperature = 3.0, cooling_rate = 0.999
26 - INFO - chord#: 68 done. best_score=27.0, changed=516, unchanged=326, early_stops=8/8
26 - INFO - chord#: 70 In build_straw_man_chord_sa. tolerance = 1, sa_iterations = 1000, initial_temperature = 3.0, cooling_rate = 0.999
26 - INFO - chord#: 70 done. best_score=111.0, changed=609, unchanged=394, early_stops=8/8
26 - INFO - chord#: 72 In build_straw_man_chord_sa. tolerance = 1, sa_iterations = 1000, initial_temperature = 3.0, cooling_rate = 0.999
26 - INFO - chord#: 70 done. best_score=149.0, changed=606, unchanged=215, early_stops=8/8
26 - INFO - chord#: 72 In build_straw_man_chord_sa. tolerance = 1, sa_iterations = 1000, initial_temperature = 3.0, cooling_rate = 0.999
26 - INFO - chord#: 72 done. best_score=27.0, changed=526, unchanged=388, early_stops=8/8
26 - INFO - chord#: 74 In build_straw_man_chord_sa. tolerance = 1, sa_iterations = 1000, initial_temperature = 3.0, cooling_rate = 0.999
26 - INFO - chord#: 68 done. best_score=27.0, changed=522, unchanged=506, early_stops=8/8
26 - INFO - chord#: 70 In build_straw_man_chord_sa. tolerance = 1, sa_iterations = 1000, initial_temperature = 3.0, cooling_rate = 0.999
26 - INFO - chord#: 56 done. best_score=27.0, changed=520, unchanged=425, early_stops=8/8
26 - INFO - chord#: 58 In build_straw_man_chord_sa. tolerance = 1, sa_iterations = 1000, initial_temperature = 3.0, cooling_rate = 0.999
26 - INFO - chord#: 70 done. best_score=70.0, changed=614, unchanged=471, early_stops=8/8
26 - INFO - chord#: 72 In build_straw_man_chord_sa. tolerance = 1, sa_iterations = 1000, initial_temperature = 3.0, cooling_rate = 0.999
26 - INFO - chord#: 72 done. best_score=27.0, changed=527, unchanged=328, early_stops=8/8
26 - INFO - chord#: 74 In build_straw_man_chord_sa. tolerance = 1, sa_iterations = 1000, initial_temperature = 3.0, cooling_rate = 0.999
26 - INFO - chord#: 58 done. best_score=74.0, changed=617, unchanged=431, early_stops=8/8
26 - INFO - chord#: 60 In build_straw_man_chord_sa. tolerance = 1, sa_iterations = 1000, initial_temperature = 3.0, cooling_rate = 0.999
26 - INFO - chord#: 72 done. best_score=27.0, changed=524, unchanged=309, early_stops=8/8
26 - INFO - chord#: 74 In build_straw_man_chord_sa. tolerance = 1, sa_iterations = 1000, initial_temperature = 3.0, cooling_rate = 0.999
26 - INFO - chord#: 70 done. best_score=70.0, changed=609, unchanged=225, early_stops=8/8
26 - INFO - chord#: 72 In build_straw_man_chord_sa. tolerance = 1, sa_iterations = 1000, initial_temperature = 3.0, cooling_rate = 0.999
26 - INFO - chord#: 58 done. best_score=164.0, changed=611, unchanged=266, early_stops=8/8
26 - INFO - chord#: 60 In build_straw_man_chord_sa. tolerance = 1, sa_iterations = 1000, initial_temperature = 3.0, cooling_rate = 0.999
26 - INFO - chord#: 72 done. best_score=27.0, changed=530, unchanged=358, early_stops=8/8
26 - INFO - chord#: 74 In build_straw_man_chord_sa. tolerance = 1, sa_iterations = 1000, initial_temperature = 3.0, cooling_rate = 0.999
26 - INFO - chord#: 58 done. best_score=74.0, changed=614, unchanged=391, early_stops=8/8
26 - INFO - chord#: 60 In build_straw_man_chord_sa. tolerance = 1, sa_iterations = 1000, initial_temperature = 3.0, cooling_rate = 0.999
26 - INFO - chord#: 60 done. best_score=27.0, changed=518, unchanged=394, early_stops=8/8
26 - INFO - chord#: 62 In build_straw_man_chord_sa. tolerance = 1, sa_iterations = 1000, initial_temperature = 3.0, cooling_rate = 0.999
26 - INFO - chord#: 58 done. best_score=74.0, changed=613, unchanged=359, early_stops=8/8
26 - INFO - chord#: 60 In build_straw_man_chord_sa. tolerance = 1, sa_iterations = 1000, initial_temperature = 3.0, cooling_rate = 0.999
26 - INFO - chord#: 62 done. best_score=75.0, changed=613, unchanged=452, early_stops=8/8
26 - INFO - chord#: 64 In build_straw_man_chord_sa. tolerance = 1, sa_iterations = 1000, initial_temperature = 3.0, cooling_rate = 0.999
26 - INFO - chord#: 70 done. best_score=70.0, changed=610, unchanged=279, early_stops=8/8
26 - INFO - chord#: 72 In build_straw_man_chord_sa. tolerance = 1, sa_iterations = 1000, initial_temperature = 3.0, cooling_rate = 0.999
26 - INFO - chord#: 72 done. best_score=27.0, changed=522, unchanged=400, early_stops=8/8
26 - INFO - chord#: 74 In build_straw_man_chord_sa. tolerance = 1, sa_iterations = 1000, initial_temperature = 3.0, cooling_rate = 0.999
26 - INFO - chord#: 74 done. best_score=82.0, changed=614, unchanged=475, early_stops=8/8
26 - INFO - chord#: 76 In build_straw_man_chord_sa. tolerance = 1, sa_iterations = 1000, initial_temperature = 3.0, cooling_rate = 0.999
26 - INFO - chord#: 60 done. best_score=27.0, changed=519, unchanged=335, early_stops=8/8
26 - INFO - chord#: 62 In build_straw_man_chord_sa. tolerance = 1, sa_iterations = 1000, initial_temperature = 3.0, cooling_rate = 0.999
26 - INFO - chord#: 74 done. best_score=82.0, changed=617, unchanged=273, early_stops=8/8
26 - INFO - chord#: 76 In build_straw_man_chord_sa. tolerance = 1, sa_iterations = 1000, initial_temperature = 3.0, cooling_rate = 0.999
26 - INFO - chord#: 60 done. best_score=27.0, changed=523, unchanged=357, early_stops=8/8
26 - INFO - chord#: 62 In build_straw_man_chord_sa. tolerance = 1, sa_iterations = 1000, initial_temperature = 3.0, cooling_rate = 0.999
26 - INFO - chord#: 60 done. best_score=27.0, changed=522, unchanged=331, early_stops=8/8
26 - INFO - chord#: 62 In build_straw_man_chord_sa. tolerance = 1, sa_iterations = 1000, initial_temperature = 3.0, cooling_rate = 0.999
26 - INFO - chord#: 72 done. best_score=27.0, changed=521, unchanged=340, early_stops=8/8
26 - INFO - chord#: 74 In build_straw_man_chord_sa. tolerance = 1, sa_iterations = 1000, initial_temperature = 3.0, cooling_rate = 0.999
26 - INFO - chord#: 74 done. best_score=97.0, changed=613, unchanged=377, early_stops=8/8
26 - INFO - chord#: 76 In build_straw_man_chord_sa. tolerance = 1, sa_iterations = 1000, initial_temperature = 3.0, cooling_rate = 0.999
26 - INFO - chord#: 58 done. best_score=74.0, changed=613, unchanged=378, early_stops=8/8
26 - INFO - chord#: 60 In build_straw_man_chord_sa. tolerance = 1, sa_iterations = 1000, initial_temperature = 3.0, cooling_rate = 0.999
26 - INFO - chord#: 76 done. best_score=31.0, changed=528, unchanged=394, early_stops=8/8
26 - INFO - chord#: 78 In build_straw_man_chord_sa. tolerance = 1, sa_iterations = 1000, initial_temperature = 3.0, cooling_rate = 0.999
26 - INFO - chord#: 64 done. best_score=27.0, changed=517, unchanged=486, early_stops=8/8
26 - INFO - chord#: 68 In build_straw_man_chord_sa. tolerance = 1, sa_iterations = 1000, initial_temperature = 3.0, cooling_rate = 0.999
26 - INFO - chord#: 76 done. best_score=31.0, changed=521, unchanged=340, early_stops=8/8
26 - INFO - chord#: 78 In build_straw_man_chord_sa. tolerance = 1, sa_iterations = 1000, initial_temperature = 3.0, cooling_rate = 0.999
26 - INFO - chord#: 74 done. best_score=97.0, changed=617, unchanged=260, early_stops=8/8
26 - INFO - chord#: 76 In build_straw_man_chord_sa. tolerance = 1, sa_iterations = 1000, initial_temperature = 3.0, cooling_rate = 0.999
26 - INFO - chord#: 76 done. best_score=31.0, changed=512, unchanged=334, early_stops=8/8
26 - INFO - chord#: 78 In build_straw_man_chord_sa. tolerance = 1, sa_iterations = 1000, initial_temperature = 3.0, cooling_rate = 0.999
26 - INFO - chord#: 78 done. best_score=27.0, changed=518, unchanged=395, early_stops=8/8
26 - INFO - chord#: 79 In build_straw_man_chord_sa. tolerance = 1, sa_iterations = 1000, initial_temperature = 3.0, cooling_rate = 0.999
26 - INFO - chord#: 60 done. best_score=27.0, changed=523, unchanged=314, early_stops=8/8
26 - INFO - chord#: 62 In build_straw_man_chord_sa. tolerance = 1, sa_iterations = 1000, initial_temperature = 3.0, cooling_rate = 0.999
26 - INFO - chord#: 68 done. best_score=27.0, changed=516, unchanged=351, early_stops=8/8
26 - INFO - chord#: 70 In build_straw_man_chord_sa. tolerance = 1, sa_iterations = 1000, initial_temperature = 3.0, cooling_rate = 0.999
26 - INFO - chord#: 78 done. best_score=27.0, changed=524, unchanged=407, early_stops=8/8
26 - INFO - chord#: 79 In build_straw_man_chord_sa. tolerance = 1, sa_iterations = 1000, initial_temperature = 3.0, cooling_rate = 0.999
26 - INFO - chord#: 76 done. best_score=31.0, changed=523, unchanged=400, early_stops=8/8
26 - INFO - chord#: 78 In build_straw_man_chord_sa. tolerance = 1, sa_iterations = 1000, initial_temperature = 3.0, cooling_rate = 0.999
26 - INFO - chord#: 74 done. best_score=82.0, changed=616, unchanged=350, early_stops=8/8
26 - INFO - chord#: 76 In build_straw_man_chord_sa. tolerance = 1, sa_iterations = 1000, initial_temperature = 3.0, cooling_rate = 0.999
26 - INFO - chord#: 62 done. best_score=75.0, changed=610, unchanged=319, early_stops=8/8
26 - INFO - chord#: 64 In build_straw_man_chord_sa. tolerance = 1, sa_iterations = 1000, initial_temperature = 3.0, cooling_rate = 0.999
26 - INFO - chord#: 74 done. best_score=82.0, changed=611, unchanged=263, early_stops=8/8
26 - INFO - chord#: 76 In build_straw_man_chord_sa. tolerance = 1, sa_iterations = 1000, initial_temperature = 3.0, cooling_rate = 0.999
26 - INFO - chord#: 78 done. best_score=27.0, changed=516, unchanged=366, early_stops=8/8
26 - INFO - chord#: 79 In build_straw_man_chord_sa. tolerance = 1, sa_iterations = 1000, initial_temperature = 3.0, cooling_rate = 0.999
26 - INFO - chord#: 62 done. best_score=75.0, changed=617, unchanged=388, early_stops=8/8
26 - INFO - chord#: 64 In build_straw_man_chord_sa. tolerance = 1, sa_iterations = 1000, initial_temperature = 3.0, cooling_rate = 0.999
26 - INFO - chord#: 76 done. best_score=31.0, changed=516, unchanged=340, early_stops=8/8
26 - INFO - chord#: 78 In build_straw_man_chord_sa. tolerance = 1, sa_iterations = 1000, initial_temperature = 3.0, cooling_rate = 0.999
26 - INFO - chord#: 78 done. best_score=27.0, changed=525, unchanged=383, early_stops=8/8
26 - INFO - chord#: 79 In build_straw_man_chord_sa. tolerance = 1, sa_iterations = 1000, initial_temperature = 3.0, cooling_rate = 0.999
26 - INFO - chord#: 62 done. best_score=70.0, changed=616, unchanged=378, early_stops=8/8
26 - INFO - chord#: 64 In build_straw_man_chord_sa. tolerance = 1, sa_iterations = 1000, initial_temperature = 3.0, cooling_rate = 0.999
26 - INFO - chord#: 62 done. best_score=70.0, changed=615, unchanged=398, early_stops=8/8
26 - INFO - chord#: 64 In build_straw_man_chord_sa. tolerance = 1, sa_iterations = 1000, initial_temperature = 3.0, cooling_rate = 0.999
26 - INFO - chord#: 76 done. best_score=31.0, changed=520, unchanged=338, early_stops=8/8
26 - INFO - chord#: 78 In build_straw_man_chord_sa. tolerance = 1, sa_iterations = 1000, initial_temperature = 3.0, cooling_rate = 0.999
26 - INFO - chord#: 64 done. best_score=27.0, changed=521, unchanged=515, early_stops=8/8
26 - INFO - chord#: 68 In build_straw_man_chord_sa. tolerance = 1, sa_iterations = 1000, initial_temperature = 3.0, cooling_rate = 0.999
26 - INFO - chord#: 78 done. best_score=27.0, changed=518, unchanged=360, early_stops=8/8
26 - INFO - chord#: 79 In build_straw_man_chord_sa. tolerance = 1, sa_iterations = 1000, initial_temperature = 3.0, cooling_rate = 0.999
26 - INFO - chord#: 79 done. best_score=67.0, changed=614, unchanged=310, early_stops=8/8
26 - INFO - chord#: 80 In build_straw_man_chord_sa. tolerance = 1, sa_iterations = 1000, initial_temperature = 3.0, cooling_rate = 0.999
26 - INFO - chord#: 78 done. best_score=27.0, changed=509, unchanged=327, early_stops=8/8
26 - INFO - chord#: 79 In build_straw_man_chord_sa. tolerance = 1, sa_iterations = 1000, initial_temperature = 3.0, cooling_rate = 0.999
26 - INFO - chord#: 62 done. best_score=70.0, changed=614, unchanged=310, early_stops=8/8
26 - INFO - chord#: 64 done. best_score=27.0, changed=524, unchanged=504, early_stops=8/8
26 - INFO - chord#: 64 In build_straw_man_chord_sa. tolerance = 1, sa_iterations = 1000, initial_temperature = 3.0, cooling_rate = 0.999
26 - INFO - chord#: 68 In build_straw_man_chord_sa. tolerance = 1, sa_iterations = 1000, initial_temperature = 3.0, cooling_rate = 0.999
26 - INFO - chord#: 64 done. best_score=27.0, changed=516, unchanged=325, early_stops=8/8
26 - INFO - chord#: 68 In build_straw_man_chord_sa. tolerance = 1, sa_iterations = 1000, initial_temperature = 3.0, cooling_rate = 0.999
26 - INFO - chord#: 64 done. best_score=27.0, changed=514, unchanged=372, early_stops=8/8
26 - INFO - chord#: 68 In build_straw_man_chord_sa. tolerance = 1, sa_iterations = 1000, initial_temperature = 3.0, cooling_rate = 0.999
26 - INFO - chord#: 68 done. best_score=27.0, changed=518, unchanged=403, early_stops=8/8
26 - INFO - chord#: 70 In build_straw_man_chord_sa. tolerance = 1, sa_iterations = 1000, initial_temperature = 3.0, cooling_rate = 0.999
26 - INFO - chord#: 79 done. best_score=67.0, changed=608, unchanged=276, early_stops=8/8
26 - INFO - chord#: 80 In build_straw_man_chord_sa. tolerance = 1, sa_iterations = 1000, initial_temperature = 3.0, cooling_rate = 0.999
26 - INFO - chord#: 79 done. best_score=137.0, changed=623, unchanged=533, early_stops=8/8
26 - INFO - chord#: 80 In build_straw_man_chord_sa. tolerance = 1, sa_iterations = 1000, initial_temperature = 3.0, cooling_rate = 0.999
26 - INFO - chord#: 79 done. best_score=67.0, changed=610, unchanged=221, early_stops=8/8
26 - INFO - chord#: 80 In build_straw_man_chord_sa. tolerance = 1, sa_iterations = 1000, initial_temperature = 3.0, cooling_rate = 0.999
26 - INFO - chord#: 70 done. best_score=70.0, changed=615, unchanged=387, early_stops=8/8
26 - INFO - chord#: 72 In build_straw_man_chord_sa. tolerance = 1, sa_iterations = 1000, initial_temperature = 3.0, cooling_rate = 0.999
26 - INFO - chord#: 68 done. best_score=27.0, changed=523, unchanged=374, early_stops=8/8
26 - INFO - chord#: 70 In build_straw_man_chord_sa. tolerance = 1, sa_iterations = 1000, initial_temperature = 3.0, cooling_rate = 0.999
26 - INFO - chord#: 68 done. best_score=27.0, changed=516, unchanged=305, early_stops=8/8
26 - INFO - chord#: 70 In build_straw_man_chord_sa. tolerance = 1, sa_iterations = 1000, initial_temperature = 3.0, cooling_rate = 0.999
26 - INFO - chord#: 64 done. best_score=27.0, changed=521, unchanged=376, early_stops=8/8
26 - INFO - chord#: 68 In build_straw_man_chord_sa. tolerance = 1, sa_iterations = 1000, initial_temperature = 3.0, cooling_rate = 0.999
26 - INFO - chord#: 68 done. best_score=27.0, changed=529, unchanged=425, early_stops=8/8
26 - INFO - chord#: 70 In build_straw_man_chord_sa. tolerance = 1, sa_iterations = 1000, initial_temperature = 3.0, cooling_rate = 0.999
26 - INFO - chord#: 79 done. best_score=67.0, changed=609, unchanged=247, early_stops=8/8
26 - INFO - chord#: 80 In build_straw_man_chord_sa. tolerance = 1, sa_iterations = 1000, initial_temperature = 3.0, cooling_rate = 0.999
26 - INFO - chord#: 72 done. best_score=27.0, changed=528, unchanged=362, early_stops=8/8
26 - INFO - chord#: 74 In build_straw_man_chord_sa. tolerance = 1, sa_iterations = 1000, initial_temperature = 3.0, cooling_rate = 0.999
26 - INFO - chord#: 80 done. best_score=127.0, changed=608, unchanged=282, early_stops=8/8
26 - INFO - chord#: 82 In build_straw_man_chord_sa. tolerance = 1, sa_iterations = 1000, initial_temperature = 3.0, cooling_rate = 0.999
26 - INFO - chord#: 68 done. best_score=27.0, changed=517, unchanged=348, early_stops=8/8
26 - INFO - chord#: 70 In build_straw_man_chord_sa. tolerance = 1, sa_iterations = 1000, initial_temperature = 3.0, cooling_rate = 0.999
26 - INFO - chord#: 80 done. best_score=146.0, changed=610, unchanged=273, early_stops=8/8
26 - INFO - chord#: 82 In build_straw_man_chord_sa. tolerance = 1, sa_iterations = 1000, initial_temperature = 3.0, cooling_rate = 0.999
26 - INFO - chord#: 82 done. best_score=27.0, changed=530, unchanged=304, early_stops=8/8
26 - INFO - chord#: 84 In build_straw_man_chord_sa. tolerance = 1, sa_iterations = 1000, initial_temperature = 3.0, cooling_rate = 0.999
26 - INFO - chord#: 80 done. best_score=82.0, changed=607, unchanged=279, early_stops=8/8
26 - INFO - chord#: 82 In build_straw_man_chord_sa. tolerance = 1, sa_iterations = 1000, initial_temperature = 3.0, cooling_rate = 0.999
26 - INFO - chord#: 79 done. best_score=67.0, changed=620, unchanged=640, early_stops=8/8
26 - INFO - chord#: 80 In build_straw_man_chord_sa. tolerance = 1, sa_iterations = 1000, initial_temperature = 3.0, cooling_rate = 0.999
26 - INFO - chord#: 80 done. best_score=146.0, changed=613, unchanged=355, early_stops=8/8
26 - INFO - chord#: 82 In build_straw_man_chord_sa. tolerance = 1, sa_iterations = 1000, initial_temperature = 3.0, cooling_rate = 0.999
26 - INFO - chord#: 70 done. best_score=70.0, changed=613, unchanged=470, early_stops=8/8
26 - INFO - chord#: 72 In build_straw_man_chord_sa. tolerance = 1, sa_iterations = 1000, initial_temperature = 3.0, cooling_rate = 0.999
26 - INFO - chord#: 82 done. best_score=36.0, changed=528, unchanged=342, early_stops=8/8
26 - INFO - chord#: 84 In build_straw_man_chord_sa. tolerance = 1, sa_iterations = 1000, initial_temperature = 3.0, cooling_rate = 0.999
26 - INFO - chord#: 70 done. best_score=70.0, changed=607, unchanged=245, early_stops=8/8
26 - INFO - chord#: 72 In build_straw_man_chord_sa. tolerance = 1, sa_iterations = 1000, initial_temperature = 3.0, cooling_rate = 0.999
26 - INFO - chord#: 82 done. best_score=27.0, changed=521, unchanged=303, early_stops=8/8
26 - INFO - chord#: 84 In build_straw_man_chord_sa. tolerance = 1, sa_iterations = 1000, initial_temperature = 3.0, cooling_rate = 0.999
26 - INFO - chord#: 70 done. best_score=145.0, changed=612, unchanged=310, early_stops=8/8
26 - INFO - chord#: 72 In build_straw_man_chord_sa. tolerance = 1, sa_iterations = 1000, initial_temperature = 3.0, cooling_rate = 0.999
26 - INFO - chord#: 80 done. best_score=82.0, changed=611, unchanged=263, early_stops=8/8
26 - INFO - chord#: 82 In build_straw_man_chord_sa. tolerance = 1, sa_iterations = 1000, initial_temperature = 3.0, cooling_rate = 0.999
26 - INFO - chord#: 70 done. best_score=104.0, changed=609, unchanged=247, early_stops=8/8
26 - INFO - chord#: 72 In build_straw_man_chord_sa. tolerance = 1, sa_iterations = 1000, initial_temperature = 3.0, cooling_rate = 0.999
26 - INFO - chord#: 82 done. best_score=27.0, changed=524, unchanged=387, early_stops=8/8
26 - INFO - chord#: 84 In build_straw_man_chord_sa. tolerance = 1, sa_iterations = 1000, initial_temperature = 3.0, cooling_rate = 0.999
26 - INFO - chord#: 74 done. best_score=97.0, changed=610, unchanged=211, early_stops=8/8
26 - INFO - chord#: 76 In build_straw_man_chord_sa. tolerance = 1, sa_iterations = 1000, initial_temperature = 3.0, cooling_rate = 0.999
26 - INFO - chord#: 72 done. best_score=27.0, changed=533, unchanged=338, early_stops=8/8
26 - INFO - chord#: 74 In build_straw_man_chord_sa. tolerance = 1, sa_iterations = 1000, initial_temperature = 3.0, cooling_rate = 0.999
26 - INFO - chord#: 72 done. best_score=27.0, changed=558, unchanged=253, early_stops=8/8
26 - INFO - chord#: 74 In build_straw_man_chord_sa. tolerance = 1, sa_iterations = 1000, initial_temperature = 3.0, cooling_rate = 0.999
26 - INFO - chord#: 72 done. best_score=27.0, changed=532, unchanged=393, early_stops=8/8
26 - INFO - chord#: 74 In build_straw_man_chord_sa. tolerance = 1, sa_iterations = 1000, initial_temperature = 3.0, cooling_rate = 0.999
26 - INFO - chord#: 82 done. best_score=27.0, changed=534, unchanged=301, early_stops=8/8
26 - INFO - chord#: 84 In build_straw_man_chord_sa. tolerance = 1, sa_iterations = 1000, initial_temperature = 3.0, cooling_rate = 0.999
26 - INFO - chord#: 72 done. best_score=27.0, changed=532, unchanged=294, early_stops=8/8
26 - INFO - chord#: 74 In build_straw_man_chord_sa. tolerance = 1, sa_iterations = 1000, initial_temperature = 3.0, cooling_rate = 0.999
26 - INFO - chord#: 84 done. best_score=67.0, changed=615, unchanged=376, early_stops=8/8
26 - INFO - chord#: 88 In build_straw_man_chord_sa. tolerance = 1, sa_iterations = 1000, initial_temperature = 3.0, cooling_rate = 0.999
26 - INFO - chord#: 70 done. best_score=70.0, changed=610, unchanged=302, early_stops=8/8
26 - INFO - chord#: 72 In build_straw_man_chord_sa. tolerance = 1, sa_iterations = 1000, initial_temperature = 3.0, cooling_rate = 0.999
26 - INFO - chord#: 84 done. best_score=78.0, changed=606, unchanged=235, early_stops=8/8
26 - INFO - chord#: 88 In build_straw_man_chord_sa. tolerance = 1, sa_iterations = 1000, initial_temperature = 3.0, cooling_rate = 0.999
26 - INFO - chord#: 76 done. best_score=31.0, changed=515, unchanged=322, early_stops=8/8
26 - INFO - chord#: 78 In build_straw_man_chord_sa. tolerance = 1, sa_iterations = 1000, initial_temperature = 3.0, cooling_rate = 0.999
26 - INFO - chord#: 80 done. best_score=82.0, changed=611, unchanged=403, early_stops=8/8
26 - INFO - chord#: 82 In build_straw_man_chord_sa. tolerance = 1, sa_iterations = 1000, initial_temperature = 3.0, cooling_rate = 0.999
26 - INFO - chord#: 84 done. best_score=78.0, changed=607, unchanged=293, early_stops=8/8
26 - INFO - chord#: 88 In build_straw_man_chord_sa. tolerance = 1, sa_iterations = 1000, initial_temperature = 3.0, cooling_rate = 0.999
26 - INFO - chord#: 88 done. best_score=27.0, changed=521, unchanged=352, early_stops=8/8
26 - INFO - chord#: 90 In build_straw_man_chord_sa. tolerance = 1, sa_iterations = 1000, initial_temperature = 3.0, cooling_rate = 0.999
26 - INFO - chord#: 84 done. best_score=137.0, changed=608, unchanged=312, early_stops=8/8
26 - INFO - chord#: 88 In build_straw_man_chord_sa. tolerance = 1, sa_iterations = 1000, initial_temperature = 3.0, cooling_rate = 0.999
26 - INFO - chord#: 72 done. best_score=27.0, changed=520, unchanged=346, early_stops=8/8
26 - INFO - chord#: 74 In build_straw_man_chord_sa. tolerance = 1, sa_iterations = 1000, initial_temperature = 3.0, cooling_rate = 0.999
26 - INFO - chord#: 78 done. best_score=27.0, changed=522, unchanged=358, early_stops=8/8
26 - INFO - chord#: 79 In build_straw_man_chord_sa. tolerance = 1, sa_iterations = 1000, initial_temperature = 3.0, cooling_rate = 0.999
26 - INFO - chord#: 88 done. best_score=27.0, changed=523, unchanged=573, early_stops=8/8
26 - INFO - chord#: 90 In build_straw_man_chord_sa. tolerance = 1, sa_iterations = 1000, initial_temperature = 3.0, cooling_rate = 0.999
26 - INFO - chord#: 82 done. best_score=27.0, changed=533, unchanged=388, early_stops=8/8
26 - INFO - chord#: 84 In build_straw_man_chord_sa. tolerance = 1, sa_iterations = 1000, initial_temperature = 3.0, cooling_rate = 0.999
26 - INFO - chord#: 88 done. best_score=27.0, changed=518, unchanged=364, early_stops=8/8
26 - INFO - chord#: 90 In build_straw_man_chord_sa. tolerance = 1, sa_iterations = 1000, initial_temperature = 3.0, cooling_rate = 0.999
26 - INFO - chord#: 88 done. best_score=27.0, changed=527, unchanged=415, early_stops=8/8
26 - INFO - chord#: 90 In build_straw_man_chord_sa. tolerance = 1, sa_iterations = 1000, initial_temperature = 3.0, cooling_rate = 0.999
26 - INFO - chord#: 74 done. best_score=161.0, changed=612, unchanged=235, early_stops=8/8
26 - INFO - chord#: 76 In build_straw_man_chord_sa. tolerance = 1, sa_iterations = 1000, initial_temperature = 3.0, cooling_rate = 0.999
26 - INFO - chord#: 84 done. best_score=67.0, changed=614, unchanged=459, early_stops=8/8
26 - INFO - chord#: 88 In build_straw_man_chord_sa. tolerance = 1, sa_iterations = 1000, initial_temperature = 3.0, cooling_rate = 0.999
26 - INFO - chord#: 74 done. best_score=120.0, changed=608, unchanged=290, early_stops=8/8
26 - INFO - chord#: 76 In build_straw_man_chord_sa. tolerance = 1, sa_iterations = 1000, initial_temperature = 3.0, cooling_rate = 0.999
26 - INFO - chord#: 74 done. best_score=120.0, changed=615, unchanged=428, early_stops=8/8
26 - INFO - chord#: 76 In build_straw_man_chord_sa. tolerance = 1, sa_iterations = 1000, initial_temperature = 3.0, cooling_rate = 0.999
26 - INFO - chord#: 74 done. best_score=82.0, changed=615, unchanged=250, early_stops=8/8
26 - INFO - chord#: 76 In build_straw_man_chord_sa. tolerance = 1, sa_iterations = 1000, initial_temperature = 3.0, cooling_rate = 0.999
26 - INFO - chord#: 90 done. best_score=145.0, changed=610, unchanged=258, early_stops=8/8
26 - INFO - chord#: 92 In build_straw_man_chord_sa. tolerance = 1, sa_iterations = 1000, initial_temperature = 3.0, cooling_rate = 0.999
26 - INFO - chord#: 76 done. best_score=31.0, changed=525, unchanged=357, early_stops=8/8
26 - INFO - chord#: 78 In build_straw_man_chord_sa. tolerance = 1, sa_iterations = 1000, initial_temperature = 3.0, cooling_rate = 0.999
26 - INFO - chord#: 88 done. best_score=27.0, changed=531, unchanged=433, early_stops=8/8
26 - INFO - chord#: 90 In build_straw_man_chord_sa. tolerance = 1, sa_iterations = 1000, initial_temperature = 3.0, cooling_rate = 0.999
26 - INFO - chord#: 76 done. best_score=31.0, changed=531, unchanged=350, early_stops=8/8
26 - INFO - chord#: 78 In build_straw_man_chord_sa. tolerance = 1, sa_iterations = 1000, initial_temperature = 3.0, cooling_rate = 0.999
26 - INFO - chord#: 76 done. best_score=31.0, changed=525, unchanged=353, early_stops=8/8
26 - INFO - chord#: 78 In build_straw_man_chord_sa. tolerance = 1, sa_iterations = 1000, initial_temperature = 3.0, cooling_rate = 0.999
26 - INFO - chord#: 76 done. best_score=31.0, changed=530, unchanged=360, early_stops=8/8
26 - INFO - chord#: 78 In build_straw_man_chord_sa. tolerance = 1, sa_iterations = 1000, initial_temperature = 3.0, cooling_rate = 0.999
26 - INFO - chord#: 84 done. best_score=67.0, changed=614, unchanged=293, early_stops=8/8
26 - INFO - chord#: 88 In build_straw_man_chord_sa. tolerance = 1, sa_iterations = 1000, initial_temperature = 3.0, cooling_rate = 0.999
26 - INFO - chord#: 74 done. best_score=82.0, changed=610, unchanged=235, early_stops=8/8
26 - INFO - chord#: 76 In build_straw_man_chord_sa. tolerance = 1, sa_iterations = 1000, initial_temperature = 3.0, cooling_rate = 0.999
26 - INFO - chord#: 90 done. best_score=217.0, changed=612, unchanged=300, early_stops=8/8
26 - INFO - chord#: 92 In build_straw_man_chord_sa. tolerance = 1, sa_iterations = 1000, initial_temperature = 3.0, cooling_rate = 0.999
26 - INFO - chord#: 92 done. best_score=27.0, changed=534, unchanged=381, early_stops=8/8
26 - INFO - chord#: 96 In build_straw_man_chord_sa. tolerance = 1, sa_iterations = 1000, initial_temperature = 3.0, cooling_rate = 0.999
26 - INFO - chord#: 90 done. best_score=67.0, changed=615, unchanged=378, early_stops=8/8
26 - INFO - chord#: 92 In build_straw_man_chord_sa. tolerance = 1, sa_iterations = 1000, initial_temperature = 3.0, cooling_rate = 0.999
26 - INFO - chord#: 90 done. best_score=96.0, changed=610, unchanged=269, early_stops=8/8
26 - INFO - chord#: 92 In build_straw_man_chord_sa. tolerance = 1, sa_iterations = 1000, initial_temperature = 3.0, cooling_rate = 0.999
26 - INFO - chord#: 78 done. best_score=27.0, changed=515, unchanged=360, early_stops=8/8
26 - INFO - chord#: 79 In build_straw_man_chord_sa. tolerance = 1, sa_iterations = 1000, initial_temperature = 3.0, cooling_rate = 0.999
26 - INFO - chord#: 92 done. best_score=57.0, changed=512, unchanged=330, early_stops=8/8
26 - INFO - chord#: 96 In build_straw_man_chord_sa. tolerance = 1, sa_iterations = 1000, initial_temperature = 3.0, cooling_rate = 0.999
26 - INFO - chord#: 88 done. best_score=27.0, changed=518, unchanged=353, early_stops=8/8
26 - INFO - chord#: 90 In build_straw_man_chord_sa. tolerance = 1, sa_iterations = 1000, initial_temperature = 3.0, cooling_rate = 0.999
26 - INFO - chord#: 78 done. best_score=27.0, changed=516, unchanged=405, early_stops=8/8
26 - INFO - chord#: 79 In build_straw_man_chord_sa. tolerance = 1, sa_iterations = 1000, initial_temperature = 3.0, cooling_rate = 0.999
26 - INFO - chord#: 76 done. best_score=31.0, changed=525, unchanged=392, early_stops=8/8
26 - INFO - chord#: 78 In build_straw_man_chord_sa. tolerance = 1, sa_iterations = 1000, initial_temperature = 3.0, cooling_rate = 0.999
26 - INFO - chord#: 78 done. best_score=36.0, changed=519, unchanged=386, early_stops=8/8
26 - INFO - chord#: 79 In build_straw_man_chord_sa. tolerance = 1, sa_iterations = 1000, initial_temperature = 3.0, cooling_rate = 0.999
26 - INFO - chord#: 78 done. best_score=27.0, changed=516, unchanged=398, early_stops=8/8
26 - INFO - chord#: 79 In build_straw_man_chord_sa. tolerance = 1, sa_iterations = 1000, initial_temperature = 3.0, cooling_rate = 0.999
26 - INFO - chord#: 96 done. best_score=27.0, changed=523, unchanged=429, early_stops=8/8
26 - INFO - chord#: 100 In build_straw_man_chord_sa. tolerance = 1, sa_iterations = 1000, initial_temperature = 3.0, cooling_rate = 0.999
26 - INFO - chord#: 92 done. best_score=27.0, changed=523, unchanged=480, early_stops=8/8
26 - INFO - chord#: 96 In build_straw_man_chord_sa. tolerance = 1, sa_iterations = 1000, initial_temperature = 3.0, cooling_rate = 0.999
26 - INFO - chord#: 79 done. best_score=137.0, changed=618, unchanged=522, early_stops=8/8
26 - INFO - chord#: 80 In build_straw_man_chord_sa. tolerance = 1, sa_iterations = 1000, initial_temperature = 3.0, cooling_rate = 0.999
26 - INFO - chord#: 92 done. best_score=27.0, changed=523, unchanged=364, early_stops=8/8
26 - INFO - chord#: 96 In build_straw_man_chord_sa. tolerance = 1, sa_iterations = 1000, initial_temperature = 3.0, cooling_rate = 0.999
26 - INFO - chord#: 90 done. best_score=157.0, changed=608, unchanged=277, early_stops=8/8
26 - INFO - chord#: 92 In build_straw_man_chord_sa. tolerance = 1, sa_iterations = 1000, initial_temperature = 3.0, cooling_rate = 0.999
26 - INFO - chord#: 96 done. best_score=27.0, changed=518, unchanged=447, early_stops=8/8
26 - INFO - chord#: 100 In build_straw_man_chord_sa. tolerance = 1, sa_iterations = 1000, initial_temperature = 3.0, cooling_rate = 0.999
26 - INFO - chord#: 78 done. best_score=27.0, changed=520, unchanged=380, early_stops=8/8
26 - INFO - chord#: 79 In build_straw_man_chord_sa. tolerance = 1, sa_iterations = 1000, initial_temperature = 3.0, cooling_rate = 0.999
26 - INFO - chord#: 96 done. best_score=27.0, changed=518, unchanged=473, early_stops=8/8
26 - INFO - chord#: 100 In build_straw_man_chord_sa. tolerance = 1, sa_iterations = 1000, initial_temperature = 3.0, cooling_rate = 0.999
26 - INFO - chord#: 92 done. best_score=27.0, changed=517, unchanged=389, early_stops=8/8
26 - INFO - chord#: 96 In build_straw_man_chord_sa. tolerance = 1, sa_iterations = 1000, initial_temperature = 3.0, cooling_rate = 0.999
26 - INFO - chord#: 96 done. best_score=27.0, changed=519, unchanged=481, early_stops=8/8
26 - INFO - chord#: 100 In build_straw_man_chord_sa. tolerance = 1, sa_iterations = 1000, initial_temperature = 3.0, cooling_rate = 0.999
26 - INFO - chord#: 79 done. best_score=96.0, changed=606, unchanged=239, early_stops=8/8
26 - INFO - chord#: 80 In build_straw_man_chord_sa. tolerance = 1, sa_iterations = 1000, initial_temperature = 3.0, cooling_rate = 0.999
26 - INFO - chord#: 90 done. best_score=96.0, changed=610, unchanged=394, early_stops=8/8
26 - INFO - chord#: 92 In build_straw_man_chord_sa. tolerance = 1, sa_iterations = 1000, initial_temperature = 3.0, cooling_rate = 0.999
26 - INFO - chord#: 79 done. best_score=145.0, changed=607, unchanged=214, early_stops=8/8
26 - INFO - chord#: 80 In build_straw_man_chord_sa. tolerance = 1, sa_iterations = 1000, initial_temperature = 3.0, cooling_rate = 0.999
26 - INFO - chord#: 100 done. best_score=82.0, changed=611, unchanged=356, early_stops=8/8
26 - INFO - chord#: 102 In build_straw_man_chord_sa. tolerance = 1, sa_iterations = 1000, initial_temperature = 3.0, cooling_rate = 0.999
26 - INFO - chord#: 96 done. best_score=27.0, changed=515, unchanged=403, early_stops=8/8
26 - INFO - chord#: 100 In build_straw_man_chord_sa. tolerance = 1, sa_iterations = 1000, initial_temperature = 3.0, cooling_rate = 0.999
26 - INFO - chord#: 79 done. best_score=137.0, changed=613, unchanged=274, early_stops=8/8
26 - INFO - chord#: 80 In build_straw_man_chord_sa. tolerance = 1, sa_iterations = 1000, initial_temperature = 3.0, cooling_rate = 0.999
26 - INFO - chord#: 79 done. best_score=78.0, changed=613, unchanged=363, early_stops=8/8
26 - INFO - chord#: 80 In build_straw_man_chord_sa. tolerance = 1, sa_iterations = 1000, initial_temperature = 3.0, cooling_rate = 0.999
26 - INFO - chord#: 100 done. best_score=147.0, changed=610, unchanged=287, early_stops=8/8
26 - INFO - chord#: 102 In build_straw_man_chord_sa. tolerance = 1, sa_iterations = 1000, initial_temperature = 3.0, cooling_rate = 0.999
26 - INFO - chord#: 92 done. best_score=27.0, changed=531, unchanged=391, early_stops=8/8
26 - INFO - chord#: 96 In build_straw_man_chord_sa. tolerance = 1, sa_iterations = 1000, initial_temperature = 3.0, cooling_rate = 0.999
26 - INFO - chord#: 102 done. best_score=27.0, changed=529, unchanged=387, early_stops=8/8
26 - INFO - chord#: 104 In build_straw_man_chord_sa. tolerance = 1, sa_iterations = 1000, initial_temperature = 3.0, cooling_rate = 0.999
26 - INFO - chord#: 100 done. best_score=120.0, changed=608, unchanged=257, early_stops=8/8
26 - INFO - chord#: 102 In build_straw_man_chord_sa. tolerance = 1, sa_iterations = 1000, initial_temperature = 3.0, cooling_rate = 0.999
26 - INFO - chord#: 80 done. best_score=82.0, changed=613, unchanged=365, early_stops=8/8
26 - INFO - chord#: 82 In build_straw_man_chord_sa. tolerance = 1, sa_iterations = 1000, initial_temperature = 3.0, cooling_rate = 0.999
26 - INFO - chord#: 100 done. best_score=82.0, changed=610, unchanged=339, early_stops=8/8
26 - INFO - chord#: 102 In build_straw_man_chord_sa. tolerance = 1, sa_iterations = 1000, initial_temperature = 3.0, cooling_rate = 0.999
26 - INFO - chord#: 102 done. best_score=27.0, changed=532, unchanged=307, early_stops=8/8
26 - INFO - chord#: 104 In build_straw_man_chord_sa. tolerance = 1, sa_iterations = 1000, initial_temperature = 3.0, cooling_rate = 0.999
26 - INFO - chord#: 79 done. best_score=67.0, changed=610, unchanged=369, early_stops=8/8
26 - INFO - chord#: 80 In build_straw_man_chord_sa. tolerance = 1, sa_iterations = 1000, initial_temperature = 3.0, cooling_rate = 0.999
26 - INFO - chord#: 96 done. best_score=27.0, changed=518, unchanged=327, early_stops=8/8
26 - INFO - chord#: 100 In build_straw_man_chord_sa. tolerance = 1, sa_iterations = 1000, initial_temperature = 3.0, cooling_rate = 0.999
26 - INFO - chord#: 104 done. best_score=27.0, changed=539, unchanged=529, early_stops=8/8
26 - INFO - chord#: 106 In build_straw_man_chord_sa. tolerance = 1, sa_iterations = 1000, initial_temperature = 3.0, cooling_rate = 0.999
26 - INFO - chord#: 102 done. best_score=27.0, changed=526, unchanged=387, early_stops=8/8
26 - INFO - chord#: 104 In build_straw_man_chord_sa. tolerance = 1, sa_iterations = 1000, initial_temperature = 3.0, cooling_rate = 0.999
26 - INFO - chord#: 82 done. best_score=27.0, changed=530, unchanged=304, early_stops=8/8
26 - INFO - chord#: 84 In build_straw_man_chord_sa. tolerance = 1, sa_iterations = 1000, initial_temperature = 3.0, cooling_rate = 0.999
26 - INFO - chord#: 102 done. best_score=27.0, changed=533, unchanged=421, early_stops=8/8
26 - INFO - chord#: 104 In build_straw_man_chord_sa. tolerance = 1, sa_iterations = 1000, initial_temperature = 3.0, cooling_rate = 0.999
26 - INFO - chord#: 104 done. best_score=27.0, changed=527, unchanged=384, early_stops=8/8
26 - INFO - chord#: 106 In build_straw_man_chord_sa. tolerance = 1, sa_iterations = 1000, initial_temperature = 3.0, cooling_rate = 0.999
26 - INFO - chord#: 80 done. best_score=82.0, changed=617, unchanged=426, early_stops=8/8
26 - INFO - chord#: 82 In build_straw_man_chord_sa. tolerance = 1, sa_iterations = 1000, initial_temperature = 3.0, cooling_rate = 0.999
26 - INFO - chord#: 104 done. best_score=27.0, changed=520, unchanged=366, early_stops=8/8
26 - INFO - chord#: 106 In build_straw_man_chord_sa. tolerance = 1, sa_iterations = 1000, initial_temperature = 3.0, cooling_rate = 0.999
26 - INFO - chord#: 106 done. best_score=36.0, changed=527, unchanged=389, early_stops=8/8
26 - INFO - chord#: 108 In build_straw_man_chord_sa. tolerance = 1, sa_iterations = 1000, initial_temperature = 3.0, cooling_rate = 0.999
26 - INFO - chord#: 80 done. best_score=82.0, changed=612, unchanged=352, early_stops=8/8
26 - INFO - chord#: 82 In build_straw_man_chord_sa. tolerance = 1, sa_iterations = 1000, initial_temperature = 3.0, cooling_rate = 0.999
26 - INFO - chord#: 100 done. best_score=82.0, changed=615, unchanged=378, early_stops=8/8
26 - INFO - chord#: 102 In build_straw_man_chord_sa. tolerance = 1, sa_iterations = 1000, initial_temperature = 3.0, cooling_rate = 0.999
26 - INFO - chord#: 104 done. best_score=27.0, changed=529, unchanged=410, early_stops=8/8
26 - INFO - chord#: 106 In build_straw_man_chord_sa. tolerance = 1, sa_iterations = 1000, initial_temperature = 3.0, cooling_rate = 0.999
26 - INFO - chord#: 80 done. best_score=120.0, changed=610, unchanged=333, early_stops=8/8
26 - INFO - chord#: 82 In build_straw_man_chord_sa. tolerance = 1, sa_iterations = 1000, initial_temperature = 3.0, cooling_rate = 0.999
26 - INFO - chord#: 80 done. best_score=82.0, changed=612, unchanged=472, early_stops=8/8
26 - INFO - chord#: 82 In build_straw_man_chord_sa. tolerance = 1, sa_iterations = 1000, initial_temperature = 3.0, cooling_rate = 0.999
26 - INFO - chord#: 106 done. best_score=36.0, changed=523, unchanged=368, early_stops=8/8
26 - INFO - chord#: 108 In build_straw_man_chord_sa. tolerance = 1, sa_iterations = 1000, initial_temperature = 3.0, cooling_rate = 0.999
26 - INFO - chord#: 82 done. best_score=27.0, changed=519, unchanged=316, early_stops=8/8
26 - INFO - chord#: 84 In build_straw_man_chord_sa. tolerance = 1, sa_iterations = 1000, initial_temperature = 3.0, cooling_rate = 0.999
26 - INFO - chord#: 106 done. best_score=36.0, changed=528, unchanged=335, early_stops=8/8
26 - INFO - chord#: 108 In build_straw_man_chord_sa. tolerance = 1, sa_iterations = 1000, initial_temperature = 3.0, cooling_rate = 0.999
26 - INFO - chord#: 100 done. best_score=82.0, changed=610, unchanged=308, early_stops=8/8
26 - INFO - chord#: 102 In build_straw_man_chord_sa. tolerance = 1, sa_iterations = 1000, initial_temperature = 3.0, cooling_rate = 0.999
26 - INFO - chord#: 108 done. best_score=27.0, changed=517, unchanged=451, early_stops=8/8
26 - INFO - chord#: 112 In build_straw_man_chord_sa. tolerance = 1, sa_iterations = 1000, initial_temperature = 3.0, cooling_rate = 0.999
26 - INFO - chord#: 106 done. best_score=36.0, changed=514, unchanged=354, early_stops=8/8
26 - INFO - chord#: 108 In build_straw_man_chord_sa. tolerance = 1, sa_iterations = 1000, initial_temperature = 3.0, cooling_rate = 0.999
26 - INFO - chord#: 82 done. best_score=27.0, changed=522, unchanged=319, early_stops=8/8
26 - INFO - chord#: 84 In build_straw_man_chord_sa. tolerance = 1, sa_iterations = 1000, initial_temperature = 3.0, cooling_rate = 0.999
26 - INFO - chord#: 108 done. best_score=27.0, changed=520, unchanged=365, early_stops=8/8
26 - INFO - chord#: 112 In build_straw_man_chord_sa. tolerance = 1, sa_iterations = 1000, initial_temperature = 3.0, cooling_rate = 0.999
26 - INFO - chord#: 102 done. best_score=27.0, changed=525, unchanged=345, early_stops=8/8
26 - INFO - chord#: 104 In build_straw_man_chord_sa. tolerance = 1, sa_iterations = 1000, initial_temperature = 3.0, cooling_rate = 0.999
26 - INFO - chord#: 82 done. best_score=27.0, changed=537, unchanged=380, early_stops=8/8
26 - INFO - chord#: 84 In build_straw_man_chord_sa. tolerance = 1, sa_iterations = 1000, initial_temperature = 3.0, cooling_rate = 0.999
26 - INFO - chord#: 80 done. best_score=130.0, changed=609, unchanged=309, early_stops=8/8
26 - INFO - chord#: 82 In build_straw_man_chord_sa. tolerance = 1, sa_iterations = 1000, initial_temperature = 3.0, cooling_rate = 0.999
26 - INFO - chord#: 82 done. best_score=27.0, changed=533, unchanged=407, early_stops=8/8
26 - INFO - chord#: 84 In build_straw_man_chord_sa. tolerance = 1, sa_iterations = 1000, initial_temperature = 3.0, cooling_rate = 0.999
26 - INFO - chord#: 112 done. best_score=27.0, changed=519, unchanged=359, early_stops=8/8
26 - INFO - chord#: 116 In build_straw_man_chord_sa. tolerance = 1, sa_iterations = 1000, initial_temperature = 3.0, cooling_rate = 0.999
26 - INFO - chord#: 108 done. best_score=27.0, changed=522, unchanged=463, early_stops=8/8
26 - INFO - chord#: 112 In build_straw_man_chord_sa. tolerance = 1, sa_iterations = 1000, initial_temperature = 3.0, cooling_rate = 0.999
26 - INFO - chord#: 102 done. best_score=27.0, changed=533, unchanged=417, early_stops=8/8
26 - INFO - chord#: 104 In build_straw_man_chord_sa. tolerance = 1, sa_iterations = 1000, initial_temperature = 3.0, cooling_rate = 0.999
26 - INFO - chord#: 112 done. best_score=27.0, changed=519, unchanged=403, early_stops=8/8
26 - INFO - chord#: 116 In build_straw_man_chord_sa. tolerance = 1, sa_iterations = 1000, initial_temperature = 3.0, cooling_rate = 0.999
26 - INFO - chord#: 108 done. best_score=27.0, changed=524, unchanged=421, early_stops=8/8
26 - INFO - chord#: 112 In build_straw_man_chord_sa. tolerance = 1, sa_iterations = 1000, initial_temperature = 3.0, cooling_rate = 0.999
26 - INFO - chord#: 104 done. best_score=27.0, changed=528, unchanged=398, early_stops=8/8
26 - INFO - chord#: 106 In build_straw_man_chord_sa. tolerance = 1, sa_iterations = 1000, initial_temperature = 3.0, cooling_rate = 0.999
26 - INFO - chord#: 84 done. best_score=67.0, changed=608, unchanged=298, early_stops=8/8
26 - INFO - chord#: 88 In build_straw_man_chord_sa. tolerance = 1, sa_iterations = 1000, initial_temperature = 3.0, cooling_rate = 0.999
26 - INFO - chord#: 82 done. best_score=72.0, changed=525, unchanged=304, early_stops=8/8
26 - INFO - chord#: 84 In build_straw_man_chord_sa. tolerance = 1, sa_iterations = 1000, initial_temperature = 3.0, cooling_rate = 0.999
26 - INFO - chord#: 112 done. best_score=27.0, changed=517, unchanged=328, early_stops=8/8
26 - INFO - chord#: 84 done. best_score=67.0, changed=615, unchanged=471, early_stops=8/8
26 - INFO - chord#: 116 In build_straw_man_chord_sa. tolerance = 1, sa_iterations = 1000, initial_temperature = 3.0, cooling_rate = 0.999
26 - INFO - chord#: 88 In build_straw_man_chord_sa. tolerance = 1, sa_iterations = 1000, initial_temperature = 3.0, cooling_rate = 0.999
26 - INFO - chord#: 104 done. best_score=27.0, changed=519, unchanged=398, early_stops=8/8
26 - INFO - chord#: 106 In build_straw_man_chord_sa. tolerance = 1, sa_iterations = 1000, initial_temperature = 3.0, cooling_rate = 0.999
26 - INFO - chord#: 112 done. best_score=27.0, changed=529, unchanged=424, early_stops=8/8
26 - INFO - chord#: 116 In build_straw_man_chord_sa. tolerance = 1, sa_iterations = 1000, initial_temperature = 3.0, cooling_rate = 0.999
26 - INFO - chord#: 106 done. best_score=36.0, changed=524, unchanged=489, early_stops=8/8
26 - INFO - chord#: 108 In build_straw_man_chord_sa. tolerance = 1, sa_iterations = 1000, initial_temperature = 3.0, cooling_rate = 0.999
26 - INFO - chord#: 88 done. best_score=27.0, changed=525, unchanged=441, early_stops=8/8
26 - INFO - chord#: 90 In build_straw_man_chord_sa. tolerance = 1, sa_iterations = 1000, initial_temperature = 3.0, cooling_rate = 0.999
26 - INFO - chord#: 84 done. best_score=67.0, changed=613, unchanged=367, early_stops=8/8
26 - INFO - chord#: 88 In build_straw_man_chord_sa. tolerance = 1, sa_iterations = 1000, initial_temperature = 3.0, cooling_rate = 0.999
26 - INFO - chord#: 84 done. best_score=67.0, changed=609, unchanged=315, early_stops=8/8
26 - INFO - chord#: 88 In build_straw_man_chord_sa. tolerance = 1, sa_iterations = 1000, initial_temperature = 3.0, cooling_rate = 0.999
26 - INFO - chord#: 106 done. best_score=36.0, changed=513, unchanged=403, early_stops=8/8
26 - INFO - chord#: 108 In build_straw_man_chord_sa. tolerance = 1, sa_iterations = 1000, initial_temperature = 3.0, cooling_rate = 0.999
26 - INFO - chord#: 84 done. best_score=67.0, changed=613, unchanged=390, early_stops=8/8
26 - INFO - chord#: 88 In build_straw_man_chord_sa. tolerance = 1, sa_iterations = 1000, initial_temperature = 3.0, cooling_rate = 0.999
26 - INFO - chord#: 88 done. best_score=27.0, changed=513, unchanged=448, early_stops=8/8
26 - INFO - chord#: 90 In build_straw_man_chord_sa. tolerance = 1, sa_iterations = 1000, initial_temperature = 3.0, cooling_rate = 0.999
26 - INFO - chord#: 108 done. best_score=27.0, changed=512, unchanged=358, early_stops=8/8
26 - INFO - chord#: 112 In build_straw_man_chord_sa. tolerance = 1, sa_iterations = 1000, initial_temperature = 3.0, cooling_rate = 0.999
26 - INFO - chord#: 116 done. best_score=104.0, changed=607, unchanged=261, early_stops=8/8
26 - INFO - chord#: 118 In build_straw_man_chord_sa. tolerance = 1, sa_iterations = 1000, initial_temperature = 3.0, cooling_rate = 0.999
26 - INFO - chord#: 88 done. best_score=27.0, changed=516, unchanged=370, early_stops=8/8
26 - INFO - chord#: 90 In build_straw_man_chord_sa. tolerance = 1, sa_iterations = 1000, initial_temperature = 3.0, cooling_rate = 0.999
26 - INFO - chord#: 108 done. best_score=27.0, changed=517, unchanged=368, early_stops=8/8
26 - INFO - chord#: 112 In build_straw_man_chord_sa. tolerance = 1, sa_iterations = 1000, initial_temperature = 3.0, cooling_rate = 0.999
26 - INFO - chord#: 116 done. best_score=64.0, changed=612, unchanged=283, early_stops=8/8
26 - INFO - chord#: 118 In build_straw_man_chord_sa. tolerance = 1, sa_iterations = 1000, initial_temperature = 3.0, cooling_rate = 0.999
26 - INFO - chord#: 84 done. best_score=119.0, changed=613, unchanged=353, early_stops=8/8
26 - INFO - chord#: 88 done. best_score=27.0, changed=523, unchanged=485, early_stops=8/8
26 - INFO - chord#: 88 In build_straw_man_chord_sa. tolerance = 1, sa_iterations = 1000, initial_temperature = 3.0, cooling_rate = 0.999
26 - INFO - chord#: 90 In build_straw_man_chord_sa. tolerance = 1, sa_iterations = 1000, initial_temperature = 3.0, cooling_rate = 0.999
26 - INFO - chord#: 116 done. best_score=64.0, changed=613, unchanged=283, early_stops=8/8
26 - INFO - chord#: 118 In build_straw_man_chord_sa. tolerance = 1, sa_iterations = 1000, initial_temperature = 3.0, cooling_rate = 0.999
26 - INFO - chord#: 88 done. best_score=27.0, changed=517, unchanged=439, early_stops=8/8
26 - INFO - chord#: 90 In build_straw_man_chord_sa. tolerance = 1, sa_iterations = 1000, initial_temperature = 3.0, cooling_rate = 0.999
26 - INFO - chord#: 112 done. best_score=27.0, changed=528, unchanged=438, early_stops=8/8
26 - INFO - chord#: 116 In build_straw_man_chord_sa. tolerance = 1, sa_iterations = 1000, initial_temperature = 3.0, cooling_rate = 0.999
26 - INFO - chord#: 116 done. best_score=146.0, changed=607, unchanged=311, early_stops=8/8
26 - INFO - chord#: 118 In build_straw_man_chord_sa. tolerance = 1, sa_iterations = 1000, initial_temperature = 3.0, cooling_rate = 0.999
26 - INFO - chord#: 118 done. best_score=61.0, changed=542, unchanged=320, early_stops=8/8
26 - INFO - chord#: 120 In build_straw_man_chord_sa. tolerance = 1, sa_iterations = 1000, initial_temperature = 3.0, cooling_rate = 0.999
26 - INFO - chord#: 118 done. best_score=27.0, changed=513, unchanged=299, early_stops=8/8
26 - INFO - chord#: 120 In build_straw_man_chord_sa. tolerance = 1, sa_iterations = 1000, initial_temperature = 3.0, cooling_rate = 0.999
26 - INFO - chord#: 112 done. best_score=27.0, changed=515, unchanged=347, early_stops=8/8
26 - INFO - chord#: 116 In build_straw_man_chord_sa. tolerance = 1, sa_iterations = 1000, initial_temperature = 3.0, cooling_rate = 0.999
26 - INFO - chord#: 90 done. best_score=67.0, changed=615, unchanged=340, early_stops=8/8
26 - INFO - chord#: 92 In build_straw_man_chord_sa. tolerance = 1, sa_iterations = 1000, initial_temperature = 3.0, cooling_rate = 0.999
26 - INFO - chord#: 88 done. best_score=27.0, changed=526, unchanged=374, early_stops=8/8
26 - INFO - chord#: 90 In build_straw_man_chord_sa. tolerance = 1, sa_iterations = 1000, initial_temperature = 3.0, cooling_rate = 0.999
26 - INFO - chord#: 118 done. best_score=27.0, changed=530, unchanged=400, early_stops=8/8
26 - INFO - chord#: 120 In build_straw_man_chord_sa. tolerance = 1, sa_iterations = 1000, initial_temperature = 3.0, cooling_rate = 0.999
26 - INFO - chord#: 118 done. best_score=27.0, changed=533, unchanged=416, early_stops=8/8
26 - INFO - chord#: 120 In build_straw_man_chord_sa. tolerance = 1, sa_iterations = 1000, initial_temperature = 3.0, cooling_rate = 0.999
26 - INFO - chord#: 90 done. best_score=67.0, changed=612, unchanged=247, early_stops=8/8
26 - INFO - chord#: 92 In build_straw_man_chord_sa. tolerance = 1, sa_iterations = 1000, initial_temperature = 3.0, cooling_rate = 0.999
26 - INFO - chord#: 120 done. best_score=27.0, changed=523, unchanged=346, early_stops=8/8
26 - INFO - chord#: 124 In build_straw_man_chord_sa. tolerance = 1, sa_iterations = 1000, initial_temperature = 3.0, cooling_rate = 0.999
26 - INFO - chord#: 90 done. best_score=137.0, changed=613, unchanged=387, early_stops=8/8
26 - INFO - chord#: 92 In build_straw_man_chord_sa. tolerance = 1, sa_iterations = 1000, initial_temperature = 3.0, cooling_rate = 0.999
26 - INFO - chord#: 120 done. best_score=27.0, changed=517, unchanged=496, early_stops=8/8
26 - INFO - chord#: 124 In build_straw_man_chord_sa. tolerance = 1, sa_iterations = 1000, initial_temperature = 3.0, cooling_rate = 0.999
26 - INFO - chord#: 116 done. best_score=64.0, changed=614, unchanged=354, early_stops=8/8
26 - INFO - chord#: 118 In build_straw_man_chord_sa. tolerance = 1, sa_iterations = 1000, initial_temperature = 3.0, cooling_rate = 0.999
26 - INFO - chord#: 92 done. best_score=27.0, changed=518, unchanged=405, early_stops=8/8
26 - INFO - chord#: 96 In build_straw_man_chord_sa. tolerance = 1, sa_iterations = 1000, initial_temperature = 3.0, cooling_rate = 0.999
26 - INFO - chord#: 92 done. best_score=27.0, changed=531, unchanged=410, early_stops=8/8
26 - INFO - chord#: 96 In build_straw_man_chord_sa. tolerance = 1, sa_iterations = 1000, initial_temperature = 3.0, cooling_rate = 0.999
26 - INFO - chord#: 120 done. best_score=27.0, changed=521, unchanged=529, early_stops=8/8
26 - INFO - chord#: 124 In build_straw_man_chord_sa. tolerance = 1, sa_iterations = 1000, initial_temperature = 3.0, cooling_rate = 0.999
26 - INFO - chord#: 120 done. best_score=27.0, changed=525, unchanged=356, early_stops=8/8
26 - INFO - chord#: 124 In build_straw_man_chord_sa. tolerance = 1, sa_iterations = 1000, initial_temperature = 3.0, cooling_rate = 0.999
26 - INFO - chord#: 90 done. best_score=67.0, changed=615, unchanged=474, early_stops=8/8
26 - INFO - chord#: 92 In build_straw_man_chord_sa. tolerance = 1, sa_iterations = 1000, initial_temperature = 3.0, cooling_rate = 0.999
26 - INFO - chord#: 90 done. best_score=67.0, changed=608, unchanged=270, early_stops=8/8
26 - INFO - chord#: 92 In build_straw_man_chord_sa. tolerance = 1, sa_iterations = 1000, initial_temperature = 3.0, cooling_rate = 0.999
26 - INFO - chord#: 124 done. best_score=27.0, changed=514, unchanged=449, early_stops=8/8
26 - INFO - chord#: 130 In build_straw_man_chord_sa. tolerance = 1, sa_iterations = 1000, initial_temperature = 3.0, cooling_rate = 0.999
26 - INFO - chord#: 92 done. best_score=27.0, changed=522, unchanged=334, early_stops=8/8
26 - INFO - chord#: 96 In build_straw_man_chord_sa. tolerance = 1, sa_iterations = 1000, initial_temperature = 3.0, cooling_rate = 0.999
26 - INFO - chord#: 116 done. best_score=64.0, changed=610, unchanged=327, early_stops=8/8
26 - INFO - chord#: 118 In build_straw_man_chord_sa. tolerance = 1, sa_iterations = 1000, initial_temperature = 3.0, cooling_rate = 0.999
26 - INFO - chord#: 118 done. best_score=27.0, changed=521, unchanged=317, early_stops=8/8
26 - INFO - chord#: 120 In build_straw_man_chord_sa. tolerance = 1, sa_iterations = 1000, initial_temperature = 3.0, cooling_rate = 0.999
26 - INFO - chord#: 124 done. best_score=27.0, changed=521, unchanged=311, early_stops=8/8
26 - INFO - chord#: 130 In build_straw_man_chord_sa. tolerance = 1, sa_iterations = 1000, initial_temperature = 3.0, cooling_rate = 0.999
26 - INFO - chord#: 124 done. best_score=27.0, changed=519, unchanged=407, early_stops=8/8
26 - INFO - chord#: 130 In build_straw_man_chord_sa. tolerance = 1, sa_iterations = 1000, initial_temperature = 3.0, cooling_rate = 0.999
26 - INFO - chord#: 92 done. best_score=27.0, changed=527, unchanged=394, early_stops=8/8
26 - INFO - chord#: 96 In build_straw_man_chord_sa. tolerance = 1, sa_iterations = 1000, initial_temperature = 3.0, cooling_rate = 0.999
26 - INFO - chord#: 96 done. best_score=27.0, changed=515, unchanged=328, early_stops=8/8
26 - INFO - chord#: 100 In build_straw_man_chord_sa. tolerance = 1, sa_iterations = 1000, initial_temperature = 3.0, cooling_rate = 0.999
26 - INFO - chord#: 92 done. best_score=27.0, changed=524, unchanged=404, early_stops=8/8
26 - INFO - chord#: 96 In build_straw_man_chord_sa. tolerance = 1, sa_iterations = 1000, initial_temperature = 3.0, cooling_rate = 0.999
26 - INFO - chord#: 124 done. best_score=27.0, changed=519, unchanged=338, early_stops=8/8
26 - INFO - chord#: 130 In build_straw_man_chord_sa. tolerance = 1, sa_iterations = 1000, initial_temperature = 3.0, cooling_rate = 0.999
26 - INFO - chord#: 96 done. best_score=27.0, changed=527, unchanged=496, early_stops=8/8
26 - INFO - chord#: 100 In build_straw_man_chord_sa. tolerance = 1, sa_iterations = 1000, initial_temperature = 3.0, cooling_rate = 0.999
26 - INFO - chord#: 96 done. best_score=27.0, changed=525, unchanged=491, early_stops=8/8
26 - INFO - chord#: 100 In build_straw_man_chord_sa. tolerance = 1, sa_iterations = 1000, initial_temperature = 3.0, cooling_rate = 0.999
26 - INFO - chord#: 118 done. best_score=27.0, changed=522, unchanged=333, early_stops=8/8
26 - INFO - chord#: 120 In build_straw_man_chord_sa. tolerance = 1, sa_iterations = 1000, initial_temperature = 3.0, cooling_rate = 0.999
26 - INFO - chord#: 90 done. best_score=67.0, changed=613, unchanged=385, early_stops=8/8
26 - INFO - chord#: 92 In build_straw_man_chord_sa. tolerance = 1, sa_iterations = 1000, initial_temperature = 3.0, cooling_rate = 0.999
26 - INFO - chord#: 120 done. best_score=27.0, changed=528, unchanged=405, early_stops=8/8
26 - INFO - chord#: 124 In build_straw_man_chord_sa. tolerance = 1, sa_iterations = 1000, initial_temperature = 3.0, cooling_rate = 0.999
26 - INFO - chord#: 96 done. best_score=27.0, changed=521, unchanged=407, early_stops=8/8
26 - INFO - chord#: 100 In build_straw_man_chord_sa. tolerance = 1, sa_iterations = 1000, initial_temperature = 3.0, cooling_rate = 0.999
26 - INFO - chord#: 130 done. best_score=67.0, changed=609, unchanged=337, early_stops=8/8
26 - INFO - chord#: 132 In build_straw_man_chord_sa. tolerance = 1, sa_iterations = 1000, initial_temperature = 3.0, cooling_rate = 0.999
26 - INFO - chord#: 120 done. best_score=27.0, changed=512, unchanged=316, early_stops=8/8
26 - INFO - chord#: 124 In build_straw_man_chord_sa. tolerance = 1, sa_iterations = 1000, initial_temperature = 3.0, cooling_rate = 0.999
26 - INFO - chord#: 96 done. best_score=27.0, changed=529, unchanged=432, early_stops=8/8
26 - INFO - chord#: 100 In build_straw_man_chord_sa. tolerance = 1, sa_iterations = 1000, initial_temperature = 3.0, cooling_rate = 0.999
26 - INFO - chord#: 92 done. best_score=27.0, changed=520, unchanged=345, early_stops=8/8
26 - INFO - chord#: 96 In build_straw_man_chord_sa. tolerance = 1, sa_iterations = 1000, initial_temperature = 3.0, cooling_rate = 0.999
26 - INFO - chord#: 124 done. best_score=27.0, changed=515, unchanged=366, early_stops=8/8
26 - INFO - chord#: 130 In build_straw_man_chord_sa. tolerance = 1, sa_iterations = 1000, initial_temperature = 3.0, cooling_rate = 0.999
26 - INFO - chord#: 130 done. best_score=67.0, changed=609, unchanged=381, early_stops=8/8
26 - INFO - chord#: 132 In build_straw_man_chord_sa. tolerance = 1, sa_iterations = 1000, initial_temperature = 3.0, cooling_rate = 0.999
26 - INFO - chord#: 132 done. best_score=27.0, changed=525, unchanged=437, early_stops=8/8
26 - INFO - chord#: 134 In build_straw_man_chord_sa. tolerance = 1, sa_iterations = 1000, initial_temperature = 3.0, cooling_rate = 0.999
26 - INFO - chord#: 124 done. best_score=27.0, changed=510, unchanged=385, early_stops=8/8
26 - INFO - chord#: 130 In build_straw_man_chord_sa. tolerance = 1, sa_iterations = 1000, initial_temperature = 3.0, cooling_rate = 0.999
26 - INFO - chord#: 130 done. best_score=67.0, changed=614, unchanged=286, early_stops=8/8
26 - INFO - chord#: 132 In build_straw_man_chord_sa. tolerance = 1, sa_iterations = 1000, initial_temperature = 3.0, cooling_rate = 0.999
26 - INFO - chord#: 100 done. best_score=82.0, changed=610, unchanged=234, early_stops=8/8
26 - INFO - chord#: 102 In build_straw_man_chord_sa. tolerance = 1, sa_iterations = 1000, initial_temperature = 3.0, cooling_rate = 0.999
26 - INFO - chord#: 100 done. best_score=82.0, changed=612, unchanged=303, early_stops=8/8
26 - INFO - chord#: 102 In build_straw_man_chord_sa. tolerance = 1, sa_iterations = 1000, initial_temperature = 3.0, cooling_rate = 0.999
26 - INFO - chord#: 134 done. best_score=27.0, changed=538, unchanged=376, early_stops=8/8
26 - INFO - chord#: 136 In build_straw_man_chord_sa. tolerance = 1, sa_iterations = 1000, initial_temperature = 3.0, cooling_rate = 0.999
26 - INFO - chord#: 96 done. best_score=27.0, changed=527, unchanged=538, early_stops=8/8
26 - INFO - chord#: 100 In build_straw_man_chord_sa. tolerance = 1, sa_iterations = 1000, initial_temperature = 3.0, cooling_rate = 0.999
26 - INFO - chord#: 130 done. best_score=67.0, changed=615, unchanged=355, early_stops=8/8
26 - INFO - chord#: 132 In build_straw_man_chord_sa. tolerance = 1, sa_iterations = 1000, initial_temperature = 3.0, cooling_rate = 0.999
26 - INFO - chord#: 132 done. best_score=27.0, changed=530, unchanged=553, early_stops=8/8
26 - INFO - chord#: 134 In build_straw_man_chord_sa. tolerance = 1, sa_iterations = 1000, initial_temperature = 3.0, cooling_rate = 0.999
26 - INFO - chord#: 100 done. best_score=146.0, changed=613, unchanged=351, early_stops=8/8
26 - INFO - chord#: 102 In build_straw_man_chord_sa. tolerance = 1, sa_iterations = 1000, initial_temperature = 3.0, cooling_rate = 0.999
26 - INFO - chord#: 100 done. best_score=82.0, changed=615, unchanged=410, early_stops=8/8
26 - INFO - chord#: 102 In build_straw_man_chord_sa. tolerance = 1, sa_iterations = 1000, initial_temperature = 3.0, cooling_rate = 0.999
26 - INFO - chord#: 132 done. best_score=27.0, changed=526, unchanged=377, early_stops=8/8
26 - INFO - chord#: 134 In build_straw_man_chord_sa. tolerance = 1, sa_iterations = 1000, initial_temperature = 3.0, cooling_rate = 0.999
26 - INFO - chord#: 102 done. best_score=27.0, changed=527, unchanged=348, early_stops=8/8
26 - INFO - chord#: 104 In build_straw_man_chord_sa. tolerance = 1, sa_iterations = 1000, initial_temperature = 3.0, cooling_rate = 0.999
26 - INFO - chord#: 102 done. best_score=27.0, changed=524, unchanged=336, early_stops=8/8
26 - INFO - chord#: 104 In build_straw_man_chord_sa. tolerance = 1, sa_iterations = 1000, initial_temperature = 3.0, cooling_rate = 0.999
26 - INFO - chord#: 134 done. best_score=27.0, changed=517, unchanged=321, early_stops=8/8
26 - INFO - chord#: 136 In build_straw_man_chord_sa. tolerance = 1, sa_iterations = 1000, initial_temperature = 3.0, cooling_rate = 0.999
26 - INFO - chord#: 130 done. best_score=67.0, changed=609, unchanged=366, early_stops=8/8
26 - INFO - chord#: 132 In build_straw_man_chord_sa. tolerance = 1, sa_iterations = 1000, initial_temperature = 3.0, cooling_rate = 0.999
26 - INFO - chord#: 136 done. best_score=27.0, changed=529, unchanged=439, early_stops=8/8
26 - INFO - chord#: 138 In build_straw_man_chord_sa. tolerance = 1, sa_iterations = 1000, initial_temperature = 3.0, cooling_rate = 0.999
26 - INFO - chord#: 102 done. best_score=27.0, changed=527, unchanged=338, early_stops=8/8
26 - INFO - chord#: 104 In build_straw_man_chord_sa. tolerance = 1, sa_iterations = 1000, initial_temperature = 3.0, cooling_rate = 0.999
26 - INFO - chord#: 132 done. best_score=27.0, changed=527, unchanged=424, early_stops=8/8
26 - INFO - chord#: 134 In build_straw_man_chord_sa. tolerance = 1, sa_iterations = 1000, initial_temperature = 3.0, cooling_rate = 0.999
26 - INFO - chord#: 130 done. best_score=67.0, changed=609, unchanged=279, early_stops=8/8
26 - INFO - chord#: 132 In build_straw_man_chord_sa. tolerance = 1, sa_iterations = 1000, initial_temperature = 3.0, cooling_rate = 0.999
26 - INFO - chord#: 104 done. best_score=27.0, changed=526, unchanged=371, early_stops=8/8
26 - INFO - chord#: 106 In build_straw_man_chord_sa. tolerance = 1, sa_iterations = 1000, initial_temperature = 3.0, cooling_rate = 0.999
26 - INFO - chord#: 100 done. best_score=82.0, changed=612, unchanged=371, early_stops=8/8
26 - INFO - chord#: 102 In build_straw_man_chord_sa. tolerance = 1, sa_iterations = 1000, initial_temperature = 3.0, cooling_rate = 0.999
26 - INFO - chord#: 134 done. best_score=27.0, changed=514, unchanged=295, early_stops=8/8
26 - INFO - chord#: 136 In build_straw_man_chord_sa. tolerance = 1, sa_iterations = 1000, initial_temperature = 3.0, cooling_rate = 0.999
26 - INFO - chord#: 102 done. best_score=27.0, changed=527, unchanged=412, early_stops=8/8
26 - INFO - chord#: 104 In build_straw_man_chord_sa. tolerance = 1, sa_iterations = 1000, initial_temperature = 3.0, cooling_rate = 0.999
26 - INFO - chord#: 104 done. best_score=27.0, changed=523, unchanged=430, early_stops=8/8
26 - INFO - chord#: 106 In build_straw_man_chord_sa. tolerance = 1, sa_iterations = 1000, initial_temperature = 3.0, cooling_rate = 0.999
26 - INFO - chord#: 132 done. best_score=27.0, changed=527, unchanged=366, early_stops=8/8
26 - INFO - chord#: 134 In build_straw_man_chord_sa. tolerance = 1, sa_iterations = 1000, initial_temperature = 3.0, cooling_rate = 0.999
26 - INFO - chord#: 104 done. best_score=27.0, changed=525, unchanged=397, early_stops=8/8
26 - INFO - chord#: 106 In build_straw_man_chord_sa. tolerance = 1, sa_iterations = 1000, initial_temperature = 3.0, cooling_rate = 0.999
26 - INFO - chord#: 136 done. best_score=27.0, changed=525, unchanged=456, early_stops=8/8
26 - INFO - chord#: 138 In build_straw_man_chord_sa. tolerance = 1, sa_iterations = 1000, initial_temperature = 3.0, cooling_rate = 0.999
26 - INFO - chord#: 134 done. best_score=27.0, changed=529, unchanged=334, early_stops=8/8
26 - INFO - chord#: 136 In build_straw_man_chord_sa. tolerance = 1, sa_iterations = 1000, initial_temperature = 3.0, cooling_rate = 0.999
26 - INFO - chord#: 132 done. best_score=27.0, changed=525, unchanged=472, early_stops=8/8
26 - INFO - chord#: 134 In build_straw_man_chord_sa. tolerance = 1, sa_iterations = 1000, initial_temperature = 3.0, cooling_rate = 0.999
26 - INFO - chord#: 100 done. best_score=120.0, changed=606, unchanged=214, early_stops=8/8
26 - INFO - chord#: 102 In build_straw_man_chord_sa. tolerance = 1, sa_iterations = 1000, initial_temperature = 3.0, cooling_rate = 0.999
26 - INFO - chord#: 106 done. best_score=36.0, changed=528, unchanged=374, early_stops=8/8
26 - INFO - chord#: 108 In build_straw_man_chord_sa. tolerance = 1, sa_iterations = 1000, initial_temperature = 3.0, cooling_rate = 0.999
26 - INFO - chord#: 102 done. best_score=27.0, changed=518, unchanged=336, early_stops=8/8
26 - INFO - chord#: 104 In build_straw_man_chord_sa. tolerance = 1, sa_iterations = 1000, initial_temperature = 3.0, cooling_rate = 0.999
26 - INFO - chord#: 134 done. best_score=27.0, changed=527, unchanged=353, early_stops=8/8
26 - INFO - chord#: 136 In build_straw_man_chord_sa. tolerance = 1, sa_iterations = 1000, initial_temperature = 3.0, cooling_rate = 0.999
26 - INFO - chord#: 136 done. best_score=27.0, changed=516, unchanged=335, early_stops=8/8
26 - INFO - chord#: 138 In build_straw_man_chord_sa. tolerance = 1, sa_iterations = 1000, initial_temperature = 3.0, cooling_rate = 0.999
26 - INFO - chord#: 104 done. best_score=27.0, changed=531, unchanged=499, early_stops=8/8
26 - INFO - chord#: 106 In build_straw_man_chord_sa. tolerance = 1, sa_iterations = 1000, initial_temperature = 3.0, cooling_rate = 0.999
26 - INFO - chord#: 138 done. best_score=146.0, changed=608, unchanged=202, early_stops=8/8
26 - INFO - chord#: 140 In build_straw_man_chord_sa. tolerance = 1, sa_iterations = 1000, initial_temperature = 3.0, cooling_rate = 0.999
26 - INFO - chord#: 106 done. best_score=36.0, changed=521, unchanged=374, early_stops=8/8
26 - INFO - chord#: 108 In build_straw_man_chord_sa. tolerance = 1, sa_iterations = 1000, initial_temperature = 3.0, cooling_rate = 0.999
26 - INFO - chord#: 106 done. best_score=36.0, changed=514, unchanged=294, early_stops=8/8
26 - INFO - chord#: 108 In build_straw_man_chord_sa. tolerance = 1, sa_iterations = 1000, initial_temperature = 3.0, cooling_rate = 0.999
26 - INFO - chord#: 134 done. best_score=27.0, changed=548, unchanged=366, early_stops=8/8
26 - INFO - chord#: 136 In build_straw_man_chord_sa. tolerance = 1, sa_iterations = 1000, initial_temperature = 3.0, cooling_rate = 0.999
26 - INFO - chord#: 108 done. best_score=27.0, changed=513, unchanged=415, early_stops=8/8
26 - INFO - chord#: 112 In build_straw_man_chord_sa. tolerance = 1, sa_iterations = 1000, initial_temperature = 3.0, cooling_rate = 0.999
26 - INFO - chord#: 102 done. best_score=27.0, changed=531, unchanged=324, early_stops=8/8
26 - INFO - chord#: 104 In build_straw_man_chord_sa. tolerance = 1, sa_iterations = 1000, initial_temperature = 3.0, cooling_rate = 0.999
26 - INFO - chord#: 136 done. best_score=27.0, changed=525, unchanged=531, early_stops=8/8
26 - INFO - chord#: 138 In build_straw_man_chord_sa. tolerance = 1, sa_iterations = 1000, initial_temperature = 3.0, cooling_rate = 0.999
26 - INFO - chord#: 140 done. best_score=27.0, changed=518, unchanged=417, early_stops=8/8
26 - INFO - chord#: 142 In build_straw_man_chord_sa. tolerance = 1, sa_iterations = 1000, initial_temperature = 3.0, cooling_rate = 0.999
26 - INFO - chord#: 136 done. best_score=27.0, changed=522, unchanged=454, early_stops=8/8
26 - INFO - chord#: 138 In build_straw_man_chord_sa. tolerance = 1, sa_iterations = 1000, initial_temperature = 3.0, cooling_rate = 0.999
26 - INFO - chord#: 104 done. best_score=27.0, changed=532, unchanged=486, early_stops=8/8
26 - INFO - chord#: 106 In build_straw_man_chord_sa. tolerance = 1, sa_iterations = 1000, initial_temperature = 3.0, cooling_rate = 0.999
26 - INFO - chord#: 108 done. best_score=27.0, changed=520, unchanged=390, early_stops=8/8
26 - INFO - chord#: 112 In build_straw_man_chord_sa. tolerance = 1, sa_iterations = 1000, initial_temperature = 3.0, cooling_rate = 0.999
26 - INFO - chord#: 108 done. best_score=27.0, changed=528, unchanged=466, early_stops=8/8
26 - INFO - chord#: 112 In build_straw_man_chord_sa. tolerance = 1, sa_iterations = 1000, initial_temperature = 3.0, cooling_rate = 0.999
26 - INFO - chord#: 106 done. best_score=36.0, changed=524, unchanged=444, early_stops=8/8
26 - INFO - chord#: 108 In build_straw_man_chord_sa. tolerance = 1, sa_iterations = 1000, initial_temperature = 3.0, cooling_rate = 0.999
26 - INFO - chord#: 138 done. best_score=64.0, changed=610, unchanged=321, early_stops=8/8
26 - INFO - chord#: 140 In build_straw_man_chord_sa. tolerance = 1, sa_iterations = 1000, initial_temperature = 3.0, cooling_rate = 0.999
26 - INFO - chord#: 112 done. best_score=27.0, changed=526, unchanged=353, early_stops=8/8
26 - INFO - chord#: 116 In build_straw_man_chord_sa. tolerance = 1, sa_iterations = 1000, initial_temperature = 3.0, cooling_rate = 0.999
26 - INFO - chord#: 136 done. best_score=27.0, changed=521, unchanged=409, early_stops=8/8
26 - INFO - chord#: 138 In build_straw_man_chord_sa. tolerance = 1, sa_iterations = 1000, initial_temperature = 3.0, cooling_rate = 0.999
26 - INFO - chord#: 104 done. best_score=27.0, changed=542, unchanged=522, early_stops=8/8
26 - INFO - chord#: 106 In build_straw_man_chord_sa. tolerance = 1, sa_iterations = 1000, initial_temperature = 3.0, cooling_rate = 0.999
26 - INFO - chord#: 112 done. best_score=27.0, changed=527, unchanged=434, early_stops=8/8
26 - INFO - chord#: 116 In build_straw_man_chord_sa. tolerance = 1, sa_iterations = 1000, initial_temperature = 3.0, cooling_rate = 0.999
26 - INFO - chord#: 140 done. best_score=27.0, changed=519, unchanged=405, early_stops=8/8
26 - INFO - chord#: 142 In build_straw_man_chord_sa. tolerance = 1, sa_iterations = 1000, initial_temperature = 3.0, cooling_rate = 0.999
26 - INFO - chord#: 106 done. best_score=36.0, changed=518, unchanged=384, early_stops=8/8
26 - INFO - chord#: 108 In build_straw_man_chord_sa. tolerance = 1, sa_iterations = 1000, initial_temperature = 3.0, cooling_rate = 0.999
26 - INFO - chord#: 112 done. best_score=27.0, changed=533, unchanged=391, early_stops=8/8
26 - INFO - chord#: 116 In build_straw_man_chord_sa. tolerance = 1, sa_iterations = 1000, initial_temperature = 3.0, cooling_rate = 0.999
26 - INFO - chord#: 108 done. best_score=27.0, changed=516, unchanged=416, early_stops=8/8
26 - INFO - chord#: 112 In build_straw_man_chord_sa. tolerance = 1, sa_iterations = 1000, initial_temperature = 3.0, cooling_rate = 0.999
26 - INFO - chord#: 138 done. best_score=64.0, changed=614, unchanged=347, early_stops=8/8
26 - INFO - chord#: 140 In build_straw_man_chord_sa. tolerance = 1, sa_iterations = 1000, initial_temperature = 3.0, cooling_rate = 0.999
26 - INFO - chord#: 138 done. best_score=64.0, changed=610, unchanged=225, early_stops=8/8
26 - INFO - chord#: 140 In build_straw_man_chord_sa. tolerance = 1, sa_iterations = 1000, initial_temperature = 3.0, cooling_rate = 0.999
26 - INFO - chord#: 142 done. best_score=97.0, changed=613, unchanged=315, early_stops=8/8
26 - INFO - chord#: 144 In build_straw_man_chord_sa. tolerance = 1, sa_iterations = 1000, initial_temperature = 3.0, cooling_rate = 0.999
26 - INFO - chord#: 138 done. best_score=104.0, changed=612, unchanged=237, early_stops=8/8
26 - INFO - chord#: 140 In build_straw_man_chord_sa. tolerance = 1, sa_iterations = 1000, initial_temperature = 3.0, cooling_rate = 0.999
26 - INFO - chord#: 106 done. best_score=36.0, changed=520, unchanged=475, early_stops=8/8
26 - INFO - chord#: 108 In build_straw_man_chord_sa. tolerance = 1, sa_iterations = 1000, initial_temperature = 3.0, cooling_rate = 0.999
26 - INFO - chord#: 116 done. best_score=71.0, changed=607, unchanged=319, early_stops=8/8
26 - INFO - chord#: 118 In build_straw_man_chord_sa. tolerance = 1, sa_iterations = 1000, initial_temperature = 3.0, cooling_rate = 0.999
26 - INFO - chord#: 108 done. best_score=27.0, changed=521, unchanged=427, early_stops=8/8
26 - INFO - chord#: 112 In build_straw_man_chord_sa. tolerance = 1, sa_iterations = 1000, initial_temperature = 3.0, cooling_rate = 0.999
26 - INFO - chord#: 140 done. best_score=27.0, changed=516, unchanged=383, early_stops=8/8
26 - INFO - chord#: 142 In build_straw_man_chord_sa. tolerance = 1, sa_iterations = 1000, initial_temperature = 3.0, cooling_rate = 0.999
26 - INFO - chord#: 140 done. best_score=27.0, changed=526, unchanged=391, early_stops=8/8
26 - INFO - chord#: 142 In build_straw_man_chord_sa. tolerance = 1, sa_iterations = 1000, initial_temperature = 3.0, cooling_rate = 0.999
26 - INFO - chord#: 112 done. best_score=27.0, changed=527, unchanged=426, early_stops=8/8
26 - INFO - chord#: 116 In build_straw_man_chord_sa. tolerance = 1, sa_iterations = 1000, initial_temperature = 3.0, cooling_rate = 0.999
26 - INFO - chord#: 138 done. best_score=64.0, changed=615, unchanged=436, early_stops=8/8
26 - INFO - chord#: 140 In build_straw_man_chord_sa. tolerance = 1, sa_iterations = 1000, initial_temperature = 3.0, cooling_rate = 0.999
26 - INFO - chord#: 144 done. best_score=36.0, changed=529, unchanged=399, early_stops=8/8
26 - INFO - chord#: 146 In build_straw_man_chord_sa. tolerance = 1, sa_iterations = 1000, initial_temperature = 3.0, cooling_rate = 0.999
26 - INFO - chord#: 118 done. best_score=36.0, changed=531, unchanged=290, early_stops=8/8
26 - INFO - chord#: 120 In build_straw_man_chord_sa. tolerance = 1, sa_iterations = 1000, initial_temperature = 3.0, cooling_rate = 0.999
26 - INFO - chord#: 142 done. best_score=82.0, changed=617, unchanged=268, early_stops=8/8
26 - INFO - chord#: 144 In build_straw_man_chord_sa. tolerance = 1, sa_iterations = 1000, initial_temperature = 3.0, cooling_rate = 0.999
26 - INFO - chord#: 140 done. best_score=27.0, changed=521, unchanged=373, early_stops=8/8
26 - INFO - chord#: 142 In build_straw_man_chord_sa. tolerance = 1, sa_iterations = 1000, initial_temperature = 3.0, cooling_rate = 0.999
26 - INFO - chord#: 116 done. best_score=64.0, changed=609, unchanged=361, early_stops=8/8
26 - INFO - chord#: 118 In build_straw_man_chord_sa. tolerance = 1, sa_iterations = 1000, initial_temperature = 3.0, cooling_rate = 0.999
26 - INFO - chord#: 108 done. best_score=27.0, changed=528, unchanged=462, early_stops=8/8
26 - INFO - chord#: 112 In build_straw_man_chord_sa. tolerance = 1, sa_iterations = 1000, initial_temperature = 3.0, cooling_rate = 0.999
26 - INFO - chord#: 140 done. best_score=27.0, changed=522, unchanged=340, early_stops=8/8
26 - INFO - chord#: 142 In build_straw_man_chord_sa. tolerance = 1, sa_iterations = 1000, initial_temperature = 3.0, cooling_rate = 0.999
26 - INFO - chord#: 112 done. best_score=27.0, changed=525, unchanged=385, early_stops=8/8
26 - INFO - chord#: 116 In build_straw_man_chord_sa. tolerance = 1, sa_iterations = 1000, initial_temperature = 3.0, cooling_rate = 0.999
26 - INFO - chord#: 146 done. best_score=27.0, changed=530, unchanged=480, early_stops=8/8
26 - INFO - chord#: 147 In build_straw_man_chord_sa. tolerance = 1, sa_iterations = 1000, initial_temperature = 3.0, cooling_rate = 0.999
26 - INFO - chord#: 120 done. best_score=27.0, changed=522, unchanged=431, early_stops=8/8
26 - INFO - chord#: 124 In build_straw_man_chord_sa. tolerance = 1, sa_iterations = 1000, initial_temperature = 3.0, cooling_rate = 0.999
26 - INFO - chord#: 144 done. best_score=36.0, changed=519, unchanged=379, early_stops=8/8
26 - INFO - chord#: 146 In build_straw_man_chord_sa. tolerance = 1, sa_iterations = 1000, initial_temperature = 3.0, cooling_rate = 0.999
26 - INFO - chord#: 118 done. best_score=27.0, changed=525, unchanged=315, early_stops=8/8
26 - INFO - chord#: 120 In build_straw_man_chord_sa. tolerance = 1, sa_iterations = 1000, initial_temperature = 3.0, cooling_rate = 0.999
26 - INFO - chord#: 142 done. best_score=90.0, changed=610, unchanged=250, early_stops=8/8
26 - INFO - chord#: 144 In build_straw_man_chord_sa. tolerance = 1, sa_iterations = 1000, initial_temperature = 3.0, cooling_rate = 0.999
26 - INFO - chord#: 116 done. best_score=71.0, changed=613, unchanged=405, early_stops=8/8
26 - INFO - chord#: 118 In build_straw_man_chord_sa. tolerance = 1, sa_iterations = 1000, initial_temperature = 3.0, cooling_rate = 0.999
26 - INFO - chord#: 112 done. best_score=27.0, changed=523, unchanged=346, early_stops=8/8
26 - INFO - chord#: 116 In build_straw_man_chord_sa. tolerance = 1, sa_iterations = 1000, initial_temperature = 3.0, cooling_rate = 0.999
26 - INFO - chord#: 146 done. best_score=27.0, changed=517, unchanged=329, early_stops=8/8
26 - INFO - chord#: 147 In build_straw_man_chord_sa. tolerance = 1, sa_iterations = 1000, initial_temperature = 3.0, cooling_rate = 0.999
26 - INFO - chord#: 142 done. best_score=82.0, changed=615, unchanged=320, early_stops=8/8
26 - INFO - chord#: 144 In build_straw_man_chord_sa. tolerance = 1, sa_iterations = 1000, initial_temperature = 3.0, cooling_rate = 0.999
26 - INFO - chord#: 124 done. best_score=27.0, changed=525, unchanged=439, early_stops=8/8
26 - INFO - chord#: 130 In build_straw_man_chord_sa. tolerance = 1, sa_iterations = 1000, initial_temperature = 3.0, cooling_rate = 0.999
26 - INFO - chord#: 120 done. best_score=27.0, changed=524, unchanged=443, early_stops=8/8
26 - INFO - chord#: 124 In build_straw_man_chord_sa. tolerance = 1, sa_iterations = 1000, initial_temperature = 3.0, cooling_rate = 0.999
26 - INFO - chord#: 116 done. best_score=64.0, changed=611, unchanged=288, early_stops=8/8
26 - INFO - chord#: 118 In build_straw_man_chord_sa. tolerance = 1, sa_iterations = 1000, initial_temperature = 3.0, cooling_rate = 0.999
26 - INFO - chord#: 144 done. best_score=36.0, changed=517, unchanged=463, early_stops=8/8
26 - INFO - chord#: 146 In build_straw_man_chord_sa. tolerance = 1, sa_iterations = 1000, initial_temperature = 3.0, cooling_rate = 0.999
26 - INFO - chord#: 118 done. best_score=36.0, changed=525, unchanged=345, early_stops=8/8
26 - INFO - chord#: 120 In build_straw_man_chord_sa. tolerance = 1, sa_iterations = 1000, initial_temperature = 3.0, cooling_rate = 0.999
26 - INFO - chord#: 142 done. best_score=82.0, changed=611, unchanged=288, early_stops=8/8
26 - INFO - chord#: 144 In build_straw_man_chord_sa. tolerance = 1, sa_iterations = 1000, initial_temperature = 3.0, cooling_rate = 0.999
26 - INFO - chord#: 147 done. best_score=167.0, changed=607, unchanged=214, early_stops=8/8
26 - INFO - chord#: 148 In build_straw_man_chord_sa. tolerance = 1, sa_iterations = 1000, initial_temperature = 3.0, cooling_rate = 0.999
26 - INFO - chord#: 142 done. best_score=90.0, changed=613, unchanged=403, early_stops=8/8
26 - INFO - chord#: 144 In build_straw_man_chord_sa. tolerance = 1, sa_iterations = 1000, initial_temperature = 3.0, cooling_rate = 0.999
26 - INFO - chord#: 144 done. best_score=36.0, changed=520, unchanged=320, early_stops=8/8
26 - INFO - chord#: 146 In build_straw_man_chord_sa. tolerance = 1, sa_iterations = 1000, initial_temperature = 3.0, cooling_rate = 0.999
26 - INFO - chord#: 146 done. best_score=36.0, changed=516, unchanged=338, early_stops=8/8
26 - INFO - chord#: 147 In build_straw_man_chord_sa. tolerance = 1, sa_iterations = 1000, initial_temperature = 3.0, cooling_rate = 0.999
26 - INFO - chord#: 124 done. best_score=27.0, changed=521, unchanged=438, early_stops=8/8
26 - INFO - chord#: 130 In build_straw_man_chord_sa. tolerance = 1, sa_iterations = 1000, initial_temperature = 3.0, cooling_rate = 0.999
26 - INFO - chord#: 118 done. best_score=27.0, changed=519, unchanged=342, early_stops=8/8
26 - INFO - chord#: 120 In build_straw_man_chord_sa. tolerance = 1, sa_iterations = 1000, initial_temperature = 3.0, cooling_rate = 0.999
26 - INFO - chord#: 148 done. best_score=47.0, changed=525, unchanged=367, early_stops=8/8
26 - INFO - chord#: 150 In build_straw_man_chord_sa. tolerance = 1, sa_iterations = 1000, initial_temperature = 3.0, cooling_rate = 0.999
26 - INFO - chord#: 144 done. best_score=36.0, changed=523, unchanged=427, early_stops=8/8
26 - INFO - chord#: 146 In build_straw_man_chord_sa. tolerance = 1, sa_iterations = 1000, initial_temperature = 3.0, cooling_rate = 0.999
26 - INFO - chord#: 116 done. best_score=64.0, changed=610, unchanged=289, early_stops=8/8
26 - INFO - chord#: 118 In build_straw_man_chord_sa. tolerance = 1, sa_iterations = 1000, initial_temperature = 3.0, cooling_rate = 0.999
26 - INFO - chord#: 116 done. best_score=64.0, changed=608, unchanged=421, early_stops=8/8
26 - INFO - chord#: 118 In build_straw_man_chord_sa. tolerance = 1, sa_iterations = 1000, initial_temperature = 3.0, cooling_rate = 0.999
26 - INFO - chord#: 144 done. best_score=36.0, changed=530, unchanged=419, early_stops=8/8
26 - INFO - chord#: 146 In build_straw_man_chord_sa. tolerance = 1, sa_iterations = 1000, initial_temperature = 3.0, cooling_rate = 0.999
26 - INFO - chord#: 120 done. best_score=27.0, changed=515, unchanged=391, early_stops=8/8
26 - INFO - chord#: 124 In build_straw_man_chord_sa. tolerance = 1, sa_iterations = 1000, initial_temperature = 3.0, cooling_rate = 0.999
26 - INFO - chord#: 146 done. best_score=36.0, changed=520, unchanged=377, early_stops=8/8
26 - INFO - chord#: 147 In build_straw_man_chord_sa. tolerance = 1, sa_iterations = 1000, initial_temperature = 3.0, cooling_rate = 0.999
26 - INFO - chord#: 147 done. best_score=67.0, changed=620, unchanged=403, early_stops=8/8
26 - INFO - chord#: 148 In build_straw_man_chord_sa. tolerance = 1, sa_iterations = 1000, initial_temperature = 3.0, cooling_rate = 0.999
26 - INFO - chord#: 130 done. best_score=145.0, changed=608, unchanged=318, early_stops=8/8
26 - INFO - chord#: 132 In build_straw_man_chord_sa. tolerance = 1, sa_iterations = 1000, initial_temperature = 3.0, cooling_rate = 0.999
26 - INFO - chord#: 150 done. best_score=31.0, changed=526, unchanged=350, early_stops=8/8
26 - INFO - chord#: 151 In build_straw_man_chord_sa. tolerance = 1, sa_iterations = 1000, initial_temperature = 3.0, cooling_rate = 0.999
26 - INFO - chord#: 146 done. best_score=36.0, changed=523, unchanged=403, early_stops=8/8
26 - INFO - chord#: 147 In build_straw_man_chord_sa. tolerance = 1, sa_iterations = 1000, initial_temperature = 3.0, cooling_rate = 0.999
26 - INFO - chord#: 151 done. best_score=7.0, changed=493, unchanged=316, early_stops=8/8
26 - INFO - chord#: 152 In build_straw_man_chord_sa. tolerance = 1, sa_iterations = 1000, initial_temperature = 3.0, cooling_rate = 0.999
26 - INFO - chord#: 120 done. best_score=27.0, changed=524, unchanged=435, early_stops=8/8
26 - INFO - chord#: 124 In build_straw_man_chord_sa. tolerance = 1, sa_iterations = 1000, initial_temperature = 3.0, cooling_rate = 0.999
26 - INFO - chord#: 147 done. best_score=119.0, changed=608, unchanged=233, early_stops=8/8
26 - INFO - chord#: 148 In build_straw_man_chord_sa. tolerance = 1, sa_iterations = 1000, initial_temperature = 3.0, cooling_rate = 0.999
26 - INFO - chord#: 146 done. best_score=36.0, changed=522, unchanged=412, early_stops=8/8
26 - INFO - chord#: 147 In build_straw_man_chord_sa. tolerance = 1, sa_iterations = 1000, initial_temperature = 3.0, cooling_rate = 0.999
26 - INFO - chord#: 118 done. best_score=27.0, changed=526, unchanged=408, early_stops=8/8
26 - INFO - chord#: 120 In build_straw_man_chord_sa. tolerance = 1, sa_iterations = 1000, initial_temperature = 3.0, cooling_rate = 0.999
26 - INFO - chord#: 118 done. best_score=27.0, changed=537, unchanged=419, early_stops=8/8
26 - INFO - chord#: 120 In build_straw_man_chord_sa. tolerance = 1, sa_iterations = 1000, initial_temperature = 3.0, cooling_rate = 0.999
26 - INFO - chord#: 132 done. best_score=27.0, changed=528, unchanged=416, early_stops=8/8
26 - INFO - chord#: 134 In build_straw_man_chord_sa. tolerance = 1, sa_iterations = 1000, initial_temperature = 3.0, cooling_rate = 0.999
26 - INFO - chord#: 148 done. best_score=47.0, changed=522, unchanged=441, early_stops=8/8
26 - INFO - chord#: 150 In build_straw_man_chord_sa. tolerance = 1, sa_iterations = 1000, initial_temperature = 3.0, cooling_rate = 0.999
26 - INFO - chord#: 124 done. best_score=27.0, changed=515, unchanged=394, early_stops=8/8
26 - INFO - chord#: 130 In build_straw_man_chord_sa. tolerance = 1, sa_iterations = 1000, initial_temperature = 3.0, cooling_rate = 0.999
26 - INFO - chord#: 148 done. best_score=84.0, changed=521, unchanged=344, early_stops=8/8
26 - INFO - chord#: 150 In build_straw_man_chord_sa. tolerance = 1, sa_iterations = 1000, initial_temperature = 3.0, cooling_rate = 0.999
26 - INFO - chord#: 152 done. best_score=27.0, changed=518, unchanged=442, early_stops=8/8
26 - INFO - chord#: 154 In build_straw_man_chord_sa. tolerance = 1, sa_iterations = 1000, initial_temperature = 3.0, cooling_rate = 0.999
26 - INFO - chord#: 124 done. best_score=27.0, changed=516, unchanged=357, early_stops=8/8
26 - INFO - chord#: 130 In build_straw_man_chord_sa. tolerance = 1, sa_iterations = 1000, initial_temperature = 3.0, cooling_rate = 0.999
26 - INFO - chord#: 130 done. best_score=137.0, changed=612, unchanged=488, early_stops=8/8
26 - INFO - chord#: 132 In build_straw_man_chord_sa. tolerance = 1, sa_iterations = 1000, initial_temperature = 3.0, cooling_rate = 0.999
26 - INFO - chord#: 134 done. best_score=27.0, changed=525, unchanged=386, early_stops=8/8
26 - INFO - chord#: 136 In build_straw_man_chord_sa. tolerance = 1, sa_iterations = 1000, initial_temperature = 3.0, cooling_rate = 0.999
26 - INFO - chord#: 150 done. best_score=31.0, changed=520, unchanged=405, early_stops=8/8
26 - INFO - chord#: 120 done. best_score=27.0, changed=514, unchanged=417, early_stops=8/8
26 - INFO - chord#: 151 In build_straw_man_chord_sa. tolerance = 1, sa_iterations = 1000, initial_temperature = 3.0, cooling_rate = 0.999
26 - INFO - chord#: 124 In build_straw_man_chord_sa. tolerance = 1, sa_iterations = 1000, initial_temperature = 3.0, cooling_rate = 0.999
26 - INFO - chord#: 120 done. best_score=27.0, changed=519, unchanged=436, early_stops=8/8
26 - INFO - chord#: 124 In build_straw_man_chord_sa. tolerance = 1, sa_iterations = 1000, initial_temperature = 3.0, cooling_rate = 0.999
26 - INFO - chord#: 147 done. best_score=177.0, changed=605, unchanged=231, early_stops=8/8
26 - INFO - chord#: 148 In build_straw_man_chord_sa. tolerance = 1, sa_iterations = 1000, initial_temperature = 3.0, cooling_rate = 0.999
26 - INFO - chord#: 151 done. best_score=7.0, changed=495, unchanged=315, early_stops=8/8
26 - INFO - chord#: 152 In build_straw_man_chord_sa. tolerance = 1, sa_iterations = 1000, initial_temperature = 3.0, cooling_rate = 0.999
26 - INFO - chord#: 150 done. best_score=31.0, changed=524, unchanged=434, early_stops=8/8
26 - INFO - chord#: 151 In build_straw_man_chord_sa. tolerance = 1, sa_iterations = 1000, initial_temperature = 3.0, cooling_rate = 0.999
26 - INFO - chord#: 147 done. best_score=78.0, changed=614, unchanged=330, early_stops=8/8
26 - INFO - chord#: 148 In build_straw_man_chord_sa. tolerance = 1, sa_iterations = 1000, initial_temperature = 3.0, cooling_rate = 0.999
26 - INFO - chord#: 132 done. best_score=27.0, changed=530, unchanged=473, early_stops=8/8
26 - INFO - chord#: 134 In build_straw_man_chord_sa. tolerance = 1, sa_iterations = 1000, initial_temperature = 3.0, cooling_rate = 0.999
26 - INFO - chord#: 151 done. best_score=7.0, changed=508, unchanged=319, early_stops=8/8
26 - INFO - chord#: 152 In build_straw_man_chord_sa. tolerance = 1, sa_iterations = 1000, initial_temperature = 3.0, cooling_rate = 0.999
26 - INFO - chord#: 148 done. best_score=47.0, changed=523, unchanged=379, early_stops=8/8
26 - INFO - chord#: 150 In build_straw_man_chord_sa. tolerance = 1, sa_iterations = 1000, initial_temperature = 3.0, cooling_rate = 0.999
26 - INFO - chord#: 124 done. best_score=27.0, changed=523, unchanged=399, early_stops=8/8
26 - INFO - chord#: 130 In build_straw_man_chord_sa. tolerance = 1, sa_iterations = 1000, initial_temperature = 3.0, cooling_rate = 0.999
26 - INFO - chord#: 130 done. best_score=67.0, changed=611, unchanged=279, early_stops=8/8
26 - INFO - chord#: 132 In build_straw_man_chord_sa. tolerance = 1, sa_iterations = 1000, initial_temperature = 3.0, cooling_rate = 0.999
26 - INFO - chord#: 147 done. best_score=78.0, changed=608, unchanged=298, early_stops=8/8
26 - INFO - chord#: 148 In build_straw_man_chord_sa. tolerance = 1, sa_iterations = 1000, initial_temperature = 3.0, cooling_rate = 0.999
26 - INFO - chord#: 136 done. best_score=27.0, changed=522, unchanged=382, early_stops=8/8
26 - INFO - chord#: 138 In build_straw_man_chord_sa. tolerance = 1, sa_iterations = 1000, initial_temperature = 3.0, cooling_rate = 0.999
26 - INFO - chord#: 124 done. best_score=27.0, changed=525, unchanged=448, early_stops=8/8
26 - INFO - chord#: 130 In build_straw_man_chord_sa. tolerance = 1, sa_iterations = 1000, initial_temperature = 3.0, cooling_rate = 0.999
26 - INFO - chord#: 134 done. best_score=27.0, changed=518, unchanged=307, early_stops=8/8
26 - INFO - chord#: 136 In build_straw_man_chord_sa. tolerance = 1, sa_iterations = 1000, initial_temperature = 3.0, cooling_rate = 0.999
26 - INFO - chord#: 152 done. best_score=27.0, changed=518, unchanged=385, early_stops=8/8
26 - INFO - chord#: 154 In build_straw_man_chord_sa. tolerance = 1, sa_iterations = 1000, initial_temperature = 3.0, cooling_rate = 0.999
26 - INFO - chord#: 148 done. best_score=84.0, changed=531, unchanged=311, early_stops=8/8
26 - INFO - chord#: 150 In build_straw_man_chord_sa. tolerance = 1, sa_iterations = 1000, initial_temperature = 3.0, cooling_rate = 0.999
26 - INFO - chord#: 152 done. best_score=27.0, changed=514, unchanged=360, early_stops=8/8
26 - INFO - chord#: 154 In build_straw_man_chord_sa. tolerance = 1, sa_iterations = 1000, initial_temperature = 3.0, cooling_rate = 0.999
26 - INFO - chord#: 150 done. best_score=31.0, changed=523, unchanged=337, early_stops=8/8
26 - INFO - chord#: 151 In build_straw_man_chord_sa. tolerance = 1, sa_iterations = 1000, initial_temperature = 3.0, cooling_rate = 0.999
26 - INFO - chord#: 130 done. best_score=67.0, changed=612, unchanged=259, early_stops=8/8
26 - INFO - chord#: 132 In build_straw_man_chord_sa. tolerance = 1, sa_iterations = 1000, initial_temperature = 3.0, cooling_rate = 0.999
26 - INFO - chord#: 154 done. best_score=64.0, changed=615, unchanged=451, early_stops=8/8
26 - INFO - chord#: 156 In build_straw_man_chord_sa. tolerance = 1, sa_iterations = 1000, initial_temperature = 3.0, cooling_rate = 0.999
26 - INFO - chord#: 132 done. best_score=27.0, changed=518, unchanged=384, early_stops=8/8
26 - INFO - chord#: 134 In build_straw_man_chord_sa. tolerance = 1, sa_iterations = 1000, initial_temperature = 3.0, cooling_rate = 0.999
26 - INFO - chord#: 151 done. best_score=7.0, changed=499, unchanged=314, early_stops=8/8
26 - INFO - chord#: 152 In build_straw_man_chord_sa. tolerance = 1, sa_iterations = 1000, initial_temperature = 3.0, cooling_rate = 0.999
26 - INFO - chord#: 148 done. best_score=47.0, changed=524, unchanged=389, early_stops=8/8
26 - INFO - chord#: 150 In build_straw_man_chord_sa. tolerance = 1, sa_iterations = 1000, initial_temperature = 3.0, cooling_rate = 0.999
26 - INFO - chord#: 150 done. best_score=31.0, changed=534, unchanged=397, early_stops=8/8
26 - INFO - chord#: 151 In build_straw_man_chord_sa. tolerance = 1, sa_iterations = 1000, initial_temperature = 3.0, cooling_rate = 0.999
26 - INFO - chord#: 136 done. best_score=27.0, changed=530, unchanged=415, early_stops=8/8
26 - INFO - chord#: 138 In build_straw_man_chord_sa. tolerance = 1, sa_iterations = 1000, initial_temperature = 3.0, cooling_rate = 0.999
26 - INFO - chord#: 134 done. best_score=27.0, changed=522, unchanged=345, early_stops=8/8
26 - INFO - chord#: 136 In build_straw_man_chord_sa. tolerance = 1, sa_iterations = 1000, initial_temperature = 3.0, cooling_rate = 0.999
26 - INFO - chord#: 151 done. best_score=7.0, changed=478, unchanged=347, early_stops=8/8
26 - INFO - chord#: 152 In build_straw_man_chord_sa. tolerance = 1, sa_iterations = 1000, initial_temperature = 3.0, cooling_rate = 0.999
26 - INFO - chord#: 132 done. best_score=27.0, changed=527, unchanged=373, early_stops=8/8
26 - INFO - chord#: 134 In build_straw_man_chord_sa. tolerance = 1, sa_iterations = 1000, initial_temperature = 3.0, cooling_rate = 0.999
26 - INFO - chord#: 130 done. best_score=67.0, changed=611, unchanged=262, early_stops=8/8
26 - INFO - chord#: 132 In build_straw_man_chord_sa. tolerance = 1, sa_iterations = 1000, initial_temperature = 3.0, cooling_rate = 0.999
26 - INFO - chord#: 152 done. best_score=27.0, changed=515, unchanged=472, early_stops=8/8
26 - INFO - chord#: 154 In build_straw_man_chord_sa. tolerance = 1, sa_iterations = 1000, initial_temperature = 3.0, cooling_rate = 0.999
26 - INFO - chord#: 150 done. best_score=31.0, changed=516, unchanged=368, early_stops=8/8
26 - INFO - chord#: 151 In build_straw_man_chord_sa. tolerance = 1, sa_iterations = 1000, initial_temperature = 3.0, cooling_rate = 0.999
26 - INFO - chord#: 154 done. best_score=104.0, changed=607, unchanged=268, early_stops=8/8
26 - INFO - chord#: 156 In build_straw_man_chord_sa. tolerance = 1, sa_iterations = 1000, initial_temperature = 3.0, cooling_rate = 0.999
26 - INFO - chord#: 151 done. best_score=7.0, changed=479, unchanged=334, early_stops=8/8
26 - INFO - chord#: 152 In build_straw_man_chord_sa. tolerance = 1, sa_iterations = 1000, initial_temperature = 3.0, cooling_rate = 0.999
26 - INFO - chord#: 136 done. best_score=27.0, changed=529, unchanged=430, early_stops=8/8
26 - INFO - chord#: 138 In build_straw_man_chord_sa. tolerance = 1, sa_iterations = 1000, initial_temperature = 3.0, cooling_rate = 0.999
26 - INFO - chord#: 132 done. best_score=27.0, changed=527, unchanged=388, early_stops=8/8
26 - INFO - chord#: 134 In build_straw_man_chord_sa. tolerance = 1, sa_iterations = 1000, initial_temperature = 3.0, cooling_rate = 0.999
26 - INFO - chord#: 134 done. best_score=27.0, changed=526, unchanged=337, early_stops=8/8
26 - INFO - chord#: 136 In build_straw_man_chord_sa. tolerance = 1, sa_iterations = 1000, initial_temperature = 3.0, cooling_rate = 0.999
26 - INFO - chord#: 154 done. best_score=64.0, changed=611, unchanged=428, early_stops=8/8
26 - INFO - chord#: 156 In build_straw_man_chord_sa. tolerance = 1, sa_iterations = 1000, initial_temperature = 3.0, cooling_rate = 0.999
26 - INFO - chord#: 156 done. best_score=67.0, changed=608, unchanged=260, early_stops=8/8
26 - INFO - chord#: 158 In build_straw_man_chord_sa. tolerance = 1, sa_iterations = 1000, initial_temperature = 3.0, cooling_rate = 0.999
26 - INFO - chord#: 130 done. best_score=67.0, changed=614, unchanged=348, early_stops=8/8
26 - INFO - chord#: 132 In build_straw_man_chord_sa. tolerance = 1, sa_iterations = 1000, initial_temperature = 3.0, cooling_rate = 0.999
26 - INFO - chord#: 152 done. best_score=27.0, changed=520, unchanged=388, early_stops=8/8
26 - INFO - chord#: 154 In build_straw_man_chord_sa. tolerance = 1, sa_iterations = 1000, initial_temperature = 3.0, cooling_rate = 0.999
26 - INFO - chord#: 138 done. best_score=64.0, changed=612, unchanged=446, early_stops=8/8
26 - INFO - chord#: 140 In build_straw_man_chord_sa. tolerance = 1, sa_iterations = 1000, initial_temperature = 3.0, cooling_rate = 0.999
26 - INFO - chord#: 134 done. best_score=27.0, changed=524, unchanged=353, early_stops=8/8
26 - INFO - chord#: 136 In build_straw_man_chord_sa. tolerance = 1, sa_iterations = 1000, initial_temperature = 3.0, cooling_rate = 0.999
26 - INFO - chord#: 138 done. best_score=104.0, changed=609, unchanged=216, early_stops=8/8
26 - INFO - chord#: 140 In build_straw_man_chord_sa. tolerance = 1, sa_iterations = 1000, initial_temperature = 3.0, cooling_rate = 0.999
26 - INFO - chord#: 152 done. best_score=36.0, changed=518, unchanged=404, early_stops=8/8
26 - INFO - chord#: 154 In build_straw_man_chord_sa. tolerance = 1, sa_iterations = 1000, initial_temperature = 3.0, cooling_rate = 0.999
26 - INFO - chord#: 132 done. best_score=27.0, changed=519, unchanged=294, early_stops=8/8
26 - INFO - chord#: 134 In build_straw_man_chord_sa. tolerance = 1, sa_iterations = 1000, initial_temperature = 3.0, cooling_rate = 0.999
26 - INFO - chord#: 136 done. best_score=27.0, changed=522, unchanged=378, early_stops=8/8
26 - INFO - chord#: 138 In build_straw_man_chord_sa. tolerance = 1, sa_iterations = 1000, initial_temperature = 3.0, cooling_rate = 0.999
26 - INFO - chord#: 154 done. best_score=71.0, changed=615, unchanged=382, early_stops=8/8
26 - INFO - chord#: 156 In build_straw_man_chord_sa. tolerance = 1, sa_iterations = 1000, initial_temperature = 3.0, cooling_rate = 0.999
26 - INFO - chord#: 140 done. best_score=27.0, changed=525, unchanged=485, early_stops=8/8
26 - INFO - chord#: 142 In build_straw_man_chord_sa. tolerance = 1, sa_iterations = 1000, initial_temperature = 3.0, cooling_rate = 0.999
26 - INFO - chord#: 136 done. best_score=27.0, changed=530, unchanged=357, early_stops=8/8
26 - INFO - chord#: 138 In build_straw_man_chord_sa. tolerance = 1, sa_iterations = 1000, initial_temperature = 3.0, cooling_rate = 0.999
26 - INFO - chord#: 156 done. best_score=67.0, changed=616, unchanged=289, early_stops=8/8
26 - INFO - chord#: 158 In build_straw_man_chord_sa. tolerance = 1, sa_iterations = 1000, initial_temperature = 3.0, cooling_rate = 0.999
26 - INFO - chord#: 158 done. best_score=142.0, changed=610, unchanged=246, early_stops=8/8
26 - INFO - chord#: 160 In build_straw_man_chord_sa. tolerance = 1, sa_iterations = 1000, initial_temperature = 3.0, cooling_rate = 0.999
26 - INFO - chord#: 138 done. best_score=64.0, changed=614, unchanged=324, early_stops=8/8
26 - INFO - chord#: 140 In build_straw_man_chord_sa. tolerance = 1, sa_iterations = 1000, initial_temperature = 3.0, cooling_rate = 0.999
26 - INFO - chord#: 140 done. best_score=27.0, changed=531, unchanged=423, early_stops=8/8
26 - INFO - chord#: 142 In build_straw_man_chord_sa. tolerance = 1, sa_iterations = 1000, initial_temperature = 3.0, cooling_rate = 0.999
26 - INFO - chord#: 156 done. best_score=96.0, changed=610, unchanged=252, early_stops=8/8
26 - INFO - chord#: 158 In build_straw_man_chord_sa. tolerance = 1, sa_iterations = 1000, initial_temperature = 3.0, cooling_rate = 0.999
26 - INFO - chord#: 134 done. best_score=27.0, changed=526, unchanged=371, early_stops=8/8
26 - INFO - chord#: 136 In build_straw_man_chord_sa. tolerance = 1, sa_iterations = 1000, initial_temperature = 3.0, cooling_rate = 0.999
26 - INFO - chord#: 140 done. best_score=27.0, changed=527, unchanged=389, early_stops=8/8
26 - INFO - chord#: 142 In build_straw_man_chord_sa. tolerance = 1, sa_iterations = 1000, initial_temperature = 3.0, cooling_rate = 0.999
26 - INFO - chord#: 154 done. best_score=64.0, changed=613, unchanged=374, early_stops=8/8
26 - INFO - chord#: 156 In build_straw_man_chord_sa. tolerance = 1, sa_iterations = 1000, initial_temperature = 3.0, cooling_rate = 0.999
26 - INFO - chord#: 136 done. best_score=27.0, changed=523, unchanged=352, early_stops=8/8
26 - INFO - chord#: 138 In build_straw_man_chord_sa. tolerance = 1, sa_iterations = 1000, initial_temperature = 3.0, cooling_rate = 0.999
26 - INFO - chord#: 158 done. best_score=142.0, changed=612, unchanged=197, early_stops=8/8
26 - INFO - chord#: 160 In build_straw_man_chord_sa. tolerance = 1, sa_iterations = 1000, initial_temperature = 3.0, cooling_rate = 0.999
26 - INFO - chord#: 138 done. best_score=71.0, changed=611, unchanged=238, early_stops=8/8
26 - INFO - chord#: 140 In build_straw_man_chord_sa. tolerance = 1, sa_iterations = 1000, initial_temperature = 3.0, cooling_rate = 0.999
26 - INFO - chord#: 154 done. best_score=104.0, changed=611, unchanged=293, early_stops=8/8
26 - INFO - chord#: 156 In build_straw_man_chord_sa. tolerance = 1, sa_iterations = 1000, initial_temperature = 3.0, cooling_rate = 0.999
26 - INFO - chord#: 156 done. best_score=160.0, changed=608, unchanged=242, early_stops=8/8
26 - INFO - chord#: 158 In build_straw_man_chord_sa. tolerance = 1, sa_iterations = 1000, initial_temperature = 3.0, cooling_rate = 0.999
26 - INFO - chord#: 160 done. best_score=120.0, changed=619, unchanged=323, early_stops=8/8
26 - INFO - chord#: 162 In build_straw_man_chord_sa. tolerance = 1, sa_iterations = 1000, initial_temperature = 3.0, cooling_rate = 0.999
26 - INFO - chord#: 142 done. best_score=82.0, changed=608, unchanged=237, early_stops=8/8
26 - INFO - chord#: 144 In build_straw_man_chord_sa. tolerance = 1, sa_iterations = 1000, initial_temperature = 3.0, cooling_rate = 0.999
26 - INFO - chord#: 138 done. best_score=112.0, changed=610, unchanged=269, early_stops=8/8
26 - INFO - chord#: 140 In build_straw_man_chord_sa. tolerance = 1, sa_iterations = 1000, initial_temperature = 3.0, cooling_rate = 0.999
26 - INFO - chord#: 162 done. best_score=27.0, changed=533, unchanged=324, early_stops=8/8
26 - INFO - chord#: 142 done. best_score=97.0, changed=609, unchanged=258, early_stops=8/8
26 - INFO - chord#: 164 In build_straw_man_chord_sa. tolerance = 1, sa_iterations = 1000, initial_temperature = 3.0, cooling_rate = 0.999
26 - INFO - chord#: 144 In build_straw_man_chord_sa. tolerance = 1, sa_iterations = 1000, initial_temperature = 3.0, cooling_rate = 0.999
26 - INFO - chord#: 158 done. best_score=145.0, changed=616, unchanged=432, early_stops=8/8
26 - INFO - chord#: 160 In build_straw_man_chord_sa. tolerance = 1, sa_iterations = 1000, initial_temperature = 3.0, cooling_rate = 0.999
26 - INFO - chord#: 140 done. best_score=27.0, changed=525, unchanged=427, early_stops=8/8
26 - INFO - chord#: 142 In build_straw_man_chord_sa. tolerance = 1, sa_iterations = 1000, initial_temperature = 3.0, cooling_rate = 0.999
26 - INFO - chord#: 140 done. best_score=57.0, changed=533, unchanged=339, early_stops=8/8
26 - INFO - chord#: 142 In build_straw_man_chord_sa. tolerance = 1, sa_iterations = 1000, initial_temperature = 3.0, cooling_rate = 0.999
26 - INFO - chord#: 142 done. best_score=82.0, changed=614, unchanged=357, early_stops=8/8
26 - INFO - chord#: 144 In build_straw_man_chord_sa. tolerance = 1, sa_iterations = 1000, initial_temperature = 3.0, cooling_rate = 0.999
26 - INFO - chord#: 144 done. best_score=36.0, changed=516, unchanged=318, early_stops=8/8
26 - INFO - chord#: 146 In build_straw_man_chord_sa. tolerance = 1, sa_iterations = 1000, initial_temperature = 3.0, cooling_rate = 0.999
26 - INFO - chord#: 160 done. best_score=124.0, changed=614, unchanged=268, early_stops=8/8
26 - INFO - chord#: 162 In build_straw_man_chord_sa. tolerance = 1, sa_iterations = 1000, initial_temperature = 3.0, cooling_rate = 0.999
26 - INFO - chord#: 158 done. best_score=145.0, changed=611, unchanged=267, early_stops=8/8
26 - INFO - chord#: 160 In build_straw_man_chord_sa. tolerance = 1, sa_iterations = 1000, initial_temperature = 3.0, cooling_rate = 0.999
26 - INFO - chord#: 144 done. best_score=36.0, changed=524, unchanged=454, early_stops=8/8
26 - INFO - chord#: 146 In build_straw_man_chord_sa. tolerance = 1, sa_iterations = 1000, initial_temperature = 3.0, cooling_rate = 0.999
26 - INFO - chord#: 144 done. best_score=36.0, changed=519, unchanged=403, early_stops=8/8
26 - INFO - chord#: 146 In build_straw_man_chord_sa. tolerance = 1, sa_iterations = 1000, initial_temperature = 3.0, cooling_rate = 0.999
26 - INFO - chord#: 138 done. best_score=64.0, changed=615, unchanged=277, early_stops=8/8
26 - INFO - chord#: 140 In build_straw_man_chord_sa. tolerance = 1, sa_iterations = 1000, initial_temperature = 3.0, cooling_rate = 0.999
26 - INFO - chord#: 162 done. best_score=27.0, changed=517, unchanged=344, early_stops=8/8
26 - INFO - chord#: 164 In build_straw_man_chord_sa. tolerance = 1, sa_iterations = 1000, initial_temperature = 3.0, cooling_rate = 0.999
26 - INFO - chord#: 146 done. best_score=27.0, changed=523, unchanged=440, early_stops=8/8
26 - INFO - chord#: 147 In build_straw_man_chord_sa. tolerance = 1, sa_iterations = 1000, initial_temperature = 3.0, cooling_rate = 0.999
26 - INFO - chord#: 160 done. best_score=82.0, changed=610, unchanged=294, early_stops=8/8
26 - INFO - chord#: 162 In build_straw_man_chord_sa. tolerance = 1, sa_iterations = 1000, initial_temperature = 3.0, cooling_rate = 0.999
26 - INFO - chord#: 142 done. best_score=82.0, changed=613, unchanged=279, early_stops=8/8
26 - INFO - chord#: 144 In build_straw_man_chord_sa. tolerance = 1, sa_iterations = 1000, initial_temperature = 3.0, cooling_rate = 0.999
26 - INFO - chord#: 164 done. best_score=119.0, changed=612, unchanged=306, early_stops=8/8
26 - INFO - chord#: 168 In build_straw_man_chord_sa. tolerance = 1, sa_iterations = 1000, initial_temperature = 3.0, cooling_rate = 0.999
26 - INFO - chord#: 156 done. best_score=96.0, changed=612, unchanged=403, early_stops=8/8
26 - INFO - chord#: 158 In build_straw_man_chord_sa. tolerance = 1, sa_iterations = 1000, initial_temperature = 3.0, cooling_rate = 0.999
26 - INFO - chord#: 146 done. best_score=36.0, changed=531, unchanged=359, early_stops=8/8
26 - INFO - chord#: 147 In build_straw_man_chord_sa. tolerance = 1, sa_iterations = 1000, initial_temperature = 3.0, cooling_rate = 0.999
26 - INFO - chord#: 146 done. best_score=36.0, changed=525, unchanged=493, early_stops=8/8
26 - INFO - chord#: 147 In build_straw_man_chord_sa. tolerance = 1, sa_iterations = 1000, initial_temperature = 3.0, cooling_rate = 0.999
26 - INFO - chord#: 140 done. best_score=27.0, changed=523, unchanged=375, early_stops=8/8
26 - INFO - chord#: 142 In build_straw_man_chord_sa. tolerance = 1, sa_iterations = 1000, initial_temperature = 3.0, cooling_rate = 0.999
26 - INFO - chord#: 156 done. best_score=137.0, changed=618, unchanged=440, early_stops=8/8
26 - INFO - chord#: 158 In build_straw_man_chord_sa. tolerance = 1, sa_iterations = 1000, initial_temperature = 3.0, cooling_rate = 0.999
26 - INFO - chord#: 160 done. best_score=97.0, changed=608, unchanged=235, early_stops=8/8
26 - INFO - chord#: 162 In build_straw_man_chord_sa. tolerance = 1, sa_iterations = 1000, initial_temperature = 3.0, cooling_rate = 0.999
26 - INFO - chord#: 162 done. best_score=27.0, changed=532, unchanged=391, early_stops=8/8
26 - INFO - chord#: 164 In build_straw_man_chord_sa. tolerance = 1, sa_iterations = 1000, initial_temperature = 3.0, cooling_rate = 0.999
26 - INFO - chord#: 142 done. best_score=136.0, changed=613, unchanged=366, early_stops=8/8
26 - INFO - chord#: 144 In build_straw_man_chord_sa. tolerance = 1, sa_iterations = 1000, initial_temperature = 3.0, cooling_rate = 0.999
26 - INFO - chord#: 168 done. best_score=27.0, changed=515, unchanged=339, early_stops=8/8
26 - INFO - chord#: 170 In build_straw_man_chord_sa. tolerance = 1, sa_iterations = 1000, initial_temperature = 3.0, cooling_rate = 0.999
26 - INFO - chord#: 144 done. best_score=36.0, changed=515, unchanged=348, early_stops=8/8
26 - INFO - chord#: 146 In build_straw_man_chord_sa. tolerance = 1, sa_iterations = 1000, initial_temperature = 3.0, cooling_rate = 0.999
26 - INFO - chord#: 162 done. best_score=27.0, changed=521, unchanged=324, early_stops=8/8
26 - INFO - chord#: 164 In build_straw_man_chord_sa. tolerance = 1, sa_iterations = 1000, initial_temperature = 3.0, cooling_rate = 0.999
26 - INFO - chord#: 164 done. best_score=140.0, changed=612, unchanged=293, early_stops=8/8
26 - INFO - chord#: 168 In build_straw_man_chord_sa. tolerance = 1, sa_iterations = 1000, initial_temperature = 3.0, cooling_rate = 0.999
26 - INFO - chord#: 146 done. best_score=36.0, changed=529, unchanged=441, early_stops=8/8
26 - INFO - chord#: 147 In build_straw_man_chord_sa. tolerance = 1, sa_iterations = 1000, initial_temperature = 3.0, cooling_rate = 0.999
26 - INFO - chord#: 147 done. best_score=137.0, changed=608, unchanged=247, early_stops=8/8
26 - INFO - chord#: 148 In build_straw_man_chord_sa. tolerance = 1, sa_iterations = 1000, initial_temperature = 3.0, cooling_rate = 0.999
26 - INFO - chord#: 144 done. best_score=36.0, changed=526, unchanged=382, early_stops=8/8
26 - INFO - chord#: 146 In build_straw_man_chord_sa. tolerance = 1, sa_iterations = 1000, initial_temperature = 3.0, cooling_rate = 0.999
26 - INFO - chord#: 158 done. best_score=140.0, changed=612, unchanged=258, early_stops=8/8
26 - INFO - chord#: 160 In build_straw_man_chord_sa. tolerance = 1, sa_iterations = 1000, initial_temperature = 3.0, cooling_rate = 0.999
26 - INFO - chord#: 147 done. best_score=78.0, changed=608, unchanged=302, early_stops=8/8
26 - INFO - chord#: 148 In build_straw_man_chord_sa. tolerance = 1, sa_iterations = 1000, initial_temperature = 3.0, cooling_rate = 0.999
26 - INFO - chord#: 168 done. best_score=27.0, changed=528, unchanged=437, early_stops=8/8
26 - INFO - chord#: 170 In build_straw_man_chord_sa. tolerance = 1, sa_iterations = 1000, initial_temperature = 3.0, cooling_rate = 0.999
26 - INFO - chord#: 164 done. best_score=155.0, changed=611, unchanged=277, early_stops=8/8
26 - INFO - chord#: 168 In build_straw_man_chord_sa. tolerance = 1, sa_iterations = 1000, initial_temperature = 3.0, cooling_rate = 0.999
26 - INFO - chord#: 142 done. best_score=158.0, changed=613, unchanged=260, early_stops=8/8
26 - INFO - chord#: 144 In build_straw_man_chord_sa. tolerance = 1, sa_iterations = 1000, initial_temperature = 3.0, cooling_rate = 0.999
26 - INFO - chord#: 170 done. best_score=137.0, changed=607, unchanged=306, early_stops=8/8
26 - INFO - chord#: 172 In build_straw_man_chord_sa. tolerance = 1, sa_iterations = 1000, initial_temperature = 3.0, cooling_rate = 0.999
26 - INFO - chord#: 148 done. best_score=47.0, changed=529, unchanged=411, early_stops=8/8
26 - INFO - chord#: 150 In build_straw_man_chord_sa. tolerance = 1, sa_iterations = 1000, initial_temperature = 3.0, cooling_rate = 0.999
26 - INFO - chord#: 146 done. best_score=27.0, changed=517, unchanged=356, early_stops=8/8
26 - INFO - chord#: 147 In build_straw_man_chord_sa. tolerance = 1, sa_iterations = 1000, initial_temperature = 3.0, cooling_rate = 0.999
26 - INFO - chord#: 148 done. best_score=84.0, changed=541, unchanged=373, early_stops=8/8
26 - INFO - chord#: 150 In build_straw_man_chord_sa. tolerance = 1, sa_iterations = 1000, initial_temperature = 3.0, cooling_rate = 0.999
26 - INFO - chord#: 158 done. best_score=142.0, changed=614, unchanged=348, early_stops=8/8
26 - INFO - chord#: 160 In build_straw_man_chord_sa. tolerance = 1, sa_iterations = 1000, initial_temperature = 3.0, cooling_rate = 0.999
26 - INFO - chord#: 147 done. best_score=78.0, changed=624, unchanged=502, early_stops=8/8
26 - INFO - chord#: 148 In build_straw_man_chord_sa. tolerance = 1, sa_iterations = 1000, initial_temperature = 3.0, cooling_rate = 0.999
26 - INFO - chord#: 168 done. best_score=27.0, changed=526, unchanged=491, early_stops=8/8
26 - INFO - chord#: 170 In build_straw_man_chord_sa. tolerance = 1, sa_iterations = 1000, initial_temperature = 3.0, cooling_rate = 0.999
26 - INFO - chord#: 147 done. best_score=78.0, changed=611, unchanged=341, early_stops=8/8
26 - INFO - chord#: 148 In build_straw_man_chord_sa. tolerance = 1, sa_iterations = 1000, initial_temperature = 3.0, cooling_rate = 0.999
26 - INFO - chord#: 172 done. best_score=27.0, changed=523, unchanged=392, early_stops=8/8
26 - INFO - chord#: 164 done. best_score=78.0, changed=613, unchanged=381, early_stops=8/8
26 - INFO - chord#: 168 In build_straw_man_chord_sa. tolerance = 1, sa_iterations = 1000, initial_temperature = 3.0, cooling_rate = 0.999
26 - INFO - chord#: 150 done. best_score=31.0, changed=527, unchanged=376, early_stops=8/8
26 - INFO - chord#: 151 In build_straw_man_chord_sa. tolerance = 1, sa_iterations = 1000, initial_temperature = 3.0, cooling_rate = 0.999
26 - INFO - chord#: 144 done. best_score=36.0, changed=526, unchanged=400, early_stops=8/8
26 - INFO - chord#: 146 In build_straw_man_chord_sa. tolerance = 1, sa_iterations = 1000, initial_temperature = 3.0, cooling_rate = 0.999
26 - INFO - chord#: 150 done. best_score=31.0, changed=522, unchanged=481, early_stops=8/8
26 - INFO - chord#: 151 In build_straw_man_chord_sa. tolerance = 1, sa_iterations = 1000, initial_temperature = 3.0, cooling_rate = 0.999
26 - INFO - chord#: 151 done. best_score=7.0, changed=505, unchanged=313, early_stops=8/8
26 - INFO - chord#: 152 In build_straw_man_chord_sa. tolerance = 1, sa_iterations = 1000, initial_temperature = 3.0, cooling_rate = 0.999
26 - INFO - chord#: 151 done. best_score=7.0, changed=500, unchanged=323, early_stops=8/8
26 - INFO - chord#: 152 In build_straw_man_chord_sa. tolerance = 1, sa_iterations = 1000, initial_temperature = 3.0, cooling_rate = 0.999
26 - INFO - chord#: 160 done. best_score=127.0, changed=609, unchanged=303, early_stops=8/8
26 - INFO - chord#: 162 In build_straw_man_chord_sa. tolerance = 1, sa_iterations = 1000, initial_temperature = 3.0, cooling_rate = 0.999
26 - INFO - chord#: 148 done. best_score=47.0, changed=525, unchanged=444, early_stops=8/8
26 - INFO - chord#: 150 In build_straw_man_chord_sa. tolerance = 1, sa_iterations = 1000, initial_temperature = 3.0, cooling_rate = 0.999
26 - INFO - chord#: 148 done. best_score=47.0, changed=523, unchanged=347, early_stops=8/8
26 - INFO - chord#: 150 In build_straw_man_chord_sa. tolerance = 1, sa_iterations = 1000, initial_temperature = 3.0, cooling_rate = 0.999
26 - INFO - chord#: 168 done. best_score=27.0, changed=523, unchanged=416, early_stops=8/8
26 - INFO - chord#: 170 In build_straw_man_chord_sa. tolerance = 1, sa_iterations = 1000, initial_temperature = 3.0, cooling_rate = 0.999
26 - INFO - chord#: 170 done. best_score=67.0, changed=611, unchanged=327, early_stops=8/8
26 - INFO - chord#: 172 In build_straw_man_chord_sa. tolerance = 1, sa_iterations = 1000, initial_temperature = 3.0, cooling_rate = 0.999
26 - INFO - chord#: 146 done. best_score=36.0, changed=517, unchanged=330, early_stops=8/8
26 - INFO - chord#: 147 In build_straw_man_chord_sa. tolerance = 1, sa_iterations = 1000, initial_temperature = 3.0, cooling_rate = 0.999
26 - INFO - chord#: 152 done. best_score=27.0, changed=514, unchanged=299, early_stops=8/8
26 - INFO - chord#: 154 In build_straw_man_chord_sa. tolerance = 1, sa_iterations = 1000, initial_temperature = 3.0, cooling_rate = 0.999
26 - INFO - chord#: 152 done. best_score=27.0, changed=518, unchanged=422, early_stops=8/8
26 - INFO - chord#: 154 In build_straw_man_chord_sa. tolerance = 1, sa_iterations = 1000, initial_temperature = 3.0, cooling_rate = 0.999
26 - INFO - chord#: 162 done. best_score=27.0, changed=528, unchanged=281, early_stops=8/8
26 - INFO - chord#: 164 In build_straw_man_chord_sa. tolerance = 1, sa_iterations = 1000, initial_temperature = 3.0, cooling_rate = 0.999
26 - INFO - chord#: 150 done. best_score=31.0, changed=518, unchanged=355, early_stops=8/8
26 - INFO - chord#: 151 In build_straw_man_chord_sa. tolerance = 1, sa_iterations = 1000, initial_temperature = 3.0, cooling_rate = 0.999
26 - INFO - chord#: 172 done. best_score=27.0, changed=523, unchanged=354, early_stops=8/8
26 - INFO - chord#: 170 done. best_score=145.0, changed=612, unchanged=241, early_stops=8/8
26 - INFO - chord#: 172 In build_straw_man_chord_sa. tolerance = 1, sa_iterations = 1000, initial_temperature = 3.0, cooling_rate = 0.999
26 - INFO - chord#: 151 done. best_score=7.0, changed=487, unchanged=319, early_stops=8/8
26 - INFO - chord#: 152 In build_straw_man_chord_sa. tolerance = 1, sa_iterations = 1000, initial_temperature = 3.0, cooling_rate = 0.999
26 - INFO - chord#: 147 done. best_score=96.0, changed=614, unchanged=303, early_stops=8/8
26 - INFO - chord#: 148 In build_straw_man_chord_sa. tolerance = 1, sa_iterations = 1000, initial_temperature = 3.0, cooling_rate = 0.999
26 - INFO - chord#: 150 done. best_score=31.0, changed=525, unchanged=437, early_stops=8/8
26 - INFO - chord#: 151 In build_straw_man_chord_sa. tolerance = 1, sa_iterations = 1000, initial_temperature = 3.0, cooling_rate = 0.999
26 - INFO - chord#: 160 done. best_score=120.0, changed=615, unchanged=373, early_stops=8/8
26 - INFO - chord#: 162 In build_straw_man_chord_sa. tolerance = 1, sa_iterations = 1000, initial_temperature = 3.0, cooling_rate = 0.999
26 - INFO - chord#: 151 done. best_score=7.0, changed=510, unchanged=309, early_stops=8/8
26 - INFO - chord#: 152 In build_straw_man_chord_sa. tolerance = 1, sa_iterations = 1000, initial_temperature = 3.0, cooling_rate = 0.999
26 - INFO - chord#: 172 done. best_score=27.0, changed=525, unchanged=430, early_stops=8/8
26 - INFO - chord#: 170 done. best_score=137.0, changed=605, unchanged=235, early_stops=8/8
26 - INFO - chord#: 172 In build_straw_man_chord_sa. tolerance = 1, sa_iterations = 1000, initial_temperature = 3.0, cooling_rate = 0.999
26 - INFO - chord#: 152 done. best_score=27.0, changed=518, unchanged=454, early_stops=8/8
26 - INFO - chord#: 154 In build_straw_man_chord_sa. tolerance = 1, sa_iterations = 1000, initial_temperature = 3.0, cooling_rate = 0.999
26 - INFO - chord#: 148 done. best_score=47.0, changed=532, unchanged=393, early_stops=8/8
26 - INFO - chord#: 150 In build_straw_man_chord_sa. tolerance = 1, sa_iterations = 1000, initial_temperature = 3.0, cooling_rate = 0.999
26 - INFO - chord#: 147 done. best_score=78.0, changed=604, unchanged=204, early_stops=8/8
26 - INFO - chord#: 148 In build_straw_man_chord_sa. tolerance = 1, sa_iterations = 1000, initial_temperature = 3.0, cooling_rate = 0.999
26 - INFO - chord#: 154 done. best_score=64.0, changed=610, unchanged=222, early_stops=8/8
26 - INFO - chord#: 156 In build_straw_man_chord_sa. tolerance = 1, sa_iterations = 1000, initial_temperature = 3.0, cooling_rate = 0.999
26 - INFO - chord#: 152 done. best_score=27.0, changed=512, unchanged=397, early_stops=8/8
26 - INFO - chord#: 154 In build_straw_man_chord_sa. tolerance = 1, sa_iterations = 1000, initial_temperature = 3.0, cooling_rate = 0.999
26 - INFO - chord#: 162 done. best_score=27.0, changed=525, unchanged=408, early_stops=8/8
26 - INFO - chord#: 164 In build_straw_man_chord_sa. tolerance = 1, sa_iterations = 1000, initial_temperature = 3.0, cooling_rate = 0.999
26 - INFO - chord#: 172 done. best_score=27.0, changed=518, unchanged=336, early_stops=8/8
26 - INFO - chord#: 154 done. best_score=104.0, changed=615, unchanged=343, early_stops=8/8
26 - INFO - chord#: 156 In build_straw_man_chord_sa. tolerance = 1, sa_iterations = 1000, initial_temperature = 3.0, cooling_rate = 0.999
26 - INFO - chord#: 150 done. best_score=31.0, changed=512, unchanged=329, early_stops=8/8
26 - INFO - chord#: 151 In build_straw_man_chord_sa. tolerance = 1, sa_iterations = 1000, initial_temperature = 3.0, cooling_rate = 0.999
26 - INFO - chord#: 151 done. best_score=7.0, changed=511, unchanged=314, early_stops=8/8
26 - INFO - chord#: 152 In build_straw_man_chord_sa. tolerance = 1, sa_iterations = 1000, initial_temperature = 3.0, cooling_rate = 0.999
26 - INFO - chord#: 164 done. best_score=140.0, changed=613, unchanged=312, early_stops=8/8
26 - INFO - chord#: 168 In build_straw_man_chord_sa. tolerance = 1, sa_iterations = 1000, initial_temperature = 3.0, cooling_rate = 0.999
26 - INFO - chord#: 148 done. best_score=84.0, changed=527, unchanged=379, early_stops=8/8
26 - INFO - chord#: 150 In build_straw_man_chord_sa. tolerance = 1, sa_iterations = 1000, initial_temperature = 3.0, cooling_rate = 0.999
26 - INFO - chord#: 152 done. best_score=27.0, changed=520, unchanged=489, early_stops=8/8
26 - INFO - chord#: 154 In build_straw_man_chord_sa. tolerance = 1, sa_iterations = 1000, initial_temperature = 3.0, cooling_rate = 0.999
26 - INFO - chord#: 154 done. best_score=64.0, changed=615, unchanged=336, early_stops=8/8
26 - INFO - chord#: 156 In build_straw_man_chord_sa. tolerance = 1, sa_iterations = 1000, initial_temperature = 3.0, cooling_rate = 0.999
26 - INFO - chord#: 154 done. best_score=201.0, changed=609, unchanged=212, early_stops=8/8
26 - INFO - chord#: 156 In build_straw_man_chord_sa. tolerance = 1, sa_iterations = 1000, initial_temperature = 3.0, cooling_rate = 0.999
26 - INFO - chord#: 150 done. best_score=31.0, changed=533, unchanged=333, early_stops=8/8
26 - INFO - chord#: 151 In build_straw_man_chord_sa. tolerance = 1, sa_iterations = 1000, initial_temperature = 3.0, cooling_rate = 0.999
26 - INFO - chord#: 168 done. best_score=27.0, changed=522, unchanged=474, early_stops=8/8
26 - INFO - chord#: 170 In build_straw_man_chord_sa. tolerance = 1, sa_iterations = 1000, initial_temperature = 3.0, cooling_rate = 0.999
26 - INFO - chord#: 151 done. best_score=7.0, changed=495, unchanged=317, early_stops=8/8
26 - INFO - chord#: 152 In build_straw_man_chord_sa. tolerance = 1, sa_iterations = 1000, initial_temperature = 3.0, cooling_rate = 0.999
26 - INFO - chord#: 164 done. best_score=131.0, changed=611, unchanged=370, early_stops=8/8
26 - INFO - chord#: 168 In build_straw_man_chord_sa. tolerance = 1, sa_iterations = 1000, initial_temperature = 3.0, cooling_rate = 0.999
26 - INFO - chord#: 156 done. best_score=168.0, changed=611, unchanged=331, early_stops=8/8
26 - INFO - chord#: 158 In build_straw_man_chord_sa. tolerance = 1, sa_iterations = 1000, initial_temperature = 3.0, cooling_rate = 0.999
26 - INFO - chord#: 156 done. best_score=67.0, changed=615, unchanged=523, early_stops=8/8
26 - INFO - chord#: 158 In build_straw_man_chord_sa. tolerance = 1, sa_iterations = 1000, initial_temperature = 3.0, cooling_rate = 0.999
26 - INFO - chord#: 168 done. best_score=27.0, changed=524, unchanged=471, early_stops=8/8
26 - INFO - chord#: 170 In build_straw_man_chord_sa. tolerance = 1, sa_iterations = 1000, initial_temperature = 3.0, cooling_rate = 0.999
26 - INFO - chord#: 152 done. best_score=27.0, changed=520, unchanged=404, early_stops=8/8
26 - INFO - chord#: 154 In build_straw_man_chord_sa. tolerance = 1, sa_iterations = 1000, initial_temperature = 3.0, cooling_rate = 0.999
26 - INFO - chord#: 154 done. best_score=64.0, changed=615, unchanged=310, early_stops=8/8
26 - INFO - chord#: 156 In build_straw_man_chord_sa. tolerance = 1, sa_iterations = 1000, initial_temperature = 3.0, cooling_rate = 0.999
26 - INFO - chord#: 156 done. best_score=78.0, changed=614, unchanged=301, early_stops=8/8
26 - INFO - chord#: 158 In build_straw_man_chord_sa. tolerance = 1, sa_iterations = 1000, initial_temperature = 3.0, cooling_rate = 0.999
26 - INFO - chord#: 156 done. best_score=67.0, changed=617, unchanged=454, early_stops=8/8
26 - INFO - chord#: 158 In build_straw_man_chord_sa. tolerance = 1, sa_iterations = 1000, initial_temperature = 3.0, cooling_rate = 0.999
26 - INFO - chord#: 158 done. best_score=142.0, changed=608, unchanged=289, early_stops=8/8
26 - INFO - chord#: 160 In build_straw_man_chord_sa. tolerance = 1, sa_iterations = 1000, initial_temperature = 3.0, cooling_rate = 0.999
26 - INFO - chord#: 158 done. best_score=145.0, changed=609, unchanged=244, early_stops=8/8
26 - INFO - chord#: 160 In build_straw_man_chord_sa. tolerance = 1, sa_iterations = 1000, initial_temperature = 3.0, cooling_rate = 0.999
26 - INFO - chord#: 170 done. best_score=67.0, changed=615, unchanged=321, early_stops=8/8
26 - INFO - chord#: 172 In build_straw_man_chord_sa. tolerance = 1, sa_iterations = 1000, initial_temperature = 3.0, cooling_rate = 0.999
26 - INFO - chord#: 158 done. best_score=142.0, changed=612, unchanged=217, early_stops=8/8
26 - INFO - chord#: 160 In build_straw_man_chord_sa. tolerance = 1, sa_iterations = 1000, initial_temperature = 3.0, cooling_rate = 0.999
26 - INFO - chord#: 172 done. best_score=27.0, changed=522, unchanged=375, early_stops=8/8
26 - INFO - chord#: 154 done. best_score=157.0, changed=614, unchanged=321, early_stops=8/8
26 - INFO - chord#: 156 In build_straw_man_chord_sa. tolerance = 1, sa_iterations = 1000, initial_temperature = 3.0, cooling_rate = 0.999
26 - INFO - chord#: 170 done. best_score=67.0, changed=615, unchanged=516, early_stops=8/8
26 - INFO - chord#: 172 In build_straw_man_chord_sa. tolerance = 1, sa_iterations = 1000, initial_temperature = 3.0, cooling_rate = 0.999
26 - INFO - chord#: 158 done. best_score=142.0, changed=617, unchanged=343, early_stops=8/8
26 - INFO - chord#: 160 In build_straw_man_chord_sa. tolerance = 1, sa_iterations = 1000, initial_temperature = 3.0, cooling_rate = 0.999
26 - INFO - chord#: 160 done. best_score=146.0, changed=611, unchanged=283, early_stops=8/8
26 - INFO - chord#: 162 In build_straw_man_chord_sa. tolerance = 1, sa_iterations = 1000, initial_temperature = 3.0, cooling_rate = 0.999
26 - INFO - chord#: 156 done. best_score=78.0, changed=615, unchanged=472, early_stops=8/8
26 - INFO - chord#: 158 In build_straw_man_chord_sa. tolerance = 1, sa_iterations = 1000, initial_temperature = 3.0, cooling_rate = 0.999
26 - INFO - chord#: 172 done. best_score=27.0, changed=517, unchanged=336, early_stops=8/8
26 - INFO - chord#: 162 done. best_score=36.0, changed=530, unchanged=296, early_stops=8/8
26 - INFO - chord#: 164 In build_straw_man_chord_sa. tolerance = 1, sa_iterations = 1000, initial_temperature = 3.0, cooling_rate = 0.999
26 - INFO - chord#: 160 done. best_score=146.0, changed=614, unchanged=470, early_stops=8/8
26 - INFO - chord#: 162 In build_straw_man_chord_sa. tolerance = 1, sa_iterations = 1000, initial_temperature = 3.0, cooling_rate = 0.999
26 - INFO - chord#: 160 done. best_score=119.0, changed=613, unchanged=317, early_stops=8/8
26 - INFO - chord#: 162 In build_straw_man_chord_sa. tolerance = 1, sa_iterations = 1000, initial_temperature = 3.0, cooling_rate = 0.999
26 - INFO - chord#: 162 done. best_score=36.0, changed=532, unchanged=322, early_stops=8/8
26 - INFO - chord#: 164 In build_straw_man_chord_sa. tolerance = 1, sa_iterations = 1000, initial_temperature = 3.0, cooling_rate = 0.999
26 - INFO - chord#: 160 done. best_score=124.0, changed=616, unchanged=276, early_stops=8/8
26 - INFO - chord#: 162 In build_straw_man_chord_sa. tolerance = 1, sa_iterations = 1000, initial_temperature = 3.0, cooling_rate = 0.999
26 - INFO - chord#: 156 done. best_score=67.0, changed=617, unchanged=407, early_stops=8/8
26 - INFO - chord#: 158 In build_straw_man_chord_sa. tolerance = 1, sa_iterations = 1000, initial_temperature = 3.0, cooling_rate = 0.999
26 - INFO - chord#: 158 done. best_score=142.0, changed=614, unchanged=266, early_stops=8/8
26 - INFO - chord#: 160 In build_straw_man_chord_sa. tolerance = 1, sa_iterations = 1000, initial_temperature = 3.0, cooling_rate = 0.999
26 - INFO - chord#: 162 done. best_score=36.0, changed=538, unchanged=290, early_stops=8/8
26 - INFO - chord#: 164 In build_straw_man_chord_sa. tolerance = 1, sa_iterations = 1000, initial_temperature = 3.0, cooling_rate = 0.999
26 - INFO - chord#: 162 done. best_score=61.0, changed=537, unchanged=399, early_stops=8/8
26 - INFO - chord#: 164 In build_straw_man_chord_sa. tolerance = 1, sa_iterations = 1000, initial_temperature = 3.0, cooling_rate = 0.999
26 - INFO - chord#: 164 done. best_score=166.0, changed=619, unchanged=311, early_stops=8/8
26 - INFO - chord#: 168 In build_straw_man_chord_sa. tolerance = 1, sa_iterations = 1000, initial_temperature = 3.0, cooling_rate = 0.999
26 - INFO - chord#: 168 done. best_score=27.0, changed=522, unchanged=370, early_stops=8/8
26 - INFO - chord#: 170 In build_straw_man_chord_sa. tolerance = 1, sa_iterations = 1000, initial_temperature = 3.0, cooling_rate = 0.999
26 - INFO - chord#: 164 done. best_score=78.0, changed=609, unchanged=319, early_stops=8/8
26 - INFO - chord#: 168 In build_straw_man_chord_sa. tolerance = 1, sa_iterations = 1000, initial_temperature = 3.0, cooling_rate = 0.999
26 - INFO - chord#: 160 done. best_score=146.0, changed=608, unchanged=252, early_stops=8/8
26 - INFO - chord#: 162 In build_straw_man_chord_sa. tolerance = 1, sa_iterations = 1000, initial_temperature = 3.0, cooling_rate = 0.999
26 - INFO - chord#: 164 done. best_score=145.0, changed=610, unchanged=290, early_stops=8/8
26 - INFO - chord#: 168 In build_straw_man_chord_sa. tolerance = 1, sa_iterations = 1000, initial_temperature = 3.0, cooling_rate = 0.999
26 - INFO - chord#: 158 done. best_score=142.0, changed=618, unchanged=412, early_stops=8/8
26 - INFO - chord#: 160 In build_straw_man_chord_sa. tolerance = 1, sa_iterations = 1000, initial_temperature = 3.0, cooling_rate = 0.999
26 - INFO - chord#: 164 done. best_score=67.0, changed=609, unchanged=251, early_stops=8/8
26 - INFO - chord#: 168 In build_straw_man_chord_sa. tolerance = 1, sa_iterations = 1000, initial_temperature = 3.0, cooling_rate = 0.999
26 - INFO - chord#: 162 done. best_score=36.0, changed=535, unchanged=283, early_stops=8/8
26 - INFO - chord#: 164 In build_straw_man_chord_sa. tolerance = 1, sa_iterations = 1000, initial_temperature = 3.0, cooling_rate = 0.999
26 - INFO - chord#: 168 done. best_score=27.0, changed=512, unchanged=384, early_stops=8/8
26 - INFO - chord#: 170 In build_straw_man_chord_sa. tolerance = 1, sa_iterations = 1000, initial_temperature = 3.0, cooling_rate = 0.999
26 - INFO - chord#: 168 done. best_score=27.0, changed=523, unchanged=606, early_stops=8/8
26 - INFO - chord#: 170 In build_straw_man_chord_sa. tolerance = 1, sa_iterations = 1000, initial_temperature = 3.0, cooling_rate = 0.999
26 - INFO - chord#: 168 done. best_score=27.0, changed=524, unchanged=495, early_stops=8/8
26 - INFO - chord#: 170 In build_straw_man_chord_sa. tolerance = 1, sa_iterations = 1000, initial_temperature = 3.0, cooling_rate = 0.999
26 - INFO - chord#: 170 done. best_score=125.0, changed=611, unchanged=303, early_stops=8/8
26 - INFO - chord#: 172 In build_straw_man_chord_sa. tolerance = 1, sa_iterations = 1000, initial_temperature = 3.0, cooling_rate = 0.999
26 - INFO - chord#: 160 done. best_score=120.0, changed=615, unchanged=311, early_stops=8/8
26 - INFO - chord#: 162 In build_straw_man_chord_sa. tolerance = 1, sa_iterations = 1000, initial_temperature = 3.0, cooling_rate = 0.999
26 - INFO - chord#: 172 done. best_score=57.0, changed=526, unchanged=425, early_stops=8/8
26 - INFO - chord#: 162 done. best_score=27.0, changed=520, unchanged=388, early_stops=8/8
26 - INFO - chord#: 164 In build_straw_man_chord_sa. tolerance = 1, sa_iterations = 1000, initial_temperature = 3.0, cooling_rate = 0.999
26 - INFO - chord#: 170 done. best_score=137.0, changed=612, unchanged=425, early_stops=8/8
26 - INFO - chord#: 172 In build_straw_man_chord_sa. tolerance = 1, sa_iterations = 1000, initial_temperature = 3.0, cooling_rate = 0.999
26 - INFO - chord#: 164 done. best_score=78.0, changed=622, unchanged=450, early_stops=8/8
26 - INFO - chord#: 168 In build_straw_man_chord_sa. tolerance = 1, sa_iterations = 1000, initial_temperature = 3.0, cooling_rate = 0.999
26 - INFO - chord#: 170 done. best_score=67.0, changed=612, unchanged=402, early_stops=8/8
26 - INFO - chord#: 172 In build_straw_man_chord_sa. tolerance = 1, sa_iterations = 1000, initial_temperature = 3.0, cooling_rate = 0.999
26 - INFO - chord#: 170 done. best_score=67.0, changed=612, unchanged=393, early_stops=8/8
26 - INFO - chord#: 172 In build_straw_man_chord_sa. tolerance = 1, sa_iterations = 1000, initial_temperature = 3.0, cooling_rate = 0.999
26 - INFO - chord#: 172 done. best_score=27.0, changed=520, unchanged=321, early_stops=8/8
26 - INFO - chord#: 168 done. best_score=27.0, changed=520, unchanged=416, early_stops=8/8
26 - INFO - chord#: 170 In build_straw_man_chord_sa. tolerance = 1, sa_iterations = 1000, initial_temperature = 3.0, cooling_rate = 0.999
26 - INFO - chord#: 172 done. best_score=27.0, changed=529, unchanged=361, early_stops=8/8
26 - INFO - chord#: 172 done. best_score=27.0, changed=531, unchanged=375, early_stops=8/8
26 - INFO - chord#: 164 done. best_score=67.0, changed=612, unchanged=301, early_stops=8/8
26 - INFO - chord#: 168 In build_straw_man_chord_sa. tolerance = 1, sa_iterations = 1000, initial_temperature = 3.0, cooling_rate = 0.999
26 - INFO - chord#: 168 done. best_score=27.0, changed=515, unchanged=469, early_stops=8/8
26 - INFO - chord#: 170 In build_straw_man_chord_sa. tolerance = 1, sa_iterations = 1000, initial_temperature = 3.0, cooling_rate = 0.999
26 - INFO - chord#: 170 done. best_score=137.0, changed=616, unchanged=332, early_stops=8/8
26 - INFO - chord#: 172 In build_straw_man_chord_sa. tolerance = 1, sa_iterations = 1000, initial_temperature = 3.0, cooling_rate = 0.999
26 - INFO - chord#: 172 done. best_score=27.0, changed=524, unchanged=377, early_stops=8/8
26 - INFO - chord#: 170 done. best_score=137.0, changed=612, unchanged=319, early_stops=8/8
26 - INFO - chord#: 172 In build_straw_man_chord_sa. tolerance = 1, sa_iterations = 1000, initial_temperature = 3.0, cooling_rate = 0.999
26 - INFO - chord#: 172 done. best_score=27.0, changed=523, unchanged=445, early_stops=8/8
26 - INFO - chord#: 0 In build_straw_man_chord_sa. tolerance = 1, sa_iterations = 1000, initial_temperature = 3.0, cooling_rate = 0.999
26 - INFO - chord#: 0 In build_straw_man_chord_sa. tolerance = 1, sa_iterations = 1000, initial_temperature = 3.0, cooling_rate = 0.999
26 - INFO - chord#: 0 In build_straw_man_chord_sa. tolerance = 1, sa_iterations = 1000, initial_temperature = 3.0, cooling_rate = 0.999
26 - INFO - chord#: 0 In build_straw_man_chord_sa. tolerance = 1, sa_iterations = 1000, initial_temperature = 3.0, cooling_rate = 0.999
26 - INFO - chord#: 0 In build_straw_man_chord_sa. tolerance = 1, sa_iterations = 1000, initial_temperature = 3.0, cooling_rate = 0.999
26 - INFO - chord#: 0 In build_straw_man_chord_sa. tolerance = 1, sa_iterations = 1000, initial_temperature = 3.0, cooling_rate = 0.999
26 - INFO - chord#: 0 In build_straw_man_chord_sa. tolerance = 1, sa_iterations = 1000, initial_temperature = 3.0, cooling_rate = 0.999
26 - INFO - chord#: 0 In build_straw_man_chord_sa. tolerance = 1, sa_iterations = 1000, initial_temperature = 3.0, cooling_rate = 0.999
26 - INFO - chord#: 0 In build_straw_man_chord_sa. tolerance = 1, sa_iterations = 1000, initial_temperature = 3.0, cooling_rate = 0.999
26 - INFO - chord#: 0 In build_straw_man_chord_sa. tolerance = 1, sa_iterations = 1000, initial_temperature = 3.0, cooling_rate = 0.999
26 - INFO - chord#: 0 In build_straw_man_chord_sa. tolerance = 1, sa_iterations = 1000, initial_temperature = 3.0, cooling_rate = 0.999
26 - INFO - chord#: 0 In build_straw_man_chord_sa. tolerance = 1, sa_iterations = 1000, initial_temperature = 3.0, cooling_rate = 0.999
26 - INFO - chord#: 0 done. best_score=27.0, changed=521, unchanged=331, early_stops=8/8
26 - INFO - chord#: 4 In build_straw_man_chord_sa. tolerance = 1, sa_iterations = 1000, initial_temperature = 3.0, cooling_rate = 0.999
26 - INFO - chord#: 0 done. best_score=27.0, changed=508, unchanged=365, early_stops=8/8
26 - INFO - chord#: 4 In build_straw_man_chord_sa. tolerance = 1, sa_iterations = 1000, initial_temperature = 3.0, cooling_rate = 0.999
26 - INFO - chord#: 0 done. best_score=27.0, changed=521, unchanged=411, early_stops=8/8
26 - INFO - chord#: 4 In build_straw_man_chord_sa. tolerance = 1, sa_iterations = 1000, initial_temperature = 3.0, cooling_rate = 0.999
26 - INFO - chord#: 0 done. best_score=27.0, changed=525, unchanged=486, early_stops=8/8
26 - INFO - chord#: 4 In build_straw_man_chord_sa. tolerance = 1, sa_iterations = 1000, initial_temperature = 3.0, cooling_rate = 0.999
26 - INFO - chord#: 0 done. best_score=27.0, changed=520, unchanged=470, early_stops=8/8
26 - INFO - chord#: 4 In build_straw_man_chord_sa. tolerance = 1, sa_iterations = 1000, initial_temperature = 3.0, cooling_rate = 0.999
26 - INFO - chord#: 0 done. best_score=27.0, changed=517, unchanged=346, early_stops=8/8
26 - INFO - chord#: 4 In build_straw_man_chord_sa. tolerance = 1, sa_iterations = 1000, initial_temperature = 3.0, cooling_rate = 0.999
26 - INFO - chord#: 0 done. best_score=27.0, changed=512, unchanged=361, early_stops=8/8
26 - INFO - chord#: 4 In build_straw_man_chord_sa. tolerance = 1, sa_iterations = 1000, initial_temperature = 3.0, cooling_rate = 0.999
26 - INFO - chord#: 0 done. best_score=27.0, changed=520, unchanged=378, early_stops=8/8
26 - INFO - chord#: 4 In build_straw_man_chord_sa. tolerance = 1, sa_iterations = 1000, initial_temperature = 3.0, cooling_rate = 0.999
26 - INFO - chord#: 0 done. best_score=27.0, changed=519, unchanged=505, early_stops=8/8
26 - INFO - chord#: 4 In build_straw_man_chord_sa. tolerance = 1, sa_iterations = 1000, initial_temperature = 3.0, cooling_rate = 0.999
26 - INFO - chord#: 0 done. best_score=27.0, changed=527, unchanged=400, early_stops=8/8
26 - INFO - chord#: 4 In build_straw_man_chord_sa. tolerance = 1, sa_iterations = 1000, initial_temperature = 3.0, cooling_rate = 0.999
26 - INFO - chord#: 0 done. best_score=27.0, changed=524, unchanged=401, early_stops=8/8
26 - INFO - chord#: 4 In build_straw_man_chord_sa. tolerance = 1, sa_iterations = 1000, initial_temperature = 3.0, cooling_rate = 0.999
26 - INFO - chord#: 0 done. best_score=27.0, changed=525, unchanged=482, early_stops=8/8
26 - INFO - chord#: 4 In build_straw_man_chord_sa. tolerance = 1, sa_iterations = 1000, initial_temperature = 3.0, cooling_rate = 0.999
26 - INFO - chord#: 4 done. best_score=27.0, changed=527, unchanged=349, early_stops=8/8
26 - INFO - chord#: 6 In build_straw_man_chord_sa. tolerance = 1, sa_iterations = 1000, initial_temperature = 3.0, cooling_rate = 0.999
26 - INFO - chord#: 4 done. best_score=27.0, changed=529, unchanged=400, early_stops=8/8
26 - INFO - chord#: 6 In build_straw_man_chord_sa. tolerance = 1, sa_iterations = 1000, initial_temperature = 3.0, cooling_rate = 0.999
26 - INFO - chord#: 4 done. best_score=27.0, changed=529, unchanged=335, early_stops=8/8
26 - INFO - chord#: 6 In build_straw_man_chord_sa. tolerance = 1, sa_iterations = 1000, initial_temperature = 3.0, cooling_rate = 0.999
26 - INFO - chord#: 4 done. best_score=27.0, changed=525, unchanged=337, early_stops=8/8
26 - INFO - chord#: 6 In build_straw_man_chord_sa. tolerance = 1, sa_iterations = 1000, initial_temperature = 3.0, cooling_rate = 0.999
26 - INFO - chord#: 4 done. best_score=27.0, changed=535, unchanged=483, early_stops=8/8
26 - INFO - chord#: 6 In build_straw_man_chord_sa. tolerance = 1, sa_iterations = 1000, initial_temperature = 3.0, cooling_rate = 0.999
26 - INFO - chord#: 4 done. best_score=27.0, changed=529, unchanged=343, early_stops=8/8
26 - INFO - chord#: 6 In build_straw_man_chord_sa. tolerance = 1, sa_iterations = 1000, initial_temperature = 3.0, cooling_rate = 0.999
26 - INFO - chord#: 4 done. best_score=27.0, changed=533, unchanged=360, early_stops=8/8
26 - INFO - chord#: 6 In build_straw_man_chord_sa. tolerance = 1, sa_iterations = 1000, initial_temperature = 3.0, cooling_rate = 0.999
26 - INFO - chord#: 4 done. best_score=27.0, changed=526, unchanged=325, early_stops=8/8
26 - INFO - chord#: 6 In build_straw_man_chord_sa. tolerance = 1, sa_iterations = 1000, initial_temperature = 3.0, cooling_rate = 0.999
26 - INFO - chord#: 4 done. best_score=27.0, changed=527, unchanged=377, early_stops=8/8
26 - INFO - chord#: 6 In build_straw_man_chord_sa. tolerance = 1, sa_iterations = 1000, initial_temperature = 3.0, cooling_rate = 0.999
26 - INFO - chord#: 4 done. best_score=27.0, changed=524, unchanged=338, early_stops=8/8
26 - INFO - chord#: 6 In build_straw_man_chord_sa. tolerance = 1, sa_iterations = 1000, initial_temperature = 3.0, cooling_rate = 0.999
26 - INFO - chord#: 4 done. best_score=27.0, changed=527, unchanged=397, early_stops=8/8
26 - INFO - chord#: 6 In build_straw_man_chord_sa. tolerance = 1, sa_iterations = 1000, initial_temperature = 3.0, cooling_rate = 0.999
26 - INFO - chord#: 4 done. best_score=27.0, changed=530, unchanged=330, early_stops=8/8
26 - INFO - chord#: 6 In build_straw_man_chord_sa. tolerance = 1, sa_iterations = 1000, initial_temperature = 3.0, cooling_rate = 0.999
26 - INFO - chord#: 6 done. best_score=97.0, changed=613, unchanged=265, early_stops=8/8
26 - INFO - chord#: 8 In build_straw_man_chord_sa. tolerance = 1, sa_iterations = 1000, initial_temperature = 3.0, cooling_rate = 0.999
26 - INFO - chord#: 6 done. best_score=82.0, changed=611, unchanged=321, early_stops=8/8
26 - INFO - chord#: 8 In build_straw_man_chord_sa. tolerance = 1, sa_iterations = 1000, initial_temperature = 3.0, cooling_rate = 0.999
26 - INFO - chord#: 6 done. best_score=82.0, changed=613, unchanged=319, early_stops=8/8
26 - INFO - chord#: 8 In build_straw_man_chord_sa. tolerance = 1, sa_iterations = 1000, initial_temperature = 3.0, cooling_rate = 0.999
26 - INFO - chord#: 6 done. best_score=82.0, changed=615, unchanged=382, early_stops=8/8
26 - INFO - chord#: 8 In build_straw_man_chord_sa. tolerance = 1, sa_iterations = 1000, initial_temperature = 3.0, cooling_rate = 0.999
26 - INFO - chord#: 6 done. best_score=82.0, changed=612, unchanged=327, early_stops=8/8
26 - INFO - chord#: 8 In build_straw_man_chord_sa. tolerance = 1, sa_iterations = 1000, initial_temperature = 3.0, cooling_rate = 0.999
26 - INFO - chord#: 8 done. best_score=27.0, changed=528, unchanged=419, early_stops=8/8
26 - INFO - chord#: 12 In build_straw_man_chord_sa. tolerance = 1, sa_iterations = 1000, initial_temperature = 3.0, cooling_rate = 0.999
26 - INFO - chord#: 6 done. best_score=97.0, changed=615, unchanged=294, early_stops=8/8
26 - INFO - chord#: 8 In build_straw_man_chord_sa. tolerance = 1, sa_iterations = 1000, initial_temperature = 3.0, cooling_rate = 0.999
26 - INFO - chord#: 6 done. best_score=97.0, changed=607, unchanged=253, early_stops=8/8
26 - INFO - chord#: 8 In build_straw_man_chord_sa. tolerance = 1, sa_iterations = 1000, initial_temperature = 3.0, cooling_rate = 0.999
26 - INFO - chord#: 6 done. best_score=82.0, changed=612, unchanged=290, early_stops=8/8
26 - INFO - chord#: 8 In build_straw_man_chord_sa. tolerance = 1, sa_iterations = 1000, initial_temperature = 3.0, cooling_rate = 0.999
26 - INFO - chord#: 6 done. best_score=127.0, changed=612, unchanged=265, early_stops=8/8
26 - INFO - chord#: 8 In build_straw_man_chord_sa. tolerance = 1, sa_iterations = 1000, initial_temperature = 3.0, cooling_rate = 0.999
26 - INFO - chord#: 6 done. best_score=82.0, changed=614, unchanged=270, early_stops=8/8
26 - INFO - chord#: 8 In build_straw_man_chord_sa. tolerance = 1, sa_iterations = 1000, initial_temperature = 3.0, cooling_rate = 0.999
26 - INFO - chord#: 6 done. best_score=97.0, changed=616, unchanged=291, early_stops=8/8
26 - INFO - chord#: 8 In build_straw_man_chord_sa. tolerance = 1, sa_iterations = 1000, initial_temperature = 3.0, cooling_rate = 0.999
26 - INFO - chord#: 8 done. best_score=27.0, changed=531, unchanged=536, early_stops=8/8
26 - INFO - chord#: 12 In build_straw_man_chord_sa. tolerance = 1, sa_iterations = 1000, initial_temperature = 3.0, cooling_rate = 0.999
26 - INFO - chord#: 8 done. best_score=27.0, changed=522, unchanged=451, early_stops=8/8
26 - INFO - chord#: 12 In build_straw_man_chord_sa. tolerance = 1, sa_iterations = 1000, initial_temperature = 3.0, cooling_rate = 0.999
26 - INFO - chord#: 6 done. best_score=82.0, changed=615, unchanged=284, early_stops=8/8
26 - INFO - chord#: 8 In build_straw_man_chord_sa. tolerance = 1, sa_iterations = 1000, initial_temperature = 3.0, cooling_rate = 0.999
26 - INFO - chord#: 8 done. best_score=27.0, changed=523, unchanged=487, early_stops=8/8
26 - INFO - chord#: 12 In build_straw_man_chord_sa. tolerance = 1, sa_iterations = 1000, initial_temperature = 3.0, cooling_rate = 0.999
26 - INFO - chord#: 8 done. best_score=27.0, changed=520, unchanged=376, early_stops=8/8
26 - INFO - chord#: 12 In build_straw_man_chord_sa. tolerance = 1, sa_iterations = 1000, initial_temperature = 3.0, cooling_rate = 0.999
26 - INFO - chord#: 8 done. best_score=27.0, changed=523, unchanged=386, early_stops=8/8
26 - INFO - chord#: 12 In build_straw_man_chord_sa. tolerance = 1, sa_iterations = 1000, initial_temperature = 3.0, cooling_rate = 0.999
26 - INFO - chord#: 8 done. best_score=27.0, changed=525, unchanged=342, early_stops=8/8
26 - INFO - chord#: 12 In build_straw_man_chord_sa. tolerance = 1, sa_iterations = 1000, initial_temperature = 3.0, cooling_rate = 0.999
26 - INFO - chord#: 8 done. best_score=27.0, changed=528, unchanged=473, early_stops=8/8
26 - INFO - chord#: 12 In build_straw_man_chord_sa. tolerance = 1, sa_iterations = 1000, initial_temperature = 3.0, cooling_rate = 0.999
26 - INFO - chord#: 8 done. best_score=27.0, changed=535, unchanged=569, early_stops=8/8
26 - INFO - chord#: 12 In build_straw_man_chord_sa. tolerance = 1, sa_iterations = 1000, initial_temperature = 3.0, cooling_rate = 0.999
26 - INFO - chord#: 8 done. best_score=27.0, changed=521, unchanged=349, early_stops=8/8
26 - INFO - chord#: 12 In build_straw_man_chord_sa. tolerance = 1, sa_iterations = 1000, initial_temperature = 3.0, cooling_rate = 0.999
26 - INFO - chord#: 8 done. best_score=27.0, changed=524, unchanged=394, early_stops=8/8
26 - INFO - chord#: 12 In build_straw_man_chord_sa. tolerance = 1, sa_iterations = 1000, initial_temperature = 3.0, cooling_rate = 0.999
26 - INFO - chord#: 8 done. best_score=27.0, changed=517, unchanged=365, early_stops=8/8
26 - INFO - chord#: 12 In build_straw_man_chord_sa. tolerance = 1, sa_iterations = 1000, initial_temperature = 3.0, cooling_rate = 0.999
26 - INFO - chord#: 12 done. best_score=154.0, changed=613, unchanged=284, early_stops=8/8
26 - INFO - chord#: 16 In build_straw_man_chord_sa. tolerance = 1, sa_iterations = 1000, initial_temperature = 3.0, cooling_rate = 0.999
26 - INFO - chord#: 12 done. best_score=146.0, changed=610, unchanged=277, early_stops=8/8
26 - INFO - chord#: 16 In build_straw_man_chord_sa. tolerance = 1, sa_iterations = 1000, initial_temperature = 3.0, cooling_rate = 0.999
26 - INFO - chord#: 12 done. best_score=162.0, changed=614, unchanged=369, early_stops=8/8
26 - INFO - chord#: 16 In build_straw_man_chord_sa. tolerance = 1, sa_iterations = 1000, initial_temperature = 3.0, cooling_rate = 0.999
26 - INFO - chord#: 12 done. best_score=64.0, changed=617, unchanged=525, early_stops=8/8
26 - INFO - chord#: 16 In build_straw_man_chord_sa. tolerance = 1, sa_iterations = 1000, initial_temperature = 3.0, cooling_rate = 0.999
26 - INFO - chord#: 12 done. best_score=193.0, changed=616, unchanged=484, early_stops=8/8
26 - INFO - chord#: 16 In build_straw_man_chord_sa. tolerance = 1, sa_iterations = 1000, initial_temperature = 3.0, cooling_rate = 0.999
26 - INFO - chord#: 16 done. best_score=27.0, changed=520, unchanged=405, early_stops=8/8
26 - INFO - chord#: 18 In build_straw_man_chord_sa. tolerance = 1, sa_iterations = 1000, initial_temperature = 3.0, cooling_rate = 0.999
26 - INFO - chord#: 16 done. best_score=27.0, changed=514, unchanged=389, early_stops=8/8
26 - INFO - chord#: 18 In build_straw_man_chord_sa. tolerance = 1, sa_iterations = 1000, initial_temperature = 3.0, cooling_rate = 0.999
26 - INFO - chord#: 16 done. best_score=27.0, changed=521, unchanged=528, early_stops=8/8
26 - INFO - chord#: 18 In build_straw_man_chord_sa. tolerance = 1, sa_iterations = 1000, initial_temperature = 3.0, cooling_rate = 0.999
26 - INFO - chord#: 12 done. best_score=157.0, changed=610, unchanged=270, early_stops=8/8
26 - INFO - chord#: 16 In build_straw_man_chord_sa. tolerance = 1, sa_iterations = 1000, initial_temperature = 3.0, cooling_rate = 0.999
26 - INFO - chord#: 12 done. best_score=146.0, changed=611, unchanged=314, early_stops=8/8
26 - INFO - chord#: 16 In build_straw_man_chord_sa. tolerance = 1, sa_iterations = 1000, initial_temperature = 3.0, cooling_rate = 0.999
26 - INFO - chord#: 12 done. best_score=64.0, changed=612, unchanged=409, early_stops=8/8
26 - INFO - chord#: 16 In build_straw_man_chord_sa. tolerance = 1, sa_iterations = 1000, initial_temperature = 3.0, cooling_rate = 0.999
26 - INFO - chord#: 16 done. best_score=27.0, changed=514, unchanged=483, early_stops=8/8
26 - INFO - chord#: 18 In build_straw_man_chord_sa. tolerance = 1, sa_iterations = 1000, initial_temperature = 3.0, cooling_rate = 0.999
26 - INFO - chord#: 12 done. best_score=104.0, changed=611, unchanged=310, early_stops=8/8
26 - INFO - chord#: 16 In build_straw_man_chord_sa. tolerance = 1, sa_iterations = 1000, initial_temperature = 3.0, cooling_rate = 0.999
26 - INFO - chord#: 12 done. best_score=64.0, changed=609, unchanged=309, early_stops=8/8
26 - INFO - chord#: 16 In build_straw_man_chord_sa. tolerance = 1, sa_iterations = 1000, initial_temperature = 3.0, cooling_rate = 0.999
26 - INFO - chord#: 12 done. best_score=64.0, changed=612, unchanged=396, early_stops=8/8
26 - INFO - chord#: 16 In build_straw_man_chord_sa. tolerance = 1, sa_iterations = 1000, initial_temperature = 3.0, cooling_rate = 0.999
26 - INFO - chord#: 12 done. best_score=64.0, changed=610, unchanged=418, early_stops=8/8
26 - INFO - chord#: 16 In build_straw_man_chord_sa. tolerance = 1, sa_iterations = 1000, initial_temperature = 3.0, cooling_rate = 0.999
26 - INFO - chord#: 16 done. best_score=27.0, changed=520, unchanged=428, early_stops=8/8
26 - INFO - chord#: 18 In build_straw_man_chord_sa. tolerance = 1, sa_iterations = 1000, initial_temperature = 3.0, cooling_rate = 0.999
26 - INFO - chord#: 16 done. best_score=36.0, changed=519, unchanged=432, early_stops=8/8
26 - INFO - chord#: 18 In build_straw_man_chord_sa. tolerance = 1, sa_iterations = 1000, initial_temperature = 3.0, cooling_rate = 0.999
26 - INFO - chord#: 16 done. best_score=27.0, changed=525, unchanged=344, early_stops=8/8
26 - INFO - chord#: 18 In build_straw_man_chord_sa. tolerance = 1, sa_iterations = 1000, initial_temperature = 3.0, cooling_rate = 0.999
26 - INFO - chord#: 16 done. best_score=27.0, changed=522, unchanged=439, early_stops=8/8
26 - INFO - chord#: 18 In build_straw_man_chord_sa. tolerance = 1, sa_iterations = 1000, initial_temperature = 3.0, cooling_rate = 0.999
26 - INFO - chord#: 16 done. best_score=27.0, changed=523, unchanged=388, early_stops=8/8
26 - INFO - chord#: 18 In build_straw_man_chord_sa. tolerance = 1, sa_iterations = 1000, initial_temperature = 3.0, cooling_rate = 0.999
26 - INFO - chord#: 16 done. best_score=27.0, changed=530, unchanged=464, early_stops=8/8
26 - INFO - chord#: 18 In build_straw_man_chord_sa. tolerance = 1, sa_iterations = 1000, initial_temperature = 3.0, cooling_rate = 0.999
26 - INFO - chord#: 16 done. best_score=27.0, changed=524, unchanged=485, early_stops=8/8
26 - INFO - chord#: 18 In build_straw_man_chord_sa. tolerance = 1, sa_iterations = 1000, initial_temperature = 3.0, cooling_rate = 0.999
26 - INFO - chord#: 18 done. best_score=141.0, changed=611, unchanged=244, early_stops=8/8
26 - INFO - chord#: 20 In build_straw_man_chord_sa. tolerance = 1, sa_iterations = 1000, initial_temperature = 3.0, cooling_rate = 0.999
26 - INFO - chord#: 16 done. best_score=27.0, changed=528, unchanged=547, early_stops=8/8
26 - INFO - chord#: 18 In build_straw_man_chord_sa. tolerance = 1, sa_iterations = 1000, initial_temperature = 3.0, cooling_rate = 0.999
26 - INFO - chord#: 18 done. best_score=141.0, changed=616, unchanged=308, early_stops=8/8
26 - INFO - chord#: 20 In build_straw_man_chord_sa. tolerance = 1, sa_iterations = 1000, initial_temperature = 3.0, cooling_rate = 0.999
26 - INFO - chord#: 18 done. best_score=108.0, changed=612, unchanged=314, early_stops=8/8
26 - INFO - chord#: 20 In build_straw_man_chord_sa. tolerance = 1, sa_iterations = 1000, initial_temperature = 3.0, cooling_rate = 0.999
26 - INFO - chord#: 18 done. best_score=141.0, changed=607, unchanged=225, early_stops=8/8
26 - INFO - chord#: 20 In build_straw_man_chord_sa. tolerance = 1, sa_iterations = 1000, initial_temperature = 3.0, cooling_rate = 0.999
26 - INFO - chord#: 20 done. best_score=27.0, changed=519, unchanged=368, early_stops=8/8
26 - INFO - chord#: 22 In build_straw_man_chord_sa. tolerance = 1, sa_iterations = 1000, initial_temperature = 3.0, cooling_rate = 0.999
26 - INFO - chord#: 20 done. best_score=27.0, changed=527, unchanged=455, early_stops=8/8
26 - INFO - chord#: 22 In build_straw_man_chord_sa. tolerance = 1, sa_iterations = 1000, initial_temperature = 3.0, cooling_rate = 0.999
26 - INFO - chord#: 20 done. best_score=27.0, changed=530, unchanged=444, early_stops=8/8
26 - INFO - chord#: 22 In build_straw_man_chord_sa. tolerance = 1, sa_iterations = 1000, initial_temperature = 3.0, cooling_rate = 0.999
26 - INFO - chord#: 18 done. best_score=70.0, changed=609, unchanged=261, early_stops=8/8
26 - INFO - chord#: 20 In build_straw_man_chord_sa. tolerance = 1, sa_iterations = 1000, initial_temperature = 3.0, cooling_rate = 0.999
26 - INFO - chord#: 20 done. best_score=27.0, changed=516, unchanged=372, early_stops=8/8
26 - INFO - chord#: 22 In build_straw_man_chord_sa. tolerance = 1, sa_iterations = 1000, initial_temperature = 3.0, cooling_rate = 0.999
26 - INFO - chord#: 18 done. best_score=70.0, changed=616, unchanged=541, early_stops=8/8
26 - INFO - chord#: 20 In build_straw_man_chord_sa. tolerance = 1, sa_iterations = 1000, initial_temperature = 3.0, cooling_rate = 0.999
26 - INFO - chord#: 18 done. best_score=105.0, changed=616, unchanged=567, early_stops=8/8
26 - INFO - chord#: 20 In build_straw_man_chord_sa. tolerance = 1, sa_iterations = 1000, initial_temperature = 3.0, cooling_rate = 0.999
26 - INFO - chord#: 18 done. best_score=75.0, changed=608, unchanged=219, early_stops=8/8
26 - INFO - chord#: 20 In build_straw_man_chord_sa. tolerance = 1, sa_iterations = 1000, initial_temperature = 3.0, cooling_rate = 0.999
26 - INFO - chord#: 18 done. best_score=70.0, changed=609, unchanged=294, early_stops=8/8
26 - INFO - chord#: 20 In build_straw_man_chord_sa. tolerance = 1, sa_iterations = 1000, initial_temperature = 3.0, cooling_rate = 0.999
26 - INFO - chord#: 18 done. best_score=149.0, changed=611, unchanged=270, early_stops=8/8
26 - INFO - chord#: 20 In build_straw_man_chord_sa. tolerance = 1, sa_iterations = 1000, initial_temperature = 3.0, cooling_rate = 0.999
26 - INFO - chord#: 18 done. best_score=70.0, changed=616, unchanged=493, early_stops=8/8
26 - INFO - chord#: 20 In build_straw_man_chord_sa. tolerance = 1, sa_iterations = 1000, initial_temperature = 3.0, cooling_rate = 0.999
26 - INFO - chord#: 20 done. best_score=27.0, changed=522, unchanged=383, early_stops=8/8
26 - INFO - chord#: 22 In build_straw_man_chord_sa. tolerance = 1, sa_iterations = 1000, initial_temperature = 3.0, cooling_rate = 0.999
26 - INFO - chord#: 18 done. best_score=102.0, changed=612, unchanged=291, early_stops=8/8
26 - INFO - chord#: 20 In build_straw_man_chord_sa. tolerance = 1, sa_iterations = 1000, initial_temperature = 3.0, cooling_rate = 0.999
26 - INFO - chord#: 22 done. best_score=125.0, changed=605, unchanged=201, early_stops=8/8
26 - INFO - chord#: 24 In build_straw_man_chord_sa. tolerance = 1, sa_iterations = 1000, initial_temperature = 3.0, cooling_rate = 0.999
26 - INFO - chord#: 20 done. best_score=36.0, changed=518, unchanged=413, early_stops=8/8
26 - INFO - chord#: 22 In build_straw_man_chord_sa. tolerance = 1, sa_iterations = 1000, initial_temperature = 3.0, cooling_rate = 0.999
26 - INFO - chord#: 20 done. best_score=27.0, changed=521, unchanged=412, early_stops=8/8
26 - INFO - chord#: 22 In build_straw_man_chord_sa. tolerance = 1, sa_iterations = 1000, initial_temperature = 3.0, cooling_rate = 0.999
26 - INFO - chord#: 20 done. best_score=27.0, changed=533, unchanged=462, early_stops=8/8
26 - INFO - chord#: 22 In build_straw_man_chord_sa. tolerance = 1, sa_iterations = 1000, initial_temperature = 3.0, cooling_rate = 0.999
26 - INFO - chord#: 20 done. best_score=27.0, changed=535, unchanged=461, early_stops=8/8
26 - INFO - chord#: 22 In build_straw_man_chord_sa. tolerance = 1, sa_iterations = 1000, initial_temperature = 3.0, cooling_rate = 0.999
26 - INFO - chord#: 20 done. best_score=27.0, changed=521, unchanged=419, early_stops=8/8
26 - INFO - chord#: 22 In build_straw_man_chord_sa. tolerance = 1, sa_iterations = 1000, initial_temperature = 3.0, cooling_rate = 0.999
26 - INFO - chord#: 20 done. best_score=27.0, changed=519, unchanged=386, early_stops=8/8
26 - INFO - chord#: 22 In build_straw_man_chord_sa. tolerance = 1, sa_iterations = 1000, initial_temperature = 3.0, cooling_rate = 0.999
26 - INFO - chord#: 22 done. best_score=64.0, changed=609, unchanged=306, early_stops=8/8
26 - INFO - chord#: 24 In build_straw_man_chord_sa. tolerance = 1, sa_iterations = 1000, initial_temperature = 3.0, cooling_rate = 0.999
26 - INFO - chord#: 24 done. best_score=27.0, changed=526, unchanged=428, early_stops=8/8
26 - INFO - chord#: 28 In build_straw_man_chord_sa. tolerance = 1, sa_iterations = 1000, initial_temperature = 3.0, cooling_rate = 0.999
26 - INFO - chord#: 20 done. best_score=27.0, changed=528, unchanged=402, early_stops=8/8
26 - INFO - chord#: 22 In build_straw_man_chord_sa. tolerance = 1, sa_iterations = 1000, initial_temperature = 3.0, cooling_rate = 0.999
26 - INFO - chord#: 22 done. best_score=140.0, changed=615, unchanged=414, early_stops=8/8
26 - INFO - chord#: 24 In build_straw_man_chord_sa. tolerance = 1, sa_iterations = 1000, initial_temperature = 3.0, cooling_rate = 0.999
26 - INFO - chord#: 22 done. best_score=146.0, changed=611, unchanged=251, early_stops=8/8
26 - INFO - chord#: 24 In build_straw_man_chord_sa. tolerance = 1, sa_iterations = 1000, initial_temperature = 3.0, cooling_rate = 0.999
26 - INFO - chord#: 22 done. best_score=64.0, changed=612, unchanged=475, early_stops=8/8
26 - INFO - chord#: 24 In build_straw_man_chord_sa. tolerance = 1, sa_iterations = 1000, initial_temperature = 3.0, cooling_rate = 0.999
26 - INFO - chord#: 22 done. best_score=71.0, changed=609, unchanged=276, early_stops=8/8
26 - INFO - chord#: 24 In build_straw_man_chord_sa. tolerance = 1, sa_iterations = 1000, initial_temperature = 3.0, cooling_rate = 0.999
26 - INFO - chord#: 24 done. best_score=27.0, changed=524, unchanged=364, early_stops=8/8
26 - INFO - chord#: 28 In build_straw_man_chord_sa. tolerance = 1, sa_iterations = 1000, initial_temperature = 3.0, cooling_rate = 0.999
26 - INFO - chord#: 24 done. best_score=27.0, changed=520, unchanged=359, early_stops=8/8
26 - INFO - chord#: 28 In build_straw_man_chord_sa. tolerance = 1, sa_iterations = 1000, initial_temperature = 3.0, cooling_rate = 0.999
26 - INFO - chord#: 24 done. best_score=27.0, changed=520, unchanged=434, early_stops=8/8
26 - INFO - chord#: 28 In build_straw_man_chord_sa. tolerance = 1, sa_iterations = 1000, initial_temperature = 3.0, cooling_rate = 0.999
26 - INFO - chord#: 22 done. best_score=64.0, changed=610, unchanged=396, early_stops=8/8
26 - INFO - chord#: 24 In build_straw_man_chord_sa. tolerance = 1, sa_iterations = 1000, initial_temperature = 3.0, cooling_rate = 0.999
26 - INFO - chord#: 22 done. best_score=140.0, changed=606, unchanged=226, early_stops=8/8
26 - INFO - chord#: 24 In build_straw_man_chord_sa. tolerance = 1, sa_iterations = 1000, initial_temperature = 3.0, cooling_rate = 0.999
26 - INFO - chord#: 22 done. best_score=64.0, changed=610, unchanged=383, early_stops=8/8
26 - INFO - chord#: 24 In build_straw_man_chord_sa. tolerance = 1, sa_iterations = 1000, initial_temperature = 3.0, cooling_rate = 0.999
26 - INFO - chord#: 24 done. best_score=27.0, changed=521, unchanged=325, early_stops=8/8
26 - INFO - chord#: 28 In build_straw_man_chord_sa. tolerance = 1, sa_iterations = 1000, initial_temperature = 3.0, cooling_rate = 0.999
26 - INFO - chord#: 24 done. best_score=27.0, changed=525, unchanged=325, early_stops=8/8
26 - INFO - chord#: 28 In build_straw_man_chord_sa. tolerance = 1, sa_iterations = 1000, initial_temperature = 3.0, cooling_rate = 0.999
26 - INFO - chord#: 28 done. best_score=64.0, changed=610, unchanged=293, early_stops=8/8
26 - INFO - chord#: 30 In build_straw_man_chord_sa. tolerance = 1, sa_iterations = 1000, initial_temperature = 3.0, cooling_rate = 0.999
26 - INFO - chord#: 22 done. best_score=67.0, changed=615, unchanged=344, early_stops=8/8
26 - INFO - chord#: 24 In build_straw_man_chord_sa. tolerance = 1, sa_iterations = 1000, initial_temperature = 3.0, cooling_rate = 0.999
26 - INFO - chord#: 24 done. best_score=27.0, changed=518, unchanged=431, early_stops=8/8
26 - INFO - chord#: 28 In build_straw_man_chord_sa. tolerance = 1, sa_iterations = 1000, initial_temperature = 3.0, cooling_rate = 0.999
26 - INFO - chord#: 22 done. best_score=140.0, changed=611, unchanged=429, early_stops=8/8
26 - INFO - chord#: 24 In build_straw_man_chord_sa. tolerance = 1, sa_iterations = 1000, initial_temperature = 3.0, cooling_rate = 0.999
26 - INFO - chord#: 24 done. best_score=27.0, changed=516, unchanged=358, early_stops=8/8
26 - INFO - chord#: 28 In build_straw_man_chord_sa. tolerance = 1, sa_iterations = 1000, initial_temperature = 3.0, cooling_rate = 0.999
26 - INFO - chord#: 30 done. best_score=36.0, changed=526, unchanged=380, early_stops=8/8
26 - INFO - chord#: 32 In build_straw_man_chord_sa. tolerance = 1, sa_iterations = 1000, initial_temperature = 3.0, cooling_rate = 0.999
26 - INFO - chord#: 22 done. best_score=64.0, changed=613, unchanged=402, early_stops=8/8
26 - INFO - chord#: 24 In build_straw_man_chord_sa. tolerance = 1, sa_iterations = 1000, initial_temperature = 3.0, cooling_rate = 0.999
26 - INFO - chord#: 24 done. best_score=27.0, changed=528, unchanged=482, early_stops=8/8
26 - INFO - chord#: 28 In build_straw_man_chord_sa. tolerance = 1, sa_iterations = 1000, initial_temperature = 3.0, cooling_rate = 0.999
26 - INFO - chord#: 28 done. best_score=154.0, changed=610, unchanged=263, early_stops=8/8
26 - INFO - chord#: 30 In build_straw_man_chord_sa. tolerance = 1, sa_iterations = 1000, initial_temperature = 3.0, cooling_rate = 0.999
26 - INFO - chord#: 24 done. best_score=27.0, changed=522, unchanged=355, early_stops=8/8
26 - INFO - chord#: 28 In build_straw_man_chord_sa. tolerance = 1, sa_iterations = 1000, initial_temperature = 3.0, cooling_rate = 0.999
26 - INFO - chord#: 28 done. best_score=64.0, changed=606, unchanged=321, early_stops=8/8
26 - INFO - chord#: 30 In build_straw_man_chord_sa. tolerance = 1, sa_iterations = 1000, initial_temperature = 3.0, cooling_rate = 0.999
26 - INFO - chord#: 28 done. best_score=146.0, changed=612, unchanged=288, early_stops=8/8
26 - INFO - chord#: 30 In build_straw_man_chord_sa. tolerance = 1, sa_iterations = 1000, initial_temperature = 3.0, cooling_rate = 0.999
26 - INFO - chord#: 32 done. best_score=37.0, changed=517, unchanged=352, early_stops=8/8
26 - INFO - chord#: 34 In build_straw_man_chord_sa. tolerance = 1, sa_iterations = 1000, initial_temperature = 3.0, cooling_rate = 0.999
26 - INFO - chord#: 28 done. best_score=71.0, changed=612, unchanged=437, early_stops=8/8
26 - INFO - chord#: 30 In build_straw_man_chord_sa. tolerance = 1, sa_iterations = 1000, initial_temperature = 3.0, cooling_rate = 0.999
26 - INFO - chord#: 24 done. best_score=27.0, changed=524, unchanged=539, early_stops=8/8
26 - INFO - chord#: 28 In build_straw_man_chord_sa. tolerance = 1, sa_iterations = 1000, initial_temperature = 3.0, cooling_rate = 0.999
26 - INFO - chord#: 28 done. best_score=71.0, changed=607, unchanged=217, early_stops=8/8
26 - INFO - chord#: 30 In build_straw_man_chord_sa. tolerance = 1, sa_iterations = 1000, initial_temperature = 3.0, cooling_rate = 0.999
26 - INFO - chord#: 30 done. best_score=36.0, changed=541, unchanged=423, early_stops=8/8
26 - INFO - chord#: 32 In build_straw_man_chord_sa. tolerance = 1, sa_iterations = 1000, initial_temperature = 3.0, cooling_rate = 0.999
26 - INFO - chord#: 30 done. best_score=36.0, changed=523, unchanged=328, early_stops=8/8
26 - INFO - chord#: 32 In build_straw_man_chord_sa. tolerance = 1, sa_iterations = 1000, initial_temperature = 3.0, cooling_rate = 0.999
26 - INFO - chord#: 28 done. best_score=155.0, changed=607, unchanged=271, early_stops=8/8
26 - INFO - chord#: 30 In build_straw_man_chord_sa. tolerance = 1, sa_iterations = 1000, initial_temperature = 3.0, cooling_rate = 0.999
26 - INFO - chord#: 24 done. best_score=27.0, changed=523, unchanged=458, early_stops=8/8
26 - INFO - chord#: 28 In build_straw_man_chord_sa. tolerance = 1, sa_iterations = 1000, initial_temperature = 3.0, cooling_rate = 0.999
26 - INFO - chord#: 30 done. best_score=36.0, changed=515, unchanged=379, early_stops=8/8
26 - INFO - chord#: 32 In build_straw_man_chord_sa. tolerance = 1, sa_iterations = 1000, initial_temperature = 3.0, cooling_rate = 0.999
26 - INFO - chord#: 30 done. best_score=36.0, changed=534, unchanged=434, early_stops=8/8
26 - INFO - chord#: 32 In build_straw_man_chord_sa. tolerance = 1, sa_iterations = 1000, initial_temperature = 3.0, cooling_rate = 0.999
26 - INFO - chord#: 28 done. best_score=64.0, changed=612, unchanged=359, early_stops=8/8
26 - INFO - chord#: 30 In build_straw_man_chord_sa. tolerance = 1, sa_iterations = 1000, initial_temperature = 3.0, cooling_rate = 0.999
26 - INFO - chord#: 34 done. best_score=27.0, changed=527, unchanged=364, early_stops=8/8
26 - INFO - chord#: 36 In build_straw_man_chord_sa. tolerance = 1, sa_iterations = 1000, initial_temperature = 3.0, cooling_rate = 0.999
26 - INFO - chord#: 30 done. best_score=36.0, changed=522, unchanged=373, early_stops=8/8
26 - INFO - chord#: 32 In build_straw_man_chord_sa. tolerance = 1, sa_iterations = 1000, initial_temperature = 3.0, cooling_rate = 0.999
26 - INFO - chord#: 32 done. best_score=35.0, changed=520, unchanged=331, early_stops=8/8
26 - INFO - chord#: 34 In build_straw_man_chord_sa. tolerance = 1, sa_iterations = 1000, initial_temperature = 3.0, cooling_rate = 0.999
26 - INFO - chord#: 32 done. best_score=35.0, changed=521, unchanged=335, early_stops=8/8
26 - INFO - chord#: 34 In build_straw_man_chord_sa. tolerance = 1, sa_iterations = 1000, initial_temperature = 3.0, cooling_rate = 0.999
26 - INFO - chord#: 32 done. best_score=37.0, changed=521, unchanged=372, early_stops=8/8
26 - INFO - chord#: 34 In build_straw_man_chord_sa. tolerance = 1, sa_iterations = 1000, initial_temperature = 3.0, cooling_rate = 0.999
26 - INFO - chord#: 30 done. best_score=36.0, changed=518, unchanged=323, early_stops=8/8
26 - INFO - chord#: 32 In build_straw_man_chord_sa. tolerance = 1, sa_iterations = 1000, initial_temperature = 3.0, cooling_rate = 0.999
26 - INFO - chord#: 32 done. best_score=37.0, changed=515, unchanged=384, early_stops=8/8
26 - INFO - chord#: 34 In build_straw_man_chord_sa. tolerance = 1, sa_iterations = 1000, initial_temperature = 3.0, cooling_rate = 0.999
26 - INFO - chord#: 28 done. best_score=146.0, changed=612, unchanged=238, early_stops=8/8
26 - INFO - chord#: 30 In build_straw_man_chord_sa. tolerance = 1, sa_iterations = 1000, initial_temperature = 3.0, cooling_rate = 0.999
26 - INFO - chord#: 28 done. best_score=64.0, changed=607, unchanged=345, early_stops=8/8
26 - INFO - chord#: 30 In build_straw_man_chord_sa. tolerance = 1, sa_iterations = 1000, initial_temperature = 3.0, cooling_rate = 0.999
26 - INFO - chord#: 30 done. best_score=36.0, changed=529, unchanged=472, early_stops=8/8
26 - INFO - chord#: 32 In build_straw_man_chord_sa. tolerance = 1, sa_iterations = 1000, initial_temperature = 3.0, cooling_rate = 0.999
26 - INFO - chord#: 32 done. best_score=37.0, changed=521, unchanged=323, early_stops=8/8
26 - INFO - chord#: 34 In build_straw_man_chord_sa. tolerance = 1, sa_iterations = 1000, initial_temperature = 3.0, cooling_rate = 0.999
26 - INFO - chord#: 34 done. best_score=36.0, changed=523, unchanged=344, early_stops=8/8
26 - INFO - chord#: 36 In build_straw_man_chord_sa. tolerance = 1, sa_iterations = 1000, initial_temperature = 3.0, cooling_rate = 0.999
26 - INFO - chord#: 28 done. best_score=146.0, changed=609, unchanged=206, early_stops=8/8
26 - INFO - chord#: 30 In build_straw_man_chord_sa. tolerance = 1, sa_iterations = 1000, initial_temperature = 3.0, cooling_rate = 0.999
26 - INFO - chord#: 34 done. best_score=27.0, changed=521, unchanged=311, early_stops=8/8
26 - INFO - chord#: 36 In build_straw_man_chord_sa. tolerance = 1, sa_iterations = 1000, initial_temperature = 3.0, cooling_rate = 0.999
26 - INFO - chord#: 32 done. best_score=37.0, changed=523, unchanged=339, early_stops=8/8
26 - INFO - chord#: 34 In build_straw_man_chord_sa. tolerance = 1, sa_iterations = 1000, initial_temperature = 3.0, cooling_rate = 0.999
26 - INFO - chord#: 32 done. best_score=35.0, changed=522, unchanged=337, early_stops=8/8
26 - INFO - chord#: 34 In build_straw_man_chord_sa. tolerance = 1, sa_iterations = 1000, initial_temperature = 3.0, cooling_rate = 0.999
26 - INFO - chord#: 34 done. best_score=27.0, changed=528, unchanged=460, early_stops=8/8
26 - INFO - chord#: 36 In build_straw_man_chord_sa. tolerance = 1, sa_iterations = 1000, initial_temperature = 3.0, cooling_rate = 0.999
26 - INFO - chord#: 34 done. best_score=27.0, changed=520, unchanged=383, early_stops=8/8
26 - INFO - chord#: 36 In build_straw_man_chord_sa. tolerance = 1, sa_iterations = 1000, initial_temperature = 3.0, cooling_rate = 0.999
26 - INFO - chord#: 30 done. best_score=36.0, changed=521, unchanged=347, early_stops=8/8
26 - INFO - chord#: 32 In build_straw_man_chord_sa. tolerance = 1, sa_iterations = 1000, initial_temperature = 3.0, cooling_rate = 0.999
26 - INFO - chord#: 30 done. best_score=36.0, changed=523, unchanged=462, early_stops=8/8
26 - INFO - chord#: 32 In build_straw_man_chord_sa. tolerance = 1, sa_iterations = 1000, initial_temperature = 3.0, cooling_rate = 0.999
26 - INFO - chord#: 36 done. best_score=64.0, changed=610, unchanged=322, early_stops=8/8
26 - INFO - chord#: 38 In build_straw_man_chord_sa. tolerance = 1, sa_iterations = 1000, initial_temperature = 3.0, cooling_rate = 0.999
26 - INFO - chord#: 34 done. best_score=27.0, changed=524, unchanged=354, early_stops=8/8
26 - INFO - chord#: 36 In build_straw_man_chord_sa. tolerance = 1, sa_iterations = 1000, initial_temperature = 3.0, cooling_rate = 0.999
26 - INFO - chord#: 28 done. best_score=146.0, changed=609, unchanged=292, early_stops=8/8
26 - INFO - chord#: 30 In build_straw_man_chord_sa. tolerance = 1, sa_iterations = 1000, initial_temperature = 3.0, cooling_rate = 0.999
26 - INFO - chord#: 30 done. best_score=36.0, changed=521, unchanged=383, early_stops=8/8
26 - INFO - chord#: 32 In build_straw_man_chord_sa. tolerance = 1, sa_iterations = 1000, initial_temperature = 3.0, cooling_rate = 0.999
26 - INFO - chord#: 34 done. best_score=36.0, changed=532, unchanged=361, early_stops=8/8
26 - INFO - chord#: 36 In build_straw_man_chord_sa. tolerance = 1, sa_iterations = 1000, initial_temperature = 3.0, cooling_rate = 0.999
26 - INFO - chord#: 34 done. best_score=27.0, changed=525, unchanged=414, early_stops=8/8
26 - INFO - chord#: 36 In build_straw_man_chord_sa. tolerance = 1, sa_iterations = 1000, initial_temperature = 3.0, cooling_rate = 0.999
26 - INFO - chord#: 38 done. best_score=36.0, changed=520, unchanged=382, early_stops=8/8
26 - INFO - chord#: 39 In build_straw_man_chord_sa. tolerance = 1, sa_iterations = 1000, initial_temperature = 3.0, cooling_rate = 0.999
26 - INFO - chord#: 30 done. best_score=36.0, changed=520, unchanged=390, early_stops=8/8
26 - INFO - chord#: 32 In build_straw_man_chord_sa. tolerance = 1, sa_iterations = 1000, initial_temperature = 3.0, cooling_rate = 0.999
26 - INFO - chord#: 32 done. best_score=37.0, changed=522, unchanged=405, early_stops=8/8
26 - INFO - chord#: 34 In build_straw_man_chord_sa. tolerance = 1, sa_iterations = 1000, initial_temperature = 3.0, cooling_rate = 0.999
26 - INFO - chord#: 32 done. best_score=35.0, changed=521, unchanged=416, early_stops=8/8
26 - INFO - chord#: 34 In build_straw_man_chord_sa. tolerance = 1, sa_iterations = 1000, initial_temperature = 3.0, cooling_rate = 0.999
26 - INFO - chord#: 36 done. best_score=71.0, changed=617, unchanged=290, early_stops=8/8
26 - INFO - chord#: 38 In build_straw_man_chord_sa. tolerance = 1, sa_iterations = 1000, initial_temperature = 3.0, cooling_rate = 0.999
26 - INFO - chord#: 36 done. best_score=64.0, changed=609, unchanged=334, early_stops=8/8
26 - INFO - chord#: 38 In build_straw_man_chord_sa. tolerance = 1, sa_iterations = 1000, initial_temperature = 3.0, cooling_rate = 0.999
26 - INFO - chord#: 32 done. best_score=37.0, changed=526, unchanged=422, early_stops=8/8
26 - INFO - chord#: 34 In build_straw_man_chord_sa. tolerance = 1, sa_iterations = 1000, initial_temperature = 3.0, cooling_rate = 0.999
26 - INFO - chord#: 36 done. best_score=64.0, changed=610, unchanged=263, early_stops=8/8
26 - INFO - chord#: 38 In build_straw_man_chord_sa. tolerance = 1, sa_iterations = 1000, initial_temperature = 3.0, cooling_rate = 0.999
26 - INFO - chord#: 36 done. best_score=145.0, changed=612, unchanged=316, early_stops=8/8
26 - INFO - chord#: 38 In build_straw_man_chord_sa. tolerance = 1, sa_iterations = 1000, initial_temperature = 3.0, cooling_rate = 0.999
26 - INFO - chord#: 39 done. best_score=27.0, changed=526, unchanged=405, early_stops=8/8
26 - INFO - chord#: 40 In build_straw_man_chord_sa. tolerance = 1, sa_iterations = 1000, initial_temperature = 3.0, cooling_rate = 0.999
26 - INFO - chord#: 38 done. best_score=36.0, changed=519, unchanged=345, early_stops=8/8
26 - INFO - chord#: 39 In build_straw_man_chord_sa. tolerance = 1, sa_iterations = 1000, initial_temperature = 3.0, cooling_rate = 0.999
26 - INFO - chord#: 32 done. best_score=37.0, changed=527, unchanged=411, early_stops=8/8
26 - INFO - chord#: 34 In build_straw_man_chord_sa. tolerance = 1, sa_iterations = 1000, initial_temperature = 3.0, cooling_rate = 0.999
26 - INFO - chord#: 34 done. best_score=27.0, changed=514, unchanged=329, early_stops=8/8
26 - INFO - chord#: 36 In build_straw_man_chord_sa. tolerance = 1, sa_iterations = 1000, initial_temperature = 3.0, cooling_rate = 0.999
26 - INFO - chord#: 34 done. best_score=36.0, changed=527, unchanged=403, early_stops=8/8
26 - INFO - chord#: 36 In build_straw_man_chord_sa. tolerance = 1, sa_iterations = 1000, initial_temperature = 3.0, cooling_rate = 0.999
26 - INFO - chord#: 36 done. best_score=146.0, changed=610, unchanged=413, early_stops=8/8
26 - INFO - chord#: 38 In build_straw_man_chord_sa. tolerance = 1, sa_iterations = 1000, initial_temperature = 3.0, cooling_rate = 0.999
26 - INFO - chord#: 38 done. best_score=36.0, changed=521, unchanged=353, early_stops=8/8
26 - INFO - chord#: 39 In build_straw_man_chord_sa. tolerance = 1, sa_iterations = 1000, initial_temperature = 3.0, cooling_rate = 0.999
26 - INFO - chord#: 38 done. best_score=36.0, changed=517, unchanged=373, early_stops=8/8
26 - INFO - chord#: 39 In build_straw_man_chord_sa. tolerance = 1, sa_iterations = 1000, initial_temperature = 3.0, cooling_rate = 0.999
26 - INFO - chord#: 39 done. best_score=36.0, changed=528, unchanged=307, early_stops=8/8
26 - INFO - chord#: 40 In build_straw_man_chord_sa. tolerance = 1, sa_iterations = 1000, initial_temperature = 3.0, cooling_rate = 0.999
26 - INFO - chord#: 38 done. best_score=36.0, changed=522, unchanged=353, early_stops=8/8
26 - INFO - chord#: 39 In build_straw_man_chord_sa. tolerance = 1, sa_iterations = 1000, initial_temperature = 3.0, cooling_rate = 0.999
26 - INFO - chord#: 40 done. best_score=27.0, changed=517, unchanged=447, early_stops=8/8
26 - INFO - chord#: 42 In build_straw_man_chord_sa. tolerance = 1, sa_iterations = 1000, initial_temperature = 3.0, cooling_rate = 0.999
26 - INFO - chord#: 36 done. best_score=71.0, changed=614, unchanged=436, early_stops=8/8
26 - INFO - chord#: 38 In build_straw_man_chord_sa. tolerance = 1, sa_iterations = 1000, initial_temperature = 3.0, cooling_rate = 0.999
26 - INFO - chord#: 34 done. best_score=27.0, changed=526, unchanged=422, early_stops=8/8
26 - INFO - chord#: 36 In build_straw_man_chord_sa. tolerance = 1, sa_iterations = 1000, initial_temperature = 3.0, cooling_rate = 0.999
26 - INFO - chord#: 34 done. best_score=27.0, changed=521, unchanged=342, early_stops=8/8
26 - INFO - chord#: 36 In build_straw_man_chord_sa. tolerance = 1, sa_iterations = 1000, initial_temperature = 3.0, cooling_rate = 0.999
26 - INFO - chord#: 39 done. best_score=36.0, changed=521, unchanged=489, early_stops=8/8
26 - INFO - chord#: 40 In build_straw_man_chord_sa. tolerance = 1, sa_iterations = 1000, initial_temperature = 3.0, cooling_rate = 0.999
26 - INFO - chord#: 36 done. best_score=154.0, changed=611, unchanged=271, early_stops=8/8
26 - INFO - chord#: 38 In build_straw_man_chord_sa. tolerance = 1, sa_iterations = 1000, initial_temperature = 3.0, cooling_rate = 0.999
26 - INFO - chord#: 38 done. best_score=36.0, changed=523, unchanged=424, early_stops=8/8
26 - INFO - chord#: 39 In build_straw_man_chord_sa. tolerance = 1, sa_iterations = 1000, initial_temperature = 3.0, cooling_rate = 0.999
26 - INFO - chord#: 40 done. best_score=36.0, changed=511, unchanged=364, early_stops=8/8
26 - INFO - chord#: 42 In build_straw_man_chord_sa. tolerance = 1, sa_iterations = 1000, initial_temperature = 3.0, cooling_rate = 0.999
26 - INFO - chord#: 39 done. best_score=27.0, changed=519, unchanged=452, early_stops=8/8
26 - INFO - chord#: 40 In build_straw_man_chord_sa. tolerance = 1, sa_iterations = 1000, initial_temperature = 3.0, cooling_rate = 0.999
26 - INFO - chord#: 39 done. best_score=27.0, changed=531, unchanged=519, early_stops=8/8
26 - INFO - chord#: 40 In build_straw_man_chord_sa. tolerance = 1, sa_iterations = 1000, initial_temperature = 3.0, cooling_rate = 0.999
26 - INFO - chord#: 38 done. best_score=36.0, changed=526, unchanged=452, early_stops=8/8
26 - INFO - chord#: 39 In build_straw_man_chord_sa. tolerance = 1, sa_iterations = 1000, initial_temperature = 3.0, cooling_rate = 0.999
26 - INFO - chord#: 40 done. best_score=27.0, changed=520, unchanged=436, early_stops=8/8
26 - INFO - chord#: 42 In build_straw_man_chord_sa. tolerance = 1, sa_iterations = 1000, initial_temperature = 3.0, cooling_rate = 0.999
26 - INFO - chord#: 38 done. best_score=36.0, changed=517, unchanged=336, early_stops=8/8
26 - INFO - chord#: 39 In build_straw_man_chord_sa. tolerance = 1, sa_iterations = 1000, initial_temperature = 3.0, cooling_rate = 0.999
26 - INFO - chord#: 36 done. best_score=145.0, changed=608, unchanged=237, early_stops=8/8
26 - INFO - chord#: 38 In build_straw_man_chord_sa. tolerance = 1, sa_iterations = 1000, initial_temperature = 3.0, cooling_rate = 0.999
26 - INFO - chord#: 39 done. best_score=36.0, changed=526, unchanged=466, early_stops=8/8
26 - INFO - chord#: 40 In build_straw_man_chord_sa. tolerance = 1, sa_iterations = 1000, initial_temperature = 3.0, cooling_rate = 0.999
26 - INFO - chord#: 40 done. best_score=27.0, changed=514, unchanged=429, early_stops=8/8
26 - INFO - chord#: 42 In build_straw_man_chord_sa. tolerance = 1, sa_iterations = 1000, initial_temperature = 3.0, cooling_rate = 0.999
26 - INFO - chord#: 39 done. best_score=36.0, changed=520, unchanged=366, early_stops=8/8
26 - INFO - chord#: 40 In build_straw_man_chord_sa. tolerance = 1, sa_iterations = 1000, initial_temperature = 3.0, cooling_rate = 0.999
26 - INFO - chord#: 40 done. best_score=27.0, changed=519, unchanged=558, early_stops=8/8
26 - INFO - chord#: 42 In build_straw_man_chord_sa. tolerance = 1, sa_iterations = 1000, initial_temperature = 3.0, cooling_rate = 0.999
26 - INFO - chord#: 42 done. best_score=67.0, changed=613, unchanged=315, early_stops=8/8
26 - INFO - chord#: 44 In build_straw_man_chord_sa. tolerance = 1, sa_iterations = 1000, initial_temperature = 3.0, cooling_rate = 0.999
26 - INFO - chord#: 36 done. best_score=71.0, changed=617, unchanged=409, early_stops=8/8
26 - INFO - chord#: 38 In build_straw_man_chord_sa. tolerance = 1, sa_iterations = 1000, initial_temperature = 3.0, cooling_rate = 0.999
26 - INFO - chord#: 39 done. best_score=36.0, changed=529, unchanged=391, early_stops=8/8
26 - INFO - chord#: 40 In build_straw_man_chord_sa. tolerance = 1, sa_iterations = 1000, initial_temperature = 3.0, cooling_rate = 0.999
26 - INFO - chord#: 36 done. best_score=154.0, changed=612, unchanged=268, early_stops=8/8
26 - INFO - chord#: 38 In build_straw_man_chord_sa. tolerance = 1, sa_iterations = 1000, initial_temperature = 3.0, cooling_rate = 0.999
26 - INFO - chord#: 38 done. best_score=36.0, changed=518, unchanged=420, early_stops=8/8
26 - INFO - chord#: 39 In build_straw_man_chord_sa. tolerance = 1, sa_iterations = 1000, initial_temperature = 3.0, cooling_rate = 0.999
26 - INFO - chord#: 36 done. best_score=64.0, changed=608, unchanged=351, early_stops=8/8
26 - INFO - chord#: 38 In build_straw_man_chord_sa. tolerance = 1, sa_iterations = 1000, initial_temperature = 3.0, cooling_rate = 0.999
26 - INFO - chord#: 42 done. best_score=78.0, changed=608, unchanged=338, early_stops=8/8
26 - INFO - chord#: 44 In build_straw_man_chord_sa. tolerance = 1, sa_iterations = 1000, initial_temperature = 3.0, cooling_rate = 0.999
26 - INFO - chord#: 40 done. best_score=27.0, changed=519, unchanged=363, early_stops=8/8
26 - INFO - chord#: 42 In build_straw_man_chord_sa. tolerance = 1, sa_iterations = 1000, initial_temperature = 3.0, cooling_rate = 0.999
26 - INFO - chord#: 44 done. best_score=27.0, changed=516, unchanged=401, early_stops=8/8
26 - INFO - chord#: 48 In build_straw_man_chord_sa. tolerance = 1, sa_iterations = 1000, initial_temperature = 3.0, cooling_rate = 0.999
26 - INFO - chord#: 40 done. best_score=27.0, changed=523, unchanged=543, early_stops=8/8
26 - INFO - chord#: 42 In build_straw_man_chord_sa. tolerance = 1, sa_iterations = 1000, initial_temperature = 3.0, cooling_rate = 0.999
26 - INFO - chord#: 48 done. best_score=9.0, changed=494, unchanged=345, early_stops=8/8
26 - INFO - chord#: 50 In build_straw_man_chord_sa. tolerance = 1, sa_iterations = 1000, initial_temperature = 3.0, cooling_rate = 0.999
26 - INFO - chord#: 38 done. best_score=36.0, changed=523, unchanged=379, early_stops=8/8
26 - INFO - chord#: 39 In build_straw_man_chord_sa. tolerance = 1, sa_iterations = 1000, initial_temperature = 3.0, cooling_rate = 0.999
26 - INFO - chord#: 42 done. best_score=137.0, changed=615, unchanged=255, early_stops=8/8
26 - INFO - chord#: 44 In build_straw_man_chord_sa. tolerance = 1, sa_iterations = 1000, initial_temperature = 3.0, cooling_rate = 0.999
26 - INFO - chord#: 44 done. best_score=27.0, changed=527, unchanged=421, early_stops=8/8
26 - INFO - chord#: 48 In build_straw_man_chord_sa. tolerance = 1, sa_iterations = 1000, initial_temperature = 3.0, cooling_rate = 0.999
26 - INFO - chord#: 40 done. best_score=27.0, changed=522, unchanged=420, early_stops=8/8
26 - INFO - chord#: 42 In build_straw_man_chord_sa. tolerance = 1, sa_iterations = 1000, initial_temperature = 3.0, cooling_rate = 0.999
26 - INFO - chord#: 38 done. best_score=36.0, changed=524, unchanged=375, early_stops=8/8
26 - INFO - chord#: 39 In build_straw_man_chord_sa. tolerance = 1, sa_iterations = 1000, initial_temperature = 3.0, cooling_rate = 0.999
26 - INFO - chord#: 48 done. best_score=9.0, changed=484, unchanged=330, early_stops=8/8
26 - INFO - chord#: 50 In build_straw_man_chord_sa. tolerance = 1, sa_iterations = 1000, initial_temperature = 3.0, cooling_rate = 0.999
26 - INFO - chord#: 39 done. best_score=27.0, changed=513, unchanged=308, early_stops=8/8
26 - INFO - chord#: 40 In build_straw_man_chord_sa. tolerance = 1, sa_iterations = 1000, initial_temperature = 3.0, cooling_rate = 0.999
26 - INFO - chord#: 38 done. best_score=36.0, changed=534, unchanged=447, early_stops=8/8
26 - INFO - chord#: 39 In build_straw_man_chord_sa. tolerance = 1, sa_iterations = 1000, initial_temperature = 3.0, cooling_rate = 0.999
26 - INFO - chord#: 42 done. best_score=67.0, changed=611, unchanged=338, early_stops=8/8
26 - INFO - chord#: 44 In build_straw_man_chord_sa. tolerance = 1, sa_iterations = 1000, initial_temperature = 3.0, cooling_rate = 0.999
26 - INFO - chord#: 39 done. best_score=36.0, changed=523, unchanged=345, early_stops=8/8
26 - INFO - chord#: 40 In build_straw_man_chord_sa. tolerance = 1, sa_iterations = 1000, initial_temperature = 3.0, cooling_rate = 0.999
26 - INFO - chord#: 44 done. best_score=27.0, changed=527, unchanged=409, early_stops=8/8
26 - INFO - chord#: 48 In build_straw_man_chord_sa. tolerance = 1, sa_iterations = 1000, initial_temperature = 3.0, cooling_rate = 0.999
26 - INFO - chord#: 50 done. best_score=35.0, changed=528, unchanged=511, early_stops=8/8
26 - INFO - chord#: 52 In build_straw_man_chord_sa. tolerance = 1, sa_iterations = 1000, initial_temperature = 3.0, cooling_rate = 0.999
26 - INFO - chord#: 42 done. best_score=67.0, changed=616, unchanged=439, early_stops=8/8
26 - INFO - chord#: 44 In build_straw_man_chord_sa. tolerance = 1, sa_iterations = 1000, initial_temperature = 3.0, cooling_rate = 0.999
26 - INFO - chord#: 48 done. best_score=9.0, changed=468, unchanged=369, early_stops=8/8
26 - INFO - chord#: 50 In build_straw_man_chord_sa. tolerance = 1, sa_iterations = 1000, initial_temperature = 3.0, cooling_rate = 0.999
26 - INFO - chord#: 50 done. best_score=35.0, changed=516, unchanged=400, early_stops=8/8
26 - INFO - chord#: 52 In build_straw_man_chord_sa. tolerance = 1, sa_iterations = 1000, initial_temperature = 3.0, cooling_rate = 0.999
26 - INFO - chord#: 39 done. best_score=36.0, changed=527, unchanged=406, early_stops=8/8
26 - INFO - chord#: 40 In build_straw_man_chord_sa. tolerance = 1, sa_iterations = 1000, initial_temperature = 3.0, cooling_rate = 0.999
26 - INFO - chord#: 42 done. best_score=137.0, changed=609, unchanged=295, early_stops=8/8
26 - INFO - chord#: 44 In build_straw_man_chord_sa. tolerance = 1, sa_iterations = 1000, initial_temperature = 3.0, cooling_rate = 0.999
26 - INFO - chord#: 44 done. best_score=27.0, changed=525, unchanged=445, early_stops=8/8
26 - INFO - chord#: 48 In build_straw_man_chord_sa. tolerance = 1, sa_iterations = 1000, initial_temperature = 3.0, cooling_rate = 0.999
26 - INFO - chord#: 40 done. best_score=27.0, changed=526, unchanged=446, early_stops=8/8
26 - INFO - chord#: 42 In build_straw_man_chord_sa. tolerance = 1, sa_iterations = 1000, initial_temperature = 3.0, cooling_rate = 0.999
26 - INFO - chord#: 39 done. best_score=27.0, changed=523, unchanged=358, early_stops=8/8
26 - INFO - chord#: 40 In build_straw_man_chord_sa. tolerance = 1, sa_iterations = 1000, initial_temperature = 3.0, cooling_rate = 0.999
26 - INFO - chord#: 52 done. best_score=27.0, changed=520, unchanged=346, early_stops=8/8
26 - INFO - chord#: 54 In build_straw_man_chord_sa. tolerance = 1, sa_iterations = 1000, initial_temperature = 3.0, cooling_rate = 0.999
26 - INFO - chord#: 44 done. best_score=27.0, changed=521, unchanged=429, early_stops=8/8
26 - INFO - chord#: 48 In build_straw_man_chord_sa. tolerance = 1, sa_iterations = 1000, initial_temperature = 3.0, cooling_rate = 0.999
26 - INFO - chord#: 48 done. best_score=9.0, changed=477, unchanged=356, early_stops=8/8
26 - INFO - chord#: 50 In build_straw_man_chord_sa. tolerance = 1, sa_iterations = 1000, initial_temperature = 3.0, cooling_rate = 0.999
26 - INFO - chord#: 42 done. best_score=137.0, changed=613, unchanged=264, early_stops=8/8
26 - INFO - chord#: 44 In build_straw_man_chord_sa. tolerance = 1, sa_iterations = 1000, initial_temperature = 3.0, cooling_rate = 0.999
26 - INFO - chord#: 48 done. best_score=9.0, changed=499, unchanged=325, early_stops=8/8
26 - INFO - chord#: 50 In build_straw_man_chord_sa. tolerance = 1, sa_iterations = 1000, initial_temperature = 3.0, cooling_rate = 0.999
26 - INFO - chord#: 40 done. best_score=27.0, changed=524, unchanged=473, early_stops=8/8
26 - INFO - chord#: 42 In build_straw_man_chord_sa. tolerance = 1, sa_iterations = 1000, initial_temperature = 3.0, cooling_rate = 0.999
26 - INFO - chord#: 50 done. best_score=35.0, changed=518, unchanged=367, early_stops=8/8
26 - INFO - chord#: 52 In build_straw_man_chord_sa. tolerance = 1, sa_iterations = 1000, initial_temperature = 3.0, cooling_rate = 0.999
26 - INFO - chord#: 52 done. best_score=27.0, changed=521, unchanged=383, early_stops=8/8
26 - INFO - chord#: 54 In build_straw_man_chord_sa. tolerance = 1, sa_iterations = 1000, initial_temperature = 3.0, cooling_rate = 0.999
26 - INFO - chord#: 42 done. best_score=137.0, changed=608, unchanged=218, early_stops=8/8
26 - INFO - chord#: 44 In build_straw_man_chord_sa. tolerance = 1, sa_iterations = 1000, initial_temperature = 3.0, cooling_rate = 0.999
26 - INFO - chord#: 40 done. best_score=27.0, changed=520, unchanged=429, early_stops=8/8
26 - INFO - chord#: 42 In build_straw_man_chord_sa. tolerance = 1, sa_iterations = 1000, initial_temperature = 3.0, cooling_rate = 0.999
26 - INFO - chord#: 44 done. best_score=27.0, changed=520, unchanged=337, early_stops=8/8
26 - INFO - chord#: 48 In build_straw_man_chord_sa. tolerance = 1, sa_iterations = 1000, initial_temperature = 3.0, cooling_rate = 0.999
26 - INFO - chord#: 54 done. best_score=27.0, changed=517, unchanged=351, early_stops=8/8
26 - INFO - chord#: 56 In build_straw_man_chord_sa. tolerance = 1, sa_iterations = 1000, initial_temperature = 3.0, cooling_rate = 0.999
26 - INFO - chord#: 40 done. best_score=27.0, changed=523, unchanged=460, early_stops=8/8
26 - INFO - chord#: 42 In build_straw_man_chord_sa. tolerance = 1, sa_iterations = 1000, initial_temperature = 3.0, cooling_rate = 0.999
26 - INFO - chord#: 52 done. best_score=27.0, changed=523, unchanged=414, early_stops=8/8
26 - INFO - chord#: 54 In build_straw_man_chord_sa. tolerance = 1, sa_iterations = 1000, initial_temperature = 3.0, cooling_rate = 0.999
26 - INFO - chord#: 48 done. best_score=9.0, changed=469, unchanged=357, early_stops=8/8
26 - INFO - chord#: 50 In build_straw_man_chord_sa. tolerance = 1, sa_iterations = 1000, initial_temperature = 3.0, cooling_rate = 0.999
26 - INFO - chord#: 44 done. best_score=27.0, changed=526, unchanged=384, early_stops=8/8
26 - INFO - chord#: 48 In build_straw_man_chord_sa. tolerance = 1, sa_iterations = 1000, initial_temperature = 3.0, cooling_rate = 0.999
26 - INFO - chord#: 50 done. best_score=35.0, changed=520, unchanged=427, early_stops=8/8
26 - INFO - chord#: 52 In build_straw_man_chord_sa. tolerance = 1, sa_iterations = 1000, initial_temperature = 3.0, cooling_rate = 0.999
26 - INFO - chord#: 50 done. best_score=35.0, changed=531, unchanged=388, early_stops=8/8
26 - INFO - chord#: 52 In build_straw_man_chord_sa. tolerance = 1, sa_iterations = 1000, initial_temperature = 3.0, cooling_rate = 0.999
26 - INFO - chord#: 54 done. best_score=27.0, changed=523, unchanged=377, early_stops=8/8
26 - INFO - chord#: 56 In build_straw_man_chord_sa. tolerance = 1, sa_iterations = 1000, initial_temperature = 3.0, cooling_rate = 0.999
26 - INFO - chord#: 48 done. best_score=9.0, changed=476, unchanged=352, early_stops=8/8
26 - INFO - chord#: 50 In build_straw_man_chord_sa. tolerance = 1, sa_iterations = 1000, initial_temperature = 3.0, cooling_rate = 0.999
26 - INFO - chord#: 42 done. best_score=67.0, changed=611, unchanged=242, early_stops=8/8
26 - INFO - chord#: 44 In build_straw_man_chord_sa. tolerance = 1, sa_iterations = 1000, initial_temperature = 3.0, cooling_rate = 0.999
26 - INFO - chord#: 56 done. best_score=27.0, changed=523, unchanged=360, early_stops=8/8
26 - INFO - chord#: 58 In build_straw_man_chord_sa. tolerance = 1, sa_iterations = 1000, initial_temperature = 3.0, cooling_rate = 0.999
26 - INFO - chord#: 44 done. best_score=27.0, changed=520, unchanged=435, early_stops=8/8
26 - INFO - chord#: 48 In build_straw_man_chord_sa. tolerance = 1, sa_iterations = 1000, initial_temperature = 3.0, cooling_rate = 0.999
26 - INFO - chord#: 54 done. best_score=27.0, changed=519, unchanged=374, early_stops=8/8
26 - INFO - chord#: 56 In build_straw_man_chord_sa. tolerance = 1, sa_iterations = 1000, initial_temperature = 3.0, cooling_rate = 0.999
26 - INFO - chord#: 48 done. best_score=9.0, changed=471, unchanged=337, early_stops=8/8
26 - INFO - chord#: 50 In build_straw_man_chord_sa. tolerance = 1, sa_iterations = 1000, initial_temperature = 3.0, cooling_rate = 0.999
26 - INFO - chord#: 52 done. best_score=27.0, changed=530, unchanged=462, early_stops=8/8
26 - INFO - chord#: 54 In build_straw_man_chord_sa. tolerance = 1, sa_iterations = 1000, initial_temperature = 3.0, cooling_rate = 0.999
26 - INFO - chord#: 56 done. best_score=27.0, changed=529, unchanged=444, early_stops=8/8
26 - INFO - chord#: 58 In build_straw_man_chord_sa. tolerance = 1, sa_iterations = 1000, initial_temperature = 3.0, cooling_rate = 0.999
26 - INFO - chord#: 50 done. best_score=35.0, changed=528, unchanged=416, early_stops=8/8
26 - INFO - chord#: 52 In build_straw_man_chord_sa. tolerance = 1, sa_iterations = 1000, initial_temperature = 3.0, cooling_rate = 0.999
26 - INFO - chord#: 44 done. best_score=27.0, changed=523, unchanged=380, early_stops=8/8
26 - INFO - chord#: 48 In build_straw_man_chord_sa. tolerance = 1, sa_iterations = 1000, initial_temperature = 3.0, cooling_rate = 0.999
26 - INFO - chord#: 42 done. best_score=67.0, changed=608, unchanged=267, early_stops=8/8
26 - INFO - chord#: 44 In build_straw_man_chord_sa. tolerance = 1, sa_iterations = 1000, initial_temperature = 3.0, cooling_rate = 0.999
26 - INFO - chord#: 42 done. best_score=96.0, changed=611, unchanged=291, early_stops=8/8
26 - INFO - chord#: 44 In build_straw_man_chord_sa. tolerance = 1, sa_iterations = 1000, initial_temperature = 3.0, cooling_rate = 0.999
26 - INFO - chord#: 52 done. best_score=27.0, changed=528, unchanged=590, early_stops=8/8
26 - INFO - chord#: 54 In build_straw_man_chord_sa. tolerance = 1, sa_iterations = 1000, initial_temperature = 3.0, cooling_rate = 0.999
26 - INFO - chord#: 48 done. best_score=9.0, changed=471, unchanged=348, early_stops=8/8
26 - INFO - chord#: 50 In build_straw_man_chord_sa. tolerance = 1, sa_iterations = 1000, initial_temperature = 3.0, cooling_rate = 0.999
26 - INFO - chord#: 50 done. best_score=35.0, changed=525, unchanged=509, early_stops=8/8
26 - INFO - chord#: 52 In build_straw_man_chord_sa. tolerance = 1, sa_iterations = 1000, initial_temperature = 3.0, cooling_rate = 0.999
26 - INFO - chord#: 56 done. best_score=27.0, changed=524, unchanged=648, early_stops=8/8
26 - INFO - chord#: 58 In build_straw_man_chord_sa. tolerance = 1, sa_iterations = 1000, initial_temperature = 3.0, cooling_rate = 0.999
26 - INFO - chord#: 54 done. best_score=27.0, changed=523, unchanged=482, early_stops=8/8
26 - INFO - chord#: 56 In build_straw_man_chord_sa. tolerance = 1, sa_iterations = 1000, initial_temperature = 3.0, cooling_rate = 0.999
26 - INFO - chord#: 50 done. best_score=35.0, changed=532, unchanged=461, early_stops=8/8
26 - INFO - chord#: 52 In build_straw_man_chord_sa. tolerance = 1, sa_iterations = 1000, initial_temperature = 3.0, cooling_rate = 0.999
26 - INFO - chord#: 52 done. best_score=27.0, changed=519, unchanged=384, early_stops=8/8
26 - INFO - chord#: 54 In build_straw_man_chord_sa. tolerance = 1, sa_iterations = 1000, initial_temperature = 3.0, cooling_rate = 0.999
26 - INFO - chord#: 42 done. best_score=137.0, changed=611, unchanged=307, early_stops=8/8
26 - INFO - chord#: 44 In build_straw_man_chord_sa. tolerance = 1, sa_iterations = 1000, initial_temperature = 3.0, cooling_rate = 0.999
26 - INFO - chord#: 58 done. best_score=182.0, changed=612, unchanged=253, early_stops=8/8
26 - INFO - chord#: 60 In build_straw_man_chord_sa. tolerance = 1, sa_iterations = 1000, initial_temperature = 3.0, cooling_rate = 0.999
26 - INFO - chord#: 44 done. best_score=27.0, changed=521, unchanged=426, early_stops=8/8
26 - INFO - chord#: 48 In build_straw_man_chord_sa. tolerance = 1, sa_iterations = 1000, initial_temperature = 3.0, cooling_rate = 0.999
26 - INFO - chord#: 44 done. best_score=27.0, changed=522, unchanged=339, early_stops=8/8
26 - INFO - chord#: 48 In build_straw_man_chord_sa. tolerance = 1, sa_iterations = 1000, initial_temperature = 3.0, cooling_rate = 0.999
26 - INFO - chord#: 54 done. best_score=27.0, changed=514, unchanged=324, early_stops=8/8
26 - INFO - chord#: 56 In build_straw_man_chord_sa. tolerance = 1, sa_iterations = 1000, initial_temperature = 3.0, cooling_rate = 0.999
26 - INFO - chord#: 48 done. best_score=9.0, changed=475, unchanged=356, early_stops=8/8
26 - INFO - chord#: 50 In build_straw_man_chord_sa. tolerance = 1, sa_iterations = 1000, initial_temperature = 3.0, cooling_rate = 0.999
26 - INFO - chord#: 50 done. best_score=35.0, changed=526, unchanged=475, early_stops=8/8
26 - INFO - chord#: 52 In build_straw_man_chord_sa. tolerance = 1, sa_iterations = 1000, initial_temperature = 3.0, cooling_rate = 0.999
26 - INFO - chord#: 48 done. best_score=9.0, changed=489, unchanged=366, early_stops=8/8
26 - INFO - chord#: 50 In build_straw_man_chord_sa. tolerance = 1, sa_iterations = 1000, initial_temperature = 3.0, cooling_rate = 0.999
26 - INFO - chord#: 52 done. best_score=27.0, changed=519, unchanged=371, early_stops=8/8
26 - INFO - chord#: 54 In build_straw_man_chord_sa. tolerance = 1, sa_iterations = 1000, initial_temperature = 3.0, cooling_rate = 0.999
26 - INFO - chord#: 56 done. best_score=27.0, changed=525, unchanged=480, early_stops=8/8
26 - INFO - chord#: 58 In build_straw_man_chord_sa. tolerance = 1, sa_iterations = 1000, initial_temperature = 3.0, cooling_rate = 0.999
26 - INFO - chord#: 60 done. best_score=27.0, changed=517, unchanged=302, early_stops=8/8
26 - INFO - chord#: 62 In build_straw_man_chord_sa. tolerance = 1, sa_iterations = 1000, initial_temperature = 3.0, cooling_rate = 0.999
26 - INFO - chord#: 52 done. best_score=27.0, changed=526, unchanged=467, early_stops=8/8
26 - INFO - chord#: 54 In build_straw_man_chord_sa. tolerance = 1, sa_iterations = 1000, initial_temperature = 3.0, cooling_rate = 0.999
26 - INFO - chord#: 44 done. best_score=27.0, changed=523, unchanged=332, early_stops=8/8
26 - INFO - chord#: 48 In build_straw_man_chord_sa. tolerance = 1, sa_iterations = 1000, initial_temperature = 3.0, cooling_rate = 0.999
26 - INFO - chord#: 58 done. best_score=148.0, changed=617, unchanged=385, early_stops=8/8
26 - INFO - chord#: 60 In build_straw_man_chord_sa. tolerance = 1, sa_iterations = 1000, initial_temperature = 3.0, cooling_rate = 0.999
26 - INFO - chord#: 54 done. best_score=27.0, changed=523, unchanged=363, early_stops=8/8
26 - INFO - chord#: 56 In build_straw_man_chord_sa. tolerance = 1, sa_iterations = 1000, initial_temperature = 3.0, cooling_rate = 0.999
26 - INFO - chord#: 52 done. best_score=27.0, changed=519, unchanged=337, early_stops=8/8
26 - INFO - chord#: 54 In build_straw_man_chord_sa. tolerance = 1, sa_iterations = 1000, initial_temperature = 3.0, cooling_rate = 0.999
26 - INFO - chord#: 50 done. best_score=35.0, changed=523, unchanged=376, early_stops=8/8
26 - INFO - chord#: 52 In build_straw_man_chord_sa. tolerance = 1, sa_iterations = 1000, initial_temperature = 3.0, cooling_rate = 0.999
26 - INFO - chord#: 48 done. best_score=9.0, changed=475, unchanged=358, early_stops=8/8
26 - INFO - chord#: 50 In build_straw_man_chord_sa. tolerance = 1, sa_iterations = 1000, initial_temperature = 3.0, cooling_rate = 0.999
26 - INFO - chord#: 56 done. best_score=27.0, changed=513, unchanged=343, early_stops=8/8
26 - INFO - chord#: 58 In build_straw_man_chord_sa. tolerance = 1, sa_iterations = 1000, initial_temperature = 3.0, cooling_rate = 0.999
26 - INFO - chord#: 54 done. best_score=27.0, changed=523, unchanged=386, early_stops=8/8
26 - INFO - chord#: 56 In build_straw_man_chord_sa. tolerance = 1, sa_iterations = 1000, initial_temperature = 3.0, cooling_rate = 0.999
26 - INFO - chord#: 58 done. best_score=74.0, changed=615, unchanged=374, early_stops=8/8
26 - INFO - chord#: 60 In build_straw_man_chord_sa. tolerance = 1, sa_iterations = 1000, initial_temperature = 3.0, cooling_rate = 0.999
26 - INFO - chord#: 50 done. best_score=35.0, changed=522, unchanged=488, early_stops=8/8
26 - INFO - chord#: 52 In build_straw_man_chord_sa. tolerance = 1, sa_iterations = 1000, initial_temperature = 3.0, cooling_rate = 0.999
26 - INFO - chord#: 60 done. best_score=27.0, changed=519, unchanged=300, early_stops=8/8
26 - INFO - chord#: 62 In build_straw_man_chord_sa. tolerance = 1, sa_iterations = 1000, initial_temperature = 3.0, cooling_rate = 0.999
26 - INFO - chord#: 54 done. best_score=27.0, changed=519, unchanged=376, early_stops=8/8
26 - INFO - chord#: 56 In build_straw_man_chord_sa. tolerance = 1, sa_iterations = 1000, initial_temperature = 3.0, cooling_rate = 0.999
26 - INFO - chord#: 52 done. best_score=27.0, changed=523, unchanged=442, early_stops=8/8
26 - INFO - chord#: 54 In build_straw_man_chord_sa. tolerance = 1, sa_iterations = 1000, initial_temperature = 3.0, cooling_rate = 0.999
26 - INFO - chord#: 54 done. best_score=27.0, changed=533, unchanged=533, early_stops=8/8
26 - INFO - chord#: 56 In build_straw_man_chord_sa. tolerance = 1, sa_iterations = 1000, initial_temperature = 3.0, cooling_rate = 0.999
26 - INFO - chord#: 56 done. best_score=27.0, changed=521, unchanged=420, early_stops=8/8
26 - INFO - chord#: 58 In build_straw_man_chord_sa. tolerance = 1, sa_iterations = 1000, initial_temperature = 3.0, cooling_rate = 0.999
26 - INFO - chord#: 60 done. best_score=27.0, changed=528, unchanged=353, early_stops=8/8
26 - INFO - chord#: 62 In build_straw_man_chord_sa. tolerance = 1, sa_iterations = 1000, initial_temperature = 3.0, cooling_rate = 0.999
26 - INFO - chord#: 50 done. best_score=35.0, changed=515, unchanged=366, early_stops=8/8
26 - INFO - chord#: 52 In build_straw_man_chord_sa. tolerance = 1, sa_iterations = 1000, initial_temperature = 3.0, cooling_rate = 0.999
26 - INFO - chord#: 62 done. best_score=70.0, changed=618, unchanged=299, early_stops=8/8
26 - INFO - chord#: 64 In build_straw_man_chord_sa. tolerance = 1, sa_iterations = 1000, initial_temperature = 3.0, cooling_rate = 0.999
26 - INFO - chord#: 56 done. best_score=27.0, changed=521, unchanged=403, early_stops=8/8
26 - INFO - chord#: 58 In build_straw_man_chord_sa. tolerance = 1, sa_iterations = 1000, initial_temperature = 3.0, cooling_rate = 0.999
26 - INFO - chord#: 58 done. best_score=96.0, changed=616, unchanged=428, early_stops=8/8
26 - INFO - chord#: 60 In build_straw_man_chord_sa. tolerance = 1, sa_iterations = 1000, initial_temperature = 3.0, cooling_rate = 0.999
26 - INFO - chord#: 52 done. best_score=27.0, changed=530, unchanged=423, early_stops=8/8
26 - INFO - chord#: 54 In build_straw_man_chord_sa. tolerance = 1, sa_iterations = 1000, initial_temperature = 3.0, cooling_rate = 0.999
26 - INFO - chord#: 54 done. best_score=27.0, changed=508, unchanged=308, early_stops=8/8
26 - INFO - chord#: 56 In build_straw_man_chord_sa. tolerance = 1, sa_iterations = 1000, initial_temperature = 3.0, cooling_rate = 0.999
26 - INFO - chord#: 56 done. best_score=27.0, changed=526, unchanged=476, early_stops=8/8
26 - INFO - chord#: 58 In build_straw_man_chord_sa. tolerance = 1, sa_iterations = 1000, initial_temperature = 3.0, cooling_rate = 0.999
26 - INFO - chord#: 56 done. best_score=27.0, changed=522, unchanged=434, early_stops=8/8
26 - INFO - chord#: 58 In build_straw_man_chord_sa. tolerance = 1, sa_iterations = 1000, initial_temperature = 3.0, cooling_rate = 0.999
26 - INFO - chord#: 52 done. best_score=27.0, changed=520, unchanged=332, early_stops=8/8
26 - INFO - chord#: 54 In build_straw_man_chord_sa. tolerance = 1, sa_iterations = 1000, initial_temperature = 3.0, cooling_rate = 0.999
26 - INFO - chord#: 60 done. best_score=27.0, changed=531, unchanged=341, early_stops=8/8
26 - INFO - chord#: 62 In build_straw_man_chord_sa. tolerance = 1, sa_iterations = 1000, initial_temperature = 3.0, cooling_rate = 0.999
26 - INFO - chord#: 58 done. best_score=74.0, changed=615, unchanged=277, early_stops=8/8
26 - INFO - chord#: 60 In build_straw_man_chord_sa. tolerance = 1, sa_iterations = 1000, initial_temperature = 3.0, cooling_rate = 0.999
26 - INFO - chord#: 64 done. best_score=27.0, changed=525, unchanged=530, early_stops=8/8
26 - INFO - chord#: 68 In build_straw_man_chord_sa. tolerance = 1, sa_iterations = 1000, initial_temperature = 3.0, cooling_rate = 0.999
26 - INFO - chord#: 62 done. best_score=104.0, changed=612, unchanged=329, early_stops=8/8
26 - INFO - chord#: 64 In build_straw_man_chord_sa. tolerance = 1, sa_iterations = 1000, initial_temperature = 3.0, cooling_rate = 0.999
26 - INFO - chord#: 56 done. best_score=27.0, changed=517, unchanged=320, early_stops=8/8
26 - INFO - chord#: 58 In build_straw_man_chord_sa. tolerance = 1, sa_iterations = 1000, initial_temperature = 3.0, cooling_rate = 0.999
26 - INFO - chord#: 54 done. best_score=27.0, changed=531, unchanged=437, early_stops=8/8
26 - INFO - chord#: 56 In build_straw_man_chord_sa. tolerance = 1, sa_iterations = 1000, initial_temperature = 3.0, cooling_rate = 0.999
26 - INFO - chord#: 68 done. best_score=27.0, changed=514, unchanged=367, early_stops=8/8
26 - INFO - chord#: 70 In build_straw_man_chord_sa. tolerance = 1, sa_iterations = 1000, initial_temperature = 3.0, cooling_rate = 0.999
26 - INFO - chord#: 62 done. best_score=70.0, changed=614, unchanged=398, early_stops=8/8
26 - INFO - chord#: 64 In build_straw_man_chord_sa. tolerance = 1, sa_iterations = 1000, initial_temperature = 3.0, cooling_rate = 0.999
26 - INFO - chord#: 58 done. best_score=121.0, changed=608, unchanged=256, early_stops=8/8
26 - INFO - chord#: 60 In build_straw_man_chord_sa. tolerance = 1, sa_iterations = 1000, initial_temperature = 3.0, cooling_rate = 0.999
26 - INFO - chord#: 54 done. best_score=27.0, changed=523, unchanged=389, early_stops=8/8
26 - INFO - chord#: 56 In build_straw_man_chord_sa. tolerance = 1, sa_iterations = 1000, initial_temperature = 3.0, cooling_rate = 0.999
26 - INFO - chord#: 64 done. best_score=27.0, changed=518, unchanged=365, early_stops=8/8
26 - INFO - chord#: 68 In build_straw_man_chord_sa. tolerance = 1, sa_iterations = 1000, initial_temperature = 3.0, cooling_rate = 0.999
26 - INFO - chord#: 60 done. best_score=27.0, changed=540, unchanged=466, early_stops=8/8
26 - INFO - chord#: 62 In build_straw_man_chord_sa. tolerance = 1, sa_iterations = 1000, initial_temperature = 3.0, cooling_rate = 0.999
26 - INFO - chord#: 58 done. best_score=74.0, changed=607, unchanged=289, early_stops=8/8
26 - INFO - chord#: 60 In build_straw_man_chord_sa. tolerance = 1, sa_iterations = 1000, initial_temperature = 3.0, cooling_rate = 0.999
26 - INFO - chord#: 58 done. best_score=74.0, changed=614, unchanged=315, early_stops=8/8
26 - INFO - chord#: 60 In build_straw_man_chord_sa. tolerance = 1, sa_iterations = 1000, initial_temperature = 3.0, cooling_rate = 0.999
26 - INFO - chord#: 56 done. best_score=27.0, changed=518, unchanged=394, early_stops=8/8
26 - INFO - chord#: 58 In build_straw_man_chord_sa. tolerance = 1, sa_iterations = 1000, initial_temperature = 3.0, cooling_rate = 0.999
26 - INFO - chord#: 62 done. best_score=70.0, changed=609, unchanged=218, early_stops=8/8
26 - INFO - chord#: 64 In build_straw_man_chord_sa. tolerance = 1, sa_iterations = 1000, initial_temperature = 3.0, cooling_rate = 0.999
26 - INFO - chord#: 68 done. best_score=27.0, changed=517, unchanged=334, early_stops=8/8
26 - INFO - chord#: 70 In build_straw_man_chord_sa. tolerance = 1, sa_iterations = 1000, initial_temperature = 3.0, cooling_rate = 0.999
26 - INFO - chord#: 60 done. best_score=27.0, changed=520, unchanged=326, early_stops=8/8
26 - INFO - chord#: 62 In build_straw_man_chord_sa. tolerance = 1, sa_iterations = 1000, initial_temperature = 3.0, cooling_rate = 0.999
26 - INFO - chord#: 64 done. best_score=27.0, changed=515, unchanged=524, early_stops=8/8
26 - INFO - chord#: 68 In build_straw_man_chord_sa. tolerance = 1, sa_iterations = 1000, initial_temperature = 3.0, cooling_rate = 0.999
26 - INFO - chord#: 58 done. best_score=74.0, changed=613, unchanged=286, early_stops=8/8
26 - INFO - chord#: 60 In build_straw_man_chord_sa. tolerance = 1, sa_iterations = 1000, initial_temperature = 3.0, cooling_rate = 0.999
26 - INFO - chord#: 56 done. best_score=27.0, changed=522, unchanged=362, early_stops=8/8
26 - INFO - chord#: 58 In build_straw_man_chord_sa. tolerance = 1, sa_iterations = 1000, initial_temperature = 3.0, cooling_rate = 0.999
26 - INFO - chord#: 60 done. best_score=27.0, changed=521, unchanged=367, early_stops=8/8
26 - INFO - chord#: 62 In build_straw_man_chord_sa. tolerance = 1, sa_iterations = 1000, initial_temperature = 3.0, cooling_rate = 0.999
26 - INFO - chord#: 58 done. best_score=149.0, changed=618, unchanged=371, early_stops=8/8
26 - INFO - chord#: 60 In build_straw_man_chord_sa. tolerance = 1, sa_iterations = 1000, initial_temperature = 3.0, cooling_rate = 0.999
26 - INFO - chord#: 60 done. best_score=27.0, changed=516, unchanged=379, early_stops=8/8
26 - INFO - chord#: 62 In build_straw_man_chord_sa. tolerance = 1, sa_iterations = 1000, initial_temperature = 3.0, cooling_rate = 0.999
26 - INFO - chord#: 64 done. best_score=27.0, changed=521, unchanged=535, early_stops=8/8
26 - INFO - chord#: 68 In build_straw_man_chord_sa. tolerance = 1, sa_iterations = 1000, initial_temperature = 3.0, cooling_rate = 0.999
26 - INFO - chord#: 68 done. best_score=27.0, changed=528, unchanged=419, early_stops=8/8
26 - INFO - chord#: 70 In build_straw_man_chord_sa. tolerance = 1, sa_iterations = 1000, initial_temperature = 3.0, cooling_rate = 0.999
26 - INFO - chord#: 60 done. best_score=27.0, changed=517, unchanged=385, early_stops=8/8
26 - INFO - chord#: 62 In build_straw_man_chord_sa. tolerance = 1, sa_iterations = 1000, initial_temperature = 3.0, cooling_rate = 0.999
26 - INFO - chord#: 70 done. best_score=167.0, changed=617, unchanged=362, early_stops=8/8
26 - INFO - chord#: 72 In build_straw_man_chord_sa. tolerance = 1, sa_iterations = 1000, initial_temperature = 3.0, cooling_rate = 0.999
26 - INFO - chord#: 60 done. best_score=27.0, changed=522, unchanged=343, early_stops=8/8
26 - INFO - chord#: 62 In build_straw_man_chord_sa. tolerance = 1, sa_iterations = 1000, initial_temperature = 3.0, cooling_rate = 0.999
26 - INFO - chord#: 68 done. best_score=27.0, changed=522, unchanged=343, early_stops=8/8
26 - INFO - chord#: 70 In build_straw_man_chord_sa. tolerance = 1, sa_iterations = 1000, initial_temperature = 3.0, cooling_rate = 0.999
26 - INFO - chord#: 62 done. best_score=70.0, changed=616, unchanged=374, early_stops=8/8
26 - INFO - chord#: 64 In build_straw_man_chord_sa. tolerance = 1, sa_iterations = 1000, initial_temperature = 3.0, cooling_rate = 0.999
26 - INFO - chord#: 72 done. best_score=27.0, changed=531, unchanged=357, early_stops=8/8
26 - INFO - chord#: 74 In build_straw_man_chord_sa. tolerance = 1, sa_iterations = 1000, initial_temperature = 3.0, cooling_rate = 0.999
26 - INFO - chord#: 58 done. best_score=164.0, changed=612, unchanged=273, early_stops=8/8
26 - INFO - chord#: 60 In build_straw_man_chord_sa. tolerance = 1, sa_iterations = 1000, initial_temperature = 3.0, cooling_rate = 0.999
26 - INFO - chord#: 70 done. best_score=70.0, changed=617, unchanged=447, early_stops=8/8
26 - INFO - chord#: 72 In build_straw_man_chord_sa. tolerance = 1, sa_iterations = 1000, initial_temperature = 3.0, cooling_rate = 0.999
26 - INFO - chord#: 62 done. best_score=70.0, changed=611, unchanged=282, early_stops=8/8
26 - INFO - chord#: 64 In build_straw_man_chord_sa. tolerance = 1, sa_iterations = 1000, initial_temperature = 3.0, cooling_rate = 0.999
26 - INFO - chord#: 62 done. best_score=70.0, changed=613, unchanged=297, early_stops=8/8
26 - INFO - chord#: 64 In build_straw_man_chord_sa. tolerance = 1, sa_iterations = 1000, initial_temperature = 3.0, cooling_rate = 0.999
26 - INFO - chord#: 70 done. best_score=104.0, changed=610, unchanged=255, early_stops=8/8
26 - INFO - chord#: 58 done. best_score=74.0, changed=611, unchanged=360, early_stops=8/8
26 - INFO - chord#: 72 In build_straw_man_chord_sa. tolerance = 1, sa_iterations = 1000, initial_temperature = 3.0, cooling_rate = 0.999
26 - INFO - chord#: 60 In build_straw_man_chord_sa. tolerance = 1, sa_iterations = 1000, initial_temperature = 3.0, cooling_rate = 0.999
26 - INFO - chord#: 62 done. best_score=70.0, changed=610, unchanged=218, early_stops=8/8
26 - INFO - chord#: 64 In build_straw_man_chord_sa. tolerance = 1, sa_iterations = 1000, initial_temperature = 3.0, cooling_rate = 0.999
26 - INFO - chord#: 72 done. best_score=27.0, changed=522, unchanged=321, early_stops=8/8
26 - INFO - chord#: 74 In build_straw_man_chord_sa. tolerance = 1, sa_iterations = 1000, initial_temperature = 3.0, cooling_rate = 0.999
26 - INFO - chord#: 60 done. best_score=57.0, changed=517, unchanged=344, early_stops=8/8
26 - INFO - chord#: 62 In build_straw_man_chord_sa. tolerance = 1, sa_iterations = 1000, initial_temperature = 3.0, cooling_rate = 0.999
26 - INFO - chord#: 64 done. best_score=27.0, changed=514, unchanged=409, early_stops=8/8
26 - INFO - chord#: 68 In build_straw_man_chord_sa. tolerance = 1, sa_iterations = 1000, initial_temperature = 3.0, cooling_rate = 0.999
26 - INFO - chord#: 64 done. best_score=27.0, changed=517, unchanged=476, early_stops=8/8
26 - INFO - chord#: 68 In build_straw_man_chord_sa. tolerance = 1, sa_iterations = 1000, initial_temperature = 3.0, cooling_rate = 0.999
26 - INFO - chord#: 72 done. best_score=27.0, changed=531, unchanged=310, early_stops=8/8
26 - INFO - chord#: 74 In build_straw_man_chord_sa. tolerance = 1, sa_iterations = 1000, initial_temperature = 3.0, cooling_rate = 0.999
26 - INFO - chord#: 62 done. best_score=75.0, changed=613, unchanged=354, early_stops=8/8
26 - INFO - chord#: 64 In build_straw_man_chord_sa. tolerance = 1, sa_iterations = 1000, initial_temperature = 3.0, cooling_rate = 0.999
26 - INFO - chord#: 64 done. best_score=27.0, changed=519, unchanged=418, early_stops=8/8
26 - INFO - chord#: 68 In build_straw_man_chord_sa. tolerance = 1, sa_iterations = 1000, initial_temperature = 3.0, cooling_rate = 0.999
26 - INFO - chord#: 62 done. best_score=75.0, changed=614, unchanged=369, early_stops=8/8
26 - INFO - chord#: 64 In build_straw_man_chord_sa. tolerance = 1, sa_iterations = 1000, initial_temperature = 3.0, cooling_rate = 0.999
26 - INFO - chord#: 60 done. best_score=27.0, changed=520, unchanged=401, early_stops=8/8
26 - INFO - chord#: 62 In build_straw_man_chord_sa. tolerance = 1, sa_iterations = 1000, initial_temperature = 3.0, cooling_rate = 0.999
26 - INFO - chord#: 74 done. best_score=82.0, changed=609, unchanged=247, early_stops=8/8
26 - INFO - chord#: 76 In build_straw_man_chord_sa. tolerance = 1, sa_iterations = 1000, initial_temperature = 3.0, cooling_rate = 0.999
26 - INFO - chord#: 64 done. best_score=27.0, changed=522, unchanged=503, early_stops=8/8
26 - INFO - chord#: 68 In build_straw_man_chord_sa. tolerance = 1, sa_iterations = 1000, initial_temperature = 3.0, cooling_rate = 0.999
26 - INFO - chord#: 68 done. best_score=27.0, changed=530, unchanged=441, early_stops=8/8
26 - INFO - chord#: 70 In build_straw_man_chord_sa. tolerance = 1, sa_iterations = 1000, initial_temperature = 3.0, cooling_rate = 0.999
26 - INFO - chord#: 68 done. best_score=27.0, changed=522, unchanged=478, early_stops=8/8
26 - INFO - chord#: 70 In build_straw_man_chord_sa. tolerance = 1, sa_iterations = 1000, initial_temperature = 3.0, cooling_rate = 0.999
26 - INFO - chord#: 68 done. best_score=27.0, changed=520, unchanged=319, early_stops=8/8
26 - INFO - chord#: 70 In build_straw_man_chord_sa. tolerance = 1, sa_iterations = 1000, initial_temperature = 3.0, cooling_rate = 0.999
26 - INFO - chord#: 70 done. best_score=104.0, changed=616, unchanged=651, early_stops=8/8
26 - INFO - chord#: 72 In build_straw_man_chord_sa. tolerance = 1, sa_iterations = 1000, initial_temperature = 3.0, cooling_rate = 0.999
26 - INFO - chord#: 64 done. best_score=27.0, changed=517, unchanged=382, early_stops=8/8
26 - INFO - chord#: 68 In build_straw_man_chord_sa. tolerance = 1, sa_iterations = 1000, initial_temperature = 3.0, cooling_rate = 0.999
26 - INFO - chord#: 76 done. best_score=31.0, changed=532, unchanged=445, early_stops=8/8
26 - INFO - chord#: 78 In build_straw_man_chord_sa. tolerance = 1, sa_iterations = 1000, initial_temperature = 3.0, cooling_rate = 0.999
26 - INFO - chord#: 68 done. best_score=27.0, changed=523, unchanged=402, early_stops=8/8
26 - INFO - chord#: 70 In build_straw_man_chord_sa. tolerance = 1, sa_iterations = 1000, initial_temperature = 3.0, cooling_rate = 0.999
26 - INFO - chord#: 64 done. best_score=27.0, changed=524, unchanged=515, early_stops=8/8
26 - INFO - chord#: 68 In build_straw_man_chord_sa. tolerance = 1, sa_iterations = 1000, initial_temperature = 3.0, cooling_rate = 0.999
26 - INFO - chord#: 74 done. best_score=82.0, changed=613, unchanged=330, early_stops=8/8
26 - INFO - chord#: 76 In build_straw_man_chord_sa. tolerance = 1, sa_iterations = 1000, initial_temperature = 3.0, cooling_rate = 0.999
26 - INFO - chord#: 72 done. best_score=27.0, changed=529, unchanged=349, early_stops=8/8
26 - INFO - chord#: 74 In build_straw_man_chord_sa. tolerance = 1, sa_iterations = 1000, initial_temperature = 3.0, cooling_rate = 0.999
26 - INFO - chord#: 78 done. best_score=27.0, changed=516, unchanged=357, early_stops=8/8
26 - INFO - chord#: 79 In build_straw_man_chord_sa. tolerance = 1, sa_iterations = 1000, initial_temperature = 3.0, cooling_rate = 0.999
26 - INFO - chord#: 68 done. best_score=27.0, changed=525, unchanged=399, early_stops=8/8
26 - INFO - chord#: 70 In build_straw_man_chord_sa. tolerance = 1, sa_iterations = 1000, initial_temperature = 3.0, cooling_rate = 0.999
26 - INFO - chord#: 74 done. best_score=82.0, changed=618, unchanged=445, early_stops=8/8
26 - INFO - chord#: 76 In build_straw_man_chord_sa. tolerance = 1, sa_iterations = 1000, initial_temperature = 3.0, cooling_rate = 0.999
26 - INFO - chord#: 62 done. best_score=112.0, changed=617, unchanged=415, early_stops=8/8
26 - INFO - chord#: 64 In build_straw_man_chord_sa. tolerance = 1, sa_iterations = 1000, initial_temperature = 3.0, cooling_rate = 0.999
26 - INFO - chord#: 76 done. best_score=31.0, changed=534, unchanged=352, early_stops=8/8
26 - INFO - chord#: 78 In build_straw_man_chord_sa. tolerance = 1, sa_iterations = 1000, initial_temperature = 3.0, cooling_rate = 0.999
26 - INFO - chord#: 68 done. best_score=27.0, changed=521, unchanged=418, early_stops=8/8
26 - INFO - chord#: 70 In build_straw_man_chord_sa. tolerance = 1, sa_iterations = 1000, initial_temperature = 3.0, cooling_rate = 0.999
26 - INFO - chord#: 62 done. best_score=75.0, changed=614, unchanged=340, early_stops=8/8
26 - INFO - chord#: 64 In build_straw_man_chord_sa. tolerance = 1, sa_iterations = 1000, initial_temperature = 3.0, cooling_rate = 0.999
26 - INFO - chord#: 70 done. best_score=70.0, changed=614, unchanged=340, early_stops=8/8
26 - INFO - chord#: 72 In build_straw_man_chord_sa. tolerance = 1, sa_iterations = 1000, initial_temperature = 3.0, cooling_rate = 0.999
26 - INFO - chord#: 70 done. best_score=104.0, changed=608, unchanged=224, early_stops=8/8
26 - INFO - chord#: 72 In build_straw_man_chord_sa. tolerance = 1, sa_iterations = 1000, initial_temperature = 3.0, cooling_rate = 0.999
26 - INFO - chord#: 76 done. best_score=31.0, changed=531, unchanged=401, early_stops=8/8
26 - INFO - chord#: 78 In build_straw_man_chord_sa. tolerance = 1, sa_iterations = 1000, initial_temperature = 3.0, cooling_rate = 0.999
26 - INFO - chord#: 78 done. best_score=27.0, changed=517, unchanged=334, early_stops=8/8
26 - INFO - chord#: 79 In build_straw_man_chord_sa. tolerance = 1, sa_iterations = 1000, initial_temperature = 3.0, cooling_rate = 0.999
26 - INFO - chord#: 70 done. best_score=70.0, changed=613, unchanged=389, early_stops=8/8
26 - INFO - chord#: 72 In build_straw_man_chord_sa. tolerance = 1, sa_iterations = 1000, initial_temperature = 3.0, cooling_rate = 0.999
26 - INFO - chord#: 64 done. best_score=27.0, changed=516, unchanged=377, early_stops=8/8
26 - INFO - chord#: 68 In build_straw_man_chord_sa. tolerance = 1, sa_iterations = 1000, initial_temperature = 3.0, cooling_rate = 0.999
26 - INFO - chord#: 72 done. best_score=27.0, changed=528, unchanged=341, early_stops=8/8
26 - INFO - chord#: 74 In build_straw_man_chord_sa. tolerance = 1, sa_iterations = 1000, initial_temperature = 3.0, cooling_rate = 0.999
26 - INFO - chord#: 74 done. best_score=82.0, changed=613, unchanged=280, early_stops=8/8
26 - INFO - chord#: 76 In build_straw_man_chord_sa. tolerance = 1, sa_iterations = 1000, initial_temperature = 3.0, cooling_rate = 0.999
26 - INFO - chord#: 72 done. best_score=27.0, changed=518, unchanged=294, early_stops=8/8
26 - INFO - chord#: 74 In build_straw_man_chord_sa. tolerance = 1, sa_iterations = 1000, initial_temperature = 3.0, cooling_rate = 0.999
26 - INFO - chord#: 64 done. best_score=27.0, changed=514, unchanged=382, early_stops=8/8
26 - INFO - chord#: 68 In build_straw_man_chord_sa. tolerance = 1, sa_iterations = 1000, initial_temperature = 3.0, cooling_rate = 0.999
26 - INFO - chord#: 70 done. best_score=70.0, changed=619, unchanged=458, early_stops=8/8
26 - INFO - chord#: 72 In build_straw_man_chord_sa. tolerance = 1, sa_iterations = 1000, initial_temperature = 3.0, cooling_rate = 0.999
26 - INFO - chord#: 79 done. best_score=166.0, changed=616, unchanged=316, early_stops=8/8
26 - INFO - chord#: 80 In build_straw_man_chord_sa. tolerance = 1, sa_iterations = 1000, initial_temperature = 3.0, cooling_rate = 0.999
26 - INFO - chord#: 78 done. best_score=27.0, changed=522, unchanged=449, early_stops=8/8
26 - INFO - chord#: 79 In build_straw_man_chord_sa. tolerance = 1, sa_iterations = 1000, initial_temperature = 3.0, cooling_rate = 0.999
26 - INFO - chord#: 72 done. best_score=27.0, changed=530, unchanged=283, early_stops=8/8
26 - INFO - chord#: 74 In build_straw_man_chord_sa. tolerance = 1, sa_iterations = 1000, initial_temperature = 3.0, cooling_rate = 0.999
26 - INFO - chord#: 76 done. best_score=31.0, changed=523, unchanged=345, early_stops=8/8
26 - INFO - chord#: 78 In build_straw_man_chord_sa. tolerance = 1, sa_iterations = 1000, initial_temperature = 3.0, cooling_rate = 0.999
26 - INFO - chord#: 68 done. best_score=27.0, changed=530, unchanged=424, early_stops=8/8
26 - INFO - chord#: 70 In build_straw_man_chord_sa. tolerance = 1, sa_iterations = 1000, initial_temperature = 3.0, cooling_rate = 0.999
26 - INFO - chord#: 70 done. best_score=70.0, changed=610, unchanged=354, early_stops=8/8
26 - INFO - chord#: 72 In build_straw_man_chord_sa. tolerance = 1, sa_iterations = 1000, initial_temperature = 3.0, cooling_rate = 0.999
26 - INFO - chord#: 72 done. best_score=27.0, changed=526, unchanged=345, early_stops=8/8
26 - INFO - chord#: 74 In build_straw_man_chord_sa. tolerance = 1, sa_iterations = 1000, initial_temperature = 3.0, cooling_rate = 0.999
26 - INFO - chord#: 70 done. best_score=111.0, changed=612, unchanged=303, early_stops=8/8
26 - INFO - chord#: 72 In build_straw_man_chord_sa. tolerance = 1, sa_iterations = 1000, initial_temperature = 3.0, cooling_rate = 0.999
26 - INFO - chord#: 68 done. best_score=27.0, changed=537, unchanged=537, early_stops=8/8
26 - INFO - chord#: 70 In build_straw_man_chord_sa. tolerance = 1, sa_iterations = 1000, initial_temperature = 3.0, cooling_rate = 0.999
26 - INFO - chord#: 78 done. best_score=27.0, changed=519, unchanged=353, early_stops=8/8
26 - INFO - chord#: 79 In build_straw_man_chord_sa. tolerance = 1, sa_iterations = 1000, initial_temperature = 3.0, cooling_rate = 0.999
26 - INFO - chord#: 74 done. best_score=97.0, changed=609, unchanged=224, early_stops=8/8
26 - INFO - chord#: 76 In build_straw_man_chord_sa. tolerance = 1, sa_iterations = 1000, initial_temperature = 3.0, cooling_rate = 0.999
26 - INFO - chord#: 79 done. best_score=137.0, changed=611, unchanged=362, early_stops=8/8
26 - INFO - chord#: 80 In build_straw_man_chord_sa. tolerance = 1, sa_iterations = 1000, initial_temperature = 3.0, cooling_rate = 0.999
26 - INFO - chord#: 72 done. best_score=27.0, changed=529, unchanged=278, early_stops=8/8
26 - INFO - chord#: 74 In build_straw_man_chord_sa. tolerance = 1, sa_iterations = 1000, initial_temperature = 3.0, cooling_rate = 0.999
26 - INFO - chord#: 72 done. best_score=27.0, changed=530, unchanged=323, early_stops=8/8
26 - INFO - chord#: 74 In build_straw_man_chord_sa. tolerance = 1, sa_iterations = 1000, initial_temperature = 3.0, cooling_rate = 0.999
26 - INFO - chord#: 76 done. best_score=31.0, changed=521, unchanged=333, early_stops=8/8
26 - INFO - chord#: 78 In build_straw_man_chord_sa. tolerance = 1, sa_iterations = 1000, initial_temperature = 3.0, cooling_rate = 0.999
26 - INFO - chord#: 80 done. best_score=119.0, changed=610, unchanged=328, early_stops=8/8
26 - INFO - chord#: 82 In build_straw_man_chord_sa. tolerance = 1, sa_iterations = 1000, initial_temperature = 3.0, cooling_rate = 0.999
26 - INFO - chord#: 74 done. best_score=120.0, changed=608, unchanged=270, early_stops=8/8
26 - INFO - chord#: 76 In build_straw_man_chord_sa. tolerance = 1, sa_iterations = 1000, initial_temperature = 3.0, cooling_rate = 0.999
26 - INFO - chord#: 79 done. best_score=96.0, changed=609, unchanged=438, early_stops=8/8
26 - INFO - chord#: 80 In build_straw_man_chord_sa. tolerance = 1, sa_iterations = 1000, initial_temperature = 3.0, cooling_rate = 0.999
26 - INFO - chord#: 74 done. best_score=82.0, changed=616, unchanged=431, early_stops=8/8
26 - INFO - chord#: 76 In build_straw_man_chord_sa. tolerance = 1, sa_iterations = 1000, initial_temperature = 3.0, cooling_rate = 0.999
26 - INFO - chord#: 82 done. best_score=36.0, changed=550, unchanged=260, early_stops=8/8
26 - INFO - chord#: 84 In build_straw_man_chord_sa. tolerance = 1, sa_iterations = 1000, initial_temperature = 3.0, cooling_rate = 0.999
26 - INFO - chord#: 78 done. best_score=27.0, changed=520, unchanged=367, early_stops=8/8
26 - INFO - chord#: 79 In build_straw_man_chord_sa. tolerance = 1, sa_iterations = 1000, initial_temperature = 3.0, cooling_rate = 0.999
26 - INFO - chord#: 76 done. best_score=31.0, changed=528, unchanged=422, early_stops=8/8
26 - INFO - chord#: 78 In build_straw_man_chord_sa. tolerance = 1, sa_iterations = 1000, initial_temperature = 3.0, cooling_rate = 0.999
26 - INFO - chord#: 70 done. best_score=70.0, changed=615, unchanged=373, early_stops=8/8
26 - INFO - chord#: 72 In build_straw_man_chord_sa. tolerance = 1, sa_iterations = 1000, initial_temperature = 3.0, cooling_rate = 0.999
26 - INFO - chord#: 74 done. best_score=82.0, changed=606, unchanged=270, early_stops=8/8
26 - INFO - chord#: 76 In build_straw_man_chord_sa. tolerance = 1, sa_iterations = 1000, initial_temperature = 3.0, cooling_rate = 0.999
26 - INFO - chord#: 79 done. best_score=67.0, changed=614, unchanged=384, early_stops=8/8
26 - INFO - chord#: 80 In build_straw_man_chord_sa. tolerance = 1, sa_iterations = 1000, initial_temperature = 3.0, cooling_rate = 0.999
26 - INFO - chord#: 70 done. best_score=70.0, changed=616, unchanged=410, early_stops=8/8
26 - INFO - chord#: 72 In build_straw_man_chord_sa. tolerance = 1, sa_iterations = 1000, initial_temperature = 3.0, cooling_rate = 0.999
26 - INFO - chord#: 76 done. best_score=31.0, changed=524, unchanged=344, early_stops=8/8
26 - INFO - chord#: 78 In build_straw_man_chord_sa. tolerance = 1, sa_iterations = 1000, initial_temperature = 3.0, cooling_rate = 0.999
26 - INFO - chord#: 80 done. best_score=82.0, changed=619, unchanged=475, early_stops=8/8
26 - INFO - chord#: 82 In build_straw_man_chord_sa. tolerance = 1, sa_iterations = 1000, initial_temperature = 3.0, cooling_rate = 0.999
26 - INFO - chord#: 74 done. best_score=82.0, changed=614, unchanged=329, early_stops=8/8
26 - INFO - chord#: 76 In build_straw_man_chord_sa. tolerance = 1, sa_iterations = 1000, initial_temperature = 3.0, cooling_rate = 0.999
26 - INFO - chord#: 78 done. best_score=27.0, changed=529, unchanged=456, early_stops=8/8
26 - INFO - chord#: 79 In build_straw_man_chord_sa. tolerance = 1, sa_iterations = 1000, initial_temperature = 3.0, cooling_rate = 0.999
26 - INFO - chord#: 74 done. best_score=82.0, changed=609, unchanged=232, early_stops=8/8
26 - INFO - chord#: 76 In build_straw_man_chord_sa. tolerance = 1, sa_iterations = 1000, initial_temperature = 3.0, cooling_rate = 0.999
26 - INFO - chord#: 72 done. best_score=27.0, changed=531, unchanged=360, early_stops=8/8
26 - INFO - chord#: 74 In build_straw_man_chord_sa. tolerance = 1, sa_iterations = 1000, initial_temperature = 3.0, cooling_rate = 0.999
26 - INFO - chord#: 76 done. best_score=31.0, changed=528, unchanged=384, early_stops=8/8
26 - INFO - chord#: 78 In build_straw_man_chord_sa. tolerance = 1, sa_iterations = 1000, initial_temperature = 3.0, cooling_rate = 0.999
26 - INFO - chord#: 72 done. best_score=27.0, changed=537, unchanged=333, early_stops=8/8
26 - INFO - chord#: 74 In build_straw_man_chord_sa. tolerance = 1, sa_iterations = 1000, initial_temperature = 3.0, cooling_rate = 0.999
26 - INFO - chord#: 80 done. best_score=97.0, changed=607, unchanged=324, early_stops=8/8
26 - INFO - chord#: 82 In build_straw_man_chord_sa. tolerance = 1, sa_iterations = 1000, initial_temperature = 3.0, cooling_rate = 0.999
26 - INFO - chord#: 82 done. best_score=27.0, changed=520, unchanged=309, early_stops=8/8
26 - INFO - chord#: 84 In build_straw_man_chord_sa. tolerance = 1, sa_iterations = 1000, initial_temperature = 3.0, cooling_rate = 0.999
26 - INFO - chord#: 78 done. best_score=27.0, changed=520, unchanged=480, early_stops=8/8
26 - INFO - chord#: 79 In build_straw_man_chord_sa. tolerance = 1, sa_iterations = 1000, initial_temperature = 3.0, cooling_rate = 0.999
26 - INFO - chord#: 76 done. best_score=31.0, changed=529, unchanged=373, early_stops=8/8
26 - INFO - chord#: 78 In build_straw_man_chord_sa. tolerance = 1, sa_iterations = 1000, initial_temperature = 3.0, cooling_rate = 0.999
26 - INFO - chord#: 79 done. best_score=67.0, changed=612, unchanged=321, early_stops=8/8
26 - INFO - chord#: 80 In build_straw_man_chord_sa. tolerance = 1, sa_iterations = 1000, initial_temperature = 3.0, cooling_rate = 0.999
26 - INFO - chord#: 76 done. best_score=31.0, changed=521, unchanged=310, early_stops=8/8
26 - INFO - chord#: 78 In build_straw_man_chord_sa. tolerance = 1, sa_iterations = 1000, initial_temperature = 3.0, cooling_rate = 0.999
26 - INFO - chord#: 78 done. best_score=27.0, changed=526, unchanged=399, early_stops=8/8
26 - INFO - chord#: 79 In build_straw_man_chord_sa. tolerance = 1, sa_iterations = 1000, initial_temperature = 3.0, cooling_rate = 0.999
26 - INFO - chord#: 84 done. best_score=78.0, changed=619, unchanged=581, early_stops=8/8
26 - INFO - chord#: 88 In build_straw_man_chord_sa. tolerance = 1, sa_iterations = 1000, initial_temperature = 3.0, cooling_rate = 0.999
26 - INFO - chord#: 82 done. best_score=27.0, changed=529, unchanged=309, early_stops=8/8
26 - INFO - chord#: 84 In build_straw_man_chord_sa. tolerance = 1, sa_iterations = 1000, initial_temperature = 3.0, cooling_rate = 0.999
26 - INFO - chord#: 80 done. best_score=108.0, changed=618, unchanged=350, early_stops=8/8
26 - INFO - chord#: 82 In build_straw_man_chord_sa. tolerance = 1, sa_iterations = 1000, initial_temperature = 3.0, cooling_rate = 0.999
26 - INFO - chord#: 79 done. best_score=145.0, changed=612, unchanged=421, early_stops=8/8
26 - INFO - chord#: 80 In build_straw_man_chord_sa. tolerance = 1, sa_iterations = 1000, initial_temperature = 3.0, cooling_rate = 0.999
26 - INFO - chord#: 78 done. best_score=27.0, changed=516, unchanged=344, early_stops=8/8
26 - INFO - chord#: 79 In build_straw_man_chord_sa. tolerance = 1, sa_iterations = 1000, initial_temperature = 3.0, cooling_rate = 0.999
26 - INFO - chord#: 78 done. best_score=27.0, changed=524, unchanged=418, early_stops=8/8
26 - INFO - chord#: 79 In build_straw_man_chord_sa. tolerance = 1, sa_iterations = 1000, initial_temperature = 3.0, cooling_rate = 0.999
26 - INFO - chord#: 88 done. best_score=27.0, changed=519, unchanged=408, early_stops=8/8
26 - INFO - chord#: 90 In build_straw_man_chord_sa. tolerance = 1, sa_iterations = 1000, initial_temperature = 3.0, cooling_rate = 0.999
26 - INFO - chord#: 82 done. best_score=27.0, changed=541, unchanged=294, early_stops=8/8
26 - INFO - chord#: 84 In build_straw_man_chord_sa. tolerance = 1, sa_iterations = 1000, initial_temperature = 3.0, cooling_rate = 0.999
26 - INFO - chord#: 74 done. best_score=146.0, changed=614, unchanged=269, early_stops=8/8
26 - INFO - chord#: 76 In build_straw_man_chord_sa. tolerance = 1, sa_iterations = 1000, initial_temperature = 3.0, cooling_rate = 0.999
26 - INFO - chord#: 84 done. best_score=67.0, changed=610, unchanged=349, early_stops=8/8
26 - INFO - chord#: 88 In build_straw_man_chord_sa. tolerance = 1, sa_iterations = 1000, initial_temperature = 3.0, cooling_rate = 0.999
26 - INFO - chord#: 74 done. best_score=120.0, changed=608, unchanged=294, early_stops=8/8
26 - INFO - chord#: 76 In build_straw_man_chord_sa. tolerance = 1, sa_iterations = 1000, initial_temperature = 3.0, cooling_rate = 0.999
26 - INFO - chord#: 79 done. best_score=78.0, changed=608, unchanged=261, early_stops=8/8
26 - INFO - chord#: 80 In build_straw_man_chord_sa. tolerance = 1, sa_iterations = 1000, initial_temperature = 3.0, cooling_rate = 0.999
26 - INFO - chord#: 80 done. best_score=119.0, changed=611, unchanged=313, early_stops=8/8
26 - INFO - chord#: 82 In build_straw_man_chord_sa. tolerance = 1, sa_iterations = 1000, initial_temperature = 3.0, cooling_rate = 0.999
26 - INFO - chord#: 79 done. best_score=157.0, changed=614, unchanged=367, early_stops=8/8
26 - INFO - chord#: 80 In build_straw_man_chord_sa. tolerance = 1, sa_iterations = 1000, initial_temperature = 3.0, cooling_rate = 0.999
26 - INFO - chord#: 76 done. best_score=31.0, changed=524, unchanged=351, early_stops=8/8
26 - INFO - chord#: 78 In build_straw_man_chord_sa. tolerance = 1, sa_iterations = 1000, initial_temperature = 3.0, cooling_rate = 0.999
26 - INFO - chord#: 80 done. best_score=127.0, changed=607, unchanged=250, early_stops=8/8
26 - INFO - chord#: 82 In build_straw_man_chord_sa. tolerance = 1, sa_iterations = 1000, initial_temperature = 3.0, cooling_rate = 0.999
26 - INFO - chord#: 88 done. best_score=27.0, changed=517, unchanged=483, early_stops=8/8
26 - INFO - chord#: 90 In build_straw_man_chord_sa. tolerance = 1, sa_iterations = 1000, initial_temperature = 3.0, cooling_rate = 0.999
26 - INFO - chord#: 82 done. best_score=36.0, changed=555, unchanged=294, early_stops=8/8
26 - INFO - chord#: 84 In build_straw_man_chord_sa. tolerance = 1, sa_iterations = 1000, initial_temperature = 3.0, cooling_rate = 0.999
26 - INFO - chord#: 76 done. best_score=31.0, changed=524, unchanged=335, early_stops=8/8
26 - INFO - chord#: 78 In build_straw_man_chord_sa. tolerance = 1, sa_iterations = 1000, initial_temperature = 3.0, cooling_rate = 0.999
26 - INFO - chord#: 84 done. best_score=67.0, changed=615, unchanged=265, early_stops=8/8
26 - INFO - chord#: 88 In build_straw_man_chord_sa. tolerance = 1, sa_iterations = 1000, initial_temperature = 3.0, cooling_rate = 0.999
26 - INFO - chord#: 90 done. best_score=145.0, changed=608, unchanged=260, early_stops=8/8
26 - INFO - chord#: 92 In build_straw_man_chord_sa. tolerance = 1, sa_iterations = 1000, initial_temperature = 3.0, cooling_rate = 0.999
26 - INFO - chord#: 82 done. best_score=27.0, changed=530, unchanged=307, early_stops=8/8
26 - INFO - chord#: 84 In build_straw_man_chord_sa. tolerance = 1, sa_iterations = 1000, initial_temperature = 3.0, cooling_rate = 0.999
26 - INFO - chord#: 78 done. best_score=27.0, changed=513, unchanged=371, early_stops=8/8
26 - INFO - chord#: 79 In build_straw_man_chord_sa. tolerance = 1, sa_iterations = 1000, initial_temperature = 3.0, cooling_rate = 0.999
26 - INFO - chord#: 84 done. best_score=67.0, changed=614, unchanged=369, early_stops=8/8
26 - INFO - chord#: 88 In build_straw_man_chord_sa. tolerance = 1, sa_iterations = 1000, initial_temperature = 3.0, cooling_rate = 0.999
26 - INFO - chord#: 79 done. best_score=157.0, changed=612, unchanged=331, early_stops=8/8
26 - INFO - chord#: 80 In build_straw_man_chord_sa. tolerance = 1, sa_iterations = 1000, initial_temperature = 3.0, cooling_rate = 0.999
26 - INFO - chord#: 88 done. best_score=27.0, changed=511, unchanged=349, early_stops=8/8
26 - INFO - chord#: 90 In build_straw_man_chord_sa. tolerance = 1, sa_iterations = 1000, initial_temperature = 3.0, cooling_rate = 0.999
26 - INFO - chord#: 92 done. best_score=27.0, changed=524, unchanged=373, early_stops=8/8
26 - INFO - chord#: 96 In build_straw_man_chord_sa. tolerance = 1, sa_iterations = 1000, initial_temperature = 3.0, cooling_rate = 0.999
26 - INFO - chord#: 78 done. best_score=27.0, changed=526, unchanged=536, early_stops=8/8
26 - INFO - chord#: 79 In build_straw_man_chord_sa. tolerance = 1, sa_iterations = 1000, initial_temperature = 3.0, cooling_rate = 0.999
26 - INFO - chord#: 79 done. best_score=137.0, changed=617, unchanged=467, early_stops=8/8
26 - INFO - chord#: 80 In build_straw_man_chord_sa. tolerance = 1, sa_iterations = 1000, initial_temperature = 3.0, cooling_rate = 0.999
26 - INFO - chord#: 80 done. best_score=124.0, changed=611, unchanged=232, early_stops=8/8
26 - INFO - chord#: 82 In build_straw_man_chord_sa. tolerance = 1, sa_iterations = 1000, initial_temperature = 3.0, cooling_rate = 0.999
26 - INFO - chord#: 80 done. best_score=146.0, changed=615, unchanged=286, early_stops=8/8
26 - INFO - chord#: 82 In build_straw_man_chord_sa. tolerance = 1, sa_iterations = 1000, initial_temperature = 3.0, cooling_rate = 0.999
26 - INFO - chord#: 88 done. best_score=27.0, changed=520, unchanged=393, early_stops=8/8
26 - INFO - chord#: 90 In build_straw_man_chord_sa. tolerance = 1, sa_iterations = 1000, initial_temperature = 3.0, cooling_rate = 0.999
26 - INFO - chord#: 90 done. best_score=137.0, changed=613, unchanged=270, early_stops=8/8
26 - INFO - chord#: 92 In build_straw_man_chord_sa. tolerance = 1, sa_iterations = 1000, initial_temperature = 3.0, cooling_rate = 0.999
26 - INFO - chord#: 84 done. best_score=145.0, changed=612, unchanged=302, early_stops=8/8
26 - INFO - chord#: 88 In build_straw_man_chord_sa. tolerance = 1, sa_iterations = 1000, initial_temperature = 3.0, cooling_rate = 0.999
26 - INFO - chord#: 96 done. best_score=27.0, changed=521, unchanged=485, early_stops=8/8
26 - INFO - chord#: 100 In build_straw_man_chord_sa. tolerance = 1, sa_iterations = 1000, initial_temperature = 3.0, cooling_rate = 0.999
26 - INFO - chord#: 82 done. best_score=36.0, changed=532, unchanged=309, early_stops=8/8
26 - INFO - chord#: 84 In build_straw_man_chord_sa. tolerance = 1, sa_iterations = 1000, initial_temperature = 3.0, cooling_rate = 0.999
26 - INFO - chord#: 82 done. best_score=61.0, changed=521, unchanged=334, early_stops=8/8
26 - INFO - chord#: 84 In build_straw_man_chord_sa. tolerance = 1, sa_iterations = 1000, initial_temperature = 3.0, cooling_rate = 0.999
26 - INFO - chord#: 92 done. best_score=27.0, changed=516, unchanged=302, early_stops=8/8
26 - INFO - chord#: 96 In build_straw_man_chord_sa. tolerance = 1, sa_iterations = 1000, initial_temperature = 3.0, cooling_rate = 0.999
26 - INFO - chord#: 88 done. best_score=27.0, changed=528, unchanged=424, early_stops=8/8
26 - INFO - chord#: 90 In build_straw_man_chord_sa. tolerance = 1, sa_iterations = 1000, initial_temperature = 3.0, cooling_rate = 0.999
26 - INFO - chord#: 84 done. best_score=140.0, changed=619, unchanged=411, early_stops=8/8
26 - INFO - chord#: 88 In build_straw_man_chord_sa. tolerance = 1, sa_iterations = 1000, initial_temperature = 3.0, cooling_rate = 0.999
26 - INFO - chord#: 79 done. best_score=67.0, changed=607, unchanged=246, early_stops=8/8
26 - INFO - chord#: 80 In build_straw_man_chord_sa. tolerance = 1, sa_iterations = 1000, initial_temperature = 3.0, cooling_rate = 0.999
26 - INFO - chord#: 80 done. best_score=97.0, changed=613, unchanged=352, early_stops=8/8
26 - INFO - chord#: 82 In build_straw_man_chord_sa. tolerance = 1, sa_iterations = 1000, initial_temperature = 3.0, cooling_rate = 0.999
26 - INFO - chord#: 96 done. best_score=27.0, changed=522, unchanged=390, early_stops=8/8
26 - INFO - chord#: 100 In build_straw_man_chord_sa. tolerance = 1, sa_iterations = 1000, initial_temperature = 3.0, cooling_rate = 0.999
26 - INFO - chord#: 90 done. best_score=67.0, changed=613, unchanged=283, early_stops=8/8
26 - INFO - chord#: 92 In build_straw_man_chord_sa. tolerance = 1, sa_iterations = 1000, initial_temperature = 3.0, cooling_rate = 0.999
26 - INFO - chord#: 79 done. best_score=96.0, changed=614, unchanged=274, early_stops=8/8
26 - INFO - chord#: 80 In build_straw_man_chord_sa. tolerance = 1, sa_iterations = 1000, initial_temperature = 3.0, cooling_rate = 0.999
26 - INFO - chord#: 88 done. best_score=27.0, changed=520, unchanged=467, early_stops=8/8
26 - INFO - chord#: 90 In build_straw_man_chord_sa. tolerance = 1, sa_iterations = 1000, initial_temperature = 3.0, cooling_rate = 0.999
26 - INFO - chord#: 90 done. best_score=145.0, changed=614, unchanged=406, early_stops=8/8
26 - INFO - chord#: 92 In build_straw_man_chord_sa. tolerance = 1, sa_iterations = 1000, initial_temperature = 3.0, cooling_rate = 0.999
26 - INFO - chord#: 84 done. best_score=78.0, changed=611, unchanged=261, early_stops=8/8
26 - INFO - chord#: 88 In build_straw_man_chord_sa. tolerance = 1, sa_iterations = 1000, initial_temperature = 3.0, cooling_rate = 0.999
26 - INFO - chord#: 100 done. best_score=82.0, changed=613, unchanged=339, early_stops=8/8
26 - INFO - chord#: 102 In build_straw_man_chord_sa. tolerance = 1, sa_iterations = 1000, initial_temperature = 3.0, cooling_rate = 0.999
26 - INFO - chord#: 92 done. best_score=27.0, changed=520, unchanged=376, early_stops=8/8
26 - INFO - chord#: 96 In build_straw_man_chord_sa. tolerance = 1, sa_iterations = 1000, initial_temperature = 3.0, cooling_rate = 0.999
26 - INFO - chord#: 82 done. best_score=27.0, changed=519, unchanged=306, early_stops=8/8
26 - INFO - chord#: 84 In build_straw_man_chord_sa. tolerance = 1, sa_iterations = 1000, initial_temperature = 3.0, cooling_rate = 0.999
26 - INFO - chord#: 84 done. best_score=67.0, changed=614, unchanged=387, early_stops=8/8
26 - INFO - chord#: 88 In build_straw_man_chord_sa. tolerance = 1, sa_iterations = 1000, initial_temperature = 3.0, cooling_rate = 0.999
26 - INFO - chord#: 92 done. best_score=27.0, changed=519, unchanged=414, early_stops=8/8
26 - INFO - chord#: 96 In build_straw_man_chord_sa. tolerance = 1, sa_iterations = 1000, initial_temperature = 3.0, cooling_rate = 0.999
26 - INFO - chord#: 88 done. best_score=27.0, changed=524, unchanged=470, early_stops=8/8
26 - INFO - chord#: 90 In build_straw_man_chord_sa. tolerance = 1, sa_iterations = 1000, initial_temperature = 3.0, cooling_rate = 0.999
26 - INFO - chord#: 102 done. best_score=27.0, changed=527, unchanged=328, early_stops=8/8
26 - INFO - chord#: 104 In build_straw_man_chord_sa. tolerance = 1, sa_iterations = 1000, initial_temperature = 3.0, cooling_rate = 0.999
26 - INFO - chord#: 80 done. best_score=119.0, changed=619, unchanged=614, early_stops=8/8
26 - INFO - chord#: 82 In build_straw_man_chord_sa. tolerance = 1, sa_iterations = 1000, initial_temperature = 3.0, cooling_rate = 0.999
26 - INFO - chord#: 96 done. best_score=27.0, changed=514, unchanged=357, early_stops=8/8
26 - INFO - chord#: 100 In build_straw_man_chord_sa. tolerance = 1, sa_iterations = 1000, initial_temperature = 3.0, cooling_rate = 0.999
26 - INFO - chord#: 90 done. best_score=67.0, changed=615, unchanged=507, early_stops=8/8
26 - INFO - chord#: 92 In build_straw_man_chord_sa. tolerance = 1, sa_iterations = 1000, initial_temperature = 3.0, cooling_rate = 0.999
26 - INFO - chord#: 100 done. best_score=82.0, changed=611, unchanged=313, early_stops=8/8
26 - INFO - chord#: 102 In build_straw_man_chord_sa. tolerance = 1, sa_iterations = 1000, initial_temperature = 3.0, cooling_rate = 0.999
26 - INFO - chord#: 90 done. best_score=96.0, changed=609, unchanged=259, early_stops=8/8
26 - INFO - chord#: 92 In build_straw_man_chord_sa. tolerance = 1, sa_iterations = 1000, initial_temperature = 3.0, cooling_rate = 0.999
26 - INFO - chord#: 80 done. best_score=120.0, changed=612, unchanged=363, early_stops=8/8
26 - INFO - chord#: 82 In build_straw_man_chord_sa. tolerance = 1, sa_iterations = 1000, initial_temperature = 3.0, cooling_rate = 0.999
26 - INFO - chord#: 88 done. best_score=27.0, changed=522, unchanged=434, early_stops=8/8
26 - INFO - chord#: 90 In build_straw_man_chord_sa. tolerance = 1, sa_iterations = 1000, initial_temperature = 3.0, cooling_rate = 0.999
26 - INFO - chord#: 104 done. best_score=27.0, changed=523, unchanged=396, early_stops=8/8
26 - INFO - chord#: 106 In build_straw_man_chord_sa. tolerance = 1, sa_iterations = 1000, initial_temperature = 3.0, cooling_rate = 0.999
26 - INFO - chord#: 82 done. best_score=36.0, changed=539, unchanged=347, early_stops=8/8
26 - INFO - chord#: 84 In build_straw_man_chord_sa. tolerance = 1, sa_iterations = 1000, initial_temperature = 3.0, cooling_rate = 0.999
26 - INFO - chord#: 92 done. best_score=27.0, changed=519, unchanged=384, early_stops=8/8
26 - INFO - chord#: 96 In build_straw_man_chord_sa. tolerance = 1, sa_iterations = 1000, initial_temperature = 3.0, cooling_rate = 0.999
26 - INFO - chord#: 102 done. best_score=27.0, changed=533, unchanged=299, early_stops=8/8
26 - INFO - chord#: 104 In build_straw_man_chord_sa. tolerance = 1, sa_iterations = 1000, initial_temperature = 3.0, cooling_rate = 0.999
26 - INFO - chord#: 96 done. best_score=27.0, changed=521, unchanged=407, early_stops=8/8
26 - INFO - chord#: 100 In build_straw_man_chord_sa. tolerance = 1, sa_iterations = 1000, initial_temperature = 3.0, cooling_rate = 0.999
26 - INFO - chord#: 92 done. best_score=27.0, changed=522, unchanged=415, early_stops=8/8
26 - INFO - chord#: 96 In build_straw_man_chord_sa. tolerance = 1, sa_iterations = 1000, initial_temperature = 3.0, cooling_rate = 0.999
26 - INFO - chord#: 80 done. best_score=82.0, changed=612, unchanged=364, early_stops=8/8
26 - INFO - chord#: 82 In build_straw_man_chord_sa. tolerance = 1, sa_iterations = 1000, initial_temperature = 3.0, cooling_rate = 0.999
26 - INFO - chord#: 82 done. best_score=27.0, changed=539, unchanged=386, early_stops=8/8
26 - INFO - chord#: 84 In build_straw_man_chord_sa. tolerance = 1, sa_iterations = 1000, initial_temperature = 3.0, cooling_rate = 0.999
26 - INFO - chord#: 106 done. best_score=36.0, changed=521, unchanged=424, early_stops=8/8
26 - INFO - chord#: 108 In build_straw_man_chord_sa. tolerance = 1, sa_iterations = 1000, initial_temperature = 3.0, cooling_rate = 0.999
26 - INFO - chord#: 100 done. best_score=120.0, changed=612, unchanged=258, early_stops=8/8
26 - INFO - chord#: 102 In build_straw_man_chord_sa. tolerance = 1, sa_iterations = 1000, initial_temperature = 3.0, cooling_rate = 0.999
26 - INFO - chord#: 84 done. best_score=140.0, changed=614, unchanged=334, early_stops=8/8
26 - INFO - chord#: 88 In build_straw_man_chord_sa. tolerance = 1, sa_iterations = 1000, initial_temperature = 3.0, cooling_rate = 0.999
26 - INFO - chord#: 104 done. best_score=27.0, changed=520, unchanged=350, early_stops=8/8
26 - INFO - chord#: 106 In build_straw_man_chord_sa. tolerance = 1, sa_iterations = 1000, initial_temperature = 3.0, cooling_rate = 0.999
26 - INFO - chord#: 90 done. best_score=67.0, changed=613, unchanged=279, early_stops=8/8
26 - INFO - chord#: 92 In build_straw_man_chord_sa. tolerance = 1, sa_iterations = 1000, initial_temperature = 3.0, cooling_rate = 0.999
26 - INFO - chord#: 96 done. best_score=27.0, changed=524, unchanged=443, early_stops=8/8
26 - INFO - chord#: 100 In build_straw_man_chord_sa. tolerance = 1, sa_iterations = 1000, initial_temperature = 3.0, cooling_rate = 0.999
26 - INFO - chord#: 96 done. best_score=27.0, changed=520, unchanged=479, early_stops=8/8
26 - INFO - chord#: 100 In build_straw_man_chord_sa. tolerance = 1, sa_iterations = 1000, initial_temperature = 3.0, cooling_rate = 0.999
26 - INFO - chord#: 82 done. best_score=27.0, changed=529, unchanged=354, early_stops=8/8
26 - INFO - chord#: 84 In build_straw_man_chord_sa. tolerance = 1, sa_iterations = 1000, initial_temperature = 3.0, cooling_rate = 0.999
26 - INFO - chord#: 102 done. best_score=27.0, changed=531, unchanged=368, early_stops=8/8
26 - INFO - chord#: 104 In build_straw_man_chord_sa. tolerance = 1, sa_iterations = 1000, initial_temperature = 3.0, cooling_rate = 0.999
26 - INFO - chord#: 108 done. best_score=27.0, changed=524, unchanged=420, early_stops=8/8
26 - INFO - chord#: 112 In build_straw_man_chord_sa. tolerance = 1, sa_iterations = 1000, initial_temperature = 3.0, cooling_rate = 0.999
26 - INFO - chord#: 92 done. best_score=27.0, changed=524, unchanged=422, early_stops=8/8
26 - INFO - chord#: 96 In build_straw_man_chord_sa. tolerance = 1, sa_iterations = 1000, initial_temperature = 3.0, cooling_rate = 0.999
26 - INFO - chord#: 106 done. best_score=36.0, changed=524, unchanged=489, early_stops=8/8
26 - INFO - chord#: 108 In build_straw_man_chord_sa. tolerance = 1, sa_iterations = 1000, initial_temperature = 3.0, cooling_rate = 0.999
26 - INFO - chord#: 88 done. best_score=27.0, changed=511, unchanged=415, early_stops=8/8
26 - INFO - chord#: 90 In build_straw_man_chord_sa. tolerance = 1, sa_iterations = 1000, initial_temperature = 3.0, cooling_rate = 0.999
26 - INFO - chord#: 84 done. best_score=119.0, changed=610, unchanged=297, early_stops=8/8
26 - INFO - chord#: 88 In build_straw_man_chord_sa. tolerance = 1, sa_iterations = 1000, initial_temperature = 3.0, cooling_rate = 0.999
26 - INFO - chord#: 104 done. best_score=27.0, changed=518, unchanged=332, early_stops=8/8
26 - INFO - chord#: 106 In build_straw_man_chord_sa. tolerance = 1, sa_iterations = 1000, initial_temperature = 3.0, cooling_rate = 0.999
26 - INFO - chord#: 90 done. best_score=67.0, changed=616, unchanged=351, early_stops=8/8
26 - INFO - chord#: 92 In build_straw_man_chord_sa. tolerance = 1, sa_iterations = 1000, initial_temperature = 3.0, cooling_rate = 0.999
26 - INFO - chord#: 112 done. best_score=27.0, changed=518, unchanged=423, early_stops=8/8
26 - INFO - chord#: 116 In build_straw_man_chord_sa. tolerance = 1, sa_iterations = 1000, initial_temperature = 3.0, cooling_rate = 0.999
26 - INFO - chord#: 100 done. best_score=82.0, changed=610, unchanged=322, early_stops=8/8
26 - INFO - chord#: 102 In build_straw_man_chord_sa. tolerance = 1, sa_iterations = 1000, initial_temperature = 3.0, cooling_rate = 0.999
26 - INFO - chord#: 100 done. best_score=82.0, changed=608, unchanged=270, early_stops=8/8
26 - INFO - chord#: 102 In build_straw_man_chord_sa. tolerance = 1, sa_iterations = 1000, initial_temperature = 3.0, cooling_rate = 0.999
26 - INFO - chord#: 96 done. best_score=27.0, changed=524, unchanged=552, early_stops=8/8
26 - INFO - chord#: 100 In build_straw_man_chord_sa. tolerance = 1, sa_iterations = 1000, initial_temperature = 3.0, cooling_rate = 0.999
26 - INFO - chord#: 108 done. best_score=27.0, changed=520, unchanged=496, early_stops=8/8
26 - INFO - chord#: 112 In build_straw_man_chord_sa. tolerance = 1, sa_iterations = 1000, initial_temperature = 3.0, cooling_rate = 0.999
26 - INFO - chord#: 84 done. best_score=67.0, changed=607, unchanged=329, early_stops=8/8
26 - INFO - chord#: 88 In build_straw_man_chord_sa. tolerance = 1, sa_iterations = 1000, initial_temperature = 3.0, cooling_rate = 0.999
26 - INFO - chord#: 100 done. best_score=82.0, changed=611, unchanged=260, early_stops=8/8
26 - INFO - chord#: 102 In build_straw_man_chord_sa. tolerance = 1, sa_iterations = 1000, initial_temperature = 3.0, cooling_rate = 0.999
26 - INFO - chord#: 88 done. best_score=27.0, changed=508, unchanged=408, early_stops=8/8
26 - INFO - chord#: 90 In build_straw_man_chord_sa. tolerance = 1, sa_iterations = 1000, initial_temperature = 3.0, cooling_rate = 0.999
26 - INFO - chord#: 106 done. best_score=36.0, changed=525, unchanged=369, early_stops=8/8
26 - INFO - chord#: 108 In build_straw_man_chord_sa. tolerance = 1, sa_iterations = 1000, initial_temperature = 3.0, cooling_rate = 0.999
26 - INFO - chord#: 92 done. best_score=27.0, changed=521, unchanged=363, early_stops=8/8
26 - INFO - chord#: 96 In build_straw_man_chord_sa. tolerance = 1, sa_iterations = 1000, initial_temperature = 3.0, cooling_rate = 0.999
26 - INFO - chord#: 102 done. best_score=27.0, changed=522, unchanged=316, early_stops=8/8
26 - INFO - chord#: 104 In build_straw_man_chord_sa. tolerance = 1, sa_iterations = 1000, initial_temperature = 3.0, cooling_rate = 0.999
26 - INFO - chord#: 112 done. best_score=27.0, changed=523, unchanged=414, early_stops=8/8
26 - INFO - chord#: 116 In build_straw_man_chord_sa. tolerance = 1, sa_iterations = 1000, initial_temperature = 3.0, cooling_rate = 0.999
26 - INFO - chord#: 102 done. best_score=27.0, changed=520, unchanged=332, early_stops=8/8
26 - INFO - chord#: 104 In build_straw_man_chord_sa. tolerance = 1, sa_iterations = 1000, initial_temperature = 3.0, cooling_rate = 0.999
26 - INFO - chord#: 102 done. best_score=27.0, changed=528, unchanged=333, early_stops=8/8
26 - INFO - chord#: 104 In build_straw_man_chord_sa. tolerance = 1, sa_iterations = 1000, initial_temperature = 3.0, cooling_rate = 0.999
26 - INFO - chord#: 84 done. best_score=67.0, changed=619, unchanged=392, early_stops=8/8
26 - INFO - chord#: 88 In build_straw_man_chord_sa. tolerance = 1, sa_iterations = 1000, initial_temperature = 3.0, cooling_rate = 0.999
26 - INFO - chord#: 88 done. best_score=27.0, changed=520, unchanged=459, early_stops=8/8
26 - INFO - chord#: 90 In build_straw_man_chord_sa. tolerance = 1, sa_iterations = 1000, initial_temperature = 3.0, cooling_rate = 0.999
26 - INFO - chord#: 104 done. best_score=27.0, changed=526, unchanged=333, early_stops=8/8
26 - INFO - chord#: 106 In build_straw_man_chord_sa. tolerance = 1, sa_iterations = 1000, initial_temperature = 3.0, cooling_rate = 0.999
26 - INFO - chord#: 108 done. best_score=27.0, changed=521, unchanged=470, early_stops=8/8
26 - INFO - chord#: 112 In build_straw_man_chord_sa. tolerance = 1, sa_iterations = 1000, initial_temperature = 3.0, cooling_rate = 0.999
26 - INFO - chord#: 96 done. best_score=27.0, changed=523, unchanged=482, early_stops=8/8
26 - INFO - chord#: 100 In build_straw_man_chord_sa. tolerance = 1, sa_iterations = 1000, initial_temperature = 3.0, cooling_rate = 0.999
26 - INFO - chord#: 104 done. best_score=27.0, changed=520, unchanged=378, early_stops=8/8
26 - INFO - chord#: 106 In build_straw_man_chord_sa. tolerance = 1, sa_iterations = 1000, initial_temperature = 3.0, cooling_rate = 0.999
26 - INFO - chord#: 90 done. best_score=67.0, changed=616, unchanged=342, early_stops=8/8
26 - INFO - chord#: 92 In build_straw_man_chord_sa. tolerance = 1, sa_iterations = 1000, initial_temperature = 3.0, cooling_rate = 0.999
26 - INFO - chord#: 104 done. best_score=27.0, changed=519, unchanged=371, early_stops=8/8
26 - INFO - chord#: 106 In build_straw_man_chord_sa. tolerance = 1, sa_iterations = 1000, initial_temperature = 3.0, cooling_rate = 0.999
26 - INFO - chord#: 100 done. best_score=119.0, changed=611, unchanged=349, early_stops=8/8
26 - INFO - chord#: 102 In build_straw_man_chord_sa. tolerance = 1, sa_iterations = 1000, initial_temperature = 3.0, cooling_rate = 0.999
26 - INFO - chord#: 116 done. best_score=64.0, changed=610, unchanged=371, early_stops=8/8
26 - INFO - chord#: 118 In build_straw_man_chord_sa. tolerance = 1, sa_iterations = 1000, initial_temperature = 3.0, cooling_rate = 0.999
26 - INFO - chord#: 112 done. best_score=27.0, changed=525, unchanged=364, early_stops=8/8
26 - INFO - chord#: 116 In build_straw_man_chord_sa. tolerance = 1, sa_iterations = 1000, initial_temperature = 3.0, cooling_rate = 0.999
26 - INFO - chord#: 106 done. best_score=36.0, changed=512, unchanged=337, early_stops=8/8
26 - INFO - chord#: 108 In build_straw_man_chord_sa. tolerance = 1, sa_iterations = 1000, initial_temperature = 3.0, cooling_rate = 0.999
26 - INFO - chord#: 88 done. best_score=27.0, changed=519, unchanged=442, early_stops=8/8
26 - INFO - chord#: 90 In build_straw_man_chord_sa. tolerance = 1, sa_iterations = 1000, initial_temperature = 3.0, cooling_rate = 0.999
26 - INFO - chord#: 90 done. best_score=137.0, changed=608, unchanged=251, early_stops=8/8
26 - INFO - chord#: 92 In build_straw_man_chord_sa. tolerance = 1, sa_iterations = 1000, initial_temperature = 3.0, cooling_rate = 0.999
26 - INFO - chord#: 102 done. best_score=36.0, changed=534, unchanged=329, early_stops=8/8
26 - INFO - chord#: 104 In build_straw_man_chord_sa. tolerance = 1, sa_iterations = 1000, initial_temperature = 3.0, cooling_rate = 0.999
26 - INFO - chord#: 92 done. best_score=27.0, changed=520, unchanged=401, early_stops=8/8
26 - INFO - chord#: 96 In build_straw_man_chord_sa. tolerance = 1, sa_iterations = 1000, initial_temperature = 3.0, cooling_rate = 0.999
26 - INFO - chord#: 118 done. best_score=27.0, changed=526, unchanged=303, early_stops=8/8
26 - INFO - chord#: 120 In build_straw_man_chord_sa. tolerance = 1, sa_iterations = 1000, initial_temperature = 3.0, cooling_rate = 0.999
26 - INFO - chord#: 116 done. best_score=64.0, changed=613, unchanged=273, early_stops=8/8
26 - INFO - chord#: 118 In build_straw_man_chord_sa. tolerance = 1, sa_iterations = 1000, initial_temperature = 3.0, cooling_rate = 0.999
26 - INFO - chord#: 106 done. best_score=36.0, changed=515, unchanged=466, early_stops=8/8
26 - INFO - chord#: 108 In build_straw_man_chord_sa. tolerance = 1, sa_iterations = 1000, initial_temperature = 3.0, cooling_rate = 0.999
26 - INFO - chord#: 106 done. best_score=36.0, changed=521, unchanged=451, early_stops=8/8
26 - INFO - chord#: 108 In build_straw_man_chord_sa. tolerance = 1, sa_iterations = 1000, initial_temperature = 3.0, cooling_rate = 0.999
26 - INFO - chord#: 108 done. best_score=27.0, changed=510, unchanged=396, early_stops=8/8
26 - INFO - chord#: 112 In build_straw_man_chord_sa. tolerance = 1, sa_iterations = 1000, initial_temperature = 3.0, cooling_rate = 0.999
26 - INFO - chord#: 104 done. best_score=27.0, changed=521, unchanged=373, early_stops=8/8
26 - INFO - chord#: 106 In build_straw_man_chord_sa. tolerance = 1, sa_iterations = 1000, initial_temperature = 3.0, cooling_rate = 0.999
26 - INFO - chord#: 92 done. best_score=27.0, changed=520, unchanged=331, early_stops=8/8
26 - INFO - chord#: 96 In build_straw_man_chord_sa. tolerance = 1, sa_iterations = 1000, initial_temperature = 3.0, cooling_rate = 0.999
26 - INFO - chord#: 118 done. best_score=27.0, changed=525, unchanged=421, early_stops=8/8
26 - INFO - chord#: 120 In build_straw_man_chord_sa. tolerance = 1, sa_iterations = 1000, initial_temperature = 3.0, cooling_rate = 0.999
26 - INFO - chord#: 108 done. best_score=27.0, changed=516, unchanged=405, early_stops=8/8
26 - INFO - chord#: 112 In build_straw_man_chord_sa. tolerance = 1, sa_iterations = 1000, initial_temperature = 3.0, cooling_rate = 0.999
26 - INFO - chord#: 120 done. best_score=27.0, changed=531, unchanged=569, early_stops=8/8
26 - INFO - chord#: 124 In build_straw_man_chord_sa. tolerance = 1, sa_iterations = 1000, initial_temperature = 3.0, cooling_rate = 0.999
26 - INFO - chord#: 96 done. best_score=27.0, changed=522, unchanged=386, early_stops=8/8
26 - INFO - chord#: 100 In build_straw_man_chord_sa. tolerance = 1, sa_iterations = 1000, initial_temperature = 3.0, cooling_rate = 0.999
26 - INFO - chord#: 112 done. best_score=27.0, changed=522, unchanged=389, early_stops=8/8
26 - INFO - chord#: 116 In build_straw_man_chord_sa. tolerance = 1, sa_iterations = 1000, initial_temperature = 3.0, cooling_rate = 0.999
26 - INFO - chord#: 108 done. best_score=27.0, changed=514, unchanged=333, early_stops=8/8
26 - INFO - chord#: 112 In build_straw_man_chord_sa. tolerance = 1, sa_iterations = 1000, initial_temperature = 3.0, cooling_rate = 0.999
26 - INFO - chord#: 90 done. best_score=137.0, changed=615, unchanged=398, early_stops=8/8
26 - INFO - chord#: 92 In build_straw_man_chord_sa. tolerance = 1, sa_iterations = 1000, initial_temperature = 3.0, cooling_rate = 0.999
26 - INFO - chord#: 100 done. best_score=82.0, changed=611, unchanged=272, early_stops=8/8
26 - INFO - chord#: 102 In build_straw_man_chord_sa. tolerance = 1, sa_iterations = 1000, initial_temperature = 3.0, cooling_rate = 0.999
26 - INFO - chord#: 106 done. best_score=36.0, changed=518, unchanged=339, early_stops=8/8
26 - INFO - chord#: 108 In build_straw_man_chord_sa. tolerance = 1, sa_iterations = 1000, initial_temperature = 3.0, cooling_rate = 0.999
26 - INFO - chord#: 116 done. best_score=64.0, changed=609, unchanged=337, early_stops=8/8
26 - INFO - chord#: 118 In build_straw_man_chord_sa. tolerance = 1, sa_iterations = 1000, initial_temperature = 3.0, cooling_rate = 0.999
26 - INFO - chord#: 120 done. best_score=27.0, changed=529, unchanged=377, early_stops=8/8
26 - INFO - chord#: 124 In build_straw_man_chord_sa. tolerance = 1, sa_iterations = 1000, initial_temperature = 3.0, cooling_rate = 0.999
26 - INFO - chord#: 112 done. best_score=27.0, changed=531, unchanged=559, early_stops=8/8
26 - INFO - chord#: 116 In build_straw_man_chord_sa. tolerance = 1, sa_iterations = 1000, initial_temperature = 3.0, cooling_rate = 0.999
26 - INFO - chord#: 124 done. best_score=27.0, changed=521, unchanged=341, early_stops=8/8
26 - INFO - chord#: 130 In build_straw_man_chord_sa. tolerance = 1, sa_iterations = 1000, initial_temperature = 3.0, cooling_rate = 0.999
26 - INFO - chord#: 90 done. best_score=67.0, changed=609, unchanged=256, early_stops=8/8
26 - INFO - chord#: 92 In build_straw_man_chord_sa. tolerance = 1, sa_iterations = 1000, initial_temperature = 3.0, cooling_rate = 0.999
26 - INFO - chord#: 96 done. best_score=27.0, changed=521, unchanged=473, early_stops=8/8
26 - INFO - chord#: 100 In build_straw_man_chord_sa. tolerance = 1, sa_iterations = 1000, initial_temperature = 3.0, cooling_rate = 0.999
26 - INFO - chord#: 112 done. best_score=27.0, changed=522, unchanged=376, early_stops=8/8
26 - INFO - chord#: 116 In build_straw_man_chord_sa. tolerance = 1, sa_iterations = 1000, initial_temperature = 3.0, cooling_rate = 0.999
26 - INFO - chord#: 92 done. best_score=27.0, changed=522, unchanged=428, early_stops=8/8
26 - INFO - chord#: 96 In build_straw_man_chord_sa. tolerance = 1, sa_iterations = 1000, initial_temperature = 3.0, cooling_rate = 0.999
26 - INFO - chord#: 108 done. best_score=27.0, changed=516, unchanged=462, early_stops=8/8
26 - INFO - chord#: 112 In build_straw_man_chord_sa. tolerance = 1, sa_iterations = 1000, initial_temperature = 3.0, cooling_rate = 0.999
26 - INFO - chord#: 102 done. best_score=27.0, changed=525, unchanged=401, early_stops=8/8
26 - INFO - chord#: 104 In build_straw_man_chord_sa. tolerance = 1, sa_iterations = 1000, initial_temperature = 3.0, cooling_rate = 0.999
26 - INFO - chord#: 118 done. best_score=27.0, changed=534, unchanged=399, early_stops=8/8
26 - INFO - chord#: 120 In build_straw_man_chord_sa. tolerance = 1, sa_iterations = 1000, initial_temperature = 3.0, cooling_rate = 0.999
26 - INFO - chord#: 124 done. best_score=27.0, changed=518, unchanged=360, early_stops=8/8
26 - INFO - chord#: 130 In build_straw_man_chord_sa. tolerance = 1, sa_iterations = 1000, initial_temperature = 3.0, cooling_rate = 0.999
26 - INFO - chord#: 92 done. best_score=27.0, changed=522, unchanged=323, early_stops=8/8
26 - INFO - chord#: 96 In build_straw_man_chord_sa. tolerance = 1, sa_iterations = 1000, initial_temperature = 3.0, cooling_rate = 0.999
26 - INFO - chord#: 116 done. best_score=64.0, changed=608, unchanged=282, early_stops=8/8
26 - INFO - chord#: 118 In build_straw_man_chord_sa. tolerance = 1, sa_iterations = 1000, initial_temperature = 3.0, cooling_rate = 0.999
26 - INFO - chord#: 112 done. best_score=27.0, changed=530, unchanged=418, early_stops=8/8
26 - INFO - chord#: 116 In build_straw_man_chord_sa. tolerance = 1, sa_iterations = 1000, initial_temperature = 3.0, cooling_rate = 0.999
26 - INFO - chord#: 120 done. best_score=27.0, changed=527, unchanged=443, early_stops=8/8
26 - INFO - chord#: 124 In build_straw_man_chord_sa. tolerance = 1, sa_iterations = 1000, initial_temperature = 3.0, cooling_rate = 0.999
26 - INFO - chord#: 104 done. best_score=27.0, changed=522, unchanged=412, early_stops=8/8
26 - INFO - chord#: 106 In build_straw_man_chord_sa. tolerance = 1, sa_iterations = 1000, initial_temperature = 3.0, cooling_rate = 0.999
26 - INFO - chord#: 96 done. best_score=27.0, changed=520, unchanged=338, early_stops=8/8
26 - INFO - chord#: 100 In build_straw_man_chord_sa. tolerance = 1, sa_iterations = 1000, initial_temperature = 3.0, cooling_rate = 0.999
26 - INFO - chord#: 116 done. best_score=64.0, changed=608, unchanged=208, early_stops=8/8
26 - INFO - chord#: 118 In build_straw_man_chord_sa. tolerance = 1, sa_iterations = 1000, initial_temperature = 3.0, cooling_rate = 0.999
26 - INFO - chord#: 100 done. best_score=82.0, changed=613, unchanged=313, early_stops=8/8
26 - INFO - chord#: 102 In build_straw_man_chord_sa. tolerance = 1, sa_iterations = 1000, initial_temperature = 3.0, cooling_rate = 0.999
26 - INFO - chord#: 130 done. best_score=67.0, changed=611, unchanged=277, early_stops=8/8
26 - INFO - chord#: 132 In build_straw_man_chord_sa. tolerance = 1, sa_iterations = 1000, initial_temperature = 3.0, cooling_rate = 0.999
26 - INFO - chord#: 118 done. best_score=27.0, changed=521, unchanged=397, early_stops=8/8
26 - INFO - chord#: 120 In build_straw_man_chord_sa. tolerance = 1, sa_iterations = 1000, initial_temperature = 3.0, cooling_rate = 0.999
26 - INFO - chord#: 96 done. best_score=27.0, changed=514, unchanged=370, early_stops=8/8
26 - INFO - chord#: 100 In build_straw_man_chord_sa. tolerance = 1, sa_iterations = 1000, initial_temperature = 3.0, cooling_rate = 0.999
26 - INFO - chord#: 118 done. best_score=27.0, changed=525, unchanged=327, early_stops=8/8
26 - INFO - chord#: 120 In build_straw_man_chord_sa. tolerance = 1, sa_iterations = 1000, initial_temperature = 3.0, cooling_rate = 0.999
26 - INFO - chord#: 100 done. best_score=82.0, changed=612, unchanged=307, early_stops=8/8
26 - INFO - chord#: 102 In build_straw_man_chord_sa. tolerance = 1, sa_iterations = 1000, initial_temperature = 3.0, cooling_rate = 0.999
26 - INFO - chord#: 124 done. best_score=27.0, changed=527, unchanged=474, early_stops=8/8
26 - INFO - chord#: 130 In build_straw_man_chord_sa. tolerance = 1, sa_iterations = 1000, initial_temperature = 3.0, cooling_rate = 0.999
26 - INFO - chord#: 132 done. best_score=27.0, changed=522, unchanged=388, early_stops=8/8
26 - INFO - chord#: 134 In build_straw_man_chord_sa. tolerance = 1, sa_iterations = 1000, initial_temperature = 3.0, cooling_rate = 0.999
26 - INFO - chord#: 102 done. best_score=27.0, changed=529, unchanged=433, early_stops=8/8
26 - INFO - chord#: 116 done. best_score=64.0, changed=612, unchanged=251, early_stops=8/8
26 - INFO - chord#: 104 In build_straw_man_chord_sa. tolerance = 1, sa_iterations = 1000, initial_temperature = 3.0, cooling_rate = 0.999
26 - INFO - chord#: 118 In build_straw_man_chord_sa. tolerance = 1, sa_iterations = 1000, initial_temperature = 3.0, cooling_rate = 0.999
26 - INFO - chord#: 130 done. best_score=67.0, changed=612, unchanged=352, early_stops=8/8
26 - INFO - chord#: 132 In build_straw_man_chord_sa. tolerance = 1, sa_iterations = 1000, initial_temperature = 3.0, cooling_rate = 0.999
26 - INFO - chord#: 106 done. best_score=36.0, changed=526, unchanged=546, early_stops=8/8
26 - INFO - chord#: 108 In build_straw_man_chord_sa. tolerance = 1, sa_iterations = 1000, initial_temperature = 3.0, cooling_rate = 0.999
26 - INFO - chord#: 120 done. best_score=27.0, changed=520, unchanged=432, early_stops=8/8
26 - INFO - chord#: 124 In build_straw_man_chord_sa. tolerance = 1, sa_iterations = 1000, initial_temperature = 3.0, cooling_rate = 0.999
26 - INFO - chord#: 120 done. best_score=27.0, changed=514, unchanged=453, early_stops=8/8
26 - INFO - chord#: 124 In build_straw_man_chord_sa. tolerance = 1, sa_iterations = 1000, initial_temperature = 3.0, cooling_rate = 0.999
26 - INFO - chord#: 116 done. best_score=64.0, changed=613, unchanged=279, early_stops=8/8
26 - INFO - chord#: 118 In build_straw_man_chord_sa. tolerance = 1, sa_iterations = 1000, initial_temperature = 3.0, cooling_rate = 0.999
26 - INFO - chord#: 102 done. best_score=27.0, changed=533, unchanged=319, early_stops=8/8
26 - INFO - chord#: 104 In build_straw_man_chord_sa. tolerance = 1, sa_iterations = 1000, initial_temperature = 3.0, cooling_rate = 0.999
26 - INFO - chord#: 134 done. best_score=27.0, changed=543, unchanged=424, early_stops=8/8
26 - INFO - chord#: 136 In build_straw_man_chord_sa. tolerance = 1, sa_iterations = 1000, initial_temperature = 3.0, cooling_rate = 0.999
26 - INFO - chord#: 132 done. best_score=27.0, changed=525, unchanged=537, early_stops=8/8
26 - INFO - chord#: 134 In build_straw_man_chord_sa. tolerance = 1, sa_iterations = 1000, initial_temperature = 3.0, cooling_rate = 0.999
26 - INFO - chord#: 118 done. best_score=27.0, changed=521, unchanged=388, early_stops=8/8
26 - INFO - chord#: 120 In build_straw_man_chord_sa. tolerance = 1, sa_iterations = 1000, initial_temperature = 3.0, cooling_rate = 0.999
26 - INFO - chord#: 104 done. best_score=27.0, changed=517, unchanged=409, early_stops=8/8
26 - INFO - chord#: 106 In build_straw_man_chord_sa. tolerance = 1, sa_iterations = 1000, initial_temperature = 3.0, cooling_rate = 0.999
26 - INFO - chord#: 108 done. best_score=27.0, changed=513, unchanged=391, early_stops=8/8
26 - INFO - chord#: 112 In build_straw_man_chord_sa. tolerance = 1, sa_iterations = 1000, initial_temperature = 3.0, cooling_rate = 0.999
26 - INFO - chord#: 124 done. best_score=27.0, changed=520, unchanged=396, early_stops=8/8
26 - INFO - chord#: 130 In build_straw_man_chord_sa. tolerance = 1, sa_iterations = 1000, initial_temperature = 3.0, cooling_rate = 0.999
26 - INFO - chord#: 100 done. best_score=82.0, changed=610, unchanged=324, early_stops=8/8
26 - INFO - chord#: 102 In build_straw_man_chord_sa. tolerance = 1, sa_iterations = 1000, initial_temperature = 3.0, cooling_rate = 0.999
26 - INFO - chord#: 118 done. best_score=27.0, changed=525, unchanged=338, early_stops=8/8
26 - INFO - chord#: 120 In build_straw_man_chord_sa. tolerance = 1, sa_iterations = 1000, initial_temperature = 3.0, cooling_rate = 0.999
26 - INFO - chord#: 104 done. best_score=27.0, changed=535, unchanged=408, early_stops=8/8
26 - INFO - chord#: 106 In build_straw_man_chord_sa. tolerance = 1, sa_iterations = 1000, initial_temperature = 3.0, cooling_rate = 0.999
26 - INFO - chord#: 124 done. best_score=27.0, changed=522, unchanged=382, early_stops=8/8
26 - INFO - chord#: 130 In build_straw_man_chord_sa. tolerance = 1, sa_iterations = 1000, initial_temperature = 3.0, cooling_rate = 0.999
26 - INFO - chord#: 134 done. best_score=27.0, changed=528, unchanged=333, early_stops=8/8
26 - INFO - chord#: 136 In build_straw_man_chord_sa. tolerance = 1, sa_iterations = 1000, initial_temperature = 3.0, cooling_rate = 0.999
26 - INFO - chord#: 130 done. best_score=67.0, changed=610, unchanged=313, early_stops=8/8
26 - INFO - chord#: 132 In build_straw_man_chord_sa. tolerance = 1, sa_iterations = 1000, initial_temperature = 3.0, cooling_rate = 0.999
26 - INFO - chord#: 136 done. best_score=27.0, changed=528, unchanged=375, early_stops=8/8
26 - INFO - chord#: 138 In build_straw_man_chord_sa. tolerance = 1, sa_iterations = 1000, initial_temperature = 3.0, cooling_rate = 0.999
26 - INFO - chord#: 100 done. best_score=82.0, changed=613, unchanged=332, early_stops=8/8
26 - INFO - chord#: 102 In build_straw_man_chord_sa. tolerance = 1, sa_iterations = 1000, initial_temperature = 3.0, cooling_rate = 0.999
26 - INFO - chord#: 106 done. best_score=36.0, changed=517, unchanged=336, early_stops=8/8
26 - INFO - chord#: 108 In build_straw_man_chord_sa. tolerance = 1, sa_iterations = 1000, initial_temperature = 3.0, cooling_rate = 0.999
26 - INFO - chord#: 112 done. best_score=27.0, changed=521, unchanged=376, early_stops=8/8
26 - INFO - chord#: 116 In build_straw_man_chord_sa. tolerance = 1, sa_iterations = 1000, initial_temperature = 3.0, cooling_rate = 0.999
26 - INFO - chord#: 120 done. best_score=27.0, changed=531, unchanged=542, early_stops=8/8
26 - INFO - chord#: 124 In build_straw_man_chord_sa. tolerance = 1, sa_iterations = 1000, initial_temperature = 3.0, cooling_rate = 0.999
26 - INFO - chord#: 102 done. best_score=27.0, changed=520, unchanged=342, early_stops=8/8
26 - INFO - chord#: 104 In build_straw_man_chord_sa. tolerance = 1, sa_iterations = 1000, initial_temperature = 3.0, cooling_rate = 0.999
26 - INFO - chord#: 120 done. best_score=27.0, changed=527, unchanged=634, early_stops=8/8
26 - INFO - chord#: 124 In build_straw_man_chord_sa. tolerance = 1, sa_iterations = 1000, initial_temperature = 3.0, cooling_rate = 0.999
26 - INFO - chord#: 106 done. best_score=36.0, changed=528, unchanged=375, early_stops=8/8
26 - INFO - chord#: 108 In build_straw_man_chord_sa. tolerance = 1, sa_iterations = 1000, initial_temperature = 3.0, cooling_rate = 0.999
26 - INFO - chord#: 132 done. best_score=27.0, changed=523, unchanged=395, early_stops=8/8
26 - INFO - chord#: 134 In build_straw_man_chord_sa. tolerance = 1, sa_iterations = 1000, initial_temperature = 3.0, cooling_rate = 0.999
26 - INFO - chord#: 136 done. best_score=27.0, changed=517, unchanged=372, early_stops=8/8
26 - INFO - chord#: 138 In build_straw_man_chord_sa. tolerance = 1, sa_iterations = 1000, initial_temperature = 3.0, cooling_rate = 0.999
26 - INFO - chord#: 102 done. best_score=27.0, changed=529, unchanged=349, early_stops=8/8
26 - INFO - chord#: 104 In build_straw_man_chord_sa. tolerance = 1, sa_iterations = 1000, initial_temperature = 3.0, cooling_rate = 0.999
26 - INFO - chord#: 108 done. best_score=27.0, changed=515, unchanged=321, early_stops=8/8
26 - INFO - chord#: 112 In build_straw_man_chord_sa. tolerance = 1, sa_iterations = 1000, initial_temperature = 3.0, cooling_rate = 0.999
26 - INFO - chord#: 134 done. best_score=27.0, changed=524, unchanged=311, early_stops=8/8
26 - INFO - chord#: 136 In build_straw_man_chord_sa. tolerance = 1, sa_iterations = 1000, initial_temperature = 3.0, cooling_rate = 0.999
26 - INFO - chord#: 104 done. best_score=27.0, changed=518, unchanged=375, early_stops=8/8
26 - INFO - chord#: 106 In build_straw_man_chord_sa. tolerance = 1, sa_iterations = 1000, initial_temperature = 3.0, cooling_rate = 0.999
26 - INFO - chord#: 124 done. best_score=27.0, changed=522, unchanged=343, early_stops=8/8
26 - INFO - chord#: 130 In build_straw_man_chord_sa. tolerance = 1, sa_iterations = 1000, initial_temperature = 3.0, cooling_rate = 0.999
26 - INFO - chord#: 130 done. best_score=125.0, changed=613, unchanged=328, early_stops=8/8
26 - INFO - chord#: 132 In build_straw_man_chord_sa. tolerance = 1, sa_iterations = 1000, initial_temperature = 3.0, cooling_rate = 0.999
26 - INFO - chord#: 130 done. best_score=67.0, changed=610, unchanged=285, early_stops=8/8
26 - INFO - chord#: 132 In build_straw_man_chord_sa. tolerance = 1, sa_iterations = 1000, initial_temperature = 3.0, cooling_rate = 0.999
26 - INFO - chord#: 108 done. best_score=27.0, changed=526, unchanged=425, early_stops=8/8
26 - INFO - chord#: 112 In build_straw_man_chord_sa. tolerance = 1, sa_iterations = 1000, initial_temperature = 3.0, cooling_rate = 0.999
26 - INFO - chord#: 124 done. best_score=27.0, changed=526, unchanged=447, early_stops=8/8
26 - INFO - chord#: 130 In build_straw_man_chord_sa. tolerance = 1, sa_iterations = 1000, initial_temperature = 3.0, cooling_rate = 0.999
26 - INFO - chord#: 104 done. best_score=27.0, changed=522, unchanged=544, early_stops=8/8
26 - INFO - chord#: 106 In build_straw_man_chord_sa. tolerance = 1, sa_iterations = 1000, initial_temperature = 3.0, cooling_rate = 0.999
26 - INFO - chord#: 132 done. best_score=27.0, changed=523, unchanged=376, early_stops=8/8
26 - INFO - chord#: 134 In build_straw_man_chord_sa. tolerance = 1, sa_iterations = 1000, initial_temperature = 3.0, cooling_rate = 0.999
26 - INFO - chord#: 136 done. best_score=27.0, changed=523, unchanged=331, early_stops=8/8
26 - INFO - chord#: 138 In build_straw_man_chord_sa. tolerance = 1, sa_iterations = 1000, initial_temperature = 3.0, cooling_rate = 0.999
26 - INFO - chord#: 112 done. best_score=27.0, changed=531, unchanged=467, early_stops=8/8
26 - INFO - chord#: 116 In build_straw_man_chord_sa. tolerance = 1, sa_iterations = 1000, initial_temperature = 3.0, cooling_rate = 0.999
26 - INFO - chord#: 132 done. best_score=27.0, changed=520, unchanged=391, early_stops=8/8
26 - INFO - chord#: 134 In build_straw_man_chord_sa. tolerance = 1, sa_iterations = 1000, initial_temperature = 3.0, cooling_rate = 0.999
26 - INFO - chord#: 112 done. best_score=27.0, changed=528, unchanged=396, early_stops=8/8
26 - INFO - chord#: 116 In build_straw_man_chord_sa. tolerance = 1, sa_iterations = 1000, initial_temperature = 3.0, cooling_rate = 0.999
26 - INFO - chord#: 138 done. best_score=64.0, changed=615, unchanged=392, early_stops=8/8
26 - INFO - chord#: 140 In build_straw_man_chord_sa. tolerance = 1, sa_iterations = 1000, initial_temperature = 3.0, cooling_rate = 0.999
26 - INFO - chord#: 106 done. best_score=36.0, changed=526, unchanged=395, early_stops=8/8
26 - INFO - chord#: 108 In build_straw_man_chord_sa. tolerance = 1, sa_iterations = 1000, initial_temperature = 3.0, cooling_rate = 0.999
26 - INFO - chord#: 116 done. best_score=171.0, changed=614, unchanged=260, early_stops=8/8
26 - INFO - chord#: 118 In build_straw_man_chord_sa. tolerance = 1, sa_iterations = 1000, initial_temperature = 3.0, cooling_rate = 0.999
26 - INFO - chord#: 138 done. best_score=64.0, changed=614, unchanged=438, early_stops=8/8
26 - INFO - chord#: 140 In build_straw_man_chord_sa. tolerance = 1, sa_iterations = 1000, initial_temperature = 3.0, cooling_rate = 0.999
26 - INFO - chord#: 134 done. best_score=27.0, changed=523, unchanged=405, early_stops=8/8
26 - INFO - chord#: 136 In build_straw_man_chord_sa. tolerance = 1, sa_iterations = 1000, initial_temperature = 3.0, cooling_rate = 0.999
26 - INFO - chord#: 134 done. best_score=27.0, changed=522, unchanged=327, early_stops=8/8
26 - INFO - chord#: 136 In build_straw_man_chord_sa. tolerance = 1, sa_iterations = 1000, initial_temperature = 3.0, cooling_rate = 0.999
26 - INFO - chord#: 106 done. best_score=36.0, changed=518, unchanged=404, early_stops=8/8
26 - INFO - chord#: 108 In build_straw_man_chord_sa. tolerance = 1, sa_iterations = 1000, initial_temperature = 3.0, cooling_rate = 0.999
26 - INFO - chord#: 140 done. best_score=27.0, changed=517, unchanged=332, early_stops=8/8
26 - INFO - chord#: 142 In build_straw_man_chord_sa. tolerance = 1, sa_iterations = 1000, initial_temperature = 3.0, cooling_rate = 0.999
26 - INFO - chord#: 118 done. best_score=27.0, changed=526, unchanged=324, early_stops=8/8
26 - INFO - chord#: 120 In build_straw_man_chord_sa. tolerance = 1, sa_iterations = 1000, initial_temperature = 3.0, cooling_rate = 0.999
26 - INFO - chord#: 108 done. best_score=27.0, changed=514, unchanged=321, early_stops=8/8
26 - INFO - chord#: 112 In build_straw_man_chord_sa. tolerance = 1, sa_iterations = 1000, initial_temperature = 3.0, cooling_rate = 0.999
26 - INFO - chord#: 140 done. best_score=27.0, changed=521, unchanged=414, early_stops=8/8
26 - INFO - chord#: 130 done. best_score=137.0, changed=618, unchanged=469, early_stops=8/8
26 - INFO - chord#: 142 In build_straw_man_chord_sa. tolerance = 1, sa_iterations = 1000, initial_temperature = 3.0, cooling_rate = 0.999
26 - INFO - chord#: 132 In build_straw_man_chord_sa. tolerance = 1, sa_iterations = 1000, initial_temperature = 3.0, cooling_rate = 0.999
26 - INFO - chord#: 136 done. best_score=27.0, changed=522, unchanged=400, early_stops=8/8
26 - INFO - chord#: 138 In build_straw_man_chord_sa. tolerance = 1, sa_iterations = 1000, initial_temperature = 3.0, cooling_rate = 0.999
26 - INFO - chord#: 136 done. best_score=27.0, changed=516, unchanged=355, early_stops=8/8
26 - INFO - chord#: 138 In build_straw_man_chord_sa. tolerance = 1, sa_iterations = 1000, initial_temperature = 3.0, cooling_rate = 0.999
26 - INFO - chord#: 138 done. best_score=64.0, changed=611, unchanged=272, early_stops=8/8
26 - INFO - chord#: 140 In build_straw_man_chord_sa. tolerance = 1, sa_iterations = 1000, initial_temperature = 3.0, cooling_rate = 0.999
26 - INFO - chord#: 132 done. best_score=27.0, changed=529, unchanged=399, early_stops=8/8
26 - INFO - chord#: 134 In build_straw_man_chord_sa. tolerance = 1, sa_iterations = 1000, initial_temperature = 3.0, cooling_rate = 0.999
26 - INFO - chord#: 130 done. best_score=67.0, changed=617, unchanged=493, early_stops=8/8
26 - INFO - chord#: 132 In build_straw_man_chord_sa. tolerance = 1, sa_iterations = 1000, initial_temperature = 3.0, cooling_rate = 0.999
26 - INFO - chord#: 108 done. best_score=27.0, changed=521, unchanged=479, early_stops=8/8
26 - INFO - chord#: 112 In build_straw_man_chord_sa. tolerance = 1, sa_iterations = 1000, initial_temperature = 3.0, cooling_rate = 0.999
26 - INFO - chord#: 112 done. best_score=27.0, changed=525, unchanged=371, early_stops=8/8
26 - INFO - chord#: 116 In build_straw_man_chord_sa. tolerance = 1, sa_iterations = 1000, initial_temperature = 3.0, cooling_rate = 0.999
26 - INFO - chord#: 116 done. best_score=104.0, changed=613, unchanged=355, early_stops=8/8
26 - INFO - chord#: 118 In build_straw_man_chord_sa. tolerance = 1, sa_iterations = 1000, initial_temperature = 3.0, cooling_rate = 0.999
26 - INFO - chord#: 116 done. best_score=64.0, changed=612, unchanged=280, early_stops=8/8
26 - INFO - chord#: 118 In build_straw_man_chord_sa. tolerance = 1, sa_iterations = 1000, initial_temperature = 3.0, cooling_rate = 0.999
26 - INFO - chord#: 140 done. best_score=27.0, changed=522, unchanged=417, early_stops=8/8
26 - INFO - chord#: 142 In build_straw_man_chord_sa. tolerance = 1, sa_iterations = 1000, initial_temperature = 3.0, cooling_rate = 0.999
26 - INFO - chord#: 120 done. best_score=27.0, changed=525, unchanged=509, early_stops=8/8
26 - INFO - chord#: 124 In build_straw_man_chord_sa. tolerance = 1, sa_iterations = 1000, initial_temperature = 3.0, cooling_rate = 0.999
26 - INFO - chord#: 134 done. best_score=27.0, changed=523, unchanged=370, early_stops=8/8
26 - INFO - chord#: 136 In build_straw_man_chord_sa. tolerance = 1, sa_iterations = 1000, initial_temperature = 3.0, cooling_rate = 0.999
26 - INFO - chord#: 118 done. best_score=27.0, changed=531, unchanged=285, early_stops=8/8
26 - INFO - chord#: 120 In build_straw_man_chord_sa. tolerance = 1, sa_iterations = 1000, initial_temperature = 3.0, cooling_rate = 0.999
26 - INFO - chord#: 132 done. best_score=27.0, changed=520, unchanged=308, early_stops=8/8
26 - INFO - chord#: 134 In build_straw_man_chord_sa. tolerance = 1, sa_iterations = 1000, initial_temperature = 3.0, cooling_rate = 0.999
26 - INFO - chord#: 112 done. best_score=27.0, changed=524, unchanged=460, early_stops=8/8
26 - INFO - chord#: 116 In build_straw_man_chord_sa. tolerance = 1, sa_iterations = 1000, initial_temperature = 3.0, cooling_rate = 0.999
26 - INFO - chord#: 142 done. best_score=90.0, changed=612, unchanged=384, early_stops=8/8
26 - INFO - chord#: 144 In build_straw_man_chord_sa. tolerance = 1, sa_iterations = 1000, initial_temperature = 3.0, cooling_rate = 0.999
26 - INFO - chord#: 118 done. best_score=27.0, changed=527, unchanged=312, early_stops=8/8
26 - INFO - chord#: 120 In build_straw_man_chord_sa. tolerance = 1, sa_iterations = 1000, initial_temperature = 3.0, cooling_rate = 0.999
26 - INFO - chord#: 142 done. best_score=82.0, changed=612, unchanged=332, early_stops=8/8
26 - INFO - chord#: 144 In build_straw_man_chord_sa. tolerance = 1, sa_iterations = 1000, initial_temperature = 3.0, cooling_rate = 0.999
26 - INFO - chord#: 138 done. best_score=146.0, changed=615, unchanged=351, early_stops=8/8
26 - INFO - chord#: 140 In build_straw_man_chord_sa. tolerance = 1, sa_iterations = 1000, initial_temperature = 3.0, cooling_rate = 0.999
26 - INFO - chord#: 138 done. best_score=64.0, changed=612, unchanged=389, early_stops=8/8
26 - INFO - chord#: 140 In build_straw_man_chord_sa. tolerance = 1, sa_iterations = 1000, initial_temperature = 3.0, cooling_rate = 0.999
26 - INFO - chord#: 124 done. best_score=27.0, changed=521, unchanged=375, early_stops=8/8
26 - INFO - chord#: 130 In build_straw_man_chord_sa. tolerance = 1, sa_iterations = 1000, initial_temperature = 3.0, cooling_rate = 0.999
26 - INFO - chord#: 136 done. best_score=27.0, changed=528, unchanged=449, early_stops=8/8
26 - INFO - chord#: 138 In build_straw_man_chord_sa. tolerance = 1, sa_iterations = 1000, initial_temperature = 3.0, cooling_rate = 0.999
26 - INFO - chord#: 134 done. best_score=27.0, changed=518, unchanged=310, early_stops=8/8
26 - INFO - chord#: 136 In build_straw_man_chord_sa. tolerance = 1, sa_iterations = 1000, initial_temperature = 3.0, cooling_rate = 0.999
26 - INFO - chord#: 120 done. best_score=27.0, changed=518, unchanged=460, early_stops=8/8
26 - INFO - chord#: 124 In build_straw_man_chord_sa. tolerance = 1, sa_iterations = 1000, initial_temperature = 3.0, cooling_rate = 0.999
26 - INFO - chord#: 144 done. best_score=36.0, changed=516, unchanged=362, early_stops=8/8
26 - INFO - chord#: 146 In build_straw_man_chord_sa. tolerance = 1, sa_iterations = 1000, initial_temperature = 3.0, cooling_rate = 0.999
26 - INFO - chord#: 142 done. best_score=120.0, changed=610, unchanged=285, early_stops=8/8
26 - INFO - chord#: 144 In build_straw_man_chord_sa. tolerance = 1, sa_iterations = 1000, initial_temperature = 3.0, cooling_rate = 0.999
26 - INFO - chord#: 140 done. best_score=27.0, changed=527, unchanged=423, early_stops=8/8
26 - INFO - chord#: 142 In build_straw_man_chord_sa. tolerance = 1, sa_iterations = 1000, initial_temperature = 3.0, cooling_rate = 0.999
26 - INFO - chord#: 120 done. best_score=27.0, changed=528, unchanged=468, early_stops=8/8
26 - INFO - chord#: 124 In build_straw_man_chord_sa. tolerance = 1, sa_iterations = 1000, initial_temperature = 3.0, cooling_rate = 0.999
26 - INFO - chord#: 140 done. best_score=27.0, changed=517, unchanged=359, early_stops=8/8
26 - INFO - chord#: 142 In build_straw_man_chord_sa. tolerance = 1, sa_iterations = 1000, initial_temperature = 3.0, cooling_rate = 0.999
26 - INFO - chord#: 144 done. best_score=36.0, changed=531, unchanged=483, early_stops=8/8
26 - INFO - chord#: 146 In build_straw_man_chord_sa. tolerance = 1, sa_iterations = 1000, initial_temperature = 3.0, cooling_rate = 0.999
26 - INFO - chord#: 116 done. best_score=64.0, changed=607, unchanged=302, early_stops=8/8
26 - INFO - chord#: 118 In build_straw_man_chord_sa. tolerance = 1, sa_iterations = 1000, initial_temperature = 3.0, cooling_rate = 0.999
26 - INFO - chord#: 146 done. best_score=36.0, changed=519, unchanged=338, early_stops=8/8
26 - INFO - chord#: 147 In build_straw_man_chord_sa. tolerance = 1, sa_iterations = 1000, initial_temperature = 3.0, cooling_rate = 0.999
26 - INFO - chord#: 124 done. best_score=27.0, changed=524, unchanged=385, early_stops=8/8
26 - INFO - chord#: 130 In build_straw_man_chord_sa. tolerance = 1, sa_iterations = 1000, initial_temperature = 3.0, cooling_rate = 0.999
26 - INFO - chord#: 136 done. best_score=27.0, changed=523, unchanged=395, early_stops=8/8
26 - INFO - chord#: 138 In build_straw_man_chord_sa. tolerance = 1, sa_iterations = 1000, initial_temperature = 3.0, cooling_rate = 0.999
26 - INFO - chord#: 144 done. best_score=36.0, changed=529, unchanged=377, early_stops=8/8
26 - INFO - chord#: 146 In build_straw_man_chord_sa. tolerance = 1, sa_iterations = 1000, initial_temperature = 3.0, cooling_rate = 0.999
26 - INFO - chord#: 116 done. best_score=64.0, changed=612, unchanged=243, early_stops=8/8
26 - INFO - chord#: 118 In build_straw_man_chord_sa. tolerance = 1, sa_iterations = 1000, initial_temperature = 3.0, cooling_rate = 0.999
26 - INFO - chord#: 146 done. best_score=36.0, changed=521, unchanged=373, early_stops=8/8
26 - INFO - chord#: 147 In build_straw_man_chord_sa. tolerance = 1, sa_iterations = 1000, initial_temperature = 3.0, cooling_rate = 0.999
26 - INFO - chord#: 124 done. best_score=27.0, changed=527, unchanged=411, early_stops=8/8
26 - INFO - chord#: 130 In build_straw_man_chord_sa. tolerance = 1, sa_iterations = 1000, initial_temperature = 3.0, cooling_rate = 0.999
26 - INFO - chord#: 118 done. best_score=27.0, changed=528, unchanged=345, early_stops=8/8
26 - INFO - chord#: 120 In build_straw_man_chord_sa. tolerance = 1, sa_iterations = 1000, initial_temperature = 3.0, cooling_rate = 0.999
26 - INFO - chord#: 146 done. best_score=36.0, changed=525, unchanged=329, early_stops=8/8
26 - INFO - chord#: 147 In build_straw_man_chord_sa. tolerance = 1, sa_iterations = 1000, initial_temperature = 3.0, cooling_rate = 0.999
26 - INFO - chord#: 138 done. best_score=64.0, changed=616, unchanged=331, early_stops=8/8
26 - INFO - chord#: 140 In build_straw_man_chord_sa. tolerance = 1, sa_iterations = 1000, initial_temperature = 3.0, cooling_rate = 0.999
26 - INFO - chord#: 130 done. best_score=67.0, changed=615, unchanged=258, early_stops=8/8
26 - INFO - chord#: 132 In build_straw_man_chord_sa. tolerance = 1, sa_iterations = 1000, initial_temperature = 3.0, cooling_rate = 0.999
26 - INFO - chord#: 142 done. best_score=90.0, changed=615, unchanged=323, early_stops=8/8
26 - INFO - chord#: 144 In build_straw_man_chord_sa. tolerance = 1, sa_iterations = 1000, initial_temperature = 3.0, cooling_rate = 0.999
26 - INFO - chord#: 118 done. best_score=27.0, changed=522, unchanged=297, early_stops=8/8
26 - INFO - chord#: 120 In build_straw_man_chord_sa. tolerance = 1, sa_iterations = 1000, initial_temperature = 3.0, cooling_rate = 0.999
26 - INFO - chord#: 142 done. best_score=97.0, changed=618, unchanged=420, early_stops=8/8
26 - INFO - chord#: 144 In build_straw_man_chord_sa. tolerance = 1, sa_iterations = 1000, initial_temperature = 3.0, cooling_rate = 0.999
26 - INFO - chord#: 147 done. best_score=179.0, changed=609, unchanged=207, early_stops=8/8
26 - INFO - chord#: 148 In build_straw_man_chord_sa. tolerance = 1, sa_iterations = 1000, initial_temperature = 3.0, cooling_rate = 0.999
26 - INFO - chord#: 140 done. best_score=27.0, changed=516, unchanged=324, early_stops=8/8
26 - INFO - chord#: 142 In build_straw_man_chord_sa. tolerance = 1, sa_iterations = 1000, initial_temperature = 3.0, cooling_rate = 0.999
26 - INFO - chord#: 132 done. best_score=27.0, changed=525, unchanged=292, early_stops=8/8
26 - INFO - chord#: 134 In build_straw_man_chord_sa. tolerance = 1, sa_iterations = 1000, initial_temperature = 3.0, cooling_rate = 0.999
26 - INFO - chord#: 130 done. best_score=67.0, changed=616, unchanged=351, early_stops=8/8
26 - INFO - chord#: 132 In build_straw_man_chord_sa. tolerance = 1, sa_iterations = 1000, initial_temperature = 3.0, cooling_rate = 0.999
26 - INFO - chord#: 120 done. best_score=27.0, changed=519, unchanged=386, early_stops=8/8
26 - INFO - chord#: 124 In build_straw_man_chord_sa. tolerance = 1, sa_iterations = 1000, initial_temperature = 3.0, cooling_rate = 0.999
26 - INFO - chord#: 144 done. best_score=36.0, changed=516, unchanged=395, early_stops=8/8
26 - INFO - chord#: 146 In build_straw_man_chord_sa. tolerance = 1, sa_iterations = 1000, initial_temperature = 3.0, cooling_rate = 0.999
26 - INFO - chord#: 144 done. best_score=36.0, changed=516, unchanged=381, early_stops=8/8
26 - INFO - chord#: 146 In build_straw_man_chord_sa. tolerance = 1, sa_iterations = 1000, initial_temperature = 3.0, cooling_rate = 0.999
26 - INFO - chord#: 148 done. best_score=47.0, changed=519, unchanged=440, early_stops=8/8
26 - INFO - chord#: 150 In build_straw_man_chord_sa. tolerance = 1, sa_iterations = 1000, initial_temperature = 3.0, cooling_rate = 0.999
26 - INFO - chord#: 120 done. best_score=27.0, changed=526, unchanged=413, early_stops=8/8
26 - INFO - chord#: 124 In build_straw_man_chord_sa. tolerance = 1, sa_iterations = 1000, initial_temperature = 3.0, cooling_rate = 0.999
26 - INFO - chord#: 132 done. best_score=27.0, changed=532, unchanged=463, early_stops=8/8
26 - INFO - chord#: 134 In build_straw_man_chord_sa. tolerance = 1, sa_iterations = 1000, initial_temperature = 3.0, cooling_rate = 0.999
26 - INFO - chord#: 134 done. best_score=27.0, changed=536, unchanged=459, early_stops=8/8
26 - INFO - chord#: 136 In build_straw_man_chord_sa. tolerance = 1, sa_iterations = 1000, initial_temperature = 3.0, cooling_rate = 0.999
26 - INFO - chord#: 146 done. best_score=36.0, changed=525, unchanged=499, early_stops=8/8
26 - INFO - chord#: 147 In build_straw_man_chord_sa. tolerance = 1, sa_iterations = 1000, initial_temperature = 3.0, cooling_rate = 0.999
26 - INFO - chord#: 147 done. best_score=78.0, changed=611, unchanged=410, early_stops=8/8
26 - INFO - chord#: 148 In build_straw_man_chord_sa. tolerance = 1, sa_iterations = 1000, initial_temperature = 3.0, cooling_rate = 0.999
26 - INFO - chord#: 146 done. best_score=36.0, changed=515, unchanged=320, early_stops=8/8
26 - INFO - chord#: 147 In build_straw_man_chord_sa. tolerance = 1, sa_iterations = 1000, initial_temperature = 3.0, cooling_rate = 0.999
26 - INFO - chord#: 138 done. best_score=64.0, changed=610, unchanged=511, early_stops=8/8
26 - INFO - chord#: 140 In build_straw_man_chord_sa. tolerance = 1, sa_iterations = 1000, initial_temperature = 3.0, cooling_rate = 0.999
26 - INFO - chord#: 124 done. best_score=27.0, changed=528, unchanged=351, early_stops=8/8
26 - INFO - chord#: 130 In build_straw_man_chord_sa. tolerance = 1, sa_iterations = 1000, initial_temperature = 3.0, cooling_rate = 0.999
26 - INFO - chord#: 150 done. best_score=31.0, changed=524, unchanged=478, early_stops=8/8
26 - INFO - chord#: 151 In build_straw_man_chord_sa. tolerance = 1, sa_iterations = 1000, initial_temperature = 3.0, cooling_rate = 0.999
26 - INFO - chord#: 147 done. best_score=160.0, changed=615, unchanged=493, early_stops=8/8
26 - INFO - chord#: 148 In build_straw_man_chord_sa. tolerance = 1, sa_iterations = 1000, initial_temperature = 3.0, cooling_rate = 0.999
26 - INFO - chord#: 142 done. best_score=136.0, changed=612, unchanged=271, early_stops=8/8
26 - INFO - chord#: 144 In build_straw_man_chord_sa. tolerance = 1, sa_iterations = 1000, initial_temperature = 3.0, cooling_rate = 0.999
26 - INFO - chord#: 151 done. best_score=7.0, changed=499, unchanged=308, early_stops=8/8
26 - INFO - chord#: 152 In build_straw_man_chord_sa. tolerance = 1, sa_iterations = 1000, initial_temperature = 3.0, cooling_rate = 0.999
26 - INFO - chord#: 134 done. best_score=27.0, changed=524, unchanged=319, early_stops=8/8
26 - INFO - chord#: 136 In build_straw_man_chord_sa. tolerance = 1, sa_iterations = 1000, initial_temperature = 3.0, cooling_rate = 0.999
26 - INFO - chord#: 130 done. best_score=67.0, changed=615, unchanged=465, early_stops=8/8
26 - INFO - chord#: 132 In build_straw_man_chord_sa. tolerance = 1, sa_iterations = 1000, initial_temperature = 3.0, cooling_rate = 0.999
26 - INFO - chord#: 124 done. best_score=27.0, changed=527, unchanged=381, early_stops=8/8
26 - INFO - chord#: 130 In build_straw_man_chord_sa. tolerance = 1, sa_iterations = 1000, initial_temperature = 3.0, cooling_rate = 0.999
26 - INFO - chord#: 140 done. best_score=27.0, changed=524, unchanged=390, early_stops=8/8
26 - INFO - chord#: 142 In build_straw_man_chord_sa. tolerance = 1, sa_iterations = 1000, initial_temperature = 3.0, cooling_rate = 0.999
26 - INFO - chord#: 148 done. best_score=47.0, changed=536, unchanged=404, early_stops=8/8
26 - INFO - chord#: 150 In build_straw_man_chord_sa. tolerance = 1, sa_iterations = 1000, initial_temperature = 3.0, cooling_rate = 0.999
26 - INFO - chord#: 136 done. best_score=27.0, changed=532, unchanged=385, early_stops=8/8
26 - INFO - chord#: 138 In build_straw_man_chord_sa. tolerance = 1, sa_iterations = 1000, initial_temperature = 3.0, cooling_rate = 0.999
26 - INFO - chord#: 144 done. best_score=36.0, changed=521, unchanged=390, early_stops=8/8
26 - INFO - chord#: 146 In build_straw_man_chord_sa. tolerance = 1, sa_iterations = 1000, initial_temperature = 3.0, cooling_rate = 0.999
26 - INFO - chord#: 148 done. best_score=47.0, changed=538, unchanged=507, early_stops=8/8
26 - INFO - chord#: 150 In build_straw_man_chord_sa. tolerance = 1, sa_iterations = 1000, initial_temperature = 3.0, cooling_rate = 0.999
26 - INFO - chord#: 152 done. best_score=27.0, changed=523, unchanged=412, early_stops=8/8
26 - INFO - chord#: 154 In build_straw_man_chord_sa. tolerance = 1, sa_iterations = 1000, initial_temperature = 3.0, cooling_rate = 0.999
26 - INFO - chord#: 136 done. best_score=27.0, changed=530, unchanged=361, early_stops=8/8
26 - INFO - chord#: 138 In build_straw_man_chord_sa. tolerance = 1, sa_iterations = 1000, initial_temperature = 3.0, cooling_rate = 0.999
26 - INFO - chord#: 132 done. best_score=27.0, changed=520, unchanged=307, early_stops=8/8
26 - INFO - chord#: 134 In build_straw_man_chord_sa. tolerance = 1, sa_iterations = 1000, initial_temperature = 3.0, cooling_rate = 0.999
26 - INFO - chord#: 147 done. best_score=78.0, changed=613, unchanged=335, early_stops=8/8
26 - INFO - chord#: 148 In build_straw_man_chord_sa. tolerance = 1, sa_iterations = 1000, initial_temperature = 3.0, cooling_rate = 0.999
26 - INFO - chord#: 150 done. best_score=31.0, changed=516, unchanged=428, early_stops=8/8
26 - INFO - chord#: 151 In build_straw_man_chord_sa. tolerance = 1, sa_iterations = 1000, initial_temperature = 3.0, cooling_rate = 0.999
26 - INFO - chord#: 146 done. best_score=36.0, changed=535, unchanged=493, early_stops=8/8
26 - INFO - chord#: 147 In build_straw_man_chord_sa. tolerance = 1, sa_iterations = 1000, initial_temperature = 3.0, cooling_rate = 0.999
26 - INFO - chord#: 147 done. best_score=160.0, changed=613, unchanged=397, early_stops=8/8
26 - INFO - chord#: 148 In build_straw_man_chord_sa. tolerance = 1, sa_iterations = 1000, initial_temperature = 3.0, cooling_rate = 0.999
26 - INFO - chord#: 150 done. best_score=31.0, changed=528, unchanged=503, early_stops=8/8
26 - INFO - chord#: 151 In build_straw_man_chord_sa. tolerance = 1, sa_iterations = 1000, initial_temperature = 3.0, cooling_rate = 0.999
26 - INFO - chord#: 151 done. best_score=7.0, changed=522, unchanged=293, early_stops=8/8
26 - INFO - chord#: 152 In build_straw_man_chord_sa. tolerance = 1, sa_iterations = 1000, initial_temperature = 3.0, cooling_rate = 0.999
26 - INFO - chord#: 151 done. best_score=7.0, changed=507, unchanged=308, early_stops=8/8
26 - INFO - chord#: 152 In build_straw_man_chord_sa. tolerance = 1, sa_iterations = 1000, initial_temperature = 3.0, cooling_rate = 0.999
26 - INFO - chord#: 134 done. best_score=27.0, changed=534, unchanged=375, early_stops=8/8
26 - INFO - chord#: 136 In build_straw_man_chord_sa. tolerance = 1, sa_iterations = 1000, initial_temperature = 3.0, cooling_rate = 0.999
26 - INFO - chord#: 148 done. best_score=47.0, changed=514, unchanged=306, early_stops=8/8
26 - INFO - chord#: 150 In build_straw_man_chord_sa. tolerance = 1, sa_iterations = 1000, initial_temperature = 3.0, cooling_rate = 0.999
26 - INFO - chord#: 130 done. best_score=140.0, changed=619, unchanged=340, early_stops=8/8
26 - INFO - chord#: 132 In build_straw_man_chord_sa. tolerance = 1, sa_iterations = 1000, initial_temperature = 3.0, cooling_rate = 0.999
26 - INFO - chord#: 130 done. best_score=67.0, changed=607, unchanged=245, early_stops=8/8
26 - INFO - chord#: 132 In build_straw_man_chord_sa. tolerance = 1, sa_iterations = 1000, initial_temperature = 3.0, cooling_rate = 0.999
26 - INFO - chord#: 148 done. best_score=47.0, changed=517, unchanged=360, early_stops=8/8
26 - INFO - chord#: 150 In build_straw_man_chord_sa. tolerance = 1, sa_iterations = 1000, initial_temperature = 3.0, cooling_rate = 0.999
26 - INFO - chord#: 152 done. best_score=36.0, changed=521, unchanged=375, early_stops=8/8
26 - INFO - chord#: 154 In build_straw_man_chord_sa. tolerance = 1, sa_iterations = 1000, initial_temperature = 3.0, cooling_rate = 0.999
26 - INFO - chord#: 138 done. best_score=64.0, changed=611, unchanged=335, early_stops=8/8
26 - INFO - chord#: 140 In build_straw_man_chord_sa. tolerance = 1, sa_iterations = 1000, initial_temperature = 3.0, cooling_rate = 0.999
26 - INFO - chord#: 154 done. best_score=64.0, changed=615, unchanged=339, early_stops=8/8
26 - INFO - chord#: 156 In build_straw_man_chord_sa. tolerance = 1, sa_iterations = 1000, initial_temperature = 3.0, cooling_rate = 0.999
26 - INFO - chord#: 152 done. best_score=27.0, changed=526, unchanged=472, early_stops=8/8
26 - INFO - chord#: 154 In build_straw_man_chord_sa. tolerance = 1, sa_iterations = 1000, initial_temperature = 3.0, cooling_rate = 0.999
26 - INFO - chord#: 132 done. best_score=27.0, changed=530, unchanged=346, early_stops=8/8
26 - INFO - chord#: 134 In build_straw_man_chord_sa. tolerance = 1, sa_iterations = 1000, initial_temperature = 3.0, cooling_rate = 0.999
26 - INFO - chord#: 136 done. best_score=27.0, changed=543, unchanged=495, early_stops=8/8
26 - INFO - chord#: 138 In build_straw_man_chord_sa. tolerance = 1, sa_iterations = 1000, initial_temperature = 3.0, cooling_rate = 0.999
26 - INFO - chord#: 150 done. best_score=31.0, changed=513, unchanged=346, early_stops=8/8
26 - INFO - chord#: 151 In build_straw_man_chord_sa. tolerance = 1, sa_iterations = 1000, initial_temperature = 3.0, cooling_rate = 0.999
26 - INFO - chord#: 138 done. best_score=64.0, changed=615, unchanged=398, early_stops=8/8
26 - INFO - chord#: 140 In build_straw_man_chord_sa. tolerance = 1, sa_iterations = 1000, initial_temperature = 3.0, cooling_rate = 0.999
26 - INFO - chord#: 150 done. best_score=31.0, changed=523, unchanged=396, early_stops=8/8
26 - INFO - chord#: 151 In build_straw_man_chord_sa. tolerance = 1, sa_iterations = 1000, initial_temperature = 3.0, cooling_rate = 0.999
26 - INFO - chord#: 142 done. best_score=82.0, changed=615, unchanged=524, early_stops=8/8
26 - INFO - chord#: 144 In build_straw_man_chord_sa. tolerance = 1, sa_iterations = 1000, initial_temperature = 3.0, cooling_rate = 0.999
26 - INFO - chord#: 132 done. best_score=27.0, changed=534, unchanged=438, early_stops=8/8
26 - INFO - chord#: 134 In build_straw_man_chord_sa. tolerance = 1, sa_iterations = 1000, initial_temperature = 3.0, cooling_rate = 0.999
26 - INFO - chord#: 151 done. best_score=7.0, changed=487, unchanged=323, early_stops=8/8
26 - INFO - chord#: 152 In build_straw_man_chord_sa. tolerance = 1, sa_iterations = 1000, initial_temperature = 3.0, cooling_rate = 0.999
26 - INFO - chord#: 147 done. best_score=78.0, changed=611, unchanged=283, early_stops=8/8
26 - INFO - chord#: 148 In build_straw_man_chord_sa. tolerance = 1, sa_iterations = 1000, initial_temperature = 3.0, cooling_rate = 0.999
26 - INFO - chord#: 151 done. best_score=7.0, changed=499, unchanged=324, early_stops=8/8
26 - INFO - chord#: 152 In build_straw_man_chord_sa. tolerance = 1, sa_iterations = 1000, initial_temperature = 3.0, cooling_rate = 0.999
26 - INFO - chord#: 140 done. best_score=27.0, changed=520, unchanged=397, early_stops=8/8
26 - INFO - chord#: 142 In build_straw_man_chord_sa. tolerance = 1, sa_iterations = 1000, initial_temperature = 3.0, cooling_rate = 0.999
26 - INFO - chord#: 134 done. best_score=27.0, changed=524, unchanged=359, early_stops=8/8
26 - INFO - chord#: 136 In build_straw_man_chord_sa. tolerance = 1, sa_iterations = 1000, initial_temperature = 3.0, cooling_rate = 0.999
26 - INFO - chord#: 140 done. best_score=27.0, changed=516, unchanged=337, early_stops=8/8
26 - INFO - chord#: 142 In build_straw_man_chord_sa. tolerance = 1, sa_iterations = 1000, initial_temperature = 3.0, cooling_rate = 0.999
26 - INFO - chord#: 148 done. best_score=47.0, changed=530, unchanged=365, early_stops=8/8
26 - INFO - chord#: 150 In build_straw_man_chord_sa. tolerance = 1, sa_iterations = 1000, initial_temperature = 3.0, cooling_rate = 0.999
26 - INFO - chord#: 152 done. best_score=27.0, changed=534, unchanged=321, early_stops=8/8
26 - INFO - chord#: 154 In build_straw_man_chord_sa. tolerance = 1, sa_iterations = 1000, initial_temperature = 3.0, cooling_rate = 0.999
26 - INFO - chord#: 144 done. best_score=36.0, changed=518, unchanged=391, early_stops=8/8
26 - INFO - chord#: 146 In build_straw_man_chord_sa. tolerance = 1, sa_iterations = 1000, initial_temperature = 3.0, cooling_rate = 0.999
26 - INFO - chord#: 134 done. best_score=27.0, changed=525, unchanged=342, early_stops=8/8
26 - INFO - chord#: 136 In build_straw_man_chord_sa. tolerance = 1, sa_iterations = 1000, initial_temperature = 3.0, cooling_rate = 0.999
26 - INFO - chord#: 152 done. best_score=27.0, changed=520, unchanged=407, early_stops=8/8
26 - INFO - chord#: 154 In build_straw_man_chord_sa. tolerance = 1, sa_iterations = 1000, initial_temperature = 3.0, cooling_rate = 0.999
26 - INFO - chord#: 154 done. best_score=154.0, changed=611, unchanged=285, early_stops=8/8
26 - INFO - chord#: 156 In build_straw_man_chord_sa. tolerance = 1, sa_iterations = 1000, initial_temperature = 3.0, cooling_rate = 0.999
26 - INFO - chord#: 150 done. best_score=31.0, changed=517, unchanged=346, early_stops=8/8
26 - INFO - chord#: 151 In build_straw_man_chord_sa. tolerance = 1, sa_iterations = 1000, initial_temperature = 3.0, cooling_rate = 0.999
26 - INFO - chord#: 156 done. best_score=67.0, changed=612, unchanged=345, early_stops=8/8
26 - INFO - chord#: 158 In build_straw_man_chord_sa. tolerance = 1, sa_iterations = 1000, initial_temperature = 3.0, cooling_rate = 0.999
26 - INFO - chord#: 136 done. best_score=27.0, changed=517, unchanged=372, early_stops=8/8
26 - INFO - chord#: 138 In build_straw_man_chord_sa. tolerance = 1, sa_iterations = 1000, initial_temperature = 3.0, cooling_rate = 0.999
26 - INFO - chord#: 142 done. best_score=82.0, changed=607, unchanged=237, early_stops=8/8
26 - INFO - chord#: 144 In build_straw_man_chord_sa. tolerance = 1, sa_iterations = 1000, initial_temperature = 3.0, cooling_rate = 0.999
26 - INFO - chord#: 151 done. best_score=7.0, changed=524, unchanged=294, early_stops=8/8
26 - INFO - chord#: 152 In build_straw_man_chord_sa. tolerance = 1, sa_iterations = 1000, initial_temperature = 3.0, cooling_rate = 0.999
26 - INFO - chord#: 146 done. best_score=27.0, changed=532, unchanged=422, early_stops=8/8
26 - INFO - chord#: 147 In build_straw_man_chord_sa. tolerance = 1, sa_iterations = 1000, initial_temperature = 3.0, cooling_rate = 0.999
26 - INFO - chord#: 136 done. best_score=27.0, changed=523, unchanged=340, early_stops=8/8
26 - INFO - chord#: 138 In build_straw_man_chord_sa. tolerance = 1, sa_iterations = 1000, initial_temperature = 3.0, cooling_rate = 0.999
26 - INFO - chord#: 154 done. best_score=64.0, changed=614, unchanged=296, early_stops=8/8
26 - INFO - chord#: 156 In build_straw_man_chord_sa. tolerance = 1, sa_iterations = 1000, initial_temperature = 3.0, cooling_rate = 0.999
26 - INFO - chord#: 138 done. best_score=64.0, changed=610, unchanged=331, early_stops=8/8
26 - INFO - chord#: 140 In build_straw_man_chord_sa. tolerance = 1, sa_iterations = 1000, initial_temperature = 3.0, cooling_rate = 0.999
26 - INFO - chord#: 144 done. best_score=36.0, changed=532, unchanged=510, early_stops=8/8
26 - INFO - chord#: 146 In build_straw_man_chord_sa. tolerance = 1, sa_iterations = 1000, initial_temperature = 3.0, cooling_rate = 0.999
26 - INFO - chord#: 154 done. best_score=140.0, changed=615, unchanged=294, early_stops=8/8
26 - INFO - chord#: 156 In build_straw_man_chord_sa. tolerance = 1, sa_iterations = 1000, initial_temperature = 3.0, cooling_rate = 0.999
26 - INFO - chord#: 152 done. best_score=27.0, changed=530, unchanged=502, early_stops=8/8
26 - INFO - chord#: 154 In build_straw_man_chord_sa. tolerance = 1, sa_iterations = 1000, initial_temperature = 3.0, cooling_rate = 0.999
26 - INFO - chord#: 142 done. best_score=82.0, changed=613, unchanged=285, early_stops=8/8
26 - INFO - chord#: 144 In build_straw_man_chord_sa. tolerance = 1, sa_iterations = 1000, initial_temperature = 3.0, cooling_rate = 0.999
26 - INFO - chord#: 154 done. best_score=64.0, changed=616, unchanged=396, early_stops=8/8
26 - INFO - chord#: 156 In build_straw_man_chord_sa. tolerance = 1, sa_iterations = 1000, initial_temperature = 3.0, cooling_rate = 0.999
26 - INFO - chord#: 140 done. best_score=27.0, changed=517, unchanged=359, early_stops=8/8
26 - INFO - chord#: 142 In build_straw_man_chord_sa. tolerance = 1, sa_iterations = 1000, initial_temperature = 3.0, cooling_rate = 0.999
26 - INFO - chord#: 158 done. best_score=142.0, changed=611, unchanged=288, early_stops=8/8
26 - INFO - chord#: 160 In build_straw_man_chord_sa. tolerance = 1, sa_iterations = 1000, initial_temperature = 3.0, cooling_rate = 0.999
26 - INFO - chord#: 156 done. best_score=125.0, changed=608, unchanged=328, early_stops=8/8
26 - INFO - chord#: 158 In build_straw_man_chord_sa. tolerance = 1, sa_iterations = 1000, initial_temperature = 3.0, cooling_rate = 0.999
26 - INFO - chord#: 146 done. best_score=36.0, changed=520, unchanged=367, early_stops=8/8
26 - INFO - chord#: 147 In build_straw_man_chord_sa. tolerance = 1, sa_iterations = 1000, initial_temperature = 3.0, cooling_rate = 0.999
26 - INFO - chord#: 144 done. best_score=36.0, changed=526, unchanged=420, early_stops=8/8
26 - INFO - chord#: 146 In build_straw_man_chord_sa. tolerance = 1, sa_iterations = 1000, initial_temperature = 3.0, cooling_rate = 0.999
26 - INFO - chord#: 138 done. best_score=64.0, changed=612, unchanged=270, early_stops=8/8
26 - INFO - chord#: 140 In build_straw_man_chord_sa. tolerance = 1, sa_iterations = 1000, initial_temperature = 3.0, cooling_rate = 0.999
26 - INFO - chord#: 138 done. best_score=104.0, changed=607, unchanged=271, early_stops=8/8
26 - INFO - chord#: 140 In build_straw_man_chord_sa. tolerance = 1, sa_iterations = 1000, initial_temperature = 3.0, cooling_rate = 0.999
26 - INFO - chord#: 147 done. best_score=162.0, changed=612, unchanged=325, early_stops=8/8
26 - INFO - chord#: 148 In build_straw_man_chord_sa. tolerance = 1, sa_iterations = 1000, initial_temperature = 3.0, cooling_rate = 0.999
26 - INFO - chord#: 156 done. best_score=67.0, changed=612, unchanged=316, early_stops=8/8
26 - INFO - chord#: 158 In build_straw_man_chord_sa. tolerance = 1, sa_iterations = 1000, initial_temperature = 3.0, cooling_rate = 0.999
26 - INFO - chord#: 154 done. best_score=64.0, changed=612, unchanged=337, early_stops=8/8
26 - INFO - chord#: 156 In build_straw_man_chord_sa. tolerance = 1, sa_iterations = 1000, initial_temperature = 3.0, cooling_rate = 0.999
26 - INFO - chord#: 140 done. best_score=27.0, changed=526, unchanged=344, early_stops=8/8
26 - INFO - chord#: 142 In build_straw_man_chord_sa. tolerance = 1, sa_iterations = 1000, initial_temperature = 3.0, cooling_rate = 0.999
26 - INFO - chord#: 156 done. best_score=67.0, changed=612, unchanged=233, early_stops=8/8
26 - INFO - chord#: 158 In build_straw_man_chord_sa. tolerance = 1, sa_iterations = 1000, initial_temperature = 3.0, cooling_rate = 0.999
26 - INFO - chord#: 146 done. best_score=27.0, changed=520, unchanged=359, early_stops=8/8
26 - INFO - chord#: 147 In build_straw_man_chord_sa. tolerance = 1, sa_iterations = 1000, initial_temperature = 3.0, cooling_rate = 0.999
26 - INFO - chord#: 140 done. best_score=27.0, changed=512, unchanged=393, early_stops=8/8
26 - INFO - chord#: 142 In build_straw_man_chord_sa. tolerance = 1, sa_iterations = 1000, initial_temperature = 3.0, cooling_rate = 0.999
26 - INFO - chord#: 156 done. best_score=67.0, changed=614, unchanged=408, early_stops=8/8
26 - INFO - chord#: 158 In build_straw_man_chord_sa. tolerance = 1, sa_iterations = 1000, initial_temperature = 3.0, cooling_rate = 0.999
26 - INFO - chord#: 158 done. best_score=140.0, changed=613, unchanged=329, early_stops=8/8
26 - INFO - chord#: 160 In build_straw_man_chord_sa. tolerance = 1, sa_iterations = 1000, initial_temperature = 3.0, cooling_rate = 0.999
26 - INFO - chord#: 160 done. best_score=120.0, changed=618, unchanged=329, early_stops=8/8
26 - INFO - chord#: 162 In build_straw_man_chord_sa. tolerance = 1, sa_iterations = 1000, initial_temperature = 3.0, cooling_rate = 0.999
26 - INFO - chord#: 148 done. best_score=49.0, changed=533, unchanged=408, early_stops=8/8
26 - INFO - chord#: 150 In build_straw_man_chord_sa. tolerance = 1, sa_iterations = 1000, initial_temperature = 3.0, cooling_rate = 0.999
26 - INFO - chord#: 147 done. best_score=78.0, changed=616, unchanged=561, early_stops=8/8
26 - INFO - chord#: 148 In build_straw_man_chord_sa. tolerance = 1, sa_iterations = 1000, initial_temperature = 3.0, cooling_rate = 0.999
26 - INFO - chord#: 142 done. best_score=82.0, changed=614, unchanged=432, early_stops=8/8
26 - INFO - chord#: 144 In build_straw_man_chord_sa. tolerance = 1, sa_iterations = 1000, initial_temperature = 3.0, cooling_rate = 0.999
26 - INFO - chord#: 162 done. best_score=27.0, changed=527, unchanged=389, early_stops=8/8
26 - INFO - chord#: 164 In build_straw_man_chord_sa. tolerance = 1, sa_iterations = 1000, initial_temperature = 3.0, cooling_rate = 0.999
26 - INFO - chord#: 150 done. best_score=49.0, changed=527, unchanged=383, early_stops=8/8
26 - INFO - chord#: 151 In build_straw_man_chord_sa. tolerance = 1, sa_iterations = 1000, initial_temperature = 3.0, cooling_rate = 0.999
26 - INFO - chord#: 148 done. best_score=47.0, changed=527, unchanged=384, early_stops=8/8
26 - INFO - chord#: 150 In build_straw_man_chord_sa. tolerance = 1, sa_iterations = 1000, initial_temperature = 3.0, cooling_rate = 0.999
26 - INFO - chord#: 151 done. best_score=7.0, changed=531, unchanged=286, early_stops=8/8
26 - INFO - chord#: 152 In build_straw_man_chord_sa. tolerance = 1, sa_iterations = 1000, initial_temperature = 3.0, cooling_rate = 0.999
26 - INFO - chord#: 158 done. best_score=145.0, changed=614, unchanged=248, early_stops=8/8
26 - INFO - chord#: 160 In build_straw_man_chord_sa. tolerance = 1, sa_iterations = 1000, initial_temperature = 3.0, cooling_rate = 0.999
26 - INFO - chord#: 158 done. best_score=142.0, changed=614, unchanged=268, early_stops=8/8
26 - INFO - chord#: 160 In build_straw_man_chord_sa. tolerance = 1, sa_iterations = 1000, initial_temperature = 3.0, cooling_rate = 0.999
26 - INFO - chord#: 144 done. best_score=36.0, changed=518, unchanged=370, early_stops=8/8
26 - INFO - chord#: 146 In build_straw_man_chord_sa. tolerance = 1, sa_iterations = 1000, initial_temperature = 3.0, cooling_rate = 0.999
26 - INFO - chord#: 158 done. best_score=142.0, changed=609, unchanged=298, early_stops=8/8
26 - INFO - chord#: 160 In build_straw_man_chord_sa. tolerance = 1, sa_iterations = 1000, initial_temperature = 3.0, cooling_rate = 0.999
26 - INFO - chord#: 160 done. best_score=97.0, changed=612, unchanged=299, early_stops=8/8
26 - INFO - chord#: 162 In build_straw_man_chord_sa. tolerance = 1, sa_iterations = 1000, initial_temperature = 3.0, cooling_rate = 0.999
26 - INFO - chord#: 147 done. best_score=67.0, changed=606, unchanged=280, early_stops=8/8
26 - INFO - chord#: 148 In build_straw_man_chord_sa. tolerance = 1, sa_iterations = 1000, initial_temperature = 3.0, cooling_rate = 0.999
26 - INFO - chord#: 150 done. best_score=31.0, changed=535, unchanged=452, early_stops=8/8
26 - INFO - chord#: 151 In build_straw_man_chord_sa. tolerance = 1, sa_iterations = 1000, initial_temperature = 3.0, cooling_rate = 0.999
26 - INFO - chord#: 142 done. best_score=82.0, changed=613, unchanged=317, early_stops=8/8
26 - INFO - chord#: 144 In build_straw_man_chord_sa. tolerance = 1, sa_iterations = 1000, initial_temperature = 3.0, cooling_rate = 0.999
26 - INFO - chord#: 142 done. best_score=120.0, changed=615, unchanged=381, early_stops=8/8
26 - INFO - chord#: 144 In build_straw_man_chord_sa. tolerance = 1, sa_iterations = 1000, initial_temperature = 3.0, cooling_rate = 0.999
26 - INFO - chord#: 156 done. best_score=78.0, changed=616, unchanged=497, early_stops=8/8
26 - INFO - chord#: 158 In build_straw_man_chord_sa. tolerance = 1, sa_iterations = 1000, initial_temperature = 3.0, cooling_rate = 0.999
26 - INFO - chord#: 151 done. best_score=7.0, changed=497, unchanged=319, early_stops=8/8
26 - INFO - chord#: 152 In build_straw_man_chord_sa. tolerance = 1, sa_iterations = 1000, initial_temperature = 3.0, cooling_rate = 0.999
26 - INFO - chord#: 164 done. best_score=67.0, changed=608, unchanged=271, early_stops=8/8
26 - INFO - chord#: 168 In build_straw_man_chord_sa. tolerance = 1, sa_iterations = 1000, initial_temperature = 3.0, cooling_rate = 0.999
26 - INFO - chord#: 152 done. best_score=27.0, changed=517, unchanged=333, early_stops=8/8
26 - INFO - chord#: 154 In build_straw_man_chord_sa. tolerance = 1, sa_iterations = 1000, initial_temperature = 3.0, cooling_rate = 0.999
26 - INFO - chord#: 162 done. best_score=27.0, changed=528, unchanged=364, early_stops=8/8
26 - INFO - chord#: 164 In build_straw_man_chord_sa. tolerance = 1, sa_iterations = 1000, initial_temperature = 3.0, cooling_rate = 0.999
26 - INFO - chord#: 146 done. best_score=27.0, changed=535, unchanged=479, early_stops=8/8
26 - INFO - chord#: 147 In build_straw_man_chord_sa. tolerance = 1, sa_iterations = 1000, initial_temperature = 3.0, cooling_rate = 0.999
26 - INFO - chord#: 148 done. best_score=47.0, changed=528, unchanged=330, early_stops=8/8
26 - INFO - chord#: 150 In build_straw_man_chord_sa. tolerance = 1, sa_iterations = 1000, initial_temperature = 3.0, cooling_rate = 0.999
26 - INFO - chord#: 160 done. best_score=124.0, changed=611, unchanged=238, early_stops=8/8
26 - INFO - chord#: 162 In build_straw_man_chord_sa. tolerance = 1, sa_iterations = 1000, initial_temperature = 3.0, cooling_rate = 0.999
26 - INFO - chord#: 144 done. best_score=36.0, changed=517, unchanged=354, early_stops=8/8
26 - INFO - chord#: 146 In build_straw_man_chord_sa. tolerance = 1, sa_iterations = 1000, initial_temperature = 3.0, cooling_rate = 0.999
26 - INFO - chord#: 168 done. best_score=27.0, changed=518, unchanged=344, early_stops=8/8
26 - INFO - chord#: 170 In build_straw_man_chord_sa. tolerance = 1, sa_iterations = 1000, initial_temperature = 3.0, cooling_rate = 0.999
26 - INFO - chord#: 144 done. best_score=36.0, changed=515, unchanged=372, early_stops=8/8
26 - INFO - chord#: 146 In build_straw_man_chord_sa. tolerance = 1, sa_iterations = 1000, initial_temperature = 3.0, cooling_rate = 0.999
26 - INFO - chord#: 152 done. best_score=27.0, changed=521, unchanged=508, early_stops=8/8
26 - INFO - chord#: 154 In build_straw_man_chord_sa. tolerance = 1, sa_iterations = 1000, initial_temperature = 3.0, cooling_rate = 0.999
26 - INFO - chord#: 160 done. best_score=82.0, changed=618, unchanged=419, early_stops=8/8
26 - INFO - chord#: 162 In build_straw_man_chord_sa. tolerance = 1, sa_iterations = 1000, initial_temperature = 3.0, cooling_rate = 0.999
26 - INFO - chord#: 160 done. best_score=120.0, changed=620, unchanged=350, early_stops=8/8
26 - INFO - chord#: 162 In build_straw_man_chord_sa. tolerance = 1, sa_iterations = 1000, initial_temperature = 3.0, cooling_rate = 0.999
26 - INFO - chord#: 162 done. best_score=27.0, changed=528, unchanged=359, early_stops=8/8
26 - INFO - chord#: 164 In build_straw_man_chord_sa. tolerance = 1, sa_iterations = 1000, initial_temperature = 3.0, cooling_rate = 0.999
26 - INFO - chord#: 146 done. best_score=36.0, changed=526, unchanged=376, early_stops=8/8
26 - INFO - chord#: 147 In build_straw_man_chord_sa. tolerance = 1, sa_iterations = 1000, initial_temperature = 3.0, cooling_rate = 0.999
26 - INFO - chord#: 146 done. best_score=36.0, changed=534, unchanged=360, early_stops=8/8
26 - INFO - chord#: 147 In build_straw_man_chord_sa. tolerance = 1, sa_iterations = 1000, initial_temperature = 3.0, cooling_rate = 0.999
26 - INFO - chord#: 150 done. best_score=31.0, changed=519, unchanged=363, early_stops=8/8
26 - INFO - chord#: 151 In build_straw_man_chord_sa. tolerance = 1, sa_iterations = 1000, initial_temperature = 3.0, cooling_rate = 0.999
26 - INFO - chord#: 158 done. best_score=145.0, changed=612, unchanged=354, early_stops=8/8
26 - INFO - chord#: 160 In build_straw_man_chord_sa. tolerance = 1, sa_iterations = 1000, initial_temperature = 3.0, cooling_rate = 0.999
26 - INFO - chord#: 164 done. best_score=78.0, changed=608, unchanged=361, early_stops=8/8
26 - INFO - chord#: 168 In build_straw_man_chord_sa. tolerance = 1, sa_iterations = 1000, initial_temperature = 3.0, cooling_rate = 0.999
26 - INFO - chord#: 151 done. best_score=7.0, changed=491, unchanged=333, early_stops=8/8
26 - INFO - chord#: 152 In build_straw_man_chord_sa. tolerance = 1, sa_iterations = 1000, initial_temperature = 3.0, cooling_rate = 0.999
26 - INFO - chord#: 162 done. best_score=27.0, changed=526, unchanged=345, early_stops=8/8
26 - INFO - chord#: 164 In build_straw_man_chord_sa. tolerance = 1, sa_iterations = 1000, initial_temperature = 3.0, cooling_rate = 0.999
26 - INFO - chord#: 154 done. best_score=104.0, changed=609, unchanged=206, early_stops=8/8
26 - INFO - chord#: 156 In build_straw_man_chord_sa. tolerance = 1, sa_iterations = 1000, initial_temperature = 3.0, cooling_rate = 0.999
26 - INFO - chord#: 162 done. best_score=27.0, changed=529, unchanged=328, early_stops=8/8
26 - INFO - chord#: 164 In build_straw_man_chord_sa. tolerance = 1, sa_iterations = 1000, initial_temperature = 3.0, cooling_rate = 0.999
26 - INFO - chord#: 154 done. best_score=64.0, changed=608, unchanged=264, early_stops=8/8
26 - INFO - chord#: 156 In build_straw_man_chord_sa. tolerance = 1, sa_iterations = 1000, initial_temperature = 3.0, cooling_rate = 0.999
26 - INFO - chord#: 170 done. best_score=67.0, changed=608, unchanged=292, early_stops=8/8
26 - INFO - chord#: 172 In build_straw_man_chord_sa. tolerance = 1, sa_iterations = 1000, initial_temperature = 3.0, cooling_rate = 0.999
26 - INFO - chord#: 168 done. best_score=27.0, changed=519, unchanged=473, early_stops=8/8
26 - INFO - chord#: 170 In build_straw_man_chord_sa. tolerance = 1, sa_iterations = 1000, initial_temperature = 3.0, cooling_rate = 0.999
26 - INFO - chord#: 147 done. best_score=145.0, changed=613, unchanged=341, early_stops=8/8
26 - INFO - chord#: 148 In build_straw_man_chord_sa. tolerance = 1, sa_iterations = 1000, initial_temperature = 3.0, cooling_rate = 0.999
26 - INFO - chord#: 152 done. best_score=27.0, changed=523, unchanged=335, early_stops=8/8
26 - INFO - chord#: 154 In build_straw_man_chord_sa. tolerance = 1, sa_iterations = 1000, initial_temperature = 3.0, cooling_rate = 0.999
26 - INFO - chord#: 160 done. best_score=130.0, changed=605, unchanged=261, early_stops=8/8
26 - INFO - chord#: 162 In build_straw_man_chord_sa. tolerance = 1, sa_iterations = 1000, initial_temperature = 3.0, cooling_rate = 0.999
26 - INFO - chord#: 172 done. best_score=27.0, changed=523, unchanged=426, early_stops=8/8
26 - INFO - chord#: 164 done. best_score=119.0, changed=614, unchanged=493, early_stops=8/8
26 - INFO - chord#: 168 In build_straw_man_chord_sa. tolerance = 1, sa_iterations = 1000, initial_temperature = 3.0, cooling_rate = 0.999
26 - INFO - chord#: 148 done. best_score=47.0, changed=521, unchanged=330, early_stops=8/8
26 - INFO - chord#: 150 In build_straw_man_chord_sa. tolerance = 1, sa_iterations = 1000, initial_temperature = 3.0, cooling_rate = 0.999
26 - INFO - chord#: 147 done. best_score=160.0, changed=611, unchanged=280, early_stops=8/8
26 - INFO - chord#: 148 In build_straw_man_chord_sa. tolerance = 1, sa_iterations = 1000, initial_temperature = 3.0, cooling_rate = 0.999
26 - INFO - chord#: 162 done. best_score=27.0, changed=531, unchanged=336, early_stops=8/8
26 - INFO - chord#: 164 In build_straw_man_chord_sa. tolerance = 1, sa_iterations = 1000, initial_temperature = 3.0, cooling_rate = 0.999
26 - INFO - chord#: 164 done. best_score=67.0, changed=619, unchanged=477, early_stops=8/8
26 - INFO - chord#: 168 In build_straw_man_chord_sa. tolerance = 1, sa_iterations = 1000, initial_temperature = 3.0, cooling_rate = 0.999
26 - INFO - chord#: 147 done. best_score=119.0, changed=615, unchanged=425, early_stops=8/8
26 - INFO - chord#: 148 In build_straw_man_chord_sa. tolerance = 1, sa_iterations = 1000, initial_temperature = 3.0, cooling_rate = 0.999
26 - INFO - chord#: 164 done. best_score=140.0, changed=607, unchanged=229, early_stops=8/8
26 - INFO - chord#: 168 In build_straw_man_chord_sa. tolerance = 1, sa_iterations = 1000, initial_temperature = 3.0, cooling_rate = 0.999
26 - INFO - chord#: 170 done. best_score=96.0, changed=604, unchanged=253, early_stops=8/8
26 - INFO - chord#: 172 In build_straw_man_chord_sa. tolerance = 1, sa_iterations = 1000, initial_temperature = 3.0, cooling_rate = 0.999
26 - INFO - chord#: 168 done. best_score=27.0, changed=513, unchanged=315, early_stops=8/8
26 - INFO - chord#: 170 In build_straw_man_chord_sa. tolerance = 1, sa_iterations = 1000, initial_temperature = 3.0, cooling_rate = 0.999
26 - INFO - chord#: 156 done. best_score=78.0, changed=610, unchanged=287, early_stops=8/8
26 - INFO - chord#: 158 In build_straw_man_chord_sa. tolerance = 1, sa_iterations = 1000, initial_temperature = 3.0, cooling_rate = 0.999
26 - INFO - chord#: 148 done. best_score=47.0, changed=531, unchanged=341, early_stops=8/8
26 - INFO - chord#: 150 In build_straw_man_chord_sa. tolerance = 1, sa_iterations = 1000, initial_temperature = 3.0, cooling_rate = 0.999
26 - INFO - chord#: 150 done. best_score=31.0, changed=518, unchanged=385, early_stops=8/8
26 - INFO - chord#: 151 In build_straw_man_chord_sa. tolerance = 1, sa_iterations = 1000, initial_temperature = 3.0, cooling_rate = 0.999
26 - INFO - chord#: 156 done. best_score=78.0, changed=616, unchanged=385, early_stops=8/8
26 - INFO - chord#: 158 In build_straw_man_chord_sa. tolerance = 1, sa_iterations = 1000, initial_temperature = 3.0, cooling_rate = 0.999
26 - INFO - chord#: 154 done. best_score=64.0, changed=613, unchanged=277, early_stops=8/8
26 - INFO - chord#: 156 In build_straw_man_chord_sa. tolerance = 1, sa_iterations = 1000, initial_temperature = 3.0, cooling_rate = 0.999
26 - INFO - chord#: 151 done. best_score=7.0, changed=507, unchanged=306, early_stops=8/8
26 - INFO - chord#: 152 In build_straw_man_chord_sa. tolerance = 1, sa_iterations = 1000, initial_temperature = 3.0, cooling_rate = 0.999
26 - INFO - chord#: 148 done. best_score=84.0, changed=529, unchanged=361, early_stops=8/8
26 - INFO - chord#: 150 In build_straw_man_chord_sa. tolerance = 1, sa_iterations = 1000, initial_temperature = 3.0, cooling_rate = 0.999
26 - INFO - chord#: 168 done. best_score=27.0, changed=521, unchanged=506, early_stops=8/8
26 - INFO - chord#: 170 In build_straw_man_chord_sa. tolerance = 1, sa_iterations = 1000, initial_temperature = 3.0, cooling_rate = 0.999
26 - INFO - chord#: 168 done. best_score=27.0, changed=522, unchanged=311, early_stops=8/8
26 - INFO - chord#: 170 In build_straw_man_chord_sa. tolerance = 1, sa_iterations = 1000, initial_temperature = 3.0, cooling_rate = 0.999
26 - INFO - chord#: 172 done. best_score=27.0, changed=526, unchanged=488, early_stops=8/8
26 - INFO - chord#: 150 done. best_score=31.0, changed=522, unchanged=323, early_stops=8/8
26 - INFO - chord#: 151 In build_straw_man_chord_sa. tolerance = 1, sa_iterations = 1000, initial_temperature = 3.0, cooling_rate = 0.999
26 - INFO - chord#: 151 done. best_score=7.0, changed=501, unchanged=304, early_stops=8/8
26 - INFO - chord#: 152 In build_straw_man_chord_sa. tolerance = 1, sa_iterations = 1000, initial_temperature = 3.0, cooling_rate = 0.999
26 - INFO - chord#: 164 done. best_score=137.0, changed=611, unchanged=357, early_stops=8/8
26 - INFO - chord#: 168 In build_straw_man_chord_sa. tolerance = 1, sa_iterations = 1000, initial_temperature = 3.0, cooling_rate = 0.999
26 - INFO - chord#: 152 done. best_score=27.0, changed=517, unchanged=374, early_stops=8/8
26 - INFO - chord#: 154 In build_straw_man_chord_sa. tolerance = 1, sa_iterations = 1000, initial_temperature = 3.0, cooling_rate = 0.999
26 - INFO - chord#: 150 done. best_score=31.0, changed=527, unchanged=410, early_stops=8/8
26 - INFO - chord#: 151 In build_straw_man_chord_sa. tolerance = 1, sa_iterations = 1000, initial_temperature = 3.0, cooling_rate = 0.999
26 - INFO - chord#: 158 done. best_score=142.0, changed=615, unchanged=289, early_stops=8/8
26 - INFO - chord#: 160 In build_straw_man_chord_sa. tolerance = 1, sa_iterations = 1000, initial_temperature = 3.0, cooling_rate = 0.999
26 - INFO - chord#: 151 done. best_score=7.0, changed=498, unchanged=327, early_stops=8/8
26 - INFO - chord#: 152 In build_straw_man_chord_sa. tolerance = 1, sa_iterations = 1000, initial_temperature = 3.0, cooling_rate = 0.999
26 - INFO - chord#: 170 done. best_score=67.0, changed=619, unchanged=425, early_stops=8/8
26 - INFO - chord#: 172 In build_straw_man_chord_sa. tolerance = 1, sa_iterations = 1000, initial_temperature = 3.0, cooling_rate = 0.999
26 - INFO - chord#: 168 done. best_score=27.0, changed=511, unchanged=363, early_stops=8/8
26 - INFO - chord#: 170 In build_straw_man_chord_sa. tolerance = 1, sa_iterations = 1000, initial_temperature = 3.0, cooling_rate = 0.999
26 - INFO - chord#: 158 done. best_score=142.0, changed=619, unchanged=298, early_stops=8/8
26 - INFO - chord#: 160 In build_straw_man_chord_sa. tolerance = 1, sa_iterations = 1000, initial_temperature = 3.0, cooling_rate = 0.999
26 - INFO - chord#: 156 done. best_score=167.0, changed=612, unchanged=373, early_stops=8/8
26 - INFO - chord#: 158 In build_straw_man_chord_sa. tolerance = 1, sa_iterations = 1000, initial_temperature = 3.0, cooling_rate = 0.999
26 - INFO - chord#: 152 done. best_score=27.0, changed=518, unchanged=400, early_stops=8/8
26 - INFO - chord#: 154 In build_straw_man_chord_sa. tolerance = 1, sa_iterations = 1000, initial_temperature = 3.0, cooling_rate = 0.999
26 - INFO - chord#: 170 done. best_score=167.0, changed=615, unchanged=332, early_stops=8/8
26 - INFO - chord#: 172 In build_straw_man_chord_sa. tolerance = 1, sa_iterations = 1000, initial_temperature = 3.0, cooling_rate = 0.999
26 - INFO - chord#: 170 done. best_score=67.0, changed=614, unchanged=388, early_stops=8/8
26 - INFO - chord#: 172 In build_straw_man_chord_sa. tolerance = 1, sa_iterations = 1000, initial_temperature = 3.0, cooling_rate = 0.999
26 - INFO - chord#: 172 done. best_score=27.0, changed=520, unchanged=356, early_stops=8/8
26 - INFO - chord#: 152 done. best_score=27.0, changed=519, unchanged=407, early_stops=8/8
26 - INFO - chord#: 154 In build_straw_man_chord_sa. tolerance = 1, sa_iterations = 1000, initial_temperature = 3.0, cooling_rate = 0.999
26 - INFO - chord#: 172 done. best_score=27.0, changed=521, unchanged=342, early_stops=8/8
26 - INFO - chord#: 172 done. best_score=27.0, changed=517, unchanged=352, early_stops=8/8
26 - INFO - chord#: 154 done. best_score=64.0, changed=617, unchanged=275, early_stops=8/8
26 - INFO - chord#: 156 In build_straw_man_chord_sa. tolerance = 1, sa_iterations = 1000, initial_temperature = 3.0, cooling_rate = 0.999
26 - INFO - chord#: 160 done. best_score=119.0, changed=618, unchanged=319, early_stops=8/8
26 - INFO - chord#: 162 In build_straw_man_chord_sa. tolerance = 1, sa_iterations = 1000, initial_temperature = 3.0, cooling_rate = 0.999
26 - INFO - chord#: 158 done. best_score=140.0, changed=610, unchanged=304, early_stops=8/8
26 - INFO - chord#: 160 In build_straw_man_chord_sa. tolerance = 1, sa_iterations = 1000, initial_temperature = 3.0, cooling_rate = 0.999
26 - INFO - chord#: 170 done. best_score=67.0, changed=607, unchanged=295, early_stops=8/8
26 - INFO - chord#: 172 In build_straw_man_chord_sa. tolerance = 1, sa_iterations = 1000, initial_temperature = 3.0, cooling_rate = 0.999
26 - INFO - chord#: 162 done. best_score=36.0, changed=536, unchanged=280, early_stops=8/8
26 - INFO - chord#: 164 In build_straw_man_chord_sa. tolerance = 1, sa_iterations = 1000, initial_temperature = 3.0, cooling_rate = 0.999
26 - INFO - chord#: 160 done. best_score=82.0, changed=612, unchanged=360, early_stops=8/8
26 - INFO - chord#: 162 In build_straw_man_chord_sa. tolerance = 1, sa_iterations = 1000, initial_temperature = 3.0, cooling_rate = 0.999
26 - INFO - chord#: 172 done. best_score=27.0, changed=516, unchanged=370, early_stops=8/8
26 - INFO - chord#: 162 done. best_score=27.0, changed=517, unchanged=314, early_stops=8/8
26 - INFO - chord#: 164 In build_straw_man_chord_sa. tolerance = 1, sa_iterations = 1000, initial_temperature = 3.0, cooling_rate = 0.999
26 - INFO - chord#: 154 done. best_score=64.0, changed=614, unchanged=502, early_stops=8/8
26 - INFO - chord#: 156 In build_straw_man_chord_sa. tolerance = 1, sa_iterations = 1000, initial_temperature = 3.0, cooling_rate = 0.999
26 - INFO - chord#: 156 done. best_score=137.0, changed=613, unchanged=231, early_stops=8/8
26 - INFO - chord#: 158 In build_straw_man_chord_sa. tolerance = 1, sa_iterations = 1000, initial_temperature = 3.0, cooling_rate = 0.999
26 - INFO - chord#: 154 done. best_score=64.0, changed=618, unchanged=511, early_stops=8/8
26 - INFO - chord#: 156 In build_straw_man_chord_sa. tolerance = 1, sa_iterations = 1000, initial_temperature = 3.0, cooling_rate = 0.999
26 - INFO - chord#: 160 done. best_score=82.0, changed=611, unchanged=329, early_stops=8/8
26 - INFO - chord#: 162 In build_straw_man_chord_sa. tolerance = 1, sa_iterations = 1000, initial_temperature = 3.0, cooling_rate = 0.999
26 - INFO - chord#: 164 done. best_score=119.0, changed=614, unchanged=387, early_stops=8/8
26 - INFO - chord#: 168 In build_straw_man_chord_sa. tolerance = 1, sa_iterations = 1000, initial_temperature = 3.0, cooling_rate = 0.999
26 - INFO - chord#: 162 done. best_score=27.0, changed=528, unchanged=381, early_stops=8/8
26 - INFO - chord#: 164 In build_straw_man_chord_sa. tolerance = 1, sa_iterations = 1000, initial_temperature = 3.0, cooling_rate = 0.999
26 - INFO - chord#: 168 done. best_score=27.0, changed=514, unchanged=339, early_stops=8/8
26 - INFO - chord#: 170 In build_straw_man_chord_sa. tolerance = 1, sa_iterations = 1000, initial_temperature = 3.0, cooling_rate = 0.999
26 - INFO - chord#: 158 done. best_score=140.0, changed=611, unchanged=341, early_stops=8/8
26 - INFO - chord#: 160 In build_straw_man_chord_sa. tolerance = 1, sa_iterations = 1000, initial_temperature = 3.0, cooling_rate = 0.999
26 - INFO - chord#: 164 done. best_score=67.0, changed=614, unchanged=454, early_stops=8/8
26 - INFO - chord#: 168 In build_straw_man_chord_sa. tolerance = 1, sa_iterations = 1000, initial_temperature = 3.0, cooling_rate = 0.999
26 - INFO - chord#: 156 done. best_score=157.0, changed=613, unchanged=346, early_stops=8/8
26 - INFO - chord#: 158 In build_straw_man_chord_sa. tolerance = 1, sa_iterations = 1000, initial_temperature = 3.0, cooling_rate = 0.999
26 - INFO - chord#: 156 done. best_score=78.0, changed=615, unchanged=577, early_stops=8/8
26 - INFO - chord#: 158 In build_straw_man_chord_sa. tolerance = 1, sa_iterations = 1000, initial_temperature = 3.0, cooling_rate = 0.999
26 - INFO - chord#: 168 done. best_score=27.0, changed=519, unchanged=378, early_stops=8/8
26 - INFO - chord#: 170 In build_straw_man_chord_sa. tolerance = 1, sa_iterations = 1000, initial_temperature = 3.0, cooling_rate = 0.999
26 - INFO - chord#: 164 done. best_score=67.0, changed=613, unchanged=339, early_stops=8/8
26 - INFO - chord#: 168 In build_straw_man_chord_sa. tolerance = 1, sa_iterations = 1000, initial_temperature = 3.0, cooling_rate = 0.999
26 - INFO - chord#: 170 done. best_score=67.0, changed=610, unchanged=237, early_stops=8/8
26 - INFO - chord#: 172 In build_straw_man_chord_sa. tolerance = 1, sa_iterations = 1000, initial_temperature = 3.0, cooling_rate = 0.999
26 - INFO - chord#: 160 done. best_score=82.0, changed=611, unchanged=249, early_stops=8/8
26 - INFO - chord#: 162 In build_straw_man_chord_sa. tolerance = 1, sa_iterations = 1000, initial_temperature = 3.0, cooling_rate = 0.999
26 - INFO - chord#: 168 done. best_score=27.0, changed=518, unchanged=404, early_stops=8/8
26 - INFO - chord#: 170 In build_straw_man_chord_sa. tolerance = 1, sa_iterations = 1000, initial_temperature = 3.0, cooling_rate = 0.999
26 - INFO - chord#: 158 done. best_score=140.0, changed=618, unchanged=455, early_stops=8/8
26 - INFO - chord#: 160 In build_straw_man_chord_sa. tolerance = 1, sa_iterations = 1000, initial_temperature = 3.0, cooling_rate = 0.999
26 - INFO - chord#: 172 done. best_score=27.0, changed=527, unchanged=436, early_stops=8/8
26 - INFO - chord#: 158 done. best_score=142.0, changed=615, unchanged=270, early_stops=8/8
26 - INFO - chord#: 160 In build_straw_man_chord_sa. tolerance = 1, sa_iterations = 1000, initial_temperature = 3.0, cooling_rate = 0.999
26 - INFO - chord#: 162 done. best_score=27.0, changed=535, unchanged=398, early_stops=8/8
26 - INFO - chord#: 164 In build_straw_man_chord_sa. tolerance = 1, sa_iterations = 1000, initial_temperature = 3.0, cooling_rate = 0.999
26 - INFO - chord#: 170 done. best_score=96.0, changed=614, unchanged=444, early_stops=8/8
26 - INFO - chord#: 172 In build_straw_man_chord_sa. tolerance = 1, sa_iterations = 1000, initial_temperature = 3.0, cooling_rate = 0.999
26 - INFO - chord#: 170 done. best_score=67.0, changed=611, unchanged=239, early_stops=8/8
26 - INFO - chord#: 172 In build_straw_man_chord_sa. tolerance = 1, sa_iterations = 1000, initial_temperature = 3.0, cooling_rate = 0.999
26 - INFO - chord#: 160 done. best_score=90.0, changed=618, unchanged=285, early_stops=8/8
26 - INFO - chord#: 162 In build_straw_man_chord_sa. tolerance = 1, sa_iterations = 1000, initial_temperature = 3.0, cooling_rate = 0.999
26 - INFO - chord#: 172 done. best_score=27.0, changed=529, unchanged=383, early_stops=8/8
26 - INFO - chord#: 160 done. best_score=82.0, changed=608, unchanged=270, early_stops=8/8
26 - INFO - chord#: 162 In build_straw_man_chord_sa. tolerance = 1, sa_iterations = 1000, initial_temperature = 3.0, cooling_rate = 0.999
26 - INFO - chord#: 164 done. best_score=119.0, changed=608, unchanged=249, early_stops=8/8
26 - INFO - chord#: 168 In build_straw_man_chord_sa. tolerance = 1, sa_iterations = 1000, initial_temperature = 3.0, cooling_rate = 0.999
26 - INFO - chord#: 172 done. best_score=27.0, changed=529, unchanged=339, early_stops=8/8
26 - INFO - chord#: 162 done. best_score=27.0, changed=529, unchanged=367, early_stops=8/8
26 - INFO - chord#: 164 In build_straw_man_chord_sa. tolerance = 1, sa_iterations = 1000, initial_temperature = 3.0, cooling_rate = 0.999
26 - INFO - chord#: 162 done. best_score=27.0, changed=524, unchanged=362, early_stops=8/8
26 - INFO - chord#: 164 In build_straw_man_chord_sa. tolerance = 1, sa_iterations = 1000, initial_temperature = 3.0, cooling_rate = 0.999
26 - INFO - chord#: 168 done. best_score=27.0, changed=528, unchanged=473, early_stops=8/8
26 - INFO - chord#: 170 In build_straw_man_chord_sa. tolerance = 1, sa_iterations = 1000, initial_temperature = 3.0, cooling_rate = 0.999
26 - INFO - chord#: 164 done. best_score=155.0, changed=611, unchanged=327, early_stops=8/8
26 - INFO - chord#: 168 In build_straw_man_chord_sa. tolerance = 1, sa_iterations = 1000, initial_temperature = 3.0, cooling_rate = 0.999
26 - INFO - chord#: 164 done. best_score=145.0, changed=614, unchanged=228, early_stops=8/8
26 - INFO - chord#: 168 In build_straw_man_chord_sa. tolerance = 1, sa_iterations = 1000, initial_temperature = 3.0, cooling_rate = 0.999
26 - INFO - chord#: 170 done. best_score=78.0, changed=613, unchanged=307, early_stops=8/8
26 - INFO - chord#: 172 In build_straw_man_chord_sa. tolerance = 1, sa_iterations = 1000, initial_temperature = 3.0, cooling_rate = 0.999
26 - INFO - chord#: 168 done. best_score=27.0, changed=520, unchanged=464, early_stops=8/8
26 - INFO - chord#: 170 In build_straw_man_chord_sa. tolerance = 1, sa_iterations = 1000, initial_temperature = 3.0, cooling_rate = 0.999
26 - INFO - chord#: 168 done. best_score=27.0, changed=519, unchanged=460, early_stops=8/8
26 - INFO - chord#: 170 In build_straw_man_chord_sa. tolerance = 1, sa_iterations = 1000, initial_temperature = 3.0, cooling_rate = 0.999
26 - INFO - chord#: 172 done. best_score=27.0, changed=526, unchanged=502, early_stops=8/8
26 - INFO - chord#: 170 done. best_score=125.0, changed=607, unchanged=262, early_stops=8/8
26 - INFO - chord#: 172 In build_straw_man_chord_sa. tolerance = 1, sa_iterations = 1000, initial_temperature = 3.0, cooling_rate = 0.999
26 - INFO - chord#: 170 done. best_score=96.0, changed=612, unchanged=288, early_stops=8/8
26 - INFO - chord#: 172 In build_straw_man_chord_sa. tolerance = 1, sa_iterations = 1000, initial_temperature = 3.0, cooling_rate = 0.999
26 - INFO - chord#: 172 done. best_score=57.0, changed=526, unchanged=453, early_stops=8/8
26 - INFO - chord#: 172 done. best_score=27.0, changed=530, unchanged=403, early_stops=8/8
26 - INFO - chord#: 0 In build_straw_man_chord_sa. tolerance = 1, sa_iterations = 1000, initial_temperature = 3.0, cooling_rate = 0.999
26 - INFO - chord#: 0 In build_straw_man_chord_sa. tolerance = 1, sa_iterations = 1000, initial_temperature = 3.0, cooling_rate = 0.999
26 - INFO - chord#: 0 In build_straw_man_chord_sa. tolerance = 1, sa_iterations = 1000, initial_temperature = 3.0, cooling_rate = 0.999
26 - INFO - chord#: 0 In build_straw_man_chord_sa. tolerance = 1, sa_iterations = 1000, initial_temperature = 3.0, cooling_rate = 0.999
26 - INFO - chord#: 0 In build_straw_man_chord_sa. tolerance = 1, sa_iterations = 1000, initial_temperature = 3.0, cooling_rate = 0.999
26 - INFO - chord#: 0 In build_straw_man_chord_sa. tolerance = 1, sa_iterations = 1000, initial_temperature = 3.0, cooling_rate = 0.999
26 - INFO - chord#: 0 In build_straw_man_chord_sa. tolerance = 1, sa_iterations = 1000, initial_temperature = 3.0, cooling_rate = 0.999
26 - INFO - chord#: 0 In build_straw_man_chord_sa. tolerance = 1, sa_iterations = 1000, initial_temperature = 3.0, cooling_rate = 0.999
26 - INFO - chord#: 0 In build_straw_man_chord_sa. tolerance = 1, sa_iterations = 1000, initial_temperature = 3.0, cooling_rate = 0.999
26 - INFO - chord#: 0 In build_straw_man_chord_sa. tolerance = 1, sa_iterations = 1000, initial_temperature = 3.0, cooling_rate = 0.999
26 - INFO - chord#: 0 In build_straw_man_chord_sa. tolerance = 1, sa_iterations = 1000, initial_temperature = 3.0, cooling_rate = 0.999
26 - INFO - chord#: 0 In build_straw_man_chord_sa. tolerance = 1, sa_iterations = 1000, initial_temperature = 3.0, cooling_rate = 0.999
26 - INFO - chord#: 0 done. best_score=27.0, changed=519, unchanged=378, early_stops=8/8
26 - INFO - chord#: 4 In build_straw_man_chord_sa. tolerance = 1, sa_iterations = 1000, initial_temperature = 3.0, cooling_rate = 0.999
26 - INFO - chord#: 0 done. best_score=27.0, changed=519, unchanged=357, early_stops=8/8
26 - INFO - chord#: 4 In build_straw_man_chord_sa. tolerance = 1, sa_iterations = 1000, initial_temperature = 3.0, cooling_rate = 0.999
26 - INFO - chord#: 0 done. best_score=27.0, changed=516, unchanged=343, early_stops=8/8
26 - INFO - chord#: 4 In build_straw_man_chord_sa. tolerance = 1, sa_iterations = 1000, initial_temperature = 3.0, cooling_rate = 0.999
26 - INFO - chord#: 0 done. best_score=27.0, changed=513, unchanged=324, early_stops=8/8
26 - INFO - chord#: 4 In build_straw_man_chord_sa. tolerance = 1, sa_iterations = 1000, initial_temperature = 3.0, cooling_rate = 0.999
26 - INFO - chord#: 0 done. best_score=27.0, changed=528, unchanged=538, early_stops=8/8
26 - INFO - chord#: 4 In build_straw_man_chord_sa. tolerance = 1, sa_iterations = 1000, initial_temperature = 3.0, cooling_rate = 0.999
26 - INFO - chord#: 0 done. best_score=27.0, changed=524, unchanged=513, early_stops=8/8
26 - INFO - chord#: 4 In build_straw_man_chord_sa. tolerance = 1, sa_iterations = 1000, initial_temperature = 3.0, cooling_rate = 0.999
26 - INFO - chord#: 0 done. best_score=27.0, changed=513, unchanged=365, early_stops=8/8
26 - INFO - chord#: 4 In build_straw_man_chord_sa. tolerance = 1, sa_iterations = 1000, initial_temperature = 3.0, cooling_rate = 0.999
26 - INFO - chord#: 0 done. best_score=27.0, changed=514, unchanged=432, early_stops=8/8
26 - INFO - chord#: 4 In build_straw_man_chord_sa. tolerance = 1, sa_iterations = 1000, initial_temperature = 3.0, cooling_rate = 0.999
26 - INFO - chord#: 0 done. best_score=27.0, changed=528, unchanged=527, early_stops=8/8
26 - INFO - chord#: 4 In build_straw_man_chord_sa. tolerance = 1, sa_iterations = 1000, initial_temperature = 3.0, cooling_rate = 0.999
26 - INFO - chord#: 0 done. best_score=27.0, changed=521, unchanged=471, early_stops=8/8
26 - INFO - chord#: 4 In build_straw_man_chord_sa. tolerance = 1, sa_iterations = 1000, initial_temperature = 3.0, cooling_rate = 0.999
26 - INFO - chord#: 0 done. best_score=27.0, changed=523, unchanged=513, early_stops=8/8
26 - INFO - chord#: 4 In build_straw_man_chord_sa. tolerance = 1, sa_iterations = 1000, initial_temperature = 3.0, cooling_rate = 0.999
26 - INFO - chord#: 0 done. best_score=27.0, changed=524, unchanged=532, early_stops=8/8
26 - INFO - chord#: 4 In build_straw_man_chord_sa. tolerance = 1, sa_iterations = 1000, initial_temperature = 3.0, cooling_rate = 0.999
26 - INFO - chord#: 4 done. best_score=27.0, changed=527, unchanged=342, early_stops=8/8
26 - INFO - chord#: 6 In build_straw_man_chord_sa. tolerance = 1, sa_iterations = 1000, initial_temperature = 3.0, cooling_rate = 0.999
26 - INFO - chord#: 4 done. best_score=27.0, changed=521, unchanged=302, early_stops=8/8
26 - INFO - chord#: 6 In build_straw_man_chord_sa. tolerance = 1, sa_iterations = 1000, initial_temperature = 3.0, cooling_rate = 0.999
26 - INFO - chord#: 4 done. best_score=27.0, changed=523, unchanged=440, early_stops=8/8
26 - INFO - chord#: 6 In build_straw_man_chord_sa. tolerance = 1, sa_iterations = 1000, initial_temperature = 3.0, cooling_rate = 0.999
26 - INFO - chord#: 4 done. best_score=27.0, changed=527, unchanged=328, early_stops=8/8
26 - INFO - chord#: 6 In build_straw_man_chord_sa. tolerance = 1, sa_iterations = 1000, initial_temperature = 3.0, cooling_rate = 0.999
26 - INFO - chord#: 4 done. best_score=27.0, changed=512, unchanged=313, early_stops=8/8
26 - INFO - chord#: 6 In build_straw_man_chord_sa. tolerance = 1, sa_iterations = 1000, initial_temperature = 3.0, cooling_rate = 0.999
26 - INFO - chord#: 4 done. best_score=27.0, changed=531, unchanged=443, early_stops=8/8
26 - INFO - chord#: 6 In build_straw_man_chord_sa. tolerance = 1, sa_iterations = 1000, initial_temperature = 3.0, cooling_rate = 0.999
26 - INFO - chord#: 4 done. best_score=27.0, changed=520, unchanged=297, early_stops=8/8
26 - INFO - chord#: 6 In build_straw_man_chord_sa. tolerance = 1, sa_iterations = 1000, initial_temperature = 3.0, cooling_rate = 0.999
26 - INFO - chord#: 4 done. best_score=27.0, changed=532, unchanged=348, early_stops=8/8
26 - INFO - chord#: 6 In build_straw_man_chord_sa. tolerance = 1, sa_iterations = 1000, initial_temperature = 3.0, cooling_rate = 0.999
26 - INFO - chord#: 4 done. best_score=27.0, changed=530, unchanged=332, early_stops=8/8
26 - INFO - chord#: 6 In build_straw_man_chord_sa. tolerance = 1, sa_iterations = 1000, initial_temperature = 3.0, cooling_rate = 0.999
26 - INFO - chord#: 4 done. best_score=27.0, changed=529, unchanged=379, early_stops=8/8
26 - INFO - chord#: 6 In build_straw_man_chord_sa. tolerance = 1, sa_iterations = 1000, initial_temperature = 3.0, cooling_rate = 0.999
26 - INFO - chord#: 4 done. best_score=27.0, changed=534, unchanged=372, early_stops=8/8
26 - INFO - chord#: 6 In build_straw_man_chord_sa. tolerance = 1, sa_iterations = 1000, initial_temperature = 3.0, cooling_rate = 0.999
26 - INFO - chord#: 4 done. best_score=27.0, changed=526, unchanged=408, early_stops=8/8
26 - INFO - chord#: 6 In build_straw_man_chord_sa. tolerance = 1, sa_iterations = 1000, initial_temperature = 3.0, cooling_rate = 0.999
26 - INFO - chord#: 6 done. best_score=82.0, changed=606, unchanged=224, early_stops=8/8
26 - INFO - chord#: 8 In build_straw_man_chord_sa. tolerance = 1, sa_iterations = 1000, initial_temperature = 3.0, cooling_rate = 0.999
26 - INFO - chord#: 6 done. best_score=82.0, changed=611, unchanged=341, early_stops=8/8
26 - INFO - chord#: 8 In build_straw_man_chord_sa. tolerance = 1, sa_iterations = 1000, initial_temperature = 3.0, cooling_rate = 0.999
26 - INFO - chord#: 6 done. best_score=146.0, changed=610, unchanged=277, early_stops=8/8
26 - INFO - chord#: 8 In build_straw_man_chord_sa. tolerance = 1, sa_iterations = 1000, initial_temperature = 3.0, cooling_rate = 0.999
26 - INFO - chord#: 6 done. best_score=82.0, changed=620, unchanged=289, early_stops=8/8
26 - INFO - chord#: 8 In build_straw_man_chord_sa. tolerance = 1, sa_iterations = 1000, initial_temperature = 3.0, cooling_rate = 0.999
26 - INFO - chord#: 6 done. best_score=127.0, changed=612, unchanged=446, early_stops=8/8
26 - INFO - chord#: 8 In build_straw_man_chord_sa. tolerance = 1, sa_iterations = 1000, initial_temperature = 3.0, cooling_rate = 0.999
26 - INFO - chord#: 8 done. best_score=27.0, changed=525, unchanged=442, early_stops=8/8
26 - INFO - chord#: 12 In build_straw_man_chord_sa. tolerance = 1, sa_iterations = 1000, initial_temperature = 3.0, cooling_rate = 0.999
26 - INFO - chord#: 6 done. best_score=82.0, changed=611, unchanged=330, early_stops=8/8
26 - INFO - chord#: 8 In build_straw_man_chord_sa. tolerance = 1, sa_iterations = 1000, initial_temperature = 3.0, cooling_rate = 0.999
26 - INFO - chord#: 6 done. best_score=82.0, changed=610, unchanged=235, early_stops=8/8
26 - INFO - chord#: 8 In build_straw_man_chord_sa. tolerance = 1, sa_iterations = 1000, initial_temperature = 3.0, cooling_rate = 0.999
26 - INFO - chord#: 8 done. best_score=27.0, changed=524, unchanged=362, early_stops=8/8
26 - INFO - chord#: 12 In build_straw_man_chord_sa. tolerance = 1, sa_iterations = 1000, initial_temperature = 3.0, cooling_rate = 0.999
26 - INFO - chord#: 6 done. best_score=82.0, changed=608, unchanged=253, early_stops=8/8
26 - INFO - chord#: 8 In build_straw_man_chord_sa. tolerance = 1, sa_iterations = 1000, initial_temperature = 3.0, cooling_rate = 0.999
26 - INFO - chord#: 8 done. best_score=27.0, changed=523, unchanged=360, early_stops=8/8
26 - INFO - chord#: 12 In build_straw_man_chord_sa. tolerance = 1, sa_iterations = 1000, initial_temperature = 3.0, cooling_rate = 0.999
26 - INFO - chord#: 6 done. best_score=82.0, changed=612, unchanged=273, early_stops=8/8
26 - INFO - chord#: 8 In build_straw_man_chord_sa. tolerance = 1, sa_iterations = 1000, initial_temperature = 3.0, cooling_rate = 0.999
26 - INFO - chord#: 6 done. best_score=82.0, changed=615, unchanged=369, early_stops=8/8
26 - INFO - chord#: 8 In build_straw_man_chord_sa. tolerance = 1, sa_iterations = 1000, initial_temperature = 3.0, cooling_rate = 0.999
26 - INFO - chord#: 8 done. best_score=27.0, changed=522, unchanged=385, early_stops=8/8
26 - INFO - chord#: 12 In build_straw_man_chord_sa. tolerance = 1, sa_iterations = 1000, initial_temperature = 3.0, cooling_rate = 0.999
26 - INFO - chord#: 6 done. best_score=82.0, changed=618, unchanged=357, early_stops=8/8
26 - INFO - chord#: 8 In build_straw_man_chord_sa. tolerance = 1, sa_iterations = 1000, initial_temperature = 3.0, cooling_rate = 0.999
26 - INFO - chord#: 8 done. best_score=27.0, changed=538, unchanged=389, early_stops=8/8
26 - INFO - chord#: 12 In build_straw_man_chord_sa. tolerance = 1, sa_iterations = 1000, initial_temperature = 3.0, cooling_rate = 0.999
26 - INFO - chord#: 6 done. best_score=82.0, changed=612, unchanged=383, early_stops=8/8
26 - INFO - chord#: 8 In build_straw_man_chord_sa. tolerance = 1, sa_iterations = 1000, initial_temperature = 3.0, cooling_rate = 0.999
26 - INFO - chord#: 8 done. best_score=27.0, changed=524, unchanged=405, early_stops=8/8
26 - INFO - chord#: 12 In build_straw_man_chord_sa. tolerance = 1, sa_iterations = 1000, initial_temperature = 3.0, cooling_rate = 0.999
26 - INFO - chord#: 8 done. best_score=27.0, changed=517, unchanged=372, early_stops=8/8
26 - INFO - chord#: 12 In build_straw_man_chord_sa. tolerance = 1, sa_iterations = 1000, initial_temperature = 3.0, cooling_rate = 0.999
26 - INFO - chord#: 8 done. best_score=27.0, changed=514, unchanged=325, early_stops=8/8
26 - INFO - chord#: 12 In build_straw_man_chord_sa. tolerance = 1, sa_iterations = 1000, initial_temperature = 3.0, cooling_rate = 0.999
26 - INFO - chord#: 8 done. best_score=27.0, changed=520, unchanged=414, early_stops=8/8
26 - INFO - chord#: 12 In build_straw_man_chord_sa. tolerance = 1, sa_iterations = 1000, initial_temperature = 3.0, cooling_rate = 0.999
26 - INFO - chord#: 8 done. best_score=27.0, changed=521, unchanged=348, early_stops=8/8
26 - INFO - chord#: 12 In build_straw_man_chord_sa. tolerance = 1, sa_iterations = 1000, initial_temperature = 3.0, cooling_rate = 0.999
26 - INFO - chord#: 8 done. best_score=27.0, changed=518, unchanged=347, early_stops=8/8
26 - INFO - chord#: 12 In build_straw_man_chord_sa. tolerance = 1, sa_iterations = 1000, initial_temperature = 3.0, cooling_rate = 0.999
26 - INFO - chord#: 8 done. best_score=27.0, changed=527, unchanged=459, early_stops=8/8
26 - INFO - chord#: 12 In build_straw_man_chord_sa. tolerance = 1, sa_iterations = 1000, initial_temperature = 3.0, cooling_rate = 0.999
26 - INFO - chord#: 12 done. best_score=64.0, changed=612, unchanged=284, early_stops=8/8
26 - INFO - chord#: 16 In build_straw_man_chord_sa. tolerance = 1, sa_iterations = 1000, initial_temperature = 3.0, cooling_rate = 0.999
26 - INFO - chord#: 12 done. best_score=64.0, changed=613, unchanged=270, early_stops=8/8
26 - INFO - chord#: 16 In build_straw_man_chord_sa. tolerance = 1, sa_iterations = 1000, initial_temperature = 3.0, cooling_rate = 0.999
26 - INFO - chord#: 12 done. best_score=64.0, changed=610, unchanged=296, early_stops=8/8
26 - INFO - chord#: 16 In build_straw_man_chord_sa. tolerance = 1, sa_iterations = 1000, initial_temperature = 3.0, cooling_rate = 0.999
26 - INFO - chord#: 12 done. best_score=71.0, changed=613, unchanged=275, early_stops=8/8
26 - INFO - chord#: 16 In build_straw_man_chord_sa. tolerance = 1, sa_iterations = 1000, initial_temperature = 3.0, cooling_rate = 0.999
26 - INFO - chord#: 12 done. best_score=71.0, changed=613, unchanged=379, early_stops=8/8
26 - INFO - chord#: 16 In build_straw_man_chord_sa. tolerance = 1, sa_iterations = 1000, initial_temperature = 3.0, cooling_rate = 0.999
26 - INFO - chord#: 12 done. best_score=71.0, changed=609, unchanged=264, early_stops=8/8
26 - INFO - chord#: 16 In build_straw_man_chord_sa. tolerance = 1, sa_iterations = 1000, initial_temperature = 3.0, cooling_rate = 0.999
26 - INFO - chord#: 16 done. best_score=27.0, changed=520, unchanged=407, early_stops=8/8
26 - INFO - chord#: 18 In build_straw_man_chord_sa. tolerance = 1, sa_iterations = 1000, initial_temperature = 3.0, cooling_rate = 0.999
26 - INFO - chord#: 16 done. best_score=27.0, changed=522, unchanged=407, early_stops=8/8
26 - INFO - chord#: 18 In build_straw_man_chord_sa. tolerance = 1, sa_iterations = 1000, initial_temperature = 3.0, cooling_rate = 0.999
26 - INFO - chord#: 16 done. best_score=27.0, changed=526, unchanged=629, early_stops=8/8
26 - INFO - chord#: 18 In build_straw_man_chord_sa. tolerance = 1, sa_iterations = 1000, initial_temperature = 3.0, cooling_rate = 0.999
26 - INFO - chord#: 16 done. best_score=27.0, changed=511, unchanged=331, early_stops=8/8
26 - INFO - chord#: 18 In build_straw_man_chord_sa. tolerance = 1, sa_iterations = 1000, initial_temperature = 3.0, cooling_rate = 0.999
26 - INFO - chord#: 12 done. best_score=157.0, changed=609, unchanged=237, early_stops=8/8
26 - INFO - chord#: 16 In build_straw_man_chord_sa. tolerance = 1, sa_iterations = 1000, initial_temperature = 3.0, cooling_rate = 0.999
26 - INFO - chord#: 16 done. best_score=27.0, changed=522, unchanged=597, early_stops=8/8
26 - INFO - chord#: 18 In build_straw_man_chord_sa. tolerance = 1, sa_iterations = 1000, initial_temperature = 3.0, cooling_rate = 0.999
26 - INFO - chord#: 16 done. best_score=27.0, changed=522, unchanged=512, early_stops=8/8
26 - INFO - chord#: 18 In build_straw_man_chord_sa. tolerance = 1, sa_iterations = 1000, initial_temperature = 3.0, cooling_rate = 0.999
26 - INFO - chord#: 12 done. best_score=96.0, changed=605, unchanged=264, early_stops=8/8
26 - INFO - chord#: 16 In build_straw_man_chord_sa. tolerance = 1, sa_iterations = 1000, initial_temperature = 3.0, cooling_rate = 0.999
26 - INFO - chord#: 12 done. best_score=146.0, changed=607, unchanged=235, early_stops=8/8
26 - INFO - chord#: 16 In build_straw_man_chord_sa. tolerance = 1, sa_iterations = 1000, initial_temperature = 3.0, cooling_rate = 0.999
26 - INFO - chord#: 12 done. best_score=64.0, changed=615, unchanged=412, early_stops=8/8
26 - INFO - chord#: 16 In build_straw_man_chord_sa. tolerance = 1, sa_iterations = 1000, initial_temperature = 3.0, cooling_rate = 0.999
26 - INFO - chord#: 12 done. best_score=64.0, changed=608, unchanged=318, early_stops=8/8
26 - INFO - chord#: 16 In build_straw_man_chord_sa. tolerance = 1, sa_iterations = 1000, initial_temperature = 3.0, cooling_rate = 0.999
26 - INFO - chord#: 12 done. best_score=146.0, changed=612, unchanged=426, early_stops=8/8
26 - INFO - chord#: 16 In build_straw_man_chord_sa. tolerance = 1, sa_iterations = 1000, initial_temperature = 3.0, cooling_rate = 0.999
26 - INFO - chord#: 16 done. best_score=27.0, changed=523, unchanged=450, early_stops=8/8
26 - INFO - chord#: 18 In build_straw_man_chord_sa. tolerance = 1, sa_iterations = 1000, initial_temperature = 3.0, cooling_rate = 0.999
26 - INFO - chord#: 18 done. best_score=70.0, changed=613, unchanged=320, early_stops=8/8
26 - INFO - chord#: 20 In build_straw_man_chord_sa. tolerance = 1, sa_iterations = 1000, initial_temperature = 3.0, cooling_rate = 0.999
26 - INFO - chord#: 16 done. best_score=27.0, changed=514, unchanged=519, early_stops=8/8
26 - INFO - chord#: 18 In build_straw_man_chord_sa. tolerance = 1, sa_iterations = 1000, initial_temperature = 3.0, cooling_rate = 0.999
26 - INFO - chord#: 16 done. best_score=27.0, changed=516, unchanged=377, early_stops=8/8
26 - INFO - chord#: 18 In build_straw_man_chord_sa. tolerance = 1, sa_iterations = 1000, initial_temperature = 3.0, cooling_rate = 0.999
26 - INFO - chord#: 18 done. best_score=70.0, changed=619, unchanged=307, early_stops=8/8
26 - INFO - chord#: 20 In build_straw_man_chord_sa. tolerance = 1, sa_iterations = 1000, initial_temperature = 3.0, cooling_rate = 0.999
26 - INFO - chord#: 16 done. best_score=27.0, changed=527, unchanged=429, early_stops=8/8
26 - INFO - chord#: 18 In build_straw_man_chord_sa. tolerance = 1, sa_iterations = 1000, initial_temperature = 3.0, cooling_rate = 0.999
26 - INFO - chord#: 16 done. best_score=27.0, changed=522, unchanged=397, early_stops=8/8
26 - INFO - chord#: 18 In build_straw_man_chord_sa. tolerance = 1, sa_iterations = 1000, initial_temperature = 3.0, cooling_rate = 0.999
26 - INFO - chord#: 18 done. best_score=70.0, changed=620, unchanged=374, early_stops=8/8
26 - INFO - chord#: 20 In build_straw_man_chord_sa. tolerance = 1, sa_iterations = 1000, initial_temperature = 3.0, cooling_rate = 0.999
26 - INFO - chord#: 18 done. best_score=104.0, changed=612, unchanged=245, early_stops=8/8
26 - INFO - chord#: 20 In build_straw_man_chord_sa. tolerance = 1, sa_iterations = 1000, initial_temperature = 3.0, cooling_rate = 0.999
26 - INFO - chord#: 16 done. best_score=27.0, changed=521, unchanged=574, early_stops=8/8
26 - INFO - chord#: 18 In build_straw_man_chord_sa. tolerance = 1, sa_iterations = 1000, initial_temperature = 3.0, cooling_rate = 0.999
26 - INFO - chord#: 20 done. best_score=27.0, changed=526, unchanged=385, early_stops=8/8
26 - INFO - chord#: 22 In build_straw_man_chord_sa. tolerance = 1, sa_iterations = 1000, initial_temperature = 3.0, cooling_rate = 0.999
26 - INFO - chord#: 18 done. best_score=105.0, changed=611, unchanged=316, early_stops=8/8
26 - INFO - chord#: 20 In build_straw_man_chord_sa. tolerance = 1, sa_iterations = 1000, initial_temperature = 3.0, cooling_rate = 0.999
26 - INFO - chord#: 18 done. best_score=75.0, changed=621, unchanged=458, early_stops=8/8
26 - INFO - chord#: 20 In build_straw_man_chord_sa. tolerance = 1, sa_iterations = 1000, initial_temperature = 3.0, cooling_rate = 0.999
26 - INFO - chord#: 20 done. best_score=27.0, changed=515, unchanged=321, early_stops=8/8
26 - INFO - chord#: 22 In build_straw_man_chord_sa. tolerance = 1, sa_iterations = 1000, initial_temperature = 3.0, cooling_rate = 0.999
26 - INFO - chord#: 20 done. best_score=27.0, changed=538, unchanged=476, early_stops=8/8
26 - INFO - chord#: 20 done. best_score=27.0, changed=525, unchanged=427, early_stops=8/8
26 - INFO - chord#: 22 In build_straw_man_chord_sa. tolerance = 1, sa_iterations = 1000, initial_temperature = 3.0, cooling_rate = 0.999
26 - INFO - chord#: 22 In build_straw_man_chord_sa. tolerance = 1, sa_iterations = 1000, initial_temperature = 3.0, cooling_rate = 0.999
26 - INFO - chord#: 20 done. best_score=36.0, changed=527, unchanged=338, early_stops=8/8
26 - INFO - chord#: 22 In build_straw_man_chord_sa. tolerance = 1, sa_iterations = 1000, initial_temperature = 3.0, cooling_rate = 0.999
26 - INFO - chord#: 18 done. best_score=70.0, changed=607, unchanged=369, early_stops=8/8
26 - INFO - chord#: 20 In build_straw_man_chord_sa. tolerance = 1, sa_iterations = 1000, initial_temperature = 3.0, cooling_rate = 0.999
26 - INFO - chord#: 20 done. best_score=27.0, changed=521, unchanged=341, early_stops=8/8
26 - INFO - chord#: 22 In build_straw_man_chord_sa. tolerance = 1, sa_iterations = 1000, initial_temperature = 3.0, cooling_rate = 0.999
26 - INFO - chord#: 18 done. best_score=141.0, changed=611, unchanged=316, early_stops=8/8
26 - INFO - chord#: 20 In build_straw_man_chord_sa. tolerance = 1, sa_iterations = 1000, initial_temperature = 3.0, cooling_rate = 0.999
26 - INFO - chord#: 18 done. best_score=70.0, changed=612, unchanged=228, early_stops=8/8
26 - INFO - chord#: 20 In build_straw_man_chord_sa. tolerance = 1, sa_iterations = 1000, initial_temperature = 3.0, cooling_rate = 0.999
26 - INFO - chord#: 20 done. best_score=27.0, changed=523, unchanged=358, early_stops=8/8
26 - INFO - chord#: 18 done. best_score=105.0, changed=608, unchanged=306, early_stops=8/8
26 - INFO - chord#: 22 In build_straw_man_chord_sa. tolerance = 1, sa_iterations = 1000, initial_temperature = 3.0, cooling_rate = 0.999
26 - INFO - chord#: 20 In build_straw_man_chord_sa. tolerance = 1, sa_iterations = 1000, initial_temperature = 3.0, cooling_rate = 0.999
26 - INFO - chord#: 22 done. best_score=145.0, changed=621, unchanged=474, early_stops=8/8
26 - INFO - chord#: 24 In build_straw_man_chord_sa. tolerance = 1, sa_iterations = 1000, initial_temperature = 3.0, cooling_rate = 0.999
26 - INFO - chord#: 20 done. best_score=27.0, changed=524, unchanged=508, early_stops=8/8
26 - INFO - chord#: 22 In build_straw_man_chord_sa. tolerance = 1, sa_iterations = 1000, initial_temperature = 3.0, cooling_rate = 0.999
26 - INFO - chord#: 18 done. best_score=70.0, changed=613, unchanged=310, early_stops=8/8
26 - INFO - chord#: 20 In build_straw_man_chord_sa. tolerance = 1, sa_iterations = 1000, initial_temperature = 3.0, cooling_rate = 0.999
26 - INFO - chord#: 22 done. best_score=64.0, changed=615, unchanged=254, early_stops=8/8
26 - INFO - chord#: 24 In build_straw_man_chord_sa. tolerance = 1, sa_iterations = 1000, initial_temperature = 3.0, cooling_rate = 0.999
26 - INFO - chord#: 20 done. best_score=27.0, changed=526, unchanged=361, early_stops=8/8
26 - INFO - chord#: 22 In build_straw_man_chord_sa. tolerance = 1, sa_iterations = 1000, initial_temperature = 3.0, cooling_rate = 0.999
26 - INFO - chord#: 22 done. best_score=140.0, changed=613, unchanged=433, early_stops=8/8
26 - INFO - chord#: 24 In build_straw_man_chord_sa. tolerance = 1, sa_iterations = 1000, initial_temperature = 3.0, cooling_rate = 0.999
26 - INFO - chord#: 22 done. best_score=125.0, changed=605, unchanged=211, early_stops=8/8
26 - INFO - chord#: 24 In build_straw_man_chord_sa. tolerance = 1, sa_iterations = 1000, initial_temperature = 3.0, cooling_rate = 0.999
26 - INFO - chord#: 20 done. best_score=36.0, changed=527, unchanged=346, early_stops=8/8
26 - INFO - chord#: 22 In build_straw_man_chord_sa. tolerance = 1, sa_iterations = 1000, initial_temperature = 3.0, cooling_rate = 0.999
26 - INFO - chord#: 18 done. best_score=70.0, changed=616, unchanged=476, early_stops=8/8
26 - INFO - chord#: 20 In build_straw_man_chord_sa. tolerance = 1, sa_iterations = 1000, initial_temperature = 3.0, cooling_rate = 0.999
26 - INFO - chord#: 22 done. best_score=64.0, changed=611, unchanged=268, early_stops=8/8
26 - INFO - chord#: 24 In build_straw_man_chord_sa. tolerance = 1, sa_iterations = 1000, initial_temperature = 3.0, cooling_rate = 0.999
26 - INFO - chord#: 22 done. best_score=64.0, changed=619, unchanged=389, early_stops=8/8
26 - INFO - chord#: 24 In build_straw_man_chord_sa. tolerance = 1, sa_iterations = 1000, initial_temperature = 3.0, cooling_rate = 0.999
26 - INFO - chord#: 24 done. best_score=27.0, changed=523, unchanged=517, early_stops=8/8
26 - INFO - chord#: 28 In build_straw_man_chord_sa. tolerance = 1, sa_iterations = 1000, initial_temperature = 3.0, cooling_rate = 0.999
26 - INFO - chord#: 20 done. best_score=27.0, changed=517, unchanged=345, early_stops=8/8
26 - INFO - chord#: 22 In build_straw_man_chord_sa. tolerance = 1, sa_iterations = 1000, initial_temperature = 3.0, cooling_rate = 0.999
26 - INFO - chord#: 24 done. best_score=27.0, changed=527, unchanged=476, early_stops=8/8
26 - INFO - chord#: 28 In build_straw_man_chord_sa. tolerance = 1, sa_iterations = 1000, initial_temperature = 3.0, cooling_rate = 0.999
26 - INFO - chord#: 24 done. best_score=27.0, changed=519, unchanged=490, early_stops=8/8
26 - INFO - chord#: 28 In build_straw_man_chord_sa. tolerance = 1, sa_iterations = 1000, initial_temperature = 3.0, cooling_rate = 0.999
26 - INFO - chord#: 22 done. best_score=157.0, changed=613, unchanged=227, early_stops=8/8
26 - INFO - chord#: 24 In build_straw_man_chord_sa. tolerance = 1, sa_iterations = 1000, initial_temperature = 3.0, cooling_rate = 0.999
26 - INFO - chord#: 24 done. best_score=27.0, changed=523, unchanged=443, early_stops=8/8
26 - INFO - chord#: 28 In build_straw_man_chord_sa. tolerance = 1, sa_iterations = 1000, initial_temperature = 3.0, cooling_rate = 0.999
26 - INFO - chord#: 20 done. best_score=27.0, changed=525, unchanged=359, early_stops=8/8
26 - INFO - chord#: 22 In build_straw_man_chord_sa. tolerance = 1, sa_iterations = 1000, initial_temperature = 3.0, cooling_rate = 0.999
26 - INFO - chord#: 24 done. best_score=27.0, changed=528, unchanged=414, early_stops=8/8
26 - INFO - chord#: 28 In build_straw_man_chord_sa. tolerance = 1, sa_iterations = 1000, initial_temperature = 3.0, cooling_rate = 0.999
26 - INFO - chord#: 24 done. best_score=27.0, changed=523, unchanged=470, early_stops=8/8
26 - INFO - chord#: 28 In build_straw_man_chord_sa. tolerance = 1, sa_iterations = 1000, initial_temperature = 3.0, cooling_rate = 0.999
26 - INFO - chord#: 22 done. best_score=64.0, changed=611, unchanged=417, early_stops=8/8
26 - INFO - chord#: 24 In build_straw_man_chord_sa. tolerance = 1, sa_iterations = 1000, initial_temperature = 3.0, cooling_rate = 0.999
26 - INFO - chord#: 24 done. best_score=27.0, changed=515, unchanged=442, early_stops=8/8
26 - INFO - chord#: 28 In build_straw_man_chord_sa. tolerance = 1, sa_iterations = 1000, initial_temperature = 3.0, cooling_rate = 0.999
26 - INFO - chord#: 22 done. best_score=140.0, changed=612, unchanged=286, early_stops=8/8
26 - INFO - chord#: 24 In build_straw_man_chord_sa. tolerance = 1, sa_iterations = 1000, initial_temperature = 3.0, cooling_rate = 0.999
26 - INFO - chord#: 28 done. best_score=187.0, changed=608, unchanged=218, early_stops=8/8
26 - INFO - chord#: 30 In build_straw_man_chord_sa. tolerance = 1, sa_iterations = 1000, initial_temperature = 3.0, cooling_rate = 0.999
26 - INFO - chord#: 28 done. best_score=64.0, changed=612, unchanged=218, early_stops=8/8
26 - INFO - chord#: 30 In build_straw_man_chord_sa. tolerance = 1, sa_iterations = 1000, initial_temperature = 3.0, cooling_rate = 0.999
26 - INFO - chord#: 28 done. best_score=174.0, changed=606, unchanged=214, early_stops=8/8
26 - INFO - chord#: 30 In build_straw_man_chord_sa. tolerance = 1, sa_iterations = 1000, initial_temperature = 3.0, cooling_rate = 0.999
26 - INFO - chord#: 24 done. best_score=27.0, changed=523, unchanged=465, early_stops=8/8
26 - INFO - chord#: 28 In build_straw_man_chord_sa. tolerance = 1, sa_iterations = 1000, initial_temperature = 3.0, cooling_rate = 0.999
26 - INFO - chord#: 30 done. best_score=36.0, changed=512, unchanged=332, early_stops=8/8
26 - INFO - chord#: 32 In build_straw_man_chord_sa. tolerance = 1, sa_iterations = 1000, initial_temperature = 3.0, cooling_rate = 0.999
26 - INFO - chord#: 22 done. best_score=146.0, changed=613, unchanged=551, early_stops=8/8
26 - INFO - chord#: 24 In build_straw_man_chord_sa. tolerance = 1, sa_iterations = 1000, initial_temperature = 3.0, cooling_rate = 0.999
26 - INFO - chord#: 24 done. best_score=27.0, changed=516, unchanged=423, early_stops=8/8
26 - INFO - chord#: 28 In build_straw_man_chord_sa. tolerance = 1, sa_iterations = 1000, initial_temperature = 3.0, cooling_rate = 0.999
26 - INFO - chord#: 30 done. best_score=36.0, changed=514, unchanged=354, early_stops=8/8
26 - INFO - chord#: 32 In build_straw_man_chord_sa. tolerance = 1, sa_iterations = 1000, initial_temperature = 3.0, cooling_rate = 0.999
26 - INFO - chord#: 30 done. best_score=36.0, changed=524, unchanged=429, early_stops=8/8
26 - INFO - chord#: 32 In build_straw_man_chord_sa. tolerance = 1, sa_iterations = 1000, initial_temperature = 3.0, cooling_rate = 0.999
26 - INFO - chord#: 22 done. best_score=104.0, changed=613, unchanged=410, early_stops=8/8
26 - INFO - chord#: 24 In build_straw_man_chord_sa. tolerance = 1, sa_iterations = 1000, initial_temperature = 3.0, cooling_rate = 0.999
26 - INFO - chord#: 28 done. best_score=146.0, changed=606, unchanged=221, early_stops=8/8
26 - INFO - chord#: 30 In build_straw_man_chord_sa. tolerance = 1, sa_iterations = 1000, initial_temperature = 3.0, cooling_rate = 0.999
26 - INFO - chord#: 28 done. best_score=146.0, changed=610, unchanged=325, early_stops=8/8
26 - INFO - chord#: 30 In build_straw_man_chord_sa. tolerance = 1, sa_iterations = 1000, initial_temperature = 3.0, cooling_rate = 0.999
26 - INFO - chord#: 28 done. best_score=71.0, changed=612, unchanged=346, early_stops=8/8
26 - INFO - chord#: 30 In build_straw_man_chord_sa. tolerance = 1, sa_iterations = 1000, initial_temperature = 3.0, cooling_rate = 0.999
26 - INFO - chord#: 32 done. best_score=35.0, changed=524, unchanged=561, early_stops=8/8
26 - INFO - chord#: 34 In build_straw_man_chord_sa. tolerance = 1, sa_iterations = 1000, initial_temperature = 3.0, cooling_rate = 0.999
26 - INFO - chord#: 32 done. best_score=35.0, changed=522, unchanged=427, early_stops=8/8
26 - INFO - chord#: 34 In build_straw_man_chord_sa. tolerance = 1, sa_iterations = 1000, initial_temperature = 3.0, cooling_rate = 0.999
26 - INFO - chord#: 22 done. best_score=140.0, changed=617, unchanged=352, early_stops=8/8
26 - INFO - chord#: 24 In build_straw_man_chord_sa. tolerance = 1, sa_iterations = 1000, initial_temperature = 3.0, cooling_rate = 0.999
26 - INFO - chord#: 32 done. best_score=37.0, changed=529, unchanged=392, early_stops=8/8
26 - INFO - chord#: 34 In build_straw_man_chord_sa. tolerance = 1, sa_iterations = 1000, initial_temperature = 3.0, cooling_rate = 0.999
26 - INFO - chord#: 30 done. best_score=36.0, changed=524, unchanged=316, early_stops=8/8
26 - INFO - chord#: 32 In build_straw_man_chord_sa. tolerance = 1, sa_iterations = 1000, initial_temperature = 3.0, cooling_rate = 0.999
26 - INFO - chord#: 24 done. best_score=27.0, changed=522, unchanged=417, early_stops=8/8
26 - INFO - chord#: 28 In build_straw_man_chord_sa. tolerance = 1, sa_iterations = 1000, initial_temperature = 3.0, cooling_rate = 0.999
26 - INFO - chord#: 28 done. best_score=64.0, changed=613, unchanged=371, early_stops=8/8
26 - INFO - chord#: 30 In build_straw_man_chord_sa. tolerance = 1, sa_iterations = 1000, initial_temperature = 3.0, cooling_rate = 0.999
26 - INFO - chord#: 30 done. best_score=36.0, changed=518, unchanged=381, early_stops=8/8
26 - INFO - chord#: 32 In build_straw_man_chord_sa. tolerance = 1, sa_iterations = 1000, initial_temperature = 3.0, cooling_rate = 0.999
26 - INFO - chord#: 24 done. best_score=27.0, changed=516, unchanged=457, early_stops=8/8
26 - INFO - chord#: 28 In build_straw_man_chord_sa. tolerance = 1, sa_iterations = 1000, initial_temperature = 3.0, cooling_rate = 0.999
26 - INFO - chord#: 28 done. best_score=64.0, changed=611, unchanged=326, early_stops=8/8
26 - INFO - chord#: 30 In build_straw_man_chord_sa. tolerance = 1, sa_iterations = 1000, initial_temperature = 3.0, cooling_rate = 0.999
26 - INFO - chord#: 30 done. best_score=36.0, changed=520, unchanged=354, early_stops=8/8
26 - INFO - chord#: 32 In build_straw_man_chord_sa. tolerance = 1, sa_iterations = 1000, initial_temperature = 3.0, cooling_rate = 0.999
26 - INFO - chord#: 34 done. best_score=36.0, changed=530, unchanged=350, early_stops=8/8
26 - INFO - chord#: 36 In build_straw_man_chord_sa. tolerance = 1, sa_iterations = 1000, initial_temperature = 3.0, cooling_rate = 0.999
26 - INFO - chord#: 34 done. best_score=36.0, changed=523, unchanged=332, early_stops=8/8
26 - INFO - chord#: 36 In build_straw_man_chord_sa. tolerance = 1, sa_iterations = 1000, initial_temperature = 3.0, cooling_rate = 0.999
26 - INFO - chord#: 32 done. best_score=37.0, changed=523, unchanged=489, early_stops=8/8
26 - INFO - chord#: 34 In build_straw_man_chord_sa. tolerance = 1, sa_iterations = 1000, initial_temperature = 3.0, cooling_rate = 0.999
26 - INFO - chord#: 34 done. best_score=27.0, changed=520, unchanged=437, early_stops=8/8
26 - INFO - chord#: 36 In build_straw_man_chord_sa. tolerance = 1, sa_iterations = 1000, initial_temperature = 3.0, cooling_rate = 0.999
26 - INFO - chord#: 24 done. best_score=27.0, changed=518, unchanged=410, early_stops=8/8
26 - INFO - chord#: 28 In build_straw_man_chord_sa. tolerance = 1, sa_iterations = 1000, initial_temperature = 3.0, cooling_rate = 0.999
26 - INFO - chord#: 30 done. best_score=36.0, changed=525, unchanged=422, early_stops=8/8
26 - INFO - chord#: 32 In build_straw_man_chord_sa. tolerance = 1, sa_iterations = 1000, initial_temperature = 3.0, cooling_rate = 0.999
26 - INFO - chord#: 30 done. best_score=36.0, changed=525, unchanged=342, early_stops=8/8
26 - INFO - chord#: 32 In build_straw_man_chord_sa. tolerance = 1, sa_iterations = 1000, initial_temperature = 3.0, cooling_rate = 0.999
26 - INFO - chord#: 32 done. best_score=37.0, changed=521, unchanged=339, early_stops=8/8
26 - INFO - chord#: 34 In build_straw_man_chord_sa. tolerance = 1, sa_iterations = 1000, initial_temperature = 3.0, cooling_rate = 0.999
26 - INFO - chord#: 32 done. best_score=37.0, changed=518, unchanged=455, early_stops=8/8
26 - INFO - chord#: 34 In build_straw_man_chord_sa. tolerance = 1, sa_iterations = 1000, initial_temperature = 3.0, cooling_rate = 0.999
26 - INFO - chord#: 28 done. best_score=64.0, changed=610, unchanged=367, early_stops=8/8
26 - INFO - chord#: 30 In build_straw_man_chord_sa. tolerance = 1, sa_iterations = 1000, initial_temperature = 3.0, cooling_rate = 0.999
26 - INFO - chord#: 34 done. best_score=27.0, changed=519, unchanged=350, early_stops=8/8
26 - INFO - chord#: 36 In build_straw_man_chord_sa. tolerance = 1, sa_iterations = 1000, initial_temperature = 3.0, cooling_rate = 0.999
26 - INFO - chord#: 32 done. best_score=35.0, changed=520, unchanged=351, early_stops=8/8
26 - INFO - chord#: 34 In build_straw_man_chord_sa. tolerance = 1, sa_iterations = 1000, initial_temperature = 3.0, cooling_rate = 0.999
26 - INFO - chord#: 34 done. best_score=27.0, changed=521, unchanged=319, early_stops=8/8
26 - INFO - chord#: 36 In build_straw_man_chord_sa. tolerance = 1, sa_iterations = 1000, initial_temperature = 3.0, cooling_rate = 0.999
26 - INFO - chord#: 36 done. best_score=71.0, changed=611, unchanged=306, early_stops=8/8
26 - INFO - chord#: 38 In build_straw_man_chord_sa. tolerance = 1, sa_iterations = 1000, initial_temperature = 3.0, cooling_rate = 0.999
26 - INFO - chord#: 32 done. best_score=35.0, changed=525, unchanged=461, early_stops=8/8
26 - INFO - chord#: 34 In build_straw_man_chord_sa. tolerance = 1, sa_iterations = 1000, initial_temperature = 3.0, cooling_rate = 0.999
26 - INFO - chord#: 28 done. best_score=104.0, changed=611, unchanged=269, early_stops=8/8
26 - INFO - chord#: 30 In build_straw_man_chord_sa. tolerance = 1, sa_iterations = 1000, initial_temperature = 3.0, cooling_rate = 0.999
26 - INFO - chord#: 30 done. best_score=36.0, changed=521, unchanged=374, early_stops=8/8
26 - INFO - chord#: 32 In build_straw_man_chord_sa. tolerance = 1, sa_iterations = 1000, initial_temperature = 3.0, cooling_rate = 0.999
26 - INFO - chord#: 34 done. best_score=27.0, changed=521, unchanged=402, early_stops=8/8
26 - INFO - chord#: 36 In build_straw_man_chord_sa. tolerance = 1, sa_iterations = 1000, initial_temperature = 3.0, cooling_rate = 0.999
26 - INFO - chord#: 36 done. best_score=71.0, changed=613, unchanged=352, early_stops=8/8
26 - INFO - chord#: 38 In build_straw_man_chord_sa. tolerance = 1, sa_iterations = 1000, initial_temperature = 3.0, cooling_rate = 0.999
26 - INFO - chord#: 36 done. best_score=125.0, changed=609, unchanged=261, early_stops=8/8
26 - INFO - chord#: 38 In build_straw_man_chord_sa. tolerance = 1, sa_iterations = 1000, initial_temperature = 3.0, cooling_rate = 0.999
26 - INFO - chord#: 34 done. best_score=36.0, changed=531, unchanged=304, early_stops=8/8
26 - INFO - chord#: 36 In build_straw_man_chord_sa. tolerance = 1, sa_iterations = 1000, initial_temperature = 3.0, cooling_rate = 0.999
26 - INFO - chord#: 28 done. best_score=64.0, changed=614, unchanged=412, early_stops=8/8
26 - INFO - chord#: 30 In build_straw_man_chord_sa. tolerance = 1, sa_iterations = 1000, initial_temperature = 3.0, cooling_rate = 0.999
26 - INFO - chord#: 38 done. best_score=36.0, changed=522, unchanged=429, early_stops=8/8
26 - INFO - chord#: 39 In build_straw_man_chord_sa. tolerance = 1, sa_iterations = 1000, initial_temperature = 3.0, cooling_rate = 0.999
26 - INFO - chord#: 34 done. best_score=36.0, changed=516, unchanged=336, early_stops=8/8
26 - INFO - chord#: 36 In build_straw_man_chord_sa. tolerance = 1, sa_iterations = 1000, initial_temperature = 3.0, cooling_rate = 0.999
26 - INFO - chord#: 28 done. best_score=174.0, changed=614, unchanged=306, early_stops=8/8
26 - INFO - chord#: 30 In build_straw_man_chord_sa. tolerance = 1, sa_iterations = 1000, initial_temperature = 3.0, cooling_rate = 0.999
26 - INFO - chord#: 38 done. best_score=36.0, changed=527, unchanged=334, early_stops=8/8
26 - INFO - chord#: 39 In build_straw_man_chord_sa. tolerance = 1, sa_iterations = 1000, initial_temperature = 3.0, cooling_rate = 0.999
26 - INFO - chord#: 30 done. best_score=36.0, changed=524, unchanged=438, early_stops=8/8
26 - INFO - chord#: 32 In build_straw_man_chord_sa. tolerance = 1, sa_iterations = 1000, initial_temperature = 3.0, cooling_rate = 0.999
26 - INFO - chord#: 32 done. best_score=35.0, changed=520, unchanged=377, early_stops=8/8
26 - INFO - chord#: 34 In build_straw_man_chord_sa. tolerance = 1, sa_iterations = 1000, initial_temperature = 3.0, cooling_rate = 0.999
26 - INFO - chord#: 36 done. best_score=145.0, changed=606, unchanged=261, early_stops=8/8
26 - INFO - chord#: 38 In build_straw_man_chord_sa. tolerance = 1, sa_iterations = 1000, initial_temperature = 3.0, cooling_rate = 0.999
26 - INFO - chord#: 38 done. best_score=36.0, changed=523, unchanged=443, early_stops=8/8
26 - INFO - chord#: 39 In build_straw_man_chord_sa. tolerance = 1, sa_iterations = 1000, initial_temperature = 3.0, cooling_rate = 0.999
26 - INFO - chord#: 39 done. best_score=36.0, changed=526, unchanged=419, early_stops=8/8
26 - INFO - chord#: 40 In build_straw_man_chord_sa. tolerance = 1, sa_iterations = 1000, initial_temperature = 3.0, cooling_rate = 0.999
26 - INFO - chord#: 30 done. best_score=36.0, changed=526, unchanged=470, early_stops=8/8
26 - INFO - chord#: 32 In build_straw_man_chord_sa. tolerance = 1, sa_iterations = 1000, initial_temperature = 3.0, cooling_rate = 0.999
26 - INFO - chord#: 30 done. best_score=36.0, changed=513, unchanged=310, early_stops=8/8
26 - INFO - chord#: 32 In build_straw_man_chord_sa. tolerance = 1, sa_iterations = 1000, initial_temperature = 3.0, cooling_rate = 0.999
26 - INFO - chord#: 36 done. best_score=64.0, changed=618, unchanged=365, early_stops=8/8
26 - INFO - chord#: 38 In build_straw_man_chord_sa. tolerance = 1, sa_iterations = 1000, initial_temperature = 3.0, cooling_rate = 0.999
26 - INFO - chord#: 39 done. best_score=27.0, changed=520, unchanged=429, early_stops=8/8
26 - INFO - chord#: 40 In build_straw_man_chord_sa. tolerance = 1, sa_iterations = 1000, initial_temperature = 3.0, cooling_rate = 0.999
26 - INFO - chord#: 38 done. best_score=36.0, changed=517, unchanged=336, early_stops=8/8
26 - INFO - chord#: 39 In build_straw_man_chord_sa. tolerance = 1, sa_iterations = 1000, initial_temperature = 3.0, cooling_rate = 0.999
26 - INFO - chord#: 32 done. best_score=35.0, changed=517, unchanged=423, early_stops=8/8
26 - INFO - chord#: 34 In build_straw_man_chord_sa. tolerance = 1, sa_iterations = 1000, initial_temperature = 3.0, cooling_rate = 0.999
26 - INFO - chord#: 34 done. best_score=36.0, changed=535, unchanged=327, early_stops=8/8
26 - INFO - chord#: 36 In build_straw_man_chord_sa. tolerance = 1, sa_iterations = 1000, initial_temperature = 3.0, cooling_rate = 0.999
26 - INFO - chord#: 39 done. best_score=27.0, changed=520, unchanged=363, early_stops=8/8
26 - INFO - chord#: 40 In build_straw_man_chord_sa. tolerance = 1, sa_iterations = 1000, initial_temperature = 3.0, cooling_rate = 0.999
26 - INFO - chord#: 36 done. best_score=96.0, changed=613, unchanged=312, early_stops=8/8
26 - INFO - chord#: 38 In build_straw_man_chord_sa. tolerance = 1, sa_iterations = 1000, initial_temperature = 3.0, cooling_rate = 0.999
26 - INFO - chord#: 40 done. best_score=27.0, changed=517, unchanged=445, early_stops=8/8
26 - INFO - chord#: 42 In build_straw_man_chord_sa. tolerance = 1, sa_iterations = 1000, initial_temperature = 3.0, cooling_rate = 0.999
26 - INFO - chord#: 36 done. best_score=71.0, changed=613, unchanged=446, early_stops=8/8
26 - INFO - chord#: 38 In build_straw_man_chord_sa. tolerance = 1, sa_iterations = 1000, initial_temperature = 3.0, cooling_rate = 0.999
26 - INFO - chord#: 32 done. best_score=35.0, changed=514, unchanged=303, early_stops=8/8
26 - INFO - chord#: 34 In build_straw_man_chord_sa. tolerance = 1, sa_iterations = 1000, initial_temperature = 3.0, cooling_rate = 0.999
26 - INFO - chord#: 32 done. best_score=37.0, changed=516, unchanged=327, early_stops=8/8
26 - INFO - chord#: 34 In build_straw_man_chord_sa. tolerance = 1, sa_iterations = 1000, initial_temperature = 3.0, cooling_rate = 0.999
26 - INFO - chord#: 38 done. best_score=36.0, changed=528, unchanged=387, early_stops=8/8
26 - INFO - chord#: 39 In build_straw_man_chord_sa. tolerance = 1, sa_iterations = 1000, initial_temperature = 3.0, cooling_rate = 0.999
26 - INFO - chord#: 40 done. best_score=27.0, changed=523, unchanged=450, early_stops=8/8
26 - INFO - chord#: 42 In build_straw_man_chord_sa. tolerance = 1, sa_iterations = 1000, initial_temperature = 3.0, cooling_rate = 0.999
26 - INFO - chord#: 39 done. best_score=27.0, changed=516, unchanged=359, early_stops=8/8
26 - INFO - chord#: 40 In build_straw_man_chord_sa. tolerance = 1, sa_iterations = 1000, initial_temperature = 3.0, cooling_rate = 0.999
26 - INFO - chord#: 34 done. best_score=36.0, changed=536, unchanged=276, early_stops=8/8
26 - INFO - chord#: 36 In build_straw_man_chord_sa. tolerance = 1, sa_iterations = 1000, initial_temperature = 3.0, cooling_rate = 0.999
26 - INFO - chord#: 36 done. best_score=71.0, changed=608, unchanged=262, early_stops=8/8
26 - INFO - chord#: 38 In build_straw_man_chord_sa. tolerance = 1, sa_iterations = 1000, initial_temperature = 3.0, cooling_rate = 0.999
26 - INFO - chord#: 40 done. best_score=27.0, changed=517, unchanged=460, early_stops=8/8
26 - INFO - chord#: 42 In build_straw_man_chord_sa. tolerance = 1, sa_iterations = 1000, initial_temperature = 3.0, cooling_rate = 0.999
26 - INFO - chord#: 38 done. best_score=36.0, changed=520, unchanged=331, early_stops=8/8
26 - INFO - chord#: 39 In build_straw_man_chord_sa. tolerance = 1, sa_iterations = 1000, initial_temperature = 3.0, cooling_rate = 0.999
26 - INFO - chord#: 38 done. best_score=36.0, changed=528, unchanged=382, early_stops=8/8
26 - INFO - chord#: 39 In build_straw_man_chord_sa. tolerance = 1, sa_iterations = 1000, initial_temperature = 3.0, cooling_rate = 0.999
26 - INFO - chord#: 34 done. best_score=36.0, changed=531, unchanged=304, early_stops=8/8
26 - INFO - chord#: 36 In build_straw_man_chord_sa. tolerance = 1, sa_iterations = 1000, initial_temperature = 3.0, cooling_rate = 0.999
26 - INFO - chord#: 34 done. best_score=27.0, changed=517, unchanged=363, early_stops=8/8
26 - INFO - chord#: 36 In build_straw_man_chord_sa. tolerance = 1, sa_iterations = 1000, initial_temperature = 3.0, cooling_rate = 0.999
26 - INFO - chord#: 39 done. best_score=27.0, changed=529, unchanged=424, early_stops=8/8
26 - INFO - chord#: 40 In build_straw_man_chord_sa. tolerance = 1, sa_iterations = 1000, initial_temperature = 3.0, cooling_rate = 0.999
26 - INFO - chord#: 40 done. best_score=27.0, changed=520, unchanged=518, early_stops=8/8
26 - INFO - chord#: 42 In build_straw_man_chord_sa. tolerance = 1, sa_iterations = 1000, initial_temperature = 3.0, cooling_rate = 0.999
26 - INFO - chord#: 38 done. best_score=36.0, changed=536, unchanged=473, early_stops=8/8
26 - INFO - chord#: 39 In build_straw_man_chord_sa. tolerance = 1, sa_iterations = 1000, initial_temperature = 3.0, cooling_rate = 0.999
26 - INFO - chord#: 39 done. best_score=36.0, changed=529, unchanged=442, early_stops=8/8
26 - INFO - chord#: 40 In build_straw_man_chord_sa. tolerance = 1, sa_iterations = 1000, initial_temperature = 3.0, cooling_rate = 0.999
26 - INFO - chord#: 42 done. best_score=145.0, changed=611, unchanged=251, early_stops=8/8
26 - INFO - chord#: 44 In build_straw_man_chord_sa. tolerance = 1, sa_iterations = 1000, initial_temperature = 3.0, cooling_rate = 0.999
26 - INFO - chord#: 39 done. best_score=27.0, changed=527, unchanged=378, early_stops=8/8
26 - INFO - chord#: 40 In build_straw_man_chord_sa. tolerance = 1, sa_iterations = 1000, initial_temperature = 3.0, cooling_rate = 0.999
26 - INFO - chord#: 36 done. best_score=146.0, changed=612, unchanged=319, early_stops=8/8
26 - INFO - chord#: 38 In build_straw_man_chord_sa. tolerance = 1, sa_iterations = 1000, initial_temperature = 3.0, cooling_rate = 0.999
26 - INFO - chord#: 40 done. best_score=36.0, changed=533, unchanged=600, early_stops=8/8
26 - INFO - chord#: 42 In build_straw_man_chord_sa. tolerance = 1, sa_iterations = 1000, initial_temperature = 3.0, cooling_rate = 0.999
26 - INFO - chord#: 42 done. best_score=145.0, changed=611, unchanged=275, early_stops=8/8
26 - INFO - chord#: 44 In build_straw_man_chord_sa. tolerance = 1, sa_iterations = 1000, initial_temperature = 3.0, cooling_rate = 0.999
26 - INFO - chord#: 42 done. best_score=67.0, changed=611, unchanged=501, early_stops=8/8
26 - INFO - chord#: 44 In build_straw_man_chord_sa. tolerance = 1, sa_iterations = 1000, initial_temperature = 3.0, cooling_rate = 0.999
26 - INFO - chord#: 40 done. best_score=27.0, changed=514, unchanged=323, early_stops=8/8
26 - INFO - chord#: 42 In build_straw_man_chord_sa. tolerance = 1, sa_iterations = 1000, initial_temperature = 3.0, cooling_rate = 0.999
26 - INFO - chord#: 44 done. best_score=27.0, changed=526, unchanged=421, early_stops=8/8
26 - INFO - chord#: 48 In build_straw_man_chord_sa. tolerance = 1, sa_iterations = 1000, initial_temperature = 3.0, cooling_rate = 0.999
26 - INFO - chord#: 39 done. best_score=36.0, changed=523, unchanged=335, early_stops=8/8
26 - INFO - chord#: 40 In build_straw_man_chord_sa. tolerance = 1, sa_iterations = 1000, initial_temperature = 3.0, cooling_rate = 0.999
26 - INFO - chord#: 48 done. best_score=9.0, changed=483, unchanged=331, early_stops=8/8
26 - INFO - chord#: 50 In build_straw_man_chord_sa. tolerance = 1, sa_iterations = 1000, initial_temperature = 3.0, cooling_rate = 0.999
26 - INFO - chord#: 38 done. best_score=36.0, changed=519, unchanged=347, early_stops=8/8
26 - INFO - chord#: 39 In build_straw_man_chord_sa. tolerance = 1, sa_iterations = 1000, initial_temperature = 3.0, cooling_rate = 0.999
26 - INFO - chord#: 36 done. best_score=140.0, changed=612, unchanged=390, early_stops=8/8
26 - INFO - chord#: 38 In build_straw_man_chord_sa. tolerance = 1, sa_iterations = 1000, initial_temperature = 3.0, cooling_rate = 0.999
26 - INFO - chord#: 42 done. best_score=137.0, changed=611, unchanged=238, early_stops=8/8
26 - INFO - chord#: 44 In build_straw_man_chord_sa. tolerance = 1, sa_iterations = 1000, initial_temperature = 3.0, cooling_rate = 0.999
26 - INFO - chord#: 40 done. best_score=27.0, changed=529, unchanged=479, early_stops=8/8
26 - INFO - chord#: 42 In build_straw_man_chord_sa. tolerance = 1, sa_iterations = 1000, initial_temperature = 3.0, cooling_rate = 0.999
26 - INFO - chord#: 44 done. best_score=27.0, changed=527, unchanged=322, early_stops=8/8
26 - INFO - chord#: 48 In build_straw_man_chord_sa. tolerance = 1, sa_iterations = 1000, initial_temperature = 3.0, cooling_rate = 0.999
26 - INFO - chord#: 44 done. best_score=27.0, changed=521, unchanged=344, early_stops=8/8
26 - INFO - chord#: 48 In build_straw_man_chord_sa. tolerance = 1, sa_iterations = 1000, initial_temperature = 3.0, cooling_rate = 0.999
26 - INFO - chord#: 48 done. best_score=9.0, changed=488, unchanged=335, early_stops=8/8
26 - INFO - chord#: 50 In build_straw_man_chord_sa. tolerance = 1, sa_iterations = 1000, initial_temperature = 3.0, cooling_rate = 0.999
26 - INFO - chord#: 36 done. best_score=146.0, changed=613, unchanged=318, early_stops=8/8
26 - INFO - chord#: 38 In build_straw_man_chord_sa. tolerance = 1, sa_iterations = 1000, initial_temperature = 3.0, cooling_rate = 0.999
26 - INFO - chord#: 48 done. best_score=9.0, changed=486, unchanged=333, early_stops=8/8
26 - INFO - chord#: 50 In build_straw_man_chord_sa. tolerance = 1, sa_iterations = 1000, initial_temperature = 3.0, cooling_rate = 0.999
26 - INFO - chord#: 36 done. best_score=157.0, changed=614, unchanged=312, early_stops=8/8
26 - INFO - chord#: 38 In build_straw_man_chord_sa. tolerance = 1, sa_iterations = 1000, initial_temperature = 3.0, cooling_rate = 0.999
26 - INFO - chord#: 50 done. best_score=35.0, changed=521, unchanged=439, early_stops=8/8
26 - INFO - chord#: 52 In build_straw_man_chord_sa. tolerance = 1, sa_iterations = 1000, initial_temperature = 3.0, cooling_rate = 0.999
26 - INFO - chord#: 40 done. best_score=27.0, changed=520, unchanged=465, early_stops=8/8
26 - INFO - chord#: 42 In build_straw_man_chord_sa. tolerance = 1, sa_iterations = 1000, initial_temperature = 3.0, cooling_rate = 0.999
26 - INFO - chord#: 39 done. best_score=27.0, changed=520, unchanged=341, early_stops=8/8
26 - INFO - chord#: 40 In build_straw_man_chord_sa. tolerance = 1, sa_iterations = 1000, initial_temperature = 3.0, cooling_rate = 0.999
26 - INFO - chord#: 44 done. best_score=27.0, changed=526, unchanged=482, early_stops=8/8
26 - INFO - chord#: 48 In build_straw_man_chord_sa. tolerance = 1, sa_iterations = 1000, initial_temperature = 3.0, cooling_rate = 0.999
26 - INFO - chord#: 38 done. best_score=36.0, changed=527, unchanged=420, early_stops=8/8
26 - INFO - chord#: 39 In build_straw_man_chord_sa. tolerance = 1, sa_iterations = 1000, initial_temperature = 3.0, cooling_rate = 0.999
26 - INFO - chord#: 42 done. best_score=78.0, changed=613, unchanged=312, early_stops=8/8
26 - INFO - chord#: 44 In build_straw_man_chord_sa. tolerance = 1, sa_iterations = 1000, initial_temperature = 3.0, cooling_rate = 0.999
26 - INFO - chord#: 48 done. best_score=9.0, changed=461, unchanged=345, early_stops=8/8
26 - INFO - chord#: 50 In build_straw_man_chord_sa. tolerance = 1, sa_iterations = 1000, initial_temperature = 3.0, cooling_rate = 0.999
26 - INFO - chord#: 50 done. best_score=35.0, changed=523, unchanged=437, early_stops=8/8
26 - INFO - chord#: 52 In build_straw_man_chord_sa. tolerance = 1, sa_iterations = 1000, initial_temperature = 3.0, cooling_rate = 0.999
26 - INFO - chord#: 38 done. best_score=36.0, changed=519, unchanged=300, early_stops=8/8
26 - INFO - chord#: 39 In build_straw_man_chord_sa. tolerance = 1, sa_iterations = 1000, initial_temperature = 3.0, cooling_rate = 0.999
26 - INFO - chord#: 50 done. best_score=35.0, changed=525, unchanged=410, early_stops=8/8
26 - INFO - chord#: 52 In build_straw_man_chord_sa. tolerance = 1, sa_iterations = 1000, initial_temperature = 3.0, cooling_rate = 0.999
26 - INFO - chord#: 42 done. best_score=137.0, changed=610, unchanged=292, early_stops=8/8
26 - INFO - chord#: 44 In build_straw_man_chord_sa. tolerance = 1, sa_iterations = 1000, initial_temperature = 3.0, cooling_rate = 0.999
26 - INFO - chord#: 52 done. best_score=27.0, changed=517, unchanged=388, early_stops=8/8
26 - INFO - chord#: 54 In build_straw_man_chord_sa. tolerance = 1, sa_iterations = 1000, initial_temperature = 3.0, cooling_rate = 0.999
26 - INFO - chord#: 38 done. best_score=36.0, changed=525, unchanged=386, early_stops=8/8
26 - INFO - chord#: 39 In build_straw_man_chord_sa. tolerance = 1, sa_iterations = 1000, initial_temperature = 3.0, cooling_rate = 0.999
26 - INFO - chord#: 39 done. best_score=27.0, changed=523, unchanged=387, early_stops=8/8
26 - INFO - chord#: 40 In build_straw_man_chord_sa. tolerance = 1, sa_iterations = 1000, initial_temperature = 3.0, cooling_rate = 0.999
26 - INFO - chord#: 40 done. best_score=27.0, changed=519, unchanged=339, early_stops=8/8
26 - INFO - chord#: 42 In build_straw_man_chord_sa. tolerance = 1, sa_iterations = 1000, initial_temperature = 3.0, cooling_rate = 0.999
26 - INFO - chord#: 44 done. best_score=27.0, changed=527, unchanged=396, early_stops=8/8
26 - INFO - chord#: 48 In build_straw_man_chord_sa. tolerance = 1, sa_iterations = 1000, initial_temperature = 3.0, cooling_rate = 0.999
26 - INFO - chord#: 50 done. best_score=35.0, changed=515, unchanged=311, early_stops=8/8
26 - INFO - chord#: 52 In build_straw_man_chord_sa. tolerance = 1, sa_iterations = 1000, initial_temperature = 3.0, cooling_rate = 0.999
26 - INFO - chord#: 44 done. best_score=27.0, changed=525, unchanged=305, early_stops=8/8
26 - INFO - chord#: 48 In build_straw_man_chord_sa. tolerance = 1, sa_iterations = 1000, initial_temperature = 3.0, cooling_rate = 0.999
26 - INFO - chord#: 48 done. best_score=9.0, changed=483, unchanged=326, early_stops=8/8
26 - INFO - chord#: 50 In build_straw_man_chord_sa. tolerance = 1, sa_iterations = 1000, initial_temperature = 3.0, cooling_rate = 0.999
26 - INFO - chord#: 52 done. best_score=27.0, changed=521, unchanged=382, early_stops=8/8
26 - INFO - chord#: 54 In build_straw_man_chord_sa. tolerance = 1, sa_iterations = 1000, initial_temperature = 3.0, cooling_rate = 0.999
26 - INFO - chord#: 42 done. best_score=96.0, changed=608, unchanged=230, early_stops=8/8
26 - INFO - chord#: 44 In build_straw_man_chord_sa. tolerance = 1, sa_iterations = 1000, initial_temperature = 3.0, cooling_rate = 0.999
26 - INFO - chord#: 52 done. best_score=27.0, changed=528, unchanged=441, early_stops=8/8
26 - INFO - chord#: 54 In build_straw_man_chord_sa. tolerance = 1, sa_iterations = 1000, initial_temperature = 3.0, cooling_rate = 0.999
26 - INFO - chord#: 54 done. best_score=27.0, changed=512, unchanged=317, early_stops=8/8
26 - INFO - chord#: 56 In build_straw_man_chord_sa. tolerance = 1, sa_iterations = 1000, initial_temperature = 3.0, cooling_rate = 0.999
26 - INFO - chord#: 48 done. best_score=9.0, changed=471, unchanged=367, early_stops=8/8
26 - INFO - chord#: 50 In build_straw_man_chord_sa. tolerance = 1, sa_iterations = 1000, initial_temperature = 3.0, cooling_rate = 0.999
26 - INFO - chord#: 39 done. best_score=36.0, changed=525, unchanged=427, early_stops=8/8
26 - INFO - chord#: 40 In build_straw_man_chord_sa. tolerance = 1, sa_iterations = 1000, initial_temperature = 3.0, cooling_rate = 0.999
26 - INFO - chord#: 52 done. best_score=27.0, changed=522, unchanged=338, early_stops=8/8
26 - INFO - chord#: 54 In build_straw_man_chord_sa. tolerance = 1, sa_iterations = 1000, initial_temperature = 3.0, cooling_rate = 0.999
26 - INFO - chord#: 39 done. best_score=27.0, changed=523, unchanged=435, early_stops=8/8
26 - INFO - chord#: 40 In build_straw_man_chord_sa. tolerance = 1, sa_iterations = 1000, initial_temperature = 3.0, cooling_rate = 0.999
26 - INFO - chord#: 40 done. best_score=27.0, changed=524, unchanged=464, early_stops=8/8
26 - INFO - chord#: 42 In build_straw_man_chord_sa. tolerance = 1, sa_iterations = 1000, initial_temperature = 3.0, cooling_rate = 0.999
26 - INFO - chord#: 50 done. best_score=35.0, changed=517, unchanged=414, early_stops=8/8
26 - INFO - chord#: 52 In build_straw_man_chord_sa. tolerance = 1, sa_iterations = 1000, initial_temperature = 3.0, cooling_rate = 0.999
26 - INFO - chord#: 44 done. best_score=27.0, changed=516, unchanged=325, early_stops=8/8
26 - INFO - chord#: 48 In build_straw_man_chord_sa. tolerance = 1, sa_iterations = 1000, initial_temperature = 3.0, cooling_rate = 0.999
26 - INFO - chord#: 54 done. best_score=27.0, changed=532, unchanged=550, early_stops=8/8
26 - INFO - chord#: 56 In build_straw_man_chord_sa. tolerance = 1, sa_iterations = 1000, initial_temperature = 3.0, cooling_rate = 0.999
26 - INFO - chord#: 56 done. best_score=27.0, changed=518, unchanged=425, early_stops=8/8
26 - INFO - chord#: 58 In build_straw_man_chord_sa. tolerance = 1, sa_iterations = 1000, initial_temperature = 3.0, cooling_rate = 0.999
26 - INFO - chord#: 50 done. best_score=35.0, changed=513, unchanged=412, early_stops=8/8
26 - INFO - chord#: 52 In build_straw_man_chord_sa. tolerance = 1, sa_iterations = 1000, initial_temperature = 3.0, cooling_rate = 0.999
26 - INFO - chord#: 54 done. best_score=27.0, changed=518, unchanged=398, early_stops=8/8
26 - INFO - chord#: 56 In build_straw_man_chord_sa. tolerance = 1, sa_iterations = 1000, initial_temperature = 3.0, cooling_rate = 0.999
26 - INFO - chord#: 48 done. best_score=9.0, changed=465, unchanged=351, early_stops=8/8
26 - INFO - chord#: 50 In build_straw_man_chord_sa. tolerance = 1, sa_iterations = 1000, initial_temperature = 3.0, cooling_rate = 0.999
26 - INFO - chord#: 42 done. best_score=67.0, changed=618, unchanged=390, early_stops=8/8
26 - INFO - chord#: 44 In build_straw_man_chord_sa. tolerance = 1, sa_iterations = 1000, initial_temperature = 3.0, cooling_rate = 0.999
26 - INFO - chord#: 40 done. best_score=27.0, changed=523, unchanged=472, early_stops=8/8
26 - INFO - chord#: 42 In build_straw_man_chord_sa. tolerance = 1, sa_iterations = 1000, initial_temperature = 3.0, cooling_rate = 0.999
26 - INFO - chord#: 54 done. best_score=27.0, changed=526, unchanged=479, early_stops=8/8
26 - INFO - chord#: 56 In build_straw_man_chord_sa. tolerance = 1, sa_iterations = 1000, initial_temperature = 3.0, cooling_rate = 0.999
26 - INFO - chord#: 52 done. best_score=27.0, changed=527, unchanged=451, early_stops=8/8
26 - INFO - chord#: 54 In build_straw_man_chord_sa. tolerance = 1, sa_iterations = 1000, initial_temperature = 3.0, cooling_rate = 0.999
26 - INFO - chord#: 56 done. best_score=27.0, changed=514, unchanged=358, early_stops=8/8
26 - INFO - chord#: 58 In build_straw_man_chord_sa. tolerance = 1, sa_iterations = 1000, initial_temperature = 3.0, cooling_rate = 0.999
26 - INFO - chord#: 52 done. best_score=27.0, changed=523, unchanged=377, early_stops=8/8
26 - INFO - chord#: 54 In build_straw_man_chord_sa. tolerance = 1, sa_iterations = 1000, initial_temperature = 3.0, cooling_rate = 0.999
26 - INFO - chord#: 40 done. best_score=27.0, changed=522, unchanged=510, early_stops=8/8
26 - INFO - chord#: 42 In build_straw_man_chord_sa. tolerance = 1, sa_iterations = 1000, initial_temperature = 3.0, cooling_rate = 0.999
26 - INFO - chord#: 42 done. best_score=96.0, changed=610, unchanged=356, early_stops=8/8
26 - INFO - chord#: 44 In build_straw_man_chord_sa. tolerance = 1, sa_iterations = 1000, initial_temperature = 3.0, cooling_rate = 0.999
26 - INFO - chord#: 56 done. best_score=27.0, changed=517, unchanged=341, early_stops=8/8
26 - INFO - chord#: 58 In build_straw_man_chord_sa. tolerance = 1, sa_iterations = 1000, initial_temperature = 3.0, cooling_rate = 0.999
26 - INFO - chord#: 44 done. best_score=27.0, changed=517, unchanged=309, early_stops=8/8
26 - INFO - chord#: 48 In build_straw_man_chord_sa. tolerance = 1, sa_iterations = 1000, initial_temperature = 3.0, cooling_rate = 0.999
26 - INFO - chord#: 50 done. best_score=35.0, changed=515, unchanged=382, early_stops=8/8
26 - INFO - chord#: 52 In build_straw_man_chord_sa. tolerance = 1, sa_iterations = 1000, initial_temperature = 3.0, cooling_rate = 0.999
26 - INFO - chord#: 56 done. best_score=27.0, changed=521, unchanged=426, early_stops=8/8
26 - INFO - chord#: 58 In build_straw_man_chord_sa. tolerance = 1, sa_iterations = 1000, initial_temperature = 3.0, cooling_rate = 0.999
26 - INFO - chord#: 48 done. best_score=9.0, changed=475, unchanged=340, early_stops=8/8
26 - INFO - chord#: 50 In build_straw_man_chord_sa. tolerance = 1, sa_iterations = 1000, initial_temperature = 3.0, cooling_rate = 0.999
26 - INFO - chord#: 58 done. best_score=74.0, changed=613, unchanged=231, early_stops=8/8
26 - INFO - chord#: 60 In build_straw_man_chord_sa. tolerance = 1, sa_iterations = 1000, initial_temperature = 3.0, cooling_rate = 0.999
26 - INFO - chord#: 54 done. best_score=27.0, changed=526, unchanged=415, early_stops=8/8
26 - INFO - chord#: 56 In build_straw_man_chord_sa. tolerance = 1, sa_iterations = 1000, initial_temperature = 3.0, cooling_rate = 0.999
26 - INFO - chord#: 54 done. best_score=27.0, changed=513, unchanged=351, early_stops=8/8
26 - INFO - chord#: 56 In build_straw_man_chord_sa. tolerance = 1, sa_iterations = 1000, initial_temperature = 3.0, cooling_rate = 0.999
26 - INFO - chord#: 44 done. best_score=27.0, changed=533, unchanged=506, early_stops=8/8
26 - INFO - chord#: 48 In build_straw_man_chord_sa. tolerance = 1, sa_iterations = 1000, initial_temperature = 3.0, cooling_rate = 0.999
26 - INFO - chord#: 48 done. best_score=9.0, changed=488, unchanged=349, early_stops=8/8
26 - INFO - chord#: 50 In build_straw_man_chord_sa. tolerance = 1, sa_iterations = 1000, initial_temperature = 3.0, cooling_rate = 0.999
26 - INFO - chord#: 60 done. best_score=27.0, changed=511, unchanged=308, early_stops=8/8
26 - INFO - chord#: 62 In build_straw_man_chord_sa. tolerance = 1, sa_iterations = 1000, initial_temperature = 3.0, cooling_rate = 0.999
26 - INFO - chord#: 52 done. best_score=27.0, changed=523, unchanged=324, early_stops=8/8
26 - INFO - chord#: 54 In build_straw_man_chord_sa. tolerance = 1, sa_iterations = 1000, initial_temperature = 3.0, cooling_rate = 0.999
26 - INFO - chord#: 42 done. best_score=67.0, changed=619, unchanged=393, early_stops=8/8
26 - INFO - chord#: 44 In build_straw_man_chord_sa. tolerance = 1, sa_iterations = 1000, initial_temperature = 3.0, cooling_rate = 0.999
26 - INFO - chord#: 56 done. best_score=27.0, changed=516, unchanged=393, early_stops=8/8
26 - INFO - chord#: 58 In build_straw_man_chord_sa. tolerance = 1, sa_iterations = 1000, initial_temperature = 3.0, cooling_rate = 0.999
26 - INFO - chord#: 56 done. best_score=27.0, changed=527, unchanged=410, early_stops=8/8
26 - INFO - chord#: 58 In build_straw_man_chord_sa. tolerance = 1, sa_iterations = 1000, initial_temperature = 3.0, cooling_rate = 0.999
26 - INFO - chord#: 58 done. best_score=74.0, changed=610, unchanged=319, early_stops=8/8
26 - INFO - chord#: 60 In build_straw_man_chord_sa. tolerance = 1, sa_iterations = 1000, initial_temperature = 3.0, cooling_rate = 0.999
26 - INFO - chord#: 50 done. best_score=35.0, changed=519, unchanged=484, early_stops=8/8
26 - INFO - chord#: 52 In build_straw_man_chord_sa. tolerance = 1, sa_iterations = 1000, initial_temperature = 3.0, cooling_rate = 0.999
26 - INFO - chord#: 50 done. best_score=35.0, changed=522, unchanged=440, early_stops=8/8
26 - INFO - chord#: 52 In build_straw_man_chord_sa. tolerance = 1, sa_iterations = 1000, initial_temperature = 3.0, cooling_rate = 0.999
26 - INFO - chord#: 42 done. best_score=67.0, changed=611, unchanged=397, early_stops=8/8
26 - INFO - chord#: 44 In build_straw_man_chord_sa. tolerance = 1, sa_iterations = 1000, initial_temperature = 3.0, cooling_rate = 0.999
26 - INFO - chord#: 58 done. best_score=121.0, changed=609, unchanged=290, early_stops=8/8
26 - INFO - chord#: 60 In build_straw_man_chord_sa. tolerance = 1, sa_iterations = 1000, initial_temperature = 3.0, cooling_rate = 0.999
26 - INFO - chord#: 58 done. best_score=96.0, changed=609, unchanged=350, early_stops=8/8
26 - INFO - chord#: 60 In build_straw_man_chord_sa. tolerance = 1, sa_iterations = 1000, initial_temperature = 3.0, cooling_rate = 0.999
26 - INFO - chord#: 42 done. best_score=96.0, changed=612, unchanged=335, early_stops=8/8
26 - INFO - chord#: 44 In build_straw_man_chord_sa. tolerance = 1, sa_iterations = 1000, initial_temperature = 3.0, cooling_rate = 0.999
26 - INFO - chord#: 44 done. best_score=27.0, changed=528, unchanged=406, early_stops=8/8
26 - INFO - chord#: 48 In build_straw_man_chord_sa. tolerance = 1, sa_iterations = 1000, initial_temperature = 3.0, cooling_rate = 0.999
26 - INFO - chord#: 60 done. best_score=27.0, changed=526, unchanged=360, early_stops=8/8
26 - INFO - chord#: 62 In build_straw_man_chord_sa. tolerance = 1, sa_iterations = 1000, initial_temperature = 3.0, cooling_rate = 0.999
26 - INFO - chord#: 54 done. best_score=27.0, changed=521, unchanged=477, early_stops=8/8
26 - INFO - chord#: 56 In build_straw_man_chord_sa. tolerance = 1, sa_iterations = 1000, initial_temperature = 3.0, cooling_rate = 0.999
26 - INFO - chord#: 48 done. best_score=9.0, changed=470, unchanged=348, early_stops=8/8
26 - INFO - chord#: 50 In build_straw_man_chord_sa. tolerance = 1, sa_iterations = 1000, initial_temperature = 3.0, cooling_rate = 0.999
26 - INFO - chord#: 52 done. best_score=27.0, changed=527, unchanged=507, early_stops=8/8
26 - INFO - chord#: 54 In build_straw_man_chord_sa. tolerance = 1, sa_iterations = 1000, initial_temperature = 3.0, cooling_rate = 0.999
26 - INFO - chord#: 62 done. best_score=70.0, changed=608, unchanged=231, early_stops=8/8
26 - INFO - chord#: 64 In build_straw_man_chord_sa. tolerance = 1, sa_iterations = 1000, initial_temperature = 3.0, cooling_rate = 0.999
26 - INFO - chord#: 52 done. best_score=27.0, changed=517, unchanged=408, early_stops=8/8
26 - INFO - chord#: 54 In build_straw_man_chord_sa. tolerance = 1, sa_iterations = 1000, initial_temperature = 3.0, cooling_rate = 0.999
26 - INFO - chord#: 60 done. best_score=27.0, changed=524, unchanged=295, early_stops=8/8
26 - INFO - chord#: 62 In build_straw_man_chord_sa. tolerance = 1, sa_iterations = 1000, initial_temperature = 3.0, cooling_rate = 0.999
26 - INFO - chord#: 60 done. best_score=27.0, changed=525, unchanged=325, early_stops=8/8
26 - INFO - chord#: 62 In build_straw_man_chord_sa. tolerance = 1, sa_iterations = 1000, initial_temperature = 3.0, cooling_rate = 0.999
26 - INFO - chord#: 44 done. best_score=27.0, changed=531, unchanged=371, early_stops=8/8
26 - INFO - chord#: 48 In build_straw_man_chord_sa. tolerance = 1, sa_iterations = 1000, initial_temperature = 3.0, cooling_rate = 0.999
26 - INFO - chord#: 44 done. best_score=27.0, changed=526, unchanged=425, early_stops=8/8
26 - INFO - chord#: 54 done. best_score=27.0, changed=528, unchanged=408, early_stops=8/8
26 - INFO - chord#: 48 In build_straw_man_chord_sa. tolerance = 1, sa_iterations = 1000, initial_temperature = 3.0, cooling_rate = 0.999
26 - INFO - chord#: 56 In build_straw_man_chord_sa. tolerance = 1, sa_iterations = 1000, initial_temperature = 3.0, cooling_rate = 0.999
26 - INFO - chord#: 48 done. best_score=9.0, changed=480, unchanged=347, early_stops=8/8
26 - INFO - chord#: 50 In build_straw_man_chord_sa. tolerance = 1, sa_iterations = 1000, initial_temperature = 3.0, cooling_rate = 0.999
26 - INFO - chord#: 58 done. best_score=172.0, changed=603, unchanged=206, early_stops=8/8
26 - INFO - chord#: 60 In build_straw_man_chord_sa. tolerance = 1, sa_iterations = 1000, initial_temperature = 3.0, cooling_rate = 0.999
26 - INFO - chord#: 56 done. best_score=27.0, changed=528, unchanged=520, early_stops=8/8
26 - INFO - chord#: 58 In build_straw_man_chord_sa. tolerance = 1, sa_iterations = 1000, initial_temperature = 3.0, cooling_rate = 0.999
26 - INFO - chord#: 48 done. best_score=9.0, changed=475, unchanged=338, early_stops=8/8
26 - INFO - chord#: 50 In build_straw_man_chord_sa. tolerance = 1, sa_iterations = 1000, initial_temperature = 3.0, cooling_rate = 0.999
26 - INFO - chord#: 54 done. best_score=27.0, changed=523, unchanged=420, early_stops=8/8
26 - INFO - chord#: 56 In build_straw_man_chord_sa. tolerance = 1, sa_iterations = 1000, initial_temperature = 3.0, cooling_rate = 0.999
26 - INFO - chord#: 64 done. best_score=27.0, changed=523, unchanged=540, early_stops=8/8
26 - INFO - chord#: 68 In build_straw_man_chord_sa. tolerance = 1, sa_iterations = 1000, initial_temperature = 3.0, cooling_rate = 0.999
26 - INFO - chord#: 50 done. best_score=35.0, changed=523, unchanged=424, early_stops=8/8
26 - INFO - chord#: 52 In build_straw_man_chord_sa. tolerance = 1, sa_iterations = 1000, initial_temperature = 3.0, cooling_rate = 0.999
26 - INFO - chord#: 58 done. best_score=121.0, changed=610, unchanged=270, early_stops=8/8
26 - INFO - chord#: 60 In build_straw_man_chord_sa. tolerance = 1, sa_iterations = 1000, initial_temperature = 3.0, cooling_rate = 0.999
26 - INFO - chord#: 56 done. best_score=27.0, changed=513, unchanged=426, early_stops=8/8
26 - INFO - chord#: 58 In build_straw_man_chord_sa. tolerance = 1, sa_iterations = 1000, initial_temperature = 3.0, cooling_rate = 0.999
26 - INFO - chord#: 62 done. best_score=70.0, changed=611, unchanged=382, early_stops=8/8
26 - INFO - chord#: 64 In build_straw_man_chord_sa. tolerance = 1, sa_iterations = 1000, initial_temperature = 3.0, cooling_rate = 0.999
26 - INFO - chord#: 60 done. best_score=27.0, changed=529, unchanged=305, early_stops=8/8
26 - INFO - chord#: 62 In build_straw_man_chord_sa. tolerance = 1, sa_iterations = 1000, initial_temperature = 3.0, cooling_rate = 0.999
26 - INFO - chord#: 50 done. best_score=35.0, changed=518, unchanged=355, early_stops=8/8
26 - INFO - chord#: 52 In build_straw_man_chord_sa. tolerance = 1, sa_iterations = 1000, initial_temperature = 3.0, cooling_rate = 0.999
26 - INFO - chord#: 56 done. best_score=36.0, changed=517, unchanged=334, early_stops=8/8
26 - INFO - chord#: 58 In build_straw_man_chord_sa. tolerance = 1, sa_iterations = 1000, initial_temperature = 3.0, cooling_rate = 0.999
26 - INFO - chord#: 68 done. best_score=27.0, changed=521, unchanged=402, early_stops=8/8
26 - INFO - chord#: 70 In build_straw_man_chord_sa. tolerance = 1, sa_iterations = 1000, initial_temperature = 3.0, cooling_rate = 0.999
26 - INFO - chord#: 60 done. best_score=27.0, changed=522, unchanged=318, early_stops=8/8
26 - INFO - chord#: 62 In build_straw_man_chord_sa. tolerance = 1, sa_iterations = 1000, initial_temperature = 3.0, cooling_rate = 0.999
26 - INFO - chord#: 62 done. best_score=75.0, changed=619, unchanged=368, early_stops=8/8
26 - INFO - chord#: 64 In build_straw_man_chord_sa. tolerance = 1, sa_iterations = 1000, initial_temperature = 3.0, cooling_rate = 0.999
26 - INFO - chord#: 62 done. best_score=70.0, changed=614, unchanged=402, early_stops=8/8
26 - INFO - chord#: 64 In build_straw_man_chord_sa. tolerance = 1, sa_iterations = 1000, initial_temperature = 3.0, cooling_rate = 0.999
26 - INFO - chord#: 52 done. best_score=27.0, changed=521, unchanged=405, early_stops=8/8
26 - INFO - chord#: 54 In build_straw_man_chord_sa. tolerance = 1, sa_iterations = 1000, initial_temperature = 3.0, cooling_rate = 0.999
26 - INFO - chord#: 50 done. best_score=35.0, changed=525, unchanged=606, early_stops=8/8
26 - INFO - chord#: 52 In build_straw_man_chord_sa. tolerance = 1, sa_iterations = 1000, initial_temperature = 3.0, cooling_rate = 0.999
26 - INFO - chord#: 64 done. best_score=27.0, changed=524, unchanged=470, early_stops=8/8
26 - INFO - chord#: 68 In build_straw_man_chord_sa. tolerance = 1, sa_iterations = 1000, initial_temperature = 3.0, cooling_rate = 0.999
26 - INFO - chord#: 52 done. best_score=27.0, changed=517, unchanged=408, early_stops=8/8
26 - INFO - chord#: 54 In build_straw_man_chord_sa. tolerance = 1, sa_iterations = 1000, initial_temperature = 3.0, cooling_rate = 0.999
26 - INFO - chord#: 64 done. best_score=27.0, changed=518, unchanged=377, early_stops=8/8
26 - INFO - chord#: 68 In build_straw_man_chord_sa. tolerance = 1, sa_iterations = 1000, initial_temperature = 3.0, cooling_rate = 0.999
26 - INFO - chord#: 58 done. best_score=179.0, changed=609, unchanged=228, early_stops=8/8
26 - INFO - chord#: 60 In build_straw_man_chord_sa. tolerance = 1, sa_iterations = 1000, initial_temperature = 3.0, cooling_rate = 0.999
26 - INFO - chord#: 64 done. best_score=27.0, changed=523, unchanged=452, early_stops=8/8
26 - INFO - chord#: 68 In build_straw_man_chord_sa. tolerance = 1, sa_iterations = 1000, initial_temperature = 3.0, cooling_rate = 0.999
26 - INFO - chord#: 58 done. best_score=168.0, changed=610, unchanged=282, early_stops=8/8
26 - INFO - chord#: 60 In build_straw_man_chord_sa. tolerance = 1, sa_iterations = 1000, initial_temperature = 3.0, cooling_rate = 0.999
26 - INFO - chord#: 54 done. best_score=27.0, changed=531, unchanged=417, early_stops=8/8
26 - INFO - chord#: 56 In build_straw_man_chord_sa. tolerance = 1, sa_iterations = 1000, initial_temperature = 3.0, cooling_rate = 0.999
26 - INFO - chord#: 68 done. best_score=27.0, changed=523, unchanged=407, early_stops=8/8
26 - INFO - chord#: 70 In build_straw_man_chord_sa. tolerance = 1, sa_iterations = 1000, initial_temperature = 3.0, cooling_rate = 0.999
26 - INFO - chord#: 52 done. best_score=27.0, changed=527, unchanged=360, early_stops=8/8
26 - INFO - chord#: 54 In build_straw_man_chord_sa. tolerance = 1, sa_iterations = 1000, initial_temperature = 3.0, cooling_rate = 0.999
26 - INFO - chord#: 58 done. best_score=184.0, changed=612, unchanged=294, early_stops=8/8
26 - INFO - chord#: 60 In build_straw_man_chord_sa. tolerance = 1, sa_iterations = 1000, initial_temperature = 3.0, cooling_rate = 0.999
26 - INFO - chord#: 70 done. best_score=70.0, changed=613, unchanged=264, early_stops=8/8
26 - INFO - chord#: 72 In build_straw_man_chord_sa. tolerance = 1, sa_iterations = 1000, initial_temperature = 3.0, cooling_rate = 0.999
26 - INFO - chord#: 68 done. best_score=27.0, changed=520, unchanged=419, early_stops=8/8
26 - INFO - chord#: 70 In build_straw_man_chord_sa. tolerance = 1, sa_iterations = 1000, initial_temperature = 3.0, cooling_rate = 0.999
26 - INFO - chord#: 54 done. best_score=27.0, changed=521, unchanged=420, early_stops=8/8
26 - INFO - chord#: 56 In build_straw_man_chord_sa. tolerance = 1, sa_iterations = 1000, initial_temperature = 3.0, cooling_rate = 0.999
26 - INFO - chord#: 60 done. best_score=57.0, changed=531, unchanged=361, early_stops=8/8
26 - INFO - chord#: 62 In build_straw_man_chord_sa. tolerance = 1, sa_iterations = 1000, initial_temperature = 3.0, cooling_rate = 0.999
26 - INFO - chord#: 60 done. best_score=27.0, changed=529, unchanged=321, early_stops=8/8
26 - INFO - chord#: 62 In build_straw_man_chord_sa. tolerance = 1, sa_iterations = 1000, initial_temperature = 3.0, cooling_rate = 0.999
26 - INFO - chord#: 68 done. best_score=27.0, changed=521, unchanged=427, early_stops=8/8
26 - INFO - chord#: 70 In build_straw_man_chord_sa. tolerance = 1, sa_iterations = 1000, initial_temperature = 3.0, cooling_rate = 0.999
26 - INFO - chord#: 62 done. best_score=75.0, changed=612, unchanged=363, early_stops=8/8
26 - INFO - chord#: 64 In build_straw_man_chord_sa. tolerance = 1, sa_iterations = 1000, initial_temperature = 3.0, cooling_rate = 0.999
26 - INFO - chord#: 62 done. best_score=70.0, changed=610, unchanged=268, early_stops=8/8
26 - INFO - chord#: 64 In build_straw_man_chord_sa. tolerance = 1, sa_iterations = 1000, initial_temperature = 3.0, cooling_rate = 0.999
26 - INFO - chord#: 60 done. best_score=27.0, changed=524, unchanged=318, early_stops=8/8
26 - INFO - chord#: 62 In build_straw_man_chord_sa. tolerance = 1, sa_iterations = 1000, initial_temperature = 3.0, cooling_rate = 0.999
26 - INFO - chord#: 54 done. best_score=27.0, changed=516, unchanged=347, early_stops=8/8
26 - INFO - chord#: 56 In build_straw_man_chord_sa. tolerance = 1, sa_iterations = 1000, initial_temperature = 3.0, cooling_rate = 0.999
26 - INFO - chord#: 56 done. best_score=27.0, changed=526, unchanged=461, early_stops=8/8
26 - INFO - chord#: 58 In build_straw_man_chord_sa. tolerance = 1, sa_iterations = 1000, initial_temperature = 3.0, cooling_rate = 0.999
26 - INFO - chord#: 72 done. best_score=27.0, changed=526, unchanged=403, early_stops=8/8
26 - INFO - chord#: 74 In build_straw_man_chord_sa. tolerance = 1, sa_iterations = 1000, initial_temperature = 3.0, cooling_rate = 0.999
26 - INFO - chord#: 56 done. best_score=27.0, changed=521, unchanged=504, early_stops=8/8
26 - INFO - chord#: 58 In build_straw_man_chord_sa. tolerance = 1, sa_iterations = 1000, initial_temperature = 3.0, cooling_rate = 0.999
26 - INFO - chord#: 64 done. best_score=27.0, changed=515, unchanged=369, early_stops=8/8
26 - INFO - chord#: 68 In build_straw_man_chord_sa. tolerance = 1, sa_iterations = 1000, initial_temperature = 3.0, cooling_rate = 0.999
26 - INFO - chord#: 64 done. best_score=27.0, changed=519, unchanged=459, early_stops=8/8
26 - INFO - chord#: 68 In build_straw_man_chord_sa. tolerance = 1, sa_iterations = 1000, initial_temperature = 3.0, cooling_rate = 0.999
26 - INFO - chord#: 70 done. best_score=111.0, changed=611, unchanged=311, early_stops=8/8
26 - INFO - chord#: 72 In build_straw_man_chord_sa. tolerance = 1, sa_iterations = 1000, initial_temperature = 3.0, cooling_rate = 0.999
26 - INFO - chord#: 56 done. best_score=27.0, changed=517, unchanged=323, early_stops=8/8
26 - INFO - chord#: 58 In build_straw_man_chord_sa. tolerance = 1, sa_iterations = 1000, initial_temperature = 3.0, cooling_rate = 0.999
26 - INFO - chord#: 70 done. best_score=70.0, changed=615, unchanged=312, early_stops=8/8
26 - INFO - chord#: 72 In build_straw_man_chord_sa. tolerance = 1, sa_iterations = 1000, initial_temperature = 3.0, cooling_rate = 0.999
26 - INFO - chord#: 62 done. best_score=104.0, changed=607, unchanged=222, early_stops=8/8
26 - INFO - chord#: 64 In build_straw_man_chord_sa. tolerance = 1, sa_iterations = 1000, initial_temperature = 3.0, cooling_rate = 0.999
26 - INFO - chord#: 70 done. best_score=70.0, changed=613, unchanged=420, early_stops=8/8
26 - INFO - chord#: 72 In build_straw_man_chord_sa. tolerance = 1, sa_iterations = 1000, initial_temperature = 3.0, cooling_rate = 0.999
26 - INFO - chord#: 72 done. best_score=27.0, changed=526, unchanged=329, early_stops=8/8
26 - INFO - chord#: 74 In build_straw_man_chord_sa. tolerance = 1, sa_iterations = 1000, initial_temperature = 3.0, cooling_rate = 0.999
26 - INFO - chord#: 62 done. best_score=75.0, changed=619, unchanged=445, early_stops=8/8
26 - INFO - chord#: 64 In build_straw_man_chord_sa. tolerance = 1, sa_iterations = 1000, initial_temperature = 3.0, cooling_rate = 0.999
26 - INFO - chord#: 68 done. best_score=27.0, changed=520, unchanged=433, early_stops=8/8
26 - INFO - chord#: 70 In build_straw_man_chord_sa. tolerance = 1, sa_iterations = 1000, initial_temperature = 3.0, cooling_rate = 0.999
26 - INFO - chord#: 68 done. best_score=27.0, changed=517, unchanged=360, early_stops=8/8
26 - INFO - chord#: 70 In build_straw_man_chord_sa. tolerance = 1, sa_iterations = 1000, initial_temperature = 3.0, cooling_rate = 0.999
26 - INFO - chord#: 74 done. best_score=97.0, changed=614, unchanged=315, early_stops=8/8
26 - INFO - chord#: 76 In build_straw_man_chord_sa. tolerance = 1, sa_iterations = 1000, initial_temperature = 3.0, cooling_rate = 0.999
26 - INFO - chord#: 62 done. best_score=70.0, changed=615, unchanged=383, early_stops=8/8
26 - INFO - chord#: 64 In build_straw_man_chord_sa. tolerance = 1, sa_iterations = 1000, initial_temperature = 3.0, cooling_rate = 0.999
26 - INFO - chord#: 72 done. best_score=27.0, changed=536, unchanged=447, early_stops=8/8
26 - INFO - chord#: 74 In build_straw_man_chord_sa. tolerance = 1, sa_iterations = 1000, initial_temperature = 3.0, cooling_rate = 0.999
26 - INFO - chord#: 64 done. best_score=27.0, changed=519, unchanged=385, early_stops=8/8
26 - INFO - chord#: 68 In build_straw_man_chord_sa. tolerance = 1, sa_iterations = 1000, initial_temperature = 3.0, cooling_rate = 0.999
26 - INFO - chord#: 72 done. best_score=27.0, changed=530, unchanged=351, early_stops=8/8
26 - INFO - chord#: 74 In build_straw_man_chord_sa. tolerance = 1, sa_iterations = 1000, initial_temperature = 3.0, cooling_rate = 0.999
26 - INFO - chord#: 58 done. best_score=164.0, changed=615, unchanged=357, early_stops=8/8
26 - INFO - chord#: 60 In build_straw_man_chord_sa. tolerance = 1, sa_iterations = 1000, initial_temperature = 3.0, cooling_rate = 0.999
26 - INFO - chord#: 64 done. best_score=27.0, changed=518, unchanged=367, early_stops=8/8
26 - INFO - chord#: 68 In build_straw_man_chord_sa. tolerance = 1, sa_iterations = 1000, initial_temperature = 3.0, cooling_rate = 0.999
26 - INFO - chord#: 76 done. best_score=31.0, changed=518, unchanged=312, early_stops=8/8
26 - INFO - chord#: 78 In build_straw_man_chord_sa. tolerance = 1, sa_iterations = 1000, initial_temperature = 3.0, cooling_rate = 0.999
26 - INFO - chord#: 58 done. best_score=74.0, changed=608, unchanged=239, early_stops=8/8
26 - INFO - chord#: 60 In build_straw_man_chord_sa. tolerance = 1, sa_iterations = 1000, initial_temperature = 3.0, cooling_rate = 0.999
26 - INFO - chord#: 68 done. best_score=27.0, changed=523, unchanged=376, early_stops=8/8
26 - INFO - chord#: 70 In build_straw_man_chord_sa. tolerance = 1, sa_iterations = 1000, initial_temperature = 3.0, cooling_rate = 0.999
26 - INFO - chord#: 64 done. best_score=27.0, changed=524, unchanged=439, early_stops=8/8
26 - INFO - chord#: 68 In build_straw_man_chord_sa. tolerance = 1, sa_iterations = 1000, initial_temperature = 3.0, cooling_rate = 0.999
26 - INFO - chord#: 74 done. best_score=162.0, changed=610, unchanged=205, early_stops=8/8
26 - INFO - chord#: 76 In build_straw_man_chord_sa. tolerance = 1, sa_iterations = 1000, initial_temperature = 3.0, cooling_rate = 0.999
26 - INFO - chord#: 68 done. best_score=27.0, changed=524, unchanged=392, early_stops=8/8
26 - INFO - chord#: 70 In build_straw_man_chord_sa. tolerance = 1, sa_iterations = 1000, initial_temperature = 3.0, cooling_rate = 0.999
26 - INFO - chord#: 60 done. best_score=27.0, changed=520, unchanged=426, early_stops=8/8
26 - INFO - chord#: 62 In build_straw_man_chord_sa. tolerance = 1, sa_iterations = 1000, initial_temperature = 3.0, cooling_rate = 0.999
26 - INFO - chord#: 78 done. best_score=27.0, changed=518, unchanged=413, early_stops=8/8
26 - INFO - chord#: 79 In build_straw_man_chord_sa. tolerance = 1, sa_iterations = 1000, initial_temperature = 3.0, cooling_rate = 0.999
26 - INFO - chord#: 60 done. best_score=27.0, changed=525, unchanged=314, early_stops=8/8
26 - INFO - chord#: 62 In build_straw_man_chord_sa. tolerance = 1, sa_iterations = 1000, initial_temperature = 3.0, cooling_rate = 0.999
26 - INFO - chord#: 58 done. best_score=96.0, changed=618, unchanged=450, early_stops=8/8
26 - INFO - chord#: 60 In build_straw_man_chord_sa. tolerance = 1, sa_iterations = 1000, initial_temperature = 3.0, cooling_rate = 0.999
26 - INFO - chord#: 74 done. best_score=82.0, changed=610, unchanged=266, early_stops=8/8
26 - INFO - chord#: 76 In build_straw_man_chord_sa. tolerance = 1, sa_iterations = 1000, initial_temperature = 3.0, cooling_rate = 0.999
26 - INFO - chord#: 70 done. best_score=70.0, changed=610, unchanged=263, early_stops=8/8
26 - INFO - chord#: 72 In build_straw_man_chord_sa. tolerance = 1, sa_iterations = 1000, initial_temperature = 3.0, cooling_rate = 0.999
26 - INFO - chord#: 76 done. best_score=31.0, changed=527, unchanged=323, early_stops=8/8
26 - INFO - chord#: 78 In build_straw_man_chord_sa. tolerance = 1, sa_iterations = 1000, initial_temperature = 3.0, cooling_rate = 0.999
26 - INFO - chord#: 70 done. best_score=70.0, changed=615, unchanged=392, early_stops=8/8
26 - INFO - chord#: 72 In build_straw_man_chord_sa. tolerance = 1, sa_iterations = 1000, initial_temperature = 3.0, cooling_rate = 0.999
26 - INFO - chord#: 68 done. best_score=27.0, changed=519, unchanged=449, early_stops=8/8
26 - INFO - chord#: 70 In build_straw_man_chord_sa. tolerance = 1, sa_iterations = 1000, initial_temperature = 3.0, cooling_rate = 0.999
26 - INFO - chord#: 74 done. best_score=97.0, changed=613, unchanged=392, early_stops=8/8
26 - INFO - chord#: 76 In build_straw_man_chord_sa. tolerance = 1, sa_iterations = 1000, initial_temperature = 3.0, cooling_rate = 0.999
26 - INFO - chord#: 76 done. best_score=31.0, changed=528, unchanged=465, early_stops=8/8
26 - INFO - chord#: 78 In build_straw_man_chord_sa. tolerance = 1, sa_iterations = 1000, initial_temperature = 3.0, cooling_rate = 0.999
26 - INFO - chord#: 60 done. best_score=27.0, changed=528, unchanged=407, early_stops=8/8
26 - INFO - chord#: 62 In build_straw_man_chord_sa. tolerance = 1, sa_iterations = 1000, initial_temperature = 3.0, cooling_rate = 0.999
26 - INFO - chord#: 78 done. best_score=27.0, changed=516, unchanged=463, early_stops=8/8
26 - INFO - chord#: 79 In build_straw_man_chord_sa. tolerance = 1, sa_iterations = 1000, initial_temperature = 3.0, cooling_rate = 0.999
26 - INFO - chord#: 70 done. best_score=70.0, changed=615, unchanged=329, early_stops=8/8
26 - INFO - chord#: 72 In build_straw_man_chord_sa. tolerance = 1, sa_iterations = 1000, initial_temperature = 3.0, cooling_rate = 0.999
26 - INFO - chord#: 72 done. best_score=27.0, changed=527, unchanged=376, early_stops=8/8
26 - INFO - chord#: 74 In build_straw_man_chord_sa. tolerance = 1, sa_iterations = 1000, initial_temperature = 3.0, cooling_rate = 0.999
26 - INFO - chord#: 72 done. best_score=27.0, changed=523, unchanged=326, early_stops=8/8
26 - INFO - chord#: 74 In build_straw_man_chord_sa. tolerance = 1, sa_iterations = 1000, initial_temperature = 3.0, cooling_rate = 0.999
26 - INFO - chord#: 70 done. best_score=111.0, changed=613, unchanged=318, early_stops=8/8
26 - INFO - chord#: 72 In build_straw_man_chord_sa. tolerance = 1, sa_iterations = 1000, initial_temperature = 3.0, cooling_rate = 0.999
26 - INFO - chord#: 76 done. best_score=31.0, changed=538, unchanged=458, early_stops=8/8
26 - INFO - chord#: 78 In build_straw_man_chord_sa. tolerance = 1, sa_iterations = 1000, initial_temperature = 3.0, cooling_rate = 0.999
26 - INFO - chord#: 79 done. best_score=67.0, changed=614, unchanged=300, early_stops=8/8
26 - INFO - chord#: 80 In build_straw_man_chord_sa. tolerance = 1, sa_iterations = 1000, initial_temperature = 3.0, cooling_rate = 0.999
26 - INFO - chord#: 78 done. best_score=27.0, changed=525, unchanged=554, early_stops=8/8
26 - INFO - chord#: 79 In build_straw_man_chord_sa. tolerance = 1, sa_iterations = 1000, initial_temperature = 3.0, cooling_rate = 0.999
26 - INFO - chord#: 72 done. best_score=27.0, changed=533, unchanged=314, early_stops=8/8
26 - INFO - chord#: 74 In build_straw_man_chord_sa. tolerance = 1, sa_iterations = 1000, initial_temperature = 3.0, cooling_rate = 0.999
26 - INFO - chord#: 72 done. best_score=27.0, changed=516, unchanged=312, early_stops=8/8
26 - INFO - chord#: 74 In build_straw_man_chord_sa. tolerance = 1, sa_iterations = 1000, initial_temperature = 3.0, cooling_rate = 0.999
26 - INFO - chord#: 62 done. best_score=75.0, changed=612, unchanged=458, early_stops=8/8
26 - INFO - chord#: 64 In build_straw_man_chord_sa. tolerance = 1, sa_iterations = 1000, initial_temperature = 3.0, cooling_rate = 0.999
26 - INFO - chord#: 78 done. best_score=27.0, changed=518, unchanged=415, early_stops=8/8
26 - INFO - chord#: 79 In build_straw_man_chord_sa. tolerance = 1, sa_iterations = 1000, initial_temperature = 3.0, cooling_rate = 0.999
26 - INFO - chord#: 62 done. best_score=75.0, changed=614, unchanged=422, early_stops=8/8
26 - INFO - chord#: 64 In build_straw_man_chord_sa. tolerance = 1, sa_iterations = 1000, initial_temperature = 3.0, cooling_rate = 0.999
26 - INFO - chord#: 70 done. best_score=70.0, changed=617, unchanged=320, early_stops=8/8
26 - INFO - chord#: 72 In build_straw_man_chord_sa. tolerance = 1, sa_iterations = 1000, initial_temperature = 3.0, cooling_rate = 0.999
26 - INFO - chord#: 79 done. best_score=67.0, changed=609, unchanged=300, early_stops=8/8
26 - INFO - chord#: 80 In build_straw_man_chord_sa. tolerance = 1, sa_iterations = 1000, initial_temperature = 3.0, cooling_rate = 0.999
26 - INFO - chord#: 62 done. best_score=104.0, changed=612, unchanged=334, early_stops=8/8
26 - INFO - chord#: 64 In build_straw_man_chord_sa. tolerance = 1, sa_iterations = 1000, initial_temperature = 3.0, cooling_rate = 0.999
26 - INFO - chord#: 79 done. best_score=67.0, changed=607, unchanged=221, early_stops=8/8
26 - INFO - chord#: 80 In build_straw_man_chord_sa. tolerance = 1, sa_iterations = 1000, initial_temperature = 3.0, cooling_rate = 0.999
26 - INFO - chord#: 64 done. best_score=27.0, changed=515, unchanged=427, early_stops=8/8
26 - INFO - chord#: 68 In build_straw_man_chord_sa. tolerance = 1, sa_iterations = 1000, initial_temperature = 3.0, cooling_rate = 0.999
26 - INFO - chord#: 64 done. best_score=27.0, changed=521, unchanged=342, early_stops=8/8
26 - INFO - chord#: 68 In build_straw_man_chord_sa. tolerance = 1, sa_iterations = 1000, initial_temperature = 3.0, cooling_rate = 0.999
26 - INFO - chord#: 80 done. best_score=97.0, changed=613, unchanged=395, early_stops=8/8
26 - INFO - chord#: 82 In build_straw_man_chord_sa. tolerance = 1, sa_iterations = 1000, initial_temperature = 3.0, cooling_rate = 0.999
26 - INFO - chord#: 74 done. best_score=97.0, changed=611, unchanged=367, early_stops=8/8
26 - INFO - chord#: 76 In build_straw_man_chord_sa. tolerance = 1, sa_iterations = 1000, initial_temperature = 3.0, cooling_rate = 0.999
26 - INFO - chord#: 74 done. best_score=82.0, changed=611, unchanged=349, early_stops=8/8
26 - INFO - chord#: 76 In build_straw_man_chord_sa. tolerance = 1, sa_iterations = 1000, initial_temperature = 3.0, cooling_rate = 0.999
26 - INFO - chord#: 72 done. best_score=27.0, changed=530, unchanged=363, early_stops=8/8
26 - INFO - chord#: 74 In build_straw_man_chord_sa. tolerance = 1, sa_iterations = 1000, initial_temperature = 3.0, cooling_rate = 0.999
26 - INFO - chord#: 74 done. best_score=82.0, changed=614, unchanged=398, early_stops=8/8
26 - INFO - chord#: 76 In build_straw_man_chord_sa. tolerance = 1, sa_iterations = 1000, initial_temperature = 3.0, cooling_rate = 0.999
26 - INFO - chord#: 74 done. best_score=82.0, changed=613, unchanged=313, early_stops=8/8
26 - INFO - chord#: 76 In build_straw_man_chord_sa. tolerance = 1, sa_iterations = 1000, initial_temperature = 3.0, cooling_rate = 0.999
26 - INFO - chord#: 64 done. best_score=27.0, changed=523, unchanged=335, early_stops=8/8
26 - INFO - chord#: 68 In build_straw_man_chord_sa. tolerance = 1, sa_iterations = 1000, initial_temperature = 3.0, cooling_rate = 0.999
26 - INFO - chord#: 82 done. best_score=27.0, changed=529, unchanged=362, early_stops=8/8
26 - INFO - chord#: 84 In build_straw_man_chord_sa. tolerance = 1, sa_iterations = 1000, initial_temperature = 3.0, cooling_rate = 0.999
26 - INFO - chord#: 68 done. best_score=27.0, changed=529, unchanged=446, early_stops=8/8
26 - INFO - chord#: 70 In build_straw_man_chord_sa. tolerance = 1, sa_iterations = 1000, initial_temperature = 3.0, cooling_rate = 0.999
26 - INFO - chord#: 68 done. best_score=27.0, changed=527, unchanged=404, early_stops=8/8
26 - INFO - chord#: 70 In build_straw_man_chord_sa. tolerance = 1, sa_iterations = 1000, initial_temperature = 3.0, cooling_rate = 0.999
26 - INFO - chord#: 79 done. best_score=67.0, changed=617, unchanged=385, early_stops=8/8
26 - INFO - chord#: 80 In build_straw_man_chord_sa. tolerance = 1, sa_iterations = 1000, initial_temperature = 3.0, cooling_rate = 0.999
26 - INFO - chord#: 76 done. best_score=31.0, changed=523, unchanged=321, early_stops=8/8
26 - INFO - chord#: 78 In build_straw_man_chord_sa. tolerance = 1, sa_iterations = 1000, initial_temperature = 3.0, cooling_rate = 0.999
26 - INFO - chord#: 76 done. best_score=31.0, changed=528, unchanged=347, early_stops=8/8
26 - INFO - chord#: 78 In build_straw_man_chord_sa. tolerance = 1, sa_iterations = 1000, initial_temperature = 3.0, cooling_rate = 0.999
26 - INFO - chord#: 76 done. best_score=31.0, changed=532, unchanged=347, early_stops=8/8
26 - INFO - chord#: 78 In build_straw_man_chord_sa. tolerance = 1, sa_iterations = 1000, initial_temperature = 3.0, cooling_rate = 0.999
26 - INFO - chord#: 76 done. best_score=31.0, changed=536, unchanged=429, early_stops=8/8
26 - INFO - chord#: 78 In build_straw_man_chord_sa. tolerance = 1, sa_iterations = 1000, initial_temperature = 3.0, cooling_rate = 0.999
26 - INFO - chord#: 80 done. best_score=82.0, changed=613, unchanged=316, early_stops=8/8
26 - INFO - chord#: 82 In build_straw_man_chord_sa. tolerance = 1, sa_iterations = 1000, initial_temperature = 3.0, cooling_rate = 0.999
26 - INFO - chord#: 68 done. best_score=27.0, changed=519, unchanged=347, early_stops=8/8
26 - INFO - chord#: 70 In build_straw_man_chord_sa. tolerance = 1, sa_iterations = 1000, initial_temperature = 3.0, cooling_rate = 0.999
26 - INFO - chord#: 80 done. best_score=82.0, changed=607, unchanged=308, early_stops=8/8
26 - INFO - chord#: 82 In build_straw_man_chord_sa. tolerance = 1, sa_iterations = 1000, initial_temperature = 3.0, cooling_rate = 0.999
26 - INFO - chord#: 78 done. best_score=27.0, changed=519, unchanged=366, early_stops=8/8
26 - INFO - chord#: 79 In build_straw_man_chord_sa. tolerance = 1, sa_iterations = 1000, initial_temperature = 3.0, cooling_rate = 0.999
26 - INFO - chord#: 78 done. best_score=27.0, changed=518, unchanged=341, early_stops=8/8
26 - INFO - chord#: 79 In build_straw_man_chord_sa. tolerance = 1, sa_iterations = 1000, initial_temperature = 3.0, cooling_rate = 0.999
26 - INFO - chord#: 78 done. best_score=27.0, changed=519, unchanged=356, early_stops=8/8
26 - INFO - chord#: 79 In build_straw_man_chord_sa. tolerance = 1, sa_iterations = 1000, initial_temperature = 3.0, cooling_rate = 0.999
26 - INFO - chord#: 82 done. best_score=27.0, changed=521, unchanged=315, early_stops=8/8
26 - INFO - chord#: 84 In build_straw_man_chord_sa. tolerance = 1, sa_iterations = 1000, initial_temperature = 3.0, cooling_rate = 0.999
26 - INFO - chord#: 78 done. best_score=27.0, changed=524, unchanged=449, early_stops=8/8
26 - INFO - chord#: 79 In build_straw_man_chord_sa. tolerance = 1, sa_iterations = 1000, initial_temperature = 3.0, cooling_rate = 0.999
26 - INFO - chord#: 84 done. best_score=137.0, changed=614, unchanged=264, early_stops=8/8
26 - INFO - chord#: 88 In build_straw_man_chord_sa. tolerance = 1, sa_iterations = 1000, initial_temperature = 3.0, cooling_rate = 0.999
26 - INFO - chord#: 82 done. best_score=27.0, changed=522, unchanged=306, early_stops=8/8
26 - INFO - chord#: 84 In build_straw_man_chord_sa. tolerance = 1, sa_iterations = 1000, initial_temperature = 3.0, cooling_rate = 0.999
26 - INFO - chord#: 74 done. best_score=82.0, changed=617, unchanged=391, early_stops=8/8
26 - INFO - chord#: 76 In build_straw_man_chord_sa. tolerance = 1, sa_iterations = 1000, initial_temperature = 3.0, cooling_rate = 0.999
26 - INFO - chord#: 80 done. best_score=82.0, changed=612, unchanged=338, early_stops=8/8
26 - INFO - chord#: 82 In build_straw_man_chord_sa. tolerance = 1, sa_iterations = 1000, initial_temperature = 3.0, cooling_rate = 0.999
26 - INFO - chord#: 70 done. best_score=70.0, changed=612, unchanged=234, early_stops=8/8
26 - INFO - chord#: 72 In build_straw_man_chord_sa. tolerance = 1, sa_iterations = 1000, initial_temperature = 3.0, cooling_rate = 0.999
26 - INFO - chord#: 70 done. best_score=70.0, changed=616, unchanged=340, early_stops=8/8
26 - INFO - chord#: 72 In build_straw_man_chord_sa. tolerance = 1, sa_iterations = 1000, initial_temperature = 3.0, cooling_rate = 0.999
26 - INFO - chord#: 88 done. best_score=27.0, changed=529, unchanged=447, early_stops=8/8
26 - INFO - chord#: 90 In build_straw_man_chord_sa. tolerance = 1, sa_iterations = 1000, initial_temperature = 3.0, cooling_rate = 0.999
26 - INFO - chord#: 70 done. best_score=70.0, changed=609, unchanged=266, early_stops=8/8
26 - INFO - chord#: 72 In build_straw_man_chord_sa. tolerance = 1, sa_iterations = 1000, initial_temperature = 3.0, cooling_rate = 0.999
26 - INFO - chord#: 82 done. best_score=27.0, changed=520, unchanged=432, early_stops=8/8
26 - INFO - chord#: 84 In build_straw_man_chord_sa. tolerance = 1, sa_iterations = 1000, initial_temperature = 3.0, cooling_rate = 0.999
26 - INFO - chord#: 76 done. best_score=31.0, changed=522, unchanged=312, early_stops=8/8
26 - INFO - chord#: 78 In build_straw_man_chord_sa. tolerance = 1, sa_iterations = 1000, initial_temperature = 3.0, cooling_rate = 0.999
26 - INFO - chord#: 79 done. best_score=67.0, changed=613, unchanged=334, early_stops=8/8
26 - INFO - chord#: 80 In build_straw_man_chord_sa. tolerance = 1, sa_iterations = 1000, initial_temperature = 3.0, cooling_rate = 0.999
26 - INFO - chord#: 84 done. best_score=142.0, changed=613, unchanged=307, early_stops=8/8
26 - INFO - chord#: 88 In build_straw_man_chord_sa. tolerance = 1, sa_iterations = 1000, initial_temperature = 3.0, cooling_rate = 0.999
26 - INFO - chord#: 72 done. best_score=27.0, changed=538, unchanged=269, early_stops=8/8
26 - INFO - chord#: 74 In build_straw_man_chord_sa. tolerance = 1, sa_iterations = 1000, initial_temperature = 3.0, cooling_rate = 0.999
26 - INFO - chord#: 79 done. best_score=67.0, changed=610, unchanged=382, early_stops=8/8
26 - INFO - chord#: 80 In build_straw_man_chord_sa. tolerance = 1, sa_iterations = 1000, initial_temperature = 3.0, cooling_rate = 0.999
26 - INFO - chord#: 72 done. best_score=27.0, changed=533, unchanged=362, early_stops=8/8
26 - INFO - chord#: 74 In build_straw_man_chord_sa. tolerance = 1, sa_iterations = 1000, initial_temperature = 3.0, cooling_rate = 0.999
26 - INFO - chord#: 79 done. best_score=67.0, changed=612, unchanged=307, early_stops=8/8
26 - INFO - chord#: 80 In build_straw_man_chord_sa. tolerance = 1, sa_iterations = 1000, initial_temperature = 3.0, cooling_rate = 0.999
26 - INFO - chord#: 84 done. best_score=67.0, changed=608, unchanged=322, early_stops=8/8
26 - INFO - chord#: 88 In build_straw_man_chord_sa. tolerance = 1, sa_iterations = 1000, initial_temperature = 3.0, cooling_rate = 0.999
26 - INFO - chord#: 72 done. best_score=27.0, changed=529, unchanged=421, early_stops=8/8
26 - INFO - chord#: 74 In build_straw_man_chord_sa. tolerance = 1, sa_iterations = 1000, initial_temperature = 3.0, cooling_rate = 0.999
26 - INFO - chord#: 78 done. best_score=27.0, changed=512, unchanged=411, early_stops=8/8
26 - INFO - chord#: 79 In build_straw_man_chord_sa. tolerance = 1, sa_iterations = 1000, initial_temperature = 3.0, cooling_rate = 0.999
26 - INFO - chord#: 79 done. best_score=67.0, changed=613, unchanged=376, early_stops=8/8
26 - INFO - chord#: 80 In build_straw_man_chord_sa. tolerance = 1, sa_iterations = 1000, initial_temperature = 3.0, cooling_rate = 0.999
26 - INFO - chord#: 88 done. best_score=27.0, changed=515, unchanged=385, early_stops=8/8
26 - INFO - chord#: 90 In build_straw_man_chord_sa. tolerance = 1, sa_iterations = 1000, initial_temperature = 3.0, cooling_rate = 0.999
26 - INFO - chord#: 88 done. best_score=27.0, changed=517, unchanged=362, early_stops=8/8
26 - INFO - chord#: 90 In build_straw_man_chord_sa. tolerance = 1, sa_iterations = 1000, initial_temperature = 3.0, cooling_rate = 0.999
26 - INFO - chord#: 84 done. best_score=140.0, changed=613, unchanged=256, early_stops=8/8
26 - INFO - chord#: 88 In build_straw_man_chord_sa. tolerance = 1, sa_iterations = 1000, initial_temperature = 3.0, cooling_rate = 0.999
26 - INFO - chord#: 90 done. best_score=67.0, changed=617, unchanged=373, early_stops=8/8
26 - INFO - chord#: 92 In build_straw_man_chord_sa. tolerance = 1, sa_iterations = 1000, initial_temperature = 3.0, cooling_rate = 0.999
26 - INFO - chord#: 80 done. best_score=82.0, changed=608, unchanged=274, early_stops=8/8
26 - INFO - chord#: 82 In build_straw_man_chord_sa. tolerance = 1, sa_iterations = 1000, initial_temperature = 3.0, cooling_rate = 0.999
26 - INFO - chord#: 80 done. best_score=82.0, changed=614, unchanged=481, early_stops=8/8
26 - INFO - chord#: 82 In build_straw_man_chord_sa. tolerance = 1, sa_iterations = 1000, initial_temperature = 3.0, cooling_rate = 0.999
26 - INFO - chord#: 92 done. best_score=27.0, changed=518, unchanged=337, early_stops=8/8
26 - INFO - chord#: 96 In build_straw_man_chord_sa. tolerance = 1, sa_iterations = 1000, initial_temperature = 3.0, cooling_rate = 0.999
26 - INFO - chord#: 74 done. best_score=82.0, changed=609, unchanged=274, early_stops=8/8
26 - INFO - chord#: 76 In build_straw_man_chord_sa. tolerance = 1, sa_iterations = 1000, initial_temperature = 3.0, cooling_rate = 0.999
26 - INFO - chord#: 74 done. best_score=82.0, changed=610, unchanged=297, early_stops=8/8
26 - INFO - chord#: 76 In build_straw_man_chord_sa. tolerance = 1, sa_iterations = 1000, initial_temperature = 3.0, cooling_rate = 0.999
26 - INFO - chord#: 88 done. best_score=27.0, changed=527, unchanged=516, early_stops=8/8
26 - INFO - chord#: 90 In build_straw_man_chord_sa. tolerance = 1, sa_iterations = 1000, initial_temperature = 3.0, cooling_rate = 0.999
26 - INFO - chord#: 82 done. best_score=27.0, changed=524, unchanged=346, early_stops=8/8
26 - INFO - chord#: 84 In build_straw_man_chord_sa. tolerance = 1, sa_iterations = 1000, initial_temperature = 3.0, cooling_rate = 0.999
26 - INFO - chord#: 74 done. best_score=82.0, changed=614, unchanged=267, early_stops=8/8
26 - INFO - chord#: 76 In build_straw_man_chord_sa. tolerance = 1, sa_iterations = 1000, initial_temperature = 3.0, cooling_rate = 0.999
26 - INFO - chord#: 80 done. best_score=108.0, changed=613, unchanged=316, early_stops=8/8
26 - INFO - chord#: 82 In build_straw_man_chord_sa. tolerance = 1, sa_iterations = 1000, initial_temperature = 3.0, cooling_rate = 0.999
26 - INFO - chord#: 82 done. best_score=27.0, changed=518, unchanged=309, early_stops=8/8
26 - INFO - chord#: 84 In build_straw_man_chord_sa. tolerance = 1, sa_iterations = 1000, initial_temperature = 3.0, cooling_rate = 0.999
26 - INFO - chord#: 79 done. best_score=67.0, changed=613, unchanged=276, early_stops=8/8
26 - INFO - chord#: 90 done. best_score=67.0, changed=616, unchanged=404, early_stops=8/8
26 - INFO - chord#: 80 In build_straw_man_chord_sa. tolerance = 1, sa_iterations = 1000, initial_temperature = 3.0, cooling_rate = 0.999
26 - INFO - chord#: 92 In build_straw_man_chord_sa. tolerance = 1, sa_iterations = 1000, initial_temperature = 3.0, cooling_rate = 0.999
26 - INFO - chord#: 76 done. best_score=31.0, changed=518, unchanged=320, early_stops=8/8
26 - INFO - chord#: 78 In build_straw_man_chord_sa. tolerance = 1, sa_iterations = 1000, initial_temperature = 3.0, cooling_rate = 0.999
26 - INFO - chord#: 90 done. best_score=78.0, changed=609, unchanged=331, early_stops=8/8
26 - INFO - chord#: 92 In build_straw_man_chord_sa. tolerance = 1, sa_iterations = 1000, initial_temperature = 3.0, cooling_rate = 0.999
26 - INFO - chord#: 96 done. best_score=27.0, changed=521, unchanged=394, early_stops=8/8
26 - INFO - chord#: 100 In build_straw_man_chord_sa. tolerance = 1, sa_iterations = 1000, initial_temperature = 3.0, cooling_rate = 0.999
26 - INFO - chord#: 76 done. best_score=31.0, changed=519, unchanged=336, early_stops=8/8
26 - INFO - chord#: 78 In build_straw_man_chord_sa. tolerance = 1, sa_iterations = 1000, initial_temperature = 3.0, cooling_rate = 0.999
26 - INFO - chord#: 80 done. best_score=120.0, changed=615, unchanged=321, early_stops=8/8
26 - INFO - chord#: 82 In build_straw_man_chord_sa. tolerance = 1, sa_iterations = 1000, initial_temperature = 3.0, cooling_rate = 0.999
26 - INFO - chord#: 76 done. best_score=31.0, changed=534, unchanged=362, early_stops=8/8
26 - INFO - chord#: 78 In build_straw_man_chord_sa. tolerance = 1, sa_iterations = 1000, initial_temperature = 3.0, cooling_rate = 0.999
26 - INFO - chord#: 82 done. best_score=27.0, changed=521, unchanged=304, early_stops=8/8
26 - INFO - chord#: 84 In build_straw_man_chord_sa. tolerance = 1, sa_iterations = 1000, initial_temperature = 3.0, cooling_rate = 0.999
26 - INFO - chord#: 92 done. best_score=27.0, changed=516, unchanged=322, early_stops=8/8
26 - INFO - chord#: 96 In build_straw_man_chord_sa. tolerance = 1, sa_iterations = 1000, initial_temperature = 3.0, cooling_rate = 0.999
26 - INFO - chord#: 92 done. best_score=27.0, changed=520, unchanged=330, early_stops=8/8
26 - INFO - chord#: 96 In build_straw_man_chord_sa. tolerance = 1, sa_iterations = 1000, initial_temperature = 3.0, cooling_rate = 0.999
26 - INFO - chord#: 78 done. best_score=27.0, changed=519, unchanged=473, early_stops=8/8
26 - INFO - chord#: 79 In build_straw_man_chord_sa. tolerance = 1, sa_iterations = 1000, initial_temperature = 3.0, cooling_rate = 0.999
26 - INFO - chord#: 82 done. best_score=27.0, changed=530, unchanged=298, early_stops=8/8
26 - INFO - chord#: 84 In build_straw_man_chord_sa. tolerance = 1, sa_iterations = 1000, initial_temperature = 3.0, cooling_rate = 0.999
26 - INFO - chord#: 78 done. best_score=27.0, changed=514, unchanged=388, early_stops=8/8
26 - INFO - chord#: 79 In build_straw_man_chord_sa. tolerance = 1, sa_iterations = 1000, initial_temperature = 3.0, cooling_rate = 0.999
26 - INFO - chord#: 90 done. best_score=137.0, changed=612, unchanged=276, early_stops=8/8
26 - INFO - chord#: 92 In build_straw_man_chord_sa. tolerance = 1, sa_iterations = 1000, initial_temperature = 3.0, cooling_rate = 0.999
26 - INFO - chord#: 78 done. best_score=27.0, changed=531, unchanged=471, early_stops=8/8
26 - INFO - chord#: 79 In build_straw_man_chord_sa. tolerance = 1, sa_iterations = 1000, initial_temperature = 3.0, cooling_rate = 0.999
26 - INFO - chord#: 96 done. best_score=27.0, changed=525, unchanged=381, early_stops=8/8
26 - INFO - chord#: 100 In build_straw_man_chord_sa. tolerance = 1, sa_iterations = 1000, initial_temperature = 3.0, cooling_rate = 0.999
26 - INFO - chord#: 84 done. best_score=137.0, changed=614, unchanged=424, early_stops=8/8
26 - INFO - chord#: 88 In build_straw_man_chord_sa. tolerance = 1, sa_iterations = 1000, initial_temperature = 3.0, cooling_rate = 0.999
26 - INFO - chord#: 96 done. best_score=27.0, changed=526, unchanged=388, early_stops=8/8
26 - INFO - chord#: 100 In build_straw_man_chord_sa. tolerance = 1, sa_iterations = 1000, initial_temperature = 3.0, cooling_rate = 0.999
26 - INFO - chord#: 92 done. best_score=27.0, changed=524, unchanged=457, early_stops=8/8
26 - INFO - chord#: 96 In build_straw_man_chord_sa. tolerance = 1, sa_iterations = 1000, initial_temperature = 3.0, cooling_rate = 0.999
26 - INFO - chord#: 80 done. best_score=146.0, changed=606, unchanged=230, early_stops=8/8
26 - INFO - chord#: 82 In build_straw_man_chord_sa. tolerance = 1, sa_iterations = 1000, initial_temperature = 3.0, cooling_rate = 0.999
26 - INFO - chord#: 100 done. best_score=82.0, changed=610, unchanged=363, early_stops=8/8
26 - INFO - chord#: 102 In build_straw_man_chord_sa. tolerance = 1, sa_iterations = 1000, initial_temperature = 3.0, cooling_rate = 0.999
26 - INFO - chord#: 88 done. best_score=27.0, changed=527, unchanged=513, early_stops=8/8
26 - INFO - chord#: 90 In build_straw_man_chord_sa. tolerance = 1, sa_iterations = 1000, initial_temperature = 3.0, cooling_rate = 0.999
26 - INFO - chord#: 79 done. best_score=145.0, changed=613, unchanged=258, early_stops=8/8
26 - INFO - chord#: 80 In build_straw_man_chord_sa. tolerance = 1, sa_iterations = 1000, initial_temperature = 3.0, cooling_rate = 0.999
26 - INFO - chord#: 102 done. best_score=27.0, changed=529, unchanged=309, early_stops=8/8
26 - INFO - chord#: 104 In build_straw_man_chord_sa. tolerance = 1, sa_iterations = 1000, initial_temperature = 3.0, cooling_rate = 0.999
26 - INFO - chord#: 82 done. best_score=57.0, changed=533, unchanged=311, early_stops=8/8
26 - INFO - chord#: 84 In build_straw_man_chord_sa. tolerance = 1, sa_iterations = 1000, initial_temperature = 3.0, cooling_rate = 0.999
26 - INFO - chord#: 96 done. best_score=27.0, changed=519, unchanged=486, early_stops=8/8
26 - INFO - chord#: 100 In build_straw_man_chord_sa. tolerance = 1, sa_iterations = 1000, initial_temperature = 3.0, cooling_rate = 0.999
26 - INFO - chord#: 84 done. best_score=67.0, changed=611, unchanged=333, early_stops=8/8
26 - INFO - chord#: 88 In build_straw_man_chord_sa. tolerance = 1, sa_iterations = 1000, initial_temperature = 3.0, cooling_rate = 0.999
26 - INFO - chord#: 84 done. best_score=137.0, changed=616, unchanged=586, early_stops=8/8
26 - INFO - chord#: 88 In build_straw_man_chord_sa. tolerance = 1, sa_iterations = 1000, initial_temperature = 3.0, cooling_rate = 0.999
26 - INFO - chord#: 104 done. best_score=27.0, changed=521, unchanged=353, early_stops=8/8
26 - INFO - chord#: 106 In build_straw_man_chord_sa. tolerance = 1, sa_iterations = 1000, initial_temperature = 3.0, cooling_rate = 0.999
26 - INFO - chord#: 79 done. best_score=67.0, changed=613, unchanged=416, early_stops=8/8
26 - INFO - chord#: 80 In build_straw_man_chord_sa. tolerance = 1, sa_iterations = 1000, initial_temperature = 3.0, cooling_rate = 0.999
26 - INFO - chord#: 100 done. best_score=82.0, changed=614, unchanged=384, early_stops=8/8
26 - INFO - chord#: 102 In build_straw_man_chord_sa. tolerance = 1, sa_iterations = 1000, initial_temperature = 3.0, cooling_rate = 0.999
26 - INFO - chord#: 84 done. best_score=78.0, changed=619, unchanged=475, early_stops=8/8
26 - INFO - chord#: 88 In build_straw_man_chord_sa. tolerance = 1, sa_iterations = 1000, initial_temperature = 3.0, cooling_rate = 0.999
26 - INFO - chord#: 79 done. best_score=67.0, changed=618, unchanged=504, early_stops=8/8
26 - INFO - chord#: 80 In build_straw_man_chord_sa. tolerance = 1, sa_iterations = 1000, initial_temperature = 3.0, cooling_rate = 0.999
26 - INFO - chord#: 88 done. best_score=27.0, changed=523, unchanged=482, early_stops=8/8
26 - INFO - chord#: 90 In build_straw_man_chord_sa. tolerance = 1, sa_iterations = 1000, initial_temperature = 3.0, cooling_rate = 0.999
26 - INFO - chord#: 88 done. best_score=27.0, changed=525, unchanged=491, early_stops=8/8
26 - INFO - chord#: 90 In build_straw_man_chord_sa. tolerance = 1, sa_iterations = 1000, initial_temperature = 3.0, cooling_rate = 0.999
26 - INFO - chord#: 100 done. best_score=120.0, changed=609, unchanged=354, early_stops=8/8
26 - INFO - chord#: 102 In build_straw_man_chord_sa. tolerance = 1, sa_iterations = 1000, initial_temperature = 3.0, cooling_rate = 0.999
26 - INFO - chord#: 90 done. best_score=137.0, changed=616, unchanged=368, early_stops=8/8
26 - INFO - chord#: 92 In build_straw_man_chord_sa. tolerance = 1, sa_iterations = 1000, initial_temperature = 3.0, cooling_rate = 0.999
26 - INFO - chord#: 106 done. best_score=36.0, changed=524, unchanged=471, early_stops=8/8
26 - INFO - chord#: 108 In build_straw_man_chord_sa. tolerance = 1, sa_iterations = 1000, initial_temperature = 3.0, cooling_rate = 0.999
26 - INFO - chord#: 80 done. best_score=82.0, changed=611, unchanged=297, early_stops=8/8
26 - INFO - chord#: 82 In build_straw_man_chord_sa. tolerance = 1, sa_iterations = 1000, initial_temperature = 3.0, cooling_rate = 0.999
26 - INFO - chord#: 102 done. best_score=27.0, changed=525, unchanged=322, early_stops=8/8
26 - INFO - chord#: 104 In build_straw_man_chord_sa. tolerance = 1, sa_iterations = 1000, initial_temperature = 3.0, cooling_rate = 0.999
26 - INFO - chord#: 100 done. best_score=120.0, changed=612, unchanged=266, early_stops=8/8
26 - INFO - chord#: 102 In build_straw_man_chord_sa. tolerance = 1, sa_iterations = 1000, initial_temperature = 3.0, cooling_rate = 0.999
26 - INFO - chord#: 88 done. best_score=27.0, changed=524, unchanged=386, early_stops=8/8
26 - INFO - chord#: 90 In build_straw_man_chord_sa. tolerance = 1, sa_iterations = 1000, initial_temperature = 3.0, cooling_rate = 0.999
26 - INFO - chord#: 84 done. best_score=119.0, changed=613, unchanged=268, early_stops=8/8
26 - INFO - chord#: 88 In build_straw_man_chord_sa. tolerance = 1, sa_iterations = 1000, initial_temperature = 3.0, cooling_rate = 0.999
26 - INFO - chord#: 82 done. best_score=27.0, changed=518, unchanged=292, early_stops=8/8
26 - INFO - chord#: 84 In build_straw_man_chord_sa. tolerance = 1, sa_iterations = 1000, initial_temperature = 3.0, cooling_rate = 0.999
26 - INFO - chord#: 92 done. best_score=27.0, changed=520, unchanged=369, early_stops=8/8
26 - INFO - chord#: 96 In build_straw_man_chord_sa. tolerance = 1, sa_iterations = 1000, initial_temperature = 3.0, cooling_rate = 0.999
26 - INFO - chord#: 104 done. best_score=27.0, changed=523, unchanged=328, early_stops=8/8
26 - INFO - chord#: 106 In build_straw_man_chord_sa. tolerance = 1, sa_iterations = 1000, initial_temperature = 3.0, cooling_rate = 0.999
26 - INFO - chord#: 102 done. best_score=27.0, changed=524, unchanged=332, early_stops=8/8
26 - INFO - chord#: 104 In build_straw_man_chord_sa. tolerance = 1, sa_iterations = 1000, initial_temperature = 3.0, cooling_rate = 0.999
26 - INFO - chord#: 108 done. best_score=27.0, changed=517, unchanged=414, early_stops=8/8
26 - INFO - chord#: 112 In build_straw_man_chord_sa. tolerance = 1, sa_iterations = 1000, initial_temperature = 3.0, cooling_rate = 0.999
26 - INFO - chord#: 102 done. best_score=27.0, changed=529, unchanged=411, early_stops=8/8
26 - INFO - chord#: 104 In build_straw_man_chord_sa. tolerance = 1, sa_iterations = 1000, initial_temperature = 3.0, cooling_rate = 0.999
26 - INFO - chord#: 80 done. best_score=119.0, changed=612, unchanged=359, early_stops=8/8
26 - INFO - chord#: 82 In build_straw_man_chord_sa. tolerance = 1, sa_iterations = 1000, initial_temperature = 3.0, cooling_rate = 0.999
26 - INFO - chord#: 106 done. best_score=36.0, changed=514, unchanged=323, early_stops=8/8
26 - INFO - chord#: 108 In build_straw_man_chord_sa. tolerance = 1, sa_iterations = 1000, initial_temperature = 3.0, cooling_rate = 0.999
26 - INFO - chord#: 96 done. best_score=27.0, changed=520, unchanged=385, early_stops=8/8
26 - INFO - chord#: 100 In build_straw_man_chord_sa. tolerance = 1, sa_iterations = 1000, initial_temperature = 3.0, cooling_rate = 0.999
26 - INFO - chord#: 112 done. best_score=27.0, changed=516, unchanged=377, early_stops=8/8
26 - INFO - chord#: 116 In build_straw_man_chord_sa. tolerance = 1, sa_iterations = 1000, initial_temperature = 3.0, cooling_rate = 0.999
26 - INFO - chord#: 82 done. best_score=36.0, changed=570, unchanged=242, early_stops=8/8
26 - INFO - chord#: 84 In build_straw_man_chord_sa. tolerance = 1, sa_iterations = 1000, initial_temperature = 3.0, cooling_rate = 0.999
26 - INFO - chord#: 88 done. best_score=27.0, changed=517, unchanged=415, early_stops=8/8
26 - INFO - chord#: 90 In build_straw_man_chord_sa. tolerance = 1, sa_iterations = 1000, initial_temperature = 3.0, cooling_rate = 0.999
26 - INFO - chord#: 104 done. best_score=27.0, changed=522, unchanged=406, early_stops=8/8
26 - INFO - chord#: 106 In build_straw_man_chord_sa. tolerance = 1, sa_iterations = 1000, initial_temperature = 3.0, cooling_rate = 0.999
26 - INFO - chord#: 104 done. best_score=27.0, changed=518, unchanged=423, early_stops=8/8
26 - INFO - chord#: 106 In build_straw_man_chord_sa. tolerance = 1, sa_iterations = 1000, initial_temperature = 3.0, cooling_rate = 0.999
26 - INFO - chord#: 90 done. best_score=67.0, changed=606, unchanged=282, early_stops=8/8
26 - INFO - chord#: 92 In build_straw_man_chord_sa. tolerance = 1, sa_iterations = 1000, initial_temperature = 3.0, cooling_rate = 0.999
26 - INFO - chord#: 90 done. best_score=67.0, changed=610, unchanged=285, early_stops=8/8
26 - INFO - chord#: 92 In build_straw_man_chord_sa. tolerance = 1, sa_iterations = 1000, initial_temperature = 3.0, cooling_rate = 0.999
26 - INFO - chord#: 80 done. best_score=82.0, changed=617, unchanged=388, early_stops=8/8
26 - INFO - chord#: 82 In build_straw_man_chord_sa. tolerance = 1, sa_iterations = 1000, initial_temperature = 3.0, cooling_rate = 0.999
26 - INFO - chord#: 106 done. best_score=36.0, changed=518, unchanged=354, early_stops=8/8
26 - INFO - chord#: 108 In build_straw_man_chord_sa. tolerance = 1, sa_iterations = 1000, initial_temperature = 3.0, cooling_rate = 0.999
26 - INFO - chord#: 108 done. best_score=27.0, changed=533, unchanged=563, early_stops=8/8
26 - INFO - chord#: 112 In build_straw_man_chord_sa. tolerance = 1, sa_iterations = 1000, initial_temperature = 3.0, cooling_rate = 0.999
26 - INFO - chord#: 90 done. best_score=67.0, changed=612, unchanged=340, early_stops=8/8
26 - INFO - chord#: 92 In build_straw_man_chord_sa. tolerance = 1, sa_iterations = 1000, initial_temperature = 3.0, cooling_rate = 0.999
26 - INFO - chord#: 84 done. best_score=67.0, changed=615, unchanged=433, early_stops=8/8
26 - INFO - chord#: 88 In build_straw_man_chord_sa. tolerance = 1, sa_iterations = 1000, initial_temperature = 3.0, cooling_rate = 0.999
26 - INFO - chord#: 92 done. best_score=27.0, changed=520, unchanged=463, early_stops=8/8
26 - INFO - chord#: 96 In build_straw_man_chord_sa. tolerance = 1, sa_iterations = 1000, initial_temperature = 3.0, cooling_rate = 0.999
26 - INFO - chord#: 106 done. best_score=36.0, changed=532, unchanged=450, early_stops=8/8
26 - INFO - chord#: 108 In build_straw_man_chord_sa. tolerance = 1, sa_iterations = 1000, initial_temperature = 3.0, cooling_rate = 0.999
26 - INFO - chord#: 92 done. best_score=27.0, changed=528, unchanged=394, early_stops=8/8
26 - INFO - chord#: 96 In build_straw_man_chord_sa. tolerance = 1, sa_iterations = 1000, initial_temperature = 3.0, cooling_rate = 0.999
26 - INFO - chord#: 82 done. best_score=27.0, changed=516, unchanged=330, early_stops=8/8
26 - INFO - chord#: 84 In build_straw_man_chord_sa. tolerance = 1, sa_iterations = 1000, initial_temperature = 3.0, cooling_rate = 0.999
26 - INFO - chord#: 112 done. best_score=27.0, changed=520, unchanged=338, early_stops=8/8
26 - INFO - chord#: 116 In build_straw_man_chord_sa. tolerance = 1, sa_iterations = 1000, initial_temperature = 3.0, cooling_rate = 0.999
26 - INFO - chord#: 100 done. best_score=82.0, changed=612, unchanged=268, early_stops=8/8
26 - INFO - chord#: 102 In build_straw_man_chord_sa. tolerance = 1, sa_iterations = 1000, initial_temperature = 3.0, cooling_rate = 0.999
26 - INFO - chord#: 108 done. best_score=27.0, changed=516, unchanged=476, early_stops=8/8
26 - INFO - chord#: 112 In build_straw_man_chord_sa. tolerance = 1, sa_iterations = 1000, initial_temperature = 3.0, cooling_rate = 0.999
26 - INFO - chord#: 92 done. best_score=27.0, changed=525, unchanged=377, early_stops=8/8
26 - INFO - chord#: 96 In build_straw_man_chord_sa. tolerance = 1, sa_iterations = 1000, initial_temperature = 3.0, cooling_rate = 0.999
26 - INFO - chord#: 84 done. best_score=78.0, changed=615, unchanged=412, early_stops=8/8
26 - INFO - chord#: 88 In build_straw_man_chord_sa. tolerance = 1, sa_iterations = 1000, initial_temperature = 3.0, cooling_rate = 0.999
26 - INFO - chord#: 90 done. best_score=96.0, changed=610, unchanged=214, early_stops=8/8
26 - INFO - chord#: 92 In build_straw_man_chord_sa. tolerance = 1, sa_iterations = 1000, initial_temperature = 3.0, cooling_rate = 0.999
26 - INFO - chord#: 88 done. best_score=27.0, changed=527, unchanged=475, early_stops=8/8
26 - INFO - chord#: 90 In build_straw_man_chord_sa. tolerance = 1, sa_iterations = 1000, initial_temperature = 3.0, cooling_rate = 0.999
26 - INFO - chord#: 116 done. best_score=157.0, changed=614, unchanged=391, early_stops=8/8
26 - INFO - chord#: 118 In build_straw_man_chord_sa. tolerance = 1, sa_iterations = 1000, initial_temperature = 3.0, cooling_rate = 0.999
26 - INFO - chord#: 108 done. best_score=27.0, changed=510, unchanged=315, early_stops=8/8
26 - INFO - chord#: 112 In build_straw_man_chord_sa. tolerance = 1, sa_iterations = 1000, initial_temperature = 3.0, cooling_rate = 0.999
26 - INFO - chord#: 96 done. best_score=27.0, changed=524, unchanged=446, early_stops=8/8
26 - INFO - chord#: 100 In build_straw_man_chord_sa. tolerance = 1, sa_iterations = 1000, initial_temperature = 3.0, cooling_rate = 0.999
26 - INFO - chord#: 102 done. best_score=27.0, changed=521, unchanged=342, early_stops=8/8
26 - INFO - chord#: 104 In build_straw_man_chord_sa. tolerance = 1, sa_iterations = 1000, initial_temperature = 3.0, cooling_rate = 0.999
26 - INFO - chord#: 112 done. best_score=27.0, changed=518, unchanged=341, early_stops=8/8
26 - INFO - chord#: 116 In build_straw_man_chord_sa. tolerance = 1, sa_iterations = 1000, initial_temperature = 3.0, cooling_rate = 0.999
26 - INFO - chord#: 96 done. best_score=27.0, changed=528, unchanged=504, early_stops=8/8
26 - INFO - chord#: 100 In build_straw_man_chord_sa. tolerance = 1, sa_iterations = 1000, initial_temperature = 3.0, cooling_rate = 0.999
26 - INFO - chord#: 118 done. best_score=27.0, changed=540, unchanged=387, early_stops=8/8
26 - INFO - chord#: 120 In build_straw_man_chord_sa. tolerance = 1, sa_iterations = 1000, initial_temperature = 3.0, cooling_rate = 0.999
26 - INFO - chord#: 88 done. best_score=27.0, changed=524, unchanged=382, early_stops=8/8
26 - INFO - chord#: 90 In build_straw_man_chord_sa. tolerance = 1, sa_iterations = 1000, initial_temperature = 3.0, cooling_rate = 0.999
26 - INFO - chord#: 96 done. best_score=27.0, changed=518, unchanged=366, early_stops=8/8
26 - INFO - chord#: 100 In build_straw_man_chord_sa. tolerance = 1, sa_iterations = 1000, initial_temperature = 3.0, cooling_rate = 0.999
26 - INFO - chord#: 92 done. best_score=27.0, changed=523, unchanged=444, early_stops=8/8
26 - INFO - chord#: 112 done. best_score=27.0, changed=519, unchanged=308, early_stops=8/8
26 - INFO - chord#: 96 In build_straw_man_chord_sa. tolerance = 1, sa_iterations = 1000, initial_temperature = 3.0, cooling_rate = 0.999
26 - INFO - chord#: 116 In build_straw_man_chord_sa. tolerance = 1, sa_iterations = 1000, initial_temperature = 3.0, cooling_rate = 0.999
26 - INFO - chord#: 104 done. best_score=27.0, changed=529, unchanged=506, early_stops=8/8
26 - INFO - chord#: 106 In build_straw_man_chord_sa. tolerance = 1, sa_iterations = 1000, initial_temperature = 3.0, cooling_rate = 0.999
26 - INFO - chord#: 116 done. best_score=71.0, changed=616, unchanged=416, early_stops=8/8
26 - INFO - chord#: 118 In build_straw_man_chord_sa. tolerance = 1, sa_iterations = 1000, initial_temperature = 3.0, cooling_rate = 0.999
26 - INFO - chord#: 120 done. best_score=27.0, changed=516, unchanged=364, early_stops=8/8
26 - INFO - chord#: 124 In build_straw_man_chord_sa. tolerance = 1, sa_iterations = 1000, initial_temperature = 3.0, cooling_rate = 0.999
26 - INFO - chord#: 84 done. best_score=67.0, changed=607, unchanged=335, early_stops=8/8
26 - INFO - chord#: 88 In build_straw_man_chord_sa. tolerance = 1, sa_iterations = 1000, initial_temperature = 3.0, cooling_rate = 0.999
26 - INFO - chord#: 90 done. best_score=67.0, changed=610, unchanged=335, early_stops=8/8
26 - INFO - chord#: 92 In build_straw_man_chord_sa. tolerance = 1, sa_iterations = 1000, initial_temperature = 3.0, cooling_rate = 0.999
26 - INFO - chord#: 106 done. best_score=36.0, changed=530, unchanged=372, early_stops=8/8
26 - INFO - chord#: 108 In build_straw_man_chord_sa. tolerance = 1, sa_iterations = 1000, initial_temperature = 3.0, cooling_rate = 0.999
26 - INFO - chord#: 118 done. best_score=36.0, changed=522, unchanged=308, early_stops=8/8
26 - INFO - chord#: 120 In build_straw_man_chord_sa. tolerance = 1, sa_iterations = 1000, initial_temperature = 3.0, cooling_rate = 0.999
26 - INFO - chord#: 96 done. best_score=27.0, changed=525, unchanged=537, early_stops=8/8
26 - INFO - chord#: 100 In build_straw_man_chord_sa. tolerance = 1, sa_iterations = 1000, initial_temperature = 3.0, cooling_rate = 0.999
26 - INFO - chord#: 124 done. best_score=27.0, changed=524, unchanged=369, early_stops=8/8
26 - INFO - chord#: 130 In build_straw_man_chord_sa. tolerance = 1, sa_iterations = 1000, initial_temperature = 3.0, cooling_rate = 0.999
26 - INFO - chord#: 116 done. best_score=104.0, changed=616, unchanged=288, early_stops=8/8
26 - INFO - chord#: 118 In build_straw_man_chord_sa. tolerance = 1, sa_iterations = 1000, initial_temperature = 3.0, cooling_rate = 0.999
26 - INFO - chord#: 92 done. best_score=27.0, changed=525, unchanged=479, early_stops=8/8
26 - INFO - chord#: 96 In build_straw_man_chord_sa. tolerance = 1, sa_iterations = 1000, initial_temperature = 3.0, cooling_rate = 0.999
26 - INFO - chord#: 100 done. best_score=82.0, changed=609, unchanged=247, early_stops=8/8
26 - INFO - chord#: 102 In build_straw_man_chord_sa. tolerance = 1, sa_iterations = 1000, initial_temperature = 3.0, cooling_rate = 0.999
26 - INFO - chord#: 88 done. best_score=27.0, changed=509, unchanged=321, early_stops=8/8
26 - INFO - chord#: 90 In build_straw_man_chord_sa. tolerance = 1, sa_iterations = 1000, initial_temperature = 3.0, cooling_rate = 0.999
26 - INFO - chord#: 100 done. best_score=82.0, changed=614, unchanged=423, early_stops=8/8
26 - INFO - chord#: 102 In build_straw_man_chord_sa. tolerance = 1, sa_iterations = 1000, initial_temperature = 3.0, cooling_rate = 0.999
26 - INFO - chord#: 108 done. best_score=27.0, changed=526, unchanged=418, early_stops=8/8
26 - INFO - chord#: 112 In build_straw_man_chord_sa. tolerance = 1, sa_iterations = 1000, initial_temperature = 3.0, cooling_rate = 0.999
26 - INFO - chord#: 90 done. best_score=96.0, changed=616, unchanged=447, early_stops=8/8
26 - INFO - chord#: 92 In build_straw_man_chord_sa. tolerance = 1, sa_iterations = 1000, initial_temperature = 3.0, cooling_rate = 0.999
26 - INFO - chord#: 118 done. best_score=27.0, changed=541, unchanged=293, early_stops=8/8
26 - INFO - chord#: 120 In build_straw_man_chord_sa. tolerance = 1, sa_iterations = 1000, initial_temperature = 3.0, cooling_rate = 0.999
26 - INFO - chord#: 120 done. best_score=27.0, changed=520, unchanged=425, early_stops=8/8
26 - INFO - chord#: 124 In build_straw_man_chord_sa. tolerance = 1, sa_iterations = 1000, initial_temperature = 3.0, cooling_rate = 0.999
26 - INFO - chord#: 100 done. best_score=146.0, changed=611, unchanged=336, early_stops=8/8
26 - INFO - chord#: 102 In build_straw_man_chord_sa. tolerance = 1, sa_iterations = 1000, initial_temperature = 3.0, cooling_rate = 0.999
26 - INFO - chord#: 116 done. best_score=154.0, changed=612, unchanged=286, early_stops=8/8
26 - INFO - chord#: 118 In build_straw_man_chord_sa. tolerance = 1, sa_iterations = 1000, initial_temperature = 3.0, cooling_rate = 0.999
26 - INFO - chord#: 96 done. best_score=27.0, changed=524, unchanged=435, early_stops=8/8
26 - INFO - chord#: 100 In build_straw_man_chord_sa. tolerance = 1, sa_iterations = 1000, initial_temperature = 3.0, cooling_rate = 0.999
26 - INFO - chord#: 102 done. best_score=27.0, changed=535, unchanged=317, early_stops=8/8
26 - INFO - chord#: 104 In build_straw_man_chord_sa. tolerance = 1, sa_iterations = 1000, initial_temperature = 3.0, cooling_rate = 0.999
26 - INFO - chord#: 112 done. best_score=27.0, changed=523, unchanged=372, early_stops=8/8
26 - INFO - chord#: 116 In build_straw_man_chord_sa. tolerance = 1, sa_iterations = 1000, initial_temperature = 3.0, cooling_rate = 0.999
26 - INFO - chord#: 92 done. best_score=27.0, changed=522, unchanged=395, early_stops=8/8
26 - INFO - chord#: 96 In build_straw_man_chord_sa. tolerance = 1, sa_iterations = 1000, initial_temperature = 3.0, cooling_rate = 0.999
26 - INFO - chord#: 102 done. best_score=27.0, changed=522, unchanged=335, early_stops=8/8
26 - INFO - chord#: 104 In build_straw_man_chord_sa. tolerance = 1, sa_iterations = 1000, initial_temperature = 3.0, cooling_rate = 0.999
26 - INFO - chord#: 124 done. best_score=27.0, changed=524, unchanged=396, early_stops=8/8
26 - INFO - chord#: 130 In build_straw_man_chord_sa. tolerance = 1, sa_iterations = 1000, initial_temperature = 3.0, cooling_rate = 0.999
26 - INFO - chord#: 120 done. best_score=27.0, changed=520, unchanged=481, early_stops=8/8
26 - INFO - chord#: 124 In build_straw_man_chord_sa. tolerance = 1, sa_iterations = 1000, initial_temperature = 3.0, cooling_rate = 0.999
26 - INFO - chord#: 130 done. best_score=67.0, changed=612, unchanged=321, early_stops=8/8
26 - INFO - chord#: 132 In build_straw_man_chord_sa. tolerance = 1, sa_iterations = 1000, initial_temperature = 3.0, cooling_rate = 0.999
26 - INFO - chord#: 102 done. best_score=27.0, changed=521, unchanged=326, early_stops=8/8
26 - INFO - chord#: 104 In build_straw_man_chord_sa. tolerance = 1, sa_iterations = 1000, initial_temperature = 3.0, cooling_rate = 0.999
26 - INFO - chord#: 118 done. best_score=36.0, changed=528, unchanged=369, early_stops=8/8
26 - INFO - chord#: 120 In build_straw_man_chord_sa. tolerance = 1, sa_iterations = 1000, initial_temperature = 3.0, cooling_rate = 0.999
26 - INFO - chord#: 104 done. best_score=27.0, changed=523, unchanged=446, early_stops=8/8
26 - INFO - chord#: 106 In build_straw_man_chord_sa. tolerance = 1, sa_iterations = 1000, initial_temperature = 3.0, cooling_rate = 0.999
26 - INFO - chord#: 100 done. best_score=82.0, changed=611, unchanged=308, early_stops=8/8
26 - INFO - chord#: 102 In build_straw_man_chord_sa. tolerance = 1, sa_iterations = 1000, initial_temperature = 3.0, cooling_rate = 0.999
26 - INFO - chord#: 96 done. best_score=27.0, changed=526, unchanged=569, early_stops=8/8
26 - INFO - chord#: 100 In build_straw_man_chord_sa. tolerance = 1, sa_iterations = 1000, initial_temperature = 3.0, cooling_rate = 0.999
26 - INFO - chord#: 104 done. best_score=27.0, changed=518, unchanged=377, early_stops=8/8
26 - INFO - chord#: 106 In build_straw_man_chord_sa. tolerance = 1, sa_iterations = 1000, initial_temperature = 3.0, cooling_rate = 0.999
26 - INFO - chord#: 124 done. best_score=27.0, changed=517, unchanged=400, early_stops=8/8
26 - INFO - chord#: 130 In build_straw_man_chord_sa. tolerance = 1, sa_iterations = 1000, initial_temperature = 3.0, cooling_rate = 0.999
26 - INFO - chord#: 132 done. best_score=27.0, changed=524, unchanged=354, early_stops=8/8
26 - INFO - chord#: 134 In build_straw_man_chord_sa. tolerance = 1, sa_iterations = 1000, initial_temperature = 3.0, cooling_rate = 0.999
26 - INFO - chord#: 90 done. best_score=67.0, changed=610, unchanged=295, early_stops=8/8
26 - INFO - chord#: 92 In build_straw_man_chord_sa. tolerance = 1, sa_iterations = 1000, initial_temperature = 3.0, cooling_rate = 0.999
26 - INFO - chord#: 104 done. best_score=27.0, changed=539, unchanged=512, early_stops=8/8
26 - INFO - chord#: 106 In build_straw_man_chord_sa. tolerance = 1, sa_iterations = 1000, initial_temperature = 3.0, cooling_rate = 0.999
26 - INFO - chord#: 100 done. best_score=82.0, changed=617, unchanged=248, early_stops=8/8
26 - INFO - chord#: 102 In build_straw_man_chord_sa. tolerance = 1, sa_iterations = 1000, initial_temperature = 3.0, cooling_rate = 0.999
26 - INFO - chord#: 120 done. best_score=27.0, changed=516, unchanged=408, early_stops=8/8
26 - INFO - chord#: 124 In build_straw_man_chord_sa. tolerance = 1, sa_iterations = 1000, initial_temperature = 3.0, cooling_rate = 0.999
26 - INFO - chord#: 102 done. best_score=27.0, changed=521, unchanged=351, early_stops=8/8
26 - INFO - chord#: 104 In build_straw_man_chord_sa. tolerance = 1, sa_iterations = 1000, initial_temperature = 3.0, cooling_rate = 0.999
26 - INFO - chord#: 106 done. best_score=36.0, changed=521, unchanged=413, early_stops=8/8
26 - INFO - chord#: 108 In build_straw_man_chord_sa. tolerance = 1, sa_iterations = 1000, initial_temperature = 3.0, cooling_rate = 0.999
26 - INFO - chord#: 134 done. best_score=27.0, changed=520, unchanged=353, early_stops=8/8
26 - INFO - chord#: 136 In build_straw_man_chord_sa. tolerance = 1, sa_iterations = 1000, initial_temperature = 3.0, cooling_rate = 0.999
26 - INFO - chord#: 116 done. best_score=64.0, changed=616, unchanged=327, early_stops=8/8
26 - INFO - chord#: 118 In build_straw_man_chord_sa. tolerance = 1, sa_iterations = 1000, initial_temperature = 3.0, cooling_rate = 0.999
26 - INFO - chord#: 130 done. best_score=145.0, changed=615, unchanged=294, early_stops=8/8
26 - INFO - chord#: 132 In build_straw_man_chord_sa. tolerance = 1, sa_iterations = 1000, initial_temperature = 3.0, cooling_rate = 0.999
26 - INFO - chord#: 106 done. best_score=36.0, changed=511, unchanged=407, early_stops=8/8
26 - INFO - chord#: 108 In build_straw_man_chord_sa. tolerance = 1, sa_iterations = 1000, initial_temperature = 3.0, cooling_rate = 0.999
26 - INFO - chord#: 92 done. best_score=27.0, changed=526, unchanged=411, early_stops=8/8
26 - INFO - chord#: 96 In build_straw_man_chord_sa. tolerance = 1, sa_iterations = 1000, initial_temperature = 3.0, cooling_rate = 0.999
26 - INFO - chord#: 102 done. best_score=27.0, changed=523, unchanged=371, early_stops=8/8
26 - INFO - chord#: 104 In build_straw_man_chord_sa. tolerance = 1, sa_iterations = 1000, initial_temperature = 3.0, cooling_rate = 0.999
26 - INFO - chord#: 106 done. best_score=36.0, changed=526, unchanged=397, early_stops=8/8
26 - INFO - chord#: 108 In build_straw_man_chord_sa. tolerance = 1, sa_iterations = 1000, initial_temperature = 3.0, cooling_rate = 0.999
26 - INFO - chord#: 104 done. best_score=27.0, changed=518, unchanged=370, early_stops=8/8
26 - INFO - chord#: 106 In build_straw_man_chord_sa. tolerance = 1, sa_iterations = 1000, initial_temperature = 3.0, cooling_rate = 0.999
26 - INFO - chord#: 136 done. best_score=27.0, changed=520, unchanged=361, early_stops=8/8
26 - INFO - chord#: 138 In build_straw_man_chord_sa. tolerance = 1, sa_iterations = 1000, initial_temperature = 3.0, cooling_rate = 0.999
26 - INFO - chord#: 124 done. best_score=27.0, changed=522, unchanged=401, early_stops=8/8
26 - INFO - chord#: 130 In build_straw_man_chord_sa. tolerance = 1, sa_iterations = 1000, initial_temperature = 3.0, cooling_rate = 0.999
26 - INFO - chord#: 132 done. best_score=27.0, changed=516, unchanged=334, early_stops=8/8
26 - INFO - chord#: 100 done. best_score=82.0, changed=611, unchanged=254, early_stops=8/8
26 - INFO - chord#: 134 In build_straw_man_chord_sa. tolerance = 1, sa_iterations = 1000, initial_temperature = 3.0, cooling_rate = 0.999
26 - INFO - chord#: 102 In build_straw_man_chord_sa. tolerance = 1, sa_iterations = 1000, initial_temperature = 3.0, cooling_rate = 0.999
26 - INFO - chord#: 118 done. best_score=27.0, changed=526, unchanged=308, early_stops=8/8
26 - INFO - chord#: 120 In build_straw_man_chord_sa. tolerance = 1, sa_iterations = 1000, initial_temperature = 3.0, cooling_rate = 0.999
26 - INFO - chord#: 130 done. best_score=67.0, changed=609, unchanged=322, early_stops=8/8
26 - INFO - chord#: 132 In build_straw_man_chord_sa. tolerance = 1, sa_iterations = 1000, initial_temperature = 3.0, cooling_rate = 0.999
26 - INFO - chord#: 108 done. best_score=27.0, changed=519, unchanged=405, early_stops=8/8
26 - INFO - chord#: 112 In build_straw_man_chord_sa. tolerance = 1, sa_iterations = 1000, initial_temperature = 3.0, cooling_rate = 0.999
26 - INFO - chord#: 104 done. best_score=27.0, changed=523, unchanged=327, early_stops=8/8
26 - INFO - chord#: 106 In build_straw_man_chord_sa. tolerance = 1, sa_iterations = 1000, initial_temperature = 3.0, cooling_rate = 0.999
26 - INFO - chord#: 96 done. best_score=27.0, changed=518, unchanged=418, early_stops=8/8
26 - INFO - chord#: 100 In build_straw_man_chord_sa. tolerance = 1, sa_iterations = 1000, initial_temperature = 3.0, cooling_rate = 0.999
26 - INFO - chord#: 108 done. best_score=27.0, changed=517, unchanged=443, early_stops=8/8
26 - INFO - chord#: 112 In build_straw_man_chord_sa. tolerance = 1, sa_iterations = 1000, initial_temperature = 3.0, cooling_rate = 0.999
26 - INFO - chord#: 134 done. best_score=27.0, changed=517, unchanged=301, early_stops=8/8
26 - INFO - chord#: 136 In build_straw_man_chord_sa. tolerance = 1, sa_iterations = 1000, initial_temperature = 3.0, cooling_rate = 0.999
26 - INFO - chord#: 132 done. best_score=27.0, changed=520, unchanged=328, early_stops=8/8
26 - INFO - chord#: 134 In build_straw_man_chord_sa. tolerance = 1, sa_iterations = 1000, initial_temperature = 3.0, cooling_rate = 0.999
26 - INFO - chord#: 102 done. best_score=27.0, changed=520, unchanged=361, early_stops=8/8
26 - INFO - chord#: 104 In build_straw_man_chord_sa. tolerance = 1, sa_iterations = 1000, initial_temperature = 3.0, cooling_rate = 0.999
26 - INFO - chord#: 108 done. best_score=27.0, changed=523, unchanged=461, early_stops=8/8
26 - INFO - chord#: 112 In build_straw_man_chord_sa. tolerance = 1, sa_iterations = 1000, initial_temperature = 3.0, cooling_rate = 0.999
26 - INFO - chord#: 106 done. best_score=36.0, changed=525, unchanged=391, early_stops=8/8
26 - INFO - chord#: 108 In build_straw_man_chord_sa. tolerance = 1, sa_iterations = 1000, initial_temperature = 3.0, cooling_rate = 0.999
26 - INFO - chord#: 120 done. best_score=27.0, changed=523, unchanged=414, early_stops=8/8
26 - INFO - chord#: 124 In build_straw_man_chord_sa. tolerance = 1, sa_iterations = 1000, initial_temperature = 3.0, cooling_rate = 0.999
26 - INFO - chord#: 106 done. best_score=36.0, changed=530, unchanged=403, early_stops=8/8
26 - INFO - chord#: 108 In build_straw_man_chord_sa. tolerance = 1, sa_iterations = 1000, initial_temperature = 3.0, cooling_rate = 0.999
26 - INFO - chord#: 112 done. best_score=27.0, changed=520, unchanged=427, early_stops=8/8
26 - INFO - chord#: 116 In build_straw_man_chord_sa. tolerance = 1, sa_iterations = 1000, initial_temperature = 3.0, cooling_rate = 0.999
26 - INFO - chord#: 136 done. best_score=27.0, changed=523, unchanged=388, early_stops=8/8
26 - INFO - chord#: 138 In build_straw_man_chord_sa. tolerance = 1, sa_iterations = 1000, initial_temperature = 3.0, cooling_rate = 0.999
26 - INFO - chord#: 134 done. best_score=27.0, changed=539, unchanged=310, early_stops=8/8
26 - INFO - chord#: 136 In build_straw_man_chord_sa. tolerance = 1, sa_iterations = 1000, initial_temperature = 3.0, cooling_rate = 0.999
26 - INFO - chord#: 112 done. best_score=27.0, changed=521, unchanged=332, early_stops=8/8
26 - INFO - chord#: 116 In build_straw_man_chord_sa. tolerance = 1, sa_iterations = 1000, initial_temperature = 3.0, cooling_rate = 0.999
26 - INFO - chord#: 104 done. best_score=27.0, changed=530, unchanged=453, early_stops=8/8
26 - INFO - chord#: 106 In build_straw_man_chord_sa. tolerance = 1, sa_iterations = 1000, initial_temperature = 3.0, cooling_rate = 0.999
26 - INFO - chord#: 138 done. best_score=104.0, changed=612, unchanged=318, early_stops=8/8
26 - INFO - chord#: 140 In build_straw_man_chord_sa. tolerance = 1, sa_iterations = 1000, initial_temperature = 3.0, cooling_rate = 0.999
26 - INFO - chord#: 112 done. best_score=27.0, changed=511, unchanged=364, early_stops=8/8
26 - INFO - chord#: 116 In build_straw_man_chord_sa. tolerance = 1, sa_iterations = 1000, initial_temperature = 3.0, cooling_rate = 0.999
26 - INFO - chord#: 108 done. best_score=27.0, changed=516, unchanged=411, early_stops=8/8
26 - INFO - chord#: 112 In build_straw_man_chord_sa. tolerance = 1, sa_iterations = 1000, initial_temperature = 3.0, cooling_rate = 0.999
26 - INFO - chord#: 108 done. best_score=27.0, changed=528, unchanged=372, early_stops=8/8
26 - INFO - chord#: 112 In build_straw_man_chord_sa. tolerance = 1, sa_iterations = 1000, initial_temperature = 3.0, cooling_rate = 0.999
26 - INFO - chord#: 124 done. best_score=27.0, changed=530, unchanged=565, early_stops=8/8
26 - INFO - chord#: 130 In build_straw_man_chord_sa. tolerance = 1, sa_iterations = 1000, initial_temperature = 3.0, cooling_rate = 0.999
26 - INFO - chord#: 136 done. best_score=27.0, changed=524, unchanged=398, early_stops=8/8
26 - INFO - chord#: 138 In build_straw_man_chord_sa. tolerance = 1, sa_iterations = 1000, initial_temperature = 3.0, cooling_rate = 0.999
26 - INFO - chord#: 130 done. best_score=145.0, changed=612, unchanged=395, early_stops=8/8
26 - INFO - chord#: 132 In build_straw_man_chord_sa. tolerance = 1, sa_iterations = 1000, initial_temperature = 3.0, cooling_rate = 0.999
26 - INFO - chord#: 140 done. best_score=27.0, changed=521, unchanged=406, early_stops=8/8
26 - INFO - chord#: 142 In build_straw_man_chord_sa. tolerance = 1, sa_iterations = 1000, initial_temperature = 3.0, cooling_rate = 0.999
26 - INFO - chord#: 106 done. best_score=36.0, changed=524, unchanged=447, early_stops=8/8
26 - INFO - chord#: 108 In build_straw_man_chord_sa. tolerance = 1, sa_iterations = 1000, initial_temperature = 3.0, cooling_rate = 0.999
26 - INFO - chord#: 112 done. best_score=27.0, changed=520, unchanged=406, early_stops=8/8
26 - INFO - chord#: 116 In build_straw_man_chord_sa. tolerance = 1, sa_iterations = 1000, initial_temperature = 3.0, cooling_rate = 0.999
26 - INFO - chord#: 112 done. best_score=27.0, changed=525, unchanged=338, early_stops=8/8
26 - INFO - chord#: 116 In build_straw_man_chord_sa. tolerance = 1, sa_iterations = 1000, initial_temperature = 3.0, cooling_rate = 0.999
26 - INFO - chord#: 100 done. best_score=146.0, changed=615, unchanged=434, early_stops=8/8
26 - INFO - chord#: 102 In build_straw_man_chord_sa. tolerance = 1, sa_iterations = 1000, initial_temperature = 3.0, cooling_rate = 0.999
26 - INFO - chord#: 132 done. best_score=27.0, changed=520, unchanged=343, early_stops=8/8
26 - INFO - chord#: 134 In build_straw_man_chord_sa. tolerance = 1, sa_iterations = 1000, initial_temperature = 3.0, cooling_rate = 0.999
26 - INFO - chord#: 138 done. best_score=104.0, changed=609, unchanged=336, early_stops=8/8
26 - INFO - chord#: 140 In build_straw_man_chord_sa. tolerance = 1, sa_iterations = 1000, initial_temperature = 3.0, cooling_rate = 0.999
26 - INFO - chord#: 108 done. best_score=27.0, changed=517, unchanged=397, early_stops=8/8
26 - INFO - chord#: 112 In build_straw_man_chord_sa. tolerance = 1, sa_iterations = 1000, initial_temperature = 3.0, cooling_rate = 0.999
26 - INFO - chord#: 116 done. best_score=71.0, changed=610, unchanged=213, early_stops=8/8
26 - INFO - chord#: 118 In build_straw_man_chord_sa. tolerance = 1, sa_iterations = 1000, initial_temperature = 3.0, cooling_rate = 0.999
26 - INFO - chord#: 138 done. best_score=64.0, changed=609, unchanged=315, early_stops=8/8
26 - INFO - chord#: 140 In build_straw_man_chord_sa. tolerance = 1, sa_iterations = 1000, initial_temperature = 3.0, cooling_rate = 0.999
26 - INFO - chord#: 116 done. best_score=64.0, changed=617, unchanged=427, early_stops=8/8
26 - INFO - chord#: 118 In build_straw_man_chord_sa. tolerance = 1, sa_iterations = 1000, initial_temperature = 3.0, cooling_rate = 0.999
26 - INFO - chord#: 116 done. best_score=140.0, changed=613, unchanged=340, early_stops=8/8
26 - INFO - chord#: 118 In build_straw_man_chord_sa. tolerance = 1, sa_iterations = 1000, initial_temperature = 3.0, cooling_rate = 0.999
26 - INFO - chord#: 140 done. best_score=27.0, changed=522, unchanged=340, early_stops=8/8
26 - INFO - chord#: 142 In build_straw_man_chord_sa. tolerance = 1, sa_iterations = 1000, initial_temperature = 3.0, cooling_rate = 0.999
26 - INFO - chord#: 130 done. best_score=67.0, changed=610, unchanged=407, early_stops=8/8
26 - INFO - chord#: 132 In build_straw_man_chord_sa. tolerance = 1, sa_iterations = 1000, initial_temperature = 3.0, cooling_rate = 0.999
26 - INFO - chord#: 134 done. best_score=27.0, changed=523, unchanged=314, early_stops=8/8
26 - INFO - chord#: 136 In build_straw_man_chord_sa. tolerance = 1, sa_iterations = 1000, initial_temperature = 3.0, cooling_rate = 0.999
26 - INFO - chord#: 102 done. best_score=27.0, changed=542, unchanged=408, early_stops=8/8
26 - INFO - chord#: 104 In build_straw_man_chord_sa. tolerance = 1, sa_iterations = 1000, initial_temperature = 3.0, cooling_rate = 0.999
26 - INFO - chord#: 142 done. best_score=82.0, changed=612, unchanged=331, early_stops=8/8
26 - INFO - chord#: 144 In build_straw_man_chord_sa. tolerance = 1, sa_iterations = 1000, initial_temperature = 3.0, cooling_rate = 0.999
26 - INFO - chord#: 112 done. best_score=27.0, changed=527, unchanged=388, early_stops=8/8
26 - INFO - chord#: 116 In build_straw_man_chord_sa. tolerance = 1, sa_iterations = 1000, initial_temperature = 3.0, cooling_rate = 0.999
26 - INFO - chord#: 116 done. best_score=71.0, changed=616, unchanged=338, early_stops=8/8
26 - INFO - chord#: 118 In build_straw_man_chord_sa. tolerance = 1, sa_iterations = 1000, initial_temperature = 3.0, cooling_rate = 0.999
26 - INFO - chord#: 140 done. best_score=27.0, changed=523, unchanged=387, early_stops=8/8
26 - INFO - chord#: 142 In build_straw_man_chord_sa. tolerance = 1, sa_iterations = 1000, initial_temperature = 3.0, cooling_rate = 0.999
26 - INFO - chord#: 118 done. best_score=36.0, changed=538, unchanged=335, early_stops=8/8
26 - INFO - chord#: 120 In build_straw_man_chord_sa. tolerance = 1, sa_iterations = 1000, initial_temperature = 3.0, cooling_rate = 0.999
26 - INFO - chord#: 118 done. best_score=27.0, changed=533, unchanged=318, early_stops=8/8
26 - INFO - chord#: 120 In build_straw_man_chord_sa. tolerance = 1, sa_iterations = 1000, initial_temperature = 3.0, cooling_rate = 0.999
26 - INFO - chord#: 118 done. best_score=27.0, changed=523, unchanged=321, early_stops=8/8
26 - INFO - chord#: 120 In build_straw_man_chord_sa. tolerance = 1, sa_iterations = 1000, initial_temperature = 3.0, cooling_rate = 0.999
26 - INFO - chord#: 132 done. best_score=27.0, changed=527, unchanged=482, early_stops=8/8
26 - INFO - chord#: 134 In build_straw_man_chord_sa. tolerance = 1, sa_iterations = 1000, initial_temperature = 3.0, cooling_rate = 0.999
26 - INFO - chord#: 116 done. best_score=71.0, changed=614, unchanged=232, early_stops=8/8
26 - INFO - chord#: 118 In build_straw_man_chord_sa. tolerance = 1, sa_iterations = 1000, initial_temperature = 3.0, cooling_rate = 0.999
26 - INFO - chord#: 144 done. best_score=36.0, changed=514, unchanged=353, early_stops=8/8
26 - INFO - chord#: 146 In build_straw_man_chord_sa. tolerance = 1, sa_iterations = 1000, initial_temperature = 3.0, cooling_rate = 0.999
26 - INFO - chord#: 136 done. best_score=27.0, changed=518, unchanged=320, early_stops=8/8
26 - INFO - chord#: 138 In build_straw_man_chord_sa. tolerance = 1, sa_iterations = 1000, initial_temperature = 3.0, cooling_rate = 0.999
26 - INFO - chord#: 104 done. best_score=27.0, changed=530, unchanged=459, early_stops=8/8
26 - INFO - chord#: 106 In build_straw_man_chord_sa. tolerance = 1, sa_iterations = 1000, initial_temperature = 3.0, cooling_rate = 0.999
26 - INFO - chord#: 118 done. best_score=36.0, changed=528, unchanged=335, early_stops=8/8
26 - INFO - chord#: 120 In build_straw_man_chord_sa. tolerance = 1, sa_iterations = 1000, initial_temperature = 3.0, cooling_rate = 0.999
26 - INFO - chord#: 120 done. best_score=27.0, changed=513, unchanged=448, early_stops=8/8
26 - INFO - chord#: 124 In build_straw_man_chord_sa. tolerance = 1, sa_iterations = 1000, initial_temperature = 3.0, cooling_rate = 0.999
26 - INFO - chord#: 142 done. best_score=90.0, changed=614, unchanged=254, early_stops=8/8
26 - INFO - chord#: 144 In build_straw_man_chord_sa. tolerance = 1, sa_iterations = 1000, initial_temperature = 3.0, cooling_rate = 0.999
26 - INFO - chord#: 134 done. best_score=27.0, changed=528, unchanged=316, early_stops=8/8
26 - INFO - chord#: 136 In build_straw_man_chord_sa. tolerance = 1, sa_iterations = 1000, initial_temperature = 3.0, cooling_rate = 0.999
26 - INFO - chord#: 118 done. best_score=27.0, changed=528, unchanged=330, early_stops=8/8
26 - INFO - chord#: 120 In build_straw_man_chord_sa. tolerance = 1, sa_iterations = 1000, initial_temperature = 3.0, cooling_rate = 0.999
26 - INFO - chord#: 146 done. best_score=27.0, changed=522, unchanged=353, early_stops=8/8
26 - INFO - chord#: 147 In build_straw_man_chord_sa. tolerance = 1, sa_iterations = 1000, initial_temperature = 3.0, cooling_rate = 0.999
26 - INFO - chord#: 120 done. best_score=27.0, changed=528, unchanged=332, early_stops=8/8
26 - INFO - chord#: 124 In build_straw_man_chord_sa. tolerance = 1, sa_iterations = 1000, initial_temperature = 3.0, cooling_rate = 0.999
26 - INFO - chord#: 116 done. best_score=157.0, changed=612, unchanged=247, early_stops=8/8
26 - INFO - chord#: 118 In build_straw_man_chord_sa. tolerance = 1, sa_iterations = 1000, initial_temperature = 3.0, cooling_rate = 0.999
26 - INFO - chord#: 120 done. best_score=27.0, changed=528, unchanged=502, early_stops=8/8
26 - INFO - chord#: 124 In build_straw_man_chord_sa. tolerance = 1, sa_iterations = 1000, initial_temperature = 3.0, cooling_rate = 0.999
26 - INFO - chord#: 124 done. best_score=27.0, changed=517, unchanged=325, early_stops=8/8
26 - INFO - chord#: 130 In build_straw_man_chord_sa. tolerance = 1, sa_iterations = 1000, initial_temperature = 3.0, cooling_rate = 0.999
26 - INFO - chord#: 120 done. best_score=27.0, changed=521, unchanged=442, early_stops=8/8
26 - INFO - chord#: 124 In build_straw_man_chord_sa. tolerance = 1, sa_iterations = 1000, initial_temperature = 3.0, cooling_rate = 0.999
26 - INFO - chord#: 106 done. best_score=36.0, changed=518, unchanged=410, early_stops=8/8
26 - INFO - chord#: 108 In build_straw_man_chord_sa. tolerance = 1, sa_iterations = 1000, initial_temperature = 3.0, cooling_rate = 0.999
26 - INFO - chord#: 144 done. best_score=36.0, changed=521, unchanged=396, early_stops=8/8
26 - INFO - chord#: 146 In build_straw_man_chord_sa. tolerance = 1, sa_iterations = 1000, initial_temperature = 3.0, cooling_rate = 0.999
26 - INFO - chord#: 142 done. best_score=82.0, changed=617, unchanged=444, early_stops=8/8
26 - INFO - chord#: 144 In build_straw_man_chord_sa. tolerance = 1, sa_iterations = 1000, initial_temperature = 3.0, cooling_rate = 0.999
26 - INFO - chord#: 118 done. best_score=27.0, changed=537, unchanged=323, early_stops=8/8
26 - INFO - chord#: 120 In build_straw_man_chord_sa. tolerance = 1, sa_iterations = 1000, initial_temperature = 3.0, cooling_rate = 0.999
26 - INFO - chord#: 120 done. best_score=27.0, changed=522, unchanged=326, early_stops=8/8
26 - INFO - chord#: 124 In build_straw_man_chord_sa. tolerance = 1, sa_iterations = 1000, initial_temperature = 3.0, cooling_rate = 0.999
26 - INFO - chord#: 136 done. best_score=27.0, changed=516, unchanged=380, early_stops=8/8
26 - INFO - chord#: 138 In build_straw_man_chord_sa. tolerance = 1, sa_iterations = 1000, initial_temperature = 3.0, cooling_rate = 0.999
26 - INFO - chord#: 124 done. best_score=27.0, changed=520, unchanged=349, early_stops=8/8
26 - INFO - chord#: 130 In build_straw_man_chord_sa. tolerance = 1, sa_iterations = 1000, initial_temperature = 3.0, cooling_rate = 0.999
26 - INFO - chord#: 124 done. best_score=27.0, changed=523, unchanged=463, early_stops=8/8
26 - INFO - chord#: 130 In build_straw_man_chord_sa. tolerance = 1, sa_iterations = 1000, initial_temperature = 3.0, cooling_rate = 0.999
26 - INFO - chord#: 146 done. best_score=36.0, changed=529, unchanged=326, early_stops=8/8
26 - INFO - chord#: 147 In build_straw_man_chord_sa. tolerance = 1, sa_iterations = 1000, initial_temperature = 3.0, cooling_rate = 0.999
26 - INFO - chord#: 124 done. best_score=27.0, changed=525, unchanged=347, early_stops=8/8
26 - INFO - chord#: 130 In build_straw_man_chord_sa. tolerance = 1, sa_iterations = 1000, initial_temperature = 3.0, cooling_rate = 0.999
26 - INFO - chord#: 108 done. best_score=27.0, changed=518, unchanged=451, early_stops=8/8
26 - INFO - chord#: 112 In build_straw_man_chord_sa. tolerance = 1, sa_iterations = 1000, initial_temperature = 3.0, cooling_rate = 0.999
26 - INFO - chord#: 120 done. best_score=27.0, changed=522, unchanged=426, early_stops=8/8
26 - INFO - chord#: 124 In build_straw_man_chord_sa. tolerance = 1, sa_iterations = 1000, initial_temperature = 3.0, cooling_rate = 0.999
26 - INFO - chord#: 144 done. best_score=36.0, changed=518, unchanged=452, early_stops=8/8
26 - INFO - chord#: 146 In build_straw_man_chord_sa. tolerance = 1, sa_iterations = 1000, initial_temperature = 3.0, cooling_rate = 0.999
26 - INFO - chord#: 138 done. best_score=64.0, changed=617, unchanged=473, early_stops=8/8
26 - INFO - chord#: 140 In build_straw_man_chord_sa. tolerance = 1, sa_iterations = 1000, initial_temperature = 3.0, cooling_rate = 0.999
26 - INFO - chord#: 147 done. best_score=78.0, changed=614, unchanged=401, early_stops=8/8
26 - INFO - chord#: 148 In build_straw_man_chord_sa. tolerance = 1, sa_iterations = 1000, initial_temperature = 3.0, cooling_rate = 0.999
26 - INFO - chord#: 130 done. best_score=67.0, changed=609, unchanged=238, early_stops=8/8
26 - INFO - chord#: 132 In build_straw_man_chord_sa. tolerance = 1, sa_iterations = 1000, initial_temperature = 3.0, cooling_rate = 0.999
26 - INFO - chord#: 124 done. best_score=27.0, changed=523, unchanged=464, early_stops=8/8
26 - INFO - chord#: 130 In build_straw_man_chord_sa. tolerance = 1, sa_iterations = 1000, initial_temperature = 3.0, cooling_rate = 0.999
26 - INFO - chord#: 112 done. best_score=27.0, changed=526, unchanged=410, early_stops=8/8
26 - INFO - chord#: 116 In build_straw_man_chord_sa. tolerance = 1, sa_iterations = 1000, initial_temperature = 3.0, cooling_rate = 0.999
26 - INFO - chord#: 124 done. best_score=27.0, changed=516, unchanged=384, early_stops=8/8
26 - INFO - chord#: 146 done. best_score=36.0, changed=537, unchanged=504, early_stops=8/8
26 - INFO - chord#: 130 In build_straw_man_chord_sa. tolerance = 1, sa_iterations = 1000, initial_temperature = 3.0, cooling_rate = 0.999
26 - INFO - chord#: 147 In build_straw_man_chord_sa. tolerance = 1, sa_iterations = 1000, initial_temperature = 3.0, cooling_rate = 0.999
26 - INFO - chord#: 147 done. best_score=78.0, changed=607, unchanged=204, early_stops=8/8
26 - INFO - chord#: 148 In build_straw_man_chord_sa. tolerance = 1, sa_iterations = 1000, initial_temperature = 3.0, cooling_rate = 0.999
26 - INFO - chord#: 140 done. best_score=27.0, changed=522, unchanged=348, early_stops=8/8
26 - INFO - chord#: 142 In build_straw_man_chord_sa. tolerance = 1, sa_iterations = 1000, initial_temperature = 3.0, cooling_rate = 0.999
26 - INFO - chord#: 148 done. best_score=47.0, changed=522, unchanged=466, early_stops=8/8
26 - INFO - chord#: 150 In build_straw_man_chord_sa. tolerance = 1, sa_iterations = 1000, initial_temperature = 3.0, cooling_rate = 0.999
26 - INFO - chord#: 132 done. best_score=27.0, changed=515, unchanged=340, early_stops=8/8
26 - INFO - chord#: 134 In build_straw_man_chord_sa. tolerance = 1, sa_iterations = 1000, initial_temperature = 3.0, cooling_rate = 0.999
26 - INFO - chord#: 130 done. best_score=145.0, changed=618, unchanged=280, early_stops=8/8
26 - INFO - chord#: 132 In build_straw_man_chord_sa. tolerance = 1, sa_iterations = 1000, initial_temperature = 3.0, cooling_rate = 0.999
26 - INFO - chord#: 130 done. best_score=137.0, changed=605, unchanged=202, early_stops=8/8
26 - INFO - chord#: 132 In build_straw_man_chord_sa. tolerance = 1, sa_iterations = 1000, initial_temperature = 3.0, cooling_rate = 0.999
26 - INFO - chord#: 148 done. best_score=47.0, changed=529, unchanged=425, early_stops=8/8
26 - INFO - chord#: 150 In build_straw_man_chord_sa. tolerance = 1, sa_iterations = 1000, initial_temperature = 3.0, cooling_rate = 0.999
26 - INFO - chord#: 134 done. best_score=27.0, changed=524, unchanged=341, early_stops=8/8
26 - INFO - chord#: 136 In build_straw_man_chord_sa. tolerance = 1, sa_iterations = 1000, initial_temperature = 3.0, cooling_rate = 0.999
26 - INFO - chord#: 130 done. best_score=67.0, changed=609, unchanged=369, early_stops=8/8
26 - INFO - chord#: 132 In build_straw_man_chord_sa. tolerance = 1, sa_iterations = 1000, initial_temperature = 3.0, cooling_rate = 0.999
26 - INFO - chord#: 150 done. best_score=31.0, changed=519, unchanged=365, early_stops=8/8
26 - INFO - chord#: 151 In build_straw_man_chord_sa. tolerance = 1, sa_iterations = 1000, initial_temperature = 3.0, cooling_rate = 0.999
26 - INFO - chord#: 138 done. best_score=64.0, changed=619, unchanged=466, early_stops=8/8
26 - INFO - chord#: 140 In build_straw_man_chord_sa. tolerance = 1, sa_iterations = 1000, initial_temperature = 3.0, cooling_rate = 0.999
26 - INFO - chord#: 132 done. best_score=27.0, changed=525, unchanged=377, early_stops=8/8
26 - INFO - chord#: 134 In build_straw_man_chord_sa. tolerance = 1, sa_iterations = 1000, initial_temperature = 3.0, cooling_rate = 0.999
26 - INFO - chord#: 151 done. best_score=7.0, changed=491, unchanged=323, early_stops=8/8
26 - INFO - chord#: 152 In build_straw_man_chord_sa. tolerance = 1, sa_iterations = 1000, initial_temperature = 3.0, cooling_rate = 0.999
26 - INFO - chord#: 132 done. best_score=27.0, changed=525, unchanged=407, early_stops=8/8
26 - INFO - chord#: 134 In build_straw_man_chord_sa. tolerance = 1, sa_iterations = 1000, initial_temperature = 3.0, cooling_rate = 0.999
26 - INFO - chord#: 130 done. best_score=145.0, changed=608, unchanged=203, early_stops=8/8
26 - INFO - chord#: 132 In build_straw_man_chord_sa. tolerance = 1, sa_iterations = 1000, initial_temperature = 3.0, cooling_rate = 0.999
26 - INFO - chord#: 147 done. best_score=160.0, changed=608, unchanged=272, early_stops=8/8
26 - INFO - chord#: 148 In build_straw_man_chord_sa. tolerance = 1, sa_iterations = 1000, initial_temperature = 3.0, cooling_rate = 0.999
26 - INFO - chord#: 136 done. best_score=27.0, changed=522, unchanged=315, early_stops=8/8
26 - INFO - chord#: 138 In build_straw_man_chord_sa. tolerance = 1, sa_iterations = 1000, initial_temperature = 3.0, cooling_rate = 0.999
26 - INFO - chord#: 150 done. best_score=31.0, changed=528, unchanged=349, early_stops=8/8
26 - INFO - chord#: 151 In build_straw_man_chord_sa. tolerance = 1, sa_iterations = 1000, initial_temperature = 3.0, cooling_rate = 0.999
26 - INFO - chord#: 151 done. best_score=7.0, changed=507, unchanged=305, early_stops=8/8
26 - INFO - chord#: 152 In build_straw_man_chord_sa. tolerance = 1, sa_iterations = 1000, initial_temperature = 3.0, cooling_rate = 0.999
26 - INFO - chord#: 134 done. best_score=27.0, changed=537, unchanged=466, early_stops=8/8
26 - INFO - chord#: 136 In build_straw_man_chord_sa. tolerance = 1, sa_iterations = 1000, initial_temperature = 3.0, cooling_rate = 0.999
26 - INFO - chord#: 132 done. best_score=27.0, changed=530, unchanged=362, early_stops=8/8
26 - INFO - chord#: 134 In build_straw_man_chord_sa. tolerance = 1, sa_iterations = 1000, initial_temperature = 3.0, cooling_rate = 0.999
26 - INFO - chord#: 130 done. best_score=96.0, changed=612, unchanged=335, early_stops=8/8
26 - INFO - chord#: 132 In build_straw_man_chord_sa. tolerance = 1, sa_iterations = 1000, initial_temperature = 3.0, cooling_rate = 0.999
26 - INFO - chord#: 140 done. best_score=27.0, changed=516, unchanged=380, early_stops=8/8
26 - INFO - chord#: 142 In build_straw_man_chord_sa. tolerance = 1, sa_iterations = 1000, initial_temperature = 3.0, cooling_rate = 0.999
26 - INFO - chord#: 152 done. best_score=27.0, changed=515, unchanged=424, early_stops=8/8
26 - INFO - chord#: 154 In build_straw_man_chord_sa. tolerance = 1, sa_iterations = 1000, initial_temperature = 3.0, cooling_rate = 0.999
26 - INFO - chord#: 116 done. best_score=104.0, changed=615, unchanged=278, early_stops=8/8
26 - INFO - chord#: 118 In build_straw_man_chord_sa. tolerance = 1, sa_iterations = 1000, initial_temperature = 3.0, cooling_rate = 0.999
26 - INFO - chord#: 132 done. best_score=27.0, changed=526, unchanged=414, early_stops=8/8
26 - INFO - chord#: 134 In build_straw_man_chord_sa. tolerance = 1, sa_iterations = 1000, initial_temperature = 3.0, cooling_rate = 0.999
26 - INFO - chord#: 134 done. best_score=27.0, changed=533, unchanged=375, early_stops=8/8
26 - INFO - chord#: 136 In build_straw_man_chord_sa. tolerance = 1, sa_iterations = 1000, initial_temperature = 3.0, cooling_rate = 0.999
26 - INFO - chord#: 148 done. best_score=47.0, changed=527, unchanged=421, early_stops=8/8
26 - INFO - chord#: 150 In build_straw_man_chord_sa. tolerance = 1, sa_iterations = 1000, initial_temperature = 3.0, cooling_rate = 0.999
26 - INFO - chord#: 142 done. best_score=82.0, changed=614, unchanged=400, early_stops=8/8
26 - INFO - chord#: 144 In build_straw_man_chord_sa. tolerance = 1, sa_iterations = 1000, initial_temperature = 3.0, cooling_rate = 0.999
26 - INFO - chord#: 152 done. best_score=27.0, changed=516, unchanged=335, early_stops=8/8
26 - INFO - chord#: 154 In build_straw_man_chord_sa. tolerance = 1, sa_iterations = 1000, initial_temperature = 3.0, cooling_rate = 0.999
26 - INFO - chord#: 136 done. best_score=27.0, changed=519, unchanged=384, early_stops=8/8
26 - INFO - chord#: 138 In build_straw_man_chord_sa. tolerance = 1, sa_iterations = 1000, initial_temperature = 3.0, cooling_rate = 0.999
26 - INFO - chord#: 134 done. best_score=27.0, changed=524, unchanged=302, early_stops=8/8
26 - INFO - chord#: 136 In build_straw_man_chord_sa. tolerance = 1, sa_iterations = 1000, initial_temperature = 3.0, cooling_rate = 0.999
26 - INFO - chord#: 132 done. best_score=27.0, changed=521, unchanged=395, early_stops=8/8
26 - INFO - chord#: 134 In build_straw_man_chord_sa. tolerance = 1, sa_iterations = 1000, initial_temperature = 3.0, cooling_rate = 0.999
26 - INFO - chord#: 134 done. best_score=27.0, changed=527, unchanged=361, early_stops=8/8
26 - INFO - chord#: 136 In build_straw_man_chord_sa. tolerance = 1, sa_iterations = 1000, initial_temperature = 3.0, cooling_rate = 0.999
26 - INFO - chord#: 150 done. best_score=31.0, changed=521, unchanged=365, early_stops=8/8
26 - INFO - chord#: 151 In build_straw_man_chord_sa. tolerance = 1, sa_iterations = 1000, initial_temperature = 3.0, cooling_rate = 0.999
26 - INFO - chord#: 118 done. best_score=27.0, changed=530, unchanged=387, early_stops=8/8
26 - INFO - chord#: 120 In build_straw_man_chord_sa. tolerance = 1, sa_iterations = 1000, initial_temperature = 3.0, cooling_rate = 0.999
26 - INFO - chord#: 151 done. best_score=7.0, changed=499, unchanged=312, early_stops=8/8
26 - INFO - chord#: 152 In build_straw_man_chord_sa. tolerance = 1, sa_iterations = 1000, initial_temperature = 3.0, cooling_rate = 0.999
26 - INFO - chord#: 136 done. best_score=27.0, changed=525, unchanged=389, early_stops=8/8
26 - INFO - chord#: 138 In build_straw_man_chord_sa. tolerance = 1, sa_iterations = 1000, initial_temperature = 3.0, cooling_rate = 0.999
26 - INFO - chord#: 138 done. best_score=64.0, changed=614, unchanged=263, early_stops=8/8
26 - INFO - chord#: 140 In build_straw_man_chord_sa. tolerance = 1, sa_iterations = 1000, initial_temperature = 3.0, cooling_rate = 0.999
26 - INFO - chord#: 134 done. best_score=27.0, changed=524, unchanged=284, early_stops=8/8
26 - INFO - chord#: 136 In build_straw_man_chord_sa. tolerance = 1, sa_iterations = 1000, initial_temperature = 3.0, cooling_rate = 0.999
26 - INFO - chord#: 136 done. best_score=27.0, changed=523, unchanged=380, early_stops=8/8
26 - INFO - chord#: 138 In build_straw_man_chord_sa. tolerance = 1, sa_iterations = 1000, initial_temperature = 3.0, cooling_rate = 0.999
26 - INFO - chord#: 144 done. best_score=36.0, changed=527, unchanged=492, early_stops=8/8
26 - INFO - chord#: 146 In build_straw_man_chord_sa. tolerance = 1, sa_iterations = 1000, initial_temperature = 3.0, cooling_rate = 0.999
26 - INFO - chord#: 136 done. best_score=27.0, changed=522, unchanged=376, early_stops=8/8
26 - INFO - chord#: 138 In build_straw_man_chord_sa. tolerance = 1, sa_iterations = 1000, initial_temperature = 3.0, cooling_rate = 0.999
26 - INFO - chord#: 142 done. best_score=90.0, changed=610, unchanged=263, early_stops=8/8
26 - INFO - chord#: 144 In build_straw_man_chord_sa. tolerance = 1, sa_iterations = 1000, initial_temperature = 3.0, cooling_rate = 0.999
26 - INFO - chord#: 140 done. best_score=27.0, changed=522, unchanged=372, early_stops=8/8
26 - INFO - chord#: 142 In build_straw_man_chord_sa. tolerance = 1, sa_iterations = 1000, initial_temperature = 3.0, cooling_rate = 0.999
26 - INFO - chord#: 154 done. best_score=64.0, changed=615, unchanged=494, early_stops=8/8
26 - INFO - chord#: 156 In build_straw_man_chord_sa. tolerance = 1, sa_iterations = 1000, initial_temperature = 3.0, cooling_rate = 0.999
26 - INFO - chord#: 154 done. best_score=64.0, changed=607, unchanged=208, early_stops=8/8
26 - INFO - chord#: 156 In build_straw_man_chord_sa. tolerance = 1, sa_iterations = 1000, initial_temperature = 3.0, cooling_rate = 0.999
26 - INFO - chord#: 120 done. best_score=27.0, changed=523, unchanged=418, early_stops=8/8
26 - INFO - chord#: 124 In build_straw_man_chord_sa. tolerance = 1, sa_iterations = 1000, initial_temperature = 3.0, cooling_rate = 0.999
26 - INFO - chord#: 152 done. best_score=27.0, changed=535, unchanged=592, early_stops=8/8
26 - INFO - chord#: 154 In build_straw_man_chord_sa. tolerance = 1, sa_iterations = 1000, initial_temperature = 3.0, cooling_rate = 0.999
26 - INFO - chord#: 138 done. best_score=64.0, changed=612, unchanged=291, early_stops=8/8
26 - INFO - chord#: 140 In build_straw_man_chord_sa. tolerance = 1, sa_iterations = 1000, initial_temperature = 3.0, cooling_rate = 0.999
26 - INFO - chord#: 146 done. best_score=36.0, changed=521, unchanged=324, early_stops=8/8
26 - INFO - chord#: 147 In build_straw_man_chord_sa. tolerance = 1, sa_iterations = 1000, initial_temperature = 3.0, cooling_rate = 0.999
26 - INFO - chord#: 136 done. best_score=27.0, changed=523, unchanged=564, early_stops=8/8
26 - INFO - chord#: 138 In build_straw_man_chord_sa. tolerance = 1, sa_iterations = 1000, initial_temperature = 3.0, cooling_rate = 0.999
26 - INFO - chord#: 144 done. best_score=36.0, changed=523, unchanged=416, early_stops=8/8
26 - INFO - chord#: 146 In build_straw_man_chord_sa. tolerance = 1, sa_iterations = 1000, initial_temperature = 3.0, cooling_rate = 0.999
26 - INFO - chord#: 140 done. best_score=27.0, changed=524, unchanged=386, early_stops=8/8
26 - INFO - chord#: 142 In build_straw_man_chord_sa. tolerance = 1, sa_iterations = 1000, initial_temperature = 3.0, cooling_rate = 0.999
26 - INFO - chord#: 124 done. best_score=27.0, changed=518, unchanged=364, early_stops=8/8
26 - INFO - chord#: 130 In build_straw_man_chord_sa. tolerance = 1, sa_iterations = 1000, initial_temperature = 3.0, cooling_rate = 0.999
26 - INFO - chord#: 142 done. best_score=82.0, changed=608, unchanged=228, early_stops=8/8
26 - INFO - chord#: 144 In build_straw_man_chord_sa. tolerance = 1, sa_iterations = 1000, initial_temperature = 3.0, cooling_rate = 0.999
26 - INFO - chord#: 138 done. best_score=64.0, changed=613, unchanged=359, early_stops=8/8
26 - INFO - chord#: 140 In build_straw_man_chord_sa. tolerance = 1, sa_iterations = 1000, initial_temperature = 3.0, cooling_rate = 0.999
26 - INFO - chord#: 146 done. best_score=36.0, changed=527, unchanged=344, early_stops=8/8
26 - INFO - chord#: 147 In build_straw_man_chord_sa. tolerance = 1, sa_iterations = 1000, initial_temperature = 3.0, cooling_rate = 0.999
26 - INFO - chord#: 156 done. best_score=119.0, changed=608, unchanged=209, early_stops=8/8
26 - INFO - chord#: 158 In build_straw_man_chord_sa. tolerance = 1, sa_iterations = 1000, initial_temperature = 3.0, cooling_rate = 0.999
26 - INFO - chord#: 156 done. best_score=145.0, changed=613, unchanged=237, early_stops=8/8
26 - INFO - chord#: 158 In build_straw_man_chord_sa. tolerance = 1, sa_iterations = 1000, initial_temperature = 3.0, cooling_rate = 0.999
26 - INFO - chord#: 138 done. best_score=112.0, changed=615, unchanged=474, early_stops=8/8
26 - INFO - chord#: 140 In build_straw_man_chord_sa. tolerance = 1, sa_iterations = 1000, initial_temperature = 3.0, cooling_rate = 0.999
26 - INFO - chord#: 138 done. best_score=104.0, changed=611, unchanged=349, early_stops=8/8
26 - INFO - chord#: 140 In build_straw_man_chord_sa. tolerance = 1, sa_iterations = 1000, initial_temperature = 3.0, cooling_rate = 0.999
26 - INFO - chord#: 154 done. best_score=64.0, changed=610, unchanged=336, early_stops=8/8
26 - INFO - chord#: 156 In build_straw_man_chord_sa. tolerance = 1, sa_iterations = 1000, initial_temperature = 3.0, cooling_rate = 0.999
26 - INFO - chord#: 140 done. best_score=27.0, changed=522, unchanged=362, early_stops=8/8
26 - INFO - chord#: 142 In build_straw_man_chord_sa. tolerance = 1, sa_iterations = 1000, initial_temperature = 3.0, cooling_rate = 0.999
26 - INFO - chord#: 144 done. best_score=36.0, changed=525, unchanged=381, early_stops=8/8
26 - INFO - chord#: 146 In build_straw_man_chord_sa. tolerance = 1, sa_iterations = 1000, initial_temperature = 3.0, cooling_rate = 0.999
26 - INFO - chord#: 140 done. best_score=57.0, changed=528, unchanged=328, early_stops=8/8
26 - INFO - chord#: 142 In build_straw_man_chord_sa. tolerance = 1, sa_iterations = 1000, initial_temperature = 3.0, cooling_rate = 0.999
26 - INFO - chord#: 142 done. best_score=82.0, changed=612, unchanged=303, early_stops=8/8
26 - INFO - chord#: 144 In build_straw_man_chord_sa. tolerance = 1, sa_iterations = 1000, initial_temperature = 3.0, cooling_rate = 0.999
26 - INFO - chord#: 138 done. best_score=146.0, changed=610, unchanged=288, early_stops=8/8
26 - INFO - chord#: 140 In build_straw_man_chord_sa. tolerance = 1, sa_iterations = 1000, initial_temperature = 3.0, cooling_rate = 0.999
26 - INFO - chord#: 146 done. best_score=36.0, changed=527, unchanged=372, early_stops=8/8
26 - INFO - chord#: 147 In build_straw_man_chord_sa. tolerance = 1, sa_iterations = 1000, initial_temperature = 3.0, cooling_rate = 0.999
26 - INFO - chord#: 147 done. best_score=78.0, changed=616, unchanged=462, early_stops=8/8
26 - INFO - chord#: 148 In build_straw_man_chord_sa. tolerance = 1, sa_iterations = 1000, initial_temperature = 3.0, cooling_rate = 0.999
26 - INFO - chord#: 140 done. best_score=27.0, changed=530, unchanged=469, early_stops=8/8
26 - INFO - chord#: 142 In build_straw_man_chord_sa. tolerance = 1, sa_iterations = 1000, initial_temperature = 3.0, cooling_rate = 0.999
26 - INFO - chord#: 158 done. best_score=142.0, changed=615, unchanged=267, early_stops=8/8
26 - INFO - chord#: 160 In build_straw_man_chord_sa. tolerance = 1, sa_iterations = 1000, initial_temperature = 3.0, cooling_rate = 0.999
26 - INFO - chord#: 130 done. best_score=137.0, changed=612, unchanged=238, early_stops=8/8
26 - INFO - chord#: 132 In build_straw_man_chord_sa. tolerance = 1, sa_iterations = 1000, initial_temperature = 3.0, cooling_rate = 0.999
26 - INFO - chord#: 158 done. best_score=140.0, changed=612, unchanged=257, early_stops=8/8
26 - INFO - chord#: 160 In build_straw_man_chord_sa. tolerance = 1, sa_iterations = 1000, initial_temperature = 3.0, cooling_rate = 0.999
26 - INFO - chord#: 144 done. best_score=36.0, changed=526, unchanged=497, early_stops=8/8
26 - INFO - chord#: 146 In build_straw_man_chord_sa. tolerance = 1, sa_iterations = 1000, initial_temperature = 3.0, cooling_rate = 0.999
26 - INFO - chord#: 140 done. best_score=27.0, changed=527, unchanged=359, early_stops=8/8
26 - INFO - chord#: 142 In build_straw_man_chord_sa. tolerance = 1, sa_iterations = 1000, initial_temperature = 3.0, cooling_rate = 0.999
26 - INFO - chord#: 142 done. best_score=82.0, changed=611, unchanged=272, early_stops=8/8
26 - INFO - chord#: 144 In build_straw_man_chord_sa. tolerance = 1, sa_iterations = 1000, initial_temperature = 3.0, cooling_rate = 0.999
26 - INFO - chord#: 148 done. best_score=47.0, changed=529, unchanged=362, early_stops=8/8
26 - INFO - chord#: 150 In build_straw_man_chord_sa. tolerance = 1, sa_iterations = 1000, initial_temperature = 3.0, cooling_rate = 0.999
26 - INFO - chord#: 147 done. best_score=78.0, changed=614, unchanged=380, early_stops=8/8
26 - INFO - chord#: 148 In build_straw_man_chord_sa. tolerance = 1, sa_iterations = 1000, initial_temperature = 3.0, cooling_rate = 0.999
26 - INFO - chord#: 156 done. best_score=145.0, changed=609, unchanged=265, early_stops=8/8
26 - INFO - chord#: 158 In build_straw_man_chord_sa. tolerance = 1, sa_iterations = 1000, initial_temperature = 3.0, cooling_rate = 0.999
26 - INFO - chord#: 132 done. best_score=27.0, changed=527, unchanged=454, early_stops=8/8
26 - INFO - chord#: 134 In build_straw_man_chord_sa. tolerance = 1, sa_iterations = 1000, initial_temperature = 3.0, cooling_rate = 0.999
26 - INFO - chord#: 146 done. best_score=36.0, changed=535, unchanged=364, early_stops=8/8
26 - INFO - chord#: 147 In build_straw_man_chord_sa. tolerance = 1, sa_iterations = 1000, initial_temperature = 3.0, cooling_rate = 0.999
26 - INFO - chord#: 144 done. best_score=36.0, changed=529, unchanged=497, early_stops=8/8
26 - INFO - chord#: 146 In build_straw_man_chord_sa. tolerance = 1, sa_iterations = 1000, initial_temperature = 3.0, cooling_rate = 0.999
26 - INFO - chord#: 147 done. best_score=78.0, changed=617, unchanged=289, early_stops=8/8
26 - INFO - chord#: 148 In build_straw_man_chord_sa. tolerance = 1, sa_iterations = 1000, initial_temperature = 3.0, cooling_rate = 0.999
26 - INFO - chord#: 160 done. best_score=124.0, changed=617, unchanged=297, early_stops=8/8
26 - INFO - chord#: 162 In build_straw_man_chord_sa. tolerance = 1, sa_iterations = 1000, initial_temperature = 3.0, cooling_rate = 0.999
26 - INFO - chord#: 148 done. best_score=47.0, changed=523, unchanged=299, early_stops=8/8
26 - INFO - chord#: 150 In build_straw_man_chord_sa. tolerance = 1, sa_iterations = 1000, initial_temperature = 3.0, cooling_rate = 0.999
26 - INFO - chord#: 142 done. best_score=127.0, changed=618, unchanged=417, early_stops=8/8
26 - INFO - chord#: 144 In build_straw_man_chord_sa. tolerance = 1, sa_iterations = 1000, initial_temperature = 3.0, cooling_rate = 0.999
26 - INFO - chord#: 134 done. best_score=27.0, changed=525, unchanged=344, early_stops=8/8
26 - INFO - chord#: 136 In build_straw_man_chord_sa. tolerance = 1, sa_iterations = 1000, initial_temperature = 3.0, cooling_rate = 0.999
26 - INFO - chord#: 160 done. best_score=97.0, changed=613, unchanged=296, early_stops=8/8
26 - INFO - chord#: 162 In build_straw_man_chord_sa. tolerance = 1, sa_iterations = 1000, initial_temperature = 3.0, cooling_rate = 0.999
26 - INFO - chord#: 142 done. best_score=90.0, changed=610, unchanged=266, early_stops=8/8
26 - INFO - chord#: 144 In build_straw_man_chord_sa. tolerance = 1, sa_iterations = 1000, initial_temperature = 3.0, cooling_rate = 0.999
26 - INFO - chord#: 150 done. best_score=31.0, changed=527, unchanged=517, early_stops=8/8
26 - INFO - chord#: 151 In build_straw_man_chord_sa. tolerance = 1, sa_iterations = 1000, initial_temperature = 3.0, cooling_rate = 0.999
26 - INFO - chord#: 146 done. best_score=36.0, changed=518, unchanged=318, early_stops=8/8
26 - INFO - chord#: 147 In build_straw_man_chord_sa. tolerance = 1, sa_iterations = 1000, initial_temperature = 3.0, cooling_rate = 0.999
26 - INFO - chord#: 148 done. best_score=84.0, changed=532, unchanged=360, early_stops=8/8
26 - INFO - chord#: 150 In build_straw_man_chord_sa. tolerance = 1, sa_iterations = 1000, initial_temperature = 3.0, cooling_rate = 0.999
26 - INFO - chord#: 151 done. best_score=7.0, changed=510, unchanged=304, early_stops=8/8
26 - INFO - chord#: 152 In build_straw_man_chord_sa. tolerance = 1, sa_iterations = 1000, initial_temperature = 3.0, cooling_rate = 0.999
26 - INFO - chord#: 158 done. best_score=145.0, changed=614, unchanged=216, early_stops=8/8
26 - INFO - chord#: 160 In build_straw_man_chord_sa. tolerance = 1, sa_iterations = 1000, initial_temperature = 3.0, cooling_rate = 0.999
26 - INFO - chord#: 162 done. best_score=27.0, changed=531, unchanged=379, early_stops=8/8
26 - INFO - chord#: 164 In build_straw_man_chord_sa. tolerance = 1, sa_iterations = 1000, initial_temperature = 3.0, cooling_rate = 0.999
26 - INFO - chord#: 162 done. best_score=27.0, changed=525, unchanged=312, early_stops=8/8
26 - INFO - chord#: 164 In build_straw_man_chord_sa. tolerance = 1, sa_iterations = 1000, initial_temperature = 3.0, cooling_rate = 0.999
26 - INFO - chord#: 150 done. best_score=31.0, changed=518, unchanged=489, early_stops=8/8
26 - INFO - chord#: 151 In build_straw_man_chord_sa. tolerance = 1, sa_iterations = 1000, initial_temperature = 3.0, cooling_rate = 0.999
26 - INFO - chord#: 144 done. best_score=36.0, changed=526, unchanged=383, early_stops=8/8
26 - INFO - chord#: 146 In build_straw_man_chord_sa. tolerance = 1, sa_iterations = 1000, initial_temperature = 3.0, cooling_rate = 0.999
26 - INFO - chord#: 142 done. best_score=120.0, changed=615, unchanged=383, early_stops=8/8
26 - INFO - chord#: 144 In build_straw_man_chord_sa. tolerance = 1, sa_iterations = 1000, initial_temperature = 3.0, cooling_rate = 0.999
26 - INFO - chord#: 136 done. best_score=27.0, changed=526, unchanged=361, early_stops=8/8
26 - INFO - chord#: 138 In build_straw_man_chord_sa. tolerance = 1, sa_iterations = 1000, initial_temperature = 3.0, cooling_rate = 0.999
26 - INFO - chord#: 147 done. best_score=119.0, changed=619, unchanged=348, early_stops=8/8
26 - INFO - chord#: 148 In build_straw_man_chord_sa. tolerance = 1, sa_iterations = 1000, initial_temperature = 3.0, cooling_rate = 0.999
26 - INFO - chord#: 144 done. best_score=36.0, changed=519, unchanged=349, early_stops=8/8
26 - INFO - chord#: 146 In build_straw_man_chord_sa. tolerance = 1, sa_iterations = 1000, initial_temperature = 3.0, cooling_rate = 0.999
26 - INFO - chord#: 150 done. best_score=31.0, changed=527, unchanged=443, early_stops=8/8
26 - INFO - chord#: 151 In build_straw_man_chord_sa. tolerance = 1, sa_iterations = 1000, initial_temperature = 3.0, cooling_rate = 0.999
26 - INFO - chord#: 151 done. best_score=7.0, changed=480, unchanged=333, early_stops=8/8
26 - INFO - chord#: 152 In build_straw_man_chord_sa. tolerance = 1, sa_iterations = 1000, initial_temperature = 3.0, cooling_rate = 0.999
26 - INFO - chord#: 152 done. best_score=27.0, changed=513, unchanged=330, early_stops=8/8
26 - INFO - chord#: 154 In build_straw_man_chord_sa. tolerance = 1, sa_iterations = 1000, initial_temperature = 3.0, cooling_rate = 0.999
26 - INFO - chord#: 151 done. best_score=7.0, changed=500, unchanged=308, early_stops=8/8
26 - INFO - chord#: 152 In build_straw_man_chord_sa. tolerance = 1, sa_iterations = 1000, initial_temperature = 3.0, cooling_rate = 0.999
26 - INFO - chord#: 148 done. best_score=84.0, changed=521, unchanged=377, early_stops=8/8
26 - INFO - chord#: 150 In build_straw_man_chord_sa. tolerance = 1, sa_iterations = 1000, initial_temperature = 3.0, cooling_rate = 0.999
26 - INFO - chord#: 146 done. best_score=27.0, changed=517, unchanged=453, early_stops=8/8
26 - INFO - chord#: 147 In build_straw_man_chord_sa. tolerance = 1, sa_iterations = 1000, initial_temperature = 3.0, cooling_rate = 0.999
26 - INFO - chord#: 146 done. best_score=27.0, changed=517, unchanged=381, early_stops=8/8
26 - INFO - chord#: 147 In build_straw_man_chord_sa. tolerance = 1, sa_iterations = 1000, initial_temperature = 3.0, cooling_rate = 0.999
26 - INFO - chord#: 160 done. best_score=146.0, changed=614, unchanged=247, early_stops=8/8
26 - INFO - chord#: 162 In build_straw_man_chord_sa. tolerance = 1, sa_iterations = 1000, initial_temperature = 3.0, cooling_rate = 0.999
26 - INFO - chord#: 152 done. best_score=27.0, changed=512, unchanged=362, early_stops=8/8
26 - INFO - chord#: 154 In build_straw_man_chord_sa. tolerance = 1, sa_iterations = 1000, initial_temperature = 3.0, cooling_rate = 0.999
26 - INFO - chord#: 144 done. best_score=36.0, changed=523, unchanged=487, early_stops=8/8
26 - INFO - chord#: 146 In build_straw_man_chord_sa. tolerance = 1, sa_iterations = 1000, initial_temperature = 3.0, cooling_rate = 0.999
26 - INFO - chord#: 164 done. best_score=78.0, changed=611, unchanged=325, early_stops=8/8
26 - INFO - chord#: 168 In build_straw_man_chord_sa. tolerance = 1, sa_iterations = 1000, initial_temperature = 3.0, cooling_rate = 0.999
26 - INFO - chord#: 147 done. best_score=160.0, changed=612, unchanged=441, early_stops=8/8
26 - INFO - chord#: 148 In build_straw_man_chord_sa. tolerance = 1, sa_iterations = 1000, initial_temperature = 3.0, cooling_rate = 0.999
26 - INFO - chord#: 164 done. best_score=67.0, changed=613, unchanged=229, early_stops=8/8
26 - INFO - chord#: 168 In build_straw_man_chord_sa. tolerance = 1, sa_iterations = 1000, initial_temperature = 3.0, cooling_rate = 0.999
26 - INFO - chord#: 152 done. best_score=27.0, changed=527, unchanged=511, early_stops=8/8
26 - INFO - chord#: 154 In build_straw_man_chord_sa. tolerance = 1, sa_iterations = 1000, initial_temperature = 3.0, cooling_rate = 0.999
26 - INFO - chord#: 162 done. best_score=36.0, changed=537, unchanged=291, early_stops=8/8
26 - INFO - chord#: 164 In build_straw_man_chord_sa. tolerance = 1, sa_iterations = 1000, initial_temperature = 3.0, cooling_rate = 0.999
26 - INFO - chord#: 150 done. best_score=31.0, changed=527, unchanged=441, early_stops=8/8
26 - INFO - chord#: 151 In build_straw_man_chord_sa. tolerance = 1, sa_iterations = 1000, initial_temperature = 3.0, cooling_rate = 0.999
26 - INFO - chord#: 151 done. best_score=7.0, changed=507, unchanged=311, early_stops=8/8
26 - INFO - chord#: 152 In build_straw_man_chord_sa. tolerance = 1, sa_iterations = 1000, initial_temperature = 3.0, cooling_rate = 0.999
26 - INFO - chord#: 168 done. best_score=27.0, changed=518, unchanged=375, early_stops=8/8
26 - INFO - chord#: 170 In build_straw_man_chord_sa. tolerance = 1, sa_iterations = 1000, initial_temperature = 3.0, cooling_rate = 0.999
26 - INFO - chord#: 146 done. best_score=36.0, changed=521, unchanged=330, early_stops=8/8
26 - INFO - chord#: 147 In build_straw_man_chord_sa. tolerance = 1, sa_iterations = 1000, initial_temperature = 3.0, cooling_rate = 0.999
26 - INFO - chord#: 168 done. best_score=27.0, changed=516, unchanged=397, early_stops=8/8
26 - INFO - chord#: 170 In build_straw_man_chord_sa. tolerance = 1, sa_iterations = 1000, initial_temperature = 3.0, cooling_rate = 0.999
26 - INFO - chord#: 148 done. best_score=47.0, changed=521, unchanged=361, early_stops=8/8
26 - INFO - chord#: 150 In build_straw_man_chord_sa. tolerance = 1, sa_iterations = 1000, initial_temperature = 3.0, cooling_rate = 0.999
26 - INFO - chord#: 138 done. best_score=104.0, changed=611, unchanged=237, early_stops=8/8
26 - INFO - chord#: 140 In build_straw_man_chord_sa. tolerance = 1, sa_iterations = 1000, initial_temperature = 3.0, cooling_rate = 0.999
26 - INFO - chord#: 154 done. best_score=64.0, changed=616, unchanged=415, early_stops=8/8
26 - INFO - chord#: 156 In build_straw_man_chord_sa. tolerance = 1, sa_iterations = 1000, initial_temperature = 3.0, cooling_rate = 0.999
26 - INFO - chord#: 150 done. best_score=31.0, changed=526, unchanged=380, early_stops=8/8
26 - INFO - chord#: 151 In build_straw_man_chord_sa. tolerance = 1, sa_iterations = 1000, initial_temperature = 3.0, cooling_rate = 0.999
26 - INFO - chord#: 154 done. best_score=146.0, changed=611, unchanged=313, early_stops=8/8
26 - INFO - chord#: 156 In build_straw_man_chord_sa. tolerance = 1, sa_iterations = 1000, initial_temperature = 3.0, cooling_rate = 0.999
26 - INFO - chord#: 152 done. best_score=27.0, changed=525, unchanged=588, early_stops=8/8
26 - INFO - chord#: 154 In build_straw_man_chord_sa. tolerance = 1, sa_iterations = 1000, initial_temperature = 3.0, cooling_rate = 0.999
26 - INFO - chord#: 151 done. best_score=7.0, changed=489, unchanged=319, early_stops=8/8
26 - INFO - chord#: 152 In build_straw_man_chord_sa. tolerance = 1, sa_iterations = 1000, initial_temperature = 3.0, cooling_rate = 0.999
26 - INFO - chord#: 140 done. best_score=27.0, changed=528, unchanged=393, early_stops=8/8
26 - INFO - chord#: 142 In build_straw_man_chord_sa. tolerance = 1, sa_iterations = 1000, initial_temperature = 3.0, cooling_rate = 0.999
26 - INFO - chord#: 147 done. best_score=67.0, changed=608, unchanged=307, early_stops=8/8
26 - INFO - chord#: 148 In build_straw_man_chord_sa. tolerance = 1, sa_iterations = 1000, initial_temperature = 3.0, cooling_rate = 0.999
26 - INFO - chord#: 147 done. best_score=145.0, changed=611, unchanged=265, early_stops=8/8
26 - INFO - chord#: 148 In build_straw_man_chord_sa. tolerance = 1, sa_iterations = 1000, initial_temperature = 3.0, cooling_rate = 0.999
26 - INFO - chord#: 164 done. best_score=78.0, changed=617, unchanged=431, early_stops=8/8
26 - INFO - chord#: 168 In build_straw_man_chord_sa. tolerance = 1, sa_iterations = 1000, initial_temperature = 3.0, cooling_rate = 0.999
26 - INFO - chord#: 154 done. best_score=146.0, changed=613, unchanged=303, early_stops=8/8
26 - INFO - chord#: 156 In build_straw_man_chord_sa. tolerance = 1, sa_iterations = 1000, initial_temperature = 3.0, cooling_rate = 0.999
26 - INFO - chord#: 170 done. best_score=137.0, changed=612, unchanged=239, early_stops=8/8
26 - INFO - chord#: 172 In build_straw_man_chord_sa. tolerance = 1, sa_iterations = 1000, initial_temperature = 3.0, cooling_rate = 0.999
26 - INFO - chord#: 170 done. best_score=137.0, changed=610, unchanged=280, early_stops=8/8
26 - INFO - chord#: 172 In build_straw_man_chord_sa. tolerance = 1, sa_iterations = 1000, initial_temperature = 3.0, cooling_rate = 0.999
26 - INFO - chord#: 152 done. best_score=27.0, changed=518, unchanged=361, early_stops=8/8
26 - INFO - chord#: 154 In build_straw_man_chord_sa. tolerance = 1, sa_iterations = 1000, initial_temperature = 3.0, cooling_rate = 0.999
26 - INFO - chord#: 148 done. best_score=49.0, changed=519, unchanged=335, early_stops=8/8
26 - INFO - chord#: 150 In build_straw_man_chord_sa. tolerance = 1, sa_iterations = 1000, initial_temperature = 3.0, cooling_rate = 0.999
26 - INFO - chord#: 147 done. best_score=119.0, changed=610, unchanged=269, early_stops=8/8
26 - INFO - chord#: 148 In build_straw_man_chord_sa. tolerance = 1, sa_iterations = 1000, initial_temperature = 3.0, cooling_rate = 0.999
26 - INFO - chord#: 148 done. best_score=47.0, changed=524, unchanged=393, early_stops=8/8
26 - INFO - chord#: 150 In build_straw_man_chord_sa. tolerance = 1, sa_iterations = 1000, initial_temperature = 3.0, cooling_rate = 0.999
26 - INFO - chord#: 168 done. best_score=27.0, changed=517, unchanged=337, early_stops=8/8
26 - INFO - chord#: 170 In build_straw_man_chord_sa. tolerance = 1, sa_iterations = 1000, initial_temperature = 3.0, cooling_rate = 0.999
26 - INFO - chord#: 172 done. best_score=27.0, changed=527, unchanged=366, early_stops=8/8
26 - INFO - chord#: 172 done. best_score=27.0, changed=522, unchanged=420, early_stops=8/8
26 - INFO - chord#: 154 done. best_score=64.0, changed=616, unchanged=296, early_stops=8/8
26 - INFO - chord#: 156 In build_straw_man_chord_sa. tolerance = 1, sa_iterations = 1000, initial_temperature = 3.0, cooling_rate = 0.999
26 - INFO - chord#: 150 done. best_score=49.0, changed=524, unchanged=355, early_stops=8/8
26 - INFO - chord#: 151 In build_straw_man_chord_sa. tolerance = 1, sa_iterations = 1000, initial_temperature = 3.0, cooling_rate = 0.999
26 - INFO - chord#: 156 done. best_score=67.0, changed=613, unchanged=307, early_stops=8/8
26 - INFO - chord#: 158 In build_straw_man_chord_sa. tolerance = 1, sa_iterations = 1000, initial_temperature = 3.0, cooling_rate = 0.999
26 - INFO - chord#: 148 done. best_score=84.0, changed=528, unchanged=300, early_stops=8/8
26 - INFO - chord#: 150 In build_straw_man_chord_sa. tolerance = 1, sa_iterations = 1000, initial_temperature = 3.0, cooling_rate = 0.999
26 - INFO - chord#: 151 done. best_score=19.0, changed=453, unchanged=349, early_stops=8/8
26 - INFO - chord#: 152 In build_straw_man_chord_sa. tolerance = 1, sa_iterations = 1000, initial_temperature = 3.0, cooling_rate = 0.999
26 - INFO - chord#: 150 done. best_score=31.0, changed=523, unchanged=375, early_stops=8/8
26 - INFO - chord#: 151 In build_straw_man_chord_sa. tolerance = 1, sa_iterations = 1000, initial_temperature = 3.0, cooling_rate = 0.999
26 - INFO - chord#: 142 done. best_score=82.0, changed=612, unchanged=399, early_stops=8/8
26 - INFO - chord#: 144 In build_straw_man_chord_sa. tolerance = 1, sa_iterations = 1000, initial_temperature = 3.0, cooling_rate = 0.999
26 - INFO - chord#: 151 done. best_score=7.0, changed=496, unchanged=338, early_stops=8/8
26 - INFO - chord#: 152 In build_straw_man_chord_sa. tolerance = 1, sa_iterations = 1000, initial_temperature = 3.0, cooling_rate = 0.999
26 - INFO - chord#: 154 done. best_score=146.0, changed=613, unchanged=219, early_stops=8/8
26 - INFO - chord#: 156 In build_straw_man_chord_sa. tolerance = 1, sa_iterations = 1000, initial_temperature = 3.0, cooling_rate = 0.999
26 - INFO - chord#: 156 done. best_score=78.0, changed=613, unchanged=360, early_stops=8/8
26 - INFO - chord#: 158 In build_straw_man_chord_sa. tolerance = 1, sa_iterations = 1000, initial_temperature = 3.0, cooling_rate = 0.999
26 - INFO - chord#: 150 done. best_score=58.0, changed=523, unchanged=361, early_stops=8/8
26 - INFO - chord#: 151 In build_straw_man_chord_sa. tolerance = 1, sa_iterations = 1000, initial_temperature = 3.0, cooling_rate = 0.999
26 - INFO - chord#: 152 done. best_score=27.0, changed=523, unchanged=440, early_stops=8/8
26 - INFO - chord#: 154 In build_straw_man_chord_sa. tolerance = 1, sa_iterations = 1000, initial_temperature = 3.0, cooling_rate = 0.999
26 - INFO - chord#: 170 done. best_score=137.0, changed=612, unchanged=246, early_stops=8/8
26 - INFO - chord#: 172 In build_straw_man_chord_sa. tolerance = 1, sa_iterations = 1000, initial_temperature = 3.0, cooling_rate = 0.999
26 - INFO - chord#: 151 done. best_score=7.0, changed=536, unchanged=274, early_stops=8/8
26 - INFO - chord#: 152 In build_straw_man_chord_sa. tolerance = 1, sa_iterations = 1000, initial_temperature = 3.0, cooling_rate = 0.999
26 - INFO - chord#: 144 done. best_score=36.0, changed=520, unchanged=364, early_stops=8/8
26 - INFO - chord#: 146 In build_straw_man_chord_sa. tolerance = 1, sa_iterations = 1000, initial_temperature = 3.0, cooling_rate = 0.999
26 - INFO - chord#: 156 done. best_score=67.0, changed=623, unchanged=331, early_stops=8/8
26 - INFO - chord#: 158 In build_straw_man_chord_sa. tolerance = 1, sa_iterations = 1000, initial_temperature = 3.0, cooling_rate = 0.999
26 - INFO - chord#: 158 done. best_score=142.0, changed=610, unchanged=226, early_stops=8/8
26 - INFO - chord#: 160 In build_straw_man_chord_sa. tolerance = 1, sa_iterations = 1000, initial_temperature = 3.0, cooling_rate = 0.999
26 - INFO - chord#: 152 done. best_score=27.0, changed=522, unchanged=448, early_stops=8/8
26 - INFO - chord#: 154 In build_straw_man_chord_sa. tolerance = 1, sa_iterations = 1000, initial_temperature = 3.0, cooling_rate = 0.999
26 - INFO - chord#: 146 done. best_score=36.0, changed=530, unchanged=419, early_stops=8/8
26 - INFO - chord#: 147 In build_straw_man_chord_sa. tolerance = 1, sa_iterations = 1000, initial_temperature = 3.0, cooling_rate = 0.999
26 - INFO - chord#: 172 done. best_score=27.0, changed=524, unchanged=519, early_stops=8/8
26 - INFO - chord#: 152 done. best_score=27.0, changed=525, unchanged=377, early_stops=8/8
26 - INFO - chord#: 154 In build_straw_man_chord_sa. tolerance = 1, sa_iterations = 1000, initial_temperature = 3.0, cooling_rate = 0.999
26 - INFO - chord#: 156 done. best_score=67.0, changed=615, unchanged=314, early_stops=8/8
26 - INFO - chord#: 158 In build_straw_man_chord_sa. tolerance = 1, sa_iterations = 1000, initial_temperature = 3.0, cooling_rate = 0.999
26 - INFO - chord#: 156 done. best_score=67.0, changed=615, unchanged=591, early_stops=8/8
26 - INFO - chord#: 158 In build_straw_man_chord_sa. tolerance = 1, sa_iterations = 1000, initial_temperature = 3.0, cooling_rate = 0.999
26 - INFO - chord#: 158 done. best_score=140.0, changed=613, unchanged=311, early_stops=8/8
26 - INFO - chord#: 160 In build_straw_man_chord_sa. tolerance = 1, sa_iterations = 1000, initial_temperature = 3.0, cooling_rate = 0.999
26 - INFO - chord#: 154 done. best_score=155.0, changed=613, unchanged=368, early_stops=8/8
26 - INFO - chord#: 156 In build_straw_man_chord_sa. tolerance = 1, sa_iterations = 1000, initial_temperature = 3.0, cooling_rate = 0.999
26 - INFO - chord#: 160 done. best_score=146.0, changed=610, unchanged=309, early_stops=8/8
26 - INFO - chord#: 162 In build_straw_man_chord_sa. tolerance = 1, sa_iterations = 1000, initial_temperature = 3.0, cooling_rate = 0.999
26 - INFO - chord#: 158 done. best_score=140.0, changed=614, unchanged=336, early_stops=8/8
26 - INFO - chord#: 160 In build_straw_man_chord_sa. tolerance = 1, sa_iterations = 1000, initial_temperature = 3.0, cooling_rate = 0.999
26 - INFO - chord#: 162 done. best_score=36.0, changed=560, unchanged=255, early_stops=8/8
26 - INFO - chord#: 164 In build_straw_man_chord_sa. tolerance = 1, sa_iterations = 1000, initial_temperature = 3.0, cooling_rate = 0.999
26 - INFO - chord#: 147 done. best_score=78.0, changed=621, unchanged=417, early_stops=8/8
26 - INFO - chord#: 148 In build_straw_man_chord_sa. tolerance = 1, sa_iterations = 1000, initial_temperature = 3.0, cooling_rate = 0.999
26 - INFO - chord#: 154 done. best_score=64.0, changed=613, unchanged=294, early_stops=8/8
26 - INFO - chord#: 156 In build_straw_man_chord_sa. tolerance = 1, sa_iterations = 1000, initial_temperature = 3.0, cooling_rate = 0.999
26 - INFO - chord#: 158 done. best_score=142.0, changed=616, unchanged=216, early_stops=8/8
26 - INFO - chord#: 160 In build_straw_man_chord_sa. tolerance = 1, sa_iterations = 1000, initial_temperature = 3.0, cooling_rate = 0.999
26 - INFO - chord#: 158 done. best_score=142.0, changed=610, unchanged=264, early_stops=8/8
26 - INFO - chord#: 160 In build_straw_man_chord_sa. tolerance = 1, sa_iterations = 1000, initial_temperature = 3.0, cooling_rate = 0.999
26 - INFO - chord#: 160 done. best_score=146.0, changed=614, unchanged=245, early_stops=8/8
26 - INFO - chord#: 162 In build_straw_man_chord_sa. tolerance = 1, sa_iterations = 1000, initial_temperature = 3.0, cooling_rate = 0.999
26 - INFO - chord#: 148 done. best_score=47.0, changed=526, unchanged=351, early_stops=8/8
26 - INFO - chord#: 150 In build_straw_man_chord_sa. tolerance = 1, sa_iterations = 1000, initial_temperature = 3.0, cooling_rate = 0.999
26 - INFO - chord#: 162 done. best_score=36.0, changed=578, unchanged=236, early_stops=8/8
26 - INFO - chord#: 164 In build_straw_man_chord_sa. tolerance = 1, sa_iterations = 1000, initial_temperature = 3.0, cooling_rate = 0.999
26 - INFO - chord#: 154 done. best_score=64.0, changed=612, unchanged=417, early_stops=8/8
26 - INFO - chord#: 156 In build_straw_man_chord_sa. tolerance = 1, sa_iterations = 1000, initial_temperature = 3.0, cooling_rate = 0.999
26 - INFO - chord#: 156 done. best_score=169.0, changed=615, unchanged=273, early_stops=8/8
26 - INFO - chord#: 158 In build_straw_man_chord_sa. tolerance = 1, sa_iterations = 1000, initial_temperature = 3.0, cooling_rate = 0.999
26 - INFO - chord#: 160 done. best_score=120.0, changed=610, unchanged=217, early_stops=8/8
26 - INFO - chord#: 162 In build_straw_man_chord_sa. tolerance = 1, sa_iterations = 1000, initial_temperature = 3.0, cooling_rate = 0.999
26 - INFO - chord#: 160 done. best_score=163.0, changed=612, unchanged=287, early_stops=8/8
26 - INFO - chord#: 162 In build_straw_man_chord_sa. tolerance = 1, sa_iterations = 1000, initial_temperature = 3.0, cooling_rate = 0.999
26 - INFO - chord#: 150 done. best_score=31.0, changed=524, unchanged=509, early_stops=8/8
26 - INFO - chord#: 151 In build_straw_man_chord_sa. tolerance = 1, sa_iterations = 1000, initial_temperature = 3.0, cooling_rate = 0.999
26 - INFO - chord#: 160 done. best_score=124.0, changed=610, unchanged=311, early_stops=8/8
26 - INFO - chord#: 162 In build_straw_man_chord_sa. tolerance = 1, sa_iterations = 1000, initial_temperature = 3.0, cooling_rate = 0.999
26 - INFO - chord#: 151 done. best_score=7.0, changed=510, unchanged=308, early_stops=8/8
26 - INFO - chord#: 152 In build_straw_man_chord_sa. tolerance = 1, sa_iterations = 1000, initial_temperature = 3.0, cooling_rate = 0.999
26 - INFO - chord#: 164 done. best_score=78.0, changed=616, unchanged=465, early_stops=8/8
26 - INFO - chord#: 168 In build_straw_man_chord_sa. tolerance = 1, sa_iterations = 1000, initial_temperature = 3.0, cooling_rate = 0.999
26 - INFO - chord#: 162 done. best_score=27.0, changed=532, unchanged=306, early_stops=8/8
26 - INFO - chord#: 164 In build_straw_man_chord_sa. tolerance = 1, sa_iterations = 1000, initial_temperature = 3.0, cooling_rate = 0.999
26 - INFO - chord#: 156 done. best_score=162.0, changed=608, unchanged=227, early_stops=8/8
26 - INFO - chord#: 158 In build_straw_man_chord_sa. tolerance = 1, sa_iterations = 1000, initial_temperature = 3.0, cooling_rate = 0.999
26 - INFO - chord#: 162 done. best_score=27.0, changed=559, unchanged=305, early_stops=8/8
26 - INFO - chord#: 164 In build_straw_man_chord_sa. tolerance = 1, sa_iterations = 1000, initial_temperature = 3.0, cooling_rate = 0.999
26 - INFO - chord#: 162 done. best_score=61.0, changed=541, unchanged=323, early_stops=8/8
26 - INFO - chord#: 164 In build_straw_man_chord_sa. tolerance = 1, sa_iterations = 1000, initial_temperature = 3.0, cooling_rate = 0.999
26 - INFO - chord#: 152 done. best_score=27.0, changed=521, unchanged=413, early_stops=8/8
26 - INFO - chord#: 154 In build_straw_man_chord_sa. tolerance = 1, sa_iterations = 1000, initial_temperature = 3.0, cooling_rate = 0.999
26 - INFO - chord#: 164 done. best_score=93.0, changed=610, unchanged=360, early_stops=8/8
26 - INFO - chord#: 168 In build_straw_man_chord_sa. tolerance = 1, sa_iterations = 1000, initial_temperature = 3.0, cooling_rate = 0.999
26 - INFO - chord#: 158 done. best_score=145.0, changed=617, unchanged=374, early_stops=8/8
26 - INFO - chord#: 160 In build_straw_man_chord_sa. tolerance = 1, sa_iterations = 1000, initial_temperature = 3.0, cooling_rate = 0.999
26 - INFO - chord#: 168 done. best_score=27.0, changed=523, unchanged=491, early_stops=8/8
26 - INFO - chord#: 170 In build_straw_man_chord_sa. tolerance = 1, sa_iterations = 1000, initial_temperature = 3.0, cooling_rate = 0.999
26 - INFO - chord#: 168 done. best_score=27.0, changed=520, unchanged=364, early_stops=8/8
26 - INFO - chord#: 170 In build_straw_man_chord_sa. tolerance = 1, sa_iterations = 1000, initial_temperature = 3.0, cooling_rate = 0.999
26 - INFO - chord#: 164 done. best_score=67.0, changed=614, unchanged=302, early_stops=8/8
26 - INFO - chord#: 168 In build_straw_man_chord_sa. tolerance = 1, sa_iterations = 1000, initial_temperature = 3.0, cooling_rate = 0.999
26 - INFO - chord#: 156 done. best_score=67.0, changed=618, unchanged=510, early_stops=8/8
26 - INFO - chord#: 158 In build_straw_man_chord_sa. tolerance = 1, sa_iterations = 1000, initial_temperature = 3.0, cooling_rate = 0.999
26 - INFO - chord#: 164 done. best_score=78.0, changed=609, unchanged=238, early_stops=8/8
26 - INFO - chord#: 168 In build_straw_man_chord_sa. tolerance = 1, sa_iterations = 1000, initial_temperature = 3.0, cooling_rate = 0.999
26 - INFO - chord#: 164 done. best_score=67.0, changed=613, unchanged=389, early_stops=8/8
26 - INFO - chord#: 168 In build_straw_man_chord_sa. tolerance = 1, sa_iterations = 1000, initial_temperature = 3.0, cooling_rate = 0.999
26 - INFO - chord#: 168 done. best_score=27.0, changed=520, unchanged=411, early_stops=8/8
26 - INFO - chord#: 170 In build_straw_man_chord_sa. tolerance = 1, sa_iterations = 1000, initial_temperature = 3.0, cooling_rate = 0.999
26 - INFO - chord#: 158 done. best_score=140.0, changed=609, unchanged=340, early_stops=8/8
26 - INFO - chord#: 160 In build_straw_man_chord_sa. tolerance = 1, sa_iterations = 1000, initial_temperature = 3.0, cooling_rate = 0.999
26 - INFO - chord#: 154 done. best_score=146.0, changed=611, unchanged=308, early_stops=8/8
26 - INFO - chord#: 156 In build_straw_man_chord_sa. tolerance = 1, sa_iterations = 1000, initial_temperature = 3.0, cooling_rate = 0.999
26 - INFO - chord#: 170 done. best_score=137.0, changed=611, unchanged=293, early_stops=8/8
26 - INFO - chord#: 172 In build_straw_man_chord_sa. tolerance = 1, sa_iterations = 1000, initial_temperature = 3.0, cooling_rate = 0.999
26 - INFO - chord#: 160 done. best_score=120.0, changed=615, unchanged=321, early_stops=8/8
26 - INFO - chord#: 162 In build_straw_man_chord_sa. tolerance = 1, sa_iterations = 1000, initial_temperature = 3.0, cooling_rate = 0.999
26 - INFO - chord#: 168 done. best_score=27.0, changed=511, unchanged=382, early_stops=8/8
26 - INFO - chord#: 170 In build_straw_man_chord_sa. tolerance = 1, sa_iterations = 1000, initial_temperature = 3.0, cooling_rate = 0.999
26 - INFO - chord#: 170 done. best_score=96.0, changed=611, unchanged=315, early_stops=8/8
26 - INFO - chord#: 172 In build_straw_man_chord_sa. tolerance = 1, sa_iterations = 1000, initial_temperature = 3.0, cooling_rate = 0.999
26 - INFO - chord#: 168 done. best_score=27.0, changed=524, unchanged=480, early_stops=8/8
26 - INFO - chord#: 170 In build_straw_man_chord_sa. tolerance = 1, sa_iterations = 1000, initial_temperature = 3.0, cooling_rate = 0.999
26 - INFO - chord#: 162 done. best_score=27.0, changed=525, unchanged=401, early_stops=8/8
26 - INFO - chord#: 164 In build_straw_man_chord_sa. tolerance = 1, sa_iterations = 1000, initial_temperature = 3.0, cooling_rate = 0.999
26 - INFO - chord#: 172 done. best_score=27.0, changed=525, unchanged=398, early_stops=8/8
26 - INFO - chord#: 158 done. best_score=140.0, changed=608, unchanged=230, early_stops=8/8
26 - INFO - chord#: 160 In build_straw_man_chord_sa. tolerance = 1, sa_iterations = 1000, initial_temperature = 3.0, cooling_rate = 0.999
26 - INFO - chord#: 172 done. best_score=27.0, changed=517, unchanged=363, early_stops=8/8
26 - INFO - chord#: 170 done. best_score=67.0, changed=613, unchanged=336, early_stops=8/8
26 - INFO - chord#: 172 In build_straw_man_chord_sa. tolerance = 1, sa_iterations = 1000, initial_temperature = 3.0, cooling_rate = 0.999
26 - INFO - chord#: 160 done. best_score=82.0, changed=614, unchanged=340, early_stops=8/8
26 - INFO - chord#: 162 In build_straw_man_chord_sa. tolerance = 1, sa_iterations = 1000, initial_temperature = 3.0, cooling_rate = 0.999
26 - INFO - chord#: 156 done. best_score=137.0, changed=616, unchanged=513, early_stops=8/8
26 - INFO - chord#: 158 In build_straw_man_chord_sa. tolerance = 1, sa_iterations = 1000, initial_temperature = 3.0, cooling_rate = 0.999
26 - INFO - chord#: 172 done. best_score=27.0, changed=522, unchanged=486, early_stops=8/8
26 - INFO - chord#: 164 done. best_score=67.0, changed=613, unchanged=259, early_stops=8/8
26 - INFO - chord#: 168 In build_straw_man_chord_sa. tolerance = 1, sa_iterations = 1000, initial_temperature = 3.0, cooling_rate = 0.999
26 - INFO - chord#: 162 done. best_score=27.0, changed=531, unchanged=360, early_stops=8/8
26 - INFO - chord#: 164 In build_straw_man_chord_sa. tolerance = 1, sa_iterations = 1000, initial_temperature = 3.0, cooling_rate = 0.999
26 - INFO - chord#: 170 done. best_score=67.0, changed=615, unchanged=431, early_stops=8/8
26 - INFO - chord#: 172 In build_straw_man_chord_sa. tolerance = 1, sa_iterations = 1000, initial_temperature = 3.0, cooling_rate = 0.999
26 - INFO - chord#: 170 done. best_score=67.0, changed=612, unchanged=338, early_stops=8/8
26 - INFO - chord#: 172 In build_straw_man_chord_sa. tolerance = 1, sa_iterations = 1000, initial_temperature = 3.0, cooling_rate = 0.999
26 - INFO - chord#: 168 done. best_score=27.0, changed=513, unchanged=404, early_stops=8/8
26 - INFO - chord#: 170 In build_straw_man_chord_sa. tolerance = 1, sa_iterations = 1000, initial_temperature = 3.0, cooling_rate = 0.999
26 - INFO - chord#: 172 done. best_score=27.0, changed=535, unchanged=442, early_stops=8/8
26 - INFO - chord#: 172 done. best_score=27.0, changed=521, unchanged=493, early_stops=8/8
26 - INFO - chord#: 160 done. best_score=120.0, changed=620, unchanged=689, early_stops=8/8
26 - INFO - chord#: 162 In build_straw_man_chord_sa. tolerance = 1, sa_iterations = 1000, initial_temperature = 3.0, cooling_rate = 0.999
26 - INFO - chord#: 164 done. best_score=67.0, changed=611, unchanged=247, early_stops=8/8
26 - INFO - chord#: 168 In build_straw_man_chord_sa. tolerance = 1, sa_iterations = 1000, initial_temperature = 3.0, cooling_rate = 0.999
26 - INFO - chord#: 158 done. best_score=142.0, changed=618, unchanged=403, early_stops=8/8
26 - INFO - chord#: 160 In build_straw_man_chord_sa. tolerance = 1, sa_iterations = 1000, initial_temperature = 3.0, cooling_rate = 0.999
26 - INFO - chord#: 162 done. best_score=27.0, changed=530, unchanged=354, early_stops=8/8
26 - INFO - chord#: 164 In build_straw_man_chord_sa. tolerance = 1, sa_iterations = 1000, initial_temperature = 3.0, cooling_rate = 0.999
26 - INFO - chord#: 168 done. best_score=27.0, changed=517, unchanged=378, early_stops=8/8
26 - INFO - chord#: 170 In build_straw_man_chord_sa. tolerance = 1, sa_iterations = 1000, initial_temperature = 3.0, cooling_rate = 0.999
26 - INFO - chord#: 170 done. best_score=67.0, changed=612, unchanged=319, early_stops=8/8
26 - INFO - chord#: 172 In build_straw_man_chord_sa. tolerance = 1, sa_iterations = 1000, initial_temperature = 3.0, cooling_rate = 0.999
26 - INFO - chord#: 172 done. best_score=27.0, changed=516, unchanged=353, early_stops=8/8
26 - INFO - chord#: 160 done. best_score=120.0, changed=612, unchanged=332, early_stops=8/8
26 - INFO - chord#: 162 In build_straw_man_chord_sa. tolerance = 1, sa_iterations = 1000, initial_temperature = 3.0, cooling_rate = 0.999
26 - INFO - chord#: 164 done. best_score=137.0, changed=613, unchanged=374, early_stops=8/8
26 - INFO - chord#: 168 In build_straw_man_chord_sa. tolerance = 1, sa_iterations = 1000, initial_temperature = 3.0, cooling_rate = 0.999
26 - INFO - chord#: 170 done. best_score=67.0, changed=612, unchanged=381, early_stops=8/8
26 - INFO - chord#: 172 In build_straw_man_chord_sa. tolerance = 1, sa_iterations = 1000, initial_temperature = 3.0, cooling_rate = 0.999
26 - INFO - chord#: 162 done. best_score=27.0, changed=541, unchanged=319, early_stops=8/8
26 - INFO - chord#: 164 In build_straw_man_chord_sa. tolerance = 1, sa_iterations = 1000, initial_temperature = 3.0, cooling_rate = 0.999
26 - INFO - chord#: 168 done. best_score=27.0, changed=516, unchanged=498, early_stops=8/8
26 - INFO - chord#: 170 In build_straw_man_chord_sa. tolerance = 1, sa_iterations = 1000, initial_temperature = 3.0, cooling_rate = 0.999
26 - INFO - chord#: 172 done. best_score=27.0, changed=528, unchanged=392, early_stops=8/8
26 - INFO - chord#: 164 done. best_score=155.0, changed=616, unchanged=286, early_stops=8/8
26 - INFO - chord#: 168 In build_straw_man_chord_sa. tolerance = 1, sa_iterations = 1000, initial_temperature = 3.0, cooling_rate = 0.999
26 - INFO - chord#: 170 done. best_score=67.0, changed=616, unchanged=291, early_stops=8/8
26 - INFO - chord#: 172 In build_straw_man_chord_sa. tolerance = 1, sa_iterations = 1000, initial_temperature = 3.0, cooling_rate = 0.999
26 - INFO - chord#: 168 done. best_score=27.0, changed=510, unchanged=425, early_stops=8/8
26 - INFO - chord#: 170 In build_straw_man_chord_sa. tolerance = 1, sa_iterations = 1000, initial_temperature = 3.0, cooling_rate = 0.999
26 - INFO - chord#: 172 done. best_score=27.0, changed=538, unchanged=502, early_stops=8/8
26 - INFO - chord#: 170 done. best_score=137.0, changed=607, unchanged=280, early_stops=8/8
26 - INFO - chord#: 172 In build_straw_man_chord_sa. tolerance = 1, sa_iterations = 1000, initial_temperature = 3.0, cooling_rate = 0.999
26 - INFO - chord#: 172 done. best_score=27.0, changed=527, unchanged=363, early_stops=8/8
26 - INFO - chord#: 0 In build_straw_man_chord_sa. tolerance = 1, sa_iterations = 1000, initial_temperature = 3.0, cooling_rate = 0.999
26 - INFO - chord#: 0 In build_straw_man_chord_sa. tolerance = 1, sa_iterations = 1000, initial_temperature = 3.0, cooling_rate = 0.999
26 - INFO - chord#: 0 In build_straw_man_chord_sa. tolerance = 1, sa_iterations = 1000, initial_temperature = 3.0, cooling_rate = 0.999
26 - INFO - chord#: 0 In build_straw_man_chord_sa. tolerance = 1, sa_iterations = 1000, initial_temperature = 3.0, cooling_rate = 0.999
26 - INFO - chord#: 0 In build_straw_man_chord_sa. tolerance = 1, sa_iterations = 1000, initial_temperature = 3.0, cooling_rate = 0.999
26 - INFO - chord#: 0 In build_straw_man_chord_sa. tolerance = 1, sa_iterations = 1000, initial_temperature = 3.0, cooling_rate = 0.999
26 - INFO - chord#: 0 In build_straw_man_chord_sa. tolerance = 1, sa_iterations = 1000, initial_temperature = 3.0, cooling_rate = 0.999
26 - INFO - chord#: 0 In build_straw_man_chord_sa. tolerance = 1, sa_iterations = 1000, initial_temperature = 3.0, cooling_rate = 0.999
26 - INFO - chord#: 0 In build_straw_man_chord_sa. tolerance = 1, sa_iterations = 1000, initial_temperature = 3.0, cooling_rate = 0.999
26 - INFO - chord#: 0 In build_straw_man_chord_sa. tolerance = 1, sa_iterations = 1000, initial_temperature = 3.0, cooling_rate = 0.999
26 - INFO - chord#: 0 In build_straw_man_chord_sa. tolerance = 1, sa_iterations = 1000, initial_temperature = 3.0, cooling_rate = 0.999
26 - INFO - chord#: 0 In build_straw_man_chord_sa. tolerance = 1, sa_iterations = 1000, initial_temperature = 3.0, cooling_rate = 0.999
26 - INFO - chord#: 0 done. best_score=27.0, changed=521, unchanged=373, early_stops=8/8
26 - INFO - chord#: 4 In build_straw_man_chord_sa. tolerance = 1, sa_iterations = 1000, initial_temperature = 3.0, cooling_rate = 0.999
26 - INFO - chord#: 0 done. best_score=27.0, changed=516, unchanged=351, early_stops=8/8
26 - INFO - chord#: 4 In build_straw_man_chord_sa. tolerance = 1, sa_iterations = 1000, initial_temperature = 3.0, cooling_rate = 0.999
26 - INFO - chord#: 0 done. best_score=27.0, changed=524, unchanged=416, early_stops=8/8
26 - INFO - chord#: 4 In build_straw_man_chord_sa. tolerance = 1, sa_iterations = 1000, initial_temperature = 3.0, cooling_rate = 0.999
26 - INFO - chord#: 0 done. best_score=27.0, changed=518, unchanged=460, early_stops=8/8
26 - INFO - chord#: 4 In build_straw_man_chord_sa. tolerance = 1, sa_iterations = 1000, initial_temperature = 3.0, cooling_rate = 0.999
26 - INFO - chord#: 0 done. best_score=27.0, changed=528, unchanged=461, early_stops=8/8
26 - INFO - chord#: 4 In build_straw_man_chord_sa. tolerance = 1, sa_iterations = 1000, initial_temperature = 3.0, cooling_rate = 0.999
26 - INFO - chord#: 0 done. best_score=27.0, changed=519, unchanged=315, early_stops=8/8
26 - INFO - chord#: 4 In build_straw_man_chord_sa. tolerance = 1, sa_iterations = 1000, initial_temperature = 3.0, cooling_rate = 0.999
26 - INFO - chord#: 0 done. best_score=27.0, changed=514, unchanged=446, early_stops=8/8
26 - INFO - chord#: 4 In build_straw_man_chord_sa. tolerance = 1, sa_iterations = 1000, initial_temperature = 3.0, cooling_rate = 0.999
26 - INFO - chord#: 0 done. best_score=27.0, changed=518, unchanged=383, early_stops=8/8
26 - INFO - chord#: 4 In build_straw_man_chord_sa. tolerance = 1, sa_iterations = 1000, initial_temperature = 3.0, cooling_rate = 0.999
26 - INFO - chord#: 0 done. best_score=27.0, changed=516, unchanged=377, early_stops=8/8
26 - INFO - chord#: 4 In build_straw_man_chord_sa. tolerance = 1, sa_iterations = 1000, initial_temperature = 3.0, cooling_rate = 0.999
26 - INFO - chord#: 0 done. best_score=27.0, changed=524, unchanged=444, early_stops=8/8
26 - INFO - chord#: 4 In build_straw_man_chord_sa. tolerance = 1, sa_iterations = 1000, initial_temperature = 3.0, cooling_rate = 0.999
26 - INFO - chord#: 0 done. best_score=27.0, changed=523, unchanged=520, early_stops=8/8
26 - INFO - chord#: 4 In build_straw_man_chord_sa. tolerance = 1, sa_iterations = 1000, initial_temperature = 3.0, cooling_rate = 0.999
26 - INFO - chord#: 0 done. best_score=27.0, changed=529, unchanged=507, early_stops=8/8
26 - INFO - chord#: 4 In build_straw_man_chord_sa. tolerance = 1, sa_iterations = 1000, initial_temperature = 3.0, cooling_rate = 0.999
26 - INFO - chord#: 4 done. best_score=27.0, changed=532, unchanged=311, early_stops=8/8
26 - INFO - chord#: 6 In build_straw_man_chord_sa. tolerance = 1, sa_iterations = 1000, initial_temperature = 3.0, cooling_rate = 0.999
26 - INFO - chord#: 4 done. best_score=27.0, changed=526, unchanged=308, early_stops=8/8
26 - INFO - chord#: 6 In build_straw_man_chord_sa. tolerance = 1, sa_iterations = 1000, initial_temperature = 3.0, cooling_rate = 0.999
26 - INFO - chord#: 4 done. best_score=27.0, changed=531, unchanged=488, early_stops=8/8
26 - INFO - chord#: 6 In build_straw_man_chord_sa. tolerance = 1, sa_iterations = 1000, initial_temperature = 3.0, cooling_rate = 0.999
26 - INFO - chord#: 4 done. best_score=27.0, changed=512, unchanged=341, early_stops=8/8
26 - INFO - chord#: 6 In build_straw_man_chord_sa. tolerance = 1, sa_iterations = 1000, initial_temperature = 3.0, cooling_rate = 0.999
26 - INFO - chord#: 4 done. best_score=27.0, changed=519, unchanged=472, early_stops=8/8
26 - INFO - chord#: 6 In build_straw_man_chord_sa. tolerance = 1, sa_iterations = 1000, initial_temperature = 3.0, cooling_rate = 0.999
26 - INFO - chord#: 4 done. best_score=27.0, changed=525, unchanged=382, early_stops=8/8
26 - INFO - chord#: 6 In build_straw_man_chord_sa. tolerance = 1, sa_iterations = 1000, initial_temperature = 3.0, cooling_rate = 0.999
26 - INFO - chord#: 4 done. best_score=27.0, changed=524, unchanged=466, early_stops=8/8
26 - INFO - chord#: 6 In build_straw_man_chord_sa. tolerance = 1, sa_iterations = 1000, initial_temperature = 3.0, cooling_rate = 0.999
26 - INFO - chord#: 4 done. best_score=27.0, changed=523, unchanged=311, early_stops=8/8
26 - INFO - chord#: 6 In build_straw_man_chord_sa. tolerance = 1, sa_iterations = 1000, initial_temperature = 3.0, cooling_rate = 0.999
26 - INFO - chord#: 4 done. best_score=27.0, changed=533, unchanged=390, early_stops=8/8
26 - INFO - chord#: 6 In build_straw_man_chord_sa. tolerance = 1, sa_iterations = 1000, initial_temperature = 3.0, cooling_rate = 0.999
26 - INFO - chord#: 4 done. best_score=27.0, changed=518, unchanged=326, early_stops=8/8
26 - INFO - chord#: 6 In build_straw_man_chord_sa. tolerance = 1, sa_iterations = 1000, initial_temperature = 3.0, cooling_rate = 0.999
26 - INFO - chord#: 4 done. best_score=27.0, changed=517, unchanged=325, early_stops=8/8
26 - INFO - chord#: 6 In build_straw_man_chord_sa. tolerance = 1, sa_iterations = 1000, initial_temperature = 3.0, cooling_rate = 0.999
26 - INFO - chord#: 4 done. best_score=27.0, changed=521, unchanged=333, early_stops=8/8
26 - INFO - chord#: 6 In build_straw_man_chord_sa. tolerance = 1, sa_iterations = 1000, initial_temperature = 3.0, cooling_rate = 0.999
26 - INFO - chord#: 6 done. best_score=82.0, changed=609, unchanged=225, early_stops=8/8
26 - INFO - chord#: 8 In build_straw_man_chord_sa. tolerance = 1, sa_iterations = 1000, initial_temperature = 3.0, cooling_rate = 0.999
26 - INFO - chord#: 6 done. best_score=82.0, changed=611, unchanged=360, early_stops=8/8
26 - INFO - chord#: 8 In build_straw_man_chord_sa. tolerance = 1, sa_iterations = 1000, initial_temperature = 3.0, cooling_rate = 0.999
26 - INFO - chord#: 6 done. best_score=82.0, changed=617, unchanged=407, early_stops=8/8
26 - INFO - chord#: 8 In build_straw_man_chord_sa. tolerance = 1, sa_iterations = 1000, initial_temperature = 3.0, cooling_rate = 0.999
26 - INFO - chord#: 6 done. best_score=82.0, changed=614, unchanged=397, early_stops=8/8
26 - INFO - chord#: 8 In build_straw_man_chord_sa. tolerance = 1, sa_iterations = 1000, initial_temperature = 3.0, cooling_rate = 0.999
26 - INFO - chord#: 6 done. best_score=82.0, changed=616, unchanged=383, early_stops=8/8
26 - INFO - chord#: 8 In build_straw_man_chord_sa. tolerance = 1, sa_iterations = 1000, initial_temperature = 3.0, cooling_rate = 0.999
26 - INFO - chord#: 6 done. best_score=82.0, changed=619, unchanged=357, early_stops=8/8
26 - INFO - chord#: 8 In build_straw_man_chord_sa. tolerance = 1, sa_iterations = 1000, initial_temperature = 3.0, cooling_rate = 0.999
26 - INFO - chord#: 6 done. best_score=82.0, changed=607, unchanged=268, early_stops=8/8
26 - INFO - chord#: 8 In build_straw_man_chord_sa. tolerance = 1, sa_iterations = 1000, initial_temperature = 3.0, cooling_rate = 0.999
26 - INFO - chord#: 8 done. best_score=27.0, changed=527, unchanged=410, early_stops=8/8
26 - INFO - chord#: 12 In build_straw_man_chord_sa. tolerance = 1, sa_iterations = 1000, initial_temperature = 3.0, cooling_rate = 0.999
26 - INFO - chord#: 6 done. best_score=82.0, changed=610, unchanged=262, early_stops=8/8
26 - INFO - chord#: 8 In build_straw_man_chord_sa. tolerance = 1, sa_iterations = 1000, initial_temperature = 3.0, cooling_rate = 0.999
26 - INFO - chord#: 8 done. best_score=27.0, changed=517, unchanged=343, early_stops=8/8
26 - INFO - chord#: 12 In build_straw_man_chord_sa. tolerance = 1, sa_iterations = 1000, initial_temperature = 3.0, cooling_rate = 0.999
26 - INFO - chord#: 6 done. best_score=82.0, changed=606, unchanged=277, early_stops=8/8
26 - INFO - chord#: 8 In build_straw_man_chord_sa. tolerance = 1, sa_iterations = 1000, initial_temperature = 3.0, cooling_rate = 0.999
26 - INFO - chord#: 6 done. best_score=82.0, changed=615, unchanged=299, early_stops=8/8
26 - INFO - chord#: 8 In build_straw_man_chord_sa. tolerance = 1, sa_iterations = 1000, initial_temperature = 3.0, cooling_rate = 0.999
26 - INFO - chord#: 8 done. best_score=27.0, changed=529, unchanged=416, early_stops=8/8
26 - INFO - chord#: 12 In build_straw_man_chord_sa. tolerance = 1, sa_iterations = 1000, initial_temperature = 3.0, cooling_rate = 0.999
26 - INFO - chord#: 8 done. best_score=27.0, changed=521, unchanged=383, early_stops=8/8
26 - INFO - chord#: 12 In build_straw_man_chord_sa. tolerance = 1, sa_iterations = 1000, initial_temperature = 3.0, cooling_rate = 0.999
26 - INFO - chord#: 6 done. best_score=82.0, changed=611, unchanged=360, early_stops=8/8
26 - INFO - chord#: 8 In build_straw_man_chord_sa. tolerance = 1, sa_iterations = 1000, initial_temperature = 3.0, cooling_rate = 0.999
26 - INFO - chord#: 8 done. best_score=27.0, changed=527, unchanged=487, early_stops=8/8
26 - INFO - chord#: 6 done. best_score=82.0, changed=612, unchanged=436, early_stops=8/8
26 - INFO - chord#: 8 In build_straw_man_chord_sa. tolerance = 1, sa_iterations = 1000, initial_temperature = 3.0, cooling_rate = 0.999
26 - INFO - chord#: 12 In build_straw_man_chord_sa. tolerance = 1, sa_iterations = 1000, initial_temperature = 3.0, cooling_rate = 0.999
26 - INFO - chord#: 8 done. best_score=27.0, changed=530, unchanged=420, early_stops=8/8
26 - INFO - chord#: 12 In build_straw_man_chord_sa. tolerance = 1, sa_iterations = 1000, initial_temperature = 3.0, cooling_rate = 0.999
26 - INFO - chord#: 8 done. best_score=27.0, changed=522, unchanged=370, early_stops=8/8
26 - INFO - chord#: 12 In build_straw_man_chord_sa. tolerance = 1, sa_iterations = 1000, initial_temperature = 3.0, cooling_rate = 0.999
26 - INFO - chord#: 8 done. best_score=27.0, changed=524, unchanged=367, early_stops=8/8
26 - INFO - chord#: 12 In build_straw_man_chord_sa. tolerance = 1, sa_iterations = 1000, initial_temperature = 3.0, cooling_rate = 0.999
26 - INFO - chord#: 8 done. best_score=27.0, changed=526, unchanged=593, early_stops=8/8
26 - INFO - chord#: 12 In build_straw_man_chord_sa. tolerance = 1, sa_iterations = 1000, initial_temperature = 3.0, cooling_rate = 0.999
26 - INFO - chord#: 8 done. best_score=27.0, changed=524, unchanged=380, early_stops=8/8
26 - INFO - chord#: 12 In build_straw_man_chord_sa. tolerance = 1, sa_iterations = 1000, initial_temperature = 3.0, cooling_rate = 0.999
26 - INFO - chord#: 8 done. best_score=27.0, changed=515, unchanged=336, early_stops=8/8
26 - INFO - chord#: 12 In build_straw_man_chord_sa. tolerance = 1, sa_iterations = 1000, initial_temperature = 3.0, cooling_rate = 0.999
26 - INFO - chord#: 8 done. best_score=27.0, changed=522, unchanged=362, early_stops=8/8
26 - INFO - chord#: 12 In build_straw_man_chord_sa. tolerance = 1, sa_iterations = 1000, initial_temperature = 3.0, cooling_rate = 0.999
26 - INFO - chord#: 12 done. best_score=157.0, changed=614, unchanged=268, early_stops=8/8
26 - INFO - chord#: 16 In build_straw_man_chord_sa. tolerance = 1, sa_iterations = 1000, initial_temperature = 3.0, cooling_rate = 0.999
26 - INFO - chord#: 12 done. best_score=155.0, changed=612, unchanged=252, early_stops=8/8
26 - INFO - chord#: 16 In build_straw_man_chord_sa. tolerance = 1, sa_iterations = 1000, initial_temperature = 3.0, cooling_rate = 0.999
26 - INFO - chord#: 12 done. best_score=71.0, changed=609, unchanged=298, early_stops=8/8
26 - INFO - chord#: 16 In build_straw_man_chord_sa. tolerance = 1, sa_iterations = 1000, initial_temperature = 3.0, cooling_rate = 0.999
26 - INFO - chord#: 12 done. best_score=157.0, changed=616, unchanged=310, early_stops=8/8
26 - INFO - chord#: 16 In build_straw_man_chord_sa. tolerance = 1, sa_iterations = 1000, initial_temperature = 3.0, cooling_rate = 0.999
26 - INFO - chord#: 12 done. best_score=155.0, changed=614, unchanged=503, early_stops=8/8
26 - INFO - chord#: 16 In build_straw_man_chord_sa. tolerance = 1, sa_iterations = 1000, initial_temperature = 3.0, cooling_rate = 0.999
26 - INFO - chord#: 12 done. best_score=64.0, changed=615, unchanged=354, early_stops=8/8
26 - INFO - chord#: 16 In build_straw_man_chord_sa. tolerance = 1, sa_iterations = 1000, initial_temperature = 3.0, cooling_rate = 0.999
26 - INFO - chord#: 16 done. best_score=27.0, changed=521, unchanged=478, early_stops=8/8
26 - INFO - chord#: 18 In build_straw_man_chord_sa. tolerance = 1, sa_iterations = 1000, initial_temperature = 3.0, cooling_rate = 0.999
26 - INFO - chord#: 16 done. best_score=27.0, changed=525, unchanged=437, early_stops=8/8
26 - INFO - chord#: 18 In build_straw_man_chord_sa. tolerance = 1, sa_iterations = 1000, initial_temperature = 3.0, cooling_rate = 0.999
26 - INFO - chord#: 12 done. best_score=64.0, changed=604, unchanged=214, early_stops=8/8
26 - INFO - chord#: 16 In build_straw_man_chord_sa. tolerance = 1, sa_iterations = 1000, initial_temperature = 3.0, cooling_rate = 0.999
26 - INFO - chord#: 16 done. best_score=27.0, changed=523, unchanged=537, early_stops=8/8
26 - INFO - chord#: 18 In build_straw_man_chord_sa. tolerance = 1, sa_iterations = 1000, initial_temperature = 3.0, cooling_rate = 0.999
26 - INFO - chord#: 16 done. best_score=27.0, changed=515, unchanged=304, early_stops=8/8
26 - INFO - chord#: 18 In build_straw_man_chord_sa. tolerance = 1, sa_iterations = 1000, initial_temperature = 3.0, cooling_rate = 0.999
26 - INFO - chord#: 12 done. best_score=157.0, changed=611, unchanged=278, early_stops=8/8
26 - INFO - chord#: 16 In build_straw_man_chord_sa. tolerance = 1, sa_iterations = 1000, initial_temperature = 3.0, cooling_rate = 0.999
26 - INFO - chord#: 12 done. best_score=157.0, changed=612, unchanged=240, early_stops=8/8
26 - INFO - chord#: 16 In build_straw_man_chord_sa. tolerance = 1, sa_iterations = 1000, initial_temperature = 3.0, cooling_rate = 0.999
26 - INFO - chord#: 12 done. best_score=154.0, changed=616, unchanged=412, early_stops=8/8
26 - INFO - chord#: 16 In build_straw_man_chord_sa. tolerance = 1, sa_iterations = 1000, initial_temperature = 3.0, cooling_rate = 0.999
26 - INFO - chord#: 12 done. best_score=146.0, changed=607, unchanged=203, early_stops=8/8
26 - INFO - chord#: 16 In build_straw_man_chord_sa. tolerance = 1, sa_iterations = 1000, initial_temperature = 3.0, cooling_rate = 0.999
26 - INFO - chord#: 16 done. best_score=27.0, changed=520, unchanged=414, early_stops=8/8
26 - INFO - chord#: 18 In build_straw_man_chord_sa. tolerance = 1, sa_iterations = 1000, initial_temperature = 3.0, cooling_rate = 0.999
26 - INFO - chord#: 12 done. best_score=71.0, changed=616, unchanged=400, early_stops=8/8
26 - INFO - chord#: 16 In build_straw_man_chord_sa. tolerance = 1, sa_iterations = 1000, initial_temperature = 3.0, cooling_rate = 0.999
26 - INFO - chord#: 16 done. best_score=27.0, changed=528, unchanged=645, early_stops=8/8
26 - INFO - chord#: 18 In build_straw_man_chord_sa. tolerance = 1, sa_iterations = 1000, initial_temperature = 3.0, cooling_rate = 0.999
26 - INFO - chord#: 16 done. best_score=27.0, changed=521, unchanged=464, early_stops=8/8
26 - INFO - chord#: 18 In build_straw_man_chord_sa. tolerance = 1, sa_iterations = 1000, initial_temperature = 3.0, cooling_rate = 0.999
26 - INFO - chord#: 16 done. best_score=27.0, changed=534, unchanged=489, early_stops=8/8
26 - INFO - chord#: 18 In build_straw_man_chord_sa. tolerance = 1, sa_iterations = 1000, initial_temperature = 3.0, cooling_rate = 0.999
26 - INFO - chord#: 16 done. best_score=27.0, changed=524, unchanged=458, early_stops=8/8
26 - INFO - chord#: 18 In build_straw_man_chord_sa. tolerance = 1, sa_iterations = 1000, initial_temperature = 3.0, cooling_rate = 0.999
26 - INFO - chord#: 16 done. best_score=27.0, changed=526, unchanged=594, early_stops=8/8
26 - INFO - chord#: 18 In build_straw_man_chord_sa. tolerance = 1, sa_iterations = 1000, initial_temperature = 3.0, cooling_rate = 0.999
26 - INFO - chord#: 16 done. best_score=27.0, changed=529, unchanged=542, early_stops=8/8
26 - INFO - chord#: 18 In build_straw_man_chord_sa. tolerance = 1, sa_iterations = 1000, initial_temperature = 3.0, cooling_rate = 0.999
26 - INFO - chord#: 18 done. best_score=141.0, changed=612, unchanged=341, early_stops=8/8
26 - INFO - chord#: 20 In build_straw_man_chord_sa. tolerance = 1, sa_iterations = 1000, initial_temperature = 3.0, cooling_rate = 0.999
26 - INFO - chord#: 18 done. best_score=108.0, changed=604, unchanged=202, early_stops=8/8
26 - INFO - chord#: 20 In build_straw_man_chord_sa. tolerance = 1, sa_iterations = 1000, initial_temperature = 3.0, cooling_rate = 0.999
26 - INFO - chord#: 16 done. best_score=27.0, changed=519, unchanged=389, early_stops=8/8
26 - INFO - chord#: 18 In build_straw_man_chord_sa. tolerance = 1, sa_iterations = 1000, initial_temperature = 3.0, cooling_rate = 0.999
26 - INFO - chord#: 18 done. best_score=151.0, changed=613, unchanged=350, early_stops=8/8
26 - INFO - chord#: 20 In build_straw_man_chord_sa. tolerance = 1, sa_iterations = 1000, initial_temperature = 3.0, cooling_rate = 0.999
26 - INFO - chord#: 18 done. best_score=105.0, changed=608, unchanged=332, early_stops=8/8
26 - INFO - chord#: 20 In build_straw_man_chord_sa. tolerance = 1, sa_iterations = 1000, initial_temperature = 3.0, cooling_rate = 0.999
26 - INFO - chord#: 18 done. best_score=75.0, changed=614, unchanged=422, early_stops=8/8
26 - INFO - chord#: 20 In build_straw_man_chord_sa. tolerance = 1, sa_iterations = 1000, initial_temperature = 3.0, cooling_rate = 0.999
26 - INFO - chord#: 20 done. best_score=27.0, changed=528, unchanged=342, early_stops=8/8
26 - INFO - chord#: 22 In build_straw_man_chord_sa. tolerance = 1, sa_iterations = 1000, initial_temperature = 3.0, cooling_rate = 0.999
26 - INFO - chord#: 20 done. best_score=27.0, changed=521, unchanged=305, early_stops=8/8
26 - INFO - chord#: 22 In build_straw_man_chord_sa. tolerance = 1, sa_iterations = 1000, initial_temperature = 3.0, cooling_rate = 0.999
26 - INFO - chord#: 20 done. best_score=27.0, changed=525, unchanged=451, early_stops=8/8
26 - INFO - chord#: 22 In build_straw_man_chord_sa. tolerance = 1, sa_iterations = 1000, initial_temperature = 3.0, cooling_rate = 0.999
26 - INFO - chord#: 20 done. best_score=27.0, changed=521, unchanged=326, early_stops=8/8
26 - INFO - chord#: 22 In build_straw_man_chord_sa. tolerance = 1, sa_iterations = 1000, initial_temperature = 3.0, cooling_rate = 0.999
26 - INFO - chord#: 20 done. best_score=27.0, changed=519, unchanged=447, early_stops=8/8
26 - INFO - chord#: 22 In build_straw_man_chord_sa. tolerance = 1, sa_iterations = 1000, initial_temperature = 3.0, cooling_rate = 0.999
26 - INFO - chord#: 18 done. best_score=70.0, changed=615, unchanged=258, early_stops=8/8
26 - INFO - chord#: 20 In build_straw_man_chord_sa. tolerance = 1, sa_iterations = 1000, initial_temperature = 3.0, cooling_rate = 0.999
26 - INFO - chord#: 18 done. best_score=75.0, changed=612, unchanged=266, early_stops=8/8
26 - INFO - chord#: 20 In build_straw_man_chord_sa. tolerance = 1, sa_iterations = 1000, initial_temperature = 3.0, cooling_rate = 0.999
26 - INFO - chord#: 18 done. best_score=75.0, changed=606, unchanged=244, early_stops=8/8
26 - INFO - chord#: 20 In build_straw_man_chord_sa. tolerance = 1, sa_iterations = 1000, initial_temperature = 3.0, cooling_rate = 0.999
26 - INFO - chord#: 18 done. best_score=151.0, changed=612, unchanged=332, early_stops=8/8
26 - INFO - chord#: 20 In build_straw_man_chord_sa. tolerance = 1, sa_iterations = 1000, initial_temperature = 3.0, cooling_rate = 0.999
26 - INFO - chord#: 22 done. best_score=64.0, changed=610, unchanged=261, early_stops=8/8
26 - INFO - chord#: 24 In build_straw_man_chord_sa. tolerance = 1, sa_iterations = 1000, initial_temperature = 3.0, cooling_rate = 0.999
26 - INFO - chord#: 18 done. best_score=70.0, changed=613, unchanged=518, early_stops=8/8
26 - INFO - chord#: 20 In build_straw_man_chord_sa. tolerance = 1, sa_iterations = 1000, initial_temperature = 3.0, cooling_rate = 0.999
26 - INFO - chord#: 18 done. best_score=75.0, changed=615, unchanged=452, early_stops=8/8
26 - INFO - chord#: 20 In build_straw_man_chord_sa. tolerance = 1, sa_iterations = 1000, initial_temperature = 3.0, cooling_rate = 0.999
26 - INFO - chord#: 20 done. best_score=27.0, changed=526, unchanged=428, early_stops=8/8
26 - INFO - chord#: 22 In build_straw_man_chord_sa. tolerance = 1, sa_iterations = 1000, initial_temperature = 3.0, cooling_rate = 0.999
26 - INFO - chord#: 22 done. best_score=64.0, changed=611, unchanged=320, early_stops=8/8
26 - INFO - chord#: 24 In build_straw_man_chord_sa. tolerance = 1, sa_iterations = 1000, initial_temperature = 3.0, cooling_rate = 0.999
26 - INFO - chord#: 18 done. best_score=157.0, changed=611, unchanged=376, early_stops=8/8
26 - INFO - chord#: 20 In build_straw_man_chord_sa. tolerance = 1, sa_iterations = 1000, initial_temperature = 3.0, cooling_rate = 0.999
26 - INFO - chord#: 20 done. best_score=27.0, changed=517, unchanged=416, early_stops=8/8
26 - INFO - chord#: 22 done. best_score=71.0, changed=614, unchanged=275, early_stops=8/8
26 - INFO - chord#: 22 In build_straw_man_chord_sa. tolerance = 1, sa_iterations = 1000, initial_temperature = 3.0, cooling_rate = 0.999
26 - INFO - chord#: 24 In build_straw_man_chord_sa. tolerance = 1, sa_iterations = 1000, initial_temperature = 3.0, cooling_rate = 0.999
26 - INFO - chord#: 22 done. best_score=155.0, changed=607, unchanged=219, early_stops=8/8
26 - INFO - chord#: 24 In build_straw_man_chord_sa. tolerance = 1, sa_iterations = 1000, initial_temperature = 3.0, cooling_rate = 0.999
26 - INFO - chord#: 20 done. best_score=27.0, changed=530, unchanged=425, early_stops=8/8
26 - INFO - chord#: 22 In build_straw_man_chord_sa. tolerance = 1, sa_iterations = 1000, initial_temperature = 3.0, cooling_rate = 0.999
26 - INFO - chord#: 20 done. best_score=27.0, changed=524, unchanged=339, early_stops=8/8
26 - INFO - chord#: 22 In build_straw_man_chord_sa. tolerance = 1, sa_iterations = 1000, initial_temperature = 3.0, cooling_rate = 0.999
26 - INFO - chord#: 20 done. best_score=27.0, changed=522, unchanged=406, early_stops=8/8
26 - INFO - chord#: 22 In build_straw_man_chord_sa. tolerance = 1, sa_iterations = 1000, initial_temperature = 3.0, cooling_rate = 0.999
26 - INFO - chord#: 24 done. best_score=27.0, changed=524, unchanged=454, early_stops=8/8
26 - INFO - chord#: 28 In build_straw_man_chord_sa. tolerance = 1, sa_iterations = 1000, initial_temperature = 3.0, cooling_rate = 0.999
26 - INFO - chord#: 20 done. best_score=27.0, changed=521, unchanged=431, early_stops=8/8
26 - INFO - chord#: 22 In build_straw_man_chord_sa. tolerance = 1, sa_iterations = 1000, initial_temperature = 3.0, cooling_rate = 0.999
26 - INFO - chord#: 22 done. best_score=155.0, changed=609, unchanged=402, early_stops=8/8
26 - INFO - chord#: 24 In build_straw_man_chord_sa. tolerance = 1, sa_iterations = 1000, initial_temperature = 3.0, cooling_rate = 0.999
26 - INFO - chord#: 24 done. best_score=27.0, changed=523, unchanged=394, early_stops=8/8
26 - INFO - chord#: 28 In build_straw_man_chord_sa. tolerance = 1, sa_iterations = 1000, initial_temperature = 3.0, cooling_rate = 0.999
26 - INFO - chord#: 24 done. best_score=27.0, changed=515, unchanged=342, early_stops=8/8
26 - INFO - chord#: 28 In build_straw_man_chord_sa. tolerance = 1, sa_iterations = 1000, initial_temperature = 3.0, cooling_rate = 0.999
26 - INFO - chord#: 24 done. best_score=27.0, changed=519, unchanged=370, early_stops=8/8
26 - INFO - chord#: 28 In build_straw_man_chord_sa. tolerance = 1, sa_iterations = 1000, initial_temperature = 3.0, cooling_rate = 0.999
26 - INFO - chord#: 20 done. best_score=27.0, changed=533, unchanged=393, early_stops=8/8
26 - INFO - chord#: 22 In build_straw_man_chord_sa. tolerance = 1, sa_iterations = 1000, initial_temperature = 3.0, cooling_rate = 0.999
26 - INFO - chord#: 24 done. best_score=27.0, changed=519, unchanged=438, early_stops=8/8
26 - INFO - chord#: 28 In build_straw_man_chord_sa. tolerance = 1, sa_iterations = 1000, initial_temperature = 3.0, cooling_rate = 0.999
26 - INFO - chord#: 22 done. best_score=96.0, changed=613, unchanged=349, early_stops=8/8
26 - INFO - chord#: 24 In build_straw_man_chord_sa. tolerance = 1, sa_iterations = 1000, initial_temperature = 3.0, cooling_rate = 0.999
26 - INFO - chord#: 22 done. best_score=125.0, changed=613, unchanged=411, early_stops=8/8
26 - INFO - chord#: 24 In build_straw_man_chord_sa. tolerance = 1, sa_iterations = 1000, initial_temperature = 3.0, cooling_rate = 0.999
26 - INFO - chord#: 28 done. best_score=157.0, changed=610, unchanged=230, early_stops=8/8
26 - INFO - chord#: 30 In build_straw_man_chord_sa. tolerance = 1, sa_iterations = 1000, initial_temperature = 3.0, cooling_rate = 0.999
26 - INFO - chord#: 22 done. best_score=64.0, changed=611, unchanged=326, early_stops=8/8
26 - INFO - chord#: 24 In build_straw_man_chord_sa. tolerance = 1, sa_iterations = 1000, initial_temperature = 3.0, cooling_rate = 0.999
26 - INFO - chord#: 28 done. best_score=170.0, changed=607, unchanged=224, early_stops=8/8
26 - INFO - chord#: 30 In build_straw_man_chord_sa. tolerance = 1, sa_iterations = 1000, initial_temperature = 3.0, cooling_rate = 0.999
26 - INFO - chord#: 28 done. best_score=104.0, changed=614, unchanged=448, early_stops=8/8
26 - INFO - chord#: 30 In build_straw_man_chord_sa. tolerance = 1, sa_iterations = 1000, initial_temperature = 3.0, cooling_rate = 0.999
26 - INFO - chord#: 22 done. best_score=145.0, changed=625, unchanged=372, early_stops=8/8
26 - INFO - chord#: 24 In build_straw_man_chord_sa. tolerance = 1, sa_iterations = 1000, initial_temperature = 3.0, cooling_rate = 0.999
26 - INFO - chord#: 22 done. best_score=96.0, changed=613, unchanged=318, early_stops=8/8
26 - INFO - chord#: 24 In build_straw_man_chord_sa. tolerance = 1, sa_iterations = 1000, initial_temperature = 3.0, cooling_rate = 0.999
26 - INFO - chord#: 28 done. best_score=157.0, changed=608, unchanged=405, early_stops=8/8
26 - INFO - chord#: 30 In build_straw_man_chord_sa. tolerance = 1, sa_iterations = 1000, initial_temperature = 3.0, cooling_rate = 0.999
26 - INFO - chord#: 22 done. best_score=64.0, changed=610, unchanged=465, early_stops=8/8
26 - INFO - chord#: 24 In build_straw_man_chord_sa. tolerance = 1, sa_iterations = 1000, initial_temperature = 3.0, cooling_rate = 0.999
26 - INFO - chord#: 22 done. best_score=155.0, changed=610, unchanged=221, early_stops=8/8
26 - INFO - chord#: 24 In build_straw_man_chord_sa. tolerance = 1, sa_iterations = 1000, initial_temperature = 3.0, cooling_rate = 0.999
26 - INFO - chord#: 30 done. best_score=36.0, changed=522, unchanged=459, early_stops=8/8
26 - INFO - chord#: 32 In build_straw_man_chord_sa. tolerance = 1, sa_iterations = 1000, initial_temperature = 3.0, cooling_rate = 0.999
26 - INFO - chord#: 30 done. best_score=36.0, changed=537, unchanged=359, early_stops=8/8
26 - INFO - chord#: 32 In build_straw_man_chord_sa. tolerance = 1, sa_iterations = 1000, initial_temperature = 3.0, cooling_rate = 0.999
26 - INFO - chord#: 24 done. best_score=27.0, changed=516, unchanged=328, early_stops=8/8
26 - INFO - chord#: 28 In build_straw_man_chord_sa. tolerance = 1, sa_iterations = 1000, initial_temperature = 3.0, cooling_rate = 0.999
26 - INFO - chord#: 24 done. best_score=27.0, changed=520, unchanged=431, early_stops=8/8
26 - INFO - chord#: 28 In build_straw_man_chord_sa. tolerance = 1, sa_iterations = 1000, initial_temperature = 3.0, cooling_rate = 0.999
26 - INFO - chord#: 30 done. best_score=36.0, changed=524, unchanged=446, early_stops=8/8
26 - INFO - chord#: 32 In build_straw_man_chord_sa. tolerance = 1, sa_iterations = 1000, initial_temperature = 3.0, cooling_rate = 0.999
26 - INFO - chord#: 24 done. best_score=27.0, changed=516, unchanged=463, early_stops=8/8
26 - INFO - chord#: 28 In build_straw_man_chord_sa. tolerance = 1, sa_iterations = 1000, initial_temperature = 3.0, cooling_rate = 0.999
26 - INFO - chord#: 24 done. best_score=27.0, changed=517, unchanged=367, early_stops=8/8
26 - INFO - chord#: 28 In build_straw_man_chord_sa. tolerance = 1, sa_iterations = 1000, initial_temperature = 3.0, cooling_rate = 0.999
26 - INFO - chord#: 30 done. best_score=36.0, changed=528, unchanged=366, early_stops=8/8
26 - INFO - chord#: 32 In build_straw_man_chord_sa. tolerance = 1, sa_iterations = 1000, initial_temperature = 3.0, cooling_rate = 0.999
26 - INFO - chord#: 24 done. best_score=27.0, changed=517, unchanged=439, early_stops=8/8
26 - INFO - chord#: 28 In build_straw_man_chord_sa. tolerance = 1, sa_iterations = 1000, initial_temperature = 3.0, cooling_rate = 0.999
26 - INFO - chord#: 28 done. best_score=146.0, changed=611, unchanged=293, early_stops=8/8
26 - INFO - chord#: 30 In build_straw_man_chord_sa. tolerance = 1, sa_iterations = 1000, initial_temperature = 3.0, cooling_rate = 0.999
26 - INFO - chord#: 32 done. best_score=35.0, changed=520, unchanged=335, early_stops=8/8
26 - INFO - chord#: 34 In build_straw_man_chord_sa. tolerance = 1, sa_iterations = 1000, initial_temperature = 3.0, cooling_rate = 0.999
26 - INFO - chord#: 32 done. best_score=37.0, changed=529, unchanged=412, early_stops=8/8
26 - INFO - chord#: 34 In build_straw_man_chord_sa. tolerance = 1, sa_iterations = 1000, initial_temperature = 3.0, cooling_rate = 0.999
26 - INFO - chord#: 24 done. best_score=27.0, changed=528, unchanged=404, early_stops=8/8
26 - INFO - chord#: 28 In build_straw_man_chord_sa. tolerance = 1, sa_iterations = 1000, initial_temperature = 3.0, cooling_rate = 0.999
26 - INFO - chord#: 32 done. best_score=35.0, changed=516, unchanged=361, early_stops=8/8
26 - INFO - chord#: 34 In build_straw_man_chord_sa. tolerance = 1, sa_iterations = 1000, initial_temperature = 3.0, cooling_rate = 0.999
26 - INFO - chord#: 24 done. best_score=27.0, changed=525, unchanged=412, early_stops=8/8
26 - INFO - chord#: 28 In build_straw_man_chord_sa. tolerance = 1, sa_iterations = 1000, initial_temperature = 3.0, cooling_rate = 0.999
26 - INFO - chord#: 32 done. best_score=37.0, changed=528, unchanged=427, early_stops=8/8
26 - INFO - chord#: 34 In build_straw_man_chord_sa. tolerance = 1, sa_iterations = 1000, initial_temperature = 3.0, cooling_rate = 0.999
26 - INFO - chord#: 34 done. best_score=36.0, changed=526, unchanged=347, early_stops=8/8
26 - INFO - chord#: 36 In build_straw_man_chord_sa. tolerance = 1, sa_iterations = 1000, initial_temperature = 3.0, cooling_rate = 0.999
26 - INFO - chord#: 34 done. best_score=36.0, changed=532, unchanged=282, early_stops=8/8
26 - INFO - chord#: 36 In build_straw_man_chord_sa. tolerance = 1, sa_iterations = 1000, initial_temperature = 3.0, cooling_rate = 0.999
26 - INFO - chord#: 30 done. best_score=36.0, changed=522, unchanged=427, early_stops=8/8
26 - INFO - chord#: 34 done. best_score=27.0, changed=522, unchanged=357, early_stops=8/8
26 - INFO - chord#: 32 In build_straw_man_chord_sa. tolerance = 1, sa_iterations = 1000, initial_temperature = 3.0, cooling_rate = 0.999
26 - INFO - chord#: 36 In build_straw_man_chord_sa. tolerance = 1, sa_iterations = 1000, initial_temperature = 3.0, cooling_rate = 0.999
26 - INFO - chord#: 28 done. best_score=64.0, changed=613, unchanged=269, early_stops=8/8
26 - INFO - chord#: 30 In build_straw_man_chord_sa. tolerance = 1, sa_iterations = 1000, initial_temperature = 3.0, cooling_rate = 0.999
26 - INFO - chord#: 34 done. best_score=27.0, changed=528, unchanged=415, early_stops=8/8
26 - INFO - chord#: 36 In build_straw_man_chord_sa. tolerance = 1, sa_iterations = 1000, initial_temperature = 3.0, cooling_rate = 0.999
26 - INFO - chord#: 28 done. best_score=64.0, changed=613, unchanged=337, early_stops=8/8
26 - INFO - chord#: 30 In build_straw_man_chord_sa. tolerance = 1, sa_iterations = 1000, initial_temperature = 3.0, cooling_rate = 0.999
26 - INFO - chord#: 28 done. best_score=146.0, changed=611, unchanged=264, early_stops=8/8
26 - INFO - chord#: 30 In build_straw_man_chord_sa. tolerance = 1, sa_iterations = 1000, initial_temperature = 3.0, cooling_rate = 0.999
26 - INFO - chord#: 28 done. best_score=71.0, changed=608, unchanged=272, early_stops=8/8
26 - INFO - chord#: 30 In build_straw_man_chord_sa. tolerance = 1, sa_iterations = 1000, initial_temperature = 3.0, cooling_rate = 0.999
26 - INFO - chord#: 30 done. best_score=36.0, changed=511, unchanged=305, early_stops=8/8
26 - INFO - chord#: 32 In build_straw_man_chord_sa. tolerance = 1, sa_iterations = 1000, initial_temperature = 3.0, cooling_rate = 0.999
26 - INFO - chord#: 28 done. best_score=71.0, changed=618, unchanged=573, early_stops=8/8
26 - INFO - chord#: 30 In build_straw_man_chord_sa. tolerance = 1, sa_iterations = 1000, initial_temperature = 3.0, cooling_rate = 0.999
26 - INFO - chord#: 32 done. best_score=37.0, changed=514, unchanged=326, early_stops=8/8
26 - INFO - chord#: 34 In build_straw_man_chord_sa. tolerance = 1, sa_iterations = 1000, initial_temperature = 3.0, cooling_rate = 0.999
26 - INFO - chord#: 30 done. best_score=36.0, changed=520, unchanged=345, early_stops=8/8
26 - INFO - chord#: 32 In build_straw_man_chord_sa. tolerance = 1, sa_iterations = 1000, initial_temperature = 3.0, cooling_rate = 0.999
26 - INFO - chord#: 28 done. best_score=71.0, changed=610, unchanged=351, early_stops=8/8
26 - INFO - chord#: 30 In build_straw_man_chord_sa. tolerance = 1, sa_iterations = 1000, initial_temperature = 3.0, cooling_rate = 0.999
26 - INFO - chord#: 36 done. best_score=146.0, changed=608, unchanged=242, early_stops=8/8
26 - INFO - chord#: 38 In build_straw_man_chord_sa. tolerance = 1, sa_iterations = 1000, initial_temperature = 3.0, cooling_rate = 0.999
26 - INFO - chord#: 28 done. best_score=64.0, changed=613, unchanged=322, early_stops=8/8
26 - INFO - chord#: 30 In build_straw_man_chord_sa. tolerance = 1, sa_iterations = 1000, initial_temperature = 3.0, cooling_rate = 0.999
26 - INFO - chord#: 32 done. best_score=35.0, changed=513, unchanged=378, early_stops=8/8
26 - INFO - chord#: 34 In build_straw_man_chord_sa. tolerance = 1, sa_iterations = 1000, initial_temperature = 3.0, cooling_rate = 0.999
26 - INFO - chord#: 30 done. best_score=36.0, changed=523, unchanged=364, early_stops=8/8
26 - INFO - chord#: 32 In build_straw_man_chord_sa. tolerance = 1, sa_iterations = 1000, initial_temperature = 3.0, cooling_rate = 0.999
26 - INFO - chord#: 30 done. best_score=36.0, changed=521, unchanged=412, early_stops=8/8
26 - INFO - chord#: 32 In build_straw_man_chord_sa. tolerance = 1, sa_iterations = 1000, initial_temperature = 3.0, cooling_rate = 0.999
26 - INFO - chord#: 36 done. best_score=140.0, changed=612, unchanged=309, early_stops=8/8
26 - INFO - chord#: 38 In build_straw_man_chord_sa. tolerance = 1, sa_iterations = 1000, initial_temperature = 3.0, cooling_rate = 0.999
26 - INFO - chord#: 30 done. best_score=36.0, changed=513, unchanged=319, early_stops=8/8
26 - INFO - chord#: 32 In build_straw_man_chord_sa. tolerance = 1, sa_iterations = 1000, initial_temperature = 3.0, cooling_rate = 0.999
26 - INFO - chord#: 32 done. best_score=35.0, changed=522, unchanged=443, early_stops=8/8
26 - INFO - chord#: 34 In build_straw_man_chord_sa. tolerance = 1, sa_iterations = 1000, initial_temperature = 3.0, cooling_rate = 0.999
26 - INFO - chord#: 30 done. best_score=36.0, changed=519, unchanged=341, early_stops=8/8
26 - INFO - chord#: 32 In build_straw_man_chord_sa. tolerance = 1, sa_iterations = 1000, initial_temperature = 3.0, cooling_rate = 0.999
26 - INFO - chord#: 34 done. best_score=27.0, changed=529, unchanged=380, early_stops=8/8
26 - INFO - chord#: 36 In build_straw_man_chord_sa. tolerance = 1, sa_iterations = 1000, initial_temperature = 3.0, cooling_rate = 0.999
26 - INFO - chord#: 36 done. best_score=64.0, changed=610, unchanged=416, early_stops=8/8
26 - INFO - chord#: 38 In build_straw_man_chord_sa. tolerance = 1, sa_iterations = 1000, initial_temperature = 3.0, cooling_rate = 0.999
26 - INFO - chord#: 36 done. best_score=145.0, changed=608, unchanged=336, early_stops=8/8
26 - INFO - chord#: 38 In build_straw_man_chord_sa. tolerance = 1, sa_iterations = 1000, initial_temperature = 3.0, cooling_rate = 0.999
26 - INFO - chord#: 38 done. best_score=36.0, changed=519, unchanged=446, early_stops=8/8
26 - INFO - chord#: 34 done. best_score=36.0, changed=532, unchanged=296, early_stops=8/8
26 - INFO - chord#: 39 In build_straw_man_chord_sa. tolerance = 1, sa_iterations = 1000, initial_temperature = 3.0, cooling_rate = 0.999
26 - INFO - chord#: 36 In build_straw_man_chord_sa. tolerance = 1, sa_iterations = 1000, initial_temperature = 3.0, cooling_rate = 0.999
26 - INFO - chord#: 30 done. best_score=36.0, changed=519, unchanged=363, early_stops=8/8
26 - INFO - chord#: 32 In build_straw_man_chord_sa. tolerance = 1, sa_iterations = 1000, initial_temperature = 3.0, cooling_rate = 0.999
26 - INFO - chord#: 38 done. best_score=36.0, changed=514, unchanged=334, early_stops=8/8
26 - INFO - chord#: 39 In build_straw_man_chord_sa. tolerance = 1, sa_iterations = 1000, initial_temperature = 3.0, cooling_rate = 0.999
26 - INFO - chord#: 32 done. best_score=37.0, changed=524, unchanged=333, early_stops=8/8
26 - INFO - chord#: 34 In build_straw_man_chord_sa. tolerance = 1, sa_iterations = 1000, initial_temperature = 3.0, cooling_rate = 0.999
26 - INFO - chord#: 34 done. best_score=36.0, changed=529, unchanged=325, early_stops=8/8
26 - INFO - chord#: 36 In build_straw_man_chord_sa. tolerance = 1, sa_iterations = 1000, initial_temperature = 3.0, cooling_rate = 0.999
26 - INFO - chord#: 32 done. best_score=37.0, changed=530, unchanged=430, early_stops=8/8
26 - INFO - chord#: 34 In build_straw_man_chord_sa. tolerance = 1, sa_iterations = 1000, initial_temperature = 3.0, cooling_rate = 0.999
26 - INFO - chord#: 32 done. best_score=37.0, changed=523, unchanged=384, early_stops=8/8
26 - INFO - chord#: 34 In build_straw_man_chord_sa. tolerance = 1, sa_iterations = 1000, initial_temperature = 3.0, cooling_rate = 0.999
26 - INFO - chord#: 32 done. best_score=37.0, changed=528, unchanged=515, early_stops=8/8
26 - INFO - chord#: 34 In build_straw_man_chord_sa. tolerance = 1, sa_iterations = 1000, initial_temperature = 3.0, cooling_rate = 0.999
26 - INFO - chord#: 38 done. best_score=36.0, changed=520, unchanged=429, early_stops=8/8
26 - INFO - chord#: 39 In build_straw_man_chord_sa. tolerance = 1, sa_iterations = 1000, initial_temperature = 3.0, cooling_rate = 0.999
26 - INFO - chord#: 32 done. best_score=35.0, changed=523, unchanged=431, early_stops=8/8
26 - INFO - chord#: 34 In build_straw_man_chord_sa. tolerance = 1, sa_iterations = 1000, initial_temperature = 3.0, cooling_rate = 0.999
26 - INFO - chord#: 39 done. best_score=27.0, changed=523, unchanged=360, early_stops=8/8
26 - INFO - chord#: 40 In build_straw_man_chord_sa. tolerance = 1, sa_iterations = 1000, initial_temperature = 3.0, cooling_rate = 0.999
26 - INFO - chord#: 34 done. best_score=27.0, changed=527, unchanged=326, early_stops=8/8
26 - INFO - chord#: 36 In build_straw_man_chord_sa. tolerance = 1, sa_iterations = 1000, initial_temperature = 3.0, cooling_rate = 0.999
26 - INFO - chord#: 34 done. best_score=27.0, changed=518, unchanged=317, early_stops=8/8
26 - INFO - chord#: 36 In build_straw_man_chord_sa. tolerance = 1, sa_iterations = 1000, initial_temperature = 3.0, cooling_rate = 0.999
26 - INFO - chord#: 38 done. best_score=36.0, changed=523, unchanged=424, early_stops=8/8
26 - INFO - chord#: 39 In build_straw_man_chord_sa. tolerance = 1, sa_iterations = 1000, initial_temperature = 3.0, cooling_rate = 0.999
26 - INFO - chord#: 39 done. best_score=27.0, changed=528, unchanged=456, early_stops=8/8
26 - INFO - chord#: 40 In build_straw_man_chord_sa. tolerance = 1, sa_iterations = 1000, initial_temperature = 3.0, cooling_rate = 0.999
26 - INFO - chord#: 39 done. best_score=27.0, changed=517, unchanged=432, early_stops=8/8
26 - INFO - chord#: 40 In build_straw_man_chord_sa. tolerance = 1, sa_iterations = 1000, initial_temperature = 3.0, cooling_rate = 0.999
26 - INFO - chord#: 34 done. best_score=27.0, changed=530, unchanged=349, early_stops=8/8
26 - INFO - chord#: 36 In build_straw_man_chord_sa. tolerance = 1, sa_iterations = 1000, initial_temperature = 3.0, cooling_rate = 0.999
26 - INFO - chord#: 34 done. best_score=27.0, changed=531, unchanged=414, early_stops=8/8
26 - INFO - chord#: 36 In build_straw_man_chord_sa. tolerance = 1, sa_iterations = 1000, initial_temperature = 3.0, cooling_rate = 0.999
26 - INFO - chord#: 36 done. best_score=96.0, changed=610, unchanged=259, early_stops=8/8
26 - INFO - chord#: 38 In build_straw_man_chord_sa. tolerance = 1, sa_iterations = 1000, initial_temperature = 3.0, cooling_rate = 0.999
26 - INFO - chord#: 34 done. best_score=36.0, changed=529, unchanged=410, early_stops=8/8
26 - INFO - chord#: 36 In build_straw_man_chord_sa. tolerance = 1, sa_iterations = 1000, initial_temperature = 3.0, cooling_rate = 0.999
26 - INFO - chord#: 40 done. best_score=27.0, changed=512, unchanged=406, early_stops=8/8
26 - INFO - chord#: 42 In build_straw_man_chord_sa. tolerance = 1, sa_iterations = 1000, initial_temperature = 3.0, cooling_rate = 0.999
26 - INFO - chord#: 36 done. best_score=140.0, changed=613, unchanged=250, early_stops=8/8
26 - INFO - chord#: 38 In build_straw_man_chord_sa. tolerance = 1, sa_iterations = 1000, initial_temperature = 3.0, cooling_rate = 0.999
26 - INFO - chord#: 36 done. best_score=71.0, changed=614, unchanged=371, early_stops=8/8
26 - INFO - chord#: 38 In build_straw_man_chord_sa. tolerance = 1, sa_iterations = 1000, initial_temperature = 3.0, cooling_rate = 0.999
26 - INFO - chord#: 40 done. best_score=27.0, changed=516, unchanged=393, early_stops=8/8
26 - INFO - chord#: 42 In build_straw_man_chord_sa. tolerance = 1, sa_iterations = 1000, initial_temperature = 3.0, cooling_rate = 0.999
26 - INFO - chord#: 39 done. best_score=27.0, changed=521, unchanged=480, early_stops=8/8
26 - INFO - chord#: 40 In build_straw_man_chord_sa. tolerance = 1, sa_iterations = 1000, initial_temperature = 3.0, cooling_rate = 0.999
26 - INFO - chord#: 40 done. best_score=27.0, changed=521, unchanged=473, early_stops=8/8
26 - INFO - chord#: 42 In build_straw_man_chord_sa. tolerance = 1, sa_iterations = 1000, initial_temperature = 3.0, cooling_rate = 0.999
26 - INFO - chord#: 36 done. best_score=64.0, changed=611, unchanged=266, early_stops=8/8
26 - INFO - chord#: 38 In build_straw_man_chord_sa. tolerance = 1, sa_iterations = 1000, initial_temperature = 3.0, cooling_rate = 0.999
26 - INFO - chord#: 38 done. best_score=36.0, changed=523, unchanged=376, early_stops=8/8
26 - INFO - chord#: 39 In build_straw_man_chord_sa. tolerance = 1, sa_iterations = 1000, initial_temperature = 3.0, cooling_rate = 0.999
26 - INFO - chord#: 38 done. best_score=36.0, changed=522, unchanged=426, early_stops=8/8
26 - INFO - chord#: 39 In build_straw_man_chord_sa. tolerance = 1, sa_iterations = 1000, initial_temperature = 3.0, cooling_rate = 0.999
26 - INFO - chord#: 38 done. best_score=36.0, changed=523, unchanged=411, early_stops=8/8
26 - INFO - chord#: 39 In build_straw_man_chord_sa. tolerance = 1, sa_iterations = 1000, initial_temperature = 3.0, cooling_rate = 0.999
26 - INFO - chord#: 36 done. best_score=64.0, changed=615, unchanged=295, early_stops=8/8
26 - INFO - chord#: 38 In build_straw_man_chord_sa. tolerance = 1, sa_iterations = 1000, initial_temperature = 3.0, cooling_rate = 0.999
26 - INFO - chord#: 40 done. best_score=27.0, changed=512, unchanged=394, early_stops=8/8
26 - INFO - chord#: 42 In build_straw_man_chord_sa. tolerance = 1, sa_iterations = 1000, initial_temperature = 3.0, cooling_rate = 0.999
26 - INFO - chord#: 36 done. best_score=64.0, changed=609, unchanged=316, early_stops=8/8
26 - INFO - chord#: 38 In build_straw_man_chord_sa. tolerance = 1, sa_iterations = 1000, initial_temperature = 3.0, cooling_rate = 0.999
26 - INFO - chord#: 38 done. best_score=36.0, changed=525, unchanged=446, early_stops=8/8
26 - INFO - chord#: 39 In build_straw_man_chord_sa. tolerance = 1, sa_iterations = 1000, initial_temperature = 3.0, cooling_rate = 0.999
26 - INFO - chord#: 36 done. best_score=146.0, changed=609, unchanged=314, early_stops=8/8
26 - INFO - chord#: 38 In build_straw_man_chord_sa. tolerance = 1, sa_iterations = 1000, initial_temperature = 3.0, cooling_rate = 0.999
26 - INFO - chord#: 42 done. best_score=67.0, changed=610, unchanged=266, early_stops=8/8
26 - INFO - chord#: 44 In build_straw_man_chord_sa. tolerance = 1, sa_iterations = 1000, initial_temperature = 3.0, cooling_rate = 0.999
26 - INFO - chord#: 39 done. best_score=36.0, changed=530, unchanged=434, early_stops=8/8
26 - INFO - chord#: 40 In build_straw_man_chord_sa. tolerance = 1, sa_iterations = 1000, initial_temperature = 3.0, cooling_rate = 0.999
26 - INFO - chord#: 39 done. best_score=27.0, changed=516, unchanged=361, early_stops=8/8
26 - INFO - chord#: 40 In build_straw_man_chord_sa. tolerance = 1, sa_iterations = 1000, initial_temperature = 3.0, cooling_rate = 0.999
26 - INFO - chord#: 36 done. best_score=96.0, changed=615, unchanged=315, early_stops=8/8
26 - INFO - chord#: 38 In build_straw_man_chord_sa. tolerance = 1, sa_iterations = 1000, initial_temperature = 3.0, cooling_rate = 0.999
26 - INFO - chord#: 44 done. best_score=27.0, changed=521, unchanged=332, early_stops=8/8
26 - INFO - chord#: 48 In build_straw_man_chord_sa. tolerance = 1, sa_iterations = 1000, initial_temperature = 3.0, cooling_rate = 0.999
26 - INFO - chord#: 39 done. best_score=27.0, changed=527, unchanged=424, early_stops=8/8
26 - INFO - chord#: 40 In build_straw_man_chord_sa. tolerance = 1, sa_iterations = 1000, initial_temperature = 3.0, cooling_rate = 0.999
26 - INFO - chord#: 38 done. best_score=36.0, changed=523, unchanged=501, early_stops=8/8
26 - INFO - chord#: 39 In build_straw_man_chord_sa. tolerance = 1, sa_iterations = 1000, initial_temperature = 3.0, cooling_rate = 0.999
26 - INFO - chord#: 39 done. best_score=27.0, changed=514, unchanged=314, early_stops=8/8
26 - INFO - chord#: 40 In build_straw_man_chord_sa. tolerance = 1, sa_iterations = 1000, initial_temperature = 3.0, cooling_rate = 0.999
26 - INFO - chord#: 42 done. best_score=96.0, changed=615, unchanged=328, early_stops=8/8
26 - INFO - chord#: 44 In build_straw_man_chord_sa. tolerance = 1, sa_iterations = 1000, initial_temperature = 3.0, cooling_rate = 0.999
26 - INFO - chord#: 42 done. best_score=67.0, changed=611, unchanged=281, early_stops=8/8
26 - INFO - chord#: 44 In build_straw_man_chord_sa. tolerance = 1, sa_iterations = 1000, initial_temperature = 3.0, cooling_rate = 0.999
26 - INFO - chord#: 48 done. best_score=9.0, changed=476, unchanged=353, early_stops=8/8
26 - INFO - chord#: 50 In build_straw_man_chord_sa. tolerance = 1, sa_iterations = 1000, initial_temperature = 3.0, cooling_rate = 0.999
26 - INFO - chord#: 38 done. best_score=36.0, changed=523, unchanged=407, early_stops=8/8
26 - INFO - chord#: 39 In build_straw_man_chord_sa. tolerance = 1, sa_iterations = 1000, initial_temperature = 3.0, cooling_rate = 0.999
26 - INFO - chord#: 40 done. best_score=27.0, changed=520, unchanged=426, early_stops=8/8
26 - INFO - chord#: 42 In build_straw_man_chord_sa. tolerance = 1, sa_iterations = 1000, initial_temperature = 3.0, cooling_rate = 0.999
26 - INFO - chord#: 38 done. best_score=36.0, changed=525, unchanged=453, early_stops=8/8
26 - INFO - chord#: 39 In build_straw_man_chord_sa. tolerance = 1, sa_iterations = 1000, initial_temperature = 3.0, cooling_rate = 0.999
26 - INFO - chord#: 38 done. best_score=36.0, changed=528, unchanged=383, early_stops=8/8
26 - INFO - chord#: 39 In build_straw_man_chord_sa. tolerance = 1, sa_iterations = 1000, initial_temperature = 3.0, cooling_rate = 0.999
26 - INFO - chord#: 40 done. best_score=27.0, changed=518, unchanged=483, early_stops=8/8
26 - INFO - chord#: 42 In build_straw_man_chord_sa. tolerance = 1, sa_iterations = 1000, initial_temperature = 3.0, cooling_rate = 0.999
26 - INFO - chord#: 44 done. best_score=27.0, changed=523, unchanged=409, early_stops=8/8
26 - INFO - chord#: 48 In build_straw_man_chord_sa. tolerance = 1, sa_iterations = 1000, initial_temperature = 3.0, cooling_rate = 0.999
26 - INFO - chord#: 39 done. best_score=27.0, changed=529, unchanged=422, early_stops=8/8
26 - INFO - chord#: 40 In build_straw_man_chord_sa. tolerance = 1, sa_iterations = 1000, initial_temperature = 3.0, cooling_rate = 0.999
26 - INFO - chord#: 39 done. best_score=27.0, changed=515, unchanged=327, early_stops=8/8
26 - INFO - chord#: 40 In build_straw_man_chord_sa. tolerance = 1, sa_iterations = 1000, initial_temperature = 3.0, cooling_rate = 0.999
26 - INFO - chord#: 40 done. best_score=27.0, changed=521, unchanged=519, early_stops=8/8
26 - INFO - chord#: 42 In build_straw_man_chord_sa. tolerance = 1, sa_iterations = 1000, initial_temperature = 3.0, cooling_rate = 0.999
26 - INFO - chord#: 48 done. best_score=9.0, changed=476, unchanged=360, early_stops=8/8
26 - INFO - chord#: 50 In build_straw_man_chord_sa. tolerance = 1, sa_iterations = 1000, initial_temperature = 3.0, cooling_rate = 0.999
26 - INFO - chord#: 50 done. best_score=35.0, changed=518, unchanged=367, early_stops=8/8
26 - INFO - chord#: 52 In build_straw_man_chord_sa. tolerance = 1, sa_iterations = 1000, initial_temperature = 3.0, cooling_rate = 0.999
26 - INFO - chord#: 44 done. best_score=27.0, changed=516, unchanged=310, early_stops=8/8
26 - INFO - chord#: 48 In build_straw_man_chord_sa. tolerance = 1, sa_iterations = 1000, initial_temperature = 3.0, cooling_rate = 0.999
26 - INFO - chord#: 40 done. best_score=27.0, changed=521, unchanged=486, early_stops=8/8
26 - INFO - chord#: 42 In build_straw_man_chord_sa. tolerance = 1, sa_iterations = 1000, initial_temperature = 3.0, cooling_rate = 0.999
26 - INFO - chord#: 48 done. best_score=9.0, changed=487, unchanged=326, early_stops=8/8
26 - INFO - chord#: 50 In build_straw_man_chord_sa. tolerance = 1, sa_iterations = 1000, initial_temperature = 3.0, cooling_rate = 0.999
26 - INFO - chord#: 42 done. best_score=67.0, changed=614, unchanged=286, early_stops=8/8
26 - INFO - chord#: 44 In build_straw_man_chord_sa. tolerance = 1, sa_iterations = 1000, initial_temperature = 3.0, cooling_rate = 0.999
26 - INFO - chord#: 39 done. best_score=27.0, changed=524, unchanged=394, early_stops=8/8
26 - INFO - chord#: 40 In build_straw_man_chord_sa. tolerance = 1, sa_iterations = 1000, initial_temperature = 3.0, cooling_rate = 0.999
26 - INFO - chord#: 39 done. best_score=27.0, changed=510, unchanged=373, early_stops=8/8
26 - INFO - chord#: 40 In build_straw_man_chord_sa. tolerance = 1, sa_iterations = 1000, initial_temperature = 3.0, cooling_rate = 0.999
26 - INFO - chord#: 40 done. best_score=27.0, changed=516, unchanged=378, early_stops=8/8
26 - INFO - chord#: 42 In build_straw_man_chord_sa. tolerance = 1, sa_iterations = 1000, initial_temperature = 3.0, cooling_rate = 0.999
26 - INFO - chord#: 40 done. best_score=27.0, changed=515, unchanged=480, early_stops=8/8
26 - INFO - chord#: 42 In build_straw_man_chord_sa. tolerance = 1, sa_iterations = 1000, initial_temperature = 3.0, cooling_rate = 0.999
26 - INFO - chord#: 42 done. best_score=145.0, changed=611, unchanged=255, early_stops=8/8
26 - INFO - chord#: 44 In build_straw_man_chord_sa. tolerance = 1, sa_iterations = 1000, initial_temperature = 3.0, cooling_rate = 0.999
26 - INFO - chord#: 52 done. best_score=27.0, changed=526, unchanged=375, early_stops=8/8
26 - INFO - chord#: 54 In build_straw_man_chord_sa. tolerance = 1, sa_iterations = 1000, initial_temperature = 3.0, cooling_rate = 0.999
26 - INFO - chord#: 50 done. best_score=35.0, changed=519, unchanged=500, early_stops=8/8
26 - INFO - chord#: 52 In build_straw_man_chord_sa. tolerance = 1, sa_iterations = 1000, initial_temperature = 3.0, cooling_rate = 0.999
26 - INFO - chord#: 44 done. best_score=27.0, changed=526, unchanged=405, early_stops=8/8
26 - INFO - chord#: 48 In build_straw_man_chord_sa. tolerance = 1, sa_iterations = 1000, initial_temperature = 3.0, cooling_rate = 0.999
26 - INFO - chord#: 44 done. best_score=27.0, changed=519, unchanged=308, early_stops=8/8
26 - INFO - chord#: 48 In build_straw_man_chord_sa. tolerance = 1, sa_iterations = 1000, initial_temperature = 3.0, cooling_rate = 0.999
26 - INFO - chord#: 50 done. best_score=35.0, changed=519, unchanged=523, early_stops=8/8
26 - INFO - chord#: 52 In build_straw_man_chord_sa. tolerance = 1, sa_iterations = 1000, initial_temperature = 3.0, cooling_rate = 0.999
26 - INFO - chord#: 42 done. best_score=67.0, changed=606, unchanged=214, early_stops=8/8
26 - INFO - chord#: 44 In build_straw_man_chord_sa. tolerance = 1, sa_iterations = 1000, initial_temperature = 3.0, cooling_rate = 0.999
26 - INFO - chord#: 40 done. best_score=27.0, changed=518, unchanged=422, early_stops=8/8
26 - INFO - chord#: 48 done. best_score=9.0, changed=478, unchanged=345, early_stops=8/8
26 - INFO - chord#: 42 In build_straw_man_chord_sa. tolerance = 1, sa_iterations = 1000, initial_temperature = 3.0, cooling_rate = 0.999
26 - INFO - chord#: 50 In build_straw_man_chord_sa. tolerance = 1, sa_iterations = 1000, initial_temperature = 3.0, cooling_rate = 0.999
26 - INFO - chord#: 48 done. best_score=9.0, changed=486, unchanged=369, early_stops=8/8
26 - INFO - chord#: 50 In build_straw_man_chord_sa. tolerance = 1, sa_iterations = 1000, initial_temperature = 3.0, cooling_rate = 0.999
26 - INFO - chord#: 40 done. best_score=27.0, changed=522, unchanged=484, early_stops=8/8
26 - INFO - chord#: 42 In build_straw_man_chord_sa. tolerance = 1, sa_iterations = 1000, initial_temperature = 3.0, cooling_rate = 0.999
26 - INFO - chord#: 42 done. best_score=145.0, changed=609, unchanged=258, early_stops=8/8
26 - INFO - chord#: 44 In build_straw_man_chord_sa. tolerance = 1, sa_iterations = 1000, initial_temperature = 3.0, cooling_rate = 0.999
26 - INFO - chord#: 52 done. best_score=27.0, changed=517, unchanged=300, early_stops=8/8
26 - INFO - chord#: 54 done. best_score=27.0, changed=526, unchanged=498, early_stops=8/8
26 - INFO - chord#: 54 In build_straw_man_chord_sa. tolerance = 1, sa_iterations = 1000, initial_temperature = 3.0, cooling_rate = 0.999
26 - INFO - chord#: 56 In build_straw_man_chord_sa. tolerance = 1, sa_iterations = 1000, initial_temperature = 3.0, cooling_rate = 0.999
26 - INFO - chord#: 44 done. best_score=27.0, changed=527, unchanged=368, early_stops=8/8
26 - INFO - chord#: 48 In build_straw_man_chord_sa. tolerance = 1, sa_iterations = 1000, initial_temperature = 3.0, cooling_rate = 0.999
26 - INFO - chord#: 44 done. best_score=27.0, changed=532, unchanged=468, early_stops=8/8
26 - INFO - chord#: 48 In build_straw_man_chord_sa. tolerance = 1, sa_iterations = 1000, initial_temperature = 3.0, cooling_rate = 0.999
26 - INFO - chord#: 52 done. best_score=27.0, changed=520, unchanged=358, early_stops=8/8
26 - INFO - chord#: 54 In build_straw_man_chord_sa. tolerance = 1, sa_iterations = 1000, initial_temperature = 3.0, cooling_rate = 0.999
26 - INFO - chord#: 56 done. best_score=27.0, changed=521, unchanged=441, early_stops=8/8
26 - INFO - chord#: 58 In build_straw_man_chord_sa. tolerance = 1, sa_iterations = 1000, initial_temperature = 3.0, cooling_rate = 0.999
26 - INFO - chord#: 54 done. best_score=27.0, changed=518, unchanged=419, early_stops=8/8
26 - INFO - chord#: 56 In build_straw_man_chord_sa. tolerance = 1, sa_iterations = 1000, initial_temperature = 3.0, cooling_rate = 0.999
26 - INFO - chord#: 50 done. best_score=35.0, changed=525, unchanged=501, early_stops=8/8
26 - INFO - chord#: 52 In build_straw_man_chord_sa. tolerance = 1, sa_iterations = 1000, initial_temperature = 3.0, cooling_rate = 0.999
26 - INFO - chord#: 42 done. best_score=67.0, changed=614, unchanged=391, early_stops=8/8
26 - INFO - chord#: 44 In build_straw_man_chord_sa. tolerance = 1, sa_iterations = 1000, initial_temperature = 3.0, cooling_rate = 0.999
26 - INFO - chord#: 48 done. best_score=9.0, changed=474, unchanged=349, early_stops=8/8
26 - INFO - chord#: 50 In build_straw_man_chord_sa. tolerance = 1, sa_iterations = 1000, initial_temperature = 3.0, cooling_rate = 0.999
26 - INFO - chord#: 50 done. best_score=35.0, changed=525, unchanged=455, early_stops=8/8
26 - INFO - chord#: 52 In build_straw_man_chord_sa. tolerance = 1, sa_iterations = 1000, initial_temperature = 3.0, cooling_rate = 0.999
26 - INFO - chord#: 48 done. best_score=9.0, changed=463, unchanged=359, early_stops=8/8
26 - INFO - chord#: 50 In build_straw_man_chord_sa. tolerance = 1, sa_iterations = 1000, initial_temperature = 3.0, cooling_rate = 0.999
26 - INFO - chord#: 42 done. best_score=67.0, changed=611, unchanged=413, early_stops=8/8
26 - INFO - chord#: 44 In build_straw_man_chord_sa. tolerance = 1, sa_iterations = 1000, initial_temperature = 3.0, cooling_rate = 0.999
26 - INFO - chord#: 42 done. best_score=67.0, changed=613, unchanged=481, early_stops=8/8
26 - INFO - chord#: 44 In build_straw_man_chord_sa. tolerance = 1, sa_iterations = 1000, initial_temperature = 3.0, cooling_rate = 0.999
26 - INFO - chord#: 44 done. best_score=27.0, changed=519, unchanged=400, early_stops=8/8
26 - INFO - chord#: 48 In build_straw_man_chord_sa. tolerance = 1, sa_iterations = 1000, initial_temperature = 3.0, cooling_rate = 0.999
26 - INFO - chord#: 56 done. best_score=36.0, changed=523, unchanged=490, early_stops=8/8
26 - INFO - chord#: 58 In build_straw_man_chord_sa. tolerance = 1, sa_iterations = 1000, initial_temperature = 3.0, cooling_rate = 0.999
26 - INFO - chord#: 54 done. best_score=27.0, changed=517, unchanged=351, early_stops=8/8
26 - INFO - chord#: 56 In build_straw_man_chord_sa. tolerance = 1, sa_iterations = 1000, initial_temperature = 3.0, cooling_rate = 0.999
26 - INFO - chord#: 52 done. best_score=27.0, changed=527, unchanged=511, early_stops=8/8
26 - INFO - chord#: 54 In build_straw_man_chord_sa. tolerance = 1, sa_iterations = 1000, initial_temperature = 3.0, cooling_rate = 0.999
26 - INFO - chord#: 48 done. best_score=9.0, changed=492, unchanged=335, early_stops=8/8
26 - INFO - chord#: 50 In build_straw_man_chord_sa. tolerance = 1, sa_iterations = 1000, initial_temperature = 3.0, cooling_rate = 0.999
26 - INFO - chord#: 50 done. best_score=35.0, changed=529, unchanged=522, early_stops=8/8
26 - INFO - chord#: 52 In build_straw_man_chord_sa. tolerance = 1, sa_iterations = 1000, initial_temperature = 3.0, cooling_rate = 0.999
26 - INFO - chord#: 52 done. best_score=27.0, changed=521, unchanged=383, early_stops=8/8
26 - INFO - chord#: 54 In build_straw_man_chord_sa. tolerance = 1, sa_iterations = 1000, initial_temperature = 3.0, cooling_rate = 0.999
26 - INFO - chord#: 44 done. best_score=27.0, changed=525, unchanged=377, early_stops=8/8
26 - INFO - chord#: 48 In build_straw_man_chord_sa. tolerance = 1, sa_iterations = 1000, initial_temperature = 3.0, cooling_rate = 0.999
26 - INFO - chord#: 50 done. best_score=35.0, changed=527, unchanged=360, early_stops=8/8
26 - INFO - chord#: 52 In build_straw_man_chord_sa. tolerance = 1, sa_iterations = 1000, initial_temperature = 3.0, cooling_rate = 0.999
26 - INFO - chord#: 42 done. best_score=145.0, changed=608, unchanged=288, early_stops=8/8
26 - INFO - chord#: 44 In build_straw_man_chord_sa. tolerance = 1, sa_iterations = 1000, initial_temperature = 3.0, cooling_rate = 0.999
26 - INFO - chord#: 44 done. best_score=27.0, changed=522, unchanged=446, early_stops=8/8
26 - INFO - chord#: 48 In build_straw_man_chord_sa. tolerance = 1, sa_iterations = 1000, initial_temperature = 3.0, cooling_rate = 0.999
26 - INFO - chord#: 42 done. best_score=67.0, changed=609, unchanged=316, early_stops=8/8
26 - INFO - chord#: 44 In build_straw_man_chord_sa. tolerance = 1, sa_iterations = 1000, initial_temperature = 3.0, cooling_rate = 0.999
26 - INFO - chord#: 48 done. best_score=9.0, changed=477, unchanged=347, early_stops=8/8
26 - INFO - chord#: 50 In build_straw_man_chord_sa. tolerance = 1, sa_iterations = 1000, initial_temperature = 3.0, cooling_rate = 0.999
26 - INFO - chord#: 48 done. best_score=9.0, changed=482, unchanged=339, early_stops=8/8
26 - INFO - chord#: 50 In build_straw_man_chord_sa. tolerance = 1, sa_iterations = 1000, initial_temperature = 3.0, cooling_rate = 0.999
26 - INFO - chord#: 50 done. best_score=35.0, changed=509, unchanged=309, early_stops=8/8
26 - INFO - chord#: 52 In build_straw_man_chord_sa. tolerance = 1, sa_iterations = 1000, initial_temperature = 3.0, cooling_rate = 0.999
26 - INFO - chord#: 54 done. best_score=27.0, changed=528, unchanged=472, early_stops=8/8
26 - INFO - chord#: 56 In build_straw_man_chord_sa. tolerance = 1, sa_iterations = 1000, initial_temperature = 3.0, cooling_rate = 0.999
26 - INFO - chord#: 58 done. best_score=96.0, changed=613, unchanged=385, early_stops=8/8
26 - INFO - chord#: 60 In build_straw_man_chord_sa. tolerance = 1, sa_iterations = 1000, initial_temperature = 3.0, cooling_rate = 0.999
26 - INFO - chord#: 52 done. best_score=27.0, changed=520, unchanged=393, early_stops=8/8
26 - INFO - chord#: 54 In build_straw_man_chord_sa. tolerance = 1, sa_iterations = 1000, initial_temperature = 3.0, cooling_rate = 0.999
26 - INFO - chord#: 56 done. best_score=27.0, changed=523, unchanged=439, early_stops=8/8
26 - INFO - chord#: 58 In build_straw_man_chord_sa. tolerance = 1, sa_iterations = 1000, initial_temperature = 3.0, cooling_rate = 0.999
26 - INFO - chord#: 54 done. best_score=27.0, changed=517, unchanged=327, early_stops=8/8
26 - INFO - chord#: 56 In build_straw_man_chord_sa. tolerance = 1, sa_iterations = 1000, initial_temperature = 3.0, cooling_rate = 0.999
26 - INFO - chord#: 52 done. best_score=27.0, changed=515, unchanged=369, early_stops=8/8
26 - INFO - chord#: 54 In build_straw_man_chord_sa. tolerance = 1, sa_iterations = 1000, initial_temperature = 3.0, cooling_rate = 0.999
26 - INFO - chord#: 44 done. best_score=27.0, changed=527, unchanged=397, early_stops=8/8
26 - INFO - chord#: 48 In build_straw_man_chord_sa. tolerance = 1, sa_iterations = 1000, initial_temperature = 3.0, cooling_rate = 0.999
26 - INFO - chord#: 44 done. best_score=27.0, changed=523, unchanged=388, early_stops=8/8
26 - INFO - chord#: 48 In build_straw_man_chord_sa. tolerance = 1, sa_iterations = 1000, initial_temperature = 3.0, cooling_rate = 0.999
26 - INFO - chord#: 58 done. best_score=141.0, changed=607, unchanged=266, early_stops=8/8
26 - INFO - chord#: 60 In build_straw_man_chord_sa. tolerance = 1, sa_iterations = 1000, initial_temperature = 3.0, cooling_rate = 0.999
26 - INFO - chord#: 50 done. best_score=35.0, changed=522, unchanged=439, early_stops=8/8
26 - INFO - chord#: 52 In build_straw_man_chord_sa. tolerance = 1, sa_iterations = 1000, initial_temperature = 3.0, cooling_rate = 0.999
26 - INFO - chord#: 48 done. best_score=9.0, changed=496, unchanged=319, early_stops=8/8
26 - INFO - chord#: 50 In build_straw_man_chord_sa. tolerance = 1, sa_iterations = 1000, initial_temperature = 3.0, cooling_rate = 0.999
26 - INFO - chord#: 50 done. best_score=35.0, changed=523, unchanged=446, early_stops=8/8
26 - INFO - chord#: 52 In build_straw_man_chord_sa. tolerance = 1, sa_iterations = 1000, initial_temperature = 3.0, cooling_rate = 0.999
26 - INFO - chord#: 56 done. best_score=27.0, changed=516, unchanged=333, early_stops=8/8
26 - INFO - chord#: 58 In build_straw_man_chord_sa. tolerance = 1, sa_iterations = 1000, initial_temperature = 3.0, cooling_rate = 0.999
26 - INFO - chord#: 60 done. best_score=27.0, changed=525, unchanged=381, early_stops=8/8
26 - INFO - chord#: 62 In build_straw_man_chord_sa. tolerance = 1, sa_iterations = 1000, initial_temperature = 3.0, cooling_rate = 0.999
26 - INFO - chord#: 52 done. best_score=27.0, changed=518, unchanged=402, early_stops=8/8
26 - INFO - chord#: 54 In build_straw_man_chord_sa. tolerance = 1, sa_iterations = 1000, initial_temperature = 3.0, cooling_rate = 0.999
26 - INFO - chord#: 48 done. best_score=9.0, changed=498, unchanged=338, early_stops=8/8
26 - INFO - chord#: 50 In build_straw_man_chord_sa. tolerance = 1, sa_iterations = 1000, initial_temperature = 3.0, cooling_rate = 0.999
26 - INFO - chord#: 54 done. best_score=27.0, changed=526, unchanged=397, early_stops=8/8
26 - INFO - chord#: 56 In build_straw_man_chord_sa. tolerance = 1, sa_iterations = 1000, initial_temperature = 3.0, cooling_rate = 0.999
26 - INFO - chord#: 60 done. best_score=27.0, changed=519, unchanged=352, early_stops=8/8
26 - INFO - chord#: 62 In build_straw_man_chord_sa. tolerance = 1, sa_iterations = 1000, initial_temperature = 3.0, cooling_rate = 0.999
26 - INFO - chord#: 56 done. best_score=27.0, changed=519, unchanged=420, early_stops=8/8
26 - INFO - chord#: 58 In build_straw_man_chord_sa. tolerance = 1, sa_iterations = 1000, initial_temperature = 3.0, cooling_rate = 0.999
26 - INFO - chord#: 52 done. best_score=27.0, changed=515, unchanged=386, early_stops=8/8
26 - INFO - chord#: 54 In build_straw_man_chord_sa. tolerance = 1, sa_iterations = 1000, initial_temperature = 3.0, cooling_rate = 0.999
26 - INFO - chord#: 54 done. best_score=27.0, changed=527, unchanged=511, early_stops=8/8
26 - INFO - chord#: 56 In build_straw_man_chord_sa. tolerance = 1, sa_iterations = 1000, initial_temperature = 3.0, cooling_rate = 0.999
26 - INFO - chord#: 54 done. best_score=27.0, changed=531, unchanged=464, early_stops=8/8
26 - INFO - chord#: 56 In build_straw_man_chord_sa. tolerance = 1, sa_iterations = 1000, initial_temperature = 3.0, cooling_rate = 0.999
26 - INFO - chord#: 50 done. best_score=35.0, changed=516, unchanged=324, early_stops=8/8
26 - INFO - chord#: 52 In build_straw_man_chord_sa. tolerance = 1, sa_iterations = 1000, initial_temperature = 3.0, cooling_rate = 0.999
26 - INFO - chord#: 52 done. best_score=27.0, changed=517, unchanged=382, early_stops=8/8
26 - INFO - chord#: 54 In build_straw_man_chord_sa. tolerance = 1, sa_iterations = 1000, initial_temperature = 3.0, cooling_rate = 0.999
26 - INFO - chord#: 56 done. best_score=27.0, changed=515, unchanged=474, early_stops=8/8
26 - INFO - chord#: 58 In build_straw_man_chord_sa. tolerance = 1, sa_iterations = 1000, initial_temperature = 3.0, cooling_rate = 0.999
26 - INFO - chord#: 50 done. best_score=35.0, changed=527, unchanged=387, early_stops=8/8
26 - INFO - chord#: 52 In build_straw_man_chord_sa. tolerance = 1, sa_iterations = 1000, initial_temperature = 3.0, cooling_rate = 0.999
26 - INFO - chord#: 58 done. best_score=96.0, changed=608, unchanged=228, early_stops=8/8
26 - INFO - chord#: 60 In build_straw_man_chord_sa. tolerance = 1, sa_iterations = 1000, initial_temperature = 3.0, cooling_rate = 0.999
26 - INFO - chord#: 54 done. best_score=27.0, changed=524, unchanged=437, early_stops=8/8
26 - INFO - chord#: 56 In build_straw_man_chord_sa. tolerance = 1, sa_iterations = 1000, initial_temperature = 3.0, cooling_rate = 0.999
26 - INFO - chord#: 58 done. best_score=150.0, changed=605, unchanged=254, early_stops=8/8
26 - INFO - chord#: 60 In build_straw_man_chord_sa. tolerance = 1, sa_iterations = 1000, initial_temperature = 3.0, cooling_rate = 0.999
26 - INFO - chord#: 56 done. best_score=27.0, changed=524, unchanged=404, early_stops=8/8
26 - INFO - chord#: 58 In build_straw_man_chord_sa. tolerance = 1, sa_iterations = 1000, initial_temperature = 3.0, cooling_rate = 0.999
26 - INFO - chord#: 56 done. best_score=27.0, changed=522, unchanged=447, early_stops=8/8
26 - INFO - chord#: 58 In build_straw_man_chord_sa. tolerance = 1, sa_iterations = 1000, initial_temperature = 3.0, cooling_rate = 0.999
26 - INFO - chord#: 62 done. best_score=149.0, changed=607, unchanged=219, early_stops=8/8
26 - INFO - chord#: 64 In build_straw_man_chord_sa. tolerance = 1, sa_iterations = 1000, initial_temperature = 3.0, cooling_rate = 0.999
26 - INFO - chord#: 54 done. best_score=27.0, changed=522, unchanged=346, early_stops=8/8
26 - INFO - chord#: 56 In build_straw_man_chord_sa. tolerance = 1, sa_iterations = 1000, initial_temperature = 3.0, cooling_rate = 0.999
26 - INFO - chord#: 52 done. best_score=27.0, changed=516, unchanged=393, early_stops=8/8
26 - INFO - chord#: 54 In build_straw_man_chord_sa. tolerance = 1, sa_iterations = 1000, initial_temperature = 3.0, cooling_rate = 0.999
26 - INFO - chord#: 62 done. best_score=70.0, changed=616, unchanged=449, early_stops=8/8
26 - INFO - chord#: 64 In build_straw_man_chord_sa. tolerance = 1, sa_iterations = 1000, initial_temperature = 3.0, cooling_rate = 0.999
26 - INFO - chord#: 52 done. best_score=27.0, changed=519, unchanged=345, early_stops=8/8
26 - INFO - chord#: 54 In build_straw_man_chord_sa. tolerance = 1, sa_iterations = 1000, initial_temperature = 3.0, cooling_rate = 0.999
26 - INFO - chord#: 60 done. best_score=27.0, changed=527, unchanged=368, early_stops=8/8
26 - INFO - chord#: 62 In build_straw_man_chord_sa. tolerance = 1, sa_iterations = 1000, initial_temperature = 3.0, cooling_rate = 0.999
26 - INFO - chord#: 60 done. best_score=57.0, changed=530, unchanged=348, early_stops=8/8
26 - INFO - chord#: 62 In build_straw_man_chord_sa. tolerance = 1, sa_iterations = 1000, initial_temperature = 3.0, cooling_rate = 0.999
26 - INFO - chord#: 56 done. best_score=27.0, changed=517, unchanged=393, early_stops=8/8
26 - INFO - chord#: 58 In build_straw_man_chord_sa. tolerance = 1, sa_iterations = 1000, initial_temperature = 3.0, cooling_rate = 0.999
26 - INFO - chord#: 58 done. best_score=74.0, changed=612, unchanged=253, early_stops=8/8
26 - INFO - chord#: 60 In build_straw_man_chord_sa. tolerance = 1, sa_iterations = 1000, initial_temperature = 3.0, cooling_rate = 0.999
26 - INFO - chord#: 58 done. best_score=172.0, changed=610, unchanged=310, early_stops=8/8
26 - INFO - chord#: 60 In build_straw_man_chord_sa. tolerance = 1, sa_iterations = 1000, initial_temperature = 3.0, cooling_rate = 0.999
26 - INFO - chord#: 64 done. best_score=27.0, changed=517, unchanged=336, early_stops=8/8
26 - INFO - chord#: 68 In build_straw_man_chord_sa. tolerance = 1, sa_iterations = 1000, initial_temperature = 3.0, cooling_rate = 0.999
26 - INFO - chord#: 64 done. best_score=27.0, changed=528, unchanged=459, early_stops=8/8
26 - INFO - chord#: 68 In build_straw_man_chord_sa. tolerance = 1, sa_iterations = 1000, initial_temperature = 3.0, cooling_rate = 0.999
26 - INFO - chord#: 56 done. best_score=27.0, changed=526, unchanged=536, early_stops=8/8
26 - INFO - chord#: 58 In build_straw_man_chord_sa. tolerance = 1, sa_iterations = 1000, initial_temperature = 3.0, cooling_rate = 0.999
26 - INFO - chord#: 54 done. best_score=27.0, changed=520, unchanged=417, early_stops=8/8
26 - INFO - chord#: 56 In build_straw_man_chord_sa. tolerance = 1, sa_iterations = 1000, initial_temperature = 3.0, cooling_rate = 0.999
26 - INFO - chord#: 54 done. best_score=27.0, changed=516, unchanged=361, early_stops=8/8
26 - INFO - chord#: 56 In build_straw_man_chord_sa. tolerance = 1, sa_iterations = 1000, initial_temperature = 3.0, cooling_rate = 0.999
26 - INFO - chord#: 60 done. best_score=27.0, changed=516, unchanged=343, early_stops=8/8
26 - INFO - chord#: 62 In build_straw_man_chord_sa. tolerance = 1, sa_iterations = 1000, initial_temperature = 3.0, cooling_rate = 0.999
26 - INFO - chord#: 58 done. best_score=121.0, changed=608, unchanged=228, early_stops=8/8
26 - INFO - chord#: 60 In build_straw_man_chord_sa. tolerance = 1, sa_iterations = 1000, initial_temperature = 3.0, cooling_rate = 0.999
26 - INFO - chord#: 60 done. best_score=27.0, changed=522, unchanged=377, early_stops=8/8
26 - INFO - chord#: 62 In build_straw_man_chord_sa. tolerance = 1, sa_iterations = 1000, initial_temperature = 3.0, cooling_rate = 0.999
26 - INFO - chord#: 68 done. best_score=27.0, changed=531, unchanged=480, early_stops=8/8
26 - INFO - chord#: 70 In build_straw_man_chord_sa. tolerance = 1, sa_iterations = 1000, initial_temperature = 3.0, cooling_rate = 0.999
26 - INFO - chord#: 68 done. best_score=27.0, changed=531, unchanged=463, early_stops=8/8
26 - INFO - chord#: 70 In build_straw_man_chord_sa. tolerance = 1, sa_iterations = 1000, initial_temperature = 3.0, cooling_rate = 0.999
26 - INFO - chord#: 58 done. best_score=74.0, changed=612, unchanged=254, early_stops=8/8
26 - INFO - chord#: 60 In build_straw_man_chord_sa. tolerance = 1, sa_iterations = 1000, initial_temperature = 3.0, cooling_rate = 0.999
26 - INFO - chord#: 56 done. best_score=27.0, changed=511, unchanged=336, early_stops=8/8
26 - INFO - chord#: 58 In build_straw_man_chord_sa. tolerance = 1, sa_iterations = 1000, initial_temperature = 3.0, cooling_rate = 0.999
26 - INFO - chord#: 60 done. best_score=27.0, changed=526, unchanged=358, early_stops=8/8
26 - INFO - chord#: 62 In build_straw_man_chord_sa. tolerance = 1, sa_iterations = 1000, initial_temperature = 3.0, cooling_rate = 0.999
26 - INFO - chord#: 58 done. best_score=148.0, changed=609, unchanged=280, early_stops=8/8
26 - INFO - chord#: 60 In build_straw_man_chord_sa. tolerance = 1, sa_iterations = 1000, initial_temperature = 3.0, cooling_rate = 0.999
26 - INFO - chord#: 62 done. best_score=70.0, changed=611, unchanged=368, early_stops=8/8
26 - INFO - chord#: 64 In build_straw_man_chord_sa. tolerance = 1, sa_iterations = 1000, initial_temperature = 3.0, cooling_rate = 0.999
26 - INFO - chord#: 56 done. best_score=27.0, changed=522, unchanged=364, early_stops=8/8
26 - INFO - chord#: 58 In build_straw_man_chord_sa. tolerance = 1, sa_iterations = 1000, initial_temperature = 3.0, cooling_rate = 0.999
26 - INFO - chord#: 62 done. best_score=70.0, changed=608, unchanged=320, early_stops=8/8
26 - INFO - chord#: 64 In build_straw_man_chord_sa. tolerance = 1, sa_iterations = 1000, initial_temperature = 3.0, cooling_rate = 0.999
26 - INFO - chord#: 60 done. best_score=27.0, changed=523, unchanged=340, early_stops=8/8
26 - INFO - chord#: 62 In build_straw_man_chord_sa. tolerance = 1, sa_iterations = 1000, initial_temperature = 3.0, cooling_rate = 0.999
26 - INFO - chord#: 60 done. best_score=27.0, changed=524, unchanged=315, early_stops=8/8
26 - INFO - chord#: 62 In build_straw_man_chord_sa. tolerance = 1, sa_iterations = 1000, initial_temperature = 3.0, cooling_rate = 0.999
26 - INFO - chord#: 64 done. best_score=27.0, changed=512, unchanged=309, early_stops=8/8
26 - INFO - chord#: 68 In build_straw_man_chord_sa. tolerance = 1, sa_iterations = 1000, initial_temperature = 3.0, cooling_rate = 0.999
26 - INFO - chord#: 62 done. best_score=104.0, changed=612, unchanged=303, early_stops=8/8
26 - INFO - chord#: 64 In build_straw_man_chord_sa. tolerance = 1, sa_iterations = 1000, initial_temperature = 3.0, cooling_rate = 0.999
26 - INFO - chord#: 70 done. best_score=111.0, changed=607, unchanged=223, early_stops=8/8
26 - INFO - chord#: 72 In build_straw_man_chord_sa. tolerance = 1, sa_iterations = 1000, initial_temperature = 3.0, cooling_rate = 0.999
26 - INFO - chord#: 62 done. best_score=70.0, changed=613, unchanged=259, early_stops=8/8
26 - INFO - chord#: 64 In build_straw_man_chord_sa. tolerance = 1, sa_iterations = 1000, initial_temperature = 3.0, cooling_rate = 0.999
26 - INFO - chord#: 58 done. best_score=168.0, changed=615, unchanged=350, early_stops=8/8
26 - INFO - chord#: 60 In build_straw_man_chord_sa. tolerance = 1, sa_iterations = 1000, initial_temperature = 3.0, cooling_rate = 0.999
26 - INFO - chord#: 70 done. best_score=70.0, changed=618, unchanged=353, early_stops=8/8
26 - INFO - chord#: 72 In build_straw_man_chord_sa. tolerance = 1, sa_iterations = 1000, initial_temperature = 3.0, cooling_rate = 0.999
26 - INFO - chord#: 64 done. best_score=27.0, changed=523, unchanged=436, early_stops=8/8
26 - INFO - chord#: 68 In build_straw_man_chord_sa. tolerance = 1, sa_iterations = 1000, initial_temperature = 3.0, cooling_rate = 0.999
26 - INFO - chord#: 68 done. best_score=27.0, changed=517, unchanged=410, early_stops=8/8
26 - INFO - chord#: 70 In build_straw_man_chord_sa. tolerance = 1, sa_iterations = 1000, initial_temperature = 3.0, cooling_rate = 0.999
26 - INFO - chord#: 72 done. best_score=27.0, changed=529, unchanged=338, early_stops=8/8
26 - INFO - chord#: 74 In build_straw_man_chord_sa. tolerance = 1, sa_iterations = 1000, initial_temperature = 3.0, cooling_rate = 0.999
26 - INFO - chord#: 64 done. best_score=27.0, changed=522, unchanged=612, early_stops=8/8
26 - INFO - chord#: 68 In build_straw_man_chord_sa. tolerance = 1, sa_iterations = 1000, initial_temperature = 3.0, cooling_rate = 0.999
26 - INFO - chord#: 62 done. best_score=70.0, changed=615, unchanged=498, early_stops=8/8
26 - INFO - chord#: 64 In build_straw_man_chord_sa. tolerance = 1, sa_iterations = 1000, initial_temperature = 3.0, cooling_rate = 0.999
26 - INFO - chord#: 60 done. best_score=36.0, changed=540, unchanged=415, early_stops=8/8
26 - INFO - chord#: 62 In build_straw_man_chord_sa. tolerance = 1, sa_iterations = 1000, initial_temperature = 3.0, cooling_rate = 0.999
26 - INFO - chord#: 64 done. best_score=27.0, changed=517, unchanged=331, early_stops=8/8
26 - INFO - chord#: 68 In build_straw_man_chord_sa. tolerance = 1, sa_iterations = 1000, initial_temperature = 3.0, cooling_rate = 0.999
26 - INFO - chord#: 72 done. best_score=27.0, changed=524, unchanged=360, early_stops=8/8
26 - INFO - chord#: 74 In build_straw_man_chord_sa. tolerance = 1, sa_iterations = 1000, initial_temperature = 3.0, cooling_rate = 0.999
26 - INFO - chord#: 58 done. best_score=74.0, changed=614, unchanged=377, early_stops=8/8
26 - INFO - chord#: 60 In build_straw_man_chord_sa. tolerance = 1, sa_iterations = 1000, initial_temperature = 3.0, cooling_rate = 0.999
26 - INFO - chord#: 68 done. best_score=27.0, changed=527, unchanged=407, early_stops=8/8
26 - INFO - chord#: 70 In build_straw_man_chord_sa. tolerance = 1, sa_iterations = 1000, initial_temperature = 3.0, cooling_rate = 0.999
26 - INFO - chord#: 58 done. best_score=74.0, changed=613, unchanged=414, early_stops=8/8
26 - INFO - chord#: 60 In build_straw_man_chord_sa. tolerance = 1, sa_iterations = 1000, initial_temperature = 3.0, cooling_rate = 0.999
26 - INFO - chord#: 68 done. best_score=27.0, changed=526, unchanged=354, early_stops=8/8
26 - INFO - chord#: 70 In build_straw_man_chord_sa. tolerance = 1, sa_iterations = 1000, initial_temperature = 3.0, cooling_rate = 0.999
26 - INFO - chord#: 62 done. best_score=75.0, changed=614, unchanged=415, early_stops=8/8
26 - INFO - chord#: 64 In build_straw_man_chord_sa. tolerance = 1, sa_iterations = 1000, initial_temperature = 3.0, cooling_rate = 0.999
26 - INFO - chord#: 64 done. best_score=27.0, changed=516, unchanged=418, early_stops=8/8
26 - INFO - chord#: 68 In build_straw_man_chord_sa. tolerance = 1, sa_iterations = 1000, initial_temperature = 3.0, cooling_rate = 0.999
26 - INFO - chord#: 68 done. best_score=27.0, changed=525, unchanged=394, early_stops=8/8
26 - INFO - chord#: 70 In build_straw_man_chord_sa. tolerance = 1, sa_iterations = 1000, initial_temperature = 3.0, cooling_rate = 0.999
26 - INFO - chord#: 60 done. best_score=27.0, changed=525, unchanged=366, early_stops=8/8
26 - INFO - chord#: 62 In build_straw_man_chord_sa. tolerance = 1, sa_iterations = 1000, initial_temperature = 3.0, cooling_rate = 0.999
26 - INFO - chord#: 62 done. best_score=70.0, changed=613, unchanged=600, early_stops=8/8
26 - INFO - chord#: 64 In build_straw_man_chord_sa. tolerance = 1, sa_iterations = 1000, initial_temperature = 3.0, cooling_rate = 0.999
26 - INFO - chord#: 70 done. best_score=70.0, changed=608, unchanged=270, early_stops=8/8
26 - INFO - chord#: 72 In build_straw_man_chord_sa. tolerance = 1, sa_iterations = 1000, initial_temperature = 3.0, cooling_rate = 0.999
26 - INFO - chord#: 60 done. best_score=27.0, changed=529, unchanged=309, early_stops=8/8
26 - INFO - chord#: 62 In build_straw_man_chord_sa. tolerance = 1, sa_iterations = 1000, initial_temperature = 3.0, cooling_rate = 0.999
26 - INFO - chord#: 64 done. best_score=27.0, changed=531, unchanged=418, early_stops=8/8
26 - INFO - chord#: 68 In build_straw_man_chord_sa. tolerance = 1, sa_iterations = 1000, initial_temperature = 3.0, cooling_rate = 0.999
26 - INFO - chord#: 74 done. best_score=82.0, changed=613, unchanged=275, early_stops=8/8
26 - INFO - chord#: 76 In build_straw_man_chord_sa. tolerance = 1, sa_iterations = 1000, initial_temperature = 3.0, cooling_rate = 0.999
26 - INFO - chord#: 68 done. best_score=27.0, changed=518, unchanged=352, early_stops=8/8
26 - INFO - chord#: 70 In build_straw_man_chord_sa. tolerance = 1, sa_iterations = 1000, initial_temperature = 3.0, cooling_rate = 0.999
26 - INFO - chord#: 74 done. best_score=82.0, changed=614, unchanged=392, early_stops=8/8
26 - INFO - chord#: 76 In build_straw_man_chord_sa. tolerance = 1, sa_iterations = 1000, initial_temperature = 3.0, cooling_rate = 0.999
26 - INFO - chord#: 72 done. best_score=27.0, changed=529, unchanged=341, early_stops=8/8
26 - INFO - chord#: 74 In build_straw_man_chord_sa. tolerance = 1, sa_iterations = 1000, initial_temperature = 3.0, cooling_rate = 0.999
26 - INFO - chord#: 68 done. best_score=27.0, changed=530, unchanged=350, early_stops=8/8
26 - INFO - chord#: 70 In build_straw_man_chord_sa. tolerance = 1, sa_iterations = 1000, initial_temperature = 3.0, cooling_rate = 0.999
26 - INFO - chord#: 76 done. best_score=31.0, changed=530, unchanged=357, early_stops=8/8
26 - INFO - chord#: 78 In build_straw_man_chord_sa. tolerance = 1, sa_iterations = 1000, initial_temperature = 3.0, cooling_rate = 0.999
26 - INFO - chord#: 62 done. best_score=70.0, changed=611, unchanged=352, early_stops=8/8
26 - INFO - chord#: 64 In build_straw_man_chord_sa. tolerance = 1, sa_iterations = 1000, initial_temperature = 3.0, cooling_rate = 0.999
26 - INFO - chord#: 70 done. best_score=70.0, changed=610, unchanged=299, early_stops=8/8
26 - INFO - chord#: 72 In build_straw_man_chord_sa. tolerance = 1, sa_iterations = 1000, initial_temperature = 3.0, cooling_rate = 0.999
26 - INFO - chord#: 64 done. best_score=27.0, changed=523, unchanged=438, early_stops=8/8
26 - INFO - chord#: 68 In build_straw_man_chord_sa. tolerance = 1, sa_iterations = 1000, initial_temperature = 3.0, cooling_rate = 0.999
26 - INFO - chord#: 76 done. best_score=31.0, changed=524, unchanged=318, early_stops=8/8
26 - INFO - chord#: 78 In build_straw_man_chord_sa. tolerance = 1, sa_iterations = 1000, initial_temperature = 3.0, cooling_rate = 0.999
26 - INFO - chord#: 70 done. best_score=70.0, changed=608, unchanged=385, early_stops=8/8
26 - INFO - chord#: 72 In build_straw_man_chord_sa. tolerance = 1, sa_iterations = 1000, initial_temperature = 3.0, cooling_rate = 0.999
26 - INFO - chord#: 70 done. best_score=70.0, changed=610, unchanged=243, early_stops=8/8
26 - INFO - chord#: 72 In build_straw_man_chord_sa. tolerance = 1, sa_iterations = 1000, initial_temperature = 3.0, cooling_rate = 0.999
26 - INFO - chord#: 78 done. best_score=27.0, changed=518, unchanged=376, early_stops=8/8
26 - INFO - chord#: 79 In build_straw_man_chord_sa. tolerance = 1, sa_iterations = 1000, initial_temperature = 3.0, cooling_rate = 0.999
26 - INFO - chord#: 62 done. best_score=70.0, changed=611, unchanged=272, early_stops=8/8
26 - INFO - chord#: 64 In build_straw_man_chord_sa. tolerance = 1, sa_iterations = 1000, initial_temperature = 3.0, cooling_rate = 0.999
26 - INFO - chord#: 72 done. best_score=27.0, changed=522, unchanged=392, early_stops=8/8
26 - INFO - chord#: 74 In build_straw_man_chord_sa. tolerance = 1, sa_iterations = 1000, initial_temperature = 3.0, cooling_rate = 0.999
26 - INFO - chord#: 70 done. best_score=70.0, changed=615, unchanged=348, early_stops=8/8
26 - INFO - chord#: 72 In build_straw_man_chord_sa. tolerance = 1, sa_iterations = 1000, initial_temperature = 3.0, cooling_rate = 0.999
26 - INFO - chord#: 64 done. best_score=27.0, changed=520, unchanged=458, early_stops=8/8
26 - INFO - chord#: 68 In build_straw_man_chord_sa. tolerance = 1, sa_iterations = 1000, initial_temperature = 3.0, cooling_rate = 0.999
26 - INFO - chord#: 68 done. best_score=27.0, changed=525, unchanged=446, early_stops=8/8
26 - INFO - chord#: 70 In build_straw_man_chord_sa. tolerance = 1, sa_iterations = 1000, initial_temperature = 3.0, cooling_rate = 0.999
26 - INFO - chord#: 62 done. best_score=70.0, changed=610, unchanged=366, early_stops=8/8
26 - INFO - chord#: 64 In build_straw_man_chord_sa. tolerance = 1, sa_iterations = 1000, initial_temperature = 3.0, cooling_rate = 0.999
26 - INFO - chord#: 78 done. best_score=27.0, changed=519, unchanged=368, early_stops=8/8
26 - INFO - chord#: 79 In build_straw_man_chord_sa. tolerance = 1, sa_iterations = 1000, initial_temperature = 3.0, cooling_rate = 0.999
26 - INFO - chord#: 72 done. best_score=27.0, changed=525, unchanged=389, early_stops=8/8
26 - INFO - chord#: 74 In build_straw_man_chord_sa. tolerance = 1, sa_iterations = 1000, initial_temperature = 3.0, cooling_rate = 0.999
26 - INFO - chord#: 72 done. best_score=27.0, changed=534, unchanged=409, early_stops=8/8
26 - INFO - chord#: 74 In build_straw_man_chord_sa. tolerance = 1, sa_iterations = 1000, initial_temperature = 3.0, cooling_rate = 0.999
26 - INFO - chord#: 70 done. best_score=111.0, changed=608, unchanged=251, early_stops=8/8
26 - INFO - chord#: 72 In build_straw_man_chord_sa. tolerance = 1, sa_iterations = 1000, initial_temperature = 3.0, cooling_rate = 0.999
26 - INFO - chord#: 74 done. best_score=82.0, changed=612, unchanged=387, early_stops=8/8
26 - INFO - chord#: 76 In build_straw_man_chord_sa. tolerance = 1, sa_iterations = 1000, initial_temperature = 3.0, cooling_rate = 0.999
26 - INFO - chord#: 72 done. best_score=27.0, changed=516, unchanged=325, early_stops=8/8
26 - INFO - chord#: 74 In build_straw_man_chord_sa. tolerance = 1, sa_iterations = 1000, initial_temperature = 3.0, cooling_rate = 0.999
26 - INFO - chord#: 64 done. best_score=27.0, changed=521, unchanged=363, early_stops=8/8
26 - INFO - chord#: 68 In build_straw_man_chord_sa. tolerance = 1, sa_iterations = 1000, initial_temperature = 3.0, cooling_rate = 0.999
26 - INFO - chord#: 68 done. best_score=27.0, changed=518, unchanged=317, early_stops=8/8
26 - INFO - chord#: 70 In build_straw_man_chord_sa. tolerance = 1, sa_iterations = 1000, initial_temperature = 3.0, cooling_rate = 0.999
26 - INFO - chord#: 72 done. best_score=27.0, changed=524, unchanged=340, early_stops=8/8
26 - INFO - chord#: 74 In build_straw_man_chord_sa. tolerance = 1, sa_iterations = 1000, initial_temperature = 3.0, cooling_rate = 0.999
26 - INFO - chord#: 76 done. best_score=31.0, changed=541, unchanged=381, early_stops=8/8
26 - INFO - chord#: 78 In build_straw_man_chord_sa. tolerance = 1, sa_iterations = 1000, initial_temperature = 3.0, cooling_rate = 0.999
26 - INFO - chord#: 79 done. best_score=67.0, changed=609, unchanged=315, early_stops=8/8
26 - INFO - chord#: 80 In build_straw_man_chord_sa. tolerance = 1, sa_iterations = 1000, initial_temperature = 3.0, cooling_rate = 0.999
26 - INFO - chord#: 74 done. best_score=82.0, changed=611, unchanged=269, early_stops=8/8
26 - INFO - chord#: 76 In build_straw_man_chord_sa. tolerance = 1, sa_iterations = 1000, initial_temperature = 3.0, cooling_rate = 0.999
26 - INFO - chord#: 64 done. best_score=27.0, changed=526, unchanged=507, early_stops=8/8
26 - INFO - chord#: 68 In build_straw_man_chord_sa. tolerance = 1, sa_iterations = 1000, initial_temperature = 3.0, cooling_rate = 0.999
26 - INFO - chord#: 68 done. best_score=27.0, changed=528, unchanged=398, early_stops=8/8
26 - INFO - chord#: 70 In build_straw_man_chord_sa. tolerance = 1, sa_iterations = 1000, initial_temperature = 3.0, cooling_rate = 0.999
26 - INFO - chord#: 74 done. best_score=82.0, changed=612, unchanged=257, early_stops=8/8
26 - INFO - chord#: 76 In build_straw_man_chord_sa. tolerance = 1, sa_iterations = 1000, initial_temperature = 3.0, cooling_rate = 0.999
26 - INFO - chord#: 78 done. best_score=27.0, changed=524, unchanged=439, early_stops=8/8
26 - INFO - chord#: 79 In build_straw_man_chord_sa. tolerance = 1, sa_iterations = 1000, initial_temperature = 3.0, cooling_rate = 0.999
26 - INFO - chord#: 76 done. best_score=31.0, changed=528, unchanged=410, early_stops=8/8
26 - INFO - chord#: 78 In build_straw_man_chord_sa. tolerance = 1, sa_iterations = 1000, initial_temperature = 3.0, cooling_rate = 0.999
26 - INFO - chord#: 70 done. best_score=70.0, changed=614, unchanged=294, early_stops=8/8
26 - INFO - chord#: 72 In build_straw_man_chord_sa. tolerance = 1, sa_iterations = 1000, initial_temperature = 3.0, cooling_rate = 0.999
26 - INFO - chord#: 68 done. best_score=27.0, changed=515, unchanged=365, early_stops=8/8
26 - INFO - chord#: 70 In build_straw_man_chord_sa. tolerance = 1, sa_iterations = 1000, initial_temperature = 3.0, cooling_rate = 0.999
26 - INFO - chord#: 74 done. best_score=82.0, changed=618, unchanged=393, early_stops=8/8
26 - INFO - chord#: 76 In build_straw_man_chord_sa. tolerance = 1, sa_iterations = 1000, initial_temperature = 3.0, cooling_rate = 0.999
26 - INFO - chord#: 79 done. best_score=67.0, changed=615, unchanged=379, early_stops=8/8
26 - INFO - chord#: 80 In build_straw_man_chord_sa. tolerance = 1, sa_iterations = 1000, initial_temperature = 3.0, cooling_rate = 0.999
26 - INFO - chord#: 74 done. best_score=82.0, changed=609, unchanged=223, early_stops=8/8
26 - INFO - chord#: 76 In build_straw_man_chord_sa. tolerance = 1, sa_iterations = 1000, initial_temperature = 3.0, cooling_rate = 0.999
26 - INFO - chord#: 76 done. best_score=31.0, changed=520, unchanged=325, early_stops=8/8
26 - INFO - chord#: 78 In build_straw_man_chord_sa. tolerance = 1, sa_iterations = 1000, initial_temperature = 3.0, cooling_rate = 0.999
26 - INFO - chord#: 74 done. best_score=82.0, changed=620, unchanged=485, early_stops=8/8
26 - INFO - chord#: 76 In build_straw_man_chord_sa. tolerance = 1, sa_iterations = 1000, initial_temperature = 3.0, cooling_rate = 0.999
26 - INFO - chord#: 70 done. best_score=70.0, changed=613, unchanged=268, early_stops=8/8
26 - INFO - chord#: 72 In build_straw_man_chord_sa. tolerance = 1, sa_iterations = 1000, initial_temperature = 3.0, cooling_rate = 0.999
26 - INFO - chord#: 78 done. best_score=27.0, changed=520, unchanged=410, early_stops=8/8
26 - INFO - chord#: 79 In build_straw_man_chord_sa. tolerance = 1, sa_iterations = 1000, initial_temperature = 3.0, cooling_rate = 0.999
26 - INFO - chord#: 72 done. best_score=27.0, changed=524, unchanged=353, early_stops=8/8
26 - INFO - chord#: 74 In build_straw_man_chord_sa. tolerance = 1, sa_iterations = 1000, initial_temperature = 3.0, cooling_rate = 0.999
26 - INFO - chord#: 80 done. best_score=82.0, changed=611, unchanged=329, early_stops=8/8
26 - INFO - chord#: 82 In build_straw_man_chord_sa. tolerance = 1, sa_iterations = 1000, initial_temperature = 3.0, cooling_rate = 0.999
26 - INFO - chord#: 76 done. best_score=31.0, changed=526, unchanged=422, early_stops=8/8
26 - INFO - chord#: 78 In build_straw_man_chord_sa. tolerance = 1, sa_iterations = 1000, initial_temperature = 3.0, cooling_rate = 0.999
26 - INFO - chord#: 76 done. best_score=31.0, changed=536, unchanged=463, early_stops=8/8
26 - INFO - chord#: 78 In build_straw_man_chord_sa. tolerance = 1, sa_iterations = 1000, initial_temperature = 3.0, cooling_rate = 0.999
26 - INFO - chord#: 78 done. best_score=27.0, changed=518, unchanged=487, early_stops=8/8
26 - INFO - chord#: 79 In build_straw_man_chord_sa. tolerance = 1, sa_iterations = 1000, initial_temperature = 3.0, cooling_rate = 0.999
26 - INFO - chord#: 79 done. best_score=96.0, changed=611, unchanged=259, early_stops=8/8
26 - INFO - chord#: 80 In build_straw_man_chord_sa. tolerance = 1, sa_iterations = 1000, initial_temperature = 3.0, cooling_rate = 0.999
26 - INFO - chord#: 76 done. best_score=31.0, changed=522, unchanged=361, early_stops=8/8
26 - INFO - chord#: 78 In build_straw_man_chord_sa. tolerance = 1, sa_iterations = 1000, initial_temperature = 3.0, cooling_rate = 0.999
26 - INFO - chord#: 72 done. best_score=27.0, changed=520, unchanged=318, early_stops=8/8
26 - INFO - chord#: 74 In build_straw_man_chord_sa. tolerance = 1, sa_iterations = 1000, initial_temperature = 3.0, cooling_rate = 0.999
26 - INFO - chord#: 70 done. best_score=70.0, changed=606, unchanged=321, early_stops=8/8
26 - INFO - chord#: 72 In build_straw_man_chord_sa. tolerance = 1, sa_iterations = 1000, initial_temperature = 3.0, cooling_rate = 0.999
26 - INFO - chord#: 82 done. best_score=27.0, changed=518, unchanged=304, early_stops=8/8
26 - INFO - chord#: 84 In build_straw_man_chord_sa. tolerance = 1, sa_iterations = 1000, initial_temperature = 3.0, cooling_rate = 0.999
26 - INFO - chord#: 78 done. best_score=27.0, changed=524, unchanged=540, early_stops=8/8
26 - INFO - chord#: 79 In build_straw_man_chord_sa. tolerance = 1, sa_iterations = 1000, initial_temperature = 3.0, cooling_rate = 0.999
26 - INFO - chord#: 78 done. best_score=27.0, changed=523, unchanged=458, early_stops=8/8
26 - INFO - chord#: 79 In build_straw_man_chord_sa. tolerance = 1, sa_iterations = 1000, initial_temperature = 3.0, cooling_rate = 0.999
26 - INFO - chord#: 70 done. best_score=70.0, changed=611, unchanged=280, early_stops=8/8
26 - INFO - chord#: 72 In build_straw_man_chord_sa. tolerance = 1, sa_iterations = 1000, initial_temperature = 3.0, cooling_rate = 0.999
26 - INFO - chord#: 79 done. best_score=145.0, changed=612, unchanged=284, early_stops=8/8
26 - INFO - chord#: 80 In build_straw_man_chord_sa. tolerance = 1, sa_iterations = 1000, initial_temperature = 3.0, cooling_rate = 0.999
26 - INFO - chord#: 78 done. best_score=27.0, changed=520, unchanged=378, early_stops=8/8
26 - INFO - chord#: 79 In build_straw_man_chord_sa. tolerance = 1, sa_iterations = 1000, initial_temperature = 3.0, cooling_rate = 0.999
26 - INFO - chord#: 72 done. best_score=27.0, changed=526, unchanged=429, early_stops=8/8
26 - INFO - chord#: 74 In build_straw_man_chord_sa. tolerance = 1, sa_iterations = 1000, initial_temperature = 3.0, cooling_rate = 0.999
26 - INFO - chord#: 80 done. best_score=82.0, changed=619, unchanged=390, early_stops=8/8
26 - INFO - chord#: 82 In build_straw_man_chord_sa. tolerance = 1, sa_iterations = 1000, initial_temperature = 3.0, cooling_rate = 0.999
26 - INFO - chord#: 72 done. best_score=27.0, changed=526, unchanged=309, early_stops=8/8
26 - INFO - chord#: 74 In build_straw_man_chord_sa. tolerance = 1, sa_iterations = 1000, initial_temperature = 3.0, cooling_rate = 0.999
26 - INFO - chord#: 79 done. best_score=96.0, changed=610, unchanged=391, early_stops=8/8
26 - INFO - chord#: 80 In build_straw_man_chord_sa. tolerance = 1, sa_iterations = 1000, initial_temperature = 3.0, cooling_rate = 0.999
26 - INFO - chord#: 74 done. best_score=120.0, changed=613, unchanged=373, early_stops=8/8
26 - INFO - chord#: 76 In build_straw_man_chord_sa. tolerance = 1, sa_iterations = 1000, initial_temperature = 3.0, cooling_rate = 0.999
26 - INFO - chord#: 84 done. best_score=78.0, changed=610, unchanged=327, early_stops=8/8
26 - INFO - chord#: 88 In build_straw_man_chord_sa. tolerance = 1, sa_iterations = 1000, initial_temperature = 3.0, cooling_rate = 0.999
26 - INFO - chord#: 74 done. best_score=97.0, changed=610, unchanged=276, early_stops=8/8
26 - INFO - chord#: 76 In build_straw_man_chord_sa. tolerance = 1, sa_iterations = 1000, initial_temperature = 3.0, cooling_rate = 0.999
26 - INFO - chord#: 79 done. best_score=67.0, changed=611, unchanged=284, early_stops=8/8
26 - INFO - chord#: 80 In build_straw_man_chord_sa. tolerance = 1, sa_iterations = 1000, initial_temperature = 3.0, cooling_rate = 0.999
26 - INFO - chord#: 80 done. best_score=119.0, changed=622, unchanged=389, early_stops=8/8
26 - INFO - chord#: 82 In build_straw_man_chord_sa. tolerance = 1, sa_iterations = 1000, initial_temperature = 3.0, cooling_rate = 0.999
26 - INFO - chord#: 79 done. best_score=145.0, changed=612, unchanged=316, early_stops=8/8
26 - INFO - chord#: 80 In build_straw_man_chord_sa. tolerance = 1, sa_iterations = 1000, initial_temperature = 3.0, cooling_rate = 0.999
26 - INFO - chord#: 82 done. best_score=27.0, changed=517, unchanged=304, early_stops=8/8
26 - INFO - chord#: 84 In build_straw_man_chord_sa. tolerance = 1, sa_iterations = 1000, initial_temperature = 3.0, cooling_rate = 0.999
26 - INFO - chord#: 80 done. best_score=127.0, changed=609, unchanged=221, early_stops=8/8
26 - INFO - chord#: 82 In build_straw_man_chord_sa. tolerance = 1, sa_iterations = 1000, initial_temperature = 3.0, cooling_rate = 0.999
26 - INFO - chord#: 82 done. best_score=36.0, changed=543, unchanged=269, early_stops=8/8
26 - INFO - chord#: 84 In build_straw_man_chord_sa. tolerance = 1, sa_iterations = 1000, initial_temperature = 3.0, cooling_rate = 0.999
26 - INFO - chord#: 76 done. best_score=31.0, changed=536, unchanged=391, early_stops=8/8
26 - INFO - chord#: 78 In build_straw_man_chord_sa. tolerance = 1, sa_iterations = 1000, initial_temperature = 3.0, cooling_rate = 0.999
26 - INFO - chord#: 88 done. best_score=27.0, changed=528, unchanged=513, early_stops=8/8
26 - INFO - chord#: 90 In build_straw_man_chord_sa. tolerance = 1, sa_iterations = 1000, initial_temperature = 3.0, cooling_rate = 0.999
26 - INFO - chord#: 76 done. best_score=31.0, changed=522, unchanged=423, early_stops=8/8
26 - INFO - chord#: 78 In build_straw_man_chord_sa. tolerance = 1, sa_iterations = 1000, initial_temperature = 3.0, cooling_rate = 0.999
26 - INFO - chord#: 82 done. best_score=27.0, changed=521, unchanged=327, early_stops=8/8
26 - INFO - chord#: 84 In build_straw_man_chord_sa. tolerance = 1, sa_iterations = 1000, initial_temperature = 3.0, cooling_rate = 0.999
26 - INFO - chord#: 79 done. best_score=67.0, changed=617, unchanged=283, early_stops=8/8
26 - INFO - chord#: 80 In build_straw_man_chord_sa. tolerance = 1, sa_iterations = 1000, initial_temperature = 3.0, cooling_rate = 0.999
26 - INFO - chord#: 80 done. best_score=119.0, changed=613, unchanged=315, early_stops=8/8
26 - INFO - chord#: 82 In build_straw_man_chord_sa. tolerance = 1, sa_iterations = 1000, initial_temperature = 3.0, cooling_rate = 0.999
26 - INFO - chord#: 74 done. best_score=82.0, changed=614, unchanged=448, early_stops=8/8
26 - INFO - chord#: 76 In build_straw_man_chord_sa. tolerance = 1, sa_iterations = 1000, initial_temperature = 3.0, cooling_rate = 0.999
26 - INFO - chord#: 80 done. best_score=82.0, changed=613, unchanged=230, early_stops=8/8
26 - INFO - chord#: 82 In build_straw_man_chord_sa. tolerance = 1, sa_iterations = 1000, initial_temperature = 3.0, cooling_rate = 0.999
26 - INFO - chord#: 78 done. best_score=27.0, changed=519, unchanged=495, early_stops=8/8
26 - INFO - chord#: 79 In build_straw_man_chord_sa. tolerance = 1, sa_iterations = 1000, initial_temperature = 3.0, cooling_rate = 0.999
26 - INFO - chord#: 80 done. best_score=150.0, changed=613, unchanged=287, early_stops=8/8
26 - INFO - chord#: 82 In build_straw_man_chord_sa. tolerance = 1, sa_iterations = 1000, initial_temperature = 3.0, cooling_rate = 0.999
26 - INFO - chord#: 74 done. best_score=82.0, changed=618, unchanged=457, early_stops=8/8
26 - INFO - chord#: 76 In build_straw_man_chord_sa. tolerance = 1, sa_iterations = 1000, initial_temperature = 3.0, cooling_rate = 0.999
26 - INFO - chord#: 78 done. best_score=27.0, changed=516, unchanged=391, early_stops=8/8
26 - INFO - chord#: 79 In build_straw_man_chord_sa. tolerance = 1, sa_iterations = 1000, initial_temperature = 3.0, cooling_rate = 0.999
26 - INFO - chord#: 82 done. best_score=27.0, changed=525, unchanged=369, early_stops=8/8
26 - INFO - chord#: 84 In build_straw_man_chord_sa. tolerance = 1, sa_iterations = 1000, initial_temperature = 3.0, cooling_rate = 0.999
26 - INFO - chord#: 84 done. best_score=145.0, changed=609, unchanged=221, early_stops=8/8
26 - INFO - chord#: 88 In build_straw_man_chord_sa. tolerance = 1, sa_iterations = 1000, initial_temperature = 3.0, cooling_rate = 0.999
26 - INFO - chord#: 84 done. best_score=167.0, changed=613, unchanged=316, early_stops=8/8
26 - INFO - chord#: 88 In build_straw_man_chord_sa. tolerance = 1, sa_iterations = 1000, initial_temperature = 3.0, cooling_rate = 0.999
26 - INFO - chord#: 82 done. best_score=27.0, changed=526, unchanged=383, early_stops=8/8
26 - INFO - chord#: 84 In build_straw_man_chord_sa. tolerance = 1, sa_iterations = 1000, initial_temperature = 3.0, cooling_rate = 0.999
26 - INFO - chord#: 82 done. best_score=72.0, changed=535, unchanged=300, early_stops=8/8
26 - INFO - chord#: 84 In build_straw_man_chord_sa. tolerance = 1, sa_iterations = 1000, initial_temperature = 3.0, cooling_rate = 0.999
26 - INFO - chord#: 76 done. best_score=31.0, changed=519, unchanged=331, early_stops=8/8
26 - INFO - chord#: 78 In build_straw_man_chord_sa. tolerance = 1, sa_iterations = 1000, initial_temperature = 3.0, cooling_rate = 0.999
26 - INFO - chord#: 76 done. best_score=31.0, changed=526, unchanged=435, early_stops=8/8
26 - INFO - chord#: 78 In build_straw_man_chord_sa. tolerance = 1, sa_iterations = 1000, initial_temperature = 3.0, cooling_rate = 0.999
26 - INFO - chord#: 90 done. best_score=67.0, changed=614, unchanged=405, early_stops=8/8
26 - INFO - chord#: 92 In build_straw_man_chord_sa. tolerance = 1, sa_iterations = 1000, initial_temperature = 3.0, cooling_rate = 0.999
26 - INFO - chord#: 88 done. best_score=27.0, changed=523, unchanged=371, early_stops=8/8
26 - INFO - chord#: 90 In build_straw_man_chord_sa. tolerance = 1, sa_iterations = 1000, initial_temperature = 3.0, cooling_rate = 0.999
26 - INFO - chord#: 78 done. best_score=27.0, changed=514, unchanged=359, early_stops=8/8
26 - INFO - chord#: 79 In build_straw_man_chord_sa. tolerance = 1, sa_iterations = 1000, initial_temperature = 3.0, cooling_rate = 0.999
26 - INFO - chord#: 80 done. best_score=97.0, changed=613, unchanged=294, early_stops=8/8
26 - INFO - chord#: 82 In build_straw_man_chord_sa. tolerance = 1, sa_iterations = 1000, initial_temperature = 3.0, cooling_rate = 0.999
26 - INFO - chord#: 84 done. best_score=67.0, changed=612, unchanged=467, early_stops=8/8
26 - INFO - chord#: 88 In build_straw_man_chord_sa. tolerance = 1, sa_iterations = 1000, initial_temperature = 3.0, cooling_rate = 0.999
26 - INFO - chord#: 88 done. best_score=27.0, changed=529, unchanged=486, early_stops=8/8
26 - INFO - chord#: 90 In build_straw_man_chord_sa. tolerance = 1, sa_iterations = 1000, initial_temperature = 3.0, cooling_rate = 0.999
26 - INFO - chord#: 92 done. best_score=27.0, changed=518, unchanged=462, early_stops=8/8
26 - INFO - chord#: 96 In build_straw_man_chord_sa. tolerance = 1, sa_iterations = 1000, initial_temperature = 3.0, cooling_rate = 0.999
26 - INFO - chord#: 78 done. best_score=27.0, changed=525, unchanged=403, early_stops=8/8
26 - INFO - chord#: 79 In build_straw_man_chord_sa. tolerance = 1, sa_iterations = 1000, initial_temperature = 3.0, cooling_rate = 0.999
26 - INFO - chord#: 84 done. best_score=67.0, changed=613, unchanged=347, early_stops=8/8
26 - INFO - chord#: 88 In build_straw_man_chord_sa. tolerance = 1, sa_iterations = 1000, initial_temperature = 3.0, cooling_rate = 0.999
26 - INFO - chord#: 84 done. best_score=137.0, changed=613, unchanged=259, early_stops=8/8
26 - INFO - chord#: 88 In build_straw_man_chord_sa. tolerance = 1, sa_iterations = 1000, initial_temperature = 3.0, cooling_rate = 0.999
26 - INFO - chord#: 82 done. best_score=27.0, changed=520, unchanged=306, early_stops=8/8
26 - INFO - chord#: 84 In build_straw_man_chord_sa. tolerance = 1, sa_iterations = 1000, initial_temperature = 3.0, cooling_rate = 0.999
26 - INFO - chord#: 84 done. best_score=78.0, changed=611, unchanged=295, early_stops=8/8
26 - INFO - chord#: 88 In build_straw_man_chord_sa. tolerance = 1, sa_iterations = 1000, initial_temperature = 3.0, cooling_rate = 0.999
26 - INFO - chord#: 79 done. best_score=67.0, changed=614, unchanged=390, early_stops=8/8
26 - INFO - chord#: 80 In build_straw_man_chord_sa. tolerance = 1, sa_iterations = 1000, initial_temperature = 3.0, cooling_rate = 0.999
26 - INFO - chord#: 96 done. best_score=27.0, changed=516, unchanged=388, early_stops=8/8
26 - INFO - chord#: 100 In build_straw_man_chord_sa. tolerance = 1, sa_iterations = 1000, initial_temperature = 3.0, cooling_rate = 0.999
26 - INFO - chord#: 79 done. best_score=96.0, changed=614, unchanged=371, early_stops=8/8
26 - INFO - chord#: 80 In build_straw_man_chord_sa. tolerance = 1, sa_iterations = 1000, initial_temperature = 3.0, cooling_rate = 0.999
26 - INFO - chord#: 88 done. best_score=27.0, changed=523, unchanged=433, early_stops=8/8
26 - INFO - chord#: 90 In build_straw_man_chord_sa. tolerance = 1, sa_iterations = 1000, initial_temperature = 3.0, cooling_rate = 0.999
26 - INFO - chord#: 88 done. best_score=27.0, changed=526, unchanged=540, early_stops=8/8
26 - INFO - chord#: 90 In build_straw_man_chord_sa. tolerance = 1, sa_iterations = 1000, initial_temperature = 3.0, cooling_rate = 0.999
26 - INFO - chord#: 88 done. best_score=27.0, changed=519, unchanged=516, early_stops=8/8
26 - INFO - chord#: 90 In build_straw_man_chord_sa. tolerance = 1, sa_iterations = 1000, initial_temperature = 3.0, cooling_rate = 0.999
26 - INFO - chord#: 90 done. best_score=137.0, changed=609, unchanged=328, early_stops=8/8
26 - INFO - chord#: 92 In build_straw_man_chord_sa. tolerance = 1, sa_iterations = 1000, initial_temperature = 3.0, cooling_rate = 0.999
26 - INFO - chord#: 79 done. best_score=96.0, changed=609, unchanged=381, early_stops=8/8
26 - INFO - chord#: 80 In build_straw_man_chord_sa. tolerance = 1, sa_iterations = 1000, initial_temperature = 3.0, cooling_rate = 0.999
26 - INFO - chord#: 88 done. best_score=27.0, changed=526, unchanged=559, early_stops=8/8
26 - INFO - chord#: 90 In build_straw_man_chord_sa. tolerance = 1, sa_iterations = 1000, initial_temperature = 3.0, cooling_rate = 0.999
26 - INFO - chord#: 92 done. best_score=27.0, changed=520, unchanged=305, early_stops=8/8
26 - INFO - chord#: 96 In build_straw_man_chord_sa. tolerance = 1, sa_iterations = 1000, initial_temperature = 3.0, cooling_rate = 0.999
26 - INFO - chord#: 90 done. best_score=96.0, changed=611, unchanged=356, early_stops=8/8
26 - INFO - chord#: 92 In build_straw_man_chord_sa. tolerance = 1, sa_iterations = 1000, initial_temperature = 3.0, cooling_rate = 0.999
26 - INFO - chord#: 79 done. best_score=145.0, changed=609, unchanged=325, early_stops=8/8
26 - INFO - chord#: 80 In build_straw_man_chord_sa. tolerance = 1, sa_iterations = 1000, initial_temperature = 3.0, cooling_rate = 0.999
26 - INFO - chord#: 90 done. best_score=201.0, changed=610, unchanged=212, early_stops=8/8
26 - INFO - chord#: 92 In build_straw_man_chord_sa. tolerance = 1, sa_iterations = 1000, initial_temperature = 3.0, cooling_rate = 0.999
26 - INFO - chord#: 84 done. best_score=119.0, changed=614, unchanged=297, early_stops=8/8
26 - INFO - chord#: 88 In build_straw_man_chord_sa. tolerance = 1, sa_iterations = 1000, initial_temperature = 3.0, cooling_rate = 0.999
26 - INFO - chord#: 96 done. best_score=27.0, changed=515, unchanged=338, early_stops=8/8
26 - INFO - chord#: 100 In build_straw_man_chord_sa. tolerance = 1, sa_iterations = 1000, initial_temperature = 3.0, cooling_rate = 0.999
26 - INFO - chord#: 90 done. best_score=157.0, changed=613, unchanged=259, early_stops=8/8
26 - INFO - chord#: 92 In build_straw_man_chord_sa. tolerance = 1, sa_iterations = 1000, initial_temperature = 3.0, cooling_rate = 0.999
26 - INFO - chord#: 80 done. best_score=82.0, changed=608, unchanged=255, early_stops=8/8
26 - INFO - chord#: 82 In build_straw_man_chord_sa. tolerance = 1, sa_iterations = 1000, initial_temperature = 3.0, cooling_rate = 0.999
26 - INFO - chord#: 100 done. best_score=82.0, changed=615, unchanged=429, early_stops=8/8
26 - INFO - chord#: 102 In build_straw_man_chord_sa. tolerance = 1, sa_iterations = 1000, initial_temperature = 3.0, cooling_rate = 0.999
26 - INFO - chord#: 90 done. best_score=137.0, changed=615, unchanged=264, early_stops=8/8
26 - INFO - chord#: 92 In build_straw_man_chord_sa. tolerance = 1, sa_iterations = 1000, initial_temperature = 3.0, cooling_rate = 0.999
26 - INFO - chord#: 80 done. best_score=119.0, changed=611, unchanged=311, early_stops=8/8
26 - INFO - chord#: 82 In build_straw_man_chord_sa. tolerance = 1, sa_iterations = 1000, initial_temperature = 3.0, cooling_rate = 0.999
26 - INFO - chord#: 92 done. best_score=27.0, changed=528, unchanged=479, early_stops=8/8
26 - INFO - chord#: 96 In build_straw_man_chord_sa. tolerance = 1, sa_iterations = 1000, initial_temperature = 3.0, cooling_rate = 0.999
26 - INFO - chord#: 90 done. best_score=162.0, changed=609, unchanged=239, early_stops=8/8
26 - INFO - chord#: 92 In build_straw_man_chord_sa. tolerance = 1, sa_iterations = 1000, initial_temperature = 3.0, cooling_rate = 0.999
26 - INFO - chord#: 92 done. best_score=27.0, changed=520, unchanged=444, early_stops=8/8
26 - INFO - chord#: 96 In build_straw_man_chord_sa. tolerance = 1, sa_iterations = 1000, initial_temperature = 3.0, cooling_rate = 0.999
26 - INFO - chord#: 80 done. best_score=146.0, changed=610, unchanged=309, early_stops=8/8
26 - INFO - chord#: 82 In build_straw_man_chord_sa. tolerance = 1, sa_iterations = 1000, initial_temperature = 3.0, cooling_rate = 0.999
26 - INFO - chord#: 92 done. best_score=27.0, changed=529, unchanged=363, early_stops=8/8
26 - INFO - chord#: 96 In build_straw_man_chord_sa. tolerance = 1, sa_iterations = 1000, initial_temperature = 3.0, cooling_rate = 0.999
26 - INFO - chord#: 102 done. best_score=27.0, changed=540, unchanged=416, early_stops=8/8
26 - INFO - chord#: 104 In build_straw_man_chord_sa. tolerance = 1, sa_iterations = 1000, initial_temperature = 3.0, cooling_rate = 0.999
26 - INFO - chord#: 82 done. best_score=27.0, changed=530, unchanged=440, early_stops=8/8
26 - INFO - chord#: 84 In build_straw_man_chord_sa. tolerance = 1, sa_iterations = 1000, initial_temperature = 3.0, cooling_rate = 0.999
26 - INFO - chord#: 88 done. best_score=27.0, changed=519, unchanged=520, early_stops=8/8
26 - INFO - chord#: 90 In build_straw_man_chord_sa. tolerance = 1, sa_iterations = 1000, initial_temperature = 3.0, cooling_rate = 0.999
26 - INFO - chord#: 82 done. best_score=36.0, changed=528, unchanged=310, early_stops=8/8
26 - INFO - chord#: 84 In build_straw_man_chord_sa. tolerance = 1, sa_iterations = 1000, initial_temperature = 3.0, cooling_rate = 0.999
26 - INFO - chord#: 92 done. best_score=27.0, changed=516, unchanged=365, early_stops=8/8
26 - INFO - chord#: 96 In build_straw_man_chord_sa. tolerance = 1, sa_iterations = 1000, initial_temperature = 3.0, cooling_rate = 0.999
26 - INFO - chord#: 82 done. best_score=36.0, changed=582, unchanged=233, early_stops=8/8
26 - INFO - chord#: 84 In build_straw_man_chord_sa. tolerance = 1, sa_iterations = 1000, initial_temperature = 3.0, cooling_rate = 0.999
26 - INFO - chord#: 92 done. best_score=27.0, changed=536, unchanged=457, early_stops=8/8
26 - INFO - chord#: 96 In build_straw_man_chord_sa. tolerance = 1, sa_iterations = 1000, initial_temperature = 3.0, cooling_rate = 0.999
26 - INFO - chord#: 96 done. best_score=27.0, changed=521, unchanged=383, early_stops=8/8
26 - INFO - chord#: 100 In build_straw_man_chord_sa. tolerance = 1, sa_iterations = 1000, initial_temperature = 3.0, cooling_rate = 0.999
26 - INFO - chord#: 96 done. best_score=27.0, changed=523, unchanged=516, early_stops=8/8
26 - INFO - chord#: 100 In build_straw_man_chord_sa. tolerance = 1, sa_iterations = 1000, initial_temperature = 3.0, cooling_rate = 0.999
26 - INFO - chord#: 96 done. best_score=27.0, changed=520, unchanged=444, early_stops=8/8
26 - INFO - chord#: 100 In build_straw_man_chord_sa. tolerance = 1, sa_iterations = 1000, initial_temperature = 3.0, cooling_rate = 0.999
26 - INFO - chord#: 80 done. best_score=97.0, changed=608, unchanged=314, early_stops=8/8
26 - INFO - chord#: 82 In build_straw_man_chord_sa. tolerance = 1, sa_iterations = 1000, initial_temperature = 3.0, cooling_rate = 0.999
26 - INFO - chord#: 104 done. best_score=27.0, changed=544, unchanged=382, early_stops=8/8
26 - INFO - chord#: 106 In build_straw_man_chord_sa. tolerance = 1, sa_iterations = 1000, initial_temperature = 3.0, cooling_rate = 0.999
26 - INFO - chord#: 100 done. best_score=82.0, changed=613, unchanged=349, early_stops=8/8
26 - INFO - chord#: 102 In build_straw_man_chord_sa. tolerance = 1, sa_iterations = 1000, initial_temperature = 3.0, cooling_rate = 0.999
26 - INFO - chord#: 96 done. best_score=27.0, changed=518, unchanged=336, early_stops=8/8
26 - INFO - chord#: 100 In build_straw_man_chord_sa. tolerance = 1, sa_iterations = 1000, initial_temperature = 3.0, cooling_rate = 0.999
26 - INFO - chord#: 96 done. best_score=27.0, changed=517, unchanged=427, early_stops=8/8
26 - INFO - chord#: 100 In build_straw_man_chord_sa. tolerance = 1, sa_iterations = 1000, initial_temperature = 3.0, cooling_rate = 0.999
26 - INFO - chord#: 106 done. best_score=36.0, changed=516, unchanged=315, early_stops=8/8
26 - INFO - chord#: 108 In build_straw_man_chord_sa. tolerance = 1, sa_iterations = 1000, initial_temperature = 3.0, cooling_rate = 0.999
26 - INFO - chord#: 102 done. best_score=27.0, changed=529, unchanged=376, early_stops=8/8
26 - INFO - chord#: 104 In build_straw_man_chord_sa. tolerance = 1, sa_iterations = 1000, initial_temperature = 3.0, cooling_rate = 0.999
26 - INFO - chord#: 82 done. best_score=27.0, changed=531, unchanged=415, early_stops=8/8
26 - INFO - chord#: 84 In build_straw_man_chord_sa. tolerance = 1, sa_iterations = 1000, initial_temperature = 3.0, cooling_rate = 0.999
26 - INFO - chord#: 100 done. best_score=82.0, changed=607, unchanged=237, early_stops=8/8
26 - INFO - chord#: 102 In build_straw_man_chord_sa. tolerance = 1, sa_iterations = 1000, initial_temperature = 3.0, cooling_rate = 0.999
26 - INFO - chord#: 84 done. best_score=78.0, changed=617, unchanged=351, early_stops=8/8
26 - INFO - chord#: 88 In build_straw_man_chord_sa. tolerance = 1, sa_iterations = 1000, initial_temperature = 3.0, cooling_rate = 0.999
26 - INFO - chord#: 108 done. best_score=27.0, changed=516, unchanged=342, early_stops=8/8
26 - INFO - chord#: 112 In build_straw_man_chord_sa. tolerance = 1, sa_iterations = 1000, initial_temperature = 3.0, cooling_rate = 0.999
26 - INFO - chord#: 90 done. best_score=67.0, changed=611, unchanged=239, early_stops=8/8
26 - INFO - chord#: 92 In build_straw_man_chord_sa. tolerance = 1, sa_iterations = 1000, initial_temperature = 3.0, cooling_rate = 0.999
26 - INFO - chord#: 84 done. best_score=142.0, changed=610, unchanged=288, early_stops=8/8
26 - INFO - chord#: 88 In build_straw_man_chord_sa. tolerance = 1, sa_iterations = 1000, initial_temperature = 3.0, cooling_rate = 0.999
26 - INFO - chord#: 104 done. best_score=27.0, changed=520, unchanged=316, early_stops=8/8
26 - INFO - chord#: 106 In build_straw_man_chord_sa. tolerance = 1, sa_iterations = 1000, initial_temperature = 3.0, cooling_rate = 0.999
26 - INFO - chord#: 84 done. best_score=78.0, changed=609, unchanged=398, early_stops=8/8
26 - INFO - chord#: 88 In build_straw_man_chord_sa. tolerance = 1, sa_iterations = 1000, initial_temperature = 3.0, cooling_rate = 0.999
26 - INFO - chord#: 100 done. best_score=124.0, changed=614, unchanged=383, early_stops=8/8
26 - INFO - chord#: 102 In build_straw_man_chord_sa. tolerance = 1, sa_iterations = 1000, initial_temperature = 3.0, cooling_rate = 0.999
26 - INFO - chord#: 102 done. best_score=27.0, changed=526, unchanged=350, early_stops=8/8
26 - INFO - chord#: 104 In build_straw_man_chord_sa. tolerance = 1, sa_iterations = 1000, initial_temperature = 3.0, cooling_rate = 0.999
26 - INFO - chord#: 112 done. best_score=27.0, changed=520, unchanged=393, early_stops=8/8
26 - INFO - chord#: 116 In build_straw_man_chord_sa. tolerance = 1, sa_iterations = 1000, initial_temperature = 3.0, cooling_rate = 0.999
26 - INFO - chord#: 100 done. best_score=82.0, changed=614, unchanged=435, early_stops=8/8
26 - INFO - chord#: 102 In build_straw_man_chord_sa. tolerance = 1, sa_iterations = 1000, initial_temperature = 3.0, cooling_rate = 0.999
26 - INFO - chord#: 100 done. best_score=82.0, changed=610, unchanged=355, early_stops=8/8
26 - INFO - chord#: 102 In build_straw_man_chord_sa. tolerance = 1, sa_iterations = 1000, initial_temperature = 3.0, cooling_rate = 0.999
26 - INFO - chord#: 92 done. best_score=27.0, changed=523, unchanged=391, early_stops=8/8
26 - INFO - chord#: 96 In build_straw_man_chord_sa. tolerance = 1, sa_iterations = 1000, initial_temperature = 3.0, cooling_rate = 0.999
26 - INFO - chord#: 88 done. best_score=27.0, changed=521, unchanged=650, early_stops=8/8
26 - INFO - chord#: 90 In build_straw_man_chord_sa. tolerance = 1, sa_iterations = 1000, initial_temperature = 3.0, cooling_rate = 0.999
26 - INFO - chord#: 106 done. best_score=36.0, changed=521, unchanged=410, early_stops=8/8
26 - INFO - chord#: 108 In build_straw_man_chord_sa. tolerance = 1, sa_iterations = 1000, initial_temperature = 3.0, cooling_rate = 0.999
26 - INFO - chord#: 102 done. best_score=61.0, changed=528, unchanged=338, early_stops=8/8
26 - INFO - chord#: 104 In build_straw_man_chord_sa. tolerance = 1, sa_iterations = 1000, initial_temperature = 3.0, cooling_rate = 0.999
26 - INFO - chord#: 88 done. best_score=27.0, changed=515, unchanged=445, early_stops=8/8
26 - INFO - chord#: 90 In build_straw_man_chord_sa. tolerance = 1, sa_iterations = 1000, initial_temperature = 3.0, cooling_rate = 0.999
26 - INFO - chord#: 104 done. best_score=27.0, changed=517, unchanged=365, early_stops=8/8
26 - INFO - chord#: 106 In build_straw_man_chord_sa. tolerance = 1, sa_iterations = 1000, initial_temperature = 3.0, cooling_rate = 0.999
26 - INFO - chord#: 88 done. best_score=27.0, changed=528, unchanged=507, early_stops=8/8
26 - INFO - chord#: 90 In build_straw_man_chord_sa. tolerance = 1, sa_iterations = 1000, initial_temperature = 3.0, cooling_rate = 0.999
26 - INFO - chord#: 102 done. best_score=27.0, changed=532, unchanged=325, early_stops=8/8
26 - INFO - chord#: 104 In build_straw_man_chord_sa. tolerance = 1, sa_iterations = 1000, initial_temperature = 3.0, cooling_rate = 0.999
26 - INFO - chord#: 100 done. best_score=82.0, changed=612, unchanged=346, early_stops=8/8
26 - INFO - chord#: 102 In build_straw_man_chord_sa. tolerance = 1, sa_iterations = 1000, initial_temperature = 3.0, cooling_rate = 0.999
26 - INFO - chord#: 104 done. best_score=57.0, changed=531, unchanged=345, early_stops=8/8
26 - INFO - chord#: 106 In build_straw_man_chord_sa. tolerance = 1, sa_iterations = 1000, initial_temperature = 3.0, cooling_rate = 0.999
26 - INFO - chord#: 84 done. best_score=78.0, changed=611, unchanged=294, early_stops=8/8
26 - INFO - chord#: 88 In build_straw_man_chord_sa. tolerance = 1, sa_iterations = 1000, initial_temperature = 3.0, cooling_rate = 0.999
26 - INFO - chord#: 102 done. best_score=27.0, changed=516, unchanged=361, early_stops=8/8
26 - INFO - chord#: 104 In build_straw_man_chord_sa. tolerance = 1, sa_iterations = 1000, initial_temperature = 3.0, cooling_rate = 0.999
26 - INFO - chord#: 108 done. best_score=27.0, changed=518, unchanged=433, early_stops=8/8
26 - INFO - chord#: 112 In build_straw_man_chord_sa. tolerance = 1, sa_iterations = 1000, initial_temperature = 3.0, cooling_rate = 0.999
26 - INFO - chord#: 96 done. best_score=27.0, changed=519, unchanged=471, early_stops=8/8
26 - INFO - chord#: 100 In build_straw_man_chord_sa. tolerance = 1, sa_iterations = 1000, initial_temperature = 3.0, cooling_rate = 0.999
26 - INFO - chord#: 106 done. best_score=36.0, changed=525, unchanged=437, early_stops=8/8
26 - INFO - chord#: 108 In build_straw_man_chord_sa. tolerance = 1, sa_iterations = 1000, initial_temperature = 3.0, cooling_rate = 0.999
26 - INFO - chord#: 104 done. best_score=27.0, changed=524, unchanged=339, early_stops=8/8
26 - INFO - chord#: 106 In build_straw_man_chord_sa. tolerance = 1, sa_iterations = 1000, initial_temperature = 3.0, cooling_rate = 0.999
26 - INFO - chord#: 106 done. best_score=36.0, changed=524, unchanged=391, early_stops=8/8
26 - INFO - chord#: 108 In build_straw_man_chord_sa. tolerance = 1, sa_iterations = 1000, initial_temperature = 3.0, cooling_rate = 0.999
26 - INFO - chord#: 102 done. best_score=27.0, changed=528, unchanged=320, early_stops=8/8
26 - INFO - chord#: 104 In build_straw_man_chord_sa. tolerance = 1, sa_iterations = 1000, initial_temperature = 3.0, cooling_rate = 0.999
26 - INFO - chord#: 112 done. best_score=27.0, changed=519, unchanged=378, early_stops=8/8
26 - INFO - chord#: 116 In build_straw_man_chord_sa. tolerance = 1, sa_iterations = 1000, initial_temperature = 3.0, cooling_rate = 0.999
26 - INFO - chord#: 88 done. best_score=27.0, changed=518, unchanged=365, early_stops=8/8
26 - INFO - chord#: 90 In build_straw_man_chord_sa. tolerance = 1, sa_iterations = 1000, initial_temperature = 3.0, cooling_rate = 0.999
26 - INFO - chord#: 104 done. best_score=27.0, changed=519, unchanged=429, early_stops=8/8
26 - INFO - chord#: 106 In build_straw_man_chord_sa. tolerance = 1, sa_iterations = 1000, initial_temperature = 3.0, cooling_rate = 0.999
26 - INFO - chord#: 116 done. best_score=64.0, changed=613, unchanged=394, early_stops=8/8
26 - INFO - chord#: 118 In build_straw_man_chord_sa. tolerance = 1, sa_iterations = 1000, initial_temperature = 3.0, cooling_rate = 0.999
26 - INFO - chord#: 90 done. best_score=96.0, changed=608, unchanged=213, early_stops=8/8
26 - INFO - chord#: 92 In build_straw_man_chord_sa. tolerance = 1, sa_iterations = 1000, initial_temperature = 3.0, cooling_rate = 0.999
26 - INFO - chord#: 90 done. best_score=137.0, changed=615, unchanged=439, early_stops=8/8
26 - INFO - chord#: 92 In build_straw_man_chord_sa. tolerance = 1, sa_iterations = 1000, initial_temperature = 3.0, cooling_rate = 0.999
26 - INFO - chord#: 108 done. best_score=27.0, changed=519, unchanged=506, early_stops=8/8
26 - INFO - chord#: 112 In build_straw_man_chord_sa. tolerance = 1, sa_iterations = 1000, initial_temperature = 3.0, cooling_rate = 0.999
26 - INFO - chord#: 106 done. best_score=36.0, changed=527, unchanged=421, early_stops=8/8
26 - INFO - chord#: 108 In build_straw_man_chord_sa. tolerance = 1, sa_iterations = 1000, initial_temperature = 3.0, cooling_rate = 0.999
26 - INFO - chord#: 108 done. best_score=27.0, changed=523, unchanged=416, early_stops=8/8
26 - INFO - chord#: 112 In build_straw_man_chord_sa. tolerance = 1, sa_iterations = 1000, initial_temperature = 3.0, cooling_rate = 0.999
26 - INFO - chord#: 104 done. best_score=27.0, changed=527, unchanged=408, early_stops=8/8
26 - INFO - chord#: 106 In build_straw_man_chord_sa. tolerance = 1, sa_iterations = 1000, initial_temperature = 3.0, cooling_rate = 0.999
26 - INFO - chord#: 118 done. best_score=27.0, changed=523, unchanged=329, early_stops=8/8
26 - INFO - chord#: 120 In build_straw_man_chord_sa. tolerance = 1, sa_iterations = 1000, initial_temperature = 3.0, cooling_rate = 0.999
26 - INFO - chord#: 106 done. best_score=36.0, changed=525, unchanged=377, early_stops=8/8
26 - INFO - chord#: 108 In build_straw_man_chord_sa. tolerance = 1, sa_iterations = 1000, initial_temperature = 3.0, cooling_rate = 0.999
26 - INFO - chord#: 92 done. best_score=27.0, changed=518, unchanged=366, early_stops=8/8
26 - INFO - chord#: 96 In build_straw_man_chord_sa. tolerance = 1, sa_iterations = 1000, initial_temperature = 3.0, cooling_rate = 0.999
26 - INFO - chord#: 92 done. best_score=27.0, changed=518, unchanged=347, early_stops=8/8
26 - INFO - chord#: 96 In build_straw_man_chord_sa. tolerance = 1, sa_iterations = 1000, initial_temperature = 3.0, cooling_rate = 0.999
26 - INFO - chord#: 108 done. best_score=27.0, changed=517, unchanged=388, early_stops=8/8
26 - INFO - chord#: 112 In build_straw_man_chord_sa. tolerance = 1, sa_iterations = 1000, initial_temperature = 3.0, cooling_rate = 0.999
26 - INFO - chord#: 112 done. best_score=27.0, changed=531, unchanged=498, early_stops=8/8
26 - INFO - chord#: 116 In build_straw_man_chord_sa. tolerance = 1, sa_iterations = 1000, initial_temperature = 3.0, cooling_rate = 0.999
26 - INFO - chord#: 112 done. best_score=27.0, changed=524, unchanged=421, early_stops=8/8
26 - INFO - chord#: 116 In build_straw_man_chord_sa. tolerance = 1, sa_iterations = 1000, initial_temperature = 3.0, cooling_rate = 0.999
26 - INFO - chord#: 100 done. best_score=82.0, changed=608, unchanged=302, early_stops=8/8
26 - INFO - chord#: 102 In build_straw_man_chord_sa. tolerance = 1, sa_iterations = 1000, initial_temperature = 3.0, cooling_rate = 0.999
26 - INFO - chord#: 116 done. best_score=146.0, changed=605, unchanged=208, early_stops=8/8
26 - INFO - chord#: 118 In build_straw_man_chord_sa. tolerance = 1, sa_iterations = 1000, initial_temperature = 3.0, cooling_rate = 0.999
26 - INFO - chord#: 90 done. best_score=67.0, changed=616, unchanged=552, early_stops=8/8
26 - INFO - chord#: 92 In build_straw_man_chord_sa. tolerance = 1, sa_iterations = 1000, initial_temperature = 3.0, cooling_rate = 0.999
26 - INFO - chord#: 106 done. best_score=36.0, changed=516, unchanged=419, early_stops=8/8
26 - INFO - chord#: 108 In build_straw_man_chord_sa. tolerance = 1, sa_iterations = 1000, initial_temperature = 3.0, cooling_rate = 0.999
26 - INFO - chord#: 120 done. best_score=27.0, changed=524, unchanged=519, early_stops=8/8
26 - INFO - chord#: 124 In build_straw_man_chord_sa. tolerance = 1, sa_iterations = 1000, initial_temperature = 3.0, cooling_rate = 0.999
26 - INFO - chord#: 96 done. best_score=27.0, changed=523, unchanged=389, early_stops=8/8
26 - INFO - chord#: 100 In build_straw_man_chord_sa. tolerance = 1, sa_iterations = 1000, initial_temperature = 3.0, cooling_rate = 0.999
26 - INFO - chord#: 112 done. best_score=27.0, changed=519, unchanged=351, early_stops=8/8
26 - INFO - chord#: 116 In build_straw_man_chord_sa. tolerance = 1, sa_iterations = 1000, initial_temperature = 3.0, cooling_rate = 0.999
26 - INFO - chord#: 90 done. best_score=195.0, changed=611, unchanged=238, early_stops=8/8
26 - INFO - chord#: 92 In build_straw_man_chord_sa. tolerance = 1, sa_iterations = 1000, initial_temperature = 3.0, cooling_rate = 0.999
26 - INFO - chord#: 108 done. best_score=27.0, changed=527, unchanged=511, early_stops=8/8
26 - INFO - chord#: 112 In build_straw_man_chord_sa. tolerance = 1, sa_iterations = 1000, initial_temperature = 3.0, cooling_rate = 0.999
26 - INFO - chord#: 96 done. best_score=27.0, changed=524, unchanged=452, early_stops=8/8
26 - INFO - chord#: 100 In build_straw_man_chord_sa. tolerance = 1, sa_iterations = 1000, initial_temperature = 3.0, cooling_rate = 0.999
26 - INFO - chord#: 118 done. best_score=27.0, changed=526, unchanged=384, early_stops=8/8
26 - INFO - chord#: 120 In build_straw_man_chord_sa. tolerance = 1, sa_iterations = 1000, initial_temperature = 3.0, cooling_rate = 0.999
26 - INFO - chord#: 102 done. best_score=27.0, changed=527, unchanged=345, early_stops=8/8
26 - INFO - chord#: 104 In build_straw_man_chord_sa. tolerance = 1, sa_iterations = 1000, initial_temperature = 3.0, cooling_rate = 0.999
26 - INFO - chord#: 92 done. best_score=27.0, changed=523, unchanged=335, early_stops=8/8
26 - INFO - chord#: 96 In build_straw_man_chord_sa. tolerance = 1, sa_iterations = 1000, initial_temperature = 3.0, cooling_rate = 0.999
26 - INFO - chord#: 124 done. best_score=27.0, changed=525, unchanged=418, early_stops=8/8
26 - INFO - chord#: 130 In build_straw_man_chord_sa. tolerance = 1, sa_iterations = 1000, initial_temperature = 3.0, cooling_rate = 0.999
26 - INFO - chord#: 108 done. best_score=27.0, changed=524, unchanged=466, early_stops=8/8
26 - INFO - chord#: 112 In build_straw_man_chord_sa. tolerance = 1, sa_iterations = 1000, initial_temperature = 3.0, cooling_rate = 0.999
26 - INFO - chord#: 92 done. best_score=36.0, changed=534, unchanged=331, early_stops=8/8
26 - INFO - chord#: 96 In build_straw_man_chord_sa. tolerance = 1, sa_iterations = 1000, initial_temperature = 3.0, cooling_rate = 0.999
26 - INFO - chord#: 112 done. best_score=27.0, changed=523, unchanged=351, early_stops=8/8
26 - INFO - chord#: 116 In build_straw_man_chord_sa. tolerance = 1, sa_iterations = 1000, initial_temperature = 3.0, cooling_rate = 0.999
26 - INFO - chord#: 116 done. best_score=71.0, changed=618, unchanged=329, early_stops=8/8
26 - INFO - chord#: 118 In build_straw_man_chord_sa. tolerance = 1, sa_iterations = 1000, initial_temperature = 3.0, cooling_rate = 0.999
26 - INFO - chord#: 120 done. best_score=27.0, changed=520, unchanged=468, early_stops=8/8
26 - INFO - chord#: 124 In build_straw_man_chord_sa. tolerance = 1, sa_iterations = 1000, initial_temperature = 3.0, cooling_rate = 0.999
26 - INFO - chord#: 116 done. best_score=71.0, changed=614, unchanged=346, early_stops=8/8
26 - INFO - chord#: 118 In build_straw_man_chord_sa. tolerance = 1, sa_iterations = 1000, initial_temperature = 3.0, cooling_rate = 0.999
26 - INFO - chord#: 104 done. best_score=27.0, changed=518, unchanged=335, early_stops=8/8
26 - INFO - chord#: 106 In build_straw_man_chord_sa. tolerance = 1, sa_iterations = 1000, initial_temperature = 3.0, cooling_rate = 0.999
26 - INFO - chord#: 118 done. best_score=36.0, changed=533, unchanged=306, early_stops=8/8
26 - INFO - chord#: 120 In build_straw_man_chord_sa. tolerance = 1, sa_iterations = 1000, initial_temperature = 3.0, cooling_rate = 0.999
26 - INFO - chord#: 96 done. best_score=27.0, changed=519, unchanged=456, early_stops=8/8
26 - INFO - chord#: 100 In build_straw_man_chord_sa. tolerance = 1, sa_iterations = 1000, initial_temperature = 3.0, cooling_rate = 0.999
26 - INFO - chord#: 112 done. best_score=27.0, changed=524, unchanged=347, early_stops=8/8
26 - INFO - chord#: 116 In build_straw_man_chord_sa. tolerance = 1, sa_iterations = 1000, initial_temperature = 3.0, cooling_rate = 0.999
26 - INFO - chord#: 118 done. best_score=27.0, changed=530, unchanged=314, early_stops=8/8
26 - INFO - chord#: 120 In build_straw_man_chord_sa. tolerance = 1, sa_iterations = 1000, initial_temperature = 3.0, cooling_rate = 0.999
26 - INFO - chord#: 124 done. best_score=27.0, changed=518, unchanged=311, early_stops=8/8
26 - INFO - chord#: 130 In build_straw_man_chord_sa. tolerance = 1, sa_iterations = 1000, initial_temperature = 3.0, cooling_rate = 0.999
26 - INFO - chord#: 96 done. best_score=27.0, changed=521, unchanged=519, early_stops=8/8
26 - INFO - chord#: 100 In build_straw_man_chord_sa. tolerance = 1, sa_iterations = 1000, initial_temperature = 3.0, cooling_rate = 0.999
26 - INFO - chord#: 116 done. best_score=64.0, changed=624, unchanged=430, early_stops=8/8
26 - INFO - chord#: 118 In build_straw_man_chord_sa. tolerance = 1, sa_iterations = 1000, initial_temperature = 3.0, cooling_rate = 0.999
26 - INFO - chord#: 100 done. best_score=146.0, changed=609, unchanged=234, early_stops=8/8
26 - INFO - chord#: 102 In build_straw_man_chord_sa. tolerance = 1, sa_iterations = 1000, initial_temperature = 3.0, cooling_rate = 0.999
26 - INFO - chord#: 106 done. best_score=36.0, changed=518, unchanged=380, early_stops=8/8
26 - INFO - chord#: 108 In build_straw_man_chord_sa. tolerance = 1, sa_iterations = 1000, initial_temperature = 3.0, cooling_rate = 0.999
26 - INFO - chord#: 100 done. best_score=82.0, changed=617, unchanged=561, early_stops=8/8
26 - INFO - chord#: 102 In build_straw_man_chord_sa. tolerance = 1, sa_iterations = 1000, initial_temperature = 3.0, cooling_rate = 0.999
26 - INFO - chord#: 130 done. best_score=67.0, changed=607, unchanged=323, early_stops=8/8
26 - INFO - chord#: 132 In build_straw_man_chord_sa. tolerance = 1, sa_iterations = 1000, initial_temperature = 3.0, cooling_rate = 0.999
26 - INFO - chord#: 120 done. best_score=27.0, changed=523, unchanged=410, early_stops=8/8
26 - INFO - chord#: 124 In build_straw_man_chord_sa. tolerance = 1, sa_iterations = 1000, initial_temperature = 3.0, cooling_rate = 0.999
26 - INFO - chord#: 118 done. best_score=27.0, changed=525, unchanged=358, early_stops=8/8
26 - INFO - chord#: 120 In build_straw_man_chord_sa. tolerance = 1, sa_iterations = 1000, initial_temperature = 3.0, cooling_rate = 0.999
26 - INFO - chord#: 120 done. best_score=27.0, changed=522, unchanged=453, early_stops=8/8
26 - INFO - chord#: 124 In build_straw_man_chord_sa. tolerance = 1, sa_iterations = 1000, initial_temperature = 3.0, cooling_rate = 0.999
26 - INFO - chord#: 102 done. best_score=27.0, changed=519, unchanged=399, early_stops=8/8
26 - INFO - chord#: 104 In build_straw_man_chord_sa. tolerance = 1, sa_iterations = 1000, initial_temperature = 3.0, cooling_rate = 0.999
26 - INFO - chord#: 116 done. best_score=146.0, changed=608, unchanged=214, early_stops=8/8
26 - INFO - chord#: 118 In build_straw_man_chord_sa. tolerance = 1, sa_iterations = 1000, initial_temperature = 3.0, cooling_rate = 0.999
26 - INFO - chord#: 102 done. best_score=27.0, changed=525, unchanged=372, early_stops=8/8
26 - INFO - chord#: 104 In build_straw_man_chord_sa. tolerance = 1, sa_iterations = 1000, initial_temperature = 3.0, cooling_rate = 0.999
26 - INFO - chord#: 132 done. best_score=27.0, changed=527, unchanged=421, early_stops=8/8
26 - INFO - chord#: 134 In build_straw_man_chord_sa. tolerance = 1, sa_iterations = 1000, initial_temperature = 3.0, cooling_rate = 0.999
26 - INFO - chord#: 108 done. best_score=27.0, changed=516, unchanged=410, early_stops=8/8
26 - INFO - chord#: 112 In build_straw_man_chord_sa. tolerance = 1, sa_iterations = 1000, initial_temperature = 3.0, cooling_rate = 0.999
26 - INFO - chord#: 124 done. best_score=27.0, changed=524, unchanged=517, early_stops=8/8
26 - INFO - chord#: 130 In build_straw_man_chord_sa. tolerance = 1, sa_iterations = 1000, initial_temperature = 3.0, cooling_rate = 0.999
26 - INFO - chord#: 120 done. best_score=27.0, changed=518, unchanged=377, early_stops=8/8
26 - INFO - chord#: 124 In build_straw_man_chord_sa. tolerance = 1, sa_iterations = 1000, initial_temperature = 3.0, cooling_rate = 0.999
26 - INFO - chord#: 104 done. best_score=27.0, changed=524, unchanged=478, early_stops=8/8
26 - INFO - chord#: 106 In build_straw_man_chord_sa. tolerance = 1, sa_iterations = 1000, initial_temperature = 3.0, cooling_rate = 0.999
26 - INFO - chord#: 124 done. best_score=27.0, changed=532, unchanged=550, early_stops=8/8
26 - INFO - chord#: 130 In build_straw_man_chord_sa. tolerance = 1, sa_iterations = 1000, initial_temperature = 3.0, cooling_rate = 0.999
26 - INFO - chord#: 134 done. best_score=27.0, changed=530, unchanged=348, early_stops=8/8
26 - INFO - chord#: 136 In build_straw_man_chord_sa. tolerance = 1, sa_iterations = 1000, initial_temperature = 3.0, cooling_rate = 0.999
26 - INFO - chord#: 104 done. best_score=27.0, changed=518, unchanged=319, early_stops=8/8
26 - INFO - chord#: 106 In build_straw_man_chord_sa. tolerance = 1, sa_iterations = 1000, initial_temperature = 3.0, cooling_rate = 0.999
26 - INFO - chord#: 116 done. best_score=64.0, changed=610, unchanged=268, early_stops=8/8
26 - INFO - chord#: 118 In build_straw_man_chord_sa. tolerance = 1, sa_iterations = 1000, initial_temperature = 3.0, cooling_rate = 0.999
26 - INFO - chord#: 118 done. best_score=27.0, changed=527, unchanged=451, early_stops=8/8
26 - INFO - chord#: 120 In build_straw_man_chord_sa. tolerance = 1, sa_iterations = 1000, initial_temperature = 3.0, cooling_rate = 0.999
26 - INFO - chord#: 100 done. best_score=82.0, changed=613, unchanged=345, early_stops=8/8
26 - INFO - chord#: 102 In build_straw_man_chord_sa. tolerance = 1, sa_iterations = 1000, initial_temperature = 3.0, cooling_rate = 0.999
26 - INFO - chord#: 130 done. best_score=67.0, changed=621, unchanged=486, early_stops=8/8
26 - INFO - chord#: 132 In build_straw_man_chord_sa. tolerance = 1, sa_iterations = 1000, initial_temperature = 3.0, cooling_rate = 0.999
26 - INFO - chord#: 112 done. best_score=27.0, changed=520, unchanged=408, early_stops=8/8
26 - INFO - chord#: 116 In build_straw_man_chord_sa. tolerance = 1, sa_iterations = 1000, initial_temperature = 3.0, cooling_rate = 0.999
26 - INFO - chord#: 100 done. best_score=120.0, changed=613, unchanged=346, early_stops=8/8
26 - INFO - chord#: 102 In build_straw_man_chord_sa. tolerance = 1, sa_iterations = 1000, initial_temperature = 3.0, cooling_rate = 0.999
26 - INFO - chord#: 124 done. best_score=27.0, changed=529, unchanged=484, early_stops=8/8
26 - INFO - chord#: 130 In build_straw_man_chord_sa. tolerance = 1, sa_iterations = 1000, initial_temperature = 3.0, cooling_rate = 0.999
26 - INFO - chord#: 106 done. best_score=36.0, changed=519, unchanged=372, early_stops=8/8
26 - INFO - chord#: 108 In build_straw_man_chord_sa. tolerance = 1, sa_iterations = 1000, initial_temperature = 3.0, cooling_rate = 0.999
26 - INFO - chord#: 136 done. best_score=27.0, changed=519, unchanged=353, early_stops=8/8
26 - INFO - chord#: 138 In build_straw_man_chord_sa. tolerance = 1, sa_iterations = 1000, initial_temperature = 3.0, cooling_rate = 0.999
26 - INFO - chord#: 106 done. best_score=36.0, changed=514, unchanged=337, early_stops=8/8
26 - INFO - chord#: 108 In build_straw_man_chord_sa. tolerance = 1, sa_iterations = 1000, initial_temperature = 3.0, cooling_rate = 0.999
26 - INFO - chord#: 118 done. best_score=27.0, changed=531, unchanged=393, early_stops=8/8
26 - INFO - chord#: 120 In build_straw_man_chord_sa. tolerance = 1, sa_iterations = 1000, initial_temperature = 3.0, cooling_rate = 0.999
26 - INFO - chord#: 132 done. best_score=27.0, changed=521, unchanged=420, early_stops=8/8
26 - INFO - chord#: 134 In build_straw_man_chord_sa. tolerance = 1, sa_iterations = 1000, initial_temperature = 3.0, cooling_rate = 0.999
26 - INFO - chord#: 130 done. best_score=137.0, changed=609, unchanged=237, early_stops=8/8
26 - INFO - chord#: 132 In build_straw_man_chord_sa. tolerance = 1, sa_iterations = 1000, initial_temperature = 3.0, cooling_rate = 0.999
26 - INFO - chord#: 102 done. best_score=27.0, changed=536, unchanged=442, early_stops=8/8
26 - INFO - chord#: 104 In build_straw_man_chord_sa. tolerance = 1, sa_iterations = 1000, initial_temperature = 3.0, cooling_rate = 0.999
26 - INFO - chord#: 120 done. best_score=27.0, changed=528, unchanged=405, early_stops=8/8
26 - INFO - chord#: 124 In build_straw_man_chord_sa. tolerance = 1, sa_iterations = 1000, initial_temperature = 3.0, cooling_rate = 0.999
26 - INFO - chord#: 108 done. best_score=27.0, changed=515, unchanged=428, early_stops=8/8
26 - INFO - chord#: 112 In build_straw_man_chord_sa. tolerance = 1, sa_iterations = 1000, initial_temperature = 3.0, cooling_rate = 0.999
26 - INFO - chord#: 102 done. best_score=27.0, changed=531, unchanged=422, early_stops=8/8
26 - INFO - chord#: 104 In build_straw_man_chord_sa. tolerance = 1, sa_iterations = 1000, initial_temperature = 3.0, cooling_rate = 0.999
26 - INFO - chord#: 130 done. best_score=137.0, changed=609, unchanged=330, early_stops=8/8
26 - INFO - chord#: 132 In build_straw_man_chord_sa. tolerance = 1, sa_iterations = 1000, initial_temperature = 3.0, cooling_rate = 0.999
26 - INFO - chord#: 134 done. best_score=27.0, changed=524, unchanged=340, early_stops=8/8
26 - INFO - chord#: 136 In build_straw_man_chord_sa. tolerance = 1, sa_iterations = 1000, initial_temperature = 3.0, cooling_rate = 0.999
26 - INFO - chord#: 120 done. best_score=27.0, changed=524, unchanged=362, early_stops=8/8
26 - INFO - chord#: 124 In build_straw_man_chord_sa. tolerance = 1, sa_iterations = 1000, initial_temperature = 3.0, cooling_rate = 0.999
26 - INFO - chord#: 132 done. best_score=27.0, changed=523, unchanged=425, early_stops=8/8
26 - INFO - chord#: 134 In build_straw_man_chord_sa. tolerance = 1, sa_iterations = 1000, initial_temperature = 3.0, cooling_rate = 0.999
26 - INFO - chord#: 104 done. best_score=27.0, changed=525, unchanged=343, early_stops=8/8
26 - INFO - chord#: 106 In build_straw_man_chord_sa. tolerance = 1, sa_iterations = 1000, initial_temperature = 3.0, cooling_rate = 0.999
26 - INFO - chord#: 108 done. best_score=27.0, changed=532, unchanged=641, early_stops=8/8
26 - INFO - chord#: 112 In build_straw_man_chord_sa. tolerance = 1, sa_iterations = 1000, initial_temperature = 3.0, cooling_rate = 0.999
26 - INFO - chord#: 112 done. best_score=27.0, changed=529, unchanged=383, early_stops=8/8
26 - INFO - chord#: 116 In build_straw_man_chord_sa. tolerance = 1, sa_iterations = 1000, initial_temperature = 3.0, cooling_rate = 0.999
26 - INFO - chord#: 130 done. best_score=96.0, changed=614, unchanged=303, early_stops=8/8
26 - INFO - chord#: 132 In build_straw_man_chord_sa. tolerance = 1, sa_iterations = 1000, initial_temperature = 3.0, cooling_rate = 0.999
26 - INFO - chord#: 104 done. best_score=27.0, changed=516, unchanged=359, early_stops=8/8
26 - INFO - chord#: 106 In build_straw_man_chord_sa. tolerance = 1, sa_iterations = 1000, initial_temperature = 3.0, cooling_rate = 0.999
26 - INFO - chord#: 132 done. best_score=27.0, changed=527, unchanged=404, early_stops=8/8
26 - INFO - chord#: 134 In build_straw_man_chord_sa. tolerance = 1, sa_iterations = 1000, initial_temperature = 3.0, cooling_rate = 0.999
26 - INFO - chord#: 124 done. best_score=27.0, changed=521, unchanged=325, early_stops=8/8
26 - INFO - chord#: 130 In build_straw_man_chord_sa. tolerance = 1, sa_iterations = 1000, initial_temperature = 3.0, cooling_rate = 0.999
26 - INFO - chord#: 138 done. best_score=64.0, changed=614, unchanged=315, early_stops=8/8
26 - INFO - chord#: 140 In build_straw_man_chord_sa. tolerance = 1, sa_iterations = 1000, initial_temperature = 3.0, cooling_rate = 0.999
26 - INFO - chord#: 136 done. best_score=27.0, changed=529, unchanged=380, early_stops=8/8
26 - INFO - chord#: 138 In build_straw_man_chord_sa. tolerance = 1, sa_iterations = 1000, initial_temperature = 3.0, cooling_rate = 0.999
26 - INFO - chord#: 134 done. best_score=27.0, changed=528, unchanged=476, early_stops=8/8
26 - INFO - chord#: 136 In build_straw_man_chord_sa. tolerance = 1, sa_iterations = 1000, initial_temperature = 3.0, cooling_rate = 0.999
26 - INFO - chord#: 116 done. best_score=64.0, changed=617, unchanged=415, early_stops=8/8
26 - INFO - chord#: 118 In build_straw_man_chord_sa. tolerance = 1, sa_iterations = 1000, initial_temperature = 3.0, cooling_rate = 0.999
26 - INFO - chord#: 134 done. best_score=27.0, changed=527, unchanged=320, early_stops=8/8
26 - INFO - chord#: 136 In build_straw_man_chord_sa. tolerance = 1, sa_iterations = 1000, initial_temperature = 3.0, cooling_rate = 0.999
26 - INFO - chord#: 112 done. best_score=27.0, changed=528, unchanged=397, early_stops=8/8
26 - INFO - chord#: 116 In build_straw_man_chord_sa. tolerance = 1, sa_iterations = 1000, initial_temperature = 3.0, cooling_rate = 0.999
26 - INFO - chord#: 132 done. best_score=27.0, changed=517, unchanged=378, early_stops=8/8
26 - INFO - chord#: 134 In build_straw_man_chord_sa. tolerance = 1, sa_iterations = 1000, initial_temperature = 3.0, cooling_rate = 0.999
26 - INFO - chord#: 106 done. best_score=36.0, changed=519, unchanged=340, early_stops=8/8
26 - INFO - chord#: 108 In build_straw_man_chord_sa. tolerance = 1, sa_iterations = 1000, initial_temperature = 3.0, cooling_rate = 0.999
26 - INFO - chord#: 124 done. best_score=27.0, changed=517, unchanged=340, early_stops=8/8
26 - INFO - chord#: 130 In build_straw_man_chord_sa. tolerance = 1, sa_iterations = 1000, initial_temperature = 3.0, cooling_rate = 0.999
26 - INFO - chord#: 140 done. best_score=27.0, changed=519, unchanged=381, early_stops=8/8
26 - INFO - chord#: 142 In build_straw_man_chord_sa. tolerance = 1, sa_iterations = 1000, initial_temperature = 3.0, cooling_rate = 0.999
26 - INFO - chord#: 106 done. best_score=36.0, changed=519, unchanged=371, early_stops=8/8
26 - INFO - chord#: 108 In build_straw_man_chord_sa. tolerance = 1, sa_iterations = 1000, initial_temperature = 3.0, cooling_rate = 0.999
26 - INFO - chord#: 136 done. best_score=27.0, changed=523, unchanged=321, early_stops=8/8
26 - INFO - chord#: 138 In build_straw_man_chord_sa. tolerance = 1, sa_iterations = 1000, initial_temperature = 3.0, cooling_rate = 0.999
26 - INFO - chord#: 118 done. best_score=27.0, changed=521, unchanged=408, early_stops=8/8
26 - INFO - chord#: 120 In build_straw_man_chord_sa. tolerance = 1, sa_iterations = 1000, initial_temperature = 3.0, cooling_rate = 0.999
26 - INFO - chord#: 134 done. best_score=27.0, changed=531, unchanged=391, early_stops=8/8
26 - INFO - chord#: 136 In build_straw_man_chord_sa. tolerance = 1, sa_iterations = 1000, initial_temperature = 3.0, cooling_rate = 0.999
26 - INFO - chord#: 136 done. best_score=27.0, changed=524, unchanged=419, early_stops=8/8
26 - INFO - chord#: 138 In build_straw_man_chord_sa. tolerance = 1, sa_iterations = 1000, initial_temperature = 3.0, cooling_rate = 0.999
26 - INFO - chord#: 116 done. best_score=155.0, changed=613, unchanged=292, early_stops=8/8
26 - INFO - chord#: 118 In build_straw_man_chord_sa. tolerance = 1, sa_iterations = 1000, initial_temperature = 3.0, cooling_rate = 0.999
26 - INFO - chord#: 138 done. best_score=64.0, changed=618, unchanged=326, early_stops=8/8
26 - INFO - chord#: 140 In build_straw_man_chord_sa. tolerance = 1, sa_iterations = 1000, initial_temperature = 3.0, cooling_rate = 0.999
26 - INFO - chord#: 108 done. best_score=27.0, changed=526, unchanged=523, early_stops=8/8
26 - INFO - chord#: 112 In build_straw_man_chord_sa. tolerance = 1, sa_iterations = 1000, initial_temperature = 3.0, cooling_rate = 0.999
26 - INFO - chord#: 108 done. best_score=27.0, changed=518, unchanged=495, early_stops=8/8
26 - INFO - chord#: 112 In build_straw_man_chord_sa. tolerance = 1, sa_iterations = 1000, initial_temperature = 3.0, cooling_rate = 0.999
26 - INFO - chord#: 136 done. best_score=27.0, changed=523, unchanged=344, early_stops=8/8
26 - INFO - chord#: 138 In build_straw_man_chord_sa. tolerance = 1, sa_iterations = 1000, initial_temperature = 3.0, cooling_rate = 0.999
26 - INFO - chord#: 142 done. best_score=82.0, changed=607, unchanged=221, early_stops=8/8
26 - INFO - chord#: 144 In build_straw_man_chord_sa. tolerance = 1, sa_iterations = 1000, initial_temperature = 3.0, cooling_rate = 0.999
26 - INFO - chord#: 140 done. best_score=27.0, changed=523, unchanged=345, early_stops=8/8
26 - INFO - chord#: 142 In build_straw_man_chord_sa. tolerance = 1, sa_iterations = 1000, initial_temperature = 3.0, cooling_rate = 0.999
26 - INFO - chord#: 118 done. best_score=27.0, changed=531, unchanged=351, early_stops=8/8
26 - INFO - chord#: 120 In build_straw_man_chord_sa. tolerance = 1, sa_iterations = 1000, initial_temperature = 3.0, cooling_rate = 0.999
26 - INFO - chord#: 130 done. best_score=67.0, changed=617, unchanged=391, early_stops=8/8
26 - INFO - chord#: 132 In build_straw_man_chord_sa. tolerance = 1, sa_iterations = 1000, initial_temperature = 3.0, cooling_rate = 0.999
26 - INFO - chord#: 120 done. best_score=27.0, changed=518, unchanged=460, early_stops=8/8
26 - INFO - chord#: 124 In build_straw_man_chord_sa. tolerance = 1, sa_iterations = 1000, initial_temperature = 3.0, cooling_rate = 0.999
26 - INFO - chord#: 130 done. best_score=140.0, changed=609, unchanged=332, early_stops=8/8
26 - INFO - chord#: 132 In build_straw_man_chord_sa. tolerance = 1, sa_iterations = 1000, initial_temperature = 3.0, cooling_rate = 0.999
26 - INFO - chord#: 112 done. best_score=27.0, changed=533, unchanged=444, early_stops=8/8
26 - INFO - chord#: 116 In build_straw_man_chord_sa. tolerance = 1, sa_iterations = 1000, initial_temperature = 3.0, cooling_rate = 0.999
26 - INFO - chord#: 116 done. best_score=64.0, changed=612, unchanged=285, early_stops=8/8
26 - INFO - chord#: 118 In build_straw_man_chord_sa. tolerance = 1, sa_iterations = 1000, initial_temperature = 3.0, cooling_rate = 0.999
26 - INFO - chord#: 112 done. best_score=27.0, changed=523, unchanged=394, early_stops=8/8
26 - INFO - chord#: 116 In build_straw_man_chord_sa. tolerance = 1, sa_iterations = 1000, initial_temperature = 3.0, cooling_rate = 0.999
26 - INFO - chord#: 138 done. best_score=125.0, changed=611, unchanged=295, early_stops=8/8
26 - INFO - chord#: 140 In build_straw_man_chord_sa. tolerance = 1, sa_iterations = 1000, initial_temperature = 3.0, cooling_rate = 0.999
26 - INFO - chord#: 138 done. best_score=64.0, changed=611, unchanged=258, early_stops=8/8
26 - INFO - chord#: 140 In build_straw_man_chord_sa. tolerance = 1, sa_iterations = 1000, initial_temperature = 3.0, cooling_rate = 0.999
26 - INFO - chord#: 144 done. best_score=36.0, changed=521, unchanged=498, early_stops=8/8
26 - INFO - chord#: 146 In build_straw_man_chord_sa. tolerance = 1, sa_iterations = 1000, initial_temperature = 3.0, cooling_rate = 0.999
26 - INFO - chord#: 120 done. best_score=27.0, changed=522, unchanged=424, early_stops=8/8
26 - INFO - chord#: 124 In build_straw_man_chord_sa. tolerance = 1, sa_iterations = 1000, initial_temperature = 3.0, cooling_rate = 0.999
26 - INFO - chord#: 132 done. best_score=27.0, changed=525, unchanged=340, early_stops=8/8
26 - INFO - chord#: 134 In build_straw_man_chord_sa. tolerance = 1, sa_iterations = 1000, initial_temperature = 3.0, cooling_rate = 0.999
26 - INFO - chord#: 124 done. best_score=27.0, changed=514, unchanged=327, early_stops=8/8
26 - INFO - chord#: 130 In build_straw_man_chord_sa. tolerance = 1, sa_iterations = 1000, initial_temperature = 3.0, cooling_rate = 0.999
26 - INFO - chord#: 140 done. best_score=27.0, changed=514, unchanged=336, early_stops=8/8
26 - INFO - chord#: 142 In build_straw_man_chord_sa. tolerance = 1, sa_iterations = 1000, initial_temperature = 3.0, cooling_rate = 0.999
26 - INFO - chord#: 132 done. best_score=61.0, changed=538, unchanged=362, early_stops=8/8
26 - INFO - chord#: 134 In build_straw_man_chord_sa. tolerance = 1, sa_iterations = 1000, initial_temperature = 3.0, cooling_rate = 0.999
26 - INFO - chord#: 138 done. best_score=64.0, changed=607, unchanged=209, early_stops=8/8
26 - INFO - chord#: 140 In build_straw_man_chord_sa. tolerance = 1, sa_iterations = 1000, initial_temperature = 3.0, cooling_rate = 0.999
26 - INFO - chord#: 140 done. best_score=27.0, changed=523, unchanged=401, early_stops=8/8
26 - INFO - chord#: 142 In build_straw_man_chord_sa. tolerance = 1, sa_iterations = 1000, initial_temperature = 3.0, cooling_rate = 0.999
26 - INFO - chord#: 118 done. best_score=27.0, changed=527, unchanged=378, early_stops=8/8
26 - INFO - chord#: 120 In build_straw_man_chord_sa. tolerance = 1, sa_iterations = 1000, initial_temperature = 3.0, cooling_rate = 0.999
26 - INFO - chord#: 146 done. best_score=27.0, changed=524, unchanged=391, early_stops=8/8
26 - INFO - chord#: 147 In build_straw_man_chord_sa. tolerance = 1, sa_iterations = 1000, initial_temperature = 3.0, cooling_rate = 0.999
26 - INFO - chord#: 124 done. best_score=27.0, changed=519, unchanged=323, early_stops=8/8
26 - INFO - chord#: 130 In build_straw_man_chord_sa. tolerance = 1, sa_iterations = 1000, initial_temperature = 3.0, cooling_rate = 0.999
26 - INFO - chord#: 142 done. best_score=120.0, changed=615, unchanged=400, early_stops=8/8
26 - INFO - chord#: 144 In build_straw_man_chord_sa. tolerance = 1, sa_iterations = 1000, initial_temperature = 3.0, cooling_rate = 0.999
26 - INFO - chord#: 134 done. best_score=27.0, changed=526, unchanged=306, early_stops=8/8
26 - INFO - chord#: 136 In build_straw_man_chord_sa. tolerance = 1, sa_iterations = 1000, initial_temperature = 3.0, cooling_rate = 0.999
26 - INFO - chord#: 134 done. best_score=61.0, changed=541, unchanged=275, early_stops=8/8
26 - INFO - chord#: 136 In build_straw_man_chord_sa. tolerance = 1, sa_iterations = 1000, initial_temperature = 3.0, cooling_rate = 0.999
26 - INFO - chord#: 140 done. best_score=27.0, changed=516, unchanged=377, early_stops=8/8
26 - INFO - chord#: 142 In build_straw_man_chord_sa. tolerance = 1, sa_iterations = 1000, initial_temperature = 3.0, cooling_rate = 0.999
26 - INFO - chord#: 120 done. best_score=27.0, changed=519, unchanged=392, early_stops=8/8
26 - INFO - chord#: 124 In build_straw_man_chord_sa. tolerance = 1, sa_iterations = 1000, initial_temperature = 3.0, cooling_rate = 0.999
26 - INFO - chord#: 144 done. best_score=36.0, changed=520, unchanged=373, early_stops=8/8
26 - INFO - chord#: 146 In build_straw_man_chord_sa. tolerance = 1, sa_iterations = 1000, initial_temperature = 3.0, cooling_rate = 0.999
26 - INFO - chord#: 136 done. best_score=27.0, changed=512, unchanged=345, early_stops=8/8
26 - INFO - chord#: 138 In build_straw_man_chord_sa. tolerance = 1, sa_iterations = 1000, initial_temperature = 3.0, cooling_rate = 0.999
26 - INFO - chord#: 136 done. best_score=27.0, changed=521, unchanged=420, early_stops=8/8
26 - INFO - chord#: 138 In build_straw_man_chord_sa. tolerance = 1, sa_iterations = 1000, initial_temperature = 3.0, cooling_rate = 0.999
26 - INFO - chord#: 142 done. best_score=82.0, changed=611, unchanged=310, early_stops=8/8
26 - INFO - chord#: 144 In build_straw_man_chord_sa. tolerance = 1, sa_iterations = 1000, initial_temperature = 3.0, cooling_rate = 0.999
26 - INFO - chord#: 142 done. best_score=82.0, changed=617, unchanged=398, early_stops=8/8
26 - INFO - chord#: 144 In build_straw_man_chord_sa. tolerance = 1, sa_iterations = 1000, initial_temperature = 3.0, cooling_rate = 0.999
26 - INFO - chord#: 116 done. best_score=64.0, changed=618, unchanged=363, early_stops=8/8
26 - INFO - chord#: 118 In build_straw_man_chord_sa. tolerance = 1, sa_iterations = 1000, initial_temperature = 3.0, cooling_rate = 0.999
26 - INFO - chord#: 130 done. best_score=67.0, changed=609, unchanged=245, early_stops=8/8
26 - INFO - chord#: 132 In build_straw_man_chord_sa. tolerance = 1, sa_iterations = 1000, initial_temperature = 3.0, cooling_rate = 0.999
26 - INFO - chord#: 116 done. best_score=64.0, changed=618, unchanged=376, early_stops=8/8
26 - INFO - chord#: 118 In build_straw_man_chord_sa. tolerance = 1, sa_iterations = 1000, initial_temperature = 3.0, cooling_rate = 0.999
26 - INFO - chord#: 130 done. best_score=96.0, changed=606, unchanged=284, early_stops=8/8
26 - INFO - chord#: 132 In build_straw_man_chord_sa. tolerance = 1, sa_iterations = 1000, initial_temperature = 3.0, cooling_rate = 0.999
26 - INFO - chord#: 146 done. best_score=36.0, changed=523, unchanged=402, early_stops=8/8
26 - INFO - chord#: 147 In build_straw_man_chord_sa. tolerance = 1, sa_iterations = 1000, initial_temperature = 3.0, cooling_rate = 0.999
26 - INFO - chord#: 147 done. best_score=67.0, changed=617, unchanged=496, early_stops=8/8
26 - INFO - chord#: 148 In build_straw_man_chord_sa. tolerance = 1, sa_iterations = 1000, initial_temperature = 3.0, cooling_rate = 0.999
26 - INFO - chord#: 142 done. best_score=97.0, changed=609, unchanged=254, early_stops=8/8
26 - INFO - chord#: 144 In build_straw_man_chord_sa. tolerance = 1, sa_iterations = 1000, initial_temperature = 3.0, cooling_rate = 0.999
26 - INFO - chord#: 124 done. best_score=27.0, changed=522, unchanged=422, early_stops=8/8
26 - INFO - chord#: 130 In build_straw_man_chord_sa. tolerance = 1, sa_iterations = 1000, initial_temperature = 3.0, cooling_rate = 0.999
26 - INFO - chord#: 144 done. best_score=36.0, changed=524, unchanged=404, early_stops=8/8
26 - INFO - chord#: 146 In build_straw_man_chord_sa. tolerance = 1, sa_iterations = 1000, initial_temperature = 3.0, cooling_rate = 0.999
26 - INFO - chord#: 118 done. best_score=27.0, changed=531, unchanged=341, early_stops=8/8
26 - INFO - chord#: 120 In build_straw_man_chord_sa. tolerance = 1, sa_iterations = 1000, initial_temperature = 3.0, cooling_rate = 0.999
26 - INFO - chord#: 144 done. best_score=36.0, changed=525, unchanged=391, early_stops=8/8
26 - INFO - chord#: 146 In build_straw_man_chord_sa. tolerance = 1, sa_iterations = 1000, initial_temperature = 3.0, cooling_rate = 0.999
26 - INFO - chord#: 132 done. best_score=27.0, changed=518, unchanged=401, early_stops=8/8
26 - INFO - chord#: 134 In build_straw_man_chord_sa. tolerance = 1, sa_iterations = 1000, initial_temperature = 3.0, cooling_rate = 0.999
26 - INFO - chord#: 132 done. best_score=27.0, changed=526, unchanged=404, early_stops=8/8
26 - INFO - chord#: 134 In build_straw_man_chord_sa. tolerance = 1, sa_iterations = 1000, initial_temperature = 3.0, cooling_rate = 0.999
26 - INFO - chord#: 118 done. best_score=27.0, changed=536, unchanged=482, early_stops=8/8
26 - INFO - chord#: 120 In build_straw_man_chord_sa. tolerance = 1, sa_iterations = 1000, initial_temperature = 3.0, cooling_rate = 0.999
26 - INFO - chord#: 148 done. best_score=47.0, changed=526, unchanged=422, early_stops=8/8
26 - INFO - chord#: 150 In build_straw_man_chord_sa. tolerance = 1, sa_iterations = 1000, initial_temperature = 3.0, cooling_rate = 0.999
26 - INFO - chord#: 144 done. best_score=36.0, changed=525, unchanged=562, early_stops=8/8
26 - INFO - chord#: 146 In build_straw_man_chord_sa. tolerance = 1, sa_iterations = 1000, initial_temperature = 3.0, cooling_rate = 0.999
26 - INFO - chord#: 146 done. best_score=36.0, changed=525, unchanged=460, early_stops=8/8
26 - INFO - chord#: 147 In build_straw_man_chord_sa. tolerance = 1, sa_iterations = 1000, initial_temperature = 3.0, cooling_rate = 0.999
26 - INFO - chord#: 138 done. best_score=64.0, changed=608, unchanged=273, early_stops=8/8
26 - INFO - chord#: 140 In build_straw_man_chord_sa. tolerance = 1, sa_iterations = 1000, initial_temperature = 3.0, cooling_rate = 0.999
26 - INFO - chord#: 134 done. best_score=27.0, changed=544, unchanged=316, early_stops=8/8
26 - INFO - chord#: 136 In build_straw_man_chord_sa. tolerance = 1, sa_iterations = 1000, initial_temperature = 3.0, cooling_rate = 0.999
26 - INFO - chord#: 134 done. best_score=27.0, changed=525, unchanged=298, early_stops=8/8
26 - INFO - chord#: 136 In build_straw_man_chord_sa. tolerance = 1, sa_iterations = 1000, initial_temperature = 3.0, cooling_rate = 0.999
26 - INFO - chord#: 146 done. best_score=27.0, changed=518, unchanged=385, early_stops=8/8
26 - INFO - chord#: 147 In build_straw_man_chord_sa. tolerance = 1, sa_iterations = 1000, initial_temperature = 3.0, cooling_rate = 0.999
26 - INFO - chord#: 147 done. best_score=78.0, changed=608, unchanged=265, early_stops=8/8
26 - INFO - chord#: 148 In build_straw_man_chord_sa. tolerance = 1, sa_iterations = 1000, initial_temperature = 3.0, cooling_rate = 0.999
26 - INFO - chord#: 120 done. best_score=27.0, changed=520, unchanged=448, early_stops=8/8
26 - INFO - chord#: 124 In build_straw_man_chord_sa. tolerance = 1, sa_iterations = 1000, initial_temperature = 3.0, cooling_rate = 0.999
26 - INFO - chord#: 138 done. best_score=64.0, changed=615, unchanged=442, early_stops=8/8
26 - INFO - chord#: 140 In build_straw_man_chord_sa. tolerance = 1, sa_iterations = 1000, initial_temperature = 3.0, cooling_rate = 0.999
26 - INFO - chord#: 120 done. best_score=27.0, changed=511, unchanged=327, early_stops=8/8
26 - INFO - chord#: 124 In build_straw_man_chord_sa. tolerance = 1, sa_iterations = 1000, initial_temperature = 3.0, cooling_rate = 0.999
26 - INFO - chord#: 146 done. best_score=36.0, changed=528, unchanged=380, early_stops=8/8
26 - INFO - chord#: 147 In build_straw_man_chord_sa. tolerance = 1, sa_iterations = 1000, initial_temperature = 3.0, cooling_rate = 0.999
26 - INFO - chord#: 150 done. best_score=31.0, changed=519, unchanged=489, early_stops=8/8
26 - INFO - chord#: 151 In build_straw_man_chord_sa. tolerance = 1, sa_iterations = 1000, initial_temperature = 3.0, cooling_rate = 0.999
26 - INFO - chord#: 151 done. best_score=7.0, changed=491, unchanged=312, early_stops=8/8
26 - INFO - chord#: 152 In build_straw_man_chord_sa. tolerance = 1, sa_iterations = 1000, initial_temperature = 3.0, cooling_rate = 0.999
26 - INFO - chord#: 140 done. best_score=27.0, changed=524, unchanged=362, early_stops=8/8
26 - INFO - chord#: 142 In build_straw_man_chord_sa. tolerance = 1, sa_iterations = 1000, initial_temperature = 3.0, cooling_rate = 0.999
26 - INFO - chord#: 136 done. best_score=27.0, changed=524, unchanged=354, early_stops=8/8
26 - INFO - chord#: 138 In build_straw_man_chord_sa. tolerance = 1, sa_iterations = 1000, initial_temperature = 3.0, cooling_rate = 0.999
26 - INFO - chord#: 136 done. best_score=27.0, changed=530, unchanged=384, early_stops=8/8
26 - INFO - chord#: 138 In build_straw_man_chord_sa. tolerance = 1, sa_iterations = 1000, initial_temperature = 3.0, cooling_rate = 0.999
26 - INFO - chord#: 148 done. best_score=47.0, changed=527, unchanged=371, early_stops=8/8
26 - INFO - chord#: 150 In build_straw_man_chord_sa. tolerance = 1, sa_iterations = 1000, initial_temperature = 3.0, cooling_rate = 0.999
26 - INFO - chord#: 140 done. best_score=27.0, changed=524, unchanged=474, early_stops=8/8
26 - INFO - chord#: 142 In build_straw_man_chord_sa. tolerance = 1, sa_iterations = 1000, initial_temperature = 3.0, cooling_rate = 0.999
26 - INFO - chord#: 130 done. best_score=67.0, changed=613, unchanged=394, early_stops=8/8
26 - INFO - chord#: 132 In build_straw_man_chord_sa. tolerance = 1, sa_iterations = 1000, initial_temperature = 3.0, cooling_rate = 0.999
26 - INFO - chord#: 124 done. best_score=27.0, changed=526, unchanged=423, early_stops=8/8
26 - INFO - chord#: 130 In build_straw_man_chord_sa. tolerance = 1, sa_iterations = 1000, initial_temperature = 3.0, cooling_rate = 0.999
26 - INFO - chord#: 147 done. best_score=119.0, changed=611, unchanged=247, early_stops=8/8
26 - INFO - chord#: 148 In build_straw_man_chord_sa. tolerance = 1, sa_iterations = 1000, initial_temperature = 3.0, cooling_rate = 0.999
26 - INFO - chord#: 124 done. best_score=27.0, changed=525, unchanged=363, early_stops=8/8
26 - INFO - chord#: 130 In build_straw_man_chord_sa. tolerance = 1, sa_iterations = 1000, initial_temperature = 3.0, cooling_rate = 0.999
26 - INFO - chord#: 147 done. best_score=67.0, changed=610, unchanged=260, early_stops=8/8
26 - INFO - chord#: 148 In build_straw_man_chord_sa. tolerance = 1, sa_iterations = 1000, initial_temperature = 3.0, cooling_rate = 0.999
26 - INFO - chord#: 150 done. best_score=31.0, changed=528, unchanged=483, early_stops=8/8
26 - INFO - chord#: 151 In build_straw_man_chord_sa. tolerance = 1, sa_iterations = 1000, initial_temperature = 3.0, cooling_rate = 0.999
26 - INFO - chord#: 151 done. best_score=7.0, changed=504, unchanged=304, early_stops=8/8
26 - INFO - chord#: 152 In build_straw_man_chord_sa. tolerance = 1, sa_iterations = 1000, initial_temperature = 3.0, cooling_rate = 0.999
26 - INFO - chord#: 152 done. best_score=27.0, changed=522, unchanged=510, early_stops=8/8
26 - INFO - chord#: 154 In build_straw_man_chord_sa. tolerance = 1, sa_iterations = 1000, initial_temperature = 3.0, cooling_rate = 0.999
26 - INFO - chord#: 148 done. best_score=47.0, changed=530, unchanged=374, early_stops=8/8
26 - INFO - chord#: 150 In build_straw_man_chord_sa. tolerance = 1, sa_iterations = 1000, initial_temperature = 3.0, cooling_rate = 0.999
26 - INFO - chord#: 147 done. best_score=78.0, changed=613, unchanged=308, early_stops=8/8
26 - INFO - chord#: 148 In build_straw_man_chord_sa. tolerance = 1, sa_iterations = 1000, initial_temperature = 3.0, cooling_rate = 0.999
26 - INFO - chord#: 132 done. best_score=27.0, changed=524, unchanged=355, early_stops=8/8
26 - INFO - chord#: 134 In build_straw_man_chord_sa. tolerance = 1, sa_iterations = 1000, initial_temperature = 3.0, cooling_rate = 0.999
26 - INFO - chord#: 138 done. best_score=64.0, changed=610, unchanged=272, early_stops=8/8
26 - INFO - chord#: 140 In build_straw_man_chord_sa. tolerance = 1, sa_iterations = 1000, initial_temperature = 3.0, cooling_rate = 0.999
26 - INFO - chord#: 148 done. best_score=47.0, changed=524, unchanged=484, early_stops=8/8
26 - INFO - chord#: 150 In build_straw_man_chord_sa. tolerance = 1, sa_iterations = 1000, initial_temperature = 3.0, cooling_rate = 0.999
26 - INFO - chord#: 152 done. best_score=27.0, changed=520, unchanged=368, early_stops=8/8
26 - INFO - chord#: 154 In build_straw_man_chord_sa. tolerance = 1, sa_iterations = 1000, initial_temperature = 3.0, cooling_rate = 0.999
26 - INFO - chord#: 142 done. best_score=120.0, changed=612, unchanged=290, early_stops=8/8
26 - INFO - chord#: 144 In build_straw_man_chord_sa. tolerance = 1, sa_iterations = 1000, initial_temperature = 3.0, cooling_rate = 0.999
26 - INFO - chord#: 148 done. best_score=47.0, changed=529, unchanged=489, early_stops=8/8
26 - INFO - chord#: 150 In build_straw_man_chord_sa. tolerance = 1, sa_iterations = 1000, initial_temperature = 3.0, cooling_rate = 0.999
26 - INFO - chord#: 150 done. best_score=31.0, changed=521, unchanged=343, early_stops=8/8
26 - INFO - chord#: 151 In build_straw_man_chord_sa. tolerance = 1, sa_iterations = 1000, initial_temperature = 3.0, cooling_rate = 0.999
26 - INFO - chord#: 138 done. best_score=64.0, changed=619, unchanged=508, early_stops=8/8
26 - INFO - chord#: 140 In build_straw_man_chord_sa. tolerance = 1, sa_iterations = 1000, initial_temperature = 3.0, cooling_rate = 0.999
26 - INFO - chord#: 134 done. best_score=27.0, changed=522, unchanged=316, early_stops=8/8
26 - INFO - chord#: 136 In build_straw_man_chord_sa. tolerance = 1, sa_iterations = 1000, initial_temperature = 3.0, cooling_rate = 0.999
26 - INFO - chord#: 151 done. best_score=7.0, changed=495, unchanged=311, early_stops=8/8
26 - INFO - chord#: 152 In build_straw_man_chord_sa. tolerance = 1, sa_iterations = 1000, initial_temperature = 3.0, cooling_rate = 0.999
26 - INFO - chord#: 140 done. best_score=57.0, changed=520, unchanged=414, early_stops=8/8
26 - INFO - chord#: 142 In build_straw_man_chord_sa. tolerance = 1, sa_iterations = 1000, initial_temperature = 3.0, cooling_rate = 0.999
26 - INFO - chord#: 142 done. best_score=120.0, changed=608, unchanged=224, early_stops=8/8
26 - INFO - chord#: 144 In build_straw_man_chord_sa. tolerance = 1, sa_iterations = 1000, initial_temperature = 3.0, cooling_rate = 0.999
26 - INFO - chord#: 150 done. best_score=31.0, changed=534, unchanged=447, early_stops=8/8
26 - INFO - chord#: 151 In build_straw_man_chord_sa. tolerance = 1, sa_iterations = 1000, initial_temperature = 3.0, cooling_rate = 0.999
26 - INFO - chord#: 130 done. best_score=67.0, changed=608, unchanged=254, early_stops=8/8
26 - INFO - chord#: 132 In build_straw_man_chord_sa. tolerance = 1, sa_iterations = 1000, initial_temperature = 3.0, cooling_rate = 0.999
26 - INFO - chord#: 130 done. best_score=145.0, changed=612, unchanged=278, early_stops=8/8
26 - INFO - chord#: 132 In build_straw_man_chord_sa. tolerance = 1, sa_iterations = 1000, initial_temperature = 3.0, cooling_rate = 0.999
26 - INFO - chord#: 151 done. best_score=7.0, changed=518, unchanged=314, early_stops=8/8
26 - INFO - chord#: 152 In build_straw_man_chord_sa. tolerance = 1, sa_iterations = 1000, initial_temperature = 3.0, cooling_rate = 0.999
26 - INFO - chord#: 150 done. best_score=31.0, changed=521, unchanged=361, early_stops=8/8
26 - INFO - chord#: 151 In build_straw_man_chord_sa. tolerance = 1, sa_iterations = 1000, initial_temperature = 3.0, cooling_rate = 0.999
26 - INFO - chord#: 140 done. best_score=27.0, changed=514, unchanged=291, early_stops=8/8
26 - INFO - chord#: 142 In build_straw_man_chord_sa. tolerance = 1, sa_iterations = 1000, initial_temperature = 3.0, cooling_rate = 0.999
26 - INFO - chord#: 144 done. best_score=36.0, changed=518, unchanged=398, early_stops=8/8
26 - INFO - chord#: 146 In build_straw_man_chord_sa. tolerance = 1, sa_iterations = 1000, initial_temperature = 3.0, cooling_rate = 0.999
26 - INFO - chord#: 151 done. best_score=7.0, changed=503, unchanged=313, early_stops=8/8
26 - INFO - chord#: 152 In build_straw_man_chord_sa. tolerance = 1, sa_iterations = 1000, initial_temperature = 3.0, cooling_rate = 0.999
26 - INFO - chord#: 154 done. best_score=140.0, changed=617, unchanged=320, early_stops=8/8
26 - INFO - chord#: 156 In build_straw_man_chord_sa. tolerance = 1, sa_iterations = 1000, initial_temperature = 3.0, cooling_rate = 0.999
26 - INFO - chord#: 152 done. best_score=27.0, changed=522, unchanged=453, early_stops=8/8
26 - INFO - chord#: 154 In build_straw_man_chord_sa. tolerance = 1, sa_iterations = 1000, initial_temperature = 3.0, cooling_rate = 0.999
26 - INFO - chord#: 132 done. best_score=27.0, changed=532, unchanged=352, early_stops=8/8
26 - INFO - chord#: 134 In build_straw_man_chord_sa. tolerance = 1, sa_iterations = 1000, initial_temperature = 3.0, cooling_rate = 0.999
26 - INFO - chord#: 136 done. best_score=27.0, changed=522, unchanged=369, early_stops=8/8
26 - INFO - chord#: 138 In build_straw_man_chord_sa. tolerance = 1, sa_iterations = 1000, initial_temperature = 3.0, cooling_rate = 0.999
26 - INFO - chord#: 132 done. best_score=27.0, changed=517, unchanged=345, early_stops=8/8
26 - INFO - chord#: 134 In build_straw_man_chord_sa. tolerance = 1, sa_iterations = 1000, initial_temperature = 3.0, cooling_rate = 0.999
26 - INFO - chord#: 144 done. best_score=36.0, changed=524, unchanged=457, early_stops=8/8
26 - INFO - chord#: 146 In build_straw_man_chord_sa. tolerance = 1, sa_iterations = 1000, initial_temperature = 3.0, cooling_rate = 0.999
26 - INFO - chord#: 152 done. best_score=27.0, changed=523, unchanged=465, early_stops=8/8
26 - INFO - chord#: 154 In build_straw_man_chord_sa. tolerance = 1, sa_iterations = 1000, initial_temperature = 3.0, cooling_rate = 0.999
26 - INFO - chord#: 154 done. best_score=64.0, changed=610, unchanged=234, early_stops=8/8
26 - INFO - chord#: 156 In build_straw_man_chord_sa. tolerance = 1, sa_iterations = 1000, initial_temperature = 3.0, cooling_rate = 0.999
26 - INFO - chord#: 152 done. best_score=27.0, changed=520, unchanged=404, early_stops=8/8
26 - INFO - chord#: 154 In build_straw_man_chord_sa. tolerance = 1, sa_iterations = 1000, initial_temperature = 3.0, cooling_rate = 0.999
26 - INFO - chord#: 142 done. best_score=104.0, changed=611, unchanged=274, early_stops=8/8
26 - INFO - chord#: 144 In build_straw_man_chord_sa. tolerance = 1, sa_iterations = 1000, initial_temperature = 3.0, cooling_rate = 0.999
26 - INFO - chord#: 134 done. best_score=27.0, changed=527, unchanged=352, early_stops=8/8
26 - INFO - chord#: 136 In build_straw_man_chord_sa. tolerance = 1, sa_iterations = 1000, initial_temperature = 3.0, cooling_rate = 0.999
26 - INFO - chord#: 146 done. best_score=36.0, changed=519, unchanged=445, early_stops=8/8
26 - INFO - chord#: 147 In build_straw_man_chord_sa. tolerance = 1, sa_iterations = 1000, initial_temperature = 3.0, cooling_rate = 0.999
26 - INFO - chord#: 134 done. best_score=27.0, changed=518, unchanged=307, early_stops=8/8
26 - INFO - chord#: 136 In build_straw_man_chord_sa. tolerance = 1, sa_iterations = 1000, initial_temperature = 3.0, cooling_rate = 0.999
26 - INFO - chord#: 146 done. best_score=27.0, changed=512, unchanged=328, early_stops=8/8
26 - INFO - chord#: 147 In build_straw_man_chord_sa. tolerance = 1, sa_iterations = 1000, initial_temperature = 3.0, cooling_rate = 0.999
26 - INFO - chord#: 144 done. best_score=36.0, changed=516, unchanged=330, early_stops=8/8
26 - INFO - chord#: 146 In build_straw_man_chord_sa. tolerance = 1, sa_iterations = 1000, initial_temperature = 3.0, cooling_rate = 0.999
26 - INFO - chord#: 136 done. best_score=27.0, changed=536, unchanged=485, early_stops=8/8
26 - INFO - chord#: 138 In build_straw_man_chord_sa. tolerance = 1, sa_iterations = 1000, initial_temperature = 3.0, cooling_rate = 0.999
26 - INFO - chord#: 142 done. best_score=82.0, changed=612, unchanged=294, early_stops=8/8
26 - INFO - chord#: 144 In build_straw_man_chord_sa. tolerance = 1, sa_iterations = 1000, initial_temperature = 3.0, cooling_rate = 0.999
26 - INFO - chord#: 154 done. best_score=146.0, changed=612, unchanged=364, early_stops=8/8
26 - INFO - chord#: 156 In build_straw_man_chord_sa. tolerance = 1, sa_iterations = 1000, initial_temperature = 3.0, cooling_rate = 0.999
26 - INFO - chord#: 136 done. best_score=27.0, changed=523, unchanged=320, early_stops=8/8
26 - INFO - chord#: 138 In build_straw_man_chord_sa. tolerance = 1, sa_iterations = 1000, initial_temperature = 3.0, cooling_rate = 0.999
26 - INFO - chord#: 146 done. best_score=36.0, changed=535, unchanged=468, early_stops=8/8
26 - INFO - chord#: 147 In build_straw_man_chord_sa. tolerance = 1, sa_iterations = 1000, initial_temperature = 3.0, cooling_rate = 0.999
26 - INFO - chord#: 156 done. best_score=67.0, changed=617, unchanged=508, early_stops=8/8
26 - INFO - chord#: 158 In build_straw_man_chord_sa. tolerance = 1, sa_iterations = 1000, initial_temperature = 3.0, cooling_rate = 0.999
26 - INFO - chord#: 154 done. best_score=104.0, changed=608, unchanged=268, early_stops=8/8
26 - INFO - chord#: 156 In build_straw_man_chord_sa. tolerance = 1, sa_iterations = 1000, initial_temperature = 3.0, cooling_rate = 0.999
26 - INFO - chord#: 154 done. best_score=64.0, changed=620, unchanged=454, early_stops=8/8
26 - INFO - chord#: 156 In build_straw_man_chord_sa. tolerance = 1, sa_iterations = 1000, initial_temperature = 3.0, cooling_rate = 0.999
26 - INFO - chord#: 138 done. best_score=64.0, changed=611, unchanged=497, early_stops=8/8
26 - INFO - chord#: 140 In build_straw_man_chord_sa. tolerance = 1, sa_iterations = 1000, initial_temperature = 3.0, cooling_rate = 0.999
26 - INFO - chord#: 156 done. best_score=67.0, changed=621, unchanged=258, early_stops=8/8
26 - INFO - chord#: 144 done. best_score=36.0, changed=522, unchanged=364, early_stops=8/8
26 - INFO - chord#: 158 In build_straw_man_chord_sa. tolerance = 1, sa_iterations = 1000, initial_temperature = 3.0, cooling_rate = 0.999
26 - INFO - chord#: 146 In build_straw_man_chord_sa. tolerance = 1, sa_iterations = 1000, initial_temperature = 3.0, cooling_rate = 0.999
26 - INFO - chord#: 147 done. best_score=167.0, changed=611, unchanged=252, early_stops=8/8
26 - INFO - chord#: 148 In build_straw_man_chord_sa. tolerance = 1, sa_iterations = 1000, initial_temperature = 3.0, cooling_rate = 0.999
26 - INFO - chord#: 147 done. best_score=137.0, changed=608, unchanged=458, early_stops=8/8
26 - INFO - chord#: 148 In build_straw_man_chord_sa. tolerance = 1, sa_iterations = 1000, initial_temperature = 3.0, cooling_rate = 0.999
26 - INFO - chord#: 138 done. best_score=64.0, changed=610, unchanged=279, early_stops=8/8
26 - INFO - chord#: 140 In build_straw_man_chord_sa. tolerance = 1, sa_iterations = 1000, initial_temperature = 3.0, cooling_rate = 0.999
26 - INFO - chord#: 140 done. best_score=27.0, changed=520, unchanged=355, early_stops=8/8
26 - INFO - chord#: 142 In build_straw_man_chord_sa. tolerance = 1, sa_iterations = 1000, initial_temperature = 3.0, cooling_rate = 0.999
26 - INFO - chord#: 147 done. best_score=78.0, changed=609, unchanged=279, early_stops=8/8
26 - INFO - chord#: 148 In build_straw_man_chord_sa. tolerance = 1, sa_iterations = 1000, initial_temperature = 3.0, cooling_rate = 0.999
26 - INFO - chord#: 146 done. best_score=36.0, changed=519, unchanged=398, early_stops=8/8
26 - INFO - chord#: 147 In build_straw_man_chord_sa. tolerance = 1, sa_iterations = 1000, initial_temperature = 3.0, cooling_rate = 0.999
26 - INFO - chord#: 156 done. best_score=67.0, changed=608, unchanged=379, early_stops=8/8
26 - INFO - chord#: 158 In build_straw_man_chord_sa. tolerance = 1, sa_iterations = 1000, initial_temperature = 3.0, cooling_rate = 0.999
26 - INFO - chord#: 158 done. best_score=142.0, changed=613, unchanged=370, early_stops=8/8
26 - INFO - chord#: 160 In build_straw_man_chord_sa. tolerance = 1, sa_iterations = 1000, initial_temperature = 3.0, cooling_rate = 0.999
26 - INFO - chord#: 148 done. best_score=47.0, changed=515, unchanged=354, early_stops=8/8
26 - INFO - chord#: 150 In build_straw_man_chord_sa. tolerance = 1, sa_iterations = 1000, initial_temperature = 3.0, cooling_rate = 0.999
26 - INFO - chord#: 140 done. best_score=27.0, changed=519, unchanged=378, early_stops=8/8
26 - INFO - chord#: 142 In build_straw_man_chord_sa. tolerance = 1, sa_iterations = 1000, initial_temperature = 3.0, cooling_rate = 0.999
26 - INFO - chord#: 138 done. best_score=64.0, changed=610, unchanged=311, early_stops=8/8
26 - INFO - chord#: 140 In build_straw_man_chord_sa. tolerance = 1, sa_iterations = 1000, initial_temperature = 3.0, cooling_rate = 0.999
26 - INFO - chord#: 148 done. best_score=47.0, changed=535, unchanged=441, early_stops=8/8
26 - INFO - chord#: 150 In build_straw_man_chord_sa. tolerance = 1, sa_iterations = 1000, initial_temperature = 3.0, cooling_rate = 0.999
26 - INFO - chord#: 156 done. best_score=145.0, changed=610, unchanged=295, early_stops=8/8
26 - INFO - chord#: 158 In build_straw_man_chord_sa. tolerance = 1, sa_iterations = 1000, initial_temperature = 3.0, cooling_rate = 0.999
26 - INFO - chord#: 148 done. best_score=47.0, changed=525, unchanged=423, early_stops=8/8
26 - INFO - chord#: 150 In build_straw_man_chord_sa. tolerance = 1, sa_iterations = 1000, initial_temperature = 3.0, cooling_rate = 0.999
26 - INFO - chord#: 156 done. best_score=67.0, changed=617, unchanged=486, early_stops=8/8
26 - INFO - chord#: 158 In build_straw_man_chord_sa. tolerance = 1, sa_iterations = 1000, initial_temperature = 3.0, cooling_rate = 0.999
26 - INFO - chord#: 140 done. best_score=27.0, changed=515, unchanged=334, early_stops=8/8
26 - INFO - chord#: 142 In build_straw_man_chord_sa. tolerance = 1, sa_iterations = 1000, initial_temperature = 3.0, cooling_rate = 0.999
26 - INFO - chord#: 158 done. best_score=142.0, changed=621, unchanged=285, early_stops=8/8
26 - INFO - chord#: 160 In build_straw_man_chord_sa. tolerance = 1, sa_iterations = 1000, initial_temperature = 3.0, cooling_rate = 0.999
26 - INFO - chord#: 150 done. best_score=31.0, changed=520, unchanged=382, early_stops=8/8
26 - INFO - chord#: 151 In build_straw_man_chord_sa. tolerance = 1, sa_iterations = 1000, initial_temperature = 3.0, cooling_rate = 0.999
26 - INFO - chord#: 150 done. best_score=31.0, changed=519, unchanged=375, early_stops=8/8
26 - INFO - chord#: 151 In build_straw_man_chord_sa. tolerance = 1, sa_iterations = 1000, initial_temperature = 3.0, cooling_rate = 0.999
26 - INFO - chord#: 150 done. best_score=31.0, changed=517, unchanged=379, early_stops=8/8
26 - INFO - chord#: 151 In build_straw_man_chord_sa. tolerance = 1, sa_iterations = 1000, initial_temperature = 3.0, cooling_rate = 0.999
26 - INFO - chord#: 151 done. best_score=7.0, changed=522, unchanged=294, early_stops=8/8
26 - INFO - chord#: 152 In build_straw_man_chord_sa. tolerance = 1, sa_iterations = 1000, initial_temperature = 3.0, cooling_rate = 0.999
26 - INFO - chord#: 158 done. best_score=140.0, changed=610, unchanged=212, early_stops=8/8
26 - INFO - chord#: 160 In build_straw_man_chord_sa. tolerance = 1, sa_iterations = 1000, initial_temperature = 3.0, cooling_rate = 0.999
26 - INFO - chord#: 151 done. best_score=7.0, changed=501, unchanged=316, early_stops=8/8
26 - INFO - chord#: 152 In build_straw_man_chord_sa. tolerance = 1, sa_iterations = 1000, initial_temperature = 3.0, cooling_rate = 0.999
26 - INFO - chord#: 151 done. best_score=7.0, changed=504, unchanged=311, early_stops=8/8
26 - INFO - chord#: 152 In build_straw_man_chord_sa. tolerance = 1, sa_iterations = 1000, initial_temperature = 3.0, cooling_rate = 0.999
26 - INFO - chord#: 160 done. best_score=124.0, changed=612, unchanged=252, early_stops=8/8
26 - INFO - chord#: 162 In build_straw_man_chord_sa. tolerance = 1, sa_iterations = 1000, initial_temperature = 3.0, cooling_rate = 0.999
26 - INFO - chord#: 142 done. best_score=82.0, changed=610, unchanged=253, early_stops=8/8
26 - INFO - chord#: 144 In build_straw_man_chord_sa. tolerance = 1, sa_iterations = 1000, initial_temperature = 3.0, cooling_rate = 0.999
26 - INFO - chord#: 142 done. best_score=120.0, changed=612, unchanged=275, early_stops=8/8
26 - INFO - chord#: 144 In build_straw_man_chord_sa. tolerance = 1, sa_iterations = 1000, initial_temperature = 3.0, cooling_rate = 0.999
26 - INFO - chord#: 147 done. best_score=160.0, changed=608, unchanged=293, early_stops=8/8
26 - INFO - chord#: 148 In build_straw_man_chord_sa. tolerance = 1, sa_iterations = 1000, initial_temperature = 3.0, cooling_rate = 0.999
26 - INFO - chord#: 158 done. best_score=142.0, changed=621, unchanged=332, early_stops=8/8
26 - INFO - chord#: 160 In build_straw_man_chord_sa. tolerance = 1, sa_iterations = 1000, initial_temperature = 3.0, cooling_rate = 0.999
26 - INFO - chord#: 162 done. best_score=27.0, changed=523, unchanged=337, early_stops=8/8
26 - INFO - chord#: 164 In build_straw_man_chord_sa. tolerance = 1, sa_iterations = 1000, initial_temperature = 3.0, cooling_rate = 0.999
26 - INFO - chord#: 152 done. best_score=27.0, changed=520, unchanged=466, early_stops=8/8
26 - INFO - chord#: 154 In build_straw_man_chord_sa. tolerance = 1, sa_iterations = 1000, initial_temperature = 3.0, cooling_rate = 0.999
26 - INFO - chord#: 158 done. best_score=140.0, changed=610, unchanged=287, early_stops=8/8
26 - INFO - chord#: 160 In build_straw_man_chord_sa. tolerance = 1, sa_iterations = 1000, initial_temperature = 3.0, cooling_rate = 0.999
26 - INFO - chord#: 152 done. best_score=27.0, changed=523, unchanged=497, early_stops=8/8
26 - INFO - chord#: 154 In build_straw_man_chord_sa. tolerance = 1, sa_iterations = 1000, initial_temperature = 3.0, cooling_rate = 0.999
26 - INFO - chord#: 148 done. best_score=47.0, changed=519, unchanged=355, early_stops=8/8
26 - INFO - chord#: 150 In build_straw_man_chord_sa. tolerance = 1, sa_iterations = 1000, initial_temperature = 3.0, cooling_rate = 0.999
26 - INFO - chord#: 152 done. best_score=27.0, changed=531, unchanged=479, early_stops=8/8
26 - INFO - chord#: 154 In build_straw_man_chord_sa. tolerance = 1, sa_iterations = 1000, initial_temperature = 3.0, cooling_rate = 0.999
26 - INFO - chord#: 144 done. best_score=36.0, changed=530, unchanged=377, early_stops=8/8
26 - INFO - chord#: 146 In build_straw_man_chord_sa. tolerance = 1, sa_iterations = 1000, initial_temperature = 3.0, cooling_rate = 0.999
26 - INFO - chord#: 144 done. best_score=36.0, changed=521, unchanged=384, early_stops=8/8
26 - INFO - chord#: 146 In build_straw_man_chord_sa. tolerance = 1, sa_iterations = 1000, initial_temperature = 3.0, cooling_rate = 0.999
26 - INFO - chord#: 142 done. best_score=82.0, changed=615, unchanged=330, early_stops=8/8
26 - INFO - chord#: 144 In build_straw_man_chord_sa. tolerance = 1, sa_iterations = 1000, initial_temperature = 3.0, cooling_rate = 0.999
26 - INFO - chord#: 160 done. best_score=120.0, changed=612, unchanged=347, early_stops=8/8
26 - INFO - chord#: 162 In build_straw_man_chord_sa. tolerance = 1, sa_iterations = 1000, initial_temperature = 3.0, cooling_rate = 0.999
26 - INFO - chord#: 146 done. best_score=36.0, changed=538, unchanged=367, early_stops=8/8
26 - INFO - chord#: 147 In build_straw_man_chord_sa. tolerance = 1, sa_iterations = 1000, initial_temperature = 3.0, cooling_rate = 0.999
26 - INFO - chord#: 150 done. best_score=31.0, changed=521, unchanged=411, early_stops=8/8
26 - INFO - chord#: 151 In build_straw_man_chord_sa. tolerance = 1, sa_iterations = 1000, initial_temperature = 3.0, cooling_rate = 0.999
26 - INFO - chord#: 151 done. best_score=7.0, changed=502, unchanged=307, early_stops=8/8
26 - INFO - chord#: 152 In build_straw_man_chord_sa. tolerance = 1, sa_iterations = 1000, initial_temperature = 3.0, cooling_rate = 0.999
26 - INFO - chord#: 146 done. best_score=36.0, changed=519, unchanged=408, early_stops=8/8
26 - INFO - chord#: 147 In build_straw_man_chord_sa. tolerance = 1, sa_iterations = 1000, initial_temperature = 3.0, cooling_rate = 0.999
26 - INFO - chord#: 160 done. best_score=120.0, changed=613, unchanged=324, early_stops=8/8
26 - INFO - chord#: 162 In build_straw_man_chord_sa. tolerance = 1, sa_iterations = 1000, initial_temperature = 3.0, cooling_rate = 0.999
26 - INFO - chord#: 160 done. best_score=82.0, changed=613, unchanged=295, early_stops=8/8
26 - INFO - chord#: 162 In build_straw_man_chord_sa. tolerance = 1, sa_iterations = 1000, initial_temperature = 3.0, cooling_rate = 0.999
26 - INFO - chord#: 154 done. best_score=146.0, changed=613, unchanged=219, early_stops=8/8
26 - INFO - chord#: 156 In build_straw_man_chord_sa. tolerance = 1, sa_iterations = 1000, initial_temperature = 3.0, cooling_rate = 0.999
26 - INFO - chord#: 162 done. best_score=27.0, changed=512, unchanged=293, early_stops=8/8
26 - INFO - chord#: 164 In build_straw_man_chord_sa. tolerance = 1, sa_iterations = 1000, initial_temperature = 3.0, cooling_rate = 0.999
26 - INFO - chord#: 164 done. best_score=78.0, changed=616, unchanged=432, early_stops=8/8
26 - INFO - chord#: 168 In build_straw_man_chord_sa. tolerance = 1, sa_iterations = 1000, initial_temperature = 3.0, cooling_rate = 0.999
26 - INFO - chord#: 160 done. best_score=120.0, changed=612, unchanged=303, early_stops=8/8
26 - INFO - chord#: 162 In build_straw_man_chord_sa. tolerance = 1, sa_iterations = 1000, initial_temperature = 3.0, cooling_rate = 0.999
26 - INFO - chord#: 162 done. best_score=27.0, changed=527, unchanged=312, early_stops=8/8
26 - INFO - chord#: 164 In build_straw_man_chord_sa. tolerance = 1, sa_iterations = 1000, initial_temperature = 3.0, cooling_rate = 0.999
26 - INFO - chord#: 144 done. best_score=36.0, changed=528, unchanged=490, early_stops=8/8
26 - INFO - chord#: 146 In build_straw_man_chord_sa. tolerance = 1, sa_iterations = 1000, initial_temperature = 3.0, cooling_rate = 0.999
26 - INFO - chord#: 152 done. best_score=27.0, changed=520, unchanged=456, early_stops=8/8
26 - INFO - chord#: 154 In build_straw_man_chord_sa. tolerance = 1, sa_iterations = 1000, initial_temperature = 3.0, cooling_rate = 0.999
26 - INFO - chord#: 162 done. best_score=27.0, changed=527, unchanged=450, early_stops=8/8
26 - INFO - chord#: 164 In build_straw_man_chord_sa. tolerance = 1, sa_iterations = 1000, initial_temperature = 3.0, cooling_rate = 0.999
26 - INFO - chord#: 154 done. best_score=155.0, changed=607, unchanged=309, early_stops=8/8
26 - INFO - chord#: 156 In build_straw_man_chord_sa. tolerance = 1, sa_iterations = 1000, initial_temperature = 3.0, cooling_rate = 0.999
26 - INFO - chord#: 147 done. best_score=78.0, changed=607, unchanged=268, early_stops=8/8
26 - INFO - chord#: 148 In build_straw_man_chord_sa. tolerance = 1, sa_iterations = 1000, initial_temperature = 3.0, cooling_rate = 0.999
26 - INFO - chord#: 162 done. best_score=27.0, changed=529, unchanged=331, early_stops=8/8
26 - INFO - chord#: 164 In build_straw_man_chord_sa. tolerance = 1, sa_iterations = 1000, initial_temperature = 3.0, cooling_rate = 0.999
26 - INFO - chord#: 168 done. best_score=27.0, changed=524, unchanged=449, early_stops=8/8
26 - INFO - chord#: 170 In build_straw_man_chord_sa. tolerance = 1, sa_iterations = 1000, initial_temperature = 3.0, cooling_rate = 0.999
26 - INFO - chord#: 146 done. best_score=36.0, changed=524, unchanged=362, early_stops=8/8
26 - INFO - chord#: 147 In build_straw_man_chord_sa. tolerance = 1, sa_iterations = 1000, initial_temperature = 3.0, cooling_rate = 0.999
26 - INFO - chord#: 154 done. best_score=64.0, changed=615, unchanged=425, early_stops=8/8
26 - INFO - chord#: 156 In build_straw_man_chord_sa. tolerance = 1, sa_iterations = 1000, initial_temperature = 3.0, cooling_rate = 0.999
26 - INFO - chord#: 148 done. best_score=47.0, changed=519, unchanged=352, early_stops=8/8
26 - INFO - chord#: 150 In build_straw_man_chord_sa. tolerance = 1, sa_iterations = 1000, initial_temperature = 3.0, cooling_rate = 0.999
26 - INFO - chord#: 147 done. best_score=78.0, changed=609, unchanged=304, early_stops=8/8
26 - INFO - chord#: 148 In build_straw_man_chord_sa. tolerance = 1, sa_iterations = 1000, initial_temperature = 3.0, cooling_rate = 0.999
26 - INFO - chord#: 164 done. best_score=140.0, changed=606, unchanged=292, early_stops=8/8
26 - INFO - chord#: 168 In build_straw_man_chord_sa. tolerance = 1, sa_iterations = 1000, initial_temperature = 3.0, cooling_rate = 0.999
26 - INFO - chord#: 156 done. best_score=67.0, changed=614, unchanged=374, early_stops=8/8
26 - INFO - chord#: 158 In build_straw_man_chord_sa. tolerance = 1, sa_iterations = 1000, initial_temperature = 3.0, cooling_rate = 0.999
26 - INFO - chord#: 150 done. best_score=31.0, changed=534, unchanged=465, early_stops=8/8
26 - INFO - chord#: 151 In build_straw_man_chord_sa. tolerance = 1, sa_iterations = 1000, initial_temperature = 3.0, cooling_rate = 0.999
26 - INFO - chord#: 164 done. best_score=67.0, changed=615, unchanged=368, early_stops=8/8
26 - INFO - chord#: 168 In build_straw_man_chord_sa. tolerance = 1, sa_iterations = 1000, initial_temperature = 3.0, cooling_rate = 0.999
26 - INFO - chord#: 154 done. best_score=64.0, changed=617, unchanged=400, early_stops=8/8
26 - INFO - chord#: 156 In build_straw_man_chord_sa. tolerance = 1, sa_iterations = 1000, initial_temperature = 3.0, cooling_rate = 0.999
26 - INFO - chord#: 148 done. best_score=84.0, changed=535, unchanged=400, early_stops=8/8
26 - INFO - chord#: 150 In build_straw_man_chord_sa. tolerance = 1, sa_iterations = 1000, initial_temperature = 3.0, cooling_rate = 0.999
26 - INFO - chord#: 151 done. best_score=7.0, changed=507, unchanged=307, early_stops=8/8
26 - INFO - chord#: 152 In build_straw_man_chord_sa. tolerance = 1, sa_iterations = 1000, initial_temperature = 3.0, cooling_rate = 0.999
26 - INFO - chord#: 170 done. best_score=78.0, changed=605, unchanged=251, early_stops=8/8
26 - INFO - chord#: 172 In build_straw_man_chord_sa. tolerance = 1, sa_iterations = 1000, initial_temperature = 3.0, cooling_rate = 0.999
26 - INFO - chord#: 168 done. best_score=27.0, changed=521, unchanged=461, early_stops=8/8
26 - INFO - chord#: 170 In build_straw_man_chord_sa. tolerance = 1, sa_iterations = 1000, initial_temperature = 3.0, cooling_rate = 0.999
26 - INFO - chord#: 156 done. best_score=67.0, changed=613, unchanged=269, early_stops=8/8
26 - INFO - chord#: 158 In build_straw_man_chord_sa. tolerance = 1, sa_iterations = 1000, initial_temperature = 3.0, cooling_rate = 0.999
26 - INFO - chord#: 164 done. best_score=67.0, changed=612, unchanged=425, early_stops=8/8
26 - INFO - chord#: 168 In build_straw_man_chord_sa. tolerance = 1, sa_iterations = 1000, initial_temperature = 3.0, cooling_rate = 0.999
26 - INFO - chord#: 147 done. best_score=167.0, changed=608, unchanged=251, early_stops=8/8
26 - INFO - chord#: 148 In build_straw_man_chord_sa. tolerance = 1, sa_iterations = 1000, initial_temperature = 3.0, cooling_rate = 0.999
26 - INFO - chord#: 172 done. best_score=27.0, changed=518, unchanged=386, early_stops=8/8
26 - INFO - chord#: 168 done. best_score=27.0, changed=515, unchanged=350, early_stops=8/8
26 - INFO - chord#: 170 In build_straw_man_chord_sa. tolerance = 1, sa_iterations = 1000, initial_temperature = 3.0, cooling_rate = 0.999
26 - INFO - chord#: 164 done. best_score=78.0, changed=617, unchanged=623, early_stops=8/8
26 - INFO - chord#: 168 In build_straw_man_chord_sa. tolerance = 1, sa_iterations = 1000, initial_temperature = 3.0, cooling_rate = 0.999
26 - INFO - chord#: 152 done. best_score=27.0, changed=517, unchanged=528, early_stops=8/8
26 - INFO - chord#: 154 In build_straw_man_chord_sa. tolerance = 1, sa_iterations = 1000, initial_temperature = 3.0, cooling_rate = 0.999
26 - INFO - chord#: 150 done. best_score=31.0, changed=524, unchanged=319, early_stops=8/8
26 - INFO - chord#: 151 In build_straw_man_chord_sa. tolerance = 1, sa_iterations = 1000, initial_temperature = 3.0, cooling_rate = 0.999
26 - INFO - chord#: 151 done. best_score=7.0, changed=511, unchanged=309, early_stops=8/8
26 - INFO - chord#: 152 In build_straw_man_chord_sa. tolerance = 1, sa_iterations = 1000, initial_temperature = 3.0, cooling_rate = 0.999
26 - INFO - chord#: 156 done. best_score=157.0, changed=611, unchanged=333, early_stops=8/8
26 - INFO - chord#: 158 In build_straw_man_chord_sa. tolerance = 1, sa_iterations = 1000, initial_temperature = 3.0, cooling_rate = 0.999
26 - INFO - chord#: 158 done. best_score=142.0, changed=615, unchanged=342, early_stops=8/8
26 - INFO - chord#: 160 In build_straw_man_chord_sa. tolerance = 1, sa_iterations = 1000, initial_temperature = 3.0, cooling_rate = 0.999
26 - INFO - chord#: 168 done. best_score=27.0, changed=522, unchanged=402, early_stops=8/8
26 - INFO - chord#: 170 In build_straw_man_chord_sa. tolerance = 1, sa_iterations = 1000, initial_temperature = 3.0, cooling_rate = 0.999
26 - INFO - chord#: 148 done. best_score=47.0, changed=519, unchanged=436, early_stops=8/8
26 - INFO - chord#: 150 In build_straw_man_chord_sa. tolerance = 1, sa_iterations = 1000, initial_temperature = 3.0, cooling_rate = 0.999
26 - INFO - chord#: 168 done. best_score=27.0, changed=516, unchanged=493, early_stops=8/8
26 - INFO - chord#: 170 In build_straw_man_chord_sa. tolerance = 1, sa_iterations = 1000, initial_temperature = 3.0, cooling_rate = 0.999
26 - INFO - chord#: 156 done. best_score=145.0, changed=614, unchanged=397, early_stops=8/8
26 - INFO - chord#: 158 In build_straw_man_chord_sa. tolerance = 1, sa_iterations = 1000, initial_temperature = 3.0, cooling_rate = 0.999
26 - INFO - chord#: 152 done. best_score=27.0, changed=523, unchanged=398, early_stops=8/8
26 - INFO - chord#: 154 In build_straw_man_chord_sa. tolerance = 1, sa_iterations = 1000, initial_temperature = 3.0, cooling_rate = 0.999
26 - INFO - chord#: 170 done. best_score=67.0, changed=615, unchanged=472, early_stops=8/8
26 - INFO - chord#: 172 In build_straw_man_chord_sa. tolerance = 1, sa_iterations = 1000, initial_temperature = 3.0, cooling_rate = 0.999
26 - INFO - chord#: 154 done. best_score=64.0, changed=610, unchanged=253, early_stops=8/8
26 - INFO - chord#: 156 In build_straw_man_chord_sa. tolerance = 1, sa_iterations = 1000, initial_temperature = 3.0, cooling_rate = 0.999
26 - INFO - chord#: 150 done. best_score=31.0, changed=519, unchanged=489, early_stops=8/8
26 - INFO - chord#: 151 In build_straw_man_chord_sa. tolerance = 1, sa_iterations = 1000, initial_temperature = 3.0, cooling_rate = 0.999
26 - INFO - chord#: 158 done. best_score=140.0, changed=613, unchanged=389, early_stops=8/8
26 - INFO - chord#: 160 In build_straw_man_chord_sa. tolerance = 1, sa_iterations = 1000, initial_temperature = 3.0, cooling_rate = 0.999
26 - INFO - chord#: 170 done. best_score=67.0, changed=609, unchanged=249, early_stops=8/8
26 - INFO - chord#: 172 In build_straw_man_chord_sa. tolerance = 1, sa_iterations = 1000, initial_temperature = 3.0, cooling_rate = 0.999
26 - INFO - chord#: 151 done. best_score=7.0, changed=491, unchanged=330, early_stops=8/8
26 - INFO - chord#: 152 In build_straw_man_chord_sa. tolerance = 1, sa_iterations = 1000, initial_temperature = 3.0, cooling_rate = 0.999
26 - INFO - chord#: 160 done. best_score=146.0, changed=608, unchanged=304, early_stops=8/8
26 - INFO - chord#: 162 In build_straw_man_chord_sa. tolerance = 1, sa_iterations = 1000, initial_temperature = 3.0, cooling_rate = 0.999
26 - INFO - chord#: 172 done. best_score=27.0, changed=520, unchanged=412, early_stops=8/8
26 - INFO - chord#: 158 done. best_score=142.0, changed=612, unchanged=241, early_stops=8/8
26 - INFO - chord#: 160 In build_straw_man_chord_sa. tolerance = 1, sa_iterations = 1000, initial_temperature = 3.0, cooling_rate = 0.999
26 - INFO - chord#: 170 done. best_score=96.0, changed=610, unchanged=313, early_stops=8/8
26 - INFO - chord#: 172 In build_straw_man_chord_sa. tolerance = 1, sa_iterations = 1000, initial_temperature = 3.0, cooling_rate = 0.999
26 - INFO - chord#: 158 done. best_score=142.0, changed=615, unchanged=249, early_stops=8/8
26 - INFO - chord#: 160 In build_straw_man_chord_sa. tolerance = 1, sa_iterations = 1000, initial_temperature = 3.0, cooling_rate = 0.999
26 - INFO - chord#: 172 done. best_score=27.0, changed=521, unchanged=363, early_stops=8/8
26 - INFO - chord#: 162 done. best_score=27.0, changed=527, unchanged=400, early_stops=8/8
26 - INFO - chord#: 164 In build_straw_man_chord_sa. tolerance = 1, sa_iterations = 1000, initial_temperature = 3.0, cooling_rate = 0.999
26 - INFO - chord#: 170 done. best_score=166.0, changed=618, unchanged=387, early_stops=8/8
26 - INFO - chord#: 172 In build_straw_man_chord_sa. tolerance = 1, sa_iterations = 1000, initial_temperature = 3.0, cooling_rate = 0.999
26 - INFO - chord#: 152 done. best_score=27.0, changed=512, unchanged=331, early_stops=8/8
26 - INFO - chord#: 154 In build_straw_man_chord_sa. tolerance = 1, sa_iterations = 1000, initial_temperature = 3.0, cooling_rate = 0.999
26 - INFO - chord#: 172 done. best_score=27.0, changed=524, unchanged=404, early_stops=8/8
26 - INFO - chord#: 172 done. best_score=27.0, changed=536, unchanged=406, early_stops=8/8
26 - INFO - chord#: 160 done. best_score=163.0, changed=614, unchanged=323, early_stops=8/8
26 - INFO - chord#: 162 In build_straw_man_chord_sa. tolerance = 1, sa_iterations = 1000, initial_temperature = 3.0, cooling_rate = 0.999
26 - INFO - chord#: 156 done. best_score=137.0, changed=618, unchanged=380, early_stops=8/8
26 - INFO - chord#: 158 In build_straw_man_chord_sa. tolerance = 1, sa_iterations = 1000, initial_temperature = 3.0, cooling_rate = 0.999
26 - INFO - chord#: 154 done. best_score=64.0, changed=611, unchanged=464, early_stops=8/8
26 - INFO - chord#: 156 In build_straw_man_chord_sa. tolerance = 1, sa_iterations = 1000, initial_temperature = 3.0, cooling_rate = 0.999
26 - INFO - chord#: 160 done. best_score=120.0, changed=618, unchanged=300, early_stops=8/8
26 - INFO - chord#: 162 In build_straw_man_chord_sa. tolerance = 1, sa_iterations = 1000, initial_temperature = 3.0, cooling_rate = 0.999
26 - INFO - chord#: 160 done. best_score=124.0, changed=611, unchanged=315, early_stops=8/8
26 - INFO - chord#: 162 In build_straw_man_chord_sa. tolerance = 1, sa_iterations = 1000, initial_temperature = 3.0, cooling_rate = 0.999
26 - INFO - chord#: 162 done. best_score=27.0, changed=536, unchanged=301, early_stops=8/8
26 - INFO - chord#: 164 In build_straw_man_chord_sa. tolerance = 1, sa_iterations = 1000, initial_temperature = 3.0, cooling_rate = 0.999
26 - INFO - chord#: 164 done. best_score=67.0, changed=612, unchanged=334, early_stops=8/8
26 - INFO - chord#: 168 In build_straw_man_chord_sa. tolerance = 1, sa_iterations = 1000, initial_temperature = 3.0, cooling_rate = 0.999
26 - INFO - chord#: 154 done. best_score=146.0, changed=610, unchanged=257, early_stops=8/8
26 - INFO - chord#: 156 In build_straw_man_chord_sa. tolerance = 1, sa_iterations = 1000, initial_temperature = 3.0, cooling_rate = 0.999
26 - INFO - chord#: 162 done. best_score=27.0, changed=525, unchanged=331, early_stops=8/8
26 - INFO - chord#: 164 In build_straw_man_chord_sa. tolerance = 1, sa_iterations = 1000, initial_temperature = 3.0, cooling_rate = 0.999
26 - INFO - chord#: 162 done. best_score=27.0, changed=519, unchanged=351, early_stops=8/8
26 - INFO - chord#: 164 In build_straw_man_chord_sa. tolerance = 1, sa_iterations = 1000, initial_temperature = 3.0, cooling_rate = 0.999
26 - INFO - chord#: 158 done. best_score=145.0, changed=608, unchanged=252, early_stops=8/8
26 - INFO - chord#: 160 In build_straw_man_chord_sa. tolerance = 1, sa_iterations = 1000, initial_temperature = 3.0, cooling_rate = 0.999
26 - INFO - chord#: 168 done. best_score=27.0, changed=519, unchanged=354, early_stops=8/8
26 - INFO - chord#: 170 In build_straw_man_chord_sa. tolerance = 1, sa_iterations = 1000, initial_temperature = 3.0, cooling_rate = 0.999
26 - INFO - chord#: 156 done. best_score=67.0, changed=621, unchanged=370, early_stops=8/8
26 - INFO - chord#: 158 In build_straw_man_chord_sa. tolerance = 1, sa_iterations = 1000, initial_temperature = 3.0, cooling_rate = 0.999
26 - INFO - chord#: 164 done. best_score=137.0, changed=610, unchanged=219, early_stops=8/8
26 - INFO - chord#: 168 In build_straw_man_chord_sa. tolerance = 1, sa_iterations = 1000, initial_temperature = 3.0, cooling_rate = 0.999
26 - INFO - chord#: 156 done. best_score=67.0, changed=610, unchanged=395, early_stops=8/8
26 - INFO - chord#: 158 In build_straw_man_chord_sa. tolerance = 1, sa_iterations = 1000, initial_temperature = 3.0, cooling_rate = 0.999
26 - INFO - chord#: 164 done. best_score=67.0, changed=611, unchanged=442, early_stops=8/8
26 - INFO - chord#: 168 In build_straw_man_chord_sa. tolerance = 1, sa_iterations = 1000, initial_temperature = 3.0, cooling_rate = 0.999
26 - INFO - chord#: 160 done. best_score=168.0, changed=609, unchanged=298, early_stops=8/8
26 - INFO - chord#: 162 In build_straw_man_chord_sa. tolerance = 1, sa_iterations = 1000, initial_temperature = 3.0, cooling_rate = 0.999
26 - INFO - chord#: 164 done. best_score=137.0, changed=614, unchanged=468, early_stops=8/8
26 - INFO - chord#: 168 In build_straw_man_chord_sa. tolerance = 1, sa_iterations = 1000, initial_temperature = 3.0, cooling_rate = 0.999
26 - INFO - chord#: 168 done. best_score=27.0, changed=523, unchanged=413, early_stops=8/8
26 - INFO - chord#: 170 In build_straw_man_chord_sa. tolerance = 1, sa_iterations = 1000, initial_temperature = 3.0, cooling_rate = 0.999
26 - INFO - chord#: 170 done. best_score=67.0, changed=615, unchanged=541, early_stops=8/8
26 - INFO - chord#: 172 In build_straw_man_chord_sa. tolerance = 1, sa_iterations = 1000, initial_temperature = 3.0, cooling_rate = 0.999
26 - INFO - chord#: 162 done. best_score=85.0, changed=539, unchanged=302, early_stops=8/8
26 - INFO - chord#: 164 In build_straw_man_chord_sa. tolerance = 1, sa_iterations = 1000, initial_temperature = 3.0, cooling_rate = 0.999
26 - INFO - chord#: 158 done. best_score=142.0, changed=612, unchanged=381, early_stops=8/8
26 - INFO - chord#: 160 In build_straw_man_chord_sa. tolerance = 1, sa_iterations = 1000, initial_temperature = 3.0, cooling_rate = 0.999
26 - INFO - chord#: 168 done. best_score=27.0, changed=515, unchanged=425, early_stops=8/8
26 - INFO - chord#: 170 In build_straw_man_chord_sa. tolerance = 1, sa_iterations = 1000, initial_temperature = 3.0, cooling_rate = 0.999
26 - INFO - chord#: 168 done. best_score=27.0, changed=517, unchanged=481, early_stops=8/8
26 - INFO - chord#: 170 In build_straw_man_chord_sa. tolerance = 1, sa_iterations = 1000, initial_temperature = 3.0, cooling_rate = 0.999
26 - INFO - chord#: 158 done. best_score=142.0, changed=619, unchanged=307, early_stops=8/8
26 - INFO - chord#: 160 In build_straw_man_chord_sa. tolerance = 1, sa_iterations = 1000, initial_temperature = 3.0, cooling_rate = 0.999
26 - INFO - chord#: 172 done. best_score=27.0, changed=524, unchanged=329, early_stops=8/8
26 - INFO - chord#: 164 done. best_score=67.0, changed=612, unchanged=282, early_stops=8/8
26 - INFO - chord#: 168 In build_straw_man_chord_sa. tolerance = 1, sa_iterations = 1000, initial_temperature = 3.0, cooling_rate = 0.999
26 - INFO - chord#: 170 done. best_score=96.0, changed=611, unchanged=226, early_stops=8/8
26 - INFO - chord#: 172 In build_straw_man_chord_sa. tolerance = 1, sa_iterations = 1000, initial_temperature = 3.0, cooling_rate = 0.999
26 - INFO - chord#: 160 done. best_score=120.0, changed=617, unchanged=401, early_stops=8/8
26 - INFO - chord#: 162 In build_straw_man_chord_sa. tolerance = 1, sa_iterations = 1000, initial_temperature = 3.0, cooling_rate = 0.999
26 - INFO - chord#: 160 done. best_score=120.0, changed=611, unchanged=271, early_stops=8/8
26 - INFO - chord#: 162 In build_straw_man_chord_sa. tolerance = 1, sa_iterations = 1000, initial_temperature = 3.0, cooling_rate = 0.999
26 - INFO - chord#: 170 done. best_score=67.0, changed=614, unchanged=366, early_stops=8/8
26 - INFO - chord#: 172 In build_straw_man_chord_sa. tolerance = 1, sa_iterations = 1000, initial_temperature = 3.0, cooling_rate = 0.999
26 - INFO - chord#: 170 done. best_score=67.0, changed=617, unchanged=541, early_stops=8/8
26 - INFO - chord#: 172 In build_straw_man_chord_sa. tolerance = 1, sa_iterations = 1000, initial_temperature = 3.0, cooling_rate = 0.999
26 - INFO - chord#: 168 done. best_score=27.0, changed=521, unchanged=412, early_stops=8/8
26 - INFO - chord#: 170 In build_straw_man_chord_sa. tolerance = 1, sa_iterations = 1000, initial_temperature = 3.0, cooling_rate = 0.999
26 - INFO - chord#: 172 done. best_score=27.0, changed=535, unchanged=380, early_stops=8/8
26 - INFO - chord#: 162 done. best_score=27.0, changed=533, unchanged=389, early_stops=8/8
26 - INFO - chord#: 164 In build_straw_man_chord_sa. tolerance = 1, sa_iterations = 1000, initial_temperature = 3.0, cooling_rate = 0.999
26 - INFO - chord#: 162 done. best_score=27.0, changed=519, unchanged=346, early_stops=8/8
26 - INFO - chord#: 164 In build_straw_man_chord_sa. tolerance = 1, sa_iterations = 1000, initial_temperature = 3.0, cooling_rate = 0.999
26 - INFO - chord#: 172 done. best_score=27.0, changed=525, unchanged=393, early_stops=8/8
26 - INFO - chord#: 172 done. best_score=27.0, changed=545, unchanged=545, early_stops=8/8
26 - INFO - chord#: 164 done. best_score=67.0, changed=610, unchanged=282, early_stops=8/8
26 - INFO - chord#: 168 In build_straw_man_chord_sa. tolerance = 1, sa_iterations = 1000, initial_temperature = 3.0, cooling_rate = 0.999
26 - INFO - chord#: 164 done. best_score=78.0, changed=612, unchanged=333, early_stops=8/8
26 - INFO - chord#: 168 In build_straw_man_chord_sa. tolerance = 1, sa_iterations = 1000, initial_temperature = 3.0, cooling_rate = 0.999
26 - INFO - chord#: 170 done. best_score=67.0, changed=617, unchanged=448, early_stops=8/8
26 - INFO - chord#: 172 In build_straw_man_chord_sa. tolerance = 1, sa_iterations = 1000, initial_temperature = 3.0, cooling_rate = 0.999
26 - INFO - chord#: 168 done. best_score=27.0, changed=530, unchanged=377, early_stops=8/8
26 - INFO - chord#: 170 In build_straw_man_chord_sa. tolerance = 1, sa_iterations = 1000, initial_temperature = 3.0, cooling_rate = 0.999
26 - INFO - chord#: 172 done. best_score=27.0, changed=523, unchanged=359, early_stops=8/8
26 - INFO - chord#: 168 done. best_score=27.0, changed=521, unchanged=409, early_stops=8/8
26 - INFO - chord#: 170 In build_straw_man_chord_sa. tolerance = 1, sa_iterations = 1000, initial_temperature = 3.0, cooling_rate = 0.999
26 - INFO - chord#: 170 done. best_score=67.0, changed=613, unchanged=297, early_stops=8/8
26 - INFO - chord#: 172 In build_straw_man_chord_sa. tolerance = 1, sa_iterations = 1000, initial_temperature = 3.0, cooling_rate = 0.999
26 - INFO - chord#: 170 done. best_score=145.0, changed=609, unchanged=236, early_stops=8/8
26 - INFO - chord#: 172 In build_straw_man_chord_sa. tolerance = 1, sa_iterations = 1000, initial_temperature = 3.0, cooling_rate = 0.999
26 - INFO - chord#: 172 done. best_score=27.0, changed=521, unchanged=375, early_stops=8/8
26 - INFO - chord#: 172 done. best_score=27.0, changed=517, unchanged=355, early_stops=8/8
26 - INFO - chord#: 0 In build_straw_man_chord_sa. tolerance = 1, sa_iterations = 1000, initial_temperature = 3.0, cooling_rate = 0.999
26 - INFO - chord#: 0 In build_straw_man_chord_sa. tolerance = 1, sa_iterations = 1000, initial_temperature = 3.0, cooling_rate = 0.999
26 - INFO - chord#: 0 In build_straw_man_chord_sa. tolerance = 1, sa_iterations = 1000, initial_temperature = 3.0, cooling_rate = 0.999
26 - INFO - chord#: 0 In build_straw_man_chord_sa. tolerance = 1, sa_iterations = 1000, initial_temperature = 3.0, cooling_rate = 0.999
26 - INFO - chord#: 0 In build_straw_man_chord_sa. tolerance = 1, sa_iterations = 1000, initial_temperature = 3.0, cooling_rate = 0.999
26 - INFO - chord#: 0 In build_straw_man_chord_sa. tolerance = 1, sa_iterations = 1000, initial_temperature = 3.0, cooling_rate = 0.999
26 - INFO - chord#: 0 In build_straw_man_chord_sa. tolerance = 1, sa_iterations = 1000, initial_temperature = 3.0, cooling_rate = 0.999
26 - INFO - chord#: 0 In build_straw_man_chord_sa. tolerance = 1, sa_iterations = 1000, initial_temperature = 3.0, cooling_rate = 0.999
26 - INFO - chord#: 0 In build_straw_man_chord_sa. tolerance = 1, sa_iterations = 1000, initial_temperature = 3.0, cooling_rate = 0.999
26 - INFO - chord#: 0 In build_straw_man_chord_sa. tolerance = 1, sa_iterations = 1000, initial_temperature = 3.0, cooling_rate = 0.999
26 - INFO - chord#: 0 In build_straw_man_chord_sa. tolerance = 1, sa_iterations = 1000, initial_temperature = 3.0, cooling_rate = 0.999
26 - INFO - chord#: 0 In build_straw_man_chord_sa. tolerance = 1, sa_iterations = 1000, initial_temperature = 3.0, cooling_rate = 0.999
26 - INFO - chord#: 0 done. best_score=27.0, changed=517, unchanged=368, early_stops=8/8
26 - INFO - chord#: 4 In build_straw_man_chord_sa. tolerance = 1, sa_iterations = 1000, initial_temperature = 3.0, cooling_rate = 0.999
26 - INFO - chord#: 0 done. best_score=27.0, changed=525, unchanged=485, early_stops=8/8
26 - INFO - chord#: 4 In build_straw_man_chord_sa. tolerance = 1, sa_iterations = 1000, initial_temperature = 3.0, cooling_rate = 0.999
26 - INFO - chord#: 0 done. best_score=27.0, changed=513, unchanged=463, early_stops=8/8
26 - INFO - chord#: 4 In build_straw_man_chord_sa. tolerance = 1, sa_iterations = 1000, initial_temperature = 3.0, cooling_rate = 0.999
26 - INFO - chord#: 0 done. best_score=27.0, changed=519, unchanged=497, early_stops=8/8
26 - INFO - chord#: 4 In build_straw_man_chord_sa. tolerance = 1, sa_iterations = 1000, initial_temperature = 3.0, cooling_rate = 0.999
26 - INFO - chord#: 0 done. best_score=27.0, changed=515, unchanged=381, early_stops=8/8
26 - INFO - chord#: 4 In build_straw_man_chord_sa. tolerance = 1, sa_iterations = 1000, initial_temperature = 3.0, cooling_rate = 0.999
26 - INFO - chord#: 0 done. best_score=27.0, changed=525, unchanged=538, early_stops=8/8
26 - INFO - chord#: 4 In build_straw_man_chord_sa. tolerance = 1, sa_iterations = 1000, initial_temperature = 3.0, cooling_rate = 0.999
26 - INFO - chord#: 0 done. best_score=27.0, changed=517, unchanged=407, early_stops=8/8
26 - INFO - chord#: 4 In build_straw_man_chord_sa. tolerance = 1, sa_iterations = 1000, initial_temperature = 3.0, cooling_rate = 0.999
26 - INFO - chord#: 0 done. best_score=27.0, changed=524, unchanged=546, early_stops=8/8
26 - INFO - chord#: 4 In build_straw_man_chord_sa. tolerance = 1, sa_iterations = 1000, initial_temperature = 3.0, cooling_rate = 0.999
26 - INFO - chord#: 0 done. best_score=27.0, changed=519, unchanged=460, early_stops=8/8
26 - INFO - chord#: 4 In build_straw_man_chord_sa. tolerance = 1, sa_iterations = 1000, initial_temperature = 3.0, cooling_rate = 0.999
26 - INFO - chord#: 0 done. best_score=27.0, changed=517, unchanged=493, early_stops=8/8
26 - INFO - chord#: 4 In build_straw_man_chord_sa. tolerance = 1, sa_iterations = 1000, initial_temperature = 3.0, cooling_rate = 0.999
26 - INFO - chord#: 0 done. best_score=27.0, changed=530, unchanged=480, early_stops=8/8
26 - INFO - chord#: 4 In build_straw_man_chord_sa. tolerance = 1, sa_iterations = 1000, initial_temperature = 3.0, cooling_rate = 0.999
26 - INFO - chord#: 0 done. best_score=27.0, changed=527, unchanged=549, early_stops=8/8
26 - INFO - chord#: 4 In build_straw_man_chord_sa. tolerance = 1, sa_iterations = 1000, initial_temperature = 3.0, cooling_rate = 0.999
26 - INFO - chord#: 4 done. best_score=27.0, changed=529, unchanged=347, early_stops=8/8
26 - INFO - chord#: 6 In build_straw_man_chord_sa. tolerance = 1, sa_iterations = 1000, initial_temperature = 3.0, cooling_rate = 0.999
26 - INFO - chord#: 4 done. best_score=27.0, changed=524, unchanged=358, early_stops=8/8
26 - INFO - chord#: 6 In build_straw_man_chord_sa. tolerance = 1, sa_iterations = 1000, initial_temperature = 3.0, cooling_rate = 0.999
26 - INFO - chord#: 4 done. best_score=27.0, changed=521, unchanged=343, early_stops=8/8
26 - INFO - chord#: 6 In build_straw_man_chord_sa. tolerance = 1, sa_iterations = 1000, initial_temperature = 3.0, cooling_rate = 0.999
26 - INFO - chord#: 4 done. best_score=27.0, changed=524, unchanged=420, early_stops=8/8
26 - INFO - chord#: 6 In build_straw_man_chord_sa. tolerance = 1, sa_iterations = 1000, initial_temperature = 3.0, cooling_rate = 0.999
26 - INFO - chord#: 4 done. best_score=27.0, changed=529, unchanged=318, early_stops=8/8
26 - INFO - chord#: 6 In build_straw_man_chord_sa. tolerance = 1, sa_iterations = 1000, initial_temperature = 3.0, cooling_rate = 0.999
26 - INFO - chord#: 4 done. best_score=27.0, changed=524, unchanged=306, early_stops=8/8
26 - INFO - chord#: 6 In build_straw_man_chord_sa. tolerance = 1, sa_iterations = 1000, initial_temperature = 3.0, cooling_rate = 0.999
26 - INFO - chord#: 4 done. best_score=27.0, changed=531, unchanged=362, early_stops=8/8
26 - INFO - chord#: 6 In build_straw_man_chord_sa. tolerance = 1, sa_iterations = 1000, initial_temperature = 3.0, cooling_rate = 0.999
26 - INFO - chord#: 4 done. best_score=27.0, changed=519, unchanged=302, early_stops=8/8
26 - INFO - chord#: 6 In build_straw_man_chord_sa. tolerance = 1, sa_iterations = 1000, initial_temperature = 3.0, cooling_rate = 0.999
26 - INFO - chord#: 4 done. best_score=27.0, changed=535, unchanged=360, early_stops=8/8
26 - INFO - chord#: 6 In build_straw_man_chord_sa. tolerance = 1, sa_iterations = 1000, initial_temperature = 3.0, cooling_rate = 0.999
26 - INFO - chord#: 4 done. best_score=27.0, changed=525, unchanged=353, early_stops=8/8
26 - INFO - chord#: 6 In build_straw_man_chord_sa. tolerance = 1, sa_iterations = 1000, initial_temperature = 3.0, cooling_rate = 0.999
26 - INFO - chord#: 4 done. best_score=27.0, changed=525, unchanged=363, early_stops=8/8
26 - INFO - chord#: 6 In build_straw_man_chord_sa. tolerance = 1, sa_iterations = 1000, initial_temperature = 3.0, cooling_rate = 0.999
26 - INFO - chord#: 4 done. best_score=27.0, changed=526, unchanged=330, early_stops=8/8
26 - INFO - chord#: 6 In build_straw_man_chord_sa. tolerance = 1, sa_iterations = 1000, initial_temperature = 3.0, cooling_rate = 0.999
26 - INFO - chord#: 6 done. best_score=82.0, changed=616, unchanged=331, early_stops=8/8
26 - INFO - chord#: 8 In build_straw_man_chord_sa. tolerance = 1, sa_iterations = 1000, initial_temperature = 3.0, cooling_rate = 0.999
26 - INFO - chord#: 6 done. best_score=82.0, changed=613, unchanged=283, early_stops=8/8
26 - INFO - chord#: 8 In build_straw_man_chord_sa. tolerance = 1, sa_iterations = 1000, initial_temperature = 3.0, cooling_rate = 0.999
26 - INFO - chord#: 6 done. best_score=82.0, changed=609, unchanged=269, early_stops=8/8
26 - INFO - chord#: 8 In build_straw_man_chord_sa. tolerance = 1, sa_iterations = 1000, initial_temperature = 3.0, cooling_rate = 0.999
26 - INFO - chord#: 6 done. best_score=82.0, changed=617, unchanged=431, early_stops=8/8
26 - INFO - chord#: 8 In build_straw_man_chord_sa. tolerance = 1, sa_iterations = 1000, initial_temperature = 3.0, cooling_rate = 0.999
26 - INFO - chord#: 6 done. best_score=97.0, changed=608, unchanged=260, early_stops=8/8
26 - INFO - chord#: 8 In build_straw_man_chord_sa. tolerance = 1, sa_iterations = 1000, initial_temperature = 3.0, cooling_rate = 0.999
26 - INFO - chord#: 6 done. best_score=120.0, changed=617, unchanged=537, early_stops=8/8
26 - INFO - chord#: 8 In build_straw_man_chord_sa. tolerance = 1, sa_iterations = 1000, initial_temperature = 3.0, cooling_rate = 0.999
26 - INFO - chord#: 8 done. best_score=27.0, changed=525, unchanged=334, early_stops=8/8
26 - INFO - chord#: 12 In build_straw_man_chord_sa. tolerance = 1, sa_iterations = 1000, initial_temperature = 3.0, cooling_rate = 0.999
26 - INFO - chord#: 6 done. best_score=82.0, changed=608, unchanged=240, early_stops=8/8
26 - INFO - chord#: 8 In build_straw_man_chord_sa. tolerance = 1, sa_iterations = 1000, initial_temperature = 3.0, cooling_rate = 0.999
26 - INFO - chord#: 8 done. best_score=27.0, changed=523, unchanged=399, early_stops=8/8
26 - INFO - chord#: 12 In build_straw_man_chord_sa. tolerance = 1, sa_iterations = 1000, initial_temperature = 3.0, cooling_rate = 0.999
26 - INFO - chord#: 8 done. best_score=27.0, changed=521, unchanged=347, early_stops=8/8
26 - INFO - chord#: 12 In build_straw_man_chord_sa. tolerance = 1, sa_iterations = 1000, initial_temperature = 3.0, cooling_rate = 0.999
26 - INFO - chord#: 6 done. best_score=82.0, changed=613, unchanged=242, early_stops=8/8
26 - INFO - chord#: 8 In build_straw_man_chord_sa. tolerance = 1, sa_iterations = 1000, initial_temperature = 3.0, cooling_rate = 0.999
26 - INFO - chord#: 6 done. best_score=120.0, changed=614, unchanged=322, early_stops=8/8
26 - INFO - chord#: 8 In build_straw_man_chord_sa. tolerance = 1, sa_iterations = 1000, initial_temperature = 3.0, cooling_rate = 0.999
26 - INFO - chord#: 6 done. best_score=120.0, changed=617, unchanged=427, early_stops=8/8
26 - INFO - chord#: 8 In build_straw_man_chord_sa. tolerance = 1, sa_iterations = 1000, initial_temperature = 3.0, cooling_rate = 0.999
26 - INFO - chord#: 8 done. best_score=27.0, changed=519, unchanged=377, early_stops=8/8
26 - INFO - chord#: 12 In build_straw_man_chord_sa. tolerance = 1, sa_iterations = 1000, initial_temperature = 3.0, cooling_rate = 0.999
26 - INFO - chord#: 6 done. best_score=82.0, changed=609, unchanged=334, early_stops=8/8
26 - INFO - chord#: 8 In build_straw_man_chord_sa. tolerance = 1, sa_iterations = 1000, initial_temperature = 3.0, cooling_rate = 0.999
26 - INFO - chord#: 6 done. best_score=97.0, changed=613, unchanged=360, early_stops=8/8
26 - INFO - chord#: 8 In build_straw_man_chord_sa. tolerance = 1, sa_iterations = 1000, initial_temperature = 3.0, cooling_rate = 0.999
26 - INFO - chord#: 8 done. best_score=27.0, changed=518, unchanged=409, early_stops=8/8
26 - INFO - chord#: 12 In build_straw_man_chord_sa. tolerance = 1, sa_iterations = 1000, initial_temperature = 3.0, cooling_rate = 0.999
26 - INFO - chord#: 8 done. best_score=27.0, changed=526, unchanged=459, early_stops=8/8
26 - INFO - chord#: 12 In build_straw_man_chord_sa. tolerance = 1, sa_iterations = 1000, initial_temperature = 3.0, cooling_rate = 0.999
26 - INFO - chord#: 8 done. best_score=27.0, changed=513, unchanged=320, early_stops=8/8
26 - INFO - chord#: 12 In build_straw_man_chord_sa. tolerance = 1, sa_iterations = 1000, initial_temperature = 3.0, cooling_rate = 0.999
26 - INFO - chord#: 8 done. best_score=27.0, changed=531, unchanged=519, early_stops=8/8
26 - INFO - chord#: 12 In build_straw_man_chord_sa. tolerance = 1, sa_iterations = 1000, initial_temperature = 3.0, cooling_rate = 0.999
26 - INFO - chord#: 8 done. best_score=27.0, changed=519, unchanged=376, early_stops=8/8
26 - INFO - chord#: 12 In build_straw_man_chord_sa. tolerance = 1, sa_iterations = 1000, initial_temperature = 3.0, cooling_rate = 0.999
26 - INFO - chord#: 8 done. best_score=27.0, changed=529, unchanged=431, early_stops=8/8
26 - INFO - chord#: 12 In build_straw_man_chord_sa. tolerance = 1, sa_iterations = 1000, initial_temperature = 3.0, cooling_rate = 0.999
26 - INFO - chord#: 8 done. best_score=27.0, changed=517, unchanged=409, early_stops=8/8
26 - INFO - chord#: 12 In build_straw_man_chord_sa. tolerance = 1, sa_iterations = 1000, initial_temperature = 3.0, cooling_rate = 0.999
26 - INFO - chord#: 8 done. best_score=27.0, changed=526, unchanged=413, early_stops=8/8
26 - INFO - chord#: 12 In build_straw_man_chord_sa. tolerance = 1, sa_iterations = 1000, initial_temperature = 3.0, cooling_rate = 0.999
26 - INFO - chord#: 12 done. best_score=146.0, changed=611, unchanged=240, early_stops=8/8
26 - INFO - chord#: 16 In build_straw_man_chord_sa. tolerance = 1, sa_iterations = 1000, initial_temperature = 3.0, cooling_rate = 0.999
26 - INFO - chord#: 12 done. best_score=157.0, changed=609, unchanged=343, early_stops=8/8
26 - INFO - chord#: 16 In build_straw_man_chord_sa. tolerance = 1, sa_iterations = 1000, initial_temperature = 3.0, cooling_rate = 0.999
26 - INFO - chord#: 12 done. best_score=145.0, changed=613, unchanged=298, early_stops=8/8
26 - INFO - chord#: 16 In build_straw_man_chord_sa. tolerance = 1, sa_iterations = 1000, initial_temperature = 3.0, cooling_rate = 0.999
26 - INFO - chord#: 12 done. best_score=154.0, changed=610, unchanged=264, early_stops=8/8
26 - INFO - chord#: 16 In build_straw_man_chord_sa. tolerance = 1, sa_iterations = 1000, initial_temperature = 3.0, cooling_rate = 0.999
26 - INFO - chord#: 12 done. best_score=145.0, changed=610, unchanged=300, early_stops=8/8
26 - INFO - chord#: 16 In build_straw_man_chord_sa. tolerance = 1, sa_iterations = 1000, initial_temperature = 3.0, cooling_rate = 0.999
26 - INFO - chord#: 12 done. best_score=146.0, changed=614, unchanged=320, early_stops=8/8
26 - INFO - chord#: 16 In build_straw_man_chord_sa. tolerance = 1, sa_iterations = 1000, initial_temperature = 3.0, cooling_rate = 0.999
26 - INFO - chord#: 16 done. best_score=27.0, changed=512, unchanged=343, early_stops=8/8
26 - INFO - chord#: 18 In build_straw_man_chord_sa. tolerance = 1, sa_iterations = 1000, initial_temperature = 3.0, cooling_rate = 0.999
26 - INFO - chord#: 16 done. best_score=27.0, changed=526, unchanged=475, early_stops=8/8
26 - INFO - chord#: 18 In build_straw_man_chord_sa. tolerance = 1, sa_iterations = 1000, initial_temperature = 3.0, cooling_rate = 0.999
26 - INFO - chord#: 16 done. best_score=27.0, changed=525, unchanged=434, early_stops=8/8
26 - INFO - chord#: 18 In build_straw_man_chord_sa. tolerance = 1, sa_iterations = 1000, initial_temperature = 3.0, cooling_rate = 0.999
26 - INFO - chord#: 16 done. best_score=27.0, changed=520, unchanged=440, early_stops=8/8
26 - INFO - chord#: 18 In build_straw_man_chord_sa. tolerance = 1, sa_iterations = 1000, initial_temperature = 3.0, cooling_rate = 0.999
26 - INFO - chord#: 16 done. best_score=27.0, changed=513, unchanged=350, early_stops=8/8
26 - INFO - chord#: 18 In build_straw_man_chord_sa. tolerance = 1, sa_iterations = 1000, initial_temperature = 3.0, cooling_rate = 0.999
26 - INFO - chord#: 12 done. best_score=64.0, changed=614, unchanged=366, early_stops=8/8
26 - INFO - chord#: 16 In build_straw_man_chord_sa. tolerance = 1, sa_iterations = 1000, initial_temperature = 3.0, cooling_rate = 0.999
26 - INFO - chord#: 12 done. best_score=154.0, changed=611, unchanged=254, early_stops=8/8
26 - INFO - chord#: 16 In build_straw_man_chord_sa. tolerance = 1, sa_iterations = 1000, initial_temperature = 3.0, cooling_rate = 0.999
26 - INFO - chord#: 16 done. best_score=27.0, changed=520, unchanged=585, early_stops=8/8
26 - INFO - chord#: 18 In build_straw_man_chord_sa. tolerance = 1, sa_iterations = 1000, initial_temperature = 3.0, cooling_rate = 0.999
26 - INFO - chord#: 12 done. best_score=64.0, changed=606, unchanged=210, early_stops=8/8
26 - INFO - chord#: 16 In build_straw_man_chord_sa. tolerance = 1, sa_iterations = 1000, initial_temperature = 3.0, cooling_rate = 0.999
26 - INFO - chord#: 12 done. best_score=157.0, changed=614, unchanged=297, early_stops=8/8
26 - INFO - chord#: 16 In build_straw_man_chord_sa. tolerance = 1, sa_iterations = 1000, initial_temperature = 3.0, cooling_rate = 0.999
26 - INFO - chord#: 12 done. best_score=64.0, changed=621, unchanged=388, early_stops=8/8
26 - INFO - chord#: 16 In build_straw_man_chord_sa. tolerance = 1, sa_iterations = 1000, initial_temperature = 3.0, cooling_rate = 0.999
26 - INFO - chord#: 12 done. best_score=71.0, changed=611, unchanged=359, early_stops=8/8
26 - INFO - chord#: 16 In build_straw_man_chord_sa. tolerance = 1, sa_iterations = 1000, initial_temperature = 3.0, cooling_rate = 0.999
26 - INFO - chord#: 18 done. best_score=108.0, changed=605, unchanged=230, early_stops=8/8
26 - INFO - chord#: 20 In build_straw_man_chord_sa. tolerance = 1, sa_iterations = 1000, initial_temperature = 3.0, cooling_rate = 0.999
26 - INFO - chord#: 16 done. best_score=27.0, changed=514, unchanged=390, early_stops=8/8
26 - INFO - chord#: 18 In build_straw_man_chord_sa. tolerance = 1, sa_iterations = 1000, initial_temperature = 3.0, cooling_rate = 0.999
26 - INFO - chord#: 16 done. best_score=27.0, changed=524, unchanged=614, early_stops=8/8
26 - INFO - chord#: 18 In build_straw_man_chord_sa. tolerance = 1, sa_iterations = 1000, initial_temperature = 3.0, cooling_rate = 0.999
26 - INFO - chord#: 16 done. best_score=27.0, changed=531, unchanged=504, early_stops=8/8
26 - INFO - chord#: 18 In build_straw_man_chord_sa. tolerance = 1, sa_iterations = 1000, initial_temperature = 3.0, cooling_rate = 0.999
26 - INFO - chord#: 18 done. best_score=70.0, changed=613, unchanged=424, early_stops=8/8
26 - INFO - chord#: 20 In build_straw_man_chord_sa. tolerance = 1, sa_iterations = 1000, initial_temperature = 3.0, cooling_rate = 0.999
26 - INFO - chord#: 18 done. best_score=70.0, changed=614, unchanged=353, early_stops=8/8
26 - INFO - chord#: 20 In build_straw_man_chord_sa. tolerance = 1, sa_iterations = 1000, initial_temperature = 3.0, cooling_rate = 0.999
26 - INFO - chord#: 18 done. best_score=75.0, changed=610, unchanged=302, early_stops=8/8
26 - INFO - chord#: 20 In build_straw_man_chord_sa. tolerance = 1, sa_iterations = 1000, initial_temperature = 3.0, cooling_rate = 0.999
26 - INFO - chord#: 20 done. best_score=27.0, changed=514, unchanged=317, early_stops=8/8
26 - INFO - chord#: 22 In build_straw_man_chord_sa. tolerance = 1, sa_iterations = 1000, initial_temperature = 3.0, cooling_rate = 0.999
26 - INFO - chord#: 16 done. best_score=27.0, changed=524, unchanged=503, early_stops=8/8
26 - INFO - chord#: 18 In build_straw_man_chord_sa. tolerance = 1, sa_iterations = 1000, initial_temperature = 3.0, cooling_rate = 0.999
26 - INFO - chord#: 16 done. best_score=27.0, changed=522, unchanged=455, early_stops=8/8
26 - INFO - chord#: 18 In build_straw_man_chord_sa. tolerance = 1, sa_iterations = 1000, initial_temperature = 3.0, cooling_rate = 0.999
26 - INFO - chord#: 16 done. best_score=27.0, changed=525, unchanged=557, early_stops=8/8
26 - INFO - chord#: 18 In build_straw_man_chord_sa. tolerance = 1, sa_iterations = 1000, initial_temperature = 3.0, cooling_rate = 0.999
26 - INFO - chord#: 18 done. best_score=70.0, changed=614, unchanged=309, early_stops=8/8
26 - INFO - chord#: 20 In build_straw_man_chord_sa. tolerance = 1, sa_iterations = 1000, initial_temperature = 3.0, cooling_rate = 0.999
26 - INFO - chord#: 20 done. best_score=27.0, changed=513, unchanged=316, early_stops=8/8
26 - INFO - chord#: 22 In build_straw_man_chord_sa. tolerance = 1, sa_iterations = 1000, initial_temperature = 3.0, cooling_rate = 0.999
26 - INFO - chord#: 20 done. best_score=27.0, changed=533, unchanged=497, early_stops=8/8
26 - INFO - chord#: 22 In build_straw_man_chord_sa. tolerance = 1, sa_iterations = 1000, initial_temperature = 3.0, cooling_rate = 0.999
26 - INFO - chord#: 20 done. best_score=27.0, changed=526, unchanged=380, early_stops=8/8
26 - INFO - chord#: 22 In build_straw_man_chord_sa. tolerance = 1, sa_iterations = 1000, initial_temperature = 3.0, cooling_rate = 0.999
26 - INFO - chord#: 20 done. best_score=27.0, changed=521, unchanged=395, early_stops=8/8
26 - INFO - chord#: 22 In build_straw_man_chord_sa. tolerance = 1, sa_iterations = 1000, initial_temperature = 3.0, cooling_rate = 0.999
26 - INFO - chord#: 18 done. best_score=105.0, changed=617, unchanged=511, early_stops=8/8
26 - INFO - chord#: 20 In build_straw_man_chord_sa. tolerance = 1, sa_iterations = 1000, initial_temperature = 3.0, cooling_rate = 0.999
26 - INFO - chord#: 22 done. best_score=64.0, changed=608, unchanged=329, early_stops=8/8
26 - INFO - chord#: 24 In build_straw_man_chord_sa. tolerance = 1, sa_iterations = 1000, initial_temperature = 3.0, cooling_rate = 0.999
26 - INFO - chord#: 18 done. best_score=105.0, changed=612, unchanged=263, early_stops=8/8
26 - INFO - chord#: 20 In build_straw_man_chord_sa. tolerance = 1, sa_iterations = 1000, initial_temperature = 3.0, cooling_rate = 0.999
26 - INFO - chord#: 20 done. best_score=27.0, changed=527, unchanged=368, early_stops=8/8
26 - INFO - chord#: 22 In build_straw_man_chord_sa. tolerance = 1, sa_iterations = 1000, initial_temperature = 3.0, cooling_rate = 0.999
26 - INFO - chord#: 22 done. best_score=96.0, changed=606, unchanged=221, early_stops=8/8
26 - INFO - chord#: 24 In build_straw_man_chord_sa. tolerance = 1, sa_iterations = 1000, initial_temperature = 3.0, cooling_rate = 0.999
26 - INFO - chord#: 18 done. best_score=104.0, changed=609, unchanged=500, early_stops=8/8
26 - INFO - chord#: 20 In build_straw_man_chord_sa. tolerance = 1, sa_iterations = 1000, initial_temperature = 3.0, cooling_rate = 0.999
26 - INFO - chord#: 18 done. best_score=70.0, changed=610, unchanged=412, early_stops=8/8
26 - INFO - chord#: 20 In build_straw_man_chord_sa. tolerance = 1, sa_iterations = 1000, initial_temperature = 3.0, cooling_rate = 0.999
26 - INFO - chord#: 22 done. best_score=64.0, changed=610, unchanged=359, early_stops=8/8
26 - INFO - chord#: 24 In build_straw_man_chord_sa. tolerance = 1, sa_iterations = 1000, initial_temperature = 3.0, cooling_rate = 0.999
26 - INFO - chord#: 18 done. best_score=75.0, changed=609, unchanged=415, early_stops=8/8
26 - INFO - chord#: 20 In build_straw_man_chord_sa. tolerance = 1, sa_iterations = 1000, initial_temperature = 3.0, cooling_rate = 0.999
26 - INFO - chord#: 24 done. best_score=27.0, changed=525, unchanged=392, early_stops=8/8
26 - INFO - chord#: 28 In build_straw_man_chord_sa. tolerance = 1, sa_iterations = 1000, initial_temperature = 3.0, cooling_rate = 0.999
26 - INFO - chord#: 18 done. best_score=104.0, changed=612, unchanged=463, early_stops=8/8
26 - INFO - chord#: 20 In build_straw_man_chord_sa. tolerance = 1, sa_iterations = 1000, initial_temperature = 3.0, cooling_rate = 0.999
26 - INFO - chord#: 20 done. best_score=27.0, changed=526, unchanged=375, early_stops=8/8
26 - INFO - chord#: 22 In build_straw_man_chord_sa. tolerance = 1, sa_iterations = 1000, initial_temperature = 3.0, cooling_rate = 0.999
26 - INFO - chord#: 22 done. best_score=71.0, changed=612, unchanged=557, early_stops=8/8
26 - INFO - chord#: 24 In build_straw_man_chord_sa. tolerance = 1, sa_iterations = 1000, initial_temperature = 3.0, cooling_rate = 0.999
26 - INFO - chord#: 18 done. best_score=70.0, changed=613, unchanged=448, early_stops=8/8
26 - INFO - chord#: 20 In build_straw_man_chord_sa. tolerance = 1, sa_iterations = 1000, initial_temperature = 3.0, cooling_rate = 0.999
26 - INFO - chord#: 24 done. best_score=27.0, changed=525, unchanged=463, early_stops=8/8
26 - INFO - chord#: 28 In build_straw_man_chord_sa. tolerance = 1, sa_iterations = 1000, initial_temperature = 3.0, cooling_rate = 0.999
26 - INFO - chord#: 22 done. best_score=140.0, changed=616, unchanged=487, early_stops=8/8
26 - INFO - chord#: 24 In build_straw_man_chord_sa. tolerance = 1, sa_iterations = 1000, initial_temperature = 3.0, cooling_rate = 0.999
26 - INFO - chord#: 20 done. best_score=27.0, changed=530, unchanged=319, early_stops=8/8
26 - INFO - chord#: 22 In build_straw_man_chord_sa. tolerance = 1, sa_iterations = 1000, initial_temperature = 3.0, cooling_rate = 0.999
26 - INFO - chord#: 24 done. best_score=27.0, changed=521, unchanged=415, early_stops=8/8
26 - INFO - chord#: 28 In build_straw_man_chord_sa. tolerance = 1, sa_iterations = 1000, initial_temperature = 3.0, cooling_rate = 0.999
26 - INFO - chord#: 20 done. best_score=27.0, changed=525, unchanged=375, early_stops=8/8
26 - INFO - chord#: 22 In build_straw_man_chord_sa. tolerance = 1, sa_iterations = 1000, initial_temperature = 3.0, cooling_rate = 0.999
26 - INFO - chord#: 20 done. best_score=27.0, changed=534, unchanged=702, early_stops=8/8
26 - INFO - chord#: 22 In build_straw_man_chord_sa. tolerance = 1, sa_iterations = 1000, initial_temperature = 3.0, cooling_rate = 0.999
26 - INFO - chord#: 24 done. best_score=27.0, changed=527, unchanged=472, early_stops=8/8
26 - INFO - chord#: 28 In build_straw_man_chord_sa. tolerance = 1, sa_iterations = 1000, initial_temperature = 3.0, cooling_rate = 0.999
26 - INFO - chord#: 20 done. best_score=27.0, changed=526, unchanged=440, early_stops=8/8
26 - INFO - chord#: 22 In build_straw_man_chord_sa. tolerance = 1, sa_iterations = 1000, initial_temperature = 3.0, cooling_rate = 0.999
26 - INFO - chord#: 20 done. best_score=27.0, changed=517, unchanged=337, early_stops=8/8
26 - INFO - chord#: 22 In build_straw_man_chord_sa. tolerance = 1, sa_iterations = 1000, initial_temperature = 3.0, cooling_rate = 0.999
26 - INFO - chord#: 24 done. best_score=27.0, changed=526, unchanged=471, early_stops=8/8
26 - INFO - chord#: 28 In build_straw_man_chord_sa. tolerance = 1, sa_iterations = 1000, initial_temperature = 3.0, cooling_rate = 0.999
26 - INFO - chord#: 22 done. best_score=64.0, changed=622, unchanged=464, early_stops=8/8
26 - INFO - chord#: 24 In build_straw_man_chord_sa. tolerance = 1, sa_iterations = 1000, initial_temperature = 3.0, cooling_rate = 0.999
26 - INFO - chord#: 28 done. best_score=171.0, changed=616, unchanged=326, early_stops=8/8
26 - INFO - chord#: 30 In build_straw_man_chord_sa. tolerance = 1, sa_iterations = 1000, initial_temperature = 3.0, cooling_rate = 0.999
26 - INFO - chord#: 28 done. best_score=71.0, changed=616, unchanged=443, early_stops=8/8
26 - INFO - chord#: 30 In build_straw_man_chord_sa. tolerance = 1, sa_iterations = 1000, initial_temperature = 3.0, cooling_rate = 0.999
26 - INFO - chord#: 22 done. best_score=157.0, changed=610, unchanged=299, early_stops=8/8
26 - INFO - chord#: 24 In build_straw_man_chord_sa. tolerance = 1, sa_iterations = 1000, initial_temperature = 3.0, cooling_rate = 0.999
26 - INFO - chord#: 30 done. best_score=36.0, changed=520, unchanged=305, early_stops=8/8
26 - INFO - chord#: 32 In build_straw_man_chord_sa. tolerance = 1, sa_iterations = 1000, initial_temperature = 3.0, cooling_rate = 0.999
26 - INFO - chord#: 24 done. best_score=27.0, changed=528, unchanged=422, early_stops=8/8
26 - INFO - chord#: 28 In build_straw_man_chord_sa. tolerance = 1, sa_iterations = 1000, initial_temperature = 3.0, cooling_rate = 0.999
26 - INFO - chord#: 22 done. best_score=155.0, changed=621, unchanged=378, early_stops=8/8
26 - INFO - chord#: 24 In build_straw_man_chord_sa. tolerance = 1, sa_iterations = 1000, initial_temperature = 3.0, cooling_rate = 0.999
26 - INFO - chord#: 28 done. best_score=64.0, changed=609, unchanged=259, early_stops=8/8
26 - INFO - chord#: 30 In build_straw_man_chord_sa. tolerance = 1, sa_iterations = 1000, initial_temperature = 3.0, cooling_rate = 0.999
26 - INFO - chord#: 28 done. best_score=64.0, changed=606, unchanged=282, early_stops=8/8
26 - INFO - chord#: 30 In build_straw_man_chord_sa. tolerance = 1, sa_iterations = 1000, initial_temperature = 3.0, cooling_rate = 0.999
26 - INFO - chord#: 30 done. best_score=36.0, changed=536, unchanged=426, early_stops=8/8
26 - INFO - chord#: 32 In build_straw_man_chord_sa. tolerance = 1, sa_iterations = 1000, initial_temperature = 3.0, cooling_rate = 0.999
26 - INFO - chord#: 22 done. best_score=112.0, changed=610, unchanged=236, early_stops=8/8
26 - INFO - chord#: 24 In build_straw_man_chord_sa. tolerance = 1, sa_iterations = 1000, initial_temperature = 3.0, cooling_rate = 0.999
26 - INFO - chord#: 28 done. best_score=155.0, changed=611, unchanged=279, early_stops=8/8
26 - INFO - chord#: 30 In build_straw_man_chord_sa. tolerance = 1, sa_iterations = 1000, initial_temperature = 3.0, cooling_rate = 0.999
26 - INFO - chord#: 22 done. best_score=64.0, changed=614, unchanged=313, early_stops=8/8
26 - INFO - chord#: 24 In build_straw_man_chord_sa. tolerance = 1, sa_iterations = 1000, initial_temperature = 3.0, cooling_rate = 0.999
26 - INFO - chord#: 32 done. best_score=35.0, changed=522, unchanged=334, early_stops=8/8
26 - INFO - chord#: 34 In build_straw_man_chord_sa. tolerance = 1, sa_iterations = 1000, initial_temperature = 3.0, cooling_rate = 0.999
26 - INFO - chord#: 22 done. best_score=140.0, changed=612, unchanged=334, early_stops=8/8
26 - INFO - chord#: 24 In build_straw_man_chord_sa. tolerance = 1, sa_iterations = 1000, initial_temperature = 3.0, cooling_rate = 0.999
26 - INFO - chord#: 24 done. best_score=27.0, changed=524, unchanged=367, early_stops=8/8
26 - INFO - chord#: 28 In build_straw_man_chord_sa. tolerance = 1, sa_iterations = 1000, initial_temperature = 3.0, cooling_rate = 0.999
26 - INFO - chord#: 24 done. best_score=27.0, changed=522, unchanged=503, early_stops=8/8
26 - INFO - chord#: 28 In build_straw_man_chord_sa. tolerance = 1, sa_iterations = 1000, initial_temperature = 3.0, cooling_rate = 0.999
26 - INFO - chord#: 30 done. best_score=36.0, changed=526, unchanged=447, early_stops=8/8
26 - INFO - chord#: 32 In build_straw_man_chord_sa. tolerance = 1, sa_iterations = 1000, initial_temperature = 3.0, cooling_rate = 0.999
26 - INFO - chord#: 32 done. best_score=37.0, changed=518, unchanged=332, early_stops=8/8
26 - INFO - chord#: 34 In build_straw_man_chord_sa. tolerance = 1, sa_iterations = 1000, initial_temperature = 3.0, cooling_rate = 0.999
26 - INFO - chord#: 30 done. best_score=36.0, changed=525, unchanged=360, early_stops=8/8
26 - INFO - chord#: 32 In build_straw_man_chord_sa. tolerance = 1, sa_iterations = 1000, initial_temperature = 3.0, cooling_rate = 0.999
26 - INFO - chord#: 34 done. best_score=36.0, changed=533, unchanged=411, early_stops=8/8
26 - INFO - chord#: 36 In build_straw_man_chord_sa. tolerance = 1, sa_iterations = 1000, initial_temperature = 3.0, cooling_rate = 0.999
26 - INFO - chord#: 30 done. best_score=36.0, changed=539, unchanged=578, early_stops=8/8
26 - INFO - chord#: 32 In build_straw_man_chord_sa. tolerance = 1, sa_iterations = 1000, initial_temperature = 3.0, cooling_rate = 0.999
26 - INFO - chord#: 22 done. best_score=146.0, changed=621, unchanged=537, early_stops=8/8
26 - INFO - chord#: 24 In build_straw_man_chord_sa. tolerance = 1, sa_iterations = 1000, initial_temperature = 3.0, cooling_rate = 0.999
26 - INFO - chord#: 24 done. best_score=27.0, changed=517, unchanged=371, early_stops=8/8
26 - INFO - chord#: 28 In build_straw_man_chord_sa. tolerance = 1, sa_iterations = 1000, initial_temperature = 3.0, cooling_rate = 0.999
26 - INFO - chord#: 24 done. best_score=27.0, changed=520, unchanged=426, early_stops=8/8
26 - INFO - chord#: 28 In build_straw_man_chord_sa. tolerance = 1, sa_iterations = 1000, initial_temperature = 3.0, cooling_rate = 0.999
26 - INFO - chord#: 24 done. best_score=27.0, changed=524, unchanged=518, early_stops=8/8
26 - INFO - chord#: 28 In build_straw_man_chord_sa. tolerance = 1, sa_iterations = 1000, initial_temperature = 3.0, cooling_rate = 0.999
26 - INFO - chord#: 32 done. best_score=35.0, changed=521, unchanged=366, early_stops=8/8
26 - INFO - chord#: 34 In build_straw_man_chord_sa. tolerance = 1, sa_iterations = 1000, initial_temperature = 3.0, cooling_rate = 0.999
26 - INFO - chord#: 28 done. best_score=64.0, changed=608, unchanged=404, early_stops=8/8
26 - INFO - chord#: 30 In build_straw_man_chord_sa. tolerance = 1, sa_iterations = 1000, initial_temperature = 3.0, cooling_rate = 0.999
26 - INFO - chord#: 32 done. best_score=35.0, changed=519, unchanged=313, early_stops=8/8
26 - INFO - chord#: 34 In build_straw_man_chord_sa. tolerance = 1, sa_iterations = 1000, initial_temperature = 3.0, cooling_rate = 0.999
26 - INFO - chord#: 34 done. best_score=27.0, changed=533, unchanged=454, early_stops=8/8
26 - INFO - chord#: 36 In build_straw_man_chord_sa. tolerance = 1, sa_iterations = 1000, initial_temperature = 3.0, cooling_rate = 0.999
26 - INFO - chord#: 32 done. best_score=37.0, changed=521, unchanged=380, early_stops=8/8
26 - INFO - chord#: 34 In build_straw_man_chord_sa. tolerance = 1, sa_iterations = 1000, initial_temperature = 3.0, cooling_rate = 0.999
26 - INFO - chord#: 28 done. best_score=64.0, changed=607, unchanged=224, early_stops=8/8
26 - INFO - chord#: 30 In build_straw_man_chord_sa. tolerance = 1, sa_iterations = 1000, initial_temperature = 3.0, cooling_rate = 0.999
26 - INFO - chord#: 34 done. best_score=36.0, changed=521, unchanged=389, early_stops=8/8
26 - INFO - chord#: 36 In build_straw_man_chord_sa. tolerance = 1, sa_iterations = 1000, initial_temperature = 3.0, cooling_rate = 0.999
26 - INFO - chord#: 30 done. best_score=36.0, changed=517, unchanged=357, early_stops=8/8
26 - INFO - chord#: 32 In build_straw_man_chord_sa. tolerance = 1, sa_iterations = 1000, initial_temperature = 3.0, cooling_rate = 0.999
26 - INFO - chord#: 24 done. best_score=27.0, changed=524, unchanged=457, early_stops=8/8
26 - INFO - chord#: 28 In build_straw_man_chord_sa. tolerance = 1, sa_iterations = 1000, initial_temperature = 3.0, cooling_rate = 0.999
26 - INFO - chord#: 34 done. best_score=36.0, changed=523, unchanged=324, early_stops=8/8
26 - INFO - chord#: 36 In build_straw_man_chord_sa. tolerance = 1, sa_iterations = 1000, initial_temperature = 3.0, cooling_rate = 0.999
26 - INFO - chord#: 36 done. best_score=140.0, changed=613, unchanged=273, early_stops=8/8
26 - INFO - chord#: 38 In build_straw_man_chord_sa. tolerance = 1, sa_iterations = 1000, initial_temperature = 3.0, cooling_rate = 0.999
26 - INFO - chord#: 28 done. best_score=104.0, changed=611, unchanged=317, early_stops=8/8
26 - INFO - chord#: 30 In build_straw_man_chord_sa. tolerance = 1, sa_iterations = 1000, initial_temperature = 3.0, cooling_rate = 0.999
26 - INFO - chord#: 34 done. best_score=27.0, changed=519, unchanged=388, early_stops=8/8
26 - INFO - chord#: 36 In build_straw_man_chord_sa. tolerance = 1, sa_iterations = 1000, initial_temperature = 3.0, cooling_rate = 0.999
26 - INFO - chord#: 30 done. best_score=36.0, changed=515, unchanged=326, early_stops=8/8
26 - INFO - chord#: 32 In build_straw_man_chord_sa. tolerance = 1, sa_iterations = 1000, initial_temperature = 3.0, cooling_rate = 0.999
26 - INFO - chord#: 32 done. best_score=35.0, changed=517, unchanged=316, early_stops=8/8
26 - INFO - chord#: 34 In build_straw_man_chord_sa. tolerance = 1, sa_iterations = 1000, initial_temperature = 3.0, cooling_rate = 0.999
26 - INFO - chord#: 28 done. best_score=64.0, changed=611, unchanged=355, early_stops=8/8
26 - INFO - chord#: 30 In build_straw_man_chord_sa. tolerance = 1, sa_iterations = 1000, initial_temperature = 3.0, cooling_rate = 0.999
26 - INFO - chord#: 28 done. best_score=64.0, changed=612, unchanged=366, early_stops=8/8
26 - INFO - chord#: 30 In build_straw_man_chord_sa. tolerance = 1, sa_iterations = 1000, initial_temperature = 3.0, cooling_rate = 0.999
26 - INFO - chord#: 36 done. best_score=71.0, changed=611, unchanged=223, early_stops=8/8
26 - INFO - chord#: 38 In build_straw_man_chord_sa. tolerance = 1, sa_iterations = 1000, initial_temperature = 3.0, cooling_rate = 0.999
26 - INFO - chord#: 36 done. best_score=64.0, changed=612, unchanged=318, early_stops=8/8
26 - INFO - chord#: 38 In build_straw_man_chord_sa. tolerance = 1, sa_iterations = 1000, initial_temperature = 3.0, cooling_rate = 0.999
26 - INFO - chord#: 32 done. best_score=35.0, changed=527, unchanged=398, early_stops=8/8
26 - INFO - chord#: 34 In build_straw_man_chord_sa. tolerance = 1, sa_iterations = 1000, initial_temperature = 3.0, cooling_rate = 0.999
26 - INFO - chord#: 34 done. best_score=36.0, changed=537, unchanged=291, early_stops=8/8
26 - INFO - chord#: 36 In build_straw_man_chord_sa. tolerance = 1, sa_iterations = 1000, initial_temperature = 3.0, cooling_rate = 0.999
26 - INFO - chord#: 28 done. best_score=64.0, changed=612, unchanged=389, early_stops=8/8
26 - INFO - chord#: 30 In build_straw_man_chord_sa. tolerance = 1, sa_iterations = 1000, initial_temperature = 3.0, cooling_rate = 0.999
26 - INFO - chord#: 38 done. best_score=36.0, changed=521, unchanged=456, early_stops=8/8
26 - INFO - chord#: 39 In build_straw_man_chord_sa. tolerance = 1, sa_iterations = 1000, initial_temperature = 3.0, cooling_rate = 0.999
26 - INFO - chord#: 30 done. best_score=36.0, changed=521, unchanged=438, early_stops=8/8
26 - INFO - chord#: 32 In build_straw_man_chord_sa. tolerance = 1, sa_iterations = 1000, initial_temperature = 3.0, cooling_rate = 0.999
26 - INFO - chord#: 30 done. best_score=36.0, changed=528, unchanged=386, early_stops=8/8
26 - INFO - chord#: 32 In build_straw_man_chord_sa. tolerance = 1, sa_iterations = 1000, initial_temperature = 3.0, cooling_rate = 0.999
26 - INFO - chord#: 38 done. best_score=36.0, changed=518, unchanged=333, early_stops=8/8
26 - INFO - chord#: 36 done. best_score=157.0, changed=606, unchanged=253, early_stops=8/8
26 - INFO - chord#: 38 In build_straw_man_chord_sa. tolerance = 1, sa_iterations = 1000, initial_temperature = 3.0, cooling_rate = 0.999
26 - INFO - chord#: 39 In build_straw_man_chord_sa. tolerance = 1, sa_iterations = 1000, initial_temperature = 3.0, cooling_rate = 0.999
26 - INFO - chord#: 30 done. best_score=36.0, changed=540, unchanged=536, early_stops=8/8
26 - INFO - chord#: 32 In build_straw_man_chord_sa. tolerance = 1, sa_iterations = 1000, initial_temperature = 3.0, cooling_rate = 0.999
26 - INFO - chord#: 34 done. best_score=36.0, changed=523, unchanged=296, early_stops=8/8
26 - INFO - chord#: 36 In build_straw_man_chord_sa. tolerance = 1, sa_iterations = 1000, initial_temperature = 3.0, cooling_rate = 0.999
26 - INFO - chord#: 28 done. best_score=71.0, changed=608, unchanged=268, early_stops=8/8
26 - INFO - chord#: 30 In build_straw_man_chord_sa. tolerance = 1, sa_iterations = 1000, initial_temperature = 3.0, cooling_rate = 0.999
26 - INFO - chord#: 30 done. best_score=36.0, changed=523, unchanged=325, early_stops=8/8
26 - INFO - chord#: 32 In build_straw_man_chord_sa. tolerance = 1, sa_iterations = 1000, initial_temperature = 3.0, cooling_rate = 0.999
26 - INFO - chord#: 36 done. best_score=145.0, changed=609, unchanged=370, early_stops=8/8
26 - INFO - chord#: 38 In build_straw_man_chord_sa. tolerance = 1, sa_iterations = 1000, initial_temperature = 3.0, cooling_rate = 0.999
26 - INFO - chord#: 38 done. best_score=36.0, changed=520, unchanged=415, early_stops=8/8
26 - INFO - chord#: 39 In build_straw_man_chord_sa. tolerance = 1, sa_iterations = 1000, initial_temperature = 3.0, cooling_rate = 0.999
26 - INFO - chord#: 32 done. best_score=35.0, changed=518, unchanged=406, early_stops=8/8
26 - INFO - chord#: 34 In build_straw_man_chord_sa. tolerance = 1, sa_iterations = 1000, initial_temperature = 3.0, cooling_rate = 0.999
26 - INFO - chord#: 39 done. best_score=27.0, changed=519, unchanged=418, early_stops=8/8
26 - INFO - chord#: 40 In build_straw_man_chord_sa. tolerance = 1, sa_iterations = 1000, initial_temperature = 3.0, cooling_rate = 0.999
26 - INFO - chord#: 38 done. best_score=36.0, changed=524, unchanged=346, early_stops=8/8
26 - INFO - chord#: 39 In build_straw_man_chord_sa. tolerance = 1, sa_iterations = 1000, initial_temperature = 3.0, cooling_rate = 0.999
26 - INFO - chord#: 32 done. best_score=35.0, changed=527, unchanged=385, early_stops=8/8
26 - INFO - chord#: 34 In build_straw_man_chord_sa. tolerance = 1, sa_iterations = 1000, initial_temperature = 3.0, cooling_rate = 0.999
26 - INFO - chord#: 39 done. best_score=36.0, changed=529, unchanged=495, early_stops=8/8
26 - INFO - chord#: 40 In build_straw_man_chord_sa. tolerance = 1, sa_iterations = 1000, initial_temperature = 3.0, cooling_rate = 0.999
26 - INFO - chord#: 32 done. best_score=35.0, changed=528, unchanged=402, early_stops=8/8
26 - INFO - chord#: 34 In build_straw_man_chord_sa. tolerance = 1, sa_iterations = 1000, initial_temperature = 3.0, cooling_rate = 0.999
26 - INFO - chord#: 30 done. best_score=36.0, changed=529, unchanged=389, early_stops=8/8
26 - INFO - chord#: 32 In build_straw_man_chord_sa. tolerance = 1, sa_iterations = 1000, initial_temperature = 3.0, cooling_rate = 0.999
26 - INFO - chord#: 36 done. best_score=71.0, changed=607, unchanged=336, early_stops=8/8
26 - INFO - chord#: 38 In build_straw_man_chord_sa. tolerance = 1, sa_iterations = 1000, initial_temperature = 3.0, cooling_rate = 0.999
26 - INFO - chord#: 38 done. best_score=57.0, changed=514, unchanged=309, early_stops=8/8
26 - INFO - chord#: 39 In build_straw_man_chord_sa. tolerance = 1, sa_iterations = 1000, initial_temperature = 3.0, cooling_rate = 0.999
26 - INFO - chord#: 39 done. best_score=36.0, changed=527, unchanged=457, early_stops=8/8
26 - INFO - chord#: 40 In build_straw_man_chord_sa. tolerance = 1, sa_iterations = 1000, initial_temperature = 3.0, cooling_rate = 0.999
26 - INFO - chord#: 34 done. best_score=36.0, changed=518, unchanged=383, early_stops=8/8
26 - INFO - chord#: 36 In build_straw_man_chord_sa. tolerance = 1, sa_iterations = 1000, initial_temperature = 3.0, cooling_rate = 0.999
26 - INFO - chord#: 32 done. best_score=35.0, changed=532, unchanged=544, early_stops=8/8
26 - INFO - chord#: 34 In build_straw_man_chord_sa. tolerance = 1, sa_iterations = 1000, initial_temperature = 3.0, cooling_rate = 0.999
26 - INFO - chord#: 34 done. best_score=27.0, changed=529, unchanged=348, early_stops=8/8
26 - INFO - chord#: 36 In build_straw_man_chord_sa. tolerance = 1, sa_iterations = 1000, initial_temperature = 3.0, cooling_rate = 0.999
26 - INFO - chord#: 39 done. best_score=27.0, changed=521, unchanged=389, early_stops=8/8
26 - INFO - chord#: 40 In build_straw_man_chord_sa. tolerance = 1, sa_iterations = 1000, initial_temperature = 3.0, cooling_rate = 0.999
26 - INFO - chord#: 40 done. best_score=27.0, changed=519, unchanged=443, early_stops=8/8
26 - INFO - chord#: 42 In build_straw_man_chord_sa. tolerance = 1, sa_iterations = 1000, initial_temperature = 3.0, cooling_rate = 0.999
26 - INFO - chord#: 34 done. best_score=27.0, changed=523, unchanged=343, early_stops=8/8
26 - INFO - chord#: 36 In build_straw_man_chord_sa. tolerance = 1, sa_iterations = 1000, initial_temperature = 3.0, cooling_rate = 0.999
26 - INFO - chord#: 40 done. best_score=27.0, changed=524, unchanged=424, early_stops=8/8
26 - INFO - chord#: 42 In build_straw_man_chord_sa. tolerance = 1, sa_iterations = 1000, initial_temperature = 3.0, cooling_rate = 0.999
26 - INFO - chord#: 36 done. best_score=71.0, changed=609, unchanged=278, early_stops=8/8
26 - INFO - chord#: 38 In build_straw_man_chord_sa. tolerance = 1, sa_iterations = 1000, initial_temperature = 3.0, cooling_rate = 0.999
26 - INFO - chord#: 38 done. best_score=36.0, changed=521, unchanged=312, early_stops=8/8
26 - INFO - chord#: 39 In build_straw_man_chord_sa. tolerance = 1, sa_iterations = 1000, initial_temperature = 3.0, cooling_rate = 0.999
26 - INFO - chord#: 39 done. best_score=27.0, changed=520, unchanged=342, early_stops=8/8
26 - INFO - chord#: 40 In build_straw_man_chord_sa. tolerance = 1, sa_iterations = 1000, initial_temperature = 3.0, cooling_rate = 0.999
26 - INFO - chord#: 32 done. best_score=35.0, changed=521, unchanged=469, early_stops=8/8
26 - INFO - chord#: 34 In build_straw_man_chord_sa. tolerance = 1, sa_iterations = 1000, initial_temperature = 3.0, cooling_rate = 0.999
26 - INFO - chord#: 40 done. best_score=27.0, changed=513, unchanged=421, early_stops=8/8
26 - INFO - chord#: 42 In build_straw_man_chord_sa. tolerance = 1, sa_iterations = 1000, initial_temperature = 3.0, cooling_rate = 0.999
26 - INFO - chord#: 38 done. best_score=36.0, changed=517, unchanged=335, early_stops=8/8
26 - INFO - chord#: 39 In build_straw_man_chord_sa. tolerance = 1, sa_iterations = 1000, initial_temperature = 3.0, cooling_rate = 0.999
26 - INFO - chord#: 34 done. best_score=27.0, changed=514, unchanged=409, early_stops=8/8
26 - INFO - chord#: 36 In build_straw_man_chord_sa. tolerance = 1, sa_iterations = 1000, initial_temperature = 3.0, cooling_rate = 0.999
26 - INFO - chord#: 39 done. best_score=36.0, changed=520, unchanged=381, early_stops=8/8
26 - INFO - chord#: 40 In build_straw_man_chord_sa. tolerance = 1, sa_iterations = 1000, initial_temperature = 3.0, cooling_rate = 0.999
26 - INFO - chord#: 40 done. best_score=27.0, changed=523, unchanged=521, early_stops=8/8
26 - INFO - chord#: 42 In build_straw_man_chord_sa. tolerance = 1, sa_iterations = 1000, initial_temperature = 3.0, cooling_rate = 0.999
26 - INFO - chord#: 36 done. best_score=162.0, changed=608, unchanged=224, early_stops=8/8
26 - INFO - chord#: 38 In build_straw_man_chord_sa. tolerance = 1, sa_iterations = 1000, initial_temperature = 3.0, cooling_rate = 0.999
26 - INFO - chord#: 34 done. best_score=36.0, changed=525, unchanged=355, early_stops=8/8
26 - INFO - chord#: 36 In build_straw_man_chord_sa. tolerance = 1, sa_iterations = 1000, initial_temperature = 3.0, cooling_rate = 0.999
26 - INFO - chord#: 40 done. best_score=27.0, changed=518, unchanged=374, early_stops=8/8
26 - INFO - chord#: 42 In build_straw_man_chord_sa. tolerance = 1, sa_iterations = 1000, initial_temperature = 3.0, cooling_rate = 0.999
26 - INFO - chord#: 36 done. best_score=162.0, changed=609, unchanged=218, early_stops=8/8
26 - INFO - chord#: 38 In build_straw_man_chord_sa. tolerance = 1, sa_iterations = 1000, initial_temperature = 3.0, cooling_rate = 0.999
26 - INFO - chord#: 39 done. best_score=36.0, changed=531, unchanged=430, early_stops=8/8
26 - INFO - chord#: 40 In build_straw_man_chord_sa. tolerance = 1, sa_iterations = 1000, initial_temperature = 3.0, cooling_rate = 0.999
26 - INFO - chord#: 40 done. best_score=27.0, changed=514, unchanged=430, early_stops=8/8
26 - INFO - chord#: 42 In build_straw_man_chord_sa. tolerance = 1, sa_iterations = 1000, initial_temperature = 3.0, cooling_rate = 0.999
26 - INFO - chord#: 36 done. best_score=140.0, changed=609, unchanged=350, early_stops=8/8
26 - INFO - chord#: 38 In build_straw_man_chord_sa. tolerance = 1, sa_iterations = 1000, initial_temperature = 3.0, cooling_rate = 0.999
26 - INFO - chord#: 38 done. best_score=36.0, changed=527, unchanged=435, early_stops=8/8
26 - INFO - chord#: 39 In build_straw_man_chord_sa. tolerance = 1, sa_iterations = 1000, initial_temperature = 3.0, cooling_rate = 0.999
26 - INFO - chord#: 42 done. best_score=67.0, changed=607, unchanged=248, early_stops=8/8
26 - INFO - chord#: 44 In build_straw_man_chord_sa. tolerance = 1, sa_iterations = 1000, initial_temperature = 3.0, cooling_rate = 0.999
26 - INFO - chord#: 42 done. best_score=67.0, changed=620, unchanged=422, early_stops=8/8
26 - INFO - chord#: 44 In build_straw_man_chord_sa. tolerance = 1, sa_iterations = 1000, initial_temperature = 3.0, cooling_rate = 0.999
26 - INFO - chord#: 42 done. best_score=137.0, changed=614, unchanged=302, early_stops=8/8
26 - INFO - chord#: 44 In build_straw_man_chord_sa. tolerance = 1, sa_iterations = 1000, initial_temperature = 3.0, cooling_rate = 0.999
26 - INFO - chord#: 38 done. best_score=36.0, changed=529, unchanged=467, early_stops=8/8
26 - INFO - chord#: 39 In build_straw_man_chord_sa. tolerance = 1, sa_iterations = 1000, initial_temperature = 3.0, cooling_rate = 0.999
26 - INFO - chord#: 40 done. best_score=27.0, changed=512, unchanged=445, early_stops=8/8
26 - INFO - chord#: 42 In build_straw_man_chord_sa. tolerance = 1, sa_iterations = 1000, initial_temperature = 3.0, cooling_rate = 0.999
26 - INFO - chord#: 39 done. best_score=27.0, changed=516, unchanged=337, early_stops=8/8
26 - INFO - chord#: 40 In build_straw_man_chord_sa. tolerance = 1, sa_iterations = 1000, initial_temperature = 3.0, cooling_rate = 0.999
26 - INFO - chord#: 44 done. best_score=27.0, changed=514, unchanged=313, early_stops=8/8
26 - INFO - chord#: 48 In build_straw_man_chord_sa. tolerance = 1, sa_iterations = 1000, initial_temperature = 3.0, cooling_rate = 0.999
26 - INFO - chord#: 38 done. best_score=36.0, changed=521, unchanged=396, early_stops=8/8
26 - INFO - chord#: 39 In build_straw_man_chord_sa. tolerance = 1, sa_iterations = 1000, initial_temperature = 3.0, cooling_rate = 0.999
26 - INFO - chord#: 44 done. best_score=27.0, changed=522, unchanged=335, early_stops=8/8
26 - INFO - chord#: 48 In build_straw_man_chord_sa. tolerance = 1, sa_iterations = 1000, initial_temperature = 3.0, cooling_rate = 0.999
26 - INFO - chord#: 36 done. best_score=64.0, changed=610, unchanged=370, early_stops=8/8
26 - INFO - chord#: 38 In build_straw_man_chord_sa. tolerance = 1, sa_iterations = 1000, initial_temperature = 3.0, cooling_rate = 0.999
26 - INFO - chord#: 48 done. best_score=9.0, changed=466, unchanged=343, early_stops=8/8
26 - INFO - chord#: 50 In build_straw_man_chord_sa. tolerance = 1, sa_iterations = 1000, initial_temperature = 3.0, cooling_rate = 0.999
26 - INFO - chord#: 48 done. best_score=9.0, changed=491, unchanged=350, early_stops=8/8
26 - INFO - chord#: 50 In build_straw_man_chord_sa. tolerance = 1, sa_iterations = 1000, initial_temperature = 3.0, cooling_rate = 0.999
26 - INFO - chord#: 36 done. best_score=146.0, changed=610, unchanged=231, early_stops=8/8
26 - INFO - chord#: 38 In build_straw_man_chord_sa. tolerance = 1, sa_iterations = 1000, initial_temperature = 3.0, cooling_rate = 0.999
26 - INFO - chord#: 44 done. best_score=27.0, changed=528, unchanged=373, early_stops=8/8
26 - INFO - chord#: 48 In build_straw_man_chord_sa. tolerance = 1, sa_iterations = 1000, initial_temperature = 3.0, cooling_rate = 0.999
26 - INFO - chord#: 39 done. best_score=27.0, changed=524, unchanged=408, early_stops=8/8
26 - INFO - chord#: 40 In build_straw_man_chord_sa. tolerance = 1, sa_iterations = 1000, initial_temperature = 3.0, cooling_rate = 0.999
26 - INFO - chord#: 48 done. best_score=9.0, changed=467, unchanged=371, early_stops=8/8
26 - INFO - chord#: 50 In build_straw_man_chord_sa. tolerance = 1, sa_iterations = 1000, initial_temperature = 3.0, cooling_rate = 0.999
26 - INFO - chord#: 42 done. best_score=137.0, changed=608, unchanged=205, early_stops=8/8
26 - INFO - chord#: 44 In build_straw_man_chord_sa. tolerance = 1, sa_iterations = 1000, initial_temperature = 3.0, cooling_rate = 0.999
26 - INFO - chord#: 42 done. best_score=67.0, changed=607, unchanged=254, early_stops=8/8
26 - INFO - chord#: 44 In build_straw_man_chord_sa. tolerance = 1, sa_iterations = 1000, initial_temperature = 3.0, cooling_rate = 0.999
26 - INFO - chord#: 40 done. best_score=27.0, changed=528, unchanged=523, early_stops=8/8
26 - INFO - chord#: 42 In build_straw_man_chord_sa. tolerance = 1, sa_iterations = 1000, initial_temperature = 3.0, cooling_rate = 0.999
26 - INFO - chord#: 50 done. best_score=35.0, changed=517, unchanged=319, early_stops=8/8
26 - INFO - chord#: 52 In build_straw_man_chord_sa. tolerance = 1, sa_iterations = 1000, initial_temperature = 3.0, cooling_rate = 0.999
26 - INFO - chord#: 42 done. best_score=96.0, changed=615, unchanged=472, early_stops=8/8
26 - INFO - chord#: 44 In build_straw_man_chord_sa. tolerance = 1, sa_iterations = 1000, initial_temperature = 3.0, cooling_rate = 0.999
26 - INFO - chord#: 39 done. best_score=27.0, changed=516, unchanged=394, early_stops=8/8
26 - INFO - chord#: 40 In build_straw_man_chord_sa. tolerance = 1, sa_iterations = 1000, initial_temperature = 3.0, cooling_rate = 0.999
26 - INFO - chord#: 38 done. best_score=36.0, changed=517, unchanged=334, early_stops=8/8
26 - INFO - chord#: 39 In build_straw_man_chord_sa. tolerance = 1, sa_iterations = 1000, initial_temperature = 3.0, cooling_rate = 0.999
26 - INFO - chord#: 50 done. best_score=35.0, changed=523, unchanged=500, early_stops=8/8
26 - INFO - chord#: 52 In build_straw_man_chord_sa. tolerance = 1, sa_iterations = 1000, initial_temperature = 3.0, cooling_rate = 0.999
26 - INFO - chord#: 42 done. best_score=67.0, changed=608, unchanged=276, early_stops=8/8
26 - INFO - chord#: 44 In build_straw_man_chord_sa. tolerance = 1, sa_iterations = 1000, initial_temperature = 3.0, cooling_rate = 0.999
26 - INFO - chord#: 40 done. best_score=27.0, changed=520, unchanged=439, early_stops=8/8
26 - INFO - chord#: 42 In build_straw_man_chord_sa. tolerance = 1, sa_iterations = 1000, initial_temperature = 3.0, cooling_rate = 0.999
26 - INFO - chord#: 50 done. best_score=35.0, changed=517, unchanged=403, early_stops=8/8
26 - INFO - chord#: 52 In build_straw_man_chord_sa. tolerance = 1, sa_iterations = 1000, initial_temperature = 3.0, cooling_rate = 0.999
26 - INFO - chord#: 38 done. best_score=36.0, changed=522, unchanged=422, early_stops=8/8
26 - INFO - chord#: 39 In build_straw_man_chord_sa. tolerance = 1, sa_iterations = 1000, initial_temperature = 3.0, cooling_rate = 0.999
26 - INFO - chord#: 44 done. best_score=27.0, changed=522, unchanged=335, early_stops=8/8
26 - INFO - chord#: 48 In build_straw_man_chord_sa. tolerance = 1, sa_iterations = 1000, initial_temperature = 3.0, cooling_rate = 0.999
26 - INFO - chord#: 44 done. best_score=27.0, changed=521, unchanged=414, early_stops=8/8
26 - INFO - chord#: 48 In build_straw_man_chord_sa. tolerance = 1, sa_iterations = 1000, initial_temperature = 3.0, cooling_rate = 0.999
26 - INFO - chord#: 48 done. best_score=9.0, changed=491, unchanged=322, early_stops=8/8
26 - INFO - chord#: 50 In build_straw_man_chord_sa. tolerance = 1, sa_iterations = 1000, initial_temperature = 3.0, cooling_rate = 0.999
26 - INFO - chord#: 52 done. best_score=27.0, changed=519, unchanged=366, early_stops=8/8
26 - INFO - chord#: 54 In build_straw_man_chord_sa. tolerance = 1, sa_iterations = 1000, initial_temperature = 3.0, cooling_rate = 0.999
26 - INFO - chord#: 48 done. best_score=9.0, changed=480, unchanged=348, early_stops=8/8
26 - INFO - chord#: 50 In build_straw_man_chord_sa. tolerance = 1, sa_iterations = 1000, initial_temperature = 3.0, cooling_rate = 0.999
26 - INFO - chord#: 44 done. best_score=27.0, changed=520, unchanged=350, early_stops=8/8
26 - INFO - chord#: 48 In build_straw_man_chord_sa. tolerance = 1, sa_iterations = 1000, initial_temperature = 3.0, cooling_rate = 0.999
26 - INFO - chord#: 52 done. best_score=27.0, changed=524, unchanged=388, early_stops=8/8
26 - INFO - chord#: 54 In build_straw_man_chord_sa. tolerance = 1, sa_iterations = 1000, initial_temperature = 3.0, cooling_rate = 0.999
26 - INFO - chord#: 44 done. best_score=27.0, changed=518, unchanged=389, early_stops=8/8
26 - INFO - chord#: 48 In build_straw_man_chord_sa. tolerance = 1, sa_iterations = 1000, initial_temperature = 3.0, cooling_rate = 0.999
26 - INFO - chord#: 39 done. best_score=36.0, changed=528, unchanged=430, early_stops=8/8
26 - INFO - chord#: 40 In build_straw_man_chord_sa. tolerance = 1, sa_iterations = 1000, initial_temperature = 3.0, cooling_rate = 0.999
26 - INFO - chord#: 48 done. best_score=9.0, changed=463, unchanged=368, early_stops=8/8
26 - INFO - chord#: 50 In build_straw_man_chord_sa. tolerance = 1, sa_iterations = 1000, initial_temperature = 3.0, cooling_rate = 0.999
26 - INFO - chord#: 52 done. best_score=27.0, changed=523, unchanged=415, early_stops=8/8
26 - INFO - chord#: 54 In build_straw_man_chord_sa. tolerance = 1, sa_iterations = 1000, initial_temperature = 3.0, cooling_rate = 0.999
26 - INFO - chord#: 48 done. best_score=9.0, changed=499, unchanged=328, early_stops=8/8
26 - INFO - chord#: 50 In build_straw_man_chord_sa. tolerance = 1, sa_iterations = 1000, initial_temperature = 3.0, cooling_rate = 0.999
26 - INFO - chord#: 40 done. best_score=27.0, changed=529, unchanged=549, early_stops=8/8
26 - INFO - chord#: 42 In build_straw_man_chord_sa. tolerance = 1, sa_iterations = 1000, initial_temperature = 3.0, cooling_rate = 0.999
26 - INFO - chord#: 39 done. best_score=36.0, changed=523, unchanged=368, early_stops=8/8
26 - INFO - chord#: 40 In build_straw_man_chord_sa. tolerance = 1, sa_iterations = 1000, initial_temperature = 3.0, cooling_rate = 0.999
26 - INFO - chord#: 54 done. best_score=27.0, changed=518, unchanged=365, early_stops=8/8
26 - INFO - chord#: 56 In build_straw_man_chord_sa. tolerance = 1, sa_iterations = 1000, initial_temperature = 3.0, cooling_rate = 0.999
26 - INFO - chord#: 50 done. best_score=35.0, changed=516, unchanged=335, early_stops=8/8
26 - INFO - chord#: 52 In build_straw_man_chord_sa. tolerance = 1, sa_iterations = 1000, initial_temperature = 3.0, cooling_rate = 0.999
26 - INFO - chord#: 54 done. best_score=27.0, changed=516, unchanged=388, early_stops=8/8
26 - INFO - chord#: 56 In build_straw_man_chord_sa. tolerance = 1, sa_iterations = 1000, initial_temperature = 3.0, cooling_rate = 0.999
26 - INFO - chord#: 50 done. best_score=35.0, changed=524, unchanged=370, early_stops=8/8
26 - INFO - chord#: 52 In build_straw_man_chord_sa. tolerance = 1, sa_iterations = 1000, initial_temperature = 3.0, cooling_rate = 0.999
26 - INFO - chord#: 42 done. best_score=96.0, changed=616, unchanged=395, early_stops=8/8
26 - INFO - chord#: 44 In build_straw_man_chord_sa. tolerance = 1, sa_iterations = 1000, initial_temperature = 3.0, cooling_rate = 0.999
26 - INFO - chord#: 54 done. best_score=27.0, changed=509, unchanged=321, early_stops=8/8
26 - INFO - chord#: 56 In build_straw_man_chord_sa. tolerance = 1, sa_iterations = 1000, initial_temperature = 3.0, cooling_rate = 0.999
26 - INFO - chord#: 42 done. best_score=145.0, changed=610, unchanged=278, early_stops=8/8
26 - INFO - chord#: 44 In build_straw_man_chord_sa. tolerance = 1, sa_iterations = 1000, initial_temperature = 3.0, cooling_rate = 0.999
26 - INFO - chord#: 50 done. best_score=35.0, changed=517, unchanged=425, early_stops=8/8
26 - INFO - chord#: 52 In build_straw_man_chord_sa. tolerance = 1, sa_iterations = 1000, initial_temperature = 3.0, cooling_rate = 0.999
26 - INFO - chord#: 40 done. best_score=27.0, changed=519, unchanged=415, early_stops=8/8
26 - INFO - chord#: 42 In build_straw_man_chord_sa. tolerance = 1, sa_iterations = 1000, initial_temperature = 3.0, cooling_rate = 0.999
26 - INFO - chord#: 50 done. best_score=35.0, changed=519, unchanged=400, early_stops=8/8
26 - INFO - chord#: 52 In build_straw_man_chord_sa. tolerance = 1, sa_iterations = 1000, initial_temperature = 3.0, cooling_rate = 0.999
26 - INFO - chord#: 40 done. best_score=27.0, changed=517, unchanged=381, early_stops=8/8
26 - INFO - chord#: 42 In build_straw_man_chord_sa. tolerance = 1, sa_iterations = 1000, initial_temperature = 3.0, cooling_rate = 0.999
26 - INFO - chord#: 56 done. best_score=27.0, changed=515, unchanged=543, early_stops=8/8
26 - INFO - chord#: 58 In build_straw_man_chord_sa. tolerance = 1, sa_iterations = 1000, initial_temperature = 3.0, cooling_rate = 0.999
26 - INFO - chord#: 56 done. best_score=27.0, changed=525, unchanged=463, early_stops=8/8
26 - INFO - chord#: 58 In build_straw_man_chord_sa. tolerance = 1, sa_iterations = 1000, initial_temperature = 3.0, cooling_rate = 0.999
26 - INFO - chord#: 44 done. best_score=27.0, changed=525, unchanged=460, early_stops=8/8
26 - INFO - chord#: 48 In build_straw_man_chord_sa. tolerance = 1, sa_iterations = 1000, initial_temperature = 3.0, cooling_rate = 0.999
26 - INFO - chord#: 44 done. best_score=27.0, changed=514, unchanged=324, early_stops=8/8
26 - INFO - chord#: 48 In build_straw_man_chord_sa. tolerance = 1, sa_iterations = 1000, initial_temperature = 3.0, cooling_rate = 0.999
26 - INFO - chord#: 52 done. best_score=27.0, changed=538, unchanged=434, early_stops=8/8
26 - INFO - chord#: 54 In build_straw_man_chord_sa. tolerance = 1, sa_iterations = 1000, initial_temperature = 3.0, cooling_rate = 0.999
26 - INFO - chord#: 52 done. best_score=27.0, changed=514, unchanged=376, early_stops=8/8
26 - INFO - chord#: 54 In build_straw_man_chord_sa. tolerance = 1, sa_iterations = 1000, initial_temperature = 3.0, cooling_rate = 0.999
26 - INFO - chord#: 56 done. best_score=27.0, changed=522, unchanged=393, early_stops=8/8
26 - INFO - chord#: 58 In build_straw_man_chord_sa. tolerance = 1, sa_iterations = 1000, initial_temperature = 3.0, cooling_rate = 0.999
26 - INFO - chord#: 48 done. best_score=9.0, changed=490, unchanged=329, early_stops=8/8
26 - INFO - chord#: 50 In build_straw_man_chord_sa. tolerance = 1, sa_iterations = 1000, initial_temperature = 3.0, cooling_rate = 0.999
26 - INFO - chord#: 52 done. best_score=27.0, changed=522, unchanged=344, early_stops=8/8
26 - INFO - chord#: 54 In build_straw_man_chord_sa. tolerance = 1, sa_iterations = 1000, initial_temperature = 3.0, cooling_rate = 0.999
26 - INFO - chord#: 48 done. best_score=9.0, changed=485, unchanged=340, early_stops=8/8
26 - INFO - chord#: 50 In build_straw_man_chord_sa. tolerance = 1, sa_iterations = 1000, initial_temperature = 3.0, cooling_rate = 0.999
26 - INFO - chord#: 52 done. best_score=27.0, changed=530, unchanged=480, early_stops=8/8
26 - INFO - chord#: 54 In build_straw_man_chord_sa. tolerance = 1, sa_iterations = 1000, initial_temperature = 3.0, cooling_rate = 0.999
26 - INFO - chord#: 54 done. best_score=27.0, changed=518, unchanged=311, early_stops=8/8
26 - INFO - chord#: 56 In build_straw_man_chord_sa. tolerance = 1, sa_iterations = 1000, initial_temperature = 3.0, cooling_rate = 0.999
26 - INFO - chord#: 54 done. best_score=27.0, changed=523, unchanged=397, early_stops=8/8
26 - INFO - chord#: 56 In build_straw_man_chord_sa. tolerance = 1, sa_iterations = 1000, initial_temperature = 3.0, cooling_rate = 0.999
26 - INFO - chord#: 50 done. best_score=35.0, changed=520, unchanged=442, early_stops=8/8
26 - INFO - chord#: 52 In build_straw_man_chord_sa. tolerance = 1, sa_iterations = 1000, initial_temperature = 3.0, cooling_rate = 0.999
26 - INFO - chord#: 54 done. best_score=27.0, changed=527, unchanged=492, early_stops=8/8
26 - INFO - chord#: 56 In build_straw_man_chord_sa. tolerance = 1, sa_iterations = 1000, initial_temperature = 3.0, cooling_rate = 0.999
26 - INFO - chord#: 42 done. best_score=67.0, changed=611, unchanged=378, early_stops=8/8
26 - INFO - chord#: 44 In build_straw_man_chord_sa. tolerance = 1, sa_iterations = 1000, initial_temperature = 3.0, cooling_rate = 0.999
26 - INFO - chord#: 50 done. best_score=35.0, changed=524, unchanged=457, early_stops=8/8
26 - INFO - chord#: 52 In build_straw_man_chord_sa. tolerance = 1, sa_iterations = 1000, initial_temperature = 3.0, cooling_rate = 0.999
26 - INFO - chord#: 58 done. best_score=168.0, changed=613, unchanged=250, early_stops=8/8
26 - INFO - chord#: 60 In build_straw_man_chord_sa. tolerance = 1, sa_iterations = 1000, initial_temperature = 3.0, cooling_rate = 0.999
26 - INFO - chord#: 58 done. best_score=96.0, changed=607, unchanged=244, early_stops=8/8
26 - INFO - chord#: 60 In build_straw_man_chord_sa. tolerance = 1, sa_iterations = 1000, initial_temperature = 3.0, cooling_rate = 0.999
26 - INFO - chord#: 54 done. best_score=27.0, changed=521, unchanged=413, early_stops=8/8
26 - INFO - chord#: 56 In build_straw_man_chord_sa. tolerance = 1, sa_iterations = 1000, initial_temperature = 3.0, cooling_rate = 0.999
26 - INFO - chord#: 42 done. best_score=96.0, changed=616, unchanged=298, early_stops=8/8
26 - INFO - chord#: 44 In build_straw_man_chord_sa. tolerance = 1, sa_iterations = 1000, initial_temperature = 3.0, cooling_rate = 0.999
26 - INFO - chord#: 56 done. best_score=27.0, changed=525, unchanged=362, early_stops=8/8
26 - INFO - chord#: 58 In build_straw_man_chord_sa. tolerance = 1, sa_iterations = 1000, initial_temperature = 3.0, cooling_rate = 0.999
26 - INFO - chord#: 56 done. best_score=27.0, changed=522, unchanged=432, early_stops=8/8
26 - INFO - chord#: 58 In build_straw_man_chord_sa. tolerance = 1, sa_iterations = 1000, initial_temperature = 3.0, cooling_rate = 0.999
26 - INFO - chord#: 52 done. best_score=27.0, changed=528, unchanged=397, early_stops=8/8
26 - INFO - chord#: 54 In build_straw_man_chord_sa. tolerance = 1, sa_iterations = 1000, initial_temperature = 3.0, cooling_rate = 0.999
26 - INFO - chord#: 52 done. best_score=27.0, changed=520, unchanged=497, early_stops=8/8
26 - INFO - chord#: 54 In build_straw_man_chord_sa. tolerance = 1, sa_iterations = 1000, initial_temperature = 3.0, cooling_rate = 0.999
26 - INFO - chord#: 56 done. best_score=27.0, changed=517, unchanged=408, early_stops=8/8
26 - INFO - chord#: 58 In build_straw_man_chord_sa. tolerance = 1, sa_iterations = 1000, initial_temperature = 3.0, cooling_rate = 0.999
26 - INFO - chord#: 60 done. best_score=36.0, changed=528, unchanged=336, early_stops=8/8
26 - INFO - chord#: 62 In build_straw_man_chord_sa. tolerance = 1, sa_iterations = 1000, initial_temperature = 3.0, cooling_rate = 0.999
26 - INFO - chord#: 44 done. best_score=27.0, changed=523, unchanged=373, early_stops=8/8
26 - INFO - chord#: 48 In build_straw_man_chord_sa. tolerance = 1, sa_iterations = 1000, initial_temperature = 3.0, cooling_rate = 0.999
26 - INFO - chord#: 58 done. best_score=74.0, changed=617, unchanged=525, early_stops=8/8
26 - INFO - chord#: 60 In build_straw_man_chord_sa. tolerance = 1, sa_iterations = 1000, initial_temperature = 3.0, cooling_rate = 0.999
26 - INFO - chord#: 60 done. best_score=27.0, changed=519, unchanged=303, early_stops=8/8
26 - INFO - chord#: 62 In build_straw_man_chord_sa. tolerance = 1, sa_iterations = 1000, initial_temperature = 3.0, cooling_rate = 0.999
26 - INFO - chord#: 42 done. best_score=67.0, changed=611, unchanged=417, early_stops=8/8
26 - INFO - chord#: 44 In build_straw_man_chord_sa. tolerance = 1, sa_iterations = 1000, initial_temperature = 3.0, cooling_rate = 0.999
26 - INFO - chord#: 48 done. best_score=9.0, changed=483, unchanged=349, early_stops=8/8
26 - INFO - chord#: 50 In build_straw_man_chord_sa. tolerance = 1, sa_iterations = 1000, initial_temperature = 3.0, cooling_rate = 0.999
26 - INFO - chord#: 44 done. best_score=27.0, changed=519, unchanged=325, early_stops=8/8
26 - INFO - chord#: 48 In build_straw_man_chord_sa. tolerance = 1, sa_iterations = 1000, initial_temperature = 3.0, cooling_rate = 0.999
26 - INFO - chord#: 54 done. best_score=27.0, changed=521, unchanged=403, early_stops=8/8
26 - INFO - chord#: 54 done. best_score=27.0, changed=522, unchanged=399, early_stops=8/8
26 - INFO - chord#: 56 In build_straw_man_chord_sa. tolerance = 1, sa_iterations = 1000, initial_temperature = 3.0, cooling_rate = 0.999
26 - INFO - chord#: 56 In build_straw_man_chord_sa. tolerance = 1, sa_iterations = 1000, initial_temperature = 3.0, cooling_rate = 0.999
26 - INFO - chord#: 56 done. best_score=27.0, changed=520, unchanged=430, early_stops=8/8
26 - INFO - chord#: 58 In build_straw_man_chord_sa. tolerance = 1, sa_iterations = 1000, initial_temperature = 3.0, cooling_rate = 0.999
26 - INFO - chord#: 60 done. best_score=27.0, changed=516, unchanged=307, early_stops=8/8
26 - INFO - chord#: 62 In build_straw_man_chord_sa. tolerance = 1, sa_iterations = 1000, initial_temperature = 3.0, cooling_rate = 0.999
26 - INFO - chord#: 48 done. best_score=9.0, changed=479, unchanged=351, early_stops=8/8
26 - INFO - chord#: 50 In build_straw_man_chord_sa. tolerance = 1, sa_iterations = 1000, initial_temperature = 3.0, cooling_rate = 0.999
26 - INFO - chord#: 44 done. best_score=27.0, changed=527, unchanged=384, early_stops=8/8
26 - INFO - chord#: 48 In build_straw_man_chord_sa. tolerance = 1, sa_iterations = 1000, initial_temperature = 3.0, cooling_rate = 0.999
26 - INFO - chord#: 56 done. best_score=27.0, changed=523, unchanged=431, early_stops=8/8
26 - INFO - chord#: 58 In build_straw_man_chord_sa. tolerance = 1, sa_iterations = 1000, initial_temperature = 3.0, cooling_rate = 0.999
26 - INFO - chord#: 48 done. best_score=9.0, changed=474, unchanged=341, early_stops=8/8
26 - INFO - chord#: 50 In build_straw_man_chord_sa. tolerance = 1, sa_iterations = 1000, initial_temperature = 3.0, cooling_rate = 0.999
26 - INFO - chord#: 50 done. best_score=35.0, changed=526, unchanged=535, early_stops=8/8
26 - INFO - chord#: 52 In build_straw_man_chord_sa. tolerance = 1, sa_iterations = 1000, initial_temperature = 3.0, cooling_rate = 0.999
26 - INFO - chord#: 56 done. best_score=27.0, changed=518, unchanged=430, early_stops=8/8
26 - INFO - chord#: 58 In build_straw_man_chord_sa. tolerance = 1, sa_iterations = 1000, initial_temperature = 3.0, cooling_rate = 0.999
26 - INFO - chord#: 58 done. best_score=74.0, changed=610, unchanged=301, early_stops=8/8
26 - INFO - chord#: 60 In build_straw_man_chord_sa. tolerance = 1, sa_iterations = 1000, initial_temperature = 3.0, cooling_rate = 0.999
26 - INFO - chord#: 62 done. best_score=70.0, changed=610, unchanged=341, early_stops=8/8
26 - INFO - chord#: 64 In build_straw_man_chord_sa. tolerance = 1, sa_iterations = 1000, initial_temperature = 3.0, cooling_rate = 0.999
26 - INFO - chord#: 50 done. best_score=35.0, changed=523, unchanged=476, early_stops=8/8
26 - INFO - chord#: 52 In build_straw_man_chord_sa. tolerance = 1, sa_iterations = 1000, initial_temperature = 3.0, cooling_rate = 0.999
26 - INFO - chord#: 62 done. best_score=75.0, changed=613, unchanged=327, early_stops=8/8
26 - INFO - chord#: 58 done. best_score=96.0, changed=612, unchanged=283, early_stops=8/8
26 - INFO - chord#: 64 In build_straw_man_chord_sa. tolerance = 1, sa_iterations = 1000, initial_temperature = 3.0, cooling_rate = 0.999
26 - INFO - chord#: 60 In build_straw_man_chord_sa. tolerance = 1, sa_iterations = 1000, initial_temperature = 3.0, cooling_rate = 0.999
26 - INFO - chord#: 58 done. best_score=164.0, changed=610, unchanged=403, early_stops=8/8
26 - INFO - chord#: 60 In build_straw_man_chord_sa. tolerance = 1, sa_iterations = 1000, initial_temperature = 3.0, cooling_rate = 0.999
26 - INFO - chord#: 60 done. best_score=27.0, changed=523, unchanged=331, early_stops=8/8
26 - INFO - chord#: 62 In build_straw_man_chord_sa. tolerance = 1, sa_iterations = 1000, initial_temperature = 3.0, cooling_rate = 0.999
26 - INFO - chord#: 52 done. best_score=27.0, changed=515, unchanged=313, early_stops=8/8
26 - INFO - chord#: 54 In build_straw_man_chord_sa. tolerance = 1, sa_iterations = 1000, initial_temperature = 3.0, cooling_rate = 0.999
26 - INFO - chord#: 64 done. best_score=27.0, changed=516, unchanged=327, early_stops=8/8
26 - INFO - chord#: 68 In build_straw_man_chord_sa. tolerance = 1, sa_iterations = 1000, initial_temperature = 3.0, cooling_rate = 0.999
26 - INFO - chord#: 50 done. best_score=35.0, changed=526, unchanged=383, early_stops=8/8
26 - INFO - chord#: 52 In build_straw_man_chord_sa. tolerance = 1, sa_iterations = 1000, initial_temperature = 3.0, cooling_rate = 0.999
26 - INFO - chord#: 62 done. best_score=75.0, changed=610, unchanged=281, early_stops=8/8
26 - INFO - chord#: 64 In build_straw_man_chord_sa. tolerance = 1, sa_iterations = 1000, initial_temperature = 3.0, cooling_rate = 0.999
26 - INFO - chord#: 60 done. best_score=57.0, changed=519, unchanged=337, early_stops=8/8
26 - INFO - chord#: 62 In build_straw_man_chord_sa. tolerance = 1, sa_iterations = 1000, initial_temperature = 3.0, cooling_rate = 0.999
26 - INFO - chord#: 60 done. best_score=27.0, changed=523, unchanged=359, early_stops=8/8
26 - INFO - chord#: 62 In build_straw_man_chord_sa. tolerance = 1, sa_iterations = 1000, initial_temperature = 3.0, cooling_rate = 0.999
26 - INFO - chord#: 52 done. best_score=27.0, changed=523, unchanged=390, early_stops=8/8
26 - INFO - chord#: 54 In build_straw_man_chord_sa. tolerance = 1, sa_iterations = 1000, initial_temperature = 3.0, cooling_rate = 0.999
26 - INFO - chord#: 58 done. best_score=74.0, changed=609, unchanged=260, early_stops=8/8
26 - INFO - chord#: 60 In build_straw_man_chord_sa. tolerance = 1, sa_iterations = 1000, initial_temperature = 3.0, cooling_rate = 0.999
26 - INFO - chord#: 68 done. best_score=27.0, changed=516, unchanged=316, early_stops=8/8
26 - INFO - chord#: 70 In build_straw_man_chord_sa. tolerance = 1, sa_iterations = 1000, initial_temperature = 3.0, cooling_rate = 0.999
26 - INFO - chord#: 58 done. best_score=121.0, changed=612, unchanged=411, early_stops=8/8
26 - INFO - chord#: 60 In build_straw_man_chord_sa. tolerance = 1, sa_iterations = 1000, initial_temperature = 3.0, cooling_rate = 0.999
26 - INFO - chord#: 54 done. best_score=27.0, changed=542, unchanged=558, early_stops=8/8
26 - INFO - chord#: 56 In build_straw_man_chord_sa. tolerance = 1, sa_iterations = 1000, initial_temperature = 3.0, cooling_rate = 0.999
26 - INFO - chord#: 64 done. best_score=27.0, changed=530, unchanged=550, early_stops=8/8
26 - INFO - chord#: 68 In build_straw_man_chord_sa. tolerance = 1, sa_iterations = 1000, initial_temperature = 3.0, cooling_rate = 0.999
26 - INFO - chord#: 58 done. best_score=74.0, changed=609, unchanged=339, early_stops=8/8
26 - INFO - chord#: 60 In build_straw_man_chord_sa. tolerance = 1, sa_iterations = 1000, initial_temperature = 3.0, cooling_rate = 0.999
26 - INFO - chord#: 52 done. best_score=27.0, changed=518, unchanged=484, early_stops=8/8
26 - INFO - chord#: 54 In build_straw_man_chord_sa. tolerance = 1, sa_iterations = 1000, initial_temperature = 3.0, cooling_rate = 0.999
26 - INFO - chord#: 60 done. best_score=27.0, changed=528, unchanged=325, early_stops=8/8
26 - INFO - chord#: 62 In build_straw_man_chord_sa. tolerance = 1, sa_iterations = 1000, initial_temperature = 3.0, cooling_rate = 0.999
26 - INFO - chord#: 64 done. best_score=27.0, changed=534, unchanged=643, early_stops=8/8
26 - INFO - chord#: 68 In build_straw_man_chord_sa. tolerance = 1, sa_iterations = 1000, initial_temperature = 3.0, cooling_rate = 0.999
26 - INFO - chord#: 60 done. best_score=27.0, changed=523, unchanged=290, early_stops=8/8
26 - INFO - chord#: 62 In build_straw_man_chord_sa. tolerance = 1, sa_iterations = 1000, initial_temperature = 3.0, cooling_rate = 0.999
26 - INFO - chord#: 54 done. best_score=27.0, changed=519, unchanged=338, early_stops=8/8
26 - INFO - chord#: 56 In build_straw_man_chord_sa. tolerance = 1, sa_iterations = 1000, initial_temperature = 3.0, cooling_rate = 0.999
26 - INFO - chord#: 56 done. best_score=27.0, changed=526, unchanged=400, early_stops=8/8
26 - INFO - chord#: 58 In build_straw_man_chord_sa. tolerance = 1, sa_iterations = 1000, initial_temperature = 3.0, cooling_rate = 0.999
26 - INFO - chord#: 60 done. best_score=27.0, changed=521, unchanged=333, early_stops=8/8
26 - INFO - chord#: 62 In build_straw_man_chord_sa. tolerance = 1, sa_iterations = 1000, initial_temperature = 3.0, cooling_rate = 0.999
26 - INFO - chord#: 68 done. best_score=27.0, changed=519, unchanged=349, early_stops=8/8
26 - INFO - chord#: 70 In build_straw_man_chord_sa. tolerance = 1, sa_iterations = 1000, initial_temperature = 3.0, cooling_rate = 0.999
26 - INFO - chord#: 62 done. best_score=70.0, changed=613, unchanged=413, early_stops=8/8
26 - INFO - chord#: 64 In build_straw_man_chord_sa. tolerance = 1, sa_iterations = 1000, initial_temperature = 3.0, cooling_rate = 0.999
26 - INFO - chord#: 54 done. best_score=27.0, changed=515, unchanged=336, early_stops=8/8
26 - INFO - chord#: 56 In build_straw_man_chord_sa. tolerance = 1, sa_iterations = 1000, initial_temperature = 3.0, cooling_rate = 0.999
26 - INFO - chord#: 68 done. best_score=27.0, changed=520, unchanged=368, early_stops=8/8
26 - INFO - chord#: 70 In build_straw_man_chord_sa. tolerance = 1, sa_iterations = 1000, initial_temperature = 3.0, cooling_rate = 0.999
26 - INFO - chord#: 70 done. best_score=145.0, changed=613, unchanged=246, early_stops=8/8
26 - INFO - chord#: 72 In build_straw_man_chord_sa. tolerance = 1, sa_iterations = 1000, initial_temperature = 3.0, cooling_rate = 0.999
26 - INFO - chord#: 62 done. best_score=97.0, changed=613, unchanged=233, early_stops=8/8
26 - INFO - chord#: 64 In build_straw_man_chord_sa. tolerance = 1, sa_iterations = 1000, initial_temperature = 3.0, cooling_rate = 0.999
26 - INFO - chord#: 62 done. best_score=70.0, changed=612, unchanged=431, early_stops=8/8
26 - INFO - chord#: 64 In build_straw_man_chord_sa. tolerance = 1, sa_iterations = 1000, initial_temperature = 3.0, cooling_rate = 0.999
26 - INFO - chord#: 56 done. best_score=27.0, changed=518, unchanged=429, early_stops=8/8
26 - INFO - chord#: 58 In build_straw_man_chord_sa. tolerance = 1, sa_iterations = 1000, initial_temperature = 3.0, cooling_rate = 0.999
26 - INFO - chord#: 64 done. best_score=27.0, changed=518, unchanged=324, early_stops=8/8
26 - INFO - chord#: 68 In build_straw_man_chord_sa. tolerance = 1, sa_iterations = 1000, initial_temperature = 3.0, cooling_rate = 0.999
26 - INFO - chord#: 62 done. best_score=70.0, changed=610, unchanged=300, early_stops=8/8
26 - INFO - chord#: 64 In build_straw_man_chord_sa. tolerance = 1, sa_iterations = 1000, initial_temperature = 3.0, cooling_rate = 0.999
26 - INFO - chord#: 72 done. best_score=27.0, changed=561, unchanged=302, early_stops=8/8
26 - INFO - chord#: 74 In build_straw_man_chord_sa. tolerance = 1, sa_iterations = 1000, initial_temperature = 3.0, cooling_rate = 0.999
26 - INFO - chord#: 56 done. best_score=27.0, changed=517, unchanged=417, early_stops=8/8
26 - INFO - chord#: 58 In build_straw_man_chord_sa. tolerance = 1, sa_iterations = 1000, initial_temperature = 3.0, cooling_rate = 0.999
26 - INFO - chord#: 64 done. best_score=27.0, changed=516, unchanged=416, early_stops=8/8
26 - INFO - chord#: 68 In build_straw_man_chord_sa. tolerance = 1, sa_iterations = 1000, initial_temperature = 3.0, cooling_rate = 0.999
26 - INFO - chord#: 68 done. best_score=27.0, changed=515, unchanged=359, early_stops=8/8
26 - INFO - chord#: 70 In build_straw_man_chord_sa. tolerance = 1, sa_iterations = 1000, initial_temperature = 3.0, cooling_rate = 0.999
26 - INFO - chord#: 58 done. best_score=74.0, changed=614, unchanged=335, early_stops=8/8
26 - INFO - chord#: 60 In build_straw_man_chord_sa. tolerance = 1, sa_iterations = 1000, initial_temperature = 3.0, cooling_rate = 0.999
26 - INFO - chord#: 62 done. best_score=75.0, changed=611, unchanged=343, early_stops=8/8
26 - INFO - chord#: 64 In build_straw_man_chord_sa. tolerance = 1, sa_iterations = 1000, initial_temperature = 3.0, cooling_rate = 0.999
26 - INFO - chord#: 62 done. best_score=105.0, changed=613, unchanged=273, early_stops=8/8
26 - INFO - chord#: 64 In build_straw_man_chord_sa. tolerance = 1, sa_iterations = 1000, initial_temperature = 3.0, cooling_rate = 0.999
26 - INFO - chord#: 64 done. best_score=27.0, changed=528, unchanged=462, early_stops=8/8
26 - INFO - chord#: 68 In build_straw_man_chord_sa. tolerance = 1, sa_iterations = 1000, initial_temperature = 3.0, cooling_rate = 0.999
26 - INFO - chord#: 64 done. best_score=27.0, changed=522, unchanged=395, early_stops=8/8
26 - INFO - chord#: 68 In build_straw_man_chord_sa. tolerance = 1, sa_iterations = 1000, initial_temperature = 3.0, cooling_rate = 0.999
26 - INFO - chord#: 68 done. best_score=27.0, changed=522, unchanged=369, early_stops=8/8
26 - INFO - chord#: 70 In build_straw_man_chord_sa. tolerance = 1, sa_iterations = 1000, initial_temperature = 3.0, cooling_rate = 0.999
26 - INFO - chord#: 60 done. best_score=27.0, changed=529, unchanged=405, early_stops=8/8
26 - INFO - chord#: 62 In build_straw_man_chord_sa. tolerance = 1, sa_iterations = 1000, initial_temperature = 3.0, cooling_rate = 0.999
26 - INFO - chord#: 70 done. best_score=70.0, changed=612, unchanged=360, early_stops=8/8
26 - INFO - chord#: 72 In build_straw_man_chord_sa. tolerance = 1, sa_iterations = 1000, initial_temperature = 3.0, cooling_rate = 0.999
26 - INFO - chord#: 64 done. best_score=27.0, changed=520, unchanged=394, early_stops=8/8
26 - INFO - chord#: 68 In build_straw_man_chord_sa. tolerance = 1, sa_iterations = 1000, initial_temperature = 3.0, cooling_rate = 0.999
26 - INFO - chord#: 68 done. best_score=27.0, changed=524, unchanged=367, early_stops=8/8
26 - INFO - chord#: 70 In build_straw_man_chord_sa. tolerance = 1, sa_iterations = 1000, initial_temperature = 3.0, cooling_rate = 0.999
26 - INFO - chord#: 74 done. best_score=82.0, changed=611, unchanged=243, early_stops=8/8
26 - INFO - chord#: 76 In build_straw_man_chord_sa. tolerance = 1, sa_iterations = 1000, initial_temperature = 3.0, cooling_rate = 0.999
26 - INFO - chord#: 68 done. best_score=27.0, changed=523, unchanged=436, early_stops=8/8
26 - INFO - chord#: 70 In build_straw_man_chord_sa. tolerance = 1, sa_iterations = 1000, initial_temperature = 3.0, cooling_rate = 0.999
26 - INFO - chord#: 70 done. best_score=70.0, changed=614, unchanged=351, early_stops=8/8
26 - INFO - chord#: 72 In build_straw_man_chord_sa. tolerance = 1, sa_iterations = 1000, initial_temperature = 3.0, cooling_rate = 0.999
26 - INFO - chord#: 64 done. best_score=27.0, changed=524, unchanged=419, early_stops=8/8
26 - INFO - chord#: 68 In build_straw_man_chord_sa. tolerance = 1, sa_iterations = 1000, initial_temperature = 3.0, cooling_rate = 0.999
26 - INFO - chord#: 58 done. best_score=141.0, changed=609, unchanged=329, early_stops=8/8
26 - INFO - chord#: 60 In build_straw_man_chord_sa. tolerance = 1, sa_iterations = 1000, initial_temperature = 3.0, cooling_rate = 0.999
26 - INFO - chord#: 70 done. best_score=70.0, changed=613, unchanged=247, early_stops=8/8
26 - INFO - chord#: 72 In build_straw_man_chord_sa. tolerance = 1, sa_iterations = 1000, initial_temperature = 3.0, cooling_rate = 0.999
26 - INFO - chord#: 72 done. best_score=27.0, changed=525, unchanged=385, early_stops=8/8
26 - INFO - chord#: 74 In build_straw_man_chord_sa. tolerance = 1, sa_iterations = 1000, initial_temperature = 3.0, cooling_rate = 0.999
26 - INFO - chord#: 68 done. best_score=27.0, changed=528, unchanged=406, early_stops=8/8
26 - INFO - chord#: 70 In build_straw_man_chord_sa. tolerance = 1, sa_iterations = 1000, initial_temperature = 3.0, cooling_rate = 0.999
26 - INFO - chord#: 76 done. best_score=31.0, changed=527, unchanged=342, early_stops=8/8
26 - INFO - chord#: 78 In build_straw_man_chord_sa. tolerance = 1, sa_iterations = 1000, initial_temperature = 3.0, cooling_rate = 0.999
26 - INFO - chord#: 72 done. best_score=27.0, changed=537, unchanged=297, early_stops=8/8
26 - INFO - chord#: 74 In build_straw_man_chord_sa. tolerance = 1, sa_iterations = 1000, initial_temperature = 3.0, cooling_rate = 0.999
26 - INFO - chord#: 68 done. best_score=27.0, changed=521, unchanged=407, early_stops=8/8
26 - INFO - chord#: 70 In build_straw_man_chord_sa. tolerance = 1, sa_iterations = 1000, initial_temperature = 3.0, cooling_rate = 0.999
26 - INFO - chord#: 60 done. best_score=27.0, changed=516, unchanged=374, early_stops=8/8
26 - INFO - chord#: 62 In build_straw_man_chord_sa. tolerance = 1, sa_iterations = 1000, initial_temperature = 3.0, cooling_rate = 0.999
26 - INFO - chord#: 58 done. best_score=74.0, changed=615, unchanged=423, early_stops=8/8
26 - INFO - chord#: 60 In build_straw_man_chord_sa. tolerance = 1, sa_iterations = 1000, initial_temperature = 3.0, cooling_rate = 0.999
26 - INFO - chord#: 62 done. best_score=75.0, changed=612, unchanged=280, early_stops=8/8
26 - INFO - chord#: 64 In build_straw_man_chord_sa. tolerance = 1, sa_iterations = 1000, initial_temperature = 3.0, cooling_rate = 0.999
26 - INFO - chord#: 72 done. best_score=27.0, changed=521, unchanged=355, early_stops=8/8
26 - INFO - chord#: 74 In build_straw_man_chord_sa. tolerance = 1, sa_iterations = 1000, initial_temperature = 3.0, cooling_rate = 0.999
26 - INFO - chord#: 70 done. best_score=70.0, changed=609, unchanged=247, early_stops=8/8
26 - INFO - chord#: 72 In build_straw_man_chord_sa. tolerance = 1, sa_iterations = 1000, initial_temperature = 3.0, cooling_rate = 0.999
26 - INFO - chord#: 78 done. best_score=27.0, changed=520, unchanged=338, early_stops=8/8
26 - INFO - chord#: 79 In build_straw_man_chord_sa. tolerance = 1, sa_iterations = 1000, initial_temperature = 3.0, cooling_rate = 0.999
26 - INFO - chord#: 60 done. best_score=27.0, changed=518, unchanged=312, early_stops=8/8
26 - INFO - chord#: 62 In build_straw_man_chord_sa. tolerance = 1, sa_iterations = 1000, initial_temperature = 3.0, cooling_rate = 0.999
26 - INFO - chord#: 70 done. best_score=70.0, changed=609, unchanged=278, early_stops=8/8
26 - INFO - chord#: 72 In build_straw_man_chord_sa. tolerance = 1, sa_iterations = 1000, initial_temperature = 3.0, cooling_rate = 0.999
26 - INFO - chord#: 70 done. best_score=70.0, changed=610, unchanged=376, early_stops=8/8
26 - INFO - chord#: 72 In build_straw_man_chord_sa. tolerance = 1, sa_iterations = 1000, initial_temperature = 3.0, cooling_rate = 0.999
26 - INFO - chord#: 64 done. best_score=27.0, changed=518, unchanged=413, early_stops=8/8
26 - INFO - chord#: 68 In build_straw_man_chord_sa. tolerance = 1, sa_iterations = 1000, initial_temperature = 3.0, cooling_rate = 0.999
26 - INFO - chord#: 72 done. best_score=27.0, changed=527, unchanged=413, early_stops=8/8
26 - INFO - chord#: 74 In build_straw_man_chord_sa. tolerance = 1, sa_iterations = 1000, initial_temperature = 3.0, cooling_rate = 0.999
26 - INFO - chord#: 70 done. best_score=157.0, changed=610, unchanged=382, early_stops=8/8
26 - INFO - chord#: 72 In build_straw_man_chord_sa. tolerance = 1, sa_iterations = 1000, initial_temperature = 3.0, cooling_rate = 0.999
26 - INFO - chord#: 72 done. best_score=27.0, changed=526, unchanged=328, early_stops=8/8
26 - INFO - chord#: 74 In build_straw_man_chord_sa. tolerance = 1, sa_iterations = 1000, initial_temperature = 3.0, cooling_rate = 0.999
26 - INFO - chord#: 68 done. best_score=27.0, changed=521, unchanged=414, early_stops=8/8
26 - INFO - chord#: 70 In build_straw_man_chord_sa. tolerance = 1, sa_iterations = 1000, initial_temperature = 3.0, cooling_rate = 0.999
26 - INFO - chord#: 74 done. best_score=97.0, changed=611, unchanged=378, early_stops=8/8
26 - INFO - chord#: 76 In build_straw_man_chord_sa. tolerance = 1, sa_iterations = 1000, initial_temperature = 3.0, cooling_rate = 0.999
26 - INFO - chord#: 72 done. best_score=27.0, changed=532, unchanged=311, early_stops=8/8
26 - INFO - chord#: 74 In build_straw_man_chord_sa. tolerance = 1, sa_iterations = 1000, initial_temperature = 3.0, cooling_rate = 0.999
26 - INFO - chord#: 74 done. best_score=120.0, changed=613, unchanged=273, early_stops=8/8
26 - INFO - chord#: 76 In build_straw_man_chord_sa. tolerance = 1, sa_iterations = 1000, initial_temperature = 3.0, cooling_rate = 0.999
26 - INFO - chord#: 74 done. best_score=82.0, changed=614, unchanged=419, early_stops=8/8
26 - INFO - chord#: 76 In build_straw_man_chord_sa. tolerance = 1, sa_iterations = 1000, initial_temperature = 3.0, cooling_rate = 0.999
26 - INFO - chord#: 72 done. best_score=27.0, changed=525, unchanged=325, early_stops=8/8
26 - INFO - chord#: 74 In build_straw_man_chord_sa. tolerance = 1, sa_iterations = 1000, initial_temperature = 3.0, cooling_rate = 0.999
26 - INFO - chord#: 79 done. best_score=137.0, changed=613, unchanged=289, early_stops=8/8
26 - INFO - chord#: 80 In build_straw_man_chord_sa. tolerance = 1, sa_iterations = 1000, initial_temperature = 3.0, cooling_rate = 0.999
26 - INFO - chord#: 62 done. best_score=70.0, changed=613, unchanged=403, early_stops=8/8
26 - INFO - chord#: 64 In build_straw_man_chord_sa. tolerance = 1, sa_iterations = 1000, initial_temperature = 3.0, cooling_rate = 0.999
26 - INFO - chord#: 76 done. best_score=31.0, changed=518, unchanged=365, early_stops=8/8
26 - INFO - chord#: 78 In build_straw_man_chord_sa. tolerance = 1, sa_iterations = 1000, initial_temperature = 3.0, cooling_rate = 0.999
26 - INFO - chord#: 70 done. best_score=70.0, changed=615, unchanged=460, early_stops=8/8
26 - INFO - chord#: 72 In build_straw_man_chord_sa. tolerance = 1, sa_iterations = 1000, initial_temperature = 3.0, cooling_rate = 0.999
26 - INFO - chord#: 76 done. best_score=31.0, changed=525, unchanged=399, early_stops=8/8
26 - INFO - chord#: 78 In build_straw_man_chord_sa. tolerance = 1, sa_iterations = 1000, initial_temperature = 3.0, cooling_rate = 0.999
26 - INFO - chord#: 62 done. best_score=105.0, changed=607, unchanged=221, early_stops=8/8
26 - INFO - chord#: 64 In build_straw_man_chord_sa. tolerance = 1, sa_iterations = 1000, initial_temperature = 3.0, cooling_rate = 0.999
26 - INFO - chord#: 76 done. best_score=31.0, changed=526, unchanged=427, early_stops=8/8
26 - INFO - chord#: 78 In build_straw_man_chord_sa. tolerance = 1, sa_iterations = 1000, initial_temperature = 3.0, cooling_rate = 0.999
26 - INFO - chord#: 72 done. best_score=27.0, changed=526, unchanged=288, early_stops=8/8
26 - INFO - chord#: 74 In build_straw_man_chord_sa. tolerance = 1, sa_iterations = 1000, initial_temperature = 3.0, cooling_rate = 0.999
26 - INFO - chord#: 78 done. best_score=27.0, changed=522, unchanged=495, early_stops=8/8
26 - INFO - chord#: 79 In build_straw_man_chord_sa. tolerance = 1, sa_iterations = 1000, initial_temperature = 3.0, cooling_rate = 0.999
26 - INFO - chord#: 74 done. best_score=162.0, changed=612, unchanged=247, early_stops=8/8
26 - INFO - chord#: 76 In build_straw_man_chord_sa. tolerance = 1, sa_iterations = 1000, initial_temperature = 3.0, cooling_rate = 0.999
26 - INFO - chord#: 78 done. best_score=27.0, changed=514, unchanged=450, early_stops=8/8
26 - INFO - chord#: 79 In build_straw_man_chord_sa. tolerance = 1, sa_iterations = 1000, initial_temperature = 3.0, cooling_rate = 0.999
26 - INFO - chord#: 64 done. best_score=27.0, changed=535, unchanged=497, early_stops=8/8
26 - INFO - chord#: 68 In build_straw_man_chord_sa. tolerance = 1, sa_iterations = 1000, initial_temperature = 3.0, cooling_rate = 0.999
26 - INFO - chord#: 70 done. best_score=70.0, changed=612, unchanged=440, early_stops=8/8
26 - INFO - chord#: 72 In build_straw_man_chord_sa. tolerance = 1, sa_iterations = 1000, initial_temperature = 3.0, cooling_rate = 0.999
26 - INFO - chord#: 64 done. best_score=27.0, changed=517, unchanged=393, early_stops=8/8
26 - INFO - chord#: 68 In build_straw_man_chord_sa. tolerance = 1, sa_iterations = 1000, initial_temperature = 3.0, cooling_rate = 0.999
26 - INFO - chord#: 74 done. best_score=97.0, changed=617, unchanged=415, early_stops=8/8
26 - INFO - chord#: 76 In build_straw_man_chord_sa. tolerance = 1, sa_iterations = 1000, initial_temperature = 3.0, cooling_rate = 0.999
26 - INFO - chord#: 74 done. best_score=82.0, changed=610, unchanged=369, early_stops=8/8
26 - INFO - chord#: 76 In build_straw_man_chord_sa. tolerance = 1, sa_iterations = 1000, initial_temperature = 3.0, cooling_rate = 0.999
26 - INFO - chord#: 74 done. best_score=82.0, changed=614, unchanged=296, early_stops=8/8
26 - INFO - chord#: 76 In build_straw_man_chord_sa. tolerance = 1, sa_iterations = 1000, initial_temperature = 3.0, cooling_rate = 0.999
26 - INFO - chord#: 76 done. best_score=59.0, changed=516, unchanged=345, early_stops=8/8
26 - INFO - chord#: 78 In build_straw_man_chord_sa. tolerance = 1, sa_iterations = 1000, initial_temperature = 3.0, cooling_rate = 0.999
26 - INFO - chord#: 78 done. best_score=27.0, changed=527, unchanged=568, early_stops=8/8
26 - INFO - chord#: 80 done. best_score=82.0, changed=612, unchanged=324, early_stops=8/8
26 - INFO - chord#: 82 In build_straw_man_chord_sa. tolerance = 1, sa_iterations = 1000, initial_temperature = 3.0, cooling_rate = 0.999
26 - INFO - chord#: 79 In build_straw_man_chord_sa. tolerance = 1, sa_iterations = 1000, initial_temperature = 3.0, cooling_rate = 0.999
26 - INFO - chord#: 72 done. best_score=27.0, changed=535, unchanged=278, early_stops=8/8
26 - INFO - chord#: 74 In build_straw_man_chord_sa. tolerance = 1, sa_iterations = 1000, initial_temperature = 3.0, cooling_rate = 0.999
26 - INFO - chord#: 68 done. best_score=27.0, changed=528, unchanged=394, early_stops=8/8
26 - INFO - chord#: 70 In build_straw_man_chord_sa. tolerance = 1, sa_iterations = 1000, initial_temperature = 3.0, cooling_rate = 0.999
26 - INFO - chord#: 76 done. best_score=31.0, changed=520, unchanged=318, early_stops=8/8
26 - INFO - chord#: 78 In build_straw_man_chord_sa. tolerance = 1, sa_iterations = 1000, initial_temperature = 3.0, cooling_rate = 0.999
26 - INFO - chord#: 68 done. best_score=27.0, changed=516, unchanged=375, early_stops=8/8
26 - INFO - chord#: 70 In build_straw_man_chord_sa. tolerance = 1, sa_iterations = 1000, initial_temperature = 3.0, cooling_rate = 0.999
26 - INFO - chord#: 78 done. best_score=57.0, changed=528, unchanged=304, early_stops=8/8
26 - INFO - chord#: 79 In build_straw_man_chord_sa. tolerance = 1, sa_iterations = 1000, initial_temperature = 3.0, cooling_rate = 0.999
26 - INFO - chord#: 76 done. best_score=31.0, changed=530, unchanged=358, early_stops=8/8
26 - INFO - chord#: 78 In build_straw_man_chord_sa. tolerance = 1, sa_iterations = 1000, initial_temperature = 3.0, cooling_rate = 0.999
26 - INFO - chord#: 82 done. best_score=27.0, changed=525, unchanged=351, early_stops=8/8
26 - INFO - chord#: 84 In build_straw_man_chord_sa. tolerance = 1, sa_iterations = 1000, initial_temperature = 3.0, cooling_rate = 0.999
26 - INFO - chord#: 76 done. best_score=31.0, changed=531, unchanged=381, early_stops=8/8
26 - INFO - chord#: 78 In build_straw_man_chord_sa. tolerance = 1, sa_iterations = 1000, initial_temperature = 3.0, cooling_rate = 0.999
26 - INFO - chord#: 79 done. best_score=67.0, changed=611, unchanged=264, early_stops=8/8
26 - INFO - chord#: 80 In build_straw_man_chord_sa. tolerance = 1, sa_iterations = 1000, initial_temperature = 3.0, cooling_rate = 0.999
26 - INFO - chord#: 79 done. best_score=67.0, changed=612, unchanged=371, early_stops=8/8
26 - INFO - chord#: 80 In build_straw_man_chord_sa. tolerance = 1, sa_iterations = 1000, initial_temperature = 3.0, cooling_rate = 0.999
26 - INFO - chord#: 78 done. best_score=27.0, changed=514, unchanged=382, early_stops=8/8
26 - INFO - chord#: 79 In build_straw_man_chord_sa. tolerance = 1, sa_iterations = 1000, initial_temperature = 3.0, cooling_rate = 0.999
26 - INFO - chord#: 74 done. best_score=82.0, changed=614, unchanged=357, early_stops=8/8
26 - INFO - chord#: 76 In build_straw_man_chord_sa. tolerance = 1, sa_iterations = 1000, initial_temperature = 3.0, cooling_rate = 0.999
26 - INFO - chord#: 78 done. best_score=27.0, changed=531, unchanged=632, early_stops=8/8
26 - INFO - chord#: 79 In build_straw_man_chord_sa. tolerance = 1, sa_iterations = 1000, initial_temperature = 3.0, cooling_rate = 0.999
26 - INFO - chord#: 78 done. best_score=27.0, changed=531, unchanged=376, early_stops=8/8
26 - INFO - chord#: 79 In build_straw_man_chord_sa. tolerance = 1, sa_iterations = 1000, initial_temperature = 3.0, cooling_rate = 0.999
26 - INFO - chord#: 79 done. best_score=195.0, changed=612, unchanged=240, early_stops=8/8
26 - INFO - chord#: 80 In build_straw_man_chord_sa. tolerance = 1, sa_iterations = 1000, initial_temperature = 3.0, cooling_rate = 0.999
26 - INFO - chord#: 74 done. best_score=97.0, changed=616, unchanged=420, early_stops=8/8
26 - INFO - chord#: 76 In build_straw_man_chord_sa. tolerance = 1, sa_iterations = 1000, initial_temperature = 3.0, cooling_rate = 0.999
26 - INFO - chord#: 70 done. best_score=70.0, changed=609, unchanged=277, early_stops=8/8
26 - INFO - chord#: 72 In build_straw_man_chord_sa. tolerance = 1, sa_iterations = 1000, initial_temperature = 3.0, cooling_rate = 0.999
26 - INFO - chord#: 76 done. best_score=31.0, changed=532, unchanged=421, early_stops=8/8
26 - INFO - chord#: 78 In build_straw_man_chord_sa. tolerance = 1, sa_iterations = 1000, initial_temperature = 3.0, cooling_rate = 0.999
26 - INFO - chord#: 84 done. best_score=78.0, changed=612, unchanged=368, early_stops=8/8
26 - INFO - chord#: 88 In build_straw_man_chord_sa. tolerance = 1, sa_iterations = 1000, initial_temperature = 3.0, cooling_rate = 0.999
26 - INFO - chord#: 80 done. best_score=147.0, changed=609, unchanged=261, early_stops=8/8
26 - INFO - chord#: 82 In build_straw_man_chord_sa. tolerance = 1, sa_iterations = 1000, initial_temperature = 3.0, cooling_rate = 0.999
26 - INFO - chord#: 79 done. best_score=67.0, changed=613, unchanged=432, early_stops=8/8
26 - INFO - chord#: 80 In build_straw_man_chord_sa. tolerance = 1, sa_iterations = 1000, initial_temperature = 3.0, cooling_rate = 0.999
26 - INFO - chord#: 76 done. best_score=31.0, changed=527, unchanged=393, early_stops=8/8
26 - INFO - chord#: 78 In build_straw_man_chord_sa. tolerance = 1, sa_iterations = 1000, initial_temperature = 3.0, cooling_rate = 0.999
26 - INFO - chord#: 70 done. best_score=145.0, changed=617, unchanged=398, early_stops=8/8
26 - INFO - chord#: 72 In build_straw_man_chord_sa. tolerance = 1, sa_iterations = 1000, initial_temperature = 3.0, cooling_rate = 0.999
26 - INFO - chord#: 79 done. best_score=145.0, changed=617, unchanged=258, early_stops=8/8
26 - INFO - chord#: 80 In build_straw_man_chord_sa. tolerance = 1, sa_iterations = 1000, initial_temperature = 3.0, cooling_rate = 0.999
26 - INFO - chord#: 72 done. best_score=27.0, changed=516, unchanged=352, early_stops=8/8
26 - INFO - chord#: 74 In build_straw_man_chord_sa. tolerance = 1, sa_iterations = 1000, initial_temperature = 3.0, cooling_rate = 0.999
26 - INFO - chord#: 80 done. best_score=126.0, changed=615, unchanged=325, early_stops=8/8
26 - INFO - chord#: 82 In build_straw_man_chord_sa. tolerance = 1, sa_iterations = 1000, initial_temperature = 3.0, cooling_rate = 0.999
26 - INFO - chord#: 82 done. best_score=27.0, changed=520, unchanged=325, early_stops=8/8
26 - INFO - chord#: 84 In build_straw_man_chord_sa. tolerance = 1, sa_iterations = 1000, initial_temperature = 3.0, cooling_rate = 0.999
26 - INFO - chord#: 78 done. best_score=27.0, changed=529, unchanged=403, early_stops=8/8
26 - INFO - chord#: 79 In build_straw_man_chord_sa. tolerance = 1, sa_iterations = 1000, initial_temperature = 3.0, cooling_rate = 0.999
26 - INFO - chord#: 88 done. best_score=27.0, changed=514, unchanged=385, early_stops=8/8
26 - INFO - chord#: 90 In build_straw_man_chord_sa. tolerance = 1, sa_iterations = 1000, initial_temperature = 3.0, cooling_rate = 0.999
26 - INFO - chord#: 72 done. best_score=27.0, changed=553, unchanged=277, early_stops=8/8
26 - INFO - chord#: 74 In build_straw_man_chord_sa. tolerance = 1, sa_iterations = 1000, initial_temperature = 3.0, cooling_rate = 0.999
26 - INFO - chord#: 82 done. best_score=36.0, changed=591, unchanged=220, early_stops=8/8
26 - INFO - chord#: 84 In build_straw_man_chord_sa. tolerance = 1, sa_iterations = 1000, initial_temperature = 3.0, cooling_rate = 0.999
26 - INFO - chord#: 78 done. best_score=27.0, changed=520, unchanged=419, early_stops=8/8
26 - INFO - chord#: 79 In build_straw_man_chord_sa. tolerance = 1, sa_iterations = 1000, initial_temperature = 3.0, cooling_rate = 0.999
26 - INFO - chord#: 79 done. best_score=137.0, changed=611, unchanged=281, early_stops=8/8
26 - INFO - chord#: 80 In build_straw_man_chord_sa. tolerance = 1, sa_iterations = 1000, initial_temperature = 3.0, cooling_rate = 0.999
26 - INFO - chord#: 80 done. best_score=82.0, changed=615, unchanged=375, early_stops=8/8
26 - INFO - chord#: 82 In build_straw_man_chord_sa. tolerance = 1, sa_iterations = 1000, initial_temperature = 3.0, cooling_rate = 0.999
26 - INFO - chord#: 79 done. best_score=137.0, changed=614, unchanged=476, early_stops=8/8
26 - INFO - chord#: 80 In build_straw_man_chord_sa. tolerance = 1, sa_iterations = 1000, initial_temperature = 3.0, cooling_rate = 0.999
26 - INFO - chord#: 82 done. best_score=27.0, changed=542, unchanged=419, early_stops=8/8
26 - INFO - chord#: 84 In build_straw_man_chord_sa. tolerance = 1, sa_iterations = 1000, initial_temperature = 3.0, cooling_rate = 0.999
26 - INFO - chord#: 84 done. best_score=131.0, changed=607, unchanged=210, early_stops=8/8
26 - INFO - chord#: 88 In build_straw_man_chord_sa. tolerance = 1, sa_iterations = 1000, initial_temperature = 3.0, cooling_rate = 0.999
26 - INFO - chord#: 80 done. best_score=97.0, changed=612, unchanged=340, early_stops=8/8
26 - INFO - chord#: 82 In build_straw_man_chord_sa. tolerance = 1, sa_iterations = 1000, initial_temperature = 3.0, cooling_rate = 0.999
26 - INFO - chord#: 74 done. best_score=82.0, changed=614, unchanged=299, early_stops=8/8
26 - INFO - chord#: 76 In build_straw_man_chord_sa. tolerance = 1, sa_iterations = 1000, initial_temperature = 3.0, cooling_rate = 0.999
26 - INFO - chord#: 80 done. best_score=119.0, changed=613, unchanged=388, early_stops=8/8
26 - INFO - chord#: 82 In build_straw_man_chord_sa. tolerance = 1, sa_iterations = 1000, initial_temperature = 3.0, cooling_rate = 0.999
26 - INFO - chord#: 90 done. best_score=137.0, changed=611, unchanged=366, early_stops=8/8
26 - INFO - chord#: 92 In build_straw_man_chord_sa. tolerance = 1, sa_iterations = 1000, initial_temperature = 3.0, cooling_rate = 0.999
26 - INFO - chord#: 84 done. best_score=165.0, changed=618, unchanged=345, early_stops=8/8
26 - INFO - chord#: 88 In build_straw_man_chord_sa. tolerance = 1, sa_iterations = 1000, initial_temperature = 3.0, cooling_rate = 0.999
26 - INFO - chord#: 82 done. best_score=27.0, changed=522, unchanged=400, early_stops=8/8
26 - INFO - chord#: 84 In build_straw_man_chord_sa. tolerance = 1, sa_iterations = 1000, initial_temperature = 3.0, cooling_rate = 0.999
26 - INFO - chord#: 88 done. best_score=27.0, changed=520, unchanged=380, early_stops=8/8
26 - INFO - chord#: 90 In build_straw_man_chord_sa. tolerance = 1, sa_iterations = 1000, initial_temperature = 3.0, cooling_rate = 0.999
26 - INFO - chord#: 79 done. best_score=96.0, changed=613, unchanged=389, early_stops=8/8
26 - INFO - chord#: 80 In build_straw_man_chord_sa. tolerance = 1, sa_iterations = 1000, initial_temperature = 3.0, cooling_rate = 0.999
26 - INFO - chord#: 74 done. best_score=82.0, changed=620, unchanged=307, early_stops=8/8
26 - INFO - chord#: 76 In build_straw_man_chord_sa. tolerance = 1, sa_iterations = 1000, initial_temperature = 3.0, cooling_rate = 0.999
26 - INFO - chord#: 82 done. best_score=36.0, changed=533, unchanged=272, early_stops=8/8
26 - INFO - chord#: 84 In build_straw_man_chord_sa. tolerance = 1, sa_iterations = 1000, initial_temperature = 3.0, cooling_rate = 0.999
26 - INFO - chord#: 92 done. best_score=27.0, changed=522, unchanged=394, early_stops=8/8
26 - INFO - chord#: 96 In build_straw_man_chord_sa. tolerance = 1, sa_iterations = 1000, initial_temperature = 3.0, cooling_rate = 0.999
26 - INFO - chord#: 79 done. best_score=67.0, changed=617, unchanged=493, early_stops=8/8
26 - INFO - chord#: 80 In build_straw_man_chord_sa. tolerance = 1, sa_iterations = 1000, initial_temperature = 3.0, cooling_rate = 0.999
26 - INFO - chord#: 76 done. best_score=31.0, changed=532, unchanged=450, early_stops=8/8
26 - INFO - chord#: 78 In build_straw_man_chord_sa. tolerance = 1, sa_iterations = 1000, initial_temperature = 3.0, cooling_rate = 0.999
26 - INFO - chord#: 84 done. best_score=145.0, changed=614, unchanged=283, early_stops=8/8
26 - INFO - chord#: 88 In build_straw_man_chord_sa. tolerance = 1, sa_iterations = 1000, initial_temperature = 3.0, cooling_rate = 0.999
26 - INFO - chord#: 88 done. best_score=27.0, changed=525, unchanged=531, early_stops=8/8
26 - INFO - chord#: 90 In build_straw_man_chord_sa. tolerance = 1, sa_iterations = 1000, initial_temperature = 3.0, cooling_rate = 0.999
26 - INFO - chord#: 80 done. best_score=82.0, changed=613, unchanged=403, early_stops=8/8
26 - INFO - chord#: 82 In build_straw_man_chord_sa. tolerance = 1, sa_iterations = 1000, initial_temperature = 3.0, cooling_rate = 0.999
26 - INFO - chord#: 76 done. best_score=31.0, changed=527, unchanged=353, early_stops=8/8
26 - INFO - chord#: 78 In build_straw_man_chord_sa. tolerance = 1, sa_iterations = 1000, initial_temperature = 3.0, cooling_rate = 0.999
26 - INFO - chord#: 80 done. best_score=82.0, changed=611, unchanged=344, early_stops=8/8
26 - INFO - chord#: 82 In build_straw_man_chord_sa. tolerance = 1, sa_iterations = 1000, initial_temperature = 3.0, cooling_rate = 0.999
26 - INFO - chord#: 96 done. best_score=27.0, changed=517, unchanged=448, early_stops=8/8
26 - INFO - chord#: 100 In build_straw_man_chord_sa. tolerance = 1, sa_iterations = 1000, initial_temperature = 3.0, cooling_rate = 0.999
26 - INFO - chord#: 84 done. best_score=137.0, changed=612, unchanged=263, early_stops=8/8
26 - INFO - chord#: 88 In build_straw_man_chord_sa. tolerance = 1, sa_iterations = 1000, initial_temperature = 3.0, cooling_rate = 0.999
26 - INFO - chord#: 78 done. best_score=27.0, changed=519, unchanged=419, early_stops=8/8
26 - INFO - chord#: 79 In build_straw_man_chord_sa. tolerance = 1, sa_iterations = 1000, initial_temperature = 3.0, cooling_rate = 0.999
26 - INFO - chord#: 90 done. best_score=96.0, changed=607, unchanged=256, early_stops=8/8
26 - INFO - chord#: 92 In build_straw_man_chord_sa. tolerance = 1, sa_iterations = 1000, initial_temperature = 3.0, cooling_rate = 0.999
26 - INFO - chord#: 88 done. best_score=27.0, changed=532, unchanged=455, early_stops=8/8
26 - INFO - chord#: 90 In build_straw_man_chord_sa. tolerance = 1, sa_iterations = 1000, initial_temperature = 3.0, cooling_rate = 0.999
26 - INFO - chord#: 82 done. best_score=27.0, changed=531, unchanged=423, early_stops=8/8
26 - INFO - chord#: 84 In build_straw_man_chord_sa. tolerance = 1, sa_iterations = 1000, initial_temperature = 3.0, cooling_rate = 0.999
26 - INFO - chord#: 80 done. best_score=150.0, changed=617, unchanged=326, early_stops=8/8
26 - INFO - chord#: 82 In build_straw_man_chord_sa. tolerance = 1, sa_iterations = 1000, initial_temperature = 3.0, cooling_rate = 0.999
26 - INFO - chord#: 78 done. best_score=27.0, changed=517, unchanged=397, early_stops=8/8
26 - INFO - chord#: 79 In build_straw_man_chord_sa. tolerance = 1, sa_iterations = 1000, initial_temperature = 3.0, cooling_rate = 0.999
26 - INFO - chord#: 82 done. best_score=27.0, changed=524, unchanged=337, early_stops=8/8
26 - INFO - chord#: 84 In build_straw_man_chord_sa. tolerance = 1, sa_iterations = 1000, initial_temperature = 3.0, cooling_rate = 0.999
26 - INFO - chord#: 88 done. best_score=27.0, changed=516, unchanged=329, early_stops=8/8
26 - INFO - chord#: 90 In build_straw_man_chord_sa. tolerance = 1, sa_iterations = 1000, initial_temperature = 3.0, cooling_rate = 0.999
26 - INFO - chord#: 92 done. best_score=27.0, changed=517, unchanged=329, early_stops=8/8
26 - INFO - chord#: 96 In build_straw_man_chord_sa. tolerance = 1, sa_iterations = 1000, initial_temperature = 3.0, cooling_rate = 0.999
26 - INFO - chord#: 82 done. best_score=72.0, changed=532, unchanged=300, early_stops=8/8
26 - INFO - chord#: 84 In build_straw_man_chord_sa. tolerance = 1, sa_iterations = 1000, initial_temperature = 3.0, cooling_rate = 0.999
26 - INFO - chord#: 90 done. best_score=67.0, changed=610, unchanged=237, early_stops=8/8
26 - INFO - chord#: 92 In build_straw_man_chord_sa. tolerance = 1, sa_iterations = 1000, initial_temperature = 3.0, cooling_rate = 0.999
26 - INFO - chord#: 80 done. best_score=82.0, changed=610, unchanged=385, early_stops=8/8
26 - INFO - chord#: 82 In build_straw_man_chord_sa. tolerance = 1, sa_iterations = 1000, initial_temperature = 3.0, cooling_rate = 0.999
26 - INFO - chord#: 84 done. best_score=78.0, changed=609, unchanged=414, early_stops=8/8
26 - INFO - chord#: 88 In build_straw_man_chord_sa. tolerance = 1, sa_iterations = 1000, initial_temperature = 3.0, cooling_rate = 0.999
26 - INFO - chord#: 92 done. best_score=27.0, changed=516, unchanged=358, early_stops=8/8
26 - INFO - chord#: 96 In build_straw_man_chord_sa. tolerance = 1, sa_iterations = 1000, initial_temperature = 3.0, cooling_rate = 0.999
26 - INFO - chord#: 100 done. best_score=162.0, changed=612, unchanged=237, early_stops=8/8
26 - INFO - chord#: 102 In build_straw_man_chord_sa. tolerance = 1, sa_iterations = 1000, initial_temperature = 3.0, cooling_rate = 0.999
26 - INFO - chord#: 96 done. best_score=27.0, changed=521, unchanged=435, early_stops=8/8
26 - INFO - chord#: 100 In build_straw_man_chord_sa. tolerance = 1, sa_iterations = 1000, initial_temperature = 3.0, cooling_rate = 0.999
26 - INFO - chord#: 84 done. best_score=137.0, changed=611, unchanged=209, early_stops=8/8
26 - INFO - chord#: 88 In build_straw_man_chord_sa. tolerance = 1, sa_iterations = 1000, initial_temperature = 3.0, cooling_rate = 0.999
26 - INFO - chord#: 90 done. best_score=67.0, changed=608, unchanged=363, early_stops=8/8
26 - INFO - chord#: 92 In build_straw_man_chord_sa. tolerance = 1, sa_iterations = 1000, initial_temperature = 3.0, cooling_rate = 0.999
26 - INFO - chord#: 102 done. best_score=61.0, changed=523, unchanged=289, early_stops=8/8
26 - INFO - chord#: 104 In build_straw_man_chord_sa. tolerance = 1, sa_iterations = 1000, initial_temperature = 3.0, cooling_rate = 0.999
26 - INFO - chord#: 82 done. best_score=27.0, changed=522, unchanged=301, early_stops=8/8
26 - INFO - chord#: 84 In build_straw_man_chord_sa. tolerance = 1, sa_iterations = 1000, initial_temperature = 3.0, cooling_rate = 0.999
26 - INFO - chord#: 96 done. best_score=27.0, changed=520, unchanged=384, early_stops=8/8
26 - INFO - chord#: 100 In build_straw_man_chord_sa. tolerance = 1, sa_iterations = 1000, initial_temperature = 3.0, cooling_rate = 0.999
26 - INFO - chord#: 88 done. best_score=27.0, changed=525, unchanged=449, early_stops=8/8
26 - INFO - chord#: 90 In build_straw_man_chord_sa. tolerance = 1, sa_iterations = 1000, initial_temperature = 3.0, cooling_rate = 0.999
26 - INFO - chord#: 79 done. best_score=137.0, changed=610, unchanged=297, early_stops=8/8
26 - INFO - chord#: 80 In build_straw_man_chord_sa. tolerance = 1, sa_iterations = 1000, initial_temperature = 3.0, cooling_rate = 0.999
26 - INFO - chord#: 90 done. best_score=96.0, changed=608, unchanged=337, early_stops=8/8
26 - INFO - chord#: 92 In build_straw_man_chord_sa. tolerance = 1, sa_iterations = 1000, initial_temperature = 3.0, cooling_rate = 0.999
26 - INFO - chord#: 79 done. best_score=67.0, changed=613, unchanged=441, early_stops=8/8
26 - INFO - chord#: 80 In build_straw_man_chord_sa. tolerance = 1, sa_iterations = 1000, initial_temperature = 3.0, cooling_rate = 0.999
26 - INFO - chord#: 92 done. best_score=27.0, changed=533, unchanged=497, early_stops=8/8
26 - INFO - chord#: 96 In build_straw_man_chord_sa. tolerance = 1, sa_iterations = 1000, initial_temperature = 3.0, cooling_rate = 0.999
26 - INFO - chord#: 104 done. best_score=27.0, changed=519, unchanged=386, early_stops=8/8
26 - INFO - chord#: 106 In build_straw_man_chord_sa. tolerance = 1, sa_iterations = 1000, initial_temperature = 3.0, cooling_rate = 0.999
26 - INFO - chord#: 84 done. best_score=174.0, changed=614, unchanged=464, early_stops=8/8
26 - INFO - chord#: 88 In build_straw_man_chord_sa. tolerance = 1, sa_iterations = 1000, initial_temperature = 3.0, cooling_rate = 0.999
26 - INFO - chord#: 88 done. best_score=27.0, changed=522, unchanged=587, early_stops=8/8
26 - INFO - chord#: 90 In build_straw_man_chord_sa. tolerance = 1, sa_iterations = 1000, initial_temperature = 3.0, cooling_rate = 0.999
26 - INFO - chord#: 92 done. best_score=27.0, changed=517, unchanged=368, early_stops=8/8
26 - INFO - chord#: 96 In build_straw_man_chord_sa. tolerance = 1, sa_iterations = 1000, initial_temperature = 3.0, cooling_rate = 0.999
26 - INFO - chord#: 84 done. best_score=140.0, changed=617, unchanged=543, early_stops=8/8
26 - INFO - chord#: 88 In build_straw_man_chord_sa. tolerance = 1, sa_iterations = 1000, initial_temperature = 3.0, cooling_rate = 0.999
26 - INFO - chord#: 100 done. best_score=124.0, changed=618, unchanged=379, early_stops=8/8
26 - INFO - chord#: 102 In build_straw_man_chord_sa. tolerance = 1, sa_iterations = 1000, initial_temperature = 3.0, cooling_rate = 0.999
26 - INFO - chord#: 106 done. best_score=36.0, changed=525, unchanged=395, early_stops=8/8
26 - INFO - chord#: 108 In build_straw_man_chord_sa. tolerance = 1, sa_iterations = 1000, initial_temperature = 3.0, cooling_rate = 0.999
26 - INFO - chord#: 96 done. best_score=27.0, changed=520, unchanged=476, early_stops=8/8
26 - INFO - chord#: 100 In build_straw_man_chord_sa. tolerance = 1, sa_iterations = 1000, initial_temperature = 3.0, cooling_rate = 0.999
26 - INFO - chord#: 88 done. best_score=27.0, changed=518, unchanged=483, early_stops=8/8
26 - INFO - chord#: 90 In build_straw_man_chord_sa. tolerance = 1, sa_iterations = 1000, initial_temperature = 3.0, cooling_rate = 0.999
26 - INFO - chord#: 100 done. best_score=82.0, changed=612, unchanged=274, early_stops=8/8
26 - INFO - chord#: 102 In build_straw_man_chord_sa. tolerance = 1, sa_iterations = 1000, initial_temperature = 3.0, cooling_rate = 0.999
26 - INFO - chord#: 96 done. best_score=27.0, changed=523, unchanged=529, early_stops=8/8
26 - INFO - chord#: 100 In build_straw_man_chord_sa. tolerance = 1, sa_iterations = 1000, initial_temperature = 3.0, cooling_rate = 0.999
26 - INFO - chord#: 102 done. best_score=27.0, changed=527, unchanged=364, early_stops=8/8
26 - INFO - chord#: 104 In build_straw_man_chord_sa. tolerance = 1, sa_iterations = 1000, initial_temperature = 3.0, cooling_rate = 0.999
26 - INFO - chord#: 88 done. best_score=36.0, changed=525, unchanged=391, early_stops=8/8
26 - INFO - chord#: 90 In build_straw_man_chord_sa. tolerance = 1, sa_iterations = 1000, initial_temperature = 3.0, cooling_rate = 0.999
26 - INFO - chord#: 108 done. best_score=27.0, changed=519, unchanged=333, early_stops=8/8
26 - INFO - chord#: 112 In build_straw_man_chord_sa. tolerance = 1, sa_iterations = 1000, initial_temperature = 3.0, cooling_rate = 0.999
26 - INFO - chord#: 84 done. best_score=78.0, changed=612, unchanged=345, early_stops=8/8
26 - INFO - chord#: 88 In build_straw_man_chord_sa. tolerance = 1, sa_iterations = 1000, initial_temperature = 3.0, cooling_rate = 0.999
26 - INFO - chord#: 90 done. best_score=96.0, changed=607, unchanged=268, early_stops=8/8
26 - INFO - chord#: 92 In build_straw_man_chord_sa. tolerance = 1, sa_iterations = 1000, initial_temperature = 3.0, cooling_rate = 0.999
26 - INFO - chord#: 80 done. best_score=82.0, changed=610, unchanged=310, early_stops=8/8
26 - INFO - chord#: 82 In build_straw_man_chord_sa. tolerance = 1, sa_iterations = 1000, initial_temperature = 3.0, cooling_rate = 0.999
26 - INFO - chord#: 102 done. best_score=27.0, changed=529, unchanged=335, early_stops=8/8
26 - INFO - chord#: 104 In build_straw_man_chord_sa. tolerance = 1, sa_iterations = 1000, initial_temperature = 3.0, cooling_rate = 0.999
26 - INFO - chord#: 80 done. best_score=119.0, changed=608, unchanged=284, early_stops=8/8
26 - INFO - chord#: 82 In build_straw_man_chord_sa. tolerance = 1, sa_iterations = 1000, initial_temperature = 3.0, cooling_rate = 0.999
26 - INFO - chord#: 104 done. best_score=27.0, changed=534, unchanged=432, early_stops=8/8
26 - INFO - chord#: 106 In build_straw_man_chord_sa. tolerance = 1, sa_iterations = 1000, initial_temperature = 3.0, cooling_rate = 0.999
26 - INFO - chord#: 112 done. best_score=27.0, changed=536, unchanged=386, early_stops=8/8
26 - INFO - chord#: 116 In build_straw_man_chord_sa. tolerance = 1, sa_iterations = 1000, initial_temperature = 3.0, cooling_rate = 0.999
26 - INFO - chord#: 100 done. best_score=146.0, changed=606, unchanged=243, early_stops=8/8
26 - INFO - chord#: 102 In build_straw_man_chord_sa. tolerance = 1, sa_iterations = 1000, initial_temperature = 3.0, cooling_rate = 0.999
26 - INFO - chord#: 92 done. best_score=27.0, changed=513, unchanged=330, early_stops=8/8
26 - INFO - chord#: 96 In build_straw_man_chord_sa. tolerance = 1, sa_iterations = 1000, initial_temperature = 3.0, cooling_rate = 0.999
26 - INFO - chord#: 104 done. best_score=27.0, changed=534, unchanged=424, early_stops=8/8
26 - INFO - chord#: 106 In build_straw_man_chord_sa. tolerance = 1, sa_iterations = 1000, initial_temperature = 3.0, cooling_rate = 0.999
26 - INFO - chord#: 82 done. best_score=27.0, changed=531, unchanged=341, early_stops=8/8
26 - INFO - chord#: 84 In build_straw_man_chord_sa. tolerance = 1, sa_iterations = 1000, initial_temperature = 3.0, cooling_rate = 0.999
26 - INFO - chord#: 88 done. best_score=36.0, changed=523, unchanged=414, early_stops=8/8
26 - INFO - chord#: 90 In build_straw_man_chord_sa. tolerance = 1, sa_iterations = 1000, initial_temperature = 3.0, cooling_rate = 0.999
26 - INFO - chord#: 82 done. best_score=36.0, changed=530, unchanged=283, early_stops=8/8
26 - INFO - chord#: 84 In build_straw_man_chord_sa. tolerance = 1, sa_iterations = 1000, initial_temperature = 3.0, cooling_rate = 0.999
26 - INFO - chord#: 90 done. best_score=67.0, changed=617, unchanged=431, early_stops=8/8
26 - INFO - chord#: 92 In build_straw_man_chord_sa. tolerance = 1, sa_iterations = 1000, initial_temperature = 3.0, cooling_rate = 0.999
26 - INFO - chord#: 106 done. best_score=36.0, changed=519, unchanged=458, early_stops=8/8
26 - INFO - chord#: 108 In build_straw_man_chord_sa. tolerance = 1, sa_iterations = 1000, initial_temperature = 3.0, cooling_rate = 0.999
26 - INFO - chord#: 100 done. best_score=82.0, changed=612, unchanged=282, early_stops=8/8
26 - INFO - chord#: 102 In build_straw_man_chord_sa. tolerance = 1, sa_iterations = 1000, initial_temperature = 3.0, cooling_rate = 0.999
26 - INFO - chord#: 102 done. best_score=36.0, changed=528, unchanged=310, early_stops=8/8
26 - INFO - chord#: 104 In build_straw_man_chord_sa. tolerance = 1, sa_iterations = 1000, initial_temperature = 3.0, cooling_rate = 0.999
26 - INFO - chord#: 90 done. best_score=67.0, changed=614, unchanged=442, early_stops=8/8
26 - INFO - chord#: 92 In build_straw_man_chord_sa. tolerance = 1, sa_iterations = 1000, initial_temperature = 3.0, cooling_rate = 0.999
26 - INFO - chord#: 96 done. best_score=27.0, changed=518, unchanged=320, early_stops=8/8
26 - INFO - chord#: 100 In build_straw_man_chord_sa. tolerance = 1, sa_iterations = 1000, initial_temperature = 3.0, cooling_rate = 0.999
26 - INFO - chord#: 106 done. best_score=36.0, changed=517, unchanged=443, early_stops=8/8
26 - INFO - chord#: 108 In build_straw_man_chord_sa. tolerance = 1, sa_iterations = 1000, initial_temperature = 3.0, cooling_rate = 0.999
26 - INFO - chord#: 104 done. best_score=27.0, changed=518, unchanged=297, early_stops=8/8
26 - INFO - chord#: 106 In build_straw_man_chord_sa. tolerance = 1, sa_iterations = 1000, initial_temperature = 3.0, cooling_rate = 0.999
26 - INFO - chord#: 90 done. best_score=1120.0, changed=613, unchanged=358, early_stops=8/8
26 - INFO - chord#: 92 In build_straw_man_chord_sa. tolerance = 1, sa_iterations = 1000, initial_temperature = 3.0, cooling_rate = 0.999
26 - INFO - chord#: 92 done. best_score=27.0, changed=516, unchanged=347, early_stops=8/8
26 - INFO - chord#: 96 In build_straw_man_chord_sa. tolerance = 1, sa_iterations = 1000, initial_temperature = 3.0, cooling_rate = 0.999
26 - INFO - chord#: 102 done. best_score=27.0, changed=522, unchanged=342, early_stops=8/8
26 - INFO - chord#: 104 In build_straw_man_chord_sa. tolerance = 1, sa_iterations = 1000, initial_temperature = 3.0, cooling_rate = 0.999
26 - INFO - chord#: 108 done. best_score=27.0, changed=516, unchanged=479, early_stops=8/8
26 - INFO - chord#: 112 In build_straw_man_chord_sa. tolerance = 1, sa_iterations = 1000, initial_temperature = 3.0, cooling_rate = 0.999
26 - INFO - chord#: 116 done. best_score=64.0, changed=606, unchanged=206, early_stops=8/8
26 - INFO - chord#: 118 In build_straw_man_chord_sa. tolerance = 1, sa_iterations = 1000, initial_temperature = 3.0, cooling_rate = 0.999
26 - INFO - chord#: 92 done. best_score=27.0, changed=524, unchanged=445, early_stops=8/8
26 - INFO - chord#: 96 In build_straw_man_chord_sa. tolerance = 1, sa_iterations = 1000, initial_temperature = 3.0, cooling_rate = 0.999
26 - INFO - chord#: 108 done. best_score=27.0, changed=527, unchanged=372, early_stops=8/8
26 - INFO - chord#: 112 In build_straw_man_chord_sa. tolerance = 1, sa_iterations = 1000, initial_temperature = 3.0, cooling_rate = 0.999
26 - INFO - chord#: 104 done. best_score=27.0, changed=521, unchanged=335, early_stops=8/8
26 - INFO - chord#: 106 In build_straw_man_chord_sa. tolerance = 1, sa_iterations = 1000, initial_temperature = 3.0, cooling_rate = 0.999
26 - INFO - chord#: 92 done. best_score=27.0, changed=525, unchanged=445, early_stops=8/8
26 - INFO - chord#: 96 In build_straw_man_chord_sa. tolerance = 1, sa_iterations = 1000, initial_temperature = 3.0, cooling_rate = 0.999
26 - INFO - chord#: 106 done. best_score=36.0, changed=529, unchanged=517, early_stops=8/8
26 - INFO - chord#: 108 In build_straw_man_chord_sa. tolerance = 1, sa_iterations = 1000, initial_temperature = 3.0, cooling_rate = 0.999
26 - INFO - chord#: 118 done. best_score=27.0, changed=524, unchanged=298, early_stops=8/8
26 - INFO - chord#: 120 In build_straw_man_chord_sa. tolerance = 1, sa_iterations = 1000, initial_temperature = 3.0, cooling_rate = 0.999
26 - INFO - chord#: 112 done. best_score=27.0, changed=526, unchanged=399, early_stops=8/8
26 - INFO - chord#: 116 In build_straw_man_chord_sa. tolerance = 1, sa_iterations = 1000, initial_temperature = 3.0, cooling_rate = 0.999
26 - INFO - chord#: 96 done. best_score=27.0, changed=518, unchanged=440, early_stops=8/8
26 - INFO - chord#: 100 In build_straw_man_chord_sa. tolerance = 1, sa_iterations = 1000, initial_temperature = 3.0, cooling_rate = 0.999
26 - INFO - chord#: 96 done. best_score=27.0, changed=519, unchanged=393, early_stops=8/8
26 - INFO - chord#: 100 In build_straw_man_chord_sa. tolerance = 1, sa_iterations = 1000, initial_temperature = 3.0, cooling_rate = 0.999
26 - INFO - chord#: 90 done. best_score=168.0, changed=616, unchanged=331, early_stops=8/8
26 - INFO - chord#: 92 In build_straw_man_chord_sa. tolerance = 1, sa_iterations = 1000, initial_temperature = 3.0, cooling_rate = 0.999
26 - INFO - chord#: 84 done. best_score=119.0, changed=611, unchanged=292, early_stops=8/8
26 - INFO - chord#: 88 In build_straw_man_chord_sa. tolerance = 1, sa_iterations = 1000, initial_temperature = 3.0, cooling_rate = 0.999
26 - INFO - chord#: 100 done. best_score=82.0, changed=612, unchanged=232, early_stops=8/8
26 - INFO - chord#: 102 In build_straw_man_chord_sa. tolerance = 1, sa_iterations = 1000, initial_temperature = 3.0, cooling_rate = 0.999
26 - INFO - chord#: 112 done. best_score=27.0, changed=522, unchanged=413, early_stops=8/8
26 - INFO - chord#: 116 In build_straw_man_chord_sa. tolerance = 1, sa_iterations = 1000, initial_temperature = 3.0, cooling_rate = 0.999
26 - INFO - chord#: 84 done. best_score=67.0, changed=611, unchanged=423, early_stops=8/8
26 - INFO - chord#: 88 In build_straw_man_chord_sa. tolerance = 1, sa_iterations = 1000, initial_temperature = 3.0, cooling_rate = 0.999
26 - INFO - chord#: 106 done. best_score=36.0, changed=529, unchanged=535, early_stops=8/8
26 - INFO - chord#: 108 In build_straw_man_chord_sa. tolerance = 1, sa_iterations = 1000, initial_temperature = 3.0, cooling_rate = 0.999
26 - INFO - chord#: 108 done. best_score=27.0, changed=523, unchanged=399, early_stops=8/8
26 - INFO - chord#: 112 In build_straw_man_chord_sa. tolerance = 1, sa_iterations = 1000, initial_temperature = 3.0, cooling_rate = 0.999
26 - INFO - chord#: 120 done. best_score=27.0, changed=525, unchanged=510, early_stops=8/8
26 - INFO - chord#: 124 In build_straw_man_chord_sa. tolerance = 1, sa_iterations = 1000, initial_temperature = 3.0, cooling_rate = 0.999
26 - INFO - chord#: 96 done. best_score=27.0, changed=517, unchanged=385, early_stops=8/8
26 - INFO - chord#: 100 In build_straw_man_chord_sa. tolerance = 1, sa_iterations = 1000, initial_temperature = 3.0, cooling_rate = 0.999
26 - INFO - chord#: 92 done. best_score=27.0, changed=516, unchanged=345, early_stops=8/8
26 - INFO - chord#: 96 In build_straw_man_chord_sa. tolerance = 1, sa_iterations = 1000, initial_temperature = 3.0, cooling_rate = 0.999
26 - INFO - chord#: 88 done. best_score=36.0, changed=520, unchanged=361, early_stops=8/8
26 - INFO - chord#: 90 In build_straw_man_chord_sa. tolerance = 1, sa_iterations = 1000, initial_temperature = 3.0, cooling_rate = 0.999
26 - INFO - chord#: 102 done. best_score=27.0, changed=519, unchanged=404, early_stops=8/8
26 - INFO - chord#: 104 In build_straw_man_chord_sa. tolerance = 1, sa_iterations = 1000, initial_temperature = 3.0, cooling_rate = 0.999
26 - INFO - chord#: 108 done. best_score=27.0, changed=514, unchanged=360, early_stops=8/8
26 - INFO - chord#: 112 In build_straw_man_chord_sa. tolerance = 1, sa_iterations = 1000, initial_temperature = 3.0, cooling_rate = 0.999
26 - INFO - chord#: 112 done. best_score=27.0, changed=529, unchanged=415, early_stops=8/8
26 - INFO - chord#: 116 In build_straw_man_chord_sa. tolerance = 1, sa_iterations = 1000, initial_temperature = 3.0, cooling_rate = 0.999
26 - INFO - chord#: 124 done. best_score=27.0, changed=532, unchanged=355, early_stops=8/8
26 - INFO - chord#: 130 In build_straw_man_chord_sa. tolerance = 1, sa_iterations = 1000, initial_temperature = 3.0, cooling_rate = 0.999
26 - INFO - chord#: 88 done. best_score=27.0, changed=522, unchanged=435, early_stops=8/8
26 - INFO - chord#: 90 In build_straw_man_chord_sa. tolerance = 1, sa_iterations = 1000, initial_temperature = 3.0, cooling_rate = 0.999
26 - INFO - chord#: 100 done. best_score=82.0, changed=610, unchanged=341, early_stops=8/8
26 - INFO - chord#: 102 In build_straw_man_chord_sa. tolerance = 1, sa_iterations = 1000, initial_temperature = 3.0, cooling_rate = 0.999
26 - INFO - chord#: 104 done. best_score=27.0, changed=523, unchanged=422, early_stops=8/8
26 - INFO - chord#: 106 In build_straw_man_chord_sa. tolerance = 1, sa_iterations = 1000, initial_temperature = 3.0, cooling_rate = 0.999
26 - INFO - chord#: 96 done. best_score=27.0, changed=525, unchanged=405, early_stops=8/8
26 - INFO - chord#: 100 In build_straw_man_chord_sa. tolerance = 1, sa_iterations = 1000, initial_temperature = 3.0, cooling_rate = 0.999
26 - INFO - chord#: 116 done. best_score=71.0, changed=610, unchanged=301, early_stops=8/8
26 - INFO - chord#: 118 In build_straw_man_chord_sa. tolerance = 1, sa_iterations = 1000, initial_temperature = 3.0, cooling_rate = 0.999
26 - INFO - chord#: 112 done. best_score=27.0, changed=532, unchanged=607, early_stops=8/8
26 - INFO - chord#: 116 In build_straw_man_chord_sa. tolerance = 1, sa_iterations = 1000, initial_temperature = 3.0, cooling_rate = 0.999
26 - INFO - chord#: 116 done. best_score=174.0, changed=609, unchanged=349, early_stops=8/8
26 - INFO - chord#: 118 In build_straw_man_chord_sa. tolerance = 1, sa_iterations = 1000, initial_temperature = 3.0, cooling_rate = 0.999
26 - INFO - chord#: 100 done. best_score=120.0, changed=611, unchanged=392, early_stops=8/8
26 - INFO - chord#: 102 In build_straw_man_chord_sa. tolerance = 1, sa_iterations = 1000, initial_temperature = 3.0, cooling_rate = 0.999
26 - INFO - chord#: 118 done. best_score=36.0, changed=519, unchanged=318, early_stops=8/8
26 - INFO - chord#: 120 In build_straw_man_chord_sa. tolerance = 1, sa_iterations = 1000, initial_temperature = 3.0, cooling_rate = 0.999
26 - INFO - chord#: 102 done. best_score=27.0, changed=532, unchanged=336, early_stops=8/8
26 - INFO - chord#: 104 In build_straw_man_chord_sa. tolerance = 1, sa_iterations = 1000, initial_temperature = 3.0, cooling_rate = 0.999
26 - INFO - chord#: 106 done. best_score=36.0, changed=519, unchanged=466, early_stops=8/8
26 - INFO - chord#: 108 In build_straw_man_chord_sa. tolerance = 1, sa_iterations = 1000, initial_temperature = 3.0, cooling_rate = 0.999
26 - INFO - chord#: 100 done. best_score=82.0, changed=611, unchanged=236, early_stops=8/8
26 - INFO - chord#: 102 In build_straw_man_chord_sa. tolerance = 1, sa_iterations = 1000, initial_temperature = 3.0, cooling_rate = 0.999
26 - INFO - chord#: 116 done. best_score=64.0, changed=610, unchanged=310, early_stops=8/8
26 - INFO - chord#: 118 In build_straw_man_chord_sa. tolerance = 1, sa_iterations = 1000, initial_temperature = 3.0, cooling_rate = 0.999
26 - INFO - chord#: 90 done. best_score=78.0, changed=607, unchanged=331, early_stops=8/8
26 - INFO - chord#: 92 In build_straw_man_chord_sa. tolerance = 1, sa_iterations = 1000, initial_temperature = 3.0, cooling_rate = 0.999
26 - INFO - chord#: 118 done. best_score=27.0, changed=537, unchanged=428, early_stops=8/8
26 - INFO - chord#: 120 In build_straw_man_chord_sa. tolerance = 1, sa_iterations = 1000, initial_temperature = 3.0, cooling_rate = 0.999
26 - INFO - chord#: 104 done. best_score=27.0, changed=526, unchanged=361, early_stops=8/8
26 - INFO - chord#: 106 In build_straw_man_chord_sa. tolerance = 1, sa_iterations = 1000, initial_temperature = 3.0, cooling_rate = 0.999
26 - INFO - chord#: 130 done. best_score=67.0, changed=611, unchanged=300, early_stops=8/8
26 - INFO - chord#: 132 In build_straw_man_chord_sa. tolerance = 1, sa_iterations = 1000, initial_temperature = 3.0, cooling_rate = 0.999
26 - INFO - chord#: 108 done. best_score=27.0, changed=513, unchanged=363, early_stops=8/8
26 - INFO - chord#: 112 In build_straw_man_chord_sa. tolerance = 1, sa_iterations = 1000, initial_temperature = 3.0, cooling_rate = 0.999
26 - INFO - chord#: 102 done. best_score=27.0, changed=519, unchanged=324, early_stops=8/8
26 - INFO - chord#: 104 In build_straw_man_chord_sa. tolerance = 1, sa_iterations = 1000, initial_temperature = 3.0, cooling_rate = 0.999
26 - INFO - chord#: 120 done. best_score=27.0, changed=518, unchanged=539, early_stops=8/8
26 - INFO - chord#: 124 In build_straw_man_chord_sa. tolerance = 1, sa_iterations = 1000, initial_temperature = 3.0, cooling_rate = 0.999
26 - INFO - chord#: 102 done. best_score=27.0, changed=519, unchanged=296, early_stops=8/8
26 - INFO - chord#: 104 In build_straw_man_chord_sa. tolerance = 1, sa_iterations = 1000, initial_temperature = 3.0, cooling_rate = 0.999
26 - INFO - chord#: 90 done. best_score=67.0, changed=615, unchanged=290, early_stops=8/8
26 - INFO - chord#: 92 In build_straw_man_chord_sa. tolerance = 1, sa_iterations = 1000, initial_temperature = 3.0, cooling_rate = 0.999
26 - INFO - chord#: 118 done. best_score=27.0, changed=527, unchanged=398, early_stops=8/8
26 - INFO - chord#: 120 In build_straw_man_chord_sa. tolerance = 1, sa_iterations = 1000, initial_temperature = 3.0, cooling_rate = 0.999
26 - INFO - chord#: 92 done. best_score=27.0, changed=530, unchanged=395, early_stops=8/8
26 - INFO - chord#: 96 In build_straw_man_chord_sa. tolerance = 1, sa_iterations = 1000, initial_temperature = 3.0, cooling_rate = 0.999
26 - INFO - chord#: 100 done. best_score=120.0, changed=610, unchanged=315, early_stops=8/8
26 - INFO - chord#: 102 In build_straw_man_chord_sa. tolerance = 1, sa_iterations = 1000, initial_temperature = 3.0, cooling_rate = 0.999
26 - INFO - chord#: 106 done. best_score=36.0, changed=528, unchanged=424, early_stops=8/8
26 - INFO - chord#: 108 In build_straw_man_chord_sa. tolerance = 1, sa_iterations = 1000, initial_temperature = 3.0, cooling_rate = 0.999
26 - INFO - chord#: 132 done. best_score=27.0, changed=524, unchanged=555, early_stops=8/8
26 - INFO - chord#: 134 In build_straw_man_chord_sa. tolerance = 1, sa_iterations = 1000, initial_temperature = 3.0, cooling_rate = 0.999
26 - INFO - chord#: 112 done. best_score=27.0, changed=520, unchanged=467, early_stops=8/8
26 - INFO - chord#: 116 In build_straw_man_chord_sa. tolerance = 1, sa_iterations = 1000, initial_temperature = 3.0, cooling_rate = 0.999
26 - INFO - chord#: 116 done. best_score=64.0, changed=612, unchanged=389, early_stops=8/8
26 - INFO - chord#: 118 In build_straw_man_chord_sa. tolerance = 1, sa_iterations = 1000, initial_temperature = 3.0, cooling_rate = 0.999
26 - INFO - chord#: 120 done. best_score=27.0, changed=518, unchanged=322, early_stops=8/8
26 - INFO - chord#: 124 In build_straw_man_chord_sa. tolerance = 1, sa_iterations = 1000, initial_temperature = 3.0, cooling_rate = 0.999
26 - INFO - chord#: 104 done. best_score=27.0, changed=522, unchanged=421, early_stops=8/8
26 - INFO - chord#: 106 In build_straw_man_chord_sa. tolerance = 1, sa_iterations = 1000, initial_temperature = 3.0, cooling_rate = 0.999
26 - INFO - chord#: 124 done. best_score=27.0, changed=522, unchanged=363, early_stops=8/8
26 - INFO - chord#: 130 In build_straw_man_chord_sa. tolerance = 1, sa_iterations = 1000, initial_temperature = 3.0, cooling_rate = 0.999
26 - INFO - chord#: 92 done. best_score=27.0, changed=513, unchanged=324, early_stops=8/8
26 - INFO - chord#: 96 In build_straw_man_chord_sa. tolerance = 1, sa_iterations = 1000, initial_temperature = 3.0, cooling_rate = 0.999
26 - INFO - chord#: 104 done. best_score=27.0, changed=528, unchanged=473, early_stops=8/8
26 - INFO - chord#: 106 In build_straw_man_chord_sa. tolerance = 1, sa_iterations = 1000, initial_temperature = 3.0, cooling_rate = 0.999
26 - INFO - chord#: 134 done. best_score=27.0, changed=524, unchanged=398, early_stops=8/8
26 - INFO - chord#: 136 In build_straw_man_chord_sa. tolerance = 1, sa_iterations = 1000, initial_temperature = 3.0, cooling_rate = 0.999
26 - INFO - chord#: 120 done. best_score=27.0, changed=519, unchanged=484, early_stops=8/8
26 - INFO - chord#: 124 In build_straw_man_chord_sa. tolerance = 1, sa_iterations = 1000, initial_temperature = 3.0, cooling_rate = 0.999
26 - INFO - chord#: 118 done. best_score=27.0, changed=529, unchanged=413, early_stops=8/8
26 - INFO - chord#: 120 In build_straw_man_chord_sa. tolerance = 1, sa_iterations = 1000, initial_temperature = 3.0, cooling_rate = 0.999
26 - INFO - chord#: 96 done. best_score=27.0, changed=513, unchanged=349, early_stops=8/8
26 - INFO - chord#: 100 In build_straw_man_chord_sa. tolerance = 1, sa_iterations = 1000, initial_temperature = 3.0, cooling_rate = 0.999
26 - INFO - chord#: 102 done. best_score=27.0, changed=520, unchanged=406, early_stops=8/8
26 - INFO - chord#: 104 In build_straw_man_chord_sa. tolerance = 1, sa_iterations = 1000, initial_temperature = 3.0, cooling_rate = 0.999
26 - INFO - chord#: 108 done. best_score=27.0, changed=524, unchanged=533, early_stops=8/8
26 - INFO - chord#: 112 In build_straw_man_chord_sa. tolerance = 1, sa_iterations = 1000, initial_temperature = 3.0, cooling_rate = 0.999
26 - INFO - chord#: 106 done. best_score=36.0, changed=526, unchanged=411, early_stops=8/8
26 - INFO - chord#: 108 In build_straw_man_chord_sa. tolerance = 1, sa_iterations = 1000, initial_temperature = 3.0, cooling_rate = 0.999
26 - INFO - chord#: 124 done. best_score=27.0, changed=532, unchanged=552, early_stops=8/8
26 - INFO - chord#: 130 In build_straw_man_chord_sa. tolerance = 1, sa_iterations = 1000, initial_temperature = 3.0, cooling_rate = 0.999
26 - INFO - chord#: 96 done. best_score=27.0, changed=521, unchanged=444, early_stops=8/8
26 - INFO - chord#: 100 In build_straw_man_chord_sa. tolerance = 1, sa_iterations = 1000, initial_temperature = 3.0, cooling_rate = 0.999
26 - INFO - chord#: 106 done. best_score=36.0, changed=517, unchanged=352, early_stops=8/8
26 - INFO - chord#: 108 In build_straw_man_chord_sa. tolerance = 1, sa_iterations = 1000, initial_temperature = 3.0, cooling_rate = 0.999
26 - INFO - chord#: 124 done. best_score=27.0, changed=524, unchanged=409, early_stops=8/8
26 - INFO - chord#: 130 In build_straw_man_chord_sa. tolerance = 1, sa_iterations = 1000, initial_temperature = 3.0, cooling_rate = 0.999
26 - INFO - chord#: 136 done. best_score=27.0, changed=524, unchanged=424, early_stops=8/8
26 - INFO - chord#: 138 In build_straw_man_chord_sa. tolerance = 1, sa_iterations = 1000, initial_temperature = 3.0, cooling_rate = 0.999
26 - INFO - chord#: 112 done. best_score=27.0, changed=525, unchanged=403, early_stops=8/8
26 - INFO - chord#: 116 In build_straw_man_chord_sa. tolerance = 1, sa_iterations = 1000, initial_temperature = 3.0, cooling_rate = 0.999
26 - INFO - chord#: 104 done. best_score=27.0, changed=524, unchanged=418, early_stops=8/8
26 - INFO - chord#: 120 done. best_score=27.0, changed=525, unchanged=504, early_stops=8/8
26 - INFO - chord#: 106 In build_straw_man_chord_sa. tolerance = 1, sa_iterations = 1000, initial_temperature = 3.0, cooling_rate = 0.999
26 - INFO - chord#: 124 In build_straw_man_chord_sa. tolerance = 1, sa_iterations = 1000, initial_temperature = 3.0, cooling_rate = 0.999
26 - INFO - chord#: 130 done. best_score=67.0, changed=612, unchanged=293, early_stops=8/8
26 - INFO - chord#: 132 In build_straw_man_chord_sa. tolerance = 1, sa_iterations = 1000, initial_temperature = 3.0, cooling_rate = 0.999
26 - INFO - chord#: 116 done. best_score=64.0, changed=609, unchanged=372, early_stops=8/8
26 - INFO - chord#: 118 In build_straw_man_chord_sa. tolerance = 1, sa_iterations = 1000, initial_temperature = 3.0, cooling_rate = 0.999
26 - INFO - chord#: 108 done. best_score=27.0, changed=522, unchanged=378, early_stops=8/8
26 - INFO - chord#: 112 In build_straw_man_chord_sa. tolerance = 1, sa_iterations = 1000, initial_temperature = 3.0, cooling_rate = 0.999
26 - INFO - chord#: 108 done. best_score=27.0, changed=517, unchanged=356, early_stops=8/8
26 - INFO - chord#: 112 In build_straw_man_chord_sa. tolerance = 1, sa_iterations = 1000, initial_temperature = 3.0, cooling_rate = 0.999
26 - INFO - chord#: 124 done. best_score=27.0, changed=520, unchanged=393, early_stops=8/8
26 - INFO - chord#: 130 In build_straw_man_chord_sa. tolerance = 1, sa_iterations = 1000, initial_temperature = 3.0, cooling_rate = 0.999
26 - INFO - chord#: 132 done. best_score=27.0, changed=529, unchanged=425, early_stops=8/8
26 - INFO - chord#: 134 In build_straw_man_chord_sa. tolerance = 1, sa_iterations = 1000, initial_temperature = 3.0, cooling_rate = 0.999
26 - INFO - chord#: 106 done. best_score=36.0, changed=519, unchanged=362, early_stops=8/8
26 - INFO - chord#: 108 In build_straw_man_chord_sa. tolerance = 1, sa_iterations = 1000, initial_temperature = 3.0, cooling_rate = 0.999
26 - INFO - chord#: 118 done. best_score=27.0, changed=525, unchanged=343, early_stops=8/8
26 - INFO - chord#: 120 In build_straw_man_chord_sa. tolerance = 1, sa_iterations = 1000, initial_temperature = 3.0, cooling_rate = 0.999
26 - INFO - chord#: 112 done. best_score=27.0, changed=521, unchanged=439, early_stops=8/8
26 - INFO - chord#: 116 In build_straw_man_chord_sa. tolerance = 1, sa_iterations = 1000, initial_temperature = 3.0, cooling_rate = 0.999
26 - INFO - chord#: 138 done. best_score=125.0, changed=609, unchanged=257, early_stops=8/8
26 - INFO - chord#: 140 In build_straw_man_chord_sa. tolerance = 1, sa_iterations = 1000, initial_temperature = 3.0, cooling_rate = 0.999
26 - INFO - chord#: 130 done. best_score=67.0, changed=610, unchanged=304, early_stops=8/8
26 - INFO - chord#: 132 In build_straw_man_chord_sa. tolerance = 1, sa_iterations = 1000, initial_temperature = 3.0, cooling_rate = 0.999
26 - INFO - chord#: 134 done. best_score=27.0, changed=521, unchanged=372, early_stops=8/8
26 - INFO - chord#: 136 In build_straw_man_chord_sa. tolerance = 1, sa_iterations = 1000, initial_temperature = 3.0, cooling_rate = 0.999
26 - INFO - chord#: 112 done. best_score=27.0, changed=522, unchanged=419, early_stops=8/8
26 - INFO - chord#: 116 In build_straw_man_chord_sa. tolerance = 1, sa_iterations = 1000, initial_temperature = 3.0, cooling_rate = 0.999
26 - INFO - chord#: 130 done. best_score=67.0, changed=616, unchanged=487, early_stops=8/8
26 - INFO - chord#: 132 In build_straw_man_chord_sa. tolerance = 1, sa_iterations = 1000, initial_temperature = 3.0, cooling_rate = 0.999
26 - INFO - chord#: 100 done. best_score=124.0, changed=617, unchanged=447, early_stops=8/8
26 - INFO - chord#: 102 In build_straw_man_chord_sa. tolerance = 1, sa_iterations = 1000, initial_temperature = 3.0, cooling_rate = 0.999
26 - INFO - chord#: 120 done. best_score=27.0, changed=519, unchanged=363, early_stops=8/8
26 - INFO - chord#: 124 In build_straw_man_chord_sa. tolerance = 1, sa_iterations = 1000, initial_temperature = 3.0, cooling_rate = 0.999
26 - INFO - chord#: 100 done. best_score=119.0, changed=609, unchanged=258, early_stops=8/8
26 - INFO - chord#: 102 In build_straw_man_chord_sa. tolerance = 1, sa_iterations = 1000, initial_temperature = 3.0, cooling_rate = 0.999
26 - INFO - chord#: 116 done. best_score=71.0, changed=608, unchanged=350, early_stops=8/8
26 - INFO - chord#: 118 In build_straw_man_chord_sa. tolerance = 1, sa_iterations = 1000, initial_temperature = 3.0, cooling_rate = 0.999
26 - INFO - chord#: 108 done. best_score=27.0, changed=515, unchanged=507, early_stops=8/8
26 - INFO - chord#: 112 In build_straw_man_chord_sa. tolerance = 1, sa_iterations = 1000, initial_temperature = 3.0, cooling_rate = 0.999
26 - INFO - chord#: 140 done. best_score=27.0, changed=520, unchanged=348, early_stops=8/8
26 - INFO - chord#: 142 In build_straw_man_chord_sa. tolerance = 1, sa_iterations = 1000, initial_temperature = 3.0, cooling_rate = 0.999
26 - INFO - chord#: 132 done. best_score=27.0, changed=523, unchanged=384, early_stops=8/8
26 - INFO - chord#: 134 In build_straw_man_chord_sa. tolerance = 1, sa_iterations = 1000, initial_temperature = 3.0, cooling_rate = 0.999
26 - INFO - chord#: 132 done. best_score=27.0, changed=517, unchanged=309, early_stops=8/8
26 - INFO - chord#: 134 In build_straw_man_chord_sa. tolerance = 1, sa_iterations = 1000, initial_temperature = 3.0, cooling_rate = 0.999
26 - INFO - chord#: 136 done. best_score=27.0, changed=530, unchanged=439, early_stops=8/8
26 - INFO - chord#: 118 done. best_score=36.0, changed=534, unchanged=311, early_stops=8/8
26 - INFO - chord#: 138 In build_straw_man_chord_sa. tolerance = 1, sa_iterations = 1000, initial_temperature = 3.0, cooling_rate = 0.999
26 - INFO - chord#: 120 In build_straw_man_chord_sa. tolerance = 1, sa_iterations = 1000, initial_temperature = 3.0, cooling_rate = 0.999
26 - INFO - chord#: 124 done. best_score=27.0, changed=517, unchanged=342, early_stops=8/8
26 - INFO - chord#: 130 In build_straw_man_chord_sa. tolerance = 1, sa_iterations = 1000, initial_temperature = 3.0, cooling_rate = 0.999
26 - INFO - chord#: 130 done. best_score=137.0, changed=613, unchanged=351, early_stops=8/8
26 - INFO - chord#: 132 In build_straw_man_chord_sa. tolerance = 1, sa_iterations = 1000, initial_temperature = 3.0, cooling_rate = 0.999
26 - INFO - chord#: 102 done. best_score=36.0, changed=534, unchanged=280, early_stops=8/8
26 - INFO - chord#: 102 done. best_score=61.0, changed=522, unchanged=325, early_stops=8/8
26 - INFO - chord#: 104 In build_straw_man_chord_sa. tolerance = 1, sa_iterations = 1000, initial_temperature = 3.0, cooling_rate = 0.999
26 - INFO - chord#: 104 In build_straw_man_chord_sa. tolerance = 1, sa_iterations = 1000, initial_temperature = 3.0, cooling_rate = 0.999
26 - INFO - chord#: 112 done. best_score=27.0, changed=530, unchanged=383, early_stops=8/8
26 - INFO - chord#: 116 In build_straw_man_chord_sa. tolerance = 1, sa_iterations = 1000, initial_temperature = 3.0, cooling_rate = 0.999
26 - INFO - chord#: 134 done. best_score=27.0, changed=527, unchanged=405, early_stops=8/8
26 - INFO - chord#: 136 In build_straw_man_chord_sa. tolerance = 1, sa_iterations = 1000, initial_temperature = 3.0, cooling_rate = 0.999
26 - INFO - chord#: 132 done. best_score=27.0, changed=528, unchanged=384, early_stops=8/8
26 - INFO - chord#: 134 In build_straw_man_chord_sa. tolerance = 1, sa_iterations = 1000, initial_temperature = 3.0, cooling_rate = 0.999
26 - INFO - chord#: 134 done. best_score=27.0, changed=542, unchanged=382, early_stops=8/8
26 - INFO - chord#: 136 In build_straw_man_chord_sa. tolerance = 1, sa_iterations = 1000, initial_temperature = 3.0, cooling_rate = 0.999
26 - INFO - chord#: 120 done. best_score=27.0, changed=518, unchanged=358, early_stops=8/8
26 - INFO - chord#: 124 In build_straw_man_chord_sa. tolerance = 1, sa_iterations = 1000, initial_temperature = 3.0, cooling_rate = 0.999
26 - INFO - chord#: 104 done. best_score=57.0, changed=527, unchanged=319, early_stops=8/8
26 - INFO - chord#: 106 In build_straw_man_chord_sa. tolerance = 1, sa_iterations = 1000, initial_temperature = 3.0, cooling_rate = 0.999
26 - INFO - chord#: 104 done. best_score=27.0, changed=529, unchanged=428, early_stops=8/8
26 - INFO - chord#: 106 In build_straw_man_chord_sa. tolerance = 1, sa_iterations = 1000, initial_temperature = 3.0, cooling_rate = 0.999
26 - INFO - chord#: 142 done. best_score=82.0, changed=613, unchanged=282, early_stops=8/8
26 - INFO - chord#: 144 In build_straw_man_chord_sa. tolerance = 1, sa_iterations = 1000, initial_temperature = 3.0, cooling_rate = 0.999
26 - INFO - chord#: 116 done. best_score=175.0, changed=612, unchanged=399, early_stops=8/8
26 - INFO - chord#: 118 In build_straw_man_chord_sa. tolerance = 1, sa_iterations = 1000, initial_temperature = 3.0, cooling_rate = 0.999
26 - INFO - chord#: 116 done. best_score=64.0, changed=612, unchanged=263, early_stops=8/8
26 - INFO - chord#: 118 In build_straw_man_chord_sa. tolerance = 1, sa_iterations = 1000, initial_temperature = 3.0, cooling_rate = 0.999
26 - INFO - chord#: 134 done. best_score=27.0, changed=526, unchanged=400, early_stops=8/8
26 - INFO - chord#: 136 In build_straw_man_chord_sa. tolerance = 1, sa_iterations = 1000, initial_temperature = 3.0, cooling_rate = 0.999
26 - INFO - chord#: 136 done. best_score=27.0, changed=527, unchanged=448, early_stops=8/8
26 - INFO - chord#: 138 In build_straw_man_chord_sa. tolerance = 1, sa_iterations = 1000, initial_temperature = 3.0, cooling_rate = 0.999
26 - INFO - chord#: 130 done. best_score=137.0, changed=604, unchanged=246, early_stops=8/8
26 - INFO - chord#: 132 In build_straw_man_chord_sa. tolerance = 1, sa_iterations = 1000, initial_temperature = 3.0, cooling_rate = 0.999
26 - INFO - chord#: 106 done. best_score=36.0, changed=516, unchanged=337, early_stops=8/8
26 - INFO - chord#: 108 In build_straw_man_chord_sa. tolerance = 1, sa_iterations = 1000, initial_temperature = 3.0, cooling_rate = 0.999
26 - INFO - chord#: 124 done. best_score=27.0, changed=522, unchanged=490, early_stops=8/8
26 - INFO - chord#: 130 In build_straw_man_chord_sa. tolerance = 1, sa_iterations = 1000, initial_temperature = 3.0, cooling_rate = 0.999
26 - INFO - chord#: 136 done. best_score=27.0, changed=524, unchanged=369, early_stops=8/8
26 - INFO - chord#: 138 In build_straw_man_chord_sa. tolerance = 1, sa_iterations = 1000, initial_temperature = 3.0, cooling_rate = 0.999
26 - INFO - chord#: 138 done. best_score=64.0, changed=615, unchanged=417, early_stops=8/8
26 - INFO - chord#: 140 In build_straw_man_chord_sa. tolerance = 1, sa_iterations = 1000, initial_temperature = 3.0, cooling_rate = 0.999
26 - INFO - chord#: 106 done. best_score=36.0, changed=523, unchanged=492, early_stops=8/8
26 - INFO - chord#: 108 In build_straw_man_chord_sa. tolerance = 1, sa_iterations = 1000, initial_temperature = 3.0, cooling_rate = 0.999
26 - INFO - chord#: 144 done. best_score=36.0, changed=520, unchanged=421, early_stops=8/8
26 - INFO - chord#: 146 In build_straw_man_chord_sa. tolerance = 1, sa_iterations = 1000, initial_temperature = 3.0, cooling_rate = 0.999
26 - INFO - chord#: 118 done. best_score=27.0, changed=524, unchanged=298, early_stops=8/8
26 - INFO - chord#: 120 In build_straw_man_chord_sa. tolerance = 1, sa_iterations = 1000, initial_temperature = 3.0, cooling_rate = 0.999
26 - INFO - chord#: 132 done. best_score=27.0, changed=522, unchanged=343, early_stops=8/8
26 - INFO - chord#: 134 In build_straw_man_chord_sa. tolerance = 1, sa_iterations = 1000, initial_temperature = 3.0, cooling_rate = 0.999
26 - INFO - chord#: 136 done. best_score=27.0, changed=524, unchanged=401, early_stops=8/8
26 - INFO - chord#: 138 In build_straw_man_chord_sa. tolerance = 1, sa_iterations = 1000, initial_temperature = 3.0, cooling_rate = 0.999
26 - INFO - chord#: 118 done. best_score=27.0, changed=520, unchanged=440, early_stops=8/8
26 - INFO - chord#: 120 In build_straw_man_chord_sa. tolerance = 1, sa_iterations = 1000, initial_temperature = 3.0, cooling_rate = 0.999
26 - INFO - chord#: 140 done. best_score=27.0, changed=524, unchanged=418, early_stops=8/8
26 - INFO - chord#: 142 In build_straw_man_chord_sa. tolerance = 1, sa_iterations = 1000, initial_temperature = 3.0, cooling_rate = 0.999
26 - INFO - chord#: 146 done. best_score=36.0, changed=524, unchanged=352, early_stops=8/8
26 - INFO - chord#: 147 In build_straw_man_chord_sa. tolerance = 1, sa_iterations = 1000, initial_temperature = 3.0, cooling_rate = 0.999
26 - INFO - chord#: 108 done. best_score=27.0, changed=523, unchanged=546, early_stops=8/8
26 - INFO - chord#: 112 In build_straw_man_chord_sa. tolerance = 1, sa_iterations = 1000, initial_temperature = 3.0, cooling_rate = 0.999
26 - INFO - chord#: 116 done. best_score=64.0, changed=612, unchanged=358, early_stops=8/8
26 - INFO - chord#: 118 In build_straw_man_chord_sa. tolerance = 1, sa_iterations = 1000, initial_temperature = 3.0, cooling_rate = 0.999
26 - INFO - chord#: 134 done. best_score=27.0, changed=532, unchanged=363, early_stops=8/8
26 - INFO - chord#: 136 In build_straw_man_chord_sa. tolerance = 1, sa_iterations = 1000, initial_temperature = 3.0, cooling_rate = 0.999
26 - INFO - chord#: 120 done. best_score=27.0, changed=522, unchanged=339, early_stops=8/8
26 - INFO - chord#: 124 In build_straw_man_chord_sa. tolerance = 1, sa_iterations = 1000, initial_temperature = 3.0, cooling_rate = 0.999
26 - INFO - chord#: 108 done. best_score=27.0, changed=519, unchanged=417, early_stops=8/8
26 - INFO - chord#: 112 In build_straw_man_chord_sa. tolerance = 1, sa_iterations = 1000, initial_temperature = 3.0, cooling_rate = 0.999
26 - INFO - chord#: 138 done. best_score=157.0, changed=610, unchanged=272, early_stops=8/8
26 - INFO - chord#: 140 In build_straw_man_chord_sa. tolerance = 1, sa_iterations = 1000, initial_temperature = 3.0, cooling_rate = 0.999
26 - INFO - chord#: 120 done. best_score=27.0, changed=514, unchanged=386, early_stops=8/8
26 - INFO - chord#: 124 In build_straw_man_chord_sa. tolerance = 1, sa_iterations = 1000, initial_temperature = 3.0, cooling_rate = 0.999
26 - INFO - chord#: 130 done. best_score=137.0, changed=610, unchanged=320, early_stops=8/8
26 - INFO - chord#: 132 In build_straw_man_chord_sa. tolerance = 1, sa_iterations = 1000, initial_temperature = 3.0, cooling_rate = 0.999
26 - INFO - chord#: 112 done. best_score=27.0, changed=522, unchanged=425, early_stops=8/8
26 - INFO - chord#: 116 In build_straw_man_chord_sa. tolerance = 1, sa_iterations = 1000, initial_temperature = 3.0, cooling_rate = 0.999
26 - INFO - chord#: 118 done. best_score=27.0, changed=524, unchanged=316, early_stops=8/8
26 - INFO - chord#: 120 In build_straw_man_chord_sa. tolerance = 1, sa_iterations = 1000, initial_temperature = 3.0, cooling_rate = 0.999
26 - INFO - chord#: 140 done. best_score=27.0, changed=518, unchanged=381, early_stops=8/8
26 - INFO - chord#: 142 In build_straw_man_chord_sa. tolerance = 1, sa_iterations = 1000, initial_temperature = 3.0, cooling_rate = 0.999
26 - INFO - chord#: 136 done. best_score=27.0, changed=533, unchanged=412, early_stops=8/8
26 - INFO - chord#: 138 In build_straw_man_chord_sa. tolerance = 1, sa_iterations = 1000, initial_temperature = 3.0, cooling_rate = 0.999
26 - INFO - chord#: 112 done. best_score=27.0, changed=518, unchanged=358, early_stops=8/8
26 - INFO - chord#: 116 In build_straw_man_chord_sa. tolerance = 1, sa_iterations = 1000, initial_temperature = 3.0, cooling_rate = 0.999
26 - INFO - chord#: 138 done. best_score=64.0, changed=611, unchanged=337, early_stops=8/8
26 - INFO - chord#: 140 In build_straw_man_chord_sa. tolerance = 1, sa_iterations = 1000, initial_temperature = 3.0, cooling_rate = 0.999
26 - INFO - chord#: 142 done. best_score=82.0, changed=614, unchanged=286, early_stops=8/8
26 - INFO - chord#: 144 In build_straw_man_chord_sa. tolerance = 1, sa_iterations = 1000, initial_temperature = 3.0, cooling_rate = 0.999
26 - INFO - chord#: 138 done. best_score=64.0, changed=612, unchanged=375, early_stops=8/8
26 - INFO - chord#: 140 In build_straw_man_chord_sa. tolerance = 1, sa_iterations = 1000, initial_temperature = 3.0, cooling_rate = 0.999
26 - INFO - chord#: 132 done. best_score=27.0, changed=522, unchanged=391, early_stops=8/8
26 - INFO - chord#: 134 In build_straw_man_chord_sa. tolerance = 1, sa_iterations = 1000, initial_temperature = 3.0, cooling_rate = 0.999
26 - INFO - chord#: 124 done. best_score=27.0, changed=525, unchanged=491, early_stops=8/8
26 - INFO - chord#: 130 In build_straw_man_chord_sa. tolerance = 1, sa_iterations = 1000, initial_temperature = 3.0, cooling_rate = 0.999
26 - INFO - chord#: 147 done. best_score=67.0, changed=608, unchanged=307, early_stops=8/8
26 - INFO - chord#: 148 In build_straw_man_chord_sa. tolerance = 1, sa_iterations = 1000, initial_temperature = 3.0, cooling_rate = 0.999
26 - INFO - chord#: 124 done. best_score=27.0, changed=518, unchanged=324, early_stops=8/8
26 - INFO - chord#: 130 In build_straw_man_chord_sa. tolerance = 1, sa_iterations = 1000, initial_temperature = 3.0, cooling_rate = 0.999
26 - INFO - chord#: 120 done. best_score=27.0, changed=525, unchanged=507, early_stops=8/8
26 - INFO - chord#: 124 In build_straw_man_chord_sa. tolerance = 1, sa_iterations = 1000, initial_temperature = 3.0, cooling_rate = 0.999
26 - INFO - chord#: 140 done. best_score=27.0, changed=522, unchanged=399, early_stops=8/8
26 - INFO - chord#: 142 In build_straw_man_chord_sa. tolerance = 1, sa_iterations = 1000, initial_temperature = 3.0, cooling_rate = 0.999
26 - INFO - chord#: 140 done. best_score=27.0, changed=521, unchanged=405, early_stops=8/8
26 - INFO - chord#: 142 In build_straw_man_chord_sa. tolerance = 1, sa_iterations = 1000, initial_temperature = 3.0, cooling_rate = 0.999
26 - INFO - chord#: 148 done. best_score=47.0, changed=511, unchanged=305, early_stops=8/8
26 - INFO - chord#: 150 In build_straw_man_chord_sa. tolerance = 1, sa_iterations = 1000, initial_temperature = 3.0, cooling_rate = 0.999
26 - INFO - chord#: 144 done. best_score=36.0, changed=518, unchanged=364, early_stops=8/8
26 - INFO - chord#: 146 In build_straw_man_chord_sa. tolerance = 1, sa_iterations = 1000, initial_temperature = 3.0, cooling_rate = 0.999
26 - INFO - chord#: 134 done. best_score=27.0, changed=534, unchanged=425, early_stops=8/8
26 - INFO - chord#: 136 In build_straw_man_chord_sa. tolerance = 1, sa_iterations = 1000, initial_temperature = 3.0, cooling_rate = 0.999
26 - INFO - chord#: 116 done. best_score=71.0, changed=610, unchanged=261, early_stops=8/8
26 - INFO - chord#: 118 In build_straw_man_chord_sa. tolerance = 1, sa_iterations = 1000, initial_temperature = 3.0, cooling_rate = 0.999
26 - INFO - chord#: 142 done. best_score=82.0, changed=610, unchanged=414, early_stops=8/8
26 - INFO - chord#: 144 In build_straw_man_chord_sa. tolerance = 1, sa_iterations = 1000, initial_temperature = 3.0, cooling_rate = 0.999
26 - INFO - chord#: 138 done. best_score=71.0, changed=612, unchanged=362, early_stops=8/8
26 - INFO - chord#: 140 In build_straw_man_chord_sa. tolerance = 1, sa_iterations = 1000, initial_temperature = 3.0, cooling_rate = 0.999
26 - INFO - chord#: 146 done. best_score=36.0, changed=520, unchanged=344, early_stops=8/8
26 - INFO - chord#: 147 In build_straw_man_chord_sa. tolerance = 1, sa_iterations = 1000, initial_temperature = 3.0, cooling_rate = 0.999
26 - INFO - chord#: 150 done. best_score=31.0, changed=527, unchanged=337, early_stops=8/8
26 - INFO - chord#: 151 In build_straw_man_chord_sa. tolerance = 1, sa_iterations = 1000, initial_temperature = 3.0, cooling_rate = 0.999
26 - INFO - chord#: 124 done. best_score=27.0, changed=520, unchanged=379, early_stops=8/8
26 - INFO - chord#: 130 In build_straw_man_chord_sa. tolerance = 1, sa_iterations = 1000, initial_temperature = 3.0, cooling_rate = 0.999
26 - INFO - chord#: 151 done. best_score=7.0, changed=510, unchanged=314, early_stops=8/8
26 - INFO - chord#: 152 In build_straw_man_chord_sa. tolerance = 1, sa_iterations = 1000, initial_temperature = 3.0, cooling_rate = 0.999
26 - INFO - chord#: 116 done. best_score=71.0, changed=606, unchanged=256, early_stops=8/8
26 - INFO - chord#: 118 In build_straw_man_chord_sa. tolerance = 1, sa_iterations = 1000, initial_temperature = 3.0, cooling_rate = 0.999
26 - INFO - chord#: 136 done. best_score=27.0, changed=526, unchanged=433, early_stops=8/8
26 - INFO - chord#: 138 In build_straw_man_chord_sa. tolerance = 1, sa_iterations = 1000, initial_temperature = 3.0, cooling_rate = 0.999
26 - INFO - chord#: 118 done. best_score=36.0, changed=529, unchanged=358, early_stops=8/8
26 - INFO - chord#: 120 In build_straw_man_chord_sa. tolerance = 1, sa_iterations = 1000, initial_temperature = 3.0, cooling_rate = 0.999
26 - INFO - chord#: 140 done. best_score=27.0, changed=516, unchanged=361, early_stops=8/8
26 - INFO - chord#: 142 In build_straw_man_chord_sa. tolerance = 1, sa_iterations = 1000, initial_temperature = 3.0, cooling_rate = 0.999
26 - INFO - chord#: 144 done. best_score=36.0, changed=522, unchanged=526, early_stops=8/8
26 - INFO - chord#: 146 In build_straw_man_chord_sa. tolerance = 1, sa_iterations = 1000, initial_temperature = 3.0, cooling_rate = 0.999
26 - INFO - chord#: 130 done. best_score=137.0, changed=615, unchanged=376, early_stops=8/8
26 - INFO - chord#: 132 In build_straw_man_chord_sa. tolerance = 1, sa_iterations = 1000, initial_temperature = 3.0, cooling_rate = 0.999
26 - INFO - chord#: 152 done. best_score=27.0, changed=517, unchanged=369, early_stops=8/8
26 - INFO - chord#: 154 In build_straw_man_chord_sa. tolerance = 1, sa_iterations = 1000, initial_temperature = 3.0, cooling_rate = 0.999
26 - INFO - chord#: 142 done. best_score=82.0, changed=619, unchanged=396, early_stops=8/8
26 - INFO - chord#: 144 In build_straw_man_chord_sa. tolerance = 1, sa_iterations = 1000, initial_temperature = 3.0, cooling_rate = 0.999
26 - INFO - chord#: 130 done. best_score=67.0, changed=612, unchanged=469, early_stops=8/8
26 - INFO - chord#: 132 In build_straw_man_chord_sa. tolerance = 1, sa_iterations = 1000, initial_temperature = 3.0, cooling_rate = 0.999
26 - INFO - chord#: 118 done. best_score=36.0, changed=541, unchanged=353, early_stops=8/8
26 - INFO - chord#: 120 In build_straw_man_chord_sa. tolerance = 1, sa_iterations = 1000, initial_temperature = 3.0, cooling_rate = 0.999
26 - INFO - chord#: 142 done. best_score=108.0, changed=612, unchanged=289, early_stops=8/8
26 - INFO - chord#: 144 In build_straw_man_chord_sa. tolerance = 1, sa_iterations = 1000, initial_temperature = 3.0, cooling_rate = 0.999
26 - INFO - chord#: 146 done. best_score=36.0, changed=525, unchanged=345, early_stops=8/8
26 - INFO - chord#: 147 In build_straw_man_chord_sa. tolerance = 1, sa_iterations = 1000, initial_temperature = 3.0, cooling_rate = 0.999
26 - INFO - chord#: 120 done. best_score=27.0, changed=523, unchanged=562, early_stops=8/8
26 - INFO - chord#: 124 In build_straw_man_chord_sa. tolerance = 1, sa_iterations = 1000, initial_temperature = 3.0, cooling_rate = 0.999
26 - INFO - chord#: 147 done. best_score=119.0, changed=610, unchanged=298, early_stops=8/8
26 - INFO - chord#: 148 In build_straw_man_chord_sa. tolerance = 1, sa_iterations = 1000, initial_temperature = 3.0, cooling_rate = 0.999
26 - INFO - chord#: 144 done. best_score=36.0, changed=519, unchanged=408, early_stops=8/8
26 - INFO - chord#: 146 In build_straw_man_chord_sa. tolerance = 1, sa_iterations = 1000, initial_temperature = 3.0, cooling_rate = 0.999
26 - INFO - chord#: 132 done. best_score=27.0, changed=523, unchanged=354, early_stops=8/8
26 - INFO - chord#: 134 In build_straw_man_chord_sa. tolerance = 1, sa_iterations = 1000, initial_temperature = 3.0, cooling_rate = 0.999
26 - INFO - chord#: 132 done. best_score=27.0, changed=518, unchanged=440, early_stops=8/8
26 - INFO - chord#: 134 In build_straw_man_chord_sa. tolerance = 1, sa_iterations = 1000, initial_temperature = 3.0, cooling_rate = 0.999
26 - INFO - chord#: 142 done. best_score=120.0, changed=612, unchanged=301, early_stops=8/8
26 - INFO - chord#: 144 In build_straw_man_chord_sa. tolerance = 1, sa_iterations = 1000, initial_temperature = 3.0, cooling_rate = 0.999
26 - INFO - chord#: 144 done. best_score=36.0, changed=523, unchanged=418, early_stops=8/8
26 - INFO - chord#: 146 In build_straw_man_chord_sa. tolerance = 1, sa_iterations = 1000, initial_temperature = 3.0, cooling_rate = 0.999
26 - INFO - chord#: 130 done. best_score=137.0, changed=613, unchanged=341, early_stops=8/8
26 - INFO - chord#: 132 In build_straw_man_chord_sa. tolerance = 1, sa_iterations = 1000, initial_temperature = 3.0, cooling_rate = 0.999
26 - INFO - chord#: 120 done. best_score=27.0, changed=518, unchanged=456, early_stops=8/8
26 - INFO - chord#: 124 In build_straw_man_chord_sa. tolerance = 1, sa_iterations = 1000, initial_temperature = 3.0, cooling_rate = 0.999
26 - INFO - chord#: 138 done. best_score=175.0, changed=610, unchanged=232, early_stops=8/8
26 - INFO - chord#: 148 done. best_score=84.0, changed=539, unchanged=429, early_stops=8/8
26 - INFO - chord#: 140 In build_straw_man_chord_sa. tolerance = 1, sa_iterations = 1000, initial_temperature = 3.0, cooling_rate = 0.999
26 - INFO - chord#: 150 In build_straw_man_chord_sa. tolerance = 1, sa_iterations = 1000, initial_temperature = 3.0, cooling_rate = 0.999
26 - INFO - chord#: 146 done. best_score=36.0, changed=516, unchanged=387, early_stops=8/8
26 - INFO - chord#: 147 In build_straw_man_chord_sa. tolerance = 1, sa_iterations = 1000, initial_temperature = 3.0, cooling_rate = 0.999
26 - INFO - chord#: 124 done. best_score=27.0, changed=522, unchanged=416, early_stops=8/8
26 - INFO - chord#: 130 In build_straw_man_chord_sa. tolerance = 1, sa_iterations = 1000, initial_temperature = 3.0, cooling_rate = 0.999
26 - INFO - chord#: 154 done. best_score=157.0, changed=608, unchanged=247, early_stops=8/8
26 - INFO - chord#: 156 In build_straw_man_chord_sa. tolerance = 1, sa_iterations = 1000, initial_temperature = 3.0, cooling_rate = 0.999
26 - INFO - chord#: 147 done. best_score=78.0, changed=609, unchanged=205, early_stops=8/8
26 - INFO - chord#: 148 In build_straw_man_chord_sa. tolerance = 1, sa_iterations = 1000, initial_temperature = 3.0, cooling_rate = 0.999
26 - INFO - chord#: 134 done. best_score=27.0, changed=528, unchanged=349, early_stops=8/8
26 - INFO - chord#: 136 In build_straw_man_chord_sa. tolerance = 1, sa_iterations = 1000, initial_temperature = 3.0, cooling_rate = 0.999
26 - INFO - chord#: 134 done. best_score=27.0, changed=528, unchanged=429, early_stops=8/8
26 - INFO - chord#: 136 In build_straw_man_chord_sa. tolerance = 1, sa_iterations = 1000, initial_temperature = 3.0, cooling_rate = 0.999
26 - INFO - chord#: 144 done. best_score=36.0, changed=523, unchanged=341, early_stops=8/8
26 - INFO - chord#: 146 In build_straw_man_chord_sa. tolerance = 1, sa_iterations = 1000, initial_temperature = 3.0, cooling_rate = 0.999
26 - INFO - chord#: 146 done. best_score=27.0, changed=524, unchanged=332, early_stops=8/8
26 - INFO - chord#: 147 In build_straw_man_chord_sa. tolerance = 1, sa_iterations = 1000, initial_temperature = 3.0, cooling_rate = 0.999
26 - INFO - chord#: 140 done. best_score=27.0, changed=520, unchanged=375, early_stops=8/8
26 - INFO - chord#: 142 In build_straw_man_chord_sa. tolerance = 1, sa_iterations = 1000, initial_temperature = 3.0, cooling_rate = 0.999
26 - INFO - chord#: 150 done. best_score=31.0, changed=524, unchanged=466, early_stops=8/8
26 - INFO - chord#: 151 In build_straw_man_chord_sa. tolerance = 1, sa_iterations = 1000, initial_temperature = 3.0, cooling_rate = 0.999
26 - INFO - chord#: 132 done. best_score=27.0, changed=523, unchanged=465, early_stops=8/8
26 - INFO - chord#: 134 In build_straw_man_chord_sa. tolerance = 1, sa_iterations = 1000, initial_temperature = 3.0, cooling_rate = 0.999
26 - INFO - chord#: 124 done. best_score=27.0, changed=521, unchanged=465, early_stops=8/8
26 - INFO - chord#: 148 done. best_score=47.0, changed=523, unchanged=356, early_stops=8/8
26 - INFO - chord#: 130 In build_straw_man_chord_sa. tolerance = 1, sa_iterations = 1000, initial_temperature = 3.0, cooling_rate = 0.999
26 - INFO - chord#: 150 In build_straw_man_chord_sa. tolerance = 1, sa_iterations = 1000, initial_temperature = 3.0, cooling_rate = 0.999
26 - INFO - chord#: 151 done. best_score=7.0, changed=490, unchanged=330, early_stops=8/8
26 - INFO - chord#: 152 In build_straw_man_chord_sa. tolerance = 1, sa_iterations = 1000, initial_temperature = 3.0, cooling_rate = 0.999
26 - INFO - chord#: 146 done. best_score=36.0, changed=529, unchanged=428, early_stops=8/8
26 - INFO - chord#: 147 In build_straw_man_chord_sa. tolerance = 1, sa_iterations = 1000, initial_temperature = 3.0, cooling_rate = 0.999
26 - INFO - chord#: 136 done. best_score=27.0, changed=522, unchanged=384, early_stops=8/8
26 - INFO - chord#: 138 In build_straw_man_chord_sa. tolerance = 1, sa_iterations = 1000, initial_temperature = 3.0, cooling_rate = 0.999
26 - INFO - chord#: 147 done. best_score=168.0, changed=610, unchanged=274, early_stops=8/8
26 - INFO - chord#: 148 In build_straw_man_chord_sa. tolerance = 1, sa_iterations = 1000, initial_temperature = 3.0, cooling_rate = 0.999
26 - INFO - chord#: 136 done. best_score=27.0, changed=523, unchanged=513, early_stops=8/8
26 - INFO - chord#: 138 In build_straw_man_chord_sa. tolerance = 1, sa_iterations = 1000, initial_temperature = 3.0, cooling_rate = 0.999
26 - INFO - chord#: 134 done. best_score=27.0, changed=528, unchanged=377, early_stops=8/8
26 - INFO - chord#: 150 done. best_score=31.0, changed=522, unchanged=439, early_stops=8/8
26 - INFO - chord#: 151 In build_straw_man_chord_sa. tolerance = 1, sa_iterations = 1000, initial_temperature = 3.0, cooling_rate = 0.999
26 - INFO - chord#: 136 In build_straw_man_chord_sa. tolerance = 1, sa_iterations = 1000, initial_temperature = 3.0, cooling_rate = 0.999
26 - INFO - chord#: 130 done. best_score=137.0, changed=613, unchanged=348, early_stops=8/8
26 - INFO - chord#: 132 In build_straw_man_chord_sa. tolerance = 1, sa_iterations = 1000, initial_temperature = 3.0, cooling_rate = 0.999
26 - INFO - chord#: 152 done. best_score=27.0, changed=520, unchanged=455, early_stops=8/8
26 - INFO - chord#: 154 In build_straw_man_chord_sa. tolerance = 1, sa_iterations = 1000, initial_temperature = 3.0, cooling_rate = 0.999
26 - INFO - chord#: 151 done. best_score=7.0, changed=510, unchanged=301, early_stops=8/8
26 - INFO - chord#: 152 In build_straw_man_chord_sa. tolerance = 1, sa_iterations = 1000, initial_temperature = 3.0, cooling_rate = 0.999
26 - INFO - chord#: 148 done. best_score=84.0, changed=529, unchanged=352, early_stops=8/8
26 - INFO - chord#: 150 In build_straw_man_chord_sa. tolerance = 1, sa_iterations = 1000, initial_temperature = 3.0, cooling_rate = 0.999
26 - INFO - chord#: 156 done. best_score=166.0, changed=614, unchanged=430, early_stops=8/8
26 - INFO - chord#: 158 In build_straw_man_chord_sa. tolerance = 1, sa_iterations = 1000, initial_temperature = 3.0, cooling_rate = 0.999
26 - INFO - chord#: 132 done. best_score=27.0, changed=525, unchanged=392, early_stops=8/8
26 - INFO - chord#: 134 In build_straw_man_chord_sa. tolerance = 1, sa_iterations = 1000, initial_temperature = 3.0, cooling_rate = 0.999
26 - INFO - chord#: 152 done. best_score=27.0, changed=522, unchanged=384, early_stops=8/8
26 - INFO - chord#: 154 In build_straw_man_chord_sa. tolerance = 1, sa_iterations = 1000, initial_temperature = 3.0, cooling_rate = 0.999
26 - INFO - chord#: 136 done. best_score=27.0, changed=519, unchanged=359, early_stops=8/8
26 - INFO - chord#: 138 In build_straw_man_chord_sa. tolerance = 1, sa_iterations = 1000, initial_temperature = 3.0, cooling_rate = 0.999
26 - INFO - chord#: 142 done. best_score=82.0, changed=614, unchanged=383, early_stops=8/8
26 - INFO - chord#: 144 In build_straw_man_chord_sa. tolerance = 1, sa_iterations = 1000, initial_temperature = 3.0, cooling_rate = 0.999
26 - INFO - chord#: 150 done. best_score=31.0, changed=522, unchanged=334, early_stops=8/8
26 - INFO - chord#: 151 In build_straw_man_chord_sa. tolerance = 1, sa_iterations = 1000, initial_temperature = 3.0, cooling_rate = 0.999
26 - INFO - chord#: 147 done. best_score=160.0, changed=612, unchanged=273, early_stops=8/8
26 - INFO - chord#: 148 In build_straw_man_chord_sa. tolerance = 1, sa_iterations = 1000, initial_temperature = 3.0, cooling_rate = 0.999
26 - INFO - chord#: 147 done. best_score=78.0, changed=612, unchanged=355, early_stops=8/8
26 - INFO - chord#: 148 In build_straw_man_chord_sa. tolerance = 1, sa_iterations = 1000, initial_temperature = 3.0, cooling_rate = 0.999
26 - INFO - chord#: 151 done. best_score=7.0, changed=498, unchanged=319, early_stops=8/8
26 - INFO - chord#: 152 In build_straw_man_chord_sa. tolerance = 1, sa_iterations = 1000, initial_temperature = 3.0, cooling_rate = 0.999
26 - INFO - chord#: 134 done. best_score=27.0, changed=523, unchanged=329, early_stops=8/8
26 - INFO - chord#: 136 In build_straw_man_chord_sa. tolerance = 1, sa_iterations = 1000, initial_temperature = 3.0, cooling_rate = 0.999
26 - INFO - chord#: 154 done. best_score=155.0, changed=614, unchanged=242, early_stops=8/8
26 - INFO - chord#: 156 In build_straw_man_chord_sa. tolerance = 1, sa_iterations = 1000, initial_temperature = 3.0, cooling_rate = 0.999
26 - INFO - chord#: 148 done. best_score=47.0, changed=542, unchanged=373, early_stops=8/8
26 - INFO - chord#: 150 In build_straw_man_chord_sa. tolerance = 1, sa_iterations = 1000, initial_temperature = 3.0, cooling_rate = 0.999
26 - INFO - chord#: 130 done. best_score=67.0, changed=617, unchanged=560, early_stops=8/8
26 - INFO - chord#: 132 In build_straw_man_chord_sa. tolerance = 1, sa_iterations = 1000, initial_temperature = 3.0, cooling_rate = 0.999
26 - INFO - chord#: 138 done. best_score=64.0, changed=619, unchanged=366, early_stops=8/8
26 - INFO - chord#: 140 In build_straw_man_chord_sa. tolerance = 1, sa_iterations = 1000, initial_temperature = 3.0, cooling_rate = 0.999
26 - INFO - chord#: 158 done. best_score=145.0, changed=613, unchanged=261, early_stops=8/8
26 - INFO - chord#: 160 In build_straw_man_chord_sa. tolerance = 1, sa_iterations = 1000, initial_temperature = 3.0, cooling_rate = 0.999
26 - INFO - chord#: 144 done. best_score=36.0, changed=528, unchanged=352, early_stops=8/8
26 - INFO - chord#: 146 In build_straw_man_chord_sa. tolerance = 1, sa_iterations = 1000, initial_temperature = 3.0, cooling_rate = 0.999
26 - INFO - chord#: 152 done. best_score=27.0, changed=520, unchanged=493, early_stops=8/8
26 - INFO - chord#: 154 In build_straw_man_chord_sa. tolerance = 1, sa_iterations = 1000, initial_temperature = 3.0, cooling_rate = 0.999
26 - INFO - chord#: 148 done. best_score=47.0, changed=521, unchanged=422, early_stops=8/8
26 - INFO - chord#: 150 In build_straw_man_chord_sa. tolerance = 1, sa_iterations = 1000, initial_temperature = 3.0, cooling_rate = 0.999
26 - INFO - chord#: 138 done. best_score=64.0, changed=614, unchanged=457, early_stops=8/8
26 - INFO - chord#: 140 In build_straw_man_chord_sa. tolerance = 1, sa_iterations = 1000, initial_temperature = 3.0, cooling_rate = 0.999
26 - INFO - chord#: 136 done. best_score=27.0, changed=526, unchanged=441, early_stops=8/8
26 - INFO - chord#: 138 In build_straw_man_chord_sa. tolerance = 1, sa_iterations = 1000, initial_temperature = 3.0, cooling_rate = 0.999
26 - INFO - chord#: 150 done. best_score=31.0, changed=520, unchanged=309, early_stops=8/8
26 - INFO - chord#: 151 In build_straw_man_chord_sa. tolerance = 1, sa_iterations = 1000, initial_temperature = 3.0, cooling_rate = 0.999
26 - INFO - chord#: 154 done. best_score=64.0, changed=613, unchanged=309, early_stops=8/8
26 - INFO - chord#: 156 In build_straw_man_chord_sa. tolerance = 1, sa_iterations = 1000, initial_temperature = 3.0, cooling_rate = 0.999
26 - INFO - chord#: 132 done. best_score=27.0, changed=520, unchanged=338, early_stops=8/8
26 - INFO - chord#: 134 In build_straw_man_chord_sa. tolerance = 1, sa_iterations = 1000, initial_temperature = 3.0, cooling_rate = 0.999
26 - INFO - chord#: 140 done. best_score=27.0, changed=525, unchanged=351, early_stops=8/8
26 - INFO - chord#: 142 In build_straw_man_chord_sa. tolerance = 1, sa_iterations = 1000, initial_temperature = 3.0, cooling_rate = 0.999
26 - INFO - chord#: 151 done. best_score=7.0, changed=492, unchanged=329, early_stops=8/8
26 - INFO - chord#: 152 In build_straw_man_chord_sa. tolerance = 1, sa_iterations = 1000, initial_temperature = 3.0, cooling_rate = 0.999
26 - INFO - chord#: 146 done. best_score=36.0, changed=521, unchanged=386, early_stops=8/8
26 - INFO - chord#: 147 In build_straw_man_chord_sa. tolerance = 1, sa_iterations = 1000, initial_temperature = 3.0, cooling_rate = 0.999
26 - INFO - chord#: 140 done. best_score=27.0, changed=521, unchanged=334, early_stops=8/8
26 - INFO - chord#: 142 In build_straw_man_chord_sa. tolerance = 1, sa_iterations = 1000, initial_temperature = 3.0, cooling_rate = 0.999
26 - INFO - chord#: 150 done. best_score=31.0, changed=526, unchanged=416, early_stops=8/8
26 - INFO - chord#: 151 In build_straw_man_chord_sa. tolerance = 1, sa_iterations = 1000, initial_temperature = 3.0, cooling_rate = 0.999
26 - INFO - chord#: 138 done. best_score=104.0, changed=612, unchanged=319, early_stops=8/8
26 - INFO - chord#: 140 In build_straw_man_chord_sa. tolerance = 1, sa_iterations = 1000, initial_temperature = 3.0, cooling_rate = 0.999
26 - INFO - chord#: 151 done. best_score=7.0, changed=492, unchanged=326, early_stops=8/8
26 - INFO - chord#: 152 In build_straw_man_chord_sa. tolerance = 1, sa_iterations = 1000, initial_temperature = 3.0, cooling_rate = 0.999
26 - INFO - chord#: 152 done. best_score=36.0, changed=517, unchanged=402, early_stops=8/8
26 - INFO - chord#: 154 In build_straw_man_chord_sa. tolerance = 1, sa_iterations = 1000, initial_temperature = 3.0, cooling_rate = 0.999
26 - INFO - chord#: 160 done. best_score=120.0, changed=608, unchanged=235, early_stops=8/8
26 - INFO - chord#: 162 In build_straw_man_chord_sa. tolerance = 1, sa_iterations = 1000, initial_temperature = 3.0, cooling_rate = 0.999
26 - INFO - chord#: 134 done. best_score=27.0, changed=524, unchanged=447, early_stops=8/8
26 - INFO - chord#: 136 In build_straw_man_chord_sa. tolerance = 1, sa_iterations = 1000, initial_temperature = 3.0, cooling_rate = 0.999
26 - INFO - chord#: 156 done. best_score=78.0, changed=612, unchanged=416, early_stops=8/8
26 - INFO - chord#: 158 In build_straw_man_chord_sa. tolerance = 1, sa_iterations = 1000, initial_temperature = 3.0, cooling_rate = 0.999
26 - INFO - chord#: 154 done. best_score=157.0, changed=610, unchanged=252, early_stops=8/8
26 - INFO - chord#: 156 In build_straw_man_chord_sa. tolerance = 1, sa_iterations = 1000, initial_temperature = 3.0, cooling_rate = 0.999
26 - INFO - chord#: 140 done. best_score=27.0, changed=526, unchanged=437, early_stops=8/8
26 - INFO - chord#: 142 In build_straw_man_chord_sa. tolerance = 1, sa_iterations = 1000, initial_temperature = 3.0, cooling_rate = 0.999
26 - INFO - chord#: 138 done. best_score=64.0, changed=619, unchanged=375, early_stops=8/8
26 - INFO - chord#: 140 In build_straw_man_chord_sa. tolerance = 1, sa_iterations = 1000, initial_temperature = 3.0, cooling_rate = 0.999
26 - INFO - chord#: 156 done. best_score=162.0, changed=604, unchanged=222, early_stops=8/8
26 - INFO - chord#: 158 In build_straw_man_chord_sa. tolerance = 1, sa_iterations = 1000, initial_temperature = 3.0, cooling_rate = 0.999
26 - INFO - chord#: 162 done. best_score=27.0, changed=528, unchanged=337, early_stops=8/8
26 - INFO - chord#: 164 In build_straw_man_chord_sa. tolerance = 1, sa_iterations = 1000, initial_temperature = 3.0, cooling_rate = 0.999
26 - INFO - chord#: 152 done. best_score=27.0, changed=529, unchanged=485, early_stops=8/8
26 - INFO - chord#: 154 In build_straw_man_chord_sa. tolerance = 1, sa_iterations = 1000, initial_temperature = 3.0, cooling_rate = 0.999
26 - INFO - chord#: 136 done. best_score=27.0, changed=517, unchanged=314, early_stops=8/8
26 - INFO - chord#: 138 In build_straw_man_chord_sa. tolerance = 1, sa_iterations = 1000, initial_temperature = 3.0, cooling_rate = 0.999
26 - INFO - chord#: 142 done. best_score=82.0, changed=608, unchanged=286, early_stops=8/8
26 - INFO - chord#: 144 In build_straw_man_chord_sa. tolerance = 1, sa_iterations = 1000, initial_temperature = 3.0, cooling_rate = 0.999
26 - INFO - chord#: 140 done. best_score=27.0, changed=521, unchanged=443, early_stops=8/8
26 - INFO - chord#: 142 In build_straw_man_chord_sa. tolerance = 1, sa_iterations = 1000, initial_temperature = 3.0, cooling_rate = 0.999
26 - INFO - chord#: 142 done. best_score=82.0, changed=604, unchanged=280, early_stops=8/8
26 - INFO - chord#: 144 In build_straw_man_chord_sa. tolerance = 1, sa_iterations = 1000, initial_temperature = 3.0, cooling_rate = 0.999
26 - INFO - chord#: 147 done. best_score=160.0, changed=614, unchanged=300, early_stops=8/8
26 - INFO - chord#: 148 In build_straw_man_chord_sa. tolerance = 1, sa_iterations = 1000, initial_temperature = 3.0, cooling_rate = 0.999
26 - INFO - chord#: 154 done. best_score=146.0, changed=612, unchanged=433, early_stops=8/8
26 - INFO - chord#: 156 In build_straw_man_chord_sa. tolerance = 1, sa_iterations = 1000, initial_temperature = 3.0, cooling_rate = 0.999
26 - INFO - chord#: 158 done. best_score=140.0, changed=614, unchanged=445, early_stops=8/8
26 - INFO - chord#: 160 In build_straw_man_chord_sa. tolerance = 1, sa_iterations = 1000, initial_temperature = 3.0, cooling_rate = 0.999
26 - INFO - chord#: 144 done. best_score=36.0, changed=517, unchanged=358, early_stops=8/8
26 - INFO - chord#: 146 In build_straw_man_chord_sa. tolerance = 1, sa_iterations = 1000, initial_temperature = 3.0, cooling_rate = 0.999
26 - INFO - chord#: 142 done. best_score=97.0, changed=617, unchanged=251, early_stops=8/8
26 - INFO - chord#: 144 In build_straw_man_chord_sa. tolerance = 1, sa_iterations = 1000, initial_temperature = 3.0, cooling_rate = 0.999
26 - INFO - chord#: 148 done. best_score=47.0, changed=520, unchanged=425, early_stops=8/8
26 - INFO - chord#: 150 In build_straw_man_chord_sa. tolerance = 1, sa_iterations = 1000, initial_temperature = 3.0, cooling_rate = 0.999
26 - INFO - chord#: 144 done. best_score=36.0, changed=521, unchanged=421, early_stops=8/8
26 - INFO - chord#: 146 In build_straw_man_chord_sa. tolerance = 1, sa_iterations = 1000, initial_temperature = 3.0, cooling_rate = 0.999
26 - INFO - chord#: 164 done. best_score=137.0, changed=607, unchanged=296, early_stops=8/8
26 - INFO - chord#: 168 In build_straw_man_chord_sa. tolerance = 1, sa_iterations = 1000, initial_temperature = 3.0, cooling_rate = 0.999
26 - INFO - chord#: 158 done. best_score=140.0, changed=611, unchanged=424, early_stops=8/8
26 - INFO - chord#: 160 In build_straw_man_chord_sa. tolerance = 1, sa_iterations = 1000, initial_temperature = 3.0, cooling_rate = 0.999
26 - INFO - chord#: 156 done. best_score=67.0, changed=612, unchanged=527, early_stops=8/8
26 - INFO - chord#: 158 In build_straw_man_chord_sa. tolerance = 1, sa_iterations = 1000, initial_temperature = 3.0, cooling_rate = 0.999
26 - INFO - chord#: 154 done. best_score=64.0, changed=608, unchanged=213, early_stops=8/8
26 - INFO - chord#: 156 In build_straw_man_chord_sa. tolerance = 1, sa_iterations = 1000, initial_temperature = 3.0, cooling_rate = 0.999
26 - INFO - chord#: 142 done. best_score=82.0, changed=606, unchanged=293, early_stops=8/8
26 - INFO - chord#: 144 In build_straw_man_chord_sa. tolerance = 1, sa_iterations = 1000, initial_temperature = 3.0, cooling_rate = 0.999
26 - INFO - chord#: 146 done. best_score=27.0, changed=515, unchanged=338, early_stops=8/8
26 - INFO - chord#: 147 In build_straw_man_chord_sa. tolerance = 1, sa_iterations = 1000, initial_temperature = 3.0, cooling_rate = 0.999
26 - INFO - chord#: 168 done. best_score=27.0, changed=523, unchanged=460, early_stops=8/8
26 - INFO - chord#: 170 In build_straw_man_chord_sa. tolerance = 1, sa_iterations = 1000, initial_temperature = 3.0, cooling_rate = 0.999
26 - INFO - chord#: 146 done. best_score=36.0, changed=515, unchanged=350, early_stops=8/8
26 - INFO - chord#: 147 In build_straw_man_chord_sa. tolerance = 1, sa_iterations = 1000, initial_temperature = 3.0, cooling_rate = 0.999
26 - INFO - chord#: 144 done. best_score=36.0, changed=520, unchanged=408, early_stops=8/8
26 - INFO - chord#: 146 In build_straw_man_chord_sa. tolerance = 1, sa_iterations = 1000, initial_temperature = 3.0, cooling_rate = 0.999
26 - INFO - chord#: 150 done. best_score=31.0, changed=523, unchanged=463, early_stops=8/8
26 - INFO - chord#: 151 In build_straw_man_chord_sa. tolerance = 1, sa_iterations = 1000, initial_temperature = 3.0, cooling_rate = 0.999
26 - INFO - chord#: 138 done. best_score=104.0, changed=613, unchanged=370, early_stops=8/8
26 - INFO - chord#: 140 In build_straw_man_chord_sa. tolerance = 1, sa_iterations = 1000, initial_temperature = 3.0, cooling_rate = 0.999
26 - INFO - chord#: 160 done. best_score=97.0, changed=608, unchanged=273, early_stops=8/8
26 - INFO - chord#: 162 In build_straw_man_chord_sa. tolerance = 1, sa_iterations = 1000, initial_temperature = 3.0, cooling_rate = 0.999
26 - INFO - chord#: 151 done. best_score=7.0, changed=501, unchanged=323, early_stops=8/8
26 - INFO - chord#: 152 In build_straw_man_chord_sa. tolerance = 1, sa_iterations = 1000, initial_temperature = 3.0, cooling_rate = 0.999
26 - INFO - chord#: 144 done. best_score=36.0, changed=527, unchanged=397, early_stops=8/8
26 - INFO - chord#: 146 In build_straw_man_chord_sa. tolerance = 1, sa_iterations = 1000, initial_temperature = 3.0, cooling_rate = 0.999
26 - INFO - chord#: 156 done. best_score=78.0, changed=608, unchanged=329, early_stops=8/8
26 - INFO - chord#: 158 In build_straw_man_chord_sa. tolerance = 1, sa_iterations = 1000, initial_temperature = 3.0, cooling_rate = 0.999
26 - INFO - chord#: 158 done. best_score=142.0, changed=613, unchanged=301, early_stops=8/8
26 - INFO - chord#: 160 In build_straw_man_chord_sa. tolerance = 1, sa_iterations = 1000, initial_temperature = 3.0, cooling_rate = 0.999
26 - INFO - chord#: 146 done. best_score=36.0, changed=527, unchanged=398, early_stops=8/8
26 - INFO - chord#: 147 In build_straw_man_chord_sa. tolerance = 1, sa_iterations = 1000, initial_temperature = 3.0, cooling_rate = 0.999
26 - INFO - chord#: 162 done. best_score=27.0, changed=527, unchanged=421, early_stops=8/8
26 - INFO - chord#: 164 In build_straw_man_chord_sa. tolerance = 1, sa_iterations = 1000, initial_temperature = 3.0, cooling_rate = 0.999
26 - INFO - chord#: 160 done. best_score=82.0, changed=615, unchanged=414, early_stops=8/8
26 - INFO - chord#: 162 In build_straw_man_chord_sa. tolerance = 1, sa_iterations = 1000, initial_temperature = 3.0, cooling_rate = 0.999
26 - INFO - chord#: 140 done. best_score=27.0, changed=522, unchanged=496, early_stops=8/8
26 - INFO - chord#: 142 In build_straw_man_chord_sa. tolerance = 1, sa_iterations = 1000, initial_temperature = 3.0, cooling_rate = 0.999
26 - INFO - chord#: 146 done. best_score=36.0, changed=523, unchanged=468, early_stops=8/8
26 - INFO - chord#: 147 In build_straw_man_chord_sa. tolerance = 1, sa_iterations = 1000, initial_temperature = 3.0, cooling_rate = 0.999
26 - INFO - chord#: 152 done. best_score=27.0, changed=520, unchanged=382, early_stops=8/8
26 - INFO - chord#: 154 In build_straw_man_chord_sa. tolerance = 1, sa_iterations = 1000, initial_temperature = 3.0, cooling_rate = 0.999
26 - INFO - chord#: 170 done. best_score=96.0, changed=613, unchanged=323, early_stops=8/8
26 - INFO - chord#: 172 In build_straw_man_chord_sa. tolerance = 1, sa_iterations = 1000, initial_temperature = 3.0, cooling_rate = 0.999
26 - INFO - chord#: 162 done. best_score=27.0, changed=528, unchanged=383, early_stops=8/8
26 - INFO - chord#: 164 In build_straw_man_chord_sa. tolerance = 1, sa_iterations = 1000, initial_temperature = 3.0, cooling_rate = 0.999
26 - INFO - chord#: 156 done. best_score=67.0, changed=613, unchanged=328, early_stops=8/8
26 - INFO - chord#: 158 In build_straw_man_chord_sa. tolerance = 1, sa_iterations = 1000, initial_temperature = 3.0, cooling_rate = 0.999
26 - INFO - chord#: 147 done. best_score=67.0, changed=617, unchanged=312, early_stops=8/8
26 - INFO - chord#: 148 In build_straw_man_chord_sa. tolerance = 1, sa_iterations = 1000, initial_temperature = 3.0, cooling_rate = 0.999
26 - INFO - chord#: 147 done. best_score=119.0, changed=608, unchanged=361, early_stops=8/8
26 - INFO - chord#: 148 In build_straw_man_chord_sa. tolerance = 1, sa_iterations = 1000, initial_temperature = 3.0, cooling_rate = 0.999
26 - INFO - chord#: 158 done. best_score=142.0, changed=614, unchanged=386, early_stops=8/8
26 - INFO - chord#: 160 In build_straw_man_chord_sa. tolerance = 1, sa_iterations = 1000, initial_temperature = 3.0, cooling_rate = 0.999
26 - INFO - chord#: 172 done. best_score=27.0, changed=517, unchanged=452, early_stops=8/8
26 - INFO - chord#: 160 done. best_score=161.0, changed=614, unchanged=322, early_stops=8/8
26 - INFO - chord#: 162 In build_straw_man_chord_sa. tolerance = 1, sa_iterations = 1000, initial_temperature = 3.0, cooling_rate = 0.999
26 - INFO - chord#: 147 done. best_score=78.0, changed=607, unchanged=205, early_stops=8/8
26 - INFO - chord#: 148 In build_straw_man_chord_sa. tolerance = 1, sa_iterations = 1000, initial_temperature = 3.0, cooling_rate = 0.999
26 - INFO - chord#: 164 done. best_score=78.0, changed=619, unchanged=362, early_stops=8/8
26 - INFO - chord#: 168 In build_straw_man_chord_sa. tolerance = 1, sa_iterations = 1000, initial_temperature = 3.0, cooling_rate = 0.999
26 - INFO - chord#: 148 done. best_score=47.0, changed=525, unchanged=361, early_stops=8/8
26 - INFO - chord#: 150 In build_straw_man_chord_sa. tolerance = 1, sa_iterations = 1000, initial_temperature = 3.0, cooling_rate = 0.999
26 - INFO - chord#: 148 done. best_score=84.0, changed=533, unchanged=356, early_stops=8/8
26 - INFO - chord#: 150 In build_straw_man_chord_sa. tolerance = 1, sa_iterations = 1000, initial_temperature = 3.0, cooling_rate = 0.999
26 - INFO - chord#: 162 done. best_score=27.0, changed=526, unchanged=295, early_stops=8/8
26 - INFO - chord#: 164 In build_straw_man_chord_sa. tolerance = 1, sa_iterations = 1000, initial_temperature = 3.0, cooling_rate = 0.999
26 - INFO - chord#: 142 done. best_score=82.0, changed=618, unchanged=369, early_stops=8/8
26 - INFO - chord#: 144 In build_straw_man_chord_sa. tolerance = 1, sa_iterations = 1000, initial_temperature = 3.0, cooling_rate = 0.999
26 - INFO - chord#: 147 done. best_score=119.0, changed=611, unchanged=408, early_stops=8/8
26 - INFO - chord#: 148 In build_straw_man_chord_sa. tolerance = 1, sa_iterations = 1000, initial_temperature = 3.0, cooling_rate = 0.999
26 - INFO - chord#: 154 done. best_score=146.0, changed=611, unchanged=338, early_stops=8/8
26 - INFO - chord#: 156 In build_straw_man_chord_sa. tolerance = 1, sa_iterations = 1000, initial_temperature = 3.0, cooling_rate = 0.999
26 - INFO - chord#: 164 done. best_score=137.0, changed=612, unchanged=319, early_stops=8/8
26 - INFO - chord#: 168 In build_straw_man_chord_sa. tolerance = 1, sa_iterations = 1000, initial_temperature = 3.0, cooling_rate = 0.999
26 - INFO - chord#: 148 done. best_score=84.0, changed=546, unchanged=577, early_stops=8/8
26 - INFO - chord#: 150 In build_straw_man_chord_sa. tolerance = 1, sa_iterations = 1000, initial_temperature = 3.0, cooling_rate = 0.999
26 - INFO - chord#: 168 done. best_score=27.0, changed=517, unchanged=460, early_stops=8/8
26 - INFO - chord#: 170 In build_straw_man_chord_sa. tolerance = 1, sa_iterations = 1000, initial_temperature = 3.0, cooling_rate = 0.999
26 - INFO - chord#: 150 done. best_score=31.0, changed=519, unchanged=372, early_stops=8/8
26 - INFO - chord#: 151 In build_straw_man_chord_sa. tolerance = 1, sa_iterations = 1000, initial_temperature = 3.0, cooling_rate = 0.999
26 - INFO - chord#: 150 done. best_score=31.0, changed=526, unchanged=336, early_stops=8/8
26 - INFO - chord#: 151 In build_straw_man_chord_sa. tolerance = 1, sa_iterations = 1000, initial_temperature = 3.0, cooling_rate = 0.999
26 - INFO - chord#: 158 done. best_score=142.0, changed=615, unchanged=334, early_stops=8/8
26 - INFO - chord#: 160 In build_straw_man_chord_sa. tolerance = 1, sa_iterations = 1000, initial_temperature = 3.0, cooling_rate = 0.999
26 - INFO - chord#: 151 done. best_score=7.0, changed=497, unchanged=317, early_stops=8/8
26 - INFO - chord#: 152 In build_straw_man_chord_sa. tolerance = 1, sa_iterations = 1000, initial_temperature = 3.0, cooling_rate = 0.999
26 - INFO - chord#: 160 done. best_score=82.0, changed=614, unchanged=369, early_stops=8/8
26 - INFO - chord#: 162 In build_straw_man_chord_sa. tolerance = 1, sa_iterations = 1000, initial_temperature = 3.0, cooling_rate = 0.999
26 - INFO - chord#: 151 done. best_score=7.0, changed=475, unchanged=350, early_stops=8/8
26 - INFO - chord#: 152 In build_straw_man_chord_sa. tolerance = 1, sa_iterations = 1000, initial_temperature = 3.0, cooling_rate = 0.999
26 - INFO - chord#: 148 done. best_score=84.0, changed=538, unchanged=346, early_stops=8/8
26 - INFO - chord#: 150 In build_straw_man_chord_sa. tolerance = 1, sa_iterations = 1000, initial_temperature = 3.0, cooling_rate = 0.999
26 - INFO - chord#: 150 done. best_score=31.0, changed=528, unchanged=385, early_stops=8/8
26 - INFO - chord#: 151 In build_straw_man_chord_sa. tolerance = 1, sa_iterations = 1000, initial_temperature = 3.0, cooling_rate = 0.999
26 - INFO - chord#: 144 done. best_score=36.0, changed=522, unchanged=420, early_stops=8/8
26 - INFO - chord#: 146 In build_straw_man_chord_sa. tolerance = 1, sa_iterations = 1000, initial_temperature = 3.0, cooling_rate = 0.999
26 - INFO - chord#: 168 done. best_score=27.0, changed=527, unchanged=630, early_stops=8/8
26 - INFO - chord#: 170 In build_straw_man_chord_sa. tolerance = 1, sa_iterations = 1000, initial_temperature = 3.0, cooling_rate = 0.999
26 - INFO - chord#: 151 done. best_score=7.0, changed=514, unchanged=295, early_stops=8/8
26 - INFO - chord#: 152 In build_straw_man_chord_sa. tolerance = 1, sa_iterations = 1000, initial_temperature = 3.0, cooling_rate = 0.999
26 - INFO - chord#: 162 done. best_score=27.0, changed=527, unchanged=310, early_stops=8/8
26 - INFO - chord#: 164 In build_straw_man_chord_sa. tolerance = 1, sa_iterations = 1000, initial_temperature = 3.0, cooling_rate = 0.999
26 - INFO - chord#: 164 done. best_score=67.0, changed=618, unchanged=352, early_stops=8/8
26 - INFO - chord#: 168 In build_straw_man_chord_sa. tolerance = 1, sa_iterations = 1000, initial_temperature = 3.0, cooling_rate = 0.999
26 - INFO - chord#: 152 done. best_score=27.0, changed=513, unchanged=389, early_stops=8/8
26 - INFO - chord#: 154 In build_straw_man_chord_sa. tolerance = 1, sa_iterations = 1000, initial_temperature = 3.0, cooling_rate = 0.999
26 - INFO - chord#: 150 done. best_score=31.0, changed=522, unchanged=362, early_stops=8/8
26 - INFO - chord#: 151 In build_straw_man_chord_sa. tolerance = 1, sa_iterations = 1000, initial_temperature = 3.0, cooling_rate = 0.999
26 - INFO - chord#: 152 done. best_score=27.0, changed=521, unchanged=446, early_stops=8/8
26 - INFO - chord#: 154 In build_straw_man_chord_sa. tolerance = 1, sa_iterations = 1000, initial_temperature = 3.0, cooling_rate = 0.999
26 - INFO - chord#: 152 done. best_score=27.0, changed=519, unchanged=403, early_stops=8/8
26 - INFO - chord#: 154 In build_straw_man_chord_sa. tolerance = 1, sa_iterations = 1000, initial_temperature = 3.0, cooling_rate = 0.999
26 - INFO - chord#: 146 done. best_score=36.0, changed=524, unchanged=461, early_stops=8/8
26 - INFO - chord#: 147 In build_straw_man_chord_sa. tolerance = 1, sa_iterations = 1000, initial_temperature = 3.0, cooling_rate = 0.999
26 - INFO - chord#: 151 done. best_score=7.0, changed=492, unchanged=319, early_stops=8/8
26 - INFO - chord#: 152 In build_straw_man_chord_sa. tolerance = 1, sa_iterations = 1000, initial_temperature = 3.0, cooling_rate = 0.999
26 - INFO - chord#: 156 done. best_score=67.0, changed=609, unchanged=364, early_stops=8/8
26 - INFO - chord#: 158 In build_straw_man_chord_sa. tolerance = 1, sa_iterations = 1000, initial_temperature = 3.0, cooling_rate = 0.999
26 - INFO - chord#: 170 done. best_score=67.0, changed=614, unchanged=345, early_stops=8/8
26 - INFO - chord#: 172 In build_straw_man_chord_sa. tolerance = 1, sa_iterations = 1000, initial_temperature = 3.0, cooling_rate = 0.999
26 - INFO - chord#: 168 done. best_score=27.0, changed=527, unchanged=348, early_stops=8/8
26 - INFO - chord#: 170 In build_straw_man_chord_sa. tolerance = 1, sa_iterations = 1000, initial_temperature = 3.0, cooling_rate = 0.999
26 - INFO - chord#: 160 done. best_score=124.0, changed=617, unchanged=449, early_stops=8/8
26 - INFO - chord#: 162 In build_straw_man_chord_sa. tolerance = 1, sa_iterations = 1000, initial_temperature = 3.0, cooling_rate = 0.999
26 - INFO - chord#: 172 done. best_score=27.0, changed=521, unchanged=448, early_stops=8/8
26 - INFO - chord#: 152 done. best_score=27.0, changed=516, unchanged=443, early_stops=8/8
26 - INFO - chord#: 154 In build_straw_man_chord_sa. tolerance = 1, sa_iterations = 1000, initial_temperature = 3.0, cooling_rate = 0.999
26 - INFO - chord#: 164 done. best_score=67.0, changed=613, unchanged=378, early_stops=8/8
26 - INFO - chord#: 168 In build_straw_man_chord_sa. tolerance = 1, sa_iterations = 1000, initial_temperature = 3.0, cooling_rate = 0.999
26 - INFO - chord#: 170 done. best_score=67.0, changed=620, unchanged=497, early_stops=8/8
26 - INFO - chord#: 172 In build_straw_man_chord_sa. tolerance = 1, sa_iterations = 1000, initial_temperature = 3.0, cooling_rate = 0.999
26 - INFO - chord#: 154 done. best_score=146.0, changed=607, unchanged=234, early_stops=8/8
26 - INFO - chord#: 156 In build_straw_man_chord_sa. tolerance = 1, sa_iterations = 1000, initial_temperature = 3.0, cooling_rate = 0.999
26 - INFO - chord#: 154 done. best_score=104.0, changed=610, unchanged=324, early_stops=8/8
26 - INFO - chord#: 156 In build_straw_man_chord_sa. tolerance = 1, sa_iterations = 1000, initial_temperature = 3.0, cooling_rate = 0.999
26 - INFO - chord#: 162 done. best_score=27.0, changed=524, unchanged=355, early_stops=8/8
26 - INFO - chord#: 164 In build_straw_man_chord_sa. tolerance = 1, sa_iterations = 1000, initial_temperature = 3.0, cooling_rate = 0.999
26 - INFO - chord#: 158 done. best_score=140.0, changed=613, unchanged=411, early_stops=8/8
26 - INFO - chord#: 160 In build_straw_man_chord_sa. tolerance = 1, sa_iterations = 1000, initial_temperature = 3.0, cooling_rate = 0.999
26 - INFO - chord#: 172 done. best_score=27.0, changed=538, unchanged=319, early_stops=8/8
26 - INFO - chord#: 168 done. best_score=27.0, changed=519, unchanged=303, early_stops=8/8
26 - INFO - chord#: 170 In build_straw_man_chord_sa. tolerance = 1, sa_iterations = 1000, initial_temperature = 3.0, cooling_rate = 0.999
26 - INFO - chord#: 170 done. best_score=125.0, changed=613, unchanged=297, early_stops=8/8
26 - INFO - chord#: 172 In build_straw_man_chord_sa. tolerance = 1, sa_iterations = 1000, initial_temperature = 3.0, cooling_rate = 0.999
26 - INFO - chord#: 147 done. best_score=78.0, changed=611, unchanged=373, early_stops=8/8
26 - INFO - chord#: 148 In build_straw_man_chord_sa. tolerance = 1, sa_iterations = 1000, initial_temperature = 3.0, cooling_rate = 0.999
26 - INFO - chord#: 154 done. best_score=64.0, changed=613, unchanged=531, early_stops=8/8
26 - INFO - chord#: 156 In build_straw_man_chord_sa. tolerance = 1, sa_iterations = 1000, initial_temperature = 3.0, cooling_rate = 0.999
26 - INFO - chord#: 154 done. best_score=64.0, changed=614, unchanged=251, early_stops=8/8
26 - INFO - chord#: 156 In build_straw_man_chord_sa. tolerance = 1, sa_iterations = 1000, initial_temperature = 3.0, cooling_rate = 0.999
26 - INFO - chord#: 172 done. best_score=27.0, changed=524, unchanged=355, early_stops=8/8
26 - INFO - chord#: 148 done. best_score=47.0, changed=524, unchanged=467, early_stops=8/8
26 - INFO - chord#: 150 In build_straw_man_chord_sa. tolerance = 1, sa_iterations = 1000, initial_temperature = 3.0, cooling_rate = 0.999
26 - INFO - chord#: 156 done. best_score=67.0, changed=609, unchanged=214, early_stops=8/8
26 - INFO - chord#: 158 In build_straw_man_chord_sa. tolerance = 1, sa_iterations = 1000, initial_temperature = 3.0, cooling_rate = 0.999
26 - INFO - chord#: 164 done. best_score=78.0, changed=610, unchanged=300, early_stops=8/8
26 - INFO - chord#: 168 In build_straw_man_chord_sa. tolerance = 1, sa_iterations = 1000, initial_temperature = 3.0, cooling_rate = 0.999
26 - INFO - chord#: 160 done. best_score=124.0, changed=610, unchanged=307, early_stops=8/8
26 - INFO - chord#: 162 In build_straw_man_chord_sa. tolerance = 1, sa_iterations = 1000, initial_temperature = 3.0, cooling_rate = 0.999
26 - INFO - chord#: 170 done. best_score=67.0, changed=616, unchanged=326, early_stops=8/8
26 - INFO - chord#: 172 In build_straw_man_chord_sa. tolerance = 1, sa_iterations = 1000, initial_temperature = 3.0, cooling_rate = 0.999
26 - INFO - chord#: 156 done. best_score=78.0, changed=609, unchanged=317, early_stops=8/8
26 - INFO - chord#: 158 In build_straw_man_chord_sa. tolerance = 1, sa_iterations = 1000, initial_temperature = 3.0, cooling_rate = 0.999
26 - INFO - chord#: 150 done. best_score=31.0, changed=532, unchanged=450, early_stops=8/8
26 - INFO - chord#: 151 In build_straw_man_chord_sa. tolerance = 1, sa_iterations = 1000, initial_temperature = 3.0, cooling_rate = 0.999
26 - INFO - chord#: 156 done. best_score=67.0, changed=606, unchanged=252, early_stops=8/8
26 - INFO - chord#: 158 In build_straw_man_chord_sa. tolerance = 1, sa_iterations = 1000, initial_temperature = 3.0, cooling_rate = 0.999
26 - INFO - chord#: 168 done. best_score=27.0, changed=525, unchanged=492, early_stops=8/8
26 - INFO - chord#: 170 In build_straw_man_chord_sa. tolerance = 1, sa_iterations = 1000, initial_temperature = 3.0, cooling_rate = 0.999
26 - INFO - chord#: 162 done. best_score=61.0, changed=526, unchanged=396, early_stops=8/8
26 - INFO - chord#: 164 In build_straw_man_chord_sa. tolerance = 1, sa_iterations = 1000, initial_temperature = 3.0, cooling_rate = 0.999
26 - INFO - chord#: 156 done. best_score=96.0, changed=611, unchanged=318, early_stops=8/8
26 - INFO - chord#: 158 In build_straw_man_chord_sa. tolerance = 1, sa_iterations = 1000, initial_temperature = 3.0, cooling_rate = 0.999
26 - INFO - chord#: 151 done. best_score=7.0, changed=500, unchanged=312, early_stops=8/8
26 - INFO - chord#: 152 In build_straw_man_chord_sa. tolerance = 1, sa_iterations = 1000, initial_temperature = 3.0, cooling_rate = 0.999
26 - INFO - chord#: 172 done. best_score=27.0, changed=524, unchanged=365, early_stops=8/8
26 - INFO - chord#: 158 done. best_score=142.0, changed=612, unchanged=282, early_stops=8/8
26 - INFO - chord#: 160 In build_straw_man_chord_sa. tolerance = 1, sa_iterations = 1000, initial_temperature = 3.0, cooling_rate = 0.999
26 - INFO - chord#: 152 done. best_score=27.0, changed=527, unchanged=485, early_stops=8/8
26 - INFO - chord#: 154 In build_straw_man_chord_sa. tolerance = 1, sa_iterations = 1000, initial_temperature = 3.0, cooling_rate = 0.999
26 - INFO - chord#: 158 done. best_score=140.0, changed=607, unchanged=270, early_stops=8/8
26 - INFO - chord#: 160 In build_straw_man_chord_sa. tolerance = 1, sa_iterations = 1000, initial_temperature = 3.0, cooling_rate = 0.999
26 - INFO - chord#: 164 done. best_score=155.0, changed=616, unchanged=274, early_stops=8/8
26 - INFO - chord#: 168 In build_straw_man_chord_sa. tolerance = 1, sa_iterations = 1000, initial_temperature = 3.0, cooling_rate = 0.999
26 - INFO - chord#: 158 done. best_score=145.0, changed=610, unchanged=291, early_stops=8/8
26 - INFO - chord#: 160 In build_straw_man_chord_sa. tolerance = 1, sa_iterations = 1000, initial_temperature = 3.0, cooling_rate = 0.999
26 - INFO - chord#: 158 done. best_score=142.0, changed=617, unchanged=400, early_stops=8/8
26 - INFO - chord#: 160 In build_straw_man_chord_sa. tolerance = 1, sa_iterations = 1000, initial_temperature = 3.0, cooling_rate = 0.999
26 - INFO - chord#: 170 done. best_score=67.0, changed=609, unchanged=446, early_stops=8/8
26 - INFO - chord#: 172 In build_straw_man_chord_sa. tolerance = 1, sa_iterations = 1000, initial_temperature = 3.0, cooling_rate = 0.999
26 - INFO - chord#: 168 done. best_score=27.0, changed=513, unchanged=348, early_stops=8/8
26 - INFO - chord#: 170 In build_straw_man_chord_sa. tolerance = 1, sa_iterations = 1000, initial_temperature = 3.0, cooling_rate = 0.999
26 - INFO - chord#: 160 done. best_score=163.0, changed=616, unchanged=439, early_stops=8/8
26 - INFO - chord#: 162 In build_straw_man_chord_sa. tolerance = 1, sa_iterations = 1000, initial_temperature = 3.0, cooling_rate = 0.999
26 - INFO - chord#: 162 done. best_score=27.0, changed=569, unchanged=249, early_stops=8/8
26 - INFO - chord#: 164 In build_straw_man_chord_sa. tolerance = 1, sa_iterations = 1000, initial_temperature = 3.0, cooling_rate = 0.999
26 - INFO - chord#: 172 done. best_score=27.0, changed=530, unchanged=417, early_stops=8/8
26 - INFO - chord#: 154 done. best_score=64.0, changed=609, unchanged=312, early_stops=8/8
26 - INFO - chord#: 156 In build_straw_man_chord_sa. tolerance = 1, sa_iterations = 1000, initial_temperature = 3.0, cooling_rate = 0.999
26 - INFO - chord#: 160 done. best_score=119.0, changed=615, unchanged=427, early_stops=8/8
26 - INFO - chord#: 162 In build_straw_man_chord_sa. tolerance = 1, sa_iterations = 1000, initial_temperature = 3.0, cooling_rate = 0.999
26 - INFO - chord#: 160 done. best_score=82.0, changed=620, unchanged=375, early_stops=8/8
26 - INFO - chord#: 162 In build_straw_man_chord_sa. tolerance = 1, sa_iterations = 1000, initial_temperature = 3.0, cooling_rate = 0.999
26 - INFO - chord#: 160 done. best_score=120.0, changed=618, unchanged=353, early_stops=8/8
26 - INFO - chord#: 162 In build_straw_man_chord_sa. tolerance = 1, sa_iterations = 1000, initial_temperature = 3.0, cooling_rate = 0.999
26 - INFO - chord#: 170 done. best_score=67.0, changed=611, unchanged=345, early_stops=8/8
26 - INFO - chord#: 172 In build_straw_man_chord_sa. tolerance = 1, sa_iterations = 1000, initial_temperature = 3.0, cooling_rate = 0.999
26 - INFO - chord#: 162 done. best_score=36.0, changed=547, unchanged=337, early_stops=8/8
26 - INFO - chord#: 164 In build_straw_man_chord_sa. tolerance = 1, sa_iterations = 1000, initial_temperature = 3.0, cooling_rate = 0.999
26 - INFO - chord#: 162 done. best_score=27.0, changed=525, unchanged=299, early_stops=8/8
26 - INFO - chord#: 164 In build_straw_man_chord_sa. tolerance = 1, sa_iterations = 1000, initial_temperature = 3.0, cooling_rate = 0.999
26 - INFO - chord#: 162 done. best_score=27.0, changed=526, unchanged=322, early_stops=8/8
26 - INFO - chord#: 164 In build_straw_man_chord_sa. tolerance = 1, sa_iterations = 1000, initial_temperature = 3.0, cooling_rate = 0.999
26 - INFO - chord#: 164 done. best_score=67.0, changed=613, unchanged=333, early_stops=8/8
26 - INFO - chord#: 168 In build_straw_man_chord_sa. tolerance = 1, sa_iterations = 1000, initial_temperature = 3.0, cooling_rate = 0.999
26 - INFO - chord#: 156 done. best_score=145.0, changed=612, unchanged=341, early_stops=8/8
26 - INFO - chord#: 158 In build_straw_man_chord_sa. tolerance = 1, sa_iterations = 1000, initial_temperature = 3.0, cooling_rate = 0.999
26 - INFO - chord#: 172 done. best_score=27.0, changed=529, unchanged=410, early_stops=8/8
26 - INFO - chord#: 168 done. best_score=27.0, changed=522, unchanged=377, early_stops=8/8
26 - INFO - chord#: 170 In build_straw_man_chord_sa. tolerance = 1, sa_iterations = 1000, initial_temperature = 3.0, cooling_rate = 0.999
26 - INFO - chord#: 164 done. best_score=125.0, changed=612, unchanged=278, early_stops=8/8
26 - INFO - chord#: 168 In build_straw_man_chord_sa. tolerance = 1, sa_iterations = 1000, initial_temperature = 3.0, cooling_rate = 0.999
26 - INFO - chord#: 164 done. best_score=67.0, changed=608, unchanged=256, early_stops=8/8
26 - INFO - chord#: 168 In build_straw_man_chord_sa. tolerance = 1, sa_iterations = 1000, initial_temperature = 3.0, cooling_rate = 0.999
26 - INFO - chord#: 164 done. best_score=131.0, changed=610, unchanged=273, early_stops=8/8
26 - INFO - chord#: 168 In build_straw_man_chord_sa. tolerance = 1, sa_iterations = 1000, initial_temperature = 3.0, cooling_rate = 0.999
26 - INFO - chord#: 158 done. best_score=145.0, changed=615, unchanged=289, early_stops=8/8
26 - INFO - chord#: 160 In build_straw_man_chord_sa. tolerance = 1, sa_iterations = 1000, initial_temperature = 3.0, cooling_rate = 0.999
26 - INFO - chord#: 168 done. best_score=27.0, changed=520, unchanged=469, early_stops=8/8
26 - INFO - chord#: 170 In build_straw_man_chord_sa. tolerance = 1, sa_iterations = 1000, initial_temperature = 3.0, cooling_rate = 0.999
26 - INFO - chord#: 168 done. best_score=27.0, changed=517, unchanged=317, early_stops=8/8
26 - INFO - chord#: 170 In build_straw_man_chord_sa. tolerance = 1, sa_iterations = 1000, initial_temperature = 3.0, cooling_rate = 0.999
26 - INFO - chord#: 168 done. best_score=27.0, changed=524, unchanged=487, early_stops=8/8
26 - INFO - chord#: 170 In build_straw_man_chord_sa. tolerance = 1, sa_iterations = 1000, initial_temperature = 3.0, cooling_rate = 0.999
26 - INFO - chord#: 170 done. best_score=67.0, changed=614, unchanged=474, early_stops=8/8
26 - INFO - chord#: 172 In build_straw_man_chord_sa. tolerance = 1, sa_iterations = 1000, initial_temperature = 3.0, cooling_rate = 0.999
26 - INFO - chord#: 160 done. best_score=120.0, changed=610, unchanged=329, early_stops=8/8
26 - INFO - chord#: 162 In build_straw_man_chord_sa. tolerance = 1, sa_iterations = 1000, initial_temperature = 3.0, cooling_rate = 0.999
26 - INFO - chord#: 172 done. best_score=27.0, changed=519, unchanged=330, early_stops=8/8
26 - INFO - chord#: 170 done. best_score=137.0, changed=613, unchanged=339, early_stops=8/8
26 - INFO - chord#: 172 In build_straw_man_chord_sa. tolerance = 1, sa_iterations = 1000, initial_temperature = 3.0, cooling_rate = 0.999
26 - INFO - chord#: 170 done. best_score=67.0, changed=614, unchanged=302, early_stops=8/8
26 - INFO - chord#: 172 In build_straw_man_chord_sa. tolerance = 1, sa_iterations = 1000, initial_temperature = 3.0, cooling_rate = 0.999
26 - INFO - chord#: 170 done. best_score=67.0, changed=613, unchanged=296, early_stops=8/8
26 - INFO - chord#: 172 In build_straw_man_chord_sa. tolerance = 1, sa_iterations = 1000, initial_temperature = 3.0, cooling_rate = 0.999
26 - INFO - chord#: 162 done. best_score=27.0, changed=538, unchanged=353, early_stops=8/8
26 - INFO - chord#: 164 In build_straw_man_chord_sa. tolerance = 1, sa_iterations = 1000, initial_temperature = 3.0, cooling_rate = 0.999
26 - INFO - chord#: 172 done. best_score=27.0, changed=526, unchanged=343, early_stops=8/8
26 - INFO - chord#: 172 done. best_score=27.0, changed=520, unchanged=383, early_stops=8/8
26 - INFO - chord#: 172 done. best_score=27.0, changed=530, unchanged=376, early_stops=8/8
26 - INFO - chord#: 164 done. best_score=67.0, changed=613, unchanged=341, early_stops=8/8
26 - INFO - chord#: 168 In build_straw_man_chord_sa. tolerance = 1, sa_iterations = 1000, initial_temperature = 3.0, cooling_rate = 0.999
26 - INFO - chord#: 168 done. best_score=27.0, changed=527, unchanged=400, early_stops=8/8
26 - INFO - chord#: 170 In build_straw_man_chord_sa. tolerance = 1, sa_iterations = 1000, initial_temperature = 3.0, cooling_rate = 0.999
26 - INFO - chord#: 170 done. best_score=67.0, changed=616, unchanged=398, early_stops=8/8
26 - INFO - chord#: 172 In build_straw_man_chord_sa. tolerance = 1, sa_iterations = 1000, initial_temperature = 3.0, cooling_rate = 0.999
26 - INFO - chord#: 172 done. best_score=27.0, changed=528, unchanged=410, early_stops=8/8
26 - INFO - chord#: 0 In build_straw_man_chord_sa. tolerance = 1, sa_iterations = 1000, initial_temperature = 3.0, cooling_rate = 0.999
26 - INFO - chord#: 0 In build_straw_man_chord_sa. tolerance = 1, sa_iterations = 1000, initial_temperature = 3.0, cooling_rate = 0.999
26 - INFO - chord#: 0 In build_straw_man_chord_sa. tolerance = 1, sa_iterations = 1000, initial_temperature = 3.0, cooling_rate = 0.999
26 - INFO - chord#: 0 In build_straw_man_chord_sa. tolerance = 1, sa_iterations = 1000, initial_temperature = 3.0, cooling_rate = 0.999
26 - INFO - chord#: 0 In build_straw_man_chord_sa. tolerance = 1, sa_iterations = 1000, initial_temperature = 3.0, cooling_rate = 0.999
26 - INFO - chord#: 0 In build_straw_man_chord_sa. tolerance = 1, sa_iterations = 1000, initial_temperature = 3.0, cooling_rate = 0.999
26 - INFO - chord#: 0 In build_straw_man_chord_sa. tolerance = 1, sa_iterations = 1000, initial_temperature = 3.0, cooling_rate = 0.999
26 - INFO - chord#: 0 In build_straw_man_chord_sa. tolerance = 1, sa_iterations = 1000, initial_temperature = 3.0, cooling_rate = 0.999
26 - INFO - chord#: 0 In build_straw_man_chord_sa. tolerance = 1, sa_iterations = 1000, initial_temperature = 3.0, cooling_rate = 0.999
26 - INFO - chord#: 0 In build_straw_man_chord_sa. tolerance = 1, sa_iterations = 1000, initial_temperature = 3.0, cooling_rate = 0.999
26 - INFO - chord#: 0 In build_straw_man_chord_sa. tolerance = 1, sa_iterations = 1000, initial_temperature = 3.0, cooling_rate = 0.999
26 - INFO - chord#: 0 In build_straw_man_chord_sa. tolerance = 1, sa_iterations = 1000, initial_temperature = 3.0, cooling_rate = 0.999
26 - INFO - chord#: 0 done. best_score=27.0, changed=512, unchanged=343, early_stops=8/8
26 - INFO - chord#: 4 In build_straw_man_chord_sa. tolerance = 1, sa_iterations = 1000, initial_temperature = 3.0, cooling_rate = 0.999
26 - INFO - chord#: 0 done. best_score=27.0, changed=516, unchanged=353, early_stops=8/8
26 - INFO - chord#: 4 In build_straw_man_chord_sa. tolerance = 1, sa_iterations = 1000, initial_temperature = 3.0, cooling_rate = 0.999
26 - INFO - chord#: 0 done. best_score=27.0, changed=516, unchanged=405, early_stops=8/8
26 - INFO - chord#: 4 In build_straw_man_chord_sa. tolerance = 1, sa_iterations = 1000, initial_temperature = 3.0, cooling_rate = 0.999
26 - INFO - chord#: 0 done. best_score=27.0, changed=527, unchanged=504, early_stops=8/8
26 - INFO - chord#: 4 In build_straw_man_chord_sa. tolerance = 1, sa_iterations = 1000, initial_temperature = 3.0, cooling_rate = 0.999
26 - INFO - chord#: 0 done. best_score=27.0, changed=517, unchanged=393, early_stops=8/8
26 - INFO - chord#: 4 In build_straw_man_chord_sa. tolerance = 1, sa_iterations = 1000, initial_temperature = 3.0, cooling_rate = 0.999
26 - INFO - chord#: 0 done. best_score=27.0, changed=521, unchanged=311, early_stops=8/8
26 - INFO - chord#: 4 In build_straw_man_chord_sa. tolerance = 1, sa_iterations = 1000, initial_temperature = 3.0, cooling_rate = 0.999
26 - INFO - chord#: 0 done. best_score=27.0, changed=521, unchanged=497, early_stops=8/8
26 - INFO - chord#: 4 In build_straw_man_chord_sa. tolerance = 1, sa_iterations = 1000, initial_temperature = 3.0, cooling_rate = 0.999
26 - INFO - chord#: 0 done. best_score=27.0, changed=514, unchanged=341, early_stops=8/8
26 - INFO - chord#: 4 In build_straw_man_chord_sa. tolerance = 1, sa_iterations = 1000, initial_temperature = 3.0, cooling_rate = 0.999
26 - INFO - chord#: 0 done. best_score=27.0, changed=520, unchanged=425, early_stops=8/8
26 - INFO - chord#: 4 In build_straw_man_chord_sa. tolerance = 1, sa_iterations = 1000, initial_temperature = 3.0, cooling_rate = 0.999
26 - INFO - chord#: 0 done. best_score=27.0, changed=529, unchanged=379, early_stops=8/8
26 - INFO - chord#: 4 In build_straw_man_chord_sa. tolerance = 1, sa_iterations = 1000, initial_temperature = 3.0, cooling_rate = 0.999
26 - INFO - chord#: 0 done. best_score=27.0, changed=521, unchanged=500, early_stops=8/8
26 - INFO - chord#: 4 In build_straw_man_chord_sa. tolerance = 1, sa_iterations = 1000, initial_temperature = 3.0, cooling_rate = 0.999
26 - INFO - chord#: 0 done. best_score=27.0, changed=536, unchanged=630, early_stops=8/8
26 - INFO - chord#: 4 In build_straw_man_chord_sa. tolerance = 1, sa_iterations = 1000, initial_temperature = 3.0, cooling_rate = 0.999
26 - INFO - chord#: 4 done. best_score=27.0, changed=521, unchanged=318, early_stops=8/8
26 - INFO - chord#: 6 In build_straw_man_chord_sa. tolerance = 1, sa_iterations = 1000, initial_temperature = 3.0, cooling_rate = 0.999
26 - INFO - chord#: 4 done. best_score=27.0, changed=528, unchanged=325, early_stops=8/8
26 - INFO - chord#: 6 In build_straw_man_chord_sa. tolerance = 1, sa_iterations = 1000, initial_temperature = 3.0, cooling_rate = 0.999
26 - INFO - chord#: 4 done. best_score=27.0, changed=530, unchanged=377, early_stops=8/8
26 - INFO - chord#: 6 In build_straw_man_chord_sa. tolerance = 1, sa_iterations = 1000, initial_temperature = 3.0, cooling_rate = 0.999
26 - INFO - chord#: 4 done. best_score=27.0, changed=521, unchanged=342, early_stops=8/8
26 - INFO - chord#: 4 done. best_score=27.0, changed=529, unchanged=416, early_stops=8/8
26 - INFO - chord#: 6 In build_straw_man_chord_sa. tolerance = 1, sa_iterations = 1000, initial_temperature = 3.0, cooling_rate = 0.999
26 - INFO - chord#: 6 In build_straw_man_chord_sa. tolerance = 1, sa_iterations = 1000, initial_temperature = 3.0, cooling_rate = 0.999
26 - INFO - chord#: 4 done. best_score=27.0, changed=523, unchanged=341, early_stops=8/8
26 - INFO - chord#: 6 In build_straw_man_chord_sa. tolerance = 1, sa_iterations = 1000, initial_temperature = 3.0, cooling_rate = 0.999
26 - INFO - chord#: 4 done. best_score=27.0, changed=522, unchanged=335, early_stops=8/8
26 - INFO - chord#: 6 In build_straw_man_chord_sa. tolerance = 1, sa_iterations = 1000, initial_temperature = 3.0, cooling_rate = 0.999
26 - INFO - chord#: 4 done. best_score=27.0, changed=517, unchanged=301, early_stops=8/8
26 - INFO - chord#: 6 In build_straw_man_chord_sa. tolerance = 1, sa_iterations = 1000, initial_temperature = 3.0, cooling_rate = 0.999
26 - INFO - chord#: 4 done. best_score=27.0, changed=516, unchanged=324, early_stops=8/8
26 - INFO - chord#: 6 In build_straw_man_chord_sa. tolerance = 1, sa_iterations = 1000, initial_temperature = 3.0, cooling_rate = 0.999
26 - INFO - chord#: 4 done. best_score=27.0, changed=527, unchanged=367, early_stops=8/8
26 - INFO - chord#: 6 In build_straw_man_chord_sa. tolerance = 1, sa_iterations = 1000, initial_temperature = 3.0, cooling_rate = 0.999
26 - INFO - chord#: 4 done. best_score=27.0, changed=524, unchanged=314, early_stops=8/8
26 - INFO - chord#: 6 In build_straw_man_chord_sa. tolerance = 1, sa_iterations = 1000, initial_temperature = 3.0, cooling_rate = 0.999
26 - INFO - chord#: 4 done. best_score=27.0, changed=527, unchanged=320, early_stops=8/8
26 - INFO - chord#: 6 In build_straw_man_chord_sa. tolerance = 1, sa_iterations = 1000, initial_temperature = 3.0, cooling_rate = 0.999
26 - INFO - chord#: 6 done. best_score=82.0, changed=614, unchanged=318, early_stops=8/8
26 - INFO - chord#: 8 In build_straw_man_chord_sa. tolerance = 1, sa_iterations = 1000, initial_temperature = 3.0, cooling_rate = 0.999
26 - INFO - chord#: 6 done. best_score=82.0, changed=610, unchanged=247, early_stops=8/8
26 - INFO - chord#: 8 In build_straw_man_chord_sa. tolerance = 1, sa_iterations = 1000, initial_temperature = 3.0, cooling_rate = 0.999
26 - INFO - chord#: 6 done. best_score=82.0, changed=609, unchanged=361, early_stops=8/8
26 - INFO - chord#: 6 done. best_score=120.0, changed=611, unchanged=281, early_stops=8/8
26 - INFO - chord#: 8 In build_straw_man_chord_sa. tolerance = 1, sa_iterations = 1000, initial_temperature = 3.0, cooling_rate = 0.999
26 - INFO - chord#: 8 In build_straw_man_chord_sa. tolerance = 1, sa_iterations = 1000, initial_temperature = 3.0, cooling_rate = 0.999
26 - INFO - chord#: 6 done. best_score=82.0, changed=614, unchanged=369, early_stops=8/8
26 - INFO - chord#: 8 In build_straw_man_chord_sa. tolerance = 1, sa_iterations = 1000, initial_temperature = 3.0, cooling_rate = 0.999
26 - INFO - chord#: 6 done. best_score=82.0, changed=616, unchanged=452, early_stops=8/8
26 - INFO - chord#: 8 In build_straw_man_chord_sa. tolerance = 1, sa_iterations = 1000, initial_temperature = 3.0, cooling_rate = 0.999
26 - INFO - chord#: 8 done. best_score=27.0, changed=511, unchanged=317, early_stops=8/8
26 - INFO - chord#: 12 In build_straw_man_chord_sa. tolerance = 1, sa_iterations = 1000, initial_temperature = 3.0, cooling_rate = 0.999
26 - INFO - chord#: 6 done. best_score=120.0, changed=611, unchanged=310, early_stops=8/8
26 - INFO - chord#: 8 In build_straw_man_chord_sa. tolerance = 1, sa_iterations = 1000, initial_temperature = 3.0, cooling_rate = 0.999
26 - INFO - chord#: 8 done. best_score=27.0, changed=528, unchanged=477, early_stops=8/8
26 - INFO - chord#: 12 In build_straw_man_chord_sa. tolerance = 1, sa_iterations = 1000, initial_temperature = 3.0, cooling_rate = 0.999
26 - INFO - chord#: 6 done. best_score=147.0, changed=614, unchanged=297, early_stops=8/8
26 - INFO - chord#: 8 In build_straw_man_chord_sa. tolerance = 1, sa_iterations = 1000, initial_temperature = 3.0, cooling_rate = 0.999
26 - INFO - chord#: 8 done. best_score=27.0, changed=520, unchanged=445, early_stops=8/8
26 - INFO - chord#: 12 In build_straw_man_chord_sa. tolerance = 1, sa_iterations = 1000, initial_temperature = 3.0, cooling_rate = 0.999
26 - INFO - chord#: 8 done. best_score=27.0, changed=517, unchanged=394, early_stops=8/8
26 - INFO - chord#: 12 In build_straw_man_chord_sa. tolerance = 1, sa_iterations = 1000, initial_temperature = 3.0, cooling_rate = 0.999
26 - INFO - chord#: 6 done. best_score=97.0, changed=617, unchanged=410, early_stops=8/8
26 - INFO - chord#: 8 In build_straw_man_chord_sa. tolerance = 1, sa_iterations = 1000, initial_temperature = 3.0, cooling_rate = 0.999
26 - INFO - chord#: 6 done. best_score=82.0, changed=615, unchanged=448, early_stops=8/8
26 - INFO - chord#: 8 In build_straw_man_chord_sa. tolerance = 1, sa_iterations = 1000, initial_temperature = 3.0, cooling_rate = 0.999
26 - INFO - chord#: 8 done. best_score=27.0, changed=524, unchanged=425, early_stops=8/8
26 - INFO - chord#: 12 In build_straw_man_chord_sa. tolerance = 1, sa_iterations = 1000, initial_temperature = 3.0, cooling_rate = 0.999
26 - INFO - chord#: 8 done. best_score=27.0, changed=523, unchanged=434, early_stops=8/8
26 - INFO - chord#: 12 In build_straw_man_chord_sa. tolerance = 1, sa_iterations = 1000, initial_temperature = 3.0, cooling_rate = 0.999
26 - INFO - chord#: 6 done. best_score=82.0, changed=612, unchanged=363, early_stops=8/8
26 - INFO - chord#: 8 In build_straw_man_chord_sa. tolerance = 1, sa_iterations = 1000, initial_temperature = 3.0, cooling_rate = 0.999
26 - INFO - chord#: 6 done. best_score=82.0, changed=612, unchanged=467, early_stops=8/8
26 - INFO - chord#: 8 In build_straw_man_chord_sa. tolerance = 1, sa_iterations = 1000, initial_temperature = 3.0, cooling_rate = 0.999
26 - INFO - chord#: 8 done. best_score=27.0, changed=514, unchanged=320, early_stops=8/8
26 - INFO - chord#: 12 In build_straw_man_chord_sa. tolerance = 1, sa_iterations = 1000, initial_temperature = 3.0, cooling_rate = 0.999
26 - INFO - chord#: 8 done. best_score=27.0, changed=526, unchanged=391, early_stops=8/8
26 - INFO - chord#: 12 In build_straw_man_chord_sa. tolerance = 1, sa_iterations = 1000, initial_temperature = 3.0, cooling_rate = 0.999
26 - INFO - chord#: 8 done. best_score=27.0, changed=516, unchanged=362, early_stops=8/8
26 - INFO - chord#: 12 In build_straw_man_chord_sa. tolerance = 1, sa_iterations = 1000, initial_temperature = 3.0, cooling_rate = 0.999
26 - INFO - chord#: 8 done. best_score=27.0, changed=525, unchanged=474, early_stops=8/8
26 - INFO - chord#: 12 In build_straw_man_chord_sa. tolerance = 1, sa_iterations = 1000, initial_temperature = 3.0, cooling_rate = 0.999
26 - INFO - chord#: 8 done. best_score=27.0, changed=527, unchanged=497, early_stops=8/8
26 - INFO - chord#: 12 In build_straw_man_chord_sa. tolerance = 1, sa_iterations = 1000, initial_temperature = 3.0, cooling_rate = 0.999
26 - INFO - chord#: 12 done. best_score=64.0, changed=614, unchanged=248, early_stops=8/8
26 - INFO - chord#: 16 In build_straw_man_chord_sa. tolerance = 1, sa_iterations = 1000, initial_temperature = 3.0, cooling_rate = 0.999
26 - INFO - chord#: 12 done. best_score=157.0, changed=611, unchanged=253, early_stops=8/8
26 - INFO - chord#: 16 In build_straw_man_chord_sa. tolerance = 1, sa_iterations = 1000, initial_temperature = 3.0, cooling_rate = 0.999
26 - INFO - chord#: 12 done. best_score=71.0, changed=612, unchanged=282, early_stops=8/8
26 - INFO - chord#: 16 In build_straw_man_chord_sa. tolerance = 1, sa_iterations = 1000, initial_temperature = 3.0, cooling_rate = 0.999
26 - INFO - chord#: 8 done. best_score=27.0, changed=522, unchanged=412, early_stops=8/8
26 - INFO - chord#: 12 In build_straw_man_chord_sa. tolerance = 1, sa_iterations = 1000, initial_temperature = 3.0, cooling_rate = 0.999
26 - INFO - chord#: 12 done. best_score=64.0, changed=609, unchanged=252, early_stops=8/8
26 - INFO - chord#: 16 In build_straw_man_chord_sa. tolerance = 1, sa_iterations = 1000, initial_temperature = 3.0, cooling_rate = 0.999
26 - INFO - chord#: 12 done. best_score=71.0, changed=613, unchanged=359, early_stops=8/8
26 - INFO - chord#: 16 In build_straw_man_chord_sa. tolerance = 1, sa_iterations = 1000, initial_temperature = 3.0, cooling_rate = 0.999
26 - INFO - chord#: 12 done. best_score=71.0, changed=612, unchanged=263, early_stops=8/8
26 - INFO - chord#: 16 In build_straw_man_chord_sa. tolerance = 1, sa_iterations = 1000, initial_temperature = 3.0, cooling_rate = 0.999
26 - INFO - chord#: 16 done. best_score=27.0, changed=515, unchanged=388, early_stops=8/8
26 - INFO - chord#: 18 In build_straw_man_chord_sa. tolerance = 1, sa_iterations = 1000, initial_temperature = 3.0, cooling_rate = 0.999
26 - INFO - chord#: 16 done. best_score=27.0, changed=525, unchanged=472, early_stops=8/8
26 - INFO - chord#: 18 In build_straw_man_chord_sa. tolerance = 1, sa_iterations = 1000, initial_temperature = 3.0, cooling_rate = 0.999
26 - INFO - chord#: 12 done. best_score=201.0, changed=609, unchanged=232, early_stops=8/8
26 - INFO - chord#: 16 In build_straw_man_chord_sa. tolerance = 1, sa_iterations = 1000, initial_temperature = 3.0, cooling_rate = 0.999
26 - INFO - chord#: 16 done. best_score=27.0, changed=516, unchanged=421, early_stops=8/8
26 - INFO - chord#: 18 In build_straw_man_chord_sa. tolerance = 1, sa_iterations = 1000, initial_temperature = 3.0, cooling_rate = 0.999
26 - INFO - chord#: 16 done. best_score=27.0, changed=527, unchanged=388, early_stops=8/8
26 - INFO - chord#: 18 In build_straw_man_chord_sa. tolerance = 1, sa_iterations = 1000, initial_temperature = 3.0, cooling_rate = 0.999
26 - INFO - chord#: 12 done. best_score=174.0, changed=614, unchanged=262, early_stops=8/8
26 - INFO - chord#: 16 In build_straw_man_chord_sa. tolerance = 1, sa_iterations = 1000, initial_temperature = 3.0, cooling_rate = 0.999
26 - INFO - chord#: 16 done. best_score=27.0, changed=530, unchanged=601, early_stops=8/8
26 - INFO - chord#: 18 In build_straw_man_chord_sa. tolerance = 1, sa_iterations = 1000, initial_temperature = 3.0, cooling_rate = 0.999
26 - INFO - chord#: 12 done. best_score=157.0, changed=610, unchanged=284, early_stops=8/8
26 - INFO - chord#: 16 In build_straw_man_chord_sa. tolerance = 1, sa_iterations = 1000, initial_temperature = 3.0, cooling_rate = 0.999
26 - INFO - chord#: 16 done. best_score=27.0, changed=513, unchanged=416, early_stops=8/8
26 - INFO - chord#: 18 In build_straw_man_chord_sa. tolerance = 1, sa_iterations = 1000, initial_temperature = 3.0, cooling_rate = 0.999
26 - INFO - chord#: 12 done. best_score=71.0, changed=612, unchanged=326, early_stops=8/8
26 - INFO - chord#: 16 In build_straw_man_chord_sa. tolerance = 1, sa_iterations = 1000, initial_temperature = 3.0, cooling_rate = 0.999
26 - INFO - chord#: 16 done. best_score=27.0, changed=519, unchanged=452, early_stops=8/8
26 - INFO - chord#: 18 In build_straw_man_chord_sa. tolerance = 1, sa_iterations = 1000, initial_temperature = 3.0, cooling_rate = 0.999
26 - INFO - chord#: 16 done. best_score=27.0, changed=534, unchanged=502, early_stops=8/8
26 - INFO - chord#: 18 In build_straw_man_chord_sa. tolerance = 1, sa_iterations = 1000, initial_temperature = 3.0, cooling_rate = 0.999
26 - INFO - chord#: 18 done. best_score=70.0, changed=610, unchanged=265, early_stops=8/8
26 - INFO - chord#: 20 In build_straw_man_chord_sa. tolerance = 1, sa_iterations = 1000, initial_temperature = 3.0, cooling_rate = 0.999
26 - INFO - chord#: 16 done. best_score=27.0, changed=528, unchanged=566, early_stops=8/8
26 - INFO - chord#: 18 In build_straw_man_chord_sa. tolerance = 1, sa_iterations = 1000, initial_temperature = 3.0, cooling_rate = 0.999
26 - INFO - chord#: 12 done. best_score=146.0, changed=614, unchanged=586, early_stops=8/8
26 - INFO - chord#: 12 done. best_score=96.0, changed=617, unchanged=376, early_stops=8/8
26 - INFO - chord#: 16 In build_straw_man_chord_sa. tolerance = 1, sa_iterations = 1000, initial_temperature = 3.0, cooling_rate = 0.999
26 - INFO - chord#: 16 In build_straw_man_chord_sa. tolerance = 1, sa_iterations = 1000, initial_temperature = 3.0, cooling_rate = 0.999
26 - INFO - chord#: 18 done. best_score=75.0, changed=604, unchanged=201, early_stops=8/8
26 - INFO - chord#: 20 In build_straw_man_chord_sa. tolerance = 1, sa_iterations = 1000, initial_temperature = 3.0, cooling_rate = 0.999
26 - INFO - chord#: 18 done. best_score=70.0, changed=612, unchanged=326, early_stops=8/8
26 - INFO - chord#: 20 In build_straw_man_chord_sa. tolerance = 1, sa_iterations = 1000, initial_temperature = 3.0, cooling_rate = 0.999
26 - INFO - chord#: 18 done. best_score=149.0, changed=608, unchanged=309, early_stops=8/8
26 - INFO - chord#: 20 In build_straw_man_chord_sa. tolerance = 1, sa_iterations = 1000, initial_temperature = 3.0, cooling_rate = 0.999
26 - INFO - chord#: 16 done. best_score=27.0, changed=514, unchanged=386, early_stops=8/8
26 - INFO - chord#: 18 In build_straw_man_chord_sa. tolerance = 1, sa_iterations = 1000, initial_temperature = 3.0, cooling_rate = 0.999
26 - INFO - chord#: 18 done. best_score=75.0, changed=613, unchanged=498, early_stops=8/8
26 - INFO - chord#: 20 In build_straw_man_chord_sa. tolerance = 1, sa_iterations = 1000, initial_temperature = 3.0, cooling_rate = 0.999
26 - INFO - chord#: 20 done. best_score=27.0, changed=521, unchanged=420, early_stops=8/8
26 - INFO - chord#: 22 In build_straw_man_chord_sa. tolerance = 1, sa_iterations = 1000, initial_temperature = 3.0, cooling_rate = 0.999
26 - INFO - chord#: 20 done. best_score=27.0, changed=517, unchanged=322, early_stops=8/8
26 - INFO - chord#: 22 In build_straw_man_chord_sa. tolerance = 1, sa_iterations = 1000, initial_temperature = 3.0, cooling_rate = 0.999
26 - INFO - chord#: 20 done. best_score=27.0, changed=521, unchanged=424, early_stops=8/8
26 - INFO - chord#: 22 In build_straw_man_chord_sa. tolerance = 1, sa_iterations = 1000, initial_temperature = 3.0, cooling_rate = 0.999
26 - INFO - chord#: 16 done. best_score=27.0, changed=518, unchanged=320, early_stops=8/8
26 - INFO - chord#: 18 In build_straw_man_chord_sa. tolerance = 1, sa_iterations = 1000, initial_temperature = 3.0, cooling_rate = 0.999
26 - INFO - chord#: 20 done. best_score=27.0, changed=530, unchanged=398, early_stops=8/8
26 - INFO - chord#: 22 In build_straw_man_chord_sa. tolerance = 1, sa_iterations = 1000, initial_temperature = 3.0, cooling_rate = 0.999
26 - INFO - chord#: 16 done. best_score=27.0, changed=513, unchanged=417, early_stops=8/8
26 - INFO - chord#: 18 In build_straw_man_chord_sa. tolerance = 1, sa_iterations = 1000, initial_temperature = 3.0, cooling_rate = 0.999
26 - INFO - chord#: 20 done. best_score=27.0, changed=517, unchanged=361, early_stops=8/8
26 - INFO - chord#: 22 In build_straw_man_chord_sa. tolerance = 1, sa_iterations = 1000, initial_temperature = 3.0, cooling_rate = 0.999
26 - INFO - chord#: 18 done. best_score=70.0, changed=610, unchanged=342, early_stops=8/8
26 - INFO - chord#: 20 In build_straw_man_chord_sa. tolerance = 1, sa_iterations = 1000, initial_temperature = 3.0, cooling_rate = 0.999
26 - INFO - chord#: 18 done. best_score=70.0, changed=616, unchanged=407, early_stops=8/8
26 - INFO - chord#: 20 In build_straw_man_chord_sa. tolerance = 1, sa_iterations = 1000, initial_temperature = 3.0, cooling_rate = 0.999
26 - INFO - chord#: 18 done. best_score=70.0, changed=610, unchanged=292, early_stops=8/8
26 - INFO - chord#: 20 In build_straw_man_chord_sa. tolerance = 1, sa_iterations = 1000, initial_temperature = 3.0, cooling_rate = 0.999
26 - INFO - chord#: 18 done. best_score=70.0, changed=613, unchanged=303, early_stops=8/8
26 - INFO - chord#: 20 In build_straw_man_chord_sa. tolerance = 1, sa_iterations = 1000, initial_temperature = 3.0, cooling_rate = 0.999
26 - INFO - chord#: 22 done. best_score=64.0, changed=611, unchanged=239, early_stops=8/8
26 - INFO - chord#: 24 In build_straw_man_chord_sa. tolerance = 1, sa_iterations = 1000, initial_temperature = 3.0, cooling_rate = 0.999
26 - INFO - chord#: 22 done. best_score=64.0, changed=609, unchanged=265, early_stops=8/8
26 - INFO - chord#: 24 In build_straw_man_chord_sa. tolerance = 1, sa_iterations = 1000, initial_temperature = 3.0, cooling_rate = 0.999
26 - INFO - chord#: 18 done. best_score=70.0, changed=611, unchanged=305, early_stops=8/8
26 - INFO - chord#: 20 In build_straw_man_chord_sa. tolerance = 1, sa_iterations = 1000, initial_temperature = 3.0, cooling_rate = 0.999
26 - INFO - chord#: 20 done. best_score=27.0, changed=520, unchanged=401, early_stops=8/8
26 - INFO - chord#: 22 In build_straw_man_chord_sa. tolerance = 1, sa_iterations = 1000, initial_temperature = 3.0, cooling_rate = 0.999
26 - INFO - chord#: 20 done. best_score=27.0, changed=526, unchanged=320, early_stops=8/8
26 - INFO - chord#: 22 In build_straw_man_chord_sa. tolerance = 1, sa_iterations = 1000, initial_temperature = 3.0, cooling_rate = 0.999
26 - INFO - chord#: 22 done. best_score=146.0, changed=608, unchanged=216, early_stops=8/8
26 - INFO - chord#: 24 In build_straw_man_chord_sa. tolerance = 1, sa_iterations = 1000, initial_temperature = 3.0, cooling_rate = 0.999
26 - INFO - chord#: 22 done. best_score=140.0, changed=611, unchanged=314, early_stops=8/8
26 - INFO - chord#: 24 In build_straw_man_chord_sa. tolerance = 1, sa_iterations = 1000, initial_temperature = 3.0, cooling_rate = 0.999
26 - INFO - chord#: 20 done. best_score=27.0, changed=533, unchanged=479, early_stops=8/8
26 - INFO - chord#: 22 In build_straw_man_chord_sa. tolerance = 1, sa_iterations = 1000, initial_temperature = 3.0, cooling_rate = 0.999
26 - INFO - chord#: 24 done. best_score=27.0, changed=518, unchanged=356, early_stops=8/8
26 - INFO - chord#: 28 In build_straw_man_chord_sa. tolerance = 1, sa_iterations = 1000, initial_temperature = 3.0, cooling_rate = 0.999
26 - INFO - chord#: 24 done. best_score=27.0, changed=532, unchanged=454, early_stops=8/8
26 - INFO - chord#: 28 In build_straw_man_chord_sa. tolerance = 1, sa_iterations = 1000, initial_temperature = 3.0, cooling_rate = 0.999
26 - INFO - chord#: 20 done. best_score=27.0, changed=536, unchanged=550, early_stops=8/8
26 - INFO - chord#: 22 In build_straw_man_chord_sa. tolerance = 1, sa_iterations = 1000, initial_temperature = 3.0, cooling_rate = 0.999
26 - INFO - chord#: 20 done. best_score=27.0, changed=532, unchanged=378, early_stops=8/8
26 - INFO - chord#: 22 In build_straw_man_chord_sa. tolerance = 1, sa_iterations = 1000, initial_temperature = 3.0, cooling_rate = 0.999
26 - INFO - chord#: 22 done. best_score=64.0, changed=612, unchanged=465, early_stops=8/8
26 - INFO - chord#: 24 In build_straw_man_chord_sa. tolerance = 1, sa_iterations = 1000, initial_temperature = 3.0, cooling_rate = 0.999
26 - INFO - chord#: 18 done. best_score=104.0, changed=614, unchanged=358, early_stops=8/8
26 - INFO - chord#: 20 In build_straw_man_chord_sa. tolerance = 1, sa_iterations = 1000, initial_temperature = 3.0, cooling_rate = 0.999
26 - INFO - chord#: 24 done. best_score=27.0, changed=517, unchanged=391, early_stops=8/8
26 - INFO - chord#: 28 In build_straw_man_chord_sa. tolerance = 1, sa_iterations = 1000, initial_temperature = 3.0, cooling_rate = 0.999
26 - INFO - chord#: 18 done. best_score=108.0, changed=615, unchanged=423, early_stops=8/8
26 - INFO - chord#: 20 In build_straw_man_chord_sa. tolerance = 1, sa_iterations = 1000, initial_temperature = 3.0, cooling_rate = 0.999
26 - INFO - chord#: 24 done. best_score=27.0, changed=523, unchanged=433, early_stops=8/8
26 - INFO - chord#: 28 In build_straw_man_chord_sa. tolerance = 1, sa_iterations = 1000, initial_temperature = 3.0, cooling_rate = 0.999
26 - INFO - chord#: 22 done. best_score=64.0, changed=612, unchanged=270, early_stops=8/8
26 - INFO - chord#: 24 In build_straw_man_chord_sa. tolerance = 1, sa_iterations = 1000, initial_temperature = 3.0, cooling_rate = 0.999
26 - INFO - chord#: 20 done. best_score=27.0, changed=517, unchanged=325, early_stops=8/8
26 - INFO - chord#: 22 In build_straw_man_chord_sa. tolerance = 1, sa_iterations = 1000, initial_temperature = 3.0, cooling_rate = 0.999
26 - INFO - chord#: 24 done. best_score=27.0, changed=526, unchanged=440, early_stops=8/8
26 - INFO - chord#: 28 In build_straw_man_chord_sa. tolerance = 1, sa_iterations = 1000, initial_temperature = 3.0, cooling_rate = 0.999
26 - INFO - chord#: 28 done. best_score=64.0, changed=611, unchanged=288, early_stops=8/8
26 - INFO - chord#: 30 In build_straw_man_chord_sa. tolerance = 1, sa_iterations = 1000, initial_temperature = 3.0, cooling_rate = 0.999
26 - INFO - chord#: 22 done. best_score=64.0, changed=611, unchanged=321, early_stops=8/8
26 - INFO - chord#: 24 In build_straw_man_chord_sa. tolerance = 1, sa_iterations = 1000, initial_temperature = 3.0, cooling_rate = 0.999
26 - INFO - chord#: 20 done. best_score=27.0, changed=533, unchanged=354, early_stops=8/8
26 - INFO - chord#: 22 In build_straw_man_chord_sa. tolerance = 1, sa_iterations = 1000, initial_temperature = 3.0, cooling_rate = 0.999
26 - INFO - chord#: 22 done. best_score=125.0, changed=610, unchanged=309, early_stops=8/8
26 - INFO - chord#: 24 In build_straw_man_chord_sa. tolerance = 1, sa_iterations = 1000, initial_temperature = 3.0, cooling_rate = 0.999
26 - INFO - chord#: 24 done. best_score=27.0, changed=526, unchanged=398, early_stops=8/8
26 - INFO - chord#: 28 In build_straw_man_chord_sa. tolerance = 1, sa_iterations = 1000, initial_temperature = 3.0, cooling_rate = 0.999
26 - INFO - chord#: 28 done. best_score=71.0, changed=614, unchanged=402, early_stops=8/8
26 - INFO - chord#: 30 In build_straw_man_chord_sa. tolerance = 1, sa_iterations = 1000, initial_temperature = 3.0, cooling_rate = 0.999
26 - INFO - chord#: 22 done. best_score=146.0, changed=613, unchanged=365, early_stops=8/8
26 - INFO - chord#: 24 In build_straw_man_chord_sa. tolerance = 1, sa_iterations = 1000, initial_temperature = 3.0, cooling_rate = 0.999
26 - INFO - chord#: 28 done. best_score=146.0, changed=610, unchanged=256, early_stops=8/8
26 - INFO - chord#: 30 In build_straw_man_chord_sa. tolerance = 1, sa_iterations = 1000, initial_temperature = 3.0, cooling_rate = 0.999
26 - INFO - chord#: 22 done. best_score=64.0, changed=611, unchanged=255, early_stops=8/8
26 - INFO - chord#: 24 In build_straw_man_chord_sa. tolerance = 1, sa_iterations = 1000, initial_temperature = 3.0, cooling_rate = 0.999
26 - INFO - chord#: 24 done. best_score=27.0, changed=517, unchanged=380, early_stops=8/8
26 - INFO - chord#: 28 In build_straw_man_chord_sa. tolerance = 1, sa_iterations = 1000, initial_temperature = 3.0, cooling_rate = 0.999
26 - INFO - chord#: 30 done. best_score=36.0, changed=518, unchanged=433, early_stops=8/8
26 - INFO - chord#: 32 In build_straw_man_chord_sa. tolerance = 1, sa_iterations = 1000, initial_temperature = 3.0, cooling_rate = 0.999
26 - INFO - chord#: 30 done. best_score=36.0, changed=516, unchanged=403, early_stops=8/8
26 - INFO - chord#: 32 In build_straw_man_chord_sa. tolerance = 1, sa_iterations = 1000, initial_temperature = 3.0, cooling_rate = 0.999
26 - INFO - chord#: 30 done. best_score=36.0, changed=520, unchanged=324, early_stops=8/8
26 - INFO - chord#: 32 In build_straw_man_chord_sa. tolerance = 1, sa_iterations = 1000, initial_temperature = 3.0, cooling_rate = 0.999
26 - INFO - chord#: 24 done. best_score=27.0, changed=523, unchanged=436, early_stops=8/8
26 - INFO - chord#: 28 In build_straw_man_chord_sa. tolerance = 1, sa_iterations = 1000, initial_temperature = 3.0, cooling_rate = 0.999
26 - INFO - chord#: 24 done. best_score=27.0, changed=517, unchanged=475, early_stops=8/8
26 - INFO - chord#: 28 In build_straw_man_chord_sa. tolerance = 1, sa_iterations = 1000, initial_temperature = 3.0, cooling_rate = 0.999
26 - INFO - chord#: 32 done. best_score=35.0, changed=515, unchanged=360, early_stops=8/8
26 - INFO - chord#: 34 In build_straw_man_chord_sa. tolerance = 1, sa_iterations = 1000, initial_temperature = 3.0, cooling_rate = 0.999
26 - INFO - chord#: 24 done. best_score=27.0, changed=515, unchanged=401, early_stops=8/8
26 - INFO - chord#: 28 In build_straw_man_chord_sa. tolerance = 1, sa_iterations = 1000, initial_temperature = 3.0, cooling_rate = 0.999
26 - INFO - chord#: 28 done. best_score=64.0, changed=617, unchanged=442, early_stops=8/8
26 - INFO - chord#: 30 In build_straw_man_chord_sa. tolerance = 1, sa_iterations = 1000, initial_temperature = 3.0, cooling_rate = 0.999
26 - INFO - chord#: 28 done. best_score=64.0, changed=608, unchanged=283, early_stops=8/8
26 - INFO - chord#: 30 In build_straw_man_chord_sa. tolerance = 1, sa_iterations = 1000, initial_temperature = 3.0, cooling_rate = 0.999
26 - INFO - chord#: 32 done. best_score=37.0, changed=534, unchanged=385, early_stops=8/8
26 - INFO - chord#: 34 In build_straw_man_chord_sa. tolerance = 1, sa_iterations = 1000, initial_temperature = 3.0, cooling_rate = 0.999
26 - INFO - chord#: 32 done. best_score=37.0, changed=520, unchanged=378, early_stops=8/8
26 - INFO - chord#: 34 In build_straw_man_chord_sa. tolerance = 1, sa_iterations = 1000, initial_temperature = 3.0, cooling_rate = 0.999
26 - INFO - chord#: 22 done. best_score=140.0, changed=607, unchanged=243, early_stops=8/8
26 - INFO - chord#: 24 In build_straw_man_chord_sa. tolerance = 1, sa_iterations = 1000, initial_temperature = 3.0, cooling_rate = 0.999
26 - INFO - chord#: 28 done. best_score=155.0, changed=612, unchanged=373, early_stops=8/8
26 - INFO - chord#: 30 In build_straw_man_chord_sa. tolerance = 1, sa_iterations = 1000, initial_temperature = 3.0, cooling_rate = 0.999
26 - INFO - chord#: 34 done. best_score=36.0, changed=522, unchanged=302, early_stops=8/8
26 - INFO - chord#: 36 In build_straw_man_chord_sa. tolerance = 1, sa_iterations = 1000, initial_temperature = 3.0, cooling_rate = 0.999
26 - INFO - chord#: 22 done. best_score=64.0, changed=616, unchanged=480, early_stops=8/8
26 - INFO - chord#: 24 In build_straw_man_chord_sa. tolerance = 1, sa_iterations = 1000, initial_temperature = 3.0, cooling_rate = 0.999
26 - INFO - chord#: 28 done. best_score=64.0, changed=618, unchanged=329, early_stops=8/8
26 - INFO - chord#: 30 In build_straw_man_chord_sa. tolerance = 1, sa_iterations = 1000, initial_temperature = 3.0, cooling_rate = 0.999
26 - INFO - chord#: 34 done. best_score=27.0, changed=518, unchanged=362, early_stops=8/8
26 - INFO - chord#: 36 In build_straw_man_chord_sa. tolerance = 1, sa_iterations = 1000, initial_temperature = 3.0, cooling_rate = 0.999
26 - INFO - chord#: 34 done. best_score=27.0, changed=530, unchanged=529, early_stops=8/8
26 - INFO - chord#: 36 In build_straw_man_chord_sa. tolerance = 1, sa_iterations = 1000, initial_temperature = 3.0, cooling_rate = 0.999
26 - INFO - chord#: 30 done. best_score=36.0, changed=513, unchanged=319, early_stops=8/8
26 - INFO - chord#: 32 In build_straw_man_chord_sa. tolerance = 1, sa_iterations = 1000, initial_temperature = 3.0, cooling_rate = 0.999
26 - INFO - chord#: 30 done. best_score=36.0, changed=528, unchanged=391, early_stops=8/8
26 - INFO - chord#: 32 In build_straw_man_chord_sa. tolerance = 1, sa_iterations = 1000, initial_temperature = 3.0, cooling_rate = 0.999
26 - INFO - chord#: 30 done. best_score=36.0, changed=521, unchanged=368, early_stops=8/8
26 - INFO - chord#: 32 In build_straw_man_chord_sa. tolerance = 1, sa_iterations = 1000, initial_temperature = 3.0, cooling_rate = 0.999
26 - INFO - chord#: 28 done. best_score=146.0, changed=610, unchanged=334, early_stops=8/8
26 - INFO - chord#: 30 In build_straw_man_chord_sa. tolerance = 1, sa_iterations = 1000, initial_temperature = 3.0, cooling_rate = 0.999
26 - INFO - chord#: 24 done. best_score=27.0, changed=519, unchanged=346, early_stops=8/8
26 - INFO - chord#: 28 In build_straw_man_chord_sa. tolerance = 1, sa_iterations = 1000, initial_temperature = 3.0, cooling_rate = 0.999
26 - INFO - chord#: 30 done. best_score=36.0, changed=532, unchanged=423, early_stops=8/8
26 - INFO - chord#: 32 In build_straw_man_chord_sa. tolerance = 1, sa_iterations = 1000, initial_temperature = 3.0, cooling_rate = 0.999
26 - INFO - chord#: 24 done. best_score=27.0, changed=521, unchanged=396, early_stops=8/8
26 - INFO - chord#: 28 In build_straw_man_chord_sa. tolerance = 1, sa_iterations = 1000, initial_temperature = 3.0, cooling_rate = 0.999
26 - INFO - chord#: 32 done. best_score=37.0, changed=514, unchanged=306, early_stops=8/8
26 - INFO - chord#: 34 In build_straw_man_chord_sa. tolerance = 1, sa_iterations = 1000, initial_temperature = 3.0, cooling_rate = 0.999
26 - INFO - chord#: 28 done. best_score=64.0, changed=616, unchanged=369, early_stops=8/8
26 - INFO - chord#: 30 In build_straw_man_chord_sa. tolerance = 1, sa_iterations = 1000, initial_temperature = 3.0, cooling_rate = 0.999
26 - INFO - chord#: 30 done. best_score=36.0, changed=518, unchanged=388, early_stops=8/8
26 - INFO - chord#: 32 In build_straw_man_chord_sa. tolerance = 1, sa_iterations = 1000, initial_temperature = 3.0, cooling_rate = 0.999
26 - INFO - chord#: 32 done. best_score=37.0, changed=521, unchanged=407, early_stops=8/8
26 - INFO - chord#: 34 In build_straw_man_chord_sa. tolerance = 1, sa_iterations = 1000, initial_temperature = 3.0, cooling_rate = 0.999
26 - INFO - chord#: 36 done. best_score=71.0, changed=607, unchanged=261, early_stops=8/8
26 - INFO - chord#: 38 In build_straw_man_chord_sa. tolerance = 1, sa_iterations = 1000, initial_temperature = 3.0, cooling_rate = 0.999
26 - INFO - chord#: 32 done. best_score=35.0, changed=527, unchanged=486, early_stops=8/8
26 - INFO - chord#: 34 In build_straw_man_chord_sa. tolerance = 1, sa_iterations = 1000, initial_temperature = 3.0, cooling_rate = 0.999
26 - INFO - chord#: 28 done. best_score=71.0, changed=616, unchanged=357, early_stops=8/8
26 - INFO - chord#: 30 In build_straw_man_chord_sa. tolerance = 1, sa_iterations = 1000, initial_temperature = 3.0, cooling_rate = 0.999
26 - INFO - chord#: 32 done. best_score=35.0, changed=528, unchanged=448, early_stops=8/8
26 - INFO - chord#: 34 In build_straw_man_chord_sa. tolerance = 1, sa_iterations = 1000, initial_temperature = 3.0, cooling_rate = 0.999
26 - INFO - chord#: 34 done. best_score=27.0, changed=520, unchanged=386, early_stops=8/8
26 - INFO - chord#: 36 In build_straw_man_chord_sa. tolerance = 1, sa_iterations = 1000, initial_temperature = 3.0, cooling_rate = 0.999
26 - INFO - chord#: 36 done. best_score=157.0, changed=614, unchanged=293, early_stops=8/8
26 - INFO - chord#: 38 In build_straw_man_chord_sa. tolerance = 1, sa_iterations = 1000, initial_temperature = 3.0, cooling_rate = 0.999
26 - INFO - chord#: 32 done. best_score=37.0, changed=514, unchanged=337, early_stops=8/8
26 - INFO - chord#: 34 In build_straw_man_chord_sa. tolerance = 1, sa_iterations = 1000, initial_temperature = 3.0, cooling_rate = 0.999
26 - INFO - chord#: 30 done. best_score=36.0, changed=518, unchanged=385, early_stops=8/8
26 - INFO - chord#: 32 In build_straw_man_chord_sa. tolerance = 1, sa_iterations = 1000, initial_temperature = 3.0, cooling_rate = 0.999
26 - INFO - chord#: 38 done. best_score=36.0, changed=532, unchanged=466, early_stops=8/8
26 - INFO - chord#: 39 In build_straw_man_chord_sa. tolerance = 1, sa_iterations = 1000, initial_temperature = 3.0, cooling_rate = 0.999
26 - INFO - chord#: 34 done. best_score=27.0, changed=525, unchanged=374, early_stops=8/8
26 - INFO - chord#: 36 In build_straw_man_chord_sa. tolerance = 1, sa_iterations = 1000, initial_temperature = 3.0, cooling_rate = 0.999
26 - INFO - chord#: 30 done. best_score=36.0, changed=530, unchanged=364, early_stops=8/8
26 - INFO - chord#: 32 In build_straw_man_chord_sa. tolerance = 1, sa_iterations = 1000, initial_temperature = 3.0, cooling_rate = 0.999
26 - INFO - chord#: 34 done. best_score=27.0, changed=526, unchanged=364, early_stops=8/8
26 - INFO - chord#: 36 In build_straw_man_chord_sa. tolerance = 1, sa_iterations = 1000, initial_temperature = 3.0, cooling_rate = 0.999
26 - INFO - chord#: 34 done. best_score=36.0, changed=521, unchanged=305, early_stops=8/8
26 - INFO - chord#: 36 In build_straw_man_chord_sa. tolerance = 1, sa_iterations = 1000, initial_temperature = 3.0, cooling_rate = 0.999
26 - INFO - chord#: 36 done. best_score=64.0, changed=617, unchanged=520, early_stops=8/8
26 - INFO - chord#: 38 In build_straw_man_chord_sa. tolerance = 1, sa_iterations = 1000, initial_temperature = 3.0, cooling_rate = 0.999
26 - INFO - chord#: 28 done. best_score=64.0, changed=610, unchanged=258, early_stops=8/8
26 - INFO - chord#: 30 In build_straw_man_chord_sa. tolerance = 1, sa_iterations = 1000, initial_temperature = 3.0, cooling_rate = 0.999
26 - INFO - chord#: 38 done. best_score=36.0, changed=525, unchanged=352, early_stops=8/8
26 - INFO - chord#: 39 In build_straw_man_chord_sa. tolerance = 1, sa_iterations = 1000, initial_temperature = 3.0, cooling_rate = 0.999
26 - INFO - chord#: 34 done. best_score=27.0, changed=517, unchanged=392, early_stops=8/8
26 - INFO - chord#: 36 In build_straw_man_chord_sa. tolerance = 1, sa_iterations = 1000, initial_temperature = 3.0, cooling_rate = 0.999
26 - INFO - chord#: 28 done. best_score=71.0, changed=606, unchanged=269, early_stops=8/8
26 - INFO - chord#: 30 In build_straw_man_chord_sa. tolerance = 1, sa_iterations = 1000, initial_temperature = 3.0, cooling_rate = 0.999
26 - INFO - chord#: 39 done. best_score=36.0, changed=517, unchanged=384, early_stops=8/8
26 - INFO - chord#: 40 In build_straw_man_chord_sa. tolerance = 1, sa_iterations = 1000, initial_temperature = 3.0, cooling_rate = 0.999
26 - INFO - chord#: 32 done. best_score=37.0, changed=525, unchanged=328, early_stops=8/8
26 - INFO - chord#: 34 In build_straw_man_chord_sa. tolerance = 1, sa_iterations = 1000, initial_temperature = 3.0, cooling_rate = 0.999
26 - INFO - chord#: 32 done. best_score=35.0, changed=524, unchanged=495, early_stops=8/8
26 - INFO - chord#: 34 In build_straw_man_chord_sa. tolerance = 1, sa_iterations = 1000, initial_temperature = 3.0, cooling_rate = 0.999
26 - INFO - chord#: 39 done. best_score=36.0, changed=515, unchanged=338, early_stops=8/8
26 - INFO - chord#: 40 In build_straw_man_chord_sa. tolerance = 1, sa_iterations = 1000, initial_temperature = 3.0, cooling_rate = 0.999
26 - INFO - chord#: 38 done. best_score=36.0, changed=524, unchanged=390, early_stops=8/8
26 - INFO - chord#: 39 In build_straw_man_chord_sa. tolerance = 1, sa_iterations = 1000, initial_temperature = 3.0, cooling_rate = 0.999
26 - INFO - chord#: 30 done. best_score=36.0, changed=522, unchanged=406, early_stops=8/8
26 - INFO - chord#: 32 In build_straw_man_chord_sa. tolerance = 1, sa_iterations = 1000, initial_temperature = 3.0, cooling_rate = 0.999
26 - INFO - chord#: 36 done. best_score=125.0, changed=613, unchanged=324, early_stops=8/8
26 - INFO - chord#: 38 In build_straw_man_chord_sa. tolerance = 1, sa_iterations = 1000, initial_temperature = 3.0, cooling_rate = 0.999
26 - INFO - chord#: 40 done. best_score=27.0, changed=528, unchanged=406, early_stops=8/8
26 - INFO - chord#: 42 In build_straw_man_chord_sa. tolerance = 1, sa_iterations = 1000, initial_temperature = 3.0, cooling_rate = 0.999
26 - INFO - chord#: 30 done. best_score=36.0, changed=519, unchanged=333, early_stops=8/8
26 - INFO - chord#: 32 In build_straw_man_chord_sa. tolerance = 1, sa_iterations = 1000, initial_temperature = 3.0, cooling_rate = 0.999
26 - INFO - chord#: 36 done. best_score=146.0, changed=608, unchanged=284, early_stops=8/8
26 - INFO - chord#: 38 In build_straw_man_chord_sa. tolerance = 1, sa_iterations = 1000, initial_temperature = 3.0, cooling_rate = 0.999
26 - INFO - chord#: 40 done. best_score=27.0, changed=515, unchanged=491, early_stops=8/8
26 - INFO - chord#: 42 In build_straw_man_chord_sa. tolerance = 1, sa_iterations = 1000, initial_temperature = 3.0, cooling_rate = 0.999
26 - INFO - chord#: 34 done. best_score=27.0, changed=519, unchanged=350, early_stops=8/8
26 - INFO - chord#: 36 In build_straw_man_chord_sa. tolerance = 1, sa_iterations = 1000, initial_temperature = 3.0, cooling_rate = 0.999
26 - INFO - chord#: 34 done. best_score=36.0, changed=516, unchanged=364, early_stops=8/8
26 - INFO - chord#: 36 In build_straw_man_chord_sa. tolerance = 1, sa_iterations = 1000, initial_temperature = 3.0, cooling_rate = 0.999
26 - INFO - chord#: 39 done. best_score=27.0, changed=522, unchanged=449, early_stops=8/8
26 - INFO - chord#: 40 In build_straw_man_chord_sa. tolerance = 1, sa_iterations = 1000, initial_temperature = 3.0, cooling_rate = 0.999
26 - INFO - chord#: 38 done. best_score=36.0, changed=522, unchanged=391, early_stops=8/8
26 - INFO - chord#: 39 In build_straw_man_chord_sa. tolerance = 1, sa_iterations = 1000, initial_temperature = 3.0, cooling_rate = 0.999
26 - INFO - chord#: 32 done. best_score=35.0, changed=522, unchanged=378, early_stops=8/8
26 - INFO - chord#: 34 In build_straw_man_chord_sa. tolerance = 1, sa_iterations = 1000, initial_temperature = 3.0, cooling_rate = 0.999
26 - INFO - chord#: 36 done. best_score=64.0, changed=609, unchanged=327, early_stops=8/8
26 - INFO - chord#: 38 In build_straw_man_chord_sa. tolerance = 1, sa_iterations = 1000, initial_temperature = 3.0, cooling_rate = 0.999
26 - INFO - chord#: 32 done. best_score=37.0, changed=523, unchanged=351, early_stops=8/8
26 - INFO - chord#: 34 In build_straw_man_chord_sa. tolerance = 1, sa_iterations = 1000, initial_temperature = 3.0, cooling_rate = 0.999
26 - INFO - chord#: 36 done. best_score=64.0, changed=612, unchanged=306, early_stops=8/8
26 - INFO - chord#: 38 In build_straw_man_chord_sa. tolerance = 1, sa_iterations = 1000, initial_temperature = 3.0, cooling_rate = 0.999
26 - INFO - chord#: 36 done. best_score=125.0, changed=612, unchanged=394, early_stops=8/8
26 - INFO - chord#: 38 In build_straw_man_chord_sa. tolerance = 1, sa_iterations = 1000, initial_temperature = 3.0, cooling_rate = 0.999
26 - INFO - chord#: 38 done. best_score=36.0, changed=525, unchanged=412, early_stops=8/8
26 - INFO - chord#: 39 In build_straw_man_chord_sa. tolerance = 1, sa_iterations = 1000, initial_temperature = 3.0, cooling_rate = 0.999
26 - INFO - chord#: 40 done. best_score=27.0, changed=520, unchanged=424, early_stops=8/8
26 - INFO - chord#: 42 In build_straw_man_chord_sa. tolerance = 1, sa_iterations = 1000, initial_temperature = 3.0, cooling_rate = 0.999
26 - INFO - chord#: 39 done. best_score=27.0, changed=522, unchanged=326, early_stops=8/8
26 - INFO - chord#: 40 In build_straw_man_chord_sa. tolerance = 1, sa_iterations = 1000, initial_temperature = 3.0, cooling_rate = 0.999
26 - INFO - chord#: 38 done. best_score=36.0, changed=517, unchanged=361, early_stops=8/8
26 - INFO - chord#: 39 In build_straw_man_chord_sa. tolerance = 1, sa_iterations = 1000, initial_temperature = 3.0, cooling_rate = 0.999
26 - INFO - chord#: 34 done. best_score=36.0, changed=527, unchanged=367, early_stops=8/8
26 - INFO - chord#: 36 In build_straw_man_chord_sa. tolerance = 1, sa_iterations = 1000, initial_temperature = 3.0, cooling_rate = 0.999
26 - INFO - chord#: 34 done. best_score=27.0, changed=528, unchanged=338, early_stops=8/8
26 - INFO - chord#: 36 In build_straw_man_chord_sa. tolerance = 1, sa_iterations = 1000, initial_temperature = 3.0, cooling_rate = 0.999
26 - INFO - chord#: 38 done. best_score=36.0, changed=523, unchanged=418, early_stops=8/8
26 - INFO - chord#: 39 In build_straw_man_chord_sa. tolerance = 1, sa_iterations = 1000, initial_temperature = 3.0, cooling_rate = 0.999
26 - INFO - chord#: 42 done. best_score=145.0, changed=608, unchanged=230, early_stops=8/8
26 - INFO - chord#: 44 In build_straw_man_chord_sa. tolerance = 1, sa_iterations = 1000, initial_temperature = 3.0, cooling_rate = 0.999
26 - INFO - chord#: 42 done. best_score=137.0, changed=612, unchanged=364, early_stops=8/8
26 - INFO - chord#: 44 In build_straw_man_chord_sa. tolerance = 1, sa_iterations = 1000, initial_temperature = 3.0, cooling_rate = 0.999
26 - INFO - chord#: 39 done. best_score=27.0, changed=523, unchanged=425, early_stops=8/8
26 - INFO - chord#: 40 In build_straw_man_chord_sa. tolerance = 1, sa_iterations = 1000, initial_temperature = 3.0, cooling_rate = 0.999
26 - INFO - chord#: 38 done. best_score=36.0, changed=523, unchanged=393, early_stops=8/8
26 - INFO - chord#: 39 In build_straw_man_chord_sa. tolerance = 1, sa_iterations = 1000, initial_temperature = 3.0, cooling_rate = 0.999
26 - INFO - chord#: 40 done. best_score=27.0, changed=526, unchanged=465, early_stops=8/8
26 - INFO - chord#: 42 In build_straw_man_chord_sa. tolerance = 1, sa_iterations = 1000, initial_temperature = 3.0, cooling_rate = 0.999
26 - INFO - chord#: 39 done. best_score=27.0, changed=516, unchanged=394, early_stops=8/8
26 - INFO - chord#: 40 In build_straw_man_chord_sa. tolerance = 1, sa_iterations = 1000, initial_temperature = 3.0, cooling_rate = 0.999
26 - INFO - chord#: 36 done. best_score=140.0, changed=609, unchanged=294, early_stops=8/8
26 - INFO - chord#: 38 In build_straw_man_chord_sa. tolerance = 1, sa_iterations = 1000, initial_temperature = 3.0, cooling_rate = 0.999
26 - INFO - chord#: 36 done. best_score=157.0, changed=611, unchanged=327, early_stops=8/8
26 - INFO - chord#: 38 In build_straw_man_chord_sa. tolerance = 1, sa_iterations = 1000, initial_temperature = 3.0, cooling_rate = 0.999
26 - INFO - chord#: 44 done. best_score=27.0, changed=529, unchanged=459, early_stops=8/8
26 - INFO - chord#: 48 In build_straw_man_chord_sa. tolerance = 1, sa_iterations = 1000, initial_temperature = 3.0, cooling_rate = 0.999
26 - INFO - chord#: 44 done. best_score=27.0, changed=533, unchanged=459, early_stops=8/8
26 - INFO - chord#: 48 In build_straw_man_chord_sa. tolerance = 1, sa_iterations = 1000, initial_temperature = 3.0, cooling_rate = 0.999
26 - INFO - chord#: 40 done. best_score=27.0, changed=513, unchanged=383, early_stops=8/8
26 - INFO - chord#: 42 In build_straw_man_chord_sa. tolerance = 1, sa_iterations = 1000, initial_temperature = 3.0, cooling_rate = 0.999
26 - INFO - chord#: 48 done. best_score=9.0, changed=490, unchanged=323, early_stops=8/8
26 - INFO - chord#: 50 In build_straw_man_chord_sa. tolerance = 1, sa_iterations = 1000, initial_temperature = 3.0, cooling_rate = 0.999
26 - INFO - chord#: 48 done. best_score=9.0, changed=488, unchanged=358, early_stops=8/8
26 - INFO - chord#: 50 In build_straw_man_chord_sa. tolerance = 1, sa_iterations = 1000, initial_temperature = 3.0, cooling_rate = 0.999
26 - INFO - chord#: 39 done. best_score=27.0, changed=514, unchanged=441, early_stops=8/8
26 - INFO - chord#: 40 In build_straw_man_chord_sa. tolerance = 1, sa_iterations = 1000, initial_temperature = 3.0, cooling_rate = 0.999
26 - INFO - chord#: 39 done. best_score=27.0, changed=523, unchanged=373, early_stops=8/8
26 - INFO - chord#: 40 In build_straw_man_chord_sa. tolerance = 1, sa_iterations = 1000, initial_temperature = 3.0, cooling_rate = 0.999
26 - INFO - chord#: 42 done. best_score=67.0, changed=607, unchanged=370, early_stops=8/8
26 - INFO - chord#: 44 In build_straw_man_chord_sa. tolerance = 1, sa_iterations = 1000, initial_temperature = 3.0, cooling_rate = 0.999
26 - INFO - chord#: 40 done. best_score=27.0, changed=531, unchanged=554, early_stops=8/8
26 - INFO - chord#: 42 In build_straw_man_chord_sa. tolerance = 1, sa_iterations = 1000, initial_temperature = 3.0, cooling_rate = 0.999
26 - INFO - chord#: 38 done. best_score=36.0, changed=526, unchanged=388, early_stops=8/8
26 - INFO - chord#: 39 In build_straw_man_chord_sa. tolerance = 1, sa_iterations = 1000, initial_temperature = 3.0, cooling_rate = 0.999
26 - INFO - chord#: 38 done. best_score=36.0, changed=515, unchanged=419, early_stops=8/8
26 - INFO - chord#: 39 In build_straw_man_chord_sa. tolerance = 1, sa_iterations = 1000, initial_temperature = 3.0, cooling_rate = 0.999
26 - INFO - chord#: 50 done. best_score=35.0, changed=526, unchanged=396, early_stops=8/8
26 - INFO - chord#: 52 In build_straw_man_chord_sa. tolerance = 1, sa_iterations = 1000, initial_temperature = 3.0, cooling_rate = 0.999
26 - INFO - chord#: 36 done. best_score=146.0, changed=607, unchanged=256, early_stops=8/8
26 - INFO - chord#: 38 In build_straw_man_chord_sa. tolerance = 1, sa_iterations = 1000, initial_temperature = 3.0, cooling_rate = 0.999
26 - INFO - chord#: 50 done. best_score=35.0, changed=521, unchanged=402, early_stops=8/8
26 - INFO - chord#: 52 In build_straw_man_chord_sa. tolerance = 1, sa_iterations = 1000, initial_temperature = 3.0, cooling_rate = 0.999
26 - INFO - chord#: 42 done. best_score=195.0, changed=612, unchanged=246, early_stops=8/8
26 - INFO - chord#: 44 In build_straw_man_chord_sa. tolerance = 1, sa_iterations = 1000, initial_temperature = 3.0, cooling_rate = 0.999
26 - INFO - chord#: 40 done. best_score=27.0, changed=516, unchanged=357, early_stops=8/8
26 - INFO - chord#: 42 In build_straw_man_chord_sa. tolerance = 1, sa_iterations = 1000, initial_temperature = 3.0, cooling_rate = 0.999
26 - INFO - chord#: 44 done. best_score=27.0, changed=524, unchanged=453, early_stops=8/8
26 - INFO - chord#: 48 In build_straw_man_chord_sa. tolerance = 1, sa_iterations = 1000, initial_temperature = 3.0, cooling_rate = 0.999
26 - INFO - chord#: 48 done. best_score=9.0, changed=477, unchanged=352, early_stops=8/8
26 - INFO - chord#: 50 In build_straw_man_chord_sa. tolerance = 1, sa_iterations = 1000, initial_temperature = 3.0, cooling_rate = 0.999
26 - INFO - chord#: 40 done. best_score=27.0, changed=522, unchanged=413, early_stops=8/8
26 - INFO - chord#: 42 In build_straw_man_chord_sa. tolerance = 1, sa_iterations = 1000, initial_temperature = 3.0, cooling_rate = 0.999
26 - INFO - chord#: 36 done. best_score=64.0, changed=616, unchanged=417, early_stops=8/8
26 - INFO - chord#: 38 In build_straw_man_chord_sa. tolerance = 1, sa_iterations = 1000, initial_temperature = 3.0, cooling_rate = 0.999
26 - INFO - chord#: 52 done. best_score=27.0, changed=524, unchanged=490, early_stops=8/8
26 - INFO - chord#: 54 In build_straw_man_chord_sa. tolerance = 1, sa_iterations = 1000, initial_temperature = 3.0, cooling_rate = 0.999
26 - INFO - chord#: 52 done. best_score=27.0, changed=533, unchanged=401, early_stops=8/8
26 - INFO - chord#: 54 In build_straw_man_chord_sa. tolerance = 1, sa_iterations = 1000, initial_temperature = 3.0, cooling_rate = 0.999
26 - INFO - chord#: 39 done. best_score=27.0, changed=519, unchanged=372, early_stops=8/8
26 - INFO - chord#: 40 In build_straw_man_chord_sa. tolerance = 1, sa_iterations = 1000, initial_temperature = 3.0, cooling_rate = 0.999
26 - INFO - chord#: 44 done. best_score=27.0, changed=519, unchanged=313, early_stops=8/8
26 - INFO - chord#: 48 In build_straw_man_chord_sa. tolerance = 1, sa_iterations = 1000, initial_temperature = 3.0, cooling_rate = 0.999
26 - INFO - chord#: 38 done. best_score=36.0, changed=524, unchanged=389, early_stops=8/8
26 - INFO - chord#: 39 In build_straw_man_chord_sa. tolerance = 1, sa_iterations = 1000, initial_temperature = 3.0, cooling_rate = 0.999
26 - INFO - chord#: 42 done. best_score=67.0, changed=610, unchanged=311, early_stops=8/8
26 - INFO - chord#: 44 In build_straw_man_chord_sa. tolerance = 1, sa_iterations = 1000, initial_temperature = 3.0, cooling_rate = 0.999
26 - INFO - chord#: 39 done. best_score=27.0, changed=523, unchanged=465, early_stops=8/8
26 - INFO - chord#: 40 In build_straw_man_chord_sa. tolerance = 1, sa_iterations = 1000, initial_temperature = 3.0, cooling_rate = 0.999
26 - INFO - chord#: 48 done. best_score=9.0, changed=475, unchanged=348, early_stops=8/8
26 - INFO - chord#: 50 In build_straw_man_chord_sa. tolerance = 1, sa_iterations = 1000, initial_temperature = 3.0, cooling_rate = 0.999
26 - INFO - chord#: 50 done. best_score=35.0, changed=525, unchanged=491, early_stops=8/8
26 - INFO - chord#: 52 In build_straw_man_chord_sa. tolerance = 1, sa_iterations = 1000, initial_temperature = 3.0, cooling_rate = 0.999
26 - INFO - chord#: 54 done. best_score=27.0, changed=514, unchanged=341, early_stops=8/8
26 - INFO - chord#: 56 In build_straw_man_chord_sa. tolerance = 1, sa_iterations = 1000, initial_temperature = 3.0, cooling_rate = 0.999
26 - INFO - chord#: 44 done. best_score=27.0, changed=520, unchanged=345, early_stops=8/8
26 - INFO - chord#: 48 In build_straw_man_chord_sa. tolerance = 1, sa_iterations = 1000, initial_temperature = 3.0, cooling_rate = 0.999
26 - INFO - chord#: 54 done. best_score=27.0, changed=519, unchanged=491, early_stops=8/8
26 - INFO - chord#: 56 In build_straw_man_chord_sa. tolerance = 1, sa_iterations = 1000, initial_temperature = 3.0, cooling_rate = 0.999
26 - INFO - chord#: 39 done. best_score=36.0, changed=513, unchanged=315, early_stops=8/8
26 - INFO - chord#: 40 In build_straw_man_chord_sa. tolerance = 1, sa_iterations = 1000, initial_temperature = 3.0, cooling_rate = 0.999
26 - INFO - chord#: 48 done. best_score=9.0, changed=471, unchanged=338, early_stops=8/8
26 - INFO - chord#: 50 In build_straw_man_chord_sa. tolerance = 1, sa_iterations = 1000, initial_temperature = 3.0, cooling_rate = 0.999
26 - INFO - chord#: 38 done. best_score=36.0, changed=525, unchanged=484, early_stops=8/8
26 - INFO - chord#: 39 In build_straw_man_chord_sa. tolerance = 1, sa_iterations = 1000, initial_temperature = 3.0, cooling_rate = 0.999
26 - INFO - chord#: 40 done. best_score=27.0, changed=525, unchanged=479, early_stops=8/8
26 - INFO - chord#: 42 In build_straw_man_chord_sa. tolerance = 1, sa_iterations = 1000, initial_temperature = 3.0, cooling_rate = 0.999
26 - INFO - chord#: 50 done. best_score=35.0, changed=517, unchanged=471, early_stops=8/8
26 - INFO - chord#: 52 In build_straw_man_chord_sa. tolerance = 1, sa_iterations = 1000, initial_temperature = 3.0, cooling_rate = 0.999
26 - INFO - chord#: 42 done. best_score=67.0, changed=614, unchanged=508, early_stops=8/8
26 - INFO - chord#: 44 In build_straw_man_chord_sa. tolerance = 1, sa_iterations = 1000, initial_temperature = 3.0, cooling_rate = 0.999
26 - INFO - chord#: 40 done. best_score=36.0, changed=521, unchanged=425, early_stops=8/8
26 - INFO - chord#: 42 In build_straw_man_chord_sa. tolerance = 1, sa_iterations = 1000, initial_temperature = 3.0, cooling_rate = 0.999
26 - INFO - chord#: 52 done. best_score=27.0, changed=518, unchanged=351, early_stops=8/8
26 - INFO - chord#: 54 In build_straw_man_chord_sa. tolerance = 1, sa_iterations = 1000, initial_temperature = 3.0, cooling_rate = 0.999
26 - INFO - chord#: 42 done. best_score=67.0, changed=605, unchanged=259, early_stops=8/8
26 - INFO - chord#: 44 In build_straw_man_chord_sa. tolerance = 1, sa_iterations = 1000, initial_temperature = 3.0, cooling_rate = 0.999
26 - INFO - chord#: 56 done. best_score=27.0, changed=520, unchanged=407, early_stops=8/8
26 - INFO - chord#: 58 In build_straw_man_chord_sa. tolerance = 1, sa_iterations = 1000, initial_temperature = 3.0, cooling_rate = 0.999
26 - INFO - chord#: 50 done. best_score=35.0, changed=519, unchanged=357, early_stops=8/8
26 - INFO - chord#: 52 In build_straw_man_chord_sa. tolerance = 1, sa_iterations = 1000, initial_temperature = 3.0, cooling_rate = 0.999
26 - INFO - chord#: 56 done. best_score=27.0, changed=529, unchanged=568, early_stops=8/8
26 - INFO - chord#: 58 In build_straw_man_chord_sa. tolerance = 1, sa_iterations = 1000, initial_temperature = 3.0, cooling_rate = 0.999
26 - INFO - chord#: 40 done. best_score=27.0, changed=516, unchanged=325, early_stops=8/8
26 - INFO - chord#: 42 In build_straw_man_chord_sa. tolerance = 1, sa_iterations = 1000, initial_temperature = 3.0, cooling_rate = 0.999
26 - INFO - chord#: 52 done. best_score=27.0, changed=527, unchanged=426, early_stops=8/8
26 - INFO - chord#: 54 In build_straw_man_chord_sa. tolerance = 1, sa_iterations = 1000, initial_temperature = 3.0, cooling_rate = 0.999
26 - INFO - chord#: 44 done. best_score=27.0, changed=524, unchanged=379, early_stops=8/8
26 - INFO - chord#: 48 In build_straw_man_chord_sa. tolerance = 1, sa_iterations = 1000, initial_temperature = 3.0, cooling_rate = 0.999
26 - INFO - chord#: 54 done. best_score=27.0, changed=514, unchanged=372, early_stops=8/8
26 - INFO - chord#: 56 In build_straw_man_chord_sa. tolerance = 1, sa_iterations = 1000, initial_temperature = 3.0, cooling_rate = 0.999
26 - INFO - chord#: 48 done. best_score=9.0, changed=492, unchanged=331, early_stops=8/8
26 - INFO - chord#: 50 In build_straw_man_chord_sa. tolerance = 1, sa_iterations = 1000, initial_temperature = 3.0, cooling_rate = 0.999
26 - INFO - chord#: 39 done. best_score=27.0, changed=528, unchanged=565, early_stops=8/8
26 - INFO - chord#: 40 In build_straw_man_chord_sa. tolerance = 1, sa_iterations = 1000, initial_temperature = 3.0, cooling_rate = 0.999
26 - INFO - chord#: 42 done. best_score=125.0, changed=618, unchanged=426, early_stops=8/8
26 - INFO - chord#: 44 In build_straw_man_chord_sa. tolerance = 1, sa_iterations = 1000, initial_temperature = 3.0, cooling_rate = 0.999
26 - INFO - chord#: 44 done. best_score=27.0, changed=523, unchanged=349, early_stops=8/8
26 - INFO - chord#: 48 In build_straw_man_chord_sa. tolerance = 1, sa_iterations = 1000, initial_temperature = 3.0, cooling_rate = 0.999
26 - INFO - chord#: 48 done. best_score=9.0, changed=491, unchanged=345, early_stops=8/8
26 - INFO - chord#: 50 In build_straw_man_chord_sa. tolerance = 1, sa_iterations = 1000, initial_temperature = 3.0, cooling_rate = 0.999
26 - INFO - chord#: 54 done. best_score=27.0, changed=531, unchanged=410, early_stops=8/8
26 - INFO - chord#: 56 In build_straw_man_chord_sa. tolerance = 1, sa_iterations = 1000, initial_temperature = 3.0, cooling_rate = 0.999
26 - INFO - chord#: 52 done. best_score=27.0, changed=515, unchanged=321, early_stops=8/8
26 - INFO - chord#: 54 In build_straw_man_chord_sa. tolerance = 1, sa_iterations = 1000, initial_temperature = 3.0, cooling_rate = 0.999
26 - INFO - chord#: 56 done. best_score=27.0, changed=526, unchanged=412, early_stops=8/8
26 - INFO - chord#: 58 In build_straw_man_chord_sa. tolerance = 1, sa_iterations = 1000, initial_temperature = 3.0, cooling_rate = 0.999
26 - INFO - chord#: 50 done. best_score=35.0, changed=529, unchanged=513, early_stops=8/8
26 - INFO - chord#: 52 In build_straw_man_chord_sa. tolerance = 1, sa_iterations = 1000, initial_temperature = 3.0, cooling_rate = 0.999
26 - INFO - chord#: 44 done. best_score=27.0, changed=512, unchanged=296, early_stops=8/8
26 - INFO - chord#: 48 In build_straw_man_chord_sa. tolerance = 1, sa_iterations = 1000, initial_temperature = 3.0, cooling_rate = 0.999
26 - INFO - chord#: 42 done. best_score=78.0, changed=609, unchanged=218, early_stops=8/8
26 - INFO - chord#: 44 In build_straw_man_chord_sa. tolerance = 1, sa_iterations = 1000, initial_temperature = 3.0, cooling_rate = 0.999
26 - INFO - chord#: 50 done. best_score=35.0, changed=518, unchanged=385, early_stops=8/8
26 - INFO - chord#: 52 In build_straw_man_chord_sa. tolerance = 1, sa_iterations = 1000, initial_temperature = 3.0, cooling_rate = 0.999
26 - INFO - chord#: 40 done. best_score=27.0, changed=518, unchanged=398, early_stops=8/8
26 - INFO - chord#: 48 done. best_score=9.0, changed=478, unchanged=348, early_stops=8/8
26 - INFO - chord#: 50 In build_straw_man_chord_sa. tolerance = 1, sa_iterations = 1000, initial_temperature = 3.0, cooling_rate = 0.999
26 - INFO - chord#: 42 In build_straw_man_chord_sa. tolerance = 1, sa_iterations = 1000, initial_temperature = 3.0, cooling_rate = 0.999
26 - INFO - chord#: 42 done. best_score=67.0, changed=614, unchanged=311, early_stops=8/8
26 - INFO - chord#: 44 In build_straw_man_chord_sa. tolerance = 1, sa_iterations = 1000, initial_temperature = 3.0, cooling_rate = 0.999
26 - INFO - chord#: 58 done. best_score=148.0, changed=609, unchanged=382, early_stops=8/8
26 - INFO - chord#: 60 In build_straw_man_chord_sa. tolerance = 1, sa_iterations = 1000, initial_temperature = 3.0, cooling_rate = 0.999
26 - INFO - chord#: 56 done. best_score=27.0, changed=522, unchanged=402, early_stops=8/8
26 - INFO - chord#: 58 In build_straw_man_chord_sa. tolerance = 1, sa_iterations = 1000, initial_temperature = 3.0, cooling_rate = 0.999
26 - INFO - chord#: 54 done. best_score=27.0, changed=531, unchanged=406, early_stops=8/8
26 - INFO - chord#: 56 In build_straw_man_chord_sa. tolerance = 1, sa_iterations = 1000, initial_temperature = 3.0, cooling_rate = 0.999
26 - INFO - chord#: 58 done. best_score=74.0, changed=611, unchanged=328, early_stops=8/8
26 - INFO - chord#: 60 In build_straw_man_chord_sa. tolerance = 1, sa_iterations = 1000, initial_temperature = 3.0, cooling_rate = 0.999
26 - INFO - chord#: 52 done. best_score=27.0, changed=520, unchanged=368, early_stops=8/8
26 - INFO - chord#: 54 In build_straw_man_chord_sa. tolerance = 1, sa_iterations = 1000, initial_temperature = 3.0, cooling_rate = 0.999
26 - INFO - chord#: 44 done. best_score=27.0, changed=521, unchanged=455, early_stops=8/8
26 - INFO - chord#: 48 In build_straw_man_chord_sa. tolerance = 1, sa_iterations = 1000, initial_temperature = 3.0, cooling_rate = 0.999
26 - INFO - chord#: 60 done. best_score=27.0, changed=538, unchanged=432, early_stops=8/8
26 - INFO - chord#: 62 In build_straw_man_chord_sa. tolerance = 1, sa_iterations = 1000, initial_temperature = 3.0, cooling_rate = 0.999
26 - INFO - chord#: 44 done. best_score=27.0, changed=528, unchanged=363, early_stops=8/8
26 - INFO - chord#: 48 In build_straw_man_chord_sa. tolerance = 1, sa_iterations = 1000, initial_temperature = 3.0, cooling_rate = 0.999
26 - INFO - chord#: 52 done. best_score=27.0, changed=515, unchanged=341, early_stops=8/8
26 - INFO - chord#: 54 In build_straw_man_chord_sa. tolerance = 1, sa_iterations = 1000, initial_temperature = 3.0, cooling_rate = 0.999
26 - INFO - chord#: 48 done. best_score=9.0, changed=483, unchanged=347, early_stops=8/8
26 - INFO - chord#: 50 In build_straw_man_chord_sa. tolerance = 1, sa_iterations = 1000, initial_temperature = 3.0, cooling_rate = 0.999
26 - INFO - chord#: 60 done. best_score=27.0, changed=529, unchanged=419, early_stops=8/8
26 - INFO - chord#: 62 In build_straw_man_chord_sa. tolerance = 1, sa_iterations = 1000, initial_temperature = 3.0, cooling_rate = 0.999
26 - INFO - chord#: 42 done. best_score=67.0, changed=609, unchanged=392, early_stops=8/8
26 - INFO - chord#: 44 In build_straw_man_chord_sa. tolerance = 1, sa_iterations = 1000, initial_temperature = 3.0, cooling_rate = 0.999
26 - INFO - chord#: 50 done. best_score=35.0, changed=519, unchanged=354, early_stops=8/8
26 - INFO - chord#: 52 In build_straw_man_chord_sa. tolerance = 1, sa_iterations = 1000, initial_temperature = 3.0, cooling_rate = 0.999
26 - INFO - chord#: 56 done. best_score=27.0, changed=518, unchanged=492, early_stops=8/8
26 - INFO - chord#: 58 In build_straw_man_chord_sa. tolerance = 1, sa_iterations = 1000, initial_temperature = 3.0, cooling_rate = 0.999
26 - INFO - chord#: 48 done. best_score=9.0, changed=501, unchanged=369, early_stops=8/8
26 - INFO - chord#: 50 In build_straw_man_chord_sa. tolerance = 1, sa_iterations = 1000, initial_temperature = 3.0, cooling_rate = 0.999
26 - INFO - chord#: 54 done. best_score=27.0, changed=521, unchanged=440, early_stops=8/8
26 - INFO - chord#: 56 In build_straw_man_chord_sa. tolerance = 1, sa_iterations = 1000, initial_temperature = 3.0, cooling_rate = 0.999
26 - INFO - chord#: 58 done. best_score=148.0, changed=620, unchanged=274, early_stops=8/8
26 - INFO - chord#: 60 In build_straw_man_chord_sa. tolerance = 1, sa_iterations = 1000, initial_temperature = 3.0, cooling_rate = 0.999
26 - INFO - chord#: 58 done. best_score=148.0, changed=606, unchanged=285, early_stops=8/8
26 - INFO - chord#: 60 In build_straw_man_chord_sa. tolerance = 1, sa_iterations = 1000, initial_temperature = 3.0, cooling_rate = 0.999
26 - INFO - chord#: 54 done. best_score=27.0, changed=514, unchanged=315, early_stops=8/8
26 - INFO - chord#: 56 In build_straw_man_chord_sa. tolerance = 1, sa_iterations = 1000, initial_temperature = 3.0, cooling_rate = 0.999
26 - INFO - chord#: 44 done. best_score=27.0, changed=514, unchanged=371, early_stops=8/8
26 - INFO - chord#: 48 In build_straw_man_chord_sa. tolerance = 1, sa_iterations = 1000, initial_temperature = 3.0, cooling_rate = 0.999
26 - INFO - chord#: 60 done. best_score=57.0, changed=522, unchanged=391, early_stops=8/8
26 - INFO - chord#: 62 In build_straw_man_chord_sa. tolerance = 1, sa_iterations = 1000, initial_temperature = 3.0, cooling_rate = 0.999
26 - INFO - chord#: 52 done. best_score=27.0, changed=515, unchanged=348, early_stops=8/8
26 - INFO - chord#: 54 In build_straw_man_chord_sa. tolerance = 1, sa_iterations = 1000, initial_temperature = 3.0, cooling_rate = 0.999
26 - INFO - chord#: 42 done. best_score=96.0, changed=608, unchanged=259, early_stops=8/8
26 - INFO - chord#: 44 In build_straw_man_chord_sa. tolerance = 1, sa_iterations = 1000, initial_temperature = 3.0, cooling_rate = 0.999
26 - INFO - chord#: 50 done. best_score=35.0, changed=518, unchanged=480, early_stops=8/8
26 - INFO - chord#: 52 In build_straw_man_chord_sa. tolerance = 1, sa_iterations = 1000, initial_temperature = 3.0, cooling_rate = 0.999
26 - INFO - chord#: 48 done. best_score=9.0, changed=486, unchanged=359, early_stops=8/8
26 - INFO - chord#: 50 In build_straw_man_chord_sa. tolerance = 1, sa_iterations = 1000, initial_temperature = 3.0, cooling_rate = 0.999
26 - INFO - chord#: 56 done. best_score=27.0, changed=516, unchanged=531, early_stops=8/8
26 - INFO - chord#: 58 In build_straw_man_chord_sa. tolerance = 1, sa_iterations = 1000, initial_temperature = 3.0, cooling_rate = 0.999
26 - INFO - chord#: 50 done. best_score=35.0, changed=527, unchanged=348, early_stops=8/8
26 - INFO - chord#: 52 In build_straw_man_chord_sa. tolerance = 1, sa_iterations = 1000, initial_temperature = 3.0, cooling_rate = 0.999
26 - INFO - chord#: 62 done. best_score=70.0, changed=611, unchanged=295, early_stops=8/8
26 - INFO - chord#: 64 In build_straw_man_chord_sa. tolerance = 1, sa_iterations = 1000, initial_temperature = 3.0, cooling_rate = 0.999
26 - INFO - chord#: 60 done. best_score=27.0, changed=527, unchanged=359, early_stops=8/8
26 - INFO - chord#: 62 In build_straw_man_chord_sa. tolerance = 1, sa_iterations = 1000, initial_temperature = 3.0, cooling_rate = 0.999
26 - INFO - chord#: 62 done. best_score=104.0, changed=616, unchanged=339, early_stops=8/8
26 - INFO - chord#: 64 In build_straw_man_chord_sa. tolerance = 1, sa_iterations = 1000, initial_temperature = 3.0, cooling_rate = 0.999
26 - INFO - chord#: 58 done. best_score=148.0, changed=613, unchanged=316, early_stops=8/8
26 - INFO - chord#: 60 In build_straw_man_chord_sa. tolerance = 1, sa_iterations = 1000, initial_temperature = 3.0, cooling_rate = 0.999
26 - INFO - chord#: 54 done. best_score=27.0, changed=520, unchanged=366, early_stops=8/8
26 - INFO - chord#: 56 In build_straw_man_chord_sa. tolerance = 1, sa_iterations = 1000, initial_temperature = 3.0, cooling_rate = 0.999
26 - INFO - chord#: 56 done. best_score=27.0, changed=521, unchanged=495, early_stops=8/8
26 - INFO - chord#: 58 In build_straw_man_chord_sa. tolerance = 1, sa_iterations = 1000, initial_temperature = 3.0, cooling_rate = 0.999
26 - INFO - chord#: 52 done. best_score=27.0, changed=521, unchanged=335, early_stops=8/8
26 - INFO - chord#: 54 In build_straw_man_chord_sa. tolerance = 1, sa_iterations = 1000, initial_temperature = 3.0, cooling_rate = 0.999
26 - INFO - chord#: 44 done. best_score=27.0, changed=531, unchanged=483, early_stops=8/8
26 - INFO - chord#: 48 In build_straw_man_chord_sa. tolerance = 1, sa_iterations = 1000, initial_temperature = 3.0, cooling_rate = 0.999
26 - INFO - chord#: 52 done. best_score=27.0, changed=530, unchanged=383, early_stops=8/8
26 - INFO - chord#: 54 In build_straw_man_chord_sa. tolerance = 1, sa_iterations = 1000, initial_temperature = 3.0, cooling_rate = 0.999
26 - INFO - chord#: 64 done. best_score=27.0, changed=514, unchanged=402, early_stops=8/8
26 - INFO - chord#: 68 In build_straw_man_chord_sa. tolerance = 1, sa_iterations = 1000, initial_temperature = 3.0, cooling_rate = 0.999
26 - INFO - chord#: 50 done. best_score=35.0, changed=525, unchanged=485, early_stops=8/8
26 - INFO - chord#: 52 In build_straw_man_chord_sa. tolerance = 1, sa_iterations = 1000, initial_temperature = 3.0, cooling_rate = 0.999
26 - INFO - chord#: 48 done. best_score=9.0, changed=489, unchanged=342, early_stops=8/8
26 - INFO - chord#: 50 In build_straw_man_chord_sa. tolerance = 1, sa_iterations = 1000, initial_temperature = 3.0, cooling_rate = 0.999
26 - INFO - chord#: 64 done. best_score=27.0, changed=516, unchanged=382, early_stops=8/8
26 - INFO - chord#: 68 In build_straw_man_chord_sa. tolerance = 1, sa_iterations = 1000, initial_temperature = 3.0, cooling_rate = 0.999
26 - INFO - chord#: 60 done. best_score=27.0, changed=526, unchanged=371, early_stops=8/8
26 - INFO - chord#: 62 In build_straw_man_chord_sa. tolerance = 1, sa_iterations = 1000, initial_temperature = 3.0, cooling_rate = 0.999
26 - INFO - chord#: 62 done. best_score=75.0, changed=618, unchanged=435, early_stops=8/8
26 - INFO - chord#: 64 In build_straw_man_chord_sa. tolerance = 1, sa_iterations = 1000, initial_temperature = 3.0, cooling_rate = 0.999
26 - INFO - chord#: 56 done. best_score=27.0, changed=524, unchanged=448, early_stops=8/8
26 - INFO - chord#: 58 In build_straw_man_chord_sa. tolerance = 1, sa_iterations = 1000, initial_temperature = 3.0, cooling_rate = 0.999
26 - INFO - chord#: 58 done. best_score=74.0, changed=612, unchanged=356, early_stops=8/8
26 - INFO - chord#: 60 In build_straw_man_chord_sa. tolerance = 1, sa_iterations = 1000, initial_temperature = 3.0, cooling_rate = 0.999
26 - INFO - chord#: 68 done. best_score=27.0, changed=518, unchanged=389, early_stops=8/8
26 - INFO - chord#: 70 In build_straw_man_chord_sa. tolerance = 1, sa_iterations = 1000, initial_temperature = 3.0, cooling_rate = 0.999
26 - INFO - chord#: 54 done. best_score=27.0, changed=533, unchanged=469, early_stops=8/8
26 - INFO - chord#: 56 In build_straw_man_chord_sa. tolerance = 1, sa_iterations = 1000, initial_temperature = 3.0, cooling_rate = 0.999
26 - INFO - chord#: 52 done. best_score=27.0, changed=517, unchanged=318, early_stops=8/8
26 - INFO - chord#: 54 In build_straw_man_chord_sa. tolerance = 1, sa_iterations = 1000, initial_temperature = 3.0, cooling_rate = 0.999
26 - INFO - chord#: 54 done. best_score=27.0, changed=519, unchanged=454, early_stops=8/8
26 - INFO - chord#: 56 In build_straw_man_chord_sa. tolerance = 1, sa_iterations = 1000, initial_temperature = 3.0, cooling_rate = 0.999
26 - INFO - chord#: 62 done. best_score=70.0, changed=611, unchanged=413, early_stops=8/8
26 - INFO - chord#: 64 In build_straw_man_chord_sa. tolerance = 1, sa_iterations = 1000, initial_temperature = 3.0, cooling_rate = 0.999
26 - INFO - chord#: 50 done. best_score=35.0, changed=517, unchanged=406, early_stops=8/8
26 - INFO - chord#: 52 In build_straw_man_chord_sa. tolerance = 1, sa_iterations = 1000, initial_temperature = 3.0, cooling_rate = 0.999
26 - INFO - chord#: 68 done. best_score=27.0, changed=527, unchanged=434, early_stops=8/8
26 - INFO - chord#: 70 In build_straw_man_chord_sa. tolerance = 1, sa_iterations = 1000, initial_temperature = 3.0, cooling_rate = 0.999
26 - INFO - chord#: 60 done. best_score=27.0, changed=524, unchanged=303, early_stops=8/8
26 - INFO - chord#: 62 In build_straw_man_chord_sa. tolerance = 1, sa_iterations = 1000, initial_temperature = 3.0, cooling_rate = 0.999
26 - INFO - chord#: 64 done. best_score=27.0, changed=523, unchanged=441, early_stops=8/8
26 - INFO - chord#: 68 In build_straw_man_chord_sa. tolerance = 1, sa_iterations = 1000, initial_temperature = 3.0, cooling_rate = 0.999
26 - INFO - chord#: 54 done. best_score=27.0, changed=519, unchanged=347, early_stops=8/8
26 - INFO - chord#: 56 In build_straw_man_chord_sa. tolerance = 1, sa_iterations = 1000, initial_temperature = 3.0, cooling_rate = 0.999
26 - INFO - chord#: 56 done. best_score=27.0, changed=521, unchanged=480, early_stops=8/8
26 - INFO - chord#: 58 In build_straw_man_chord_sa. tolerance = 1, sa_iterations = 1000, initial_temperature = 3.0, cooling_rate = 0.999
26 - INFO - chord#: 56 done. best_score=27.0, changed=528, unchanged=529, early_stops=8/8
26 - INFO - chord#: 58 In build_straw_man_chord_sa. tolerance = 1, sa_iterations = 1000, initial_temperature = 3.0, cooling_rate = 0.999
26 - INFO - chord#: 64 done. best_score=27.0, changed=520, unchanged=370, early_stops=8/8
26 - INFO - chord#: 68 In build_straw_man_chord_sa. tolerance = 1, sa_iterations = 1000, initial_temperature = 3.0, cooling_rate = 0.999
26 - INFO - chord#: 52 done. best_score=27.0, changed=523, unchanged=371, early_stops=8/8
26 - INFO - chord#: 54 In build_straw_man_chord_sa. tolerance = 1, sa_iterations = 1000, initial_temperature = 3.0, cooling_rate = 0.999
26 - INFO - chord#: 62 done. best_score=104.0, changed=610, unchanged=226, early_stops=8/8
26 - INFO - chord#: 64 In build_straw_man_chord_sa. tolerance = 1, sa_iterations = 1000, initial_temperature = 3.0, cooling_rate = 0.999
26 - INFO - chord#: 68 done. best_score=27.0, changed=523, unchanged=339, early_stops=8/8
26 - INFO - chord#: 70 In build_straw_man_chord_sa. tolerance = 1, sa_iterations = 1000, initial_temperature = 3.0, cooling_rate = 0.999
26 - INFO - chord#: 58 done. best_score=74.0, changed=611, unchanged=232, early_stops=8/8
26 - INFO - chord#: 60 In build_straw_man_chord_sa. tolerance = 1, sa_iterations = 1000, initial_temperature = 3.0, cooling_rate = 0.999
26 - INFO - chord#: 58 done. best_score=96.0, changed=615, unchanged=446, early_stops=8/8
26 - INFO - chord#: 60 In build_straw_man_chord_sa. tolerance = 1, sa_iterations = 1000, initial_temperature = 3.0, cooling_rate = 0.999
26 - INFO - chord#: 70 done. best_score=138.0, changed=616, unchanged=272, early_stops=8/8
26 - INFO - chord#: 72 In build_straw_man_chord_sa. tolerance = 1, sa_iterations = 1000, initial_temperature = 3.0, cooling_rate = 0.999
26 - INFO - chord#: 56 done. best_score=27.0, changed=524, unchanged=477, early_stops=8/8
26 - INFO - chord#: 58 In build_straw_man_chord_sa. tolerance = 1, sa_iterations = 1000, initial_temperature = 3.0, cooling_rate = 0.999
26 - INFO - chord#: 60 done. best_score=27.0, changed=524, unchanged=308, early_stops=8/8
26 - INFO - chord#: 62 In build_straw_man_chord_sa. tolerance = 1, sa_iterations = 1000, initial_temperature = 3.0, cooling_rate = 0.999
26 - INFO - chord#: 72 done. best_score=57.0, changed=517, unchanged=301, early_stops=8/8
26 - INFO - chord#: 74 In build_straw_man_chord_sa. tolerance = 1, sa_iterations = 1000, initial_temperature = 3.0, cooling_rate = 0.999
26 - INFO - chord#: 54 done. best_score=27.0, changed=520, unchanged=435, early_stops=8/8
26 - INFO - chord#: 56 In build_straw_man_chord_sa. tolerance = 1, sa_iterations = 1000, initial_temperature = 3.0, cooling_rate = 0.999
26 - INFO - chord#: 60 done. best_score=27.0, changed=528, unchanged=366, early_stops=8/8
26 - INFO - chord#: 62 In build_straw_man_chord_sa. tolerance = 1, sa_iterations = 1000, initial_temperature = 3.0, cooling_rate = 0.999
26 - INFO - chord#: 68 done. best_score=27.0, changed=528, unchanged=416, early_stops=8/8
26 - INFO - chord#: 70 In build_straw_man_chord_sa. tolerance = 1, sa_iterations = 1000, initial_temperature = 3.0, cooling_rate = 0.999
26 - INFO - chord#: 62 done. best_score=70.0, changed=610, unchanged=350, early_stops=8/8
26 - INFO - chord#: 64 In build_straw_man_chord_sa. tolerance = 1, sa_iterations = 1000, initial_temperature = 3.0, cooling_rate = 0.999
26 - INFO - chord#: 64 done. best_score=27.0, changed=515, unchanged=369, early_stops=8/8
26 - INFO - chord#: 68 In build_straw_man_chord_sa. tolerance = 1, sa_iterations = 1000, initial_temperature = 3.0, cooling_rate = 0.999
26 - INFO - chord#: 58 done. best_score=179.0, changed=608, unchanged=249, early_stops=8/8
26 - INFO - chord#: 60 In build_straw_man_chord_sa. tolerance = 1, sa_iterations = 1000, initial_temperature = 3.0, cooling_rate = 0.999
26 - INFO - chord#: 70 done. best_score=111.0, changed=607, unchanged=237, early_stops=8/8
26 - INFO - chord#: 72 In build_straw_man_chord_sa. tolerance = 1, sa_iterations = 1000, initial_temperature = 3.0, cooling_rate = 0.999
26 - INFO - chord#: 70 done. best_score=70.0, changed=613, unchanged=446, early_stops=8/8
26 - INFO - chord#: 72 In build_straw_man_chord_sa. tolerance = 1, sa_iterations = 1000, initial_temperature = 3.0, cooling_rate = 0.999
26 - INFO - chord#: 64 done. best_score=27.0, changed=520, unchanged=357, early_stops=8/8
26 - INFO - chord#: 68 In build_straw_man_chord_sa. tolerance = 1, sa_iterations = 1000, initial_temperature = 3.0, cooling_rate = 0.999
26 - INFO - chord#: 60 done. best_score=27.0, changed=529, unchanged=400, early_stops=8/8
26 - INFO - chord#: 62 In build_straw_man_chord_sa. tolerance = 1, sa_iterations = 1000, initial_temperature = 3.0, cooling_rate = 0.999
26 - INFO - chord#: 68 done. best_score=27.0, changed=519, unchanged=346, early_stops=8/8
26 - INFO - chord#: 70 In build_straw_man_chord_sa. tolerance = 1, sa_iterations = 1000, initial_temperature = 3.0, cooling_rate = 0.999
26 - INFO - chord#: 56 done. best_score=27.0, changed=521, unchanged=395, early_stops=8/8
26 - INFO - chord#: 58 In build_straw_man_chord_sa. tolerance = 1, sa_iterations = 1000, initial_temperature = 3.0, cooling_rate = 0.999
26 - INFO - chord#: 58 done. best_score=74.0, changed=618, unchanged=334, early_stops=8/8
26 - INFO - chord#: 60 In build_straw_man_chord_sa. tolerance = 1, sa_iterations = 1000, initial_temperature = 3.0, cooling_rate = 0.999
26 - INFO - chord#: 62 done. best_score=75.0, changed=610, unchanged=297, early_stops=8/8
26 - INFO - chord#: 64 In build_straw_man_chord_sa. tolerance = 1, sa_iterations = 1000, initial_temperature = 3.0, cooling_rate = 0.999
26 - INFO - chord#: 72 done. best_score=27.0, changed=525, unchanged=346, early_stops=8/8
26 - INFO - chord#: 74 In build_straw_man_chord_sa. tolerance = 1, sa_iterations = 1000, initial_temperature = 3.0, cooling_rate = 0.999
26 - INFO - chord#: 58 done. best_score=121.0, changed=616, unchanged=398, early_stops=8/8
26 - INFO - chord#: 60 In build_straw_man_chord_sa. tolerance = 1, sa_iterations = 1000, initial_temperature = 3.0, cooling_rate = 0.999
26 - INFO - chord#: 72 done. best_score=27.0, changed=535, unchanged=287, early_stops=8/8
26 - INFO - chord#: 74 In build_straw_man_chord_sa. tolerance = 1, sa_iterations = 1000, initial_temperature = 3.0, cooling_rate = 0.999
26 - INFO - chord#: 68 done. best_score=27.0, changed=519, unchanged=358, early_stops=8/8
26 - INFO - chord#: 70 In build_straw_man_chord_sa. tolerance = 1, sa_iterations = 1000, initial_temperature = 3.0, cooling_rate = 0.999
26 - INFO - chord#: 74 done. best_score=82.0, changed=621, unchanged=339, early_stops=8/8
26 - INFO - chord#: 76 In build_straw_man_chord_sa. tolerance = 1, sa_iterations = 1000, initial_temperature = 3.0, cooling_rate = 0.999
26 - INFO - chord#: 62 done. best_score=141.0, changed=610, unchanged=309, early_stops=8/8
26 - INFO - chord#: 64 In build_straw_man_chord_sa. tolerance = 1, sa_iterations = 1000, initial_temperature = 3.0, cooling_rate = 0.999
26 - INFO - chord#: 60 done. best_score=27.0, changed=518, unchanged=332, early_stops=8/8
26 - INFO - chord#: 62 In build_straw_man_chord_sa. tolerance = 1, sa_iterations = 1000, initial_temperature = 3.0, cooling_rate = 0.999
26 - INFO - chord#: 64 done. best_score=27.0, changed=510, unchanged=320, early_stops=8/8
26 - INFO - chord#: 68 In build_straw_man_chord_sa. tolerance = 1, sa_iterations = 1000, initial_temperature = 3.0, cooling_rate = 0.999
26 - INFO - chord#: 70 done. best_score=70.0, changed=617, unchanged=300, early_stops=8/8
26 - INFO - chord#: 72 In build_straw_man_chord_sa. tolerance = 1, sa_iterations = 1000, initial_temperature = 3.0, cooling_rate = 0.999
26 - INFO - chord#: 60 done. best_score=27.0, changed=531, unchanged=337, early_stops=8/8
26 - INFO - chord#: 62 In build_straw_man_chord_sa. tolerance = 1, sa_iterations = 1000, initial_temperature = 3.0, cooling_rate = 0.999
26 - INFO - chord#: 76 done. best_score=31.0, changed=521, unchanged=348, early_stops=8/8
26 - INFO - chord#: 78 In build_straw_man_chord_sa. tolerance = 1, sa_iterations = 1000, initial_temperature = 3.0, cooling_rate = 0.999
26 - INFO - chord#: 62 done. best_score=75.0, changed=611, unchanged=397, early_stops=8/8
26 - INFO - chord#: 64 In build_straw_man_chord_sa. tolerance = 1, sa_iterations = 1000, initial_temperature = 3.0, cooling_rate = 0.999
26 - INFO - chord#: 68 done. best_score=27.0, changed=528, unchanged=448, early_stops=8/8
26 - INFO - chord#: 70 In build_straw_man_chord_sa. tolerance = 1, sa_iterations = 1000, initial_temperature = 3.0, cooling_rate = 0.999
26 - INFO - chord#: 74 done. best_score=82.0, changed=610, unchanged=246, early_stops=8/8
26 - INFO - chord#: 76 In build_straw_man_chord_sa. tolerance = 1, sa_iterations = 1000, initial_temperature = 3.0, cooling_rate = 0.999
26 - INFO - chord#: 72 done. best_score=27.0, changed=521, unchanged=334, early_stops=8/8
26 - INFO - chord#: 74 In build_straw_man_chord_sa. tolerance = 1, sa_iterations = 1000, initial_temperature = 3.0, cooling_rate = 0.999
26 - INFO - chord#: 70 done. best_score=103.0, changed=614, unchanged=262, early_stops=8/8
26 - INFO - chord#: 72 In build_straw_man_chord_sa. tolerance = 1, sa_iterations = 1000, initial_temperature = 3.0, cooling_rate = 0.999
26 - INFO - chord#: 64 done. best_score=27.0, changed=522, unchanged=545, early_stops=8/8
26 - INFO - chord#: 68 In build_straw_man_chord_sa. tolerance = 1, sa_iterations = 1000, initial_temperature = 3.0, cooling_rate = 0.999
26 - INFO - chord#: 58 done. best_score=74.0, changed=615, unchanged=306, early_stops=8/8
26 - INFO - chord#: 60 In build_straw_man_chord_sa. tolerance = 1, sa_iterations = 1000, initial_temperature = 3.0, cooling_rate = 0.999
26 - INFO - chord#: 78 done. best_score=27.0, changed=520, unchanged=493, early_stops=8/8
26 - INFO - chord#: 79 In build_straw_man_chord_sa. tolerance = 1, sa_iterations = 1000, initial_temperature = 3.0, cooling_rate = 0.999
26 - INFO - chord#: 70 done. best_score=111.0, changed=613, unchanged=399, early_stops=8/8
26 - INFO - chord#: 72 In build_straw_man_chord_sa. tolerance = 1, sa_iterations = 1000, initial_temperature = 3.0, cooling_rate = 0.999
26 - INFO - chord#: 62 done. best_score=70.0, changed=612, unchanged=322, early_stops=8/8
26 - INFO - chord#: 64 In build_straw_man_chord_sa. tolerance = 1, sa_iterations = 1000, initial_temperature = 3.0, cooling_rate = 0.999
26 - INFO - chord#: 64 done. best_score=27.0, changed=519, unchanged=366, early_stops=8/8
26 - INFO - chord#: 68 In build_straw_man_chord_sa. tolerance = 1, sa_iterations = 1000, initial_temperature = 3.0, cooling_rate = 0.999
26 - INFO - chord#: 76 done. best_score=31.0, changed=528, unchanged=415, early_stops=8/8
26 - INFO - chord#: 78 In build_straw_man_chord_sa. tolerance = 1, sa_iterations = 1000, initial_temperature = 3.0, cooling_rate = 0.999
26 - INFO - chord#: 74 done. best_score=82.0, changed=614, unchanged=327, early_stops=8/8
26 - INFO - chord#: 76 In build_straw_man_chord_sa. tolerance = 1, sa_iterations = 1000, initial_temperature = 3.0, cooling_rate = 0.999
26 - INFO - chord#: 72 done. best_score=27.0, changed=529, unchanged=351, early_stops=8/8
26 - INFO - chord#: 74 In build_straw_man_chord_sa. tolerance = 1, sa_iterations = 1000, initial_temperature = 3.0, cooling_rate = 0.999
26 - INFO - chord#: 62 done. best_score=164.0, changed=604, unchanged=204, early_stops=8/8
26 - INFO - chord#: 64 In build_straw_man_chord_sa. tolerance = 1, sa_iterations = 1000, initial_temperature = 3.0, cooling_rate = 0.999
26 - INFO - chord#: 60 done. best_score=27.0, changed=523, unchanged=351, early_stops=8/8
26 - INFO - chord#: 62 In build_straw_man_chord_sa. tolerance = 1, sa_iterations = 1000, initial_temperature = 3.0, cooling_rate = 0.999
26 - INFO - chord#: 68 done. best_score=27.0, changed=522, unchanged=424, early_stops=8/8
26 - INFO - chord#: 70 In build_straw_man_chord_sa. tolerance = 1, sa_iterations = 1000, initial_temperature = 3.0, cooling_rate = 0.999
26 - INFO - chord#: 72 done. best_score=27.0, changed=522, unchanged=305, early_stops=8/8
26 - INFO - chord#: 74 In build_straw_man_chord_sa. tolerance = 1, sa_iterations = 1000, initial_temperature = 3.0, cooling_rate = 0.999
26 - INFO - chord#: 68 done. best_score=27.0, changed=516, unchanged=320, early_stops=8/8
26 - INFO - chord#: 70 In build_straw_man_chord_sa. tolerance = 1, sa_iterations = 1000, initial_temperature = 3.0, cooling_rate = 0.999
26 - INFO - chord#: 78 done. best_score=27.0, changed=516, unchanged=328, early_stops=8/8
26 - INFO - chord#: 79 In build_straw_man_chord_sa. tolerance = 1, sa_iterations = 1000, initial_temperature = 3.0, cooling_rate = 0.999
26 - INFO - chord#: 64 done. best_score=27.0, changed=519, unchanged=464, early_stops=8/8
26 - INFO - chord#: 68 In build_straw_man_chord_sa. tolerance = 1, sa_iterations = 1000, initial_temperature = 3.0, cooling_rate = 0.999
26 - INFO - chord#: 70 done. best_score=70.0, changed=612, unchanged=301, early_stops=8/8
26 - INFO - chord#: 72 In build_straw_man_chord_sa. tolerance = 1, sa_iterations = 1000, initial_temperature = 3.0, cooling_rate = 0.999
26 - INFO - chord#: 76 done. best_score=31.0, changed=534, unchanged=405, early_stops=8/8
26 - INFO - chord#: 78 In build_straw_man_chord_sa. tolerance = 1, sa_iterations = 1000, initial_temperature = 3.0, cooling_rate = 0.999
26 - INFO - chord#: 79 done. best_score=157.0, changed=609, unchanged=254, early_stops=8/8
26 - INFO - chord#: 80 In build_straw_man_chord_sa. tolerance = 1, sa_iterations = 1000, initial_temperature = 3.0, cooling_rate = 0.999
26 - INFO - chord#: 64 done. best_score=27.0, changed=520, unchanged=454, early_stops=8/8
26 - INFO - chord#: 68 In build_straw_man_chord_sa. tolerance = 1, sa_iterations = 1000, initial_temperature = 3.0, cooling_rate = 0.999
26 - INFO - chord#: 68 done. best_score=27.0, changed=521, unchanged=407, early_stops=8/8
26 - INFO - chord#: 70 In build_straw_man_chord_sa. tolerance = 1, sa_iterations = 1000, initial_temperature = 3.0, cooling_rate = 0.999
26 - INFO - chord#: 72 done. best_score=27.0, changed=527, unchanged=417, early_stops=8/8
26 - INFO - chord#: 74 In build_straw_man_chord_sa. tolerance = 1, sa_iterations = 1000, initial_temperature = 3.0, cooling_rate = 0.999
26 - INFO - chord#: 74 done. best_score=82.0, changed=613, unchanged=439, early_stops=8/8
26 - INFO - chord#: 76 In build_straw_man_chord_sa. tolerance = 1, sa_iterations = 1000, initial_temperature = 3.0, cooling_rate = 0.999
26 - INFO - chord#: 78 done. best_score=27.0, changed=520, unchanged=378, early_stops=8/8
26 - INFO - chord#: 79 In build_straw_man_chord_sa. tolerance = 1, sa_iterations = 1000, initial_temperature = 3.0, cooling_rate = 0.999
26 - INFO - chord#: 62 done. best_score=70.0, changed=610, unchanged=222, early_stops=8/8
26 - INFO - chord#: 64 In build_straw_man_chord_sa. tolerance = 1, sa_iterations = 1000, initial_temperature = 3.0, cooling_rate = 0.999
26 - INFO - chord#: 74 done. best_score=97.0, changed=616, unchanged=260, early_stops=8/8
26 - INFO - chord#: 76 In build_straw_man_chord_sa. tolerance = 1, sa_iterations = 1000, initial_temperature = 3.0, cooling_rate = 0.999
26 - INFO - chord#: 70 done. best_score=70.0, changed=618, unchanged=297, early_stops=8/8
26 - INFO - chord#: 72 In build_straw_man_chord_sa. tolerance = 1, sa_iterations = 1000, initial_temperature = 3.0, cooling_rate = 0.999
26 - INFO - chord#: 68 done. best_score=27.0, changed=538, unchanged=464, early_stops=8/8
26 - INFO - chord#: 70 In build_straw_man_chord_sa. tolerance = 1, sa_iterations = 1000, initial_temperature = 3.0, cooling_rate = 0.999
26 - INFO - chord#: 70 done. best_score=111.0, changed=616, unchanged=350, early_stops=8/8
26 - INFO - chord#: 72 In build_straw_man_chord_sa. tolerance = 1, sa_iterations = 1000, initial_temperature = 3.0, cooling_rate = 0.999
26 - INFO - chord#: 74 done. best_score=82.0, changed=608, unchanged=305, early_stops=8/8
26 - INFO - chord#: 76 In build_straw_man_chord_sa. tolerance = 1, sa_iterations = 1000, initial_temperature = 3.0, cooling_rate = 0.999
26 - INFO - chord#: 79 done. best_score=96.0, changed=616, unchanged=406, early_stops=8/8
26 - INFO - chord#: 80 In build_straw_man_chord_sa. tolerance = 1, sa_iterations = 1000, initial_temperature = 3.0, cooling_rate = 0.999
26 - INFO - chord#: 80 done. best_score=82.0, changed=613, unchanged=244, early_stops=8/8
26 - INFO - chord#: 82 In build_straw_man_chord_sa. tolerance = 1, sa_iterations = 1000, initial_temperature = 3.0, cooling_rate = 0.999
26 - INFO - chord#: 76 done. best_score=31.0, changed=520, unchanged=425, early_stops=8/8
26 - INFO - chord#: 78 In build_straw_man_chord_sa. tolerance = 1, sa_iterations = 1000, initial_temperature = 3.0, cooling_rate = 0.999
26 - INFO - chord#: 76 done. best_score=31.0, changed=521, unchanged=313, early_stops=8/8
26 - INFO - chord#: 78 In build_straw_man_chord_sa. tolerance = 1, sa_iterations = 1000, initial_temperature = 3.0, cooling_rate = 0.999
26 - INFO - chord#: 72 done. best_score=27.0, changed=531, unchanged=353, early_stops=8/8
26 - INFO - chord#: 74 In build_straw_man_chord_sa. tolerance = 1, sa_iterations = 1000, initial_temperature = 3.0, cooling_rate = 0.999
26 - INFO - chord#: 64 done. best_score=27.0, changed=518, unchanged=359, early_stops=8/8
26 - INFO - chord#: 68 In build_straw_man_chord_sa. tolerance = 1, sa_iterations = 1000, initial_temperature = 3.0, cooling_rate = 0.999
26 - INFO - chord#: 70 done. best_score=104.0, changed=614, unchanged=335, early_stops=8/8
26 - INFO - chord#: 72 In build_straw_man_chord_sa. tolerance = 1, sa_iterations = 1000, initial_temperature = 3.0, cooling_rate = 0.999
26 - INFO - chord#: 74 done. best_score=136.0, changed=610, unchanged=223, early_stops=8/8
26 - INFO - chord#: 76 In build_straw_man_chord_sa. tolerance = 1, sa_iterations = 1000, initial_temperature = 3.0, cooling_rate = 0.999
26 - INFO - chord#: 76 done. best_score=31.0, changed=520, unchanged=343, early_stops=8/8
26 - INFO - chord#: 78 In build_straw_man_chord_sa. tolerance = 1, sa_iterations = 1000, initial_temperature = 3.0, cooling_rate = 0.999
26 - INFO - chord#: 72 done. best_score=27.0, changed=522, unchanged=463, early_stops=8/8
26 - INFO - chord#: 74 In build_straw_man_chord_sa. tolerance = 1, sa_iterations = 1000, initial_temperature = 3.0, cooling_rate = 0.999
26 - INFO - chord#: 82 done. best_score=27.0, changed=530, unchanged=343, early_stops=8/8
26 - INFO - chord#: 84 In build_straw_man_chord_sa. tolerance = 1, sa_iterations = 1000, initial_temperature = 3.0, cooling_rate = 0.999
26 - INFO - chord#: 78 done. best_score=27.0, changed=517, unchanged=461, early_stops=8/8
26 - INFO - chord#: 79 In build_straw_man_chord_sa. tolerance = 1, sa_iterations = 1000, initial_temperature = 3.0, cooling_rate = 0.999
26 - INFO - chord#: 72 done. best_score=61.0, changed=529, unchanged=362, early_stops=8/8
26 - INFO - chord#: 74 In build_straw_man_chord_sa. tolerance = 1, sa_iterations = 1000, initial_temperature = 3.0, cooling_rate = 0.999
26 - INFO - chord#: 76 done. best_score=49.0, changed=554, unchanged=271, early_stops=8/8
26 - INFO - chord#: 78 In build_straw_man_chord_sa. tolerance = 1, sa_iterations = 1000, initial_temperature = 3.0, cooling_rate = 0.999
26 - INFO - chord#: 78 done. best_score=27.0, changed=529, unchanged=473, early_stops=8/8
26 - INFO - chord#: 79 In build_straw_man_chord_sa. tolerance = 1, sa_iterations = 1000, initial_temperature = 3.0, cooling_rate = 0.999
26 - INFO - chord#: 68 done. best_score=27.0, changed=521, unchanged=407, early_stops=8/8
26 - INFO - chord#: 70 In build_straw_man_chord_sa. tolerance = 1, sa_iterations = 1000, initial_temperature = 3.0, cooling_rate = 0.999
26 - INFO - chord#: 79 done. best_score=157.0, changed=610, unchanged=271, early_stops=8/8
26 - INFO - chord#: 80 In build_straw_man_chord_sa. tolerance = 1, sa_iterations = 1000, initial_temperature = 3.0, cooling_rate = 0.999
26 - INFO - chord#: 78 done. best_score=27.0, changed=515, unchanged=330, early_stops=8/8
26 - INFO - chord#: 79 In build_straw_man_chord_sa. tolerance = 1, sa_iterations = 1000, initial_temperature = 3.0, cooling_rate = 0.999
26 - INFO - chord#: 80 done. best_score=82.0, changed=612, unchanged=309, early_stops=8/8
26 - INFO - chord#: 82 In build_straw_man_chord_sa. tolerance = 1, sa_iterations = 1000, initial_temperature = 3.0, cooling_rate = 0.999
26 - INFO - chord#: 78 done. best_score=57.0, changed=524, unchanged=336, early_stops=8/8
26 - INFO - chord#: 79 In build_straw_man_chord_sa. tolerance = 1, sa_iterations = 1000, initial_temperature = 3.0, cooling_rate = 0.999
26 - INFO - chord#: 70 done. best_score=149.0, changed=615, unchanged=315, early_stops=8/8
26 - INFO - chord#: 72 In build_straw_man_chord_sa. tolerance = 1, sa_iterations = 1000, initial_temperature = 3.0, cooling_rate = 0.999
26 - INFO - chord#: 74 done. best_score=82.0, changed=612, unchanged=333, early_stops=8/8
26 - INFO - chord#: 76 In build_straw_man_chord_sa. tolerance = 1, sa_iterations = 1000, initial_temperature = 3.0, cooling_rate = 0.999
26 - INFO - chord#: 84 done. best_score=67.0, changed=616, unchanged=325, early_stops=8/8
26 - INFO - chord#: 88 In build_straw_man_chord_sa. tolerance = 1, sa_iterations = 1000, initial_temperature = 3.0, cooling_rate = 0.999
26 - INFO - chord#: 82 done. best_score=27.0, changed=514, unchanged=349, early_stops=8/8
26 - INFO - chord#: 84 In build_straw_man_chord_sa. tolerance = 1, sa_iterations = 1000, initial_temperature = 3.0, cooling_rate = 0.999
26 - INFO - chord#: 74 done. best_score=82.0, changed=610, unchanged=302, early_stops=8/8
26 - INFO - chord#: 76 In build_straw_man_chord_sa. tolerance = 1, sa_iterations = 1000, initial_temperature = 3.0, cooling_rate = 0.999
26 - INFO - chord#: 72 done. best_score=27.0, changed=521, unchanged=334, early_stops=8/8
26 - INFO - chord#: 74 In build_straw_man_chord_sa. tolerance = 1, sa_iterations = 1000, initial_temperature = 3.0, cooling_rate = 0.999
26 - INFO - chord#: 74 done. best_score=120.0, changed=609, unchanged=351, early_stops=8/8
26 - INFO - chord#: 76 In build_straw_man_chord_sa. tolerance = 1, sa_iterations = 1000, initial_temperature = 3.0, cooling_rate = 0.999
26 - INFO - chord#: 76 done. best_score=31.0, changed=521, unchanged=373, early_stops=8/8
26 - INFO - chord#: 78 In build_straw_man_chord_sa. tolerance = 1, sa_iterations = 1000, initial_temperature = 3.0, cooling_rate = 0.999
26 - INFO - chord#: 79 done. best_score=67.0, changed=615, unchanged=425, early_stops=8/8
26 - INFO - chord#: 80 In build_straw_man_chord_sa. tolerance = 1, sa_iterations = 1000, initial_temperature = 3.0, cooling_rate = 0.999
26 - INFO - chord#: 88 done. best_score=27.0, changed=526, unchanged=550, early_stops=8/8
26 - INFO - chord#: 90 In build_straw_man_chord_sa. tolerance = 1, sa_iterations = 1000, initial_temperature = 3.0, cooling_rate = 0.999
26 - INFO - chord#: 70 done. best_score=70.0, changed=616, unchanged=375, early_stops=8/8
26 - INFO - chord#: 72 In build_straw_man_chord_sa. tolerance = 1, sa_iterations = 1000, initial_temperature = 3.0, cooling_rate = 0.999
26 - INFO - chord#: 79 done. best_score=137.0, changed=612, unchanged=332, early_stops=8/8
26 - INFO - chord#: 80 In build_straw_man_chord_sa. tolerance = 1, sa_iterations = 1000, initial_temperature = 3.0, cooling_rate = 0.999
26 - INFO - chord#: 79 done. best_score=140.0, changed=610, unchanged=304, early_stops=8/8
26 - INFO - chord#: 80 In build_straw_man_chord_sa. tolerance = 1, sa_iterations = 1000, initial_temperature = 3.0, cooling_rate = 0.999
26 - INFO - chord#: 76 done. best_score=31.0, changed=521, unchanged=363, early_stops=8/8
26 - INFO - chord#: 78 In build_straw_man_chord_sa. tolerance = 1, sa_iterations = 1000, initial_temperature = 3.0, cooling_rate = 0.999
26 - INFO - chord#: 76 done. best_score=31.0, changed=532, unchanged=391, early_stops=8/8
26 - INFO - chord#: 78 In build_straw_man_chord_sa. tolerance = 1, sa_iterations = 1000, initial_temperature = 3.0, cooling_rate = 0.999
26 - INFO - chord#: 80 done. best_score=97.0, changed=616, unchanged=386, early_stops=8/8
26 - INFO - chord#: 82 In build_straw_man_chord_sa. tolerance = 1, sa_iterations = 1000, initial_temperature = 3.0, cooling_rate = 0.999
26 - INFO - chord#: 79 done. best_score=67.0, changed=608, unchanged=310, early_stops=8/8
26 - INFO - chord#: 80 In build_straw_man_chord_sa. tolerance = 1, sa_iterations = 1000, initial_temperature = 3.0, cooling_rate = 0.999
26 - INFO - chord#: 84 done. best_score=142.0, changed=610, unchanged=237, early_stops=8/8
26 - INFO - chord#: 88 In build_straw_man_chord_sa. tolerance = 1, sa_iterations = 1000, initial_temperature = 3.0, cooling_rate = 0.999
26 - INFO - chord#: 78 done. best_score=27.0, changed=527, unchanged=411, early_stops=8/8
26 - INFO - chord#: 79 In build_straw_man_chord_sa. tolerance = 1, sa_iterations = 1000, initial_temperature = 3.0, cooling_rate = 0.999
26 - INFO - chord#: 78 done. best_score=27.0, changed=517, unchanged=348, early_stops=8/8
26 - INFO - chord#: 79 In build_straw_man_chord_sa. tolerance = 1, sa_iterations = 1000, initial_temperature = 3.0, cooling_rate = 0.999
26 - INFO - chord#: 72 done. best_score=27.0, changed=528, unchanged=360, early_stops=8/8
26 - INFO - chord#: 74 In build_straw_man_chord_sa. tolerance = 1, sa_iterations = 1000, initial_temperature = 3.0, cooling_rate = 0.999
26 - INFO - chord#: 78 done. best_score=27.0, changed=526, unchanged=522, early_stops=8/8
26 - INFO - chord#: 79 In build_straw_man_chord_sa. tolerance = 1, sa_iterations = 1000, initial_temperature = 3.0, cooling_rate = 0.999
26 - INFO - chord#: 82 done. best_score=27.0, changed=530, unchanged=308, early_stops=8/8
26 - INFO - chord#: 84 In build_straw_man_chord_sa. tolerance = 1, sa_iterations = 1000, initial_temperature = 3.0, cooling_rate = 0.999
26 - INFO - chord#: 80 done. best_score=82.0, changed=615, unchanged=261, early_stops=8/8
26 - INFO - chord#: 82 In build_straw_man_chord_sa. tolerance = 1, sa_iterations = 1000, initial_temperature = 3.0, cooling_rate = 0.999
26 - INFO - chord#: 88 done. best_score=27.0, changed=516, unchanged=531, early_stops=8/8
26 - INFO - chord#: 90 In build_straw_man_chord_sa. tolerance = 1, sa_iterations = 1000, initial_temperature = 3.0, cooling_rate = 0.999
26 - INFO - chord#: 74 done. best_score=82.0, changed=609, unchanged=379, early_stops=8/8
26 - INFO - chord#: 76 In build_straw_man_chord_sa. tolerance = 1, sa_iterations = 1000, initial_temperature = 3.0, cooling_rate = 0.999
26 - INFO - chord#: 80 done. best_score=119.0, changed=614, unchanged=384, early_stops=8/8
26 - INFO - chord#: 82 In build_straw_man_chord_sa. tolerance = 1, sa_iterations = 1000, initial_temperature = 3.0, cooling_rate = 0.999
26 - INFO - chord#: 90 done. best_score=67.0, changed=613, unchanged=297, early_stops=8/8
26 - INFO - chord#: 92 In build_straw_man_chord_sa. tolerance = 1, sa_iterations = 1000, initial_temperature = 3.0, cooling_rate = 0.999
26 - INFO - chord#: 82 done. best_score=27.0, changed=531, unchanged=329, early_stops=8/8
26 - INFO - chord#: 84 In build_straw_man_chord_sa. tolerance = 1, sa_iterations = 1000, initial_temperature = 3.0, cooling_rate = 0.999
26 - INFO - chord#: 82 done. best_score=36.0, changed=536, unchanged=302, early_stops=8/8
26 - INFO - chord#: 84 In build_straw_man_chord_sa. tolerance = 1, sa_iterations = 1000, initial_temperature = 3.0, cooling_rate = 0.999
26 - INFO - chord#: 92 done. best_score=27.0, changed=517, unchanged=368, early_stops=8/8
26 - INFO - chord#: 76 done. best_score=31.0, changed=520, unchanged=316, early_stops=8/8
26 - INFO - chord#: 96 In build_straw_man_chord_sa. tolerance = 1, sa_iterations = 1000, initial_temperature = 3.0, cooling_rate = 0.999
26 - INFO - chord#: 78 In build_straw_man_chord_sa. tolerance = 1, sa_iterations = 1000, initial_temperature = 3.0, cooling_rate = 0.999
26 - INFO - chord#: 79 done. best_score=145.0, changed=606, unchanged=219, early_stops=8/8
26 - INFO - chord#: 80 In build_straw_man_chord_sa. tolerance = 1, sa_iterations = 1000, initial_temperature = 3.0, cooling_rate = 0.999
26 - INFO - chord#: 79 done. best_score=67.0, changed=609, unchanged=334, early_stops=8/8
26 - INFO - chord#: 80 In build_straw_man_chord_sa. tolerance = 1, sa_iterations = 1000, initial_temperature = 3.0, cooling_rate = 0.999
26 - INFO - chord#: 80 done. best_score=82.0, changed=613, unchanged=369, early_stops=8/8
26 - INFO - chord#: 82 In build_straw_man_chord_sa. tolerance = 1, sa_iterations = 1000, initial_temperature = 3.0, cooling_rate = 0.999
26 - INFO - chord#: 79 done. best_score=67.0, changed=611, unchanged=375, early_stops=8/8
26 - INFO - chord#: 80 In build_straw_man_chord_sa. tolerance = 1, sa_iterations = 1000, initial_temperature = 3.0, cooling_rate = 0.999
26 - INFO - chord#: 80 done. best_score=119.0, changed=616, unchanged=471, early_stops=8/8
26 - INFO - chord#: 82 In build_straw_man_chord_sa. tolerance = 1, sa_iterations = 1000, initial_temperature = 3.0, cooling_rate = 0.999
26 - INFO - chord#: 74 done. best_score=82.0, changed=611, unchanged=303, early_stops=8/8
26 - INFO - chord#: 76 In build_straw_man_chord_sa. tolerance = 1, sa_iterations = 1000, initial_temperature = 3.0, cooling_rate = 0.999
26 - INFO - chord#: 90 done. best_score=137.0, changed=608, unchanged=282, early_stops=8/8
26 - INFO - chord#: 92 In build_straw_man_chord_sa. tolerance = 1, sa_iterations = 1000, initial_temperature = 3.0, cooling_rate = 0.999
26 - INFO - chord#: 84 done. best_score=78.0, changed=608, unchanged=301, early_stops=8/8
26 - INFO - chord#: 88 In build_straw_man_chord_sa. tolerance = 1, sa_iterations = 1000, initial_temperature = 3.0, cooling_rate = 0.999
26 - INFO - chord#: 78 done. best_score=27.0, changed=527, unchanged=397, early_stops=8/8
26 - INFO - chord#: 79 In build_straw_man_chord_sa. tolerance = 1, sa_iterations = 1000, initial_temperature = 3.0, cooling_rate = 0.999
26 - INFO - chord#: 82 done. best_score=27.0, changed=530, unchanged=318, early_stops=8/8
26 - INFO - chord#: 84 In build_straw_man_chord_sa. tolerance = 1, sa_iterations = 1000, initial_temperature = 3.0, cooling_rate = 0.999
26 - INFO - chord#: 82 done. best_score=36.0, changed=573, unchanged=265, early_stops=8/8
26 - INFO - chord#: 84 In build_straw_man_chord_sa. tolerance = 1, sa_iterations = 1000, initial_temperature = 3.0, cooling_rate = 0.999
26 - INFO - chord#: 76 done. best_score=31.0, changed=529, unchanged=392, early_stops=8/8
26 - INFO - chord#: 78 In build_straw_man_chord_sa. tolerance = 1, sa_iterations = 1000, initial_temperature = 3.0, cooling_rate = 0.999
26 - INFO - chord#: 96 done. best_score=27.0, changed=520, unchanged=461, early_stops=8/8
26 - INFO - chord#: 100 In build_straw_man_chord_sa. tolerance = 1, sa_iterations = 1000, initial_temperature = 3.0, cooling_rate = 0.999
26 - INFO - chord#: 84 done. best_score=78.0, changed=617, unchanged=341, early_stops=8/8
26 - INFO - chord#: 88 In build_straw_man_chord_sa. tolerance = 1, sa_iterations = 1000, initial_temperature = 3.0, cooling_rate = 0.999
26 - INFO - chord#: 92 done. best_score=27.0, changed=522, unchanged=401, early_stops=8/8
26 - INFO - chord#: 96 In build_straw_man_chord_sa. tolerance = 1, sa_iterations = 1000, initial_temperature = 3.0, cooling_rate = 0.999
26 - INFO - chord#: 80 done. best_score=82.0, changed=605, unchanged=219, early_stops=8/8
26 - INFO - chord#: 82 In build_straw_man_chord_sa. tolerance = 1, sa_iterations = 1000, initial_temperature = 3.0, cooling_rate = 0.999
26 - INFO - chord#: 78 done. best_score=27.0, changed=518, unchanged=340, early_stops=8/8
26 - INFO - chord#: 79 In build_straw_man_chord_sa. tolerance = 1, sa_iterations = 1000, initial_temperature = 3.0, cooling_rate = 0.999
26 - INFO - chord#: 88 done. best_score=27.0, changed=528, unchanged=656, early_stops=8/8
26 - INFO - chord#: 90 In build_straw_man_chord_sa. tolerance = 1, sa_iterations = 1000, initial_temperature = 3.0, cooling_rate = 0.999
26 - INFO - chord#: 84 done. best_score=78.0, changed=610, unchanged=359, early_stops=8/8
26 - INFO - chord#: 88 In build_straw_man_chord_sa. tolerance = 1, sa_iterations = 1000, initial_temperature = 3.0, cooling_rate = 0.999
26 - INFO - chord#: 88 done. best_score=27.0, changed=515, unchanged=355, early_stops=8/8
26 - INFO - chord#: 90 In build_straw_man_chord_sa. tolerance = 1, sa_iterations = 1000, initial_temperature = 3.0, cooling_rate = 0.999
26 - INFO - chord#: 80 done. best_score=146.0, changed=608, unchanged=379, early_stops=8/8
26 - INFO - chord#: 82 In build_straw_man_chord_sa. tolerance = 1, sa_iterations = 1000, initial_temperature = 3.0, cooling_rate = 0.999
26 - INFO - chord#: 80 done. best_score=119.0, changed=614, unchanged=364, early_stops=8/8
26 - INFO - chord#: 82 In build_straw_man_chord_sa. tolerance = 1, sa_iterations = 1000, initial_temperature = 3.0, cooling_rate = 0.999
26 - INFO - chord#: 82 done. best_score=27.0, changed=529, unchanged=379, early_stops=8/8
26 - INFO - chord#: 84 In build_straw_man_chord_sa. tolerance = 1, sa_iterations = 1000, initial_temperature = 3.0, cooling_rate = 0.999
26 - INFO - chord#: 96 done. best_score=27.0, changed=523, unchanged=562, early_stops=8/8
26 - INFO - chord#: 100 In build_straw_man_chord_sa. tolerance = 1, sa_iterations = 1000, initial_temperature = 3.0, cooling_rate = 0.999
26 - INFO - chord#: 79 done. best_score=137.0, changed=606, unchanged=218, early_stops=8/8
26 - INFO - chord#: 80 In build_straw_man_chord_sa. tolerance = 1, sa_iterations = 1000, initial_temperature = 3.0, cooling_rate = 0.999
26 - INFO - chord#: 82 done. best_score=36.0, changed=528, unchanged=292, early_stops=8/8
26 - INFO - chord#: 84 In build_straw_man_chord_sa. tolerance = 1, sa_iterations = 1000, initial_temperature = 3.0, cooling_rate = 0.999
26 - INFO - chord#: 82 done. best_score=36.0, changed=537, unchanged=325, early_stops=8/8
26 - INFO - chord#: 84 In build_straw_man_chord_sa. tolerance = 1, sa_iterations = 1000, initial_temperature = 3.0, cooling_rate = 0.999
26 - INFO - chord#: 88 done. best_score=27.0, changed=525, unchanged=365, early_stops=8/8
26 - INFO - chord#: 90 In build_straw_man_chord_sa. tolerance = 1, sa_iterations = 1000, initial_temperature = 3.0, cooling_rate = 0.999
26 - INFO - chord#: 84 done. best_score=78.0, changed=611, unchanged=292, early_stops=8/8
26 - INFO - chord#: 88 In build_straw_man_chord_sa. tolerance = 1, sa_iterations = 1000, initial_temperature = 3.0, cooling_rate = 0.999
26 - INFO - chord#: 100 done. best_score=82.0, changed=610, unchanged=256, early_stops=8/8
26 - INFO - chord#: 102 In build_straw_man_chord_sa. tolerance = 1, sa_iterations = 1000, initial_temperature = 3.0, cooling_rate = 0.999
26 - INFO - chord#: 84 done. best_score=140.0, changed=619, unchanged=316, early_stops=8/8
26 - INFO - chord#: 88 In build_straw_man_chord_sa. tolerance = 1, sa_iterations = 1000, initial_temperature = 3.0, cooling_rate = 0.999
26 - INFO - chord#: 79 done. best_score=67.0, changed=610, unchanged=383, early_stops=8/8
26 - INFO - chord#: 80 In build_straw_man_chord_sa. tolerance = 1, sa_iterations = 1000, initial_temperature = 3.0, cooling_rate = 0.999
26 - INFO - chord#: 84 done. best_score=137.0, changed=609, unchanged=285, early_stops=8/8
26 - INFO - chord#: 88 In build_straw_man_chord_sa. tolerance = 1, sa_iterations = 1000, initial_temperature = 3.0, cooling_rate = 0.999
26 - INFO - chord#: 90 done. best_score=137.0, changed=615, unchanged=394, early_stops=8/8
26 - INFO - chord#: 92 In build_straw_man_chord_sa. tolerance = 1, sa_iterations = 1000, initial_temperature = 3.0, cooling_rate = 0.999
26 - INFO - chord#: 102 done. best_score=27.0, changed=530, unchanged=380, early_stops=8/8
26 - INFO - chord#: 104 In build_straw_man_chord_sa. tolerance = 1, sa_iterations = 1000, initial_temperature = 3.0, cooling_rate = 0.999
26 - INFO - chord#: 88 done. best_score=27.0, changed=520, unchanged=424, early_stops=8/8
26 - INFO - chord#: 90 In build_straw_man_chord_sa. tolerance = 1, sa_iterations = 1000, initial_temperature = 3.0, cooling_rate = 0.999
26 - INFO - chord#: 90 done. best_score=67.0, changed=615, unchanged=310, early_stops=8/8
26 - INFO - chord#: 92 In build_straw_man_chord_sa. tolerance = 1, sa_iterations = 1000, initial_temperature = 3.0, cooling_rate = 0.999
26 - INFO - chord#: 84 done. best_score=119.0, changed=608, unchanged=223, early_stops=8/8
26 - INFO - chord#: 88 In build_straw_man_chord_sa. tolerance = 1, sa_iterations = 1000, initial_temperature = 3.0, cooling_rate = 0.999
26 - INFO - chord#: 88 done. best_score=27.0, changed=526, unchanged=482, early_stops=8/8
26 - INFO - chord#: 90 In build_straw_man_chord_sa. tolerance = 1, sa_iterations = 1000, initial_temperature = 3.0, cooling_rate = 0.999
26 - INFO - chord#: 84 done. best_score=125.0, changed=608, unchanged=281, early_stops=8/8
26 - INFO - chord#: 88 In build_straw_man_chord_sa. tolerance = 1, sa_iterations = 1000, initial_temperature = 3.0, cooling_rate = 0.999
26 - INFO - chord#: 100 done. best_score=82.0, changed=619, unchanged=482, early_stops=8/8
26 - INFO - chord#: 102 In build_straw_man_chord_sa. tolerance = 1, sa_iterations = 1000, initial_temperature = 3.0, cooling_rate = 0.999
26 - INFO - chord#: 80 done. best_score=119.0, changed=607, unchanged=216, early_stops=8/8
26 - INFO - chord#: 82 In build_straw_man_chord_sa. tolerance = 1, sa_iterations = 1000, initial_temperature = 3.0, cooling_rate = 0.999
26 - INFO - chord#: 92 done. best_score=27.0, changed=518, unchanged=345, early_stops=8/8
26 - INFO - chord#: 96 In build_straw_man_chord_sa. tolerance = 1, sa_iterations = 1000, initial_temperature = 3.0, cooling_rate = 0.999
26 - INFO - chord#: 88 done. best_score=27.0, changed=516, unchanged=552, early_stops=8/8
26 - INFO - chord#: 90 In build_straw_man_chord_sa. tolerance = 1, sa_iterations = 1000, initial_temperature = 3.0, cooling_rate = 0.999
26 - INFO - chord#: 104 done. best_score=27.0, changed=525, unchanged=527, early_stops=8/8
26 - INFO - chord#: 106 In build_straw_man_chord_sa. tolerance = 1, sa_iterations = 1000, initial_temperature = 3.0, cooling_rate = 0.999
26 - INFO - chord#: 92 done. best_score=27.0, changed=533, unchanged=397, early_stops=8/8
26 - INFO - chord#: 96 In build_straw_man_chord_sa. tolerance = 1, sa_iterations = 1000, initial_temperature = 3.0, cooling_rate = 0.999
26 - INFO - chord#: 88 done. best_score=27.0, changed=518, unchanged=437, early_stops=8/8
26 - INFO - chord#: 90 In build_straw_man_chord_sa. tolerance = 1, sa_iterations = 1000, initial_temperature = 3.0, cooling_rate = 0.999
26 - INFO - chord#: 88 done. best_score=27.0, changed=516, unchanged=379, early_stops=8/8
26 - INFO - chord#: 90 In build_straw_man_chord_sa. tolerance = 1, sa_iterations = 1000, initial_temperature = 3.0, cooling_rate = 0.999
26 - INFO - chord#: 102 done. best_score=27.0, changed=527, unchanged=380, early_stops=8/8
26 - INFO - chord#: 104 In build_straw_man_chord_sa. tolerance = 1, sa_iterations = 1000, initial_temperature = 3.0, cooling_rate = 0.999
26 - INFO - chord#: 82 done. best_score=36.0, changed=523, unchanged=335, early_stops=8/8
26 - INFO - chord#: 84 In build_straw_man_chord_sa. tolerance = 1, sa_iterations = 1000, initial_temperature = 3.0, cooling_rate = 0.999
26 - INFO - chord#: 90 done. best_score=67.0, changed=612, unchanged=329, early_stops=8/8
26 - INFO - chord#: 92 In build_straw_man_chord_sa. tolerance = 1, sa_iterations = 1000, initial_temperature = 3.0, cooling_rate = 0.999
26 - INFO - chord#: 96 done. best_score=27.0, changed=517, unchanged=350, early_stops=8/8
26 - INFO - chord#: 100 In build_straw_man_chord_sa. tolerance = 1, sa_iterations = 1000, initial_temperature = 3.0, cooling_rate = 0.999
26 - INFO - chord#: 80 done. best_score=126.0, changed=614, unchanged=336, early_stops=8/8
26 - INFO - chord#: 82 In build_straw_man_chord_sa. tolerance = 1, sa_iterations = 1000, initial_temperature = 3.0, cooling_rate = 0.999
26 - INFO - chord#: 104 done. best_score=27.0, changed=521, unchanged=425, early_stops=8/8
26 - INFO - chord#: 106 In build_straw_man_chord_sa. tolerance = 1, sa_iterations = 1000, initial_temperature = 3.0, cooling_rate = 0.999
26 - INFO - chord#: 106 done. best_score=36.0, changed=529, unchanged=434, early_stops=8/8
26 - INFO - chord#: 108 In build_straw_man_chord_sa. tolerance = 1, sa_iterations = 1000, initial_temperature = 3.0, cooling_rate = 0.999
26 - INFO - chord#: 82 done. best_score=36.0, changed=581, unchanged=231, early_stops=8/8
26 - INFO - chord#: 84 In build_straw_man_chord_sa. tolerance = 1, sa_iterations = 1000, initial_temperature = 3.0, cooling_rate = 0.999
26 - INFO - chord#: 96 done. best_score=27.0, changed=523, unchanged=527, early_stops=8/8
26 - INFO - chord#: 100 In build_straw_man_chord_sa. tolerance = 1, sa_iterations = 1000, initial_temperature = 3.0, cooling_rate = 0.999
26 - INFO - chord#: 92 done. best_score=27.0, changed=521, unchanged=471, early_stops=8/8
26 - INFO - chord#: 96 In build_straw_man_chord_sa. tolerance = 1, sa_iterations = 1000, initial_temperature = 3.0, cooling_rate = 0.999
26 - INFO - chord#: 90 done. best_score=125.0, changed=612, unchanged=335, early_stops=8/8
26 - INFO - chord#: 92 In build_straw_man_chord_sa. tolerance = 1, sa_iterations = 1000, initial_temperature = 3.0, cooling_rate = 0.999
26 - INFO - chord#: 90 done. best_score=96.0, changed=614, unchanged=426, early_stops=8/8
26 - INFO - chord#: 92 In build_straw_man_chord_sa. tolerance = 1, sa_iterations = 1000, initial_temperature = 3.0, cooling_rate = 0.999
26 - INFO - chord#: 106 done. best_score=36.0, changed=517, unchanged=352, early_stops=8/8
26 - INFO - chord#: 108 In build_straw_man_chord_sa. tolerance = 1, sa_iterations = 1000, initial_temperature = 3.0, cooling_rate = 0.999
26 - INFO - chord#: 90 done. best_score=137.0, changed=609, unchanged=298, early_stops=8/8
26 - INFO - chord#: 92 In build_straw_man_chord_sa. tolerance = 1, sa_iterations = 1000, initial_temperature = 3.0, cooling_rate = 0.999
26 - INFO - chord#: 90 done. best_score=67.0, changed=610, unchanged=308, early_stops=8/8
26 - INFO - chord#: 92 In build_straw_man_chord_sa. tolerance = 1, sa_iterations = 1000, initial_temperature = 3.0, cooling_rate = 0.999
26 - INFO - chord#: 90 done. best_score=67.0, changed=614, unchanged=294, early_stops=8/8
26 - INFO - chord#: 92 In build_straw_man_chord_sa. tolerance = 1, sa_iterations = 1000, initial_temperature = 3.0, cooling_rate = 0.999
26 - INFO - chord#: 96 done. best_score=27.0, changed=508, unchanged=314, early_stops=8/8
26 - INFO - chord#: 100 In build_straw_man_chord_sa. tolerance = 1, sa_iterations = 1000, initial_temperature = 3.0, cooling_rate = 0.999
26 - INFO - chord#: 108 done. best_score=36.0, changed=528, unchanged=446, early_stops=8/8
26 - INFO - chord#: 112 In build_straw_man_chord_sa. tolerance = 1, sa_iterations = 1000, initial_temperature = 3.0, cooling_rate = 0.999
26 - INFO - chord#: 84 done. best_score=78.0, changed=609, unchanged=344, early_stops=8/8
26 - INFO - chord#: 88 In build_straw_man_chord_sa. tolerance = 1, sa_iterations = 1000, initial_temperature = 3.0, cooling_rate = 0.999
26 - INFO - chord#: 100 done. best_score=82.0, changed=613, unchanged=356, early_stops=8/8
26 - INFO - chord#: 102 In build_straw_man_chord_sa. tolerance = 1, sa_iterations = 1000, initial_temperature = 3.0, cooling_rate = 0.999
26 - INFO - chord#: 92 done. best_score=27.0, changed=521, unchanged=341, early_stops=8/8
26 - INFO - chord#: 96 In build_straw_man_chord_sa. tolerance = 1, sa_iterations = 1000, initial_temperature = 3.0, cooling_rate = 0.999
26 - INFO - chord#: 92 done. best_score=27.0, changed=517, unchanged=338, early_stops=8/8
26 - INFO - chord#: 96 In build_straw_man_chord_sa. tolerance = 1, sa_iterations = 1000, initial_temperature = 3.0, cooling_rate = 0.999
26 - INFO - chord#: 108 done. best_score=27.0, changed=520, unchanged=398, early_stops=8/8
26 - INFO - chord#: 112 In build_straw_man_chord_sa. tolerance = 1, sa_iterations = 1000, initial_temperature = 3.0, cooling_rate = 0.999
26 - INFO - chord#: 92 done. best_score=27.0, changed=523, unchanged=335, early_stops=8/8
26 - INFO - chord#: 96 In build_straw_man_chord_sa. tolerance = 1, sa_iterations = 1000, initial_temperature = 3.0, cooling_rate = 0.999
26 - INFO - chord#: 92 done. best_score=27.0, changed=528, unchanged=548, early_stops=8/8
26 - INFO - chord#: 96 In build_straw_man_chord_sa. tolerance = 1, sa_iterations = 1000, initial_temperature = 3.0, cooling_rate = 0.999
26 - INFO - chord#: 92 done. best_score=27.0, changed=523, unchanged=432, early_stops=8/8
26 - INFO - chord#: 96 In build_straw_man_chord_sa. tolerance = 1, sa_iterations = 1000, initial_temperature = 3.0, cooling_rate = 0.999
26 - INFO - chord#: 84 done. best_score=78.0, changed=616, unchanged=344, early_stops=8/8
26 - INFO - chord#: 88 In build_straw_man_chord_sa. tolerance = 1, sa_iterations = 1000, initial_temperature = 3.0, cooling_rate = 0.999
26 - INFO - chord#: 112 done. best_score=27.0, changed=530, unchanged=381, early_stops=8/8
26 - INFO - chord#: 116 In build_straw_man_chord_sa. tolerance = 1, sa_iterations = 1000, initial_temperature = 3.0, cooling_rate = 0.999
26 - INFO - chord#: 100 done. best_score=120.0, changed=617, unchanged=345, early_stops=8/8
26 - INFO - chord#: 102 In build_straw_man_chord_sa. tolerance = 1, sa_iterations = 1000, initial_temperature = 3.0, cooling_rate = 0.999
26 - INFO - chord#: 102 done. best_score=27.0, changed=526, unchanged=324, early_stops=8/8
26 - INFO - chord#: 104 In build_straw_man_chord_sa. tolerance = 1, sa_iterations = 1000, initial_temperature = 3.0, cooling_rate = 0.999
26 - INFO - chord#: 96 done. best_score=27.0, changed=512, unchanged=350, early_stops=8/8
26 - INFO - chord#: 100 In build_straw_man_chord_sa. tolerance = 1, sa_iterations = 1000, initial_temperature = 3.0, cooling_rate = 0.999
26 - INFO - chord#: 112 done. best_score=27.0, changed=535, unchanged=457, early_stops=8/8
26 - INFO - chord#: 116 In build_straw_man_chord_sa. tolerance = 1, sa_iterations = 1000, initial_temperature = 3.0, cooling_rate = 0.999
26 - INFO - chord#: 88 done. best_score=27.0, changed=515, unchanged=346, early_stops=8/8
26 - INFO - chord#: 90 In build_straw_man_chord_sa. tolerance = 1, sa_iterations = 1000, initial_temperature = 3.0, cooling_rate = 0.999
26 - INFO - chord#: 96 done. best_score=27.0, changed=522, unchanged=455, early_stops=8/8
26 - INFO - chord#: 100 In build_straw_man_chord_sa. tolerance = 1, sa_iterations = 1000, initial_temperature = 3.0, cooling_rate = 0.999
26 - INFO - chord#: 96 done. best_score=27.0, changed=522, unchanged=324, early_stops=8/8
26 - INFO - chord#: 96 done. best_score=27.0, changed=519, unchanged=486, early_stops=8/8
26 - INFO - chord#: 100 In build_straw_man_chord_sa. tolerance = 1, sa_iterations = 1000, initial_temperature = 3.0, cooling_rate = 0.999
26 - INFO - chord#: 100 In build_straw_man_chord_sa. tolerance = 1, sa_iterations = 1000, initial_temperature = 3.0, cooling_rate = 0.999
26 - INFO - chord#: 88 done. best_score=27.0, changed=508, unchanged=356, early_stops=8/8
26 - INFO - chord#: 90 In build_straw_man_chord_sa. tolerance = 1, sa_iterations = 1000, initial_temperature = 3.0, cooling_rate = 0.999
26 - INFO - chord#: 104 done. best_score=27.0, changed=516, unchanged=344, early_stops=8/8
26 - INFO - chord#: 106 In build_straw_man_chord_sa. tolerance = 1, sa_iterations = 1000, initial_temperature = 3.0, cooling_rate = 0.999
26 - INFO - chord#: 102 done. best_score=27.0, changed=529, unchanged=351, early_stops=8/8
26 - INFO - chord#: 104 In build_straw_man_chord_sa. tolerance = 1, sa_iterations = 1000, initial_temperature = 3.0, cooling_rate = 0.999
26 - INFO - chord#: 96 done. best_score=27.0, changed=526, unchanged=533, early_stops=8/8
26 - INFO - chord#: 100 In build_straw_man_chord_sa. tolerance = 1, sa_iterations = 1000, initial_temperature = 3.0, cooling_rate = 0.999
26 - INFO - chord#: 100 done. best_score=146.0, changed=613, unchanged=252, early_stops=8/8
26 - INFO - chord#: 102 In build_straw_man_chord_sa. tolerance = 1, sa_iterations = 1000, initial_temperature = 3.0, cooling_rate = 0.999
26 - INFO - chord#: 104 done. best_score=27.0, changed=523, unchanged=500, early_stops=8/8
26 - INFO - chord#: 106 In build_straw_man_chord_sa. tolerance = 1, sa_iterations = 1000, initial_temperature = 3.0, cooling_rate = 0.999
26 - INFO - chord#: 106 done. best_score=36.0, changed=530, unchanged=427, early_stops=8/8
26 - INFO - chord#: 108 In build_straw_man_chord_sa. tolerance = 1, sa_iterations = 1000, initial_temperature = 3.0, cooling_rate = 0.999
26 - INFO - chord#: 116 done. best_score=64.0, changed=613, unchanged=202, early_stops=8/8
26 - INFO - chord#: 118 In build_straw_man_chord_sa. tolerance = 1, sa_iterations = 1000, initial_temperature = 3.0, cooling_rate = 0.999
26 - INFO - chord#: 116 done. best_score=64.0, changed=607, unchanged=227, early_stops=8/8
26 - INFO - chord#: 118 In build_straw_man_chord_sa. tolerance = 1, sa_iterations = 1000, initial_temperature = 3.0, cooling_rate = 0.999
26 - INFO - chord#: 100 done. best_score=82.0, changed=612, unchanged=351, early_stops=8/8
26 - INFO - chord#: 102 In build_straw_man_chord_sa. tolerance = 1, sa_iterations = 1000, initial_temperature = 3.0, cooling_rate = 0.999
26 - INFO - chord#: 102 done. best_score=27.0, changed=528, unchanged=347, early_stops=8/8
26 - INFO - chord#: 104 In build_straw_man_chord_sa. tolerance = 1, sa_iterations = 1000, initial_temperature = 3.0, cooling_rate = 0.999
26 - INFO - chord#: 100 done. best_score=82.0, changed=611, unchanged=346, early_stops=8/8
26 - INFO - chord#: 102 In build_straw_man_chord_sa. tolerance = 1, sa_iterations = 1000, initial_temperature = 3.0, cooling_rate = 0.999
26 - INFO - chord#: 106 done. best_score=36.0, changed=524, unchanged=435, early_stops=8/8
26 - INFO - chord#: 108 In build_straw_man_chord_sa. tolerance = 1, sa_iterations = 1000, initial_temperature = 3.0, cooling_rate = 0.999
26 - INFO - chord#: 90 done. best_score=137.0, changed=610, unchanged=290, early_stops=8/8
26 - INFO - chord#: 92 In build_straw_man_chord_sa. tolerance = 1, sa_iterations = 1000, initial_temperature = 3.0, cooling_rate = 0.999
26 - INFO - chord#: 100 done. best_score=146.0, changed=609, unchanged=244, early_stops=8/8
26 - INFO - chord#: 102 In build_straw_man_chord_sa. tolerance = 1, sa_iterations = 1000, initial_temperature = 3.0, cooling_rate = 0.999
26 - INFO - chord#: 102 done. best_score=27.0, changed=530, unchanged=309, early_stops=8/8
26 - INFO - chord#: 104 In build_straw_man_chord_sa. tolerance = 1, sa_iterations = 1000, initial_temperature = 3.0, cooling_rate = 0.999
26 - INFO - chord#: 118 done. best_score=27.0, changed=524, unchanged=371, early_stops=8/8
26 - INFO - chord#: 118 done. best_score=27.0, changed=523, unchanged=302, early_stops=8/8
26 - INFO - chord#: 120 In build_straw_man_chord_sa. tolerance = 1, sa_iterations = 1000, initial_temperature = 3.0, cooling_rate = 0.999
26 - INFO - chord#: 120 In build_straw_man_chord_sa. tolerance = 1, sa_iterations = 1000, initial_temperature = 3.0, cooling_rate = 0.999
26 - INFO - chord#: 108 done. best_score=27.0, changed=520, unchanged=473, early_stops=8/8
26 - INFO - chord#: 112 In build_straw_man_chord_sa. tolerance = 1, sa_iterations = 1000, initial_temperature = 3.0, cooling_rate = 0.999
26 - INFO - chord#: 90 done. best_score=67.0, changed=614, unchanged=405, early_stops=8/8
26 - INFO - chord#: 92 In build_straw_man_chord_sa. tolerance = 1, sa_iterations = 1000, initial_temperature = 3.0, cooling_rate = 0.999
26 - INFO - chord#: 100 done. best_score=82.0, changed=611, unchanged=285, early_stops=8/8
26 - INFO - chord#: 102 In build_straw_man_chord_sa. tolerance = 1, sa_iterations = 1000, initial_temperature = 3.0, cooling_rate = 0.999
26 - INFO - chord#: 104 done. best_score=27.0, changed=520, unchanged=397, early_stops=8/8
26 - INFO - chord#: 106 In build_straw_man_chord_sa. tolerance = 1, sa_iterations = 1000, initial_temperature = 3.0, cooling_rate = 0.999
26 - INFO - chord#: 102 done. best_score=27.0, changed=527, unchanged=457, early_stops=8/8
26 - INFO - chord#: 104 In build_straw_man_chord_sa. tolerance = 1, sa_iterations = 1000, initial_temperature = 3.0, cooling_rate = 0.999
26 - INFO - chord#: 104 done. best_score=27.0, changed=516, unchanged=349, early_stops=8/8
26 - INFO - chord#: 106 In build_straw_man_chord_sa. tolerance = 1, sa_iterations = 1000, initial_temperature = 3.0, cooling_rate = 0.999
26 - INFO - chord#: 100 done. best_score=82.0, changed=611, unchanged=388, early_stops=8/8
26 - INFO - chord#: 102 In build_straw_man_chord_sa. tolerance = 1, sa_iterations = 1000, initial_temperature = 3.0, cooling_rate = 0.999
26 - INFO - chord#: 108 done. best_score=27.0, changed=524, unchanged=552, early_stops=8/8
26 - INFO - chord#: 112 In build_straw_man_chord_sa. tolerance = 1, sa_iterations = 1000, initial_temperature = 3.0, cooling_rate = 0.999
26 - INFO - chord#: 102 done. best_score=27.0, changed=522, unchanged=330, early_stops=8/8
26 - INFO - chord#: 104 In build_straw_man_chord_sa. tolerance = 1, sa_iterations = 1000, initial_temperature = 3.0, cooling_rate = 0.999
26 - INFO - chord#: 112 done. best_score=27.0, changed=517, unchanged=362, early_stops=8/8
26 - INFO - chord#: 116 In build_straw_man_chord_sa. tolerance = 1, sa_iterations = 1000, initial_temperature = 3.0, cooling_rate = 0.999
26 - INFO - chord#: 92 done. best_score=27.0, changed=529, unchanged=396, early_stops=8/8
26 - INFO - chord#: 96 In build_straw_man_chord_sa. tolerance = 1, sa_iterations = 1000, initial_temperature = 3.0, cooling_rate = 0.999
26 - INFO - chord#: 92 done. best_score=27.0, changed=534, unchanged=362, early_stops=8/8
26 - INFO - chord#: 96 In build_straw_man_chord_sa. tolerance = 1, sa_iterations = 1000, initial_temperature = 3.0, cooling_rate = 0.999
26 - INFO - chord#: 120 done. best_score=27.0, changed=524, unchanged=429, early_stops=8/8
26 - INFO - chord#: 124 In build_straw_man_chord_sa. tolerance = 1, sa_iterations = 1000, initial_temperature = 3.0, cooling_rate = 0.999
26 - INFO - chord#: 104 done. best_score=27.0, changed=522, unchanged=380, early_stops=8/8
26 - INFO - chord#: 106 In build_straw_man_chord_sa. tolerance = 1, sa_iterations = 1000, initial_temperature = 3.0, cooling_rate = 0.999
26 - INFO - chord#: 102 done. best_score=27.0, changed=531, unchanged=430, early_stops=8/8
26 - INFO - chord#: 104 In build_straw_man_chord_sa. tolerance = 1, sa_iterations = 1000, initial_temperature = 3.0, cooling_rate = 0.999
26 - INFO - chord#: 120 done. best_score=27.0, changed=532, unchanged=531, early_stops=8/8
26 - INFO - chord#: 124 In build_straw_man_chord_sa. tolerance = 1, sa_iterations = 1000, initial_temperature = 3.0, cooling_rate = 0.999
26 - INFO - chord#: 106 done. best_score=36.0, changed=518, unchanged=396, early_stops=8/8
26 - INFO - chord#: 108 In build_straw_man_chord_sa. tolerance = 1, sa_iterations = 1000, initial_temperature = 3.0, cooling_rate = 0.999
26 - INFO - chord#: 112 done. best_score=27.0, changed=523, unchanged=386, early_stops=8/8
26 - INFO - chord#: 116 In build_straw_man_chord_sa. tolerance = 1, sa_iterations = 1000, initial_temperature = 3.0, cooling_rate = 0.999
26 - INFO - chord#: 106 done. best_score=36.0, changed=526, unchanged=422, early_stops=8/8
26 - INFO - chord#: 108 In build_straw_man_chord_sa. tolerance = 1, sa_iterations = 1000, initial_temperature = 3.0, cooling_rate = 0.999
26 - INFO - chord#: 96 done. best_score=27.0, changed=520, unchanged=470, early_stops=8/8
26 - INFO - chord#: 100 In build_straw_man_chord_sa. tolerance = 1, sa_iterations = 1000, initial_temperature = 3.0, cooling_rate = 0.999
26 - INFO - chord#: 104 done. best_score=27.0, changed=525, unchanged=391, early_stops=8/8
26 - INFO - chord#: 106 In build_straw_man_chord_sa. tolerance = 1, sa_iterations = 1000, initial_temperature = 3.0, cooling_rate = 0.999
26 - INFO - chord#: 102 done. best_score=27.0, changed=533, unchanged=410, early_stops=8/8
26 - INFO - chord#: 104 In build_straw_man_chord_sa. tolerance = 1, sa_iterations = 1000, initial_temperature = 3.0, cooling_rate = 0.999
26 - INFO - chord#: 124 done. best_score=27.0, changed=516, unchanged=315, early_stops=8/8
26 - INFO - chord#: 130 In build_straw_man_chord_sa. tolerance = 1, sa_iterations = 1000, initial_temperature = 3.0, cooling_rate = 0.999
26 - INFO - chord#: 106 done. best_score=36.0, changed=518, unchanged=343, early_stops=8/8
26 - INFO - chord#: 108 In build_straw_man_chord_sa. tolerance = 1, sa_iterations = 1000, initial_temperature = 3.0, cooling_rate = 0.999
26 - INFO - chord#: 96 done. best_score=27.0, changed=520, unchanged=383, early_stops=8/8
26 - INFO - chord#: 100 In build_straw_man_chord_sa. tolerance = 1, sa_iterations = 1000, initial_temperature = 3.0, cooling_rate = 0.999
26 - INFO - chord#: 104 done. best_score=27.0, changed=521, unchanged=372, early_stops=8/8
26 - INFO - chord#: 106 In build_straw_man_chord_sa. tolerance = 1, sa_iterations = 1000, initial_temperature = 3.0, cooling_rate = 0.999
26 - INFO - chord#: 108 done. best_score=27.0, changed=524, unchanged=408, early_stops=8/8
26 - INFO - chord#: 112 In build_straw_man_chord_sa. tolerance = 1, sa_iterations = 1000, initial_temperature = 3.0, cooling_rate = 0.999
26 - INFO - chord#: 108 done. best_score=27.0, changed=521, unchanged=401, early_stops=8/8
26 - INFO - chord#: 112 In build_straw_man_chord_sa. tolerance = 1, sa_iterations = 1000, initial_temperature = 3.0, cooling_rate = 0.999
26 - INFO - chord#: 124 done. best_score=27.0, changed=521, unchanged=451, early_stops=8/8
26 - INFO - chord#: 130 In build_straw_man_chord_sa. tolerance = 1, sa_iterations = 1000, initial_temperature = 3.0, cooling_rate = 0.999
26 - INFO - chord#: 108 done. best_score=27.0, changed=518, unchanged=368, early_stops=8/8
26 - INFO - chord#: 112 In build_straw_man_chord_sa. tolerance = 1, sa_iterations = 1000, initial_temperature = 3.0, cooling_rate = 0.999
26 - INFO - chord#: 104 done. best_score=27.0, changed=528, unchanged=359, early_stops=8/8
26 - INFO - chord#: 106 In build_straw_man_chord_sa. tolerance = 1, sa_iterations = 1000, initial_temperature = 3.0, cooling_rate = 0.999
26 - INFO - chord#: 116 done. best_score=64.0, changed=615, unchanged=342, early_stops=8/8
26 - INFO - chord#: 118 In build_straw_man_chord_sa. tolerance = 1, sa_iterations = 1000, initial_temperature = 3.0, cooling_rate = 0.999
26 - INFO - chord#: 106 done. best_score=36.0, changed=526, unchanged=465, early_stops=8/8
26 - INFO - chord#: 108 In build_straw_man_chord_sa. tolerance = 1, sa_iterations = 1000, initial_temperature = 3.0, cooling_rate = 0.999
26 - INFO - chord#: 112 done. best_score=27.0, changed=530, unchanged=469, early_stops=8/8
26 - INFO - chord#: 116 In build_straw_man_chord_sa. tolerance = 1, sa_iterations = 1000, initial_temperature = 3.0, cooling_rate = 0.999
26 - INFO - chord#: 106 done. best_score=36.0, changed=524, unchanged=414, early_stops=8/8
26 - INFO - chord#: 108 In build_straw_man_chord_sa. tolerance = 1, sa_iterations = 1000, initial_temperature = 3.0, cooling_rate = 0.999
26 - INFO - chord#: 112 done. best_score=27.0, changed=538, unchanged=460, early_stops=8/8
26 - INFO - chord#: 116 In build_straw_man_chord_sa. tolerance = 1, sa_iterations = 1000, initial_temperature = 3.0, cooling_rate = 0.999
26 - INFO - chord#: 112 done. best_score=27.0, changed=521, unchanged=337, early_stops=8/8
26 - INFO - chord#: 116 In build_straw_man_chord_sa. tolerance = 1, sa_iterations = 1000, initial_temperature = 3.0, cooling_rate = 0.999
26 - INFO - chord#: 130 done. best_score=137.0, changed=609, unchanged=263, early_stops=8/8
26 - INFO - chord#: 132 In build_straw_man_chord_sa. tolerance = 1, sa_iterations = 1000, initial_temperature = 3.0, cooling_rate = 0.999
26 - INFO - chord#: 118 done. best_score=27.0, changed=528, unchanged=368, early_stops=8/8
26 - INFO - chord#: 120 In build_straw_man_chord_sa. tolerance = 1, sa_iterations = 1000, initial_temperature = 3.0, cooling_rate = 0.999
26 - INFO - chord#: 100 done. best_score=82.0, changed=610, unchanged=279, early_stops=8/8
26 - INFO - chord#: 102 In build_straw_man_chord_sa. tolerance = 1, sa_iterations = 1000, initial_temperature = 3.0, cooling_rate = 0.999
26 - INFO - chord#: 106 done. best_score=36.0, changed=524, unchanged=351, early_stops=8/8
26 - INFO - chord#: 108 In build_straw_man_chord_sa. tolerance = 1, sa_iterations = 1000, initial_temperature = 3.0, cooling_rate = 0.999
26 - INFO - chord#: 108 done. best_score=27.0, changed=522, unchanged=385, early_stops=8/8
26 - INFO - chord#: 112 In build_straw_man_chord_sa. tolerance = 1, sa_iterations = 1000, initial_temperature = 3.0, cooling_rate = 0.999
26 - INFO - chord#: 116 done. best_score=64.0, changed=613, unchanged=353, early_stops=8/8
26 - INFO - chord#: 118 In build_straw_man_chord_sa. tolerance = 1, sa_iterations = 1000, initial_temperature = 3.0, cooling_rate = 0.999
26 - INFO - chord#: 132 done. best_score=27.0, changed=527, unchanged=501, early_stops=8/8
26 - INFO - chord#: 102 done. best_score=27.0, changed=530, unchanged=362, early_stops=8/8
26 - INFO - chord#: 134 In build_straw_man_chord_sa. tolerance = 1, sa_iterations = 1000, initial_temperature = 3.0, cooling_rate = 0.999
26 - INFO - chord#: 104 In build_straw_man_chord_sa. tolerance = 1, sa_iterations = 1000, initial_temperature = 3.0, cooling_rate = 0.999
26 - INFO - chord#: 108 done. best_score=27.0, changed=518, unchanged=430, early_stops=8/8
26 - INFO - chord#: 112 In build_straw_man_chord_sa. tolerance = 1, sa_iterations = 1000, initial_temperature = 3.0, cooling_rate = 0.999
26 - INFO - chord#: 120 done. best_score=27.0, changed=518, unchanged=475, early_stops=8/8
26 - INFO - chord#: 124 In build_straw_man_chord_sa. tolerance = 1, sa_iterations = 1000, initial_temperature = 3.0, cooling_rate = 0.999
26 - INFO - chord#: 108 done. best_score=27.0, changed=526, unchanged=316, early_stops=8/8
26 - INFO - chord#: 112 In build_straw_man_chord_sa. tolerance = 1, sa_iterations = 1000, initial_temperature = 3.0, cooling_rate = 0.999
26 - INFO - chord#: 130 done. best_score=67.0, changed=607, unchanged=250, early_stops=8/8
26 - INFO - chord#: 132 In build_straw_man_chord_sa. tolerance = 1, sa_iterations = 1000, initial_temperature = 3.0, cooling_rate = 0.999
26 - INFO - chord#: 100 done. best_score=82.0, changed=615, unchanged=466, early_stops=8/8
26 - INFO - chord#: 102 In build_straw_man_chord_sa. tolerance = 1, sa_iterations = 1000, initial_temperature = 3.0, cooling_rate = 0.999
26 - INFO - chord#: 118 done. best_score=27.0, changed=525, unchanged=323, early_stops=8/8
26 - INFO - chord#: 120 In build_straw_man_chord_sa. tolerance = 1, sa_iterations = 1000, initial_temperature = 3.0, cooling_rate = 0.999
26 - INFO - chord#: 112 done. best_score=27.0, changed=521, unchanged=371, early_stops=8/8
26 - INFO - chord#: 116 In build_straw_man_chord_sa. tolerance = 1, sa_iterations = 1000, initial_temperature = 3.0, cooling_rate = 0.999
26 - INFO - chord#: 116 done. best_score=64.0, changed=611, unchanged=274, early_stops=8/8
26 - INFO - chord#: 118 In build_straw_man_chord_sa. tolerance = 1, sa_iterations = 1000, initial_temperature = 3.0, cooling_rate = 0.999
26 - INFO - chord#: 104 done. best_score=27.0, changed=519, unchanged=372, early_stops=8/8
26 - INFO - chord#: 106 In build_straw_man_chord_sa. tolerance = 1, sa_iterations = 1000, initial_temperature = 3.0, cooling_rate = 0.999
26 - INFO - chord#: 134 done. best_score=27.0, changed=521, unchanged=334, early_stops=8/8
26 - INFO - chord#: 136 In build_straw_man_chord_sa. tolerance = 1, sa_iterations = 1000, initial_temperature = 3.0, cooling_rate = 0.999
26 - INFO - chord#: 116 done. best_score=64.0, changed=611, unchanged=354, early_stops=8/8
26 - INFO - chord#: 118 In build_straw_man_chord_sa. tolerance = 1, sa_iterations = 1000, initial_temperature = 3.0, cooling_rate = 0.999
26 - INFO - chord#: 112 done. best_score=27.0, changed=523, unchanged=331, early_stops=8/8
26 - INFO - chord#: 116 In build_straw_man_chord_sa. tolerance = 1, sa_iterations = 1000, initial_temperature = 3.0, cooling_rate = 0.999
26 - INFO - chord#: 116 done. best_score=64.0, changed=612, unchanged=391, early_stops=8/8
26 - INFO - chord#: 118 In build_straw_man_chord_sa. tolerance = 1, sa_iterations = 1000, initial_temperature = 3.0, cooling_rate = 0.999
26 - INFO - chord#: 112 done. best_score=27.0, changed=517, unchanged=388, early_stops=8/8
26 - INFO - chord#: 124 done. best_score=27.0, changed=523, unchanged=362, early_stops=8/8
26 - INFO - chord#: 116 In build_straw_man_chord_sa. tolerance = 1, sa_iterations = 1000, initial_temperature = 3.0, cooling_rate = 0.999
26 - INFO - chord#: 130 In build_straw_man_chord_sa. tolerance = 1, sa_iterations = 1000, initial_temperature = 3.0, cooling_rate = 0.999
26 - INFO - chord#: 132 done. best_score=27.0, changed=527, unchanged=416, early_stops=8/8
26 - INFO - chord#: 134 In build_straw_man_chord_sa. tolerance = 1, sa_iterations = 1000, initial_temperature = 3.0, cooling_rate = 0.999
26 - INFO - chord#: 102 done. best_score=27.0, changed=529, unchanged=297, early_stops=8/8
26 - INFO - chord#: 104 In build_straw_man_chord_sa. tolerance = 1, sa_iterations = 1000, initial_temperature = 3.0, cooling_rate = 0.999
26 - INFO - chord#: 118 done. best_score=27.0, changed=534, unchanged=459, early_stops=8/8
26 - INFO - chord#: 120 In build_straw_man_chord_sa. tolerance = 1, sa_iterations = 1000, initial_temperature = 3.0, cooling_rate = 0.999
26 - INFO - chord#: 106 done. best_score=36.0, changed=524, unchanged=459, early_stops=8/8
26 - INFO - chord#: 108 In build_straw_man_chord_sa. tolerance = 1, sa_iterations = 1000, initial_temperature = 3.0, cooling_rate = 0.999
26 - INFO - chord#: 136 done. best_score=27.0, changed=517, unchanged=382, early_stops=8/8
26 - INFO - chord#: 138 In build_straw_man_chord_sa. tolerance = 1, sa_iterations = 1000, initial_temperature = 3.0, cooling_rate = 0.999
26 - INFO - chord#: 120 done. best_score=27.0, changed=518, unchanged=397, early_stops=8/8
26 - INFO - chord#: 124 In build_straw_man_chord_sa. tolerance = 1, sa_iterations = 1000, initial_temperature = 3.0, cooling_rate = 0.999
26 - INFO - chord#: 118 done. best_score=27.0, changed=537, unchanged=389, early_stops=8/8
26 - INFO - chord#: 120 In build_straw_man_chord_sa. tolerance = 1, sa_iterations = 1000, initial_temperature = 3.0, cooling_rate = 0.999
26 - INFO - chord#: 118 done. best_score=27.0, changed=532, unchanged=337, early_stops=8/8
26 - INFO - chord#: 120 In build_straw_man_chord_sa. tolerance = 1, sa_iterations = 1000, initial_temperature = 3.0, cooling_rate = 0.999
26 - INFO - chord#: 134 done. best_score=27.0, changed=529, unchanged=310, early_stops=8/8
26 - INFO - chord#: 136 In build_straw_man_chord_sa. tolerance = 1, sa_iterations = 1000, initial_temperature = 3.0, cooling_rate = 0.999
26 - INFO - chord#: 104 done. best_score=27.0, changed=522, unchanged=455, early_stops=8/8
26 - INFO - chord#: 106 In build_straw_man_chord_sa. tolerance = 1, sa_iterations = 1000, initial_temperature = 3.0, cooling_rate = 0.999
26 - INFO - chord#: 108 done. best_score=27.0, changed=517, unchanged=337, early_stops=8/8
26 - INFO - chord#: 112 In build_straw_man_chord_sa. tolerance = 1, sa_iterations = 1000, initial_temperature = 3.0, cooling_rate = 0.999
26 - INFO - chord#: 120 done. best_score=27.0, changed=513, unchanged=355, early_stops=8/8
26 - INFO - chord#: 124 In build_straw_man_chord_sa. tolerance = 1, sa_iterations = 1000, initial_temperature = 3.0, cooling_rate = 0.999
26 - INFO - chord#: 120 done. best_score=27.0, changed=528, unchanged=488, early_stops=8/8
26 - INFO - chord#: 124 In build_straw_man_chord_sa. tolerance = 1, sa_iterations = 1000, initial_temperature = 3.0, cooling_rate = 0.999
26 - INFO - chord#: 124 done. best_score=27.0, changed=527, unchanged=468, early_stops=8/8
26 - INFO - chord#: 130 In build_straw_man_chord_sa. tolerance = 1, sa_iterations = 1000, initial_temperature = 3.0, cooling_rate = 0.999
26 - INFO - chord#: 120 done. best_score=27.0, changed=522, unchanged=448, early_stops=8/8
26 - INFO - chord#: 124 In build_straw_man_chord_sa. tolerance = 1, sa_iterations = 1000, initial_temperature = 3.0, cooling_rate = 0.999
26 - INFO - chord#: 116 done. best_score=104.0, changed=606, unchanged=230, early_stops=8/8
26 - INFO - chord#: 118 In build_straw_man_chord_sa. tolerance = 1, sa_iterations = 1000, initial_temperature = 3.0, cooling_rate = 0.999
26 - INFO - chord#: 116 done. best_score=64.0, changed=612, unchanged=286, early_stops=8/8
26 - INFO - chord#: 118 In build_straw_man_chord_sa. tolerance = 1, sa_iterations = 1000, initial_temperature = 3.0, cooling_rate = 0.999
26 - INFO - chord#: 112 done. best_score=27.0, changed=528, unchanged=323, early_stops=8/8
26 - INFO - chord#: 116 In build_straw_man_chord_sa. tolerance = 1, sa_iterations = 1000, initial_temperature = 3.0, cooling_rate = 0.999
26 - INFO - chord#: 130 done. best_score=67.0, changed=612, unchanged=412, early_stops=8/8
26 - INFO - chord#: 132 In build_straw_man_chord_sa. tolerance = 1, sa_iterations = 1000, initial_temperature = 3.0, cooling_rate = 0.999
26 - INFO - chord#: 136 done. best_score=27.0, changed=534, unchanged=455, early_stops=8/8
26 - INFO - chord#: 138 In build_straw_man_chord_sa. tolerance = 1, sa_iterations = 1000, initial_temperature = 3.0, cooling_rate = 0.999
26 - INFO - chord#: 124 done. best_score=27.0, changed=525, unchanged=409, early_stops=8/8
26 - INFO - chord#: 130 In build_straw_man_chord_sa. tolerance = 1, sa_iterations = 1000, initial_temperature = 3.0, cooling_rate = 0.999
26 - INFO - chord#: 138 done. best_score=64.0, changed=606, unchanged=296, early_stops=8/8
26 - INFO - chord#: 140 In build_straw_man_chord_sa. tolerance = 1, sa_iterations = 1000, initial_temperature = 3.0, cooling_rate = 0.999
26 - INFO - chord#: 106 done. best_score=36.0, changed=522, unchanged=361, early_stops=8/8
26 - INFO - chord#: 108 In build_straw_man_chord_sa. tolerance = 1, sa_iterations = 1000, initial_temperature = 3.0, cooling_rate = 0.999
26 - INFO - chord#: 124 done. best_score=27.0, changed=521, unchanged=370, early_stops=8/8
26 - INFO - chord#: 130 In build_straw_man_chord_sa. tolerance = 1, sa_iterations = 1000, initial_temperature = 3.0, cooling_rate = 0.999
26 - INFO - chord#: 116 done. best_score=71.0, changed=609, unchanged=326, early_stops=8/8
26 - INFO - chord#: 118 In build_straw_man_chord_sa. tolerance = 1, sa_iterations = 1000, initial_temperature = 3.0, cooling_rate = 0.999
26 - INFO - chord#: 124 done. best_score=27.0, changed=524, unchanged=402, early_stops=8/8
26 - INFO - chord#: 130 In build_straw_man_chord_sa. tolerance = 1, sa_iterations = 1000, initial_temperature = 3.0, cooling_rate = 0.999
26 - INFO - chord#: 118 done. best_score=27.0, changed=535, unchanged=325, early_stops=8/8
26 - INFO - chord#: 120 In build_straw_man_chord_sa. tolerance = 1, sa_iterations = 1000, initial_temperature = 3.0, cooling_rate = 0.999
26 - INFO - chord#: 132 done. best_score=27.0, changed=524, unchanged=330, early_stops=8/8
26 - INFO - chord#: 134 In build_straw_man_chord_sa. tolerance = 1, sa_iterations = 1000, initial_temperature = 3.0, cooling_rate = 0.999
26 - INFO - chord#: 118 done. best_score=27.0, changed=529, unchanged=396, early_stops=8/8
26 - INFO - chord#: 120 In build_straw_man_chord_sa. tolerance = 1, sa_iterations = 1000, initial_temperature = 3.0, cooling_rate = 0.999
26 - INFO - chord#: 140 done. best_score=27.0, changed=524, unchanged=436, early_stops=8/8
26 - INFO - chord#: 142 In build_straw_man_chord_sa. tolerance = 1, sa_iterations = 1000, initial_temperature = 3.0, cooling_rate = 0.999
26 - INFO - chord#: 118 done. best_score=27.0, changed=541, unchanged=331, early_stops=8/8
26 - INFO - chord#: 120 In build_straw_man_chord_sa. tolerance = 1, sa_iterations = 1000, initial_temperature = 3.0, cooling_rate = 0.999
26 - INFO - chord#: 108 done. best_score=27.0, changed=520, unchanged=430, early_stops=8/8
26 - INFO - chord#: 112 In build_straw_man_chord_sa. tolerance = 1, sa_iterations = 1000, initial_temperature = 3.0, cooling_rate = 0.999
26 - INFO - chord#: 134 done. best_score=27.0, changed=531, unchanged=362, early_stops=8/8
26 - INFO - chord#: 136 In build_straw_man_chord_sa. tolerance = 1, sa_iterations = 1000, initial_temperature = 3.0, cooling_rate = 0.999
26 - INFO - chord#: 130 done. best_score=67.0, changed=610, unchanged=240, early_stops=8/8
26 - INFO - chord#: 132 In build_straw_man_chord_sa. tolerance = 1, sa_iterations = 1000, initial_temperature = 3.0, cooling_rate = 0.999
26 - INFO - chord#: 120 done. best_score=27.0, changed=525, unchanged=398, early_stops=8/8
26 - INFO - chord#: 124 In build_straw_man_chord_sa. tolerance = 1, sa_iterations = 1000, initial_temperature = 3.0, cooling_rate = 0.999
26 - INFO - chord#: 130 done. best_score=67.0, changed=611, unchanged=312, early_stops=8/8
26 - INFO - chord#: 132 In build_straw_man_chord_sa. tolerance = 1, sa_iterations = 1000, initial_temperature = 3.0, cooling_rate = 0.999
26 - INFO - chord#: 116 done. best_score=64.0, changed=612, unchanged=300, early_stops=8/8
26 - INFO - chord#: 118 In build_straw_man_chord_sa. tolerance = 1, sa_iterations = 1000, initial_temperature = 3.0, cooling_rate = 0.999
26 - INFO - chord#: 130 done. best_score=67.0, changed=613, unchanged=339, early_stops=8/8
26 - INFO - chord#: 132 In build_straw_man_chord_sa. tolerance = 1, sa_iterations = 1000, initial_temperature = 3.0, cooling_rate = 0.999
26 - INFO - chord#: 120 done. best_score=27.0, changed=528, unchanged=652, early_stops=8/8
26 - INFO - chord#: 124 In build_straw_man_chord_sa. tolerance = 1, sa_iterations = 1000, initial_temperature = 3.0, cooling_rate = 0.999
26 - INFO - chord#: 130 done. best_score=67.0, changed=609, unchanged=310, early_stops=8/8
26 - INFO - chord#: 132 In build_straw_man_chord_sa. tolerance = 1, sa_iterations = 1000, initial_temperature = 3.0, cooling_rate = 0.999
26 - INFO - chord#: 138 done. best_score=146.0, changed=612, unchanged=303, early_stops=8/8
26 - INFO - chord#: 140 In build_straw_man_chord_sa. tolerance = 1, sa_iterations = 1000, initial_temperature = 3.0, cooling_rate = 0.999
26 - INFO - chord#: 136 done. best_score=27.0, changed=516, unchanged=322, early_stops=8/8
26 - INFO - chord#: 138 In build_straw_man_chord_sa. tolerance = 1, sa_iterations = 1000, initial_temperature = 3.0, cooling_rate = 0.999
26 - INFO - chord#: 112 done. best_score=27.0, changed=516, unchanged=381, early_stops=8/8
26 - INFO - chord#: 116 In build_straw_man_chord_sa. tolerance = 1, sa_iterations = 1000, initial_temperature = 3.0, cooling_rate = 0.999
26 - INFO - chord#: 132 done. best_score=27.0, changed=518, unchanged=338, early_stops=8/8
26 - INFO - chord#: 134 In build_straw_man_chord_sa. tolerance = 1, sa_iterations = 1000, initial_temperature = 3.0, cooling_rate = 0.999
26 - INFO - chord#: 120 done. best_score=27.0, changed=526, unchanged=421, early_stops=8/8
26 - INFO - chord#: 124 In build_straw_man_chord_sa. tolerance = 1, sa_iterations = 1000, initial_temperature = 3.0, cooling_rate = 0.999
26 - INFO - chord#: 132 done. best_score=27.0, changed=529, unchanged=376, early_stops=8/8
26 - INFO - chord#: 134 In build_straw_man_chord_sa. tolerance = 1, sa_iterations = 1000, initial_temperature = 3.0, cooling_rate = 0.999
26 - INFO - chord#: 118 done. best_score=27.0, changed=520, unchanged=356, early_stops=8/8
26 - INFO - chord#: 120 In build_straw_man_chord_sa. tolerance = 1, sa_iterations = 1000, initial_temperature = 3.0, cooling_rate = 0.999
26 - INFO - chord#: 142 done. best_score=82.0, changed=612, unchanged=362, early_stops=8/8
26 - INFO - chord#: 144 In build_straw_man_chord_sa. tolerance = 1, sa_iterations = 1000, initial_temperature = 3.0, cooling_rate = 0.999
26 - INFO - chord#: 132 done. best_score=27.0, changed=519, unchanged=474, early_stops=8/8
26 - INFO - chord#: 134 In build_straw_man_chord_sa. tolerance = 1, sa_iterations = 1000, initial_temperature = 3.0, cooling_rate = 0.999
26 - INFO - chord#: 132 done. best_score=27.0, changed=525, unchanged=522, early_stops=8/8
26 - INFO - chord#: 134 In build_straw_man_chord_sa. tolerance = 1, sa_iterations = 1000, initial_temperature = 3.0, cooling_rate = 0.999
26 - INFO - chord#: 124 done. best_score=27.0, changed=527, unchanged=450, early_stops=8/8
26 - INFO - chord#: 130 In build_straw_man_chord_sa. tolerance = 1, sa_iterations = 1000, initial_temperature = 3.0, cooling_rate = 0.999
26 - INFO - chord#: 140 done. best_score=27.0, changed=517, unchanged=341, early_stops=8/8
26 - INFO - chord#: 142 In build_straw_man_chord_sa. tolerance = 1, sa_iterations = 1000, initial_temperature = 3.0, cooling_rate = 0.999
26 - INFO - chord#: 124 done. best_score=27.0, changed=526, unchanged=365, early_stops=8/8
26 - INFO - chord#: 130 In build_straw_man_chord_sa. tolerance = 1, sa_iterations = 1000, initial_temperature = 3.0, cooling_rate = 0.999
26 - INFO - chord#: 134 done. best_score=27.0, changed=522, unchanged=312, early_stops=8/8
26 - INFO - chord#: 136 In build_straw_man_chord_sa. tolerance = 1, sa_iterations = 1000, initial_temperature = 3.0, cooling_rate = 0.999
26 - INFO - chord#: 134 done. best_score=27.0, changed=523, unchanged=343, early_stops=8/8
26 - INFO - chord#: 136 In build_straw_man_chord_sa. tolerance = 1, sa_iterations = 1000, initial_temperature = 3.0, cooling_rate = 0.999
26 - INFO - chord#: 144 done. best_score=36.0, changed=515, unchanged=327, early_stops=8/8
26 - INFO - chord#: 146 In build_straw_man_chord_sa. tolerance = 1, sa_iterations = 1000, initial_temperature = 3.0, cooling_rate = 0.999
26 - INFO - chord#: 134 done. best_score=27.0, changed=527, unchanged=360, early_stops=8/8
26 - INFO - chord#: 136 In build_straw_man_chord_sa. tolerance = 1, sa_iterations = 1000, initial_temperature = 3.0, cooling_rate = 0.999
26 - INFO - chord#: 134 done. best_score=27.0, changed=526, unchanged=339, early_stops=8/8
26 - INFO - chord#: 136 In build_straw_man_chord_sa. tolerance = 1, sa_iterations = 1000, initial_temperature = 3.0, cooling_rate = 0.999
26 - INFO - chord#: 120 done. best_score=27.0, changed=527, unchanged=535, early_stops=8/8
26 - INFO - chord#: 124 In build_straw_man_chord_sa. tolerance = 1, sa_iterations = 1000, initial_temperature = 3.0, cooling_rate = 0.999
26 - INFO - chord#: 124 done. best_score=27.0, changed=520, unchanged=542, early_stops=8/8
26 - INFO - chord#: 130 In build_straw_man_chord_sa. tolerance = 1, sa_iterations = 1000, initial_temperature = 3.0, cooling_rate = 0.999
26 - INFO - chord#: 138 done. best_score=104.0, changed=610, unchanged=364, early_stops=8/8
26 - INFO - chord#: 140 In build_straw_man_chord_sa. tolerance = 1, sa_iterations = 1000, initial_temperature = 3.0, cooling_rate = 0.999
26 - INFO - chord#: 136 done. best_score=27.0, changed=524, unchanged=362, early_stops=8/8
26 - INFO - chord#: 138 In build_straw_man_chord_sa. tolerance = 1, sa_iterations = 1000, initial_temperature = 3.0, cooling_rate = 0.999
26 - INFO - chord#: 136 done. best_score=27.0, changed=522, unchanged=385, early_stops=8/8
26 - INFO - chord#: 138 In build_straw_man_chord_sa. tolerance = 1, sa_iterations = 1000, initial_temperature = 3.0, cooling_rate = 0.999
26 - INFO - chord#: 146 done. best_score=27.0, changed=538, unchanged=556, early_stops=8/8
26 - INFO - chord#: 147 In build_straw_man_chord_sa. tolerance = 1, sa_iterations = 1000, initial_temperature = 3.0, cooling_rate = 0.999
26 - INFO - chord#: 136 done. best_score=27.0, changed=525, unchanged=357, early_stops=8/8
26 - INFO - chord#: 138 In build_straw_man_chord_sa. tolerance = 1, sa_iterations = 1000, initial_temperature = 3.0, cooling_rate = 0.999
26 - INFO - chord#: 124 done. best_score=27.0, changed=519, unchanged=420, early_stops=8/8
26 - INFO - chord#: 130 In build_straw_man_chord_sa. tolerance = 1, sa_iterations = 1000, initial_temperature = 3.0, cooling_rate = 0.999
26 - INFO - chord#: 136 done. best_score=27.0, changed=527, unchanged=383, early_stops=8/8
26 - INFO - chord#: 138 In build_straw_man_chord_sa. tolerance = 1, sa_iterations = 1000, initial_temperature = 3.0, cooling_rate = 0.999
26 - INFO - chord#: 116 done. best_score=64.0, changed=613, unchanged=310, early_stops=8/8
26 - INFO - chord#: 118 In build_straw_man_chord_sa. tolerance = 1, sa_iterations = 1000, initial_temperature = 3.0, cooling_rate = 0.999
26 - INFO - chord#: 130 done. best_score=67.0, changed=611, unchanged=230, early_stops=8/8
26 - INFO - chord#: 132 In build_straw_man_chord_sa. tolerance = 1, sa_iterations = 1000, initial_temperature = 3.0, cooling_rate = 0.999
26 - INFO - chord#: 140 done. best_score=27.0, changed=518, unchanged=374, early_stops=8/8
26 - INFO - chord#: 142 In build_straw_man_chord_sa. tolerance = 1, sa_iterations = 1000, initial_temperature = 3.0, cooling_rate = 0.999
26 - INFO - chord#: 142 done. best_score=90.0, changed=606, unchanged=294, early_stops=8/8
26 - INFO - chord#: 144 In build_straw_man_chord_sa. tolerance = 1, sa_iterations = 1000, initial_temperature = 3.0, cooling_rate = 0.999
26 - INFO - chord#: 130 done. best_score=67.0, changed=612, unchanged=364, early_stops=8/8
26 - INFO - chord#: 132 In build_straw_man_chord_sa. tolerance = 1, sa_iterations = 1000, initial_temperature = 3.0, cooling_rate = 0.999
26 - INFO - chord#: 118 done. best_score=27.0, changed=520, unchanged=340, early_stops=8/8
26 - INFO - chord#: 120 In build_straw_man_chord_sa. tolerance = 1, sa_iterations = 1000, initial_temperature = 3.0, cooling_rate = 0.999
26 - INFO - chord#: 132 done. best_score=27.0, changed=537, unchanged=512, early_stops=8/8
26 - INFO - chord#: 134 In build_straw_man_chord_sa. tolerance = 1, sa_iterations = 1000, initial_temperature = 3.0, cooling_rate = 0.999
26 - INFO - chord#: 138 done. best_score=64.0, changed=608, unchanged=272, early_stops=8/8
26 - INFO - chord#: 140 In build_straw_man_chord_sa. tolerance = 1, sa_iterations = 1000, initial_temperature = 3.0, cooling_rate = 0.999
26 - INFO - chord#: 130 done. best_score=137.0, changed=609, unchanged=314, early_stops=8/8
26 - INFO - chord#: 132 In build_straw_man_chord_sa. tolerance = 1, sa_iterations = 1000, initial_temperature = 3.0, cooling_rate = 0.999
26 - INFO - chord#: 138 done. best_score=64.0, changed=608, unchanged=275, early_stops=8/8
26 - INFO - chord#: 140 In build_straw_man_chord_sa. tolerance = 1, sa_iterations = 1000, initial_temperature = 3.0, cooling_rate = 0.999
26 - INFO - chord#: 130 done. best_score=67.0, changed=608, unchanged=230, early_stops=8/8
26 - INFO - chord#: 132 In build_straw_man_chord_sa. tolerance = 1, sa_iterations = 1000, initial_temperature = 3.0, cooling_rate = 0.999
26 - INFO - chord#: 138 done. best_score=104.0, changed=610, unchanged=342, early_stops=8/8
26 - INFO - chord#: 140 In build_straw_man_chord_sa. tolerance = 1, sa_iterations = 1000, initial_temperature = 3.0, cooling_rate = 0.999
26 - INFO - chord#: 144 done. best_score=36.0, changed=517, unchanged=417, early_stops=8/8
26 - INFO - chord#: 146 In build_straw_man_chord_sa. tolerance = 1, sa_iterations = 1000, initial_temperature = 3.0, cooling_rate = 0.999
26 - INFO - chord#: 147 done. best_score=137.0, changed=613, unchanged=408, early_stops=8/8
26 - INFO - chord#: 148 In build_straw_man_chord_sa. tolerance = 1, sa_iterations = 1000, initial_temperature = 3.0, cooling_rate = 0.999
26 - INFO - chord#: 132 done. best_score=27.0, changed=528, unchanged=398, early_stops=8/8
26 - INFO - chord#: 134 In build_straw_man_chord_sa. tolerance = 1, sa_iterations = 1000, initial_temperature = 3.0, cooling_rate = 0.999
26 - INFO - chord#: 138 done. best_score=64.0, changed=614, unchanged=370, early_stops=8/8
26 - INFO - chord#: 140 In build_straw_man_chord_sa. tolerance = 1, sa_iterations = 1000, initial_temperature = 3.0, cooling_rate = 0.999
26 - INFO - chord#: 120 done. best_score=27.0, changed=517, unchanged=371, early_stops=8/8
26 - INFO - chord#: 124 In build_straw_man_chord_sa. tolerance = 1, sa_iterations = 1000, initial_temperature = 3.0, cooling_rate = 0.999
26 - INFO - chord#: 134 done. best_score=27.0, changed=531, unchanged=341, early_stops=8/8
26 - INFO - chord#: 136 In build_straw_man_chord_sa. tolerance = 1, sa_iterations = 1000, initial_temperature = 3.0, cooling_rate = 0.999
26 - INFO - chord#: 140 done. best_score=27.0, changed=524, unchanged=460, early_stops=8/8
26 - INFO - chord#: 142 In build_straw_man_chord_sa. tolerance = 1, sa_iterations = 1000, initial_temperature = 3.0, cooling_rate = 0.999
26 - INFO - chord#: 132 done. best_score=27.0, changed=515, unchanged=300, early_stops=8/8
26 - INFO - chord#: 134 In build_straw_man_chord_sa. tolerance = 1, sa_iterations = 1000, initial_temperature = 3.0, cooling_rate = 0.999
26 - INFO - chord#: 140 done. best_score=27.0, changed=516, unchanged=386, early_stops=8/8
26 - INFO - chord#: 142 In build_straw_man_chord_sa. tolerance = 1, sa_iterations = 1000, initial_temperature = 3.0, cooling_rate = 0.999
26 - INFO - chord#: 142 done. best_score=90.0, changed=609, unchanged=451, early_stops=8/8
26 - INFO - chord#: 144 In build_straw_man_chord_sa. tolerance = 1, sa_iterations = 1000, initial_temperature = 3.0, cooling_rate = 0.999
26 - INFO - chord#: 140 done. best_score=27.0, changed=517, unchanged=347, early_stops=8/8
26 - INFO - chord#: 142 In build_straw_man_chord_sa. tolerance = 1, sa_iterations = 1000, initial_temperature = 3.0, cooling_rate = 0.999
26 - INFO - chord#: 132 done. best_score=27.0, changed=527, unchanged=423, early_stops=8/8
26 - INFO - chord#: 134 In build_straw_man_chord_sa. tolerance = 1, sa_iterations = 1000, initial_temperature = 3.0, cooling_rate = 0.999
26 - INFO - chord#: 146 done. best_score=36.0, changed=534, unchanged=342, early_stops=8/8
26 - INFO - chord#: 147 In build_straw_man_chord_sa. tolerance = 1, sa_iterations = 1000, initial_temperature = 3.0, cooling_rate = 0.999
26 - INFO - chord#: 134 done. best_score=27.0, changed=519, unchanged=349, early_stops=8/8
26 - INFO - chord#: 136 In build_straw_man_chord_sa. tolerance = 1, sa_iterations = 1000, initial_temperature = 3.0, cooling_rate = 0.999
26 - INFO - chord#: 134 done. best_score=27.0, changed=527, unchanged=320, early_stops=8/8
26 - INFO - chord#: 136 In build_straw_man_chord_sa. tolerance = 1, sa_iterations = 1000, initial_temperature = 3.0, cooling_rate = 0.999
26 - INFO - chord#: 148 done. best_score=47.0, changed=518, unchanged=411, early_stops=8/8
26 - INFO - chord#: 150 In build_straw_man_chord_sa. tolerance = 1, sa_iterations = 1000, initial_temperature = 3.0, cooling_rate = 0.999
26 - INFO - chord#: 140 done. best_score=27.0, changed=525, unchanged=362, early_stops=8/8
26 - INFO - chord#: 142 In build_straw_man_chord_sa. tolerance = 1, sa_iterations = 1000, initial_temperature = 3.0, cooling_rate = 0.999
26 - INFO - chord#: 136 done. best_score=27.0, changed=532, unchanged=422, early_stops=8/8
26 - INFO - chord#: 138 In build_straw_man_chord_sa. tolerance = 1, sa_iterations = 1000, initial_temperature = 3.0, cooling_rate = 0.999
26 - INFO - chord#: 144 done. best_score=36.0, changed=527, unchanged=470, early_stops=8/8
26 - INFO - chord#: 146 In build_straw_man_chord_sa. tolerance = 1, sa_iterations = 1000, initial_temperature = 3.0, cooling_rate = 0.999
26 - INFO - chord#: 134 done. best_score=27.0, changed=517, unchanged=351, early_stops=8/8
26 - INFO - chord#: 136 In build_straw_man_chord_sa. tolerance = 1, sa_iterations = 1000, initial_temperature = 3.0, cooling_rate = 0.999
26 - INFO - chord#: 124 done. best_score=27.0, changed=527, unchanged=464, early_stops=8/8
26 - INFO - chord#: 130 In build_straw_man_chord_sa. tolerance = 1, sa_iterations = 1000, initial_temperature = 3.0, cooling_rate = 0.999
26 - INFO - chord#: 136 done. best_score=27.0, changed=515, unchanged=326, early_stops=8/8
26 - INFO - chord#: 138 In build_straw_man_chord_sa. tolerance = 1, sa_iterations = 1000, initial_temperature = 3.0, cooling_rate = 0.999
26 - INFO - chord#: 142 done. best_score=147.0, changed=609, unchanged=250, early_stops=8/8
26 - INFO - chord#: 144 In build_straw_man_chord_sa. tolerance = 1, sa_iterations = 1000, initial_temperature = 3.0, cooling_rate = 0.999
26 - INFO - chord#: 146 done. best_score=36.0, changed=525, unchanged=341, early_stops=8/8
26 - INFO - chord#: 147 In build_straw_man_chord_sa. tolerance = 1, sa_iterations = 1000, initial_temperature = 3.0, cooling_rate = 0.999
26 - INFO - chord#: 150 done. best_score=31.0, changed=522, unchanged=429, early_stops=8/8
26 - INFO - chord#: 151 In build_straw_man_chord_sa. tolerance = 1, sa_iterations = 1000, initial_temperature = 3.0, cooling_rate = 0.999
26 - INFO - chord#: 136 done. best_score=27.0, changed=522, unchanged=444, early_stops=8/8
26 - INFO - chord#: 138 In build_straw_man_chord_sa. tolerance = 1, sa_iterations = 1000, initial_temperature = 3.0, cooling_rate = 0.999
26 - INFO - chord#: 142 done. best_score=82.0, changed=609, unchanged=355, early_stops=8/8
26 - INFO - chord#: 144 In build_straw_man_chord_sa. tolerance = 1, sa_iterations = 1000, initial_temperature = 3.0, cooling_rate = 0.999
26 - INFO - chord#: 142 done. best_score=82.0, changed=617, unchanged=435, early_stops=8/8
26 - INFO - chord#: 144 In build_straw_man_chord_sa. tolerance = 1, sa_iterations = 1000, initial_temperature = 3.0, cooling_rate = 0.999
26 - INFO - chord#: 151 done. best_score=7.0, changed=492, unchanged=314, early_stops=8/8
26 - INFO - chord#: 152 In build_straw_man_chord_sa. tolerance = 1, sa_iterations = 1000, initial_temperature = 3.0, cooling_rate = 0.999
26 - INFO - chord#: 136 done. best_score=27.0, changed=531, unchanged=398, early_stops=8/8
26 - INFO - chord#: 138 In build_straw_man_chord_sa. tolerance = 1, sa_iterations = 1000, initial_temperature = 3.0, cooling_rate = 0.999
26 - INFO - chord#: 144 done. best_score=36.0, changed=527, unchanged=581, early_stops=8/8
26 - INFO - chord#: 146 In build_straw_man_chord_sa. tolerance = 1, sa_iterations = 1000, initial_temperature = 3.0, cooling_rate = 0.999
26 - INFO - chord#: 142 done. best_score=90.0, changed=613, unchanged=231, early_stops=8/8
26 - INFO - chord#: 144 In build_straw_man_chord_sa. tolerance = 1, sa_iterations = 1000, initial_temperature = 3.0, cooling_rate = 0.999
26 - INFO - chord#: 147 done. best_score=78.0, changed=614, unchanged=337, early_stops=8/8
26 - INFO - chord#: 148 In build_straw_man_chord_sa. tolerance = 1, sa_iterations = 1000, initial_temperature = 3.0, cooling_rate = 0.999
26 - INFO - chord#: 144 done. best_score=36.0, changed=529, unchanged=341, early_stops=8/8
26 - INFO - chord#: 146 In build_straw_man_chord_sa. tolerance = 1, sa_iterations = 1000, initial_temperature = 3.0, cooling_rate = 0.999
26 - INFO - chord#: 144 done. best_score=36.0, changed=518, unchanged=378, early_stops=8/8
26 - INFO - chord#: 146 In build_straw_man_chord_sa. tolerance = 1, sa_iterations = 1000, initial_temperature = 3.0, cooling_rate = 0.999
26 - INFO - chord#: 138 done. best_score=146.0, changed=618, unchanged=416, early_stops=8/8
26 - INFO - chord#: 140 In build_straw_man_chord_sa. tolerance = 1, sa_iterations = 1000, initial_temperature = 3.0, cooling_rate = 0.999
26 - INFO - chord#: 152 done. best_score=27.0, changed=518, unchanged=412, early_stops=8/8
26 - INFO - chord#: 154 In build_straw_man_chord_sa. tolerance = 1, sa_iterations = 1000, initial_temperature = 3.0, cooling_rate = 0.999
26 - INFO - chord#: 147 done. best_score=78.0, changed=608, unchanged=259, early_stops=8/8
26 - INFO - chord#: 148 In build_straw_man_chord_sa. tolerance = 1, sa_iterations = 1000, initial_temperature = 3.0, cooling_rate = 0.999
26 - INFO - chord#: 146 done. best_score=36.0, changed=522, unchanged=370, early_stops=8/8
26 - INFO - chord#: 147 In build_straw_man_chord_sa. tolerance = 1, sa_iterations = 1000, initial_temperature = 3.0, cooling_rate = 0.999
26 - INFO - chord#: 146 done. best_score=36.0, changed=526, unchanged=362, early_stops=8/8
26 - INFO - chord#: 147 In build_straw_man_chord_sa. tolerance = 1, sa_iterations = 1000, initial_temperature = 3.0, cooling_rate = 0.999
26 - INFO - chord#: 130 done. best_score=137.0, changed=609, unchanged=272, early_stops=8/8
26 - INFO - chord#: 132 In build_straw_man_chord_sa. tolerance = 1, sa_iterations = 1000, initial_temperature = 3.0, cooling_rate = 0.999
26 - INFO - chord#: 138 done. best_score=64.0, changed=612, unchanged=385, early_stops=8/8
26 - INFO - chord#: 140 In build_straw_man_chord_sa. tolerance = 1, sa_iterations = 1000, initial_temperature = 3.0, cooling_rate = 0.999
26 - INFO - chord#: 140 done. best_score=27.0, changed=518, unchanged=390, early_stops=8/8
26 - INFO - chord#: 142 In build_straw_man_chord_sa. tolerance = 1, sa_iterations = 1000, initial_temperature = 3.0, cooling_rate = 0.999
26 - INFO - chord#: 146 done. best_score=27.0, changed=521, unchanged=416, early_stops=8/8
26 - INFO - chord#: 147 In build_straw_man_chord_sa. tolerance = 1, sa_iterations = 1000, initial_temperature = 3.0, cooling_rate = 0.999
26 - INFO - chord#: 144 done. best_score=36.0, changed=525, unchanged=347, early_stops=8/8
26 - INFO - chord#: 146 In build_straw_man_chord_sa. tolerance = 1, sa_iterations = 1000, initial_temperature = 3.0, cooling_rate = 0.999
26 - INFO - chord#: 148 done. best_score=47.0, changed=522, unchanged=413, early_stops=8/8
26 - INFO - chord#: 150 In build_straw_man_chord_sa. tolerance = 1, sa_iterations = 1000, initial_temperature = 3.0, cooling_rate = 0.999
26 - INFO - chord#: 138 done. best_score=104.0, changed=610, unchanged=237, early_stops=8/8
26 - INFO - chord#: 140 In build_straw_man_chord_sa. tolerance = 1, sa_iterations = 1000, initial_temperature = 3.0, cooling_rate = 0.999
26 - INFO - chord#: 148 done. best_score=47.0, changed=524, unchanged=408, early_stops=8/8
26 - INFO - chord#: 150 In build_straw_man_chord_sa. tolerance = 1, sa_iterations = 1000, initial_temperature = 3.0, cooling_rate = 0.999
26 - INFO - chord#: 140 done. best_score=27.0, changed=523, unchanged=553, early_stops=8/8
26 - INFO - chord#: 142 In build_straw_man_chord_sa. tolerance = 1, sa_iterations = 1000, initial_temperature = 3.0, cooling_rate = 0.999
26 - INFO - chord#: 132 done. best_score=27.0, changed=525, unchanged=390, early_stops=8/8
26 - INFO - chord#: 134 In build_straw_man_chord_sa. tolerance = 1, sa_iterations = 1000, initial_temperature = 3.0, cooling_rate = 0.999
26 - INFO - chord#: 138 done. best_score=104.0, changed=611, unchanged=290, early_stops=8/8
26 - INFO - chord#: 140 In build_straw_man_chord_sa. tolerance = 1, sa_iterations = 1000, initial_temperature = 3.0, cooling_rate = 0.999
26 - INFO - chord#: 146 done. best_score=36.0, changed=517, unchanged=358, early_stops=8/8
26 - INFO - chord#: 147 In build_straw_man_chord_sa. tolerance = 1, sa_iterations = 1000, initial_temperature = 3.0, cooling_rate = 0.999
26 - INFO - chord#: 150 done. best_score=31.0, changed=525, unchanged=328, early_stops=8/8
26 - INFO - chord#: 151 In build_straw_man_chord_sa. tolerance = 1, sa_iterations = 1000, initial_temperature = 3.0, cooling_rate = 0.999
26 - INFO - chord#: 140 done. best_score=27.0, changed=520, unchanged=450, early_stops=8/8
26 - INFO - chord#: 142 In build_straw_man_chord_sa. tolerance = 1, sa_iterations = 1000, initial_temperature = 3.0, cooling_rate = 0.999
26 - INFO - chord#: 147 done. best_score=78.0, changed=608, unchanged=205, early_stops=8/8
26 - INFO - chord#: 148 In build_straw_man_chord_sa. tolerance = 1, sa_iterations = 1000, initial_temperature = 3.0, cooling_rate = 0.999
26 - INFO - chord#: 151 done. best_score=7.0, changed=517, unchanged=303, early_stops=8/8
26 - INFO - chord#: 152 In build_straw_man_chord_sa. tolerance = 1, sa_iterations = 1000, initial_temperature = 3.0, cooling_rate = 0.999
26 - INFO - chord#: 150 done. best_score=31.0, changed=524, unchanged=446, early_stops=8/8
26 - INFO - chord#: 151 In build_straw_man_chord_sa. tolerance = 1, sa_iterations = 1000, initial_temperature = 3.0, cooling_rate = 0.999
26 - INFO - chord#: 151 done. best_score=7.0, changed=502, unchanged=307, early_stops=8/8
26 - INFO - chord#: 152 In build_straw_man_chord_sa. tolerance = 1, sa_iterations = 1000, initial_temperature = 3.0, cooling_rate = 0.999
26 - INFO - chord#: 147 done. best_score=78.0, changed=611, unchanged=342, early_stops=8/8
26 - INFO - chord#: 148 In build_straw_man_chord_sa. tolerance = 1, sa_iterations = 1000, initial_temperature = 3.0, cooling_rate = 0.999
26 - INFO - chord#: 142 done. best_score=146.0, changed=612, unchanged=272, early_stops=8/8
26 - INFO - chord#: 144 In build_straw_man_chord_sa. tolerance = 1, sa_iterations = 1000, initial_temperature = 3.0, cooling_rate = 0.999
26 - INFO - chord#: 147 done. best_score=67.0, changed=607, unchanged=276, early_stops=8/8
26 - INFO - chord#: 148 In build_straw_man_chord_sa. tolerance = 1, sa_iterations = 1000, initial_temperature = 3.0, cooling_rate = 0.999
26 - INFO - chord#: 134 done. best_score=27.0, changed=537, unchanged=421, early_stops=8/8
26 - INFO - chord#: 136 In build_straw_man_chord_sa. tolerance = 1, sa_iterations = 1000, initial_temperature = 3.0, cooling_rate = 0.999
26 - INFO - chord#: 140 done. best_score=27.0, changed=518, unchanged=390, early_stops=8/8
26 - INFO - chord#: 142 In build_straw_man_chord_sa. tolerance = 1, sa_iterations = 1000, initial_temperature = 3.0, cooling_rate = 0.999
26 - INFO - chord#: 154 done. best_score=64.0, changed=610, unchanged=353, early_stops=8/8
26 - INFO - chord#: 156 In build_straw_man_chord_sa. tolerance = 1, sa_iterations = 1000, initial_temperature = 3.0, cooling_rate = 0.999
26 - INFO - chord#: 148 done. best_score=47.0, changed=524, unchanged=454, early_stops=8/8
26 - INFO - chord#: 150 In build_straw_man_chord_sa. tolerance = 1, sa_iterations = 1000, initial_temperature = 3.0, cooling_rate = 0.999
26 - INFO - chord#: 148 done. best_score=47.0, changed=518, unchanged=300, early_stops=8/8
26 - INFO - chord#: 150 In build_straw_man_chord_sa. tolerance = 1, sa_iterations = 1000, initial_temperature = 3.0, cooling_rate = 0.999
26 - INFO - chord#: 142 done. best_score=82.0, changed=611, unchanged=317, early_stops=8/8
26 - INFO - chord#: 144 In build_straw_man_chord_sa. tolerance = 1, sa_iterations = 1000, initial_temperature = 3.0, cooling_rate = 0.999
26 - INFO - chord#: 144 done. best_score=36.0, changed=520, unchanged=360, early_stops=8/8
26 - INFO - chord#: 146 In build_straw_man_chord_sa. tolerance = 1, sa_iterations = 1000, initial_temperature = 3.0, cooling_rate = 0.999
26 - INFO - chord#: 152 done. best_score=27.0, changed=521, unchanged=435, early_stops=8/8
26 - INFO - chord#: 154 In build_straw_man_chord_sa. tolerance = 1, sa_iterations = 1000, initial_temperature = 3.0, cooling_rate = 0.999
26 - INFO - chord#: 152 done. best_score=27.0, changed=517, unchanged=500, early_stops=8/8
26 - INFO - chord#: 154 In build_straw_man_chord_sa. tolerance = 1, sa_iterations = 1000, initial_temperature = 3.0, cooling_rate = 0.999
26 - INFO - chord#: 148 done. best_score=47.0, changed=518, unchanged=415, early_stops=8/8
26 - INFO - chord#: 150 In build_straw_man_chord_sa. tolerance = 1, sa_iterations = 1000, initial_temperature = 3.0, cooling_rate = 0.999
26 - INFO - chord#: 136 done. best_score=27.0, changed=516, unchanged=316, early_stops=8/8
26 - INFO - chord#: 138 In build_straw_man_chord_sa. tolerance = 1, sa_iterations = 1000, initial_temperature = 3.0, cooling_rate = 0.999
26 - INFO - chord#: 150 done. best_score=31.0, changed=524, unchanged=381, early_stops=8/8
26 - INFO - chord#: 151 In build_straw_man_chord_sa. tolerance = 1, sa_iterations = 1000, initial_temperature = 3.0, cooling_rate = 0.999
26 - INFO - chord#: 151 done. best_score=7.0, changed=513, unchanged=305, early_stops=8/8
26 - INFO - chord#: 152 In build_straw_man_chord_sa. tolerance = 1, sa_iterations = 1000, initial_temperature = 3.0, cooling_rate = 0.999
26 - INFO - chord#: 147 done. best_score=78.0, changed=607, unchanged=259, early_stops=8/8
26 - INFO - chord#: 148 In build_straw_man_chord_sa. tolerance = 1, sa_iterations = 1000, initial_temperature = 3.0, cooling_rate = 0.999
26 - INFO - chord#: 150 done. best_score=31.0, changed=525, unchanged=447, early_stops=8/8
26 - INFO - chord#: 151 In build_straw_man_chord_sa. tolerance = 1, sa_iterations = 1000, initial_temperature = 3.0, cooling_rate = 0.999
26 - INFO - chord#: 142 done. best_score=82.0, changed=608, unchanged=252, early_stops=8/8
26 - INFO - chord#: 144 In build_straw_man_chord_sa. tolerance = 1, sa_iterations = 1000, initial_temperature = 3.0, cooling_rate = 0.999
26 - INFO - chord#: 146 done. best_score=36.0, changed=536, unchanged=453, early_stops=8/8
26 - INFO - chord#: 147 In build_straw_man_chord_sa. tolerance = 1, sa_iterations = 1000, initial_temperature = 3.0, cooling_rate = 0.999
26 - INFO - chord#: 144 done. best_score=36.0, changed=519, unchanged=451, early_stops=8/8
26 - INFO - chord#: 146 In build_straw_man_chord_sa. tolerance = 1, sa_iterations = 1000, initial_temperature = 3.0, cooling_rate = 0.999
26 - INFO - chord#: 150 done. best_score=31.0, changed=524, unchanged=350, early_stops=8/8
26 - INFO - chord#: 151 In build_straw_man_chord_sa. tolerance = 1, sa_iterations = 1000, initial_temperature = 3.0, cooling_rate = 0.999
26 - INFO - chord#: 151 done. best_score=7.0, changed=496, unchanged=312, early_stops=8/8
26 - INFO - chord#: 152 In build_straw_man_chord_sa. tolerance = 1, sa_iterations = 1000, initial_temperature = 3.0, cooling_rate = 0.999
26 - INFO - chord#: 151 done. best_score=7.0, changed=522, unchanged=292, early_stops=8/8
26 - INFO - chord#: 152 In build_straw_man_chord_sa. tolerance = 1, sa_iterations = 1000, initial_temperature = 3.0, cooling_rate = 0.999
26 - INFO - chord#: 146 done. best_score=36.0, changed=520, unchanged=353, early_stops=8/8
26 - INFO - chord#: 147 In build_straw_man_chord_sa. tolerance = 1, sa_iterations = 1000, initial_temperature = 3.0, cooling_rate = 0.999
26 - INFO - chord#: 152 done. best_score=27.0, changed=514, unchanged=396, early_stops=8/8
26 - INFO - chord#: 154 In build_straw_man_chord_sa. tolerance = 1, sa_iterations = 1000, initial_temperature = 3.0, cooling_rate = 0.999
26 - INFO - chord#: 148 done. best_score=84.0, changed=536, unchanged=288, early_stops=8/8
26 - INFO - chord#: 150 In build_straw_man_chord_sa. tolerance = 1, sa_iterations = 1000, initial_temperature = 3.0, cooling_rate = 0.999
26 - INFO - chord#: 152 done. best_score=27.0, changed=527, unchanged=482, early_stops=8/8
26 - INFO - chord#: 154 In build_straw_man_chord_sa. tolerance = 1, sa_iterations = 1000, initial_temperature = 3.0, cooling_rate = 0.999
26 - INFO - chord#: 144 done. best_score=36.0, changed=516, unchanged=380, early_stops=8/8
26 - INFO - chord#: 146 In build_straw_man_chord_sa. tolerance = 1, sa_iterations = 1000, initial_temperature = 3.0, cooling_rate = 0.999
26 - INFO - chord#: 154 done. best_score=146.0, changed=615, unchanged=335, early_stops=8/8
26 - INFO - chord#: 156 In build_straw_man_chord_sa. tolerance = 1, sa_iterations = 1000, initial_temperature = 3.0, cooling_rate = 0.999
26 - INFO - chord#: 152 done. best_score=27.0, changed=519, unchanged=370, early_stops=8/8
26 - INFO - chord#: 154 In build_straw_man_chord_sa. tolerance = 1, sa_iterations = 1000, initial_temperature = 3.0, cooling_rate = 0.999
26 - INFO - chord#: 142 done. best_score=82.0, changed=618, unchanged=557, early_stops=8/8
26 - INFO - chord#: 144 In build_straw_man_chord_sa. tolerance = 1, sa_iterations = 1000, initial_temperature = 3.0, cooling_rate = 0.999
26 - INFO - chord#: 138 done. best_score=157.0, changed=610, unchanged=212, early_stops=8/8
26 - INFO - chord#: 140 In build_straw_man_chord_sa. tolerance = 1, sa_iterations = 1000, initial_temperature = 3.0, cooling_rate = 0.999
26 - INFO - chord#: 150 done. best_score=31.0, changed=537, unchanged=368, early_stops=8/8
26 - INFO - chord#: 151 In build_straw_man_chord_sa. tolerance = 1, sa_iterations = 1000, initial_temperature = 3.0, cooling_rate = 0.999
26 - INFO - chord#: 156 done. best_score=78.0, changed=613, unchanged=419, early_stops=8/8
26 - INFO - chord#: 158 In build_straw_man_chord_sa. tolerance = 1, sa_iterations = 1000, initial_temperature = 3.0, cooling_rate = 0.999
26 - INFO - chord#: 146 done. best_score=36.0, changed=515, unchanged=345, early_stops=8/8
26 - INFO - chord#: 147 In build_straw_man_chord_sa. tolerance = 1, sa_iterations = 1000, initial_temperature = 3.0, cooling_rate = 0.999
26 - INFO - chord#: 151 done. best_score=7.0, changed=484, unchanged=324, early_stops=8/8
26 - INFO - chord#: 152 In build_straw_man_chord_sa. tolerance = 1, sa_iterations = 1000, initial_temperature = 3.0, cooling_rate = 0.999
26 - INFO - chord#: 154 done. best_score=64.0, changed=615, unchanged=490, early_stops=8/8
26 - INFO - chord#: 156 In build_straw_man_chord_sa. tolerance = 1, sa_iterations = 1000, initial_temperature = 3.0, cooling_rate = 0.999
26 - INFO - chord#: 147 done. best_score=137.0, changed=617, unchanged=446, early_stops=8/8
26 - INFO - chord#: 148 In build_straw_man_chord_sa. tolerance = 1, sa_iterations = 1000, initial_temperature = 3.0, cooling_rate = 0.999
26 - INFO - chord#: 140 done. best_score=27.0, changed=528, unchanged=409, early_stops=8/8
26 - INFO - chord#: 142 In build_straw_man_chord_sa. tolerance = 1, sa_iterations = 1000, initial_temperature = 3.0, cooling_rate = 0.999
26 - INFO - chord#: 147 done. best_score=78.0, changed=614, unchanged=393, early_stops=8/8
26 - INFO - chord#: 148 In build_straw_man_chord_sa. tolerance = 1, sa_iterations = 1000, initial_temperature = 3.0, cooling_rate = 0.999
26 - INFO - chord#: 144 done. best_score=36.0, changed=527, unchanged=449, early_stops=8/8
26 - INFO - chord#: 146 In build_straw_man_chord_sa. tolerance = 1, sa_iterations = 1000, initial_temperature = 3.0, cooling_rate = 0.999
26 - INFO - chord#: 154 done. best_score=146.0, changed=608, unchanged=329, early_stops=8/8
26 - INFO - chord#: 156 In build_straw_man_chord_sa. tolerance = 1, sa_iterations = 1000, initial_temperature = 3.0, cooling_rate = 0.999
26 - INFO - chord#: 148 done. best_score=47.0, changed=532, unchanged=509, early_stops=8/8
26 - INFO - chord#: 150 In build_straw_man_chord_sa. tolerance = 1, sa_iterations = 1000, initial_temperature = 3.0, cooling_rate = 0.999
26 - INFO - chord#: 154 done. best_score=64.0, changed=615, unchanged=319, early_stops=8/8
26 - INFO - chord#: 156 In build_straw_man_chord_sa. tolerance = 1, sa_iterations = 1000, initial_temperature = 3.0, cooling_rate = 0.999
26 - INFO - chord#: 156 done. best_score=78.0, changed=611, unchanged=341, early_stops=8/8
26 - INFO - chord#: 158 In build_straw_man_chord_sa. tolerance = 1, sa_iterations = 1000, initial_temperature = 3.0, cooling_rate = 0.999
26 - INFO - chord#: 152 done. best_score=27.0, changed=524, unchanged=580, early_stops=8/8
26 - INFO - chord#: 154 done. best_score=64.0, changed=619, unchanged=427, early_stops=8/8
26 - INFO - chord#: 156 In build_straw_man_chord_sa. tolerance = 1, sa_iterations = 1000, initial_temperature = 3.0, cooling_rate = 0.999
26 - INFO - chord#: 154 In build_straw_man_chord_sa. tolerance = 1, sa_iterations = 1000, initial_temperature = 3.0, cooling_rate = 0.999
26 - INFO - chord#: 148 done. best_score=47.0, changed=522, unchanged=431, early_stops=8/8
26 - INFO - chord#: 150 In build_straw_man_chord_sa. tolerance = 1, sa_iterations = 1000, initial_temperature = 3.0, cooling_rate = 0.999
26 - INFO - chord#: 146 done. best_score=27.0, changed=519, unchanged=421, early_stops=8/8
26 - INFO - chord#: 147 In build_straw_man_chord_sa. tolerance = 1, sa_iterations = 1000, initial_temperature = 3.0, cooling_rate = 0.999
26 - INFO - chord#: 158 done. best_score=142.0, changed=612, unchanged=291, early_stops=8/8
26 - INFO - chord#: 160 In build_straw_man_chord_sa. tolerance = 1, sa_iterations = 1000, initial_temperature = 3.0, cooling_rate = 0.999
26 - INFO - chord#: 150 done. best_score=31.0, changed=530, unchanged=479, early_stops=8/8
26 - INFO - chord#: 151 In build_straw_man_chord_sa. tolerance = 1, sa_iterations = 1000, initial_temperature = 3.0, cooling_rate = 0.999
26 - INFO - chord#: 147 done. best_score=160.0, changed=609, unchanged=249, early_stops=8/8
26 - INFO - chord#: 148 In build_straw_man_chord_sa. tolerance = 1, sa_iterations = 1000, initial_temperature = 3.0, cooling_rate = 0.999
26 - INFO - chord#: 151 done. best_score=7.0, changed=505, unchanged=313, early_stops=8/8
26 - INFO - chord#: 152 In build_straw_man_chord_sa. tolerance = 1, sa_iterations = 1000, initial_temperature = 3.0, cooling_rate = 0.999
26 - INFO - chord#: 150 done. best_score=31.0, changed=521, unchanged=404, early_stops=8/8
26 - INFO - chord#: 151 In build_straw_man_chord_sa. tolerance = 1, sa_iterations = 1000, initial_temperature = 3.0, cooling_rate = 0.999
26 - INFO - chord#: 151 done. best_score=7.0, changed=497, unchanged=322, early_stops=8/8
26 - INFO - chord#: 152 In build_straw_man_chord_sa. tolerance = 1, sa_iterations = 1000, initial_temperature = 3.0, cooling_rate = 0.999
26 - INFO - chord#: 142 done. best_score=82.0, changed=612, unchanged=271, early_stops=8/8
26 - INFO - chord#: 144 In build_straw_man_chord_sa. tolerance = 1, sa_iterations = 1000, initial_temperature = 3.0, cooling_rate = 0.999
26 - INFO - chord#: 158 done. best_score=140.0, changed=612, unchanged=230, early_stops=8/8
26 - INFO - chord#: 160 In build_straw_man_chord_sa. tolerance = 1, sa_iterations = 1000, initial_temperature = 3.0, cooling_rate = 0.999
26 - INFO - chord#: 148 done. best_score=47.0, changed=522, unchanged=354, early_stops=8/8
26 - INFO - chord#: 150 In build_straw_man_chord_sa. tolerance = 1, sa_iterations = 1000, initial_temperature = 3.0, cooling_rate = 0.999
26 - INFO - chord#: 156 done. best_score=78.0, changed=616, unchanged=428, early_stops=8/8
26 - INFO - chord#: 158 In build_straw_man_chord_sa. tolerance = 1, sa_iterations = 1000, initial_temperature = 3.0, cooling_rate = 0.999
26 - INFO - chord#: 156 done. best_score=129.0, changed=609, unchanged=334, early_stops=8/8
26 - INFO - chord#: 158 In build_straw_man_chord_sa. tolerance = 1, sa_iterations = 1000, initial_temperature = 3.0, cooling_rate = 0.999
26 - INFO - chord#: 152 done. best_score=27.0, changed=530, unchanged=630, early_stops=8/8
26 - INFO - chord#: 154 In build_straw_man_chord_sa. tolerance = 1, sa_iterations = 1000, initial_temperature = 3.0, cooling_rate = 0.999
26 - INFO - chord#: 156 done. best_score=67.0, changed=609, unchanged=320, early_stops=8/8
26 - INFO - chord#: 158 In build_straw_man_chord_sa. tolerance = 1, sa_iterations = 1000, initial_temperature = 3.0, cooling_rate = 0.999
26 - INFO - chord#: 152 done. best_score=27.0, changed=512, unchanged=380, early_stops=8/8
26 - INFO - chord#: 154 In build_straw_man_chord_sa. tolerance = 1, sa_iterations = 1000, initial_temperature = 3.0, cooling_rate = 0.999
26 - INFO - chord#: 156 done. best_score=137.0, changed=612, unchanged=324, early_stops=8/8
26 - INFO - chord#: 158 In build_straw_man_chord_sa. tolerance = 1, sa_iterations = 1000, initial_temperature = 3.0, cooling_rate = 0.999
26 - INFO - chord#: 154 done. best_score=64.0, changed=611, unchanged=270, early_stops=8/8
26 - INFO - chord#: 156 In build_straw_man_chord_sa. tolerance = 1, sa_iterations = 1000, initial_temperature = 3.0, cooling_rate = 0.999
26 - INFO - chord#: 160 done. best_score=120.0, changed=610, unchanged=286, early_stops=8/8
26 - INFO - chord#: 162 In build_straw_man_chord_sa. tolerance = 1, sa_iterations = 1000, initial_temperature = 3.0, cooling_rate = 0.999
26 - INFO - chord#: 144 done. best_score=36.0, changed=516, unchanged=434, early_stops=8/8
26 - INFO - chord#: 146 In build_straw_man_chord_sa. tolerance = 1, sa_iterations = 1000, initial_temperature = 3.0, cooling_rate = 0.999
26 - INFO - chord#: 147 done. best_score=67.0, changed=611, unchanged=256, early_stops=8/8
26 - INFO - chord#: 148 In build_straw_man_chord_sa. tolerance = 1, sa_iterations = 1000, initial_temperature = 3.0, cooling_rate = 0.999
26 - INFO - chord#: 150 done. best_score=31.0, changed=520, unchanged=401, early_stops=8/8
26 - INFO - chord#: 151 In build_straw_man_chord_sa. tolerance = 1, sa_iterations = 1000, initial_temperature = 3.0, cooling_rate = 0.999
26 - INFO - chord#: 151 done. best_score=7.0, changed=494, unchanged=333, early_stops=8/8
26 - INFO - chord#: 152 In build_straw_man_chord_sa. tolerance = 1, sa_iterations = 1000, initial_temperature = 3.0, cooling_rate = 0.999
26 - INFO - chord#: 162 done. best_score=27.0, changed=534, unchanged=340, early_stops=8/8
26 - INFO - chord#: 164 In build_straw_man_chord_sa. tolerance = 1, sa_iterations = 1000, initial_temperature = 3.0, cooling_rate = 0.999
26 - INFO - chord#: 146 done. best_score=36.0, changed=532, unchanged=390, early_stops=8/8
26 - INFO - chord#: 147 In build_straw_man_chord_sa. tolerance = 1, sa_iterations = 1000, initial_temperature = 3.0, cooling_rate = 0.999
26 - INFO - chord#: 160 done. best_score=82.0, changed=617, unchanged=419, early_stops=8/8
26 - INFO - chord#: 162 In build_straw_man_chord_sa. tolerance = 1, sa_iterations = 1000, initial_temperature = 3.0, cooling_rate = 0.999
26 - INFO - chord#: 154 done. best_score=64.0, changed=609, unchanged=226, early_stops=8/8
26 - INFO - chord#: 156 In build_straw_man_chord_sa. tolerance = 1, sa_iterations = 1000, initial_temperature = 3.0, cooling_rate = 0.999
26 - INFO - chord#: 158 done. best_score=142.0, changed=611, unchanged=286, early_stops=8/8
26 - INFO - chord#: 160 In build_straw_man_chord_sa. tolerance = 1, sa_iterations = 1000, initial_temperature = 3.0, cooling_rate = 0.999
26 - INFO - chord#: 158 done. best_score=142.0, changed=619, unchanged=269, early_stops=8/8
26 - INFO - chord#: 160 In build_straw_man_chord_sa. tolerance = 1, sa_iterations = 1000, initial_temperature = 3.0, cooling_rate = 0.999
26 - INFO - chord#: 158 done. best_score=140.0, changed=611, unchanged=280, early_stops=8/8
26 - INFO - chord#: 160 In build_straw_man_chord_sa. tolerance = 1, sa_iterations = 1000, initial_temperature = 3.0, cooling_rate = 0.999
26 - INFO - chord#: 148 done. best_score=47.0, changed=524, unchanged=494, early_stops=8/8
26 - INFO - chord#: 150 In build_straw_man_chord_sa. tolerance = 1, sa_iterations = 1000, initial_temperature = 3.0, cooling_rate = 0.999
26 - INFO - chord#: 158 done. best_score=142.0, changed=614, unchanged=345, early_stops=8/8
26 - INFO - chord#: 160 In build_straw_man_chord_sa. tolerance = 1, sa_iterations = 1000, initial_temperature = 3.0, cooling_rate = 0.999
26 - INFO - chord#: 152 done. best_score=27.0, changed=521, unchanged=472, early_stops=8/8
26 - INFO - chord#: 154 In build_straw_man_chord_sa. tolerance = 1, sa_iterations = 1000, initial_temperature = 3.0, cooling_rate = 0.999
26 - INFO - chord#: 154 done. best_score=146.0, changed=615, unchanged=419, early_stops=8/8
26 - INFO - chord#: 156 In build_straw_man_chord_sa. tolerance = 1, sa_iterations = 1000, initial_temperature = 3.0, cooling_rate = 0.999
26 - INFO - chord#: 162 done. best_score=27.0, changed=527, unchanged=385, early_stops=8/8
26 - INFO - chord#: 164 In build_straw_man_chord_sa. tolerance = 1, sa_iterations = 1000, initial_temperature = 3.0, cooling_rate = 0.999
26 - INFO - chord#: 150 done. best_score=31.0, changed=523, unchanged=372, early_stops=8/8
26 - INFO - chord#: 151 In build_straw_man_chord_sa. tolerance = 1, sa_iterations = 1000, initial_temperature = 3.0, cooling_rate = 0.999
26 - INFO - chord#: 156 done. best_score=78.0, changed=619, unchanged=441, early_stops=8/8
26 - INFO - chord#: 158 In build_straw_man_chord_sa. tolerance = 1, sa_iterations = 1000, initial_temperature = 3.0, cooling_rate = 0.999
26 - INFO - chord#: 151 done. best_score=7.0, changed=506, unchanged=311, early_stops=8/8
26 - INFO - chord#: 152 In build_straw_man_chord_sa. tolerance = 1, sa_iterations = 1000, initial_temperature = 3.0, cooling_rate = 0.999
26 - INFO - chord#: 156 done. best_score=157.0, changed=609, unchanged=249, early_stops=8/8
26 - INFO - chord#: 158 In build_straw_man_chord_sa. tolerance = 1, sa_iterations = 1000, initial_temperature = 3.0, cooling_rate = 0.999
26 - INFO - chord#: 147 done. best_score=78.0, changed=615, unchanged=277, early_stops=8/8
26 - INFO - chord#: 148 In build_straw_man_chord_sa. tolerance = 1, sa_iterations = 1000, initial_temperature = 3.0, cooling_rate = 0.999
26 - INFO - chord#: 160 done. best_score=124.0, changed=613, unchanged=286, early_stops=8/8
26 - INFO - chord#: 162 In build_straw_man_chord_sa. tolerance = 1, sa_iterations = 1000, initial_temperature = 3.0, cooling_rate = 0.999
26 - INFO - chord#: 164 done. best_score=140.0, changed=613, unchanged=374, early_stops=8/8
26 - INFO - chord#: 168 In build_straw_man_chord_sa. tolerance = 1, sa_iterations = 1000, initial_temperature = 3.0, cooling_rate = 0.999
26 - INFO - chord#: 156 done. best_score=96.0, changed=609, unchanged=228, early_stops=8/8
26 - INFO - chord#: 158 In build_straw_man_chord_sa. tolerance = 1, sa_iterations = 1000, initial_temperature = 3.0, cooling_rate = 0.999
26 - INFO - chord#: 160 done. best_score=146.0, changed=617, unchanged=450, early_stops=8/8
26 - INFO - chord#: 164 done. best_score=137.0, changed=610, unchanged=250, early_stops=8/8
26 - INFO - chord#: 162 In build_straw_man_chord_sa. tolerance = 1, sa_iterations = 1000, initial_temperature = 3.0, cooling_rate = 0.999
26 - INFO - chord#: 168 In build_straw_man_chord_sa. tolerance = 1, sa_iterations = 1000, initial_temperature = 3.0, cooling_rate = 0.999
26 - INFO - chord#: 160 done. best_score=97.0, changed=614, unchanged=412, early_stops=8/8
26 - INFO - chord#: 162 In build_straw_man_chord_sa. tolerance = 1, sa_iterations = 1000, initial_temperature = 3.0, cooling_rate = 0.999
26 - INFO - chord#: 152 done. best_score=27.0, changed=518, unchanged=485, early_stops=8/8
26 - INFO - chord#: 154 In build_straw_man_chord_sa. tolerance = 1, sa_iterations = 1000, initial_temperature = 3.0, cooling_rate = 0.999
26 - INFO - chord#: 160 done. best_score=120.0, changed=615, unchanged=380, early_stops=8/8
26 - INFO - chord#: 162 In build_straw_man_chord_sa. tolerance = 1, sa_iterations = 1000, initial_temperature = 3.0, cooling_rate = 0.999
26 - INFO - chord#: 162 done. best_score=61.0, changed=527, unchanged=316, early_stops=8/8
26 - INFO - chord#: 164 In build_straw_man_chord_sa. tolerance = 1, sa_iterations = 1000, initial_temperature = 3.0, cooling_rate = 0.999
26 - INFO - chord#: 158 done. best_score=142.0, changed=611, unchanged=205, early_stops=8/8
26 - INFO - chord#: 160 In build_straw_man_chord_sa. tolerance = 1, sa_iterations = 1000, initial_temperature = 3.0, cooling_rate = 0.999
26 - INFO - chord#: 148 done. best_score=47.0, changed=518, unchanged=433, early_stops=8/8
26 - INFO - chord#: 150 In build_straw_man_chord_sa. tolerance = 1, sa_iterations = 1000, initial_temperature = 3.0, cooling_rate = 0.999
26 - INFO - chord#: 162 done. best_score=27.0, changed=528, unchanged=391, early_stops=8/8
26 - INFO - chord#: 164 In build_straw_man_chord_sa. tolerance = 1, sa_iterations = 1000, initial_temperature = 3.0, cooling_rate = 0.999
26 - INFO - chord#: 168 done. best_score=27.0, changed=515, unchanged=393, early_stops=8/8
26 - INFO - chord#: 170 In build_straw_man_chord_sa. tolerance = 1, sa_iterations = 1000, initial_temperature = 3.0, cooling_rate = 0.999
26 - INFO - chord#: 168 done. best_score=27.0, changed=529, unchanged=398, early_stops=8/8
26 - INFO - chord#: 170 In build_straw_man_chord_sa. tolerance = 1, sa_iterations = 1000, initial_temperature = 3.0, cooling_rate = 0.999
26 - INFO - chord#: 154 done. best_score=64.0, changed=616, unchanged=470, early_stops=8/8
26 - INFO - chord#: 156 In build_straw_man_chord_sa. tolerance = 1, sa_iterations = 1000, initial_temperature = 3.0, cooling_rate = 0.999
26 - INFO - chord#: 162 done. best_score=27.0, changed=532, unchanged=338, early_stops=8/8
26 - INFO - chord#: 164 In build_straw_man_chord_sa. tolerance = 1, sa_iterations = 1000, initial_temperature = 3.0, cooling_rate = 0.999
26 - INFO - chord#: 158 done. best_score=142.0, changed=612, unchanged=277, early_stops=8/8
26 - INFO - chord#: 160 In build_straw_man_chord_sa. tolerance = 1, sa_iterations = 1000, initial_temperature = 3.0, cooling_rate = 0.999
26 - INFO - chord#: 162 done. best_score=27.0, changed=527, unchanged=349, early_stops=8/8
26 - INFO - chord#: 164 In build_straw_man_chord_sa. tolerance = 1, sa_iterations = 1000, initial_temperature = 3.0, cooling_rate = 0.999
26 - INFO - chord#: 158 done. best_score=140.0, changed=609, unchanged=327, early_stops=8/8
26 - INFO - chord#: 160 In build_straw_man_chord_sa. tolerance = 1, sa_iterations = 1000, initial_temperature = 3.0, cooling_rate = 0.999
26 - INFO - chord#: 150 done. best_score=31.0, changed=536, unchanged=516, early_stops=8/8
26 - INFO - chord#: 151 In build_straw_man_chord_sa. tolerance = 1, sa_iterations = 1000, initial_temperature = 3.0, cooling_rate = 0.999
26 - INFO - chord#: 151 done. best_score=7.0, changed=501, unchanged=320, early_stops=8/8
26 - INFO - chord#: 152 In build_straw_man_chord_sa. tolerance = 1, sa_iterations = 1000, initial_temperature = 3.0, cooling_rate = 0.999
26 - INFO - chord#: 164 done. best_score=67.0, changed=613, unchanged=355, early_stops=8/8
26 - INFO - chord#: 168 In build_straw_man_chord_sa. tolerance = 1, sa_iterations = 1000, initial_temperature = 3.0, cooling_rate = 0.999
26 - INFO - chord#: 154 done. best_score=155.0, changed=610, unchanged=235, early_stops=8/8
26 - INFO - chord#: 156 In build_straw_man_chord_sa. tolerance = 1, sa_iterations = 1000, initial_temperature = 3.0, cooling_rate = 0.999
26 - INFO - chord#: 170 done. best_score=137.0, changed=610, unchanged=266, early_stops=8/8
26 - INFO - chord#: 172 In build_straw_man_chord_sa. tolerance = 1, sa_iterations = 1000, initial_temperature = 3.0, cooling_rate = 0.999
26 - INFO - chord#: 160 done. best_score=82.0, changed=617, unchanged=482, early_stops=8/8
26 - INFO - chord#: 162 In build_straw_man_chord_sa. tolerance = 1, sa_iterations = 1000, initial_temperature = 3.0, cooling_rate = 0.999
26 - INFO - chord#: 160 done. best_score=120.0, changed=612, unchanged=410, early_stops=8/8
26 - INFO - chord#: 162 In build_straw_man_chord_sa. tolerance = 1, sa_iterations = 1000, initial_temperature = 3.0, cooling_rate = 0.999
26 - INFO - chord#: 164 done. best_score=67.0, changed=607, unchanged=235, early_stops=8/8
26 - INFO - chord#: 168 In build_straw_man_chord_sa. tolerance = 1, sa_iterations = 1000, initial_temperature = 3.0, cooling_rate = 0.999
26 - INFO - chord#: 164 done. best_score=67.0, changed=613, unchanged=557, early_stops=8/8
26 - INFO - chord#: 168 In build_straw_man_chord_sa. tolerance = 1, sa_iterations = 1000, initial_temperature = 3.0, cooling_rate = 0.999
26 - INFO - chord#: 168 done. best_score=27.0, changed=521, unchanged=441, early_stops=8/8
26 - INFO - chord#: 170 In build_straw_man_chord_sa. tolerance = 1, sa_iterations = 1000, initial_temperature = 3.0, cooling_rate = 0.999
26 - INFO - chord#: 152 done. best_score=27.0, changed=525, unchanged=502, early_stops=8/8
26 - INFO - chord#: 154 In build_straw_man_chord_sa. tolerance = 1, sa_iterations = 1000, initial_temperature = 3.0, cooling_rate = 0.999
26 - INFO - chord#: 156 done. best_score=137.0, changed=613, unchanged=269, early_stops=8/8
26 - INFO - chord#: 158 In build_straw_man_chord_sa. tolerance = 1, sa_iterations = 1000, initial_temperature = 3.0, cooling_rate = 0.999
26 - INFO - chord#: 172 done. best_score=27.0, changed=522, unchanged=361, early_stops=8/8
26 - INFO - chord#: 160 done. best_score=97.0, changed=612, unchanged=357, early_stops=8/8
26 - INFO - chord#: 162 In build_straw_man_chord_sa. tolerance = 1, sa_iterations = 1000, initial_temperature = 3.0, cooling_rate = 0.999
26 - INFO - chord#: 170 done. best_score=137.0, changed=612, unchanged=475, early_stops=8/8
26 - INFO - chord#: 172 In build_straw_man_chord_sa. tolerance = 1, sa_iterations = 1000, initial_temperature = 3.0, cooling_rate = 0.999
26 - INFO - chord#: 162 done. best_score=27.0, changed=532, unchanged=374, early_stops=8/8
26 - INFO - chord#: 164 In build_straw_man_chord_sa. tolerance = 1, sa_iterations = 1000, initial_temperature = 3.0, cooling_rate = 0.999
26 - INFO - chord#: 162 done. best_score=27.0, changed=524, unchanged=344, early_stops=8/8
26 - INFO - chord#: 164 In build_straw_man_chord_sa. tolerance = 1, sa_iterations = 1000, initial_temperature = 3.0, cooling_rate = 0.999
26 - INFO - chord#: 168 done. best_score=27.0, changed=521, unchanged=506, early_stops=8/8
26 - INFO - chord#: 170 In build_straw_man_chord_sa. tolerance = 1, sa_iterations = 1000, initial_temperature = 3.0, cooling_rate = 0.999
26 - INFO - chord#: 164 done. best_score=140.0, changed=615, unchanged=373, early_stops=8/8
26 - INFO - chord#: 168 In build_straw_man_chord_sa. tolerance = 1, sa_iterations = 1000, initial_temperature = 3.0, cooling_rate = 0.999
26 - INFO - chord#: 168 done. best_score=27.0, changed=517, unchanged=417, early_stops=8/8
26 - INFO - chord#: 170 In build_straw_man_chord_sa. tolerance = 1, sa_iterations = 1000, initial_temperature = 3.0, cooling_rate = 0.999
26 - INFO - chord#: 162 done. best_score=27.0, changed=522, unchanged=362, early_stops=8/8
26 - INFO - chord#: 164 In build_straw_man_chord_sa. tolerance = 1, sa_iterations = 1000, initial_temperature = 3.0, cooling_rate = 0.999
26 - INFO - chord#: 172 done. best_score=27.0, changed=515, unchanged=385, early_stops=8/8
26 - INFO - chord#: 156 done. best_score=137.0, changed=615, unchanged=469, early_stops=8/8
26 - INFO - chord#: 158 In build_straw_man_chord_sa. tolerance = 1, sa_iterations = 1000, initial_temperature = 3.0, cooling_rate = 0.999
26 - INFO - chord#: 170 done. best_score=67.0, changed=610, unchanged=360, early_stops=8/8
26 - INFO - chord#: 172 In build_straw_man_chord_sa. tolerance = 1, sa_iterations = 1000, initial_temperature = 3.0, cooling_rate = 0.999
26 - INFO - chord#: 168 done. best_score=27.0, changed=516, unchanged=435, early_stops=8/8
26 - INFO - chord#: 170 In build_straw_man_chord_sa. tolerance = 1, sa_iterations = 1000, initial_temperature = 3.0, cooling_rate = 0.999
26 - INFO - chord#: 164 done. best_score=137.0, changed=609, unchanged=247, early_stops=8/8
26 - INFO - chord#: 168 In build_straw_man_chord_sa. tolerance = 1, sa_iterations = 1000, initial_temperature = 3.0, cooling_rate = 0.999
26 - INFO - chord#: 164 done. best_score=67.0, changed=614, unchanged=335, early_stops=8/8
26 - INFO - chord#: 168 In build_straw_man_chord_sa. tolerance = 1, sa_iterations = 1000, initial_temperature = 3.0, cooling_rate = 0.999
26 - INFO - chord#: 158 done. best_score=145.0, changed=615, unchanged=320, early_stops=8/8
26 - INFO - chord#: 160 In build_straw_man_chord_sa. tolerance = 1, sa_iterations = 1000, initial_temperature = 3.0, cooling_rate = 0.999
26 - INFO - chord#: 154 done. best_score=146.0, changed=613, unchanged=314, early_stops=8/8
26 - INFO - chord#: 156 In build_straw_man_chord_sa. tolerance = 1, sa_iterations = 1000, initial_temperature = 3.0, cooling_rate = 0.999
26 - INFO - chord#: 172 done. best_score=27.0, changed=535, unchanged=529, early_stops=8/8
26 - INFO - chord#: 170 done. best_score=67.0, changed=614, unchanged=452, early_stops=8/8
26 - INFO - chord#: 172 In build_straw_man_chord_sa. tolerance = 1, sa_iterations = 1000, initial_temperature = 3.0, cooling_rate = 0.999
26 - INFO - chord#: 164 done. best_score=140.0, changed=613, unchanged=276, early_stops=8/8
26 - INFO - chord#: 168 In build_straw_man_chord_sa. tolerance = 1, sa_iterations = 1000, initial_temperature = 3.0, cooling_rate = 0.999
26 - INFO - chord#: 170 done. best_score=67.0, changed=605, unchanged=240, early_stops=8/8
26 - INFO - chord#: 172 In build_straw_man_chord_sa. tolerance = 1, sa_iterations = 1000, initial_temperature = 3.0, cooling_rate = 0.999
26 - INFO - chord#: 168 done. best_score=27.0, changed=517, unchanged=336, early_stops=8/8
26 - INFO - chord#: 170 In build_straw_man_chord_sa. tolerance = 1, sa_iterations = 1000, initial_temperature = 3.0, cooling_rate = 0.999
26 - INFO - chord#: 168 done. best_score=27.0, changed=521, unchanged=381, early_stops=8/8
26 - INFO - chord#: 170 In build_straw_man_chord_sa. tolerance = 1, sa_iterations = 1000, initial_temperature = 3.0, cooling_rate = 0.999
26 - INFO - chord#: 158 done. best_score=142.0, changed=617, unchanged=317, early_stops=8/8
26 - INFO - chord#: 160 In build_straw_man_chord_sa. tolerance = 1, sa_iterations = 1000, initial_temperature = 3.0, cooling_rate = 0.999
26 - INFO - chord#: 168 done. best_score=27.0, changed=524, unchanged=423, early_stops=8/8
26 - INFO - chord#: 170 In build_straw_man_chord_sa. tolerance = 1, sa_iterations = 1000, initial_temperature = 3.0, cooling_rate = 0.999
26 - INFO - chord#: 172 done. best_score=27.0, changed=533, unchanged=433, early_stops=8/8
26 - INFO - chord#: 160 done. best_score=120.0, changed=607, unchanged=262, early_stops=8/8
26 - INFO - chord#: 162 In build_straw_man_chord_sa. tolerance = 1, sa_iterations = 1000, initial_temperature = 3.0, cooling_rate = 0.999
26 - INFO - chord#: 172 done. best_score=27.0, changed=533, unchanged=537, early_stops=8/8
26 - INFO - chord#: 170 done. best_score=67.0, changed=620, unchanged=391, early_stops=8/8
26 - INFO - chord#: 172 In build_straw_man_chord_sa. tolerance = 1, sa_iterations = 1000, initial_temperature = 3.0, cooling_rate = 0.999
26 - INFO - chord#: 170 done. best_score=145.0, changed=613, unchanged=280, early_stops=8/8
26 - INFO - chord#: 172 In build_straw_man_chord_sa. tolerance = 1, sa_iterations = 1000, initial_temperature = 3.0, cooling_rate = 0.999
26 - INFO - chord#: 162 done. best_score=27.0, changed=532, unchanged=331, early_stops=8/8
26 - INFO - chord#: 164 In build_straw_man_chord_sa. tolerance = 1, sa_iterations = 1000, initial_temperature = 3.0, cooling_rate = 0.999
26 - INFO - chord#: 172 done. best_score=27.0, changed=515, unchanged=386, early_stops=8/8
26 - INFO - chord#: 170 done. best_score=96.0, changed=610, unchanged=360, early_stops=8/8
26 - INFO - chord#: 156 done. best_score=78.0, changed=610, unchanged=384, early_stops=8/8
26 - INFO - chord#: 172 In build_straw_man_chord_sa. tolerance = 1, sa_iterations = 1000, initial_temperature = 3.0, cooling_rate = 0.999
26 - INFO - chord#: 158 In build_straw_man_chord_sa. tolerance = 1, sa_iterations = 1000, initial_temperature = 3.0, cooling_rate = 0.999
26 - INFO - chord#: 160 done. best_score=120.0, changed=615, unchanged=289, early_stops=8/8
26 - INFO - chord#: 162 In build_straw_man_chord_sa. tolerance = 1, sa_iterations = 1000, initial_temperature = 3.0, cooling_rate = 0.999
26 - INFO - chord#: 170 done. best_score=67.0, changed=608, unchanged=245, early_stops=8/8
26 - INFO - chord#: 172 In build_straw_man_chord_sa. tolerance = 1, sa_iterations = 1000, initial_temperature = 3.0, cooling_rate = 0.999
26 - INFO - chord#: 172 done. best_score=27.0, changed=520, unchanged=386, early_stops=8/8
26 - INFO - chord#: 172 done. best_score=27.0, changed=520, unchanged=411, early_stops=8/8
26 - INFO - chord#: 162 done. best_score=27.0, changed=520, unchanged=327, early_stops=8/8
26 - INFO - chord#: 164 In build_straw_man_chord_sa. tolerance = 1, sa_iterations = 1000, initial_temperature = 3.0, cooling_rate = 0.999
26 - INFO - chord#: 172 done. best_score=27.0, changed=522, unchanged=356, early_stops=8/8
26 - INFO - chord#: 164 done. best_score=67.0, changed=618, unchanged=278, early_stops=8/8
26 - INFO - chord#: 168 In build_straw_man_chord_sa. tolerance = 1, sa_iterations = 1000, initial_temperature = 3.0, cooling_rate = 0.999
26 - INFO - chord#: 158 done. best_score=142.0, changed=614, unchanged=310, early_stops=8/8
26 - INFO - chord#: 160 In build_straw_man_chord_sa. tolerance = 1, sa_iterations = 1000, initial_temperature = 3.0, cooling_rate = 0.999
26 - INFO - chord#: 168 done. best_score=27.0, changed=523, unchanged=468, early_stops=8/8
26 - INFO - chord#: 170 In build_straw_man_chord_sa. tolerance = 1, sa_iterations = 1000, initial_temperature = 3.0, cooling_rate = 0.999
26 - INFO - chord#: 164 done. best_score=145.0, changed=608, unchanged=266, early_stops=8/8
26 - INFO - chord#: 168 In build_straw_man_chord_sa. tolerance = 1, sa_iterations = 1000, initial_temperature = 3.0, cooling_rate = 0.999
26 - INFO - chord#: 168 done. best_score=27.0, changed=516, unchanged=324, early_stops=8/8
26 - INFO - chord#: 170 In build_straw_man_chord_sa. tolerance = 1, sa_iterations = 1000, initial_temperature = 3.0, cooling_rate = 0.999
26 - INFO - chord#: 160 done. best_score=97.0, changed=610, unchanged=256, early_stops=8/8
26 - INFO - chord#: 162 In build_straw_man_chord_sa. tolerance = 1, sa_iterations = 1000, initial_temperature = 3.0, cooling_rate = 0.999
26 - INFO - chord#: 162 done. best_score=27.0, changed=520, unchanged=331, early_stops=8/8
26 - INFO - chord#: 164 In build_straw_man_chord_sa. tolerance = 1, sa_iterations = 1000, initial_temperature = 3.0, cooling_rate = 0.999
26 - INFO - chord#: 170 done. best_score=140.0, changed=608, unchanged=302, early_stops=8/8
26 - INFO - chord#: 172 In build_straw_man_chord_sa. tolerance = 1, sa_iterations = 1000, initial_temperature = 3.0, cooling_rate = 0.999
26 - INFO - chord#: 170 done. best_score=137.0, changed=609, unchanged=207, early_stops=8/8
26 - INFO - chord#: 172 In build_straw_man_chord_sa. tolerance = 1, sa_iterations = 1000, initial_temperature = 3.0, cooling_rate = 0.999
26 - INFO - chord#: 172 done. best_score=61.0, changed=529, unchanged=355, early_stops=8/8
26 - INFO - chord#: 172 done. best_score=27.0, changed=520, unchanged=318, early_stops=8/8
26 - INFO - chord#: 164 done. best_score=140.0, changed=612, unchanged=290, early_stops=8/8
26 - INFO - chord#: 168 In build_straw_man_chord_sa. tolerance = 1, sa_iterations = 1000, initial_temperature = 3.0, cooling_rate = 0.999
26 - INFO - chord#: 168 done. best_score=27.0, changed=524, unchanged=377, early_stops=8/8
26 - INFO - chord#: 170 In build_straw_man_chord_sa. tolerance = 1, sa_iterations = 1000, initial_temperature = 3.0, cooling_rate = 0.999
26 - INFO - chord#: 170 done. best_score=96.0, changed=610, unchanged=294, early_stops=8/8
26 - INFO - chord#: 172 In build_straw_man_chord_sa. tolerance = 1, sa_iterations = 1000, initial_temperature = 3.0, cooling_rate = 0.999
26 - INFO - chord#: 172 done. best_score=27.0, changed=529, unchanged=360, early_stops=8/8
26 - INFO - chord 108: PC 4 gap 51.0¢ > 33.0¢ — retuning
26 - INFO - chord#: 108 In build_straw_man_chord_sa. tolerance = 1, sa_iterations = 1000, initial_temperature = 3.0, cooling_rate = 0.999
26 - INFO - chord#: 108 done. best_score=27.0, changed=514, unchanged=382, early_stops=8/8
26 - INFO - chord#: 108 In build_straw_man_chord_sa. tolerance = 1, sa_iterations = 1000, initial_temperature = 3.0, cooling_rate = 0.999
26 - INFO - chord#: 108 done. best_score=27.0, changed=520, unchanged=399, early_stops=8/8
26 - INFO - chord#: 108 In build_straw_man_chord_sa. tolerance = 1, sa_iterations = 1000, initial_temperature = 3.0, cooling_rate = 0.999
26 - INFO - chord#: 108 done. best_score=27.0, changed=515, unchanged=409, early_stops=8/8
26 - INFO - chord#: 108 In build_straw_man_chord_sa. tolerance = 1, sa_iterations = 1000, initial_temperature = 3.0, cooling_rate = 0.999
26 - INFO - chord#: 108 done. best_score=27.0, changed=519, unchanged=384, early_stops=8/8
26 - INFO - chord#: 108 In build_straw_man_chord_sa. tolerance = 1, sa_iterations = 1000, initial_temperature = 3.0, cooling_rate = 0.999
26 - INFO - chord#: 108 done. best_score=27.0, changed=520, unchanged=483, early_stops=8/8
26 - INFO - chord 108: uniform shift +19.0¢
26 - INFO - Continuity enforcement: 5 SA retune attempt(s)
26 - INFO - save_midi_file = False, 
26 - INFO - version = 'bwv255', chorale.shape = (4, 128), root = 7, keys[root] = 'G♮', mode = 'major', time_sig = '4/4'
26 - INFO - In load_chorale_in_cents. About to load top_notes from file_name = '/home/prent/Repos/One-footed-bride-tuning/Archive/straw-man/t1_r1.50_s0_md33_sn0/bwv255top-notes.npy'
26 - INFO - Loaded top_notes from /home/prent/Repos/One-footed-bride-tuning/Archive/straw-man/t1_r1.50_s0_md33_sn0/bwv255top-notes.npy, re-ordered by chorale frequency
26 - INFO - chorale_in_cents.shape = (4, 128), chorale.shape = (4, 128)
26 - INFO - cent value based on top_notes
26 - INFO - Chord 0: [  0 700 400   0]
26 - INFO - Chord 1: [  0 700 400   0]
26 - INFO - Chord 2: [  0 700 400   0]
26 - INFO - Chord 3: [  0 700 400   0]
26 - INFO - Chord 4: [1100  700  200  700]
26 - INFO - Chord 5: [1100  700  200  700]
26 - INFO - Chord 6: [1100  700  200  700]
26 - INFO - Chord 7: [1100  700  200  700]
26 - INFO - Chord 8: [900 600 200 200]
26 - INFO - Chord 9: [900 600 200 200]
26 - INFO - cent_value_chorale.shape = (4, 128), chorale.shape = (4, 128), G♮ major
26 - INFO - cent value based on 12 TET
26 - INFO - Chord 0: [  0 700 400   0]
26 - INFO - Chord 1: [  0 700 400   0]
26 - INFO - Chord 2: [  0 700 400   0]
26 - INFO - Chord 3: [  0 700 400   0]
26 - INFO - Chord 4: [1100  700  200  700]
26 - INFO - Chord 5: [1100  700  200  700]
26 - INFO - Chord 6: [1100  700  200  700]
26 - INFO - Chord 7: [1100  700  200  700]
26 - INFO - Chord 8: [900 600 200 200]
26 - INFO - Chord 9: [900 600 200 200]
26 - INFO - cent_value_chorale.shape = (4, 128), chorale.shape = (4, 128), G♮ major
26 - INFO - Current top_notes:
26 - INFO -    0    1    2    3    4    5    6    7    8    9   10   11
26 - INFO -   G♮   C♮   D♮   B♮   E♮   A♮   F♯   F♮   G♯   A♯   C♯   D♯
26 - INFO -    7    0    2   11    4    9    6    5    8   10    1    3
26 - INFO -  700    0  200 1100  400  900  600  500  800 1000  100  300
26 - INFO - chord#: 0 In build_straw_man_chord_sa. tolerance = 1, sa_iterations = 1000, initial_temperature = 3.0, cooling_rate = 0.999
26 - INFO - chord#: 0 In build_straw_man_chord_sa. tolerance = 1, sa_iterations = 1000, initial_temperature = 3.0, cooling_rate = 0.999
26 - INFO - chord#: 0 In build_straw_man_chord_sa. tolerance = 1, sa_iterations = 1000, initial_temperature = 3.0, cooling_rate = 0.999
26 - INFO - chord#: 0 In build_straw_man_chord_sa. tolerance = 1, sa_iterations = 1000, initial_temperature = 3.0, cooling_rate = 0.999
26 - INFO - chord#: 0 In build_straw_man_chord_sa. tolerance = 1, sa_iterations = 1000, initial_temperature = 3.0, cooling_rate = 0.999
26 - INFO - chord#: 0 In build_straw_man_chord_sa. tolerance = 1, sa_iterations = 1000, initial_temperature = 3.0, cooling_rate = 0.999
26 - INFO - chord#: 0 In build_straw_man_chord_sa. tolerance = 1, sa_iterations = 1000, initial_temperature = 3.0, cooling_rate = 0.999
26 - INFO - chord#: 0 In build_straw_man_chord_sa. tolerance = 1, sa_iterations = 1000, initial_temperature = 3.0, cooling_rate = 0.999
26 - INFO - chord#: 0 In build_straw_man_chord_sa. tolerance = 1, sa_iterations = 1000, initial_temperature = 3.0, cooling_rate = 0.999
26 - INFO - chord#: 0 In build_straw_man_chord_sa. tolerance = 1, sa_iterations = 1000, initial_temperature = 3.0, cooling_rate = 0.999
26 - INFO - chord#: 0 In build_straw_man_chord_sa. tolerance = 1, sa_iterations = 1000, initial_temperature = 3.0, cooling_rate = 0.999
26 - INFO - chord#: 0 In build_straw_man_chord_sa. tolerance = 1, sa_iterations = 1000, initial_temperature = 3.0, cooling_rate = 0.999
26 - INFO - chord#: 0 done. best_score=27.0, changed=518, unchanged=467, early_stops=8/8
26 - INFO - chord#: 4 In build_straw_man_chord_sa. tolerance = 1, sa_iterations = 1000, initial_temperature = 3.0, cooling_rate = 0.999
26 - INFO - chord#: 0 done. best_score=27.0, changed=522, unchanged=450, early_stops=8/8
26 - INFO - chord#: 4 In build_straw_man_chord_sa. tolerance = 1, sa_iterations = 1000, initial_temperature = 3.0, cooling_rate = 0.999
26 - INFO - chord#: 0 done. best_score=27.0, changed=526, unchanged=424, early_stops=8/8
26 - INFO - chord#: 4 In build_straw_man_chord_sa. tolerance = 1, sa_iterations = 1000, initial_temperature = 3.0, cooling_rate = 0.999
26 - INFO - chord#: 0 done. best_score=27.0, changed=520, unchanged=426, early_stops=8/8
26 - INFO - chord#: 4 In build_straw_man_chord_sa. tolerance = 1, sa_iterations = 1000, initial_temperature = 3.0, cooling_rate = 0.999
26 - INFO - chord#: 0 done. best_score=27.0, changed=522, unchanged=544, early_stops=8/8
26 - INFO - chord#: 4 In build_straw_man_chord_sa. tolerance = 1, sa_iterations = 1000, initial_temperature = 3.0, cooling_rate = 0.999
26 - INFO - chord#: 0 done. best_score=27.0, changed=522, unchanged=570, early_stops=8/8
26 - INFO - chord#: 4 In build_straw_man_chord_sa. tolerance = 1, sa_iterations = 1000, initial_temperature = 3.0, cooling_rate = 0.999
26 - INFO - chord#: 0 done. best_score=27.0, changed=521, unchanged=344, early_stops=8/8
26 - INFO - chord#: 4 In build_straw_man_chord_sa. tolerance = 1, sa_iterations = 1000, initial_temperature = 3.0, cooling_rate = 0.999
26 - INFO - chord#: 0 done. best_score=27.0, changed=519, unchanged=396, early_stops=8/8
26 - INFO - chord#: 4 In build_straw_man_chord_sa. tolerance = 1, sa_iterations = 1000, initial_temperature = 3.0, cooling_rate = 0.999
26 - INFO - chord#: 0 done. best_score=27.0, changed=518, unchanged=495, early_stops=8/8
26 - INFO - chord#: 4 In build_straw_man_chord_sa. tolerance = 1, sa_iterations = 1000, initial_temperature = 3.0, cooling_rate = 0.999
26 - INFO - chord#: 0 done. best_score=27.0, changed=524, unchanged=509, early_stops=8/8
26 - INFO - chord#: 4 In build_straw_man_chord_sa. tolerance = 1, sa_iterations = 1000, initial_temperature = 3.0, cooling_rate = 0.999
26 - INFO - chord#: 0 done. best_score=27.0, changed=522, unchanged=444, early_stops=8/8
26 - INFO - chord#: 4 In build_straw_man_chord_sa. tolerance = 1, sa_iterations = 1000, initial_temperature = 3.0, cooling_rate = 0.999
26 - INFO - chord#: 0 done. best_score=27.0, changed=522, unchanged=494, early_stops=8/8
26 - INFO - chord#: 4 In build_straw_man_chord_sa. tolerance = 1, sa_iterations = 1000, initial_temperature = 3.0, cooling_rate = 0.999
26 - INFO - chord#: 4 done. best_score=27.0, changed=515, unchanged=373, early_stops=8/8
26 - INFO - chord#: 8 In build_straw_man_chord_sa. tolerance = 1, sa_iterations = 1000, initial_temperature = 3.0, cooling_rate = 0.999
26 - INFO - chord#: 4 done. best_score=27.0, changed=514, unchanged=371, early_stops=8/8
26 - INFO - chord#: 8 In build_straw_man_chord_sa. tolerance = 1, sa_iterations = 1000, initial_temperature = 3.0, cooling_rate = 0.999
26 - INFO - chord#: 4 done. best_score=27.0, changed=517, unchanged=397, early_stops=8/8
26 - INFO - chord#: 8 In build_straw_man_chord_sa. tolerance = 1, sa_iterations = 1000, initial_temperature = 3.0, cooling_rate = 0.999
26 - INFO - chord#: 4 done. best_score=27.0, changed=520, unchanged=319, early_stops=8/8
26 - INFO - chord#: 8 In build_straw_man_chord_sa. tolerance = 1, sa_iterations = 1000, initial_temperature = 3.0, cooling_rate = 0.999
26 - INFO - chord#: 4 done. best_score=27.0, changed=524, unchanged=418, early_stops=8/8
26 - INFO - chord#: 8 In build_straw_man_chord_sa. tolerance = 1, sa_iterations = 1000, initial_temperature = 3.0, cooling_rate = 0.999
26 - INFO - chord#: 4 done. best_score=27.0, changed=527, unchanged=484, early_stops=8/8
26 - INFO - chord#: 8 In build_straw_man_chord_sa. tolerance = 1, sa_iterations = 1000, initial_temperature = 3.0, cooling_rate = 0.999
26 - INFO - chord#: 4 done. best_score=27.0, changed=522, unchanged=302, early_stops=8/8
26 - INFO - chord#: 8 In build_straw_man_chord_sa. tolerance = 1, sa_iterations = 1000, initial_temperature = 3.0, cooling_rate = 0.999
26 - INFO - chord#: 4 done. best_score=27.0, changed=526, unchanged=499, early_stops=8/8
26 - INFO - chord#: 8 In build_straw_man_chord_sa. tolerance = 1, sa_iterations = 1000, initial_temperature = 3.0, cooling_rate = 0.999
26 - INFO - chord#: 4 done. best_score=27.0, changed=520, unchanged=333, early_stops=8/8
26 - INFO - chord#: 8 In build_straw_man_chord_sa. tolerance = 1, sa_iterations = 1000, initial_temperature = 3.0, cooling_rate = 0.999
26 - INFO - chord#: 4 done. best_score=27.0, changed=527, unchanged=472, early_stops=8/8
26 - INFO - chord#: 8 In build_straw_man_chord_sa. tolerance = 1, sa_iterations = 1000, initial_temperature = 3.0, cooling_rate = 0.999
26 - INFO - chord#: 4 done. best_score=27.0, changed=525, unchanged=404, early_stops=8/8
26 - INFO - chord#: 8 In build_straw_man_chord_sa. tolerance = 1, sa_iterations = 1000, initial_temperature = 3.0, cooling_rate = 0.999
26 - INFO - chord#: 4 done. best_score=27.0, changed=529, unchanged=495, early_stops=8/8
26 - INFO - chord#: 8 In build_straw_man_chord_sa. tolerance = 1, sa_iterations = 1000, initial_temperature = 3.0, cooling_rate = 0.999
26 - INFO - chord#: 8 done. best_score=27.0, changed=520, unchanged=378, early_stops=8/8
26 - INFO - chord#: 10 In build_straw_man_chord_sa. tolerance = 1, sa_iterations = 1000, initial_temperature = 3.0, cooling_rate = 0.999
26 - INFO - chord#: 8 done. best_score=27.0, changed=520, unchanged=513, early_stops=8/8
26 - INFO - chord#: 10 In build_straw_man_chord_sa. tolerance = 1, sa_iterations = 1000, initial_temperature = 3.0, cooling_rate = 0.999
26 - INFO - chord#: 8 done. best_score=27.0, changed=512, unchanged=362, early_stops=8/8
26 - INFO - chord#: 10 In build_straw_man_chord_sa. tolerance = 1, sa_iterations = 1000, initial_temperature = 3.0, cooling_rate = 0.999
26 - INFO - chord#: 8 done. best_score=27.0, changed=523, unchanged=533, early_stops=8/8
26 - INFO - chord#: 10 In build_straw_man_chord_sa. tolerance = 1, sa_iterations = 1000, initial_temperature = 3.0, cooling_rate = 0.999
26 - INFO - chord#: 8 done. best_score=27.0, changed=527, unchanged=464, early_stops=8/8
26 - INFO - chord#: 10 In build_straw_man_chord_sa. tolerance = 1, sa_iterations = 1000, initial_temperature = 3.0, cooling_rate = 0.999
26 - INFO - chord#: 8 done. best_score=27.0, changed=527, unchanged=438, early_stops=8/8
26 - INFO - chord#: 10 In build_straw_man_chord_sa. tolerance = 1, sa_iterations = 1000, initial_temperature = 3.0, cooling_rate = 0.999
26 - INFO - chord#: 8 done. best_score=27.0, changed=518, unchanged=378, early_stops=8/8
26 - INFO - chord#: 10 In build_straw_man_chord_sa. tolerance = 1, sa_iterations = 1000, initial_temperature = 3.0, cooling_rate = 0.999
26 - INFO - chord#: 8 done. best_score=27.0, changed=519, unchanged=411, early_stops=8/8
26 - INFO - chord#: 10 In build_straw_man_chord_sa. tolerance = 1, sa_iterations = 1000, initial_temperature = 3.0, cooling_rate = 0.999
26 - INFO - chord#: 8 done. best_score=27.0, changed=521, unchanged=407, early_stops=8/8
26 - INFO - chord#: 10 In build_straw_man_chord_sa. tolerance = 1, sa_iterations = 1000, initial_temperature = 3.0, cooling_rate = 0.999
26 - INFO - chord#: 8 done. best_score=27.0, changed=532, unchanged=431, early_stops=8/8
26 - INFO - chord#: 10 In build_straw_man_chord_sa. tolerance = 1, sa_iterations = 1000, initial_temperature = 3.0, cooling_rate = 0.999
26 - INFO - chord#: 8 done. best_score=27.0, changed=522, unchanged=496, early_stops=8/8
26 - INFO - chord#: 10 In build_straw_man_chord_sa. tolerance = 1, sa_iterations = 1000, initial_temperature = 3.0, cooling_rate = 0.999
26 - INFO - chord#: 8 done. best_score=27.0, changed=515, unchanged=350, early_stops=8/8
26 - INFO - chord#: 10 In build_straw_man_chord_sa. tolerance = 1, sa_iterations = 1000, initial_temperature = 3.0, cooling_rate = 0.999
26 - INFO - chord#: 10 done. best_score=78.0, changed=611, unchanged=265, early_stops=8/8
26 - INFO - chord#: 12 In build_straw_man_chord_sa. tolerance = 1, sa_iterations = 1000, initial_temperature = 3.0, cooling_rate = 0.999
26 - INFO - chord#: 10 done. best_score=67.0, changed=609, unchanged=210, early_stops=8/8
26 - INFO - chord#: 12 In build_straw_man_chord_sa. tolerance = 1, sa_iterations = 1000, initial_temperature = 3.0, cooling_rate = 0.999
26 - INFO - chord#: 10 done. best_score=137.0, changed=611, unchanged=244, early_stops=8/8
26 - INFO - chord#: 12 In build_straw_man_chord_sa. tolerance = 1, sa_iterations = 1000, initial_temperature = 3.0, cooling_rate = 0.999
26 - INFO - chord#: 10 done. best_score=96.0, changed=613, unchanged=249, early_stops=8/8
26 - INFO - chord#: 12 In build_straw_man_chord_sa. tolerance = 1, sa_iterations = 1000, initial_temperature = 3.0, cooling_rate = 0.999
26 - INFO - chord#: 10 done. best_score=67.0, changed=609, unchanged=339, early_stops=8/8
26 - INFO - chord#: 12 In build_straw_man_chord_sa. tolerance = 1, sa_iterations = 1000, initial_temperature = 3.0, cooling_rate = 0.999
26 - INFO - chord#: 10 done. best_score=67.0, changed=612, unchanged=510, early_stops=8/8
26 - INFO - chord#: 12 In build_straw_man_chord_sa. tolerance = 1, sa_iterations = 1000, initial_temperature = 3.0, cooling_rate = 0.999
26 - INFO - chord#: 12 done. best_score=27.0, changed=523, unchanged=315, early_stops=8/8
26 - INFO - chord#: 16 In build_straw_man_chord_sa. tolerance = 1, sa_iterations = 1000, initial_temperature = 3.0, cooling_rate = 0.999
26 - INFO - chord#: 12 done. best_score=27.0, changed=523, unchanged=444, early_stops=8/8
26 - INFO - chord#: 16 In build_straw_man_chord_sa. tolerance = 1, sa_iterations = 1000, initial_temperature = 3.0, cooling_rate = 0.999
26 - INFO - chord#: 10 done. best_score=145.0, changed=610, unchanged=249, early_stops=8/8
26 - INFO - chord#: 12 In build_straw_man_chord_sa. tolerance = 1, sa_iterations = 1000, initial_temperature = 3.0, cooling_rate = 0.999
26 - INFO - chord#: 12 done. best_score=27.0, changed=530, unchanged=519, early_stops=8/8
26 - INFO - chord#: 16 In build_straw_man_chord_sa. tolerance = 1, sa_iterations = 1000, initial_temperature = 3.0, cooling_rate = 0.999
26 - INFO - chord#: 12 done. best_score=27.0, changed=525, unchanged=353, early_stops=8/8
26 - INFO - chord#: 16 In build_straw_man_chord_sa. tolerance = 1, sa_iterations = 1000, initial_temperature = 3.0, cooling_rate = 0.999
26 - INFO - chord#: 10 done. best_score=67.0, changed=608, unchanged=227, early_stops=8/8
26 - INFO - chord#: 12 In build_straw_man_chord_sa. tolerance = 1, sa_iterations = 1000, initial_temperature = 3.0, cooling_rate = 0.999
26 - INFO - chord#: 12 done. best_score=27.0, changed=524, unchanged=418, early_stops=8/8
26 - INFO - chord#: 16 In build_straw_man_chord_sa. tolerance = 1, sa_iterations = 1000, initial_temperature = 3.0, cooling_rate = 0.999
26 - INFO - chord#: 10 done. best_score=67.0, changed=609, unchanged=260, early_stops=8/8
26 - INFO - chord#: 12 In build_straw_man_chord_sa. tolerance = 1, sa_iterations = 1000, initial_temperature = 3.0, cooling_rate = 0.999
26 - INFO - chord#: 12 done. best_score=27.0, changed=520, unchanged=325, early_stops=8/8
26 - INFO - chord#: 16 In build_straw_man_chord_sa. tolerance = 1, sa_iterations = 1000, initial_temperature = 3.0, cooling_rate = 0.999
26 - INFO - chord#: 10 done. best_score=96.0, changed=609, unchanged=409, early_stops=8/8
26 - INFO - chord#: 12 In build_straw_man_chord_sa. tolerance = 1, sa_iterations = 1000, initial_temperature = 3.0, cooling_rate = 0.999
26 - INFO - chord#: 10 done. best_score=67.0, changed=614, unchanged=420, early_stops=8/8
26 - INFO - chord#: 12 In build_straw_man_chord_sa. tolerance = 1, sa_iterations = 1000, initial_temperature = 3.0, cooling_rate = 0.999
26 - INFO - chord#: 16 done. best_score=27.0, changed=520, unchanged=524, early_stops=8/8
26 - INFO - chord#: 18 In build_straw_man_chord_sa. tolerance = 1, sa_iterations = 1000, initial_temperature = 3.0, cooling_rate = 0.999
26 - INFO - chord#: 10 done. best_score=96.0, changed=610, unchanged=402, early_stops=8/8
26 - INFO - chord#: 12 In build_straw_man_chord_sa. tolerance = 1, sa_iterations = 1000, initial_temperature = 3.0, cooling_rate = 0.999
26 - INFO - chord#: 16 done. best_score=27.0, changed=530, unchanged=572, early_stops=8/8
26 - INFO - chord#: 18 In build_straw_man_chord_sa. tolerance = 1, sa_iterations = 1000, initial_temperature = 3.0, cooling_rate = 0.999
26 - INFO - chord#: 12 done. best_score=27.0, changed=536, unchanged=572, early_stops=8/8
26 - INFO - chord#: 16 In build_straw_man_chord_sa. tolerance = 1, sa_iterations = 1000, initial_temperature = 3.0, cooling_rate = 0.999
26 - INFO - chord#: 16 done. best_score=27.0, changed=521, unchanged=511, early_stops=8/8
26 - INFO - chord#: 18 In build_straw_man_chord_sa. tolerance = 1, sa_iterations = 1000, initial_temperature = 3.0, cooling_rate = 0.999
26 - INFO - chord#: 12 done. best_score=27.0, changed=517, unchanged=313, early_stops=8/8
26 - INFO - chord#: 16 In build_straw_man_chord_sa. tolerance = 1, sa_iterations = 1000, initial_temperature = 3.0, cooling_rate = 0.999
26 - INFO - chord#: 16 done. best_score=27.0, changed=519, unchanged=501, early_stops=8/8
26 - INFO - chord#: 18 In build_straw_man_chord_sa. tolerance = 1, sa_iterations = 1000, initial_temperature = 3.0, cooling_rate = 0.999
26 - INFO - chord#: 16 done. best_score=27.0, changed=519, unchanged=336, early_stops=8/8
26 - INFO - chord#: 18 In build_straw_man_chord_sa. tolerance = 1, sa_iterations = 1000, initial_temperature = 3.0, cooling_rate = 0.999
26 - INFO - chord#: 12 done. best_score=27.0, changed=529, unchanged=352, early_stops=8/8
26 - INFO - chord#: 16 In build_straw_man_chord_sa. tolerance = 1, sa_iterations = 1000, initial_temperature = 3.0, cooling_rate = 0.999
26 - INFO - chord#: 12 done. best_score=27.0, changed=522, unchanged=374, early_stops=8/8
26 - INFO - chord#: 16 In build_straw_man_chord_sa. tolerance = 1, sa_iterations = 1000, initial_temperature = 3.0, cooling_rate = 0.999
26 - INFO - chord#: 16 done. best_score=27.0, changed=522, unchanged=420, early_stops=8/8
26 - INFO - chord#: 18 In build_straw_man_chord_sa. tolerance = 1, sa_iterations = 1000, initial_temperature = 3.0, cooling_rate = 0.999
26 - INFO - chord#: 12 done. best_score=27.0, changed=528, unchanged=413, early_stops=8/8
26 - INFO - chord#: 16 In build_straw_man_chord_sa. tolerance = 1, sa_iterations = 1000, initial_temperature = 3.0, cooling_rate = 0.999
26 - INFO - chord#: 12 done. best_score=27.0, changed=533, unchanged=410, early_stops=8/8
26 - INFO - chord#: 16 In build_straw_man_chord_sa. tolerance = 1, sa_iterations = 1000, initial_temperature = 3.0, cooling_rate = 0.999
26 - INFO - chord#: 16 done. best_score=27.0, changed=520, unchanged=555, early_stops=8/8
26 - INFO - chord#: 18 In build_straw_man_chord_sa. tolerance = 1, sa_iterations = 1000, initial_temperature = 3.0, cooling_rate = 0.999
26 - INFO - chord#: 16 done. best_score=27.0, changed=518, unchanged=358, early_stops=8/8
26 - INFO - chord#: 18 In build_straw_man_chord_sa. tolerance = 1, sa_iterations = 1000, initial_temperature = 3.0, cooling_rate = 0.999
26 - INFO - chord#: 16 done. best_score=27.0, changed=533, unchanged=592, early_stops=8/8
26 - INFO - chord#: 18 In build_straw_man_chord_sa. tolerance = 1, sa_iterations = 1000, initial_temperature = 3.0, cooling_rate = 0.999
26 - INFO - chord#: 16 done. best_score=27.0, changed=521, unchanged=454, early_stops=8/8
26 - INFO - chord#: 18 In build_straw_man_chord_sa. tolerance = 1, sa_iterations = 1000, initial_temperature = 3.0, cooling_rate = 0.999
26 - INFO - chord#: 18 done. best_score=75.0, changed=609, unchanged=268, early_stops=8/8
26 - INFO - chord#: 20 In build_straw_man_chord_sa. tolerance = 1, sa_iterations = 1000, initial_temperature = 3.0, cooling_rate = 0.999
26 - INFO - chord#: 16 done. best_score=27.0, changed=524, unchanged=384, early_stops=8/8
26 - INFO - chord#: 18 In build_straw_man_chord_sa. tolerance = 1, sa_iterations = 1000, initial_temperature = 3.0, cooling_rate = 0.999
26 - INFO - chord#: 16 done. best_score=27.0, changed=526, unchanged=481, early_stops=8/8
26 - INFO - chord#: 18 In build_straw_man_chord_sa. tolerance = 1, sa_iterations = 1000, initial_temperature = 3.0, cooling_rate = 0.999
26 - INFO - chord#: 18 done. best_score=70.0, changed=613, unchanged=357, early_stops=8/8
26 - INFO - chord#: 20 In build_straw_man_chord_sa. tolerance = 1, sa_iterations = 1000, initial_temperature = 3.0, cooling_rate = 0.999
26 - INFO - chord#: 18 done. best_score=141.0, changed=619, unchanged=464, early_stops=8/8
26 - INFO - chord#: 20 In build_straw_man_chord_sa. tolerance = 1, sa_iterations = 1000, initial_temperature = 3.0, cooling_rate = 0.999
26 - INFO - chord#: 18 done. best_score=70.0, changed=613, unchanged=398, early_stops=8/8
26 - INFO - chord#: 20 In build_straw_man_chord_sa. tolerance = 1, sa_iterations = 1000, initial_temperature = 3.0, cooling_rate = 0.999
26 - INFO - chord#: 18 done. best_score=70.0, changed=614, unchanged=356, early_stops=8/8
26 - INFO - chord#: 20 In build_straw_man_chord_sa. tolerance = 1, sa_iterations = 1000, initial_temperature = 3.0, cooling_rate = 0.999
26 - INFO - chord#: 18 done. best_score=75.0, changed=605, unchanged=222, early_stops=8/8
26 - INFO - chord#: 20 In build_straw_man_chord_sa. tolerance = 1, sa_iterations = 1000, initial_temperature = 3.0, cooling_rate = 0.999
26 - INFO - chord#: 20 done. best_score=27.0, changed=518, unchanged=428, early_stops=8/8
26 - INFO - chord#: 22 In build_straw_man_chord_sa. tolerance = 1, sa_iterations = 1000, initial_temperature = 3.0, cooling_rate = 0.999
26 - INFO - chord#: 20 done. best_score=27.0, changed=520, unchanged=407, early_stops=8/8
26 - INFO - chord#: 22 In build_straw_man_chord_sa. tolerance = 1, sa_iterations = 1000, initial_temperature = 3.0, cooling_rate = 0.999
26 - INFO - chord#: 20 done. best_score=27.0, changed=514, unchanged=378, early_stops=8/8
26 - INFO - chord#: 22 In build_straw_man_chord_sa. tolerance = 1, sa_iterations = 1000, initial_temperature = 3.0, cooling_rate = 0.999
26 - INFO - chord#: 18 done. best_score=156.0, changed=613, unchanged=352, early_stops=8/8
26 - INFO - chord#: 20 In build_straw_man_chord_sa. tolerance = 1, sa_iterations = 1000, initial_temperature = 3.0, cooling_rate = 0.999
26 - INFO - chord#: 20 done. best_score=27.0, changed=518, unchanged=331, early_stops=8/8
26 - INFO - chord#: 22 In build_straw_man_chord_sa. tolerance = 1, sa_iterations = 1000, initial_temperature = 3.0, cooling_rate = 0.999
26 - INFO - chord#: 20 done. best_score=27.0, changed=523, unchanged=450, early_stops=8/8
26 - INFO - chord#: 22 In build_straw_man_chord_sa. tolerance = 1, sa_iterations = 1000, initial_temperature = 3.0, cooling_rate = 0.999
26 - INFO - chord#: 20 done. best_score=27.0, changed=529, unchanged=483, early_stops=8/8
26 - INFO - chord#: 22 In build_straw_man_chord_sa. tolerance = 1, sa_iterations = 1000, initial_temperature = 3.0, cooling_rate = 0.999
26 - INFO - chord#: 20 done. best_score=36.0, changed=521, unchanged=335, early_stops=8/8
26 - INFO - chord#: 22 In build_straw_man_chord_sa. tolerance = 1, sa_iterations = 1000, initial_temperature = 3.0, cooling_rate = 0.999
26 - INFO - chord#: 18 done. best_score=75.0, changed=608, unchanged=219, early_stops=8/8
26 - INFO - chord#: 20 In build_straw_man_chord_sa. tolerance = 1, sa_iterations = 1000, initial_temperature = 3.0, cooling_rate = 0.999
26 - INFO - chord#: 18 done. best_score=75.0, changed=614, unchanged=392, early_stops=8/8
26 - INFO - chord#: 20 In build_straw_man_chord_sa. tolerance = 1, sa_iterations = 1000, initial_temperature = 3.0, cooling_rate = 0.999
26 - INFO - chord#: 18 done. best_score=75.0, changed=611, unchanged=371, early_stops=8/8
26 - INFO - chord#: 20 In build_straw_man_chord_sa. tolerance = 1, sa_iterations = 1000, initial_temperature = 3.0, cooling_rate = 0.999
26 - INFO - chord#: 18 done. best_score=104.0, changed=622, unchanged=409, early_stops=8/8
26 - INFO - chord#: 20 In build_straw_man_chord_sa. tolerance = 1, sa_iterations = 1000, initial_temperature = 3.0, cooling_rate = 0.999
26 - INFO - chord#: 22 done. best_score=96.0, changed=612, unchanged=367, early_stops=8/8
26 - INFO - chord#: 24 In build_straw_man_chord_sa. tolerance = 1, sa_iterations = 1000, initial_temperature = 3.0, cooling_rate = 0.999
26 - INFO - chord#: 18 done. best_score=75.0, changed=609, unchanged=348, early_stops=8/8
26 - INFO - chord#: 20 In build_straw_man_chord_sa. tolerance = 1, sa_iterations = 1000, initial_temperature = 3.0, cooling_rate = 0.999
26 - INFO - chord#: 22 done. best_score=125.0, changed=614, unchanged=307, early_stops=8/8
26 - INFO - chord#: 24 In build_straw_man_chord_sa. tolerance = 1, sa_iterations = 1000, initial_temperature = 3.0, cooling_rate = 0.999
26 - INFO - chord#: 20 done. best_score=27.0, changed=523, unchanged=365, early_stops=8/8
26 - INFO - chord#: 22 In build_straw_man_chord_sa. tolerance = 1, sa_iterations = 1000, initial_temperature = 3.0, cooling_rate = 0.999
26 - INFO - chord#: 20 done. best_score=27.0, changed=523, unchanged=417, early_stops=8/8
26 - INFO - chord#: 22 In build_straw_man_chord_sa. tolerance = 1, sa_iterations = 1000, initial_temperature = 3.0, cooling_rate = 0.999
26 - INFO - chord#: 22 done. best_score=146.0, changed=607, unchanged=232, early_stops=8/8
26 - INFO - chord#: 24 In build_straw_man_chord_sa. tolerance = 1, sa_iterations = 1000, initial_temperature = 3.0, cooling_rate = 0.999
26 - INFO - chord#: 22 done. best_score=64.0, changed=619, unchanged=445, early_stops=8/8
26 - INFO - chord#: 24 In build_straw_man_chord_sa. tolerance = 1, sa_iterations = 1000, initial_temperature = 3.0, cooling_rate = 0.999
26 - INFO - chord#: 20 done. best_score=27.0, changed=514, unchanged=368, early_stops=8/8
26 - INFO - chord#: 22 In build_straw_man_chord_sa. tolerance = 1, sa_iterations = 1000, initial_temperature = 3.0, cooling_rate = 0.999
26 - INFO - chord#: 20 done. best_score=27.0, changed=526, unchanged=315, early_stops=8/8
26 - INFO - chord#: 22 In build_straw_man_chord_sa. tolerance = 1, sa_iterations = 1000, initial_temperature = 3.0, cooling_rate = 0.999
26 - INFO - chord#: 22 done. best_score=96.0, changed=615, unchanged=390, early_stops=8/8
26 - INFO - chord#: 24 In build_straw_man_chord_sa. tolerance = 1, sa_iterations = 1000, initial_temperature = 3.0, cooling_rate = 0.999
26 - INFO - chord#: 24 done. best_score=36.0, changed=520, unchanged=420, early_stops=8/8
26 - INFO - chord#: 28 In build_straw_man_chord_sa. tolerance = 1, sa_iterations = 1000, initial_temperature = 3.0, cooling_rate = 0.999
26 - INFO - chord#: 20 done. best_score=27.0, changed=522, unchanged=320, early_stops=8/8
26 - INFO - chord#: 22 In build_straw_man_chord_sa. tolerance = 1, sa_iterations = 1000, initial_temperature = 3.0, cooling_rate = 0.999
26 - INFO - chord#: 24 done. best_score=36.0, changed=521, unchanged=312, early_stops=8/8
26 - INFO - chord#: 28 In build_straw_man_chord_sa. tolerance = 1, sa_iterations = 1000, initial_temperature = 3.0, cooling_rate = 0.999
26 - INFO - chord#: 22 done. best_score=146.0, changed=612, unchanged=253, early_stops=8/8
26 - INFO - chord#: 24 In build_straw_man_chord_sa. tolerance = 1, sa_iterations = 1000, initial_temperature = 3.0, cooling_rate = 0.999
26 - INFO - chord#: 22 done. best_score=64.0, changed=608, unchanged=246, early_stops=8/8
26 - INFO - chord#: 24 In build_straw_man_chord_sa. tolerance = 1, sa_iterations = 1000, initial_temperature = 3.0, cooling_rate = 0.999
26 - INFO - chord#: 24 done. best_score=36.0, changed=514, unchanged=302, early_stops=8/8
26 - INFO - chord#: 28 In build_straw_man_chord_sa. tolerance = 1, sa_iterations = 1000, initial_temperature = 3.0, cooling_rate = 0.999
26 - INFO - chord#: 24 done. best_score=36.0, changed=517, unchanged=360, early_stops=8/8
26 - INFO - chord#: 28 In build_straw_man_chord_sa. tolerance = 1, sa_iterations = 1000, initial_temperature = 3.0, cooling_rate = 0.999
26 - INFO - chord#: 24 done. best_score=36.0, changed=524, unchanged=465, early_stops=8/8
26 - INFO - chord#: 28 In build_straw_man_chord_sa. tolerance = 1, sa_iterations = 1000, initial_temperature = 3.0, cooling_rate = 0.999
26 - INFO - chord#: 28 done. best_score=27.0, changed=522, unchanged=418, early_stops=8/8
26 - INFO - chord#: 32 In build_straw_man_chord_sa. tolerance = 1, sa_iterations = 1000, initial_temperature = 3.0, cooling_rate = 0.999
26 - INFO - chord#: 28 done. best_score=27.0, changed=520, unchanged=425, early_stops=8/8
26 - INFO - chord#: 32 In build_straw_man_chord_sa. tolerance = 1, sa_iterations = 1000, initial_temperature = 3.0, cooling_rate = 0.999
26 - INFO - chord#: 24 done. best_score=36.0, changed=528, unchanged=485, early_stops=8/8
26 - INFO - chord#: 28 In build_straw_man_chord_sa. tolerance = 1, sa_iterations = 1000, initial_temperature = 3.0, cooling_rate = 0.999
26 - INFO - chord#: 28 done. best_score=27.0, changed=517, unchanged=447, early_stops=8/8
26 - INFO - chord#: 32 In build_straw_man_chord_sa. tolerance = 1, sa_iterations = 1000, initial_temperature = 3.0, cooling_rate = 0.999
26 - INFO - chord#: 24 done. best_score=36.0, changed=520, unchanged=432, early_stops=8/8
26 - INFO - chord#: 28 In build_straw_man_chord_sa. tolerance = 1, sa_iterations = 1000, initial_temperature = 3.0, cooling_rate = 0.999
26 - INFO - chord#: 32 done. best_score=27.0, changed=534, unchanged=399, early_stops=8/8
26 - INFO - chord#: 36 In build_straw_man_chord_sa. tolerance = 1, sa_iterations = 1000, initial_temperature = 3.0, cooling_rate = 0.999
26 - INFO - chord#: 28 done. best_score=27.0, changed=523, unchanged=450, early_stops=8/8
26 - INFO - chord#: 32 In build_straw_man_chord_sa. tolerance = 1, sa_iterations = 1000, initial_temperature = 3.0, cooling_rate = 0.999
26 - INFO - chord#: 22 done. best_score=64.0, changed=608, unchanged=265, early_stops=8/8
26 - INFO - chord#: 24 In build_straw_man_chord_sa. tolerance = 1, sa_iterations = 1000, initial_temperature = 3.0, cooling_rate = 0.999
26 - INFO - chord#: 22 done. best_score=64.0, changed=611, unchanged=305, early_stops=8/8
26 - INFO - chord#: 24 In build_straw_man_chord_sa. tolerance = 1, sa_iterations = 1000, initial_temperature = 3.0, cooling_rate = 0.999
26 - INFO - chord#: 28 done. best_score=27.0, changed=514, unchanged=319, early_stops=8/8
26 - INFO - chord#: 32 In build_straw_man_chord_sa. tolerance = 1, sa_iterations = 1000, initial_temperature = 3.0, cooling_rate = 0.999
26 - INFO - chord#: 32 done. best_score=27.0, changed=526, unchanged=471, early_stops=8/8
26 - INFO - chord#: 36 In build_straw_man_chord_sa. tolerance = 1, sa_iterations = 1000, initial_temperature = 3.0, cooling_rate = 0.999
26 - INFO - chord#: 22 done. best_score=64.0, changed=612, unchanged=398, early_stops=8/8
26 - INFO - chord#: 24 In build_straw_man_chord_sa. tolerance = 1, sa_iterations = 1000, initial_temperature = 3.0, cooling_rate = 0.999
26 - INFO - chord#: 32 done. best_score=27.0, changed=531, unchanged=393, early_stops=8/8
26 - INFO - chord#: 36 In build_straw_man_chord_sa. tolerance = 1, sa_iterations = 1000, initial_temperature = 3.0, cooling_rate = 0.999
26 - INFO - chord#: 28 done. best_score=27.0, changed=518, unchanged=367, early_stops=8/8
26 - INFO - chord#: 32 In build_straw_man_chord_sa. tolerance = 1, sa_iterations = 1000, initial_temperature = 3.0, cooling_rate = 0.999
26 - INFO - chord#: 28 done. best_score=27.0, changed=522, unchanged=383, early_stops=8/8
26 - INFO - chord#: 32 In build_straw_man_chord_sa. tolerance = 1, sa_iterations = 1000, initial_temperature = 3.0, cooling_rate = 0.999
26 - INFO - chord#: 32 done. best_score=27.0, changed=525, unchanged=423, early_stops=8/8
26 - INFO - chord#: 36 In build_straw_man_chord_sa. tolerance = 1, sa_iterations = 1000, initial_temperature = 3.0, cooling_rate = 0.999
26 - INFO - chord#: 22 done. best_score=64.0, changed=615, unchanged=417, early_stops=8/8
26 - INFO - chord#: 24 In build_straw_man_chord_sa. tolerance = 1, sa_iterations = 1000, initial_temperature = 3.0, cooling_rate = 0.999
26 - INFO - chord#: 32 done. best_score=27.0, changed=516, unchanged=345, early_stops=8/8
26 - INFO - chord#: 36 In build_straw_man_chord_sa. tolerance = 1, sa_iterations = 1000, initial_temperature = 3.0, cooling_rate = 0.999
26 - INFO - chord#: 36 done. best_score=35.0, changed=532, unchanged=480, early_stops=8/8
26 - INFO - chord#: 38 In build_straw_man_chord_sa. tolerance = 1, sa_iterations = 1000, initial_temperature = 3.0, cooling_rate = 0.999
26 - INFO - chord#: 24 done. best_score=36.0, changed=523, unchanged=353, early_stops=8/8
26 - INFO - chord#: 28 In build_straw_man_chord_sa. tolerance = 1, sa_iterations = 1000, initial_temperature = 3.0, cooling_rate = 0.999
26 - INFO - chord#: 36 done. best_score=35.0, changed=519, unchanged=511, early_stops=8/8
26 - INFO - chord#: 38 In build_straw_man_chord_sa. tolerance = 1, sa_iterations = 1000, initial_temperature = 3.0, cooling_rate = 0.999
26 - INFO - chord#: 22 done. best_score=64.0, changed=612, unchanged=421, early_stops=8/8
26 - INFO - chord#: 24 In build_straw_man_chord_sa. tolerance = 1, sa_iterations = 1000, initial_temperature = 3.0, cooling_rate = 0.999
26 - INFO - chord#: 24 done. best_score=36.0, changed=519, unchanged=335, early_stops=8/8
26 - INFO - chord#: 28 In build_straw_man_chord_sa. tolerance = 1, sa_iterations = 1000, initial_temperature = 3.0, cooling_rate = 0.999
26 - INFO - chord#: 24 done. best_score=36.0, changed=522, unchanged=366, early_stops=8/8
26 - INFO - chord#: 28 In build_straw_man_chord_sa. tolerance = 1, sa_iterations = 1000, initial_temperature = 3.0, cooling_rate = 0.999
26 - INFO - chord#: 36 done. best_score=35.0, changed=530, unchanged=438, early_stops=8/8
26 - INFO - chord#: 38 In build_straw_man_chord_sa. tolerance = 1, sa_iterations = 1000, initial_temperature = 3.0, cooling_rate = 0.999
26 - INFO - chord#: 36 done. best_score=35.0, changed=521, unchanged=358, early_stops=8/8
26 - INFO - chord#: 38 In build_straw_man_chord_sa. tolerance = 1, sa_iterations = 1000, initial_temperature = 3.0, cooling_rate = 0.999
26 - INFO - chord#: 36 done. best_score=35.0, changed=512, unchanged=332, early_stops=8/8
26 - INFO - chord#: 38 In build_straw_man_chord_sa. tolerance = 1, sa_iterations = 1000, initial_temperature = 3.0, cooling_rate = 0.999
26 - INFO - chord#: 32 done. best_score=27.0, changed=529, unchanged=486, early_stops=8/8
26 - INFO - chord#: 36 In build_straw_man_chord_sa. tolerance = 1, sa_iterations = 1000, initial_temperature = 3.0, cooling_rate = 0.999
26 - INFO - chord#: 32 done. best_score=27.0, changed=514, unchanged=323, early_stops=8/8
26 - INFO - chord#: 36 In build_straw_man_chord_sa. tolerance = 1, sa_iterations = 1000, initial_temperature = 3.0, cooling_rate = 0.999
26 - INFO - chord#: 38 done. best_score=36.0, changed=523, unchanged=439, early_stops=8/8
26 - INFO - chord#: 40 In build_straw_man_chord_sa. tolerance = 1, sa_iterations = 1000, initial_temperature = 3.0, cooling_rate = 0.999
26 - INFO - chord#: 38 done. best_score=36.0, changed=527, unchanged=520, early_stops=8/8
26 - INFO - chord#: 40 In build_straw_man_chord_sa. tolerance = 1, sa_iterations = 1000, initial_temperature = 3.0, cooling_rate = 0.999
26 - INFO - chord#: 24 done. best_score=36.0, changed=525, unchanged=442, early_stops=8/8
26 - INFO - chord#: 28 In build_straw_man_chord_sa. tolerance = 1, sa_iterations = 1000, initial_temperature = 3.0, cooling_rate = 0.999
26 - INFO - chord#: 28 done. best_score=27.0, changed=516, unchanged=363, early_stops=8/8
26 - INFO - chord#: 32 In build_straw_man_chord_sa. tolerance = 1, sa_iterations = 1000, initial_temperature = 3.0, cooling_rate = 0.999
26 - INFO - chord#: 38 done. best_score=36.0, changed=528, unchanged=363, early_stops=8/8
26 - INFO - chord#: 40 In build_straw_man_chord_sa. tolerance = 1, sa_iterations = 1000, initial_temperature = 3.0, cooling_rate = 0.999
26 - INFO - chord#: 24 done. best_score=36.0, changed=520, unchanged=395, early_stops=8/8
26 - INFO - chord#: 28 In build_straw_man_chord_sa. tolerance = 1, sa_iterations = 1000, initial_temperature = 3.0, cooling_rate = 0.999
26 - INFO - chord#: 28 done. best_score=27.0, changed=518, unchanged=354, early_stops=8/8
26 - INFO - chord#: 32 In build_straw_man_chord_sa. tolerance = 1, sa_iterations = 1000, initial_temperature = 3.0, cooling_rate = 0.999
26 - INFO - chord#: 28 done. best_score=27.0, changed=527, unchanged=534, early_stops=8/8
26 - INFO - chord#: 32 In build_straw_man_chord_sa. tolerance = 1, sa_iterations = 1000, initial_temperature = 3.0, cooling_rate = 0.999
26 - INFO - chord#: 38 done. best_score=36.0, changed=516, unchanged=309, early_stops=8/8
26 - INFO - chord#: 40 In build_straw_man_chord_sa. tolerance = 1, sa_iterations = 1000, initial_temperature = 3.0, cooling_rate = 0.999
26 - INFO - chord#: 38 done. best_score=36.0, changed=532, unchanged=440, early_stops=8/8
26 - INFO - chord#: 40 In build_straw_man_chord_sa. tolerance = 1, sa_iterations = 1000, initial_temperature = 3.0, cooling_rate = 0.999
26 - INFO - chord#: 36 done. best_score=35.0, changed=525, unchanged=323, early_stops=8/8
26 - INFO - chord#: 38 In build_straw_man_chord_sa. tolerance = 1, sa_iterations = 1000, initial_temperature = 3.0, cooling_rate = 0.999
26 - INFO - chord#: 40 done. best_score=27.0, changed=518, unchanged=422, early_stops=8/8
26 - INFO - chord#: 42 In build_straw_man_chord_sa. tolerance = 1, sa_iterations = 1000, initial_temperature = 3.0, cooling_rate = 0.999
26 - INFO - chord#: 36 done. best_score=35.0, changed=526, unchanged=422, early_stops=8/8
26 - INFO - chord#: 38 In build_straw_man_chord_sa. tolerance = 1, sa_iterations = 1000, initial_temperature = 3.0, cooling_rate = 0.999
26 - INFO - chord#: 40 done. best_score=27.0, changed=518, unchanged=420, early_stops=8/8
26 - INFO - chord#: 42 In build_straw_man_chord_sa. tolerance = 1, sa_iterations = 1000, initial_temperature = 3.0, cooling_rate = 0.999
26 - INFO - chord#: 40 done. best_score=27.0, changed=517, unchanged=409, early_stops=8/8
26 - INFO - chord#: 42 In build_straw_man_chord_sa. tolerance = 1, sa_iterations = 1000, initial_temperature = 3.0, cooling_rate = 0.999
26 - INFO - chord#: 32 done. best_score=27.0, changed=526, unchanged=422, early_stops=8/8
26 - INFO - chord#: 36 In build_straw_man_chord_sa. tolerance = 1, sa_iterations = 1000, initial_temperature = 3.0, cooling_rate = 0.999
26 - INFO - chord#: 32 done. best_score=27.0, changed=513, unchanged=318, early_stops=8/8
26 - INFO - chord#: 36 In build_straw_man_chord_sa. tolerance = 1, sa_iterations = 1000, initial_temperature = 3.0, cooling_rate = 0.999
26 - INFO - chord#: 32 done. best_score=27.0, changed=535, unchanged=419, early_stops=8/8
26 - INFO - chord#: 36 In build_straw_man_chord_sa. tolerance = 1, sa_iterations = 1000, initial_temperature = 3.0, cooling_rate = 0.999
26 - INFO - chord#: 40 done. best_score=27.0, changed=517, unchanged=424, early_stops=8/8
26 - INFO - chord#: 42 In build_straw_man_chord_sa. tolerance = 1, sa_iterations = 1000, initial_temperature = 3.0, cooling_rate = 0.999
26 - INFO - chord#: 28 done. best_score=27.0, changed=519, unchanged=446, early_stops=8/8
26 - INFO - chord#: 32 In build_straw_man_chord_sa. tolerance = 1, sa_iterations = 1000, initial_temperature = 3.0, cooling_rate = 0.999
26 - INFO - chord#: 40 done. best_score=27.0, changed=517, unchanged=331, early_stops=8/8
26 - INFO - chord#: 42 In build_straw_man_chord_sa. tolerance = 1, sa_iterations = 1000, initial_temperature = 3.0, cooling_rate = 0.999
26 - INFO - chord#: 28 done. best_score=27.0, changed=530, unchanged=471, early_stops=8/8
26 - INFO - chord#: 32 In build_straw_man_chord_sa. tolerance = 1, sa_iterations = 1000, initial_temperature = 3.0, cooling_rate = 0.999
26 - INFO - chord#: 38 done. best_score=36.0, changed=523, unchanged=315, early_stops=8/8
26 - INFO - chord#: 40 In build_straw_man_chord_sa. tolerance = 1, sa_iterations = 1000, initial_temperature = 3.0, cooling_rate = 0.999
26 - INFO - chord#: 38 done. best_score=36.0, changed=531, unchanged=425, early_stops=8/8
26 - INFO - chord#: 40 In build_straw_man_chord_sa. tolerance = 1, sa_iterations = 1000, initial_temperature = 3.0, cooling_rate = 0.999
26 - INFO - chord#: 36 done. best_score=35.0, changed=528, unchanged=379, early_stops=8/8
26 - INFO - chord#: 38 In build_straw_man_chord_sa. tolerance = 1, sa_iterations = 1000, initial_temperature = 3.0, cooling_rate = 0.999
26 - INFO - chord#: 36 done. best_score=35.0, changed=528, unchanged=391, early_stops=8/8
26 - INFO - chord#: 38 In build_straw_man_chord_sa. tolerance = 1, sa_iterations = 1000, initial_temperature = 3.0, cooling_rate = 0.999
26 - INFO - chord#: 36 done. best_score=35.0, changed=522, unchanged=420, early_stops=8/8
26 - INFO - chord#: 38 In build_straw_man_chord_sa. tolerance = 1, sa_iterations = 1000, initial_temperature = 3.0, cooling_rate = 0.999
26 - INFO - chord#: 32 done. best_score=27.0, changed=522, unchanged=377, early_stops=8/8
26 - INFO - chord#: 36 In build_straw_man_chord_sa. tolerance = 1, sa_iterations = 1000, initial_temperature = 3.0, cooling_rate = 0.999
26 - INFO - chord#: 42 done. best_score=146.0, changed=608, unchanged=224, early_stops=8/8
26 - INFO - chord#: 44 In build_straw_man_chord_sa. tolerance = 1, sa_iterations = 1000, initial_temperature = 3.0, cooling_rate = 0.999
26 - INFO - chord#: 32 done. best_score=27.0, changed=525, unchanged=382, early_stops=8/8
26 - INFO - chord#: 36 In build_straw_man_chord_sa. tolerance = 1, sa_iterations = 1000, initial_temperature = 3.0, cooling_rate = 0.999
26 - INFO - chord#: 38 done. best_score=36.0, changed=530, unchanged=400, early_stops=8/8
26 - INFO - chord#: 40 In build_straw_man_chord_sa. tolerance = 1, sa_iterations = 1000, initial_temperature = 3.0, cooling_rate = 0.999
26 - INFO - chord#: 42 done. best_score=82.0, changed=612, unchanged=239, early_stops=8/8
26 - INFO - chord#: 44 In build_straw_man_chord_sa. tolerance = 1, sa_iterations = 1000, initial_temperature = 3.0, cooling_rate = 0.999
26 - INFO - chord#: 42 done. best_score=163.0, changed=609, unchanged=323, early_stops=8/8
26 - INFO - chord#: 44 In build_straw_man_chord_sa. tolerance = 1, sa_iterations = 1000, initial_temperature = 3.0, cooling_rate = 0.999
26 - INFO - chord#: 40 done. best_score=27.0, changed=526, unchanged=488, early_stops=8/8
26 - INFO - chord#: 42 In build_straw_man_chord_sa. tolerance = 1, sa_iterations = 1000, initial_temperature = 3.0, cooling_rate = 0.999
26 - INFO - chord#: 40 done. best_score=27.0, changed=528, unchanged=393, early_stops=8/8
26 - INFO - chord#: 42 In build_straw_man_chord_sa. tolerance = 1, sa_iterations = 1000, initial_temperature = 3.0, cooling_rate = 0.999
26 - INFO - chord#: 42 done. best_score=82.0, changed=608, unchanged=433, early_stops=8/8
26 - INFO - chord#: 44 In build_straw_man_chord_sa. tolerance = 1, sa_iterations = 1000, initial_temperature = 3.0, cooling_rate = 0.999
26 - INFO - chord#: 38 done. best_score=36.0, changed=521, unchanged=349, early_stops=8/8
26 - INFO - chord#: 40 In build_straw_man_chord_sa. tolerance = 1, sa_iterations = 1000, initial_temperature = 3.0, cooling_rate = 0.999
26 - INFO - chord#: 36 done. best_score=35.0, changed=521, unchanged=362, early_stops=8/8
26 - INFO - chord#: 38 In build_straw_man_chord_sa. tolerance = 1, sa_iterations = 1000, initial_temperature = 3.0, cooling_rate = 0.999
26 - INFO - chord#: 44 done. best_score=27.0, changed=521, unchanged=379, early_stops=8/8
26 - INFO - chord#: 48 In build_straw_man_chord_sa. tolerance = 1, sa_iterations = 1000, initial_temperature = 3.0, cooling_rate = 0.999
26 - INFO - chord#: 38 done. best_score=36.0, changed=521, unchanged=422, early_stops=8/8
26 - INFO - chord#: 40 In build_straw_man_chord_sa. tolerance = 1, sa_iterations = 1000, initial_temperature = 3.0, cooling_rate = 0.999
26 - INFO - chord#: 42 done. best_score=82.0, changed=616, unchanged=421, early_stops=8/8
26 - INFO - chord#: 44 In build_straw_man_chord_sa. tolerance = 1, sa_iterations = 1000, initial_temperature = 3.0, cooling_rate = 0.999
26 - INFO - chord#: 36 done. best_score=35.0, changed=516, unchanged=314, early_stops=8/8
26 - INFO - chord#: 38 In build_straw_man_chord_sa. tolerance = 1, sa_iterations = 1000, initial_temperature = 3.0, cooling_rate = 0.999
26 - INFO - chord#: 44 done. best_score=57.0, changed=522, unchanged=463, early_stops=8/8
26 - INFO - chord#: 48 In build_straw_man_chord_sa. tolerance = 1, sa_iterations = 1000, initial_temperature = 3.0, cooling_rate = 0.999
26 - INFO - chord#: 40 done. best_score=27.0, changed=529, unchanged=511, early_stops=8/8
26 - INFO - chord#: 42 In build_straw_man_chord_sa. tolerance = 1, sa_iterations = 1000, initial_temperature = 3.0, cooling_rate = 0.999
26 - INFO - chord#: 44 done. best_score=27.0, changed=527, unchanged=577, early_stops=8/8
26 - INFO - chord#: 48 In build_straw_man_chord_sa. tolerance = 1, sa_iterations = 1000, initial_temperature = 3.0, cooling_rate = 0.999
26 - INFO - chord#: 44 done. best_score=27.0, changed=524, unchanged=406, early_stops=8/8
26 - INFO - chord#: 48 In build_straw_man_chord_sa. tolerance = 1, sa_iterations = 1000, initial_temperature = 3.0, cooling_rate = 0.999
26 - INFO - chord#: 48 done. best_score=27.0, changed=530, unchanged=453, early_stops=8/8
26 - INFO - chord#: 50 In build_straw_man_chord_sa. tolerance = 1, sa_iterations = 1000, initial_temperature = 3.0, cooling_rate = 0.999
26 - INFO - chord#: 38 done. best_score=36.0, changed=531, unchanged=368, early_stops=8/8
26 - INFO - chord#: 40 In build_straw_man_chord_sa. tolerance = 1, sa_iterations = 1000, initial_temperature = 3.0, cooling_rate = 0.999
26 - INFO - chord#: 44 done. best_score=27.0, changed=524, unchanged=440, early_stops=8/8
26 - INFO - chord#: 48 In build_straw_man_chord_sa. tolerance = 1, sa_iterations = 1000, initial_temperature = 3.0, cooling_rate = 0.999
26 - INFO - chord#: 38 done. best_score=36.0, changed=524, unchanged=410, early_stops=8/8
26 - INFO - chord#: 40 In build_straw_man_chord_sa. tolerance = 1, sa_iterations = 1000, initial_temperature = 3.0, cooling_rate = 0.999
26 - INFO - chord#: 40 done. best_score=27.0, changed=525, unchanged=536, early_stops=8/8
26 - INFO - chord#: 42 In build_straw_man_chord_sa. tolerance = 1, sa_iterations = 1000, initial_temperature = 3.0, cooling_rate = 0.999
26 - INFO - chord#: 48 done. best_score=27.0, changed=523, unchanged=288, early_stops=8/8
26 - INFO - chord#: 50 In build_straw_man_chord_sa. tolerance = 1, sa_iterations = 1000, initial_temperature = 3.0, cooling_rate = 0.999
26 - INFO - chord#: 40 done. best_score=27.0, changed=522, unchanged=476, early_stops=8/8
26 - INFO - chord#: 42 In build_straw_man_chord_sa. tolerance = 1, sa_iterations = 1000, initial_temperature = 3.0, cooling_rate = 0.999
26 - INFO - chord#: 48 done. best_score=27.0, changed=527, unchanged=336, early_stops=8/8
26 - INFO - chord#: 50 In build_straw_man_chord_sa. tolerance = 1, sa_iterations = 1000, initial_temperature = 3.0, cooling_rate = 0.999
26 - INFO - chord#: 48 done. best_score=27.0, changed=520, unchanged=378, early_stops=8/8
26 - INFO - chord#: 50 In build_straw_man_chord_sa. tolerance = 1, sa_iterations = 1000, initial_temperature = 3.0, cooling_rate = 0.999
26 - INFO - chord#: 50 done. best_score=31.0, changed=540, unchanged=297, early_stops=8/8
26 - INFO - chord#: 52 In build_straw_man_chord_sa. tolerance = 1, sa_iterations = 1000, initial_temperature = 3.0, cooling_rate = 0.999
26 - INFO - chord#: 50 done. best_score=31.0, changed=554, unchanged=259, early_stops=8/8
26 - INFO - chord#: 52 In build_straw_man_chord_sa. tolerance = 1, sa_iterations = 1000, initial_temperature = 3.0, cooling_rate = 0.999
26 - INFO - chord#: 42 done. best_score=82.0, changed=612, unchanged=278, early_stops=8/8
26 - INFO - chord#: 44 In build_straw_man_chord_sa. tolerance = 1, sa_iterations = 1000, initial_temperature = 3.0, cooling_rate = 0.999
26 - INFO - chord#: 48 done. best_score=27.0, changed=537, unchanged=469, early_stops=8/8
26 - INFO - chord#: 50 In build_straw_man_chord_sa. tolerance = 1, sa_iterations = 1000, initial_temperature = 3.0, cooling_rate = 0.999
26 - INFO - chord#: 40 done. best_score=27.0, changed=527, unchanged=451, early_stops=8/8
26 - INFO - chord#: 42 In build_straw_man_chord_sa. tolerance = 1, sa_iterations = 1000, initial_temperature = 3.0, cooling_rate = 0.999
26 - INFO - chord#: 50 done. best_score=31.0, changed=539, unchanged=314, early_stops=8/8
26 - INFO - chord#: 52 In build_straw_man_chord_sa. tolerance = 1, sa_iterations = 1000, initial_temperature = 3.0, cooling_rate = 0.999
26 - INFO - chord#: 50 done. best_score=31.0, changed=524, unchanged=309, early_stops=8/8
26 - INFO - chord#: 52 In build_straw_man_chord_sa. tolerance = 1, sa_iterations = 1000, initial_temperature = 3.0, cooling_rate = 0.999
26 - INFO - chord#: 42 done. best_score=82.0, changed=609, unchanged=272, early_stops=8/8
26 - INFO - chord#: 44 In build_straw_man_chord_sa. tolerance = 1, sa_iterations = 1000, initial_temperature = 3.0, cooling_rate = 0.999
26 - INFO - chord#: 42 done. best_score=82.0, changed=615, unchanged=390, early_stops=8/8
26 - INFO - chord#: 44 In build_straw_man_chord_sa. tolerance = 1, sa_iterations = 1000, initial_temperature = 3.0, cooling_rate = 0.999
26 - INFO - chord#: 40 done. best_score=27.0, changed=533, unchanged=538, early_stops=8/8
26 - INFO - chord#: 42 In build_straw_man_chord_sa. tolerance = 1, sa_iterations = 1000, initial_temperature = 3.0, cooling_rate = 0.999
26 - INFO - chord#: 50 done. best_score=31.0, changed=533, unchanged=337, early_stops=8/8
26 - INFO - chord#: 52 In build_straw_man_chord_sa. tolerance = 1, sa_iterations = 1000, initial_temperature = 3.0, cooling_rate = 0.999
26 - INFO - chord#: 44 done. best_score=27.0, changed=521, unchanged=467, early_stops=8/8
26 - INFO - chord#: 44 done. best_score=27.0, changed=526, unchanged=467, early_stops=8/8
26 - INFO - chord#: 48 In build_straw_man_chord_sa. tolerance = 1, sa_iterations = 1000, initial_temperature = 3.0, cooling_rate = 0.999
26 - INFO - chord#: 48 In build_straw_man_chord_sa. tolerance = 1, sa_iterations = 1000, initial_temperature = 3.0, cooling_rate = 0.999
26 - INFO - chord#: 42 done. best_score=82.0, changed=605, unchanged=205, early_stops=8/8
26 - INFO - chord#: 44 In build_straw_man_chord_sa. tolerance = 1, sa_iterations = 1000, initial_temperature = 3.0, cooling_rate = 0.999
26 - INFO - chord#: 44 done. best_score=27.0, changed=524, unchanged=423, early_stops=8/8
26 - INFO - chord#: 48 In build_straw_man_chord_sa. tolerance = 1, sa_iterations = 1000, initial_temperature = 3.0, cooling_rate = 0.999
26 - INFO - chord#: 42 done. best_score=136.0, changed=611, unchanged=242, early_stops=8/8
26 - INFO - chord#: 44 In build_straw_man_chord_sa. tolerance = 1, sa_iterations = 1000, initial_temperature = 3.0, cooling_rate = 0.999
26 - INFO - chord#: 52 done. best_score=64.0, changed=608, unchanged=262, early_stops=8/8
26 - INFO - chord#: 56 In build_straw_man_chord_sa. tolerance = 1, sa_iterations = 1000, initial_temperature = 3.0, cooling_rate = 0.999
26 - INFO - chord#: 48 done. best_score=27.0, changed=525, unchanged=336, early_stops=8/8
26 - INFO - chord#: 50 In build_straw_man_chord_sa. tolerance = 1, sa_iterations = 1000, initial_temperature = 3.0, cooling_rate = 0.999
26 - INFO - chord#: 52 done. best_score=71.0, changed=610, unchanged=269, early_stops=8/8
26 - INFO - chord#: 56 In build_straw_man_chord_sa. tolerance = 1, sa_iterations = 1000, initial_temperature = 3.0, cooling_rate = 0.999
26 - INFO - chord#: 52 done. best_score=125.0, changed=615, unchanged=446, early_stops=8/8
26 - INFO - chord#: 56 In build_straw_man_chord_sa. tolerance = 1, sa_iterations = 1000, initial_temperature = 3.0, cooling_rate = 0.999
26 - INFO - chord#: 52 done. best_score=64.0, changed=613, unchanged=316, early_stops=8/8
26 - INFO - chord#: 56 In build_straw_man_chord_sa. tolerance = 1, sa_iterations = 1000, initial_temperature = 3.0, cooling_rate = 0.999
26 - INFO - chord#: 44 done. best_score=27.0, changed=515, unchanged=368, early_stops=8/8
26 - INFO - chord#: 48 In build_straw_man_chord_sa. tolerance = 1, sa_iterations = 1000, initial_temperature = 3.0, cooling_rate = 0.999
26 - INFO - chord#: 44 done. best_score=57.0, changed=523, unchanged=319, early_stops=8/8
26 - INFO - chord#: 48 In build_straw_man_chord_sa. tolerance = 1, sa_iterations = 1000, initial_temperature = 3.0, cooling_rate = 0.999
26 - INFO - chord#: 48 done. best_score=27.0, changed=527, unchanged=454, early_stops=8/8
26 - INFO - chord#: 50 In build_straw_man_chord_sa. tolerance = 1, sa_iterations = 1000, initial_temperature = 3.0, cooling_rate = 0.999
26 - INFO - chord#: 48 done. best_score=27.0, changed=527, unchanged=527, early_stops=8/8
26 - INFO - chord#: 50 In build_straw_man_chord_sa. tolerance = 1, sa_iterations = 1000, initial_temperature = 3.0, cooling_rate = 0.999
26 - INFO - chord#: 56 done. best_score=27.0, changed=528, unchanged=607, early_stops=8/8
26 - INFO - chord#: 58 In build_straw_man_chord_sa. tolerance = 1, sa_iterations = 1000, initial_temperature = 3.0, cooling_rate = 0.999
26 - INFO - chord#: 50 done. best_score=31.0, changed=533, unchanged=339, early_stops=8/8
26 - INFO - chord#: 52 In build_straw_man_chord_sa. tolerance = 1, sa_iterations = 1000, initial_temperature = 3.0, cooling_rate = 0.999
26 - INFO - chord#: 42 done. best_score=82.0, changed=618, unchanged=433, early_stops=8/8
26 - INFO - chord#: 44 In build_straw_man_chord_sa. tolerance = 1, sa_iterations = 1000, initial_temperature = 3.0, cooling_rate = 0.999
26 - INFO - chord#: 56 done. best_score=27.0, changed=514, unchanged=457, early_stops=8/8
26 - INFO - chord#: 58 In build_straw_man_chord_sa. tolerance = 1, sa_iterations = 1000, initial_temperature = 3.0, cooling_rate = 0.999
26 - INFO - chord#: 52 done. best_score=64.0, changed=615, unchanged=395, early_stops=8/8
26 - INFO - chord#: 56 In build_straw_man_chord_sa. tolerance = 1, sa_iterations = 1000, initial_temperature = 3.0, cooling_rate = 0.999
26 - INFO - chord#: 56 done. best_score=27.0, changed=517, unchanged=350, early_stops=8/8
26 - INFO - chord#: 58 In build_straw_man_chord_sa. tolerance = 1, sa_iterations = 1000, initial_temperature = 3.0, cooling_rate = 0.999
26 - INFO - chord#: 56 done. best_score=27.0, changed=524, unchanged=539, early_stops=8/8
26 - INFO - chord#: 58 In build_straw_man_chord_sa. tolerance = 1, sa_iterations = 1000, initial_temperature = 3.0, cooling_rate = 0.999
26 - INFO - chord#: 42 done. best_score=120.0, changed=616, unchanged=414, early_stops=8/8
26 - INFO - chord#: 44 In build_straw_man_chord_sa. tolerance = 1, sa_iterations = 1000, initial_temperature = 3.0, cooling_rate = 0.999
26 - INFO - chord#: 50 done. best_score=31.0, changed=540, unchanged=357, early_stops=8/8
26 - INFO - chord#: 52 In build_straw_man_chord_sa. tolerance = 1, sa_iterations = 1000, initial_temperature = 3.0, cooling_rate = 0.999
26 - INFO - chord#: 48 done. best_score=27.0, changed=533, unchanged=446, early_stops=8/8
26 - INFO - chord#: 50 In build_straw_man_chord_sa. tolerance = 1, sa_iterations = 1000, initial_temperature = 3.0, cooling_rate = 0.999
26 - INFO - chord#: 48 done. best_score=27.0, changed=532, unchanged=432, early_stops=8/8
26 - INFO - chord#: 50 In build_straw_man_chord_sa. tolerance = 1, sa_iterations = 1000, initial_temperature = 3.0, cooling_rate = 0.999
26 - INFO - chord#: 50 done. best_score=31.0, changed=545, unchanged=347, early_stops=8/8
26 - INFO - chord#: 52 In build_straw_man_chord_sa. tolerance = 1, sa_iterations = 1000, initial_temperature = 3.0, cooling_rate = 0.999
26 - INFO - chord#: 56 done. best_score=27.0, changed=521, unchanged=353, early_stops=8/8
26 - INFO - chord#: 58 In build_straw_man_chord_sa. tolerance = 1, sa_iterations = 1000, initial_temperature = 3.0, cooling_rate = 0.999
26 - INFO - chord#: 44 done. best_score=27.0, changed=516, unchanged=351, early_stops=8/8
26 - INFO - chord#: 48 In build_straw_man_chord_sa. tolerance = 1, sa_iterations = 1000, initial_temperature = 3.0, cooling_rate = 0.999
26 - INFO - chord#: 50 done. best_score=31.0, changed=535, unchanged=308, early_stops=8/8
26 - INFO - chord#: 52 In build_straw_man_chord_sa. tolerance = 1, sa_iterations = 1000, initial_temperature = 3.0, cooling_rate = 0.999
26 - INFO - chord#: 58 done. best_score=125.0, changed=610, unchanged=240, early_stops=8/8
26 - INFO - chord#: 60 In build_straw_man_chord_sa. tolerance = 1, sa_iterations = 1000, initial_temperature = 3.0, cooling_rate = 0.999
26 - INFO - chord#: 50 done. best_score=31.0, changed=525, unchanged=313, early_stops=8/8
26 - INFO - chord#: 52 In build_straw_man_chord_sa. tolerance = 1, sa_iterations = 1000, initial_temperature = 3.0, cooling_rate = 0.999
26 - INFO - chord#: 44 done. best_score=27.0, changed=519, unchanged=413, early_stops=8/8
26 - INFO - chord#: 48 In build_straw_man_chord_sa. tolerance = 1, sa_iterations = 1000, initial_temperature = 3.0, cooling_rate = 0.999
26 - INFO - chord#: 52 done. best_score=64.0, changed=606, unchanged=247, early_stops=8/8
26 - INFO - chord#: 56 In build_straw_man_chord_sa. tolerance = 1, sa_iterations = 1000, initial_temperature = 3.0, cooling_rate = 0.999
26 - INFO - chord#: 58 done. best_score=137.0, changed=617, unchanged=272, early_stops=8/8
26 - INFO - chord#: 60 In build_straw_man_chord_sa. tolerance = 1, sa_iterations = 1000, initial_temperature = 3.0, cooling_rate = 0.999
26 - INFO - chord#: 58 done. best_score=67.0, changed=613, unchanged=266, early_stops=8/8
26 - INFO - chord#: 60 In build_straw_man_chord_sa. tolerance = 1, sa_iterations = 1000, initial_temperature = 3.0, cooling_rate = 0.999
26 - INFO - chord#: 58 done. best_score=67.0, changed=611, unchanged=313, early_stops=8/8
26 - INFO - chord#: 60 In build_straw_man_chord_sa. tolerance = 1, sa_iterations = 1000, initial_temperature = 3.0, cooling_rate = 0.999
26 - INFO - chord#: 60 done. best_score=27.0, changed=523, unchanged=368, early_stops=8/8
26 - INFO - chord#: 64 In build_straw_man_chord_sa. tolerance = 1, sa_iterations = 1000, initial_temperature = 3.0, cooling_rate = 0.999
26 - INFO - chord#: 48 done. best_score=27.0, changed=526, unchanged=505, early_stops=8/8
26 - INFO - chord#: 50 In build_straw_man_chord_sa. tolerance = 1, sa_iterations = 1000, initial_temperature = 3.0, cooling_rate = 0.999
26 - INFO - chord#: 56 done. best_score=27.0, changed=530, unchanged=467, early_stops=8/8
26 - INFO - chord#: 58 In build_straw_man_chord_sa. tolerance = 1, sa_iterations = 1000, initial_temperature = 3.0, cooling_rate = 0.999
26 - INFO - chord#: 48 done. best_score=27.0, changed=529, unchanged=405, early_stops=8/8
26 - INFO - chord#: 50 In build_straw_man_chord_sa. tolerance = 1, sa_iterations = 1000, initial_temperature = 3.0, cooling_rate = 0.999
26 - INFO - chord#: 60 done. best_score=27.0, changed=521, unchanged=394, early_stops=8/8
26 - INFO - chord#: 64 In build_straw_man_chord_sa. tolerance = 1, sa_iterations = 1000, initial_temperature = 3.0, cooling_rate = 0.999
26 - INFO - chord#: 52 done. best_score=146.0, changed=606, unchanged=234, early_stops=8/8
26 - INFO - chord#: 56 In build_straw_man_chord_sa. tolerance = 1, sa_iterations = 1000, initial_temperature = 3.0, cooling_rate = 0.999
26 - INFO - chord#: 60 done. best_score=27.0, changed=520, unchanged=426, early_stops=8/8
26 - INFO - chord#: 64 In build_straw_man_chord_sa. tolerance = 1, sa_iterations = 1000, initial_temperature = 3.0, cooling_rate = 0.999
26 - INFO - chord#: 58 done. best_score=67.0, changed=618, unchanged=318, early_stops=8/8
26 - INFO - chord#: 60 In build_straw_man_chord_sa. tolerance = 1, sa_iterations = 1000, initial_temperature = 3.0, cooling_rate = 0.999
26 - INFO - chord#: 60 done. best_score=27.0, changed=533, unchanged=413, early_stops=8/8
26 - INFO - chord#: 64 In build_straw_man_chord_sa. tolerance = 1, sa_iterations = 1000, initial_temperature = 3.0, cooling_rate = 0.999
26 - INFO - chord#: 64 done. best_score=27.0, changed=518, unchanged=385, early_stops=8/8
26 - INFO - chord#: 68 In build_straw_man_chord_sa. tolerance = 1, sa_iterations = 1000, initial_temperature = 3.0, cooling_rate = 0.999
26 - INFO - chord#: 52 done. best_score=71.0, changed=620, unchanged=392, early_stops=8/8
26 - INFO - chord#: 56 In build_straw_man_chord_sa. tolerance = 1, sa_iterations = 1000, initial_temperature = 3.0, cooling_rate = 0.999
26 - INFO - chord#: 50 done. best_score=31.0, changed=526, unchanged=368, early_stops=8/8
26 - INFO - chord#: 52 In build_straw_man_chord_sa. tolerance = 1, sa_iterations = 1000, initial_temperature = 3.0, cooling_rate = 0.999
26 - INFO - chord#: 64 done. best_score=27.0, changed=522, unchanged=345, early_stops=8/8
26 - INFO - chord#: 68 In build_straw_man_chord_sa. tolerance = 1, sa_iterations = 1000, initial_temperature = 3.0, cooling_rate = 0.999
26 - INFO - chord#: 50 done. best_score=31.0, changed=531, unchanged=320, early_stops=8/8
26 - INFO - chord#: 52 In build_straw_man_chord_sa. tolerance = 1, sa_iterations = 1000, initial_temperature = 3.0, cooling_rate = 0.999
26 - INFO - chord#: 64 done. best_score=27.0, changed=530, unchanged=447, early_stops=8/8
26 - INFO - chord#: 68 In build_straw_man_chord_sa. tolerance = 1, sa_iterations = 1000, initial_temperature = 3.0, cooling_rate = 0.999
26 - INFO - chord#: 60 done. best_score=27.0, changed=529, unchanged=352, early_stops=8/8
26 - INFO - chord#: 64 In build_straw_man_chord_sa. tolerance = 1, sa_iterations = 1000, initial_temperature = 3.0, cooling_rate = 0.999
26 - INFO - chord#: 64 done. best_score=27.0, changed=515, unchanged=323, early_stops=8/8
26 - INFO - chord#: 68 In build_straw_man_chord_sa. tolerance = 1, sa_iterations = 1000, initial_temperature = 3.0, cooling_rate = 0.999
26 - INFO - chord#: 56 done. best_score=27.0, changed=514, unchanged=345, early_stops=8/8
26 - INFO - chord#: 58 In build_straw_man_chord_sa. tolerance = 1, sa_iterations = 1000, initial_temperature = 3.0, cooling_rate = 0.999
26 - INFO - chord#: 68 done. best_score=36.0, changed=521, unchanged=417, early_stops=8/8
26 - INFO - chord#: 72 In build_straw_man_chord_sa. tolerance = 1, sa_iterations = 1000, initial_temperature = 3.0, cooling_rate = 0.999
26 - INFO - chord#: 52 done. best_score=64.0, changed=620, unchanged=347, early_stops=8/8
26 - INFO - chord#: 56 In build_straw_man_chord_sa. tolerance = 1, sa_iterations = 1000, initial_temperature = 3.0, cooling_rate = 0.999
26 - INFO - chord#: 52 done. best_score=157.0, changed=612, unchanged=364, early_stops=8/8
26 - INFO - chord#: 56 In build_straw_man_chord_sa. tolerance = 1, sa_iterations = 1000, initial_temperature = 3.0, cooling_rate = 0.999
26 - INFO - chord#: 56 done. best_score=27.0, changed=519, unchanged=342, early_stops=8/8
26 - INFO - chord#: 58 In build_straw_man_chord_sa. tolerance = 1, sa_iterations = 1000, initial_temperature = 3.0, cooling_rate = 0.999
26 - INFO - chord#: 64 done. best_score=27.0, changed=521, unchanged=348, early_stops=8/8
26 - INFO - chord#: 68 In build_straw_man_chord_sa. tolerance = 1, sa_iterations = 1000, initial_temperature = 3.0, cooling_rate = 0.999
26 - INFO - chord#: 68 done. best_score=36.0, changed=532, unchanged=458, early_stops=8/8
26 - INFO - chord#: 72 In build_straw_man_chord_sa. tolerance = 1, sa_iterations = 1000, initial_temperature = 3.0, cooling_rate = 0.999
26 - INFO - chord#: 68 done. best_score=36.0, changed=521, unchanged=348, early_stops=8/8
26 - INFO - chord#: 72 In build_straw_man_chord_sa. tolerance = 1, sa_iterations = 1000, initial_temperature = 3.0, cooling_rate = 0.999
26 - INFO - chord#: 68 done. best_score=36.0, changed=534, unchanged=440, early_stops=8/8
26 - INFO - chord#: 72 In build_straw_man_chord_sa. tolerance = 1, sa_iterations = 1000, initial_temperature = 3.0, cooling_rate = 0.999
26 - INFO - chord#: 72 done. best_score=27.0, changed=517, unchanged=404, early_stops=8/8
26 - INFO - chord#: 76 In build_straw_man_chord_sa. tolerance = 1, sa_iterations = 1000, initial_temperature = 3.0, cooling_rate = 0.999
26 - INFO - chord#: 58 done. best_score=157.0, changed=616, unchanged=421, early_stops=8/8
26 - INFO - chord#: 60 In build_straw_man_chord_sa. tolerance = 1, sa_iterations = 1000, initial_temperature = 3.0, cooling_rate = 0.999
26 - INFO - chord#: 56 done. best_score=27.0, changed=518, unchanged=390, early_stops=8/8
26 - INFO - chord#: 58 In build_straw_man_chord_sa. tolerance = 1, sa_iterations = 1000, initial_temperature = 3.0, cooling_rate = 0.999
26 - INFO - chord#: 68 done. best_score=36.0, changed=521, unchanged=401, early_stops=8/8
26 - INFO - chord#: 72 In build_straw_man_chord_sa. tolerance = 1, sa_iterations = 1000, initial_temperature = 3.0, cooling_rate = 0.999
26 - INFO - chord#: 72 done. best_score=27.0, changed=517, unchanged=393, early_stops=8/8
26 - INFO - chord#: 76 In build_straw_man_chord_sa. tolerance = 1, sa_iterations = 1000, initial_temperature = 3.0, cooling_rate = 0.999
26 - INFO - chord#: 72 done. best_score=27.0, changed=531, unchanged=403, early_stops=8/8
26 - INFO - chord#: 76 In build_straw_man_chord_sa. tolerance = 1, sa_iterations = 1000, initial_temperature = 3.0, cooling_rate = 0.999
26 - INFO - chord#: 72 done. best_score=27.0, changed=521, unchanged=479, early_stops=8/8
26 - INFO - chord#: 76 In build_straw_man_chord_sa. tolerance = 1, sa_iterations = 1000, initial_temperature = 3.0, cooling_rate = 0.999
26 - INFO - chord#: 56 done. best_score=27.0, changed=531, unchanged=407, early_stops=8/8
26 - INFO - chord#: 58 In build_straw_man_chord_sa. tolerance = 1, sa_iterations = 1000, initial_temperature = 3.0, cooling_rate = 0.999
26 - INFO - chord#: 76 done. best_score=27.0, changed=521, unchanged=332, early_stops=8/8
26 - INFO - chord#: 84 In build_straw_man_chord_sa. tolerance = 1, sa_iterations = 1000, initial_temperature = 3.0, cooling_rate = 0.999
26 - INFO - chord#: 52 done. best_score=64.0, changed=618, unchanged=260, early_stops=8/8
26 - INFO - chord#: 56 In build_straw_man_chord_sa. tolerance = 1, sa_iterations = 1000, initial_temperature = 3.0, cooling_rate = 0.999
26 - INFO - chord#: 60 done. best_score=27.0, changed=527, unchanged=420, early_stops=8/8
26 - INFO - chord#: 64 In build_straw_man_chord_sa. tolerance = 1, sa_iterations = 1000, initial_temperature = 3.0, cooling_rate = 0.999
26 - INFO - chord#: 76 done. best_score=27.0, changed=520, unchanged=327, early_stops=8/8
26 - INFO - chord#: 84 In build_straw_man_chord_sa. tolerance = 1, sa_iterations = 1000, initial_temperature = 3.0, cooling_rate = 0.999
26 - INFO - chord#: 76 done. best_score=27.0, changed=530, unchanged=383, early_stops=8/8
26 - INFO - chord#: 84 In build_straw_man_chord_sa. tolerance = 1, sa_iterations = 1000, initial_temperature = 3.0, cooling_rate = 0.999
26 - INFO - chord#: 76 done. best_score=27.0, changed=515, unchanged=364, early_stops=8/8
26 - INFO - chord#: 72 done. best_score=27.0, changed=531, unchanged=549, early_stops=8/8
26 - INFO - chord#: 84 In build_straw_man_chord_sa. tolerance = 1, sa_iterations = 1000, initial_temperature = 3.0, cooling_rate = 0.999
26 - INFO - chord#: 76 In build_straw_man_chord_sa. tolerance = 1, sa_iterations = 1000, initial_temperature = 3.0, cooling_rate = 0.999
26 - INFO - chord#: 52 done. best_score=71.0, changed=612, unchanged=376, early_stops=8/8
26 - INFO - chord#: 56 In build_straw_man_chord_sa. tolerance = 1, sa_iterations = 1000, initial_temperature = 3.0, cooling_rate = 0.999
26 - INFO - chord#: 84 done. best_score=27.0, changed=517, unchanged=354, early_stops=8/8
26 - INFO - chord#: 86 In build_straw_man_chord_sa. tolerance = 1, sa_iterations = 1000, initial_temperature = 3.0, cooling_rate = 0.999
26 - INFO - chord#: 64 done. best_score=27.0, changed=522, unchanged=350, early_stops=8/8
26 - INFO - chord#: 68 In build_straw_man_chord_sa. tolerance = 1, sa_iterations = 1000, initial_temperature = 3.0, cooling_rate = 0.999
26 - INFO - chord#: 58 done. best_score=137.0, changed=616, unchanged=375, early_stops=8/8
26 - INFO - chord#: 60 In build_straw_man_chord_sa. tolerance = 1, sa_iterations = 1000, initial_temperature = 3.0, cooling_rate = 0.999
26 - INFO - chord#: 56 done. best_score=27.0, changed=518, unchanged=360, early_stops=8/8
26 - INFO - chord#: 58 In build_straw_man_chord_sa. tolerance = 1, sa_iterations = 1000, initial_temperature = 3.0, cooling_rate = 0.999
26 - INFO - chord#: 58 done. best_score=67.0, changed=612, unchanged=337, early_stops=8/8
26 - INFO - chord#: 60 In build_straw_man_chord_sa. tolerance = 1, sa_iterations = 1000, initial_temperature = 3.0, cooling_rate = 0.999
26 - INFO - chord#: 84 done. best_score=27.0, changed=522, unchanged=336, early_stops=8/8
26 - INFO - chord#: 86 In build_straw_man_chord_sa. tolerance = 1, sa_iterations = 1000, initial_temperature = 3.0, cooling_rate = 0.999
26 - INFO - chord#: 84 done. best_score=27.0, changed=527, unchanged=376, early_stops=8/8
26 - INFO - chord#: 86 In build_straw_man_chord_sa. tolerance = 1, sa_iterations = 1000, initial_temperature = 3.0, cooling_rate = 0.999
26 - INFO - chord#: 76 done. best_score=27.0, changed=525, unchanged=464, early_stops=8/8
26 - INFO - chord#: 84 In build_straw_man_chord_sa. tolerance = 1, sa_iterations = 1000, initial_temperature = 3.0, cooling_rate = 0.999
26 - INFO - chord#: 84 done. best_score=27.0, changed=535, unchanged=469, early_stops=8/8
26 - INFO - chord#: 86 In build_straw_man_chord_sa. tolerance = 1, sa_iterations = 1000, initial_temperature = 3.0, cooling_rate = 0.999
26 - INFO - chord#: 68 done. best_score=36.0, changed=526, unchanged=485, early_stops=8/8
26 - INFO - chord#: 72 In build_straw_man_chord_sa. tolerance = 1, sa_iterations = 1000, initial_temperature = 3.0, cooling_rate = 0.999
26 - INFO - chord#: 56 done. best_score=27.0, changed=525, unchanged=445, early_stops=8/8
26 - INFO - chord#: 58 In build_straw_man_chord_sa. tolerance = 1, sa_iterations = 1000, initial_temperature = 3.0, cooling_rate = 0.999
26 - INFO - chord#: 60 done. best_score=27.0, changed=520, unchanged=343, early_stops=8/8
26 - INFO - chord#: 64 In build_straw_man_chord_sa. tolerance = 1, sa_iterations = 1000, initial_temperature = 3.0, cooling_rate = 0.999
26 - INFO - chord#: 58 done. best_score=67.0, changed=613, unchanged=241, early_stops=8/8
26 - INFO - chord#: 60 In build_straw_man_chord_sa. tolerance = 1, sa_iterations = 1000, initial_temperature = 3.0, cooling_rate = 0.999
26 - INFO - chord#: 58 done. best_score=67.0, changed=622, unchanged=352, early_stops=8/8
26 - INFO - chord#: 60 In build_straw_man_chord_sa. tolerance = 1, sa_iterations = 1000, initial_temperature = 3.0, cooling_rate = 0.999
26 - INFO - chord#: 60 done. best_score=27.0, changed=518, unchanged=413, early_stops=8/8
26 - INFO - chord#: 64 In build_straw_man_chord_sa. tolerance = 1, sa_iterations = 1000, initial_temperature = 3.0, cooling_rate = 0.999
26 - INFO - chord#: 84 done. best_score=27.0, changed=530, unchanged=439, early_stops=8/8
26 - INFO - chord#: 86 In build_straw_man_chord_sa. tolerance = 1, sa_iterations = 1000, initial_temperature = 3.0, cooling_rate = 0.999
26 - INFO - chord#: 86 done. best_score=74.0, changed=609, unchanged=247, early_stops=8/8
26 - INFO - chord#: 88 In build_straw_man_chord_sa. tolerance = 1, sa_iterations = 1000, initial_temperature = 3.0, cooling_rate = 0.999
26 - INFO - chord#: 72 done. best_score=27.0, changed=522, unchanged=520, early_stops=8/8
26 - INFO - chord#: 76 In build_straw_man_chord_sa. tolerance = 1, sa_iterations = 1000, initial_temperature = 3.0, cooling_rate = 0.999
26 - INFO - chord#: 64 done. best_score=27.0, changed=525, unchanged=395, early_stops=8/8
26 - INFO - chord#: 68 In build_straw_man_chord_sa. tolerance = 1, sa_iterations = 1000, initial_temperature = 3.0, cooling_rate = 0.999
26 - INFO - chord#: 86 done. best_score=74.0, changed=612, unchanged=293, early_stops=8/8
26 - INFO - chord#: 88 In build_straw_man_chord_sa. tolerance = 1, sa_iterations = 1000, initial_temperature = 3.0, cooling_rate = 0.999
26 - INFO - chord#: 60 done. best_score=27.0, changed=523, unchanged=323, early_stops=8/8
26 - INFO - chord#: 64 In build_straw_man_chord_sa. tolerance = 1, sa_iterations = 1000, initial_temperature = 3.0, cooling_rate = 0.999
26 - INFO - chord#: 64 done. best_score=27.0, changed=525, unchanged=312, early_stops=8/8
26 - INFO - chord#: 68 In build_straw_man_chord_sa. tolerance = 1, sa_iterations = 1000, initial_temperature = 3.0, cooling_rate = 0.999
26 - INFO - chord#: 60 done. best_score=27.0, changed=515, unchanged=372, early_stops=8/8
26 - INFO - chord#: 64 In build_straw_man_chord_sa. tolerance = 1, sa_iterations = 1000, initial_temperature = 3.0, cooling_rate = 0.999
26 - INFO - chord#: 86 done. best_score=96.0, changed=612, unchanged=386, early_stops=8/8
26 - INFO - chord#: 88 In build_straw_man_chord_sa. tolerance = 1, sa_iterations = 1000, initial_temperature = 3.0, cooling_rate = 0.999
26 - INFO - chord#: 86 done. best_score=96.0, changed=612, unchanged=343, early_stops=8/8
26 - INFO - chord#: 88 In build_straw_man_chord_sa. tolerance = 1, sa_iterations = 1000, initial_temperature = 3.0, cooling_rate = 0.999
26 - INFO - chord#: 76 done. best_score=27.0, changed=531, unchanged=383, early_stops=8/8
26 - INFO - chord#: 84 In build_straw_man_chord_sa. tolerance = 1, sa_iterations = 1000, initial_temperature = 3.0, cooling_rate = 0.999
26 - INFO - chord#: 58 done. best_score=137.0, changed=614, unchanged=356, early_stops=8/8
26 - INFO - chord#: 60 In build_straw_man_chord_sa. tolerance = 1, sa_iterations = 1000, initial_temperature = 3.0, cooling_rate = 0.999
26 - INFO - chord#: 58 done. best_score=145.0, changed=606, unchanged=201, early_stops=8/8
26 - INFO - chord#: 60 In build_straw_man_chord_sa. tolerance = 1, sa_iterations = 1000, initial_temperature = 3.0, cooling_rate = 0.999
26 - INFO - chord#: 68 done. best_score=36.0, changed=523, unchanged=336, early_stops=8/8
26 - INFO - chord#: 72 In build_straw_man_chord_sa. tolerance = 1, sa_iterations = 1000, initial_temperature = 3.0, cooling_rate = 0.999
26 - INFO - chord#: 64 done. best_score=27.0, changed=519, unchanged=370, early_stops=8/8
26 - INFO - chord#: 68 In build_straw_man_chord_sa. tolerance = 1, sa_iterations = 1000, initial_temperature = 3.0, cooling_rate = 0.999
26 - INFO - chord#: 64 done. best_score=27.0, changed=520, unchanged=349, early_stops=8/8
26 - INFO - chord#: 68 In build_straw_man_chord_sa. tolerance = 1, sa_iterations = 1000, initial_temperature = 3.0, cooling_rate = 0.999
26 - INFO - chord#: 86 done. best_score=96.0, changed=609, unchanged=276, early_stops=8/8
26 - INFO - chord#: 88 In build_straw_man_chord_sa. tolerance = 1, sa_iterations = 1000, initial_temperature = 3.0, cooling_rate = 0.999
26 - INFO - chord#: 68 done. best_score=36.0, changed=521, unchanged=443, early_stops=8/8
26 - INFO - chord#: 72 In build_straw_man_chord_sa. tolerance = 1, sa_iterations = 1000, initial_temperature = 3.0, cooling_rate = 0.999
26 - INFO - chord#: 84 done. best_score=27.0, changed=530, unchanged=481, early_stops=8/8
26 - INFO - chord#: 86 In build_straw_man_chord_sa. tolerance = 1, sa_iterations = 1000, initial_temperature = 3.0, cooling_rate = 0.999
26 - INFO - chord#: 88 done. best_score=125.0, changed=611, unchanged=299, early_stops=8/8
26 - INFO - chord#: 90 In build_straw_man_chord_sa. tolerance = 1, sa_iterations = 1000, initial_temperature = 3.0, cooling_rate = 0.999
26 - INFO - chord#: 60 done. best_score=27.0, changed=524, unchanged=353, early_stops=8/8
26 - INFO - chord#: 64 In build_straw_man_chord_sa. tolerance = 1, sa_iterations = 1000, initial_temperature = 3.0, cooling_rate = 0.999
26 - INFO - chord#: 60 done. best_score=27.0, changed=514, unchanged=352, early_stops=8/8
26 - INFO - chord#: 64 In build_straw_man_chord_sa. tolerance = 1, sa_iterations = 1000, initial_temperature = 3.0, cooling_rate = 0.999
26 - INFO - chord#: 72 done. best_score=27.0, changed=513, unchanged=363, early_stops=8/8
26 - INFO - chord#: 76 In build_straw_man_chord_sa. tolerance = 1, sa_iterations = 1000, initial_temperature = 3.0, cooling_rate = 0.999
26 - INFO - chord#: 88 done. best_score=78.0, changed=614, unchanged=370, early_stops=8/8
26 - INFO - chord#: 90 In build_straw_man_chord_sa. tolerance = 1, sa_iterations = 1000, initial_temperature = 3.0, cooling_rate = 0.999
26 - INFO - chord#: 68 done. best_score=36.0, changed=527, unchanged=399, early_stops=8/8
26 - INFO - chord#: 72 In build_straw_man_chord_sa. tolerance = 1, sa_iterations = 1000, initial_temperature = 3.0, cooling_rate = 0.999
26 - INFO - chord#: 90 done. best_score=36.0, changed=540, unchanged=341, early_stops=8/8
26 - INFO - chord#: 92 In build_straw_man_chord_sa. tolerance = 1, sa_iterations = 1000, initial_temperature = 3.0, cooling_rate = 0.999
26 - INFO - chord#: 68 done. best_score=36.0, changed=523, unchanged=406, early_stops=8/8
26 - INFO - chord#: 72 In build_straw_man_chord_sa. tolerance = 1, sa_iterations = 1000, initial_temperature = 3.0, cooling_rate = 0.999
26 - INFO - chord#: 88 done. best_score=78.0, changed=608, unchanged=302, early_stops=8/8
26 - INFO - chord#: 90 In build_straw_man_chord_sa. tolerance = 1, sa_iterations = 1000, initial_temperature = 3.0, cooling_rate = 0.999
26 - INFO - chord#: 72 done. best_score=27.0, changed=525, unchanged=482, early_stops=8/8
26 - INFO - chord#: 76 In build_straw_man_chord_sa. tolerance = 1, sa_iterations = 1000, initial_temperature = 3.0, cooling_rate = 0.999
26 - INFO - chord#: 64 done. best_score=27.0, changed=523, unchanged=426, early_stops=8/8
26 - INFO - chord#: 68 In build_straw_man_chord_sa. tolerance = 1, sa_iterations = 1000, initial_temperature = 3.0, cooling_rate = 0.999
26 - INFO - chord#: 64 done. best_score=27.0, changed=516, unchanged=344, early_stops=8/8
26 - INFO - chord#: 68 In build_straw_man_chord_sa. tolerance = 1, sa_iterations = 1000, initial_temperature = 3.0, cooling_rate = 0.999
26 - INFO - chord#: 90 done. best_score=36.0, changed=529, unchanged=365, early_stops=8/8
26 - INFO - chord#: 92 In build_straw_man_chord_sa. tolerance = 1, sa_iterations = 1000, initial_temperature = 3.0, cooling_rate = 0.999
26 - INFO - chord#: 76 done. best_score=27.0, changed=525, unchanged=408, early_stops=8/8
26 - INFO - chord#: 84 In build_straw_man_chord_sa. tolerance = 1, sa_iterations = 1000, initial_temperature = 3.0, cooling_rate = 0.999
26 - INFO - chord#: 86 done. best_score=74.0, changed=606, unchanged=221, early_stops=8/8
26 - INFO - chord#: 88 In build_straw_man_chord_sa. tolerance = 1, sa_iterations = 1000, initial_temperature = 3.0, cooling_rate = 0.999
26 - INFO - chord#: 92 done. best_score=27.0, changed=518, unchanged=445, early_stops=8/8
26 - INFO - chord#: 96 In build_straw_man_chord_sa. tolerance = 1, sa_iterations = 1000, initial_temperature = 3.0, cooling_rate = 0.999
26 - INFO - chord#: 90 done. best_score=36.0, changed=524, unchanged=313, early_stops=8/8
26 - INFO - chord#: 92 In build_straw_man_chord_sa. tolerance = 1, sa_iterations = 1000, initial_temperature = 3.0, cooling_rate = 0.999
26 - INFO - chord#: 72 done. best_score=27.0, changed=520, unchanged=511, early_stops=8/8
26 - INFO - chord#: 76 In build_straw_man_chord_sa. tolerance = 1, sa_iterations = 1000, initial_temperature = 3.0, cooling_rate = 0.999
26 - INFO - chord#: 88 done. best_score=101.0, changed=621, unchanged=626, early_stops=8/8
26 - INFO - chord#: 90 In build_straw_man_chord_sa. tolerance = 1, sa_iterations = 1000, initial_temperature = 3.0, cooling_rate = 0.999
26 - INFO - chord#: 88 done. best_score=119.0, changed=615, unchanged=348, early_stops=8/8
26 - INFO - chord#: 90 In build_straw_man_chord_sa. tolerance = 1, sa_iterations = 1000, initial_temperature = 3.0, cooling_rate = 0.999
26 - INFO - chord#: 76 done. best_score=27.0, changed=528, unchanged=392, early_stops=8/8
26 - INFO - chord#: 84 In build_straw_man_chord_sa. tolerance = 1, sa_iterations = 1000, initial_temperature = 3.0, cooling_rate = 0.999
26 - INFO - chord#: 72 done. best_score=27.0, changed=534, unchanged=502, early_stops=8/8
26 - INFO - chord#: 76 In build_straw_man_chord_sa. tolerance = 1, sa_iterations = 1000, initial_temperature = 3.0, cooling_rate = 0.999
26 - INFO - chord#: 92 done. best_score=27.0, changed=518, unchanged=346, early_stops=8/8
26 - INFO - chord#: 96 In build_straw_man_chord_sa. tolerance = 1, sa_iterations = 1000, initial_temperature = 3.0, cooling_rate = 0.999
26 - INFO - chord#: 68 done. best_score=36.0, changed=519, unchanged=334, early_stops=8/8
26 - INFO - chord#: 72 In build_straw_man_chord_sa. tolerance = 1, sa_iterations = 1000, initial_temperature = 3.0, cooling_rate = 0.999
26 - INFO - chord#: 68 done. best_score=36.0, changed=523, unchanged=445, early_stops=8/8
26 - INFO - chord#: 72 In build_straw_man_chord_sa. tolerance = 1, sa_iterations = 1000, initial_temperature = 3.0, cooling_rate = 0.999
26 - INFO - chord#: 90 done. best_score=36.0, changed=531, unchanged=321, early_stops=8/8
26 - INFO - chord#: 92 In build_straw_man_chord_sa. tolerance = 1, sa_iterations = 1000, initial_temperature = 3.0, cooling_rate = 0.999
26 - INFO - chord#: 90 done. best_score=36.0, changed=533, unchanged=333, early_stops=8/8
26 - INFO - chord#: 92 In build_straw_man_chord_sa. tolerance = 1, sa_iterations = 1000, initial_temperature = 3.0, cooling_rate = 0.999
26 - INFO - chord#: 92 done. best_score=27.0, changed=515, unchanged=352, early_stops=8/8
26 - INFO - chord#: 96 In build_straw_man_chord_sa. tolerance = 1, sa_iterations = 1000, initial_temperature = 3.0, cooling_rate = 0.999
26 - INFO - chord#: 84 done. best_score=27.0, changed=525, unchanged=419, early_stops=8/8
26 - INFO - chord#: 86 In build_straw_man_chord_sa. tolerance = 1, sa_iterations = 1000, initial_temperature = 3.0, cooling_rate = 0.999
26 - INFO - chord#: 76 done. best_score=27.0, changed=523, unchanged=365, early_stops=8/8
26 - INFO - chord#: 84 In build_straw_man_chord_sa. tolerance = 1, sa_iterations = 1000, initial_temperature = 3.0, cooling_rate = 0.999
26 - INFO - chord#: 96 done. best_score=27.0, changed=536, unchanged=612, early_stops=8/8
26 - INFO - chord#: 100 In build_straw_man_chord_sa. tolerance = 1, sa_iterations = 1000, initial_temperature = 3.0, cooling_rate = 0.999
26 - INFO - chord#: 76 done. best_score=27.0, changed=531, unchanged=357, early_stops=8/8
26 - INFO - chord#: 84 In build_straw_man_chord_sa. tolerance = 1, sa_iterations = 1000, initial_temperature = 3.0, cooling_rate = 0.999
26 - INFO - chord#: 84 done. best_score=27.0, changed=512, unchanged=346, early_stops=8/8
26 - INFO - chord#: 86 In build_straw_man_chord_sa. tolerance = 1, sa_iterations = 1000, initial_temperature = 3.0, cooling_rate = 0.999
26 - INFO - chord#: 96 done. best_score=27.0, changed=528, unchanged=433, early_stops=8/8
26 - INFO - chord#: 100 In build_straw_man_chord_sa. tolerance = 1, sa_iterations = 1000, initial_temperature = 3.0, cooling_rate = 0.999
26 - INFO - chord#: 92 done. best_score=27.0, changed=521, unchanged=349, early_stops=8/8
26 - INFO - chord#: 96 In build_straw_man_chord_sa. tolerance = 1, sa_iterations = 1000, initial_temperature = 3.0, cooling_rate = 0.999
26 - INFO - chord#: 72 done. best_score=27.0, changed=514, unchanged=369, early_stops=8/8
26 - INFO - chord#: 72 done. best_score=27.0, changed=518, unchanged=355, early_stops=8/8
26 - INFO - chord#: 76 In build_straw_man_chord_sa. tolerance = 1, sa_iterations = 1000, initial_temperature = 3.0, cooling_rate = 0.999
26 - INFO - chord#: 76 In build_straw_man_chord_sa. tolerance = 1, sa_iterations = 1000, initial_temperature = 3.0, cooling_rate = 0.999
26 - INFO - chord#: 88 done. best_score=101.0, changed=609, unchanged=258, early_stops=8/8
26 - INFO - chord#: 90 In build_straw_man_chord_sa. tolerance = 1, sa_iterations = 1000, initial_temperature = 3.0, cooling_rate = 0.999
26 - INFO - chord#: 92 done. best_score=27.0, changed=523, unchanged=461, early_stops=8/8
26 - INFO - chord#: 96 In build_straw_man_chord_sa. tolerance = 1, sa_iterations = 1000, initial_temperature = 3.0, cooling_rate = 0.999
26 - INFO - chord#: 96 done. best_score=27.0, changed=522, unchanged=442, early_stops=8/8
26 - INFO - chord#: 100 In build_straw_man_chord_sa. tolerance = 1, sa_iterations = 1000, initial_temperature = 3.0, cooling_rate = 0.999
26 - INFO - chord#: 84 done. best_score=27.0, changed=519, unchanged=388, early_stops=8/8
26 - INFO - chord#: 86 In build_straw_man_chord_sa. tolerance = 1, sa_iterations = 1000, initial_temperature = 3.0, cooling_rate = 0.999
26 - INFO - chord#: 84 done. best_score=27.0, changed=522, unchanged=418, early_stops=8/8
26 - INFO - chord#: 86 In build_straw_man_chord_sa. tolerance = 1, sa_iterations = 1000, initial_temperature = 3.0, cooling_rate = 0.999
26 - INFO - chord#: 90 done. best_score=36.0, changed=537, unchanged=306, early_stops=8/8
26 - INFO - chord#: 92 In build_straw_man_chord_sa. tolerance = 1, sa_iterations = 1000, initial_temperature = 3.0, cooling_rate = 0.999
26 - INFO - chord#: 96 done. best_score=27.0, changed=522, unchanged=491, early_stops=8/8
26 - INFO - chord#: 100 In build_straw_man_chord_sa. tolerance = 1, sa_iterations = 1000, initial_temperature = 3.0, cooling_rate = 0.999
26 - INFO - chord#: 76 done. best_score=27.0, changed=514, unchanged=359, early_stops=8/8
26 - INFO - chord#: 84 In build_straw_man_chord_sa. tolerance = 1, sa_iterations = 1000, initial_temperature = 3.0, cooling_rate = 0.999
26 - INFO - chord#: 100 done. best_score=67.0, changed=610, unchanged=259, early_stops=8/8
26 - INFO - chord#: 104 In build_straw_man_chord_sa. tolerance = 1, sa_iterations = 1000, initial_temperature = 3.0, cooling_rate = 0.999
26 - INFO - chord#: 76 done. best_score=27.0, changed=530, unchanged=384, early_stops=8/8
26 - INFO - chord#: 84 In build_straw_man_chord_sa. tolerance = 1, sa_iterations = 1000, initial_temperature = 3.0, cooling_rate = 0.999
26 - INFO - chord#: 96 done. best_score=27.0, changed=524, unchanged=625, early_stops=8/8
26 - INFO - chord#: 100 In build_straw_man_chord_sa. tolerance = 1, sa_iterations = 1000, initial_temperature = 3.0, cooling_rate = 0.999
26 - INFO - chord#: 86 done. best_score=96.0, changed=610, unchanged=276, early_stops=8/8
26 - INFO - chord#: 88 In build_straw_man_chord_sa. tolerance = 1, sa_iterations = 1000, initial_temperature = 3.0, cooling_rate = 0.999
26 - INFO - chord#: 86 done. best_score=149.0, changed=616, unchanged=253, early_stops=8/8
26 - INFO - chord#: 88 In build_straw_man_chord_sa. tolerance = 1, sa_iterations = 1000, initial_temperature = 3.0, cooling_rate = 0.999
26 - INFO - chord#: 92 done. best_score=27.0, changed=519, unchanged=461, early_stops=8/8
26 - INFO - chord#: 96 In build_straw_man_chord_sa. tolerance = 1, sa_iterations = 1000, initial_temperature = 3.0, cooling_rate = 0.999
26 - INFO - chord#: 100 done. best_score=67.0, changed=611, unchanged=361, early_stops=8/8
26 - INFO - chord#: 104 In build_straw_man_chord_sa. tolerance = 1, sa_iterations = 1000, initial_temperature = 3.0, cooling_rate = 0.999
26 - INFO - chord#: 104 done. best_score=36.0, changed=528, unchanged=415, early_stops=8/8
26 - INFO - chord#: 108 In build_straw_man_chord_sa. tolerance = 1, sa_iterations = 1000, initial_temperature = 3.0, cooling_rate = 0.999
26 - INFO - chord#: 84 done. best_score=27.0, changed=523, unchanged=408, early_stops=8/8
26 - INFO - chord#: 86 In build_straw_man_chord_sa. tolerance = 1, sa_iterations = 1000, initial_temperature = 3.0, cooling_rate = 0.999
26 - INFO - chord#: 84 done. best_score=27.0, changed=530, unchanged=481, early_stops=8/8
26 - INFO - chord#: 86 In build_straw_man_chord_sa. tolerance = 1, sa_iterations = 1000, initial_temperature = 3.0, cooling_rate = 0.999
26 - INFO - chord#: 100 done. best_score=67.0, changed=613, unchanged=411, early_stops=8/8
26 - INFO - chord#: 104 In build_straw_man_chord_sa. tolerance = 1, sa_iterations = 1000, initial_temperature = 3.0, cooling_rate = 0.999
26 - INFO - chord#: 104 done. best_score=36.0, changed=531, unchanged=365, early_stops=8/8
26 - INFO - chord#: 108 In build_straw_man_chord_sa. tolerance = 1, sa_iterations = 1000, initial_temperature = 3.0, cooling_rate = 0.999
26 - INFO - chord#: 96 done. best_score=27.0, changed=520, unchanged=440, early_stops=8/8
26 - INFO - chord#: 100 In build_straw_man_chord_sa. tolerance = 1, sa_iterations = 1000, initial_temperature = 3.0, cooling_rate = 0.999
26 - INFO - chord#: 108 done. best_score=27.0, changed=523, unchanged=328, early_stops=8/8
26 - INFO - chord#: 110 In build_straw_man_chord_sa. tolerance = 1, sa_iterations = 1000, initial_temperature = 3.0, cooling_rate = 0.999
26 - INFO - chord#: 86 done. best_score=74.0, changed=610, unchanged=315, early_stops=8/8
26 - INFO - chord#: 88 In build_straw_man_chord_sa. tolerance = 1, sa_iterations = 1000, initial_temperature = 3.0, cooling_rate = 0.999
26 - INFO - chord#: 100 done. best_score=129.0, changed=612, unchanged=264, early_stops=8/8
26 - INFO - chord#: 104 In build_straw_man_chord_sa. tolerance = 1, sa_iterations = 1000, initial_temperature = 3.0, cooling_rate = 0.999
26 - INFO - chord#: 86 done. best_score=74.0, changed=614, unchanged=310, early_stops=8/8
26 - INFO - chord#: 88 In build_straw_man_chord_sa. tolerance = 1, sa_iterations = 1000, initial_temperature = 3.0, cooling_rate = 0.999
26 - INFO - chord#: 104 done. best_score=36.0, changed=526, unchanged=380, early_stops=8/8
26 - INFO - chord#: 108 In build_straw_man_chord_sa. tolerance = 1, sa_iterations = 1000, initial_temperature = 3.0, cooling_rate = 0.999
26 - INFO - chord#: 100 done. best_score=119.0, changed=614, unchanged=406, early_stops=8/8
26 - INFO - chord#: 104 In build_straw_man_chord_sa. tolerance = 1, sa_iterations = 1000, initial_temperature = 3.0, cooling_rate = 0.999
26 - INFO - chord#: 104 done. best_score=36.0, changed=522, unchanged=362, early_stops=8/8
26 - INFO - chord#: 108 In build_straw_man_chord_sa. tolerance = 1, sa_iterations = 1000, initial_temperature = 3.0, cooling_rate = 0.999
26 - INFO - chord#: 108 done. best_score=27.0, changed=526, unchanged=542, early_stops=8/8
26 - INFO - chord#: 110 In build_straw_man_chord_sa. tolerance = 1, sa_iterations = 1000, initial_temperature = 3.0, cooling_rate = 0.999
26 - INFO - chord#: 88 done. best_score=78.0, changed=617, unchanged=359, early_stops=8/8
26 - INFO - chord#: 90 In build_straw_man_chord_sa. tolerance = 1, sa_iterations = 1000, initial_temperature = 3.0, cooling_rate = 0.999
26 - INFO - chord#: 108 done. best_score=27.0, changed=519, unchanged=340, early_stops=8/8
26 - INFO - chord#: 110 In build_straw_man_chord_sa. tolerance = 1, sa_iterations = 1000, initial_temperature = 3.0, cooling_rate = 0.999
26 - INFO - chord#: 104 done. best_score=36.0, changed=526, unchanged=301, early_stops=8/8
26 - INFO - chord#: 108 In build_straw_man_chord_sa. tolerance = 1, sa_iterations = 1000, initial_temperature = 3.0, cooling_rate = 0.999
26 - INFO - chord#: 86 done. best_score=74.0, changed=610, unchanged=304, early_stops=8/8
26 - INFO - chord#: 88 In build_straw_man_chord_sa. tolerance = 1, sa_iterations = 1000, initial_temperature = 3.0, cooling_rate = 0.999
26 - INFO - chord#: 100 done. best_score=78.0, changed=608, unchanged=233, early_stops=8/8
26 - INFO - chord#: 104 In build_straw_man_chord_sa. tolerance = 1, sa_iterations = 1000, initial_temperature = 3.0, cooling_rate = 0.999
26 - INFO - chord#: 108 done. best_score=27.0, changed=528, unchanged=405, early_stops=8/8
26 - INFO - chord#: 110 In build_straw_man_chord_sa. tolerance = 1, sa_iterations = 1000, initial_temperature = 3.0, cooling_rate = 0.999
26 - INFO - chord#: 86 done. best_score=74.0, changed=609, unchanged=338, early_stops=8/8
26 - INFO - chord#: 88 In build_straw_man_chord_sa. tolerance = 1, sa_iterations = 1000, initial_temperature = 3.0, cooling_rate = 0.999
26 - INFO - chord#: 88 done. best_score=67.0, changed=615, unchanged=436, early_stops=8/8
26 - INFO - chord#: 90 In build_straw_man_chord_sa. tolerance = 1, sa_iterations = 1000, initial_temperature = 3.0, cooling_rate = 0.999
26 - INFO - chord#: 110 done. best_score=64.0, changed=618, unchanged=321, early_stops=8/8
26 - INFO - chord#: 112 In build_straw_man_chord_sa. tolerance = 1, sa_iterations = 1000, initial_temperature = 3.0, cooling_rate = 0.999
26 - INFO - chord#: 90 done. best_score=36.0, changed=540, unchanged=290, early_stops=8/8
26 - INFO - chord#: 92 In build_straw_man_chord_sa. tolerance = 1, sa_iterations = 1000, initial_temperature = 3.0, cooling_rate = 0.999
26 - INFO - chord#: 108 done. best_score=27.0, changed=524, unchanged=529, early_stops=8/8
26 - INFO - chord#: 110 In build_straw_man_chord_sa. tolerance = 1, sa_iterations = 1000, initial_temperature = 3.0, cooling_rate = 0.999
26 - INFO - chord#: 104 done. best_score=36.0, changed=535, unchanged=402, early_stops=8/8
26 - INFO - chord#: 108 In build_straw_man_chord_sa. tolerance = 1, sa_iterations = 1000, initial_temperature = 3.0, cooling_rate = 0.999
26 - INFO - chord#: 88 done. best_score=119.0, changed=608, unchanged=267, early_stops=8/8
26 - INFO - chord#: 90 In build_straw_man_chord_sa. tolerance = 1, sa_iterations = 1000, initial_temperature = 3.0, cooling_rate = 0.999
26 - INFO - chord#: 88 done. best_score=78.0, changed=615, unchanged=331, early_stops=8/8
26 - INFO - chord#: 90 In build_straw_man_chord_sa. tolerance = 1, sa_iterations = 1000, initial_temperature = 3.0, cooling_rate = 0.999
26 - INFO - chord#: 112 done. best_score=27.0, changed=524, unchanged=363, early_stops=8/8
26 - INFO - chord#: 114 In build_straw_man_chord_sa. tolerance = 1, sa_iterations = 1000, initial_temperature = 3.0, cooling_rate = 0.999
26 - INFO - chord#: 90 done. best_score=72.0, changed=534, unchanged=373, early_stops=8/8
26 - INFO - chord#: 92 In build_straw_man_chord_sa. tolerance = 1, sa_iterations = 1000, initial_temperature = 3.0, cooling_rate = 0.999
26 - INFO - chord#: 110 done. best_score=146.0, changed=611, unchanged=300, early_stops=8/8
26 - INFO - chord#: 112 In build_straw_man_chord_sa. tolerance = 1, sa_iterations = 1000, initial_temperature = 3.0, cooling_rate = 0.999
26 - INFO - chord#: 92 done. best_score=27.0, changed=521, unchanged=364, early_stops=8/8
26 - INFO - chord#: 96 In build_straw_man_chord_sa. tolerance = 1, sa_iterations = 1000, initial_temperature = 3.0, cooling_rate = 0.999
26 - INFO - chord#: 90 done. best_score=36.0, changed=526, unchanged=319, early_stops=8/8
26 - INFO - chord#: 92 In build_straw_man_chord_sa. tolerance = 1, sa_iterations = 1000, initial_temperature = 3.0, cooling_rate = 0.999
26 - INFO - chord#: 108 done. best_score=27.0, changed=524, unchanged=368, early_stops=8/8
26 - INFO - chord#: 110 In build_straw_man_chord_sa. tolerance = 1, sa_iterations = 1000, initial_temperature = 3.0, cooling_rate = 0.999
26 - INFO - chord#: 110 done. best_score=64.0, changed=618, unchanged=353, early_stops=8/8
26 - INFO - chord#: 112 In build_straw_man_chord_sa. tolerance = 1, sa_iterations = 1000, initial_temperature = 3.0, cooling_rate = 0.999
26 - INFO - chord#: 90 done. best_score=36.0, changed=546, unchanged=277, early_stops=8/8
26 - INFO - chord#: 92 In build_straw_man_chord_sa. tolerance = 1, sa_iterations = 1000, initial_temperature = 3.0, cooling_rate = 0.999
26 - INFO - chord#: 114 done. best_score=27.0, changed=518, unchanged=362, early_stops=8/8
26 - INFO - chord#: 116 In build_straw_man_chord_sa. tolerance = 1, sa_iterations = 1000, initial_temperature = 3.0, cooling_rate = 0.999
26 - INFO - chord#: 110 done. best_score=146.0, changed=614, unchanged=288, early_stops=8/8
26 - INFO - chord#: 112 In build_straw_man_chord_sa. tolerance = 1, sa_iterations = 1000, initial_temperature = 3.0, cooling_rate = 0.999
26 - INFO - chord#: 112 done. best_score=27.0, changed=522, unchanged=417, early_stops=8/8
26 - INFO - chord#: 114 In build_straw_man_chord_sa. tolerance = 1, sa_iterations = 1000, initial_temperature = 3.0, cooling_rate = 0.999
26 - INFO - chord#: 92 done. best_score=27.0, changed=518, unchanged=481, early_stops=8/8
26 - INFO - chord#: 96 In build_straw_man_chord_sa. tolerance = 1, sa_iterations = 1000, initial_temperature = 3.0, cooling_rate = 0.999
26 - INFO - chord#: 88 done. best_score=78.0, changed=609, unchanged=310, early_stops=8/8
26 - INFO - chord#: 90 In build_straw_man_chord_sa. tolerance = 1, sa_iterations = 1000, initial_temperature = 3.0, cooling_rate = 0.999
26 - INFO - chord#: 112 done. best_score=27.0, changed=529, unchanged=367, early_stops=8/8
26 - INFO - chord#: 114 In build_straw_man_chord_sa. tolerance = 1, sa_iterations = 1000, initial_temperature = 3.0, cooling_rate = 0.999
26 - INFO - chord#: 96 done. best_score=27.0, changed=525, unchanged=480, early_stops=8/8
26 - INFO - chord#: 100 In build_straw_man_chord_sa. tolerance = 1, sa_iterations = 1000, initial_temperature = 3.0, cooling_rate = 0.999
26 - INFO - chord#: 112 done. best_score=36.0, changed=523, unchanged=348, early_stops=8/8
26 - INFO - chord#: 114 In build_straw_man_chord_sa. tolerance = 1, sa_iterations = 1000, initial_temperature = 3.0, cooling_rate = 0.999
26 - INFO - chord#: 116 done. best_score=31.0, changed=518, unchanged=317, early_stops=8/8
26 - INFO - chord#: 120 In build_straw_man_chord_sa. tolerance = 1, sa_iterations = 1000, initial_temperature = 3.0, cooling_rate = 0.999
26 - INFO - chord#: 110 done. best_score=71.0, changed=616, unchanged=330, early_stops=8/8
26 - INFO - chord#: 112 In build_straw_man_chord_sa. tolerance = 1, sa_iterations = 1000, initial_temperature = 3.0, cooling_rate = 0.999
26 - INFO - chord#: 88 done. best_score=137.0, changed=613, unchanged=343, early_stops=8/8
26 - INFO - chord#: 90 In build_straw_man_chord_sa. tolerance = 1, sa_iterations = 1000, initial_temperature = 3.0, cooling_rate = 0.999
26 - INFO - chord#: 92 done. best_score=27.0, changed=517, unchanged=431, early_stops=8/8
26 - INFO - chord#: 96 In build_straw_man_chord_sa. tolerance = 1, sa_iterations = 1000, initial_temperature = 3.0, cooling_rate = 0.999
26 - INFO - chord#: 92 done. best_score=27.0, changed=520, unchanged=511, early_stops=8/8
26 - INFO - chord#: 96 In build_straw_man_chord_sa. tolerance = 1, sa_iterations = 1000, initial_temperature = 3.0, cooling_rate = 0.999
26 - INFO - chord#: 114 done. best_score=27.0, changed=523, unchanged=526, early_stops=8/8
26 - INFO - chord#: 116 In build_straw_man_chord_sa. tolerance = 1, sa_iterations = 1000, initial_temperature = 3.0, cooling_rate = 0.999
26 - INFO - chord#: 90 done. best_score=36.0, changed=534, unchanged=354, early_stops=8/8
26 - INFO - chord#: 92 In build_straw_man_chord_sa. tolerance = 1, sa_iterations = 1000, initial_temperature = 3.0, cooling_rate = 0.999
26 - INFO - chord#: 120 done. best_score=27.0, changed=508, unchanged=347, early_stops=8/8
26 - INFO - chord#: 122 In build_straw_man_chord_sa. tolerance = 1, sa_iterations = 1000, initial_temperature = 3.0, cooling_rate = 0.999
26 - INFO - chord#: 114 done. best_score=27.0, changed=523, unchanged=525, early_stops=8/8
26 - INFO - chord#: 114 done. best_score=27.0, changed=517, unchanged=327, early_stops=8/8
26 - INFO - chord#: 96 done. best_score=27.0, changed=527, unchanged=473, early_stops=8/8
26 - INFO - chord#: 116 In build_straw_man_chord_sa. tolerance = 1, sa_iterations = 1000, initial_temperature = 3.0, cooling_rate = 0.999
26 - INFO - chord#: 116 In build_straw_man_chord_sa. tolerance = 1, sa_iterations = 1000, initial_temperature = 3.0, cooling_rate = 0.999
26 - INFO - chord#: 100 In build_straw_man_chord_sa. tolerance = 1, sa_iterations = 1000, initial_temperature = 3.0, cooling_rate = 0.999
26 - INFO - chord#: 112 done. best_score=36.0, changed=528, unchanged=388, early_stops=8/8
26 - INFO - chord#: 114 In build_straw_man_chord_sa. tolerance = 1, sa_iterations = 1000, initial_temperature = 3.0, cooling_rate = 0.999
26 - INFO - chord#: 90 done. best_score=36.0, changed=538, unchanged=275, early_stops=8/8
26 - INFO - chord#: 92 In build_straw_man_chord_sa. tolerance = 1, sa_iterations = 1000, initial_temperature = 3.0, cooling_rate = 0.999
26 - INFO - chord#: 110 done. best_score=71.0, changed=614, unchanged=350, early_stops=8/8
26 - INFO - chord#: 112 In build_straw_man_chord_sa. tolerance = 1, sa_iterations = 1000, initial_temperature = 3.0, cooling_rate = 0.999
26 - INFO - chord#: 116 done. best_score=31.0, changed=525, unchanged=408, early_stops=8/8
26 - INFO - chord#: 120 In build_straw_man_chord_sa. tolerance = 1, sa_iterations = 1000, initial_temperature = 3.0, cooling_rate = 0.999
26 - INFO - chord#: 96 done. best_score=27.0, changed=523, unchanged=463, early_stops=8/8
26 - INFO - chord#: 100 In build_straw_man_chord_sa. tolerance = 1, sa_iterations = 1000, initial_temperature = 3.0, cooling_rate = 0.999
26 - INFO - chord#: 96 done. best_score=27.0, changed=521, unchanged=412, early_stops=8/8
26 - INFO - chord#: 100 In build_straw_man_chord_sa. tolerance = 1, sa_iterations = 1000, initial_temperature = 3.0, cooling_rate = 0.999
26 - INFO - chord#: 92 done. best_score=27.0, changed=517, unchanged=350, early_stops=8/8
26 - INFO - chord#: 96 In build_straw_man_chord_sa. tolerance = 1, sa_iterations = 1000, initial_temperature = 3.0, cooling_rate = 0.999
26 - INFO - chord#: 112 done. best_score=36.0, changed=522, unchanged=388, early_stops=8/8
26 - INFO - chord#: 114 In build_straw_man_chord_sa. tolerance = 1, sa_iterations = 1000, initial_temperature = 3.0, cooling_rate = 0.999
26 - INFO - chord#: 92 done. best_score=27.0, changed=528, unchanged=492, early_stops=8/8
26 - INFO - chord#: 96 In build_straw_man_chord_sa. tolerance = 1, sa_iterations = 1000, initial_temperature = 3.0, cooling_rate = 0.999
26 - INFO - chord#: 116 done. best_score=31.0, changed=524, unchanged=359, early_stops=8/8
26 - INFO - chord#: 120 In build_straw_man_chord_sa. tolerance = 1, sa_iterations = 1000, initial_temperature = 3.0, cooling_rate = 0.999
26 - INFO - chord#: 114 done. best_score=27.0, changed=528, unchanged=370, early_stops=8/8
26 - INFO - chord#: 116 In build_straw_man_chord_sa. tolerance = 1, sa_iterations = 1000, initial_temperature = 3.0, cooling_rate = 0.999
26 - INFO - chord#: 116 done. best_score=31.0, changed=535, unchanged=368, early_stops=8/8
26 - INFO - chord#: 120 In build_straw_man_chord_sa. tolerance = 1, sa_iterations = 1000, initial_temperature = 3.0, cooling_rate = 0.999
26 - INFO - chord#: 120 done. best_score=27.0, changed=524, unchanged=507, early_stops=8/8
26 - INFO - chord#: 122 In build_straw_man_chord_sa. tolerance = 1, sa_iterations = 1000, initial_temperature = 3.0, cooling_rate = 0.999
26 - INFO - chord#: 96 done. best_score=27.0, changed=510, unchanged=394, early_stops=8/8
26 - INFO - chord#: 100 In build_straw_man_chord_sa. tolerance = 1, sa_iterations = 1000, initial_temperature = 3.0, cooling_rate = 0.999
26 - INFO - chord#: 114 done. best_score=27.0, changed=522, unchanged=384, early_stops=8/8
26 - INFO - chord#: 116 In build_straw_man_chord_sa. tolerance = 1, sa_iterations = 1000, initial_temperature = 3.0, cooling_rate = 0.999
26 - INFO - chord#: 100 done. best_score=137.0, changed=611, unchanged=363, early_stops=8/8
26 - INFO - chord#: 104 In build_straw_man_chord_sa. tolerance = 1, sa_iterations = 1000, initial_temperature = 3.0, cooling_rate = 0.999
26 - INFO - chord#: 100 done. best_score=78.0, changed=608, unchanged=266, early_stops=8/8
26 - INFO - chord#: 104 In build_straw_man_chord_sa. tolerance = 1, sa_iterations = 1000, initial_temperature = 3.0, cooling_rate = 0.999
26 - INFO - chord#: 120 done. best_score=27.0, changed=513, unchanged=301, early_stops=8/8
26 - INFO - chord#: 122 In build_straw_man_chord_sa. tolerance = 1, sa_iterations = 1000, initial_temperature = 3.0, cooling_rate = 0.999
26 - INFO - chord#: 96 done. best_score=27.0, changed=523, unchanged=438, early_stops=8/8
26 - INFO - chord#: 100 In build_straw_man_chord_sa. tolerance = 1, sa_iterations = 1000, initial_temperature = 3.0, cooling_rate = 0.999
26 - INFO - chord#: 120 done. best_score=27.0, changed=525, unchanged=452, early_stops=8/8
26 - INFO - chord#: 122 In build_straw_man_chord_sa. tolerance = 1, sa_iterations = 1000, initial_temperature = 3.0, cooling_rate = 0.999
26 - INFO - chord#: 116 done. best_score=31.0, changed=518, unchanged=354, early_stops=8/8
26 - INFO - chord#: 120 In build_straw_man_chord_sa. tolerance = 1, sa_iterations = 1000, initial_temperature = 3.0, cooling_rate = 0.999
26 - INFO - chord#: 122 done. best_score=67.0, changed=608, unchanged=232, early_stops=8/8
26 - INFO - chord#: 124 In build_straw_man_chord_sa. tolerance = 1, sa_iterations = 1000, initial_temperature = 3.0, cooling_rate = 0.999
26 - INFO - chord#: 100 done. best_score=67.0, changed=614, unchanged=366, early_stops=8/8
26 - INFO - chord#: 104 In build_straw_man_chord_sa. tolerance = 1, sa_iterations = 1000, initial_temperature = 3.0, cooling_rate = 0.999
26 - INFO - chord#: 116 done. best_score=31.0, changed=519, unchanged=337, early_stops=8/8
26 - INFO - chord#: 120 In build_straw_man_chord_sa. tolerance = 1, sa_iterations = 1000, initial_temperature = 3.0, cooling_rate = 0.999
26 - INFO - chord#: 104 done. best_score=36.0, changed=525, unchanged=358, early_stops=8/8
26 - INFO - chord#: 108 In build_straw_man_chord_sa. tolerance = 1, sa_iterations = 1000, initial_temperature = 3.0, cooling_rate = 0.999
26 - INFO - chord#: 104 done. best_score=36.0, changed=522, unchanged=310, early_stops=8/8
26 - INFO - chord#: 108 In build_straw_man_chord_sa. tolerance = 1, sa_iterations = 1000, initial_temperature = 3.0, cooling_rate = 0.999
26 - INFO - chord#: 100 done. best_score=67.0, changed=618, unchanged=352, early_stops=8/8
26 - INFO - chord#: 104 In build_straw_man_chord_sa. tolerance = 1, sa_iterations = 1000, initial_temperature = 3.0, cooling_rate = 0.999
26 - INFO - chord#: 120 done. best_score=27.0, changed=527, unchanged=342, early_stops=8/8
26 - INFO - chord#: 122 In build_straw_man_chord_sa. tolerance = 1, sa_iterations = 1000, initial_temperature = 3.0, cooling_rate = 0.999
26 - INFO - chord#: 120 done. best_score=27.0, changed=526, unchanged=369, early_stops=8/8
26 - INFO - chord#: 122 In build_straw_man_chord_sa. tolerance = 1, sa_iterations = 1000, initial_temperature = 3.0, cooling_rate = 0.999
26 - INFO - chord#: 122 done. best_score=67.0, changed=611, unchanged=277, early_stops=8/8
26 - INFO - chord#: 124 In build_straw_man_chord_sa. tolerance = 1, sa_iterations = 1000, initial_temperature = 3.0, cooling_rate = 0.999
26 - INFO - chord#: 104 done. best_score=36.0, changed=527, unchanged=335, early_stops=8/8
26 - INFO - chord#: 108 In build_straw_man_chord_sa. tolerance = 1, sa_iterations = 1000, initial_temperature = 3.0, cooling_rate = 0.999
26 - INFO - chord#: 124 done. best_score=27.0, changed=526, unchanged=452, early_stops=8/8
26 - INFO - chord#: 108 done. best_score=27.0, changed=518, unchanged=435, early_stops=8/8
26 - INFO - chord#: 110 In build_straw_man_chord_sa. tolerance = 1, sa_iterations = 1000, initial_temperature = 3.0, cooling_rate = 0.999
26 - INFO - chord#: 100 done. best_score=129.0, changed=620, unchanged=370, early_stops=8/8
26 - INFO - chord#: 104 In build_straw_man_chord_sa. tolerance = 1, sa_iterations = 1000, initial_temperature = 3.0, cooling_rate = 0.999
26 - INFO - chord#: 108 done. best_score=27.0, changed=523, unchanged=407, early_stops=8/8
26 - INFO - chord#: 110 In build_straw_man_chord_sa. tolerance = 1, sa_iterations = 1000, initial_temperature = 3.0, cooling_rate = 0.999
26 - INFO - chord#: 100 done. best_score=67.0, changed=611, unchanged=318, early_stops=8/8
26 - INFO - chord#: 104 In build_straw_man_chord_sa. tolerance = 1, sa_iterations = 1000, initial_temperature = 3.0, cooling_rate = 0.999
26 - INFO - chord#: 104 done. best_score=36.0, changed=525, unchanged=330, early_stops=8/8
26 - INFO - chord#: 108 In build_straw_man_chord_sa. tolerance = 1, sa_iterations = 1000, initial_temperature = 3.0, cooling_rate = 0.999
26 - INFO - chord#: 124 done. best_score=27.0, changed=522, unchanged=354, early_stops=8/8
26 - INFO - chord#: 108 done. best_score=27.0, changed=523, unchanged=469, early_stops=8/8
26 - INFO - chord#: 110 In build_straw_man_chord_sa. tolerance = 1, sa_iterations = 1000, initial_temperature = 3.0, cooling_rate = 0.999
26 - INFO - chord#: 104 done. best_score=36.0, changed=525, unchanged=382, early_stops=8/8
26 - INFO - chord#: 108 In build_straw_man_chord_sa. tolerance = 1, sa_iterations = 1000, initial_temperature = 3.0, cooling_rate = 0.999
26 - INFO - chord#: 122 done. best_score=67.0, changed=612, unchanged=307, early_stops=8/8
26 - INFO - chord#: 124 In build_straw_man_chord_sa. tolerance = 1, sa_iterations = 1000, initial_temperature = 3.0, cooling_rate = 0.999
26 - INFO - chord#: 104 done. best_score=36.0, changed=522, unchanged=385, early_stops=8/8
26 - INFO - chord#: 108 In build_straw_man_chord_sa. tolerance = 1, sa_iterations = 1000, initial_temperature = 3.0, cooling_rate = 0.999
26 - INFO - chord#: 122 done. best_score=67.0, changed=612, unchanged=272, early_stops=8/8
26 - INFO - chord#: 124 In build_straw_man_chord_sa. tolerance = 1, sa_iterations = 1000, initial_temperature = 3.0, cooling_rate = 0.999
26 - INFO - chord#: 108 done. best_score=27.0, changed=514, unchanged=354, early_stops=8/8
26 - INFO - chord#: 110 In build_straw_man_chord_sa. tolerance = 1, sa_iterations = 1000, initial_temperature = 3.0, cooling_rate = 0.999
26 - INFO - chord#: 110 done. best_score=146.0, changed=608, unchanged=243, early_stops=8/8
26 - INFO - chord#: 112 In build_straw_man_chord_sa. tolerance = 1, sa_iterations = 1000, initial_temperature = 3.0, cooling_rate = 0.999
26 - INFO - chord#: 108 done. best_score=27.0, changed=521, unchanged=454, early_stops=8/8
26 - INFO - chord#: 110 In build_straw_man_chord_sa. tolerance = 1, sa_iterations = 1000, initial_temperature = 3.0, cooling_rate = 0.999
26 - INFO - chord#: 122 done. best_score=67.0, changed=617, unchanged=580, early_stops=8/8
26 - INFO - chord#: 124 In build_straw_man_chord_sa. tolerance = 1, sa_iterations = 1000, initial_temperature = 3.0, cooling_rate = 0.999
26 - INFO - chord#: 124 done. best_score=27.0, changed=526, unchanged=386, early_stops=8/8
26 - INFO - chord#: 122 done. best_score=67.0, changed=611, unchanged=260, early_stops=8/8
26 - INFO - chord#: 124 In build_straw_man_chord_sa. tolerance = 1, sa_iterations = 1000, initial_temperature = 3.0, cooling_rate = 0.999
26 - INFO - chord#: 108 done. best_score=27.0, changed=523, unchanged=408, early_stops=8/8
26 - INFO - chord#: 110 In build_straw_man_chord_sa. tolerance = 1, sa_iterations = 1000, initial_temperature = 3.0, cooling_rate = 0.999
26 - INFO - chord#: 124 done. best_score=27.0, changed=531, unchanged=477, early_stops=8/8
26 - INFO - chord#: 110 done. best_score=64.0, changed=613, unchanged=271, early_stops=8/8
26 - INFO - chord#: 112 In build_straw_man_chord_sa. tolerance = 1, sa_iterations = 1000, initial_temperature = 3.0, cooling_rate = 0.999
26 - INFO - chord#: 112 done. best_score=36.0, changed=524, unchanged=358, early_stops=8/8
26 - INFO - chord#: 114 In build_straw_man_chord_sa. tolerance = 1, sa_iterations = 1000, initial_temperature = 3.0, cooling_rate = 0.999
26 - INFO - chord#: 124 done. best_score=27.0, changed=531, unchanged=498, early_stops=8/8
26 - INFO - chord#: 110 done. best_score=64.0, changed=614, unchanged=436, early_stops=8/8
26 - INFO - chord#: 112 In build_straw_man_chord_sa. tolerance = 1, sa_iterations = 1000, initial_temperature = 3.0, cooling_rate = 0.999
26 - INFO - chord#: 124 done. best_score=27.0, changed=525, unchanged=437, early_stops=8/8
26 - INFO - chord#: 112 done. best_score=27.0, changed=522, unchanged=525, early_stops=8/8
26 - INFO - chord#: 114 In build_straw_man_chord_sa. tolerance = 1, sa_iterations = 1000, initial_temperature = 3.0, cooling_rate = 0.999
26 - INFO - chord#: 114 done. best_score=59.0, changed=532, unchanged=413, early_stops=8/8
26 - INFO - chord#: 116 In build_straw_man_chord_sa. tolerance = 1, sa_iterations = 1000, initial_temperature = 3.0, cooling_rate = 0.999
26 - INFO - chord#: 110 done. best_score=64.0, changed=609, unchanged=212, early_stops=8/8
26 - INFO - chord#: 112 In build_straw_man_chord_sa. tolerance = 1, sa_iterations = 1000, initial_temperature = 3.0, cooling_rate = 0.999
26 - INFO - chord#: 110 done. best_score=146.0, changed=611, unchanged=330, early_stops=8/8
26 - INFO - chord#: 112 In build_straw_man_chord_sa. tolerance = 1, sa_iterations = 1000, initial_temperature = 3.0, cooling_rate = 0.999
26 - INFO - chord#: 112 done. best_score=27.0, changed=528, unchanged=359, early_stops=8/8
26 - INFO - chord#: 114 In build_straw_man_chord_sa. tolerance = 1, sa_iterations = 1000, initial_temperature = 3.0, cooling_rate = 0.999
26 - INFO - chord#: 110 done. best_score=146.0, changed=614, unchanged=418, early_stops=8/8
26 - INFO - chord#: 112 In build_straw_man_chord_sa. tolerance = 1, sa_iterations = 1000, initial_temperature = 3.0, cooling_rate = 0.999
26 - INFO - chord#: 116 done. best_score=31.0, changed=534, unchanged=335, early_stops=8/8
26 - INFO - chord#: 120 In build_straw_man_chord_sa. tolerance = 1, sa_iterations = 1000, initial_temperature = 3.0, cooling_rate = 0.999
26 - INFO - chord#: 114 done. best_score=27.0, changed=514, unchanged=408, early_stops=8/8
26 - INFO - chord#: 116 In build_straw_man_chord_sa. tolerance = 1, sa_iterations = 1000, initial_temperature = 3.0, cooling_rate = 0.999
26 - INFO - chord#: 112 done. best_score=27.0, changed=519, unchanged=361, early_stops=8/8
26 - INFO - chord#: 114 In build_straw_man_chord_sa. tolerance = 1, sa_iterations = 1000, initial_temperature = 3.0, cooling_rate = 0.999
26 - INFO - chord#: 112 done. best_score=36.0, changed=521, unchanged=377, early_stops=8/8
26 - INFO - chord#: 114 In build_straw_man_chord_sa. tolerance = 1, sa_iterations = 1000, initial_temperature = 3.0, cooling_rate = 0.999
26 - INFO - chord#: 112 done. best_score=36.0, changed=533, unchanged=435, early_stops=8/8
26 - INFO - chord#: 114 In build_straw_man_chord_sa. tolerance = 1, sa_iterations = 1000, initial_temperature = 3.0, cooling_rate = 0.999
26 - INFO - chord#: 114 done. best_score=27.0, changed=530, unchanged=588, early_stops=8/8
26 - INFO - chord#: 116 In build_straw_man_chord_sa. tolerance = 1, sa_iterations = 1000, initial_temperature = 3.0, cooling_rate = 0.999
26 - INFO - chord#: 120 done. best_score=27.0, changed=523, unchanged=405, early_stops=8/8
26 - INFO - chord#: 122 In build_straw_man_chord_sa. tolerance = 1, sa_iterations = 1000, initial_temperature = 3.0, cooling_rate = 0.999
26 - INFO - chord#: 116 done. best_score=31.0, changed=520, unchanged=383, early_stops=8/8
26 - INFO - chord#: 120 In build_straw_man_chord_sa. tolerance = 1, sa_iterations = 1000, initial_temperature = 3.0, cooling_rate = 0.999
26 - INFO - chord#: 114 done. best_score=27.0, changed=526, unchanged=427, early_stops=8/8
26 - INFO - chord#: 116 In build_straw_man_chord_sa. tolerance = 1, sa_iterations = 1000, initial_temperature = 3.0, cooling_rate = 0.999
26 - INFO - chord#: 114 done. best_score=27.0, changed=515, unchanged=403, early_stops=8/8
26 - INFO - chord#: 116 In build_straw_man_chord_sa. tolerance = 1, sa_iterations = 1000, initial_temperature = 3.0, cooling_rate = 0.999
26 - INFO - chord#: 114 done. best_score=80.0, changed=524, unchanged=321, early_stops=8/8
26 - INFO - chord#: 116 In build_straw_man_chord_sa. tolerance = 1, sa_iterations = 1000, initial_temperature = 3.0, cooling_rate = 0.999
26 - INFO - chord#: 116 done. best_score=31.0, changed=524, unchanged=328, early_stops=8/8
26 - INFO - chord#: 120 In build_straw_man_chord_sa. tolerance = 1, sa_iterations = 1000, initial_temperature = 3.0, cooling_rate = 0.999
26 - INFO - chord#: 120 done. best_score=27.0, changed=528, unchanged=426, early_stops=8/8
26 - INFO - chord#: 122 In build_straw_man_chord_sa. tolerance = 1, sa_iterations = 1000, initial_temperature = 3.0, cooling_rate = 0.999
26 - INFO - chord#: 116 done. best_score=31.0, changed=528, unchanged=388, early_stops=8/8
26 - INFO - chord#: 120 In build_straw_man_chord_sa. tolerance = 1, sa_iterations = 1000, initial_temperature = 3.0, cooling_rate = 0.999
26 - INFO - chord#: 116 done. best_score=31.0, changed=529, unchanged=478, early_stops=8/8
26 - INFO - chord#: 120 In build_straw_man_chord_sa. tolerance = 1, sa_iterations = 1000, initial_temperature = 3.0, cooling_rate = 0.999
26 - INFO - chord#: 116 done. best_score=31.0, changed=534, unchanged=388, early_stops=8/8
26 - INFO - chord#: 120 In build_straw_man_chord_sa. tolerance = 1, sa_iterations = 1000, initial_temperature = 3.0, cooling_rate = 0.999
26 - INFO - chord#: 120 done. best_score=27.0, changed=522, unchanged=431, early_stops=8/8
26 - INFO - chord#: 122 In build_straw_man_chord_sa. tolerance = 1, sa_iterations = 1000, initial_temperature = 3.0, cooling_rate = 0.999
26 - INFO - chord#: 120 done. best_score=27.0, changed=520, unchanged=415, early_stops=8/8
26 - INFO - chord#: 122 In build_straw_man_chord_sa. tolerance = 1, sa_iterations = 1000, initial_temperature = 3.0, cooling_rate = 0.999
26 - INFO - chord#: 122 done. best_score=67.0, changed=611, unchanged=323, early_stops=8/8
26 - INFO - chord#: 124 In build_straw_man_chord_sa. tolerance = 1, sa_iterations = 1000, initial_temperature = 3.0, cooling_rate = 0.999
26 - INFO - chord#: 120 done. best_score=27.0, changed=522, unchanged=317, early_stops=8/8
26 - INFO - chord#: 122 In build_straw_man_chord_sa. tolerance = 1, sa_iterations = 1000, initial_temperature = 3.0, cooling_rate = 0.999
26 - INFO - chord#: 120 done. best_score=27.0, changed=543, unchanged=555, early_stops=8/8
26 - INFO - chord#: 122 In build_straw_man_chord_sa. tolerance = 1, sa_iterations = 1000, initial_temperature = 3.0, cooling_rate = 0.999
26 - INFO - chord#: 122 done. best_score=157.0, changed=608, unchanged=215, early_stops=8/8
26 - INFO - chord#: 124 In build_straw_man_chord_sa. tolerance = 1, sa_iterations = 1000, initial_temperature = 3.0, cooling_rate = 0.999
26 - INFO - chord#: 124 done. best_score=27.0, changed=522, unchanged=485, early_stops=8/8
26 - INFO - chord#: 122 done. best_score=67.0, changed=611, unchanged=262, early_stops=8/8
26 - INFO - chord#: 124 In build_straw_man_chord_sa. tolerance = 1, sa_iterations = 1000, initial_temperature = 3.0, cooling_rate = 0.999
26 - INFO - chord#: 124 done. best_score=27.0, changed=528, unchanged=470, early_stops=8/8
26 - INFO - chord#: 122 done. best_score=137.0, changed=611, unchanged=389, early_stops=8/8
26 - INFO - chord#: 124 In build_straw_man_chord_sa. tolerance = 1, sa_iterations = 1000, initial_temperature = 3.0, cooling_rate = 0.999
26 - INFO - chord#: 122 done. best_score=67.0, changed=615, unchanged=269, early_stops=8/8
26 - INFO - chord#: 124 In build_straw_man_chord_sa. tolerance = 1, sa_iterations = 1000, initial_temperature = 3.0, cooling_rate = 0.999
26 - INFO - chord#: 124 done. best_score=27.0, changed=523, unchanged=327, early_stops=8/8
26 - INFO - chord#: 122 done. best_score=67.0, changed=622, unchanged=549, early_stops=8/8
26 - INFO - chord#: 124 In build_straw_man_chord_sa. tolerance = 1, sa_iterations = 1000, initial_temperature = 3.0, cooling_rate = 0.999
26 - INFO - chord#: 124 done. best_score=27.0, changed=520, unchanged=331, early_stops=8/8
26 - INFO - chord#: 124 done. best_score=27.0, changed=522, unchanged=392, early_stops=8/8
26 - INFO - chord#: 124 done. best_score=27.0, changed=520, unchanged=545, early_stops=8/8
26 - INFO - chord#: 0 In build_straw_man_chord_sa. tolerance = 1, sa_iterations = 1000, initial_temperature = 3.0, cooling_rate = 0.999
26 - INFO - chord#: 0 In build_straw_man_chord_sa. tolerance = 1, sa_iterations = 1000, initial_temperature = 3.0, cooling_rate = 0.999
26 - INFO - chord#: 0 In build_straw_man_chord_sa. tolerance = 1, sa_iterations = 1000, initial_temperature = 3.0, cooling_rate = 0.999
26 - INFO - chord#: 0 In build_straw_man_chord_sa. tolerance = 1, sa_iterations = 1000, initial_temperature = 3.0, cooling_rate = 0.999
26 - INFO - chord#: 0 In build_straw_man_chord_sa. tolerance = 1, sa_iterations = 1000, initial_temperature = 3.0, cooling_rate = 0.999
26 - INFO - chord#: 0 In build_straw_man_chord_sa. tolerance = 1, sa_iterations = 1000, initial_temperature = 3.0, cooling_rate = 0.999
26 - INFO - chord#: 0 In build_straw_man_chord_sa. tolerance = 1, sa_iterations = 1000, initial_temperature = 3.0, cooling_rate = 0.999
26 - INFO - chord#: 0 In build_straw_man_chord_sa. tolerance = 1, sa_iterations = 1000, initial_temperature = 3.0, cooling_rate = 0.999
26 - INFO - chord#: 0 In build_straw_man_chord_sa. tolerance = 1, sa_iterations = 1000, initial_temperature = 3.0, cooling_rate = 0.999
26 - INFO - chord#: 0 In build_straw_man_chord_sa. tolerance = 1, sa_iterations = 1000, initial_temperature = 3.0, cooling_rate = 0.999
26 - INFO - chord#: 0 In build_straw_man_chord_sa. tolerance = 1, sa_iterations = 1000, initial_temperature = 3.0, cooling_rate = 0.999
26 - INFO - chord#: 0 In build_straw_man_chord_sa. tolerance = 1, sa_iterations = 1000, initial_temperature = 3.0, cooling_rate = 0.999
26 - INFO - chord#: 0 done. best_score=27.0, changed=509, unchanged=356, early_stops=8/8
26 - INFO - chord#: 4 In build_straw_man_chord_sa. tolerance = 1, sa_iterations = 1000, initial_temperature = 3.0, cooling_rate = 0.999
26 - INFO - chord#: 0 done. best_score=27.0, changed=524, unchanged=410, early_stops=8/8
26 - INFO - chord#: 4 In build_straw_man_chord_sa. tolerance = 1, sa_iterations = 1000, initial_temperature = 3.0, cooling_rate = 0.999
26 - INFO - chord#: 0 done. best_score=27.0, changed=529, unchanged=458, early_stops=8/8
26 - INFO - chord#: 4 In build_straw_man_chord_sa. tolerance = 1, sa_iterations = 1000, initial_temperature = 3.0, cooling_rate = 0.999
26 - INFO - chord#: 0 done. best_score=27.0, changed=526, unchanged=368, early_stops=8/8
26 - INFO - chord#: 4 In build_straw_man_chord_sa. tolerance = 1, sa_iterations = 1000, initial_temperature = 3.0, cooling_rate = 0.999
26 - INFO - chord#: 0 done. best_score=27.0, changed=530, unchanged=506, early_stops=8/8
26 - INFO - chord#: 4 In build_straw_man_chord_sa. tolerance = 1, sa_iterations = 1000, initial_temperature = 3.0, cooling_rate = 0.999
26 - INFO - chord#: 0 done. best_score=27.0, changed=525, unchanged=529, early_stops=8/8
26 - INFO - chord#: 4 In build_straw_man_chord_sa. tolerance = 1, sa_iterations = 1000, initial_temperature = 3.0, cooling_rate = 0.999
26 - INFO - chord#: 0 done. best_score=27.0, changed=519, unchanged=377, early_stops=8/8
26 - INFO - chord#: 4 In build_straw_man_chord_sa. tolerance = 1, sa_iterations = 1000, initial_temperature = 3.0, cooling_rate = 0.999
26 - INFO - chord#: 0 done. best_score=27.0, changed=522, unchanged=484, early_stops=8/8
26 - INFO - chord#: 4 In build_straw_man_chord_sa. tolerance = 1, sa_iterations = 1000, initial_temperature = 3.0, cooling_rate = 0.999
26 - INFO - chord#: 0 done. best_score=27.0, changed=525, unchanged=455, early_stops=8/8
26 - INFO - chord#: 4 In build_straw_man_chord_sa. tolerance = 1, sa_iterations = 1000, initial_temperature = 3.0, cooling_rate = 0.999
26 - INFO - chord#: 0 done. best_score=27.0, changed=530, unchanged=486, early_stops=8/8
26 - INFO - chord#: 4 In build_straw_man_chord_sa. tolerance = 1, sa_iterations = 1000, initial_temperature = 3.0, cooling_rate = 0.999
26 - INFO - chord#: 0 done. best_score=27.0, changed=521, unchanged=502, early_stops=8/8
26 - INFO - chord#: 4 In build_straw_man_chord_sa. tolerance = 1, sa_iterations = 1000, initial_temperature = 3.0, cooling_rate = 0.999
26 - INFO - chord#: 0 done. best_score=27.0, changed=516, unchanged=496, early_stops=8/8
26 - INFO - chord#: 4 In build_straw_man_chord_sa. tolerance = 1, sa_iterations = 1000, initial_temperature = 3.0, cooling_rate = 0.999
26 - INFO - chord#: 4 done. best_score=27.0, changed=523, unchanged=418, early_stops=8/8
26 - INFO - chord#: 8 In build_straw_man_chord_sa. tolerance = 1, sa_iterations = 1000, initial_temperature = 3.0, cooling_rate = 0.999
26 - INFO - chord#: 4 done. best_score=27.0, changed=520, unchanged=392, early_stops=8/8
26 - INFO - chord#: 8 In build_straw_man_chord_sa. tolerance = 1, sa_iterations = 1000, initial_temperature = 3.0, cooling_rate = 0.999
26 - INFO - chord#: 4 done. best_score=27.0, changed=534, unchanged=453, early_stops=8/8
26 - INFO - chord#: 8 In build_straw_man_chord_sa. tolerance = 1, sa_iterations = 1000, initial_temperature = 3.0, cooling_rate = 0.999
26 - INFO - chord#: 4 done. best_score=27.0, changed=515, unchanged=342, early_stops=8/8
26 - INFO - chord#: 8 In build_straw_man_chord_sa. tolerance = 1, sa_iterations = 1000, initial_temperature = 3.0, cooling_rate = 0.999
26 - INFO - chord#: 4 done. best_score=27.0, changed=526, unchanged=430, early_stops=8/8
26 - INFO - chord#: 8 In build_straw_man_chord_sa. tolerance = 1, sa_iterations = 1000, initial_temperature = 3.0, cooling_rate = 0.999
26 - INFO - chord#: 4 done. best_score=27.0, changed=524, unchanged=424, early_stops=8/8
26 - INFO - chord#: 8 In build_straw_man_chord_sa. tolerance = 1, sa_iterations = 1000, initial_temperature = 3.0, cooling_rate = 0.999
26 - INFO - chord#: 4 done. best_score=27.0, changed=536, unchanged=521, early_stops=8/8
26 - INFO - chord#: 8 In build_straw_man_chord_sa. tolerance = 1, sa_iterations = 1000, initial_temperature = 3.0, cooling_rate = 0.999
26 - INFO - chord#: 4 done. best_score=27.0, changed=516, unchanged=368, early_stops=8/8
26 - INFO - chord#: 8 In build_straw_man_chord_sa. tolerance = 1, sa_iterations = 1000, initial_temperature = 3.0, cooling_rate = 0.999
26 - INFO - chord#: 4 done. best_score=27.0, changed=529, unchanged=457, early_stops=8/8
26 - INFO - chord#: 8 In build_straw_man_chord_sa. tolerance = 1, sa_iterations = 1000, initial_temperature = 3.0, cooling_rate = 0.999
26 - INFO - chord#: 4 done. best_score=27.0, changed=523, unchanged=403, early_stops=8/8
26 - INFO - chord#: 8 In build_straw_man_chord_sa. tolerance = 1, sa_iterations = 1000, initial_temperature = 3.0, cooling_rate = 0.999
26 - INFO - chord#: 4 done. best_score=27.0, changed=521, unchanged=419, early_stops=8/8
26 - INFO - chord#: 8 In build_straw_man_chord_sa. tolerance = 1, sa_iterations = 1000, initial_temperature = 3.0, cooling_rate = 0.999
26 - INFO - chord#: 4 done. best_score=27.0, changed=528, unchanged=478, early_stops=8/8
26 - INFO - chord#: 8 In build_straw_man_chord_sa. tolerance = 1, sa_iterations = 1000, initial_temperature = 3.0, cooling_rate = 0.999
26 - INFO - chord#: 8 done. best_score=27.0, changed=516, unchanged=377, early_stops=8/8
26 - INFO - chord#: 10 In build_straw_man_chord_sa. tolerance = 1, sa_iterations = 1000, initial_temperature = 3.0, cooling_rate = 0.999
26 - INFO - chord#: 8 done. best_score=27.0, changed=525, unchanged=372, early_stops=8/8
26 - INFO - chord#: 10 In build_straw_man_chord_sa. tolerance = 1, sa_iterations = 1000, initial_temperature = 3.0, cooling_rate = 0.999
26 - INFO - chord#: 8 done. best_score=27.0, changed=527, unchanged=357, early_stops=8/8
26 - INFO - chord#: 10 In build_straw_man_chord_sa. tolerance = 1, sa_iterations = 1000, initial_temperature = 3.0, cooling_rate = 0.999
26 - INFO - chord#: 8 done. best_score=27.0, changed=523, unchanged=350, early_stops=8/8
26 - INFO - chord#: 10 In build_straw_man_chord_sa. tolerance = 1, sa_iterations = 1000, initial_temperature = 3.0, cooling_rate = 0.999
26 - INFO - chord#: 8 done. best_score=27.0, changed=519, unchanged=446, early_stops=8/8
26 - INFO - chord#: 10 In build_straw_man_chord_sa. tolerance = 1, sa_iterations = 1000, initial_temperature = 3.0, cooling_rate = 0.999
26 - INFO - chord#: 8 done. best_score=27.0, changed=521, unchanged=360, early_stops=8/8
26 - INFO - chord#: 10 In build_straw_man_chord_sa. tolerance = 1, sa_iterations = 1000, initial_temperature = 3.0, cooling_rate = 0.999
26 - INFO - chord#: 8 done. best_score=27.0, changed=527, unchanged=394, early_stops=8/8
26 - INFO - chord#: 10 In build_straw_man_chord_sa. tolerance = 1, sa_iterations = 1000, initial_temperature = 3.0, cooling_rate = 0.999
26 - INFO - chord#: 8 done. best_score=27.0, changed=524, unchanged=461, early_stops=8/8
26 - INFO - chord#: 10 In build_straw_man_chord_sa. tolerance = 1, sa_iterations = 1000, initial_temperature = 3.0, cooling_rate = 0.999
26 - INFO - chord#: 8 done. best_score=27.0, changed=520, unchanged=392, early_stops=8/8
26 - INFO - chord#: 10 In build_straw_man_chord_sa. tolerance = 1, sa_iterations = 1000, initial_temperature = 3.0, cooling_rate = 0.999
26 - INFO - chord#: 8 done. best_score=27.0, changed=530, unchanged=502, early_stops=8/8
26 - INFO - chord#: 10 In build_straw_man_chord_sa. tolerance = 1, sa_iterations = 1000, initial_temperature = 3.0, cooling_rate = 0.999
26 - INFO - chord#: 8 done. best_score=27.0, changed=521, unchanged=488, early_stops=8/8
26 - INFO - chord#: 10 In build_straw_man_chord_sa. tolerance = 1, sa_iterations = 1000, initial_temperature = 3.0, cooling_rate = 0.999
26 - INFO - chord#: 8 done. best_score=27.0, changed=518, unchanged=408, early_stops=8/8
26 - INFO - chord#: 10 In build_straw_man_chord_sa. tolerance = 1, sa_iterations = 1000, initial_temperature = 3.0, cooling_rate = 0.999
26 - INFO - chord#: 10 done. best_score=167.0, changed=606, unchanged=261, early_stops=8/8
26 - INFO - chord#: 12 In build_straw_man_chord_sa. tolerance = 1, sa_iterations = 1000, initial_temperature = 3.0, cooling_rate = 0.999
26 - INFO - chord#: 10 done. best_score=67.0, changed=614, unchanged=288, early_stops=8/8
26 - INFO - chord#: 12 In build_straw_man_chord_sa. tolerance = 1, sa_iterations = 1000, initial_temperature = 3.0, cooling_rate = 0.999
26 - INFO - chord#: 10 done. best_score=67.0, changed=613, unchanged=345, early_stops=8/8
26 - INFO - chord#: 12 In build_straw_man_chord_sa. tolerance = 1, sa_iterations = 1000, initial_temperature = 3.0, cooling_rate = 0.999
26 - INFO - chord#: 10 done. best_score=67.0, changed=615, unchanged=458, early_stops=8/8
26 - INFO - chord#: 12 In build_straw_man_chord_sa. tolerance = 1, sa_iterations = 1000, initial_temperature = 3.0, cooling_rate = 0.999
26 - INFO - chord#: 10 done. best_score=67.0, changed=614, unchanged=309, early_stops=8/8
26 - INFO - chord#: 12 In build_straw_man_chord_sa. tolerance = 1, sa_iterations = 1000, initial_temperature = 3.0, cooling_rate = 0.999
26 - INFO - chord#: 12 done. best_score=27.0, changed=518, unchanged=416, early_stops=8/8
26 - INFO - chord#: 16 In build_straw_man_chord_sa. tolerance = 1, sa_iterations = 1000, initial_temperature = 3.0, cooling_rate = 0.999
26 - INFO - chord#: 10 done. best_score=67.0, changed=609, unchanged=298, early_stops=8/8
26 - INFO - chord#: 12 In build_straw_man_chord_sa. tolerance = 1, sa_iterations = 1000, initial_temperature = 3.0, cooling_rate = 0.999
26 - INFO - chord#: 12 done. best_score=27.0, changed=514, unchanged=387, early_stops=8/8
26 - INFO - chord#: 16 In build_straw_man_chord_sa. tolerance = 1, sa_iterations = 1000, initial_temperature = 3.0, cooling_rate = 0.999
26 - INFO - chord#: 12 done. best_score=27.0, changed=523, unchanged=325, early_stops=8/8
26 - INFO - chord#: 16 In build_straw_man_chord_sa. tolerance = 1, sa_iterations = 1000, initial_temperature = 3.0, cooling_rate = 0.999
26 - INFO - chord#: 12 done. best_score=27.0, changed=524, unchanged=364, early_stops=8/8
26 - INFO - chord#: 16 In build_straw_man_chord_sa. tolerance = 1, sa_iterations = 1000, initial_temperature = 3.0, cooling_rate = 0.999
26 - INFO - chord#: 10 done. best_score=125.0, changed=608, unchanged=241, early_stops=8/8
26 - INFO - chord#: 12 In build_straw_man_chord_sa. tolerance = 1, sa_iterations = 1000, initial_temperature = 3.0, cooling_rate = 0.999
26 - INFO - chord#: 10 done. best_score=67.0, changed=606, unchanged=257, early_stops=8/8
26 - INFO - chord#: 12 In build_straw_man_chord_sa. tolerance = 1, sa_iterations = 1000, initial_temperature = 3.0, cooling_rate = 0.999
26 - INFO - chord#: 12 done. best_score=27.0, changed=530, unchanged=439, early_stops=8/8
26 - INFO - chord#: 16 In build_straw_man_chord_sa. tolerance = 1, sa_iterations = 1000, initial_temperature = 3.0, cooling_rate = 0.999
26 - INFO - chord#: 10 done. best_score=167.0, changed=609, unchanged=275, early_stops=8/8
26 - INFO - chord#: 12 In build_straw_man_chord_sa. tolerance = 1, sa_iterations = 1000, initial_temperature = 3.0, cooling_rate = 0.999
26 - INFO - chord#: 10 done. best_score=67.0, changed=616, unchanged=350, early_stops=8/8
26 - INFO - chord#: 12 In build_straw_man_chord_sa. tolerance = 1, sa_iterations = 1000, initial_temperature = 3.0, cooling_rate = 0.999
26 - INFO - chord#: 16 done. best_score=27.0, changed=513, unchanged=322, early_stops=8/8
26 - INFO - chord#: 18 In build_straw_man_chord_sa. tolerance = 1, sa_iterations = 1000, initial_temperature = 3.0, cooling_rate = 0.999
26 - INFO - chord#: 12 done. best_score=27.0, changed=526, unchanged=461, early_stops=8/8
26 - INFO - chord#: 16 In build_straw_man_chord_sa. tolerance = 1, sa_iterations = 1000, initial_temperature = 3.0, cooling_rate = 0.999
26 - INFO - chord#: 10 done. best_score=137.0, changed=615, unchanged=428, early_stops=8/8
26 - INFO - chord#: 12 In build_straw_man_chord_sa. tolerance = 1, sa_iterations = 1000, initial_temperature = 3.0, cooling_rate = 0.999
26 - INFO - chord#: 10 done. best_score=67.0, changed=619, unchanged=483, early_stops=8/8
26 - INFO - chord#: 12 In build_straw_man_chord_sa. tolerance = 1, sa_iterations = 1000, initial_temperature = 3.0, cooling_rate = 0.999
26 - INFO - chord#: 16 done. best_score=27.0, changed=516, unchanged=425, early_stops=8/8
26 - INFO - chord#: 18 In build_straw_man_chord_sa. tolerance = 1, sa_iterations = 1000, initial_temperature = 3.0, cooling_rate = 0.999
26 - INFO - chord#: 16 done. best_score=27.0, changed=519, unchanged=475, early_stops=8/8
26 - INFO - chord#: 18 In build_straw_man_chord_sa. tolerance = 1, sa_iterations = 1000, initial_temperature = 3.0, cooling_rate = 0.999
26 - INFO - chord#: 12 done. best_score=27.0, changed=525, unchanged=484, early_stops=8/8
26 - INFO - chord#: 16 In build_straw_man_chord_sa. tolerance = 1, sa_iterations = 1000, initial_temperature = 3.0, cooling_rate = 0.999
26 - INFO - chord#: 16 done. best_score=27.0, changed=518, unchanged=446, early_stops=8/8
26 - INFO - chord#: 18 In build_straw_man_chord_sa. tolerance = 1, sa_iterations = 1000, initial_temperature = 3.0, cooling_rate = 0.999
26 - INFO - chord#: 16 done. best_score=27.0, changed=520, unchanged=477, early_stops=8/8
26 - INFO - chord#: 18 In build_straw_man_chord_sa. tolerance = 1, sa_iterations = 1000, initial_temperature = 3.0, cooling_rate = 0.999
26 - INFO - chord#: 12 done. best_score=27.0, changed=525, unchanged=382, early_stops=8/8
26 - INFO - chord#: 16 In build_straw_man_chord_sa. tolerance = 1, sa_iterations = 1000, initial_temperature = 3.0, cooling_rate = 0.999
26 - INFO - chord#: 12 done. best_score=27.0, changed=519, unchanged=375, early_stops=8/8
26 - INFO - chord#: 16 In build_straw_man_chord_sa. tolerance = 1, sa_iterations = 1000, initial_temperature = 3.0, cooling_rate = 0.999
26 - INFO - chord#: 12 done. best_score=27.0, changed=516, unchanged=304, early_stops=8/8
26 - INFO - chord#: 16 In build_straw_man_chord_sa. tolerance = 1, sa_iterations = 1000, initial_temperature = 3.0, cooling_rate = 0.999
26 - INFO - chord#: 16 done. best_score=27.0, changed=512, unchanged=307, early_stops=8/8
26 - INFO - chord#: 18 In build_straw_man_chord_sa. tolerance = 1, sa_iterations = 1000, initial_temperature = 3.0, cooling_rate = 0.999
26 - INFO - chord#: 12 done. best_score=27.0, changed=514, unchanged=297, early_stops=8/8
26 - INFO - chord#: 16 In build_straw_man_chord_sa. tolerance = 1, sa_iterations = 1000, initial_temperature = 3.0, cooling_rate = 0.999
26 - INFO - chord#: 12 done. best_score=27.0, changed=529, unchanged=350, early_stops=8/8
26 - INFO - chord#: 16 In build_straw_man_chord_sa. tolerance = 1, sa_iterations = 1000, initial_temperature = 3.0, cooling_rate = 0.999
26 - INFO - chord#: 16 done. best_score=27.0, changed=513, unchanged=358, early_stops=8/8
26 - INFO - chord#: 18 In build_straw_man_chord_sa. tolerance = 1, sa_iterations = 1000, initial_temperature = 3.0, cooling_rate = 0.999
26 - INFO - chord#: 16 done. best_score=27.0, changed=527, unchanged=451, early_stops=8/8
26 - INFO - chord#: 18 In build_straw_man_chord_sa. tolerance = 1, sa_iterations = 1000, initial_temperature = 3.0, cooling_rate = 0.999
26 - INFO - chord#: 16 done. best_score=27.0, changed=519, unchanged=364, early_stops=8/8
26 - INFO - chord#: 18 In build_straw_man_chord_sa. tolerance = 1, sa_iterations = 1000, initial_temperature = 3.0, cooling_rate = 0.999
26 - INFO - chord#: 16 done. best_score=27.0, changed=526, unchanged=447, early_stops=8/8
26 - INFO - chord#: 18 In build_straw_man_chord_sa. tolerance = 1, sa_iterations = 1000, initial_temperature = 3.0, cooling_rate = 0.999
26 - INFO - chord#: 18 done. best_score=75.0, changed=612, unchanged=344, early_stops=8/8
26 - INFO - chord#: 20 In build_straw_man_chord_sa. tolerance = 1, sa_iterations = 1000, initial_temperature = 3.0, cooling_rate = 0.999
26 - INFO - chord#: 18 done. best_score=70.0, changed=607, unchanged=215, early_stops=8/8
26 - INFO - chord#: 20 In build_straw_man_chord_sa. tolerance = 1, sa_iterations = 1000, initial_temperature = 3.0, cooling_rate = 0.999
26 - INFO - chord#: 16 done. best_score=27.0, changed=533, unchanged=428, early_stops=8/8
26 - INFO - chord#: 18 In build_straw_man_chord_sa. tolerance = 1, sa_iterations = 1000, initial_temperature = 3.0, cooling_rate = 0.999
26 - INFO - chord#: 16 done. best_score=27.0, changed=521, unchanged=454, early_stops=8/8
26 - INFO - chord#: 18 In build_straw_man_chord_sa. tolerance = 1, sa_iterations = 1000, initial_temperature = 3.0, cooling_rate = 0.999
26 - INFO - chord#: 18 done. best_score=104.0, changed=614, unchanged=319, early_stops=8/8
26 - INFO - chord#: 20 In build_straw_man_chord_sa. tolerance = 1, sa_iterations = 1000, initial_temperature = 3.0, cooling_rate = 0.999
26 - INFO - chord#: 18 done. best_score=75.0, changed=613, unchanged=361, early_stops=8/8
26 - INFO - chord#: 20 In build_straw_man_chord_sa. tolerance = 1, sa_iterations = 1000, initial_temperature = 3.0, cooling_rate = 0.999
26 - INFO - chord#: 20 done. best_score=27.0, changed=522, unchanged=338, early_stops=8/8
26 - INFO - chord#: 22 In build_straw_man_chord_sa. tolerance = 1, sa_iterations = 1000, initial_temperature = 3.0, cooling_rate = 0.999
26 - INFO - chord#: 20 done. best_score=27.0, changed=525, unchanged=387, early_stops=8/8
26 - INFO - chord#: 22 In build_straw_man_chord_sa. tolerance = 1, sa_iterations = 1000, initial_temperature = 3.0, cooling_rate = 0.999
26 - INFO - chord#: 20 done. best_score=27.0, changed=514, unchanged=299, early_stops=8/8
26 - INFO - chord#: 22 In build_straw_man_chord_sa. tolerance = 1, sa_iterations = 1000, initial_temperature = 3.0, cooling_rate = 0.999
26 - INFO - chord#: 18 done. best_score=104.0, changed=616, unchanged=329, early_stops=8/8
26 - INFO - chord#: 20 In build_straw_man_chord_sa. tolerance = 1, sa_iterations = 1000, initial_temperature = 3.0, cooling_rate = 0.999
26 - INFO - chord#: 20 done. best_score=27.0, changed=522, unchanged=399, early_stops=8/8
26 - INFO - chord#: 22 In build_straw_man_chord_sa. tolerance = 1, sa_iterations = 1000, initial_temperature = 3.0, cooling_rate = 0.999
26 - INFO - chord#: 18 done. best_score=75.0, changed=617, unchanged=453, early_stops=8/8
26 - INFO - chord#: 20 In build_straw_man_chord_sa. tolerance = 1, sa_iterations = 1000, initial_temperature = 3.0, cooling_rate = 0.999
26 - INFO - chord#: 18 done. best_score=70.0, changed=616, unchanged=614, early_stops=8/8
26 - INFO - chord#: 20 In build_straw_man_chord_sa. tolerance = 1, sa_iterations = 1000, initial_temperature = 3.0, cooling_rate = 0.999
26 - INFO - chord#: 18 done. best_score=75.0, changed=610, unchanged=288, early_stops=8/8
26 - INFO - chord#: 20 In build_straw_man_chord_sa. tolerance = 1, sa_iterations = 1000, initial_temperature = 3.0, cooling_rate = 0.999
26 - INFO - chord#: 20 done. best_score=27.0, changed=533, unchanged=424, early_stops=8/8
26 - INFO - chord#: 22 In build_straw_man_chord_sa. tolerance = 1, sa_iterations = 1000, initial_temperature = 3.0, cooling_rate = 0.999
26 - INFO - chord#: 18 done. best_score=104.0, changed=610, unchanged=258, early_stops=8/8
26 - INFO - chord#: 20 In build_straw_man_chord_sa. tolerance = 1, sa_iterations = 1000, initial_temperature = 3.0, cooling_rate = 0.999
26 - INFO - chord#: 20 done. best_score=27.0, changed=519, unchanged=360, early_stops=8/8
26 - INFO - chord#: 22 In build_straw_man_chord_sa. tolerance = 1, sa_iterations = 1000, initial_temperature = 3.0, cooling_rate = 0.999
26 - INFO - chord#: 22 done. best_score=145.0, changed=613, unchanged=390, early_stops=8/8
26 - INFO - chord#: 24 In build_straw_man_chord_sa. tolerance = 1, sa_iterations = 1000, initial_temperature = 3.0, cooling_rate = 0.999
26 - INFO - chord#: 20 done. best_score=27.0, changed=517, unchanged=382, early_stops=8/8
26 - INFO - chord#: 22 In build_straw_man_chord_sa. tolerance = 1, sa_iterations = 1000, initial_temperature = 3.0, cooling_rate = 0.999
26 - INFO - chord#: 18 done. best_score=75.0, changed=614, unchanged=322, early_stops=8/8
26 - INFO - chord#: 20 In build_straw_man_chord_sa. tolerance = 1, sa_iterations = 1000, initial_temperature = 3.0, cooling_rate = 0.999
26 - INFO - chord#: 18 done. best_score=104.0, changed=617, unchanged=469, early_stops=8/8
26 - INFO - chord#: 20 In build_straw_man_chord_sa. tolerance = 1, sa_iterations = 1000, initial_temperature = 3.0, cooling_rate = 0.999
26 - INFO - chord#: 22 done. best_score=155.0, changed=616, unchanged=338, early_stops=8/8
26 - INFO - chord#: 24 In build_straw_man_chord_sa. tolerance = 1, sa_iterations = 1000, initial_temperature = 3.0, cooling_rate = 0.999
26 - INFO - chord#: 20 done. best_score=27.0, changed=521, unchanged=359, early_stops=8/8
26 - INFO - chord#: 22 In build_straw_man_chord_sa. tolerance = 1, sa_iterations = 1000, initial_temperature = 3.0, cooling_rate = 0.999
26 - INFO - chord#: 22 done. best_score=145.0, changed=610, unchanged=279, early_stops=8/8
26 - INFO - chord#: 24 In build_straw_man_chord_sa. tolerance = 1, sa_iterations = 1000, initial_temperature = 3.0, cooling_rate = 0.999
26 - INFO - chord#: 20 done. best_score=27.0, changed=519, unchanged=316, early_stops=8/8
26 - INFO - chord#: 22 In build_straw_man_chord_sa. tolerance = 1, sa_iterations = 1000, initial_temperature = 3.0, cooling_rate = 0.999
26 - INFO - chord#: 18 done. best_score=70.0, changed=617, unchanged=441, early_stops=8/8
26 - INFO - chord#: 20 In build_straw_man_chord_sa. tolerance = 1, sa_iterations = 1000, initial_temperature = 3.0, cooling_rate = 0.999
26 - INFO - chord#: 22 done. best_score=64.0, changed=610, unchanged=458, early_stops=8/8
26 - INFO - chord#: 24 In build_straw_man_chord_sa. tolerance = 1, sa_iterations = 1000, initial_temperature = 3.0, cooling_rate = 0.999
26 - INFO - chord#: 24 done. best_score=36.0, changed=531, unchanged=576, early_stops=8/8
26 - INFO - chord#: 28 In build_straw_man_chord_sa. tolerance = 1, sa_iterations = 1000, initial_temperature = 3.0, cooling_rate = 0.999
26 - INFO - chord#: 24 done. best_score=36.0, changed=525, unchanged=462, early_stops=8/8
26 - INFO - chord#: 28 In build_straw_man_chord_sa. tolerance = 1, sa_iterations = 1000, initial_temperature = 3.0, cooling_rate = 0.999
26 - INFO - chord#: 20 done. best_score=27.0, changed=524, unchanged=365, early_stops=8/8
26 - INFO - chord#: 22 In build_straw_man_chord_sa. tolerance = 1, sa_iterations = 1000, initial_temperature = 3.0, cooling_rate = 0.999
26 - INFO - chord#: 24 done. best_score=36.0, changed=537, unchanged=458, early_stops=8/8
26 - INFO - chord#: 28 In build_straw_man_chord_sa. tolerance = 1, sa_iterations = 1000, initial_temperature = 3.0, cooling_rate = 0.999
26 - INFO - chord#: 24 done. best_score=36.0, changed=517, unchanged=331, early_stops=8/8
26 - INFO - chord#: 28 In build_straw_man_chord_sa. tolerance = 1, sa_iterations = 1000, initial_temperature = 3.0, cooling_rate = 0.999
26 - INFO - chord#: 20 done. best_score=27.0, changed=523, unchanged=394, early_stops=8/8
26 - INFO - chord#: 22 In build_straw_man_chord_sa. tolerance = 1, sa_iterations = 1000, initial_temperature = 3.0, cooling_rate = 0.999
26 - INFO - chord#: 20 done. best_score=27.0, changed=534, unchanged=426, early_stops=8/8
26 - INFO - chord#: 22 In build_straw_man_chord_sa. tolerance = 1, sa_iterations = 1000, initial_temperature = 3.0, cooling_rate = 0.999
26 - INFO - chord#: 22 done. best_score=167.0, changed=613, unchanged=299, early_stops=8/8
26 - INFO - chord#: 24 In build_straw_man_chord_sa. tolerance = 1, sa_iterations = 1000, initial_temperature = 3.0, cooling_rate = 0.999
26 - INFO - chord#: 22 done. best_score=64.0, changed=614, unchanged=254, early_stops=8/8
26 - INFO - chord#: 24 In build_straw_man_chord_sa. tolerance = 1, sa_iterations = 1000, initial_temperature = 3.0, cooling_rate = 0.999
26 - INFO - chord#: 22 done. best_score=146.0, changed=607, unchanged=258, early_stops=8/8
26 - INFO - chord#: 24 In build_straw_man_chord_sa. tolerance = 1, sa_iterations = 1000, initial_temperature = 3.0, cooling_rate = 0.999
26 - INFO - chord#: 28 done. best_score=27.0, changed=528, unchanged=484, early_stops=8/8
26 - INFO - chord#: 32 In build_straw_man_chord_sa. tolerance = 1, sa_iterations = 1000, initial_temperature = 3.0, cooling_rate = 0.999
26 - INFO - chord#: 28 done. best_score=27.0, changed=522, unchanged=465, early_stops=8/8
26 - INFO - chord#: 32 In build_straw_man_chord_sa. tolerance = 1, sa_iterations = 1000, initial_temperature = 3.0, cooling_rate = 0.999
26 - INFO - chord#: 28 done. best_score=27.0, changed=528, unchanged=346, early_stops=8/8
26 - INFO - chord#: 32 In build_straw_man_chord_sa. tolerance = 1, sa_iterations = 1000, initial_temperature = 3.0, cooling_rate = 0.999
26 - INFO - chord#: 22 done. best_score=64.0, changed=611, unchanged=303, early_stops=8/8
26 - INFO - chord#: 24 In build_straw_man_chord_sa. tolerance = 1, sa_iterations = 1000, initial_temperature = 3.0, cooling_rate = 0.999
26 - INFO - chord#: 28 done. best_score=27.0, changed=523, unchanged=493, early_stops=8/8
26 - INFO - chord#: 32 In build_straw_man_chord_sa. tolerance = 1, sa_iterations = 1000, initial_temperature = 3.0, cooling_rate = 0.999
26 - INFO - chord#: 22 done. best_score=125.0, changed=608, unchanged=232, early_stops=8/8
26 - INFO - chord#: 24 In build_straw_man_chord_sa. tolerance = 1, sa_iterations = 1000, initial_temperature = 3.0, cooling_rate = 0.999
26 - INFO - chord#: 24 done. best_score=36.0, changed=533, unchanged=373, early_stops=8/8
26 - INFO - chord#: 28 In build_straw_man_chord_sa. tolerance = 1, sa_iterations = 1000, initial_temperature = 3.0, cooling_rate = 0.999
26 - INFO - chord#: 24 done. best_score=36.0, changed=531, unchanged=365, early_stops=8/8
26 - INFO - chord#: 28 In build_straw_man_chord_sa. tolerance = 1, sa_iterations = 1000, initial_temperature = 3.0, cooling_rate = 0.999
26 - INFO - chord#: 32 done. best_score=27.0, changed=530, unchanged=356, early_stops=8/8
26 - INFO - chord#: 36 In build_straw_man_chord_sa. tolerance = 1, sa_iterations = 1000, initial_temperature = 3.0, cooling_rate = 0.999
26 - INFO - chord#: 32 done. best_score=27.0, changed=522, unchanged=447, early_stops=8/8
26 - INFO - chord#: 36 In build_straw_man_chord_sa. tolerance = 1, sa_iterations = 1000, initial_temperature = 3.0, cooling_rate = 0.999
26 - INFO - chord#: 32 done. best_score=27.0, changed=527, unchanged=341, early_stops=8/8
26 - INFO - chord#: 36 In build_straw_man_chord_sa. tolerance = 1, sa_iterations = 1000, initial_temperature = 3.0, cooling_rate = 0.999
26 - INFO - chord#: 24 done. best_score=36.0, changed=528, unchanged=461, early_stops=8/8
26 - INFO - chord#: 28 In build_straw_man_chord_sa. tolerance = 1, sa_iterations = 1000, initial_temperature = 3.0, cooling_rate = 0.999
26 - INFO - chord#: 32 done. best_score=27.0, changed=526, unchanged=420, early_stops=8/8
26 - INFO - chord#: 36 In build_straw_man_chord_sa. tolerance = 1, sa_iterations = 1000, initial_temperature = 3.0, cooling_rate = 0.999
26 - INFO - chord#: 24 done. best_score=36.0, changed=528, unchanged=457, early_stops=8/8
26 - INFO - chord#: 28 In build_straw_man_chord_sa. tolerance = 1, sa_iterations = 1000, initial_temperature = 3.0, cooling_rate = 0.999
26 - INFO - chord#: 22 done. best_score=140.0, changed=605, unchanged=215, early_stops=8/8
26 - INFO - chord#: 24 In build_straw_man_chord_sa. tolerance = 1, sa_iterations = 1000, initial_temperature = 3.0, cooling_rate = 0.999
26 - INFO - chord#: 24 done. best_score=36.0, changed=527, unchanged=382, early_stops=8/8
26 - INFO - chord#: 28 In build_straw_man_chord_sa. tolerance = 1, sa_iterations = 1000, initial_temperature = 3.0, cooling_rate = 0.999
26 - INFO - chord#: 36 done. best_score=35.0, changed=522, unchanged=356, early_stops=8/8
26 - INFO - chord#: 38 In build_straw_man_chord_sa. tolerance = 1, sa_iterations = 1000, initial_temperature = 3.0, cooling_rate = 0.999
26 - INFO - chord#: 36 done. best_score=35.0, changed=524, unchanged=352, early_stops=8/8
26 - INFO - chord#: 38 In build_straw_man_chord_sa. tolerance = 1, sa_iterations = 1000, initial_temperature = 3.0, cooling_rate = 0.999
26 - INFO - chord#: 22 done. best_score=189.0, changed=610, unchanged=274, early_stops=8/8
26 - INFO - chord#: 24 In build_straw_man_chord_sa. tolerance = 1, sa_iterations = 1000, initial_temperature = 3.0, cooling_rate = 0.999
26 - INFO - chord#: 36 done. best_score=35.0, changed=529, unchanged=369, early_stops=8/8
26 - INFO - chord#: 38 In build_straw_man_chord_sa. tolerance = 1, sa_iterations = 1000, initial_temperature = 3.0, cooling_rate = 0.999
26 - INFO - chord#: 28 done. best_score=27.0, changed=516, unchanged=527, early_stops=8/8
26 - INFO - chord#: 32 In build_straw_man_chord_sa. tolerance = 1, sa_iterations = 1000, initial_temperature = 3.0, cooling_rate = 0.999
26 - INFO - chord#: 36 done. best_score=35.0, changed=516, unchanged=335, early_stops=8/8
26 - INFO - chord#: 38 In build_straw_man_chord_sa. tolerance = 1, sa_iterations = 1000, initial_temperature = 3.0, cooling_rate = 0.999
26 - INFO - chord#: 28 done. best_score=27.0, changed=519, unchanged=414, early_stops=8/8
26 - INFO - chord#: 32 In build_straw_man_chord_sa. tolerance = 1, sa_iterations = 1000, initial_temperature = 3.0, cooling_rate = 0.999
26 - INFO - chord#: 28 done. best_score=27.0, changed=521, unchanged=436, early_stops=8/8
26 - INFO - chord#: 32 In build_straw_man_chord_sa. tolerance = 1, sa_iterations = 1000, initial_temperature = 3.0, cooling_rate = 0.999
26 - INFO - chord#: 28 done. best_score=27.0, changed=524, unchanged=436, early_stops=8/8
26 - INFO - chord#: 32 In build_straw_man_chord_sa. tolerance = 1, sa_iterations = 1000, initial_temperature = 3.0, cooling_rate = 0.999
26 - INFO - chord#: 38 done. best_score=36.0, changed=521, unchanged=311, early_stops=8/8
26 - INFO - chord#: 40 In build_straw_man_chord_sa. tolerance = 1, sa_iterations = 1000, initial_temperature = 3.0, cooling_rate = 0.999
26 - INFO - chord#: 38 done. best_score=36.0, changed=516, unchanged=351, early_stops=8/8
26 - INFO - chord#: 40 In build_straw_man_chord_sa. tolerance = 1, sa_iterations = 1000, initial_temperature = 3.0, cooling_rate = 0.999
26 - INFO - chord#: 22 done. best_score=96.0, changed=617, unchanged=618, early_stops=8/8
26 - INFO - chord#: 24 In build_straw_man_chord_sa. tolerance = 1, sa_iterations = 1000, initial_temperature = 3.0, cooling_rate = 0.999
26 - INFO - chord#: 38 done. best_score=36.0, changed=518, unchanged=340, early_stops=8/8
26 - INFO - chord#: 40 In build_straw_man_chord_sa. tolerance = 1, sa_iterations = 1000, initial_temperature = 3.0, cooling_rate = 0.999
26 - INFO - chord#: 32 done. best_score=27.0, changed=513, unchanged=393, early_stops=8/8
26 - INFO - chord#: 36 In build_straw_man_chord_sa. tolerance = 1, sa_iterations = 1000, initial_temperature = 3.0, cooling_rate = 0.999
26 - INFO - chord#: 38 done. best_score=36.0, changed=526, unchanged=325, early_stops=8/8
26 - INFO - chord#: 40 In build_straw_man_chord_sa. tolerance = 1, sa_iterations = 1000, initial_temperature = 3.0, cooling_rate = 0.999
26 - INFO - chord#: 24 done. best_score=36.0, changed=524, unchanged=381, early_stops=8/8
26 - INFO - chord#: 28 In build_straw_man_chord_sa. tolerance = 1, sa_iterations = 1000, initial_temperature = 3.0, cooling_rate = 0.999
26 - INFO - chord#: 32 done. best_score=27.0, changed=520, unchanged=298, early_stops=8/8
26 - INFO - chord#: 36 In build_straw_man_chord_sa. tolerance = 1, sa_iterations = 1000, initial_temperature = 3.0, cooling_rate = 0.999
26 - INFO - chord#: 32 done. best_score=27.0, changed=517, unchanged=337, early_stops=8/8
26 - INFO - chord#: 36 In build_straw_man_chord_sa. tolerance = 1, sa_iterations = 1000, initial_temperature = 3.0, cooling_rate = 0.999
26 - INFO - chord#: 28 done. best_score=27.0, changed=522, unchanged=478, early_stops=8/8
26 - INFO - chord#: 32 In build_straw_man_chord_sa. tolerance = 1, sa_iterations = 1000, initial_temperature = 3.0, cooling_rate = 0.999
26 - INFO - chord#: 24 done. best_score=36.0, changed=528, unchanged=397, early_stops=8/8
26 - INFO - chord#: 28 In build_straw_man_chord_sa. tolerance = 1, sa_iterations = 1000, initial_temperature = 3.0, cooling_rate = 0.999
26 - INFO - chord#: 32 done. best_score=27.0, changed=523, unchanged=421, early_stops=8/8
26 - INFO - chord#: 36 In build_straw_man_chord_sa. tolerance = 1, sa_iterations = 1000, initial_temperature = 3.0, cooling_rate = 0.999
26 - INFO - chord#: 40 done. best_score=27.0, changed=516, unchanged=410, early_stops=8/8
26 - INFO - chord#: 42 In build_straw_man_chord_sa. tolerance = 1, sa_iterations = 1000, initial_temperature = 3.0, cooling_rate = 0.999
26 - INFO - chord#: 40 done. best_score=27.0, changed=521, unchanged=416, early_stops=8/8
26 - INFO - chord#: 42 In build_straw_man_chord_sa. tolerance = 1, sa_iterations = 1000, initial_temperature = 3.0, cooling_rate = 0.999
26 - INFO - chord#: 36 done. best_score=35.0, changed=526, unchanged=396, early_stops=8/8
26 - INFO - chord#: 38 In build_straw_man_chord_sa. tolerance = 1, sa_iterations = 1000, initial_temperature = 3.0, cooling_rate = 0.999
26 - INFO - chord#: 40 done. best_score=27.0, changed=513, unchanged=476, early_stops=8/8
26 - INFO - chord#: 42 In build_straw_man_chord_sa. tolerance = 1, sa_iterations = 1000, initial_temperature = 3.0, cooling_rate = 0.999
26 - INFO - chord#: 40 done. best_score=27.0, changed=520, unchanged=358, early_stops=8/8
26 - INFO - chord#: 42 In build_straw_man_chord_sa. tolerance = 1, sa_iterations = 1000, initial_temperature = 3.0, cooling_rate = 0.999
26 - INFO - chord#: 36 done. best_score=35.0, changed=529, unchanged=385, early_stops=8/8
26 - INFO - chord#: 38 In build_straw_man_chord_sa. tolerance = 1, sa_iterations = 1000, initial_temperature = 3.0, cooling_rate = 0.999
26 - INFO - chord#: 24 done. best_score=36.0, changed=527, unchanged=511, early_stops=8/8
26 - INFO - chord#: 28 In build_straw_man_chord_sa. tolerance = 1, sa_iterations = 1000, initial_temperature = 3.0, cooling_rate = 0.999
26 - INFO - chord#: 36 done. best_score=35.0, changed=518, unchanged=314, early_stops=8/8
26 - INFO - chord#: 38 In build_straw_man_chord_sa. tolerance = 1, sa_iterations = 1000, initial_temperature = 3.0, cooling_rate = 0.999
26 - INFO - chord#: 32 done. best_score=27.0, changed=527, unchanged=411, early_stops=8/8
26 - INFO - chord#: 36 In build_straw_man_chord_sa. tolerance = 1, sa_iterations = 1000, initial_temperature = 3.0, cooling_rate = 0.999
26 - INFO - chord#: 28 done. best_score=27.0, changed=532, unchanged=573, early_stops=8/8
26 - INFO - chord#: 32 In build_straw_man_chord_sa. tolerance = 1, sa_iterations = 1000, initial_temperature = 3.0, cooling_rate = 0.999
26 - INFO - chord#: 28 done. best_score=27.0, changed=522, unchanged=465, early_stops=8/8
26 - INFO - chord#: 32 In build_straw_man_chord_sa. tolerance = 1, sa_iterations = 1000, initial_temperature = 3.0, cooling_rate = 0.999
26 - INFO - chord#: 36 done. best_score=35.0, changed=531, unchanged=361, early_stops=8/8
26 - INFO - chord#: 38 In build_straw_man_chord_sa. tolerance = 1, sa_iterations = 1000, initial_temperature = 3.0, cooling_rate = 0.999
26 - INFO - chord#: 38 done. best_score=36.0, changed=526, unchanged=487, early_stops=8/8
26 - INFO - chord#: 40 In build_straw_man_chord_sa. tolerance = 1, sa_iterations = 1000, initial_temperature = 3.0, cooling_rate = 0.999
26 - INFO - chord#: 38 done. best_score=36.0, changed=522, unchanged=323, early_stops=8/8
26 - INFO - chord#: 40 In build_straw_man_chord_sa. tolerance = 1, sa_iterations = 1000, initial_temperature = 3.0, cooling_rate = 0.999
26 - INFO - chord#: 38 done. best_score=36.0, changed=529, unchanged=390, early_stops=8/8
26 - INFO - chord#: 40 In build_straw_man_chord_sa. tolerance = 1, sa_iterations = 1000, initial_temperature = 3.0, cooling_rate = 0.999
26 - INFO - chord#: 36 done. best_score=35.0, changed=525, unchanged=422, early_stops=8/8
26 - INFO - chord#: 38 In build_straw_man_chord_sa. tolerance = 1, sa_iterations = 1000, initial_temperature = 3.0, cooling_rate = 0.999
26 - INFO - chord#: 28 done. best_score=27.0, changed=520, unchanged=512, early_stops=8/8
26 - INFO - chord#: 32 In build_straw_man_chord_sa. tolerance = 1, sa_iterations = 1000, initial_temperature = 3.0, cooling_rate = 0.999
26 - INFO - chord#: 40 done. best_score=27.0, changed=528, unchanged=413, early_stops=8/8
26 - INFO - chord#: 42 In build_straw_man_chord_sa. tolerance = 1, sa_iterations = 1000, initial_temperature = 3.0, cooling_rate = 0.999
26 - INFO - chord#: 32 done. best_score=27.0, changed=525, unchanged=385, early_stops=8/8
26 - INFO - chord#: 36 In build_straw_man_chord_sa. tolerance = 1, sa_iterations = 1000, initial_temperature = 3.0, cooling_rate = 0.999
26 - INFO - chord#: 32 done. best_score=27.0, changed=518, unchanged=328, early_stops=8/8
26 - INFO - chord#: 36 In build_straw_man_chord_sa. tolerance = 1, sa_iterations = 1000, initial_temperature = 3.0, cooling_rate = 0.999
26 - INFO - chord#: 38 done. best_score=36.0, changed=525, unchanged=376, early_stops=8/8
26 - INFO - chord#: 40 In build_straw_man_chord_sa. tolerance = 1, sa_iterations = 1000, initial_temperature = 3.0, cooling_rate = 0.999
26 - INFO - chord#: 42 done. best_score=120.0, changed=608, unchanged=302, early_stops=8/8
26 - INFO - chord#: 44 In build_straw_man_chord_sa. tolerance = 1, sa_iterations = 1000, initial_temperature = 3.0, cooling_rate = 0.999
26 - INFO - chord#: 40 done. best_score=27.0, changed=513, unchanged=393, early_stops=8/8
26 - INFO - chord#: 42 In build_straw_man_chord_sa. tolerance = 1, sa_iterations = 1000, initial_temperature = 3.0, cooling_rate = 0.999
26 - INFO - chord#: 42 done. best_score=120.0, changed=615, unchanged=360, early_stops=8/8
26 - INFO - chord#: 44 In build_straw_man_chord_sa. tolerance = 1, sa_iterations = 1000, initial_temperature = 3.0, cooling_rate = 0.999
26 - INFO - chord#: 42 done. best_score=82.0, changed=615, unchanged=353, early_stops=8/8
26 - INFO - chord#: 44 In build_straw_man_chord_sa. tolerance = 1, sa_iterations = 1000, initial_temperature = 3.0, cooling_rate = 0.999
26 - INFO - chord#: 42 done. best_score=108.0, changed=610, unchanged=278, early_stops=8/8
26 - INFO - chord#: 44 In build_straw_man_chord_sa. tolerance = 1, sa_iterations = 1000, initial_temperature = 3.0, cooling_rate = 0.999
26 - INFO - chord#: 38 done. best_score=36.0, changed=517, unchanged=313, early_stops=8/8
26 - INFO - chord#: 40 In build_straw_man_chord_sa. tolerance = 1, sa_iterations = 1000, initial_temperature = 3.0, cooling_rate = 0.999
26 - INFO - chord#: 36 done. best_score=35.0, changed=529, unchanged=329, early_stops=8/8
26 - INFO - chord#: 38 In build_straw_man_chord_sa. tolerance = 1, sa_iterations = 1000, initial_temperature = 3.0, cooling_rate = 0.999
26 - INFO - chord#: 36 done. best_score=35.0, changed=521, unchanged=383, early_stops=8/8
26 - INFO - chord#: 38 In build_straw_man_chord_sa. tolerance = 1, sa_iterations = 1000, initial_temperature = 3.0, cooling_rate = 0.999
26 - INFO - chord#: 40 done. best_score=27.0, changed=520, unchanged=557, early_stops=8/8
26 - INFO - chord#: 42 In build_straw_man_chord_sa. tolerance = 1, sa_iterations = 1000, initial_temperature = 3.0, cooling_rate = 0.999
26 - INFO - chord#: 32 done. best_score=27.0, changed=540, unchanged=422, early_stops=8/8
26 - INFO - chord#: 36 In build_straw_man_chord_sa. tolerance = 1, sa_iterations = 1000, initial_temperature = 3.0, cooling_rate = 0.999
26 - INFO - chord#: 40 done. best_score=27.0, changed=510, unchanged=313, early_stops=8/8
26 - INFO - chord#: 42 In build_straw_man_chord_sa. tolerance = 1, sa_iterations = 1000, initial_temperature = 3.0, cooling_rate = 0.999
26 - INFO - chord#: 44 done. best_score=27.0, changed=511, unchanged=367, early_stops=8/8
26 - INFO - chord#: 48 In build_straw_man_chord_sa. tolerance = 1, sa_iterations = 1000, initial_temperature = 3.0, cooling_rate = 0.999
26 - INFO - chord#: 44 done. best_score=27.0, changed=517, unchanged=308, early_stops=8/8
26 - INFO - chord#: 44 done. best_score=27.0, changed=522, unchanged=475, early_stops=8/8
26 - INFO - chord#: 48 In build_straw_man_chord_sa. tolerance = 1, sa_iterations = 1000, initial_temperature = 3.0, cooling_rate = 0.999
26 - INFO - chord#: 48 In build_straw_man_chord_sa. tolerance = 1, sa_iterations = 1000, initial_temperature = 3.0, cooling_rate = 0.999
26 - INFO - chord#: 44 done. best_score=27.0, changed=522, unchanged=396, early_stops=8/8
26 - INFO - chord#: 48 In build_straw_man_chord_sa. tolerance = 1, sa_iterations = 1000, initial_temperature = 3.0, cooling_rate = 0.999
26 - INFO - chord#: 42 done. best_score=82.0, changed=607, unchanged=280, early_stops=8/8
26 - INFO - chord#: 44 In build_straw_man_chord_sa. tolerance = 1, sa_iterations = 1000, initial_temperature = 3.0, cooling_rate = 0.999
26 - INFO - chord#: 48 done. best_score=27.0, changed=518, unchanged=375, early_stops=8/8
26 - INFO - chord#: 50 In build_straw_man_chord_sa. tolerance = 1, sa_iterations = 1000, initial_temperature = 3.0, cooling_rate = 0.999
26 - INFO - chord#: 48 done. best_score=27.0, changed=518, unchanged=392, early_stops=8/8
26 - INFO - chord#: 50 In build_straw_man_chord_sa. tolerance = 1, sa_iterations = 1000, initial_temperature = 3.0, cooling_rate = 0.999
26 - INFO - chord#: 36 done. best_score=35.0, changed=524, unchanged=330, early_stops=8/8
26 - INFO - chord#: 38 In build_straw_man_chord_sa. tolerance = 1, sa_iterations = 1000, initial_temperature = 3.0, cooling_rate = 0.999
26 - INFO - chord#: 38 done. best_score=36.0, changed=526, unchanged=368, early_stops=8/8
26 - INFO - chord#: 40 In build_straw_man_chord_sa. tolerance = 1, sa_iterations = 1000, initial_temperature = 3.0, cooling_rate = 0.999
26 - INFO - chord#: 48 done. best_score=27.0, changed=533, unchanged=377, early_stops=8/8
26 - INFO - chord#: 50 In build_straw_man_chord_sa. tolerance = 1, sa_iterations = 1000, initial_temperature = 3.0, cooling_rate = 0.999
26 - INFO - chord#: 48 done. best_score=27.0, changed=529, unchanged=430, early_stops=8/8
26 - INFO - chord#: 50 In build_straw_man_chord_sa. tolerance = 1, sa_iterations = 1000, initial_temperature = 3.0, cooling_rate = 0.999
26 - INFO - chord#: 38 done. best_score=36.0, changed=525, unchanged=429, early_stops=8/8
26 - INFO - chord#: 40 In build_straw_man_chord_sa. tolerance = 1, sa_iterations = 1000, initial_temperature = 3.0, cooling_rate = 0.999
26 - INFO - chord#: 40 done. best_score=27.0, changed=521, unchanged=387, early_stops=8/8
26 - INFO - chord#: 42 In build_straw_man_chord_sa. tolerance = 1, sa_iterations = 1000, initial_temperature = 3.0, cooling_rate = 0.999
26 - INFO - chord#: 42 done. best_score=82.0, changed=609, unchanged=342, early_stops=8/8
26 - INFO - chord#: 44 In build_straw_man_chord_sa. tolerance = 1, sa_iterations = 1000, initial_temperature = 3.0, cooling_rate = 0.999
26 - INFO - chord#: 44 done. best_score=27.0, changed=523, unchanged=429, early_stops=8/8
26 - INFO - chord#: 48 In build_straw_man_chord_sa. tolerance = 1, sa_iterations = 1000, initial_temperature = 3.0, cooling_rate = 0.999
26 - INFO - chord#: 50 done. best_score=31.0, changed=529, unchanged=305, early_stops=8/8
26 - INFO - chord#: 52 In build_straw_man_chord_sa. tolerance = 1, sa_iterations = 1000, initial_temperature = 3.0, cooling_rate = 0.999
26 - INFO - chord#: 50 done. best_score=31.0, changed=537, unchanged=380, early_stops=8/8
26 - INFO - chord#: 52 In build_straw_man_chord_sa. tolerance = 1, sa_iterations = 1000, initial_temperature = 3.0, cooling_rate = 0.999
26 - INFO - chord#: 50 done. best_score=31.0, changed=535, unchanged=319, early_stops=8/8
26 - INFO - chord#: 52 In build_straw_man_chord_sa. tolerance = 1, sa_iterations = 1000, initial_temperature = 3.0, cooling_rate = 0.999
26 - INFO - chord#: 50 done. best_score=31.0, changed=551, unchanged=494, early_stops=8/8
26 - INFO - chord#: 52 In build_straw_man_chord_sa. tolerance = 1, sa_iterations = 1000, initial_temperature = 3.0, cooling_rate = 0.999
26 - INFO - chord#: 44 done. best_score=27.0, changed=515, unchanged=347, early_stops=8/8
26 - INFO - chord#: 48 In build_straw_man_chord_sa. tolerance = 1, sa_iterations = 1000, initial_temperature = 3.0, cooling_rate = 0.999
26 - INFO - chord#: 40 done. best_score=27.0, changed=526, unchanged=413, early_stops=8/8
26 - INFO - chord#: 42 In build_straw_man_chord_sa. tolerance = 1, sa_iterations = 1000, initial_temperature = 3.0, cooling_rate = 0.999
26 - INFO - chord#: 38 done. best_score=36.0, changed=526, unchanged=460, early_stops=8/8
26 - INFO - chord#: 40 In build_straw_man_chord_sa. tolerance = 1, sa_iterations = 1000, initial_temperature = 3.0, cooling_rate = 0.999
26 - INFO - chord#: 40 done. best_score=27.0, changed=531, unchanged=413, early_stops=8/8
26 - INFO - chord#: 42 In build_straw_man_chord_sa. tolerance = 1, sa_iterations = 1000, initial_temperature = 3.0, cooling_rate = 0.999
26 - INFO - chord#: 42 done. best_score=82.0, changed=610, unchanged=313, early_stops=8/8
26 - INFO - chord#: 44 In build_straw_man_chord_sa. tolerance = 1, sa_iterations = 1000, initial_temperature = 3.0, cooling_rate = 0.999
26 - INFO - chord#: 48 done. best_score=27.0, changed=520, unchanged=400, early_stops=8/8
26 - INFO - chord#: 50 In build_straw_man_chord_sa. tolerance = 1, sa_iterations = 1000, initial_temperature = 3.0, cooling_rate = 0.999
26 - INFO - chord#: 42 done. best_score=82.0, changed=616, unchanged=385, early_stops=8/8
26 - INFO - chord#: 44 In build_straw_man_chord_sa. tolerance = 1, sa_iterations = 1000, initial_temperature = 3.0, cooling_rate = 0.999
26 - INFO - chord#: 48 done. best_score=27.0, changed=525, unchanged=419, early_stops=8/8
26 - INFO - chord#: 50 In build_straw_man_chord_sa. tolerance = 1, sa_iterations = 1000, initial_temperature = 3.0, cooling_rate = 0.999
26 - INFO - chord#: 40 done. best_score=27.0, changed=518, unchanged=426, early_stops=8/8
26 - INFO - chord#: 42 In build_straw_man_chord_sa. tolerance = 1, sa_iterations = 1000, initial_temperature = 3.0, cooling_rate = 0.999
26 - INFO - chord#: 50 done. best_score=31.0, changed=535, unchanged=370, early_stops=8/8
26 - INFO - chord#: 52 In build_straw_man_chord_sa. tolerance = 1, sa_iterations = 1000, initial_temperature = 3.0, cooling_rate = 0.999
26 - INFO - chord#: 52 done. best_score=71.0, changed=612, unchanged=245, early_stops=8/8
26 - INFO - chord#: 56 In build_straw_man_chord_sa. tolerance = 1, sa_iterations = 1000, initial_temperature = 3.0, cooling_rate = 0.999
26 - INFO - chord#: 44 done. best_score=27.0, changed=525, unchanged=421, early_stops=8/8
26 - INFO - chord#: 48 In build_straw_man_chord_sa. tolerance = 1, sa_iterations = 1000, initial_temperature = 3.0, cooling_rate = 0.999
26 - INFO - chord#: 44 done. best_score=27.0, changed=518, unchanged=347, early_stops=8/8
26 - INFO - chord#: 48 In build_straw_man_chord_sa. tolerance = 1, sa_iterations = 1000, initial_temperature = 3.0, cooling_rate = 0.999
26 - INFO - chord#: 52 done. best_score=71.0, changed=611, unchanged=316, early_stops=8/8
26 - INFO - chord#: 56 In build_straw_man_chord_sa. tolerance = 1, sa_iterations = 1000, initial_temperature = 3.0, cooling_rate = 0.999
26 - INFO - chord#: 50 done. best_score=31.0, changed=527, unchanged=356, early_stops=8/8
26 - INFO - chord#: 52 In build_straw_man_chord_sa. tolerance = 1, sa_iterations = 1000, initial_temperature = 3.0, cooling_rate = 0.999
26 - INFO - chord#: 42 done. best_score=82.0, changed=616, unchanged=380, early_stops=8/8
26 - INFO - chord#: 44 In build_straw_man_chord_sa. tolerance = 1, sa_iterations = 1000, initial_temperature = 3.0, cooling_rate = 0.999
26 - INFO - chord#: 52 done. best_score=64.0, changed=614, unchanged=341, early_stops=8/8
26 - INFO - chord#: 56 In build_straw_man_chord_sa. tolerance = 1, sa_iterations = 1000, initial_temperature = 3.0, cooling_rate = 0.999
26 - INFO - chord#: 52 done. best_score=145.0, changed=613, unchanged=380, early_stops=8/8
26 - INFO - chord#: 56 In build_straw_man_chord_sa. tolerance = 1, sa_iterations = 1000, initial_temperature = 3.0, cooling_rate = 0.999
26 - INFO - chord#: 56 done. best_score=27.0, changed=516, unchanged=376, early_stops=8/8
26 - INFO - chord#: 58 In build_straw_man_chord_sa. tolerance = 1, sa_iterations = 1000, initial_temperature = 3.0, cooling_rate = 0.999
26 - INFO - chord#: 42 done. best_score=82.0, changed=610, unchanged=347, early_stops=8/8
26 - INFO - chord#: 44 In build_straw_man_chord_sa. tolerance = 1, sa_iterations = 1000, initial_temperature = 3.0, cooling_rate = 0.999
26 - INFO - chord#: 56 done. best_score=27.0, changed=517, unchanged=357, early_stops=8/8
26 - INFO - chord#: 58 In build_straw_man_chord_sa. tolerance = 1, sa_iterations = 1000, initial_temperature = 3.0, cooling_rate = 0.999
26 - INFO - chord#: 48 done. best_score=27.0, changed=525, unchanged=419, early_stops=8/8
26 - INFO - chord#: 50 In build_straw_man_chord_sa. tolerance = 1, sa_iterations = 1000, initial_temperature = 3.0, cooling_rate = 0.999
26 - INFO - chord#: 44 done. best_score=27.0, changed=518, unchanged=345, early_stops=8/8
26 - INFO - chord#: 48 In build_straw_man_chord_sa. tolerance = 1, sa_iterations = 1000, initial_temperature = 3.0, cooling_rate = 0.999
26 - INFO - chord#: 56 done. best_score=27.0, changed=514, unchanged=465, early_stops=8/8
26 - INFO - chord#: 58 In build_straw_man_chord_sa. tolerance = 1, sa_iterations = 1000, initial_temperature = 3.0, cooling_rate = 0.999
26 - INFO - chord#: 48 done. best_score=27.0, changed=536, unchanged=510, early_stops=8/8
26 - INFO - chord#: 50 In build_straw_man_chord_sa. tolerance = 1, sa_iterations = 1000, initial_temperature = 3.0, cooling_rate = 0.999
26 - INFO - chord#: 42 done. best_score=82.0, changed=615, unchanged=414, early_stops=8/8
26 - INFO - chord#: 44 In build_straw_man_chord_sa. tolerance = 1, sa_iterations = 1000, initial_temperature = 3.0, cooling_rate = 0.999
26 - INFO - chord#: 56 done. best_score=27.0, changed=516, unchanged=448, early_stops=8/8
26 - INFO - chord#: 58 In build_straw_man_chord_sa. tolerance = 1, sa_iterations = 1000, initial_temperature = 3.0, cooling_rate = 0.999
26 - INFO - chord#: 52 done. best_score=64.0, changed=610, unchanged=232, early_stops=8/8
26 - INFO - chord#: 56 In build_straw_man_chord_sa. tolerance = 1, sa_iterations = 1000, initial_temperature = 3.0, cooling_rate = 0.999
26 - INFO - chord#: 52 done. best_score=157.0, changed=611, unchanged=231, early_stops=8/8
26 - INFO - chord#: 56 In build_straw_man_chord_sa. tolerance = 1, sa_iterations = 1000, initial_temperature = 3.0, cooling_rate = 0.999
26 - INFO - chord#: 44 done. best_score=27.0, changed=518, unchanged=417, early_stops=8/8
26 - INFO - chord#: 48 In build_straw_man_chord_sa. tolerance = 1, sa_iterations = 1000, initial_temperature = 3.0, cooling_rate = 0.999
26 - INFO - chord#: 50 done. best_score=31.0, changed=529, unchanged=381, early_stops=8/8
26 - INFO - chord#: 52 In build_straw_man_chord_sa. tolerance = 1, sa_iterations = 1000, initial_temperature = 3.0, cooling_rate = 0.999
26 - INFO - chord#: 50 done. best_score=31.0, changed=521, unchanged=333, early_stops=8/8
26 - INFO - chord#: 52 In build_straw_man_chord_sa. tolerance = 1, sa_iterations = 1000, initial_temperature = 3.0, cooling_rate = 0.999
26 - INFO - chord#: 48 done. best_score=27.0, changed=523, unchanged=391, early_stops=8/8
26 - INFO - chord#: 50 In build_straw_man_chord_sa. tolerance = 1, sa_iterations = 1000, initial_temperature = 3.0, cooling_rate = 0.999
26 - INFO - chord#: 42 done. best_score=82.0, changed=619, unchanged=380, early_stops=8/8
26 - INFO - chord#: 44 In build_straw_man_chord_sa. tolerance = 1, sa_iterations = 1000, initial_temperature = 3.0, cooling_rate = 0.999
26 - INFO - chord#: 44 done. best_score=27.0, changed=525, unchanged=502, early_stops=8/8
26 - INFO - chord#: 48 In build_straw_man_chord_sa. tolerance = 1, sa_iterations = 1000, initial_temperature = 3.0, cooling_rate = 0.999
26 - INFO - chord#: 56 done. best_score=27.0, changed=527, unchanged=502, early_stops=8/8
26 - INFO - chord#: 58 In build_straw_man_chord_sa. tolerance = 1, sa_iterations = 1000, initial_temperature = 3.0, cooling_rate = 0.999
26 - INFO - chord#: 58 done. best_score=67.0, changed=607, unchanged=292, early_stops=8/8
26 - INFO - chord#: 60 In build_straw_man_chord_sa. tolerance = 1, sa_iterations = 1000, initial_temperature = 3.0, cooling_rate = 0.999
26 - INFO - chord#: 56 done. best_score=27.0, changed=524, unchanged=509, early_stops=8/8
26 - INFO - chord#: 58 In build_straw_man_chord_sa. tolerance = 1, sa_iterations = 1000, initial_temperature = 3.0, cooling_rate = 0.999
26 - INFO - chord#: 50 done. best_score=31.0, changed=527, unchanged=306, early_stops=8/8
26 - INFO - chord#: 52 In build_straw_man_chord_sa. tolerance = 1, sa_iterations = 1000, initial_temperature = 3.0, cooling_rate = 0.999
26 - INFO - chord#: 48 done. best_score=27.0, changed=518, unchanged=403, early_stops=8/8
26 - INFO - chord#: 50 In build_straw_man_chord_sa. tolerance = 1, sa_iterations = 1000, initial_temperature = 3.0, cooling_rate = 0.999
26 - INFO - chord#: 58 done. best_score=96.0, changed=612, unchanged=293, early_stops=8/8
26 - INFO - chord#: 60 In build_straw_man_chord_sa. tolerance = 1, sa_iterations = 1000, initial_temperature = 3.0, cooling_rate = 0.999
26 - INFO - chord#: 58 done. best_score=67.0, changed=613, unchanged=372, early_stops=8/8
26 - INFO - chord#: 60 In build_straw_man_chord_sa. tolerance = 1, sa_iterations = 1000, initial_temperature = 3.0, cooling_rate = 0.999
26 - INFO - chord#: 48 done. best_score=27.0, changed=514, unchanged=311, early_stops=8/8
26 - INFO - chord#: 50 In build_straw_man_chord_sa. tolerance = 1, sa_iterations = 1000, initial_temperature = 3.0, cooling_rate = 0.999
26 - INFO - chord#: 44 done. best_score=27.0, changed=513, unchanged=371, early_stops=8/8
26 - INFO - chord#: 48 In build_straw_man_chord_sa. tolerance = 1, sa_iterations = 1000, initial_temperature = 3.0, cooling_rate = 0.999
26 - INFO - chord#: 58 done. best_score=67.0, changed=612, unchanged=294, early_stops=8/8
26 - INFO - chord#: 60 In build_straw_man_chord_sa. tolerance = 1, sa_iterations = 1000, initial_temperature = 3.0, cooling_rate = 0.999
26 - INFO - chord#: 60 done. best_score=27.0, changed=525, unchanged=433, early_stops=8/8
26 - INFO - chord#: 64 In build_straw_man_chord_sa. tolerance = 1, sa_iterations = 1000, initial_temperature = 3.0, cooling_rate = 0.999
26 - INFO - chord#: 50 done. best_score=31.0, changed=523, unchanged=308, early_stops=8/8
26 - INFO - chord#: 52 In build_straw_man_chord_sa. tolerance = 1, sa_iterations = 1000, initial_temperature = 3.0, cooling_rate = 0.999
26 - INFO - chord#: 50 done. best_score=31.0, changed=534, unchanged=320, early_stops=8/8
26 - INFO - chord#: 52 In build_straw_man_chord_sa. tolerance = 1, sa_iterations = 1000, initial_temperature = 3.0, cooling_rate = 0.999
26 - INFO - chord#: 52 done. best_score=71.0, changed=609, unchanged=317, early_stops=8/8
26 - INFO - chord#: 56 In build_straw_man_chord_sa. tolerance = 1, sa_iterations = 1000, initial_temperature = 3.0, cooling_rate = 0.999
26 - INFO - chord#: 60 done. best_score=27.0, changed=524, unchanged=338, early_stops=8/8
26 - INFO - chord#: 64 In build_straw_man_chord_sa. tolerance = 1, sa_iterations = 1000, initial_temperature = 3.0, cooling_rate = 0.999
26 - INFO - chord#: 48 done. best_score=27.0, changed=529, unchanged=474, early_stops=8/8
26 - INFO - chord#: 50 In build_straw_man_chord_sa. tolerance = 1, sa_iterations = 1000, initial_temperature = 3.0, cooling_rate = 0.999
26 - INFO - chord#: 64 done. best_score=27.0, changed=518, unchanged=316, early_stops=8/8
26 - INFO - chord#: 68 In build_straw_man_chord_sa. tolerance = 1, sa_iterations = 1000, initial_temperature = 3.0, cooling_rate = 0.999
26 - INFO - chord#: 60 done. best_score=27.0, changed=522, unchanged=391, early_stops=8/8
26 - INFO - chord#: 64 In build_straw_man_chord_sa. tolerance = 1, sa_iterations = 1000, initial_temperature = 3.0, cooling_rate = 0.999
26 - INFO - chord#: 60 done. best_score=27.0, changed=532, unchanged=413, early_stops=8/8
26 - INFO - chord#: 64 In build_straw_man_chord_sa. tolerance = 1, sa_iterations = 1000, initial_temperature = 3.0, cooling_rate = 0.999
26 - INFO - chord#: 52 done. best_score=64.0, changed=612, unchanged=421, early_stops=8/8
26 - INFO - chord#: 56 In build_straw_man_chord_sa. tolerance = 1, sa_iterations = 1000, initial_temperature = 3.0, cooling_rate = 0.999
26 - INFO - chord#: 58 done. best_score=96.0, changed=611, unchanged=247, early_stops=8/8
26 - INFO - chord#: 60 In build_straw_man_chord_sa. tolerance = 1, sa_iterations = 1000, initial_temperature = 3.0, cooling_rate = 0.999
26 - INFO - chord#: 56 done. best_score=27.0, changed=514, unchanged=338, early_stops=8/8
26 - INFO - chord#: 58 In build_straw_man_chord_sa. tolerance = 1, sa_iterations = 1000, initial_temperature = 3.0, cooling_rate = 0.999
26 - INFO - chord#: 50 done. best_score=31.0, changed=530, unchanged=327, early_stops=8/8
26 - INFO - chord#: 52 In build_straw_man_chord_sa. tolerance = 1, sa_iterations = 1000, initial_temperature = 3.0, cooling_rate = 0.999
26 - INFO - chord#: 68 done. best_score=36.0, changed=524, unchanged=397, early_stops=8/8
26 - INFO - chord#: 72 In build_straw_man_chord_sa. tolerance = 1, sa_iterations = 1000, initial_temperature = 3.0, cooling_rate = 0.999
26 - INFO - chord#: 64 done. best_score=27.0, changed=533, unchanged=482, early_stops=8/8
26 - INFO - chord#: 68 In build_straw_man_chord_sa. tolerance = 1, sa_iterations = 1000, initial_temperature = 3.0, cooling_rate = 0.999
26 - INFO - chord#: 52 done. best_score=157.0, changed=613, unchanged=363, early_stops=8/8
26 - INFO - chord#: 56 In build_straw_man_chord_sa. tolerance = 1, sa_iterations = 1000, initial_temperature = 3.0, cooling_rate = 0.999
26 - INFO - chord#: 64 done. best_score=27.0, changed=534, unchanged=417, early_stops=8/8
26 - INFO - chord#: 68 In build_straw_man_chord_sa. tolerance = 1, sa_iterations = 1000, initial_temperature = 3.0, cooling_rate = 0.999
26 - INFO - chord#: 56 done. best_score=27.0, changed=515, unchanged=334, early_stops=8/8
26 - INFO - chord#: 58 In build_straw_man_chord_sa. tolerance = 1, sa_iterations = 1000, initial_temperature = 3.0, cooling_rate = 0.999
26 - INFO - chord#: 64 done. best_score=27.0, changed=523, unchanged=453, early_stops=8/8
26 - INFO - chord#: 68 In build_straw_man_chord_sa. tolerance = 1, sa_iterations = 1000, initial_temperature = 3.0, cooling_rate = 0.999
26 - INFO - chord#: 60 done. best_score=27.0, changed=534, unchanged=477, early_stops=8/8
26 - INFO - chord#: 64 In build_straw_man_chord_sa. tolerance = 1, sa_iterations = 1000, initial_temperature = 3.0, cooling_rate = 0.999
26 - INFO - chord#: 52 done. best_score=157.0, changed=609, unchanged=218, early_stops=8/8
26 - INFO - chord#: 56 In build_straw_man_chord_sa. tolerance = 1, sa_iterations = 1000, initial_temperature = 3.0, cooling_rate = 0.999
26 - INFO - chord#: 58 done. best_score=96.0, changed=610, unchanged=481, early_stops=8/8
26 - INFO - chord#: 60 In build_straw_man_chord_sa. tolerance = 1, sa_iterations = 1000, initial_temperature = 3.0, cooling_rate = 0.999
26 - INFO - chord#: 72 done. best_score=27.0, changed=524, unchanged=381, early_stops=8/8
26 - INFO - chord#: 76 In build_straw_man_chord_sa. tolerance = 1, sa_iterations = 1000, initial_temperature = 3.0, cooling_rate = 0.999
26 - INFO - chord#: 56 done. best_score=27.0, changed=514, unchanged=387, early_stops=8/8
26 - INFO - chord#: 58 In build_straw_man_chord_sa. tolerance = 1, sa_iterations = 1000, initial_temperature = 3.0, cooling_rate = 0.999
26 - INFO - chord#: 68 done. best_score=36.0, changed=519, unchanged=321, early_stops=8/8
26 - INFO - chord#: 72 In build_straw_man_chord_sa. tolerance = 1, sa_iterations = 1000, initial_temperature = 3.0, cooling_rate = 0.999
26 - INFO - chord#: 68 done. best_score=36.0, changed=523, unchanged=420, early_stops=8/8
26 - INFO - chord#: 72 In build_straw_man_chord_sa. tolerance = 1, sa_iterations = 1000, initial_temperature = 3.0, cooling_rate = 0.999
26 - INFO - chord#: 64 done. best_score=27.0, changed=520, unchanged=364, early_stops=8/8
26 - INFO - chord#: 68 In build_straw_man_chord_sa. tolerance = 1, sa_iterations = 1000, initial_temperature = 3.0, cooling_rate = 0.999
26 - INFO - chord#: 68 done. best_score=36.0, changed=534, unchanged=423, early_stops=8/8
26 - INFO - chord#: 72 In build_straw_man_chord_sa. tolerance = 1, sa_iterations = 1000, initial_temperature = 3.0, cooling_rate = 0.999
26 - INFO - chord#: 56 done. best_score=27.0, changed=521, unchanged=501, early_stops=8/8
26 - INFO - chord#: 58 In build_straw_man_chord_sa. tolerance = 1, sa_iterations = 1000, initial_temperature = 3.0, cooling_rate = 0.999
26 - INFO - chord#: 52 done. best_score=64.0, changed=612, unchanged=356, early_stops=8/8
26 - INFO - chord#: 56 In build_straw_man_chord_sa. tolerance = 1, sa_iterations = 1000, initial_temperature = 3.0, cooling_rate = 0.999
26 - INFO - chord#: 58 done. best_score=96.0, changed=607, unchanged=273, early_stops=8/8
26 - INFO - chord#: 60 In build_straw_man_chord_sa. tolerance = 1, sa_iterations = 1000, initial_temperature = 3.0, cooling_rate = 0.999
26 - INFO - chord#: 60 done. best_score=27.0, changed=519, unchanged=384, early_stops=8/8
26 - INFO - chord#: 64 In build_straw_man_chord_sa. tolerance = 1, sa_iterations = 1000, initial_temperature = 3.0, cooling_rate = 0.999
26 - INFO - chord#: 76 done. best_score=27.0, changed=523, unchanged=407, early_stops=8/8
26 - INFO - chord#: 84 In build_straw_man_chord_sa. tolerance = 1, sa_iterations = 1000, initial_temperature = 3.0, cooling_rate = 0.999
26 - INFO - chord#: 52 done. best_score=64.0, changed=610, unchanged=341, early_stops=8/8
26 - INFO - chord#: 56 In build_straw_man_chord_sa. tolerance = 1, sa_iterations = 1000, initial_temperature = 3.0, cooling_rate = 0.999
26 - INFO - chord#: 58 done. best_score=137.0, changed=612, unchanged=298, early_stops=8/8
26 - INFO - chord#: 60 In build_straw_man_chord_sa. tolerance = 1, sa_iterations = 1000, initial_temperature = 3.0, cooling_rate = 0.999
26 - INFO - chord#: 72 done. best_score=27.0, changed=522, unchanged=412, early_stops=8/8
26 - INFO - chord#: 76 In build_straw_man_chord_sa. tolerance = 1, sa_iterations = 1000, initial_temperature = 3.0, cooling_rate = 0.999
26 - INFO - chord#: 60 done. best_score=27.0, changed=523, unchanged=340, early_stops=8/8
26 - INFO - chord#: 64 In build_straw_man_chord_sa. tolerance = 1, sa_iterations = 1000, initial_temperature = 3.0, cooling_rate = 0.999
26 - INFO - chord#: 68 done. best_score=36.0, changed=529, unchanged=361, early_stops=8/8
26 - INFO - chord#: 72 In build_straw_man_chord_sa. tolerance = 1, sa_iterations = 1000, initial_temperature = 3.0, cooling_rate = 0.999
26 - INFO - chord#: 84 done. best_score=27.0, changed=515, unchanged=423, early_stops=8/8
26 - INFO - chord#: 86 In build_straw_man_chord_sa. tolerance = 1, sa_iterations = 1000, initial_temperature = 3.0, cooling_rate = 0.999
26 - INFO - chord#: 72 done. best_score=27.0, changed=523, unchanged=546, early_stops=8/8
26 - INFO - chord#: 76 In build_straw_man_chord_sa. tolerance = 1, sa_iterations = 1000, initial_temperature = 3.0, cooling_rate = 0.999
26 - INFO - chord#: 72 done. best_score=27.0, changed=517, unchanged=383, early_stops=8/8
26 - INFO - chord#: 76 In build_straw_man_chord_sa. tolerance = 1, sa_iterations = 1000, initial_temperature = 3.0, cooling_rate = 0.999
26 - INFO - chord#: 64 done. best_score=27.0, changed=524, unchanged=431, early_stops=8/8
26 - INFO - chord#: 68 In build_straw_man_chord_sa. tolerance = 1, sa_iterations = 1000, initial_temperature = 3.0, cooling_rate = 0.999
26 - INFO - chord#: 56 done. best_score=27.0, changed=520, unchanged=544, early_stops=8/8
26 - INFO - chord#: 58 In build_straw_man_chord_sa. tolerance = 1, sa_iterations = 1000, initial_temperature = 3.0, cooling_rate = 0.999
26 - INFO - chord#: 60 done. best_score=27.0, changed=515, unchanged=333, early_stops=8/8
26 - INFO - chord#: 64 In build_straw_man_chord_sa. tolerance = 1, sa_iterations = 1000, initial_temperature = 3.0, cooling_rate = 0.999
26 - INFO - chord#: 56 done. best_score=27.0, changed=522, unchanged=502, early_stops=8/8
26 - INFO - chord#: 58 In build_straw_man_chord_sa. tolerance = 1, sa_iterations = 1000, initial_temperature = 3.0, cooling_rate = 0.999
26 - INFO - chord#: 58 done. best_score=145.0, changed=617, unchanged=346, early_stops=8/8
26 - INFO - chord#: 60 In build_straw_man_chord_sa. tolerance = 1, sa_iterations = 1000, initial_temperature = 3.0, cooling_rate = 0.999
26 - INFO - chord#: 64 done. best_score=27.0, changed=522, unchanged=346, early_stops=8/8
26 - INFO - chord#: 68 In build_straw_man_chord_sa. tolerance = 1, sa_iterations = 1000, initial_temperature = 3.0, cooling_rate = 0.999
26 - INFO - chord#: 76 done. best_score=27.0, changed=519, unchanged=404, early_stops=8/8
26 - INFO - chord#: 84 In build_straw_man_chord_sa. tolerance = 1, sa_iterations = 1000, initial_temperature = 3.0, cooling_rate = 0.999
26 - INFO - chord#: 58 done. best_score=157.0, changed=613, unchanged=254, early_stops=8/8
26 - INFO - chord#: 60 In build_straw_man_chord_sa. tolerance = 1, sa_iterations = 1000, initial_temperature = 3.0, cooling_rate = 0.999
26 - INFO - chord#: 76 done. best_score=27.0, changed=523, unchanged=454, early_stops=8/8
26 - INFO - chord#: 84 In build_straw_man_chord_sa. tolerance = 1, sa_iterations = 1000, initial_temperature = 3.0, cooling_rate = 0.999
26 - INFO - chord#: 76 done. best_score=27.0, changed=522, unchanged=384, early_stops=8/8
26 - INFO - chord#: 84 In build_straw_man_chord_sa. tolerance = 1, sa_iterations = 1000, initial_temperature = 3.0, cooling_rate = 0.999
26 - INFO - chord#: 64 done. best_score=27.0, changed=528, unchanged=423, early_stops=8/8
26 - INFO - chord#: 68 In build_straw_man_chord_sa. tolerance = 1, sa_iterations = 1000, initial_temperature = 3.0, cooling_rate = 0.999
26 - INFO - chord#: 72 done. best_score=27.0, changed=525, unchanged=480, early_stops=8/8
26 - INFO - chord#: 76 In build_straw_man_chord_sa. tolerance = 1, sa_iterations = 1000, initial_temperature = 3.0, cooling_rate = 0.999
26 - INFO - chord#: 60 done. best_score=27.0, changed=526, unchanged=325, early_stops=8/8
26 - INFO - chord#: 64 In build_straw_man_chord_sa. tolerance = 1, sa_iterations = 1000, initial_temperature = 3.0, cooling_rate = 0.999
26 - INFO - chord#: 68 done. best_score=36.0, changed=515, unchanged=380, early_stops=8/8
26 - INFO - chord#: 72 In build_straw_man_chord_sa. tolerance = 1, sa_iterations = 1000, initial_temperature = 3.0, cooling_rate = 0.999
26 - INFO - chord#: 60 done. best_score=27.0, changed=519, unchanged=358, early_stops=8/8
26 - INFO - chord#: 64 In build_straw_man_chord_sa. tolerance = 1, sa_iterations = 1000, initial_temperature = 3.0, cooling_rate = 0.999
26 - INFO - chord#: 68 done. best_score=36.0, changed=529, unchanged=423, early_stops=8/8
26 - INFO - chord#: 72 In build_straw_man_chord_sa. tolerance = 1, sa_iterations = 1000, initial_temperature = 3.0, cooling_rate = 0.999
26 - INFO - chord#: 84 done. best_score=36.0, changed=520, unchanged=385, early_stops=8/8
26 - INFO - chord#: 86 In build_straw_man_chord_sa. tolerance = 1, sa_iterations = 1000, initial_temperature = 3.0, cooling_rate = 0.999
26 - INFO - chord#: 68 done. best_score=36.0, changed=524, unchanged=457, early_stops=8/8
26 - INFO - chord#: 72 In build_straw_man_chord_sa. tolerance = 1, sa_iterations = 1000, initial_temperature = 3.0, cooling_rate = 0.999
26 - INFO - chord#: 84 done. best_score=27.0, changed=520, unchanged=462, early_stops=8/8
26 - INFO - chord#: 86 In build_straw_man_chord_sa. tolerance = 1, sa_iterations = 1000, initial_temperature = 3.0, cooling_rate = 0.999
26 - INFO - chord#: 76 done. best_score=27.0, changed=527, unchanged=331, early_stops=8/8
26 - INFO - chord#: 84 In build_straw_man_chord_sa. tolerance = 1, sa_iterations = 1000, initial_temperature = 3.0, cooling_rate = 0.999
26 - INFO - chord#: 64 done. best_score=27.0, changed=525, unchanged=479, early_stops=8/8
26 - INFO - chord#: 68 In build_straw_man_chord_sa. tolerance = 1, sa_iterations = 1000, initial_temperature = 3.0, cooling_rate = 0.999
26 - INFO - chord#: 86 done. best_score=74.0, changed=617, unchanged=415, early_stops=8/8
26 - INFO - chord#: 88 In build_straw_man_chord_sa. tolerance = 1, sa_iterations = 1000, initial_temperature = 3.0, cooling_rate = 0.999
26 - INFO - chord#: 58 done. best_score=137.0, changed=611, unchanged=289, early_stops=8/8
26 - INFO - chord#: 60 In build_straw_man_chord_sa. tolerance = 1, sa_iterations = 1000, initial_temperature = 3.0, cooling_rate = 0.999
26 - INFO - chord#: 64 done. best_score=27.0, changed=524, unchanged=427, early_stops=8/8
26 - INFO - chord#: 68 In build_straw_man_chord_sa. tolerance = 1, sa_iterations = 1000, initial_temperature = 3.0, cooling_rate = 0.999
26 - INFO - chord#: 84 done. best_score=27.0, changed=514, unchanged=397, early_stops=8/8
26 - INFO - chord#: 86 In build_straw_man_chord_sa. tolerance = 1, sa_iterations = 1000, initial_temperature = 3.0, cooling_rate = 0.999
26 - INFO - chord#: 72 done. best_score=27.0, changed=514, unchanged=421, early_stops=8/8
26 - INFO - chord#: 76 In build_straw_man_chord_sa. tolerance = 1, sa_iterations = 1000, initial_temperature = 3.0, cooling_rate = 0.999
26 - INFO - chord#: 72 done. best_score=27.0, changed=526, unchanged=472, early_stops=8/8
26 - INFO - chord#: 76 In build_straw_man_chord_sa. tolerance = 1, sa_iterations = 1000, initial_temperature = 3.0, cooling_rate = 0.999
26 - INFO - chord#: 68 done. best_score=36.0, changed=518, unchanged=320, early_stops=8/8
26 - INFO - chord#: 72 In build_straw_man_chord_sa. tolerance = 1, sa_iterations = 1000, initial_temperature = 3.0, cooling_rate = 0.999
26 - INFO - chord#: 58 done. best_score=67.0, changed=613, unchanged=329, early_stops=8/8
26 - INFO - chord#: 60 In build_straw_man_chord_sa. tolerance = 1, sa_iterations = 1000, initial_temperature = 3.0, cooling_rate = 0.999
26 - INFO - chord#: 72 done. best_score=27.0, changed=529, unchanged=491, early_stops=8/8
26 - INFO - chord#: 76 In build_straw_man_chord_sa. tolerance = 1, sa_iterations = 1000, initial_temperature = 3.0, cooling_rate = 0.999
26 - INFO - chord#: 68 done. best_score=36.0, changed=520, unchanged=317, early_stops=8/8
26 - INFO - chord#: 72 In build_straw_man_chord_sa. tolerance = 1, sa_iterations = 1000, initial_temperature = 3.0, cooling_rate = 0.999
26 - INFO - chord#: 60 done. best_score=27.0, changed=523, unchanged=347, early_stops=8/8
26 - INFO - chord#: 64 In build_straw_man_chord_sa. tolerance = 1, sa_iterations = 1000, initial_temperature = 3.0, cooling_rate = 0.999
26 - INFO - chord#: 84 done. best_score=27.0, changed=521, unchanged=356, early_stops=8/8
26 - INFO - chord#: 86 In build_straw_man_chord_sa. tolerance = 1, sa_iterations = 1000, initial_temperature = 3.0, cooling_rate = 0.999
26 - INFO - chord#: 76 done. best_score=27.0, changed=519, unchanged=324, early_stops=8/8
26 - INFO - chord#: 84 In build_straw_man_chord_sa. tolerance = 1, sa_iterations = 1000, initial_temperature = 3.0, cooling_rate = 0.999
26 - INFO - chord#: 76 done. best_score=27.0, changed=531, unchanged=355, early_stops=8/8
26 - INFO - chord#: 84 In build_straw_man_chord_sa. tolerance = 1, sa_iterations = 1000, initial_temperature = 3.0, cooling_rate = 0.999
26 - INFO - chord#: 76 done. best_score=27.0, changed=520, unchanged=308, early_stops=8/8
26 - INFO - chord#: 84 In build_straw_man_chord_sa. tolerance = 1, sa_iterations = 1000, initial_temperature = 3.0, cooling_rate = 0.999
26 - INFO - chord#: 72 done. best_score=27.0, changed=527, unchanged=448, early_stops=8/8
26 - INFO - chord#: 76 In build_straw_man_chord_sa. tolerance = 1, sa_iterations = 1000, initial_temperature = 3.0, cooling_rate = 0.999
26 - INFO - chord#: 64 done. best_score=27.0, changed=528, unchanged=438, early_stops=8/8
26 - INFO - chord#: 68 In build_straw_man_chord_sa. tolerance = 1, sa_iterations = 1000, initial_temperature = 3.0, cooling_rate = 0.999
26 - INFO - chord#: 72 done. best_score=27.0, changed=523, unchanged=407, early_stops=8/8
26 - INFO - chord#: 76 In build_straw_man_chord_sa. tolerance = 1, sa_iterations = 1000, initial_temperature = 3.0, cooling_rate = 0.999
26 - INFO - chord#: 60 done. best_score=27.0, changed=528, unchanged=410, early_stops=8/8
26 - INFO - chord#: 64 In build_straw_man_chord_sa. tolerance = 1, sa_iterations = 1000, initial_temperature = 3.0, cooling_rate = 0.999
26 - INFO - chord#: 84 done. best_score=27.0, changed=521, unchanged=372, early_stops=8/8
26 - INFO - chord#: 86 In build_straw_man_chord_sa. tolerance = 1, sa_iterations = 1000, initial_temperature = 3.0, cooling_rate = 0.999
26 - INFO - chord#: 86 done. best_score=141.0, changed=619, unchanged=368, early_stops=8/8
26 - INFO - chord#: 88 In build_straw_man_chord_sa. tolerance = 1, sa_iterations = 1000, initial_temperature = 3.0, cooling_rate = 0.999
26 - INFO - chord#: 86 done. best_score=96.0, changed=610, unchanged=224, early_stops=8/8
26 - INFO - chord#: 88 In build_straw_man_chord_sa. tolerance = 1, sa_iterations = 1000, initial_temperature = 3.0, cooling_rate = 0.999
26 - INFO - chord#: 88 done. best_score=140.0, changed=612, unchanged=321, early_stops=8/8
26 - INFO - chord#: 90 In build_straw_man_chord_sa. tolerance = 1, sa_iterations = 1000, initial_temperature = 3.0, cooling_rate = 0.999
26 - INFO - chord#: 84 done. best_score=27.0, changed=525, unchanged=370, early_stops=8/8
26 - INFO - chord#: 86 In build_straw_man_chord_sa. tolerance = 1, sa_iterations = 1000, initial_temperature = 3.0, cooling_rate = 0.999
26 - INFO - chord#: 84 done. best_score=27.0, changed=521, unchanged=374, early_stops=8/8
26 - INFO - chord#: 86 In build_straw_man_chord_sa. tolerance = 1, sa_iterations = 1000, initial_temperature = 3.0, cooling_rate = 0.999
26 - INFO - chord#: 86 done. best_score=96.0, changed=615, unchanged=347, early_stops=8/8
26 - INFO - chord#: 88 In build_straw_man_chord_sa. tolerance = 1, sa_iterations = 1000, initial_temperature = 3.0, cooling_rate = 0.999
26 - INFO - chord#: 76 done. best_score=27.0, changed=527, unchanged=402, early_stops=8/8
26 - INFO - chord#: 84 In build_straw_man_chord_sa. tolerance = 1, sa_iterations = 1000, initial_temperature = 3.0, cooling_rate = 0.999
26 - INFO - chord#: 76 done. best_score=27.0, changed=520, unchanged=352, early_stops=8/8
26 - INFO - chord#: 84 In build_straw_man_chord_sa. tolerance = 1, sa_iterations = 1000, initial_temperature = 3.0, cooling_rate = 0.999
26 - INFO - chord#: 68 done. best_score=36.0, changed=519, unchanged=322, early_stops=8/8
26 - INFO - chord#: 72 In build_straw_man_chord_sa. tolerance = 1, sa_iterations = 1000, initial_temperature = 3.0, cooling_rate = 0.999
26 - INFO - chord#: 90 done. best_score=75.0, changed=542, unchanged=272, early_stops=8/8
26 - INFO - chord#: 92 In build_straw_man_chord_sa. tolerance = 1, sa_iterations = 1000, initial_temperature = 3.0, cooling_rate = 0.999
26 - INFO - chord#: 64 done. best_score=27.0, changed=510, unchanged=332, early_stops=8/8
26 - INFO - chord#: 68 In build_straw_man_chord_sa. tolerance = 1, sa_iterations = 1000, initial_temperature = 3.0, cooling_rate = 0.999
26 - INFO - chord#: 86 done. best_score=149.0, changed=613, unchanged=330, early_stops=8/8
26 - INFO - chord#: 88 In build_straw_man_chord_sa. tolerance = 1, sa_iterations = 1000, initial_temperature = 3.0, cooling_rate = 0.999
26 - INFO - chord#: 84 done. best_score=27.0, changed=528, unchanged=325, early_stops=8/8
26 - INFO - chord#: 86 In build_straw_man_chord_sa. tolerance = 1, sa_iterations = 1000, initial_temperature = 3.0, cooling_rate = 0.999
26 - INFO - chord#: 84 done. best_score=27.0, changed=516, unchanged=322, early_stops=8/8
26 - INFO - chord#: 86 In build_straw_man_chord_sa. tolerance = 1, sa_iterations = 1000, initial_temperature = 3.0, cooling_rate = 0.999
26 - INFO - chord#: 72 done. best_score=27.0, changed=517, unchanged=368, early_stops=8/8
26 - INFO - chord#: 76 In build_straw_man_chord_sa. tolerance = 1, sa_iterations = 1000, initial_temperature = 3.0, cooling_rate = 0.999
26 - INFO - chord#: 92 done. best_score=27.0, changed=520, unchanged=526, early_stops=8/8
26 - INFO - chord#: 96 In build_straw_man_chord_sa. tolerance = 1, sa_iterations = 1000, initial_temperature = 3.0, cooling_rate = 0.999
26 - INFO - chord#: 86 done. best_score=74.0, changed=612, unchanged=281, early_stops=8/8
26 - INFO - chord#: 88 In build_straw_man_chord_sa. tolerance = 1, sa_iterations = 1000, initial_temperature = 3.0, cooling_rate = 0.999
26 - INFO - chord#: 76 done. best_score=27.0, changed=527, unchanged=339, early_stops=8/8
26 - INFO - chord#: 84 In build_straw_man_chord_sa. tolerance = 1, sa_iterations = 1000, initial_temperature = 3.0, cooling_rate = 0.999
26 - INFO - chord#: 68 done. best_score=36.0, changed=524, unchanged=558, early_stops=8/8
26 - INFO - chord#: 86 done. best_score=74.0, changed=610, unchanged=261, early_stops=8/8
26 - INFO - chord#: 88 In build_straw_man_chord_sa. tolerance = 1, sa_iterations = 1000, initial_temperature = 3.0, cooling_rate = 0.999
26 - INFO - chord#: 72 In build_straw_man_chord_sa. tolerance = 1, sa_iterations = 1000, initial_temperature = 3.0, cooling_rate = 0.999
26 - INFO - chord#: 88 done. best_score=131.0, changed=612, unchanged=268, early_stops=8/8
26 - INFO - chord#: 90 In build_straw_man_chord_sa. tolerance = 1, sa_iterations = 1000, initial_temperature = 3.0, cooling_rate = 0.999
26 - INFO - chord#: 86 done. best_score=172.0, changed=620, unchanged=251, early_stops=8/8
26 - INFO - chord#: 88 In build_straw_man_chord_sa. tolerance = 1, sa_iterations = 1000, initial_temperature = 3.0, cooling_rate = 0.999
26 - INFO - chord#: 96 done. best_score=27.0, changed=523, unchanged=423, early_stops=8/8
26 - INFO - chord#: 100 In build_straw_man_chord_sa. tolerance = 1, sa_iterations = 1000, initial_temperature = 3.0, cooling_rate = 0.999
26 - INFO - chord#: 88 done. best_score=78.0, changed=611, unchanged=319, early_stops=8/8
26 - INFO - chord#: 90 In build_straw_man_chord_sa. tolerance = 1, sa_iterations = 1000, initial_temperature = 3.0, cooling_rate = 0.999
26 - INFO - chord#: 88 done. best_score=78.0, changed=613, unchanged=342, early_stops=8/8
26 - INFO - chord#: 90 In build_straw_man_chord_sa. tolerance = 1, sa_iterations = 1000, initial_temperature = 3.0, cooling_rate = 0.999
26 - INFO - chord#: 84 done. best_score=27.0, changed=524, unchanged=379, early_stops=8/8
26 - INFO - chord#: 86 In build_straw_man_chord_sa. tolerance = 1, sa_iterations = 1000, initial_temperature = 3.0, cooling_rate = 0.999
26 - INFO - chord#: 86 done. best_score=74.0, changed=608, unchanged=321, early_stops=8/8
26 - INFO - chord#: 88 In build_straw_man_chord_sa. tolerance = 1, sa_iterations = 1000, initial_temperature = 3.0, cooling_rate = 0.999
26 - INFO - chord#: 90 done. best_score=36.0, changed=541, unchanged=318, early_stops=8/8
26 - INFO - chord#: 92 In build_straw_man_chord_sa. tolerance = 1, sa_iterations = 1000, initial_temperature = 3.0, cooling_rate = 0.999
26 - INFO - chord#: 72 done. best_score=27.0, changed=519, unchanged=309, early_stops=8/8
26 - INFO - chord#: 76 In build_straw_man_chord_sa. tolerance = 1, sa_iterations = 1000, initial_temperature = 3.0, cooling_rate = 0.999
26 - INFO - chord#: 86 done. best_score=74.0, changed=613, unchanged=284, early_stops=8/8
26 - INFO - chord#: 88 In build_straw_man_chord_sa. tolerance = 1, sa_iterations = 1000, initial_temperature = 3.0, cooling_rate = 0.999
26 - INFO - chord#: 90 done. best_score=36.0, changed=528, unchanged=288, early_stops=8/8
26 - INFO - chord#: 92 In build_straw_man_chord_sa. tolerance = 1, sa_iterations = 1000, initial_temperature = 3.0, cooling_rate = 0.999
26 - INFO - chord#: 88 done. best_score=78.0, changed=608, unchanged=241, early_stops=8/8
26 - INFO - chord#: 90 In build_straw_man_chord_sa. tolerance = 1, sa_iterations = 1000, initial_temperature = 3.0, cooling_rate = 0.999
26 - INFO - chord#: 90 done. best_score=36.0, changed=535, unchanged=275, early_stops=8/8
26 - INFO - chord#: 92 In build_straw_man_chord_sa. tolerance = 1, sa_iterations = 1000, initial_temperature = 3.0, cooling_rate = 0.999
26 - INFO - chord#: 92 done. best_score=27.0, changed=529, unchanged=519, early_stops=8/8
26 - INFO - chord#: 96 In build_straw_man_chord_sa. tolerance = 1, sa_iterations = 1000, initial_temperature = 3.0, cooling_rate = 0.999
26 - INFO - chord#: 76 done. best_score=27.0, changed=519, unchanged=403, early_stops=8/8
26 - INFO - chord#: 84 In build_straw_man_chord_sa. tolerance = 1, sa_iterations = 1000, initial_temperature = 3.0, cooling_rate = 0.999
26 - INFO - chord#: 88 done. best_score=78.0, changed=617, unchanged=421, early_stops=8/8
26 - INFO - chord#: 90 In build_straw_man_chord_sa. tolerance = 1, sa_iterations = 1000, initial_temperature = 3.0, cooling_rate = 0.999
26 - INFO - chord#: 90 done. best_score=36.0, changed=530, unchanged=374, early_stops=8/8
26 - INFO - chord#: 92 In build_straw_man_chord_sa. tolerance = 1, sa_iterations = 1000, initial_temperature = 3.0, cooling_rate = 0.999
26 - INFO - chord#: 100 done. best_score=137.0, changed=613, unchanged=295, early_stops=8/8
26 - INFO - chord#: 104 In build_straw_man_chord_sa. tolerance = 1, sa_iterations = 1000, initial_temperature = 3.0, cooling_rate = 0.999
26 - INFO - chord#: 92 done. best_score=27.0, changed=520, unchanged=373, early_stops=8/8
26 - INFO - chord#: 96 In build_straw_man_chord_sa. tolerance = 1, sa_iterations = 1000, initial_temperature = 3.0, cooling_rate = 0.999
26 - INFO - chord#: 88 done. best_score=78.0, changed=616, unchanged=516, early_stops=8/8
26 - INFO - chord#: 90 In build_straw_man_chord_sa. tolerance = 1, sa_iterations = 1000, initial_temperature = 3.0, cooling_rate = 0.999
26 - INFO - chord#: 88 done. best_score=119.0, changed=613, unchanged=241, early_stops=8/8
26 - INFO - chord#: 90 In build_straw_man_chord_sa. tolerance = 1, sa_iterations = 1000, initial_temperature = 3.0, cooling_rate = 0.999
26 - INFO - chord#: 92 done. best_score=27.0, changed=524, unchanged=541, early_stops=8/8
26 - INFO - chord#: 96 In build_straw_man_chord_sa. tolerance = 1, sa_iterations = 1000, initial_temperature = 3.0, cooling_rate = 0.999
26 - INFO - chord#: 96 done. best_score=27.0, changed=515, unchanged=445, early_stops=8/8
26 - INFO - chord#: 100 In build_straw_man_chord_sa. tolerance = 1, sa_iterations = 1000, initial_temperature = 3.0, cooling_rate = 0.999
26 - INFO - chord#: 84 done. best_score=27.0, changed=513, unchanged=358, early_stops=8/8
26 - INFO - chord#: 86 In build_straw_man_chord_sa. tolerance = 1, sa_iterations = 1000, initial_temperature = 3.0, cooling_rate = 0.999
26 - INFO - chord#: 90 done. best_score=36.0, changed=521, unchanged=299, early_stops=8/8
26 - INFO - chord#: 92 In build_straw_man_chord_sa. tolerance = 1, sa_iterations = 1000, initial_temperature = 3.0, cooling_rate = 0.999
26 - INFO - chord#: 104 done. best_score=36.0, changed=520, unchanged=308, early_stops=8/8
26 - INFO - chord#: 108 In build_straw_man_chord_sa. tolerance = 1, sa_iterations = 1000, initial_temperature = 3.0, cooling_rate = 0.999
26 - INFO - chord#: 92 done. best_score=27.0, changed=515, unchanged=371, early_stops=8/8
26 - INFO - chord#: 96 In build_straw_man_chord_sa. tolerance = 1, sa_iterations = 1000, initial_temperature = 3.0, cooling_rate = 0.999
26 - INFO - chord#: 88 done. best_score=131.0, changed=611, unchanged=389, early_stops=8/8
26 - INFO - chord#: 90 In build_straw_man_chord_sa. tolerance = 1, sa_iterations = 1000, initial_temperature = 3.0, cooling_rate = 0.999
26 - INFO - chord#: 90 done. best_score=36.0, changed=515, unchanged=295, early_stops=8/8
26 - INFO - chord#: 92 In build_straw_man_chord_sa. tolerance = 1, sa_iterations = 1000, initial_temperature = 3.0, cooling_rate = 0.999
26 - INFO - chord#: 86 done. best_score=74.0, changed=616, unchanged=358, early_stops=8/8
26 - INFO - chord#: 88 In build_straw_man_chord_sa. tolerance = 1, sa_iterations = 1000, initial_temperature = 3.0, cooling_rate = 0.999
26 - INFO - chord#: 90 done. best_score=36.0, changed=523, unchanged=378, early_stops=8/8
26 - INFO - chord#: 92 In build_straw_man_chord_sa. tolerance = 1, sa_iterations = 1000, initial_temperature = 3.0, cooling_rate = 0.999
26 - INFO - chord#: 96 done. best_score=27.0, changed=516, unchanged=330, early_stops=8/8
26 - INFO - chord#: 100 In build_straw_man_chord_sa. tolerance = 1, sa_iterations = 1000, initial_temperature = 3.0, cooling_rate = 0.999
26 - INFO - chord#: 88 done. best_score=78.0, changed=616, unchanged=527, early_stops=8/8
26 - INFO - chord#: 90 In build_straw_man_chord_sa. tolerance = 1, sa_iterations = 1000, initial_temperature = 3.0, cooling_rate = 0.999
26 - INFO - chord#: 96 done. best_score=27.0, changed=514, unchanged=367, early_stops=8/8
26 - INFO - chord#: 100 In build_straw_man_chord_sa. tolerance = 1, sa_iterations = 1000, initial_temperature = 3.0, cooling_rate = 0.999
26 - INFO - chord#: 90 done. best_score=36.0, changed=532, unchanged=302, early_stops=8/8
26 - INFO - chord#: 92 In build_straw_man_chord_sa. tolerance = 1, sa_iterations = 1000, initial_temperature = 3.0, cooling_rate = 0.999
26 - INFO - chord#: 92 done. best_score=27.0, changed=519, unchanged=379, early_stops=8/8
26 - INFO - chord#: 96 In build_straw_man_chord_sa. tolerance = 1, sa_iterations = 1000, initial_temperature = 3.0, cooling_rate = 0.999
26 - INFO - chord#: 96 done. best_score=27.0, changed=519, unchanged=447, early_stops=8/8
26 - INFO - chord#: 100 In build_straw_man_chord_sa. tolerance = 1, sa_iterations = 1000, initial_temperature = 3.0, cooling_rate = 0.999
26 - INFO - chord#: 108 done. best_score=27.0, changed=524, unchanged=530, early_stops=8/8
26 - INFO - chord#: 110 In build_straw_man_chord_sa. tolerance = 1, sa_iterations = 1000, initial_temperature = 3.0, cooling_rate = 0.999
26 - INFO - chord#: 92 done. best_score=27.0, changed=531, unchanged=507, early_stops=8/8
26 - INFO - chord#: 96 In build_straw_man_chord_sa. tolerance = 1, sa_iterations = 1000, initial_temperature = 3.0, cooling_rate = 0.999
26 - INFO - chord#: 90 done. best_score=36.0, changed=525, unchanged=395, early_stops=8/8
26 - INFO - chord#: 92 In build_straw_man_chord_sa. tolerance = 1, sa_iterations = 1000, initial_temperature = 3.0, cooling_rate = 0.999
26 - INFO - chord#: 92 done. best_score=27.0, changed=534, unchanged=674, early_stops=8/8
26 - INFO - chord#: 96 In build_straw_man_chord_sa. tolerance = 1, sa_iterations = 1000, initial_temperature = 3.0, cooling_rate = 0.999
26 - INFO - chord#: 92 done. best_score=27.0, changed=512, unchanged=328, early_stops=8/8
26 - INFO - chord#: 96 In build_straw_man_chord_sa. tolerance = 1, sa_iterations = 1000, initial_temperature = 3.0, cooling_rate = 0.999
26 - INFO - chord#: 100 done. best_score=137.0, changed=620, unchanged=392, early_stops=8/8
26 - INFO - chord#: 104 In build_straw_man_chord_sa. tolerance = 1, sa_iterations = 1000, initial_temperature = 3.0, cooling_rate = 0.999
26 - INFO - chord#: 96 done. best_score=27.0, changed=516, unchanged=441, early_stops=8/8
26 - INFO - chord#: 100 In build_straw_man_chord_sa. tolerance = 1, sa_iterations = 1000, initial_temperature = 3.0, cooling_rate = 0.999
26 - INFO - chord#: 96 done. best_score=27.0, changed=519, unchanged=454, early_stops=8/8
26 - INFO - chord#: 100 In build_straw_man_chord_sa. tolerance = 1, sa_iterations = 1000, initial_temperature = 3.0, cooling_rate = 0.999
26 - INFO - chord#: 92 done. best_score=27.0, changed=527, unchanged=421, early_stops=8/8
26 - INFO - chord#: 96 In build_straw_man_chord_sa. tolerance = 1, sa_iterations = 1000, initial_temperature = 3.0, cooling_rate = 0.999
26 - INFO - chord#: 86 done. best_score=96.0, changed=613, unchanged=305, early_stops=8/8
26 - INFO - chord#: 88 In build_straw_man_chord_sa. tolerance = 1, sa_iterations = 1000, initial_temperature = 3.0, cooling_rate = 0.999
26 - INFO - chord#: 96 done. best_score=27.0, changed=522, unchanged=445, early_stops=8/8
26 - INFO - chord#: 100 In build_straw_man_chord_sa. tolerance = 1, sa_iterations = 1000, initial_temperature = 3.0, cooling_rate = 0.999
26 - INFO - chord#: 104 done. best_score=36.0, changed=528, unchanged=454, early_stops=8/8
26 - INFO - chord#: 108 In build_straw_man_chord_sa. tolerance = 1, sa_iterations = 1000, initial_temperature = 3.0, cooling_rate = 0.999
26 - INFO - chord#: 100 done. best_score=137.0, changed=610, unchanged=330, early_stops=8/8
26 - INFO - chord#: 104 In build_straw_man_chord_sa. tolerance = 1, sa_iterations = 1000, initial_temperature = 3.0, cooling_rate = 0.999
26 - INFO - chord#: 100 done. best_score=129.0, changed=613, unchanged=375, early_stops=8/8
26 - INFO - chord#: 104 In build_straw_man_chord_sa. tolerance = 1, sa_iterations = 1000, initial_temperature = 3.0, cooling_rate = 0.999
26 - INFO - chord#: 96 done. best_score=27.0, changed=521, unchanged=563, early_stops=8/8
26 - INFO - chord#: 100 In build_straw_man_chord_sa. tolerance = 1, sa_iterations = 1000, initial_temperature = 3.0, cooling_rate = 0.999
26 - INFO - chord#: 110 done. best_score=64.0, changed=613, unchanged=335, early_stops=8/8
26 - INFO - chord#: 112 In build_straw_man_chord_sa. tolerance = 1, sa_iterations = 1000, initial_temperature = 3.0, cooling_rate = 0.999
26 - INFO - chord#: 96 done. best_score=27.0, changed=516, unchanged=340, early_stops=8/8
26 - INFO - chord#: 100 In build_straw_man_chord_sa. tolerance = 1, sa_iterations = 1000, initial_temperature = 3.0, cooling_rate = 0.999
26 - INFO - chord#: 88 done. best_score=125.0, changed=617, unchanged=418, early_stops=8/8
26 - INFO - chord#: 90 In build_straw_man_chord_sa. tolerance = 1, sa_iterations = 1000, initial_temperature = 3.0, cooling_rate = 0.999
26 - INFO - chord#: 104 done. best_score=36.0, changed=526, unchanged=325, early_stops=8/8
26 - INFO - chord#: 108 In build_straw_man_chord_sa. tolerance = 1, sa_iterations = 1000, initial_temperature = 3.0, cooling_rate = 0.999
26 - INFO - chord#: 100 done. best_score=67.0, changed=612, unchanged=370, early_stops=8/8
26 - INFO - chord#: 104 In build_straw_man_chord_sa. tolerance = 1, sa_iterations = 1000, initial_temperature = 3.0, cooling_rate = 0.999
26 - INFO - chord#: 112 done. best_score=27.0, changed=518, unchanged=349, early_stops=8/8
26 - INFO - chord#: 114 In build_straw_man_chord_sa. tolerance = 1, sa_iterations = 1000, initial_temperature = 3.0, cooling_rate = 0.999
26 - INFO - chord#: 108 done. best_score=27.0, changed=522, unchanged=394, early_stops=8/8
26 - INFO - chord#: 110 In build_straw_man_chord_sa. tolerance = 1, sa_iterations = 1000, initial_temperature = 3.0, cooling_rate = 0.999
26 - INFO - chord#: 104 done. best_score=36.0, changed=529, unchanged=427, early_stops=8/8
26 - INFO - chord#: 108 In build_straw_man_chord_sa. tolerance = 1, sa_iterations = 1000, initial_temperature = 3.0, cooling_rate = 0.999
26 - INFO - chord#: 100 done. best_score=67.0, changed=611, unchanged=339, early_stops=8/8
26 - INFO - chord#: 104 In build_straw_man_chord_sa. tolerance = 1, sa_iterations = 1000, initial_temperature = 3.0, cooling_rate = 0.999
26 - INFO - chord#: 90 done. best_score=36.0, changed=542, unchanged=382, early_stops=8/8
26 - INFO - chord#: 92 In build_straw_man_chord_sa. tolerance = 1, sa_iterations = 1000, initial_temperature = 3.0, cooling_rate = 0.999
26 - INFO - chord#: 100 done. best_score=137.0, changed=618, unchanged=291, early_stops=8/8
26 - INFO - chord#: 104 In build_straw_man_chord_sa. tolerance = 1, sa_iterations = 1000, initial_temperature = 3.0, cooling_rate = 0.999
26 - INFO - chord#: 88 done. best_score=78.0, changed=606, unchanged=263, early_stops=8/8
26 - INFO - chord#: 90 In build_straw_man_chord_sa. tolerance = 1, sa_iterations = 1000, initial_temperature = 3.0, cooling_rate = 0.999
26 - INFO - chord#: 108 done. best_score=27.0, changed=521, unchanged=409, early_stops=8/8
26 - INFO - chord#: 110 In build_straw_man_chord_sa. tolerance = 1, sa_iterations = 1000, initial_temperature = 3.0, cooling_rate = 0.999
26 - INFO - chord#: 114 done. best_score=27.0, changed=513, unchanged=368, early_stops=8/8
26 - INFO - chord#: 116 In build_straw_man_chord_sa. tolerance = 1, sa_iterations = 1000, initial_temperature = 3.0, cooling_rate = 0.999
26 - INFO - chord#: 104 done. best_score=36.0, changed=525, unchanged=401, early_stops=8/8
26 - INFO - chord#: 108 In build_straw_man_chord_sa. tolerance = 1, sa_iterations = 1000, initial_temperature = 3.0, cooling_rate = 0.999
26 - INFO - chord#: 104 done. best_score=36.0, changed=525, unchanged=340, early_stops=8/8
26 - INFO - chord#: 108 In build_straw_man_chord_sa. tolerance = 1, sa_iterations = 1000, initial_temperature = 3.0, cooling_rate = 0.999
26 - INFO - chord#: 100 done. best_score=78.0, changed=614, unchanged=417, early_stops=8/8
26 - INFO - chord#: 104 In build_straw_man_chord_sa. tolerance = 1, sa_iterations = 1000, initial_temperature = 3.0, cooling_rate = 0.999
26 - INFO - chord#: 100 done. best_score=78.0, changed=610, unchanged=362, early_stops=8/8
26 - INFO - chord#: 104 In build_straw_man_chord_sa. tolerance = 1, sa_iterations = 1000, initial_temperature = 3.0, cooling_rate = 0.999
26 - INFO - chord#: 104 done. best_score=36.0, changed=529, unchanged=511, early_stops=8/8
26 - INFO - chord#: 108 In build_straw_man_chord_sa. tolerance = 1, sa_iterations = 1000, initial_temperature = 3.0, cooling_rate = 0.999
26 - INFO - chord#: 92 done. best_score=27.0, changed=524, unchanged=464, early_stops=8/8
26 - INFO - chord#: 96 In build_straw_man_chord_sa. tolerance = 1, sa_iterations = 1000, initial_temperature = 3.0, cooling_rate = 0.999
26 - INFO - chord#: 90 done. best_score=36.0, changed=545, unchanged=287, early_stops=8/8
26 - INFO - chord#: 92 In build_straw_man_chord_sa. tolerance = 1, sa_iterations = 1000, initial_temperature = 3.0, cooling_rate = 0.999
26 - INFO - chord#: 108 done. best_score=27.0, changed=528, unchanged=594, early_stops=8/8
26 - INFO - chord#: 110 In build_straw_man_chord_sa. tolerance = 1, sa_iterations = 1000, initial_temperature = 3.0, cooling_rate = 0.999
26 - INFO - chord#: 116 done. best_score=31.0, changed=522, unchanged=375, early_stops=8/8
26 - INFO - chord#: 120 In build_straw_man_chord_sa. tolerance = 1, sa_iterations = 1000, initial_temperature = 3.0, cooling_rate = 0.999
26 - INFO - chord#: 108 done. best_score=27.0, changed=526, unchanged=372, early_stops=8/8
26 - INFO - chord#: 110 In build_straw_man_chord_sa. tolerance = 1, sa_iterations = 1000, initial_temperature = 3.0, cooling_rate = 0.999
26 - INFO - chord#: 100 done. best_score=167.0, changed=609, unchanged=382, early_stops=8/8
26 - INFO - chord#: 104 In build_straw_man_chord_sa. tolerance = 1, sa_iterations = 1000, initial_temperature = 3.0, cooling_rate = 0.999
26 - INFO - chord#: 104 done. best_score=36.0, changed=526, unchanged=304, early_stops=8/8
26 - INFO - chord#: 108 In build_straw_man_chord_sa. tolerance = 1, sa_iterations = 1000, initial_temperature = 3.0, cooling_rate = 0.999
26 - INFO - chord#: 108 done. best_score=27.0, changed=528, unchanged=471, early_stops=8/8
26 - INFO - chord#: 110 In build_straw_man_chord_sa. tolerance = 1, sa_iterations = 1000, initial_temperature = 3.0, cooling_rate = 0.999
26 - INFO - chord#: 104 done. best_score=36.0, changed=526, unchanged=425, early_stops=8/8
26 - INFO - chord#: 108 In build_straw_man_chord_sa. tolerance = 1, sa_iterations = 1000, initial_temperature = 3.0, cooling_rate = 0.999
26 - INFO - chord#: 110 done. best_score=71.0, changed=616, unchanged=457, early_stops=8/8
26 - INFO - chord#: 112 In build_straw_man_chord_sa. tolerance = 1, sa_iterations = 1000, initial_temperature = 3.0, cooling_rate = 0.999
26 - INFO - chord#: 108 done. best_score=27.0, changed=522, unchanged=539, early_stops=8/8
26 - INFO - chord#: 110 In build_straw_man_chord_sa. tolerance = 1, sa_iterations = 1000, initial_temperature = 3.0, cooling_rate = 0.999
26 - INFO - chord#: 120 done. best_score=27.0, changed=515, unchanged=384, early_stops=8/8
26 - INFO - chord#: 122 In build_straw_man_chord_sa. tolerance = 1, sa_iterations = 1000, initial_temperature = 3.0, cooling_rate = 0.999
26 - INFO - chord#: 92 done. best_score=27.0, changed=515, unchanged=319, early_stops=8/8
26 - INFO - chord#: 96 In build_straw_man_chord_sa. tolerance = 1, sa_iterations = 1000, initial_temperature = 3.0, cooling_rate = 0.999
26 - INFO - chord#: 96 done. best_score=27.0, changed=521, unchanged=475, early_stops=8/8
26 - INFO - chord#: 100 In build_straw_man_chord_sa. tolerance = 1, sa_iterations = 1000, initial_temperature = 3.0, cooling_rate = 0.999
26 - INFO - chord#: 104 done. best_score=36.0, changed=514, unchanged=295, early_stops=8/8
26 - INFO - chord#: 108 In build_straw_man_chord_sa. tolerance = 1, sa_iterations = 1000, initial_temperature = 3.0, cooling_rate = 0.999
26 - INFO - chord#: 110 done. best_score=154.0, changed=612, unchanged=348, early_stops=8/8
26 - INFO - chord#: 112 In build_straw_man_chord_sa. tolerance = 1, sa_iterations = 1000, initial_temperature = 3.0, cooling_rate = 0.999
26 - INFO - chord#: 108 done. best_score=27.0, changed=526, unchanged=538, early_stops=8/8
26 - INFO - chord#: 110 In build_straw_man_chord_sa. tolerance = 1, sa_iterations = 1000, initial_temperature = 3.0, cooling_rate = 0.999
26 - INFO - chord#: 112 done. best_score=27.0, changed=538, unchanged=453, early_stops=8/8
26 - INFO - chord#: 114 In build_straw_man_chord_sa. tolerance = 1, sa_iterations = 1000, initial_temperature = 3.0, cooling_rate = 0.999
26 - INFO - chord#: 108 done. best_score=27.0, changed=516, unchanged=433, early_stops=8/8
26 - INFO - chord#: 110 In build_straw_man_chord_sa. tolerance = 1, sa_iterations = 1000, initial_temperature = 3.0, cooling_rate = 0.999
26 - INFO - chord#: 96 done. best_score=27.0, changed=522, unchanged=362, early_stops=8/8
26 - INFO - chord#: 100 In build_straw_man_chord_sa. tolerance = 1, sa_iterations = 1000, initial_temperature = 3.0, cooling_rate = 0.999
26 - INFO - chord#: 112 done. best_score=27.0, changed=521, unchanged=438, early_stops=8/8
26 - INFO - chord#: 114 In build_straw_man_chord_sa. tolerance = 1, sa_iterations = 1000, initial_temperature = 3.0, cooling_rate = 0.999
26 - INFO - chord#: 108 done. best_score=27.0, changed=517, unchanged=318, early_stops=8/8
26 - INFO - chord#: 110 In build_straw_man_chord_sa. tolerance = 1, sa_iterations = 1000, initial_temperature = 3.0, cooling_rate = 0.999
26 - INFO - chord#: 110 done. best_score=146.0, changed=617, unchanged=349, early_stops=8/8
26 - INFO - chord#: 112 In build_straw_man_chord_sa. tolerance = 1, sa_iterations = 1000, initial_temperature = 3.0, cooling_rate = 0.999
26 - INFO - chord#: 114 done. best_score=27.0, changed=512, unchanged=445, early_stops=8/8
26 - INFO - chord#: 116 In build_straw_man_chord_sa. tolerance = 1, sa_iterations = 1000, initial_temperature = 3.0, cooling_rate = 0.999
26 - INFO - chord#: 110 done. best_score=71.0, changed=613, unchanged=380, early_stops=8/8
26 - INFO - chord#: 112 In build_straw_man_chord_sa. tolerance = 1, sa_iterations = 1000, initial_temperature = 3.0, cooling_rate = 0.999
26 - INFO - chord#: 110 done. best_score=64.0, changed=612, unchanged=346, early_stops=8/8
26 - INFO - chord#: 112 In build_straw_man_chord_sa. tolerance = 1, sa_iterations = 1000, initial_temperature = 3.0, cooling_rate = 0.999
26 - INFO - chord#: 114 done. best_score=27.0, changed=509, unchanged=334, early_stops=8/8
26 - INFO - chord#: 116 In build_straw_man_chord_sa. tolerance = 1, sa_iterations = 1000, initial_temperature = 3.0, cooling_rate = 0.999
26 - INFO - chord#: 122 done. best_score=67.0, changed=610, unchanged=318, early_stops=8/8
26 - INFO - chord#: 124 In build_straw_man_chord_sa. tolerance = 1, sa_iterations = 1000, initial_temperature = 3.0, cooling_rate = 0.999
26 - INFO - chord#: 110 done. best_score=64.0, changed=611, unchanged=315, early_stops=8/8
26 - INFO - chord#: 112 In build_straw_man_chord_sa. tolerance = 1, sa_iterations = 1000, initial_temperature = 3.0, cooling_rate = 0.999
26 - INFO - chord#: 112 done. best_score=36.0, changed=526, unchanged=412, early_stops=8/8
26 - INFO - chord#: 114 In build_straw_man_chord_sa. tolerance = 1, sa_iterations = 1000, initial_temperature = 3.0, cooling_rate = 0.999
26 - INFO - chord#: 116 done. best_score=31.0, changed=522, unchanged=360, early_stops=8/8
26 - INFO - chord#: 120 In build_straw_man_chord_sa. tolerance = 1, sa_iterations = 1000, initial_temperature = 3.0, cooling_rate = 0.999
26 - INFO - chord#: 110 done. best_score=140.0, changed=612, unchanged=294, early_stops=8/8
26 - INFO - chord#: 112 In build_straw_man_chord_sa. tolerance = 1, sa_iterations = 1000, initial_temperature = 3.0, cooling_rate = 0.999
26 - INFO - chord#: 112 done. best_score=27.0, changed=520, unchanged=422, early_stops=8/8
26 - INFO - chord#: 114 In build_straw_man_chord_sa. tolerance = 1, sa_iterations = 1000, initial_temperature = 3.0, cooling_rate = 0.999
26 - INFO - chord#: 112 done. best_score=27.0, changed=521, unchanged=317, early_stops=8/8
26 - INFO - chord#: 114 In build_straw_man_chord_sa. tolerance = 1, sa_iterations = 1000, initial_temperature = 3.0, cooling_rate = 0.999
26 - INFO - chord#: 100 done. best_score=67.0, changed=613, unchanged=339, early_stops=8/8
26 - INFO - chord#: 104 In build_straw_man_chord_sa. tolerance = 1, sa_iterations = 1000, initial_temperature = 3.0, cooling_rate = 0.999
26 - INFO - chord#: 116 done. best_score=31.0, changed=520, unchanged=386, early_stops=8/8
26 - INFO - chord#: 120 In build_straw_man_chord_sa. tolerance = 1, sa_iterations = 1000, initial_temperature = 3.0, cooling_rate = 0.999
26 - INFO - chord#: 124 done. best_score=27.0, changed=522, unchanged=363, early_stops=8/8
26 - INFO - chord#: 114 done. best_score=57.0, changed=517, unchanged=315, early_stops=8/8
26 - INFO - chord#: 116 In build_straw_man_chord_sa. tolerance = 1, sa_iterations = 1000, initial_temperature = 3.0, cooling_rate = 0.999
26 - INFO - chord#: 110 done. best_score=64.0, changed=610, unchanged=239, early_stops=8/8
26 - INFO - chord#: 112 In build_straw_man_chord_sa. tolerance = 1, sa_iterations = 1000, initial_temperature = 3.0, cooling_rate = 0.999
26 - INFO - chord#: 120 done. best_score=27.0, changed=524, unchanged=364, early_stops=8/8
26 - INFO - chord#: 122 In build_straw_man_chord_sa. tolerance = 1, sa_iterations = 1000, initial_temperature = 3.0, cooling_rate = 0.999
26 - INFO - chord#: 112 done. best_score=27.0, changed=522, unchanged=364, early_stops=8/8
26 - INFO - chord#: 114 In build_straw_man_chord_sa. tolerance = 1, sa_iterations = 1000, initial_temperature = 3.0, cooling_rate = 0.999
26 - INFO - chord#: 112 done. best_score=36.0, changed=515, unchanged=319, early_stops=8/8
26 - INFO - chord#: 114 In build_straw_man_chord_sa. tolerance = 1, sa_iterations = 1000, initial_temperature = 3.0, cooling_rate = 0.999
26 - INFO - chord#: 114 done. best_score=27.0, changed=526, unchanged=466, early_stops=8/8
26 - INFO - chord#: 116 In build_straw_man_chord_sa. tolerance = 1, sa_iterations = 1000, initial_temperature = 3.0, cooling_rate = 0.999
26 - INFO - chord#: 104 done. best_score=36.0, changed=517, unchanged=325, early_stops=8/8
26 - INFO - chord#: 108 In build_straw_man_chord_sa. tolerance = 1, sa_iterations = 1000, initial_temperature = 3.0, cooling_rate = 0.999
26 - INFO - chord#: 120 done. best_score=27.0, changed=523, unchanged=445, early_stops=8/8
26 - INFO - chord#: 122 In build_straw_man_chord_sa. tolerance = 1, sa_iterations = 1000, initial_temperature = 3.0, cooling_rate = 0.999
26 - INFO - chord#: 110 done. best_score=64.0, changed=609, unchanged=313, early_stops=8/8
26 - INFO - chord#: 112 In build_straw_man_chord_sa. tolerance = 1, sa_iterations = 1000, initial_temperature = 3.0, cooling_rate = 0.999
26 - INFO - chord#: 114 done. best_score=27.0, changed=520, unchanged=387, early_stops=8/8
26 - INFO - chord#: 116 In build_straw_man_chord_sa. tolerance = 1, sa_iterations = 1000, initial_temperature = 3.0, cooling_rate = 0.999
26 - INFO - chord#: 100 done. best_score=67.0, changed=615, unchanged=383, early_stops=8/8
26 - INFO - chord#: 104 In build_straw_man_chord_sa. tolerance = 1, sa_iterations = 1000, initial_temperature = 3.0, cooling_rate = 0.999
26 - INFO - chord#: 116 done. best_score=31.0, changed=533, unchanged=398, early_stops=8/8
26 - INFO - chord#: 120 In build_straw_man_chord_sa. tolerance = 1, sa_iterations = 1000, initial_temperature = 3.0, cooling_rate = 0.999
26 - INFO - chord#: 114 done. best_score=57.0, changed=530, unchanged=374, early_stops=8/8
26 - INFO - chord#: 116 In build_straw_man_chord_sa. tolerance = 1, sa_iterations = 1000, initial_temperature = 3.0, cooling_rate = 0.999
26 - INFO - chord#: 112 done. best_score=27.0, changed=527, unchanged=364, early_stops=8/8
26 - INFO - chord#: 114 In build_straw_man_chord_sa. tolerance = 1, sa_iterations = 1000, initial_temperature = 3.0, cooling_rate = 0.999
26 - INFO - chord#: 114 done. best_score=27.0, changed=514, unchanged=397, early_stops=8/8
26 - INFO - chord#: 116 In build_straw_man_chord_sa. tolerance = 1, sa_iterations = 1000, initial_temperature = 3.0, cooling_rate = 0.999
26 - INFO - chord#: 116 done. best_score=31.0, changed=522, unchanged=319, early_stops=8/8
26 - INFO - chord#: 120 In build_straw_man_chord_sa. tolerance = 1, sa_iterations = 1000, initial_temperature = 3.0, cooling_rate = 0.999
26 - INFO - chord#: 108 done. best_score=27.0, changed=516, unchanged=379, early_stops=8/8
26 - INFO - chord#: 110 In build_straw_man_chord_sa. tolerance = 1, sa_iterations = 1000, initial_temperature = 3.0, cooling_rate = 0.999
26 - INFO - chord#: 120 done. best_score=27.0, changed=528, unchanged=399, early_stops=8/8
26 - INFO - chord#: 122 In build_straw_man_chord_sa. tolerance = 1, sa_iterations = 1000, initial_temperature = 3.0, cooling_rate = 0.999
26 - INFO - chord#: 112 done. best_score=27.0, changed=521, unchanged=359, early_stops=8/8
26 - INFO - chord#: 114 In build_straw_man_chord_sa. tolerance = 1, sa_iterations = 1000, initial_temperature = 3.0, cooling_rate = 0.999
26 - INFO - chord#: 104 done. best_score=36.0, changed=528, unchanged=409, early_stops=8/8
26 - INFO - chord#: 108 In build_straw_man_chord_sa. tolerance = 1, sa_iterations = 1000, initial_temperature = 3.0, cooling_rate = 0.999
26 - INFO - chord#: 116 done. best_score=31.0, changed=548, unchanged=362, early_stops=8/8
26 - INFO - chord#: 120 In build_straw_man_chord_sa. tolerance = 1, sa_iterations = 1000, initial_temperature = 3.0, cooling_rate = 0.999
26 - INFO - chord#: 116 done. best_score=31.0, changed=526, unchanged=387, early_stops=8/8
26 - INFO - chord#: 120 In build_straw_man_chord_sa. tolerance = 1, sa_iterations = 1000, initial_temperature = 3.0, cooling_rate = 0.999
26 - INFO - chord#: 114 done. best_score=27.0, changed=519, unchanged=348, early_stops=8/8
26 - INFO - chord#: 116 In build_straw_man_chord_sa. tolerance = 1, sa_iterations = 1000, initial_temperature = 3.0, cooling_rate = 0.999
26 - INFO - chord#: 120 done. best_score=27.0, changed=524, unchanged=404, early_stops=8/8
26 - INFO - chord#: 122 In build_straw_man_chord_sa. tolerance = 1, sa_iterations = 1000, initial_temperature = 3.0, cooling_rate = 0.999
26 - INFO - chord#: 122 done. best_score=125.0, changed=605, unchanged=202, early_stops=8/8
26 - INFO - chord#: 116 done. best_score=31.0, changed=525, unchanged=356, early_stops=8/8
26 - INFO - chord#: 124 In build_straw_man_chord_sa. tolerance = 1, sa_iterations = 1000, initial_temperature = 3.0, cooling_rate = 0.999
26 - INFO - chord#: 120 In build_straw_man_chord_sa. tolerance = 1, sa_iterations = 1000, initial_temperature = 3.0, cooling_rate = 0.999
26 - INFO - chord#: 122 done. best_score=67.0, changed=618, unchanged=432, early_stops=8/8
26 - INFO - chord#: 124 In build_straw_man_chord_sa. tolerance = 1, sa_iterations = 1000, initial_temperature = 3.0, cooling_rate = 0.999
26 - INFO - chord#: 120 done. best_score=27.0, changed=526, unchanged=377, early_stops=8/8
26 - INFO - chord#: 122 In build_straw_man_chord_sa. tolerance = 1, sa_iterations = 1000, initial_temperature = 3.0, cooling_rate = 0.999
26 - INFO - chord#: 120 done. best_score=27.0, changed=522, unchanged=366, early_stops=8/8
26 - INFO - chord#: 122 In build_straw_man_chord_sa. tolerance = 1, sa_iterations = 1000, initial_temperature = 3.0, cooling_rate = 0.999
26 - INFO - chord#: 114 done. best_score=27.0, changed=517, unchanged=443, early_stops=8/8
26 - INFO - chord#: 116 In build_straw_man_chord_sa. tolerance = 1, sa_iterations = 1000, initial_temperature = 3.0, cooling_rate = 0.999
26 - INFO - chord#: 116 done. best_score=31.0, changed=524, unchanged=350, early_stops=8/8
26 - INFO - chord#: 120 In build_straw_man_chord_sa. tolerance = 1, sa_iterations = 1000, initial_temperature = 3.0, cooling_rate = 0.999
26 - INFO - chord#: 124 done. best_score=27.0, changed=516, unchanged=369, early_stops=8/8
26 - INFO - chord#: 108 done. best_score=27.0, changed=530, unchanged=537, early_stops=8/8
26 - INFO - chord#: 110 In build_straw_man_chord_sa. tolerance = 1, sa_iterations = 1000, initial_temperature = 3.0, cooling_rate = 0.999
26 - INFO - chord#: 110 done. best_score=172.0, changed=609, unchanged=239, early_stops=8/8
26 - INFO - chord#: 112 In build_straw_man_chord_sa. tolerance = 1, sa_iterations = 1000, initial_temperature = 3.0, cooling_rate = 0.999
26 - INFO - chord#: 120 done. best_score=27.0, changed=525, unchanged=409, early_stops=8/8
26 - INFO - chord#: 122 In build_straw_man_chord_sa. tolerance = 1, sa_iterations = 1000, initial_temperature = 3.0, cooling_rate = 0.999
26 - INFO - chord#: 124 done. best_score=27.0, changed=519, unchanged=371, early_stops=8/8
26 - INFO - chord#: 116 done. best_score=31.0, changed=521, unchanged=318, early_stops=8/8
26 - INFO - chord#: 120 In build_straw_man_chord_sa. tolerance = 1, sa_iterations = 1000, initial_temperature = 3.0, cooling_rate = 0.999
26 - INFO - chord#: 112 done. best_score=27.0, changed=526, unchanged=316, early_stops=8/8
26 - INFO - chord#: 114 In build_straw_man_chord_sa. tolerance = 1, sa_iterations = 1000, initial_temperature = 3.0, cooling_rate = 0.999
26 - INFO - chord#: 122 done. best_score=67.0, changed=612, unchanged=376, early_stops=8/8
26 - INFO - chord#: 124 In build_straw_man_chord_sa. tolerance = 1, sa_iterations = 1000, initial_temperature = 3.0, cooling_rate = 0.999
26 - INFO - chord#: 122 done. best_score=67.0, changed=610, unchanged=279, early_stops=8/8
26 - INFO - chord#: 124 In build_straw_man_chord_sa. tolerance = 1, sa_iterations = 1000, initial_temperature = 3.0, cooling_rate = 0.999
26 - INFO - chord#: 120 done. best_score=27.0, changed=516, unchanged=357, early_stops=8/8
26 - INFO - chord#: 122 In build_straw_man_chord_sa. tolerance = 1, sa_iterations = 1000, initial_temperature = 3.0, cooling_rate = 0.999
26 - INFO - chord#: 120 done. best_score=27.0, changed=522, unchanged=402, early_stops=8/8
26 - INFO - chord#: 122 In build_straw_man_chord_sa. tolerance = 1, sa_iterations = 1000, initial_temperature = 3.0, cooling_rate = 0.999
26 - INFO - chord#: 122 done. best_score=137.0, changed=610, unchanged=244, early_stops=8/8
26 - INFO - chord#: 124 In build_straw_man_chord_sa. tolerance = 1, sa_iterations = 1000, initial_temperature = 3.0, cooling_rate = 0.999
26 - INFO - chord#: 122 done. best_score=157.0, changed=610, unchanged=319, early_stops=8/8
26 - INFO - chord#: 124 In build_straw_man_chord_sa. tolerance = 1, sa_iterations = 1000, initial_temperature = 3.0, cooling_rate = 0.999
26 - INFO - chord#: 124 done. best_score=27.0, changed=524, unchanged=414, early_stops=8/8
26 - INFO - chord#: 124 done. best_score=27.0, changed=525, unchanged=409, early_stops=8/8
26 - INFO - chord#: 114 done. best_score=27.0, changed=526, unchanged=558, early_stops=8/8
26 - INFO - chord#: 116 In build_straw_man_chord_sa. tolerance = 1, sa_iterations = 1000, initial_temperature = 3.0, cooling_rate = 0.999
26 - INFO - chord#: 110 done. best_score=64.0, changed=610, unchanged=235, early_stops=8/8
26 - INFO - chord#: 112 In build_straw_man_chord_sa. tolerance = 1, sa_iterations = 1000, initial_temperature = 3.0, cooling_rate = 0.999
26 - INFO - chord#: 124 done. best_score=27.0, changed=516, unchanged=405, early_stops=8/8
26 - INFO - chord#: 124 done. best_score=27.0, changed=527, unchanged=369, early_stops=8/8
26 - INFO - chord#: 116 done. best_score=31.0, changed=530, unchanged=372, early_stops=8/8
26 - INFO - chord#: 120 In build_straw_man_chord_sa. tolerance = 1, sa_iterations = 1000, initial_temperature = 3.0, cooling_rate = 0.999
26 - INFO - chord#: 122 done. best_score=67.0, changed=613, unchanged=415, early_stops=8/8
26 - INFO - chord#: 124 In build_straw_man_chord_sa. tolerance = 1, sa_iterations = 1000, initial_temperature = 3.0, cooling_rate = 0.999
26 - INFO - chord#: 112 done. best_score=27.0, changed=526, unchanged=458, early_stops=8/8
26 - INFO - chord#: 114 In build_straw_man_chord_sa. tolerance = 1, sa_iterations = 1000, initial_temperature = 3.0, cooling_rate = 0.999
26 - INFO - chord#: 122 done. best_score=137.0, changed=609, unchanged=317, early_stops=8/8
26 - INFO - chord#: 124 In build_straw_man_chord_sa. tolerance = 1, sa_iterations = 1000, initial_temperature = 3.0, cooling_rate = 0.999
26 - INFO - chord#: 122 done. best_score=137.0, changed=610, unchanged=324, early_stops=8/8
26 - INFO - chord#: 124 In build_straw_man_chord_sa. tolerance = 1, sa_iterations = 1000, initial_temperature = 3.0, cooling_rate = 0.999
26 - INFO - chord#: 120 done. best_score=27.0, changed=537, unchanged=487, early_stops=8/8
26 - INFO - chord#: 122 In build_straw_man_chord_sa. tolerance = 1, sa_iterations = 1000, initial_temperature = 3.0, cooling_rate = 0.999
26 - INFO - chord#: 124 done. best_score=27.0, changed=519, unchanged=384, early_stops=8/8
26 - INFO - chord#: 124 done. best_score=27.0, changed=510, unchanged=306, early_stops=8/8
26 - INFO - chord#: 114 done. best_score=27.0, changed=527, unchanged=427, early_stops=8/8
26 - INFO - chord#: 116 In build_straw_man_chord_sa. tolerance = 1, sa_iterations = 1000, initial_temperature = 3.0, cooling_rate = 0.999
26 - INFO - chord#: 124 done. best_score=27.0, changed=522, unchanged=431, early_stops=8/8
26 - INFO - chord#: 116 done. best_score=31.0, changed=521, unchanged=335, early_stops=8/8
26 - INFO - chord#: 120 In build_straw_man_chord_sa. tolerance = 1, sa_iterations = 1000, initial_temperature = 3.0, cooling_rate = 0.999
26 - INFO - chord#: 120 done. best_score=27.0, changed=533, unchanged=429, early_stops=8/8
26 - INFO - chord#: 122 In build_straw_man_chord_sa. tolerance = 1, sa_iterations = 1000, initial_temperature = 3.0, cooling_rate = 0.999
26 - INFO - chord#: 122 done. best_score=67.0, changed=611, unchanged=366, early_stops=8/8
26 - INFO - chord#: 124 In build_straw_man_chord_sa. tolerance = 1, sa_iterations = 1000, initial_temperature = 3.0, cooling_rate = 0.999
26 - INFO - chord#: 124 done. best_score=27.0, changed=516, unchanged=359, early_stops=8/8
26 - INFO - chord#: 122 done. best_score=78.0, changed=615, unchanged=295, early_stops=8/8
26 - INFO - chord#: 124 In build_straw_man_chord_sa. tolerance = 1, sa_iterations = 1000, initial_temperature = 3.0, cooling_rate = 0.999
26 - INFO - chord#: 124 done. best_score=27.0, changed=522, unchanged=492, early_stops=8/8
26 - INFO - chord#: 0 In build_straw_man_chord_sa. tolerance = 1, sa_iterations = 1000, initial_temperature = 3.0, cooling_rate = 0.999
26 - INFO - chord#: 0 In build_straw_man_chord_sa. tolerance = 1, sa_iterations = 1000, initial_temperature = 3.0, cooling_rate = 0.999
26 - INFO - chord#: 0 In build_straw_man_chord_sa. tolerance = 1, sa_iterations = 1000, initial_temperature = 3.0, cooling_rate = 0.999
26 - INFO - chord#: 0 In build_straw_man_chord_sa. tolerance = 1, sa_iterations = 1000, initial_temperature = 3.0, cooling_rate = 0.999
26 - INFO - chord#: 0 In build_straw_man_chord_sa. tolerance = 1, sa_iterations = 1000, initial_temperature = 3.0, cooling_rate = 0.999
26 - INFO - chord#: 0 In build_straw_man_chord_sa. tolerance = 1, sa_iterations = 1000, initial_temperature = 3.0, cooling_rate = 0.999
26 - INFO - chord#: 0 In build_straw_man_chord_sa. tolerance = 1, sa_iterations = 1000, initial_temperature = 3.0, cooling_rate = 0.999
26 - INFO - chord#: 0 In build_straw_man_chord_sa. tolerance = 1, sa_iterations = 1000, initial_temperature = 3.0, cooling_rate = 0.999
26 - INFO - chord#: 0 In build_straw_man_chord_sa. tolerance = 1, sa_iterations = 1000, initial_temperature = 3.0, cooling_rate = 0.999
26 - INFO - chord#: 0 In build_straw_man_chord_sa. tolerance = 1, sa_iterations = 1000, initial_temperature = 3.0, cooling_rate = 0.999
26 - INFO - chord#: 0 In build_straw_man_chord_sa. tolerance = 1, sa_iterations = 1000, initial_temperature = 3.0, cooling_rate = 0.999
26 - INFO - chord#: 0 In build_straw_man_chord_sa. tolerance = 1, sa_iterations = 1000, initial_temperature = 3.0, cooling_rate = 0.999
26 - INFO - chord#: 0 done. best_score=27.0, changed=512, unchanged=381, early_stops=8/8
26 - INFO - chord#: 4 In build_straw_man_chord_sa. tolerance = 1, sa_iterations = 1000, initial_temperature = 3.0, cooling_rate = 0.999
26 - INFO - chord#: 0 done. best_score=27.0, changed=519, unchanged=354, early_stops=8/8
26 - INFO - chord#: 4 In build_straw_man_chord_sa. tolerance = 1, sa_iterations = 1000, initial_temperature = 3.0, cooling_rate = 0.999
26 - INFO - chord#: 0 done. best_score=27.0, changed=514, unchanged=385, early_stops=8/8
26 - INFO - chord#: 4 In build_straw_man_chord_sa. tolerance = 1, sa_iterations = 1000, initial_temperature = 3.0, cooling_rate = 0.999
26 - INFO - chord#: 0 done. best_score=27.0, changed=514, unchanged=326, early_stops=8/8
26 - INFO - chord#: 4 In build_straw_man_chord_sa. tolerance = 1, sa_iterations = 1000, initial_temperature = 3.0, cooling_rate = 0.999
26 - INFO - chord#: 0 done. best_score=27.0, changed=520, unchanged=527, early_stops=8/8
26 - INFO - chord#: 4 In build_straw_man_chord_sa. tolerance = 1, sa_iterations = 1000, initial_temperature = 3.0, cooling_rate = 0.999
26 - INFO - chord#: 0 done. best_score=27.0, changed=523, unchanged=498, early_stops=8/8
26 - INFO - chord#: 4 In build_straw_man_chord_sa. tolerance = 1, sa_iterations = 1000, initial_temperature = 3.0, cooling_rate = 0.999
26 - INFO - chord#: 0 done. best_score=27.0, changed=517, unchanged=322, early_stops=8/8
26 - INFO - chord#: 4 In build_straw_man_chord_sa. tolerance = 1, sa_iterations = 1000, initial_temperature = 3.0, cooling_rate = 0.999
26 - INFO - chord#: 0 done. best_score=27.0, changed=518, unchanged=407, early_stops=8/8
26 - INFO - chord#: 4 In build_straw_man_chord_sa. tolerance = 1, sa_iterations = 1000, initial_temperature = 3.0, cooling_rate = 0.999
26 - INFO - chord#: 0 done. best_score=27.0, changed=528, unchanged=414, early_stops=8/8
26 - INFO - chord#: 4 In build_straw_man_chord_sa. tolerance = 1, sa_iterations = 1000, initial_temperature = 3.0, cooling_rate = 0.999
26 - INFO - chord#: 0 done. best_score=27.0, changed=522, unchanged=555, early_stops=8/8
26 - INFO - chord#: 4 In build_straw_man_chord_sa. tolerance = 1, sa_iterations = 1000, initial_temperature = 3.0, cooling_rate = 0.999
26 - INFO - chord#: 0 done. best_score=27.0, changed=525, unchanged=436, early_stops=8/8
26 - INFO - chord#: 4 In build_straw_man_chord_sa. tolerance = 1, sa_iterations = 1000, initial_temperature = 3.0, cooling_rate = 0.999
26 - INFO - chord#: 0 done. best_score=27.0, changed=531, unchanged=521, early_stops=8/8
26 - INFO - chord#: 4 In build_straw_man_chord_sa. tolerance = 1, sa_iterations = 1000, initial_temperature = 3.0, cooling_rate = 0.999
26 - INFO - chord#: 4 done. best_score=27.0, changed=518, unchanged=341, early_stops=8/8
26 - INFO - chord#: 8 In build_straw_man_chord_sa. tolerance = 1, sa_iterations = 1000, initial_temperature = 3.0, cooling_rate = 0.999
26 - INFO - chord#: 4 done. best_score=27.0, changed=520, unchanged=332, early_stops=8/8
26 - INFO - chord#: 8 In build_straw_man_chord_sa. tolerance = 1, sa_iterations = 1000, initial_temperature = 3.0, cooling_rate = 0.999
26 - INFO - chord#: 4 done. best_score=27.0, changed=524, unchanged=452, early_stops=8/8
26 - INFO - chord#: 8 In build_straw_man_chord_sa. tolerance = 1, sa_iterations = 1000, initial_temperature = 3.0, cooling_rate = 0.999
26 - INFO - chord#: 4 done. best_score=27.0, changed=527, unchanged=357, early_stops=8/8
26 - INFO - chord#: 8 In build_straw_man_chord_sa. tolerance = 1, sa_iterations = 1000, initial_temperature = 3.0, cooling_rate = 0.999
26 - INFO - chord#: 4 done. best_score=27.0, changed=526, unchanged=470, early_stops=8/8
26 - INFO - chord#: 8 In build_straw_man_chord_sa. tolerance = 1, sa_iterations = 1000, initial_temperature = 3.0, cooling_rate = 0.999
26 - INFO - chord#: 4 done. best_score=27.0, changed=524, unchanged=343, early_stops=8/8
26 - INFO - chord#: 8 In build_straw_man_chord_sa. tolerance = 1, sa_iterations = 1000, initial_temperature = 3.0, cooling_rate = 0.999
26 - INFO - chord#: 4 done. best_score=27.0, changed=521, unchanged=382, early_stops=8/8
26 - INFO - chord#: 8 In build_straw_man_chord_sa. tolerance = 1, sa_iterations = 1000, initial_temperature = 3.0, cooling_rate = 0.999
26 - INFO - chord#: 4 done. best_score=27.0, changed=527, unchanged=466, early_stops=8/8
26 - INFO - chord#: 8 In build_straw_man_chord_sa. tolerance = 1, sa_iterations = 1000, initial_temperature = 3.0, cooling_rate = 0.999
26 - INFO - chord#: 4 done. best_score=27.0, changed=525, unchanged=392, early_stops=8/8
26 - INFO - chord#: 8 In build_straw_man_chord_sa. tolerance = 1, sa_iterations = 1000, initial_temperature = 3.0, cooling_rate = 0.999
26 - INFO - chord#: 4 done. best_score=27.0, changed=528, unchanged=388, early_stops=8/8
26 - INFO - chord#: 8 In build_straw_man_chord_sa. tolerance = 1, sa_iterations = 1000, initial_temperature = 3.0, cooling_rate = 0.999
26 - INFO - chord#: 4 done. best_score=27.0, changed=531, unchanged=453, early_stops=8/8
26 - INFO - chord#: 8 In build_straw_man_chord_sa. tolerance = 1, sa_iterations = 1000, initial_temperature = 3.0, cooling_rate = 0.999
26 - INFO - chord#: 4 done. best_score=27.0, changed=536, unchanged=602, early_stops=8/8
26 - INFO - chord#: 8 In build_straw_man_chord_sa. tolerance = 1, sa_iterations = 1000, initial_temperature = 3.0, cooling_rate = 0.999
26 - INFO - chord#: 8 done. best_score=27.0, changed=530, unchanged=415, early_stops=8/8
26 - INFO - chord#: 10 In build_straw_man_chord_sa. tolerance = 1, sa_iterations = 1000, initial_temperature = 3.0, cooling_rate = 0.999
26 - INFO - chord#: 8 done. best_score=27.0, changed=533, unchanged=356, early_stops=8/8
26 - INFO - chord#: 10 In build_straw_man_chord_sa. tolerance = 1, sa_iterations = 1000, initial_temperature = 3.0, cooling_rate = 0.999
26 - INFO - chord#: 8 done. best_score=27.0, changed=516, unchanged=322, early_stops=8/8
26 - INFO - chord#: 10 In build_straw_man_chord_sa. tolerance = 1, sa_iterations = 1000, initial_temperature = 3.0, cooling_rate = 0.999
26 - INFO - chord#: 8 done. best_score=27.0, changed=536, unchanged=542, early_stops=8/8
26 - INFO - chord#: 10 In build_straw_man_chord_sa. tolerance = 1, sa_iterations = 1000, initial_temperature = 3.0, cooling_rate = 0.999
26 - INFO - chord#: 8 done. best_score=27.0, changed=523, unchanged=442, early_stops=8/8
26 - INFO - chord#: 10 In build_straw_man_chord_sa. tolerance = 1, sa_iterations = 1000, initial_temperature = 3.0, cooling_rate = 0.999
26 - INFO - chord#: 8 done. best_score=27.0, changed=516, unchanged=343, early_stops=8/8
26 - INFO - chord#: 10 In build_straw_man_chord_sa. tolerance = 1, sa_iterations = 1000, initial_temperature = 3.0, cooling_rate = 0.999
26 - INFO - chord#: 8 done. best_score=27.0, changed=524, unchanged=359, early_stops=8/8
26 - INFO - chord#: 10 In build_straw_man_chord_sa. tolerance = 1, sa_iterations = 1000, initial_temperature = 3.0, cooling_rate = 0.999
26 - INFO - chord#: 8 done. best_score=27.0, changed=518, unchanged=380, early_stops=8/8
26 - INFO - chord#: 10 In build_straw_man_chord_sa. tolerance = 1, sa_iterations = 1000, initial_temperature = 3.0, cooling_rate = 0.999
26 - INFO - chord#: 8 done. best_score=27.0, changed=521, unchanged=404, early_stops=8/8
26 - INFO - chord#: 10 In build_straw_man_chord_sa. tolerance = 1, sa_iterations = 1000, initial_temperature = 3.0, cooling_rate = 0.999
26 - INFO - chord#: 8 done. best_score=27.0, changed=514, unchanged=315, early_stops=8/8
26 - INFO - chord#: 10 In build_straw_man_chord_sa. tolerance = 1, sa_iterations = 1000, initial_temperature = 3.0, cooling_rate = 0.999
26 - INFO - chord#: 8 done. best_score=27.0, changed=538, unchanged=439, early_stops=8/8
26 - INFO - chord#: 10 In build_straw_man_chord_sa. tolerance = 1, sa_iterations = 1000, initial_temperature = 3.0, cooling_rate = 0.999
26 - INFO - chord#: 8 done. best_score=27.0, changed=531, unchanged=558, early_stops=8/8
26 - INFO - chord#: 10 In build_straw_man_chord_sa. tolerance = 1, sa_iterations = 1000, initial_temperature = 3.0, cooling_rate = 0.999
26 - INFO - chord#: 10 done. best_score=67.0, changed=610, unchanged=226, early_stops=8/8
26 - INFO - chord#: 12 In build_straw_man_chord_sa. tolerance = 1, sa_iterations = 1000, initial_temperature = 3.0, cooling_rate = 0.999
26 - INFO - chord#: 10 done. best_score=67.0, changed=609, unchanged=336, early_stops=8/8
26 - INFO - chord#: 12 In build_straw_man_chord_sa. tolerance = 1, sa_iterations = 1000, initial_temperature = 3.0, cooling_rate = 0.999
26 - INFO - chord#: 10 done. best_score=67.0, changed=611, unchanged=233, early_stops=8/8
26 - INFO - chord#: 12 In build_straw_man_chord_sa. tolerance = 1, sa_iterations = 1000, initial_temperature = 3.0, cooling_rate = 0.999
26 - INFO - chord#: 10 done. best_score=67.0, changed=607, unchanged=314, early_stops=8/8
26 - INFO - chord#: 12 In build_straw_man_chord_sa. tolerance = 1, sa_iterations = 1000, initial_temperature = 3.0, cooling_rate = 0.999
26 - INFO - chord#: 10 done. best_score=137.0, changed=622, unchanged=463, early_stops=8/8
26 - INFO - chord#: 12 In build_straw_man_chord_sa. tolerance = 1, sa_iterations = 1000, initial_temperature = 3.0, cooling_rate = 0.999
26 - INFO - chord#: 12 done. best_score=27.0, changed=510, unchanged=305, early_stops=8/8
26 - INFO - chord#: 16 In build_straw_man_chord_sa. tolerance = 1, sa_iterations = 1000, initial_temperature = 3.0, cooling_rate = 0.999
26 - INFO - chord#: 10 done. best_score=96.0, changed=612, unchanged=306, early_stops=8/8
26 - INFO - chord#: 12 In build_straw_man_chord_sa. tolerance = 1, sa_iterations = 1000, initial_temperature = 3.0, cooling_rate = 0.999
26 - INFO - chord#: 12 done. best_score=27.0, changed=523, unchanged=391, early_stops=8/8
26 - INFO - chord#: 16 In build_straw_man_chord_sa. tolerance = 1, sa_iterations = 1000, initial_temperature = 3.0, cooling_rate = 0.999
26 - INFO - chord#: 12 done. best_score=27.0, changed=528, unchanged=360, early_stops=8/8
26 - INFO - chord#: 16 In build_straw_man_chord_sa. tolerance = 1, sa_iterations = 1000, initial_temperature = 3.0, cooling_rate = 0.999
26 - INFO - chord#: 12 done. best_score=27.0, changed=528, unchanged=457, early_stops=8/8
26 - INFO - chord#: 16 In build_straw_man_chord_sa. tolerance = 1, sa_iterations = 1000, initial_temperature = 3.0, cooling_rate = 0.999
26 - INFO - chord#: 10 done. best_score=78.0, changed=609, unchanged=299, early_stops=8/8
26 - INFO - chord#: 12 In build_straw_man_chord_sa. tolerance = 1, sa_iterations = 1000, initial_temperature = 3.0, cooling_rate = 0.999
26 - INFO - chord#: 10 done. best_score=145.0, changed=611, unchanged=258, early_stops=8/8
26 - INFO - chord#: 12 In build_straw_man_chord_sa. tolerance = 1, sa_iterations = 1000, initial_temperature = 3.0, cooling_rate = 0.999
26 - INFO - chord#: 10 done. best_score=96.0, changed=612, unchanged=274, early_stops=8/8
26 - INFO - chord#: 12 In build_straw_man_chord_sa. tolerance = 1, sa_iterations = 1000, initial_temperature = 3.0, cooling_rate = 0.999
26 - INFO - chord#: 12 done. best_score=27.0, changed=522, unchanged=353, early_stops=8/8
26 - INFO - chord#: 16 In build_straw_man_chord_sa. tolerance = 1, sa_iterations = 1000, initial_temperature = 3.0, cooling_rate = 0.999
26 - INFO - chord#: 16 done. best_score=27.0, changed=526, unchanged=413, early_stops=8/8
26 - INFO - chord#: 18 In build_straw_man_chord_sa. tolerance = 1, sa_iterations = 1000, initial_temperature = 3.0, cooling_rate = 0.999
26 - INFO - chord#: 10 done. best_score=145.0, changed=618, unchanged=299, early_stops=8/8
26 - INFO - chord#: 12 In build_straw_man_chord_sa. tolerance = 1, sa_iterations = 1000, initial_temperature = 3.0, cooling_rate = 0.999
26 - INFO - chord#: 12 done. best_score=27.0, changed=523, unchanged=538, early_stops=8/8
26 - INFO - chord#: 16 In build_straw_man_chord_sa. tolerance = 1, sa_iterations = 1000, initial_temperature = 3.0, cooling_rate = 0.999
26 - INFO - chord#: 10 done. best_score=137.0, changed=613, unchanged=351, early_stops=8/8
26 - INFO - chord#: 12 In build_straw_man_chord_sa. tolerance = 1, sa_iterations = 1000, initial_temperature = 3.0, cooling_rate = 0.999
26 - INFO - chord#: 16 done. best_score=27.0, changed=515, unchanged=394, early_stops=8/8
26 - INFO - chord#: 18 In build_straw_man_chord_sa. tolerance = 1, sa_iterations = 1000, initial_temperature = 3.0, cooling_rate = 0.999
26 - INFO - chord#: 10 done. best_score=67.0, changed=611, unchanged=331, early_stops=8/8
26 - INFO - chord#: 12 In build_straw_man_chord_sa. tolerance = 1, sa_iterations = 1000, initial_temperature = 3.0, cooling_rate = 0.999
26 - INFO - chord#: 16 done. best_score=27.0, changed=524, unchanged=419, early_stops=8/8
26 - INFO - chord#: 18 In build_straw_man_chord_sa. tolerance = 1, sa_iterations = 1000, initial_temperature = 3.0, cooling_rate = 0.999
26 - INFO - chord#: 16 done. best_score=27.0, changed=525, unchanged=528, early_stops=8/8
26 - INFO - chord#: 18 In build_straw_man_chord_sa. tolerance = 1, sa_iterations = 1000, initial_temperature = 3.0, cooling_rate = 0.999
26 - INFO - chord#: 12 done. best_score=27.0, changed=530, unchanged=386, early_stops=8/8
26 - INFO - chord#: 16 In build_straw_man_chord_sa. tolerance = 1, sa_iterations = 1000, initial_temperature = 3.0, cooling_rate = 0.999
26 - INFO - chord#: 12 done. best_score=27.0, changed=527, unchanged=400, early_stops=8/8
26 - INFO - chord#: 16 In build_straw_man_chord_sa. tolerance = 1, sa_iterations = 1000, initial_temperature = 3.0, cooling_rate = 0.999
26 - INFO - chord#: 12 done. best_score=27.0, changed=523, unchanged=354, early_stops=8/8
26 - INFO - chord#: 16 In build_straw_man_chord_sa. tolerance = 1, sa_iterations = 1000, initial_temperature = 3.0, cooling_rate = 0.999
26 - INFO - chord#: 16 done. best_score=27.0, changed=528, unchanged=384, early_stops=8/8
26 - INFO - chord#: 18 In build_straw_man_chord_sa. tolerance = 1, sa_iterations = 1000, initial_temperature = 3.0, cooling_rate = 0.999
26 - INFO - chord#: 16 done. best_score=27.0, changed=516, unchanged=347, early_stops=8/8
26 - INFO - chord#: 18 In build_straw_man_chord_sa. tolerance = 1, sa_iterations = 1000, initial_temperature = 3.0, cooling_rate = 0.999
26 - INFO - chord#: 12 done. best_score=27.0, changed=517, unchanged=387, early_stops=8/8
26 - INFO - chord#: 16 In build_straw_man_chord_sa. tolerance = 1, sa_iterations = 1000, initial_temperature = 3.0, cooling_rate = 0.999
26 - INFO - chord#: 12 done. best_score=27.0, changed=530, unchanged=371, early_stops=8/8
26 - INFO - chord#: 16 In build_straw_man_chord_sa. tolerance = 1, sa_iterations = 1000, initial_temperature = 3.0, cooling_rate = 0.999
26 - INFO - chord#: 12 done. best_score=27.0, changed=527, unchanged=465, early_stops=8/8
26 - INFO - chord#: 16 In build_straw_man_chord_sa. tolerance = 1, sa_iterations = 1000, initial_temperature = 3.0, cooling_rate = 0.999
26 - INFO - chord#: 16 done. best_score=27.0, changed=524, unchanged=469, early_stops=8/8
26 - INFO - chord#: 18 In build_straw_man_chord_sa. tolerance = 1, sa_iterations = 1000, initial_temperature = 3.0, cooling_rate = 0.999
26 - INFO - chord#: 16 done. best_score=27.0, changed=514, unchanged=350, early_stops=8/8
26 - INFO - chord#: 18 In build_straw_man_chord_sa. tolerance = 1, sa_iterations = 1000, initial_temperature = 3.0, cooling_rate = 0.999
26 - INFO - chord#: 16 done. best_score=27.0, changed=514, unchanged=382, early_stops=8/8
26 - INFO - chord#: 18 In build_straw_man_chord_sa. tolerance = 1, sa_iterations = 1000, initial_temperature = 3.0, cooling_rate = 0.999
26 - INFO - chord#: 18 done. best_score=70.0, changed=611, unchanged=286, early_stops=8/8
26 - INFO - chord#: 20 In build_straw_man_chord_sa. tolerance = 1, sa_iterations = 1000, initial_temperature = 3.0, cooling_rate = 0.999
26 - INFO - chord#: 16 done. best_score=27.0, changed=516, unchanged=353, early_stops=8/8
26 - INFO - chord#: 18 In build_straw_man_chord_sa. tolerance = 1, sa_iterations = 1000, initial_temperature = 3.0, cooling_rate = 0.999
26 - INFO - chord#: 16 done. best_score=27.0, changed=521, unchanged=439, early_stops=8/8
26 - INFO - chord#: 18 In build_straw_man_chord_sa. tolerance = 1, sa_iterations = 1000, initial_temperature = 3.0, cooling_rate = 0.999
26 - INFO - chord#: 18 done. best_score=70.0, changed=610, unchanged=243, early_stops=8/8
26 - INFO - chord#: 20 In build_straw_man_chord_sa. tolerance = 1, sa_iterations = 1000, initial_temperature = 3.0, cooling_rate = 0.999
26 - INFO - chord#: 18 done. best_score=75.0, changed=614, unchanged=295, early_stops=8/8
26 - INFO - chord#: 20 In build_straw_man_chord_sa. tolerance = 1, sa_iterations = 1000, initial_temperature = 3.0, cooling_rate = 0.999
26 - INFO - chord#: 16 done. best_score=27.0, changed=521, unchanged=370, early_stops=8/8
26 - INFO - chord#: 18 In build_straw_man_chord_sa. tolerance = 1, sa_iterations = 1000, initial_temperature = 3.0, cooling_rate = 0.999
26 - INFO - chord#: 18 done. best_score=70.0, changed=621, unchanged=500, early_stops=8/8
26 - INFO - chord#: 20 In build_straw_man_chord_sa. tolerance = 1, sa_iterations = 1000, initial_temperature = 3.0, cooling_rate = 0.999
26 - INFO - chord#: 20 done. best_score=27.0, changed=537, unchanged=415, early_stops=8/8
26 - INFO - chord#: 22 In build_straw_man_chord_sa. tolerance = 1, sa_iterations = 1000, initial_temperature = 3.0, cooling_rate = 0.999
26 - INFO - chord#: 18 done. best_score=70.0, changed=609, unchanged=395, early_stops=8/8
26 - INFO - chord#: 20 In build_straw_man_chord_sa. tolerance = 1, sa_iterations = 1000, initial_temperature = 3.0, cooling_rate = 0.999
26 - INFO - chord#: 18 done. best_score=104.0, changed=611, unchanged=318, early_stops=8/8
26 - INFO - chord#: 20 In build_straw_man_chord_sa. tolerance = 1, sa_iterations = 1000, initial_temperature = 3.0, cooling_rate = 0.999
26 - INFO - chord#: 20 done. best_score=27.0, changed=518, unchanged=309, early_stops=8/8
26 - INFO - chord#: 22 In build_straw_man_chord_sa. tolerance = 1, sa_iterations = 1000, initial_temperature = 3.0, cooling_rate = 0.999
26 - INFO - chord#: 20 done. best_score=27.0, changed=517, unchanged=394, early_stops=8/8
26 - INFO - chord#: 22 In build_straw_man_chord_sa. tolerance = 1, sa_iterations = 1000, initial_temperature = 3.0, cooling_rate = 0.999
26 - INFO - chord#: 20 done. best_score=27.0, changed=518, unchanged=379, early_stops=8/8
26 - INFO - chord#: 22 In build_straw_man_chord_sa. tolerance = 1, sa_iterations = 1000, initial_temperature = 3.0, cooling_rate = 0.999
26 - INFO - chord#: 20 done. best_score=27.0, changed=516, unchanged=306, early_stops=8/8
26 - INFO - chord#: 22 In build_straw_man_chord_sa. tolerance = 1, sa_iterations = 1000, initial_temperature = 3.0, cooling_rate = 0.999
26 - INFO - chord#: 18 done. best_score=70.0, changed=609, unchanged=244, early_stops=8/8
26 - INFO - chord#: 20 In build_straw_man_chord_sa. tolerance = 1, sa_iterations = 1000, initial_temperature = 3.0, cooling_rate = 0.999
26 - INFO - chord#: 20 done. best_score=27.0, changed=516, unchanged=401, early_stops=8/8
26 - INFO - chord#: 22 In build_straw_man_chord_sa. tolerance = 1, sa_iterations = 1000, initial_temperature = 3.0, cooling_rate = 0.999
26 - INFO - chord#: 18 done. best_score=104.0, changed=610, unchanged=305, early_stops=8/8
26 - INFO - chord#: 20 In build_straw_man_chord_sa. tolerance = 1, sa_iterations = 1000, initial_temperature = 3.0, cooling_rate = 0.999
26 - INFO - chord#: 18 done. best_score=141.0, changed=620, unchanged=375, early_stops=8/8
26 - INFO - chord#: 20 In build_straw_man_chord_sa. tolerance = 1, sa_iterations = 1000, initial_temperature = 3.0, cooling_rate = 0.999
26 - INFO - chord#: 18 done. best_score=141.0, changed=612, unchanged=262, early_stops=8/8
26 - INFO - chord#: 20 In build_straw_man_chord_sa. tolerance = 1, sa_iterations = 1000, initial_temperature = 3.0, cooling_rate = 0.999
26 - INFO - chord#: 22 done. best_score=96.0, changed=608, unchanged=299, early_stops=8/8
26 - INFO - chord#: 24 In build_straw_man_chord_sa. tolerance = 1, sa_iterations = 1000, initial_temperature = 3.0, cooling_rate = 0.999
26 - INFO - chord#: 22 done. best_score=155.0, changed=607, unchanged=201, early_stops=8/8
26 - INFO - chord#: 24 In build_straw_man_chord_sa. tolerance = 1, sa_iterations = 1000, initial_temperature = 3.0, cooling_rate = 0.999
26 - INFO - chord#: 22 done. best_score=64.0, changed=606, unchanged=250, early_stops=8/8
26 - INFO - chord#: 24 In build_straw_man_chord_sa. tolerance = 1, sa_iterations = 1000, initial_temperature = 3.0, cooling_rate = 0.999
26 - INFO - chord#: 22 done. best_score=155.0, changed=619, unchanged=270, early_stops=8/8
26 - INFO - chord#: 24 In build_straw_man_chord_sa. tolerance = 1, sa_iterations = 1000, initial_temperature = 3.0, cooling_rate = 0.999
26 - INFO - chord#: 20 done. best_score=27.0, changed=526, unchanged=387, early_stops=8/8
26 - INFO - chord#: 22 In build_straw_man_chord_sa. tolerance = 1, sa_iterations = 1000, initial_temperature = 3.0, cooling_rate = 0.999
26 - INFO - chord#: 18 done. best_score=104.0, changed=614, unchanged=387, early_stops=8/8
26 - INFO - chord#: 20 In build_straw_man_chord_sa. tolerance = 1, sa_iterations = 1000, initial_temperature = 3.0, cooling_rate = 0.999
26 - INFO - chord#: 18 done. best_score=104.0, changed=613, unchanged=350, early_stops=8/8
26 - INFO - chord#: 20 In build_straw_man_chord_sa. tolerance = 1, sa_iterations = 1000, initial_temperature = 3.0, cooling_rate = 0.999
26 - INFO - chord#: 20 done. best_score=27.0, changed=522, unchanged=386, early_stops=8/8
26 - INFO - chord#: 22 In build_straw_man_chord_sa. tolerance = 1, sa_iterations = 1000, initial_temperature = 3.0, cooling_rate = 0.999
26 - INFO - chord#: 20 done. best_score=27.0, changed=522, unchanged=370, early_stops=8/8
26 - INFO - chord#: 22 In build_straw_man_chord_sa. tolerance = 1, sa_iterations = 1000, initial_temperature = 3.0, cooling_rate = 0.999
26 - INFO - chord#: 20 done. best_score=27.0, changed=521, unchanged=393, early_stops=8/8
26 - INFO - chord#: 22 In build_straw_man_chord_sa. tolerance = 1, sa_iterations = 1000, initial_temperature = 3.0, cooling_rate = 0.999
26 - INFO - chord#: 24 done. best_score=36.0, changed=518, unchanged=407, early_stops=8/8
26 - INFO - chord#: 28 In build_straw_man_chord_sa. tolerance = 1, sa_iterations = 1000, initial_temperature = 3.0, cooling_rate = 0.999
26 - INFO - chord#: 24 done. best_score=36.0, changed=523, unchanged=448, early_stops=8/8
26 - INFO - chord#: 22 done. best_score=64.0, changed=615, unchanged=336, early_stops=8/8
26 - INFO - chord#: 28 In build_straw_man_chord_sa. tolerance = 1, sa_iterations = 1000, initial_temperature = 3.0, cooling_rate = 0.999
26 - INFO - chord#: 24 In build_straw_man_chord_sa. tolerance = 1, sa_iterations = 1000, initial_temperature = 3.0, cooling_rate = 0.999
26 - INFO - chord#: 24 done. best_score=36.0, changed=530, unchanged=425, early_stops=8/8
26 - INFO - chord#: 28 In build_straw_man_chord_sa. tolerance = 1, sa_iterations = 1000, initial_temperature = 3.0, cooling_rate = 0.999
26 - INFO - chord#: 24 done. best_score=36.0, changed=520, unchanged=359, early_stops=8/8
26 - INFO - chord#: 28 In build_straw_man_chord_sa. tolerance = 1, sa_iterations = 1000, initial_temperature = 3.0, cooling_rate = 0.999
26 - INFO - chord#: 22 done. best_score=96.0, changed=609, unchanged=244, early_stops=8/8
26 - INFO - chord#: 24 In build_straw_man_chord_sa. tolerance = 1, sa_iterations = 1000, initial_temperature = 3.0, cooling_rate = 0.999
26 - INFO - chord#: 20 done. best_score=27.0, changed=519, unchanged=322, early_stops=8/8
26 - INFO - chord#: 22 In build_straw_man_chord_sa. tolerance = 1, sa_iterations = 1000, initial_temperature = 3.0, cooling_rate = 0.999
26 - INFO - chord#: 20 done. best_score=27.0, changed=518, unchanged=372, early_stops=8/8
26 - INFO - chord#: 22 In build_straw_man_chord_sa. tolerance = 1, sa_iterations = 1000, initial_temperature = 3.0, cooling_rate = 0.999
26 - INFO - chord#: 24 done. best_score=36.0, changed=516, unchanged=388, early_stops=8/8
26 - INFO - chord#: 28 In build_straw_man_chord_sa. tolerance = 1, sa_iterations = 1000, initial_temperature = 3.0, cooling_rate = 0.999
26 - INFO - chord#: 28 done. best_score=27.0, changed=516, unchanged=370, early_stops=8/8
26 - INFO - chord#: 28 done. best_score=27.0, changed=518, unchanged=470, early_stops=8/8
26 - INFO - chord#: 32 In build_straw_man_chord_sa. tolerance = 1, sa_iterations = 1000, initial_temperature = 3.0, cooling_rate = 0.999
26 - INFO - chord#: 32 In build_straw_man_chord_sa. tolerance = 1, sa_iterations = 1000, initial_temperature = 3.0, cooling_rate = 0.999
26 - INFO - chord#: 28 done. best_score=27.0, changed=517, unchanged=349, early_stops=8/8
26 - INFO - chord#: 32 In build_straw_man_chord_sa. tolerance = 1, sa_iterations = 1000, initial_temperature = 3.0, cooling_rate = 0.999
26 - INFO - chord#: 28 done. best_score=27.0, changed=527, unchanged=395, early_stops=8/8
26 - INFO - chord#: 32 In build_straw_man_chord_sa. tolerance = 1, sa_iterations = 1000, initial_temperature = 3.0, cooling_rate = 0.999
26 - INFO - chord#: 24 done. best_score=36.0, changed=516, unchanged=328, early_stops=8/8
26 - INFO - chord#: 28 In build_straw_man_chord_sa. tolerance = 1, sa_iterations = 1000, initial_temperature = 3.0, cooling_rate = 0.999
26 - INFO - chord#: 32 done. best_score=27.0, changed=517, unchanged=336, early_stops=8/8
26 - INFO - chord#: 36 In build_straw_man_chord_sa. tolerance = 1, sa_iterations = 1000, initial_temperature = 3.0, cooling_rate = 0.999
26 - INFO - chord#: 32 done. best_score=27.0, changed=520, unchanged=413, early_stops=8/8
26 - INFO - chord#: 36 In build_straw_man_chord_sa. tolerance = 1, sa_iterations = 1000, initial_temperature = 3.0, cooling_rate = 0.999
26 - INFO - chord#: 32 done. best_score=27.0, changed=517, unchanged=364, early_stops=8/8
26 - INFO - chord#: 36 In build_straw_man_chord_sa. tolerance = 1, sa_iterations = 1000, initial_temperature = 3.0, cooling_rate = 0.999
26 - INFO - chord#: 32 done. best_score=27.0, changed=526, unchanged=468, early_stops=8/8
26 - INFO - chord#: 36 In build_straw_man_chord_sa. tolerance = 1, sa_iterations = 1000, initial_temperature = 3.0, cooling_rate = 0.999
26 - INFO - chord#: 22 done. best_score=64.0, changed=610, unchanged=404, early_stops=8/8
26 - INFO - chord#: 24 In build_straw_man_chord_sa. tolerance = 1, sa_iterations = 1000, initial_temperature = 3.0, cooling_rate = 0.999
26 - INFO - chord#: 28 done. best_score=27.0, changed=535, unchanged=617, early_stops=8/8
26 - INFO - chord#: 32 In build_straw_man_chord_sa. tolerance = 1, sa_iterations = 1000, initial_temperature = 3.0, cooling_rate = 0.999
26 - INFO - chord#: 22 done. best_score=64.0, changed=610, unchanged=257, early_stops=8/8
26 - INFO - chord#: 24 In build_straw_man_chord_sa. tolerance = 1, sa_iterations = 1000, initial_temperature = 3.0, cooling_rate = 0.999
26 - INFO - chord#: 22 done. best_score=64.0, changed=617, unchanged=448, early_stops=8/8
26 - INFO - chord#: 24 In build_straw_man_chord_sa. tolerance = 1, sa_iterations = 1000, initial_temperature = 3.0, cooling_rate = 0.999
26 - INFO - chord#: 36 done. best_score=35.0, changed=521, unchanged=307, early_stops=8/8
26 - INFO - chord#: 38 In build_straw_man_chord_sa. tolerance = 1, sa_iterations = 1000, initial_temperature = 3.0, cooling_rate = 0.999
26 - INFO - chord#: 22 done. best_score=125.0, changed=617, unchanged=394, early_stops=8/8
26 - INFO - chord#: 24 In build_straw_man_chord_sa. tolerance = 1, sa_iterations = 1000, initial_temperature = 3.0, cooling_rate = 0.999
26 - INFO - chord#: 36 done. best_score=35.0, changed=524, unchanged=348, early_stops=8/8
26 - INFO - chord#: 38 In build_straw_man_chord_sa. tolerance = 1, sa_iterations = 1000, initial_temperature = 3.0, cooling_rate = 0.999
26 - INFO - chord#: 36 done. best_score=35.0, changed=523, unchanged=307, early_stops=8/8
26 - INFO - chord#: 38 In build_straw_man_chord_sa. tolerance = 1, sa_iterations = 1000, initial_temperature = 3.0, cooling_rate = 0.999
26 - INFO - chord#: 22 done. best_score=64.0, changed=611, unchanged=266, early_stops=8/8
26 - INFO - chord#: 24 In build_straw_man_chord_sa. tolerance = 1, sa_iterations = 1000, initial_temperature = 3.0, cooling_rate = 0.999
26 - INFO - chord#: 36 done. best_score=35.0, changed=531, unchanged=449, early_stops=8/8
26 - INFO - chord#: 38 In build_straw_man_chord_sa. tolerance = 1, sa_iterations = 1000, initial_temperature = 3.0, cooling_rate = 0.999
26 - INFO - chord#: 32 done. best_score=27.0, changed=524, unchanged=355, early_stops=8/8
26 - INFO - chord#: 36 In build_straw_man_chord_sa. tolerance = 1, sa_iterations = 1000, initial_temperature = 3.0, cooling_rate = 0.999
26 - INFO - chord#: 28 done. best_score=27.0, changed=532, unchanged=550, early_stops=8/8
26 - INFO - chord#: 32 In build_straw_man_chord_sa. tolerance = 1, sa_iterations = 1000, initial_temperature = 3.0, cooling_rate = 0.999
26 - INFO - chord#: 22 done. best_score=96.0, changed=613, unchanged=277, early_stops=8/8
26 - INFO - chord#: 24 In build_straw_man_chord_sa. tolerance = 1, sa_iterations = 1000, initial_temperature = 3.0, cooling_rate = 0.999
26 - INFO - chord#: 24 done. best_score=36.0, changed=521, unchanged=366, early_stops=8/8
26 - INFO - chord#: 28 In build_straw_man_chord_sa. tolerance = 1, sa_iterations = 1000, initial_temperature = 3.0, cooling_rate = 0.999
26 - INFO - chord#: 24 done. best_score=36.0, changed=518, unchanged=392, early_stops=8/8
26 - INFO - chord#: 28 In build_straw_man_chord_sa. tolerance = 1, sa_iterations = 1000, initial_temperature = 3.0, cooling_rate = 0.999
26 - INFO - chord#: 24 done. best_score=36.0, changed=517, unchanged=443, early_stops=8/8
26 - INFO - chord#: 28 In build_straw_man_chord_sa. tolerance = 1, sa_iterations = 1000, initial_temperature = 3.0, cooling_rate = 0.999
26 - INFO - chord#: 38 done. best_score=36.0, changed=527, unchanged=375, early_stops=8/8
26 - INFO - chord#: 40 In build_straw_man_chord_sa. tolerance = 1, sa_iterations = 1000, initial_temperature = 3.0, cooling_rate = 0.999
26 - INFO - chord#: 38 done. best_score=36.0, changed=524, unchanged=351, early_stops=8/8
26 - INFO - chord#: 40 In build_straw_man_chord_sa. tolerance = 1, sa_iterations = 1000, initial_temperature = 3.0, cooling_rate = 0.999
26 - INFO - chord#: 38 done. best_score=36.0, changed=525, unchanged=429, early_stops=8/8
26 - INFO - chord#: 40 In build_straw_man_chord_sa. tolerance = 1, sa_iterations = 1000, initial_temperature = 3.0, cooling_rate = 0.999
26 - INFO - chord#: 24 done. best_score=36.0, changed=523, unchanged=373, early_stops=8/8
26 - INFO - chord#: 28 In build_straw_man_chord_sa. tolerance = 1, sa_iterations = 1000, initial_temperature = 3.0, cooling_rate = 0.999
26 - INFO - chord#: 36 done. best_score=35.0, changed=527, unchanged=460, early_stops=8/8
26 - INFO - chord#: 38 done. best_score=36.0, changed=525, unchanged=403, early_stops=8/8
26 - INFO - chord#: 38 In build_straw_man_chord_sa. tolerance = 1, sa_iterations = 1000, initial_temperature = 3.0, cooling_rate = 0.999
26 - INFO - chord#: 40 In build_straw_man_chord_sa. tolerance = 1, sa_iterations = 1000, initial_temperature = 3.0, cooling_rate = 0.999
26 - INFO - chord#: 32 done. best_score=27.0, changed=524, unchanged=351, early_stops=8/8
26 - INFO - chord#: 36 In build_straw_man_chord_sa. tolerance = 1, sa_iterations = 1000, initial_temperature = 3.0, cooling_rate = 0.999
26 - INFO - chord#: 24 done. best_score=36.0, changed=525, unchanged=429, early_stops=8/8
26 - INFO - chord#: 28 In build_straw_man_chord_sa. tolerance = 1, sa_iterations = 1000, initial_temperature = 3.0, cooling_rate = 0.999
26 - INFO - chord#: 28 done. best_score=27.0, changed=530, unchanged=416, early_stops=8/8
26 - INFO - chord#: 32 In build_straw_man_chord_sa. tolerance = 1, sa_iterations = 1000, initial_temperature = 3.0, cooling_rate = 0.999
26 - INFO - chord#: 24 done. best_score=36.0, changed=531, unchanged=507, early_stops=8/8
26 - INFO - chord#: 28 In build_straw_man_chord_sa. tolerance = 1, sa_iterations = 1000, initial_temperature = 3.0, cooling_rate = 0.999
26 - INFO - chord#: 40 done. best_score=27.0, changed=522, unchanged=477, early_stops=8/8
26 - INFO - chord#: 42 In build_straw_man_chord_sa. tolerance = 1, sa_iterations = 1000, initial_temperature = 3.0, cooling_rate = 0.999
26 - INFO - chord#: 28 done. best_score=27.0, changed=519, unchanged=345, early_stops=8/8
26 - INFO - chord#: 32 In build_straw_man_chord_sa. tolerance = 1, sa_iterations = 1000, initial_temperature = 3.0, cooling_rate = 0.999
26 - INFO - chord#: 40 done. best_score=27.0, changed=524, unchanged=462, early_stops=8/8
26 - INFO - chord#: 42 In build_straw_man_chord_sa. tolerance = 1, sa_iterations = 1000, initial_temperature = 3.0, cooling_rate = 0.999
26 - INFO - chord#: 28 done. best_score=27.0, changed=526, unchanged=459, early_stops=8/8
26 - INFO - chord#: 32 In build_straw_man_chord_sa. tolerance = 1, sa_iterations = 1000, initial_temperature = 3.0, cooling_rate = 0.999
26 - INFO - chord#: 40 done. best_score=27.0, changed=524, unchanged=425, early_stops=8/8
26 - INFO - chord#: 42 In build_straw_man_chord_sa. tolerance = 1, sa_iterations = 1000, initial_temperature = 3.0, cooling_rate = 0.999
26 - INFO - chord#: 38 done. best_score=36.0, changed=528, unchanged=457, early_stops=8/8
26 - INFO - chord#: 40 In build_straw_man_chord_sa. tolerance = 1, sa_iterations = 1000, initial_temperature = 3.0, cooling_rate = 0.999
26 - INFO - chord#: 40 done. best_score=27.0, changed=514, unchanged=484, early_stops=8/8
26 - INFO - chord#: 42 In build_straw_man_chord_sa. tolerance = 1, sa_iterations = 1000, initial_temperature = 3.0, cooling_rate = 0.999
26 - INFO - chord#: 28 done. best_score=27.0, changed=528, unchanged=512, early_stops=8/8
26 - INFO - chord#: 32 In build_straw_man_chord_sa. tolerance = 1, sa_iterations = 1000, initial_temperature = 3.0, cooling_rate = 0.999
26 - INFO - chord#: 32 done. best_score=27.0, changed=529, unchanged=392, early_stops=8/8
26 - INFO - chord#: 36 In build_straw_man_chord_sa. tolerance = 1, sa_iterations = 1000, initial_temperature = 3.0, cooling_rate = 0.999
26 - INFO - chord#: 36 done. best_score=35.0, changed=529, unchanged=404, early_stops=8/8
26 - INFO - chord#: 38 In build_straw_man_chord_sa. tolerance = 1, sa_iterations = 1000, initial_temperature = 3.0, cooling_rate = 0.999
26 - INFO - chord#: 28 done. best_score=36.0, changed=524, unchanged=386, early_stops=8/8
26 - INFO - chord#: 32 In build_straw_man_chord_sa. tolerance = 1, sa_iterations = 1000, initial_temperature = 3.0, cooling_rate = 0.999
26 - INFO - chord#: 32 done. best_score=27.0, changed=522, unchanged=437, early_stops=8/8
26 - INFO - chord#: 36 In build_straw_man_chord_sa. tolerance = 1, sa_iterations = 1000, initial_temperature = 3.0, cooling_rate = 0.999
26 - INFO - chord#: 32 done. best_score=27.0, changed=521, unchanged=382, early_stops=8/8
26 - INFO - chord#: 36 In build_straw_man_chord_sa. tolerance = 1, sa_iterations = 1000, initial_temperature = 3.0, cooling_rate = 0.999
26 - INFO - chord#: 28 done. best_score=27.0, changed=517, unchanged=556, early_stops=8/8
26 - INFO - chord#: 32 In build_straw_man_chord_sa. tolerance = 1, sa_iterations = 1000, initial_temperature = 3.0, cooling_rate = 0.999
26 - INFO - chord#: 40 done. best_score=27.0, changed=523, unchanged=458, early_stops=8/8
26 - INFO - chord#: 42 In build_straw_man_chord_sa. tolerance = 1, sa_iterations = 1000, initial_temperature = 3.0, cooling_rate = 0.999
26 - INFO - chord#: 36 done. best_score=35.0, changed=520, unchanged=368, early_stops=8/8
26 - INFO - chord#: 38 In build_straw_man_chord_sa. tolerance = 1, sa_iterations = 1000, initial_temperature = 3.0, cooling_rate = 0.999
26 - INFO - chord#: 32 done. best_score=27.0, changed=519, unchanged=330, early_stops=8/8
26 - INFO - chord#: 36 In build_straw_man_chord_sa. tolerance = 1, sa_iterations = 1000, initial_temperature = 3.0, cooling_rate = 0.999
26 - INFO - chord#: 38 done. best_score=36.0, changed=516, unchanged=320, early_stops=8/8
26 - INFO - chord#: 40 In build_straw_man_chord_sa. tolerance = 1, sa_iterations = 1000, initial_temperature = 3.0, cooling_rate = 0.999
26 - INFO - chord#: 32 done. best_score=27.0, changed=519, unchanged=340, early_stops=8/8
26 - INFO - chord#: 36 In build_straw_man_chord_sa. tolerance = 1, sa_iterations = 1000, initial_temperature = 3.0, cooling_rate = 0.999
26 - INFO - chord#: 36 done. best_score=35.0, changed=531, unchanged=388, early_stops=8/8
26 - INFO - chord#: 38 In build_straw_man_chord_sa. tolerance = 1, sa_iterations = 1000, initial_temperature = 3.0, cooling_rate = 0.999
26 - INFO - chord#: 42 done. best_score=120.0, changed=611, unchanged=291, early_stops=8/8
26 - INFO - chord#: 44 In build_straw_man_chord_sa. tolerance = 1, sa_iterations = 1000, initial_temperature = 3.0, cooling_rate = 0.999
26 - INFO - chord#: 42 done. best_score=82.0, changed=611, unchanged=309, early_stops=8/8
26 - INFO - chord#: 44 In build_straw_man_chord_sa. tolerance = 1, sa_iterations = 1000, initial_temperature = 3.0, cooling_rate = 0.999
26 - INFO - chord#: 32 done. best_score=27.0, changed=519, unchanged=388, early_stops=8/8
26 - INFO - chord#: 36 In build_straw_man_chord_sa. tolerance = 1, sa_iterations = 1000, initial_temperature = 3.0, cooling_rate = 0.999
26 - INFO - chord#: 38 done. best_score=36.0, changed=518, unchanged=437, early_stops=8/8
26 - INFO - chord#: 40 In build_straw_man_chord_sa. tolerance = 1, sa_iterations = 1000, initial_temperature = 3.0, cooling_rate = 0.999
26 - INFO - chord#: 36 done. best_score=35.0, changed=521, unchanged=395, early_stops=8/8
26 - INFO - chord#: 38 In build_straw_man_chord_sa. tolerance = 1, sa_iterations = 1000, initial_temperature = 3.0, cooling_rate = 0.999
26 - INFO - chord#: 42 done. best_score=82.0, changed=619, unchanged=517, early_stops=8/8
26 - INFO - chord#: 44 In build_straw_man_chord_sa. tolerance = 1, sa_iterations = 1000, initial_temperature = 3.0, cooling_rate = 0.999
26 - INFO - chord#: 42 done. best_score=82.0, changed=608, unchanged=473, early_stops=8/8
26 - INFO - chord#: 44 In build_straw_man_chord_sa. tolerance = 1, sa_iterations = 1000, initial_temperature = 3.0, cooling_rate = 0.999
26 - INFO - chord#: 36 done. best_score=35.0, changed=526, unchanged=448, early_stops=8/8
26 - INFO - chord#: 38 In build_straw_man_chord_sa. tolerance = 1, sa_iterations = 1000, initial_temperature = 3.0, cooling_rate = 0.999
26 - INFO - chord#: 40 done. best_score=27.0, changed=516, unchanged=355, early_stops=8/8
26 - INFO - chord#: 42 In build_straw_man_chord_sa. tolerance = 1, sa_iterations = 1000, initial_temperature = 3.0, cooling_rate = 0.999
26 - INFO - chord#: 36 done. best_score=35.0, changed=530, unchanged=364, early_stops=8/8
26 - INFO - chord#: 38 In build_straw_man_chord_sa. tolerance = 1, sa_iterations = 1000, initial_temperature = 3.0, cooling_rate = 0.999
26 - INFO - chord#: 44 done. best_score=27.0, changed=521, unchanged=393, early_stops=8/8
26 - INFO - chord#: 48 In build_straw_man_chord_sa. tolerance = 1, sa_iterations = 1000, initial_temperature = 3.0, cooling_rate = 0.999
26 - INFO - chord#: 44 done. best_score=27.0, changed=521, unchanged=416, early_stops=8/8
26 - INFO - chord#: 48 In build_straw_man_chord_sa. tolerance = 1, sa_iterations = 1000, initial_temperature = 3.0, cooling_rate = 0.999
26 - INFO - chord#: 38 done. best_score=36.0, changed=520, unchanged=385, early_stops=8/8
26 - INFO - chord#: 40 In build_straw_man_chord_sa. tolerance = 1, sa_iterations = 1000, initial_temperature = 3.0, cooling_rate = 0.999
26 - INFO - chord#: 40 done. best_score=27.0, changed=515, unchanged=453, early_stops=8/8
26 - INFO - chord#: 42 In build_straw_man_chord_sa. tolerance = 1, sa_iterations = 1000, initial_temperature = 3.0, cooling_rate = 0.999
26 - INFO - chord#: 42 done. best_score=82.0, changed=612, unchanged=313, early_stops=8/8
26 - INFO - chord#: 44 In build_straw_man_chord_sa. tolerance = 1, sa_iterations = 1000, initial_temperature = 3.0, cooling_rate = 0.999
26 - INFO - chord#: 44 done. best_score=27.0, changed=521, unchanged=376, early_stops=8/8
26 - INFO - chord#: 48 In build_straw_man_chord_sa. tolerance = 1, sa_iterations = 1000, initial_temperature = 3.0, cooling_rate = 0.999
26 - INFO - chord#: 38 done. best_score=36.0, changed=512, unchanged=317, early_stops=8/8
26 - INFO - chord#: 40 In build_straw_man_chord_sa. tolerance = 1, sa_iterations = 1000, initial_temperature = 3.0, cooling_rate = 0.999
26 - INFO - chord#: 36 done. best_score=35.0, changed=523, unchanged=443, early_stops=8/8
26 - INFO - chord#: 38 In build_straw_man_chord_sa. tolerance = 1, sa_iterations = 1000, initial_temperature = 3.0, cooling_rate = 0.999
26 - INFO - chord#: 44 done. best_score=27.0, changed=532, unchanged=534, early_stops=8/8
26 - INFO - chord#: 48 In build_straw_man_chord_sa. tolerance = 1, sa_iterations = 1000, initial_temperature = 3.0, cooling_rate = 0.999
26 - INFO - chord#: 38 done. best_score=36.0, changed=526, unchanged=379, early_stops=8/8
26 - INFO - chord#: 40 In build_straw_man_chord_sa. tolerance = 1, sa_iterations = 1000, initial_temperature = 3.0, cooling_rate = 0.999
26 - INFO - chord#: 38 done. best_score=36.0, changed=520, unchanged=344, early_stops=8/8
26 - INFO - chord#: 40 In build_straw_man_chord_sa. tolerance = 1, sa_iterations = 1000, initial_temperature = 3.0, cooling_rate = 0.999
26 - INFO - chord#: 48 done. best_score=27.0, changed=524, unchanged=388, early_stops=8/8
26 - INFO - chord#: 50 In build_straw_man_chord_sa. tolerance = 1, sa_iterations = 1000, initial_temperature = 3.0, cooling_rate = 0.999
26 - INFO - chord#: 48 done. best_score=27.0, changed=520, unchanged=452, early_stops=8/8
26 - INFO - chord#: 50 In build_straw_man_chord_sa. tolerance = 1, sa_iterations = 1000, initial_temperature = 3.0, cooling_rate = 0.999
26 - INFO - chord#: 44 done. best_score=27.0, changed=520, unchanged=353, early_stops=8/8
26 - INFO - chord#: 48 In build_straw_man_chord_sa. tolerance = 1, sa_iterations = 1000, initial_temperature = 3.0, cooling_rate = 0.999
26 - INFO - chord#: 48 done. best_score=27.0, changed=518, unchanged=335, early_stops=8/8
26 - INFO - chord#: 50 In build_straw_man_chord_sa. tolerance = 1, sa_iterations = 1000, initial_temperature = 3.0, cooling_rate = 0.999
26 - INFO - chord#: 40 done. best_score=27.0, changed=522, unchanged=375, early_stops=8/8
26 - INFO - chord#: 42 In build_straw_man_chord_sa. tolerance = 1, sa_iterations = 1000, initial_temperature = 3.0, cooling_rate = 0.999
26 - INFO - chord#: 38 done. best_score=36.0, changed=529, unchanged=395, early_stops=8/8
26 - INFO - chord#: 40 In build_straw_man_chord_sa. tolerance = 1, sa_iterations = 1000, initial_temperature = 3.0, cooling_rate = 0.999
26 - INFO - chord#: 48 done. best_score=27.0, changed=522, unchanged=424, early_stops=8/8
26 - INFO - chord#: 50 In build_straw_man_chord_sa. tolerance = 1, sa_iterations = 1000, initial_temperature = 3.0, cooling_rate = 0.999
26 - INFO - chord#: 40 done. best_score=27.0, changed=519, unchanged=498, early_stops=8/8
26 - INFO - chord#: 42 In build_straw_man_chord_sa. tolerance = 1, sa_iterations = 1000, initial_temperature = 3.0, cooling_rate = 0.999
26 - INFO - chord#: 50 done. best_score=31.0, changed=519, unchanged=312, early_stops=8/8
26 - INFO - chord#: 52 In build_straw_man_chord_sa. tolerance = 1, sa_iterations = 1000, initial_temperature = 3.0, cooling_rate = 0.999
26 - INFO - chord#: 50 done. best_score=31.0, changed=516, unchanged=310, early_stops=8/8
26 - INFO - chord#: 52 In build_straw_man_chord_sa. tolerance = 1, sa_iterations = 1000, initial_temperature = 3.0, cooling_rate = 0.999
26 - INFO - chord#: 40 done. best_score=27.0, changed=517, unchanged=365, early_stops=8/8
26 - INFO - chord#: 42 In build_straw_man_chord_sa. tolerance = 1, sa_iterations = 1000, initial_temperature = 3.0, cooling_rate = 0.999
26 - INFO - chord#: 50 done. best_score=31.0, changed=541, unchanged=362, early_stops=8/8
26 - INFO - chord#: 52 In build_straw_man_chord_sa. tolerance = 1, sa_iterations = 1000, initial_temperature = 3.0, cooling_rate = 0.999
26 - INFO - chord#: 42 done. best_score=82.0, changed=616, unchanged=363, early_stops=8/8
26 - INFO - chord#: 44 In build_straw_man_chord_sa. tolerance = 1, sa_iterations = 1000, initial_temperature = 3.0, cooling_rate = 0.999
26 - INFO - chord#: 48 done. best_score=27.0, changed=519, unchanged=438, early_stops=8/8
26 - INFO - chord#: 50 In build_straw_man_chord_sa. tolerance = 1, sa_iterations = 1000, initial_temperature = 3.0, cooling_rate = 0.999
26 - INFO - chord#: 40 done. best_score=27.0, changed=521, unchanged=447, early_stops=8/8
26 - INFO - chord#: 42 In build_straw_man_chord_sa. tolerance = 1, sa_iterations = 1000, initial_temperature = 3.0, cooling_rate = 0.999
26 - INFO - chord#: 42 done. best_score=82.0, changed=609, unchanged=282, early_stops=8/8
26 - INFO - chord#: 44 In build_straw_man_chord_sa. tolerance = 1, sa_iterations = 1000, initial_temperature = 3.0, cooling_rate = 0.999
26 - INFO - chord#: 50 done. best_score=31.0, changed=553, unchanged=280, early_stops=8/8
26 - INFO - chord#: 52 In build_straw_man_chord_sa. tolerance = 1, sa_iterations = 1000, initial_temperature = 3.0, cooling_rate = 0.999
26 - INFO - chord#: 40 done. best_score=27.0, changed=517, unchanged=385, early_stops=8/8
26 - INFO - chord#: 42 In build_straw_man_chord_sa. tolerance = 1, sa_iterations = 1000, initial_temperature = 3.0, cooling_rate = 0.999
26 - INFO - chord#: 50 done. best_score=31.0, changed=535, unchanged=361, early_stops=8/8
26 - INFO - chord#: 52 In build_straw_man_chord_sa. tolerance = 1, sa_iterations = 1000, initial_temperature = 3.0, cooling_rate = 0.999
26 - INFO - chord#: 44 done. best_score=27.0, changed=523, unchanged=377, early_stops=8/8
26 - INFO - chord#: 48 In build_straw_man_chord_sa. tolerance = 1, sa_iterations = 1000, initial_temperature = 3.0, cooling_rate = 0.999
26 - INFO - chord#: 44 done. best_score=27.0, changed=517, unchanged=471, early_stops=8/8
26 - INFO - chord#: 48 In build_straw_man_chord_sa. tolerance = 1, sa_iterations = 1000, initial_temperature = 3.0, cooling_rate = 0.999
26 - INFO - chord#: 52 done. best_score=157.0, changed=609, unchanged=221, early_stops=8/8
26 - INFO - chord#: 56 In build_straw_man_chord_sa. tolerance = 1, sa_iterations = 1000, initial_temperature = 3.0, cooling_rate = 0.999
26 - INFO - chord#: 42 done. best_score=120.0, changed=614, unchanged=252, early_stops=8/8
26 - INFO - chord#: 44 In build_straw_man_chord_sa. tolerance = 1, sa_iterations = 1000, initial_temperature = 3.0, cooling_rate = 0.999
26 - INFO - chord#: 52 done. best_score=64.0, changed=609, unchanged=263, early_stops=8/8
26 - INFO - chord#: 56 In build_straw_man_chord_sa. tolerance = 1, sa_iterations = 1000, initial_temperature = 3.0, cooling_rate = 0.999
26 - INFO - chord#: 48 done. best_score=27.0, changed=523, unchanged=346, early_stops=8/8
26 - INFO - chord#: 50 In build_straw_man_chord_sa. tolerance = 1, sa_iterations = 1000, initial_temperature = 3.0, cooling_rate = 0.999
26 - INFO - chord#: 42 done. best_score=82.0, changed=617, unchanged=291, early_stops=8/8
26 - INFO - chord#: 44 In build_straw_man_chord_sa. tolerance = 1, sa_iterations = 1000, initial_temperature = 3.0, cooling_rate = 0.999
26 - INFO - chord#: 42 done. best_score=97.0, changed=609, unchanged=276, early_stops=8/8
26 - INFO - chord#: 44 In build_straw_man_chord_sa. tolerance = 1, sa_iterations = 1000, initial_temperature = 3.0, cooling_rate = 0.999
26 - INFO - chord#: 56 done. best_score=27.0, changed=528, unchanged=351, early_stops=8/8
26 - INFO - chord#: 58 In build_straw_man_chord_sa. tolerance = 1, sa_iterations = 1000, initial_temperature = 3.0, cooling_rate = 0.999
26 - INFO - chord#: 48 done. best_score=27.0, changed=528, unchanged=394, early_stops=8/8
26 - INFO - chord#: 50 In build_straw_man_chord_sa. tolerance = 1, sa_iterations = 1000, initial_temperature = 3.0, cooling_rate = 0.999
26 - INFO - chord#: 42 done. best_score=82.0, changed=615, unchanged=318, early_stops=8/8
26 - INFO - chord#: 44 In build_straw_man_chord_sa. tolerance = 1, sa_iterations = 1000, initial_temperature = 3.0, cooling_rate = 0.999
26 - INFO - chord#: 52 done. best_score=64.0, changed=613, unchanged=356, early_stops=8/8
26 - INFO - chord#: 56 In build_straw_man_chord_sa. tolerance = 1, sa_iterations = 1000, initial_temperature = 3.0, cooling_rate = 0.999
26 - INFO - chord#: 50 done. best_score=31.0, changed=520, unchanged=297, early_stops=8/8
26 - INFO - chord#: 52 In build_straw_man_chord_sa. tolerance = 1, sa_iterations = 1000, initial_temperature = 3.0, cooling_rate = 0.999
26 - INFO - chord#: 52 done. best_score=64.0, changed=616, unchanged=548, early_stops=8/8
26 - INFO - chord#: 56 In build_straw_man_chord_sa. tolerance = 1, sa_iterations = 1000, initial_temperature = 3.0, cooling_rate = 0.999
26 - INFO - chord#: 44 done. best_score=27.0, changed=525, unchanged=403, early_stops=8/8
26 - INFO - chord#: 48 In build_straw_man_chord_sa. tolerance = 1, sa_iterations = 1000, initial_temperature = 3.0, cooling_rate = 0.999
26 - INFO - chord#: 52 done. best_score=157.0, changed=608, unchanged=269, early_stops=8/8
26 - INFO - chord#: 56 In build_straw_man_chord_sa. tolerance = 1, sa_iterations = 1000, initial_temperature = 3.0, cooling_rate = 0.999
26 - INFO - chord#: 56 done. best_score=27.0, changed=516, unchanged=458, early_stops=8/8
26 - INFO - chord#: 58 In build_straw_man_chord_sa. tolerance = 1, sa_iterations = 1000, initial_temperature = 3.0, cooling_rate = 0.999
26 - INFO - chord#: 44 done. best_score=27.0, changed=514, unchanged=306, early_stops=8/8
26 - INFO - chord#: 48 In build_straw_man_chord_sa. tolerance = 1, sa_iterations = 1000, initial_temperature = 3.0, cooling_rate = 0.999
26 - INFO - chord#: 42 done. best_score=82.0, changed=614, unchanged=335, early_stops=8/8
26 - INFO - chord#: 44 In build_straw_man_chord_sa. tolerance = 1, sa_iterations = 1000, initial_temperature = 3.0, cooling_rate = 0.999
26 - INFO - chord#: 50 done. best_score=31.0, changed=530, unchanged=295, early_stops=8/8
26 - INFO - chord#: 52 In build_straw_man_chord_sa. tolerance = 1, sa_iterations = 1000, initial_temperature = 3.0, cooling_rate = 0.999
26 - INFO - chord#: 56 done. best_score=27.0, changed=515, unchanged=385, early_stops=8/8
26 - INFO - chord#: 58 In build_straw_man_chord_sa. tolerance = 1, sa_iterations = 1000, initial_temperature = 3.0, cooling_rate = 0.999
26 - INFO - chord#: 44 done. best_score=27.0, changed=518, unchanged=474, early_stops=8/8
26 - INFO - chord#: 48 In build_straw_man_chord_sa. tolerance = 1, sa_iterations = 1000, initial_temperature = 3.0, cooling_rate = 0.999
26 - INFO - chord#: 44 done. best_score=27.0, changed=516, unchanged=472, early_stops=8/8
26 - INFO - chord#: 48 In build_straw_man_chord_sa. tolerance = 1, sa_iterations = 1000, initial_temperature = 3.0, cooling_rate = 0.999
26 - INFO - chord#: 56 done. best_score=27.0, changed=531, unchanged=533, early_stops=8/8
26 - INFO - chord#: 58 In build_straw_man_chord_sa. tolerance = 1, sa_iterations = 1000, initial_temperature = 3.0, cooling_rate = 0.999
26 - INFO - chord#: 56 done. best_score=27.0, changed=523, unchanged=479, early_stops=8/8
26 - INFO - chord#: 58 In build_straw_man_chord_sa. tolerance = 1, sa_iterations = 1000, initial_temperature = 3.0, cooling_rate = 0.999
26 - INFO - chord#: 48 done. best_score=27.0, changed=516, unchanged=357, early_stops=8/8
26 - INFO - chord#: 50 In build_straw_man_chord_sa. tolerance = 1, sa_iterations = 1000, initial_temperature = 3.0, cooling_rate = 0.999
26 - INFO - chord#: 48 done. best_score=27.0, changed=531, unchanged=396, early_stops=8/8
26 - INFO - chord#: 50 In build_straw_man_chord_sa. tolerance = 1, sa_iterations = 1000, initial_temperature = 3.0, cooling_rate = 0.999
26 - INFO - chord#: 58 done. best_score=96.0, changed=612, unchanged=354, early_stops=8/8
26 - INFO - chord#: 60 In build_straw_man_chord_sa. tolerance = 1, sa_iterations = 1000, initial_temperature = 3.0, cooling_rate = 0.999
26 - INFO - chord#: 44 done. best_score=27.0, changed=520, unchanged=351, early_stops=8/8
26 - INFO - chord#: 48 In build_straw_man_chord_sa. tolerance = 1, sa_iterations = 1000, initial_temperature = 3.0, cooling_rate = 0.999
26 - INFO - chord#: 48 done. best_score=27.0, changed=523, unchanged=358, early_stops=8/8
26 - INFO - chord#: 50 In build_straw_man_chord_sa. tolerance = 1, sa_iterations = 1000, initial_temperature = 3.0, cooling_rate = 0.999
26 - INFO - chord#: 52 done. best_score=64.0, changed=610, unchanged=430, early_stops=8/8
26 - INFO - chord#: 56 In build_straw_man_chord_sa. tolerance = 1, sa_iterations = 1000, initial_temperature = 3.0, cooling_rate = 0.999
26 - INFO - chord#: 48 done. best_score=27.0, changed=533, unchanged=488, early_stops=8/8
26 - INFO - chord#: 50 In build_straw_man_chord_sa. tolerance = 1, sa_iterations = 1000, initial_temperature = 3.0, cooling_rate = 0.999
26 - INFO - chord#: 50 done. best_score=31.0, changed=554, unchanged=415, early_stops=8/8
26 - INFO - chord#: 52 In build_straw_man_chord_sa. tolerance = 1, sa_iterations = 1000, initial_temperature = 3.0, cooling_rate = 0.999
26 - INFO - chord#: 58 done. best_score=137.0, changed=612, unchanged=382, early_stops=8/8
26 - INFO - chord#: 60 In build_straw_man_chord_sa. tolerance = 1, sa_iterations = 1000, initial_temperature = 3.0, cooling_rate = 0.999
26 - INFO - chord#: 60 done. best_score=27.0, changed=525, unchanged=443, early_stops=8/8
26 - INFO - chord#: 64 In build_straw_man_chord_sa. tolerance = 1, sa_iterations = 1000, initial_temperature = 3.0, cooling_rate = 0.999
26 - INFO - chord#: 50 done. best_score=31.0, changed=544, unchanged=409, early_stops=8/8
26 - INFO - chord#: 52 In build_straw_man_chord_sa. tolerance = 1, sa_iterations = 1000, initial_temperature = 3.0, cooling_rate = 0.999
26 - INFO - chord#: 50 done. best_score=31.0, changed=525, unchanged=315, early_stops=8/8
26 - INFO - chord#: 52 In build_straw_man_chord_sa. tolerance = 1, sa_iterations = 1000, initial_temperature = 3.0, cooling_rate = 0.999
26 - INFO - chord#: 48 done. best_score=27.0, changed=528, unchanged=398, early_stops=8/8
26 - INFO - chord#: 50 In build_straw_man_chord_sa. tolerance = 1, sa_iterations = 1000, initial_temperature = 3.0, cooling_rate = 0.999
26 - INFO - chord#: 60 done. best_score=27.0, changed=520, unchanged=346, early_stops=8/8
26 - INFO - chord#: 64 In build_straw_man_chord_sa. tolerance = 1, sa_iterations = 1000, initial_temperature = 3.0, cooling_rate = 0.999
26 - INFO - chord#: 50 done. best_score=31.0, changed=551, unchanged=280, early_stops=8/8
26 - INFO - chord#: 52 In build_straw_man_chord_sa. tolerance = 1, sa_iterations = 1000, initial_temperature = 3.0, cooling_rate = 0.999
26 - INFO - chord#: 58 done. best_score=137.0, changed=613, unchanged=270, early_stops=8/8
26 - INFO - chord#: 60 In build_straw_man_chord_sa. tolerance = 1, sa_iterations = 1000, initial_temperature = 3.0, cooling_rate = 0.999
26 - INFO - chord#: 58 done. best_score=96.0, changed=615, unchanged=437, early_stops=8/8
26 - INFO - chord#: 60 In build_straw_man_chord_sa. tolerance = 1, sa_iterations = 1000, initial_temperature = 3.0, cooling_rate = 0.999
26 - INFO - chord#: 56 done. best_score=27.0, changed=520, unchanged=464, early_stops=8/8
26 - INFO - chord#: 58 In build_straw_man_chord_sa. tolerance = 1, sa_iterations = 1000, initial_temperature = 3.0, cooling_rate = 0.999
26 - INFO - chord#: 58 done. best_score=67.0, changed=611, unchanged=348, early_stops=8/8
26 - INFO - chord#: 60 In build_straw_man_chord_sa. tolerance = 1, sa_iterations = 1000, initial_temperature = 3.0, cooling_rate = 0.999
26 - INFO - chord#: 52 done. best_score=64.0, changed=611, unchanged=384, early_stops=8/8
26 - INFO - chord#: 56 In build_straw_man_chord_sa. tolerance = 1, sa_iterations = 1000, initial_temperature = 3.0, cooling_rate = 0.999
26 - INFO - chord#: 64 done. best_score=27.0, changed=518, unchanged=347, early_stops=8/8
26 - INFO - chord#: 68 In build_straw_man_chord_sa. tolerance = 1, sa_iterations = 1000, initial_temperature = 3.0, cooling_rate = 0.999
26 - INFO - chord#: 64 done. best_score=27.0, changed=521, unchanged=345, early_stops=8/8
26 - INFO - chord#: 68 In build_straw_man_chord_sa. tolerance = 1, sa_iterations = 1000, initial_temperature = 3.0, cooling_rate = 0.999
26 - INFO - chord#: 60 done. best_score=27.0, changed=525, unchanged=402, early_stops=8/8
26 - INFO - chord#: 64 In build_straw_man_chord_sa. tolerance = 1, sa_iterations = 1000, initial_temperature = 3.0, cooling_rate = 0.999
26 - INFO - chord#: 50 done. best_score=31.0, changed=532, unchanged=295, early_stops=8/8
26 - INFO - chord#: 52 In build_straw_man_chord_sa. tolerance = 1, sa_iterations = 1000, initial_temperature = 3.0, cooling_rate = 0.999
26 - INFO - chord#: 60 done. best_score=27.0, changed=520, unchanged=479, early_stops=8/8
26 - INFO - chord#: 64 In build_straw_man_chord_sa. tolerance = 1, sa_iterations = 1000, initial_temperature = 3.0, cooling_rate = 0.999
26 - INFO - chord#: 60 done. best_score=27.0, changed=535, unchanged=531, early_stops=8/8
26 - INFO - chord#: 64 In build_straw_man_chord_sa. tolerance = 1, sa_iterations = 1000, initial_temperature = 3.0, cooling_rate = 0.999
26 - INFO - chord#: 68 done. best_score=36.0, changed=523, unchanged=391, early_stops=8/8
26 - INFO - chord#: 72 In build_straw_man_chord_sa. tolerance = 1, sa_iterations = 1000, initial_temperature = 3.0, cooling_rate = 0.999
26 - INFO - chord#: 56 done. best_score=27.0, changed=518, unchanged=424, early_stops=8/8
26 - INFO - chord#: 58 In build_straw_man_chord_sa. tolerance = 1, sa_iterations = 1000, initial_temperature = 3.0, cooling_rate = 0.999
26 - INFO - chord#: 52 done. best_score=146.0, changed=616, unchanged=270, early_stops=8/8
26 - INFO - chord#: 56 In build_straw_man_chord_sa. tolerance = 1, sa_iterations = 1000, initial_temperature = 3.0, cooling_rate = 0.999
26 - INFO - chord#: 68 done. best_score=36.0, changed=522, unchanged=333, early_stops=8/8
26 - INFO - chord#: 72 In build_straw_man_chord_sa. tolerance = 1, sa_iterations = 1000, initial_temperature = 3.0, cooling_rate = 0.999
26 - INFO - chord#: 64 done. best_score=27.0, changed=516, unchanged=372, early_stops=8/8
26 - INFO - chord#: 68 In build_straw_man_chord_sa. tolerance = 1, sa_iterations = 1000, initial_temperature = 3.0, cooling_rate = 0.999
26 - INFO - chord#: 64 done. best_score=27.0, changed=528, unchanged=451, early_stops=8/8
26 - INFO - chord#: 68 In build_straw_man_chord_sa. tolerance = 1, sa_iterations = 1000, initial_temperature = 3.0, cooling_rate = 0.999
26 - INFO - chord#: 64 done. best_score=27.0, changed=520, unchanged=341, early_stops=8/8
26 - INFO - chord#: 68 In build_straw_man_chord_sa. tolerance = 1, sa_iterations = 1000, initial_temperature = 3.0, cooling_rate = 0.999
26 - INFO - chord#: 52 done. best_score=146.0, changed=609, unchanged=266, early_stops=8/8
26 - INFO - chord#: 56 In build_straw_man_chord_sa. tolerance = 1, sa_iterations = 1000, initial_temperature = 3.0, cooling_rate = 0.999
26 - INFO - chord#: 72 done. best_score=27.0, changed=516, unchanged=443, early_stops=8/8
26 - INFO - chord#: 76 In build_straw_man_chord_sa. tolerance = 1, sa_iterations = 1000, initial_temperature = 3.0, cooling_rate = 0.999
26 - INFO - chord#: 52 done. best_score=64.0, changed=606, unchanged=220, early_stops=8/8
26 - INFO - chord#: 56 In build_straw_man_chord_sa. tolerance = 1, sa_iterations = 1000, initial_temperature = 3.0, cooling_rate = 0.999
26 - INFO - chord#: 52 done. best_score=146.0, changed=610, unchanged=304, early_stops=8/8
26 - INFO - chord#: 56 In build_straw_man_chord_sa. tolerance = 1, sa_iterations = 1000, initial_temperature = 3.0, cooling_rate = 0.999
26 - INFO - chord#: 72 done. best_score=27.0, changed=520, unchanged=371, early_stops=8/8
26 - INFO - chord#: 76 In build_straw_man_chord_sa. tolerance = 1, sa_iterations = 1000, initial_temperature = 3.0, cooling_rate = 0.999
26 - INFO - chord#: 58 done. best_score=162.0, changed=619, unchanged=417, early_stops=8/8
26 - INFO - chord#: 60 In build_straw_man_chord_sa. tolerance = 1, sa_iterations = 1000, initial_temperature = 3.0, cooling_rate = 0.999
26 - INFO - chord#: 68 done. best_score=36.0, changed=520, unchanged=394, early_stops=8/8
26 - INFO - chord#: 72 In build_straw_man_chord_sa. tolerance = 1, sa_iterations = 1000, initial_temperature = 3.0, cooling_rate = 0.999
26 - INFO - chord#: 68 done. best_score=36.0, changed=529, unchanged=399, early_stops=8/8
26 - INFO - chord#: 72 In build_straw_man_chord_sa. tolerance = 1, sa_iterations = 1000, initial_temperature = 3.0, cooling_rate = 0.999
26 - INFO - chord#: 68 done. best_score=36.0, changed=524, unchanged=400, early_stops=8/8
26 - INFO - chord#: 72 In build_straw_man_chord_sa. tolerance = 1, sa_iterations = 1000, initial_temperature = 3.0, cooling_rate = 0.999
26 - INFO - chord#: 76 done. best_score=27.0, changed=520, unchanged=343, early_stops=8/8
26 - INFO - chord#: 84 In build_straw_man_chord_sa. tolerance = 1, sa_iterations = 1000, initial_temperature = 3.0, cooling_rate = 0.999
26 - INFO - chord#: 56 done. best_score=27.0, changed=526, unchanged=680, early_stops=8/8
26 - INFO - chord#: 58 In build_straw_man_chord_sa. tolerance = 1, sa_iterations = 1000, initial_temperature = 3.0, cooling_rate = 0.999
26 - INFO - chord#: 56 done. best_score=27.0, changed=514, unchanged=362, early_stops=8/8
26 - INFO - chord#: 58 In build_straw_man_chord_sa. tolerance = 1, sa_iterations = 1000, initial_temperature = 3.0, cooling_rate = 0.999
26 - INFO - chord#: 76 done. best_score=27.0, changed=526, unchanged=381, early_stops=8/8
26 - INFO - chord#: 84 In build_straw_man_chord_sa. tolerance = 1, sa_iterations = 1000, initial_temperature = 3.0, cooling_rate = 0.999
26 - INFO - chord#: 52 done. best_score=154.0, changed=610, unchanged=249, early_stops=8/8
26 - INFO - chord#: 56 In build_straw_man_chord_sa. tolerance = 1, sa_iterations = 1000, initial_temperature = 3.0, cooling_rate = 0.999
26 - INFO - chord#: 56 done. best_score=27.0, changed=515, unchanged=368, early_stops=8/8
26 - INFO - chord#: 58 In build_straw_man_chord_sa. tolerance = 1, sa_iterations = 1000, initial_temperature = 3.0, cooling_rate = 0.999
26 - INFO - chord#: 60 done. best_score=27.0, changed=529, unchanged=496, early_stops=8/8
26 - INFO - chord#: 64 In build_straw_man_chord_sa. tolerance = 1, sa_iterations = 1000, initial_temperature = 3.0, cooling_rate = 0.999
26 - INFO - chord#: 72 done. best_score=27.0, changed=515, unchanged=480, early_stops=8/8
26 - INFO - chord#: 76 In build_straw_man_chord_sa. tolerance = 1, sa_iterations = 1000, initial_temperature = 3.0, cooling_rate = 0.999
26 - INFO - chord#: 56 done. best_score=27.0, changed=526, unchanged=428, early_stops=8/8
26 - INFO - chord#: 58 In build_straw_man_chord_sa. tolerance = 1, sa_iterations = 1000, initial_temperature = 3.0, cooling_rate = 0.999
26 - INFO - chord#: 72 done. best_score=27.0, changed=523, unchanged=419, early_stops=8/8
26 - INFO - chord#: 76 In build_straw_man_chord_sa. tolerance = 1, sa_iterations = 1000, initial_temperature = 3.0, cooling_rate = 0.999
26 - INFO - chord#: 84 done. best_score=27.0, changed=517, unchanged=350, early_stops=8/8
26 - INFO - chord#: 86 In build_straw_man_chord_sa. tolerance = 1, sa_iterations = 1000, initial_temperature = 3.0, cooling_rate = 0.999
26 - INFO - chord#: 72 done. best_score=27.0, changed=521, unchanged=549, early_stops=8/8
26 - INFO - chord#: 76 In build_straw_man_chord_sa. tolerance = 1, sa_iterations = 1000, initial_temperature = 3.0, cooling_rate = 0.999
26 - INFO - chord#: 84 done. best_score=27.0, changed=518, unchanged=354, early_stops=8/8
26 - INFO - chord#: 86 In build_straw_man_chord_sa. tolerance = 1, sa_iterations = 1000, initial_temperature = 3.0, cooling_rate = 0.999
26 - INFO - chord#: 64 done. best_score=27.0, changed=531, unchanged=441, early_stops=8/8
26 - INFO - chord#: 68 In build_straw_man_chord_sa. tolerance = 1, sa_iterations = 1000, initial_temperature = 3.0, cooling_rate = 0.999
26 - INFO - chord#: 76 done. best_score=27.0, changed=518, unchanged=397, early_stops=8/8
26 - INFO - chord#: 84 In build_straw_man_chord_sa. tolerance = 1, sa_iterations = 1000, initial_temperature = 3.0, cooling_rate = 0.999
26 - INFO - chord#: 58 done. best_score=96.0, changed=612, unchanged=409, early_stops=8/8
26 - INFO - chord#: 60 In build_straw_man_chord_sa. tolerance = 1, sa_iterations = 1000, initial_temperature = 3.0, cooling_rate = 0.999
26 - INFO - chord#: 76 done. best_score=27.0, changed=522, unchanged=376, early_stops=8/8
26 - INFO - chord#: 84 In build_straw_man_chord_sa. tolerance = 1, sa_iterations = 1000, initial_temperature = 3.0, cooling_rate = 0.999
26 - INFO - chord#: 56 done. best_score=27.0, changed=516, unchanged=373, early_stops=8/8
26 - INFO - chord#: 58 In build_straw_man_chord_sa. tolerance = 1, sa_iterations = 1000, initial_temperature = 3.0, cooling_rate = 0.999
26 - INFO - chord#: 76 done. best_score=27.0, changed=530, unchanged=373, early_stops=8/8
26 - INFO - chord#: 84 In build_straw_man_chord_sa. tolerance = 1, sa_iterations = 1000, initial_temperature = 3.0, cooling_rate = 0.999
26 - INFO - chord#: 84 done. best_score=27.0, changed=528, unchanged=359, early_stops=8/8
26 - INFO - chord#: 86 In build_straw_man_chord_sa. tolerance = 1, sa_iterations = 1000, initial_temperature = 3.0, cooling_rate = 0.999
26 - INFO - chord#: 68 done. best_score=36.0, changed=521, unchanged=361, early_stops=8/8
26 - INFO - chord#: 72 In build_straw_man_chord_sa. tolerance = 1, sa_iterations = 1000, initial_temperature = 3.0, cooling_rate = 0.999
26 - INFO - chord#: 84 done. best_score=27.0, changed=525, unchanged=362, early_stops=8/8
26 - INFO - chord#: 86 In build_straw_man_chord_sa. tolerance = 1, sa_iterations = 1000, initial_temperature = 3.0, cooling_rate = 0.999
26 - INFO - chord#: 60 done. best_score=27.0, changed=517, unchanged=300, early_stops=8/8
26 - INFO - chord#: 64 In build_straw_man_chord_sa. tolerance = 1, sa_iterations = 1000, initial_temperature = 3.0, cooling_rate = 0.999
26 - INFO - chord#: 58 done. best_score=78.0, changed=608, unchanged=220, early_stops=8/8
26 - INFO - chord#: 60 In build_straw_man_chord_sa. tolerance = 1, sa_iterations = 1000, initial_temperature = 3.0, cooling_rate = 0.999
26 - INFO - chord#: 58 done. best_score=67.0, changed=610, unchanged=282, early_stops=8/8
26 - INFO - chord#: 60 In build_straw_man_chord_sa. tolerance = 1, sa_iterations = 1000, initial_temperature = 3.0, cooling_rate = 0.999
26 - INFO - chord#: 84 done. best_score=27.0, changed=531, unchanged=670, early_stops=8/8
26 - INFO - chord#: 86 In build_straw_man_chord_sa. tolerance = 1, sa_iterations = 1000, initial_temperature = 3.0, cooling_rate = 0.999
26 - INFO - chord#: 86 done. best_score=74.0, changed=612, unchanged=341, early_stops=8/8
26 - INFO - chord#: 88 In build_straw_man_chord_sa. tolerance = 1, sa_iterations = 1000, initial_temperature = 3.0, cooling_rate = 0.999
26 - INFO - chord#: 58 done. best_score=137.0, changed=614, unchanged=297, early_stops=8/8
26 - INFO - chord#: 60 In build_straw_man_chord_sa. tolerance = 1, sa_iterations = 1000, initial_temperature = 3.0, cooling_rate = 0.999
26 - INFO - chord#: 72 done. best_score=27.0, changed=513, unchanged=311, early_stops=8/8
26 - INFO - chord#: 76 In build_straw_man_chord_sa. tolerance = 1, sa_iterations = 1000, initial_temperature = 3.0, cooling_rate = 0.999
26 - INFO - chord#: 58 done. best_score=162.0, changed=609, unchanged=319, early_stops=8/8
26 - INFO - chord#: 60 In build_straw_man_chord_sa. tolerance = 1, sa_iterations = 1000, initial_temperature = 3.0, cooling_rate = 0.999
26 - INFO - chord#: 64 done. best_score=27.0, changed=517, unchanged=338, early_stops=8/8
26 - INFO - chord#: 68 In build_straw_man_chord_sa. tolerance = 1, sa_iterations = 1000, initial_temperature = 3.0, cooling_rate = 0.999
26 - INFO - chord#: 60 done. best_score=27.0, changed=534, unchanged=508, early_stops=8/8
26 - INFO - chord#: 64 In build_straw_man_chord_sa. tolerance = 1, sa_iterations = 1000, initial_temperature = 3.0, cooling_rate = 0.999
26 - INFO - chord#: 60 done. best_score=27.0, changed=525, unchanged=319, early_stops=8/8
26 - INFO - chord#: 64 In build_straw_man_chord_sa. tolerance = 1, sa_iterations = 1000, initial_temperature = 3.0, cooling_rate = 0.999
26 - INFO - chord#: 58 done. best_score=67.0, changed=609, unchanged=252, early_stops=8/8
26 - INFO - chord#: 60 In build_straw_man_chord_sa. tolerance = 1, sa_iterations = 1000, initial_temperature = 3.0, cooling_rate = 0.999
26 - INFO - chord#: 86 done. best_score=96.0, changed=617, unchanged=622, early_stops=8/8
26 - INFO - chord#: 88 In build_straw_man_chord_sa. tolerance = 1, sa_iterations = 1000, initial_temperature = 3.0, cooling_rate = 0.999
26 - INFO - chord#: 76 done. best_score=27.0, changed=521, unchanged=393, early_stops=8/8
26 - INFO - chord#: 84 In build_straw_man_chord_sa. tolerance = 1, sa_iterations = 1000, initial_temperature = 3.0, cooling_rate = 0.999
26 - INFO - chord#: 60 done. best_score=27.0, changed=532, unchanged=367, early_stops=8/8
26 - INFO - chord#: 64 In build_straw_man_chord_sa. tolerance = 1, sa_iterations = 1000, initial_temperature = 3.0, cooling_rate = 0.999
26 - INFO - chord#: 60 done. best_score=27.0, changed=521, unchanged=319, early_stops=8/8
26 - INFO - chord#: 64 In build_straw_man_chord_sa. tolerance = 1, sa_iterations = 1000, initial_temperature = 3.0, cooling_rate = 0.999
26 - INFO - chord#: 86 done. best_score=96.0, changed=606, unchanged=320, early_stops=8/8
26 - INFO - chord#: 88 In build_straw_man_chord_sa. tolerance = 1, sa_iterations = 1000, initial_temperature = 3.0, cooling_rate = 0.999
26 - INFO - chord#: 86 done. best_score=74.0, changed=613, unchanged=433, early_stops=8/8
26 - INFO - chord#: 88 In build_straw_man_chord_sa. tolerance = 1, sa_iterations = 1000, initial_temperature = 3.0, cooling_rate = 0.999
26 - INFO - chord#: 64 done. best_score=27.0, changed=526, unchanged=348, early_stops=8/8
26 - INFO - chord#: 68 In build_straw_man_chord_sa. tolerance = 1, sa_iterations = 1000, initial_temperature = 3.0, cooling_rate = 0.999
26 - INFO - chord#: 64 done. best_score=27.0, changed=520, unchanged=345, early_stops=8/8
26 - INFO - chord#: 68 In build_straw_man_chord_sa. tolerance = 1, sa_iterations = 1000, initial_temperature = 3.0, cooling_rate = 0.999
26 - INFO - chord#: 68 done. best_score=36.0, changed=525, unchanged=346, early_stops=8/8
26 - INFO - chord#: 72 In build_straw_man_chord_sa. tolerance = 1, sa_iterations = 1000, initial_temperature = 3.0, cooling_rate = 0.999
26 - INFO - chord#: 84 done. best_score=27.0, changed=524, unchanged=439, early_stops=8/8
26 - INFO - chord#: 86 In build_straw_man_chord_sa. tolerance = 1, sa_iterations = 1000, initial_temperature = 3.0, cooling_rate = 0.999
26 - INFO - chord#: 64 done. best_score=27.0, changed=527, unchanged=412, early_stops=8/8
26 - INFO - chord#: 68 In build_straw_man_chord_sa. tolerance = 1, sa_iterations = 1000, initial_temperature = 3.0, cooling_rate = 0.999
26 - INFO - chord#: 86 done. best_score=96.0, changed=617, unchanged=441, early_stops=8/8
26 - INFO - chord#: 88 In build_straw_man_chord_sa. tolerance = 1, sa_iterations = 1000, initial_temperature = 3.0, cooling_rate = 0.999
26 - INFO - chord#: 60 done. best_score=27.0, changed=531, unchanged=498, early_stops=8/8
26 - INFO - chord#: 64 In build_straw_man_chord_sa. tolerance = 1, sa_iterations = 1000, initial_temperature = 3.0, cooling_rate = 0.999
26 - INFO - chord#: 64 done. best_score=27.0, changed=531, unchanged=366, early_stops=8/8
26 - INFO - chord#: 68 In build_straw_man_chord_sa. tolerance = 1, sa_iterations = 1000, initial_temperature = 3.0, cooling_rate = 0.999
26 - INFO - chord#: 88 done. best_score=78.0, changed=612, unchanged=399, early_stops=8/8
26 - INFO - chord#: 90 In build_straw_man_chord_sa. tolerance = 1, sa_iterations = 1000, initial_temperature = 3.0, cooling_rate = 0.999
26 - INFO - chord#: 68 done. best_score=36.0, changed=519, unchanged=320, early_stops=8/8
26 - INFO - chord#: 72 In build_straw_man_chord_sa. tolerance = 1, sa_iterations = 1000, initial_temperature = 3.0, cooling_rate = 0.999
26 - INFO - chord#: 68 done. best_score=36.0, changed=520, unchanged=348, early_stops=8/8
26 - INFO - chord#: 72 In build_straw_man_chord_sa. tolerance = 1, sa_iterations = 1000, initial_temperature = 3.0, cooling_rate = 0.999
26 - INFO - chord#: 72 done. best_score=27.0, changed=516, unchanged=330, early_stops=8/8
26 - INFO - chord#: 76 In build_straw_man_chord_sa. tolerance = 1, sa_iterations = 1000, initial_temperature = 3.0, cooling_rate = 0.999
26 - INFO - chord#: 64 done. best_score=27.0, changed=525, unchanged=388, early_stops=8/8
26 - INFO - chord#: 68 In build_straw_man_chord_sa. tolerance = 1, sa_iterations = 1000, initial_temperature = 3.0, cooling_rate = 0.999
26 - INFO - chord#: 68 done. best_score=36.0, changed=528, unchanged=362, early_stops=8/8
26 - INFO - chord#: 72 In build_straw_man_chord_sa. tolerance = 1, sa_iterations = 1000, initial_temperature = 3.0, cooling_rate = 0.999
26 - INFO - chord#: 90 done. best_score=36.0, changed=531, unchanged=364, early_stops=8/8
26 - INFO - chord#: 92 In build_straw_man_chord_sa. tolerance = 1, sa_iterations = 1000, initial_temperature = 3.0, cooling_rate = 0.999
26 - INFO - chord#: 68 done. best_score=36.0, changed=520, unchanged=311, early_stops=8/8
26 - INFO - chord#: 72 In build_straw_man_chord_sa. tolerance = 1, sa_iterations = 1000, initial_temperature = 3.0, cooling_rate = 0.999
26 - INFO - chord#: 88 done. best_score=78.0, changed=610, unchanged=282, early_stops=8/8
26 - INFO - chord#: 90 In build_straw_man_chord_sa. tolerance = 1, sa_iterations = 1000, initial_temperature = 3.0, cooling_rate = 0.999
26 - INFO - chord#: 86 done. best_score=74.0, changed=609, unchanged=236, early_stops=8/8
26 - INFO - chord#: 88 In build_straw_man_chord_sa. tolerance = 1, sa_iterations = 1000, initial_temperature = 3.0, cooling_rate = 0.999
26 - INFO - chord#: 72 done. best_score=27.0, changed=526, unchanged=416, early_stops=8/8
26 - INFO - chord#: 76 In build_straw_man_chord_sa. tolerance = 1, sa_iterations = 1000, initial_temperature = 3.0, cooling_rate = 0.999
26 - INFO - chord#: 72 done. best_score=27.0, changed=526, unchanged=382, early_stops=8/8
26 - INFO - chord#: 76 In build_straw_man_chord_sa. tolerance = 1, sa_iterations = 1000, initial_temperature = 3.0, cooling_rate = 0.999
26 - INFO - chord#: 88 done. best_score=157.0, changed=615, unchanged=605, early_stops=8/8
26 - INFO - chord#: 90 In build_straw_man_chord_sa. tolerance = 1, sa_iterations = 1000, initial_temperature = 3.0, cooling_rate = 0.999
26 - INFO - chord#: 76 done. best_score=27.0, changed=520, unchanged=463, early_stops=8/8
26 - INFO - chord#: 84 In build_straw_man_chord_sa. tolerance = 1, sa_iterations = 1000, initial_temperature = 3.0, cooling_rate = 0.999
26 - INFO - chord#: 72 done. best_score=27.0, changed=527, unchanged=394, early_stops=8/8
26 - INFO - chord#: 76 In build_straw_man_chord_sa. tolerance = 1, sa_iterations = 1000, initial_temperature = 3.0, cooling_rate = 0.999
26 - INFO - chord#: 92 done. best_score=27.0, changed=519, unchanged=423, early_stops=8/8
26 - INFO - chord#: 96 In build_straw_man_chord_sa. tolerance = 1, sa_iterations = 1000, initial_temperature = 3.0, cooling_rate = 0.999
26 - INFO - chord#: 88 done. best_score=140.0, changed=610, unchanged=296, early_stops=8/8
26 - INFO - chord#: 90 In build_straw_man_chord_sa. tolerance = 1, sa_iterations = 1000, initial_temperature = 3.0, cooling_rate = 0.999
26 - INFO - chord#: 90 done. best_score=36.0, changed=525, unchanged=303, early_stops=8/8
26 - INFO - chord#: 92 In build_straw_man_chord_sa. tolerance = 1, sa_iterations = 1000, initial_temperature = 3.0, cooling_rate = 0.999
26 - INFO - chord#: 68 done. best_score=36.0, changed=528, unchanged=397, early_stops=8/8
26 - INFO - chord#: 72 In build_straw_man_chord_sa. tolerance = 1, sa_iterations = 1000, initial_temperature = 3.0, cooling_rate = 0.999
26 - INFO - chord#: 76 done. best_score=27.0, changed=520, unchanged=315, early_stops=8/8
26 - INFO - chord#: 84 In build_straw_man_chord_sa. tolerance = 1, sa_iterations = 1000, initial_temperature = 3.0, cooling_rate = 0.999
26 - INFO - chord#: 88 done. best_score=119.0, changed=617, unchanged=603, early_stops=8/8
26 - INFO - chord#: 90 In build_straw_man_chord_sa. tolerance = 1, sa_iterations = 1000, initial_temperature = 3.0, cooling_rate = 0.999
26 - INFO - chord#: 72 done. best_score=27.0, changed=529, unchanged=451, early_stops=8/8
26 - INFO - chord#: 76 In build_straw_man_chord_sa. tolerance = 1, sa_iterations = 1000, initial_temperature = 3.0, cooling_rate = 0.999
26 - INFO - chord#: 90 done. best_score=72.0, changed=536, unchanged=322, early_stops=8/8
26 - INFO - chord#: 92 In build_straw_man_chord_sa. tolerance = 1, sa_iterations = 1000, initial_temperature = 3.0, cooling_rate = 0.999
26 - INFO - chord#: 76 done. best_score=27.0, changed=516, unchanged=364, early_stops=8/8
26 - INFO - chord#: 84 In build_straw_man_chord_sa. tolerance = 1, sa_iterations = 1000, initial_temperature = 3.0, cooling_rate = 0.999
26 - INFO - chord#: 84 done. best_score=27.0, changed=525, unchanged=399, early_stops=8/8
26 - INFO - chord#: 86 In build_straw_man_chord_sa. tolerance = 1, sa_iterations = 1000, initial_temperature = 3.0, cooling_rate = 0.999
26 - INFO - chord#: 90 done. best_score=36.0, changed=524, unchanged=324, early_stops=8/8
26 - INFO - chord#: 92 In build_straw_man_chord_sa. tolerance = 1, sa_iterations = 1000, initial_temperature = 3.0, cooling_rate = 0.999
26 - INFO - chord#: 76 done. best_score=27.0, changed=512, unchanged=343, early_stops=8/8
26 - INFO - chord#: 84 In build_straw_man_chord_sa. tolerance = 1, sa_iterations = 1000, initial_temperature = 3.0, cooling_rate = 0.999
26 - INFO - chord#: 96 done. best_score=27.0, changed=525, unchanged=414, early_stops=8/8
26 - INFO - chord#: 100 In build_straw_man_chord_sa. tolerance = 1, sa_iterations = 1000, initial_temperature = 3.0, cooling_rate = 0.999
26 - INFO - chord#: 90 done. best_score=36.0, changed=530, unchanged=379, early_stops=8/8
26 - INFO - chord#: 92 In build_straw_man_chord_sa. tolerance = 1, sa_iterations = 1000, initial_temperature = 3.0, cooling_rate = 0.999
26 - INFO - chord#: 84 done. best_score=27.0, changed=524, unchanged=377, early_stops=8/8
26 - INFO - chord#: 86 In build_straw_man_chord_sa. tolerance = 1, sa_iterations = 1000, initial_temperature = 3.0, cooling_rate = 0.999
26 - INFO - chord#: 92 done. best_score=27.0, changed=515, unchanged=341, early_stops=8/8
26 - INFO - chord#: 96 In build_straw_man_chord_sa. tolerance = 1, sa_iterations = 1000, initial_temperature = 3.0, cooling_rate = 0.999
26 - INFO - chord#: 92 done. best_score=27.0, changed=515, unchanged=379, early_stops=8/8
26 - INFO - chord#: 96 In build_straw_man_chord_sa. tolerance = 1, sa_iterations = 1000, initial_temperature = 3.0, cooling_rate = 0.999
26 - INFO - chord#: 72 done. best_score=27.0, changed=522, unchanged=448, early_stops=8/8
26 - INFO - chord#: 76 In build_straw_man_chord_sa. tolerance = 1, sa_iterations = 1000, initial_temperature = 3.0, cooling_rate = 0.999
26 - INFO - chord#: 76 done. best_score=27.0, changed=525, unchanged=330, early_stops=8/8
26 - INFO - chord#: 84 In build_straw_man_chord_sa. tolerance = 1, sa_iterations = 1000, initial_temperature = 3.0, cooling_rate = 0.999
26 - INFO - chord#: 84 done. best_score=27.0, changed=522, unchanged=428, early_stops=8/8
26 - INFO - chord#: 86 In build_straw_man_chord_sa. tolerance = 1, sa_iterations = 1000, initial_temperature = 3.0, cooling_rate = 0.999
26 - INFO - chord#: 92 done. best_score=27.0, changed=521, unchanged=417, early_stops=8/8
26 - INFO - chord#: 96 In build_straw_man_chord_sa. tolerance = 1, sa_iterations = 1000, initial_temperature = 3.0, cooling_rate = 0.999
26 - INFO - chord#: 92 done. best_score=27.0, changed=519, unchanged=406, early_stops=8/8
26 - INFO - chord#: 96 In build_straw_man_chord_sa. tolerance = 1, sa_iterations = 1000, initial_temperature = 3.0, cooling_rate = 0.999
26 - INFO - chord#: 88 done. best_score=101.0, changed=620, unchanged=433, early_stops=8/8
26 - INFO - chord#: 90 In build_straw_man_chord_sa. tolerance = 1, sa_iterations = 1000, initial_temperature = 3.0, cooling_rate = 0.999
26 - INFO - chord#: 84 done. best_score=27.0, changed=530, unchanged=453, early_stops=8/8
26 - INFO - chord#: 86 In build_straw_man_chord_sa. tolerance = 1, sa_iterations = 1000, initial_temperature = 3.0, cooling_rate = 0.999
26 - INFO - chord#: 76 done. best_score=27.0, changed=516, unchanged=321, early_stops=8/8
26 - INFO - chord#: 84 In build_straw_man_chord_sa. tolerance = 1, sa_iterations = 1000, initial_temperature = 3.0, cooling_rate = 0.999
26 - INFO - chord#: 96 done. best_score=27.0, changed=523, unchanged=385, early_stops=8/8
26 - INFO - chord#: 100 In build_straw_man_chord_sa. tolerance = 1, sa_iterations = 1000, initial_temperature = 3.0, cooling_rate = 0.999
26 - INFO - chord#: 84 done. best_score=27.0, changed=522, unchanged=399, early_stops=8/8
26 - INFO - chord#: 86 In build_straw_man_chord_sa. tolerance = 1, sa_iterations = 1000, initial_temperature = 3.0, cooling_rate = 0.999
26 - INFO - chord#: 96 done. best_score=27.0, changed=515, unchanged=411, early_stops=8/8
26 - INFO - chord#: 100 In build_straw_man_chord_sa. tolerance = 1, sa_iterations = 1000, initial_temperature = 3.0, cooling_rate = 0.999
26 - INFO - chord#: 90 done. best_score=36.0, changed=530, unchanged=312, early_stops=8/8
26 - INFO - chord#: 92 In build_straw_man_chord_sa. tolerance = 1, sa_iterations = 1000, initial_temperature = 3.0, cooling_rate = 0.999
26 - INFO - chord#: 96 done. best_score=27.0, changed=518, unchanged=493, early_stops=8/8
26 - INFO - chord#: 100 In build_straw_man_chord_sa. tolerance = 1, sa_iterations = 1000, initial_temperature = 3.0, cooling_rate = 0.999
26 - INFO - chord#: 96 done. best_score=27.0, changed=517, unchanged=391, early_stops=8/8
26 - INFO - chord#: 100 In build_straw_man_chord_sa. tolerance = 1, sa_iterations = 1000, initial_temperature = 3.0, cooling_rate = 0.999
26 - INFO - chord#: 86 done. best_score=74.0, changed=608, unchanged=266, early_stops=8/8
26 - INFO - chord#: 88 In build_straw_man_chord_sa. tolerance = 1, sa_iterations = 1000, initial_temperature = 3.0, cooling_rate = 0.999
26 - INFO - chord#: 86 done. best_score=74.0, changed=610, unchanged=331, early_stops=8/8
26 - INFO - chord#: 100 done. best_score=67.0, changed=622, unchanged=358, early_stops=8/8
26 - INFO - chord#: 88 In build_straw_man_chord_sa. tolerance = 1, sa_iterations = 1000, initial_temperature = 3.0, cooling_rate = 0.999
26 - INFO - chord#: 104 In build_straw_man_chord_sa. tolerance = 1, sa_iterations = 1000, initial_temperature = 3.0, cooling_rate = 0.999
26 - INFO - chord#: 84 done. best_score=27.0, changed=533, unchanged=442, early_stops=8/8
26 - INFO - chord#: 86 In build_straw_man_chord_sa. tolerance = 1, sa_iterations = 1000, initial_temperature = 3.0, cooling_rate = 0.999
26 - INFO - chord#: 92 done. best_score=27.0, changed=518, unchanged=341, early_stops=8/8
26 - INFO - chord#: 96 In build_straw_man_chord_sa. tolerance = 1, sa_iterations = 1000, initial_temperature = 3.0, cooling_rate = 0.999
26 - INFO - chord#: 104 done. best_score=36.0, changed=521, unchanged=485, early_stops=8/8
26 - INFO - chord#: 108 In build_straw_man_chord_sa. tolerance = 1, sa_iterations = 1000, initial_temperature = 3.0, cooling_rate = 0.999
26 - INFO - chord#: 86 done. best_score=74.0, changed=612, unchanged=378, early_stops=8/8
26 - INFO - chord#: 88 In build_straw_man_chord_sa. tolerance = 1, sa_iterations = 1000, initial_temperature = 3.0, cooling_rate = 0.999
26 - INFO - chord#: 100 done. best_score=78.0, changed=610, unchanged=353, early_stops=8/8
26 - INFO - chord#: 104 In build_straw_man_chord_sa. tolerance = 1, sa_iterations = 1000, initial_temperature = 3.0, cooling_rate = 0.999
26 - INFO - chord#: 86 done. best_score=74.0, changed=611, unchanged=269, early_stops=8/8
26 - INFO - chord#: 88 In build_straw_man_chord_sa. tolerance = 1, sa_iterations = 1000, initial_temperature = 3.0, cooling_rate = 0.999
26 - INFO - chord#: 96 done. best_score=27.0, changed=531, unchanged=460, early_stops=8/8
26 - INFO - chord#: 100 In build_straw_man_chord_sa. tolerance = 1, sa_iterations = 1000, initial_temperature = 3.0, cooling_rate = 0.999
26 - INFO - chord#: 100 done. best_score=137.0, changed=610, unchanged=328, early_stops=8/8
26 - INFO - chord#: 104 In build_straw_man_chord_sa. tolerance = 1, sa_iterations = 1000, initial_temperature = 3.0, cooling_rate = 0.999
26 - INFO - chord#: 100 done. best_score=67.0, changed=614, unchanged=340, early_stops=8/8
26 - INFO - chord#: 104 In build_straw_man_chord_sa. tolerance = 1, sa_iterations = 1000, initial_temperature = 3.0, cooling_rate = 0.999
26 - INFO - chord#: 86 done. best_score=96.0, changed=617, unchanged=383, early_stops=8/8
26 - INFO - chord#: 88 In build_straw_man_chord_sa. tolerance = 1, sa_iterations = 1000, initial_temperature = 3.0, cooling_rate = 0.999
26 - INFO - chord#: 88 done. best_score=131.0, changed=611, unchanged=330, early_stops=8/8
26 - INFO - chord#: 90 In build_straw_man_chord_sa. tolerance = 1, sa_iterations = 1000, initial_temperature = 3.0, cooling_rate = 0.999
26 - INFO - chord#: 100 done. best_score=67.0, changed=610, unchanged=337, early_stops=8/8
26 - INFO - chord#: 104 In build_straw_man_chord_sa. tolerance = 1, sa_iterations = 1000, initial_temperature = 3.0, cooling_rate = 0.999
26 - INFO - chord#: 108 done. best_score=27.0, changed=524, unchanged=421, early_stops=8/8
26 - INFO - chord#: 110 In build_straw_man_chord_sa. tolerance = 1, sa_iterations = 1000, initial_temperature = 3.0, cooling_rate = 0.999
26 - INFO - chord#: 104 done. best_score=36.0, changed=528, unchanged=412, early_stops=8/8
26 - INFO - chord#: 108 In build_straw_man_chord_sa. tolerance = 1, sa_iterations = 1000, initial_temperature = 3.0, cooling_rate = 0.999
26 - INFO - chord#: 86 done. best_score=172.0, changed=605, unchanged=213, early_stops=8/8
26 - INFO - chord#: 88 In build_straw_man_chord_sa. tolerance = 1, sa_iterations = 1000, initial_temperature = 3.0, cooling_rate = 0.999
26 - INFO - chord#: 90 done. best_score=77.0, changed=543, unchanged=294, early_stops=8/8
26 - INFO - chord#: 92 In build_straw_man_chord_sa. tolerance = 1, sa_iterations = 1000, initial_temperature = 3.0, cooling_rate = 0.999
26 - INFO - chord#: 104 done. best_score=36.0, changed=528, unchanged=346, early_stops=8/8
26 - INFO - chord#: 108 In build_straw_man_chord_sa. tolerance = 1, sa_iterations = 1000, initial_temperature = 3.0, cooling_rate = 0.999
26 - INFO - chord#: 88 done. best_score=158.0, changed=614, unchanged=282, early_stops=8/8
26 - INFO - chord#: 90 In build_straw_man_chord_sa. tolerance = 1, sa_iterations = 1000, initial_temperature = 3.0, cooling_rate = 0.999
26 - INFO - chord#: 104 done. best_score=36.0, changed=526, unchanged=392, early_stops=8/8
26 - INFO - chord#: 108 In build_straw_man_chord_sa. tolerance = 1, sa_iterations = 1000, initial_temperature = 3.0, cooling_rate = 0.999
26 - INFO - chord#: 108 done. best_score=27.0, changed=520, unchanged=366, early_stops=8/8
26 - INFO - chord#: 110 In build_straw_man_chord_sa. tolerance = 1, sa_iterations = 1000, initial_temperature = 3.0, cooling_rate = 0.999
26 - INFO - chord#: 104 done. best_score=36.0, changed=523, unchanged=380, early_stops=8/8
26 - INFO - chord#: 108 In build_straw_man_chord_sa. tolerance = 1, sa_iterations = 1000, initial_temperature = 3.0, cooling_rate = 0.999
26 - INFO - chord#: 100 done. best_score=78.0, changed=608, unchanged=256, early_stops=8/8
26 - INFO - chord#: 104 In build_straw_man_chord_sa. tolerance = 1, sa_iterations = 1000, initial_temperature = 3.0, cooling_rate = 0.999
26 - INFO - chord#: 92 done. best_score=27.0, changed=534, unchanged=388, early_stops=8/8
26 - INFO - chord#: 96 In build_straw_man_chord_sa. tolerance = 1, sa_iterations = 1000, initial_temperature = 3.0, cooling_rate = 0.999
26 - INFO - chord#: 108 done. best_score=27.0, changed=515, unchanged=371, early_stops=8/8
26 - INFO - chord#: 110 In build_straw_man_chord_sa. tolerance = 1, sa_iterations = 1000, initial_temperature = 3.0, cooling_rate = 0.999
26 - INFO - chord#: 90 done. best_score=36.0, changed=537, unchanged=308, early_stops=8/8
26 - INFO - chord#: 92 In build_straw_man_chord_sa. tolerance = 1, sa_iterations = 1000, initial_temperature = 3.0, cooling_rate = 0.999
26 - INFO - chord#: 108 done. best_score=27.0, changed=523, unchanged=447, early_stops=8/8
26 - INFO - chord#: 110 In build_straw_man_chord_sa. tolerance = 1, sa_iterations = 1000, initial_temperature = 3.0, cooling_rate = 0.999
26 - INFO - chord#: 88 done. best_score=96.0, changed=617, unchanged=343, early_stops=8/8
26 - INFO - chord#: 90 In build_straw_man_chord_sa. tolerance = 1, sa_iterations = 1000, initial_temperature = 3.0, cooling_rate = 0.999
26 - INFO - chord#: 88 done. best_score=78.0, changed=610, unchanged=390, early_stops=8/8
26 - INFO - chord#: 90 In build_straw_man_chord_sa. tolerance = 1, sa_iterations = 1000, initial_temperature = 3.0, cooling_rate = 0.999
26 - INFO - chord#: 104 done. best_score=36.0, changed=522, unchanged=348, early_stops=8/8
26 - INFO - chord#: 108 In build_straw_man_chord_sa. tolerance = 1, sa_iterations = 1000, initial_temperature = 3.0, cooling_rate = 0.999
26 - INFO - chord#: 110 done. best_score=64.0, changed=610, unchanged=369, early_stops=8/8
26 - INFO - chord#: 112 In build_straw_man_chord_sa. tolerance = 1, sa_iterations = 1000, initial_temperature = 3.0, cooling_rate = 0.999
26 - INFO - chord#: 108 done. best_score=27.0, changed=520, unchanged=493, early_stops=8/8
26 - INFO - chord#: 110 In build_straw_man_chord_sa. tolerance = 1, sa_iterations = 1000, initial_temperature = 3.0, cooling_rate = 0.999
26 - INFO - chord#: 96 done. best_score=27.0, changed=523, unchanged=430, early_stops=8/8
26 - INFO - chord#: 100 In build_straw_man_chord_sa. tolerance = 1, sa_iterations = 1000, initial_temperature = 3.0, cooling_rate = 0.999
26 - INFO - chord#: 92 done. best_score=27.0, changed=522, unchanged=420, early_stops=8/8
26 - INFO - chord#: 96 In build_straw_man_chord_sa. tolerance = 1, sa_iterations = 1000, initial_temperature = 3.0, cooling_rate = 0.999
26 - INFO - chord#: 88 done. best_score=78.0, changed=611, unchanged=392, early_stops=8/8
26 - INFO - chord#: 90 In build_straw_man_chord_sa. tolerance = 1, sa_iterations = 1000, initial_temperature = 3.0, cooling_rate = 0.999
26 - INFO - chord#: 110 done. best_score=146.0, changed=611, unchanged=235, early_stops=8/8
26 - INFO - chord#: 112 In build_straw_man_chord_sa. tolerance = 1, sa_iterations = 1000, initial_temperature = 3.0, cooling_rate = 0.999
26 - INFO - chord#: 90 done. best_score=36.0, changed=521, unchanged=333, early_stops=8/8
26 - INFO - chord#: 92 In build_straw_man_chord_sa. tolerance = 1, sa_iterations = 1000, initial_temperature = 3.0, cooling_rate = 0.999
26 - INFO - chord#: 90 done. best_score=72.0, changed=526, unchanged=331, early_stops=8/8
26 - INFO - chord#: 92 In build_straw_man_chord_sa. tolerance = 1, sa_iterations = 1000, initial_temperature = 3.0, cooling_rate = 0.999
26 - INFO - chord#: 112 done. best_score=27.0, changed=516, unchanged=401, early_stops=8/8
26 - INFO - chord#: 114 In build_straw_man_chord_sa. tolerance = 1, sa_iterations = 1000, initial_temperature = 3.0, cooling_rate = 0.999
26 - INFO - chord#: 108 done. best_score=27.0, changed=519, unchanged=467, early_stops=8/8
26 - INFO - chord#: 110 In build_straw_man_chord_sa. tolerance = 1, sa_iterations = 1000, initial_temperature = 3.0, cooling_rate = 0.999
26 - INFO - chord#: 110 done. best_score=146.0, changed=607, unchanged=278, early_stops=8/8
26 - INFO - chord#: 112 In build_straw_man_chord_sa. tolerance = 1, sa_iterations = 1000, initial_temperature = 3.0, cooling_rate = 0.999
26 - INFO - chord#: 88 done. best_score=78.0, changed=615, unchanged=469, early_stops=8/8
26 - INFO - chord#: 90 In build_straw_man_chord_sa. tolerance = 1, sa_iterations = 1000, initial_temperature = 3.0, cooling_rate = 0.999
26 - INFO - chord#: 90 done. best_score=36.0, changed=529, unchanged=288, early_stops=8/8
26 - INFO - chord#: 92 In build_straw_man_chord_sa. tolerance = 1, sa_iterations = 1000, initial_temperature = 3.0, cooling_rate = 0.999
26 - INFO - chord#: 96 done. best_score=27.0, changed=521, unchanged=431, early_stops=8/8
26 - INFO - chord#: 100 In build_straw_man_chord_sa. tolerance = 1, sa_iterations = 1000, initial_temperature = 3.0, cooling_rate = 0.999
26 - INFO - chord#: 112 done. best_score=27.0, changed=529, unchanged=511, early_stops=8/8
26 - INFO - chord#: 114 In build_straw_man_chord_sa. tolerance = 1, sa_iterations = 1000, initial_temperature = 3.0, cooling_rate = 0.999
26 - INFO - chord#: 110 done. best_score=157.0, changed=612, unchanged=341, early_stops=8/8
26 - INFO - chord#: 112 In build_straw_man_chord_sa. tolerance = 1, sa_iterations = 1000, initial_temperature = 3.0, cooling_rate = 0.999
26 - INFO - chord#: 114 done. best_score=27.0, changed=518, unchanged=360, early_stops=8/8
26 - INFO - chord#: 116 In build_straw_man_chord_sa. tolerance = 1, sa_iterations = 1000, initial_temperature = 3.0, cooling_rate = 0.999
26 - INFO - chord#: 92 done. best_score=27.0, changed=512, unchanged=340, early_stops=8/8
26 - INFO - chord#: 96 In build_straw_man_chord_sa. tolerance = 1, sa_iterations = 1000, initial_temperature = 3.0, cooling_rate = 0.999
26 - INFO - chord#: 92 done. best_score=27.0, changed=514, unchanged=327, early_stops=8/8
26 - INFO - chord#: 96 In build_straw_man_chord_sa. tolerance = 1, sa_iterations = 1000, initial_temperature = 3.0, cooling_rate = 0.999
26 - INFO - chord#: 112 done. best_score=36.0, changed=521, unchanged=325, early_stops=8/8
26 - INFO - chord#: 114 In build_straw_man_chord_sa. tolerance = 1, sa_iterations = 1000, initial_temperature = 3.0, cooling_rate = 0.999
26 - INFO - chord#: 90 done. best_score=36.0, changed=523, unchanged=410, early_stops=8/8
26 - INFO - chord#: 92 In build_straw_man_chord_sa. tolerance = 1, sa_iterations = 1000, initial_temperature = 3.0, cooling_rate = 0.999
26 - INFO - chord#: 92 done. best_score=27.0, changed=518, unchanged=354, early_stops=8/8
26 - INFO - chord#: 96 In build_straw_man_chord_sa. tolerance = 1, sa_iterations = 1000, initial_temperature = 3.0, cooling_rate = 0.999
26 - INFO - chord#: 100 done. best_score=137.0, changed=614, unchanged=420, early_stops=8/8
26 - INFO - chord#: 104 In build_straw_man_chord_sa. tolerance = 1, sa_iterations = 1000, initial_temperature = 3.0, cooling_rate = 0.999
26 - INFO - chord#: 110 done. best_score=64.0, changed=608, unchanged=262, early_stops=8/8
26 - INFO - chord#: 112 In build_straw_man_chord_sa. tolerance = 1, sa_iterations = 1000, initial_temperature = 3.0, cooling_rate = 0.999
26 - INFO - chord#: 112 done. best_score=27.0, changed=527, unchanged=374, early_stops=8/8
26 - INFO - chord#: 114 In build_straw_man_chord_sa. tolerance = 1, sa_iterations = 1000, initial_temperature = 3.0, cooling_rate = 0.999
26 - INFO - chord#: 114 done. best_score=27.0, changed=524, unchanged=474, early_stops=8/8
26 - INFO - chord#: 116 In build_straw_man_chord_sa. tolerance = 1, sa_iterations = 1000, initial_temperature = 3.0, cooling_rate = 0.999
26 - INFO - chord#: 116 done. best_score=31.0, changed=527, unchanged=364, early_stops=8/8
26 - INFO - chord#: 120 In build_straw_man_chord_sa. tolerance = 1, sa_iterations = 1000, initial_temperature = 3.0, cooling_rate = 0.999
26 - INFO - chord#: 114 done. best_score=27.0, changed=520, unchanged=366, early_stops=8/8
26 - INFO - chord#: 116 In build_straw_man_chord_sa. tolerance = 1, sa_iterations = 1000, initial_temperature = 3.0, cooling_rate = 0.999
26 - INFO - chord#: 96 done. best_score=27.0, changed=511, unchanged=333, early_stops=8/8
26 - INFO - chord#: 100 In build_straw_man_chord_sa. tolerance = 1, sa_iterations = 1000, initial_temperature = 3.0, cooling_rate = 0.999
26 - INFO - chord#: 110 done. best_score=146.0, changed=614, unchanged=303, early_stops=8/8
26 - INFO - chord#: 112 In build_straw_man_chord_sa. tolerance = 1, sa_iterations = 1000, initial_temperature = 3.0, cooling_rate = 0.999
26 - INFO - chord#: 96 done. best_score=27.0, changed=524, unchanged=419, early_stops=8/8
26 - INFO - chord#: 100 In build_straw_man_chord_sa. tolerance = 1, sa_iterations = 1000, initial_temperature = 3.0, cooling_rate = 0.999
26 - INFO - chord#: 120 done. best_score=27.0, changed=515, unchanged=299, early_stops=8/8
26 - INFO - chord#: 122 In build_straw_man_chord_sa. tolerance = 1, sa_iterations = 1000, initial_temperature = 3.0, cooling_rate = 0.999
26 - INFO - chord#: 104 done. best_score=36.0, changed=534, unchanged=430, early_stops=8/8
26 - INFO - chord#: 108 In build_straw_man_chord_sa. tolerance = 1, sa_iterations = 1000, initial_temperature = 3.0, cooling_rate = 0.999
26 - INFO - chord#: 114 done. best_score=27.0, changed=515, unchanged=393, early_stops=8/8
26 - INFO - chord#: 116 In build_straw_man_chord_sa. tolerance = 1, sa_iterations = 1000, initial_temperature = 3.0, cooling_rate = 0.999
26 - INFO - chord#: 112 done. best_score=27.0, changed=517, unchanged=369, early_stops=8/8
26 - INFO - chord#: 114 In build_straw_man_chord_sa. tolerance = 1, sa_iterations = 1000, initial_temperature = 3.0, cooling_rate = 0.999
26 - INFO - chord#: 116 done. best_score=31.0, changed=522, unchanged=358, early_stops=8/8
26 - INFO - chord#: 120 In build_straw_man_chord_sa. tolerance = 1, sa_iterations = 1000, initial_temperature = 3.0, cooling_rate = 0.999
26 - INFO - chord#: 92 done. best_score=27.0, changed=527, unchanged=512, early_stops=8/8
26 - INFO - chord#: 96 In build_straw_man_chord_sa. tolerance = 1, sa_iterations = 1000, initial_temperature = 3.0, cooling_rate = 0.999
26 - INFO - chord#: 96 done. best_score=27.0, changed=524, unchanged=528, early_stops=8/8
26 - INFO - chord#: 100 In build_straw_man_chord_sa. tolerance = 1, sa_iterations = 1000, initial_temperature = 3.0, cooling_rate = 0.999
26 - INFO - chord#: 116 done. best_score=31.0, changed=522, unchanged=424, early_stops=8/8
26 - INFO - chord#: 120 In build_straw_man_chord_sa. tolerance = 1, sa_iterations = 1000, initial_temperature = 3.0, cooling_rate = 0.999
26 - INFO - chord#: 112 done. best_score=36.0, changed=518, unchanged=384, early_stops=8/8
26 - INFO - chord#: 114 In build_straw_man_chord_sa. tolerance = 1, sa_iterations = 1000, initial_temperature = 3.0, cooling_rate = 0.999
26 - INFO - chord#: 100 done. best_score=125.0, changed=613, unchanged=279, early_stops=8/8
26 - INFO - chord#: 104 In build_straw_man_chord_sa. tolerance = 1, sa_iterations = 1000, initial_temperature = 3.0, cooling_rate = 0.999
26 - INFO - chord#: 120 done. best_score=27.0, changed=519, unchanged=371, early_stops=8/8
26 - INFO - chord#: 122 In build_straw_man_chord_sa. tolerance = 1, sa_iterations = 1000, initial_temperature = 3.0, cooling_rate = 0.999
26 - INFO - chord#: 116 done. best_score=31.0, changed=521, unchanged=364, early_stops=8/8
26 - INFO - chord#: 120 In build_straw_man_chord_sa. tolerance = 1, sa_iterations = 1000, initial_temperature = 3.0, cooling_rate = 0.999
26 - INFO - chord#: 108 done. best_score=27.0, changed=527, unchanged=468, early_stops=8/8
26 - INFO - chord#: 110 In build_straw_man_chord_sa. tolerance = 1, sa_iterations = 1000, initial_temperature = 3.0, cooling_rate = 0.999
26 - INFO - chord#: 120 done. best_score=27.0, changed=522, unchanged=398, early_stops=8/8
26 - INFO - chord#: 122 In build_straw_man_chord_sa. tolerance = 1, sa_iterations = 1000, initial_temperature = 3.0, cooling_rate = 0.999
26 - INFO - chord#: 114 done. best_score=27.0, changed=525, unchanged=451, early_stops=8/8
26 - INFO - chord#: 116 In build_straw_man_chord_sa. tolerance = 1, sa_iterations = 1000, initial_temperature = 3.0, cooling_rate = 0.999
26 - INFO - chord#: 114 done. best_score=27.0, changed=519, unchanged=336, early_stops=8/8
26 - INFO - chord#: 116 In build_straw_man_chord_sa. tolerance = 1, sa_iterations = 1000, initial_temperature = 3.0, cooling_rate = 0.999
26 - INFO - chord#: 96 done. best_score=27.0, changed=518, unchanged=478, early_stops=8/8
26 - INFO - chord#: 100 In build_straw_man_chord_sa. tolerance = 1, sa_iterations = 1000, initial_temperature = 3.0, cooling_rate = 0.999
26 - INFO - chord#: 104 done. best_score=36.0, changed=525, unchanged=405, early_stops=8/8
26 - INFO - chord#: 108 In build_straw_man_chord_sa. tolerance = 1, sa_iterations = 1000, initial_temperature = 3.0, cooling_rate = 0.999
26 - INFO - chord#: 122 done. best_score=67.0, changed=613, unchanged=308, early_stops=8/8
26 - INFO - chord#: 124 In build_straw_man_chord_sa. tolerance = 1, sa_iterations = 1000, initial_temperature = 3.0, cooling_rate = 0.999
26 - INFO - chord#: 120 done. best_score=27.0, changed=527, unchanged=517, early_stops=8/8
26 - INFO - chord#: 122 In build_straw_man_chord_sa. tolerance = 1, sa_iterations = 1000, initial_temperature = 3.0, cooling_rate = 0.999
26 - INFO - chord#: 116 done. best_score=31.0, changed=523, unchanged=378, early_stops=8/8
26 - INFO - chord#: 120 In build_straw_man_chord_sa. tolerance = 1, sa_iterations = 1000, initial_temperature = 3.0, cooling_rate = 0.999
26 - INFO - chord#: 116 done. best_score=31.0, changed=531, unchanged=391, early_stops=8/8
26 - INFO - chord#: 120 In build_straw_man_chord_sa. tolerance = 1, sa_iterations = 1000, initial_temperature = 3.0, cooling_rate = 0.999
26 - INFO - chord#: 100 done. best_score=67.0, changed=607, unchanged=352, early_stops=8/8
26 - INFO - chord#: 104 In build_straw_man_chord_sa. tolerance = 1, sa_iterations = 1000, initial_temperature = 3.0, cooling_rate = 0.999
26 - INFO - chord#: 100 done. best_score=67.0, changed=612, unchanged=427, early_stops=8/8
26 - INFO - chord#: 104 In build_straw_man_chord_sa. tolerance = 1, sa_iterations = 1000, initial_temperature = 3.0, cooling_rate = 0.999
26 - INFO - chord#: 100 done. best_score=78.0, changed=610, unchanged=326, early_stops=8/8
26 - INFO - chord#: 104 In build_straw_man_chord_sa. tolerance = 1, sa_iterations = 1000, initial_temperature = 3.0, cooling_rate = 0.999
26 - INFO - chord#: 120 done. best_score=27.0, changed=525, unchanged=350, early_stops=8/8
26 - INFO - chord#: 122 In build_straw_man_chord_sa. tolerance = 1, sa_iterations = 1000, initial_temperature = 3.0, cooling_rate = 0.999
26 - INFO - chord#: 124 done. best_score=27.0, changed=519, unchanged=321, early_stops=8/8
26 - INFO - chord#: 108 done. best_score=27.0, changed=517, unchanged=437, early_stops=8/8
26 - INFO - chord#: 110 In build_straw_man_chord_sa. tolerance = 1, sa_iterations = 1000, initial_temperature = 3.0, cooling_rate = 0.999
26 - INFO - chord#: 122 done. best_score=67.0, changed=609, unchanged=336, early_stops=8/8
26 - INFO - chord#: 124 In build_straw_man_chord_sa. tolerance = 1, sa_iterations = 1000, initial_temperature = 3.0, cooling_rate = 0.999
26 - INFO - chord#: 110 done. best_score=64.0, changed=616, unchanged=361, early_stops=8/8
26 - INFO - chord#: 112 In build_straw_man_chord_sa. tolerance = 1, sa_iterations = 1000, initial_temperature = 3.0, cooling_rate = 0.999
26 - INFO - chord#: 120 done. best_score=27.0, changed=523, unchanged=356, early_stops=8/8
26 - INFO - chord#: 122 In build_straw_man_chord_sa. tolerance = 1, sa_iterations = 1000, initial_temperature = 3.0, cooling_rate = 0.999
26 - INFO - chord#: 104 done. best_score=36.0, changed=517, unchanged=411, early_stops=8/8
26 - INFO - chord#: 108 In build_straw_man_chord_sa. tolerance = 1, sa_iterations = 1000, initial_temperature = 3.0, cooling_rate = 0.999
26 - INFO - chord#: 104 done. best_score=36.0, changed=533, unchanged=455, early_stops=8/8
26 - INFO - chord#: 108 In build_straw_man_chord_sa. tolerance = 1, sa_iterations = 1000, initial_temperature = 3.0, cooling_rate = 0.999
26 - INFO - chord#: 100 done. best_score=145.0, changed=605, unchanged=228, early_stops=8/8
26 - INFO - chord#: 104 In build_straw_man_chord_sa. tolerance = 1, sa_iterations = 1000, initial_temperature = 3.0, cooling_rate = 0.999
26 - INFO - chord#: 122 done. best_score=67.0, changed=611, unchanged=423, early_stops=8/8
26 - INFO - chord#: 124 In build_straw_man_chord_sa. tolerance = 1, sa_iterations = 1000, initial_temperature = 3.0, cooling_rate = 0.999
26 - INFO - chord#: 104 done. best_score=36.0, changed=523, unchanged=320, early_stops=8/8
26 - INFO - chord#: 108 In build_straw_man_chord_sa. tolerance = 1, sa_iterations = 1000, initial_temperature = 3.0, cooling_rate = 0.999
26 - INFO - chord#: 112 done. best_score=27.0, changed=538, unchanged=384, early_stops=8/8
26 - INFO - chord#: 114 In build_straw_man_chord_sa. tolerance = 1, sa_iterations = 1000, initial_temperature = 3.0, cooling_rate = 0.999
26 - INFO - chord#: 124 done. best_score=27.0, changed=528, unchanged=585, early_stops=8/8
26 - INFO - chord#: 122 done. best_score=67.0, changed=610, unchanged=339, early_stops=8/8
26 - INFO - chord#: 124 In build_straw_man_chord_sa. tolerance = 1, sa_iterations = 1000, initial_temperature = 3.0, cooling_rate = 0.999
26 - INFO - chord#: 124 done. best_score=27.0, changed=530, unchanged=377, early_stops=8/8
26 - INFO - chord#: 108 done. best_score=27.0, changed=517, unchanged=361, early_stops=8/8
26 - INFO - chord#: 110 In build_straw_man_chord_sa. tolerance = 1, sa_iterations = 1000, initial_temperature = 3.0, cooling_rate = 0.999
26 - INFO - chord#: 104 done. best_score=36.0, changed=523, unchanged=494, early_stops=8/8
26 - INFO - chord#: 108 In build_straw_man_chord_sa. tolerance = 1, sa_iterations = 1000, initial_temperature = 3.0, cooling_rate = 0.999
26 - INFO - chord#: 108 done. best_score=27.0, changed=525, unchanged=553, early_stops=8/8
26 - INFO - chord#: 110 In build_straw_man_chord_sa. tolerance = 1, sa_iterations = 1000, initial_temperature = 3.0, cooling_rate = 0.999
26 - INFO - chord#: 108 done. best_score=27.0, changed=526, unchanged=479, early_stops=8/8
26 - INFO - chord#: 110 In build_straw_man_chord_sa. tolerance = 1, sa_iterations = 1000, initial_temperature = 3.0, cooling_rate = 0.999
26 - INFO - chord#: 124 done. best_score=27.0, changed=519, unchanged=350, early_stops=8/8
26 - INFO - chord#: 114 done. best_score=27.0, changed=525, unchanged=438, early_stops=8/8
26 - INFO - chord#: 116 In build_straw_man_chord_sa. tolerance = 1, sa_iterations = 1000, initial_temperature = 3.0, cooling_rate = 0.999
26 - INFO - chord#: 110 done. best_score=104.0, changed=608, unchanged=221, early_stops=8/8
26 - INFO - chord#: 112 In build_straw_man_chord_sa. tolerance = 1, sa_iterations = 1000, initial_temperature = 3.0, cooling_rate = 0.999
26 - INFO - chord#: 122 done. best_score=96.0, changed=615, unchanged=400, early_stops=8/8
26 - INFO - chord#: 124 In build_straw_man_chord_sa. tolerance = 1, sa_iterations = 1000, initial_temperature = 3.0, cooling_rate = 0.999
26 - INFO - chord#: 122 done. best_score=67.0, changed=612, unchanged=257, early_stops=8/8
26 - INFO - chord#: 124 In build_straw_man_chord_sa. tolerance = 1, sa_iterations = 1000, initial_temperature = 3.0, cooling_rate = 0.999
26 - INFO - chord#: 108 done. best_score=27.0, changed=516, unchanged=339, early_stops=8/8
26 - INFO - chord#: 110 In build_straw_man_chord_sa. tolerance = 1, sa_iterations = 1000, initial_temperature = 3.0, cooling_rate = 0.999
26 - INFO - chord#: 116 done. best_score=31.0, changed=533, unchanged=424, early_stops=8/8
26 - INFO - chord#: 120 In build_straw_man_chord_sa. tolerance = 1, sa_iterations = 1000, initial_temperature = 3.0, cooling_rate = 0.999
26 - INFO - chord#: 112 done. best_score=27.0, changed=527, unchanged=377, early_stops=8/8
26 - INFO - chord#: 114 In build_straw_man_chord_sa. tolerance = 1, sa_iterations = 1000, initial_temperature = 3.0, cooling_rate = 0.999
26 - INFO - chord#: 124 done. best_score=27.0, changed=517, unchanged=414, early_stops=8/8
26 - INFO - chord#: 110 done. best_score=64.0, changed=606, unchanged=212, early_stops=8/8
26 - INFO - chord#: 112 In build_straw_man_chord_sa. tolerance = 1, sa_iterations = 1000, initial_temperature = 3.0, cooling_rate = 0.999
26 - INFO - chord#: 110 done. best_score=146.0, changed=614, unchanged=228, early_stops=8/8
26 - INFO - chord#: 112 In build_straw_man_chord_sa. tolerance = 1, sa_iterations = 1000, initial_temperature = 3.0, cooling_rate = 0.999
26 - INFO - chord#: 124 done. best_score=27.0, changed=518, unchanged=368, early_stops=8/8
26 - INFO - chord#: 120 done. best_score=27.0, changed=520, unchanged=396, early_stops=8/8
26 - INFO - chord#: 122 In build_straw_man_chord_sa. tolerance = 1, sa_iterations = 1000, initial_temperature = 3.0, cooling_rate = 0.999
26 - INFO - chord#: 110 done. best_score=146.0, changed=610, unchanged=251, early_stops=8/8
26 - INFO - chord#: 112 In build_straw_man_chord_sa. tolerance = 1, sa_iterations = 1000, initial_temperature = 3.0, cooling_rate = 0.999
26 - INFO - chord#: 114 done. best_score=27.0, changed=518, unchanged=417, early_stops=8/8
26 - INFO - chord#: 116 In build_straw_man_chord_sa. tolerance = 1, sa_iterations = 1000, initial_temperature = 3.0, cooling_rate = 0.999
26 - INFO - chord#: 112 done. best_score=27.0, changed=524, unchanged=381, early_stops=8/8
26 - INFO - chord#: 114 In build_straw_man_chord_sa. tolerance = 1, sa_iterations = 1000, initial_temperature = 3.0, cooling_rate = 0.999
26 - INFO - chord#: 112 done. best_score=36.0, changed=520, unchanged=312, early_stops=8/8
26 - INFO - chord#: 114 In build_straw_man_chord_sa. tolerance = 1, sa_iterations = 1000, initial_temperature = 3.0, cooling_rate = 0.999
26 - INFO - chord#: 110 done. best_score=146.0, changed=617, unchanged=413, early_stops=8/8
26 - INFO - chord#: 112 done. best_score=36.0, changed=521, unchanged=310, early_stops=8/8
26 - INFO - chord#: 112 In build_straw_man_chord_sa. tolerance = 1, sa_iterations = 1000, initial_temperature = 3.0, cooling_rate = 0.999
26 - INFO - chord#: 114 In build_straw_man_chord_sa. tolerance = 1, sa_iterations = 1000, initial_temperature = 3.0, cooling_rate = 0.999
26 - INFO - chord#: 116 done. best_score=31.0, changed=536, unchanged=470, early_stops=8/8
26 - INFO - chord#: 120 In build_straw_man_chord_sa. tolerance = 1, sa_iterations = 1000, initial_temperature = 3.0, cooling_rate = 0.999
26 - INFO - chord#: 114 done. best_score=27.0, changed=516, unchanged=369, early_stops=8/8
26 - INFO - chord#: 116 In build_straw_man_chord_sa. tolerance = 1, sa_iterations = 1000, initial_temperature = 3.0, cooling_rate = 0.999
26 - INFO - chord#: 114 done. best_score=27.0, changed=529, unchanged=486, early_stops=8/8
26 - INFO - chord#: 116 In build_straw_man_chord_sa. tolerance = 1, sa_iterations = 1000, initial_temperature = 3.0, cooling_rate = 0.999
26 - INFO - chord#: 122 done. best_score=67.0, changed=608, unchanged=245, early_stops=8/8
26 - INFO - chord#: 124 In build_straw_man_chord_sa. tolerance = 1, sa_iterations = 1000, initial_temperature = 3.0, cooling_rate = 0.999
26 - INFO - chord#: 112 done. best_score=36.0, changed=520, unchanged=397, early_stops=8/8
26 - INFO - chord#: 114 In build_straw_man_chord_sa. tolerance = 1, sa_iterations = 1000, initial_temperature = 3.0, cooling_rate = 0.999
26 - INFO - chord#: 114 done. best_score=36.0, changed=519, unchanged=422, early_stops=8/8
26 - INFO - chord#: 116 In build_straw_man_chord_sa. tolerance = 1, sa_iterations = 1000, initial_temperature = 3.0, cooling_rate = 0.999
26 - INFO - chord#: 120 done. best_score=27.0, changed=525, unchanged=400, early_stops=8/8
26 - INFO - chord#: 122 In build_straw_man_chord_sa. tolerance = 1, sa_iterations = 1000, initial_temperature = 3.0, cooling_rate = 0.999
26 - INFO - chord#: 116 done. best_score=31.0, changed=531, unchanged=428, early_stops=8/8
26 - INFO - chord#: 120 In build_straw_man_chord_sa. tolerance = 1, sa_iterations = 1000, initial_temperature = 3.0, cooling_rate = 0.999
26 - INFO - chord#: 116 done. best_score=31.0, changed=535, unchanged=388, early_stops=8/8
26 - INFO - chord#: 120 In build_straw_man_chord_sa. tolerance = 1, sa_iterations = 1000, initial_temperature = 3.0, cooling_rate = 0.999
26 - INFO - chord#: 124 done. best_score=27.0, changed=516, unchanged=310, early_stops=8/8
26 - INFO - chord#: 114 done. best_score=59.0, changed=523, unchanged=444, early_stops=8/8
26 - INFO - chord#: 116 In build_straw_man_chord_sa. tolerance = 1, sa_iterations = 1000, initial_temperature = 3.0, cooling_rate = 0.999
26 - INFO - chord#: 120 done. best_score=27.0, changed=516, unchanged=313, early_stops=8/8
26 - INFO - chord#: 122 In build_straw_man_chord_sa. tolerance = 1, sa_iterations = 1000, initial_temperature = 3.0, cooling_rate = 0.999
26 - INFO - chord#: 116 done. best_score=31.0, changed=532, unchanged=452, early_stops=8/8
26 - INFO - chord#: 120 In build_straw_man_chord_sa. tolerance = 1, sa_iterations = 1000, initial_temperature = 3.0, cooling_rate = 0.999
26 - INFO - chord#: 120 done. best_score=27.0, changed=524, unchanged=378, early_stops=8/8
26 - INFO - chord#: 122 In build_straw_man_chord_sa. tolerance = 1, sa_iterations = 1000, initial_temperature = 3.0, cooling_rate = 0.999
26 - INFO - chord#: 116 done. best_score=58.0, changed=574, unchanged=271, early_stops=8/8
26 - INFO - chord#: 120 In build_straw_man_chord_sa. tolerance = 1, sa_iterations = 1000, initial_temperature = 3.0, cooling_rate = 0.999
26 - INFO - chord#: 120 done. best_score=27.0, changed=522, unchanged=385, early_stops=8/8
26 - INFO - chord#: 122 In build_straw_man_chord_sa. tolerance = 1, sa_iterations = 1000, initial_temperature = 3.0, cooling_rate = 0.999
26 - INFO - chord#: 122 done. best_score=96.0, changed=614, unchanged=346, early_stops=8/8
26 - INFO - chord#: 124 In build_straw_man_chord_sa. tolerance = 1, sa_iterations = 1000, initial_temperature = 3.0, cooling_rate = 0.999
26 - INFO - chord#: 120 done. best_score=27.0, changed=523, unchanged=408, early_stops=8/8
26 - INFO - chord#: 122 In build_straw_man_chord_sa. tolerance = 1, sa_iterations = 1000, initial_temperature = 3.0, cooling_rate = 0.999
26 - INFO - chord#: 122 done. best_score=67.0, changed=610, unchanged=253, early_stops=8/8
26 - INFO - chord#: 124 In build_straw_man_chord_sa. tolerance = 1, sa_iterations = 1000, initial_temperature = 3.0, cooling_rate = 0.999
26 - INFO - chord#: 124 done. best_score=27.0, changed=521, unchanged=463, early_stops=8/8
26 - INFO - chord#: 122 done. best_score=157.0, changed=607, unchanged=241, early_stops=8/8
26 - INFO - chord#: 124 In build_straw_man_chord_sa. tolerance = 1, sa_iterations = 1000, initial_temperature = 3.0, cooling_rate = 0.999
26 - INFO - chord#: 124 done. best_score=27.0, changed=515, unchanged=327, early_stops=8/8
26 - INFO - chord#: 122 done. best_score=96.0, changed=612, unchanged=474, early_stops=8/8
26 - INFO - chord#: 124 In build_straw_man_chord_sa. tolerance = 1, sa_iterations = 1000, initial_temperature = 3.0, cooling_rate = 0.999
26 - INFO - chord#: 122 done. best_score=67.0, changed=613, unchanged=320, early_stops=8/8
26 - INFO - chord#: 124 In build_straw_man_chord_sa. tolerance = 1, sa_iterations = 1000, initial_temperature = 3.0, cooling_rate = 0.999
26 - INFO - chord#: 124 done. best_score=27.0, changed=521, unchanged=464, early_stops=8/8
26 - INFO - chord#: 124 done. best_score=27.0, changed=512, unchanged=379, early_stops=8/8
26 - INFO - chord#: 124 done. best_score=27.0, changed=515, unchanged=394, early_stops=8/8
26 - INFO - chord#: 0 In build_straw_man_chord_sa. tolerance = 1, sa_iterations = 1000, initial_temperature = 3.0, cooling_rate = 0.999
26 - INFO - chord#: 0 In build_straw_man_chord_sa. tolerance = 1, sa_iterations = 1000, initial_temperature = 3.0, cooling_rate = 0.999
26 - INFO - chord#: 0 In build_straw_man_chord_sa. tolerance = 1, sa_iterations = 1000, initial_temperature = 3.0, cooling_rate = 0.999
26 - INFO - chord#: 0 In build_straw_man_chord_sa. tolerance = 1, sa_iterations = 1000, initial_temperature = 3.0, cooling_rate = 0.999
26 - INFO - chord#: 0 In build_straw_man_chord_sa. tolerance = 1, sa_iterations = 1000, initial_temperature = 3.0, cooling_rate = 0.999
26 - INFO - chord#: 0 In build_straw_man_chord_sa. tolerance = 1, sa_iterations = 1000, initial_temperature = 3.0, cooling_rate = 0.999
26 - INFO - chord#: 0 In build_straw_man_chord_sa. tolerance = 1, sa_iterations = 1000, initial_temperature = 3.0, cooling_rate = 0.999
26 - INFO - chord#: 0 In build_straw_man_chord_sa. tolerance = 1, sa_iterations = 1000, initial_temperature = 3.0, cooling_rate = 0.999
26 - INFO - chord#: 0 In build_straw_man_chord_sa. tolerance = 1, sa_iterations = 1000, initial_temperature = 3.0, cooling_rate = 0.999
26 - INFO - chord#: 0 In build_straw_man_chord_sa. tolerance = 1, sa_iterations = 1000, initial_temperature = 3.0, cooling_rate = 0.999
26 - INFO - chord#: 0 In build_straw_man_chord_sa. tolerance = 1, sa_iterations = 1000, initial_temperature = 3.0, cooling_rate = 0.999
26 - INFO - chord#: 0 In build_straw_man_chord_sa. tolerance = 1, sa_iterations = 1000, initial_temperature = 3.0, cooling_rate = 0.999
26 - INFO - chord#: 0 done. best_score=27.0, changed=514, unchanged=323, early_stops=8/8
26 - INFO - chord#: 4 In build_straw_man_chord_sa. tolerance = 1, sa_iterations = 1000, initial_temperature = 3.0, cooling_rate = 0.999
26 - INFO - chord#: 0 done. best_score=27.0, changed=516, unchanged=345, early_stops=8/8
26 - INFO - chord#: 4 In build_straw_man_chord_sa. tolerance = 1, sa_iterations = 1000, initial_temperature = 3.0, cooling_rate = 0.999
26 - INFO - chord#: 0 done. best_score=27.0, changed=523, unchanged=460, early_stops=8/8
26 - INFO - chord#: 4 In build_straw_man_chord_sa. tolerance = 1, sa_iterations = 1000, initial_temperature = 3.0, cooling_rate = 0.999
26 - INFO - chord#: 0 done. best_score=27.0, changed=517, unchanged=374, early_stops=8/8
26 - INFO - chord#: 4 In build_straw_man_chord_sa. tolerance = 1, sa_iterations = 1000, initial_temperature = 3.0, cooling_rate = 0.999
26 - INFO - chord#: 0 done. best_score=27.0, changed=522, unchanged=478, early_stops=8/8
26 - INFO - chord#: 4 In build_straw_man_chord_sa. tolerance = 1, sa_iterations = 1000, initial_temperature = 3.0, cooling_rate = 0.999
26 - INFO - chord#: 0 done. best_score=27.0, changed=516, unchanged=540, early_stops=8/8
26 - INFO - chord#: 4 In build_straw_man_chord_sa. tolerance = 1, sa_iterations = 1000, initial_temperature = 3.0, cooling_rate = 0.999
26 - INFO - chord#: 0 done. best_score=27.0, changed=520, unchanged=356, early_stops=8/8
26 - INFO - chord#: 4 In build_straw_man_chord_sa. tolerance = 1, sa_iterations = 1000, initial_temperature = 3.0, cooling_rate = 0.999
26 - INFO - chord#: 0 done. best_score=27.0, changed=516, unchanged=354, early_stops=8/8
26 - INFO - chord#: 4 In build_straw_man_chord_sa. tolerance = 1, sa_iterations = 1000, initial_temperature = 3.0, cooling_rate = 0.999
26 - INFO - chord#: 0 done. best_score=27.0, changed=521, unchanged=397, early_stops=8/8
26 - INFO - chord#: 4 In build_straw_man_chord_sa. tolerance = 1, sa_iterations = 1000, initial_temperature = 3.0, cooling_rate = 0.999
26 - INFO - chord#: 0 done. best_score=27.0, changed=511, unchanged=377, early_stops=8/8
26 - INFO - chord#: 4 In build_straw_man_chord_sa. tolerance = 1, sa_iterations = 1000, initial_temperature = 3.0, cooling_rate = 0.999
26 - INFO - chord#: 0 done. best_score=27.0, changed=515, unchanged=452, early_stops=8/8
26 - INFO - chord#: 4 In build_straw_man_chord_sa. tolerance = 1, sa_iterations = 1000, initial_temperature = 3.0, cooling_rate = 0.999
26 - INFO - chord#: 0 done. best_score=27.0, changed=523, unchanged=486, early_stops=8/8
26 - INFO - chord#: 4 In build_straw_man_chord_sa. tolerance = 1, sa_iterations = 1000, initial_temperature = 3.0, cooling_rate = 0.999
26 - INFO - chord#: 4 done. best_score=27.0, changed=525, unchanged=438, early_stops=8/8
26 - INFO - chord#: 8 In build_straw_man_chord_sa. tolerance = 1, sa_iterations = 1000, initial_temperature = 3.0, cooling_rate = 0.999
26 - INFO - chord#: 4 done. best_score=27.0, changed=522, unchanged=395, early_stops=8/8
26 - INFO - chord#: 8 In build_straw_man_chord_sa. tolerance = 1, sa_iterations = 1000, initial_temperature = 3.0, cooling_rate = 0.999
26 - INFO - chord#: 4 done. best_score=27.0, changed=527, unchanged=504, early_stops=8/8
26 - INFO - chord#: 8 In build_straw_man_chord_sa. tolerance = 1, sa_iterations = 1000, initial_temperature = 3.0, cooling_rate = 0.999
26 - INFO - chord#: 4 done. best_score=27.0, changed=522, unchanged=330, early_stops=8/8
26 - INFO - chord#: 8 In build_straw_man_chord_sa. tolerance = 1, sa_iterations = 1000, initial_temperature = 3.0, cooling_rate = 0.999
26 - INFO - chord#: 4 done. best_score=27.0, changed=523, unchanged=382, early_stops=8/8
26 - INFO - chord#: 8 In build_straw_man_chord_sa. tolerance = 1, sa_iterations = 1000, initial_temperature = 3.0, cooling_rate = 0.999
26 - INFO - chord#: 4 done. best_score=27.0, changed=520, unchanged=468, early_stops=8/8
26 - INFO - chord#: 8 In build_straw_man_chord_sa. tolerance = 1, sa_iterations = 1000, initial_temperature = 3.0, cooling_rate = 0.999
26 - INFO - chord#: 4 done. best_score=27.0, changed=516, unchanged=310, early_stops=8/8
26 - INFO - chord#: 8 In build_straw_man_chord_sa. tolerance = 1, sa_iterations = 1000, initial_temperature = 3.0, cooling_rate = 0.999
26 - INFO - chord#: 4 done. best_score=27.0, changed=522, unchanged=314, early_stops=8/8
26 - INFO - chord#: 8 In build_straw_man_chord_sa. tolerance = 1, sa_iterations = 1000, initial_temperature = 3.0, cooling_rate = 0.999
26 - INFO - chord#: 4 done. best_score=27.0, changed=523, unchanged=408, early_stops=8/8
26 - INFO - chord#: 8 In build_straw_man_chord_sa. tolerance = 1, sa_iterations = 1000, initial_temperature = 3.0, cooling_rate = 0.999
26 - INFO - chord#: 4 done. best_score=27.0, changed=530, unchanged=396, early_stops=8/8
26 - INFO - chord#: 8 In build_straw_man_chord_sa. tolerance = 1, sa_iterations = 1000, initial_temperature = 3.0, cooling_rate = 0.999
26 - INFO - chord#: 4 done. best_score=27.0, changed=523, unchanged=419, early_stops=8/8
26 - INFO - chord#: 8 In build_straw_man_chord_sa. tolerance = 1, sa_iterations = 1000, initial_temperature = 3.0, cooling_rate = 0.999
26 - INFO - chord#: 4 done. best_score=27.0, changed=522, unchanged=417, early_stops=8/8
26 - INFO - chord#: 8 In build_straw_man_chord_sa. tolerance = 1, sa_iterations = 1000, initial_temperature = 3.0, cooling_rate = 0.999
26 - INFO - chord#: 8 done. best_score=27.0, changed=528, unchanged=485, early_stops=8/8
26 - INFO - chord#: 10 In build_straw_man_chord_sa. tolerance = 1, sa_iterations = 1000, initial_temperature = 3.0, cooling_rate = 0.999
26 - INFO - chord#: 8 done. best_score=27.0, changed=523, unchanged=359, early_stops=8/8
26 - INFO - chord#: 10 In build_straw_man_chord_sa. tolerance = 1, sa_iterations = 1000, initial_temperature = 3.0, cooling_rate = 0.999
26 - INFO - chord#: 8 done. best_score=27.0, changed=523, unchanged=454, early_stops=8/8
26 - INFO - chord#: 10 In build_straw_man_chord_sa. tolerance = 1, sa_iterations = 1000, initial_temperature = 3.0, cooling_rate = 0.999
26 - INFO - chord#: 8 done. best_score=27.0, changed=530, unchanged=484, early_stops=8/8
26 - INFO - chord#: 10 In build_straw_man_chord_sa. tolerance = 1, sa_iterations = 1000, initial_temperature = 3.0, cooling_rate = 0.999
26 - INFO - chord#: 8 done. best_score=27.0, changed=528, unchanged=455, early_stops=8/8
26 - INFO - chord#: 10 In build_straw_man_chord_sa. tolerance = 1, sa_iterations = 1000, initial_temperature = 3.0, cooling_rate = 0.999
26 - INFO - chord#: 8 done. best_score=27.0, changed=523, unchanged=460, early_stops=8/8
26 - INFO - chord#: 10 In build_straw_man_chord_sa. tolerance = 1, sa_iterations = 1000, initial_temperature = 3.0, cooling_rate = 0.999
26 - INFO - chord#: 8 done. best_score=27.0, changed=525, unchanged=446, early_stops=8/8
26 - INFO - chord#: 10 In build_straw_man_chord_sa. tolerance = 1, sa_iterations = 1000, initial_temperature = 3.0, cooling_rate = 0.999
26 - INFO - chord#: 8 done. best_score=27.0, changed=516, unchanged=330, early_stops=8/8
26 - INFO - chord#: 10 In build_straw_man_chord_sa. tolerance = 1, sa_iterations = 1000, initial_temperature = 3.0, cooling_rate = 0.999
26 - INFO - chord#: 8 done. best_score=27.0, changed=525, unchanged=478, early_stops=8/8
26 - INFO - chord#: 10 In build_straw_man_chord_sa. tolerance = 1, sa_iterations = 1000, initial_temperature = 3.0, cooling_rate = 0.999
26 - INFO - chord#: 8 done. best_score=27.0, changed=527, unchanged=477, early_stops=8/8
26 - INFO - chord#: 10 In build_straw_man_chord_sa. tolerance = 1, sa_iterations = 1000, initial_temperature = 3.0, cooling_rate = 0.999
26 - INFO - chord#: 8 done. best_score=27.0, changed=514, unchanged=386, early_stops=8/8
26 - INFO - chord#: 10 In build_straw_man_chord_sa. tolerance = 1, sa_iterations = 1000, initial_temperature = 3.0, cooling_rate = 0.999
26 - INFO - chord#: 8 done. best_score=27.0, changed=519, unchanged=573, early_stops=8/8
26 - INFO - chord#: 10 In build_straw_man_chord_sa. tolerance = 1, sa_iterations = 1000, initial_temperature = 3.0, cooling_rate = 0.999
26 - INFO - chord#: 10 done. best_score=67.0, changed=613, unchanged=228, early_stops=8/8
26 - INFO - chord#: 12 In build_straw_man_chord_sa. tolerance = 1, sa_iterations = 1000, initial_temperature = 3.0, cooling_rate = 0.999
26 - INFO - chord#: 10 done. best_score=137.0, changed=613, unchanged=247, early_stops=8/8
26 - INFO - chord#: 12 In build_straw_man_chord_sa. tolerance = 1, sa_iterations = 1000, initial_temperature = 3.0, cooling_rate = 0.999
26 - INFO - chord#: 10 done. best_score=67.0, changed=611, unchanged=289, early_stops=8/8
26 - INFO - chord#: 12 In build_straw_man_chord_sa. tolerance = 1, sa_iterations = 1000, initial_temperature = 3.0, cooling_rate = 0.999
26 - INFO - chord#: 10 done. best_score=145.0, changed=613, unchanged=313, early_stops=8/8
26 - INFO - chord#: 12 In build_straw_man_chord_sa. tolerance = 1, sa_iterations = 1000, initial_temperature = 3.0, cooling_rate = 0.999
26 - INFO - chord#: 10 done. best_score=67.0, changed=612, unchanged=231, early_stops=8/8
26 - INFO - chord#: 12 In build_straw_man_chord_sa. tolerance = 1, sa_iterations = 1000, initial_temperature = 3.0, cooling_rate = 0.999
26 - INFO - chord#: 12 done. best_score=27.0, changed=533, unchanged=422, early_stops=8/8
26 - INFO - chord#: 16 In build_straw_man_chord_sa. tolerance = 1, sa_iterations = 1000, initial_temperature = 3.0, cooling_rate = 0.999
26 - INFO - chord#: 10 done. best_score=67.0, changed=605, unchanged=208, early_stops=8/8
26 - INFO - chord#: 12 In build_straw_man_chord_sa. tolerance = 1, sa_iterations = 1000, initial_temperature = 3.0, cooling_rate = 0.999
26 - INFO - chord#: 10 done. best_score=96.0, changed=612, unchanged=399, early_stops=8/8
26 - INFO - chord#: 12 In build_straw_man_chord_sa. tolerance = 1, sa_iterations = 1000, initial_temperature = 3.0, cooling_rate = 0.999
26 - INFO - chord#: 12 done. best_score=27.0, changed=531, unchanged=395, early_stops=8/8
26 - INFO - chord#: 16 In build_straw_man_chord_sa. tolerance = 1, sa_iterations = 1000, initial_temperature = 3.0, cooling_rate = 0.999
26 - INFO - chord#: 12 done. best_score=27.0, changed=517, unchanged=386, early_stops=8/8
26 - INFO - chord#: 16 In build_straw_man_chord_sa. tolerance = 1, sa_iterations = 1000, initial_temperature = 3.0, cooling_rate = 0.999
26 - INFO - chord#: 12 done. best_score=27.0, changed=527, unchanged=462, early_stops=8/8
26 - INFO - chord#: 16 In build_straw_man_chord_sa. tolerance = 1, sa_iterations = 1000, initial_temperature = 3.0, cooling_rate = 0.999
26 - INFO - chord#: 12 done. best_score=27.0, changed=520, unchanged=306, early_stops=8/8
26 - INFO - chord#: 16 In build_straw_man_chord_sa. tolerance = 1, sa_iterations = 1000, initial_temperature = 3.0, cooling_rate = 0.999
26 - INFO - chord#: 10 done. best_score=157.0, changed=617, unchanged=364, early_stops=8/8
26 - INFO - chord#: 12 In build_straw_man_chord_sa. tolerance = 1, sa_iterations = 1000, initial_temperature = 3.0, cooling_rate = 0.999
26 - INFO - chord#: 12 done. best_score=27.0, changed=525, unchanged=327, early_stops=8/8
26 - INFO - chord#: 16 In build_straw_man_chord_sa. tolerance = 1, sa_iterations = 1000, initial_temperature = 3.0, cooling_rate = 0.999
26 - INFO - chord#: 10 done. best_score=125.0, changed=616, unchanged=400, early_stops=8/8
26 - INFO - chord#: 12 In build_straw_man_chord_sa. tolerance = 1, sa_iterations = 1000, initial_temperature = 3.0, cooling_rate = 0.999
26 - INFO - chord#: 10 done. best_score=67.0, changed=615, unchanged=456, early_stops=8/8
26 - INFO - chord#: 12 In build_straw_man_chord_sa. tolerance = 1, sa_iterations = 1000, initial_temperature = 3.0, cooling_rate = 0.999
26 - INFO - chord#: 10 done. best_score=195.0, changed=617, unchanged=357, early_stops=8/8
26 - INFO - chord#: 12 In build_straw_man_chord_sa. tolerance = 1, sa_iterations = 1000, initial_temperature = 3.0, cooling_rate = 0.999
26 - INFO - chord#: 16 done. best_score=27.0, changed=530, unchanged=413, early_stops=8/8
26 - INFO - chord#: 18 In build_straw_man_chord_sa. tolerance = 1, sa_iterations = 1000, initial_temperature = 3.0, cooling_rate = 0.999
26 - INFO - chord#: 16 done. best_score=27.0, changed=526, unchanged=449, early_stops=8/8
26 - INFO - chord#: 18 In build_straw_man_chord_sa. tolerance = 1, sa_iterations = 1000, initial_temperature = 3.0, cooling_rate = 0.999
26 - INFO - chord#: 12 done. best_score=27.0, changed=527, unchanged=402, early_stops=8/8
26 - INFO - chord#: 16 In build_straw_man_chord_sa. tolerance = 1, sa_iterations = 1000, initial_temperature = 3.0, cooling_rate = 0.999
26 - INFO - chord#: 16 done. best_score=27.0, changed=523, unchanged=442, early_stops=8/8
26 - INFO - chord#: 18 In build_straw_man_chord_sa. tolerance = 1, sa_iterations = 1000, initial_temperature = 3.0, cooling_rate = 0.999
26 - INFO - chord#: 16 done. best_score=27.0, changed=524, unchanged=468, early_stops=8/8
26 - INFO - chord#: 18 In build_straw_man_chord_sa. tolerance = 1, sa_iterations = 1000, initial_temperature = 3.0, cooling_rate = 0.999
26 - INFO - chord#: 16 done. best_score=27.0, changed=517, unchanged=457, early_stops=8/8
26 - INFO - chord#: 18 In build_straw_man_chord_sa. tolerance = 1, sa_iterations = 1000, initial_temperature = 3.0, cooling_rate = 0.999
26 - INFO - chord#: 10 done. best_score=67.0, changed=622, unchanged=562, early_stops=8/8
26 - INFO - chord#: 12 In build_straw_man_chord_sa. tolerance = 1, sa_iterations = 1000, initial_temperature = 3.0, cooling_rate = 0.999
26 - INFO - chord#: 12 done. best_score=27.0, changed=522, unchanged=421, early_stops=8/8
26 - INFO - chord#: 16 In build_straw_man_chord_sa. tolerance = 1, sa_iterations = 1000, initial_temperature = 3.0, cooling_rate = 0.999
26 - INFO - chord#: 16 done. best_score=27.0, changed=520, unchanged=360, early_stops=8/8
26 - INFO - chord#: 18 In build_straw_man_chord_sa. tolerance = 1, sa_iterations = 1000, initial_temperature = 3.0, cooling_rate = 0.999
26 - INFO - chord#: 12 done. best_score=27.0, changed=522, unchanged=426, early_stops=8/8
26 - INFO - chord#: 16 In build_straw_man_chord_sa. tolerance = 1, sa_iterations = 1000, initial_temperature = 3.0, cooling_rate = 0.999
26 - INFO - chord#: 12 done. best_score=27.0, changed=518, unchanged=403, early_stops=8/8
26 - INFO - chord#: 16 In build_straw_man_chord_sa. tolerance = 1, sa_iterations = 1000, initial_temperature = 3.0, cooling_rate = 0.999
26 - INFO - chord#: 12 done. best_score=57.0, changed=530, unchanged=518, early_stops=8/8
26 - INFO - chord#: 16 In build_straw_man_chord_sa. tolerance = 1, sa_iterations = 1000, initial_temperature = 3.0, cooling_rate = 0.999
26 - INFO - chord#: 12 done. best_score=27.0, changed=526, unchanged=333, early_stops=8/8
26 - INFO - chord#: 16 In build_straw_man_chord_sa. tolerance = 1, sa_iterations = 1000, initial_temperature = 3.0, cooling_rate = 0.999
26 - INFO - chord#: 16 done. best_score=27.0, changed=530, unchanged=450, early_stops=8/8
26 - INFO - chord#: 18 In build_straw_man_chord_sa. tolerance = 1, sa_iterations = 1000, initial_temperature = 3.0, cooling_rate = 0.999
26 - INFO - chord#: 16 done. best_score=27.0, changed=520, unchanged=410, early_stops=8/8
26 - INFO - chord#: 18 In build_straw_man_chord_sa. tolerance = 1, sa_iterations = 1000, initial_temperature = 3.0, cooling_rate = 0.999
26 - INFO - chord#: 18 done. best_score=70.0, changed=605, unchanged=245, early_stops=8/8
26 - INFO - chord#: 20 In build_straw_man_chord_sa. tolerance = 1, sa_iterations = 1000, initial_temperature = 3.0, cooling_rate = 0.999
26 - INFO - chord#: 18 done. best_score=149.0, changed=611, unchanged=334, early_stops=8/8
26 - INFO - chord#: 20 In build_straw_man_chord_sa. tolerance = 1, sa_iterations = 1000, initial_temperature = 3.0, cooling_rate = 0.999
26 - INFO - chord#: 16 done. best_score=27.0, changed=525, unchanged=446, early_stops=8/8
26 - INFO - chord#: 18 In build_straw_man_chord_sa. tolerance = 1, sa_iterations = 1000, initial_temperature = 3.0, cooling_rate = 0.999
26 - INFO - chord#: 18 done. best_score=75.0, changed=608, unchanged=248, early_stops=8/8
26 - INFO - chord#: 20 In build_straw_man_chord_sa. tolerance = 1, sa_iterations = 1000, initial_temperature = 3.0, cooling_rate = 0.999
26 - INFO - chord#: 16 done. best_score=27.0, changed=532, unchanged=532, early_stops=8/8
26 - INFO - chord#: 18 In build_straw_man_chord_sa. tolerance = 1, sa_iterations = 1000, initial_temperature = 3.0, cooling_rate = 0.999
26 - INFO - chord#: 16 done. best_score=27.0, changed=522, unchanged=479, early_stops=8/8
26 - INFO - chord#: 18 In build_straw_man_chord_sa. tolerance = 1, sa_iterations = 1000, initial_temperature = 3.0, cooling_rate = 0.999
26 - INFO - chord#: 18 done. best_score=75.0, changed=614, unchanged=346, early_stops=8/8
26 - INFO - chord#: 20 In build_straw_man_chord_sa. tolerance = 1, sa_iterations = 1000, initial_temperature = 3.0, cooling_rate = 0.999
26 - INFO - chord#: 16 done. best_score=27.0, changed=515, unchanged=370, early_stops=8/8
26 - INFO - chord#: 18 In build_straw_man_chord_sa. tolerance = 1, sa_iterations = 1000, initial_temperature = 3.0, cooling_rate = 0.999
26 - INFO - chord#: 18 done. best_score=75.0, changed=618, unchanged=357, early_stops=8/8
26 - INFO - chord#: 20 In build_straw_man_chord_sa. tolerance = 1, sa_iterations = 1000, initial_temperature = 3.0, cooling_rate = 0.999
26 - INFO - chord#: 20 done. best_score=27.0, changed=531, unchanged=465, early_stops=8/8
26 - INFO - chord#: 22 In build_straw_man_chord_sa. tolerance = 1, sa_iterations = 1000, initial_temperature = 3.0, cooling_rate = 0.999
26 - INFO - chord#: 20 done. best_score=27.0, changed=519, unchanged=334, early_stops=8/8
26 - INFO - chord#: 22 In build_straw_man_chord_sa. tolerance = 1, sa_iterations = 1000, initial_temperature = 3.0, cooling_rate = 0.999
26 - INFO - chord#: 20 done. best_score=27.0, changed=520, unchanged=356, early_stops=8/8
26 - INFO - chord#: 22 In build_straw_man_chord_sa. tolerance = 1, sa_iterations = 1000, initial_temperature = 3.0, cooling_rate = 0.999
26 - INFO - chord#: 18 done. best_score=75.0, changed=613, unchanged=489, early_stops=8/8
26 - INFO - chord#: 20 In build_straw_man_chord_sa. tolerance = 1, sa_iterations = 1000, initial_temperature = 3.0, cooling_rate = 0.999
26 - INFO - chord#: 20 done. best_score=27.0, changed=525, unchanged=436, early_stops=8/8
26 - INFO - chord#: 22 In build_straw_man_chord_sa. tolerance = 1, sa_iterations = 1000, initial_temperature = 3.0, cooling_rate = 0.999
26 - INFO - chord#: 20 done. best_score=27.0, changed=532, unchanged=638, early_stops=8/8
26 - INFO - chord#: 22 In build_straw_man_chord_sa. tolerance = 1, sa_iterations = 1000, initial_temperature = 3.0, cooling_rate = 0.999
26 - INFO - chord#: 20 done. best_score=27.0, changed=521, unchanged=338, early_stops=8/8
26 - INFO - chord#: 22 In build_straw_man_chord_sa. tolerance = 1, sa_iterations = 1000, initial_temperature = 3.0, cooling_rate = 0.999
26 - INFO - chord#: 18 done. best_score=70.0, changed=612, unchanged=309, early_stops=8/8
26 - INFO - chord#: 20 In build_straw_man_chord_sa. tolerance = 1, sa_iterations = 1000, initial_temperature = 3.0, cooling_rate = 0.999
26 - INFO - chord#: 18 done. best_score=75.0, changed=616, unchanged=435, early_stops=8/8
26 - INFO - chord#: 20 In build_straw_man_chord_sa. tolerance = 1, sa_iterations = 1000, initial_temperature = 3.0, cooling_rate = 0.999
26 - INFO - chord#: 18 done. best_score=70.0, changed=609, unchanged=291, early_stops=8/8
26 - INFO - chord#: 20 In build_straw_man_chord_sa. tolerance = 1, sa_iterations = 1000, initial_temperature = 3.0, cooling_rate = 0.999
26 - INFO - chord#: 22 done. best_score=125.0, changed=613, unchanged=272, early_stops=8/8
26 - INFO - chord#: 24 In build_straw_man_chord_sa. tolerance = 1, sa_iterations = 1000, initial_temperature = 3.0, cooling_rate = 0.999
26 - INFO - chord#: 18 done. best_score=138.0, changed=612, unchanged=274, early_stops=8/8
26 - INFO - chord#: 20 In build_straw_man_chord_sa. tolerance = 1, sa_iterations = 1000, initial_temperature = 3.0, cooling_rate = 0.999
26 - INFO - chord#: 18 done. best_score=104.0, changed=610, unchanged=297, early_stops=8/8
26 - INFO - chord#: 20 In build_straw_man_chord_sa. tolerance = 1, sa_iterations = 1000, initial_temperature = 3.0, cooling_rate = 0.999
26 - INFO - chord#: 22 done. best_score=64.0, changed=610, unchanged=314, early_stops=8/8
26 - INFO - chord#: 24 In build_straw_man_chord_sa. tolerance = 1, sa_iterations = 1000, initial_temperature = 3.0, cooling_rate = 0.999
26 - INFO - chord#: 22 done. best_score=64.0, changed=617, unchanged=442, early_stops=8/8
26 - INFO - chord#: 24 In build_straw_man_chord_sa. tolerance = 1, sa_iterations = 1000, initial_temperature = 3.0, cooling_rate = 0.999
26 - INFO - chord#: 18 done. best_score=70.0, changed=616, unchanged=388, early_stops=8/8
26 - INFO - chord#: 20 In build_straw_man_chord_sa. tolerance = 1, sa_iterations = 1000, initial_temperature = 3.0, cooling_rate = 0.999
26 - INFO - chord#: 20 done. best_score=27.0, changed=523, unchanged=364, early_stops=8/8
26 - INFO - chord#: 22 In build_straw_man_chord_sa. tolerance = 1, sa_iterations = 1000, initial_temperature = 3.0, cooling_rate = 0.999
26 - INFO - chord#: 20 done. best_score=27.0, changed=519, unchanged=443, early_stops=8/8
26 - INFO - chord#: 22 In build_straw_man_chord_sa. tolerance = 1, sa_iterations = 1000, initial_temperature = 3.0, cooling_rate = 0.999
26 - INFO - chord#: 20 done. best_score=27.0, changed=518, unchanged=362, early_stops=8/8
26 - INFO - chord#: 22 done. best_score=140.0, changed=615, unchanged=378, early_stops=8/8
26 - INFO - chord#: 22 In build_straw_man_chord_sa. tolerance = 1, sa_iterations = 1000, initial_temperature = 3.0, cooling_rate = 0.999
26 - INFO - chord#: 24 In build_straw_man_chord_sa. tolerance = 1, sa_iterations = 1000, initial_temperature = 3.0, cooling_rate = 0.999
26 - INFO - chord#: 24 done. best_score=36.0, changed=518, unchanged=319, early_stops=8/8
26 - INFO - chord#: 28 In build_straw_man_chord_sa. tolerance = 1, sa_iterations = 1000, initial_temperature = 3.0, cooling_rate = 0.999
26 - INFO - chord#: 22 done. best_score=64.0, changed=609, unchanged=228, early_stops=8/8
26 - INFO - chord#: 24 In build_straw_man_chord_sa. tolerance = 1, sa_iterations = 1000, initial_temperature = 3.0, cooling_rate = 0.999
26 - INFO - chord#: 24 done. best_score=36.0, changed=518, unchanged=334, early_stops=8/8
26 - INFO - chord#: 28 In build_straw_man_chord_sa. tolerance = 1, sa_iterations = 1000, initial_temperature = 3.0, cooling_rate = 0.999
26 - INFO - chord#: 20 done. best_score=27.0, changed=523, unchanged=392, early_stops=8/8
26 - INFO - chord#: 22 In build_straw_man_chord_sa. tolerance = 1, sa_iterations = 1000, initial_temperature = 3.0, cooling_rate = 0.999
26 - INFO - chord#: 22 done. best_score=125.0, changed=610, unchanged=335, early_stops=8/8
26 - INFO - chord#: 24 In build_straw_man_chord_sa. tolerance = 1, sa_iterations = 1000, initial_temperature = 3.0, cooling_rate = 0.999
26 - INFO - chord#: 24 done. best_score=36.0, changed=523, unchanged=424, early_stops=8/8
26 - INFO - chord#: 28 In build_straw_man_chord_sa. tolerance = 1, sa_iterations = 1000, initial_temperature = 3.0, cooling_rate = 0.999
26 - INFO - chord#: 20 done. best_score=27.0, changed=517, unchanged=322, early_stops=8/8
26 - INFO - chord#: 22 In build_straw_man_chord_sa. tolerance = 1, sa_iterations = 1000, initial_temperature = 3.0, cooling_rate = 0.999
26 - INFO - chord#: 24 done. best_score=36.0, changed=527, unchanged=386, early_stops=8/8
26 - INFO - chord#: 28 In build_straw_man_chord_sa. tolerance = 1, sa_iterations = 1000, initial_temperature = 3.0, cooling_rate = 0.999
26 - INFO - chord#: 20 done. best_score=27.0, changed=519, unchanged=449, early_stops=8/8
26 - INFO - chord#: 22 In build_straw_man_chord_sa. tolerance = 1, sa_iterations = 1000, initial_temperature = 3.0, cooling_rate = 0.999
26 - INFO - chord#: 28 done. best_score=27.0, changed=529, unchanged=402, early_stops=8/8
26 - INFO - chord#: 32 In build_straw_man_chord_sa. tolerance = 1, sa_iterations = 1000, initial_temperature = 3.0, cooling_rate = 0.999
26 - INFO - chord#: 24 done. best_score=36.0, changed=532, unchanged=432, early_stops=8/8
26 - INFO - chord#: 28 In build_straw_man_chord_sa. tolerance = 1, sa_iterations = 1000, initial_temperature = 3.0, cooling_rate = 0.999
26 - INFO - chord#: 28 done. best_score=27.0, changed=521, unchanged=431, early_stops=8/8
26 - INFO - chord#: 32 In build_straw_man_chord_sa. tolerance = 1, sa_iterations = 1000, initial_temperature = 3.0, cooling_rate = 0.999
26 - INFO - chord#: 24 done. best_score=36.0, changed=529, unchanged=541, early_stops=8/8
26 - INFO - chord#: 28 In build_straw_man_chord_sa. tolerance = 1, sa_iterations = 1000, initial_temperature = 3.0, cooling_rate = 0.999
26 - INFO - chord#: 28 done. best_score=27.0, changed=526, unchanged=452, early_stops=8/8
26 - INFO - chord#: 32 In build_straw_man_chord_sa. tolerance = 1, sa_iterations = 1000, initial_temperature = 3.0, cooling_rate = 0.999
26 - INFO - chord#: 32 done. best_score=27.0, changed=525, unchanged=337, early_stops=8/8
26 - INFO - chord#: 36 In build_straw_man_chord_sa. tolerance = 1, sa_iterations = 1000, initial_temperature = 3.0, cooling_rate = 0.999
26 - INFO - chord#: 28 done. best_score=27.0, changed=526, unchanged=441, early_stops=8/8
26 - INFO - chord#: 32 In build_straw_man_chord_sa. tolerance = 1, sa_iterations = 1000, initial_temperature = 3.0, cooling_rate = 0.999
26 - INFO - chord#: 22 done. best_score=155.0, changed=607, unchanged=212, early_stops=8/8
26 - INFO - chord#: 24 In build_straw_man_chord_sa. tolerance = 1, sa_iterations = 1000, initial_temperature = 3.0, cooling_rate = 0.999
26 - INFO - chord#: 28 done. best_score=27.0, changed=522, unchanged=542, early_stops=8/8
26 - INFO - chord#: 32 In build_straw_man_chord_sa. tolerance = 1, sa_iterations = 1000, initial_temperature = 3.0, cooling_rate = 0.999
26 - INFO - chord#: 22 done. best_score=64.0, changed=611, unchanged=280, early_stops=8/8
26 - INFO - chord#: 24 In build_straw_man_chord_sa. tolerance = 1, sa_iterations = 1000, initial_temperature = 3.0, cooling_rate = 0.999
26 - INFO - chord#: 32 done. best_score=27.0, changed=522, unchanged=375, early_stops=8/8
26 - INFO - chord#: 36 In build_straw_man_chord_sa. tolerance = 1, sa_iterations = 1000, initial_temperature = 3.0, cooling_rate = 0.999
26 - INFO - chord#: 32 done. best_score=27.0, changed=527, unchanged=351, early_stops=8/8
26 - INFO - chord#: 36 In build_straw_man_chord_sa. tolerance = 1, sa_iterations = 1000, initial_temperature = 3.0, cooling_rate = 0.999
26 - INFO - chord#: 28 done. best_score=27.0, changed=523, unchanged=321, early_stops=8/8
26 - INFO - chord#: 32 In build_straw_man_chord_sa. tolerance = 1, sa_iterations = 1000, initial_temperature = 3.0, cooling_rate = 0.999
26 - INFO - chord#: 36 done. best_score=35.0, changed=527, unchanged=419, early_stops=8/8
26 - INFO - chord#: 38 In build_straw_man_chord_sa. tolerance = 1, sa_iterations = 1000, initial_temperature = 3.0, cooling_rate = 0.999
26 - INFO - chord#: 32 done. best_score=27.0, changed=525, unchanged=356, early_stops=8/8
26 - INFO - chord#: 36 In build_straw_man_chord_sa. tolerance = 1, sa_iterations = 1000, initial_temperature = 3.0, cooling_rate = 0.999
26 - INFO - chord#: 22 done. best_score=140.0, changed=616, unchanged=371, early_stops=8/8
26 - INFO - chord#: 24 In build_straw_man_chord_sa. tolerance = 1, sa_iterations = 1000, initial_temperature = 3.0, cooling_rate = 0.999
26 - INFO - chord#: 32 done. best_score=27.0, changed=532, unchanged=385, early_stops=8/8
26 - INFO - chord#: 36 In build_straw_man_chord_sa. tolerance = 1, sa_iterations = 1000, initial_temperature = 3.0, cooling_rate = 0.999
26 - INFO - chord#: 22 done. best_score=140.0, changed=609, unchanged=319, early_stops=8/8
26 - INFO - chord#: 24 In build_straw_man_chord_sa. tolerance = 1, sa_iterations = 1000, initial_temperature = 3.0, cooling_rate = 0.999
26 - INFO - chord#: 36 done. best_score=35.0, changed=531, unchanged=374, early_stops=8/8
26 - INFO - chord#: 38 In build_straw_man_chord_sa. tolerance = 1, sa_iterations = 1000, initial_temperature = 3.0, cooling_rate = 0.999
26 - INFO - chord#: 22 done. best_score=140.0, changed=619, unchanged=410, early_stops=8/8
26 - INFO - chord#: 24 In build_straw_man_chord_sa. tolerance = 1, sa_iterations = 1000, initial_temperature = 3.0, cooling_rate = 0.999
26 - INFO - chord#: 32 done. best_score=27.0, changed=516, unchanged=323, early_stops=8/8
26 - INFO - chord#: 36 In build_straw_man_chord_sa. tolerance = 1, sa_iterations = 1000, initial_temperature = 3.0, cooling_rate = 0.999
26 - INFO - chord#: 36 done. best_score=35.0, changed=523, unchanged=362, early_stops=8/8
26 - INFO - chord#: 38 In build_straw_man_chord_sa. tolerance = 1, sa_iterations = 1000, initial_temperature = 3.0, cooling_rate = 0.999
26 - INFO - chord#: 24 done. best_score=36.0, changed=520, unchanged=334, early_stops=8/8
26 - INFO - chord#: 28 In build_straw_man_chord_sa. tolerance = 1, sa_iterations = 1000, initial_temperature = 3.0, cooling_rate = 0.999
26 - INFO - chord#: 22 done. best_score=64.0, changed=612, unchanged=272, early_stops=8/8
26 - INFO - chord#: 24 In build_straw_man_chord_sa. tolerance = 1, sa_iterations = 1000, initial_temperature = 3.0, cooling_rate = 0.999
26 - INFO - chord#: 38 done. best_score=36.0, changed=519, unchanged=380, early_stops=8/8
26 - INFO - chord#: 40 In build_straw_man_chord_sa. tolerance = 1, sa_iterations = 1000, initial_temperature = 3.0, cooling_rate = 0.999
26 - INFO - chord#: 24 done. best_score=36.0, changed=516, unchanged=430, early_stops=8/8
26 - INFO - chord#: 28 In build_straw_man_chord_sa. tolerance = 1, sa_iterations = 1000, initial_temperature = 3.0, cooling_rate = 0.999
26 - INFO - chord#: 36 done. best_score=35.0, changed=528, unchanged=362, early_stops=8/8
26 - INFO - chord#: 38 In build_straw_man_chord_sa. tolerance = 1, sa_iterations = 1000, initial_temperature = 3.0, cooling_rate = 0.999
26 - INFO - chord#: 36 done. best_score=35.0, changed=516, unchanged=341, early_stops=8/8
26 - INFO - chord#: 38 In build_straw_man_chord_sa. tolerance = 1, sa_iterations = 1000, initial_temperature = 3.0, cooling_rate = 0.999
26 - INFO - chord#: 38 done. best_score=36.0, changed=523, unchanged=399, early_stops=8/8
26 - INFO - chord#: 40 In build_straw_man_chord_sa. tolerance = 1, sa_iterations = 1000, initial_temperature = 3.0, cooling_rate = 0.999
26 - INFO - chord#: 38 done. best_score=36.0, changed=518, unchanged=318, early_stops=8/8
26 - INFO - chord#: 40 In build_straw_man_chord_sa. tolerance = 1, sa_iterations = 1000, initial_temperature = 3.0, cooling_rate = 0.999
26 - INFO - chord#: 36 done. best_score=35.0, changed=531, unchanged=374, early_stops=8/8
26 - INFO - chord#: 38 In build_straw_man_chord_sa. tolerance = 1, sa_iterations = 1000, initial_temperature = 3.0, cooling_rate = 0.999
26 - INFO - chord#: 24 done. best_score=36.0, changed=514, unchanged=319, early_stops=8/8
26 - INFO - chord#: 28 In build_straw_man_chord_sa. tolerance = 1, sa_iterations = 1000, initial_temperature = 3.0, cooling_rate = 0.999
26 - INFO - chord#: 24 done. best_score=36.0, changed=522, unchanged=369, early_stops=8/8
26 - INFO - chord#: 28 In build_straw_man_chord_sa. tolerance = 1, sa_iterations = 1000, initial_temperature = 3.0, cooling_rate = 0.999
26 - INFO - chord#: 24 done. best_score=36.0, changed=530, unchanged=468, early_stops=8/8
26 - INFO - chord#: 28 In build_straw_man_chord_sa. tolerance = 1, sa_iterations = 1000, initial_temperature = 3.0, cooling_rate = 0.999
26 - INFO - chord#: 38 done. best_score=36.0, changed=519, unchanged=388, early_stops=8/8
26 - INFO - chord#: 40 In build_straw_man_chord_sa. tolerance = 1, sa_iterations = 1000, initial_temperature = 3.0, cooling_rate = 0.999
26 - INFO - chord#: 28 done. best_score=27.0, changed=513, unchanged=389, early_stops=8/8
26 - INFO - chord#: 32 In build_straw_man_chord_sa. tolerance = 1, sa_iterations = 1000, initial_temperature = 3.0, cooling_rate = 0.999
26 - INFO - chord#: 28 done. best_score=27.0, changed=516, unchanged=349, early_stops=8/8
26 - INFO - chord#: 32 In build_straw_man_chord_sa. tolerance = 1, sa_iterations = 1000, initial_temperature = 3.0, cooling_rate = 0.999
26 - INFO - chord#: 24 done. best_score=36.0, changed=521, unchanged=385, early_stops=8/8
26 - INFO - chord#: 28 In build_straw_man_chord_sa. tolerance = 1, sa_iterations = 1000, initial_temperature = 3.0, cooling_rate = 0.999
26 - INFO - chord#: 40 done. best_score=27.0, changed=528, unchanged=498, early_stops=8/8
26 - INFO - chord#: 42 In build_straw_man_chord_sa. tolerance = 1, sa_iterations = 1000, initial_temperature = 3.0, cooling_rate = 0.999
26 - INFO - chord#: 40 done. best_score=27.0, changed=517, unchanged=430, early_stops=8/8
26 - INFO - chord#: 42 In build_straw_man_chord_sa. tolerance = 1, sa_iterations = 1000, initial_temperature = 3.0, cooling_rate = 0.999
26 - INFO - chord#: 38 done. best_score=36.0, changed=521, unchanged=346, early_stops=8/8
26 - INFO - chord#: 40 In build_straw_man_chord_sa. tolerance = 1, sa_iterations = 1000, initial_temperature = 3.0, cooling_rate = 0.999
26 - INFO - chord#: 40 done. best_score=27.0, changed=522, unchanged=361, early_stops=8/8
26 - INFO - chord#: 42 In build_straw_man_chord_sa. tolerance = 1, sa_iterations = 1000, initial_temperature = 3.0, cooling_rate = 0.999
26 - INFO - chord#: 38 done. best_score=36.0, changed=519, unchanged=435, early_stops=8/8
26 - INFO - chord#: 40 In build_straw_man_chord_sa. tolerance = 1, sa_iterations = 1000, initial_temperature = 3.0, cooling_rate = 0.999
26 - INFO - chord#: 32 done. best_score=27.0, changed=524, unchanged=400, early_stops=8/8
26 - INFO - chord#: 36 In build_straw_man_chord_sa. tolerance = 1, sa_iterations = 1000, initial_temperature = 3.0, cooling_rate = 0.999
26 - INFO - chord#: 40 done. best_score=27.0, changed=520, unchanged=448, early_stops=8/8
26 - INFO - chord#: 42 In build_straw_man_chord_sa. tolerance = 1, sa_iterations = 1000, initial_temperature = 3.0, cooling_rate = 0.999
26 - INFO - chord#: 28 done. best_score=27.0, changed=514, unchanged=347, early_stops=8/8
26 - INFO - chord#: 32 In build_straw_man_chord_sa. tolerance = 1, sa_iterations = 1000, initial_temperature = 3.0, cooling_rate = 0.999
26 - INFO - chord#: 28 done. best_score=27.0, changed=519, unchanged=389, early_stops=8/8
26 - INFO - chord#: 32 In build_straw_man_chord_sa. tolerance = 1, sa_iterations = 1000, initial_temperature = 3.0, cooling_rate = 0.999
26 - INFO - chord#: 28 done. best_score=27.0, changed=520, unchanged=356, early_stops=8/8
26 - INFO - chord#: 32 In build_straw_man_chord_sa. tolerance = 1, sa_iterations = 1000, initial_temperature = 3.0, cooling_rate = 0.999
26 - INFO - chord#: 32 done. best_score=27.0, changed=515, unchanged=420, early_stops=8/8
26 - INFO - chord#: 36 In build_straw_man_chord_sa. tolerance = 1, sa_iterations = 1000, initial_temperature = 3.0, cooling_rate = 0.999
26 - INFO - chord#: 28 done. best_score=36.0, changed=517, unchanged=338, early_stops=8/8
26 - INFO - chord#: 32 In build_straw_man_chord_sa. tolerance = 1, sa_iterations = 1000, initial_temperature = 3.0, cooling_rate = 0.999
26 - INFO - chord#: 40 done. best_score=27.0, changed=523, unchanged=478, early_stops=8/8
26 - INFO - chord#: 42 In build_straw_man_chord_sa. tolerance = 1, sa_iterations = 1000, initial_temperature = 3.0, cooling_rate = 0.999
26 - INFO - chord#: 36 done. best_score=35.0, changed=525, unchanged=406, early_stops=8/8
26 - INFO - chord#: 38 In build_straw_man_chord_sa. tolerance = 1, sa_iterations = 1000, initial_temperature = 3.0, cooling_rate = 0.999
26 - INFO - chord#: 40 done. best_score=27.0, changed=525, unchanged=478, early_stops=8/8
26 - INFO - chord#: 42 In build_straw_man_chord_sa. tolerance = 1, sa_iterations = 1000, initial_temperature = 3.0, cooling_rate = 0.999
26 - INFO - chord#: 32 done. best_score=27.0, changed=526, unchanged=395, early_stops=8/8
26 - INFO - chord#: 36 In build_straw_man_chord_sa. tolerance = 1, sa_iterations = 1000, initial_temperature = 3.0, cooling_rate = 0.999
26 - INFO - chord#: 42 done. best_score=82.0, changed=612, unchanged=259, early_stops=8/8
26 - INFO - chord#: 44 In build_straw_man_chord_sa. tolerance = 1, sa_iterations = 1000, initial_temperature = 3.0, cooling_rate = 0.999
26 - INFO - chord#: 32 done. best_score=27.0, changed=531, unchanged=405, early_stops=8/8
26 - INFO - chord#: 36 In build_straw_man_chord_sa. tolerance = 1, sa_iterations = 1000, initial_temperature = 3.0, cooling_rate = 0.999
26 - INFO - chord#: 32 done. best_score=27.0, changed=523, unchanged=422, early_stops=8/8
26 - INFO - chord#: 36 In build_straw_man_chord_sa. tolerance = 1, sa_iterations = 1000, initial_temperature = 3.0, cooling_rate = 0.999
26 - INFO - chord#: 36 done. best_score=35.0, changed=523, unchanged=440, early_stops=8/8
26 - INFO - chord#: 38 In build_straw_man_chord_sa. tolerance = 1, sa_iterations = 1000, initial_temperature = 3.0, cooling_rate = 0.999
26 - INFO - chord#: 32 done. best_score=27.0, changed=527, unchanged=429, early_stops=8/8
26 - INFO - chord#: 36 In build_straw_man_chord_sa. tolerance = 1, sa_iterations = 1000, initial_temperature = 3.0, cooling_rate = 0.999
26 - INFO - chord#: 42 done. best_score=82.0, changed=609, unchanged=266, early_stops=8/8
26 - INFO - chord#: 44 In build_straw_man_chord_sa. tolerance = 1, sa_iterations = 1000, initial_temperature = 3.0, cooling_rate = 0.999
26 - INFO - chord#: 38 done. best_score=36.0, changed=528, unchanged=418, early_stops=8/8
26 - INFO - chord#: 40 In build_straw_man_chord_sa. tolerance = 1, sa_iterations = 1000, initial_temperature = 3.0, cooling_rate = 0.999
26 - INFO - chord#: 42 done. best_score=120.0, changed=617, unchanged=440, early_stops=8/8
26 - INFO - chord#: 44 In build_straw_man_chord_sa. tolerance = 1, sa_iterations = 1000, initial_temperature = 3.0, cooling_rate = 0.999
26 - INFO - chord#: 36 done. best_score=35.0, changed=532, unchanged=505, early_stops=8/8
26 - INFO - chord#: 38 In build_straw_man_chord_sa. tolerance = 1, sa_iterations = 1000, initial_temperature = 3.0, cooling_rate = 0.999
26 - INFO - chord#: 44 done. best_score=27.0, changed=515, unchanged=457, early_stops=8/8
26 - INFO - chord#: 48 In build_straw_man_chord_sa. tolerance = 1, sa_iterations = 1000, initial_temperature = 3.0, cooling_rate = 0.999
26 - INFO - chord#: 42 done. best_score=82.0, changed=608, unchanged=278, early_stops=8/8
26 - INFO - chord#: 44 In build_straw_man_chord_sa. tolerance = 1, sa_iterations = 1000, initial_temperature = 3.0, cooling_rate = 0.999
26 - INFO - chord#: 36 done. best_score=35.0, changed=528, unchanged=327, early_stops=8/8
26 - INFO - chord#: 38 In build_straw_man_chord_sa. tolerance = 1, sa_iterations = 1000, initial_temperature = 3.0, cooling_rate = 0.999
26 - INFO - chord#: 44 done. best_score=27.0, changed=523, unchanged=391, early_stops=8/8
26 - INFO - chord#: 48 In build_straw_man_chord_sa. tolerance = 1, sa_iterations = 1000, initial_temperature = 3.0, cooling_rate = 0.999
26 - INFO - chord#: 36 done. best_score=35.0, changed=524, unchanged=396, early_stops=8/8
26 - INFO - chord#: 38 In build_straw_man_chord_sa. tolerance = 1, sa_iterations = 1000, initial_temperature = 3.0, cooling_rate = 0.999
26 - INFO - chord#: 38 done. best_score=36.0, changed=534, unchanged=426, early_stops=8/8
26 - INFO - chord#: 40 In build_straw_man_chord_sa. tolerance = 1, sa_iterations = 1000, initial_temperature = 3.0, cooling_rate = 0.999
26 - INFO - chord#: 36 done. best_score=35.0, changed=526, unchanged=376, early_stops=8/8
26 - INFO - chord#: 38 In build_straw_man_chord_sa. tolerance = 1, sa_iterations = 1000, initial_temperature = 3.0, cooling_rate = 0.999
26 - INFO - chord#: 40 done. best_score=27.0, changed=526, unchanged=403, early_stops=8/8
26 - INFO - chord#: 42 In build_straw_man_chord_sa. tolerance = 1, sa_iterations = 1000, initial_temperature = 3.0, cooling_rate = 0.999
26 - INFO - chord#: 38 done. best_score=36.0, changed=522, unchanged=323, early_stops=8/8
26 - INFO - chord#: 40 In build_straw_man_chord_sa. tolerance = 1, sa_iterations = 1000, initial_temperature = 3.0, cooling_rate = 0.999
26 - INFO - chord#: 44 done. best_score=27.0, changed=523, unchanged=473, early_stops=8/8
26 - INFO - chord#: 48 In build_straw_man_chord_sa. tolerance = 1, sa_iterations = 1000, initial_temperature = 3.0, cooling_rate = 0.999
26 - INFO - chord#: 48 done. best_score=27.0, changed=523, unchanged=398, early_stops=8/8
26 - INFO - chord#: 50 In build_straw_man_chord_sa. tolerance = 1, sa_iterations = 1000, initial_temperature = 3.0, cooling_rate = 0.999
26 - INFO - chord#: 44 done. best_score=27.0, changed=529, unchanged=464, early_stops=8/8
26 - INFO - chord#: 48 In build_straw_man_chord_sa. tolerance = 1, sa_iterations = 1000, initial_temperature = 3.0, cooling_rate = 0.999
26 - INFO - chord#: 48 done. best_score=27.0, changed=528, unchanged=382, early_stops=8/8
26 - INFO - chord#: 50 In build_straw_man_chord_sa. tolerance = 1, sa_iterations = 1000, initial_temperature = 3.0, cooling_rate = 0.999
26 - INFO - chord#: 38 done. best_score=36.0, changed=524, unchanged=337, early_stops=8/8
26 - INFO - chord#: 40 In build_straw_man_chord_sa. tolerance = 1, sa_iterations = 1000, initial_temperature = 3.0, cooling_rate = 0.999
26 - INFO - chord#: 38 done. best_score=36.0, changed=521, unchanged=420, early_stops=8/8
26 - INFO - chord#: 40 In build_straw_man_chord_sa. tolerance = 1, sa_iterations = 1000, initial_temperature = 3.0, cooling_rate = 0.999
26 - INFO - chord#: 38 done. best_score=36.0, changed=515, unchanged=406, early_stops=8/8
26 - INFO - chord#: 40 In build_straw_man_chord_sa. tolerance = 1, sa_iterations = 1000, initial_temperature = 3.0, cooling_rate = 0.999
26 - INFO - chord#: 42 done. best_score=97.0, changed=610, unchanged=382, early_stops=8/8
26 - INFO - chord#: 44 In build_straw_man_chord_sa. tolerance = 1, sa_iterations = 1000, initial_temperature = 3.0, cooling_rate = 0.999
26 - INFO - chord#: 40 done. best_score=27.0, changed=518, unchanged=400, early_stops=8/8
26 - INFO - chord#: 42 In build_straw_man_chord_sa. tolerance = 1, sa_iterations = 1000, initial_temperature = 3.0, cooling_rate = 0.999
26 - INFO - chord#: 42 done. best_score=120.0, changed=616, unchanged=423, early_stops=8/8
26 - INFO - chord#: 44 In build_straw_man_chord_sa. tolerance = 1, sa_iterations = 1000, initial_temperature = 3.0, cooling_rate = 0.999
26 - INFO - chord#: 50 done. best_score=31.0, changed=524, unchanged=315, early_stops=8/8
26 - INFO - chord#: 52 In build_straw_man_chord_sa. tolerance = 1, sa_iterations = 1000, initial_temperature = 3.0, cooling_rate = 0.999
26 - INFO - chord#: 48 done. best_score=27.0, changed=522, unchanged=339, early_stops=8/8
26 - INFO - chord#: 50 In build_straw_man_chord_sa. tolerance = 1, sa_iterations = 1000, initial_temperature = 3.0, cooling_rate = 0.999
26 - INFO - chord#: 48 done. best_score=27.0, changed=514, unchanged=375, early_stops=8/8
26 - INFO - chord#: 50 In build_straw_man_chord_sa. tolerance = 1, sa_iterations = 1000, initial_temperature = 3.0, cooling_rate = 0.999
26 - INFO - chord#: 40 done. best_score=27.0, changed=516, unchanged=431, early_stops=8/8
26 - INFO - chord#: 42 In build_straw_man_chord_sa. tolerance = 1, sa_iterations = 1000, initial_temperature = 3.0, cooling_rate = 0.999
26 - INFO - chord#: 50 done. best_score=31.0, changed=530, unchanged=304, early_stops=8/8
26 - INFO - chord#: 52 In build_straw_man_chord_sa. tolerance = 1, sa_iterations = 1000, initial_temperature = 3.0, cooling_rate = 0.999
26 - INFO - chord#: 44 done. best_score=27.0, changed=512, unchanged=377, early_stops=8/8
26 - INFO - chord#: 48 In build_straw_man_chord_sa. tolerance = 1, sa_iterations = 1000, initial_temperature = 3.0, cooling_rate = 0.999
26 - INFO - chord#: 40 done. best_score=27.0, changed=517, unchanged=400, early_stops=8/8
26 - INFO - chord#: 42 In build_straw_man_chord_sa. tolerance = 1, sa_iterations = 1000, initial_temperature = 3.0, cooling_rate = 0.999
26 - INFO - chord#: 40 done. best_score=27.0, changed=514, unchanged=432, early_stops=8/8
26 - INFO - chord#: 42 In build_straw_man_chord_sa. tolerance = 1, sa_iterations = 1000, initial_temperature = 3.0, cooling_rate = 0.999
26 - INFO - chord#: 50 done. best_score=31.0, changed=540, unchanged=316, early_stops=8/8
26 - INFO - chord#: 52 In build_straw_man_chord_sa. tolerance = 1, sa_iterations = 1000, initial_temperature = 3.0, cooling_rate = 0.999
26 - INFO - chord#: 50 done. best_score=31.0, changed=524, unchanged=328, early_stops=8/8
26 - INFO - chord#: 52 In build_straw_man_chord_sa. tolerance = 1, sa_iterations = 1000, initial_temperature = 3.0, cooling_rate = 0.999
26 - INFO - chord#: 40 done. best_score=27.0, changed=520, unchanged=434, early_stops=8/8
26 - INFO - chord#: 42 In build_straw_man_chord_sa. tolerance = 1, sa_iterations = 1000, initial_temperature = 3.0, cooling_rate = 0.999
26 - INFO - chord#: 42 done. best_score=82.0, changed=614, unchanged=400, early_stops=8/8
26 - INFO - chord#: 44 In build_straw_man_chord_sa. tolerance = 1, sa_iterations = 1000, initial_temperature = 3.0, cooling_rate = 0.999
26 - INFO - chord#: 44 done. best_score=27.0, changed=523, unchanged=454, early_stops=8/8
26 - INFO - chord#: 48 In build_straw_man_chord_sa. tolerance = 1, sa_iterations = 1000, initial_temperature = 3.0, cooling_rate = 0.999
26 - INFO - chord#: 48 done. best_score=27.0, changed=525, unchanged=422, early_stops=8/8
26 - INFO - chord#: 50 In build_straw_man_chord_sa. tolerance = 1, sa_iterations = 1000, initial_temperature = 3.0, cooling_rate = 0.999
26 - INFO - chord#: 52 done. best_score=71.0, changed=611, unchanged=225, early_stops=8/8
26 - INFO - chord#: 56 In build_straw_man_chord_sa. tolerance = 1, sa_iterations = 1000, initial_temperature = 3.0, cooling_rate = 0.999
26 - INFO - chord#: 42 done. best_score=82.0, changed=611, unchanged=238, early_stops=8/8
26 - INFO - chord#: 44 In build_straw_man_chord_sa. tolerance = 1, sa_iterations = 1000, initial_temperature = 3.0, cooling_rate = 0.999
26 - INFO - chord#: 44 done. best_score=27.0, changed=529, unchanged=427, early_stops=8/8
26 - INFO - chord#: 48 In build_straw_man_chord_sa. tolerance = 1, sa_iterations = 1000, initial_temperature = 3.0, cooling_rate = 0.999
26 - INFO - chord#: 42 done. best_score=82.0, changed=612, unchanged=218, early_stops=8/8
26 - INFO - chord#: 44 In build_straw_man_chord_sa. tolerance = 1, sa_iterations = 1000, initial_temperature = 3.0, cooling_rate = 0.999
26 - INFO - chord#: 48 done. best_score=27.0, changed=520, unchanged=353, early_stops=8/8
26 - INFO - chord#: 50 In build_straw_man_chord_sa. tolerance = 1, sa_iterations = 1000, initial_temperature = 3.0, cooling_rate = 0.999
26 - INFO - chord#: 52 done. best_score=64.0, changed=609, unchanged=359, early_stops=8/8
26 - INFO - chord#: 56 In build_straw_man_chord_sa. tolerance = 1, sa_iterations = 1000, initial_temperature = 3.0, cooling_rate = 0.999
26 - INFO - chord#: 50 done. best_score=31.0, changed=532, unchanged=344, early_stops=8/8
26 - INFO - chord#: 52 In build_straw_man_chord_sa. tolerance = 1, sa_iterations = 1000, initial_temperature = 3.0, cooling_rate = 0.999
26 - INFO - chord#: 56 done. best_score=27.0, changed=525, unchanged=463, early_stops=8/8
26 - INFO - chord#: 58 In build_straw_man_chord_sa. tolerance = 1, sa_iterations = 1000, initial_temperature = 3.0, cooling_rate = 0.999
26 - INFO - chord#: 52 done. best_score=71.0, changed=614, unchanged=305, early_stops=8/8
26 - INFO - chord#: 56 In build_straw_man_chord_sa. tolerance = 1, sa_iterations = 1000, initial_temperature = 3.0, cooling_rate = 0.999
26 - INFO - chord#: 42 done. best_score=82.0, changed=608, unchanged=282, early_stops=8/8
26 - INFO - chord#: 44 In build_straw_man_chord_sa. tolerance = 1, sa_iterations = 1000, initial_temperature = 3.0, cooling_rate = 0.999
26 - INFO - chord#: 52 done. best_score=64.0, changed=612, unchanged=330, early_stops=8/8
26 - INFO - chord#: 56 In build_straw_man_chord_sa. tolerance = 1, sa_iterations = 1000, initial_temperature = 3.0, cooling_rate = 0.999
26 - INFO - chord#: 48 done. best_score=27.0, changed=528, unchanged=476, early_stops=8/8
26 - INFO - chord#: 50 In build_straw_man_chord_sa. tolerance = 1, sa_iterations = 1000, initial_temperature = 3.0, cooling_rate = 0.999
26 - INFO - chord#: 42 done. best_score=82.0, changed=612, unchanged=243, early_stops=8/8
26 - INFO - chord#: 44 In build_straw_man_chord_sa. tolerance = 1, sa_iterations = 1000, initial_temperature = 3.0, cooling_rate = 0.999
26 - INFO - chord#: 44 done. best_score=27.0, changed=527, unchanged=392, early_stops=8/8
26 - INFO - chord#: 48 In build_straw_man_chord_sa. tolerance = 1, sa_iterations = 1000, initial_temperature = 3.0, cooling_rate = 0.999
26 - INFO - chord#: 50 done. best_score=31.0, changed=538, unchanged=332, early_stops=8/8
26 - INFO - chord#: 52 In build_straw_man_chord_sa. tolerance = 1, sa_iterations = 1000, initial_temperature = 3.0, cooling_rate = 0.999
26 - INFO - chord#: 44 done. best_score=27.0, changed=524, unchanged=338, early_stops=8/8
26 - INFO - chord#: 48 In build_straw_man_chord_sa. tolerance = 1, sa_iterations = 1000, initial_temperature = 3.0, cooling_rate = 0.999
26 - INFO - chord#: 56 done. best_score=27.0, changed=521, unchanged=425, early_stops=8/8
26 - INFO - chord#: 58 In build_straw_man_chord_sa. tolerance = 1, sa_iterations = 1000, initial_temperature = 3.0, cooling_rate = 0.999
26 - INFO - chord#: 42 done. best_score=82.0, changed=610, unchanged=341, early_stops=8/8
26 - INFO - chord#: 44 In build_straw_man_chord_sa. tolerance = 1, sa_iterations = 1000, initial_temperature = 3.0, cooling_rate = 0.999
26 - INFO - chord#: 56 done. best_score=27.0, changed=519, unchanged=322, early_stops=8/8
26 - INFO - chord#: 58 In build_straw_man_chord_sa. tolerance = 1, sa_iterations = 1000, initial_temperature = 3.0, cooling_rate = 0.999
26 - INFO - chord#: 44 done. best_score=27.0, changed=530, unchanged=492, early_stops=8/8
26 - INFO - chord#: 48 In build_straw_man_chord_sa. tolerance = 1, sa_iterations = 1000, initial_temperature = 3.0, cooling_rate = 0.999
26 - INFO - chord#: 50 done. best_score=31.0, changed=534, unchanged=346, early_stops=8/8
26 - INFO - chord#: 52 In build_straw_man_chord_sa. tolerance = 1, sa_iterations = 1000, initial_temperature = 3.0, cooling_rate = 0.999
26 - INFO - chord#: 56 done. best_score=27.0, changed=521, unchanged=557, early_stops=8/8
26 - INFO - chord#: 58 In build_straw_man_chord_sa. tolerance = 1, sa_iterations = 1000, initial_temperature = 3.0, cooling_rate = 0.999
26 - INFO - chord#: 48 done. best_score=27.0, changed=519, unchanged=311, early_stops=8/8
26 - INFO - chord#: 50 In build_straw_man_chord_sa. tolerance = 1, sa_iterations = 1000, initial_temperature = 3.0, cooling_rate = 0.999
26 - INFO - chord#: 44 done. best_score=27.0, changed=525, unchanged=458, early_stops=8/8
26 - INFO - chord#: 48 In build_straw_man_chord_sa. tolerance = 1, sa_iterations = 1000, initial_temperature = 3.0, cooling_rate = 0.999
26 - INFO - chord#: 44 done. best_score=27.0, changed=527, unchanged=563, early_stops=8/8
26 - INFO - chord#: 48 In build_straw_man_chord_sa. tolerance = 1, sa_iterations = 1000, initial_temperature = 3.0, cooling_rate = 0.999
26 - INFO - chord#: 48 done. best_score=27.0, changed=522, unchanged=421, early_stops=8/8
26 - INFO - chord#: 50 In build_straw_man_chord_sa. tolerance = 1, sa_iterations = 1000, initial_temperature = 3.0, cooling_rate = 0.999
26 - INFO - chord#: 48 done. best_score=27.0, changed=522, unchanged=384, early_stops=8/8
26 - INFO - chord#: 50 In build_straw_man_chord_sa. tolerance = 1, sa_iterations = 1000, initial_temperature = 3.0, cooling_rate = 0.999
26 - INFO - chord#: 58 done. best_score=145.0, changed=615, unchanged=284, early_stops=8/8
26 - INFO - chord#: 60 In build_straw_man_chord_sa. tolerance = 1, sa_iterations = 1000, initial_temperature = 3.0, cooling_rate = 0.999
26 - INFO - chord#: 50 done. best_score=31.0, changed=529, unchanged=304, early_stops=8/8
26 - INFO - chord#: 52 In build_straw_man_chord_sa. tolerance = 1, sa_iterations = 1000, initial_temperature = 3.0, cooling_rate = 0.999
26 - INFO - chord#: 58 done. best_score=67.0, changed=611, unchanged=323, early_stops=8/8
26 - INFO - chord#: 60 In build_straw_man_chord_sa. tolerance = 1, sa_iterations = 1000, initial_temperature = 3.0, cooling_rate = 0.999
26 - INFO - chord#: 52 done. best_score=64.0, changed=611, unchanged=290, early_stops=8/8
26 - INFO - chord#: 56 In build_straw_man_chord_sa. tolerance = 1, sa_iterations = 1000, initial_temperature = 3.0, cooling_rate = 0.999
26 - INFO - chord#: 50 done. best_score=31.0, changed=532, unchanged=352, early_stops=8/8
26 - INFO - chord#: 50 done. best_score=31.0, changed=526, unchanged=313, early_stops=8/8
26 - INFO - chord#: 52 In build_straw_man_chord_sa. tolerance = 1, sa_iterations = 1000, initial_temperature = 3.0, cooling_rate = 0.999
26 - INFO - chord#: 52 In build_straw_man_chord_sa. tolerance = 1, sa_iterations = 1000, initial_temperature = 3.0, cooling_rate = 0.999
26 - INFO - chord#: 60 done. best_score=27.0, changed=521, unchanged=323, early_stops=8/8
26 - INFO - chord#: 64 In build_straw_man_chord_sa. tolerance = 1, sa_iterations = 1000, initial_temperature = 3.0, cooling_rate = 0.999
26 - INFO - chord#: 52 done. best_score=64.0, changed=613, unchanged=402, early_stops=8/8
26 - INFO - chord#: 56 In build_straw_man_chord_sa. tolerance = 1, sa_iterations = 1000, initial_temperature = 3.0, cooling_rate = 0.999
26 - INFO - chord#: 48 done. best_score=27.0, changed=526, unchanged=379, early_stops=8/8
26 - INFO - chord#: 50 In build_straw_man_chord_sa. tolerance = 1, sa_iterations = 1000, initial_temperature = 3.0, cooling_rate = 0.999
26 - INFO - chord#: 58 done. best_score=162.0, changed=610, unchanged=285, early_stops=8/8
26 - INFO - chord#: 60 In build_straw_man_chord_sa. tolerance = 1, sa_iterations = 1000, initial_temperature = 3.0, cooling_rate = 0.999
26 - INFO - chord#: 48 done. best_score=27.0, changed=534, unchanged=462, early_stops=8/8
26 - INFO - chord#: 50 In build_straw_man_chord_sa. tolerance = 1, sa_iterations = 1000, initial_temperature = 3.0, cooling_rate = 0.999
26 - INFO - chord#: 58 done. best_score=137.0, changed=610, unchanged=263, early_stops=8/8
26 - INFO - chord#: 60 In build_straw_man_chord_sa. tolerance = 1, sa_iterations = 1000, initial_temperature = 3.0, cooling_rate = 0.999
26 - INFO - chord#: 60 done. best_score=27.0, changed=519, unchanged=437, early_stops=8/8
26 - INFO - chord#: 64 In build_straw_man_chord_sa. tolerance = 1, sa_iterations = 1000, initial_temperature = 3.0, cooling_rate = 0.999
26 - INFO - chord#: 56 done. best_score=27.0, changed=516, unchanged=366, early_stops=8/8
26 - INFO - chord#: 58 In build_straw_man_chord_sa. tolerance = 1, sa_iterations = 1000, initial_temperature = 3.0, cooling_rate = 0.999
26 - INFO - chord#: 60 done. best_score=27.0, changed=522, unchanged=332, early_stops=8/8
26 - INFO - chord#: 64 In build_straw_man_chord_sa. tolerance = 1, sa_iterations = 1000, initial_temperature = 3.0, cooling_rate = 0.999
26 - INFO - chord#: 64 done. best_score=27.0, changed=527, unchanged=539, early_stops=8/8
26 - INFO - chord#: 68 In build_straw_man_chord_sa. tolerance = 1, sa_iterations = 1000, initial_temperature = 3.0, cooling_rate = 0.999
26 - INFO - chord#: 52 done. best_score=64.0, changed=610, unchanged=305, early_stops=8/8
26 - INFO - chord#: 56 In build_straw_man_chord_sa. tolerance = 1, sa_iterations = 1000, initial_temperature = 3.0, cooling_rate = 0.999
26 - INFO - chord#: 50 done. best_score=31.0, changed=518, unchanged=291, early_stops=8/8
26 - INFO - chord#: 52 In build_straw_man_chord_sa. tolerance = 1, sa_iterations = 1000, initial_temperature = 3.0, cooling_rate = 0.999
26 - INFO - chord#: 50 done. best_score=31.0, changed=534, unchanged=375, early_stops=8/8
26 - INFO - chord#: 52 In build_straw_man_chord_sa. tolerance = 1, sa_iterations = 1000, initial_temperature = 3.0, cooling_rate = 0.999
26 - INFO - chord#: 56 done. best_score=27.0, changed=523, unchanged=459, early_stops=8/8
26 - INFO - chord#: 58 In build_straw_man_chord_sa. tolerance = 1, sa_iterations = 1000, initial_temperature = 3.0, cooling_rate = 0.999
26 - INFO - chord#: 60 done. best_score=27.0, changed=535, unchanged=476, early_stops=8/8
26 - INFO - chord#: 64 In build_straw_man_chord_sa. tolerance = 1, sa_iterations = 1000, initial_temperature = 3.0, cooling_rate = 0.999
26 - INFO - chord#: 64 done. best_score=27.0, changed=516, unchanged=396, early_stops=8/8
26 - INFO - chord#: 68 In build_straw_man_chord_sa. tolerance = 1, sa_iterations = 1000, initial_temperature = 3.0, cooling_rate = 0.999
26 - INFO - chord#: 64 done. best_score=27.0, changed=519, unchanged=446, early_stops=8/8
26 - INFO - chord#: 68 In build_straw_man_chord_sa. tolerance = 1, sa_iterations = 1000, initial_temperature = 3.0, cooling_rate = 0.999
26 - INFO - chord#: 68 done. best_score=36.0, changed=517, unchanged=343, early_stops=8/8
26 - INFO - chord#: 72 In build_straw_man_chord_sa. tolerance = 1, sa_iterations = 1000, initial_temperature = 3.0, cooling_rate = 0.999
26 - INFO - chord#: 52 done. best_score=64.0, changed=610, unchanged=293, early_stops=8/8
26 - INFO - chord#: 56 In build_straw_man_chord_sa. tolerance = 1, sa_iterations = 1000, initial_temperature = 3.0, cooling_rate = 0.999
26 - INFO - chord#: 64 done. best_score=27.0, changed=527, unchanged=354, early_stops=8/8
26 - INFO - chord#: 68 In build_straw_man_chord_sa. tolerance = 1, sa_iterations = 1000, initial_temperature = 3.0, cooling_rate = 0.999
26 - INFO - chord#: 56 done. best_score=27.0, changed=522, unchanged=507, early_stops=8/8
26 - INFO - chord#: 58 In build_straw_man_chord_sa. tolerance = 1, sa_iterations = 1000, initial_temperature = 3.0, cooling_rate = 0.999
26 - INFO - chord#: 52 done. best_score=64.0, changed=609, unchanged=328, early_stops=8/8
26 - INFO - chord#: 56 In build_straw_man_chord_sa. tolerance = 1, sa_iterations = 1000, initial_temperature = 3.0, cooling_rate = 0.999
26 - INFO - chord#: 52 done. best_score=64.0, changed=610, unchanged=244, early_stops=8/8
26 - INFO - chord#: 56 In build_straw_man_chord_sa. tolerance = 1, sa_iterations = 1000, initial_temperature = 3.0, cooling_rate = 0.999
26 - INFO - chord#: 68 done. best_score=36.0, changed=514, unchanged=423, early_stops=8/8
26 - INFO - chord#: 72 In build_straw_man_chord_sa. tolerance = 1, sa_iterations = 1000, initial_temperature = 3.0, cooling_rate = 0.999
26 - INFO - chord#: 68 done. best_score=36.0, changed=521, unchanged=397, early_stops=8/8
26 - INFO - chord#: 72 In build_straw_man_chord_sa. tolerance = 1, sa_iterations = 1000, initial_temperature = 3.0, cooling_rate = 0.999
26 - INFO - chord#: 72 done. best_score=27.0, changed=518, unchanged=439, early_stops=8/8
26 - INFO - chord#: 76 In build_straw_man_chord_sa. tolerance = 1, sa_iterations = 1000, initial_temperature = 3.0, cooling_rate = 0.999
26 - INFO - chord#: 58 done. best_score=179.0, changed=608, unchanged=269, early_stops=8/8
26 - INFO - chord#: 60 In build_straw_man_chord_sa. tolerance = 1, sa_iterations = 1000, initial_temperature = 3.0, cooling_rate = 0.999
26 - INFO - chord#: 68 done. best_score=36.0, changed=532, unchanged=391, early_stops=8/8
26 - INFO - chord#: 72 In build_straw_man_chord_sa. tolerance = 1, sa_iterations = 1000, initial_temperature = 3.0, cooling_rate = 0.999
26 - INFO - chord#: 56 done. best_score=27.0, changed=527, unchanged=407, early_stops=8/8
26 - INFO - chord#: 58 In build_straw_man_chord_sa. tolerance = 1, sa_iterations = 1000, initial_temperature = 3.0, cooling_rate = 0.999
26 - INFO - chord#: 72 done. best_score=27.0, changed=514, unchanged=389, early_stops=8/8
26 - INFO - chord#: 76 In build_straw_man_chord_sa. tolerance = 1, sa_iterations = 1000, initial_temperature = 3.0, cooling_rate = 0.999
26 - INFO - chord#: 76 done. best_score=27.0, changed=522, unchanged=333, early_stops=8/8
26 - INFO - chord#: 84 In build_straw_man_chord_sa. tolerance = 1, sa_iterations = 1000, initial_temperature = 3.0, cooling_rate = 0.999
26 - INFO - chord#: 56 done. best_score=27.0, changed=515, unchanged=380, early_stops=8/8
26 - INFO - chord#: 58 In build_straw_man_chord_sa. tolerance = 1, sa_iterations = 1000, initial_temperature = 3.0, cooling_rate = 0.999
26 - INFO - chord#: 60 done. best_score=27.0, changed=522, unchanged=330, early_stops=8/8
26 - INFO - chord#: 64 In build_straw_man_chord_sa. tolerance = 1, sa_iterations = 1000, initial_temperature = 3.0, cooling_rate = 0.999
26 - INFO - chord#: 56 done. best_score=27.0, changed=522, unchanged=523, early_stops=8/8
26 - INFO - chord#: 58 In build_straw_man_chord_sa. tolerance = 1, sa_iterations = 1000, initial_temperature = 3.0, cooling_rate = 0.999
26 - INFO - chord#: 72 done. best_score=27.0, changed=520, unchanged=450, early_stops=8/8
26 - INFO - chord#: 76 In build_straw_man_chord_sa. tolerance = 1, sa_iterations = 1000, initial_temperature = 3.0, cooling_rate = 0.999
26 - INFO - chord#: 52 done. best_score=71.0, changed=611, unchanged=400, early_stops=8/8
26 - INFO - chord#: 56 In build_straw_man_chord_sa. tolerance = 1, sa_iterations = 1000, initial_temperature = 3.0, cooling_rate = 0.999
26 - INFO - chord#: 72 done. best_score=27.0, changed=521, unchanged=467, early_stops=8/8
26 - INFO - chord#: 76 In build_straw_man_chord_sa. tolerance = 1, sa_iterations = 1000, initial_temperature = 3.0, cooling_rate = 0.999
26 - INFO - chord#: 58 done. best_score=137.0, changed=611, unchanged=356, early_stops=8/8
26 - INFO - chord#: 60 In build_straw_man_chord_sa. tolerance = 1, sa_iterations = 1000, initial_temperature = 3.0, cooling_rate = 0.999
26 - INFO - chord#: 52 done. best_score=157.0, changed=615, unchanged=346, early_stops=8/8
26 - INFO - chord#: 56 In build_straw_man_chord_sa. tolerance = 1, sa_iterations = 1000, initial_temperature = 3.0, cooling_rate = 0.999
26 - INFO - chord#: 76 done. best_score=27.0, changed=520, unchanged=382, early_stops=8/8
26 - INFO - chord#: 84 In build_straw_man_chord_sa. tolerance = 1, sa_iterations = 1000, initial_temperature = 3.0, cooling_rate = 0.999
26 - INFO - chord#: 64 done. best_score=27.0, changed=521, unchanged=324, early_stops=8/8
26 - INFO - chord#: 68 In build_straw_man_chord_sa. tolerance = 1, sa_iterations = 1000, initial_temperature = 3.0, cooling_rate = 0.999
26 - INFO - chord#: 84 done. best_score=27.0, changed=522, unchanged=390, early_stops=8/8
26 - INFO - chord#: 86 In build_straw_man_chord_sa. tolerance = 1, sa_iterations = 1000, initial_temperature = 3.0, cooling_rate = 0.999
26 - INFO - chord#: 76 done. best_score=27.0, changed=534, unchanged=392, early_stops=8/8
26 - INFO - chord#: 84 In build_straw_man_chord_sa. tolerance = 1, sa_iterations = 1000, initial_temperature = 3.0, cooling_rate = 0.999
26 - INFO - chord#: 76 done. best_score=27.0, changed=515, unchanged=373, early_stops=8/8
26 - INFO - chord#: 84 In build_straw_man_chord_sa. tolerance = 1, sa_iterations = 1000, initial_temperature = 3.0, cooling_rate = 0.999
26 - INFO - chord#: 58 done. best_score=67.0, changed=610, unchanged=289, early_stops=8/8
26 - INFO - chord#: 60 In build_straw_man_chord_sa. tolerance = 1, sa_iterations = 1000, initial_temperature = 3.0, cooling_rate = 0.999
26 - INFO - chord#: 84 done. best_score=27.0, changed=514, unchanged=303, early_stops=8/8
26 - INFO - chord#: 86 In build_straw_man_chord_sa. tolerance = 1, sa_iterations = 1000, initial_temperature = 3.0, cooling_rate = 0.999
26 - INFO - chord#: 56 done. best_score=27.0, changed=520, unchanged=341, early_stops=8/8
26 - INFO - chord#: 58 In build_straw_man_chord_sa. tolerance = 1, sa_iterations = 1000, initial_temperature = 3.0, cooling_rate = 0.999
26 - INFO - chord#: 68 done. best_score=36.0, changed=518, unchanged=331, early_stops=8/8
26 - INFO - chord#: 72 In build_straw_man_chord_sa. tolerance = 1, sa_iterations = 1000, initial_temperature = 3.0, cooling_rate = 0.999
26 - INFO - chord#: 56 done. best_score=27.0, changed=513, unchanged=450, early_stops=8/8
26 - INFO - chord#: 58 In build_straw_man_chord_sa. tolerance = 1, sa_iterations = 1000, initial_temperature = 3.0, cooling_rate = 0.999
26 - INFO - chord#: 60 done. best_score=27.0, changed=529, unchanged=339, early_stops=8/8
26 - INFO - chord#: 64 In build_straw_man_chord_sa. tolerance = 1, sa_iterations = 1000, initial_temperature = 3.0, cooling_rate = 0.999
26 - INFO - chord#: 84 done. best_score=27.0, changed=522, unchanged=452, early_stops=8/8
26 - INFO - chord#: 86 In build_straw_man_chord_sa. tolerance = 1, sa_iterations = 1000, initial_temperature = 3.0, cooling_rate = 0.999
26 - INFO - chord#: 84 done. best_score=27.0, changed=527, unchanged=541, early_stops=8/8
26 - INFO - chord#: 86 In build_straw_man_chord_sa. tolerance = 1, sa_iterations = 1000, initial_temperature = 3.0, cooling_rate = 0.999
26 - INFO - chord#: 60 done. best_score=27.0, changed=517, unchanged=322, early_stops=8/8
26 - INFO - chord#: 64 In build_straw_man_chord_sa. tolerance = 1, sa_iterations = 1000, initial_temperature = 3.0, cooling_rate = 0.999
26 - INFO - chord#: 58 done. best_score=137.0, changed=613, unchanged=305, early_stops=8/8
26 - INFO - chord#: 60 In build_straw_man_chord_sa. tolerance = 1, sa_iterations = 1000, initial_temperature = 3.0, cooling_rate = 0.999
26 - INFO - chord#: 72 done. best_score=27.0, changed=518, unchanged=348, early_stops=8/8
26 - INFO - chord#: 76 In build_straw_man_chord_sa. tolerance = 1, sa_iterations = 1000, initial_temperature = 3.0, cooling_rate = 0.999
26 - INFO - chord#: 58 done. best_score=137.0, changed=613, unchanged=248, early_stops=8/8
26 - INFO - chord#: 60 In build_straw_man_chord_sa. tolerance = 1, sa_iterations = 1000, initial_temperature = 3.0, cooling_rate = 0.999
26 - INFO - chord#: 58 done. best_score=67.0, changed=615, unchanged=493, early_stops=8/8
26 - INFO - chord#: 60 In build_straw_man_chord_sa. tolerance = 1, sa_iterations = 1000, initial_temperature = 3.0, cooling_rate = 0.999
26 - INFO - chord#: 64 done. best_score=27.0, changed=526, unchanged=417, early_stops=8/8
26 - INFO - chord#: 68 In build_straw_man_chord_sa. tolerance = 1, sa_iterations = 1000, initial_temperature = 3.0, cooling_rate = 0.999
26 - INFO - chord#: 86 done. best_score=74.0, changed=617, unchanged=490, early_stops=8/8
26 - INFO - chord#: 88 In build_straw_man_chord_sa. tolerance = 1, sa_iterations = 1000, initial_temperature = 3.0, cooling_rate = 0.999
26 - INFO - chord#: 86 done. best_score=96.0, changed=611, unchanged=246, early_stops=8/8
26 - INFO - chord#: 88 In build_straw_man_chord_sa. tolerance = 1, sa_iterations = 1000, initial_temperature = 3.0, cooling_rate = 0.999
26 - INFO - chord#: 76 done. best_score=27.0, changed=518, unchanged=346, early_stops=8/8
26 - INFO - chord#: 84 In build_straw_man_chord_sa. tolerance = 1, sa_iterations = 1000, initial_temperature = 3.0, cooling_rate = 0.999
26 - INFO - chord#: 64 done. best_score=27.0, changed=520, unchanged=390, early_stops=8/8
26 - INFO - chord#: 68 In build_straw_man_chord_sa. tolerance = 1, sa_iterations = 1000, initial_temperature = 3.0, cooling_rate = 0.999
26 - INFO - chord#: 60 done. best_score=27.0, changed=516, unchanged=366, early_stops=8/8
26 - INFO - chord#: 64 In build_straw_man_chord_sa. tolerance = 1, sa_iterations = 1000, initial_temperature = 3.0, cooling_rate = 0.999
26 - INFO - chord#: 60 done. best_score=27.0, changed=522, unchanged=396, early_stops=8/8
26 - INFO - chord#: 64 In build_straw_man_chord_sa. tolerance = 1, sa_iterations = 1000, initial_temperature = 3.0, cooling_rate = 0.999
26 - INFO - chord#: 60 done. best_score=27.0, changed=526, unchanged=367, early_stops=8/8
26 - INFO - chord#: 64 In build_straw_man_chord_sa. tolerance = 1, sa_iterations = 1000, initial_temperature = 3.0, cooling_rate = 0.999
26 - INFO - chord#: 68 done. best_score=36.0, changed=519, unchanged=350, early_stops=8/8
26 - INFO - chord#: 72 In build_straw_man_chord_sa. tolerance = 1, sa_iterations = 1000, initial_temperature = 3.0, cooling_rate = 0.999
26 - INFO - chord#: 86 done. best_score=96.0, changed=612, unchanged=244, early_stops=8/8
26 - INFO - chord#: 88 In build_straw_man_chord_sa. tolerance = 1, sa_iterations = 1000, initial_temperature = 3.0, cooling_rate = 0.999
26 - INFO - chord#: 58 done. best_score=137.0, changed=611, unchanged=302, early_stops=8/8
26 - INFO - chord#: 60 In build_straw_man_chord_sa. tolerance = 1, sa_iterations = 1000, initial_temperature = 3.0, cooling_rate = 0.999
26 - INFO - chord#: 58 done. best_score=137.0, changed=611, unchanged=390, early_stops=8/8
26 - INFO - chord#: 60 In build_straw_man_chord_sa. tolerance = 1, sa_iterations = 1000, initial_temperature = 3.0, cooling_rate = 0.999
26 - INFO - chord#: 64 done. best_score=27.0, changed=519, unchanged=333, early_stops=8/8
26 - INFO - chord#: 68 In build_straw_man_chord_sa. tolerance = 1, sa_iterations = 1000, initial_temperature = 3.0, cooling_rate = 0.999
26 - INFO - chord#: 86 done. best_score=74.0, changed=617, unchanged=367, early_stops=8/8
26 - INFO - chord#: 88 In build_straw_man_chord_sa. tolerance = 1, sa_iterations = 1000, initial_temperature = 3.0, cooling_rate = 0.999
26 - INFO - chord#: 68 done. best_score=36.0, changed=519, unchanged=333, early_stops=8/8
26 - INFO - chord#: 72 In build_straw_man_chord_sa. tolerance = 1, sa_iterations = 1000, initial_temperature = 3.0, cooling_rate = 0.999
26 - INFO - chord#: 64 done. best_score=27.0, changed=521, unchanged=399, early_stops=8/8
26 - INFO - chord#: 68 In build_straw_man_chord_sa. tolerance = 1, sa_iterations = 1000, initial_temperature = 3.0, cooling_rate = 0.999
26 - INFO - chord#: 84 done. best_score=27.0, changed=541, unchanged=635, early_stops=8/8
26 - INFO - chord#: 86 In build_straw_man_chord_sa. tolerance = 1, sa_iterations = 1000, initial_temperature = 3.0, cooling_rate = 0.999
26 - INFO - chord#: 64 done. best_score=27.0, changed=531, unchanged=523, early_stops=8/8
26 - INFO - chord#: 68 In build_straw_man_chord_sa. tolerance = 1, sa_iterations = 1000, initial_temperature = 3.0, cooling_rate = 0.999
26 - INFO - chord#: 88 done. best_score=125.0, changed=607, unchanged=219, early_stops=8/8
26 - INFO - chord#: 90 In build_straw_man_chord_sa. tolerance = 1, sa_iterations = 1000, initial_temperature = 3.0, cooling_rate = 0.999
26 - INFO - chord#: 60 done. best_score=27.0, changed=532, unchanged=443, early_stops=8/8
26 - INFO - chord#: 64 In build_straw_man_chord_sa. tolerance = 1, sa_iterations = 1000, initial_temperature = 3.0, cooling_rate = 0.999
26 - INFO - chord#: 60 done. best_score=27.0, changed=519, unchanged=336, early_stops=8/8
26 - INFO - chord#: 64 In build_straw_man_chord_sa. tolerance = 1, sa_iterations = 1000, initial_temperature = 3.0, cooling_rate = 0.999
26 - INFO - chord#: 88 done. best_score=78.0, changed=615, unchanged=404, early_stops=8/8
26 - INFO - chord#: 90 In build_straw_man_chord_sa. tolerance = 1, sa_iterations = 1000, initial_temperature = 3.0, cooling_rate = 0.999
26 - INFO - chord#: 68 done. best_score=36.0, changed=523, unchanged=352, early_stops=8/8
26 - INFO - chord#: 72 In build_straw_man_chord_sa. tolerance = 1, sa_iterations = 1000, initial_temperature = 3.0, cooling_rate = 0.999
26 - INFO - chord#: 72 done. best_score=27.0, changed=518, unchanged=342, early_stops=8/8
26 - INFO - chord#: 76 In build_straw_man_chord_sa. tolerance = 1, sa_iterations = 1000, initial_temperature = 3.0, cooling_rate = 0.999
26 - INFO - chord#: 68 done. best_score=36.0, changed=519, unchanged=417, early_stops=8/8
26 - INFO - chord#: 72 In build_straw_man_chord_sa. tolerance = 1, sa_iterations = 1000, initial_temperature = 3.0, cooling_rate = 0.999
26 - INFO - chord#: 68 done. best_score=36.0, changed=519, unchanged=307, early_stops=8/8
26 - INFO - chord#: 72 In build_straw_man_chord_sa. tolerance = 1, sa_iterations = 1000, initial_temperature = 3.0, cooling_rate = 0.999
26 - INFO - chord#: 90 done. best_score=36.0, changed=528, unchanged=302, early_stops=8/8
26 - INFO - chord#: 92 In build_straw_man_chord_sa. tolerance = 1, sa_iterations = 1000, initial_temperature = 3.0, cooling_rate = 0.999
26 - INFO - chord#: 72 done. best_score=27.0, changed=534, unchanged=402, early_stops=8/8
26 - INFO - chord#: 76 In build_straw_man_chord_sa. tolerance = 1, sa_iterations = 1000, initial_temperature = 3.0, cooling_rate = 0.999
26 - INFO - chord#: 90 done. best_score=36.0, changed=539, unchanged=316, early_stops=8/8
26 - INFO - chord#: 92 In build_straw_man_chord_sa. tolerance = 1, sa_iterations = 1000, initial_temperature = 3.0, cooling_rate = 0.999
26 - INFO - chord#: 64 done. best_score=27.0, changed=528, unchanged=473, early_stops=8/8
26 - INFO - chord#: 68 In build_straw_man_chord_sa. tolerance = 1, sa_iterations = 1000, initial_temperature = 3.0, cooling_rate = 0.999
26 - INFO - chord#: 64 done. best_score=27.0, changed=534, unchanged=371, early_stops=8/8
26 - INFO - chord#: 68 In build_straw_man_chord_sa. tolerance = 1, sa_iterations = 1000, initial_temperature = 3.0, cooling_rate = 0.999
26 - INFO - chord#: 72 done. best_score=27.0, changed=526, unchanged=445, early_stops=8/8
26 - INFO - chord#: 76 In build_straw_man_chord_sa. tolerance = 1, sa_iterations = 1000, initial_temperature = 3.0, cooling_rate = 0.999
26 - INFO - chord#: 92 done. best_score=27.0, changed=520, unchanged=435, early_stops=8/8
26 - INFO - chord#: 96 In build_straw_man_chord_sa. tolerance = 1, sa_iterations = 1000, initial_temperature = 3.0, cooling_rate = 0.999
26 - INFO - chord#: 88 done. best_score=78.0, changed=617, unchanged=330, early_stops=8/8
26 - INFO - chord#: 90 In build_straw_man_chord_sa. tolerance = 1, sa_iterations = 1000, initial_temperature = 3.0, cooling_rate = 0.999
26 - INFO - chord#: 76 done. best_score=27.0, changed=524, unchanged=440, early_stops=8/8
26 - INFO - chord#: 84 In build_straw_man_chord_sa. tolerance = 1, sa_iterations = 1000, initial_temperature = 3.0, cooling_rate = 0.999
26 - INFO - chord#: 72 done. best_score=27.0, changed=526, unchanged=427, early_stops=8/8
26 - INFO - chord#: 76 In build_straw_man_chord_sa. tolerance = 1, sa_iterations = 1000, initial_temperature = 3.0, cooling_rate = 0.999
26 - INFO - chord#: 86 done. best_score=74.0, changed=622, unchanged=489, early_stops=8/8
26 - INFO - chord#: 88 In build_straw_man_chord_sa. tolerance = 1, sa_iterations = 1000, initial_temperature = 3.0, cooling_rate = 0.999
26 - INFO - chord#: 72 done. best_score=27.0, changed=520, unchanged=498, early_stops=8/8
26 - INFO - chord#: 76 In build_straw_man_chord_sa. tolerance = 1, sa_iterations = 1000, initial_temperature = 3.0, cooling_rate = 0.999
26 - INFO - chord#: 92 done. best_score=27.0, changed=517, unchanged=532, early_stops=8/8
26 - INFO - chord#: 96 In build_straw_man_chord_sa. tolerance = 1, sa_iterations = 1000, initial_temperature = 3.0, cooling_rate = 0.999
26 - INFO - chord#: 76 done. best_score=27.0, changed=529, unchanged=431, early_stops=8/8
26 - INFO - chord#: 84 In build_straw_man_chord_sa. tolerance = 1, sa_iterations = 1000, initial_temperature = 3.0, cooling_rate = 0.999
26 - INFO - chord#: 76 done. best_score=27.0, changed=517, unchanged=390, early_stops=8/8
26 - INFO - chord#: 84 In build_straw_man_chord_sa. tolerance = 1, sa_iterations = 1000, initial_temperature = 3.0, cooling_rate = 0.999
26 - INFO - chord#: 68 done. best_score=36.0, changed=523, unchanged=382, early_stops=8/8
26 - INFO - chord#: 72 In build_straw_man_chord_sa. tolerance = 1, sa_iterations = 1000, initial_temperature = 3.0, cooling_rate = 0.999
26 - INFO - chord#: 96 done. best_score=27.0, changed=528, unchanged=370, early_stops=8/8
26 - INFO - chord#: 100 In build_straw_man_chord_sa. tolerance = 1, sa_iterations = 1000, initial_temperature = 3.0, cooling_rate = 0.999
26 - INFO - chord#: 68 done. best_score=36.0, changed=528, unchanged=466, early_stops=8/8
26 - INFO - chord#: 72 In build_straw_man_chord_sa. tolerance = 1, sa_iterations = 1000, initial_temperature = 3.0, cooling_rate = 0.999
26 - INFO - chord#: 88 done. best_score=125.0, changed=614, unchanged=437, early_stops=8/8
26 - INFO - chord#: 90 In build_straw_man_chord_sa. tolerance = 1, sa_iterations = 1000, initial_temperature = 3.0, cooling_rate = 0.999
26 - INFO - chord#: 84 done. best_score=27.0, changed=523, unchanged=435, early_stops=8/8
26 - INFO - chord#: 86 In build_straw_man_chord_sa. tolerance = 1, sa_iterations = 1000, initial_temperature = 3.0, cooling_rate = 0.999
26 - INFO - chord#: 90 done. best_score=36.0, changed=536, unchanged=391, early_stops=8/8
26 - INFO - chord#: 92 In build_straw_man_chord_sa. tolerance = 1, sa_iterations = 1000, initial_temperature = 3.0, cooling_rate = 0.999
26 - INFO - chord#: 76 done. best_score=27.0, changed=530, unchanged=438, early_stops=8/8
26 - INFO - chord#: 84 In build_straw_man_chord_sa. tolerance = 1, sa_iterations = 1000, initial_temperature = 3.0, cooling_rate = 0.999
26 - INFO - chord#: 76 done. best_score=27.0, changed=523, unchanged=401, early_stops=8/8
26 - INFO - chord#: 84 In build_straw_man_chord_sa. tolerance = 1, sa_iterations = 1000, initial_temperature = 3.0, cooling_rate = 0.999
26 - INFO - chord#: 84 done. best_score=27.0, changed=528, unchanged=420, early_stops=8/8
26 - INFO - chord#: 86 In build_straw_man_chord_sa. tolerance = 1, sa_iterations = 1000, initial_temperature = 3.0, cooling_rate = 0.999
26 - INFO - chord#: 84 done. best_score=27.0, changed=527, unchanged=404, early_stops=8/8
26 - INFO - chord#: 86 In build_straw_man_chord_sa. tolerance = 1, sa_iterations = 1000, initial_temperature = 3.0, cooling_rate = 0.999
26 - INFO - chord#: 96 done. best_score=27.0, changed=513, unchanged=385, early_stops=8/8
26 - INFO - chord#: 100 In build_straw_man_chord_sa. tolerance = 1, sa_iterations = 1000, initial_temperature = 3.0, cooling_rate = 0.999
26 - INFO - chord#: 72 done. best_score=27.0, changed=522, unchanged=390, early_stops=8/8
26 - INFO - chord#: 76 In build_straw_man_chord_sa. tolerance = 1, sa_iterations = 1000, initial_temperature = 3.0, cooling_rate = 0.999
26 - INFO - chord#: 90 done. best_score=36.0, changed=525, unchanged=319, early_stops=8/8
26 - INFO - chord#: 92 In build_straw_man_chord_sa. tolerance = 1, sa_iterations = 1000, initial_temperature = 3.0, cooling_rate = 0.999
26 - INFO - chord#: 84 done. best_score=27.0, changed=521, unchanged=313, early_stops=8/8
26 - INFO - chord#: 86 In build_straw_man_chord_sa. tolerance = 1, sa_iterations = 1000, initial_temperature = 3.0, cooling_rate = 0.999
26 - INFO - chord#: 84 done. best_score=27.0, changed=521, unchanged=347, early_stops=8/8
26 - INFO - chord#: 86 In build_straw_man_chord_sa. tolerance = 1, sa_iterations = 1000, initial_temperature = 3.0, cooling_rate = 0.999
26 - INFO - chord#: 88 done. best_score=145.0, changed=609, unchanged=263, early_stops=8/8
26 - INFO - chord#: 90 In build_straw_man_chord_sa. tolerance = 1, sa_iterations = 1000, initial_temperature = 3.0, cooling_rate = 0.999
26 - INFO - chord#: 72 done. best_score=27.0, changed=522, unchanged=368, early_stops=8/8
26 - INFO - chord#: 76 In build_straw_man_chord_sa. tolerance = 1, sa_iterations = 1000, initial_temperature = 3.0, cooling_rate = 0.999
26 - INFO - chord#: 76 done. best_score=27.0, changed=528, unchanged=355, early_stops=8/8
26 - INFO - chord#: 84 In build_straw_man_chord_sa. tolerance = 1, sa_iterations = 1000, initial_temperature = 3.0, cooling_rate = 0.999
26 - INFO - chord#: 90 done. best_score=36.0, changed=539, unchanged=277, early_stops=8/8
26 - INFO - chord#: 92 In build_straw_man_chord_sa. tolerance = 1, sa_iterations = 1000, initial_temperature = 3.0, cooling_rate = 0.999
26 - INFO - chord#: 92 done. best_score=27.0, changed=527, unchanged=497, early_stops=8/8
26 - INFO - chord#: 96 In build_straw_man_chord_sa. tolerance = 1, sa_iterations = 1000, initial_temperature = 3.0, cooling_rate = 0.999
26 - INFO - chord#: 92 done. best_score=27.0, changed=519, unchanged=370, early_stops=8/8
26 - INFO - chord#: 96 In build_straw_man_chord_sa. tolerance = 1, sa_iterations = 1000, initial_temperature = 3.0, cooling_rate = 0.999
26 - INFO - chord#: 86 done. best_score=74.0, changed=612, unchanged=408, early_stops=8/8
26 - INFO - chord#: 88 In build_straw_man_chord_sa. tolerance = 1, sa_iterations = 1000, initial_temperature = 3.0, cooling_rate = 0.999
26 - INFO - chord#: 100 done. best_score=78.0, changed=609, unchanged=263, early_stops=8/8
26 - INFO - chord#: 104 In build_straw_man_chord_sa. tolerance = 1, sa_iterations = 1000, initial_temperature = 3.0, cooling_rate = 0.999
26 - INFO - chord#: 86 done. best_score=74.0, changed=617, unchanged=312, early_stops=8/8
26 - INFO - chord#: 88 In build_straw_man_chord_sa. tolerance = 1, sa_iterations = 1000, initial_temperature = 3.0, cooling_rate = 0.999
26 - INFO - chord#: 84 done. best_score=27.0, changed=523, unchanged=327, early_stops=8/8
26 - INFO - chord#: 86 In build_straw_man_chord_sa. tolerance = 1, sa_iterations = 1000, initial_temperature = 3.0, cooling_rate = 0.999
26 - INFO - chord#: 76 done. best_score=27.0, changed=526, unchanged=485, early_stops=8/8
26 - INFO - chord#: 84 In build_straw_man_chord_sa. tolerance = 1, sa_iterations = 1000, initial_temperature = 3.0, cooling_rate = 0.999
26 - INFO - chord#: 100 done. best_score=140.0, changed=613, unchanged=330, early_stops=8/8
26 - INFO - chord#: 104 In build_straw_man_chord_sa. tolerance = 1, sa_iterations = 1000, initial_temperature = 3.0, cooling_rate = 0.999
26 - INFO - chord#: 92 done. best_score=27.0, changed=512, unchanged=352, early_stops=8/8
26 - INFO - chord#: 96 In build_straw_man_chord_sa. tolerance = 1, sa_iterations = 1000, initial_temperature = 3.0, cooling_rate = 0.999
26 - INFO - chord#: 104 done. best_score=36.0, changed=523, unchanged=428, early_stops=8/8
26 - INFO - chord#: 108 In build_straw_man_chord_sa. tolerance = 1, sa_iterations = 1000, initial_temperature = 3.0, cooling_rate = 0.999
26 - INFO - chord#: 96 done. best_score=27.0, changed=529, unchanged=469, early_stops=8/8
26 - INFO - chord#: 100 In build_straw_man_chord_sa. tolerance = 1, sa_iterations = 1000, initial_temperature = 3.0, cooling_rate = 0.999
26 - INFO - chord#: 84 done. best_score=27.0, changed=535, unchanged=454, early_stops=8/8
26 - INFO - chord#: 86 In build_straw_man_chord_sa. tolerance = 1, sa_iterations = 1000, initial_temperature = 3.0, cooling_rate = 0.999
26 - INFO - chord#: 86 done. best_score=74.0, changed=614, unchanged=317, early_stops=8/8
26 - INFO - chord#: 88 In build_straw_man_chord_sa. tolerance = 1, sa_iterations = 1000, initial_temperature = 3.0, cooling_rate = 0.999
26 - INFO - chord#: 104 done. best_score=36.0, changed=523, unchanged=343, early_stops=8/8
26 - INFO - chord#: 108 In build_straw_man_chord_sa. tolerance = 1, sa_iterations = 1000, initial_temperature = 3.0, cooling_rate = 0.999
26 - INFO - chord#: 86 done. best_score=74.0, changed=605, unchanged=293, early_stops=8/8
26 - INFO - chord#: 88 In build_straw_man_chord_sa. tolerance = 1, sa_iterations = 1000, initial_temperature = 3.0, cooling_rate = 0.999
26 - INFO - chord#: 108 done. best_score=36.0, changed=520, unchanged=380, early_stops=8/8
26 - INFO - chord#: 110 In build_straw_man_chord_sa. tolerance = 1, sa_iterations = 1000, initial_temperature = 3.0, cooling_rate = 0.999
26 - INFO - chord#: 96 done. best_score=27.0, changed=519, unchanged=410, early_stops=8/8
26 - INFO - chord#: 100 In build_straw_man_chord_sa. tolerance = 1, sa_iterations = 1000, initial_temperature = 3.0, cooling_rate = 0.999
26 - INFO - chord#: 96 done. best_score=27.0, changed=519, unchanged=473, early_stops=8/8
26 - INFO - chord#: 100 In build_straw_man_chord_sa. tolerance = 1, sa_iterations = 1000, initial_temperature = 3.0, cooling_rate = 0.999
26 - INFO - chord#: 86 done. best_score=74.0, changed=611, unchanged=369, early_stops=8/8
26 - INFO - chord#: 88 In build_straw_man_chord_sa. tolerance = 1, sa_iterations = 1000, initial_temperature = 3.0, cooling_rate = 0.999
26 - INFO - chord#: 88 done. best_score=125.0, changed=615, unchanged=319, early_stops=8/8
26 - INFO - chord#: 90 In build_straw_man_chord_sa. tolerance = 1, sa_iterations = 1000, initial_temperature = 3.0, cooling_rate = 0.999
26 - INFO - chord#: 90 done. best_score=36.0, changed=527, unchanged=338, early_stops=8/8
26 - INFO - chord#: 92 In build_straw_man_chord_sa. tolerance = 1, sa_iterations = 1000, initial_temperature = 3.0, cooling_rate = 0.999
26 - INFO - chord#: 108 done. best_score=27.0, changed=531, unchanged=507, early_stops=8/8
26 - INFO - chord#: 110 In build_straw_man_chord_sa. tolerance = 1, sa_iterations = 1000, initial_temperature = 3.0, cooling_rate = 0.999
26 - INFO - chord#: 86 done. best_score=162.0, changed=613, unchanged=258, early_stops=8/8
26 - INFO - chord#: 88 In build_straw_man_chord_sa. tolerance = 1, sa_iterations = 1000, initial_temperature = 3.0, cooling_rate = 0.999
26 - INFO - chord#: 86 done. best_score=96.0, changed=611, unchanged=262, early_stops=8/8
26 - INFO - chord#: 88 In build_straw_man_chord_sa. tolerance = 1, sa_iterations = 1000, initial_temperature = 3.0, cooling_rate = 0.999
26 - INFO - chord#: 92 done. best_score=27.0, changed=532, unchanged=440, early_stops=8/8
26 - INFO - chord#: 96 In build_straw_man_chord_sa. tolerance = 1, sa_iterations = 1000, initial_temperature = 3.0, cooling_rate = 0.999
26 - INFO - chord#: 110 done. best_score=157.0, changed=615, unchanged=347, early_stops=8/8
26 - INFO - chord#: 112 In build_straw_man_chord_sa. tolerance = 1, sa_iterations = 1000, initial_temperature = 3.0, cooling_rate = 0.999
26 - INFO - chord#: 100 done. best_score=157.0, changed=617, unchanged=347, early_stops=8/8
26 - INFO - chord#: 104 In build_straw_man_chord_sa. tolerance = 1, sa_iterations = 1000, initial_temperature = 3.0, cooling_rate = 0.999
26 - INFO - chord#: 88 done. best_score=125.0, changed=612, unchanged=527, early_stops=8/8
26 - INFO - chord#: 90 In build_straw_man_chord_sa. tolerance = 1, sa_iterations = 1000, initial_temperature = 3.0, cooling_rate = 0.999
26 - INFO - chord#: 100 done. best_score=67.0, changed=616, unchanged=316, early_stops=8/8
26 - INFO - chord#: 104 In build_straw_man_chord_sa. tolerance = 1, sa_iterations = 1000, initial_temperature = 3.0, cooling_rate = 0.999
26 - INFO - chord#: 88 done. best_score=101.0, changed=613, unchanged=349, early_stops=8/8
26 - INFO - chord#: 90 In build_straw_man_chord_sa. tolerance = 1, sa_iterations = 1000, initial_temperature = 3.0, cooling_rate = 0.999
26 - INFO - chord#: 88 done. best_score=125.0, changed=612, unchanged=428, early_stops=8/8
26 - INFO - chord#: 90 In build_straw_man_chord_sa. tolerance = 1, sa_iterations = 1000, initial_temperature = 3.0, cooling_rate = 0.999
26 - INFO - chord#: 88 done. best_score=140.0, changed=609, unchanged=263, early_stops=8/8
26 - INFO - chord#: 90 In build_straw_man_chord_sa. tolerance = 1, sa_iterations = 1000, initial_temperature = 3.0, cooling_rate = 0.999
26 - INFO - chord#: 100 done. best_score=137.0, changed=619, unchanged=347, early_stops=8/8
26 - INFO - chord#: 104 In build_straw_man_chord_sa. tolerance = 1, sa_iterations = 1000, initial_temperature = 3.0, cooling_rate = 0.999
26 - INFO - chord#: 96 done. best_score=27.0, changed=523, unchanged=432, early_stops=8/8
26 - INFO - chord#: 100 In build_straw_man_chord_sa. tolerance = 1, sa_iterations = 1000, initial_temperature = 3.0, cooling_rate = 0.999
26 - INFO - chord#: 112 done. best_score=27.0, changed=524, unchanged=347, early_stops=8/8
26 - INFO - chord#: 114 In build_straw_man_chord_sa. tolerance = 1, sa_iterations = 1000, initial_temperature = 3.0, cooling_rate = 0.999
26 - INFO - chord#: 88 done. best_score=78.0, changed=612, unchanged=248, early_stops=8/8
26 - INFO - chord#: 90 In build_straw_man_chord_sa. tolerance = 1, sa_iterations = 1000, initial_temperature = 3.0, cooling_rate = 0.999
26 - INFO - chord#: 104 done. best_score=36.0, changed=516, unchanged=330, early_stops=8/8
26 - INFO - chord#: 108 In build_straw_man_chord_sa. tolerance = 1, sa_iterations = 1000, initial_temperature = 3.0, cooling_rate = 0.999
26 - INFO - chord#: 90 done. best_score=36.0, changed=532, unchanged=327, early_stops=8/8
26 - INFO - chord#: 92 In build_straw_man_chord_sa. tolerance = 1, sa_iterations = 1000, initial_temperature = 3.0, cooling_rate = 0.999
26 - INFO - chord#: 90 done. best_score=36.0, changed=526, unchanged=338, early_stops=8/8
26 - INFO - chord#: 92 In build_straw_man_chord_sa. tolerance = 1, sa_iterations = 1000, initial_temperature = 3.0, cooling_rate = 0.999
26 - INFO - chord#: 90 done. best_score=72.0, changed=532, unchanged=313, early_stops=8/8
26 - INFO - chord#: 92 In build_straw_man_chord_sa. tolerance = 1, sa_iterations = 1000, initial_temperature = 3.0, cooling_rate = 0.999
26 - INFO - chord#: 104 done. best_score=36.0, changed=534, unchanged=365, early_stops=8/8
26 - INFO - chord#: 108 In build_straw_man_chord_sa. tolerance = 1, sa_iterations = 1000, initial_temperature = 3.0, cooling_rate = 0.999
26 - INFO - chord#: 90 done. best_score=75.0, changed=540, unchanged=299, early_stops=8/8
26 - INFO - chord#: 92 In build_straw_man_chord_sa. tolerance = 1, sa_iterations = 1000, initial_temperature = 3.0, cooling_rate = 0.999
26 - INFO - chord#: 110 done. best_score=154.0, changed=610, unchanged=296, early_stops=8/8
26 - INFO - chord#: 112 In build_straw_man_chord_sa. tolerance = 1, sa_iterations = 1000, initial_temperature = 3.0, cooling_rate = 0.999
26 - INFO - chord#: 104 done. best_score=36.0, changed=527, unchanged=368, early_stops=8/8
26 - INFO - chord#: 108 In build_straw_man_chord_sa. tolerance = 1, sa_iterations = 1000, initial_temperature = 3.0, cooling_rate = 0.999
26 - INFO - chord#: 90 done. best_score=36.0, changed=532, unchanged=296, early_stops=8/8
26 - INFO - chord#: 92 In build_straw_man_chord_sa. tolerance = 1, sa_iterations = 1000, initial_temperature = 3.0, cooling_rate = 0.999
26 - INFO - chord#: 114 done. best_score=27.0, changed=532, unchanged=438, early_stops=8/8
26 - INFO - chord#: 116 In build_straw_man_chord_sa. tolerance = 1, sa_iterations = 1000, initial_temperature = 3.0, cooling_rate = 0.999
26 - INFO - chord#: 88 done. best_score=125.0, changed=611, unchanged=269, early_stops=8/8
26 - INFO - chord#: 90 In build_straw_man_chord_sa. tolerance = 1, sa_iterations = 1000, initial_temperature = 3.0, cooling_rate = 0.999
26 - INFO - chord#: 92 done. best_score=27.0, changed=524, unchanged=395, early_stops=8/8
26 - INFO - chord#: 96 In build_straw_man_chord_sa. tolerance = 1, sa_iterations = 1000, initial_temperature = 3.0, cooling_rate = 0.999
26 - INFO - chord#: 92 done. best_score=27.0, changed=524, unchanged=473, early_stops=8/8
26 - INFO - chord#: 96 In build_straw_man_chord_sa. tolerance = 1, sa_iterations = 1000, initial_temperature = 3.0, cooling_rate = 0.999
26 - INFO - chord#: 108 done. best_score=27.0, changed=520, unchanged=372, early_stops=8/8
26 - INFO - chord#: 110 In build_straw_man_chord_sa. tolerance = 1, sa_iterations = 1000, initial_temperature = 3.0, cooling_rate = 0.999
26 - INFO - chord#: 108 done. best_score=36.0, changed=526, unchanged=424, early_stops=8/8
26 - INFO - chord#: 110 In build_straw_man_chord_sa. tolerance = 1, sa_iterations = 1000, initial_temperature = 3.0, cooling_rate = 0.999
26 - INFO - chord#: 92 done. best_score=27.0, changed=528, unchanged=589, early_stops=8/8
26 - INFO - chord#: 96 In build_straw_man_chord_sa. tolerance = 1, sa_iterations = 1000, initial_temperature = 3.0, cooling_rate = 0.999
26 - INFO - chord#: 92 done. best_score=27.0, changed=519, unchanged=512, early_stops=8/8
26 - INFO - chord#: 96 In build_straw_man_chord_sa. tolerance = 1, sa_iterations = 1000, initial_temperature = 3.0, cooling_rate = 0.999
26 - INFO - chord#: 112 done. best_score=27.0, changed=523, unchanged=337, early_stops=8/8
26 - INFO - chord#: 114 In build_straw_man_chord_sa. tolerance = 1, sa_iterations = 1000, initial_temperature = 3.0, cooling_rate = 0.999
26 - INFO - chord#: 100 done. best_score=162.0, changed=613, unchanged=233, early_stops=8/8
26 - INFO - chord#: 104 In build_straw_man_chord_sa. tolerance = 1, sa_iterations = 1000, initial_temperature = 3.0, cooling_rate = 0.999
26 - INFO - chord#: 116 done. best_score=31.0, changed=516, unchanged=349, early_stops=8/8
26 - INFO - chord#: 120 In build_straw_man_chord_sa. tolerance = 1, sa_iterations = 1000, initial_temperature = 3.0, cooling_rate = 0.999
26 - INFO - chord#: 92 done. best_score=27.0, changed=524, unchanged=462, early_stops=8/8
26 - INFO - chord#: 96 In build_straw_man_chord_sa. tolerance = 1, sa_iterations = 1000, initial_temperature = 3.0, cooling_rate = 0.999
26 - INFO - chord#: 90 done. best_score=36.0, changed=537, unchanged=301, early_stops=8/8
26 - INFO - chord#: 92 In build_straw_man_chord_sa. tolerance = 1, sa_iterations = 1000, initial_temperature = 3.0, cooling_rate = 0.999
26 - INFO - chord#: 108 done. best_score=27.0, changed=519, unchanged=368, early_stops=8/8
26 - INFO - chord#: 110 In build_straw_man_chord_sa. tolerance = 1, sa_iterations = 1000, initial_temperature = 3.0, cooling_rate = 0.999
26 - INFO - chord#: 96 done. best_score=27.0, changed=524, unchanged=399, early_stops=8/8
26 - INFO - chord#: 100 In build_straw_man_chord_sa. tolerance = 1, sa_iterations = 1000, initial_temperature = 3.0, cooling_rate = 0.999
26 - INFO - chord#: 96 done. best_score=27.0, changed=522, unchanged=352, early_stops=8/8
26 - INFO - chord#: 100 In build_straw_man_chord_sa. tolerance = 1, sa_iterations = 1000, initial_temperature = 3.0, cooling_rate = 0.999
26 - INFO - chord#: 96 done. best_score=27.0, changed=514, unchanged=329, early_stops=8/8
26 - INFO - chord#: 100 In build_straw_man_chord_sa. tolerance = 1, sa_iterations = 1000, initial_temperature = 3.0, cooling_rate = 0.999
26 - INFO - chord#: 104 done. best_score=36.0, changed=525, unchanged=393, early_stops=8/8
26 - INFO - chord#: 108 In build_straw_man_chord_sa. tolerance = 1, sa_iterations = 1000, initial_temperature = 3.0, cooling_rate = 0.999
26 - INFO - chord#: 120 done. best_score=27.0, changed=535, unchanged=492, early_stops=8/8
26 - INFO - chord#: 122 In build_straw_man_chord_sa. tolerance = 1, sa_iterations = 1000, initial_temperature = 3.0, cooling_rate = 0.999
26 - INFO - chord#: 96 done. best_score=27.0, changed=527, unchanged=412, early_stops=8/8
26 - INFO - chord#: 114 done. best_score=27.0, changed=517, unchanged=353, early_stops=8/8
26 - INFO - chord#: 116 In build_straw_man_chord_sa. tolerance = 1, sa_iterations = 1000, initial_temperature = 3.0, cooling_rate = 0.999
26 - INFO - chord#: 100 In build_straw_man_chord_sa. tolerance = 1, sa_iterations = 1000, initial_temperature = 3.0, cooling_rate = 0.999
26 - INFO - chord#: 96 done. best_score=27.0, changed=524, unchanged=454, early_stops=8/8
26 - INFO - chord#: 100 In build_straw_man_chord_sa. tolerance = 1, sa_iterations = 1000, initial_temperature = 3.0, cooling_rate = 0.999
26 - INFO - chord#: 92 done. best_score=27.0, changed=523, unchanged=463, early_stops=8/8
26 - INFO - chord#: 96 In build_straw_man_chord_sa. tolerance = 1, sa_iterations = 1000, initial_temperature = 3.0, cooling_rate = 0.999
26 - INFO - chord#: 108 done. best_score=27.0, changed=523, unchanged=500, early_stops=8/8
26 - INFO - chord#: 110 In build_straw_man_chord_sa. tolerance = 1, sa_iterations = 1000, initial_temperature = 3.0, cooling_rate = 0.999
26 - INFO - chord#: 116 done. best_score=31.0, changed=521, unchanged=314, early_stops=8/8
26 - INFO - chord#: 120 In build_straw_man_chord_sa. tolerance = 1, sa_iterations = 1000, initial_temperature = 3.0, cooling_rate = 0.999
26 - INFO - chord#: 110 done. best_score=64.0, changed=607, unchanged=254, early_stops=8/8
26 - INFO - chord#: 112 In build_straw_man_chord_sa. tolerance = 1, sa_iterations = 1000, initial_temperature = 3.0, cooling_rate = 0.999
26 - INFO - chord#: 122 done. best_score=96.0, changed=608, unchanged=251, early_stops=8/8
26 - INFO - chord#: 124 In build_straw_man_chord_sa. tolerance = 1, sa_iterations = 1000, initial_temperature = 3.0, cooling_rate = 0.999
26 - INFO - chord#: 100 done. best_score=145.0, changed=609, unchanged=304, early_stops=8/8
26 - INFO - chord#: 104 In build_straw_man_chord_sa. tolerance = 1, sa_iterations = 1000, initial_temperature = 3.0, cooling_rate = 0.999
26 - INFO - chord#: 110 done. best_score=64.0, changed=613, unchanged=406, early_stops=8/8
26 - INFO - chord#: 112 In build_straw_man_chord_sa. tolerance = 1, sa_iterations = 1000, initial_temperature = 3.0, cooling_rate = 0.999
26 - INFO - chord#: 100 done. best_score=67.0, changed=607, unchanged=234, early_stops=8/8
26 - INFO - chord#: 104 In build_straw_man_chord_sa. tolerance = 1, sa_iterations = 1000, initial_temperature = 3.0, cooling_rate = 0.999
26 - INFO - chord#: 96 done. best_score=27.0, changed=520, unchanged=464, early_stops=8/8
26 - INFO - chord#: 100 In build_straw_man_chord_sa. tolerance = 1, sa_iterations = 1000, initial_temperature = 3.0, cooling_rate = 0.999
26 - INFO - chord#: 120 done. best_score=27.0, changed=514, unchanged=339, early_stops=8/8
26 - INFO - chord#: 122 In build_straw_man_chord_sa. tolerance = 1, sa_iterations = 1000, initial_temperature = 3.0, cooling_rate = 0.999
26 - INFO - chord#: 112 done. best_score=27.0, changed=518, unchanged=337, early_stops=8/8
26 - INFO - chord#: 114 In build_straw_man_chord_sa. tolerance = 1, sa_iterations = 1000, initial_temperature = 3.0, cooling_rate = 0.999
26 - INFO - chord#: 100 done. best_score=157.0, changed=620, unchanged=325, early_stops=8/8
26 - INFO - chord#: 104 In build_straw_man_chord_sa. tolerance = 1, sa_iterations = 1000, initial_temperature = 3.0, cooling_rate = 0.999
26 - INFO - chord#: 100 done. best_score=160.0, changed=615, unchanged=222, early_stops=8/8
26 - INFO - chord#: 104 In build_straw_man_chord_sa. tolerance = 1, sa_iterations = 1000, initial_temperature = 3.0, cooling_rate = 0.999
26 - INFO - chord#: 124 done. best_score=27.0, changed=517, unchanged=453, early_stops=8/8
26 - INFO - chord#: 104 done. best_score=36.0, changed=522, unchanged=469, early_stops=8/8
26 - INFO - chord#: 108 In build_straw_man_chord_sa. tolerance = 1, sa_iterations = 1000, initial_temperature = 3.0, cooling_rate = 0.999
26 - INFO - chord#: 110 done. best_score=146.0, changed=613, unchanged=237, early_stops=8/8
26 - INFO - chord#: 112 In build_straw_man_chord_sa. tolerance = 1, sa_iterations = 1000, initial_temperature = 3.0, cooling_rate = 0.999
26 - INFO - chord#: 104 done. best_score=36.0, changed=525, unchanged=393, early_stops=8/8
26 - INFO - chord#: 108 In build_straw_man_chord_sa. tolerance = 1, sa_iterations = 1000, initial_temperature = 3.0, cooling_rate = 0.999
26 - INFO - chord#: 112 done. best_score=27.0, changed=515, unchanged=327, early_stops=8/8
26 - INFO - chord#: 114 In build_straw_man_chord_sa. tolerance = 1, sa_iterations = 1000, initial_temperature = 3.0, cooling_rate = 0.999
26 - INFO - chord#: 110 done. best_score=64.0, changed=614, unchanged=338, early_stops=8/8
26 - INFO - chord#: 112 In build_straw_man_chord_sa. tolerance = 1, sa_iterations = 1000, initial_temperature = 3.0, cooling_rate = 0.999
26 - INFO - chord#: 100 done. best_score=78.0, changed=613, unchanged=375, early_stops=8/8
26 - INFO - chord#: 104 In build_straw_man_chord_sa. tolerance = 1, sa_iterations = 1000, initial_temperature = 3.0, cooling_rate = 0.999
26 - INFO - chord#: 114 done. best_score=27.0, changed=518, unchanged=441, early_stops=8/8
26 - INFO - chord#: 116 In build_straw_man_chord_sa. tolerance = 1, sa_iterations = 1000, initial_temperature = 3.0, cooling_rate = 0.999
26 - INFO - chord#: 104 done. best_score=36.0, changed=525, unchanged=408, early_stops=8/8
26 - INFO - chord#: 108 In build_straw_man_chord_sa. tolerance = 1, sa_iterations = 1000, initial_temperature = 3.0, cooling_rate = 0.999
26 - INFO - chord#: 104 done. best_score=36.0, changed=529, unchanged=369, early_stops=8/8
26 - INFO - chord#: 108 In build_straw_man_chord_sa. tolerance = 1, sa_iterations = 1000, initial_temperature = 3.0, cooling_rate = 0.999
26 - INFO - chord#: 112 done. best_score=27.0, changed=522, unchanged=456, early_stops=8/8
26 - INFO - chord#: 114 In build_straw_man_chord_sa. tolerance = 1, sa_iterations = 1000, initial_temperature = 3.0, cooling_rate = 0.999
26 - INFO - chord#: 108 done. best_score=27.0, changed=522, unchanged=376, early_stops=8/8
26 - INFO - chord#: 110 In build_straw_man_chord_sa. tolerance = 1, sa_iterations = 1000, initial_temperature = 3.0, cooling_rate = 0.999
26 - INFO - chord#: 108 done. best_score=27.0, changed=518, unchanged=395, early_stops=8/8
26 - INFO - chord#: 110 In build_straw_man_chord_sa. tolerance = 1, sa_iterations = 1000, initial_temperature = 3.0, cooling_rate = 0.999
26 - INFO - chord#: 104 done. best_score=36.0, changed=522, unchanged=331, early_stops=8/8
26 - INFO - chord#: 108 In build_straw_man_chord_sa. tolerance = 1, sa_iterations = 1000, initial_temperature = 3.0, cooling_rate = 0.999
26 - INFO - chord#: 114 done. best_score=27.0, changed=517, unchanged=368, early_stops=8/8
26 - INFO - chord#: 116 In build_straw_man_chord_sa. tolerance = 1, sa_iterations = 1000, initial_temperature = 3.0, cooling_rate = 0.999
26 - INFO - chord#: 116 done. best_score=31.0, changed=518, unchanged=349, early_stops=8/8
26 - INFO - chord#: 120 In build_straw_man_chord_sa. tolerance = 1, sa_iterations = 1000, initial_temperature = 3.0, cooling_rate = 0.999
26 - INFO - chord#: 112 done. best_score=27.0, changed=526, unchanged=368, early_stops=8/8
26 - INFO - chord#: 114 In build_straw_man_chord_sa. tolerance = 1, sa_iterations = 1000, initial_temperature = 3.0, cooling_rate = 0.999
26 - INFO - chord#: 122 done. best_score=96.0, changed=610, unchanged=215, early_stops=8/8
26 - INFO - chord#: 124 In build_straw_man_chord_sa. tolerance = 1, sa_iterations = 1000, initial_temperature = 3.0, cooling_rate = 0.999
26 - INFO - chord#: 108 done. best_score=27.0, changed=511, unchanged=326, early_stops=8/8
26 - INFO - chord#: 110 In build_straw_man_chord_sa. tolerance = 1, sa_iterations = 1000, initial_temperature = 3.0, cooling_rate = 0.999
26 - INFO - chord#: 100 done. best_score=140.0, changed=606, unchanged=203, early_stops=8/8
26 - INFO - chord#: 104 In build_straw_man_chord_sa. tolerance = 1, sa_iterations = 1000, initial_temperature = 3.0, cooling_rate = 0.999
26 - INFO - chord#: 114 done. best_score=27.0, changed=526, unchanged=437, early_stops=8/8
26 - INFO - chord#: 116 In build_straw_man_chord_sa. tolerance = 1, sa_iterations = 1000, initial_temperature = 3.0, cooling_rate = 0.999
26 - INFO - chord#: 108 done. best_score=27.0, changed=511, unchanged=325, early_stops=8/8
26 - INFO - chord#: 110 In build_straw_man_chord_sa. tolerance = 1, sa_iterations = 1000, initial_temperature = 3.0, cooling_rate = 0.999
26 - INFO - chord#: 120 done. best_score=27.0, changed=527, unchanged=362, early_stops=8/8
26 - INFO - chord#: 122 In build_straw_man_chord_sa. tolerance = 1, sa_iterations = 1000, initial_temperature = 3.0, cooling_rate = 0.999
26 - INFO - chord#: 108 done. best_score=27.0, changed=521, unchanged=432, early_stops=8/8
26 - INFO - chord#: 110 In build_straw_man_chord_sa. tolerance = 1, sa_iterations = 1000, initial_temperature = 3.0, cooling_rate = 0.999
26 - INFO - chord#: 116 done. best_score=31.0, changed=521, unchanged=345, early_stops=8/8
26 - INFO - chord#: 120 In build_straw_man_chord_sa. tolerance = 1, sa_iterations = 1000, initial_temperature = 3.0, cooling_rate = 0.999
26 - INFO - chord#: 114 done. best_score=27.0, changed=523, unchanged=423, early_stops=8/8
26 - INFO - chord#: 116 In build_straw_man_chord_sa. tolerance = 1, sa_iterations = 1000, initial_temperature = 3.0, cooling_rate = 0.999
26 - INFO - chord#: 104 done. best_score=36.0, changed=514, unchanged=395, early_stops=8/8
26 - INFO - chord#: 108 In build_straw_man_chord_sa. tolerance = 1, sa_iterations = 1000, initial_temperature = 3.0, cooling_rate = 0.999
26 - INFO - chord#: 116 done. best_score=31.0, changed=527, unchanged=395, early_stops=8/8
26 - INFO - chord#: 120 In build_straw_man_chord_sa. tolerance = 1, sa_iterations = 1000, initial_temperature = 3.0, cooling_rate = 0.999
26 - INFO - chord#: 124 done. best_score=27.0, changed=519, unchanged=389, early_stops=8/8
26 - INFO - chord#: 110 done. best_score=71.0, changed=613, unchanged=271, early_stops=8/8
26 - INFO - chord#: 112 In build_straw_man_chord_sa. tolerance = 1, sa_iterations = 1000, initial_temperature = 3.0, cooling_rate = 0.999
26 - INFO - chord#: 110 done. best_score=64.0, changed=612, unchanged=264, early_stops=8/8
26 - INFO - chord#: 112 In build_straw_man_chord_sa. tolerance = 1, sa_iterations = 1000, initial_temperature = 3.0, cooling_rate = 0.999
26 - INFO - chord#: 110 done. best_score=71.0, changed=609, unchanged=227, early_stops=8/8
26 - INFO - chord#: 112 In build_straw_man_chord_sa. tolerance = 1, sa_iterations = 1000, initial_temperature = 3.0, cooling_rate = 0.999
26 - INFO - chord#: 120 done. best_score=27.0, changed=531, unchanged=374, early_stops=8/8
26 - INFO - chord#: 122 In build_straw_man_chord_sa. tolerance = 1, sa_iterations = 1000, initial_temperature = 3.0, cooling_rate = 0.999
26 - INFO - chord#: 120 done. best_score=27.0, changed=521, unchanged=344, early_stops=8/8
26 - INFO - chord#: 122 In build_straw_man_chord_sa. tolerance = 1, sa_iterations = 1000, initial_temperature = 3.0, cooling_rate = 0.999
26 - INFO - chord#: 112 done. best_score=36.0, changed=524, unchanged=423, early_stops=8/8
26 - INFO - chord#: 114 In build_straw_man_chord_sa. tolerance = 1, sa_iterations = 1000, initial_temperature = 3.0, cooling_rate = 0.999
26 - INFO - chord#: 116 done. best_score=31.0, changed=525, unchanged=359, early_stops=8/8
26 - INFO - chord#: 120 In build_straw_man_chord_sa. tolerance = 1, sa_iterations = 1000, initial_temperature = 3.0, cooling_rate = 0.999
26 - INFO - chord#: 108 done. best_score=27.0, changed=517, unchanged=429, early_stops=8/8
26 - INFO - chord#: 110 In build_straw_man_chord_sa. tolerance = 1, sa_iterations = 1000, initial_temperature = 3.0, cooling_rate = 0.999
26 - INFO - chord#: 112 done. best_score=27.0, changed=520, unchanged=365, early_stops=8/8
26 - INFO - chord#: 114 In build_straw_man_chord_sa. tolerance = 1, sa_iterations = 1000, initial_temperature = 3.0, cooling_rate = 0.999
26 - INFO - chord#: 112 done. best_score=27.0, changed=526, unchanged=446, early_stops=8/8
26 - INFO - chord#: 114 In build_straw_man_chord_sa. tolerance = 1, sa_iterations = 1000, initial_temperature = 3.0, cooling_rate = 0.999
26 - INFO - chord#: 110 done. best_score=64.0, changed=619, unchanged=452, early_stops=8/8
26 - INFO - chord#: 112 In build_straw_man_chord_sa. tolerance = 1, sa_iterations = 1000, initial_temperature = 3.0, cooling_rate = 0.999
26 - INFO - chord#: 114 done. best_score=27.0, changed=540, unchanged=494, early_stops=8/8
26 - INFO - chord#: 116 In build_straw_man_chord_sa. tolerance = 1, sa_iterations = 1000, initial_temperature = 3.0, cooling_rate = 0.999
26 - INFO - chord#: 120 done. best_score=27.0, changed=522, unchanged=333, early_stops=8/8
26 - INFO - chord#: 122 In build_straw_man_chord_sa. tolerance = 1, sa_iterations = 1000, initial_temperature = 3.0, cooling_rate = 0.999
26 - INFO - chord#: 110 done. best_score=157.0, changed=610, unchanged=326, early_stops=8/8
26 - INFO - chord#: 112 In build_straw_man_chord_sa. tolerance = 1, sa_iterations = 1000, initial_temperature = 3.0, cooling_rate = 0.999
26 - INFO - chord#: 122 done. best_score=67.0, changed=615, unchanged=371, early_stops=8/8
26 - INFO - chord#: 124 In build_straw_man_chord_sa. tolerance = 1, sa_iterations = 1000, initial_temperature = 3.0, cooling_rate = 0.999
26 - INFO - chord#: 114 done. best_score=27.0, changed=529, unchanged=472, early_stops=8/8
26 - INFO - chord#: 116 In build_straw_man_chord_sa. tolerance = 1, sa_iterations = 1000, initial_temperature = 3.0, cooling_rate = 0.999
26 - INFO - chord#: 114 done. best_score=27.0, changed=520, unchanged=350, early_stops=8/8
26 - INFO - chord#: 116 In build_straw_man_chord_sa. tolerance = 1, sa_iterations = 1000, initial_temperature = 3.0, cooling_rate = 0.999
26 - INFO - chord#: 112 done. best_score=27.0, changed=526, unchanged=365, early_stops=8/8
26 - INFO - chord#: 114 In build_straw_man_chord_sa. tolerance = 1, sa_iterations = 1000, initial_temperature = 3.0, cooling_rate = 0.999
26 - INFO - chord#: 116 done. best_score=31.0, changed=527, unchanged=402, early_stops=8/8
26 - INFO - chord#: 120 In build_straw_man_chord_sa. tolerance = 1, sa_iterations = 1000, initial_temperature = 3.0, cooling_rate = 0.999
26 - INFO - chord#: 124 done. best_score=27.0, changed=509, unchanged=316, early_stops=8/8
26 - INFO - chord#: 112 done. best_score=27.0, changed=523, unchanged=353, early_stops=8/8
26 - INFO - chord#: 114 In build_straw_man_chord_sa. tolerance = 1, sa_iterations = 1000, initial_temperature = 3.0, cooling_rate = 0.999
26 - INFO - chord#: 116 done. best_score=31.0, changed=520, unchanged=375, early_stops=8/8
26 - INFO - chord#: 120 In build_straw_man_chord_sa. tolerance = 1, sa_iterations = 1000, initial_temperature = 3.0, cooling_rate = 0.999
26 - INFO - chord#: 122 done. best_score=78.0, changed=615, unchanged=289, early_stops=8/8
26 - INFO - chord#: 124 In build_straw_man_chord_sa. tolerance = 1, sa_iterations = 1000, initial_temperature = 3.0, cooling_rate = 0.999
26 - INFO - chord#: 116 done. best_score=31.0, changed=526, unchanged=433, early_stops=8/8
26 - INFO - chord#: 120 In build_straw_man_chord_sa. tolerance = 1, sa_iterations = 1000, initial_temperature = 3.0, cooling_rate = 0.999
26 - INFO - chord#: 122 done. best_score=137.0, changed=616, unchanged=427, early_stops=8/8
26 - INFO - chord#: 124 In build_straw_man_chord_sa. tolerance = 1, sa_iterations = 1000, initial_temperature = 3.0, cooling_rate = 0.999
26 - INFO - chord#: 114 done. best_score=27.0, changed=524, unchanged=462, early_stops=8/8
26 - INFO - chord#: 116 In build_straw_man_chord_sa. tolerance = 1, sa_iterations = 1000, initial_temperature = 3.0, cooling_rate = 0.999
26 - INFO - chord#: 120 done. best_score=27.0, changed=522, unchanged=338, early_stops=8/8
26 - INFO - chord#: 122 In build_straw_man_chord_sa. tolerance = 1, sa_iterations = 1000, initial_temperature = 3.0, cooling_rate = 0.999
26 - INFO - chord#: 110 done. best_score=64.0, changed=616, unchanged=374, early_stops=8/8
26 - INFO - chord#: 112 In build_straw_man_chord_sa. tolerance = 1, sa_iterations = 1000, initial_temperature = 3.0, cooling_rate = 0.999
26 - INFO - chord#: 120 done. best_score=27.0, changed=520, unchanged=379, early_stops=8/8
26 - INFO - chord#: 122 In build_straw_man_chord_sa. tolerance = 1, sa_iterations = 1000, initial_temperature = 3.0, cooling_rate = 0.999
26 - INFO - chord#: 114 done. best_score=27.0, changed=527, unchanged=399, early_stops=8/8
26 - INFO - chord#: 116 In build_straw_man_chord_sa. tolerance = 1, sa_iterations = 1000, initial_temperature = 3.0, cooling_rate = 0.999
26 - INFO - chord#: 120 done. best_score=27.0, changed=532, unchanged=431, early_stops=8/8
26 - INFO - chord#: 122 In build_straw_man_chord_sa. tolerance = 1, sa_iterations = 1000, initial_temperature = 3.0, cooling_rate = 0.999
26 - INFO - chord#: 124 done. best_score=27.0, changed=520, unchanged=411, early_stops=8/8
26 - INFO - chord#: 116 done. best_score=31.0, changed=521, unchanged=338, early_stops=8/8
26 - INFO - chord#: 120 In build_straw_man_chord_sa. tolerance = 1, sa_iterations = 1000, initial_temperature = 3.0, cooling_rate = 0.999
26 - INFO - chord#: 122 done. best_score=125.0, changed=608, unchanged=276, early_stops=8/8
26 - INFO - chord#: 124 In build_straw_man_chord_sa. tolerance = 1, sa_iterations = 1000, initial_temperature = 3.0, cooling_rate = 0.999
26 - INFO - chord#: 124 done. best_score=27.0, changed=527, unchanged=579, early_stops=8/8
26 - INFO - chord#: 112 done. best_score=27.0, changed=527, unchanged=416, early_stops=8/8
26 - INFO - chord#: 114 In build_straw_man_chord_sa. tolerance = 1, sa_iterations = 1000, initial_temperature = 3.0, cooling_rate = 0.999
26 - INFO - chord#: 116 done. best_score=31.0, changed=527, unchanged=390, early_stops=8/8
26 - INFO - chord#: 120 done. best_score=27.0, changed=522, unchanged=397, early_stops=8/8
26 - INFO - chord#: 122 In build_straw_man_chord_sa. tolerance = 1, sa_iterations = 1000, initial_temperature = 3.0, cooling_rate = 0.999
26 - INFO - chord#: 120 In build_straw_man_chord_sa. tolerance = 1, sa_iterations = 1000, initial_temperature = 3.0, cooling_rate = 0.999
26 - INFO - chord#: 124 done. best_score=27.0, changed=528, unchanged=315, early_stops=8/8
26 - INFO - chord#: 122 done. best_score=67.0, changed=609, unchanged=303, early_stops=8/8
26 - INFO - chord#: 124 In build_straw_man_chord_sa. tolerance = 1, sa_iterations = 1000, initial_temperature = 3.0, cooling_rate = 0.999
26 - INFO - chord#: 114 done. best_score=27.0, changed=529, unchanged=515, early_stops=8/8
26 - INFO - chord#: 116 In build_straw_man_chord_sa. tolerance = 1, sa_iterations = 1000, initial_temperature = 3.0, cooling_rate = 0.999
26 - INFO - chord#: 120 done. best_score=27.0, changed=541, unchanged=401, early_stops=8/8
26 - INFO - chord#: 122 In build_straw_man_chord_sa. tolerance = 1, sa_iterations = 1000, initial_temperature = 3.0, cooling_rate = 0.999
26 - INFO - chord#: 122 done. best_score=67.0, changed=614, unchanged=407, early_stops=8/8
26 - INFO - chord#: 124 In build_straw_man_chord_sa. tolerance = 1, sa_iterations = 1000, initial_temperature = 3.0, cooling_rate = 0.999
26 - INFO - chord#: 122 done. best_score=67.0, changed=611, unchanged=329, early_stops=8/8
26 - INFO - chord#: 124 In build_straw_man_chord_sa. tolerance = 1, sa_iterations = 1000, initial_temperature = 3.0, cooling_rate = 0.999
26 - INFO - chord#: 124 done. best_score=27.0, changed=521, unchanged=430, early_stops=8/8
26 - INFO - chord#: 116 done. best_score=31.0, changed=525, unchanged=345, early_stops=8/8
26 - INFO - chord#: 120 In build_straw_man_chord_sa. tolerance = 1, sa_iterations = 1000, initial_temperature = 3.0, cooling_rate = 0.999
26 - INFO - chord#: 124 done. best_score=27.0, changed=513, unchanged=298, early_stops=8/8
26 - INFO - chord#: 122 done. best_score=96.0, changed=608, unchanged=274, early_stops=8/8
26 - INFO - chord#: 124 In build_straw_man_chord_sa. tolerance = 1, sa_iterations = 1000, initial_temperature = 3.0, cooling_rate = 0.999
26 - INFO - chord#: 120 done. best_score=27.0, changed=516, unchanged=318, early_stops=8/8
26 - INFO - chord#: 122 In build_straw_man_chord_sa. tolerance = 1, sa_iterations = 1000, initial_temperature = 3.0, cooling_rate = 0.999
26 - INFO - chord#: 124 done. best_score=27.0, changed=527, unchanged=462, early_stops=8/8
26 - INFO - chord#: 124 done. best_score=27.0, changed=523, unchanged=442, early_stops=8/8
26 - INFO - chord#: 122 done. best_score=137.0, changed=616, unchanged=347, early_stops=8/8
26 - INFO - chord#: 124 In build_straw_man_chord_sa. tolerance = 1, sa_iterations = 1000, initial_temperature = 3.0, cooling_rate = 0.999
26 - INFO - chord#: 124 done. best_score=27.0, changed=522, unchanged=415, early_stops=8/8
26 - INFO - chord#: 122 done. best_score=67.0, changed=617, unchanged=319, early_stops=8/8
26 - INFO - chord#: 124 In build_straw_man_chord_sa. tolerance = 1, sa_iterations = 1000, initial_temperature = 3.0, cooling_rate = 0.999
26 - INFO - chord#: 124 done. best_score=27.0, changed=519, unchanged=377, early_stops=8/8
26 - INFO - chord#: 0 In build_straw_man_chord_sa. tolerance = 1, sa_iterations = 1000, initial_temperature = 3.0, cooling_rate = 0.999
26 - INFO - chord#: 0 In build_straw_man_chord_sa. tolerance = 1, sa_iterations = 1000, initial_temperature = 3.0, cooling_rate = 0.999
26 - INFO - chord#: 0 In build_straw_man_chord_sa. tolerance = 1, sa_iterations = 1000, initial_temperature = 3.0, cooling_rate = 0.999
26 - INFO - chord#: 0 In build_straw_man_chord_sa. tolerance = 1, sa_iterations = 1000, initial_temperature = 3.0, cooling_rate = 0.999
26 - INFO - chord#: 0 In build_straw_man_chord_sa. tolerance = 1, sa_iterations = 1000, initial_temperature = 3.0, cooling_rate = 0.999
26 - INFO - chord#: 0 In build_straw_man_chord_sa. tolerance = 1, sa_iterations = 1000, initial_temperature = 3.0, cooling_rate = 0.999
26 - INFO - chord#: 0 In build_straw_man_chord_sa. tolerance = 1, sa_iterations = 1000, initial_temperature = 3.0, cooling_rate = 0.999
26 - INFO - chord#: 0 In build_straw_man_chord_sa. tolerance = 1, sa_iterations = 1000, initial_temperature = 3.0, cooling_rate = 0.999
26 - INFO - chord#: 0 In build_straw_man_chord_sa. tolerance = 1, sa_iterations = 1000, initial_temperature = 3.0, cooling_rate = 0.999
26 - INFO - chord#: 0 In build_straw_man_chord_sa. tolerance = 1, sa_iterations = 1000, initial_temperature = 3.0, cooling_rate = 0.999
26 - INFO - chord#: 0 In build_straw_man_chord_sa. tolerance = 1, sa_iterations = 1000, initial_temperature = 3.0, cooling_rate = 0.999
26 - INFO - chord#: 0 In build_straw_man_chord_sa. tolerance = 1, sa_iterations = 1000, initial_temperature = 3.0, cooling_rate = 0.999
26 - INFO - chord#: 0 done. best_score=27.0, changed=519, unchanged=308, early_stops=8/8
26 - INFO - chord#: 0 done. best_score=27.0, changed=517, unchanged=369, early_stops=8/8
26 - INFO - chord#: 4 In build_straw_man_chord_sa. tolerance = 1, sa_iterations = 1000, initial_temperature = 3.0, cooling_rate = 0.999
26 - INFO - chord#: 4 In build_straw_man_chord_sa. tolerance = 1, sa_iterations = 1000, initial_temperature = 3.0, cooling_rate = 0.999
26 - INFO - chord#: 0 done. best_score=27.0, changed=517, unchanged=437, early_stops=8/8
26 - INFO - chord#: 4 In build_straw_man_chord_sa. tolerance = 1, sa_iterations = 1000, initial_temperature = 3.0, cooling_rate = 0.999
26 - INFO - chord#: 0 done. best_score=27.0, changed=511, unchanged=452, early_stops=8/8
26 - INFO - chord#: 4 In build_straw_man_chord_sa. tolerance = 1, sa_iterations = 1000, initial_temperature = 3.0, cooling_rate = 0.999
26 - INFO - chord#: 0 done. best_score=27.0, changed=525, unchanged=516, early_stops=8/8
26 - INFO - chord#: 4 In build_straw_man_chord_sa. tolerance = 1, sa_iterations = 1000, initial_temperature = 3.0, cooling_rate = 0.999
26 - INFO - chord#: 0 done. best_score=27.0, changed=511, unchanged=334, early_stops=8/8
26 - INFO - chord#: 4 In build_straw_man_chord_sa. tolerance = 1, sa_iterations = 1000, initial_temperature = 3.0, cooling_rate = 0.999
26 - INFO - chord#: 0 done. best_score=27.0, changed=516, unchanged=366, early_stops=8/8
26 - INFO - chord#: 4 In build_straw_man_chord_sa. tolerance = 1, sa_iterations = 1000, initial_temperature = 3.0, cooling_rate = 0.999
26 - INFO - chord#: 0 done. best_score=27.0, changed=527, unchanged=442, early_stops=8/8
26 - INFO - chord#: 4 In build_straw_man_chord_sa. tolerance = 1, sa_iterations = 1000, initial_temperature = 3.0, cooling_rate = 0.999
26 - INFO - chord#: 0 done. best_score=27.0, changed=521, unchanged=365, early_stops=8/8
26 - INFO - chord#: 4 In build_straw_man_chord_sa. tolerance = 1, sa_iterations = 1000, initial_temperature = 3.0, cooling_rate = 0.999
26 - INFO - chord#: 0 done. best_score=27.0, changed=522, unchanged=436, early_stops=8/8
26 - INFO - chord#: 4 In build_straw_man_chord_sa. tolerance = 1, sa_iterations = 1000, initial_temperature = 3.0, cooling_rate = 0.999
26 - INFO - chord#: 0 done. best_score=27.0, changed=527, unchanged=499, early_stops=8/8
26 - INFO - chord#: 4 In build_straw_man_chord_sa. tolerance = 1, sa_iterations = 1000, initial_temperature = 3.0, cooling_rate = 0.999
26 - INFO - chord#: 0 done. best_score=27.0, changed=529, unchanged=510, early_stops=8/8
26 - INFO - chord#: 4 In build_straw_man_chord_sa. tolerance = 1, sa_iterations = 1000, initial_temperature = 3.0, cooling_rate = 0.999
26 - INFO - chord#: 4 done. best_score=27.0, changed=523, unchanged=502, early_stops=8/8
26 - INFO - chord#: 8 In build_straw_man_chord_sa. tolerance = 1, sa_iterations = 1000, initial_temperature = 3.0, cooling_rate = 0.999
26 - INFO - chord#: 4 done. best_score=27.0, changed=525, unchanged=416, early_stops=8/8
26 - INFO - chord#: 8 In build_straw_man_chord_sa. tolerance = 1, sa_iterations = 1000, initial_temperature = 3.0, cooling_rate = 0.999
26 - INFO - chord#: 4 done. best_score=27.0, changed=520, unchanged=323, early_stops=8/8
26 - INFO - chord#: 8 In build_straw_man_chord_sa. tolerance = 1, sa_iterations = 1000, initial_temperature = 3.0, cooling_rate = 0.999
26 - INFO - chord#: 4 done. best_score=27.0, changed=515, unchanged=390, early_stops=8/8
26 - INFO - chord#: 8 In build_straw_man_chord_sa. tolerance = 1, sa_iterations = 1000, initial_temperature = 3.0, cooling_rate = 0.999
26 - INFO - chord#: 4 done. best_score=27.0, changed=533, unchanged=494, early_stops=8/8
26 - INFO - chord#: 8 In build_straw_man_chord_sa. tolerance = 1, sa_iterations = 1000, initial_temperature = 3.0, cooling_rate = 0.999
26 - INFO - chord#: 4 done. best_score=27.0, changed=519, unchanged=378, early_stops=8/8
26 - INFO - chord#: 8 In build_straw_man_chord_sa. tolerance = 1, sa_iterations = 1000, initial_temperature = 3.0, cooling_rate = 0.999
26 - INFO - chord#: 4 done. best_score=27.0, changed=522, unchanged=362, early_stops=8/8
26 - INFO - chord#: 8 In build_straw_man_chord_sa. tolerance = 1, sa_iterations = 1000, initial_temperature = 3.0, cooling_rate = 0.999
26 - INFO - chord#: 4 done. best_score=27.0, changed=522, unchanged=389, early_stops=8/8
26 - INFO - chord#: 8 In build_straw_man_chord_sa. tolerance = 1, sa_iterations = 1000, initial_temperature = 3.0, cooling_rate = 0.999
26 - INFO - chord#: 4 done. best_score=27.0, changed=518, unchanged=353, early_stops=8/8
26 - INFO - chord#: 8 In build_straw_man_chord_sa. tolerance = 1, sa_iterations = 1000, initial_temperature = 3.0, cooling_rate = 0.999
26 - INFO - chord#: 4 done. best_score=27.0, changed=525, unchanged=430, early_stops=8/8
26 - INFO - chord#: 8 In build_straw_man_chord_sa. tolerance = 1, sa_iterations = 1000, initial_temperature = 3.0, cooling_rate = 0.999
26 - INFO - chord#: 4 done. best_score=27.0, changed=513, unchanged=321, early_stops=8/8
26 - INFO - chord#: 8 In build_straw_man_chord_sa. tolerance = 1, sa_iterations = 1000, initial_temperature = 3.0, cooling_rate = 0.999
26 - INFO - chord#: 4 done. best_score=27.0, changed=524, unchanged=513, early_stops=8/8
26 - INFO - chord#: 8 In build_straw_man_chord_sa. tolerance = 1, sa_iterations = 1000, initial_temperature = 3.0, cooling_rate = 0.999
26 - INFO - chord#: 8 done. best_score=27.0, changed=526, unchanged=461, early_stops=8/8
26 - INFO - chord#: 10 In build_straw_man_chord_sa. tolerance = 1, sa_iterations = 1000, initial_temperature = 3.0, cooling_rate = 0.999
26 - INFO - chord#: 8 done. best_score=27.0, changed=528, unchanged=416, early_stops=8/8
26 - INFO - chord#: 10 In build_straw_man_chord_sa. tolerance = 1, sa_iterations = 1000, initial_temperature = 3.0, cooling_rate = 0.999
26 - INFO - chord#: 8 done. best_score=27.0, changed=514, unchanged=424, early_stops=8/8
26 - INFO - chord#: 10 In build_straw_man_chord_sa. tolerance = 1, sa_iterations = 1000, initial_temperature = 3.0, cooling_rate = 0.999
26 - INFO - chord#: 8 done. best_score=27.0, changed=524, unchanged=386, early_stops=8/8
26 - INFO - chord#: 10 In build_straw_man_chord_sa. tolerance = 1, sa_iterations = 1000, initial_temperature = 3.0, cooling_rate = 0.999
26 - INFO - chord#: 8 done. best_score=27.0, changed=519, unchanged=451, early_stops=8/8
26 - INFO - chord#: 10 In build_straw_man_chord_sa. tolerance = 1, sa_iterations = 1000, initial_temperature = 3.0, cooling_rate = 0.999
26 - INFO - chord#: 8 done. best_score=27.0, changed=523, unchanged=402, early_stops=8/8
26 - INFO - chord#: 10 In build_straw_man_chord_sa. tolerance = 1, sa_iterations = 1000, initial_temperature = 3.0, cooling_rate = 0.999
26 - INFO - chord#: 8 done. best_score=27.0, changed=521, unchanged=344, early_stops=8/8
26 - INFO - chord#: 10 In build_straw_man_chord_sa. tolerance = 1, sa_iterations = 1000, initial_temperature = 3.0, cooling_rate = 0.999
26 - INFO - chord#: 8 done. best_score=27.0, changed=520, unchanged=420, early_stops=8/8
26 - INFO - chord#: 10 In build_straw_man_chord_sa. tolerance = 1, sa_iterations = 1000, initial_temperature = 3.0, cooling_rate = 0.999
26 - INFO - chord#: 8 done. best_score=27.0, changed=520, unchanged=406, early_stops=8/8
26 - INFO - chord#: 10 In build_straw_man_chord_sa. tolerance = 1, sa_iterations = 1000, initial_temperature = 3.0, cooling_rate = 0.999
26 - INFO - chord#: 8 done. best_score=27.0, changed=516, unchanged=384, early_stops=8/8
26 - INFO - chord#: 10 In build_straw_man_chord_sa. tolerance = 1, sa_iterations = 1000, initial_temperature = 3.0, cooling_rate = 0.999
26 - INFO - chord#: 8 done. best_score=27.0, changed=524, unchanged=528, early_stops=8/8
26 - INFO - chord#: 10 In build_straw_man_chord_sa. tolerance = 1, sa_iterations = 1000, initial_temperature = 3.0, cooling_rate = 0.999
26 - INFO - chord#: 8 done. best_score=27.0, changed=525, unchanged=464, early_stops=8/8
26 - INFO - chord#: 10 In build_straw_man_chord_sa. tolerance = 1, sa_iterations = 1000, initial_temperature = 3.0, cooling_rate = 0.999
26 - INFO - chord#: 10 done. best_score=67.0, changed=612, unchanged=344, early_stops=8/8
26 - INFO - chord#: 12 In build_straw_man_chord_sa. tolerance = 1, sa_iterations = 1000, initial_temperature = 3.0, cooling_rate = 0.999
26 - INFO - chord#: 10 done. best_score=145.0, changed=620, unchanged=378, early_stops=8/8
26 - INFO - chord#: 12 In build_straw_man_chord_sa. tolerance = 1, sa_iterations = 1000, initial_temperature = 3.0, cooling_rate = 0.999
26 - INFO - chord#: 10 done. best_score=67.0, changed=608, unchanged=387, early_stops=8/8
26 - INFO - chord#: 12 In build_straw_man_chord_sa. tolerance = 1, sa_iterations = 1000, initial_temperature = 3.0, cooling_rate = 0.999
26 - INFO - chord#: 10 done. best_score=145.0, changed=616, unchanged=303, early_stops=8/8
26 - INFO - chord#: 12 In build_straw_man_chord_sa. tolerance = 1, sa_iterations = 1000, initial_temperature = 3.0, cooling_rate = 0.999
26 - INFO - chord#: 10 done. best_score=157.0, changed=608, unchanged=264, early_stops=8/8
26 - INFO - chord#: 12 In build_straw_man_chord_sa. tolerance = 1, sa_iterations = 1000, initial_temperature = 3.0, cooling_rate = 0.999
26 - INFO - chord#: 10 done. best_score=167.0, changed=608, unchanged=404, early_stops=8/8
26 - INFO - chord#: 12 In build_straw_man_chord_sa. tolerance = 1, sa_iterations = 1000, initial_temperature = 3.0, cooling_rate = 0.999
26 - INFO - chord#: 10 done. best_score=96.0, changed=613, unchanged=341, early_stops=8/8
26 - INFO - chord#: 12 In build_straw_man_chord_sa. tolerance = 1, sa_iterations = 1000, initial_temperature = 3.0, cooling_rate = 0.999
26 - INFO - chord#: 12 done. best_score=27.0, changed=521, unchanged=324, early_stops=8/8
26 - INFO - chord#: 16 In build_straw_man_chord_sa. tolerance = 1, sa_iterations = 1000, initial_temperature = 3.0, cooling_rate = 0.999
26 - INFO - chord#: 10 done. best_score=67.0, changed=613, unchanged=351, early_stops=8/8
26 - INFO - chord#: 12 In build_straw_man_chord_sa. tolerance = 1, sa_iterations = 1000, initial_temperature = 3.0, cooling_rate = 0.999
26 - INFO - chord#: 10 done. best_score=67.0, changed=611, unchanged=257, early_stops=8/8
26 - INFO - chord#: 12 In build_straw_man_chord_sa. tolerance = 1, sa_iterations = 1000, initial_temperature = 3.0, cooling_rate = 0.999
26 - INFO - chord#: 12 done. best_score=27.0, changed=534, unchanged=400, early_stops=8/8
26 - INFO - chord#: 16 In build_straw_man_chord_sa. tolerance = 1, sa_iterations = 1000, initial_temperature = 3.0, cooling_rate = 0.999
26 - INFO - chord#: 12 done. best_score=27.0, changed=524, unchanged=431, early_stops=8/8
26 - INFO - chord#: 16 In build_straw_man_chord_sa. tolerance = 1, sa_iterations = 1000, initial_temperature = 3.0, cooling_rate = 0.999
26 - INFO - chord#: 12 done. best_score=27.0, changed=517, unchanged=342, early_stops=8/8
26 - INFO - chord#: 16 In build_straw_man_chord_sa. tolerance = 1, sa_iterations = 1000, initial_temperature = 3.0, cooling_rate = 0.999
26 - INFO - chord#: 10 done. best_score=96.0, changed=613, unchanged=249, early_stops=8/8
26 - INFO - chord#: 12 In build_straw_man_chord_sa. tolerance = 1, sa_iterations = 1000, initial_temperature = 3.0, cooling_rate = 0.999
26 - INFO - chord#: 10 done. best_score=157.0, changed=615, unchanged=295, early_stops=8/8
26 - INFO - chord#: 12 In build_straw_man_chord_sa. tolerance = 1, sa_iterations = 1000, initial_temperature = 3.0, cooling_rate = 0.999
26 - INFO - chord#: 12 done. best_score=27.0, changed=524, unchanged=370, early_stops=8/8
26 - INFO - chord#: 16 In build_straw_man_chord_sa. tolerance = 1, sa_iterations = 1000, initial_temperature = 3.0, cooling_rate = 0.999
26 - INFO - chord#: 12 done. best_score=27.0, changed=538, unchanged=444, early_stops=8/8
26 - INFO - chord#: 16 In build_straw_man_chord_sa. tolerance = 1, sa_iterations = 1000, initial_temperature = 3.0, cooling_rate = 0.999
26 - INFO - chord#: 10 done. best_score=67.0, changed=615, unchanged=368, early_stops=8/8
26 - INFO - chord#: 12 In build_straw_man_chord_sa. tolerance = 1, sa_iterations = 1000, initial_temperature = 3.0, cooling_rate = 0.999
26 - INFO - chord#: 12 done. best_score=27.0, changed=525, unchanged=372, early_stops=8/8
26 - INFO - chord#: 16 In build_straw_man_chord_sa. tolerance = 1, sa_iterations = 1000, initial_temperature = 3.0, cooling_rate = 0.999
26 - INFO - chord#: 16 done. best_score=27.0, changed=517, unchanged=334, early_stops=8/8
26 - INFO - chord#: 18 In build_straw_man_chord_sa. tolerance = 1, sa_iterations = 1000, initial_temperature = 3.0, cooling_rate = 0.999
26 - INFO - chord#: 16 done. best_score=27.0, changed=517, unchanged=322, early_stops=8/8
26 - INFO - chord#: 18 In build_straw_man_chord_sa. tolerance = 1, sa_iterations = 1000, initial_temperature = 3.0, cooling_rate = 0.999
26 - INFO - chord#: 16 done. best_score=27.0, changed=514, unchanged=345, early_stops=8/8
26 - INFO - chord#: 18 In build_straw_man_chord_sa. tolerance = 1, sa_iterations = 1000, initial_temperature = 3.0, cooling_rate = 0.999
26 - INFO - chord#: 12 done. best_score=27.0, changed=520, unchanged=393, early_stops=8/8
26 - INFO - chord#: 16 In build_straw_man_chord_sa. tolerance = 1, sa_iterations = 1000, initial_temperature = 3.0, cooling_rate = 0.999
26 - INFO - chord#: 12 done. best_score=27.0, changed=528, unchanged=360, early_stops=8/8
26 - INFO - chord#: 16 In build_straw_man_chord_sa. tolerance = 1, sa_iterations = 1000, initial_temperature = 3.0, cooling_rate = 0.999
26 - INFO - chord#: 12 done. best_score=27.0, changed=531, unchanged=338, early_stops=8/8
26 - INFO - chord#: 16 In build_straw_man_chord_sa. tolerance = 1, sa_iterations = 1000, initial_temperature = 3.0, cooling_rate = 0.999
26 - INFO - chord#: 16 done. best_score=27.0, changed=516, unchanged=447, early_stops=8/8
26 - INFO - chord#: 18 In build_straw_man_chord_sa. tolerance = 1, sa_iterations = 1000, initial_temperature = 3.0, cooling_rate = 0.999
26 - INFO - chord#: 12 done. best_score=27.0, changed=526, unchanged=428, early_stops=8/8
26 - INFO - chord#: 16 In build_straw_man_chord_sa. tolerance = 1, sa_iterations = 1000, initial_temperature = 3.0, cooling_rate = 0.999
26 - INFO - chord#: 16 done. best_score=27.0, changed=526, unchanged=681, early_stops=8/8
26 - INFO - chord#: 18 In build_straw_man_chord_sa. tolerance = 1, sa_iterations = 1000, initial_temperature = 3.0, cooling_rate = 0.999
26 - INFO - chord#: 12 done. best_score=27.0, changed=517, unchanged=312, early_stops=8/8
26 - INFO - chord#: 16 In build_straw_man_chord_sa. tolerance = 1, sa_iterations = 1000, initial_temperature = 3.0, cooling_rate = 0.999
26 - INFO - chord#: 16 done. best_score=36.0, changed=517, unchanged=393, early_stops=8/8
26 - INFO - chord#: 18 In build_straw_man_chord_sa. tolerance = 1, sa_iterations = 1000, initial_temperature = 3.0, cooling_rate = 0.999
26 - INFO - chord#: 16 done. best_score=27.0, changed=521, unchanged=530, early_stops=8/8
26 - INFO - chord#: 18 In build_straw_man_chord_sa. tolerance = 1, sa_iterations = 1000, initial_temperature = 3.0, cooling_rate = 0.999
26 - INFO - chord#: 16 done. best_score=27.0, changed=523, unchanged=493, early_stops=8/8
26 - INFO - chord#: 18 In build_straw_man_chord_sa. tolerance = 1, sa_iterations = 1000, initial_temperature = 3.0, cooling_rate = 0.999
26 - INFO - chord#: 16 done. best_score=27.0, changed=527, unchanged=511, early_stops=8/8
26 - INFO - chord#: 18 In build_straw_man_chord_sa. tolerance = 1, sa_iterations = 1000, initial_temperature = 3.0, cooling_rate = 0.999
26 - INFO - chord#: 16 done. best_score=27.0, changed=520, unchanged=464, early_stops=8/8
26 - INFO - chord#: 18 In build_straw_man_chord_sa. tolerance = 1, sa_iterations = 1000, initial_temperature = 3.0, cooling_rate = 0.999
26 - INFO - chord#: 16 done. best_score=27.0, changed=525, unchanged=613, early_stops=8/8
26 - INFO - chord#: 18 In build_straw_man_chord_sa. tolerance = 1, sa_iterations = 1000, initial_temperature = 3.0, cooling_rate = 0.999
26 - INFO - chord#: 16 done. best_score=27.0, changed=517, unchanged=565, early_stops=8/8
26 - INFO - chord#: 18 In build_straw_man_chord_sa. tolerance = 1, sa_iterations = 1000, initial_temperature = 3.0, cooling_rate = 0.999
26 - INFO - chord#: 18 done. best_score=70.0, changed=617, unchanged=374, early_stops=8/8
26 - INFO - chord#: 20 In build_straw_man_chord_sa. tolerance = 1, sa_iterations = 1000, initial_temperature = 3.0, cooling_rate = 0.999
26 - INFO - chord#: 18 done. best_score=75.0, changed=610, unchanged=386, early_stops=8/8
26 - INFO - chord#: 20 In build_straw_man_chord_sa. tolerance = 1, sa_iterations = 1000, initial_temperature = 3.0, cooling_rate = 0.999
26 - INFO - chord#: 18 done. best_score=141.0, changed=612, unchanged=337, early_stops=8/8
26 - INFO - chord#: 20 In build_straw_man_chord_sa. tolerance = 1, sa_iterations = 1000, initial_temperature = 3.0, cooling_rate = 0.999
26 - INFO - chord#: 18 done. best_score=70.0, changed=612, unchanged=299, early_stops=8/8
26 - INFO - chord#: 20 In build_straw_man_chord_sa. tolerance = 1, sa_iterations = 1000, initial_temperature = 3.0, cooling_rate = 0.999
26 - INFO - chord#: 18 done. best_score=70.0, changed=610, unchanged=330, early_stops=8/8
26 - INFO - chord#: 20 In build_straw_man_chord_sa. tolerance = 1, sa_iterations = 1000, initial_temperature = 3.0, cooling_rate = 0.999
26 - INFO - chord#: 18 done. best_score=160.0, changed=609, unchanged=218, early_stops=8/8
26 - INFO - chord#: 20 In build_straw_man_chord_sa. tolerance = 1, sa_iterations = 1000, initial_temperature = 3.0, cooling_rate = 0.999
26 - INFO - chord#: 18 done. best_score=70.0, changed=609, unchanged=392, early_stops=8/8
26 - INFO - chord#: 20 In build_straw_man_chord_sa. tolerance = 1, sa_iterations = 1000, initial_temperature = 3.0, cooling_rate = 0.999
26 - INFO - chord#: 20 done. best_score=27.0, changed=515, unchanged=306, early_stops=8/8
26 - INFO - chord#: 22 In build_straw_man_chord_sa. tolerance = 1, sa_iterations = 1000, initial_temperature = 3.0, cooling_rate = 0.999
26 - INFO - chord#: 20 done. best_score=27.0, changed=526, unchanged=380, early_stops=8/8
26 - INFO - chord#: 22 In build_straw_man_chord_sa. tolerance = 1, sa_iterations = 1000, initial_temperature = 3.0, cooling_rate = 0.999
26 - INFO - chord#: 20 done. best_score=27.0, changed=517, unchanged=398, early_stops=8/8
26 - INFO - chord#: 22 In build_straw_man_chord_sa. tolerance = 1, sa_iterations = 1000, initial_temperature = 3.0, cooling_rate = 0.999
26 - INFO - chord#: 20 done. best_score=27.0, changed=523, unchanged=342, early_stops=8/8
26 - INFO - chord#: 22 In build_straw_man_chord_sa. tolerance = 1, sa_iterations = 1000, initial_temperature = 3.0, cooling_rate = 0.999
26 - INFO - chord#: 20 done. best_score=27.0, changed=527, unchanged=386, early_stops=8/8
26 - INFO - chord#: 22 In build_straw_man_chord_sa. tolerance = 1, sa_iterations = 1000, initial_temperature = 3.0, cooling_rate = 0.999
26 - INFO - chord#: 18 done. best_score=104.0, changed=605, unchanged=214, early_stops=8/8
26 - INFO - chord#: 20 In build_straw_man_chord_sa. tolerance = 1, sa_iterations = 1000, initial_temperature = 3.0, cooling_rate = 0.999
26 - INFO - chord#: 18 done. best_score=108.0, changed=613, unchanged=362, early_stops=8/8
26 - INFO - chord#: 20 In build_straw_man_chord_sa. tolerance = 1, sa_iterations = 1000, initial_temperature = 3.0, cooling_rate = 0.999
26 - INFO - chord#: 20 done. best_score=27.0, changed=535, unchanged=405, early_stops=8/8
26 - INFO - chord#: 22 In build_straw_man_chord_sa. tolerance = 1, sa_iterations = 1000, initial_temperature = 3.0, cooling_rate = 0.999
26 - INFO - chord#: 20 done. best_score=27.0, changed=526, unchanged=395, early_stops=8/8
26 - INFO - chord#: 22 In build_straw_man_chord_sa. tolerance = 1, sa_iterations = 1000, initial_temperature = 3.0, cooling_rate = 0.999
26 - INFO - chord#: 18 done. best_score=103.0, changed=615, unchanged=299, early_stops=8/8
26 - INFO - chord#: 20 In build_straw_man_chord_sa. tolerance = 1, sa_iterations = 1000, initial_temperature = 3.0, cooling_rate = 0.999
26 - INFO - chord#: 18 done. best_score=104.0, changed=612, unchanged=321, early_stops=8/8
26 - INFO - chord#: 20 In build_straw_man_chord_sa. tolerance = 1, sa_iterations = 1000, initial_temperature = 3.0, cooling_rate = 0.999
26 - INFO - chord#: 18 done. best_score=177.0, changed=610, unchanged=243, early_stops=8/8
26 - INFO - chord#: 20 In build_straw_man_chord_sa. tolerance = 1, sa_iterations = 1000, initial_temperature = 3.0, cooling_rate = 0.999
26 - INFO - chord#: 20 done. best_score=27.0, changed=528, unchanged=424, early_stops=8/8
26 - INFO - chord#: 22 In build_straw_man_chord_sa. tolerance = 1, sa_iterations = 1000, initial_temperature = 3.0, cooling_rate = 0.999
26 - INFO - chord#: 20 done. best_score=27.0, changed=526, unchanged=405, early_stops=8/8
26 - INFO - chord#: 22 In build_straw_man_chord_sa. tolerance = 1, sa_iterations = 1000, initial_temperature = 3.0, cooling_rate = 0.999
26 - INFO - chord#: 22 done. best_score=64.0, changed=610, unchanged=227, early_stops=8/8
26 - INFO - chord#: 24 In build_straw_man_chord_sa. tolerance = 1, sa_iterations = 1000, initial_temperature = 3.0, cooling_rate = 0.999
26 - INFO - chord#: 22 done. best_score=146.0, changed=614, unchanged=333, early_stops=8/8
26 - INFO - chord#: 24 In build_straw_man_chord_sa. tolerance = 1, sa_iterations = 1000, initial_temperature = 3.0, cooling_rate = 0.999
26 - INFO - chord#: 22 done. best_score=140.0, changed=620, unchanged=298, early_stops=8/8
26 - INFO - chord#: 24 In build_straw_man_chord_sa. tolerance = 1, sa_iterations = 1000, initial_temperature = 3.0, cooling_rate = 0.999
26 - INFO - chord#: 20 done. best_score=36.0, changed=523, unchanged=389, early_stops=8/8
26 - INFO - chord#: 22 In build_straw_man_chord_sa. tolerance = 1, sa_iterations = 1000, initial_temperature = 3.0, cooling_rate = 0.999
26 - INFO - chord#: 22 done. best_score=146.0, changed=614, unchanged=366, early_stops=8/8
26 - INFO - chord#: 24 In build_straw_man_chord_sa. tolerance = 1, sa_iterations = 1000, initial_temperature = 3.0, cooling_rate = 0.999
26 - INFO - chord#: 20 done. best_score=27.0, changed=520, unchanged=391, early_stops=8/8
26 - INFO - chord#: 22 In build_straw_man_chord_sa. tolerance = 1, sa_iterations = 1000, initial_temperature = 3.0, cooling_rate = 0.999
26 - INFO - chord#: 20 done. best_score=36.0, changed=520, unchanged=356, early_stops=8/8
26 - INFO - chord#: 22 In build_straw_man_chord_sa. tolerance = 1, sa_iterations = 1000, initial_temperature = 3.0, cooling_rate = 0.999
26 - INFO - chord#: 22 done. best_score=125.0, changed=608, unchanged=248, early_stops=8/8
26 - INFO - chord#: 24 In build_straw_man_chord_sa. tolerance = 1, sa_iterations = 1000, initial_temperature = 3.0, cooling_rate = 0.999
26 - INFO - chord#: 22 done. best_score=64.0, changed=608, unchanged=283, early_stops=8/8
26 - INFO - chord#: 24 In build_straw_man_chord_sa. tolerance = 1, sa_iterations = 1000, initial_temperature = 3.0, cooling_rate = 0.999
26 - INFO - chord#: 24 done. best_score=36.0, changed=512, unchanged=425, early_stops=8/8
26 - INFO - chord#: 28 In build_straw_man_chord_sa. tolerance = 1, sa_iterations = 1000, initial_temperature = 3.0, cooling_rate = 0.999
26 - INFO - chord#: 24 done. best_score=36.0, changed=516, unchanged=382, early_stops=8/8
26 - INFO - chord#: 28 In build_straw_man_chord_sa. tolerance = 1, sa_iterations = 1000, initial_temperature = 3.0, cooling_rate = 0.999
26 - INFO - chord#: 24 done. best_score=36.0, changed=523, unchanged=394, early_stops=8/8
26 - INFO - chord#: 28 In build_straw_man_chord_sa. tolerance = 1, sa_iterations = 1000, initial_temperature = 3.0, cooling_rate = 0.999
26 - INFO - chord#: 24 done. best_score=36.0, changed=530, unchanged=441, early_stops=8/8
26 - INFO - chord#: 28 In build_straw_man_chord_sa. tolerance = 1, sa_iterations = 1000, initial_temperature = 3.0, cooling_rate = 0.999
26 - INFO - chord#: 22 done. best_score=64.0, changed=605, unchanged=239, early_stops=8/8
26 - INFO - chord#: 24 In build_straw_man_chord_sa. tolerance = 1, sa_iterations = 1000, initial_temperature = 3.0, cooling_rate = 0.999
26 - INFO - chord#: 24 done. best_score=36.0, changed=531, unchanged=445, early_stops=8/8
26 - INFO - chord#: 28 In build_straw_man_chord_sa. tolerance = 1, sa_iterations = 1000, initial_temperature = 3.0, cooling_rate = 0.999
26 - INFO - chord#: 22 done. best_score=71.0, changed=609, unchanged=237, early_stops=8/8
26 - INFO - chord#: 24 In build_straw_man_chord_sa. tolerance = 1, sa_iterations = 1000, initial_temperature = 3.0, cooling_rate = 0.999
26 - INFO - chord#: 28 done. best_score=27.0, changed=520, unchanged=363, early_stops=8/8
26 - INFO - chord#: 32 In build_straw_man_chord_sa. tolerance = 1, sa_iterations = 1000, initial_temperature = 3.0, cooling_rate = 0.999
26 - INFO - chord#: 28 done. best_score=27.0, changed=520, unchanged=403, early_stops=8/8
26 - INFO - chord#: 32 In build_straw_man_chord_sa. tolerance = 1, sa_iterations = 1000, initial_temperature = 3.0, cooling_rate = 0.999
26 - INFO - chord#: 24 done. best_score=36.0, changed=522, unchanged=491, early_stops=8/8
26 - INFO - chord#: 28 In build_straw_man_chord_sa. tolerance = 1, sa_iterations = 1000, initial_temperature = 3.0, cooling_rate = 0.999
26 - INFO - chord#: 28 done. best_score=27.0, changed=530, unchanged=594, early_stops=8/8
26 - INFO - chord#: 32 In build_straw_man_chord_sa. tolerance = 1, sa_iterations = 1000, initial_temperature = 3.0, cooling_rate = 0.999
26 - INFO - chord#: 28 done. best_score=27.0, changed=524, unchanged=511, early_stops=8/8
26 - INFO - chord#: 32 In build_straw_man_chord_sa. tolerance = 1, sa_iterations = 1000, initial_temperature = 3.0, cooling_rate = 0.999
26 - INFO - chord#: 22 done. best_score=146.0, changed=617, unchanged=293, early_stops=8/8
26 - INFO - chord#: 24 In build_straw_man_chord_sa. tolerance = 1, sa_iterations = 1000, initial_temperature = 3.0, cooling_rate = 0.999
26 - INFO - chord#: 22 done. best_score=64.0, changed=610, unchanged=401, early_stops=8/8
26 - INFO - chord#: 24 In build_straw_man_chord_sa. tolerance = 1, sa_iterations = 1000, initial_temperature = 3.0, cooling_rate = 0.999
26 - INFO - chord#: 22 done. best_score=167.0, changed=607, unchanged=206, early_stops=8/8
26 - INFO - chord#: 24 In build_straw_man_chord_sa. tolerance = 1, sa_iterations = 1000, initial_temperature = 3.0, cooling_rate = 0.999
26 - INFO - chord#: 24 done. best_score=36.0, changed=524, unchanged=344, early_stops=8/8
26 - INFO - chord#: 28 In build_straw_man_chord_sa. tolerance = 1, sa_iterations = 1000, initial_temperature = 3.0, cooling_rate = 0.999
26 - INFO - chord#: 28 done. best_score=27.0, changed=531, unchanged=418, early_stops=8/8
26 - INFO - chord#: 32 In build_straw_man_chord_sa. tolerance = 1, sa_iterations = 1000, initial_temperature = 3.0, cooling_rate = 0.999
26 - INFO - chord#: 32 done. best_score=27.0, changed=524, unchanged=354, early_stops=8/8
26 - INFO - chord#: 36 In build_straw_man_chord_sa. tolerance = 1, sa_iterations = 1000, initial_temperature = 3.0, cooling_rate = 0.999
26 - INFO - chord#: 32 done. best_score=27.0, changed=517, unchanged=343, early_stops=8/8
26 - INFO - chord#: 36 In build_straw_man_chord_sa. tolerance = 1, sa_iterations = 1000, initial_temperature = 3.0, cooling_rate = 0.999
26 - INFO - chord#: 22 done. best_score=71.0, changed=608, unchanged=314, early_stops=8/8
26 - INFO - chord#: 24 In build_straw_man_chord_sa. tolerance = 1, sa_iterations = 1000, initial_temperature = 3.0, cooling_rate = 0.999
26 - INFO - chord#: 24 done. best_score=36.0, changed=531, unchanged=486, early_stops=8/8
26 - INFO - chord#: 28 In build_straw_man_chord_sa. tolerance = 1, sa_iterations = 1000, initial_temperature = 3.0, cooling_rate = 0.999
26 - INFO - chord#: 32 done. best_score=27.0, changed=513, unchanged=406, early_stops=8/8
26 - INFO - chord#: 36 In build_straw_man_chord_sa. tolerance = 1, sa_iterations = 1000, initial_temperature = 3.0, cooling_rate = 0.999
26 - INFO - chord#: 32 done. best_score=27.0, changed=529, unchanged=419, early_stops=8/8
26 - INFO - chord#: 36 In build_straw_man_chord_sa. tolerance = 1, sa_iterations = 1000, initial_temperature = 3.0, cooling_rate = 0.999
26 - INFO - chord#: 28 done. best_score=27.0, changed=519, unchanged=427, early_stops=8/8
26 - INFO - chord#: 32 In build_straw_man_chord_sa. tolerance = 1, sa_iterations = 1000, initial_temperature = 3.0, cooling_rate = 0.999
26 - INFO - chord#: 24 done. best_score=36.0, changed=517, unchanged=373, early_stops=8/8
26 - INFO - chord#: 28 In build_straw_man_chord_sa. tolerance = 1, sa_iterations = 1000, initial_temperature = 3.0, cooling_rate = 0.999
26 - INFO - chord#: 36 done. best_score=35.0, changed=518, unchanged=316, early_stops=8/8
26 - INFO - chord#: 38 In build_straw_man_chord_sa. tolerance = 1, sa_iterations = 1000, initial_temperature = 3.0, cooling_rate = 0.999
26 - INFO - chord#: 24 done. best_score=36.0, changed=512, unchanged=353, early_stops=8/8
26 - INFO - chord#: 28 In build_straw_man_chord_sa. tolerance = 1, sa_iterations = 1000, initial_temperature = 3.0, cooling_rate = 0.999
26 - INFO - chord#: 32 done. best_score=27.0, changed=526, unchanged=351, early_stops=8/8
26 - INFO - chord#: 36 In build_straw_man_chord_sa. tolerance = 1, sa_iterations = 1000, initial_temperature = 3.0, cooling_rate = 0.999
26 - INFO - chord#: 36 done. best_score=35.0, changed=535, unchanged=349, early_stops=8/8
26 - INFO - chord#: 38 In build_straw_man_chord_sa. tolerance = 1, sa_iterations = 1000, initial_temperature = 3.0, cooling_rate = 0.999
26 - INFO - chord#: 24 done. best_score=36.0, changed=525, unchanged=411, early_stops=8/8
26 - INFO - chord#: 28 In build_straw_man_chord_sa. tolerance = 1, sa_iterations = 1000, initial_temperature = 3.0, cooling_rate = 0.999
26 - INFO - chord#: 28 done. best_score=27.0, changed=516, unchanged=445, early_stops=8/8
26 - INFO - chord#: 32 In build_straw_man_chord_sa. tolerance = 1, sa_iterations = 1000, initial_temperature = 3.0, cooling_rate = 0.999
26 - INFO - chord#: 36 done. best_score=35.0, changed=526, unchanged=360, early_stops=8/8
26 - INFO - chord#: 38 In build_straw_man_chord_sa. tolerance = 1, sa_iterations = 1000, initial_temperature = 3.0, cooling_rate = 0.999
26 - INFO - chord#: 28 done. best_score=27.0, changed=516, unchanged=321, early_stops=8/8
26 - INFO - chord#: 32 In build_straw_man_chord_sa. tolerance = 1, sa_iterations = 1000, initial_temperature = 3.0, cooling_rate = 0.999
26 - INFO - chord#: 36 done. best_score=35.0, changed=515, unchanged=458, early_stops=8/8
26 - INFO - chord#: 38 In build_straw_man_chord_sa. tolerance = 1, sa_iterations = 1000, initial_temperature = 3.0, cooling_rate = 0.999
26 - INFO - chord#: 24 done. best_score=36.0, changed=525, unchanged=392, early_stops=8/8
26 - INFO - chord#: 28 In build_straw_man_chord_sa. tolerance = 1, sa_iterations = 1000, initial_temperature = 3.0, cooling_rate = 0.999
26 - INFO - chord#: 38 done. best_score=36.0, changed=516, unchanged=393, early_stops=8/8
26 - INFO - chord#: 40 In build_straw_man_chord_sa. tolerance = 1, sa_iterations = 1000, initial_temperature = 3.0, cooling_rate = 0.999
26 - INFO - chord#: 36 done. best_score=35.0, changed=520, unchanged=350, early_stops=8/8
26 - INFO - chord#: 38 In build_straw_man_chord_sa. tolerance = 1, sa_iterations = 1000, initial_temperature = 3.0, cooling_rate = 0.999
26 - INFO - chord#: 32 done. best_score=27.0, changed=523, unchanged=479, early_stops=8/8
26 - INFO - chord#: 36 In build_straw_man_chord_sa. tolerance = 1, sa_iterations = 1000, initial_temperature = 3.0, cooling_rate = 0.999
26 - INFO - chord#: 28 done. best_score=27.0, changed=516, unchanged=350, early_stops=8/8
26 - INFO - chord#: 32 In build_straw_man_chord_sa. tolerance = 1, sa_iterations = 1000, initial_temperature = 3.0, cooling_rate = 0.999
26 - INFO - chord#: 38 done. best_score=36.0, changed=526, unchanged=536, early_stops=8/8
26 - INFO - chord#: 40 In build_straw_man_chord_sa. tolerance = 1, sa_iterations = 1000, initial_temperature = 3.0, cooling_rate = 0.999
26 - INFO - chord#: 38 done. best_score=36.0, changed=520, unchanged=391, early_stops=8/8
26 - INFO - chord#: 40 In build_straw_man_chord_sa. tolerance = 1, sa_iterations = 1000, initial_temperature = 3.0, cooling_rate = 0.999
26 - INFO - chord#: 32 done. best_score=27.0, changed=527, unchanged=405, early_stops=8/8
26 - INFO - chord#: 36 In build_straw_man_chord_sa. tolerance = 1, sa_iterations = 1000, initial_temperature = 3.0, cooling_rate = 0.999
26 - INFO - chord#: 32 done. best_score=27.0, changed=535, unchanged=437, early_stops=8/8
26 - INFO - chord#: 36 In build_straw_man_chord_sa. tolerance = 1, sa_iterations = 1000, initial_temperature = 3.0, cooling_rate = 0.999
26 - INFO - chord#: 28 done. best_score=27.0, changed=518, unchanged=437, early_stops=8/8
26 - INFO - chord#: 38 done. best_score=36.0, changed=529, unchanged=349, early_stops=8/8
26 - INFO - chord#: 32 In build_straw_man_chord_sa. tolerance = 1, sa_iterations = 1000, initial_temperature = 3.0, cooling_rate = 0.999
26 - INFO - chord#: 40 In build_straw_man_chord_sa. tolerance = 1, sa_iterations = 1000, initial_temperature = 3.0, cooling_rate = 0.999
26 - INFO - chord#: 28 done. best_score=27.0, changed=525, unchanged=410, early_stops=8/8
26 - INFO - chord#: 32 In build_straw_man_chord_sa. tolerance = 1, sa_iterations = 1000, initial_temperature = 3.0, cooling_rate = 0.999
26 - INFO - chord#: 40 done. best_score=27.0, changed=516, unchanged=460, early_stops=8/8
26 - INFO - chord#: 42 In build_straw_man_chord_sa. tolerance = 1, sa_iterations = 1000, initial_temperature = 3.0, cooling_rate = 0.999
26 - INFO - chord#: 28 done. best_score=27.0, changed=522, unchanged=374, early_stops=8/8
26 - INFO - chord#: 32 In build_straw_man_chord_sa. tolerance = 1, sa_iterations = 1000, initial_temperature = 3.0, cooling_rate = 0.999
26 - INFO - chord#: 38 done. best_score=36.0, changed=522, unchanged=447, early_stops=8/8
26 - INFO - chord#: 40 In build_straw_man_chord_sa. tolerance = 1, sa_iterations = 1000, initial_temperature = 3.0, cooling_rate = 0.999
26 - INFO - chord#: 40 done. best_score=27.0, changed=515, unchanged=361, early_stops=8/8
26 - INFO - chord#: 42 In build_straw_man_chord_sa. tolerance = 1, sa_iterations = 1000, initial_temperature = 3.0, cooling_rate = 0.999
26 - INFO - chord#: 36 done. best_score=35.0, changed=524, unchanged=414, early_stops=8/8
26 - INFO - chord#: 38 In build_straw_man_chord_sa. tolerance = 1, sa_iterations = 1000, initial_temperature = 3.0, cooling_rate = 0.999
26 - INFO - chord#: 36 done. best_score=35.0, changed=515, unchanged=323, early_stops=8/8
26 - INFO - chord#: 38 In build_straw_man_chord_sa. tolerance = 1, sa_iterations = 1000, initial_temperature = 3.0, cooling_rate = 0.999
26 - INFO - chord#: 32 done. best_score=27.0, changed=533, unchanged=448, early_stops=8/8
26 - INFO - chord#: 36 In build_straw_man_chord_sa. tolerance = 1, sa_iterations = 1000, initial_temperature = 3.0, cooling_rate = 0.999
26 - INFO - chord#: 40 done. best_score=27.0, changed=520, unchanged=470, early_stops=8/8
26 - INFO - chord#: 42 In build_straw_man_chord_sa. tolerance = 1, sa_iterations = 1000, initial_temperature = 3.0, cooling_rate = 0.999
26 - INFO - chord#: 40 done. best_score=27.0, changed=516, unchanged=393, early_stops=8/8
26 - INFO - chord#: 42 In build_straw_man_chord_sa. tolerance = 1, sa_iterations = 1000, initial_temperature = 3.0, cooling_rate = 0.999
26 - INFO - chord#: 36 done. best_score=35.0, changed=524, unchanged=377, early_stops=8/8
26 - INFO - chord#: 38 In build_straw_man_chord_sa. tolerance = 1, sa_iterations = 1000, initial_temperature = 3.0, cooling_rate = 0.999
26 - INFO - chord#: 32 done. best_score=27.0, changed=518, unchanged=466, early_stops=8/8
26 - INFO - chord#: 36 In build_straw_man_chord_sa. tolerance = 1, sa_iterations = 1000, initial_temperature = 3.0, cooling_rate = 0.999
26 - INFO - chord#: 32 done. best_score=27.0, changed=540, unchanged=504, early_stops=8/8
26 - INFO - chord#: 36 In build_straw_man_chord_sa. tolerance = 1, sa_iterations = 1000, initial_temperature = 3.0, cooling_rate = 0.999
26 - INFO - chord#: 40 done. best_score=27.0, changed=518, unchanged=374, early_stops=8/8
26 - INFO - chord#: 42 In build_straw_man_chord_sa. tolerance = 1, sa_iterations = 1000, initial_temperature = 3.0, cooling_rate = 0.999
26 - INFO - chord#: 32 done. best_score=27.0, changed=521, unchanged=361, early_stops=8/8
26 - INFO - chord#: 36 In build_straw_man_chord_sa. tolerance = 1, sa_iterations = 1000, initial_temperature = 3.0, cooling_rate = 0.999
26 - INFO - chord#: 38 done. best_score=36.0, changed=526, unchanged=493, early_stops=8/8
26 - INFO - chord#: 40 In build_straw_man_chord_sa. tolerance = 1, sa_iterations = 1000, initial_temperature = 3.0, cooling_rate = 0.999
26 - INFO - chord#: 36 done. best_score=35.0, changed=520, unchanged=308, early_stops=8/8
26 - INFO - chord#: 38 In build_straw_man_chord_sa. tolerance = 1, sa_iterations = 1000, initial_temperature = 3.0, cooling_rate = 0.999
26 - INFO - chord#: 38 done. best_score=36.0, changed=523, unchanged=478, early_stops=8/8
26 - INFO - chord#: 40 In build_straw_man_chord_sa. tolerance = 1, sa_iterations = 1000, initial_temperature = 3.0, cooling_rate = 0.999
26 - INFO - chord#: 38 done. best_score=36.0, changed=532, unchanged=374, early_stops=8/8
26 - INFO - chord#: 40 In build_straw_man_chord_sa. tolerance = 1, sa_iterations = 1000, initial_temperature = 3.0, cooling_rate = 0.999
26 - INFO - chord#: 36 done. best_score=35.0, changed=528, unchanged=347, early_stops=8/8
26 - INFO - chord#: 38 In build_straw_man_chord_sa. tolerance = 1, sa_iterations = 1000, initial_temperature = 3.0, cooling_rate = 0.999
26 - INFO - chord#: 36 done. best_score=35.0, changed=535, unchanged=349, early_stops=8/8
26 - INFO - chord#: 38 In build_straw_man_chord_sa. tolerance = 1, sa_iterations = 1000, initial_temperature = 3.0, cooling_rate = 0.999
26 - INFO - chord#: 36 done. best_score=35.0, changed=530, unchanged=395, early_stops=8/8
26 - INFO - chord#: 38 In build_straw_man_chord_sa. tolerance = 1, sa_iterations = 1000, initial_temperature = 3.0, cooling_rate = 0.999
26 - INFO - chord#: 40 done. best_score=27.0, changed=516, unchanged=376, early_stops=8/8
26 - INFO - chord#: 42 In build_straw_man_chord_sa. tolerance = 1, sa_iterations = 1000, initial_temperature = 3.0, cooling_rate = 0.999
26 - INFO - chord#: 42 done. best_score=82.0, changed=617, unchanged=356, early_stops=8/8
26 - INFO - chord#: 44 In build_straw_man_chord_sa. tolerance = 1, sa_iterations = 1000, initial_temperature = 3.0, cooling_rate = 0.999
26 - INFO - chord#: 42 done. best_score=82.0, changed=612, unchanged=312, early_stops=8/8
26 - INFO - chord#: 44 In build_straw_man_chord_sa. tolerance = 1, sa_iterations = 1000, initial_temperature = 3.0, cooling_rate = 0.999
26 - INFO - chord#: 42 done. best_score=82.0, changed=617, unchanged=353, early_stops=8/8
26 - INFO - chord#: 44 In build_straw_man_chord_sa. tolerance = 1, sa_iterations = 1000, initial_temperature = 3.0, cooling_rate = 0.999
26 - INFO - chord#: 38 done. best_score=36.0, changed=527, unchanged=380, early_stops=8/8
26 - INFO - chord#: 40 In build_straw_man_chord_sa. tolerance = 1, sa_iterations = 1000, initial_temperature = 3.0, cooling_rate = 0.999
26 - INFO - chord#: 42 done. best_score=82.0, changed=611, unchanged=286, early_stops=8/8
26 - INFO - chord#: 44 In build_straw_man_chord_sa. tolerance = 1, sa_iterations = 1000, initial_temperature = 3.0, cooling_rate = 0.999
26 - INFO - chord#: 42 done. best_score=82.0, changed=608, unchanged=230, early_stops=8/8
26 - INFO - chord#: 44 In build_straw_man_chord_sa. tolerance = 1, sa_iterations = 1000, initial_temperature = 3.0, cooling_rate = 0.999
26 - INFO - chord#: 40 done. best_score=27.0, changed=518, unchanged=343, early_stops=8/8
26 - INFO - chord#: 42 In build_straw_man_chord_sa. tolerance = 1, sa_iterations = 1000, initial_temperature = 3.0, cooling_rate = 0.999
26 - INFO - chord#: 38 done. best_score=36.0, changed=521, unchanged=329, early_stops=8/8
26 - INFO - chord#: 40 In build_straw_man_chord_sa. tolerance = 1, sa_iterations = 1000, initial_temperature = 3.0, cooling_rate = 0.999
26 - INFO - chord#: 38 done. best_score=36.0, changed=524, unchanged=318, early_stops=8/8
26 - INFO - chord#: 40 In build_straw_man_chord_sa. tolerance = 1, sa_iterations = 1000, initial_temperature = 3.0, cooling_rate = 0.999
26 - INFO - chord#: 40 done. best_score=27.0, changed=528, unchanged=540, early_stops=8/8
26 - INFO - chord#: 42 In build_straw_man_chord_sa. tolerance = 1, sa_iterations = 1000, initial_temperature = 3.0, cooling_rate = 0.999
26 - INFO - chord#: 44 done. best_score=27.0, changed=527, unchanged=332, early_stops=8/8
26 - INFO - chord#: 48 In build_straw_man_chord_sa. tolerance = 1, sa_iterations = 1000, initial_temperature = 3.0, cooling_rate = 0.999
26 - INFO - chord#: 38 done. best_score=36.0, changed=523, unchanged=327, early_stops=8/8
26 - INFO - chord#: 40 In build_straw_man_chord_sa. tolerance = 1, sa_iterations = 1000, initial_temperature = 3.0, cooling_rate = 0.999
26 - INFO - chord#: 44 done. best_score=27.0, changed=519, unchanged=349, early_stops=8/8
26 - INFO - chord#: 48 In build_straw_man_chord_sa. tolerance = 1, sa_iterations = 1000, initial_temperature = 3.0, cooling_rate = 0.999
26 - INFO - chord#: 44 done. best_score=57.0, changed=520, unchanged=381, early_stops=8/8
26 - INFO - chord#: 48 In build_straw_man_chord_sa. tolerance = 1, sa_iterations = 1000, initial_temperature = 3.0, cooling_rate = 0.999
26 - INFO - chord#: 44 done. best_score=27.0, changed=524, unchanged=443, early_stops=8/8
26 - INFO - chord#: 48 In build_straw_man_chord_sa. tolerance = 1, sa_iterations = 1000, initial_temperature = 3.0, cooling_rate = 0.999
26 - INFO - chord#: 40 done. best_score=27.0, changed=517, unchanged=411, early_stops=8/8
26 - INFO - chord#: 42 In build_straw_man_chord_sa. tolerance = 1, sa_iterations = 1000, initial_temperature = 3.0, cooling_rate = 0.999
26 - INFO - chord#: 44 done. best_score=27.0, changed=527, unchanged=532, early_stops=8/8
26 - INFO - chord#: 48 In build_straw_man_chord_sa. tolerance = 1, sa_iterations = 1000, initial_temperature = 3.0, cooling_rate = 0.999
26 - INFO - chord#: 40 done. best_score=27.0, changed=523, unchanged=352, early_stops=8/8
26 - INFO - chord#: 42 In build_straw_man_chord_sa. tolerance = 1, sa_iterations = 1000, initial_temperature = 3.0, cooling_rate = 0.999
26 - INFO - chord#: 48 done. best_score=27.0, changed=519, unchanged=433, early_stops=8/8
26 - INFO - chord#: 50 In build_straw_man_chord_sa. tolerance = 1, sa_iterations = 1000, initial_temperature = 3.0, cooling_rate = 0.999
26 - INFO - chord#: 40 done. best_score=27.0, changed=523, unchanged=437, early_stops=8/8
26 - INFO - chord#: 42 In build_straw_man_chord_sa. tolerance = 1, sa_iterations = 1000, initial_temperature = 3.0, cooling_rate = 0.999
26 - INFO - chord#: 48 done. best_score=27.0, changed=527, unchanged=333, early_stops=8/8
26 - INFO - chord#: 50 In build_straw_man_chord_sa. tolerance = 1, sa_iterations = 1000, initial_temperature = 3.0, cooling_rate = 0.999
26 - INFO - chord#: 42 done. best_score=82.0, changed=619, unchanged=334, early_stops=8/8
26 - INFO - chord#: 44 In build_straw_man_chord_sa. tolerance = 1, sa_iterations = 1000, initial_temperature = 3.0, cooling_rate = 0.999
26 - INFO - chord#: 48 done. best_score=27.0, changed=528, unchanged=407, early_stops=8/8
26 - INFO - chord#: 50 In build_straw_man_chord_sa. tolerance = 1, sa_iterations = 1000, initial_temperature = 3.0, cooling_rate = 0.999
26 - INFO - chord#: 48 done. best_score=27.0, changed=533, unchanged=425, early_stops=8/8
26 - INFO - chord#: 50 In build_straw_man_chord_sa. tolerance = 1, sa_iterations = 1000, initial_temperature = 3.0, cooling_rate = 0.999
26 - INFO - chord#: 48 done. best_score=27.0, changed=525, unchanged=393, early_stops=8/8
26 - INFO - chord#: 50 In build_straw_man_chord_sa. tolerance = 1, sa_iterations = 1000, initial_temperature = 3.0, cooling_rate = 0.999
26 - INFO - chord#: 40 done. best_score=27.0, changed=525, unchanged=570, early_stops=8/8
26 - INFO - chord#: 42 In build_straw_man_chord_sa. tolerance = 1, sa_iterations = 1000, initial_temperature = 3.0, cooling_rate = 0.999
26 - INFO - chord#: 50 done. best_score=31.0, changed=549, unchanged=388, early_stops=8/8
26 - INFO - chord#: 52 In build_straw_man_chord_sa. tolerance = 1, sa_iterations = 1000, initial_temperature = 3.0, cooling_rate = 0.999
26 - INFO - chord#: 50 done. best_score=31.0, changed=529, unchanged=316, early_stops=8/8
26 - INFO - chord#: 52 In build_straw_man_chord_sa. tolerance = 1, sa_iterations = 1000, initial_temperature = 3.0, cooling_rate = 0.999
26 - INFO - chord#: 50 done. best_score=31.0, changed=521, unchanged=300, early_stops=8/8
26 - INFO - chord#: 52 In build_straw_man_chord_sa. tolerance = 1, sa_iterations = 1000, initial_temperature = 3.0, cooling_rate = 0.999
26 - INFO - chord#: 50 done. best_score=31.0, changed=520, unchanged=306, early_stops=8/8
26 - INFO - chord#: 52 In build_straw_man_chord_sa. tolerance = 1, sa_iterations = 1000, initial_temperature = 3.0, cooling_rate = 0.999
26 - INFO - chord#: 42 done. best_score=82.0, changed=609, unchanged=246, early_stops=8/8
26 - INFO - chord#: 44 In build_straw_man_chord_sa. tolerance = 1, sa_iterations = 1000, initial_temperature = 3.0, cooling_rate = 0.999
26 - INFO - chord#: 44 done. best_score=27.0, changed=521, unchanged=360, early_stops=8/8
26 - INFO - chord#: 48 In build_straw_man_chord_sa. tolerance = 1, sa_iterations = 1000, initial_temperature = 3.0, cooling_rate = 0.999
26 - INFO - chord#: 50 done. best_score=31.0, changed=522, unchanged=290, early_stops=8/8
26 - INFO - chord#: 52 In build_straw_man_chord_sa. tolerance = 1, sa_iterations = 1000, initial_temperature = 3.0, cooling_rate = 0.999
26 - INFO - chord#: 42 done. best_score=82.0, changed=611, unchanged=375, early_stops=8/8
26 - INFO - chord#: 44 In build_straw_man_chord_sa. tolerance = 1, sa_iterations = 1000, initial_temperature = 3.0, cooling_rate = 0.999
26 - INFO - chord#: 48 done. best_score=27.0, changed=520, unchanged=389, early_stops=8/8
26 - INFO - chord#: 50 In build_straw_man_chord_sa. tolerance = 1, sa_iterations = 1000, initial_temperature = 3.0, cooling_rate = 0.999
26 - INFO - chord#: 42 done. best_score=82.0, changed=608, unchanged=326, early_stops=8/8
26 - INFO - chord#: 44 In build_straw_man_chord_sa. tolerance = 1, sa_iterations = 1000, initial_temperature = 3.0, cooling_rate = 0.999
26 - INFO - chord#: 44 done. best_score=27.0, changed=532, unchanged=465, early_stops=8/8
26 - INFO - chord#: 48 In build_straw_man_chord_sa. tolerance = 1, sa_iterations = 1000, initial_temperature = 3.0, cooling_rate = 0.999
26 - INFO - chord#: 44 done. best_score=27.0, changed=514, unchanged=329, early_stops=8/8
26 - INFO - chord#: 48 In build_straw_man_chord_sa. tolerance = 1, sa_iterations = 1000, initial_temperature = 3.0, cooling_rate = 0.999
26 - INFO - chord#: 52 done. best_score=146.0, changed=607, unchanged=230, early_stops=8/8
26 - INFO - chord#: 56 In build_straw_man_chord_sa. tolerance = 1, sa_iterations = 1000, initial_temperature = 3.0, cooling_rate = 0.999
26 - INFO - chord#: 42 done. best_score=82.0, changed=614, unchanged=384, early_stops=8/8
26 - INFO - chord#: 44 In build_straw_man_chord_sa. tolerance = 1, sa_iterations = 1000, initial_temperature = 3.0, cooling_rate = 0.999
26 - INFO - chord#: 52 done. best_score=190.0, changed=609, unchanged=272, early_stops=8/8
26 - INFO - chord#: 56 In build_straw_man_chord_sa. tolerance = 1, sa_iterations = 1000, initial_temperature = 3.0, cooling_rate = 0.999
26 - INFO - chord#: 42 done. best_score=82.0, changed=612, unchanged=421, early_stops=8/8
26 - INFO - chord#: 50 done. best_score=31.0, changed=530, unchanged=324, early_stops=8/8
26 - INFO - chord#: 44 In build_straw_man_chord_sa. tolerance = 1, sa_iterations = 1000, initial_temperature = 3.0, cooling_rate = 0.999
26 - INFO - chord#: 52 In build_straw_man_chord_sa. tolerance = 1, sa_iterations = 1000, initial_temperature = 3.0, cooling_rate = 0.999
26 - INFO - chord#: 52 done. best_score=64.0, changed=607, unchanged=271, early_stops=8/8
26 - INFO - chord#: 56 In build_straw_man_chord_sa. tolerance = 1, sa_iterations = 1000, initial_temperature = 3.0, cooling_rate = 0.999
26 - INFO - chord#: 52 done. best_score=64.0, changed=614, unchanged=291, early_stops=8/8
26 - INFO - chord#: 56 In build_straw_man_chord_sa. tolerance = 1, sa_iterations = 1000, initial_temperature = 3.0, cooling_rate = 0.999
26 - INFO - chord#: 52 done. best_score=64.0, changed=616, unchanged=371, early_stops=8/8
26 - INFO - chord#: 56 In build_straw_man_chord_sa. tolerance = 1, sa_iterations = 1000, initial_temperature = 3.0, cooling_rate = 0.999
26 - INFO - chord#: 44 done. best_score=27.0, changed=521, unchanged=431, early_stops=8/8
26 - INFO - chord#: 48 In build_straw_man_chord_sa. tolerance = 1, sa_iterations = 1000, initial_temperature = 3.0, cooling_rate = 0.999
26 - INFO - chord#: 48 done. best_score=27.0, changed=517, unchanged=311, early_stops=8/8
26 - INFO - chord#: 50 In build_straw_man_chord_sa. tolerance = 1, sa_iterations = 1000, initial_temperature = 3.0, cooling_rate = 0.999
26 - INFO - chord#: 48 done. best_score=27.0, changed=519, unchanged=314, early_stops=8/8
26 - INFO - chord#: 50 In build_straw_man_chord_sa. tolerance = 1, sa_iterations = 1000, initial_temperature = 3.0, cooling_rate = 0.999
26 - INFO - chord#: 56 done. best_score=27.0, changed=516, unchanged=419, early_stops=8/8
26 - INFO - chord#: 58 In build_straw_man_chord_sa. tolerance = 1, sa_iterations = 1000, initial_temperature = 3.0, cooling_rate = 0.999
26 - INFO - chord#: 42 done. best_score=82.0, changed=616, unchanged=473, early_stops=8/8
26 - INFO - chord#: 44 In build_straw_man_chord_sa. tolerance = 1, sa_iterations = 1000, initial_temperature = 3.0, cooling_rate = 0.999
26 - INFO - chord#: 56 done. best_score=27.0, changed=533, unchanged=395, early_stops=8/8
26 - INFO - chord#: 58 In build_straw_man_chord_sa. tolerance = 1, sa_iterations = 1000, initial_temperature = 3.0, cooling_rate = 0.999
26 - INFO - chord#: 44 done. best_score=27.0, changed=528, unchanged=491, early_stops=8/8
26 - INFO - chord#: 48 In build_straw_man_chord_sa. tolerance = 1, sa_iterations = 1000, initial_temperature = 3.0, cooling_rate = 0.999
26 - INFO - chord#: 56 done. best_score=27.0, changed=521, unchanged=463, early_stops=8/8
26 - INFO - chord#: 58 In build_straw_man_chord_sa. tolerance = 1, sa_iterations = 1000, initial_temperature = 3.0, cooling_rate = 0.999
26 - INFO - chord#: 44 done. best_score=27.0, changed=521, unchanged=433, early_stops=8/8
26 - INFO - chord#: 48 In build_straw_man_chord_sa. tolerance = 1, sa_iterations = 1000, initial_temperature = 3.0, cooling_rate = 0.999
26 - INFO - chord#: 56 done. best_score=27.0, changed=519, unchanged=386, early_stops=8/8
26 - INFO - chord#: 58 In build_straw_man_chord_sa. tolerance = 1, sa_iterations = 1000, initial_temperature = 3.0, cooling_rate = 0.999
26 - INFO - chord#: 56 done. best_score=27.0, changed=523, unchanged=477, early_stops=8/8
26 - INFO - chord#: 58 In build_straw_man_chord_sa. tolerance = 1, sa_iterations = 1000, initial_temperature = 3.0, cooling_rate = 0.999
26 - INFO - chord#: 50 done. best_score=31.0, changed=531, unchanged=297, early_stops=8/8
26 - INFO - chord#: 52 In build_straw_man_chord_sa. tolerance = 1, sa_iterations = 1000, initial_temperature = 3.0, cooling_rate = 0.999
26 - INFO - chord#: 50 done. best_score=31.0, changed=530, unchanged=323, early_stops=8/8
26 - INFO - chord#: 52 In build_straw_man_chord_sa. tolerance = 1, sa_iterations = 1000, initial_temperature = 3.0, cooling_rate = 0.999
26 - INFO - chord#: 48 done. best_score=27.0, changed=517, unchanged=425, early_stops=8/8
26 - INFO - chord#: 50 In build_straw_man_chord_sa. tolerance = 1, sa_iterations = 1000, initial_temperature = 3.0, cooling_rate = 0.999
26 - INFO - chord#: 52 done. best_score=64.0, changed=606, unchanged=260, early_stops=8/8
26 - INFO - chord#: 56 In build_straw_man_chord_sa. tolerance = 1, sa_iterations = 1000, initial_temperature = 3.0, cooling_rate = 0.999
26 - INFO - chord#: 44 done. best_score=27.0, changed=520, unchanged=451, early_stops=8/8
26 - INFO - chord#: 48 In build_straw_man_chord_sa. tolerance = 1, sa_iterations = 1000, initial_temperature = 3.0, cooling_rate = 0.999
26 - INFO - chord#: 48 done. best_score=36.0, changed=517, unchanged=362, early_stops=8/8
26 - INFO - chord#: 50 In build_straw_man_chord_sa. tolerance = 1, sa_iterations = 1000, initial_temperature = 3.0, cooling_rate = 0.999
26 - INFO - chord#: 48 done. best_score=27.0, changed=527, unchanged=393, early_stops=8/8
26 - INFO - chord#: 50 In build_straw_man_chord_sa. tolerance = 1, sa_iterations = 1000, initial_temperature = 3.0, cooling_rate = 0.999
26 - INFO - chord#: 50 done. best_score=31.0, changed=521, unchanged=299, early_stops=8/8
26 - INFO - chord#: 52 In build_straw_man_chord_sa. tolerance = 1, sa_iterations = 1000, initial_temperature = 3.0, cooling_rate = 0.999
26 - INFO - chord#: 56 done. best_score=27.0, changed=519, unchanged=342, early_stops=8/8
26 - INFO - chord#: 58 In build_straw_man_chord_sa. tolerance = 1, sa_iterations = 1000, initial_temperature = 3.0, cooling_rate = 0.999
26 - INFO - chord#: 58 done. best_score=145.0, changed=613, unchanged=332, early_stops=8/8
26 - INFO - chord#: 60 In build_straw_man_chord_sa. tolerance = 1, sa_iterations = 1000, initial_temperature = 3.0, cooling_rate = 0.999
26 - INFO - chord#: 48 done. best_score=27.0, changed=521, unchanged=426, early_stops=8/8
26 - INFO - chord#: 50 In build_straw_man_chord_sa. tolerance = 1, sa_iterations = 1000, initial_temperature = 3.0, cooling_rate = 0.999
26 - INFO - chord#: 58 done. best_score=67.0, changed=616, unchanged=356, early_stops=8/8
26 - INFO - chord#: 60 In build_straw_man_chord_sa. tolerance = 1, sa_iterations = 1000, initial_temperature = 3.0, cooling_rate = 0.999
26 - INFO - chord#: 50 done. best_score=49.0, changed=544, unchanged=308, early_stops=8/8
26 - INFO - chord#: 52 In build_straw_man_chord_sa. tolerance = 1, sa_iterations = 1000, initial_temperature = 3.0, cooling_rate = 0.999
26 - INFO - chord#: 58 done. best_score=67.0, changed=611, unchanged=304, early_stops=8/8
26 - INFO - chord#: 60 In build_straw_man_chord_sa. tolerance = 1, sa_iterations = 1000, initial_temperature = 3.0, cooling_rate = 0.999
26 - INFO - chord#: 58 done. best_score=67.0, changed=614, unchanged=275, early_stops=8/8
26 - INFO - chord#: 60 In build_straw_man_chord_sa. tolerance = 1, sa_iterations = 1000, initial_temperature = 3.0, cooling_rate = 0.999
26 - INFO - chord#: 50 done. best_score=31.0, changed=533, unchanged=343, early_stops=8/8
26 - INFO - chord#: 52 In build_straw_man_chord_sa. tolerance = 1, sa_iterations = 1000, initial_temperature = 3.0, cooling_rate = 0.999
26 - INFO - chord#: 58 done. best_score=67.0, changed=610, unchanged=336, early_stops=8/8
26 - INFO - chord#: 60 In build_straw_man_chord_sa. tolerance = 1, sa_iterations = 1000, initial_temperature = 3.0, cooling_rate = 0.999
26 - INFO - chord#: 60 done. best_score=27.0, changed=528, unchanged=374, early_stops=8/8
26 - INFO - chord#: 64 In build_straw_man_chord_sa. tolerance = 1, sa_iterations = 1000, initial_temperature = 3.0, cooling_rate = 0.999
26 - INFO - chord#: 60 done. best_score=27.0, changed=528, unchanged=415, early_stops=8/8
26 - INFO - chord#: 64 In build_straw_man_chord_sa. tolerance = 1, sa_iterations = 1000, initial_temperature = 3.0, cooling_rate = 0.999
26 - INFO - chord#: 50 done. best_score=31.0, changed=526, unchanged=319, early_stops=8/8
26 - INFO - chord#: 52 In build_straw_man_chord_sa. tolerance = 1, sa_iterations = 1000, initial_temperature = 3.0, cooling_rate = 0.999
26 - INFO - chord#: 52 done. best_score=157.0, changed=611, unchanged=230, early_stops=8/8
26 - INFO - chord#: 56 In build_straw_man_chord_sa. tolerance = 1, sa_iterations = 1000, initial_temperature = 3.0, cooling_rate = 0.999
26 - INFO - chord#: 60 done. best_score=27.0, changed=519, unchanged=427, early_stops=8/8
26 - INFO - chord#: 64 In build_straw_man_chord_sa. tolerance = 1, sa_iterations = 1000, initial_temperature = 3.0, cooling_rate = 0.999
26 - INFO - chord#: 60 done. best_score=27.0, changed=522, unchanged=481, early_stops=8/8
26 - INFO - chord#: 64 In build_straw_man_chord_sa. tolerance = 1, sa_iterations = 1000, initial_temperature = 3.0, cooling_rate = 0.999
26 - INFO - chord#: 60 done. best_score=27.0, changed=526, unchanged=460, early_stops=8/8
26 - INFO - chord#: 64 In build_straw_man_chord_sa. tolerance = 1, sa_iterations = 1000, initial_temperature = 3.0, cooling_rate = 0.999
26 - INFO - chord#: 52 done. best_score=64.0, changed=616, unchanged=365, early_stops=8/8
26 - INFO - chord#: 56 In build_straw_man_chord_sa. tolerance = 1, sa_iterations = 1000, initial_temperature = 3.0, cooling_rate = 0.999
26 - INFO - chord#: 64 done. best_score=27.0, changed=524, unchanged=423, early_stops=8/8
26 - INFO - chord#: 68 In build_straw_man_chord_sa. tolerance = 1, sa_iterations = 1000, initial_temperature = 3.0, cooling_rate = 0.999
26 - INFO - chord#: 64 done. best_score=27.0, changed=519, unchanged=354, early_stops=8/8
26 - INFO - chord#: 68 In build_straw_man_chord_sa. tolerance = 1, sa_iterations = 1000, initial_temperature = 3.0, cooling_rate = 0.999
26 - INFO - chord#: 58 done. best_score=67.0, changed=613, unchanged=268, early_stops=8/8
26 - INFO - chord#: 60 In build_straw_man_chord_sa. tolerance = 1, sa_iterations = 1000, initial_temperature = 3.0, cooling_rate = 0.999
26 - INFO - chord#: 64 done. best_score=27.0, changed=523, unchanged=402, early_stops=8/8
26 - INFO - chord#: 68 In build_straw_man_chord_sa. tolerance = 1, sa_iterations = 1000, initial_temperature = 3.0, cooling_rate = 0.999
26 - INFO - chord#: 52 done. best_score=71.0, changed=613, unchanged=261, early_stops=8/8
26 - INFO - chord#: 56 In build_straw_man_chord_sa. tolerance = 1, sa_iterations = 1000, initial_temperature = 3.0, cooling_rate = 0.999
26 - INFO - chord#: 64 done. best_score=27.0, changed=527, unchanged=358, early_stops=8/8
26 - INFO - chord#: 68 In build_straw_man_chord_sa. tolerance = 1, sa_iterations = 1000, initial_temperature = 3.0, cooling_rate = 0.999
26 - INFO - chord#: 64 done. best_score=27.0, changed=528, unchanged=320, early_stops=8/8
26 - INFO - chord#: 68 In build_straw_man_chord_sa. tolerance = 1, sa_iterations = 1000, initial_temperature = 3.0, cooling_rate = 0.999
26 - INFO - chord#: 56 done. best_score=27.0, changed=523, unchanged=498, early_stops=8/8
26 - INFO - chord#: 58 In build_straw_man_chord_sa. tolerance = 1, sa_iterations = 1000, initial_temperature = 3.0, cooling_rate = 0.999
26 - INFO - chord#: 68 done. best_score=36.0, changed=531, unchanged=490, early_stops=8/8
26 - INFO - chord#: 72 In build_straw_man_chord_sa. tolerance = 1, sa_iterations = 1000, initial_temperature = 3.0, cooling_rate = 0.999
26 - INFO - chord#: 52 done. best_score=71.0, changed=610, unchanged=402, early_stops=8/8
26 - INFO - chord#: 68 done. best_score=36.0, changed=516, unchanged=335, early_stops=8/8
26 - INFO - chord#: 56 In build_straw_man_chord_sa. tolerance = 1, sa_iterations = 1000, initial_temperature = 3.0, cooling_rate = 0.999
26 - INFO - chord#: 72 In build_straw_man_chord_sa. tolerance = 1, sa_iterations = 1000, initial_temperature = 3.0, cooling_rate = 0.999
26 - INFO - chord#: 60 done. best_score=27.0, changed=528, unchanged=390, early_stops=8/8
26 - INFO - chord#: 64 In build_straw_man_chord_sa. tolerance = 1, sa_iterations = 1000, initial_temperature = 3.0, cooling_rate = 0.999
26 - INFO - chord#: 68 done. best_score=36.0, changed=531, unchanged=371, early_stops=8/8
26 - INFO - chord#: 72 In build_straw_man_chord_sa. tolerance = 1, sa_iterations = 1000, initial_temperature = 3.0, cooling_rate = 0.999
26 - INFO - chord#: 56 done. best_score=27.0, changed=527, unchanged=497, early_stops=8/8
26 - INFO - chord#: 58 In build_straw_man_chord_sa. tolerance = 1, sa_iterations = 1000, initial_temperature = 3.0, cooling_rate = 0.999
26 - INFO - chord#: 52 done. best_score=64.0, changed=609, unchanged=334, early_stops=8/8
26 - INFO - chord#: 56 In build_straw_man_chord_sa. tolerance = 1, sa_iterations = 1000, initial_temperature = 3.0, cooling_rate = 0.999
26 - INFO - chord#: 68 done. best_score=36.0, changed=524, unchanged=417, early_stops=8/8
26 - INFO - chord#: 72 In build_straw_man_chord_sa. tolerance = 1, sa_iterations = 1000, initial_temperature = 3.0, cooling_rate = 0.999
26 - INFO - chord#: 56 done. best_score=27.0, changed=518, unchanged=373, early_stops=8/8
26 - INFO - chord#: 58 In build_straw_man_chord_sa. tolerance = 1, sa_iterations = 1000, initial_temperature = 3.0, cooling_rate = 0.999
26 - INFO - chord#: 68 done. best_score=36.0, changed=522, unchanged=421, early_stops=8/8
26 - INFO - chord#: 72 In build_straw_man_chord_sa. tolerance = 1, sa_iterations = 1000, initial_temperature = 3.0, cooling_rate = 0.999
26 - INFO - chord#: 72 done. best_score=27.0, changed=518, unchanged=357, early_stops=8/8
26 - INFO - chord#: 76 In build_straw_man_chord_sa. tolerance = 1, sa_iterations = 1000, initial_temperature = 3.0, cooling_rate = 0.999
26 - INFO - chord#: 64 done. best_score=27.0, changed=518, unchanged=324, early_stops=8/8
26 - INFO - chord#: 68 In build_straw_man_chord_sa. tolerance = 1, sa_iterations = 1000, initial_temperature = 3.0, cooling_rate = 0.999
26 - INFO - chord#: 56 done. best_score=27.0, changed=512, unchanged=313, early_stops=8/8
26 - INFO - chord#: 58 In build_straw_man_chord_sa. tolerance = 1, sa_iterations = 1000, initial_temperature = 3.0, cooling_rate = 0.999
26 - INFO - chord#: 52 done. best_score=71.0, changed=611, unchanged=338, early_stops=8/8
26 - INFO - chord#: 56 In build_straw_man_chord_sa. tolerance = 1, sa_iterations = 1000, initial_temperature = 3.0, cooling_rate = 0.999
26 - INFO - chord#: 72 done. best_score=36.0, changed=519, unchanged=425, early_stops=8/8
26 - INFO - chord#: 76 In build_straw_man_chord_sa. tolerance = 1, sa_iterations = 1000, initial_temperature = 3.0, cooling_rate = 0.999
26 - INFO - chord#: 72 done. best_score=27.0, changed=530, unchanged=612, early_stops=8/8
26 - INFO - chord#: 76 In build_straw_man_chord_sa. tolerance = 1, sa_iterations = 1000, initial_temperature = 3.0, cooling_rate = 0.999
26 - INFO - chord#: 72 done. best_score=27.0, changed=517, unchanged=483, early_stops=8/8
26 - INFO - chord#: 76 In build_straw_man_chord_sa. tolerance = 1, sa_iterations = 1000, initial_temperature = 3.0, cooling_rate = 0.999
26 - INFO - chord#: 76 done. best_score=27.0, changed=526, unchanged=416, early_stops=8/8
26 - INFO - chord#: 84 In build_straw_man_chord_sa. tolerance = 1, sa_iterations = 1000, initial_temperature = 3.0, cooling_rate = 0.999
26 - INFO - chord#: 72 done. best_score=27.0, changed=519, unchanged=409, early_stops=8/8
26 - INFO - chord#: 76 In build_straw_man_chord_sa. tolerance = 1, sa_iterations = 1000, initial_temperature = 3.0, cooling_rate = 0.999
26 - INFO - chord#: 56 done. best_score=27.0, changed=520, unchanged=454, early_stops=8/8
26 - INFO - chord#: 58 In build_straw_man_chord_sa. tolerance = 1, sa_iterations = 1000, initial_temperature = 3.0, cooling_rate = 0.999
26 - INFO - chord#: 68 done. best_score=36.0, changed=534, unchanged=411, early_stops=8/8
26 - INFO - chord#: 72 In build_straw_man_chord_sa. tolerance = 1, sa_iterations = 1000, initial_temperature = 3.0, cooling_rate = 0.999
26 - INFO - chord#: 76 done. best_score=27.0, changed=514, unchanged=439, early_stops=8/8
26 - INFO - chord#: 84 In build_straw_man_chord_sa. tolerance = 1, sa_iterations = 1000, initial_temperature = 3.0, cooling_rate = 0.999
26 - INFO - chord#: 76 done. best_score=27.0, changed=526, unchanged=442, early_stops=8/8
26 - INFO - chord#: 84 In build_straw_man_chord_sa. tolerance = 1, sa_iterations = 1000, initial_temperature = 3.0, cooling_rate = 0.999
26 - INFO - chord#: 56 done. best_score=27.0, changed=516, unchanged=390, early_stops=8/8
26 - INFO - chord#: 58 In build_straw_man_chord_sa. tolerance = 1, sa_iterations = 1000, initial_temperature = 3.0, cooling_rate = 0.999
26 - INFO - chord#: 58 done. best_score=67.0, changed=614, unchanged=300, early_stops=8/8
26 - INFO - chord#: 60 In build_straw_man_chord_sa. tolerance = 1, sa_iterations = 1000, initial_temperature = 3.0, cooling_rate = 0.999
26 - INFO - chord#: 84 done. best_score=27.0, changed=508, unchanged=301, early_stops=8/8
26 - INFO - chord#: 86 In build_straw_man_chord_sa. tolerance = 1, sa_iterations = 1000, initial_temperature = 3.0, cooling_rate = 0.999
26 - INFO - chord#: 76 done. best_score=27.0, changed=528, unchanged=481, early_stops=8/8
26 - INFO - chord#: 84 In build_straw_man_chord_sa. tolerance = 1, sa_iterations = 1000, initial_temperature = 3.0, cooling_rate = 0.999
26 - INFO - chord#: 58 done. best_score=195.0, changed=611, unchanged=239, early_stops=8/8
26 - INFO - chord#: 60 In build_straw_man_chord_sa. tolerance = 1, sa_iterations = 1000, initial_temperature = 3.0, cooling_rate = 0.999
26 - INFO - chord#: 72 done. best_score=27.0, changed=528, unchanged=432, early_stops=8/8
26 - INFO - chord#: 76 In build_straw_man_chord_sa. tolerance = 1, sa_iterations = 1000, initial_temperature = 3.0, cooling_rate = 0.999
26 - INFO - chord#: 76 done. best_score=27.0, changed=534, unchanged=545, early_stops=8/8
26 - INFO - chord#: 84 In build_straw_man_chord_sa. tolerance = 1, sa_iterations = 1000, initial_temperature = 3.0, cooling_rate = 0.999
26 - INFO - chord#: 58 done. best_score=67.0, changed=612, unchanged=263, early_stops=8/8
26 - INFO - chord#: 60 In build_straw_man_chord_sa. tolerance = 1, sa_iterations = 1000, initial_temperature = 3.0, cooling_rate = 0.999
26 - INFO - chord#: 84 done. best_score=27.0, changed=527, unchanged=386, early_stops=8/8
26 - INFO - chord#: 86 In build_straw_man_chord_sa. tolerance = 1, sa_iterations = 1000, initial_temperature = 3.0, cooling_rate = 0.999
26 - INFO - chord#: 84 done. best_score=27.0, changed=525, unchanged=365, early_stops=8/8
26 - INFO - chord#: 86 In build_straw_man_chord_sa. tolerance = 1, sa_iterations = 1000, initial_temperature = 3.0, cooling_rate = 0.999
26 - INFO - chord#: 84 done. best_score=27.0, changed=528, unchanged=364, early_stops=8/8
26 - INFO - chord#: 86 In build_straw_man_chord_sa. tolerance = 1, sa_iterations = 1000, initial_temperature = 3.0, cooling_rate = 0.999
26 - INFO - chord#: 60 done. best_score=27.0, changed=528, unchanged=450, early_stops=8/8
26 - INFO - chord#: 76 done. best_score=27.0, changed=527, unchanged=359, early_stops=8/8
26 - INFO - chord#: 64 In build_straw_man_chord_sa. tolerance = 1, sa_iterations = 1000, initial_temperature = 3.0, cooling_rate = 0.999
26 - INFO - chord#: 84 In build_straw_man_chord_sa. tolerance = 1, sa_iterations = 1000, initial_temperature = 3.0, cooling_rate = 0.999
26 - INFO - chord#: 60 done. best_score=27.0, changed=522, unchanged=436, early_stops=8/8
26 - INFO - chord#: 64 In build_straw_man_chord_sa. tolerance = 1, sa_iterations = 1000, initial_temperature = 3.0, cooling_rate = 0.999
26 - INFO - chord#: 58 done. best_score=67.0, changed=606, unchanged=260, early_stops=8/8
26 - INFO - chord#: 60 In build_straw_man_chord_sa. tolerance = 1, sa_iterations = 1000, initial_temperature = 3.0, cooling_rate = 0.999
26 - INFO - chord#: 60 done. best_score=27.0, changed=526, unchanged=327, early_stops=8/8
26 - INFO - chord#: 64 In build_straw_man_chord_sa. tolerance = 1, sa_iterations = 1000, initial_temperature = 3.0, cooling_rate = 0.999
26 - INFO - chord#: 84 done. best_score=27.0, changed=526, unchanged=444, early_stops=8/8
26 - INFO - chord#: 86 In build_straw_man_chord_sa. tolerance = 1, sa_iterations = 1000, initial_temperature = 3.0, cooling_rate = 0.999
26 - INFO - chord#: 58 done. best_score=137.0, changed=611, unchanged=451, early_stops=8/8
26 - INFO - chord#: 60 In build_straw_man_chord_sa. tolerance = 1, sa_iterations = 1000, initial_temperature = 3.0, cooling_rate = 0.999
26 - INFO - chord#: 64 done. best_score=27.0, changed=529, unchanged=410, early_stops=8/8
26 - INFO - chord#: 68 In build_straw_man_chord_sa. tolerance = 1, sa_iterations = 1000, initial_temperature = 3.0, cooling_rate = 0.999
26 - INFO - chord#: 60 done. best_score=27.0, changed=517, unchanged=322, early_stops=8/8
26 - INFO - chord#: 64 In build_straw_man_chord_sa. tolerance = 1, sa_iterations = 1000, initial_temperature = 3.0, cooling_rate = 0.999
26 - INFO - chord#: 84 done. best_score=27.0, changed=528, unchanged=466, early_stops=8/8
26 - INFO - chord#: 86 In build_straw_man_chord_sa. tolerance = 1, sa_iterations = 1000, initial_temperature = 3.0, cooling_rate = 0.999
26 - INFO - chord#: 64 done. best_score=27.0, changed=520, unchanged=367, early_stops=8/8
26 - INFO - chord#: 68 In build_straw_man_chord_sa. tolerance = 1, sa_iterations = 1000, initial_temperature = 3.0, cooling_rate = 0.999
26 - INFO - chord#: 58 done. best_score=96.0, changed=614, unchanged=337, early_stops=8/8
26 - INFO - chord#: 60 In build_straw_man_chord_sa. tolerance = 1, sa_iterations = 1000, initial_temperature = 3.0, cooling_rate = 0.999
26 - INFO - chord#: 64 done. best_score=27.0, changed=518, unchanged=363, early_stops=8/8
26 - INFO - chord#: 68 In build_straw_man_chord_sa. tolerance = 1, sa_iterations = 1000, initial_temperature = 3.0, cooling_rate = 0.999
26 - INFO - chord#: 86 done. best_score=96.0, changed=613, unchanged=300, early_stops=8/8
26 - INFO - chord#: 88 In build_straw_man_chord_sa. tolerance = 1, sa_iterations = 1000, initial_temperature = 3.0, cooling_rate = 0.999
26 - INFO - chord#: 86 done. best_score=74.0, changed=613, unchanged=309, early_stops=8/8
26 - INFO - chord#: 88 In build_straw_man_chord_sa. tolerance = 1, sa_iterations = 1000, initial_temperature = 3.0, cooling_rate = 0.999
26 - INFO - chord#: 60 done. best_score=27.0, changed=527, unchanged=365, early_stops=8/8
26 - INFO - chord#: 64 In build_straw_man_chord_sa. tolerance = 1, sa_iterations = 1000, initial_temperature = 3.0, cooling_rate = 0.999
26 - INFO - chord#: 86 done. best_score=74.0, changed=610, unchanged=351, early_stops=8/8
26 - INFO - chord#: 88 In build_straw_man_chord_sa. tolerance = 1, sa_iterations = 1000, initial_temperature = 3.0, cooling_rate = 0.999
26 - INFO - chord#: 64 done. best_score=27.0, changed=532, unchanged=512, early_stops=8/8
26 - INFO - chord#: 68 In build_straw_man_chord_sa. tolerance = 1, sa_iterations = 1000, initial_temperature = 3.0, cooling_rate = 0.999
26 - INFO - chord#: 68 done. best_score=36.0, changed=522, unchanged=438, early_stops=8/8
26 - INFO - chord#: 72 In build_straw_man_chord_sa. tolerance = 1, sa_iterations = 1000, initial_temperature = 3.0, cooling_rate = 0.999
26 - INFO - chord#: 86 done. best_score=74.0, changed=614, unchanged=466, early_stops=8/8
26 - INFO - chord#: 88 In build_straw_man_chord_sa. tolerance = 1, sa_iterations = 1000, initial_temperature = 3.0, cooling_rate = 0.999
26 - INFO - chord#: 68 done. best_score=36.0, changed=516, unchanged=398, early_stops=8/8
26 - INFO - chord#: 72 In build_straw_man_chord_sa. tolerance = 1, sa_iterations = 1000, initial_temperature = 3.0, cooling_rate = 0.999
26 - INFO - chord#: 60 done. best_score=27.0, changed=525, unchanged=418, early_stops=8/8
26 - INFO - chord#: 64 In build_straw_man_chord_sa. tolerance = 1, sa_iterations = 1000, initial_temperature = 3.0, cooling_rate = 0.999
26 - INFO - chord#: 68 done. best_score=36.0, changed=524, unchanged=316, early_stops=8/8
26 - INFO - chord#: 72 In build_straw_man_chord_sa. tolerance = 1, sa_iterations = 1000, initial_temperature = 3.0, cooling_rate = 0.999
26 - INFO - chord#: 64 done. best_score=27.0, changed=529, unchanged=413, early_stops=8/8
26 - INFO - chord#: 68 In build_straw_man_chord_sa. tolerance = 1, sa_iterations = 1000, initial_temperature = 3.0, cooling_rate = 0.999
26 - INFO - chord#: 68 done. best_score=36.0, changed=519, unchanged=355, early_stops=8/8
26 - INFO - chord#: 72 In build_straw_man_chord_sa. tolerance = 1, sa_iterations = 1000, initial_temperature = 3.0, cooling_rate = 0.999
26 - INFO - chord#: 72 done. best_score=27.0, changed=525, unchanged=502, early_stops=8/8
26 - INFO - chord#: 76 In build_straw_man_chord_sa. tolerance = 1, sa_iterations = 1000, initial_temperature = 3.0, cooling_rate = 0.999
26 - INFO - chord#: 86 done. best_score=74.0, changed=611, unchanged=352, early_stops=8/8
26 - INFO - chord#: 88 In build_straw_man_chord_sa. tolerance = 1, sa_iterations = 1000, initial_temperature = 3.0, cooling_rate = 0.999
26 - INFO - chord#: 86 done. best_score=162.0, changed=611, unchanged=340, early_stops=8/8
26 - INFO - chord#: 88 In build_straw_man_chord_sa. tolerance = 1, sa_iterations = 1000, initial_temperature = 3.0, cooling_rate = 0.999
26 - INFO - chord#: 64 done. best_score=27.0, changed=529, unchanged=388, early_stops=8/8
26 - INFO - chord#: 68 In build_straw_man_chord_sa. tolerance = 1, sa_iterations = 1000, initial_temperature = 3.0, cooling_rate = 0.999
26 - INFO - chord#: 88 done. best_score=131.0, changed=610, unchanged=276, early_stops=8/8
26 - INFO - chord#: 90 In build_straw_man_chord_sa. tolerance = 1, sa_iterations = 1000, initial_temperature = 3.0, cooling_rate = 0.999
26 - INFO - chord#: 72 done. best_score=27.0, changed=518, unchanged=383, early_stops=8/8
26 - INFO - chord#: 76 In build_straw_man_chord_sa. tolerance = 1, sa_iterations = 1000, initial_temperature = 3.0, cooling_rate = 0.999
26 - INFO - chord#: 72 done. best_score=27.0, changed=523, unchanged=464, early_stops=8/8
26 - INFO - chord#: 76 In build_straw_man_chord_sa. tolerance = 1, sa_iterations = 1000, initial_temperature = 3.0, cooling_rate = 0.999
26 - INFO - chord#: 88 done. best_score=119.0, changed=612, unchanged=317, early_stops=8/8
26 - INFO - chord#: 90 In build_straw_man_chord_sa. tolerance = 1, sa_iterations = 1000, initial_temperature = 3.0, cooling_rate = 0.999
26 - INFO - chord#: 76 done. best_score=27.0, changed=526, unchanged=387, early_stops=8/8
26 - INFO - chord#: 84 In build_straw_man_chord_sa. tolerance = 1, sa_iterations = 1000, initial_temperature = 3.0, cooling_rate = 0.999
26 - INFO - chord#: 72 done. best_score=27.0, changed=523, unchanged=538, early_stops=8/8
26 - INFO - chord#: 76 In build_straw_man_chord_sa. tolerance = 1, sa_iterations = 1000, initial_temperature = 3.0, cooling_rate = 0.999
26 - INFO - chord#: 68 done. best_score=36.0, changed=513, unchanged=328, early_stops=8/8
26 - INFO - chord#: 72 In build_straw_man_chord_sa. tolerance = 1, sa_iterations = 1000, initial_temperature = 3.0, cooling_rate = 0.999
26 - INFO - chord#: 90 done. best_score=70.0, changed=542, unchanged=310, early_stops=8/8
26 - INFO - chord#: 92 In build_straw_man_chord_sa. tolerance = 1, sa_iterations = 1000, initial_temperature = 3.0, cooling_rate = 0.999
26 - INFO - chord#: 88 done. best_score=78.0, changed=611, unchanged=317, early_stops=8/8
26 - INFO - chord#: 90 In build_straw_man_chord_sa. tolerance = 1, sa_iterations = 1000, initial_temperature = 3.0, cooling_rate = 0.999
26 - INFO - chord#: 90 done. best_score=36.0, changed=538, unchanged=360, early_stops=8/8
26 - INFO - chord#: 92 In build_straw_man_chord_sa. tolerance = 1, sa_iterations = 1000, initial_temperature = 3.0, cooling_rate = 0.999
26 - INFO - chord#: 76 done. best_score=27.0, changed=525, unchanged=347, early_stops=8/8
26 - INFO - chord#: 84 In build_straw_man_chord_sa. tolerance = 1, sa_iterations = 1000, initial_temperature = 3.0, cooling_rate = 0.999
26 - INFO - chord#: 76 done. best_score=27.0, changed=517, unchanged=347, early_stops=8/8
26 - INFO - chord#: 84 In build_straw_man_chord_sa. tolerance = 1, sa_iterations = 1000, initial_temperature = 3.0, cooling_rate = 0.999
26 - INFO - chord#: 84 done. best_score=27.0, changed=515, unchanged=336, early_stops=8/8
26 - INFO - chord#: 86 In build_straw_man_chord_sa. tolerance = 1, sa_iterations = 1000, initial_temperature = 3.0, cooling_rate = 0.999
26 - INFO - chord#: 76 done. best_score=27.0, changed=523, unchanged=366, early_stops=8/8
26 - INFO - chord#: 84 In build_straw_man_chord_sa. tolerance = 1, sa_iterations = 1000, initial_temperature = 3.0, cooling_rate = 0.999
26 - INFO - chord#: 68 done. best_score=36.0, changed=519, unchanged=360, early_stops=8/8
26 - INFO - chord#: 72 In build_straw_man_chord_sa. tolerance = 1, sa_iterations = 1000, initial_temperature = 3.0, cooling_rate = 0.999
26 - INFO - chord#: 88 done. best_score=78.0, changed=616, unchanged=382, early_stops=8/8
26 - INFO - chord#: 90 In build_straw_man_chord_sa. tolerance = 1, sa_iterations = 1000, initial_temperature = 3.0, cooling_rate = 0.999
26 - INFO - chord#: 90 done. best_score=36.0, changed=528, unchanged=305, early_stops=8/8
26 - INFO - chord#: 92 In build_straw_man_chord_sa. tolerance = 1, sa_iterations = 1000, initial_temperature = 3.0, cooling_rate = 0.999
26 - INFO - chord#: 72 done. best_score=27.0, changed=527, unchanged=447, early_stops=8/8
26 - INFO - chord#: 76 In build_straw_man_chord_sa. tolerance = 1, sa_iterations = 1000, initial_temperature = 3.0, cooling_rate = 0.999
26 - INFO - chord#: 92 done. best_score=27.0, changed=524, unchanged=544, early_stops=8/8
26 - INFO - chord#: 96 In build_straw_man_chord_sa. tolerance = 1, sa_iterations = 1000, initial_temperature = 3.0, cooling_rate = 0.999
26 - INFO - chord#: 88 done. best_score=101.0, changed=612, unchanged=358, early_stops=8/8
26 - INFO - chord#: 90 In build_straw_man_chord_sa. tolerance = 1, sa_iterations = 1000, initial_temperature = 3.0, cooling_rate = 0.999
26 - INFO - chord#: 84 done. best_score=27.0, changed=525, unchanged=402, early_stops=8/8
26 - INFO - chord#: 86 In build_straw_man_chord_sa. tolerance = 1, sa_iterations = 1000, initial_temperature = 3.0, cooling_rate = 0.999
26 - INFO - chord#: 88 done. best_score=157.0, changed=609, unchanged=234, early_stops=8/8
26 - INFO - chord#: 90 In build_straw_man_chord_sa. tolerance = 1, sa_iterations = 1000, initial_temperature = 3.0, cooling_rate = 0.999
26 - INFO - chord#: 92 done. best_score=27.0, changed=522, unchanged=404, early_stops=8/8
26 - INFO - chord#: 96 In build_straw_man_chord_sa. tolerance = 1, sa_iterations = 1000, initial_temperature = 3.0, cooling_rate = 0.999
26 - INFO - chord#: 84 done. best_score=27.0, changed=522, unchanged=327, early_stops=8/8
26 - INFO - chord#: 86 In build_straw_man_chord_sa. tolerance = 1, sa_iterations = 1000, initial_temperature = 3.0, cooling_rate = 0.999
26 - INFO - chord#: 72 done. best_score=36.0, changed=517, unchanged=334, early_stops=8/8
26 - INFO - chord#: 76 In build_straw_man_chord_sa. tolerance = 1, sa_iterations = 1000, initial_temperature = 3.0, cooling_rate = 0.999
26 - INFO - chord#: 84 done. best_score=27.0, changed=521, unchanged=441, early_stops=8/8
26 - INFO - chord#: 86 In build_straw_man_chord_sa. tolerance = 1, sa_iterations = 1000, initial_temperature = 3.0, cooling_rate = 0.999
26 - INFO - chord#: 90 done. best_score=36.0, changed=524, unchanged=320, early_stops=8/8
26 - INFO - chord#: 92 In build_straw_man_chord_sa. tolerance = 1, sa_iterations = 1000, initial_temperature = 3.0, cooling_rate = 0.999
26 - INFO - chord#: 92 done. best_score=27.0, changed=525, unchanged=386, early_stops=8/8
26 - INFO - chord#: 96 In build_straw_man_chord_sa. tolerance = 1, sa_iterations = 1000, initial_temperature = 3.0, cooling_rate = 0.999
26 - INFO - chord#: 90 done. best_score=36.0, changed=536, unchanged=309, early_stops=8/8
26 - INFO - chord#: 92 In build_straw_man_chord_sa. tolerance = 1, sa_iterations = 1000, initial_temperature = 3.0, cooling_rate = 0.999
26 - INFO - chord#: 96 done. best_score=27.0, changed=523, unchanged=440, early_stops=8/8
26 - INFO - chord#: 100 In build_straw_man_chord_sa. tolerance = 1, sa_iterations = 1000, initial_temperature = 3.0, cooling_rate = 0.999
26 - INFO - chord#: 90 done. best_score=72.0, changed=530, unchanged=318, early_stops=8/8
26 - INFO - chord#: 92 In build_straw_man_chord_sa. tolerance = 1, sa_iterations = 1000, initial_temperature = 3.0, cooling_rate = 0.999
26 - INFO - chord#: 76 done. best_score=27.0, changed=533, unchanged=472, early_stops=8/8
26 - INFO - chord#: 84 In build_straw_man_chord_sa. tolerance = 1, sa_iterations = 1000, initial_temperature = 3.0, cooling_rate = 0.999
26 - INFO - chord#: 96 done. best_score=27.0, changed=523, unchanged=372, early_stops=8/8
26 - INFO - chord#: 100 In build_straw_man_chord_sa. tolerance = 1, sa_iterations = 1000, initial_temperature = 3.0, cooling_rate = 0.999
26 - INFO - chord#: 86 done. best_score=96.0, changed=610, unchanged=277, early_stops=8/8
26 - INFO - chord#: 88 In build_straw_man_chord_sa. tolerance = 1, sa_iterations = 1000, initial_temperature = 3.0, cooling_rate = 0.999
26 - INFO - chord#: 76 done. best_score=27.0, changed=524, unchanged=409, early_stops=8/8
26 - INFO - chord#: 84 In build_straw_man_chord_sa. tolerance = 1, sa_iterations = 1000, initial_temperature = 3.0, cooling_rate = 0.999
26 - INFO - chord#: 92 done. best_score=27.0, changed=523, unchanged=420, early_stops=8/8
26 - INFO - chord#: 96 In build_straw_man_chord_sa. tolerance = 1, sa_iterations = 1000, initial_temperature = 3.0, cooling_rate = 0.999
26 - INFO - chord#: 92 done. best_score=27.0, changed=522, unchanged=436, early_stops=8/8
26 - INFO - chord#: 96 In build_straw_man_chord_sa. tolerance = 1, sa_iterations = 1000, initial_temperature = 3.0, cooling_rate = 0.999
26 - INFO - chord#: 96 done. best_score=27.0, changed=524, unchanged=441, early_stops=8/8
26 - INFO - chord#: 100 In build_straw_man_chord_sa. tolerance = 1, sa_iterations = 1000, initial_temperature = 3.0, cooling_rate = 0.999
26 - INFO - chord#: 84 done. best_score=27.0, changed=518, unchanged=418, early_stops=8/8
26 - INFO - chord#: 86 In build_straw_man_chord_sa. tolerance = 1, sa_iterations = 1000, initial_temperature = 3.0, cooling_rate = 0.999
26 - INFO - chord#: 92 done. best_score=27.0, changed=518, unchanged=369, early_stops=8/8
26 - INFO - chord#: 96 In build_straw_man_chord_sa. tolerance = 1, sa_iterations = 1000, initial_temperature = 3.0, cooling_rate = 0.999
26 - INFO - chord#: 84 done. best_score=27.0, changed=517, unchanged=364, early_stops=8/8
26 - INFO - chord#: 86 In build_straw_man_chord_sa. tolerance = 1, sa_iterations = 1000, initial_temperature = 3.0, cooling_rate = 0.999
26 - INFO - chord#: 86 done. best_score=74.0, changed=616, unchanged=509, early_stops=8/8
26 - INFO - chord#: 88 In build_straw_man_chord_sa. tolerance = 1, sa_iterations = 1000, initial_temperature = 3.0, cooling_rate = 0.999
26 - INFO - chord#: 96 done. best_score=27.0, changed=513, unchanged=342, early_stops=8/8
26 - INFO - chord#: 100 In build_straw_man_chord_sa. tolerance = 1, sa_iterations = 1000, initial_temperature = 3.0, cooling_rate = 0.999
26 - INFO - chord#: 96 done. best_score=27.0, changed=524, unchanged=420, early_stops=8/8
26 - INFO - chord#: 100 In build_straw_man_chord_sa. tolerance = 1, sa_iterations = 1000, initial_temperature = 3.0, cooling_rate = 0.999
26 - INFO - chord#: 86 done. best_score=74.0, changed=609, unchanged=352, early_stops=8/8
26 - INFO - chord#: 88 In build_straw_man_chord_sa. tolerance = 1, sa_iterations = 1000, initial_temperature = 3.0, cooling_rate = 0.999
26 - INFO - chord#: 86 done. best_score=74.0, changed=613, unchanged=337, early_stops=8/8
26 - INFO - chord#: 88 In build_straw_man_chord_sa. tolerance = 1, sa_iterations = 1000, initial_temperature = 3.0, cooling_rate = 0.999
26 - INFO - chord#: 100 done. best_score=78.0, changed=608, unchanged=279, early_stops=8/8
26 - INFO - chord#: 104 In build_straw_man_chord_sa. tolerance = 1, sa_iterations = 1000, initial_temperature = 3.0, cooling_rate = 0.999
26 - INFO - chord#: 100 done. best_score=78.0, changed=611, unchanged=369, early_stops=8/8
26 - INFO - chord#: 104 In build_straw_man_chord_sa. tolerance = 1, sa_iterations = 1000, initial_temperature = 3.0, cooling_rate = 0.999
26 - INFO - chord#: 88 done. best_score=78.0, changed=613, unchanged=303, early_stops=8/8
26 - INFO - chord#: 90 In build_straw_man_chord_sa. tolerance = 1, sa_iterations = 1000, initial_temperature = 3.0, cooling_rate = 0.999
26 - INFO - chord#: 96 done. best_score=27.0, changed=516, unchanged=317, early_stops=8/8
26 - INFO - chord#: 100 In build_straw_man_chord_sa. tolerance = 1, sa_iterations = 1000, initial_temperature = 3.0, cooling_rate = 0.999
26 - INFO - chord#: 100 done. best_score=181.0, changed=609, unchanged=230, early_stops=8/8
26 - INFO - chord#: 104 In build_straw_man_chord_sa. tolerance = 1, sa_iterations = 1000, initial_temperature = 3.0, cooling_rate = 0.999
26 - INFO - chord#: 104 done. best_score=36.0, changed=528, unchanged=390, early_stops=8/8
26 - INFO - chord#: 108 In build_straw_man_chord_sa. tolerance = 1, sa_iterations = 1000, initial_temperature = 3.0, cooling_rate = 0.999
26 - INFO - chord#: 90 done. best_score=36.0, changed=521, unchanged=370, early_stops=8/8
26 - INFO - chord#: 92 In build_straw_man_chord_sa. tolerance = 1, sa_iterations = 1000, initial_temperature = 3.0, cooling_rate = 0.999
26 - INFO - chord#: 104 done. best_score=36.0, changed=527, unchanged=553, early_stops=8/8
26 - INFO - chord#: 108 In build_straw_man_chord_sa. tolerance = 1, sa_iterations = 1000, initial_temperature = 3.0, cooling_rate = 0.999
26 - INFO - chord#: 86 done. best_score=74.0, changed=611, unchanged=214, early_stops=8/8
26 - INFO - chord#: 88 In build_straw_man_chord_sa. tolerance = 1, sa_iterations = 1000, initial_temperature = 3.0, cooling_rate = 0.999
26 - INFO - chord#: 104 done. best_score=36.0, changed=528, unchanged=460, early_stops=8/8
26 - INFO - chord#: 108 In build_straw_man_chord_sa. tolerance = 1, sa_iterations = 1000, initial_temperature = 3.0, cooling_rate = 0.999
26 - INFO - chord#: 86 done. best_score=74.0, changed=609, unchanged=269, early_stops=8/8
26 - INFO - chord#: 88 In build_straw_man_chord_sa. tolerance = 1, sa_iterations = 1000, initial_temperature = 3.0, cooling_rate = 0.999
26 - INFO - chord#: 108 done. best_score=27.0, changed=520, unchanged=448, early_stops=8/8
26 - INFO - chord#: 110 In build_straw_man_chord_sa. tolerance = 1, sa_iterations = 1000, initial_temperature = 3.0, cooling_rate = 0.999
26 - INFO - chord#: 92 done. best_score=27.0, changed=522, unchanged=501, early_stops=8/8
26 - INFO - chord#: 96 In build_straw_man_chord_sa. tolerance = 1, sa_iterations = 1000, initial_temperature = 3.0, cooling_rate = 0.999
26 - INFO - chord#: 108 done. best_score=27.0, changed=515, unchanged=371, early_stops=8/8
26 - INFO - chord#: 110 In build_straw_man_chord_sa. tolerance = 1, sa_iterations = 1000, initial_temperature = 3.0, cooling_rate = 0.999
26 - INFO - chord#: 100 done. best_score=67.0, changed=612, unchanged=416, early_stops=8/8
26 - INFO - chord#: 104 In build_straw_man_chord_sa. tolerance = 1, sa_iterations = 1000, initial_temperature = 3.0, cooling_rate = 0.999
26 - INFO - chord#: 88 done. best_score=78.0, changed=614, unchanged=530, early_stops=8/8
26 - INFO - chord#: 90 In build_straw_man_chord_sa. tolerance = 1, sa_iterations = 1000, initial_temperature = 3.0, cooling_rate = 0.999
26 - INFO - chord#: 100 done. best_score=78.0, changed=612, unchanged=369, early_stops=8/8
26 - INFO - chord#: 104 In build_straw_man_chord_sa. tolerance = 1, sa_iterations = 1000, initial_temperature = 3.0, cooling_rate = 0.999
26 - INFO - chord#: 88 done. best_score=101.0, changed=608, unchanged=320, early_stops=8/8
26 - INFO - chord#: 90 In build_straw_man_chord_sa. tolerance = 1, sa_iterations = 1000, initial_temperature = 3.0, cooling_rate = 0.999
26 - INFO - chord#: 100 done. best_score=157.0, changed=610, unchanged=237, early_stops=8/8
26 - INFO - chord#: 104 In build_straw_man_chord_sa. tolerance = 1, sa_iterations = 1000, initial_temperature = 3.0, cooling_rate = 0.999
26 - INFO - chord#: 108 done. best_score=27.0, changed=521, unchanged=527, early_stops=8/8
26 - INFO - chord#: 110 In build_straw_man_chord_sa. tolerance = 1, sa_iterations = 1000, initial_temperature = 3.0, cooling_rate = 0.999
26 - INFO - chord#: 88 done. best_score=67.0, changed=613, unchanged=325, early_stops=8/8
26 - INFO - chord#: 90 In build_straw_man_chord_sa. tolerance = 1, sa_iterations = 1000, initial_temperature = 3.0, cooling_rate = 0.999
26 - INFO - chord#: 96 done. best_score=27.0, changed=520, unchanged=361, early_stops=8/8
26 - INFO - chord#: 100 In build_straw_man_chord_sa. tolerance = 1, sa_iterations = 1000, initial_temperature = 3.0, cooling_rate = 0.999
26 - INFO - chord#: 104 done. best_score=36.0, changed=526, unchanged=334, early_stops=8/8
26 - INFO - chord#: 108 In build_straw_man_chord_sa. tolerance = 1, sa_iterations = 1000, initial_temperature = 3.0, cooling_rate = 0.999
26 - INFO - chord#: 90 done. best_score=36.0, changed=521, unchanged=297, early_stops=8/8
26 - INFO - chord#: 92 In build_straw_man_chord_sa. tolerance = 1, sa_iterations = 1000, initial_temperature = 3.0, cooling_rate = 0.999
26 - INFO - chord#: 104 done. best_score=36.0, changed=523, unchanged=334, early_stops=8/8
26 - INFO - chord#: 108 In build_straw_man_chord_sa. tolerance = 1, sa_iterations = 1000, initial_temperature = 3.0, cooling_rate = 0.999
26 - INFO - chord#: 90 done. best_score=36.0, changed=542, unchanged=368, early_stops=8/8
26 - INFO - chord#: 92 In build_straw_man_chord_sa. tolerance = 1, sa_iterations = 1000, initial_temperature = 3.0, cooling_rate = 0.999
26 - INFO - chord#: 104 done. best_score=36.0, changed=528, unchanged=321, early_stops=8/8
26 - INFO - chord#: 108 In build_straw_man_chord_sa. tolerance = 1, sa_iterations = 1000, initial_temperature = 3.0, cooling_rate = 0.999
26 - INFO - chord#: 88 done. best_score=78.0, changed=621, unchanged=329, early_stops=8/8
26 - INFO - chord#: 90 In build_straw_man_chord_sa. tolerance = 1, sa_iterations = 1000, initial_temperature = 3.0, cooling_rate = 0.999
26 - INFO - chord#: 90 done. best_score=36.0, changed=527, unchanged=343, early_stops=8/8
26 - INFO - chord#: 92 In build_straw_man_chord_sa. tolerance = 1, sa_iterations = 1000, initial_temperature = 3.0, cooling_rate = 0.999
26 - INFO - chord#: 110 done. best_score=146.0, changed=610, unchanged=240, early_stops=8/8
26 - INFO - chord#: 112 In build_straw_man_chord_sa. tolerance = 1, sa_iterations = 1000, initial_temperature = 3.0, cooling_rate = 0.999
26 - INFO - chord#: 110 done. best_score=64.0, changed=609, unchanged=323, early_stops=8/8
26 - INFO - chord#: 112 In build_straw_man_chord_sa. tolerance = 1, sa_iterations = 1000, initial_temperature = 3.0, cooling_rate = 0.999
26 - INFO - chord#: 108 done. best_score=27.0, changed=523, unchanged=488, early_stops=8/8
26 - INFO - chord#: 110 In build_straw_man_chord_sa. tolerance = 1, sa_iterations = 1000, initial_temperature = 3.0, cooling_rate = 0.999
26 - INFO - chord#: 92 done. best_score=27.0, changed=529, unchanged=542, early_stops=8/8
26 - INFO - chord#: 96 In build_straw_man_chord_sa. tolerance = 1, sa_iterations = 1000, initial_temperature = 3.0, cooling_rate = 0.999
26 - INFO - chord#: 90 done. best_score=36.0, changed=536, unchanged=320, early_stops=8/8
26 - INFO - chord#: 92 done. best_score=27.0, changed=516, unchanged=344, early_stops=8/8
26 - INFO - chord#: 92 In build_straw_man_chord_sa. tolerance = 1, sa_iterations = 1000, initial_temperature = 3.0, cooling_rate = 0.999
26 - INFO - chord#: 96 In build_straw_man_chord_sa. tolerance = 1, sa_iterations = 1000, initial_temperature = 3.0, cooling_rate = 0.999
26 - INFO - chord#: 88 done. best_score=78.0, changed=614, unchanged=351, early_stops=8/8
26 - INFO - chord#: 90 In build_straw_man_chord_sa. tolerance = 1, sa_iterations = 1000, initial_temperature = 3.0, cooling_rate = 0.999
26 - INFO - chord#: 108 done. best_score=36.0, changed=524, unchanged=411, early_stops=8/8
26 - INFO - chord#: 110 In build_straw_man_chord_sa. tolerance = 1, sa_iterations = 1000, initial_temperature = 3.0, cooling_rate = 0.999
26 - INFO - chord#: 110 done. best_score=64.0, changed=610, unchanged=293, early_stops=8/8
26 - INFO - chord#: 112 In build_straw_man_chord_sa. tolerance = 1, sa_iterations = 1000, initial_temperature = 3.0, cooling_rate = 0.999
26 - INFO - chord#: 92 done. best_score=27.0, changed=511, unchanged=371, early_stops=8/8
26 - INFO - chord#: 96 In build_straw_man_chord_sa. tolerance = 1, sa_iterations = 1000, initial_temperature = 3.0, cooling_rate = 0.999
26 - INFO - chord#: 112 done. best_score=36.0, changed=520, unchanged=334, early_stops=8/8
26 - INFO - chord#: 114 In build_straw_man_chord_sa. tolerance = 1, sa_iterations = 1000, initial_temperature = 3.0, cooling_rate = 0.999
26 - INFO - chord#: 108 done. best_score=27.0, changed=520, unchanged=402, early_stops=8/8
26 - INFO - chord#: 110 In build_straw_man_chord_sa. tolerance = 1, sa_iterations = 1000, initial_temperature = 3.0, cooling_rate = 0.999
26 - INFO - chord#: 112 done. best_score=27.0, changed=541, unchanged=465, early_stops=8/8
26 - INFO - chord#: 114 In build_straw_man_chord_sa. tolerance = 1, sa_iterations = 1000, initial_temperature = 3.0, cooling_rate = 0.999
26 - INFO - chord#: 100 done. best_score=137.0, changed=614, unchanged=308, early_stops=8/8
26 - INFO - chord#: 104 In build_straw_man_chord_sa. tolerance = 1, sa_iterations = 1000, initial_temperature = 3.0, cooling_rate = 0.999
26 - INFO - chord#: 96 done. best_score=27.0, changed=525, unchanged=513, early_stops=8/8
26 - INFO - chord#: 100 In build_straw_man_chord_sa. tolerance = 1, sa_iterations = 1000, initial_temperature = 3.0, cooling_rate = 0.999
26 - INFO - chord#: 114 done. best_score=59.0, changed=520, unchanged=394, early_stops=8/8
26 - INFO - chord#: 116 In build_straw_man_chord_sa. tolerance = 1, sa_iterations = 1000, initial_temperature = 3.0, cooling_rate = 0.999
26 - INFO - chord#: 112 done. best_score=27.0, changed=524, unchanged=390, early_stops=8/8
26 - INFO - chord#: 114 In build_straw_man_chord_sa. tolerance = 1, sa_iterations = 1000, initial_temperature = 3.0, cooling_rate = 0.999
26 - INFO - chord#: 90 done. best_score=36.0, changed=527, unchanged=322, early_stops=8/8
26 - INFO - chord#: 92 In build_straw_man_chord_sa. tolerance = 1, sa_iterations = 1000, initial_temperature = 3.0, cooling_rate = 0.999
26 - INFO - chord#: 96 done. best_score=27.0, changed=508, unchanged=305, early_stops=8/8
26 - INFO - chord#: 100 In build_straw_man_chord_sa. tolerance = 1, sa_iterations = 1000, initial_temperature = 3.0, cooling_rate = 0.999
26 - INFO - chord#: 104 done. best_score=36.0, changed=531, unchanged=326, early_stops=8/8
26 - INFO - chord#: 108 In build_straw_man_chord_sa. tolerance = 1, sa_iterations = 1000, initial_temperature = 3.0, cooling_rate = 0.999
26 - INFO - chord#: 96 done. best_score=27.0, changed=528, unchanged=424, early_stops=8/8
26 - INFO - chord#: 100 In build_straw_man_chord_sa. tolerance = 1, sa_iterations = 1000, initial_temperature = 3.0, cooling_rate = 0.999
26 - INFO - chord#: 114 done. best_score=27.0, changed=527, unchanged=452, early_stops=8/8
26 - INFO - chord#: 116 In build_straw_man_chord_sa. tolerance = 1, sa_iterations = 1000, initial_temperature = 3.0, cooling_rate = 0.999
26 - INFO - chord#: 92 done. best_score=27.0, changed=526, unchanged=526, early_stops=8/8
26 - INFO - chord#: 96 In build_straw_man_chord_sa. tolerance = 1, sa_iterations = 1000, initial_temperature = 3.0, cooling_rate = 0.999
26 - INFO - chord#: 110 done. best_score=64.0, changed=610, unchanged=334, early_stops=8/8
26 - INFO - chord#: 112 In build_straw_man_chord_sa. tolerance = 1, sa_iterations = 1000, initial_temperature = 3.0, cooling_rate = 0.999
26 - INFO - chord#: 116 done. best_score=58.0, changed=571, unchanged=264, early_stops=8/8
26 - INFO - chord#: 120 In build_straw_man_chord_sa. tolerance = 1, sa_iterations = 1000, initial_temperature = 3.0, cooling_rate = 0.999
26 - INFO - chord#: 114 done. best_score=27.0, changed=528, unchanged=487, early_stops=8/8
26 - INFO - chord#: 116 In build_straw_man_chord_sa. tolerance = 1, sa_iterations = 1000, initial_temperature = 3.0, cooling_rate = 0.999
26 - INFO - chord#: 108 done. best_score=27.0, changed=519, unchanged=333, early_stops=8/8
26 - INFO - chord#: 110 In build_straw_man_chord_sa. tolerance = 1, sa_iterations = 1000, initial_temperature = 3.0, cooling_rate = 0.999
26 - INFO - chord#: 92 done. best_score=27.0, changed=518, unchanged=357, early_stops=8/8
26 - INFO - chord#: 96 In build_straw_man_chord_sa. tolerance = 1, sa_iterations = 1000, initial_temperature = 3.0, cooling_rate = 0.999
26 - INFO - chord#: 110 done. best_score=64.0, changed=607, unchanged=246, early_stops=8/8
26 - INFO - chord#: 112 In build_straw_man_chord_sa. tolerance = 1, sa_iterations = 1000, initial_temperature = 3.0, cooling_rate = 0.999
26 - INFO - chord#: 116 done. best_score=31.0, changed=516, unchanged=321, early_stops=8/8
26 - INFO - chord#: 120 In build_straw_man_chord_sa. tolerance = 1, sa_iterations = 1000, initial_temperature = 3.0, cooling_rate = 0.999
26 - INFO - chord#: 100 done. best_score=78.0, changed=606, unchanged=207, early_stops=8/8
26 - INFO - chord#: 104 In build_straw_man_chord_sa. tolerance = 1, sa_iterations = 1000, initial_temperature = 3.0, cooling_rate = 0.999
26 - INFO - chord#: 120 done. best_score=88.0, changed=535, unchanged=334, early_stops=8/8
26 - INFO - chord#: 122 In build_straw_man_chord_sa. tolerance = 1, sa_iterations = 1000, initial_temperature = 3.0, cooling_rate = 0.999
26 - INFO - chord#: 112 done. best_score=27.0, changed=521, unchanged=393, early_stops=8/8
26 - INFO - chord#: 114 In build_straw_man_chord_sa. tolerance = 1, sa_iterations = 1000, initial_temperature = 3.0, cooling_rate = 0.999
26 - INFO - chord#: 96 done. best_score=27.0, changed=517, unchanged=471, early_stops=8/8
26 - INFO - chord#: 100 In build_straw_man_chord_sa. tolerance = 1, sa_iterations = 1000, initial_temperature = 3.0, cooling_rate = 0.999
26 - INFO - chord#: 110 done. best_score=64.0, changed=612, unchanged=390, early_stops=8/8
26 - INFO - chord#: 112 In build_straw_man_chord_sa. tolerance = 1, sa_iterations = 1000, initial_temperature = 3.0, cooling_rate = 0.999
26 - INFO - chord#: 116 done. best_score=31.0, changed=523, unchanged=371, early_stops=8/8
26 - INFO - chord#: 120 In build_straw_man_chord_sa. tolerance = 1, sa_iterations = 1000, initial_temperature = 3.0, cooling_rate = 0.999
26 - INFO - chord#: 120 done. best_score=27.0, changed=517, unchanged=340, early_stops=8/8
26 - INFO - chord#: 122 In build_straw_man_chord_sa. tolerance = 1, sa_iterations = 1000, initial_temperature = 3.0, cooling_rate = 0.999
26 - INFO - chord#: 104 done. best_score=36.0, changed=528, unchanged=381, early_stops=8/8
26 - INFO - chord#: 108 In build_straw_man_chord_sa. tolerance = 1, sa_iterations = 1000, initial_temperature = 3.0, cooling_rate = 0.999
26 - INFO - chord#: 114 done. best_score=27.0, changed=519, unchanged=386, early_stops=8/8
26 - INFO - chord#: 116 In build_straw_man_chord_sa. tolerance = 1, sa_iterations = 1000, initial_temperature = 3.0, cooling_rate = 0.999
26 - INFO - chord#: 112 done. best_score=27.0, changed=522, unchanged=420, early_stops=8/8
26 - INFO - chord#: 114 In build_straw_man_chord_sa. tolerance = 1, sa_iterations = 1000, initial_temperature = 3.0, cooling_rate = 0.999
26 - INFO - chord#: 96 done. best_score=27.0, changed=524, unchanged=531, early_stops=8/8
26 - INFO - chord#: 100 In build_straw_man_chord_sa. tolerance = 1, sa_iterations = 1000, initial_temperature = 3.0, cooling_rate = 0.999
26 - INFO - chord#: 100 done. best_score=78.0, changed=605, unchanged=224, early_stops=8/8
26 - INFO - chord#: 104 In build_straw_man_chord_sa. tolerance = 1, sa_iterations = 1000, initial_temperature = 3.0, cooling_rate = 0.999
26 - INFO - chord#: 120 done. best_score=27.0, changed=525, unchanged=500, early_stops=8/8
26 - INFO - chord#: 122 In build_straw_man_chord_sa. tolerance = 1, sa_iterations = 1000, initial_temperature = 3.0, cooling_rate = 0.999
26 - INFO - chord#: 112 done. best_score=27.0, changed=527, unchanged=358, early_stops=8/8
26 - INFO - chord#: 114 In build_straw_man_chord_sa. tolerance = 1, sa_iterations = 1000, initial_temperature = 3.0, cooling_rate = 0.999
26 - INFO - chord#: 110 done. best_score=64.0, changed=613, unchanged=286, early_stops=8/8
26 - INFO - chord#: 112 In build_straw_man_chord_sa. tolerance = 1, sa_iterations = 1000, initial_temperature = 3.0, cooling_rate = 0.999
26 - INFO - chord#: 108 done. best_score=27.0, changed=514, unchanged=397, early_stops=8/8
26 - INFO - chord#: 110 In build_straw_man_chord_sa. tolerance = 1, sa_iterations = 1000, initial_temperature = 3.0, cooling_rate = 0.999
26 - INFO - chord#: 100 done. best_score=137.0, changed=616, unchanged=412, early_stops=8/8
26 - INFO - chord#: 104 In build_straw_man_chord_sa. tolerance = 1, sa_iterations = 1000, initial_temperature = 3.0, cooling_rate = 0.999
26 - INFO - chord#: 116 done. best_score=31.0, changed=524, unchanged=424, early_stops=8/8
26 - INFO - chord#: 120 In build_straw_man_chord_sa. tolerance = 1, sa_iterations = 1000, initial_temperature = 3.0, cooling_rate = 0.999
26 - INFO - chord#: 122 done. best_score=125.0, changed=616, unchanged=322, early_stops=8/8
26 - INFO - chord#: 124 In build_straw_man_chord_sa. tolerance = 1, sa_iterations = 1000, initial_temperature = 3.0, cooling_rate = 0.999
26 - INFO - chord#: 104 done. best_score=36.0, changed=520, unchanged=296, early_stops=8/8
26 - INFO - chord#: 108 In build_straw_man_chord_sa. tolerance = 1, sa_iterations = 1000, initial_temperature = 3.0, cooling_rate = 0.999
26 - INFO - chord#: 114 done. best_score=27.0, changed=523, unchanged=589, early_stops=8/8
26 - INFO - chord#: 116 In build_straw_man_chord_sa. tolerance = 1, sa_iterations = 1000, initial_temperature = 3.0, cooling_rate = 0.999
26 - INFO - chord#: 112 done. best_score=27.0, changed=527, unchanged=379, early_stops=8/8
26 - INFO - chord#: 114 In build_straw_man_chord_sa. tolerance = 1, sa_iterations = 1000, initial_temperature = 3.0, cooling_rate = 0.999
26 - INFO - chord#: 120 done. best_score=27.0, changed=518, unchanged=391, early_stops=8/8
26 - INFO - chord#: 122 In build_straw_man_chord_sa. tolerance = 1, sa_iterations = 1000, initial_temperature = 3.0, cooling_rate = 0.999
26 - INFO - chord#: 124 done. best_score=57.0, changed=517, unchanged=314, early_stops=8/8
26 - INFO - chord#: 104 done. best_score=36.0, changed=523, unchanged=387, early_stops=8/8
26 - INFO - chord#: 108 In build_straw_man_chord_sa. tolerance = 1, sa_iterations = 1000, initial_temperature = 3.0, cooling_rate = 0.999
26 - INFO - chord#: 114 done. best_score=27.0, changed=523, unchanged=456, early_stops=8/8
26 - INFO - chord#: 116 In build_straw_man_chord_sa. tolerance = 1, sa_iterations = 1000, initial_temperature = 3.0, cooling_rate = 0.999
26 - INFO - chord#: 100 done. best_score=78.0, changed=612, unchanged=328, early_stops=8/8
26 - INFO - chord#: 104 In build_straw_man_chord_sa. tolerance = 1, sa_iterations = 1000, initial_temperature = 3.0, cooling_rate = 0.999
26 - INFO - chord#: 116 done. best_score=31.0, changed=524, unchanged=358, early_stops=8/8
26 - INFO - chord#: 120 In build_straw_man_chord_sa. tolerance = 1, sa_iterations = 1000, initial_temperature = 3.0, cooling_rate = 0.999
26 - INFO - chord#: 122 done. best_score=67.0, changed=620, unchanged=495, early_stops=8/8
26 - INFO - chord#: 124 In build_straw_man_chord_sa. tolerance = 1, sa_iterations = 1000, initial_temperature = 3.0, cooling_rate = 0.999
26 - INFO - chord#: 108 done. best_score=27.0, changed=533, unchanged=480, early_stops=8/8
26 - INFO - chord#: 110 In build_straw_man_chord_sa. tolerance = 1, sa_iterations = 1000, initial_temperature = 3.0, cooling_rate = 0.999
26 - INFO - chord#: 114 done. best_score=27.0, changed=523, unchanged=485, early_stops=8/8
26 - INFO - chord#: 116 In build_straw_man_chord_sa. tolerance = 1, sa_iterations = 1000, initial_temperature = 3.0, cooling_rate = 0.999
26 - INFO - chord#: 110 done. best_score=71.0, changed=612, unchanged=231, early_stops=8/8
26 - INFO - chord#: 112 In build_straw_man_chord_sa. tolerance = 1, sa_iterations = 1000, initial_temperature = 3.0, cooling_rate = 0.999
26 - INFO - chord#: 122 done. best_score=162.0, changed=613, unchanged=294, early_stops=8/8
26 - INFO - chord#: 124 In build_straw_man_chord_sa. tolerance = 1, sa_iterations = 1000, initial_temperature = 3.0, cooling_rate = 0.999
26 - INFO - chord#: 104 done. best_score=36.0, changed=521, unchanged=348, early_stops=8/8
26 - INFO - chord#: 108 In build_straw_man_chord_sa. tolerance = 1, sa_iterations = 1000, initial_temperature = 3.0, cooling_rate = 0.999
26 - INFO - chord#: 100 done. best_score=78.0, changed=614, unchanged=383, early_stops=8/8
26 - INFO - chord#: 104 In build_straw_man_chord_sa. tolerance = 1, sa_iterations = 1000, initial_temperature = 3.0, cooling_rate = 0.999
26 - INFO - chord#: 108 done. best_score=27.0, changed=519, unchanged=356, early_stops=8/8
26 - INFO - chord#: 110 In build_straw_man_chord_sa. tolerance = 1, sa_iterations = 1000, initial_temperature = 3.0, cooling_rate = 0.999
26 - INFO - chord#: 116 done. best_score=31.0, changed=530, unchanged=301, early_stops=8/8
26 - INFO - chord#: 120 In build_straw_man_chord_sa. tolerance = 1, sa_iterations = 1000, initial_temperature = 3.0, cooling_rate = 0.999
26 - INFO - chord#: 120 done. best_score=27.0, changed=525, unchanged=394, early_stops=8/8
26 - INFO - chord#: 122 In build_straw_man_chord_sa. tolerance = 1, sa_iterations = 1000, initial_temperature = 3.0, cooling_rate = 0.999
26 - INFO - chord#: 124 done. best_score=27.0, changed=524, unchanged=436, early_stops=8/8
26 - INFO - chord#: 116 done. best_score=31.0, changed=522, unchanged=375, early_stops=8/8
26 - INFO - chord#: 112 done. best_score=36.0, changed=534, unchanged=433, early_stops=8/8
26 - INFO - chord#: 120 In build_straw_man_chord_sa. tolerance = 1, sa_iterations = 1000, initial_temperature = 3.0, cooling_rate = 0.999
26 - INFO - chord#: 114 In build_straw_man_chord_sa. tolerance = 1, sa_iterations = 1000, initial_temperature = 3.0, cooling_rate = 0.999
26 - INFO - chord#: 122 done. best_score=137.0, changed=607, unchanged=306, early_stops=8/8
26 - INFO - chord#: 124 In build_straw_man_chord_sa. tolerance = 1, sa_iterations = 1000, initial_temperature = 3.0, cooling_rate = 0.999
26 - INFO - chord#: 108 done. best_score=27.0, changed=512, unchanged=350, early_stops=8/8
26 - INFO - chord#: 110 In build_straw_man_chord_sa. tolerance = 1, sa_iterations = 1000, initial_temperature = 3.0, cooling_rate = 0.999
26 - INFO - chord#: 124 done. best_score=27.0, changed=536, unchanged=493, early_stops=8/8
26 - INFO - chord#: 104 done. best_score=36.0, changed=520, unchanged=324, early_stops=8/8
26 - INFO - chord#: 108 In build_straw_man_chord_sa. tolerance = 1, sa_iterations = 1000, initial_temperature = 3.0, cooling_rate = 0.999
26 - INFO - chord#: 120 done. best_score=27.0, changed=530, unchanged=411, early_stops=8/8
26 - INFO - chord#: 122 In build_straw_man_chord_sa. tolerance = 1, sa_iterations = 1000, initial_temperature = 3.0, cooling_rate = 0.999
26 - INFO - chord#: 120 done. best_score=27.0, changed=527, unchanged=386, early_stops=8/8
26 - INFO - chord#: 122 In build_straw_man_chord_sa. tolerance = 1, sa_iterations = 1000, initial_temperature = 3.0, cooling_rate = 0.999
26 - INFO - chord#: 110 done. best_score=64.0, changed=606, unchanged=244, early_stops=8/8
26 - INFO - chord#: 112 In build_straw_man_chord_sa. tolerance = 1, sa_iterations = 1000, initial_temperature = 3.0, cooling_rate = 0.999
26 - INFO - chord#: 114 done. best_score=27.0, changed=521, unchanged=364, early_stops=8/8
26 - INFO - chord#: 116 In build_straw_man_chord_sa. tolerance = 1, sa_iterations = 1000, initial_temperature = 3.0, cooling_rate = 0.999
26 - INFO - chord#: 108 done. best_score=27.0, changed=514, unchanged=414, early_stops=8/8
26 - INFO - chord#: 110 In build_straw_man_chord_sa. tolerance = 1, sa_iterations = 1000, initial_temperature = 3.0, cooling_rate = 0.999
26 - INFO - chord#: 124 done. best_score=27.0, changed=527, unchanged=514, early_stops=8/8
26 - INFO - chord#: 110 done. best_score=64.0, changed=609, unchanged=267, early_stops=8/8
26 - INFO - chord#: 112 In build_straw_man_chord_sa. tolerance = 1, sa_iterations = 1000, initial_temperature = 3.0, cooling_rate = 0.999
26 - INFO - chord#: 122 done. best_score=67.0, changed=614, unchanged=291, early_stops=8/8
26 - INFO - chord#: 124 In build_straw_man_chord_sa. tolerance = 1, sa_iterations = 1000, initial_temperature = 3.0, cooling_rate = 0.999
26 - INFO - chord#: 112 done. best_score=27.0, changed=517, unchanged=367, early_stops=8/8
26 - INFO - chord#: 114 In build_straw_man_chord_sa. tolerance = 1, sa_iterations = 1000, initial_temperature = 3.0, cooling_rate = 0.999
26 - INFO - chord#: 110 done. best_score=64.0, changed=605, unchanged=242, early_stops=8/8
26 - INFO - chord#: 112 In build_straw_man_chord_sa. tolerance = 1, sa_iterations = 1000, initial_temperature = 3.0, cooling_rate = 0.999
26 - INFO - chord#: 116 done. best_score=31.0, changed=516, unchanged=307, early_stops=8/8
26 - INFO - chord#: 120 In build_straw_man_chord_sa. tolerance = 1, sa_iterations = 1000, initial_temperature = 3.0, cooling_rate = 0.999
26 - INFO - chord#: 112 done. best_score=27.0, changed=514, unchanged=323, early_stops=8/8
26 - INFO - chord#: 114 In build_straw_man_chord_sa. tolerance = 1, sa_iterations = 1000, initial_temperature = 3.0, cooling_rate = 0.999
26 - INFO - chord#: 122 done. best_score=145.0, changed=609, unchanged=227, early_stops=8/8
26 - INFO - chord#: 124 In build_straw_man_chord_sa. tolerance = 1, sa_iterations = 1000, initial_temperature = 3.0, cooling_rate = 0.999
26 - INFO - chord#: 112 done. best_score=27.0, changed=514, unchanged=324, early_stops=8/8
26 - INFO - chord#: 114 In build_straw_man_chord_sa. tolerance = 1, sa_iterations = 1000, initial_temperature = 3.0, cooling_rate = 0.999
26 - INFO - chord#: 114 done. best_score=27.0, changed=522, unchanged=401, early_stops=8/8
26 - INFO - chord#: 116 In build_straw_man_chord_sa. tolerance = 1, sa_iterations = 1000, initial_temperature = 3.0, cooling_rate = 0.999
26 - INFO - chord#: 124 done. best_score=27.0, changed=527, unchanged=598, early_stops=8/8
26 - INFO - chord#: 114 done. best_score=27.0, changed=527, unchanged=378, early_stops=8/8
26 - INFO - chord#: 116 In build_straw_man_chord_sa. tolerance = 1, sa_iterations = 1000, initial_temperature = 3.0, cooling_rate = 0.999
26 - INFO - chord#: 120 done. best_score=27.0, changed=526, unchanged=460, early_stops=8/8
26 - INFO - chord#: 122 In build_straw_man_chord_sa. tolerance = 1, sa_iterations = 1000, initial_temperature = 3.0, cooling_rate = 0.999
26 - INFO - chord#: 124 done. best_score=27.0, changed=521, unchanged=476, early_stops=8/8
26 - INFO - chord#: 114 done. best_score=27.0, changed=528, unchanged=505, early_stops=8/8
26 - INFO - chord#: 116 In build_straw_man_chord_sa. tolerance = 1, sa_iterations = 1000, initial_temperature = 3.0, cooling_rate = 0.999
26 - INFO - chord#: 122 done. best_score=96.0, changed=616, unchanged=332, early_stops=8/8
26 - INFO - chord#: 124 In build_straw_man_chord_sa. tolerance = 1, sa_iterations = 1000, initial_temperature = 3.0, cooling_rate = 0.999
26 - INFO - chord#: 116 done. best_score=31.0, changed=525, unchanged=401, early_stops=8/8
26 - INFO - chord#: 120 In build_straw_man_chord_sa. tolerance = 1, sa_iterations = 1000, initial_temperature = 3.0, cooling_rate = 0.999
26 - INFO - chord#: 110 done. best_score=64.0, changed=617, unchanged=490, early_stops=8/8
26 - INFO - chord#: 112 In build_straw_man_chord_sa. tolerance = 1, sa_iterations = 1000, initial_temperature = 3.0, cooling_rate = 0.999
26 - INFO - chord#: 116 done. best_score=31.0, changed=516, unchanged=369, early_stops=8/8
26 - INFO - chord#: 120 In build_straw_man_chord_sa. tolerance = 1, sa_iterations = 1000, initial_temperature = 3.0, cooling_rate = 0.999
26 - INFO - chord#: 116 done. best_score=31.0, changed=519, unchanged=351, early_stops=8/8
26 - INFO - chord#: 120 In build_straw_man_chord_sa. tolerance = 1, sa_iterations = 1000, initial_temperature = 3.0, cooling_rate = 0.999
26 - INFO - chord#: 120 done. best_score=27.0, changed=524, unchanged=356, early_stops=8/8
26 - INFO - chord#: 122 In build_straw_man_chord_sa. tolerance = 1, sa_iterations = 1000, initial_temperature = 3.0, cooling_rate = 0.999
26 - INFO - chord#: 124 done. best_score=27.0, changed=531, unchanged=528, early_stops=8/8
26 - INFO - chord#: 112 done. best_score=27.0, changed=522, unchanged=401, early_stops=8/8
26 - INFO - chord#: 114 In build_straw_man_chord_sa. tolerance = 1, sa_iterations = 1000, initial_temperature = 3.0, cooling_rate = 0.999
26 - INFO - chord#: 120 done. best_score=27.0, changed=522, unchanged=421, early_stops=8/8
26 - INFO - chord#: 122 In build_straw_man_chord_sa. tolerance = 1, sa_iterations = 1000, initial_temperature = 3.0, cooling_rate = 0.999
26 - INFO - chord#: 120 done. best_score=27.0, changed=517, unchanged=331, early_stops=8/8
26 - INFO - chord#: 122 In build_straw_man_chord_sa. tolerance = 1, sa_iterations = 1000, initial_temperature = 3.0, cooling_rate = 0.999
26 - INFO - chord#: 122 done. best_score=67.0, changed=610, unchanged=413, early_stops=8/8
26 - INFO - chord#: 124 In build_straw_man_chord_sa. tolerance = 1, sa_iterations = 1000, initial_temperature = 3.0, cooling_rate = 0.999
26 - INFO - chord#: 114 done. best_score=27.0, changed=522, unchanged=444, early_stops=8/8
26 - INFO - chord#: 116 In build_straw_man_chord_sa. tolerance = 1, sa_iterations = 1000, initial_temperature = 3.0, cooling_rate = 0.999
26 - INFO - chord#: 124 done. best_score=27.0, changed=519, unchanged=402, early_stops=8/8
26 - INFO - chord#: 116 done. best_score=31.0, changed=530, unchanged=417, early_stops=8/8
26 - INFO - chord#: 120 In build_straw_man_chord_sa. tolerance = 1, sa_iterations = 1000, initial_temperature = 3.0, cooling_rate = 0.999
26 - INFO - chord#: 122 done. best_score=137.0, changed=615, unchanged=299, early_stops=8/8
26 - INFO - chord#: 124 In build_straw_man_chord_sa. tolerance = 1, sa_iterations = 1000, initial_temperature = 3.0, cooling_rate = 0.999
26 - INFO - chord#: 122 done. best_score=78.0, changed=616, unchanged=294, early_stops=8/8
26 - INFO - chord#: 124 In build_straw_man_chord_sa. tolerance = 1, sa_iterations = 1000, initial_temperature = 3.0, cooling_rate = 0.999
26 - INFO - chord#: 122 done. best_score=67.0, changed=611, unchanged=321, early_stops=8/8
26 - INFO - chord#: 124 In build_straw_man_chord_sa. tolerance = 1, sa_iterations = 1000, initial_temperature = 3.0, cooling_rate = 0.999
26 - INFO - chord#: 120 done. best_score=27.0, changed=529, unchanged=458, early_stops=8/8
26 - INFO - chord#: 122 In build_straw_man_chord_sa. tolerance = 1, sa_iterations = 1000, initial_temperature = 3.0, cooling_rate = 0.999
26 - INFO - chord#: 124 done. best_score=27.0, changed=521, unchanged=400, early_stops=8/8
26 - INFO - chord#: 124 done. best_score=27.0, changed=519, unchanged=393, early_stops=8/8
26 - INFO - chord#: 124 done. best_score=27.0, changed=521, unchanged=396, early_stops=8/8
26 - INFO - chord#: 122 done. best_score=137.0, changed=606, unchanged=228, early_stops=8/8
26 - INFO - chord#: 124 In build_straw_man_chord_sa. tolerance = 1, sa_iterations = 1000, initial_temperature = 3.0, cooling_rate = 0.999
26 - INFO - chord#: 124 done. best_score=27.0, changed=519, unchanged=426, early_stops=8/8
26 - INFO - chord#: 0 In build_straw_man_chord_sa. tolerance = 1, sa_iterations = 1000, initial_temperature = 3.0, cooling_rate = 0.999
26 - INFO - chord#: 0 In build_straw_man_chord_sa. tolerance = 1, sa_iterations = 1000, initial_temperature = 3.0, cooling_rate = 0.999
26 - INFO - chord#: 0 In build_straw_man_chord_sa. tolerance = 1, sa_iterations = 1000, initial_temperature = 3.0, cooling_rate = 0.999
26 - INFO - chord#: 0 In build_straw_man_chord_sa. tolerance = 1, sa_iterations = 1000, initial_temperature = 3.0, cooling_rate = 0.999
26 - INFO - chord#: 0 In build_straw_man_chord_sa. tolerance = 1, sa_iterations = 1000, initial_temperature = 3.0, cooling_rate = 0.999
26 - INFO - chord#: 0 In build_straw_man_chord_sa. tolerance = 1, sa_iterations = 1000, initial_temperature = 3.0, cooling_rate = 0.999
26 - INFO - chord#: 0 In build_straw_man_chord_sa. tolerance = 1, sa_iterations = 1000, initial_temperature = 3.0, cooling_rate = 0.999
26 - INFO - chord#: 0 In build_straw_man_chord_sa. tolerance = 1, sa_iterations = 1000, initial_temperature = 3.0, cooling_rate = 0.999
26 - INFO - chord#: 0 In build_straw_man_chord_sa. tolerance = 1, sa_iterations = 1000, initial_temperature = 3.0, cooling_rate = 0.999
26 - INFO - chord#: 0 In build_straw_man_chord_sa. tolerance = 1, sa_iterations = 1000, initial_temperature = 3.0, cooling_rate = 0.999
26 - INFO - chord#: 0 In build_straw_man_chord_sa. tolerance = 1, sa_iterations = 1000, initial_temperature = 3.0, cooling_rate = 0.999
26 - INFO - chord#: 0 In build_straw_man_chord_sa. tolerance = 1, sa_iterations = 1000, initial_temperature = 3.0, cooling_rate = 0.999
26 - INFO - chord#: 0 done. best_score=27.0, changed=516, unchanged=368, early_stops=8/8
26 - INFO - chord#: 4 In build_straw_man_chord_sa. tolerance = 1, sa_iterations = 1000, initial_temperature = 3.0, cooling_rate = 0.999
26 - INFO - chord#: 0 done. best_score=27.0, changed=519, unchanged=428, early_stops=8/8
26 - INFO - chord#: 4 In build_straw_man_chord_sa. tolerance = 1, sa_iterations = 1000, initial_temperature = 3.0, cooling_rate = 0.999
26 - INFO - chord#: 0 done. best_score=27.0, changed=521, unchanged=353, early_stops=8/8
26 - INFO - chord#: 4 In build_straw_man_chord_sa. tolerance = 1, sa_iterations = 1000, initial_temperature = 3.0, cooling_rate = 0.999
26 - INFO - chord#: 0 done. best_score=27.0, changed=522, unchanged=387, early_stops=8/8
26 - INFO - chord#: 4 In build_straw_man_chord_sa. tolerance = 1, sa_iterations = 1000, initial_temperature = 3.0, cooling_rate = 0.999
26 - INFO - chord#: 0 done. best_score=27.0, changed=516, unchanged=357, early_stops=8/8
26 - INFO - chord#: 4 In build_straw_man_chord_sa. tolerance = 1, sa_iterations = 1000, initial_temperature = 3.0, cooling_rate = 0.999
26 - INFO - chord#: 0 done. best_score=27.0, changed=524, unchanged=472, early_stops=8/8
26 - INFO - chord#: 4 In build_straw_man_chord_sa. tolerance = 1, sa_iterations = 1000, initial_temperature = 3.0, cooling_rate = 0.999
26 - INFO - chord#: 0 done. best_score=27.0, changed=519, unchanged=363, early_stops=8/8
26 - INFO - chord#: 4 In build_straw_man_chord_sa. tolerance = 1, sa_iterations = 1000, initial_temperature = 3.0, cooling_rate = 0.999
26 - INFO - chord#: 0 done. best_score=27.0, changed=512, unchanged=373, early_stops=8/8
26 - INFO - chord#: 4 In build_straw_man_chord_sa. tolerance = 1, sa_iterations = 1000, initial_temperature = 3.0, cooling_rate = 0.999
26 - INFO - chord#: 0 done. best_score=27.0, changed=515, unchanged=374, early_stops=8/8
26 - INFO - chord#: 4 In build_straw_man_chord_sa. tolerance = 1, sa_iterations = 1000, initial_temperature = 3.0, cooling_rate = 0.999
26 - INFO - chord#: 0 done. best_score=27.0, changed=523, unchanged=488, early_stops=8/8
26 - INFO - chord#: 4 In build_straw_man_chord_sa. tolerance = 1, sa_iterations = 1000, initial_temperature = 3.0, cooling_rate = 0.999
26 - INFO - chord#: 0 done. best_score=27.0, changed=520, unchanged=409, early_stops=8/8
26 - INFO - chord#: 4 In build_straw_man_chord_sa. tolerance = 1, sa_iterations = 1000, initial_temperature = 3.0, cooling_rate = 0.999
26 - INFO - chord#: 0 done. best_score=27.0, changed=519, unchanged=469, early_stops=8/8
26 - INFO - chord#: 4 In build_straw_man_chord_sa. tolerance = 1, sa_iterations = 1000, initial_temperature = 3.0, cooling_rate = 0.999
26 - INFO - chord#: 4 done. best_score=27.0, changed=522, unchanged=371, early_stops=8/8
26 - INFO - chord#: 8 In build_straw_man_chord_sa. tolerance = 1, sa_iterations = 1000, initial_temperature = 3.0, cooling_rate = 0.999
26 - INFO - chord#: 4 done. best_score=27.0, changed=517, unchanged=331, early_stops=8/8
26 - INFO - chord#: 8 In build_straw_man_chord_sa. tolerance = 1, sa_iterations = 1000, initial_temperature = 3.0, cooling_rate = 0.999
26 - INFO - chord#: 4 done. best_score=27.0, changed=520, unchanged=399, early_stops=8/8
26 - INFO - chord#: 8 In build_straw_man_chord_sa. tolerance = 1, sa_iterations = 1000, initial_temperature = 3.0, cooling_rate = 0.999
26 - INFO - chord#: 4 done. best_score=27.0, changed=527, unchanged=372, early_stops=8/8
26 - INFO - chord#: 8 In build_straw_man_chord_sa. tolerance = 1, sa_iterations = 1000, initial_temperature = 3.0, cooling_rate = 0.999
26 - INFO - chord#: 4 done. best_score=27.0, changed=519, unchanged=409, early_stops=8/8
26 - INFO - chord#: 8 In build_straw_man_chord_sa. tolerance = 1, sa_iterations = 1000, initial_temperature = 3.0, cooling_rate = 0.999
26 - INFO - chord#: 4 done. best_score=27.0, changed=525, unchanged=388, early_stops=8/8
26 - INFO - chord#: 8 In build_straw_man_chord_sa. tolerance = 1, sa_iterations = 1000, initial_temperature = 3.0, cooling_rate = 0.999
26 - INFO - chord#: 4 done. best_score=27.0, changed=526, unchanged=455, early_stops=8/8
26 - INFO - chord#: 8 In build_straw_man_chord_sa. tolerance = 1, sa_iterations = 1000, initial_temperature = 3.0, cooling_rate = 0.999
26 - INFO - chord#: 4 done. best_score=27.0, changed=516, unchanged=335, early_stops=8/8
26 - INFO - chord#: 8 In build_straw_man_chord_sa. tolerance = 1, sa_iterations = 1000, initial_temperature = 3.0, cooling_rate = 0.999
26 - INFO - chord#: 4 done. best_score=27.0, changed=522, unchanged=461, early_stops=8/8
26 - INFO - chord#: 8 In build_straw_man_chord_sa. tolerance = 1, sa_iterations = 1000, initial_temperature = 3.0, cooling_rate = 0.999
26 - INFO - chord#: 4 done. best_score=27.0, changed=525, unchanged=450, early_stops=8/8
26 - INFO - chord#: 8 In build_straw_man_chord_sa. tolerance = 1, sa_iterations = 1000, initial_temperature = 3.0, cooling_rate = 0.999
26 - INFO - chord#: 4 done. best_score=27.0, changed=527, unchanged=494, early_stops=8/8
26 - INFO - chord#: 4 done. best_score=27.0, changed=520, unchanged=365, early_stops=8/8
26 - INFO - chord#: 8 In build_straw_man_chord_sa. tolerance = 1, sa_iterations = 1000, initial_temperature = 3.0, cooling_rate = 0.999
26 - INFO - chord#: 8 In build_straw_man_chord_sa. tolerance = 1, sa_iterations = 1000, initial_temperature = 3.0, cooling_rate = 0.999
26 - INFO - chord#: 8 done. best_score=27.0, changed=515, unchanged=387, early_stops=8/8
26 - INFO - chord#: 10 In build_straw_man_chord_sa. tolerance = 1, sa_iterations = 1000, initial_temperature = 3.0, cooling_rate = 0.999
26 - INFO - chord#: 8 done. best_score=27.0, changed=520, unchanged=380, early_stops=8/8
26 - INFO - chord#: 10 In build_straw_man_chord_sa. tolerance = 1, sa_iterations = 1000, initial_temperature = 3.0, cooling_rate = 0.999
26 - INFO - chord#: 8 done. best_score=27.0, changed=524, unchanged=472, early_stops=8/8
26 - INFO - chord#: 10 In build_straw_man_chord_sa. tolerance = 1, sa_iterations = 1000, initial_temperature = 3.0, cooling_rate = 0.999
26 - INFO - chord#: 8 done. best_score=27.0, changed=521, unchanged=485, early_stops=8/8
26 - INFO - chord#: 10 In build_straw_man_chord_sa. tolerance = 1, sa_iterations = 1000, initial_temperature = 3.0, cooling_rate = 0.999
26 - INFO - chord#: 8 done. best_score=27.0, changed=515, unchanged=313, early_stops=8/8
26 - INFO - chord#: 10 In build_straw_man_chord_sa. tolerance = 1, sa_iterations = 1000, initial_temperature = 3.0, cooling_rate = 0.999
26 - INFO - chord#: 8 done. best_score=27.0, changed=526, unchanged=377, early_stops=8/8
26 - INFO - chord#: 10 In build_straw_man_chord_sa. tolerance = 1, sa_iterations = 1000, initial_temperature = 3.0, cooling_rate = 0.999
26 - INFO - chord#: 8 done. best_score=27.0, changed=517, unchanged=357, early_stops=8/8
26 - INFO - chord#: 10 In build_straw_man_chord_sa. tolerance = 1, sa_iterations = 1000, initial_temperature = 3.0, cooling_rate = 0.999
26 - INFO - chord#: 8 done. best_score=27.0, changed=522, unchanged=405, early_stops=8/8
26 - INFO - chord#: 10 In build_straw_man_chord_sa. tolerance = 1, sa_iterations = 1000, initial_temperature = 3.0, cooling_rate = 0.999
26 - INFO - chord#: 8 done. best_score=27.0, changed=523, unchanged=314, early_stops=8/8
26 - INFO - chord#: 10 In build_straw_man_chord_sa. tolerance = 1, sa_iterations = 1000, initial_temperature = 3.0, cooling_rate = 0.999
26 - INFO - chord#: 8 done. best_score=27.0, changed=522, unchanged=382, early_stops=8/8
26 - INFO - chord#: 10 In build_straw_man_chord_sa. tolerance = 1, sa_iterations = 1000, initial_temperature = 3.0, cooling_rate = 0.999
26 - INFO - chord#: 8 done. best_score=27.0, changed=515, unchanged=444, early_stops=8/8
26 - INFO - chord#: 10 In build_straw_man_chord_sa. tolerance = 1, sa_iterations = 1000, initial_temperature = 3.0, cooling_rate = 0.999
26 - INFO - chord#: 8 done. best_score=27.0, changed=519, unchanged=443, early_stops=8/8
26 - INFO - chord#: 10 In build_straw_man_chord_sa. tolerance = 1, sa_iterations = 1000, initial_temperature = 3.0, cooling_rate = 0.999
26 - INFO - chord#: 10 done. best_score=157.0, changed=612, unchanged=324, early_stops=8/8
26 - INFO - chord#: 12 In build_straw_man_chord_sa. tolerance = 1, sa_iterations = 1000, initial_temperature = 3.0, cooling_rate = 0.999
26 - INFO - chord#: 10 done. best_score=67.0, changed=616, unchanged=347, early_stops=8/8
26 - INFO - chord#: 12 In build_straw_man_chord_sa. tolerance = 1, sa_iterations = 1000, initial_temperature = 3.0, cooling_rate = 0.999
26 - INFO - chord#: 10 done. best_score=96.0, changed=613, unchanged=361, early_stops=8/8
26 - INFO - chord#: 12 In build_straw_man_chord_sa. tolerance = 1, sa_iterations = 1000, initial_temperature = 3.0, cooling_rate = 0.999
26 - INFO - chord#: 10 done. best_score=96.0, changed=614, unchanged=414, early_stops=8/8
26 - INFO - chord#: 12 In build_straw_man_chord_sa. tolerance = 1, sa_iterations = 1000, initial_temperature = 3.0, cooling_rate = 0.999
26 - INFO - chord#: 10 done. best_score=157.0, changed=612, unchanged=363, early_stops=8/8
26 - INFO - chord#: 12 In build_straw_man_chord_sa. tolerance = 1, sa_iterations = 1000, initial_temperature = 3.0, cooling_rate = 0.999
26 - INFO - chord#: 10 done. best_score=67.0, changed=610, unchanged=240, early_stops=8/8
26 - INFO - chord#: 12 In build_straw_man_chord_sa. tolerance = 1, sa_iterations = 1000, initial_temperature = 3.0, cooling_rate = 0.999
26 - INFO - chord#: 10 done. best_score=96.0, changed=606, unchanged=225, early_stops=8/8
26 - INFO - chord#: 12 In build_straw_man_chord_sa. tolerance = 1, sa_iterations = 1000, initial_temperature = 3.0, cooling_rate = 0.999
26 - INFO - chord#: 12 done. best_score=27.0, changed=528, unchanged=373, early_stops=8/8
26 - INFO - chord#: 16 In build_straw_man_chord_sa. tolerance = 1, sa_iterations = 1000, initial_temperature = 3.0, cooling_rate = 0.999
26 - INFO - chord#: 10 done. best_score=78.0, changed=608, unchanged=353, early_stops=8/8
26 - INFO - chord#: 12 In build_straw_man_chord_sa. tolerance = 1, sa_iterations = 1000, initial_temperature = 3.0, cooling_rate = 0.999
26 - INFO - chord#: 10 done. best_score=67.0, changed=612, unchanged=211, early_stops=8/8
26 - INFO - chord#: 12 In build_straw_man_chord_sa. tolerance = 1, sa_iterations = 1000, initial_temperature = 3.0, cooling_rate = 0.999
26 - INFO - chord#: 12 done. best_score=27.0, changed=525, unchanged=368, early_stops=8/8
26 - INFO - chord#: 16 In build_straw_man_chord_sa. tolerance = 1, sa_iterations = 1000, initial_temperature = 3.0, cooling_rate = 0.999
26 - INFO - chord#: 12 done. best_score=27.0, changed=518, unchanged=350, early_stops=8/8
26 - INFO - chord#: 16 In build_straw_man_chord_sa. tolerance = 1, sa_iterations = 1000, initial_temperature = 3.0, cooling_rate = 0.999
26 - INFO - chord#: 12 done. best_score=27.0, changed=532, unchanged=370, early_stops=8/8
26 - INFO - chord#: 16 In build_straw_man_chord_sa. tolerance = 1, sa_iterations = 1000, initial_temperature = 3.0, cooling_rate = 0.999
26 - INFO - chord#: 10 done. best_score=67.0, changed=614, unchanged=306, early_stops=8/8
26 - INFO - chord#: 12 In build_straw_man_chord_sa. tolerance = 1, sa_iterations = 1000, initial_temperature = 3.0, cooling_rate = 0.999
26 - INFO - chord#: 12 done. best_score=27.0, changed=514, unchanged=354, early_stops=8/8
26 - INFO - chord#: 16 In build_straw_man_chord_sa. tolerance = 1, sa_iterations = 1000, initial_temperature = 3.0, cooling_rate = 0.999
26 - INFO - chord#: 10 done. best_score=67.0, changed=613, unchanged=301, early_stops=8/8
26 - INFO - chord#: 12 In build_straw_man_chord_sa. tolerance = 1, sa_iterations = 1000, initial_temperature = 3.0, cooling_rate = 0.999
26 - INFO - chord#: 10 done. best_score=67.0, changed=614, unchanged=395, early_stops=8/8
26 - INFO - chord#: 12 In build_straw_man_chord_sa. tolerance = 1, sa_iterations = 1000, initial_temperature = 3.0, cooling_rate = 0.999
26 - INFO - chord#: 12 done. best_score=27.0, changed=522, unchanged=321, early_stops=8/8
26 - INFO - chord#: 16 In build_straw_man_chord_sa. tolerance = 1, sa_iterations = 1000, initial_temperature = 3.0, cooling_rate = 0.999
26 - INFO - chord#: 12 done. best_score=27.0, changed=527, unchanged=359, early_stops=8/8
26 - INFO - chord#: 16 In build_straw_man_chord_sa. tolerance = 1, sa_iterations = 1000, initial_temperature = 3.0, cooling_rate = 0.999
26 - INFO - chord#: 16 done. best_score=27.0, changed=517, unchanged=504, early_stops=8/8
26 - INFO - chord#: 18 In build_straw_man_chord_sa. tolerance = 1, sa_iterations = 1000, initial_temperature = 3.0, cooling_rate = 0.999
26 - INFO - chord#: 12 done. best_score=27.0, changed=527, unchanged=446, early_stops=8/8
26 - INFO - chord#: 16 In build_straw_man_chord_sa. tolerance = 1, sa_iterations = 1000, initial_temperature = 3.0, cooling_rate = 0.999
26 - INFO - chord#: 12 done. best_score=27.0, changed=518, unchanged=349, early_stops=8/8
26 - INFO - chord#: 16 In build_straw_man_chord_sa. tolerance = 1, sa_iterations = 1000, initial_temperature = 3.0, cooling_rate = 0.999
26 - INFO - chord#: 16 done. best_score=27.0, changed=517, unchanged=422, early_stops=8/8
26 - INFO - chord#: 18 In build_straw_man_chord_sa. tolerance = 1, sa_iterations = 1000, initial_temperature = 3.0, cooling_rate = 0.999
26 - INFO - chord#: 16 done. best_score=27.0, changed=522, unchanged=490, early_stops=8/8
26 - INFO - chord#: 18 In build_straw_man_chord_sa. tolerance = 1, sa_iterations = 1000, initial_temperature = 3.0, cooling_rate = 0.999
26 - INFO - chord#: 16 done. best_score=27.0, changed=531, unchanged=688, early_stops=8/8
26 - INFO - chord#: 18 In build_straw_man_chord_sa. tolerance = 1, sa_iterations = 1000, initial_temperature = 3.0, cooling_rate = 0.999
26 - INFO - chord#: 12 done. best_score=27.0, changed=530, unchanged=318, early_stops=8/8
26 - INFO - chord#: 16 In build_straw_man_chord_sa. tolerance = 1, sa_iterations = 1000, initial_temperature = 3.0, cooling_rate = 0.999
26 - INFO - chord#: 12 done. best_score=27.0, changed=533, unchanged=361, early_stops=8/8
26 - INFO - chord#: 16 In build_straw_man_chord_sa. tolerance = 1, sa_iterations = 1000, initial_temperature = 3.0, cooling_rate = 0.999
26 - INFO - chord#: 12 done. best_score=27.0, changed=515, unchanged=317, early_stops=8/8
26 - INFO - chord#: 16 In build_straw_man_chord_sa. tolerance = 1, sa_iterations = 1000, initial_temperature = 3.0, cooling_rate = 0.999
26 - INFO - chord#: 16 done. best_score=27.0, changed=523, unchanged=404, early_stops=8/8
26 - INFO - chord#: 18 In build_straw_man_chord_sa. tolerance = 1, sa_iterations = 1000, initial_temperature = 3.0, cooling_rate = 0.999
26 - INFO - chord#: 16 done. best_score=27.0, changed=520, unchanged=380, early_stops=8/8
26 - INFO - chord#: 18 In build_straw_man_chord_sa. tolerance = 1, sa_iterations = 1000, initial_temperature = 3.0, cooling_rate = 0.999
26 - INFO - chord#: 16 done. best_score=27.0, changed=515, unchanged=320, early_stops=8/8
26 - INFO - chord#: 18 In build_straw_man_chord_sa. tolerance = 1, sa_iterations = 1000, initial_temperature = 3.0, cooling_rate = 0.999
26 - INFO - chord#: 16 done. best_score=27.0, changed=522, unchanged=386, early_stops=8/8
26 - INFO - chord#: 18 In build_straw_man_chord_sa. tolerance = 1, sa_iterations = 1000, initial_temperature = 3.0, cooling_rate = 0.999
26 - INFO - chord#: 16 done. best_score=27.0, changed=522, unchanged=505, early_stops=8/8
26 - INFO - chord#: 18 In build_straw_man_chord_sa. tolerance = 1, sa_iterations = 1000, initial_temperature = 3.0, cooling_rate = 0.999
26 - INFO - chord#: 16 done. best_score=27.0, changed=515, unchanged=344, early_stops=8/8
26 - INFO - chord#: 16 done. best_score=27.0, changed=521, unchanged=405, early_stops=8/8
26 - INFO - chord#: 18 In build_straw_man_chord_sa. tolerance = 1, sa_iterations = 1000, initial_temperature = 3.0, cooling_rate = 0.999
26 - INFO - chord#: 18 In build_straw_man_chord_sa. tolerance = 1, sa_iterations = 1000, initial_temperature = 3.0, cooling_rate = 0.999
26 - INFO - chord#: 16 done. best_score=27.0, changed=519, unchanged=341, early_stops=8/8
26 - INFO - chord#: 18 In build_straw_man_chord_sa. tolerance = 1, sa_iterations = 1000, initial_temperature = 3.0, cooling_rate = 0.999
26 - INFO - chord#: 18 done. best_score=70.0, changed=611, unchanged=306, early_stops=8/8
26 - INFO - chord#: 20 In build_straw_man_chord_sa. tolerance = 1, sa_iterations = 1000, initial_temperature = 3.0, cooling_rate = 0.999
26 - INFO - chord#: 18 done. best_score=75.0, changed=617, unchanged=375, early_stops=8/8
26 - INFO - chord#: 20 In build_straw_man_chord_sa. tolerance = 1, sa_iterations = 1000, initial_temperature = 3.0, cooling_rate = 0.999
26 - INFO - chord#: 18 done. best_score=70.0, changed=612, unchanged=364, early_stops=8/8
26 - INFO - chord#: 20 In build_straw_man_chord_sa. tolerance = 1, sa_iterations = 1000, initial_temperature = 3.0, cooling_rate = 0.999
26 - INFO - chord#: 18 done. best_score=75.0, changed=610, unchanged=237, early_stops=8/8
26 - INFO - chord#: 20 In build_straw_man_chord_sa. tolerance = 1, sa_iterations = 1000, initial_temperature = 3.0, cooling_rate = 0.999
26 - INFO - chord#: 18 done. best_score=75.0, changed=607, unchanged=268, early_stops=8/8
26 - INFO - chord#: 20 In build_straw_man_chord_sa. tolerance = 1, sa_iterations = 1000, initial_temperature = 3.0, cooling_rate = 0.999
26 - INFO - chord#: 18 done. best_score=70.0, changed=612, unchanged=444, early_stops=8/8
26 - INFO - chord#: 20 In build_straw_man_chord_sa. tolerance = 1, sa_iterations = 1000, initial_temperature = 3.0, cooling_rate = 0.999
26 - INFO - chord#: 20 done. best_score=27.0, changed=518, unchanged=339, early_stops=8/8
26 - INFO - chord#: 22 In build_straw_man_chord_sa. tolerance = 1, sa_iterations = 1000, initial_temperature = 3.0, cooling_rate = 0.999
26 - INFO - chord#: 20 done. best_score=27.0, changed=521, unchanged=314, early_stops=8/8
26 - INFO - chord#: 22 In build_straw_man_chord_sa. tolerance = 1, sa_iterations = 1000, initial_temperature = 3.0, cooling_rate = 0.999
26 - INFO - chord#: 20 done. best_score=27.0, changed=517, unchanged=389, early_stops=8/8
26 - INFO - chord#: 22 In build_straw_man_chord_sa. tolerance = 1, sa_iterations = 1000, initial_temperature = 3.0, cooling_rate = 0.999
26 - INFO - chord#: 20 done. best_score=27.0, changed=532, unchanged=356, early_stops=8/8
26 - INFO - chord#: 22 In build_straw_man_chord_sa. tolerance = 1, sa_iterations = 1000, initial_temperature = 3.0, cooling_rate = 0.999
26 - INFO - chord#: 20 done. best_score=27.0, changed=523, unchanged=369, early_stops=8/8
26 - INFO - chord#: 22 In build_straw_man_chord_sa. tolerance = 1, sa_iterations = 1000, initial_temperature = 3.0, cooling_rate = 0.999
26 - INFO - chord#: 20 done. best_score=27.0, changed=528, unchanged=422, early_stops=8/8
26 - INFO - chord#: 22 In build_straw_man_chord_sa. tolerance = 1, sa_iterations = 1000, initial_temperature = 3.0, cooling_rate = 0.999
26 - INFO - chord#: 18 done. best_score=70.0, changed=609, unchanged=378, early_stops=8/8
26 - INFO - chord#: 20 In build_straw_man_chord_sa. tolerance = 1, sa_iterations = 1000, initial_temperature = 3.0, cooling_rate = 0.999
26 - INFO - chord#: 18 done. best_score=75.0, changed=612, unchanged=271, early_stops=8/8
26 - INFO - chord#: 20 In build_straw_man_chord_sa. tolerance = 1, sa_iterations = 1000, initial_temperature = 3.0, cooling_rate = 0.999
26 - INFO - chord#: 18 done. best_score=104.0, changed=607, unchanged=237, early_stops=8/8
26 - INFO - chord#: 20 In build_straw_man_chord_sa. tolerance = 1, sa_iterations = 1000, initial_temperature = 3.0, cooling_rate = 0.999
26 - INFO - chord#: 18 done. best_score=70.0, changed=617, unchanged=441, early_stops=8/8
26 - INFO - chord#: 20 In build_straw_man_chord_sa. tolerance = 1, sa_iterations = 1000, initial_temperature = 3.0, cooling_rate = 0.999
26 - INFO - chord#: 18 done. best_score=141.0, changed=618, unchanged=432, early_stops=8/8
26 - INFO - chord#: 20 In build_straw_man_chord_sa. tolerance = 1, sa_iterations = 1000, initial_temperature = 3.0, cooling_rate = 0.999
26 - INFO - chord#: 20 done. best_score=27.0, changed=513, unchanged=346, early_stops=8/8
26 - INFO - chord#: 22 In build_straw_man_chord_sa. tolerance = 1, sa_iterations = 1000, initial_temperature = 3.0, cooling_rate = 0.999
26 - INFO - chord#: 20 done. best_score=27.0, changed=522, unchanged=342, early_stops=8/8
26 - INFO - chord#: 22 In build_straw_man_chord_sa. tolerance = 1, sa_iterations = 1000, initial_temperature = 3.0, cooling_rate = 0.999
26 - INFO - chord#: 20 done. best_score=27.0, changed=526, unchanged=326, early_stops=8/8
26 - INFO - chord#: 22 In build_straw_man_chord_sa. tolerance = 1, sa_iterations = 1000, initial_temperature = 3.0, cooling_rate = 0.999
26 - INFO - chord#: 22 done. best_score=146.0, changed=611, unchanged=245, early_stops=8/8
26 - INFO - chord#: 24 In build_straw_man_chord_sa. tolerance = 1, sa_iterations = 1000, initial_temperature = 3.0, cooling_rate = 0.999
26 - INFO - chord#: 18 done. best_score=70.0, changed=612, unchanged=527, early_stops=8/8
26 - INFO - chord#: 20 In build_straw_man_chord_sa. tolerance = 1, sa_iterations = 1000, initial_temperature = 3.0, cooling_rate = 0.999
26 - INFO - chord#: 22 done. best_score=96.0, changed=611, unchanged=259, early_stops=8/8
26 - INFO - chord#: 24 In build_straw_man_chord_sa. tolerance = 1, sa_iterations = 1000, initial_temperature = 3.0, cooling_rate = 0.999
26 - INFO - chord#: 22 done. best_score=140.0, changed=615, unchanged=492, early_stops=8/8
26 - INFO - chord#: 24 In build_straw_man_chord_sa. tolerance = 1, sa_iterations = 1000, initial_temperature = 3.0, cooling_rate = 0.999
26 - INFO - chord#: 20 done. best_score=27.0, changed=525, unchanged=453, early_stops=8/8
26 - INFO - chord#: 22 In build_straw_man_chord_sa. tolerance = 1, sa_iterations = 1000, initial_temperature = 3.0, cooling_rate = 0.999
26 - INFO - chord#: 22 done. best_score=96.0, changed=610, unchanged=361, early_stops=8/8
26 - INFO - chord#: 24 In build_straw_man_chord_sa. tolerance = 1, sa_iterations = 1000, initial_temperature = 3.0, cooling_rate = 0.999
26 - INFO - chord#: 20 done. best_score=27.0, changed=519, unchanged=338, early_stops=8/8
26 - INFO - chord#: 22 In build_straw_man_chord_sa. tolerance = 1, sa_iterations = 1000, initial_temperature = 3.0, cooling_rate = 0.999
26 - INFO - chord#: 24 done. best_score=36.0, changed=536, unchanged=531, early_stops=8/8
26 - INFO - chord#: 28 In build_straw_man_chord_sa. tolerance = 1, sa_iterations = 1000, initial_temperature = 3.0, cooling_rate = 0.999
26 - INFO - chord#: 20 done. best_score=27.0, changed=526, unchanged=351, early_stops=8/8
26 - INFO - chord#: 22 In build_straw_man_chord_sa. tolerance = 1, sa_iterations = 1000, initial_temperature = 3.0, cooling_rate = 0.999
26 - INFO - chord#: 22 done. best_score=125.0, changed=609, unchanged=308, early_stops=8/8
26 - INFO - chord#: 24 In build_straw_man_chord_sa. tolerance = 1, sa_iterations = 1000, initial_temperature = 3.0, cooling_rate = 0.999
26 - INFO - chord#: 22 done. best_score=64.0, changed=618, unchanged=707, early_stops=8/8
26 - INFO - chord#: 24 In build_straw_man_chord_sa. tolerance = 1, sa_iterations = 1000, initial_temperature = 3.0, cooling_rate = 0.999
26 - INFO - chord#: 24 done. best_score=36.0, changed=518, unchanged=308, early_stops=8/8
26 - INFO - chord#: 28 In build_straw_man_chord_sa. tolerance = 1, sa_iterations = 1000, initial_temperature = 3.0, cooling_rate = 0.999
26 - INFO - chord#: 24 done. best_score=36.0, changed=527, unchanged=428, early_stops=8/8
26 - INFO - chord#: 28 In build_straw_man_chord_sa. tolerance = 1, sa_iterations = 1000, initial_temperature = 3.0, cooling_rate = 0.999
26 - INFO - chord#: 24 done. best_score=36.0, changed=526, unchanged=581, early_stops=8/8
26 - INFO - chord#: 28 In build_straw_man_chord_sa. tolerance = 1, sa_iterations = 1000, initial_temperature = 3.0, cooling_rate = 0.999
26 - INFO - chord#: 28 done. best_score=27.0, changed=515, unchanged=375, early_stops=8/8
26 - INFO - chord#: 32 In build_straw_man_chord_sa. tolerance = 1, sa_iterations = 1000, initial_temperature = 3.0, cooling_rate = 0.999
26 - INFO - chord#: 24 done. best_score=36.0, changed=525, unchanged=369, early_stops=8/8
26 - INFO - chord#: 28 In build_straw_man_chord_sa. tolerance = 1, sa_iterations = 1000, initial_temperature = 3.0, cooling_rate = 0.999
26 - INFO - chord#: 22 done. best_score=125.0, changed=604, unchanged=219, early_stops=8/8
26 - INFO - chord#: 24 In build_straw_man_chord_sa. tolerance = 1, sa_iterations = 1000, initial_temperature = 3.0, cooling_rate = 0.999
26 - INFO - chord#: 24 done. best_score=36.0, changed=521, unchanged=378, early_stops=8/8
26 - INFO - chord#: 28 In build_straw_man_chord_sa. tolerance = 1, sa_iterations = 1000, initial_temperature = 3.0, cooling_rate = 0.999
26 - INFO - chord#: 28 done. best_score=27.0, changed=521, unchanged=562, early_stops=8/8
26 - INFO - chord#: 32 In build_straw_man_chord_sa. tolerance = 1, sa_iterations = 1000, initial_temperature = 3.0, cooling_rate = 0.999
26 - INFO - chord#: 22 done. best_score=64.0, changed=615, unchanged=381, early_stops=8/8
26 - INFO - chord#: 24 In build_straw_man_chord_sa. tolerance = 1, sa_iterations = 1000, initial_temperature = 3.0, cooling_rate = 0.999
26 - INFO - chord#: 28 done. best_score=27.0, changed=519, unchanged=482, early_stops=8/8
26 - INFO - chord#: 32 In build_straw_man_chord_sa. tolerance = 1, sa_iterations = 1000, initial_temperature = 3.0, cooling_rate = 0.999
26 - INFO - chord#: 32 done. best_score=27.0, changed=530, unchanged=470, early_stops=8/8
26 - INFO - chord#: 36 In build_straw_man_chord_sa. tolerance = 1, sa_iterations = 1000, initial_temperature = 3.0, cooling_rate = 0.999
26 - INFO - chord#: 28 done. best_score=27.0, changed=533, unchanged=504, early_stops=8/8
26 - INFO - chord#: 32 In build_straw_man_chord_sa. tolerance = 1, sa_iterations = 1000, initial_temperature = 3.0, cooling_rate = 0.999
26 - INFO - chord#: 28 done. best_score=27.0, changed=518, unchanged=390, early_stops=8/8
26 - INFO - chord#: 32 In build_straw_man_chord_sa. tolerance = 1, sa_iterations = 1000, initial_temperature = 3.0, cooling_rate = 0.999
26 - INFO - chord#: 22 done. best_score=64.0, changed=619, unchanged=515, early_stops=8/8
26 - INFO - chord#: 24 In build_straw_man_chord_sa. tolerance = 1, sa_iterations = 1000, initial_temperature = 3.0, cooling_rate = 0.999
26 - INFO - chord#: 22 done. best_score=146.0, changed=611, unchanged=310, early_stops=8/8
26 - INFO - chord#: 24 In build_straw_man_chord_sa. tolerance = 1, sa_iterations = 1000, initial_temperature = 3.0, cooling_rate = 0.999
26 - INFO - chord#: 22 done. best_score=64.0, changed=611, unchanged=259, early_stops=8/8
26 - INFO - chord#: 24 In build_straw_man_chord_sa. tolerance = 1, sa_iterations = 1000, initial_temperature = 3.0, cooling_rate = 0.999
26 - INFO - chord#: 24 done. best_score=36.0, changed=519, unchanged=335, early_stops=8/8
26 - INFO - chord#: 28 In build_straw_man_chord_sa. tolerance = 1, sa_iterations = 1000, initial_temperature = 3.0, cooling_rate = 0.999
26 - INFO - chord#: 32 done. best_score=27.0, changed=517, unchanged=307, early_stops=8/8
26 - INFO - chord#: 36 In build_straw_man_chord_sa. tolerance = 1, sa_iterations = 1000, initial_temperature = 3.0, cooling_rate = 0.999
26 - INFO - chord#: 28 done. best_score=27.0, changed=517, unchanged=381, early_stops=8/8
26 - INFO - chord#: 32 In build_straw_man_chord_sa. tolerance = 1, sa_iterations = 1000, initial_temperature = 3.0, cooling_rate = 0.999
26 - INFO - chord#: 32 done. best_score=27.0, changed=529, unchanged=418, early_stops=8/8
26 - INFO - chord#: 36 In build_straw_man_chord_sa. tolerance = 1, sa_iterations = 1000, initial_temperature = 3.0, cooling_rate = 0.999
26 - INFO - chord#: 36 done. best_score=35.0, changed=524, unchanged=309, early_stops=8/8
26 - INFO - chord#: 38 In build_straw_man_chord_sa. tolerance = 1, sa_iterations = 1000, initial_temperature = 3.0, cooling_rate = 0.999
26 - INFO - chord#: 22 done. best_score=64.0, changed=621, unchanged=415, early_stops=8/8
26 - INFO - chord#: 24 In build_straw_man_chord_sa. tolerance = 1, sa_iterations = 1000, initial_temperature = 3.0, cooling_rate = 0.999
26 - INFO - chord#: 24 done. best_score=36.0, changed=523, unchanged=335, early_stops=8/8
26 - INFO - chord#: 28 In build_straw_man_chord_sa. tolerance = 1, sa_iterations = 1000, initial_temperature = 3.0, cooling_rate = 0.999
26 - INFO - chord#: 32 done. best_score=27.0, changed=524, unchanged=431, early_stops=8/8
26 - INFO - chord#: 36 In build_straw_man_chord_sa. tolerance = 1, sa_iterations = 1000, initial_temperature = 3.0, cooling_rate = 0.999
26 - INFO - chord#: 32 done. best_score=27.0, changed=525, unchanged=423, early_stops=8/8
26 - INFO - chord#: 36 In build_straw_man_chord_sa. tolerance = 1, sa_iterations = 1000, initial_temperature = 3.0, cooling_rate = 0.999
26 - INFO - chord#: 36 done. best_score=35.0, changed=520, unchanged=332, early_stops=8/8
26 - INFO - chord#: 38 In build_straw_man_chord_sa. tolerance = 1, sa_iterations = 1000, initial_temperature = 3.0, cooling_rate = 0.999
26 - INFO - chord#: 24 done. best_score=36.0, changed=524, unchanged=506, early_stops=8/8
26 - INFO - chord#: 28 In build_straw_man_chord_sa. tolerance = 1, sa_iterations = 1000, initial_temperature = 3.0, cooling_rate = 0.999
26 - INFO - chord#: 24 done. best_score=36.0, changed=518, unchanged=331, early_stops=8/8
26 - INFO - chord#: 28 In build_straw_man_chord_sa. tolerance = 1, sa_iterations = 1000, initial_temperature = 3.0, cooling_rate = 0.999
26 - INFO - chord#: 24 done. best_score=36.0, changed=525, unchanged=418, early_stops=8/8
26 - INFO - chord#: 28 In build_straw_man_chord_sa. tolerance = 1, sa_iterations = 1000, initial_temperature = 3.0, cooling_rate = 0.999
26 - INFO - chord#: 36 done. best_score=35.0, changed=522, unchanged=409, early_stops=8/8
26 - INFO - chord#: 38 In build_straw_man_chord_sa. tolerance = 1, sa_iterations = 1000, initial_temperature = 3.0, cooling_rate = 0.999
26 - INFO - chord#: 38 done. best_score=36.0, changed=528, unchanged=364, early_stops=8/8
26 - INFO - chord#: 40 In build_straw_man_chord_sa. tolerance = 1, sa_iterations = 1000, initial_temperature = 3.0, cooling_rate = 0.999
26 - INFO - chord#: 28 done. best_score=27.0, changed=524, unchanged=456, early_stops=8/8
26 - INFO - chord#: 32 In build_straw_man_chord_sa. tolerance = 1, sa_iterations = 1000, initial_temperature = 3.0, cooling_rate = 0.999
26 - INFO - chord#: 32 done. best_score=27.0, changed=521, unchanged=323, early_stops=8/8
26 - INFO - chord#: 36 In build_straw_man_chord_sa. tolerance = 1, sa_iterations = 1000, initial_temperature = 3.0, cooling_rate = 0.999
26 - INFO - chord#: 36 done. best_score=35.0, changed=522, unchanged=374, early_stops=8/8
26 - INFO - chord#: 38 In build_straw_man_chord_sa. tolerance = 1, sa_iterations = 1000, initial_temperature = 3.0, cooling_rate = 0.999
26 - INFO - chord#: 36 done. best_score=35.0, changed=520, unchanged=400, early_stops=8/8
26 - INFO - chord#: 38 In build_straw_man_chord_sa. tolerance = 1, sa_iterations = 1000, initial_temperature = 3.0, cooling_rate = 0.999
26 - INFO - chord#: 24 done. best_score=36.0, changed=528, unchanged=480, early_stops=8/8
26 - INFO - chord#: 28 In build_straw_man_chord_sa. tolerance = 1, sa_iterations = 1000, initial_temperature = 3.0, cooling_rate = 0.999
26 - INFO - chord#: 38 done. best_score=36.0, changed=514, unchanged=320, early_stops=8/8
26 - INFO - chord#: 40 In build_straw_man_chord_sa. tolerance = 1, sa_iterations = 1000, initial_temperature = 3.0, cooling_rate = 0.999
26 - INFO - chord#: 28 done. best_score=27.0, changed=519, unchanged=400, early_stops=8/8
26 - INFO - chord#: 32 In build_straw_man_chord_sa. tolerance = 1, sa_iterations = 1000, initial_temperature = 3.0, cooling_rate = 0.999
26 - INFO - chord#: 28 done. best_score=27.0, changed=516, unchanged=398, early_stops=8/8
26 - INFO - chord#: 32 In build_straw_man_chord_sa. tolerance = 1, sa_iterations = 1000, initial_temperature = 3.0, cooling_rate = 0.999
26 - INFO - chord#: 38 done. best_score=36.0, changed=528, unchanged=387, early_stops=8/8
26 - INFO - chord#: 40 In build_straw_man_chord_sa. tolerance = 1, sa_iterations = 1000, initial_temperature = 3.0, cooling_rate = 0.999
26 - INFO - chord#: 28 done. best_score=27.0, changed=513, unchanged=345, early_stops=8/8
26 - INFO - chord#: 32 In build_straw_man_chord_sa. tolerance = 1, sa_iterations = 1000, initial_temperature = 3.0, cooling_rate = 0.999
26 - INFO - chord#: 28 done. best_score=27.0, changed=519, unchanged=444, early_stops=8/8
26 - INFO - chord#: 32 In build_straw_man_chord_sa. tolerance = 1, sa_iterations = 1000, initial_temperature = 3.0, cooling_rate = 0.999
26 - INFO - chord#: 38 done. best_score=36.0, changed=522, unchanged=401, early_stops=8/8
26 - INFO - chord#: 40 In build_straw_man_chord_sa. tolerance = 1, sa_iterations = 1000, initial_temperature = 3.0, cooling_rate = 0.999
26 - INFO - chord#: 32 done. best_score=27.0, changed=522, unchanged=368, early_stops=8/8
26 - INFO - chord#: 36 In build_straw_man_chord_sa. tolerance = 1, sa_iterations = 1000, initial_temperature = 3.0, cooling_rate = 0.999
26 - INFO - chord#: 40 done. best_score=27.0, changed=525, unchanged=448, early_stops=8/8
26 - INFO - chord#: 42 In build_straw_man_chord_sa. tolerance = 1, sa_iterations = 1000, initial_temperature = 3.0, cooling_rate = 0.999
26 - INFO - chord#: 36 done. best_score=35.0, changed=522, unchanged=372, early_stops=8/8
26 - INFO - chord#: 38 In build_straw_man_chord_sa. tolerance = 1, sa_iterations = 1000, initial_temperature = 3.0, cooling_rate = 0.999
26 - INFO - chord#: 38 done. best_score=36.0, changed=530, unchanged=470, early_stops=8/8
26 - INFO - chord#: 40 In build_straw_man_chord_sa. tolerance = 1, sa_iterations = 1000, initial_temperature = 3.0, cooling_rate = 0.999
26 - INFO - chord#: 40 done. best_score=27.0, changed=519, unchanged=553, early_stops=8/8
26 - INFO - chord#: 42 In build_straw_man_chord_sa. tolerance = 1, sa_iterations = 1000, initial_temperature = 3.0, cooling_rate = 0.999
26 - INFO - chord#: 32 done. best_score=27.0, changed=520, unchanged=403, early_stops=8/8
26 - INFO - chord#: 36 In build_straw_man_chord_sa. tolerance = 1, sa_iterations = 1000, initial_temperature = 3.0, cooling_rate = 0.999
26 - INFO - chord#: 28 done. best_score=27.0, changed=517, unchanged=389, early_stops=8/8
26 - INFO - chord#: 32 In build_straw_man_chord_sa. tolerance = 1, sa_iterations = 1000, initial_temperature = 3.0, cooling_rate = 0.999
26 - INFO - chord#: 32 done. best_score=27.0, changed=526, unchanged=324, early_stops=8/8
26 - INFO - chord#: 36 In build_straw_man_chord_sa. tolerance = 1, sa_iterations = 1000, initial_temperature = 3.0, cooling_rate = 0.999
26 - INFO - chord#: 40 done. best_score=27.0, changed=512, unchanged=351, early_stops=8/8
26 - INFO - chord#: 42 In build_straw_man_chord_sa. tolerance = 1, sa_iterations = 1000, initial_temperature = 3.0, cooling_rate = 0.999
26 - INFO - chord#: 32 done. best_score=27.0, changed=514, unchanged=307, early_stops=8/8
26 - INFO - chord#: 36 In build_straw_man_chord_sa. tolerance = 1, sa_iterations = 1000, initial_temperature = 3.0, cooling_rate = 0.999
26 - INFO - chord#: 36 done. best_score=35.0, changed=518, unchanged=333, early_stops=8/8
26 - INFO - chord#: 38 In build_straw_man_chord_sa. tolerance = 1, sa_iterations = 1000, initial_temperature = 3.0, cooling_rate = 0.999
26 - INFO - chord#: 40 done. best_score=27.0, changed=518, unchanged=424, early_stops=8/8
26 - INFO - chord#: 42 In build_straw_man_chord_sa. tolerance = 1, sa_iterations = 1000, initial_temperature = 3.0, cooling_rate = 0.999
26 - INFO - chord#: 32 done. best_score=27.0, changed=522, unchanged=406, early_stops=8/8
26 - INFO - chord#: 36 In build_straw_man_chord_sa. tolerance = 1, sa_iterations = 1000, initial_temperature = 3.0, cooling_rate = 0.999
26 - INFO - chord#: 38 done. best_score=36.0, changed=522, unchanged=376, early_stops=8/8
26 - INFO - chord#: 40 In build_straw_man_chord_sa. tolerance = 1, sa_iterations = 1000, initial_temperature = 3.0, cooling_rate = 0.999
26 - INFO - chord#: 40 done. best_score=27.0, changed=522, unchanged=477, early_stops=8/8
26 - INFO - chord#: 42 In build_straw_man_chord_sa. tolerance = 1, sa_iterations = 1000, initial_temperature = 3.0, cooling_rate = 0.999
26 - INFO - chord#: 36 done. best_score=35.0, changed=523, unchanged=413, early_stops=8/8
26 - INFO - chord#: 38 In build_straw_man_chord_sa. tolerance = 1, sa_iterations = 1000, initial_temperature = 3.0, cooling_rate = 0.999
26 - INFO - chord#: 36 done. best_score=35.0, changed=533, unchanged=376, early_stops=8/8
26 - INFO - chord#: 38 In build_straw_man_chord_sa. tolerance = 1, sa_iterations = 1000, initial_temperature = 3.0, cooling_rate = 0.999
26 - INFO - chord#: 32 done. best_score=27.0, changed=522, unchanged=464, early_stops=8/8
26 - INFO - chord#: 36 In build_straw_man_chord_sa. tolerance = 1, sa_iterations = 1000, initial_temperature = 3.0, cooling_rate = 0.999
26 - INFO - chord#: 36 done. best_score=35.0, changed=519, unchanged=356, early_stops=8/8
26 - INFO - chord#: 38 In build_straw_man_chord_sa. tolerance = 1, sa_iterations = 1000, initial_temperature = 3.0, cooling_rate = 0.999
26 - INFO - chord#: 38 done. best_score=36.0, changed=520, unchanged=320, early_stops=8/8
26 - INFO - chord#: 40 In build_straw_man_chord_sa. tolerance = 1, sa_iterations = 1000, initial_temperature = 3.0, cooling_rate = 0.999
26 - INFO - chord#: 36 done. best_score=35.0, changed=530, unchanged=421, early_stops=8/8
26 - INFO - chord#: 38 In build_straw_man_chord_sa. tolerance = 1, sa_iterations = 1000, initial_temperature = 3.0, cooling_rate = 0.999
26 - INFO - chord#: 38 done. best_score=36.0, changed=522, unchanged=343, early_stops=8/8
26 - INFO - chord#: 40 In build_straw_man_chord_sa. tolerance = 1, sa_iterations = 1000, initial_temperature = 3.0, cooling_rate = 0.999
26 - INFO - chord#: 42 done. best_score=82.0, changed=613, unchanged=434, early_stops=8/8
26 - INFO - chord#: 44 In build_straw_man_chord_sa. tolerance = 1, sa_iterations = 1000, initial_temperature = 3.0, cooling_rate = 0.999
26 - INFO - chord#: 42 done. best_score=82.0, changed=614, unchanged=289, early_stops=8/8
26 - INFO - chord#: 44 In build_straw_man_chord_sa. tolerance = 1, sa_iterations = 1000, initial_temperature = 3.0, cooling_rate = 0.999
26 - INFO - chord#: 40 done. best_score=27.0, changed=518, unchanged=372, early_stops=8/8
26 - INFO - chord#: 42 In build_straw_man_chord_sa. tolerance = 1, sa_iterations = 1000, initial_temperature = 3.0, cooling_rate = 0.999
26 - INFO - chord#: 42 done. best_score=82.0, changed=608, unchanged=252, early_stops=8/8
26 - INFO - chord#: 44 In build_straw_man_chord_sa. tolerance = 1, sa_iterations = 1000, initial_temperature = 3.0, cooling_rate = 0.999
26 - INFO - chord#: 36 done. best_score=35.0, changed=524, unchanged=348, early_stops=8/8
26 - INFO - chord#: 38 In build_straw_man_chord_sa. tolerance = 1, sa_iterations = 1000, initial_temperature = 3.0, cooling_rate = 0.999
26 - INFO - chord#: 38 done. best_score=36.0, changed=524, unchanged=375, early_stops=8/8
26 - INFO - chord#: 40 In build_straw_man_chord_sa. tolerance = 1, sa_iterations = 1000, initial_temperature = 3.0, cooling_rate = 0.999
26 - INFO - chord#: 38 done. best_score=36.0, changed=518, unchanged=365, early_stops=8/8
26 - INFO - chord#: 40 In build_straw_man_chord_sa. tolerance = 1, sa_iterations = 1000, initial_temperature = 3.0, cooling_rate = 0.999
26 - INFO - chord#: 40 done. best_score=27.0, changed=517, unchanged=355, early_stops=8/8
26 - INFO - chord#: 42 In build_straw_man_chord_sa. tolerance = 1, sa_iterations = 1000, initial_temperature = 3.0, cooling_rate = 0.999
26 - INFO - chord#: 44 done. best_score=27.0, changed=527, unchanged=365, early_stops=8/8
26 - INFO - chord#: 48 In build_straw_man_chord_sa. tolerance = 1, sa_iterations = 1000, initial_temperature = 3.0, cooling_rate = 0.999
26 - INFO - chord#: 40 done. best_score=27.0, changed=525, unchanged=497, early_stops=8/8
26 - INFO - chord#: 42 In build_straw_man_chord_sa. tolerance = 1, sa_iterations = 1000, initial_temperature = 3.0, cooling_rate = 0.999
26 - INFO - chord#: 44 done. best_score=27.0, changed=522, unchanged=358, early_stops=8/8
26 - INFO - chord#: 48 In build_straw_man_chord_sa. tolerance = 1, sa_iterations = 1000, initial_temperature = 3.0, cooling_rate = 0.999
26 - INFO - chord#: 42 done. best_score=82.0, changed=611, unchanged=457, early_stops=8/8
26 - INFO - chord#: 44 In build_straw_man_chord_sa. tolerance = 1, sa_iterations = 1000, initial_temperature = 3.0, cooling_rate = 0.999
26 - INFO - chord#: 38 done. best_score=36.0, changed=535, unchanged=395, early_stops=8/8
26 - INFO - chord#: 40 In build_straw_man_chord_sa. tolerance = 1, sa_iterations = 1000, initial_temperature = 3.0, cooling_rate = 0.999
26 - INFO - chord#: 44 done. best_score=27.0, changed=521, unchanged=337, early_stops=8/8
26 - INFO - chord#: 48 In build_straw_man_chord_sa. tolerance = 1, sa_iterations = 1000, initial_temperature = 3.0, cooling_rate = 0.999
26 - INFO - chord#: 42 done. best_score=82.0, changed=612, unchanged=394, early_stops=8/8
26 - INFO - chord#: 44 In build_straw_man_chord_sa. tolerance = 1, sa_iterations = 1000, initial_temperature = 3.0, cooling_rate = 0.999
26 - INFO - chord#: 38 done. best_score=36.0, changed=523, unchanged=447, early_stops=8/8
26 - INFO - chord#: 40 In build_straw_man_chord_sa. tolerance = 1, sa_iterations = 1000, initial_temperature = 3.0, cooling_rate = 0.999
26 - INFO - chord#: 40 done. best_score=27.0, changed=518, unchanged=352, early_stops=8/8
26 - INFO - chord#: 42 In build_straw_man_chord_sa. tolerance = 1, sa_iterations = 1000, initial_temperature = 3.0, cooling_rate = 0.999
26 - INFO - chord#: 40 done. best_score=27.0, changed=521, unchanged=468, early_stops=8/8
26 - INFO - chord#: 42 In build_straw_man_chord_sa. tolerance = 1, sa_iterations = 1000, initial_temperature = 3.0, cooling_rate = 0.999
26 - INFO - chord#: 48 done. best_score=27.0, changed=531, unchanged=479, early_stops=8/8
26 - INFO - chord#: 50 In build_straw_man_chord_sa. tolerance = 1, sa_iterations = 1000, initial_temperature = 3.0, cooling_rate = 0.999
26 - INFO - chord#: 44 done. best_score=27.0, changed=519, unchanged=383, early_stops=8/8
26 - INFO - chord#: 48 In build_straw_man_chord_sa. tolerance = 1, sa_iterations = 1000, initial_temperature = 3.0, cooling_rate = 0.999
26 - INFO - chord#: 44 done. best_score=27.0, changed=518, unchanged=306, early_stops=8/8
26 - INFO - chord#: 48 In build_straw_man_chord_sa. tolerance = 1, sa_iterations = 1000, initial_temperature = 3.0, cooling_rate = 0.999
26 - INFO - chord#: 48 done. best_score=27.0, changed=515, unchanged=305, early_stops=8/8
26 - INFO - chord#: 50 In build_straw_man_chord_sa. tolerance = 1, sa_iterations = 1000, initial_temperature = 3.0, cooling_rate = 0.999
26 - INFO - chord#: 48 done. best_score=27.0, changed=521, unchanged=453, early_stops=8/8
26 - INFO - chord#: 50 In build_straw_man_chord_sa. tolerance = 1, sa_iterations = 1000, initial_temperature = 3.0, cooling_rate = 0.999
26 - INFO - chord#: 40 done. best_score=27.0, changed=518, unchanged=493, early_stops=8/8
26 - INFO - chord#: 42 In build_straw_man_chord_sa. tolerance = 1, sa_iterations = 1000, initial_temperature = 3.0, cooling_rate = 0.999
26 - INFO - chord#: 42 done. best_score=82.0, changed=608, unchanged=242, early_stops=8/8
26 - INFO - chord#: 44 In build_straw_man_chord_sa. tolerance = 1, sa_iterations = 1000, initial_temperature = 3.0, cooling_rate = 0.999
26 - INFO - chord#: 42 done. best_score=120.0, changed=615, unchanged=349, early_stops=8/8
26 - INFO - chord#: 44 In build_straw_man_chord_sa. tolerance = 1, sa_iterations = 1000, initial_temperature = 3.0, cooling_rate = 0.999
26 - INFO - chord#: 50 done. best_score=31.0, changed=539, unchanged=341, early_stops=8/8
26 - INFO - chord#: 52 In build_straw_man_chord_sa. tolerance = 1, sa_iterations = 1000, initial_temperature = 3.0, cooling_rate = 0.999
26 - INFO - chord#: 48 done. best_score=27.0, changed=515, unchanged=379, early_stops=8/8
26 - INFO - chord#: 50 In build_straw_man_chord_sa. tolerance = 1, sa_iterations = 1000, initial_temperature = 3.0, cooling_rate = 0.999
26 - INFO - chord#: 50 done. best_score=31.0, changed=535, unchanged=375, early_stops=8/8
26 - INFO - chord#: 52 In build_straw_man_chord_sa. tolerance = 1, sa_iterations = 1000, initial_temperature = 3.0, cooling_rate = 0.999
26 - INFO - chord#: 50 done. best_score=31.0, changed=523, unchanged=337, early_stops=8/8
26 - INFO - chord#: 52 In build_straw_man_chord_sa. tolerance = 1, sa_iterations = 1000, initial_temperature = 3.0, cooling_rate = 0.999
26 - INFO - chord#: 48 done. best_score=27.0, changed=521, unchanged=374, early_stops=8/8
26 - INFO - chord#: 50 In build_straw_man_chord_sa. tolerance = 1, sa_iterations = 1000, initial_temperature = 3.0, cooling_rate = 0.999
26 - INFO - chord#: 40 done. best_score=27.0, changed=520, unchanged=523, early_stops=8/8
26 - INFO - chord#: 42 In build_straw_man_chord_sa. tolerance = 1, sa_iterations = 1000, initial_temperature = 3.0, cooling_rate = 0.999
26 - INFO - chord#: 44 done. best_score=27.0, changed=518, unchanged=458, early_stops=8/8
26 - INFO - chord#: 48 In build_straw_man_chord_sa. tolerance = 1, sa_iterations = 1000, initial_temperature = 3.0, cooling_rate = 0.999
26 - INFO - chord#: 50 done. best_score=31.0, changed=531, unchanged=297, early_stops=8/8
26 - INFO - chord#: 52 In build_straw_man_chord_sa. tolerance = 1, sa_iterations = 1000, initial_temperature = 3.0, cooling_rate = 0.999
26 - INFO - chord#: 42 done. best_score=82.0, changed=613, unchanged=316, early_stops=8/8
26 - INFO - chord#: 44 In build_straw_man_chord_sa. tolerance = 1, sa_iterations = 1000, initial_temperature = 3.0, cooling_rate = 0.999
26 - INFO - chord#: 50 done. best_score=31.0, changed=538, unchanged=375, early_stops=8/8
26 - INFO - chord#: 52 In build_straw_man_chord_sa. tolerance = 1, sa_iterations = 1000, initial_temperature = 3.0, cooling_rate = 0.999
26 - INFO - chord#: 44 done. best_score=27.0, changed=519, unchanged=382, early_stops=8/8
26 - INFO - chord#: 48 In build_straw_man_chord_sa. tolerance = 1, sa_iterations = 1000, initial_temperature = 3.0, cooling_rate = 0.999
26 - INFO - chord#: 42 done. best_score=120.0, changed=608, unchanged=215, early_stops=8/8
26 - INFO - chord#: 44 In build_straw_man_chord_sa. tolerance = 1, sa_iterations = 1000, initial_temperature = 3.0, cooling_rate = 0.999
26 - INFO - chord#: 42 done. best_score=82.0, changed=610, unchanged=317, early_stops=8/8
26 - INFO - chord#: 44 In build_straw_man_chord_sa. tolerance = 1, sa_iterations = 1000, initial_temperature = 3.0, cooling_rate = 0.999
26 - INFO - chord#: 48 done. best_score=27.0, changed=520, unchanged=320, early_stops=8/8
26 - INFO - chord#: 50 In build_straw_man_chord_sa. tolerance = 1, sa_iterations = 1000, initial_temperature = 3.0, cooling_rate = 0.999
26 - INFO - chord#: 44 done. best_score=27.0, changed=513, unchanged=375, early_stops=8/8
26 - INFO - chord#: 48 In build_straw_man_chord_sa. tolerance = 1, sa_iterations = 1000, initial_temperature = 3.0, cooling_rate = 0.999
26 - INFO - chord#: 42 done. best_score=82.0, changed=610, unchanged=344, early_stops=8/8
26 - INFO - chord#: 44 In build_straw_man_chord_sa. tolerance = 1, sa_iterations = 1000, initial_temperature = 3.0, cooling_rate = 0.999
26 - INFO - chord#: 52 done. best_score=64.0, changed=609, unchanged=304, early_stops=8/8
26 - INFO - chord#: 56 In build_straw_man_chord_sa. tolerance = 1, sa_iterations = 1000, initial_temperature = 3.0, cooling_rate = 0.999
26 - INFO - chord#: 48 done. best_score=27.0, changed=520, unchanged=356, early_stops=8/8
26 - INFO - chord#: 50 In build_straw_man_chord_sa. tolerance = 1, sa_iterations = 1000, initial_temperature = 3.0, cooling_rate = 0.999
26 - INFO - chord#: 52 done. best_score=64.0, changed=621, unchanged=394, early_stops=8/8
26 - INFO - chord#: 56 In build_straw_man_chord_sa. tolerance = 1, sa_iterations = 1000, initial_temperature = 3.0, cooling_rate = 0.999
26 - INFO - chord#: 42 done. best_score=82.0, changed=616, unchanged=288, early_stops=8/8
26 - INFO - chord#: 44 In build_straw_man_chord_sa. tolerance = 1, sa_iterations = 1000, initial_temperature = 3.0, cooling_rate = 0.999
26 - INFO - chord#: 52 done. best_score=125.0, changed=610, unchanged=437, early_stops=8/8
26 - INFO - chord#: 56 In build_straw_man_chord_sa. tolerance = 1, sa_iterations = 1000, initial_temperature = 3.0, cooling_rate = 0.999
26 - INFO - chord#: 50 done. best_score=31.0, changed=534, unchanged=345, early_stops=8/8
26 - INFO - chord#: 52 In build_straw_man_chord_sa. tolerance = 1, sa_iterations = 1000, initial_temperature = 3.0, cooling_rate = 0.999
26 - INFO - chord#: 44 done. best_score=27.0, changed=532, unchanged=414, early_stops=8/8
26 - INFO - chord#: 48 In build_straw_man_chord_sa. tolerance = 1, sa_iterations = 1000, initial_temperature = 3.0, cooling_rate = 0.999
26 - INFO - chord#: 52 done. best_score=157.0, changed=611, unchanged=264, early_stops=8/8
26 - INFO - chord#: 56 In build_straw_man_chord_sa. tolerance = 1, sa_iterations = 1000, initial_temperature = 3.0, cooling_rate = 0.999
26 - INFO - chord#: 44 done. best_score=27.0, changed=523, unchanged=389, early_stops=8/8
26 - INFO - chord#: 48 In build_straw_man_chord_sa. tolerance = 1, sa_iterations = 1000, initial_temperature = 3.0, cooling_rate = 0.999
26 - INFO - chord#: 56 done. best_score=27.0, changed=522, unchanged=400, early_stops=8/8
26 - INFO - chord#: 58 In build_straw_man_chord_sa. tolerance = 1, sa_iterations = 1000, initial_temperature = 3.0, cooling_rate = 0.999
26 - INFO - chord#: 52 done. best_score=71.0, changed=610, unchanged=339, early_stops=8/8
26 - INFO - chord#: 56 In build_straw_man_chord_sa. tolerance = 1, sa_iterations = 1000, initial_temperature = 3.0, cooling_rate = 0.999
26 - INFO - chord#: 44 done. best_score=57.0, changed=525, unchanged=328, early_stops=8/8
26 - INFO - chord#: 48 In build_straw_man_chord_sa. tolerance = 1, sa_iterations = 1000, initial_temperature = 3.0, cooling_rate = 0.999
26 - INFO - chord#: 48 done. best_score=27.0, changed=522, unchanged=351, early_stops=8/8
26 - INFO - chord#: 50 In build_straw_man_chord_sa. tolerance = 1, sa_iterations = 1000, initial_temperature = 3.0, cooling_rate = 0.999
26 - INFO - chord#: 56 done. best_score=27.0, changed=519, unchanged=362, early_stops=8/8
26 - INFO - chord#: 58 In build_straw_man_chord_sa. tolerance = 1, sa_iterations = 1000, initial_temperature = 3.0, cooling_rate = 0.999
26 - INFO - chord#: 50 done. best_score=31.0, changed=525, unchanged=313, early_stops=8/8
26 - INFO - chord#: 52 In build_straw_man_chord_sa. tolerance = 1, sa_iterations = 1000, initial_temperature = 3.0, cooling_rate = 0.999
26 - INFO - chord#: 56 done. best_score=27.0, changed=520, unchanged=408, early_stops=8/8
26 - INFO - chord#: 58 In build_straw_man_chord_sa. tolerance = 1, sa_iterations = 1000, initial_temperature = 3.0, cooling_rate = 0.999
26 - INFO - chord#: 44 done. best_score=27.0, changed=520, unchanged=380, early_stops=8/8
26 - INFO - chord#: 48 In build_straw_man_chord_sa. tolerance = 1, sa_iterations = 1000, initial_temperature = 3.0, cooling_rate = 0.999
26 - INFO - chord#: 48 done. best_score=27.0, changed=527, unchanged=384, early_stops=8/8
26 - INFO - chord#: 50 In build_straw_man_chord_sa. tolerance = 1, sa_iterations = 1000, initial_temperature = 3.0, cooling_rate = 0.999
26 - INFO - chord#: 56 done. best_score=27.0, changed=513, unchanged=448, early_stops=8/8
26 - INFO - chord#: 58 In build_straw_man_chord_sa. tolerance = 1, sa_iterations = 1000, initial_temperature = 3.0, cooling_rate = 0.999
26 - INFO - chord#: 48 done. best_score=27.0, changed=520, unchanged=406, early_stops=8/8
26 - INFO - chord#: 50 In build_straw_man_chord_sa. tolerance = 1, sa_iterations = 1000, initial_temperature = 3.0, cooling_rate = 0.999
26 - INFO - chord#: 56 done. best_score=27.0, changed=522, unchanged=447, early_stops=8/8
26 - INFO - chord#: 58 In build_straw_man_chord_sa. tolerance = 1, sa_iterations = 1000, initial_temperature = 3.0, cooling_rate = 0.999
26 - INFO - chord#: 50 done. best_score=31.0, changed=533, unchanged=317, early_stops=8/8
26 - INFO - chord#: 52 In build_straw_man_chord_sa. tolerance = 1, sa_iterations = 1000, initial_temperature = 3.0, cooling_rate = 0.999
26 - INFO - chord#: 48 done. best_score=27.0, changed=530, unchanged=331, early_stops=8/8
26 - INFO - chord#: 50 In build_straw_man_chord_sa. tolerance = 1, sa_iterations = 1000, initial_temperature = 3.0, cooling_rate = 0.999
26 - INFO - chord#: 52 done. best_score=64.0, changed=608, unchanged=308, early_stops=8/8
26 - INFO - chord#: 56 In build_straw_man_chord_sa. tolerance = 1, sa_iterations = 1000, initial_temperature = 3.0, cooling_rate = 0.999
26 - INFO - chord#: 50 done. best_score=31.0, changed=539, unchanged=290, early_stops=8/8
26 - INFO - chord#: 52 In build_straw_man_chord_sa. tolerance = 1, sa_iterations = 1000, initial_temperature = 3.0, cooling_rate = 0.999
26 - INFO - chord#: 50 done. best_score=31.0, changed=524, unchanged=309, early_stops=8/8
26 - INFO - chord#: 52 In build_straw_man_chord_sa. tolerance = 1, sa_iterations = 1000, initial_temperature = 3.0, cooling_rate = 0.999
26 - INFO - chord#: 48 done. best_score=27.0, changed=529, unchanged=568, early_stops=8/8
26 - INFO - chord#: 50 In build_straw_man_chord_sa. tolerance = 1, sa_iterations = 1000, initial_temperature = 3.0, cooling_rate = 0.999
26 - INFO - chord#: 58 done. best_score=67.0, changed=621, unchanged=320, early_stops=8/8
26 - INFO - chord#: 60 In build_straw_man_chord_sa. tolerance = 1, sa_iterations = 1000, initial_temperature = 3.0, cooling_rate = 0.999
26 - INFO - chord#: 58 done. best_score=96.0, changed=607, unchanged=208, early_stops=8/8
26 - INFO - chord#: 60 In build_straw_man_chord_sa. tolerance = 1, sa_iterations = 1000, initial_temperature = 3.0, cooling_rate = 0.999
26 - INFO - chord#: 50 done. best_score=31.0, changed=533, unchanged=399, early_stops=8/8
26 - INFO - chord#: 52 In build_straw_man_chord_sa. tolerance = 1, sa_iterations = 1000, initial_temperature = 3.0, cooling_rate = 0.999
26 - INFO - chord#: 58 done. best_score=67.0, changed=616, unchanged=405, early_stops=8/8
26 - INFO - chord#: 60 In build_straw_man_chord_sa. tolerance = 1, sa_iterations = 1000, initial_temperature = 3.0, cooling_rate = 0.999
26 - INFO - chord#: 56 done. best_score=27.0, changed=515, unchanged=373, early_stops=8/8
26 - INFO - chord#: 58 In build_straw_man_chord_sa. tolerance = 1, sa_iterations = 1000, initial_temperature = 3.0, cooling_rate = 0.999
26 - INFO - chord#: 50 done. best_score=31.0, changed=571, unchanged=281, early_stops=8/8
26 - INFO - chord#: 52 In build_straw_man_chord_sa. tolerance = 1, sa_iterations = 1000, initial_temperature = 3.0, cooling_rate = 0.999
26 - INFO - chord#: 52 done. best_score=146.0, changed=614, unchanged=299, early_stops=8/8
26 - INFO - chord#: 56 In build_straw_man_chord_sa. tolerance = 1, sa_iterations = 1000, initial_temperature = 3.0, cooling_rate = 0.999
26 - INFO - chord#: 58 done. best_score=67.0, changed=612, unchanged=367, early_stops=8/8
26 - INFO - chord#: 60 In build_straw_man_chord_sa. tolerance = 1, sa_iterations = 1000, initial_temperature = 3.0, cooling_rate = 0.999
26 - INFO - chord#: 60 done. best_score=27.0, changed=527, unchanged=441, early_stops=8/8
26 - INFO - chord#: 64 In build_straw_man_chord_sa. tolerance = 1, sa_iterations = 1000, initial_temperature = 3.0, cooling_rate = 0.999
26 - INFO - chord#: 60 done. best_score=27.0, changed=527, unchanged=473, early_stops=8/8
26 - INFO - chord#: 64 In build_straw_man_chord_sa. tolerance = 1, sa_iterations = 1000, initial_temperature = 3.0, cooling_rate = 0.999
26 - INFO - chord#: 58 done. best_score=157.0, changed=614, unchanged=338, early_stops=8/8
26 - INFO - chord#: 60 In build_straw_man_chord_sa. tolerance = 1, sa_iterations = 1000, initial_temperature = 3.0, cooling_rate = 0.999
26 - INFO - chord#: 60 done. best_score=27.0, changed=528, unchanged=446, early_stops=8/8
26 - INFO - chord#: 64 In build_straw_man_chord_sa. tolerance = 1, sa_iterations = 1000, initial_temperature = 3.0, cooling_rate = 0.999
26 - INFO - chord#: 60 done. best_score=27.0, changed=525, unchanged=350, early_stops=8/8
26 - INFO - chord#: 64 In build_straw_man_chord_sa. tolerance = 1, sa_iterations = 1000, initial_temperature = 3.0, cooling_rate = 0.999
26 - INFO - chord#: 52 done. best_score=64.0, changed=607, unchanged=290, early_stops=8/8
26 - INFO - chord#: 56 In build_straw_man_chord_sa. tolerance = 1, sa_iterations = 1000, initial_temperature = 3.0, cooling_rate = 0.999
26 - INFO - chord#: 64 done. best_score=27.0, changed=527, unchanged=361, early_stops=8/8
26 - INFO - chord#: 68 In build_straw_man_chord_sa. tolerance = 1, sa_iterations = 1000, initial_temperature = 3.0, cooling_rate = 0.999
26 - INFO - chord#: 52 done. best_score=157.0, changed=611, unchanged=235, early_stops=8/8
26 - INFO - chord#: 56 In build_straw_man_chord_sa. tolerance = 1, sa_iterations = 1000, initial_temperature = 3.0, cooling_rate = 0.999
26 - INFO - chord#: 64 done. best_score=27.0, changed=520, unchanged=406, early_stops=8/8
26 - INFO - chord#: 68 In build_straw_man_chord_sa. tolerance = 1, sa_iterations = 1000, initial_temperature = 3.0, cooling_rate = 0.999
26 - INFO - chord#: 60 done. best_score=27.0, changed=522, unchanged=309, early_stops=8/8
26 - INFO - chord#: 64 In build_straw_man_chord_sa. tolerance = 1, sa_iterations = 1000, initial_temperature = 3.0, cooling_rate = 0.999
26 - INFO - chord#: 56 done. best_score=27.0, changed=520, unchanged=397, early_stops=8/8
26 - INFO - chord#: 58 In build_straw_man_chord_sa. tolerance = 1, sa_iterations = 1000, initial_temperature = 3.0, cooling_rate = 0.999
26 - INFO - chord#: 64 done. best_score=27.0, changed=526, unchanged=379, early_stops=8/8
26 - INFO - chord#: 68 In build_straw_man_chord_sa. tolerance = 1, sa_iterations = 1000, initial_temperature = 3.0, cooling_rate = 0.999
26 - INFO - chord#: 52 done. best_score=146.0, changed=612, unchanged=230, early_stops=8/8
26 - INFO - chord#: 56 In build_straw_man_chord_sa. tolerance = 1, sa_iterations = 1000, initial_temperature = 3.0, cooling_rate = 0.999
26 - INFO - chord#: 58 done. best_score=67.0, changed=610, unchanged=212, early_stops=8/8
26 - INFO - chord#: 60 In build_straw_man_chord_sa. tolerance = 1, sa_iterations = 1000, initial_temperature = 3.0, cooling_rate = 0.999
26 - INFO - chord#: 64 done. best_score=27.0, changed=524, unchanged=363, early_stops=8/8
26 - INFO - chord#: 68 In build_straw_man_chord_sa. tolerance = 1, sa_iterations = 1000, initial_temperature = 3.0, cooling_rate = 0.999
26 - INFO - chord#: 52 done. best_score=64.0, changed=613, unchanged=251, early_stops=8/8
26 - INFO - chord#: 56 In build_straw_man_chord_sa. tolerance = 1, sa_iterations = 1000, initial_temperature = 3.0, cooling_rate = 0.999
26 - INFO - chord#: 64 done. best_score=27.0, changed=522, unchanged=415, early_stops=8/8
26 - INFO - chord#: 68 In build_straw_man_chord_sa. tolerance = 1, sa_iterations = 1000, initial_temperature = 3.0, cooling_rate = 0.999
26 - INFO - chord#: 68 done. best_score=36.0, changed=529, unchanged=344, early_stops=8/8
26 - INFO - chord#: 72 In build_straw_man_chord_sa. tolerance = 1, sa_iterations = 1000, initial_temperature = 3.0, cooling_rate = 0.999
26 - INFO - chord#: 68 done. best_score=36.0, changed=531, unchanged=356, early_stops=8/8
26 - INFO - chord#: 72 In build_straw_man_chord_sa. tolerance = 1, sa_iterations = 1000, initial_temperature = 3.0, cooling_rate = 0.999
26 - INFO - chord#: 68 done. best_score=36.0, changed=523, unchanged=441, early_stops=8/8
26 - INFO - chord#: 72 In build_straw_man_chord_sa. tolerance = 1, sa_iterations = 1000, initial_temperature = 3.0, cooling_rate = 0.999
26 - INFO - chord#: 60 done. best_score=27.0, changed=521, unchanged=318, early_stops=8/8
26 - INFO - chord#: 64 In build_straw_man_chord_sa. tolerance = 1, sa_iterations = 1000, initial_temperature = 3.0, cooling_rate = 0.999
26 - INFO - chord#: 56 done. best_score=27.0, changed=525, unchanged=453, early_stops=8/8
26 - INFO - chord#: 58 In build_straw_man_chord_sa. tolerance = 1, sa_iterations = 1000, initial_temperature = 3.0, cooling_rate = 0.999
26 - INFO - chord#: 56 done. best_score=27.0, changed=517, unchanged=477, early_stops=8/8
26 - INFO - chord#: 58 In build_straw_man_chord_sa. tolerance = 1, sa_iterations = 1000, initial_temperature = 3.0, cooling_rate = 0.999
26 - INFO - chord#: 56 done. best_score=27.0, changed=516, unchanged=385, early_stops=8/8
26 - INFO - chord#: 58 In build_straw_man_chord_sa. tolerance = 1, sa_iterations = 1000, initial_temperature = 3.0, cooling_rate = 0.999
26 - INFO - chord#: 68 done. best_score=36.0, changed=523, unchanged=463, early_stops=8/8
26 - INFO - chord#: 72 In build_straw_man_chord_sa. tolerance = 1, sa_iterations = 1000, initial_temperature = 3.0, cooling_rate = 0.999
26 - INFO - chord#: 68 done. best_score=36.0, changed=517, unchanged=386, early_stops=8/8
26 - INFO - chord#: 72 In build_straw_man_chord_sa. tolerance = 1, sa_iterations = 1000, initial_temperature = 3.0, cooling_rate = 0.999
26 - INFO - chord#: 72 done. best_score=27.0, changed=515, unchanged=394, early_stops=8/8
26 - INFO - chord#: 76 In build_straw_man_chord_sa. tolerance = 1, sa_iterations = 1000, initial_temperature = 3.0, cooling_rate = 0.999
26 - INFO - chord#: 72 done. best_score=27.0, changed=520, unchanged=335, early_stops=8/8
26 - INFO - chord#: 76 In build_straw_man_chord_sa. tolerance = 1, sa_iterations = 1000, initial_temperature = 3.0, cooling_rate = 0.999
26 - INFO - chord#: 72 done. best_score=27.0, changed=520, unchanged=401, early_stops=8/8
26 - INFO - chord#: 76 In build_straw_man_chord_sa. tolerance = 1, sa_iterations = 1000, initial_temperature = 3.0, cooling_rate = 0.999
26 - INFO - chord#: 52 done. best_score=64.0, changed=615, unchanged=446, early_stops=8/8
26 - INFO - chord#: 56 In build_straw_man_chord_sa. tolerance = 1, sa_iterations = 1000, initial_temperature = 3.0, cooling_rate = 0.999
26 - INFO - chord#: 64 done. best_score=27.0, changed=530, unchanged=408, early_stops=8/8
26 - INFO - chord#: 68 In build_straw_man_chord_sa. tolerance = 1, sa_iterations = 1000, initial_temperature = 3.0, cooling_rate = 0.999
26 - INFO - chord#: 56 done. best_score=27.0, changed=522, unchanged=535, early_stops=8/8
26 - INFO - chord#: 58 In build_straw_man_chord_sa. tolerance = 1, sa_iterations = 1000, initial_temperature = 3.0, cooling_rate = 0.999
26 - INFO - chord#: 76 done. best_score=27.0, changed=528, unchanged=348, early_stops=8/8
26 - INFO - chord#: 84 In build_straw_man_chord_sa. tolerance = 1, sa_iterations = 1000, initial_temperature = 3.0, cooling_rate = 0.999
26 - INFO - chord#: 72 done. best_score=27.0, changed=514, unchanged=433, early_stops=8/8
26 - INFO - chord#: 76 In build_straw_man_chord_sa. tolerance = 1, sa_iterations = 1000, initial_temperature = 3.0, cooling_rate = 0.999
26 - INFO - chord#: 72 done. best_score=27.0, changed=525, unchanged=408, early_stops=8/8
26 - INFO - chord#: 76 In build_straw_man_chord_sa. tolerance = 1, sa_iterations = 1000, initial_temperature = 3.0, cooling_rate = 0.999
26 - INFO - chord#: 76 done. best_score=27.0, changed=521, unchanged=351, early_stops=8/8
26 - INFO - chord#: 84 In build_straw_man_chord_sa. tolerance = 1, sa_iterations = 1000, initial_temperature = 3.0, cooling_rate = 0.999
26 - INFO - chord#: 76 done. best_score=27.0, changed=525, unchanged=499, early_stops=8/8
26 - INFO - chord#: 84 In build_straw_man_chord_sa. tolerance = 1, sa_iterations = 1000, initial_temperature = 3.0, cooling_rate = 0.999
26 - INFO - chord#: 58 done. best_score=96.0, changed=623, unchanged=387, early_stops=8/8
26 - INFO - chord#: 60 In build_straw_man_chord_sa. tolerance = 1, sa_iterations = 1000, initial_temperature = 3.0, cooling_rate = 0.999
26 - INFO - chord#: 56 done. best_score=36.0, changed=522, unchanged=361, early_stops=8/8
26 - INFO - chord#: 58 In build_straw_man_chord_sa. tolerance = 1, sa_iterations = 1000, initial_temperature = 3.0, cooling_rate = 0.999
26 - INFO - chord#: 68 done. best_score=36.0, changed=531, unchanged=461, early_stops=8/8
26 - INFO - chord#: 72 In build_straw_man_chord_sa. tolerance = 1, sa_iterations = 1000, initial_temperature = 3.0, cooling_rate = 0.999
26 - INFO - chord#: 76 done. best_score=27.0, changed=529, unchanged=418, early_stops=8/8
26 - INFO - chord#: 84 In build_straw_man_chord_sa. tolerance = 1, sa_iterations = 1000, initial_temperature = 3.0, cooling_rate = 0.999
26 - INFO - chord#: 76 done. best_score=27.0, changed=523, unchanged=492, early_stops=8/8
26 - INFO - chord#: 84 In build_straw_man_chord_sa. tolerance = 1, sa_iterations = 1000, initial_temperature = 3.0, cooling_rate = 0.999
26 - INFO - chord#: 84 done. best_score=27.0, changed=520, unchanged=424, early_stops=8/8
26 - INFO - chord#: 86 In build_straw_man_chord_sa. tolerance = 1, sa_iterations = 1000, initial_temperature = 3.0, cooling_rate = 0.999
26 - INFO - chord#: 84 done. best_score=27.0, changed=528, unchanged=331, early_stops=8/8
26 - INFO - chord#: 86 In build_straw_man_chord_sa. tolerance = 1, sa_iterations = 1000, initial_temperature = 3.0, cooling_rate = 0.999
26 - INFO - chord#: 84 done. best_score=27.0, changed=531, unchanged=561, early_stops=8/8
26 - INFO - chord#: 86 In build_straw_man_chord_sa. tolerance = 1, sa_iterations = 1000, initial_temperature = 3.0, cooling_rate = 0.999
26 - INFO - chord#: 58 done. best_score=67.0, changed=616, unchanged=305, early_stops=8/8
26 - INFO - chord#: 60 In build_straw_man_chord_sa. tolerance = 1, sa_iterations = 1000, initial_temperature = 3.0, cooling_rate = 0.999
26 - INFO - chord#: 60 done. best_score=27.0, changed=523, unchanged=344, early_stops=8/8
26 - INFO - chord#: 64 In build_straw_man_chord_sa. tolerance = 1, sa_iterations = 1000, initial_temperature = 3.0, cooling_rate = 0.999
26 - INFO - chord#: 72 done. best_score=27.0, changed=517, unchanged=367, early_stops=8/8
26 - INFO - chord#: 76 In build_straw_man_chord_sa. tolerance = 1, sa_iterations = 1000, initial_temperature = 3.0, cooling_rate = 0.999
26 - INFO - chord#: 58 done. best_score=78.0, changed=612, unchanged=362, early_stops=8/8
26 - INFO - chord#: 60 In build_straw_man_chord_sa. tolerance = 1, sa_iterations = 1000, initial_temperature = 3.0, cooling_rate = 0.999
26 - INFO - chord#: 58 done. best_score=137.0, changed=612, unchanged=274, early_stops=8/8
26 - INFO - chord#: 60 In build_straw_man_chord_sa. tolerance = 1, sa_iterations = 1000, initial_temperature = 3.0, cooling_rate = 0.999
26 - INFO - chord#: 84 done. best_score=27.0, changed=525, unchanged=388, early_stops=8/8
26 - INFO - chord#: 86 In build_straw_man_chord_sa. tolerance = 1, sa_iterations = 1000, initial_temperature = 3.0, cooling_rate = 0.999
26 - INFO - chord#: 84 done. best_score=27.0, changed=533, unchanged=405, early_stops=8/8
26 - INFO - chord#: 86 In build_straw_man_chord_sa. tolerance = 1, sa_iterations = 1000, initial_temperature = 3.0, cooling_rate = 0.999
26 - INFO - chord#: 58 done. best_score=67.0, changed=618, unchanged=303, early_stops=8/8
26 - INFO - chord#: 60 In build_straw_man_chord_sa. tolerance = 1, sa_iterations = 1000, initial_temperature = 3.0, cooling_rate = 0.999
26 - INFO - chord#: 76 done. best_score=27.0, changed=521, unchanged=353, early_stops=8/8
26 - INFO - chord#: 84 In build_straw_man_chord_sa. tolerance = 1, sa_iterations = 1000, initial_temperature = 3.0, cooling_rate = 0.999
26 - INFO - chord#: 64 done. best_score=27.0, changed=523, unchanged=391, early_stops=8/8
26 - INFO - chord#: 68 In build_straw_man_chord_sa. tolerance = 1, sa_iterations = 1000, initial_temperature = 3.0, cooling_rate = 0.999
26 - INFO - chord#: 60 done. best_score=27.0, changed=526, unchanged=437, early_stops=8/8
26 - INFO - chord#: 64 In build_straw_man_chord_sa. tolerance = 1, sa_iterations = 1000, initial_temperature = 3.0, cooling_rate = 0.999
26 - INFO - chord#: 60 done. best_score=27.0, changed=528, unchanged=335, early_stops=8/8
26 - INFO - chord#: 64 In build_straw_man_chord_sa. tolerance = 1, sa_iterations = 1000, initial_temperature = 3.0, cooling_rate = 0.999
26 - INFO - chord#: 60 done. best_score=27.0, changed=526, unchanged=411, early_stops=8/8
26 - INFO - chord#: 64 In build_straw_man_chord_sa. tolerance = 1, sa_iterations = 1000, initial_temperature = 3.0, cooling_rate = 0.999
26 - INFO - chord#: 58 done. best_score=78.0, changed=611, unchanged=287, early_stops=8/8
26 - INFO - chord#: 60 In build_straw_man_chord_sa. tolerance = 1, sa_iterations = 1000, initial_temperature = 3.0, cooling_rate = 0.999
26 - INFO - chord#: 86 done. best_score=74.0, changed=612, unchanged=311, early_stops=8/8
26 - INFO - chord#: 88 In build_straw_man_chord_sa. tolerance = 1, sa_iterations = 1000, initial_temperature = 3.0, cooling_rate = 0.999
26 - INFO - chord#: 86 done. best_score=96.0, changed=607, unchanged=297, early_stops=8/8
26 - INFO - chord#: 88 In build_straw_man_chord_sa. tolerance = 1, sa_iterations = 1000, initial_temperature = 3.0, cooling_rate = 0.999
26 - INFO - chord#: 86 done. best_score=74.0, changed=609, unchanged=222, early_stops=8/8
26 - INFO - chord#: 88 In build_straw_man_chord_sa. tolerance = 1, sa_iterations = 1000, initial_temperature = 3.0, cooling_rate = 0.999
26 - INFO - chord#: 60 done. best_score=27.0, changed=527, unchanged=337, early_stops=8/8
26 - INFO - chord#: 64 In build_straw_man_chord_sa. tolerance = 1, sa_iterations = 1000, initial_temperature = 3.0, cooling_rate = 0.999
26 - INFO - chord#: 84 done. best_score=27.0, changed=530, unchanged=358, early_stops=8/8
26 - INFO - chord#: 86 In build_straw_man_chord_sa. tolerance = 1, sa_iterations = 1000, initial_temperature = 3.0, cooling_rate = 0.999
26 - INFO - chord#: 64 done. best_score=27.0, changed=517, unchanged=310, early_stops=8/8
26 - INFO - chord#: 68 In build_straw_man_chord_sa. tolerance = 1, sa_iterations = 1000, initial_temperature = 3.0, cooling_rate = 0.999
26 - INFO - chord#: 68 done. best_score=36.0, changed=516, unchanged=323, early_stops=8/8
26 - INFO - chord#: 72 In build_straw_man_chord_sa. tolerance = 1, sa_iterations = 1000, initial_temperature = 3.0, cooling_rate = 0.999
26 - INFO - chord#: 64 done. best_score=27.0, changed=527, unchanged=402, early_stops=8/8
26 - INFO - chord#: 68 In build_straw_man_chord_sa. tolerance = 1, sa_iterations = 1000, initial_temperature = 3.0, cooling_rate = 0.999
26 - INFO - chord#: 64 done. best_score=27.0, changed=522, unchanged=388, early_stops=8/8
26 - INFO - chord#: 68 In build_straw_man_chord_sa. tolerance = 1, sa_iterations = 1000, initial_temperature = 3.0, cooling_rate = 0.999
26 - INFO - chord#: 86 done. best_score=96.0, changed=613, unchanged=294, early_stops=8/8
26 - INFO - chord#: 88 In build_straw_man_chord_sa. tolerance = 1, sa_iterations = 1000, initial_temperature = 3.0, cooling_rate = 0.999
26 - INFO - chord#: 60 done. best_score=27.0, changed=523, unchanged=358, early_stops=8/8
26 - INFO - chord#: 64 In build_straw_man_chord_sa. tolerance = 1, sa_iterations = 1000, initial_temperature = 3.0, cooling_rate = 0.999
26 - INFO - chord#: 86 done. best_score=74.0, changed=611, unchanged=394, early_stops=8/8
26 - INFO - chord#: 88 In build_straw_man_chord_sa. tolerance = 1, sa_iterations = 1000, initial_temperature = 3.0, cooling_rate = 0.999
26 - INFO - chord#: 64 done. best_score=27.0, changed=518, unchanged=368, early_stops=8/8
26 - INFO - chord#: 68 In build_straw_man_chord_sa. tolerance = 1, sa_iterations = 1000, initial_temperature = 3.0, cooling_rate = 0.999
26 - INFO - chord#: 68 done. best_score=36.0, changed=528, unchanged=322, early_stops=8/8
26 - INFO - chord#: 72 In build_straw_man_chord_sa. tolerance = 1, sa_iterations = 1000, initial_temperature = 3.0, cooling_rate = 0.999
26 - INFO - chord#: 72 done. best_score=27.0, changed=518, unchanged=316, early_stops=8/8
26 - INFO - chord#: 76 In build_straw_man_chord_sa. tolerance = 1, sa_iterations = 1000, initial_temperature = 3.0, cooling_rate = 0.999
26 - INFO - chord#: 88 done. best_score=101.0, changed=607, unchanged=207, early_stops=8/8
26 - INFO - chord#: 90 In build_straw_man_chord_sa. tolerance = 1, sa_iterations = 1000, initial_temperature = 3.0, cooling_rate = 0.999
26 - INFO - chord#: 68 done. best_score=36.0, changed=521, unchanged=329, early_stops=8/8
26 - INFO - chord#: 72 In build_straw_man_chord_sa. tolerance = 1, sa_iterations = 1000, initial_temperature = 3.0, cooling_rate = 0.999
26 - INFO - chord#: 88 done. best_score=96.0, changed=606, unchanged=230, early_stops=8/8
26 - INFO - chord#: 90 In build_straw_man_chord_sa. tolerance = 1, sa_iterations = 1000, initial_temperature = 3.0, cooling_rate = 0.999
26 - INFO - chord#: 68 done. best_score=36.0, changed=524, unchanged=338, early_stops=8/8
26 - INFO - chord#: 72 In build_straw_man_chord_sa. tolerance = 1, sa_iterations = 1000, initial_temperature = 3.0, cooling_rate = 0.999
26 - INFO - chord#: 64 done. best_score=27.0, changed=524, unchanged=407, early_stops=8/8
26 - INFO - chord#: 68 In build_straw_man_chord_sa. tolerance = 1, sa_iterations = 1000, initial_temperature = 3.0, cooling_rate = 0.999
26 - INFO - chord#: 68 done. best_score=36.0, changed=521, unchanged=436, early_stops=8/8
26 - INFO - chord#: 72 In build_straw_man_chord_sa. tolerance = 1, sa_iterations = 1000, initial_temperature = 3.0, cooling_rate = 0.999
26 - INFO - chord#: 90 done. best_score=36.0, changed=534, unchanged=322, early_stops=8/8
26 - INFO - chord#: 92 In build_straw_man_chord_sa. tolerance = 1, sa_iterations = 1000, initial_temperature = 3.0, cooling_rate = 0.999
26 - INFO - chord#: 86 done. best_score=172.0, changed=610, unchanged=335, early_stops=8/8
26 - INFO - chord#: 88 In build_straw_man_chord_sa. tolerance = 1, sa_iterations = 1000, initial_temperature = 3.0, cooling_rate = 0.999
26 - INFO - chord#: 88 done. best_score=96.0, changed=609, unchanged=381, early_stops=8/8
26 - INFO - chord#: 90 In build_straw_man_chord_sa. tolerance = 1, sa_iterations = 1000, initial_temperature = 3.0, cooling_rate = 0.999
26 - INFO - chord#: 76 done. best_score=27.0, changed=529, unchanged=365, early_stops=8/8
26 - INFO - chord#: 84 In build_straw_man_chord_sa. tolerance = 1, sa_iterations = 1000, initial_temperature = 3.0, cooling_rate = 0.999
26 - INFO - chord#: 90 done. best_score=36.0, changed=525, unchanged=314, early_stops=8/8
26 - INFO - chord#: 92 In build_straw_man_chord_sa. tolerance = 1, sa_iterations = 1000, initial_temperature = 3.0, cooling_rate = 0.999
26 - INFO - chord#: 72 done. best_score=27.0, changed=527, unchanged=548, early_stops=8/8
26 - INFO - chord#: 76 In build_straw_man_chord_sa. tolerance = 1, sa_iterations = 1000, initial_temperature = 3.0, cooling_rate = 0.999
26 - INFO - chord#: 72 done. best_score=27.0, changed=519, unchanged=366, early_stops=8/8
26 - INFO - chord#: 76 In build_straw_man_chord_sa. tolerance = 1, sa_iterations = 1000, initial_temperature = 3.0, cooling_rate = 0.999
26 - INFO - chord#: 72 done. best_score=27.0, changed=518, unchanged=422, early_stops=8/8
26 - INFO - chord#: 76 In build_straw_man_chord_sa. tolerance = 1, sa_iterations = 1000, initial_temperature = 3.0, cooling_rate = 0.999
26 - INFO - chord#: 68 done. best_score=36.0, changed=519, unchanged=401, early_stops=8/8
26 - INFO - chord#: 72 In build_straw_man_chord_sa. tolerance = 1, sa_iterations = 1000, initial_temperature = 3.0, cooling_rate = 0.999
26 - INFO - chord#: 88 done. best_score=137.0, changed=616, unchanged=359, early_stops=8/8
26 - INFO - chord#: 90 In build_straw_man_chord_sa. tolerance = 1, sa_iterations = 1000, initial_temperature = 3.0, cooling_rate = 0.999
26 - INFO - chord#: 88 done. best_score=78.0, changed=615, unchanged=328, early_stops=8/8
26 - INFO - chord#: 90 In build_straw_man_chord_sa. tolerance = 1, sa_iterations = 1000, initial_temperature = 3.0, cooling_rate = 0.999
26 - INFO - chord#: 72 done. best_score=27.0, changed=518, unchanged=384, early_stops=8/8
26 - INFO - chord#: 90 done. best_score=36.0, changed=534, unchanged=331, early_stops=8/8
26 - INFO - chord#: 76 In build_straw_man_chord_sa. tolerance = 1, sa_iterations = 1000, initial_temperature = 3.0, cooling_rate = 0.999
26 - INFO - chord#: 92 In build_straw_man_chord_sa. tolerance = 1, sa_iterations = 1000, initial_temperature = 3.0, cooling_rate = 0.999
26 - INFO - chord#: 92 done. best_score=27.0, changed=525, unchanged=415, early_stops=8/8
26 - INFO - chord#: 96 In build_straw_man_chord_sa. tolerance = 1, sa_iterations = 1000, initial_temperature = 3.0, cooling_rate = 0.999
26 - INFO - chord#: 92 done. best_score=27.0, changed=522, unchanged=314, early_stops=8/8
26 - INFO - chord#: 96 In build_straw_man_chord_sa. tolerance = 1, sa_iterations = 1000, initial_temperature = 3.0, cooling_rate = 0.999
26 - INFO - chord#: 84 done. best_score=27.0, changed=521, unchanged=361, early_stops=8/8
26 - INFO - chord#: 86 In build_straw_man_chord_sa. tolerance = 1, sa_iterations = 1000, initial_temperature = 3.0, cooling_rate = 0.999
26 - INFO - chord#: 76 done. best_score=27.0, changed=527, unchanged=380, early_stops=8/8
26 - INFO - chord#: 84 In build_straw_man_chord_sa. tolerance = 1, sa_iterations = 1000, initial_temperature = 3.0, cooling_rate = 0.999
26 - INFO - chord#: 76 done. best_score=27.0, changed=526, unchanged=404, early_stops=8/8
26 - INFO - chord#: 84 In build_straw_man_chord_sa. tolerance = 1, sa_iterations = 1000, initial_temperature = 3.0, cooling_rate = 0.999
26 - INFO - chord#: 90 done. best_score=36.0, changed=527, unchanged=330, early_stops=8/8
26 - INFO - chord#: 92 In build_straw_man_chord_sa. tolerance = 1, sa_iterations = 1000, initial_temperature = 3.0, cooling_rate = 0.999
26 - INFO - chord#: 90 done. best_score=36.0, changed=532, unchanged=330, early_stops=8/8
26 - INFO - chord#: 92 In build_straw_man_chord_sa. tolerance = 1, sa_iterations = 1000, initial_temperature = 3.0, cooling_rate = 0.999
26 - INFO - chord#: 76 done. best_score=27.0, changed=525, unchanged=373, early_stops=8/8
26 - INFO - chord#: 84 In build_straw_man_chord_sa. tolerance = 1, sa_iterations = 1000, initial_temperature = 3.0, cooling_rate = 0.999
26 - INFO - chord#: 92 done. best_score=27.0, changed=518, unchanged=469, early_stops=8/8
26 - INFO - chord#: 96 In build_straw_man_chord_sa. tolerance = 1, sa_iterations = 1000, initial_temperature = 3.0, cooling_rate = 0.999
26 - INFO - chord#: 76 done. best_score=27.0, changed=515, unchanged=327, early_stops=8/8
26 - INFO - chord#: 84 In build_straw_man_chord_sa. tolerance = 1, sa_iterations = 1000, initial_temperature = 3.0, cooling_rate = 0.999
26 - INFO - chord#: 96 done. best_score=27.0, changed=519, unchanged=518, early_stops=8/8
26 - INFO - chord#: 100 In build_straw_man_chord_sa. tolerance = 1, sa_iterations = 1000, initial_temperature = 3.0, cooling_rate = 0.999
26 - INFO - chord#: 96 done. best_score=27.0, changed=523, unchanged=512, early_stops=8/8
26 - INFO - chord#: 100 In build_straw_man_chord_sa. tolerance = 1, sa_iterations = 1000, initial_temperature = 3.0, cooling_rate = 0.999
26 - INFO - chord#: 88 done. best_score=131.0, changed=613, unchanged=295, early_stops=8/8
26 - INFO - chord#: 90 In build_straw_man_chord_sa. tolerance = 1, sa_iterations = 1000, initial_temperature = 3.0, cooling_rate = 0.999
26 - INFO - chord#: 72 done. best_score=27.0, changed=528, unchanged=541, early_stops=8/8
26 - INFO - chord#: 76 In build_straw_man_chord_sa. tolerance = 1, sa_iterations = 1000, initial_temperature = 3.0, cooling_rate = 0.999
26 - INFO - chord#: 84 done. best_score=27.0, changed=518, unchanged=342, early_stops=8/8
26 - INFO - chord#: 86 In build_straw_man_chord_sa. tolerance = 1, sa_iterations = 1000, initial_temperature = 3.0, cooling_rate = 0.999
26 - INFO - chord#: 92 done. best_score=27.0, changed=516, unchanged=336, early_stops=8/8
26 - INFO - chord#: 96 In build_straw_man_chord_sa. tolerance = 1, sa_iterations = 1000, initial_temperature = 3.0, cooling_rate = 0.999
26 - INFO - chord#: 84 done. best_score=27.0, changed=517, unchanged=362, early_stops=8/8
26 - INFO - chord#: 86 In build_straw_man_chord_sa. tolerance = 1, sa_iterations = 1000, initial_temperature = 3.0, cooling_rate = 0.999
26 - INFO - chord#: 92 done. best_score=27.0, changed=519, unchanged=439, early_stops=8/8
26 - INFO - chord#: 96 In build_straw_man_chord_sa. tolerance = 1, sa_iterations = 1000, initial_temperature = 3.0, cooling_rate = 0.999
26 - INFO - chord#: 84 done. best_score=27.0, changed=517, unchanged=325, early_stops=8/8
26 - INFO - chord#: 86 In build_straw_man_chord_sa. tolerance = 1, sa_iterations = 1000, initial_temperature = 3.0, cooling_rate = 0.999
26 - INFO - chord#: 90 done. best_score=36.0, changed=545, unchanged=277, early_stops=8/8
26 - INFO - chord#: 92 In build_straw_man_chord_sa. tolerance = 1, sa_iterations = 1000, initial_temperature = 3.0, cooling_rate = 0.999
26 - INFO - chord#: 96 done. best_score=27.0, changed=517, unchanged=400, early_stops=8/8
26 - INFO - chord#: 100 In build_straw_man_chord_sa. tolerance = 1, sa_iterations = 1000, initial_temperature = 3.0, cooling_rate = 0.999
26 - INFO - chord#: 84 done. best_score=27.0, changed=524, unchanged=342, early_stops=8/8
26 - INFO - chord#: 86 In build_straw_man_chord_sa. tolerance = 1, sa_iterations = 1000, initial_temperature = 3.0, cooling_rate = 0.999
26 - INFO - chord#: 76 done. best_score=27.0, changed=527, unchanged=397, early_stops=8/8
26 - INFO - chord#: 84 In build_straw_man_chord_sa. tolerance = 1, sa_iterations = 1000, initial_temperature = 3.0, cooling_rate = 0.999
26 - INFO - chord#: 96 done. best_score=27.0, changed=518, unchanged=521, early_stops=8/8
26 - INFO - chord#: 100 In build_straw_man_chord_sa. tolerance = 1, sa_iterations = 1000, initial_temperature = 3.0, cooling_rate = 0.999
26 - INFO - chord#: 96 done. best_score=27.0, changed=519, unchanged=375, early_stops=8/8
26 - INFO - chord#: 100 In build_straw_man_chord_sa. tolerance = 1, sa_iterations = 1000, initial_temperature = 3.0, cooling_rate = 0.999
26 - INFO - chord#: 92 done. best_score=27.0, changed=516, unchanged=442, early_stops=8/8
26 - INFO - chord#: 96 In build_straw_man_chord_sa. tolerance = 1, sa_iterations = 1000, initial_temperature = 3.0, cooling_rate = 0.999
26 - INFO - chord#: 86 done. best_score=74.0, changed=617, unchanged=356, early_stops=8/8
26 - INFO - chord#: 88 In build_straw_man_chord_sa. tolerance = 1, sa_iterations = 1000, initial_temperature = 3.0, cooling_rate = 0.999
26 - INFO - chord#: 100 done. best_score=67.0, changed=610, unchanged=358, early_stops=8/8
26 - INFO - chord#: 104 In build_straw_man_chord_sa. tolerance = 1, sa_iterations = 1000, initial_temperature = 3.0, cooling_rate = 0.999
26 - INFO - chord#: 84 done. best_score=27.0, changed=529, unchanged=371, early_stops=8/8
26 - INFO - chord#: 86 In build_straw_man_chord_sa. tolerance = 1, sa_iterations = 1000, initial_temperature = 3.0, cooling_rate = 0.999
26 - INFO - chord#: 100 done. best_score=67.0, changed=611, unchanged=433, early_stops=8/8
26 - INFO - chord#: 104 In build_straw_man_chord_sa. tolerance = 1, sa_iterations = 1000, initial_temperature = 3.0, cooling_rate = 0.999
26 - INFO - chord#: 96 done. best_score=27.0, changed=509, unchanged=316, early_stops=8/8
26 - INFO - chord#: 100 In build_straw_man_chord_sa. tolerance = 1, sa_iterations = 1000, initial_temperature = 3.0, cooling_rate = 0.999
26 - INFO - chord#: 100 done. best_score=67.0, changed=610, unchanged=273, early_stops=8/8
26 - INFO - chord#: 104 In build_straw_man_chord_sa. tolerance = 1, sa_iterations = 1000, initial_temperature = 3.0, cooling_rate = 0.999
26 - INFO - chord#: 86 done. best_score=96.0, changed=613, unchanged=309, early_stops=8/8
26 - INFO - chord#: 88 In build_straw_man_chord_sa. tolerance = 1, sa_iterations = 1000, initial_temperature = 3.0, cooling_rate = 0.999
26 - INFO - chord#: 86 done. best_score=74.0, changed=609, unchanged=387, early_stops=8/8
26 - INFO - chord#: 88 In build_straw_man_chord_sa. tolerance = 1, sa_iterations = 1000, initial_temperature = 3.0, cooling_rate = 0.999
26 - INFO - chord#: 86 done. best_score=74.0, changed=612, unchanged=336, early_stops=8/8
26 - INFO - chord#: 88 In build_straw_man_chord_sa. tolerance = 1, sa_iterations = 1000, initial_temperature = 3.0, cooling_rate = 0.999
26 - INFO - chord#: 104 done. best_score=36.0, changed=515, unchanged=299, early_stops=8/8
26 - INFO - chord#: 108 In build_straw_man_chord_sa. tolerance = 1, sa_iterations = 1000, initial_temperature = 3.0, cooling_rate = 0.999
26 - INFO - chord#: 86 done. best_score=96.0, changed=609, unchanged=264, early_stops=8/8
26 - INFO - chord#: 88 In build_straw_man_chord_sa. tolerance = 1, sa_iterations = 1000, initial_temperature = 3.0, cooling_rate = 0.999
26 - INFO - chord#: 104 done. best_score=36.0, changed=522, unchanged=430, early_stops=8/8
26 - INFO - chord#: 108 In build_straw_man_chord_sa. tolerance = 1, sa_iterations = 1000, initial_temperature = 3.0, cooling_rate = 0.999
26 - INFO - chord#: 100 done. best_score=145.0, changed=611, unchanged=360, early_stops=8/8
26 - INFO - chord#: 104 In build_straw_man_chord_sa. tolerance = 1, sa_iterations = 1000, initial_temperature = 3.0, cooling_rate = 0.999
26 - INFO - chord#: 104 done. best_score=36.0, changed=521, unchanged=389, early_stops=8/8
26 - INFO - chord#: 108 In build_straw_man_chord_sa. tolerance = 1, sa_iterations = 1000, initial_temperature = 3.0, cooling_rate = 0.999
26 - INFO - chord#: 100 done. best_score=137.0, changed=613, unchanged=340, early_stops=8/8
26 - INFO - chord#: 104 In build_straw_man_chord_sa. tolerance = 1, sa_iterations = 1000, initial_temperature = 3.0, cooling_rate = 0.999
26 - INFO - chord#: 108 done. best_score=27.0, changed=534, unchanged=630, early_stops=8/8
26 - INFO - chord#: 110 In build_straw_man_chord_sa. tolerance = 1, sa_iterations = 1000, initial_temperature = 3.0, cooling_rate = 0.999
26 - INFO - chord#: 108 done. best_score=27.0, changed=525, unchanged=377, early_stops=8/8
26 - INFO - chord#: 110 In build_straw_man_chord_sa. tolerance = 1, sa_iterations = 1000, initial_temperature = 3.0, cooling_rate = 0.999
26 - INFO - chord#: 104 done. best_score=36.0, changed=527, unchanged=426, early_stops=8/8
26 - INFO - chord#: 108 In build_straw_man_chord_sa. tolerance = 1, sa_iterations = 1000, initial_temperature = 3.0, cooling_rate = 0.999
26 - INFO - chord#: 100 done. best_score=140.0, changed=613, unchanged=258, early_stops=8/8
26 - INFO - chord#: 104 In build_straw_man_chord_sa. tolerance = 1, sa_iterations = 1000, initial_temperature = 3.0, cooling_rate = 0.999
26 - INFO - chord#: 104 done. best_score=36.0, changed=525, unchanged=365, early_stops=8/8
26 - INFO - chord#: 108 In build_straw_man_chord_sa. tolerance = 1, sa_iterations = 1000, initial_temperature = 3.0, cooling_rate = 0.999
26 - INFO - chord#: 86 done. best_score=168.0, changed=623, unchanged=385, early_stops=8/8
26 - INFO - chord#: 88 In build_straw_man_chord_sa. tolerance = 1, sa_iterations = 1000, initial_temperature = 3.0, cooling_rate = 0.999
26 - INFO - chord#: 108 done. best_score=27.0, changed=528, unchanged=442, early_stops=8/8
26 - INFO - chord#: 110 In build_straw_man_chord_sa. tolerance = 1, sa_iterations = 1000, initial_temperature = 3.0, cooling_rate = 0.999
26 - INFO - chord#: 88 done. best_score=137.0, changed=613, unchanged=389, early_stops=8/8
26 - INFO - chord#: 90 In build_straw_man_chord_sa. tolerance = 1, sa_iterations = 1000, initial_temperature = 3.0, cooling_rate = 0.999
26 - INFO - chord#: 88 done. best_score=101.0, changed=611, unchanged=294, early_stops=8/8
26 - INFO - chord#: 90 In build_straw_man_chord_sa. tolerance = 1, sa_iterations = 1000, initial_temperature = 3.0, cooling_rate = 0.999
26 - INFO - chord#: 104 done. best_score=36.0, changed=515, unchanged=435, early_stops=8/8
26 - INFO - chord#: 108 In build_straw_man_chord_sa. tolerance = 1, sa_iterations = 1000, initial_temperature = 3.0, cooling_rate = 0.999
26 - INFO - chord#: 108 done. best_score=27.0, changed=516, unchanged=332, early_stops=8/8
26 - INFO - chord#: 110 In build_straw_man_chord_sa. tolerance = 1, sa_iterations = 1000, initial_temperature = 3.0, cooling_rate = 0.999
26 - INFO - chord#: 88 done. best_score=158.0, changed=611, unchanged=266, early_stops=8/8
26 - INFO - chord#: 90 In build_straw_man_chord_sa. tolerance = 1, sa_iterations = 1000, initial_temperature = 3.0, cooling_rate = 0.999
26 - INFO - chord#: 88 done. best_score=96.0, changed=607, unchanged=239, early_stops=8/8
26 - INFO - chord#: 90 In build_straw_man_chord_sa. tolerance = 1, sa_iterations = 1000, initial_temperature = 3.0, cooling_rate = 0.999
26 - INFO - chord#: 108 done. best_score=27.0, changed=524, unchanged=546, early_stops=8/8
26 - INFO - chord#: 110 In build_straw_man_chord_sa. tolerance = 1, sa_iterations = 1000, initial_temperature = 3.0, cooling_rate = 0.999
26 - INFO - chord#: 90 done. best_score=36.0, changed=523, unchanged=361, early_stops=8/8
26 - INFO - chord#: 92 In build_straw_man_chord_sa. tolerance = 1, sa_iterations = 1000, initial_temperature = 3.0, cooling_rate = 0.999
26 - INFO - chord#: 88 done. best_score=162.0, changed=612, unchanged=414, early_stops=8/8
26 - INFO - chord#: 90 In build_straw_man_chord_sa. tolerance = 1, sa_iterations = 1000, initial_temperature = 3.0, cooling_rate = 0.999
26 - INFO - chord#: 90 done. best_score=36.0, changed=537, unchanged=292, early_stops=8/8
26 - INFO - chord#: 92 In build_straw_man_chord_sa. tolerance = 1, sa_iterations = 1000, initial_temperature = 3.0, cooling_rate = 0.999
26 - INFO - chord#: 110 done. best_score=71.0, changed=616, unchanged=358, early_stops=8/8
26 - INFO - chord#: 112 In build_straw_man_chord_sa. tolerance = 1, sa_iterations = 1000, initial_temperature = 3.0, cooling_rate = 0.999
26 - INFO - chord#: 110 done. best_score=64.0, changed=616, unchanged=483, early_stops=8/8
26 - INFO - chord#: 112 In build_straw_man_chord_sa. tolerance = 1, sa_iterations = 1000, initial_temperature = 3.0, cooling_rate = 0.999
26 - INFO - chord#: 90 done. best_score=36.0, changed=530, unchanged=302, early_stops=8/8
26 - INFO - chord#: 92 In build_straw_man_chord_sa. tolerance = 1, sa_iterations = 1000, initial_temperature = 3.0, cooling_rate = 0.999
26 - INFO - chord#: 108 done. best_score=27.0, changed=519, unchanged=589, early_stops=8/8
26 - INFO - chord#: 110 In build_straw_man_chord_sa. tolerance = 1, sa_iterations = 1000, initial_temperature = 3.0, cooling_rate = 0.999
26 - INFO - chord#: 110 done. best_score=71.0, changed=610, unchanged=254, early_stops=8/8
26 - INFO - chord#: 112 In build_straw_man_chord_sa. tolerance = 1, sa_iterations = 1000, initial_temperature = 3.0, cooling_rate = 0.999
26 - INFO - chord#: 90 done. best_score=36.0, changed=529, unchanged=310, early_stops=8/8
26 - INFO - chord#: 92 In build_straw_man_chord_sa. tolerance = 1, sa_iterations = 1000, initial_temperature = 3.0, cooling_rate = 0.999
26 - INFO - chord#: 90 done. best_score=72.0, changed=533, unchanged=346, early_stops=8/8
26 - INFO - chord#: 92 In build_straw_man_chord_sa. tolerance = 1, sa_iterations = 1000, initial_temperature = 3.0, cooling_rate = 0.999
26 - INFO - chord#: 92 done. best_score=27.0, changed=515, unchanged=404, early_stops=8/8
26 - INFO - chord#: 96 In build_straw_man_chord_sa. tolerance = 1, sa_iterations = 1000, initial_temperature = 3.0, cooling_rate = 0.999
26 - INFO - chord#: 110 done. best_score=64.0, changed=606, unchanged=216, early_stops=8/8
26 - INFO - chord#: 112 In build_straw_man_chord_sa. tolerance = 1, sa_iterations = 1000, initial_temperature = 3.0, cooling_rate = 0.999
26 - INFO - chord#: 88 done. best_score=166.0, changed=613, unchanged=255, early_stops=8/8
26 - INFO - chord#: 90 In build_straw_man_chord_sa. tolerance = 1, sa_iterations = 1000, initial_temperature = 3.0, cooling_rate = 0.999
26 - INFO - chord#: 112 done. best_score=27.0, changed=519, unchanged=347, early_stops=8/8
26 - INFO - chord#: 114 In build_straw_man_chord_sa. tolerance = 1, sa_iterations = 1000, initial_temperature = 3.0, cooling_rate = 0.999
26 - INFO - chord#: 112 done. best_score=27.0, changed=524, unchanged=347, early_stops=8/8
26 - INFO - chord#: 114 In build_straw_man_chord_sa. tolerance = 1, sa_iterations = 1000, initial_temperature = 3.0, cooling_rate = 0.999
26 - INFO - chord#: 92 done. best_score=27.0, changed=516, unchanged=356, early_stops=8/8
26 - INFO - chord#: 96 In build_straw_man_chord_sa. tolerance = 1, sa_iterations = 1000, initial_temperature = 3.0, cooling_rate = 0.999
26 - INFO - chord#: 112 done. best_score=27.0, changed=527, unchanged=472, early_stops=8/8
26 - INFO - chord#: 114 In build_straw_man_chord_sa. tolerance = 1, sa_iterations = 1000, initial_temperature = 3.0, cooling_rate = 0.999
26 - INFO - chord#: 110 done. best_score=146.0, changed=607, unchanged=278, early_stops=8/8
26 - INFO - chord#: 112 In build_straw_man_chord_sa. tolerance = 1, sa_iterations = 1000, initial_temperature = 3.0, cooling_rate = 0.999
26 - INFO - chord#: 92 done. best_score=27.0, changed=530, unchanged=530, early_stops=8/8
26 - INFO - chord#: 96 In build_straw_man_chord_sa. tolerance = 1, sa_iterations = 1000, initial_temperature = 3.0, cooling_rate = 0.999
26 - INFO - chord#: 92 done. best_score=27.0, changed=522, unchanged=357, early_stops=8/8
26 - INFO - chord#: 96 In build_straw_man_chord_sa. tolerance = 1, sa_iterations = 1000, initial_temperature = 3.0, cooling_rate = 0.999
26 - INFO - chord#: 112 done. best_score=27.0, changed=519, unchanged=329, early_stops=8/8
26 - INFO - chord#: 114 In build_straw_man_chord_sa. tolerance = 1, sa_iterations = 1000, initial_temperature = 3.0, cooling_rate = 0.999
26 - INFO - chord#: 90 done. best_score=36.0, changed=544, unchanged=286, early_stops=8/8
26 - INFO - chord#: 92 In build_straw_man_chord_sa. tolerance = 1, sa_iterations = 1000, initial_temperature = 3.0, cooling_rate = 0.999
26 - INFO - chord#: 92 done. best_score=27.0, changed=523, unchanged=408, early_stops=8/8
26 - INFO - chord#: 96 In build_straw_man_chord_sa. tolerance = 1, sa_iterations = 1000, initial_temperature = 3.0, cooling_rate = 0.999
26 - INFO - chord#: 114 done. best_score=27.0, changed=522, unchanged=439, early_stops=8/8
26 - INFO - chord#: 116 In build_straw_man_chord_sa. tolerance = 1, sa_iterations = 1000, initial_temperature = 3.0, cooling_rate = 0.999
26 - INFO - chord#: 114 done. best_score=27.0, changed=532, unchanged=503, early_stops=8/8
26 - INFO - chord#: 116 In build_straw_man_chord_sa. tolerance = 1, sa_iterations = 1000, initial_temperature = 3.0, cooling_rate = 0.999
26 - INFO - chord#: 110 done. best_score=157.0, changed=611, unchanged=244, early_stops=8/8
26 - INFO - chord#: 112 In build_straw_man_chord_sa. tolerance = 1, sa_iterations = 1000, initial_temperature = 3.0, cooling_rate = 0.999
26 - INFO - chord#: 96 done. best_score=27.0, changed=525, unchanged=520, early_stops=8/8
26 - INFO - chord#: 100 In build_straw_man_chord_sa. tolerance = 1, sa_iterations = 1000, initial_temperature = 3.0, cooling_rate = 0.999
26 - INFO - chord#: 96 done. best_score=27.0, changed=518, unchanged=385, early_stops=8/8
26 - INFO - chord#: 100 In build_straw_man_chord_sa. tolerance = 1, sa_iterations = 1000, initial_temperature = 3.0, cooling_rate = 0.999
26 - INFO - chord#: 114 done. best_score=27.0, changed=517, unchanged=371, early_stops=8/8
26 - INFO - chord#: 116 In build_straw_man_chord_sa. tolerance = 1, sa_iterations = 1000, initial_temperature = 3.0, cooling_rate = 0.999
26 - INFO - chord#: 112 done. best_score=27.0, changed=525, unchanged=421, early_stops=8/8
26 - INFO - chord#: 114 In build_straw_man_chord_sa. tolerance = 1, sa_iterations = 1000, initial_temperature = 3.0, cooling_rate = 0.999
26 - INFO - chord#: 114 done. best_score=27.0, changed=515, unchanged=361, early_stops=8/8
26 - INFO - chord#: 116 In build_straw_man_chord_sa. tolerance = 1, sa_iterations = 1000, initial_temperature = 3.0, cooling_rate = 0.999
26 - INFO - chord#: 96 done. best_score=27.0, changed=515, unchanged=349, early_stops=8/8
26 - INFO - chord#: 100 In build_straw_man_chord_sa. tolerance = 1, sa_iterations = 1000, initial_temperature = 3.0, cooling_rate = 0.999
26 - INFO - chord#: 96 done. best_score=27.0, changed=524, unchanged=424, early_stops=8/8
26 - INFO - chord#: 100 In build_straw_man_chord_sa. tolerance = 1, sa_iterations = 1000, initial_temperature = 3.0, cooling_rate = 0.999
26 - INFO - chord#: 116 done. best_score=31.0, changed=515, unchanged=336, early_stops=8/8
26 - INFO - chord#: 120 In build_straw_man_chord_sa. tolerance = 1, sa_iterations = 1000, initial_temperature = 3.0, cooling_rate = 0.999
26 - INFO - chord#: 92 done. best_score=27.0, changed=521, unchanged=455, early_stops=8/8
26 - INFO - chord#: 96 In build_straw_man_chord_sa. tolerance = 1, sa_iterations = 1000, initial_temperature = 3.0, cooling_rate = 0.999
26 - INFO - chord#: 116 done. best_score=31.0, changed=528, unchanged=401, early_stops=8/8
26 - INFO - chord#: 120 In build_straw_man_chord_sa. tolerance = 1, sa_iterations = 1000, initial_temperature = 3.0, cooling_rate = 0.999
26 - INFO - chord#: 112 done. best_score=27.0, changed=523, unchanged=446, early_stops=8/8
26 - INFO - chord#: 114 In build_straw_man_chord_sa. tolerance = 1, sa_iterations = 1000, initial_temperature = 3.0, cooling_rate = 0.999
26 - INFO - chord#: 116 done. best_score=31.0, changed=518, unchanged=330, early_stops=8/8
26 - INFO - chord#: 120 In build_straw_man_chord_sa. tolerance = 1, sa_iterations = 1000, initial_temperature = 3.0, cooling_rate = 0.999
26 - INFO - chord#: 96 done. best_score=27.0, changed=524, unchanged=448, early_stops=8/8
26 - INFO - chord#: 100 In build_straw_man_chord_sa. tolerance = 1, sa_iterations = 1000, initial_temperature = 3.0, cooling_rate = 0.999
26 - INFO - chord#: 114 done. best_score=27.0, changed=526, unchanged=518, early_stops=8/8
26 - INFO - chord#: 116 In build_straw_man_chord_sa. tolerance = 1, sa_iterations = 1000, initial_temperature = 3.0, cooling_rate = 0.999
26 - INFO - chord#: 116 done. best_score=31.0, changed=515, unchanged=404, early_stops=8/8
26 - INFO - chord#: 120 In build_straw_man_chord_sa. tolerance = 1, sa_iterations = 1000, initial_temperature = 3.0, cooling_rate = 0.999
26 - INFO - chord#: 120 done. best_score=27.0, changed=521, unchanged=440, early_stops=8/8
26 - INFO - chord#: 122 In build_straw_man_chord_sa. tolerance = 1, sa_iterations = 1000, initial_temperature = 3.0, cooling_rate = 0.999
26 - INFO - chord#: 120 done. best_score=27.0, changed=517, unchanged=343, early_stops=8/8
26 - INFO - chord#: 122 In build_straw_man_chord_sa. tolerance = 1, sa_iterations = 1000, initial_temperature = 3.0, cooling_rate = 0.999
26 - INFO - chord#: 96 done. best_score=27.0, changed=513, unchanged=312, early_stops=8/8
26 - INFO - chord#: 100 In build_straw_man_chord_sa. tolerance = 1, sa_iterations = 1000, initial_temperature = 3.0, cooling_rate = 0.999
26 - INFO - chord#: 120 done. best_score=27.0, changed=523, unchanged=338, early_stops=8/8
26 - INFO - chord#: 122 In build_straw_man_chord_sa. tolerance = 1, sa_iterations = 1000, initial_temperature = 3.0, cooling_rate = 0.999
26 - INFO - chord#: 114 done. best_score=27.0, changed=528, unchanged=449, early_stops=8/8
26 - INFO - chord#: 116 In build_straw_man_chord_sa. tolerance = 1, sa_iterations = 1000, initial_temperature = 3.0, cooling_rate = 0.999
26 - INFO - chord#: 120 done. best_score=27.0, changed=519, unchanged=306, early_stops=8/8
26 - INFO - chord#: 122 In build_straw_man_chord_sa. tolerance = 1, sa_iterations = 1000, initial_temperature = 3.0, cooling_rate = 0.999
26 - INFO - chord#: 116 done. best_score=31.0, changed=524, unchanged=382, early_stops=8/8
26 - INFO - chord#: 120 In build_straw_man_chord_sa. tolerance = 1, sa_iterations = 1000, initial_temperature = 3.0, cooling_rate = 0.999
26 - INFO - chord#: 100 done. best_score=167.0, changed=614, unchanged=317, early_stops=8/8
26 - INFO - chord#: 104 In build_straw_man_chord_sa. tolerance = 1, sa_iterations = 1000, initial_temperature = 3.0, cooling_rate = 0.999
26 - INFO - chord#: 100 done. best_score=67.0, changed=612, unchanged=289, early_stops=8/8
26 - INFO - chord#: 104 In build_straw_man_chord_sa. tolerance = 1, sa_iterations = 1000, initial_temperature = 3.0, cooling_rate = 0.999
26 - INFO - chord#: 120 done. best_score=27.0, changed=518, unchanged=395, early_stops=8/8
26 - INFO - chord#: 122 In build_straw_man_chord_sa. tolerance = 1, sa_iterations = 1000, initial_temperature = 3.0, cooling_rate = 0.999
26 - INFO - chord#: 116 done. best_score=31.0, changed=517, unchanged=418, early_stops=8/8
26 - INFO - chord#: 120 In build_straw_man_chord_sa. tolerance = 1, sa_iterations = 1000, initial_temperature = 3.0, cooling_rate = 0.999
26 - INFO - chord#: 100 done. best_score=137.0, changed=608, unchanged=304, early_stops=8/8
26 - INFO - chord#: 104 In build_straw_man_chord_sa. tolerance = 1, sa_iterations = 1000, initial_temperature = 3.0, cooling_rate = 0.999
26 - INFO - chord#: 100 done. best_score=78.0, changed=616, unchanged=347, early_stops=8/8
26 - INFO - chord#: 104 In build_straw_man_chord_sa. tolerance = 1, sa_iterations = 1000, initial_temperature = 3.0, cooling_rate = 0.999
26 - INFO - chord#: 120 done. best_score=27.0, changed=519, unchanged=387, early_stops=8/8
26 - INFO - chord#: 122 In build_straw_man_chord_sa. tolerance = 1, sa_iterations = 1000, initial_temperature = 3.0, cooling_rate = 0.999
26 - INFO - chord#: 104 done. best_score=36.0, changed=523, unchanged=350, early_stops=8/8
26 - INFO - chord#: 108 In build_straw_man_chord_sa. tolerance = 1, sa_iterations = 1000, initial_temperature = 3.0, cooling_rate = 0.999
26 - INFO - chord#: 100 done. best_score=137.0, changed=616, unchanged=320, early_stops=8/8
26 - INFO - chord#: 104 In build_straw_man_chord_sa. tolerance = 1, sa_iterations = 1000, initial_temperature = 3.0, cooling_rate = 0.999
26 - INFO - chord#: 122 done. best_score=162.0, changed=613, unchanged=334, early_stops=8/8
26 - INFO - chord#: 124 In build_straw_man_chord_sa. tolerance = 1, sa_iterations = 1000, initial_temperature = 3.0, cooling_rate = 0.999
26 - INFO - chord#: 104 done. best_score=36.0, changed=521, unchanged=403, early_stops=8/8
26 - INFO - chord#: 108 In build_straw_man_chord_sa. tolerance = 1, sa_iterations = 1000, initial_temperature = 3.0, cooling_rate = 0.999
26 - INFO - chord#: 122 done. best_score=137.0, changed=615, unchanged=330, early_stops=8/8
26 - INFO - chord#: 124 In build_straw_man_chord_sa. tolerance = 1, sa_iterations = 1000, initial_temperature = 3.0, cooling_rate = 0.999
26 - INFO - chord#: 122 done. best_score=67.0, changed=612, unchanged=396, early_stops=8/8
26 - INFO - chord#: 124 In build_straw_man_chord_sa. tolerance = 1, sa_iterations = 1000, initial_temperature = 3.0, cooling_rate = 0.999
26 - INFO - chord#: 104 done. best_score=36.0, changed=515, unchanged=314, early_stops=8/8
26 - INFO - chord#: 108 In build_straw_man_chord_sa. tolerance = 1, sa_iterations = 1000, initial_temperature = 3.0, cooling_rate = 0.999
26 - INFO - chord#: 122 done. best_score=67.0, changed=616, unchanged=435, early_stops=8/8
26 - INFO - chord#: 124 In build_straw_man_chord_sa. tolerance = 1, sa_iterations = 1000, initial_temperature = 3.0, cooling_rate = 0.999
26 - INFO - chord#: 104 done. best_score=36.0, changed=525, unchanged=338, early_stops=8/8
26 - INFO - chord#: 108 In build_straw_man_chord_sa. tolerance = 1, sa_iterations = 1000, initial_temperature = 3.0, cooling_rate = 0.999
26 - INFO - chord#: 100 done. best_score=145.0, changed=611, unchanged=318, early_stops=8/8
26 - INFO - chord#: 104 In build_straw_man_chord_sa. tolerance = 1, sa_iterations = 1000, initial_temperature = 3.0, cooling_rate = 0.999
26 - INFO - chord#: 104 done. best_score=36.0, changed=517, unchanged=312, early_stops=8/8
26 - INFO - chord#: 108 In build_straw_man_chord_sa. tolerance = 1, sa_iterations = 1000, initial_temperature = 3.0, cooling_rate = 0.999
26 - INFO - chord#: 124 done. best_score=27.0, changed=525, unchanged=386, early_stops=8/8
26 - INFO - chord#: 108 done. best_score=27.0, changed=522, unchanged=368, early_stops=8/8
26 - INFO - chord#: 110 In build_straw_man_chord_sa. tolerance = 1, sa_iterations = 1000, initial_temperature = 3.0, cooling_rate = 0.999
26 - INFO - chord#: 122 done. best_score=137.0, changed=612, unchanged=249, early_stops=8/8
26 - INFO - chord#: 124 In build_straw_man_chord_sa. tolerance = 1, sa_iterations = 1000, initial_temperature = 3.0, cooling_rate = 0.999
26 - INFO - chord#: 108 done. best_score=27.0, changed=517, unchanged=386, early_stops=8/8
26 - INFO - chord#: 110 In build_straw_man_chord_sa. tolerance = 1, sa_iterations = 1000, initial_temperature = 3.0, cooling_rate = 0.999
26 - INFO - chord#: 124 done. best_score=27.0, changed=524, unchanged=398, early_stops=8/8
26 - INFO - chord#: 124 done. best_score=27.0, changed=526, unchanged=518, early_stops=8/8
26 - INFO - chord#: 124 done. best_score=27.0, changed=524, unchanged=516, early_stops=8/8
26 - INFO - chord#: 108 done. best_score=27.0, changed=516, unchanged=436, early_stops=8/8
26 - INFO - chord#: 110 In build_straw_man_chord_sa. tolerance = 1, sa_iterations = 1000, initial_temperature = 3.0, cooling_rate = 0.999
26 - INFO - chord#: 104 done. best_score=36.0, changed=530, unchanged=358, early_stops=8/8
26 - INFO - chord#: 108 In build_straw_man_chord_sa. tolerance = 1, sa_iterations = 1000, initial_temperature = 3.0, cooling_rate = 0.999
26 - INFO - chord#: 108 done. best_score=27.0, changed=526, unchanged=427, early_stops=8/8
26 - INFO - chord#: 110 In build_straw_man_chord_sa. tolerance = 1, sa_iterations = 1000, initial_temperature = 3.0, cooling_rate = 0.999
26 - INFO - chord#: 122 done. best_score=162.0, changed=616, unchanged=242, early_stops=8/8
26 - INFO - chord#: 124 In build_straw_man_chord_sa. tolerance = 1, sa_iterations = 1000, initial_temperature = 3.0, cooling_rate = 0.999
26 - INFO - chord#: 108 done. best_score=27.0, changed=523, unchanged=435, early_stops=8/8
26 - INFO - chord#: 110 In build_straw_man_chord_sa. tolerance = 1, sa_iterations = 1000, initial_temperature = 3.0, cooling_rate = 0.999
26 - INFO - chord#: 124 done. best_score=27.0, changed=522, unchanged=345, early_stops=8/8
26 - INFO - chord#: 108 done. best_score=27.0, changed=522, unchanged=418, early_stops=8/8
26 - INFO - chord#: 110 In build_straw_man_chord_sa. tolerance = 1, sa_iterations = 1000, initial_temperature = 3.0, cooling_rate = 0.999
26 - INFO - chord#: 124 done. best_score=27.0, changed=521, unchanged=377, early_stops=8/8
26 - INFO - chord#: 110 done. best_score=146.0, changed=612, unchanged=290, early_stops=8/8
26 - INFO - chord#: 112 In build_straw_man_chord_sa. tolerance = 1, sa_iterations = 1000, initial_temperature = 3.0, cooling_rate = 0.999
26 - INFO - chord#: 110 done. best_score=64.0, changed=613, unchanged=366, early_stops=8/8
26 - INFO - chord#: 112 In build_straw_man_chord_sa. tolerance = 1, sa_iterations = 1000, initial_temperature = 3.0, cooling_rate = 0.999
26 - INFO - chord#: 110 done. best_score=157.0, changed=606, unchanged=202, early_stops=8/8
26 - INFO - chord#: 112 In build_straw_man_chord_sa. tolerance = 1, sa_iterations = 1000, initial_temperature = 3.0, cooling_rate = 0.999
26 - INFO - chord#: 110 done. best_score=64.0, changed=606, unchanged=240, early_stops=8/8
26 - INFO - chord#: 112 In build_straw_man_chord_sa. tolerance = 1, sa_iterations = 1000, initial_temperature = 3.0, cooling_rate = 0.999
26 - INFO - chord#: 110 done. best_score=64.0, changed=611, unchanged=317, early_stops=8/8
26 - INFO - chord#: 112 In build_straw_man_chord_sa. tolerance = 1, sa_iterations = 1000, initial_temperature = 3.0, cooling_rate = 0.999
26 - INFO - chord#: 112 done. best_score=27.0, changed=522, unchanged=435, early_stops=8/8
26 - INFO - chord#: 114 In build_straw_man_chord_sa. tolerance = 1, sa_iterations = 1000, initial_temperature = 3.0, cooling_rate = 0.999
26 - INFO - chord#: 112 done. best_score=27.0, changed=533, unchanged=558, early_stops=8/8
26 - INFO - chord#: 114 In build_straw_man_chord_sa. tolerance = 1, sa_iterations = 1000, initial_temperature = 3.0, cooling_rate = 0.999
26 - INFO - chord#: 112 done. best_score=27.0, changed=533, unchanged=528, early_stops=8/8
26 - INFO - chord#: 114 In build_straw_man_chord_sa. tolerance = 1, sa_iterations = 1000, initial_temperature = 3.0, cooling_rate = 0.999
26 - INFO - chord#: 112 done. best_score=27.0, changed=517, unchanged=399, early_stops=8/8
26 - INFO - chord#: 114 In build_straw_man_chord_sa. tolerance = 1, sa_iterations = 1000, initial_temperature = 3.0, cooling_rate = 0.999
26 - INFO - chord#: 112 done. best_score=27.0, changed=520, unchanged=431, early_stops=8/8
26 - INFO - chord#: 114 In build_straw_man_chord_sa. tolerance = 1, sa_iterations = 1000, initial_temperature = 3.0, cooling_rate = 0.999
26 - INFO - chord#: 114 done. best_score=27.0, changed=517, unchanged=320, early_stops=8/8
26 - INFO - chord#: 116 In build_straw_man_chord_sa. tolerance = 1, sa_iterations = 1000, initial_temperature = 3.0, cooling_rate = 0.999
26 - INFO - chord#: 110 done. best_score=64.0, changed=620, unchanged=376, early_stops=8/8
26 - INFO - chord#: 112 In build_straw_man_chord_sa. tolerance = 1, sa_iterations = 1000, initial_temperature = 3.0, cooling_rate = 0.999
26 - INFO - chord#: 114 done. best_score=27.0, changed=522, unchanged=462, early_stops=8/8
26 - INFO - chord#: 116 In build_straw_man_chord_sa. tolerance = 1, sa_iterations = 1000, initial_temperature = 3.0, cooling_rate = 0.999
26 - INFO - chord#: 114 done. best_score=27.0, changed=517, unchanged=430, early_stops=8/8
26 - INFO - chord#: 116 In build_straw_man_chord_sa. tolerance = 1, sa_iterations = 1000, initial_temperature = 3.0, cooling_rate = 0.999
26 - INFO - chord#: 114 done. best_score=27.0, changed=518, unchanged=378, early_stops=8/8
26 - INFO - chord#: 116 In build_straw_man_chord_sa. tolerance = 1, sa_iterations = 1000, initial_temperature = 3.0, cooling_rate = 0.999
26 - INFO - chord#: 116 done. best_score=31.0, changed=521, unchanged=341, early_stops=8/8
26 - INFO - chord#: 120 In build_straw_man_chord_sa. tolerance = 1, sa_iterations = 1000, initial_temperature = 3.0, cooling_rate = 0.999
26 - INFO - chord#: 114 done. best_score=27.0, changed=523, unchanged=515, early_stops=8/8
26 - INFO - chord#: 116 In build_straw_man_chord_sa. tolerance = 1, sa_iterations = 1000, initial_temperature = 3.0, cooling_rate = 0.999
26 - INFO - chord#: 112 done. best_score=27.0, changed=534, unchanged=408, early_stops=8/8
26 - INFO - chord#: 114 In build_straw_man_chord_sa. tolerance = 1, sa_iterations = 1000, initial_temperature = 3.0, cooling_rate = 0.999
26 - INFO - chord#: 116 done. best_score=31.0, changed=533, unchanged=370, early_stops=8/8
26 - INFO - chord#: 120 In build_straw_man_chord_sa. tolerance = 1, sa_iterations = 1000, initial_temperature = 3.0, cooling_rate = 0.999
26 - INFO - chord#: 116 done. best_score=31.0, changed=517, unchanged=346, early_stops=8/8
26 - INFO - chord#: 120 In build_straw_man_chord_sa. tolerance = 1, sa_iterations = 1000, initial_temperature = 3.0, cooling_rate = 0.999
26 - INFO - chord#: 116 done. best_score=31.0, changed=529, unchanged=407, early_stops=8/8
26 - INFO - chord#: 120 In build_straw_man_chord_sa. tolerance = 1, sa_iterations = 1000, initial_temperature = 3.0, cooling_rate = 0.999
26 - INFO - chord#: 120 done. best_score=27.0, changed=532, unchanged=450, early_stops=8/8
26 - INFO - chord#: 122 In build_straw_man_chord_sa. tolerance = 1, sa_iterations = 1000, initial_temperature = 3.0, cooling_rate = 0.999
26 - INFO - chord#: 114 done. best_score=27.0, changed=522, unchanged=354, early_stops=8/8
26 - INFO - chord#: 116 In build_straw_man_chord_sa. tolerance = 1, sa_iterations = 1000, initial_temperature = 3.0, cooling_rate = 0.999
26 - INFO - chord#: 116 done. best_score=31.0, changed=521, unchanged=372, early_stops=8/8
26 - INFO - chord#: 120 In build_straw_man_chord_sa. tolerance = 1, sa_iterations = 1000, initial_temperature = 3.0, cooling_rate = 0.999
26 - INFO - chord#: 120 done. best_score=27.0, changed=530, unchanged=431, early_stops=8/8
26 - INFO - chord#: 122 In build_straw_man_chord_sa. tolerance = 1, sa_iterations = 1000, initial_temperature = 3.0, cooling_rate = 0.999
26 - INFO - chord#: 120 done. best_score=27.0, changed=520, unchanged=347, early_stops=8/8
26 - INFO - chord#: 122 In build_straw_man_chord_sa. tolerance = 1, sa_iterations = 1000, initial_temperature = 3.0, cooling_rate = 0.999
26 - INFO - chord#: 120 done. best_score=27.0, changed=520, unchanged=378, early_stops=8/8
26 - INFO - chord#: 122 In build_straw_man_chord_sa. tolerance = 1, sa_iterations = 1000, initial_temperature = 3.0, cooling_rate = 0.999
26 - INFO - chord#: 120 done. best_score=27.0, changed=521, unchanged=401, early_stops=8/8
26 - INFO - chord#: 122 In build_straw_man_chord_sa. tolerance = 1, sa_iterations = 1000, initial_temperature = 3.0, cooling_rate = 0.999
26 - INFO - chord#: 116 done. best_score=31.0, changed=533, unchanged=384, early_stops=8/8
26 - INFO - chord#: 120 In build_straw_man_chord_sa. tolerance = 1, sa_iterations = 1000, initial_temperature = 3.0, cooling_rate = 0.999
26 - INFO - chord#: 120 done. best_score=27.0, changed=520, unchanged=453, early_stops=8/8
26 - INFO - chord#: 122 In build_straw_man_chord_sa. tolerance = 1, sa_iterations = 1000, initial_temperature = 3.0, cooling_rate = 0.999
26 - INFO - chord#: 122 done. best_score=96.0, changed=609, unchanged=251, early_stops=8/8
26 - INFO - chord#: 124 In build_straw_man_chord_sa. tolerance = 1, sa_iterations = 1000, initial_temperature = 3.0, cooling_rate = 0.999
26 - INFO - chord#: 122 done. best_score=67.0, changed=609, unchanged=463, early_stops=8/8
26 - INFO - chord#: 124 In build_straw_man_chord_sa. tolerance = 1, sa_iterations = 1000, initial_temperature = 3.0, cooling_rate = 0.999
26 - INFO - chord#: 122 done. best_score=145.0, changed=615, unchanged=399, early_stops=8/8
26 - INFO - chord#: 124 In build_straw_man_chord_sa. tolerance = 1, sa_iterations = 1000, initial_temperature = 3.0, cooling_rate = 0.999
26 - INFO - chord#: 122 done. best_score=78.0, changed=609, unchanged=302, early_stops=8/8
26 - INFO - chord#: 124 In build_straw_man_chord_sa. tolerance = 1, sa_iterations = 1000, initial_temperature = 3.0, cooling_rate = 0.999
26 - INFO - chord#: 122 done. best_score=67.0, changed=613, unchanged=263, early_stops=8/8
26 - INFO - chord#: 124 In build_straw_man_chord_sa. tolerance = 1, sa_iterations = 1000, initial_temperature = 3.0, cooling_rate = 0.999
26 - INFO - chord#: 124 done. best_score=27.0, changed=526, unchanged=399, early_stops=8/8
26 - INFO - chord#: 124 done. best_score=27.0, changed=523, unchanged=386, early_stops=8/8
26 - INFO - chord#: 124 done. best_score=27.0, changed=524, unchanged=444, early_stops=8/8
26 - INFO - chord#: 124 done. best_score=27.0, changed=521, unchanged=355, early_stops=8/8
26 - INFO - chord#: 124 done. best_score=27.0, changed=520, unchanged=464, early_stops=8/8
26 - INFO - chord#: 122 done. best_score=96.0, changed=618, unchanged=381, early_stops=8/8
26 - INFO - chord#: 124 In build_straw_man_chord_sa. tolerance = 1, sa_iterations = 1000, initial_temperature = 3.0, cooling_rate = 0.999
26 - INFO - chord#: 124 done. best_score=27.0, changed=520, unchanged=379, early_stops=8/8
26 - INFO - save_midi_file = False, 
26 - INFO - version = 'bwv256', chorale.shape = (4, 160), root = 9, keys[root] = 'A♮', mode = 'minor', time_sig = '4/4'
26 - INFO - In load_chorale_in_cents. About to load top_notes from file_name = '/home/prent/Repos/One-footed-bride-tuning/Archive/straw-man/t1_r1.50_s0_md33_sn0/bwv256top-notes.npy'
26 - INFO - Loaded top_notes from /home/prent/Repos/One-footed-bride-tuning/Archive/straw-man/t1_r1.50_s0_md33_sn0/bwv256top-notes.npy, re-ordered by chorale frequency
26 - INFO - chorale_in_cents.shape = (4, 160), chorale.shape = (4, 160)
26 - INFO - cent value based on top_notes
26 - INFO - Chord 0: [  0 400   0 900]
26 - INFO - Chord 1: [  0 400   0 900]
26 - INFO - Chord 2: [  0 500   0 900]
26 - INFO - Chord 3: [  0 500   0 900]
26 - INFO - Chord 4: [  0 700   0 400]
26 - INFO - Chord 5: [  0 700   0 400]
26 - INFO - Chord 6: [  0 700   0 400]
26 - INFO - Chord 7: [  0 700   0 400]
26 - INFO - Chord 8: [900 500   0 500]
26 - INFO - Chord 9: [900 500   0 500]
26 - INFO - cent_value_chorale.shape = (4, 160), chorale.shape = (4, 160), A♮ minor
26 - INFO - cent value based on 12 TET
26 - INFO - Chord 0: [  0 400   0 900]
26 - INFO - Chord 1: [  0 400   0 900]
26 - INFO - Chord 2: [  0 500   0 900]
26 - INFO - Chord 3: [  0 500   0 900]
26 - INFO - Chord 4: [  0 700   0 400]
26 - INFO - Chord 5: [  0 700   0 400]
26 - INFO - Chord 6: [  0 700   0 400]
26 - INFO - Chord 7: [  0 700   0 400]
26 - INFO - Chord 8: [900 500   0 500]
26 - INFO - Chord 9: [900 500   0 500]
26 - INFO - cent_value_chorale.shape = (4, 160), chorale.shape = (4, 160), A♮ minor
26 - INFO - Current top_notes:
26 - INFO -    0    1    2    3    4    5    6    7    8    9   10   11
26 - INFO -   C♮   E♮   A♮   D♮   G♮   B♮   F♮   F♯   G♯   C♯   D♯   A♯
26 - INFO -    0    4    9    2    7   11    5    6    8    1    3   10
26 - INFO -    0  400  900  200  700 1100  500  600  800  100  300 1000
26 - INFO - chord#: 0 In build_straw_man_chord_sa. tolerance = 1, sa_iterations = 1000, initial_temperature = 3.0, cooling_rate = 0.999
26 - INFO - chord#: 0 In build_straw_man_chord_sa. tolerance = 1, sa_iterations = 1000, initial_temperature = 3.0, cooling_rate = 0.999
26 - INFO - chord#: 0 In build_straw_man_chord_sa. tolerance = 1, sa_iterations = 1000, initial_temperature = 3.0, cooling_rate = 0.999
26 - INFO - chord#: 0 In build_straw_man_chord_sa. tolerance = 1, sa_iterations = 1000, initial_temperature = 3.0, cooling_rate = 0.999
26 - INFO - chord#: 0 In build_straw_man_chord_sa. tolerance = 1, sa_iterations = 1000, initial_temperature = 3.0, cooling_rate = 0.999
26 - INFO - chord#: 0 In build_straw_man_chord_sa. tolerance = 1, sa_iterations = 1000, initial_temperature = 3.0, cooling_rate = 0.999
26 - INFO - chord#: 0 In build_straw_man_chord_sa. tolerance = 1, sa_iterations = 1000, initial_temperature = 3.0, cooling_rate = 0.999
26 - INFO - chord#: 0 In build_straw_man_chord_sa. tolerance = 1, sa_iterations = 1000, initial_temperature = 3.0, cooling_rate = 0.999
26 - INFO - chord#: 0 In build_straw_man_chord_sa. tolerance = 1, sa_iterations = 1000, initial_temperature = 3.0, cooling_rate = 0.999
26 - INFO - chord#: 0 In build_straw_man_chord_sa. tolerance = 1, sa_iterations = 1000, initial_temperature = 3.0, cooling_rate = 0.999
26 - INFO - chord#: 0 In build_straw_man_chord_sa. tolerance = 1, sa_iterations = 1000, initial_temperature = 3.0, cooling_rate = 0.999
26 - INFO - chord#: 0 In build_straw_man_chord_sa. tolerance = 1, sa_iterations = 1000, initial_temperature = 3.0, cooling_rate = 0.999
26 - INFO - chord#: 0 done. best_score=27.0, changed=518, unchanged=332, early_stops=8/8
26 - INFO - chord#: 2 In build_straw_man_chord_sa. tolerance = 1, sa_iterations = 1000, initial_temperature = 3.0, cooling_rate = 0.999
26 - INFO - chord#: 0 done. best_score=27.0, changed=517, unchanged=358, early_stops=8/8
26 - INFO - chord#: 2 In build_straw_man_chord_sa. tolerance = 1, sa_iterations = 1000, initial_temperature = 3.0, cooling_rate = 0.999
26 - INFO - chord#: 0 done. best_score=27.0, changed=517, unchanged=400, early_stops=8/8
26 - INFO - chord#: 2 In build_straw_man_chord_sa. tolerance = 1, sa_iterations = 1000, initial_temperature = 3.0, cooling_rate = 0.999
26 - INFO - chord#: 0 done. best_score=27.0, changed=524, unchanged=445, early_stops=8/8
26 - INFO - chord#: 2 In build_straw_man_chord_sa. tolerance = 1, sa_iterations = 1000, initial_temperature = 3.0, cooling_rate = 0.999
26 - INFO - chord#: 0 done. best_score=27.0, changed=525, unchanged=520, early_stops=8/8
26 - INFO - chord#: 2 In build_straw_man_chord_sa. tolerance = 1, sa_iterations = 1000, initial_temperature = 3.0, cooling_rate = 0.999
26 - INFO - chord#: 0 done. best_score=27.0, changed=522, unchanged=356, early_stops=8/8
26 - INFO - chord#: 2 In build_straw_man_chord_sa. tolerance = 1, sa_iterations = 1000, initial_temperature = 3.0, cooling_rate = 0.999
26 - INFO - chord#: 0 done. best_score=27.0, changed=518, unchanged=385, early_stops=8/8
26 - INFO - chord#: 2 In build_straw_man_chord_sa. tolerance = 1, sa_iterations = 1000, initial_temperature = 3.0, cooling_rate = 0.999
26 - INFO - chord#: 0 done. best_score=27.0, changed=522, unchanged=389, early_stops=8/8
26 - INFO - chord#: 2 In build_straw_man_chord_sa. tolerance = 1, sa_iterations = 1000, initial_temperature = 3.0, cooling_rate = 0.999
26 - INFO - chord#: 0 done. best_score=27.0, changed=517, unchanged=423, early_stops=8/8
26 - INFO - chord#: 2 In build_straw_man_chord_sa. tolerance = 1, sa_iterations = 1000, initial_temperature = 3.0, cooling_rate = 0.999
26 - INFO - chord#: 0 done. best_score=27.0, changed=522, unchanged=504, early_stops=8/8
26 - INFO - chord#: 2 In build_straw_man_chord_sa. tolerance = 1, sa_iterations = 1000, initial_temperature = 3.0, cooling_rate = 0.999
26 - INFO - chord#: 0 done. best_score=27.0, changed=521, unchanged=483, early_stops=8/8
26 - INFO - chord#: 2 In build_straw_man_chord_sa. tolerance = 1, sa_iterations = 1000, initial_temperature = 3.0, cooling_rate = 0.999
26 - INFO - chord#: 0 done. best_score=27.0, changed=517, unchanged=466, early_stops=8/8
26 - INFO - chord#: 2 In build_straw_man_chord_sa. tolerance = 1, sa_iterations = 1000, initial_temperature = 3.0, cooling_rate = 0.999
26 - INFO - chord#: 2 done. best_score=27.0, changed=524, unchanged=383, early_stops=8/8
26 - INFO - chord#: 4 In build_straw_man_chord_sa. tolerance = 1, sa_iterations = 1000, initial_temperature = 3.0, cooling_rate = 0.999
26 - INFO - chord#: 2 done. best_score=27.0, changed=512, unchanged=325, early_stops=8/8
26 - INFO - chord#: 4 In build_straw_man_chord_sa. tolerance = 1, sa_iterations = 1000, initial_temperature = 3.0, cooling_rate = 0.999
26 - INFO - chord#: 2 done. best_score=27.0, changed=520, unchanged=440, early_stops=8/8
26 - INFO - chord#: 4 In build_straw_man_chord_sa. tolerance = 1, sa_iterations = 1000, initial_temperature = 3.0, cooling_rate = 0.999
26 - INFO - chord#: 2 done. best_score=27.0, changed=537, unchanged=493, early_stops=8/8
26 - INFO - chord#: 4 In build_straw_man_chord_sa. tolerance = 1, sa_iterations = 1000, initial_temperature = 3.0, cooling_rate = 0.999
26 - INFO - chord#: 2 done. best_score=27.0, changed=527, unchanged=425, early_stops=8/8
26 - INFO - chord#: 4 In build_straw_man_chord_sa. tolerance = 1, sa_iterations = 1000, initial_temperature = 3.0, cooling_rate = 0.999
26 - INFO - chord#: 2 done. best_score=27.0, changed=513, unchanged=334, early_stops=8/8
26 - INFO - chord#: 4 In build_straw_man_chord_sa. tolerance = 1, sa_iterations = 1000, initial_temperature = 3.0, cooling_rate = 0.999
26 - INFO - chord#: 2 done. best_score=27.0, changed=521, unchanged=334, early_stops=8/8
26 - INFO - chord#: 4 In build_straw_man_chord_sa. tolerance = 1, sa_iterations = 1000, initial_temperature = 3.0, cooling_rate = 0.999
26 - INFO - chord#: 2 done. best_score=27.0, changed=538, unchanged=446, early_stops=8/8
26 - INFO - chord#: 4 In build_straw_man_chord_sa. tolerance = 1, sa_iterations = 1000, initial_temperature = 3.0, cooling_rate = 0.999
26 - INFO - chord#: 2 done. best_score=27.0, changed=535, unchanged=448, early_stops=8/8
26 - INFO - chord#: 4 In build_straw_man_chord_sa. tolerance = 1, sa_iterations = 1000, initial_temperature = 3.0, cooling_rate = 0.999
26 - INFO - chord#: 2 done. best_score=27.0, changed=525, unchanged=374, early_stops=8/8
26 - INFO - chord#: 4 In build_straw_man_chord_sa. tolerance = 1, sa_iterations = 1000, initial_temperature = 3.0, cooling_rate = 0.999
26 - INFO - chord#: 2 done. best_score=27.0, changed=521, unchanged=481, early_stops=8/8
26 - INFO - chord#: 4 In build_straw_man_chord_sa. tolerance = 1, sa_iterations = 1000, initial_temperature = 3.0, cooling_rate = 0.999
26 - INFO - chord#: 2 done. best_score=27.0, changed=523, unchanged=425, early_stops=8/8
26 - INFO - chord#: 4 In build_straw_man_chord_sa. tolerance = 1, sa_iterations = 1000, initial_temperature = 3.0, cooling_rate = 0.999
26 - INFO - chord#: 4 done. best_score=27.0, changed=527, unchanged=374, early_stops=8/8
26 - INFO - chord#: 8 In build_straw_man_chord_sa. tolerance = 1, sa_iterations = 1000, initial_temperature = 3.0, cooling_rate = 0.999
26 - INFO - chord#: 4 done. best_score=27.0, changed=521, unchanged=448, early_stops=8/8
26 - INFO - chord#: 8 In build_straw_man_chord_sa. tolerance = 1, sa_iterations = 1000, initial_temperature = 3.0, cooling_rate = 0.999
26 - INFO - chord#: 4 done. best_score=27.0, changed=522, unchanged=329, early_stops=8/8
26 - INFO - chord#: 8 In build_straw_man_chord_sa. tolerance = 1, sa_iterations = 1000, initial_temperature = 3.0, cooling_rate = 0.999
26 - INFO - chord#: 4 done. best_score=27.0, changed=522, unchanged=448, early_stops=8/8
26 - INFO - chord#: 8 In build_straw_man_chord_sa. tolerance = 1, sa_iterations = 1000, initial_temperature = 3.0, cooling_rate = 0.999
26 - INFO - chord#: 4 done. best_score=27.0, changed=528, unchanged=495, early_stops=8/8
26 - INFO - chord#: 8 In build_straw_man_chord_sa. tolerance = 1, sa_iterations = 1000, initial_temperature = 3.0, cooling_rate = 0.999
26 - INFO - chord#: 4 done. best_score=27.0, changed=521, unchanged=348, early_stops=8/8
26 - INFO - chord#: 8 In build_straw_man_chord_sa. tolerance = 1, sa_iterations = 1000, initial_temperature = 3.0, cooling_rate = 0.999
26 - INFO - chord#: 4 done. best_score=27.0, changed=523, unchanged=397, early_stops=8/8
26 - INFO - chord#: 8 In build_straw_man_chord_sa. tolerance = 1, sa_iterations = 1000, initial_temperature = 3.0, cooling_rate = 0.999
26 - INFO - chord#: 4 done. best_score=27.0, changed=518, unchanged=412, early_stops=8/8
26 - INFO - chord#: 8 In build_straw_man_chord_sa. tolerance = 1, sa_iterations = 1000, initial_temperature = 3.0, cooling_rate = 0.999
26 - INFO - chord#: 4 done. best_score=27.0, changed=519, unchanged=353, early_stops=8/8
26 - INFO - chord#: 8 In build_straw_man_chord_sa. tolerance = 1, sa_iterations = 1000, initial_temperature = 3.0, cooling_rate = 0.999
26 - INFO - chord#: 4 done. best_score=27.0, changed=516, unchanged=344, early_stops=8/8
26 - INFO - chord#: 4 done. best_score=27.0, changed=518, unchanged=353, early_stops=8/8
26 - INFO - chord#: 8 In build_straw_man_chord_sa. tolerance = 1, sa_iterations = 1000, initial_temperature = 3.0, cooling_rate = 0.999
26 - INFO - chord#: 8 In build_straw_man_chord_sa. tolerance = 1, sa_iterations = 1000, initial_temperature = 3.0, cooling_rate = 0.999
26 - INFO - chord#: 4 done. best_score=27.0, changed=511, unchanged=418, early_stops=8/8
26 - INFO - chord#: 8 In build_straw_man_chord_sa. tolerance = 1, sa_iterations = 1000, initial_temperature = 3.0, cooling_rate = 0.999
26 - INFO - chord#: 8 done. best_score=27.0, changed=524, unchanged=364, early_stops=8/8
26 - INFO - chord#: 10 In build_straw_man_chord_sa. tolerance = 1, sa_iterations = 1000, initial_temperature = 3.0, cooling_rate = 0.999
26 - INFO - chord#: 8 done. best_score=27.0, changed=519, unchanged=349, early_stops=8/8
26 - INFO - chord#: 10 In build_straw_man_chord_sa. tolerance = 1, sa_iterations = 1000, initial_temperature = 3.0, cooling_rate = 0.999
26 - INFO - chord#: 8 done. best_score=27.0, changed=517, unchanged=440, early_stops=8/8
26 - INFO - chord#: 10 In build_straw_man_chord_sa. tolerance = 1, sa_iterations = 1000, initial_temperature = 3.0, cooling_rate = 0.999
26 - INFO - chord#: 8 done. best_score=27.0, changed=520, unchanged=354, early_stops=8/8
26 - INFO - chord#: 10 In build_straw_man_chord_sa. tolerance = 1, sa_iterations = 1000, initial_temperature = 3.0, cooling_rate = 0.999
26 - INFO - chord#: 8 done. best_score=27.0, changed=515, unchanged=344, early_stops=8/8
26 - INFO - chord#: 10 In build_straw_man_chord_sa. tolerance = 1, sa_iterations = 1000, initial_temperature = 3.0, cooling_rate = 0.999
26 - INFO - chord#: 8 done. best_score=27.0, changed=524, unchanged=387, early_stops=8/8
26 - INFO - chord#: 10 In build_straw_man_chord_sa. tolerance = 1, sa_iterations = 1000, initial_temperature = 3.0, cooling_rate = 0.999
26 - INFO - chord#: 10 done. best_score=48.0, changed=542, unchanged=298, early_stops=8/8
26 - INFO - chord#: 12 In build_straw_man_chord_sa. tolerance = 1, sa_iterations = 1000, initial_temperature = 3.0, cooling_rate = 0.999
26 - INFO - chord#: 10 done. best_score=48.0, changed=530, unchanged=294, early_stops=8/8
26 - INFO - chord#: 10 done. best_score=48.0, changed=521, unchanged=310, early_stops=8/8
26 - INFO - chord#: 12 In build_straw_man_chord_sa. tolerance = 1, sa_iterations = 1000, initial_temperature = 3.0, cooling_rate = 0.999
26 - INFO - chord#: 12 In build_straw_man_chord_sa. tolerance = 1, sa_iterations = 1000, initial_temperature = 3.0, cooling_rate = 0.999
26 - INFO - chord#: 8 done. best_score=27.0, changed=524, unchanged=371, early_stops=8/8
26 - INFO - chord#: 10 In build_straw_man_chord_sa. tolerance = 1, sa_iterations = 1000, initial_temperature = 3.0, cooling_rate = 0.999
26 - INFO - chord#: 8 done. best_score=27.0, changed=517, unchanged=312, early_stops=8/8
26 - INFO - chord#: 10 In build_straw_man_chord_sa. tolerance = 1, sa_iterations = 1000, initial_temperature = 3.0, cooling_rate = 0.999
26 - INFO - chord#: 8 done. best_score=27.0, changed=526, unchanged=383, early_stops=8/8
26 - INFO - chord#: 10 In build_straw_man_chord_sa. tolerance = 1, sa_iterations = 1000, initial_temperature = 3.0, cooling_rate = 0.999
26 - INFO - chord#: 8 done. best_score=27.0, changed=518, unchanged=430, early_stops=8/8
26 - INFO - chord#: 10 In build_straw_man_chord_sa. tolerance = 1, sa_iterations = 1000, initial_temperature = 3.0, cooling_rate = 0.999
26 - INFO - chord#: 10 done. best_score=48.0, changed=518, unchanged=350, early_stops=8/8
26 - INFO - chord#: 12 In build_straw_man_chord_sa. tolerance = 1, sa_iterations = 1000, initial_temperature = 3.0, cooling_rate = 0.999
26 - INFO - chord#: 8 done. best_score=27.0, changed=528, unchanged=452, early_stops=8/8
26 - INFO - chord#: 10 In build_straw_man_chord_sa. tolerance = 1, sa_iterations = 1000, initial_temperature = 3.0, cooling_rate = 0.999
26 - INFO - chord#: 10 done. best_score=48.0, changed=529, unchanged=355, early_stops=8/8
26 - INFO - chord#: 12 In build_straw_man_chord_sa. tolerance = 1, sa_iterations = 1000, initial_temperature = 3.0, cooling_rate = 0.999
26 - INFO - chord#: 8 done. best_score=27.0, changed=530, unchanged=535, early_stops=8/8
26 - INFO - chord#: 10 In build_straw_man_chord_sa. tolerance = 1, sa_iterations = 1000, initial_temperature = 3.0, cooling_rate = 0.999
26 - INFO - chord#: 10 done. best_score=48.0, changed=537, unchanged=307, early_stops=8/8
26 - INFO - chord#: 12 In build_straw_man_chord_sa. tolerance = 1, sa_iterations = 1000, initial_temperature = 3.0, cooling_rate = 0.999
26 - INFO - chord#: 12 done. best_score=27.0, changed=519, unchanged=382, early_stops=8/8
26 - INFO - chord#: 14 In build_straw_man_chord_sa. tolerance = 1, sa_iterations = 1000, initial_temperature = 3.0, cooling_rate = 0.999
26 - INFO - chord#: 12 done. best_score=27.0, changed=519, unchanged=331, early_stops=8/8
26 - INFO - chord#: 14 In build_straw_man_chord_sa. tolerance = 1, sa_iterations = 1000, initial_temperature = 3.0, cooling_rate = 0.999
26 - INFO - chord#: 10 done. best_score=48.0, changed=556, unchanged=261, early_stops=8/8
26 - INFO - chord#: 12 In build_straw_man_chord_sa. tolerance = 1, sa_iterations = 1000, initial_temperature = 3.0, cooling_rate = 0.999
26 - INFO - chord#: 12 done. best_score=27.0, changed=525, unchanged=525, early_stops=8/8
26 - INFO - chord#: 14 In build_straw_man_chord_sa. tolerance = 1, sa_iterations = 1000, initial_temperature = 3.0, cooling_rate = 0.999
26 - INFO - chord#: 12 done. best_score=27.0, changed=521, unchanged=533, early_stops=8/8
26 - INFO - chord#: 14 In build_straw_man_chord_sa. tolerance = 1, sa_iterations = 1000, initial_temperature = 3.0, cooling_rate = 0.999
26 - INFO - chord#: 10 done. best_score=48.0, changed=524, unchanged=346, early_stops=8/8
26 - INFO - chord#: 12 In build_straw_man_chord_sa. tolerance = 1, sa_iterations = 1000, initial_temperature = 3.0, cooling_rate = 0.999
26 - INFO - chord#: 12 done. best_score=27.0, changed=524, unchanged=443, early_stops=8/8
26 - INFO - chord#: 14 In build_straw_man_chord_sa. tolerance = 1, sa_iterations = 1000, initial_temperature = 3.0, cooling_rate = 0.999
26 - INFO - chord#: 10 done. best_score=48.0, changed=532, unchanged=382, early_stops=8/8
26 - INFO - chord#: 12 In build_straw_man_chord_sa. tolerance = 1, sa_iterations = 1000, initial_temperature = 3.0, cooling_rate = 0.999
26 - INFO - chord#: 10 done. best_score=48.0, changed=535, unchanged=304, early_stops=8/8
26 - INFO - chord#: 12 In build_straw_man_chord_sa. tolerance = 1, sa_iterations = 1000, initial_temperature = 3.0, cooling_rate = 0.999
26 - INFO - chord#: 10 done. best_score=48.0, changed=535, unchanged=490, early_stops=8/8
26 - INFO - chord#: 12 In build_straw_man_chord_sa. tolerance = 1, sa_iterations = 1000, initial_temperature = 3.0, cooling_rate = 0.999
26 - INFO - chord#: 10 done. best_score=48.0, changed=537, unchanged=345, early_stops=8/8
26 - INFO - chord#: 12 In build_straw_man_chord_sa. tolerance = 1, sa_iterations = 1000, initial_temperature = 3.0, cooling_rate = 0.999
26 - INFO - chord#: 14 done. best_score=31.0, changed=536, unchanged=298, early_stops=8/8
26 - INFO - chord#: 16 In build_straw_man_chord_sa. tolerance = 1, sa_iterations = 1000, initial_temperature = 3.0, cooling_rate = 0.999
26 - INFO - chord#: 14 done. best_score=31.0, changed=531, unchanged=345, early_stops=8/8
26 - INFO - chord#: 16 In build_straw_man_chord_sa. tolerance = 1, sa_iterations = 1000, initial_temperature = 3.0, cooling_rate = 0.999
26 - INFO - chord#: 12 done. best_score=27.0, changed=523, unchanged=451, early_stops=8/8
26 - INFO - chord#: 14 In build_straw_man_chord_sa. tolerance = 1, sa_iterations = 1000, initial_temperature = 3.0, cooling_rate = 0.999
26 - INFO - chord#: 14 done. best_score=31.0, changed=544, unchanged=336, early_stops=8/8
26 - INFO - chord#: 16 In build_straw_man_chord_sa. tolerance = 1, sa_iterations = 1000, initial_temperature = 3.0, cooling_rate = 0.999
26 - INFO - chord#: 14 done. best_score=31.0, changed=534, unchanged=335, early_stops=8/8
26 - INFO - chord#: 16 In build_straw_man_chord_sa. tolerance = 1, sa_iterations = 1000, initial_temperature = 3.0, cooling_rate = 0.999
26 - INFO - chord#: 14 done. best_score=31.0, changed=524, unchanged=316, early_stops=8/8
26 - INFO - chord#: 16 In build_straw_man_chord_sa. tolerance = 1, sa_iterations = 1000, initial_temperature = 3.0, cooling_rate = 0.999
26 - INFO - chord#: 12 done. best_score=27.0, changed=523, unchanged=392, early_stops=8/8
26 - INFO - chord#: 14 In build_straw_man_chord_sa. tolerance = 1, sa_iterations = 1000, initial_temperature = 3.0, cooling_rate = 0.999
26 - INFO - chord#: 16 done. best_score=27.0, changed=518, unchanged=322, early_stops=8/8
26 - INFO - chord#: 20 In build_straw_man_chord_sa. tolerance = 1, sa_iterations = 1000, initial_temperature = 3.0, cooling_rate = 0.999
26 - INFO - chord#: 12 done. best_score=27.0, changed=515, unchanged=357, early_stops=8/8
26 - INFO - chord#: 14 In build_straw_man_chord_sa. tolerance = 1, sa_iterations = 1000, initial_temperature = 3.0, cooling_rate = 0.999
26 - INFO - chord#: 12 done. best_score=27.0, changed=520, unchanged=543, early_stops=8/8
26 - INFO - chord#: 14 In build_straw_man_chord_sa. tolerance = 1, sa_iterations = 1000, initial_temperature = 3.0, cooling_rate = 0.999
26 - INFO - chord#: 12 done. best_score=27.0, changed=530, unchanged=426, early_stops=8/8
26 - INFO - chord#: 14 In build_straw_man_chord_sa. tolerance = 1, sa_iterations = 1000, initial_temperature = 3.0, cooling_rate = 0.999
26 - INFO - chord#: 16 done. best_score=27.0, changed=523, unchanged=342, early_stops=8/8
26 - INFO - chord#: 20 In build_straw_man_chord_sa. tolerance = 1, sa_iterations = 1000, initial_temperature = 3.0, cooling_rate = 0.999
26 - INFO - chord#: 14 done. best_score=31.0, changed=531, unchanged=342, early_stops=8/8
26 - INFO - chord#: 16 In build_straw_man_chord_sa. tolerance = 1, sa_iterations = 1000, initial_temperature = 3.0, cooling_rate = 0.999
26 - INFO - chord#: 12 done. best_score=27.0, changed=523, unchanged=506, early_stops=8/8
26 - INFO - chord#: 14 In build_straw_man_chord_sa. tolerance = 1, sa_iterations = 1000, initial_temperature = 3.0, cooling_rate = 0.999
26 - INFO - chord#: 12 done. best_score=27.0, changed=524, unchanged=548, early_stops=8/8
26 - INFO - chord#: 14 In build_straw_man_chord_sa. tolerance = 1, sa_iterations = 1000, initial_temperature = 3.0, cooling_rate = 0.999
26 - INFO - chord#: 16 done. best_score=27.0, changed=522, unchanged=374, early_stops=8/8
26 - INFO - chord#: 20 In build_straw_man_chord_sa. tolerance = 1, sa_iterations = 1000, initial_temperature = 3.0, cooling_rate = 0.999
26 - INFO - chord#: 16 done. best_score=27.0, changed=531, unchanged=341, early_stops=8/8
26 - INFO - chord#: 20 In build_straw_man_chord_sa. tolerance = 1, sa_iterations = 1000, initial_temperature = 3.0, cooling_rate = 0.999
26 - INFO - chord#: 16 done. best_score=27.0, changed=537, unchanged=374, early_stops=8/8
26 - INFO - chord#: 20 In build_straw_man_chord_sa. tolerance = 1, sa_iterations = 1000, initial_temperature = 3.0, cooling_rate = 0.999
26 - INFO - chord#: 14 done. best_score=31.0, changed=534, unchanged=318, early_stops=8/8
26 - INFO - chord#: 16 In build_straw_man_chord_sa. tolerance = 1, sa_iterations = 1000, initial_temperature = 3.0, cooling_rate = 0.999
26 - INFO - chord#: 14 done. best_score=31.0, changed=534, unchanged=311, early_stops=8/8
26 - INFO - chord#: 16 In build_straw_man_chord_sa. tolerance = 1, sa_iterations = 1000, initial_temperature = 3.0, cooling_rate = 0.999
26 - INFO - chord#: 14 done. best_score=31.0, changed=526, unchanged=286, early_stops=8/8
26 - INFO - chord#: 16 In build_straw_man_chord_sa. tolerance = 1, sa_iterations = 1000, initial_temperature = 3.0, cooling_rate = 0.999
26 - INFO - chord#: 14 done. best_score=31.0, changed=534, unchanged=335, early_stops=8/8
26 - INFO - chord#: 16 In build_straw_man_chord_sa. tolerance = 1, sa_iterations = 1000, initial_temperature = 3.0, cooling_rate = 0.999
26 - INFO - chord#: 14 done. best_score=31.0, changed=528, unchanged=328, early_stops=8/8
26 - INFO - chord#: 16 In build_straw_man_chord_sa. tolerance = 1, sa_iterations = 1000, initial_temperature = 3.0, cooling_rate = 0.999
26 - INFO - chord#: 14 done. best_score=31.0, changed=536, unchanged=418, early_stops=8/8
26 - INFO - chord#: 16 In build_straw_man_chord_sa. tolerance = 1, sa_iterations = 1000, initial_temperature = 3.0, cooling_rate = 0.999
26 - INFO - chord#: 16 done. best_score=27.0, changed=522, unchanged=349, early_stops=8/8
26 - INFO - chord#: 20 In build_straw_man_chord_sa. tolerance = 1, sa_iterations = 1000, initial_temperature = 3.0, cooling_rate = 0.999
26 - INFO - chord#: 16 done. best_score=27.0, changed=525, unchanged=368, early_stops=8/8
26 - INFO - chord#: 20 In build_straw_man_chord_sa. tolerance = 1, sa_iterations = 1000, initial_temperature = 3.0, cooling_rate = 0.999
26 - INFO - chord#: 16 done. best_score=27.0, changed=533, unchanged=351, early_stops=8/8
26 - INFO - chord#: 20 In build_straw_man_chord_sa. tolerance = 1, sa_iterations = 1000, initial_temperature = 3.0, cooling_rate = 0.999
26 - INFO - chord#: 16 done. best_score=27.0, changed=528, unchanged=358, early_stops=8/8
26 - INFO - chord#: 20 In build_straw_man_chord_sa. tolerance = 1, sa_iterations = 1000, initial_temperature = 3.0, cooling_rate = 0.999
26 - INFO - chord#: 16 done. best_score=27.0, changed=542, unchanged=444, early_stops=8/8
26 - INFO - chord#: 20 In build_straw_man_chord_sa. tolerance = 1, sa_iterations = 1000, initial_temperature = 3.0, cooling_rate = 0.999
26 - INFO - chord#: 16 done. best_score=27.0, changed=526, unchanged=353, early_stops=8/8
26 - INFO - chord#: 20 In build_straw_man_chord_sa. tolerance = 1, sa_iterations = 1000, initial_temperature = 3.0, cooling_rate = 0.999
26 - INFO - chord#: 20 done. best_score=157.0, changed=613, unchanged=263, early_stops=8/8
26 - INFO - chord#: 22 In build_straw_man_chord_sa. tolerance = 1, sa_iterations = 1000, initial_temperature = 3.0, cooling_rate = 0.999
26 - INFO - chord#: 16 done. best_score=27.0, changed=531, unchanged=422, early_stops=8/8
26 - INFO - chord#: 20 In build_straw_man_chord_sa. tolerance = 1, sa_iterations = 1000, initial_temperature = 3.0, cooling_rate = 0.999
26 - INFO - chord#: 20 done. best_score=64.0, changed=618, unchanged=375, early_stops=8/8
26 - INFO - chord#: 22 In build_straw_man_chord_sa. tolerance = 1, sa_iterations = 1000, initial_temperature = 3.0, cooling_rate = 0.999
26 - INFO - chord#: 20 done. best_score=157.0, changed=610, unchanged=205, early_stops=8/8
26 - INFO - chord#: 22 In build_straw_man_chord_sa. tolerance = 1, sa_iterations = 1000, initial_temperature = 3.0, cooling_rate = 0.999
26 - INFO - chord#: 20 done. best_score=64.0, changed=613, unchanged=358, early_stops=8/8
26 - INFO - chord#: 22 In build_straw_man_chord_sa. tolerance = 1, sa_iterations = 1000, initial_temperature = 3.0, cooling_rate = 0.999
26 - INFO - chord#: 20 done. best_score=64.0, changed=615, unchanged=498, early_stops=8/8
26 - INFO - chord#: 22 In build_straw_man_chord_sa. tolerance = 1, sa_iterations = 1000, initial_temperature = 3.0, cooling_rate = 0.999
26 - INFO - chord#: 22 done. best_score=96.0, changed=613, unchanged=242, early_stops=8/8
26 - INFO - chord#: 23 In build_straw_man_chord_sa. tolerance = 1, sa_iterations = 1000, initial_temperature = 3.0, cooling_rate = 0.999
26 - INFO - chord#: 20 done. best_score=96.0, changed=609, unchanged=331, early_stops=8/8
26 - INFO - chord#: 22 In build_straw_man_chord_sa. tolerance = 1, sa_iterations = 1000, initial_temperature = 3.0, cooling_rate = 0.999
26 - INFO - chord#: 20 done. best_score=64.0, changed=613, unchanged=335, early_stops=8/8
26 - INFO - chord#: 22 In build_straw_man_chord_sa. tolerance = 1, sa_iterations = 1000, initial_temperature = 3.0, cooling_rate = 0.999
26 - INFO - chord#: 20 done. best_score=104.0, changed=612, unchanged=300, early_stops=8/8
26 - INFO - chord#: 22 In build_straw_man_chord_sa. tolerance = 1, sa_iterations = 1000, initial_temperature = 3.0, cooling_rate = 0.999
26 - INFO - chord#: 20 done. best_score=64.0, changed=613, unchanged=282, early_stops=8/8
26 - INFO - chord#: 22 In build_straw_man_chord_sa. tolerance = 1, sa_iterations = 1000, initial_temperature = 3.0, cooling_rate = 0.999
26 - INFO - chord#: 20 done. best_score=157.0, changed=611, unchanged=217, early_stops=8/8
26 - INFO - chord#: 22 In build_straw_man_chord_sa. tolerance = 1, sa_iterations = 1000, initial_temperature = 3.0, cooling_rate = 0.999
26 - INFO - chord#: 20 done. best_score=64.0, changed=611, unchanged=390, early_stops=8/8
26 - INFO - chord#: 22 In build_straw_man_chord_sa. tolerance = 1, sa_iterations = 1000, initial_temperature = 3.0, cooling_rate = 0.999
26 - INFO - chord#: 23 done. best_score=27.0, changed=521, unchanged=360, early_stops=8/8
26 - INFO - chord#: 24 In build_straw_man_chord_sa. tolerance = 1, sa_iterations = 1000, initial_temperature = 3.0, cooling_rate = 0.999
26 - INFO - chord#: 22 done. best_score=74.0, changed=617, unchanged=345, early_stops=8/8
26 - INFO - chord#: 23 In build_straw_man_chord_sa. tolerance = 1, sa_iterations = 1000, initial_temperature = 3.0, cooling_rate = 0.999
26 - INFO - chord#: 20 done. best_score=125.0, changed=610, unchanged=340, early_stops=8/8
26 - INFO - chord#: 22 In build_straw_man_chord_sa. tolerance = 1, sa_iterations = 1000, initial_temperature = 3.0, cooling_rate = 0.999
26 - INFO - chord#: 22 done. best_score=74.0, changed=612, unchanged=344, early_stops=8/8
26 - INFO - chord#: 23 In build_straw_man_chord_sa. tolerance = 1, sa_iterations = 1000, initial_temperature = 3.0, cooling_rate = 0.999
26 - INFO - chord#: 22 done. best_score=104.0, changed=612, unchanged=257, early_stops=8/8
26 - INFO - chord#: 23 In build_straw_man_chord_sa. tolerance = 1, sa_iterations = 1000, initial_temperature = 3.0, cooling_rate = 0.999
26 - INFO - chord#: 24 done. best_score=27.0, changed=519, unchanged=387, early_stops=8/8
26 - INFO - chord#: 26 In build_straw_man_chord_sa. tolerance = 1, sa_iterations = 1000, initial_temperature = 3.0, cooling_rate = 0.999
26 - INFO - chord#: 22 done. best_score=168.0, changed=614, unchanged=261, early_stops=8/8
26 - INFO - chord#: 23 In build_straw_man_chord_sa. tolerance = 1, sa_iterations = 1000, initial_temperature = 3.0, cooling_rate = 0.999
26 - INFO - chord#: 22 done. best_score=74.0, changed=612, unchanged=269, early_stops=8/8
26 - INFO - chord#: 23 In build_straw_man_chord_sa. tolerance = 1, sa_iterations = 1000, initial_temperature = 3.0, cooling_rate = 0.999
26 - INFO - chord#: 22 done. best_score=74.0, changed=612, unchanged=254, early_stops=8/8
26 - INFO - chord#: 23 In build_straw_man_chord_sa. tolerance = 1, sa_iterations = 1000, initial_temperature = 3.0, cooling_rate = 0.999
26 - INFO - chord#: 23 done. best_score=27.0, changed=533, unchanged=473, early_stops=8/8
26 - INFO - chord#: 24 In build_straw_man_chord_sa. tolerance = 1, sa_iterations = 1000, initial_temperature = 3.0, cooling_rate = 0.999
26 - INFO - chord#: 22 done. best_score=74.0, changed=612, unchanged=215, early_stops=8/8
26 - INFO - chord#: 23 In build_straw_man_chord_sa. tolerance = 1, sa_iterations = 1000, initial_temperature = 3.0, cooling_rate = 0.999
26 - INFO - chord#: 23 done. best_score=61.0, changed=531, unchanged=307, early_stops=8/8
26 - INFO - chord#: 24 In build_straw_man_chord_sa. tolerance = 1, sa_iterations = 1000, initial_temperature = 3.0, cooling_rate = 0.999
26 - INFO - chord#: 22 done. best_score=74.0, changed=616, unchanged=276, early_stops=8/8
26 - INFO - chord#: 23 In build_straw_man_chord_sa. tolerance = 1, sa_iterations = 1000, initial_temperature = 3.0, cooling_rate = 0.999
26 - INFO - chord#: 22 done. best_score=74.0, changed=619, unchanged=425, early_stops=8/8
26 - INFO - chord#: 23 In build_straw_man_chord_sa. tolerance = 1, sa_iterations = 1000, initial_temperature = 3.0, cooling_rate = 0.999
26 - INFO - chord#: 23 done. best_score=27.0, changed=526, unchanged=366, early_stops=8/8
26 - INFO - chord#: 24 In build_straw_man_chord_sa. tolerance = 1, sa_iterations = 1000, initial_temperature = 3.0, cooling_rate = 0.999
26 - INFO - chord#: 22 done. best_score=74.0, changed=612, unchanged=271, early_stops=8/8
26 - INFO - chord#: 23 In build_straw_man_chord_sa. tolerance = 1, sa_iterations = 1000, initial_temperature = 3.0, cooling_rate = 0.999
26 - INFO - chord#: 23 done. best_score=27.0, changed=519, unchanged=425, early_stops=8/8
26 - INFO - chord#: 24 In build_straw_man_chord_sa. tolerance = 1, sa_iterations = 1000, initial_temperature = 3.0, cooling_rate = 0.999
26 - INFO - chord#: 23 done. best_score=27.0, changed=523, unchanged=416, early_stops=8/8
26 - INFO - chord#: 24 In build_straw_man_chord_sa. tolerance = 1, sa_iterations = 1000, initial_temperature = 3.0, cooling_rate = 0.999
26 - INFO - chord#: 23 done. best_score=27.0, changed=523, unchanged=311, early_stops=8/8
26 - INFO - chord#: 24 In build_straw_man_chord_sa. tolerance = 1, sa_iterations = 1000, initial_temperature = 3.0, cooling_rate = 0.999
26 - INFO - chord#: 23 done. best_score=27.0, changed=524, unchanged=379, early_stops=8/8
26 - INFO - chord#: 24 In build_straw_man_chord_sa. tolerance = 1, sa_iterations = 1000, initial_temperature = 3.0, cooling_rate = 0.999
26 - INFO - chord#: 23 done. best_score=27.0, changed=518, unchanged=356, early_stops=8/8
26 - INFO - chord#: 24 In build_straw_man_chord_sa. tolerance = 1, sa_iterations = 1000, initial_temperature = 3.0, cooling_rate = 0.999
26 - INFO - chord#: 24 done. best_score=27.0, changed=525, unchanged=465, early_stops=8/8
26 - INFO - chord#: 26 In build_straw_man_chord_sa. tolerance = 1, sa_iterations = 1000, initial_temperature = 3.0, cooling_rate = 0.999
26 - INFO - chord#: 24 done. best_score=27.0, changed=511, unchanged=423, early_stops=8/8
26 - INFO - chord#: 26 In build_straw_man_chord_sa. tolerance = 1, sa_iterations = 1000, initial_temperature = 3.0, cooling_rate = 0.999
26 - INFO - chord#: 22 done. best_score=150.0, changed=615, unchanged=307, early_stops=8/8
26 - INFO - chord#: 23 In build_straw_man_chord_sa. tolerance = 1, sa_iterations = 1000, initial_temperature = 3.0, cooling_rate = 0.999
26 - INFO - chord#: 23 done. best_score=27.0, changed=519, unchanged=399, early_stops=8/8
26 - INFO - chord#: 24 In build_straw_man_chord_sa. tolerance = 1, sa_iterations = 1000, initial_temperature = 3.0, cooling_rate = 0.999
26 - INFO - chord#: 24 done. best_score=27.0, changed=520, unchanged=396, early_stops=8/8
26 - INFO - chord#: 26 In build_straw_man_chord_sa. tolerance = 1, sa_iterations = 1000, initial_temperature = 3.0, cooling_rate = 0.999
26 - INFO - chord#: 24 done. best_score=27.0, changed=528, unchanged=502, early_stops=8/8
26 - INFO - chord#: 26 In build_straw_man_chord_sa. tolerance = 1, sa_iterations = 1000, initial_temperature = 3.0, cooling_rate = 0.999
26 - INFO - chord#: 23 done. best_score=27.0, changed=514, unchanged=321, early_stops=8/8
26 - INFO - chord#: 24 In build_straw_man_chord_sa. tolerance = 1, sa_iterations = 1000, initial_temperature = 3.0, cooling_rate = 0.999
26 - INFO - chord#: 24 done. best_score=27.0, changed=525, unchanged=517, early_stops=8/8
26 - INFO - chord#: 26 In build_straw_man_chord_sa. tolerance = 1, sa_iterations = 1000, initial_temperature = 3.0, cooling_rate = 0.999
26 - INFO - chord#: 24 done. best_score=27.0, changed=519, unchanged=452, early_stops=8/8
26 - INFO - chord#: 26 In build_straw_man_chord_sa. tolerance = 1, sa_iterations = 1000, initial_temperature = 3.0, cooling_rate = 0.999
26 - INFO - chord#: 23 done. best_score=61.0, changed=546, unchanged=293, early_stops=8/8
26 - INFO - chord#: 24 In build_straw_man_chord_sa. tolerance = 1, sa_iterations = 1000, initial_temperature = 3.0, cooling_rate = 0.999
26 - INFO - chord#: 24 done. best_score=27.0, changed=523, unchanged=506, early_stops=8/8
26 - INFO - chord#: 26 In build_straw_man_chord_sa. tolerance = 1, sa_iterations = 1000, initial_temperature = 3.0, cooling_rate = 0.999
26 - INFO - chord#: 24 done. best_score=27.0, changed=515, unchanged=433, early_stops=8/8
26 - INFO - chord#: 26 In build_straw_man_chord_sa. tolerance = 1, sa_iterations = 1000, initial_temperature = 3.0, cooling_rate = 0.999
26 - INFO - chord#: 26 done. best_score=67.0, changed=612, unchanged=423, early_stops=8/8
26 - INFO - chord#: 28 In build_straw_man_chord_sa. tolerance = 1, sa_iterations = 1000, initial_temperature = 3.0, cooling_rate = 0.999
26 - INFO - chord#: 24 done. best_score=27.0, changed=516, unchanged=360, early_stops=8/8
26 - INFO - chord#: 26 In build_straw_man_chord_sa. tolerance = 1, sa_iterations = 1000, initial_temperature = 3.0, cooling_rate = 0.999
26 - INFO - chord#: 24 done. best_score=27.0, changed=525, unchanged=458, early_stops=8/8
26 - INFO - chord#: 26 In build_straw_man_chord_sa. tolerance = 1, sa_iterations = 1000, initial_temperature = 3.0, cooling_rate = 0.999
26 - INFO - chord#: 26 done. best_score=145.0, changed=610, unchanged=298, early_stops=8/8
26 - INFO - chord#: 28 In build_straw_man_chord_sa. tolerance = 1, sa_iterations = 1000, initial_temperature = 3.0, cooling_rate = 0.999
26 - INFO - chord#: 24 done. best_score=27.0, changed=522, unchanged=595, early_stops=8/8
26 - INFO - chord#: 26 In build_straw_man_chord_sa. tolerance = 1, sa_iterations = 1000, initial_temperature = 3.0, cooling_rate = 0.999
26 - INFO - chord#: 28 done. best_score=27.0, changed=521, unchanged=440, early_stops=8/8
26 - INFO - chord#: 32 In build_straw_man_chord_sa. tolerance = 1, sa_iterations = 1000, initial_temperature = 3.0, cooling_rate = 0.999
26 - INFO - chord#: 26 done. best_score=137.0, changed=609, unchanged=264, early_stops=8/8
26 - INFO - chord#: 28 In build_straw_man_chord_sa. tolerance = 1, sa_iterations = 1000, initial_temperature = 3.0, cooling_rate = 0.999
26 - INFO - chord#: 26 done. best_score=137.0, changed=605, unchanged=290, early_stops=8/8
26 - INFO - chord#: 28 In build_straw_man_chord_sa. tolerance = 1, sa_iterations = 1000, initial_temperature = 3.0, cooling_rate = 0.999
26 - INFO - chord#: 26 done. best_score=67.0, changed=616, unchanged=405, early_stops=8/8
26 - INFO - chord#: 28 In build_straw_man_chord_sa. tolerance = 1, sa_iterations = 1000, initial_temperature = 3.0, cooling_rate = 0.999
26 - INFO - chord#: 26 done. best_score=67.0, changed=615, unchanged=393, early_stops=8/8
26 - INFO - chord#: 28 In build_straw_man_chord_sa. tolerance = 1, sa_iterations = 1000, initial_temperature = 3.0, cooling_rate = 0.999
26 - INFO - chord#: 26 done. best_score=145.0, changed=614, unchanged=597, early_stops=8/8
26 - INFO - chord#: 28 In build_straw_man_chord_sa. tolerance = 1, sa_iterations = 1000, initial_temperature = 3.0, cooling_rate = 0.999
26 - INFO - chord#: 26 done. best_score=67.0, changed=619, unchanged=352, early_stops=8/8
26 - INFO - chord#: 28 In build_straw_man_chord_sa. tolerance = 1, sa_iterations = 1000, initial_temperature = 3.0, cooling_rate = 0.999
26 - INFO - chord#: 28 done. best_score=27.0, changed=526, unchanged=554, early_stops=8/8
26 - INFO - chord#: 32 In build_straw_man_chord_sa. tolerance = 1, sa_iterations = 1000, initial_temperature = 3.0, cooling_rate = 0.999
26 - INFO - chord#: 32 done. best_score=36.0, changed=522, unchanged=405, early_stops=8/8
26 - INFO - chord#: 36 In build_straw_man_chord_sa. tolerance = 1, sa_iterations = 1000, initial_temperature = 3.0, cooling_rate = 0.999
26 - INFO - chord#: 28 done. best_score=27.0, changed=519, unchanged=440, early_stops=8/8
26 - INFO - chord#: 32 In build_straw_man_chord_sa. tolerance = 1, sa_iterations = 1000, initial_temperature = 3.0, cooling_rate = 0.999
26 - INFO - chord#: 26 done. best_score=67.0, changed=614, unchanged=293, early_stops=8/8
26 - INFO - chord#: 28 In build_straw_man_chord_sa. tolerance = 1, sa_iterations = 1000, initial_temperature = 3.0, cooling_rate = 0.999
26 - INFO - chord#: 28 done. best_score=27.0, changed=521, unchanged=408, early_stops=8/8
26 - INFO - chord#: 32 In build_straw_man_chord_sa. tolerance = 1, sa_iterations = 1000, initial_temperature = 3.0, cooling_rate = 0.999
26 - INFO - chord#: 28 done. best_score=27.0, changed=526, unchanged=357, early_stops=8/8
26 - INFO - chord#: 32 In build_straw_man_chord_sa. tolerance = 1, sa_iterations = 1000, initial_temperature = 3.0, cooling_rate = 0.999
26 - INFO - chord#: 28 done. best_score=27.0, changed=539, unchanged=548, early_stops=8/8
26 - INFO - chord#: 32 In build_straw_man_chord_sa. tolerance = 1, sa_iterations = 1000, initial_temperature = 3.0, cooling_rate = 0.999
26 - INFO - chord#: 28 done. best_score=27.0, changed=524, unchanged=529, early_stops=8/8
26 - INFO - chord#: 32 In build_straw_man_chord_sa. tolerance = 1, sa_iterations = 1000, initial_temperature = 3.0, cooling_rate = 0.999
26 - INFO - chord#: 28 done. best_score=27.0, changed=516, unchanged=395, early_stops=8/8
26 - INFO - chord#: 32 In build_straw_man_chord_sa. tolerance = 1, sa_iterations = 1000, initial_temperature = 3.0, cooling_rate = 0.999
26 - INFO - chord#: 26 done. best_score=137.0, changed=608, unchanged=322, early_stops=8/8
26 - INFO - chord#: 28 In build_straw_man_chord_sa. tolerance = 1, sa_iterations = 1000, initial_temperature = 3.0, cooling_rate = 0.999
26 - INFO - chord#: 26 done. best_score=67.0, changed=613, unchanged=310, early_stops=8/8
26 - INFO - chord#: 28 In build_straw_man_chord_sa. tolerance = 1, sa_iterations = 1000, initial_temperature = 3.0, cooling_rate = 0.999
26 - INFO - chord#: 32 done. best_score=36.0, changed=524, unchanged=373, early_stops=8/8
26 - INFO - chord#: 36 In build_straw_man_chord_sa. tolerance = 1, sa_iterations = 1000, initial_temperature = 3.0, cooling_rate = 0.999
26 - INFO - chord#: 32 done. best_score=36.0, changed=522, unchanged=369, early_stops=8/8
26 - INFO - chord#: 36 In build_straw_man_chord_sa. tolerance = 1, sa_iterations = 1000, initial_temperature = 3.0, cooling_rate = 0.999
26 - INFO - chord#: 32 done. best_score=36.0, changed=520, unchanged=335, early_stops=8/8
26 - INFO - chord#: 36 In build_straw_man_chord_sa. tolerance = 1, sa_iterations = 1000, initial_temperature = 3.0, cooling_rate = 0.999
26 - INFO - chord#: 32 done. best_score=36.0, changed=523, unchanged=460, early_stops=8/8
26 - INFO - chord#: 36 In build_straw_man_chord_sa. tolerance = 1, sa_iterations = 1000, initial_temperature = 3.0, cooling_rate = 0.999
26 - INFO - chord#: 32 done. best_score=36.0, changed=527, unchanged=360, early_stops=8/8
26 - INFO - chord#: 36 In build_straw_man_chord_sa. tolerance = 1, sa_iterations = 1000, initial_temperature = 3.0, cooling_rate = 0.999
26 - INFO - chord#: 28 done. best_score=27.0, changed=515, unchanged=414, early_stops=8/8
26 - INFO - chord#: 32 In build_straw_man_chord_sa. tolerance = 1, sa_iterations = 1000, initial_temperature = 3.0, cooling_rate = 0.999
26 - INFO - chord#: 32 done. best_score=36.0, changed=524, unchanged=415, early_stops=8/8
26 - INFO - chord#: 36 In build_straw_man_chord_sa. tolerance = 1, sa_iterations = 1000, initial_temperature = 3.0, cooling_rate = 0.999
26 - INFO - chord#: 36 done. best_score=27.0, changed=519, unchanged=572, early_stops=8/8
26 - INFO - chord#: 40 In build_straw_man_chord_sa. tolerance = 1, sa_iterations = 1000, initial_temperature = 3.0, cooling_rate = 0.999
26 - INFO - chord#: 32 done. best_score=36.0, changed=521, unchanged=414, early_stops=8/8
26 - INFO - chord#: 36 In build_straw_man_chord_sa. tolerance = 1, sa_iterations = 1000, initial_temperature = 3.0, cooling_rate = 0.999
26 - INFO - chord#: 26 done. best_score=96.0, changed=612, unchanged=302, early_stops=8/8
26 - INFO - chord#: 28 In build_straw_man_chord_sa. tolerance = 1, sa_iterations = 1000, initial_temperature = 3.0, cooling_rate = 0.999
26 - INFO - chord#: 28 done. best_score=27.0, changed=527, unchanged=369, early_stops=8/8
26 - INFO - chord#: 32 In build_straw_man_chord_sa. tolerance = 1, sa_iterations = 1000, initial_temperature = 3.0, cooling_rate = 0.999
26 - INFO - chord#: 28 done. best_score=27.0, changed=516, unchanged=313, early_stops=8/8
26 - INFO - chord#: 32 In build_straw_man_chord_sa. tolerance = 1, sa_iterations = 1000, initial_temperature = 3.0, cooling_rate = 0.999
26 - INFO - chord#: 36 done. best_score=27.0, changed=522, unchanged=488, early_stops=8/8
26 - INFO - chord#: 40 In build_straw_man_chord_sa. tolerance = 1, sa_iterations = 1000, initial_temperature = 3.0, cooling_rate = 0.999
26 - INFO - chord#: 36 done. best_score=27.0, changed=513, unchanged=478, early_stops=8/8
26 - INFO - chord#: 40 In build_straw_man_chord_sa. tolerance = 1, sa_iterations = 1000, initial_temperature = 3.0, cooling_rate = 0.999
26 - INFO - chord#: 36 done. best_score=27.0, changed=522, unchanged=508, early_stops=8/8
26 - INFO - chord#: 40 In build_straw_man_chord_sa. tolerance = 1, sa_iterations = 1000, initial_temperature = 3.0, cooling_rate = 0.999
26 - INFO - chord#: 36 done. best_score=27.0, changed=519, unchanged=400, early_stops=8/8
26 - INFO - chord#: 40 In build_straw_man_chord_sa. tolerance = 1, sa_iterations = 1000, initial_temperature = 3.0, cooling_rate = 0.999
26 - INFO - chord#: 36 done. best_score=27.0, changed=527, unchanged=525, early_stops=8/8
26 - INFO - chord#: 40 In build_straw_man_chord_sa. tolerance = 1, sa_iterations = 1000, initial_temperature = 3.0, cooling_rate = 0.999
26 - INFO - chord#: 36 done. best_score=27.0, changed=515, unchanged=405, early_stops=8/8
26 - INFO - chord#: 40 In build_straw_man_chord_sa. tolerance = 1, sa_iterations = 1000, initial_temperature = 3.0, cooling_rate = 0.999
26 - INFO - chord#: 32 done. best_score=36.0, changed=522, unchanged=383, early_stops=8/8
26 - INFO - chord#: 36 In build_straw_man_chord_sa. tolerance = 1, sa_iterations = 1000, initial_temperature = 3.0, cooling_rate = 0.999
26 - INFO - chord#: 40 done. best_score=27.0, changed=514, unchanged=342, early_stops=8/8
26 - INFO - chord#: 42 In build_straw_man_chord_sa. tolerance = 1, sa_iterations = 1000, initial_temperature = 3.0, cooling_rate = 0.999
26 - INFO - chord#: 28 done. best_score=27.0, changed=523, unchanged=454, early_stops=8/8
26 - INFO - chord#: 32 In build_straw_man_chord_sa. tolerance = 1, sa_iterations = 1000, initial_temperature = 3.0, cooling_rate = 0.999
26 - INFO - chord#: 36 done. best_score=27.0, changed=525, unchanged=458, early_stops=8/8
26 - INFO - chord#: 40 In build_straw_man_chord_sa. tolerance = 1, sa_iterations = 1000, initial_temperature = 3.0, cooling_rate = 0.999
26 - INFO - chord#: 40 done. best_score=27.0, changed=526, unchanged=489, early_stops=8/8
26 - INFO - chord#: 42 In build_straw_man_chord_sa. tolerance = 1, sa_iterations = 1000, initial_temperature = 3.0, cooling_rate = 0.999
26 - INFO - chord#: 40 done. best_score=27.0, changed=518, unchanged=432, early_stops=8/8
26 - INFO - chord#: 42 In build_straw_man_chord_sa. tolerance = 1, sa_iterations = 1000, initial_temperature = 3.0, cooling_rate = 0.999
26 - INFO - chord#: 32 done. best_score=36.0, changed=522, unchanged=399, early_stops=8/8
26 - INFO - chord#: 36 In build_straw_man_chord_sa. tolerance = 1, sa_iterations = 1000, initial_temperature = 3.0, cooling_rate = 0.999
26 - INFO - chord#: 32 done. best_score=36.0, changed=527, unchanged=378, early_stops=8/8
26 - INFO - chord#: 40 done. best_score=27.0, changed=531, unchanged=494, early_stops=8/8
26 - INFO - chord#: 36 In build_straw_man_chord_sa. tolerance = 1, sa_iterations = 1000, initial_temperature = 3.0, cooling_rate = 0.999
26 - INFO - chord#: 40 done. best_score=27.0, changed=522, unchanged=381, early_stops=8/8
26 - INFO - chord#: 42 In build_straw_man_chord_sa. tolerance = 1, sa_iterations = 1000, initial_temperature = 3.0, cooling_rate = 0.999
26 - INFO - chord#: 42 In build_straw_man_chord_sa. tolerance = 1, sa_iterations = 1000, initial_temperature = 3.0, cooling_rate = 0.999
26 - INFO - chord#: 40 done. best_score=27.0, changed=519, unchanged=361, early_stops=8/8
26 - INFO - chord#: 42 In build_straw_man_chord_sa. tolerance = 1, sa_iterations = 1000, initial_temperature = 3.0, cooling_rate = 0.999
26 - INFO - chord#: 40 done. best_score=27.0, changed=519, unchanged=476, early_stops=8/8
26 - INFO - chord#: 42 In build_straw_man_chord_sa. tolerance = 1, sa_iterations = 1000, initial_temperature = 3.0, cooling_rate = 0.999
26 - INFO - chord#: 36 done. best_score=27.0, changed=524, unchanged=387, early_stops=8/8
26 - INFO - chord#: 40 In build_straw_man_chord_sa. tolerance = 1, sa_iterations = 1000, initial_temperature = 3.0, cooling_rate = 0.999
26 - INFO - chord#: 42 done. best_score=36.0, changed=531, unchanged=442, early_stops=8/8
26 - INFO - chord#: 44 In build_straw_man_chord_sa. tolerance = 1, sa_iterations = 1000, initial_temperature = 3.0, cooling_rate = 0.999
26 - INFO - chord#: 42 done. best_score=36.0, changed=538, unchanged=426, early_stops=8/8
26 - INFO - chord#: 44 In build_straw_man_chord_sa. tolerance = 1, sa_iterations = 1000, initial_temperature = 3.0, cooling_rate = 0.999
26 - INFO - chord#: 32 done. best_score=36.0, changed=521, unchanged=334, early_stops=8/8
26 - INFO - chord#: 36 In build_straw_man_chord_sa. tolerance = 1, sa_iterations = 1000, initial_temperature = 3.0, cooling_rate = 0.999
26 - INFO - chord#: 42 done. best_score=36.0, changed=531, unchanged=404, early_stops=8/8
26 - INFO - chord#: 44 In build_straw_man_chord_sa. tolerance = 1, sa_iterations = 1000, initial_temperature = 3.0, cooling_rate = 0.999
26 - INFO - chord#: 42 done. best_score=36.0, changed=523, unchanged=360, early_stops=8/8
26 - INFO - chord#: 44 In build_straw_man_chord_sa. tolerance = 1, sa_iterations = 1000, initial_temperature = 3.0, cooling_rate = 0.999
26 - INFO - chord#: 42 done. best_score=72.0, changed=537, unchanged=361, early_stops=8/8
26 - INFO - chord#: 44 In build_straw_man_chord_sa. tolerance = 1, sa_iterations = 1000, initial_temperature = 3.0, cooling_rate = 0.999
26 - INFO - chord#: 42 done. best_score=36.0, changed=539, unchanged=332, early_stops=8/8
26 - INFO - chord#: 44 In build_straw_man_chord_sa. tolerance = 1, sa_iterations = 1000, initial_temperature = 3.0, cooling_rate = 0.999
26 - INFO - chord#: 40 done. best_score=27.0, changed=521, unchanged=527, early_stops=8/8
26 - INFO - chord#: 42 In build_straw_man_chord_sa. tolerance = 1, sa_iterations = 1000, initial_temperature = 3.0, cooling_rate = 0.999
26 - INFO - chord#: 42 done. best_score=72.0, changed=523, unchanged=348, early_stops=8/8
26 - INFO - chord#: 44 In build_straw_man_chord_sa. tolerance = 1, sa_iterations = 1000, initial_temperature = 3.0, cooling_rate = 0.999
26 - INFO - chord#: 36 done. best_score=27.0, changed=515, unchanged=441, early_stops=8/8
26 - INFO - chord#: 40 In build_straw_man_chord_sa. tolerance = 1, sa_iterations = 1000, initial_temperature = 3.0, cooling_rate = 0.999
26 - INFO - chord#: 36 done. best_score=27.0, changed=526, unchanged=459, early_stops=8/8
26 - INFO - chord#: 40 In build_straw_man_chord_sa. tolerance = 1, sa_iterations = 1000, initial_temperature = 3.0, cooling_rate = 0.999
26 - INFO - chord#: 44 done. best_score=27.0, changed=522, unchanged=425, early_stops=8/8
26 - INFO - chord#: 46 In build_straw_man_chord_sa. tolerance = 1, sa_iterations = 1000, initial_temperature = 3.0, cooling_rate = 0.999
26 - INFO - chord#: 44 done. best_score=27.0, changed=520, unchanged=340, early_stops=8/8
26 - INFO - chord#: 46 In build_straw_man_chord_sa. tolerance = 1, sa_iterations = 1000, initial_temperature = 3.0, cooling_rate = 0.999
26 - INFO - chord#: 44 done. best_score=27.0, changed=518, unchanged=366, early_stops=8/8
26 - INFO - chord#: 46 In build_straw_man_chord_sa. tolerance = 1, sa_iterations = 1000, initial_temperature = 3.0, cooling_rate = 0.999
26 - INFO - chord#: 44 done. best_score=27.0, changed=521, unchanged=384, early_stops=8/8
26 - INFO - chord#: 46 In build_straw_man_chord_sa. tolerance = 1, sa_iterations = 1000, initial_temperature = 3.0, cooling_rate = 0.999
26 - INFO - chord#: 40 done. best_score=27.0, changed=517, unchanged=421, early_stops=8/8
26 - INFO - chord#: 42 In build_straw_man_chord_sa. tolerance = 1, sa_iterations = 1000, initial_temperature = 3.0, cooling_rate = 0.999
26 - INFO - chord#: 44 done. best_score=27.0, changed=519, unchanged=416, early_stops=8/8
26 - INFO - chord#: 46 In build_straw_man_chord_sa. tolerance = 1, sa_iterations = 1000, initial_temperature = 3.0, cooling_rate = 0.999
26 - INFO - chord#: 44 done. best_score=27.0, changed=530, unchanged=534, early_stops=8/8
26 - INFO - chord#: 46 In build_straw_man_chord_sa. tolerance = 1, sa_iterations = 1000, initial_temperature = 3.0, cooling_rate = 0.999
26 - INFO - chord#: 36 done. best_score=27.0, changed=516, unchanged=368, early_stops=8/8
26 - INFO - chord#: 40 In build_straw_man_chord_sa. tolerance = 1, sa_iterations = 1000, initial_temperature = 3.0, cooling_rate = 0.999
26 - INFO - chord#: 44 done. best_score=27.0, changed=518, unchanged=432, early_stops=8/8
26 - INFO - chord#: 46 In build_straw_man_chord_sa. tolerance = 1, sa_iterations = 1000, initial_temperature = 3.0, cooling_rate = 0.999
26 - INFO - chord#: 42 done. best_score=36.0, changed=536, unchanged=296, early_stops=8/8
26 - INFO - chord#: 44 In build_straw_man_chord_sa. tolerance = 1, sa_iterations = 1000, initial_temperature = 3.0, cooling_rate = 0.999
26 - INFO - chord#: 40 done. best_score=27.0, changed=522, unchanged=339, early_stops=8/8
26 - INFO - chord#: 42 In build_straw_man_chord_sa. tolerance = 1, sa_iterations = 1000, initial_temperature = 3.0, cooling_rate = 0.999
26 - INFO - chord#: 40 done. best_score=27.0, changed=527, unchanged=400, early_stops=8/8
26 - INFO - chord#: 42 In build_straw_man_chord_sa. tolerance = 1, sa_iterations = 1000, initial_temperature = 3.0, cooling_rate = 0.999
26 - INFO - chord#: 42 done. best_score=36.0, changed=526, unchanged=362, early_stops=8/8
26 - INFO - chord#: 44 In build_straw_man_chord_sa. tolerance = 1, sa_iterations = 1000, initial_temperature = 3.0, cooling_rate = 0.999
26 - INFO - chord#: 40 done. best_score=27.0, changed=527, unchanged=502, early_stops=8/8
26 - INFO - chord#: 42 In build_straw_man_chord_sa. tolerance = 1, sa_iterations = 1000, initial_temperature = 3.0, cooling_rate = 0.999
26 - INFO - chord#: 44 done. best_score=27.0, changed=526, unchanged=522, early_stops=8/8
26 - INFO - chord#: 46 In build_straw_man_chord_sa. tolerance = 1, sa_iterations = 1000, initial_temperature = 3.0, cooling_rate = 0.999
26 - INFO - chord#: 42 done. best_score=36.0, changed=527, unchanged=306, early_stops=8/8
26 - INFO - chord#: 44 In build_straw_man_chord_sa. tolerance = 1, sa_iterations = 1000, initial_temperature = 3.0, cooling_rate = 0.999
26 - INFO - chord#: 42 done. best_score=36.0, changed=531, unchanged=361, early_stops=8/8
26 - INFO - chord#: 44 In build_straw_man_chord_sa. tolerance = 1, sa_iterations = 1000, initial_temperature = 3.0, cooling_rate = 0.999
26 - INFO - chord#: 46 done. best_score=74.0, changed=611, unchanged=249, early_stops=8/8
26 - INFO - chord#: 48 In build_straw_man_chord_sa. tolerance = 1, sa_iterations = 1000, initial_temperature = 3.0, cooling_rate = 0.999
26 - INFO - chord#: 46 done. best_score=74.0, changed=611, unchanged=301, early_stops=8/8
26 - INFO - chord#: 48 In build_straw_man_chord_sa. tolerance = 1, sa_iterations = 1000, initial_temperature = 3.0, cooling_rate = 0.999
26 - INFO - chord#: 44 done. best_score=27.0, changed=524, unchanged=339, early_stops=8/8
26 - INFO - chord#: 46 In build_straw_man_chord_sa. tolerance = 1, sa_iterations = 1000, initial_temperature = 3.0, cooling_rate = 0.999
26 - INFO - chord#: 46 done. best_score=74.0, changed=618, unchanged=454, early_stops=8/8
26 - INFO - chord#: 48 In build_straw_man_chord_sa. tolerance = 1, sa_iterations = 1000, initial_temperature = 3.0, cooling_rate = 0.999
26 - INFO - chord#: 46 done. best_score=121.0, changed=611, unchanged=266, early_stops=8/8
26 - INFO - chord#: 48 In build_straw_man_chord_sa. tolerance = 1, sa_iterations = 1000, initial_temperature = 3.0, cooling_rate = 0.999
26 - INFO - chord#: 46 done. best_score=149.0, changed=610, unchanged=292, early_stops=8/8
26 - INFO - chord#: 48 In build_straw_man_chord_sa. tolerance = 1, sa_iterations = 1000, initial_temperature = 3.0, cooling_rate = 0.999
26 - INFO - chord#: 46 done. best_score=74.0, changed=615, unchanged=372, early_stops=8/8
26 - INFO - chord#: 48 In build_straw_man_chord_sa. tolerance = 1, sa_iterations = 1000, initial_temperature = 3.0, cooling_rate = 0.999
26 - INFO - chord#: 42 done. best_score=72.0, changed=532, unchanged=378, early_stops=8/8
26 - INFO - chord#: 44 In build_straw_man_chord_sa. tolerance = 1, sa_iterations = 1000, initial_temperature = 3.0, cooling_rate = 0.999
26 - INFO - chord#: 48 done. best_score=27.0, changed=515, unchanged=363, early_stops=8/8
26 - INFO - chord#: 50 In build_straw_man_chord_sa. tolerance = 1, sa_iterations = 1000, initial_temperature = 3.0, cooling_rate = 0.999
26 - INFO - chord#: 44 done. best_score=27.0, changed=518, unchanged=374, early_stops=8/8
26 - INFO - chord#: 46 In build_straw_man_chord_sa. tolerance = 1, sa_iterations = 1000, initial_temperature = 3.0, cooling_rate = 0.999
26 - INFO - chord#: 44 done. best_score=27.0, changed=527, unchanged=384, early_stops=8/8
26 - INFO - chord#: 46 In build_straw_man_chord_sa. tolerance = 1, sa_iterations = 1000, initial_temperature = 3.0, cooling_rate = 0.999
26 - INFO - chord#: 48 done. best_score=27.0, changed=528, unchanged=653, early_stops=8/8
26 - INFO - chord#: 50 In build_straw_man_chord_sa. tolerance = 1, sa_iterations = 1000, initial_temperature = 3.0, cooling_rate = 0.999
26 - INFO - chord#: 48 done. best_score=27.0, changed=522, unchanged=370, early_stops=8/8
26 - INFO - chord#: 50 In build_straw_man_chord_sa. tolerance = 1, sa_iterations = 1000, initial_temperature = 3.0, cooling_rate = 0.999
26 - INFO - chord#: 48 done. best_score=27.0, changed=523, unchanged=504, early_stops=8/8
26 - INFO - chord#: 50 In build_straw_man_chord_sa. tolerance = 1, sa_iterations = 1000, initial_temperature = 3.0, cooling_rate = 0.999
26 - INFO - chord#: 48 done. best_score=36.0, changed=519, unchanged=328, early_stops=8/8
26 - INFO - chord#: 50 In build_straw_man_chord_sa. tolerance = 1, sa_iterations = 1000, initial_temperature = 3.0, cooling_rate = 0.999
26 - INFO - chord#: 48 done. best_score=27.0, changed=521, unchanged=384, early_stops=8/8
26 - INFO - chord#: 50 In build_straw_man_chord_sa. tolerance = 1, sa_iterations = 1000, initial_temperature = 3.0, cooling_rate = 0.999
26 - INFO - chord#: 46 done. best_score=96.0, changed=611, unchanged=401, early_stops=8/8
26 - INFO - chord#: 48 In build_straw_man_chord_sa. tolerance = 1, sa_iterations = 1000, initial_temperature = 3.0, cooling_rate = 0.999
26 - INFO - chord#: 50 done. best_score=27.0, changed=533, unchanged=346, early_stops=8/8
26 - INFO - chord#: 52 In build_straw_man_chord_sa. tolerance = 1, sa_iterations = 1000, initial_temperature = 3.0, cooling_rate = 0.999
26 - INFO - chord#: 50 done. best_score=27.0, changed=530, unchanged=392, early_stops=8/8
26 - INFO - chord#: 52 In build_straw_man_chord_sa. tolerance = 1, sa_iterations = 1000, initial_temperature = 3.0, cooling_rate = 0.999
26 - INFO - chord#: 50 done. best_score=27.0, changed=525, unchanged=421, early_stops=8/8
26 - INFO - chord#: 52 In build_straw_man_chord_sa. tolerance = 1, sa_iterations = 1000, initial_temperature = 3.0, cooling_rate = 0.999
26 - INFO - chord#: 50 done. best_score=27.0, changed=530, unchanged=364, early_stops=8/8
26 - INFO - chord#: 52 In build_straw_man_chord_sa. tolerance = 1, sa_iterations = 1000, initial_temperature = 3.0, cooling_rate = 0.999
26 - INFO - chord#: 50 done. best_score=27.0, changed=525, unchanged=349, early_stops=8/8
26 - INFO - chord#: 52 In build_straw_man_chord_sa. tolerance = 1, sa_iterations = 1000, initial_temperature = 3.0, cooling_rate = 0.999
26 - INFO - chord#: 44 done. best_score=27.0, changed=516, unchanged=521, early_stops=8/8
26 - INFO - chord#: 46 In build_straw_man_chord_sa. tolerance = 1, sa_iterations = 1000, initial_temperature = 3.0, cooling_rate = 0.999
26 - INFO - chord#: 50 done. best_score=27.0, changed=515, unchanged=385, early_stops=8/8
26 - INFO - chord#: 52 In build_straw_man_chord_sa. tolerance = 1, sa_iterations = 1000, initial_temperature = 3.0, cooling_rate = 0.999
26 - INFO - chord#: 46 done. best_score=74.0, changed=612, unchanged=295, early_stops=8/8
26 - INFO - chord#: 48 In build_straw_man_chord_sa. tolerance = 1, sa_iterations = 1000, initial_temperature = 3.0, cooling_rate = 0.999
26 - INFO - chord#: 48 done. best_score=27.0, changed=536, unchanged=467, early_stops=8/8
26 - INFO - chord#: 50 In build_straw_man_chord_sa. tolerance = 1, sa_iterations = 1000, initial_temperature = 3.0, cooling_rate = 0.999
26 - INFO - chord#: 46 done. best_score=146.0, changed=614, unchanged=295, early_stops=8/8
26 - INFO - chord#: 48 In build_straw_man_chord_sa. tolerance = 1, sa_iterations = 1000, initial_temperature = 3.0, cooling_rate = 0.999
26 - INFO - chord#: 46 done. best_score=96.0, changed=612, unchanged=220, early_stops=8/8
26 - INFO - chord#: 48 In build_straw_man_chord_sa. tolerance = 1, sa_iterations = 1000, initial_temperature = 3.0, cooling_rate = 0.999
26 - INFO - chord#: 46 done. best_score=74.0, changed=609, unchanged=283, early_stops=8/8
26 - INFO - chord#: 48 In build_straw_man_chord_sa. tolerance = 1, sa_iterations = 1000, initial_temperature = 3.0, cooling_rate = 0.999
26 - INFO - chord#: 48 done. best_score=27.0, changed=517, unchanged=419, early_stops=8/8
26 - INFO - chord#: 50 In build_straw_man_chord_sa. tolerance = 1, sa_iterations = 1000, initial_temperature = 3.0, cooling_rate = 0.999
26 - INFO - chord#: 52 done. best_score=119.0, changed=613, unchanged=345, early_stops=8/8
26 - INFO - chord#: 56 In build_straw_man_chord_sa. tolerance = 1, sa_iterations = 1000, initial_temperature = 3.0, cooling_rate = 0.999
26 - INFO - chord#: 50 done. best_score=27.0, changed=524, unchanged=452, early_stops=8/8
26 - INFO - chord#: 52 In build_straw_man_chord_sa. tolerance = 1, sa_iterations = 1000, initial_temperature = 3.0, cooling_rate = 0.999
26 - INFO - chord#: 52 done. best_score=67.0, changed=611, unchanged=307, early_stops=8/8
26 - INFO - chord#: 56 In build_straw_man_chord_sa. tolerance = 1, sa_iterations = 1000, initial_temperature = 3.0, cooling_rate = 0.999
26 - INFO - chord#: 48 done. best_score=27.0, changed=517, unchanged=399, early_stops=8/8
26 - INFO - chord#: 50 In build_straw_man_chord_sa. tolerance = 1, sa_iterations = 1000, initial_temperature = 3.0, cooling_rate = 0.999
26 - INFO - chord#: 52 done. best_score=78.0, changed=613, unchanged=347, early_stops=8/8
26 - INFO - chord#: 56 In build_straw_man_chord_sa. tolerance = 1, sa_iterations = 1000, initial_temperature = 3.0, cooling_rate = 0.999
26 - INFO - chord#: 52 done. best_score=131.0, changed=611, unchanged=318, early_stops=8/8
26 - INFO - chord#: 56 In build_straw_man_chord_sa. tolerance = 1, sa_iterations = 1000, initial_temperature = 3.0, cooling_rate = 0.999
26 - INFO - chord#: 52 done. best_score=78.0, changed=612, unchanged=327, early_stops=8/8
26 - INFO - chord#: 56 In build_straw_man_chord_sa. tolerance = 1, sa_iterations = 1000, initial_temperature = 3.0, cooling_rate = 0.999
26 - INFO - chord#: 52 done. best_score=125.0, changed=618, unchanged=327, early_stops=8/8
26 - INFO - chord#: 56 In build_straw_man_chord_sa. tolerance = 1, sa_iterations = 1000, initial_temperature = 3.0, cooling_rate = 0.999
26 - INFO - chord#: 48 done. best_score=27.0, changed=516, unchanged=436, early_stops=8/8
26 - INFO - chord#: 50 In build_straw_man_chord_sa. tolerance = 1, sa_iterations = 1000, initial_temperature = 3.0, cooling_rate = 0.999
26 - INFO - chord#: 50 done. best_score=27.0, changed=527, unchanged=422, early_stops=8/8
26 - INFO - chord#: 52 In build_straw_man_chord_sa. tolerance = 1, sa_iterations = 1000, initial_temperature = 3.0, cooling_rate = 0.999
26 - INFO - chord#: 48 done. best_score=27.0, changed=521, unchanged=428, early_stops=8/8
26 - INFO - chord#: 50 In build_straw_man_chord_sa. tolerance = 1, sa_iterations = 1000, initial_temperature = 3.0, cooling_rate = 0.999
26 - INFO - chord#: 56 done. best_score=27.0, changed=513, unchanged=367, early_stops=8/8
26 - INFO - chord#: 58 In build_straw_man_chord_sa. tolerance = 1, sa_iterations = 1000, initial_temperature = 3.0, cooling_rate = 0.999
26 - INFO - chord#: 56 done. best_score=27.0, changed=524, unchanged=438, early_stops=8/8
26 - INFO - chord#: 58 In build_straw_man_chord_sa. tolerance = 1, sa_iterations = 1000, initial_temperature = 3.0, cooling_rate = 0.999
26 - INFO - chord#: 46 done. best_score=150.0, changed=613, unchanged=359, early_stops=8/8
26 - INFO - chord#: 48 In build_straw_man_chord_sa. tolerance = 1, sa_iterations = 1000, initial_temperature = 3.0, cooling_rate = 0.999
26 - INFO - chord#: 56 done. best_score=27.0, changed=517, unchanged=315, early_stops=8/8
26 - INFO - chord#: 58 In build_straw_man_chord_sa. tolerance = 1, sa_iterations = 1000, initial_temperature = 3.0, cooling_rate = 0.999
26 - INFO - chord#: 56 done. best_score=27.0, changed=520, unchanged=396, early_stops=8/8
26 - INFO - chord#: 58 In build_straw_man_chord_sa. tolerance = 1, sa_iterations = 1000, initial_temperature = 3.0, cooling_rate = 0.999
26 - INFO - chord#: 56 done. best_score=27.0, changed=516, unchanged=326, early_stops=8/8
26 - INFO - chord#: 58 In build_straw_man_chord_sa. tolerance = 1, sa_iterations = 1000, initial_temperature = 3.0, cooling_rate = 0.999
26 - INFO - chord#: 50 done. best_score=27.0, changed=526, unchanged=435, early_stops=8/8
26 - INFO - chord#: 52 In build_straw_man_chord_sa. tolerance = 1, sa_iterations = 1000, initial_temperature = 3.0, cooling_rate = 0.999
26 - INFO - chord#: 56 done. best_score=27.0, changed=522, unchanged=410, early_stops=8/8
26 - INFO - chord#: 58 In build_straw_man_chord_sa. tolerance = 1, sa_iterations = 1000, initial_temperature = 3.0, cooling_rate = 0.999
26 - INFO - chord#: 50 done. best_score=27.0, changed=534, unchanged=490, early_stops=8/8
26 - INFO - chord#: 52 In build_straw_man_chord_sa. tolerance = 1, sa_iterations = 1000, initial_temperature = 3.0, cooling_rate = 0.999
26 - INFO - chord#: 50 done. best_score=27.0, changed=526, unchanged=438, early_stops=8/8
26 - INFO - chord#: 52 In build_straw_man_chord_sa. tolerance = 1, sa_iterations = 1000, initial_temperature = 3.0, cooling_rate = 0.999
26 - INFO - chord#: 48 done. best_score=27.0, changed=517, unchanged=382, early_stops=8/8
26 - INFO - chord#: 50 In build_straw_man_chord_sa. tolerance = 1, sa_iterations = 1000, initial_temperature = 3.0, cooling_rate = 0.999
26 - INFO - chord#: 58 done. best_score=137.0, changed=605, unchanged=200, early_stops=8/8
26 - INFO - chord#: 60 In build_straw_man_chord_sa. tolerance = 1, sa_iterations = 1000, initial_temperature = 3.0, cooling_rate = 0.999
26 - INFO - chord#: 52 done. best_score=137.0, changed=613, unchanged=342, early_stops=8/8
26 - INFO - chord#: 56 In build_straw_man_chord_sa. tolerance = 1, sa_iterations = 1000, initial_temperature = 3.0, cooling_rate = 0.999
26 - INFO - chord#: 58 done. best_score=96.0, changed=605, unchanged=216, early_stops=8/8
26 - INFO - chord#: 60 In build_straw_man_chord_sa. tolerance = 1, sa_iterations = 1000, initial_temperature = 3.0, cooling_rate = 0.999
26 - INFO - chord#: 58 done. best_score=67.0, changed=607, unchanged=216, early_stops=8/8
26 - INFO - chord#: 60 In build_straw_man_chord_sa. tolerance = 1, sa_iterations = 1000, initial_temperature = 3.0, cooling_rate = 0.999
26 - INFO - chord#: 58 done. best_score=67.0, changed=612, unchanged=251, early_stops=8/8
26 - INFO - chord#: 60 In build_straw_man_chord_sa. tolerance = 1, sa_iterations = 1000, initial_temperature = 3.0, cooling_rate = 0.999
26 - INFO - chord#: 58 done. best_score=96.0, changed=618, unchanged=301, early_stops=8/8
26 - INFO - chord#: 60 In build_straw_man_chord_sa. tolerance = 1, sa_iterations = 1000, initial_temperature = 3.0, cooling_rate = 0.999
26 - INFO - chord#: 50 done. best_score=27.0, changed=519, unchanged=325, early_stops=8/8
26 - INFO - chord#: 52 In build_straw_man_chord_sa. tolerance = 1, sa_iterations = 1000, initial_temperature = 3.0, cooling_rate = 0.999
26 - INFO - chord#: 60 done. best_score=27.0, changed=534, unchanged=399, early_stops=8/8
26 - INFO - chord#: 64 In build_straw_man_chord_sa. tolerance = 1, sa_iterations = 1000, initial_temperature = 3.0, cooling_rate = 0.999
26 - INFO - chord#: 58 done. best_score=67.0, changed=612, unchanged=343, early_stops=8/8
26 - INFO - chord#: 60 In build_straw_man_chord_sa. tolerance = 1, sa_iterations = 1000, initial_temperature = 3.0, cooling_rate = 0.999
26 - INFO - chord#: 52 done. best_score=78.0, changed=616, unchanged=419, early_stops=8/8
26 - INFO - chord#: 56 In build_straw_man_chord_sa. tolerance = 1, sa_iterations = 1000, initial_temperature = 3.0, cooling_rate = 0.999
26 - INFO - chord#: 60 done. best_score=27.0, changed=522, unchanged=422, early_stops=8/8
26 - INFO - chord#: 60 done. best_score=27.0, changed=526, unchanged=511, early_stops=8/8
26 - INFO - chord#: 64 In build_straw_man_chord_sa. tolerance = 1, sa_iterations = 1000, initial_temperature = 3.0, cooling_rate = 0.999
26 - INFO - chord#: 64 In build_straw_man_chord_sa. tolerance = 1, sa_iterations = 1000, initial_temperature = 3.0, cooling_rate = 0.999
26 - INFO - chord#: 52 done. best_score=78.0, changed=608, unchanged=212, early_stops=8/8
26 - INFO - chord#: 56 In build_straw_man_chord_sa. tolerance = 1, sa_iterations = 1000, initial_temperature = 3.0, cooling_rate = 0.999
26 - INFO - chord#: 52 done. best_score=67.0, changed=617, unchanged=307, early_stops=8/8
26 - INFO - chord#: 56 In build_straw_man_chord_sa. tolerance = 1, sa_iterations = 1000, initial_temperature = 3.0, cooling_rate = 0.999
26 - INFO - chord#: 56 done. best_score=27.0, changed=515, unchanged=384, early_stops=8/8
26 - INFO - chord#: 58 In build_straw_man_chord_sa. tolerance = 1, sa_iterations = 1000, initial_temperature = 3.0, cooling_rate = 0.999
26 - INFO - chord#: 60 done. best_score=27.0, changed=528, unchanged=455, early_stops=8/8
26 - INFO - chord#: 64 In build_straw_man_chord_sa. tolerance = 1, sa_iterations = 1000, initial_temperature = 3.0, cooling_rate = 0.999
26 - INFO - chord#: 52 done. best_score=137.0, changed=608, unchanged=216, early_stops=8/8
26 - INFO - chord#: 56 In build_straw_man_chord_sa. tolerance = 1, sa_iterations = 1000, initial_temperature = 3.0, cooling_rate = 0.999
26 - INFO - chord#: 60 done. best_score=27.0, changed=517, unchanged=367, early_stops=8/8
26 - INFO - chord#: 64 In build_straw_man_chord_sa. tolerance = 1, sa_iterations = 1000, initial_temperature = 3.0, cooling_rate = 0.999
26 - INFO - chord#: 60 done. best_score=27.0, changed=514, unchanged=384, early_stops=8/8
26 - INFO - chord#: 64 In build_straw_man_chord_sa. tolerance = 1, sa_iterations = 1000, initial_temperature = 3.0, cooling_rate = 0.999
26 - INFO - chord#: 64 done. best_score=27.0, changed=517, unchanged=459, early_stops=8/8
26 - INFO - chord#: 68 In build_straw_man_chord_sa. tolerance = 1, sa_iterations = 1000, initial_temperature = 3.0, cooling_rate = 0.999
26 - INFO - chord#: 64 done. best_score=27.0, changed=517, unchanged=360, early_stops=8/8
26 - INFO - chord#: 68 In build_straw_man_chord_sa. tolerance = 1, sa_iterations = 1000, initial_temperature = 3.0, cooling_rate = 0.999
26 - INFO - chord#: 64 done. best_score=27.0, changed=522, unchanged=440, early_stops=8/8
26 - INFO - chord#: 68 In build_straw_man_chord_sa. tolerance = 1, sa_iterations = 1000, initial_temperature = 3.0, cooling_rate = 0.999
26 - INFO - chord#: 56 done. best_score=27.0, changed=516, unchanged=416, early_stops=8/8
26 - INFO - chord#: 58 In build_straw_man_chord_sa. tolerance = 1, sa_iterations = 1000, initial_temperature = 3.0, cooling_rate = 0.999
26 - INFO - chord#: 64 done. best_score=27.0, changed=515, unchanged=358, early_stops=8/8
26 - INFO - chord#: 68 In build_straw_man_chord_sa. tolerance = 1, sa_iterations = 1000, initial_temperature = 3.0, cooling_rate = 0.999
26 - INFO - chord#: 56 done. best_score=27.0, changed=512, unchanged=420, early_stops=8/8
26 - INFO - chord#: 58 In build_straw_man_chord_sa. tolerance = 1, sa_iterations = 1000, initial_temperature = 3.0, cooling_rate = 0.999
26 - INFO - chord#: 56 done. best_score=27.0, changed=517, unchanged=401, early_stops=8/8
26 - INFO - chord#: 58 In build_straw_man_chord_sa. tolerance = 1, sa_iterations = 1000, initial_temperature = 3.0, cooling_rate = 0.999
26 - INFO - chord#: 68 done. best_score=27.0, changed=514, unchanged=370, early_stops=8/8
26 - INFO - chord#: 70 In build_straw_man_chord_sa. tolerance = 1, sa_iterations = 1000, initial_temperature = 3.0, cooling_rate = 0.999
26 - INFO - chord#: 64 done. best_score=27.0, changed=526, unchanged=460, early_stops=8/8
26 - INFO - chord#: 68 In build_straw_man_chord_sa. tolerance = 1, sa_iterations = 1000, initial_temperature = 3.0, cooling_rate = 0.999
26 - INFO - chord#: 64 done. best_score=27.0, changed=529, unchanged=653, early_stops=8/8
26 - INFO - chord#: 68 In build_straw_man_chord_sa. tolerance = 1, sa_iterations = 1000, initial_temperature = 3.0, cooling_rate = 0.999
26 - INFO - chord#: 56 done. best_score=27.0, changed=529, unchanged=490, early_stops=8/8
26 - INFO - chord#: 58 In build_straw_man_chord_sa. tolerance = 1, sa_iterations = 1000, initial_temperature = 3.0, cooling_rate = 0.999
26 - INFO - chord#: 68 done. best_score=27.0, changed=521, unchanged=364, early_stops=8/8
26 - INFO - chord#: 70 In build_straw_man_chord_sa. tolerance = 1, sa_iterations = 1000, initial_temperature = 3.0, cooling_rate = 0.999
26 - INFO - chord#: 68 done. best_score=27.0, changed=523, unchanged=392, early_stops=8/8
26 - INFO - chord#: 70 In build_straw_man_chord_sa. tolerance = 1, sa_iterations = 1000, initial_temperature = 3.0, cooling_rate = 0.999
26 - INFO - chord#: 68 done. best_score=27.0, changed=538, unchanged=432, early_stops=8/8
26 - INFO - chord#: 70 In build_straw_man_chord_sa. tolerance = 1, sa_iterations = 1000, initial_temperature = 3.0, cooling_rate = 0.999
26 - INFO - chord#: 52 done. best_score=67.0, changed=610, unchanged=359, early_stops=8/8
26 - INFO - chord#: 56 In build_straw_man_chord_sa. tolerance = 1, sa_iterations = 1000, initial_temperature = 3.0, cooling_rate = 0.999
26 - INFO - chord#: 68 done. best_score=27.0, changed=516, unchanged=352, early_stops=8/8
26 - INFO - chord#: 70 In build_straw_man_chord_sa. tolerance = 1, sa_iterations = 1000, initial_temperature = 3.0, cooling_rate = 0.999
26 - INFO - chord#: 58 done. best_score=67.0, changed=608, unchanged=235, early_stops=8/8
26 - INFO - chord#: 60 In build_straw_man_chord_sa. tolerance = 1, sa_iterations = 1000, initial_temperature = 3.0, cooling_rate = 0.999
26 - INFO - chord#: 68 done. best_score=27.0, changed=521, unchanged=476, early_stops=8/8
26 - INFO - chord#: 70 In build_straw_man_chord_sa. tolerance = 1, sa_iterations = 1000, initial_temperature = 3.0, cooling_rate = 0.999
26 - INFO - chord#: 60 done. best_score=27.0, changed=518, unchanged=423, early_stops=8/8
26 - INFO - chord#: 64 In build_straw_man_chord_sa. tolerance = 1, sa_iterations = 1000, initial_temperature = 3.0, cooling_rate = 0.999
26 - INFO - chord#: 70 done. best_score=70.0, changed=608, unchanged=302, early_stops=8/8
26 - INFO - chord#: 72 In build_straw_man_chord_sa. tolerance = 1, sa_iterations = 1000, initial_temperature = 3.0, cooling_rate = 0.999
26 - INFO - chord#: 56 done. best_score=27.0, changed=526, unchanged=440, early_stops=8/8
26 - INFO - chord#: 58 In build_straw_man_chord_sa. tolerance = 1, sa_iterations = 1000, initial_temperature = 3.0, cooling_rate = 0.999
26 - INFO - chord#: 58 done. best_score=96.0, changed=608, unchanged=280, early_stops=8/8
26 - INFO - chord#: 60 In build_straw_man_chord_sa. tolerance = 1, sa_iterations = 1000, initial_temperature = 3.0, cooling_rate = 0.999
26 - INFO - chord#: 72 done. best_score=11.0, changed=466, unchanged=366, early_stops=8/8
26 - INFO - chord#: 74 In build_straw_man_chord_sa. tolerance = 1, sa_iterations = 1000, initial_temperature = 3.0, cooling_rate = 0.999
26 - INFO - chord#: 70 done. best_score=149.0, changed=612, unchanged=357, early_stops=8/8
26 - INFO - chord#: 72 In build_straw_man_chord_sa. tolerance = 1, sa_iterations = 1000, initial_temperature = 3.0, cooling_rate = 0.999
26 - INFO - chord#: 58 done. best_score=157.0, changed=616, unchanged=354, early_stops=8/8
26 - INFO - chord#: 60 In build_straw_man_chord_sa. tolerance = 1, sa_iterations = 1000, initial_temperature = 3.0, cooling_rate = 0.999
26 - INFO - chord#: 70 done. best_score=75.0, changed=613, unchanged=323, early_stops=8/8
26 - INFO - chord#: 72 In build_straw_man_chord_sa. tolerance = 1, sa_iterations = 1000, initial_temperature = 3.0, cooling_rate = 0.999
26 - INFO - chord#: 70 done. best_score=70.0, changed=608, unchanged=257, early_stops=8/8
26 - INFO - chord#: 72 In build_straw_man_chord_sa. tolerance = 1, sa_iterations = 1000, initial_temperature = 3.0, cooling_rate = 0.999
26 - INFO - chord#: 72 done. best_score=11.0, changed=467, unchanged=345, early_stops=8/8
26 - INFO - chord#: 74 In build_straw_man_chord_sa. tolerance = 1, sa_iterations = 1000, initial_temperature = 3.0, cooling_rate = 0.999
26 - INFO - chord#: 58 done. best_score=125.0, changed=615, unchanged=431, early_stops=8/8
26 - INFO - chord#: 60 In build_straw_man_chord_sa. tolerance = 1, sa_iterations = 1000, initial_temperature = 3.0, cooling_rate = 0.999
26 - INFO - chord#: 72 done. best_score=11.0, changed=507, unchanged=307, early_stops=8/8
26 - INFO - chord#: 74 In build_straw_man_chord_sa. tolerance = 1, sa_iterations = 1000, initial_temperature = 3.0, cooling_rate = 0.999
26 - INFO - chord#: 72 done. best_score=11.0, changed=478, unchanged=346, early_stops=8/8
26 - INFO - chord#: 74 In build_straw_man_chord_sa. tolerance = 1, sa_iterations = 1000, initial_temperature = 3.0, cooling_rate = 0.999
26 - INFO - chord#: 70 done. best_score=70.0, changed=612, unchanged=233, early_stops=8/8
26 - INFO - chord#: 72 In build_straw_man_chord_sa. tolerance = 1, sa_iterations = 1000, initial_temperature = 3.0, cooling_rate = 0.999
26 - INFO - chord#: 72 done. best_score=11.0, changed=495, unchanged=323, early_stops=8/8
26 - INFO - chord#: 74 In build_straw_man_chord_sa. tolerance = 1, sa_iterations = 1000, initial_temperature = 3.0, cooling_rate = 0.999
26 - INFO - chord#: 70 done. best_score=70.0, changed=615, unchanged=435, early_stops=8/8
26 - INFO - chord#: 72 In build_straw_man_chord_sa. tolerance = 1, sa_iterations = 1000, initial_temperature = 3.0, cooling_rate = 0.999
26 - INFO - chord#: 60 done. best_score=27.0, changed=519, unchanged=455, early_stops=8/8
26 - INFO - chord#: 64 In build_straw_man_chord_sa. tolerance = 1, sa_iterations = 1000, initial_temperature = 3.0, cooling_rate = 0.999
26 - INFO - chord#: 64 done. best_score=27.0, changed=522, unchanged=461, early_stops=8/8
26 - INFO - chord#: 68 In build_straw_man_chord_sa. tolerance = 1, sa_iterations = 1000, initial_temperature = 3.0, cooling_rate = 0.999
26 - INFO - chord#: 72 done. best_score=11.0, changed=482, unchanged=354, early_stops=8/8
26 - INFO - chord#: 74 In build_straw_man_chord_sa. tolerance = 1, sa_iterations = 1000, initial_temperature = 3.0, cooling_rate = 0.999
26 - INFO - chord#: 60 done. best_score=27.0, changed=527, unchanged=427, early_stops=8/8
26 - INFO - chord#: 64 In build_straw_man_chord_sa. tolerance = 1, sa_iterations = 1000, initial_temperature = 3.0, cooling_rate = 0.999
26 - INFO - chord#: 58 done. best_score=96.0, changed=619, unchanged=542, early_stops=8/8
26 - INFO - chord#: 60 In build_straw_man_chord_sa. tolerance = 1, sa_iterations = 1000, initial_temperature = 3.0, cooling_rate = 0.999
26 - INFO - chord#: 60 done. best_score=36.0, changed=524, unchanged=335, early_stops=8/8
26 - INFO - chord#: 64 In build_straw_man_chord_sa. tolerance = 1, sa_iterations = 1000, initial_temperature = 3.0, cooling_rate = 0.999
26 - INFO - chord#: 74 done. best_score=94.0, changed=610, unchanged=318, early_stops=8/8
26 - INFO - chord#: 76 In build_straw_man_chord_sa. tolerance = 1, sa_iterations = 1000, initial_temperature = 3.0, cooling_rate = 0.999
26 - INFO - chord#: 64 done. best_score=27.0, changed=519, unchanged=426, early_stops=8/8
26 - INFO - chord#: 68 In build_straw_man_chord_sa. tolerance = 1, sa_iterations = 1000, initial_temperature = 3.0, cooling_rate = 0.999
26 - INFO - chord#: 68 done. best_score=27.0, changed=521, unchanged=433, early_stops=8/8
26 - INFO - chord#: 70 In build_straw_man_chord_sa. tolerance = 1, sa_iterations = 1000, initial_temperature = 3.0, cooling_rate = 0.999
26 - INFO - chord#: 60 done. best_score=27.0, changed=522, unchanged=371, early_stops=8/8
26 - INFO - chord#: 64 In build_straw_man_chord_sa. tolerance = 1, sa_iterations = 1000, initial_temperature = 3.0, cooling_rate = 0.999
26 - INFO - chord#: 74 done. best_score=171.0, changed=612, unchanged=296, early_stops=8/8
26 - INFO - chord#: 76 In build_straw_man_chord_sa. tolerance = 1, sa_iterations = 1000, initial_temperature = 3.0, cooling_rate = 0.999
26 - INFO - chord#: 64 done. best_score=27.0, changed=522, unchanged=412, early_stops=8/8
26 - INFO - chord#: 68 In build_straw_man_chord_sa. tolerance = 1, sa_iterations = 1000, initial_temperature = 3.0, cooling_rate = 0.999
26 - INFO - chord#: 64 done. best_score=27.0, changed=512, unchanged=375, early_stops=8/8
26 - INFO - chord#: 68 In build_straw_man_chord_sa. tolerance = 1, sa_iterations = 1000, initial_temperature = 3.0, cooling_rate = 0.999
26 - INFO - chord#: 74 done. best_score=101.0, changed=613, unchanged=299, early_stops=8/8
26 - INFO - chord#: 76 In build_straw_man_chord_sa. tolerance = 1, sa_iterations = 1000, initial_temperature = 3.0, cooling_rate = 0.999
26 - INFO - chord#: 74 done. best_score=127.0, changed=615, unchanged=326, early_stops=8/8
26 - INFO - chord#: 76 In build_straw_man_chord_sa. tolerance = 1, sa_iterations = 1000, initial_temperature = 3.0, cooling_rate = 0.999
26 - INFO - chord#: 58 done. best_score=67.0, changed=611, unchanged=382, early_stops=8/8
26 - INFO - chord#: 60 In build_straw_man_chord_sa. tolerance = 1, sa_iterations = 1000, initial_temperature = 3.0, cooling_rate = 0.999
26 - INFO - chord#: 74 done. best_score=153.0, changed=616, unchanged=248, early_stops=8/8
26 - INFO - chord#: 76 In build_straw_man_chord_sa. tolerance = 1, sa_iterations = 1000, initial_temperature = 3.0, cooling_rate = 0.999
26 - INFO - chord#: 76 done. best_score=27.0, changed=526, unchanged=370, early_stops=8/8
26 - INFO - chord#: 78 In build_straw_man_chord_sa. tolerance = 1, sa_iterations = 1000, initial_temperature = 3.0, cooling_rate = 0.999
26 - INFO - chord#: 68 done. best_score=27.0, changed=523, unchanged=377, early_stops=8/8
26 - INFO - chord#: 70 In build_straw_man_chord_sa. tolerance = 1, sa_iterations = 1000, initial_temperature = 3.0, cooling_rate = 0.999
26 - INFO - chord#: 76 done. best_score=27.0, changed=527, unchanged=332, early_stops=8/8
26 - INFO - chord#: 78 In build_straw_man_chord_sa. tolerance = 1, sa_iterations = 1000, initial_temperature = 3.0, cooling_rate = 0.999
26 - INFO - chord#: 76 done. best_score=27.0, changed=526, unchanged=320, early_stops=8/8
26 - INFO - chord#: 78 In build_straw_man_chord_sa. tolerance = 1, sa_iterations = 1000, initial_temperature = 3.0, cooling_rate = 0.999
26 - INFO - chord#: 74 done. best_score=101.0, changed=615, unchanged=388, early_stops=8/8
26 - INFO - chord#: 76 In build_straw_man_chord_sa. tolerance = 1, sa_iterations = 1000, initial_temperature = 3.0, cooling_rate = 0.999
26 - INFO - chord#: 68 done. best_score=27.0, changed=519, unchanged=359, early_stops=8/8
26 - INFO - chord#: 70 In build_straw_man_chord_sa. tolerance = 1, sa_iterations = 1000, initial_temperature = 3.0, cooling_rate = 0.999
26 - INFO - chord#: 68 done. best_score=27.0, changed=521, unchanged=427, early_stops=8/8
26 - INFO - chord#: 70 In build_straw_man_chord_sa. tolerance = 1, sa_iterations = 1000, initial_temperature = 3.0, cooling_rate = 0.999
26 - INFO - chord#: 60 done. best_score=27.0, changed=528, unchanged=368, early_stops=8/8
26 - INFO - chord#: 64 In build_straw_man_chord_sa. tolerance = 1, sa_iterations = 1000, initial_temperature = 3.0, cooling_rate = 0.999
26 - INFO - chord#: 64 done. best_score=27.0, changed=517, unchanged=491, early_stops=8/8
26 - INFO - chord#: 68 In build_straw_man_chord_sa. tolerance = 1, sa_iterations = 1000, initial_temperature = 3.0, cooling_rate = 0.999
26 - INFO - chord#: 76 done. best_score=27.0, changed=521, unchanged=374, early_stops=8/8
26 - INFO - chord#: 78 In build_straw_man_chord_sa. tolerance = 1, sa_iterations = 1000, initial_temperature = 3.0, cooling_rate = 0.999
26 - INFO - chord#: 76 done. best_score=27.0, changed=534, unchanged=420, early_stops=8/8
26 - INFO - chord#: 78 In build_straw_man_chord_sa. tolerance = 1, sa_iterations = 1000, initial_temperature = 3.0, cooling_rate = 0.999
26 - INFO - chord#: 76 done. best_score=27.0, changed=517, unchanged=457, early_stops=8/8
26 - INFO - chord#: 78 In build_straw_man_chord_sa. tolerance = 1, sa_iterations = 1000, initial_temperature = 3.0, cooling_rate = 0.999
26 - INFO - chord#: 70 done. best_score=70.0, changed=613, unchanged=295, early_stops=8/8
26 - INFO - chord#: 72 In build_straw_man_chord_sa. tolerance = 1, sa_iterations = 1000, initial_temperature = 3.0, cooling_rate = 0.999
26 - INFO - chord#: 68 done. best_score=27.0, changed=525, unchanged=406, early_stops=8/8
26 - INFO - chord#: 70 In build_straw_man_chord_sa. tolerance = 1, sa_iterations = 1000, initial_temperature = 3.0, cooling_rate = 0.999
26 - INFO - chord#: 64 done. best_score=27.0, changed=519, unchanged=405, early_stops=8/8
26 - INFO - chord#: 68 In build_straw_man_chord_sa. tolerance = 1, sa_iterations = 1000, initial_temperature = 3.0, cooling_rate = 0.999
26 - INFO - chord#: 72 done. best_score=11.0, changed=481, unchanged=367, early_stops=8/8
26 - INFO - chord#: 74 In build_straw_man_chord_sa. tolerance = 1, sa_iterations = 1000, initial_temperature = 3.0, cooling_rate = 0.999
26 - INFO - chord#: 78 done. best_score=74.0, changed=613, unchanged=301, early_stops=8/8
26 - INFO - chord#: 80 In build_straw_man_chord_sa. tolerance = 1, sa_iterations = 1000, initial_temperature = 3.0, cooling_rate = 0.999
26 - INFO - chord#: 70 done. best_score=70.0, changed=615, unchanged=365, early_stops=8/8
26 - INFO - chord#: 72 In build_straw_man_chord_sa. tolerance = 1, sa_iterations = 1000, initial_temperature = 3.0, cooling_rate = 0.999
26 - INFO - chord#: 70 done. best_score=145.0, changed=610, unchanged=232, early_stops=8/8
26 - INFO - chord#: 72 In build_straw_man_chord_sa. tolerance = 1, sa_iterations = 1000, initial_temperature = 3.0, cooling_rate = 0.999
26 - INFO - chord#: 78 done. best_score=74.0, changed=610, unchanged=258, early_stops=8/8
26 - INFO - chord#: 80 In build_straw_man_chord_sa. tolerance = 1, sa_iterations = 1000, initial_temperature = 3.0, cooling_rate = 0.999
26 - INFO - chord#: 68 done. best_score=27.0, changed=528, unchanged=387, early_stops=8/8
26 - INFO - chord#: 70 In build_straw_man_chord_sa. tolerance = 1, sa_iterations = 1000, initial_temperature = 3.0, cooling_rate = 0.999
26 - INFO - chord#: 78 done. best_score=74.0, changed=609, unchanged=259, early_stops=8/8
26 - INFO - chord#: 80 In build_straw_man_chord_sa. tolerance = 1, sa_iterations = 1000, initial_temperature = 3.0, cooling_rate = 0.999
26 - INFO - chord#: 72 done. best_score=11.0, changed=493, unchanged=322, early_stops=8/8
26 - INFO - chord#: 74 In build_straw_man_chord_sa. tolerance = 1, sa_iterations = 1000, initial_temperature = 3.0, cooling_rate = 0.999
26 - INFO - chord#: 70 done. best_score=155.0, changed=610, unchanged=269, early_stops=8/8
26 - INFO - chord#: 72 In build_straw_man_chord_sa. tolerance = 1, sa_iterations = 1000, initial_temperature = 3.0, cooling_rate = 0.999
26 - INFO - chord#: 72 done. best_score=11.0, changed=501, unchanged=316, early_stops=8/8
26 - INFO - chord#: 74 In build_straw_man_chord_sa. tolerance = 1, sa_iterations = 1000, initial_temperature = 3.0, cooling_rate = 0.999
26 - INFO - chord#: 78 done. best_score=149.0, changed=616, unchanged=409, early_stops=8/8
26 - INFO - chord#: 80 In build_straw_man_chord_sa. tolerance = 1, sa_iterations = 1000, initial_temperature = 3.0, cooling_rate = 0.999
26 - INFO - chord#: 72 done. best_score=11.0, changed=501, unchanged=331, early_stops=8/8
26 - INFO - chord#: 74 In build_straw_man_chord_sa. tolerance = 1, sa_iterations = 1000, initial_temperature = 3.0, cooling_rate = 0.999
26 - INFO - chord#: 78 done. best_score=74.0, changed=613, unchanged=394, early_stops=8/8
26 - INFO - chord#: 80 In build_straw_man_chord_sa. tolerance = 1, sa_iterations = 1000, initial_temperature = 3.0, cooling_rate = 0.999
26 - INFO - chord#: 78 done. best_score=149.0, changed=608, unchanged=203, early_stops=8/8
26 - INFO - chord#: 80 In build_straw_man_chord_sa. tolerance = 1, sa_iterations = 1000, initial_temperature = 3.0, cooling_rate = 0.999
26 - INFO - chord#: 80 done. best_score=27.0, changed=516, unchanged=454, early_stops=8/8
26 - INFO - chord#: 82 In build_straw_man_chord_sa. tolerance = 1, sa_iterations = 1000, initial_temperature = 3.0, cooling_rate = 0.999
26 - INFO - chord#: 70 done. best_score=70.0, changed=608, unchanged=255, early_stops=8/8
26 - INFO - chord#: 72 In build_straw_man_chord_sa. tolerance = 1, sa_iterations = 1000, initial_temperature = 3.0, cooling_rate = 0.999
26 - INFO - chord#: 72 done. best_score=11.0, changed=473, unchanged=345, early_stops=8/8
26 - INFO - chord#: 74 In build_straw_man_chord_sa. tolerance = 1, sa_iterations = 1000, initial_temperature = 3.0, cooling_rate = 0.999
26 - INFO - chord#: 80 done. best_score=27.0, changed=522, unchanged=543, early_stops=8/8
26 - INFO - chord#: 82 In build_straw_man_chord_sa. tolerance = 1, sa_iterations = 1000, initial_temperature = 3.0, cooling_rate = 0.999
26 - INFO - chord#: 80 done. best_score=27.0, changed=527, unchanged=532, early_stops=8/8
26 - INFO - chord#: 82 In build_straw_man_chord_sa. tolerance = 1, sa_iterations = 1000, initial_temperature = 3.0, cooling_rate = 0.999
26 - INFO - chord#: 80 done. best_score=27.0, changed=520, unchanged=391, early_stops=8/8
26 - INFO - chord#: 82 In build_straw_man_chord_sa. tolerance = 1, sa_iterations = 1000, initial_temperature = 3.0, cooling_rate = 0.999
26 - INFO - chord#: 82 done. best_score=36.0, changed=516, unchanged=451, early_stops=8/8
26 - INFO - chord#: 84 In build_straw_man_chord_sa. tolerance = 1, sa_iterations = 1000, initial_temperature = 3.0, cooling_rate = 0.999
26 - INFO - chord#: 80 done. best_score=27.0, changed=519, unchanged=472, early_stops=8/8
26 - INFO - chord#: 82 In build_straw_man_chord_sa. tolerance = 1, sa_iterations = 1000, initial_temperature = 3.0, cooling_rate = 0.999
26 - INFO - chord#: 82 done. best_score=36.0, changed=515, unchanged=335, early_stops=8/8
26 - INFO - chord#: 84 In build_straw_man_chord_sa. tolerance = 1, sa_iterations = 1000, initial_temperature = 3.0, cooling_rate = 0.999
26 - INFO - chord#: 80 done. best_score=27.0, changed=521, unchanged=582, early_stops=8/8
26 - INFO - chord#: 82 In build_straw_man_chord_sa. tolerance = 1, sa_iterations = 1000, initial_temperature = 3.0, cooling_rate = 0.999
26 - INFO - chord#: 82 done. best_score=36.0, changed=514, unchanged=332, early_stops=8/8
26 - INFO - chord#: 84 In build_straw_man_chord_sa. tolerance = 1, sa_iterations = 1000, initial_temperature = 3.0, cooling_rate = 0.999
26 - INFO - chord#: 82 done. best_score=36.0, changed=524, unchanged=527, early_stops=8/8
26 - INFO - chord#: 84 In build_straw_man_chord_sa. tolerance = 1, sa_iterations = 1000, initial_temperature = 3.0, cooling_rate = 0.999
26 - INFO - chord#: 74 done. best_score=129.0, changed=615, unchanged=407, early_stops=8/8
26 - INFO - chord#: 76 In build_straw_man_chord_sa. tolerance = 1, sa_iterations = 1000, initial_temperature = 3.0, cooling_rate = 0.999
26 - INFO - chord#: 70 done. best_score=70.0, changed=612, unchanged=279, early_stops=8/8
26 - INFO - chord#: 72 In build_straw_man_chord_sa. tolerance = 1, sa_iterations = 1000, initial_temperature = 3.0, cooling_rate = 0.999
26 - INFO - chord#: 82 done. best_score=36.0, changed=519, unchanged=383, early_stops=8/8
26 - INFO - chord#: 84 In build_straw_man_chord_sa. tolerance = 1, sa_iterations = 1000, initial_temperature = 3.0, cooling_rate = 0.999
26 - INFO - chord#: 74 done. best_score=131.0, changed=609, unchanged=263, early_stops=8/8
26 - INFO - chord#: 76 In build_straw_man_chord_sa. tolerance = 1, sa_iterations = 1000, initial_temperature = 3.0, cooling_rate = 0.999
26 - INFO - chord#: 84 done. best_score=27.0, changed=524, unchanged=499, early_stops=8/8
26 - INFO - chord#: 86 In build_straw_man_chord_sa. tolerance = 1, sa_iterations = 1000, initial_temperature = 3.0, cooling_rate = 0.999
26 - INFO - chord#: 74 done. best_score=173.0, changed=610, unchanged=218, early_stops=8/8
26 - INFO - chord#: 76 In build_straw_man_chord_sa. tolerance = 1, sa_iterations = 1000, initial_temperature = 3.0, cooling_rate = 0.999
26 - INFO - chord#: 74 done. best_score=101.0, changed=610, unchanged=244, early_stops=8/8
26 - INFO - chord#: 76 In build_straw_man_chord_sa. tolerance = 1, sa_iterations = 1000, initial_temperature = 3.0, cooling_rate = 0.999
26 - INFO - chord#: 72 done. best_score=11.0, changed=474, unchanged=346, early_stops=8/8
26 - INFO - chord#: 74 In build_straw_man_chord_sa. tolerance = 1, sa_iterations = 1000, initial_temperature = 3.0, cooling_rate = 0.999
26 - INFO - chord#: 84 done. best_score=27.0, changed=523, unchanged=418, early_stops=8/8
26 - INFO - chord#: 86 In build_straw_man_chord_sa. tolerance = 1, sa_iterations = 1000, initial_temperature = 3.0, cooling_rate = 0.999
26 - INFO - chord#: 84 done. best_score=27.0, changed=518, unchanged=467, early_stops=8/8
26 - INFO - chord#: 86 In build_straw_man_chord_sa. tolerance = 1, sa_iterations = 1000, initial_temperature = 3.0, cooling_rate = 0.999
26 - INFO - chord#: 82 done. best_score=36.0, changed=528, unchanged=424, early_stops=8/8
26 - INFO - chord#: 84 In build_straw_man_chord_sa. tolerance = 1, sa_iterations = 1000, initial_temperature = 3.0, cooling_rate = 0.999
26 - INFO - chord#: 74 done. best_score=94.0, changed=611, unchanged=447, early_stops=8/8
26 - INFO - chord#: 76 In build_straw_man_chord_sa. tolerance = 1, sa_iterations = 1000, initial_temperature = 3.0, cooling_rate = 0.999
26 - INFO - chord#: 84 done. best_score=27.0, changed=522, unchanged=466, early_stops=8/8
26 - INFO - chord#: 86 In build_straw_man_chord_sa. tolerance = 1, sa_iterations = 1000, initial_temperature = 3.0, cooling_rate = 0.999
26 - INFO - chord#: 76 done. best_score=27.0, changed=546, unchanged=337, early_stops=8/8
26 - INFO - chord#: 78 In build_straw_man_chord_sa. tolerance = 1, sa_iterations = 1000, initial_temperature = 3.0, cooling_rate = 0.999
26 - INFO - chord#: 84 done. best_score=27.0, changed=524, unchanged=506, early_stops=8/8
26 - INFO - chord#: 86 In build_straw_man_chord_sa. tolerance = 1, sa_iterations = 1000, initial_temperature = 3.0, cooling_rate = 0.999
26 - INFO - chord#: 76 done. best_score=27.0, changed=517, unchanged=320, early_stops=8/8
26 - INFO - chord#: 78 In build_straw_man_chord_sa. tolerance = 1, sa_iterations = 1000, initial_temperature = 3.0, cooling_rate = 0.999
26 - INFO - chord#: 76 done. best_score=27.0, changed=515, unchanged=343, early_stops=8/8
26 - INFO - chord#: 78 In build_straw_man_chord_sa. tolerance = 1, sa_iterations = 1000, initial_temperature = 3.0, cooling_rate = 0.999
26 - INFO - chord#: 76 done. best_score=27.0, changed=515, unchanged=335, early_stops=8/8
26 - INFO - chord#: 78 In build_straw_man_chord_sa. tolerance = 1, sa_iterations = 1000, initial_temperature = 3.0, cooling_rate = 0.999
26 - INFO - chord#: 84 done. best_score=27.0, changed=517, unchanged=344, early_stops=8/8
26 - INFO - chord#: 86 In build_straw_man_chord_sa. tolerance = 1, sa_iterations = 1000, initial_temperature = 3.0, cooling_rate = 0.999
26 - INFO - chord#: 76 done. best_score=27.0, changed=522, unchanged=334, early_stops=8/8
26 - INFO - chord#: 78 In build_straw_man_chord_sa. tolerance = 1, sa_iterations = 1000, initial_temperature = 3.0, cooling_rate = 0.999
26 - INFO - chord#: 86 done. best_score=94.0, changed=615, unchanged=285, early_stops=8/8
26 - INFO - chord#: 88 In build_straw_man_chord_sa. tolerance = 1, sa_iterations = 1000, initial_temperature = 3.0, cooling_rate = 0.999
26 - INFO - chord#: 86 done. best_score=94.0, changed=608, unchanged=351, early_stops=8/8
26 - INFO - chord#: 88 In build_straw_man_chord_sa. tolerance = 1, sa_iterations = 1000, initial_temperature = 3.0, cooling_rate = 0.999
26 - INFO - chord#: 86 done. best_score=101.0, changed=609, unchanged=233, early_stops=8/8
26 - INFO - chord#: 88 In build_straw_man_chord_sa. tolerance = 1, sa_iterations = 1000, initial_temperature = 3.0, cooling_rate = 0.999
26 - INFO - chord#: 74 done. best_score=168.0, changed=610, unchanged=299, early_stops=8/8
26 - INFO - chord#: 76 In build_straw_man_chord_sa. tolerance = 1, sa_iterations = 1000, initial_temperature = 3.0, cooling_rate = 0.999
26 - INFO - chord#: 86 done. best_score=94.0, changed=612, unchanged=434, early_stops=8/8
26 - INFO - chord#: 88 In build_straw_man_chord_sa. tolerance = 1, sa_iterations = 1000, initial_temperature = 3.0, cooling_rate = 0.999
26 - INFO - chord#: 88 done. best_score=27.0, changed=530, unchanged=403, early_stops=8/8
26 - INFO - chord#: 90 In build_straw_man_chord_sa. tolerance = 1, sa_iterations = 1000, initial_temperature = 3.0, cooling_rate = 0.999
26 - INFO - chord#: 86 done. best_score=94.0, changed=624, unchanged=683, early_stops=8/8
26 - INFO - chord#: 88 In build_straw_man_chord_sa. tolerance = 1, sa_iterations = 1000, initial_temperature = 3.0, cooling_rate = 0.999
26 - INFO - chord#: 88 done. best_score=27.0, changed=521, unchanged=473, early_stops=8/8
26 - INFO - chord#: 90 In build_straw_man_chord_sa. tolerance = 1, sa_iterations = 1000, initial_temperature = 3.0, cooling_rate = 0.999
26 - INFO - chord#: 78 done. best_score=149.0, changed=609, unchanged=355, early_stops=8/8
26 - INFO - chord#: 80 In build_straw_man_chord_sa. tolerance = 1, sa_iterations = 1000, initial_temperature = 3.0, cooling_rate = 0.999
26 - INFO - chord#: 88 done. best_score=27.0, changed=542, unchanged=374, early_stops=8/8
26 - INFO - chord#: 90 In build_straw_man_chord_sa. tolerance = 1, sa_iterations = 1000, initial_temperature = 3.0, cooling_rate = 0.999
26 - INFO - chord#: 78 done. best_score=149.0, changed=613, unchanged=237, early_stops=8/8
26 - INFO - chord#: 80 In build_straw_man_chord_sa. tolerance = 1, sa_iterations = 1000, initial_temperature = 3.0, cooling_rate = 0.999
26 - INFO - chord#: 78 done. best_score=148.0, changed=617, unchanged=354, early_stops=8/8
26 - INFO - chord#: 80 In build_straw_man_chord_sa. tolerance = 1, sa_iterations = 1000, initial_temperature = 3.0, cooling_rate = 0.999
26 - INFO - chord#: 88 done. best_score=27.0, changed=516, unchanged=304, early_stops=8/8
26 - INFO - chord#: 90 In build_straw_man_chord_sa. tolerance = 1, sa_iterations = 1000, initial_temperature = 3.0, cooling_rate = 0.999
26 - INFO - chord#: 76 done. best_score=27.0, changed=527, unchanged=416, early_stops=8/8
26 - INFO - chord#: 78 In build_straw_man_chord_sa. tolerance = 1, sa_iterations = 1000, initial_temperature = 3.0, cooling_rate = 0.999
26 - INFO - chord#: 86 done. best_score=147.0, changed=610, unchanged=296, early_stops=8/8
26 - INFO - chord#: 88 In build_straw_man_chord_sa. tolerance = 1, sa_iterations = 1000, initial_temperature = 3.0, cooling_rate = 0.999
26 - INFO - chord#: 78 done. best_score=74.0, changed=613, unchanged=329, early_stops=8/8
26 - INFO - chord#: 80 In build_straw_man_chord_sa. tolerance = 1, sa_iterations = 1000, initial_temperature = 3.0, cooling_rate = 0.999
26 - INFO - chord#: 88 done. best_score=27.0, changed=523, unchanged=430, early_stops=8/8
26 - INFO - chord#: 90 In build_straw_man_chord_sa. tolerance = 1, sa_iterations = 1000, initial_temperature = 3.0, cooling_rate = 0.999
26 - INFO - chord#: 80 done. best_score=27.0, changed=519, unchanged=384, early_stops=8/8
26 - INFO - chord#: 82 In build_straw_man_chord_sa. tolerance = 1, sa_iterations = 1000, initial_temperature = 3.0, cooling_rate = 0.999
26 - INFO - chord#: 80 done. best_score=27.0, changed=518, unchanged=477, early_stops=8/8
26 - INFO - chord#: 82 In build_straw_man_chord_sa. tolerance = 1, sa_iterations = 1000, initial_temperature = 3.0, cooling_rate = 0.999
26 - INFO - chord#: 90 done. best_score=104.0, changed=609, unchanged=265, early_stops=8/8
26 - INFO - chord#: 92 In build_straw_man_chord_sa. tolerance = 1, sa_iterations = 1000, initial_temperature = 3.0, cooling_rate = 0.999
26 - INFO - chord#: 80 done. best_score=27.0, changed=522, unchanged=525, early_stops=8/8
26 - INFO - chord#: 82 In build_straw_man_chord_sa. tolerance = 1, sa_iterations = 1000, initial_temperature = 3.0, cooling_rate = 0.999
26 - INFO - chord#: 78 done. best_score=74.0, changed=618, unchanged=435, early_stops=8/8
26 - INFO - chord#: 80 In build_straw_man_chord_sa. tolerance = 1, sa_iterations = 1000, initial_temperature = 3.0, cooling_rate = 0.999
26 - INFO - chord#: 82 done. best_score=36.0, changed=519, unchanged=385, early_stops=8/8
26 - INFO - chord#: 84 In build_straw_man_chord_sa. tolerance = 1, sa_iterations = 1000, initial_temperature = 3.0, cooling_rate = 0.999
26 - INFO - chord#: 88 done. best_score=27.0, changed=531, unchanged=415, early_stops=8/8
26 - INFO - chord#: 90 In build_straw_man_chord_sa. tolerance = 1, sa_iterations = 1000, initial_temperature = 3.0, cooling_rate = 0.999
26 - INFO - chord#: 90 done. best_score=70.0, changed=612, unchanged=296, early_stops=8/8
26 - INFO - chord#: 92 In build_straw_man_chord_sa. tolerance = 1, sa_iterations = 1000, initial_temperature = 3.0, cooling_rate = 0.999
26 - INFO - chord#: 80 done. best_score=27.0, changed=517, unchanged=414, early_stops=8/8
26 - INFO - chord#: 82 In build_straw_man_chord_sa. tolerance = 1, sa_iterations = 1000, initial_temperature = 3.0, cooling_rate = 0.999
26 - INFO - chord#: 90 done. best_score=70.0, changed=615, unchanged=346, early_stops=8/8
26 - INFO - chord#: 92 In build_straw_man_chord_sa. tolerance = 1, sa_iterations = 1000, initial_temperature = 3.0, cooling_rate = 0.999
26 - INFO - chord#: 90 done. best_score=70.0, changed=612, unchanged=326, early_stops=8/8
26 - INFO - chord#: 92 In build_straw_man_chord_sa. tolerance = 1, sa_iterations = 1000, initial_temperature = 3.0, cooling_rate = 0.999
26 - INFO - chord#: 92 done. best_score=27.0, changed=524, unchanged=430, early_stops=8/8
26 - INFO - chord#: 96 In build_straw_man_chord_sa. tolerance = 1, sa_iterations = 1000, initial_temperature = 3.0, cooling_rate = 0.999
26 - INFO - chord#: 90 done. best_score=70.0, changed=614, unchanged=274, early_stops=8/8
26 - INFO - chord#: 92 In build_straw_man_chord_sa. tolerance = 1, sa_iterations = 1000, initial_temperature = 3.0, cooling_rate = 0.999
26 - INFO - chord#: 82 done. best_score=36.0, changed=519, unchanged=353, early_stops=8/8
26 - INFO - chord#: 84 In build_straw_man_chord_sa. tolerance = 1, sa_iterations = 1000, initial_temperature = 3.0, cooling_rate = 0.999
26 - INFO - chord#: 84 done. best_score=27.0, changed=519, unchanged=407, early_stops=8/8
26 - INFO - chord#: 86 In build_straw_man_chord_sa. tolerance = 1, sa_iterations = 1000, initial_temperature = 3.0, cooling_rate = 0.999
26 - INFO - chord#: 82 done. best_score=36.0, changed=528, unchanged=458, early_stops=8/8
26 - INFO - chord#: 84 In build_straw_man_chord_sa. tolerance = 1, sa_iterations = 1000, initial_temperature = 3.0, cooling_rate = 0.999
26 - INFO - chord#: 92 done. best_score=27.0, changed=521, unchanged=332, early_stops=8/8
26 - INFO - chord#: 96 In build_straw_man_chord_sa. tolerance = 1, sa_iterations = 1000, initial_temperature = 3.0, cooling_rate = 0.999
26 - INFO - chord#: 82 done. best_score=36.0, changed=523, unchanged=331, early_stops=8/8
26 - INFO - chord#: 84 In build_straw_man_chord_sa. tolerance = 1, sa_iterations = 1000, initial_temperature = 3.0, cooling_rate = 0.999
26 - INFO - chord#: 80 done. best_score=27.0, changed=524, unchanged=577, early_stops=8/8
26 - INFO - chord#: 82 In build_straw_man_chord_sa. tolerance = 1, sa_iterations = 1000, initial_temperature = 3.0, cooling_rate = 0.999
26 - INFO - chord#: 92 done. best_score=27.0, changed=529, unchanged=406, early_stops=8/8
26 - INFO - chord#: 96 In build_straw_man_chord_sa. tolerance = 1, sa_iterations = 1000, initial_temperature = 3.0, cooling_rate = 0.999
26 - INFO - chord#: 92 done. best_score=27.0, changed=515, unchanged=316, early_stops=8/8
26 - INFO - chord#: 96 In build_straw_man_chord_sa. tolerance = 1, sa_iterations = 1000, initial_temperature = 3.0, cooling_rate = 0.999
26 - INFO - chord#: 96 done. best_score=27.0, changed=517, unchanged=364, early_stops=8/8
26 - INFO - chord#: 98 In build_straw_man_chord_sa. tolerance = 1, sa_iterations = 1000, initial_temperature = 3.0, cooling_rate = 0.999
26 - INFO - chord#: 92 done. best_score=27.0, changed=518, unchanged=357, early_stops=8/8
26 - INFO - chord#: 96 In build_straw_man_chord_sa. tolerance = 1, sa_iterations = 1000, initial_temperature = 3.0, cooling_rate = 0.999
26 - INFO - chord#: 84 done. best_score=27.0, changed=519, unchanged=384, early_stops=8/8
26 - INFO - chord#: 86 In build_straw_man_chord_sa. tolerance = 1, sa_iterations = 1000, initial_temperature = 3.0, cooling_rate = 0.999
26 - INFO - chord#: 96 done. best_score=27.0, changed=521, unchanged=484, early_stops=8/8
26 - INFO - chord#: 98 In build_straw_man_chord_sa. tolerance = 1, sa_iterations = 1000, initial_temperature = 3.0, cooling_rate = 0.999
26 - INFO - chord#: 78 done. best_score=74.0, changed=613, unchanged=453, early_stops=8/8
26 - INFO - chord#: 80 In build_straw_man_chord_sa. tolerance = 1, sa_iterations = 1000, initial_temperature = 3.0, cooling_rate = 0.999
26 - INFO - chord#: 84 done. best_score=27.0, changed=524, unchanged=573, early_stops=8/8
26 - INFO - chord#: 86 In build_straw_man_chord_sa. tolerance = 1, sa_iterations = 1000, initial_temperature = 3.0, cooling_rate = 0.999
26 - INFO - chord#: 96 done. best_score=27.0, changed=527, unchanged=446, early_stops=8/8
26 - INFO - chord#: 98 In build_straw_man_chord_sa. tolerance = 1, sa_iterations = 1000, initial_temperature = 3.0, cooling_rate = 0.999
26 - INFO - chord#: 82 done. best_score=36.0, changed=519, unchanged=358, early_stops=8/8
26 - INFO - chord#: 84 In build_straw_man_chord_sa. tolerance = 1, sa_iterations = 1000, initial_temperature = 3.0, cooling_rate = 0.999
26 - INFO - chord#: 96 done. best_score=27.0, changed=532, unchanged=358, early_stops=8/8
26 - INFO - chord#: 98 In build_straw_man_chord_sa. tolerance = 1, sa_iterations = 1000, initial_temperature = 3.0, cooling_rate = 0.999
26 - INFO - chord#: 84 done. best_score=27.0, changed=514, unchanged=384, early_stops=8/8
26 - INFO - chord#: 86 In build_straw_man_chord_sa. tolerance = 1, sa_iterations = 1000, initial_temperature = 3.0, cooling_rate = 0.999
26 - INFO - chord#: 96 done. best_score=27.0, changed=513, unchanged=307, early_stops=8/8
26 - INFO - chord#: 98 In build_straw_man_chord_sa. tolerance = 1, sa_iterations = 1000, initial_temperature = 3.0, cooling_rate = 0.999
26 - INFO - chord#: 90 done. best_score=70.0, changed=609, unchanged=425, early_stops=8/8
26 - INFO - chord#: 92 In build_straw_man_chord_sa. tolerance = 1, sa_iterations = 1000, initial_temperature = 3.0, cooling_rate = 0.999
26 - INFO - chord#: 80 done. best_score=27.0, changed=521, unchanged=325, early_stops=8/8
26 - INFO - chord#: 82 In build_straw_man_chord_sa. tolerance = 1, sa_iterations = 1000, initial_temperature = 3.0, cooling_rate = 0.999
26 - INFO - chord#: 86 done. best_score=94.0, changed=614, unchanged=493, early_stops=8/8
26 - INFO - chord#: 88 In build_straw_man_chord_sa. tolerance = 1, sa_iterations = 1000, initial_temperature = 3.0, cooling_rate = 0.999
26 - INFO - chord#: 98 done. best_score=104.0, changed=613, unchanged=269, early_stops=8/8
26 - INFO - chord#: 100 In build_straw_man_chord_sa. tolerance = 1, sa_iterations = 1000, initial_temperature = 3.0, cooling_rate = 0.999
26 - INFO - chord#: 84 done. best_score=27.0, changed=519, unchanged=388, early_stops=8/8
26 - INFO - chord#: 86 In build_straw_man_chord_sa. tolerance = 1, sa_iterations = 1000, initial_temperature = 3.0, cooling_rate = 0.999
26 - INFO - chord#: 98 done. best_score=64.0, changed=613, unchanged=232, early_stops=8/8
26 - INFO - chord#: 100 In build_straw_man_chord_sa. tolerance = 1, sa_iterations = 1000, initial_temperature = 3.0, cooling_rate = 0.999
26 - INFO - chord#: 92 done. best_score=27.0, changed=531, unchanged=440, early_stops=8/8
26 - INFO - chord#: 96 In build_straw_man_chord_sa. tolerance = 1, sa_iterations = 1000, initial_temperature = 3.0, cooling_rate = 0.999
26 - INFO - chord#: 98 done. best_score=104.0, changed=604, unchanged=219, early_stops=8/8
26 - INFO - chord#: 100 In build_straw_man_chord_sa. tolerance = 1, sa_iterations = 1000, initial_temperature = 3.0, cooling_rate = 0.999
26 - INFO - chord#: 86 done. best_score=136.0, changed=608, unchanged=215, early_stops=8/8
26 - INFO - chord#: 88 In build_straw_man_chord_sa. tolerance = 1, sa_iterations = 1000, initial_temperature = 3.0, cooling_rate = 0.999
26 - INFO - chord#: 98 done. best_score=64.0, changed=612, unchanged=344, early_stops=8/8
26 - INFO - chord#: 100 In build_straw_man_chord_sa. tolerance = 1, sa_iterations = 1000, initial_temperature = 3.0, cooling_rate = 0.999
26 - INFO - chord#: 100 done. best_score=27.0, changed=524, unchanged=314, early_stops=8/8
26 - INFO - chord#: 102 In build_straw_man_chord_sa. tolerance = 1, sa_iterations = 1000, initial_temperature = 3.0, cooling_rate = 0.999
26 - INFO - chord#: 82 done. best_score=36.0, changed=510, unchanged=313, early_stops=8/8
26 - INFO - chord#: 84 In build_straw_man_chord_sa. tolerance = 1, sa_iterations = 1000, initial_temperature = 3.0, cooling_rate = 0.999
26 - INFO - chord#: 86 done. best_score=126.0, changed=608, unchanged=204, early_stops=8/8
26 - INFO - chord#: 88 In build_straw_man_chord_sa. tolerance = 1, sa_iterations = 1000, initial_temperature = 3.0, cooling_rate = 0.999
26 - INFO - chord#: 88 done. best_score=27.0, changed=533, unchanged=473, early_stops=8/8
26 - INFO - chord#: 90 In build_straw_man_chord_sa. tolerance = 1, sa_iterations = 1000, initial_temperature = 3.0, cooling_rate = 0.999
26 - INFO - chord#: 98 done. best_score=104.0, changed=616, unchanged=387, early_stops=8/8
26 - INFO - chord#: 100 In build_straw_man_chord_sa. tolerance = 1, sa_iterations = 1000, initial_temperature = 3.0, cooling_rate = 0.999
26 - INFO - chord#: 100 done. best_score=27.0, changed=533, unchanged=449, early_stops=8/8
26 - INFO - chord#: 102 In build_straw_man_chord_sa. tolerance = 1, sa_iterations = 1000, initial_temperature = 3.0, cooling_rate = 0.999
26 - INFO - chord#: 100 done. best_score=27.0, changed=515, unchanged=349, early_stops=8/8
26 - INFO - chord#: 102 In build_straw_man_chord_sa. tolerance = 1, sa_iterations = 1000, initial_temperature = 3.0, cooling_rate = 0.999
26 - INFO - chord#: 86 done. best_score=101.0, changed=613, unchanged=315, early_stops=8/8
26 - INFO - chord#: 88 In build_straw_man_chord_sa. tolerance = 1, sa_iterations = 1000, initial_temperature = 3.0, cooling_rate = 0.999
26 - INFO - chord#: 100 done. best_score=27.0, changed=516, unchanged=396, early_stops=8/8
26 - INFO - chord#: 102 In build_straw_man_chord_sa. tolerance = 1, sa_iterations = 1000, initial_temperature = 3.0, cooling_rate = 0.999
26 - INFO - chord#: 96 done. best_score=27.0, changed=531, unchanged=369, early_stops=8/8
26 - INFO - chord#: 98 In build_straw_man_chord_sa. tolerance = 1, sa_iterations = 1000, initial_temperature = 3.0, cooling_rate = 0.999
26 - INFO - chord#: 100 done. best_score=27.0, changed=522, unchanged=390, early_stops=8/8
26 - INFO - chord#: 102 In build_straw_man_chord_sa. tolerance = 1, sa_iterations = 1000, initial_temperature = 3.0, cooling_rate = 0.999
26 - INFO - chord#: 88 done. best_score=27.0, changed=529, unchanged=457, early_stops=8/8
26 - INFO - chord#: 90 In build_straw_man_chord_sa. tolerance = 1, sa_iterations = 1000, initial_temperature = 3.0, cooling_rate = 0.999
26 - INFO - chord#: 84 done. best_score=27.0, changed=518, unchanged=390, early_stops=8/8
26 - INFO - chord#: 86 In build_straw_man_chord_sa. tolerance = 1, sa_iterations = 1000, initial_temperature = 3.0, cooling_rate = 0.999
26 - INFO - chord#: 88 done. best_score=27.0, changed=516, unchanged=432, early_stops=8/8
26 - INFO - chord#: 90 In build_straw_man_chord_sa. tolerance = 1, sa_iterations = 1000, initial_temperature = 3.0, cooling_rate = 0.999
26 - INFO - chord#: 88 done. best_score=27.0, changed=530, unchanged=343, early_stops=8/8
26 - INFO - chord#: 90 In build_straw_man_chord_sa. tolerance = 1, sa_iterations = 1000, initial_temperature = 3.0, cooling_rate = 0.999
26 - INFO - chord#: 102 done. best_score=102.0, changed=609, unchanged=255, early_stops=8/8
26 - INFO - chord#: 104 In build_straw_man_chord_sa. tolerance = 1, sa_iterations = 1000, initial_temperature = 3.0, cooling_rate = 0.999
26 - INFO - chord#: 86 done. best_score=150.0, changed=610, unchanged=301, early_stops=8/8
26 - INFO - chord#: 88 In build_straw_man_chord_sa. tolerance = 1, sa_iterations = 1000, initial_temperature = 3.0, cooling_rate = 0.999
26 - INFO - chord#: 102 done. best_score=93.0, changed=610, unchanged=235, early_stops=8/8
26 - INFO - chord#: 104 In build_straw_man_chord_sa. tolerance = 1, sa_iterations = 1000, initial_temperature = 3.0, cooling_rate = 0.999
26 - INFO - chord#: 102 done. best_score=96.0, changed=606, unchanged=246, early_stops=8/8
26 - INFO - chord#: 104 In build_straw_man_chord_sa. tolerance = 1, sa_iterations = 1000, initial_temperature = 3.0, cooling_rate = 0.999
26 - INFO - chord#: 90 done. best_score=149.0, changed=618, unchanged=441, early_stops=8/8
26 - INFO - chord#: 92 In build_straw_man_chord_sa. tolerance = 1, sa_iterations = 1000, initial_temperature = 3.0, cooling_rate = 0.999
26 - INFO - chord#: 104 done. best_score=27.0, changed=520, unchanged=395, early_stops=8/8
26 - INFO - chord#: 106 In build_straw_man_chord_sa. tolerance = 1, sa_iterations = 1000, initial_temperature = 3.0, cooling_rate = 0.999
26 - INFO - chord#: 88 done. best_score=27.0, changed=527, unchanged=314, early_stops=8/8
26 - INFO - chord#: 90 In build_straw_man_chord_sa. tolerance = 1, sa_iterations = 1000, initial_temperature = 3.0, cooling_rate = 0.999
26 - INFO - chord#: 102 done. best_score=94.0, changed=614, unchanged=410, early_stops=8/8
26 - INFO - chord#: 104 In build_straw_man_chord_sa. tolerance = 1, sa_iterations = 1000, initial_temperature = 3.0, cooling_rate = 0.999
26 - INFO - chord#: 104 done. best_score=27.0, changed=528, unchanged=525, early_stops=8/8
26 - INFO - chord#: 106 In build_straw_man_chord_sa. tolerance = 1, sa_iterations = 1000, initial_temperature = 3.0, cooling_rate = 0.999
26 - INFO - chord#: 102 done. best_score=116.0, changed=614, unchanged=284, early_stops=8/8
26 - INFO - chord#: 104 In build_straw_man_chord_sa. tolerance = 1, sa_iterations = 1000, initial_temperature = 3.0, cooling_rate = 0.999
26 - INFO - chord#: 104 done. best_score=27.0, changed=521, unchanged=410, early_stops=8/8
26 - INFO - chord#: 106 In build_straw_man_chord_sa. tolerance = 1, sa_iterations = 1000, initial_temperature = 3.0, cooling_rate = 0.999
26 - INFO - chord#: 92 done. best_score=27.0, changed=525, unchanged=501, early_stops=8/8
26 - INFO - chord#: 96 In build_straw_man_chord_sa. tolerance = 1, sa_iterations = 1000, initial_temperature = 3.0, cooling_rate = 0.999
26 - INFO - chord#: 106 done. best_score=27.0, changed=526, unchanged=438, early_stops=8/8
26 - INFO - chord#: 108 In build_straw_man_chord_sa. tolerance = 1, sa_iterations = 1000, initial_temperature = 3.0, cooling_rate = 0.999
26 - INFO - chord#: 90 done. best_score=70.0, changed=609, unchanged=284, early_stops=8/8
26 - INFO - chord#: 92 In build_straw_man_chord_sa. tolerance = 1, sa_iterations = 1000, initial_temperature = 3.0, cooling_rate = 0.999
26 - INFO - chord#: 86 done. best_score=94.0, changed=605, unchanged=269, early_stops=8/8
26 - INFO - chord#: 88 In build_straw_man_chord_sa. tolerance = 1, sa_iterations = 1000, initial_temperature = 3.0, cooling_rate = 0.999
26 - INFO - chord#: 98 done. best_score=125.0, changed=618, unchanged=362, early_stops=8/8
26 - INFO - chord#: 100 In build_straw_man_chord_sa. tolerance = 1, sa_iterations = 1000, initial_temperature = 3.0, cooling_rate = 0.999
26 - INFO - chord#: 90 done. best_score=104.0, changed=610, unchanged=331, early_stops=8/8
26 - INFO - chord#: 92 In build_straw_man_chord_sa. tolerance = 1, sa_iterations = 1000, initial_temperature = 3.0, cooling_rate = 0.999
26 - INFO - chord#: 106 done. best_score=27.0, changed=529, unchanged=427, early_stops=8/8
26 - INFO - chord#: 108 In build_straw_man_chord_sa. tolerance = 1, sa_iterations = 1000, initial_temperature = 3.0, cooling_rate = 0.999
26 - INFO - chord#: 104 done. best_score=27.0, changed=524, unchanged=463, early_stops=8/8
26 - INFO - chord#: 106 In build_straw_man_chord_sa. tolerance = 1, sa_iterations = 1000, initial_temperature = 3.0, cooling_rate = 0.999
26 - INFO - chord#: 106 done. best_score=27.0, changed=532, unchanged=478, early_stops=8/8
26 - INFO - chord#: 108 In build_straw_man_chord_sa. tolerance = 1, sa_iterations = 1000, initial_temperature = 3.0, cooling_rate = 0.999
26 - INFO - chord#: 96 done. best_score=27.0, changed=515, unchanged=385, early_stops=8/8
26 - INFO - chord#: 98 In build_straw_man_chord_sa. tolerance = 1, sa_iterations = 1000, initial_temperature = 3.0, cooling_rate = 0.999
26 - INFO - chord#: 104 done. best_score=27.0, changed=526, unchanged=420, early_stops=8/8
26 - INFO - chord#: 106 In build_straw_man_chord_sa. tolerance = 1, sa_iterations = 1000, initial_temperature = 3.0, cooling_rate = 0.999
26 - INFO - chord#: 92 done. best_score=27.0, changed=513, unchanged=305, early_stops=8/8
26 - INFO - chord#: 96 In build_straw_man_chord_sa. tolerance = 1, sa_iterations = 1000, initial_temperature = 3.0, cooling_rate = 0.999
26 - INFO - chord#: 108 done. best_score=27.0, changed=520, unchanged=491, early_stops=8/8
26 - INFO - chord#: 110 In build_straw_man_chord_sa. tolerance = 1, sa_iterations = 1000, initial_temperature = 3.0, cooling_rate = 0.999
26 - INFO - chord#: 92 done. best_score=27.0, changed=519, unchanged=342, early_stops=8/8
26 - INFO - chord#: 96 In build_straw_man_chord_sa. tolerance = 1, sa_iterations = 1000, initial_temperature = 3.0, cooling_rate = 0.999
26 - INFO - chord#: 100 done. best_score=27.0, changed=526, unchanged=443, early_stops=8/8
26 - INFO - chord#: 102 In build_straw_man_chord_sa. tolerance = 1, sa_iterations = 1000, initial_temperature = 3.0, cooling_rate = 0.999
26 - INFO - chord#: 90 done. best_score=145.0, changed=613, unchanged=481, early_stops=8/8
26 - INFO - chord#: 92 In build_straw_man_chord_sa. tolerance = 1, sa_iterations = 1000, initial_temperature = 3.0, cooling_rate = 0.999
26 - INFO - chord#: 106 done. best_score=27.0, changed=522, unchanged=363, early_stops=8/8
26 - INFO - chord#: 108 In build_straw_man_chord_sa. tolerance = 1, sa_iterations = 1000, initial_temperature = 3.0, cooling_rate = 0.999
26 - INFO - chord#: 88 done. best_score=27.0, changed=527, unchanged=420, early_stops=8/8
26 - INFO - chord#: 90 In build_straw_man_chord_sa. tolerance = 1, sa_iterations = 1000, initial_temperature = 3.0, cooling_rate = 0.999
26 - INFO - chord#: 108 done. best_score=27.0, changed=523, unchanged=409, early_stops=8/8
26 - INFO - chord#: 110 In build_straw_man_chord_sa. tolerance = 1, sa_iterations = 1000, initial_temperature = 3.0, cooling_rate = 0.999
26 - INFO - chord#: 90 done. best_score=111.0, changed=607, unchanged=218, early_stops=8/8
26 - INFO - chord#: 92 In build_straw_man_chord_sa. tolerance = 1, sa_iterations = 1000, initial_temperature = 3.0, cooling_rate = 0.999
26 - INFO - chord#: 108 done. best_score=27.0, changed=517, unchanged=392, early_stops=8/8
26 - INFO - chord#: 110 In build_straw_man_chord_sa. tolerance = 1, sa_iterations = 1000, initial_temperature = 3.0, cooling_rate = 0.999
26 - INFO - chord#: 106 done. best_score=27.0, changed=522, unchanged=333, early_stops=8/8
26 - INFO - chord#: 108 In build_straw_man_chord_sa. tolerance = 1, sa_iterations = 1000, initial_temperature = 3.0, cooling_rate = 0.999
26 - INFO - chord#: 96 done. best_score=27.0, changed=528, unchanged=461, early_stops=8/8
26 - INFO - chord#: 98 In build_straw_man_chord_sa. tolerance = 1, sa_iterations = 1000, initial_temperature = 3.0, cooling_rate = 0.999
26 - INFO - chord#: 96 done. best_score=27.0, changed=532, unchanged=443, early_stops=8/8
26 - INFO - chord#: 98 In build_straw_man_chord_sa. tolerance = 1, sa_iterations = 1000, initial_temperature = 3.0, cooling_rate = 0.999
26 - INFO - chord#: 92 done. best_score=27.0, changed=520, unchanged=428, early_stops=8/8
26 - INFO - chord#: 96 In build_straw_man_chord_sa. tolerance = 1, sa_iterations = 1000, initial_temperature = 3.0, cooling_rate = 0.999
26 - INFO - chord#: 108 done. best_score=27.0, changed=520, unchanged=551, early_stops=8/8
26 - INFO - chord#: 110 In build_straw_man_chord_sa. tolerance = 1, sa_iterations = 1000, initial_temperature = 3.0, cooling_rate = 0.999
26 - INFO - chord#: 92 done. best_score=27.0, changed=521, unchanged=388, early_stops=8/8
26 - INFO - chord#: 96 In build_straw_man_chord_sa. tolerance = 1, sa_iterations = 1000, initial_temperature = 3.0, cooling_rate = 0.999
26 - INFO - chord#: 110 done. best_score=67.0, changed=609, unchanged=226, early_stops=8/8
26 - INFO - chord#: 112 In build_straw_man_chord_sa. tolerance = 1, sa_iterations = 1000, initial_temperature = 3.0, cooling_rate = 0.999
26 - INFO - chord#: 98 done. best_score=64.0, changed=615, unchanged=358, early_stops=8/8
26 - INFO - chord#: 100 In build_straw_man_chord_sa. tolerance = 1, sa_iterations = 1000, initial_temperature = 3.0, cooling_rate = 0.999
26 - INFO - chord#: 108 done. best_score=27.0, changed=517, unchanged=398, early_stops=8/8
26 - INFO - chord#: 110 In build_straw_man_chord_sa. tolerance = 1, sa_iterations = 1000, initial_temperature = 3.0, cooling_rate = 0.999
26 - INFO - chord#: 110 done. best_score=142.0, changed=617, unchanged=285, early_stops=8/8
26 - INFO - chord#: 112 In build_straw_man_chord_sa. tolerance = 1, sa_iterations = 1000, initial_temperature = 3.0, cooling_rate = 0.999
26 - INFO - chord#: 110 done. best_score=67.0, changed=607, unchanged=360, early_stops=8/8
26 - INFO - chord#: 112 In build_straw_man_chord_sa. tolerance = 1, sa_iterations = 1000, initial_temperature = 3.0, cooling_rate = 0.999
26 - INFO - chord#: 90 done. best_score=70.0, changed=613, unchanged=281, early_stops=8/8
26 - INFO - chord#: 92 In build_straw_man_chord_sa. tolerance = 1, sa_iterations = 1000, initial_temperature = 3.0, cooling_rate = 0.999
26 - INFO - chord#: 96 done. best_score=27.0, changed=528, unchanged=440, early_stops=8/8
26 - INFO - chord#: 98 In build_straw_man_chord_sa. tolerance = 1, sa_iterations = 1000, initial_temperature = 3.0, cooling_rate = 0.999
26 - INFO - chord#: 112 done. best_score=27.0, changed=529, unchanged=426, early_stops=8/8
26 - INFO - chord#: 114 In build_straw_man_chord_sa. tolerance = 1, sa_iterations = 1000, initial_temperature = 3.0, cooling_rate = 0.999
26 - INFO - chord#: 96 done. best_score=27.0, changed=529, unchanged=401, early_stops=8/8
26 - INFO - chord#: 98 In build_straw_man_chord_sa. tolerance = 1, sa_iterations = 1000, initial_temperature = 3.0, cooling_rate = 0.999
26 - INFO - chord#: 100 done. best_score=27.0, changed=515, unchanged=337, early_stops=8/8
26 - INFO - chord#: 102 In build_straw_man_chord_sa. tolerance = 1, sa_iterations = 1000, initial_temperature = 3.0, cooling_rate = 0.999
26 - INFO - chord#: 98 done. best_score=64.0, changed=609, unchanged=313, early_stops=8/8
26 - INFO - chord#: 100 In build_straw_man_chord_sa. tolerance = 1, sa_iterations = 1000, initial_temperature = 3.0, cooling_rate = 0.999
26 - INFO - chord#: 102 done. best_score=157.0, changed=619, unchanged=341, early_stops=8/8
26 - INFO - chord#: 104 In build_straw_man_chord_sa. tolerance = 1, sa_iterations = 1000, initial_temperature = 3.0, cooling_rate = 0.999
26 - INFO - chord#: 112 done. best_score=27.0, changed=518, unchanged=380, early_stops=8/8
26 - INFO - chord#: 114 In build_straw_man_chord_sa. tolerance = 1, sa_iterations = 1000, initial_temperature = 3.0, cooling_rate = 0.999
26 - INFO - chord#: 110 done. best_score=67.0, changed=613, unchanged=289, early_stops=8/8
26 - INFO - chord#: 112 In build_straw_man_chord_sa. tolerance = 1, sa_iterations = 1000, initial_temperature = 3.0, cooling_rate = 0.999
26 - INFO - chord#: 112 done. best_score=27.0, changed=517, unchanged=407, early_stops=8/8
26 - INFO - chord#: 114 In build_straw_man_chord_sa. tolerance = 1, sa_iterations = 1000, initial_temperature = 3.0, cooling_rate = 0.999
26 - INFO - chord#: 114 done. best_score=27.0, changed=519, unchanged=333, early_stops=8/8
26 - INFO - chord#: 116 In build_straw_man_chord_sa. tolerance = 1, sa_iterations = 1000, initial_temperature = 3.0, cooling_rate = 0.999
26 - INFO - chord#: 100 done. best_score=27.0, changed=524, unchanged=376, early_stops=8/8
26 - INFO - chord#: 102 In build_straw_man_chord_sa. tolerance = 1, sa_iterations = 1000, initial_temperature = 3.0, cooling_rate = 0.999
26 - INFO - chord#: 92 done. best_score=27.0, changed=522, unchanged=414, early_stops=8/8
26 - INFO - chord#: 96 In build_straw_man_chord_sa. tolerance = 1, sa_iterations = 1000, initial_temperature = 3.0, cooling_rate = 0.999
26 - INFO - chord#: 98 done. best_score=64.0, changed=613, unchanged=352, early_stops=8/8
26 - INFO - chord#: 100 In build_straw_man_chord_sa. tolerance = 1, sa_iterations = 1000, initial_temperature = 3.0, cooling_rate = 0.999
26 - INFO - chord#: 114 done. best_score=27.0, changed=546, unchanged=306, early_stops=8/8
26 - INFO - chord#: 116 In build_straw_man_chord_sa. tolerance = 1, sa_iterations = 1000, initial_temperature = 3.0, cooling_rate = 0.999
26 - INFO - chord#: 104 done. best_score=27.0, changed=516, unchanged=392, early_stops=8/8
26 - INFO - chord#: 106 In build_straw_man_chord_sa. tolerance = 1, sa_iterations = 1000, initial_temperature = 3.0, cooling_rate = 0.999
26 - INFO - chord#: 112 done. best_score=27.0, changed=524, unchanged=409, early_stops=8/8
26 - INFO - chord#: 114 In build_straw_man_chord_sa. tolerance = 1, sa_iterations = 1000, initial_temperature = 3.0, cooling_rate = 0.999
26 - INFO - chord#: 114 done. best_score=27.0, changed=526, unchanged=359, early_stops=8/8
26 - INFO - chord#: 116 In build_straw_man_chord_sa. tolerance = 1, sa_iterations = 1000, initial_temperature = 3.0, cooling_rate = 0.999
26 - INFO - chord#: 110 done. best_score=67.0, changed=607, unchanged=329, early_stops=8/8
26 - INFO - chord#: 112 In build_straw_man_chord_sa. tolerance = 1, sa_iterations = 1000, initial_temperature = 3.0, cooling_rate = 0.999
26 - INFO - chord#: 102 done. best_score=96.0, changed=611, unchanged=333, early_stops=8/8
26 - INFO - chord#: 104 In build_straw_man_chord_sa. tolerance = 1, sa_iterations = 1000, initial_temperature = 3.0, cooling_rate = 0.999
26 - INFO - chord#: 100 done. best_score=27.0, changed=515, unchanged=349, early_stops=8/8
26 - INFO - chord#: 102 In build_straw_man_chord_sa. tolerance = 1, sa_iterations = 1000, initial_temperature = 3.0, cooling_rate = 0.999
26 - INFO - chord#: 96 done. best_score=27.0, changed=522, unchanged=395, early_stops=8/8
26 - INFO - chord#: 98 In build_straw_man_chord_sa. tolerance = 1, sa_iterations = 1000, initial_temperature = 3.0, cooling_rate = 0.999
26 - INFO - chord#: 106 done. best_score=27.0, changed=522, unchanged=364, early_stops=8/8
26 - INFO - chord#: 108 In build_straw_man_chord_sa. tolerance = 1, sa_iterations = 1000, initial_temperature = 3.0, cooling_rate = 0.999
26 - INFO - chord#: 114 done. best_score=27.0, changed=530, unchanged=339, early_stops=8/8
26 - INFO - chord#: 116 In build_straw_man_chord_sa. tolerance = 1, sa_iterations = 1000, initial_temperature = 3.0, cooling_rate = 0.999
26 - INFO - chord#: 98 done. best_score=64.0, changed=610, unchanged=305, early_stops=8/8
26 - INFO - chord#: 100 In build_straw_man_chord_sa. tolerance = 1, sa_iterations = 1000, initial_temperature = 3.0, cooling_rate = 0.999
26 - INFO - chord#: 98 done. best_score=146.0, changed=612, unchanged=337, early_stops=8/8
26 - INFO - chord#: 100 In build_straw_man_chord_sa. tolerance = 1, sa_iterations = 1000, initial_temperature = 3.0, cooling_rate = 0.999
26 - INFO - chord#: 116 done. best_score=157.0, changed=612, unchanged=344, early_stops=8/8
26 - INFO - chord#: 117 In build_straw_man_chord_sa. tolerance = 1, sa_iterations = 1000, initial_temperature = 3.0, cooling_rate = 0.999
26 - INFO - chord#: 104 done. best_score=27.0, changed=529, unchanged=354, early_stops=8/8
26 - INFO - chord#: 106 In build_straw_man_chord_sa. tolerance = 1, sa_iterations = 1000, initial_temperature = 3.0, cooling_rate = 0.999
26 - INFO - chord#: 102 done. best_score=93.0, changed=614, unchanged=352, early_stops=8/8
26 - INFO - chord#: 104 In build_straw_man_chord_sa. tolerance = 1, sa_iterations = 1000, initial_temperature = 3.0, cooling_rate = 0.999
26 - INFO - chord#: 116 done. best_score=154.0, changed=609, unchanged=282, early_stops=8/8
26 - INFO - chord#: 117 In build_straw_man_chord_sa. tolerance = 1, sa_iterations = 1000, initial_temperature = 3.0, cooling_rate = 0.999
26 - INFO - chord#: 112 done. best_score=27.0, changed=522, unchanged=456, early_stops=8/8
26 - INFO - chord#: 114 In build_straw_man_chord_sa. tolerance = 1, sa_iterations = 1000, initial_temperature = 3.0, cooling_rate = 0.999
26 - INFO - chord#: 100 done. best_score=27.0, changed=523, unchanged=335, early_stops=8/8
26 - INFO - chord#: 102 In build_straw_man_chord_sa. tolerance = 1, sa_iterations = 1000, initial_temperature = 3.0, cooling_rate = 0.999
26 - INFO - chord#: 108 done. best_score=27.0, changed=515, unchanged=360, early_stops=8/8
26 - INFO - chord#: 110 In build_straw_man_chord_sa. tolerance = 1, sa_iterations = 1000, initial_temperature = 3.0, cooling_rate = 0.999
26 - INFO - chord#: 100 done. best_score=27.0, changed=533, unchanged=416, early_stops=8/8
26 - INFO - chord#: 102 In build_straw_man_chord_sa. tolerance = 1, sa_iterations = 1000, initial_temperature = 3.0, cooling_rate = 0.999
26 - INFO - chord#: 116 done. best_score=157.0, changed=608, unchanged=297, early_stops=8/8
26 - INFO - chord#: 117 In build_straw_man_chord_sa. tolerance = 1, sa_iterations = 1000, initial_temperature = 3.0, cooling_rate = 0.999
26 - INFO - chord#: 106 done. best_score=27.0, changed=525, unchanged=351, early_stops=8/8
26 - INFO - chord#: 108 In build_straw_man_chord_sa. tolerance = 1, sa_iterations = 1000, initial_temperature = 3.0, cooling_rate = 0.999
26 - INFO - chord#: 104 done. best_score=27.0, changed=529, unchanged=510, early_stops=8/8
26 - INFO - chord#: 106 In build_straw_man_chord_sa. tolerance = 1, sa_iterations = 1000, initial_temperature = 3.0, cooling_rate = 0.999
26 - INFO - chord#: 114 done. best_score=27.0, changed=526, unchanged=327, early_stops=8/8
26 - INFO - chord#: 116 In build_straw_man_chord_sa. tolerance = 1, sa_iterations = 1000, initial_temperature = 3.0, cooling_rate = 0.999
26 - INFO - chord#: 102 done. best_score=93.0, changed=615, unchanged=260, early_stops=8/8
26 - INFO - chord#: 104 In build_straw_man_chord_sa. tolerance = 1, sa_iterations = 1000, initial_temperature = 3.0, cooling_rate = 0.999
26 - INFO - chord#: 98 done. best_score=64.0, changed=611, unchanged=241, early_stops=8/8
26 - INFO - chord#: 100 In build_straw_man_chord_sa. tolerance = 1, sa_iterations = 1000, initial_temperature = 3.0, cooling_rate = 0.999
26 - INFO - chord#: 116 done. best_score=64.0, changed=617, unchanged=485, early_stops=8/8
26 - INFO - chord#: 117 In build_straw_man_chord_sa. tolerance = 1, sa_iterations = 1000, initial_temperature = 3.0, cooling_rate = 0.999
26 - INFO - chord#: 117 done. best_score=168.0, changed=612, unchanged=301, early_stops=8/8
26 - INFO - chord#: 118 In build_straw_man_chord_sa. tolerance = 1, sa_iterations = 1000, initial_temperature = 3.0, cooling_rate = 0.999
26 - INFO - chord#: 108 done. best_score=27.0, changed=525, unchanged=520, early_stops=8/8
26 - INFO - chord#: 110 In build_straw_man_chord_sa. tolerance = 1, sa_iterations = 1000, initial_temperature = 3.0, cooling_rate = 0.999
26 - INFO - chord#: 106 done. best_score=27.0, changed=528, unchanged=434, early_stops=8/8
26 - INFO - chord#: 108 In build_straw_man_chord_sa. tolerance = 1, sa_iterations = 1000, initial_temperature = 3.0, cooling_rate = 0.999
26 - INFO - chord#: 118 done. best_score=9.0, changed=485, unchanged=357, early_stops=8/8
26 - INFO - chord#: 120 In build_straw_man_chord_sa. tolerance = 1, sa_iterations = 1000, initial_temperature = 3.0, cooling_rate = 0.999
26 - INFO - chord#: 117 done. best_score=74.0, changed=614, unchanged=344, early_stops=8/8
26 - INFO - chord#: 118 In build_straw_man_chord_sa. tolerance = 1, sa_iterations = 1000, initial_temperature = 3.0, cooling_rate = 0.999
26 - INFO - chord#: 118 done. best_score=9.0, changed=493, unchanged=325, early_stops=8/8
26 - INFO - chord#: 120 In build_straw_man_chord_sa. tolerance = 1, sa_iterations = 1000, initial_temperature = 3.0, cooling_rate = 0.999
26 - INFO - chord#: 100 done. best_score=27.0, changed=526, unchanged=454, early_stops=8/8
26 - INFO - chord#: 102 In build_straw_man_chord_sa. tolerance = 1, sa_iterations = 1000, initial_temperature = 3.0, cooling_rate = 0.999
26 - INFO - chord#: 117 done. best_score=149.0, changed=617, unchanged=418, early_stops=8/8
26 - INFO - chord#: 118 In build_straw_man_chord_sa. tolerance = 1, sa_iterations = 1000, initial_temperature = 3.0, cooling_rate = 0.999
26 - INFO - chord#: 104 done. best_score=27.0, changed=522, unchanged=488, early_stops=8/8
26 - INFO - chord#: 106 In build_straw_man_chord_sa. tolerance = 1, sa_iterations = 1000, initial_temperature = 3.0, cooling_rate = 0.999
26 - INFO - chord#: 108 done. best_score=27.0, changed=536, unchanged=543, early_stops=8/8
26 - INFO - chord#: 110 In build_straw_man_chord_sa. tolerance = 1, sa_iterations = 1000, initial_temperature = 3.0, cooling_rate = 0.999
26 - INFO - chord#: 118 done. best_score=16.0, changed=499, unchanged=323, early_stops=8/8
26 - INFO - chord#: 120 In build_straw_man_chord_sa. tolerance = 1, sa_iterations = 1000, initial_temperature = 3.0, cooling_rate = 0.999
26 - INFO - chord#: 110 done. best_score=67.0, changed=611, unchanged=360, early_stops=8/8
26 - INFO - chord#: 112 In build_straw_man_chord_sa. tolerance = 1, sa_iterations = 1000, initial_temperature = 3.0, cooling_rate = 0.999
26 - INFO - chord#: 120 done. best_score=27.0, changed=528, unchanged=382, early_stops=8/8
26 - INFO - chord#: 122 In build_straw_man_chord_sa. tolerance = 1, sa_iterations = 1000, initial_temperature = 3.0, cooling_rate = 0.999
26 - INFO - chord#: 102 done. best_score=157.0, changed=614, unchanged=371, early_stops=8/8
26 - INFO - chord#: 104 In build_straw_man_chord_sa. tolerance = 1, sa_iterations = 1000, initial_temperature = 3.0, cooling_rate = 0.999
26 - INFO - chord#: 120 done. best_score=27.0, changed=521, unchanged=469, early_stops=8/8
26 - INFO - chord#: 122 In build_straw_man_chord_sa. tolerance = 1, sa_iterations = 1000, initial_temperature = 3.0, cooling_rate = 0.999
26 - INFO - chord#: 102 done. best_score=93.0, changed=615, unchanged=388, early_stops=8/8
26 - INFO - chord#: 104 In build_straw_man_chord_sa. tolerance = 1, sa_iterations = 1000, initial_temperature = 3.0, cooling_rate = 0.999
26 - INFO - chord#: 116 done. best_score=172.0, changed=611, unchanged=298, early_stops=8/8
26 - INFO - chord#: 117 In build_straw_man_chord_sa. tolerance = 1, sa_iterations = 1000, initial_temperature = 3.0, cooling_rate = 0.999
26 - INFO - chord#: 117 done. best_score=74.0, changed=612, unchanged=341, early_stops=8/8
26 - INFO - chord#: 118 In build_straw_man_chord_sa. tolerance = 1, sa_iterations = 1000, initial_temperature = 3.0, cooling_rate = 0.999
26 - INFO - chord#: 120 done. best_score=27.0, changed=527, unchanged=410, early_stops=8/8
26 - INFO - chord#: 122 In build_straw_man_chord_sa. tolerance = 1, sa_iterations = 1000, initial_temperature = 3.0, cooling_rate = 0.999
26 - INFO - chord#: 110 done. best_score=67.0, changed=617, unchanged=323, early_stops=8/8
26 - INFO - chord#: 112 In build_straw_man_chord_sa. tolerance = 1, sa_iterations = 1000, initial_temperature = 3.0, cooling_rate = 0.999
26 - INFO - chord#: 106 done. best_score=27.0, changed=530, unchanged=495, early_stops=8/8
26 - INFO - chord#: 108 In build_straw_man_chord_sa. tolerance = 1, sa_iterations = 1000, initial_temperature = 3.0, cooling_rate = 0.999
26 - INFO - chord#: 118 done. best_score=9.0, changed=465, unchanged=366, early_stops=8/8
26 - INFO - chord#: 120 In build_straw_man_chord_sa. tolerance = 1, sa_iterations = 1000, initial_temperature = 3.0, cooling_rate = 0.999
26 - INFO - chord#: 104 done. best_score=27.0, changed=531, unchanged=405, early_stops=8/8
26 - INFO - chord#: 106 In build_straw_man_chord_sa. tolerance = 1, sa_iterations = 1000, initial_temperature = 3.0, cooling_rate = 0.999
26 - INFO - chord#: 112 done. best_score=27.0, changed=525, unchanged=549, early_stops=8/8
26 - INFO - chord#: 114 In build_straw_man_chord_sa. tolerance = 1, sa_iterations = 1000, initial_temperature = 3.0, cooling_rate = 0.999
26 - INFO - chord#: 104 done. best_score=27.0, changed=515, unchanged=396, early_stops=8/8
26 - INFO - chord#: 106 In build_straw_man_chord_sa. tolerance = 1, sa_iterations = 1000, initial_temperature = 3.0, cooling_rate = 0.999
26 - INFO - chord#: 112 done. best_score=27.0, changed=521, unchanged=399, early_stops=8/8
26 - INFO - chord#: 114 In build_straw_man_chord_sa. tolerance = 1, sa_iterations = 1000, initial_temperature = 3.0, cooling_rate = 0.999
26 - INFO - chord#: 120 done. best_score=27.0, changed=518, unchanged=448, early_stops=8/8
26 - INFO - chord#: 122 In build_straw_man_chord_sa. tolerance = 1, sa_iterations = 1000, initial_temperature = 3.0, cooling_rate = 0.999
26 - INFO - chord#: 108 done. best_score=27.0, changed=516, unchanged=406, early_stops=8/8
26 - INFO - chord#: 110 In build_straw_man_chord_sa. tolerance = 1, sa_iterations = 1000, initial_temperature = 3.0, cooling_rate = 0.999
26 - INFO - chord#: 122 done. best_score=145.0, changed=613, unchanged=339, early_stops=8/8
26 - INFO - chord#: 124 In build_straw_man_chord_sa. tolerance = 1, sa_iterations = 1000, initial_temperature = 3.0, cooling_rate = 0.999
26 - INFO - chord#: 122 done. best_score=145.0, changed=612, unchanged=242, early_stops=8/8
26 - INFO - chord#: 124 In build_straw_man_chord_sa. tolerance = 1, sa_iterations = 1000, initial_temperature = 3.0, cooling_rate = 0.999
26 - INFO - chord#: 110 done. best_score=67.0, changed=610, unchanged=465, early_stops=8/8
26 - INFO - chord#: 112 In build_straw_man_chord_sa. tolerance = 1, sa_iterations = 1000, initial_temperature = 3.0, cooling_rate = 0.999
26 - INFO - chord#: 114 done. best_score=27.0, changed=528, unchanged=380, early_stops=8/8
26 - INFO - chord#: 116 In build_straw_man_chord_sa. tolerance = 1, sa_iterations = 1000, initial_temperature = 3.0, cooling_rate = 0.999
26 - INFO - chord#: 106 done. best_score=27.0, changed=541, unchanged=482, early_stops=8/8
26 - INFO - chord#: 108 In build_straw_man_chord_sa. tolerance = 1, sa_iterations = 1000, initial_temperature = 3.0, cooling_rate = 0.999
26 - INFO - chord#: 106 done. best_score=27.0, changed=529, unchanged=399, early_stops=8/8
26 - INFO - chord#: 108 In build_straw_man_chord_sa. tolerance = 1, sa_iterations = 1000, initial_temperature = 3.0, cooling_rate = 0.999
26 - INFO - chord#: 102 done. best_score=96.0, changed=616, unchanged=390, early_stops=8/8
26 - INFO - chord#: 104 In build_straw_man_chord_sa. tolerance = 1, sa_iterations = 1000, initial_temperature = 3.0, cooling_rate = 0.999
26 - INFO - chord#: 117 done. best_score=168.0, changed=611, unchanged=235, early_stops=8/8
26 - INFO - chord#: 118 In build_straw_man_chord_sa. tolerance = 1, sa_iterations = 1000, initial_temperature = 3.0, cooling_rate = 0.999
26 - INFO - chord#: 114 done. best_score=27.0, changed=526, unchanged=384, early_stops=8/8
26 - INFO - chord#: 116 In build_straw_man_chord_sa. tolerance = 1, sa_iterations = 1000, initial_temperature = 3.0, cooling_rate = 0.999
26 - INFO - chord#: 122 done. best_score=145.0, changed=613, unchanged=310, early_stops=8/8
26 - INFO - chord#: 124 In build_straw_man_chord_sa. tolerance = 1, sa_iterations = 1000, initial_temperature = 3.0, cooling_rate = 0.999
26 - INFO - chord#: 118 done. best_score=9.0, changed=472, unchanged=358, early_stops=8/8
26 - INFO - chord#: 120 In build_straw_man_chord_sa. tolerance = 1, sa_iterations = 1000, initial_temperature = 3.0, cooling_rate = 0.999
26 - INFO - chord#: 124 done. best_score=27.0, changed=520, unchanged=466, early_stops=8/8
26 - INFO - chord#: 128 In build_straw_man_chord_sa. tolerance = 1, sa_iterations = 1000, initial_temperature = 3.0, cooling_rate = 0.999
26 - INFO - chord#: 124 done. best_score=27.0, changed=537, unchanged=525, early_stops=8/8
26 - INFO - chord#: 128 In build_straw_man_chord_sa. tolerance = 1, sa_iterations = 1000, initial_temperature = 3.0, cooling_rate = 0.999
26 - INFO - chord#: 112 done. best_score=27.0, changed=521, unchanged=462, early_stops=8/8
26 - INFO - chord#: 114 In build_straw_man_chord_sa. tolerance = 1, sa_iterations = 1000, initial_temperature = 3.0, cooling_rate = 0.999
26 - INFO - chord#: 108 done. best_score=27.0, changed=523, unchanged=338, early_stops=8/8
26 - INFO - chord#: 110 In build_straw_man_chord_sa. tolerance = 1, sa_iterations = 1000, initial_temperature = 3.0, cooling_rate = 0.999
26 - INFO - chord#: 104 done. best_score=27.0, changed=524, unchanged=377, early_stops=8/8
26 - INFO - chord#: 106 In build_straw_man_chord_sa. tolerance = 1, sa_iterations = 1000, initial_temperature = 3.0, cooling_rate = 0.999
26 - INFO - chord#: 108 done. best_score=27.0, changed=519, unchanged=414, early_stops=8/8
26 - INFO - chord#: 110 In build_straw_man_chord_sa. tolerance = 1, sa_iterations = 1000, initial_temperature = 3.0, cooling_rate = 0.999
26 - INFO - chord#: 124 done. best_score=27.0, changed=518, unchanged=458, early_stops=8/8
26 - INFO - chord#: 128 In build_straw_man_chord_sa. tolerance = 1, sa_iterations = 1000, initial_temperature = 3.0, cooling_rate = 0.999
26 - INFO - chord#: 128 done. best_score=27.0, changed=519, unchanged=387, early_stops=8/8
26 - INFO - chord#: 130 In build_straw_man_chord_sa. tolerance = 1, sa_iterations = 1000, initial_temperature = 3.0, cooling_rate = 0.999
26 - INFO - chord#: 128 done. best_score=27.0, changed=515, unchanged=406, early_stops=8/8
26 - INFO - chord#: 130 In build_straw_man_chord_sa. tolerance = 1, sa_iterations = 1000, initial_temperature = 3.0, cooling_rate = 0.999
26 - INFO - chord#: 120 done. best_score=27.0, changed=521, unchanged=430, early_stops=8/8
26 - INFO - chord#: 122 In build_straw_man_chord_sa. tolerance = 1, sa_iterations = 1000, initial_temperature = 3.0, cooling_rate = 0.999
26 - INFO - chord#: 114 done. best_score=27.0, changed=525, unchanged=367, early_stops=8/8
26 - INFO - chord#: 116 In build_straw_man_chord_sa. tolerance = 1, sa_iterations = 1000, initial_temperature = 3.0, cooling_rate = 0.999
26 - INFO - chord#: 122 done. best_score=145.0, changed=613, unchanged=392, early_stops=8/8
26 - INFO - chord#: 124 In build_straw_man_chord_sa. tolerance = 1, sa_iterations = 1000, initial_temperature = 3.0, cooling_rate = 0.999
26 - INFO - chord#: 110 done. best_score=67.0, changed=610, unchanged=300, early_stops=8/8
26 - INFO - chord#: 112 In build_straw_man_chord_sa. tolerance = 1, sa_iterations = 1000, initial_temperature = 3.0, cooling_rate = 0.999
26 - INFO - chord#: 106 done. best_score=27.0, changed=514, unchanged=333, early_stops=8/8
26 - INFO - chord#: 108 In build_straw_man_chord_sa. tolerance = 1, sa_iterations = 1000, initial_temperature = 3.0, cooling_rate = 0.999
26 - INFO - chord#: 128 done. best_score=27.0, changed=527, unchanged=457, early_stops=8/8
26 - INFO - chord#: 130 In build_straw_man_chord_sa. tolerance = 1, sa_iterations = 1000, initial_temperature = 3.0, cooling_rate = 0.999
26 - INFO - chord#: 116 done. best_score=145.0, changed=608, unchanged=271, early_stops=8/8
26 - INFO - chord#: 117 In build_straw_man_chord_sa. tolerance = 1, sa_iterations = 1000, initial_temperature = 3.0, cooling_rate = 0.999
26 - INFO - chord#: 116 done. best_score=64.0, changed=610, unchanged=340, early_stops=8/8
26 - INFO - chord#: 117 In build_straw_man_chord_sa. tolerance = 1, sa_iterations = 1000, initial_temperature = 3.0, cooling_rate = 0.999
26 - INFO - chord#: 124 done. best_score=27.0, changed=524, unchanged=377, early_stops=8/8
26 - INFO - chord#: 128 In build_straw_man_chord_sa. tolerance = 1, sa_iterations = 1000, initial_temperature = 3.0, cooling_rate = 0.999
26 - INFO - chord#: 108 done. best_score=27.0, changed=519, unchanged=369, early_stops=8/8
26 - INFO - chord#: 110 In build_straw_man_chord_sa. tolerance = 1, sa_iterations = 1000, initial_temperature = 3.0, cooling_rate = 0.999
26 - INFO - chord#: 110 done. best_score=157.0, changed=609, unchanged=294, early_stops=8/8
26 - INFO - chord#: 112 In build_straw_man_chord_sa. tolerance = 1, sa_iterations = 1000, initial_temperature = 3.0, cooling_rate = 0.999
26 - INFO - chord#: 112 done. best_score=27.0, changed=524, unchanged=447, early_stops=8/8
26 - INFO - chord#: 114 In build_straw_man_chord_sa. tolerance = 1, sa_iterations = 1000, initial_temperature = 3.0, cooling_rate = 0.999
26 - INFO - chord#: 128 done. best_score=27.0, changed=526, unchanged=440, early_stops=8/8
26 - INFO - chord#: 130 In build_straw_man_chord_sa. tolerance = 1, sa_iterations = 1000, initial_temperature = 3.0, cooling_rate = 0.999
26 - INFO - chord#: 130 done. best_score=145.0, changed=611, unchanged=415, early_stops=8/8
26 - INFO - chord#: 132 In build_straw_man_chord_sa. tolerance = 1, sa_iterations = 1000, initial_temperature = 3.0, cooling_rate = 0.999
26 - INFO - chord#: 130 done. best_score=67.0, changed=613, unchanged=217, early_stops=8/8
26 - INFO - chord#: 132 In build_straw_man_chord_sa. tolerance = 1, sa_iterations = 1000, initial_temperature = 3.0, cooling_rate = 0.999
26 - INFO - chord#: 116 done. best_score=64.0, changed=614, unchanged=388, early_stops=8/8
26 - INFO - chord#: 117 In build_straw_man_chord_sa. tolerance = 1, sa_iterations = 1000, initial_temperature = 3.0, cooling_rate = 0.999
26 - INFO - chord#: 130 done. best_score=137.0, changed=614, unchanged=507, early_stops=8/8
26 - INFO - chord#: 132 In build_straw_man_chord_sa. tolerance = 1, sa_iterations = 1000, initial_temperature = 3.0, cooling_rate = 0.999
26 - INFO - chord#: 117 done. best_score=74.0, changed=615, unchanged=261, early_stops=8/8
26 - INFO - chord#: 118 In build_straw_man_chord_sa. tolerance = 1, sa_iterations = 1000, initial_temperature = 3.0, cooling_rate = 0.999
26 - INFO - chord#: 110 done. best_score=137.0, changed=614, unchanged=522, early_stops=8/8
26 - INFO - chord#: 112 In build_straw_man_chord_sa. tolerance = 1, sa_iterations = 1000, initial_temperature = 3.0, cooling_rate = 0.999
26 - INFO - chord#: 117 done. best_score=74.0, changed=611, unchanged=236, early_stops=8/8
26 - INFO - chord#: 118 In build_straw_man_chord_sa. tolerance = 1, sa_iterations = 1000, initial_temperature = 3.0, cooling_rate = 0.999
26 - INFO - chord#: 122 done. best_score=137.0, changed=611, unchanged=355, early_stops=8/8
26 - INFO - chord#: 114 done. best_score=27.0, changed=522, unchanged=340, early_stops=8/8
26 - INFO - chord#: 124 In build_straw_man_chord_sa. tolerance = 1, sa_iterations = 1000, initial_temperature = 3.0, cooling_rate = 0.999
26 - INFO - chord#: 116 In build_straw_man_chord_sa. tolerance = 1, sa_iterations = 1000, initial_temperature = 3.0, cooling_rate = 0.999
26 - INFO - chord#: 112 done. best_score=27.0, changed=514, unchanged=353, early_stops=8/8
26 - INFO - chord#: 114 In build_straw_man_chord_sa. tolerance = 1, sa_iterations = 1000, initial_temperature = 3.0, cooling_rate = 0.999
26 - INFO - chord#: 118 done. best_score=9.0, changed=479, unchanged=335, early_stops=8/8
26 - INFO - chord#: 120 In build_straw_man_chord_sa. tolerance = 1, sa_iterations = 1000, initial_temperature = 3.0, cooling_rate = 0.999
26 - INFO - chord#: 118 done. best_score=9.0, changed=474, unchanged=380, early_stops=8/8
26 - INFO - chord#: 120 In build_straw_man_chord_sa. tolerance = 1, sa_iterations = 1000, initial_temperature = 3.0, cooling_rate = 0.999
26 - INFO - chord#: 132 done. best_score=27.0, changed=520, unchanged=408, early_stops=8/8
26 - INFO - chord#: 134 In build_straw_man_chord_sa. tolerance = 1, sa_iterations = 1000, initial_temperature = 3.0, cooling_rate = 0.999
26 - INFO - chord#: 132 done. best_score=27.0, changed=527, unchanged=633, early_stops=8/8
26 - INFO - chord#: 134 In build_straw_man_chord_sa. tolerance = 1, sa_iterations = 1000, initial_temperature = 3.0, cooling_rate = 0.999
26 - INFO - chord#: 132 done. best_score=27.0, changed=518, unchanged=472, early_stops=8/8
26 - INFO - chord#: 134 In build_straw_man_chord_sa. tolerance = 1, sa_iterations = 1000, initial_temperature = 3.0, cooling_rate = 0.999
26 - INFO - chord#: 130 done. best_score=142.0, changed=611, unchanged=208, early_stops=8/8
26 - INFO - chord#: 132 In build_straw_man_chord_sa. tolerance = 1, sa_iterations = 1000, initial_temperature = 3.0, cooling_rate = 0.999
26 - INFO - chord#: 112 done. best_score=27.0, changed=517, unchanged=342, early_stops=8/8
26 - INFO - chord#: 114 In build_straw_man_chord_sa. tolerance = 1, sa_iterations = 1000, initial_temperature = 3.0, cooling_rate = 0.999
26 - INFO - chord#: 114 done. best_score=27.0, changed=523, unchanged=339, early_stops=8/8
26 - INFO - chord#: 116 In build_straw_man_chord_sa. tolerance = 1, sa_iterations = 1000, initial_temperature = 3.0, cooling_rate = 0.999
26 - INFO - chord#: 120 done. best_score=27.0, changed=521, unchanged=429, early_stops=8/8
26 - INFO - chord#: 122 In build_straw_man_chord_sa. tolerance = 1, sa_iterations = 1000, initial_temperature = 3.0, cooling_rate = 0.999
26 - INFO - chord#: 124 done. best_score=27.0, changed=523, unchanged=463, early_stops=8/8
26 - INFO - chord#: 128 In build_straw_man_chord_sa. tolerance = 1, sa_iterations = 1000, initial_temperature = 3.0, cooling_rate = 0.999
26 - INFO - chord#: 120 done. best_score=27.0, changed=521, unchanged=419, early_stops=8/8
26 - INFO - chord#: 122 In build_straw_man_chord_sa. tolerance = 1, sa_iterations = 1000, initial_temperature = 3.0, cooling_rate = 0.999
26 - INFO - chord#: 110 done. best_score=137.0, changed=610, unchanged=300, early_stops=8/8
26 - INFO - chord#: 112 In build_straw_man_chord_sa. tolerance = 1, sa_iterations = 1000, initial_temperature = 3.0, cooling_rate = 0.999
26 - INFO - chord#: 117 done. best_score=74.0, changed=617, unchanged=415, early_stops=8/8
26 - INFO - chord#: 118 In build_straw_man_chord_sa. tolerance = 1, sa_iterations = 1000, initial_temperature = 3.0, cooling_rate = 0.999
26 - INFO - chord#: 132 done. best_score=27.0, changed=521, unchanged=380, early_stops=8/8
26 - INFO - chord#: 134 In build_straw_man_chord_sa. tolerance = 1, sa_iterations = 1000, initial_temperature = 3.0, cooling_rate = 0.999
26 - INFO - chord#: 118 done. best_score=9.0, changed=479, unchanged=338, early_stops=8/8
26 - INFO - chord#: 120 In build_straw_man_chord_sa. tolerance = 1, sa_iterations = 1000, initial_temperature = 3.0, cooling_rate = 0.999
26 - INFO - chord#: 128 done. best_score=27.0, changed=518, unchanged=369, early_stops=8/8
26 - INFO - chord#: 130 In build_straw_man_chord_sa. tolerance = 1, sa_iterations = 1000, initial_temperature = 3.0, cooling_rate = 0.999
26 - INFO - chord#: 114 done. best_score=27.0, changed=527, unchanged=454, early_stops=8/8
26 - INFO - chord#: 116 In build_straw_man_chord_sa. tolerance = 1, sa_iterations = 1000, initial_temperature = 3.0, cooling_rate = 0.999
26 - INFO - chord#: 134 done. best_score=104.0, changed=609, unchanged=292, early_stops=8/8
26 - INFO - chord#: 136 In build_straw_man_chord_sa. tolerance = 1, sa_iterations = 1000, initial_temperature = 3.0, cooling_rate = 0.999
26 - INFO - chord#: 112 done. best_score=27.0, changed=521, unchanged=412, early_stops=8/8
26 - INFO - chord#: 114 In build_straw_man_chord_sa. tolerance = 1, sa_iterations = 1000, initial_temperature = 3.0, cooling_rate = 0.999
26 - INFO - chord#: 116 done. best_score=167.0, changed=613, unchanged=329, early_stops=8/8
26 - INFO - chord#: 117 In build_straw_man_chord_sa. tolerance = 1, sa_iterations = 1000, initial_temperature = 3.0, cooling_rate = 0.999
26 - INFO - chord#: 134 done. best_score=74.0, changed=615, unchanged=349, early_stops=8/8
26 - INFO - chord#: 136 In build_straw_man_chord_sa. tolerance = 1, sa_iterations = 1000, initial_temperature = 3.0, cooling_rate = 0.999
26 - INFO - chord#: 134 done. best_score=74.0, changed=613, unchanged=376, early_stops=8/8
26 - INFO - chord#: 136 In build_straw_man_chord_sa. tolerance = 1, sa_iterations = 1000, initial_temperature = 3.0, cooling_rate = 0.999
26 - INFO - chord#: 120 done. best_score=27.0, changed=533, unchanged=537, early_stops=8/8
26 - INFO - chord#: 122 In build_straw_man_chord_sa. tolerance = 1, sa_iterations = 1000, initial_temperature = 3.0, cooling_rate = 0.999
26 - INFO - chord#: 122 done. best_score=96.0, changed=611, unchanged=331, early_stops=8/8
26 - INFO - chord#: 124 In build_straw_man_chord_sa. tolerance = 1, sa_iterations = 1000, initial_temperature = 3.0, cooling_rate = 0.999
26 - INFO - chord#: 122 done. best_score=137.0, changed=610, unchanged=318, early_stops=8/8
26 - INFO - chord#: 124 In build_straw_man_chord_sa. tolerance = 1, sa_iterations = 1000, initial_temperature = 3.0, cooling_rate = 0.999
26 - INFO - chord#: 136 done. best_score=27.0, changed=519, unchanged=410, early_stops=8/8
26 - INFO - chord#: 138 In build_straw_man_chord_sa. tolerance = 1, sa_iterations = 1000, initial_temperature = 3.0, cooling_rate = 0.999
26 - INFO - chord#: 136 done. best_score=27.0, changed=527, unchanged=418, early_stops=8/8
26 - INFO - chord#: 138 In build_straw_man_chord_sa. tolerance = 1, sa_iterations = 1000, initial_temperature = 3.0, cooling_rate = 0.999
26 - INFO - chord#: 114 done. best_score=27.0, changed=521, unchanged=398, early_stops=8/8
26 - INFO - chord#: 116 In build_straw_man_chord_sa. tolerance = 1, sa_iterations = 1000, initial_temperature = 3.0, cooling_rate = 0.999
26 - INFO - chord#: 116 done. best_score=125.0, changed=614, unchanged=337, early_stops=8/8
26 - INFO - chord#: 117 In build_straw_man_chord_sa. tolerance = 1, sa_iterations = 1000, initial_temperature = 3.0, cooling_rate = 0.999
26 - INFO - chord#: 124 done. best_score=27.0, changed=519, unchanged=387, early_stops=8/8
26 - INFO - chord#: 128 In build_straw_man_chord_sa. tolerance = 1, sa_iterations = 1000, initial_temperature = 3.0, cooling_rate = 0.999
26 - INFO - chord#: 136 done. best_score=27.0, changed=519, unchanged=449, early_stops=8/8
26 - INFO - chord#: 138 In build_straw_man_chord_sa. tolerance = 1, sa_iterations = 1000, initial_temperature = 3.0, cooling_rate = 0.999
26 - INFO - chord#: 124 done. best_score=27.0, changed=520, unchanged=374, early_stops=8/8
26 - INFO - chord#: 128 In build_straw_man_chord_sa. tolerance = 1, sa_iterations = 1000, initial_temperature = 3.0, cooling_rate = 0.999
26 - INFO - chord#: 134 done. best_score=74.0, changed=609, unchanged=271, early_stops=8/8
26 - INFO - chord#: 136 In build_straw_man_chord_sa. tolerance = 1, sa_iterations = 1000, initial_temperature = 3.0, cooling_rate = 0.999
26 - INFO - chord#: 130 done. best_score=137.0, changed=610, unchanged=255, early_stops=8/8
26 - INFO - chord#: 132 In build_straw_man_chord_sa. tolerance = 1, sa_iterations = 1000, initial_temperature = 3.0, cooling_rate = 0.999
26 - INFO - chord#: 117 done. best_score=150.0, changed=608, unchanged=253, early_stops=8/8
26 - INFO - chord#: 118 In build_straw_man_chord_sa. tolerance = 1, sa_iterations = 1000, initial_temperature = 3.0, cooling_rate = 0.999
26 - INFO - chord#: 118 done. best_score=9.0, changed=509, unchanged=304, early_stops=8/8
26 - INFO - chord#: 120 In build_straw_man_chord_sa. tolerance = 1, sa_iterations = 1000, initial_temperature = 3.0, cooling_rate = 0.999
26 - INFO - chord#: 128 done. best_score=27.0, changed=523, unchanged=453, early_stops=8/8
26 - INFO - chord#: 130 In build_straw_man_chord_sa. tolerance = 1, sa_iterations = 1000, initial_temperature = 3.0, cooling_rate = 0.999
26 - INFO - chord#: 122 done. best_score=67.0, changed=613, unchanged=284, early_stops=8/8
26 - INFO - chord#: 124 In build_straw_man_chord_sa. tolerance = 1, sa_iterations = 1000, initial_temperature = 3.0, cooling_rate = 0.999
26 - INFO - chord#: 128 done. best_score=27.0, changed=518, unchanged=356, early_stops=8/8
26 - INFO - chord#: 130 In build_straw_man_chord_sa. tolerance = 1, sa_iterations = 1000, initial_temperature = 3.0, cooling_rate = 0.999
26 - INFO - chord#: 138 done. best_score=143.0, changed=609, unchanged=215, early_stops=8/8
26 - INFO - chord#: 140 In build_straw_man_chord_sa. tolerance = 1, sa_iterations = 1000, initial_temperature = 3.0, cooling_rate = 0.999
26 - INFO - chord#: 116 done. best_score=154.0, changed=619, unchanged=437, early_stops=8/8
26 - INFO - chord#: 117 In build_straw_man_chord_sa. tolerance = 1, sa_iterations = 1000, initial_temperature = 3.0, cooling_rate = 0.999
26 - INFO - chord#: 136 done. best_score=27.0, changed=517, unchanged=407, early_stops=8/8
26 - INFO - chord#: 138 In build_straw_man_chord_sa. tolerance = 1, sa_iterations = 1000, initial_temperature = 3.0, cooling_rate = 0.999
26 - INFO - chord#: 132 done. best_score=27.0, changed=519, unchanged=385, early_stops=8/8
26 - INFO - chord#: 134 In build_straw_man_chord_sa. tolerance = 1, sa_iterations = 1000, initial_temperature = 3.0, cooling_rate = 0.999
26 - INFO - chord#: 138 done. best_score=142.0, changed=614, unchanged=331, early_stops=8/8
26 - INFO - chord#: 140 In build_straw_man_chord_sa. tolerance = 1, sa_iterations = 1000, initial_temperature = 3.0, cooling_rate = 0.999
26 - INFO - chord#: 124 done. best_score=27.0, changed=516, unchanged=359, early_stops=8/8
26 - INFO - chord#: 128 In build_straw_man_chord_sa. tolerance = 1, sa_iterations = 1000, initial_temperature = 3.0, cooling_rate = 0.999
26 - INFO - chord#: 117 done. best_score=150.0, changed=613, unchanged=248, early_stops=8/8
26 - INFO - chord#: 118 In build_straw_man_chord_sa. tolerance = 1, sa_iterations = 1000, initial_temperature = 3.0, cooling_rate = 0.999
26 - INFO - chord#: 120 done. best_score=27.0, changed=518, unchanged=398, early_stops=8/8
26 - INFO - chord#: 122 In build_straw_man_chord_sa. tolerance = 1, sa_iterations = 1000, initial_temperature = 3.0, cooling_rate = 0.999
26 - INFO - chord#: 116 done. best_score=125.0, changed=606, unchanged=248, early_stops=8/8
26 - INFO - chord#: 117 In build_straw_man_chord_sa. tolerance = 1, sa_iterations = 1000, initial_temperature = 3.0, cooling_rate = 0.999
26 - INFO - chord#: 138 done. best_score=142.0, changed=606, unchanged=300, early_stops=8/8
26 - INFO - chord#: 140 In build_straw_man_chord_sa. tolerance = 1, sa_iterations = 1000, initial_temperature = 3.0, cooling_rate = 0.999
26 - INFO - chord#: 118 done. best_score=9.0, changed=501, unchanged=307, early_stops=8/8
26 - INFO - chord#: 120 In build_straw_man_chord_sa. tolerance = 1, sa_iterations = 1000, initial_temperature = 3.0, cooling_rate = 0.999
26 - INFO - chord#: 140 done. best_score=27.0, changed=531, unchanged=425, early_stops=8/8
26 - INFO - chord#: 142 In build_straw_man_chord_sa. tolerance = 1, sa_iterations = 1000, initial_temperature = 3.0, cooling_rate = 0.999
26 - INFO - chord#: 140 done. best_score=27.0, changed=528, unchanged=453, early_stops=8/8
26 - INFO - chord#: 142 In build_straw_man_chord_sa. tolerance = 1, sa_iterations = 1000, initial_temperature = 3.0, cooling_rate = 0.999
26 - INFO - chord#: 140 done. best_score=27.0, changed=515, unchanged=387, early_stops=8/8
26 - INFO - chord#: 142 In build_straw_man_chord_sa. tolerance = 1, sa_iterations = 1000, initial_temperature = 3.0, cooling_rate = 0.999
26 - INFO - chord#: 128 done. best_score=27.0, changed=519, unchanged=516, early_stops=8/8
26 - INFO - chord#: 130 In build_straw_man_chord_sa. tolerance = 1, sa_iterations = 1000, initial_temperature = 3.0, cooling_rate = 0.999
26 - INFO - chord#: 130 done. best_score=67.0, changed=613, unchanged=449, early_stops=8/8
26 - INFO - chord#: 132 In build_straw_man_chord_sa. tolerance = 1, sa_iterations = 1000, initial_temperature = 3.0, cooling_rate = 0.999
26 - INFO - chord#: 130 done. best_score=137.0, changed=613, unchanged=376, early_stops=8/8
26 - INFO - chord#: 132 In build_straw_man_chord_sa. tolerance = 1, sa_iterations = 1000, initial_temperature = 3.0, cooling_rate = 0.999
26 - INFO - chord#: 120 done. best_score=27.0, changed=519, unchanged=433, early_stops=8/8
26 - INFO - chord#: 122 In build_straw_man_chord_sa. tolerance = 1, sa_iterations = 1000, initial_temperature = 3.0, cooling_rate = 0.999
26 - INFO - chord#: 117 done. best_score=168.0, changed=608, unchanged=303, early_stops=8/8
26 - INFO - chord#: 118 In build_straw_man_chord_sa. tolerance = 1, sa_iterations = 1000, initial_temperature = 3.0, cooling_rate = 0.999
26 - INFO - chord#: 132 done. best_score=27.0, changed=525, unchanged=430, early_stops=8/8
26 - INFO - chord#: 134 In build_straw_man_chord_sa. tolerance = 1, sa_iterations = 1000, initial_temperature = 3.0, cooling_rate = 0.999
26 - INFO - chord#: 118 done. best_score=9.0, changed=484, unchanged=368, early_stops=8/8
26 - INFO - chord#: 120 In build_straw_man_chord_sa. tolerance = 1, sa_iterations = 1000, initial_temperature = 3.0, cooling_rate = 0.999
26 - INFO - chord#: 117 done. best_score=150.0, changed=615, unchanged=227, early_stops=8/8
26 - INFO - chord#: 118 In build_straw_man_chord_sa. tolerance = 1, sa_iterations = 1000, initial_temperature = 3.0, cooling_rate = 0.999
26 - INFO - chord#: 142 done. best_score=149.0, changed=614, unchanged=289, early_stops=8/8
26 - INFO - chord#: 144 In build_straw_man_chord_sa. tolerance = 1, sa_iterations = 1000, initial_temperature = 3.0, cooling_rate = 0.999
26 - INFO - chord#: 132 done. best_score=27.0, changed=519, unchanged=480, early_stops=8/8
26 - INFO - chord#: 134 In build_straw_man_chord_sa. tolerance = 1, sa_iterations = 1000, initial_temperature = 3.0, cooling_rate = 0.999
26 - INFO - chord#: 118 done. best_score=9.0, changed=520, unchanged=289, early_stops=8/8
26 - INFO - chord#: 120 In build_straw_man_chord_sa. tolerance = 1, sa_iterations = 1000, initial_temperature = 3.0, cooling_rate = 0.999
26 - INFO - chord#: 134 done. best_score=74.0, changed=611, unchanged=290, early_stops=8/8
26 - INFO - chord#: 136 In build_straw_man_chord_sa. tolerance = 1, sa_iterations = 1000, initial_temperature = 3.0, cooling_rate = 0.999
26 - INFO - chord#: 138 done. best_score=142.0, changed=612, unchanged=345, early_stops=8/8
26 - INFO - chord#: 140 In build_straw_man_chord_sa. tolerance = 1, sa_iterations = 1000, initial_temperature = 3.0, cooling_rate = 0.999
26 - INFO - chord#: 142 done. best_score=96.0, changed=619, unchanged=392, early_stops=8/8
26 - INFO - chord#: 144 In build_straw_man_chord_sa. tolerance = 1, sa_iterations = 1000, initial_temperature = 3.0, cooling_rate = 0.999
26 - INFO - chord#: 144 done. best_score=27.0, changed=516, unchanged=459, early_stops=8/8
26 - INFO - chord#: 146 In build_straw_man_chord_sa. tolerance = 1, sa_iterations = 1000, initial_temperature = 3.0, cooling_rate = 0.999
26 - INFO - chord#: 142 done. best_score=74.0, changed=620, unchanged=417, early_stops=8/8
26 - INFO - chord#: 144 In build_straw_man_chord_sa. tolerance = 1, sa_iterations = 1000, initial_temperature = 3.0, cooling_rate = 0.999
26 - INFO - chord#: 130 done. best_score=137.0, changed=614, unchanged=346, early_stops=8/8
26 - INFO - chord#: 132 In build_straw_man_chord_sa. tolerance = 1, sa_iterations = 1000, initial_temperature = 3.0, cooling_rate = 0.999
26 - INFO - chord#: 122 done. best_score=67.0, changed=610, unchanged=405, early_stops=8/8
26 - INFO - chord#: 124 In build_straw_man_chord_sa. tolerance = 1, sa_iterations = 1000, initial_temperature = 3.0, cooling_rate = 0.999
26 - INFO - chord#: 120 done. best_score=27.0, changed=532, unchanged=506, early_stops=8/8
26 - INFO - chord#: 122 In build_straw_man_chord_sa. tolerance = 1, sa_iterations = 1000, initial_temperature = 3.0, cooling_rate = 0.999
26 - INFO - chord#: 140 done. best_score=27.0, changed=520, unchanged=325, early_stops=8/8
26 - INFO - chord#: 142 In build_straw_man_chord_sa. tolerance = 1, sa_iterations = 1000, initial_temperature = 3.0, cooling_rate = 0.999
26 - INFO - chord#: 136 done. best_score=27.0, changed=523, unchanged=457, early_stops=8/8
26 - INFO - chord#: 138 In build_straw_man_chord_sa. tolerance = 1, sa_iterations = 1000, initial_temperature = 3.0, cooling_rate = 0.999
26 - INFO - chord#: 120 done. best_score=27.0, changed=525, unchanged=497, early_stops=8/8
26 - INFO - chord#: 122 In build_straw_man_chord_sa. tolerance = 1, sa_iterations = 1000, initial_temperature = 3.0, cooling_rate = 0.999
26 - INFO - chord#: 146 done. best_score=27.0, changed=519, unchanged=324, early_stops=8/8
26 - INFO - chord#: 148 In build_straw_man_chord_sa. tolerance = 1, sa_iterations = 1000, initial_temperature = 3.0, cooling_rate = 0.999
26 - INFO - chord#: 144 done. best_score=27.0, changed=517, unchanged=352, early_stops=8/8
26 - INFO - chord#: 146 In build_straw_man_chord_sa. tolerance = 1, sa_iterations = 1000, initial_temperature = 3.0, cooling_rate = 0.999
26 - INFO - chord#: 132 done. best_score=27.0, changed=518, unchanged=406, early_stops=8/8
26 - INFO - chord#: 134 In build_straw_man_chord_sa. tolerance = 1, sa_iterations = 1000, initial_temperature = 3.0, cooling_rate = 0.999
26 - INFO - chord#: 134 done. best_score=137.0, changed=611, unchanged=329, early_stops=8/8
26 - INFO - chord#: 136 In build_straw_man_chord_sa. tolerance = 1, sa_iterations = 1000, initial_temperature = 3.0, cooling_rate = 0.999
26 - INFO - chord#: 122 done. best_score=137.0, changed=609, unchanged=341, early_stops=8/8
26 - INFO - chord#: 124 In build_straw_man_chord_sa. tolerance = 1, sa_iterations = 1000, initial_temperature = 3.0, cooling_rate = 0.999
26 - INFO - chord#: 124 done. best_score=27.0, changed=513, unchanged=358, early_stops=8/8
26 - INFO - chord#: 128 In build_straw_man_chord_sa. tolerance = 1, sa_iterations = 1000, initial_temperature = 3.0, cooling_rate = 0.999
26 - INFO - chord#: 144 done. best_score=27.0, changed=528, unchanged=680, early_stops=8/8
26 - INFO - chord#: 146 In build_straw_man_chord_sa. tolerance = 1, sa_iterations = 1000, initial_temperature = 3.0, cooling_rate = 0.999
26 - INFO - chord#: 134 done. best_score=74.0, changed=608, unchanged=255, early_stops=8/8
26 - INFO - chord#: 136 In build_straw_man_chord_sa. tolerance = 1, sa_iterations = 1000, initial_temperature = 3.0, cooling_rate = 0.999
26 - INFO - chord#: 146 done. best_score=27.0, changed=517, unchanged=326, early_stops=8/8
26 - INFO - chord#: 148 In build_straw_man_chord_sa. tolerance = 1, sa_iterations = 1000, initial_temperature = 3.0, cooling_rate = 0.999
26 - INFO - chord#: 146 done. best_score=27.0, changed=521, unchanged=337, early_stops=8/8
26 - INFO - chord#: 148 In build_straw_man_chord_sa. tolerance = 1, sa_iterations = 1000, initial_temperature = 3.0, cooling_rate = 0.999
26 - INFO - chord#: 136 done. best_score=27.0, changed=528, unchanged=441, early_stops=8/8
26 - INFO - chord#: 138 In build_straw_man_chord_sa. tolerance = 1, sa_iterations = 1000, initial_temperature = 3.0, cooling_rate = 0.999
26 - INFO - chord#: 124 done. best_score=27.0, changed=529, unchanged=403, early_stops=8/8
26 - INFO - chord#: 128 In build_straw_man_chord_sa. tolerance = 1, sa_iterations = 1000, initial_temperature = 3.0, cooling_rate = 0.999
26 - INFO - chord#: 136 done. best_score=27.0, changed=524, unchanged=393, early_stops=8/8
26 - INFO - chord#: 138 In build_straw_man_chord_sa. tolerance = 1, sa_iterations = 1000, initial_temperature = 3.0, cooling_rate = 0.999
26 - INFO - chord#: 128 done. best_score=27.0, changed=523, unchanged=468, early_stops=8/8
26 - INFO - chord#: 130 In build_straw_man_chord_sa. tolerance = 1, sa_iterations = 1000, initial_temperature = 3.0, cooling_rate = 0.999
26 - INFO - chord#: 142 done. best_score=168.0, changed=609, unchanged=223, early_stops=8/8
26 - INFO - chord#: 144 In build_straw_man_chord_sa. tolerance = 1, sa_iterations = 1000, initial_temperature = 3.0, cooling_rate = 0.999
26 - INFO - chord#: 122 done. best_score=67.0, changed=609, unchanged=298, early_stops=8/8
26 - INFO - chord#: 124 In build_straw_man_chord_sa. tolerance = 1, sa_iterations = 1000, initial_temperature = 3.0, cooling_rate = 0.999
26 - INFO - chord#: 148 done. best_score=67.0, changed=615, unchanged=420, early_stops=8/8
26 - INFO - chord#: 150 In build_straw_man_chord_sa. tolerance = 1, sa_iterations = 1000, initial_temperature = 3.0, cooling_rate = 0.999
26 - INFO - chord#: 128 done. best_score=27.0, changed=525, unchanged=523, early_stops=8/8
26 - INFO - chord#: 130 In build_straw_man_chord_sa. tolerance = 1, sa_iterations = 1000, initial_temperature = 3.0, cooling_rate = 0.999
26 - INFO - chord#: 134 done. best_score=74.0, changed=612, unchanged=411, early_stops=8/8
26 - INFO - chord#: 136 In build_straw_man_chord_sa. tolerance = 1, sa_iterations = 1000, initial_temperature = 3.0, cooling_rate = 0.999
26 - INFO - chord#: 138 done. best_score=140.0, changed=619, unchanged=347, early_stops=8/8
26 - INFO - chord#: 140 In build_straw_man_chord_sa. tolerance = 1, sa_iterations = 1000, initial_temperature = 3.0, cooling_rate = 0.999
26 - INFO - chord#: 122 done. best_score=137.0, changed=616, unchanged=397, early_stops=8/8
26 - INFO - chord#: 124 In build_straw_man_chord_sa. tolerance = 1, sa_iterations = 1000, initial_temperature = 3.0, cooling_rate = 0.999
26 - INFO - chord#: 150 done. best_score=35.0, changed=550, unchanged=303, early_stops=8/8
26 - INFO - chord#: 152 In build_straw_man_chord_sa. tolerance = 1, sa_iterations = 1000, initial_temperature = 3.0, cooling_rate = 0.999
26 - INFO - chord#: 144 done. best_score=27.0, changed=515, unchanged=310, early_stops=8/8
26 - INFO - chord#: 146 In build_straw_man_chord_sa. tolerance = 1, sa_iterations = 1000, initial_temperature = 3.0, cooling_rate = 0.999
26 - INFO - chord#: 148 done. best_score=67.0, changed=611, unchanged=281, early_stops=8/8
26 - INFO - chord#: 150 In build_straw_man_chord_sa. tolerance = 1, sa_iterations = 1000, initial_temperature = 3.0, cooling_rate = 0.999
26 - INFO - chord#: 124 done. best_score=27.0, changed=519, unchanged=328, early_stops=8/8
26 - INFO - chord#: 128 In build_straw_man_chord_sa. tolerance = 1, sa_iterations = 1000, initial_temperature = 3.0, cooling_rate = 0.999
26 - INFO - chord#: 138 done. best_score=143.0, changed=615, unchanged=245, early_stops=8/8
26 - INFO - chord#: 140 In build_straw_man_chord_sa. tolerance = 1, sa_iterations = 1000, initial_temperature = 3.0, cooling_rate = 0.999
26 - INFO - chord#: 148 done. best_score=137.0, changed=617, unchanged=436, early_stops=8/8
26 - INFO - chord#: 150 In build_straw_man_chord_sa. tolerance = 1, sa_iterations = 1000, initial_temperature = 3.0, cooling_rate = 0.999
26 - INFO - chord#: 138 done. best_score=140.0, changed=608, unchanged=320, early_stops=8/8
26 - INFO - chord#: 140 In build_straw_man_chord_sa. tolerance = 1, sa_iterations = 1000, initial_temperature = 3.0, cooling_rate = 0.999
26 - INFO - chord#: 136 done. best_score=27.0, changed=515, unchanged=339, early_stops=8/8
26 - INFO - chord#: 138 In build_straw_man_chord_sa. tolerance = 1, sa_iterations = 1000, initial_temperature = 3.0, cooling_rate = 0.999
26 - INFO - chord#: 140 done. best_score=27.0, changed=517, unchanged=338, early_stops=8/8
26 - INFO - chord#: 142 In build_straw_man_chord_sa. tolerance = 1, sa_iterations = 1000, initial_temperature = 3.0, cooling_rate = 0.999
26 - INFO - chord#: 150 done. best_score=35.0, changed=549, unchanged=275, early_stops=8/8
26 - INFO - chord#: 152 In build_straw_man_chord_sa. tolerance = 1, sa_iterations = 1000, initial_temperature = 3.0, cooling_rate = 0.999
26 - INFO - chord#: 124 done. best_score=27.0, changed=521, unchanged=368, early_stops=8/8
26 - INFO - chord#: 128 In build_straw_man_chord_sa. tolerance = 1, sa_iterations = 1000, initial_temperature = 3.0, cooling_rate = 0.999
26 - INFO - chord#: 150 done. best_score=35.0, changed=526, unchanged=288, early_stops=8/8
26 - INFO - chord#: 152 In build_straw_man_chord_sa. tolerance = 1, sa_iterations = 1000, initial_temperature = 3.0, cooling_rate = 0.999
26 - INFO - chord#: 152 done. best_score=27.0, changed=521, unchanged=433, early_stops=8/8
26 - INFO - chord#: 154 In build_straw_man_chord_sa. tolerance = 1, sa_iterations = 1000, initial_temperature = 3.0, cooling_rate = 0.999
26 - INFO - chord#: 146 done. best_score=27.0, changed=523, unchanged=339, early_stops=8/8
26 - INFO - chord#: 148 In build_straw_man_chord_sa. tolerance = 1, sa_iterations = 1000, initial_temperature = 3.0, cooling_rate = 0.999
26 - INFO - chord#: 140 done. best_score=27.0, changed=516, unchanged=352, early_stops=8/8
26 - INFO - chord#: 142 In build_straw_man_chord_sa. tolerance = 1, sa_iterations = 1000, initial_temperature = 3.0, cooling_rate = 0.999
26 - INFO - chord#: 140 done. best_score=27.0, changed=511, unchanged=391, early_stops=8/8
26 - INFO - chord#: 142 In build_straw_man_chord_sa. tolerance = 1, sa_iterations = 1000, initial_temperature = 3.0, cooling_rate = 0.999
26 - INFO - chord#: 130 done. best_score=140.0, changed=614, unchanged=369, early_stops=8/8
26 - INFO - chord#: 132 In build_straw_man_chord_sa. tolerance = 1, sa_iterations = 1000, initial_temperature = 3.0, cooling_rate = 0.999
26 - INFO - chord#: 128 done. best_score=27.0, changed=522, unchanged=474, early_stops=8/8
26 - INFO - chord#: 130 In build_straw_man_chord_sa. tolerance = 1, sa_iterations = 1000, initial_temperature = 3.0, cooling_rate = 0.999
26 - INFO - chord#: 154 done. best_score=27.0, changed=520, unchanged=352, early_stops=8/8
26 - INFO - chord#: 156 In build_straw_man_chord_sa. tolerance = 1, sa_iterations = 1000, initial_temperature = 3.0, cooling_rate = 0.999
26 - INFO - chord#: 152 done. best_score=27.0, changed=523, unchanged=543, early_stops=8/8
26 - INFO - chord#: 154 In build_straw_man_chord_sa. tolerance = 1, sa_iterations = 1000, initial_temperature = 3.0, cooling_rate = 0.999
26 - INFO - chord#: 152 done. best_score=27.0, changed=527, unchanged=498, early_stops=8/8
26 - INFO - chord#: 154 In build_straw_man_chord_sa. tolerance = 1, sa_iterations = 1000, initial_temperature = 3.0, cooling_rate = 0.999
26 - INFO - chord#: 128 done. best_score=27.0, changed=522, unchanged=428, early_stops=8/8
26 - INFO - chord#: 130 In build_straw_man_chord_sa. tolerance = 1, sa_iterations = 1000, initial_temperature = 3.0, cooling_rate = 0.999
26 - INFO - chord#: 132 done. best_score=27.0, changed=522, unchanged=439, early_stops=8/8
26 - INFO - chord#: 134 In build_straw_man_chord_sa. tolerance = 1, sa_iterations = 1000, initial_temperature = 3.0, cooling_rate = 0.999
26 - INFO - chord#: 130 done. best_score=67.0, changed=613, unchanged=443, early_stops=8/8
26 - INFO - chord#: 132 In build_straw_man_chord_sa. tolerance = 1, sa_iterations = 1000, initial_temperature = 3.0, cooling_rate = 0.999
26 - INFO - chord#: 156 done. best_score=27.0, changed=530, unchanged=440, early_stops=8/8
26 - INFO - chord#: 154 done. best_score=27.0, changed=521, unchanged=410, early_stops=8/8
26 - INFO - chord#: 156 In build_straw_man_chord_sa. tolerance = 1, sa_iterations = 1000, initial_temperature = 3.0, cooling_rate = 0.999
26 - INFO - chord#: 138 done. best_score=142.0, changed=616, unchanged=296, early_stops=8/8
26 - INFO - chord#: 140 In build_straw_man_chord_sa. tolerance = 1, sa_iterations = 1000, initial_temperature = 3.0, cooling_rate = 0.999
26 - INFO - chord#: 154 done. best_score=27.0, changed=536, unchanged=492, early_stops=8/8
26 - INFO - chord#: 156 In build_straw_man_chord_sa. tolerance = 1, sa_iterations = 1000, initial_temperature = 3.0, cooling_rate = 0.999
26 - INFO - chord#: 142 done. best_score=150.0, changed=613, unchanged=311, early_stops=8/8
26 - INFO - chord#: 144 In build_straw_man_chord_sa. tolerance = 1, sa_iterations = 1000, initial_temperature = 3.0, cooling_rate = 0.999
26 - INFO - chord#: 148 done. best_score=67.0, changed=613, unchanged=258, early_stops=8/8
26 - INFO - chord#: 150 In build_straw_man_chord_sa. tolerance = 1, sa_iterations = 1000, initial_temperature = 3.0, cooling_rate = 0.999
26 - INFO - chord#: 142 done. best_score=141.0, changed=609, unchanged=313, early_stops=8/8
26 - INFO - chord#: 144 In build_straw_man_chord_sa. tolerance = 1, sa_iterations = 1000, initial_temperature = 3.0, cooling_rate = 0.999
26 - INFO - chord#: 142 done. best_score=74.0, changed=610, unchanged=416, early_stops=8/8
26 - INFO - chord#: 144 In build_straw_man_chord_sa. tolerance = 1, sa_iterations = 1000, initial_temperature = 3.0, cooling_rate = 0.999
26 - INFO - chord#: 156 done. best_score=27.0, changed=522, unchanged=341, early_stops=8/8
26 - INFO - chord#: 140 done. best_score=27.0, changed=523, unchanged=390, early_stops=8/8
26 - INFO - chord#: 142 In build_straw_man_chord_sa. tolerance = 1, sa_iterations = 1000, initial_temperature = 3.0, cooling_rate = 0.999
26 - INFO - chord#: 156 done. best_score=27.0, changed=519, unchanged=314, early_stops=8/8
26 - INFO - chord#: 130 done. best_score=142.0, changed=613, unchanged=323, early_stops=8/8
26 - INFO - chord#: 132 In build_straw_man_chord_sa. tolerance = 1, sa_iterations = 1000, initial_temperature = 3.0, cooling_rate = 0.999
26 - INFO - chord#: 132 done. best_score=27.0, changed=526, unchanged=561, early_stops=8/8
26 - INFO - chord#: 134 In build_straw_man_chord_sa. tolerance = 1, sa_iterations = 1000, initial_temperature = 3.0, cooling_rate = 0.999
26 - INFO - chord#: 150 done. best_score=35.0, changed=523, unchanged=299, early_stops=8/8
26 - INFO - chord#: 152 In build_straw_man_chord_sa. tolerance = 1, sa_iterations = 1000, initial_temperature = 3.0, cooling_rate = 0.999
26 - INFO - chord#: 144 done. best_score=27.0, changed=517, unchanged=430, early_stops=8/8
26 - INFO - chord#: 146 In build_straw_man_chord_sa. tolerance = 1, sa_iterations = 1000, initial_temperature = 3.0, cooling_rate = 0.999
26 - INFO - chord#: 144 done. best_score=27.0, changed=520, unchanged=363, early_stops=8/8
26 - INFO - chord#: 146 In build_straw_man_chord_sa. tolerance = 1, sa_iterations = 1000, initial_temperature = 3.0, cooling_rate = 0.999
26 - INFO - chord#: 144 done. best_score=27.0, changed=525, unchanged=492, early_stops=8/8
26 - INFO - chord#: 146 In build_straw_man_chord_sa. tolerance = 1, sa_iterations = 1000, initial_temperature = 3.0, cooling_rate = 0.999
26 - INFO - chord#: 152 done. best_score=27.0, changed=519, unchanged=391, early_stops=8/8
26 - INFO - chord#: 154 In build_straw_man_chord_sa. tolerance = 1, sa_iterations = 1000, initial_temperature = 3.0, cooling_rate = 0.999
26 - INFO - chord#: 130 done. best_score=112.0, changed=617, unchanged=508, early_stops=8/8
26 - INFO - chord#: 132 In build_straw_man_chord_sa. tolerance = 1, sa_iterations = 1000, initial_temperature = 3.0, cooling_rate = 0.999
26 - INFO - chord#: 132 done. best_score=27.0, changed=526, unchanged=434, early_stops=8/8
26 - INFO - chord#: 134 In build_straw_man_chord_sa. tolerance = 1, sa_iterations = 1000, initial_temperature = 3.0, cooling_rate = 0.999
26 - INFO - chord#: 134 done. best_score=148.0, changed=615, unchanged=338, early_stops=8/8
26 - INFO - chord#: 136 In build_straw_man_chord_sa. tolerance = 1, sa_iterations = 1000, initial_temperature = 3.0, cooling_rate = 0.999
26 - INFO - chord#: 146 done. best_score=27.0, changed=531, unchanged=392, early_stops=8/8
26 - INFO - chord#: 148 In build_straw_man_chord_sa. tolerance = 1, sa_iterations = 1000, initial_temperature = 3.0, cooling_rate = 0.999
26 - INFO - chord#: 146 done. best_score=27.0, changed=525, unchanged=370, early_stops=8/8
26 - INFO - chord#: 148 In build_straw_man_chord_sa. tolerance = 1, sa_iterations = 1000, initial_temperature = 3.0, cooling_rate = 0.999
26 - INFO - chord#: 146 done. best_score=27.0, changed=528, unchanged=415, early_stops=8/8
26 - INFO - chord#: 148 In build_straw_man_chord_sa. tolerance = 1, sa_iterations = 1000, initial_temperature = 3.0, cooling_rate = 0.999
26 - INFO - chord#: 142 done. best_score=74.0, changed=613, unchanged=354, early_stops=8/8
26 - INFO - chord#: 144 In build_straw_man_chord_sa. tolerance = 1, sa_iterations = 1000, initial_temperature = 3.0, cooling_rate = 0.999
26 - INFO - chord#: 154 done. best_score=27.0, changed=520, unchanged=367, early_stops=8/8
26 - INFO - chord#: 156 In build_straw_man_chord_sa. tolerance = 1, sa_iterations = 1000, initial_temperature = 3.0, cooling_rate = 0.999
26 - INFO - chord#: 132 done. best_score=27.0, changed=526, unchanged=524, early_stops=8/8
26 - INFO - chord#: 134 In build_straw_man_chord_sa. tolerance = 1, sa_iterations = 1000, initial_temperature = 3.0, cooling_rate = 0.999
26 - INFO - chord#: 136 done. best_score=27.0, changed=529, unchanged=598, early_stops=8/8
26 - INFO - chord#: 138 In build_straw_man_chord_sa. tolerance = 1, sa_iterations = 1000, initial_temperature = 3.0, cooling_rate = 0.999
26 - INFO - chord#: 144 done. best_score=27.0, changed=524, unchanged=375, early_stops=8/8
26 - INFO - chord#: 146 In build_straw_man_chord_sa. tolerance = 1, sa_iterations = 1000, initial_temperature = 3.0, cooling_rate = 0.999
26 - INFO - chord#: 156 done. best_score=27.0, changed=528, unchanged=479, early_stops=8/8
26 - INFO - chord#: 134 done. best_score=96.0, changed=610, unchanged=324, early_stops=8/8
26 - INFO - chord#: 136 In build_straw_man_chord_sa. tolerance = 1, sa_iterations = 1000, initial_temperature = 3.0, cooling_rate = 0.999
26 - INFO - chord#: 148 done. best_score=155.0, changed=610, unchanged=299, early_stops=8/8
26 - INFO - chord#: 150 In build_straw_man_chord_sa. tolerance = 1, sa_iterations = 1000, initial_temperature = 3.0, cooling_rate = 0.999
26 - INFO - chord#: 148 done. best_score=131.0, changed=612, unchanged=226, early_stops=8/8
26 - INFO - chord#: 150 In build_straw_man_chord_sa. tolerance = 1, sa_iterations = 1000, initial_temperature = 3.0, cooling_rate = 0.999
26 - INFO - chord#: 146 done. best_score=27.0, changed=520, unchanged=345, early_stops=8/8
26 - INFO - chord#: 148 In build_straw_man_chord_sa. tolerance = 1, sa_iterations = 1000, initial_temperature = 3.0, cooling_rate = 0.999
26 - INFO - chord#: 134 done. best_score=137.0, changed=608, unchanged=222, early_stops=8/8
26 - INFO - chord#: 136 In build_straw_man_chord_sa. tolerance = 1, sa_iterations = 1000, initial_temperature = 3.0, cooling_rate = 0.999
26 - INFO - chord#: 150 done. best_score=35.0, changed=524, unchanged=307, early_stops=8/8
26 - INFO - chord#: 152 In build_straw_man_chord_sa. tolerance = 1, sa_iterations = 1000, initial_temperature = 3.0, cooling_rate = 0.999
26 - INFO - chord#: 150 done. best_score=37.0, changed=533, unchanged=290, early_stops=8/8
26 - INFO - chord#: 152 In build_straw_man_chord_sa. tolerance = 1, sa_iterations = 1000, initial_temperature = 3.0, cooling_rate = 0.999
26 - INFO - chord#: 134 done. best_score=74.0, changed=615, unchanged=357, early_stops=8/8
26 - INFO - chord#: 136 In build_straw_man_chord_sa. tolerance = 1, sa_iterations = 1000, initial_temperature = 3.0, cooling_rate = 0.999
26 - INFO - chord#: 148 done. best_score=67.0, changed=609, unchanged=398, early_stops=8/8
26 - INFO - chord#: 150 In build_straw_man_chord_sa. tolerance = 1, sa_iterations = 1000, initial_temperature = 3.0, cooling_rate = 0.999
26 - INFO - chord#: 136 done. best_score=27.0, changed=515, unchanged=363, early_stops=8/8
26 - INFO - chord#: 138 In build_straw_man_chord_sa. tolerance = 1, sa_iterations = 1000, initial_temperature = 3.0, cooling_rate = 0.999
26 - INFO - chord#: 138 done. best_score=140.0, changed=615, unchanged=234, early_stops=8/8
26 - INFO - chord#: 140 In build_straw_man_chord_sa. tolerance = 1, sa_iterations = 1000, initial_temperature = 3.0, cooling_rate = 0.999
26 - INFO - chord#: 150 done. best_score=35.0, changed=531, unchanged=336, early_stops=8/8
26 - INFO - chord#: 152 In build_straw_man_chord_sa. tolerance = 1, sa_iterations = 1000, initial_temperature = 3.0, cooling_rate = 0.999
26 - INFO - chord#: 136 done. best_score=27.0, changed=522, unchanged=497, early_stops=8/8
26 - INFO - chord#: 138 In build_straw_man_chord_sa. tolerance = 1, sa_iterations = 1000, initial_temperature = 3.0, cooling_rate = 0.999
26 - INFO - chord#: 152 done. best_score=27.0, changed=526, unchanged=441, early_stops=8/8
26 - INFO - chord#: 154 In build_straw_man_chord_sa. tolerance = 1, sa_iterations = 1000, initial_temperature = 3.0, cooling_rate = 0.999
26 - INFO - chord#: 152 done. best_score=27.0, changed=522, unchanged=508, early_stops=8/8
26 - INFO - chord#: 154 In build_straw_man_chord_sa. tolerance = 1, sa_iterations = 1000, initial_temperature = 3.0, cooling_rate = 0.999
26 - INFO - chord#: 140 done. best_score=27.0, changed=533, unchanged=458, early_stops=8/8
26 - INFO - chord#: 142 In build_straw_man_chord_sa. tolerance = 1, sa_iterations = 1000, initial_temperature = 3.0, cooling_rate = 0.999
26 - INFO - chord#: 136 done. best_score=27.0, changed=523, unchanged=420, early_stops=8/8
26 - INFO - chord#: 138 In build_straw_man_chord_sa. tolerance = 1, sa_iterations = 1000, initial_temperature = 3.0, cooling_rate = 0.999
26 - INFO - chord#: 148 done. best_score=78.0, changed=607, unchanged=226, early_stops=8/8
26 - INFO - chord#: 150 In build_straw_man_chord_sa. tolerance = 1, sa_iterations = 1000, initial_temperature = 3.0, cooling_rate = 0.999
26 - INFO - chord#: 154 done. best_score=27.0, changed=519, unchanged=305, early_stops=8/8
26 - INFO - chord#: 156 In build_straw_man_chord_sa. tolerance = 1, sa_iterations = 1000, initial_temperature = 3.0, cooling_rate = 0.999
26 - INFO - chord#: 152 done. best_score=27.0, changed=518, unchanged=396, early_stops=8/8
26 - INFO - chord#: 154 In build_straw_man_chord_sa. tolerance = 1, sa_iterations = 1000, initial_temperature = 3.0, cooling_rate = 0.999
26 - INFO - chord#: 154 done. best_score=27.0, changed=523, unchanged=386, early_stops=8/8
26 - INFO - chord#: 156 In build_straw_man_chord_sa. tolerance = 1, sa_iterations = 1000, initial_temperature = 3.0, cooling_rate = 0.999
26 - INFO - chord#: 150 done. best_score=37.0, changed=527, unchanged=419, early_stops=8/8
26 - INFO - chord#: 152 In build_straw_man_chord_sa. tolerance = 1, sa_iterations = 1000, initial_temperature = 3.0, cooling_rate = 0.999
26 - INFO - chord#: 154 done. best_score=27.0, changed=518, unchanged=300, early_stops=8/8
26 - INFO - chord#: 156 In build_straw_man_chord_sa. tolerance = 1, sa_iterations = 1000, initial_temperature = 3.0, cooling_rate = 0.999
26 - INFO - chord#: 156 done. best_score=27.0, changed=524, unchanged=463, early_stops=8/8
26 - INFO - chord#: 156 done. best_score=27.0, changed=519, unchanged=370, early_stops=8/8
26 - INFO - chord#: 138 done. best_score=145.0, changed=610, unchanged=308, early_stops=8/8
26 - INFO - chord#: 140 In build_straw_man_chord_sa. tolerance = 1, sa_iterations = 1000, initial_temperature = 3.0, cooling_rate = 0.999
26 - INFO - chord#: 138 done. best_score=142.0, changed=611, unchanged=218, early_stops=8/8
26 - INFO - chord#: 140 In build_straw_man_chord_sa. tolerance = 1, sa_iterations = 1000, initial_temperature = 3.0, cooling_rate = 0.999
26 - INFO - chord#: 142 done. best_score=121.0, changed=608, unchanged=263, early_stops=8/8
26 - INFO - chord#: 144 In build_straw_man_chord_sa. tolerance = 1, sa_iterations = 1000, initial_temperature = 3.0, cooling_rate = 0.999
26 - INFO - chord#: 152 done. best_score=27.0, changed=518, unchanged=444, early_stops=8/8
26 - INFO - chord#: 154 In build_straw_man_chord_sa. tolerance = 1, sa_iterations = 1000, initial_temperature = 3.0, cooling_rate = 0.999
26 - INFO - chord#: 156 done. best_score=27.0, changed=522, unchanged=373, early_stops=8/8
26 - INFO - chord#: 138 done. best_score=140.0, changed=613, unchanged=316, early_stops=8/8
26 - INFO - chord#: 140 In build_straw_man_chord_sa. tolerance = 1, sa_iterations = 1000, initial_temperature = 3.0, cooling_rate = 0.999
26 - INFO - chord#: 140 done. best_score=27.0, changed=526, unchanged=457, early_stops=8/8
26 - INFO - chord#: 142 In build_straw_man_chord_sa. tolerance = 1, sa_iterations = 1000, initial_temperature = 3.0, cooling_rate = 0.999
26 - INFO - chord#: 140 done. best_score=27.0, changed=527, unchanged=487, early_stops=8/8
26 - INFO - chord#: 142 In build_straw_man_chord_sa. tolerance = 1, sa_iterations = 1000, initial_temperature = 3.0, cooling_rate = 0.999
26 - INFO - chord#: 144 done. best_score=27.0, changed=516, unchanged=329, early_stops=8/8
26 - INFO - chord#: 146 In build_straw_man_chord_sa. tolerance = 1, sa_iterations = 1000, initial_temperature = 3.0, cooling_rate = 0.999
26 - INFO - chord#: 154 done. best_score=27.0, changed=522, unchanged=355, early_stops=8/8
26 - INFO - chord#: 156 In build_straw_man_chord_sa. tolerance = 1, sa_iterations = 1000, initial_temperature = 3.0, cooling_rate = 0.999
26 - INFO - chord#: 140 done. best_score=27.0, changed=524, unchanged=386, early_stops=8/8
26 - INFO - chord#: 142 In build_straw_man_chord_sa. tolerance = 1, sa_iterations = 1000, initial_temperature = 3.0, cooling_rate = 0.999
26 - INFO - chord#: 146 done. best_score=27.0, changed=519, unchanged=349, early_stops=8/8
26 - INFO - chord#: 148 In build_straw_man_chord_sa. tolerance = 1, sa_iterations = 1000, initial_temperature = 3.0, cooling_rate = 0.999
26 - INFO - chord#: 156 done. best_score=27.0, changed=529, unchanged=410, early_stops=8/8
26 - INFO - chord#: 142 done. best_score=74.0, changed=608, unchanged=247, early_stops=8/8
26 - INFO - chord#: 144 In build_straw_man_chord_sa. tolerance = 1, sa_iterations = 1000, initial_temperature = 3.0, cooling_rate = 0.999
26 - INFO - chord#: 142 done. best_score=167.0, changed=619, unchanged=473, early_stops=8/8
26 - INFO - chord#: 144 In build_straw_man_chord_sa. tolerance = 1, sa_iterations = 1000, initial_temperature = 3.0, cooling_rate = 0.999
26 - INFO - chord#: 148 done. best_score=119.0, changed=607, unchanged=267, early_stops=8/8
26 - INFO - chord#: 150 In build_straw_man_chord_sa. tolerance = 1, sa_iterations = 1000, initial_temperature = 3.0, cooling_rate = 0.999
26 - INFO - chord#: 144 done. best_score=27.0, changed=523, unchanged=537, early_stops=8/8
26 - INFO - chord#: 146 In build_straw_man_chord_sa. tolerance = 1, sa_iterations = 1000, initial_temperature = 3.0, cooling_rate = 0.999
26 - INFO - chord#: 142 done. best_score=104.0, changed=612, unchanged=298, early_stops=8/8
26 - INFO - chord#: 144 In build_straw_man_chord_sa. tolerance = 1, sa_iterations = 1000, initial_temperature = 3.0, cooling_rate = 0.999
26 - INFO - chord#: 144 done. best_score=27.0, changed=511, unchanged=300, early_stops=8/8
26 - INFO - chord#: 146 In build_straw_man_chord_sa. tolerance = 1, sa_iterations = 1000, initial_temperature = 3.0, cooling_rate = 0.999
26 - INFO - chord#: 146 done. best_score=27.0, changed=519, unchanged=415, early_stops=8/8
26 - INFO - chord#: 148 In build_straw_man_chord_sa. tolerance = 1, sa_iterations = 1000, initial_temperature = 3.0, cooling_rate = 0.999
26 - INFO - chord#: 144 done. best_score=27.0, changed=522, unchanged=547, early_stops=8/8
26 - INFO - chord#: 146 In build_straw_man_chord_sa. tolerance = 1, sa_iterations = 1000, initial_temperature = 3.0, cooling_rate = 0.999
26 - INFO - chord#: 150 done. best_score=37.0, changed=524, unchanged=378, early_stops=8/8
26 - INFO - chord#: 152 In build_straw_man_chord_sa. tolerance = 1, sa_iterations = 1000, initial_temperature = 3.0, cooling_rate = 0.999
26 - INFO - chord#: 146 done. best_score=27.0, changed=525, unchanged=384, early_stops=8/8
26 - INFO - chord#: 148 In build_straw_man_chord_sa. tolerance = 1, sa_iterations = 1000, initial_temperature = 3.0, cooling_rate = 0.999
26 - INFO - chord#: 146 done. best_score=27.0, changed=528, unchanged=451, early_stops=8/8
26 - INFO - chord#: 148 In build_straw_man_chord_sa. tolerance = 1, sa_iterations = 1000, initial_temperature = 3.0, cooling_rate = 0.999
26 - INFO - chord#: 152 done. best_score=27.0, changed=515, unchanged=427, early_stops=8/8
26 - INFO - chord#: 154 In build_straw_man_chord_sa. tolerance = 1, sa_iterations = 1000, initial_temperature = 3.0, cooling_rate = 0.999
26 - INFO - chord#: 148 done. best_score=142.0, changed=608, unchanged=232, early_stops=8/8
26 - INFO - chord#: 150 In build_straw_man_chord_sa. tolerance = 1, sa_iterations = 1000, initial_temperature = 3.0, cooling_rate = 0.999
26 - INFO - chord#: 154 done. best_score=27.0, changed=521, unchanged=463, early_stops=8/8
26 - INFO - chord#: 156 In build_straw_man_chord_sa. tolerance = 1, sa_iterations = 1000, initial_temperature = 3.0, cooling_rate = 0.999
26 - INFO - chord#: 150 done. best_score=70.0, changed=523, unchanged=359, early_stops=8/8
26 - INFO - chord#: 152 In build_straw_man_chord_sa. tolerance = 1, sa_iterations = 1000, initial_temperature = 3.0, cooling_rate = 0.999
26 - INFO - chord#: 156 done. best_score=27.0, changed=534, unchanged=340, early_stops=8/8
26 - INFO - chord#: 148 done. best_score=78.0, changed=606, unchanged=289, early_stops=8/8
26 - INFO - chord#: 150 In build_straw_man_chord_sa. tolerance = 1, sa_iterations = 1000, initial_temperature = 3.0, cooling_rate = 0.999
26 - INFO - chord#: 148 done. best_score=142.0, changed=609, unchanged=279, early_stops=8/8
26 - INFO - chord#: 150 In build_straw_man_chord_sa. tolerance = 1, sa_iterations = 1000, initial_temperature = 3.0, cooling_rate = 0.999
26 - INFO - chord#: 152 done. best_score=27.0, changed=517, unchanged=490, early_stops=8/8
26 - INFO - chord#: 154 In build_straw_man_chord_sa. tolerance = 1, sa_iterations = 1000, initial_temperature = 3.0, cooling_rate = 0.999
26 - INFO - chord#: 150 done. best_score=56.0, changed=518, unchanged=295, early_stops=8/8
26 - INFO - chord#: 152 In build_straw_man_chord_sa. tolerance = 1, sa_iterations = 1000, initial_temperature = 3.0, cooling_rate = 0.999
26 - INFO - chord#: 150 done. best_score=37.0, changed=532, unchanged=438, early_stops=8/8
26 - INFO - chord#: 152 In build_straw_man_chord_sa. tolerance = 1, sa_iterations = 1000, initial_temperature = 3.0, cooling_rate = 0.999
26 - INFO - chord#: 154 done. best_score=27.0, changed=523, unchanged=443, early_stops=8/8
26 - INFO - chord#: 156 In build_straw_man_chord_sa. tolerance = 1, sa_iterations = 1000, initial_temperature = 3.0, cooling_rate = 0.999
26 - INFO - chord#: 152 done. best_score=27.0, changed=529, unchanged=522, early_stops=8/8
26 - INFO - chord#: 154 In build_straw_man_chord_sa. tolerance = 1, sa_iterations = 1000, initial_temperature = 3.0, cooling_rate = 0.999
26 - INFO - chord#: 152 done. best_score=27.0, changed=522, unchanged=457, early_stops=8/8
26 - INFO - chord#: 154 In build_straw_man_chord_sa. tolerance = 1, sa_iterations = 1000, initial_temperature = 3.0, cooling_rate = 0.999
26 - INFO - chord#: 156 done. best_score=27.0, changed=524, unchanged=412, early_stops=8/8
26 - INFO - chord#: 154 done. best_score=27.0, changed=525, unchanged=412, early_stops=8/8
26 - INFO - chord#: 156 In build_straw_man_chord_sa. tolerance = 1, sa_iterations = 1000, initial_temperature = 3.0, cooling_rate = 0.999
26 - INFO - chord#: 154 done. best_score=27.0, changed=519, unchanged=354, early_stops=8/8
26 - INFO - chord#: 156 In build_straw_man_chord_sa. tolerance = 1, sa_iterations = 1000, initial_temperature = 3.0, cooling_rate = 0.999
26 - INFO - chord#: 156 done. best_score=27.0, changed=524, unchanged=366, early_stops=8/8
26 - INFO - chord#: 156 done. best_score=27.0, changed=517, unchanged=360, early_stops=8/8
26 - INFO - chord#: 0 In build_straw_man_chord_sa. tolerance = 1, sa_iterations = 1000, initial_temperature = 3.0, cooling_rate = 0.999
26 - INFO - chord#: 0 In build_straw_man_chord_sa. tolerance = 1, sa_iterations = 1000, initial_temperature = 3.0, cooling_rate = 0.999
26 - INFO - chord#: 0 In build_straw_man_chord_sa. tolerance = 1, sa_iterations = 1000, initial_temperature = 3.0, cooling_rate = 0.999
26 - INFO - chord#: 0 In build_straw_man_chord_sa. tolerance = 1, sa_iterations = 1000, initial_temperature = 3.0, cooling_rate = 0.999
26 - INFO - chord#: 0 In build_straw_man_chord_sa. tolerance = 1, sa_iterations = 1000, initial_temperature = 3.0, cooling_rate = 0.999
26 - INFO - chord#: 0 In build_straw_man_chord_sa. tolerance = 1, sa_iterations = 1000, initial_temperature = 3.0, cooling_rate = 0.999
26 - INFO - chord#: 0 In build_straw_man_chord_sa. tolerance = 1, sa_iterations = 1000, initial_temperature = 3.0, cooling_rate = 0.999
26 - INFO - chord#: 0 In build_straw_man_chord_sa. tolerance = 1, sa_iterations = 1000, initial_temperature = 3.0, cooling_rate = 0.999
26 - INFO - chord#: 0 In build_straw_man_chord_sa. tolerance = 1, sa_iterations = 1000, initial_temperature = 3.0, cooling_rate = 0.999
26 - INFO - chord#: 0 In build_straw_man_chord_sa. tolerance = 1, sa_iterations = 1000, initial_temperature = 3.0, cooling_rate = 0.999
26 - INFO - chord#: 0 In build_straw_man_chord_sa. tolerance = 1, sa_iterations = 1000, initial_temperature = 3.0, cooling_rate = 0.999
26 - INFO - chord#: 0 In build_straw_man_chord_sa. tolerance = 1, sa_iterations = 1000, initial_temperature = 3.0, cooling_rate = 0.999
26 - INFO - chord#: 0 done. best_score=27.0, changed=516, unchanged=372, early_stops=8/8
26 - INFO - chord#: 2 In build_straw_man_chord_sa. tolerance = 1, sa_iterations = 1000, initial_temperature = 3.0, cooling_rate = 0.999
26 - INFO - chord#: 0 done. best_score=27.0, changed=526, unchanged=450, early_stops=8/8
26 - INFO - chord#: 2 In build_straw_man_chord_sa. tolerance = 1, sa_iterations = 1000, initial_temperature = 3.0, cooling_rate = 0.999
26 - INFO - chord#: 0 done. best_score=27.0, changed=522, unchanged=459, early_stops=8/8
26 - INFO - chord#: 2 In build_straw_man_chord_sa. tolerance = 1, sa_iterations = 1000, initial_temperature = 3.0, cooling_rate = 0.999
26 - INFO - chord#: 0 done. best_score=27.0, changed=513, unchanged=420, early_stops=8/8
26 - INFO - chord#: 2 In build_straw_man_chord_sa. tolerance = 1, sa_iterations = 1000, initial_temperature = 3.0, cooling_rate = 0.999
26 - INFO - chord#: 0 done. best_score=27.0, changed=523, unchanged=534, early_stops=8/8
26 - INFO - chord#: 2 In build_straw_man_chord_sa. tolerance = 1, sa_iterations = 1000, initial_temperature = 3.0, cooling_rate = 0.999
26 - INFO - chord#: 0 done. best_score=27.0, changed=522, unchanged=549, early_stops=8/8
26 - INFO - chord#: 2 In build_straw_man_chord_sa. tolerance = 1, sa_iterations = 1000, initial_temperature = 3.0, cooling_rate = 0.999
26 - INFO - chord#: 0 done. best_score=27.0, changed=526, unchanged=400, early_stops=8/8
26 - INFO - chord#: 2 In build_straw_man_chord_sa. tolerance = 1, sa_iterations = 1000, initial_temperature = 3.0, cooling_rate = 0.999
26 - INFO - chord#: 0 done. best_score=27.0, changed=527, unchanged=424, early_stops=8/8
26 - INFO - chord#: 2 In build_straw_man_chord_sa. tolerance = 1, sa_iterations = 1000, initial_temperature = 3.0, cooling_rate = 0.999
26 - INFO - chord#: 0 done. best_score=27.0, changed=526, unchanged=405, early_stops=8/8
26 - INFO - chord#: 2 In build_straw_man_chord_sa. tolerance = 1, sa_iterations = 1000, initial_temperature = 3.0, cooling_rate = 0.999
26 - INFO - chord#: 0 done. best_score=27.0, changed=523, unchanged=409, early_stops=8/8
26 - INFO - chord#: 2 In build_straw_man_chord_sa. tolerance = 1, sa_iterations = 1000, initial_temperature = 3.0, cooling_rate = 0.999
26 - INFO - chord#: 0 done. best_score=27.0, changed=526, unchanged=456, early_stops=8/8
26 - INFO - chord#: 2 In build_straw_man_chord_sa. tolerance = 1, sa_iterations = 1000, initial_temperature = 3.0, cooling_rate = 0.999
26 - INFO - chord#: 0 done. best_score=27.0, changed=526, unchanged=442, early_stops=8/8
26 - INFO - chord#: 2 In build_straw_man_chord_sa. tolerance = 1, sa_iterations = 1000, initial_temperature = 3.0, cooling_rate = 0.999
26 - INFO - chord#: 2 done. best_score=27.0, changed=518, unchanged=467, early_stops=8/8
26 - INFO - chord#: 4 In build_straw_man_chord_sa. tolerance = 1, sa_iterations = 1000, initial_temperature = 3.0, cooling_rate = 0.999
26 - INFO - chord#: 2 done. best_score=27.0, changed=519, unchanged=370, early_stops=8/8
26 - INFO - chord#: 4 In build_straw_man_chord_sa. tolerance = 1, sa_iterations = 1000, initial_temperature = 3.0, cooling_rate = 0.999
26 - INFO - chord#: 2 done. best_score=27.0, changed=522, unchanged=462, early_stops=8/8
26 - INFO - chord#: 4 In build_straw_man_chord_sa. tolerance = 1, sa_iterations = 1000, initial_temperature = 3.0, cooling_rate = 0.999
26 - INFO - chord#: 2 done. best_score=27.0, changed=530, unchanged=398, early_stops=8/8
26 - INFO - chord#: 4 In build_straw_man_chord_sa. tolerance = 1, sa_iterations = 1000, initial_temperature = 3.0, cooling_rate = 0.999
26 - INFO - chord#: 2 done. best_score=27.0, changed=519, unchanged=361, early_stops=8/8
26 - INFO - chord#: 4 In build_straw_man_chord_sa. tolerance = 1, sa_iterations = 1000, initial_temperature = 3.0, cooling_rate = 0.999
26 - INFO - chord#: 2 done. best_score=27.0, changed=522, unchanged=452, early_stops=8/8
26 - INFO - chord#: 4 In build_straw_man_chord_sa. tolerance = 1, sa_iterations = 1000, initial_temperature = 3.0, cooling_rate = 0.999
26 - INFO - chord#: 2 done. best_score=27.0, changed=516, unchanged=327, early_stops=8/8
26 - INFO - chord#: 4 In build_straw_man_chord_sa. tolerance = 1, sa_iterations = 1000, initial_temperature = 3.0, cooling_rate = 0.999
26 - INFO - chord#: 2 done. best_score=27.0, changed=523, unchanged=311, early_stops=8/8
26 - INFO - chord#: 4 In build_straw_man_chord_sa. tolerance = 1, sa_iterations = 1000, initial_temperature = 3.0, cooling_rate = 0.999
26 - INFO - chord#: 2 done. best_score=27.0, changed=515, unchanged=381, early_stops=8/8
26 - INFO - chord#: 4 In build_straw_man_chord_sa. tolerance = 1, sa_iterations = 1000, initial_temperature = 3.0, cooling_rate = 0.999
26 - INFO - chord#: 2 done. best_score=27.0, changed=526, unchanged=445, early_stops=8/8
26 - INFO - chord#: 4 In build_straw_man_chord_sa. tolerance = 1, sa_iterations = 1000, initial_temperature = 3.0, cooling_rate = 0.999
26 - INFO - chord#: 2 done. best_score=27.0, changed=525, unchanged=396, early_stops=8/8
26 - INFO - chord#: 4 In build_straw_man_chord_sa. tolerance = 1, sa_iterations = 1000, initial_temperature = 3.0, cooling_rate = 0.999
26 - INFO - chord#: 2 done. best_score=27.0, changed=524, unchanged=532, early_stops=8/8
26 - INFO - chord#: 4 In build_straw_man_chord_sa. tolerance = 1, sa_iterations = 1000, initial_temperature = 3.0, cooling_rate = 0.999
26 - INFO - chord#: 4 done. best_score=27.0, changed=520, unchanged=377, early_stops=8/8
26 - INFO - chord#: 8 In build_straw_man_chord_sa. tolerance = 1, sa_iterations = 1000, initial_temperature = 3.0, cooling_rate = 0.999
26 - INFO - chord#: 4 done. best_score=27.0, changed=520, unchanged=366, early_stops=8/8
26 - INFO - chord#: 8 In build_straw_man_chord_sa. tolerance = 1, sa_iterations = 1000, initial_temperature = 3.0, cooling_rate = 0.999
26 - INFO - chord#: 4 done. best_score=27.0, changed=524, unchanged=525, early_stops=8/8
26 - INFO - chord#: 8 In build_straw_man_chord_sa. tolerance = 1, sa_iterations = 1000, initial_temperature = 3.0, cooling_rate = 0.999
26 - INFO - chord#: 4 done. best_score=27.0, changed=524, unchanged=441, early_stops=8/8
26 - INFO - chord#: 8 In build_straw_man_chord_sa. tolerance = 1, sa_iterations = 1000, initial_temperature = 3.0, cooling_rate = 0.999
26 - INFO - chord#: 4 done. best_score=27.0, changed=533, unchanged=493, early_stops=8/8
26 - INFO - chord#: 8 In build_straw_man_chord_sa. tolerance = 1, sa_iterations = 1000, initial_temperature = 3.0, cooling_rate = 0.999
26 - INFO - chord#: 4 done. best_score=27.0, changed=527, unchanged=440, early_stops=8/8
26 - INFO - chord#: 8 In build_straw_man_chord_sa. tolerance = 1, sa_iterations = 1000, initial_temperature = 3.0, cooling_rate = 0.999
26 - INFO - chord#: 4 done. best_score=27.0, changed=521, unchanged=423, early_stops=8/8
26 - INFO - chord#: 8 In build_straw_man_chord_sa. tolerance = 1, sa_iterations = 1000, initial_temperature = 3.0, cooling_rate = 0.999
26 - INFO - chord#: 4 done. best_score=27.0, changed=517, unchanged=373, early_stops=8/8
26 - INFO - chord#: 8 In build_straw_man_chord_sa. tolerance = 1, sa_iterations = 1000, initial_temperature = 3.0, cooling_rate = 0.999
26 - INFO - chord#: 4 done. best_score=27.0, changed=519, unchanged=364, early_stops=8/8
26 - INFO - chord#: 8 In build_straw_man_chord_sa. tolerance = 1, sa_iterations = 1000, initial_temperature = 3.0, cooling_rate = 0.999
26 - INFO - chord#: 4 done. best_score=27.0, changed=525, unchanged=586, early_stops=8/8
26 - INFO - chord#: 8 In build_straw_man_chord_sa. tolerance = 1, sa_iterations = 1000, initial_temperature = 3.0, cooling_rate = 0.999
26 - INFO - chord#: 4 done. best_score=27.0, changed=528, unchanged=455, early_stops=8/8
26 - INFO - chord#: 8 In build_straw_man_chord_sa. tolerance = 1, sa_iterations = 1000, initial_temperature = 3.0, cooling_rate = 0.999
26 - INFO - chord#: 8 done. best_score=27.0, changed=514, unchanged=348, early_stops=8/8
26 - INFO - chord#: 10 In build_straw_man_chord_sa. tolerance = 1, sa_iterations = 1000, initial_temperature = 3.0, cooling_rate = 0.999
26 - INFO - chord#: 4 done. best_score=27.0, changed=518, unchanged=466, early_stops=8/8
26 - INFO - chord#: 8 In build_straw_man_chord_sa. tolerance = 1, sa_iterations = 1000, initial_temperature = 3.0, cooling_rate = 0.999
26 - INFO - chord#: 8 done. best_score=27.0, changed=522, unchanged=370, early_stops=8/8
26 - INFO - chord#: 10 In build_straw_man_chord_sa. tolerance = 1, sa_iterations = 1000, initial_temperature = 3.0, cooling_rate = 0.999
26 - INFO - chord#: 8 done. best_score=27.0, changed=521, unchanged=414, early_stops=8/8
26 - INFO - chord#: 10 In build_straw_man_chord_sa. tolerance = 1, sa_iterations = 1000, initial_temperature = 3.0, cooling_rate = 0.999
26 - INFO - chord#: 8 done. best_score=27.0, changed=515, unchanged=361, early_stops=8/8
26 - INFO - chord#: 10 In build_straw_man_chord_sa. tolerance = 1, sa_iterations = 1000, initial_temperature = 3.0, cooling_rate = 0.999
26 - INFO - chord#: 8 done. best_score=27.0, changed=530, unchanged=514, early_stops=8/8
26 - INFO - chord#: 10 In build_straw_man_chord_sa. tolerance = 1, sa_iterations = 1000, initial_temperature = 3.0, cooling_rate = 0.999
26 - INFO - chord#: 8 done. best_score=27.0, changed=519, unchanged=477, early_stops=8/8
26 - INFO - chord#: 10 In build_straw_man_chord_sa. tolerance = 1, sa_iterations = 1000, initial_temperature = 3.0, cooling_rate = 0.999
26 - INFO - chord#: 8 done. best_score=27.0, changed=520, unchanged=402, early_stops=8/8
26 - INFO - chord#: 10 In build_straw_man_chord_sa. tolerance = 1, sa_iterations = 1000, initial_temperature = 3.0, cooling_rate = 0.999
26 - INFO - chord#: 8 done. best_score=27.0, changed=522, unchanged=326, early_stops=8/8
26 - INFO - chord#: 10 In build_straw_man_chord_sa. tolerance = 1, sa_iterations = 1000, initial_temperature = 3.0, cooling_rate = 0.999
26 - INFO - chord#: 10 done. best_score=48.0, changed=523, unchanged=346, early_stops=8/8
26 - INFO - chord#: 12 In build_straw_man_chord_sa. tolerance = 1, sa_iterations = 1000, initial_temperature = 3.0, cooling_rate = 0.999
26 - INFO - chord#: 8 done. best_score=27.0, changed=517, unchanged=359, early_stops=8/8
26 - INFO - chord#: 10 In build_straw_man_chord_sa. tolerance = 1, sa_iterations = 1000, initial_temperature = 3.0, cooling_rate = 0.999
26 - INFO - chord#: 10 done. best_score=48.0, changed=532, unchanged=374, early_stops=8/8
26 - INFO - chord#: 12 In build_straw_man_chord_sa. tolerance = 1, sa_iterations = 1000, initial_temperature = 3.0, cooling_rate = 0.999
26 - INFO - chord#: 10 done. best_score=48.0, changed=528, unchanged=344, early_stops=8/8
26 - INFO - chord#: 12 In build_straw_man_chord_sa. tolerance = 1, sa_iterations = 1000, initial_temperature = 3.0, cooling_rate = 0.999
26 - INFO - chord#: 8 done. best_score=27.0, changed=534, unchanged=429, early_stops=8/8
26 - INFO - chord#: 10 In build_straw_man_chord_sa. tolerance = 1, sa_iterations = 1000, initial_temperature = 3.0, cooling_rate = 0.999
26 - INFO - chord#: 8 done. best_score=27.0, changed=518, unchanged=388, early_stops=8/8
26 - INFO - chord#: 10 In build_straw_man_chord_sa. tolerance = 1, sa_iterations = 1000, initial_temperature = 3.0, cooling_rate = 0.999
26 - INFO - chord#: 8 done. best_score=27.0, changed=521, unchanged=452, early_stops=8/8
26 - INFO - chord#: 10 In build_straw_man_chord_sa. tolerance = 1, sa_iterations = 1000, initial_temperature = 3.0, cooling_rate = 0.999
26 - INFO - chord#: 10 done. best_score=48.0, changed=529, unchanged=424, early_stops=8/8
26 - INFO - chord#: 12 In build_straw_man_chord_sa. tolerance = 1, sa_iterations = 1000, initial_temperature = 3.0, cooling_rate = 0.999
26 - INFO - chord#: 10 done. best_score=48.0, changed=529, unchanged=326, early_stops=8/8
26 - INFO - chord#: 12 In build_straw_man_chord_sa. tolerance = 1, sa_iterations = 1000, initial_temperature = 3.0, cooling_rate = 0.999
26 - INFO - chord#: 10 done. best_score=48.0, changed=517, unchanged=306, early_stops=8/8
26 - INFO - chord#: 12 In build_straw_man_chord_sa. tolerance = 1, sa_iterations = 1000, initial_temperature = 3.0, cooling_rate = 0.999
26 - INFO - chord#: 10 done. best_score=48.0, changed=537, unchanged=443, early_stops=8/8
26 - INFO - chord#: 12 In build_straw_man_chord_sa. tolerance = 1, sa_iterations = 1000, initial_temperature = 3.0, cooling_rate = 0.999
26 - INFO - chord#: 12 done. best_score=27.0, changed=513, unchanged=373, early_stops=8/8
26 - INFO - chord#: 14 In build_straw_man_chord_sa. tolerance = 1, sa_iterations = 1000, initial_temperature = 3.0, cooling_rate = 0.999
26 - INFO - chord#: 10 done. best_score=48.0, changed=527, unchanged=281, early_stops=8/8
26 - INFO - chord#: 12 In build_straw_man_chord_sa. tolerance = 1, sa_iterations = 1000, initial_temperature = 3.0, cooling_rate = 0.999
26 - INFO - chord#: 12 done. best_score=27.0, changed=522, unchanged=476, early_stops=8/8
26 - INFO - chord#: 12 done. best_score=27.0, changed=526, unchanged=349, early_stops=8/8
26 - INFO - chord#: 14 In build_straw_man_chord_sa. tolerance = 1, sa_iterations = 1000, initial_temperature = 3.0, cooling_rate = 0.999
26 - INFO - chord#: 14 In build_straw_man_chord_sa. tolerance = 1, sa_iterations = 1000, initial_temperature = 3.0, cooling_rate = 0.999
26 - INFO - chord#: 10 done. best_score=48.0, changed=534, unchanged=379, early_stops=8/8
26 - INFO - chord#: 12 In build_straw_man_chord_sa. tolerance = 1, sa_iterations = 1000, initial_temperature = 3.0, cooling_rate = 0.999
26 - INFO - chord#: 10 done. best_score=48.0, changed=531, unchanged=441, early_stops=8/8
26 - INFO - chord#: 12 In build_straw_man_chord_sa. tolerance = 1, sa_iterations = 1000, initial_temperature = 3.0, cooling_rate = 0.999
26 - INFO - chord#: 10 done. best_score=48.0, changed=526, unchanged=375, early_stops=8/8
26 - INFO - chord#: 12 In build_straw_man_chord_sa. tolerance = 1, sa_iterations = 1000, initial_temperature = 3.0, cooling_rate = 0.999
26 - INFO - chord#: 12 done. best_score=27.0, changed=516, unchanged=410, early_stops=8/8
26 - INFO - chord#: 14 In build_straw_man_chord_sa. tolerance = 1, sa_iterations = 1000, initial_temperature = 3.0, cooling_rate = 0.999
26 - INFO - chord#: 14 done. best_score=31.0, changed=520, unchanged=308, early_stops=8/8
26 - INFO - chord#: 16 In build_straw_man_chord_sa. tolerance = 1, sa_iterations = 1000, initial_temperature = 3.0, cooling_rate = 0.999
26 - INFO - chord#: 12 done. best_score=27.0, changed=519, unchanged=448, early_stops=8/8
26 - INFO - chord#: 14 In build_straw_man_chord_sa. tolerance = 1, sa_iterations = 1000, initial_temperature = 3.0, cooling_rate = 0.999
26 - INFO - chord#: 12 done. best_score=27.0, changed=523, unchanged=540, early_stops=8/8
26 - INFO - chord#: 14 In build_straw_man_chord_sa. tolerance = 1, sa_iterations = 1000, initial_temperature = 3.0, cooling_rate = 0.999
26 - INFO - chord#: 10 done. best_score=48.0, changed=534, unchanged=470, early_stops=8/8
26 - INFO - chord#: 12 In build_straw_man_chord_sa. tolerance = 1, sa_iterations = 1000, initial_temperature = 3.0, cooling_rate = 0.999
26 - INFO - chord#: 12 done. best_score=27.0, changed=514, unchanged=494, early_stops=8/8
26 - INFO - chord#: 14 In build_straw_man_chord_sa. tolerance = 1, sa_iterations = 1000, initial_temperature = 3.0, cooling_rate = 0.999
26 - INFO - chord#: 14 done. best_score=31.0, changed=530, unchanged=314, early_stops=8/8
26 - INFO - chord#: 16 In build_straw_man_chord_sa. tolerance = 1, sa_iterations = 1000, initial_temperature = 3.0, cooling_rate = 0.999
26 - INFO - chord#: 14 done. best_score=31.0, changed=535, unchanged=366, early_stops=8/8
26 - INFO - chord#: 16 In build_straw_man_chord_sa. tolerance = 1, sa_iterations = 1000, initial_temperature = 3.0, cooling_rate = 0.999
26 - INFO - chord#: 12 done. best_score=27.0, changed=528, unchanged=374, early_stops=8/8
26 - INFO - chord#: 14 In build_straw_man_chord_sa. tolerance = 1, sa_iterations = 1000, initial_temperature = 3.0, cooling_rate = 0.999
26 - INFO - chord#: 14 done. best_score=31.0, changed=529, unchanged=389, early_stops=8/8
26 - INFO - chord#: 16 In build_straw_man_chord_sa. tolerance = 1, sa_iterations = 1000, initial_temperature = 3.0, cooling_rate = 0.999
26 - INFO - chord#: 14 done. best_score=31.0, changed=525, unchanged=323, early_stops=8/8
26 - INFO - chord#: 16 In build_straw_man_chord_sa. tolerance = 1, sa_iterations = 1000, initial_temperature = 3.0, cooling_rate = 0.999
26 - INFO - chord#: 14 done. best_score=31.0, changed=527, unchanged=342, early_stops=8/8
26 - INFO - chord#: 16 In build_straw_man_chord_sa. tolerance = 1, sa_iterations = 1000, initial_temperature = 3.0, cooling_rate = 0.999
26 - INFO - chord#: 16 done. best_score=27.0, changed=520, unchanged=330, early_stops=8/8
26 - INFO - chord#: 20 In build_straw_man_chord_sa. tolerance = 1, sa_iterations = 1000, initial_temperature = 3.0, cooling_rate = 0.999
26 - INFO - chord#: 12 done. best_score=27.0, changed=522, unchanged=437, early_stops=8/8
26 - INFO - chord#: 14 In build_straw_man_chord_sa. tolerance = 1, sa_iterations = 1000, initial_temperature = 3.0, cooling_rate = 0.999
26 - INFO - chord#: 16 done. best_score=27.0, changed=516, unchanged=319, early_stops=8/8
26 - INFO - chord#: 20 In build_straw_man_chord_sa. tolerance = 1, sa_iterations = 1000, initial_temperature = 3.0, cooling_rate = 0.999
26 - INFO - chord#: 12 done. best_score=27.0, changed=519, unchanged=450, early_stops=8/8
26 - INFO - chord#: 14 In build_straw_man_chord_sa. tolerance = 1, sa_iterations = 1000, initial_temperature = 3.0, cooling_rate = 0.999
26 - INFO - chord#: 12 done. best_score=27.0, changed=520, unchanged=393, early_stops=8/8
26 - INFO - chord#: 14 In build_straw_man_chord_sa. tolerance = 1, sa_iterations = 1000, initial_temperature = 3.0, cooling_rate = 0.999
26 - INFO - chord#: 16 done. best_score=27.0, changed=537, unchanged=436, early_stops=8/8
26 - INFO - chord#: 20 In build_straw_man_chord_sa. tolerance = 1, sa_iterations = 1000, initial_temperature = 3.0, cooling_rate = 0.999
26 - INFO - chord#: 14 done. best_score=31.0, changed=553, unchanged=376, early_stops=8/8
26 - INFO - chord#: 16 In build_straw_man_chord_sa. tolerance = 1, sa_iterations = 1000, initial_temperature = 3.0, cooling_rate = 0.999
26 - INFO - chord#: 12 done. best_score=27.0, changed=517, unchanged=450, early_stops=8/8
26 - INFO - chord#: 14 In build_straw_man_chord_sa. tolerance = 1, sa_iterations = 1000, initial_temperature = 3.0, cooling_rate = 0.999
26 - INFO - chord#: 14 done. best_score=31.0, changed=521, unchanged=295, early_stops=8/8
26 - INFO - chord#: 16 In build_straw_man_chord_sa. tolerance = 1, sa_iterations = 1000, initial_temperature = 3.0, cooling_rate = 0.999
26 - INFO - chord#: 16 done. best_score=27.0, changed=526, unchanged=364, early_stops=8/8
26 - INFO - chord#: 20 In build_straw_man_chord_sa. tolerance = 1, sa_iterations = 1000, initial_temperature = 3.0, cooling_rate = 0.999
26 - INFO - chord#: 16 done. best_score=27.0, changed=522, unchanged=330, early_stops=8/8
26 - INFO - chord#: 20 In build_straw_man_chord_sa. tolerance = 1, sa_iterations = 1000, initial_temperature = 3.0, cooling_rate = 0.999
26 - INFO - chord#: 16 done. best_score=27.0, changed=529, unchanged=372, early_stops=8/8
26 - INFO - chord#: 20 In build_straw_man_chord_sa. tolerance = 1, sa_iterations = 1000, initial_temperature = 3.0, cooling_rate = 0.999
26 - INFO - chord#: 14 done. best_score=31.0, changed=534, unchanged=370, early_stops=8/8
26 - INFO - chord#: 16 In build_straw_man_chord_sa. tolerance = 1, sa_iterations = 1000, initial_temperature = 3.0, cooling_rate = 0.999
26 - INFO - chord#: 16 done. best_score=27.0, changed=523, unchanged=325, early_stops=8/8
26 - INFO - chord#: 20 In build_straw_man_chord_sa. tolerance = 1, sa_iterations = 1000, initial_temperature = 3.0, cooling_rate = 0.999
26 - INFO - chord#: 14 done. best_score=31.0, changed=535, unchanged=348, early_stops=8/8
26 - INFO - chord#: 16 In build_straw_man_chord_sa. tolerance = 1, sa_iterations = 1000, initial_temperature = 3.0, cooling_rate = 0.999
26 - INFO - chord#: 14 done. best_score=31.0, changed=538, unchanged=356, early_stops=8/8
26 - INFO - chord#: 16 In build_straw_man_chord_sa. tolerance = 1, sa_iterations = 1000, initial_temperature = 3.0, cooling_rate = 0.999
26 - INFO - chord#: 16 done. best_score=27.0, changed=532, unchanged=366, early_stops=8/8
26 - INFO - chord#: 20 In build_straw_man_chord_sa. tolerance = 1, sa_iterations = 1000, initial_temperature = 3.0, cooling_rate = 0.999
26 - INFO - chord#: 14 done. best_score=31.0, changed=528, unchanged=362, early_stops=8/8
26 - INFO - chord#: 16 In build_straw_man_chord_sa. tolerance = 1, sa_iterations = 1000, initial_temperature = 3.0, cooling_rate = 0.999
26 - INFO - chord#: 20 done. best_score=64.0, changed=610, unchanged=207, early_stops=8/8
26 - INFO - chord#: 22 In build_straw_man_chord_sa. tolerance = 1, sa_iterations = 1000, initial_temperature = 3.0, cooling_rate = 0.999
26 - INFO - chord#: 16 done. best_score=27.0, changed=526, unchanged=331, early_stops=8/8
26 - INFO - chord#: 20 In build_straw_man_chord_sa. tolerance = 1, sa_iterations = 1000, initial_temperature = 3.0, cooling_rate = 0.999
26 - INFO - chord#: 16 done. best_score=27.0, changed=522, unchanged=311, early_stops=8/8
26 - INFO - chord#: 20 In build_straw_man_chord_sa. tolerance = 1, sa_iterations = 1000, initial_temperature = 3.0, cooling_rate = 0.999
26 - INFO - chord#: 20 done. best_score=64.0, changed=613, unchanged=363, early_stops=8/8
26 - INFO - chord#: 22 In build_straw_man_chord_sa. tolerance = 1, sa_iterations = 1000, initial_temperature = 3.0, cooling_rate = 0.999
26 - INFO - chord#: 20 done. best_score=157.0, changed=618, unchanged=317, early_stops=8/8
26 - INFO - chord#: 22 In build_straw_man_chord_sa. tolerance = 1, sa_iterations = 1000, initial_temperature = 3.0, cooling_rate = 0.999
26 - INFO - chord#: 16 done. best_score=27.0, changed=520, unchanged=436, early_stops=8/8
26 - INFO - chord#: 20 In build_straw_man_chord_sa. tolerance = 1, sa_iterations = 1000, initial_temperature = 3.0, cooling_rate = 0.999
26 - INFO - chord#: 16 done. best_score=27.0, changed=531, unchanged=364, early_stops=8/8
26 - INFO - chord#: 20 In build_straw_man_chord_sa. tolerance = 1, sa_iterations = 1000, initial_temperature = 3.0, cooling_rate = 0.999
26 - INFO - chord#: 20 done. best_score=157.0, changed=610, unchanged=278, early_stops=8/8
26 - INFO - chord#: 22 In build_straw_man_chord_sa. tolerance = 1, sa_iterations = 1000, initial_temperature = 3.0, cooling_rate = 0.999
26 - INFO - chord#: 20 done. best_score=125.0, changed=613, unchanged=392, early_stops=8/8
26 - INFO - chord#: 22 In build_straw_man_chord_sa. tolerance = 1, sa_iterations = 1000, initial_temperature = 3.0, cooling_rate = 0.999
26 - INFO - chord#: 20 done. best_score=64.0, changed=618, unchanged=356, early_stops=8/8
26 - INFO - chord#: 22 In build_straw_man_chord_sa. tolerance = 1, sa_iterations = 1000, initial_temperature = 3.0, cooling_rate = 0.999
26 - INFO - chord#: 20 done. best_score=154.0, changed=609, unchanged=247, early_stops=8/8
26 - INFO - chord#: 22 In build_straw_man_chord_sa. tolerance = 1, sa_iterations = 1000, initial_temperature = 3.0, cooling_rate = 0.999
26 - INFO - chord#: 22 done. best_score=74.0, changed=618, unchanged=317, early_stops=8/8
26 - INFO - chord#: 23 In build_straw_man_chord_sa. tolerance = 1, sa_iterations = 1000, initial_temperature = 3.0, cooling_rate = 0.999
26 - INFO - chord#: 22 done. best_score=74.0, changed=616, unchanged=271, early_stops=8/8
26 - INFO - chord#: 23 In build_straw_man_chord_sa. tolerance = 1, sa_iterations = 1000, initial_temperature = 3.0, cooling_rate = 0.999
26 - INFO - chord#: 22 done. best_score=74.0, changed=612, unchanged=266, early_stops=8/8
26 - INFO - chord#: 23 In build_straw_man_chord_sa. tolerance = 1, sa_iterations = 1000, initial_temperature = 3.0, cooling_rate = 0.999
26 - INFO - chord#: 20 done. best_score=145.0, changed=614, unchanged=315, early_stops=8/8
26 - INFO - chord#: 22 In build_straw_man_chord_sa. tolerance = 1, sa_iterations = 1000, initial_temperature = 3.0, cooling_rate = 0.999
26 - INFO - chord#: 22 done. best_score=74.0, changed=607, unchanged=307, early_stops=8/8
26 - INFO - chord#: 23 In build_straw_man_chord_sa. tolerance = 1, sa_iterations = 1000, initial_temperature = 3.0, cooling_rate = 0.999
26 - INFO - chord#: 20 done. best_score=64.0, changed=607, unchanged=294, early_stops=8/8
26 - INFO - chord#: 22 In build_straw_man_chord_sa. tolerance = 1, sa_iterations = 1000, initial_temperature = 3.0, cooling_rate = 0.999
26 - INFO - chord#: 20 done. best_score=125.0, changed=607, unchanged=211, early_stops=8/8
26 - INFO - chord#: 22 In build_straw_man_chord_sa. tolerance = 1, sa_iterations = 1000, initial_temperature = 3.0, cooling_rate = 0.999
26 - INFO - chord#: 22 done. best_score=180.0, changed=608, unchanged=235, early_stops=8/8
26 - INFO - chord#: 23 In build_straw_man_chord_sa. tolerance = 1, sa_iterations = 1000, initial_temperature = 3.0, cooling_rate = 0.999
26 - INFO - chord#: 20 done. best_score=172.0, changed=610, unchanged=292, early_stops=8/8
26 - INFO - chord#: 22 In build_straw_man_chord_sa. tolerance = 1, sa_iterations = 1000, initial_temperature = 3.0, cooling_rate = 0.999
26 - INFO - chord#: 23 done. best_score=27.0, changed=522, unchanged=370, early_stops=8/8
26 - INFO - chord#: 24 In build_straw_man_chord_sa. tolerance = 1, sa_iterations = 1000, initial_temperature = 3.0, cooling_rate = 0.999
26 - INFO - chord#: 20 done. best_score=145.0, changed=604, unchanged=205, early_stops=8/8
26 - INFO - chord#: 22 In build_straw_man_chord_sa. tolerance = 1, sa_iterations = 1000, initial_temperature = 3.0, cooling_rate = 0.999
26 - INFO - chord#: 23 done. best_score=27.0, changed=528, unchanged=468, early_stops=8/8
26 - INFO - chord#: 24 In build_straw_man_chord_sa. tolerance = 1, sa_iterations = 1000, initial_temperature = 3.0, cooling_rate = 0.999
26 - INFO - chord#: 23 done. best_score=27.0, changed=534, unchanged=459, early_stops=8/8
26 - INFO - chord#: 24 In build_straw_man_chord_sa. tolerance = 1, sa_iterations = 1000, initial_temperature = 3.0, cooling_rate = 0.999
26 - INFO - chord#: 23 done. best_score=27.0, changed=526, unchanged=393, early_stops=8/8
26 - INFO - chord#: 24 In build_straw_man_chord_sa. tolerance = 1, sa_iterations = 1000, initial_temperature = 3.0, cooling_rate = 0.999
26 - INFO - chord#: 24 done. best_score=27.0, changed=520, unchanged=365, early_stops=8/8
26 - INFO - chord#: 26 In build_straw_man_chord_sa. tolerance = 1, sa_iterations = 1000, initial_temperature = 3.0, cooling_rate = 0.999
26 - INFO - chord#: 23 done. best_score=27.0, changed=522, unchanged=377, early_stops=8/8
26 - INFO - chord#: 24 In build_straw_man_chord_sa. tolerance = 1, sa_iterations = 1000, initial_temperature = 3.0, cooling_rate = 0.999
26 - INFO - chord#: 24 done. best_score=27.0, changed=523, unchanged=355, early_stops=8/8
26 - INFO - chord#: 26 In build_straw_man_chord_sa. tolerance = 1, sa_iterations = 1000, initial_temperature = 3.0, cooling_rate = 0.999
26 - INFO - chord#: 22 done. best_score=150.0, changed=614, unchanged=277, early_stops=8/8
26 - INFO - chord#: 23 In build_straw_man_chord_sa. tolerance = 1, sa_iterations = 1000, initial_temperature = 3.0, cooling_rate = 0.999
26 - INFO - chord#: 22 done. best_score=149.0, changed=618, unchanged=312, early_stops=8/8
26 - INFO - chord#: 23 In build_straw_man_chord_sa. tolerance = 1, sa_iterations = 1000, initial_temperature = 3.0, cooling_rate = 0.999
26 - INFO - chord#: 24 done. best_score=27.0, changed=525, unchanged=459, early_stops=8/8
26 - INFO - chord#: 26 In build_straw_man_chord_sa. tolerance = 1, sa_iterations = 1000, initial_temperature = 3.0, cooling_rate = 0.999
26 - INFO - chord#: 22 done. best_score=150.0, changed=613, unchanged=286, early_stops=8/8
26 - INFO - chord#: 23 In build_straw_man_chord_sa. tolerance = 1, sa_iterations = 1000, initial_temperature = 3.0, cooling_rate = 0.999
26 - INFO - chord#: 24 done. best_score=27.0, changed=512, unchanged=321, early_stops=8/8
26 - INFO - chord#: 26 In build_straw_man_chord_sa. tolerance = 1, sa_iterations = 1000, initial_temperature = 3.0, cooling_rate = 0.999
26 - INFO - chord#: 22 done. best_score=74.0, changed=608, unchanged=219, early_stops=8/8
26 - INFO - chord#: 23 In build_straw_man_chord_sa. tolerance = 1, sa_iterations = 1000, initial_temperature = 3.0, cooling_rate = 0.999
26 - INFO - chord#: 23 done. best_score=61.0, changed=525, unchanged=300, early_stops=8/8
26 - INFO - chord#: 24 In build_straw_man_chord_sa. tolerance = 1, sa_iterations = 1000, initial_temperature = 3.0, cooling_rate = 0.999
26 - INFO - chord#: 22 done. best_score=172.0, changed=614, unchanged=230, early_stops=8/8
26 - INFO - chord#: 23 In build_straw_man_chord_sa. tolerance = 1, sa_iterations = 1000, initial_temperature = 3.0, cooling_rate = 0.999
26 - INFO - chord#: 23 done. best_score=27.0, changed=525, unchanged=352, early_stops=8/8
26 - INFO - chord#: 24 In build_straw_man_chord_sa. tolerance = 1, sa_iterations = 1000, initial_temperature = 3.0, cooling_rate = 0.999
26 - INFO - chord#: 23 done. best_score=27.0, changed=535, unchanged=424, early_stops=8/8
26 - INFO - chord#: 24 In build_straw_man_chord_sa. tolerance = 1, sa_iterations = 1000, initial_temperature = 3.0, cooling_rate = 0.999
26 - INFO - chord#: 24 done. best_score=27.0, changed=515, unchanged=406, early_stops=8/8
26 - INFO - chord#: 26 In build_straw_man_chord_sa. tolerance = 1, sa_iterations = 1000, initial_temperature = 3.0, cooling_rate = 0.999
26 - INFO - chord#: 22 done. best_score=168.0, changed=612, unchanged=361, early_stops=8/8
26 - INFO - chord#: 23 In build_straw_man_chord_sa. tolerance = 1, sa_iterations = 1000, initial_temperature = 3.0, cooling_rate = 0.999
26 - INFO - chord#: 22 done. best_score=172.0, changed=610, unchanged=234, early_stops=8/8
26 - INFO - chord#: 23 In build_straw_man_chord_sa. tolerance = 1, sa_iterations = 1000, initial_temperature = 3.0, cooling_rate = 0.999
26 - INFO - chord#: 23 done. best_score=27.0, changed=528, unchanged=423, early_stops=8/8
26 - INFO - chord#: 24 In build_straw_man_chord_sa. tolerance = 1, sa_iterations = 1000, initial_temperature = 3.0, cooling_rate = 0.999
26 - INFO - chord#: 26 done. best_score=157.0, changed=608, unchanged=199, early_stops=8/8
26 - INFO - chord#: 28 In build_straw_man_chord_sa. tolerance = 1, sa_iterations = 1000, initial_temperature = 3.0, cooling_rate = 0.999
26 - INFO - chord#: 24 done. best_score=27.0, changed=513, unchanged=309, early_stops=8/8
26 - INFO - chord#: 26 In build_straw_man_chord_sa. tolerance = 1, sa_iterations = 1000, initial_temperature = 3.0, cooling_rate = 0.999
26 - INFO - chord#: 24 done. best_score=27.0, changed=522, unchanged=381, early_stops=8/8
26 - INFO - chord#: 26 In build_straw_man_chord_sa. tolerance = 1, sa_iterations = 1000, initial_temperature = 3.0, cooling_rate = 0.999
26 - INFO - chord#: 23 done. best_score=27.0, changed=525, unchanged=389, early_stops=8/8
26 - INFO - chord#: 24 In build_straw_man_chord_sa. tolerance = 1, sa_iterations = 1000, initial_temperature = 3.0, cooling_rate = 0.999
26 - INFO - chord#: 23 done. best_score=27.0, changed=525, unchanged=343, early_stops=8/8
26 - INFO - chord#: 24 In build_straw_man_chord_sa. tolerance = 1, sa_iterations = 1000, initial_temperature = 3.0, cooling_rate = 0.999
26 - INFO - chord#: 23 done. best_score=27.0, changed=518, unchanged=340, early_stops=8/8
26 - INFO - chord#: 24 In build_straw_man_chord_sa. tolerance = 1, sa_iterations = 1000, initial_temperature = 3.0, cooling_rate = 0.999
26 - INFO - chord#: 24 done. best_score=27.0, changed=522, unchanged=398, early_stops=8/8
26 - INFO - chord#: 26 In build_straw_man_chord_sa. tolerance = 1, sa_iterations = 1000, initial_temperature = 3.0, cooling_rate = 0.999
26 - INFO - chord#: 26 done. best_score=67.0, changed=613, unchanged=294, early_stops=8/8
26 - INFO - chord#: 28 In build_straw_man_chord_sa. tolerance = 1, sa_iterations = 1000, initial_temperature = 3.0, cooling_rate = 0.999
26 - INFO - chord#: 26 done. best_score=96.0, changed=614, unchanged=426, early_stops=8/8
26 - INFO - chord#: 28 In build_straw_man_chord_sa. tolerance = 1, sa_iterations = 1000, initial_temperature = 3.0, cooling_rate = 0.999
26 - INFO - chord#: 24 done. best_score=27.0, changed=537, unchanged=632, early_stops=8/8
26 - INFO - chord#: 26 In build_straw_man_chord_sa. tolerance = 1, sa_iterations = 1000, initial_temperature = 3.0, cooling_rate = 0.999
26 - INFO - chord#: 28 done. best_score=27.0, changed=520, unchanged=557, early_stops=8/8
26 - INFO - chord#: 32 In build_straw_man_chord_sa. tolerance = 1, sa_iterations = 1000, initial_temperature = 3.0, cooling_rate = 0.999
26 - INFO - chord#: 26 done. best_score=67.0, changed=614, unchanged=441, early_stops=8/8
26 - INFO - chord#: 28 In build_straw_man_chord_sa. tolerance = 1, sa_iterations = 1000, initial_temperature = 3.0, cooling_rate = 0.999
26 - INFO - chord#: 24 done. best_score=27.0, changed=527, unchanged=463, early_stops=8/8
26 - INFO - chord#: 26 In build_straw_man_chord_sa. tolerance = 1, sa_iterations = 1000, initial_temperature = 3.0, cooling_rate = 0.999
26 - INFO - chord#: 24 done. best_score=27.0, changed=521, unchanged=335, early_stops=8/8
26 - INFO - chord#: 26 In build_straw_man_chord_sa. tolerance = 1, sa_iterations = 1000, initial_temperature = 3.0, cooling_rate = 0.999
26 - INFO - chord#: 24 done. best_score=27.0, changed=522, unchanged=455, early_stops=8/8
26 - INFO - chord#: 26 In build_straw_man_chord_sa. tolerance = 1, sa_iterations = 1000, initial_temperature = 3.0, cooling_rate = 0.999
26 - INFO - chord#: 28 done. best_score=27.0, changed=521, unchanged=430, early_stops=8/8
26 - INFO - chord#: 32 In build_straw_man_chord_sa. tolerance = 1, sa_iterations = 1000, initial_temperature = 3.0, cooling_rate = 0.999
26 - INFO - chord#: 28 done. best_score=27.0, changed=524, unchanged=430, early_stops=8/8
26 - INFO - chord#: 32 In build_straw_man_chord_sa. tolerance = 1, sa_iterations = 1000, initial_temperature = 3.0, cooling_rate = 0.999
26 - INFO - chord#: 26 done. best_score=125.0, changed=610, unchanged=235, early_stops=8/8
26 - INFO - chord#: 28 In build_straw_man_chord_sa. tolerance = 1, sa_iterations = 1000, initial_temperature = 3.0, cooling_rate = 0.999
26 - INFO - chord#: 28 done. best_score=27.0, changed=518, unchanged=373, early_stops=8/8
26 - INFO - chord#: 32 In build_straw_man_chord_sa. tolerance = 1, sa_iterations = 1000, initial_temperature = 3.0, cooling_rate = 0.999
26 - INFO - chord#: 32 done. best_score=36.0, changed=525, unchanged=369, early_stops=8/8
26 - INFO - chord#: 36 In build_straw_man_chord_sa. tolerance = 1, sa_iterations = 1000, initial_temperature = 3.0, cooling_rate = 0.999
26 - INFO - chord#: 32 done. best_score=36.0, changed=518, unchanged=368, early_stops=8/8
26 - INFO - chord#: 36 In build_straw_man_chord_sa. tolerance = 1, sa_iterations = 1000, initial_temperature = 3.0, cooling_rate = 0.999
26 - INFO - chord#: 26 done. best_score=67.0, changed=608, unchanged=236, early_stops=8/8
26 - INFO - chord#: 28 In build_straw_man_chord_sa. tolerance = 1, sa_iterations = 1000, initial_temperature = 3.0, cooling_rate = 0.999
26 - INFO - chord#: 32 done. best_score=36.0, changed=529, unchanged=435, early_stops=8/8
26 - INFO - chord#: 36 In build_straw_man_chord_sa. tolerance = 1, sa_iterations = 1000, initial_temperature = 3.0, cooling_rate = 0.999
26 - INFO - chord#: 26 done. best_score=195.0, changed=609, unchanged=228, early_stops=8/8
26 - INFO - chord#: 28 In build_straw_man_chord_sa. tolerance = 1, sa_iterations = 1000, initial_temperature = 3.0, cooling_rate = 0.999
26 - INFO - chord#: 26 done. best_score=67.0, changed=610, unchanged=268, early_stops=8/8
26 - INFO - chord#: 28 In build_straw_man_chord_sa. tolerance = 1, sa_iterations = 1000, initial_temperature = 3.0, cooling_rate = 0.999
26 - INFO - chord#: 36 done. best_score=27.0, changed=528, unchanged=441, early_stops=8/8
26 - INFO - chord#: 40 In build_straw_man_chord_sa. tolerance = 1, sa_iterations = 1000, initial_temperature = 3.0, cooling_rate = 0.999
26 - INFO - chord#: 28 done. best_score=27.0, changed=526, unchanged=473, early_stops=8/8
26 - INFO - chord#: 32 In build_straw_man_chord_sa. tolerance = 1, sa_iterations = 1000, initial_temperature = 3.0, cooling_rate = 0.999
26 - INFO - chord#: 32 done. best_score=36.0, changed=531, unchanged=392, early_stops=8/8
26 - INFO - chord#: 36 In build_straw_man_chord_sa. tolerance = 1, sa_iterations = 1000, initial_temperature = 3.0, cooling_rate = 0.999
26 - INFO - chord#: 26 done. best_score=67.0, changed=609, unchanged=401, early_stops=8/8
26 - INFO - chord#: 28 In build_straw_man_chord_sa. tolerance = 1, sa_iterations = 1000, initial_temperature = 3.0, cooling_rate = 0.999
26 - INFO - chord#: 26 done. best_score=67.0, changed=607, unchanged=244, early_stops=8/8
26 - INFO - chord#: 28 In build_straw_man_chord_sa. tolerance = 1, sa_iterations = 1000, initial_temperature = 3.0, cooling_rate = 0.999
26 - INFO - chord#: 36 done. best_score=27.0, changed=526, unchanged=343, early_stops=8/8
26 - INFO - chord#: 40 In build_straw_man_chord_sa. tolerance = 1, sa_iterations = 1000, initial_temperature = 3.0, cooling_rate = 0.999
26 - INFO - chord#: 28 done. best_score=27.0, changed=514, unchanged=408, early_stops=8/8
26 - INFO - chord#: 32 In build_straw_man_chord_sa. tolerance = 1, sa_iterations = 1000, initial_temperature = 3.0, cooling_rate = 0.999
26 - INFO - chord#: 36 done. best_score=27.0, changed=524, unchanged=383, early_stops=8/8
26 - INFO - chord#: 40 In build_straw_man_chord_sa. tolerance = 1, sa_iterations = 1000, initial_temperature = 3.0, cooling_rate = 0.999
26 - INFO - chord#: 40 done. best_score=27.0, changed=512, unchanged=331, early_stops=8/8
26 - INFO - chord#: 42 In build_straw_man_chord_sa. tolerance = 1, sa_iterations = 1000, initial_temperature = 3.0, cooling_rate = 0.999
26 - INFO - chord#: 36 done. best_score=27.0, changed=516, unchanged=366, early_stops=8/8
26 - INFO - chord#: 40 In build_straw_man_chord_sa. tolerance = 1, sa_iterations = 1000, initial_temperature = 3.0, cooling_rate = 0.999
26 - INFO - chord#: 28 done. best_score=27.0, changed=522, unchanged=340, early_stops=8/8
26 - INFO - chord#: 32 In build_straw_man_chord_sa. tolerance = 1, sa_iterations = 1000, initial_temperature = 3.0, cooling_rate = 0.999
26 - INFO - chord#: 28 done. best_score=27.0, changed=524, unchanged=523, early_stops=8/8
26 - INFO - chord#: 32 In build_straw_man_chord_sa. tolerance = 1, sa_iterations = 1000, initial_temperature = 3.0, cooling_rate = 0.999
26 - INFO - chord#: 28 done. best_score=27.0, changed=527, unchanged=420, early_stops=8/8
26 - INFO - chord#: 32 In build_straw_man_chord_sa. tolerance = 1, sa_iterations = 1000, initial_temperature = 3.0, cooling_rate = 0.999
26 - INFO - chord#: 26 done. best_score=96.0, changed=611, unchanged=316, early_stops=8/8
26 - INFO - chord#: 28 In build_straw_man_chord_sa. tolerance = 1, sa_iterations = 1000, initial_temperature = 3.0, cooling_rate = 0.999
26 - INFO - chord#: 32 done. best_score=36.0, changed=527, unchanged=328, early_stops=8/8
26 - INFO - chord#: 36 In build_straw_man_chord_sa. tolerance = 1, sa_iterations = 1000, initial_temperature = 3.0, cooling_rate = 0.999
26 - INFO - chord#: 26 done. best_score=96.0, changed=609, unchanged=324, early_stops=8/8
26 - INFO - chord#: 28 In build_straw_man_chord_sa. tolerance = 1, sa_iterations = 1000, initial_temperature = 3.0, cooling_rate = 0.999
26 - INFO - chord#: 40 done. best_score=27.0, changed=530, unchanged=388, early_stops=8/8
26 - INFO - chord#: 42 In build_straw_man_chord_sa. tolerance = 1, sa_iterations = 1000, initial_temperature = 3.0, cooling_rate = 0.999
26 - INFO - chord#: 28 done. best_score=27.0, changed=525, unchanged=556, early_stops=8/8
26 - INFO - chord#: 32 In build_straw_man_chord_sa. tolerance = 1, sa_iterations = 1000, initial_temperature = 3.0, cooling_rate = 0.999
26 - INFO - chord#: 32 done. best_score=36.0, changed=528, unchanged=351, early_stops=8/8
26 - INFO - chord#: 36 In build_straw_man_chord_sa. tolerance = 1, sa_iterations = 1000, initial_temperature = 3.0, cooling_rate = 0.999
26 - INFO - chord#: 40 done. best_score=27.0, changed=523, unchanged=454, early_stops=8/8
26 - INFO - chord#: 42 In build_straw_man_chord_sa. tolerance = 1, sa_iterations = 1000, initial_temperature = 3.0, cooling_rate = 0.999
26 - INFO - chord#: 42 done. best_score=36.0, changed=517, unchanged=329, early_stops=8/8
26 - INFO - chord#: 44 In build_straw_man_chord_sa. tolerance = 1, sa_iterations = 1000, initial_temperature = 3.0, cooling_rate = 0.999
26 - INFO - chord#: 40 done. best_score=27.0, changed=519, unchanged=347, early_stops=8/8
26 - INFO - chord#: 42 In build_straw_man_chord_sa. tolerance = 1, sa_iterations = 1000, initial_temperature = 3.0, cooling_rate = 0.999
26 - INFO - chord#: 32 done. best_score=36.0, changed=516, unchanged=353, early_stops=8/8
26 - INFO - chord#: 36 In build_straw_man_chord_sa. tolerance = 1, sa_iterations = 1000, initial_temperature = 3.0, cooling_rate = 0.999
26 - INFO - chord#: 42 done. best_score=36.0, changed=532, unchanged=334, early_stops=8/8
26 - INFO - chord#: 44 In build_straw_man_chord_sa. tolerance = 1, sa_iterations = 1000, initial_temperature = 3.0, cooling_rate = 0.999
26 - INFO - chord#: 28 done. best_score=36.0, changed=528, unchanged=361, early_stops=8/8
26 - INFO - chord#: 32 In build_straw_man_chord_sa. tolerance = 1, sa_iterations = 1000, initial_temperature = 3.0, cooling_rate = 0.999
26 - INFO - chord#: 32 done. best_score=36.0, changed=527, unchanged=374, early_stops=8/8
26 - INFO - chord#: 36 In build_straw_man_chord_sa. tolerance = 1, sa_iterations = 1000, initial_temperature = 3.0, cooling_rate = 0.999
26 - INFO - chord#: 32 done. best_score=36.0, changed=533, unchanged=396, early_stops=8/8
26 - INFO - chord#: 36 In build_straw_man_chord_sa. tolerance = 1, sa_iterations = 1000, initial_temperature = 3.0, cooling_rate = 0.999
26 - INFO - chord#: 28 done. best_score=27.0, changed=512, unchanged=322, early_stops=8/8
26 - INFO - chord#: 32 In build_straw_man_chord_sa. tolerance = 1, sa_iterations = 1000, initial_temperature = 3.0, cooling_rate = 0.999
26 - INFO - chord#: 42 done. best_score=72.0, changed=513, unchanged=304, early_stops=8/8
26 - INFO - chord#: 44 In build_straw_man_chord_sa. tolerance = 1, sa_iterations = 1000, initial_temperature = 3.0, cooling_rate = 0.999
26 - INFO - chord#: 32 done. best_score=36.0, changed=526, unchanged=361, early_stops=8/8
26 - INFO - chord#: 36 In build_straw_man_chord_sa. tolerance = 1, sa_iterations = 1000, initial_temperature = 3.0, cooling_rate = 0.999
26 - INFO - chord#: 36 done. best_score=27.0, changed=527, unchanged=431, early_stops=8/8
26 - INFO - chord#: 40 In build_straw_man_chord_sa. tolerance = 1, sa_iterations = 1000, initial_temperature = 3.0, cooling_rate = 0.999
26 - INFO - chord#: 36 done. best_score=27.0, changed=522, unchanged=512, early_stops=8/8
26 - INFO - chord#: 40 In build_straw_man_chord_sa. tolerance = 1, sa_iterations = 1000, initial_temperature = 3.0, cooling_rate = 0.999
26 - INFO - chord#: 44 done. best_score=27.0, changed=531, unchanged=441, early_stops=8/8
26 - INFO - chord#: 46 In build_straw_man_chord_sa. tolerance = 1, sa_iterations = 1000, initial_temperature = 3.0, cooling_rate = 0.999
26 - INFO - chord#: 42 done. best_score=75.0, changed=539, unchanged=411, early_stops=8/8
26 - INFO - chord#: 44 In build_straw_man_chord_sa. tolerance = 1, sa_iterations = 1000, initial_temperature = 3.0, cooling_rate = 0.999
26 - INFO - chord#: 36 done. best_score=27.0, changed=519, unchanged=338, early_stops=8/8
26 - INFO - chord#: 40 In build_straw_man_chord_sa. tolerance = 1, sa_iterations = 1000, initial_temperature = 3.0, cooling_rate = 0.999
26 - INFO - chord#: 44 done. best_score=27.0, changed=516, unchanged=340, early_stops=8/8
26 - INFO - chord#: 46 In build_straw_man_chord_sa. tolerance = 1, sa_iterations = 1000, initial_temperature = 3.0, cooling_rate = 0.999
26 - INFO - chord#: 32 done. best_score=36.0, changed=523, unchanged=380, early_stops=8/8
26 - INFO - chord#: 36 In build_straw_man_chord_sa. tolerance = 1, sa_iterations = 1000, initial_temperature = 3.0, cooling_rate = 0.999
26 - INFO - chord#: 40 done. best_score=27.0, changed=525, unchanged=370, early_stops=8/8
26 - INFO - chord#: 42 In build_straw_man_chord_sa. tolerance = 1, sa_iterations = 1000, initial_temperature = 3.0, cooling_rate = 0.999
26 - INFO - chord#: 32 done. best_score=36.0, changed=525, unchanged=408, early_stops=8/8
26 - INFO - chord#: 36 In build_straw_man_chord_sa. tolerance = 1, sa_iterations = 1000, initial_temperature = 3.0, cooling_rate = 0.999
26 - INFO - chord#: 44 done. best_score=27.0, changed=519, unchanged=510, early_stops=8/8
26 - INFO - chord#: 46 In build_straw_man_chord_sa. tolerance = 1, sa_iterations = 1000, initial_temperature = 3.0, cooling_rate = 0.999
26 - INFO - chord#: 36 done. best_score=27.0, changed=522, unchanged=406, early_stops=8/8
26 - INFO - chord#: 40 In build_straw_man_chord_sa. tolerance = 1, sa_iterations = 1000, initial_temperature = 3.0, cooling_rate = 0.999
26 - INFO - chord#: 36 done. best_score=27.0, changed=526, unchanged=471, early_stops=8/8
26 - INFO - chord#: 40 In build_straw_man_chord_sa. tolerance = 1, sa_iterations = 1000, initial_temperature = 3.0, cooling_rate = 0.999
26 - INFO - chord#: 40 done. best_score=27.0, changed=515, unchanged=346, early_stops=8/8
26 - INFO - chord#: 42 In build_straw_man_chord_sa. tolerance = 1, sa_iterations = 1000, initial_temperature = 3.0, cooling_rate = 0.999
26 - INFO - chord#: 44 done. best_score=27.0, changed=523, unchanged=441, early_stops=8/8
26 - INFO - chord#: 46 In build_straw_man_chord_sa. tolerance = 1, sa_iterations = 1000, initial_temperature = 3.0, cooling_rate = 0.999
26 - INFO - chord#: 36 done. best_score=27.0, changed=531, unchanged=529, early_stops=8/8
26 - INFO - chord#: 40 In build_straw_man_chord_sa. tolerance = 1, sa_iterations = 1000, initial_temperature = 3.0, cooling_rate = 0.999
26 - INFO - chord#: 40 done. best_score=27.0, changed=520, unchanged=431, early_stops=8/8
26 - INFO - chord#: 42 In build_straw_man_chord_sa. tolerance = 1, sa_iterations = 1000, initial_temperature = 3.0, cooling_rate = 0.999
26 - INFO - chord#: 42 done. best_score=36.0, changed=528, unchanged=427, early_stops=8/8
26 - INFO - chord#: 44 In build_straw_man_chord_sa. tolerance = 1, sa_iterations = 1000, initial_temperature = 3.0, cooling_rate = 0.999
26 - INFO - chord#: 36 done. best_score=27.0, changed=511, unchanged=435, early_stops=8/8
26 - INFO - chord#: 40 In build_straw_man_chord_sa. tolerance = 1, sa_iterations = 1000, initial_temperature = 3.0, cooling_rate = 0.999
26 - INFO - chord#: 40 done. best_score=27.0, changed=528, unchanged=356, early_stops=8/8
26 - INFO - chord#: 42 In build_straw_man_chord_sa. tolerance = 1, sa_iterations = 1000, initial_temperature = 3.0, cooling_rate = 0.999
26 - INFO - chord#: 42 done. best_score=36.0, changed=529, unchanged=334, early_stops=8/8
26 - INFO - chord#: 44 In build_straw_man_chord_sa. tolerance = 1, sa_iterations = 1000, initial_temperature = 3.0, cooling_rate = 0.999
26 - INFO - chord#: 42 done. best_score=36.0, changed=535, unchanged=361, early_stops=8/8
26 - INFO - chord#: 44 In build_straw_man_chord_sa. tolerance = 1, sa_iterations = 1000, initial_temperature = 3.0, cooling_rate = 0.999
26 - INFO - chord#: 36 done. best_score=27.0, changed=518, unchanged=479, early_stops=8/8
26 - INFO - chord#: 40 In build_straw_man_chord_sa. tolerance = 1, sa_iterations = 1000, initial_temperature = 3.0, cooling_rate = 0.999
26 - INFO - chord#: 40 done. best_score=27.0, changed=520, unchanged=473, early_stops=8/8
26 - INFO - chord#: 42 In build_straw_man_chord_sa. tolerance = 1, sa_iterations = 1000, initial_temperature = 3.0, cooling_rate = 0.999
26 - INFO - chord#: 40 done. best_score=27.0, changed=519, unchanged=354, early_stops=8/8
26 - INFO - chord#: 42 In build_straw_man_chord_sa. tolerance = 1, sa_iterations = 1000, initial_temperature = 3.0, cooling_rate = 0.999
26 - INFO - chord#: 46 done. best_score=74.0, changed=618, unchanged=407, early_stops=8/8
26 - INFO - chord#: 48 In build_straw_man_chord_sa. tolerance = 1, sa_iterations = 1000, initial_temperature = 3.0, cooling_rate = 0.999
26 - INFO - chord#: 46 done. best_score=121.0, changed=609, unchanged=334, early_stops=8/8
26 - INFO - chord#: 48 In build_straw_man_chord_sa. tolerance = 1, sa_iterations = 1000, initial_temperature = 3.0, cooling_rate = 0.999
26 - INFO - chord#: 44 done. best_score=27.0, changed=516, unchanged=372, early_stops=8/8
26 - INFO - chord#: 46 In build_straw_man_chord_sa. tolerance = 1, sa_iterations = 1000, initial_temperature = 3.0, cooling_rate = 0.999
26 - INFO - chord#: 46 done. best_score=148.0, changed=613, unchanged=221, early_stops=8/8
26 - INFO - chord#: 48 In build_straw_man_chord_sa. tolerance = 1, sa_iterations = 1000, initial_temperature = 3.0, cooling_rate = 0.999
26 - INFO - chord#: 44 done. best_score=27.0, changed=516, unchanged=345, early_stops=8/8
26 - INFO - chord#: 46 In build_straw_man_chord_sa. tolerance = 1, sa_iterations = 1000, initial_temperature = 3.0, cooling_rate = 0.999
26 - INFO - chord#: 46 done. best_score=149.0, changed=612, unchanged=235, early_stops=8/8
26 - INFO - chord#: 48 In build_straw_man_chord_sa. tolerance = 1, sa_iterations = 1000, initial_temperature = 3.0, cooling_rate = 0.999
26 - INFO - chord#: 40 done. best_score=27.0, changed=521, unchanged=394, early_stops=8/8
26 - INFO - chord#: 42 In build_straw_man_chord_sa. tolerance = 1, sa_iterations = 1000, initial_temperature = 3.0, cooling_rate = 0.999
26 - INFO - chord#: 42 done. best_score=72.0, changed=527, unchanged=325, early_stops=8/8
26 - INFO - chord#: 44 In build_straw_man_chord_sa. tolerance = 1, sa_iterations = 1000, initial_temperature = 3.0, cooling_rate = 0.999
26 - INFO - chord#: 42 done. best_score=36.0, changed=530, unchanged=302, early_stops=8/8
26 - INFO - chord#: 44 In build_straw_man_chord_sa. tolerance = 1, sa_iterations = 1000, initial_temperature = 3.0, cooling_rate = 0.999
26 - INFO - chord#: 48 done. best_score=27.0, changed=517, unchanged=356, early_stops=8/8
26 - INFO - chord#: 50 In build_straw_man_chord_sa. tolerance = 1, sa_iterations = 1000, initial_temperature = 3.0, cooling_rate = 0.999
26 - INFO - chord#: 40 done. best_score=27.0, changed=525, unchanged=409, early_stops=8/8
26 - INFO - chord#: 42 In build_straw_man_chord_sa. tolerance = 1, sa_iterations = 1000, initial_temperature = 3.0, cooling_rate = 0.999
26 - INFO - chord#: 42 done. best_score=36.0, changed=542, unchanged=293, early_stops=8/8
26 - INFO - chord#: 44 In build_straw_man_chord_sa. tolerance = 1, sa_iterations = 1000, initial_temperature = 3.0, cooling_rate = 0.999
26 - INFO - chord#: 48 done. best_score=27.0, changed=522, unchanged=440, early_stops=8/8
26 - INFO - chord#: 50 In build_straw_man_chord_sa. tolerance = 1, sa_iterations = 1000, initial_temperature = 3.0, cooling_rate = 0.999
26 - INFO - chord#: 44 done. best_score=27.0, changed=526, unchanged=521, early_stops=8/8
26 - INFO - chord#: 46 In build_straw_man_chord_sa. tolerance = 1, sa_iterations = 1000, initial_temperature = 3.0, cooling_rate = 0.999
26 - INFO - chord#: 48 done. best_score=27.0, changed=528, unchanged=393, early_stops=8/8
26 - INFO - chord#: 50 In build_straw_man_chord_sa. tolerance = 1, sa_iterations = 1000, initial_temperature = 3.0, cooling_rate = 0.999
26 - INFO - chord#: 48 done. best_score=27.0, changed=521, unchanged=448, early_stops=8/8
26 - INFO - chord#: 50 In build_straw_man_chord_sa. tolerance = 1, sa_iterations = 1000, initial_temperature = 3.0, cooling_rate = 0.999
26 - INFO - chord#: 42 done. best_score=72.0, changed=533, unchanged=408, early_stops=8/8
26 - INFO - chord#: 44 In build_straw_man_chord_sa. tolerance = 1, sa_iterations = 1000, initial_temperature = 3.0, cooling_rate = 0.999
26 - INFO - chord#: 50 done. best_score=27.0, changed=523, unchanged=386, early_stops=8/8
26 - INFO - chord#: 52 In build_straw_man_chord_sa. tolerance = 1, sa_iterations = 1000, initial_temperature = 3.0, cooling_rate = 0.999
26 - INFO - chord#: 50 done. best_score=27.0, changed=520, unchanged=415, early_stops=8/8
26 - INFO - chord#: 52 In build_straw_man_chord_sa. tolerance = 1, sa_iterations = 1000, initial_temperature = 3.0, cooling_rate = 0.999
26 - INFO - chord#: 42 done. best_score=36.0, changed=527, unchanged=347, early_stops=8/8
26 - INFO - chord#: 44 In build_straw_man_chord_sa. tolerance = 1, sa_iterations = 1000, initial_temperature = 3.0, cooling_rate = 0.999
26 - INFO - chord#: 44 done. best_score=27.0, changed=523, unchanged=410, early_stops=8/8
26 - INFO - chord#: 46 In build_straw_man_chord_sa. tolerance = 1, sa_iterations = 1000, initial_temperature = 3.0, cooling_rate = 0.999
26 - INFO - chord#: 46 done. best_score=104.0, changed=611, unchanged=255, early_stops=8/8
26 - INFO - chord#: 48 In build_straw_man_chord_sa. tolerance = 1, sa_iterations = 1000, initial_temperature = 3.0, cooling_rate = 0.999
26 - INFO - chord#: 44 done. best_score=27.0, changed=524, unchanged=526, early_stops=8/8
26 - INFO - chord#: 46 In build_straw_man_chord_sa. tolerance = 1, sa_iterations = 1000, initial_temperature = 3.0, cooling_rate = 0.999
26 - INFO - chord#: 50 done. best_score=27.0, changed=521, unchanged=402, early_stops=8/8
26 - INFO - chord#: 52 In build_straw_man_chord_sa. tolerance = 1, sa_iterations = 1000, initial_temperature = 3.0, cooling_rate = 0.999
26 - INFO - chord#: 44 done. best_score=27.0, changed=528, unchanged=554, early_stops=8/8
26 - INFO - chord#: 46 In build_straw_man_chord_sa. tolerance = 1, sa_iterations = 1000, initial_temperature = 3.0, cooling_rate = 0.999
26 - INFO - chord#: 46 done. best_score=74.0, changed=612, unchanged=313, early_stops=8/8
26 - INFO - chord#: 48 In build_straw_man_chord_sa. tolerance = 1, sa_iterations = 1000, initial_temperature = 3.0, cooling_rate = 0.999
26 - INFO - chord#: 50 done. best_score=27.0, changed=525, unchanged=370, early_stops=8/8
26 - INFO - chord#: 52 In build_straw_man_chord_sa. tolerance = 1, sa_iterations = 1000, initial_temperature = 3.0, cooling_rate = 0.999
26 - INFO - chord#: 44 done. best_score=27.0, changed=520, unchanged=401, early_stops=8/8
26 - INFO - chord#: 46 In build_straw_man_chord_sa. tolerance = 1, sa_iterations = 1000, initial_temperature = 3.0, cooling_rate = 0.999
26 - INFO - chord#: 48 done. best_score=27.0, changed=516, unchanged=390, early_stops=8/8
26 - INFO - chord#: 50 In build_straw_man_chord_sa. tolerance = 1, sa_iterations = 1000, initial_temperature = 3.0, cooling_rate = 0.999
26 - INFO - chord#: 44 done. best_score=27.0, changed=522, unchanged=454, early_stops=8/8
26 - INFO - chord#: 46 In build_straw_man_chord_sa. tolerance = 1, sa_iterations = 1000, initial_temperature = 3.0, cooling_rate = 0.999
26 - INFO - chord#: 48 done. best_score=27.0, changed=520, unchanged=575, early_stops=8/8
26 - INFO - chord#: 50 In build_straw_man_chord_sa. tolerance = 1, sa_iterations = 1000, initial_temperature = 3.0, cooling_rate = 0.999
26 - INFO - chord#: 50 done. best_score=27.0, changed=514, unchanged=305, early_stops=8/8
26 - INFO - chord#: 52 In build_straw_man_chord_sa. tolerance = 1, sa_iterations = 1000, initial_temperature = 3.0, cooling_rate = 0.999
26 - INFO - chord#: 46 done. best_score=149.0, changed=616, unchanged=314, early_stops=8/8
26 - INFO - chord#: 48 In build_straw_man_chord_sa. tolerance = 1, sa_iterations = 1000, initial_temperature = 3.0, cooling_rate = 0.999
26 - INFO - chord#: 46 done. best_score=74.0, changed=610, unchanged=285, early_stops=8/8
26 - INFO - chord#: 48 In build_straw_man_chord_sa. tolerance = 1, sa_iterations = 1000, initial_temperature = 3.0, cooling_rate = 0.999
26 - INFO - chord#: 52 done. best_score=119.0, changed=616, unchanged=349, early_stops=8/8
26 - INFO - chord#: 56 In build_straw_man_chord_sa. tolerance = 1, sa_iterations = 1000, initial_temperature = 3.0, cooling_rate = 0.999
26 - INFO - chord#: 52 done. best_score=145.0, changed=614, unchanged=420, early_stops=8/8
26 - INFO - chord#: 56 In build_straw_man_chord_sa. tolerance = 1, sa_iterations = 1000, initial_temperature = 3.0, cooling_rate = 0.999
26 - INFO - chord#: 52 done. best_score=168.0, changed=607, unchanged=305, early_stops=8/8
26 - INFO - chord#: 56 In build_straw_man_chord_sa. tolerance = 1, sa_iterations = 1000, initial_temperature = 3.0, cooling_rate = 0.999
26 - INFO - chord#: 46 done. best_score=96.0, changed=608, unchanged=258, early_stops=8/8
26 - INFO - chord#: 48 In build_straw_man_chord_sa. tolerance = 1, sa_iterations = 1000, initial_temperature = 3.0, cooling_rate = 0.999
26 - INFO - chord#: 50 done. best_score=27.0, changed=526, unchanged=449, early_stops=8/8
26 - INFO - chord#: 52 In build_straw_man_chord_sa. tolerance = 1, sa_iterations = 1000, initial_temperature = 3.0, cooling_rate = 0.999
26 - INFO - chord#: 48 done. best_score=27.0, changed=522, unchanged=450, early_stops=8/8
26 - INFO - chord#: 50 In build_straw_man_chord_sa. tolerance = 1, sa_iterations = 1000, initial_temperature = 3.0, cooling_rate = 0.999
26 - INFO - chord#: 46 done. best_score=149.0, changed=606, unchanged=242, early_stops=8/8
26 - INFO - chord#: 48 In build_straw_man_chord_sa. tolerance = 1, sa_iterations = 1000, initial_temperature = 3.0, cooling_rate = 0.999
26 - INFO - chord#: 56 done. best_score=27.0, changed=516, unchanged=397, early_stops=8/8
26 - INFO - chord#: 58 In build_straw_man_chord_sa. tolerance = 1, sa_iterations = 1000, initial_temperature = 3.0, cooling_rate = 0.999
26 - INFO - chord#: 56 done. best_score=27.0, changed=520, unchanged=527, early_stops=8/8
26 - INFO - chord#: 58 In build_straw_man_chord_sa. tolerance = 1, sa_iterations = 1000, initial_temperature = 3.0, cooling_rate = 0.999
26 - INFO - chord#: 48 done. best_score=27.0, changed=526, unchanged=533, early_stops=8/8
26 - INFO - chord#: 50 In build_straw_man_chord_sa. tolerance = 1, sa_iterations = 1000, initial_temperature = 3.0, cooling_rate = 0.999
26 - INFO - chord#: 56 done. best_score=27.0, changed=514, unchanged=321, early_stops=8/8
26 - INFO - chord#: 58 In build_straw_man_chord_sa. tolerance = 1, sa_iterations = 1000, initial_temperature = 3.0, cooling_rate = 0.999
26 - INFO - chord#: 46 done. best_score=149.0, changed=618, unchanged=362, early_stops=8/8
26 - INFO - chord#: 48 In build_straw_man_chord_sa. tolerance = 1, sa_iterations = 1000, initial_temperature = 3.0, cooling_rate = 0.999
26 - INFO - chord#: 52 done. best_score=140.0, changed=609, unchanged=248, early_stops=8/8
26 - INFO - chord#: 56 In build_straw_man_chord_sa. tolerance = 1, sa_iterations = 1000, initial_temperature = 3.0, cooling_rate = 0.999
26 - INFO - chord#: 52 done. best_score=119.0, changed=611, unchanged=465, early_stops=8/8
26 - INFO - chord#: 56 In build_straw_man_chord_sa. tolerance = 1, sa_iterations = 1000, initial_temperature = 3.0, cooling_rate = 0.999
26 - INFO - chord#: 48 done. best_score=27.0, changed=522, unchanged=360, early_stops=8/8
26 - INFO - chord#: 50 In build_straw_man_chord_sa. tolerance = 1, sa_iterations = 1000, initial_temperature = 3.0, cooling_rate = 0.999
26 - INFO - chord#: 46 done. best_score=96.0, changed=612, unchanged=290, early_stops=8/8
26 - INFO - chord#: 48 In build_straw_man_chord_sa. tolerance = 1, sa_iterations = 1000, initial_temperature = 3.0, cooling_rate = 0.999
26 - INFO - chord#: 50 done. best_score=27.0, changed=525, unchanged=370, early_stops=8/8
26 - INFO - chord#: 52 In build_straw_man_chord_sa. tolerance = 1, sa_iterations = 1000, initial_temperature = 3.0, cooling_rate = 0.999
26 - INFO - chord#: 48 done. best_score=27.0, changed=518, unchanged=458, early_stops=8/8
26 - INFO - chord#: 50 In build_straw_man_chord_sa. tolerance = 1, sa_iterations = 1000, initial_temperature = 3.0, cooling_rate = 0.999
26 - INFO - chord#: 50 done. best_score=27.0, changed=522, unchanged=438, early_stops=8/8
26 - INFO - chord#: 52 In build_straw_man_chord_sa. tolerance = 1, sa_iterations = 1000, initial_temperature = 3.0, cooling_rate = 0.999
26 - INFO - chord#: 48 done. best_score=27.0, changed=521, unchanged=384, early_stops=8/8
26 - INFO - chord#: 50 In build_straw_man_chord_sa. tolerance = 1, sa_iterations = 1000, initial_temperature = 3.0, cooling_rate = 0.999
26 - INFO - chord#: 52 done. best_score=140.0, changed=611, unchanged=305, early_stops=8/8
26 - INFO - chord#: 56 In build_straw_man_chord_sa. tolerance = 1, sa_iterations = 1000, initial_temperature = 3.0, cooling_rate = 0.999
26 - INFO - chord#: 56 done. best_score=27.0, changed=526, unchanged=478, early_stops=8/8
26 - INFO - chord#: 58 In build_straw_man_chord_sa. tolerance = 1, sa_iterations = 1000, initial_temperature = 3.0, cooling_rate = 0.999
26 - INFO - chord#: 56 done. best_score=27.0, changed=519, unchanged=374, early_stops=8/8
26 - INFO - chord#: 58 In build_straw_man_chord_sa. tolerance = 1, sa_iterations = 1000, initial_temperature = 3.0, cooling_rate = 0.999
26 - INFO - chord#: 50 done. best_score=27.0, changed=516, unchanged=437, early_stops=8/8
26 - INFO - chord#: 52 In build_straw_man_chord_sa. tolerance = 1, sa_iterations = 1000, initial_temperature = 3.0, cooling_rate = 0.999
26 - INFO - chord#: 48 done. best_score=27.0, changed=519, unchanged=526, early_stops=8/8
26 - INFO - chord#: 50 In build_straw_man_chord_sa. tolerance = 1, sa_iterations = 1000, initial_temperature = 3.0, cooling_rate = 0.999
26 - INFO - chord#: 58 done. best_score=67.0, changed=610, unchanged=262, early_stops=8/8
26 - INFO - chord#: 60 In build_straw_man_chord_sa. tolerance = 1, sa_iterations = 1000, initial_temperature = 3.0, cooling_rate = 0.999
26 - INFO - chord#: 50 done. best_score=27.0, changed=528, unchanged=492, early_stops=8/8
26 - INFO - chord#: 52 In build_straw_man_chord_sa. tolerance = 1, sa_iterations = 1000, initial_temperature = 3.0, cooling_rate = 0.999
26 - INFO - chord#: 50 done. best_score=27.0, changed=536, unchanged=464, early_stops=8/8
26 - INFO - chord#: 52 In build_straw_man_chord_sa. tolerance = 1, sa_iterations = 1000, initial_temperature = 3.0, cooling_rate = 0.999
26 - INFO - chord#: 56 done. best_score=27.0, changed=524, unchanged=510, early_stops=8/8
26 - INFO - chord#: 58 In build_straw_man_chord_sa. tolerance = 1, sa_iterations = 1000, initial_temperature = 3.0, cooling_rate = 0.999
26 - INFO - chord#: 58 done. best_score=96.0, changed=613, unchanged=480, early_stops=8/8
26 - INFO - chord#: 60 In build_straw_man_chord_sa. tolerance = 1, sa_iterations = 1000, initial_temperature = 3.0, cooling_rate = 0.999
26 - INFO - chord#: 58 done. best_score=67.0, changed=618, unchanged=543, early_stops=8/8
26 - INFO - chord#: 60 In build_straw_man_chord_sa. tolerance = 1, sa_iterations = 1000, initial_temperature = 3.0, cooling_rate = 0.999
26 - INFO - chord#: 52 done. best_score=140.0, changed=613, unchanged=363, early_stops=8/8
26 - INFO - chord#: 56 In build_straw_man_chord_sa. tolerance = 1, sa_iterations = 1000, initial_temperature = 3.0, cooling_rate = 0.999
26 - INFO - chord#: 60 done. best_score=27.0, changed=525, unchanged=408, early_stops=8/8
26 - INFO - chord#: 64 In build_straw_man_chord_sa. tolerance = 1, sa_iterations = 1000, initial_temperature = 3.0, cooling_rate = 0.999
26 - INFO - chord#: 50 done. best_score=27.0, changed=519, unchanged=355, early_stops=8/8
26 - INFO - chord#: 52 In build_straw_man_chord_sa. tolerance = 1, sa_iterations = 1000, initial_temperature = 3.0, cooling_rate = 0.999
26 - INFO - chord#: 58 done. best_score=67.0, changed=607, unchanged=260, early_stops=8/8
26 - INFO - chord#: 60 In build_straw_man_chord_sa. tolerance = 1, sa_iterations = 1000, initial_temperature = 3.0, cooling_rate = 0.999
26 - INFO - chord#: 60 done. best_score=27.0, changed=526, unchanged=400, early_stops=8/8
26 - INFO - chord#: 64 In build_straw_man_chord_sa. tolerance = 1, sa_iterations = 1000, initial_temperature = 3.0, cooling_rate = 0.999
26 - INFO - chord#: 60 done. best_score=27.0, changed=517, unchanged=318, early_stops=8/8
26 - INFO - chord#: 64 In build_straw_man_chord_sa. tolerance = 1, sa_iterations = 1000, initial_temperature = 3.0, cooling_rate = 0.999
26 - INFO - chord#: 52 done. best_score=67.0, changed=614, unchanged=303, early_stops=8/8
26 - INFO - chord#: 56 In build_straw_man_chord_sa. tolerance = 1, sa_iterations = 1000, initial_temperature = 3.0, cooling_rate = 0.999
26 - INFO - chord#: 52 done. best_score=137.0, changed=609, unchanged=242, early_stops=8/8
26 - INFO - chord#: 56 In build_straw_man_chord_sa. tolerance = 1, sa_iterations = 1000, initial_temperature = 3.0, cooling_rate = 0.999
26 - INFO - chord#: 64 done. best_score=27.0, changed=522, unchanged=431, early_stops=8/8
26 - INFO - chord#: 68 In build_straw_man_chord_sa. tolerance = 1, sa_iterations = 1000, initial_temperature = 3.0, cooling_rate = 0.999
26 - INFO - chord#: 56 done. best_score=27.0, changed=527, unchanged=508, early_stops=8/8
26 - INFO - chord#: 58 In build_straw_man_chord_sa. tolerance = 1, sa_iterations = 1000, initial_temperature = 3.0, cooling_rate = 0.999
26 - INFO - chord#: 60 done. best_score=27.0, changed=520, unchanged=331, early_stops=8/8
26 - INFO - chord#: 64 In build_straw_man_chord_sa. tolerance = 1, sa_iterations = 1000, initial_temperature = 3.0, cooling_rate = 0.999
26 - INFO - chord#: 64 done. best_score=27.0, changed=514, unchanged=384, early_stops=8/8
26 - INFO - chord#: 68 In build_straw_man_chord_sa. tolerance = 1, sa_iterations = 1000, initial_temperature = 3.0, cooling_rate = 0.999
26 - INFO - chord#: 58 done. best_score=96.0, changed=611, unchanged=330, early_stops=8/8
26 - INFO - chord#: 60 In build_straw_man_chord_sa. tolerance = 1, sa_iterations = 1000, initial_temperature = 3.0, cooling_rate = 0.999
26 - INFO - chord#: 58 done. best_score=137.0, changed=612, unchanged=241, early_stops=8/8
26 - INFO - chord#: 60 In build_straw_man_chord_sa. tolerance = 1, sa_iterations = 1000, initial_temperature = 3.0, cooling_rate = 0.999
26 - INFO - chord#: 64 done. best_score=27.0, changed=527, unchanged=462, early_stops=8/8
26 - INFO - chord#: 68 In build_straw_man_chord_sa. tolerance = 1, sa_iterations = 1000, initial_temperature = 3.0, cooling_rate = 0.999
26 - INFO - chord#: 68 done. best_score=27.0, changed=518, unchanged=336, early_stops=8/8
26 - INFO - chord#: 70 In build_straw_man_chord_sa. tolerance = 1, sa_iterations = 1000, initial_temperature = 3.0, cooling_rate = 0.999
26 - INFO - chord#: 56 done. best_score=27.0, changed=517, unchanged=358, early_stops=8/8
26 - INFO - chord#: 58 In build_straw_man_chord_sa. tolerance = 1, sa_iterations = 1000, initial_temperature = 3.0, cooling_rate = 0.999
26 - INFO - chord#: 64 done. best_score=27.0, changed=528, unchanged=364, early_stops=8/8
26 - INFO - chord#: 68 In build_straw_man_chord_sa. tolerance = 1, sa_iterations = 1000, initial_temperature = 3.0, cooling_rate = 0.999
26 - INFO - chord#: 68 done. best_score=27.0, changed=522, unchanged=433, early_stops=8/8
26 - INFO - chord#: 70 In build_straw_man_chord_sa. tolerance = 1, sa_iterations = 1000, initial_temperature = 3.0, cooling_rate = 0.999
26 - INFO - chord#: 56 done. best_score=27.0, changed=521, unchanged=460, early_stops=8/8
26 - INFO - chord#: 58 In build_straw_man_chord_sa. tolerance = 1, sa_iterations = 1000, initial_temperature = 3.0, cooling_rate = 0.999
26 - INFO - chord#: 60 done. best_score=27.0, changed=520, unchanged=392, early_stops=8/8
26 - INFO - chord#: 64 In build_straw_man_chord_sa. tolerance = 1, sa_iterations = 1000, initial_temperature = 3.0, cooling_rate = 0.999
26 - INFO - chord#: 52 done. best_score=137.0, changed=613, unchanged=379, early_stops=8/8
26 - INFO - chord#: 56 In build_straw_man_chord_sa. tolerance = 1, sa_iterations = 1000, initial_temperature = 3.0, cooling_rate = 0.999
26 - INFO - chord#: 68 done. best_score=27.0, changed=526, unchanged=355, early_stops=8/8
26 - INFO - chord#: 70 In build_straw_man_chord_sa. tolerance = 1, sa_iterations = 1000, initial_temperature = 3.0, cooling_rate = 0.999
26 - INFO - chord#: 60 done. best_score=27.0, changed=532, unchanged=455, early_stops=8/8
26 - INFO - chord#: 64 In build_straw_man_chord_sa. tolerance = 1, sa_iterations = 1000, initial_temperature = 3.0, cooling_rate = 0.999
26 - INFO - chord#: 52 done. best_score=67.0, changed=620, unchanged=440, early_stops=8/8
26 - INFO - chord#: 56 In build_straw_man_chord_sa. tolerance = 1, sa_iterations = 1000, initial_temperature = 3.0, cooling_rate = 0.999
26 - INFO - chord#: 68 done. best_score=27.0, changed=529, unchanged=465, early_stops=8/8
26 - INFO - chord#: 70 In build_straw_man_chord_sa. tolerance = 1, sa_iterations = 1000, initial_temperature = 3.0, cooling_rate = 0.999
26 - INFO - chord#: 52 done. best_score=78.0, changed=617, unchanged=459, early_stops=8/8
26 - INFO - chord#: 56 In build_straw_man_chord_sa. tolerance = 1, sa_iterations = 1000, initial_temperature = 3.0, cooling_rate = 0.999
26 - INFO - chord#: 64 done. best_score=27.0, changed=519, unchanged=617, early_stops=8/8
26 - INFO - chord#: 68 In build_straw_man_chord_sa. tolerance = 1, sa_iterations = 1000, initial_temperature = 3.0, cooling_rate = 0.999
26 - INFO - chord#: 58 done. best_score=67.0, changed=607, unchanged=395, early_stops=8/8
26 - INFO - chord#: 60 In build_straw_man_chord_sa. tolerance = 1, sa_iterations = 1000, initial_temperature = 3.0, cooling_rate = 0.999
26 - INFO - chord#: 70 done. best_score=70.0, changed=610, unchanged=266, early_stops=8/8
26 - INFO - chord#: 72 In build_straw_man_chord_sa. tolerance = 1, sa_iterations = 1000, initial_temperature = 3.0, cooling_rate = 0.999
26 - INFO - chord#: 64 done. best_score=27.0, changed=512, unchanged=312, early_stops=8/8
26 - INFO - chord#: 68 In build_straw_man_chord_sa. tolerance = 1, sa_iterations = 1000, initial_temperature = 3.0, cooling_rate = 0.999
26 - INFO - chord#: 56 done. best_score=27.0, changed=524, unchanged=505, early_stops=8/8
26 - INFO - chord#: 58 In build_straw_man_chord_sa. tolerance = 1, sa_iterations = 1000, initial_temperature = 3.0, cooling_rate = 0.999
26 - INFO - chord#: 56 done. best_score=27.0, changed=520, unchanged=387, early_stops=8/8
26 - INFO - chord#: 58 In build_straw_man_chord_sa. tolerance = 1, sa_iterations = 1000, initial_temperature = 3.0, cooling_rate = 0.999
26 - INFO - chord#: 72 done. best_score=11.0, changed=490, unchanged=340, early_stops=8/8
26 - INFO - chord#: 74 In build_straw_man_chord_sa. tolerance = 1, sa_iterations = 1000, initial_temperature = 3.0, cooling_rate = 0.999
26 - INFO - chord#: 70 done. best_score=111.0, changed=617, unchanged=257, early_stops=8/8
26 - INFO - chord#: 72 In build_straw_man_chord_sa. tolerance = 1, sa_iterations = 1000, initial_temperature = 3.0, cooling_rate = 0.999
26 - INFO - chord#: 68 done. best_score=27.0, changed=520, unchanged=345, early_stops=8/8
26 - INFO - chord#: 70 In build_straw_man_chord_sa. tolerance = 1, sa_iterations = 1000, initial_temperature = 3.0, cooling_rate = 0.999
26 - INFO - chord#: 70 done. best_score=70.0, changed=614, unchanged=297, early_stops=8/8
26 - INFO - chord#: 72 In build_straw_man_chord_sa. tolerance = 1, sa_iterations = 1000, initial_temperature = 3.0, cooling_rate = 0.999
26 - INFO - chord#: 60 done. best_score=27.0, changed=529, unchanged=446, early_stops=8/8
26 - INFO - chord#: 64 In build_straw_man_chord_sa. tolerance = 1, sa_iterations = 1000, initial_temperature = 3.0, cooling_rate = 0.999
26 - INFO - chord#: 72 done. best_score=11.0, changed=471, unchanged=357, early_stops=8/8
26 - INFO - chord#: 74 In build_straw_man_chord_sa. tolerance = 1, sa_iterations = 1000, initial_temperature = 3.0, cooling_rate = 0.999
26 - INFO - chord#: 56 done. best_score=27.0, changed=512, unchanged=339, early_stops=8/8
26 - INFO - chord#: 58 In build_straw_man_chord_sa. tolerance = 1, sa_iterations = 1000, initial_temperature = 3.0, cooling_rate = 0.999
26 - INFO - chord#: 72 done. best_score=11.0, changed=481, unchanged=335, early_stops=8/8
26 - INFO - chord#: 74 In build_straw_man_chord_sa. tolerance = 1, sa_iterations = 1000, initial_temperature = 3.0, cooling_rate = 0.999
26 - INFO - chord#: 68 done. best_score=27.0, changed=520, unchanged=339, early_stops=8/8
26 - INFO - chord#: 70 In build_straw_man_chord_sa. tolerance = 1, sa_iterations = 1000, initial_temperature = 3.0, cooling_rate = 0.999
26 - INFO - chord#: 58 done. best_score=137.0, changed=607, unchanged=300, early_stops=8/8
26 - INFO - chord#: 60 In build_straw_man_chord_sa. tolerance = 1, sa_iterations = 1000, initial_temperature = 3.0, cooling_rate = 0.999
26 - INFO - chord#: 58 done. best_score=67.0, changed=612, unchanged=442, early_stops=8/8
26 - INFO - chord#: 60 In build_straw_man_chord_sa. tolerance = 1, sa_iterations = 1000, initial_temperature = 3.0, cooling_rate = 0.999
26 - INFO - chord#: 64 done. best_score=27.0, changed=518, unchanged=442, early_stops=8/8
26 - INFO - chord#: 68 In build_straw_man_chord_sa. tolerance = 1, sa_iterations = 1000, initial_temperature = 3.0, cooling_rate = 0.999
26 - INFO - chord#: 70 done. best_score=70.0, changed=608, unchanged=358, early_stops=8/8
26 - INFO - chord#: 72 In build_straw_man_chord_sa. tolerance = 1, sa_iterations = 1000, initial_temperature = 3.0, cooling_rate = 0.999
26 - INFO - chord#: 72 done. best_score=11.0, changed=491, unchanged=337, early_stops=8/8
26 - INFO - chord#: 74 In build_straw_man_chord_sa. tolerance = 1, sa_iterations = 1000, initial_temperature = 3.0, cooling_rate = 0.999
26 - INFO - chord#: 60 done. best_score=27.0, changed=520, unchanged=360, early_stops=8/8
26 - INFO - chord#: 64 In build_straw_man_chord_sa. tolerance = 1, sa_iterations = 1000, initial_temperature = 3.0, cooling_rate = 0.999
26 - INFO - chord#: 74 done. best_score=127.0, changed=616, unchanged=328, early_stops=8/8
26 - INFO - chord#: 76 In build_straw_man_chord_sa. tolerance = 1, sa_iterations = 1000, initial_temperature = 3.0, cooling_rate = 0.999
26 - INFO - chord#: 58 done. best_score=96.0, changed=613, unchanged=308, early_stops=8/8
26 - INFO - chord#: 60 In build_straw_man_chord_sa. tolerance = 1, sa_iterations = 1000, initial_temperature = 3.0, cooling_rate = 0.999
26 - INFO - chord#: 60 done. best_score=27.0, changed=521, unchanged=344, early_stops=8/8
26 - INFO - chord#: 64 In build_straw_man_chord_sa. tolerance = 1, sa_iterations = 1000, initial_temperature = 3.0, cooling_rate = 0.999
26 - INFO - chord#: 68 done. best_score=27.0, changed=518, unchanged=352, early_stops=8/8
26 - INFO - chord#: 70 In build_straw_man_chord_sa. tolerance = 1, sa_iterations = 1000, initial_temperature = 3.0, cooling_rate = 0.999
26 - INFO - chord#: 58 done. best_score=67.0, changed=614, unchanged=380, early_stops=8/8
26 - INFO - chord#: 60 In build_straw_man_chord_sa. tolerance = 1, sa_iterations = 1000, initial_temperature = 3.0, cooling_rate = 0.999
26 - INFO - chord#: 74 done. best_score=165.0, changed=605, unchanged=212, early_stops=8/8
26 - INFO - chord#: 76 In build_straw_man_chord_sa. tolerance = 1, sa_iterations = 1000, initial_temperature = 3.0, cooling_rate = 0.999
26 - INFO - chord#: 64 done. best_score=27.0, changed=516, unchanged=361, early_stops=8/8
26 - INFO - chord#: 68 In build_straw_man_chord_sa. tolerance = 1, sa_iterations = 1000, initial_temperature = 3.0, cooling_rate = 0.999
26 - INFO - chord#: 70 done. best_score=70.0, changed=615, unchanged=466, early_stops=8/8
26 - INFO - chord#: 72 In build_straw_man_chord_sa. tolerance = 1, sa_iterations = 1000, initial_temperature = 3.0, cooling_rate = 0.999
26 - INFO - chord#: 70 done. best_score=70.0, changed=610, unchanged=310, early_stops=8/8
26 - INFO - chord#: 72 In build_straw_man_chord_sa. tolerance = 1, sa_iterations = 1000, initial_temperature = 3.0, cooling_rate = 0.999
26 - INFO - chord#: 74 done. best_score=94.0, changed=613, unchanged=309, early_stops=8/8
26 - INFO - chord#: 76 In build_straw_man_chord_sa. tolerance = 1, sa_iterations = 1000, initial_temperature = 3.0, cooling_rate = 0.999
26 - INFO - chord#: 60 done. best_score=27.0, changed=524, unchanged=327, early_stops=8/8
26 - INFO - chord#: 64 In build_straw_man_chord_sa. tolerance = 1, sa_iterations = 1000, initial_temperature = 3.0, cooling_rate = 0.999
26 - INFO - chord#: 76 done. best_score=27.0, changed=514, unchanged=355, early_stops=8/8
26 - INFO - chord#: 78 In build_straw_man_chord_sa. tolerance = 1, sa_iterations = 1000, initial_temperature = 3.0, cooling_rate = 0.999
26 - INFO - chord#: 72 done. best_score=11.0, changed=504, unchanged=319, early_stops=8/8
26 - INFO - chord#: 74 In build_straw_man_chord_sa. tolerance = 1, sa_iterations = 1000, initial_temperature = 3.0, cooling_rate = 0.999
26 - INFO - chord#: 72 done. best_score=11.0, changed=522, unchanged=294, early_stops=8/8
26 - INFO - chord#: 74 In build_straw_man_chord_sa. tolerance = 1, sa_iterations = 1000, initial_temperature = 3.0, cooling_rate = 0.999
26 - INFO - chord#: 58 done. best_score=96.0, changed=612, unchanged=379, early_stops=8/8
26 - INFO - chord#: 60 In build_straw_man_chord_sa. tolerance = 1, sa_iterations = 1000, initial_temperature = 3.0, cooling_rate = 0.999
26 - INFO - chord#: 64 done. best_score=27.0, changed=514, unchanged=329, early_stops=8/8
26 - INFO - chord#: 68 In build_straw_man_chord_sa. tolerance = 1, sa_iterations = 1000, initial_temperature = 3.0, cooling_rate = 0.999
26 - INFO - chord#: 60 done. best_score=27.0, changed=519, unchanged=389, early_stops=8/8
26 - INFO - chord#: 64 In build_straw_man_chord_sa. tolerance = 1, sa_iterations = 1000, initial_temperature = 3.0, cooling_rate = 0.999
26 - INFO - chord#: 68 done. best_score=27.0, changed=521, unchanged=359, early_stops=8/8
26 - INFO - chord#: 70 In build_straw_man_chord_sa. tolerance = 1, sa_iterations = 1000, initial_temperature = 3.0, cooling_rate = 0.999
26 - INFO - chord#: 76 done. best_score=27.0, changed=524, unchanged=343, early_stops=8/8
26 - INFO - chord#: 78 In build_straw_man_chord_sa. tolerance = 1, sa_iterations = 1000, initial_temperature = 3.0, cooling_rate = 0.999
26 - INFO - chord#: 74 done. best_score=94.0, changed=608, unchanged=239, early_stops=8/8
26 - INFO - chord#: 76 In build_straw_man_chord_sa. tolerance = 1, sa_iterations = 1000, initial_temperature = 3.0, cooling_rate = 0.999
26 - INFO - chord#: 64 done. best_score=27.0, changed=526, unchanged=433, early_stops=8/8
26 - INFO - chord#: 68 In build_straw_man_chord_sa. tolerance = 1, sa_iterations = 1000, initial_temperature = 3.0, cooling_rate = 0.999
26 - INFO - chord#: 76 done. best_score=27.0, changed=519, unchanged=322, early_stops=8/8
26 - INFO - chord#: 78 In build_straw_man_chord_sa. tolerance = 1, sa_iterations = 1000, initial_temperature = 3.0, cooling_rate = 0.999
26 - INFO - chord#: 70 done. best_score=149.0, changed=612, unchanged=233, early_stops=8/8
26 - INFO - chord#: 72 In build_straw_man_chord_sa. tolerance = 1, sa_iterations = 1000, initial_temperature = 3.0, cooling_rate = 0.999
26 - INFO - chord#: 60 done. best_score=27.0, changed=523, unchanged=429, early_stops=8/8
26 - INFO - chord#: 64 In build_straw_man_chord_sa. tolerance = 1, sa_iterations = 1000, initial_temperature = 3.0, cooling_rate = 0.999
26 - INFO - chord#: 72 done. best_score=11.0, changed=469, unchanged=344, early_stops=8/8
26 - INFO - chord#: 74 In build_straw_man_chord_sa. tolerance = 1, sa_iterations = 1000, initial_temperature = 3.0, cooling_rate = 0.999
26 - INFO - chord#: 68 done. best_score=27.0, changed=532, unchanged=463, early_stops=8/8
26 - INFO - chord#: 64 done. best_score=27.0, changed=524, unchanged=392, early_stops=8/8
26 - INFO - chord#: 70 In build_straw_man_chord_sa. tolerance = 1, sa_iterations = 1000, initial_temperature = 3.0, cooling_rate = 0.999
26 - INFO - chord#: 68 In build_straw_man_chord_sa. tolerance = 1, sa_iterations = 1000, initial_temperature = 3.0, cooling_rate = 0.999
26 - INFO - chord#: 68 done. best_score=27.0, changed=521, unchanged=372, early_stops=8/8
26 - INFO - chord#: 70 In build_straw_man_chord_sa. tolerance = 1, sa_iterations = 1000, initial_temperature = 3.0, cooling_rate = 0.999
26 - INFO - chord#: 76 done. best_score=27.0, changed=523, unchanged=458, early_stops=8/8
26 - INFO - chord#: 78 In build_straw_man_chord_sa. tolerance = 1, sa_iterations = 1000, initial_temperature = 3.0, cooling_rate = 0.999
26 - INFO - chord#: 68 done. best_score=27.0, changed=516, unchanged=369, early_stops=8/8
26 - INFO - chord#: 70 In build_straw_man_chord_sa. tolerance = 1, sa_iterations = 1000, initial_temperature = 3.0, cooling_rate = 0.999
26 - INFO - chord#: 74 done. best_score=185.0, changed=607, unchanged=204, early_stops=8/8
26 - INFO - chord#: 76 In build_straw_man_chord_sa. tolerance = 1, sa_iterations = 1000, initial_temperature = 3.0, cooling_rate = 0.999
26 - INFO - chord#: 64 done. best_score=27.0, changed=515, unchanged=364, early_stops=8/8
26 - INFO - chord#: 68 In build_straw_man_chord_sa. tolerance = 1, sa_iterations = 1000, initial_temperature = 3.0, cooling_rate = 0.999
26 - INFO - chord#: 70 done. best_score=70.0, changed=617, unchanged=434, early_stops=8/8
26 - INFO - chord#: 72 In build_straw_man_chord_sa. tolerance = 1, sa_iterations = 1000, initial_temperature = 3.0, cooling_rate = 0.999
26 - INFO - chord#: 74 done. best_score=147.0, changed=617, unchanged=433, early_stops=8/8
26 - INFO - chord#: 76 In build_straw_man_chord_sa. tolerance = 1, sa_iterations = 1000, initial_temperature = 3.0, cooling_rate = 0.999
26 - INFO - chord#: 78 done. best_score=74.0, changed=617, unchanged=400, early_stops=8/8
26 - INFO - chord#: 80 In build_straw_man_chord_sa. tolerance = 1, sa_iterations = 1000, initial_temperature = 3.0, cooling_rate = 0.999
26 - INFO - chord#: 72 done. best_score=11.0, changed=480, unchanged=350, early_stops=8/8
26 - INFO - chord#: 74 In build_straw_man_chord_sa. tolerance = 1, sa_iterations = 1000, initial_temperature = 3.0, cooling_rate = 0.999
26 - INFO - chord#: 74 done. best_score=147.0, changed=611, unchanged=266, early_stops=8/8
26 - INFO - chord#: 76 In build_straw_man_chord_sa. tolerance = 1, sa_iterations = 1000, initial_temperature = 3.0, cooling_rate = 0.999
26 - INFO - chord#: 76 done. best_score=27.0, changed=521, unchanged=369, early_stops=8/8
26 - INFO - chord#: 78 In build_straw_man_chord_sa. tolerance = 1, sa_iterations = 1000, initial_temperature = 3.0, cooling_rate = 0.999
26 - INFO - chord#: 70 done. best_score=111.0, changed=612, unchanged=246, early_stops=8/8
26 - INFO - chord#: 72 In build_straw_man_chord_sa. tolerance = 1, sa_iterations = 1000, initial_temperature = 3.0, cooling_rate = 0.999
26 - INFO - chord#: 68 done. best_score=27.0, changed=536, unchanged=564, early_stops=8/8
26 - INFO - chord#: 70 In build_straw_man_chord_sa. tolerance = 1, sa_iterations = 1000, initial_temperature = 3.0, cooling_rate = 0.999
26 - INFO - chord#: 76 done. best_score=27.0, changed=513, unchanged=322, early_stops=8/8
26 - INFO - chord#: 78 In build_straw_man_chord_sa. tolerance = 1, sa_iterations = 1000, initial_temperature = 3.0, cooling_rate = 0.999
26 - INFO - chord#: 78 done. best_score=149.0, changed=610, unchanged=291, early_stops=8/8
26 - INFO - chord#: 80 In build_straw_man_chord_sa. tolerance = 1, sa_iterations = 1000, initial_temperature = 3.0, cooling_rate = 0.999
26 - INFO - chord#: 80 done. best_score=27.0, changed=518, unchanged=393, early_stops=8/8
26 - INFO - chord#: 82 In build_straw_man_chord_sa. tolerance = 1, sa_iterations = 1000, initial_temperature = 3.0, cooling_rate = 0.999
26 - INFO - chord#: 72 done. best_score=11.0, changed=487, unchanged=338, early_stops=8/8
26 - INFO - chord#: 74 In build_straw_man_chord_sa. tolerance = 1, sa_iterations = 1000, initial_temperature = 3.0, cooling_rate = 0.999
26 - INFO - chord#: 70 done. best_score=104.0, changed=606, unchanged=223, early_stops=8/8
26 - INFO - chord#: 72 In build_straw_man_chord_sa. tolerance = 1, sa_iterations = 1000, initial_temperature = 3.0, cooling_rate = 0.999
26 - INFO - chord#: 78 done. best_score=141.0, changed=614, unchanged=419, early_stops=8/8
26 - INFO - chord#: 80 In build_straw_man_chord_sa. tolerance = 1, sa_iterations = 1000, initial_temperature = 3.0, cooling_rate = 0.999
26 - INFO - chord#: 76 done. best_score=27.0, changed=521, unchanged=345, early_stops=8/8
26 - INFO - chord#: 78 In build_straw_man_chord_sa. tolerance = 1, sa_iterations = 1000, initial_temperature = 3.0, cooling_rate = 0.999
26 - INFO - chord#: 70 done. best_score=70.0, changed=614, unchanged=409, early_stops=8/8
26 - INFO - chord#: 72 In build_straw_man_chord_sa. tolerance = 1, sa_iterations = 1000, initial_temperature = 3.0, cooling_rate = 0.999
26 - INFO - chord#: 72 done. best_score=11.0, changed=527, unchanged=289, early_stops=8/8
26 - INFO - chord#: 74 In build_straw_man_chord_sa. tolerance = 1, sa_iterations = 1000, initial_temperature = 3.0, cooling_rate = 0.999
26 - INFO - chord#: 72 done. best_score=11.0, changed=495, unchanged=359, early_stops=8/8
26 - INFO - chord#: 74 In build_straw_man_chord_sa. tolerance = 1, sa_iterations = 1000, initial_temperature = 3.0, cooling_rate = 0.999
26 - INFO - chord#: 82 done. best_score=36.0, changed=528, unchanged=509, early_stops=8/8
26 - INFO - chord#: 84 In build_straw_man_chord_sa. tolerance = 1, sa_iterations = 1000, initial_temperature = 3.0, cooling_rate = 0.999
26 - INFO - chord#: 78 done. best_score=74.0, changed=610, unchanged=250, early_stops=8/8
26 - INFO - chord#: 80 In build_straw_man_chord_sa. tolerance = 1, sa_iterations = 1000, initial_temperature = 3.0, cooling_rate = 0.999
26 - INFO - chord#: 80 done. best_score=27.0, changed=523, unchanged=366, early_stops=8/8
26 - INFO - chord#: 82 In build_straw_man_chord_sa. tolerance = 1, sa_iterations = 1000, initial_temperature = 3.0, cooling_rate = 0.999
26 - INFO - chord#: 74 done. best_score=94.0, changed=615, unchanged=327, early_stops=8/8
26 - INFO - chord#: 76 In build_straw_man_chord_sa. tolerance = 1, sa_iterations = 1000, initial_temperature = 3.0, cooling_rate = 0.999
26 - INFO - chord#: 80 done. best_score=27.0, changed=522, unchanged=450, early_stops=8/8
26 - INFO - chord#: 82 In build_straw_man_chord_sa. tolerance = 1, sa_iterations = 1000, initial_temperature = 3.0, cooling_rate = 0.999
26 - INFO - chord#: 84 done. best_score=27.0, changed=516, unchanged=346, early_stops=8/8
26 - INFO - chord#: 86 In build_straw_man_chord_sa. tolerance = 1, sa_iterations = 1000, initial_temperature = 3.0, cooling_rate = 0.999
26 - INFO - chord#: 78 done. best_score=74.0, changed=605, unchanged=225, early_stops=8/8
26 - INFO - chord#: 80 In build_straw_man_chord_sa. tolerance = 1, sa_iterations = 1000, initial_temperature = 3.0, cooling_rate = 0.999
26 - INFO - chord#: 74 done. best_score=153.0, changed=614, unchanged=305, early_stops=8/8
26 - INFO - chord#: 76 done. best_score=27.0, changed=540, unchanged=369, early_stops=8/8
26 - INFO - chord#: 76 In build_straw_man_chord_sa. tolerance = 1, sa_iterations = 1000, initial_temperature = 3.0, cooling_rate = 0.999
26 - INFO - chord#: 78 In build_straw_man_chord_sa. tolerance = 1, sa_iterations = 1000, initial_temperature = 3.0, cooling_rate = 0.999
26 - INFO - chord#: 70 done. best_score=149.0, changed=611, unchanged=291, early_stops=8/8
26 - INFO - chord#: 72 In build_straw_man_chord_sa. tolerance = 1, sa_iterations = 1000, initial_temperature = 3.0, cooling_rate = 0.999
26 - INFO - chord#: 80 done. best_score=27.0, changed=525, unchanged=396, early_stops=8/8
26 - INFO - chord#: 82 In build_straw_man_chord_sa. tolerance = 1, sa_iterations = 1000, initial_temperature = 3.0, cooling_rate = 0.999
26 - INFO - chord#: 82 done. best_score=36.0, changed=522, unchanged=380, early_stops=8/8
26 - INFO - chord#: 84 In build_straw_man_chord_sa. tolerance = 1, sa_iterations = 1000, initial_temperature = 3.0, cooling_rate = 0.999
26 - INFO - chord#: 78 done. best_score=148.0, changed=615, unchanged=287, early_stops=8/8
26 - INFO - chord#: 80 In build_straw_man_chord_sa. tolerance = 1, sa_iterations = 1000, initial_temperature = 3.0, cooling_rate = 0.999
26 - INFO - chord#: 72 done. best_score=11.0, changed=476, unchanged=333, early_stops=8/8
26 - INFO - chord#: 74 In build_straw_man_chord_sa. tolerance = 1, sa_iterations = 1000, initial_temperature = 3.0, cooling_rate = 0.999
26 - INFO - chord#: 74 done. best_score=94.0, changed=613, unchanged=330, early_stops=8/8
26 - INFO - chord#: 76 In build_straw_man_chord_sa. tolerance = 1, sa_iterations = 1000, initial_temperature = 3.0, cooling_rate = 0.999
26 - INFO - chord#: 82 done. best_score=36.0, changed=534, unchanged=515, early_stops=8/8
26 - INFO - chord#: 84 In build_straw_man_chord_sa. tolerance = 1, sa_iterations = 1000, initial_temperature = 3.0, cooling_rate = 0.999
26 - INFO - chord#: 80 done. best_score=27.0, changed=510, unchanged=340, early_stops=8/8
26 - INFO - chord#: 82 In build_straw_man_chord_sa. tolerance = 1, sa_iterations = 1000, initial_temperature = 3.0, cooling_rate = 0.999
26 - INFO - chord#: 78 done. best_score=141.0, changed=617, unchanged=453, early_stops=8/8
26 - INFO - chord#: 80 In build_straw_man_chord_sa. tolerance = 1, sa_iterations = 1000, initial_temperature = 3.0, cooling_rate = 0.999
26 - INFO - chord#: 76 done. best_score=27.0, changed=530, unchanged=440, early_stops=8/8
26 - INFO - chord#: 78 In build_straw_man_chord_sa. tolerance = 1, sa_iterations = 1000, initial_temperature = 3.0, cooling_rate = 0.999
26 - INFO - chord#: 74 done. best_score=131.0, changed=611, unchanged=236, early_stops=8/8
26 - INFO - chord#: 76 In build_straw_man_chord_sa. tolerance = 1, sa_iterations = 1000, initial_temperature = 3.0, cooling_rate = 0.999
26 - INFO - chord#: 80 done. best_score=27.0, changed=522, unchanged=407, early_stops=8/8
26 - INFO - chord#: 82 In build_straw_man_chord_sa. tolerance = 1, sa_iterations = 1000, initial_temperature = 3.0, cooling_rate = 0.999
26 - INFO - chord#: 82 done. best_score=36.0, changed=519, unchanged=406, early_stops=8/8
26 - INFO - chord#: 84 In build_straw_man_chord_sa. tolerance = 1, sa_iterations = 1000, initial_temperature = 3.0, cooling_rate = 0.999
26 - INFO - chord#: 84 done. best_score=27.0, changed=526, unchanged=326, early_stops=8/8
26 - INFO - chord#: 86 In build_straw_man_chord_sa. tolerance = 1, sa_iterations = 1000, initial_temperature = 3.0, cooling_rate = 0.999
26 - INFO - chord#: 82 done. best_score=36.0, changed=520, unchanged=365, early_stops=8/8
26 - INFO - chord#: 84 In build_straw_man_chord_sa. tolerance = 1, sa_iterations = 1000, initial_temperature = 3.0, cooling_rate = 0.999
26 - INFO - chord#: 76 done. best_score=27.0, changed=525, unchanged=352, early_stops=8/8
26 - INFO - chord#: 78 In build_straw_man_chord_sa. tolerance = 1, sa_iterations = 1000, initial_temperature = 3.0, cooling_rate = 0.999
26 - INFO - chord#: 84 done. best_score=27.0, changed=529, unchanged=467, early_stops=8/8
26 - INFO - chord#: 86 In build_straw_man_chord_sa. tolerance = 1, sa_iterations = 1000, initial_temperature = 3.0, cooling_rate = 0.999
26 - INFO - chord#: 76 done. best_score=27.0, changed=520, unchanged=315, early_stops=8/8
26 - INFO - chord#: 78 In build_straw_man_chord_sa. tolerance = 1, sa_iterations = 1000, initial_temperature = 3.0, cooling_rate = 0.999
26 - INFO - chord#: 84 done. best_score=27.0, changed=519, unchanged=402, early_stops=8/8
26 - INFO - chord#: 86 In build_straw_man_chord_sa. tolerance = 1, sa_iterations = 1000, initial_temperature = 3.0, cooling_rate = 0.999
26 - INFO - chord#: 86 done. best_score=129.0, changed=616, unchanged=425, early_stops=8/8
26 - INFO - chord#: 88 In build_straw_man_chord_sa. tolerance = 1, sa_iterations = 1000, initial_temperature = 3.0, cooling_rate = 0.999
26 - INFO - chord#: 82 done. best_score=36.0, changed=520, unchanged=411, early_stops=8/8
26 - INFO - chord#: 84 In build_straw_man_chord_sa. tolerance = 1, sa_iterations = 1000, initial_temperature = 3.0, cooling_rate = 0.999
26 - INFO - chord#: 80 done. best_score=27.0, changed=527, unchanged=597, early_stops=8/8
26 - INFO - chord#: 82 In build_straw_man_chord_sa. tolerance = 1, sa_iterations = 1000, initial_temperature = 3.0, cooling_rate = 0.999
26 - INFO - chord#: 78 done. best_score=74.0, changed=612, unchanged=367, early_stops=8/8
26 - INFO - chord#: 80 In build_straw_man_chord_sa. tolerance = 1, sa_iterations = 1000, initial_temperature = 3.0, cooling_rate = 0.999
26 - INFO - chord#: 84 done. best_score=27.0, changed=513, unchanged=375, early_stops=8/8
26 - INFO - chord#: 86 In build_straw_man_chord_sa. tolerance = 1, sa_iterations = 1000, initial_temperature = 3.0, cooling_rate = 0.999
26 - INFO - chord#: 74 done. best_score=147.0, changed=611, unchanged=390, early_stops=8/8
26 - INFO - chord#: 76 In build_straw_man_chord_sa. tolerance = 1, sa_iterations = 1000, initial_temperature = 3.0, cooling_rate = 0.999
26 - INFO - chord#: 84 done. best_score=27.0, changed=531, unchanged=581, early_stops=8/8
26 - INFO - chord#: 86 In build_straw_man_chord_sa. tolerance = 1, sa_iterations = 1000, initial_temperature = 3.0, cooling_rate = 0.999
26 - INFO - chord#: 78 done. best_score=74.0, changed=611, unchanged=318, early_stops=8/8
26 - INFO - chord#: 80 In build_straw_man_chord_sa. tolerance = 1, sa_iterations = 1000, initial_temperature = 3.0, cooling_rate = 0.999
26 - INFO - chord#: 88 done. best_score=27.0, changed=523, unchanged=366, early_stops=8/8
26 - INFO - chord#: 90 In build_straw_man_chord_sa. tolerance = 1, sa_iterations = 1000, initial_temperature = 3.0, cooling_rate = 0.999
26 - INFO - chord#: 80 done. best_score=27.0, changed=517, unchanged=467, early_stops=8/8
26 - INFO - chord#: 82 In build_straw_man_chord_sa. tolerance = 1, sa_iterations = 1000, initial_temperature = 3.0, cooling_rate = 0.999
26 - INFO - chord#: 82 done. best_score=36.0, changed=522, unchanged=349, early_stops=8/8
26 - INFO - chord#: 84 In build_straw_man_chord_sa. tolerance = 1, sa_iterations = 1000, initial_temperature = 3.0, cooling_rate = 0.999
26 - INFO - chord#: 78 done. best_score=121.0, changed=613, unchanged=261, early_stops=8/8
26 - INFO - chord#: 80 In build_straw_man_chord_sa. tolerance = 1, sa_iterations = 1000, initial_temperature = 3.0, cooling_rate = 0.999
26 - INFO - chord#: 86 done. best_score=129.0, changed=609, unchanged=340, early_stops=8/8
26 - INFO - chord#: 88 In build_straw_man_chord_sa. tolerance = 1, sa_iterations = 1000, initial_temperature = 3.0, cooling_rate = 0.999
26 - INFO - chord#: 78 done. best_score=74.0, changed=611, unchanged=223, early_stops=8/8
26 - INFO - chord#: 80 In build_straw_man_chord_sa. tolerance = 1, sa_iterations = 1000, initial_temperature = 3.0, cooling_rate = 0.999
26 - INFO - chord#: 82 done. best_score=36.0, changed=516, unchanged=334, early_stops=8/8
26 - INFO - chord#: 84 In build_straw_man_chord_sa. tolerance = 1, sa_iterations = 1000, initial_temperature = 3.0, cooling_rate = 0.999
26 - INFO - chord#: 80 done. best_score=27.0, changed=522, unchanged=384, early_stops=8/8
26 - INFO - chord#: 86 done. best_score=129.0, changed=611, unchanged=320, early_stops=8/8
26 - INFO - chord#: 82 In build_straw_man_chord_sa. tolerance = 1, sa_iterations = 1000, initial_temperature = 3.0, cooling_rate = 0.999
26 - INFO - chord#: 88 In build_straw_man_chord_sa. tolerance = 1, sa_iterations = 1000, initial_temperature = 3.0, cooling_rate = 0.999
26 - INFO - chord#: 80 done. best_score=27.0, changed=519, unchanged=313, early_stops=8/8
26 - INFO - chord#: 82 In build_straw_man_chord_sa. tolerance = 1, sa_iterations = 1000, initial_temperature = 3.0, cooling_rate = 0.999
26 - INFO - chord#: 76 done. best_score=27.0, changed=513, unchanged=332, early_stops=8/8
26 - INFO - chord#: 78 In build_straw_man_chord_sa. tolerance = 1, sa_iterations = 1000, initial_temperature = 3.0, cooling_rate = 0.999
26 - INFO - chord#: 86 done. best_score=150.0, changed=608, unchanged=257, early_stops=8/8
26 - INFO - chord#: 88 In build_straw_man_chord_sa. tolerance = 1, sa_iterations = 1000, initial_temperature = 3.0, cooling_rate = 0.999
26 - INFO - chord#: 88 done. best_score=27.0, changed=530, unchanged=420, early_stops=8/8
26 - INFO - chord#: 90 In build_straw_man_chord_sa. tolerance = 1, sa_iterations = 1000, initial_temperature = 3.0, cooling_rate = 0.999
26 - INFO - chord#: 84 done. best_score=27.0, changed=523, unchanged=497, early_stops=8/8
26 - INFO - chord#: 86 In build_straw_man_chord_sa. tolerance = 1, sa_iterations = 1000, initial_temperature = 3.0, cooling_rate = 0.999
26 - INFO - chord#: 80 done. best_score=27.0, changed=526, unchanged=459, early_stops=8/8
26 - INFO - chord#: 82 In build_straw_man_chord_sa. tolerance = 1, sa_iterations = 1000, initial_temperature = 3.0, cooling_rate = 0.999
26 - INFO - chord#: 86 done. best_score=94.0, changed=611, unchanged=270, early_stops=8/8
26 - INFO - chord#: 88 In build_straw_man_chord_sa. tolerance = 1, sa_iterations = 1000, initial_temperature = 3.0, cooling_rate = 0.999
26 - INFO - chord#: 86 done. best_score=150.0, changed=608, unchanged=225, early_stops=8/8
26 - INFO - chord#: 88 In build_straw_man_chord_sa. tolerance = 1, sa_iterations = 1000, initial_temperature = 3.0, cooling_rate = 0.999
26 - INFO - chord#: 84 done. best_score=27.0, changed=525, unchanged=448, early_stops=8/8
26 - INFO - chord#: 86 In build_straw_man_chord_sa. tolerance = 1, sa_iterations = 1000, initial_temperature = 3.0, cooling_rate = 0.999
26 - INFO - chord#: 82 done. best_score=36.0, changed=533, unchanged=520, early_stops=8/8
26 - INFO - chord#: 84 In build_straw_man_chord_sa. tolerance = 1, sa_iterations = 1000, initial_temperature = 3.0, cooling_rate = 0.999
26 - INFO - chord#: 82 done. best_score=36.0, changed=520, unchanged=402, early_stops=8/8
26 - INFO - chord#: 84 In build_straw_man_chord_sa. tolerance = 1, sa_iterations = 1000, initial_temperature = 3.0, cooling_rate = 0.999
26 - INFO - chord#: 88 done. best_score=27.0, changed=524, unchanged=361, early_stops=8/8
26 - INFO - chord#: 90 In build_straw_man_chord_sa. tolerance = 1, sa_iterations = 1000, initial_temperature = 3.0, cooling_rate = 0.999
26 - INFO - chord#: 88 done. best_score=27.0, changed=520, unchanged=336, early_stops=8/8
26 - INFO - chord#: 90 In build_straw_man_chord_sa. tolerance = 1, sa_iterations = 1000, initial_temperature = 3.0, cooling_rate = 0.999
26 - INFO - chord#: 82 done. best_score=36.0, changed=513, unchanged=351, early_stops=8/8
26 - INFO - chord#: 84 In build_straw_man_chord_sa. tolerance = 1, sa_iterations = 1000, initial_temperature = 3.0, cooling_rate = 0.999
26 - INFO - chord#: 88 done. best_score=27.0, changed=524, unchanged=328, early_stops=8/8
26 - INFO - chord#: 90 In build_straw_man_chord_sa. tolerance = 1, sa_iterations = 1000, initial_temperature = 3.0, cooling_rate = 0.999
26 - INFO - chord#: 90 done. best_score=70.0, changed=612, unchanged=380, early_stops=8/8
26 - INFO - chord#: 92 In build_straw_man_chord_sa. tolerance = 1, sa_iterations = 1000, initial_temperature = 3.0, cooling_rate = 0.999
26 - INFO - chord#: 88 done. best_score=27.0, changed=526, unchanged=468, early_stops=8/8
26 - INFO - chord#: 90 In build_straw_man_chord_sa. tolerance = 1, sa_iterations = 1000, initial_temperature = 3.0, cooling_rate = 0.999
26 - INFO - chord#: 84 done. best_score=27.0, changed=518, unchanged=415, early_stops=8/8
26 - INFO - chord#: 86 In build_straw_man_chord_sa. tolerance = 1, sa_iterations = 1000, initial_temperature = 3.0, cooling_rate = 0.999
26 - INFO - chord#: 84 done. best_score=27.0, changed=524, unchanged=338, early_stops=8/8
26 - INFO - chord#: 86 In build_straw_man_chord_sa. tolerance = 1, sa_iterations = 1000, initial_temperature = 3.0, cooling_rate = 0.999
26 - INFO - chord#: 84 done. best_score=27.0, changed=515, unchanged=361, early_stops=8/8
26 - INFO - chord#: 86 In build_straw_man_chord_sa. tolerance = 1, sa_iterations = 1000, initial_temperature = 3.0, cooling_rate = 0.999
26 - INFO - chord#: 90 done. best_score=70.0, changed=609, unchanged=325, early_stops=8/8
26 - INFO - chord#: 92 In build_straw_man_chord_sa. tolerance = 1, sa_iterations = 1000, initial_temperature = 3.0, cooling_rate = 0.999
26 - INFO - chord#: 86 done. best_score=94.0, changed=609, unchanged=241, early_stops=8/8
26 - INFO - chord#: 88 In build_straw_man_chord_sa. tolerance = 1, sa_iterations = 1000, initial_temperature = 3.0, cooling_rate = 0.999
26 - INFO - chord#: 92 done. best_score=27.0, changed=519, unchanged=366, early_stops=8/8
26 - INFO - chord#: 96 In build_straw_man_chord_sa. tolerance = 1, sa_iterations = 1000, initial_temperature = 3.0, cooling_rate = 0.999
26 - INFO - chord#: 78 done. best_score=149.0, changed=613, unchanged=304, early_stops=8/8
26 - INFO - chord#: 80 In build_straw_man_chord_sa. tolerance = 1, sa_iterations = 1000, initial_temperature = 3.0, cooling_rate = 0.999
26 - INFO - chord#: 86 done. best_score=94.0, changed=617, unchanged=286, early_stops=8/8
26 - INFO - chord#: 88 In build_straw_man_chord_sa. tolerance = 1, sa_iterations = 1000, initial_temperature = 3.0, cooling_rate = 0.999
26 - INFO - chord#: 92 done. best_score=27.0, changed=521, unchanged=408, early_stops=8/8
26 - INFO - chord#: 96 In build_straw_man_chord_sa. tolerance = 1, sa_iterations = 1000, initial_temperature = 3.0, cooling_rate = 0.999
26 - INFO - chord#: 90 done. best_score=70.0, changed=606, unchanged=243, early_stops=8/8
26 - INFO - chord#: 92 In build_straw_man_chord_sa. tolerance = 1, sa_iterations = 1000, initial_temperature = 3.0, cooling_rate = 0.999
26 - INFO - chord#: 90 done. best_score=70.0, changed=613, unchanged=336, early_stops=8/8
26 - INFO - chord#: 92 In build_straw_man_chord_sa. tolerance = 1, sa_iterations = 1000, initial_temperature = 3.0, cooling_rate = 0.999
26 - INFO - chord#: 90 done. best_score=70.0, changed=613, unchanged=356, early_stops=8/8
26 - INFO - chord#: 92 In build_straw_man_chord_sa. tolerance = 1, sa_iterations = 1000, initial_temperature = 3.0, cooling_rate = 0.999
26 - INFO - chord#: 88 done. best_score=27.0, changed=526, unchanged=370, early_stops=8/8
26 - INFO - chord#: 90 In build_straw_man_chord_sa. tolerance = 1, sa_iterations = 1000, initial_temperature = 3.0, cooling_rate = 0.999
26 - INFO - chord#: 86 done. best_score=147.0, changed=605, unchanged=233, early_stops=8/8
26 - INFO - chord#: 88 In build_straw_man_chord_sa. tolerance = 1, sa_iterations = 1000, initial_temperature = 3.0, cooling_rate = 0.999
26 - INFO - chord#: 86 done. best_score=147.0, changed=617, unchanged=319, early_stops=8/8
26 - INFO - chord#: 88 In build_straw_man_chord_sa. tolerance = 1, sa_iterations = 1000, initial_temperature = 3.0, cooling_rate = 0.999
26 - INFO - chord#: 96 done. best_score=27.0, changed=530, unchanged=368, early_stops=8/8
26 - INFO - chord#: 98 In build_straw_man_chord_sa. tolerance = 1, sa_iterations = 1000, initial_temperature = 3.0, cooling_rate = 0.999
26 - INFO - chord#: 88 done. best_score=27.0, changed=519, unchanged=321, early_stops=8/8
26 - INFO - chord#: 90 In build_straw_man_chord_sa. tolerance = 1, sa_iterations = 1000, initial_temperature = 3.0, cooling_rate = 0.999
26 - INFO - chord#: 86 done. best_score=150.0, changed=611, unchanged=273, early_stops=8/8
26 - INFO - chord#: 88 In build_straw_man_chord_sa. tolerance = 1, sa_iterations = 1000, initial_temperature = 3.0, cooling_rate = 0.999
26 - INFO - chord#: 80 done. best_score=27.0, changed=521, unchanged=506, early_stops=8/8
26 - INFO - chord#: 82 In build_straw_man_chord_sa. tolerance = 1, sa_iterations = 1000, initial_temperature = 3.0, cooling_rate = 0.999
26 - INFO - chord#: 96 done. best_score=27.0, changed=533, unchanged=515, early_stops=8/8
26 - INFO - chord#: 98 In build_straw_man_chord_sa. tolerance = 1, sa_iterations = 1000, initial_temperature = 3.0, cooling_rate = 0.999
26 - INFO - chord#: 90 done. best_score=70.0, changed=613, unchanged=381, early_stops=8/8
26 - INFO - chord#: 92 In build_straw_man_chord_sa. tolerance = 1, sa_iterations = 1000, initial_temperature = 3.0, cooling_rate = 0.999
26 - INFO - chord#: 92 done. best_score=27.0, changed=518, unchanged=392, early_stops=8/8
26 - INFO - chord#: 96 In build_straw_man_chord_sa. tolerance = 1, sa_iterations = 1000, initial_temperature = 3.0, cooling_rate = 0.999
26 - INFO - chord#: 92 done. best_score=27.0, changed=525, unchanged=479, early_stops=8/8
26 - INFO - chord#: 96 In build_straw_man_chord_sa. tolerance = 1, sa_iterations = 1000, initial_temperature = 3.0, cooling_rate = 0.999
26 - INFO - chord#: 88 done. best_score=27.0, changed=530, unchanged=441, early_stops=8/8
26 - INFO - chord#: 90 In build_straw_man_chord_sa. tolerance = 1, sa_iterations = 1000, initial_temperature = 3.0, cooling_rate = 0.999
26 - INFO - chord#: 92 done. best_score=27.0, changed=522, unchanged=532, early_stops=8/8
26 - INFO - chord#: 96 In build_straw_man_chord_sa. tolerance = 1, sa_iterations = 1000, initial_temperature = 3.0, cooling_rate = 0.999
26 - INFO - chord#: 88 done. best_score=27.0, changed=525, unchanged=393, early_stops=8/8
26 - INFO - chord#: 90 In build_straw_man_chord_sa. tolerance = 1, sa_iterations = 1000, initial_temperature = 3.0, cooling_rate = 0.999
26 - INFO - chord#: 88 done. best_score=27.0, changed=523, unchanged=356, early_stops=8/8
26 - INFO - chord#: 90 In build_straw_man_chord_sa. tolerance = 1, sa_iterations = 1000, initial_temperature = 3.0, cooling_rate = 0.999
26 - INFO - chord#: 82 done. best_score=36.0, changed=523, unchanged=365, early_stops=8/8
26 - INFO - chord#: 84 In build_straw_man_chord_sa. tolerance = 1, sa_iterations = 1000, initial_temperature = 3.0, cooling_rate = 0.999
26 - INFO - chord#: 96 done. best_score=27.0, changed=527, unchanged=459, early_stops=8/8
26 - INFO - chord#: 98 In build_straw_man_chord_sa. tolerance = 1, sa_iterations = 1000, initial_temperature = 3.0, cooling_rate = 0.999
26 - INFO - chord#: 92 done. best_score=27.0, changed=527, unchanged=432, early_stops=8/8
26 - INFO - chord#: 96 In build_straw_man_chord_sa. tolerance = 1, sa_iterations = 1000, initial_temperature = 3.0, cooling_rate = 0.999
26 - INFO - chord#: 96 done. best_score=27.0, changed=521, unchanged=396, early_stops=8/8
26 - INFO - chord#: 98 In build_straw_man_chord_sa. tolerance = 1, sa_iterations = 1000, initial_temperature = 3.0, cooling_rate = 0.999
26 - INFO - chord#: 90 done. best_score=70.0, changed=615, unchanged=409, early_stops=8/8
26 - INFO - chord#: 92 In build_straw_man_chord_sa. tolerance = 1, sa_iterations = 1000, initial_temperature = 3.0, cooling_rate = 0.999
26 - INFO - chord#: 96 done. best_score=27.0, changed=523, unchanged=420, early_stops=8/8
26 - INFO - chord#: 98 In build_straw_man_chord_sa. tolerance = 1, sa_iterations = 1000, initial_temperature = 3.0, cooling_rate = 0.999
26 - INFO - chord#: 84 done. best_score=27.0, changed=524, unchanged=385, early_stops=8/8
26 - INFO - chord#: 90 done. best_score=70.0, changed=609, unchanged=290, early_stops=8/8
26 - INFO - chord#: 86 In build_straw_man_chord_sa. tolerance = 1, sa_iterations = 1000, initial_temperature = 3.0, cooling_rate = 0.999
26 - INFO - chord#: 92 In build_straw_man_chord_sa. tolerance = 1, sa_iterations = 1000, initial_temperature = 3.0, cooling_rate = 0.999
26 - INFO - chord#: 98 done. best_score=64.0, changed=609, unchanged=375, early_stops=8/8
26 - INFO - chord#: 100 In build_straw_man_chord_sa. tolerance = 1, sa_iterations = 1000, initial_temperature = 3.0, cooling_rate = 0.999
26 - INFO - chord#: 90 done. best_score=70.0, changed=609, unchanged=272, early_stops=8/8
26 - INFO - chord#: 92 In build_straw_man_chord_sa. tolerance = 1, sa_iterations = 1000, initial_temperature = 3.0, cooling_rate = 0.999
26 - INFO - chord#: 98 done. best_score=64.0, changed=612, unchanged=422, early_stops=8/8
26 - INFO - chord#: 100 In build_straw_man_chord_sa. tolerance = 1, sa_iterations = 1000, initial_temperature = 3.0, cooling_rate = 0.999
26 - INFO - chord#: 96 done. best_score=27.0, changed=523, unchanged=393, early_stops=8/8
26 - INFO - chord#: 98 In build_straw_man_chord_sa. tolerance = 1, sa_iterations = 1000, initial_temperature = 3.0, cooling_rate = 0.999
26 - INFO - chord#: 90 done. best_score=145.0, changed=609, unchanged=283, early_stops=8/8
26 - INFO - chord#: 92 In build_straw_man_chord_sa. tolerance = 1, sa_iterations = 1000, initial_temperature = 3.0, cooling_rate = 0.999
26 - INFO - chord#: 92 done. best_score=27.0, changed=529, unchanged=455, early_stops=8/8
26 - INFO - chord#: 96 In build_straw_man_chord_sa. tolerance = 1, sa_iterations = 1000, initial_temperature = 3.0, cooling_rate = 0.999
26 - INFO - chord#: 98 done. best_score=162.0, changed=609, unchanged=198, early_stops=8/8
26 - INFO - chord#: 100 In build_straw_man_chord_sa. tolerance = 1, sa_iterations = 1000, initial_temperature = 3.0, cooling_rate = 0.999
26 - INFO - chord#: 90 done. best_score=70.0, changed=621, unchanged=492, early_stops=8/8
26 - INFO - chord#: 92 In build_straw_man_chord_sa. tolerance = 1, sa_iterations = 1000, initial_temperature = 3.0, cooling_rate = 0.999
26 - INFO - chord#: 92 done. best_score=27.0, changed=517, unchanged=356, early_stops=8/8
26 - INFO - chord#: 96 In build_straw_man_chord_sa. tolerance = 1, sa_iterations = 1000, initial_temperature = 3.0, cooling_rate = 0.999
26 - INFO - chord#: 100 done. best_score=27.0, changed=526, unchanged=364, early_stops=8/8
26 - INFO - chord#: 102 In build_straw_man_chord_sa. tolerance = 1, sa_iterations = 1000, initial_temperature = 3.0, cooling_rate = 0.999
26 - INFO - chord#: 100 done. best_score=27.0, changed=519, unchanged=398, early_stops=8/8
26 - INFO - chord#: 102 In build_straw_man_chord_sa. tolerance = 1, sa_iterations = 1000, initial_temperature = 3.0, cooling_rate = 0.999
26 - INFO - chord#: 92 done. best_score=27.0, changed=520, unchanged=404, early_stops=8/8
26 - INFO - chord#: 96 In build_straw_man_chord_sa. tolerance = 1, sa_iterations = 1000, initial_temperature = 3.0, cooling_rate = 0.999
26 - INFO - chord#: 92 done. best_score=27.0, changed=508, unchanged=307, early_stops=8/8
26 - INFO - chord#: 96 In build_straw_man_chord_sa. tolerance = 1, sa_iterations = 1000, initial_temperature = 3.0, cooling_rate = 0.999
26 - INFO - chord#: 100 done. best_score=57.0, changed=518, unchanged=314, early_stops=8/8
26 - INFO - chord#: 102 In build_straw_man_chord_sa. tolerance = 1, sa_iterations = 1000, initial_temperature = 3.0, cooling_rate = 0.999
26 - INFO - chord#: 96 done. best_score=27.0, changed=522, unchanged=468, early_stops=8/8
26 - INFO - chord#: 98 In build_straw_man_chord_sa. tolerance = 1, sa_iterations = 1000, initial_temperature = 3.0, cooling_rate = 0.999
26 - INFO - chord#: 92 done. best_score=27.0, changed=523, unchanged=432, early_stops=8/8
26 - INFO - chord#: 96 In build_straw_man_chord_sa. tolerance = 1, sa_iterations = 1000, initial_temperature = 3.0, cooling_rate = 0.999
26 - INFO - chord#: 96 done. best_score=27.0, changed=528, unchanged=370, early_stops=8/8
26 - INFO - chord#: 98 In build_straw_man_chord_sa. tolerance = 1, sa_iterations = 1000, initial_temperature = 3.0, cooling_rate = 0.999
26 - INFO - chord#: 98 done. best_score=64.0, changed=614, unchanged=398, early_stops=8/8
26 - INFO - chord#: 100 In build_straw_man_chord_sa. tolerance = 1, sa_iterations = 1000, initial_temperature = 3.0, cooling_rate = 0.999
26 - INFO - chord#: 96 done. best_score=27.0, changed=527, unchanged=370, early_stops=8/8
26 - INFO - chord#: 98 In build_straw_man_chord_sa. tolerance = 1, sa_iterations = 1000, initial_temperature = 3.0, cooling_rate = 0.999
26 - INFO - chord#: 98 done. best_score=64.0, changed=613, unchanged=308, early_stops=8/8
26 - INFO - chord#: 100 In build_straw_man_chord_sa. tolerance = 1, sa_iterations = 1000, initial_temperature = 3.0, cooling_rate = 0.999
26 - INFO - chord#: 96 done. best_score=27.0, changed=526, unchanged=436, early_stops=8/8
26 - INFO - chord#: 98 In build_straw_man_chord_sa. tolerance = 1, sa_iterations = 1000, initial_temperature = 3.0, cooling_rate = 0.999
26 - INFO - chord#: 98 done. best_score=64.0, changed=614, unchanged=242, early_stops=8/8
26 - INFO - chord#: 100 In build_straw_man_chord_sa. tolerance = 1, sa_iterations = 1000, initial_temperature = 3.0, cooling_rate = 0.999
26 - INFO - chord#: 96 done. best_score=27.0, changed=520, unchanged=380, early_stops=8/8
26 - INFO - chord#: 98 In build_straw_man_chord_sa. tolerance = 1, sa_iterations = 1000, initial_temperature = 3.0, cooling_rate = 0.999
26 - INFO - chord#: 86 done. best_score=129.0, changed=612, unchanged=404, early_stops=8/8
26 - INFO - chord#: 88 In build_straw_man_chord_sa. tolerance = 1, sa_iterations = 1000, initial_temperature = 3.0, cooling_rate = 0.999
26 - INFO - chord#: 100 done. best_score=27.0, changed=520, unchanged=332, early_stops=8/8
26 - INFO - chord#: 102 In build_straw_man_chord_sa. tolerance = 1, sa_iterations = 1000, initial_temperature = 3.0, cooling_rate = 0.999
26 - INFO - chord#: 102 done. best_score=93.0, changed=610, unchanged=225, early_stops=8/8
26 - INFO - chord#: 104 In build_straw_man_chord_sa. tolerance = 1, sa_iterations = 1000, initial_temperature = 3.0, cooling_rate = 0.999
26 - INFO - chord#: 100 done. best_score=27.0, changed=523, unchanged=387, early_stops=8/8
26 - INFO - chord#: 102 In build_straw_man_chord_sa. tolerance = 1, sa_iterations = 1000, initial_temperature = 3.0, cooling_rate = 0.999
26 - INFO - chord#: 102 done. best_score=96.0, changed=610, unchanged=267, early_stops=8/8
26 - INFO - chord#: 104 In build_straw_man_chord_sa. tolerance = 1, sa_iterations = 1000, initial_temperature = 3.0, cooling_rate = 0.999
26 - INFO - chord#: 98 done. best_score=104.0, changed=607, unchanged=273, early_stops=8/8
26 - INFO - chord#: 100 In build_straw_man_chord_sa. tolerance = 1, sa_iterations = 1000, initial_temperature = 3.0, cooling_rate = 0.999
26 - INFO - chord#: 102 done. best_score=94.0, changed=612, unchanged=319, early_stops=8/8
26 - INFO - chord#: 104 In build_straw_man_chord_sa. tolerance = 1, sa_iterations = 1000, initial_temperature = 3.0, cooling_rate = 0.999
26 - INFO - chord#: 100 done. best_score=27.0, changed=523, unchanged=365, early_stops=8/8
26 - INFO - chord#: 102 In build_straw_man_chord_sa. tolerance = 1, sa_iterations = 1000, initial_temperature = 3.0, cooling_rate = 0.999
26 - INFO - chord#: 98 done. best_score=64.0, changed=615, unchanged=381, early_stops=8/8
26 - INFO - chord#: 100 In build_straw_man_chord_sa. tolerance = 1, sa_iterations = 1000, initial_temperature = 3.0, cooling_rate = 0.999
26 - INFO - chord#: 98 done. best_score=64.0, changed=610, unchanged=268, early_stops=8/8
26 - INFO - chord#: 100 In build_straw_man_chord_sa. tolerance = 1, sa_iterations = 1000, initial_temperature = 3.0, cooling_rate = 0.999
26 - INFO - chord#: 88 done. best_score=27.0, changed=519, unchanged=335, early_stops=8/8
26 - INFO - chord#: 90 In build_straw_man_chord_sa. tolerance = 1, sa_iterations = 1000, initial_temperature = 3.0, cooling_rate = 0.999
26 - INFO - chord#: 104 done. best_score=27.0, changed=514, unchanged=368, early_stops=8/8
26 - INFO - chord#: 106 In build_straw_man_chord_sa. tolerance = 1, sa_iterations = 1000, initial_temperature = 3.0, cooling_rate = 0.999
26 - INFO - chord#: 98 done. best_score=104.0, changed=620, unchanged=334, early_stops=8/8
26 - INFO - chord#: 100 In build_straw_man_chord_sa. tolerance = 1, sa_iterations = 1000, initial_temperature = 3.0, cooling_rate = 0.999
26 - INFO - chord#: 100 done. best_score=27.0, changed=529, unchanged=450, early_stops=8/8
26 - INFO - chord#: 102 In build_straw_man_chord_sa. tolerance = 1, sa_iterations = 1000, initial_temperature = 3.0, cooling_rate = 0.999
26 - INFO - chord#: 104 done. best_score=27.0, changed=527, unchanged=504, early_stops=8/8
26 - INFO - chord#: 106 In build_straw_man_chord_sa. tolerance = 1, sa_iterations = 1000, initial_temperature = 3.0, cooling_rate = 0.999
26 - INFO - chord#: 104 done. best_score=27.0, changed=520, unchanged=325, early_stops=8/8
26 - INFO - chord#: 106 In build_straw_man_chord_sa. tolerance = 1, sa_iterations = 1000, initial_temperature = 3.0, cooling_rate = 0.999
26 - INFO - chord#: 100 done. best_score=27.0, changed=534, unchanged=397, early_stops=8/8
26 - INFO - chord#: 102 In build_straw_man_chord_sa. tolerance = 1, sa_iterations = 1000, initial_temperature = 3.0, cooling_rate = 0.999
26 - INFO - chord#: 100 done. best_score=27.0, changed=531, unchanged=405, early_stops=8/8
26 - INFO - chord#: 102 In build_straw_man_chord_sa. tolerance = 1, sa_iterations = 1000, initial_temperature = 3.0, cooling_rate = 0.999
26 - INFO - chord#: 100 done. best_score=27.0, changed=521, unchanged=398, early_stops=8/8
26 - INFO - chord#: 102 In build_straw_man_chord_sa. tolerance = 1, sa_iterations = 1000, initial_temperature = 3.0, cooling_rate = 0.999
26 - INFO - chord#: 98 done. best_score=64.0, changed=610, unchanged=242, early_stops=8/8
26 - INFO - chord#: 100 In build_straw_man_chord_sa. tolerance = 1, sa_iterations = 1000, initial_temperature = 3.0, cooling_rate = 0.999
26 - INFO - chord#: 102 done. best_score=105.0, changed=618, unchanged=317, early_stops=8/8
26 - INFO - chord#: 104 In build_straw_man_chord_sa. tolerance = 1, sa_iterations = 1000, initial_temperature = 3.0, cooling_rate = 0.999
26 - INFO - chord#: 106 done. best_score=27.0, changed=526, unchanged=372, early_stops=8/8
26 - INFO - chord#: 108 In build_straw_man_chord_sa. tolerance = 1, sa_iterations = 1000, initial_temperature = 3.0, cooling_rate = 0.999
26 - INFO - chord#: 106 done. best_score=27.0, changed=517, unchanged=337, early_stops=8/8
26 - INFO - chord#: 108 In build_straw_man_chord_sa. tolerance = 1, sa_iterations = 1000, initial_temperature = 3.0, cooling_rate = 0.999
26 - INFO - chord#: 102 done. best_score=129.0, changed=608, unchanged=329, early_stops=8/8
26 - INFO - chord#: 104 In build_straw_man_chord_sa. tolerance = 1, sa_iterations = 1000, initial_temperature = 3.0, cooling_rate = 0.999
26 - INFO - chord#: 106 done. best_score=27.0, changed=527, unchanged=344, early_stops=8/8
26 - INFO - chord#: 108 In build_straw_man_chord_sa. tolerance = 1, sa_iterations = 1000, initial_temperature = 3.0, cooling_rate = 0.999
26 - INFO - chord#: 100 done. best_score=27.0, changed=521, unchanged=445, early_stops=8/8
26 - INFO - chord#: 102 In build_straw_man_chord_sa. tolerance = 1, sa_iterations = 1000, initial_temperature = 3.0, cooling_rate = 0.999
26 - INFO - chord#: 108 done. best_score=27.0, changed=520, unchanged=358, early_stops=8/8
26 - INFO - chord#: 110 In build_straw_man_chord_sa. tolerance = 1, sa_iterations = 1000, initial_temperature = 3.0, cooling_rate = 0.999
26 - INFO - chord#: 104 done. best_score=27.0, changed=520, unchanged=453, early_stops=8/8
26 - INFO - chord#: 106 In build_straw_man_chord_sa. tolerance = 1, sa_iterations = 1000, initial_temperature = 3.0, cooling_rate = 0.999
26 - INFO - chord#: 102 done. best_score=167.0, changed=608, unchanged=200, early_stops=8/8
26 - INFO - chord#: 104 In build_straw_man_chord_sa. tolerance = 1, sa_iterations = 1000, initial_temperature = 3.0, cooling_rate = 0.999
26 - INFO - chord#: 108 done. best_score=27.0, changed=525, unchanged=363, early_stops=8/8
26 - INFO - chord#: 110 In build_straw_man_chord_sa. tolerance = 1, sa_iterations = 1000, initial_temperature = 3.0, cooling_rate = 0.999
26 - INFO - chord#: 90 done. best_score=105.0, changed=612, unchanged=327, early_stops=8/8
26 - INFO - chord#: 92 In build_straw_man_chord_sa. tolerance = 1, sa_iterations = 1000, initial_temperature = 3.0, cooling_rate = 0.999
26 - INFO - chord#: 102 done. best_score=96.0, changed=617, unchanged=427, early_stops=8/8
26 - INFO - chord#: 104 In build_straw_man_chord_sa. tolerance = 1, sa_iterations = 1000, initial_temperature = 3.0, cooling_rate = 0.999
26 - INFO - chord#: 104 done. best_score=27.0, changed=529, unchanged=487, early_stops=8/8
26 - INFO - chord#: 106 In build_straw_man_chord_sa. tolerance = 1, sa_iterations = 1000, initial_temperature = 3.0, cooling_rate = 0.999
26 - INFO - chord#: 108 done. best_score=27.0, changed=518, unchanged=514, early_stops=8/8
26 - INFO - chord#: 110 In build_straw_man_chord_sa. tolerance = 1, sa_iterations = 1000, initial_temperature = 3.0, cooling_rate = 0.999
26 - INFO - chord#: 102 done. best_score=94.0, changed=612, unchanged=362, early_stops=8/8
26 - INFO - chord#: 104 In build_straw_man_chord_sa. tolerance = 1, sa_iterations = 1000, initial_temperature = 3.0, cooling_rate = 0.999
26 - INFO - chord#: 106 done. best_score=27.0, changed=531, unchanged=336, early_stops=8/8
26 - INFO - chord#: 108 In build_straw_man_chord_sa. tolerance = 1, sa_iterations = 1000, initial_temperature = 3.0, cooling_rate = 0.999
26 - INFO - chord#: 102 done. best_score=93.0, changed=615, unchanged=593, early_stops=8/8
26 - INFO - chord#: 104 In build_straw_man_chord_sa. tolerance = 1, sa_iterations = 1000, initial_temperature = 3.0, cooling_rate = 0.999
26 - INFO - chord#: 104 done. best_score=27.0, changed=528, unchanged=444, early_stops=8/8
26 - INFO - chord#: 106 In build_straw_man_chord_sa. tolerance = 1, sa_iterations = 1000, initial_temperature = 3.0, cooling_rate = 0.999
26 - INFO - chord#: 102 done. best_score=93.0, changed=610, unchanged=426, early_stops=8/8
26 - INFO - chord#: 104 In build_straw_man_chord_sa. tolerance = 1, sa_iterations = 1000, initial_temperature = 3.0, cooling_rate = 0.999
26 - INFO - chord#: 106 done. best_score=27.0, changed=516, unchanged=354, early_stops=8/8
26 - INFO - chord#: 108 In build_straw_man_chord_sa. tolerance = 1, sa_iterations = 1000, initial_temperature = 3.0, cooling_rate = 0.999
26 - INFO - chord#: 104 done. best_score=27.0, changed=518, unchanged=362, early_stops=8/8
26 - INFO - chord#: 106 In build_straw_man_chord_sa. tolerance = 1, sa_iterations = 1000, initial_temperature = 3.0, cooling_rate = 0.999
26 - INFO - chord#: 92 done. best_score=27.0, changed=532, unchanged=444, early_stops=8/8
26 - INFO - chord#: 96 In build_straw_man_chord_sa. tolerance = 1, sa_iterations = 1000, initial_temperature = 3.0, cooling_rate = 0.999
26 - INFO - chord#: 104 done. best_score=27.0, changed=518, unchanged=400, early_stops=8/8
26 - INFO - chord#: 106 In build_straw_man_chord_sa. tolerance = 1, sa_iterations = 1000, initial_temperature = 3.0, cooling_rate = 0.999
26 - INFO - chord#: 110 done. best_score=137.0, changed=612, unchanged=279, early_stops=8/8
26 - INFO - chord#: 112 In build_straw_man_chord_sa. tolerance = 1, sa_iterations = 1000, initial_temperature = 3.0, cooling_rate = 0.999
26 - INFO - chord#: 106 done. best_score=27.0, changed=528, unchanged=331, early_stops=8/8
26 - INFO - chord#: 108 In build_straw_man_chord_sa. tolerance = 1, sa_iterations = 1000, initial_temperature = 3.0, cooling_rate = 0.999
26 - INFO - chord#: 104 done. best_score=27.0, changed=521, unchanged=420, early_stops=8/8
26 - INFO - chord#: 106 In build_straw_man_chord_sa. tolerance = 1, sa_iterations = 1000, initial_temperature = 3.0, cooling_rate = 0.999
26 - INFO - chord#: 104 done. best_score=27.0, changed=515, unchanged=426, early_stops=8/8
26 - INFO - chord#: 106 In build_straw_man_chord_sa. tolerance = 1, sa_iterations = 1000, initial_temperature = 3.0, cooling_rate = 0.999
26 - INFO - chord#: 108 done. best_score=27.0, changed=524, unchanged=404, early_stops=8/8
26 - INFO - chord#: 110 In build_straw_man_chord_sa. tolerance = 1, sa_iterations = 1000, initial_temperature = 3.0, cooling_rate = 0.999
26 - INFO - chord#: 108 done. best_score=27.0, changed=527, unchanged=575, early_stops=8/8
26 - INFO - chord#: 110 In build_straw_man_chord_sa. tolerance = 1, sa_iterations = 1000, initial_temperature = 3.0, cooling_rate = 0.999
26 - INFO - chord#: 106 done. best_score=27.0, changed=523, unchanged=355, early_stops=8/8
26 - INFO - chord#: 108 In build_straw_man_chord_sa. tolerance = 1, sa_iterations = 1000, initial_temperature = 3.0, cooling_rate = 0.999
26 - INFO - chord#: 102 done. best_score=105.0, changed=612, unchanged=338, early_stops=8/8
26 - INFO - chord#: 104 In build_straw_man_chord_sa. tolerance = 1, sa_iterations = 1000, initial_temperature = 3.0, cooling_rate = 0.999
26 - INFO - chord#: 106 done. best_score=27.0, changed=540, unchanged=480, early_stops=8/8
26 - INFO - chord#: 108 In build_straw_man_chord_sa. tolerance = 1, sa_iterations = 1000, initial_temperature = 3.0, cooling_rate = 0.999
26 - INFO - chord#: 96 done. best_score=27.0, changed=518, unchanged=331, early_stops=8/8
26 - INFO - chord#: 98 In build_straw_man_chord_sa. tolerance = 1, sa_iterations = 1000, initial_temperature = 3.0, cooling_rate = 0.999
26 - INFO - chord#: 106 done. best_score=27.0, changed=522, unchanged=311, early_stops=8/8
26 - INFO - chord#: 108 In build_straw_man_chord_sa. tolerance = 1, sa_iterations = 1000, initial_temperature = 3.0, cooling_rate = 0.999
26 - INFO - chord#: 106 done. best_score=27.0, changed=525, unchanged=328, early_stops=8/8
26 - INFO - chord#: 110 done. best_score=67.0, changed=610, unchanged=386, early_stops=8/8
26 - INFO - chord#: 108 In build_straw_man_chord_sa. tolerance = 1, sa_iterations = 1000, initial_temperature = 3.0, cooling_rate = 0.999
26 - INFO - chord#: 108 done. best_score=27.0, changed=525, unchanged=433, early_stops=8/8
26 - INFO - chord#: 112 In build_straw_man_chord_sa. tolerance = 1, sa_iterations = 1000, initial_temperature = 3.0, cooling_rate = 0.999
26 - INFO - chord#: 110 In build_straw_man_chord_sa. tolerance = 1, sa_iterations = 1000, initial_temperature = 3.0, cooling_rate = 0.999
26 - INFO - chord#: 112 done. best_score=27.0, changed=524, unchanged=514, early_stops=8/8
26 - INFO - chord#: 114 In build_straw_man_chord_sa. tolerance = 1, sa_iterations = 1000, initial_temperature = 3.0, cooling_rate = 0.999
26 - INFO - chord#: 110 done. best_score=67.0, changed=613, unchanged=314, early_stops=8/8
26 - INFO - chord#: 112 In build_straw_man_chord_sa. tolerance = 1, sa_iterations = 1000, initial_temperature = 3.0, cooling_rate = 0.999
26 - INFO - chord#: 108 done. best_score=27.0, changed=517, unchanged=417, early_stops=8/8
26 - INFO - chord#: 110 In build_straw_man_chord_sa. tolerance = 1, sa_iterations = 1000, initial_temperature = 3.0, cooling_rate = 0.999
26 - INFO - chord#: 108 done. best_score=27.0, changed=515, unchanged=390, early_stops=8/8
26 - INFO - chord#: 110 In build_straw_man_chord_sa. tolerance = 1, sa_iterations = 1000, initial_temperature = 3.0, cooling_rate = 0.999
26 - INFO - chord#: 108 done. best_score=27.0, changed=527, unchanged=561, early_stops=8/8
26 - INFO - chord#: 110 In build_straw_man_chord_sa. tolerance = 1, sa_iterations = 1000, initial_temperature = 3.0, cooling_rate = 0.999
26 - INFO - chord#: 114 done. best_score=27.0, changed=526, unchanged=373, early_stops=8/8
26 - INFO - chord#: 116 In build_straw_man_chord_sa. tolerance = 1, sa_iterations = 1000, initial_temperature = 3.0, cooling_rate = 0.999
26 - INFO - chord#: 104 done. best_score=27.0, changed=527, unchanged=496, early_stops=8/8
26 - INFO - chord#: 106 In build_straw_man_chord_sa. tolerance = 1, sa_iterations = 1000, initial_temperature = 3.0, cooling_rate = 0.999
26 - INFO - chord#: 108 done. best_score=27.0, changed=514, unchanged=487, early_stops=8/8
26 - INFO - chord#: 110 In build_straw_man_chord_sa. tolerance = 1, sa_iterations = 1000, initial_temperature = 3.0, cooling_rate = 0.999
26 - INFO - chord#: 112 done. best_score=27.0, changed=518, unchanged=406, early_stops=8/8
26 - INFO - chord#: 114 In build_straw_man_chord_sa. tolerance = 1, sa_iterations = 1000, initial_temperature = 3.0, cooling_rate = 0.999
26 - INFO - chord#: 110 done. best_score=67.0, changed=612, unchanged=274, early_stops=8/8
26 - INFO - chord#: 112 In build_straw_man_chord_sa. tolerance = 1, sa_iterations = 1000, initial_temperature = 3.0, cooling_rate = 0.999
26 - INFO - chord#: 112 done. best_score=27.0, changed=533, unchanged=517, early_stops=8/8
26 - INFO - chord#: 114 In build_straw_man_chord_sa. tolerance = 1, sa_iterations = 1000, initial_temperature = 3.0, cooling_rate = 0.999
26 - INFO - chord#: 110 done. best_score=137.0, changed=611, unchanged=258, early_stops=8/8
26 - INFO - chord#: 112 In build_straw_man_chord_sa. tolerance = 1, sa_iterations = 1000, initial_temperature = 3.0, cooling_rate = 0.999
26 - INFO - chord#: 110 done. best_score=67.0, changed=609, unchanged=265, early_stops=8/8
26 - INFO - chord#: 112 In build_straw_man_chord_sa. tolerance = 1, sa_iterations = 1000, initial_temperature = 3.0, cooling_rate = 0.999
26 - INFO - chord#: 106 done. best_score=27.0, changed=535, unchanged=385, early_stops=8/8
26 - INFO - chord#: 108 In build_straw_man_chord_sa. tolerance = 1, sa_iterations = 1000, initial_temperature = 3.0, cooling_rate = 0.999
26 - INFO - chord#: 114 done. best_score=27.0, changed=517, unchanged=333, early_stops=8/8
26 - INFO - chord#: 116 In build_straw_man_chord_sa. tolerance = 1, sa_iterations = 1000, initial_temperature = 3.0, cooling_rate = 0.999
26 - INFO - chord#: 98 done. best_score=64.0, changed=614, unchanged=417, early_stops=8/8
26 - INFO - chord#: 100 In build_straw_man_chord_sa. tolerance = 1, sa_iterations = 1000, initial_temperature = 3.0, cooling_rate = 0.999
26 - INFO - chord#: 114 done. best_score=27.0, changed=554, unchanged=336, early_stops=8/8
26 - INFO - chord#: 116 In build_straw_man_chord_sa. tolerance = 1, sa_iterations = 1000, initial_temperature = 3.0, cooling_rate = 0.999
26 - INFO - chord#: 112 done. best_score=27.0, changed=537, unchanged=623, early_stops=8/8
26 - INFO - chord#: 114 In build_straw_man_chord_sa. tolerance = 1, sa_iterations = 1000, initial_temperature = 3.0, cooling_rate = 0.999
26 - INFO - chord#: 110 done. best_score=67.0, changed=611, unchanged=383, early_stops=8/8
26 - INFO - chord#: 112 In build_straw_man_chord_sa. tolerance = 1, sa_iterations = 1000, initial_temperature = 3.0, cooling_rate = 0.999
26 - INFO - chord#: 112 done. best_score=27.0, changed=521, unchanged=331, early_stops=8/8
26 - INFO - chord#: 114 In build_straw_man_chord_sa. tolerance = 1, sa_iterations = 1000, initial_temperature = 3.0, cooling_rate = 0.999
26 - INFO - chord#: 112 done. best_score=27.0, changed=520, unchanged=320, early_stops=8/8
26 - INFO - chord#: 114 In build_straw_man_chord_sa. tolerance = 1, sa_iterations = 1000, initial_temperature = 3.0, cooling_rate = 0.999
26 - INFO - chord#: 110 done. best_score=67.0, changed=612, unchanged=398, early_stops=8/8
26 - INFO - chord#: 112 In build_straw_man_chord_sa. tolerance = 1, sa_iterations = 1000, initial_temperature = 3.0, cooling_rate = 0.999
26 - INFO - chord#: 116 done. best_score=157.0, changed=618, unchanged=345, early_stops=8/8
26 - INFO - chord#: 117 In build_straw_man_chord_sa. tolerance = 1, sa_iterations = 1000, initial_temperature = 3.0, cooling_rate = 0.999
26 - INFO - chord#: 108 done. best_score=27.0, changed=518, unchanged=329, early_stops=8/8
26 - INFO - chord#: 110 In build_straw_man_chord_sa. tolerance = 1, sa_iterations = 1000, initial_temperature = 3.0, cooling_rate = 0.999
26 - INFO - chord#: 110 done. best_score=140.0, changed=607, unchanged=302, early_stops=8/8
26 - INFO - chord#: 112 In build_straw_man_chord_sa. tolerance = 1, sa_iterations = 1000, initial_temperature = 3.0, cooling_rate = 0.999
26 - INFO - chord#: 110 done. best_score=67.0, changed=615, unchanged=574, early_stops=8/8
26 - INFO - chord#: 112 In build_straw_man_chord_sa. tolerance = 1, sa_iterations = 1000, initial_temperature = 3.0, cooling_rate = 0.999
26 - INFO - chord#: 114 done. best_score=27.0, changed=523, unchanged=338, early_stops=8/8
26 - INFO - chord#: 116 In build_straw_man_chord_sa. tolerance = 1, sa_iterations = 1000, initial_temperature = 3.0, cooling_rate = 0.999
26 - INFO - chord#: 114 done. best_score=27.0, changed=527, unchanged=338, early_stops=8/8
26 - INFO - chord#: 116 In build_straw_man_chord_sa. tolerance = 1, sa_iterations = 1000, initial_temperature = 3.0, cooling_rate = 0.999
26 - INFO - chord#: 100 done. best_score=27.0, changed=528, unchanged=403, early_stops=8/8
26 - INFO - chord#: 102 In build_straw_man_chord_sa. tolerance = 1, sa_iterations = 1000, initial_temperature = 3.0, cooling_rate = 0.999
26 - INFO - chord#: 112 done. best_score=27.0, changed=522, unchanged=417, early_stops=8/8
26 - INFO - chord#: 114 In build_straw_man_chord_sa. tolerance = 1, sa_iterations = 1000, initial_temperature = 3.0, cooling_rate = 0.999
26 - INFO - chord#: 114 done. best_score=27.0, changed=521, unchanged=325, early_stops=8/8
26 - INFO - chord#: 116 In build_straw_man_chord_sa. tolerance = 1, sa_iterations = 1000, initial_temperature = 3.0, cooling_rate = 0.999
26 - INFO - chord#: 112 done. best_score=27.0, changed=520, unchanged=482, early_stops=8/8
26 - INFO - chord#: 114 In build_straw_man_chord_sa. tolerance = 1, sa_iterations = 1000, initial_temperature = 3.0, cooling_rate = 0.999
26 - INFO - chord#: 112 done. best_score=27.0, changed=519, unchanged=354, early_stops=8/8
26 - INFO - chord#: 114 In build_straw_man_chord_sa. tolerance = 1, sa_iterations = 1000, initial_temperature = 3.0, cooling_rate = 0.999
26 - INFO - chord#: 112 done. best_score=27.0, changed=513, unchanged=462, early_stops=8/8
26 - INFO - chord#: 114 In build_straw_man_chord_sa. tolerance = 1, sa_iterations = 1000, initial_temperature = 3.0, cooling_rate = 0.999
26 - INFO - chord#: 116 done. best_score=157.0, changed=612, unchanged=277, early_stops=8/8
26 - INFO - chord#: 117 In build_straw_man_chord_sa. tolerance = 1, sa_iterations = 1000, initial_temperature = 3.0, cooling_rate = 0.999
26 - INFO - chord#: 114 done. best_score=27.0, changed=529, unchanged=383, early_stops=8/8
26 - INFO - chord#: 116 In build_straw_man_chord_sa. tolerance = 1, sa_iterations = 1000, initial_temperature = 3.0, cooling_rate = 0.999
26 - INFO - chord#: 116 done. best_score=162.0, changed=608, unchanged=251, early_stops=8/8
26 - INFO - chord#: 117 In build_straw_man_chord_sa. tolerance = 1, sa_iterations = 1000, initial_temperature = 3.0, cooling_rate = 0.999
26 - INFO - chord#: 114 done. best_score=27.0, changed=532, unchanged=383, early_stops=8/8
26 - INFO - chord#: 116 In build_straw_man_chord_sa. tolerance = 1, sa_iterations = 1000, initial_temperature = 3.0, cooling_rate = 0.999
26 - INFO - chord#: 117 done. best_score=74.0, changed=612, unchanged=352, early_stops=8/8
26 - INFO - chord#: 118 In build_straw_man_chord_sa. tolerance = 1, sa_iterations = 1000, initial_temperature = 3.0, cooling_rate = 0.999
26 - INFO - chord#: 114 done. best_score=27.0, changed=513, unchanged=318, early_stops=8/8
26 - INFO - chord#: 116 In build_straw_man_chord_sa. tolerance = 1, sa_iterations = 1000, initial_temperature = 3.0, cooling_rate = 0.999
26 - INFO - chord#: 114 done. best_score=27.0, changed=519, unchanged=316, early_stops=8/8
26 - INFO - chord#: 116 In build_straw_man_chord_sa. tolerance = 1, sa_iterations = 1000, initial_temperature = 3.0, cooling_rate = 0.999
26 - INFO - chord#: 116 done. best_score=64.0, changed=612, unchanged=266, early_stops=8/8
26 - INFO - chord#: 117 In build_straw_man_chord_sa. tolerance = 1, sa_iterations = 1000, initial_temperature = 3.0, cooling_rate = 0.999
26 - INFO - chord#: 118 done. best_score=9.0, changed=473, unchanged=338, early_stops=8/8
26 - INFO - chord#: 120 In build_straw_man_chord_sa. tolerance = 1, sa_iterations = 1000, initial_temperature = 3.0, cooling_rate = 0.999
26 - INFO - chord#: 110 done. best_score=137.0, changed=615, unchanged=462, early_stops=8/8
26 - INFO - chord#: 112 In build_straw_man_chord_sa. tolerance = 1, sa_iterations = 1000, initial_temperature = 3.0, cooling_rate = 0.999
26 - INFO - chord#: 116 done. best_score=64.0, changed=614, unchanged=521, early_stops=8/8
26 - INFO - chord#: 117 In build_straw_man_chord_sa. tolerance = 1, sa_iterations = 1000, initial_temperature = 3.0, cooling_rate = 0.999
26 - INFO - chord#: 102 done. best_score=96.0, changed=608, unchanged=283, early_stops=8/8
26 - INFO - chord#: 104 In build_straw_man_chord_sa. tolerance = 1, sa_iterations = 1000, initial_temperature = 3.0, cooling_rate = 0.999
26 - INFO - chord#: 117 done. best_score=96.0, changed=614, unchanged=227, early_stops=8/8
26 - INFO - chord#: 118 In build_straw_man_chord_sa. tolerance = 1, sa_iterations = 1000, initial_temperature = 3.0, cooling_rate = 0.999
26 - INFO - chord#: 120 done. best_score=27.0, changed=522, unchanged=533, early_stops=8/8
26 - INFO - chord#: 122 In build_straw_man_chord_sa. tolerance = 1, sa_iterations = 1000, initial_temperature = 3.0, cooling_rate = 0.999
26 - INFO - chord#: 116 done. best_score=157.0, changed=614, unchanged=303, early_stops=8/8
26 - INFO - chord#: 117 In build_straw_man_chord_sa. tolerance = 1, sa_iterations = 1000, initial_temperature = 3.0, cooling_rate = 0.999
26 - INFO - chord#: 118 done. best_score=16.0, changed=494, unchanged=334, early_stops=8/8
26 - INFO - chord#: 120 In build_straw_man_chord_sa. tolerance = 1, sa_iterations = 1000, initial_temperature = 3.0, cooling_rate = 0.999
26 - INFO - chord#: 116 done. best_score=125.0, changed=616, unchanged=460, early_stops=8/8
26 - INFO - chord#: 117 In build_straw_man_chord_sa. tolerance = 1, sa_iterations = 1000, initial_temperature = 3.0, cooling_rate = 0.999
26 - INFO - chord#: 116 done. best_score=154.0, changed=615, unchanged=300, early_stops=8/8
26 - INFO - chord#: 117 In build_straw_man_chord_sa. tolerance = 1, sa_iterations = 1000, initial_temperature = 3.0, cooling_rate = 0.999
26 - INFO - chord#: 112 done. best_score=27.0, changed=533, unchanged=459, early_stops=8/8
26 - INFO - chord#: 114 In build_straw_man_chord_sa. tolerance = 1, sa_iterations = 1000, initial_temperature = 3.0, cooling_rate = 0.999
26 - INFO - chord#: 104 done. best_score=27.0, changed=520, unchanged=473, early_stops=8/8
26 - INFO - chord#: 106 In build_straw_man_chord_sa. tolerance = 1, sa_iterations = 1000, initial_temperature = 3.0, cooling_rate = 0.999
26 - INFO - chord#: 117 done. best_score=96.0, changed=607, unchanged=289, early_stops=8/8
26 - INFO - chord#: 118 In build_straw_man_chord_sa. tolerance = 1, sa_iterations = 1000, initial_temperature = 3.0, cooling_rate = 0.999
26 - INFO - chord#: 117 done. best_score=149.0, changed=612, unchanged=255, early_stops=8/8
26 - INFO - chord#: 118 In build_straw_man_chord_sa. tolerance = 1, sa_iterations = 1000, initial_temperature = 3.0, cooling_rate = 0.999
26 - INFO - chord#: 118 done. best_score=9.0, changed=473, unchanged=352, early_stops=8/8
26 - INFO - chord#: 120 In build_straw_man_chord_sa. tolerance = 1, sa_iterations = 1000, initial_temperature = 3.0, cooling_rate = 0.999
26 - INFO - chord#: 118 done. best_score=9.0, changed=480, unchanged=333, early_stops=8/8
26 - INFO - chord#: 120 In build_straw_man_chord_sa. tolerance = 1, sa_iterations = 1000, initial_temperature = 3.0, cooling_rate = 0.999
26 - INFO - chord#: 116 done. best_score=125.0, changed=617, unchanged=453, early_stops=8/8
26 - INFO - chord#: 117 In build_straw_man_chord_sa. tolerance = 1, sa_iterations = 1000, initial_temperature = 3.0, cooling_rate = 0.999
26 - INFO - chord#: 117 done. best_score=74.0, changed=612, unchanged=268, early_stops=8/8
26 - INFO - chord#: 118 In build_straw_man_chord_sa. tolerance = 1, sa_iterations = 1000, initial_temperature = 3.0, cooling_rate = 0.999
26 - INFO - chord#: 120 done. best_score=27.0, changed=514, unchanged=425, early_stops=8/8
26 - INFO - chord#: 122 In build_straw_man_chord_sa. tolerance = 1, sa_iterations = 1000, initial_temperature = 3.0, cooling_rate = 0.999
26 - INFO - chord#: 116 done. best_score=157.0, changed=612, unchanged=362, early_stops=8/8
26 - INFO - chord#: 117 In build_straw_man_chord_sa. tolerance = 1, sa_iterations = 1000, initial_temperature = 3.0, cooling_rate = 0.999
26 - INFO - chord#: 114 done. best_score=27.0, changed=527, unchanged=418, early_stops=8/8
26 - INFO - chord#: 116 In build_straw_man_chord_sa. tolerance = 1, sa_iterations = 1000, initial_temperature = 3.0, cooling_rate = 0.999
26 - INFO - chord#: 122 done. best_score=67.0, changed=607, unchanged=203, early_stops=8/8
26 - INFO - chord#: 124 In build_straw_man_chord_sa. tolerance = 1, sa_iterations = 1000, initial_temperature = 3.0, cooling_rate = 0.999
26 - INFO - chord#: 106 done. best_score=27.0, changed=526, unchanged=398, early_stops=8/8
26 - INFO - chord#: 108 In build_straw_man_chord_sa. tolerance = 1, sa_iterations = 1000, initial_temperature = 3.0, cooling_rate = 0.999
26 - INFO - chord#: 118 done. best_score=9.0, changed=468, unchanged=345, early_stops=8/8
26 - INFO - chord#: 120 In build_straw_man_chord_sa. tolerance = 1, sa_iterations = 1000, initial_temperature = 3.0, cooling_rate = 0.999
26 - INFO - chord#: 117 done. best_score=168.0, changed=610, unchanged=272, early_stops=8/8
26 - INFO - chord#: 118 In build_straw_man_chord_sa. tolerance = 1, sa_iterations = 1000, initial_temperature = 3.0, cooling_rate = 0.999
26 - INFO - chord#: 120 done. best_score=27.0, changed=518, unchanged=389, early_stops=8/8
26 - INFO - chord#: 122 In build_straw_man_chord_sa. tolerance = 1, sa_iterations = 1000, initial_temperature = 3.0, cooling_rate = 0.999
26 - INFO - chord#: 118 done. best_score=9.0, changed=469, unchanged=354, early_stops=8/8
26 - INFO - chord#: 120 In build_straw_man_chord_sa. tolerance = 1, sa_iterations = 1000, initial_temperature = 3.0, cooling_rate = 0.999
26 - INFO - chord#: 117 done. best_score=168.0, changed=611, unchanged=264, early_stops=8/8
26 - INFO - chord#: 118 In build_straw_man_chord_sa. tolerance = 1, sa_iterations = 1000, initial_temperature = 3.0, cooling_rate = 0.999
26 - INFO - chord#: 118 done. best_score=9.0, changed=491, unchanged=340, early_stops=8/8
26 - INFO - chord#: 120 In build_straw_man_chord_sa. tolerance = 1, sa_iterations = 1000, initial_temperature = 3.0, cooling_rate = 0.999
26 - INFO - chord#: 120 done. best_score=27.0, changed=527, unchanged=637, early_stops=8/8
26 - INFO - chord#: 122 In build_straw_man_chord_sa. tolerance = 1, sa_iterations = 1000, initial_temperature = 3.0, cooling_rate = 0.999
26 - INFO - chord#: 117 done. best_score=150.0, changed=616, unchanged=369, early_stops=8/8
26 - INFO - chord#: 118 In build_straw_man_chord_sa. tolerance = 1, sa_iterations = 1000, initial_temperature = 3.0, cooling_rate = 0.999
26 - INFO - chord#: 124 done. best_score=27.0, changed=525, unchanged=475, early_stops=8/8
26 - INFO - chord#: 128 In build_straw_man_chord_sa. tolerance = 1, sa_iterations = 1000, initial_temperature = 3.0, cooling_rate = 0.999
26 - INFO - chord#: 118 done. best_score=9.0, changed=516, unchanged=294, early_stops=8/8
26 - INFO - chord#: 120 In build_straw_man_chord_sa. tolerance = 1, sa_iterations = 1000, initial_temperature = 3.0, cooling_rate = 0.999
26 - INFO - chord#: 120 done. best_score=27.0, changed=516, unchanged=399, early_stops=8/8
26 - INFO - chord#: 122 In build_straw_man_chord_sa. tolerance = 1, sa_iterations = 1000, initial_temperature = 3.0, cooling_rate = 0.999
26 - INFO - chord#: 108 done. best_score=27.0, changed=521, unchanged=437, early_stops=8/8
26 - INFO - chord#: 110 In build_straw_man_chord_sa. tolerance = 1, sa_iterations = 1000, initial_temperature = 3.0, cooling_rate = 0.999
26 - INFO - chord#: 120 done. best_score=27.0, changed=519, unchanged=475, early_stops=8/8
26 - INFO - chord#: 122 In build_straw_man_chord_sa. tolerance = 1, sa_iterations = 1000, initial_temperature = 3.0, cooling_rate = 0.999
26 - INFO - chord#: 117 done. best_score=180.0, changed=611, unchanged=298, early_stops=8/8
26 - INFO - chord#: 118 In build_straw_man_chord_sa. tolerance = 1, sa_iterations = 1000, initial_temperature = 3.0, cooling_rate = 0.999
26 - INFO - chord#: 118 done. best_score=20.0, changed=532, unchanged=288, early_stops=8/8
26 - INFO - chord#: 120 In build_straw_man_chord_sa. tolerance = 1, sa_iterations = 1000, initial_temperature = 3.0, cooling_rate = 0.999
26 - INFO - chord#: 120 done. best_score=27.0, changed=520, unchanged=404, early_stops=8/8
26 - INFO - chord#: 122 In build_straw_man_chord_sa. tolerance = 1, sa_iterations = 1000, initial_temperature = 3.0, cooling_rate = 0.999
26 - INFO - chord#: 128 done. best_score=27.0, changed=517, unchanged=416, early_stops=8/8
26 - INFO - chord#: 130 In build_straw_man_chord_sa. tolerance = 1, sa_iterations = 1000, initial_temperature = 3.0, cooling_rate = 0.999
26 - INFO - chord#: 120 done. best_score=27.0, changed=522, unchanged=399, early_stops=8/8
26 - INFO - chord#: 122 In build_straw_man_chord_sa. tolerance = 1, sa_iterations = 1000, initial_temperature = 3.0, cooling_rate = 0.999
26 - INFO - chord#: 117 done. best_score=149.0, changed=615, unchanged=281, early_stops=8/8
26 - INFO - chord#: 118 In build_straw_man_chord_sa. tolerance = 1, sa_iterations = 1000, initial_temperature = 3.0, cooling_rate = 0.999
26 - INFO - chord#: 120 done. best_score=27.0, changed=518, unchanged=323, early_stops=8/8
26 - INFO - chord#: 122 In build_straw_man_chord_sa. tolerance = 1, sa_iterations = 1000, initial_temperature = 3.0, cooling_rate = 0.999
26 - INFO - chord#: 116 done. best_score=71.0, changed=610, unchanged=281, early_stops=8/8
26 - INFO - chord#: 117 In build_straw_man_chord_sa. tolerance = 1, sa_iterations = 1000, initial_temperature = 3.0, cooling_rate = 0.999
26 - INFO - chord#: 122 done. best_score=67.0, changed=616, unchanged=330, early_stops=8/8
26 - INFO - chord#: 124 In build_straw_man_chord_sa. tolerance = 1, sa_iterations = 1000, initial_temperature = 3.0, cooling_rate = 0.999
26 - INFO - chord#: 118 done. best_score=16.0, changed=462, unchanged=350, early_stops=8/8
26 - INFO - chord#: 120 In build_straw_man_chord_sa. tolerance = 1, sa_iterations = 1000, initial_temperature = 3.0, cooling_rate = 0.999
26 - INFO - chord#: 122 done. best_score=137.0, changed=610, unchanged=385, early_stops=8/8
26 - INFO - chord#: 124 In build_straw_man_chord_sa. tolerance = 1, sa_iterations = 1000, initial_temperature = 3.0, cooling_rate = 0.999
26 - INFO - chord#: 122 done. best_score=67.0, changed=609, unchanged=269, early_stops=8/8
26 - INFO - chord#: 124 In build_straw_man_chord_sa. tolerance = 1, sa_iterations = 1000, initial_temperature = 3.0, cooling_rate = 0.999
26 - INFO - chord#: 124 done. best_score=27.0, changed=539, unchanged=593, early_stops=8/8
26 - INFO - chord#: 128 In build_straw_man_chord_sa. tolerance = 1, sa_iterations = 1000, initial_temperature = 3.0, cooling_rate = 0.999
26 - INFO - chord#: 122 done. best_score=67.0, changed=611, unchanged=272, early_stops=8/8
26 - INFO - chord#: 124 In build_straw_man_chord_sa. tolerance = 1, sa_iterations = 1000, initial_temperature = 3.0, cooling_rate = 0.999
26 - INFO - chord#: 122 done. best_score=67.0, changed=610, unchanged=220, early_stops=8/8
26 - INFO - chord#: 124 In build_straw_man_chord_sa. tolerance = 1, sa_iterations = 1000, initial_temperature = 3.0, cooling_rate = 0.999
26 - INFO - chord#: 124 done. best_score=27.0, changed=528, unchanged=383, early_stops=8/8
26 - INFO - chord#: 128 In build_straw_man_chord_sa. tolerance = 1, sa_iterations = 1000, initial_temperature = 3.0, cooling_rate = 0.999
26 - INFO - chord#: 130 done. best_score=142.0, changed=612, unchanged=270, early_stops=8/8
26 - INFO - chord#: 132 In build_straw_man_chord_sa. tolerance = 1, sa_iterations = 1000, initial_temperature = 3.0, cooling_rate = 0.999
26 - INFO - chord#: 120 done. best_score=27.0, changed=515, unchanged=421, early_stops=8/8
26 - INFO - chord#: 122 In build_straw_man_chord_sa. tolerance = 1, sa_iterations = 1000, initial_temperature = 3.0, cooling_rate = 0.999
26 - INFO - chord#: 110 done. best_score=142.0, changed=609, unchanged=318, early_stops=8/8
26 - INFO - chord#: 112 In build_straw_man_chord_sa. tolerance = 1, sa_iterations = 1000, initial_temperature = 3.0, cooling_rate = 0.999
26 - INFO - chord#: 122 done. best_score=67.0, changed=615, unchanged=499, early_stops=8/8
26 - INFO - chord#: 124 In build_straw_man_chord_sa. tolerance = 1, sa_iterations = 1000, initial_temperature = 3.0, cooling_rate = 0.999
26 - INFO - chord#: 122 done. best_score=67.0, changed=614, unchanged=293, early_stops=8/8
26 - INFO - chord#: 124 In build_straw_man_chord_sa. tolerance = 1, sa_iterations = 1000, initial_temperature = 3.0, cooling_rate = 0.999
26 - INFO - chord#: 128 done. best_score=27.0, changed=522, unchanged=426, early_stops=8/8
26 - INFO - chord#: 130 In build_straw_man_chord_sa. tolerance = 1, sa_iterations = 1000, initial_temperature = 3.0, cooling_rate = 0.999
26 - INFO - chord#: 124 done. best_score=27.0, changed=515, unchanged=337, early_stops=8/8
26 - INFO - chord#: 128 In build_straw_man_chord_sa. tolerance = 1, sa_iterations = 1000, initial_temperature = 3.0, cooling_rate = 0.999
26 - INFO - chord#: 124 done. best_score=27.0, changed=525, unchanged=478, early_stops=8/8
26 - INFO - chord#: 128 In build_straw_man_chord_sa. tolerance = 1, sa_iterations = 1000, initial_temperature = 3.0, cooling_rate = 0.999
26 - INFO - chord#: 124 done. best_score=27.0, changed=524, unchanged=298, early_stops=8/8
26 - INFO - chord#: 128 In build_straw_man_chord_sa. tolerance = 1, sa_iterations = 1000, initial_temperature = 3.0, cooling_rate = 0.999
26 - INFO - chord#: 132 done. best_score=27.0, changed=519, unchanged=428, early_stops=8/8
26 - INFO - chord#: 134 In build_straw_man_chord_sa. tolerance = 1, sa_iterations = 1000, initial_temperature = 3.0, cooling_rate = 0.999
26 - INFO - chord#: 124 done. best_score=27.0, changed=520, unchanged=397, early_stops=8/8
26 - INFO - chord#: 128 In build_straw_man_chord_sa. tolerance = 1, sa_iterations = 1000, initial_temperature = 3.0, cooling_rate = 0.999
26 - INFO - chord#: 122 done. best_score=67.0, changed=613, unchanged=423, early_stops=8/8
26 - INFO - chord#: 124 In build_straw_man_chord_sa. tolerance = 1, sa_iterations = 1000, initial_temperature = 3.0, cooling_rate = 0.999
26 - INFO - chord#: 128 done. best_score=27.0, changed=530, unchanged=595, early_stops=8/8
26 - INFO - chord#: 130 In build_straw_man_chord_sa. tolerance = 1, sa_iterations = 1000, initial_temperature = 3.0, cooling_rate = 0.999
26 - INFO - chord#: 124 done. best_score=27.0, changed=523, unchanged=388, early_stops=8/8
26 - INFO - chord#: 128 In build_straw_man_chord_sa. tolerance = 1, sa_iterations = 1000, initial_temperature = 3.0, cooling_rate = 0.999
26 - INFO - chord#: 112 done. best_score=27.0, changed=522, unchanged=423, early_stops=8/8
26 - INFO - chord#: 114 In build_straw_man_chord_sa. tolerance = 1, sa_iterations = 1000, initial_temperature = 3.0, cooling_rate = 0.999
26 - INFO - chord#: 128 done. best_score=27.0, changed=523, unchanged=417, early_stops=8/8
26 - INFO - chord#: 130 In build_straw_man_chord_sa. tolerance = 1, sa_iterations = 1000, initial_temperature = 3.0, cooling_rate = 0.999
26 - INFO - chord#: 117 done. best_score=149.0, changed=614, unchanged=384, early_stops=8/8
26 - INFO - chord#: 118 In build_straw_man_chord_sa. tolerance = 1, sa_iterations = 1000, initial_temperature = 3.0, cooling_rate = 0.999
26 - INFO - chord#: 124 done. best_score=27.0, changed=522, unchanged=338, early_stops=8/8
26 - INFO - chord#: 128 In build_straw_man_chord_sa. tolerance = 1, sa_iterations = 1000, initial_temperature = 3.0, cooling_rate = 0.999
26 - INFO - chord#: 118 done. best_score=9.0, changed=488, unchanged=367, early_stops=8/8
26 - INFO - chord#: 120 In build_straw_man_chord_sa. tolerance = 1, sa_iterations = 1000, initial_temperature = 3.0, cooling_rate = 0.999
26 - INFO - chord#: 128 done. best_score=27.0, changed=518, unchanged=494, early_stops=8/8
26 - INFO - chord#: 130 In build_straw_man_chord_sa. tolerance = 1, sa_iterations = 1000, initial_temperature = 3.0, cooling_rate = 0.999
26 - INFO - chord#: 128 done. best_score=27.0, changed=520, unchanged=377, early_stops=8/8
26 - INFO - chord#: 130 In build_straw_man_chord_sa. tolerance = 1, sa_iterations = 1000, initial_temperature = 3.0, cooling_rate = 0.999
26 - INFO - chord#: 128 done. best_score=27.0, changed=525, unchanged=479, early_stops=8/8
26 - INFO - chord#: 130 In build_straw_man_chord_sa. tolerance = 1, sa_iterations = 1000, initial_temperature = 3.0, cooling_rate = 0.999
26 - INFO - chord#: 128 done. best_score=27.0, changed=522, unchanged=399, early_stops=8/8
26 - INFO - chord#: 130 In build_straw_man_chord_sa. tolerance = 1, sa_iterations = 1000, initial_temperature = 3.0, cooling_rate = 0.999
26 - INFO - chord#: 122 done. best_score=67.0, changed=608, unchanged=212, early_stops=8/8
26 - INFO - chord#: 124 In build_straw_man_chord_sa. tolerance = 1, sa_iterations = 1000, initial_temperature = 3.0, cooling_rate = 0.999
26 - INFO - chord#: 114 done. best_score=27.0, changed=523, unchanged=332, early_stops=8/8
26 - INFO - chord#: 116 In build_straw_man_chord_sa. tolerance = 1, sa_iterations = 1000, initial_temperature = 3.0, cooling_rate = 0.999
26 - INFO - chord#: 128 done. best_score=27.0, changed=530, unchanged=527, early_stops=8/8
26 - INFO - chord#: 130 In build_straw_man_chord_sa. tolerance = 1, sa_iterations = 1000, initial_temperature = 3.0, cooling_rate = 0.999
26 - INFO - chord#: 130 done. best_score=137.0, changed=610, unchanged=421, early_stops=8/8
26 - INFO - chord#: 132 In build_straw_man_chord_sa. tolerance = 1, sa_iterations = 1000, initial_temperature = 3.0, cooling_rate = 0.999
26 - INFO - chord#: 120 done. best_score=27.0, changed=525, unchanged=492, early_stops=8/8
26 - INFO - chord#: 122 In build_straw_man_chord_sa. tolerance = 1, sa_iterations = 1000, initial_temperature = 3.0, cooling_rate = 0.999
26 - INFO - chord#: 130 done. best_score=67.0, changed=608, unchanged=298, early_stops=8/8
26 - INFO - chord#: 132 In build_straw_man_chord_sa. tolerance = 1, sa_iterations = 1000, initial_temperature = 3.0, cooling_rate = 0.999
26 - INFO - chord#: 134 done. best_score=104.0, changed=619, unchanged=384, early_stops=8/8
26 - INFO - chord#: 136 In build_straw_man_chord_sa. tolerance = 1, sa_iterations = 1000, initial_temperature = 3.0, cooling_rate = 0.999
26 - INFO - chord#: 124 done. best_score=27.0, changed=520, unchanged=440, early_stops=8/8
26 - INFO - chord#: 128 In build_straw_man_chord_sa. tolerance = 1, sa_iterations = 1000, initial_temperature = 3.0, cooling_rate = 0.999
26 - INFO - chord#: 130 done. best_score=137.0, changed=607, unchanged=244, early_stops=8/8
26 - INFO - chord#: 132 In build_straw_man_chord_sa. tolerance = 1, sa_iterations = 1000, initial_temperature = 3.0, cooling_rate = 0.999
26 - INFO - chord#: 132 done. best_score=27.0, changed=522, unchanged=506, early_stops=8/8
26 - INFO - chord#: 134 In build_straw_man_chord_sa. tolerance = 1, sa_iterations = 1000, initial_temperature = 3.0, cooling_rate = 0.999
26 - INFO - chord#: 130 done. best_score=142.0, changed=612, unchanged=333, early_stops=8/8
26 - INFO - chord#: 132 In build_straw_man_chord_sa. tolerance = 1, sa_iterations = 1000, initial_temperature = 3.0, cooling_rate = 0.999
26 - INFO - chord#: 130 done. best_score=145.0, changed=611, unchanged=301, early_stops=8/8
26 - INFO - chord#: 132 In build_straw_man_chord_sa. tolerance = 1, sa_iterations = 1000, initial_temperature = 3.0, cooling_rate = 0.999
26 - INFO - chord#: 132 done. best_score=27.0, changed=524, unchanged=494, early_stops=8/8
26 - INFO - chord#: 134 In build_straw_man_chord_sa. tolerance = 1, sa_iterations = 1000, initial_temperature = 3.0, cooling_rate = 0.999
26 - INFO - chord#: 130 done. best_score=137.0, changed=614, unchanged=288, early_stops=8/8
26 - INFO - chord#: 132 In build_straw_man_chord_sa. tolerance = 1, sa_iterations = 1000, initial_temperature = 3.0, cooling_rate = 0.999
26 - INFO - chord#: 136 done. best_score=27.0, changed=526, unchanged=482, early_stops=8/8
26 - INFO - chord#: 138 In build_straw_man_chord_sa. tolerance = 1, sa_iterations = 1000, initial_temperature = 3.0, cooling_rate = 0.999
26 - INFO - chord#: 130 done. best_score=140.0, changed=609, unchanged=321, early_stops=8/8
26 - INFO - chord#: 132 In build_straw_man_chord_sa. tolerance = 1, sa_iterations = 1000, initial_temperature = 3.0, cooling_rate = 0.999
26 - INFO - chord#: 132 done. best_score=27.0, changed=524, unchanged=488, early_stops=8/8
26 - INFO - chord#: 134 In build_straw_man_chord_sa. tolerance = 1, sa_iterations = 1000, initial_temperature = 3.0, cooling_rate = 0.999
26 - INFO - chord#: 128 done. best_score=27.0, changed=531, unchanged=542, early_stops=8/8
26 - INFO - chord#: 130 In build_straw_man_chord_sa. tolerance = 1, sa_iterations = 1000, initial_temperature = 3.0, cooling_rate = 0.999
26 - INFO - chord#: 132 done. best_score=27.0, changed=520, unchanged=412, early_stops=8/8
26 - INFO - chord#: 134 In build_straw_man_chord_sa. tolerance = 1, sa_iterations = 1000, initial_temperature = 3.0, cooling_rate = 0.999
26 - INFO - chord#: 132 done. best_score=27.0, changed=519, unchanged=374, early_stops=8/8
26 - INFO - chord#: 134 In build_straw_man_chord_sa. tolerance = 1, sa_iterations = 1000, initial_temperature = 3.0, cooling_rate = 0.999
26 - INFO - chord#: 130 done. best_score=67.0, changed=621, unchanged=557, early_stops=8/8
26 - INFO - chord#: 132 In build_straw_man_chord_sa. tolerance = 1, sa_iterations = 1000, initial_temperature = 3.0, cooling_rate = 0.999
26 - INFO - chord#: 116 done. best_score=146.0, changed=618, unchanged=374, early_stops=8/8
26 - INFO - chord#: 117 In build_straw_man_chord_sa. tolerance = 1, sa_iterations = 1000, initial_temperature = 3.0, cooling_rate = 0.999
26 - INFO - chord#: 132 done. best_score=27.0, changed=520, unchanged=312, early_stops=8/8
26 - INFO - chord#: 134 In build_straw_man_chord_sa. tolerance = 1, sa_iterations = 1000, initial_temperature = 3.0, cooling_rate = 0.999
26 - INFO - chord#: 132 done. best_score=27.0, changed=522, unchanged=347, early_stops=8/8
26 - INFO - chord#: 134 In build_straw_man_chord_sa. tolerance = 1, sa_iterations = 1000, initial_temperature = 3.0, cooling_rate = 0.999
26 - INFO - chord#: 134 done. best_score=74.0, changed=610, unchanged=325, early_stops=8/8
26 - INFO - chord#: 136 In build_straw_man_chord_sa. tolerance = 1, sa_iterations = 1000, initial_temperature = 3.0, cooling_rate = 0.999
26 - INFO - chord#: 132 done. best_score=27.0, changed=520, unchanged=355, early_stops=8/8
26 - INFO - chord#: 134 In build_straw_man_chord_sa. tolerance = 1, sa_iterations = 1000, initial_temperature = 3.0, cooling_rate = 0.999
26 - INFO - chord#: 138 done. best_score=145.0, changed=612, unchanged=255, early_stops=8/8
26 - INFO - chord#: 140 In build_straw_man_chord_sa. tolerance = 1, sa_iterations = 1000, initial_temperature = 3.0, cooling_rate = 0.999
26 - INFO - chord#: 134 done. best_score=74.0, changed=611, unchanged=289, early_stops=8/8
26 - INFO - chord#: 136 In build_straw_man_chord_sa. tolerance = 1, sa_iterations = 1000, initial_temperature = 3.0, cooling_rate = 0.999
26 - INFO - chord#: 122 done. best_score=96.0, changed=618, unchanged=517, early_stops=8/8
26 - INFO - chord#: 124 In build_straw_man_chord_sa. tolerance = 1, sa_iterations = 1000, initial_temperature = 3.0, cooling_rate = 0.999
26 - INFO - chord#: 134 done. best_score=121.0, changed=606, unchanged=245, early_stops=8/8
26 - INFO - chord#: 136 In build_straw_man_chord_sa. tolerance = 1, sa_iterations = 1000, initial_temperature = 3.0, cooling_rate = 0.999
26 - INFO - chord#: 136 done. best_score=27.0, changed=525, unchanged=402, early_stops=8/8
26 - INFO - chord#: 138 In build_straw_man_chord_sa. tolerance = 1, sa_iterations = 1000, initial_temperature = 3.0, cooling_rate = 0.999
26 - INFO - chord#: 134 done. best_score=74.0, changed=613, unchanged=341, early_stops=8/8
26 - INFO - chord#: 136 In build_straw_man_chord_sa. tolerance = 1, sa_iterations = 1000, initial_temperature = 3.0, cooling_rate = 0.999
26 - INFO - chord#: 134 done. best_score=148.0, changed=609, unchanged=287, early_stops=8/8
26 - INFO - chord#: 136 In build_straw_man_chord_sa. tolerance = 1, sa_iterations = 1000, initial_temperature = 3.0, cooling_rate = 0.999
26 - INFO - chord#: 136 done. best_score=27.0, changed=521, unchanged=415, early_stops=8/8
26 - INFO - chord#: 138 In build_straw_man_chord_sa. tolerance = 1, sa_iterations = 1000, initial_temperature = 3.0, cooling_rate = 0.999
26 - INFO - chord#: 140 done. best_score=27.0, changed=523, unchanged=410, early_stops=8/8
26 - INFO - chord#: 142 In build_straw_man_chord_sa. tolerance = 1, sa_iterations = 1000, initial_temperature = 3.0, cooling_rate = 0.999
26 - INFO - chord#: 124 done. best_score=27.0, changed=524, unchanged=358, early_stops=8/8
26 - INFO - chord#: 128 In build_straw_man_chord_sa. tolerance = 1, sa_iterations = 1000, initial_temperature = 3.0, cooling_rate = 0.999
26 - INFO - chord#: 134 done. best_score=74.0, changed=610, unchanged=241, early_stops=8/8
26 - INFO - chord#: 136 In build_straw_man_chord_sa. tolerance = 1, sa_iterations = 1000, initial_temperature = 3.0, cooling_rate = 0.999
26 - INFO - chord#: 117 done. best_score=141.0, changed=611, unchanged=316, early_stops=8/8
26 - INFO - chord#: 118 In build_straw_man_chord_sa. tolerance = 1, sa_iterations = 1000, initial_temperature = 3.0, cooling_rate = 0.999
26 - INFO - chord#: 136 done. best_score=27.0, changed=527, unchanged=328, early_stops=8/8
26 - INFO - chord#: 138 In build_straw_man_chord_sa. tolerance = 1, sa_iterations = 1000, initial_temperature = 3.0, cooling_rate = 0.999
26 - INFO - chord#: 118 done. best_score=9.0, changed=475, unchanged=361, early_stops=8/8
26 - INFO - chord#: 120 In build_straw_man_chord_sa. tolerance = 1, sa_iterations = 1000, initial_temperature = 3.0, cooling_rate = 0.999
26 - INFO - chord#: 130 done. best_score=137.0, changed=618, unchanged=558, early_stops=8/8
26 - INFO - chord#: 132 In build_straw_man_chord_sa. tolerance = 1, sa_iterations = 1000, initial_temperature = 3.0, cooling_rate = 0.999
26 - INFO - chord#: 136 done. best_score=27.0, changed=523, unchanged=407, early_stops=8/8
26 - INFO - chord#: 138 In build_straw_man_chord_sa. tolerance = 1, sa_iterations = 1000, initial_temperature = 3.0, cooling_rate = 0.999
26 - INFO - chord#: 136 done. best_score=27.0, changed=526, unchanged=488, early_stops=8/8
26 - INFO - chord#: 138 In build_straw_man_chord_sa. tolerance = 1, sa_iterations = 1000, initial_temperature = 3.0, cooling_rate = 0.999
26 - INFO - chord#: 134 done. best_score=74.0, changed=615, unchanged=597, early_stops=8/8
26 - INFO - chord#: 136 In build_straw_man_chord_sa. tolerance = 1, sa_iterations = 1000, initial_temperature = 3.0, cooling_rate = 0.999
26 - INFO - chord#: 128 done. best_score=27.0, changed=518, unchanged=376, early_stops=8/8
26 - INFO - chord#: 130 In build_straw_man_chord_sa. tolerance = 1, sa_iterations = 1000, initial_temperature = 3.0, cooling_rate = 0.999
26 - INFO - chord#: 134 done. best_score=121.0, changed=610, unchanged=224, early_stops=8/8
26 - INFO - chord#: 136 In build_straw_man_chord_sa. tolerance = 1, sa_iterations = 1000, initial_temperature = 3.0, cooling_rate = 0.999
26 - INFO - chord#: 138 done. best_score=145.0, changed=609, unchanged=214, early_stops=8/8
26 - INFO - chord#: 140 In build_straw_man_chord_sa. tolerance = 1, sa_iterations = 1000, initial_temperature = 3.0, cooling_rate = 0.999
26 - INFO - chord#: 136 done. best_score=27.0, changed=525, unchanged=500, early_stops=8/8
26 - INFO - chord#: 138 In build_straw_man_chord_sa. tolerance = 1, sa_iterations = 1000, initial_temperature = 3.0, cooling_rate = 0.999
26 - INFO - chord#: 138 done. best_score=140.0, changed=614, unchanged=403, early_stops=8/8
26 - INFO - chord#: 140 In build_straw_man_chord_sa. tolerance = 1, sa_iterations = 1000, initial_temperature = 3.0, cooling_rate = 0.999
26 - INFO - chord#: 132 done. best_score=27.0, changed=522, unchanged=385, early_stops=8/8
26 - INFO - chord#: 134 In build_straw_man_chord_sa. tolerance = 1, sa_iterations = 1000, initial_temperature = 3.0, cooling_rate = 0.999
26 - INFO - chord#: 120 done. best_score=27.0, changed=529, unchanged=586, early_stops=8/8
26 - INFO - chord#: 122 In build_straw_man_chord_sa. tolerance = 1, sa_iterations = 1000, initial_temperature = 3.0, cooling_rate = 0.999
26 - INFO - chord#: 136 done. best_score=27.0, changed=523, unchanged=423, early_stops=8/8
26 - INFO - chord#: 138 In build_straw_man_chord_sa. tolerance = 1, sa_iterations = 1000, initial_temperature = 3.0, cooling_rate = 0.999
26 - INFO - chord#: 142 done. best_score=74.0, changed=615, unchanged=342, early_stops=8/8
26 - INFO - chord#: 144 In build_straw_man_chord_sa. tolerance = 1, sa_iterations = 1000, initial_temperature = 3.0, cooling_rate = 0.999
26 - INFO - chord#: 140 done. best_score=27.0, changed=518, unchanged=371, early_stops=8/8
26 - INFO - chord#: 142 In build_straw_man_chord_sa. tolerance = 1, sa_iterations = 1000, initial_temperature = 3.0, cooling_rate = 0.999
26 - INFO - chord#: 138 done. best_score=142.0, changed=614, unchanged=269, early_stops=8/8
26 - INFO - chord#: 140 In build_straw_man_chord_sa. tolerance = 1, sa_iterations = 1000, initial_temperature = 3.0, cooling_rate = 0.999
26 - INFO - chord#: 138 done. best_score=142.0, changed=611, unchanged=293, early_stops=8/8
26 - INFO - chord#: 140 In build_straw_man_chord_sa. tolerance = 1, sa_iterations = 1000, initial_temperature = 3.0, cooling_rate = 0.999
26 - INFO - chord#: 140 done. best_score=27.0, changed=518, unchanged=450, early_stops=8/8
26 - INFO - chord#: 142 In build_straw_man_chord_sa. tolerance = 1, sa_iterations = 1000, initial_temperature = 3.0, cooling_rate = 0.999
26 - INFO - chord#: 136 done. best_score=27.0, changed=524, unchanged=422, early_stops=8/8
26 - INFO - chord#: 138 In build_straw_man_chord_sa. tolerance = 1, sa_iterations = 1000, initial_temperature = 3.0, cooling_rate = 0.999
26 - INFO - chord#: 144 done. best_score=27.0, changed=538, unchanged=575, early_stops=8/8
26 - INFO - chord#: 146 In build_straw_man_chord_sa. tolerance = 1, sa_iterations = 1000, initial_temperature = 3.0, cooling_rate = 0.999
26 - INFO - chord#: 140 done. best_score=27.0, changed=520, unchanged=380, early_stops=8/8
26 - INFO - chord#: 142 In build_straw_man_chord_sa. tolerance = 1, sa_iterations = 1000, initial_temperature = 3.0, cooling_rate = 0.999
26 - INFO - chord#: 138 done. best_score=140.0, changed=612, unchanged=329, early_stops=8/8
26 - INFO - chord#: 140 In build_straw_man_chord_sa. tolerance = 1, sa_iterations = 1000, initial_temperature = 3.0, cooling_rate = 0.999
26 - INFO - chord#: 130 done. best_score=145.0, changed=612, unchanged=309, early_stops=8/8
26 - INFO - chord#: 132 In build_straw_man_chord_sa. tolerance = 1, sa_iterations = 1000, initial_temperature = 3.0, cooling_rate = 0.999
26 - INFO - chord#: 140 done. best_score=27.0, changed=521, unchanged=435, early_stops=8/8
26 - INFO - chord#: 142 In build_straw_man_chord_sa. tolerance = 1, sa_iterations = 1000, initial_temperature = 3.0, cooling_rate = 0.999
26 - INFO - chord#: 146 done. best_score=27.0, changed=515, unchanged=386, early_stops=8/8
26 - INFO - chord#: 148 In build_straw_man_chord_sa. tolerance = 1, sa_iterations = 1000, initial_temperature = 3.0, cooling_rate = 0.999
26 - INFO - chord#: 138 done. best_score=143.0, changed=613, unchanged=341, early_stops=8/8
26 - INFO - chord#: 140 In build_straw_man_chord_sa. tolerance = 1, sa_iterations = 1000, initial_temperature = 3.0, cooling_rate = 0.999
26 - INFO - chord#: 138 done. best_score=143.0, changed=623, unchanged=325, early_stops=8/8
26 - INFO - chord#: 140 In build_straw_man_chord_sa. tolerance = 1, sa_iterations = 1000, initial_temperature = 3.0, cooling_rate = 0.999
26 - INFO - chord#: 142 done. best_score=121.0, changed=614, unchanged=275, early_stops=8/8
26 - INFO - chord#: 144 In build_straw_man_chord_sa. tolerance = 1, sa_iterations = 1000, initial_temperature = 3.0, cooling_rate = 0.999
26 - INFO - chord#: 134 done. best_score=74.0, changed=611, unchanged=279, early_stops=8/8
26 - INFO - chord#: 136 In build_straw_man_chord_sa. tolerance = 1, sa_iterations = 1000, initial_temperature = 3.0, cooling_rate = 0.999
26 - INFO - chord#: 122 done. best_score=96.0, changed=613, unchanged=324, early_stops=8/8
26 - INFO - chord#: 124 In build_straw_man_chord_sa. tolerance = 1, sa_iterations = 1000, initial_temperature = 3.0, cooling_rate = 0.999
26 - INFO - chord#: 140 done. best_score=27.0, changed=536, unchanged=491, early_stops=8/8
26 - INFO - chord#: 142 In build_straw_man_chord_sa. tolerance = 1, sa_iterations = 1000, initial_temperature = 3.0, cooling_rate = 0.999
26 - INFO - chord#: 142 done. best_score=74.0, changed=610, unchanged=306, early_stops=8/8
26 - INFO - chord#: 144 In build_straw_man_chord_sa. tolerance = 1, sa_iterations = 1000, initial_temperature = 3.0, cooling_rate = 0.999
26 - INFO - chord#: 132 done. best_score=27.0, changed=529, unchanged=469, early_stops=8/8
26 - INFO - chord#: 134 In build_straw_man_chord_sa. tolerance = 1, sa_iterations = 1000, initial_temperature = 3.0, cooling_rate = 0.999
26 - INFO - chord#: 142 done. best_score=74.0, changed=612, unchanged=243, early_stops=8/8
26 - INFO - chord#: 144 In build_straw_man_chord_sa. tolerance = 1, sa_iterations = 1000, initial_temperature = 3.0, cooling_rate = 0.999
26 - INFO - chord#: 140 done. best_score=27.0, changed=517, unchanged=536, early_stops=8/8
26 - INFO - chord#: 142 In build_straw_man_chord_sa. tolerance = 1, sa_iterations = 1000, initial_temperature = 3.0, cooling_rate = 0.999
26 - INFO - chord#: 144 done. best_score=27.0, changed=514, unchanged=468, early_stops=8/8
26 - INFO - chord#: 146 In build_straw_man_chord_sa. tolerance = 1, sa_iterations = 1000, initial_temperature = 3.0, cooling_rate = 0.999
26 - INFO - chord#: 140 done. best_score=27.0, changed=519, unchanged=351, early_stops=8/8
26 - INFO - chord#: 142 In build_straw_man_chord_sa. tolerance = 1, sa_iterations = 1000, initial_temperature = 3.0, cooling_rate = 0.999
26 - INFO - chord#: 124 done. best_score=27.0, changed=521, unchanged=404, early_stops=8/8
26 - INFO - chord#: 128 In build_straw_man_chord_sa. tolerance = 1, sa_iterations = 1000, initial_temperature = 3.0, cooling_rate = 0.999
26 - INFO - chord#: 144 done. best_score=27.0, changed=518, unchanged=379, early_stops=8/8
26 - INFO - chord#: 146 In build_straw_man_chord_sa. tolerance = 1, sa_iterations = 1000, initial_temperature = 3.0, cooling_rate = 0.999
26 - INFO - chord#: 142 done. best_score=74.0, changed=606, unchanged=326, early_stops=8/8
26 - INFO - chord#: 144 In build_straw_man_chord_sa. tolerance = 1, sa_iterations = 1000, initial_temperature = 3.0, cooling_rate = 0.999
26 - INFO - chord#: 136 done. best_score=27.0, changed=527, unchanged=536, early_stops=8/8
26 - INFO - chord#: 138 In build_straw_man_chord_sa. tolerance = 1, sa_iterations = 1000, initial_temperature = 3.0, cooling_rate = 0.999
26 - INFO - chord#: 144 done. best_score=27.0, changed=524, unchanged=425, early_stops=8/8
26 - INFO - chord#: 146 In build_straw_man_chord_sa. tolerance = 1, sa_iterations = 1000, initial_temperature = 3.0, cooling_rate = 0.999
26 - INFO - chord#: 146 done. best_score=27.0, changed=529, unchanged=383, early_stops=8/8
26 - INFO - chord#: 138 done. best_score=142.0, changed=615, unchanged=518, early_stops=8/8
26 - INFO - chord#: 140 In build_straw_man_chord_sa. tolerance = 1, sa_iterations = 1000, initial_temperature = 3.0, cooling_rate = 0.999
26 - INFO - chord#: 148 In build_straw_man_chord_sa. tolerance = 1, sa_iterations = 1000, initial_temperature = 3.0, cooling_rate = 0.999
26 - INFO - chord#: 148 done. best_score=67.0, changed=614, unchanged=410, early_stops=8/8
26 - INFO - chord#: 150 In build_straw_man_chord_sa. tolerance = 1, sa_iterations = 1000, initial_temperature = 3.0, cooling_rate = 0.999
26 - INFO - chord#: 146 done. best_score=27.0, changed=523, unchanged=346, early_stops=8/8
26 - INFO - chord#: 148 In build_straw_man_chord_sa. tolerance = 1, sa_iterations = 1000, initial_temperature = 3.0, cooling_rate = 0.999
26 - INFO - chord#: 144 done. best_score=27.0, changed=519, unchanged=504, early_stops=8/8
26 - INFO - chord#: 146 In build_straw_man_chord_sa. tolerance = 1, sa_iterations = 1000, initial_temperature = 3.0, cooling_rate = 0.999
26 - INFO - chord#: 128 done. best_score=27.0, changed=526, unchanged=538, early_stops=8/8
26 - INFO - chord#: 130 In build_straw_man_chord_sa. tolerance = 1, sa_iterations = 1000, initial_temperature = 3.0, cooling_rate = 0.999
26 - INFO - chord#: 150 done. best_score=35.0, changed=575, unchanged=245, early_stops=8/8
26 - INFO - chord#: 152 In build_straw_man_chord_sa. tolerance = 1, sa_iterations = 1000, initial_temperature = 3.0, cooling_rate = 0.999
26 - INFO - chord#: 146 done. best_score=27.0, changed=530, unchanged=334, early_stops=8/8
26 - INFO - chord#: 148 In build_straw_man_chord_sa. tolerance = 1, sa_iterations = 1000, initial_temperature = 3.0, cooling_rate = 0.999
26 - INFO - chord#: 140 done. best_score=27.0, changed=518, unchanged=479, early_stops=8/8
26 - INFO - chord#: 142 In build_straw_man_chord_sa. tolerance = 1, sa_iterations = 1000, initial_temperature = 3.0, cooling_rate = 0.999
26 - INFO - chord#: 142 done. best_score=96.0, changed=609, unchanged=342, early_stops=8/8
26 - INFO - chord#: 144 In build_straw_man_chord_sa. tolerance = 1, sa_iterations = 1000, initial_temperature = 3.0, cooling_rate = 0.999
26 - INFO - chord#: 142 done. best_score=164.0, changed=608, unchanged=356, early_stops=8/8
26 - INFO - chord#: 144 In build_straw_man_chord_sa. tolerance = 1, sa_iterations = 1000, initial_temperature = 3.0, cooling_rate = 0.999
26 - INFO - chord#: 146 done. best_score=27.0, changed=524, unchanged=358, early_stops=8/8
26 - INFO - chord#: 148 In build_straw_man_chord_sa. tolerance = 1, sa_iterations = 1000, initial_temperature = 3.0, cooling_rate = 0.999
26 - INFO - chord#: 142 done. best_score=96.0, changed=615, unchanged=235, early_stops=8/8
26 - INFO - chord#: 144 In build_straw_man_chord_sa. tolerance = 1, sa_iterations = 1000, initial_temperature = 3.0, cooling_rate = 0.999
26 - INFO - chord#: 134 done. best_score=74.0, changed=615, unchanged=323, early_stops=8/8
26 - INFO - chord#: 136 In build_straw_man_chord_sa. tolerance = 1, sa_iterations = 1000, initial_temperature = 3.0, cooling_rate = 0.999
26 - INFO - chord#: 152 done. best_score=27.0, changed=522, unchanged=485, early_stops=8/8
26 - INFO - chord#: 154 In build_straw_man_chord_sa. tolerance = 1, sa_iterations = 1000, initial_temperature = 3.0, cooling_rate = 0.999
26 - INFO - chord#: 148 done. best_score=157.0, changed=611, unchanged=261, early_stops=8/8
26 - INFO - chord#: 150 In build_straw_man_chord_sa. tolerance = 1, sa_iterations = 1000, initial_temperature = 3.0, cooling_rate = 0.999
26 - INFO - chord#: 138 done. best_score=140.0, changed=616, unchanged=257, early_stops=8/8
26 - INFO - chord#: 140 In build_straw_man_chord_sa. tolerance = 1, sa_iterations = 1000, initial_temperature = 3.0, cooling_rate = 0.999
26 - INFO - chord#: 144 done. best_score=27.0, changed=522, unchanged=447, early_stops=8/8
26 - INFO - chord#: 146 In build_straw_man_chord_sa. tolerance = 1, sa_iterations = 1000, initial_temperature = 3.0, cooling_rate = 0.999
26 - INFO - chord#: 144 done. best_score=27.0, changed=519, unchanged=468, early_stops=8/8
26 - INFO - chord#: 146 In build_straw_man_chord_sa. tolerance = 1, sa_iterations = 1000, initial_temperature = 3.0, cooling_rate = 0.999
26 - INFO - chord#: 144 done. best_score=27.0, changed=513, unchanged=321, early_stops=8/8
26 - INFO - chord#: 146 In build_straw_man_chord_sa. tolerance = 1, sa_iterations = 1000, initial_temperature = 3.0, cooling_rate = 0.999
26 - INFO - chord#: 148 done. best_score=155.0, changed=611, unchanged=256, early_stops=8/8
26 - INFO - chord#: 150 In build_straw_man_chord_sa. tolerance = 1, sa_iterations = 1000, initial_temperature = 3.0, cooling_rate = 0.999
26 - INFO - chord#: 148 done. best_score=145.0, changed=616, unchanged=386, early_stops=8/8
26 - INFO - chord#: 150 In build_straw_man_chord_sa. tolerance = 1, sa_iterations = 1000, initial_temperature = 3.0, cooling_rate = 0.999
26 - INFO - chord#: 154 done. best_score=27.0, changed=520, unchanged=397, early_stops=8/8
26 - INFO - chord#: 156 In build_straw_man_chord_sa. tolerance = 1, sa_iterations = 1000, initial_temperature = 3.0, cooling_rate = 0.999
26 - INFO - chord#: 150 done. best_score=35.0, changed=534, unchanged=352, early_stops=8/8
26 - INFO - chord#: 152 In build_straw_man_chord_sa. tolerance = 1, sa_iterations = 1000, initial_temperature = 3.0, cooling_rate = 0.999
26 - INFO - chord#: 136 done. best_score=27.0, changed=518, unchanged=400, early_stops=8/8
26 - INFO - chord#: 138 In build_straw_man_chord_sa. tolerance = 1, sa_iterations = 1000, initial_temperature = 3.0, cooling_rate = 0.999
26 - INFO - chord#: 130 done. best_score=142.0, changed=613, unchanged=244, early_stops=8/8
26 - INFO - chord#: 132 In build_straw_man_chord_sa. tolerance = 1, sa_iterations = 1000, initial_temperature = 3.0, cooling_rate = 0.999
26 - INFO - chord#: 146 done. best_score=27.0, changed=529, unchanged=376, early_stops=8/8
26 - INFO - chord#: 148 In build_straw_man_chord_sa. tolerance = 1, sa_iterations = 1000, initial_temperature = 3.0, cooling_rate = 0.999
26 - INFO - chord#: 150 done. best_score=35.0, changed=532, unchanged=307, early_stops=8/8
26 - INFO - chord#: 152 In build_straw_man_chord_sa. tolerance = 1, sa_iterations = 1000, initial_temperature = 3.0, cooling_rate = 0.999
26 - INFO - chord#: 140 done. best_score=27.0, changed=522, unchanged=421, early_stops=8/8
26 - INFO - chord#: 142 In build_straw_man_chord_sa. tolerance = 1, sa_iterations = 1000, initial_temperature = 3.0, cooling_rate = 0.999
26 - INFO - chord#: 142 done. best_score=148.0, changed=613, unchanged=294, early_stops=8/8
26 - INFO - chord#: 144 In build_straw_man_chord_sa. tolerance = 1, sa_iterations = 1000, initial_temperature = 3.0, cooling_rate = 0.999
26 - INFO - chord#: 150 done. best_score=37.0, changed=518, unchanged=350, early_stops=8/8
26 - INFO - chord#: 152 In build_straw_man_chord_sa. tolerance = 1, sa_iterations = 1000, initial_temperature = 3.0, cooling_rate = 0.999
26 - INFO - chord#: 156 done. best_score=27.0, changed=515, unchanged=349, early_stops=8/8
26 - INFO - chord#: 146 done. best_score=27.0, changed=524, unchanged=314, early_stops=8/8
26 - INFO - chord#: 148 In build_straw_man_chord_sa. tolerance = 1, sa_iterations = 1000, initial_temperature = 3.0, cooling_rate = 0.999
26 - INFO - chord#: 146 done. best_score=27.0, changed=532, unchanged=415, early_stops=8/8
26 - INFO - chord#: 148 In build_straw_man_chord_sa. tolerance = 1, sa_iterations = 1000, initial_temperature = 3.0, cooling_rate = 0.999
26 - INFO - chord#: 152 done. best_score=27.0, changed=524, unchanged=367, early_stops=8/8
26 - INFO - chord#: 154 In build_straw_man_chord_sa. tolerance = 1, sa_iterations = 1000, initial_temperature = 3.0, cooling_rate = 0.999
26 - INFO - chord#: 148 done. best_score=168.0, changed=615, unchanged=463, early_stops=8/8
26 - INFO - chord#: 150 In build_straw_man_chord_sa. tolerance = 1, sa_iterations = 1000, initial_temperature = 3.0, cooling_rate = 0.999
26 - INFO - chord#: 152 done. best_score=27.0, changed=512, unchanged=382, early_stops=8/8
26 - INFO - chord#: 154 In build_straw_man_chord_sa. tolerance = 1, sa_iterations = 1000, initial_temperature = 3.0, cooling_rate = 0.999
26 - INFO - chord#: 144 done. best_score=27.0, changed=522, unchanged=372, early_stops=8/8
26 - INFO - chord#: 146 In build_straw_man_chord_sa. tolerance = 1, sa_iterations = 1000, initial_temperature = 3.0, cooling_rate = 0.999
26 - INFO - chord#: 132 done. best_score=27.0, changed=519, unchanged=413, early_stops=8/8
26 - INFO - chord#: 134 In build_straw_man_chord_sa. tolerance = 1, sa_iterations = 1000, initial_temperature = 3.0, cooling_rate = 0.999
26 - INFO - chord#: 152 done. best_score=27.0, changed=517, unchanged=422, early_stops=8/8
26 - INFO - chord#: 154 In build_straw_man_chord_sa. tolerance = 1, sa_iterations = 1000, initial_temperature = 3.0, cooling_rate = 0.999
26 - INFO - chord#: 154 done. best_score=27.0, changed=525, unchanged=390, early_stops=8/8
26 - INFO - chord#: 156 In build_straw_man_chord_sa. tolerance = 1, sa_iterations = 1000, initial_temperature = 3.0, cooling_rate = 0.999
26 - INFO - chord#: 150 done. best_score=70.0, changed=525, unchanged=361, early_stops=8/8
26 - INFO - chord#: 152 In build_straw_man_chord_sa. tolerance = 1, sa_iterations = 1000, initial_temperature = 3.0, cooling_rate = 0.999
26 - INFO - chord#: 154 done. best_score=27.0, changed=533, unchanged=393, early_stops=8/8
26 - INFO - chord#: 156 In build_straw_man_chord_sa. tolerance = 1, sa_iterations = 1000, initial_temperature = 3.0, cooling_rate = 0.999
26 - INFO - chord#: 146 done. best_score=27.0, changed=517, unchanged=308, early_stops=8/8
26 - INFO - chord#: 148 In build_straw_man_chord_sa. tolerance = 1, sa_iterations = 1000, initial_temperature = 3.0, cooling_rate = 0.999
26 - INFO - chord#: 148 done. best_score=119.0, changed=612, unchanged=285, early_stops=8/8
26 - INFO - chord#: 150 In build_straw_man_chord_sa. tolerance = 1, sa_iterations = 1000, initial_temperature = 3.0, cooling_rate = 0.999
26 - INFO - chord#: 154 done. best_score=27.0, changed=526, unchanged=441, early_stops=8/8
26 - INFO - chord#: 156 In build_straw_man_chord_sa. tolerance = 1, sa_iterations = 1000, initial_temperature = 3.0, cooling_rate = 0.999
26 - INFO - chord#: 156 done. best_score=27.0, changed=520, unchanged=334, early_stops=8/8
26 - INFO - chord#: 138 done. best_score=140.0, changed=613, unchanged=246, early_stops=8/8
26 - INFO - chord#: 140 In build_straw_man_chord_sa. tolerance = 1, sa_iterations = 1000, initial_temperature = 3.0, cooling_rate = 0.999
26 - INFO - chord#: 152 done. best_score=27.0, changed=515, unchanged=326, early_stops=8/8
26 - INFO - chord#: 154 In build_straw_man_chord_sa. tolerance = 1, sa_iterations = 1000, initial_temperature = 3.0, cooling_rate = 0.999
26 - INFO - chord#: 148 done. best_score=78.0, changed=611, unchanged=227, early_stops=8/8
26 - INFO - chord#: 150 In build_straw_man_chord_sa. tolerance = 1, sa_iterations = 1000, initial_temperature = 3.0, cooling_rate = 0.999
26 - INFO - chord#: 156 done. best_score=27.0, changed=520, unchanged=307, early_stops=8/8
26 - INFO - chord#: 142 done. best_score=148.0, changed=615, unchanged=329, early_stops=8/8
26 - INFO - chord#: 148 done. best_score=67.0, changed=612, unchanged=345, early_stops=8/8
26 - INFO - chord#: 144 In build_straw_man_chord_sa. tolerance = 1, sa_iterations = 1000, initial_temperature = 3.0, cooling_rate = 0.999
26 - INFO - chord#: 150 In build_straw_man_chord_sa. tolerance = 1, sa_iterations = 1000, initial_temperature = 3.0, cooling_rate = 0.999
26 - INFO - chord#: 150 done. best_score=37.0, changed=517, unchanged=305, early_stops=8/8
26 - INFO - chord#: 152 In build_straw_man_chord_sa. tolerance = 1, sa_iterations = 1000, initial_temperature = 3.0, cooling_rate = 0.999
26 - INFO - chord#: 156 done. best_score=27.0, changed=533, unchanged=387, early_stops=8/8
26 - INFO - chord#: 154 done. best_score=27.0, changed=520, unchanged=370, early_stops=8/8
26 - INFO - chord#: 156 In build_straw_man_chord_sa. tolerance = 1, sa_iterations = 1000, initial_temperature = 3.0, cooling_rate = 0.999
26 - INFO - chord#: 140 done. best_score=27.0, changed=522, unchanged=400, early_stops=8/8
26 - INFO - chord#: 142 In build_straw_man_chord_sa. tolerance = 1, sa_iterations = 1000, initial_temperature = 3.0, cooling_rate = 0.999
26 - INFO - chord#: 150 done. best_score=35.0, changed=525, unchanged=371, early_stops=8/8
26 - INFO - chord#: 152 In build_straw_man_chord_sa. tolerance = 1, sa_iterations = 1000, initial_temperature = 3.0, cooling_rate = 0.999
26 - INFO - chord#: 152 done. best_score=27.0, changed=516, unchanged=332, early_stops=8/8
26 - INFO - chord#: 154 In build_straw_man_chord_sa. tolerance = 1, sa_iterations = 1000, initial_temperature = 3.0, cooling_rate = 0.999
26 - INFO - chord#: 144 done. best_score=27.0, changed=512, unchanged=365, early_stops=8/8
26 - INFO - chord#: 146 In build_straw_man_chord_sa. tolerance = 1, sa_iterations = 1000, initial_temperature = 3.0, cooling_rate = 0.999
26 - INFO - chord#: 150 done. best_score=35.0, changed=535, unchanged=343, early_stops=8/8
26 - INFO - chord#: 152 In build_straw_man_chord_sa. tolerance = 1, sa_iterations = 1000, initial_temperature = 3.0, cooling_rate = 0.999
26 - INFO - chord#: 148 done. best_score=67.0, changed=612, unchanged=369, early_stops=8/8
26 - INFO - chord#: 150 In build_straw_man_chord_sa. tolerance = 1, sa_iterations = 1000, initial_temperature = 3.0, cooling_rate = 0.999
26 - INFO - chord#: 156 done. best_score=27.0, changed=525, unchanged=544, early_stops=8/8
26 - INFO - chord#: 134 done. best_score=74.0, changed=612, unchanged=445, early_stops=8/8
26 - INFO - chord#: 136 In build_straw_man_chord_sa. tolerance = 1, sa_iterations = 1000, initial_temperature = 3.0, cooling_rate = 0.999
26 - INFO - chord#: 152 done. best_score=27.0, changed=515, unchanged=413, early_stops=8/8
26 - INFO - chord#: 154 In build_straw_man_chord_sa. tolerance = 1, sa_iterations = 1000, initial_temperature = 3.0, cooling_rate = 0.999
26 - INFO - chord#: 154 done. best_score=27.0, changed=530, unchanged=460, early_stops=8/8
26 - INFO - chord#: 156 In build_straw_man_chord_sa. tolerance = 1, sa_iterations = 1000, initial_temperature = 3.0, cooling_rate = 0.999
26 - INFO - chord#: 146 done. best_score=27.0, changed=517, unchanged=401, early_stops=8/8
26 - INFO - chord#: 148 In build_straw_man_chord_sa. tolerance = 1, sa_iterations = 1000, initial_temperature = 3.0, cooling_rate = 0.999
26 - INFO - chord#: 152 done. best_score=27.0, changed=517, unchanged=382, early_stops=8/8
26 - INFO - chord#: 154 In build_straw_man_chord_sa. tolerance = 1, sa_iterations = 1000, initial_temperature = 3.0, cooling_rate = 0.999
26 - INFO - chord#: 150 done. best_score=35.0, changed=527, unchanged=376, early_stops=8/8
26 - INFO - chord#: 152 In build_straw_man_chord_sa. tolerance = 1, sa_iterations = 1000, initial_temperature = 3.0, cooling_rate = 0.999
26 - INFO - chord#: 136 done. best_score=27.0, changed=510, unchanged=311, early_stops=8/8
26 - INFO - chord#: 138 In build_straw_man_chord_sa. tolerance = 1, sa_iterations = 1000, initial_temperature = 3.0, cooling_rate = 0.999
26 - INFO - chord#: 154 done. best_score=27.0, changed=512, unchanged=300, early_stops=8/8
26 - INFO - chord#: 156 In build_straw_man_chord_sa. tolerance = 1, sa_iterations = 1000, initial_temperature = 3.0, cooling_rate = 0.999
26 - INFO - chord#: 156 done. best_score=27.0, changed=531, unchanged=461, early_stops=8/8
26 - INFO - chord#: 154 done. best_score=27.0, changed=527, unchanged=391, early_stops=8/8
26 - INFO - chord#: 156 In build_straw_man_chord_sa. tolerance = 1, sa_iterations = 1000, initial_temperature = 3.0, cooling_rate = 0.999
26 - INFO - chord#: 152 done. best_score=27.0, changed=523, unchanged=463, early_stops=8/8
26 - INFO - chord#: 154 In build_straw_man_chord_sa. tolerance = 1, sa_iterations = 1000, initial_temperature = 3.0, cooling_rate = 0.999
26 - INFO - chord#: 142 done. best_score=74.0, changed=615, unchanged=371, early_stops=8/8
26 - INFO - chord#: 144 In build_straw_man_chord_sa. tolerance = 1, sa_iterations = 1000, initial_temperature = 3.0, cooling_rate = 0.999
26 - INFO - chord#: 156 done. best_score=27.0, changed=519, unchanged=335, early_stops=8/8
26 - INFO - chord#: 148 done. best_score=137.0, changed=607, unchanged=217, early_stops=8/8
26 - INFO - chord#: 150 In build_straw_man_chord_sa. tolerance = 1, sa_iterations = 1000, initial_temperature = 3.0, cooling_rate = 0.999
26 - INFO - chord#: 156 done. best_score=27.0, changed=524, unchanged=424, early_stops=8/8
26 - INFO - chord#: 154 done. best_score=27.0, changed=522, unchanged=393, early_stops=8/8
26 - INFO - chord#: 156 In build_straw_man_chord_sa. tolerance = 1, sa_iterations = 1000, initial_temperature = 3.0, cooling_rate = 0.999
26 - INFO - chord#: 144 done. best_score=27.0, changed=528, unchanged=491, early_stops=8/8
26 - INFO - chord#: 146 In build_straw_man_chord_sa. tolerance = 1, sa_iterations = 1000, initial_temperature = 3.0, cooling_rate = 0.999
26 - INFO - chord#: 150 done. best_score=35.0, changed=522, unchanged=324, early_stops=8/8
26 - INFO - chord#: 152 In build_straw_man_chord_sa. tolerance = 1, sa_iterations = 1000, initial_temperature = 3.0, cooling_rate = 0.999
26 - INFO - chord#: 156 done. best_score=27.0, changed=522, unchanged=434, early_stops=8/8
26 - INFO - chord#: 138 done. best_score=142.0, changed=610, unchanged=426, early_stops=8/8
26 - INFO - chord#: 140 In build_straw_man_chord_sa. tolerance = 1, sa_iterations = 1000, initial_temperature = 3.0, cooling_rate = 0.999
26 - INFO - chord#: 146 done. best_score=27.0, changed=519, unchanged=307, early_stops=8/8
26 - INFO - chord#: 148 In build_straw_man_chord_sa. tolerance = 1, sa_iterations = 1000, initial_temperature = 3.0, cooling_rate = 0.999
26 - INFO - chord#: 152 done. best_score=27.0, changed=525, unchanged=435, early_stops=8/8
26 - INFO - chord#: 154 In build_straw_man_chord_sa. tolerance = 1, sa_iterations = 1000, initial_temperature = 3.0, cooling_rate = 0.999
26 - INFO - chord#: 140 done. best_score=27.0, changed=524, unchanged=532, early_stops=8/8
26 - INFO - chord#: 142 In build_straw_man_chord_sa. tolerance = 1, sa_iterations = 1000, initial_temperature = 3.0, cooling_rate = 0.999
26 - INFO - chord#: 154 done. best_score=27.0, changed=523, unchanged=359, early_stops=8/8
26 - INFO - chord#: 156 In build_straw_man_chord_sa. tolerance = 1, sa_iterations = 1000, initial_temperature = 3.0, cooling_rate = 0.999
26 - INFO - chord#: 148 done. best_score=67.0, changed=613, unchanged=295, early_stops=8/8
26 - INFO - chord#: 150 In build_straw_man_chord_sa. tolerance = 1, sa_iterations = 1000, initial_temperature = 3.0, cooling_rate = 0.999
26 - INFO - chord#: 156 done. best_score=27.0, changed=528, unchanged=477, early_stops=8/8
26 - INFO - chord#: 150 done. best_score=35.0, changed=525, unchanged=326, early_stops=8/8
26 - INFO - chord#: 152 In build_straw_man_chord_sa. tolerance = 1, sa_iterations = 1000, initial_temperature = 3.0, cooling_rate = 0.999
26 - INFO - chord#: 142 done. best_score=74.0, changed=613, unchanged=283, early_stops=8/8
26 - INFO - chord#: 144 In build_straw_man_chord_sa. tolerance = 1, sa_iterations = 1000, initial_temperature = 3.0, cooling_rate = 0.999
26 - INFO - chord#: 152 done. best_score=27.0, changed=523, unchanged=340, early_stops=8/8
26 - INFO - chord#: 154 In build_straw_man_chord_sa. tolerance = 1, sa_iterations = 1000, initial_temperature = 3.0, cooling_rate = 0.999
26 - INFO - chord#: 144 done. best_score=27.0, changed=533, unchanged=721, early_stops=8/8
26 - INFO - chord#: 146 In build_straw_man_chord_sa. tolerance = 1, sa_iterations = 1000, initial_temperature = 3.0, cooling_rate = 0.999
26 - INFO - chord#: 154 done. best_score=27.0, changed=523, unchanged=334, early_stops=8/8
26 - INFO - chord#: 156 In build_straw_man_chord_sa. tolerance = 1, sa_iterations = 1000, initial_temperature = 3.0, cooling_rate = 0.999
26 - INFO - chord#: 146 done. best_score=27.0, changed=526, unchanged=514, early_stops=8/8
26 - INFO - chord#: 148 In build_straw_man_chord_sa. tolerance = 1, sa_iterations = 1000, initial_temperature = 3.0, cooling_rate = 0.999
26 - INFO - chord#: 156 done. best_score=27.0, changed=533, unchanged=378, early_stops=8/8
26 - INFO - chord#: 148 done. best_score=140.0, changed=609, unchanged=377, early_stops=8/8
26 - INFO - chord#: 150 In build_straw_man_chord_sa. tolerance = 1, sa_iterations = 1000, initial_temperature = 3.0, cooling_rate = 0.999
26 - INFO - chord#: 150 done. best_score=37.0, changed=525, unchanged=371, early_stops=8/8
26 - INFO - chord#: 152 In build_straw_man_chord_sa. tolerance = 1, sa_iterations = 1000, initial_temperature = 3.0, cooling_rate = 0.999
26 - INFO - chord#: 152 done. best_score=27.0, changed=514, unchanged=366, early_stops=8/8
26 - INFO - chord#: 154 In build_straw_man_chord_sa. tolerance = 1, sa_iterations = 1000, initial_temperature = 3.0, cooling_rate = 0.999
26 - INFO - chord#: 154 done. best_score=27.0, changed=521, unchanged=433, early_stops=8/8
26 - INFO - chord#: 156 In build_straw_man_chord_sa. tolerance = 1, sa_iterations = 1000, initial_temperature = 3.0, cooling_rate = 0.999
26 - INFO - chord#: 156 done. best_score=27.0, changed=518, unchanged=291, early_stops=8/8
26 - INFO - chord#: 0 In build_straw_man_chord_sa. tolerance = 1, sa_iterations = 1000, initial_temperature = 3.0, cooling_rate = 0.999
26 - INFO - chord#: 0 In build_straw_man_chord_sa. tolerance = 1, sa_iterations = 1000, initial_temperature = 3.0, cooling_rate = 0.999
26 - INFO - chord#: 0 In build_straw_man_chord_sa. tolerance = 1, sa_iterations = 1000, initial_temperature = 3.0, cooling_rate = 0.999
26 - INFO - chord#: 0 In build_straw_man_chord_sa. tolerance = 1, sa_iterations = 1000, initial_temperature = 3.0, cooling_rate = 0.999
26 - INFO - chord#: 0 In build_straw_man_chord_sa. tolerance = 1, sa_iterations = 1000, initial_temperature = 3.0, cooling_rate = 0.999
26 - INFO - chord#: 0 In build_straw_man_chord_sa. tolerance = 1, sa_iterations = 1000, initial_temperature = 3.0, cooling_rate = 0.999
26 - INFO - chord#: 0 In build_straw_man_chord_sa. tolerance = 1, sa_iterations = 1000, initial_temperature = 3.0, cooling_rate = 0.999
26 - INFO - chord#: 0 In build_straw_man_chord_sa. tolerance = 1, sa_iterations = 1000, initial_temperature = 3.0, cooling_rate = 0.999
26 - INFO - chord#: 0 In build_straw_man_chord_sa. tolerance = 1, sa_iterations = 1000, initial_temperature = 3.0, cooling_rate = 0.999
26 - INFO - chord#: 0 In build_straw_man_chord_sa. tolerance = 1, sa_iterations = 1000, initial_temperature = 3.0, cooling_rate = 0.999
26 - INFO - chord#: 0 In build_straw_man_chord_sa. tolerance = 1, sa_iterations = 1000, initial_temperature = 3.0, cooling_rate = 0.999
26 - INFO - chord#: 0 In build_straw_man_chord_sa. tolerance = 1, sa_iterations = 1000, initial_temperature = 3.0, cooling_rate = 0.999
26 - INFO - chord#: 0 done. best_score=27.0, changed=517, unchanged=333, early_stops=8/8
26 - INFO - chord#: 2 In build_straw_man_chord_sa. tolerance = 1, sa_iterations = 1000, initial_temperature = 3.0, cooling_rate = 0.999
26 - INFO - chord#: 0 done. best_score=27.0, changed=517, unchanged=362, early_stops=8/8
26 - INFO - chord#: 2 In build_straw_man_chord_sa. tolerance = 1, sa_iterations = 1000, initial_temperature = 3.0, cooling_rate = 0.999
26 - INFO - chord#: 0 done. best_score=27.0, changed=518, unchanged=442, early_stops=8/8
26 - INFO - chord#: 2 In build_straw_man_chord_sa. tolerance = 1, sa_iterations = 1000, initial_temperature = 3.0, cooling_rate = 0.999
26 - INFO - chord#: 0 done. best_score=27.0, changed=512, unchanged=300, early_stops=8/8
26 - INFO - chord#: 2 In build_straw_man_chord_sa. tolerance = 1, sa_iterations = 1000, initial_temperature = 3.0, cooling_rate = 0.999
26 - INFO - chord#: 0 done. best_score=27.0, changed=523, unchanged=433, early_stops=8/8
26 - INFO - chord#: 2 In build_straw_man_chord_sa. tolerance = 1, sa_iterations = 1000, initial_temperature = 3.0, cooling_rate = 0.999
26 - INFO - chord#: 0 done. best_score=27.0, changed=520, unchanged=501, early_stops=8/8
26 - INFO - chord#: 2 In build_straw_man_chord_sa. tolerance = 1, sa_iterations = 1000, initial_temperature = 3.0, cooling_rate = 0.999
26 - INFO - chord#: 0 done. best_score=27.0, changed=528, unchanged=482, early_stops=8/8
26 - INFO - chord#: 2 In build_straw_man_chord_sa. tolerance = 1, sa_iterations = 1000, initial_temperature = 3.0, cooling_rate = 0.999
26 - INFO - chord#: 0 done. best_score=27.0, changed=512, unchanged=322, early_stops=8/8
26 - INFO - chord#: 2 In build_straw_man_chord_sa. tolerance = 1, sa_iterations = 1000, initial_temperature = 3.0, cooling_rate = 0.999
26 - INFO - chord#: 0 done. best_score=27.0, changed=513, unchanged=431, early_stops=8/8
26 - INFO - chord#: 2 In build_straw_man_chord_sa. tolerance = 1, sa_iterations = 1000, initial_temperature = 3.0, cooling_rate = 0.999
26 - INFO - chord#: 0 done. best_score=27.0, changed=519, unchanged=437, early_stops=8/8
26 - INFO - chord#: 2 In build_straw_man_chord_sa. tolerance = 1, sa_iterations = 1000, initial_temperature = 3.0, cooling_rate = 0.999
26 - INFO - chord#: 0 done. best_score=27.0, changed=521, unchanged=499, early_stops=8/8
26 - INFO - chord#: 2 In build_straw_man_chord_sa. tolerance = 1, sa_iterations = 1000, initial_temperature = 3.0, cooling_rate = 0.999
26 - INFO - chord#: 0 done. best_score=27.0, changed=522, unchanged=534, early_stops=8/8
26 - INFO - chord#: 2 In build_straw_man_chord_sa. tolerance = 1, sa_iterations = 1000, initial_temperature = 3.0, cooling_rate = 0.999
26 - INFO - chord#: 2 done. best_score=27.0, changed=523, unchanged=416, early_stops=8/8
26 - INFO - chord#: 4 In build_straw_man_chord_sa. tolerance = 1, sa_iterations = 1000, initial_temperature = 3.0, cooling_rate = 0.999
26 - INFO - chord#: 2 done. best_score=27.0, changed=518, unchanged=444, early_stops=8/8
26 - INFO - chord#: 4 In build_straw_man_chord_sa. tolerance = 1, sa_iterations = 1000, initial_temperature = 3.0, cooling_rate = 0.999
26 - INFO - chord#: 2 done. best_score=27.0, changed=519, unchanged=364, early_stops=8/8
26 - INFO - chord#: 4 In build_straw_man_chord_sa. tolerance = 1, sa_iterations = 1000, initial_temperature = 3.0, cooling_rate = 0.999
26 - INFO - chord#: 2 done. best_score=27.0, changed=521, unchanged=376, early_stops=8/8
26 - INFO - chord#: 4 In build_straw_man_chord_sa. tolerance = 1, sa_iterations = 1000, initial_temperature = 3.0, cooling_rate = 0.999
26 - INFO - chord#: 2 done. best_score=27.0, changed=518, unchanged=450, early_stops=8/8
26 - INFO - chord#: 4 In build_straw_man_chord_sa. tolerance = 1, sa_iterations = 1000, initial_temperature = 3.0, cooling_rate = 0.999
26 - INFO - chord#: 2 done. best_score=27.0, changed=523, unchanged=412, early_stops=8/8
26 - INFO - chord#: 4 In build_straw_man_chord_sa. tolerance = 1, sa_iterations = 1000, initial_temperature = 3.0, cooling_rate = 0.999
26 - INFO - chord#: 2 done. best_score=27.0, changed=526, unchanged=471, early_stops=8/8
26 - INFO - chord#: 4 In build_straw_man_chord_sa. tolerance = 1, sa_iterations = 1000, initial_temperature = 3.0, cooling_rate = 0.999
26 - INFO - chord#: 2 done. best_score=27.0, changed=528, unchanged=407, early_stops=8/8
26 - INFO - chord#: 4 In build_straw_man_chord_sa. tolerance = 1, sa_iterations = 1000, initial_temperature = 3.0, cooling_rate = 0.999
26 - INFO - chord#: 2 done. best_score=27.0, changed=520, unchanged=359, early_stops=8/8
26 - INFO - chord#: 4 In build_straw_man_chord_sa. tolerance = 1, sa_iterations = 1000, initial_temperature = 3.0, cooling_rate = 0.999
26 - INFO - chord#: 2 done. best_score=27.0, changed=524, unchanged=438, early_stops=8/8
26 - INFO - chord#: 4 In build_straw_man_chord_sa. tolerance = 1, sa_iterations = 1000, initial_temperature = 3.0, cooling_rate = 0.999
26 - INFO - chord#: 2 done. best_score=27.0, changed=518, unchanged=344, early_stops=8/8
26 - INFO - chord#: 4 In build_straw_man_chord_sa. tolerance = 1, sa_iterations = 1000, initial_temperature = 3.0, cooling_rate = 0.999
26 - INFO - chord#: 2 done. best_score=27.0, changed=523, unchanged=441, early_stops=8/8
26 - INFO - chord#: 4 In build_straw_man_chord_sa. tolerance = 1, sa_iterations = 1000, initial_temperature = 3.0, cooling_rate = 0.999
26 - INFO - chord#: 4 done. best_score=27.0, changed=517, unchanged=352, early_stops=8/8
26 - INFO - chord#: 8 In build_straw_man_chord_sa. tolerance = 1, sa_iterations = 1000, initial_temperature = 3.0, cooling_rate = 0.999
26 - INFO - chord#: 4 done. best_score=27.0, changed=521, unchanged=515, early_stops=8/8
26 - INFO - chord#: 8 In build_straw_man_chord_sa. tolerance = 1, sa_iterations = 1000, initial_temperature = 3.0, cooling_rate = 0.999
26 - INFO - chord#: 4 done. best_score=27.0, changed=522, unchanged=399, early_stops=8/8
26 - INFO - chord#: 8 In build_straw_man_chord_sa. tolerance = 1, sa_iterations = 1000, initial_temperature = 3.0, cooling_rate = 0.999
26 - INFO - chord#: 4 done. best_score=27.0, changed=519, unchanged=397, early_stops=8/8
26 - INFO - chord#: 8 In build_straw_man_chord_sa. tolerance = 1, sa_iterations = 1000, initial_temperature = 3.0, cooling_rate = 0.999
26 - INFO - chord#: 4 done. best_score=27.0, changed=520, unchanged=394, early_stops=8/8
26 - INFO - chord#: 8 In build_straw_man_chord_sa. tolerance = 1, sa_iterations = 1000, initial_temperature = 3.0, cooling_rate = 0.999
26 - INFO - chord#: 4 done. best_score=27.0, changed=522, unchanged=415, early_stops=8/8
26 - INFO - chord#: 8 In build_straw_man_chord_sa. tolerance = 1, sa_iterations = 1000, initial_temperature = 3.0, cooling_rate = 0.999
26 - INFO - chord#: 4 done. best_score=27.0, changed=525, unchanged=446, early_stops=8/8
26 - INFO - chord#: 8 In build_straw_man_chord_sa. tolerance = 1, sa_iterations = 1000, initial_temperature = 3.0, cooling_rate = 0.999
26 - INFO - chord#: 4 done. best_score=27.0, changed=526, unchanged=441, early_stops=8/8
26 - INFO - chord#: 8 In build_straw_man_chord_sa. tolerance = 1, sa_iterations = 1000, initial_temperature = 3.0, cooling_rate = 0.999
26 - INFO - chord#: 4 done. best_score=27.0, changed=518, unchanged=364, early_stops=8/8
26 - INFO - chord#: 8 In build_straw_man_chord_sa. tolerance = 1, sa_iterations = 1000, initial_temperature = 3.0, cooling_rate = 0.999
26 - INFO - chord#: 4 done. best_score=27.0, changed=515, unchanged=348, early_stops=8/8
26 - INFO - chord#: 8 In build_straw_man_chord_sa. tolerance = 1, sa_iterations = 1000, initial_temperature = 3.0, cooling_rate = 0.999
26 - INFO - chord#: 8 done. best_score=27.0, changed=521, unchanged=439, early_stops=8/8
26 - INFO - chord#: 10 In build_straw_man_chord_sa. tolerance = 1, sa_iterations = 1000, initial_temperature = 3.0, cooling_rate = 0.999
26 - INFO - chord#: 4 done. best_score=27.0, changed=524, unchanged=505, early_stops=8/8
26 - INFO - chord#: 8 In build_straw_man_chord_sa. tolerance = 1, sa_iterations = 1000, initial_temperature = 3.0, cooling_rate = 0.999
26 - INFO - chord#: 4 done. best_score=27.0, changed=516, unchanged=420, early_stops=8/8
26 - INFO - chord#: 8 In build_straw_man_chord_sa. tolerance = 1, sa_iterations = 1000, initial_temperature = 3.0, cooling_rate = 0.999
26 - INFO - chord#: 8 done. best_score=27.0, changed=516, unchanged=392, early_stops=8/8
26 - INFO - chord#: 10 In build_straw_man_chord_sa. tolerance = 1, sa_iterations = 1000, initial_temperature = 3.0, cooling_rate = 0.999
26 - INFO - chord#: 8 done. best_score=27.0, changed=523, unchanged=430, early_stops=8/8
26 - INFO - chord#: 10 In build_straw_man_chord_sa. tolerance = 1, sa_iterations = 1000, initial_temperature = 3.0, cooling_rate = 0.999
26 - INFO - chord#: 8 done. best_score=27.0, changed=515, unchanged=359, early_stops=8/8
26 - INFO - chord#: 10 In build_straw_man_chord_sa. tolerance = 1, sa_iterations = 1000, initial_temperature = 3.0, cooling_rate = 0.999
26 - INFO - chord#: 8 done. best_score=27.0, changed=521, unchanged=334, early_stops=8/8
26 - INFO - chord#: 10 In build_straw_man_chord_sa. tolerance = 1, sa_iterations = 1000, initial_temperature = 3.0, cooling_rate = 0.999
26 - INFO - chord#: 8 done. best_score=27.0, changed=518, unchanged=310, early_stops=8/8
26 - INFO - chord#: 10 In build_straw_man_chord_sa. tolerance = 1, sa_iterations = 1000, initial_temperature = 3.0, cooling_rate = 0.999
26 - INFO - chord#: 8 done. best_score=27.0, changed=518, unchanged=343, early_stops=8/8
26 - INFO - chord#: 10 In build_straw_man_chord_sa. tolerance = 1, sa_iterations = 1000, initial_temperature = 3.0, cooling_rate = 0.999
26 - INFO - chord#: 10 done. best_score=48.0, changed=545, unchanged=368, early_stops=8/8
26 - INFO - chord#: 12 In build_straw_man_chord_sa. tolerance = 1, sa_iterations = 1000, initial_temperature = 3.0, cooling_rate = 0.999
26 - INFO - chord#: 8 done. best_score=27.0, changed=525, unchanged=363, early_stops=8/8
26 - INFO - chord#: 10 In build_straw_man_chord_sa. tolerance = 1, sa_iterations = 1000, initial_temperature = 3.0, cooling_rate = 0.999
26 - INFO - chord#: 8 done. best_score=27.0, changed=524, unchanged=435, early_stops=8/8
26 - INFO - chord#: 10 In build_straw_man_chord_sa. tolerance = 1, sa_iterations = 1000, initial_temperature = 3.0, cooling_rate = 0.999
26 - INFO - chord#: 8 done. best_score=27.0, changed=521, unchanged=350, early_stops=8/8
26 - INFO - chord#: 10 In build_straw_man_chord_sa. tolerance = 1, sa_iterations = 1000, initial_temperature = 3.0, cooling_rate = 0.999
26 - INFO - chord#: 10 done. best_score=48.0, changed=525, unchanged=381, early_stops=8/8
26 - INFO - chord#: 12 In build_straw_man_chord_sa. tolerance = 1, sa_iterations = 1000, initial_temperature = 3.0, cooling_rate = 0.999
26 - INFO - chord#: 10 done. best_score=48.0, changed=524, unchanged=316, early_stops=8/8
26 - INFO - chord#: 12 In build_straw_man_chord_sa. tolerance = 1, sa_iterations = 1000, initial_temperature = 3.0, cooling_rate = 0.999
26 - INFO - chord#: 8 done. best_score=27.0, changed=519, unchanged=392, early_stops=8/8
26 - INFO - chord#: 10 In build_straw_man_chord_sa. tolerance = 1, sa_iterations = 1000, initial_temperature = 3.0, cooling_rate = 0.999
26 - INFO - chord#: 10 done. best_score=48.0, changed=521, unchanged=346, early_stops=8/8
26 - INFO - chord#: 12 In build_straw_man_chord_sa. tolerance = 1, sa_iterations = 1000, initial_temperature = 3.0, cooling_rate = 0.999
26 - INFO - chord#: 8 done. best_score=27.0, changed=527, unchanged=428, early_stops=8/8
26 - INFO - chord#: 10 In build_straw_man_chord_sa. tolerance = 1, sa_iterations = 1000, initial_temperature = 3.0, cooling_rate = 0.999
26 - INFO - chord#: 10 done. best_score=48.0, changed=531, unchanged=388, early_stops=8/8
26 - INFO - chord#: 12 In build_straw_man_chord_sa. tolerance = 1, sa_iterations = 1000, initial_temperature = 3.0, cooling_rate = 0.999
26 - INFO - chord#: 10 done. best_score=48.0, changed=528, unchanged=334, early_stops=8/8
26 - INFO - chord#: 12 In build_straw_man_chord_sa. tolerance = 1, sa_iterations = 1000, initial_temperature = 3.0, cooling_rate = 0.999
26 - INFO - chord#: 12 done. best_score=27.0, changed=516, unchanged=342, early_stops=8/8
26 - INFO - chord#: 14 In build_straw_man_chord_sa. tolerance = 1, sa_iterations = 1000, initial_temperature = 3.0, cooling_rate = 0.999
26 - INFO - chord#: 10 done. best_score=48.0, changed=537, unchanged=358, early_stops=8/8
26 - INFO - chord#: 12 In build_straw_man_chord_sa. tolerance = 1, sa_iterations = 1000, initial_temperature = 3.0, cooling_rate = 0.999
26 - INFO - chord#: 10 done. best_score=48.0, changed=537, unchanged=382, early_stops=8/8
26 - INFO - chord#: 12 In build_straw_man_chord_sa. tolerance = 1, sa_iterations = 1000, initial_temperature = 3.0, cooling_rate = 0.999
26 - INFO - chord#: 12 done. best_score=27.0, changed=522, unchanged=351, early_stops=8/8
26 - INFO - chord#: 14 In build_straw_man_chord_sa. tolerance = 1, sa_iterations = 1000, initial_temperature = 3.0, cooling_rate = 0.999
26 - INFO - chord#: 12 done. best_score=27.0, changed=521, unchanged=370, early_stops=8/8
26 - INFO - chord#: 14 In build_straw_man_chord_sa. tolerance = 1, sa_iterations = 1000, initial_temperature = 3.0, cooling_rate = 0.999
26 - INFO - chord#: 12 done. best_score=27.0, changed=517, unchanged=376, early_stops=8/8
26 - INFO - chord#: 14 In build_straw_man_chord_sa. tolerance = 1, sa_iterations = 1000, initial_temperature = 3.0, cooling_rate = 0.999
26 - INFO - chord#: 10 done. best_score=48.0, changed=526, unchanged=334, early_stops=8/8
26 - INFO - chord#: 12 In build_straw_man_chord_sa. tolerance = 1, sa_iterations = 1000, initial_temperature = 3.0, cooling_rate = 0.999
26 - INFO - chord#: 10 done. best_score=48.0, changed=520, unchanged=303, early_stops=8/8
26 - INFO - chord#: 12 In build_straw_man_chord_sa. tolerance = 1, sa_iterations = 1000, initial_temperature = 3.0, cooling_rate = 0.999
26 - INFO - chord#: 10 done. best_score=48.0, changed=529, unchanged=333, early_stops=8/8
26 - INFO - chord#: 12 In build_straw_man_chord_sa. tolerance = 1, sa_iterations = 1000, initial_temperature = 3.0, cooling_rate = 0.999
26 - INFO - chord#: 10 done. best_score=48.0, changed=525, unchanged=371, early_stops=8/8
26 - INFO - chord#: 12 In build_straw_man_chord_sa. tolerance = 1, sa_iterations = 1000, initial_temperature = 3.0, cooling_rate = 0.999
26 - INFO - chord#: 14 done. best_score=31.0, changed=526, unchanged=303, early_stops=8/8
26 - INFO - chord#: 16 In build_straw_man_chord_sa. tolerance = 1, sa_iterations = 1000, initial_temperature = 3.0, cooling_rate = 0.999
26 - INFO - chord#: 12 done. best_score=27.0, changed=516, unchanged=404, early_stops=8/8
26 - INFO - chord#: 14 In build_straw_man_chord_sa. tolerance = 1, sa_iterations = 1000, initial_temperature = 3.0, cooling_rate = 0.999
26 - INFO - chord#: 14 done. best_score=31.0, changed=531, unchanged=329, early_stops=8/8
26 - INFO - chord#: 16 In build_straw_man_chord_sa. tolerance = 1, sa_iterations = 1000, initial_temperature = 3.0, cooling_rate = 0.999
26 - INFO - chord#: 14 done. best_score=31.0, changed=529, unchanged=295, early_stops=8/8
26 - INFO - chord#: 16 In build_straw_man_chord_sa. tolerance = 1, sa_iterations = 1000, initial_temperature = 3.0, cooling_rate = 0.999
26 - INFO - chord#: 12 done. best_score=27.0, changed=512, unchanged=317, early_stops=8/8
26 - INFO - chord#: 14 In build_straw_man_chord_sa. tolerance = 1, sa_iterations = 1000, initial_temperature = 3.0, cooling_rate = 0.999
26 - INFO - chord#: 12 done. best_score=27.0, changed=526, unchanged=414, early_stops=8/8
26 - INFO - chord#: 14 In build_straw_man_chord_sa. tolerance = 1, sa_iterations = 1000, initial_temperature = 3.0, cooling_rate = 0.999
26 - INFO - chord#: 14 done. best_score=31.0, changed=532, unchanged=428, early_stops=8/8
26 - INFO - chord#: 16 In build_straw_man_chord_sa. tolerance = 1, sa_iterations = 1000, initial_temperature = 3.0, cooling_rate = 0.999
26 - INFO - chord#: 12 done. best_score=27.0, changed=526, unchanged=488, early_stops=8/8
26 - INFO - chord#: 14 In build_straw_man_chord_sa. tolerance = 1, sa_iterations = 1000, initial_temperature = 3.0, cooling_rate = 0.999
26 - INFO - chord#: 12 done. best_score=27.0, changed=523, unchanged=385, early_stops=8/8
26 - INFO - chord#: 14 In build_straw_man_chord_sa. tolerance = 1, sa_iterations = 1000, initial_temperature = 3.0, cooling_rate = 0.999
26 - INFO - chord#: 14 done. best_score=31.0, changed=527, unchanged=318, early_stops=8/8
26 - INFO - chord#: 16 In build_straw_man_chord_sa. tolerance = 1, sa_iterations = 1000, initial_temperature = 3.0, cooling_rate = 0.999
26 - INFO - chord#: 16 done. best_score=27.0, changed=515, unchanged=358, early_stops=8/8
26 - INFO - chord#: 20 In build_straw_man_chord_sa. tolerance = 1, sa_iterations = 1000, initial_temperature = 3.0, cooling_rate = 0.999
26 - INFO - chord#: 12 done. best_score=27.0, changed=529, unchanged=428, early_stops=8/8
26 - INFO - chord#: 14 In build_straw_man_chord_sa. tolerance = 1, sa_iterations = 1000, initial_temperature = 3.0, cooling_rate = 0.999
26 - INFO - chord#: 12 done. best_score=27.0, changed=521, unchanged=471, early_stops=8/8
26 - INFO - chord#: 14 In build_straw_man_chord_sa. tolerance = 1, sa_iterations = 1000, initial_temperature = 3.0, cooling_rate = 0.999
26 - INFO - chord#: 12 done. best_score=27.0, changed=523, unchanged=499, early_stops=8/8
26 - INFO - chord#: 14 In build_straw_man_chord_sa. tolerance = 1, sa_iterations = 1000, initial_temperature = 3.0, cooling_rate = 0.999
26 - INFO - chord#: 16 done. best_score=27.0, changed=520, unchanged=358, early_stops=8/8
26 - INFO - chord#: 20 In build_straw_man_chord_sa. tolerance = 1, sa_iterations = 1000, initial_temperature = 3.0, cooling_rate = 0.999
26 - INFO - chord#: 16 done. best_score=27.0, changed=527, unchanged=335, early_stops=8/8
26 - INFO - chord#: 20 In build_straw_man_chord_sa. tolerance = 1, sa_iterations = 1000, initial_temperature = 3.0, cooling_rate = 0.999
26 - INFO - chord#: 14 done. best_score=31.0, changed=530, unchanged=338, early_stops=8/8
26 - INFO - chord#: 16 In build_straw_man_chord_sa. tolerance = 1, sa_iterations = 1000, initial_temperature = 3.0, cooling_rate = 0.999
26 - INFO - chord#: 16 done. best_score=27.0, changed=531, unchanged=371, early_stops=8/8
26 - INFO - chord#: 20 In build_straw_man_chord_sa. tolerance = 1, sa_iterations = 1000, initial_temperature = 3.0, cooling_rate = 0.999
26 - INFO - chord#: 14 done. best_score=31.0, changed=539, unchanged=388, early_stops=8/8
26 - INFO - chord#: 16 In build_straw_man_chord_sa. tolerance = 1, sa_iterations = 1000, initial_temperature = 3.0, cooling_rate = 0.999
26 - INFO - chord#: 14 done. best_score=31.0, changed=541, unchanged=290, early_stops=8/8
26 - INFO - chord#: 16 In build_straw_man_chord_sa. tolerance = 1, sa_iterations = 1000, initial_temperature = 3.0, cooling_rate = 0.999
26 - INFO - chord#: 16 done. best_score=27.0, changed=525, unchanged=319, early_stops=8/8
26 - INFO - chord#: 20 In build_straw_man_chord_sa. tolerance = 1, sa_iterations = 1000, initial_temperature = 3.0, cooling_rate = 0.999
26 - INFO - chord#: 14 done. best_score=31.0, changed=527, unchanged=301, early_stops=8/8
26 - INFO - chord#: 16 In build_straw_man_chord_sa. tolerance = 1, sa_iterations = 1000, initial_temperature = 3.0, cooling_rate = 0.999
26 - INFO - chord#: 14 done. best_score=31.0, changed=526, unchanged=296, early_stops=8/8
26 - INFO - chord#: 16 In build_straw_man_chord_sa. tolerance = 1, sa_iterations = 1000, initial_temperature = 3.0, cooling_rate = 0.999
26 - INFO - chord#: 16 done. best_score=27.0, changed=538, unchanged=392, early_stops=8/8
26 - INFO - chord#: 20 In build_straw_man_chord_sa. tolerance = 1, sa_iterations = 1000, initial_temperature = 3.0, cooling_rate = 0.999
26 - INFO - chord#: 14 done. best_score=31.0, changed=525, unchanged=304, early_stops=8/8
26 - INFO - chord#: 16 In build_straw_man_chord_sa. tolerance = 1, sa_iterations = 1000, initial_temperature = 3.0, cooling_rate = 0.999
26 - INFO - chord#: 14 done. best_score=31.0, changed=532, unchanged=378, early_stops=8/8
26 - INFO - chord#: 16 In build_straw_man_chord_sa. tolerance = 1, sa_iterations = 1000, initial_temperature = 3.0, cooling_rate = 0.999
26 - INFO - chord#: 16 done. best_score=27.0, changed=522, unchanged=354, early_stops=8/8
26 - INFO - chord#: 20 In build_straw_man_chord_sa. tolerance = 1, sa_iterations = 1000, initial_temperature = 3.0, cooling_rate = 0.999
26 - INFO - chord#: 16 done. best_score=27.0, changed=544, unchanged=448, early_stops=8/8
26 - INFO - chord#: 20 In build_straw_man_chord_sa. tolerance = 1, sa_iterations = 1000, initial_temperature = 3.0, cooling_rate = 0.999
26 - INFO - chord#: 16 done. best_score=27.0, changed=535, unchanged=437, early_stops=8/8
26 - INFO - chord#: 20 In build_straw_man_chord_sa. tolerance = 1, sa_iterations = 1000, initial_temperature = 3.0, cooling_rate = 0.999
26 - INFO - chord#: 16 done. best_score=27.0, changed=531, unchanged=426, early_stops=8/8
26 - INFO - chord#: 20 In build_straw_man_chord_sa. tolerance = 1, sa_iterations = 1000, initial_temperature = 3.0, cooling_rate = 0.999
26 - INFO - chord#: 20 done. best_score=157.0, changed=614, unchanged=295, early_stops=8/8
26 - INFO - chord#: 22 In build_straw_man_chord_sa. tolerance = 1, sa_iterations = 1000, initial_temperature = 3.0, cooling_rate = 0.999
26 - INFO - chord#: 16 done. best_score=27.0, changed=524, unchanged=413, early_stops=8/8
26 - INFO - chord#: 20 In build_straw_man_chord_sa. tolerance = 1, sa_iterations = 1000, initial_temperature = 3.0, cooling_rate = 0.999
26 - INFO - chord#: 20 done. best_score=71.0, changed=611, unchanged=260, early_stops=8/8
26 - INFO - chord#: 22 In build_straw_man_chord_sa. tolerance = 1, sa_iterations = 1000, initial_temperature = 3.0, cooling_rate = 0.999
26 - INFO - chord#: 20 done. best_score=71.0, changed=610, unchanged=302, early_stops=8/8
26 - INFO - chord#: 22 In build_straw_man_chord_sa. tolerance = 1, sa_iterations = 1000, initial_temperature = 3.0, cooling_rate = 0.999
26 - INFO - chord#: 16 done. best_score=27.0, changed=524, unchanged=415, early_stops=8/8
26 - INFO - chord#: 20 In build_straw_man_chord_sa. tolerance = 1, sa_iterations = 1000, initial_temperature = 3.0, cooling_rate = 0.999
26 - INFO - chord#: 20 done. best_score=64.0, changed=612, unchanged=246, early_stops=8/8
26 - INFO - chord#: 22 In build_straw_man_chord_sa. tolerance = 1, sa_iterations = 1000, initial_temperature = 3.0, cooling_rate = 0.999
26 - INFO - chord#: 20 done. best_score=157.0, changed=607, unchanged=228, early_stops=8/8
26 - INFO - chord#: 22 In build_straw_man_chord_sa. tolerance = 1, sa_iterations = 1000, initial_temperature = 3.0, cooling_rate = 0.999
26 - INFO - chord#: 22 done. best_score=96.0, changed=619, unchanged=219, early_stops=8/8
26 - INFO - chord#: 23 In build_straw_man_chord_sa. tolerance = 1, sa_iterations = 1000, initial_temperature = 3.0, cooling_rate = 0.999
26 - INFO - chord#: 22 done. best_score=149.0, changed=621, unchanged=209, early_stops=8/8
26 - INFO - chord#: 23 In build_straw_man_chord_sa. tolerance = 1, sa_iterations = 1000, initial_temperature = 3.0, cooling_rate = 0.999
26 - INFO - chord#: 20 done. best_score=64.0, changed=612, unchanged=435, early_stops=8/8
26 - INFO - chord#: 22 In build_straw_man_chord_sa. tolerance = 1, sa_iterations = 1000, initial_temperature = 3.0, cooling_rate = 0.999
26 - INFO - chord#: 22 done. best_score=74.0, changed=615, unchanged=292, early_stops=8/8
26 - INFO - chord#: 23 In build_straw_man_chord_sa. tolerance = 1, sa_iterations = 1000, initial_temperature = 3.0, cooling_rate = 0.999
26 - INFO - chord#: 20 done. best_score=64.0, changed=608, unchanged=236, early_stops=8/8
26 - INFO - chord#: 22 In build_straw_man_chord_sa. tolerance = 1, sa_iterations = 1000, initial_temperature = 3.0, cooling_rate = 0.999
26 - INFO - chord#: 22 done. best_score=74.0, changed=618, unchanged=210, early_stops=8/8
26 - INFO - chord#: 23 In build_straw_man_chord_sa. tolerance = 1, sa_iterations = 1000, initial_temperature = 3.0, cooling_rate = 0.999
26 - INFO - chord#: 23 done. best_score=88.0, changed=540, unchanged=305, early_stops=8/8
26 - INFO - chord#: 24 In build_straw_man_chord_sa. tolerance = 1, sa_iterations = 1000, initial_temperature = 3.0, cooling_rate = 0.999
26 - INFO - chord#: 20 done. best_score=64.0, changed=609, unchanged=292, early_stops=8/8
26 - INFO - chord#: 22 In build_straw_man_chord_sa. tolerance = 1, sa_iterations = 1000, initial_temperature = 3.0, cooling_rate = 0.999
26 - INFO - chord#: 20 done. best_score=64.0, changed=617, unchanged=338, early_stops=8/8
26 - INFO - chord#: 22 In build_straw_man_chord_sa. tolerance = 1, sa_iterations = 1000, initial_temperature = 3.0, cooling_rate = 0.999
26 - INFO - chord#: 22 done. best_score=74.0, changed=615, unchanged=330, early_stops=8/8
26 - INFO - chord#: 23 In build_straw_man_chord_sa. tolerance = 1, sa_iterations = 1000, initial_temperature = 3.0, cooling_rate = 0.999
26 - INFO - chord#: 20 done. best_score=64.0, changed=605, unchanged=271, early_stops=8/8
26 - INFO - chord#: 22 In build_straw_man_chord_sa. tolerance = 1, sa_iterations = 1000, initial_temperature = 3.0, cooling_rate = 0.999
26 - INFO - chord#: 23 done. best_score=57.0, changed=532, unchanged=324, early_stops=8/8
26 - INFO - chord#: 24 In build_straw_man_chord_sa. tolerance = 1, sa_iterations = 1000, initial_temperature = 3.0, cooling_rate = 0.999
26 - INFO - chord#: 23 done. best_score=27.0, changed=524, unchanged=362, early_stops=8/8
26 - INFO - chord#: 24 In build_straw_man_chord_sa. tolerance = 1, sa_iterations = 1000, initial_temperature = 3.0, cooling_rate = 0.999
26 - INFO - chord#: 20 done. best_score=125.0, changed=613, unchanged=398, early_stops=8/8
26 - INFO - chord#: 22 In build_straw_man_chord_sa. tolerance = 1, sa_iterations = 1000, initial_temperature = 3.0, cooling_rate = 0.999
26 - INFO - chord#: 23 done. best_score=27.0, changed=521, unchanged=375, early_stops=8/8
26 - INFO - chord#: 24 In build_straw_man_chord_sa. tolerance = 1, sa_iterations = 1000, initial_temperature = 3.0, cooling_rate = 0.999
26 - INFO - chord#: 20 done. best_score=64.0, changed=615, unchanged=452, early_stops=8/8
26 - INFO - chord#: 22 In build_straw_man_chord_sa. tolerance = 1, sa_iterations = 1000, initial_temperature = 3.0, cooling_rate = 0.999
26 - INFO - chord#: 24 done. best_score=27.0, changed=523, unchanged=430, early_stops=8/8
26 - INFO - chord#: 26 In build_straw_man_chord_sa. tolerance = 1, sa_iterations = 1000, initial_temperature = 3.0, cooling_rate = 0.999
26 - INFO - chord#: 24 done. best_score=27.0, changed=527, unchanged=531, early_stops=8/8
26 - INFO - chord#: 26 In build_straw_man_chord_sa. tolerance = 1, sa_iterations = 1000, initial_temperature = 3.0, cooling_rate = 0.999
26 - INFO - chord#: 24 done. best_score=27.0, changed=523, unchanged=357, early_stops=8/8
26 - INFO - chord#: 26 In build_straw_man_chord_sa. tolerance = 1, sa_iterations = 1000, initial_temperature = 3.0, cooling_rate = 0.999
26 - INFO - chord#: 23 done. best_score=27.0, changed=519, unchanged=431, early_stops=8/8
26 - INFO - chord#: 24 In build_straw_man_chord_sa. tolerance = 1, sa_iterations = 1000, initial_temperature = 3.0, cooling_rate = 0.999
26 - INFO - chord#: 22 done. best_score=74.0, changed=611, unchanged=285, early_stops=8/8
26 - INFO - chord#: 23 In build_straw_man_chord_sa. tolerance = 1, sa_iterations = 1000, initial_temperature = 3.0, cooling_rate = 0.999
26 - INFO - chord#: 22 done. best_score=74.0, changed=610, unchanged=300, early_stops=8/8
26 - INFO - chord#: 23 In build_straw_man_chord_sa. tolerance = 1, sa_iterations = 1000, initial_temperature = 3.0, cooling_rate = 0.999
26 - INFO - chord#: 24 done. best_score=27.0, changed=515, unchanged=367, early_stops=8/8
26 - INFO - chord#: 26 In build_straw_man_chord_sa. tolerance = 1, sa_iterations = 1000, initial_temperature = 3.0, cooling_rate = 0.999
26 - INFO - chord#: 22 done. best_score=74.0, changed=615, unchanged=304, early_stops=8/8
26 - INFO - chord#: 23 In build_straw_man_chord_sa. tolerance = 1, sa_iterations = 1000, initial_temperature = 3.0, cooling_rate = 0.999
26 - INFO - chord#: 22 done. best_score=74.0, changed=607, unchanged=244, early_stops=8/8
26 - INFO - chord#: 23 In build_straw_man_chord_sa. tolerance = 1, sa_iterations = 1000, initial_temperature = 3.0, cooling_rate = 0.999
26 - INFO - chord#: 22 done. best_score=150.0, changed=613, unchanged=214, early_stops=8/8
26 - INFO - chord#: 23 In build_straw_man_chord_sa. tolerance = 1, sa_iterations = 1000, initial_temperature = 3.0, cooling_rate = 0.999
26 - INFO - chord#: 22 done. best_score=74.0, changed=617, unchanged=311, early_stops=8/8
26 - INFO - chord#: 23 In build_straw_man_chord_sa. tolerance = 1, sa_iterations = 1000, initial_temperature = 3.0, cooling_rate = 0.999
26 - INFO - chord#: 23 done. best_score=27.0, changed=521, unchanged=342, early_stops=8/8
26 - INFO - chord#: 24 In build_straw_man_chord_sa. tolerance = 1, sa_iterations = 1000, initial_temperature = 3.0, cooling_rate = 0.999
26 - INFO - chord#: 24 done. best_score=27.0, changed=517, unchanged=321, early_stops=8/8
26 - INFO - chord#: 26 In build_straw_man_chord_sa. tolerance = 1, sa_iterations = 1000, initial_temperature = 3.0, cooling_rate = 0.999
26 - INFO - chord#: 26 done. best_score=137.0, changed=607, unchanged=220, early_stops=8/8
26 - INFO - chord#: 28 In build_straw_man_chord_sa. tolerance = 1, sa_iterations = 1000, initial_temperature = 3.0, cooling_rate = 0.999
26 - INFO - chord#: 23 done. best_score=27.0, changed=524, unchanged=384, early_stops=8/8
26 - INFO - chord#: 24 In build_straw_man_chord_sa. tolerance = 1, sa_iterations = 1000, initial_temperature = 3.0, cooling_rate = 0.999
26 - INFO - chord#: 22 done. best_score=74.0, changed=615, unchanged=298, early_stops=8/8
26 - INFO - chord#: 23 In build_straw_man_chord_sa. tolerance = 1, sa_iterations = 1000, initial_temperature = 3.0, cooling_rate = 0.999
26 - INFO - chord#: 26 done. best_score=157.0, changed=608, unchanged=211, early_stops=8/8
26 - INFO - chord#: 28 In build_straw_man_chord_sa. tolerance = 1, sa_iterations = 1000, initial_temperature = 3.0, cooling_rate = 0.999
26 - INFO - chord#: 23 done. best_score=61.0, changed=549, unchanged=329, early_stops=8/8
26 - INFO - chord#: 24 In build_straw_man_chord_sa. tolerance = 1, sa_iterations = 1000, initial_temperature = 3.0, cooling_rate = 0.999
26 - INFO - chord#: 23 done. best_score=27.0, changed=521, unchanged=367, early_stops=8/8
26 - INFO - chord#: 24 In build_straw_man_chord_sa. tolerance = 1, sa_iterations = 1000, initial_temperature = 3.0, cooling_rate = 0.999
26 - INFO - chord#: 26 done. best_score=67.0, changed=609, unchanged=238, early_stops=8/8
26 - INFO - chord#: 28 In build_straw_man_chord_sa. tolerance = 1, sa_iterations = 1000, initial_temperature = 3.0, cooling_rate = 0.999
26 - INFO - chord#: 23 done. best_score=27.0, changed=526, unchanged=453, early_stops=8/8
26 - INFO - chord#: 24 In build_straw_man_chord_sa. tolerance = 1, sa_iterations = 1000, initial_temperature = 3.0, cooling_rate = 0.999
26 - INFO - chord#: 23 done. best_score=27.0, changed=523, unchanged=322, early_stops=8/8
26 - INFO - chord#: 24 In build_straw_man_chord_sa. tolerance = 1, sa_iterations = 1000, initial_temperature = 3.0, cooling_rate = 0.999
26 - INFO - chord#: 24 done. best_score=27.0, changed=522, unchanged=416, early_stops=8/8
26 - INFO - chord#: 26 In build_straw_man_chord_sa. tolerance = 1, sa_iterations = 1000, initial_temperature = 3.0, cooling_rate = 0.999
26 - INFO - chord#: 23 done. best_score=27.0, changed=515, unchanged=378, early_stops=8/8
26 - INFO - chord#: 24 In build_straw_man_chord_sa. tolerance = 1, sa_iterations = 1000, initial_temperature = 3.0, cooling_rate = 0.999
26 - INFO - chord#: 28 done. best_score=27.0, changed=521, unchanged=435, early_stops=8/8
26 - INFO - chord#: 32 In build_straw_man_chord_sa. tolerance = 1, sa_iterations = 1000, initial_temperature = 3.0, cooling_rate = 0.999
26 - INFO - chord#: 24 done. best_score=27.0, changed=525, unchanged=474, early_stops=8/8
26 - INFO - chord#: 26 In build_straw_man_chord_sa. tolerance = 1, sa_iterations = 1000, initial_temperature = 3.0, cooling_rate = 0.999
26 - INFO - chord#: 28 done. best_score=27.0, changed=521, unchanged=407, early_stops=8/8
26 - INFO - chord#: 32 In build_straw_man_chord_sa. tolerance = 1, sa_iterations = 1000, initial_temperature = 3.0, cooling_rate = 0.999
26 - INFO - chord#: 28 done. best_score=27.0, changed=521, unchanged=340, early_stops=8/8
26 - INFO - chord#: 32 In build_straw_man_chord_sa. tolerance = 1, sa_iterations = 1000, initial_temperature = 3.0, cooling_rate = 0.999
26 - INFO - chord#: 24 done. best_score=27.0, changed=524, unchanged=459, early_stops=8/8
26 - INFO - chord#: 26 In build_straw_man_chord_sa. tolerance = 1, sa_iterations = 1000, initial_temperature = 3.0, cooling_rate = 0.999
26 - INFO - chord#: 24 done. best_score=27.0, changed=530, unchanged=455, early_stops=8/8
26 - INFO - chord#: 26 In build_straw_man_chord_sa. tolerance = 1, sa_iterations = 1000, initial_temperature = 3.0, cooling_rate = 0.999
26 - INFO - chord#: 32 done. best_score=36.0, changed=523, unchanged=343, early_stops=8/8
26 - INFO - chord#: 36 In build_straw_man_chord_sa. tolerance = 1, sa_iterations = 1000, initial_temperature = 3.0, cooling_rate = 0.999
26 - INFO - chord#: 24 done. best_score=27.0, changed=519, unchanged=408, early_stops=8/8
26 - INFO - chord#: 26 In build_straw_man_chord_sa. tolerance = 1, sa_iterations = 1000, initial_temperature = 3.0, cooling_rate = 0.999
26 - INFO - chord#: 24 done. best_score=27.0, changed=523, unchanged=380, early_stops=8/8
26 - INFO - chord#: 26 In build_straw_man_chord_sa. tolerance = 1, sa_iterations = 1000, initial_temperature = 3.0, cooling_rate = 0.999
26 - INFO - chord#: 24 done. best_score=27.0, changed=518, unchanged=422, early_stops=8/8
26 - INFO - chord#: 26 In build_straw_man_chord_sa. tolerance = 1, sa_iterations = 1000, initial_temperature = 3.0, cooling_rate = 0.999
26 - INFO - chord#: 26 done. best_score=67.0, changed=608, unchanged=327, early_stops=8/8
26 - INFO - chord#: 28 In build_straw_man_chord_sa. tolerance = 1, sa_iterations = 1000, initial_temperature = 3.0, cooling_rate = 0.999
26 - INFO - chord#: 32 done. best_score=36.0, changed=514, unchanged=321, early_stops=8/8
26 - INFO - chord#: 36 In build_straw_man_chord_sa. tolerance = 1, sa_iterations = 1000, initial_temperature = 3.0, cooling_rate = 0.999
26 - INFO - chord#: 32 done. best_score=36.0, changed=520, unchanged=372, early_stops=8/8
26 - INFO - chord#: 36 In build_straw_man_chord_sa. tolerance = 1, sa_iterations = 1000, initial_temperature = 3.0, cooling_rate = 0.999
26 - INFO - chord#: 26 done. best_score=137.0, changed=614, unchanged=326, early_stops=8/8
26 - INFO - chord#: 28 In build_straw_man_chord_sa. tolerance = 1, sa_iterations = 1000, initial_temperature = 3.0, cooling_rate = 0.999
26 - INFO - chord#: 36 done. best_score=27.0, changed=519, unchanged=354, early_stops=8/8
26 - INFO - chord#: 40 In build_straw_man_chord_sa. tolerance = 1, sa_iterations = 1000, initial_temperature = 3.0, cooling_rate = 0.999
26 - INFO - chord#: 26 done. best_score=67.0, changed=612, unchanged=258, early_stops=8/8
26 - INFO - chord#: 28 In build_straw_man_chord_sa. tolerance = 1, sa_iterations = 1000, initial_temperature = 3.0, cooling_rate = 0.999
26 - INFO - chord#: 26 done. best_score=67.0, changed=607, unchanged=240, early_stops=8/8
26 - INFO - chord#: 28 In build_straw_man_chord_sa. tolerance = 1, sa_iterations = 1000, initial_temperature = 3.0, cooling_rate = 0.999
26 - INFO - chord#: 28 done. best_score=27.0, changed=521, unchanged=435, early_stops=8/8
26 - INFO - chord#: 32 In build_straw_man_chord_sa. tolerance = 1, sa_iterations = 1000, initial_temperature = 3.0, cooling_rate = 0.999
26 - INFO - chord#: 36 done. best_score=27.0, changed=514, unchanged=378, early_stops=8/8
26 - INFO - chord#: 40 In build_straw_man_chord_sa. tolerance = 1, sa_iterations = 1000, initial_temperature = 3.0, cooling_rate = 0.999
26 - INFO - chord#: 36 done. best_score=27.0, changed=533, unchanged=638, early_stops=8/8
26 - INFO - chord#: 40 In build_straw_man_chord_sa. tolerance = 1, sa_iterations = 1000, initial_temperature = 3.0, cooling_rate = 0.999
26 - INFO - chord#: 28 done. best_score=27.0, changed=524, unchanged=373, early_stops=8/8
26 - INFO - chord#: 32 In build_straw_man_chord_sa. tolerance = 1, sa_iterations = 1000, initial_temperature = 3.0, cooling_rate = 0.999
26 - INFO - chord#: 40 done. best_score=27.0, changed=527, unchanged=463, early_stops=8/8
26 - INFO - chord#: 42 In build_straw_man_chord_sa. tolerance = 1, sa_iterations = 1000, initial_temperature = 3.0, cooling_rate = 0.999
26 - INFO - chord#: 28 done. best_score=27.0, changed=518, unchanged=355, early_stops=8/8
26 - INFO - chord#: 32 In build_straw_man_chord_sa. tolerance = 1, sa_iterations = 1000, initial_temperature = 3.0, cooling_rate = 0.999
26 - INFO - chord#: 28 done. best_score=27.0, changed=524, unchanged=457, early_stops=8/8
26 - INFO - chord#: 32 In build_straw_man_chord_sa. tolerance = 1, sa_iterations = 1000, initial_temperature = 3.0, cooling_rate = 0.999
26 - INFO - chord#: 26 done. best_score=157.0, changed=611, unchanged=240, early_stops=8/8
26 - INFO - chord#: 28 In build_straw_man_chord_sa. tolerance = 1, sa_iterations = 1000, initial_temperature = 3.0, cooling_rate = 0.999
26 - INFO - chord#: 26 done. best_score=96.0, changed=610, unchanged=233, early_stops=8/8
26 - INFO - chord#: 28 In build_straw_man_chord_sa. tolerance = 1, sa_iterations = 1000, initial_temperature = 3.0, cooling_rate = 0.999
26 - INFO - chord#: 40 done. best_score=27.0, changed=524, unchanged=425, early_stops=8/8
26 - INFO - chord#: 42 In build_straw_man_chord_sa. tolerance = 1, sa_iterations = 1000, initial_temperature = 3.0, cooling_rate = 0.999
26 - INFO - chord#: 40 done. best_score=27.0, changed=526, unchanged=453, early_stops=8/8
26 - INFO - chord#: 42 In build_straw_man_chord_sa. tolerance = 1, sa_iterations = 1000, initial_temperature = 3.0, cooling_rate = 0.999
26 - INFO - chord#: 32 done. best_score=36.0, changed=516, unchanged=368, early_stops=8/8
26 - INFO - chord#: 36 In build_straw_man_chord_sa. tolerance = 1, sa_iterations = 1000, initial_temperature = 3.0, cooling_rate = 0.999
26 - INFO - chord#: 26 done. best_score=137.0, changed=611, unchanged=302, early_stops=8/8
26 - INFO - chord#: 28 In build_straw_man_chord_sa. tolerance = 1, sa_iterations = 1000, initial_temperature = 3.0, cooling_rate = 0.999
26 - INFO - chord#: 42 done. best_score=36.0, changed=527, unchanged=326, early_stops=8/8
26 - INFO - chord#: 44 In build_straw_man_chord_sa. tolerance = 1, sa_iterations = 1000, initial_temperature = 3.0, cooling_rate = 0.999
26 - INFO - chord#: 32 done. best_score=36.0, changed=524, unchanged=378, early_stops=8/8
26 - INFO - chord#: 36 In build_straw_man_chord_sa. tolerance = 1, sa_iterations = 1000, initial_temperature = 3.0, cooling_rate = 0.999
26 - INFO - chord#: 32 done. best_score=36.0, changed=520, unchanged=326, early_stops=8/8
26 - INFO - chord#: 36 In build_straw_man_chord_sa. tolerance = 1, sa_iterations = 1000, initial_temperature = 3.0, cooling_rate = 0.999
26 - INFO - chord#: 26 done. best_score=96.0, changed=612, unchanged=325, early_stops=8/8
26 - INFO - chord#: 28 In build_straw_man_chord_sa. tolerance = 1, sa_iterations = 1000, initial_temperature = 3.0, cooling_rate = 0.999
26 - INFO - chord#: 32 done. best_score=36.0, changed=524, unchanged=415, early_stops=8/8
26 - INFO - chord#: 36 In build_straw_man_chord_sa. tolerance = 1, sa_iterations = 1000, initial_temperature = 3.0, cooling_rate = 0.999
26 - INFO - chord#: 42 done. best_score=36.0, changed=529, unchanged=301, early_stops=8/8
26 - INFO - chord#: 44 In build_straw_man_chord_sa. tolerance = 1, sa_iterations = 1000, initial_temperature = 3.0, cooling_rate = 0.999
26 - INFO - chord#: 42 done. best_score=36.0, changed=531, unchanged=354, early_stops=8/8
26 - INFO - chord#: 44 In build_straw_man_chord_sa. tolerance = 1, sa_iterations = 1000, initial_temperature = 3.0, cooling_rate = 0.999
26 - INFO - chord#: 28 done. best_score=27.0, changed=519, unchanged=373, early_stops=8/8
26 - INFO - chord#: 32 In build_straw_man_chord_sa. tolerance = 1, sa_iterations = 1000, initial_temperature = 3.0, cooling_rate = 0.999
26 - INFO - chord#: 26 done. best_score=137.0, changed=613, unchanged=450, early_stops=8/8
26 - INFO - chord#: 28 In build_straw_man_chord_sa. tolerance = 1, sa_iterations = 1000, initial_temperature = 3.0, cooling_rate = 0.999
26 - INFO - chord#: 28 done. best_score=27.0, changed=520, unchanged=405, early_stops=8/8
26 - INFO - chord#: 32 In build_straw_man_chord_sa. tolerance = 1, sa_iterations = 1000, initial_temperature = 3.0, cooling_rate = 0.999
26 - INFO - chord#: 44 done. best_score=27.0, changed=512, unchanged=447, early_stops=8/8
26 - INFO - chord#: 46 In build_straw_man_chord_sa. tolerance = 1, sa_iterations = 1000, initial_temperature = 3.0, cooling_rate = 0.999
26 - INFO - chord#: 36 done. best_score=27.0, changed=522, unchanged=450, early_stops=8/8
26 - INFO - chord#: 40 In build_straw_man_chord_sa. tolerance = 1, sa_iterations = 1000, initial_temperature = 3.0, cooling_rate = 0.999
26 - INFO - chord#: 28 done. best_score=27.0, changed=521, unchanged=394, early_stops=8/8
26 - INFO - chord#: 32 In build_straw_man_chord_sa. tolerance = 1, sa_iterations = 1000, initial_temperature = 3.0, cooling_rate = 0.999
26 - INFO - chord#: 36 done. best_score=27.0, changed=521, unchanged=428, early_stops=8/8
26 - INFO - chord#: 40 In build_straw_man_chord_sa. tolerance = 1, sa_iterations = 1000, initial_temperature = 3.0, cooling_rate = 0.999
26 - INFO - chord#: 36 done. best_score=27.0, changed=519, unchanged=349, early_stops=8/8
26 - INFO - chord#: 40 In build_straw_man_chord_sa. tolerance = 1, sa_iterations = 1000, initial_temperature = 3.0, cooling_rate = 0.999
26 - INFO - chord#: 36 done. best_score=27.0, changed=522, unchanged=579, early_stops=8/8
26 - INFO - chord#: 40 In build_straw_man_chord_sa. tolerance = 1, sa_iterations = 1000, initial_temperature = 3.0, cooling_rate = 0.999
26 - INFO - chord#: 28 done. best_score=27.0, changed=527, unchanged=389, early_stops=8/8
26 - INFO - chord#: 32 In build_straw_man_chord_sa. tolerance = 1, sa_iterations = 1000, initial_temperature = 3.0, cooling_rate = 0.999
26 - INFO - chord#: 44 done. best_score=27.0, changed=519, unchanged=501, early_stops=8/8
26 - INFO - chord#: 46 In build_straw_man_chord_sa. tolerance = 1, sa_iterations = 1000, initial_temperature = 3.0, cooling_rate = 0.999
26 - INFO - chord#: 44 done. best_score=27.0, changed=524, unchanged=512, early_stops=8/8
26 - INFO - chord#: 46 In build_straw_man_chord_sa. tolerance = 1, sa_iterations = 1000, initial_temperature = 3.0, cooling_rate = 0.999
26 - INFO - chord#: 32 done. best_score=36.0, changed=520, unchanged=325, early_stops=8/8
26 - INFO - chord#: 36 In build_straw_man_chord_sa. tolerance = 1, sa_iterations = 1000, initial_temperature = 3.0, cooling_rate = 0.999
26 - INFO - chord#: 32 done. best_score=36.0, changed=517, unchanged=305, early_stops=8/8
26 - INFO - chord#: 36 In build_straw_man_chord_sa. tolerance = 1, sa_iterations = 1000, initial_temperature = 3.0, cooling_rate = 0.999
26 - INFO - chord#: 28 done. best_score=27.0, changed=519, unchanged=483, early_stops=8/8
26 - INFO - chord#: 40 done. best_score=27.0, changed=512, unchanged=333, early_stops=8/8
26 - INFO - chord#: 32 In build_straw_man_chord_sa. tolerance = 1, sa_iterations = 1000, initial_temperature = 3.0, cooling_rate = 0.999
26 - INFO - chord#: 42 In build_straw_man_chord_sa. tolerance = 1, sa_iterations = 1000, initial_temperature = 3.0, cooling_rate = 0.999
26 - INFO - chord#: 40 done. best_score=27.0, changed=517, unchanged=398, early_stops=8/8
26 - INFO - chord#: 42 In build_straw_man_chord_sa. tolerance = 1, sa_iterations = 1000, initial_temperature = 3.0, cooling_rate = 0.999
26 - INFO - chord#: 40 done. best_score=27.0, changed=526, unchanged=387, early_stops=8/8
26 - INFO - chord#: 42 In build_straw_man_chord_sa. tolerance = 1, sa_iterations = 1000, initial_temperature = 3.0, cooling_rate = 0.999
26 - INFO - chord#: 32 done. best_score=36.0, changed=519, unchanged=364, early_stops=8/8
26 - INFO - chord#: 36 In build_straw_man_chord_sa. tolerance = 1, sa_iterations = 1000, initial_temperature = 3.0, cooling_rate = 0.999
26 - INFO - chord#: 40 done. best_score=27.0, changed=523, unchanged=413, early_stops=8/8
26 - INFO - chord#: 42 In build_straw_man_chord_sa. tolerance = 1, sa_iterations = 1000, initial_temperature = 3.0, cooling_rate = 0.999
26 - INFO - chord#: 32 done. best_score=36.0, changed=530, unchanged=483, early_stops=8/8
26 - INFO - chord#: 36 In build_straw_man_chord_sa. tolerance = 1, sa_iterations = 1000, initial_temperature = 3.0, cooling_rate = 0.999
26 - INFO - chord#: 42 done. best_score=36.0, changed=526, unchanged=375, early_stops=8/8
26 - INFO - chord#: 44 In build_straw_man_chord_sa. tolerance = 1, sa_iterations = 1000, initial_temperature = 3.0, cooling_rate = 0.999
26 - INFO - chord#: 36 done. best_score=27.0, changed=511, unchanged=356, early_stops=8/8
26 - INFO - chord#: 40 In build_straw_man_chord_sa. tolerance = 1, sa_iterations = 1000, initial_temperature = 3.0, cooling_rate = 0.999
26 - INFO - chord#: 42 done. best_score=36.0, changed=535, unchanged=389, early_stops=8/8
26 - INFO - chord#: 44 In build_straw_man_chord_sa. tolerance = 1, sa_iterations = 1000, initial_temperature = 3.0, cooling_rate = 0.999
26 - INFO - chord#: 42 done. best_score=36.0, changed=526, unchanged=451, early_stops=8/8
26 - INFO - chord#: 44 In build_straw_man_chord_sa. tolerance = 1, sa_iterations = 1000, initial_temperature = 3.0, cooling_rate = 0.999
26 - INFO - chord#: 36 done. best_score=27.0, changed=520, unchanged=413, early_stops=8/8
26 - INFO - chord#: 40 In build_straw_man_chord_sa. tolerance = 1, sa_iterations = 1000, initial_temperature = 3.0, cooling_rate = 0.999
26 - INFO - chord#: 42 done. best_score=36.0, changed=528, unchanged=307, early_stops=8/8
26 - INFO - chord#: 44 In build_straw_man_chord_sa. tolerance = 1, sa_iterations = 1000, initial_temperature = 3.0, cooling_rate = 0.999
26 - INFO - chord#: 46 done. best_score=74.0, changed=612, unchanged=384, early_stops=8/8
26 - INFO - chord#: 48 In build_straw_man_chord_sa. tolerance = 1, sa_iterations = 1000, initial_temperature = 3.0, cooling_rate = 0.999
26 - INFO - chord#: 32 done. best_score=36.0, changed=517, unchanged=502, early_stops=8/8
26 - INFO - chord#: 36 In build_straw_man_chord_sa. tolerance = 1, sa_iterations = 1000, initial_temperature = 3.0, cooling_rate = 0.999
26 - INFO - chord#: 36 done. best_score=27.0, changed=522, unchanged=377, early_stops=8/8
26 - INFO - chord#: 40 In build_straw_man_chord_sa. tolerance = 1, sa_iterations = 1000, initial_temperature = 3.0, cooling_rate = 0.999
26 - INFO - chord#: 46 done. best_score=150.0, changed=611, unchanged=290, early_stops=8/8
26 - INFO - chord#: 48 In build_straw_man_chord_sa. tolerance = 1, sa_iterations = 1000, initial_temperature = 3.0, cooling_rate = 0.999
26 - INFO - chord#: 46 done. best_score=96.0, changed=615, unchanged=346, early_stops=8/8
26 - INFO - chord#: 48 In build_straw_man_chord_sa. tolerance = 1, sa_iterations = 1000, initial_temperature = 3.0, cooling_rate = 0.999
26 - INFO - chord#: 44 done. best_score=27.0, changed=515, unchanged=384, early_stops=8/8
26 - INFO - chord#: 46 In build_straw_man_chord_sa. tolerance = 1, sa_iterations = 1000, initial_temperature = 3.0, cooling_rate = 0.999
26 - INFO - chord#: 44 done. best_score=27.0, changed=520, unchanged=384, early_stops=8/8
26 - INFO - chord#: 46 In build_straw_man_chord_sa. tolerance = 1, sa_iterations = 1000, initial_temperature = 3.0, cooling_rate = 0.999
26 - INFO - chord#: 40 done. best_score=27.0, changed=523, unchanged=430, early_stops=8/8
26 - INFO - chord#: 42 In build_straw_man_chord_sa. tolerance = 1, sa_iterations = 1000, initial_temperature = 3.0, cooling_rate = 0.999
26 - INFO - chord#: 44 done. best_score=27.0, changed=515, unchanged=320, early_stops=8/8
26 - INFO - chord#: 46 In build_straw_man_chord_sa. tolerance = 1, sa_iterations = 1000, initial_temperature = 3.0, cooling_rate = 0.999
26 - INFO - chord#: 36 done. best_score=27.0, changed=536, unchanged=597, early_stops=8/8
26 - INFO - chord#: 40 In build_straw_man_chord_sa. tolerance = 1, sa_iterations = 1000, initial_temperature = 3.0, cooling_rate = 0.999
26 - INFO - chord#: 48 done. best_score=27.0, changed=520, unchanged=419, early_stops=8/8
26 - INFO - chord#: 50 In build_straw_man_chord_sa. tolerance = 1, sa_iterations = 1000, initial_temperature = 3.0, cooling_rate = 0.999
26 - INFO - chord#: 44 done. best_score=27.0, changed=533, unchanged=495, early_stops=8/8
26 - INFO - chord#: 46 In build_straw_man_chord_sa. tolerance = 1, sa_iterations = 1000, initial_temperature = 3.0, cooling_rate = 0.999
26 - INFO - chord#: 40 done. best_score=27.0, changed=526, unchanged=385, early_stops=8/8
26 - INFO - chord#: 42 In build_straw_man_chord_sa. tolerance = 1, sa_iterations = 1000, initial_temperature = 3.0, cooling_rate = 0.999
26 - INFO - chord#: 36 done. best_score=27.0, changed=516, unchanged=348, early_stops=8/8
26 - INFO - chord#: 40 In build_straw_man_chord_sa. tolerance = 1, sa_iterations = 1000, initial_temperature = 3.0, cooling_rate = 0.999
26 - INFO - chord#: 48 done. best_score=27.0, changed=523, unchanged=441, early_stops=8/8
26 - INFO - chord#: 50 In build_straw_man_chord_sa. tolerance = 1, sa_iterations = 1000, initial_temperature = 3.0, cooling_rate = 0.999
26 - INFO - chord#: 40 done. best_score=27.0, changed=522, unchanged=387, early_stops=8/8
26 - INFO - chord#: 42 In build_straw_man_chord_sa. tolerance = 1, sa_iterations = 1000, initial_temperature = 3.0, cooling_rate = 0.999
26 - INFO - chord#: 48 done. best_score=27.0, changed=525, unchanged=469, early_stops=8/8
26 - INFO - chord#: 50 In build_straw_man_chord_sa. tolerance = 1, sa_iterations = 1000, initial_temperature = 3.0, cooling_rate = 0.999
26 - INFO - chord#: 42 done. best_score=36.0, changed=528, unchanged=311, early_stops=8/8
26 - INFO - chord#: 44 In build_straw_man_chord_sa. tolerance = 1, sa_iterations = 1000, initial_temperature = 3.0, cooling_rate = 0.999
26 - INFO - chord#: 50 done. best_score=27.0, changed=530, unchanged=447, early_stops=8/8
26 - INFO - chord#: 52 In build_straw_man_chord_sa. tolerance = 1, sa_iterations = 1000, initial_temperature = 3.0, cooling_rate = 0.999
26 - INFO - chord#: 42 done. best_score=36.0, changed=527, unchanged=322, early_stops=8/8
26 - INFO - chord#: 44 In build_straw_man_chord_sa. tolerance = 1, sa_iterations = 1000, initial_temperature = 3.0, cooling_rate = 0.999
26 - INFO - chord#: 40 done. best_score=27.0, changed=532, unchanged=461, early_stops=8/8
26 - INFO - chord#: 42 In build_straw_man_chord_sa. tolerance = 1, sa_iterations = 1000, initial_temperature = 3.0, cooling_rate = 0.999
26 - INFO - chord#: 50 done. best_score=27.0, changed=525, unchanged=347, early_stops=8/8
26 - INFO - chord#: 52 In build_straw_man_chord_sa. tolerance = 1, sa_iterations = 1000, initial_temperature = 3.0, cooling_rate = 0.999
26 - INFO - chord#: 40 done. best_score=27.0, changed=524, unchanged=355, early_stops=8/8
26 - INFO - chord#: 42 In build_straw_man_chord_sa. tolerance = 1, sa_iterations = 1000, initial_temperature = 3.0, cooling_rate = 0.999
26 - INFO - chord#: 42 done. best_score=36.0, changed=535, unchanged=323, early_stops=8/8
26 - INFO - chord#: 44 In build_straw_man_chord_sa. tolerance = 1, sa_iterations = 1000, initial_temperature = 3.0, cooling_rate = 0.999
26 - INFO - chord#: 50 done. best_score=27.0, changed=532, unchanged=498, early_stops=8/8
26 - INFO - chord#: 52 In build_straw_man_chord_sa. tolerance = 1, sa_iterations = 1000, initial_temperature = 3.0, cooling_rate = 0.999
26 - INFO - chord#: 46 done. best_score=74.0, changed=618, unchanged=258, early_stops=8/8
26 - INFO - chord#: 48 In build_straw_man_chord_sa. tolerance = 1, sa_iterations = 1000, initial_temperature = 3.0, cooling_rate = 0.999
26 - INFO - chord#: 46 done. best_score=74.0, changed=610, unchanged=382, early_stops=8/8
26 - INFO - chord#: 48 In build_straw_man_chord_sa. tolerance = 1, sa_iterations = 1000, initial_temperature = 3.0, cooling_rate = 0.999
26 - INFO - chord#: 46 done. best_score=148.0, changed=612, unchanged=287, early_stops=8/8
26 - INFO - chord#: 48 In build_straw_man_chord_sa. tolerance = 1, sa_iterations = 1000, initial_temperature = 3.0, cooling_rate = 0.999
26 - INFO - chord#: 44 done. best_score=27.0, changed=522, unchanged=360, early_stops=8/8
26 - INFO - chord#: 46 In build_straw_man_chord_sa. tolerance = 1, sa_iterations = 1000, initial_temperature = 3.0, cooling_rate = 0.999
26 - INFO - chord#: 42 done. best_score=36.0, changed=527, unchanged=313, early_stops=8/8
26 - INFO - chord#: 44 In build_straw_man_chord_sa. tolerance = 1, sa_iterations = 1000, initial_temperature = 3.0, cooling_rate = 0.999
26 - INFO - chord#: 42 done. best_score=36.0, changed=527, unchanged=297, early_stops=8/8
26 - INFO - chord#: 44 In build_straw_man_chord_sa. tolerance = 1, sa_iterations = 1000, initial_temperature = 3.0, cooling_rate = 0.999
26 - INFO - chord#: 46 done. best_score=104.0, changed=613, unchanged=284, early_stops=8/8
26 - INFO - chord#: 48 In build_straw_man_chord_sa. tolerance = 1, sa_iterations = 1000, initial_temperature = 3.0, cooling_rate = 0.999
26 - INFO - chord#: 44 done. best_score=27.0, changed=525, unchanged=640, early_stops=8/8
26 - INFO - chord#: 46 In build_straw_man_chord_sa. tolerance = 1, sa_iterations = 1000, initial_temperature = 3.0, cooling_rate = 0.999
26 - INFO - chord#: 48 done. best_score=27.0, changed=521, unchanged=369, early_stops=8/8
26 - INFO - chord#: 50 In build_straw_man_chord_sa. tolerance = 1, sa_iterations = 1000, initial_temperature = 3.0, cooling_rate = 0.999
26 - INFO - chord#: 48 done. best_score=27.0, changed=517, unchanged=364, early_stops=8/8
26 - INFO - chord#: 50 In build_straw_man_chord_sa. tolerance = 1, sa_iterations = 1000, initial_temperature = 3.0, cooling_rate = 0.999
26 - INFO - chord#: 44 done. best_score=27.0, changed=527, unchanged=505, early_stops=8/8
26 - INFO - chord#: 46 In build_straw_man_chord_sa. tolerance = 1, sa_iterations = 1000, initial_temperature = 3.0, cooling_rate = 0.999
26 - INFO - chord#: 48 done. best_score=27.0, changed=517, unchanged=412, early_stops=8/8
26 - INFO - chord#: 50 In build_straw_man_chord_sa. tolerance = 1, sa_iterations = 1000, initial_temperature = 3.0, cooling_rate = 0.999
26 - INFO - chord#: 52 done. best_score=142.0, changed=611, unchanged=360, early_stops=8/8
26 - INFO - chord#: 56 In build_straw_man_chord_sa. tolerance = 1, sa_iterations = 1000, initial_temperature = 3.0, cooling_rate = 0.999
26 - INFO - chord#: 52 done. best_score=67.0, changed=611, unchanged=282, early_stops=8/8
26 - INFO - chord#: 56 In build_straw_man_chord_sa. tolerance = 1, sa_iterations = 1000, initial_temperature = 3.0, cooling_rate = 0.999
26 - INFO - chord#: 44 done. best_score=27.0, changed=521, unchanged=354, early_stops=8/8
26 - INFO - chord#: 46 In build_straw_man_chord_sa. tolerance = 1, sa_iterations = 1000, initial_temperature = 3.0, cooling_rate = 0.999
26 - INFO - chord#: 52 done. best_score=78.0, changed=610, unchanged=293, early_stops=8/8
26 - INFO - chord#: 56 In build_straw_man_chord_sa. tolerance = 1, sa_iterations = 1000, initial_temperature = 3.0, cooling_rate = 0.999
26 - INFO - chord#: 50 done. best_score=27.0, changed=516, unchanged=351, early_stops=8/8
26 - INFO - chord#: 52 In build_straw_man_chord_sa. tolerance = 1, sa_iterations = 1000, initial_temperature = 3.0, cooling_rate = 0.999
26 - INFO - chord#: 50 done. best_score=27.0, changed=525, unchanged=331, early_stops=8/8
26 - INFO - chord#: 52 In build_straw_man_chord_sa. tolerance = 1, sa_iterations = 1000, initial_temperature = 3.0, cooling_rate = 0.999
26 - INFO - chord#: 48 done. best_score=27.0, changed=526, unchanged=389, early_stops=8/8
26 - INFO - chord#: 50 In build_straw_man_chord_sa. tolerance = 1, sa_iterations = 1000, initial_temperature = 3.0, cooling_rate = 0.999
26 - INFO - chord#: 44 done. best_score=27.0, changed=529, unchanged=427, early_stops=8/8
26 - INFO - chord#: 46 In build_straw_man_chord_sa. tolerance = 1, sa_iterations = 1000, initial_temperature = 3.0, cooling_rate = 0.999
26 - INFO - chord#: 50 done. best_score=27.0, changed=521, unchanged=385, early_stops=8/8
26 - INFO - chord#: 52 In build_straw_man_chord_sa. tolerance = 1, sa_iterations = 1000, initial_temperature = 3.0, cooling_rate = 0.999
26 - INFO - chord#: 56 done. best_score=27.0, changed=524, unchanged=467, early_stops=8/8
26 - INFO - chord#: 58 In build_straw_man_chord_sa. tolerance = 1, sa_iterations = 1000, initial_temperature = 3.0, cooling_rate = 0.999
26 - INFO - chord#: 56 done. best_score=27.0, changed=525, unchanged=391, early_stops=8/8
26 - INFO - chord#: 58 In build_straw_man_chord_sa. tolerance = 1, sa_iterations = 1000, initial_temperature = 3.0, cooling_rate = 0.999
26 - INFO - chord#: 56 done. best_score=27.0, changed=517, unchanged=367, early_stops=8/8
26 - INFO - chord#: 58 In build_straw_man_chord_sa. tolerance = 1, sa_iterations = 1000, initial_temperature = 3.0, cooling_rate = 0.999
26 - INFO - chord#: 50 done. best_score=27.0, changed=528, unchanged=422, early_stops=8/8
26 - INFO - chord#: 52 In build_straw_man_chord_sa. tolerance = 1, sa_iterations = 1000, initial_temperature = 3.0, cooling_rate = 0.999
26 - INFO - chord#: 46 done. best_score=74.0, changed=614, unchanged=386, early_stops=8/8
26 - INFO - chord#: 48 In build_straw_man_chord_sa. tolerance = 1, sa_iterations = 1000, initial_temperature = 3.0, cooling_rate = 0.999
26 - INFO - chord#: 46 done. best_score=104.0, changed=611, unchanged=295, early_stops=8/8
26 - INFO - chord#: 48 In build_straw_man_chord_sa. tolerance = 1, sa_iterations = 1000, initial_temperature = 3.0, cooling_rate = 0.999
26 - INFO - chord#: 52 done. best_score=67.0, changed=613, unchanged=258, early_stops=8/8
26 - INFO - chord#: 56 In build_straw_man_chord_sa. tolerance = 1, sa_iterations = 1000, initial_temperature = 3.0, cooling_rate = 0.999
26 - INFO - chord#: 46 done. best_score=121.0, changed=616, unchanged=349, early_stops=8/8
26 - INFO - chord#: 48 In build_straw_man_chord_sa. tolerance = 1, sa_iterations = 1000, initial_temperature = 3.0, cooling_rate = 0.999
26 - INFO - chord#: 52 done. best_score=67.0, changed=616, unchanged=374, early_stops=8/8
26 - INFO - chord#: 56 In build_straw_man_chord_sa. tolerance = 1, sa_iterations = 1000, initial_temperature = 3.0, cooling_rate = 0.999
26 - INFO - chord#: 52 done. best_score=137.0, changed=612, unchanged=328, early_stops=8/8
26 - INFO - chord#: 56 In build_straw_man_chord_sa. tolerance = 1, sa_iterations = 1000, initial_temperature = 3.0, cooling_rate = 0.999
26 - INFO - chord#: 48 done. best_score=27.0, changed=519, unchanged=420, early_stops=8/8
26 - INFO - chord#: 50 In build_straw_man_chord_sa. tolerance = 1, sa_iterations = 1000, initial_temperature = 3.0, cooling_rate = 0.999
26 - INFO - chord#: 56 done. best_score=27.0, changed=518, unchanged=405, early_stops=8/8
26 - INFO - chord#: 58 In build_straw_man_chord_sa. tolerance = 1, sa_iterations = 1000, initial_temperature = 3.0, cooling_rate = 0.999
26 - INFO - chord#: 58 done. best_score=67.0, changed=610, unchanged=361, early_stops=8/8
26 - INFO - chord#: 60 In build_straw_man_chord_sa. tolerance = 1, sa_iterations = 1000, initial_temperature = 3.0, cooling_rate = 0.999
26 - INFO - chord#: 46 done. best_score=104.0, changed=622, unchanged=432, early_stops=8/8
26 - INFO - chord#: 48 In build_straw_man_chord_sa. tolerance = 1, sa_iterations = 1000, initial_temperature = 3.0, cooling_rate = 0.999
26 - INFO - chord#: 48 done. best_score=27.0, changed=521, unchanged=417, early_stops=8/8
26 - INFO - chord#: 50 In build_straw_man_chord_sa. tolerance = 1, sa_iterations = 1000, initial_temperature = 3.0, cooling_rate = 0.999
26 - INFO - chord#: 58 done. best_score=137.0, changed=618, unchanged=287, early_stops=8/8
26 - INFO - chord#: 60 In build_straw_man_chord_sa. tolerance = 1, sa_iterations = 1000, initial_temperature = 3.0, cooling_rate = 0.999
26 - INFO - chord#: 58 done. best_score=67.0, changed=610, unchanged=438, early_stops=8/8
26 - INFO - chord#: 60 In build_straw_man_chord_sa. tolerance = 1, sa_iterations = 1000, initial_temperature = 3.0, cooling_rate = 0.999
26 - INFO - chord#: 46 done. best_score=74.0, changed=613, unchanged=433, early_stops=8/8
26 - INFO - chord#: 48 In build_straw_man_chord_sa. tolerance = 1, sa_iterations = 1000, initial_temperature = 3.0, cooling_rate = 0.999
26 - INFO - chord#: 56 done. best_score=27.0, changed=522, unchanged=379, early_stops=8/8
26 - INFO - chord#: 58 In build_straw_man_chord_sa. tolerance = 1, sa_iterations = 1000, initial_temperature = 3.0, cooling_rate = 0.999
26 - INFO - chord#: 48 done. best_score=27.0, changed=527, unchanged=435, early_stops=8/8
26 - INFO - chord#: 50 In build_straw_man_chord_sa. tolerance = 1, sa_iterations = 1000, initial_temperature = 3.0, cooling_rate = 0.999
26 - INFO - chord#: 56 done. best_score=27.0, changed=538, unchanged=469, early_stops=8/8
26 - INFO - chord#: 58 In build_straw_man_chord_sa. tolerance = 1, sa_iterations = 1000, initial_temperature = 3.0, cooling_rate = 0.999
26 - INFO - chord#: 60 done. best_score=27.0, changed=532, unchanged=448, early_stops=8/8
26 - INFO - chord#: 64 In build_straw_man_chord_sa. tolerance = 1, sa_iterations = 1000, initial_temperature = 3.0, cooling_rate = 0.999
26 - INFO - chord#: 50 done. best_score=27.0, changed=523, unchanged=411, early_stops=8/8
26 - INFO - chord#: 52 In build_straw_man_chord_sa. tolerance = 1, sa_iterations = 1000, initial_temperature = 3.0, cooling_rate = 0.999
26 - INFO - chord#: 60 done. best_score=27.0, changed=526, unchanged=353, early_stops=8/8
26 - INFO - chord#: 64 In build_straw_man_chord_sa. tolerance = 1, sa_iterations = 1000, initial_temperature = 3.0, cooling_rate = 0.999
26 - INFO - chord#: 60 done. best_score=27.0, changed=528, unchanged=353, early_stops=8/8
26 - INFO - chord#: 64 In build_straw_man_chord_sa. tolerance = 1, sa_iterations = 1000, initial_temperature = 3.0, cooling_rate = 0.999
26 - INFO - chord#: 50 done. best_score=27.0, changed=513, unchanged=309, early_stops=8/8
26 - INFO - chord#: 52 In build_straw_man_chord_sa. tolerance = 1, sa_iterations = 1000, initial_temperature = 3.0, cooling_rate = 0.999
26 - INFO - chord#: 48 done. best_score=27.0, changed=526, unchanged=525, early_stops=8/8
26 - INFO - chord#: 50 In build_straw_man_chord_sa. tolerance = 1, sa_iterations = 1000, initial_temperature = 3.0, cooling_rate = 0.999
26 - INFO - chord#: 52 done. best_score=78.0, changed=614, unchanged=414, early_stops=8/8
26 - INFO - chord#: 56 In build_straw_man_chord_sa. tolerance = 1, sa_iterations = 1000, initial_temperature = 3.0, cooling_rate = 0.999
26 - INFO - chord#: 48 done. best_score=27.0, changed=517, unchanged=421, early_stops=8/8
26 - INFO - chord#: 50 In build_straw_man_chord_sa. tolerance = 1, sa_iterations = 1000, initial_temperature = 3.0, cooling_rate = 0.999
26 - INFO - chord#: 50 done. best_score=27.0, changed=523, unchanged=361, early_stops=8/8
26 - INFO - chord#: 52 In build_straw_man_chord_sa. tolerance = 1, sa_iterations = 1000, initial_temperature = 3.0, cooling_rate = 0.999
26 - INFO - chord#: 64 done. best_score=27.0, changed=517, unchanged=433, early_stops=8/8
26 - INFO - chord#: 68 In build_straw_man_chord_sa. tolerance = 1, sa_iterations = 1000, initial_temperature = 3.0, cooling_rate = 0.999
26 - INFO - chord#: 58 done. best_score=78.0, changed=609, unchanged=268, early_stops=8/8
26 - INFO - chord#: 60 In build_straw_man_chord_sa. tolerance = 1, sa_iterations = 1000, initial_temperature = 3.0, cooling_rate = 0.999
26 - INFO - chord#: 64 done. best_score=27.0, changed=517, unchanged=544, early_stops=8/8
26 - INFO - chord#: 68 In build_straw_man_chord_sa. tolerance = 1, sa_iterations = 1000, initial_temperature = 3.0, cooling_rate = 0.999
26 - INFO - chord#: 64 done. best_score=27.0, changed=521, unchanged=481, early_stops=8/8
26 - INFO - chord#: 68 In build_straw_man_chord_sa. tolerance = 1, sa_iterations = 1000, initial_temperature = 3.0, cooling_rate = 0.999
26 - INFO - chord#: 50 done. best_score=27.0, changed=516, unchanged=307, early_stops=8/8
26 - INFO - chord#: 52 In build_straw_man_chord_sa. tolerance = 1, sa_iterations = 1000, initial_temperature = 3.0, cooling_rate = 0.999
26 - INFO - chord#: 68 done. best_score=27.0, changed=524, unchanged=363, early_stops=8/8
26 - INFO - chord#: 70 In build_straw_man_chord_sa. tolerance = 1, sa_iterations = 1000, initial_temperature = 3.0, cooling_rate = 0.999
26 - INFO - chord#: 58 done. best_score=145.0, changed=618, unchanged=346, early_stops=8/8
26 - INFO - chord#: 60 In build_straw_man_chord_sa. tolerance = 1, sa_iterations = 1000, initial_temperature = 3.0, cooling_rate = 0.999
26 - INFO - chord#: 56 done. best_score=27.0, changed=529, unchanged=544, early_stops=8/8
26 - INFO - chord#: 58 In build_straw_man_chord_sa. tolerance = 1, sa_iterations = 1000, initial_temperature = 3.0, cooling_rate = 0.999
26 - INFO - chord#: 60 done. best_score=27.0, changed=523, unchanged=342, early_stops=8/8
26 - INFO - chord#: 64 In build_straw_man_chord_sa. tolerance = 1, sa_iterations = 1000, initial_temperature = 3.0, cooling_rate = 0.999
26 - INFO - chord#: 50 done. best_score=27.0, changed=521, unchanged=400, early_stops=8/8
26 - INFO - chord#: 52 In build_straw_man_chord_sa. tolerance = 1, sa_iterations = 1000, initial_temperature = 3.0, cooling_rate = 0.999
26 - INFO - chord#: 68 done. best_score=27.0, changed=527, unchanged=458, early_stops=8/8
26 - INFO - chord#: 70 In build_straw_man_chord_sa. tolerance = 1, sa_iterations = 1000, initial_temperature = 3.0, cooling_rate = 0.999
26 - INFO - chord#: 68 done. best_score=27.0, changed=520, unchanged=429, early_stops=8/8
26 - INFO - chord#: 70 In build_straw_man_chord_sa. tolerance = 1, sa_iterations = 1000, initial_temperature = 3.0, cooling_rate = 0.999
26 - INFO - chord#: 52 done. best_score=142.0, changed=608, unchanged=227, early_stops=8/8
26 - INFO - chord#: 56 In build_straw_man_chord_sa. tolerance = 1, sa_iterations = 1000, initial_temperature = 3.0, cooling_rate = 0.999
26 - INFO - chord#: 58 done. best_score=96.0, changed=614, unchanged=437, early_stops=8/8
26 - INFO - chord#: 60 In build_straw_man_chord_sa. tolerance = 1, sa_iterations = 1000, initial_temperature = 3.0, cooling_rate = 0.999
26 - INFO - chord#: 60 done. best_score=27.0, changed=518, unchanged=329, early_stops=8/8
26 - INFO - chord#: 64 In build_straw_man_chord_sa. tolerance = 1, sa_iterations = 1000, initial_temperature = 3.0, cooling_rate = 0.999
26 - INFO - chord#: 52 done. best_score=145.0, changed=611, unchanged=264, early_stops=8/8
26 - INFO - chord#: 56 In build_straw_man_chord_sa. tolerance = 1, sa_iterations = 1000, initial_temperature = 3.0, cooling_rate = 0.999
26 - INFO - chord#: 64 done. best_score=27.0, changed=521, unchanged=383, early_stops=8/8
26 - INFO - chord#: 68 In build_straw_man_chord_sa. tolerance = 1, sa_iterations = 1000, initial_temperature = 3.0, cooling_rate = 0.999
26 - INFO - chord#: 60 done. best_score=27.0, changed=518, unchanged=312, early_stops=8/8
26 - INFO - chord#: 64 In build_straw_man_chord_sa. tolerance = 1, sa_iterations = 1000, initial_temperature = 3.0, cooling_rate = 0.999
26 - INFO - chord#: 52 done. best_score=140.0, changed=612, unchanged=267, early_stops=8/8
26 - INFO - chord#: 56 In build_straw_man_chord_sa. tolerance = 1, sa_iterations = 1000, initial_temperature = 3.0, cooling_rate = 0.999
26 - INFO - chord#: 64 done. best_score=27.0, changed=526, unchanged=531, early_stops=8/8
26 - INFO - chord#: 68 In build_straw_man_chord_sa. tolerance = 1, sa_iterations = 1000, initial_temperature = 3.0, cooling_rate = 0.999
26 - INFO - chord#: 70 done. best_score=145.0, changed=614, unchanged=322, early_stops=8/8
26 - INFO - chord#: 72 In build_straw_man_chord_sa. tolerance = 1, sa_iterations = 1000, initial_temperature = 3.0, cooling_rate = 0.999
26 - INFO - chord#: 56 done. best_score=27.0, changed=528, unchanged=441, early_stops=8/8
26 - INFO - chord#: 58 In build_straw_man_chord_sa. tolerance = 1, sa_iterations = 1000, initial_temperature = 3.0, cooling_rate = 0.999
26 - INFO - chord#: 72 done. best_score=11.0, changed=488, unchanged=331, early_stops=8/8
26 - INFO - chord#: 68 done. best_score=27.0, changed=523, unchanged=421, early_stops=8/8
26 - INFO - chord#: 74 In build_straw_man_chord_sa. tolerance = 1, sa_iterations = 1000, initial_temperature = 3.0, cooling_rate = 0.999
26 - INFO - chord#: 70 In build_straw_man_chord_sa. tolerance = 1, sa_iterations = 1000, initial_temperature = 3.0, cooling_rate = 0.999
26 - INFO - chord#: 52 done. best_score=137.0, changed=614, unchanged=294, early_stops=8/8
26 - INFO - chord#: 56 In build_straw_man_chord_sa. tolerance = 1, sa_iterations = 1000, initial_temperature = 3.0, cooling_rate = 0.999
26 - INFO - chord#: 56 done. best_score=27.0, changed=517, unchanged=346, early_stops=8/8
26 - INFO - chord#: 58 In build_straw_man_chord_sa. tolerance = 1, sa_iterations = 1000, initial_temperature = 3.0, cooling_rate = 0.999
26 - INFO - chord#: 70 done. best_score=70.0, changed=611, unchanged=233, early_stops=8/8
26 - INFO - chord#: 72 In build_straw_man_chord_sa. tolerance = 1, sa_iterations = 1000, initial_temperature = 3.0, cooling_rate = 0.999
26 - INFO - chord#: 68 done. best_score=27.0, changed=529, unchanged=436, early_stops=8/8
26 - INFO - chord#: 70 In build_straw_man_chord_sa. tolerance = 1, sa_iterations = 1000, initial_temperature = 3.0, cooling_rate = 0.999
26 - INFO - chord#: 64 done. best_score=27.0, changed=520, unchanged=488, early_stops=8/8
26 - INFO - chord#: 68 In build_straw_man_chord_sa. tolerance = 1, sa_iterations = 1000, initial_temperature = 3.0, cooling_rate = 0.999
26 - INFO - chord#: 72 done. best_score=11.0, changed=470, unchanged=345, early_stops=8/8
26 - INFO - chord#: 74 In build_straw_man_chord_sa. tolerance = 1, sa_iterations = 1000, initial_temperature = 3.0, cooling_rate = 0.999
26 - INFO - chord#: 58 done. best_score=67.0, changed=608, unchanged=263, early_stops=8/8
26 - INFO - chord#: 60 In build_straw_man_chord_sa. tolerance = 1, sa_iterations = 1000, initial_temperature = 3.0, cooling_rate = 0.999
26 - INFO - chord#: 70 done. best_score=70.0, changed=617, unchanged=456, early_stops=8/8
26 - INFO - chord#: 72 In build_straw_man_chord_sa. tolerance = 1, sa_iterations = 1000, initial_temperature = 3.0, cooling_rate = 0.999
26 - INFO - chord#: 56 done. best_score=27.0, changed=522, unchanged=407, early_stops=8/8
26 - INFO - chord#: 58 In build_straw_man_chord_sa. tolerance = 1, sa_iterations = 1000, initial_temperature = 3.0, cooling_rate = 0.999
26 - INFO - chord#: 72 done. best_score=11.0, changed=474, unchanged=368, early_stops=8/8
26 - INFO - chord#: 74 In build_straw_man_chord_sa. tolerance = 1, sa_iterations = 1000, initial_temperature = 3.0, cooling_rate = 0.999
26 - INFO - chord#: 56 done. best_score=27.0, changed=530, unchanged=507, early_stops=8/8
26 - INFO - chord#: 58 In build_straw_man_chord_sa. tolerance = 1, sa_iterations = 1000, initial_temperature = 3.0, cooling_rate = 0.999
26 - INFO - chord#: 68 done. best_score=27.0, changed=531, unchanged=461, early_stops=8/8
26 - INFO - chord#: 70 In build_straw_man_chord_sa. tolerance = 1, sa_iterations = 1000, initial_temperature = 3.0, cooling_rate = 0.999
26 - INFO - chord#: 52 done. best_score=67.0, changed=620, unchanged=601, early_stops=8/8
26 - INFO - chord#: 56 In build_straw_man_chord_sa. tolerance = 1, sa_iterations = 1000, initial_temperature = 3.0, cooling_rate = 0.999
26 - INFO - chord#: 60 done. best_score=27.0, changed=518, unchanged=377, early_stops=8/8
26 - INFO - chord#: 64 In build_straw_man_chord_sa. tolerance = 1, sa_iterations = 1000, initial_temperature = 3.0, cooling_rate = 0.999
26 - INFO - chord#: 74 done. best_score=157.0, changed=607, unchanged=289, early_stops=8/8
26 - INFO - chord#: 76 In build_straw_man_chord_sa. tolerance = 1, sa_iterations = 1000, initial_temperature = 3.0, cooling_rate = 0.999
26 - INFO - chord#: 70 done. best_score=167.0, changed=613, unchanged=340, early_stops=8/8
26 - INFO - chord#: 72 In build_straw_man_chord_sa. tolerance = 1, sa_iterations = 1000, initial_temperature = 3.0, cooling_rate = 0.999
26 - INFO - chord#: 70 done. best_score=111.0, changed=609, unchanged=287, early_stops=8/8
26 - INFO - chord#: 72 In build_straw_man_chord_sa. tolerance = 1, sa_iterations = 1000, initial_temperature = 3.0, cooling_rate = 0.999
26 - INFO - chord#: 58 done. best_score=67.0, changed=613, unchanged=308, early_stops=8/8
26 - INFO - chord#: 60 In build_straw_man_chord_sa. tolerance = 1, sa_iterations = 1000, initial_temperature = 3.0, cooling_rate = 0.999
26 - INFO - chord#: 74 done. best_score=94.0, changed=612, unchanged=291, early_stops=8/8
26 - INFO - chord#: 76 In build_straw_man_chord_sa. tolerance = 1, sa_iterations = 1000, initial_temperature = 3.0, cooling_rate = 0.999
26 - INFO - chord#: 72 done. best_score=11.0, changed=464, unchanged=359, early_stops=8/8
26 - INFO - chord#: 74 In build_straw_man_chord_sa. tolerance = 1, sa_iterations = 1000, initial_temperature = 3.0, cooling_rate = 0.999
26 - INFO - chord#: 58 done. best_score=137.0, changed=612, unchanged=352, early_stops=8/8
26 - INFO - chord#: 60 In build_straw_man_chord_sa. tolerance = 1, sa_iterations = 1000, initial_temperature = 3.0, cooling_rate = 0.999
26 - INFO - chord#: 72 done. best_score=11.0, changed=486, unchanged=348, early_stops=8/8
26 - INFO - chord#: 74 In build_straw_man_chord_sa. tolerance = 1, sa_iterations = 1000, initial_temperature = 3.0, cooling_rate = 0.999
26 - INFO - chord#: 56 done. best_score=27.0, changed=517, unchanged=351, early_stops=8/8
26 - INFO - chord#: 58 In build_straw_man_chord_sa. tolerance = 1, sa_iterations = 1000, initial_temperature = 3.0, cooling_rate = 0.999
26 - INFO - chord#: 64 done. best_score=27.0, changed=516, unchanged=494, early_stops=8/8
26 - INFO - chord#: 68 In build_straw_man_chord_sa. tolerance = 1, sa_iterations = 1000, initial_temperature = 3.0, cooling_rate = 0.999
26 - INFO - chord#: 76 done. best_score=27.0, changed=524, unchanged=390, early_stops=8/8
26 - INFO - chord#: 78 In build_straw_man_chord_sa. tolerance = 1, sa_iterations = 1000, initial_temperature = 3.0, cooling_rate = 0.999
26 - INFO - chord#: 74 done. best_score=175.0, changed=611, unchanged=313, early_stops=8/8
26 - INFO - chord#: 76 In build_straw_man_chord_sa. tolerance = 1, sa_iterations = 1000, initial_temperature = 3.0, cooling_rate = 0.999
26 - INFO - chord#: 60 done. best_score=27.0, changed=521, unchanged=317, early_stops=8/8
26 - INFO - chord#: 64 In build_straw_man_chord_sa. tolerance = 1, sa_iterations = 1000, initial_temperature = 3.0, cooling_rate = 0.999
26 - INFO - chord#: 76 done. best_score=27.0, changed=527, unchanged=357, early_stops=8/8
26 - INFO - chord#: 78 In build_straw_man_chord_sa. tolerance = 1, sa_iterations = 1000, initial_temperature = 3.0, cooling_rate = 0.999
26 - INFO - chord#: 70 done. best_score=70.0, changed=610, unchanged=317, early_stops=8/8
26 - INFO - chord#: 72 In build_straw_man_chord_sa. tolerance = 1, sa_iterations = 1000, initial_temperature = 3.0, cooling_rate = 0.999
26 - INFO - chord#: 60 done. best_score=27.0, changed=523, unchanged=429, early_stops=8/8
26 - INFO - chord#: 64 In build_straw_man_chord_sa. tolerance = 1, sa_iterations = 1000, initial_temperature = 3.0, cooling_rate = 0.999
26 - INFO - chord#: 72 done. best_score=11.0, changed=476, unchanged=341, early_stops=8/8
26 - INFO - chord#: 74 In build_straw_man_chord_sa. tolerance = 1, sa_iterations = 1000, initial_temperature = 3.0, cooling_rate = 0.999
26 - INFO - chord#: 58 done. best_score=67.0, changed=615, unchanged=483, early_stops=8/8
26 - INFO - chord#: 60 In build_straw_man_chord_sa. tolerance = 1, sa_iterations = 1000, initial_temperature = 3.0, cooling_rate = 0.999
26 - INFO - chord#: 76 done. best_score=27.0, changed=529, unchanged=333, early_stops=8/8
26 - INFO - chord#: 78 In build_straw_man_chord_sa. tolerance = 1, sa_iterations = 1000, initial_temperature = 3.0, cooling_rate = 0.999
26 - INFO - chord#: 58 done. best_score=67.0, changed=618, unchanged=306, early_stops=8/8
26 - INFO - chord#: 60 In build_straw_man_chord_sa. tolerance = 1, sa_iterations = 1000, initial_temperature = 3.0, cooling_rate = 0.999
26 - INFO - chord#: 64 done. best_score=27.0, changed=519, unchanged=358, early_stops=8/8
26 - INFO - chord#: 68 In build_straw_man_chord_sa. tolerance = 1, sa_iterations = 1000, initial_temperature = 3.0, cooling_rate = 0.999
26 - INFO - chord#: 68 done. best_score=27.0, changed=529, unchanged=503, early_stops=8/8
26 - INFO - chord#: 70 In build_straw_man_chord_sa. tolerance = 1, sa_iterations = 1000, initial_temperature = 3.0, cooling_rate = 0.999
26 - INFO - chord#: 74 done. best_score=101.0, changed=616, unchanged=337, early_stops=8/8
26 - INFO - chord#: 76 In build_straw_man_chord_sa. tolerance = 1, sa_iterations = 1000, initial_temperature = 3.0, cooling_rate = 0.999
26 - INFO - chord#: 60 done. best_score=27.0, changed=529, unchanged=412, early_stops=8/8
26 - INFO - chord#: 64 In build_straw_man_chord_sa. tolerance = 1, sa_iterations = 1000, initial_temperature = 3.0, cooling_rate = 0.999
26 - INFO - chord#: 60 done. best_score=27.0, changed=518, unchanged=324, early_stops=8/8
26 - INFO - chord#: 64 In build_straw_man_chord_sa. tolerance = 1, sa_iterations = 1000, initial_temperature = 3.0, cooling_rate = 0.999
26 - INFO - chord#: 64 done. best_score=27.0, changed=524, unchanged=385, early_stops=8/8
26 - INFO - chord#: 68 In build_straw_man_chord_sa. tolerance = 1, sa_iterations = 1000, initial_temperature = 3.0, cooling_rate = 0.999
26 - INFO - chord#: 68 done. best_score=27.0, changed=526, unchanged=449, early_stops=8/8
26 - INFO - chord#: 70 In build_straw_man_chord_sa. tolerance = 1, sa_iterations = 1000, initial_temperature = 3.0, cooling_rate = 0.999
26 - INFO - chord#: 78 done. best_score=74.0, changed=614, unchanged=295, early_stops=8/8
26 - INFO - chord#: 80 In build_straw_man_chord_sa. tolerance = 1, sa_iterations = 1000, initial_temperature = 3.0, cooling_rate = 0.999
26 - INFO - chord#: 74 done. best_score=101.0, changed=610, unchanged=357, early_stops=8/8
26 - INFO - chord#: 76 In build_straw_man_chord_sa. tolerance = 1, sa_iterations = 1000, initial_temperature = 3.0, cooling_rate = 0.999
26 - INFO - chord#: 76 done. best_score=27.0, changed=514, unchanged=306, early_stops=8/8
26 - INFO - chord#: 78 In build_straw_man_chord_sa. tolerance = 1, sa_iterations = 1000, initial_temperature = 3.0, cooling_rate = 0.999
26 - INFO - chord#: 58 done. best_score=67.0, changed=617, unchanged=450, early_stops=8/8
26 - INFO - chord#: 60 In build_straw_man_chord_sa. tolerance = 1, sa_iterations = 1000, initial_temperature = 3.0, cooling_rate = 0.999
26 - INFO - chord#: 78 done. best_score=149.0, changed=609, unchanged=242, early_stops=8/8
26 - INFO - chord#: 80 In build_straw_man_chord_sa. tolerance = 1, sa_iterations = 1000, initial_temperature = 3.0, cooling_rate = 0.999
26 - INFO - chord#: 68 done. best_score=27.0, changed=516, unchanged=343, early_stops=8/8
26 - INFO - chord#: 70 In build_straw_man_chord_sa. tolerance = 1, sa_iterations = 1000, initial_temperature = 3.0, cooling_rate = 0.999
26 - INFO - chord#: 64 done. best_score=27.0, changed=521, unchanged=392, early_stops=8/8
26 - INFO - chord#: 68 In build_straw_man_chord_sa. tolerance = 1, sa_iterations = 1000, initial_temperature = 3.0, cooling_rate = 0.999
26 - INFO - chord#: 78 done. best_score=74.0, changed=612, unchanged=389, early_stops=8/8
26 - INFO - chord#: 80 In build_straw_man_chord_sa. tolerance = 1, sa_iterations = 1000, initial_temperature = 3.0, cooling_rate = 0.999
26 - INFO - chord#: 74 done. best_score=153.0, changed=612, unchanged=332, early_stops=8/8
26 - INFO - chord#: 76 In build_straw_man_chord_sa. tolerance = 1, sa_iterations = 1000, initial_temperature = 3.0, cooling_rate = 0.999
26 - INFO - chord#: 80 done. best_score=27.0, changed=523, unchanged=404, early_stops=8/8
26 - INFO - chord#: 82 In build_straw_man_chord_sa. tolerance = 1, sa_iterations = 1000, initial_temperature = 3.0, cooling_rate = 0.999
26 - INFO - chord#: 70 done. best_score=111.0, changed=607, unchanged=263, early_stops=8/8
26 - INFO - chord#: 72 In build_straw_man_chord_sa. tolerance = 1, sa_iterations = 1000, initial_temperature = 3.0, cooling_rate = 0.999
26 - INFO - chord#: 64 done. best_score=27.0, changed=522, unchanged=552, early_stops=8/8
26 - INFO - chord#: 68 In build_straw_man_chord_sa. tolerance = 1, sa_iterations = 1000, initial_temperature = 3.0, cooling_rate = 0.999
26 - INFO - chord#: 72 done. best_score=11.0, changed=485, unchanged=353, early_stops=8/8
26 - INFO - chord#: 74 In build_straw_man_chord_sa. tolerance = 1, sa_iterations = 1000, initial_temperature = 3.0, cooling_rate = 0.999
26 - INFO - chord#: 60 done. best_score=27.0, changed=522, unchanged=380, early_stops=8/8
26 - INFO - chord#: 64 In build_straw_man_chord_sa. tolerance = 1, sa_iterations = 1000, initial_temperature = 3.0, cooling_rate = 0.999
26 - INFO - chord#: 76 done. best_score=27.0, changed=531, unchanged=455, early_stops=8/8
26 - INFO - chord#: 78 In build_straw_man_chord_sa. tolerance = 1, sa_iterations = 1000, initial_temperature = 3.0, cooling_rate = 0.999
26 - INFO - chord#: 80 done. best_score=27.0, changed=517, unchanged=413, early_stops=8/8
26 - INFO - chord#: 82 In build_straw_man_chord_sa. tolerance = 1, sa_iterations = 1000, initial_temperature = 3.0, cooling_rate = 0.999
26 - INFO - chord#: 80 done. best_score=27.0, changed=525, unchanged=513, early_stops=8/8
26 - INFO - chord#: 82 In build_straw_man_chord_sa. tolerance = 1, sa_iterations = 1000, initial_temperature = 3.0, cooling_rate = 0.999
26 - INFO - chord#: 76 done. best_score=27.0, changed=523, unchanged=332, early_stops=8/8
26 - INFO - chord#: 78 In build_straw_man_chord_sa. tolerance = 1, sa_iterations = 1000, initial_temperature = 3.0, cooling_rate = 0.999
26 - INFO - chord#: 70 done. best_score=70.0, changed=613, unchanged=331, early_stops=8/8
26 - INFO - chord#: 72 In build_straw_man_chord_sa. tolerance = 1, sa_iterations = 1000, initial_temperature = 3.0, cooling_rate = 0.999
26 - INFO - chord#: 82 done. best_score=36.0, changed=524, unchanged=417, early_stops=8/8
26 - INFO - chord#: 84 In build_straw_man_chord_sa. tolerance = 1, sa_iterations = 1000, initial_temperature = 3.0, cooling_rate = 0.999
26 - INFO - chord#: 68 done. best_score=27.0, changed=532, unchanged=443, early_stops=8/8
26 - INFO - chord#: 70 In build_straw_man_chord_sa. tolerance = 1, sa_iterations = 1000, initial_temperature = 3.0, cooling_rate = 0.999
26 - INFO - chord#: 72 done. best_score=11.0, changed=491, unchanged=340, early_stops=8/8
26 - INFO - chord#: 74 In build_straw_man_chord_sa. tolerance = 1, sa_iterations = 1000, initial_temperature = 3.0, cooling_rate = 0.999
26 - INFO - chord#: 68 done. best_score=27.0, changed=523, unchanged=400, early_stops=8/8
26 - INFO - chord#: 70 In build_straw_man_chord_sa. tolerance = 1, sa_iterations = 1000, initial_temperature = 3.0, cooling_rate = 0.999
26 - INFO - chord#: 82 done. best_score=36.0, changed=523, unchanged=373, early_stops=8/8
26 - INFO - chord#: 84 In build_straw_man_chord_sa. tolerance = 1, sa_iterations = 1000, initial_temperature = 3.0, cooling_rate = 0.999
26 - INFO - chord#: 82 done. best_score=36.0, changed=525, unchanged=471, early_stops=8/8
26 - INFO - chord#: 84 In build_straw_man_chord_sa. tolerance = 1, sa_iterations = 1000, initial_temperature = 3.0, cooling_rate = 0.999
26 - INFO - chord#: 84 done. best_score=27.0, changed=528, unchanged=467, early_stops=8/8
26 - INFO - chord#: 86 In build_straw_man_chord_sa. tolerance = 1, sa_iterations = 1000, initial_temperature = 3.0, cooling_rate = 0.999
26 - INFO - chord#: 70 done. best_score=167.0, changed=609, unchanged=228, early_stops=8/8
26 - INFO - chord#: 72 In build_straw_man_chord_sa. tolerance = 1, sa_iterations = 1000, initial_temperature = 3.0, cooling_rate = 0.999
26 - INFO - chord#: 64 done. best_score=27.0, changed=524, unchanged=598, early_stops=8/8
26 - INFO - chord#: 68 In build_straw_man_chord_sa. tolerance = 1, sa_iterations = 1000, initial_temperature = 3.0, cooling_rate = 0.999
26 - INFO - chord#: 72 done. best_score=11.0, changed=488, unchanged=322, early_stops=8/8
26 - INFO - chord#: 74 In build_straw_man_chord_sa. tolerance = 1, sa_iterations = 1000, initial_temperature = 3.0, cooling_rate = 0.999
26 - INFO - chord#: 78 done. best_score=74.0, changed=619, unchanged=494, early_stops=8/8
26 - INFO - chord#: 80 In build_straw_man_chord_sa. tolerance = 1, sa_iterations = 1000, initial_temperature = 3.0, cooling_rate = 0.999
26 - INFO - chord#: 84 done. best_score=27.0, changed=520, unchanged=392, early_stops=8/8
26 - INFO - chord#: 86 In build_straw_man_chord_sa. tolerance = 1, sa_iterations = 1000, initial_temperature = 3.0, cooling_rate = 0.999
26 - INFO - chord#: 84 done. best_score=27.0, changed=525, unchanged=370, early_stops=8/8
26 - INFO - chord#: 86 In build_straw_man_chord_sa. tolerance = 1, sa_iterations = 1000, initial_temperature = 3.0, cooling_rate = 0.999
26 - INFO - chord#: 68 done. best_score=27.0, changed=516, unchanged=369, early_stops=8/8
26 - INFO - chord#: 70 In build_straw_man_chord_sa. tolerance = 1, sa_iterations = 1000, initial_temperature = 3.0, cooling_rate = 0.999
26 - INFO - chord#: 78 done. best_score=149.0, changed=617, unchanged=325, early_stops=8/8
26 - INFO - chord#: 80 In build_straw_man_chord_sa. tolerance = 1, sa_iterations = 1000, initial_temperature = 3.0, cooling_rate = 0.999
26 - INFO - chord#: 80 done. best_score=27.0, changed=526, unchanged=550, early_stops=8/8
26 - INFO - chord#: 82 In build_straw_man_chord_sa. tolerance = 1, sa_iterations = 1000, initial_temperature = 3.0, cooling_rate = 0.999
26 - INFO - chord#: 74 done. best_score=101.0, changed=614, unchanged=467, early_stops=8/8
26 - INFO - chord#: 76 In build_straw_man_chord_sa. tolerance = 1, sa_iterations = 1000, initial_temperature = 3.0, cooling_rate = 0.999
26 - INFO - chord#: 70 done. best_score=70.0, changed=613, unchanged=339, early_stops=8/8
26 - INFO - chord#: 72 In build_straw_man_chord_sa. tolerance = 1, sa_iterations = 1000, initial_temperature = 3.0, cooling_rate = 0.999
26 - INFO - chord#: 70 done. best_score=104.0, changed=612, unchanged=255, early_stops=8/8
26 - INFO - chord#: 72 In build_straw_man_chord_sa. tolerance = 1, sa_iterations = 1000, initial_temperature = 3.0, cooling_rate = 0.999
26 - INFO - chord#: 74 done. best_score=147.0, changed=612, unchanged=440, early_stops=8/8
26 - INFO - chord#: 76 In build_straw_man_chord_sa. tolerance = 1, sa_iterations = 1000, initial_temperature = 3.0, cooling_rate = 0.999
26 - INFO - chord#: 72 done. best_score=11.0, changed=496, unchanged=332, early_stops=8/8
26 - INFO - chord#: 74 In build_straw_man_chord_sa. tolerance = 1, sa_iterations = 1000, initial_temperature = 3.0, cooling_rate = 0.999
26 - INFO - chord#: 72 done. best_score=11.0, changed=496, unchanged=310, early_stops=8/8
26 - INFO - chord#: 74 In build_straw_man_chord_sa. tolerance = 1, sa_iterations = 1000, initial_temperature = 3.0, cooling_rate = 0.999
26 - INFO - chord#: 78 done. best_score=74.0, changed=617, unchanged=433, early_stops=8/8
26 - INFO - chord#: 80 In build_straw_man_chord_sa. tolerance = 1, sa_iterations = 1000, initial_temperature = 3.0, cooling_rate = 0.999
26 - INFO - chord#: 80 done. best_score=27.0, changed=512, unchanged=392, early_stops=8/8
26 - INFO - chord#: 82 In build_straw_man_chord_sa. tolerance = 1, sa_iterations = 1000, initial_temperature = 3.0, cooling_rate = 0.999
26 - INFO - chord#: 82 done. best_score=36.0, changed=522, unchanged=492, early_stops=8/8
26 - INFO - chord#: 84 In build_straw_man_chord_sa. tolerance = 1, sa_iterations = 1000, initial_temperature = 3.0, cooling_rate = 0.999
26 - INFO - chord#: 76 done. best_score=27.0, changed=521, unchanged=352, early_stops=8/8
26 - INFO - chord#: 78 In build_straw_man_chord_sa. tolerance = 1, sa_iterations = 1000, initial_temperature = 3.0, cooling_rate = 0.999
26 - INFO - chord#: 86 done. best_score=94.0, changed=613, unchanged=328, early_stops=8/8
26 - INFO - chord#: 88 In build_straw_man_chord_sa. tolerance = 1, sa_iterations = 1000, initial_temperature = 3.0, cooling_rate = 0.999
26 - INFO - chord#: 76 done. best_score=27.0, changed=533, unchanged=386, early_stops=8/8
26 - INFO - chord#: 78 In build_straw_man_chord_sa. tolerance = 1, sa_iterations = 1000, initial_temperature = 3.0, cooling_rate = 0.999
26 - INFO - chord#: 86 done. best_score=94.0, changed=617, unchanged=437, early_stops=8/8
26 - INFO - chord#: 88 In build_straw_man_chord_sa. tolerance = 1, sa_iterations = 1000, initial_temperature = 3.0, cooling_rate = 0.999
26 - INFO - chord#: 74 done. best_score=101.0, changed=615, unchanged=349, early_stops=8/8
26 - INFO - chord#: 76 In build_straw_man_chord_sa. tolerance = 1, sa_iterations = 1000, initial_temperature = 3.0, cooling_rate = 0.999
26 - INFO - chord#: 70 done. best_score=155.0, changed=611, unchanged=427, early_stops=8/8
26 - INFO - chord#: 72 In build_straw_man_chord_sa. tolerance = 1, sa_iterations = 1000, initial_temperature = 3.0, cooling_rate = 0.999
26 - INFO - chord#: 82 done. best_score=36.0, changed=521, unchanged=415, early_stops=8/8
26 - INFO - chord#: 84 In build_straw_man_chord_sa. tolerance = 1, sa_iterations = 1000, initial_temperature = 3.0, cooling_rate = 0.999
26 - INFO - chord#: 80 done. best_score=27.0, changed=521, unchanged=402, early_stops=8/8
26 - INFO - chord#: 82 In build_straw_man_chord_sa. tolerance = 1, sa_iterations = 1000, initial_temperature = 3.0, cooling_rate = 0.999
26 - INFO - chord#: 84 done. best_score=27.0, changed=518, unchanged=389, early_stops=8/8
26 - INFO - chord#: 86 In build_straw_man_chord_sa. tolerance = 1, sa_iterations = 1000, initial_temperature = 3.0, cooling_rate = 0.999
26 - INFO - chord#: 72 done. best_score=11.0, changed=504, unchanged=312, early_stops=8/8
26 - INFO - chord#: 74 In build_straw_man_chord_sa. tolerance = 1, sa_iterations = 1000, initial_temperature = 3.0, cooling_rate = 0.999
26 - INFO - chord#: 86 done. best_score=129.0, changed=614, unchanged=597, early_stops=8/8
26 - INFO - chord#: 88 In build_straw_man_chord_sa. tolerance = 1, sa_iterations = 1000, initial_temperature = 3.0, cooling_rate = 0.999
26 - INFO - chord#: 88 done. best_score=27.0, changed=525, unchanged=392, early_stops=8/8
26 - INFO - chord#: 90 In build_straw_man_chord_sa. tolerance = 1, sa_iterations = 1000, initial_temperature = 3.0, cooling_rate = 0.999
26 - INFO - chord#: 88 done. best_score=27.0, changed=537, unchanged=542, early_stops=8/8
26 - INFO - chord#: 90 In build_straw_man_chord_sa. tolerance = 1, sa_iterations = 1000, initial_temperature = 3.0, cooling_rate = 0.999
26 - INFO - chord#: 84 done. best_score=27.0, changed=527, unchanged=525, early_stops=8/8
26 - INFO - chord#: 86 In build_straw_man_chord_sa. tolerance = 1, sa_iterations = 1000, initial_temperature = 3.0, cooling_rate = 0.999
26 - INFO - chord#: 76 done. best_score=27.0, changed=523, unchanged=394, early_stops=8/8
26 - INFO - chord#: 78 In build_straw_man_chord_sa. tolerance = 1, sa_iterations = 1000, initial_temperature = 3.0, cooling_rate = 0.999
26 - INFO - chord#: 82 done. best_score=36.0, changed=519, unchanged=381, early_stops=8/8
26 - INFO - chord#: 84 In build_straw_man_chord_sa. tolerance = 1, sa_iterations = 1000, initial_temperature = 3.0, cooling_rate = 0.999
26 - INFO - chord#: 88 done. best_score=27.0, changed=521, unchanged=344, early_stops=8/8
26 - INFO - chord#: 90 In build_straw_man_chord_sa. tolerance = 1, sa_iterations = 1000, initial_temperature = 3.0, cooling_rate = 0.999
26 - INFO - chord#: 74 done. best_score=94.0, changed=611, unchanged=371, early_stops=8/8
26 - INFO - chord#: 76 In build_straw_man_chord_sa. tolerance = 1, sa_iterations = 1000, initial_temperature = 3.0, cooling_rate = 0.999
26 - INFO - chord#: 78 done. best_score=141.0, changed=610, unchanged=269, early_stops=8/8
26 - INFO - chord#: 80 In build_straw_man_chord_sa. tolerance = 1, sa_iterations = 1000, initial_temperature = 3.0, cooling_rate = 0.999
26 - INFO - chord#: 74 done. best_score=94.0, changed=614, unchanged=490, early_stops=8/8
26 - INFO - chord#: 76 In build_straw_man_chord_sa. tolerance = 1, sa_iterations = 1000, initial_temperature = 3.0, cooling_rate = 0.999
26 - INFO - chord#: 74 done. best_score=153.0, changed=609, unchanged=233, early_stops=8/8
26 - INFO - chord#: 76 In build_straw_man_chord_sa. tolerance = 1, sa_iterations = 1000, initial_temperature = 3.0, cooling_rate = 0.999
26 - INFO - chord#: 86 done. best_score=94.0, changed=611, unchanged=276, early_stops=8/8
26 - INFO - chord#: 88 In build_straw_man_chord_sa. tolerance = 1, sa_iterations = 1000, initial_temperature = 3.0, cooling_rate = 0.999
26 - INFO - chord#: 78 done. best_score=74.0, changed=613, unchanged=394, early_stops=8/8
26 - INFO - chord#: 80 In build_straw_man_chord_sa. tolerance = 1, sa_iterations = 1000, initial_temperature = 3.0, cooling_rate = 0.999
26 - INFO - chord#: 84 done. best_score=27.0, changed=515, unchanged=413, early_stops=8/8
26 - INFO - chord#: 86 In build_straw_man_chord_sa. tolerance = 1, sa_iterations = 1000, initial_temperature = 3.0, cooling_rate = 0.999
26 - INFO - chord#: 80 done. best_score=27.0, changed=516, unchanged=368, early_stops=8/8
26 - INFO - chord#: 82 In build_straw_man_chord_sa. tolerance = 1, sa_iterations = 1000, initial_temperature = 3.0, cooling_rate = 0.999
26 - INFO - chord#: 90 done. best_score=149.0, changed=610, unchanged=314, early_stops=8/8
26 - INFO - chord#: 92 In build_straw_man_chord_sa. tolerance = 1, sa_iterations = 1000, initial_temperature = 3.0, cooling_rate = 0.999
26 - INFO - chord#: 76 done. best_score=27.0, changed=527, unchanged=402, early_stops=8/8
26 - INFO - chord#: 78 In build_straw_man_chord_sa. tolerance = 1, sa_iterations = 1000, initial_temperature = 3.0, cooling_rate = 0.999
26 - INFO - chord#: 76 done. best_score=27.0, changed=525, unchanged=320, early_stops=8/8
26 - INFO - chord#: 78 In build_straw_man_chord_sa. tolerance = 1, sa_iterations = 1000, initial_temperature = 3.0, cooling_rate = 0.999
26 - INFO - chord#: 76 done. best_score=27.0, changed=524, unchanged=405, early_stops=8/8
26 - INFO - chord#: 78 In build_straw_man_chord_sa. tolerance = 1, sa_iterations = 1000, initial_temperature = 3.0, cooling_rate = 0.999
26 - INFO - chord#: 86 done. best_score=101.0, changed=610, unchanged=315, early_stops=8/8
26 - INFO - chord#: 88 In build_straw_man_chord_sa. tolerance = 1, sa_iterations = 1000, initial_temperature = 3.0, cooling_rate = 0.999
26 - INFO - chord#: 90 done. best_score=70.0, changed=614, unchanged=268, early_stops=8/8
26 - INFO - chord#: 92 In build_straw_man_chord_sa. tolerance = 1, sa_iterations = 1000, initial_temperature = 3.0, cooling_rate = 0.999
26 - INFO - chord#: 88 done. best_score=27.0, changed=517, unchanged=518, early_stops=8/8
26 - INFO - chord#: 90 In build_straw_man_chord_sa. tolerance = 1, sa_iterations = 1000, initial_temperature = 3.0, cooling_rate = 0.999
26 - INFO - chord#: 90 done. best_score=70.0, changed=612, unchanged=306, early_stops=8/8
26 - INFO - chord#: 92 In build_straw_man_chord_sa. tolerance = 1, sa_iterations = 1000, initial_temperature = 3.0, cooling_rate = 0.999
26 - INFO - chord#: 82 done. best_score=36.0, changed=527, unchanged=385, early_stops=8/8
26 - INFO - chord#: 84 In build_straw_man_chord_sa. tolerance = 1, sa_iterations = 1000, initial_temperature = 3.0, cooling_rate = 0.999
26 - INFO - chord#: 80 done. best_score=27.0, changed=513, unchanged=371, early_stops=8/8
26 - INFO - chord#: 82 In build_straw_man_chord_sa. tolerance = 1, sa_iterations = 1000, initial_temperature = 3.0, cooling_rate = 0.999
26 - INFO - chord#: 92 done. best_score=27.0, changed=515, unchanged=383, early_stops=8/8
26 - INFO - chord#: 96 In build_straw_man_chord_sa. tolerance = 1, sa_iterations = 1000, initial_temperature = 3.0, cooling_rate = 0.999
26 - INFO - chord#: 88 done. best_score=27.0, changed=534, unchanged=374, early_stops=8/8
26 - INFO - chord#: 90 In build_straw_man_chord_sa. tolerance = 1, sa_iterations = 1000, initial_temperature = 3.0, cooling_rate = 0.999
26 - INFO - chord#: 78 done. best_score=141.0, changed=610, unchanged=342, early_stops=8/8
26 - INFO - chord#: 80 In build_straw_man_chord_sa. tolerance = 1, sa_iterations = 1000, initial_temperature = 3.0, cooling_rate = 0.999
26 - INFO - chord#: 92 done. best_score=27.0, changed=524, unchanged=473, early_stops=8/8
26 - INFO - chord#: 96 In build_straw_man_chord_sa. tolerance = 1, sa_iterations = 1000, initial_temperature = 3.0, cooling_rate = 0.999
26 - INFO - chord#: 84 done. best_score=27.0, changed=515, unchanged=393, early_stops=8/8
26 - INFO - chord#: 86 In build_straw_man_chord_sa. tolerance = 1, sa_iterations = 1000, initial_temperature = 3.0, cooling_rate = 0.999
26 - INFO - chord#: 92 done. best_score=27.0, changed=530, unchanged=450, early_stops=8/8
26 - INFO - chord#: 96 In build_straw_man_chord_sa. tolerance = 1, sa_iterations = 1000, initial_temperature = 3.0, cooling_rate = 0.999
26 - INFO - chord#: 96 done. best_score=27.0, changed=522, unchanged=401, early_stops=8/8
26 - INFO - chord#: 98 In build_straw_man_chord_sa. tolerance = 1, sa_iterations = 1000, initial_temperature = 3.0, cooling_rate = 0.999
26 - INFO - chord#: 82 done. best_score=36.0, changed=525, unchanged=400, early_stops=8/8
26 - INFO - chord#: 84 In build_straw_man_chord_sa. tolerance = 1, sa_iterations = 1000, initial_temperature = 3.0, cooling_rate = 0.999
26 - INFO - chord#: 78 done. best_score=121.0, changed=612, unchanged=239, early_stops=8/8
26 - INFO - chord#: 80 In build_straw_man_chord_sa. tolerance = 1, sa_iterations = 1000, initial_temperature = 3.0, cooling_rate = 0.999
26 - INFO - chord#: 96 done. best_score=27.0, changed=526, unchanged=391, early_stops=8/8
26 - INFO - chord#: 98 In build_straw_man_chord_sa. tolerance = 1, sa_iterations = 1000, initial_temperature = 3.0, cooling_rate = 0.999
26 - INFO - chord#: 86 done. best_score=150.0, changed=613, unchanged=354, early_stops=8/8
26 - INFO - chord#: 88 In build_straw_man_chord_sa. tolerance = 1, sa_iterations = 1000, initial_temperature = 3.0, cooling_rate = 0.999
26 - INFO - chord#: 90 done. best_score=111.0, changed=613, unchanged=360, early_stops=8/8
26 - INFO - chord#: 92 In build_straw_man_chord_sa. tolerance = 1, sa_iterations = 1000, initial_temperature = 3.0, cooling_rate = 0.999
26 - INFO - chord#: 80 done. best_score=27.0, changed=525, unchanged=398, early_stops=8/8
26 - INFO - chord#: 82 In build_straw_man_chord_sa. tolerance = 1, sa_iterations = 1000, initial_temperature = 3.0, cooling_rate = 0.999
26 - INFO - chord#: 96 done. best_score=27.0, changed=510, unchanged=322, early_stops=8/8
26 - INFO - chord#: 98 In build_straw_man_chord_sa. tolerance = 1, sa_iterations = 1000, initial_temperature = 3.0, cooling_rate = 0.999
26 - INFO - chord#: 90 done. best_score=70.0, changed=608, unchanged=213, early_stops=8/8
26 - INFO - chord#: 92 In build_straw_man_chord_sa. tolerance = 1, sa_iterations = 1000, initial_temperature = 3.0, cooling_rate = 0.999
26 - INFO - chord#: 84 done. best_score=27.0, changed=518, unchanged=352, early_stops=8/8
26 - INFO - chord#: 86 In build_straw_man_chord_sa. tolerance = 1, sa_iterations = 1000, initial_temperature = 3.0, cooling_rate = 0.999
26 - INFO - chord#: 78 done. best_score=74.0, changed=616, unchanged=332, early_stops=8/8
26 - INFO - chord#: 80 In build_straw_man_chord_sa. tolerance = 1, sa_iterations = 1000, initial_temperature = 3.0, cooling_rate = 0.999
26 - INFO - chord#: 86 done. best_score=101.0, changed=610, unchanged=216, early_stops=8/8
26 - INFO - chord#: 88 In build_straw_man_chord_sa. tolerance = 1, sa_iterations = 1000, initial_temperature = 3.0, cooling_rate = 0.999
26 - INFO - chord#: 80 done. best_score=27.0, changed=526, unchanged=495, early_stops=8/8
26 - INFO - chord#: 82 In build_straw_man_chord_sa. tolerance = 1, sa_iterations = 1000, initial_temperature = 3.0, cooling_rate = 0.999
26 - INFO - chord#: 78 done. best_score=164.0, changed=616, unchanged=407, early_stops=8/8
26 - INFO - chord#: 80 In build_straw_man_chord_sa. tolerance = 1, sa_iterations = 1000, initial_temperature = 3.0, cooling_rate = 0.999
26 - INFO - chord#: 92 done. best_score=27.0, changed=527, unchanged=500, early_stops=8/8
26 - INFO - chord#: 96 In build_straw_man_chord_sa. tolerance = 1, sa_iterations = 1000, initial_temperature = 3.0, cooling_rate = 0.999
26 - INFO - chord#: 88 done. best_score=27.0, changed=520, unchanged=382, early_stops=8/8
26 - INFO - chord#: 90 In build_straw_man_chord_sa. tolerance = 1, sa_iterations = 1000, initial_temperature = 3.0, cooling_rate = 0.999
26 - INFO - chord#: 98 done. best_score=157.0, changed=609, unchanged=289, early_stops=8/8
26 - INFO - chord#: 100 In build_straw_man_chord_sa. tolerance = 1, sa_iterations = 1000, initial_temperature = 3.0, cooling_rate = 0.999
26 - INFO - chord#: 82 done. best_score=36.0, changed=523, unchanged=381, early_stops=8/8
26 - INFO - chord#: 84 In build_straw_man_chord_sa. tolerance = 1, sa_iterations = 1000, initial_temperature = 3.0, cooling_rate = 0.999
26 - INFO - chord#: 92 done. best_score=27.0, changed=534, unchanged=558, early_stops=8/8
26 - INFO - chord#: 96 In build_straw_man_chord_sa. tolerance = 1, sa_iterations = 1000, initial_temperature = 3.0, cooling_rate = 0.999
26 - INFO - chord#: 88 done. best_score=27.0, changed=527, unchanged=346, early_stops=8/8
26 - INFO - chord#: 90 In build_straw_man_chord_sa. tolerance = 1, sa_iterations = 1000, initial_temperature = 3.0, cooling_rate = 0.999
26 - INFO - chord#: 80 done. best_score=27.0, changed=519, unchanged=332, early_stops=8/8
26 - INFO - chord#: 82 In build_straw_man_chord_sa. tolerance = 1, sa_iterations = 1000, initial_temperature = 3.0, cooling_rate = 0.999
26 - INFO - chord#: 82 done. best_score=36.0, changed=518, unchanged=368, early_stops=8/8
26 - INFO - chord#: 84 In build_straw_man_chord_sa. tolerance = 1, sa_iterations = 1000, initial_temperature = 3.0, cooling_rate = 0.999
26 - INFO - chord#: 96 done. best_score=27.0, changed=534, unchanged=378, early_stops=8/8
26 - INFO - chord#: 98 In build_straw_man_chord_sa. tolerance = 1, sa_iterations = 1000, initial_temperature = 3.0, cooling_rate = 0.999
26 - INFO - chord#: 100 done. best_score=57.0, changed=524, unchanged=369, early_stops=8/8
26 - INFO - chord#: 102 In build_straw_man_chord_sa. tolerance = 1, sa_iterations = 1000, initial_temperature = 3.0, cooling_rate = 0.999
26 - INFO - chord#: 98 done. best_score=64.0, changed=614, unchanged=426, early_stops=8/8
26 - INFO - chord#: 100 In build_straw_man_chord_sa. tolerance = 1, sa_iterations = 1000, initial_temperature = 3.0, cooling_rate = 0.999
26 - INFO - chord#: 80 done. best_score=27.0, changed=518, unchanged=427, early_stops=8/8
26 - INFO - chord#: 82 In build_straw_man_chord_sa. tolerance = 1, sa_iterations = 1000, initial_temperature = 3.0, cooling_rate = 0.999
26 - INFO - chord#: 96 done. best_score=27.0, changed=528, unchanged=332, early_stops=8/8
26 - INFO - chord#: 98 In build_straw_man_chord_sa. tolerance = 1, sa_iterations = 1000, initial_temperature = 3.0, cooling_rate = 0.999
26 - INFO - chord#: 84 done. best_score=27.0, changed=521, unchanged=432, early_stops=8/8
26 - INFO - chord#: 86 In build_straw_man_chord_sa. tolerance = 1, sa_iterations = 1000, initial_temperature = 3.0, cooling_rate = 0.999
26 - INFO - chord#: 84 done. best_score=27.0, changed=517, unchanged=422, early_stops=8/8
26 - INFO - chord#: 86 In build_straw_man_chord_sa. tolerance = 1, sa_iterations = 1000, initial_temperature = 3.0, cooling_rate = 0.999
26 - INFO - chord#: 98 done. best_score=64.0, changed=616, unchanged=455, early_stops=8/8
26 - INFO - chord#: 100 In build_straw_man_chord_sa. tolerance = 1, sa_iterations = 1000, initial_temperature = 3.0, cooling_rate = 0.999
26 - INFO - chord#: 82 done. best_score=36.0, changed=528, unchanged=395, early_stops=8/8
26 - INFO - chord#: 84 In build_straw_man_chord_sa. tolerance = 1, sa_iterations = 1000, initial_temperature = 3.0, cooling_rate = 0.999
26 - INFO - chord#: 100 done. best_score=27.0, changed=519, unchanged=381, early_stops=8/8
26 - INFO - chord#: 102 In build_straw_man_chord_sa. tolerance = 1, sa_iterations = 1000, initial_temperature = 3.0, cooling_rate = 0.999
26 - INFO - chord#: 86 done. best_score=94.0, changed=617, unchanged=390, early_stops=8/8
26 - INFO - chord#: 88 In build_straw_man_chord_sa. tolerance = 1, sa_iterations = 1000, initial_temperature = 3.0, cooling_rate = 0.999
26 - INFO - chord#: 90 done. best_score=166.0, changed=606, unchanged=211, early_stops=8/8
26 - INFO - chord#: 92 In build_straw_man_chord_sa. tolerance = 1, sa_iterations = 1000, initial_temperature = 3.0, cooling_rate = 0.999
26 - INFO - chord#: 82 done. best_score=36.0, changed=526, unchanged=430, early_stops=8/8
26 - INFO - chord#: 84 In build_straw_man_chord_sa. tolerance = 1, sa_iterations = 1000, initial_temperature = 3.0, cooling_rate = 0.999
26 - INFO - chord#: 90 done. best_score=70.0, changed=612, unchanged=356, early_stops=8/8
26 - INFO - chord#: 92 In build_straw_man_chord_sa. tolerance = 1, sa_iterations = 1000, initial_temperature = 3.0, cooling_rate = 0.999
26 - INFO - chord#: 84 done. best_score=27.0, changed=512, unchanged=338, early_stops=8/8
26 - INFO - chord#: 86 In build_straw_man_chord_sa. tolerance = 1, sa_iterations = 1000, initial_temperature = 3.0, cooling_rate = 0.999
26 - INFO - chord#: 100 done. best_score=27.0, changed=518, unchanged=415, early_stops=8/8
26 - INFO - chord#: 102 In build_straw_man_chord_sa. tolerance = 1, sa_iterations = 1000, initial_temperature = 3.0, cooling_rate = 0.999
26 - INFO - chord#: 98 done. best_score=64.0, changed=618, unchanged=382, early_stops=8/8
26 - INFO - chord#: 100 In build_straw_man_chord_sa. tolerance = 1, sa_iterations = 1000, initial_temperature = 3.0, cooling_rate = 0.999
26 - INFO - chord#: 88 done. best_score=27.0, changed=521, unchanged=312, early_stops=8/8
26 - INFO - chord#: 90 In build_straw_man_chord_sa. tolerance = 1, sa_iterations = 1000, initial_temperature = 3.0, cooling_rate = 0.999
26 - INFO - chord#: 102 done. best_score=96.0, changed=619, unchanged=392, early_stops=8/8
26 - INFO - chord#: 104 In build_straw_man_chord_sa. tolerance = 1, sa_iterations = 1000, initial_temperature = 3.0, cooling_rate = 0.999
26 - INFO - chord#: 98 done. best_score=146.0, changed=609, unchanged=280, early_stops=8/8
26 - INFO - chord#: 100 In build_straw_man_chord_sa. tolerance = 1, sa_iterations = 1000, initial_temperature = 3.0, cooling_rate = 0.999
26 - INFO - chord#: 92 done. best_score=27.0, changed=529, unchanged=424, early_stops=8/8
26 - INFO - chord#: 96 In build_straw_man_chord_sa. tolerance = 1, sa_iterations = 1000, initial_temperature = 3.0, cooling_rate = 0.999
26 - INFO - chord#: 84 done. best_score=27.0, changed=518, unchanged=378, early_stops=8/8
26 - INFO - chord#: 86 In build_straw_man_chord_sa. tolerance = 1, sa_iterations = 1000, initial_temperature = 3.0, cooling_rate = 0.999
26 - INFO - chord#: 92 done. best_score=27.0, changed=516, unchanged=389, early_stops=8/8
26 - INFO - chord#: 96 In build_straw_man_chord_sa. tolerance = 1, sa_iterations = 1000, initial_temperature = 3.0, cooling_rate = 0.999
26 - INFO - chord#: 86 done. best_score=94.0, changed=614, unchanged=263, early_stops=8/8
26 - INFO - chord#: 88 In build_straw_man_chord_sa. tolerance = 1, sa_iterations = 1000, initial_temperature = 3.0, cooling_rate = 0.999
26 - INFO - chord#: 102 done. best_score=96.0, changed=612, unchanged=299, early_stops=8/8
26 - INFO - chord#: 104 In build_straw_man_chord_sa. tolerance = 1, sa_iterations = 1000, initial_temperature = 3.0, cooling_rate = 0.999
26 - INFO - chord#: 100 done. best_score=27.0, changed=529, unchanged=503, early_stops=8/8
26 - INFO - chord#: 102 In build_straw_man_chord_sa. tolerance = 1, sa_iterations = 1000, initial_temperature = 3.0, cooling_rate = 0.999
26 - INFO - chord#: 104 done. best_score=27.0, changed=515, unchanged=347, early_stops=8/8
26 - INFO - chord#: 106 In build_straw_man_chord_sa. tolerance = 1, sa_iterations = 1000, initial_temperature = 3.0, cooling_rate = 0.999
26 - INFO - chord#: 100 done. best_score=27.0, changed=530, unchanged=383, early_stops=8/8
26 - INFO - chord#: 102 In build_straw_man_chord_sa. tolerance = 1, sa_iterations = 1000, initial_temperature = 3.0, cooling_rate = 0.999
26 - INFO - chord#: 88 done. best_score=27.0, changed=521, unchanged=366, early_stops=8/8
26 - INFO - chord#: 90 In build_straw_man_chord_sa. tolerance = 1, sa_iterations = 1000, initial_temperature = 3.0, cooling_rate = 0.999
26 - INFO - chord#: 96 done. best_score=27.0, changed=521, unchanged=388, early_stops=8/8
26 - INFO - chord#: 98 In build_straw_man_chord_sa. tolerance = 1, sa_iterations = 1000, initial_temperature = 3.0, cooling_rate = 0.999
26 - INFO - chord#: 86 done. best_score=94.0, changed=618, unchanged=493, early_stops=8/8
26 - INFO - chord#: 88 In build_straw_man_chord_sa. tolerance = 1, sa_iterations = 1000, initial_temperature = 3.0, cooling_rate = 0.999
26 - INFO - chord#: 96 done. best_score=27.0, changed=528, unchanged=409, early_stops=8/8
26 - INFO - chord#: 98 In build_straw_man_chord_sa. tolerance = 1, sa_iterations = 1000, initial_temperature = 3.0, cooling_rate = 0.999
26 - INFO - chord#: 106 done. best_score=27.0, changed=526, unchanged=369, early_stops=8/8
26 - INFO - chord#: 108 In build_straw_man_chord_sa. tolerance = 1, sa_iterations = 1000, initial_temperature = 3.0, cooling_rate = 0.999
26 - INFO - chord#: 104 done. best_score=27.0, changed=522, unchanged=414, early_stops=8/8
26 - INFO - chord#: 106 In build_straw_man_chord_sa. tolerance = 1, sa_iterations = 1000, initial_temperature = 3.0, cooling_rate = 0.999
26 - INFO - chord#: 86 done. best_score=147.0, changed=620, unchanged=268, early_stops=8/8
26 - INFO - chord#: 88 In build_straw_man_chord_sa. tolerance = 1, sa_iterations = 1000, initial_temperature = 3.0, cooling_rate = 0.999
26 - INFO - chord#: 106 done. best_score=27.0, changed=525, unchanged=342, early_stops=8/8
26 - INFO - chord#: 108 In build_straw_man_chord_sa. tolerance = 1, sa_iterations = 1000, initial_temperature = 3.0, cooling_rate = 0.999
26 - INFO - chord#: 108 done. best_score=27.0, changed=518, unchanged=346, early_stops=8/8
26 - INFO - chord#: 110 In build_straw_man_chord_sa. tolerance = 1, sa_iterations = 1000, initial_temperature = 3.0, cooling_rate = 0.999
26 - INFO - chord#: 102 done. best_score=93.0, changed=612, unchanged=339, early_stops=8/8
26 - INFO - chord#: 104 In build_straw_man_chord_sa. tolerance = 1, sa_iterations = 1000, initial_temperature = 3.0, cooling_rate = 0.999
26 - INFO - chord#: 90 done. best_score=70.0, changed=610, unchanged=366, early_stops=8/8
26 - INFO - chord#: 92 In build_straw_man_chord_sa. tolerance = 1, sa_iterations = 1000, initial_temperature = 3.0, cooling_rate = 0.999
26 - INFO - chord#: 88 done. best_score=27.0, changed=517, unchanged=320, early_stops=8/8
26 - INFO - chord#: 90 In build_straw_man_chord_sa. tolerance = 1, sa_iterations = 1000, initial_temperature = 3.0, cooling_rate = 0.999
26 - INFO - chord#: 102 done. best_score=96.0, changed=609, unchanged=350, early_stops=8/8
26 - INFO - chord#: 104 In build_straw_man_chord_sa. tolerance = 1, sa_iterations = 1000, initial_temperature = 3.0, cooling_rate = 0.999
26 - INFO - chord#: 102 done. best_score=93.0, changed=616, unchanged=390, early_stops=8/8
26 - INFO - chord#: 104 In build_straw_man_chord_sa. tolerance = 1, sa_iterations = 1000, initial_temperature = 3.0, cooling_rate = 0.999
26 - INFO - chord#: 86 done. best_score=129.0, changed=610, unchanged=346, early_stops=8/8
26 - INFO - chord#: 88 In build_straw_man_chord_sa. tolerance = 1, sa_iterations = 1000, initial_temperature = 3.0, cooling_rate = 0.999
26 - INFO - chord#: 90 done. best_score=70.0, changed=609, unchanged=375, early_stops=8/8
26 - INFO - chord#: 92 In build_straw_man_chord_sa. tolerance = 1, sa_iterations = 1000, initial_temperature = 3.0, cooling_rate = 0.999
26 - INFO - chord#: 88 done. best_score=27.0, changed=527, unchanged=432, early_stops=8/8
26 - INFO - chord#: 90 In build_straw_man_chord_sa. tolerance = 1, sa_iterations = 1000, initial_temperature = 3.0, cooling_rate = 0.999
26 - INFO - chord#: 108 done. best_score=27.0, changed=517, unchanged=392, early_stops=8/8
26 - INFO - chord#: 110 In build_straw_man_chord_sa. tolerance = 1, sa_iterations = 1000, initial_temperature = 3.0, cooling_rate = 0.999
26 - INFO - chord#: 98 done. best_score=146.0, changed=613, unchanged=260, early_stops=8/8
26 - INFO - chord#: 100 In build_straw_man_chord_sa. tolerance = 1, sa_iterations = 1000, initial_temperature = 3.0, cooling_rate = 0.999
26 - INFO - chord#: 104 done. best_score=27.0, changed=527, unchanged=398, early_stops=8/8
26 - INFO - chord#: 106 In build_straw_man_chord_sa. tolerance = 1, sa_iterations = 1000, initial_temperature = 3.0, cooling_rate = 0.999
26 - INFO - chord#: 92 done. best_score=27.0, changed=521, unchanged=391, early_stops=8/8
26 - INFO - chord#: 96 In build_straw_man_chord_sa. tolerance = 1, sa_iterations = 1000, initial_temperature = 3.0, cooling_rate = 0.999
26 - INFO - chord#: 98 done. best_score=175.0, changed=609, unchanged=291, early_stops=8/8
26 - INFO - chord#: 100 In build_straw_man_chord_sa. tolerance = 1, sa_iterations = 1000, initial_temperature = 3.0, cooling_rate = 0.999
26 - INFO - chord#: 104 done. best_score=27.0, changed=525, unchanged=519, early_stops=8/8
26 - INFO - chord#: 106 In build_straw_man_chord_sa. tolerance = 1, sa_iterations = 1000, initial_temperature = 3.0, cooling_rate = 0.999
26 - INFO - chord#: 104 done. best_score=27.0, changed=520, unchanged=420, early_stops=8/8
26 - INFO - chord#: 106 In build_straw_man_chord_sa. tolerance = 1, sa_iterations = 1000, initial_temperature = 3.0, cooling_rate = 0.999
26 - INFO - chord#: 88 done. best_score=27.0, changed=518, unchanged=316, early_stops=8/8
26 - INFO - chord#: 90 In build_straw_man_chord_sa. tolerance = 1, sa_iterations = 1000, initial_temperature = 3.0, cooling_rate = 0.999
26 - INFO - chord#: 92 done. best_score=27.0, changed=523, unchanged=379, early_stops=8/8
26 - INFO - chord#: 96 In build_straw_man_chord_sa. tolerance = 1, sa_iterations = 1000, initial_temperature = 3.0, cooling_rate = 0.999
26 - INFO - chord#: 110 done. best_score=67.0, changed=612, unchanged=265, early_stops=8/8
26 - INFO - chord#: 112 In build_straw_man_chord_sa. tolerance = 1, sa_iterations = 1000, initial_temperature = 3.0, cooling_rate = 0.999
26 - INFO - chord#: 100 done. best_score=27.0, changed=523, unchanged=411, early_stops=8/8
26 - INFO - chord#: 102 In build_straw_man_chord_sa. tolerance = 1, sa_iterations = 1000, initial_temperature = 3.0, cooling_rate = 0.999
26 - INFO - chord#: 106 done. best_score=27.0, changed=535, unchanged=398, early_stops=8/8
26 - INFO - chord#: 108 In build_straw_man_chord_sa. tolerance = 1, sa_iterations = 1000, initial_temperature = 3.0, cooling_rate = 0.999
26 - INFO - chord#: 106 done. best_score=27.0, changed=515, unchanged=321, early_stops=8/8
26 - INFO - chord#: 108 In build_straw_man_chord_sa. tolerance = 1, sa_iterations = 1000, initial_temperature = 3.0, cooling_rate = 0.999
26 - INFO - chord#: 106 done. best_score=27.0, changed=530, unchanged=401, early_stops=8/8
26 - INFO - chord#: 108 In build_straw_man_chord_sa. tolerance = 1, sa_iterations = 1000, initial_temperature = 3.0, cooling_rate = 0.999
26 - INFO - chord#: 100 done. best_score=27.0, changed=520, unchanged=367, early_stops=8/8
26 - INFO - chord#: 102 In build_straw_man_chord_sa. tolerance = 1, sa_iterations = 1000, initial_temperature = 3.0, cooling_rate = 0.999
26 - INFO - chord#: 90 done. best_score=103.0, changed=611, unchanged=252, early_stops=8/8
26 - INFO - chord#: 92 In build_straw_man_chord_sa. tolerance = 1, sa_iterations = 1000, initial_temperature = 3.0, cooling_rate = 0.999
26 - INFO - chord#: 96 done. best_score=27.0, changed=519, unchanged=427, early_stops=8/8
26 - INFO - chord#: 98 In build_straw_man_chord_sa. tolerance = 1, sa_iterations = 1000, initial_temperature = 3.0, cooling_rate = 0.999
26 - INFO - chord#: 112 done. best_score=27.0, changed=525, unchanged=380, early_stops=8/8
26 - INFO - chord#: 114 In build_straw_man_chord_sa. tolerance = 1, sa_iterations = 1000, initial_temperature = 3.0, cooling_rate = 0.999
26 - INFO - chord#: 96 done. best_score=27.0, changed=526, unchanged=417, early_stops=8/8
26 - INFO - chord#: 98 In build_straw_man_chord_sa. tolerance = 1, sa_iterations = 1000, initial_temperature = 3.0, cooling_rate = 0.999
26 - INFO - chord#: 110 done. best_score=67.0, changed=612, unchanged=328, early_stops=8/8
26 - INFO - chord#: 112 In build_straw_man_chord_sa. tolerance = 1, sa_iterations = 1000, initial_temperature = 3.0, cooling_rate = 0.999
26 - INFO - chord#: 90 done. best_score=70.0, changed=613, unchanged=294, early_stops=8/8
26 - INFO - chord#: 92 In build_straw_man_chord_sa. tolerance = 1, sa_iterations = 1000, initial_temperature = 3.0, cooling_rate = 0.999
26 - INFO - chord#: 108 done. best_score=27.0, changed=523, unchanged=510, early_stops=8/8
26 - INFO - chord#: 110 In build_straw_man_chord_sa. tolerance = 1, sa_iterations = 1000, initial_temperature = 3.0, cooling_rate = 0.999
26 - INFO - chord#: 108 done. best_score=27.0, changed=528, unchanged=490, early_stops=8/8
26 - INFO - chord#: 110 In build_straw_man_chord_sa. tolerance = 1, sa_iterations = 1000, initial_temperature = 3.0, cooling_rate = 0.999
26 - INFO - chord#: 114 done. best_score=27.0, changed=516, unchanged=308, early_stops=8/8
26 - INFO - chord#: 116 In build_straw_man_chord_sa. tolerance = 1, sa_iterations = 1000, initial_temperature = 3.0, cooling_rate = 0.999
26 - INFO - chord#: 108 done. best_score=27.0, changed=523, unchanged=469, early_stops=8/8
26 - INFO - chord#: 110 In build_straw_man_chord_sa. tolerance = 1, sa_iterations = 1000, initial_temperature = 3.0, cooling_rate = 0.999
26 - INFO - chord#: 92 done. best_score=27.0, changed=528, unchanged=482, early_stops=8/8
26 - INFO - chord#: 96 In build_straw_man_chord_sa. tolerance = 1, sa_iterations = 1000, initial_temperature = 3.0, cooling_rate = 0.999
26 - INFO - chord#: 102 done. best_score=94.0, changed=609, unchanged=254, early_stops=8/8
26 - INFO - chord#: 104 In build_straw_man_chord_sa. tolerance = 1, sa_iterations = 1000, initial_temperature = 3.0, cooling_rate = 0.999
26 - INFO - chord#: 112 done. best_score=27.0, changed=515, unchanged=386, early_stops=8/8
26 - INFO - chord#: 114 In build_straw_man_chord_sa. tolerance = 1, sa_iterations = 1000, initial_temperature = 3.0, cooling_rate = 0.999
26 - INFO - chord#: 90 done. best_score=70.0, changed=607, unchanged=388, early_stops=8/8
26 - INFO - chord#: 92 In build_straw_man_chord_sa. tolerance = 1, sa_iterations = 1000, initial_temperature = 3.0, cooling_rate = 0.999
26 - INFO - chord#: 92 done. best_score=27.0, changed=519, unchanged=513, early_stops=8/8
26 - INFO - chord#: 96 In build_straw_man_chord_sa. tolerance = 1, sa_iterations = 1000, initial_temperature = 3.0, cooling_rate = 0.999
26 - INFO - chord#: 102 done. best_score=93.0, changed=609, unchanged=249, early_stops=8/8
26 - INFO - chord#: 114 done. best_score=27.0, changed=544, unchanged=350, early_stops=8/8
26 - INFO - chord#: 104 In build_straw_man_chord_sa. tolerance = 1, sa_iterations = 1000, initial_temperature = 3.0, cooling_rate = 0.999
26 - INFO - chord#: 116 In build_straw_man_chord_sa. tolerance = 1, sa_iterations = 1000, initial_temperature = 3.0, cooling_rate = 0.999
26 - INFO - chord#: 104 done. best_score=27.0, changed=519, unchanged=368, early_stops=8/8
26 - INFO - chord#: 106 In build_straw_man_chord_sa. tolerance = 1, sa_iterations = 1000, initial_temperature = 3.0, cooling_rate = 0.999
26 - INFO - chord#: 98 done. best_score=64.0, changed=610, unchanged=310, early_stops=8/8
26 - INFO - chord#: 100 In build_straw_man_chord_sa. tolerance = 1, sa_iterations = 1000, initial_temperature = 3.0, cooling_rate = 0.999
26 - INFO - chord#: 96 done. best_score=27.0, changed=526, unchanged=371, early_stops=8/8
26 - INFO - chord#: 98 In build_straw_man_chord_sa. tolerance = 1, sa_iterations = 1000, initial_temperature = 3.0, cooling_rate = 0.999
26 - INFO - chord#: 98 done. best_score=112.0, changed=611, unchanged=472, early_stops=8/8
26 - INFO - chord#: 100 In build_straw_man_chord_sa. tolerance = 1, sa_iterations = 1000, initial_temperature = 3.0, cooling_rate = 0.999
26 - INFO - chord#: 110 done. best_score=137.0, changed=611, unchanged=310, early_stops=8/8
26 - INFO - chord#: 112 In build_straw_man_chord_sa. tolerance = 1, sa_iterations = 1000, initial_temperature = 3.0, cooling_rate = 0.999
26 - INFO - chord#: 110 done. best_score=137.0, changed=619, unchanged=332, early_stops=8/8
26 - INFO - chord#: 112 In build_straw_man_chord_sa. tolerance = 1, sa_iterations = 1000, initial_temperature = 3.0, cooling_rate = 0.999
26 - INFO - chord#: 106 done. best_score=27.0, changed=520, unchanged=422, early_stops=8/8
26 - INFO - chord#: 108 In build_straw_man_chord_sa. tolerance = 1, sa_iterations = 1000, initial_temperature = 3.0, cooling_rate = 0.999
26 - INFO - chord#: 92 done. best_score=27.0, changed=528, unchanged=487, early_stops=8/8
26 - INFO - chord#: 96 In build_straw_man_chord_sa. tolerance = 1, sa_iterations = 1000, initial_temperature = 3.0, cooling_rate = 0.999
26 - INFO - chord#: 104 done. best_score=27.0, changed=517, unchanged=404, early_stops=8/8
26 - INFO - chord#: 106 In build_straw_man_chord_sa. tolerance = 1, sa_iterations = 1000, initial_temperature = 3.0, cooling_rate = 0.999
26 - INFO - chord#: 96 done. best_score=27.0, changed=527, unchanged=531, early_stops=8/8
26 - INFO - chord#: 98 In build_straw_man_chord_sa. tolerance = 1, sa_iterations = 1000, initial_temperature = 3.0, cooling_rate = 0.999
26 - INFO - chord#: 100 done. best_score=57.0, changed=528, unchanged=345, early_stops=8/8
26 - INFO - chord#: 102 In build_straw_man_chord_sa. tolerance = 1, sa_iterations = 1000, initial_temperature = 3.0, cooling_rate = 0.999
26 - INFO - chord#: 100 done. best_score=27.0, changed=526, unchanged=390, early_stops=8/8
26 - INFO - chord#: 102 In build_straw_man_chord_sa. tolerance = 1, sa_iterations = 1000, initial_temperature = 3.0, cooling_rate = 0.999
26 - INFO - chord#: 116 done. best_score=64.0, changed=619, unchanged=485, early_stops=8/8
26 - INFO - chord#: 117 In build_straw_man_chord_sa. tolerance = 1, sa_iterations = 1000, initial_temperature = 3.0, cooling_rate = 0.999
26 - INFO - chord#: 112 done. best_score=27.0, changed=517, unchanged=434, early_stops=8/8
26 - INFO - chord#: 114 In build_straw_man_chord_sa. tolerance = 1, sa_iterations = 1000, initial_temperature = 3.0, cooling_rate = 0.999
26 - INFO - chord#: 112 done. best_score=27.0, changed=522, unchanged=490, early_stops=8/8
26 - INFO - chord#: 114 In build_straw_man_chord_sa. tolerance = 1, sa_iterations = 1000, initial_temperature = 3.0, cooling_rate = 0.999
26 - INFO - chord#: 108 done. best_score=27.0, changed=514, unchanged=403, early_stops=8/8
26 - INFO - chord#: 110 In build_straw_man_chord_sa. tolerance = 1, sa_iterations = 1000, initial_temperature = 3.0, cooling_rate = 0.999
26 - INFO - chord#: 110 done. best_score=67.0, changed=616, unchanged=484, early_stops=8/8
26 - INFO - chord#: 112 In build_straw_man_chord_sa. tolerance = 1, sa_iterations = 1000, initial_temperature = 3.0, cooling_rate = 0.999
26 - INFO - chord#: 106 done. best_score=27.0, changed=538, unchanged=426, early_stops=8/8
26 - INFO - chord#: 108 In build_straw_man_chord_sa. tolerance = 1, sa_iterations = 1000, initial_temperature = 3.0, cooling_rate = 0.999
26 - INFO - chord#: 96 done. best_score=27.0, changed=518, unchanged=379, early_stops=8/8
26 - INFO - chord#: 98 In build_straw_man_chord_sa. tolerance = 1, sa_iterations = 1000, initial_temperature = 3.0, cooling_rate = 0.999
26 - INFO - chord#: 114 done. best_score=27.0, changed=556, unchanged=257, early_stops=8/8
26 - INFO - chord#: 116 In build_straw_man_chord_sa. tolerance = 1, sa_iterations = 1000, initial_temperature = 3.0, cooling_rate = 0.999
26 - INFO - chord#: 116 done. best_score=64.0, changed=620, unchanged=534, early_stops=8/8
26 - INFO - chord#: 117 In build_straw_man_chord_sa. tolerance = 1, sa_iterations = 1000, initial_temperature = 3.0, cooling_rate = 0.999
26 - INFO - chord#: 114 done. best_score=27.0, changed=519, unchanged=413, early_stops=8/8
26 - INFO - chord#: 116 In build_straw_man_chord_sa. tolerance = 1, sa_iterations = 1000, initial_temperature = 3.0, cooling_rate = 0.999
26 - INFO - chord#: 112 done. best_score=27.0, changed=515, unchanged=426, early_stops=8/8
26 - INFO - chord#: 114 In build_straw_man_chord_sa. tolerance = 1, sa_iterations = 1000, initial_temperature = 3.0, cooling_rate = 0.999
26 - INFO - chord#: 98 done. best_score=64.0, changed=617, unchanged=380, early_stops=8/8
26 - INFO - chord#: 100 In build_straw_man_chord_sa. tolerance = 1, sa_iterations = 1000, initial_temperature = 3.0, cooling_rate = 0.999
26 - INFO - chord#: 102 done. best_score=96.0, changed=607, unchanged=236, early_stops=8/8
26 - INFO - chord#: 104 In build_straw_man_chord_sa. tolerance = 1, sa_iterations = 1000, initial_temperature = 3.0, cooling_rate = 0.999
26 - INFO - chord#: 108 done. best_score=27.0, changed=518, unchanged=368, early_stops=8/8
26 - INFO - chord#: 110 In build_straw_man_chord_sa. tolerance = 1, sa_iterations = 1000, initial_temperature = 3.0, cooling_rate = 0.999
26 - INFO - chord#: 98 done. best_score=64.0, changed=613, unchanged=334, early_stops=8/8
26 - INFO - chord#: 100 In build_straw_man_chord_sa. tolerance = 1, sa_iterations = 1000, initial_temperature = 3.0, cooling_rate = 0.999
26 - INFO - chord#: 114 done. best_score=27.0, changed=535, unchanged=329, early_stops=8/8
26 - INFO - chord#: 116 In build_straw_man_chord_sa. tolerance = 1, sa_iterations = 1000, initial_temperature = 3.0, cooling_rate = 0.999
26 - INFO - chord#: 117 done. best_score=74.0, changed=608, unchanged=252, early_stops=8/8
26 - INFO - chord#: 118 In build_straw_man_chord_sa. tolerance = 1, sa_iterations = 1000, initial_temperature = 3.0, cooling_rate = 0.999
26 - INFO - chord#: 104 done. best_score=27.0, changed=512, unchanged=380, early_stops=8/8
26 - INFO - chord#: 106 In build_straw_man_chord_sa. tolerance = 1, sa_iterations = 1000, initial_temperature = 3.0, cooling_rate = 0.999
26 - INFO - chord#: 110 done. best_score=125.0, changed=610, unchanged=375, early_stops=8/8
26 - INFO - chord#: 112 In build_straw_man_chord_sa. tolerance = 1, sa_iterations = 1000, initial_temperature = 3.0, cooling_rate = 0.999
26 - INFO - chord#: 100 done. best_score=27.0, changed=520, unchanged=371, early_stops=8/8
26 - INFO - chord#: 102 In build_straw_man_chord_sa. tolerance = 1, sa_iterations = 1000, initial_temperature = 3.0, cooling_rate = 0.999
26 - INFO - chord#: 118 done. best_score=9.0, changed=501, unchanged=333, early_stops=8/8
26 - INFO - chord#: 120 In build_straw_man_chord_sa. tolerance = 1, sa_iterations = 1000, initial_temperature = 3.0, cooling_rate = 0.999
26 - INFO - chord#: 102 done. best_score=75.0, changed=618, unchanged=406, early_stops=8/8
26 - INFO - chord#: 104 In build_straw_man_chord_sa. tolerance = 1, sa_iterations = 1000, initial_temperature = 3.0, cooling_rate = 0.999
26 - INFO - chord#: 116 done. best_score=64.0, changed=612, unchanged=332, early_stops=8/8
26 - INFO - chord#: 117 In build_straw_man_chord_sa. tolerance = 1, sa_iterations = 1000, initial_temperature = 3.0, cooling_rate = 0.999
26 - INFO - chord#: 117 done. best_score=96.0, changed=608, unchanged=227, early_stops=8/8
26 - INFO - chord#: 118 In build_straw_man_chord_sa. tolerance = 1, sa_iterations = 1000, initial_temperature = 3.0, cooling_rate = 0.999
26 - INFO - chord#: 116 done. best_score=125.0, changed=604, unchanged=233, early_stops=8/8
26 - INFO - chord#: 117 In build_straw_man_chord_sa. tolerance = 1, sa_iterations = 1000, initial_temperature = 3.0, cooling_rate = 0.999
26 - INFO - chord#: 98 done. best_score=104.0, changed=612, unchanged=279, early_stops=8/8
26 - INFO - chord#: 100 In build_straw_man_chord_sa. tolerance = 1, sa_iterations = 1000, initial_temperature = 3.0, cooling_rate = 0.999
26 - INFO - chord#: 118 done. best_score=9.0, changed=472, unchanged=351, early_stops=8/8
26 - INFO - chord#: 120 In build_straw_man_chord_sa. tolerance = 1, sa_iterations = 1000, initial_temperature = 3.0, cooling_rate = 0.999
26 - INFO - chord#: 100 done. best_score=27.0, changed=522, unchanged=402, early_stops=8/8
26 - INFO - chord#: 102 In build_straw_man_chord_sa. tolerance = 1, sa_iterations = 1000, initial_temperature = 3.0, cooling_rate = 0.999
26 - INFO - chord#: 106 done. best_score=27.0, changed=528, unchanged=345, early_stops=8/8
26 - INFO - chord#: 108 In build_straw_man_chord_sa. tolerance = 1, sa_iterations = 1000, initial_temperature = 3.0, cooling_rate = 0.999
26 - INFO - chord#: 112 done. best_score=27.0, changed=523, unchanged=388, early_stops=8/8
26 - INFO - chord#: 114 In build_straw_man_chord_sa. tolerance = 1, sa_iterations = 1000, initial_temperature = 3.0, cooling_rate = 0.999
26 - INFO - chord#: 120 done. best_score=27.0, changed=514, unchanged=359, early_stops=8/8
26 - INFO - chord#: 122 In build_straw_man_chord_sa. tolerance = 1, sa_iterations = 1000, initial_temperature = 3.0, cooling_rate = 0.999
26 - INFO - chord#: 104 done. best_score=27.0, changed=523, unchanged=492, early_stops=8/8
26 - INFO - chord#: 106 In build_straw_man_chord_sa. tolerance = 1, sa_iterations = 1000, initial_temperature = 3.0, cooling_rate = 0.999
26 - INFO - chord#: 110 done. best_score=140.0, changed=608, unchanged=255, early_stops=8/8
26 - INFO - chord#: 112 In build_straw_man_chord_sa. tolerance = 1, sa_iterations = 1000, initial_temperature = 3.0, cooling_rate = 0.999
26 - INFO - chord#: 120 done. best_score=27.0, changed=517, unchanged=419, early_stops=8/8
26 - INFO - chord#: 122 In build_straw_man_chord_sa. tolerance = 1, sa_iterations = 1000, initial_temperature = 3.0, cooling_rate = 0.999
26 - INFO - chord#: 100 done. best_score=27.0, changed=515, unchanged=323, early_stops=8/8
26 - INFO - chord#: 102 In build_straw_man_chord_sa. tolerance = 1, sa_iterations = 1000, initial_temperature = 3.0, cooling_rate = 0.999
26 - INFO - chord#: 114 done. best_score=27.0, changed=520, unchanged=309, early_stops=8/8
26 - INFO - chord#: 116 In build_straw_man_chord_sa. tolerance = 1, sa_iterations = 1000, initial_temperature = 3.0, cooling_rate = 0.999
26 - INFO - chord#: 108 done. best_score=27.0, changed=520, unchanged=493, early_stops=8/8
26 - INFO - chord#: 110 In build_straw_man_chord_sa. tolerance = 1, sa_iterations = 1000, initial_temperature = 3.0, cooling_rate = 0.999
26 - INFO - chord#: 117 done. best_score=150.0, changed=608, unchanged=236, early_stops=8/8
26 - INFO - chord#: 118 In build_straw_man_chord_sa. tolerance = 1, sa_iterations = 1000, initial_temperature = 3.0, cooling_rate = 0.999
26 - INFO - chord#: 117 done. best_score=96.0, changed=613, unchanged=263, early_stops=8/8
26 - INFO - chord#: 118 In build_straw_man_chord_sa. tolerance = 1, sa_iterations = 1000, initial_temperature = 3.0, cooling_rate = 0.999
26 - INFO - chord#: 116 done. best_score=125.0, changed=616, unchanged=508, early_stops=8/8
26 - INFO - chord#: 117 In build_straw_man_chord_sa. tolerance = 1, sa_iterations = 1000, initial_temperature = 3.0, cooling_rate = 0.999
26 - INFO - chord#: 118 done. best_score=9.0, changed=501, unchanged=308, early_stops=8/8
26 - INFO - chord#: 120 In build_straw_man_chord_sa. tolerance = 1, sa_iterations = 1000, initial_temperature = 3.0, cooling_rate = 0.999
26 - INFO - chord#: 102 done. best_score=94.0, changed=609, unchanged=259, early_stops=8/8
26 - INFO - chord#: 104 In build_straw_man_chord_sa. tolerance = 1, sa_iterations = 1000, initial_temperature = 3.0, cooling_rate = 0.999
26 - INFO - chord#: 106 done. best_score=27.0, changed=519, unchanged=338, early_stops=8/8
26 - INFO - chord#: 108 In build_straw_man_chord_sa. tolerance = 1, sa_iterations = 1000, initial_temperature = 3.0, cooling_rate = 0.999
26 - INFO - chord#: 118 done. best_score=9.0, changed=491, unchanged=327, early_stops=8/8
26 - INFO - chord#: 120 In build_straw_man_chord_sa. tolerance = 1, sa_iterations = 1000, initial_temperature = 3.0, cooling_rate = 0.999
26 - INFO - chord#: 112 done. best_score=27.0, changed=531, unchanged=516, early_stops=8/8
26 - INFO - chord#: 114 In build_straw_man_chord_sa. tolerance = 1, sa_iterations = 1000, initial_temperature = 3.0, cooling_rate = 0.999
26 - INFO - chord#: 102 done. best_score=93.0, changed=609, unchanged=291, early_stops=8/8
26 - INFO - chord#: 104 In build_straw_man_chord_sa. tolerance = 1, sa_iterations = 1000, initial_temperature = 3.0, cooling_rate = 0.999
26 - INFO - chord#: 120 done. best_score=27.0, changed=524, unchanged=525, early_stops=8/8
26 - INFO - chord#: 122 In build_straw_man_chord_sa. tolerance = 1, sa_iterations = 1000, initial_temperature = 3.0, cooling_rate = 0.999
26 - INFO - chord#: 104 done. best_score=27.0, changed=526, unchanged=392, early_stops=8/8
26 - INFO - chord#: 106 In build_straw_man_chord_sa. tolerance = 1, sa_iterations = 1000, initial_temperature = 3.0, cooling_rate = 0.999
26 - INFO - chord#: 120 done. best_score=27.0, changed=523, unchanged=525, early_stops=8/8
26 - INFO - chord#: 122 In build_straw_man_chord_sa. tolerance = 1, sa_iterations = 1000, initial_temperature = 3.0, cooling_rate = 0.999
26 - INFO - chord#: 116 done. best_score=64.0, changed=611, unchanged=310, early_stops=8/8
26 - INFO - chord#: 117 In build_straw_man_chord_sa. tolerance = 1, sa_iterations = 1000, initial_temperature = 3.0, cooling_rate = 0.999
26 - INFO - chord#: 122 done. best_score=67.0, changed=612, unchanged=320, early_stops=8/8
26 - INFO - chord#: 124 In build_straw_man_chord_sa. tolerance = 1, sa_iterations = 1000, initial_temperature = 3.0, cooling_rate = 0.999
26 - INFO - chord#: 108 done. best_score=27.0, changed=532, unchanged=576, early_stops=8/8
26 - INFO - chord#: 110 In build_straw_man_chord_sa. tolerance = 1, sa_iterations = 1000, initial_temperature = 3.0, cooling_rate = 0.999
26 - INFO - chord#: 110 done. best_score=137.0, changed=608, unchanged=340, early_stops=8/8
26 - INFO - chord#: 112 In build_straw_man_chord_sa. tolerance = 1, sa_iterations = 1000, initial_temperature = 3.0, cooling_rate = 0.999
26 - INFO - chord#: 114 done. best_score=27.0, changed=531, unchanged=356, early_stops=8/8
26 - INFO - chord#: 116 In build_straw_man_chord_sa. tolerance = 1, sa_iterations = 1000, initial_temperature = 3.0, cooling_rate = 0.999
26 - INFO - chord#: 102 done. best_score=93.0, changed=610, unchanged=275, early_stops=8/8
26 - INFO - chord#: 104 In build_straw_man_chord_sa. tolerance = 1, sa_iterations = 1000, initial_temperature = 3.0, cooling_rate = 0.999
26 - INFO - chord#: 104 done. best_score=27.0, changed=516, unchanged=356, early_stops=8/8
26 - INFO - chord#: 106 In build_straw_man_chord_sa. tolerance = 1, sa_iterations = 1000, initial_temperature = 3.0, cooling_rate = 0.999
26 - INFO - chord#: 117 done. best_score=150.0, changed=611, unchanged=364, early_stops=8/8
26 - INFO - chord#: 118 In build_straw_man_chord_sa. tolerance = 1, sa_iterations = 1000, initial_temperature = 3.0, cooling_rate = 0.999
26 - INFO - chord#: 122 done. best_score=67.0, changed=617, unchanged=398, early_stops=8/8
26 - INFO - chord#: 124 In build_straw_man_chord_sa. tolerance = 1, sa_iterations = 1000, initial_temperature = 3.0, cooling_rate = 0.999
26 - INFO - chord#: 106 done. best_score=27.0, changed=534, unchanged=346, early_stops=8/8
26 - INFO - chord#: 108 In build_straw_man_chord_sa. tolerance = 1, sa_iterations = 1000, initial_temperature = 3.0, cooling_rate = 0.999
26 - INFO - chord#: 118 done. best_score=9.0, changed=495, unchanged=323, early_stops=8/8
26 - INFO - chord#: 120 In build_straw_man_chord_sa. tolerance = 1, sa_iterations = 1000, initial_temperature = 3.0, cooling_rate = 0.999
26 - INFO - chord#: 124 done. best_score=27.0, changed=527, unchanged=360, early_stops=8/8
26 - INFO - chord#: 128 In build_straw_man_chord_sa. tolerance = 1, sa_iterations = 1000, initial_temperature = 3.0, cooling_rate = 0.999
26 - INFO - chord#: 112 done. best_score=27.0, changed=533, unchanged=433, early_stops=8/8
26 - INFO - chord#: 114 In build_straw_man_chord_sa. tolerance = 1, sa_iterations = 1000, initial_temperature = 3.0, cooling_rate = 0.999
26 - INFO - chord#: 106 done. best_score=27.0, changed=529, unchanged=334, early_stops=8/8
26 - INFO - chord#: 108 In build_straw_man_chord_sa. tolerance = 1, sa_iterations = 1000, initial_temperature = 3.0, cooling_rate = 0.999
26 - INFO - chord#: 104 done. best_score=27.0, changed=523, unchanged=328, early_stops=8/8
26 - INFO - chord#: 106 In build_straw_man_chord_sa. tolerance = 1, sa_iterations = 1000, initial_temperature = 3.0, cooling_rate = 0.999
26 - INFO - chord#: 124 done. best_score=27.0, changed=523, unchanged=336, early_stops=8/8
26 - INFO - chord#: 128 In build_straw_man_chord_sa. tolerance = 1, sa_iterations = 1000, initial_temperature = 3.0, cooling_rate = 0.999
26 - INFO - chord#: 128 done. best_score=27.0, changed=519, unchanged=319, early_stops=8/8
26 - INFO - chord#: 130 In build_straw_man_chord_sa. tolerance = 1, sa_iterations = 1000, initial_temperature = 3.0, cooling_rate = 0.999
26 - INFO - chord#: 122 done. best_score=67.0, changed=612, unchanged=226, early_stops=8/8
26 - INFO - chord#: 124 In build_straw_man_chord_sa. tolerance = 1, sa_iterations = 1000, initial_temperature = 3.0, cooling_rate = 0.999
26 - INFO - chord#: 120 done. best_score=27.0, changed=521, unchanged=395, early_stops=8/8
26 - INFO - chord#: 122 In build_straw_man_chord_sa. tolerance = 1, sa_iterations = 1000, initial_temperature = 3.0, cooling_rate = 0.999
26 - INFO - chord#: 108 done. best_score=27.0, changed=517, unchanged=423, early_stops=8/8
26 - INFO - chord#: 110 In build_straw_man_chord_sa. tolerance = 1, sa_iterations = 1000, initial_temperature = 3.0, cooling_rate = 0.999
26 - INFO - chord#: 117 done. best_score=74.0, changed=612, unchanged=268, early_stops=8/8
26 - INFO - chord#: 118 In build_straw_man_chord_sa. tolerance = 1, sa_iterations = 1000, initial_temperature = 3.0, cooling_rate = 0.999
26 - INFO - chord#: 114 done. best_score=27.0, changed=519, unchanged=353, early_stops=8/8
26 - INFO - chord#: 116 In build_straw_man_chord_sa. tolerance = 1, sa_iterations = 1000, initial_temperature = 3.0, cooling_rate = 0.999
26 - INFO - chord#: 118 done. best_score=9.0, changed=459, unchanged=356, early_stops=8/8
26 - INFO - chord#: 120 In build_straw_man_chord_sa. tolerance = 1, sa_iterations = 1000, initial_temperature = 3.0, cooling_rate = 0.999
26 - INFO - chord#: 122 done. best_score=67.0, changed=616, unchanged=539, early_stops=8/8
26 - INFO - chord#: 124 In build_straw_man_chord_sa. tolerance = 1, sa_iterations = 1000, initial_temperature = 3.0, cooling_rate = 0.999
26 - INFO - chord#: 106 done. best_score=27.0, changed=528, unchanged=393, early_stops=8/8
26 - INFO - chord#: 108 In build_straw_man_chord_sa. tolerance = 1, sa_iterations = 1000, initial_temperature = 3.0, cooling_rate = 0.999
26 - INFO - chord#: 124 done. best_score=27.0, changed=526, unchanged=354, early_stops=8/8
26 - INFO - chord#: 128 In build_straw_man_chord_sa. tolerance = 1, sa_iterations = 1000, initial_temperature = 3.0, cooling_rate = 0.999
26 - INFO - chord#: 108 done. best_score=27.0, changed=510, unchanged=377, early_stops=8/8
26 - INFO - chord#: 110 In build_straw_man_chord_sa. tolerance = 1, sa_iterations = 1000, initial_temperature = 3.0, cooling_rate = 0.999
26 - INFO - chord#: 128 done. best_score=27.0, changed=519, unchanged=444, early_stops=8/8
26 - INFO - chord#: 130 In build_straw_man_chord_sa. tolerance = 1, sa_iterations = 1000, initial_temperature = 3.0, cooling_rate = 0.999
26 - INFO - chord#: 110 done. best_score=67.0, changed=611, unchanged=368, early_stops=8/8
26 - INFO - chord#: 112 In build_straw_man_chord_sa. tolerance = 1, sa_iterations = 1000, initial_temperature = 3.0, cooling_rate = 0.999
26 - INFO - chord#: 116 done. best_score=154.0, changed=613, unchanged=415, early_stops=8/8
26 - INFO - chord#: 117 In build_straw_man_chord_sa. tolerance = 1, sa_iterations = 1000, initial_temperature = 3.0, cooling_rate = 0.999
26 - INFO - chord#: 120 done. best_score=27.0, changed=513, unchanged=313, early_stops=8/8
26 - INFO - chord#: 122 In build_straw_man_chord_sa. tolerance = 1, sa_iterations = 1000, initial_temperature = 3.0, cooling_rate = 0.999
26 - INFO - chord#: 124 done. best_score=27.0, changed=518, unchanged=363, early_stops=8/8
26 - INFO - chord#: 128 In build_straw_man_chord_sa. tolerance = 1, sa_iterations = 1000, initial_temperature = 3.0, cooling_rate = 0.999
26 - INFO - chord#: 128 done. best_score=27.0, changed=522, unchanged=409, early_stops=8/8
26 - INFO - chord#: 130 In build_straw_man_chord_sa. tolerance = 1, sa_iterations = 1000, initial_temperature = 3.0, cooling_rate = 0.999
26 - INFO - chord#: 130 done. best_score=67.0, changed=610, unchanged=284, early_stops=8/8
26 - INFO - chord#: 132 In build_straw_man_chord_sa. tolerance = 1, sa_iterations = 1000, initial_temperature = 3.0, cooling_rate = 0.999
26 - INFO - chord#: 122 done. best_score=137.0, changed=615, unchanged=249, early_stops=8/8
26 - INFO - chord#: 124 In build_straw_man_chord_sa. tolerance = 1, sa_iterations = 1000, initial_temperature = 3.0, cooling_rate = 0.999
26 - INFO - chord#: 108 done. best_score=27.0, changed=515, unchanged=399, early_stops=8/8
26 - INFO - chord#: 110 In build_straw_man_chord_sa. tolerance = 1, sa_iterations = 1000, initial_temperature = 3.0, cooling_rate = 0.999
26 - INFO - chord#: 116 done. best_score=64.0, changed=609, unchanged=268, early_stops=8/8
26 - INFO - chord#: 117 In build_straw_man_chord_sa. tolerance = 1, sa_iterations = 1000, initial_temperature = 3.0, cooling_rate = 0.999
26 - INFO - chord#: 128 done. best_score=27.0, changed=521, unchanged=436, early_stops=8/8
26 - INFO - chord#: 130 In build_straw_man_chord_sa. tolerance = 1, sa_iterations = 1000, initial_temperature = 3.0, cooling_rate = 0.999
26 - INFO - chord#: 112 done. best_score=27.0, changed=527, unchanged=507, early_stops=8/8
26 - INFO - chord#: 114 In build_straw_man_chord_sa. tolerance = 1, sa_iterations = 1000, initial_temperature = 3.0, cooling_rate = 0.999
26 - INFO - chord#: 124 done. best_score=27.0, changed=521, unchanged=335, early_stops=8/8
26 - INFO - chord#: 128 In build_straw_man_chord_sa. tolerance = 1, sa_iterations = 1000, initial_temperature = 3.0, cooling_rate = 0.999
26 - INFO - chord#: 132 done. best_score=27.0, changed=521, unchanged=469, early_stops=8/8
26 - INFO - chord#: 134 In build_straw_man_chord_sa. tolerance = 1, sa_iterations = 1000, initial_temperature = 3.0, cooling_rate = 0.999
26 - INFO - chord#: 110 done. best_score=155.0, changed=614, unchanged=350, early_stops=8/8
26 - INFO - chord#: 112 In build_straw_man_chord_sa. tolerance = 1, sa_iterations = 1000, initial_temperature = 3.0, cooling_rate = 0.999
26 - INFO - chord#: 110 done. best_score=140.0, changed=610, unchanged=245, early_stops=8/8
26 - INFO - chord#: 112 In build_straw_man_chord_sa. tolerance = 1, sa_iterations = 1000, initial_temperature = 3.0, cooling_rate = 0.999
26 - INFO - chord#: 117 done. best_score=183.0, changed=611, unchanged=204, early_stops=8/8
26 - INFO - chord#: 118 In build_straw_man_chord_sa. tolerance = 1, sa_iterations = 1000, initial_temperature = 3.0, cooling_rate = 0.999
26 - INFO - chord#: 114 done. best_score=27.0, changed=525, unchanged=316, early_stops=8/8
26 - INFO - chord#: 116 In build_straw_man_chord_sa. tolerance = 1, sa_iterations = 1000, initial_temperature = 3.0, cooling_rate = 0.999
26 - INFO - chord#: 128 done. best_score=27.0, changed=523, unchanged=378, early_stops=8/8
26 - INFO - chord#: 130 In build_straw_man_chord_sa. tolerance = 1, sa_iterations = 1000, initial_temperature = 3.0, cooling_rate = 0.999
26 - INFO - chord#: 118 done. best_score=9.0, changed=492, unchanged=334, early_stops=8/8
26 - INFO - chord#: 120 In build_straw_man_chord_sa. tolerance = 1, sa_iterations = 1000, initial_temperature = 3.0, cooling_rate = 0.999
26 - INFO - chord#: 122 done. best_score=96.0, changed=611, unchanged=404, early_stops=8/8
26 - INFO - chord#: 124 In build_straw_man_chord_sa. tolerance = 1, sa_iterations = 1000, initial_temperature = 3.0, cooling_rate = 0.999
26 - INFO - chord#: 130 done. best_score=112.0, changed=613, unchanged=374, early_stops=8/8
26 - INFO - chord#: 132 In build_straw_man_chord_sa. tolerance = 1, sa_iterations = 1000, initial_temperature = 3.0, cooling_rate = 0.999
26 - INFO - chord#: 130 done. best_score=67.0, changed=610, unchanged=390, early_stops=8/8
26 - INFO - chord#: 132 In build_straw_man_chord_sa. tolerance = 1, sa_iterations = 1000, initial_temperature = 3.0, cooling_rate = 0.999
26 - INFO - chord#: 117 done. best_score=121.0, changed=612, unchanged=239, early_stops=8/8
26 - INFO - chord#: 118 In build_straw_man_chord_sa. tolerance = 1, sa_iterations = 1000, initial_temperature = 3.0, cooling_rate = 0.999
26 - INFO - chord#: 112 done. best_score=27.0, changed=526, unchanged=484, early_stops=8/8
26 - INFO - chord#: 114 In build_straw_man_chord_sa. tolerance = 1, sa_iterations = 1000, initial_temperature = 3.0, cooling_rate = 0.999
26 - INFO - chord#: 130 done. best_score=112.0, changed=611, unchanged=335, early_stops=8/8
26 - INFO - chord#: 132 In build_straw_man_chord_sa. tolerance = 1, sa_iterations = 1000, initial_temperature = 3.0, cooling_rate = 0.999
26 - INFO - chord#: 112 done. best_score=27.0, changed=517, unchanged=382, early_stops=8/8
26 - INFO - chord#: 114 In build_straw_man_chord_sa. tolerance = 1, sa_iterations = 1000, initial_temperature = 3.0, cooling_rate = 0.999
26 - INFO - chord#: 118 done. best_score=9.0, changed=479, unchanged=357, early_stops=8/8
26 - INFO - chord#: 120 In build_straw_man_chord_sa. tolerance = 1, sa_iterations = 1000, initial_temperature = 3.0, cooling_rate = 0.999
26 - INFO - chord#: 124 done. best_score=27.0, changed=521, unchanged=371, early_stops=8/8
26 - INFO - chord#: 128 In build_straw_man_chord_sa. tolerance = 1, sa_iterations = 1000, initial_temperature = 3.0, cooling_rate = 0.999
26 - INFO - chord#: 110 done. best_score=67.0, changed=613, unchanged=382, early_stops=8/8
26 - INFO - chord#: 112 In build_straw_man_chord_sa. tolerance = 1, sa_iterations = 1000, initial_temperature = 3.0, cooling_rate = 0.999
26 - INFO - chord#: 134 done. best_score=74.0, changed=609, unchanged=279, early_stops=8/8
26 - INFO - chord#: 136 In build_straw_man_chord_sa. tolerance = 1, sa_iterations = 1000, initial_temperature = 3.0, cooling_rate = 0.999
26 - INFO - chord#: 120 done. best_score=27.0, changed=520, unchanged=387, early_stops=8/8
26 - INFO - chord#: 122 In build_straw_man_chord_sa. tolerance = 1, sa_iterations = 1000, initial_temperature = 3.0, cooling_rate = 0.999
26 - INFO - chord#: 132 done. best_score=27.0, changed=518, unchanged=391, early_stops=8/8
26 - INFO - chord#: 134 In build_straw_man_chord_sa. tolerance = 1, sa_iterations = 1000, initial_temperature = 3.0, cooling_rate = 0.999
26 - INFO - chord#: 132 done. best_score=27.0, changed=516, unchanged=350, early_stops=8/8
26 - INFO - chord#: 134 In build_straw_man_chord_sa. tolerance = 1, sa_iterations = 1000, initial_temperature = 3.0, cooling_rate = 0.999
26 - INFO - chord#: 132 done. best_score=27.0, changed=515, unchanged=396, early_stops=8/8
26 - INFO - chord#: 134 In build_straw_man_chord_sa. tolerance = 1, sa_iterations = 1000, initial_temperature = 3.0, cooling_rate = 0.999
26 - INFO - chord#: 114 done. best_score=27.0, changed=528, unchanged=367, early_stops=8/8
26 - INFO - chord#: 116 In build_straw_man_chord_sa. tolerance = 1, sa_iterations = 1000, initial_temperature = 3.0, cooling_rate = 0.999
26 - INFO - chord#: 114 done. best_score=27.0, changed=527, unchanged=354, early_stops=8/8
26 - INFO - chord#: 116 In build_straw_man_chord_sa. tolerance = 1, sa_iterations = 1000, initial_temperature = 3.0, cooling_rate = 0.999
26 - INFO - chord#: 130 done. best_score=140.0, changed=612, unchanged=279, early_stops=8/8
26 - INFO - chord#: 132 In build_straw_man_chord_sa. tolerance = 1, sa_iterations = 1000, initial_temperature = 3.0, cooling_rate = 0.999
26 - INFO - chord#: 128 done. best_score=27.0, changed=515, unchanged=361, early_stops=8/8
26 - INFO - chord#: 130 In build_straw_man_chord_sa. tolerance = 1, sa_iterations = 1000, initial_temperature = 3.0, cooling_rate = 0.999
26 - INFO - chord#: 120 done. best_score=27.0, changed=534, unchanged=572, early_stops=8/8
26 - INFO - chord#: 122 In build_straw_man_chord_sa. tolerance = 1, sa_iterations = 1000, initial_temperature = 3.0, cooling_rate = 0.999
26 - INFO - chord#: 136 done. best_score=27.0, changed=530, unchanged=430, early_stops=8/8
26 - INFO - chord#: 138 In build_straw_man_chord_sa. tolerance = 1, sa_iterations = 1000, initial_temperature = 3.0, cooling_rate = 0.999
26 - INFO - chord#: 116 done. best_score=157.0, changed=613, unchanged=290, early_stops=8/8
26 - INFO - chord#: 117 In build_straw_man_chord_sa. tolerance = 1, sa_iterations = 1000, initial_temperature = 3.0, cooling_rate = 0.999
26 - INFO - chord#: 112 done. best_score=27.0, changed=524, unchanged=502, early_stops=8/8
26 - INFO - chord#: 114 In build_straw_man_chord_sa. tolerance = 1, sa_iterations = 1000, initial_temperature = 3.0, cooling_rate = 0.999
26 - INFO - chord#: 132 done. best_score=27.0, changed=518, unchanged=349, early_stops=8/8
26 - INFO - chord#: 134 In build_straw_man_chord_sa. tolerance = 1, sa_iterations = 1000, initial_temperature = 3.0, cooling_rate = 0.999
26 - INFO - chord#: 114 done. best_score=27.0, changed=536, unchanged=281, early_stops=8/8
26 - INFO - chord#: 116 In build_straw_man_chord_sa. tolerance = 1, sa_iterations = 1000, initial_temperature = 3.0, cooling_rate = 0.999
26 - INFO - chord#: 134 done. best_score=137.0, changed=614, unchanged=322, early_stops=8/8
26 - INFO - chord#: 136 In build_straw_man_chord_sa. tolerance = 1, sa_iterations = 1000, initial_temperature = 3.0, cooling_rate = 0.999
26 - INFO - chord#: 122 done. best_score=67.0, changed=609, unchanged=304, early_stops=8/8
26 - INFO - chord#: 124 In build_straw_man_chord_sa. tolerance = 1, sa_iterations = 1000, initial_temperature = 3.0, cooling_rate = 0.999
26 - INFO - chord#: 134 done. best_score=164.0, changed=608, unchanged=254, early_stops=8/8
26 - INFO - chord#: 136 In build_straw_man_chord_sa. tolerance = 1, sa_iterations = 1000, initial_temperature = 3.0, cooling_rate = 0.999
26 - INFO - chord#: 122 done. best_score=67.0, changed=610, unchanged=320, early_stops=8/8
26 - INFO - chord#: 124 In build_straw_man_chord_sa. tolerance = 1, sa_iterations = 1000, initial_temperature = 3.0, cooling_rate = 0.999
26 - INFO - chord#: 130 done. best_score=137.0, changed=608, unchanged=400, early_stops=8/8
26 - INFO - chord#: 132 In build_straw_man_chord_sa. tolerance = 1, sa_iterations = 1000, initial_temperature = 3.0, cooling_rate = 0.999
26 - INFO - chord#: 138 done. best_score=140.0, changed=618, unchanged=358, early_stops=8/8
26 - INFO - chord#: 140 In build_straw_man_chord_sa. tolerance = 1, sa_iterations = 1000, initial_temperature = 3.0, cooling_rate = 0.999
26 - INFO - chord#: 116 done. best_score=64.0, changed=614, unchanged=313, early_stops=8/8
26 - INFO - chord#: 117 In build_straw_man_chord_sa. tolerance = 1, sa_iterations = 1000, initial_temperature = 3.0, cooling_rate = 0.999
26 - INFO - chord#: 134 done. best_score=74.0, changed=613, unchanged=456, early_stops=8/8
26 - INFO - chord#: 136 In build_straw_man_chord_sa. tolerance = 1, sa_iterations = 1000, initial_temperature = 3.0, cooling_rate = 0.999
26 - INFO - chord#: 136 done. best_score=27.0, changed=519, unchanged=447, early_stops=8/8
26 - INFO - chord#: 138 In build_straw_man_chord_sa. tolerance = 1, sa_iterations = 1000, initial_temperature = 3.0, cooling_rate = 0.999
26 - INFO - chord#: 116 done. best_score=104.0, changed=609, unchanged=372, early_stops=8/8
26 - INFO - chord#: 117 In build_straw_man_chord_sa. tolerance = 1, sa_iterations = 1000, initial_temperature = 3.0, cooling_rate = 0.999
26 - INFO - chord#: 124 done. best_score=27.0, changed=521, unchanged=366, early_stops=8/8
26 - INFO - chord#: 128 In build_straw_man_chord_sa. tolerance = 1, sa_iterations = 1000, initial_temperature = 3.0, cooling_rate = 0.999
26 - INFO - chord#: 117 done. best_score=74.0, changed=616, unchanged=263, early_stops=8/8
26 - INFO - chord#: 118 In build_straw_man_chord_sa. tolerance = 1, sa_iterations = 1000, initial_temperature = 3.0, cooling_rate = 0.999
26 - INFO - chord#: 124 done. best_score=27.0, changed=522, unchanged=438, early_stops=8/8
26 - INFO - chord#: 128 In build_straw_man_chord_sa. tolerance = 1, sa_iterations = 1000, initial_temperature = 3.0, cooling_rate = 0.999
26 - INFO - chord#: 140 done. best_score=27.0, changed=519, unchanged=444, early_stops=8/8
26 - INFO - chord#: 142 In build_straw_man_chord_sa. tolerance = 1, sa_iterations = 1000, initial_temperature = 3.0, cooling_rate = 0.999
26 - INFO - chord#: 132 done. best_score=27.0, changed=520, unchanged=366, early_stops=8/8
26 - INFO - chord#: 134 In build_straw_man_chord_sa. tolerance = 1, sa_iterations = 1000, initial_temperature = 3.0, cooling_rate = 0.999
26 - INFO - chord#: 134 done. best_score=96.0, changed=615, unchanged=368, early_stops=8/8
26 - INFO - chord#: 136 In build_straw_man_chord_sa. tolerance = 1, sa_iterations = 1000, initial_temperature = 3.0, cooling_rate = 0.999
26 - INFO - chord#: 118 done. best_score=9.0, changed=481, unchanged=331, early_stops=8/8
26 - INFO - chord#: 120 In build_straw_man_chord_sa. tolerance = 1, sa_iterations = 1000, initial_temperature = 3.0, cooling_rate = 0.999
26 - INFO - chord#: 136 done. best_score=27.0, changed=518, unchanged=494, early_stops=8/8
26 - INFO - chord#: 138 In build_straw_man_chord_sa. tolerance = 1, sa_iterations = 1000, initial_temperature = 3.0, cooling_rate = 0.999
26 - INFO - chord#: 136 done. best_score=27.0, changed=524, unchanged=575, early_stops=8/8
26 - INFO - chord#: 138 In build_straw_man_chord_sa. tolerance = 1, sa_iterations = 1000, initial_temperature = 3.0, cooling_rate = 0.999
26 - INFO - chord#: 128 done. best_score=27.0, changed=520, unchanged=388, early_stops=8/8
26 - INFO - chord#: 130 In build_straw_man_chord_sa. tolerance = 1, sa_iterations = 1000, initial_temperature = 3.0, cooling_rate = 0.999
26 - INFO - chord#: 136 done. best_score=27.0, changed=524, unchanged=489, early_stops=8/8
26 - INFO - chord#: 138 In build_straw_man_chord_sa. tolerance = 1, sa_iterations = 1000, initial_temperature = 3.0, cooling_rate = 0.999
26 - INFO - chord#: 128 done. best_score=27.0, changed=520, unchanged=383, early_stops=8/8
26 - INFO - chord#: 130 In build_straw_man_chord_sa. tolerance = 1, sa_iterations = 1000, initial_temperature = 3.0, cooling_rate = 0.999
26 - INFO - chord#: 120 done. best_score=27.0, changed=511, unchanged=356, early_stops=8/8
26 - INFO - chord#: 122 In build_straw_man_chord_sa. tolerance = 1, sa_iterations = 1000, initial_temperature = 3.0, cooling_rate = 0.999
26 - INFO - chord#: 117 done. best_score=74.0, changed=608, unchanged=230, early_stops=8/8
26 - INFO - chord#: 118 In build_straw_man_chord_sa. tolerance = 1, sa_iterations = 1000, initial_temperature = 3.0, cooling_rate = 0.999
26 - INFO - chord#: 116 done. best_score=96.0, changed=608, unchanged=439, early_stops=8/8
26 - INFO - chord#: 117 In build_straw_man_chord_sa. tolerance = 1, sa_iterations = 1000, initial_temperature = 3.0, cooling_rate = 0.999
26 - INFO - chord#: 117 done. best_score=168.0, changed=607, unchanged=225, early_stops=8/8
26 - INFO - chord#: 118 In build_straw_man_chord_sa. tolerance = 1, sa_iterations = 1000, initial_temperature = 3.0, cooling_rate = 0.999
26 - INFO - chord#: 118 done. best_score=9.0, changed=479, unchanged=357, early_stops=8/8
26 - INFO - chord#: 120 In build_straw_man_chord_sa. tolerance = 1, sa_iterations = 1000, initial_temperature = 3.0, cooling_rate = 0.999
26 - INFO - chord#: 138 done. best_score=140.0, changed=615, unchanged=377, early_stops=8/8
26 - INFO - chord#: 140 In build_straw_man_chord_sa. tolerance = 1, sa_iterations = 1000, initial_temperature = 3.0, cooling_rate = 0.999
26 - INFO - chord#: 118 done. best_score=9.0, changed=473, unchanged=346, early_stops=8/8
26 - INFO - chord#: 120 In build_straw_man_chord_sa. tolerance = 1, sa_iterations = 1000, initial_temperature = 3.0, cooling_rate = 0.999
26 - INFO - chord#: 142 done. best_score=96.0, changed=612, unchanged=354, early_stops=8/8
26 - INFO - chord#: 144 In build_straw_man_chord_sa. tolerance = 1, sa_iterations = 1000, initial_temperature = 3.0, cooling_rate = 0.999
26 - INFO - chord#: 138 done. best_score=140.0, changed=610, unchanged=273, early_stops=8/8
26 - INFO - chord#: 140 In build_straw_man_chord_sa. tolerance = 1, sa_iterations = 1000, initial_temperature = 3.0, cooling_rate = 0.999
26 - INFO - chord#: 134 done. best_score=96.0, changed=614, unchanged=383, early_stops=8/8
26 - INFO - chord#: 136 In build_straw_man_chord_sa. tolerance = 1, sa_iterations = 1000, initial_temperature = 3.0, cooling_rate = 0.999
26 - INFO - chord#: 130 done. best_score=140.0, changed=611, unchanged=338, early_stops=8/8
26 - INFO - chord#: 132 In build_straw_man_chord_sa. tolerance = 1, sa_iterations = 1000, initial_temperature = 3.0, cooling_rate = 0.999
26 - INFO - chord#: 140 done. best_score=27.0, changed=518, unchanged=426, early_stops=8/8
26 - INFO - chord#: 142 In build_straw_man_chord_sa. tolerance = 1, sa_iterations = 1000, initial_temperature = 3.0, cooling_rate = 0.999
26 - INFO - chord#: 144 done. best_score=27.0, changed=514, unchanged=375, early_stops=8/8
26 - INFO - chord#: 146 In build_straw_man_chord_sa. tolerance = 1, sa_iterations = 1000, initial_temperature = 3.0, cooling_rate = 0.999
26 - INFO - chord#: 138 done. best_score=140.0, changed=608, unchanged=314, early_stops=8/8
26 - INFO - chord#: 140 In build_straw_man_chord_sa. tolerance = 1, sa_iterations = 1000, initial_temperature = 3.0, cooling_rate = 0.999
26 - INFO - chord#: 138 done. best_score=140.0, changed=617, unchanged=264, early_stops=8/8
26 - INFO - chord#: 140 In build_straw_man_chord_sa. tolerance = 1, sa_iterations = 1000, initial_temperature = 3.0, cooling_rate = 0.999
26 - INFO - chord#: 130 done. best_score=140.0, changed=608, unchanged=210, early_stops=8/8
26 - INFO - chord#: 132 In build_straw_man_chord_sa. tolerance = 1, sa_iterations = 1000, initial_temperature = 3.0, cooling_rate = 0.999
26 - INFO - chord#: 120 done. best_score=27.0, changed=521, unchanged=538, early_stops=8/8
26 - INFO - chord#: 122 In build_straw_man_chord_sa. tolerance = 1, sa_iterations = 1000, initial_temperature = 3.0, cooling_rate = 0.999
26 - INFO - chord#: 120 done. best_score=27.0, changed=522, unchanged=512, early_stops=8/8
26 - INFO - chord#: 122 In build_straw_man_chord_sa. tolerance = 1, sa_iterations = 1000, initial_temperature = 3.0, cooling_rate = 0.999
26 - INFO - chord#: 140 done. best_score=27.0, changed=523, unchanged=414, early_stops=8/8
26 - INFO - chord#: 142 In build_straw_man_chord_sa. tolerance = 1, sa_iterations = 1000, initial_temperature = 3.0, cooling_rate = 0.999
26 - INFO - chord#: 136 done. best_score=27.0, changed=523, unchanged=395, early_stops=8/8
26 - INFO - chord#: 138 In build_straw_man_chord_sa. tolerance = 1, sa_iterations = 1000, initial_temperature = 3.0, cooling_rate = 0.999
26 - INFO - chord#: 117 done. best_score=104.0, changed=613, unchanged=262, early_stops=8/8
26 - INFO - chord#: 118 In build_straw_man_chord_sa. tolerance = 1, sa_iterations = 1000, initial_temperature = 3.0, cooling_rate = 0.999
26 - INFO - chord#: 132 done. best_score=27.0, changed=514, unchanged=338, early_stops=8/8
26 - INFO - chord#: 134 In build_straw_man_chord_sa. tolerance = 1, sa_iterations = 1000, initial_temperature = 3.0, cooling_rate = 0.999
26 - INFO - chord#: 146 done. best_score=27.0, changed=519, unchanged=319, early_stops=8/8
26 - INFO - chord#: 148 In build_straw_man_chord_sa. tolerance = 1, sa_iterations = 1000, initial_temperature = 3.0, cooling_rate = 0.999
26 - INFO - chord#: 118 done. best_score=9.0, changed=502, unchanged=311, early_stops=8/8
26 - INFO - chord#: 120 In build_straw_man_chord_sa. tolerance = 1, sa_iterations = 1000, initial_temperature = 3.0, cooling_rate = 0.999
26 - INFO - chord#: 140 done. best_score=27.0, changed=529, unchanged=452, early_stops=8/8
26 - INFO - chord#: 142 In build_straw_man_chord_sa. tolerance = 1, sa_iterations = 1000, initial_temperature = 3.0, cooling_rate = 0.999
26 - INFO - chord#: 140 done. best_score=27.0, changed=521, unchanged=448, early_stops=8/8
26 - INFO - chord#: 142 In build_straw_man_chord_sa. tolerance = 1, sa_iterations = 1000, initial_temperature = 3.0, cooling_rate = 0.999
26 - INFO - chord#: 122 done. best_score=67.0, changed=617, unchanged=398, early_stops=8/8
26 - INFO - chord#: 124 In build_straw_man_chord_sa. tolerance = 1, sa_iterations = 1000, initial_temperature = 3.0, cooling_rate = 0.999
26 - INFO - chord#: 132 done. best_score=27.0, changed=519, unchanged=361, early_stops=8/8
26 - INFO - chord#: 134 In build_straw_man_chord_sa. tolerance = 1, sa_iterations = 1000, initial_temperature = 3.0, cooling_rate = 0.999
26 - INFO - chord#: 142 done. best_score=104.0, changed=613, unchanged=278, early_stops=8/8
26 - INFO - chord#: 144 In build_straw_man_chord_sa. tolerance = 1, sa_iterations = 1000, initial_temperature = 3.0, cooling_rate = 0.999
26 - INFO - chord#: 120 done. best_score=27.0, changed=518, unchanged=444, early_stops=8/8
26 - INFO - chord#: 122 In build_straw_man_chord_sa. tolerance = 1, sa_iterations = 1000, initial_temperature = 3.0, cooling_rate = 0.999
26 - INFO - chord#: 124 done. best_score=27.0, changed=522, unchanged=395, early_stops=8/8
26 - INFO - chord#: 128 In build_straw_man_chord_sa. tolerance = 1, sa_iterations = 1000, initial_temperature = 3.0, cooling_rate = 0.999
26 - INFO - chord#: 138 done. best_score=140.0, changed=617, unchanged=331, early_stops=8/8
26 - INFO - chord#: 140 In build_straw_man_chord_sa. tolerance = 1, sa_iterations = 1000, initial_temperature = 3.0, cooling_rate = 0.999
26 - INFO - chord#: 122 done. best_score=145.0, changed=606, unchanged=239, early_stops=8/8
26 - INFO - chord#: 124 In build_straw_man_chord_sa. tolerance = 1, sa_iterations = 1000, initial_temperature = 3.0, cooling_rate = 0.999
26 - INFO - chord#: 142 done. best_score=74.0, changed=610, unchanged=338, early_stops=8/8
26 - INFO - chord#: 144 In build_straw_man_chord_sa. tolerance = 1, sa_iterations = 1000, initial_temperature = 3.0, cooling_rate = 0.999
26 - INFO - chord#: 148 done. best_score=155.0, changed=610, unchanged=310, early_stops=8/8
26 - INFO - chord#: 150 In build_straw_man_chord_sa. tolerance = 1, sa_iterations = 1000, initial_temperature = 3.0, cooling_rate = 0.999
26 - INFO - chord#: 144 done. best_score=27.0, changed=525, unchanged=518, early_stops=8/8
26 - INFO - chord#: 146 In build_straw_man_chord_sa. tolerance = 1, sa_iterations = 1000, initial_temperature = 3.0, cooling_rate = 0.999
26 - INFO - chord#: 142 done. best_score=74.0, changed=612, unchanged=299, early_stops=8/8
26 - INFO - chord#: 144 In build_straw_man_chord_sa. tolerance = 1, sa_iterations = 1000, initial_temperature = 3.0, cooling_rate = 0.999
26 - INFO - chord#: 122 done. best_score=67.0, changed=617, unchanged=453, early_stops=8/8
26 - INFO - chord#: 124 In build_straw_man_chord_sa. tolerance = 1, sa_iterations = 1000, initial_temperature = 3.0, cooling_rate = 0.999
26 - INFO - chord#: 140 done. best_score=27.0, changed=522, unchanged=414, early_stops=8/8
26 - INFO - chord#: 142 In build_straw_man_chord_sa. tolerance = 1, sa_iterations = 1000, initial_temperature = 3.0, cooling_rate = 0.999
26 - INFO - chord#: 124 done. best_score=27.0, changed=516, unchanged=321, early_stops=8/8
26 - INFO - chord#: 128 In build_straw_man_chord_sa. tolerance = 1, sa_iterations = 1000, initial_temperature = 3.0, cooling_rate = 0.999
26 - INFO - chord#: 150 done. best_score=35.0, changed=538, unchanged=366, early_stops=8/8
26 - INFO - chord#: 152 In build_straw_man_chord_sa. tolerance = 1, sa_iterations = 1000, initial_temperature = 3.0, cooling_rate = 0.999
26 - INFO - chord#: 128 done. best_score=27.0, changed=518, unchanged=394, early_stops=8/8
26 - INFO - chord#: 130 In build_straw_man_chord_sa. tolerance = 1, sa_iterations = 1000, initial_temperature = 3.0, cooling_rate = 0.999
26 - INFO - chord#: 146 done. best_score=27.0, changed=529, unchanged=399, early_stops=8/8
26 - INFO - chord#: 148 In build_straw_man_chord_sa. tolerance = 1, sa_iterations = 1000, initial_temperature = 3.0, cooling_rate = 0.999
26 - INFO - chord#: 144 done. best_score=27.0, changed=524, unchanged=516, early_stops=8/8
26 - INFO - chord#: 146 In build_straw_man_chord_sa. tolerance = 1, sa_iterations = 1000, initial_temperature = 3.0, cooling_rate = 0.999
26 - INFO - chord#: 142 done. best_score=164.0, changed=615, unchanged=335, early_stops=8/8
26 - INFO - chord#: 144 In build_straw_man_chord_sa. tolerance = 1, sa_iterations = 1000, initial_temperature = 3.0, cooling_rate = 0.999
26 - INFO - chord#: 144 done. best_score=27.0, changed=517, unchanged=370, early_stops=8/8
26 - INFO - chord#: 146 In build_straw_man_chord_sa. tolerance = 1, sa_iterations = 1000, initial_temperature = 3.0, cooling_rate = 0.999
26 - INFO - chord#: 134 done. best_score=74.0, changed=618, unchanged=647, early_stops=8/8
26 - INFO - chord#: 136 In build_straw_man_chord_sa. tolerance = 1, sa_iterations = 1000, initial_temperature = 3.0, cooling_rate = 0.999
26 - INFO - chord#: 134 done. best_score=148.0, changed=608, unchanged=246, early_stops=8/8
26 - INFO - chord#: 136 In build_straw_man_chord_sa. tolerance = 1, sa_iterations = 1000, initial_temperature = 3.0, cooling_rate = 0.999
26 - INFO - chord#: 152 done. best_score=27.0, changed=528, unchanged=418, early_stops=8/8
26 - INFO - chord#: 154 In build_straw_man_chord_sa. tolerance = 1, sa_iterations = 1000, initial_temperature = 3.0, cooling_rate = 0.999
26 - INFO - chord#: 124 done. best_score=27.0, changed=516, unchanged=453, early_stops=8/8
26 - INFO - chord#: 128 In build_straw_man_chord_sa. tolerance = 1, sa_iterations = 1000, initial_temperature = 3.0, cooling_rate = 0.999
26 - INFO - chord#: 146 done. best_score=27.0, changed=515, unchanged=312, early_stops=8/8
26 - INFO - chord#: 148 In build_straw_man_chord_sa. tolerance = 1, sa_iterations = 1000, initial_temperature = 3.0, cooling_rate = 0.999
26 - INFO - chord#: 128 done. best_score=27.0, changed=524, unchanged=458, early_stops=8/8
26 - INFO - chord#: 130 In build_straw_man_chord_sa. tolerance = 1, sa_iterations = 1000, initial_temperature = 3.0, cooling_rate = 0.999
26 - INFO - chord#: 146 done. best_score=27.0, changed=523, unchanged=408, early_stops=8/8
26 - INFO - chord#: 148 In build_straw_man_chord_sa. tolerance = 1, sa_iterations = 1000, initial_temperature = 3.0, cooling_rate = 0.999
26 - INFO - chord#: 136 done. best_score=27.0, changed=523, unchanged=391, early_stops=8/8
26 - INFO - chord#: 138 In build_straw_man_chord_sa. tolerance = 1, sa_iterations = 1000, initial_temperature = 3.0, cooling_rate = 0.999
26 - INFO - chord#: 122 done. best_score=67.0, changed=615, unchanged=445, early_stops=8/8
26 - INFO - chord#: 124 In build_straw_man_chord_sa. tolerance = 1, sa_iterations = 1000, initial_temperature = 3.0, cooling_rate = 0.999
26 - INFO - chord#: 142 done. best_score=74.0, changed=606, unchanged=232, early_stops=8/8
26 - INFO - chord#: 144 In build_straw_man_chord_sa. tolerance = 1, sa_iterations = 1000, initial_temperature = 3.0, cooling_rate = 0.999
26 - INFO - chord#: 154 done. best_score=27.0, changed=518, unchanged=325, early_stops=8/8
26 - INFO - chord#: 156 In build_straw_man_chord_sa. tolerance = 1, sa_iterations = 1000, initial_temperature = 3.0, cooling_rate = 0.999
26 - INFO - chord#: 136 done. best_score=27.0, changed=519, unchanged=437, early_stops=8/8
26 - INFO - chord#: 138 In build_straw_man_chord_sa. tolerance = 1, sa_iterations = 1000, initial_temperature = 3.0, cooling_rate = 0.999
26 - INFO - chord#: 144 done. best_score=27.0, changed=524, unchanged=514, early_stops=8/8
26 - INFO - chord#: 146 In build_straw_man_chord_sa. tolerance = 1, sa_iterations = 1000, initial_temperature = 3.0, cooling_rate = 0.999
26 - INFO - chord#: 128 done. best_score=27.0, changed=529, unchanged=440, early_stops=8/8
26 - INFO - chord#: 130 In build_straw_man_chord_sa. tolerance = 1, sa_iterations = 1000, initial_temperature = 3.0, cooling_rate = 0.999
26 - INFO - chord#: 148 done. best_score=78.0, changed=613, unchanged=424, early_stops=8/8
26 - INFO - chord#: 150 In build_straw_man_chord_sa. tolerance = 1, sa_iterations = 1000, initial_temperature = 3.0, cooling_rate = 0.999
26 - INFO - chord#: 156 done. best_score=27.0, changed=531, unchanged=366, early_stops=8/8
26 - INFO - chord#: 124 done. best_score=27.0, changed=513, unchanged=304, early_stops=8/8
26 - INFO - chord#: 128 In build_straw_man_chord_sa. tolerance = 1, sa_iterations = 1000, initial_temperature = 3.0, cooling_rate = 0.999
26 - INFO - chord#: 130 done. best_score=137.0, changed=614, unchanged=303, early_stops=8/8
26 - INFO - chord#: 132 In build_straw_man_chord_sa. tolerance = 1, sa_iterations = 1000, initial_temperature = 3.0, cooling_rate = 0.999
26 - INFO - chord#: 144 done. best_score=27.0, changed=521, unchanged=463, early_stops=8/8
26 - INFO - chord#: 146 In build_straw_man_chord_sa. tolerance = 1, sa_iterations = 1000, initial_temperature = 3.0, cooling_rate = 0.999
26 - INFO - chord#: 146 done. best_score=27.0, changed=517, unchanged=367, early_stops=8/8
26 - INFO - chord#: 148 In build_straw_man_chord_sa. tolerance = 1, sa_iterations = 1000, initial_temperature = 3.0, cooling_rate = 0.999
26 - INFO - chord#: 148 done. best_score=119.0, changed=615, unchanged=324, early_stops=8/8
26 - INFO - chord#: 150 In build_straw_man_chord_sa. tolerance = 1, sa_iterations = 1000, initial_temperature = 3.0, cooling_rate = 0.999
26 - INFO - chord#: 150 done. best_score=37.0, changed=518, unchanged=358, early_stops=8/8
26 - INFO - chord#: 152 In build_straw_man_chord_sa. tolerance = 1, sa_iterations = 1000, initial_temperature = 3.0, cooling_rate = 0.999
26 - INFO - chord#: 148 done. best_score=140.0, changed=611, unchanged=391, early_stops=8/8
26 - INFO - chord#: 150 In build_straw_man_chord_sa. tolerance = 1, sa_iterations = 1000, initial_temperature = 3.0, cooling_rate = 0.999
26 - INFO - chord#: 130 done. best_score=142.0, changed=613, unchanged=268, early_stops=8/8
26 - INFO - chord#: 132 In build_straw_man_chord_sa. tolerance = 1, sa_iterations = 1000, initial_temperature = 3.0, cooling_rate = 0.999
26 - INFO - chord#: 138 done. best_score=142.0, changed=613, unchanged=292, early_stops=8/8
26 - INFO - chord#: 140 In build_straw_man_chord_sa. tolerance = 1, sa_iterations = 1000, initial_temperature = 3.0, cooling_rate = 0.999
26 - INFO - chord#: 146 done. best_score=27.0, changed=527, unchanged=388, early_stops=8/8
26 - INFO - chord#: 148 In build_straw_man_chord_sa. tolerance = 1, sa_iterations = 1000, initial_temperature = 3.0, cooling_rate = 0.999
26 - INFO - chord#: 128 done. best_score=27.0, changed=517, unchanged=378, early_stops=8/8
26 - INFO - chord#: 130 In build_straw_man_chord_sa. tolerance = 1, sa_iterations = 1000, initial_temperature = 3.0, cooling_rate = 0.999
26 - INFO - chord#: 132 done. best_score=27.0, changed=523, unchanged=408, early_stops=8/8
26 - INFO - chord#: 134 In build_straw_man_chord_sa. tolerance = 1, sa_iterations = 1000, initial_temperature = 3.0, cooling_rate = 0.999
26 - INFO - chord#: 150 done. best_score=37.0, changed=529, unchanged=407, early_stops=8/8
26 - INFO - chord#: 152 In build_straw_man_chord_sa. tolerance = 1, sa_iterations = 1000, initial_temperature = 3.0, cooling_rate = 0.999
26 - INFO - chord#: 150 done. best_score=37.0, changed=523, unchanged=325, early_stops=8/8
26 - INFO - chord#: 152 In build_straw_man_chord_sa. tolerance = 1, sa_iterations = 1000, initial_temperature = 3.0, cooling_rate = 0.999
26 - INFO - chord#: 138 done. best_score=140.0, changed=609, unchanged=284, early_stops=8/8
26 - INFO - chord#: 140 In build_straw_man_chord_sa. tolerance = 1, sa_iterations = 1000, initial_temperature = 3.0, cooling_rate = 0.999
26 - INFO - chord#: 140 done. best_score=27.0, changed=528, unchanged=409, early_stops=8/8
26 - INFO - chord#: 142 In build_straw_man_chord_sa. tolerance = 1, sa_iterations = 1000, initial_temperature = 3.0, cooling_rate = 0.999
26 - INFO - chord#: 132 done. best_score=27.0, changed=517, unchanged=408, early_stops=8/8
26 - INFO - chord#: 134 In build_straw_man_chord_sa. tolerance = 1, sa_iterations = 1000, initial_temperature = 3.0, cooling_rate = 0.999
26 - INFO - chord#: 152 done. best_score=27.0, changed=517, unchanged=512, early_stops=8/8
26 - INFO - chord#: 154 In build_straw_man_chord_sa. tolerance = 1, sa_iterations = 1000, initial_temperature = 3.0, cooling_rate = 0.999
26 - INFO - chord#: 130 done. best_score=140.0, changed=611, unchanged=227, early_stops=8/8
26 - INFO - chord#: 132 In build_straw_man_chord_sa. tolerance = 1, sa_iterations = 1000, initial_temperature = 3.0, cooling_rate = 0.999
26 - INFO - chord#: 152 done. best_score=27.0, changed=527, unchanged=569, early_stops=8/8
26 - INFO - chord#: 154 In build_straw_man_chord_sa. tolerance = 1, sa_iterations = 1000, initial_temperature = 3.0, cooling_rate = 0.999
26 - INFO - chord#: 152 done. best_score=27.0, changed=517, unchanged=346, early_stops=8/8
26 - INFO - chord#: 154 done. best_score=27.0, changed=517, unchanged=344, early_stops=8/8
26 - INFO - chord#: 156 In build_straw_man_chord_sa. tolerance = 1, sa_iterations = 1000, initial_temperature = 3.0, cooling_rate = 0.999
26 - INFO - chord#: 154 In build_straw_man_chord_sa. tolerance = 1, sa_iterations = 1000, initial_temperature = 3.0, cooling_rate = 0.999
26 - INFO - chord#: 140 done. best_score=27.0, changed=530, unchanged=473, early_stops=8/8
26 - INFO - chord#: 142 In build_straw_man_chord_sa. tolerance = 1, sa_iterations = 1000, initial_temperature = 3.0, cooling_rate = 0.999
26 - INFO - chord#: 148 done. best_score=67.0, changed=614, unchanged=249, early_stops=8/8
26 - INFO - chord#: 150 In build_straw_man_chord_sa. tolerance = 1, sa_iterations = 1000, initial_temperature = 3.0, cooling_rate = 0.999
26 - INFO - chord#: 132 done. best_score=27.0, changed=524, unchanged=573, early_stops=8/8
26 - INFO - chord#: 134 In build_straw_man_chord_sa. tolerance = 1, sa_iterations = 1000, initial_temperature = 3.0, cooling_rate = 0.999
26 - INFO - chord#: 148 done. best_score=67.0, changed=619, unchanged=558, early_stops=8/8
26 - INFO - chord#: 150 In build_straw_man_chord_sa. tolerance = 1, sa_iterations = 1000, initial_temperature = 3.0, cooling_rate = 0.999
26 - INFO - chord#: 142 done. best_score=121.0, changed=609, unchanged=232, early_stops=8/8
26 - INFO - chord#: 144 In build_straw_man_chord_sa. tolerance = 1, sa_iterations = 1000, initial_temperature = 3.0, cooling_rate = 0.999
26 - INFO - chord#: 156 done. best_score=27.0, changed=526, unchanged=343, early_stops=8/8
26 - INFO - chord#: 154 done. best_score=27.0, changed=519, unchanged=305, early_stops=8/8
26 - INFO - chord#: 156 In build_straw_man_chord_sa. tolerance = 1, sa_iterations = 1000, initial_temperature = 3.0, cooling_rate = 0.999
26 - INFO - chord#: 154 done. best_score=27.0, changed=517, unchanged=339, early_stops=8/8
26 - INFO - chord#: 156 In build_straw_man_chord_sa. tolerance = 1, sa_iterations = 1000, initial_temperature = 3.0, cooling_rate = 0.999
26 - INFO - chord#: 150 done. best_score=35.0, changed=535, unchanged=314, early_stops=8/8
26 - INFO - chord#: 152 In build_straw_man_chord_sa. tolerance = 1, sa_iterations = 1000, initial_temperature = 3.0, cooling_rate = 0.999
26 - INFO - chord#: 150 done. best_score=35.0, changed=534, unchanged=338, early_stops=8/8
26 - INFO - chord#: 152 In build_straw_man_chord_sa. tolerance = 1, sa_iterations = 1000, initial_temperature = 3.0, cooling_rate = 0.999
26 - INFO - chord#: 130 done. best_score=67.0, changed=617, unchanged=374, early_stops=8/8
26 - INFO - chord#: 132 In build_straw_man_chord_sa. tolerance = 1, sa_iterations = 1000, initial_temperature = 3.0, cooling_rate = 0.999
26 - INFO - chord#: 134 done. best_score=74.0, changed=616, unchanged=440, early_stops=8/8
26 - INFO - chord#: 136 In build_straw_man_chord_sa. tolerance = 1, sa_iterations = 1000, initial_temperature = 3.0, cooling_rate = 0.999
26 - INFO - chord#: 144 done. best_score=27.0, changed=518, unchanged=384, early_stops=8/8
26 - INFO - chord#: 146 In build_straw_man_chord_sa. tolerance = 1, sa_iterations = 1000, initial_temperature = 3.0, cooling_rate = 0.999
26 - INFO - chord#: 134 done. best_score=104.0, changed=610, unchanged=432, early_stops=8/8
26 - INFO - chord#: 136 In build_straw_man_chord_sa. tolerance = 1, sa_iterations = 1000, initial_temperature = 3.0, cooling_rate = 0.999
26 - INFO - chord#: 152 done. best_score=27.0, changed=514, unchanged=381, early_stops=8/8
26 - INFO - chord#: 154 In build_straw_man_chord_sa. tolerance = 1, sa_iterations = 1000, initial_temperature = 3.0, cooling_rate = 0.999
26 - INFO - chord#: 156 done. best_score=27.0, changed=523, unchanged=362, early_stops=8/8
26 - INFO - chord#: 152 done. best_score=27.0, changed=525, unchanged=446, early_stops=8/8
26 - INFO - chord#: 154 In build_straw_man_chord_sa. tolerance = 1, sa_iterations = 1000, initial_temperature = 3.0, cooling_rate = 0.999
26 - INFO - chord#: 156 done. best_score=27.0, changed=523, unchanged=349, early_stops=8/8
26 - INFO - chord#: 132 done. best_score=27.0, changed=516, unchanged=394, early_stops=8/8
26 - INFO - chord#: 134 In build_straw_man_chord_sa. tolerance = 1, sa_iterations = 1000, initial_temperature = 3.0, cooling_rate = 0.999
26 - INFO - chord#: 146 done. best_score=27.0, changed=531, unchanged=413, early_stops=8/8
26 - INFO - chord#: 148 In build_straw_man_chord_sa. tolerance = 1, sa_iterations = 1000, initial_temperature = 3.0, cooling_rate = 0.999
26 - INFO - chord#: 136 done. best_score=27.0, changed=520, unchanged=436, early_stops=8/8
26 - INFO - chord#: 138 In build_straw_man_chord_sa. tolerance = 1, sa_iterations = 1000, initial_temperature = 3.0, cooling_rate = 0.999
26 - INFO - chord#: 134 done. best_score=74.0, changed=611, unchanged=337, early_stops=8/8
26 - INFO - chord#: 136 In build_straw_man_chord_sa. tolerance = 1, sa_iterations = 1000, initial_temperature = 3.0, cooling_rate = 0.999
26 - INFO - chord#: 154 done. best_score=27.0, changed=520, unchanged=417, early_stops=8/8
26 - INFO - chord#: 156 In build_straw_man_chord_sa. tolerance = 1, sa_iterations = 1000, initial_temperature = 3.0, cooling_rate = 0.999
26 - INFO - chord#: 154 done. best_score=27.0, changed=519, unchanged=339, early_stops=8/8
26 - INFO - chord#: 156 In build_straw_man_chord_sa. tolerance = 1, sa_iterations = 1000, initial_temperature = 3.0, cooling_rate = 0.999
26 - INFO - chord#: 136 done. best_score=27.0, changed=514, unchanged=342, early_stops=8/8
26 - INFO - chord#: 138 In build_straw_man_chord_sa. tolerance = 1, sa_iterations = 1000, initial_temperature = 3.0, cooling_rate = 0.999
26 - INFO - chord#: 142 done. best_score=74.0, changed=612, unchanged=409, early_stops=8/8
26 - INFO - chord#: 144 In build_straw_man_chord_sa. tolerance = 1, sa_iterations = 1000, initial_temperature = 3.0, cooling_rate = 0.999
26 - INFO - chord#: 156 done. best_score=27.0, changed=528, unchanged=379, early_stops=8/8
26 - INFO - chord#: 136 done. best_score=27.0, changed=527, unchanged=395, early_stops=8/8
26 - INFO - chord#: 138 In build_straw_man_chord_sa. tolerance = 1, sa_iterations = 1000, initial_temperature = 3.0, cooling_rate = 0.999
26 - INFO - chord#: 156 done. best_score=27.0, changed=527, unchanged=450, early_stops=8/8
26 - INFO - chord#: 144 done. best_score=27.0, changed=513, unchanged=356, early_stops=8/8
26 - INFO - chord#: 146 In build_straw_man_chord_sa. tolerance = 1, sa_iterations = 1000, initial_temperature = 3.0, cooling_rate = 0.999
26 - INFO - chord#: 148 done. best_score=67.0, changed=606, unchanged=355, early_stops=8/8
26 - INFO - chord#: 150 In build_straw_man_chord_sa. tolerance = 1, sa_iterations = 1000, initial_temperature = 3.0, cooling_rate = 0.999
26 - INFO - chord#: 134 done. best_score=74.0, changed=612, unchanged=227, early_stops=8/8
26 - INFO - chord#: 136 In build_straw_man_chord_sa. tolerance = 1, sa_iterations = 1000, initial_temperature = 3.0, cooling_rate = 0.999
26 - INFO - chord#: 138 done. best_score=140.0, changed=621, unchanged=294, early_stops=8/8
26 - INFO - chord#: 140 In build_straw_man_chord_sa. tolerance = 1, sa_iterations = 1000, initial_temperature = 3.0, cooling_rate = 0.999
26 - INFO - chord#: 138 done. best_score=143.0, changed=618, unchanged=492, early_stops=8/8
26 - INFO - chord#: 140 In build_straw_man_chord_sa. tolerance = 1, sa_iterations = 1000, initial_temperature = 3.0, cooling_rate = 0.999
26 - INFO - chord#: 146 done. best_score=27.0, changed=522, unchanged=412, early_stops=8/8
26 - INFO - chord#: 148 In build_straw_man_chord_sa. tolerance = 1, sa_iterations = 1000, initial_temperature = 3.0, cooling_rate = 0.999
26 - INFO - chord#: 150 done. best_score=35.0, changed=533, unchanged=366, early_stops=8/8
26 - INFO - chord#: 152 In build_straw_man_chord_sa. tolerance = 1, sa_iterations = 1000, initial_temperature = 3.0, cooling_rate = 0.999
26 - INFO - chord#: 136 done. best_score=27.0, changed=527, unchanged=458, early_stops=8/8
26 - INFO - chord#: 138 In build_straw_man_chord_sa. tolerance = 1, sa_iterations = 1000, initial_temperature = 3.0, cooling_rate = 0.999
26 - INFO - chord#: 140 done. best_score=27.0, changed=517, unchanged=473, early_stops=8/8
26 - INFO - chord#: 142 In build_straw_man_chord_sa. tolerance = 1, sa_iterations = 1000, initial_temperature = 3.0, cooling_rate = 0.999
26 - INFO - chord#: 140 done. best_score=27.0, changed=523, unchanged=412, early_stops=8/8
26 - INFO - chord#: 142 In build_straw_man_chord_sa. tolerance = 1, sa_iterations = 1000, initial_temperature = 3.0, cooling_rate = 0.999
26 - INFO - chord#: 138 done. best_score=142.0, changed=612, unchanged=407, early_stops=8/8
26 - INFO - chord#: 140 In build_straw_man_chord_sa. tolerance = 1, sa_iterations = 1000, initial_temperature = 3.0, cooling_rate = 0.999
26 - INFO - chord#: 152 done. best_score=27.0, changed=512, unchanged=340, early_stops=8/8
26 - INFO - chord#: 154 In build_straw_man_chord_sa. tolerance = 1, sa_iterations = 1000, initial_temperature = 3.0, cooling_rate = 0.999
26 - INFO - chord#: 140 done. best_score=27.0, changed=525, unchanged=514, early_stops=8/8
26 - INFO - chord#: 142 In build_straw_man_chord_sa. tolerance = 1, sa_iterations = 1000, initial_temperature = 3.0, cooling_rate = 0.999
26 - INFO - chord#: 154 done. best_score=27.0, changed=518, unchanged=317, early_stops=8/8
26 - INFO - chord#: 156 In build_straw_man_chord_sa. tolerance = 1, sa_iterations = 1000, initial_temperature = 3.0, cooling_rate = 0.999
26 - INFO - chord#: 148 done. best_score=67.0, changed=618, unchanged=314, early_stops=8/8
26 - INFO - chord#: 150 In build_straw_man_chord_sa. tolerance = 1, sa_iterations = 1000, initial_temperature = 3.0, cooling_rate = 0.999
26 - INFO - chord#: 142 done. best_score=74.0, changed=614, unchanged=288, early_stops=8/8
26 - INFO - chord#: 144 In build_straw_man_chord_sa. tolerance = 1, sa_iterations = 1000, initial_temperature = 3.0, cooling_rate = 0.999
26 - INFO - chord#: 150 done. best_score=35.0, changed=538, unchanged=282, early_stops=8/8
26 - INFO - chord#: 152 In build_straw_man_chord_sa. tolerance = 1, sa_iterations = 1000, initial_temperature = 3.0, cooling_rate = 0.999
26 - INFO - chord#: 156 done. best_score=27.0, changed=524, unchanged=332, early_stops=8/8
26 - INFO - chord#: 138 done. best_score=140.0, changed=615, unchanged=402, early_stops=8/8
26 - INFO - chord#: 140 In build_straw_man_chord_sa. tolerance = 1, sa_iterations = 1000, initial_temperature = 3.0, cooling_rate = 0.999
26 - INFO - chord#: 142 done. best_score=74.0, changed=613, unchanged=311, early_stops=8/8
26 - INFO - chord#: 144 In build_straw_man_chord_sa. tolerance = 1, sa_iterations = 1000, initial_temperature = 3.0, cooling_rate = 0.999
26 - INFO - chord#: 140 done. best_score=27.0, changed=513, unchanged=310, early_stops=8/8
26 - INFO - chord#: 142 In build_straw_man_chord_sa. tolerance = 1, sa_iterations = 1000, initial_temperature = 3.0, cooling_rate = 0.999
26 - INFO - chord#: 144 done. best_score=27.0, changed=530, unchanged=483, early_stops=8/8
26 - INFO - chord#: 146 In build_straw_man_chord_sa. tolerance = 1, sa_iterations = 1000, initial_temperature = 3.0, cooling_rate = 0.999
26 - INFO - chord#: 152 done. best_score=27.0, changed=516, unchanged=439, early_stops=8/8
26 - INFO - chord#: 154 In build_straw_man_chord_sa. tolerance = 1, sa_iterations = 1000, initial_temperature = 3.0, cooling_rate = 0.999
26 - INFO - chord#: 144 done. best_score=27.0, changed=523, unchanged=332, early_stops=8/8
26 - INFO - chord#: 146 In build_straw_man_chord_sa. tolerance = 1, sa_iterations = 1000, initial_temperature = 3.0, cooling_rate = 0.999
26 - INFO - chord#: 142 done. best_score=74.0, changed=617, unchanged=462, early_stops=8/8
26 - INFO - chord#: 144 In build_straw_man_chord_sa. tolerance = 1, sa_iterations = 1000, initial_temperature = 3.0, cooling_rate = 0.999
26 - INFO - chord#: 146 done. best_score=27.0, changed=526, unchanged=424, early_stops=8/8
26 - INFO - chord#: 148 In build_straw_man_chord_sa. tolerance = 1, sa_iterations = 1000, initial_temperature = 3.0, cooling_rate = 0.999
26 - INFO - chord#: 154 done. best_score=27.0, changed=529, unchanged=377, early_stops=8/8
26 - INFO - chord#: 156 In build_straw_man_chord_sa. tolerance = 1, sa_iterations = 1000, initial_temperature = 3.0, cooling_rate = 0.999
26 - INFO - chord#: 146 done. best_score=27.0, changed=526, unchanged=395, early_stops=8/8
26 - INFO - chord#: 148 In build_straw_man_chord_sa. tolerance = 1, sa_iterations = 1000, initial_temperature = 3.0, cooling_rate = 0.999
26 - INFO - chord#: 156 done. best_score=27.0, changed=523, unchanged=354, early_stops=8/8
26 - INFO - chord#: 142 done. best_score=168.0, changed=605, unchanged=202, early_stops=8/8
26 - INFO - chord#: 144 In build_straw_man_chord_sa. tolerance = 1, sa_iterations = 1000, initial_temperature = 3.0, cooling_rate = 0.999
26 - INFO - chord#: 144 done. best_score=27.0, changed=523, unchanged=534, early_stops=8/8
26 - INFO - chord#: 146 In build_straw_man_chord_sa. tolerance = 1, sa_iterations = 1000, initial_temperature = 3.0, cooling_rate = 0.999
26 - INFO - chord#: 146 done. best_score=27.0, changed=519, unchanged=307, early_stops=8/8
26 - INFO - chord#: 148 In build_straw_man_chord_sa. tolerance = 1, sa_iterations = 1000, initial_temperature = 3.0, cooling_rate = 0.999
26 - INFO - chord#: 144 done. best_score=27.0, changed=526, unchanged=463, early_stops=8/8
26 - INFO - chord#: 146 In build_straw_man_chord_sa. tolerance = 1, sa_iterations = 1000, initial_temperature = 3.0, cooling_rate = 0.999
26 - INFO - chord#: 148 done. best_score=166.0, changed=612, unchanged=257, early_stops=8/8
26 - INFO - chord#: 150 In build_straw_man_chord_sa. tolerance = 1, sa_iterations = 1000, initial_temperature = 3.0, cooling_rate = 0.999
26 - INFO - chord#: 148 done. best_score=137.0, changed=614, unchanged=345, early_stops=8/8
26 - INFO - chord#: 150 In build_straw_man_chord_sa. tolerance = 1, sa_iterations = 1000, initial_temperature = 3.0, cooling_rate = 0.999
26 - INFO - chord#: 150 done. best_score=35.0, changed=533, unchanged=301, early_stops=8/8
26 - INFO - chord#: 152 In build_straw_man_chord_sa. tolerance = 1, sa_iterations = 1000, initial_temperature = 3.0, cooling_rate = 0.999
26 - INFO - chord#: 150 done. best_score=37.0, changed=528, unchanged=347, early_stops=8/8
26 - INFO - chord#: 152 In build_straw_man_chord_sa. tolerance = 1, sa_iterations = 1000, initial_temperature = 3.0, cooling_rate = 0.999
26 - INFO - chord#: 146 done. best_score=27.0, changed=531, unchanged=447, early_stops=8/8
26 - INFO - chord#: 148 In build_straw_man_chord_sa. tolerance = 1, sa_iterations = 1000, initial_temperature = 3.0, cooling_rate = 0.999
26 - INFO - chord#: 148 done. best_score=67.0, changed=611, unchanged=376, early_stops=8/8
26 - INFO - chord#: 150 In build_straw_man_chord_sa. tolerance = 1, sa_iterations = 1000, initial_temperature = 3.0, cooling_rate = 0.999
26 - INFO - chord#: 152 done. best_score=27.0, changed=524, unchanged=502, early_stops=8/8
26 - INFO - chord#: 154 In build_straw_man_chord_sa. tolerance = 1, sa_iterations = 1000, initial_temperature = 3.0, cooling_rate = 0.999
26 - INFO - chord#: 152 done. best_score=27.0, changed=518, unchanged=507, early_stops=8/8
26 - INFO - chord#: 154 In build_straw_man_chord_sa. tolerance = 1, sa_iterations = 1000, initial_temperature = 3.0, cooling_rate = 0.999
26 - INFO - chord#: 150 done. best_score=35.0, changed=543, unchanged=344, early_stops=8/8
26 - INFO - chord#: 152 In build_straw_man_chord_sa. tolerance = 1, sa_iterations = 1000, initial_temperature = 3.0, cooling_rate = 0.999
26 - INFO - chord#: 154 done. best_score=27.0, changed=522, unchanged=498, early_stops=8/8
26 - INFO - chord#: 156 In build_straw_man_chord_sa. tolerance = 1, sa_iterations = 1000, initial_temperature = 3.0, cooling_rate = 0.999
26 - INFO - chord#: 154 done. best_score=27.0, changed=527, unchanged=471, early_stops=8/8
26 - INFO - chord#: 156 In build_straw_man_chord_sa. tolerance = 1, sa_iterations = 1000, initial_temperature = 3.0, cooling_rate = 0.999
26 - INFO - chord#: 148 done. best_score=78.0, changed=616, unchanged=567, early_stops=8/8
26 - INFO - chord#: 150 In build_straw_man_chord_sa. tolerance = 1, sa_iterations = 1000, initial_temperature = 3.0, cooling_rate = 0.999
26 - INFO - chord#: 152 done. best_score=27.0, changed=520, unchanged=436, early_stops=8/8
26 - INFO - chord#: 154 In build_straw_man_chord_sa. tolerance = 1, sa_iterations = 1000, initial_temperature = 3.0, cooling_rate = 0.999
26 - INFO - chord#: 156 done. best_score=27.0, changed=529, unchanged=500, early_stops=8/8
26 - INFO - chord#: 156 done. best_score=27.0, changed=522, unchanged=407, early_stops=8/8
26 - INFO - chord#: 150 done. best_score=35.0, changed=518, unchanged=376, early_stops=8/8
26 - INFO - chord#: 152 In build_straw_man_chord_sa. tolerance = 1, sa_iterations = 1000, initial_temperature = 3.0, cooling_rate = 0.999
26 - INFO - chord#: 154 done. best_score=27.0, changed=531, unchanged=381, early_stops=8/8
26 - INFO - chord#: 156 In build_straw_man_chord_sa. tolerance = 1, sa_iterations = 1000, initial_temperature = 3.0, cooling_rate = 0.999
26 - INFO - chord#: 152 done. best_score=27.0, changed=512, unchanged=304, early_stops=8/8
26 - INFO - chord#: 154 In build_straw_man_chord_sa. tolerance = 1, sa_iterations = 1000, initial_temperature = 3.0, cooling_rate = 0.999
26 - INFO - chord#: 156 done. best_score=27.0, changed=523, unchanged=332, early_stops=8/8
26 - INFO - chord#: 154 done. best_score=27.0, changed=530, unchanged=385, early_stops=8/8
26 - INFO - chord#: 156 In build_straw_man_chord_sa. tolerance = 1, sa_iterations = 1000, initial_temperature = 3.0, cooling_rate = 0.999
26 - INFO - chord#: 156 done. best_score=27.0, changed=526, unchanged=395, early_stops=8/8
26 - INFO - chord#: 0 In build_straw_man_chord_sa. tolerance = 1, sa_iterations = 1000, initial_temperature = 3.0, cooling_rate = 0.999
26 - INFO - chord#: 0 In build_straw_man_chord_sa. tolerance = 1, sa_iterations = 1000, initial_temperature = 3.0, cooling_rate = 0.999
26 - INFO - chord#: 0 In build_straw_man_chord_sa. tolerance = 1, sa_iterations = 1000, initial_temperature = 3.0, cooling_rate = 0.999
26 - INFO - chord#: 0 In build_straw_man_chord_sa. tolerance = 1, sa_iterations = 1000, initial_temperature = 3.0, cooling_rate = 0.999
26 - INFO - chord#: 0 In build_straw_man_chord_sa. tolerance = 1, sa_iterations = 1000, initial_temperature = 3.0, cooling_rate = 0.999
26 - INFO - chord#: 0 In build_straw_man_chord_sa. tolerance = 1, sa_iterations = 1000, initial_temperature = 3.0, cooling_rate = 0.999
26 - INFO - chord#: 0 In build_straw_man_chord_sa. tolerance = 1, sa_iterations = 1000, initial_temperature = 3.0, cooling_rate = 0.999
26 - INFO - chord#: 0 In build_straw_man_chord_sa. tolerance = 1, sa_iterations = 1000, initial_temperature = 3.0, cooling_rate = 0.999
26 - INFO - chord#: 0 In build_straw_man_chord_sa. tolerance = 1, sa_iterations = 1000, initial_temperature = 3.0, cooling_rate = 0.999
26 - INFO - chord#: 0 In build_straw_man_chord_sa. tolerance = 1, sa_iterations = 1000, initial_temperature = 3.0, cooling_rate = 0.999
26 - INFO - chord#: 0 In build_straw_man_chord_sa. tolerance = 1, sa_iterations = 1000, initial_temperature = 3.0, cooling_rate = 0.999
26 - INFO - chord#: 0 In build_straw_man_chord_sa. tolerance = 1, sa_iterations = 1000, initial_temperature = 3.0, cooling_rate = 0.999
26 - INFO - chord#: 0 done. best_score=27.0, changed=518, unchanged=350, early_stops=8/8
26 - INFO - chord#: 2 In build_straw_man_chord_sa. tolerance = 1, sa_iterations = 1000, initial_temperature = 3.0, cooling_rate = 0.999
26 - INFO - chord#: 0 done. best_score=27.0, changed=525, unchanged=353, early_stops=8/8
26 - INFO - chord#: 2 In build_straw_man_chord_sa. tolerance = 1, sa_iterations = 1000, initial_temperature = 3.0, cooling_rate = 0.999
26 - INFO - chord#: 0 done. best_score=27.0, changed=519, unchanged=380, early_stops=8/8
26 - INFO - chord#: 2 In build_straw_man_chord_sa. tolerance = 1, sa_iterations = 1000, initial_temperature = 3.0, cooling_rate = 0.999
26 - INFO - chord#: 0 done. best_score=27.0, changed=516, unchanged=416, early_stops=8/8
26 - INFO - chord#: 2 In build_straw_man_chord_sa. tolerance = 1, sa_iterations = 1000, initial_temperature = 3.0, cooling_rate = 0.999
26 - INFO - chord#: 0 done. best_score=27.0, changed=524, unchanged=468, early_stops=8/8
26 - INFO - chord#: 2 In build_straw_man_chord_sa. tolerance = 1, sa_iterations = 1000, initial_temperature = 3.0, cooling_rate = 0.999
26 - INFO - chord#: 0 done. best_score=27.0, changed=513, unchanged=346, early_stops=8/8
26 - INFO - chord#: 2 In build_straw_man_chord_sa. tolerance = 1, sa_iterations = 1000, initial_temperature = 3.0, cooling_rate = 0.999
26 - INFO - chord#: 0 done. best_score=27.0, changed=517, unchanged=411, early_stops=8/8
26 - INFO - chord#: 2 In build_straw_man_chord_sa. tolerance = 1, sa_iterations = 1000, initial_temperature = 3.0, cooling_rate = 0.999
26 - INFO - chord#: 0 done. best_score=27.0, changed=518, unchanged=527, early_stops=8/8
26 - INFO - chord#: 2 In build_straw_man_chord_sa. tolerance = 1, sa_iterations = 1000, initial_temperature = 3.0, cooling_rate = 0.999
26 - INFO - chord#: 0 done. best_score=27.0, changed=518, unchanged=394, early_stops=8/8
26 - INFO - chord#: 2 In build_straw_man_chord_sa. tolerance = 1, sa_iterations = 1000, initial_temperature = 3.0, cooling_rate = 0.999
26 - INFO - chord#: 0 done. best_score=27.0, changed=520, unchanged=446, early_stops=8/8
26 - INFO - chord#: 2 In build_straw_man_chord_sa. tolerance = 1, sa_iterations = 1000, initial_temperature = 3.0, cooling_rate = 0.999
26 - INFO - chord#: 0 done. best_score=27.0, changed=524, unchanged=462, early_stops=8/8
26 - INFO - chord#: 2 In build_straw_man_chord_sa. tolerance = 1, sa_iterations = 1000, initial_temperature = 3.0, cooling_rate = 0.999
26 - INFO - chord#: 0 done. best_score=27.0, changed=531, unchanged=596, early_stops=8/8
26 - INFO - chord#: 2 In build_straw_man_chord_sa. tolerance = 1, sa_iterations = 1000, initial_temperature = 3.0, cooling_rate = 0.999
26 - INFO - chord#: 2 done. best_score=27.0, changed=521, unchanged=412, early_stops=8/8
26 - INFO - chord#: 4 In build_straw_man_chord_sa. tolerance = 1, sa_iterations = 1000, initial_temperature = 3.0, cooling_rate = 0.999
26 - INFO - chord#: 2 done. best_score=27.0, changed=521, unchanged=454, early_stops=8/8
26 - INFO - chord#: 4 In build_straw_man_chord_sa. tolerance = 1, sa_iterations = 1000, initial_temperature = 3.0, cooling_rate = 0.999
26 - INFO - chord#: 2 done. best_score=27.0, changed=516, unchanged=327, early_stops=8/8
26 - INFO - chord#: 4 In build_straw_man_chord_sa. tolerance = 1, sa_iterations = 1000, initial_temperature = 3.0, cooling_rate = 0.999
26 - INFO - chord#: 2 done. best_score=27.0, changed=523, unchanged=457, early_stops=8/8
26 - INFO - chord#: 4 In build_straw_man_chord_sa. tolerance = 1, sa_iterations = 1000, initial_temperature = 3.0, cooling_rate = 0.999
26 - INFO - chord#: 2 done. best_score=27.0, changed=526, unchanged=496, early_stops=8/8
26 - INFO - chord#: 4 In build_straw_man_chord_sa. tolerance = 1, sa_iterations = 1000, initial_temperature = 3.0, cooling_rate = 0.999
26 - INFO - chord#: 2 done. best_score=27.0, changed=521, unchanged=402, early_stops=8/8
26 - INFO - chord#: 4 In build_straw_man_chord_sa. tolerance = 1, sa_iterations = 1000, initial_temperature = 3.0, cooling_rate = 0.999
26 - INFO - chord#: 2 done. best_score=27.0, changed=529, unchanged=325, early_stops=8/8
26 - INFO - chord#: 4 In build_straw_man_chord_sa. tolerance = 1, sa_iterations = 1000, initial_temperature = 3.0, cooling_rate = 0.999
26 - INFO - chord#: 2 done. best_score=27.0, changed=521, unchanged=378, early_stops=8/8
26 - INFO - chord#: 4 In build_straw_man_chord_sa. tolerance = 1, sa_iterations = 1000, initial_temperature = 3.0, cooling_rate = 0.999
26 - INFO - chord#: 2 done. best_score=27.0, changed=520, unchanged=484, early_stops=8/8
26 - INFO - chord#: 4 In build_straw_man_chord_sa. tolerance = 1, sa_iterations = 1000, initial_temperature = 3.0, cooling_rate = 0.999
26 - INFO - chord#: 2 done. best_score=27.0, changed=519, unchanged=331, early_stops=8/8
26 - INFO - chord#: 4 In build_straw_man_chord_sa. tolerance = 1, sa_iterations = 1000, initial_temperature = 3.0, cooling_rate = 0.999
26 - INFO - chord#: 2 done. best_score=27.0, changed=523, unchanged=458, early_stops=8/8
26 - INFO - chord#: 4 In build_straw_man_chord_sa. tolerance = 1, sa_iterations = 1000, initial_temperature = 3.0, cooling_rate = 0.999
26 - INFO - chord#: 2 done. best_score=27.0, changed=527, unchanged=397, early_stops=8/8
26 - INFO - chord#: 4 In build_straw_man_chord_sa. tolerance = 1, sa_iterations = 1000, initial_temperature = 3.0, cooling_rate = 0.999
26 - INFO - chord#: 4 done. best_score=27.0, changed=517, unchanged=352, early_stops=8/8
26 - INFO - chord#: 8 In build_straw_man_chord_sa. tolerance = 1, sa_iterations = 1000, initial_temperature = 3.0, cooling_rate = 0.999
26 - INFO - chord#: 4 done. best_score=27.0, changed=526, unchanged=407, early_stops=8/8
26 - INFO - chord#: 8 In build_straw_man_chord_sa. tolerance = 1, sa_iterations = 1000, initial_temperature = 3.0, cooling_rate = 0.999
26 - INFO - chord#: 4 done. best_score=27.0, changed=522, unchanged=454, early_stops=8/8
26 - INFO - chord#: 8 In build_straw_man_chord_sa. tolerance = 1, sa_iterations = 1000, initial_temperature = 3.0, cooling_rate = 0.999
26 - INFO - chord#: 4 done. best_score=27.0, changed=530, unchanged=478, early_stops=8/8
26 - INFO - chord#: 8 In build_straw_man_chord_sa. tolerance = 1, sa_iterations = 1000, initial_temperature = 3.0, cooling_rate = 0.999
26 - INFO - chord#: 4 done. best_score=27.0, changed=517, unchanged=445, early_stops=8/8
26 - INFO - chord#: 8 In build_straw_man_chord_sa. tolerance = 1, sa_iterations = 1000, initial_temperature = 3.0, cooling_rate = 0.999
26 - INFO - chord#: 4 done. best_score=27.0, changed=528, unchanged=549, early_stops=8/8
26 - INFO - chord#: 4 done. best_score=27.0, changed=522, unchanged=419, early_stops=8/8
26 - INFO - chord#: 8 In build_straw_man_chord_sa. tolerance = 1, sa_iterations = 1000, initial_temperature = 3.0, cooling_rate = 0.999
26 - INFO - chord#: 4 done. best_score=27.0, changed=520, unchanged=365, early_stops=8/8
26 - INFO - chord#: 4 done. best_score=27.0, changed=523, unchanged=495, early_stops=8/8
26 - INFO - chord#: 4 done. best_score=27.0, changed=525, unchanged=466, early_stops=8/8
26 - INFO - chord#: 8 done. best_score=27.0, changed=521, unchanged=411, early_stops=8/8
26 - INFO - chord#: 8 In build_straw_man_chord_sa. tolerance = 1, sa_iterations = 1000, initial_temperature = 3.0, cooling_rate = 0.999
26 - INFO - chord#: 8 done. best_score=27.0, changed=525, unchanged=374, early_stops=8/8
26 - INFO - chord#: 8 In build_straw_man_chord_sa. tolerance = 1, sa_iterations = 1000, initial_temperature = 3.0, cooling_rate = 0.999
26 - INFO - chord#: 8 In build_straw_man_chord_sa. tolerance = 1, sa_iterations = 1000, initial_temperature = 3.0, cooling_rate = 0.999
26 - INFO - chord#: 10 In build_straw_man_chord_sa. tolerance = 1, sa_iterations = 1000, initial_temperature = 3.0, cooling_rate = 0.999
26 - INFO - chord#: 8 In build_straw_man_chord_sa. tolerance = 1, sa_iterations = 1000, initial_temperature = 3.0, cooling_rate = 0.999
26 - INFO - chord#: 10 In build_straw_man_chord_sa. tolerance = 1, sa_iterations = 1000, initial_temperature = 3.0, cooling_rate = 0.999
26 - INFO - chord#: 4 done. best_score=27.0, changed=529, unchanged=612, early_stops=8/8
26 - INFO - chord#: 8 In build_straw_man_chord_sa. tolerance = 1, sa_iterations = 1000, initial_temperature = 3.0, cooling_rate = 0.999
26 - INFO - chord#: 4 done. best_score=27.0, changed=524, unchanged=575, early_stops=8/8
26 - INFO - chord#: 8 In build_straw_man_chord_sa. tolerance = 1, sa_iterations = 1000, initial_temperature = 3.0, cooling_rate = 0.999
26 - INFO - chord#: 8 done. best_score=27.0, changed=535, unchanged=427, early_stops=8/8
26 - INFO - chord#: 10 In build_straw_man_chord_sa. tolerance = 1, sa_iterations = 1000, initial_temperature = 3.0, cooling_rate = 0.999
26 - INFO - chord#: 8 done. best_score=27.0, changed=524, unchanged=388, early_stops=8/8
26 - INFO - chord#: 10 In build_straw_man_chord_sa. tolerance = 1, sa_iterations = 1000, initial_temperature = 3.0, cooling_rate = 0.999
26 - INFO - chord#: 8 done. best_score=27.0, changed=519, unchanged=353, early_stops=8/8
26 - INFO - chord#: 10 In build_straw_man_chord_sa. tolerance = 1, sa_iterations = 1000, initial_temperature = 3.0, cooling_rate = 0.999
26 - INFO - chord#: 10 done. best_score=48.0, changed=545, unchanged=278, early_stops=8/8
26 - INFO - chord#: 12 In build_straw_man_chord_sa. tolerance = 1, sa_iterations = 1000, initial_temperature = 3.0, cooling_rate = 0.999
26 - INFO - chord#: 8 done. best_score=27.0, changed=522, unchanged=330, early_stops=8/8
26 - INFO - chord#: 10 In build_straw_man_chord_sa. tolerance = 1, sa_iterations = 1000, initial_temperature = 3.0, cooling_rate = 0.999
26 - INFO - chord#: 8 done. best_score=27.0, changed=520, unchanged=447, early_stops=8/8
26 - INFO - chord#: 10 In build_straw_man_chord_sa. tolerance = 1, sa_iterations = 1000, initial_temperature = 3.0, cooling_rate = 0.999
26 - INFO - chord#: 10 done. best_score=48.0, changed=542, unchanged=378, early_stops=8/8
26 - INFO - chord#: 12 In build_straw_man_chord_sa. tolerance = 1, sa_iterations = 1000, initial_temperature = 3.0, cooling_rate = 0.999
26 - INFO - chord#: 8 done. best_score=27.0, changed=534, unchanged=438, early_stops=8/8
26 - INFO - chord#: 10 In build_straw_man_chord_sa. tolerance = 1, sa_iterations = 1000, initial_temperature = 3.0, cooling_rate = 0.999
26 - INFO - chord#: 10 done. best_score=48.0, changed=530, unchanged=391, early_stops=8/8
26 - INFO - chord#: 12 In build_straw_man_chord_sa. tolerance = 1, sa_iterations = 1000, initial_temperature = 3.0, cooling_rate = 0.999
26 - INFO - chord#: 8 done. best_score=27.0, changed=527, unchanged=372, early_stops=8/8
26 - INFO - chord#: 10 In build_straw_man_chord_sa. tolerance = 1, sa_iterations = 1000, initial_temperature = 3.0, cooling_rate = 0.999
26 - INFO - chord#: 10 done. best_score=48.0, changed=531, unchanged=334, early_stops=8/8
26 - INFO - chord#: 12 In build_straw_man_chord_sa. tolerance = 1, sa_iterations = 1000, initial_temperature = 3.0, cooling_rate = 0.999
26 - INFO - chord#: 8 done. best_score=27.0, changed=520, unchanged=421, early_stops=8/8
26 - INFO - chord#: 10 In build_straw_man_chord_sa. tolerance = 1, sa_iterations = 1000, initial_temperature = 3.0, cooling_rate = 0.999
26 - INFO - chord#: 8 done. best_score=27.0, changed=522, unchanged=431, early_stops=8/8
26 - INFO - chord#: 10 In build_straw_man_chord_sa. tolerance = 1, sa_iterations = 1000, initial_temperature = 3.0, cooling_rate = 0.999
26 - INFO - chord#: 10 done. best_score=48.0, changed=532, unchanged=388, early_stops=8/8
26 - INFO - chord#: 8 done. best_score=27.0, changed=522, unchanged=503, early_stops=8/8
26 - INFO - chord#: 12 In build_straw_man_chord_sa. tolerance = 1, sa_iterations = 1000, initial_temperature = 3.0, cooling_rate = 0.999
26 - INFO - chord#: 10 In build_straw_man_chord_sa. tolerance = 1, sa_iterations = 1000, initial_temperature = 3.0, cooling_rate = 0.999
26 - INFO - chord#: 10 done. best_score=48.0, changed=525, unchanged=374, early_stops=8/8
26 - INFO - chord#: 12 In build_straw_man_chord_sa. tolerance = 1, sa_iterations = 1000, initial_temperature = 3.0, cooling_rate = 0.999
26 - INFO - chord#: 12 done. best_score=27.0, changed=522, unchanged=383, early_stops=8/8
26 - INFO - chord#: 14 In build_straw_man_chord_sa. tolerance = 1, sa_iterations = 1000, initial_temperature = 3.0, cooling_rate = 0.999
26 - INFO - chord#: 10 done. best_score=48.0, changed=520, unchanged=298, early_stops=8/8
26 - INFO - chord#: 12 In build_straw_man_chord_sa. tolerance = 1, sa_iterations = 1000, initial_temperature = 3.0, cooling_rate = 0.999
26 - INFO - chord#: 10 done. best_score=48.0, changed=550, unchanged=401, early_stops=8/8
26 - INFO - chord#: 12 In build_straw_man_chord_sa. tolerance = 1, sa_iterations = 1000, initial_temperature = 3.0, cooling_rate = 0.999
26 - INFO - chord#: 12 done. best_score=27.0, changed=516, unchanged=338, early_stops=8/8
26 - INFO - chord#: 14 In build_straw_man_chord_sa. tolerance = 1, sa_iterations = 1000, initial_temperature = 3.0, cooling_rate = 0.999
26 - INFO - chord#: 12 done. best_score=27.0, changed=532, unchanged=483, early_stops=8/8
26 - INFO - chord#: 14 In build_straw_man_chord_sa. tolerance = 1, sa_iterations = 1000, initial_temperature = 3.0, cooling_rate = 0.999
26 - INFO - chord#: 10 done. best_score=48.0, changed=522, unchanged=334, early_stops=8/8
26 - INFO - chord#: 12 In build_straw_man_chord_sa. tolerance = 1, sa_iterations = 1000, initial_temperature = 3.0, cooling_rate = 0.999
26 - INFO - chord#: 10 done. best_score=48.0, changed=528, unchanged=345, early_stops=8/8
26 - INFO - chord#: 12 In build_straw_man_chord_sa. tolerance = 1, sa_iterations = 1000, initial_temperature = 3.0, cooling_rate = 0.999
26 - INFO - chord#: 10 done. best_score=48.0, changed=530, unchanged=335, early_stops=8/8
26 - INFO - chord#: 12 In build_straw_man_chord_sa. tolerance = 1, sa_iterations = 1000, initial_temperature = 3.0, cooling_rate = 0.999
26 - INFO - chord#: 12 done. best_score=27.0, changed=521, unchanged=405, early_stops=8/8
26 - INFO - chord#: 14 In build_straw_man_chord_sa. tolerance = 1, sa_iterations = 1000, initial_temperature = 3.0, cooling_rate = 0.999
26 - INFO - chord#: 10 done. best_score=48.0, changed=534, unchanged=362, early_stops=8/8
26 - INFO - chord#: 12 In build_straw_man_chord_sa. tolerance = 1, sa_iterations = 1000, initial_temperature = 3.0, cooling_rate = 0.999
26 - INFO - chord#: 12 done. best_score=27.0, changed=526, unchanged=472, early_stops=8/8
26 - INFO - chord#: 14 In build_straw_man_chord_sa. tolerance = 1, sa_iterations = 1000, initial_temperature = 3.0, cooling_rate = 0.999
26 - INFO - chord#: 14 done. best_score=31.0, changed=536, unchanged=343, early_stops=8/8
26 - INFO - chord#: 16 In build_straw_man_chord_sa. tolerance = 1, sa_iterations = 1000, initial_temperature = 3.0, cooling_rate = 0.999
26 - INFO - chord#: 12 done. best_score=27.0, changed=517, unchanged=428, early_stops=8/8
26 - INFO - chord#: 14 In build_straw_man_chord_sa. tolerance = 1, sa_iterations = 1000, initial_temperature = 3.0, cooling_rate = 0.999
26 - INFO - chord#: 14 done. best_score=31.0, changed=541, unchanged=328, early_stops=8/8
26 - INFO - chord#: 16 In build_straw_man_chord_sa. tolerance = 1, sa_iterations = 1000, initial_temperature = 3.0, cooling_rate = 0.999
26 - INFO - chord#: 12 done. best_score=27.0, changed=512, unchanged=478, early_stops=8/8
26 - INFO - chord#: 14 In build_straw_man_chord_sa. tolerance = 1, sa_iterations = 1000, initial_temperature = 3.0, cooling_rate = 0.999
26 - INFO - chord#: 14 done. best_score=31.0, changed=539, unchanged=382, early_stops=8/8
26 - INFO - chord#: 16 In build_straw_man_chord_sa. tolerance = 1, sa_iterations = 1000, initial_temperature = 3.0, cooling_rate = 0.999
26 - INFO - chord#: 12 done. best_score=27.0, changed=521, unchanged=407, early_stops=8/8
26 - INFO - chord#: 14 In build_straw_man_chord_sa. tolerance = 1, sa_iterations = 1000, initial_temperature = 3.0, cooling_rate = 0.999
26 - INFO - chord#: 14 done. best_score=31.0, changed=547, unchanged=367, early_stops=8/8
26 - INFO - chord#: 16 In build_straw_man_chord_sa. tolerance = 1, sa_iterations = 1000, initial_temperature = 3.0, cooling_rate = 0.999
26 - INFO - chord#: 12 done. best_score=27.0, changed=520, unchanged=365, early_stops=8/8
26 - INFO - chord#: 14 In build_straw_man_chord_sa. tolerance = 1, sa_iterations = 1000, initial_temperature = 3.0, cooling_rate = 0.999
26 - INFO - chord#: 16 done. best_score=27.0, changed=533, unchanged=317, early_stops=8/8
26 - INFO - chord#: 20 In build_straw_man_chord_sa. tolerance = 1, sa_iterations = 1000, initial_temperature = 3.0, cooling_rate = 0.999
26 - INFO - chord#: 14 done. best_score=31.0, changed=528, unchanged=279, early_stops=8/8
26 - INFO - chord#: 16 In build_straw_man_chord_sa. tolerance = 1, sa_iterations = 1000, initial_temperature = 3.0, cooling_rate = 0.999
26 - INFO - chord#: 14 done. best_score=31.0, changed=527, unchanged=327, early_stops=8/8
26 - INFO - chord#: 16 In build_straw_man_chord_sa. tolerance = 1, sa_iterations = 1000, initial_temperature = 3.0, cooling_rate = 0.999
26 - INFO - chord#: 12 done. best_score=27.0, changed=516, unchanged=377, early_stops=8/8
26 - INFO - chord#: 14 In build_straw_man_chord_sa. tolerance = 1, sa_iterations = 1000, initial_temperature = 3.0, cooling_rate = 0.999
26 - INFO - chord#: 12 done. best_score=27.0, changed=524, unchanged=451, early_stops=8/8
26 - INFO - chord#: 14 In build_straw_man_chord_sa. tolerance = 1, sa_iterations = 1000, initial_temperature = 3.0, cooling_rate = 0.999
26 - INFO - chord#: 12 done. best_score=27.0, changed=519, unchanged=407, early_stops=8/8
26 - INFO - chord#: 14 In build_straw_man_chord_sa. tolerance = 1, sa_iterations = 1000, initial_temperature = 3.0, cooling_rate = 0.999
26 - INFO - chord#: 16 done. best_score=27.0, changed=525, unchanged=330, early_stops=8/8
26 - INFO - chord#: 20 In build_straw_man_chord_sa. tolerance = 1, sa_iterations = 1000, initial_temperature = 3.0, cooling_rate = 0.999
26 - INFO - chord#: 14 done. best_score=31.0, changed=527, unchanged=356, early_stops=8/8
26 - INFO - chord#: 16 In build_straw_man_chord_sa. tolerance = 1, sa_iterations = 1000, initial_temperature = 3.0, cooling_rate = 0.999
26 - INFO - chord#: 14 done. best_score=31.0, changed=528, unchanged=372, early_stops=8/8
26 - INFO - chord#: 16 In build_straw_man_chord_sa. tolerance = 1, sa_iterations = 1000, initial_temperature = 3.0, cooling_rate = 0.999
26 - INFO - chord#: 16 done. best_score=27.0, changed=536, unchanged=463, early_stops=8/8
26 - INFO - chord#: 20 In build_straw_man_chord_sa. tolerance = 1, sa_iterations = 1000, initial_temperature = 3.0, cooling_rate = 0.999
26 - INFO - chord#: 14 done. best_score=31.0, changed=527, unchanged=304, early_stops=8/8
26 - INFO - chord#: 16 In build_straw_man_chord_sa. tolerance = 1, sa_iterations = 1000, initial_temperature = 3.0, cooling_rate = 0.999
26 - INFO - chord#: 16 done. best_score=27.0, changed=531, unchanged=365, early_stops=8/8
26 - INFO - chord#: 20 In build_straw_man_chord_sa. tolerance = 1, sa_iterations = 1000, initial_temperature = 3.0, cooling_rate = 0.999
26 - INFO - chord#: 16 done. best_score=27.0, changed=521, unchanged=368, early_stops=8/8
26 - INFO - chord#: 20 In build_straw_man_chord_sa. tolerance = 1, sa_iterations = 1000, initial_temperature = 3.0, cooling_rate = 0.999
26 - INFO - chord#: 16 done. best_score=27.0, changed=522, unchanged=309, early_stops=8/8
26 - INFO - chord#: 20 In build_straw_man_chord_sa. tolerance = 1, sa_iterations = 1000, initial_temperature = 3.0, cooling_rate = 0.999
26 - INFO - chord#: 14 done. best_score=31.0, changed=529, unchanged=328, early_stops=8/8
26 - INFO - chord#: 14 done. best_score=31.0, changed=530, unchanged=310, early_stops=8/8
26 - INFO - chord#: 16 In build_straw_man_chord_sa. tolerance = 1, sa_iterations = 1000, initial_temperature = 3.0, cooling_rate = 0.999
26 - INFO - chord#: 16 In build_straw_man_chord_sa. tolerance = 1, sa_iterations = 1000, initial_temperature = 3.0, cooling_rate = 0.999
26 - INFO - chord#: 14 done. best_score=31.0, changed=530, unchanged=324, early_stops=8/8
26 - INFO - chord#: 16 In build_straw_man_chord_sa. tolerance = 1, sa_iterations = 1000, initial_temperature = 3.0, cooling_rate = 0.999
26 - INFO - chord#: 16 done. best_score=27.0, changed=525, unchanged=310, early_stops=8/8
26 - INFO - chord#: 20 In build_straw_man_chord_sa. tolerance = 1, sa_iterations = 1000, initial_temperature = 3.0, cooling_rate = 0.999
26 - INFO - chord#: 16 done. best_score=27.0, changed=535, unchanged=482, early_stops=8/8
26 - INFO - chord#: 20 In build_straw_man_chord_sa. tolerance = 1, sa_iterations = 1000, initial_temperature = 3.0, cooling_rate = 0.999
26 - INFO - chord#: 16 done. best_score=27.0, changed=524, unchanged=316, early_stops=8/8
26 - INFO - chord#: 20 In build_straw_man_chord_sa. tolerance = 1, sa_iterations = 1000, initial_temperature = 3.0, cooling_rate = 0.999
26 - INFO - chord#: 16 done. best_score=27.0, changed=520, unchanged=292, early_stops=8/8
26 - INFO - chord#: 20 In build_straw_man_chord_sa. tolerance = 1, sa_iterations = 1000, initial_temperature = 3.0, cooling_rate = 0.999
26 - INFO - chord#: 16 done. best_score=27.0, changed=527, unchanged=330, early_stops=8/8
26 - INFO - chord#: 20 In build_straw_man_chord_sa. tolerance = 1, sa_iterations = 1000, initial_temperature = 3.0, cooling_rate = 0.999
26 - INFO - chord#: 20 done. best_score=64.0, changed=609, unchanged=365, early_stops=8/8
26 - INFO - chord#: 22 In build_straw_man_chord_sa. tolerance = 1, sa_iterations = 1000, initial_temperature = 3.0, cooling_rate = 0.999
26 - INFO - chord#: 16 done. best_score=27.0, changed=522, unchanged=362, early_stops=8/8
26 - INFO - chord#: 20 In build_straw_man_chord_sa. tolerance = 1, sa_iterations = 1000, initial_temperature = 3.0, cooling_rate = 0.999
26 - INFO - chord#: 20 done. best_score=157.0, changed=618, unchanged=347, early_stops=8/8
26 - INFO - chord#: 22 In build_straw_man_chord_sa. tolerance = 1, sa_iterations = 1000, initial_temperature = 3.0, cooling_rate = 0.999
26 - INFO - chord#: 20 done. best_score=64.0, changed=616, unchanged=397, early_stops=8/8
26 - INFO - chord#: 22 In build_straw_man_chord_sa. tolerance = 1, sa_iterations = 1000, initial_temperature = 3.0, cooling_rate = 0.999
26 - INFO - chord#: 20 done. best_score=96.0, changed=607, unchanged=205, early_stops=8/8
26 - INFO - chord#: 22 In build_straw_man_chord_sa. tolerance = 1, sa_iterations = 1000, initial_temperature = 3.0, cooling_rate = 0.999
26 - INFO - chord#: 20 done. best_score=96.0, changed=605, unchanged=288, early_stops=8/8
26 - INFO - chord#: 22 In build_straw_man_chord_sa. tolerance = 1, sa_iterations = 1000, initial_temperature = 3.0, cooling_rate = 0.999
26 - INFO - chord#: 20 done. best_score=157.0, changed=612, unchanged=324, early_stops=8/8
26 - INFO - chord#: 22 In build_straw_man_chord_sa. tolerance = 1, sa_iterations = 1000, initial_temperature = 3.0, cooling_rate = 0.999
26 - INFO - chord#: 20 done. best_score=125.0, changed=613, unchanged=372, early_stops=8/8
26 - INFO - chord#: 22 In build_straw_man_chord_sa. tolerance = 1, sa_iterations = 1000, initial_temperature = 3.0, cooling_rate = 0.999
26 - INFO - chord#: 20 done. best_score=154.0, changed=611, unchanged=245, early_stops=8/8
26 - INFO - chord#: 22 In build_straw_man_chord_sa. tolerance = 1, sa_iterations = 1000, initial_temperature = 3.0, cooling_rate = 0.999
26 - INFO - chord#: 20 done. best_score=154.0, changed=616, unchanged=470, early_stops=8/8
26 - INFO - chord#: 22 In build_straw_man_chord_sa. tolerance = 1, sa_iterations = 1000, initial_temperature = 3.0, cooling_rate = 0.999
26 - INFO - chord#: 22 done. best_score=74.0, changed=616, unchanged=299, early_stops=8/8
26 - INFO - chord#: 23 In build_straw_man_chord_sa. tolerance = 1, sa_iterations = 1000, initial_temperature = 3.0, cooling_rate = 0.999
26 - INFO - chord#: 22 done. best_score=74.0, changed=618, unchanged=343, early_stops=8/8
26 - INFO - chord#: 23 In build_straw_man_chord_sa. tolerance = 1, sa_iterations = 1000, initial_temperature = 3.0, cooling_rate = 0.999
26 - INFO - chord#: 20 done. best_score=64.0, changed=609, unchanged=226, early_stops=8/8
26 - INFO - chord#: 22 In build_straw_man_chord_sa. tolerance = 1, sa_iterations = 1000, initial_temperature = 3.0, cooling_rate = 0.999
26 - INFO - chord#: 22 done. best_score=150.0, changed=615, unchanged=312, early_stops=8/8
26 - INFO - chord#: 23 In build_straw_man_chord_sa. tolerance = 1, sa_iterations = 1000, initial_temperature = 3.0, cooling_rate = 0.999
26 - INFO - chord#: 22 done. best_score=74.0, changed=615, unchanged=293, early_stops=8/8
26 - INFO - chord#: 23 In build_straw_man_chord_sa. tolerance = 1, sa_iterations = 1000, initial_temperature = 3.0, cooling_rate = 0.999
26 - INFO - chord#: 20 done. best_score=64.0, changed=613, unchanged=383, early_stops=8/8
26 - INFO - chord#: 22 In build_straw_man_chord_sa. tolerance = 1, sa_iterations = 1000, initial_temperature = 3.0, cooling_rate = 0.999
26 - INFO - chord#: 20 done. best_score=64.0, changed=617, unchanged=481, early_stops=8/8
26 - INFO - chord#: 22 In build_straw_man_chord_sa. tolerance = 1, sa_iterations = 1000, initial_temperature = 3.0, cooling_rate = 0.999
26 - INFO - chord#: 22 done. best_score=104.0, changed=614, unchanged=230, early_stops=8/8
26 - INFO - chord#: 23 In build_straw_man_chord_sa. tolerance = 1, sa_iterations = 1000, initial_temperature = 3.0, cooling_rate = 0.999
26 - INFO - chord#: 23 done. best_score=27.0, changed=529, unchanged=432, early_stops=8/8
26 - INFO - chord#: 24 In build_straw_man_chord_sa. tolerance = 1, sa_iterations = 1000, initial_temperature = 3.0, cooling_rate = 0.999
26 - INFO - chord#: 23 done. best_score=27.0, changed=521, unchanged=422, early_stops=8/8
26 - INFO - chord#: 24 In build_straw_man_chord_sa. tolerance = 1, sa_iterations = 1000, initial_temperature = 3.0, cooling_rate = 0.999
26 - INFO - chord#: 23 done. best_score=27.0, changed=526, unchanged=298, early_stops=8/8
26 - INFO - chord#: 24 In build_straw_man_chord_sa. tolerance = 1, sa_iterations = 1000, initial_temperature = 3.0, cooling_rate = 0.999
26 - INFO - chord#: 23 done. best_score=27.0, changed=518, unchanged=330, early_stops=8/8
26 - INFO - chord#: 24 In build_straw_man_chord_sa. tolerance = 1, sa_iterations = 1000, initial_temperature = 3.0, cooling_rate = 0.999
26 - INFO - chord#: 22 done. best_score=74.0, changed=610, unchanged=330, early_stops=8/8
26 - INFO - chord#: 23 In build_straw_man_chord_sa. tolerance = 1, sa_iterations = 1000, initial_temperature = 3.0, cooling_rate = 0.999
26 - INFO - chord#: 22 done. best_score=150.0, changed=615, unchanged=214, early_stops=8/8
26 - INFO - chord#: 23 In build_straw_man_chord_sa. tolerance = 1, sa_iterations = 1000, initial_temperature = 3.0, cooling_rate = 0.999
26 - INFO - chord#: 22 done. best_score=168.0, changed=615, unchanged=305, early_stops=8/8
26 - INFO - chord#: 23 In build_straw_man_chord_sa. tolerance = 1, sa_iterations = 1000, initial_temperature = 3.0, cooling_rate = 0.999
26 - INFO - chord#: 23 done. best_score=61.0, changed=529, unchanged=284, early_stops=8/8
26 - INFO - chord#: 24 In build_straw_man_chord_sa. tolerance = 1, sa_iterations = 1000, initial_temperature = 3.0, cooling_rate = 0.999
26 - INFO - chord#: 24 done. best_score=27.0, changed=520, unchanged=390, early_stops=8/8
26 - INFO - chord#: 26 In build_straw_man_chord_sa. tolerance = 1, sa_iterations = 1000, initial_temperature = 3.0, cooling_rate = 0.999
26 - INFO - chord#: 22 done. best_score=150.0, changed=610, unchanged=223, early_stops=8/8
26 - INFO - chord#: 23 In build_straw_man_chord_sa. tolerance = 1, sa_iterations = 1000, initial_temperature = 3.0, cooling_rate = 0.999
26 - INFO - chord#: 24 done. best_score=27.0, changed=530, unchanged=520, early_stops=8/8
26 - INFO - chord#: 26 In build_straw_man_chord_sa. tolerance = 1, sa_iterations = 1000, initial_temperature = 3.0, cooling_rate = 0.999
26 - INFO - chord#: 23 done. best_score=27.0, changed=539, unchanged=405, early_stops=8/8
26 - INFO - chord#: 24 In build_straw_man_chord_sa. tolerance = 1, sa_iterations = 1000, initial_temperature = 3.0, cooling_rate = 0.999
26 - INFO - chord#: 24 done. best_score=27.0, changed=532, unchanged=556, early_stops=8/8
26 - INFO - chord#: 26 In build_straw_man_chord_sa. tolerance = 1, sa_iterations = 1000, initial_temperature = 3.0, cooling_rate = 0.999
26 - INFO - chord#: 23 done. best_score=27.0, changed=526, unchanged=348, early_stops=8/8
26 - INFO - chord#: 24 In build_straw_man_chord_sa. tolerance = 1, sa_iterations = 1000, initial_temperature = 3.0, cooling_rate = 0.999
26 - INFO - chord#: 24 done. best_score=27.0, changed=518, unchanged=363, early_stops=8/8
26 - INFO - chord#: 26 In build_straw_man_chord_sa. tolerance = 1, sa_iterations = 1000, initial_temperature = 3.0, cooling_rate = 0.999
26 - INFO - chord#: 23 done. best_score=27.0, changed=520, unchanged=365, early_stops=8/8
26 - INFO - chord#: 24 In build_straw_man_chord_sa. tolerance = 1, sa_iterations = 1000, initial_temperature = 3.0, cooling_rate = 0.999
26 - INFO - chord#: 23 done. best_score=61.0, changed=541, unchanged=287, early_stops=8/8
26 - INFO - chord#: 24 In build_straw_man_chord_sa. tolerance = 1, sa_iterations = 1000, initial_temperature = 3.0, cooling_rate = 0.999
26 - INFO - chord#: 24 done. best_score=27.0, changed=525, unchanged=383, early_stops=8/8
26 - INFO - chord#: 26 In build_straw_man_chord_sa. tolerance = 1, sa_iterations = 1000, initial_temperature = 3.0, cooling_rate = 0.999
26 - INFO - chord#: 22 done. best_score=74.0, changed=614, unchanged=269, early_stops=8/8
26 - INFO - chord#: 23 In build_straw_man_chord_sa. tolerance = 1, sa_iterations = 1000, initial_temperature = 3.0, cooling_rate = 0.999
26 - INFO - chord#: 22 done. best_score=74.0, changed=611, unchanged=370, early_stops=8/8
26 - INFO - chord#: 23 In build_straw_man_chord_sa. tolerance = 1, sa_iterations = 1000, initial_temperature = 3.0, cooling_rate = 0.999
26 - INFO - chord#: 22 done. best_score=74.0, changed=615, unchanged=314, early_stops=8/8
26 - INFO - chord#: 23 In build_straw_man_chord_sa. tolerance = 1, sa_iterations = 1000, initial_temperature = 3.0, cooling_rate = 0.999
26 - INFO - chord#: 24 done. best_score=27.0, changed=529, unchanged=539, early_stops=8/8
26 - INFO - chord#: 26 In build_straw_man_chord_sa. tolerance = 1, sa_iterations = 1000, initial_temperature = 3.0, cooling_rate = 0.999
26 - INFO - chord#: 24 done. best_score=27.0, changed=527, unchanged=606, early_stops=8/8
26 - INFO - chord#: 26 In build_straw_man_chord_sa. tolerance = 1, sa_iterations = 1000, initial_temperature = 3.0, cooling_rate = 0.999
26 - INFO - chord#: 24 done. best_score=27.0, changed=522, unchanged=464, early_stops=8/8
26 - INFO - chord#: 26 In build_straw_man_chord_sa. tolerance = 1, sa_iterations = 1000, initial_temperature = 3.0, cooling_rate = 0.999
26 - INFO - chord#: 26 done. best_score=145.0, changed=606, unchanged=218, early_stops=8/8
26 - INFO - chord#: 28 In build_straw_man_chord_sa. tolerance = 1, sa_iterations = 1000, initial_temperature = 3.0, cooling_rate = 0.999
26 - INFO - chord#: 23 done. best_score=27.0, changed=521, unchanged=359, early_stops=8/8
26 - INFO - chord#: 24 In build_straw_man_chord_sa. tolerance = 1, sa_iterations = 1000, initial_temperature = 3.0, cooling_rate = 0.999
26 - INFO - chord#: 23 done. best_score=27.0, changed=525, unchanged=332, early_stops=8/8
26 - INFO - chord#: 24 In build_straw_man_chord_sa. tolerance = 1, sa_iterations = 1000, initial_temperature = 3.0, cooling_rate = 0.999
26 - INFO - chord#: 26 done. best_score=67.0, changed=606, unchanged=255, early_stops=8/8
26 - INFO - chord#: 28 In build_straw_man_chord_sa. tolerance = 1, sa_iterations = 1000, initial_temperature = 3.0, cooling_rate = 0.999
26 - INFO - chord#: 26 done. best_score=78.0, changed=609, unchanged=227, early_stops=8/8
26 - INFO - chord#: 28 In build_straw_man_chord_sa. tolerance = 1, sa_iterations = 1000, initial_temperature = 3.0, cooling_rate = 0.999
26 - INFO - chord#: 26 done. best_score=67.0, changed=609, unchanged=269, early_stops=8/8
26 - INFO - chord#: 28 In build_straw_man_chord_sa. tolerance = 1, sa_iterations = 1000, initial_temperature = 3.0, cooling_rate = 0.999
26 - INFO - chord#: 24 done. best_score=27.0, changed=528, unchanged=532, early_stops=8/8
26 - INFO - chord#: 26 In build_straw_man_chord_sa. tolerance = 1, sa_iterations = 1000, initial_temperature = 3.0, cooling_rate = 0.999
26 - INFO - chord#: 23 done. best_score=27.0, changed=523, unchanged=472, early_stops=8/8
26 - INFO - chord#: 24 In build_straw_man_chord_sa. tolerance = 1, sa_iterations = 1000, initial_temperature = 3.0, cooling_rate = 0.999
26 - INFO - chord#: 28 done. best_score=27.0, changed=521, unchanged=431, early_stops=8/8
26 - INFO - chord#: 32 In build_straw_man_chord_sa. tolerance = 1, sa_iterations = 1000, initial_temperature = 3.0, cooling_rate = 0.999
26 - INFO - chord#: 28 done. best_score=27.0, changed=521, unchanged=412, early_stops=8/8
26 - INFO - chord#: 32 In build_straw_man_chord_sa. tolerance = 1, sa_iterations = 1000, initial_temperature = 3.0, cooling_rate = 0.999
26 - INFO - chord#: 28 done. best_score=27.0, changed=522, unchanged=449, early_stops=8/8
26 - INFO - chord#: 32 In build_straw_man_chord_sa. tolerance = 1, sa_iterations = 1000, initial_temperature = 3.0, cooling_rate = 0.999
26 - INFO - chord#: 24 done. best_score=27.0, changed=516, unchanged=404, early_stops=8/8
26 - INFO - chord#: 26 In build_straw_man_chord_sa. tolerance = 1, sa_iterations = 1000, initial_temperature = 3.0, cooling_rate = 0.999
26 - INFO - chord#: 24 done. best_score=27.0, changed=524, unchanged=412, early_stops=8/8
26 - INFO - chord#: 28 done. best_score=27.0, changed=525, unchanged=549, early_stops=8/8
26 - INFO - chord#: 32 In build_straw_man_chord_sa. tolerance = 1, sa_iterations = 1000, initial_temperature = 3.0, cooling_rate = 0.999
26 - INFO - chord#: 26 In build_straw_man_chord_sa. tolerance = 1, sa_iterations = 1000, initial_temperature = 3.0, cooling_rate = 0.999
26 - INFO - chord#: 26 done. best_score=67.0, changed=610, unchanged=251, early_stops=8/8
26 - INFO - chord#: 28 In build_straw_man_chord_sa. tolerance = 1, sa_iterations = 1000, initial_temperature = 3.0, cooling_rate = 0.999
26 - INFO - chord#: 24 done. best_score=27.0, changed=512, unchanged=345, early_stops=8/8
26 - INFO - chord#: 26 In build_straw_man_chord_sa. tolerance = 1, sa_iterations = 1000, initial_temperature = 3.0, cooling_rate = 0.999
26 - INFO - chord#: 26 done. best_score=67.0, changed=610, unchanged=373, early_stops=8/8
26 - INFO - chord#: 28 In build_straw_man_chord_sa. tolerance = 1, sa_iterations = 1000, initial_temperature = 3.0, cooling_rate = 0.999
26 - INFO - chord#: 32 done. best_score=36.0, changed=519, unchanged=322, early_stops=8/8
26 - INFO - chord#: 36 In build_straw_man_chord_sa. tolerance = 1, sa_iterations = 1000, initial_temperature = 3.0, cooling_rate = 0.999
26 - INFO - chord#: 32 done. best_score=36.0, changed=524, unchanged=438, early_stops=8/8
26 - INFO - chord#: 36 In build_straw_man_chord_sa. tolerance = 1, sa_iterations = 1000, initial_temperature = 3.0, cooling_rate = 0.999
26 - INFO - chord#: 32 done. best_score=36.0, changed=527, unchanged=370, early_stops=8/8
26 - INFO - chord#: 36 In build_straw_man_chord_sa. tolerance = 1, sa_iterations = 1000, initial_temperature = 3.0, cooling_rate = 0.999
26 - INFO - chord#: 32 done. best_score=36.0, changed=518, unchanged=315, early_stops=8/8
26 - INFO - chord#: 36 In build_straw_man_chord_sa. tolerance = 1, sa_iterations = 1000, initial_temperature = 3.0, cooling_rate = 0.999
26 - INFO - chord#: 26 done. best_score=67.0, changed=613, unchanged=450, early_stops=8/8
26 - INFO - chord#: 28 In build_straw_man_chord_sa. tolerance = 1, sa_iterations = 1000, initial_temperature = 3.0, cooling_rate = 0.999
26 - INFO - chord#: 28 done. best_score=27.0, changed=521, unchanged=365, early_stops=8/8
26 - INFO - chord#: 32 In build_straw_man_chord_sa. tolerance = 1, sa_iterations = 1000, initial_temperature = 3.0, cooling_rate = 0.999
26 - INFO - chord#: 26 done. best_score=67.0, changed=608, unchanged=324, early_stops=8/8
26 - INFO - chord#: 28 In build_straw_man_chord_sa. tolerance = 1, sa_iterations = 1000, initial_temperature = 3.0, cooling_rate = 0.999
26 - INFO - chord#: 28 done. best_score=27.0, changed=522, unchanged=480, early_stops=8/8
26 - INFO - chord#: 32 In build_straw_man_chord_sa. tolerance = 1, sa_iterations = 1000, initial_temperature = 3.0, cooling_rate = 0.999
26 - INFO - chord#: 36 done. best_score=27.0, changed=516, unchanged=384, early_stops=8/8
26 - INFO - chord#: 40 In build_straw_man_chord_sa. tolerance = 1, sa_iterations = 1000, initial_temperature = 3.0, cooling_rate = 0.999
26 - INFO - chord#: 36 done. best_score=27.0, changed=518, unchanged=352, early_stops=8/8
26 - INFO - chord#: 40 In build_straw_man_chord_sa. tolerance = 1, sa_iterations = 1000, initial_temperature = 3.0, cooling_rate = 0.999
26 - INFO - chord#: 36 done. best_score=27.0, changed=520, unchanged=494, early_stops=8/8
26 - INFO - chord#: 40 In build_straw_man_chord_sa. tolerance = 1, sa_iterations = 1000, initial_temperature = 3.0, cooling_rate = 0.999
26 - INFO - chord#: 36 done. best_score=27.0, changed=521, unchanged=428, early_stops=8/8
26 - INFO - chord#: 40 In build_straw_man_chord_sa. tolerance = 1, sa_iterations = 1000, initial_temperature = 3.0, cooling_rate = 0.999
26 - INFO - chord#: 32 done. best_score=36.0, changed=533, unchanged=389, early_stops=8/8
26 - INFO - chord#: 36 In build_straw_man_chord_sa. tolerance = 1, sa_iterations = 1000, initial_temperature = 3.0, cooling_rate = 0.999
26 - INFO - chord#: 28 done. best_score=27.0, changed=524, unchanged=314, early_stops=8/8
26 - INFO - chord#: 32 In build_straw_man_chord_sa. tolerance = 1, sa_iterations = 1000, initial_temperature = 3.0, cooling_rate = 0.999
26 - INFO - chord#: 28 done. best_score=27.0, changed=519, unchanged=346, early_stops=8/8
26 - INFO - chord#: 32 In build_straw_man_chord_sa. tolerance = 1, sa_iterations = 1000, initial_temperature = 3.0, cooling_rate = 0.999
26 - INFO - chord#: 26 done. best_score=67.0, changed=609, unchanged=498, early_stops=8/8
26 - INFO - chord#: 28 In build_straw_man_chord_sa. tolerance = 1, sa_iterations = 1000, initial_temperature = 3.0, cooling_rate = 0.999
26 - INFO - chord#: 32 done. best_score=36.0, changed=520, unchanged=397, early_stops=8/8
26 - INFO - chord#: 36 In build_straw_man_chord_sa. tolerance = 1, sa_iterations = 1000, initial_temperature = 3.0, cooling_rate = 0.999
26 - INFO - chord#: 40 done. best_score=27.0, changed=519, unchanged=471, early_stops=8/8
26 - INFO - chord#: 42 In build_straw_man_chord_sa. tolerance = 1, sa_iterations = 1000, initial_temperature = 3.0, cooling_rate = 0.999
26 - INFO - chord#: 40 done. best_score=27.0, changed=520, unchanged=505, early_stops=8/8
26 - INFO - chord#: 42 In build_straw_man_chord_sa. tolerance = 1, sa_iterations = 1000, initial_temperature = 3.0, cooling_rate = 0.999
26 - INFO - chord#: 40 done. best_score=27.0, changed=524, unchanged=363, early_stops=8/8
26 - INFO - chord#: 42 In build_straw_man_chord_sa. tolerance = 1, sa_iterations = 1000, initial_temperature = 3.0, cooling_rate = 0.999
26 - INFO - chord#: 36 done. best_score=27.0, changed=516, unchanged=381, early_stops=8/8
26 - INFO - chord#: 40 In build_straw_man_chord_sa. tolerance = 1, sa_iterations = 1000, initial_temperature = 3.0, cooling_rate = 0.999
26 - INFO - chord#: 40 done. best_score=27.0, changed=528, unchanged=452, early_stops=8/8
26 - INFO - chord#: 42 In build_straw_man_chord_sa. tolerance = 1, sa_iterations = 1000, initial_temperature = 3.0, cooling_rate = 0.999
26 - INFO - chord#: 26 done. best_score=67.0, changed=618, unchanged=350, early_stops=8/8
26 - INFO - chord#: 28 In build_straw_man_chord_sa. tolerance = 1, sa_iterations = 1000, initial_temperature = 3.0, cooling_rate = 0.999
26 - INFO - chord#: 26 done. best_score=96.0, changed=612, unchanged=395, early_stops=8/8
26 - INFO - chord#: 28 In build_straw_man_chord_sa. tolerance = 1, sa_iterations = 1000, initial_temperature = 3.0, cooling_rate = 0.999
26 - INFO - chord#: 32 done. best_score=36.0, changed=512, unchanged=396, early_stops=8/8
26 - INFO - chord#: 36 In build_straw_man_chord_sa. tolerance = 1, sa_iterations = 1000, initial_temperature = 3.0, cooling_rate = 0.999
26 - INFO - chord#: 36 done. best_score=27.0, changed=522, unchanged=383, early_stops=8/8
26 - INFO - chord#: 40 In build_straw_man_chord_sa. tolerance = 1, sa_iterations = 1000, initial_temperature = 3.0, cooling_rate = 0.999
26 - INFO - chord#: 42 done. best_score=36.0, changed=530, unchanged=363, early_stops=8/8
26 - INFO - chord#: 44 In build_straw_man_chord_sa. tolerance = 1, sa_iterations = 1000, initial_temperature = 3.0, cooling_rate = 0.999
26 - INFO - chord#: 32 done. best_score=36.0, changed=523, unchanged=312, early_stops=8/8
26 - INFO - chord#: 36 In build_straw_man_chord_sa. tolerance = 1, sa_iterations = 1000, initial_temperature = 3.0, cooling_rate = 0.999
26 - INFO - chord#: 42 done. best_score=72.0, changed=529, unchanged=311, early_stops=8/8
26 - INFO - chord#: 44 In build_straw_man_chord_sa. tolerance = 1, sa_iterations = 1000, initial_temperature = 3.0, cooling_rate = 0.999
26 - INFO - chord#: 28 done. best_score=27.0, changed=532, unchanged=645, early_stops=8/8
26 - INFO - chord#: 32 In build_straw_man_chord_sa. tolerance = 1, sa_iterations = 1000, initial_temperature = 3.0, cooling_rate = 0.999
26 - INFO - chord#: 42 done. best_score=36.0, changed=534, unchanged=326, early_stops=8/8
26 - INFO - chord#: 44 In build_straw_man_chord_sa. tolerance = 1, sa_iterations = 1000, initial_temperature = 3.0, cooling_rate = 0.999
26 - INFO - chord#: 26 done. best_score=67.0, changed=616, unchanged=510, early_stops=8/8
26 - INFO - chord#: 28 In build_straw_man_chord_sa. tolerance = 1, sa_iterations = 1000, initial_temperature = 3.0, cooling_rate = 0.999
26 - INFO - chord#: 42 done. best_score=36.0, changed=527, unchanged=362, early_stops=8/8
26 - INFO - chord#: 44 In build_straw_man_chord_sa. tolerance = 1, sa_iterations = 1000, initial_temperature = 3.0, cooling_rate = 0.999
26 - INFO - chord#: 40 done. best_score=27.0, changed=517, unchanged=419, early_stops=8/8
26 - INFO - chord#: 42 In build_straw_man_chord_sa. tolerance = 1, sa_iterations = 1000, initial_temperature = 3.0, cooling_rate = 0.999
26 - INFO - chord#: 28 done. best_score=27.0, changed=520, unchanged=355, early_stops=8/8
26 - INFO - chord#: 32 In build_straw_man_chord_sa. tolerance = 1, sa_iterations = 1000, initial_temperature = 3.0, cooling_rate = 0.999
26 - INFO - chord#: 44 done. best_score=27.0, changed=524, unchanged=429, early_stops=8/8
26 - INFO - chord#: 46 In build_straw_man_chord_sa. tolerance = 1, sa_iterations = 1000, initial_temperature = 3.0, cooling_rate = 0.999
26 - INFO - chord#: 28 done. best_score=27.0, changed=536, unchanged=459, early_stops=8/8
26 - INFO - chord#: 32 In build_straw_man_chord_sa. tolerance = 1, sa_iterations = 1000, initial_temperature = 3.0, cooling_rate = 0.999
26 - INFO - chord#: 44 done. best_score=27.0, changed=519, unchanged=331, early_stops=8/8
26 - INFO - chord#: 46 In build_straw_man_chord_sa. tolerance = 1, sa_iterations = 1000, initial_temperature = 3.0, cooling_rate = 0.999
26 - INFO - chord#: 40 done. best_score=27.0, changed=519, unchanged=445, early_stops=8/8
26 - INFO - chord#: 42 In build_straw_man_chord_sa. tolerance = 1, sa_iterations = 1000, initial_temperature = 3.0, cooling_rate = 0.999
26 - INFO - chord#: 36 done. best_score=27.0, changed=525, unchanged=488, early_stops=8/8
26 - INFO - chord#: 40 In build_straw_man_chord_sa. tolerance = 1, sa_iterations = 1000, initial_temperature = 3.0, cooling_rate = 0.999
26 - INFO - chord#: 44 done. best_score=27.0, changed=520, unchanged=382, early_stops=8/8
26 - INFO - chord#: 46 In build_straw_man_chord_sa. tolerance = 1, sa_iterations = 1000, initial_temperature = 3.0, cooling_rate = 0.999
26 - INFO - chord#: 36 done. best_score=27.0, changed=522, unchanged=473, early_stops=8/8
26 - INFO - chord#: 40 In build_straw_man_chord_sa. tolerance = 1, sa_iterations = 1000, initial_temperature = 3.0, cooling_rate = 0.999
26 - INFO - chord#: 42 done. best_score=72.0, changed=525, unchanged=350, early_stops=8/8
26 - INFO - chord#: 44 In build_straw_man_chord_sa. tolerance = 1, sa_iterations = 1000, initial_temperature = 3.0, cooling_rate = 0.999
26 - INFO - chord#: 44 done. best_score=27.0, changed=525, unchanged=426, early_stops=8/8
26 - INFO - chord#: 46 In build_straw_man_chord_sa. tolerance = 1, sa_iterations = 1000, initial_temperature = 3.0, cooling_rate = 0.999
26 - INFO - chord#: 28 done. best_score=27.0, changed=522, unchanged=384, early_stops=8/8
26 - INFO - chord#: 32 In build_straw_man_chord_sa. tolerance = 1, sa_iterations = 1000, initial_temperature = 3.0, cooling_rate = 0.999
26 - INFO - chord#: 32 done. best_score=36.0, changed=522, unchanged=489, early_stops=8/8
26 - INFO - chord#: 36 In build_straw_man_chord_sa. tolerance = 1, sa_iterations = 1000, initial_temperature = 3.0, cooling_rate = 0.999
26 - INFO - chord#: 32 done. best_score=36.0, changed=526, unchanged=432, early_stops=8/8
26 - INFO - chord#: 36 In build_straw_man_chord_sa. tolerance = 1, sa_iterations = 1000, initial_temperature = 3.0, cooling_rate = 0.999
26 - INFO - chord#: 42 done. best_score=36.0, changed=527, unchanged=319, early_stops=8/8
26 - INFO - chord#: 44 In build_straw_man_chord_sa. tolerance = 1, sa_iterations = 1000, initial_temperature = 3.0, cooling_rate = 0.999
26 - INFO - chord#: 40 done. best_score=27.0, changed=530, unchanged=323, early_stops=8/8
26 - INFO - chord#: 42 In build_straw_man_chord_sa. tolerance = 1, sa_iterations = 1000, initial_temperature = 3.0, cooling_rate = 0.999
26 - INFO - chord#: 32 done. best_score=36.0, changed=522, unchanged=437, early_stops=8/8
26 - INFO - chord#: 36 In build_straw_man_chord_sa. tolerance = 1, sa_iterations = 1000, initial_temperature = 3.0, cooling_rate = 0.999
26 - INFO - chord#: 44 done. best_score=27.0, changed=519, unchanged=482, early_stops=8/8
26 - INFO - chord#: 46 In build_straw_man_chord_sa. tolerance = 1, sa_iterations = 1000, initial_temperature = 3.0, cooling_rate = 0.999
26 - INFO - chord#: 40 done. best_score=27.0, changed=524, unchanged=414, early_stops=8/8
26 - INFO - chord#: 42 In build_straw_man_chord_sa. tolerance = 1, sa_iterations = 1000, initial_temperature = 3.0, cooling_rate = 0.999
26 - INFO - chord#: 32 done. best_score=36.0, changed=520, unchanged=364, early_stops=8/8
26 - INFO - chord#: 36 In build_straw_man_chord_sa. tolerance = 1, sa_iterations = 1000, initial_temperature = 3.0, cooling_rate = 0.999
26 - INFO - chord#: 46 done. best_score=148.0, changed=609, unchanged=234, early_stops=8/8
26 - INFO - chord#: 48 In build_straw_man_chord_sa. tolerance = 1, sa_iterations = 1000, initial_temperature = 3.0, cooling_rate = 0.999
26 - INFO - chord#: 46 done. best_score=74.0, changed=607, unchanged=200, early_stops=8/8
26 - INFO - chord#: 48 In build_straw_man_chord_sa. tolerance = 1, sa_iterations = 1000, initial_temperature = 3.0, cooling_rate = 0.999
26 - INFO - chord#: 42 done. best_score=36.0, changed=537, unchanged=398, early_stops=8/8
26 - INFO - chord#: 44 In build_straw_man_chord_sa. tolerance = 1, sa_iterations = 1000, initial_temperature = 3.0, cooling_rate = 0.999
26 - INFO - chord#: 36 done. best_score=27.0, changed=535, unchanged=491, early_stops=8/8
26 - INFO - chord#: 40 In build_straw_man_chord_sa. tolerance = 1, sa_iterations = 1000, initial_temperature = 3.0, cooling_rate = 0.999
26 - INFO - chord#: 46 done. best_score=74.0, changed=611, unchanged=382, early_stops=8/8
26 - INFO - chord#: 48 In build_straw_man_chord_sa. tolerance = 1, sa_iterations = 1000, initial_temperature = 3.0, cooling_rate = 0.999
26 - INFO - chord#: 44 done. best_score=27.0, changed=520, unchanged=439, early_stops=8/8
26 - INFO - chord#: 46 In build_straw_man_chord_sa. tolerance = 1, sa_iterations = 1000, initial_temperature = 3.0, cooling_rate = 0.999
26 - INFO - chord#: 36 done. best_score=27.0, changed=519, unchanged=413, early_stops=8/8
26 - INFO - chord#: 40 In build_straw_man_chord_sa. tolerance = 1, sa_iterations = 1000, initial_temperature = 3.0, cooling_rate = 0.999
26 - INFO - chord#: 42 done. best_score=36.0, changed=531, unchanged=331, early_stops=8/8
26 - INFO - chord#: 44 In build_straw_man_chord_sa. tolerance = 1, sa_iterations = 1000, initial_temperature = 3.0, cooling_rate = 0.999
26 - INFO - chord#: 36 done. best_score=27.0, changed=516, unchanged=383, early_stops=8/8
26 - INFO - chord#: 40 In build_straw_man_chord_sa. tolerance = 1, sa_iterations = 1000, initial_temperature = 3.0, cooling_rate = 0.999
26 - INFO - chord#: 48 done. best_score=27.0, changed=516, unchanged=322, early_stops=8/8
26 - INFO - chord#: 50 In build_straw_man_chord_sa. tolerance = 1, sa_iterations = 1000, initial_temperature = 3.0, cooling_rate = 0.999
26 - INFO - chord#: 44 done. best_score=27.0, changed=512, unchanged=316, early_stops=8/8
26 - INFO - chord#: 46 In build_straw_man_chord_sa. tolerance = 1, sa_iterations = 1000, initial_temperature = 3.0, cooling_rate = 0.999
26 - INFO - chord#: 46 done. best_score=74.0, changed=618, unchanged=436, early_stops=8/8
26 - INFO - chord#: 48 In build_straw_man_chord_sa. tolerance = 1, sa_iterations = 1000, initial_temperature = 3.0, cooling_rate = 0.999
26 - INFO - chord#: 36 done. best_score=27.0, changed=523, unchanged=474, early_stops=8/8
26 - INFO - chord#: 40 In build_straw_man_chord_sa. tolerance = 1, sa_iterations = 1000, initial_temperature = 3.0, cooling_rate = 0.999
26 - INFO - chord#: 48 done. best_score=27.0, changed=526, unchanged=503, early_stops=8/8
26 - INFO - chord#: 50 In build_straw_man_chord_sa. tolerance = 1, sa_iterations = 1000, initial_temperature = 3.0, cooling_rate = 0.999
26 - INFO - chord#: 46 done. best_score=74.0, changed=609, unchanged=222, early_stops=8/8
26 - INFO - chord#: 48 In build_straw_man_chord_sa. tolerance = 1, sa_iterations = 1000, initial_temperature = 3.0, cooling_rate = 0.999
26 - INFO - chord#: 40 done. best_score=27.0, changed=522, unchanged=383, early_stops=8/8
26 - INFO - chord#: 42 In build_straw_man_chord_sa. tolerance = 1, sa_iterations = 1000, initial_temperature = 3.0, cooling_rate = 0.999
26 - INFO - chord#: 48 done. best_score=27.0, changed=533, unchanged=440, early_stops=8/8
26 - INFO - chord#: 50 In build_straw_man_chord_sa. tolerance = 1, sa_iterations = 1000, initial_temperature = 3.0, cooling_rate = 0.999
26 - INFO - chord#: 50 done. best_score=27.0, changed=526, unchanged=378, early_stops=8/8
26 - INFO - chord#: 52 In build_straw_man_chord_sa. tolerance = 1, sa_iterations = 1000, initial_temperature = 3.0, cooling_rate = 0.999
26 - INFO - chord#: 40 done. best_score=27.0, changed=530, unchanged=506, early_stops=8/8
26 - INFO - chord#: 42 In build_straw_man_chord_sa. tolerance = 1, sa_iterations = 1000, initial_temperature = 3.0, cooling_rate = 0.999
26 - INFO - chord#: 44 done. best_score=27.0, changed=515, unchanged=440, early_stops=8/8
26 - INFO - chord#: 46 In build_straw_man_chord_sa. tolerance = 1, sa_iterations = 1000, initial_temperature = 3.0, cooling_rate = 0.999
26 - INFO - chord#: 40 done. best_score=27.0, changed=524, unchanged=429, early_stops=8/8
26 - INFO - chord#: 42 In build_straw_man_chord_sa. tolerance = 1, sa_iterations = 1000, initial_temperature = 3.0, cooling_rate = 0.999
26 - INFO - chord#: 48 done. best_score=27.0, changed=514, unchanged=415, early_stops=8/8
26 - INFO - chord#: 50 In build_straw_man_chord_sa. tolerance = 1, sa_iterations = 1000, initial_temperature = 3.0, cooling_rate = 0.999
26 - INFO - chord#: 50 done. best_score=27.0, changed=533, unchanged=396, early_stops=8/8
26 - INFO - chord#: 52 In build_straw_man_chord_sa. tolerance = 1, sa_iterations = 1000, initial_temperature = 3.0, cooling_rate = 0.999
26 - INFO - chord#: 48 done. best_score=27.0, changed=519, unchanged=338, early_stops=8/8
26 - INFO - chord#: 50 In build_straw_man_chord_sa. tolerance = 1, sa_iterations = 1000, initial_temperature = 3.0, cooling_rate = 0.999
26 - INFO - chord#: 50 done. best_score=27.0, changed=525, unchanged=374, early_stops=8/8
26 - INFO - chord#: 40 done. best_score=27.0, changed=522, unchanged=376, early_stops=8/8
26 - INFO - chord#: 52 In build_straw_man_chord_sa. tolerance = 1, sa_iterations = 1000, initial_temperature = 3.0, cooling_rate = 0.999
26 - INFO - chord#: 42 In build_straw_man_chord_sa. tolerance = 1, sa_iterations = 1000, initial_temperature = 3.0, cooling_rate = 0.999
26 - INFO - chord#: 42 done. best_score=36.0, changed=530, unchanged=323, early_stops=8/8
26 - INFO - chord#: 44 In build_straw_man_chord_sa. tolerance = 1, sa_iterations = 1000, initial_temperature = 3.0, cooling_rate = 0.999
26 - INFO - chord#: 42 done. best_score=36.0, changed=534, unchanged=333, early_stops=8/8
26 - INFO - chord#: 44 In build_straw_man_chord_sa. tolerance = 1, sa_iterations = 1000, initial_temperature = 3.0, cooling_rate = 0.999
26 - INFO - chord#: 46 done. best_score=74.0, changed=607, unchanged=234, early_stops=8/8
26 - INFO - chord#: 48 In build_straw_man_chord_sa. tolerance = 1, sa_iterations = 1000, initial_temperature = 3.0, cooling_rate = 0.999
26 - INFO - chord#: 50 done. best_score=27.0, changed=530, unchanged=434, early_stops=8/8
26 - INFO - chord#: 52 In build_straw_man_chord_sa. tolerance = 1, sa_iterations = 1000, initial_temperature = 3.0, cooling_rate = 0.999
26 - INFO - chord#: 42 done. best_score=36.0, changed=532, unchanged=307, early_stops=8/8
26 - INFO - chord#: 44 In build_straw_man_chord_sa. tolerance = 1, sa_iterations = 1000, initial_temperature = 3.0, cooling_rate = 0.999
26 - INFO - chord#: 46 done. best_score=168.0, changed=609, unchanged=268, early_stops=8/8
26 - INFO - chord#: 48 In build_straw_man_chord_sa. tolerance = 1, sa_iterations = 1000, initial_temperature = 3.0, cooling_rate = 0.999
26 - INFO - chord#: 50 done. best_score=27.0, changed=519, unchanged=385, early_stops=8/8
26 - INFO - chord#: 52 In build_straw_man_chord_sa. tolerance = 1, sa_iterations = 1000, initial_temperature = 3.0, cooling_rate = 0.999
26 - INFO - chord#: 42 done. best_score=36.0, changed=536, unchanged=377, early_stops=8/8
26 - INFO - chord#: 44 In build_straw_man_chord_sa. tolerance = 1, sa_iterations = 1000, initial_temperature = 3.0, cooling_rate = 0.999
26 - INFO - chord#: 44 done. best_score=27.0, changed=517, unchanged=409, early_stops=8/8
26 - INFO - chord#: 46 In build_straw_man_chord_sa. tolerance = 1, sa_iterations = 1000, initial_temperature = 3.0, cooling_rate = 0.999
26 - INFO - chord#: 48 done. best_score=27.0, changed=522, unchanged=377, early_stops=8/8
26 - INFO - chord#: 50 In build_straw_man_chord_sa. tolerance = 1, sa_iterations = 1000, initial_temperature = 3.0, cooling_rate = 0.999
26 - INFO - chord#: 52 done. best_score=67.0, changed=613, unchanged=311, early_stops=8/8
26 - INFO - chord#: 56 In build_straw_man_chord_sa. tolerance = 1, sa_iterations = 1000, initial_temperature = 3.0, cooling_rate = 0.999
26 - INFO - chord#: 44 done. best_score=27.0, changed=525, unchanged=605, early_stops=8/8
26 - INFO - chord#: 46 In build_straw_man_chord_sa. tolerance = 1, sa_iterations = 1000, initial_temperature = 3.0, cooling_rate = 0.999
26 - INFO - chord#: 44 done. best_score=27.0, changed=515, unchanged=351, early_stops=8/8
26 - INFO - chord#: 46 In build_straw_man_chord_sa. tolerance = 1, sa_iterations = 1000, initial_temperature = 3.0, cooling_rate = 0.999
26 - INFO - chord#: 48 done. best_score=27.0, changed=526, unchanged=558, early_stops=8/8
26 - INFO - chord#: 50 In build_straw_man_chord_sa. tolerance = 1, sa_iterations = 1000, initial_temperature = 3.0, cooling_rate = 0.999
26 - INFO - chord#: 50 done. best_score=27.0, changed=525, unchanged=420, early_stops=8/8
26 - INFO - chord#: 52 In build_straw_man_chord_sa. tolerance = 1, sa_iterations = 1000, initial_temperature = 3.0, cooling_rate = 0.999
26 - INFO - chord#: 46 done. best_score=74.0, changed=612, unchanged=354, early_stops=8/8
26 - INFO - chord#: 48 In build_straw_man_chord_sa. tolerance = 1, sa_iterations = 1000, initial_temperature = 3.0, cooling_rate = 0.999
26 - INFO - chord#: 56 done. best_score=27.0, changed=517, unchanged=411, early_stops=8/8
26 - INFO - chord#: 58 In build_straw_man_chord_sa. tolerance = 1, sa_iterations = 1000, initial_temperature = 3.0, cooling_rate = 0.999
26 - INFO - chord#: 52 done. best_score=67.0, changed=619, unchanged=525, early_stops=8/8
26 - INFO - chord#: 56 In build_straw_man_chord_sa. tolerance = 1, sa_iterations = 1000, initial_temperature = 3.0, cooling_rate = 0.999
26 - INFO - chord#: 44 done. best_score=27.0, changed=529, unchanged=485, early_stops=8/8
26 - INFO - chord#: 46 In build_straw_man_chord_sa. tolerance = 1, sa_iterations = 1000, initial_temperature = 3.0, cooling_rate = 0.999
26 - INFO - chord#: 50 done. best_score=27.0, changed=522, unchanged=399, early_stops=8/8
26 - INFO - chord#: 52 In build_straw_man_chord_sa. tolerance = 1, sa_iterations = 1000, initial_temperature = 3.0, cooling_rate = 0.999
26 - INFO - chord#: 52 done. best_score=67.0, changed=613, unchanged=392, early_stops=8/8
26 - INFO - chord#: 56 In build_straw_man_chord_sa. tolerance = 1, sa_iterations = 1000, initial_temperature = 3.0, cooling_rate = 0.999
26 - INFO - chord#: 52 done. best_score=119.0, changed=616, unchanged=440, early_stops=8/8
26 - INFO - chord#: 56 In build_straw_man_chord_sa. tolerance = 1, sa_iterations = 1000, initial_temperature = 3.0, cooling_rate = 0.999
26 - INFO - chord#: 46 done. best_score=121.0, changed=610, unchanged=288, early_stops=8/8
26 - INFO - chord#: 48 In build_straw_man_chord_sa. tolerance = 1, sa_iterations = 1000, initial_temperature = 3.0, cooling_rate = 0.999
26 - INFO - chord#: 52 done. best_score=78.0, changed=605, unchanged=241, early_stops=8/8
26 - INFO - chord#: 56 In build_straw_man_chord_sa. tolerance = 1, sa_iterations = 1000, initial_temperature = 3.0, cooling_rate = 0.999
26 - INFO - chord#: 56 done. best_score=27.0, changed=522, unchanged=426, early_stops=8/8
26 - INFO - chord#: 58 In build_straw_man_chord_sa. tolerance = 1, sa_iterations = 1000, initial_temperature = 3.0, cooling_rate = 0.999
26 - INFO - chord#: 48 done. best_score=27.0, changed=529, unchanged=500, early_stops=8/8
26 - INFO - chord#: 50 In build_straw_man_chord_sa. tolerance = 1, sa_iterations = 1000, initial_temperature = 3.0, cooling_rate = 0.999
26 - INFO - chord#: 52 done. best_score=195.0, changed=606, unchanged=220, early_stops=8/8
26 - INFO - chord#: 56 In build_straw_man_chord_sa. tolerance = 1, sa_iterations = 1000, initial_temperature = 3.0, cooling_rate = 0.999
26 - INFO - chord#: 56 done. best_score=27.0, changed=522, unchanged=533, early_stops=8/8
26 - INFO - chord#: 58 In build_straw_man_chord_sa. tolerance = 1, sa_iterations = 1000, initial_temperature = 3.0, cooling_rate = 0.999
26 - INFO - chord#: 46 done. best_score=121.0, changed=607, unchanged=269, early_stops=8/8
26 - INFO - chord#: 48 In build_straw_man_chord_sa. tolerance = 1, sa_iterations = 1000, initial_temperature = 3.0, cooling_rate = 0.999
26 - INFO - chord#: 46 done. best_score=141.0, changed=612, unchanged=297, early_stops=8/8
26 - INFO - chord#: 48 In build_straw_man_chord_sa. tolerance = 1, sa_iterations = 1000, initial_temperature = 3.0, cooling_rate = 0.999
26 - INFO - chord#: 48 done. best_score=27.0, changed=519, unchanged=414, early_stops=8/8
26 - INFO - chord#: 50 In build_straw_man_chord_sa. tolerance = 1, sa_iterations = 1000, initial_temperature = 3.0, cooling_rate = 0.999
26 - INFO - chord#: 56 done. best_score=27.0, changed=519, unchanged=332, early_stops=8/8
26 - INFO - chord#: 58 In build_straw_man_chord_sa. tolerance = 1, sa_iterations = 1000, initial_temperature = 3.0, cooling_rate = 0.999
26 - INFO - chord#: 50 done. best_score=27.0, changed=522, unchanged=330, early_stops=8/8
26 - INFO - chord#: 52 In build_straw_man_chord_sa. tolerance = 1, sa_iterations = 1000, initial_temperature = 3.0, cooling_rate = 0.999
26 - INFO - chord#: 56 done. best_score=27.0, changed=517, unchanged=517, early_stops=8/8
26 - INFO - chord#: 58 In build_straw_man_chord_sa. tolerance = 1, sa_iterations = 1000, initial_temperature = 3.0, cooling_rate = 0.999
26 - INFO - chord#: 58 done. best_score=67.0, changed=619, unchanged=398, early_stops=8/8
26 - INFO - chord#: 60 In build_straw_man_chord_sa. tolerance = 1, sa_iterations = 1000, initial_temperature = 3.0, cooling_rate = 0.999
26 - INFO - chord#: 52 done. best_score=67.0, changed=609, unchanged=321, early_stops=8/8
26 - INFO - chord#: 56 In build_straw_man_chord_sa. tolerance = 1, sa_iterations = 1000, initial_temperature = 3.0, cooling_rate = 0.999
26 - INFO - chord#: 56 done. best_score=27.0, changed=523, unchanged=534, early_stops=8/8
26 - INFO - chord#: 58 In build_straw_man_chord_sa. tolerance = 1, sa_iterations = 1000, initial_temperature = 3.0, cooling_rate = 0.999
26 - INFO - chord#: 46 done. best_score=121.0, changed=611, unchanged=321, early_stops=8/8
26 - INFO - chord#: 48 In build_straw_man_chord_sa. tolerance = 1, sa_iterations = 1000, initial_temperature = 3.0, cooling_rate = 0.999
26 - INFO - chord#: 50 done. best_score=27.0, changed=526, unchanged=425, early_stops=8/8
26 - INFO - chord#: 52 In build_straw_man_chord_sa. tolerance = 1, sa_iterations = 1000, initial_temperature = 3.0, cooling_rate = 0.999
26 - INFO - chord#: 48 done. best_score=27.0, changed=520, unchanged=485, early_stops=8/8
26 - INFO - chord#: 50 In build_straw_man_chord_sa. tolerance = 1, sa_iterations = 1000, initial_temperature = 3.0, cooling_rate = 0.999
26 - INFO - chord#: 48 done. best_score=27.0, changed=516, unchanged=520, early_stops=8/8
26 - INFO - chord#: 50 In build_straw_man_chord_sa. tolerance = 1, sa_iterations = 1000, initial_temperature = 3.0, cooling_rate = 0.999
26 - INFO - chord#: 58 done. best_score=67.0, changed=608, unchanged=263, early_stops=8/8
26 - INFO - chord#: 60 In build_straw_man_chord_sa. tolerance = 1, sa_iterations = 1000, initial_temperature = 3.0, cooling_rate = 0.999
26 - INFO - chord#: 60 done. best_score=27.0, changed=527, unchanged=349, early_stops=8/8
26 - INFO - chord#: 64 In build_straw_man_chord_sa. tolerance = 1, sa_iterations = 1000, initial_temperature = 3.0, cooling_rate = 0.999
26 - INFO - chord#: 58 done. best_score=137.0, changed=608, unchanged=287, early_stops=8/8
26 - INFO - chord#: 60 In build_straw_man_chord_sa. tolerance = 1, sa_iterations = 1000, initial_temperature = 3.0, cooling_rate = 0.999
26 - INFO - chord#: 50 done. best_score=27.0, changed=521, unchanged=336, early_stops=8/8
26 - INFO - chord#: 52 In build_straw_man_chord_sa. tolerance = 1, sa_iterations = 1000, initial_temperature = 3.0, cooling_rate = 0.999
26 - INFO - chord#: 60 done. best_score=27.0, changed=529, unchanged=388, early_stops=8/8
26 - INFO - chord#: 64 In build_straw_man_chord_sa. tolerance = 1, sa_iterations = 1000, initial_temperature = 3.0, cooling_rate = 0.999
26 - INFO - chord#: 48 done. best_score=27.0, changed=525, unchanged=439, early_stops=8/8
26 - INFO - chord#: 50 In build_straw_man_chord_sa. tolerance = 1, sa_iterations = 1000, initial_temperature = 3.0, cooling_rate = 0.999
26 - INFO - chord#: 56 done. best_score=27.0, changed=511, unchanged=353, early_stops=8/8
26 - INFO - chord#: 58 In build_straw_man_chord_sa. tolerance = 1, sa_iterations = 1000, initial_temperature = 3.0, cooling_rate = 0.999
26 - INFO - chord#: 50 done. best_score=27.0, changed=533, unchanged=448, early_stops=8/8
26 - INFO - chord#: 52 In build_straw_man_chord_sa. tolerance = 1, sa_iterations = 1000, initial_temperature = 3.0, cooling_rate = 0.999
26 - INFO - chord#: 58 done. best_score=67.0, changed=607, unchanged=274, early_stops=8/8
26 - INFO - chord#: 60 In build_straw_man_chord_sa. tolerance = 1, sa_iterations = 1000, initial_temperature = 3.0, cooling_rate = 0.999
26 - INFO - chord#: 60 done. best_score=27.0, changed=518, unchanged=358, early_stops=8/8
26 - INFO - chord#: 64 In build_straw_man_chord_sa. tolerance = 1, sa_iterations = 1000, initial_temperature = 3.0, cooling_rate = 0.999
26 - INFO - chord#: 58 done. best_score=67.0, changed=608, unchanged=218, early_stops=8/8
26 - INFO - chord#: 60 In build_straw_man_chord_sa. tolerance = 1, sa_iterations = 1000, initial_temperature = 3.0, cooling_rate = 0.999
26 - INFO - chord#: 52 done. best_score=78.0, changed=609, unchanged=276, early_stops=8/8
26 - INFO - chord#: 56 In build_straw_man_chord_sa. tolerance = 1, sa_iterations = 1000, initial_temperature = 3.0, cooling_rate = 0.999
26 - INFO - chord#: 58 done. best_score=201.0, changed=609, unchanged=207, early_stops=8/8
26 - INFO - chord#: 60 In build_straw_man_chord_sa. tolerance = 1, sa_iterations = 1000, initial_temperature = 3.0, cooling_rate = 0.999
26 - INFO - chord#: 64 done. best_score=27.0, changed=513, unchanged=390, early_stops=8/8
26 - INFO - chord#: 68 In build_straw_man_chord_sa. tolerance = 1, sa_iterations = 1000, initial_temperature = 3.0, cooling_rate = 0.999
26 - INFO - chord#: 64 done. best_score=27.0, changed=519, unchanged=454, early_stops=8/8
26 - INFO - chord#: 68 In build_straw_man_chord_sa. tolerance = 1, sa_iterations = 1000, initial_temperature = 3.0, cooling_rate = 0.999
26 - INFO - chord#: 50 done. best_score=27.0, changed=522, unchanged=317, early_stops=8/8
26 - INFO - chord#: 52 In build_straw_man_chord_sa. tolerance = 1, sa_iterations = 1000, initial_temperature = 3.0, cooling_rate = 0.999
26 - INFO - chord#: 52 done. best_score=155.0, changed=615, unchanged=344, early_stops=8/8
26 - INFO - chord#: 56 In build_straw_man_chord_sa. tolerance = 1, sa_iterations = 1000, initial_temperature = 3.0, cooling_rate = 0.999
26 - INFO - chord#: 60 done. best_score=27.0, changed=521, unchanged=345, early_stops=8/8
26 - INFO - chord#: 64 In build_straw_man_chord_sa. tolerance = 1, sa_iterations = 1000, initial_temperature = 3.0, cooling_rate = 0.999
26 - INFO - chord#: 60 done. best_score=27.0, changed=521, unchanged=360, early_stops=8/8
26 - INFO - chord#: 64 In build_straw_man_chord_sa. tolerance = 1, sa_iterations = 1000, initial_temperature = 3.0, cooling_rate = 0.999
26 - INFO - chord#: 64 done. best_score=27.0, changed=521, unchanged=484, early_stops=8/8
26 - INFO - chord#: 68 In build_straw_man_chord_sa. tolerance = 1, sa_iterations = 1000, initial_temperature = 3.0, cooling_rate = 0.999
26 - INFO - chord#: 68 done. best_score=27.0, changed=529, unchanged=402, early_stops=8/8
26 - INFO - chord#: 70 In build_straw_man_chord_sa. tolerance = 1, sa_iterations = 1000, initial_temperature = 3.0, cooling_rate = 0.999
26 - INFO - chord#: 52 done. best_score=67.0, changed=609, unchanged=317, early_stops=8/8
26 - INFO - chord#: 56 In build_straw_man_chord_sa. tolerance = 1, sa_iterations = 1000, initial_temperature = 3.0, cooling_rate = 0.999
26 - INFO - chord#: 60 done. best_score=27.0, changed=527, unchanged=377, early_stops=8/8
26 - INFO - chord#: 64 In build_straw_man_chord_sa. tolerance = 1, sa_iterations = 1000, initial_temperature = 3.0, cooling_rate = 0.999
26 - INFO - chord#: 68 done. best_score=27.0, changed=519, unchanged=355, early_stops=8/8
26 - INFO - chord#: 70 In build_straw_man_chord_sa. tolerance = 1, sa_iterations = 1000, initial_temperature = 3.0, cooling_rate = 0.999
26 - INFO - chord#: 56 done. best_score=27.0, changed=519, unchanged=451, early_stops=8/8
26 - INFO - chord#: 58 In build_straw_man_chord_sa. tolerance = 1, sa_iterations = 1000, initial_temperature = 3.0, cooling_rate = 0.999
26 - INFO - chord#: 56 done. best_score=27.0, changed=515, unchanged=315, early_stops=8/8
26 - INFO - chord#: 58 In build_straw_man_chord_sa. tolerance = 1, sa_iterations = 1000, initial_temperature = 3.0, cooling_rate = 0.999
26 - INFO - chord#: 64 done. best_score=27.0, changed=530, unchanged=459, early_stops=8/8
26 - INFO - chord#: 68 In build_straw_man_chord_sa. tolerance = 1, sa_iterations = 1000, initial_temperature = 3.0, cooling_rate = 0.999
26 - INFO - chord#: 68 done. best_score=27.0, changed=521, unchanged=338, early_stops=8/8
26 - INFO - chord#: 70 In build_straw_man_chord_sa. tolerance = 1, sa_iterations = 1000, initial_temperature = 3.0, cooling_rate = 0.999
26 - INFO - chord#: 52 done. best_score=157.0, changed=608, unchanged=264, early_stops=8/8
26 - INFO - chord#: 56 In build_straw_man_chord_sa. tolerance = 1, sa_iterations = 1000, initial_temperature = 3.0, cooling_rate = 0.999
26 - INFO - chord#: 64 done. best_score=27.0, changed=518, unchanged=475, early_stops=8/8
26 - INFO - chord#: 68 In build_straw_man_chord_sa. tolerance = 1, sa_iterations = 1000, initial_temperature = 3.0, cooling_rate = 0.999
26 - INFO - chord#: 56 done. best_score=27.0, changed=521, unchanged=467, early_stops=8/8
26 - INFO - chord#: 58 In build_straw_man_chord_sa. tolerance = 1, sa_iterations = 1000, initial_temperature = 3.0, cooling_rate = 0.999
26 - INFO - chord#: 64 done. best_score=27.0, changed=523, unchanged=392, early_stops=8/8
26 - INFO - chord#: 68 In build_straw_man_chord_sa. tolerance = 1, sa_iterations = 1000, initial_temperature = 3.0, cooling_rate = 0.999
26 - INFO - chord#: 52 done. best_score=67.0, changed=610, unchanged=337, early_stops=8/8
26 - INFO - chord#: 56 In build_straw_man_chord_sa. tolerance = 1, sa_iterations = 1000, initial_temperature = 3.0, cooling_rate = 0.999
26 - INFO - chord#: 58 done. best_score=137.0, changed=612, unchanged=410, early_stops=8/8
26 - INFO - chord#: 60 In build_straw_man_chord_sa. tolerance = 1, sa_iterations = 1000, initial_temperature = 3.0, cooling_rate = 0.999
26 - INFO - chord#: 68 done. best_score=27.0, changed=519, unchanged=378, early_stops=8/8
26 - INFO - chord#: 70 In build_straw_man_chord_sa. tolerance = 1, sa_iterations = 1000, initial_temperature = 3.0, cooling_rate = 0.999
26 - INFO - chord#: 70 done. best_score=121.0, changed=610, unchanged=268, early_stops=8/8
26 - INFO - chord#: 72 In build_straw_man_chord_sa. tolerance = 1, sa_iterations = 1000, initial_temperature = 3.0, cooling_rate = 0.999
26 - INFO - chord#: 72 done. best_score=11.0, changed=523, unchanged=306, early_stops=8/8
26 - INFO - chord#: 74 In build_straw_man_chord_sa. tolerance = 1, sa_iterations = 1000, initial_temperature = 3.0, cooling_rate = 0.999
26 - INFO - chord#: 58 done. best_score=67.0, changed=606, unchanged=231, early_stops=8/8
26 - INFO - chord#: 60 In build_straw_man_chord_sa. tolerance = 1, sa_iterations = 1000, initial_temperature = 3.0, cooling_rate = 0.999
26 - INFO - chord#: 68 done. best_score=27.0, changed=532, unchanged=459, early_stops=8/8
26 - INFO - chord#: 70 In build_straw_man_chord_sa. tolerance = 1, sa_iterations = 1000, initial_temperature = 3.0, cooling_rate = 0.999
26 - INFO - chord#: 68 done. best_score=27.0, changed=510, unchanged=322, early_stops=8/8
26 - INFO - chord#: 70 In build_straw_man_chord_sa. tolerance = 1, sa_iterations = 1000, initial_temperature = 3.0, cooling_rate = 0.999
26 - INFO - chord#: 56 done. best_score=36.0, changed=523, unchanged=465, early_stops=8/8
26 - INFO - chord#: 58 In build_straw_man_chord_sa. tolerance = 1, sa_iterations = 1000, initial_temperature = 3.0, cooling_rate = 0.999
26 - INFO - chord#: 56 done. best_score=27.0, changed=522, unchanged=431, early_stops=8/8
26 - INFO - chord#: 58 In build_straw_man_chord_sa. tolerance = 1, sa_iterations = 1000, initial_temperature = 3.0, cooling_rate = 0.999
26 - INFO - chord#: 70 done. best_score=70.0, changed=608, unchanged=227, early_stops=8/8
26 - INFO - chord#: 72 In build_straw_man_chord_sa. tolerance = 1, sa_iterations = 1000, initial_temperature = 3.0, cooling_rate = 0.999
26 - INFO - chord#: 58 done. best_score=145.0, changed=613, unchanged=240, early_stops=8/8
26 - INFO - chord#: 60 In build_straw_man_chord_sa. tolerance = 1, sa_iterations = 1000, initial_temperature = 3.0, cooling_rate = 0.999
26 - INFO - chord#: 60 done. best_score=27.0, changed=527, unchanged=415, early_stops=8/8
26 - INFO - chord#: 64 In build_straw_man_chord_sa. tolerance = 1, sa_iterations = 1000, initial_temperature = 3.0, cooling_rate = 0.999
26 - INFO - chord#: 72 done. best_score=11.0, changed=481, unchanged=342, early_stops=8/8
26 - INFO - chord#: 74 In build_straw_man_chord_sa. tolerance = 1, sa_iterations = 1000, initial_temperature = 3.0, cooling_rate = 0.999
26 - INFO - chord#: 70 done. best_score=70.0, changed=613, unchanged=415, early_stops=8/8
26 - INFO - chord#: 72 In build_straw_man_chord_sa. tolerance = 1, sa_iterations = 1000, initial_temperature = 3.0, cooling_rate = 0.999
26 - INFO - chord#: 60 done. best_score=27.0, changed=518, unchanged=382, early_stops=8/8
26 - INFO - chord#: 64 In build_straw_man_chord_sa. tolerance = 1, sa_iterations = 1000, initial_temperature = 3.0, cooling_rate = 0.999
26 - INFO - chord#: 72 done. best_score=11.0, changed=493, unchanged=325, early_stops=8/8
26 - INFO - chord#: 74 In build_straw_man_chord_sa. tolerance = 1, sa_iterations = 1000, initial_temperature = 3.0, cooling_rate = 0.999
26 - INFO - chord#: 58 done. best_score=67.0, changed=610, unchanged=408, early_stops=8/8
26 - INFO - chord#: 60 In build_straw_man_chord_sa. tolerance = 1, sa_iterations = 1000, initial_temperature = 3.0, cooling_rate = 0.999
26 - INFO - chord#: 64 done. best_score=27.0, changed=517, unchanged=343, early_stops=8/8
26 - INFO - chord#: 68 In build_straw_man_chord_sa. tolerance = 1, sa_iterations = 1000, initial_temperature = 3.0, cooling_rate = 0.999
26 - INFO - chord#: 60 done. best_score=27.0, changed=529, unchanged=334, early_stops=8/8
26 - INFO - chord#: 64 In build_straw_man_chord_sa. tolerance = 1, sa_iterations = 1000, initial_temperature = 3.0, cooling_rate = 0.999
26 - INFO - chord#: 64 done. best_score=27.0, changed=510, unchanged=335, early_stops=8/8
26 - INFO - chord#: 68 In build_straw_man_chord_sa. tolerance = 1, sa_iterations = 1000, initial_temperature = 3.0, cooling_rate = 0.999
26 - INFO - chord#: 74 done. best_score=149.0, changed=612, unchanged=273, early_stops=8/8
26 - INFO - chord#: 76 In build_straw_man_chord_sa. tolerance = 1, sa_iterations = 1000, initial_temperature = 3.0, cooling_rate = 0.999
26 - INFO - chord#: 70 done. best_score=70.0, changed=615, unchanged=491, early_stops=8/8
26 - INFO - chord#: 72 In build_straw_man_chord_sa. tolerance = 1, sa_iterations = 1000, initial_temperature = 3.0, cooling_rate = 0.999
26 - INFO - chord#: 72 done. best_score=11.0, changed=472, unchanged=345, early_stops=8/8
26 - INFO - chord#: 74 In build_straw_man_chord_sa. tolerance = 1, sa_iterations = 1000, initial_temperature = 3.0, cooling_rate = 0.999
26 - INFO - chord#: 60 done. best_score=27.0, changed=526, unchanged=378, early_stops=8/8
26 - INFO - chord#: 64 In build_straw_man_chord_sa. tolerance = 1, sa_iterations = 1000, initial_temperature = 3.0, cooling_rate = 0.999
26 - INFO - chord#: 70 done. best_score=70.0, changed=606, unchanged=204, early_stops=8/8
26 - INFO - chord#: 72 In build_straw_man_chord_sa. tolerance = 1, sa_iterations = 1000, initial_temperature = 3.0, cooling_rate = 0.999
26 - INFO - chord#: 72 done. best_score=11.0, changed=480, unchanged=343, early_stops=8/8
26 - INFO - chord#: 74 In build_straw_man_chord_sa. tolerance = 1, sa_iterations = 1000, initial_temperature = 3.0, cooling_rate = 0.999
26 - INFO - chord#: 58 done. best_score=96.0, changed=613, unchanged=384, early_stops=8/8
26 - INFO - chord#: 60 In build_straw_man_chord_sa. tolerance = 1, sa_iterations = 1000, initial_temperature = 3.0, cooling_rate = 0.999
26 - INFO - chord#: 68 done. best_score=27.0, changed=524, unchanged=363, early_stops=8/8
26 - INFO - chord#: 70 In build_straw_man_chord_sa. tolerance = 1, sa_iterations = 1000, initial_temperature = 3.0, cooling_rate = 0.999
26 - INFO - chord#: 68 done. best_score=27.0, changed=520, unchanged=456, early_stops=8/8
26 - INFO - chord#: 70 In build_straw_man_chord_sa. tolerance = 1, sa_iterations = 1000, initial_temperature = 3.0, cooling_rate = 0.999
26 - INFO - chord#: 64 done. best_score=27.0, changed=513, unchanged=393, early_stops=8/8
26 - INFO - chord#: 68 In build_straw_man_chord_sa. tolerance = 1, sa_iterations = 1000, initial_temperature = 3.0, cooling_rate = 0.999
26 - INFO - chord#: 70 done. best_score=111.0, changed=613, unchanged=370, early_stops=8/8
26 - INFO - chord#: 72 In build_straw_man_chord_sa. tolerance = 1, sa_iterations = 1000, initial_temperature = 3.0, cooling_rate = 0.999
26 - INFO - chord#: 76 done. best_score=27.0, changed=526, unchanged=423, early_stops=8/8
26 - INFO - chord#: 78 In build_straw_man_chord_sa. tolerance = 1, sa_iterations = 1000, initial_temperature = 3.0, cooling_rate = 0.999
26 - INFO - chord#: 58 done. best_score=78.0, changed=616, unchanged=378, early_stops=8/8
26 - INFO - chord#: 60 In build_straw_man_chord_sa. tolerance = 1, sa_iterations = 1000, initial_temperature = 3.0, cooling_rate = 0.999
26 - INFO - chord#: 74 done. best_score=153.0, changed=609, unchanged=247, early_stops=8/8
26 - INFO - chord#: 76 In build_straw_man_chord_sa. tolerance = 1, sa_iterations = 1000, initial_temperature = 3.0, cooling_rate = 0.999
26 - INFO - chord#: 72 done. best_score=11.0, changed=485, unchanged=335, early_stops=8/8
26 - INFO - chord#: 74 In build_straw_man_chord_sa. tolerance = 1, sa_iterations = 1000, initial_temperature = 3.0, cooling_rate = 0.999
26 - INFO - chord#: 64 done. best_score=27.0, changed=521, unchanged=571, early_stops=8/8
26 - INFO - chord#: 68 In build_straw_man_chord_sa. tolerance = 1, sa_iterations = 1000, initial_temperature = 3.0, cooling_rate = 0.999
26 - INFO - chord#: 60 done. best_score=27.0, changed=522, unchanged=398, early_stops=8/8
26 - INFO - chord#: 64 In build_straw_man_chord_sa. tolerance = 1, sa_iterations = 1000, initial_temperature = 3.0, cooling_rate = 0.999
26 - INFO - chord#: 74 done. best_score=94.0, changed=613, unchanged=402, early_stops=8/8
26 - INFO - chord#: 76 In build_straw_man_chord_sa. tolerance = 1, sa_iterations = 1000, initial_temperature = 3.0, cooling_rate = 0.999
26 - INFO - chord#: 68 done. best_score=27.0, changed=516, unchanged=302, early_stops=8/8
26 - INFO - chord#: 70 In build_straw_man_chord_sa. tolerance = 1, sa_iterations = 1000, initial_temperature = 3.0, cooling_rate = 0.999
26 - INFO - chord#: 60 done. best_score=27.0, changed=519, unchanged=314, early_stops=8/8
26 - INFO - chord#: 64 In build_straw_man_chord_sa. tolerance = 1, sa_iterations = 1000, initial_temperature = 3.0, cooling_rate = 0.999
26 - INFO - chord#: 74 done. best_score=167.0, changed=608, unchanged=233, early_stops=8/8
26 - INFO - chord#: 76 In build_straw_man_chord_sa. tolerance = 1, sa_iterations = 1000, initial_temperature = 3.0, cooling_rate = 0.999
26 - INFO - chord#: 76 done. best_score=27.0, changed=527, unchanged=395, early_stops=8/8
26 - INFO - chord#: 78 In build_straw_man_chord_sa. tolerance = 1, sa_iterations = 1000, initial_temperature = 3.0, cooling_rate = 0.999
26 - INFO - chord#: 68 done. best_score=27.0, changed=530, unchanged=376, early_stops=8/8
26 - INFO - chord#: 70 In build_straw_man_chord_sa. tolerance = 1, sa_iterations = 1000, initial_temperature = 3.0, cooling_rate = 0.999
26 - INFO - chord#: 64 done. best_score=27.0, changed=517, unchanged=401, early_stops=8/8
26 - INFO - chord#: 68 In build_straw_man_chord_sa. tolerance = 1, sa_iterations = 1000, initial_temperature = 3.0, cooling_rate = 0.999
26 - INFO - chord#: 70 done. best_score=111.0, changed=610, unchanged=364, early_stops=8/8
26 - INFO - chord#: 72 In build_straw_man_chord_sa. tolerance = 1, sa_iterations = 1000, initial_temperature = 3.0, cooling_rate = 0.999
26 - INFO - chord#: 64 done. best_score=27.0, changed=516, unchanged=362, early_stops=8/8
26 - INFO - chord#: 68 In build_straw_man_chord_sa. tolerance = 1, sa_iterations = 1000, initial_temperature = 3.0, cooling_rate = 0.999
26 - INFO - chord#: 72 done. best_score=11.0, changed=480, unchanged=346, early_stops=8/8
26 - INFO - chord#: 74 In build_straw_man_chord_sa. tolerance = 1, sa_iterations = 1000, initial_temperature = 3.0, cooling_rate = 0.999
26 - INFO - chord#: 76 done. best_score=27.0, changed=516, unchanged=354, early_stops=8/8
26 - INFO - chord#: 78 In build_straw_man_chord_sa. tolerance = 1, sa_iterations = 1000, initial_temperature = 3.0, cooling_rate = 0.999
26 - INFO - chord#: 74 done. best_score=127.0, changed=612, unchanged=275, early_stops=8/8
26 - INFO - chord#: 76 In build_straw_man_chord_sa. tolerance = 1, sa_iterations = 1000, initial_temperature = 3.0, cooling_rate = 0.999
26 - INFO - chord#: 76 done. best_score=27.0, changed=522, unchanged=378, early_stops=8/8
26 - INFO - chord#: 78 In build_straw_man_chord_sa. tolerance = 1, sa_iterations = 1000, initial_temperature = 3.0, cooling_rate = 0.999
26 - INFO - chord#: 70 done. best_score=70.0, changed=611, unchanged=326, early_stops=8/8
26 - INFO - chord#: 72 In build_straw_man_chord_sa. tolerance = 1, sa_iterations = 1000, initial_temperature = 3.0, cooling_rate = 0.999
26 - INFO - chord#: 68 done. best_score=27.0, changed=523, unchanged=465, early_stops=8/8
26 - INFO - chord#: 70 In build_straw_man_chord_sa. tolerance = 1, sa_iterations = 1000, initial_temperature = 3.0, cooling_rate = 0.999
26 - INFO - chord#: 78 done. best_score=74.0, changed=612, unchanged=375, early_stops=8/8
26 - INFO - chord#: 80 In build_straw_man_chord_sa. tolerance = 1, sa_iterations = 1000, initial_temperature = 3.0, cooling_rate = 0.999
26 - INFO - chord#: 72 done. best_score=11.0, changed=483, unchanged=337, early_stops=8/8
26 - INFO - chord#: 74 In build_straw_man_chord_sa. tolerance = 1, sa_iterations = 1000, initial_temperature = 3.0, cooling_rate = 0.999
26 - INFO - chord#: 74 done. best_score=153.0, changed=611, unchanged=230, early_stops=8/8
26 - INFO - chord#: 76 In build_straw_man_chord_sa. tolerance = 1, sa_iterations = 1000, initial_temperature = 3.0, cooling_rate = 0.999
26 - INFO - chord#: 68 done. best_score=27.0, changed=527, unchanged=397, early_stops=8/8
26 - INFO - chord#: 70 In build_straw_man_chord_sa. tolerance = 1, sa_iterations = 1000, initial_temperature = 3.0, cooling_rate = 0.999
26 - INFO - chord#: 76 done. best_score=27.0, changed=523, unchanged=403, early_stops=8/8
26 - INFO - chord#: 78 In build_straw_man_chord_sa. tolerance = 1, sa_iterations = 1000, initial_temperature = 3.0, cooling_rate = 0.999
26 - INFO - chord#: 70 done. best_score=70.0, changed=609, unchanged=283, early_stops=8/8
26 - INFO - chord#: 72 In build_straw_man_chord_sa. tolerance = 1, sa_iterations = 1000, initial_temperature = 3.0, cooling_rate = 0.999
26 - INFO - chord#: 70 done. best_score=111.0, changed=611, unchanged=317, early_stops=8/8
26 - INFO - chord#: 72 In build_straw_man_chord_sa. tolerance = 1, sa_iterations = 1000, initial_temperature = 3.0, cooling_rate = 0.999
26 - INFO - chord#: 72 done. best_score=11.0, changed=466, unchanged=343, early_stops=8/8
26 - INFO - chord#: 74 In build_straw_man_chord_sa. tolerance = 1, sa_iterations = 1000, initial_temperature = 3.0, cooling_rate = 0.999
26 - INFO - chord#: 72 done. best_score=11.0, changed=484, unchanged=343, early_stops=8/8
26 - INFO - chord#: 74 In build_straw_man_chord_sa. tolerance = 1, sa_iterations = 1000, initial_temperature = 3.0, cooling_rate = 0.999
26 - INFO - chord#: 80 done. best_score=27.0, changed=522, unchanged=570, early_stops=8/8
26 - INFO - chord#: 82 In build_straw_man_chord_sa. tolerance = 1, sa_iterations = 1000, initial_temperature = 3.0, cooling_rate = 0.999
26 - INFO - chord#: 78 done. best_score=74.0, changed=617, unchanged=406, early_stops=8/8
26 - INFO - chord#: 80 In build_straw_man_chord_sa. tolerance = 1, sa_iterations = 1000, initial_temperature = 3.0, cooling_rate = 0.999
26 - INFO - chord#: 76 done. best_score=27.0, changed=527, unchanged=371, early_stops=8/8
26 - INFO - chord#: 78 In build_straw_man_chord_sa. tolerance = 1, sa_iterations = 1000, initial_temperature = 3.0, cooling_rate = 0.999
26 - INFO - chord#: 74 done. best_score=101.0, changed=609, unchanged=292, early_stops=8/8
26 - INFO - chord#: 76 In build_straw_man_chord_sa. tolerance = 1, sa_iterations = 1000, initial_temperature = 3.0, cooling_rate = 0.999
26 - INFO - chord#: 70 done. best_score=70.0, changed=613, unchanged=286, early_stops=8/8
26 - INFO - chord#: 72 In build_straw_man_chord_sa. tolerance = 1, sa_iterations = 1000, initial_temperature = 3.0, cooling_rate = 0.999
26 - INFO - chord#: 82 done. best_score=36.0, changed=513, unchanged=407, early_stops=8/8
26 - INFO - chord#: 84 In build_straw_man_chord_sa. tolerance = 1, sa_iterations = 1000, initial_temperature = 3.0, cooling_rate = 0.999
26 - INFO - chord#: 72 done. best_score=11.0, changed=471, unchanged=351, early_stops=8/8
26 - INFO - chord#: 74 In build_straw_man_chord_sa. tolerance = 1, sa_iterations = 1000, initial_temperature = 3.0, cooling_rate = 0.999
26 - INFO - chord#: 78 done. best_score=74.0, changed=613, unchanged=392, early_stops=8/8
26 - INFO - chord#: 80 In build_straw_man_chord_sa. tolerance = 1, sa_iterations = 1000, initial_temperature = 3.0, cooling_rate = 0.999
26 - INFO - chord#: 76 done. best_score=27.0, changed=529, unchanged=399, early_stops=8/8
26 - INFO - chord#: 78 In build_straw_man_chord_sa. tolerance = 1, sa_iterations = 1000, initial_temperature = 3.0, cooling_rate = 0.999
26 - INFO - chord#: 74 done. best_score=131.0, changed=609, unchanged=310, early_stops=8/8
26 - INFO - chord#: 76 In build_straw_man_chord_sa. tolerance = 1, sa_iterations = 1000, initial_temperature = 3.0, cooling_rate = 0.999
26 - INFO - chord#: 80 done. best_score=27.0, changed=532, unchanged=687, early_stops=8/8
26 - INFO - chord#: 82 In build_straw_man_chord_sa. tolerance = 1, sa_iterations = 1000, initial_temperature = 3.0, cooling_rate = 0.999
26 - INFO - chord#: 78 done. best_score=74.0, changed=613, unchanged=339, early_stops=8/8
26 - INFO - chord#: 80 In build_straw_man_chord_sa. tolerance = 1, sa_iterations = 1000, initial_temperature = 3.0, cooling_rate = 0.999
26 - INFO - chord#: 74 done. best_score=94.0, changed=611, unchanged=224, early_stops=8/8
26 - INFO - chord#: 76 In build_straw_man_chord_sa. tolerance = 1, sa_iterations = 1000, initial_temperature = 3.0, cooling_rate = 0.999
26 - INFO - chord#: 84 done. best_score=27.0, changed=521, unchanged=455, early_stops=8/8
26 - INFO - chord#: 86 In build_straw_man_chord_sa. tolerance = 1, sa_iterations = 1000, initial_temperature = 3.0, cooling_rate = 0.999
26 - INFO - chord#: 80 done. best_score=27.0, changed=515, unchanged=326, early_stops=8/8
26 - INFO - chord#: 82 In build_straw_man_chord_sa. tolerance = 1, sa_iterations = 1000, initial_temperature = 3.0, cooling_rate = 0.999
26 - INFO - chord#: 74 done. best_score=131.0, changed=604, unchanged=207, early_stops=8/8
26 - INFO - chord#: 76 In build_straw_man_chord_sa. tolerance = 1, sa_iterations = 1000, initial_temperature = 3.0, cooling_rate = 0.999
26 - INFO - chord#: 70 done. best_score=70.0, changed=615, unchanged=408, early_stops=8/8
26 - INFO - chord#: 72 In build_straw_man_chord_sa. tolerance = 1, sa_iterations = 1000, initial_temperature = 3.0, cooling_rate = 0.999
26 - INFO - chord#: 78 done. best_score=149.0, changed=614, unchanged=346, early_stops=8/8
26 - INFO - chord#: 80 In build_straw_man_chord_sa. tolerance = 1, sa_iterations = 1000, initial_temperature = 3.0, cooling_rate = 0.999
26 - INFO - chord#: 82 done. best_score=36.0, changed=530, unchanged=483, early_stops=8/8
26 - INFO - chord#: 84 In build_straw_man_chord_sa. tolerance = 1, sa_iterations = 1000, initial_temperature = 3.0, cooling_rate = 0.999
26 - INFO - chord#: 76 done. best_score=27.0, changed=527, unchanged=323, early_stops=8/8
26 - INFO - chord#: 78 In build_straw_man_chord_sa. tolerance = 1, sa_iterations = 1000, initial_temperature = 3.0, cooling_rate = 0.999
26 - INFO - chord#: 72 done. best_score=11.0, changed=465, unchanged=354, early_stops=8/8
26 - INFO - chord#: 74 In build_straw_man_chord_sa. tolerance = 1, sa_iterations = 1000, initial_temperature = 3.0, cooling_rate = 0.999
26 - INFO - chord#: 80 done. best_score=27.0, changed=522, unchanged=407, early_stops=8/8
26 - INFO - chord#: 82 In build_straw_man_chord_sa. tolerance = 1, sa_iterations = 1000, initial_temperature = 3.0, cooling_rate = 0.999
26 - INFO - chord#: 82 done. best_score=36.0, changed=525, unchanged=428, early_stops=8/8
26 - INFO - chord#: 84 In build_straw_man_chord_sa. tolerance = 1, sa_iterations = 1000, initial_temperature = 3.0, cooling_rate = 0.999
26 - INFO - chord#: 74 done. best_score=134.0, changed=613, unchanged=229, early_stops=8/8
26 - INFO - chord#: 76 In build_straw_man_chord_sa. tolerance = 1, sa_iterations = 1000, initial_temperature = 3.0, cooling_rate = 0.999
26 - INFO - chord#: 76 done. best_score=27.0, changed=525, unchanged=381, early_stops=8/8
26 - INFO - chord#: 78 In build_straw_man_chord_sa. tolerance = 1, sa_iterations = 1000, initial_temperature = 3.0, cooling_rate = 0.999
26 - INFO - chord#: 76 done. best_score=27.0, changed=526, unchanged=383, early_stops=8/8
26 - INFO - chord#: 78 In build_straw_man_chord_sa. tolerance = 1, sa_iterations = 1000, initial_temperature = 3.0, cooling_rate = 0.999
26 - INFO - chord#: 84 done. best_score=27.0, changed=522, unchanged=386, early_stops=8/8
26 - INFO - chord#: 86 In build_straw_man_chord_sa. tolerance = 1, sa_iterations = 1000, initial_temperature = 3.0, cooling_rate = 0.999
26 - INFO - chord#: 78 done. best_score=74.0, changed=614, unchanged=323, early_stops=8/8
26 - INFO - chord#: 80 In build_straw_man_chord_sa. tolerance = 1, sa_iterations = 1000, initial_temperature = 3.0, cooling_rate = 0.999
26 - INFO - chord#: 78 done. best_score=148.0, changed=612, unchanged=285, early_stops=8/8
26 - INFO - chord#: 80 In build_straw_man_chord_sa. tolerance = 1, sa_iterations = 1000, initial_temperature = 3.0, cooling_rate = 0.999
26 - INFO - chord#: 80 done. best_score=27.0, changed=525, unchanged=386, early_stops=8/8
26 - INFO - chord#: 82 In build_straw_man_chord_sa. tolerance = 1, sa_iterations = 1000, initial_temperature = 3.0, cooling_rate = 0.999
26 - INFO - chord#: 76 done. best_score=36.0, changed=519, unchanged=319, early_stops=8/8
26 - INFO - chord#: 78 In build_straw_man_chord_sa. tolerance = 1, sa_iterations = 1000, initial_temperature = 3.0, cooling_rate = 0.999
26 - INFO - chord#: 84 done. best_score=27.0, changed=514, unchanged=397, early_stops=8/8
26 - INFO - chord#: 86 In build_straw_man_chord_sa. tolerance = 1, sa_iterations = 1000, initial_temperature = 3.0, cooling_rate = 0.999
26 - INFO - chord#: 86 done. best_score=94.0, changed=614, unchanged=320, early_stops=8/8
26 - INFO - chord#: 88 In build_straw_man_chord_sa. tolerance = 1, sa_iterations = 1000, initial_temperature = 3.0, cooling_rate = 0.999
26 - INFO - chord#: 82 done. best_score=36.0, changed=523, unchanged=471, early_stops=8/8
26 - INFO - chord#: 84 In build_straw_man_chord_sa. tolerance = 1, sa_iterations = 1000, initial_temperature = 3.0, cooling_rate = 0.999
26 - INFO - chord#: 80 done. best_score=27.0, changed=521, unchanged=433, early_stops=8/8
26 - INFO - chord#: 82 In build_straw_man_chord_sa. tolerance = 1, sa_iterations = 1000, initial_temperature = 3.0, cooling_rate = 0.999
26 - INFO - chord#: 80 done. best_score=27.0, changed=519, unchanged=485, early_stops=8/8
26 - INFO - chord#: 82 In build_straw_man_chord_sa. tolerance = 1, sa_iterations = 1000, initial_temperature = 3.0, cooling_rate = 0.999
26 - INFO - chord#: 88 done. best_score=27.0, changed=525, unchanged=427, early_stops=8/8
26 - INFO - chord#: 90 In build_straw_man_chord_sa. tolerance = 1, sa_iterations = 1000, initial_temperature = 3.0, cooling_rate = 0.999
26 - INFO - chord#: 82 done. best_score=36.0, changed=519, unchanged=413, early_stops=8/8
26 - INFO - chord#: 84 In build_straw_man_chord_sa. tolerance = 1, sa_iterations = 1000, initial_temperature = 3.0, cooling_rate = 0.999
26 - INFO - chord#: 86 done. best_score=129.0, changed=611, unchanged=309, early_stops=8/8
26 - INFO - chord#: 88 In build_straw_man_chord_sa. tolerance = 1, sa_iterations = 1000, initial_temperature = 3.0, cooling_rate = 0.999
26 - INFO - chord#: 78 done. best_score=149.0, changed=614, unchanged=324, early_stops=8/8
26 - INFO - chord#: 80 In build_straw_man_chord_sa. tolerance = 1, sa_iterations = 1000, initial_temperature = 3.0, cooling_rate = 0.999
26 - INFO - chord#: 84 done. best_score=27.0, changed=521, unchanged=443, early_stops=8/8
26 - INFO - chord#: 86 In build_straw_man_chord_sa. tolerance = 1, sa_iterations = 1000, initial_temperature = 3.0, cooling_rate = 0.999
26 - INFO - chord#: 82 done. best_score=36.0, changed=515, unchanged=307, early_stops=8/8
26 - INFO - chord#: 84 In build_straw_man_chord_sa. tolerance = 1, sa_iterations = 1000, initial_temperature = 3.0, cooling_rate = 0.999
26 - INFO - chord#: 78 done. best_score=74.0, changed=613, unchanged=323, early_stops=8/8
26 - INFO - chord#: 80 In build_straw_man_chord_sa. tolerance = 1, sa_iterations = 1000, initial_temperature = 3.0, cooling_rate = 0.999
26 - INFO - chord#: 78 done. best_score=74.0, changed=609, unchanged=249, early_stops=8/8
26 - INFO - chord#: 80 In build_straw_man_chord_sa. tolerance = 1, sa_iterations = 1000, initial_temperature = 3.0, cooling_rate = 0.999
26 - INFO - chord#: 74 done. best_score=153.0, changed=613, unchanged=404, early_stops=8/8
26 - INFO - chord#: 76 In build_straw_man_chord_sa. tolerance = 1, sa_iterations = 1000, initial_temperature = 3.0, cooling_rate = 0.999
26 - INFO - chord#: 82 done. best_score=36.0, changed=527, unchanged=492, early_stops=8/8
26 - INFO - chord#: 84 In build_straw_man_chord_sa. tolerance = 1, sa_iterations = 1000, initial_temperature = 3.0, cooling_rate = 0.999
26 - INFO - chord#: 78 done. best_score=121.0, changed=618, unchanged=283, early_stops=8/8
26 - INFO - chord#: 80 In build_straw_man_chord_sa. tolerance = 1, sa_iterations = 1000, initial_temperature = 3.0, cooling_rate = 0.999
26 - INFO - chord#: 88 done. best_score=27.0, changed=527, unchanged=460, early_stops=8/8
26 - INFO - chord#: 90 In build_straw_man_chord_sa. tolerance = 1, sa_iterations = 1000, initial_temperature = 3.0, cooling_rate = 0.999
26 - INFO - chord#: 84 done. best_score=27.0, changed=518, unchanged=353, early_stops=8/8
26 - INFO - chord#: 86 In build_straw_man_chord_sa. tolerance = 1, sa_iterations = 1000, initial_temperature = 3.0, cooling_rate = 0.999
26 - INFO - chord#: 86 done. best_score=147.0, changed=613, unchanged=417, early_stops=8/8
26 - INFO - chord#: 88 In build_straw_man_chord_sa. tolerance = 1, sa_iterations = 1000, initial_temperature = 3.0, cooling_rate = 0.999
26 - INFO - chord#: 80 done. best_score=27.0, changed=521, unchanged=373, early_stops=8/8
26 - INFO - chord#: 82 In build_straw_man_chord_sa. tolerance = 1, sa_iterations = 1000, initial_temperature = 3.0, cooling_rate = 0.999
26 - INFO - chord#: 84 done. best_score=27.0, changed=527, unchanged=555, early_stops=8/8
26 - INFO - chord#: 86 In build_straw_man_chord_sa. tolerance = 1, sa_iterations = 1000, initial_temperature = 3.0, cooling_rate = 0.999
26 - INFO - chord#: 80 done. best_score=27.0, changed=526, unchanged=465, early_stops=8/8
26 - INFO - chord#: 82 In build_straw_man_chord_sa. tolerance = 1, sa_iterations = 1000, initial_temperature = 3.0, cooling_rate = 0.999
26 - INFO - chord#: 90 done. best_score=70.0, changed=615, unchanged=349, early_stops=8/8
26 - INFO - chord#: 92 In build_straw_man_chord_sa. tolerance = 1, sa_iterations = 1000, initial_temperature = 3.0, cooling_rate = 0.999
26 - INFO - chord#: 80 done. best_score=27.0, changed=523, unchanged=465, early_stops=8/8
26 - INFO - chord#: 82 In build_straw_man_chord_sa. tolerance = 1, sa_iterations = 1000, initial_temperature = 3.0, cooling_rate = 0.999
26 - INFO - chord#: 76 done. best_score=27.0, changed=526, unchanged=438, early_stops=8/8
26 - INFO - chord#: 78 In build_straw_man_chord_sa. tolerance = 1, sa_iterations = 1000, initial_temperature = 3.0, cooling_rate = 0.999
26 - INFO - chord#: 84 done. best_score=27.0, changed=522, unchanged=378, early_stops=8/8
26 - INFO - chord#: 86 In build_straw_man_chord_sa. tolerance = 1, sa_iterations = 1000, initial_temperature = 3.0, cooling_rate = 0.999
26 - INFO - chord#: 88 done. best_score=27.0, changed=523, unchanged=405, early_stops=8/8
26 - INFO - chord#: 90 In build_straw_man_chord_sa. tolerance = 1, sa_iterations = 1000, initial_temperature = 3.0, cooling_rate = 0.999
26 - INFO - chord#: 82 done. best_score=36.0, changed=525, unchanged=472, early_stops=8/8
26 - INFO - chord#: 84 In build_straw_man_chord_sa. tolerance = 1, sa_iterations = 1000, initial_temperature = 3.0, cooling_rate = 0.999
26 - INFO - chord#: 80 done. best_score=27.0, changed=530, unchanged=644, early_stops=8/8
26 - INFO - chord#: 82 In build_straw_man_chord_sa. tolerance = 1, sa_iterations = 1000, initial_temperature = 3.0, cooling_rate = 0.999
26 - INFO - chord#: 82 done. best_score=36.0, changed=525, unchanged=338, early_stops=8/8
26 - INFO - chord#: 84 In build_straw_man_chord_sa. tolerance = 1, sa_iterations = 1000, initial_temperature = 3.0, cooling_rate = 0.999
26 - INFO - chord#: 82 done. best_score=36.0, changed=520, unchanged=408, early_stops=8/8
26 - INFO - chord#: 84 In build_straw_man_chord_sa. tolerance = 1, sa_iterations = 1000, initial_temperature = 3.0, cooling_rate = 0.999
26 - INFO - chord#: 92 done. best_score=27.0, changed=530, unchanged=487, early_stops=8/8
26 - INFO - chord#: 96 In build_straw_man_chord_sa. tolerance = 1, sa_iterations = 1000, initial_temperature = 3.0, cooling_rate = 0.999
26 - INFO - chord#: 90 done. best_score=70.0, changed=616, unchanged=515, early_stops=8/8
26 - INFO - chord#: 92 In build_straw_man_chord_sa. tolerance = 1, sa_iterations = 1000, initial_temperature = 3.0, cooling_rate = 0.999
26 - INFO - chord#: 84 done. best_score=27.0, changed=520, unchanged=469, early_stops=8/8
26 - INFO - chord#: 86 In build_straw_man_chord_sa. tolerance = 1, sa_iterations = 1000, initial_temperature = 3.0, cooling_rate = 0.999
26 - INFO - chord#: 86 done. best_score=126.0, changed=610, unchanged=253, early_stops=8/8
26 - INFO - chord#: 88 In build_straw_man_chord_sa. tolerance = 1, sa_iterations = 1000, initial_temperature = 3.0, cooling_rate = 0.999
26 - INFO - chord#: 82 done. best_score=36.0, changed=509, unchanged=367, early_stops=8/8
26 - INFO - chord#: 84 In build_straw_man_chord_sa. tolerance = 1, sa_iterations = 1000, initial_temperature = 3.0, cooling_rate = 0.999
26 - INFO - chord#: 86 done. best_score=94.0, changed=621, unchanged=438, early_stops=8/8
26 - INFO - chord#: 88 In build_straw_man_chord_sa. tolerance = 1, sa_iterations = 1000, initial_temperature = 3.0, cooling_rate = 0.999
26 - INFO - chord#: 86 done. best_score=129.0, changed=611, unchanged=309, early_stops=8/8
26 - INFO - chord#: 88 In build_straw_man_chord_sa. tolerance = 1, sa_iterations = 1000, initial_temperature = 3.0, cooling_rate = 0.999
26 - INFO - chord#: 96 done. best_score=27.0, changed=521, unchanged=299, early_stops=8/8
26 - INFO - chord#: 98 In build_straw_man_chord_sa. tolerance = 1, sa_iterations = 1000, initial_temperature = 3.0, cooling_rate = 0.999
26 - INFO - chord#: 84 done. best_score=27.0, changed=520, unchanged=393, early_stops=8/8
26 - INFO - chord#: 86 In build_straw_man_chord_sa. tolerance = 1, sa_iterations = 1000, initial_temperature = 3.0, cooling_rate = 0.999
26 - INFO - chord#: 84 done. best_score=27.0, changed=522, unchanged=354, early_stops=8/8
26 - INFO - chord#: 86 In build_straw_man_chord_sa. tolerance = 1, sa_iterations = 1000, initial_temperature = 3.0, cooling_rate = 0.999
26 - INFO - chord#: 90 done. best_score=70.0, changed=613, unchanged=303, early_stops=8/8
26 - INFO - chord#: 92 In build_straw_man_chord_sa. tolerance = 1, sa_iterations = 1000, initial_temperature = 3.0, cooling_rate = 0.999
26 - INFO - chord#: 92 done. best_score=27.0, changed=526, unchanged=506, early_stops=8/8
26 - INFO - chord#: 96 In build_straw_man_chord_sa. tolerance = 1, sa_iterations = 1000, initial_temperature = 3.0, cooling_rate = 0.999
26 - INFO - chord#: 86 done. best_score=136.0, changed=611, unchanged=256, early_stops=8/8
26 - INFO - chord#: 88 In build_straw_man_chord_sa. tolerance = 1, sa_iterations = 1000, initial_temperature = 3.0, cooling_rate = 0.999
26 - INFO - chord#: 78 done. best_score=74.0, changed=611, unchanged=273, early_stops=8/8
26 - INFO - chord#: 80 In build_straw_man_chord_sa. tolerance = 1, sa_iterations = 1000, initial_temperature = 3.0, cooling_rate = 0.999
26 - INFO - chord#: 88 done. best_score=27.0, changed=518, unchanged=396, early_stops=8/8
26 - INFO - chord#: 90 In build_straw_man_chord_sa. tolerance = 1, sa_iterations = 1000, initial_temperature = 3.0, cooling_rate = 0.999
26 - INFO - chord#: 84 done. best_score=27.0, changed=518, unchanged=348, early_stops=8/8
26 - INFO - chord#: 86 In build_straw_man_chord_sa. tolerance = 1, sa_iterations = 1000, initial_temperature = 3.0, cooling_rate = 0.999
26 - INFO - chord#: 88 done. best_score=27.0, changed=520, unchanged=351, early_stops=8/8
26 - INFO - chord#: 90 In build_straw_man_chord_sa. tolerance = 1, sa_iterations = 1000, initial_temperature = 3.0, cooling_rate = 0.999
26 - INFO - chord#: 88 done. best_score=27.0, changed=528, unchanged=500, early_stops=8/8
26 - INFO - chord#: 90 In build_straw_man_chord_sa. tolerance = 1, sa_iterations = 1000, initial_temperature = 3.0, cooling_rate = 0.999
26 - INFO - chord#: 92 done. best_score=27.0, changed=525, unchanged=499, early_stops=8/8
26 - INFO - chord#: 96 In build_straw_man_chord_sa. tolerance = 1, sa_iterations = 1000, initial_temperature = 3.0, cooling_rate = 0.999
26 - INFO - chord#: 86 done. best_score=126.0, changed=613, unchanged=261, early_stops=8/8
26 - INFO - chord#: 88 In build_straw_man_chord_sa. tolerance = 1, sa_iterations = 1000, initial_temperature = 3.0, cooling_rate = 0.999
26 - INFO - chord#: 96 done. best_score=27.0, changed=529, unchanged=586, early_stops=8/8
26 - INFO - chord#: 98 In build_straw_man_chord_sa. tolerance = 1, sa_iterations = 1000, initial_temperature = 3.0, cooling_rate = 0.999
26 - INFO - chord#: 80 done. best_score=27.0, changed=522, unchanged=382, early_stops=8/8
26 - INFO - chord#: 82 In build_straw_man_chord_sa. tolerance = 1, sa_iterations = 1000, initial_temperature = 3.0, cooling_rate = 0.999
26 - INFO - chord#: 88 done. best_score=27.0, changed=532, unchanged=610, early_stops=8/8
26 - INFO - chord#: 90 In build_straw_man_chord_sa. tolerance = 1, sa_iterations = 1000, initial_temperature = 3.0, cooling_rate = 0.999
26 - INFO - chord#: 98 done. best_score=104.0, changed=618, unchanged=377, early_stops=8/8
26 - INFO - chord#: 100 In build_straw_man_chord_sa. tolerance = 1, sa_iterations = 1000, initial_temperature = 3.0, cooling_rate = 0.999
26 - INFO - chord#: 88 done. best_score=36.0, changed=524, unchanged=338, early_stops=8/8
26 - INFO - chord#: 90 In build_straw_man_chord_sa. tolerance = 1, sa_iterations = 1000, initial_temperature = 3.0, cooling_rate = 0.999
26 - INFO - chord#: 96 done. best_score=27.0, changed=529, unchanged=391, early_stops=8/8
26 - INFO - chord#: 98 In build_straw_man_chord_sa. tolerance = 1, sa_iterations = 1000, initial_temperature = 3.0, cooling_rate = 0.999
26 - INFO - chord#: 86 done. best_score=94.0, changed=611, unchanged=370, early_stops=8/8
26 - INFO - chord#: 88 In build_straw_man_chord_sa. tolerance = 1, sa_iterations = 1000, initial_temperature = 3.0, cooling_rate = 0.999
26 - INFO - chord#: 100 done. best_score=27.0, changed=519, unchanged=305, early_stops=8/8
26 - INFO - chord#: 102 In build_straw_man_chord_sa. tolerance = 1, sa_iterations = 1000, initial_temperature = 3.0, cooling_rate = 0.999
26 - INFO - chord#: 90 done. best_score=70.0, changed=612, unchanged=443, early_stops=8/8
26 - INFO - chord#: 92 In build_straw_man_chord_sa. tolerance = 1, sa_iterations = 1000, initial_temperature = 3.0, cooling_rate = 0.999
26 - INFO - chord#: 82 done. best_score=36.0, changed=535, unchanged=463, early_stops=8/8
26 - INFO - chord#: 84 In build_straw_man_chord_sa. tolerance = 1, sa_iterations = 1000, initial_temperature = 3.0, cooling_rate = 0.999
26 - INFO - chord#: 86 done. best_score=94.0, changed=613, unchanged=477, early_stops=8/8
26 - INFO - chord#: 88 In build_straw_man_chord_sa. tolerance = 1, sa_iterations = 1000, initial_temperature = 3.0, cooling_rate = 0.999
26 - INFO - chord#: 88 done. best_score=27.0, changed=520, unchanged=315, early_stops=8/8
26 - INFO - chord#: 90 In build_straw_man_chord_sa. tolerance = 1, sa_iterations = 1000, initial_temperature = 3.0, cooling_rate = 0.999
26 - INFO - chord#: 90 done. best_score=70.0, changed=609, unchanged=322, early_stops=8/8
26 - INFO - chord#: 92 In build_straw_man_chord_sa. tolerance = 1, sa_iterations = 1000, initial_temperature = 3.0, cooling_rate = 0.999
26 - INFO - chord#: 98 done. best_score=64.0, changed=617, unchanged=279, early_stops=8/8
26 - INFO - chord#: 100 In build_straw_man_chord_sa. tolerance = 1, sa_iterations = 1000, initial_temperature = 3.0, cooling_rate = 0.999
26 - INFO - chord#: 90 done. best_score=70.0, changed=613, unchanged=319, early_stops=8/8
26 - INFO - chord#: 92 In build_straw_man_chord_sa. tolerance = 1, sa_iterations = 1000, initial_temperature = 3.0, cooling_rate = 0.999
26 - INFO - chord#: 92 done. best_score=27.0, changed=521, unchanged=316, early_stops=8/8
26 - INFO - chord#: 96 In build_straw_man_chord_sa. tolerance = 1, sa_iterations = 1000, initial_temperature = 3.0, cooling_rate = 0.999
26 - INFO - chord#: 90 done. best_score=75.0, changed=606, unchanged=207, early_stops=8/8
26 - INFO - chord#: 92 In build_straw_man_chord_sa. tolerance = 1, sa_iterations = 1000, initial_temperature = 3.0, cooling_rate = 0.999
26 - INFO - chord#: 86 done. best_score=150.0, changed=614, unchanged=489, early_stops=8/8
26 - INFO - chord#: 88 In build_straw_man_chord_sa. tolerance = 1, sa_iterations = 1000, initial_temperature = 3.0, cooling_rate = 0.999
26 - INFO - chord#: 88 done. best_score=27.0, changed=517, unchanged=323, early_stops=8/8
26 - INFO - chord#: 90 In build_straw_man_chord_sa. tolerance = 1, sa_iterations = 1000, initial_temperature = 3.0, cooling_rate = 0.999
26 - INFO - chord#: 100 done. best_score=27.0, changed=520, unchanged=381, early_stops=8/8
26 - INFO - chord#: 102 In build_straw_man_chord_sa. tolerance = 1, sa_iterations = 1000, initial_temperature = 3.0, cooling_rate = 0.999
26 - INFO - chord#: 84 done. best_score=27.0, changed=517, unchanged=466, early_stops=8/8
26 - INFO - chord#: 86 In build_straw_man_chord_sa. tolerance = 1, sa_iterations = 1000, initial_temperature = 3.0, cooling_rate = 0.999
26 - INFO - chord#: 92 done. best_score=27.0, changed=521, unchanged=358, early_stops=8/8
26 - INFO - chord#: 96 In build_straw_man_chord_sa. tolerance = 1, sa_iterations = 1000, initial_temperature = 3.0, cooling_rate = 0.999
26 - INFO - chord#: 90 done. best_score=70.0, changed=607, unchanged=315, early_stops=8/8
26 - INFO - chord#: 92 In build_straw_man_chord_sa. tolerance = 1, sa_iterations = 1000, initial_temperature = 3.0, cooling_rate = 0.999
26 - INFO - chord#: 92 done. best_score=27.0, changed=529, unchanged=414, early_stops=8/8
26 - INFO - chord#: 96 In build_straw_man_chord_sa. tolerance = 1, sa_iterations = 1000, initial_temperature = 3.0, cooling_rate = 0.999
26 - INFO - chord#: 98 done. best_score=104.0, changed=610, unchanged=403, early_stops=8/8
26 - INFO - chord#: 100 In build_straw_man_chord_sa. tolerance = 1, sa_iterations = 1000, initial_temperature = 3.0, cooling_rate = 0.999
26 - INFO - chord#: 92 done. best_score=57.0, changed=519, unchanged=330, early_stops=8/8
26 - INFO - chord#: 96 In build_straw_man_chord_sa. tolerance = 1, sa_iterations = 1000, initial_temperature = 3.0, cooling_rate = 0.999
26 - INFO - chord#: 96 done. best_score=27.0, changed=515, unchanged=398, early_stops=8/8
26 - INFO - chord#: 98 In build_straw_man_chord_sa. tolerance = 1, sa_iterations = 1000, initial_temperature = 3.0, cooling_rate = 0.999
26 - INFO - chord#: 88 done. best_score=27.0, changed=535, unchanged=371, early_stops=8/8
26 - INFO - chord#: 90 In build_straw_man_chord_sa. tolerance = 1, sa_iterations = 1000, initial_temperature = 3.0, cooling_rate = 0.999
26 - INFO - chord#: 102 done. best_score=93.0, changed=609, unchanged=469, early_stops=8/8
26 - INFO - chord#: 104 In build_straw_man_chord_sa. tolerance = 1, sa_iterations = 1000, initial_temperature = 3.0, cooling_rate = 0.999
26 - INFO - chord#: 90 done. best_score=104.0, changed=615, unchanged=407, early_stops=8/8
26 - INFO - chord#: 92 In build_straw_man_chord_sa. tolerance = 1, sa_iterations = 1000, initial_temperature = 3.0, cooling_rate = 0.999
26 - INFO - chord#: 100 done. best_score=27.0, changed=535, unchanged=440, early_stops=8/8
26 - INFO - chord#: 102 In build_straw_man_chord_sa. tolerance = 1, sa_iterations = 1000, initial_temperature = 3.0, cooling_rate = 0.999
26 - INFO - chord#: 96 done. best_score=36.0, changed=524, unchanged=295, early_stops=8/8
26 - INFO - chord#: 98 In build_straw_man_chord_sa. tolerance = 1, sa_iterations = 1000, initial_temperature = 3.0, cooling_rate = 0.999
26 - INFO - chord#: 92 done. best_score=27.0, changed=517, unchanged=456, early_stops=8/8
26 - INFO - chord#: 96 In build_straw_man_chord_sa. tolerance = 1, sa_iterations = 1000, initial_temperature = 3.0, cooling_rate = 0.999
26 - INFO - chord#: 96 done. best_score=27.0, changed=521, unchanged=449, early_stops=8/8
26 - INFO - chord#: 98 In build_straw_man_chord_sa. tolerance = 1, sa_iterations = 1000, initial_temperature = 3.0, cooling_rate = 0.999
26 - INFO - chord#: 96 done. best_score=27.0, changed=527, unchanged=482, early_stops=8/8
26 - INFO - chord#: 98 In build_straw_man_chord_sa. tolerance = 1, sa_iterations = 1000, initial_temperature = 3.0, cooling_rate = 0.999
26 - INFO - chord#: 104 done. best_score=27.0, changed=511, unchanged=338, early_stops=8/8
26 - INFO - chord#: 106 In build_straw_man_chord_sa. tolerance = 1, sa_iterations = 1000, initial_temperature = 3.0, cooling_rate = 0.999
26 - INFO - chord#: 92 done. best_score=27.0, changed=529, unchanged=478, early_stops=8/8
26 - INFO - chord#: 96 In build_straw_man_chord_sa. tolerance = 1, sa_iterations = 1000, initial_temperature = 3.0, cooling_rate = 0.999
26 - INFO - chord#: 86 done. best_score=94.0, changed=616, unchanged=329, early_stops=8/8
26 - INFO - chord#: 88 In build_straw_man_chord_sa. tolerance = 1, sa_iterations = 1000, initial_temperature = 3.0, cooling_rate = 0.999
26 - INFO - chord#: 102 done. best_score=93.0, changed=614, unchanged=468, early_stops=8/8
26 - INFO - chord#: 104 In build_straw_man_chord_sa. tolerance = 1, sa_iterations = 1000, initial_temperature = 3.0, cooling_rate = 0.999
26 - INFO - chord#: 98 done. best_score=64.0, changed=612, unchanged=305, early_stops=8/8
26 - INFO - chord#: 100 In build_straw_man_chord_sa. tolerance = 1, sa_iterations = 1000, initial_temperature = 3.0, cooling_rate = 0.999
26 - INFO - chord#: 90 done. best_score=70.0, changed=612, unchanged=313, early_stops=8/8
26 - INFO - chord#: 92 In build_straw_man_chord_sa. tolerance = 1, sa_iterations = 1000, initial_temperature = 3.0, cooling_rate = 0.999
26 - INFO - chord#: 106 done. best_score=27.0, changed=528, unchanged=360, early_stops=8/8
26 - INFO - chord#: 108 In build_straw_man_chord_sa. tolerance = 1, sa_iterations = 1000, initial_temperature = 3.0, cooling_rate = 0.999
26 - INFO - chord#: 96 done. best_score=27.0, changed=519, unchanged=348, early_stops=8/8
26 - INFO - chord#: 98 In build_straw_man_chord_sa. tolerance = 1, sa_iterations = 1000, initial_temperature = 3.0, cooling_rate = 0.999
26 - INFO - chord#: 96 done. best_score=27.0, changed=510, unchanged=337, early_stops=8/8
26 - INFO - chord#: 98 In build_straw_man_chord_sa. tolerance = 1, sa_iterations = 1000, initial_temperature = 3.0, cooling_rate = 0.999
26 - INFO - chord#: 100 done. best_score=27.0, changed=522, unchanged=331, early_stops=8/8
26 - INFO - chord#: 102 In build_straw_man_chord_sa. tolerance = 1, sa_iterations = 1000, initial_temperature = 3.0, cooling_rate = 0.999
26 - INFO - chord#: 88 done. best_score=27.0, changed=527, unchanged=415, early_stops=8/8
26 - INFO - chord#: 90 In build_straw_man_chord_sa. tolerance = 1, sa_iterations = 1000, initial_temperature = 3.0, cooling_rate = 0.999
26 - INFO - chord#: 102 done. best_score=96.0, changed=618, unchanged=313, early_stops=8/8
26 - INFO - chord#: 104 In build_straw_man_chord_sa. tolerance = 1, sa_iterations = 1000, initial_temperature = 3.0, cooling_rate = 0.999
26 - INFO - chord#: 104 done. best_score=27.0, changed=526, unchanged=409, early_stops=8/8
26 - INFO - chord#: 106 In build_straw_man_chord_sa. tolerance = 1, sa_iterations = 1000, initial_temperature = 3.0, cooling_rate = 0.999
26 - INFO - chord#: 90 done. best_score=70.0, changed=610, unchanged=297, early_stops=8/8
26 - INFO - chord#: 92 In build_straw_man_chord_sa. tolerance = 1, sa_iterations = 1000, initial_temperature = 3.0, cooling_rate = 0.999
26 - INFO - chord#: 108 done. best_score=27.0, changed=525, unchanged=334, early_stops=8/8
26 - INFO - chord#: 110 In build_straw_man_chord_sa. tolerance = 1, sa_iterations = 1000, initial_temperature = 3.0, cooling_rate = 0.999
26 - INFO - chord#: 98 done. best_score=71.0, changed=614, unchanged=252, early_stops=8/8
26 - INFO - chord#: 100 In build_straw_man_chord_sa. tolerance = 1, sa_iterations = 1000, initial_temperature = 3.0, cooling_rate = 0.999
26 - INFO - chord#: 98 done. best_score=146.0, changed=612, unchanged=211, early_stops=8/8
26 - INFO - chord#: 100 In build_straw_man_chord_sa. tolerance = 1, sa_iterations = 1000, initial_temperature = 3.0, cooling_rate = 0.999
26 - INFO - chord#: 92 done. best_score=27.0, changed=521, unchanged=501, early_stops=8/8
26 - INFO - chord#: 96 In build_straw_man_chord_sa. tolerance = 1, sa_iterations = 1000, initial_temperature = 3.0, cooling_rate = 0.999
26 - INFO - chord#: 98 done. best_score=64.0, changed=614, unchanged=271, early_stops=8/8
26 - INFO - chord#: 100 In build_straw_man_chord_sa. tolerance = 1, sa_iterations = 1000, initial_temperature = 3.0, cooling_rate = 0.999
26 - INFO - chord#: 106 done. best_score=27.0, changed=524, unchanged=320, early_stops=8/8
26 - INFO - chord#: 108 In build_straw_man_chord_sa. tolerance = 1, sa_iterations = 1000, initial_temperature = 3.0, cooling_rate = 0.999
26 - INFO - chord#: 104 done. best_score=27.0, changed=516, unchanged=409, early_stops=8/8
26 - INFO - chord#: 106 In build_straw_man_chord_sa. tolerance = 1, sa_iterations = 1000, initial_temperature = 3.0, cooling_rate = 0.999
26 - INFO - chord#: 92 done. best_score=27.0, changed=518, unchanged=398, early_stops=8/8
26 - INFO - chord#: 96 In build_straw_man_chord_sa. tolerance = 1, sa_iterations = 1000, initial_temperature = 3.0, cooling_rate = 0.999
26 - INFO - chord#: 100 done. best_score=27.0, changed=520, unchanged=364, early_stops=8/8
26 - INFO - chord#: 102 In build_straw_man_chord_sa. tolerance = 1, sa_iterations = 1000, initial_temperature = 3.0, cooling_rate = 0.999
26 - INFO - chord#: 100 done. best_score=27.0, changed=524, unchanged=416, early_stops=8/8
26 - INFO - chord#: 102 In build_straw_man_chord_sa. tolerance = 1, sa_iterations = 1000, initial_temperature = 3.0, cooling_rate = 0.999
26 - INFO - chord#: 96 done. best_score=27.0, changed=534, unchanged=438, early_stops=8/8
26 - INFO - chord#: 98 In build_straw_man_chord_sa. tolerance = 1, sa_iterations = 1000, initial_temperature = 3.0, cooling_rate = 0.999
26 - INFO - chord#: 108 done. best_score=27.0, changed=518, unchanged=460, early_stops=8/8
26 - INFO - chord#: 110 In build_straw_man_chord_sa. tolerance = 1, sa_iterations = 1000, initial_temperature = 3.0, cooling_rate = 0.999
26 - INFO - chord#: 98 done. best_score=64.0, changed=611, unchanged=350, early_stops=8/8
26 - INFO - chord#: 100 In build_straw_man_chord_sa. tolerance = 1, sa_iterations = 1000, initial_temperature = 3.0, cooling_rate = 0.999
26 - INFO - chord#: 106 done. best_score=27.0, changed=531, unchanged=431, early_stops=8/8
26 - INFO - chord#: 108 In build_straw_man_chord_sa. tolerance = 1, sa_iterations = 1000, initial_temperature = 3.0, cooling_rate = 0.999
26 - INFO - chord#: 90 done. best_score=155.0, changed=606, unchanged=282, early_stops=8/8
26 - INFO - chord#: 92 In build_straw_man_chord_sa. tolerance = 1, sa_iterations = 1000, initial_temperature = 3.0, cooling_rate = 0.999
26 - INFO - chord#: 100 done. best_score=27.0, changed=530, unchanged=487, early_stops=8/8
26 - INFO - chord#: 102 In build_straw_man_chord_sa. tolerance = 1, sa_iterations = 1000, initial_temperature = 3.0, cooling_rate = 0.999
26 - INFO - chord#: 102 done. best_score=129.0, changed=613, unchanged=346, early_stops=8/8
26 - INFO - chord#: 104 In build_straw_man_chord_sa. tolerance = 1, sa_iterations = 1000, initial_temperature = 3.0, cooling_rate = 0.999
26 - INFO - chord#: 98 done. best_score=64.0, changed=619, unchanged=457, early_stops=8/8
26 - INFO - chord#: 100 In build_straw_man_chord_sa. tolerance = 1, sa_iterations = 1000, initial_temperature = 3.0, cooling_rate = 0.999
26 - INFO - chord#: 110 done. best_score=137.0, changed=612, unchanged=267, early_stops=8/8
26 - INFO - chord#: 112 In build_straw_man_chord_sa. tolerance = 1, sa_iterations = 1000, initial_temperature = 3.0, cooling_rate = 0.999
26 - INFO - chord#: 96 done. best_score=27.0, changed=518, unchanged=337, early_stops=8/8
26 - INFO - chord#: 98 In build_straw_man_chord_sa. tolerance = 1, sa_iterations = 1000, initial_temperature = 3.0, cooling_rate = 0.999
26 - INFO - chord#: 100 done. best_score=57.0, changed=530, unchanged=369, early_stops=8/8
26 - INFO - chord#: 102 In build_straw_man_chord_sa. tolerance = 1, sa_iterations = 1000, initial_temperature = 3.0, cooling_rate = 0.999
26 - INFO - chord#: 92 done. best_score=27.0, changed=529, unchanged=344, early_stops=8/8
26 - INFO - chord#: 96 In build_straw_man_chord_sa. tolerance = 1, sa_iterations = 1000, initial_temperature = 3.0, cooling_rate = 0.999
26 - INFO - chord#: 104 done. best_score=27.0, changed=512, unchanged=349, early_stops=8/8
26 - INFO - chord#: 106 In build_straw_man_chord_sa. tolerance = 1, sa_iterations = 1000, initial_temperature = 3.0, cooling_rate = 0.999
26 - INFO - chord#: 108 done. best_score=27.0, changed=523, unchanged=501, early_stops=8/8
26 - INFO - chord#: 110 In build_straw_man_chord_sa. tolerance = 1, sa_iterations = 1000, initial_temperature = 3.0, cooling_rate = 0.999
26 - INFO - chord#: 112 done. best_score=27.0, changed=514, unchanged=353, early_stops=8/8
26 - INFO - chord#: 114 In build_straw_man_chord_sa. tolerance = 1, sa_iterations = 1000, initial_temperature = 3.0, cooling_rate = 0.999
26 - INFO - chord#: 100 done. best_score=27.0, changed=514, unchanged=354, early_stops=8/8
26 - INFO - chord#: 102 In build_straw_man_chord_sa. tolerance = 1, sa_iterations = 1000, initial_temperature = 3.0, cooling_rate = 0.999
26 - INFO - chord#: 106 done. best_score=27.0, changed=518, unchanged=345, early_stops=8/8
26 - INFO - chord#: 108 In build_straw_man_chord_sa. tolerance = 1, sa_iterations = 1000, initial_temperature = 3.0, cooling_rate = 0.999
26 - INFO - chord#: 96 done. best_score=27.0, changed=524, unchanged=350, early_stops=8/8
26 - INFO - chord#: 98 In build_straw_man_chord_sa. tolerance = 1, sa_iterations = 1000, initial_temperature = 3.0, cooling_rate = 0.999
26 - INFO - chord#: 114 done. best_score=27.0, changed=525, unchanged=354, early_stops=8/8
26 - INFO - chord#: 116 In build_straw_man_chord_sa. tolerance = 1, sa_iterations = 1000, initial_temperature = 3.0, cooling_rate = 0.999
26 - INFO - chord#: 110 done. best_score=78.0, changed=612, unchanged=367, early_stops=8/8
26 - INFO - chord#: 112 In build_straw_man_chord_sa. tolerance = 1, sa_iterations = 1000, initial_temperature = 3.0, cooling_rate = 0.999
26 - INFO - chord#: 102 done. best_score=96.0, changed=612, unchanged=332, early_stops=8/8
26 - INFO - chord#: 104 In build_straw_man_chord_sa. tolerance = 1, sa_iterations = 1000, initial_temperature = 3.0, cooling_rate = 0.999
26 - INFO - chord#: 98 done. best_score=64.0, changed=610, unchanged=312, early_stops=8/8
26 - INFO - chord#: 100 In build_straw_man_chord_sa. tolerance = 1, sa_iterations = 1000, initial_temperature = 3.0, cooling_rate = 0.999
26 - INFO - chord#: 102 done. best_score=94.0, changed=616, unchanged=442, early_stops=8/8
26 - INFO - chord#: 104 In build_straw_man_chord_sa. tolerance = 1, sa_iterations = 1000, initial_temperature = 3.0, cooling_rate = 0.999
26 - INFO - chord#: 102 done. best_score=125.0, changed=614, unchanged=254, early_stops=8/8
26 - INFO - chord#: 104 In build_straw_man_chord_sa. tolerance = 1, sa_iterations = 1000, initial_temperature = 3.0, cooling_rate = 0.999
26 - INFO - chord#: 108 done. best_score=27.0, changed=515, unchanged=345, early_stops=8/8
26 - INFO - chord#: 110 In build_straw_man_chord_sa. tolerance = 1, sa_iterations = 1000, initial_temperature = 3.0, cooling_rate = 0.999
26 - INFO - chord#: 110 done. best_score=67.0, changed=607, unchanged=221, early_stops=8/8
26 - INFO - chord#: 112 In build_straw_man_chord_sa. tolerance = 1, sa_iterations = 1000, initial_temperature = 3.0, cooling_rate = 0.999
26 - INFO - chord#: 102 done. best_score=94.0, changed=615, unchanged=349, early_stops=8/8
26 - INFO - chord#: 104 In build_straw_man_chord_sa. tolerance = 1, sa_iterations = 1000, initial_temperature = 3.0, cooling_rate = 0.999
26 - INFO - chord#: 98 done. best_score=146.0, changed=609, unchanged=335, early_stops=8/8
26 - INFO - chord#: 100 In build_straw_man_chord_sa. tolerance = 1, sa_iterations = 1000, initial_temperature = 3.0, cooling_rate = 0.999
26 - INFO - chord#: 112 done. best_score=27.0, changed=522, unchanged=559, early_stops=8/8
26 - INFO - chord#: 114 In build_straw_man_chord_sa. tolerance = 1, sa_iterations = 1000, initial_temperature = 3.0, cooling_rate = 0.999
26 - INFO - chord#: 104 done. best_score=27.0, changed=510, unchanged=350, early_stops=8/8
26 - INFO - chord#: 106 In build_straw_man_chord_sa. tolerance = 1, sa_iterations = 1000, initial_temperature = 3.0, cooling_rate = 0.999
26 - INFO - chord#: 112 done. best_score=27.0, changed=518, unchanged=366, early_stops=8/8
26 - INFO - chord#: 114 In build_straw_man_chord_sa. tolerance = 1, sa_iterations = 1000, initial_temperature = 3.0, cooling_rate = 0.999
26 - INFO - chord#: 100 done. best_score=27.0, changed=521, unchanged=441, early_stops=8/8
26 - INFO - chord#: 102 In build_straw_man_chord_sa. tolerance = 1, sa_iterations = 1000, initial_temperature = 3.0, cooling_rate = 0.999
26 - INFO - chord#: 104 done. best_score=27.0, changed=527, unchanged=455, early_stops=8/8
26 - INFO - chord#: 106 In build_straw_man_chord_sa. tolerance = 1, sa_iterations = 1000, initial_temperature = 3.0, cooling_rate = 0.999
26 - INFO - chord#: 102 done. best_score=93.0, changed=614, unchanged=255, early_stops=8/8
26 - INFO - chord#: 104 In build_straw_man_chord_sa. tolerance = 1, sa_iterations = 1000, initial_temperature = 3.0, cooling_rate = 0.999
26 - INFO - chord#: 104 done. best_score=27.0, changed=525, unchanged=459, early_stops=8/8
26 - INFO - chord#: 106 In build_straw_man_chord_sa. tolerance = 1, sa_iterations = 1000, initial_temperature = 3.0, cooling_rate = 0.999
26 - INFO - chord#: 98 done. best_score=64.0, changed=615, unchanged=403, early_stops=8/8
26 - INFO - chord#: 100 In build_straw_man_chord_sa. tolerance = 1, sa_iterations = 1000, initial_temperature = 3.0, cooling_rate = 0.999
26 - INFO - chord#: 114 done. best_score=27.0, changed=522, unchanged=458, early_stops=8/8
26 - INFO - chord#: 116 In build_straw_man_chord_sa. tolerance = 1, sa_iterations = 1000, initial_temperature = 3.0, cooling_rate = 0.999
26 - INFO - chord#: 104 done. best_score=27.0, changed=522, unchanged=400, early_stops=8/8
26 - INFO - chord#: 106 In build_straw_man_chord_sa. tolerance = 1, sa_iterations = 1000, initial_temperature = 3.0, cooling_rate = 0.999
26 - INFO - chord#: 100 done. best_score=27.0, changed=529, unchanged=448, early_stops=8/8
26 - INFO - chord#: 102 In build_straw_man_chord_sa. tolerance = 1, sa_iterations = 1000, initial_temperature = 3.0, cooling_rate = 0.999
26 - INFO - chord#: 106 done. best_score=27.0, changed=524, unchanged=327, early_stops=8/8
26 - INFO - chord#: 108 In build_straw_man_chord_sa. tolerance = 1, sa_iterations = 1000, initial_temperature = 3.0, cooling_rate = 0.999
26 - INFO - chord#: 110 done. best_score=161.0, changed=607, unchanged=205, early_stops=8/8
26 - INFO - chord#: 112 In build_straw_man_chord_sa. tolerance = 1, sa_iterations = 1000, initial_temperature = 3.0, cooling_rate = 0.999
26 - INFO - chord#: 114 done. best_score=27.0, changed=524, unchanged=311, early_stops=8/8
26 - INFO - chord#: 116 In build_straw_man_chord_sa. tolerance = 1, sa_iterations = 1000, initial_temperature = 3.0, cooling_rate = 0.999
26 - INFO - chord#: 116 done. best_score=145.0, changed=612, unchanged=464, early_stops=8/8
26 - INFO - chord#: 117 In build_straw_man_chord_sa. tolerance = 1, sa_iterations = 1000, initial_temperature = 3.0, cooling_rate = 0.999
26 - INFO - chord#: 106 done. best_score=27.0, changed=530, unchanged=348, early_stops=8/8
26 - INFO - chord#: 108 In build_straw_man_chord_sa. tolerance = 1, sa_iterations = 1000, initial_temperature = 3.0, cooling_rate = 0.999
26 - INFO - chord#: 104 done. best_score=27.0, changed=524, unchanged=393, early_stops=8/8
26 - INFO - chord#: 106 In build_straw_man_chord_sa. tolerance = 1, sa_iterations = 1000, initial_temperature = 3.0, cooling_rate = 0.999
26 - INFO - chord#: 100 done. best_score=36.0, changed=515, unchanged=376, early_stops=8/8
26 - INFO - chord#: 102 In build_straw_man_chord_sa. tolerance = 1, sa_iterations = 1000, initial_temperature = 3.0, cooling_rate = 0.999
26 - INFO - chord#: 106 done. best_score=27.0, changed=533, unchanged=491, early_stops=8/8
26 - INFO - chord#: 108 In build_straw_man_chord_sa. tolerance = 1, sa_iterations = 1000, initial_temperature = 3.0, cooling_rate = 0.999
26 - INFO - chord#: 106 done. best_score=27.0, changed=528, unchanged=397, early_stops=8/8
26 - INFO - chord#: 108 In build_straw_man_chord_sa. tolerance = 1, sa_iterations = 1000, initial_temperature = 3.0, cooling_rate = 0.999
26 - INFO - chord#: 108 done. best_score=27.0, changed=516, unchanged=399, early_stops=8/8
26 - INFO - chord#: 110 In build_straw_man_chord_sa. tolerance = 1, sa_iterations = 1000, initial_temperature = 3.0, cooling_rate = 0.999
26 - INFO - chord#: 112 done. best_score=27.0, changed=521, unchanged=454, early_stops=8/8
26 - INFO - chord#: 114 In build_straw_man_chord_sa. tolerance = 1, sa_iterations = 1000, initial_temperature = 3.0, cooling_rate = 0.999
26 - INFO - chord#: 108 done. best_score=27.0, changed=522, unchanged=549, early_stops=8/8
26 - INFO - chord#: 110 In build_straw_man_chord_sa. tolerance = 1, sa_iterations = 1000, initial_temperature = 3.0, cooling_rate = 0.999
26 - INFO - chord#: 102 done. best_score=96.0, changed=607, unchanged=237, early_stops=8/8
26 - INFO - chord#: 104 In build_straw_man_chord_sa. tolerance = 1, sa_iterations = 1000, initial_temperature = 3.0, cooling_rate = 0.999
26 - INFO - chord#: 106 done. best_score=27.0, changed=526, unchanged=446, early_stops=8/8
26 - INFO - chord#: 108 In build_straw_man_chord_sa. tolerance = 1, sa_iterations = 1000, initial_temperature = 3.0, cooling_rate = 0.999
26 - INFO - chord#: 116 done. best_score=64.0, changed=608, unchanged=258, early_stops=8/8
26 - INFO - chord#: 117 In build_straw_man_chord_sa. tolerance = 1, sa_iterations = 1000, initial_temperature = 3.0, cooling_rate = 0.999
26 - INFO - chord#: 116 done. best_score=104.0, changed=605, unchanged=233, early_stops=8/8
26 - INFO - chord#: 117 In build_straw_man_chord_sa. tolerance = 1, sa_iterations = 1000, initial_temperature = 3.0, cooling_rate = 0.999
26 - INFO - chord#: 117 done. best_score=121.0, changed=609, unchanged=277, early_stops=8/8
26 - INFO - chord#: 118 In build_straw_man_chord_sa. tolerance = 1, sa_iterations = 1000, initial_temperature = 3.0, cooling_rate = 0.999
26 - INFO - chord#: 108 done. best_score=27.0, changed=523, unchanged=423, early_stops=8/8
26 - INFO - chord#: 110 In build_straw_man_chord_sa. tolerance = 1, sa_iterations = 1000, initial_temperature = 3.0, cooling_rate = 0.999
26 - INFO - chord#: 114 done. best_score=27.0, changed=521, unchanged=357, early_stops=8/8
26 - INFO - chord#: 116 In build_straw_man_chord_sa. tolerance = 1, sa_iterations = 1000, initial_temperature = 3.0, cooling_rate = 0.999
26 - INFO - chord#: 108 done. best_score=27.0, changed=522, unchanged=507, early_stops=8/8
26 - INFO - chord#: 110 In build_straw_man_chord_sa. tolerance = 1, sa_iterations = 1000, initial_temperature = 3.0, cooling_rate = 0.999
26 - INFO - chord#: 118 done. best_score=9.0, changed=470, unchanged=374, early_stops=8/8
26 - INFO - chord#: 120 In build_straw_man_chord_sa. tolerance = 1, sa_iterations = 1000, initial_temperature = 3.0, cooling_rate = 0.999
26 - INFO - chord#: 102 done. best_score=93.0, changed=609, unchanged=237, early_stops=8/8
26 - INFO - chord#: 104 In build_straw_man_chord_sa. tolerance = 1, sa_iterations = 1000, initial_temperature = 3.0, cooling_rate = 0.999
26 - INFO - chord#: 108 done. best_score=27.0, changed=513, unchanged=421, early_stops=8/8
26 - INFO - chord#: 110 In build_straw_man_chord_sa. tolerance = 1, sa_iterations = 1000, initial_temperature = 3.0, cooling_rate = 0.999
26 - INFO - chord#: 104 done. best_score=27.0, changed=525, unchanged=384, early_stops=8/8
26 - INFO - chord#: 106 In build_straw_man_chord_sa. tolerance = 1, sa_iterations = 1000, initial_temperature = 3.0, cooling_rate = 0.999
26 - INFO - chord#: 102 done. best_score=94.0, changed=613, unchanged=405, early_stops=8/8
26 - INFO - chord#: 104 In build_straw_man_chord_sa. tolerance = 1, sa_iterations = 1000, initial_temperature = 3.0, cooling_rate = 0.999
26 - INFO - chord#: 120 done. best_score=27.0, changed=522, unchanged=450, early_stops=8/8
26 - INFO - chord#: 122 In build_straw_man_chord_sa. tolerance = 1, sa_iterations = 1000, initial_temperature = 3.0, cooling_rate = 0.999
26 - INFO - chord#: 104 done. best_score=27.0, changed=519, unchanged=315, early_stops=8/8
26 - INFO - chord#: 106 In build_straw_man_chord_sa. tolerance = 1, sa_iterations = 1000, initial_temperature = 3.0, cooling_rate = 0.999
26 - INFO - chord#: 110 done. best_score=112.0, changed=609, unchanged=307, early_stops=8/8
26 - INFO - chord#: 112 In build_straw_man_chord_sa. tolerance = 1, sa_iterations = 1000, initial_temperature = 3.0, cooling_rate = 0.999
26 - INFO - chord#: 117 done. best_score=121.0, changed=607, unchanged=218, early_stops=8/8
26 - INFO - chord#: 118 In build_straw_man_chord_sa. tolerance = 1, sa_iterations = 1000, initial_temperature = 3.0, cooling_rate = 0.999
26 - INFO - chord#: 118 done. best_score=9.0, changed=492, unchanged=326, early_stops=8/8
26 - INFO - chord#: 120 In build_straw_man_chord_sa. tolerance = 1, sa_iterations = 1000, initial_temperature = 3.0, cooling_rate = 0.999
26 - INFO - chord#: 106 done. best_score=27.0, changed=525, unchanged=336, early_stops=8/8
26 - INFO - chord#: 108 In build_straw_man_chord_sa. tolerance = 1, sa_iterations = 1000, initial_temperature = 3.0, cooling_rate = 0.999
26 - INFO - chord#: 117 done. best_score=121.0, changed=618, unchanged=332, early_stops=8/8
26 - INFO - chord#: 118 In build_straw_man_chord_sa. tolerance = 1, sa_iterations = 1000, initial_temperature = 3.0, cooling_rate = 0.999
26 - INFO - chord#: 110 done. best_score=67.0, changed=613, unchanged=421, early_stops=8/8
26 - INFO - chord#: 112 In build_straw_man_chord_sa. tolerance = 1, sa_iterations = 1000, initial_temperature = 3.0, cooling_rate = 0.999
26 - INFO - chord#: 104 done. best_score=27.0, changed=529, unchanged=523, early_stops=8/8
26 - INFO - chord#: 106 In build_straw_man_chord_sa. tolerance = 1, sa_iterations = 1000, initial_temperature = 3.0, cooling_rate = 0.999
26 - INFO - chord#: 118 done. best_score=9.0, changed=484, unchanged=326, early_stops=8/8
26 - INFO - chord#: 120 In build_straw_man_chord_sa. tolerance = 1, sa_iterations = 1000, initial_temperature = 3.0, cooling_rate = 0.999
26 - INFO - chord#: 106 done. best_score=27.0, changed=521, unchanged=353, early_stops=8/8
26 - INFO - chord#: 108 In build_straw_man_chord_sa. tolerance = 1, sa_iterations = 1000, initial_temperature = 3.0, cooling_rate = 0.999
26 - INFO - chord#: 116 done. best_score=64.0, changed=609, unchanged=357, early_stops=8/8
26 - INFO - chord#: 117 In build_straw_man_chord_sa. tolerance = 1, sa_iterations = 1000, initial_temperature = 3.0, cooling_rate = 0.999
26 - INFO - chord#: 112 done. best_score=27.0, changed=519, unchanged=366, early_stops=8/8
26 - INFO - chord#: 114 In build_straw_man_chord_sa. tolerance = 1, sa_iterations = 1000, initial_temperature = 3.0, cooling_rate = 0.999
26 - INFO - chord#: 110 done. best_score=145.0, changed=607, unchanged=222, early_stops=8/8
26 - INFO - chord#: 112 In build_straw_man_chord_sa. tolerance = 1, sa_iterations = 1000, initial_temperature = 3.0, cooling_rate = 0.999
26 - INFO - chord#: 110 done. best_score=67.0, changed=612, unchanged=328, early_stops=8/8
26 - INFO - chord#: 112 In build_straw_man_chord_sa. tolerance = 1, sa_iterations = 1000, initial_temperature = 3.0, cooling_rate = 0.999
26 - INFO - chord#: 120 done. best_score=27.0, changed=517, unchanged=469, early_stops=8/8
26 - INFO - chord#: 122 In build_straw_man_chord_sa. tolerance = 1, sa_iterations = 1000, initial_temperature = 3.0, cooling_rate = 0.999
26 - INFO - chord#: 108 done. best_score=27.0, changed=512, unchanged=317, early_stops=8/8
26 - INFO - chord#: 110 In build_straw_man_chord_sa. tolerance = 1, sa_iterations = 1000, initial_temperature = 3.0, cooling_rate = 0.999
26 - INFO - chord#: 108 done. best_score=27.0, changed=517, unchanged=343, early_stops=8/8
26 - INFO - chord#: 110 In build_straw_man_chord_sa. tolerance = 1, sa_iterations = 1000, initial_temperature = 3.0, cooling_rate = 0.999
26 - INFO - chord#: 114 done. best_score=27.0, changed=530, unchanged=308, early_stops=8/8
26 - INFO - chord#: 116 In build_straw_man_chord_sa. tolerance = 1, sa_iterations = 1000, initial_temperature = 3.0, cooling_rate = 0.999
26 - INFO - chord#: 120 done. best_score=27.0, changed=524, unchanged=395, early_stops=8/8
26 - INFO - chord#: 122 In build_straw_man_chord_sa. tolerance = 1, sa_iterations = 1000, initial_temperature = 3.0, cooling_rate = 0.999
26 - INFO - chord#: 106 done. best_score=27.0, changed=518, unchanged=350, early_stops=8/8
26 - INFO - chord#: 108 In build_straw_man_chord_sa. tolerance = 1, sa_iterations = 1000, initial_temperature = 3.0, cooling_rate = 0.999
26 - INFO - chord#: 110 done. best_score=112.0, changed=608, unchanged=306, early_stops=8/8
26 - INFO - chord#: 112 In build_straw_man_chord_sa. tolerance = 1, sa_iterations = 1000, initial_temperature = 3.0, cooling_rate = 0.999
26 - INFO - chord#: 122 done. best_score=67.0, changed=610, unchanged=360, early_stops=8/8
26 - INFO - chord#: 124 In build_straw_man_chord_sa. tolerance = 1, sa_iterations = 1000, initial_temperature = 3.0, cooling_rate = 0.999
26 - INFO - chord#: 112 done. best_score=27.0, changed=517, unchanged=522, early_stops=8/8
26 - INFO - chord#: 114 In build_straw_man_chord_sa. tolerance = 1, sa_iterations = 1000, initial_temperature = 3.0, cooling_rate = 0.999
26 - INFO - chord#: 112 done. best_score=27.0, changed=528, unchanged=418, early_stops=8/8
26 - INFO - chord#: 114 In build_straw_man_chord_sa. tolerance = 1, sa_iterations = 1000, initial_temperature = 3.0, cooling_rate = 0.999
26 - INFO - chord#: 112 done. best_score=27.0, changed=523, unchanged=422, early_stops=8/8
26 - INFO - chord#: 114 In build_straw_man_chord_sa. tolerance = 1, sa_iterations = 1000, initial_temperature = 3.0, cooling_rate = 0.999
26 - INFO - chord#: 108 done. best_score=27.0, changed=519, unchanged=455, early_stops=8/8
26 - INFO - chord#: 110 In build_straw_man_chord_sa. tolerance = 1, sa_iterations = 1000, initial_temperature = 3.0, cooling_rate = 0.999
26 - INFO - chord#: 124 done. best_score=27.0, changed=530, unchanged=501, early_stops=8/8
26 - INFO - chord#: 128 In build_straw_man_chord_sa. tolerance = 1, sa_iterations = 1000, initial_temperature = 3.0, cooling_rate = 0.999
26 - INFO - chord#: 117 done. best_score=121.0, changed=613, unchanged=309, early_stops=8/8
26 - INFO - chord#: 118 In build_straw_man_chord_sa. tolerance = 1, sa_iterations = 1000, initial_temperature = 3.0, cooling_rate = 0.999
26 - INFO - chord#: 112 done. best_score=27.0, changed=516, unchanged=351, early_stops=8/8
26 - INFO - chord#: 114 In build_straw_man_chord_sa. tolerance = 1, sa_iterations = 1000, initial_temperature = 3.0, cooling_rate = 0.999
26 - INFO - chord#: 114 done. best_score=27.0, changed=534, unchanged=449, early_stops=8/8
26 - INFO - chord#: 116 In build_straw_man_chord_sa. tolerance = 1, sa_iterations = 1000, initial_temperature = 3.0, cooling_rate = 0.999
26 - INFO - chord#: 118 done. best_score=9.0, changed=478, unchanged=343, early_stops=8/8
26 - INFO - chord#: 120 In build_straw_man_chord_sa. tolerance = 1, sa_iterations = 1000, initial_temperature = 3.0, cooling_rate = 0.999
26 - INFO - chord#: 114 done. best_score=27.0, changed=518, unchanged=380, early_stops=8/8
26 - INFO - chord#: 116 In build_straw_man_chord_sa. tolerance = 1, sa_iterations = 1000, initial_temperature = 3.0, cooling_rate = 0.999
26 - INFO - chord#: 114 done. best_score=27.0, changed=514, unchanged=326, early_stops=8/8
26 - INFO - chord#: 116 In build_straw_man_chord_sa. tolerance = 1, sa_iterations = 1000, initial_temperature = 3.0, cooling_rate = 0.999
26 - INFO - chord#: 110 done. best_score=67.0, changed=614, unchanged=324, early_stops=8/8
26 - INFO - chord#: 112 In build_straw_man_chord_sa. tolerance = 1, sa_iterations = 1000, initial_temperature = 3.0, cooling_rate = 0.999
26 - INFO - chord#: 122 done. best_score=67.0, changed=612, unchanged=349, early_stops=8/8
26 - INFO - chord#: 124 In build_straw_man_chord_sa. tolerance = 1, sa_iterations = 1000, initial_temperature = 3.0, cooling_rate = 0.999
26 - INFO - chord#: 110 done. best_score=137.0, changed=608, unchanged=235, early_stops=8/8
26 - INFO - chord#: 112 In build_straw_man_chord_sa. tolerance = 1, sa_iterations = 1000, initial_temperature = 3.0, cooling_rate = 0.999
26 - INFO - chord#: 116 done. best_score=112.0, changed=615, unchanged=323, early_stops=8/8
26 - INFO - chord#: 117 In build_straw_man_chord_sa. tolerance = 1, sa_iterations = 1000, initial_temperature = 3.0, cooling_rate = 0.999
26 - INFO - chord#: 128 done. best_score=27.0, changed=525, unchanged=373, early_stops=8/8
26 - INFO - chord#: 130 In build_straw_man_chord_sa. tolerance = 1, sa_iterations = 1000, initial_temperature = 3.0, cooling_rate = 0.999
26 - INFO - chord#: 114 done. best_score=27.0, changed=517, unchanged=302, early_stops=8/8
26 - INFO - chord#: 116 In build_straw_man_chord_sa. tolerance = 1, sa_iterations = 1000, initial_temperature = 3.0, cooling_rate = 0.999
26 - INFO - chord#: 122 done. best_score=157.0, changed=617, unchanged=418, early_stops=8/8
26 - INFO - chord#: 124 In build_straw_man_chord_sa. tolerance = 1, sa_iterations = 1000, initial_temperature = 3.0, cooling_rate = 0.999
26 - INFO - chord#: 120 done. best_score=27.0, changed=517, unchanged=482, early_stops=8/8
26 - INFO - chord#: 122 In build_straw_man_chord_sa. tolerance = 1, sa_iterations = 1000, initial_temperature = 3.0, cooling_rate = 0.999
26 - INFO - chord#: 124 done. best_score=27.0, changed=524, unchanged=373, early_stops=8/8
26 - INFO - chord#: 128 In build_straw_man_chord_sa. tolerance = 1, sa_iterations = 1000, initial_temperature = 3.0, cooling_rate = 0.999
26 - INFO - chord#: 112 done. best_score=27.0, changed=532, unchanged=497, early_stops=8/8
26 - INFO - chord#: 114 In build_straw_man_chord_sa. tolerance = 1, sa_iterations = 1000, initial_temperature = 3.0, cooling_rate = 0.999
26 - INFO - chord#: 124 done. best_score=27.0, changed=528, unchanged=357, early_stops=8/8
26 - INFO - chord#: 128 In build_straw_man_chord_sa. tolerance = 1, sa_iterations = 1000, initial_temperature = 3.0, cooling_rate = 0.999
26 - INFO - chord#: 112 done. best_score=27.0, changed=527, unchanged=451, early_stops=8/8
26 - INFO - chord#: 114 In build_straw_man_chord_sa. tolerance = 1, sa_iterations = 1000, initial_temperature = 3.0, cooling_rate = 0.999
26 - INFO - chord#: 128 done. best_score=27.0, changed=524, unchanged=402, early_stops=8/8
26 - INFO - chord#: 130 In build_straw_man_chord_sa. tolerance = 1, sa_iterations = 1000, initial_temperature = 3.0, cooling_rate = 0.999
26 - INFO - chord#: 116 done. best_score=157.0, changed=612, unchanged=245, early_stops=8/8
26 - INFO - chord#: 117 In build_straw_man_chord_sa. tolerance = 1, sa_iterations = 1000, initial_temperature = 3.0, cooling_rate = 0.999
26 - INFO - chord#: 110 done. best_score=78.0, changed=613, unchanged=356, early_stops=8/8
26 - INFO - chord#: 112 In build_straw_man_chord_sa. tolerance = 1, sa_iterations = 1000, initial_temperature = 3.0, cooling_rate = 0.999
26 - INFO - chord#: 114 done. best_score=27.0, changed=521, unchanged=348, early_stops=8/8
26 - INFO - chord#: 116 In build_straw_man_chord_sa. tolerance = 1, sa_iterations = 1000, initial_temperature = 3.0, cooling_rate = 0.999
26 - INFO - chord#: 130 done. best_score=137.0, changed=613, unchanged=236, early_stops=8/8
26 - INFO - chord#: 132 In build_straw_man_chord_sa. tolerance = 1, sa_iterations = 1000, initial_temperature = 3.0, cooling_rate = 0.999
26 - INFO - chord#: 117 done. best_score=172.0, changed=624, unchanged=334, early_stops=8/8
26 - INFO - chord#: 118 In build_straw_man_chord_sa. tolerance = 1, sa_iterations = 1000, initial_temperature = 3.0, cooling_rate = 0.999
26 - INFO - chord#: 128 done. best_score=27.0, changed=531, unchanged=542, early_stops=8/8
26 - INFO - chord#: 130 In build_straw_man_chord_sa. tolerance = 1, sa_iterations = 1000, initial_temperature = 3.0, cooling_rate = 0.999
26 - INFO - chord#: 118 done. best_score=9.0, changed=481, unchanged=351, early_stops=8/8
26 - INFO - chord#: 120 In build_straw_man_chord_sa. tolerance = 1, sa_iterations = 1000, initial_temperature = 3.0, cooling_rate = 0.999
26 - INFO - chord#: 114 done. best_score=27.0, changed=524, unchanged=347, early_stops=8/8
26 - INFO - chord#: 116 In build_straw_man_chord_sa. tolerance = 1, sa_iterations = 1000, initial_temperature = 3.0, cooling_rate = 0.999
26 - INFO - chord#: 116 done. best_score=157.0, changed=605, unchanged=308, early_stops=8/8
26 - INFO - chord#: 117 In build_straw_man_chord_sa. tolerance = 1, sa_iterations = 1000, initial_temperature = 3.0, cooling_rate = 0.999
26 - INFO - chord#: 122 done. best_score=67.0, changed=607, unchanged=235, early_stops=8/8
26 - INFO - chord#: 124 In build_straw_man_chord_sa. tolerance = 1, sa_iterations = 1000, initial_temperature = 3.0, cooling_rate = 0.999
26 - INFO - chord#: 116 done. best_score=71.0, changed=609, unchanged=391, early_stops=8/8
26 - INFO - chord#: 117 In build_straw_man_chord_sa. tolerance = 1, sa_iterations = 1000, initial_temperature = 3.0, cooling_rate = 0.999
26 - INFO - chord#: 116 done. best_score=146.0, changed=614, unchanged=309, early_stops=8/8
26 - INFO - chord#: 117 In build_straw_man_chord_sa. tolerance = 1, sa_iterations = 1000, initial_temperature = 3.0, cooling_rate = 0.999
26 - INFO - chord#: 132 done. best_score=27.0, changed=522, unchanged=455, early_stops=8/8
26 - INFO - chord#: 134 In build_straw_man_chord_sa. tolerance = 1, sa_iterations = 1000, initial_temperature = 3.0, cooling_rate = 0.999
26 - INFO - chord#: 112 done. best_score=27.0, changed=515, unchanged=394, early_stops=8/8
26 - INFO - chord#: 114 In build_straw_man_chord_sa. tolerance = 1, sa_iterations = 1000, initial_temperature = 3.0, cooling_rate = 0.999
26 - INFO - chord#: 124 done. best_score=27.0, changed=526, unchanged=401, early_stops=8/8
26 - INFO - chord#: 128 In build_straw_man_chord_sa. tolerance = 1, sa_iterations = 1000, initial_temperature = 3.0, cooling_rate = 0.999
26 - INFO - chord#: 120 done. best_score=27.0, changed=527, unchanged=529, early_stops=8/8
26 - INFO - chord#: 122 In build_straw_man_chord_sa. tolerance = 1, sa_iterations = 1000, initial_temperature = 3.0, cooling_rate = 0.999
26 - INFO - chord#: 130 done. best_score=142.0, changed=617, unchanged=302, early_stops=8/8
26 - INFO - chord#: 132 In build_straw_man_chord_sa. tolerance = 1, sa_iterations = 1000, initial_temperature = 3.0, cooling_rate = 0.999
26 - INFO - chord#: 116 done. best_score=145.0, changed=612, unchanged=298, early_stops=8/8
26 - INFO - chord#: 117 In build_straw_man_chord_sa. tolerance = 1, sa_iterations = 1000, initial_temperature = 3.0, cooling_rate = 0.999
26 - INFO - chord#: 128 done. best_score=27.0, changed=527, unchanged=412, early_stops=8/8
26 - INFO - chord#: 130 In build_straw_man_chord_sa. tolerance = 1, sa_iterations = 1000, initial_temperature = 3.0, cooling_rate = 0.999
26 - INFO - chord#: 130 done. best_score=67.0, changed=610, unchanged=308, early_stops=8/8
26 - INFO - chord#: 132 In build_straw_man_chord_sa. tolerance = 1, sa_iterations = 1000, initial_temperature = 3.0, cooling_rate = 0.999
26 - INFO - chord#: 114 done. best_score=27.0, changed=530, unchanged=373, early_stops=8/8
26 - INFO - chord#: 116 In build_straw_man_chord_sa. tolerance = 1, sa_iterations = 1000, initial_temperature = 3.0, cooling_rate = 0.999
26 - INFO - chord#: 117 done. best_score=74.0, changed=613, unchanged=365, early_stops=8/8
26 - INFO - chord#: 118 In build_straw_man_chord_sa. tolerance = 1, sa_iterations = 1000, initial_temperature = 3.0, cooling_rate = 0.999
26 - INFO - chord#: 132 done. best_score=27.0, changed=522, unchanged=404, early_stops=8/8
26 - INFO - chord#: 134 In build_straw_man_chord_sa. tolerance = 1, sa_iterations = 1000, initial_temperature = 3.0, cooling_rate = 0.999
26 - INFO - chord#: 116 done. best_score=64.0, changed=608, unchanged=235, early_stops=8/8
26 - INFO - chord#: 117 In build_straw_man_chord_sa. tolerance = 1, sa_iterations = 1000, initial_temperature = 3.0, cooling_rate = 0.999
26 - INFO - chord#: 118 done. best_score=9.0, changed=495, unchanged=333, early_stops=8/8
26 - INFO - chord#: 120 In build_straw_man_chord_sa. tolerance = 1, sa_iterations = 1000, initial_temperature = 3.0, cooling_rate = 0.999
26 - INFO - chord#: 117 done. best_score=149.0, changed=617, unchanged=402, early_stops=8/8
26 - INFO - chord#: 118 In build_straw_man_chord_sa. tolerance = 1, sa_iterations = 1000, initial_temperature = 3.0, cooling_rate = 0.999
26 - INFO - chord#: 117 done. best_score=149.0, changed=614, unchanged=239, early_stops=8/8
26 - INFO - chord#: 118 In build_straw_man_chord_sa. tolerance = 1, sa_iterations = 1000, initial_temperature = 3.0, cooling_rate = 0.999
26 - INFO - chord#: 118 done. best_score=9.0, changed=481, unchanged=325, early_stops=8/8
26 - INFO - chord#: 120 In build_straw_man_chord_sa. tolerance = 1, sa_iterations = 1000, initial_temperature = 3.0, cooling_rate = 0.999
26 - INFO - chord#: 117 done. best_score=149.0, changed=614, unchanged=410, early_stops=8/8
26 - INFO - chord#: 118 In build_straw_man_chord_sa. tolerance = 1, sa_iterations = 1000, initial_temperature = 3.0, cooling_rate = 0.999
26 - INFO - chord#: 134 done. best_score=104.0, changed=612, unchanged=329, early_stops=8/8
26 - INFO - chord#: 136 In build_straw_man_chord_sa. tolerance = 1, sa_iterations = 1000, initial_temperature = 3.0, cooling_rate = 0.999
26 - INFO - chord#: 132 done. best_score=27.0, changed=529, unchanged=542, early_stops=8/8
26 - INFO - chord#: 134 In build_straw_man_chord_sa. tolerance = 1, sa_iterations = 1000, initial_temperature = 3.0, cooling_rate = 0.999
26 - INFO - chord#: 118 done. best_score=9.0, changed=470, unchanged=343, early_stops=8/8
26 - INFO - chord#: 120 In build_straw_man_chord_sa. tolerance = 1, sa_iterations = 1000, initial_temperature = 3.0, cooling_rate = 0.999
26 - INFO - chord#: 118 done. best_score=9.0, changed=499, unchanged=316, early_stops=8/8
26 - INFO - chord#: 120 In build_straw_man_chord_sa. tolerance = 1, sa_iterations = 1000, initial_temperature = 3.0, cooling_rate = 0.999
26 - INFO - chord#: 122 done. best_score=67.0, changed=610, unchanged=339, early_stops=8/8
26 - INFO - chord#: 124 In build_straw_man_chord_sa. tolerance = 1, sa_iterations = 1000, initial_temperature = 3.0, cooling_rate = 0.999
26 - INFO - chord#: 117 done. best_score=104.0, changed=618, unchanged=290, early_stops=8/8
26 - INFO - chord#: 118 In build_straw_man_chord_sa. tolerance = 1, sa_iterations = 1000, initial_temperature = 3.0, cooling_rate = 0.999
26 - INFO - chord#: 118 done. best_score=9.0, changed=505, unchanged=309, early_stops=8/8
26 - INFO - chord#: 120 In build_straw_man_chord_sa. tolerance = 1, sa_iterations = 1000, initial_temperature = 3.0, cooling_rate = 0.999
26 - INFO - chord#: 120 done. best_score=27.0, changed=519, unchanged=466, early_stops=8/8
26 - INFO - chord#: 122 In build_straw_man_chord_sa. tolerance = 1, sa_iterations = 1000, initial_temperature = 3.0, cooling_rate = 0.999
26 - INFO - chord#: 130 done. best_score=67.0, changed=615, unchanged=463, early_stops=8/8
26 - INFO - chord#: 132 In build_straw_man_chord_sa. tolerance = 1, sa_iterations = 1000, initial_temperature = 3.0, cooling_rate = 0.999
26 - INFO - chord#: 136 done. best_score=27.0, changed=521, unchanged=484, early_stops=8/8
26 - INFO - chord#: 138 In build_straw_man_chord_sa. tolerance = 1, sa_iterations = 1000, initial_temperature = 3.0, cooling_rate = 0.999
26 - INFO - chord#: 124 done. best_score=27.0, changed=527, unchanged=385, early_stops=8/8
26 - INFO - chord#: 128 In build_straw_man_chord_sa. tolerance = 1, sa_iterations = 1000, initial_temperature = 3.0, cooling_rate = 0.999
26 - INFO - chord#: 120 done. best_score=27.0, changed=524, unchanged=389, early_stops=8/8
26 - INFO - chord#: 122 In build_straw_man_chord_sa. tolerance = 1, sa_iterations = 1000, initial_temperature = 3.0, cooling_rate = 0.999
26 - INFO - chord#: 120 done. best_score=27.0, changed=519, unchanged=383, early_stops=8/8
26 - INFO - chord#: 122 In build_straw_man_chord_sa. tolerance = 1, sa_iterations = 1000, initial_temperature = 3.0, cooling_rate = 0.999
26 - INFO - chord#: 120 done. best_score=27.0, changed=529, unchanged=467, early_stops=8/8
26 - INFO - chord#: 122 In build_straw_man_chord_sa. tolerance = 1, sa_iterations = 1000, initial_temperature = 3.0, cooling_rate = 0.999
26 - INFO - chord#: 134 done. best_score=74.0, changed=611, unchanged=321, early_stops=8/8
26 - INFO - chord#: 136 In build_straw_man_chord_sa. tolerance = 1, sa_iterations = 1000, initial_temperature = 3.0, cooling_rate = 0.999
26 - INFO - chord#: 120 done. best_score=27.0, changed=524, unchanged=501, early_stops=8/8
26 - INFO - chord#: 122 In build_straw_man_chord_sa. tolerance = 1, sa_iterations = 1000, initial_temperature = 3.0, cooling_rate = 0.999
26 - INFO - chord#: 132 done. best_score=27.0, changed=521, unchanged=393, early_stops=8/8
26 - INFO - chord#: 134 In build_straw_man_chord_sa. tolerance = 1, sa_iterations = 1000, initial_temperature = 3.0, cooling_rate = 0.999
26 - INFO - chord#: 128 done. best_score=27.0, changed=524, unchanged=406, early_stops=8/8
26 - INFO - chord#: 130 In build_straw_man_chord_sa. tolerance = 1, sa_iterations = 1000, initial_temperature = 3.0, cooling_rate = 0.999
26 - INFO - chord#: 117 done. best_score=149.0, changed=615, unchanged=255, early_stops=8/8
26 - INFO - chord#: 118 In build_straw_man_chord_sa. tolerance = 1, sa_iterations = 1000, initial_temperature = 3.0, cooling_rate = 0.999
26 - INFO - chord#: 134 done. best_score=74.0, changed=617, unchanged=386, early_stops=8/8
26 - INFO - chord#: 136 In build_straw_man_chord_sa. tolerance = 1, sa_iterations = 1000, initial_temperature = 3.0, cooling_rate = 0.999
26 - INFO - chord#: 118 done. best_score=9.0, changed=504, unchanged=310, early_stops=8/8
26 - INFO - chord#: 120 In build_straw_man_chord_sa. tolerance = 1, sa_iterations = 1000, initial_temperature = 3.0, cooling_rate = 0.999
26 - INFO - chord#: 116 done. best_score=157.0, changed=622, unchanged=494, early_stops=8/8
26 - INFO - chord#: 117 In build_straw_man_chord_sa. tolerance = 1, sa_iterations = 1000, initial_temperature = 3.0, cooling_rate = 0.999
26 - INFO - chord#: 136 done. best_score=27.0, changed=524, unchanged=417, early_stops=8/8
26 - INFO - chord#: 138 In build_straw_man_chord_sa. tolerance = 1, sa_iterations = 1000, initial_temperature = 3.0, cooling_rate = 0.999
26 - INFO - chord#: 138 done. best_score=142.0, changed=615, unchanged=319, early_stops=8/8
26 - INFO - chord#: 140 In build_straw_man_chord_sa. tolerance = 1, sa_iterations = 1000, initial_temperature = 3.0, cooling_rate = 0.999
26 - INFO - chord#: 136 done. best_score=27.0, changed=518, unchanged=390, early_stops=8/8
26 - INFO - chord#: 138 In build_straw_man_chord_sa. tolerance = 1, sa_iterations = 1000, initial_temperature = 3.0, cooling_rate = 0.999
26 - INFO - chord#: 122 done. best_score=96.0, changed=613, unchanged=279, early_stops=8/8
26 - INFO - chord#: 124 In build_straw_man_chord_sa. tolerance = 1, sa_iterations = 1000, initial_temperature = 3.0, cooling_rate = 0.999
26 - INFO - chord#: 120 done. best_score=27.0, changed=521, unchanged=497, early_stops=8/8
26 - INFO - chord#: 122 In build_straw_man_chord_sa. tolerance = 1, sa_iterations = 1000, initial_temperature = 3.0, cooling_rate = 0.999
26 - INFO - chord#: 122 done. best_score=96.0, changed=607, unchanged=222, early_stops=8/8
26 - INFO - chord#: 124 In build_straw_man_chord_sa. tolerance = 1, sa_iterations = 1000, initial_temperature = 3.0, cooling_rate = 0.999
26 - INFO - chord#: 122 done. best_score=67.0, changed=614, unchanged=310, early_stops=8/8
26 - INFO - chord#: 124 In build_straw_man_chord_sa. tolerance = 1, sa_iterations = 1000, initial_temperature = 3.0, cooling_rate = 0.999
26 - INFO - chord#: 122 done. best_score=137.0, changed=608, unchanged=327, early_stops=8/8
26 - INFO - chord#: 124 In build_straw_man_chord_sa. tolerance = 1, sa_iterations = 1000, initial_temperature = 3.0, cooling_rate = 0.999
26 - INFO - chord#: 140 done. best_score=27.0, changed=527, unchanged=365, early_stops=8/8
26 - INFO - chord#: 142 In build_straw_man_chord_sa. tolerance = 1, sa_iterations = 1000, initial_temperature = 3.0, cooling_rate = 0.999
26 - INFO - chord#: 122 done. best_score=67.0, changed=612, unchanged=393, early_stops=8/8
26 - INFO - chord#: 124 In build_straw_man_chord_sa. tolerance = 1, sa_iterations = 1000, initial_temperature = 3.0, cooling_rate = 0.999
26 - INFO - chord#: 124 done. best_score=27.0, changed=518, unchanged=313, early_stops=8/8
26 - INFO - chord#: 128 In build_straw_man_chord_sa. tolerance = 1, sa_iterations = 1000, initial_temperature = 3.0, cooling_rate = 0.999
26 - INFO - chord#: 130 done. best_score=142.0, changed=616, unchanged=440, early_stops=8/8
26 - INFO - chord#: 132 In build_straw_man_chord_sa. tolerance = 1, sa_iterations = 1000, initial_temperature = 3.0, cooling_rate = 0.999
26 - INFO - chord#: 134 done. best_score=96.0, changed=610, unchanged=391, early_stops=8/8
26 - INFO - chord#: 136 In build_straw_man_chord_sa. tolerance = 1, sa_iterations = 1000, initial_temperature = 3.0, cooling_rate = 0.999
26 - INFO - chord#: 117 done. best_score=121.0, changed=612, unchanged=237, early_stops=8/8
26 - INFO - chord#: 118 In build_straw_man_chord_sa. tolerance = 1, sa_iterations = 1000, initial_temperature = 3.0, cooling_rate = 0.999
26 - INFO - chord#: 138 done. best_score=140.0, changed=614, unchanged=440, early_stops=8/8
26 - INFO - chord#: 140 In build_straw_man_chord_sa. tolerance = 1, sa_iterations = 1000, initial_temperature = 3.0, cooling_rate = 0.999
26 - INFO - chord#: 124 done. best_score=27.0, changed=516, unchanged=300, early_stops=8/8
26 - INFO - chord#: 128 In build_straw_man_chord_sa. tolerance = 1, sa_iterations = 1000, initial_temperature = 3.0, cooling_rate = 0.999
26 - INFO - chord#: 124 done. best_score=27.0, changed=519, unchanged=351, early_stops=8/8
26 - INFO - chord#: 128 In build_straw_man_chord_sa. tolerance = 1, sa_iterations = 1000, initial_temperature = 3.0, cooling_rate = 0.999
26 - INFO - chord#: 118 done. best_score=9.0, changed=485, unchanged=326, early_stops=8/8
26 - INFO - chord#: 120 In build_straw_man_chord_sa. tolerance = 1, sa_iterations = 1000, initial_temperature = 3.0, cooling_rate = 0.999
26 - INFO - chord#: 124 done. best_score=27.0, changed=521, unchanged=381, early_stops=8/8
26 - INFO - chord#: 128 In build_straw_man_chord_sa. tolerance = 1, sa_iterations = 1000, initial_temperature = 3.0, cooling_rate = 0.999
26 - INFO - chord#: 132 done. best_score=27.0, changed=526, unchanged=394, early_stops=8/8
26 - INFO - chord#: 134 In build_straw_man_chord_sa. tolerance = 1, sa_iterations = 1000, initial_temperature = 3.0, cooling_rate = 0.999
26 - INFO - chord#: 124 done. best_score=27.0, changed=526, unchanged=411, early_stops=8/8
26 - INFO - chord#: 128 In build_straw_man_chord_sa. tolerance = 1, sa_iterations = 1000, initial_temperature = 3.0, cooling_rate = 0.999
26 - INFO - chord#: 140 done. best_score=36.0, changed=518, unchanged=351, early_stops=8/8
26 - INFO - chord#: 142 In build_straw_man_chord_sa. tolerance = 1, sa_iterations = 1000, initial_temperature = 3.0, cooling_rate = 0.999
26 - INFO - chord#: 136 done. best_score=27.0, changed=525, unchanged=545, early_stops=8/8
26 - INFO - chord#: 138 In build_straw_man_chord_sa. tolerance = 1, sa_iterations = 1000, initial_temperature = 3.0, cooling_rate = 0.999
26 - INFO - chord#: 128 done. best_score=27.0, changed=521, unchanged=422, early_stops=8/8
26 - INFO - chord#: 130 In build_straw_man_chord_sa. tolerance = 1, sa_iterations = 1000, initial_temperature = 3.0, cooling_rate = 0.999
26 - INFO - chord#: 138 done. best_score=142.0, changed=623, unchanged=426, early_stops=8/8
26 - INFO - chord#: 140 In build_straw_man_chord_sa. tolerance = 1, sa_iterations = 1000, initial_temperature = 3.0, cooling_rate = 0.999
26 - INFO - chord#: 128 done. best_score=27.0, changed=520, unchanged=365, early_stops=8/8
26 - INFO - chord#: 130 In build_straw_man_chord_sa. tolerance = 1, sa_iterations = 1000, initial_temperature = 3.0, cooling_rate = 0.999
26 - INFO - chord#: 128 done. best_score=27.0, changed=526, unchanged=485, early_stops=8/8
26 - INFO - chord#: 130 In build_straw_man_chord_sa. tolerance = 1, sa_iterations = 1000, initial_temperature = 3.0, cooling_rate = 0.999
26 - INFO - chord#: 120 done. best_score=27.0, changed=518, unchanged=370, early_stops=8/8
26 - INFO - chord#: 122 In build_straw_man_chord_sa. tolerance = 1, sa_iterations = 1000, initial_temperature = 3.0, cooling_rate = 0.999
26 - INFO - chord#: 122 done. best_score=162.0, changed=608, unchanged=312, early_stops=8/8
26 - INFO - chord#: 124 In build_straw_man_chord_sa. tolerance = 1, sa_iterations = 1000, initial_temperature = 3.0, cooling_rate = 0.999
26 - INFO - chord#: 128 done. best_score=27.0, changed=526, unchanged=499, early_stops=8/8
26 - INFO - chord#: 130 In build_straw_man_chord_sa. tolerance = 1, sa_iterations = 1000, initial_temperature = 3.0, cooling_rate = 0.999
26 - INFO - chord#: 142 done. best_score=74.0, changed=618, unchanged=327, early_stops=8/8
26 - INFO - chord#: 144 In build_straw_man_chord_sa. tolerance = 1, sa_iterations = 1000, initial_temperature = 3.0, cooling_rate = 0.999
26 - INFO - chord#: 140 done. best_score=27.0, changed=513, unchanged=323, early_stops=8/8
26 - INFO - chord#: 142 In build_straw_man_chord_sa. tolerance = 1, sa_iterations = 1000, initial_temperature = 3.0, cooling_rate = 0.999
26 - INFO - chord#: 128 done. best_score=27.0, changed=525, unchanged=426, early_stops=8/8
26 - INFO - chord#: 130 In build_straw_man_chord_sa. tolerance = 1, sa_iterations = 1000, initial_temperature = 3.0, cooling_rate = 0.999
26 - INFO - chord#: 124 done. best_score=27.0, changed=526, unchanged=373, early_stops=8/8
26 - INFO - chord#: 128 In build_straw_man_chord_sa. tolerance = 1, sa_iterations = 1000, initial_temperature = 3.0, cooling_rate = 0.999
26 - INFO - chord#: 144 done. best_score=27.0, changed=520, unchanged=482, early_stops=8/8
26 - INFO - chord#: 146 In build_straw_man_chord_sa. tolerance = 1, sa_iterations = 1000, initial_temperature = 3.0, cooling_rate = 0.999
26 - INFO - chord#: 134 done. best_score=121.0, changed=610, unchanged=226, early_stops=8/8
26 - INFO - chord#: 136 In build_straw_man_chord_sa. tolerance = 1, sa_iterations = 1000, initial_temperature = 3.0, cooling_rate = 0.999
26 - INFO - chord#: 138 done. best_score=145.0, changed=613, unchanged=338, early_stops=8/8
26 - INFO - chord#: 140 In build_straw_man_chord_sa. tolerance = 1, sa_iterations = 1000, initial_temperature = 3.0, cooling_rate = 0.999
26 - INFO - chord#: 142 done. best_score=141.0, changed=620, unchanged=424, early_stops=8/8
26 - INFO - chord#: 144 In build_straw_man_chord_sa. tolerance = 1, sa_iterations = 1000, initial_temperature = 3.0, cooling_rate = 0.999
26 - INFO - chord#: 128 done. best_score=27.0, changed=517, unchanged=405, early_stops=8/8
26 - INFO - chord#: 130 In build_straw_man_chord_sa. tolerance = 1, sa_iterations = 1000, initial_temperature = 3.0, cooling_rate = 0.999
26 - INFO - chord#: 146 done. best_score=27.0, changed=526, unchanged=382, early_stops=8/8
26 - INFO - chord#: 148 In build_straw_man_chord_sa. tolerance = 1, sa_iterations = 1000, initial_temperature = 3.0, cooling_rate = 0.999
26 - INFO - chord#: 130 done. best_score=140.0, changed=611, unchanged=325, early_stops=8/8
26 - INFO - chord#: 132 In build_straw_man_chord_sa. tolerance = 1, sa_iterations = 1000, initial_temperature = 3.0, cooling_rate = 0.999
26 - INFO - chord#: 136 done. best_score=27.0, changed=518, unchanged=380, early_stops=8/8
26 - INFO - chord#: 138 In build_straw_man_chord_sa. tolerance = 1, sa_iterations = 1000, initial_temperature = 3.0, cooling_rate = 0.999
26 - INFO - chord#: 142 done. best_score=104.0, changed=609, unchanged=247, early_stops=8/8
26 - INFO - chord#: 144 In build_straw_man_chord_sa. tolerance = 1, sa_iterations = 1000, initial_temperature = 3.0, cooling_rate = 0.999
26 - INFO - chord#: 130 done. best_score=142.0, changed=615, unchanged=287, early_stops=8/8
26 - INFO - chord#: 132 In build_straw_man_chord_sa. tolerance = 1, sa_iterations = 1000, initial_temperature = 3.0, cooling_rate = 0.999
26 - INFO - chord#: 122 done. best_score=96.0, changed=609, unchanged=250, early_stops=8/8
26 - INFO - chord#: 124 In build_straw_man_chord_sa. tolerance = 1, sa_iterations = 1000, initial_temperature = 3.0, cooling_rate = 0.999
26 - INFO - chord#: 130 done. best_score=137.0, changed=609, unchanged=333, early_stops=8/8
26 - INFO - chord#: 132 In build_straw_man_chord_sa. tolerance = 1, sa_iterations = 1000, initial_temperature = 3.0, cooling_rate = 0.999
26 - INFO - chord#: 140 done. best_score=27.0, changed=516, unchanged=379, early_stops=8/8
26 - INFO - chord#: 142 In build_straw_man_chord_sa. tolerance = 1, sa_iterations = 1000, initial_temperature = 3.0, cooling_rate = 0.999
26 - INFO - chord#: 144 done. best_score=27.0, changed=525, unchanged=413, early_stops=8/8
26 - INFO - chord#: 146 In build_straw_man_chord_sa. tolerance = 1, sa_iterations = 1000, initial_temperature = 3.0, cooling_rate = 0.999
26 - INFO - chord#: 130 done. best_score=137.0, changed=613, unchanged=346, early_stops=8/8
26 - INFO - chord#: 132 In build_straw_man_chord_sa. tolerance = 1, sa_iterations = 1000, initial_temperature = 3.0, cooling_rate = 0.999
26 - INFO - chord#: 130 done. best_score=161.0, changed=611, unchanged=237, early_stops=8/8
26 - INFO - chord#: 132 In build_straw_man_chord_sa. tolerance = 1, sa_iterations = 1000, initial_temperature = 3.0, cooling_rate = 0.999
26 - INFO - chord#: 144 done. best_score=27.0, changed=520, unchanged=375, early_stops=8/8
26 - INFO - chord#: 146 In build_straw_man_chord_sa. tolerance = 1, sa_iterations = 1000, initial_temperature = 3.0, cooling_rate = 0.999
26 - INFO - chord#: 132 done. best_score=27.0, changed=515, unchanged=388, early_stops=8/8
26 - INFO - chord#: 134 In build_straw_man_chord_sa. tolerance = 1, sa_iterations = 1000, initial_temperature = 3.0, cooling_rate = 0.999
26 - INFO - chord#: 124 done. best_score=27.0, changed=524, unchanged=368, early_stops=8/8
26 - INFO - chord#: 128 In build_straw_man_chord_sa. tolerance = 1, sa_iterations = 1000, initial_temperature = 3.0, cooling_rate = 0.999
26 - INFO - chord#: 132 done. best_score=27.0, changed=530, unchanged=464, early_stops=8/8
26 - INFO - chord#: 134 In build_straw_man_chord_sa. tolerance = 1, sa_iterations = 1000, initial_temperature = 3.0, cooling_rate = 0.999
26 - INFO - chord#: 132 done. best_score=27.0, changed=524, unchanged=376, early_stops=8/8
26 - INFO - chord#: 134 In build_straw_man_chord_sa. tolerance = 1, sa_iterations = 1000, initial_temperature = 3.0, cooling_rate = 0.999
26 - INFO - chord#: 146 done. best_score=27.0, changed=521, unchanged=630, early_stops=8/8
26 - INFO - chord#: 148 In build_straw_man_chord_sa. tolerance = 1, sa_iterations = 1000, initial_temperature = 3.0, cooling_rate = 0.999
26 - INFO - chord#: 146 done. best_score=27.0, changed=521, unchanged=318, early_stops=8/8
26 - INFO - chord#: 148 In build_straw_man_chord_sa. tolerance = 1, sa_iterations = 1000, initial_temperature = 3.0, cooling_rate = 0.999
26 - INFO - chord#: 132 done. best_score=27.0, changed=519, unchanged=355, early_stops=8/8
26 - INFO - chord#: 134 In build_straw_man_chord_sa. tolerance = 1, sa_iterations = 1000, initial_temperature = 3.0, cooling_rate = 0.999
26 - INFO - chord#: 130 done. best_score=142.0, changed=617, unchanged=375, early_stops=8/8
26 - INFO - chord#: 132 In build_straw_man_chord_sa. tolerance = 1, sa_iterations = 1000, initial_temperature = 3.0, cooling_rate = 0.999
26 - INFO - chord#: 148 done. best_score=78.0, changed=611, unchanged=354, early_stops=8/8
26 - INFO - chord#: 150 In build_straw_man_chord_sa. tolerance = 1, sa_iterations = 1000, initial_temperature = 3.0, cooling_rate = 0.999
26 - INFO - chord#: 138 done. best_score=140.0, changed=610, unchanged=284, early_stops=8/8
26 - INFO - chord#: 140 In build_straw_man_chord_sa. tolerance = 1, sa_iterations = 1000, initial_temperature = 3.0, cooling_rate = 0.999
26 - INFO - chord#: 132 done. best_score=27.0, changed=524, unchanged=458, early_stops=8/8
26 - INFO - chord#: 134 In build_straw_man_chord_sa. tolerance = 1, sa_iterations = 1000, initial_temperature = 3.0, cooling_rate = 0.999
26 - INFO - chord#: 128 done. best_score=27.0, changed=517, unchanged=353, early_stops=8/8
26 - INFO - chord#: 130 In build_straw_man_chord_sa. tolerance = 1, sa_iterations = 1000, initial_temperature = 3.0, cooling_rate = 0.999
26 - INFO - chord#: 142 done. best_score=148.0, changed=615, unchanged=379, early_stops=8/8
26 - INFO - chord#: 144 In build_straw_man_chord_sa. tolerance = 1, sa_iterations = 1000, initial_temperature = 3.0, cooling_rate = 0.999
26 - INFO - chord#: 132 done. best_score=27.0, changed=517, unchanged=353, early_stops=8/8
26 - INFO - chord#: 134 In build_straw_man_chord_sa. tolerance = 1, sa_iterations = 1000, initial_temperature = 3.0, cooling_rate = 0.999
26 - INFO - chord#: 150 done. best_score=35.0, changed=533, unchanged=464, early_stops=8/8
26 - INFO - chord#: 152 In build_straw_man_chord_sa. tolerance = 1, sa_iterations = 1000, initial_temperature = 3.0, cooling_rate = 0.999
26 - INFO - chord#: 140 done. best_score=27.0, changed=521, unchanged=410, early_stops=8/8
26 - INFO - chord#: 142 In build_straw_man_chord_sa. tolerance = 1, sa_iterations = 1000, initial_temperature = 3.0, cooling_rate = 0.999
26 - INFO - chord#: 144 done. best_score=27.0, changed=519, unchanged=469, early_stops=8/8
26 - INFO - chord#: 146 In build_straw_man_chord_sa. tolerance = 1, sa_iterations = 1000, initial_temperature = 3.0, cooling_rate = 0.999
26 - INFO - chord#: 152 done. best_score=27.0, changed=519, unchanged=333, early_stops=8/8
26 - INFO - chord#: 154 In build_straw_man_chord_sa. tolerance = 1, sa_iterations = 1000, initial_temperature = 3.0, cooling_rate = 0.999
26 - INFO - chord#: 148 done. best_score=67.0, changed=610, unchanged=407, early_stops=8/8
26 - INFO - chord#: 150 In build_straw_man_chord_sa. tolerance = 1, sa_iterations = 1000, initial_temperature = 3.0, cooling_rate = 0.999
26 - INFO - chord#: 134 done. best_score=74.0, changed=613, unchanged=248, early_stops=8/8
26 - INFO - chord#: 136 In build_straw_man_chord_sa. tolerance = 1, sa_iterations = 1000, initial_temperature = 3.0, cooling_rate = 0.999
26 - INFO - chord#: 134 done. best_score=137.0, changed=612, unchanged=291, early_stops=8/8
26 - INFO - chord#: 136 In build_straw_man_chord_sa. tolerance = 1, sa_iterations = 1000, initial_temperature = 3.0, cooling_rate = 0.999
26 - INFO - chord#: 148 done. best_score=137.0, changed=615, unchanged=512, early_stops=8/8
26 - INFO - chord#: 150 In build_straw_man_chord_sa. tolerance = 1, sa_iterations = 1000, initial_temperature = 3.0, cooling_rate = 0.999
26 - INFO - chord#: 134 done. best_score=96.0, changed=608, unchanged=323, early_stops=8/8
26 - INFO - chord#: 136 In build_straw_man_chord_sa. tolerance = 1, sa_iterations = 1000, initial_temperature = 3.0, cooling_rate = 0.999
26 - INFO - chord#: 146 done. best_score=27.0, changed=521, unchanged=359, early_stops=8/8
26 - INFO - chord#: 148 In build_straw_man_chord_sa. tolerance = 1, sa_iterations = 1000, initial_temperature = 3.0, cooling_rate = 0.999
26 - INFO - chord#: 134 done. best_score=96.0, changed=613, unchanged=206, early_stops=8/8
26 - INFO - chord#: 136 In build_straw_man_chord_sa. tolerance = 1, sa_iterations = 1000, initial_temperature = 3.0, cooling_rate = 0.999
26 - INFO - chord#: 154 done. best_score=27.0, changed=524, unchanged=342, early_stops=8/8
26 - INFO - chord#: 156 In build_straw_man_chord_sa. tolerance = 1, sa_iterations = 1000, initial_temperature = 3.0, cooling_rate = 0.999
26 - INFO - chord#: 150 done. best_score=35.0, changed=528, unchanged=368, early_stops=8/8
26 - INFO - chord#: 152 In build_straw_man_chord_sa. tolerance = 1, sa_iterations = 1000, initial_temperature = 3.0, cooling_rate = 0.999
26 - INFO - chord#: 150 done. best_score=35.0, changed=534, unchanged=359, early_stops=8/8
26 - INFO - chord#: 152 In build_straw_man_chord_sa. tolerance = 1, sa_iterations = 1000, initial_temperature = 3.0, cooling_rate = 0.999
26 - INFO - chord#: 142 done. best_score=74.0, changed=612, unchanged=355, early_stops=8/8
26 - INFO - chord#: 144 In build_straw_man_chord_sa. tolerance = 1, sa_iterations = 1000, initial_temperature = 3.0, cooling_rate = 0.999
26 - INFO - chord#: 134 done. best_score=74.0, changed=612, unchanged=428, early_stops=8/8
26 - INFO - chord#: 136 In build_straw_man_chord_sa. tolerance = 1, sa_iterations = 1000, initial_temperature = 3.0, cooling_rate = 0.999
26 - INFO - chord#: 136 done. best_score=27.0, changed=522, unchanged=401, early_stops=8/8
26 - INFO - chord#: 138 In build_straw_man_chord_sa. tolerance = 1, sa_iterations = 1000, initial_temperature = 3.0, cooling_rate = 0.999
26 - INFO - chord#: 136 done. best_score=27.0, changed=520, unchanged=384, early_stops=8/8
26 - INFO - chord#: 138 In build_straw_man_chord_sa. tolerance = 1, sa_iterations = 1000, initial_temperature = 3.0, cooling_rate = 0.999
26 - INFO - chord#: 130 done. best_score=67.0, changed=616, unchanged=431, early_stops=8/8
26 - INFO - chord#: 132 In build_straw_man_chord_sa. tolerance = 1, sa_iterations = 1000, initial_temperature = 3.0, cooling_rate = 0.999
26 - INFO - chord#: 156 done. best_score=27.0, changed=526, unchanged=390, early_stops=8/8
26 - INFO - chord#: 136 done. best_score=27.0, changed=527, unchanged=372, early_stops=8/8
26 - INFO - chord#: 138 In build_straw_man_chord_sa. tolerance = 1, sa_iterations = 1000, initial_temperature = 3.0, cooling_rate = 0.999
26 - INFO - chord#: 152 done. best_score=27.0, changed=525, unchanged=507, early_stops=8/8
26 - INFO - chord#: 154 In build_straw_man_chord_sa. tolerance = 1, sa_iterations = 1000, initial_temperature = 3.0, cooling_rate = 0.999
26 - INFO - chord#: 136 done. best_score=27.0, changed=518, unchanged=423, early_stops=8/8
26 - INFO - chord#: 138 In build_straw_man_chord_sa. tolerance = 1, sa_iterations = 1000, initial_temperature = 3.0, cooling_rate = 0.999
26 - INFO - chord#: 134 done. best_score=74.0, changed=619, unchanged=501, early_stops=8/8
26 - INFO - chord#: 136 In build_straw_man_chord_sa. tolerance = 1, sa_iterations = 1000, initial_temperature = 3.0, cooling_rate = 0.999
26 - INFO - chord#: 144 done. best_score=27.0, changed=513, unchanged=493, early_stops=8/8
26 - INFO - chord#: 146 In build_straw_man_chord_sa. tolerance = 1, sa_iterations = 1000, initial_temperature = 3.0, cooling_rate = 0.999
26 - INFO - chord#: 152 done. best_score=27.0, changed=521, unchanged=497, early_stops=8/8
26 - INFO - chord#: 154 In build_straw_man_chord_sa. tolerance = 1, sa_iterations = 1000, initial_temperature = 3.0, cooling_rate = 0.999
26 - INFO - chord#: 136 done. best_score=27.0, changed=528, unchanged=512, early_stops=8/8
26 - INFO - chord#: 138 In build_straw_man_chord_sa. tolerance = 1, sa_iterations = 1000, initial_temperature = 3.0, cooling_rate = 0.999
26 - INFO - chord#: 154 done. best_score=27.0, changed=523, unchanged=350, early_stops=8/8
26 - INFO - chord#: 156 In build_straw_man_chord_sa. tolerance = 1, sa_iterations = 1000, initial_temperature = 3.0, cooling_rate = 0.999
26 - INFO - chord#: 132 done. best_score=27.0, changed=528, unchanged=505, early_stops=8/8
26 - INFO - chord#: 134 In build_straw_man_chord_sa. tolerance = 1, sa_iterations = 1000, initial_temperature = 3.0, cooling_rate = 0.999
26 - INFO - chord#: 136 done. best_score=27.0, changed=520, unchanged=386, early_stops=8/8
26 - INFO - chord#: 138 In build_straw_man_chord_sa. tolerance = 1, sa_iterations = 1000, initial_temperature = 3.0, cooling_rate = 0.999
26 - INFO - chord#: 146 done. best_score=27.0, changed=525, unchanged=376, early_stops=8/8
26 - INFO - chord#: 148 In build_straw_man_chord_sa. tolerance = 1, sa_iterations = 1000, initial_temperature = 3.0, cooling_rate = 0.999
26 - INFO - chord#: 148 done. best_score=78.0, changed=615, unchanged=475, early_stops=8/8
26 - INFO - chord#: 150 In build_straw_man_chord_sa. tolerance = 1, sa_iterations = 1000, initial_temperature = 3.0, cooling_rate = 0.999
26 - INFO - chord#: 154 done. best_score=27.0, changed=525, unchanged=434, early_stops=8/8
26 - INFO - chord#: 156 In build_straw_man_chord_sa. tolerance = 1, sa_iterations = 1000, initial_temperature = 3.0, cooling_rate = 0.999
26 - INFO - chord#: 138 done. best_score=140.0, changed=610, unchanged=298, early_stops=8/8
26 - INFO - chord#: 140 In build_straw_man_chord_sa. tolerance = 1, sa_iterations = 1000, initial_temperature = 3.0, cooling_rate = 0.999
26 - INFO - chord#: 156 done. best_score=27.0, changed=531, unchanged=459, early_stops=8/8
26 - INFO - chord#: 138 done. best_score=142.0, changed=611, unchanged=276, early_stops=8/8
26 - INFO - chord#: 140 In build_straw_man_chord_sa. tolerance = 1, sa_iterations = 1000, initial_temperature = 3.0, cooling_rate = 0.999
26 - INFO - chord#: 156 done. best_score=27.0, changed=529, unchanged=483, early_stops=8/8
26 - INFO - chord#: 150 done. best_score=37.0, changed=519, unchanged=454, early_stops=8/8
26 - INFO - chord#: 152 In build_straw_man_chord_sa. tolerance = 1, sa_iterations = 1000, initial_temperature = 3.0, cooling_rate = 0.999
26 - INFO - chord#: 140 done. best_score=27.0, changed=516, unchanged=350, early_stops=8/8
26 - INFO - chord#: 142 In build_straw_man_chord_sa. tolerance = 1, sa_iterations = 1000, initial_temperature = 3.0, cooling_rate = 0.999
26 - INFO - chord#: 138 done. best_score=142.0, changed=610, unchanged=326, early_stops=8/8
26 - INFO - chord#: 140 In build_straw_man_chord_sa. tolerance = 1, sa_iterations = 1000, initial_temperature = 3.0, cooling_rate = 0.999
26 - INFO - chord#: 138 done. best_score=142.0, changed=620, unchanged=382, early_stops=8/8
26 - INFO - chord#: 140 In build_straw_man_chord_sa. tolerance = 1, sa_iterations = 1000, initial_temperature = 3.0, cooling_rate = 0.999
26 - INFO - chord#: 148 done. best_score=67.0, changed=612, unchanged=315, early_stops=8/8
26 - INFO - chord#: 150 In build_straw_man_chord_sa. tolerance = 1, sa_iterations = 1000, initial_temperature = 3.0, cooling_rate = 0.999
26 - INFO - chord#: 138 done. best_score=143.0, changed=618, unchanged=329, early_stops=8/8
26 - INFO - chord#: 140 In build_straw_man_chord_sa. tolerance = 1, sa_iterations = 1000, initial_temperature = 3.0, cooling_rate = 0.999
26 - INFO - chord#: 140 done. best_score=27.0, changed=520, unchanged=432, early_stops=8/8
26 - INFO - chord#: 142 In build_straw_man_chord_sa. tolerance = 1, sa_iterations = 1000, initial_temperature = 3.0, cooling_rate = 0.999
26 - INFO - chord#: 138 done. best_score=142.0, changed=613, unchanged=357, early_stops=8/8
26 - INFO - chord#: 140 In build_straw_man_chord_sa. tolerance = 1, sa_iterations = 1000, initial_temperature = 3.0, cooling_rate = 0.999
26 - INFO - chord#: 152 done. best_score=27.0, changed=523, unchanged=543, early_stops=8/8
26 - INFO - chord#: 154 In build_straw_man_chord_sa. tolerance = 1, sa_iterations = 1000, initial_temperature = 3.0, cooling_rate = 0.999
26 - INFO - chord#: 140 done. best_score=27.0, changed=520, unchanged=378, early_stops=8/8
26 - INFO - chord#: 142 In build_straw_man_chord_sa. tolerance = 1, sa_iterations = 1000, initial_temperature = 3.0, cooling_rate = 0.999
26 - INFO - chord#: 140 done. best_score=27.0, changed=517, unchanged=401, early_stops=8/8
26 - INFO - chord#: 142 In build_straw_man_chord_sa. tolerance = 1, sa_iterations = 1000, initial_temperature = 3.0, cooling_rate = 0.999
26 - INFO - chord#: 150 done. best_score=35.0, changed=531, unchanged=292, early_stops=8/8
26 - INFO - chord#: 152 In build_straw_man_chord_sa. tolerance = 1, sa_iterations = 1000, initial_temperature = 3.0, cooling_rate = 0.999
26 - INFO - chord#: 134 done. best_score=74.0, changed=613, unchanged=397, early_stops=8/8
26 - INFO - chord#: 136 In build_straw_man_chord_sa. tolerance = 1, sa_iterations = 1000, initial_temperature = 3.0, cooling_rate = 0.999
26 - INFO - chord#: 140 done. best_score=27.0, changed=524, unchanged=433, early_stops=8/8
26 - INFO - chord#: 154 done. best_score=27.0, changed=514, unchanged=330, early_stops=8/8
26 - INFO - chord#: 142 In build_straw_man_chord_sa. tolerance = 1, sa_iterations = 1000, initial_temperature = 3.0, cooling_rate = 0.999
26 - INFO - chord#: 156 In build_straw_man_chord_sa. tolerance = 1, sa_iterations = 1000, initial_temperature = 3.0, cooling_rate = 0.999
26 - INFO - chord#: 142 done. best_score=96.0, changed=609, unchanged=223, early_stops=8/8
26 - INFO - chord#: 144 In build_straw_man_chord_sa. tolerance = 1, sa_iterations = 1000, initial_temperature = 3.0, cooling_rate = 0.999
26 - INFO - chord#: 140 done. best_score=27.0, changed=523, unchanged=475, early_stops=8/8
26 - INFO - chord#: 142 In build_straw_man_chord_sa. tolerance = 1, sa_iterations = 1000, initial_temperature = 3.0, cooling_rate = 0.999
26 - INFO - chord#: 152 done. best_score=27.0, changed=523, unchanged=401, early_stops=8/8
26 - INFO - chord#: 154 In build_straw_man_chord_sa. tolerance = 1, sa_iterations = 1000, initial_temperature = 3.0, cooling_rate = 0.999
26 - INFO - chord#: 156 done. best_score=27.0, changed=520, unchanged=398, early_stops=8/8
26 - INFO - chord#: 136 done. best_score=27.0, changed=518, unchanged=436, early_stops=8/8
26 - INFO - chord#: 138 In build_straw_man_chord_sa. tolerance = 1, sa_iterations = 1000, initial_temperature = 3.0, cooling_rate = 0.999
26 - INFO - chord#: 144 done. best_score=27.0, changed=520, unchanged=373, early_stops=8/8
26 - INFO - chord#: 146 In build_straw_man_chord_sa. tolerance = 1, sa_iterations = 1000, initial_temperature = 3.0, cooling_rate = 0.999
26 - INFO - chord#: 142 done. best_score=96.0, changed=611, unchanged=247, early_stops=8/8
26 - INFO - chord#: 144 In build_straw_man_chord_sa. tolerance = 1, sa_iterations = 1000, initial_temperature = 3.0, cooling_rate = 0.999
26 - INFO - chord#: 142 done. best_score=74.0, changed=609, unchanged=323, early_stops=8/8
26 - INFO - chord#: 144 In build_straw_man_chord_sa. tolerance = 1, sa_iterations = 1000, initial_temperature = 3.0, cooling_rate = 0.999
26 - INFO - chord#: 154 done. best_score=27.0, changed=524, unchanged=383, early_stops=8/8
26 - INFO - chord#: 156 In build_straw_man_chord_sa. tolerance = 1, sa_iterations = 1000, initial_temperature = 3.0, cooling_rate = 0.999
26 - INFO - chord#: 142 done. best_score=104.0, changed=610, unchanged=285, early_stops=8/8
26 - INFO - chord#: 144 In build_straw_man_chord_sa. tolerance = 1, sa_iterations = 1000, initial_temperature = 3.0, cooling_rate = 0.999
26 - INFO - chord#: 146 done. best_score=27.0, changed=514, unchanged=368, early_stops=8/8
26 - INFO - chord#: 148 In build_straw_man_chord_sa. tolerance = 1, sa_iterations = 1000, initial_temperature = 3.0, cooling_rate = 0.999
26 - INFO - chord#: 142 done. best_score=104.0, changed=613, unchanged=315, early_stops=8/8
26 - INFO - chord#: 144 In build_straw_man_chord_sa. tolerance = 1, sa_iterations = 1000, initial_temperature = 3.0, cooling_rate = 0.999
26 - INFO - chord#: 144 done. best_score=27.0, changed=518, unchanged=379, early_stops=8/8
26 - INFO - chord#: 146 In build_straw_man_chord_sa. tolerance = 1, sa_iterations = 1000, initial_temperature = 3.0, cooling_rate = 0.999
26 - INFO - chord#: 156 done. best_score=27.0, changed=517, unchanged=392, early_stops=8/8
26 - INFO - chord#: 144 done. best_score=27.0, changed=526, unchanged=374, early_stops=8/8
26 - INFO - chord#: 146 In build_straw_man_chord_sa. tolerance = 1, sa_iterations = 1000, initial_temperature = 3.0, cooling_rate = 0.999
26 - INFO - chord#: 142 done. best_score=96.0, changed=607, unchanged=330, early_stops=8/8
26 - INFO - chord#: 144 In build_straw_man_chord_sa. tolerance = 1, sa_iterations = 1000, initial_temperature = 3.0, cooling_rate = 0.999
26 - INFO - chord#: 144 done. best_score=27.0, changed=529, unchanged=517, early_stops=8/8
26 - INFO - chord#: 146 In build_straw_man_chord_sa. tolerance = 1, sa_iterations = 1000, initial_temperature = 3.0, cooling_rate = 0.999
26 - INFO - chord#: 144 done. best_score=27.0, changed=525, unchanged=396, early_stops=8/8
26 - INFO - chord#: 146 In build_straw_man_chord_sa. tolerance = 1, sa_iterations = 1000, initial_temperature = 3.0, cooling_rate = 0.999
26 - INFO - chord#: 146 done. best_score=27.0, changed=523, unchanged=301, early_stops=8/8
26 - INFO - chord#: 148 In build_straw_man_chord_sa. tolerance = 1, sa_iterations = 1000, initial_temperature = 3.0, cooling_rate = 0.999
26 - INFO - chord#: 146 done. best_score=27.0, changed=516, unchanged=300, early_stops=8/8
26 - INFO - chord#: 148 In build_straw_man_chord_sa. tolerance = 1, sa_iterations = 1000, initial_temperature = 3.0, cooling_rate = 0.999
26 - INFO - chord#: 138 done. best_score=142.0, changed=614, unchanged=292, early_stops=8/8
26 - INFO - chord#: 140 In build_straw_man_chord_sa. tolerance = 1, sa_iterations = 1000, initial_temperature = 3.0, cooling_rate = 0.999
26 - INFO - chord#: 146 done. best_score=27.0, changed=518, unchanged=311, early_stops=8/8
26 - INFO - chord#: 148 In build_straw_man_chord_sa. tolerance = 1, sa_iterations = 1000, initial_temperature = 3.0, cooling_rate = 0.999
26 - INFO - chord#: 146 done. best_score=27.0, changed=515, unchanged=308, early_stops=8/8
26 - INFO - chord#: 148 In build_straw_man_chord_sa. tolerance = 1, sa_iterations = 1000, initial_temperature = 3.0, cooling_rate = 0.999
26 - INFO - chord#: 148 done. best_score=137.0, changed=612, unchanged=250, early_stops=8/8
26 - INFO - chord#: 150 In build_straw_man_chord_sa. tolerance = 1, sa_iterations = 1000, initial_temperature = 3.0, cooling_rate = 0.999
26 - INFO - chord#: 144 done. best_score=27.0, changed=525, unchanged=401, early_stops=8/8
26 - INFO - chord#: 146 In build_straw_man_chord_sa. tolerance = 1, sa_iterations = 1000, initial_temperature = 3.0, cooling_rate = 0.999
26 - INFO - chord#: 150 done. best_score=35.0, changed=523, unchanged=435, early_stops=8/8
26 - INFO - chord#: 152 In build_straw_man_chord_sa. tolerance = 1, sa_iterations = 1000, initial_temperature = 3.0, cooling_rate = 0.999
26 - INFO - chord#: 146 done. best_score=27.0, changed=531, unchanged=528, early_stops=8/8
26 - INFO - chord#: 148 In build_straw_man_chord_sa. tolerance = 1, sa_iterations = 1000, initial_temperature = 3.0, cooling_rate = 0.999
26 - INFO - chord#: 140 done. best_score=27.0, changed=522, unchanged=499, early_stops=8/8
26 - INFO - chord#: 142 In build_straw_man_chord_sa. tolerance = 1, sa_iterations = 1000, initial_temperature = 3.0, cooling_rate = 0.999
26 - INFO - chord#: 148 done. best_score=67.0, changed=614, unchanged=345, early_stops=8/8
26 - INFO - chord#: 150 In build_straw_man_chord_sa. tolerance = 1, sa_iterations = 1000, initial_temperature = 3.0, cooling_rate = 0.999
26 - INFO - chord#: 148 done. best_score=67.0, changed=613, unchanged=341, early_stops=8/8
26 - INFO - chord#: 150 In build_straw_man_chord_sa. tolerance = 1, sa_iterations = 1000, initial_temperature = 3.0, cooling_rate = 0.999
26 - INFO - chord#: 148 done. best_score=145.0, changed=608, unchanged=301, early_stops=8/8
26 - INFO - chord#: 150 In build_straw_man_chord_sa. tolerance = 1, sa_iterations = 1000, initial_temperature = 3.0, cooling_rate = 0.999
26 - INFO - chord#: 152 done. best_score=27.0, changed=518, unchanged=453, early_stops=8/8
26 - INFO - chord#: 154 In build_straw_man_chord_sa. tolerance = 1, sa_iterations = 1000, initial_temperature = 3.0, cooling_rate = 0.999
26 - INFO - chord#: 150 done. best_score=35.0, changed=524, unchanged=315, early_stops=8/8
26 - INFO - chord#: 152 In build_straw_man_chord_sa. tolerance = 1, sa_iterations = 1000, initial_temperature = 3.0, cooling_rate = 0.999
26 - INFO - chord#: 148 done. best_score=67.0, changed=614, unchanged=416, early_stops=8/8
26 - INFO - chord#: 150 In build_straw_man_chord_sa. tolerance = 1, sa_iterations = 1000, initial_temperature = 3.0, cooling_rate = 0.999
26 - INFO - chord#: 150 done. best_score=35.0, changed=538, unchanged=306, early_stops=8/8
26 - INFO - chord#: 152 In build_straw_man_chord_sa. tolerance = 1, sa_iterations = 1000, initial_temperature = 3.0, cooling_rate = 0.999
26 - INFO - chord#: 150 done. best_score=35.0, changed=528, unchanged=304, early_stops=8/8
26 - INFO - chord#: 152 In build_straw_man_chord_sa. tolerance = 1, sa_iterations = 1000, initial_temperature = 3.0, cooling_rate = 0.999
26 - INFO - chord#: 154 done. best_score=27.0, changed=523, unchanged=379, early_stops=8/8
26 - INFO - chord#: 156 In build_straw_man_chord_sa. tolerance = 1, sa_iterations = 1000, initial_temperature = 3.0, cooling_rate = 0.999
26 - INFO - chord#: 148 done. best_score=140.0, changed=611, unchanged=303, early_stops=8/8
26 - INFO - chord#: 150 In build_straw_man_chord_sa. tolerance = 1, sa_iterations = 1000, initial_temperature = 3.0, cooling_rate = 0.999
26 - INFO - chord#: 150 done. best_score=35.0, changed=541, unchanged=307, early_stops=8/8
26 - INFO - chord#: 152 In build_straw_man_chord_sa. tolerance = 1, sa_iterations = 1000, initial_temperature = 3.0, cooling_rate = 0.999
26 - INFO - chord#: 152 done. best_score=27.0, changed=526, unchanged=492, early_stops=8/8
26 - INFO - chord#: 154 In build_straw_man_chord_sa. tolerance = 1, sa_iterations = 1000, initial_temperature = 3.0, cooling_rate = 0.999
26 - INFO - chord#: 152 done. best_score=27.0, changed=525, unchanged=452, early_stops=8/8
26 - INFO - chord#: 154 In build_straw_man_chord_sa. tolerance = 1, sa_iterations = 1000, initial_temperature = 3.0, cooling_rate = 0.999
26 - INFO - chord#: 152 done. best_score=27.0, changed=520, unchanged=401, early_stops=8/8
26 - INFO - chord#: 154 In build_straw_man_chord_sa. tolerance = 1, sa_iterations = 1000, initial_temperature = 3.0, cooling_rate = 0.999
26 - INFO - chord#: 156 done. best_score=27.0, changed=522, unchanged=417, early_stops=8/8
26 - INFO - chord#: 150 done. best_score=35.0, changed=527, unchanged=349, early_stops=8/8
26 - INFO - chord#: 152 In build_straw_man_chord_sa. tolerance = 1, sa_iterations = 1000, initial_temperature = 3.0, cooling_rate = 0.999
26 - INFO - chord#: 142 done. best_score=168.0, changed=617, unchanged=393, early_stops=8/8
26 - INFO - chord#: 144 In build_straw_man_chord_sa. tolerance = 1, sa_iterations = 1000, initial_temperature = 3.0, cooling_rate = 0.999
26 - INFO - chord#: 152 done. best_score=27.0, changed=521, unchanged=521, early_stops=8/8
26 - INFO - chord#: 154 In build_straw_man_chord_sa. tolerance = 1, sa_iterations = 1000, initial_temperature = 3.0, cooling_rate = 0.999
26 - INFO - chord#: 154 done. best_score=27.0, changed=525, unchanged=375, early_stops=8/8
26 - INFO - chord#: 156 In build_straw_man_chord_sa. tolerance = 1, sa_iterations = 1000, initial_temperature = 3.0, cooling_rate = 0.999
26 - INFO - chord#: 154 done. best_score=27.0, changed=524, unchanged=305, early_stops=8/8
26 - INFO - chord#: 156 In build_straw_man_chord_sa. tolerance = 1, sa_iterations = 1000, initial_temperature = 3.0, cooling_rate = 0.999
26 - INFO - chord#: 154 done. best_score=27.0, changed=526, unchanged=386, early_stops=8/8
26 - INFO - chord#: 156 In build_straw_man_chord_sa. tolerance = 1, sa_iterations = 1000, initial_temperature = 3.0, cooling_rate = 0.999
26 - INFO - chord#: 152 done. best_score=27.0, changed=513, unchanged=325, early_stops=8/8
26 - INFO - chord#: 154 In build_straw_man_chord_sa. tolerance = 1, sa_iterations = 1000, initial_temperature = 3.0, cooling_rate = 0.999
26 - INFO - chord#: 144 done. best_score=27.0, changed=519, unchanged=412, early_stops=8/8
26 - INFO - chord#: 146 In build_straw_man_chord_sa. tolerance = 1, sa_iterations = 1000, initial_temperature = 3.0, cooling_rate = 0.999
26 - INFO - chord#: 154 done. best_score=27.0, changed=535, unchanged=438, early_stops=8/8
26 - INFO - chord#: 156 In build_straw_man_chord_sa. tolerance = 1, sa_iterations = 1000, initial_temperature = 3.0, cooling_rate = 0.999
26 - INFO - chord#: 156 done. best_score=27.0, changed=533, unchanged=477, early_stops=8/8
26 - INFO - chord#: 156 done. best_score=27.0, changed=526, unchanged=327, early_stops=8/8
26 - INFO - chord#: 156 done. best_score=27.0, changed=530, unchanged=395, early_stops=8/8
26 - INFO - chord#: 154 done. best_score=27.0, changed=531, unchanged=464, early_stops=8/8
26 - INFO - chord#: 156 In build_straw_man_chord_sa. tolerance = 1, sa_iterations = 1000, initial_temperature = 3.0, cooling_rate = 0.999
26 - INFO - chord#: 146 done. best_score=27.0, changed=516, unchanged=377, early_stops=8/8
26 - INFO - chord#: 148 In build_straw_man_chord_sa. tolerance = 1, sa_iterations = 1000, initial_temperature = 3.0, cooling_rate = 0.999
26 - INFO - chord#: 156 done. best_score=27.0, changed=520, unchanged=366, early_stops=8/8
26 - INFO - chord#: 156 done. best_score=27.0, changed=533, unchanged=551, early_stops=8/8
26 - INFO - chord#: 148 done. best_score=140.0, changed=614, unchanged=518, early_stops=8/8
26 - INFO - chord#: 150 In build_straw_man_chord_sa. tolerance = 1, sa_iterations = 1000, initial_temperature = 3.0, cooling_rate = 0.999
26 - INFO - chord#: 150 done. best_score=37.0, changed=540, unchanged=312, early_stops=8/8
26 - INFO - chord#: 152 In build_straw_man_chord_sa. tolerance = 1, sa_iterations = 1000, initial_temperature = 3.0, cooling_rate = 0.999
26 - INFO - chord#: 152 done. best_score=27.0, changed=512, unchanged=329, early_stops=8/8
26 - INFO - chord#: 154 In build_straw_man_chord_sa. tolerance = 1, sa_iterations = 1000, initial_temperature = 3.0, cooling_rate = 0.999
26 - INFO - chord#: 154 done. best_score=27.0, changed=523, unchanged=374, early_stops=8/8
26 - INFO - chord#: 156 In build_straw_man_chord_sa. tolerance = 1, sa_iterations = 1000, initial_temperature = 3.0, cooling_rate = 0.999
26 - INFO - chord#: 156 done. best_score=27.0, changed=531, unchanged=435, early_stops=8/8
26 - INFO - chord#: 0 In build_straw_man_chord_sa. tolerance = 1, sa_iterations = 1000, initial_temperature = 3.0, cooling_rate = 0.999
26 - INFO - chord#: 0 In build_straw_man_chord_sa. tolerance = 1, sa_iterations = 1000, initial_temperature = 3.0, cooling_rate = 0.999
26 - INFO - chord#: 0 In build_straw_man_chord_sa. tolerance = 1, sa_iterations = 1000, initial_temperature = 3.0, cooling_rate = 0.999
26 - INFO - chord#: 0 In build_straw_man_chord_sa. tolerance = 1, sa_iterations = 1000, initial_temperature = 3.0, cooling_rate = 0.999
26 - INFO - chord#: 0 In build_straw_man_chord_sa. tolerance = 1, sa_iterations = 1000, initial_temperature = 3.0, cooling_rate = 0.999
26 - INFO - chord#: 0 In build_straw_man_chord_sa. tolerance = 1, sa_iterations = 1000, initial_temperature = 3.0, cooling_rate = 0.999
26 - INFO - chord#: 0 In build_straw_man_chord_sa. tolerance = 1, sa_iterations = 1000, initial_temperature = 3.0, cooling_rate = 0.999
26 - INFO - chord#: 0 In build_straw_man_chord_sa. tolerance = 1, sa_iterations = 1000, initial_temperature = 3.0, cooling_rate = 0.999
26 - INFO - chord#: 0 In build_straw_man_chord_sa. tolerance = 1, sa_iterations = 1000, initial_temperature = 3.0, cooling_rate = 0.999
26 - INFO - chord#: 0 In build_straw_man_chord_sa. tolerance = 1, sa_iterations = 1000, initial_temperature = 3.0, cooling_rate = 0.999
26 - INFO - chord#: 0 In build_straw_man_chord_sa. tolerance = 1, sa_iterations = 1000, initial_temperature = 3.0, cooling_rate = 0.999
26 - INFO - chord#: 0 In build_straw_man_chord_sa. tolerance = 1, sa_iterations = 1000, initial_temperature = 3.0, cooling_rate = 0.999
26 - INFO - chord#: 0 done. best_score=27.0, changed=511, unchanged=321, early_stops=8/8
26 - INFO - chord#: 2 In build_straw_man_chord_sa. tolerance = 1, sa_iterations = 1000, initial_temperature = 3.0, cooling_rate = 0.999
26 - INFO - chord#: 0 done. best_score=27.0, changed=524, unchanged=347, early_stops=8/8
26 - INFO - chord#: 2 In build_straw_man_chord_sa. tolerance = 1, sa_iterations = 1000, initial_temperature = 3.0, cooling_rate = 0.999
26 - INFO - chord#: 0 done. best_score=27.0, changed=515, unchanged=396, early_stops=8/8
26 - INFO - chord#: 2 In build_straw_man_chord_sa. tolerance = 1, sa_iterations = 1000, initial_temperature = 3.0, cooling_rate = 0.999
26 - INFO - chord#: 0 done. best_score=27.0, changed=526, unchanged=453, early_stops=8/8
26 - INFO - chord#: 2 In build_straw_man_chord_sa. tolerance = 1, sa_iterations = 1000, initial_temperature = 3.0, cooling_rate = 0.999
26 - INFO - chord#: 0 done. best_score=27.0, changed=517, unchanged=517, early_stops=8/8
26 - INFO - chord#: 2 In build_straw_man_chord_sa. tolerance = 1, sa_iterations = 1000, initial_temperature = 3.0, cooling_rate = 0.999
26 - INFO - chord#: 0 done. best_score=27.0, changed=518, unchanged=421, early_stops=8/8
26 - INFO - chord#: 2 In build_straw_man_chord_sa. tolerance = 1, sa_iterations = 1000, initial_temperature = 3.0, cooling_rate = 0.999
26 - INFO - chord#: 0 done. best_score=27.0, changed=528, unchanged=437, early_stops=8/8
26 - INFO - chord#: 2 In build_straw_man_chord_sa. tolerance = 1, sa_iterations = 1000, initial_temperature = 3.0, cooling_rate = 0.999
26 - INFO - chord#: 0 done. best_score=27.0, changed=519, unchanged=473, early_stops=8/8
26 - INFO - chord#: 2 In build_straw_man_chord_sa. tolerance = 1, sa_iterations = 1000, initial_temperature = 3.0, cooling_rate = 0.999
26 - INFO - chord#: 0 done. best_score=27.0, changed=516, unchanged=399, early_stops=8/8
26 - INFO - chord#: 2 In build_straw_man_chord_sa. tolerance = 1, sa_iterations = 1000, initial_temperature = 3.0, cooling_rate = 0.999
26 - INFO - chord#: 0 done. best_score=27.0, changed=528, unchanged=411, early_stops=8/8
26 - INFO - chord#: 2 In build_straw_man_chord_sa. tolerance = 1, sa_iterations = 1000, initial_temperature = 3.0, cooling_rate = 0.999
26 - INFO - chord#: 0 done. best_score=27.0, changed=527, unchanged=464, early_stops=8/8
26 - INFO - chord#: 2 In build_straw_man_chord_sa. tolerance = 1, sa_iterations = 1000, initial_temperature = 3.0, cooling_rate = 0.999
26 - INFO - chord#: 0 done. best_score=27.0, changed=520, unchanged=535, early_stops=8/8
26 - INFO - chord#: 2 In build_straw_man_chord_sa. tolerance = 1, sa_iterations = 1000, initial_temperature = 3.0, cooling_rate = 0.999
26 - INFO - chord#: 2 done. best_score=27.0, changed=513, unchanged=366, early_stops=8/8
26 - INFO - chord#: 4 In build_straw_man_chord_sa. tolerance = 1, sa_iterations = 1000, initial_temperature = 3.0, cooling_rate = 0.999
26 - INFO - chord#: 2 done. best_score=27.0, changed=522, unchanged=311, early_stops=8/8
26 - INFO - chord#: 4 In build_straw_man_chord_sa. tolerance = 1, sa_iterations = 1000, initial_temperature = 3.0, cooling_rate = 0.999
26 - INFO - chord#: 2 done. best_score=27.0, changed=516, unchanged=352, early_stops=8/8
26 - INFO - chord#: 4 In build_straw_man_chord_sa. tolerance = 1, sa_iterations = 1000, initial_temperature = 3.0, cooling_rate = 0.999
26 - INFO - chord#: 2 done. best_score=27.0, changed=516, unchanged=362, early_stops=8/8
26 - INFO - chord#: 4 In build_straw_man_chord_sa. tolerance = 1, sa_iterations = 1000, initial_temperature = 3.0, cooling_rate = 0.999
26 - INFO - chord#: 2 done. best_score=27.0, changed=528, unchanged=441, early_stops=8/8
26 - INFO - chord#: 4 In build_straw_man_chord_sa. tolerance = 1, sa_iterations = 1000, initial_temperature = 3.0, cooling_rate = 0.999
26 - INFO - chord#: 2 done. best_score=27.0, changed=523, unchanged=390, early_stops=8/8
26 - INFO - chord#: 4 In build_straw_man_chord_sa. tolerance = 1, sa_iterations = 1000, initial_temperature = 3.0, cooling_rate = 0.999
26 - INFO - chord#: 2 done. best_score=27.0, changed=522, unchanged=391, early_stops=8/8
26 - INFO - chord#: 4 In build_straw_man_chord_sa. tolerance = 1, sa_iterations = 1000, initial_temperature = 3.0, cooling_rate = 0.999
26 - INFO - chord#: 2 done. best_score=27.0, changed=516, unchanged=319, early_stops=8/8
26 - INFO - chord#: 4 In build_straw_man_chord_sa. tolerance = 1, sa_iterations = 1000, initial_temperature = 3.0, cooling_rate = 0.999
26 - INFO - chord#: 2 done. best_score=27.0, changed=518, unchanged=410, early_stops=8/8
26 - INFO - chord#: 4 In build_straw_man_chord_sa. tolerance = 1, sa_iterations = 1000, initial_temperature = 3.0, cooling_rate = 0.999
26 - INFO - chord#: 2 done. best_score=27.0, changed=527, unchanged=460, early_stops=8/8
26 - INFO - chord#: 4 In build_straw_man_chord_sa. tolerance = 1, sa_iterations = 1000, initial_temperature = 3.0, cooling_rate = 0.999
26 - INFO - chord#: 2 done. best_score=27.0, changed=521, unchanged=380, early_stops=8/8
26 - INFO - chord#: 4 In build_straw_man_chord_sa. tolerance = 1, sa_iterations = 1000, initial_temperature = 3.0, cooling_rate = 0.999
26 - INFO - chord#: 2 done. best_score=27.0, changed=516, unchanged=355, early_stops=8/8
26 - INFO - chord#: 4 In build_straw_man_chord_sa. tolerance = 1, sa_iterations = 1000, initial_temperature = 3.0, cooling_rate = 0.999
26 - INFO - chord#: 4 done. best_score=27.0, changed=514, unchanged=349, early_stops=8/8
26 - INFO - chord#: 8 In build_straw_man_chord_sa. tolerance = 1, sa_iterations = 1000, initial_temperature = 3.0, cooling_rate = 0.999
26 - INFO - chord#: 4 done. best_score=27.0, changed=534, unchanged=489, early_stops=8/8
26 - INFO - chord#: 8 In build_straw_man_chord_sa. tolerance = 1, sa_iterations = 1000, initial_temperature = 3.0, cooling_rate = 0.999
26 - INFO - chord#: 4 done. best_score=27.0, changed=525, unchanged=399, early_stops=8/8
26 - INFO - chord#: 8 In build_straw_man_chord_sa. tolerance = 1, sa_iterations = 1000, initial_temperature = 3.0, cooling_rate = 0.999
26 - INFO - chord#: 4 done. best_score=27.0, changed=529, unchanged=456, early_stops=8/8
26 - INFO - chord#: 8 In build_straw_man_chord_sa. tolerance = 1, sa_iterations = 1000, initial_temperature = 3.0, cooling_rate = 0.999
26 - INFO - chord#: 4 done. best_score=27.0, changed=517, unchanged=482, early_stops=8/8
26 - INFO - chord#: 8 In build_straw_man_chord_sa. tolerance = 1, sa_iterations = 1000, initial_temperature = 3.0, cooling_rate = 0.999
26 - INFO - chord#: 4 done. best_score=27.0, changed=522, unchanged=472, early_stops=8/8
26 - INFO - chord#: 8 In build_straw_man_chord_sa. tolerance = 1, sa_iterations = 1000, initial_temperature = 3.0, cooling_rate = 0.999
26 - INFO - chord#: 4 done. best_score=27.0, changed=522, unchanged=391, early_stops=8/8
26 - INFO - chord#: 8 In build_straw_man_chord_sa. tolerance = 1, sa_iterations = 1000, initial_temperature = 3.0, cooling_rate = 0.999
26 - INFO - chord#: 4 done. best_score=27.0, changed=527, unchanged=440, early_stops=8/8
26 - INFO - chord#: 8 In build_straw_man_chord_sa. tolerance = 1, sa_iterations = 1000, initial_temperature = 3.0, cooling_rate = 0.999
26 - INFO - chord#: 4 done. best_score=27.0, changed=523, unchanged=371, early_stops=8/8
26 - INFO - chord#: 8 In build_straw_man_chord_sa. tolerance = 1, sa_iterations = 1000, initial_temperature = 3.0, cooling_rate = 0.999
26 - INFO - chord#: 8 done. best_score=27.0, changed=518, unchanged=329, early_stops=8/8
26 - INFO - chord#: 10 In build_straw_man_chord_sa. tolerance = 1, sa_iterations = 1000, initial_temperature = 3.0, cooling_rate = 0.999
26 - INFO - chord#: 4 done. best_score=27.0, changed=518, unchanged=395, early_stops=8/8
26 - INFO - chord#: 8 In build_straw_man_chord_sa. tolerance = 1, sa_iterations = 1000, initial_temperature = 3.0, cooling_rate = 0.999
26 - INFO - chord#: 8 done. best_score=27.0, changed=527, unchanged=368, early_stops=8/8
26 - INFO - chord#: 10 In build_straw_man_chord_sa. tolerance = 1, sa_iterations = 1000, initial_temperature = 3.0, cooling_rate = 0.999
26 - INFO - chord#: 4 done. best_score=27.0, changed=525, unchanged=445, early_stops=8/8
26 - INFO - chord#: 8 In build_straw_man_chord_sa. tolerance = 1, sa_iterations = 1000, initial_temperature = 3.0, cooling_rate = 0.999
26 - INFO - chord#: 8 done. best_score=27.0, changed=515, unchanged=399, early_stops=8/8
26 - INFO - chord#: 10 In build_straw_man_chord_sa. tolerance = 1, sa_iterations = 1000, initial_temperature = 3.0, cooling_rate = 0.999
26 - INFO - chord#: 4 done. best_score=27.0, changed=530, unchanged=469, early_stops=8/8
26 - INFO - chord#: 8 In build_straw_man_chord_sa. tolerance = 1, sa_iterations = 1000, initial_temperature = 3.0, cooling_rate = 0.999
26 - INFO - chord#: 8 done. best_score=27.0, changed=523, unchanged=342, early_stops=8/8
26 - INFO - chord#: 10 In build_straw_man_chord_sa. tolerance = 1, sa_iterations = 1000, initial_temperature = 3.0, cooling_rate = 0.999
26 - INFO - chord#: 8 done. best_score=27.0, changed=528, unchanged=358, early_stops=8/8
26 - INFO - chord#: 10 In build_straw_man_chord_sa. tolerance = 1, sa_iterations = 1000, initial_temperature = 3.0, cooling_rate = 0.999
26 - INFO - chord#: 8 done. best_score=27.0, changed=514, unchanged=317, early_stops=8/8
26 - INFO - chord#: 10 In build_straw_man_chord_sa. tolerance = 1, sa_iterations = 1000, initial_temperature = 3.0, cooling_rate = 0.999
26 - INFO - chord#: 8 done. best_score=27.0, changed=520, unchanged=434, early_stops=8/8
26 - INFO - chord#: 10 In build_straw_man_chord_sa. tolerance = 1, sa_iterations = 1000, initial_temperature = 3.0, cooling_rate = 0.999
26 - INFO - chord#: 10 done. best_score=48.0, changed=532, unchanged=314, early_stops=8/8
26 - INFO - chord#: 12 In build_straw_man_chord_sa. tolerance = 1, sa_iterations = 1000, initial_temperature = 3.0, cooling_rate = 0.999
26 - INFO - chord#: 10 done. best_score=48.0, changed=523, unchanged=330, early_stops=8/8
26 - INFO - chord#: 12 In build_straw_man_chord_sa. tolerance = 1, sa_iterations = 1000, initial_temperature = 3.0, cooling_rate = 0.999
26 - INFO - chord#: 8 done. best_score=27.0, changed=524, unchanged=373, early_stops=8/8
26 - INFO - chord#: 10 In build_straw_man_chord_sa. tolerance = 1, sa_iterations = 1000, initial_temperature = 3.0, cooling_rate = 0.999
26 - INFO - chord#: 10 done. best_score=48.0, changed=531, unchanged=297, early_stops=8/8
26 - INFO - chord#: 12 In build_straw_man_chord_sa. tolerance = 1, sa_iterations = 1000, initial_temperature = 3.0, cooling_rate = 0.999
26 - INFO - chord#: 8 done. best_score=27.0, changed=516, unchanged=337, early_stops=8/8
26 - INFO - chord#: 10 In build_straw_man_chord_sa. tolerance = 1, sa_iterations = 1000, initial_temperature = 3.0, cooling_rate = 0.999
26 - INFO - chord#: 10 done. best_score=48.0, changed=542, unchanged=299, early_stops=8/8
26 - INFO - chord#: 12 In build_straw_man_chord_sa. tolerance = 1, sa_iterations = 1000, initial_temperature = 3.0, cooling_rate = 0.999
26 - INFO - chord#: 8 done. best_score=27.0, changed=518, unchanged=373, early_stops=8/8
26 - INFO - chord#: 10 In build_straw_man_chord_sa. tolerance = 1, sa_iterations = 1000, initial_temperature = 3.0, cooling_rate = 0.999
26 - INFO - chord#: 8 done. best_score=27.0, changed=510, unchanged=325, early_stops=8/8
26 - INFO - chord#: 10 In build_straw_man_chord_sa. tolerance = 1, sa_iterations = 1000, initial_temperature = 3.0, cooling_rate = 0.999
26 - INFO - chord#: 10 done. best_score=48.0, changed=518, unchanged=312, early_stops=8/8
26 - INFO - chord#: 12 In build_straw_man_chord_sa. tolerance = 1, sa_iterations = 1000, initial_temperature = 3.0, cooling_rate = 0.999
26 - INFO - chord#: 8 done. best_score=27.0, changed=527, unchanged=330, early_stops=8/8
26 - INFO - chord#: 10 In build_straw_man_chord_sa. tolerance = 1, sa_iterations = 1000, initial_temperature = 3.0, cooling_rate = 0.999
26 - INFO - chord#: 10 done. best_score=48.0, changed=538, unchanged=380, early_stops=8/8
26 - INFO - chord#: 12 In build_straw_man_chord_sa. tolerance = 1, sa_iterations = 1000, initial_temperature = 3.0, cooling_rate = 0.999
26 - INFO - chord#: 12 done. best_score=27.0, changed=517, unchanged=410, early_stops=8/8
26 - INFO - chord#: 14 In build_straw_man_chord_sa. tolerance = 1, sa_iterations = 1000, initial_temperature = 3.0, cooling_rate = 0.999
26 - INFO - chord#: 12 done. best_score=27.0, changed=517, unchanged=418, early_stops=8/8
26 - INFO - chord#: 10 done. best_score=48.0, changed=524, unchanged=359, early_stops=8/8
26 - INFO - chord#: 14 In build_straw_man_chord_sa. tolerance = 1, sa_iterations = 1000, initial_temperature = 3.0, cooling_rate = 0.999
26 - INFO - chord#: 12 In build_straw_man_chord_sa. tolerance = 1, sa_iterations = 1000, initial_temperature = 3.0, cooling_rate = 0.999
26 - INFO - chord#: 12 done. best_score=27.0, changed=524, unchanged=355, early_stops=8/8
26 - INFO - chord#: 14 In build_straw_man_chord_sa. tolerance = 1, sa_iterations = 1000, initial_temperature = 3.0, cooling_rate = 0.999
26 - INFO - chord#: 12 done. best_score=27.0, changed=525, unchanged=446, early_stops=8/8
26 - INFO - chord#: 14 In build_straw_man_chord_sa. tolerance = 1, sa_iterations = 1000, initial_temperature = 3.0, cooling_rate = 0.999
26 - INFO - chord#: 10 done. best_score=48.0, changed=541, unchanged=297, early_stops=8/8
26 - INFO - chord#: 12 In build_straw_man_chord_sa. tolerance = 1, sa_iterations = 1000, initial_temperature = 3.0, cooling_rate = 0.999
26 - INFO - chord#: 10 done. best_score=48.0, changed=528, unchanged=389, early_stops=8/8
26 - INFO - chord#: 12 In build_straw_man_chord_sa. tolerance = 1, sa_iterations = 1000, initial_temperature = 3.0, cooling_rate = 0.999
26 - INFO - chord#: 12 done. best_score=27.0, changed=522, unchanged=422, early_stops=8/8
26 - INFO - chord#: 14 In build_straw_man_chord_sa. tolerance = 1, sa_iterations = 1000, initial_temperature = 3.0, cooling_rate = 0.999
26 - INFO - chord#: 10 done. best_score=48.0, changed=527, unchanged=316, early_stops=8/8
26 - INFO - chord#: 12 In build_straw_man_chord_sa. tolerance = 1, sa_iterations = 1000, initial_temperature = 3.0, cooling_rate = 0.999
26 - INFO - chord#: 10 done. best_score=48.0, changed=537, unchanged=318, early_stops=8/8
26 - INFO - chord#: 12 In build_straw_man_chord_sa. tolerance = 1, sa_iterations = 1000, initial_temperature = 3.0, cooling_rate = 0.999
26 - INFO - chord#: 10 done. best_score=48.0, changed=532, unchanged=302, early_stops=8/8
26 - INFO - chord#: 12 In build_straw_man_chord_sa. tolerance = 1, sa_iterations = 1000, initial_temperature = 3.0, cooling_rate = 0.999
26 - INFO - chord#: 14 done. best_score=31.0, changed=531, unchanged=314, early_stops=8/8
26 - INFO - chord#: 16 In build_straw_man_chord_sa. tolerance = 1, sa_iterations = 1000, initial_temperature = 3.0, cooling_rate = 0.999
26 - INFO - chord#: 12 done. best_score=27.0, changed=523, unchanged=483, early_stops=8/8
26 - INFO - chord#: 14 In build_straw_man_chord_sa. tolerance = 1, sa_iterations = 1000, initial_temperature = 3.0, cooling_rate = 0.999
26 - INFO - chord#: 14 done. best_score=31.0, changed=533, unchanged=362, early_stops=8/8
26 - INFO - chord#: 16 In build_straw_man_chord_sa. tolerance = 1, sa_iterations = 1000, initial_temperature = 3.0, cooling_rate = 0.999
26 - INFO - chord#: 14 done. best_score=31.0, changed=530, unchanged=313, early_stops=8/8
26 - INFO - chord#: 16 In build_straw_man_chord_sa. tolerance = 1, sa_iterations = 1000, initial_temperature = 3.0, cooling_rate = 0.999
26 - INFO - chord#: 14 done. best_score=31.0, changed=530, unchanged=317, early_stops=8/8
26 - INFO - chord#: 16 In build_straw_man_chord_sa. tolerance = 1, sa_iterations = 1000, initial_temperature = 3.0, cooling_rate = 0.999
26 - INFO - chord#: 14 done. best_score=31.0, changed=532, unchanged=297, early_stops=8/8
26 - INFO - chord#: 16 In build_straw_man_chord_sa. tolerance = 1, sa_iterations = 1000, initial_temperature = 3.0, cooling_rate = 0.999
26 - INFO - chord#: 12 done. best_score=27.0, changed=518, unchanged=500, early_stops=8/8
26 - INFO - chord#: 14 In build_straw_man_chord_sa. tolerance = 1, sa_iterations = 1000, initial_temperature = 3.0, cooling_rate = 0.999
26 - INFO - chord#: 12 done. best_score=27.0, changed=518, unchanged=386, early_stops=8/8
26 - INFO - chord#: 14 In build_straw_man_chord_sa. tolerance = 1, sa_iterations = 1000, initial_temperature = 3.0, cooling_rate = 0.999
26 - INFO - chord#: 16 done. best_score=27.0, changed=518, unchanged=309, early_stops=8/8
26 - INFO - chord#: 20 In build_straw_man_chord_sa. tolerance = 1, sa_iterations = 1000, initial_temperature = 3.0, cooling_rate = 0.999
26 - INFO - chord#: 12 done. best_score=27.0, changed=516, unchanged=339, early_stops=8/8
26 - INFO - chord#: 14 In build_straw_man_chord_sa. tolerance = 1, sa_iterations = 1000, initial_temperature = 3.0, cooling_rate = 0.999
26 - INFO - chord#: 16 done. best_score=27.0, changed=529, unchanged=328, early_stops=8/8
26 - INFO - chord#: 20 In build_straw_man_chord_sa. tolerance = 1, sa_iterations = 1000, initial_temperature = 3.0, cooling_rate = 0.999
26 - INFO - chord#: 14 done. best_score=31.0, changed=533, unchanged=331, early_stops=8/8
26 - INFO - chord#: 16 In build_straw_man_chord_sa. tolerance = 1, sa_iterations = 1000, initial_temperature = 3.0, cooling_rate = 0.999
26 - INFO - chord#: 12 done. best_score=27.0, changed=521, unchanged=415, early_stops=8/8
26 - INFO - chord#: 14 In build_straw_man_chord_sa. tolerance = 1, sa_iterations = 1000, initial_temperature = 3.0, cooling_rate = 0.999
26 - INFO - chord#: 12 done. best_score=27.0, changed=519, unchanged=485, early_stops=8/8
26 - INFO - chord#: 14 In build_straw_man_chord_sa. tolerance = 1, sa_iterations = 1000, initial_temperature = 3.0, cooling_rate = 0.999
26 - INFO - chord#: 12 done. best_score=27.0, changed=524, unchanged=464, early_stops=8/8
26 - INFO - chord#: 14 In build_straw_man_chord_sa. tolerance = 1, sa_iterations = 1000, initial_temperature = 3.0, cooling_rate = 0.999
26 - INFO - chord#: 16 done. best_score=27.0, changed=528, unchanged=355, early_stops=8/8
26 - INFO - chord#: 20 In build_straw_man_chord_sa. tolerance = 1, sa_iterations = 1000, initial_temperature = 3.0, cooling_rate = 0.999
26 - INFO - chord#: 16 done. best_score=27.0, changed=526, unchanged=386, early_stops=8/8
26 - INFO - chord#: 20 In build_straw_man_chord_sa. tolerance = 1, sa_iterations = 1000, initial_temperature = 3.0, cooling_rate = 0.999
26 - INFO - chord#: 16 done. best_score=27.0, changed=526, unchanged=337, early_stops=8/8
26 - INFO - chord#: 20 In build_straw_man_chord_sa. tolerance = 1, sa_iterations = 1000, initial_temperature = 3.0, cooling_rate = 0.999
26 - INFO - chord#: 14 done. best_score=31.0, changed=530, unchanged=361, early_stops=8/8
26 - INFO - chord#: 16 In build_straw_man_chord_sa. tolerance = 1, sa_iterations = 1000, initial_temperature = 3.0, cooling_rate = 0.999
26 - INFO - chord#: 16 done. best_score=27.0, changed=523, unchanged=294, early_stops=8/8
26 - INFO - chord#: 20 In build_straw_man_chord_sa. tolerance = 1, sa_iterations = 1000, initial_temperature = 3.0, cooling_rate = 0.999
26 - INFO - chord#: 14 done. best_score=31.0, changed=532, unchanged=297, early_stops=8/8
26 - INFO - chord#: 16 In build_straw_man_chord_sa. tolerance = 1, sa_iterations = 1000, initial_temperature = 3.0, cooling_rate = 0.999
26 - INFO - chord#: 14 done. best_score=31.0, changed=526, unchanged=385, early_stops=8/8
26 - INFO - chord#: 16 In build_straw_man_chord_sa. tolerance = 1, sa_iterations = 1000, initial_temperature = 3.0, cooling_rate = 0.999
26 - INFO - chord#: 14 done. best_score=31.0, changed=524, unchanged=327, early_stops=8/8
26 - INFO - chord#: 16 In build_straw_man_chord_sa. tolerance = 1, sa_iterations = 1000, initial_temperature = 3.0, cooling_rate = 0.999
26 - INFO - chord#: 14 done. best_score=31.0, changed=538, unchanged=368, early_stops=8/8
26 - INFO - chord#: 16 In build_straw_man_chord_sa. tolerance = 1, sa_iterations = 1000, initial_temperature = 3.0, cooling_rate = 0.999
26 - INFO - chord#: 14 done. best_score=31.0, changed=533, unchanged=433, early_stops=8/8
26 - INFO - chord#: 16 In build_straw_man_chord_sa. tolerance = 1, sa_iterations = 1000, initial_temperature = 3.0, cooling_rate = 0.999
26 - INFO - chord#: 16 done. best_score=27.0, changed=522, unchanged=365, early_stops=8/8
26 - INFO - chord#: 20 In build_straw_man_chord_sa. tolerance = 1, sa_iterations = 1000, initial_temperature = 3.0, cooling_rate = 0.999
26 - INFO - chord#: 16 done. best_score=27.0, changed=528, unchanged=356, early_stops=8/8
26 - INFO - chord#: 20 In build_straw_man_chord_sa. tolerance = 1, sa_iterations = 1000, initial_temperature = 3.0, cooling_rate = 0.999
26 - INFO - chord#: 20 done. best_score=64.0, changed=612, unchanged=251, early_stops=8/8
26 - INFO - chord#: 22 In build_straw_man_chord_sa. tolerance = 1, sa_iterations = 1000, initial_temperature = 3.0, cooling_rate = 0.999
26 - INFO - chord#: 16 done. best_score=27.0, changed=529, unchanged=343, early_stops=8/8
26 - INFO - chord#: 20 In build_straw_man_chord_sa. tolerance = 1, sa_iterations = 1000, initial_temperature = 3.0, cooling_rate = 0.999
26 - INFO - chord#: 16 done. best_score=27.0, changed=514, unchanged=317, early_stops=8/8
26 - INFO - chord#: 20 In build_straw_man_chord_sa. tolerance = 1, sa_iterations = 1000, initial_temperature = 3.0, cooling_rate = 0.999
26 - INFO - chord#: 16 done. best_score=27.0, changed=523, unchanged=327, early_stops=8/8
26 - INFO - chord#: 20 In build_straw_man_chord_sa. tolerance = 1, sa_iterations = 1000, initial_temperature = 3.0, cooling_rate = 0.999
26 - INFO - chord#: 16 done. best_score=27.0, changed=526, unchanged=347, early_stops=8/8
26 - INFO - chord#: 20 In build_straw_man_chord_sa. tolerance = 1, sa_iterations = 1000, initial_temperature = 3.0, cooling_rate = 0.999
26 - INFO - chord#: 20 done. best_score=64.0, changed=615, unchanged=426, early_stops=8/8
26 - INFO - chord#: 22 In build_straw_man_chord_sa. tolerance = 1, sa_iterations = 1000, initial_temperature = 3.0, cooling_rate = 0.999
26 - INFO - chord#: 20 done. best_score=104.0, changed=613, unchanged=259, early_stops=8/8
26 - INFO - chord#: 22 In build_straw_man_chord_sa. tolerance = 1, sa_iterations = 1000, initial_temperature = 3.0, cooling_rate = 0.999
26 - INFO - chord#: 20 done. best_score=145.0, changed=615, unchanged=406, early_stops=8/8
26 - INFO - chord#: 22 In build_straw_man_chord_sa. tolerance = 1, sa_iterations = 1000, initial_temperature = 3.0, cooling_rate = 0.999
26 - INFO - chord#: 20 done. best_score=64.0, changed=613, unchanged=236, early_stops=8/8
26 - INFO - chord#: 22 In build_straw_man_chord_sa. tolerance = 1, sa_iterations = 1000, initial_temperature = 3.0, cooling_rate = 0.999
26 - INFO - chord#: 20 done. best_score=157.0, changed=615, unchanged=431, early_stops=8/8
26 - INFO - chord#: 22 In build_straw_man_chord_sa. tolerance = 1, sa_iterations = 1000, initial_temperature = 3.0, cooling_rate = 0.999
26 - INFO - chord#: 22 done. best_score=74.0, changed=617, unchanged=250, early_stops=8/8
26 - INFO - chord#: 23 In build_straw_man_chord_sa. tolerance = 1, sa_iterations = 1000, initial_temperature = 3.0, cooling_rate = 0.999
26 - INFO - chord#: 22 done. best_score=74.0, changed=607, unchanged=229, early_stops=8/8
26 - INFO - chord#: 23 In build_straw_man_chord_sa. tolerance = 1, sa_iterations = 1000, initial_temperature = 3.0, cooling_rate = 0.999
26 - INFO - chord#: 22 done. best_score=172.0, changed=615, unchanged=372, early_stops=8/8
26 - INFO - chord#: 23 In build_straw_man_chord_sa. tolerance = 1, sa_iterations = 1000, initial_temperature = 3.0, cooling_rate = 0.999
26 - INFO - chord#: 20 done. best_score=154.0, changed=607, unchanged=217, early_stops=8/8
26 - INFO - chord#: 22 In build_straw_man_chord_sa. tolerance = 1, sa_iterations = 1000, initial_temperature = 3.0, cooling_rate = 0.999
26 - INFO - chord#: 20 done. best_score=157.0, changed=609, unchanged=242, early_stops=8/8
26 - INFO - chord#: 22 In build_straw_man_chord_sa. tolerance = 1, sa_iterations = 1000, initial_temperature = 3.0, cooling_rate = 0.999
26 - INFO - chord#: 20 done. best_score=154.0, changed=617, unchanged=412, early_stops=8/8
26 - INFO - chord#: 22 In build_straw_man_chord_sa. tolerance = 1, sa_iterations = 1000, initial_temperature = 3.0, cooling_rate = 0.999
26 - INFO - chord#: 20 done. best_score=157.0, changed=613, unchanged=361, early_stops=8/8
26 - INFO - chord#: 22 In build_straw_man_chord_sa. tolerance = 1, sa_iterations = 1000, initial_temperature = 3.0, cooling_rate = 0.999
26 - INFO - chord#: 23 done. best_score=27.0, changed=523, unchanged=479, early_stops=8/8
26 - INFO - chord#: 24 In build_straw_man_chord_sa. tolerance = 1, sa_iterations = 1000, initial_temperature = 3.0, cooling_rate = 0.999
26 - INFO - chord#: 20 done. best_score=172.0, changed=617, unchanged=284, early_stops=8/8
26 - INFO - chord#: 22 In build_straw_man_chord_sa. tolerance = 1, sa_iterations = 1000, initial_temperature = 3.0, cooling_rate = 0.999
26 - INFO - chord#: 23 done. best_score=27.0, changed=524, unchanged=352, early_stops=8/8
26 - INFO - chord#: 24 In build_straw_man_chord_sa. tolerance = 1, sa_iterations = 1000, initial_temperature = 3.0, cooling_rate = 0.999
26 - INFO - chord#: 20 done. best_score=64.0, changed=611, unchanged=280, early_stops=8/8
26 - INFO - chord#: 22 In build_straw_man_chord_sa. tolerance = 1, sa_iterations = 1000, initial_temperature = 3.0, cooling_rate = 0.999
26 - INFO - chord#: 22 done. best_score=74.0, changed=616, unchanged=363, early_stops=8/8
26 - INFO - chord#: 23 In build_straw_man_chord_sa. tolerance = 1, sa_iterations = 1000, initial_temperature = 3.0, cooling_rate = 0.999
26 - INFO - chord#: 23 done. best_score=27.0, changed=520, unchanged=354, early_stops=8/8
26 - INFO - chord#: 24 In build_straw_man_chord_sa. tolerance = 1, sa_iterations = 1000, initial_temperature = 3.0, cooling_rate = 0.999
26 - INFO - chord#: 22 done. best_score=74.0, changed=607, unchanged=234, early_stops=8/8
26 - INFO - chord#: 23 In build_straw_man_chord_sa. tolerance = 1, sa_iterations = 1000, initial_temperature = 3.0, cooling_rate = 0.999
26 - INFO - chord#: 22 done. best_score=74.0, changed=616, unchanged=321, early_stops=8/8
26 - INFO - chord#: 23 In build_straw_man_chord_sa. tolerance = 1, sa_iterations = 1000, initial_temperature = 3.0, cooling_rate = 0.999
26 - INFO - chord#: 23 done. best_score=27.0, changed=525, unchanged=367, early_stops=8/8
26 - INFO - chord#: 24 In build_straw_man_chord_sa. tolerance = 1, sa_iterations = 1000, initial_temperature = 3.0, cooling_rate = 0.999
26 - INFO - chord#: 24 done. best_score=27.0, changed=522, unchanged=449, early_stops=8/8
26 - INFO - chord#: 26 In build_straw_man_chord_sa. tolerance = 1, sa_iterations = 1000, initial_temperature = 3.0, cooling_rate = 0.999
26 - INFO - chord#: 24 done. best_score=27.0, changed=522, unchanged=506, early_stops=8/8
26 - INFO - chord#: 26 In build_straw_man_chord_sa. tolerance = 1, sa_iterations = 1000, initial_temperature = 3.0, cooling_rate = 0.999
26 - INFO - chord#: 23 done. best_score=27.0, changed=522, unchanged=307, early_stops=8/8
26 - INFO - chord#: 24 In build_straw_man_chord_sa. tolerance = 1, sa_iterations = 1000, initial_temperature = 3.0, cooling_rate = 0.999
26 - INFO - chord#: 24 done. best_score=27.0, changed=520, unchanged=513, early_stops=8/8
26 - INFO - chord#: 26 In build_straw_man_chord_sa. tolerance = 1, sa_iterations = 1000, initial_temperature = 3.0, cooling_rate = 0.999
26 - INFO - chord#: 22 done. best_score=168.0, changed=617, unchanged=327, early_stops=8/8
26 - INFO - chord#: 23 In build_straw_man_chord_sa. tolerance = 1, sa_iterations = 1000, initial_temperature = 3.0, cooling_rate = 0.999
26 - INFO - chord#: 23 done. best_score=27.0, changed=520, unchanged=379, early_stops=8/8
26 - INFO - chord#: 24 In build_straw_man_chord_sa. tolerance = 1, sa_iterations = 1000, initial_temperature = 3.0, cooling_rate = 0.999
26 - INFO - chord#: 22 done. best_score=184.0, changed=620, unchanged=348, early_stops=8/8
26 - INFO - chord#: 23 In build_straw_man_chord_sa. tolerance = 1, sa_iterations = 1000, initial_temperature = 3.0, cooling_rate = 0.999
26 - INFO - chord#: 22 done. best_score=74.0, changed=610, unchanged=285, early_stops=8/8
26 - INFO - chord#: 23 In build_straw_man_chord_sa. tolerance = 1, sa_iterations = 1000, initial_temperature = 3.0, cooling_rate = 0.999
26 - INFO - chord#: 24 done. best_score=27.0, changed=516, unchanged=350, early_stops=8/8
26 - INFO - chord#: 26 In build_straw_man_chord_sa. tolerance = 1, sa_iterations = 1000, initial_temperature = 3.0, cooling_rate = 0.999
26 - INFO - chord#: 22 done. best_score=149.0, changed=611, unchanged=206, early_stops=8/8
26 - INFO - chord#: 23 In build_straw_man_chord_sa. tolerance = 1, sa_iterations = 1000, initial_temperature = 3.0, cooling_rate = 0.999
26 - INFO - chord#: 22 done. best_score=168.0, changed=619, unchanged=358, early_stops=8/8
26 - INFO - chord#: 23 In build_straw_man_chord_sa. tolerance = 1, sa_iterations = 1000, initial_temperature = 3.0, cooling_rate = 0.999
26 - INFO - chord#: 23 done. best_score=36.0, changed=536, unchanged=317, early_stops=8/8
26 - INFO - chord#: 24 In build_straw_man_chord_sa. tolerance = 1, sa_iterations = 1000, initial_temperature = 3.0, cooling_rate = 0.999
26 - INFO - chord#: 22 done. best_score=74.0, changed=613, unchanged=332, early_stops=8/8
26 - INFO - chord#: 23 In build_straw_man_chord_sa. tolerance = 1, sa_iterations = 1000, initial_temperature = 3.0, cooling_rate = 0.999
26 - INFO - chord#: 23 done. best_score=27.0, changed=522, unchanged=389, early_stops=8/8
26 - INFO - chord#: 24 In build_straw_man_chord_sa. tolerance = 1, sa_iterations = 1000, initial_temperature = 3.0, cooling_rate = 0.999
26 - INFO - chord#: 24 done. best_score=27.0, changed=531, unchanged=514, early_stops=8/8
26 - INFO - chord#: 26 In build_straw_man_chord_sa. tolerance = 1, sa_iterations = 1000, initial_temperature = 3.0, cooling_rate = 0.999
26 - INFO - chord#: 23 done. best_score=27.0, changed=529, unchanged=407, early_stops=8/8
26 - INFO - chord#: 24 In build_straw_man_chord_sa. tolerance = 1, sa_iterations = 1000, initial_temperature = 3.0, cooling_rate = 0.999
26 - INFO - chord#: 24 done. best_score=27.0, changed=519, unchanged=405, early_stops=8/8
26 - INFO - chord#: 26 In build_straw_man_chord_sa. tolerance = 1, sa_iterations = 1000, initial_temperature = 3.0, cooling_rate = 0.999
26 - INFO - chord#: 23 done. best_score=27.0, changed=517, unchanged=335, early_stops=8/8
26 - INFO - chord#: 24 In build_straw_man_chord_sa. tolerance = 1, sa_iterations = 1000, initial_temperature = 3.0, cooling_rate = 0.999
26 - INFO - chord#: 23 done. best_score=27.0, changed=526, unchanged=407, early_stops=8/8
26 - INFO - chord#: 24 In build_straw_man_chord_sa. tolerance = 1, sa_iterations = 1000, initial_temperature = 3.0, cooling_rate = 0.999
26 - INFO - chord#: 24 done. best_score=27.0, changed=513, unchanged=411, early_stops=8/8
26 - INFO - chord#: 26 In build_straw_man_chord_sa. tolerance = 1, sa_iterations = 1000, initial_temperature = 3.0, cooling_rate = 0.999
26 - INFO - chord#: 26 done. best_score=157.0, changed=618, unchanged=300, early_stops=8/8
26 - INFO - chord#: 28 In build_straw_man_chord_sa. tolerance = 1, sa_iterations = 1000, initial_temperature = 3.0, cooling_rate = 0.999
26 - INFO - chord#: 26 done. best_score=96.0, changed=614, unchanged=474, early_stops=8/8
26 - INFO - chord#: 28 In build_straw_man_chord_sa. tolerance = 1, sa_iterations = 1000, initial_temperature = 3.0, cooling_rate = 0.999
26 - INFO - chord#: 26 done. best_score=67.0, changed=620, unchanged=444, early_stops=8/8
26 - INFO - chord#: 28 In build_straw_man_chord_sa. tolerance = 1, sa_iterations = 1000, initial_temperature = 3.0, cooling_rate = 0.999
26 - INFO - chord#: 23 done. best_score=27.0, changed=524, unchanged=454, early_stops=8/8
26 - INFO - chord#: 24 In build_straw_man_chord_sa. tolerance = 1, sa_iterations = 1000, initial_temperature = 3.0, cooling_rate = 0.999
26 - INFO - chord#: 24 done. best_score=27.0, changed=516, unchanged=478, early_stops=8/8
26 - INFO - chord#: 26 In build_straw_man_chord_sa. tolerance = 1, sa_iterations = 1000, initial_temperature = 3.0, cooling_rate = 0.999
26 - INFO - chord#: 24 done. best_score=27.0, changed=518, unchanged=362, early_stops=8/8
26 - INFO - chord#: 26 In build_straw_man_chord_sa. tolerance = 1, sa_iterations = 1000, initial_temperature = 3.0, cooling_rate = 0.999
26 - INFO - chord#: 24 done. best_score=27.0, changed=523, unchanged=391, early_stops=8/8
26 - INFO - chord#: 26 In build_straw_man_chord_sa. tolerance = 1, sa_iterations = 1000, initial_temperature = 3.0, cooling_rate = 0.999
26 - INFO - chord#: 28 done. best_score=27.0, changed=525, unchanged=517, early_stops=8/8
26 - INFO - chord#: 32 In build_straw_man_chord_sa. tolerance = 1, sa_iterations = 1000, initial_temperature = 3.0, cooling_rate = 0.999
26 - INFO - chord#: 28 done. best_score=27.0, changed=531, unchanged=521, early_stops=8/8
26 - INFO - chord#: 32 In build_straw_man_chord_sa. tolerance = 1, sa_iterations = 1000, initial_temperature = 3.0, cooling_rate = 0.999
26 - INFO - chord#: 28 done. best_score=27.0, changed=519, unchanged=401, early_stops=8/8
26 - INFO - chord#: 32 In build_straw_man_chord_sa. tolerance = 1, sa_iterations = 1000, initial_temperature = 3.0, cooling_rate = 0.999
26 - INFO - chord#: 24 done. best_score=27.0, changed=522, unchanged=424, early_stops=8/8
26 - INFO - chord#: 26 In build_straw_man_chord_sa. tolerance = 1, sa_iterations = 1000, initial_temperature = 3.0, cooling_rate = 0.999
26 - INFO - chord#: 26 done. best_score=67.0, changed=612, unchanged=332, early_stops=8/8
26 - INFO - chord#: 28 In build_straw_man_chord_sa. tolerance = 1, sa_iterations = 1000, initial_temperature = 3.0, cooling_rate = 0.999
26 - INFO - chord#: 24 done. best_score=27.0, changed=525, unchanged=471, early_stops=8/8
26 - INFO - chord#: 26 In build_straw_man_chord_sa. tolerance = 1, sa_iterations = 1000, initial_temperature = 3.0, cooling_rate = 0.999
26 - INFO - chord#: 32 done. best_score=36.0, changed=528, unchanged=314, early_stops=8/8
26 - INFO - chord#: 36 In build_straw_man_chord_sa. tolerance = 1, sa_iterations = 1000, initial_temperature = 3.0, cooling_rate = 0.999
26 - INFO - chord#: 26 done. best_score=125.0, changed=611, unchanged=325, early_stops=8/8
26 - INFO - chord#: 28 In build_straw_man_chord_sa. tolerance = 1, sa_iterations = 1000, initial_temperature = 3.0, cooling_rate = 0.999
26 - INFO - chord#: 32 done. best_score=36.0, changed=518, unchanged=447, early_stops=8/8
26 - INFO - chord#: 36 In build_straw_man_chord_sa. tolerance = 1, sa_iterations = 1000, initial_temperature = 3.0, cooling_rate = 0.999
26 - INFO - chord#: 32 done. best_score=36.0, changed=533, unchanged=355, early_stops=8/8
26 - INFO - chord#: 36 In build_straw_man_chord_sa. tolerance = 1, sa_iterations = 1000, initial_temperature = 3.0, cooling_rate = 0.999
26 - INFO - chord#: 26 done. best_score=67.0, changed=611, unchanged=315, early_stops=8/8
26 - INFO - chord#: 28 In build_straw_man_chord_sa. tolerance = 1, sa_iterations = 1000, initial_temperature = 3.0, cooling_rate = 0.999
26 - INFO - chord#: 28 done. best_score=27.0, changed=527, unchanged=361, early_stops=8/8
26 - INFO - chord#: 32 In build_straw_man_chord_sa. tolerance = 1, sa_iterations = 1000, initial_temperature = 3.0, cooling_rate = 0.999
26 - INFO - chord#: 26 done. best_score=67.0, changed=615, unchanged=452, early_stops=8/8
26 - INFO - chord#: 28 In build_straw_man_chord_sa. tolerance = 1, sa_iterations = 1000, initial_temperature = 3.0, cooling_rate = 0.999
26 - INFO - chord#: 26 done. best_score=67.0, changed=610, unchanged=331, early_stops=8/8
26 - INFO - chord#: 28 In build_straw_man_chord_sa. tolerance = 1, sa_iterations = 1000, initial_temperature = 3.0, cooling_rate = 0.999
26 - INFO - chord#: 26 done. best_score=67.0, changed=610, unchanged=221, early_stops=8/8
26 - INFO - chord#: 28 In build_straw_man_chord_sa. tolerance = 1, sa_iterations = 1000, initial_temperature = 3.0, cooling_rate = 0.999
26 - INFO - chord#: 36 done. best_score=27.0, changed=516, unchanged=378, early_stops=8/8
26 - INFO - chord#: 40 In build_straw_man_chord_sa. tolerance = 1, sa_iterations = 1000, initial_temperature = 3.0, cooling_rate = 0.999
26 - INFO - chord#: 36 done. best_score=27.0, changed=516, unchanged=340, early_stops=8/8
26 - INFO - chord#: 40 In build_straw_man_chord_sa. tolerance = 1, sa_iterations = 1000, initial_temperature = 3.0, cooling_rate = 0.999
26 - INFO - chord#: 26 done. best_score=67.0, changed=611, unchanged=473, early_stops=8/8
26 - INFO - chord#: 28 In build_straw_man_chord_sa. tolerance = 1, sa_iterations = 1000, initial_temperature = 3.0, cooling_rate = 0.999
26 - INFO - chord#: 28 done. best_score=27.0, changed=515, unchanged=327, early_stops=8/8
26 - INFO - chord#: 32 In build_straw_man_chord_sa. tolerance = 1, sa_iterations = 1000, initial_temperature = 3.0, cooling_rate = 0.999
26 - INFO - chord#: 28 done. best_score=57.0, changed=523, unchanged=345, early_stops=8/8
26 - INFO - chord#: 32 In build_straw_man_chord_sa. tolerance = 1, sa_iterations = 1000, initial_temperature = 3.0, cooling_rate = 0.999
26 - INFO - chord#: 36 done. best_score=27.0, changed=527, unchanged=471, early_stops=8/8
26 - INFO - chord#: 40 In build_straw_man_chord_sa. tolerance = 1, sa_iterations = 1000, initial_temperature = 3.0, cooling_rate = 0.999
26 - INFO - chord#: 32 done. best_score=36.0, changed=532, unchanged=386, early_stops=8/8
26 - INFO - chord#: 36 In build_straw_man_chord_sa. tolerance = 1, sa_iterations = 1000, initial_temperature = 3.0, cooling_rate = 0.999
26 - INFO - chord#: 28 done. best_score=27.0, changed=530, unchanged=476, early_stops=8/8
26 - INFO - chord#: 32 In build_straw_man_chord_sa. tolerance = 1, sa_iterations = 1000, initial_temperature = 3.0, cooling_rate = 0.999
26 - INFO - chord#: 28 done. best_score=27.0, changed=531, unchanged=454, early_stops=8/8
26 - INFO - chord#: 32 In build_straw_man_chord_sa. tolerance = 1, sa_iterations = 1000, initial_temperature = 3.0, cooling_rate = 0.999
26 - INFO - chord#: 28 done. best_score=27.0, changed=514, unchanged=340, early_stops=8/8
26 - INFO - chord#: 32 In build_straw_man_chord_sa. tolerance = 1, sa_iterations = 1000, initial_temperature = 3.0, cooling_rate = 0.999
26 - INFO - chord#: 26 done. best_score=67.0, changed=612, unchanged=228, early_stops=8/8
26 - INFO - chord#: 28 In build_straw_man_chord_sa. tolerance = 1, sa_iterations = 1000, initial_temperature = 3.0, cooling_rate = 0.999
26 - INFO - chord#: 28 done. best_score=27.0, changed=525, unchanged=452, early_stops=8/8
26 - INFO - chord#: 32 In build_straw_man_chord_sa. tolerance = 1, sa_iterations = 1000, initial_temperature = 3.0, cooling_rate = 0.999
26 - INFO - chord#: 32 done. best_score=36.0, changed=525, unchanged=369, early_stops=8/8
26 - INFO - chord#: 36 In build_straw_man_chord_sa. tolerance = 1, sa_iterations = 1000, initial_temperature = 3.0, cooling_rate = 0.999
26 - INFO - chord#: 40 done. best_score=27.0, changed=528, unchanged=517, early_stops=8/8
26 - INFO - chord#: 42 In build_straw_man_chord_sa. tolerance = 1, sa_iterations = 1000, initial_temperature = 3.0, cooling_rate = 0.999
26 - INFO - chord#: 40 done. best_score=27.0, changed=547, unchanged=570, early_stops=8/8
26 - INFO - chord#: 42 In build_straw_man_chord_sa. tolerance = 1, sa_iterations = 1000, initial_temperature = 3.0, cooling_rate = 0.999
26 - INFO - chord#: 40 done. best_score=27.0, changed=526, unchanged=428, early_stops=8/8
26 - INFO - chord#: 42 In build_straw_man_chord_sa. tolerance = 1, sa_iterations = 1000, initial_temperature = 3.0, cooling_rate = 0.999
26 - INFO - chord#: 32 done. best_score=36.0, changed=517, unchanged=304, early_stops=8/8
26 - INFO - chord#: 36 In build_straw_man_chord_sa. tolerance = 1, sa_iterations = 1000, initial_temperature = 3.0, cooling_rate = 0.999
26 - INFO - chord#: 26 done. best_score=67.0, changed=617, unchanged=390, early_stops=8/8
26 - INFO - chord#: 28 In build_straw_man_chord_sa. tolerance = 1, sa_iterations = 1000, initial_temperature = 3.0, cooling_rate = 0.999
26 - INFO - chord#: 42 done. best_score=36.0, changed=521, unchanged=311, early_stops=8/8
26 - INFO - chord#: 44 In build_straw_man_chord_sa. tolerance = 1, sa_iterations = 1000, initial_temperature = 3.0, cooling_rate = 0.999
26 - INFO - chord#: 32 done. best_score=36.0, changed=519, unchanged=473, early_stops=8/8
26 - INFO - chord#: 36 In build_straw_man_chord_sa. tolerance = 1, sa_iterations = 1000, initial_temperature = 3.0, cooling_rate = 0.999
26 - INFO - chord#: 42 done. best_score=36.0, changed=527, unchanged=310, early_stops=8/8
26 - INFO - chord#: 44 In build_straw_man_chord_sa. tolerance = 1, sa_iterations = 1000, initial_temperature = 3.0, cooling_rate = 0.999
26 - INFO - chord#: 42 done. best_score=36.0, changed=528, unchanged=301, early_stops=8/8
26 - INFO - chord#: 44 In build_straw_man_chord_sa. tolerance = 1, sa_iterations = 1000, initial_temperature = 3.0, cooling_rate = 0.999
26 - INFO - chord#: 36 done. best_score=27.0, changed=524, unchanged=476, early_stops=8/8
26 - INFO - chord#: 40 In build_straw_man_chord_sa. tolerance = 1, sa_iterations = 1000, initial_temperature = 3.0, cooling_rate = 0.999
26 - INFO - chord#: 32 done. best_score=36.0, changed=520, unchanged=434, early_stops=8/8
26 - INFO - chord#: 36 In build_straw_man_chord_sa. tolerance = 1, sa_iterations = 1000, initial_temperature = 3.0, cooling_rate = 0.999
26 - INFO - chord#: 32 done. best_score=56.0, changed=525, unchanged=297, early_stops=8/8
26 - INFO - chord#: 36 In build_straw_man_chord_sa. tolerance = 1, sa_iterations = 1000, initial_temperature = 3.0, cooling_rate = 0.999
26 - INFO - chord#: 36 done. best_score=27.0, changed=522, unchanged=509, early_stops=8/8
26 - INFO - chord#: 40 In build_straw_man_chord_sa. tolerance = 1, sa_iterations = 1000, initial_temperature = 3.0, cooling_rate = 0.999
26 - INFO - chord#: 32 done. best_score=36.0, changed=531, unchanged=386, early_stops=8/8
26 - INFO - chord#: 36 In build_straw_man_chord_sa. tolerance = 1, sa_iterations = 1000, initial_temperature = 3.0, cooling_rate = 0.999
26 - INFO - chord#: 36 done. best_score=27.0, changed=523, unchanged=444, early_stops=8/8
26 - INFO - chord#: 40 In build_straw_man_chord_sa. tolerance = 1, sa_iterations = 1000, initial_temperature = 3.0, cooling_rate = 0.999
26 - INFO - chord#: 28 done. best_score=27.0, changed=533, unchanged=631, early_stops=8/8
26 - INFO - chord#: 32 In build_straw_man_chord_sa. tolerance = 1, sa_iterations = 1000, initial_temperature = 3.0, cooling_rate = 0.999
26 - INFO - chord#: 28 done. best_score=27.0, changed=526, unchanged=368, early_stops=8/8
26 - INFO - chord#: 32 In build_straw_man_chord_sa. tolerance = 1, sa_iterations = 1000, initial_temperature = 3.0, cooling_rate = 0.999
26 - INFO - chord#: 44 done. best_score=27.0, changed=521, unchanged=432, early_stops=8/8
26 - INFO - chord#: 46 In build_straw_man_chord_sa. tolerance = 1, sa_iterations = 1000, initial_temperature = 3.0, cooling_rate = 0.999
26 - INFO - chord#: 44 done. best_score=27.0, changed=524, unchanged=381, early_stops=8/8
26 - INFO - chord#: 46 In build_straw_man_chord_sa. tolerance = 1, sa_iterations = 1000, initial_temperature = 3.0, cooling_rate = 0.999
26 - INFO - chord#: 36 done. best_score=27.0, changed=534, unchanged=475, early_stops=8/8
26 - INFO - chord#: 40 In build_straw_man_chord_sa. tolerance = 1, sa_iterations = 1000, initial_temperature = 3.0, cooling_rate = 0.999
26 - INFO - chord#: 44 done. best_score=27.0, changed=524, unchanged=493, early_stops=8/8
26 - INFO - chord#: 46 In build_straw_man_chord_sa. tolerance = 1, sa_iterations = 1000, initial_temperature = 3.0, cooling_rate = 0.999
26 - INFO - chord#: 36 done. best_score=27.0, changed=521, unchanged=384, early_stops=8/8
26 - INFO - chord#: 40 In build_straw_man_chord_sa. tolerance = 1, sa_iterations = 1000, initial_temperature = 3.0, cooling_rate = 0.999
26 - INFO - chord#: 40 done. best_score=27.0, changed=530, unchanged=474, early_stops=8/8
26 - INFO - chord#: 42 In build_straw_man_chord_sa. tolerance = 1, sa_iterations = 1000, initial_temperature = 3.0, cooling_rate = 0.999
26 - INFO - chord#: 40 done. best_score=27.0, changed=525, unchanged=372, early_stops=8/8
26 - INFO - chord#: 42 In build_straw_man_chord_sa. tolerance = 1, sa_iterations = 1000, initial_temperature = 3.0, cooling_rate = 0.999
26 - INFO - chord#: 36 done. best_score=27.0, changed=520, unchanged=435, early_stops=8/8
26 - INFO - chord#: 40 In build_straw_man_chord_sa. tolerance = 1, sa_iterations = 1000, initial_temperature = 3.0, cooling_rate = 0.999
26 - INFO - chord#: 36 done. best_score=27.0, changed=517, unchanged=395, early_stops=8/8
26 - INFO - chord#: 40 In build_straw_man_chord_sa. tolerance = 1, sa_iterations = 1000, initial_temperature = 3.0, cooling_rate = 0.999
26 - INFO - chord#: 40 done. best_score=27.0, changed=522, unchanged=410, early_stops=8/8
26 - INFO - chord#: 42 In build_straw_man_chord_sa. tolerance = 1, sa_iterations = 1000, initial_temperature = 3.0, cooling_rate = 0.999
26 - INFO - chord#: 32 done. best_score=36.0, changed=525, unchanged=380, early_stops=8/8
26 - INFO - chord#: 36 In build_straw_man_chord_sa. tolerance = 1, sa_iterations = 1000, initial_temperature = 3.0, cooling_rate = 0.999
26 - INFO - chord#: 40 done. best_score=36.0, changed=523, unchanged=372, early_stops=8/8
26 - INFO - chord#: 42 In build_straw_man_chord_sa. tolerance = 1, sa_iterations = 1000, initial_temperature = 3.0, cooling_rate = 0.999
26 - INFO - chord#: 32 done. best_score=36.0, changed=534, unchanged=400, early_stops=8/8
26 - INFO - chord#: 36 In build_straw_man_chord_sa. tolerance = 1, sa_iterations = 1000, initial_temperature = 3.0, cooling_rate = 0.999
26 - INFO - chord#: 40 done. best_score=27.0, changed=527, unchanged=415, early_stops=8/8
26 - INFO - chord#: 42 In build_straw_man_chord_sa. tolerance = 1, sa_iterations = 1000, initial_temperature = 3.0, cooling_rate = 0.999
26 - INFO - chord#: 42 done. best_score=36.0, changed=523, unchanged=391, early_stops=8/8
26 - INFO - chord#: 44 In build_straw_man_chord_sa. tolerance = 1, sa_iterations = 1000, initial_temperature = 3.0, cooling_rate = 0.999
26 - INFO - chord#: 42 done. best_score=36.0, changed=518, unchanged=408, early_stops=8/8
26 - INFO - chord#: 44 In build_straw_man_chord_sa. tolerance = 1, sa_iterations = 1000, initial_temperature = 3.0, cooling_rate = 0.999
26 - INFO - chord#: 40 done. best_score=27.0, changed=517, unchanged=380, early_stops=8/8
26 - INFO - chord#: 42 In build_straw_man_chord_sa. tolerance = 1, sa_iterations = 1000, initial_temperature = 3.0, cooling_rate = 0.999
26 - INFO - chord#: 42 done. best_score=36.0, changed=527, unchanged=398, early_stops=8/8
26 - INFO - chord#: 44 In build_straw_man_chord_sa. tolerance = 1, sa_iterations = 1000, initial_temperature = 3.0, cooling_rate = 0.999
26 - INFO - chord#: 40 done. best_score=27.0, changed=533, unchanged=363, early_stops=8/8
26 - INFO - chord#: 42 In build_straw_man_chord_sa. tolerance = 1, sa_iterations = 1000, initial_temperature = 3.0, cooling_rate = 0.999
26 - INFO - chord#: 42 done. best_score=72.0, changed=533, unchanged=375, early_stops=8/8
26 - INFO - chord#: 44 In build_straw_man_chord_sa. tolerance = 1, sa_iterations = 1000, initial_temperature = 3.0, cooling_rate = 0.999
26 - INFO - chord#: 46 done. best_score=168.0, changed=609, unchanged=215, early_stops=8/8
26 - INFO - chord#: 48 In build_straw_man_chord_sa. tolerance = 1, sa_iterations = 1000, initial_temperature = 3.0, cooling_rate = 0.999
26 - INFO - chord#: 42 done. best_score=36.0, changed=535, unchanged=366, early_stops=8/8
26 - INFO - chord#: 44 In build_straw_man_chord_sa. tolerance = 1, sa_iterations = 1000, initial_temperature = 3.0, cooling_rate = 0.999
26 - INFO - chord#: 46 done. best_score=149.0, changed=614, unchanged=306, early_stops=8/8
26 - INFO - chord#: 48 In build_straw_man_chord_sa. tolerance = 1, sa_iterations = 1000, initial_temperature = 3.0, cooling_rate = 0.999
26 - INFO - chord#: 44 done. best_score=27.0, changed=524, unchanged=373, early_stops=8/8
26 - INFO - chord#: 46 In build_straw_man_chord_sa. tolerance = 1, sa_iterations = 1000, initial_temperature = 3.0, cooling_rate = 0.999
26 - INFO - chord#: 46 done. best_score=74.0, changed=616, unchanged=391, early_stops=8/8
26 - INFO - chord#: 48 In build_straw_man_chord_sa. tolerance = 1, sa_iterations = 1000, initial_temperature = 3.0, cooling_rate = 0.999
26 - INFO - chord#: 36 done. best_score=27.0, changed=527, unchanged=425, early_stops=8/8
26 - INFO - chord#: 40 In build_straw_man_chord_sa. tolerance = 1, sa_iterations = 1000, initial_temperature = 3.0, cooling_rate = 0.999
26 - INFO - chord#: 36 done. best_score=27.0, changed=520, unchanged=495, early_stops=8/8
26 - INFO - chord#: 40 In build_straw_man_chord_sa. tolerance = 1, sa_iterations = 1000, initial_temperature = 3.0, cooling_rate = 0.999
26 - INFO - chord#: 44 done. best_score=27.0, changed=522, unchanged=481, early_stops=8/8
26 - INFO - chord#: 46 In build_straw_man_chord_sa. tolerance = 1, sa_iterations = 1000, initial_temperature = 3.0, cooling_rate = 0.999
26 - INFO - chord#: 42 done. best_score=36.0, changed=521, unchanged=323, early_stops=8/8
26 - INFO - chord#: 44 In build_straw_man_chord_sa. tolerance = 1, sa_iterations = 1000, initial_temperature = 3.0, cooling_rate = 0.999
26 - INFO - chord#: 44 done. best_score=27.0, changed=520, unchanged=449, early_stops=8/8
26 - INFO - chord#: 46 In build_straw_man_chord_sa. tolerance = 1, sa_iterations = 1000, initial_temperature = 3.0, cooling_rate = 0.999
26 - INFO - chord#: 42 done. best_score=36.0, changed=528, unchanged=357, early_stops=8/8
26 - INFO - chord#: 44 In build_straw_man_chord_sa. tolerance = 1, sa_iterations = 1000, initial_temperature = 3.0, cooling_rate = 0.999
26 - INFO - chord#: 48 done. best_score=27.0, changed=515, unchanged=468, early_stops=8/8
26 - INFO - chord#: 50 In build_straw_man_chord_sa. tolerance = 1, sa_iterations = 1000, initial_temperature = 3.0, cooling_rate = 0.999
26 - INFO - chord#: 48 done. best_score=27.0, changed=517, unchanged=348, early_stops=8/8
26 - INFO - chord#: 50 In build_straw_man_chord_sa. tolerance = 1, sa_iterations = 1000, initial_temperature = 3.0, cooling_rate = 0.999
26 - INFO - chord#: 48 done. best_score=27.0, changed=521, unchanged=495, early_stops=8/8
26 - INFO - chord#: 50 In build_straw_man_chord_sa. tolerance = 1, sa_iterations = 1000, initial_temperature = 3.0, cooling_rate = 0.999
26 - INFO - chord#: 44 done. best_score=27.0, changed=528, unchanged=385, early_stops=8/8
26 - INFO - chord#: 46 In build_straw_man_chord_sa. tolerance = 1, sa_iterations = 1000, initial_temperature = 3.0, cooling_rate = 0.999
26 - INFO - chord#: 44 done. best_score=27.0, changed=521, unchanged=487, early_stops=8/8
26 - INFO - chord#: 46 In build_straw_man_chord_sa. tolerance = 1, sa_iterations = 1000, initial_temperature = 3.0, cooling_rate = 0.999
26 - INFO - chord#: 40 done. best_score=27.0, changed=523, unchanged=372, early_stops=8/8
26 - INFO - chord#: 42 In build_straw_man_chord_sa. tolerance = 1, sa_iterations = 1000, initial_temperature = 3.0, cooling_rate = 0.999
26 - INFO - chord#: 40 done. best_score=27.0, changed=521, unchanged=457, early_stops=8/8
26 - INFO - chord#: 42 In build_straw_man_chord_sa. tolerance = 1, sa_iterations = 1000, initial_temperature = 3.0, cooling_rate = 0.999
26 - INFO - chord#: 50 done. best_score=27.0, changed=529, unchanged=414, early_stops=8/8
26 - INFO - chord#: 52 In build_straw_man_chord_sa. tolerance = 1, sa_iterations = 1000, initial_temperature = 3.0, cooling_rate = 0.999
26 - INFO - chord#: 50 done. best_score=27.0, changed=518, unchanged=440, early_stops=8/8
26 - INFO - chord#: 52 In build_straw_man_chord_sa. tolerance = 1, sa_iterations = 1000, initial_temperature = 3.0, cooling_rate = 0.999
26 - INFO - chord#: 50 done. best_score=27.0, changed=522, unchanged=416, early_stops=8/8
26 - INFO - chord#: 52 In build_straw_man_chord_sa. tolerance = 1, sa_iterations = 1000, initial_temperature = 3.0, cooling_rate = 0.999
26 - INFO - chord#: 44 done. best_score=27.0, changed=518, unchanged=506, early_stops=8/8
26 - INFO - chord#: 46 In build_straw_man_chord_sa. tolerance = 1, sa_iterations = 1000, initial_temperature = 3.0, cooling_rate = 0.999
26 - INFO - chord#: 44 done. best_score=27.0, changed=522, unchanged=443, early_stops=8/8
26 - INFO - chord#: 46 In build_straw_man_chord_sa. tolerance = 1, sa_iterations = 1000, initial_temperature = 3.0, cooling_rate = 0.999
26 - INFO - chord#: 46 done. best_score=96.0, changed=610, unchanged=377, early_stops=8/8
26 - INFO - chord#: 48 In build_straw_man_chord_sa. tolerance = 1, sa_iterations = 1000, initial_temperature = 3.0, cooling_rate = 0.999
26 - INFO - chord#: 42 done. best_score=36.0, changed=533, unchanged=306, early_stops=8/8
26 - INFO - chord#: 44 In build_straw_man_chord_sa. tolerance = 1, sa_iterations = 1000, initial_temperature = 3.0, cooling_rate = 0.999
26 - INFO - chord#: 42 done. best_score=72.0, changed=547, unchanged=384, early_stops=8/8
26 - INFO - chord#: 44 In build_straw_man_chord_sa. tolerance = 1, sa_iterations = 1000, initial_temperature = 3.0, cooling_rate = 0.999
26 - INFO - chord#: 46 done. best_score=74.0, changed=610, unchanged=232, early_stops=8/8
26 - INFO - chord#: 48 In build_straw_man_chord_sa. tolerance = 1, sa_iterations = 1000, initial_temperature = 3.0, cooling_rate = 0.999
26 - INFO - chord#: 46 done. best_score=96.0, changed=616, unchanged=372, early_stops=8/8
26 - INFO - chord#: 48 In build_straw_man_chord_sa. tolerance = 1, sa_iterations = 1000, initial_temperature = 3.0, cooling_rate = 0.999
26 - INFO - chord#: 46 done. best_score=96.0, changed=616, unchanged=327, early_stops=8/8
26 - INFO - chord#: 48 In build_straw_man_chord_sa. tolerance = 1, sa_iterations = 1000, initial_temperature = 3.0, cooling_rate = 0.999
26 - INFO - chord#: 48 done. best_score=27.0, changed=525, unchanged=587, early_stops=8/8
26 - INFO - chord#: 50 In build_straw_man_chord_sa. tolerance = 1, sa_iterations = 1000, initial_temperature = 3.0, cooling_rate = 0.999
26 - INFO - chord#: 44 done. best_score=27.0, changed=531, unchanged=519, early_stops=8/8
26 - INFO - chord#: 46 In build_straw_man_chord_sa. tolerance = 1, sa_iterations = 1000, initial_temperature = 3.0, cooling_rate = 0.999
26 - INFO - chord#: 44 done. best_score=27.0, changed=515, unchanged=455, early_stops=8/8
26 - INFO - chord#: 46 In build_straw_man_chord_sa. tolerance = 1, sa_iterations = 1000, initial_temperature = 3.0, cooling_rate = 0.999
26 - INFO - chord#: 46 done. best_score=150.0, changed=609, unchanged=329, early_stops=8/8
26 - INFO - chord#: 48 In build_straw_man_chord_sa. tolerance = 1, sa_iterations = 1000, initial_temperature = 3.0, cooling_rate = 0.999
26 - INFO - chord#: 52 done. best_score=137.0, changed=610, unchanged=289, early_stops=8/8
26 - INFO - chord#: 56 In build_straw_man_chord_sa. tolerance = 1, sa_iterations = 1000, initial_temperature = 3.0, cooling_rate = 0.999
26 - INFO - chord#: 52 done. best_score=67.0, changed=612, unchanged=319, early_stops=8/8
26 - INFO - chord#: 56 In build_straw_man_chord_sa. tolerance = 1, sa_iterations = 1000, initial_temperature = 3.0, cooling_rate = 0.999
26 - INFO - chord#: 48 done. best_score=27.0, changed=521, unchanged=483, early_stops=8/8
26 - INFO - chord#: 50 In build_straw_man_chord_sa. tolerance = 1, sa_iterations = 1000, initial_temperature = 3.0, cooling_rate = 0.999
26 - INFO - chord#: 50 done. best_score=27.0, changed=520, unchanged=401, early_stops=8/8
26 - INFO - chord#: 52 In build_straw_man_chord_sa. tolerance = 1, sa_iterations = 1000, initial_temperature = 3.0, cooling_rate = 0.999
26 - INFO - chord#: 48 done. best_score=27.0, changed=519, unchanged=383, early_stops=8/8
26 - INFO - chord#: 50 In build_straw_man_chord_sa. tolerance = 1, sa_iterations = 1000, initial_temperature = 3.0, cooling_rate = 0.999
26 - INFO - chord#: 48 done. best_score=27.0, changed=517, unchanged=464, early_stops=8/8
26 - INFO - chord#: 50 In build_straw_man_chord_sa. tolerance = 1, sa_iterations = 1000, initial_temperature = 3.0, cooling_rate = 0.999
26 - INFO - chord#: 52 done. best_score=78.0, changed=615, unchanged=496, early_stops=8/8
26 - INFO - chord#: 56 In build_straw_man_chord_sa. tolerance = 1, sa_iterations = 1000, initial_temperature = 3.0, cooling_rate = 0.999
26 - INFO - chord#: 46 done. best_score=74.0, changed=613, unchanged=262, early_stops=8/8
26 - INFO - chord#: 48 In build_straw_man_chord_sa. tolerance = 1, sa_iterations = 1000, initial_temperature = 3.0, cooling_rate = 0.999
26 - INFO - chord#: 48 done. best_score=27.0, changed=515, unchanged=316, early_stops=8/8
26 - INFO - chord#: 50 In build_straw_man_chord_sa. tolerance = 1, sa_iterations = 1000, initial_temperature = 3.0, cooling_rate = 0.999
26 - INFO - chord#: 50 done. best_score=27.0, changed=518, unchanged=427, early_stops=8/8
26 - INFO - chord#: 46 done. best_score=104.0, changed=614, unchanged=356, early_stops=8/8
26 - INFO - chord#: 52 In build_straw_man_chord_sa. tolerance = 1, sa_iterations = 1000, initial_temperature = 3.0, cooling_rate = 0.999
26 - INFO - chord#: 48 In build_straw_man_chord_sa. tolerance = 1, sa_iterations = 1000, initial_temperature = 3.0, cooling_rate = 0.999
26 - INFO - chord#: 56 done. best_score=27.0, changed=518, unchanged=486, early_stops=8/8
26 - INFO - chord#: 58 In build_straw_man_chord_sa. tolerance = 1, sa_iterations = 1000, initial_temperature = 3.0, cooling_rate = 0.999
26 - INFO - chord#: 56 done. best_score=27.0, changed=520, unchanged=481, early_stops=8/8
26 - INFO - chord#: 58 In build_straw_man_chord_sa. tolerance = 1, sa_iterations = 1000, initial_temperature = 3.0, cooling_rate = 0.999
26 - INFO - chord#: 50 done. best_score=27.0, changed=529, unchanged=430, early_stops=8/8
26 - INFO - chord#: 52 In build_straw_man_chord_sa. tolerance = 1, sa_iterations = 1000, initial_temperature = 3.0, cooling_rate = 0.999
26 - INFO - chord#: 56 done. best_score=27.0, changed=516, unchanged=430, early_stops=8/8
26 - INFO - chord#: 58 In build_straw_man_chord_sa. tolerance = 1, sa_iterations = 1000, initial_temperature = 3.0, cooling_rate = 0.999
26 - INFO - chord#: 50 done. best_score=27.0, changed=524, unchanged=424, early_stops=8/8
26 - INFO - chord#: 52 In build_straw_man_chord_sa. tolerance = 1, sa_iterations = 1000, initial_temperature = 3.0, cooling_rate = 0.999
26 - INFO - chord#: 50 done. best_score=27.0, changed=524, unchanged=441, early_stops=8/8
26 - INFO - chord#: 52 In build_straw_man_chord_sa. tolerance = 1, sa_iterations = 1000, initial_temperature = 3.0, cooling_rate = 0.999
26 - INFO - chord#: 48 done. best_score=27.0, changed=518, unchanged=362, early_stops=8/8
26 - INFO - chord#: 50 In build_straw_man_chord_sa. tolerance = 1, sa_iterations = 1000, initial_temperature = 3.0, cooling_rate = 0.999
26 - INFO - chord#: 46 done. best_score=164.0, changed=612, unchanged=258, early_stops=8/8
26 - INFO - chord#: 48 In build_straw_man_chord_sa. tolerance = 1, sa_iterations = 1000, initial_temperature = 3.0, cooling_rate = 0.999
26 - INFO - chord#: 46 done. best_score=168.0, changed=618, unchanged=316, early_stops=8/8
26 - INFO - chord#: 48 In build_straw_man_chord_sa. tolerance = 1, sa_iterations = 1000, initial_temperature = 3.0, cooling_rate = 0.999
26 - INFO - chord#: 48 done. best_score=27.0, changed=532, unchanged=545, early_stops=8/8
26 - INFO - chord#: 50 In build_straw_man_chord_sa. tolerance = 1, sa_iterations = 1000, initial_temperature = 3.0, cooling_rate = 0.999
26 - INFO - chord#: 52 done. best_score=67.0, changed=604, unchanged=275, early_stops=8/8
26 - INFO - chord#: 56 In build_straw_man_chord_sa. tolerance = 1, sa_iterations = 1000, initial_temperature = 3.0, cooling_rate = 0.999
26 - INFO - chord#: 48 done. best_score=27.0, changed=525, unchanged=432, early_stops=8/8
26 - INFO - chord#: 50 In build_straw_man_chord_sa. tolerance = 1, sa_iterations = 1000, initial_temperature = 3.0, cooling_rate = 0.999
26 - INFO - chord#: 58 done. best_score=67.0, changed=606, unchanged=232, early_stops=8/8
26 - INFO - chord#: 60 In build_straw_man_chord_sa. tolerance = 1, sa_iterations = 1000, initial_temperature = 3.0, cooling_rate = 0.999
26 - INFO - chord#: 50 done. best_score=27.0, changed=534, unchanged=467, early_stops=8/8
26 - INFO - chord#: 52 In build_straw_man_chord_sa. tolerance = 1, sa_iterations = 1000, initial_temperature = 3.0, cooling_rate = 0.999
26 - INFO - chord#: 58 done. best_score=96.0, changed=610, unchanged=275, early_stops=8/8
26 - INFO - chord#: 60 In build_straw_man_chord_sa. tolerance = 1, sa_iterations = 1000, initial_temperature = 3.0, cooling_rate = 0.999
26 - INFO - chord#: 52 done. best_score=137.0, changed=612, unchanged=419, early_stops=8/8
26 - INFO - chord#: 56 In build_straw_man_chord_sa. tolerance = 1, sa_iterations = 1000, initial_temperature = 3.0, cooling_rate = 0.999
26 - INFO - chord#: 48 done. best_score=27.0, changed=521, unchanged=425, early_stops=8/8
26 - INFO - chord#: 50 In build_straw_man_chord_sa. tolerance = 1, sa_iterations = 1000, initial_temperature = 3.0, cooling_rate = 0.999
26 - INFO - chord#: 50 done. best_score=27.0, changed=527, unchanged=372, early_stops=8/8
26 - INFO - chord#: 52 In build_straw_man_chord_sa. tolerance = 1, sa_iterations = 1000, initial_temperature = 3.0, cooling_rate = 0.999
26 - INFO - chord#: 58 done. best_score=96.0, changed=612, unchanged=327, early_stops=8/8
26 - INFO - chord#: 60 In build_straw_man_chord_sa. tolerance = 1, sa_iterations = 1000, initial_temperature = 3.0, cooling_rate = 0.999
26 - INFO - chord#: 50 done. best_score=27.0, changed=519, unchanged=391, early_stops=8/8
26 - INFO - chord#: 52 In build_straw_man_chord_sa. tolerance = 1, sa_iterations = 1000, initial_temperature = 3.0, cooling_rate = 0.999
26 - INFO - chord#: 60 done. best_score=27.0, changed=515, unchanged=415, early_stops=8/8
26 - INFO - chord#: 64 In build_straw_man_chord_sa. tolerance = 1, sa_iterations = 1000, initial_temperature = 3.0, cooling_rate = 0.999
26 - INFO - chord#: 56 done. best_score=27.0, changed=510, unchanged=324, early_stops=8/8
26 - INFO - chord#: 58 In build_straw_man_chord_sa. tolerance = 1, sa_iterations = 1000, initial_temperature = 3.0, cooling_rate = 0.999
26 - INFO - chord#: 60 done. best_score=27.0, changed=527, unchanged=395, early_stops=8/8
26 - INFO - chord#: 64 In build_straw_man_chord_sa. tolerance = 1, sa_iterations = 1000, initial_temperature = 3.0, cooling_rate = 0.999
26 - INFO - chord#: 52 done. best_score=78.0, changed=611, unchanged=296, early_stops=8/8
26 - INFO - chord#: 56 In build_straw_man_chord_sa. tolerance = 1, sa_iterations = 1000, initial_temperature = 3.0, cooling_rate = 0.999
26 - INFO - chord#: 52 done. best_score=67.0, changed=618, unchanged=372, early_stops=8/8
26 - INFO - chord#: 56 In build_straw_man_chord_sa. tolerance = 1, sa_iterations = 1000, initial_temperature = 3.0, cooling_rate = 0.999
26 - INFO - chord#: 52 done. best_score=137.0, changed=611, unchanged=336, early_stops=8/8
26 - INFO - chord#: 56 In build_straw_man_chord_sa. tolerance = 1, sa_iterations = 1000, initial_temperature = 3.0, cooling_rate = 0.999
26 - INFO - chord#: 56 done. best_score=27.0, changed=520, unchanged=524, early_stops=8/8
26 - INFO - chord#: 58 In build_straw_man_chord_sa. tolerance = 1, sa_iterations = 1000, initial_temperature = 3.0, cooling_rate = 0.999
26 - INFO - chord#: 60 done. best_score=27.0, changed=514, unchanged=335, early_stops=8/8
26 - INFO - chord#: 64 In build_straw_man_chord_sa. tolerance = 1, sa_iterations = 1000, initial_temperature = 3.0, cooling_rate = 0.999
26 - INFO - chord#: 50 done. best_score=27.0, changed=533, unchanged=471, early_stops=8/8
26 - INFO - chord#: 52 In build_straw_man_chord_sa. tolerance = 1, sa_iterations = 1000, initial_temperature = 3.0, cooling_rate = 0.999
26 - INFO - chord#: 64 done. best_score=27.0, changed=523, unchanged=478, early_stops=8/8
26 - INFO - chord#: 68 In build_straw_man_chord_sa. tolerance = 1, sa_iterations = 1000, initial_temperature = 3.0, cooling_rate = 0.999
26 - INFO - chord#: 64 done. best_score=27.0, changed=513, unchanged=375, early_stops=8/8
26 - INFO - chord#: 68 In build_straw_man_chord_sa. tolerance = 1, sa_iterations = 1000, initial_temperature = 3.0, cooling_rate = 0.999
26 - INFO - chord#: 56 done. best_score=27.0, changed=516, unchanged=393, early_stops=8/8
26 - INFO - chord#: 58 In build_straw_man_chord_sa. tolerance = 1, sa_iterations = 1000, initial_temperature = 3.0, cooling_rate = 0.999
26 - INFO - chord#: 52 done. best_score=140.0, changed=606, unchanged=206, early_stops=8/8
26 - INFO - chord#: 56 In build_straw_man_chord_sa. tolerance = 1, sa_iterations = 1000, initial_temperature = 3.0, cooling_rate = 0.999
26 - INFO - chord#: 64 done. best_score=27.0, changed=520, unchanged=366, early_stops=8/8
26 - INFO - chord#: 68 In build_straw_man_chord_sa. tolerance = 1, sa_iterations = 1000, initial_temperature = 3.0, cooling_rate = 0.999
26 - INFO - chord#: 56 done. best_score=27.0, changed=521, unchanged=436, early_stops=8/8
26 - INFO - chord#: 58 In build_straw_man_chord_sa. tolerance = 1, sa_iterations = 1000, initial_temperature = 3.0, cooling_rate = 0.999
26 - INFO - chord#: 68 done. best_score=27.0, changed=521, unchanged=393, early_stops=8/8
26 - INFO - chord#: 70 In build_straw_man_chord_sa. tolerance = 1, sa_iterations = 1000, initial_temperature = 3.0, cooling_rate = 0.999
26 - INFO - chord#: 68 done. best_score=27.0, changed=521, unchanged=416, early_stops=8/8
26 - INFO - chord#: 70 In build_straw_man_chord_sa. tolerance = 1, sa_iterations = 1000, initial_temperature = 3.0, cooling_rate = 0.999
26 - INFO - chord#: 52 done. best_score=170.0, changed=614, unchanged=288, early_stops=8/8
26 - INFO - chord#: 56 In build_straw_man_chord_sa. tolerance = 1, sa_iterations = 1000, initial_temperature = 3.0, cooling_rate = 0.999
26 - INFO - chord#: 56 done. best_score=27.0, changed=526, unchanged=628, early_stops=8/8
26 - INFO - chord#: 58 In build_straw_man_chord_sa. tolerance = 1, sa_iterations = 1000, initial_temperature = 3.0, cooling_rate = 0.999
26 - INFO - chord#: 52 done. best_score=157.0, changed=610, unchanged=396, early_stops=8/8
26 - INFO - chord#: 56 In build_straw_man_chord_sa. tolerance = 1, sa_iterations = 1000, initial_temperature = 3.0, cooling_rate = 0.999
26 - INFO - chord#: 68 done. best_score=27.0, changed=520, unchanged=379, early_stops=8/8
26 - INFO - chord#: 70 In build_straw_man_chord_sa. tolerance = 1, sa_iterations = 1000, initial_temperature = 3.0, cooling_rate = 0.999
26 - INFO - chord#: 56 done. best_score=27.0, changed=513, unchanged=423, early_stops=8/8
26 - INFO - chord#: 58 In build_straw_man_chord_sa. tolerance = 1, sa_iterations = 1000, initial_temperature = 3.0, cooling_rate = 0.999
26 - INFO - chord#: 58 done. best_score=96.0, changed=610, unchanged=391, early_stops=8/8
26 - INFO - chord#: 60 In build_straw_man_chord_sa. tolerance = 1, sa_iterations = 1000, initial_temperature = 3.0, cooling_rate = 0.999
26 - INFO - chord#: 56 done. best_score=27.0, changed=524, unchanged=530, early_stops=8/8
26 - INFO - chord#: 58 In build_straw_man_chord_sa. tolerance = 1, sa_iterations = 1000, initial_temperature = 3.0, cooling_rate = 0.999
26 - INFO - chord#: 58 done. best_score=137.0, changed=613, unchanged=414, early_stops=8/8
26 - INFO - chord#: 60 In build_straw_man_chord_sa. tolerance = 1, sa_iterations = 1000, initial_temperature = 3.0, cooling_rate = 0.999
26 - INFO - chord#: 52 done. best_score=145.0, changed=612, unchanged=259, early_stops=8/8
26 - INFO - chord#: 56 In build_straw_man_chord_sa. tolerance = 1, sa_iterations = 1000, initial_temperature = 3.0, cooling_rate = 0.999
26 - INFO - chord#: 58 done. best_score=67.0, changed=618, unchanged=329, early_stops=8/8
26 - INFO - chord#: 60 In build_straw_man_chord_sa. tolerance = 1, sa_iterations = 1000, initial_temperature = 3.0, cooling_rate = 0.999
26 - INFO - chord#: 56 done. best_score=27.0, changed=519, unchanged=415, early_stops=8/8
26 - INFO - chord#: 58 In build_straw_man_chord_sa. tolerance = 1, sa_iterations = 1000, initial_temperature = 3.0, cooling_rate = 0.999
26 - INFO - chord#: 60 done. best_score=27.0, changed=527, unchanged=372, early_stops=8/8
26 - INFO - chord#: 64 In build_straw_man_chord_sa. tolerance = 1, sa_iterations = 1000, initial_temperature = 3.0, cooling_rate = 0.999
26 - INFO - chord#: 70 done. best_score=104.0, changed=615, unchanged=309, early_stops=8/8
26 - INFO - chord#: 72 In build_straw_man_chord_sa. tolerance = 1, sa_iterations = 1000, initial_temperature = 3.0, cooling_rate = 0.999
26 - INFO - chord#: 58 done. best_score=195.0, changed=610, unchanged=225, early_stops=8/8
26 - INFO - chord#: 60 In build_straw_man_chord_sa. tolerance = 1, sa_iterations = 1000, initial_temperature = 3.0, cooling_rate = 0.999
26 - INFO - chord#: 60 done. best_score=27.0, changed=524, unchanged=359, early_stops=8/8
26 - INFO - chord#: 64 In build_straw_man_chord_sa. tolerance = 1, sa_iterations = 1000, initial_temperature = 3.0, cooling_rate = 0.999
26 - INFO - chord#: 72 done. best_score=11.0, changed=508, unchanged=312, early_stops=8/8
26 - INFO - chord#: 74 In build_straw_man_chord_sa. tolerance = 1, sa_iterations = 1000, initial_temperature = 3.0, cooling_rate = 0.999
26 - INFO - chord#: 70 done. best_score=70.0, changed=612, unchanged=382, early_stops=8/8
26 - INFO - chord#: 72 In build_straw_man_chord_sa. tolerance = 1, sa_iterations = 1000, initial_temperature = 3.0, cooling_rate = 0.999
26 - INFO - chord#: 60 done. best_score=27.0, changed=534, unchanged=453, early_stops=8/8
26 - INFO - chord#: 64 In build_straw_man_chord_sa. tolerance = 1, sa_iterations = 1000, initial_temperature = 3.0, cooling_rate = 0.999
26 - INFO - chord#: 72 done. best_score=11.0, changed=483, unchanged=346, early_stops=8/8
26 - INFO - chord#: 74 In build_straw_man_chord_sa. tolerance = 1, sa_iterations = 1000, initial_temperature = 3.0, cooling_rate = 0.999
26 - INFO - chord#: 56 done. best_score=27.0, changed=519, unchanged=417, early_stops=8/8
26 - INFO - chord#: 58 In build_straw_man_chord_sa. tolerance = 1, sa_iterations = 1000, initial_temperature = 3.0, cooling_rate = 0.999
26 - INFO - chord#: 58 done. best_score=67.0, changed=612, unchanged=297, early_stops=8/8
26 - INFO - chord#: 60 In build_straw_man_chord_sa. tolerance = 1, sa_iterations = 1000, initial_temperature = 3.0, cooling_rate = 0.999
26 - INFO - chord#: 70 done. best_score=70.0, changed=616, unchanged=370, early_stops=8/8
26 - INFO - chord#: 72 In build_straw_man_chord_sa. tolerance = 1, sa_iterations = 1000, initial_temperature = 3.0, cooling_rate = 0.999
26 - INFO - chord#: 72 done. best_score=11.0, changed=472, unchanged=339, early_stops=8/8
26 - INFO - chord#: 74 In build_straw_man_chord_sa. tolerance = 1, sa_iterations = 1000, initial_temperature = 3.0, cooling_rate = 0.999
26 - INFO - chord#: 64 done. best_score=27.0, changed=524, unchanged=532, early_stops=8/8
26 - INFO - chord#: 68 In build_straw_man_chord_sa. tolerance = 1, sa_iterations = 1000, initial_temperature = 3.0, cooling_rate = 0.999
26 - INFO - chord#: 58 done. best_score=96.0, changed=616, unchanged=262, early_stops=8/8
26 - INFO - chord#: 60 In build_straw_man_chord_sa. tolerance = 1, sa_iterations = 1000, initial_temperature = 3.0, cooling_rate = 0.999
26 - INFO - chord#: 60 done. best_score=27.0, changed=517, unchanged=368, early_stops=8/8
26 - INFO - chord#: 64 In build_straw_man_chord_sa. tolerance = 1, sa_iterations = 1000, initial_temperature = 3.0, cooling_rate = 0.999
26 - INFO - chord#: 64 done. best_score=27.0, changed=520, unchanged=385, early_stops=8/8
26 - INFO - chord#: 68 In build_straw_man_chord_sa. tolerance = 1, sa_iterations = 1000, initial_temperature = 3.0, cooling_rate = 0.999
26 - INFO - chord#: 64 done. best_score=27.0, changed=520, unchanged=496, early_stops=8/8
26 - INFO - chord#: 68 In build_straw_man_chord_sa. tolerance = 1, sa_iterations = 1000, initial_temperature = 3.0, cooling_rate = 0.999
26 - INFO - chord#: 60 done. best_score=27.0, changed=518, unchanged=383, early_stops=8/8
26 - INFO - chord#: 64 In build_straw_man_chord_sa. tolerance = 1, sa_iterations = 1000, initial_temperature = 3.0, cooling_rate = 0.999
26 - INFO - chord#: 58 done. best_score=67.0, changed=617, unchanged=384, early_stops=8/8
26 - INFO - chord#: 60 In build_straw_man_chord_sa. tolerance = 1, sa_iterations = 1000, initial_temperature = 3.0, cooling_rate = 0.999
26 - INFO - chord#: 60 done. best_score=27.0, changed=522, unchanged=357, early_stops=8/8
26 - INFO - chord#: 64 In build_straw_man_chord_sa. tolerance = 1, sa_iterations = 1000, initial_temperature = 3.0, cooling_rate = 0.999
26 - INFO - chord#: 68 done. best_score=27.0, changed=519, unchanged=390, early_stops=8/8
26 - INFO - chord#: 70 In build_straw_man_chord_sa. tolerance = 1, sa_iterations = 1000, initial_temperature = 3.0, cooling_rate = 0.999
26 - INFO - chord#: 74 done. best_score=94.0, changed=613, unchanged=283, early_stops=8/8
26 - INFO - chord#: 76 In build_straw_man_chord_sa. tolerance = 1, sa_iterations = 1000, initial_temperature = 3.0, cooling_rate = 0.999
26 - INFO - chord#: 74 done. best_score=116.0, changed=606, unchanged=269, early_stops=8/8
26 - INFO - chord#: 76 In build_straw_man_chord_sa. tolerance = 1, sa_iterations = 1000, initial_temperature = 3.0, cooling_rate = 0.999
26 - INFO - chord#: 68 done. best_score=27.0, changed=523, unchanged=318, early_stops=8/8
26 - INFO - chord#: 70 In build_straw_man_chord_sa. tolerance = 1, sa_iterations = 1000, initial_temperature = 3.0, cooling_rate = 0.999
26 - INFO - chord#: 68 done. best_score=27.0, changed=523, unchanged=369, early_stops=8/8
26 - INFO - chord#: 70 In build_straw_man_chord_sa. tolerance = 1, sa_iterations = 1000, initial_temperature = 3.0, cooling_rate = 0.999
26 - INFO - chord#: 58 done. best_score=145.0, changed=610, unchanged=353, early_stops=8/8
26 - INFO - chord#: 60 In build_straw_man_chord_sa. tolerance = 1, sa_iterations = 1000, initial_temperature = 3.0, cooling_rate = 0.999
26 - INFO - chord#: 64 done. best_score=27.0, changed=522, unchanged=544, early_stops=8/8
26 - INFO - chord#: 68 In build_straw_man_chord_sa. tolerance = 1, sa_iterations = 1000, initial_temperature = 3.0, cooling_rate = 0.999
26 - INFO - chord#: 64 done. best_score=27.0, changed=518, unchanged=415, early_stops=8/8
26 - INFO - chord#: 68 In build_straw_man_chord_sa. tolerance = 1, sa_iterations = 1000, initial_temperature = 3.0, cooling_rate = 0.999
26 - INFO - chord#: 60 done. best_score=27.0, changed=525, unchanged=346, early_stops=8/8
26 - INFO - chord#: 64 In build_straw_man_chord_sa. tolerance = 1, sa_iterations = 1000, initial_temperature = 3.0, cooling_rate = 0.999
26 - INFO - chord#: 74 done. best_score=94.0, changed=612, unchanged=277, early_stops=8/8
26 - INFO - chord#: 76 In build_straw_man_chord_sa. tolerance = 1, sa_iterations = 1000, initial_temperature = 3.0, cooling_rate = 0.999
26 - INFO - chord#: 64 done. best_score=27.0, changed=519, unchanged=449, early_stops=8/8
26 - INFO - chord#: 68 In build_straw_man_chord_sa. tolerance = 1, sa_iterations = 1000, initial_temperature = 3.0, cooling_rate = 0.999
26 - INFO - chord#: 58 done. best_score=137.0, changed=609, unchanged=279, early_stops=8/8
26 - INFO - chord#: 60 In build_straw_man_chord_sa. tolerance = 1, sa_iterations = 1000, initial_temperature = 3.0, cooling_rate = 0.999
26 - INFO - chord#: 76 done. best_score=27.0, changed=521, unchanged=322, early_stops=8/8
26 - INFO - chord#: 78 In build_straw_man_chord_sa. tolerance = 1, sa_iterations = 1000, initial_temperature = 3.0, cooling_rate = 0.999
26 - INFO - chord#: 76 done. best_score=36.0, changed=522, unchanged=364, early_stops=8/8
26 - INFO - chord#: 78 In build_straw_man_chord_sa. tolerance = 1, sa_iterations = 1000, initial_temperature = 3.0, cooling_rate = 0.999
26 - INFO - chord#: 60 done. best_score=27.0, changed=518, unchanged=321, early_stops=8/8
26 - INFO - chord#: 64 In build_straw_man_chord_sa. tolerance = 1, sa_iterations = 1000, initial_temperature = 3.0, cooling_rate = 0.999
26 - INFO - chord#: 68 done. best_score=27.0, changed=515, unchanged=298, early_stops=8/8
26 - INFO - chord#: 70 In build_straw_man_chord_sa. tolerance = 1, sa_iterations = 1000, initial_temperature = 3.0, cooling_rate = 0.999
26 - INFO - chord#: 68 done. best_score=27.0, changed=521, unchanged=375, early_stops=8/8
26 - INFO - chord#: 70 In build_straw_man_chord_sa. tolerance = 1, sa_iterations = 1000, initial_temperature = 3.0, cooling_rate = 0.999
26 - INFO - chord#: 76 done. best_score=27.0, changed=532, unchanged=327, early_stops=8/8
26 - INFO - chord#: 78 In build_straw_man_chord_sa. tolerance = 1, sa_iterations = 1000, initial_temperature = 3.0, cooling_rate = 0.999
26 - INFO - chord#: 70 done. best_score=149.0, changed=611, unchanged=278, early_stops=8/8
26 - INFO - chord#: 72 In build_straw_man_chord_sa. tolerance = 1, sa_iterations = 1000, initial_temperature = 3.0, cooling_rate = 0.999
26 - INFO - chord#: 68 done. best_score=27.0, changed=518, unchanged=450, early_stops=8/8
26 - INFO - chord#: 70 In build_straw_man_chord_sa. tolerance = 1, sa_iterations = 1000, initial_temperature = 3.0, cooling_rate = 0.999
26 - INFO - chord#: 60 done. best_score=27.0, changed=519, unchanged=348, early_stops=8/8
26 - INFO - chord#: 64 In build_straw_man_chord_sa. tolerance = 1, sa_iterations = 1000, initial_temperature = 3.0, cooling_rate = 0.999
26 - INFO - chord#: 64 done. best_score=27.0, changed=525, unchanged=492, early_stops=8/8
26 - INFO - chord#: 68 In build_straw_man_chord_sa. tolerance = 1, sa_iterations = 1000, initial_temperature = 3.0, cooling_rate = 0.999
26 - INFO - chord#: 72 done. best_score=11.0, changed=473, unchanged=356, early_stops=8/8
26 - INFO - chord#: 74 In build_straw_man_chord_sa. tolerance = 1, sa_iterations = 1000, initial_temperature = 3.0, cooling_rate = 0.999
26 - INFO - chord#: 70 done. best_score=111.0, changed=611, unchanged=293, early_stops=8/8
26 - INFO - chord#: 72 In build_straw_man_chord_sa. tolerance = 1, sa_iterations = 1000, initial_temperature = 3.0, cooling_rate = 0.999
26 - INFO - chord#: 64 done. best_score=27.0, changed=515, unchanged=360, early_stops=8/8
26 - INFO - chord#: 68 In build_straw_man_chord_sa. tolerance = 1, sa_iterations = 1000, initial_temperature = 3.0, cooling_rate = 0.999
26 - INFO - chord#: 72 done. best_score=11.0, changed=481, unchanged=333, early_stops=8/8
26 - INFO - chord#: 74 In build_straw_man_chord_sa. tolerance = 1, sa_iterations = 1000, initial_temperature = 3.0, cooling_rate = 0.999
26 - INFO - chord#: 70 done. best_score=70.0, changed=610, unchanged=312, early_stops=8/8
26 - INFO - chord#: 72 In build_straw_man_chord_sa. tolerance = 1, sa_iterations = 1000, initial_temperature = 3.0, cooling_rate = 0.999
26 - INFO - chord#: 72 done. best_score=11.0, changed=520, unchanged=291, early_stops=8/8
26 - INFO - chord#: 74 In build_straw_man_chord_sa. tolerance = 1, sa_iterations = 1000, initial_temperature = 3.0, cooling_rate = 0.999
26 - INFO - chord#: 68 done. best_score=27.0, changed=524, unchanged=445, early_stops=8/8
26 - INFO - chord#: 70 In build_straw_man_chord_sa. tolerance = 1, sa_iterations = 1000, initial_temperature = 3.0, cooling_rate = 0.999
26 - INFO - chord#: 70 done. best_score=70.0, changed=609, unchanged=321, early_stops=8/8
26 - INFO - chord#: 72 In build_straw_man_chord_sa. tolerance = 1, sa_iterations = 1000, initial_temperature = 3.0, cooling_rate = 0.999
26 - INFO - chord#: 78 done. best_score=96.0, changed=612, unchanged=280, early_stops=8/8
26 - INFO - chord#: 80 In build_straw_man_chord_sa. tolerance = 1, sa_iterations = 1000, initial_temperature = 3.0, cooling_rate = 0.999
26 - INFO - chord#: 78 done. best_score=146.0, changed=614, unchanged=269, early_stops=8/8
26 - INFO - chord#: 80 In build_straw_man_chord_sa. tolerance = 1, sa_iterations = 1000, initial_temperature = 3.0, cooling_rate = 0.999
26 - INFO - chord#: 64 done. best_score=27.0, changed=532, unchanged=634, early_stops=8/8
26 - INFO - chord#: 68 In build_straw_man_chord_sa. tolerance = 1, sa_iterations = 1000, initial_temperature = 3.0, cooling_rate = 0.999
26 - INFO - chord#: 72 done. best_score=11.0, changed=496, unchanged=339, early_stops=8/8
26 - INFO - chord#: 74 In build_straw_man_chord_sa. tolerance = 1, sa_iterations = 1000, initial_temperature = 3.0, cooling_rate = 0.999
26 - INFO - chord#: 68 done. best_score=27.0, changed=524, unchanged=386, early_stops=8/8
26 - INFO - chord#: 70 In build_straw_man_chord_sa. tolerance = 1, sa_iterations = 1000, initial_temperature = 3.0, cooling_rate = 0.999
26 - INFO - chord#: 70 done. best_score=111.0, changed=609, unchanged=275, early_stops=8/8
26 - INFO - chord#: 72 In build_straw_man_chord_sa. tolerance = 1, sa_iterations = 1000, initial_temperature = 3.0, cooling_rate = 0.999
26 - INFO - chord#: 74 done. best_score=131.0, changed=607, unchanged=229, early_stops=8/8
26 - INFO - chord#: 76 In build_straw_man_chord_sa. tolerance = 1, sa_iterations = 1000, initial_temperature = 3.0, cooling_rate = 0.999
26 - INFO - chord#: 78 done. best_score=74.0, changed=612, unchanged=276, early_stops=8/8
26 - INFO - chord#: 80 In build_straw_man_chord_sa. tolerance = 1, sa_iterations = 1000, initial_temperature = 3.0, cooling_rate = 0.999
26 - INFO - chord#: 72 done. best_score=11.0, changed=487, unchanged=342, early_stops=8/8
26 - INFO - chord#: 74 In build_straw_man_chord_sa. tolerance = 1, sa_iterations = 1000, initial_temperature = 3.0, cooling_rate = 0.999
26 - INFO - chord#: 80 done. best_score=27.0, changed=526, unchanged=448, early_stops=8/8
26 - INFO - chord#: 82 In build_straw_man_chord_sa. tolerance = 1, sa_iterations = 1000, initial_temperature = 3.0, cooling_rate = 0.999
26 - INFO - chord#: 80 done. best_score=27.0, changed=531, unchanged=541, early_stops=8/8
26 - INFO - chord#: 70 done. best_score=70.0, changed=609, unchanged=297, early_stops=8/8
26 - INFO - chord#: 72 In build_straw_man_chord_sa. tolerance = 1, sa_iterations = 1000, initial_temperature = 3.0, cooling_rate = 0.999
26 - INFO - chord#: 82 In build_straw_man_chord_sa. tolerance = 1, sa_iterations = 1000, initial_temperature = 3.0, cooling_rate = 0.999
26 - INFO - chord#: 68 done. best_score=27.0, changed=526, unchanged=365, early_stops=8/8
26 - INFO - chord#: 70 In build_straw_man_chord_sa. tolerance = 1, sa_iterations = 1000, initial_temperature = 3.0, cooling_rate = 0.999
26 - INFO - chord#: 74 done. best_score=94.0, changed=615, unchanged=335, early_stops=8/8
26 - INFO - chord#: 76 In build_straw_man_chord_sa. tolerance = 1, sa_iterations = 1000, initial_temperature = 3.0, cooling_rate = 0.999
26 - INFO - chord#: 72 done. best_score=11.0, changed=474, unchanged=355, early_stops=8/8
26 - INFO - chord#: 74 In build_straw_man_chord_sa. tolerance = 1, sa_iterations = 1000, initial_temperature = 3.0, cooling_rate = 0.999
26 - INFO - chord#: 76 done. best_score=57.0, changed=529, unchanged=335, early_stops=8/8
26 - INFO - chord#: 78 In build_straw_man_chord_sa. tolerance = 1, sa_iterations = 1000, initial_temperature = 3.0, cooling_rate = 0.999
26 - INFO - chord#: 80 done. best_score=27.0, changed=529, unchanged=462, early_stops=8/8
26 - INFO - chord#: 82 In build_straw_man_chord_sa. tolerance = 1, sa_iterations = 1000, initial_temperature = 3.0, cooling_rate = 0.999
26 - INFO - chord#: 82 done. best_score=57.0, changed=523, unchanged=355, early_stops=8/8
26 - INFO - chord#: 84 In build_straw_man_chord_sa. tolerance = 1, sa_iterations = 1000, initial_temperature = 3.0, cooling_rate = 0.999
26 - INFO - chord#: 82 done. best_score=36.0, changed=527, unchanged=375, early_stops=8/8
26 - INFO - chord#: 84 In build_straw_man_chord_sa. tolerance = 1, sa_iterations = 1000, initial_temperature = 3.0, cooling_rate = 0.999
26 - INFO - chord#: 74 done. best_score=189.0, changed=612, unchanged=246, early_stops=8/8
26 - INFO - chord#: 76 In build_straw_man_chord_sa. tolerance = 1, sa_iterations = 1000, initial_temperature = 3.0, cooling_rate = 0.999
26 - INFO - chord#: 74 done. best_score=171.0, changed=618, unchanged=286, early_stops=8/8
26 - INFO - chord#: 76 In build_straw_man_chord_sa. tolerance = 1, sa_iterations = 1000, initial_temperature = 3.0, cooling_rate = 0.999
26 - INFO - chord#: 76 done. best_score=27.0, changed=524, unchanged=449, early_stops=8/8
26 - INFO - chord#: 78 In build_straw_man_chord_sa. tolerance = 1, sa_iterations = 1000, initial_temperature = 3.0, cooling_rate = 0.999
26 - INFO - chord#: 82 done. best_score=36.0, changed=522, unchanged=323, early_stops=8/8
26 - INFO - chord#: 84 In build_straw_man_chord_sa. tolerance = 1, sa_iterations = 1000, initial_temperature = 3.0, cooling_rate = 0.999
26 - INFO - chord#: 70 done. best_score=70.0, changed=613, unchanged=353, early_stops=8/8
26 - INFO - chord#: 72 In build_straw_man_chord_sa. tolerance = 1, sa_iterations = 1000, initial_temperature = 3.0, cooling_rate = 0.999
26 - INFO - chord#: 70 done. best_score=70.0, changed=606, unchanged=296, early_stops=8/8
26 - INFO - chord#: 72 In build_straw_man_chord_sa. tolerance = 1, sa_iterations = 1000, initial_temperature = 3.0, cooling_rate = 0.999
26 - INFO - chord#: 84 done. best_score=27.0, changed=519, unchanged=466, early_stops=8/8
26 - INFO - chord#: 72 done. best_score=11.0, changed=491, unchanged=344, early_stops=8/8
26 - INFO - chord#: 86 In build_straw_man_chord_sa. tolerance = 1, sa_iterations = 1000, initial_temperature = 3.0, cooling_rate = 0.999
26 - INFO - chord#: 74 In build_straw_man_chord_sa. tolerance = 1, sa_iterations = 1000, initial_temperature = 3.0, cooling_rate = 0.999
26 - INFO - chord#: 72 done. best_score=11.0, changed=483, unchanged=331, early_stops=8/8
26 - INFO - chord#: 74 In build_straw_man_chord_sa. tolerance = 1, sa_iterations = 1000, initial_temperature = 3.0, cooling_rate = 0.999
26 - INFO - chord#: 84 done. best_score=27.0, changed=517, unchanged=484, early_stops=8/8
26 - INFO - chord#: 86 In build_straw_man_chord_sa. tolerance = 1, sa_iterations = 1000, initial_temperature = 3.0, cooling_rate = 0.999
26 - INFO - chord#: 76 done. best_score=27.0, changed=524, unchanged=480, early_stops=8/8
26 - INFO - chord#: 78 In build_straw_man_chord_sa. tolerance = 1, sa_iterations = 1000, initial_temperature = 3.0, cooling_rate = 0.999
26 - INFO - chord#: 76 done. best_score=27.0, changed=532, unchanged=388, early_stops=8/8
26 - INFO - chord#: 78 In build_straw_man_chord_sa. tolerance = 1, sa_iterations = 1000, initial_temperature = 3.0, cooling_rate = 0.999
26 - INFO - chord#: 84 done. best_score=27.0, changed=525, unchanged=487, early_stops=8/8
26 - INFO - chord#: 86 In build_straw_man_chord_sa. tolerance = 1, sa_iterations = 1000, initial_temperature = 3.0, cooling_rate = 0.999
26 - INFO - chord#: 70 done. best_score=70.0, changed=610, unchanged=232, early_stops=8/8
26 - INFO - chord#: 72 In build_straw_man_chord_sa. tolerance = 1, sa_iterations = 1000, initial_temperature = 3.0, cooling_rate = 0.999
26 - INFO - chord#: 74 done. best_score=94.0, changed=613, unchanged=294, early_stops=8/8
26 - INFO - chord#: 76 In build_straw_man_chord_sa. tolerance = 1, sa_iterations = 1000, initial_temperature = 3.0, cooling_rate = 0.999
26 - INFO - chord#: 74 done. best_score=94.0, changed=609, unchanged=232, early_stops=8/8
26 - INFO - chord#: 76 In build_straw_man_chord_sa. tolerance = 1, sa_iterations = 1000, initial_temperature = 3.0, cooling_rate = 0.999
26 - INFO - chord#: 72 done. best_score=11.0, changed=482, unchanged=368, early_stops=8/8
26 - INFO - chord#: 74 In build_straw_man_chord_sa. tolerance = 1, sa_iterations = 1000, initial_temperature = 3.0, cooling_rate = 0.999
26 - INFO - chord#: 78 done. best_score=150.0, changed=617, unchanged=380, early_stops=8/8
26 - INFO - chord#: 80 In build_straw_man_chord_sa. tolerance = 1, sa_iterations = 1000, initial_temperature = 3.0, cooling_rate = 0.999
26 - INFO - chord#: 76 done. best_score=27.0, changed=522, unchanged=394, early_stops=8/8
26 - INFO - chord#: 78 In build_straw_man_chord_sa. tolerance = 1, sa_iterations = 1000, initial_temperature = 3.0, cooling_rate = 0.999
26 - INFO - chord#: 86 done. best_score=94.0, changed=612, unchanged=279, early_stops=8/8
26 - INFO - chord#: 88 In build_straw_man_chord_sa. tolerance = 1, sa_iterations = 1000, initial_temperature = 3.0, cooling_rate = 0.999
26 - INFO - chord#: 80 done. best_score=27.0, changed=517, unchanged=411, early_stops=8/8
26 - INFO - chord#: 82 In build_straw_man_chord_sa. tolerance = 1, sa_iterations = 1000, initial_temperature = 3.0, cooling_rate = 0.999
26 - INFO - chord#: 78 done. best_score=74.0, changed=612, unchanged=325, early_stops=8/8
26 - INFO - chord#: 80 In build_straw_man_chord_sa. tolerance = 1, sa_iterations = 1000, initial_temperature = 3.0, cooling_rate = 0.999
26 - INFO - chord#: 86 done. best_score=94.0, changed=607, unchanged=359, early_stops=8/8
26 - INFO - chord#: 88 In build_straw_man_chord_sa. tolerance = 1, sa_iterations = 1000, initial_temperature = 3.0, cooling_rate = 0.999
26 - INFO - chord#: 76 done. best_score=27.0, changed=518, unchanged=486, early_stops=8/8
26 - INFO - chord#: 78 In build_straw_man_chord_sa. tolerance = 1, sa_iterations = 1000, initial_temperature = 3.0, cooling_rate = 0.999
26 - INFO - chord#: 74 done. best_score=94.0, changed=611, unchanged=325, early_stops=8/8
26 - INFO - chord#: 76 In build_straw_man_chord_sa. tolerance = 1, sa_iterations = 1000, initial_temperature = 3.0, cooling_rate = 0.999
26 - INFO - chord#: 86 done. best_score=173.0, changed=609, unchanged=288, early_stops=8/8
26 - INFO - chord#: 88 In build_straw_man_chord_sa. tolerance = 1, sa_iterations = 1000, initial_temperature = 3.0, cooling_rate = 0.999
26 - INFO - chord#: 82 done. best_score=36.0, changed=521, unchanged=367, early_stops=8/8
26 - INFO - chord#: 84 In build_straw_man_chord_sa. tolerance = 1, sa_iterations = 1000, initial_temperature = 3.0, cooling_rate = 0.999
26 - INFO - chord#: 78 done. best_score=74.0, changed=611, unchanged=302, early_stops=8/8
26 - INFO - chord#: 80 In build_straw_man_chord_sa. tolerance = 1, sa_iterations = 1000, initial_temperature = 3.0, cooling_rate = 0.999
26 - INFO - chord#: 88 done. best_score=27.0, changed=519, unchanged=341, early_stops=8/8
26 - INFO - chord#: 90 In build_straw_man_chord_sa. tolerance = 1, sa_iterations = 1000, initial_temperature = 3.0, cooling_rate = 0.999
26 - INFO - chord#: 74 done. best_score=94.0, changed=610, unchanged=407, early_stops=8/8
26 - INFO - chord#: 76 In build_straw_man_chord_sa. tolerance = 1, sa_iterations = 1000, initial_temperature = 3.0, cooling_rate = 0.999
26 - INFO - chord#: 80 done. best_score=27.0, changed=523, unchanged=464, early_stops=8/8
26 - INFO - chord#: 82 In build_straw_man_chord_sa. tolerance = 1, sa_iterations = 1000, initial_temperature = 3.0, cooling_rate = 0.999
26 - INFO - chord#: 88 done. best_score=27.0, changed=524, unchanged=354, early_stops=8/8
26 - INFO - chord#: 90 In build_straw_man_chord_sa. tolerance = 1, sa_iterations = 1000, initial_temperature = 3.0, cooling_rate = 0.999
26 - INFO - chord#: 74 done. best_score=94.0, changed=611, unchanged=254, early_stops=8/8
26 - INFO - chord#: 76 In build_straw_man_chord_sa. tolerance = 1, sa_iterations = 1000, initial_temperature = 3.0, cooling_rate = 0.999
26 - INFO - chord#: 88 done. best_score=27.0, changed=513, unchanged=310, early_stops=8/8
26 - INFO - chord#: 90 In build_straw_man_chord_sa. tolerance = 1, sa_iterations = 1000, initial_temperature = 3.0, cooling_rate = 0.999
26 - INFO - chord#: 84 done. best_score=27.0, changed=517, unchanged=353, early_stops=8/8
26 - INFO - chord#: 86 In build_straw_man_chord_sa. tolerance = 1, sa_iterations = 1000, initial_temperature = 3.0, cooling_rate = 0.999
26 - INFO - chord#: 80 done. best_score=27.0, changed=525, unchanged=428, early_stops=8/8
26 - INFO - chord#: 82 In build_straw_man_chord_sa. tolerance = 1, sa_iterations = 1000, initial_temperature = 3.0, cooling_rate = 0.999
26 - INFO - chord#: 82 done. best_score=36.0, changed=521, unchanged=354, early_stops=8/8
26 - INFO - chord#: 84 In build_straw_man_chord_sa. tolerance = 1, sa_iterations = 1000, initial_temperature = 3.0, cooling_rate = 0.999
26 - INFO - chord#: 78 done. best_score=74.0, changed=613, unchanged=475, early_stops=8/8
26 - INFO - chord#: 80 In build_straw_man_chord_sa. tolerance = 1, sa_iterations = 1000, initial_temperature = 3.0, cooling_rate = 0.999
26 - INFO - chord#: 76 done. best_score=27.0, changed=530, unchanged=347, early_stops=8/8
26 - INFO - chord#: 78 In build_straw_man_chord_sa. tolerance = 1, sa_iterations = 1000, initial_temperature = 3.0, cooling_rate = 0.999
26 - INFO - chord#: 76 done. best_score=27.0, changed=520, unchanged=325, early_stops=8/8
26 - INFO - chord#: 78 In build_straw_man_chord_sa. tolerance = 1, sa_iterations = 1000, initial_temperature = 3.0, cooling_rate = 0.999
26 - INFO - chord#: 76 done. best_score=27.0, changed=522, unchanged=352, early_stops=8/8
26 - INFO - chord#: 78 In build_straw_man_chord_sa. tolerance = 1, sa_iterations = 1000, initial_temperature = 3.0, cooling_rate = 0.999
26 - INFO - chord#: 78 done. best_score=74.0, changed=610, unchanged=275, early_stops=8/8
26 - INFO - chord#: 80 In build_straw_man_chord_sa. tolerance = 1, sa_iterations = 1000, initial_temperature = 3.0, cooling_rate = 0.999
26 - INFO - chord#: 82 done. best_score=36.0, changed=520, unchanged=416, early_stops=8/8
26 - INFO - chord#: 84 In build_straw_man_chord_sa. tolerance = 1, sa_iterations = 1000, initial_temperature = 3.0, cooling_rate = 0.999
26 - INFO - chord#: 84 done. best_score=27.0, changed=521, unchanged=406, early_stops=8/8
26 - INFO - chord#: 86 In build_straw_man_chord_sa. tolerance = 1, sa_iterations = 1000, initial_temperature = 3.0, cooling_rate = 0.999
26 - INFO - chord#: 90 done. best_score=70.0, changed=608, unchanged=332, early_stops=8/8
26 - INFO - chord#: 92 In build_straw_man_chord_sa. tolerance = 1, sa_iterations = 1000, initial_temperature = 3.0, cooling_rate = 0.999
26 - INFO - chord#: 90 done. best_score=70.0, changed=610, unchanged=291, early_stops=8/8
26 - INFO - chord#: 92 In build_straw_man_chord_sa. tolerance = 1, sa_iterations = 1000, initial_temperature = 3.0, cooling_rate = 0.999
26 - INFO - chord#: 80 done. best_score=27.0, changed=523, unchanged=373, early_stops=8/8
26 - INFO - chord#: 82 In build_straw_man_chord_sa. tolerance = 1, sa_iterations = 1000, initial_temperature = 3.0, cooling_rate = 0.999
26 - INFO - chord#: 90 done. best_score=70.0, changed=617, unchanged=274, early_stops=8/8
26 - INFO - chord#: 92 In build_straw_man_chord_sa. tolerance = 1, sa_iterations = 1000, initial_temperature = 3.0, cooling_rate = 0.999
26 - INFO - chord#: 78 done. best_score=149.0, changed=619, unchanged=371, early_stops=8/8
26 - INFO - chord#: 80 In build_straw_man_chord_sa. tolerance = 1, sa_iterations = 1000, initial_temperature = 3.0, cooling_rate = 0.999
26 - INFO - chord#: 84 done. best_score=27.0, changed=516, unchanged=385, early_stops=8/8
26 - INFO - chord#: 86 In build_straw_man_chord_sa. tolerance = 1, sa_iterations = 1000, initial_temperature = 3.0, cooling_rate = 0.999
26 - INFO - chord#: 92 done. best_score=27.0, changed=519, unchanged=428, early_stops=8/8
26 - INFO - chord#: 96 In build_straw_man_chord_sa. tolerance = 1, sa_iterations = 1000, initial_temperature = 3.0, cooling_rate = 0.999
26 - INFO - chord#: 86 done. best_score=94.0, changed=609, unchanged=373, early_stops=8/8
26 - INFO - chord#: 88 In build_straw_man_chord_sa. tolerance = 1, sa_iterations = 1000, initial_temperature = 3.0, cooling_rate = 0.999
26 - INFO - chord#: 80 done. best_score=27.0, changed=519, unchanged=442, early_stops=8/8
26 - INFO - chord#: 82 In build_straw_man_chord_sa. tolerance = 1, sa_iterations = 1000, initial_temperature = 3.0, cooling_rate = 0.999
26 - INFO - chord#: 92 done. best_score=27.0, changed=519, unchanged=389, early_stops=8/8
26 - INFO - chord#: 96 In build_straw_man_chord_sa. tolerance = 1, sa_iterations = 1000, initial_temperature = 3.0, cooling_rate = 0.999
26 - INFO - chord#: 82 done. best_score=36.0, changed=520, unchanged=390, early_stops=8/8
26 - INFO - chord#: 84 In build_straw_man_chord_sa. tolerance = 1, sa_iterations = 1000, initial_temperature = 3.0, cooling_rate = 0.999
26 - INFO - chord#: 92 done. best_score=27.0, changed=520, unchanged=326, early_stops=8/8
26 - INFO - chord#: 96 In build_straw_man_chord_sa. tolerance = 1, sa_iterations = 1000, initial_temperature = 3.0, cooling_rate = 0.999
26 - INFO - chord#: 80 done. best_score=27.0, changed=521, unchanged=436, early_stops=8/8
26 - INFO - chord#: 82 In build_straw_man_chord_sa. tolerance = 1, sa_iterations = 1000, initial_temperature = 3.0, cooling_rate = 0.999
26 - INFO - chord#: 96 done. best_score=27.0, changed=523, unchanged=465, early_stops=8/8
26 - INFO - chord#: 98 In build_straw_man_chord_sa. tolerance = 1, sa_iterations = 1000, initial_temperature = 3.0, cooling_rate = 0.999
26 - INFO - chord#: 88 done. best_score=27.0, changed=521, unchanged=375, early_stops=8/8
26 - INFO - chord#: 90 In build_straw_man_chord_sa. tolerance = 1, sa_iterations = 1000, initial_temperature = 3.0, cooling_rate = 0.999
26 - INFO - chord#: 96 done. best_score=27.0, changed=520, unchanged=452, early_stops=8/8
26 - INFO - chord#: 98 In build_straw_man_chord_sa. tolerance = 1, sa_iterations = 1000, initial_temperature = 3.0, cooling_rate = 0.999
26 - INFO - chord#: 82 done. best_score=36.0, changed=522, unchanged=394, early_stops=8/8
26 - INFO - chord#: 84 In build_straw_man_chord_sa. tolerance = 1, sa_iterations = 1000, initial_temperature = 3.0, cooling_rate = 0.999
26 - INFO - chord#: 86 done. best_score=94.0, changed=617, unchanged=301, early_stops=8/8
26 - INFO - chord#: 88 In build_straw_man_chord_sa. tolerance = 1, sa_iterations = 1000, initial_temperature = 3.0, cooling_rate = 0.999
26 - INFO - chord#: 78 done. best_score=168.0, changed=617, unchanged=408, early_stops=8/8
26 - INFO - chord#: 80 In build_straw_man_chord_sa. tolerance = 1, sa_iterations = 1000, initial_temperature = 3.0, cooling_rate = 0.999
26 - INFO - chord#: 96 done. best_score=27.0, changed=517, unchanged=359, early_stops=8/8
26 - INFO - chord#: 98 In build_straw_man_chord_sa. tolerance = 1, sa_iterations = 1000, initial_temperature = 3.0, cooling_rate = 0.999
26 - INFO - chord#: 78 done. best_score=141.0, changed=607, unchanged=270, early_stops=8/8
26 - INFO - chord#: 80 In build_straw_man_chord_sa. tolerance = 1, sa_iterations = 1000, initial_temperature = 3.0, cooling_rate = 0.999
26 - INFO - chord#: 84 done. best_score=27.0, changed=527, unchanged=708, early_stops=8/8
26 - INFO - chord#: 86 In build_straw_man_chord_sa. tolerance = 1, sa_iterations = 1000, initial_temperature = 3.0, cooling_rate = 0.999
26 - INFO - chord#: 78 done. best_score=74.0, changed=621, unchanged=385, early_stops=8/8
26 - INFO - chord#: 80 In build_straw_man_chord_sa. tolerance = 1, sa_iterations = 1000, initial_temperature = 3.0, cooling_rate = 0.999
26 - INFO - chord#: 86 done. best_score=155.0, changed=612, unchanged=234, early_stops=8/8
26 - INFO - chord#: 88 In build_straw_man_chord_sa. tolerance = 1, sa_iterations = 1000, initial_temperature = 3.0, cooling_rate = 0.999
26 - INFO - chord#: 84 done. best_score=27.0, changed=520, unchanged=454, early_stops=8/8
26 - INFO - chord#: 86 In build_straw_man_chord_sa. tolerance = 1, sa_iterations = 1000, initial_temperature = 3.0, cooling_rate = 0.999
26 - INFO - chord#: 82 done. best_score=36.0, changed=518, unchanged=333, early_stops=8/8
26 - INFO - chord#: 84 In build_straw_man_chord_sa. tolerance = 1, sa_iterations = 1000, initial_temperature = 3.0, cooling_rate = 0.999
26 - INFO - chord#: 80 done. best_score=27.0, changed=527, unchanged=494, early_stops=8/8
26 - INFO - chord#: 82 In build_straw_man_chord_sa. tolerance = 1, sa_iterations = 1000, initial_temperature = 3.0, cooling_rate = 0.999
26 - INFO - chord#: 88 done. best_score=27.0, changed=516, unchanged=323, early_stops=8/8
26 - INFO - chord#: 90 In build_straw_man_chord_sa. tolerance = 1, sa_iterations = 1000, initial_temperature = 3.0, cooling_rate = 0.999
26 - INFO - chord#: 88 done. best_score=27.0, changed=517, unchanged=404, early_stops=8/8
26 - INFO - chord#: 90 In build_straw_man_chord_sa. tolerance = 1, sa_iterations = 1000, initial_temperature = 3.0, cooling_rate = 0.999
26 - INFO - chord#: 98 done. best_score=64.0, changed=610, unchanged=234, early_stops=8/8
26 - INFO - chord#: 100 In build_straw_man_chord_sa. tolerance = 1, sa_iterations = 1000, initial_temperature = 3.0, cooling_rate = 0.999
26 - INFO - chord#: 80 done. best_score=27.0, changed=518, unchanged=499, early_stops=8/8
26 - INFO - chord#: 82 In build_straw_man_chord_sa. tolerance = 1, sa_iterations = 1000, initial_temperature = 3.0, cooling_rate = 0.999
26 - INFO - chord#: 98 done. best_score=64.0, changed=608, unchanged=242, early_stops=8/8
26 - INFO - chord#: 100 In build_straw_man_chord_sa. tolerance = 1, sa_iterations = 1000, initial_temperature = 3.0, cooling_rate = 0.999
26 - INFO - chord#: 90 done. best_score=70.0, changed=614, unchanged=337, early_stops=8/8
26 - INFO - chord#: 92 In build_straw_man_chord_sa. tolerance = 1, sa_iterations = 1000, initial_temperature = 3.0, cooling_rate = 0.999
26 - INFO - chord#: 80 done. best_score=27.0, changed=518, unchanged=451, early_stops=8/8
26 - INFO - chord#: 82 In build_straw_man_chord_sa. tolerance = 1, sa_iterations = 1000, initial_temperature = 3.0, cooling_rate = 0.999
26 - INFO - chord#: 84 done. best_score=27.0, changed=519, unchanged=433, early_stops=8/8
26 - INFO - chord#: 86 In build_straw_man_chord_sa. tolerance = 1, sa_iterations = 1000, initial_temperature = 3.0, cooling_rate = 0.999
26 - INFO - chord#: 98 done. best_score=64.0, changed=609, unchanged=335, early_stops=8/8
26 - INFO - chord#: 100 In build_straw_man_chord_sa. tolerance = 1, sa_iterations = 1000, initial_temperature = 3.0, cooling_rate = 0.999
26 - INFO - chord#: 100 done. best_score=27.0, changed=523, unchanged=365, early_stops=8/8
26 - INFO - chord#: 102 In build_straw_man_chord_sa. tolerance = 1, sa_iterations = 1000, initial_temperature = 3.0, cooling_rate = 0.999
26 - INFO - chord#: 82 done. best_score=36.0, changed=514, unchanged=441, early_stops=8/8
26 - INFO - chord#: 84 In build_straw_man_chord_sa. tolerance = 1, sa_iterations = 1000, initial_temperature = 3.0, cooling_rate = 0.999
26 - INFO - chord#: 100 done. best_score=27.0, changed=534, unchanged=371, early_stops=8/8
26 - INFO - chord#: 102 In build_straw_man_chord_sa. tolerance = 1, sa_iterations = 1000, initial_temperature = 3.0, cooling_rate = 0.999
26 - INFO - chord#: 82 done. best_score=36.0, changed=522, unchanged=453, early_stops=8/8
26 - INFO - chord#: 84 In build_straw_man_chord_sa. tolerance = 1, sa_iterations = 1000, initial_temperature = 3.0, cooling_rate = 0.999
26 - INFO - chord#: 92 done. best_score=27.0, changed=526, unchanged=407, early_stops=8/8
26 - INFO - chord#: 96 In build_straw_man_chord_sa. tolerance = 1, sa_iterations = 1000, initial_temperature = 3.0, cooling_rate = 0.999
26 - INFO - chord#: 86 done. best_score=162.0, changed=611, unchanged=266, early_stops=8/8
26 - INFO - chord#: 88 In build_straw_man_chord_sa. tolerance = 1, sa_iterations = 1000, initial_temperature = 3.0, cooling_rate = 0.999
26 - INFO - chord#: 86 done. best_score=94.0, changed=615, unchanged=373, early_stops=8/8
26 - INFO - chord#: 88 In build_straw_man_chord_sa. tolerance = 1, sa_iterations = 1000, initial_temperature = 3.0, cooling_rate = 0.999
26 - INFO - chord#: 82 done. best_score=36.0, changed=521, unchanged=507, early_stops=8/8
26 - INFO - chord#: 84 In build_straw_man_chord_sa. tolerance = 1, sa_iterations = 1000, initial_temperature = 3.0, cooling_rate = 0.999
26 - INFO - chord#: 100 done. best_score=27.0, changed=521, unchanged=357, early_stops=8/8
26 - INFO - chord#: 102 In build_straw_man_chord_sa. tolerance = 1, sa_iterations = 1000, initial_temperature = 3.0, cooling_rate = 0.999
26 - INFO - chord#: 90 done. best_score=70.0, changed=609, unchanged=284, early_stops=8/8
26 - INFO - chord#: 92 In build_straw_man_chord_sa. tolerance = 1, sa_iterations = 1000, initial_temperature = 3.0, cooling_rate = 0.999
26 - INFO - chord#: 84 done. best_score=27.0, changed=523, unchanged=440, early_stops=8/8
26 - INFO - chord#: 86 In build_straw_man_chord_sa. tolerance = 1, sa_iterations = 1000, initial_temperature = 3.0, cooling_rate = 0.999
26 - INFO - chord#: 84 done. best_score=27.0, changed=524, unchanged=474, early_stops=8/8
26 - INFO - chord#: 86 In build_straw_man_chord_sa. tolerance = 1, sa_iterations = 1000, initial_temperature = 3.0, cooling_rate = 0.999
26 - INFO - chord#: 96 done. best_score=27.0, changed=522, unchanged=412, early_stops=8/8
26 - INFO - chord#: 98 In build_straw_man_chord_sa. tolerance = 1, sa_iterations = 1000, initial_temperature = 3.0, cooling_rate = 0.999
26 - INFO - chord#: 90 done. best_score=155.0, changed=609, unchanged=259, early_stops=8/8
26 - INFO - chord#: 92 In build_straw_man_chord_sa. tolerance = 1, sa_iterations = 1000, initial_temperature = 3.0, cooling_rate = 0.999
26 - INFO - chord#: 88 done. best_score=27.0, changed=513, unchanged=297, early_stops=8/8
26 - INFO - chord#: 90 In build_straw_man_chord_sa. tolerance = 1, sa_iterations = 1000, initial_temperature = 3.0, cooling_rate = 0.999
26 - INFO - chord#: 88 done. best_score=27.0, changed=530, unchanged=467, early_stops=8/8
26 - INFO - chord#: 90 In build_straw_man_chord_sa. tolerance = 1, sa_iterations = 1000, initial_temperature = 3.0, cooling_rate = 0.999
26 - INFO - chord#: 102 done. best_score=129.0, changed=608, unchanged=238, early_stops=8/8
26 - INFO - chord#: 104 In build_straw_man_chord_sa. tolerance = 1, sa_iterations = 1000, initial_temperature = 3.0, cooling_rate = 0.999
26 - INFO - chord#: 92 done. best_score=27.0, changed=533, unchanged=406, early_stops=8/8
26 - INFO - chord#: 96 In build_straw_man_chord_sa. tolerance = 1, sa_iterations = 1000, initial_temperature = 3.0, cooling_rate = 0.999
26 - INFO - chord#: 84 done. best_score=27.0, changed=516, unchanged=389, early_stops=8/8
26 - INFO - chord#: 86 In build_straw_man_chord_sa. tolerance = 1, sa_iterations = 1000, initial_temperature = 3.0, cooling_rate = 0.999
26 - INFO - chord#: 86 done. best_score=101.0, changed=608, unchanged=238, early_stops=8/8
26 - INFO - chord#: 88 In build_straw_man_chord_sa. tolerance = 1, sa_iterations = 1000, initial_temperature = 3.0, cooling_rate = 0.999
26 - INFO - chord#: 102 done. best_score=93.0, changed=616, unchanged=274, early_stops=8/8
26 - INFO - chord#: 104 In build_straw_man_chord_sa. tolerance = 1, sa_iterations = 1000, initial_temperature = 3.0, cooling_rate = 0.999
26 - INFO - chord#: 92 done. best_score=88.0, changed=538, unchanged=304, early_stops=8/8
26 - INFO - chord#: 96 In build_straw_man_chord_sa. tolerance = 1, sa_iterations = 1000, initial_temperature = 3.0, cooling_rate = 0.999
26 - INFO - chord#: 104 done. best_score=27.0, changed=521, unchanged=358, early_stops=8/8
26 - INFO - chord#: 106 In build_straw_man_chord_sa. tolerance = 1, sa_iterations = 1000, initial_temperature = 3.0, cooling_rate = 0.999
26 - INFO - chord#: 88 done. best_score=27.0, changed=529, unchanged=278, early_stops=8/8
26 - INFO - chord#: 90 In build_straw_man_chord_sa. tolerance = 1, sa_iterations = 1000, initial_temperature = 3.0, cooling_rate = 0.999
26 - INFO - chord#: 96 done. best_score=27.0, changed=525, unchanged=428, early_stops=8/8
26 - INFO - chord#: 98 In build_straw_man_chord_sa. tolerance = 1, sa_iterations = 1000, initial_temperature = 3.0, cooling_rate = 0.999
26 - INFO - chord#: 104 done. best_score=27.0, changed=523, unchanged=461, early_stops=8/8
26 - INFO - chord#: 106 In build_straw_man_chord_sa. tolerance = 1, sa_iterations = 1000, initial_temperature = 3.0, cooling_rate = 0.999
26 - INFO - chord#: 86 done. best_score=129.0, changed=612, unchanged=232, early_stops=8/8
26 - INFO - chord#: 88 In build_straw_man_chord_sa. tolerance = 1, sa_iterations = 1000, initial_temperature = 3.0, cooling_rate = 0.999
26 - INFO - chord#: 98 done. best_score=104.0, changed=616, unchanged=310, early_stops=8/8
26 - INFO - chord#: 100 In build_straw_man_chord_sa. tolerance = 1, sa_iterations = 1000, initial_temperature = 3.0, cooling_rate = 0.999
26 - INFO - chord#: 102 done. best_score=93.0, changed=617, unchanged=343, early_stops=8/8
26 - INFO - chord#: 104 In build_straw_man_chord_sa. tolerance = 1, sa_iterations = 1000, initial_temperature = 3.0, cooling_rate = 0.999
26 - INFO - chord#: 106 done. best_score=27.0, changed=518, unchanged=303, early_stops=8/8
26 - INFO - chord#: 108 In build_straw_man_chord_sa. tolerance = 1, sa_iterations = 1000, initial_temperature = 3.0, cooling_rate = 0.999
26 - INFO - chord#: 96 done. best_score=27.0, changed=524, unchanged=354, early_stops=8/8
26 - INFO - chord#: 98 In build_straw_man_chord_sa. tolerance = 1, sa_iterations = 1000, initial_temperature = 3.0, cooling_rate = 0.999
26 - INFO - chord#: 86 done. best_score=162.0, changed=608, unchanged=265, early_stops=8/8
26 - INFO - chord#: 88 In build_straw_man_chord_sa. tolerance = 1, sa_iterations = 1000, initial_temperature = 3.0, cooling_rate = 0.999
26 - INFO - chord#: 106 done. best_score=27.0, changed=520, unchanged=309, early_stops=8/8
26 - INFO - chord#: 108 In build_straw_man_chord_sa. tolerance = 1, sa_iterations = 1000, initial_temperature = 3.0, cooling_rate = 0.999
26 - INFO - chord#: 90 done. best_score=70.0, changed=613, unchanged=267, early_stops=8/8
26 - INFO - chord#: 92 In build_straw_man_chord_sa. tolerance = 1, sa_iterations = 1000, initial_temperature = 3.0, cooling_rate = 0.999
26 - INFO - chord#: 90 done. best_score=70.0, changed=614, unchanged=446, early_stops=8/8
26 - INFO - chord#: 92 In build_straw_man_chord_sa. tolerance = 1, sa_iterations = 1000, initial_temperature = 3.0, cooling_rate = 0.999
26 - INFO - chord#: 88 done. best_score=27.0, changed=536, unchanged=443, early_stops=8/8
26 - INFO - chord#: 90 In build_straw_man_chord_sa. tolerance = 1, sa_iterations = 1000, initial_temperature = 3.0, cooling_rate = 0.999
26 - INFO - chord#: 100 done. best_score=57.0, changed=522, unchanged=383, early_stops=8/8
26 - INFO - chord#: 102 In build_straw_man_chord_sa. tolerance = 1, sa_iterations = 1000, initial_temperature = 3.0, cooling_rate = 0.999
26 - INFO - chord#: 86 done. best_score=129.0, changed=607, unchanged=237, early_stops=8/8
26 - INFO - chord#: 88 In build_straw_man_chord_sa. tolerance = 1, sa_iterations = 1000, initial_temperature = 3.0, cooling_rate = 0.999
26 - INFO - chord#: 108 done. best_score=27.0, changed=515, unchanged=366, early_stops=8/8
26 - INFO - chord#: 110 In build_straw_man_chord_sa. tolerance = 1, sa_iterations = 1000, initial_temperature = 3.0, cooling_rate = 0.999
26 - INFO - chord#: 104 done. best_score=27.0, changed=521, unchanged=356, early_stops=8/8
26 - INFO - chord#: 106 In build_straw_man_chord_sa. tolerance = 1, sa_iterations = 1000, initial_temperature = 3.0, cooling_rate = 0.999
26 - INFO - chord#: 108 done. best_score=27.0, changed=514, unchanged=329, early_stops=8/8
26 - INFO - chord#: 110 In build_straw_man_chord_sa. tolerance = 1, sa_iterations = 1000, initial_temperature = 3.0, cooling_rate = 0.999
26 - INFO - chord#: 88 done. best_score=27.0, changed=524, unchanged=357, early_stops=8/8
26 - INFO - chord#: 90 In build_straw_man_chord_sa. tolerance = 1, sa_iterations = 1000, initial_temperature = 3.0, cooling_rate = 0.999
26 - INFO - chord#: 92 done. best_score=27.0, changed=524, unchanged=491, early_stops=8/8
26 - INFO - chord#: 96 In build_straw_man_chord_sa. tolerance = 1, sa_iterations = 1000, initial_temperature = 3.0, cooling_rate = 0.999
26 - INFO - chord#: 98 done. best_score=64.0, changed=615, unchanged=385, early_stops=8/8
26 - INFO - chord#: 100 In build_straw_man_chord_sa. tolerance = 1, sa_iterations = 1000, initial_temperature = 3.0, cooling_rate = 0.999
26 - INFO - chord#: 92 done. best_score=27.0, changed=521, unchanged=436, early_stops=8/8
26 - INFO - chord#: 96 In build_straw_man_chord_sa. tolerance = 1, sa_iterations = 1000, initial_temperature = 3.0, cooling_rate = 0.999
26 - INFO - chord#: 90 done. best_score=70.0, changed=615, unchanged=339, early_stops=8/8
26 - INFO - chord#: 92 In build_straw_man_chord_sa. tolerance = 1, sa_iterations = 1000, initial_temperature = 3.0, cooling_rate = 0.999
26 - INFO - chord#: 88 done. best_score=27.0, changed=521, unchanged=395, early_stops=8/8
26 - INFO - chord#: 90 In build_straw_man_chord_sa. tolerance = 1, sa_iterations = 1000, initial_temperature = 3.0, cooling_rate = 0.999
26 - INFO - chord#: 106 done. best_score=27.0, changed=524, unchanged=319, early_stops=8/8
26 - INFO - chord#: 108 In build_straw_man_chord_sa. tolerance = 1, sa_iterations = 1000, initial_temperature = 3.0, cooling_rate = 0.999
26 - INFO - chord#: 90 done. best_score=70.0, changed=610, unchanged=208, early_stops=8/8
26 - INFO - chord#: 92 In build_straw_man_chord_sa. tolerance = 1, sa_iterations = 1000, initial_temperature = 3.0, cooling_rate = 0.999
26 - INFO - chord#: 100 done. best_score=27.0, changed=524, unchanged=495, early_stops=8/8
26 - INFO - chord#: 102 In build_straw_man_chord_sa. tolerance = 1, sa_iterations = 1000, initial_temperature = 3.0, cooling_rate = 0.999
26 - INFO - chord#: 96 done. best_score=27.0, changed=529, unchanged=451, early_stops=8/8
26 - INFO - chord#: 98 In build_straw_man_chord_sa. tolerance = 1, sa_iterations = 1000, initial_temperature = 3.0, cooling_rate = 0.999
26 - INFO - chord#: 98 done. best_score=64.0, changed=615, unchanged=325, early_stops=8/8
26 - INFO - chord#: 100 In build_straw_man_chord_sa. tolerance = 1, sa_iterations = 1000, initial_temperature = 3.0, cooling_rate = 0.999
26 - INFO - chord#: 102 done. best_score=99.0, changed=610, unchanged=294, early_stops=8/8
26 - INFO - chord#: 104 In build_straw_man_chord_sa. tolerance = 1, sa_iterations = 1000, initial_temperature = 3.0, cooling_rate = 0.999
26 - INFO - chord#: 96 done. best_score=27.0, changed=527, unchanged=395, early_stops=8/8
26 - INFO - chord#: 98 In build_straw_man_chord_sa. tolerance = 1, sa_iterations = 1000, initial_temperature = 3.0, cooling_rate = 0.999
26 - INFO - chord#: 92 done. best_score=27.0, changed=520, unchanged=382, early_stops=8/8
26 - INFO - chord#: 96 In build_straw_man_chord_sa. tolerance = 1, sa_iterations = 1000, initial_temperature = 3.0, cooling_rate = 0.999
26 - INFO - chord#: 110 done. best_score=67.0, changed=612, unchanged=314, early_stops=8/8
26 - INFO - chord#: 112 In build_straw_man_chord_sa. tolerance = 1, sa_iterations = 1000, initial_temperature = 3.0, cooling_rate = 0.999
26 - INFO - chord#: 92 done. best_score=27.0, changed=516, unchanged=295, early_stops=8/8
26 - INFO - chord#: 96 In build_straw_man_chord_sa. tolerance = 1, sa_iterations = 1000, initial_temperature = 3.0, cooling_rate = 0.999
26 - INFO - chord#: 110 done. best_score=140.0, changed=612, unchanged=287, early_stops=8/8
26 - INFO - chord#: 112 In build_straw_man_chord_sa. tolerance = 1, sa_iterations = 1000, initial_temperature = 3.0, cooling_rate = 0.999
26 - INFO - chord#: 108 done. best_score=27.0, changed=520, unchanged=385, early_stops=8/8
26 - INFO - chord#: 110 In build_straw_man_chord_sa. tolerance = 1, sa_iterations = 1000, initial_temperature = 3.0, cooling_rate = 0.999
26 - INFO - chord#: 90 done. best_score=111.0, changed=616, unchanged=284, early_stops=8/8
26 - INFO - chord#: 92 In build_straw_man_chord_sa. tolerance = 1, sa_iterations = 1000, initial_temperature = 3.0, cooling_rate = 0.999
26 - INFO - chord#: 104 done. best_score=27.0, changed=522, unchanged=403, early_stops=8/8
26 - INFO - chord#: 106 In build_straw_man_chord_sa. tolerance = 1, sa_iterations = 1000, initial_temperature = 3.0, cooling_rate = 0.999
26 - INFO - chord#: 100 done. best_score=27.0, changed=531, unchanged=367, early_stops=8/8
26 - INFO - chord#: 102 In build_straw_man_chord_sa. tolerance = 1, sa_iterations = 1000, initial_temperature = 3.0, cooling_rate = 0.999
26 - INFO - chord#: 90 done. best_score=70.0, changed=607, unchanged=227, early_stops=8/8
26 - INFO - chord#: 92 In build_straw_man_chord_sa. tolerance = 1, sa_iterations = 1000, initial_temperature = 3.0, cooling_rate = 0.999
26 - INFO - chord#: 112 done. best_score=27.0, changed=521, unchanged=395, early_stops=8/8
26 - INFO - chord#: 114 In build_straw_man_chord_sa. tolerance = 1, sa_iterations = 1000, initial_temperature = 3.0, cooling_rate = 0.999
26 - INFO - chord#: 112 done. best_score=27.0, changed=518, unchanged=361, early_stops=8/8
26 - INFO - chord#: 114 In build_straw_man_chord_sa. tolerance = 1, sa_iterations = 1000, initial_temperature = 3.0, cooling_rate = 0.999
26 - INFO - chord#: 96 done. best_score=27.0, changed=521, unchanged=316, early_stops=8/8
26 - INFO - chord#: 98 In build_straw_man_chord_sa. tolerance = 1, sa_iterations = 1000, initial_temperature = 3.0, cooling_rate = 0.999
26 - INFO - chord#: 96 done. best_score=27.0, changed=533, unchanged=475, early_stops=8/8
26 - INFO - chord#: 98 In build_straw_man_chord_sa. tolerance = 1, sa_iterations = 1000, initial_temperature = 3.0, cooling_rate = 0.999
26 - INFO - chord#: 106 done. best_score=27.0, changed=522, unchanged=370, early_stops=8/8
26 - INFO - chord#: 108 In build_straw_man_chord_sa. tolerance = 1, sa_iterations = 1000, initial_temperature = 3.0, cooling_rate = 0.999
26 - INFO - chord#: 102 done. best_score=93.0, changed=615, unchanged=332, early_stops=8/8
26 - INFO - chord#: 104 In build_straw_man_chord_sa. tolerance = 1, sa_iterations = 1000, initial_temperature = 3.0, cooling_rate = 0.999
26 - INFO - chord#: 98 done. best_score=64.0, changed=609, unchanged=398, early_stops=8/8
26 - INFO - chord#: 100 In build_straw_man_chord_sa. tolerance = 1, sa_iterations = 1000, initial_temperature = 3.0, cooling_rate = 0.999
26 - INFO - chord#: 114 done. best_score=27.0, changed=523, unchanged=340, early_stops=8/8
26 - INFO - chord#: 116 In build_straw_man_chord_sa. tolerance = 1, sa_iterations = 1000, initial_temperature = 3.0, cooling_rate = 0.999
26 - INFO - chord#: 114 done. best_score=27.0, changed=522, unchanged=320, early_stops=8/8
26 - INFO - chord#: 116 In build_straw_man_chord_sa. tolerance = 1, sa_iterations = 1000, initial_temperature = 3.0, cooling_rate = 0.999
26 - INFO - chord#: 92 done. best_score=27.0, changed=522, unchanged=448, early_stops=8/8
26 - INFO - chord#: 96 In build_straw_man_chord_sa. tolerance = 1, sa_iterations = 1000, initial_temperature = 3.0, cooling_rate = 0.999
26 - INFO - chord#: 92 done. best_score=27.0, changed=520, unchanged=469, early_stops=8/8
26 - INFO - chord#: 96 In build_straw_man_chord_sa. tolerance = 1, sa_iterations = 1000, initial_temperature = 3.0, cooling_rate = 0.999
26 - INFO - chord#: 108 done. best_score=27.0, changed=516, unchanged=385, early_stops=8/8
26 - INFO - chord#: 110 In build_straw_man_chord_sa. tolerance = 1, sa_iterations = 1000, initial_temperature = 3.0, cooling_rate = 0.999
26 - INFO - chord#: 100 done. best_score=27.0, changed=523, unchanged=345, early_stops=8/8
26 - INFO - chord#: 102 In build_straw_man_chord_sa. tolerance = 1, sa_iterations = 1000, initial_temperature = 3.0, cooling_rate = 0.999
26 - INFO - chord#: 104 done. best_score=27.0, changed=519, unchanged=411, early_stops=8/8
26 - INFO - chord#: 106 In build_straw_man_chord_sa. tolerance = 1, sa_iterations = 1000, initial_temperature = 3.0, cooling_rate = 0.999
26 - INFO - chord#: 110 done. best_score=112.0, changed=609, unchanged=268, early_stops=8/8
26 - INFO - chord#: 112 In build_straw_man_chord_sa. tolerance = 1, sa_iterations = 1000, initial_temperature = 3.0, cooling_rate = 0.999
26 - INFO - chord#: 98 done. best_score=104.0, changed=610, unchanged=400, early_stops=8/8
26 - INFO - chord#: 100 In build_straw_man_chord_sa. tolerance = 1, sa_iterations = 1000, initial_temperature = 3.0, cooling_rate = 0.999
26 - INFO - chord#: 96 done. best_score=27.0, changed=522, unchanged=356, early_stops=8/8
26 - INFO - chord#: 98 In build_straw_man_chord_sa. tolerance = 1, sa_iterations = 1000, initial_temperature = 3.0, cooling_rate = 0.999
26 - INFO - chord#: 106 done. best_score=27.0, changed=519, unchanged=351, early_stops=8/8
26 - INFO - chord#: 108 In build_straw_man_chord_sa. tolerance = 1, sa_iterations = 1000, initial_temperature = 3.0, cooling_rate = 0.999
26 - INFO - chord#: 96 done. best_score=27.0, changed=523, unchanged=348, early_stops=8/8
26 - INFO - chord#: 98 In build_straw_man_chord_sa. tolerance = 1, sa_iterations = 1000, initial_temperature = 3.0, cooling_rate = 0.999
26 - INFO - chord#: 98 done. best_score=64.0, changed=609, unchanged=206, early_stops=8/8
26 - INFO - chord#: 100 In build_straw_man_chord_sa. tolerance = 1, sa_iterations = 1000, initial_temperature = 3.0, cooling_rate = 0.999
26 - INFO - chord#: 98 done. best_score=146.0, changed=616, unchanged=482, early_stops=8/8
26 - INFO - chord#: 100 In build_straw_man_chord_sa. tolerance = 1, sa_iterations = 1000, initial_temperature = 3.0, cooling_rate = 0.999
26 - INFO - chord#: 102 done. best_score=93.0, changed=613, unchanged=330, early_stops=8/8
26 - INFO - chord#: 104 In build_straw_man_chord_sa. tolerance = 1, sa_iterations = 1000, initial_temperature = 3.0, cooling_rate = 0.999
26 - INFO - chord#: 100 done. best_score=27.0, changed=514, unchanged=304, early_stops=8/8
26 - INFO - chord#: 102 In build_straw_man_chord_sa. tolerance = 1, sa_iterations = 1000, initial_temperature = 3.0, cooling_rate = 0.999
26 - INFO - chord#: 116 done. best_score=64.0, changed=614, unchanged=294, early_stops=8/8
26 - INFO - chord#: 117 In build_straw_man_chord_sa. tolerance = 1, sa_iterations = 1000, initial_temperature = 3.0, cooling_rate = 0.999
26 - INFO - chord#: 112 done. best_score=27.0, changed=523, unchanged=449, early_stops=8/8
26 - INFO - chord#: 114 In build_straw_man_chord_sa. tolerance = 1, sa_iterations = 1000, initial_temperature = 3.0, cooling_rate = 0.999
26 - INFO - chord#: 108 done. best_score=27.0, changed=521, unchanged=401, early_stops=8/8
26 - INFO - chord#: 110 In build_straw_man_chord_sa. tolerance = 1, sa_iterations = 1000, initial_temperature = 3.0, cooling_rate = 0.999
26 - INFO - chord#: 100 done. best_score=27.0, changed=526, unchanged=436, early_stops=8/8
26 - INFO - chord#: 102 In build_straw_man_chord_sa. tolerance = 1, sa_iterations = 1000, initial_temperature = 3.0, cooling_rate = 0.999
26 - INFO - chord#: 116 done. best_score=64.0, changed=615, unchanged=478, early_stops=8/8
26 - INFO - chord#: 117 In build_straw_man_chord_sa. tolerance = 1, sa_iterations = 1000, initial_temperature = 3.0, cooling_rate = 0.999
26 - INFO - chord#: 102 done. best_score=93.0, changed=609, unchanged=268, early_stops=8/8
26 - INFO - chord#: 104 In build_straw_man_chord_sa. tolerance = 1, sa_iterations = 1000, initial_temperature = 3.0, cooling_rate = 0.999
26 - INFO - chord#: 100 done. best_score=27.0, changed=517, unchanged=302, early_stops=8/8
26 - INFO - chord#: 102 In build_straw_man_chord_sa. tolerance = 1, sa_iterations = 1000, initial_temperature = 3.0, cooling_rate = 0.999
26 - INFO - chord#: 110 done. best_score=145.0, changed=612, unchanged=311, early_stops=8/8
26 - INFO - chord#: 112 In build_straw_man_chord_sa. tolerance = 1, sa_iterations = 1000, initial_temperature = 3.0, cooling_rate = 0.999
26 - INFO - chord#: 104 done. best_score=27.0, changed=516, unchanged=332, early_stops=8/8
26 - INFO - chord#: 106 In build_straw_man_chord_sa. tolerance = 1, sa_iterations = 1000, initial_temperature = 3.0, cooling_rate = 0.999
26 - INFO - chord#: 114 done. best_score=27.0, changed=526, unchanged=316, early_stops=8/8
26 - INFO - chord#: 116 In build_straw_man_chord_sa. tolerance = 1, sa_iterations = 1000, initial_temperature = 3.0, cooling_rate = 0.999
26 - INFO - chord#: 104 done. best_score=27.0, changed=516, unchanged=350, early_stops=8/8
26 - INFO - chord#: 106 In build_straw_man_chord_sa. tolerance = 1, sa_iterations = 1000, initial_temperature = 3.0, cooling_rate = 0.999
26 - INFO - chord#: 112 done. best_score=27.0, changed=530, unchanged=368, early_stops=8/8
26 - INFO - chord#: 114 In build_straw_man_chord_sa. tolerance = 1, sa_iterations = 1000, initial_temperature = 3.0, cooling_rate = 0.999
26 - INFO - chord#: 106 done. best_score=27.0, changed=526, unchanged=347, early_stops=8/8
26 - INFO - chord#: 108 In build_straw_man_chord_sa. tolerance = 1, sa_iterations = 1000, initial_temperature = 3.0, cooling_rate = 0.999
26 - INFO - chord#: 98 done. best_score=64.0, changed=611, unchanged=298, early_stops=8/8
26 - INFO - chord#: 100 In build_straw_man_chord_sa. tolerance = 1, sa_iterations = 1000, initial_temperature = 3.0, cooling_rate = 0.999
26 - INFO - chord#: 98 done. best_score=146.0, changed=610, unchanged=269, early_stops=8/8
26 - INFO - chord#: 100 In build_straw_man_chord_sa. tolerance = 1, sa_iterations = 1000, initial_temperature = 3.0, cooling_rate = 0.999
26 - INFO - chord#: 102 done. best_score=96.0, changed=607, unchanged=204, early_stops=8/8
26 - INFO - chord#: 104 In build_straw_man_chord_sa. tolerance = 1, sa_iterations = 1000, initial_temperature = 3.0, cooling_rate = 0.999
26 - INFO - chord#: 117 done. best_score=149.0, changed=610, unchanged=246, early_stops=8/8
26 - INFO - chord#: 118 In build_straw_man_chord_sa. tolerance = 1, sa_iterations = 1000, initial_temperature = 3.0, cooling_rate = 0.999
26 - INFO - chord#: 106 done. best_score=27.0, changed=513, unchanged=308, early_stops=8/8
26 - INFO - chord#: 108 In build_straw_man_chord_sa. tolerance = 1, sa_iterations = 1000, initial_temperature = 3.0, cooling_rate = 0.999
26 - INFO - chord#: 118 done. best_score=16.0, changed=490, unchanged=334, early_stops=8/8
26 - INFO - chord#: 120 In build_straw_man_chord_sa. tolerance = 1, sa_iterations = 1000, initial_temperature = 3.0, cooling_rate = 0.999
26 - INFO - chord#: 110 done. best_score=137.0, changed=608, unchanged=276, early_stops=8/8
26 - INFO - chord#: 112 In build_straw_man_chord_sa. tolerance = 1, sa_iterations = 1000, initial_temperature = 3.0, cooling_rate = 0.999
26 - INFO - chord#: 114 done. best_score=27.0, changed=513, unchanged=296, early_stops=8/8
26 - INFO - chord#: 116 In build_straw_man_chord_sa. tolerance = 1, sa_iterations = 1000, initial_temperature = 3.0, cooling_rate = 0.999
26 - INFO - chord#: 117 done. best_score=121.0, changed=615, unchanged=406, early_stops=8/8
26 - INFO - chord#: 118 In build_straw_man_chord_sa. tolerance = 1, sa_iterations = 1000, initial_temperature = 3.0, cooling_rate = 0.999
26 - INFO - chord#: 108 done. best_score=27.0, changed=518, unchanged=414, early_stops=8/8
26 - INFO - chord#: 110 In build_straw_man_chord_sa. tolerance = 1, sa_iterations = 1000, initial_temperature = 3.0, cooling_rate = 0.999
26 - INFO - chord#: 118 done. best_score=16.0, changed=504, unchanged=323, early_stops=8/8
26 - INFO - chord#: 120 In build_straw_man_chord_sa. tolerance = 1, sa_iterations = 1000, initial_temperature = 3.0, cooling_rate = 0.999
26 - INFO - chord#: 100 done. best_score=27.0, changed=516, unchanged=338, early_stops=8/8
26 - INFO - chord#: 102 In build_straw_man_chord_sa. tolerance = 1, sa_iterations = 1000, initial_temperature = 3.0, cooling_rate = 0.999
26 - INFO - chord#: 100 done. best_score=27.0, changed=526, unchanged=425, early_stops=8/8
26 - INFO - chord#: 102 In build_straw_man_chord_sa. tolerance = 1, sa_iterations = 1000, initial_temperature = 3.0, cooling_rate = 0.999
26 - INFO - chord#: 102 done. best_score=93.0, changed=607, unchanged=293, early_stops=8/8
26 - INFO - chord#: 104 In build_straw_man_chord_sa. tolerance = 1, sa_iterations = 1000, initial_temperature = 3.0, cooling_rate = 0.999
26 - INFO - chord#: 108 done. best_score=27.0, changed=522, unchanged=433, early_stops=8/8
26 - INFO - chord#: 110 In build_straw_man_chord_sa. tolerance = 1, sa_iterations = 1000, initial_temperature = 3.0, cooling_rate = 0.999
26 - INFO - chord#: 120 done. best_score=27.0, changed=522, unchanged=379, early_stops=8/8
26 - INFO - chord#: 122 In build_straw_man_chord_sa. tolerance = 1, sa_iterations = 1000, initial_temperature = 3.0, cooling_rate = 0.999
26 - INFO - chord#: 112 done. best_score=27.0, changed=515, unchanged=327, early_stops=8/8
26 - INFO - chord#: 114 In build_straw_man_chord_sa. tolerance = 1, sa_iterations = 1000, initial_temperature = 3.0, cooling_rate = 0.999
26 - INFO - chord#: 104 done. best_score=27.0, changed=520, unchanged=500, early_stops=8/8
26 - INFO - chord#: 106 In build_straw_man_chord_sa. tolerance = 1, sa_iterations = 1000, initial_temperature = 3.0, cooling_rate = 0.999
26 - INFO - chord#: 102 done. best_score=93.0, changed=617, unchanged=539, early_stops=8/8
26 - INFO - chord#: 104 In build_straw_man_chord_sa. tolerance = 1, sa_iterations = 1000, initial_temperature = 3.0, cooling_rate = 0.999
26 - INFO - chord#: 116 done. best_score=125.0, changed=613, unchanged=366, early_stops=8/8
26 - INFO - chord#: 117 In build_straw_man_chord_sa. tolerance = 1, sa_iterations = 1000, initial_temperature = 3.0, cooling_rate = 0.999
26 - INFO - chord#: 120 done. best_score=27.0, changed=515, unchanged=458, early_stops=8/8
26 - INFO - chord#: 122 In build_straw_man_chord_sa. tolerance = 1, sa_iterations = 1000, initial_temperature = 3.0, cooling_rate = 0.999
26 - INFO - chord#: 114 done. best_score=27.0, changed=526, unchanged=291, early_stops=8/8
26 - INFO - chord#: 116 In build_straw_man_chord_sa. tolerance = 1, sa_iterations = 1000, initial_temperature = 3.0, cooling_rate = 0.999
26 - INFO - chord#: 104 done. best_score=27.0, changed=527, unchanged=453, early_stops=8/8
26 - INFO - chord#: 104 done. best_score=27.0, changed=527, unchanged=389, early_stops=8/8
26 - INFO - chord#: 106 In build_straw_man_chord_sa. tolerance = 1, sa_iterations = 1000, initial_temperature = 3.0, cooling_rate = 0.999
26 - INFO - chord#: 106 In build_straw_man_chord_sa. tolerance = 1, sa_iterations = 1000, initial_temperature = 3.0, cooling_rate = 0.999
26 - INFO - chord#: 116 done. best_score=145.0, changed=613, unchanged=254, early_stops=8/8
26 - INFO - chord#: 117 In build_straw_man_chord_sa. tolerance = 1, sa_iterations = 1000, initial_temperature = 3.0, cooling_rate = 0.999
26 - INFO - chord#: 106 done. best_score=27.0, changed=532, unchanged=447, early_stops=8/8
26 - INFO - chord#: 108 In build_straw_man_chord_sa. tolerance = 1, sa_iterations = 1000, initial_temperature = 3.0, cooling_rate = 0.999
26 - INFO - chord#: 106 done. best_score=27.0, changed=544, unchanged=395, early_stops=8/8
26 - INFO - chord#: 108 In build_straw_man_chord_sa. tolerance = 1, sa_iterations = 1000, initial_temperature = 3.0, cooling_rate = 0.999
26 - INFO - chord#: 106 done. best_score=27.0, changed=531, unchanged=383, early_stops=8/8
26 - INFO - chord#: 108 In build_straw_man_chord_sa. tolerance = 1, sa_iterations = 1000, initial_temperature = 3.0, cooling_rate = 0.999
26 - INFO - chord#: 122 done. best_score=137.0, changed=615, unchanged=318, early_stops=8/8
26 - INFO - chord#: 124 In build_straw_man_chord_sa. tolerance = 1, sa_iterations = 1000, initial_temperature = 3.0, cooling_rate = 0.999
26 - INFO - chord#: 110 done. best_score=67.0, changed=611, unchanged=450, early_stops=8/8
26 - INFO - chord#: 112 In build_straw_man_chord_sa. tolerance = 1, sa_iterations = 1000, initial_temperature = 3.0, cooling_rate = 0.999
26 - INFO - chord#: 102 done. best_score=75.0, changed=612, unchanged=323, early_stops=8/8
26 - INFO - chord#: 104 In build_straw_man_chord_sa. tolerance = 1, sa_iterations = 1000, initial_temperature = 3.0, cooling_rate = 0.999
26 - INFO - chord#: 108 done. best_score=27.0, changed=527, unchanged=484, early_stops=8/8
26 - INFO - chord#: 110 In build_straw_man_chord_sa. tolerance = 1, sa_iterations = 1000, initial_temperature = 3.0, cooling_rate = 0.999
26 - INFO - chord#: 110 done. best_score=145.0, changed=614, unchanged=412, early_stops=8/8
26 - INFO - chord#: 112 In build_straw_man_chord_sa. tolerance = 1, sa_iterations = 1000, initial_temperature = 3.0, cooling_rate = 0.999
26 - INFO - chord#: 122 done. best_score=67.0, changed=614, unchanged=264, early_stops=8/8
26 - INFO - chord#: 124 In build_straw_man_chord_sa. tolerance = 1, sa_iterations = 1000, initial_temperature = 3.0, cooling_rate = 0.999
26 - INFO - chord#: 117 done. best_score=150.0, changed=610, unchanged=243, early_stops=8/8
26 - INFO - chord#: 118 In build_straw_man_chord_sa. tolerance = 1, sa_iterations = 1000, initial_temperature = 3.0, cooling_rate = 0.999
26 - INFO - chord#: 108 done. best_score=27.0, changed=517, unchanged=361, early_stops=8/8
26 - INFO - chord#: 110 In build_straw_man_chord_sa. tolerance = 1, sa_iterations = 1000, initial_temperature = 3.0, cooling_rate = 0.999
26 - INFO - chord#: 116 done. best_score=154.0, changed=612, unchanged=313, early_stops=8/8
26 - INFO - chord#: 117 In build_straw_man_chord_sa. tolerance = 1, sa_iterations = 1000, initial_temperature = 3.0, cooling_rate = 0.999
26 - INFO - chord#: 118 done. best_score=9.0, changed=473, unchanged=340, early_stops=8/8
26 - INFO - chord#: 117 done. best_score=137.0, changed=616, unchanged=327, early_stops=8/8
26 - INFO - chord#: 120 In build_straw_man_chord_sa. tolerance = 1, sa_iterations = 1000, initial_temperature = 3.0, cooling_rate = 0.999
26 - INFO - chord#: 118 In build_straw_man_chord_sa. tolerance = 1, sa_iterations = 1000, initial_temperature = 3.0, cooling_rate = 0.999
26 - INFO - chord#: 124 done. best_score=27.0, changed=521, unchanged=463, early_stops=8/8
26 - INFO - chord#: 128 In build_straw_man_chord_sa. tolerance = 1, sa_iterations = 1000, initial_temperature = 3.0, cooling_rate = 0.999
26 - INFO - chord#: 102 done. best_score=96.0, changed=622, unchanged=527, early_stops=8/8
26 - INFO - chord#: 104 In build_straw_man_chord_sa. tolerance = 1, sa_iterations = 1000, initial_temperature = 3.0, cooling_rate = 0.999
26 - INFO - chord#: 118 done. best_score=9.0, changed=490, unchanged=317, early_stops=8/8
26 - INFO - chord#: 120 In build_straw_man_chord_sa. tolerance = 1, sa_iterations = 1000, initial_temperature = 3.0, cooling_rate = 0.999
26 - INFO - chord#: 112 done. best_score=27.0, changed=529, unchanged=527, early_stops=8/8
26 - INFO - chord#: 114 In build_straw_man_chord_sa. tolerance = 1, sa_iterations = 1000, initial_temperature = 3.0, cooling_rate = 0.999
26 - INFO - chord#: 108 done. best_score=27.0, changed=520, unchanged=515, early_stops=8/8
26 - INFO - chord#: 110 In build_straw_man_chord_sa. tolerance = 1, sa_iterations = 1000, initial_temperature = 3.0, cooling_rate = 0.999
26 - INFO - chord#: 124 done. best_score=27.0, changed=522, unchanged=368, early_stops=8/8
26 - INFO - chord#: 128 In build_straw_man_chord_sa. tolerance = 1, sa_iterations = 1000, initial_temperature = 3.0, cooling_rate = 0.999
26 - INFO - chord#: 104 done. best_score=27.0, changed=521, unchanged=467, early_stops=8/8
26 - INFO - chord#: 106 In build_straw_man_chord_sa. tolerance = 1, sa_iterations = 1000, initial_temperature = 3.0, cooling_rate = 0.999
26 - INFO - chord#: 112 done. best_score=27.0, changed=525, unchanged=448, early_stops=8/8
26 - INFO - chord#: 114 In build_straw_man_chord_sa. tolerance = 1, sa_iterations = 1000, initial_temperature = 3.0, cooling_rate = 0.999
26 - INFO - chord#: 128 done. best_score=27.0, changed=513, unchanged=372, early_stops=8/8
26 - INFO - chord#: 130 In build_straw_man_chord_sa. tolerance = 1, sa_iterations = 1000, initial_temperature = 3.0, cooling_rate = 0.999
26 - INFO - chord#: 120 done. best_score=27.0, changed=519, unchanged=319, early_stops=8/8
26 - INFO - chord#: 122 In build_straw_man_chord_sa. tolerance = 1, sa_iterations = 1000, initial_temperature = 3.0, cooling_rate = 0.999
26 - INFO - chord#: 114 done. best_score=27.0, changed=521, unchanged=310, early_stops=8/8
26 - INFO - chord#: 116 In build_straw_man_chord_sa. tolerance = 1, sa_iterations = 1000, initial_temperature = 3.0, cooling_rate = 0.999
26 - INFO - chord#: 104 done. best_score=27.0, changed=519, unchanged=378, early_stops=8/8
26 - INFO - chord#: 106 In build_straw_man_chord_sa. tolerance = 1, sa_iterations = 1000, initial_temperature = 3.0, cooling_rate = 0.999
26 - INFO - chord#: 120 done. best_score=27.0, changed=517, unchanged=534, early_stops=8/8
26 - INFO - chord#: 122 In build_straw_man_chord_sa. tolerance = 1, sa_iterations = 1000, initial_temperature = 3.0, cooling_rate = 0.999
26 - INFO - chord#: 128 done. best_score=27.0, changed=525, unchanged=434, early_stops=8/8
26 - INFO - chord#: 130 In build_straw_man_chord_sa. tolerance = 1, sa_iterations = 1000, initial_temperature = 3.0, cooling_rate = 0.999
26 - INFO - chord#: 106 done. best_score=27.0, changed=531, unchanged=357, early_stops=8/8
26 - INFO - chord#: 108 In build_straw_man_chord_sa. tolerance = 1, sa_iterations = 1000, initial_temperature = 3.0, cooling_rate = 0.999
26 - INFO - chord#: 110 done. best_score=137.0, changed=606, unchanged=262, early_stops=8/8
26 - INFO - chord#: 112 In build_straw_man_chord_sa. tolerance = 1, sa_iterations = 1000, initial_temperature = 3.0, cooling_rate = 0.999
26 - INFO - chord#: 110 done. best_score=67.0, changed=609, unchanged=224, early_stops=8/8
26 - INFO - chord#: 112 In build_straw_man_chord_sa. tolerance = 1, sa_iterations = 1000, initial_temperature = 3.0, cooling_rate = 0.999
26 - INFO - chord#: 114 done. best_score=27.0, changed=529, unchanged=445, early_stops=8/8
26 - INFO - chord#: 116 In build_straw_man_chord_sa. tolerance = 1, sa_iterations = 1000, initial_temperature = 3.0, cooling_rate = 0.999
26 - INFO - chord#: 117 done. best_score=168.0, changed=614, unchanged=487, early_stops=8/8
26 - INFO - chord#: 118 In build_straw_man_chord_sa. tolerance = 1, sa_iterations = 1000, initial_temperature = 3.0, cooling_rate = 0.999
26 - INFO - chord#: 106 done. best_score=27.0, changed=520, unchanged=345, early_stops=8/8
26 - INFO - chord#: 108 In build_straw_man_chord_sa. tolerance = 1, sa_iterations = 1000, initial_temperature = 3.0, cooling_rate = 0.999
26 - INFO - chord#: 118 done. best_score=9.0, changed=475, unchanged=343, early_stops=8/8
26 - INFO - chord#: 120 In build_straw_man_chord_sa. tolerance = 1, sa_iterations = 1000, initial_temperature = 3.0, cooling_rate = 0.999
26 - INFO - chord#: 112 done. best_score=27.0, changed=520, unchanged=366, early_stops=8/8
26 - INFO - chord#: 114 In build_straw_man_chord_sa. tolerance = 1, sa_iterations = 1000, initial_temperature = 3.0, cooling_rate = 0.999
26 - INFO - chord#: 110 done. best_score=145.0, changed=613, unchanged=340, early_stops=8/8
26 - INFO - chord#: 112 In build_straw_man_chord_sa. tolerance = 1, sa_iterations = 1000, initial_temperature = 3.0, cooling_rate = 0.999
26 - INFO - chord#: 108 done. best_score=27.0, changed=524, unchanged=393, early_stops=8/8
26 - INFO - chord#: 110 In build_straw_man_chord_sa. tolerance = 1, sa_iterations = 1000, initial_temperature = 3.0, cooling_rate = 0.999
26 - INFO - chord#: 116 done. best_score=96.0, changed=607, unchanged=216, early_stops=8/8
26 - INFO - chord#: 117 In build_straw_man_chord_sa. tolerance = 1, sa_iterations = 1000, initial_temperature = 3.0, cooling_rate = 0.999
26 - INFO - chord#: 130 done. best_score=67.0, changed=612, unchanged=414, early_stops=8/8
26 - INFO - chord#: 132 In build_straw_man_chord_sa. tolerance = 1, sa_iterations = 1000, initial_temperature = 3.0, cooling_rate = 0.999
26 - INFO - chord#: 112 done. best_score=27.0, changed=521, unchanged=515, early_stops=8/8
26 - INFO - chord#: 114 In build_straw_man_chord_sa. tolerance = 1, sa_iterations = 1000, initial_temperature = 3.0, cooling_rate = 0.999
26 - INFO - chord#: 120 done. best_score=27.0, changed=517, unchanged=357, early_stops=8/8
26 - INFO - chord#: 122 In build_straw_man_chord_sa. tolerance = 1, sa_iterations = 1000, initial_temperature = 3.0, cooling_rate = 0.999
26 - INFO - chord#: 108 done. best_score=27.0, changed=510, unchanged=319, early_stops=8/8
26 - INFO - chord#: 110 In build_straw_man_chord_sa. tolerance = 1, sa_iterations = 1000, initial_temperature = 3.0, cooling_rate = 0.999
26 - INFO - chord#: 114 done. best_score=27.0, changed=536, unchanged=437, early_stops=8/8
26 - INFO - chord#: 116 In build_straw_man_chord_sa. tolerance = 1, sa_iterations = 1000, initial_temperature = 3.0, cooling_rate = 0.999
26 - INFO - chord#: 130 done. best_score=155.0, changed=617, unchanged=348, early_stops=8/8
26 - INFO - chord#: 132 In build_straw_man_chord_sa. tolerance = 1, sa_iterations = 1000, initial_temperature = 3.0, cooling_rate = 0.999
26 - INFO - chord#: 122 done. best_score=67.0, changed=615, unchanged=562, early_stops=8/8
26 - INFO - chord#: 124 In build_straw_man_chord_sa. tolerance = 1, sa_iterations = 1000, initial_temperature = 3.0, cooling_rate = 0.999
26 - INFO - chord#: 112 done. best_score=27.0, changed=531, unchanged=610, early_stops=8/8
26 - INFO - chord#: 114 In build_straw_man_chord_sa. tolerance = 1, sa_iterations = 1000, initial_temperature = 3.0, cooling_rate = 0.999
26 - INFO - chord#: 132 done. best_score=27.0, changed=520, unchanged=470, early_stops=8/8
26 - INFO - chord#: 134 In build_straw_man_chord_sa. tolerance = 1, sa_iterations = 1000, initial_temperature = 3.0, cooling_rate = 0.999
26 - INFO - chord#: 117 done. best_score=137.0, changed=607, unchanged=239, early_stops=8/8
26 - INFO - chord#: 118 In build_straw_man_chord_sa. tolerance = 1, sa_iterations = 1000, initial_temperature = 3.0, cooling_rate = 0.999
26 - INFO - chord#: 122 done. best_score=67.0, changed=615, unchanged=374, early_stops=8/8
26 - INFO - chord#: 124 In build_straw_man_chord_sa. tolerance = 1, sa_iterations = 1000, initial_temperature = 3.0, cooling_rate = 0.999
26 - INFO - chord#: 114 done. best_score=27.0, changed=531, unchanged=405, early_stops=8/8
26 - INFO - chord#: 116 In build_straw_man_chord_sa. tolerance = 1, sa_iterations = 1000, initial_temperature = 3.0, cooling_rate = 0.999
26 - INFO - chord#: 118 done. best_score=9.0, changed=511, unchanged=295, early_stops=8/8
26 - INFO - chord#: 120 In build_straw_man_chord_sa. tolerance = 1, sa_iterations = 1000, initial_temperature = 3.0, cooling_rate = 0.999
26 - INFO - chord#: 132 done. best_score=27.0, changed=527, unchanged=394, early_stops=8/8
26 - INFO - chord#: 134 In build_straw_man_chord_sa. tolerance = 1, sa_iterations = 1000, initial_temperature = 3.0, cooling_rate = 0.999
26 - INFO - chord#: 124 done. best_score=27.0, changed=526, unchanged=396, early_stops=8/8
26 - INFO - chord#: 128 In build_straw_man_chord_sa. tolerance = 1, sa_iterations = 1000, initial_temperature = 3.0, cooling_rate = 0.999
26 - INFO - chord#: 116 done. best_score=64.0, changed=615, unchanged=328, early_stops=8/8
26 - INFO - chord#: 117 In build_straw_man_chord_sa. tolerance = 1, sa_iterations = 1000, initial_temperature = 3.0, cooling_rate = 0.999
26 - INFO - chord#: 114 done. best_score=27.0, changed=527, unchanged=310, early_stops=8/8
26 - INFO - chord#: 116 In build_straw_man_chord_sa. tolerance = 1, sa_iterations = 1000, initial_temperature = 3.0, cooling_rate = 0.999
26 - INFO - chord#: 110 done. best_score=67.0, changed=607, unchanged=268, early_stops=8/8
26 - INFO - chord#: 112 In build_straw_man_chord_sa. tolerance = 1, sa_iterations = 1000, initial_temperature = 3.0, cooling_rate = 0.999
26 - INFO - chord#: 124 done. best_score=27.0, changed=526, unchanged=317, early_stops=8/8
26 - INFO - chord#: 128 In build_straw_man_chord_sa. tolerance = 1, sa_iterations = 1000, initial_temperature = 3.0, cooling_rate = 0.999
26 - INFO - chord#: 116 done. best_score=64.0, changed=613, unchanged=273, early_stops=8/8
26 - INFO - chord#: 117 In build_straw_man_chord_sa. tolerance = 1, sa_iterations = 1000, initial_temperature = 3.0, cooling_rate = 0.999
26 - INFO - chord#: 110 done. best_score=140.0, changed=609, unchanged=205, early_stops=8/8
26 - INFO - chord#: 112 In build_straw_man_chord_sa. tolerance = 1, sa_iterations = 1000, initial_temperature = 3.0, cooling_rate = 0.999
26 - INFO - chord#: 120 done. best_score=27.0, changed=519, unchanged=395, early_stops=8/8
26 - INFO - chord#: 122 In build_straw_man_chord_sa. tolerance = 1, sa_iterations = 1000, initial_temperature = 3.0, cooling_rate = 0.999
26 - INFO - chord#: 122 done. best_score=67.0, changed=610, unchanged=331, early_stops=8/8
26 - INFO - chord#: 124 In build_straw_man_chord_sa. tolerance = 1, sa_iterations = 1000, initial_temperature = 3.0, cooling_rate = 0.999
26 - INFO - chord#: 128 done. best_score=27.0, changed=524, unchanged=423, early_stops=8/8
26 - INFO - chord#: 130 In build_straw_man_chord_sa. tolerance = 1, sa_iterations = 1000, initial_temperature = 3.0, cooling_rate = 0.999
26 - INFO - chord#: 134 done. best_score=96.0, changed=609, unchanged=289, early_stops=8/8
26 - INFO - chord#: 136 In build_straw_man_chord_sa. tolerance = 1, sa_iterations = 1000, initial_temperature = 3.0, cooling_rate = 0.999
26 - INFO - chord#: 124 done. best_score=27.0, changed=526, unchanged=399, early_stops=8/8
26 - INFO - chord#: 128 In build_straw_man_chord_sa. tolerance = 1, sa_iterations = 1000, initial_temperature = 3.0, cooling_rate = 0.999
26 - INFO - chord#: 112 done. best_score=27.0, changed=516, unchanged=443, early_stops=8/8
26 - INFO - chord#: 114 In build_straw_man_chord_sa. tolerance = 1, sa_iterations = 1000, initial_temperature = 3.0, cooling_rate = 0.999
26 - INFO - chord#: 128 done. best_score=27.0, changed=515, unchanged=453, early_stops=8/8
26 - INFO - chord#: 130 In build_straw_man_chord_sa. tolerance = 1, sa_iterations = 1000, initial_temperature = 3.0, cooling_rate = 0.999
26 - INFO - chord#: 134 done. best_score=74.0, changed=608, unchanged=252, early_stops=8/8
26 - INFO - chord#: 136 In build_straw_man_chord_sa. tolerance = 1, sa_iterations = 1000, initial_temperature = 3.0, cooling_rate = 0.999
26 - INFO - chord#: 112 done. best_score=27.0, changed=521, unchanged=495, early_stops=8/8
26 - INFO - chord#: 116 done. best_score=64.0, changed=610, unchanged=269, early_stops=8/8
26 - INFO - chord#: 114 In build_straw_man_chord_sa. tolerance = 1, sa_iterations = 1000, initial_temperature = 3.0, cooling_rate = 0.999
26 - INFO - chord#: 117 In build_straw_man_chord_sa. tolerance = 1, sa_iterations = 1000, initial_temperature = 3.0, cooling_rate = 0.999
26 - INFO - chord#: 117 done. best_score=74.0, changed=606, unchanged=219, early_stops=8/8
26 - INFO - chord#: 118 In build_straw_man_chord_sa. tolerance = 1, sa_iterations = 1000, initial_temperature = 3.0, cooling_rate = 0.999
26 - INFO - chord#: 136 done. best_score=27.0, changed=518, unchanged=410, early_stops=8/8
26 - INFO - chord#: 138 In build_straw_man_chord_sa. tolerance = 1, sa_iterations = 1000, initial_temperature = 3.0, cooling_rate = 0.999
26 - INFO - chord#: 128 done. best_score=27.0, changed=514, unchanged=339, early_stops=8/8
26 - INFO - chord#: 130 In build_straw_man_chord_sa. tolerance = 1, sa_iterations = 1000, initial_temperature = 3.0, cooling_rate = 0.999
26 - INFO - chord#: 118 done. best_score=9.0, changed=481, unchanged=342, early_stops=8/8
26 - INFO - chord#: 120 In build_straw_man_chord_sa. tolerance = 1, sa_iterations = 1000, initial_temperature = 3.0, cooling_rate = 0.999
26 - INFO - chord#: 122 done. best_score=137.0, changed=610, unchanged=220, early_stops=8/8
26 - INFO - chord#: 124 In build_straw_man_chord_sa. tolerance = 1, sa_iterations = 1000, initial_temperature = 3.0, cooling_rate = 0.999
26 - INFO - chord#: 117 done. best_score=74.0, changed=613, unchanged=291, early_stops=8/8
26 - INFO - chord#: 118 In build_straw_man_chord_sa. tolerance = 1, sa_iterations = 1000, initial_temperature = 3.0, cooling_rate = 0.999
26 - INFO - chord#: 136 done. best_score=27.0, changed=516, unchanged=368, early_stops=8/8
26 - INFO - chord#: 138 In build_straw_man_chord_sa. tolerance = 1, sa_iterations = 1000, initial_temperature = 3.0, cooling_rate = 0.999
26 - INFO - chord#: 114 done. best_score=27.0, changed=521, unchanged=347, early_stops=8/8
26 - INFO - chord#: 116 In build_straw_man_chord_sa. tolerance = 1, sa_iterations = 1000, initial_temperature = 3.0, cooling_rate = 0.999
26 - INFO - chord#: 116 done. best_score=104.0, changed=612, unchanged=291, early_stops=8/8
26 - INFO - chord#: 117 In build_straw_man_chord_sa. tolerance = 1, sa_iterations = 1000, initial_temperature = 3.0, cooling_rate = 0.999
26 - INFO - chord#: 118 done. best_score=9.0, changed=483, unchanged=341, early_stops=8/8
26 - INFO - chord#: 120 In build_straw_man_chord_sa. tolerance = 1, sa_iterations = 1000, initial_temperature = 3.0, cooling_rate = 0.999
26 - INFO - chord#: 114 done. best_score=27.0, changed=516, unchanged=320, early_stops=8/8
26 - INFO - chord#: 116 In build_straw_man_chord_sa. tolerance = 1, sa_iterations = 1000, initial_temperature = 3.0, cooling_rate = 0.999
26 - INFO - chord#: 130 done. best_score=137.0, changed=615, unchanged=398, early_stops=8/8
26 - INFO - chord#: 132 In build_straw_man_chord_sa. tolerance = 1, sa_iterations = 1000, initial_temperature = 3.0, cooling_rate = 0.999
26 - INFO - chord#: 124 done. best_score=27.0, changed=530, unchanged=473, early_stops=8/8
26 - INFO - chord#: 128 In build_straw_man_chord_sa. tolerance = 1, sa_iterations = 1000, initial_temperature = 3.0, cooling_rate = 0.999
26 - INFO - chord#: 130 done. best_score=142.0, changed=608, unchanged=232, early_stops=8/8
26 - INFO - chord#: 132 In build_straw_man_chord_sa. tolerance = 1, sa_iterations = 1000, initial_temperature = 3.0, cooling_rate = 0.999
26 - INFO - chord#: 120 done. best_score=27.0, changed=517, unchanged=451, early_stops=8/8
26 - INFO - chord#: 122 In build_straw_man_chord_sa. tolerance = 1, sa_iterations = 1000, initial_temperature = 3.0, cooling_rate = 0.999
26 - INFO - chord#: 120 done. best_score=27.0, changed=519, unchanged=496, early_stops=8/8
26 - INFO - chord#: 122 In build_straw_man_chord_sa. tolerance = 1, sa_iterations = 1000, initial_temperature = 3.0, cooling_rate = 0.999
26 - INFO - chord#: 132 done. best_score=27.0, changed=519, unchanged=364, early_stops=8/8
26 - INFO - chord#: 134 In build_straw_man_chord_sa. tolerance = 1, sa_iterations = 1000, initial_temperature = 3.0, cooling_rate = 0.999
26 - INFO - chord#: 130 done. best_score=67.0, changed=611, unchanged=238, early_stops=8/8
26 - INFO - chord#: 132 In build_straw_man_chord_sa. tolerance = 1, sa_iterations = 1000, initial_temperature = 3.0, cooling_rate = 0.999
26 - INFO - chord#: 128 done. best_score=27.0, changed=517, unchanged=407, early_stops=8/8
26 - INFO - chord#: 130 In build_straw_man_chord_sa. tolerance = 1, sa_iterations = 1000, initial_temperature = 3.0, cooling_rate = 0.999
26 - INFO - chord#: 132 done. best_score=27.0, changed=521, unchanged=345, early_stops=8/8
26 - INFO - chord#: 134 In build_straw_man_chord_sa. tolerance = 1, sa_iterations = 1000, initial_temperature = 3.0, cooling_rate = 0.999
26 - INFO - chord#: 117 done. best_score=121.0, changed=618, unchanged=478, early_stops=8/8
26 - INFO - chord#: 118 In build_straw_man_chord_sa. tolerance = 1, sa_iterations = 1000, initial_temperature = 3.0, cooling_rate = 0.999
26 - INFO - chord#: 138 done. best_score=140.0, changed=613, unchanged=342, early_stops=8/8
26 - INFO - chord#: 140 In build_straw_man_chord_sa. tolerance = 1, sa_iterations = 1000, initial_temperature = 3.0, cooling_rate = 0.999
26 - INFO - chord#: 132 done. best_score=27.0, changed=515, unchanged=412, early_stops=8/8
26 - INFO - chord#: 134 In build_straw_man_chord_sa. tolerance = 1, sa_iterations = 1000, initial_temperature = 3.0, cooling_rate = 0.999
26 - INFO - chord#: 118 done. best_score=9.0, changed=456, unchanged=349, early_stops=8/8
26 - INFO - chord#: 120 In build_straw_man_chord_sa. tolerance = 1, sa_iterations = 1000, initial_temperature = 3.0, cooling_rate = 0.999
26 - INFO - chord#: 116 done. best_score=96.0, changed=608, unchanged=229, early_stops=8/8
26 - INFO - chord#: 117 In build_straw_man_chord_sa. tolerance = 1, sa_iterations = 1000, initial_temperature = 3.0, cooling_rate = 0.999
26 - INFO - chord#: 138 done. best_score=140.0, changed=616, unchanged=460, early_stops=8/8
26 - INFO - chord#: 140 In build_straw_man_chord_sa. tolerance = 1, sa_iterations = 1000, initial_temperature = 3.0, cooling_rate = 0.999
26 - INFO - chord#: 117 done. best_score=74.0, changed=613, unchanged=333, early_stops=8/8
26 - INFO - chord#: 118 In build_straw_man_chord_sa. tolerance = 1, sa_iterations = 1000, initial_temperature = 3.0, cooling_rate = 0.999
26 - INFO - chord#: 116 done. best_score=64.0, changed=610, unchanged=321, early_stops=8/8
26 - INFO - chord#: 117 In build_straw_man_chord_sa. tolerance = 1, sa_iterations = 1000, initial_temperature = 3.0, cooling_rate = 0.999
26 - INFO - chord#: 118 done. best_score=9.0, changed=478, unchanged=339, early_stops=8/8
26 - INFO - chord#: 120 In build_straw_man_chord_sa. tolerance = 1, sa_iterations = 1000, initial_temperature = 3.0, cooling_rate = 0.999
26 - INFO - chord#: 122 done. best_score=67.0, changed=615, unchanged=361, early_stops=8/8
26 - INFO - chord#: 124 In build_straw_man_chord_sa. tolerance = 1, sa_iterations = 1000, initial_temperature = 3.0, cooling_rate = 0.999
26 - INFO - chord#: 140 done. best_score=27.0, changed=515, unchanged=361, early_stops=8/8
26 - INFO - chord#: 142 In build_straw_man_chord_sa. tolerance = 1, sa_iterations = 1000, initial_temperature = 3.0, cooling_rate = 0.999
26 - INFO - chord#: 122 done. best_score=67.0, changed=611, unchanged=273, early_stops=8/8
26 - INFO - chord#: 124 In build_straw_man_chord_sa. tolerance = 1, sa_iterations = 1000, initial_temperature = 3.0, cooling_rate = 0.999
26 - INFO - chord#: 140 done. best_score=27.0, changed=516, unchanged=369, early_stops=8/8
26 - INFO - chord#: 142 In build_straw_man_chord_sa. tolerance = 1, sa_iterations = 1000, initial_temperature = 3.0, cooling_rate = 0.999
26 - INFO - chord#: 130 done. best_score=67.0, changed=613, unchanged=345, early_stops=8/8
26 - INFO - chord#: 132 In build_straw_man_chord_sa. tolerance = 1, sa_iterations = 1000, initial_temperature = 3.0, cooling_rate = 0.999
26 - INFO - chord#: 134 done. best_score=74.0, changed=617, unchanged=499, early_stops=8/8
26 - INFO - chord#: 136 In build_straw_man_chord_sa. tolerance = 1, sa_iterations = 1000, initial_temperature = 3.0, cooling_rate = 0.999
26 - INFO - chord#: 120 done. best_score=27.0, changed=519, unchanged=512, early_stops=8/8
26 - INFO - chord#: 122 In build_straw_man_chord_sa. tolerance = 1, sa_iterations = 1000, initial_temperature = 3.0, cooling_rate = 0.999
26 - INFO - chord#: 134 done. best_score=104.0, changed=617, unchanged=299, early_stops=8/8
26 - INFO - chord#: 136 In build_straw_man_chord_sa. tolerance = 1, sa_iterations = 1000, initial_temperature = 3.0, cooling_rate = 0.999
26 - INFO - chord#: 120 done. best_score=27.0, changed=522, unchanged=340, early_stops=8/8
26 - INFO - chord#: 122 In build_straw_man_chord_sa. tolerance = 1, sa_iterations = 1000, initial_temperature = 3.0, cooling_rate = 0.999
26 - INFO - chord#: 124 done. best_score=27.0, changed=527, unchanged=379, early_stops=8/8
26 - INFO - chord#: 128 In build_straw_man_chord_sa. tolerance = 1, sa_iterations = 1000, initial_temperature = 3.0, cooling_rate = 0.999
26 - INFO - chord#: 117 done. best_score=104.0, changed=617, unchanged=336, early_stops=8/8
26 - INFO - chord#: 118 In build_straw_man_chord_sa. tolerance = 1, sa_iterations = 1000, initial_temperature = 3.0, cooling_rate = 0.999
26 - INFO - chord#: 118 done. best_score=9.0, changed=531, unchanged=288, early_stops=8/8
26 - INFO - chord#: 120 In build_straw_man_chord_sa. tolerance = 1, sa_iterations = 1000, initial_temperature = 3.0, cooling_rate = 0.999
26 - INFO - chord#: 124 done. best_score=27.0, changed=524, unchanged=482, early_stops=8/8
26 - INFO - chord#: 128 In build_straw_man_chord_sa. tolerance = 1, sa_iterations = 1000, initial_temperature = 3.0, cooling_rate = 0.999
26 - INFO - chord#: 132 done. best_score=27.0, changed=521, unchanged=557, early_stops=8/8
26 - INFO - chord#: 134 In build_straw_man_chord_sa. tolerance = 1, sa_iterations = 1000, initial_temperature = 3.0, cooling_rate = 0.999
26 - INFO - chord#: 136 done. best_score=27.0, changed=526, unchanged=441, early_stops=8/8
26 - INFO - chord#: 138 In build_straw_man_chord_sa. tolerance = 1, sa_iterations = 1000, initial_temperature = 3.0, cooling_rate = 0.999
26 - INFO - chord#: 136 done. best_score=27.0, changed=521, unchanged=544, early_stops=8/8
26 - INFO - chord#: 138 In build_straw_man_chord_sa. tolerance = 1, sa_iterations = 1000, initial_temperature = 3.0, cooling_rate = 0.999
26 - INFO - chord#: 117 done. best_score=74.0, changed=611, unchanged=278, early_stops=8/8
26 - INFO - chord#: 118 In build_straw_man_chord_sa. tolerance = 1, sa_iterations = 1000, initial_temperature = 3.0, cooling_rate = 0.999
26 - INFO - chord#: 128 done. best_score=27.0, changed=515, unchanged=395, early_stops=8/8
26 - INFO - chord#: 130 In build_straw_man_chord_sa. tolerance = 1, sa_iterations = 1000, initial_temperature = 3.0, cooling_rate = 0.999
26 - INFO - chord#: 142 done. best_score=171.0, changed=609, unchanged=220, early_stops=8/8
26 - INFO - chord#: 144 In build_straw_man_chord_sa. tolerance = 1, sa_iterations = 1000, initial_temperature = 3.0, cooling_rate = 0.999
26 - INFO - chord#: 118 done. best_score=9.0, changed=448, unchanged=357, early_stops=8/8
26 - INFO - chord#: 120 In build_straw_man_chord_sa. tolerance = 1, sa_iterations = 1000, initial_temperature = 3.0, cooling_rate = 0.999
26 - INFO - chord#: 134 done. best_score=74.0, changed=619, unchanged=467, early_stops=8/8
26 - INFO - chord#: 136 In build_straw_man_chord_sa. tolerance = 1, sa_iterations = 1000, initial_temperature = 3.0, cooling_rate = 0.999
26 - INFO - chord#: 128 done. best_score=27.0, changed=516, unchanged=364, early_stops=8/8
26 - INFO - chord#: 130 In build_straw_man_chord_sa. tolerance = 1, sa_iterations = 1000, initial_temperature = 3.0, cooling_rate = 0.999
26 - INFO - chord#: 120 done. best_score=27.0, changed=517, unchanged=379, early_stops=8/8
26 - INFO - chord#: 122 In build_straw_man_chord_sa. tolerance = 1, sa_iterations = 1000, initial_temperature = 3.0, cooling_rate = 0.999
26 - INFO - chord#: 144 done. best_score=27.0, changed=517, unchanged=401, early_stops=8/8
26 - INFO - chord#: 146 In build_straw_man_chord_sa. tolerance = 1, sa_iterations = 1000, initial_temperature = 3.0, cooling_rate = 0.999
26 - INFO - chord#: 136 done. best_score=27.0, changed=524, unchanged=480, early_stops=8/8
26 - INFO - chord#: 138 In build_straw_man_chord_sa. tolerance = 1, sa_iterations = 1000, initial_temperature = 3.0, cooling_rate = 0.999
26 - INFO - chord#: 120 done. best_score=27.0, changed=526, unchanged=447, early_stops=8/8
26 - INFO - chord#: 122 In build_straw_man_chord_sa. tolerance = 1, sa_iterations = 1000, initial_temperature = 3.0, cooling_rate = 0.999
26 - INFO - chord#: 142 done. best_score=104.0, changed=612, unchanged=466, early_stops=8/8
26 - INFO - chord#: 144 In build_straw_man_chord_sa. tolerance = 1, sa_iterations = 1000, initial_temperature = 3.0, cooling_rate = 0.999
26 - INFO - chord#: 134 done. best_score=74.0, changed=607, unchanged=250, early_stops=8/8
26 - INFO - chord#: 136 In build_straw_man_chord_sa. tolerance = 1, sa_iterations = 1000, initial_temperature = 3.0, cooling_rate = 0.999
26 - INFO - chord#: 122 done. best_score=137.0, changed=613, unchanged=376, early_stops=8/8
26 - INFO - chord#: 124 In build_straw_man_chord_sa. tolerance = 1, sa_iterations = 1000, initial_temperature = 3.0, cooling_rate = 0.999
26 - INFO - chord#: 146 done. best_score=27.0, changed=528, unchanged=420, early_stops=8/8
26 - INFO - chord#: 148 In build_straw_man_chord_sa. tolerance = 1, sa_iterations = 1000, initial_temperature = 3.0, cooling_rate = 0.999
26 - INFO - chord#: 122 done. best_score=67.0, changed=611, unchanged=417, early_stops=8/8
26 - INFO - chord#: 124 In build_straw_man_chord_sa. tolerance = 1, sa_iterations = 1000, initial_temperature = 3.0, cooling_rate = 0.999
26 - INFO - chord#: 138 done. best_score=140.0, changed=612, unchanged=346, early_stops=8/8
26 - INFO - chord#: 140 In build_straw_man_chord_sa. tolerance = 1, sa_iterations = 1000, initial_temperature = 3.0, cooling_rate = 0.999
26 - INFO - chord#: 138 done. best_score=143.0, changed=614, unchanged=376, early_stops=8/8
26 - INFO - chord#: 140 In build_straw_man_chord_sa. tolerance = 1, sa_iterations = 1000, initial_temperature = 3.0, cooling_rate = 0.999
26 - INFO - chord#: 130 done. best_score=67.0, changed=614, unchanged=459, early_stops=8/8
26 - INFO - chord#: 132 In build_straw_man_chord_sa. tolerance = 1, sa_iterations = 1000, initial_temperature = 3.0, cooling_rate = 0.999
26 - INFO - chord#: 144 done. best_score=27.0, changed=526, unchanged=450, early_stops=8/8
26 - INFO - chord#: 146 In build_straw_man_chord_sa. tolerance = 1, sa_iterations = 1000, initial_temperature = 3.0, cooling_rate = 0.999
26 - INFO - chord#: 136 done. best_score=27.0, changed=521, unchanged=472, early_stops=8/8
26 - INFO - chord#: 138 In build_straw_man_chord_sa. tolerance = 1, sa_iterations = 1000, initial_temperature = 3.0, cooling_rate = 0.999
26 - INFO - chord#: 140 done. best_score=27.0, changed=525, unchanged=352, early_stops=8/8
26 - INFO - chord#: 142 In build_straw_man_chord_sa. tolerance = 1, sa_iterations = 1000, initial_temperature = 3.0, cooling_rate = 0.999
26 - INFO - chord#: 124 done. best_score=27.0, changed=521, unchanged=336, early_stops=8/8
26 - INFO - chord#: 128 In build_straw_man_chord_sa. tolerance = 1, sa_iterations = 1000, initial_temperature = 3.0, cooling_rate = 0.999
26 - INFO - chord#: 124 done. best_score=27.0, changed=521, unchanged=374, early_stops=8/8
26 - INFO - chord#: 128 In build_straw_man_chord_sa. tolerance = 1, sa_iterations = 1000, initial_temperature = 3.0, cooling_rate = 0.999
26 - INFO - chord#: 140 done. best_score=27.0, changed=518, unchanged=540, early_stops=8/8
26 - INFO - chord#: 142 In build_straw_man_chord_sa. tolerance = 1, sa_iterations = 1000, initial_temperature = 3.0, cooling_rate = 0.999
26 - INFO - chord#: 122 done. best_score=67.0, changed=613, unchanged=268, early_stops=8/8
26 - INFO - chord#: 124 In build_straw_man_chord_sa. tolerance = 1, sa_iterations = 1000, initial_temperature = 3.0, cooling_rate = 0.999
26 - INFO - chord#: 130 done. best_score=67.0, changed=616, unchanged=468, early_stops=8/8
26 - INFO - chord#: 132 In build_straw_man_chord_sa. tolerance = 1, sa_iterations = 1000, initial_temperature = 3.0, cooling_rate = 0.999
26 - INFO - chord#: 132 done. best_score=27.0, changed=514, unchanged=338, early_stops=8/8
26 - INFO - chord#: 134 In build_straw_man_chord_sa. tolerance = 1, sa_iterations = 1000, initial_temperature = 3.0, cooling_rate = 0.999
26 - INFO - chord#: 138 done. best_score=140.0, changed=608, unchanged=379, early_stops=8/8
26 - INFO - chord#: 140 In build_straw_man_chord_sa. tolerance = 1, sa_iterations = 1000, initial_temperature = 3.0, cooling_rate = 0.999
26 - INFO - chord#: 146 done. best_score=27.0, changed=522, unchanged=421, early_stops=8/8
26 - INFO - chord#: 148 In build_straw_man_chord_sa. tolerance = 1, sa_iterations = 1000, initial_temperature = 3.0, cooling_rate = 0.999
26 - INFO - chord#: 148 done. best_score=78.0, changed=612, unchanged=302, early_stops=8/8
26 - INFO - chord#: 150 In build_straw_man_chord_sa. tolerance = 1, sa_iterations = 1000, initial_temperature = 3.0, cooling_rate = 0.999
26 - INFO - chord#: 128 done. best_score=27.0, changed=525, unchanged=413, early_stops=8/8
26 - INFO - chord#: 130 In build_straw_man_chord_sa. tolerance = 1, sa_iterations = 1000, initial_temperature = 3.0, cooling_rate = 0.999
26 - INFO - chord#: 128 done. best_score=27.0, changed=520, unchanged=336, early_stops=8/8
26 - INFO - chord#: 130 In build_straw_man_chord_sa. tolerance = 1, sa_iterations = 1000, initial_temperature = 3.0, cooling_rate = 0.999
26 - INFO - chord#: 132 done. best_score=27.0, changed=521, unchanged=364, early_stops=8/8
26 - INFO - chord#: 134 In build_straw_man_chord_sa. tolerance = 1, sa_iterations = 1000, initial_temperature = 3.0, cooling_rate = 0.999
26 - INFO - chord#: 142 done. best_score=74.0, changed=607, unchanged=205, early_stops=8/8
26 - INFO - chord#: 144 In build_straw_man_chord_sa. tolerance = 1, sa_iterations = 1000, initial_temperature = 3.0, cooling_rate = 0.999
26 - INFO - chord#: 124 done. best_score=27.0, changed=522, unchanged=418, early_stops=8/8
26 - INFO - chord#: 128 In build_straw_man_chord_sa. tolerance = 1, sa_iterations = 1000, initial_temperature = 3.0, cooling_rate = 0.999
26 - INFO - chord#: 122 done. best_score=67.0, changed=617, unchanged=449, early_stops=8/8
26 - INFO - chord#: 124 In build_straw_man_chord_sa. tolerance = 1, sa_iterations = 1000, initial_temperature = 3.0, cooling_rate = 0.999
26 - INFO - chord#: 140 done. best_score=27.0, changed=520, unchanged=601, early_stops=8/8
26 - INFO - chord#: 142 In build_straw_man_chord_sa. tolerance = 1, sa_iterations = 1000, initial_temperature = 3.0, cooling_rate = 0.999
26 - INFO - chord#: 150 done. best_score=37.0, changed=518, unchanged=349, early_stops=8/8
26 - INFO - chord#: 152 In build_straw_man_chord_sa. tolerance = 1, sa_iterations = 1000, initial_temperature = 3.0, cooling_rate = 0.999
26 - INFO - chord#: 138 done. best_score=142.0, changed=612, unchanged=321, early_stops=8/8
26 - INFO - chord#: 140 In build_straw_man_chord_sa. tolerance = 1, sa_iterations = 1000, initial_temperature = 3.0, cooling_rate = 0.999
26 - INFO - chord#: 142 done. best_score=121.0, changed=619, unchanged=353, early_stops=8/8
26 - INFO - chord#: 144 In build_straw_man_chord_sa. tolerance = 1, sa_iterations = 1000, initial_temperature = 3.0, cooling_rate = 0.999
26 - INFO - chord#: 144 done. best_score=27.0, changed=515, unchanged=352, early_stops=8/8
26 - INFO - chord#: 146 In build_straw_man_chord_sa. tolerance = 1, sa_iterations = 1000, initial_temperature = 3.0, cooling_rate = 0.999
26 - INFO - chord#: 124 done. best_score=27.0, changed=519, unchanged=399, early_stops=8/8
26 - INFO - chord#: 128 In build_straw_man_chord_sa. tolerance = 1, sa_iterations = 1000, initial_temperature = 3.0, cooling_rate = 0.999
26 - INFO - chord#: 140 done. best_score=27.0, changed=519, unchanged=427, early_stops=8/8
26 - INFO - chord#: 142 In build_straw_man_chord_sa. tolerance = 1, sa_iterations = 1000, initial_temperature = 3.0, cooling_rate = 0.999
26 - INFO - chord#: 128 done. best_score=27.0, changed=529, unchanged=496, early_stops=8/8
26 - INFO - chord#: 130 In build_straw_man_chord_sa. tolerance = 1, sa_iterations = 1000, initial_temperature = 3.0, cooling_rate = 0.999
26 - INFO - chord#: 152 done. best_score=27.0, changed=522, unchanged=424, early_stops=8/8
26 - INFO - chord#: 154 In build_straw_man_chord_sa. tolerance = 1, sa_iterations = 1000, initial_temperature = 3.0, cooling_rate = 0.999
26 - INFO - chord#: 134 done. best_score=104.0, changed=609, unchanged=369, early_stops=8/8
26 - INFO - chord#: 136 In build_straw_man_chord_sa. tolerance = 1, sa_iterations = 1000, initial_temperature = 3.0, cooling_rate = 0.999
26 - INFO - chord#: 148 done. best_score=67.0, changed=607, unchanged=285, early_stops=8/8
26 - INFO - chord#: 150 In build_straw_man_chord_sa. tolerance = 1, sa_iterations = 1000, initial_temperature = 3.0, cooling_rate = 0.999
26 - INFO - chord#: 144 done. best_score=27.0, changed=522, unchanged=486, early_stops=8/8
26 - INFO - chord#: 146 In build_straw_man_chord_sa. tolerance = 1, sa_iterations = 1000, initial_temperature = 3.0, cooling_rate = 0.999
26 - INFO - chord#: 146 done. best_score=27.0, changed=522, unchanged=374, early_stops=8/8
26 - INFO - chord#: 148 In build_straw_man_chord_sa. tolerance = 1, sa_iterations = 1000, initial_temperature = 3.0, cooling_rate = 0.999
26 - INFO - chord#: 130 done. best_score=145.0, changed=611, unchanged=249, early_stops=8/8
26 - INFO - chord#: 132 In build_straw_man_chord_sa. tolerance = 1, sa_iterations = 1000, initial_temperature = 3.0, cooling_rate = 0.999
26 - INFO - chord#: 154 done. best_score=27.0, changed=517, unchanged=337, early_stops=8/8
26 - INFO - chord#: 156 In build_straw_man_chord_sa. tolerance = 1, sa_iterations = 1000, initial_temperature = 3.0, cooling_rate = 0.999
26 - INFO - chord#: 130 done. best_score=137.0, changed=607, unchanged=324, early_stops=8/8
26 - INFO - chord#: 132 In build_straw_man_chord_sa. tolerance = 1, sa_iterations = 1000, initial_temperature = 3.0, cooling_rate = 0.999
26 - INFO - chord#: 136 done. best_score=27.0, changed=519, unchanged=373, early_stops=8/8
26 - INFO - chord#: 138 In build_straw_man_chord_sa. tolerance = 1, sa_iterations = 1000, initial_temperature = 3.0, cooling_rate = 0.999
26 - INFO - chord#: 146 done. best_score=27.0, changed=524, unchanged=361, early_stops=8/8
26 - INFO - chord#: 148 In build_straw_man_chord_sa. tolerance = 1, sa_iterations = 1000, initial_temperature = 3.0, cooling_rate = 0.999
26 - INFO - chord#: 150 done. best_score=35.0, changed=528, unchanged=316, early_stops=8/8
26 - INFO - chord#: 152 In build_straw_man_chord_sa. tolerance = 1, sa_iterations = 1000, initial_temperature = 3.0, cooling_rate = 0.999
26 - INFO - chord#: 142 done. best_score=104.0, changed=611, unchanged=392, early_stops=8/8
26 - INFO - chord#: 144 In build_straw_man_chord_sa. tolerance = 1, sa_iterations = 1000, initial_temperature = 3.0, cooling_rate = 0.999
26 - INFO - chord#: 128 done. best_score=27.0, changed=528, unchanged=597, early_stops=8/8
26 - INFO - chord#: 130 In build_straw_man_chord_sa. tolerance = 1, sa_iterations = 1000, initial_temperature = 3.0, cooling_rate = 0.999
26 - INFO - chord#: 132 done. best_score=27.0, changed=517, unchanged=343, early_stops=8/8
26 - INFO - chord#: 134 In build_straw_man_chord_sa. tolerance = 1, sa_iterations = 1000, initial_temperature = 3.0, cooling_rate = 0.999
26 - INFO - chord#: 142 done. best_score=149.0, changed=611, unchanged=223, early_stops=8/8
26 - INFO - chord#: 144 In build_straw_man_chord_sa. tolerance = 1, sa_iterations = 1000, initial_temperature = 3.0, cooling_rate = 0.999
26 - INFO - chord#: 156 done. best_score=27.0, changed=524, unchanged=520, early_stops=8/8
26 - INFO - chord#: 144 done. best_score=27.0, changed=520, unchanged=370, early_stops=8/8
26 - INFO - chord#: 146 In build_straw_man_chord_sa. tolerance = 1, sa_iterations = 1000, initial_temperature = 3.0, cooling_rate = 0.999
26 - INFO - chord#: 134 done. best_score=74.0, changed=618, unchanged=449, early_stops=8/8
26 - INFO - chord#: 136 In build_straw_man_chord_sa. tolerance = 1, sa_iterations = 1000, initial_temperature = 3.0, cooling_rate = 0.999
26 - INFO - chord#: 132 done. best_score=27.0, changed=526, unchanged=421, early_stops=8/8
26 - INFO - chord#: 134 In build_straw_man_chord_sa. tolerance = 1, sa_iterations = 1000, initial_temperature = 3.0, cooling_rate = 0.999
26 - INFO - chord#: 152 done. best_score=27.0, changed=522, unchanged=399, early_stops=8/8
26 - INFO - chord#: 154 In build_straw_man_chord_sa. tolerance = 1, sa_iterations = 1000, initial_temperature = 3.0, cooling_rate = 0.999
26 - INFO - chord#: 130 done. best_score=142.0, changed=611, unchanged=326, early_stops=8/8
26 - INFO - chord#: 132 In build_straw_man_chord_sa. tolerance = 1, sa_iterations = 1000, initial_temperature = 3.0, cooling_rate = 0.999
26 - INFO - chord#: 148 done. best_score=155.0, changed=615, unchanged=396, early_stops=8/8
26 - INFO - chord#: 150 In build_straw_man_chord_sa. tolerance = 1, sa_iterations = 1000, initial_temperature = 3.0, cooling_rate = 0.999
26 - INFO - chord#: 144 done. best_score=27.0, changed=517, unchanged=395, early_stops=8/8
26 - INFO - chord#: 146 In build_straw_man_chord_sa. tolerance = 1, sa_iterations = 1000, initial_temperature = 3.0, cooling_rate = 0.999
26 - INFO - chord#: 146 done. best_score=27.0, changed=530, unchanged=450, early_stops=8/8
26 - INFO - chord#: 148 In build_straw_man_chord_sa. tolerance = 1, sa_iterations = 1000, initial_temperature = 3.0, cooling_rate = 0.999
26 - INFO - chord#: 148 done. best_score=140.0, changed=611, unchanged=262, early_stops=8/8
26 - INFO - chord#: 150 In build_straw_man_chord_sa. tolerance = 1, sa_iterations = 1000, initial_temperature = 3.0, cooling_rate = 0.999
26 - INFO - chord#: 138 done. best_score=145.0, changed=613, unchanged=337, early_stops=8/8
26 - INFO - chord#: 140 In build_straw_man_chord_sa. tolerance = 1, sa_iterations = 1000, initial_temperature = 3.0, cooling_rate = 0.999
26 - INFO - chord#: 136 done. best_score=27.0, changed=520, unchanged=350, early_stops=8/8
26 - INFO - chord#: 138 In build_straw_man_chord_sa. tolerance = 1, sa_iterations = 1000, initial_temperature = 3.0, cooling_rate = 0.999
26 - INFO - chord#: 154 done. best_score=27.0, changed=525, unchanged=367, early_stops=8/8
26 - INFO - chord#: 156 In build_straw_man_chord_sa. tolerance = 1, sa_iterations = 1000, initial_temperature = 3.0, cooling_rate = 0.999
26 - INFO - chord#: 150 done. best_score=35.0, changed=528, unchanged=342, early_stops=8/8
26 - INFO - chord#: 132 done. best_score=27.0, changed=526, unchanged=539, early_stops=8/8
26 - INFO - chord#: 152 In build_straw_man_chord_sa. tolerance = 1, sa_iterations = 1000, initial_temperature = 3.0, cooling_rate = 0.999
26 - INFO - chord#: 134 In build_straw_man_chord_sa. tolerance = 1, sa_iterations = 1000, initial_temperature = 3.0, cooling_rate = 0.999
26 - INFO - chord#: 146 done. best_score=27.0, changed=529, unchanged=364, early_stops=8/8
26 - INFO - chord#: 148 In build_straw_man_chord_sa. tolerance = 1, sa_iterations = 1000, initial_temperature = 3.0, cooling_rate = 0.999
26 - INFO - chord#: 150 done. best_score=37.0, changed=534, unchanged=449, early_stops=8/8
26 - INFO - chord#: 152 In build_straw_man_chord_sa. tolerance = 1, sa_iterations = 1000, initial_temperature = 3.0, cooling_rate = 0.999
26 - INFO - chord#: 134 done. best_score=164.0, changed=613, unchanged=270, early_stops=8/8
26 - INFO - chord#: 136 In build_straw_man_chord_sa. tolerance = 1, sa_iterations = 1000, initial_temperature = 3.0, cooling_rate = 0.999
26 - INFO - chord#: 140 done. best_score=27.0, changed=531, unchanged=465, early_stops=8/8
26 - INFO - chord#: 142 In build_straw_man_chord_sa. tolerance = 1, sa_iterations = 1000, initial_temperature = 3.0, cooling_rate = 0.999
26 - INFO - chord#: 152 done. best_score=27.0, changed=514, unchanged=338, early_stops=8/8
26 - INFO - chord#: 154 In build_straw_man_chord_sa. tolerance = 1, sa_iterations = 1000, initial_temperature = 3.0, cooling_rate = 0.999
26 - INFO - chord#: 156 done. best_score=27.0, changed=528, unchanged=481, early_stops=8/8
26 - INFO - chord#: 130 done. best_score=67.0, changed=621, unchanged=546, early_stops=8/8
26 - INFO - chord#: 132 In build_straw_man_chord_sa. tolerance = 1, sa_iterations = 1000, initial_temperature = 3.0, cooling_rate = 0.999
26 - INFO - chord#: 152 done. best_score=27.0, changed=525, unchanged=529, early_stops=8/8
26 - INFO - chord#: 154 In build_straw_man_chord_sa. tolerance = 1, sa_iterations = 1000, initial_temperature = 3.0, cooling_rate = 0.999
26 - INFO - chord#: 148 done. best_score=131.0, changed=614, unchanged=372, early_stops=8/8
26 - INFO - chord#: 150 In build_straw_man_chord_sa. tolerance = 1, sa_iterations = 1000, initial_temperature = 3.0, cooling_rate = 0.999
26 - INFO - chord#: 136 done. best_score=27.0, changed=512, unchanged=372, early_stops=8/8
26 - INFO - chord#: 138 In build_straw_man_chord_sa. tolerance = 1, sa_iterations = 1000, initial_temperature = 3.0, cooling_rate = 0.999
26 - INFO - chord#: 154 done. best_score=27.0, changed=529, unchanged=347, early_stops=8/8
26 - INFO - chord#: 156 In build_straw_man_chord_sa. tolerance = 1, sa_iterations = 1000, initial_temperature = 3.0, cooling_rate = 0.999
26 - INFO - chord#: 134 done. best_score=74.0, changed=615, unchanged=368, early_stops=8/8
26 - INFO - chord#: 136 In build_straw_man_chord_sa. tolerance = 1, sa_iterations = 1000, initial_temperature = 3.0, cooling_rate = 0.999
26 - INFO - chord#: 148 done. best_score=140.0, changed=611, unchanged=322, early_stops=8/8
26 - INFO - chord#: 150 In build_straw_man_chord_sa. tolerance = 1, sa_iterations = 1000, initial_temperature = 3.0, cooling_rate = 0.999
26 - INFO - chord#: 138 done. best_score=142.0, changed=611, unchanged=214, early_stops=8/8
26 - INFO - chord#: 140 In build_straw_man_chord_sa. tolerance = 1, sa_iterations = 1000, initial_temperature = 3.0, cooling_rate = 0.999
26 - INFO - chord#: 154 done. best_score=27.0, changed=514, unchanged=367, early_stops=8/8
26 - INFO - chord#: 156 In build_straw_man_chord_sa. tolerance = 1, sa_iterations = 1000, initial_temperature = 3.0, cooling_rate = 0.999
26 - INFO - chord#: 150 done. best_score=37.0, changed=519, unchanged=316, early_stops=8/8
26 - INFO - chord#: 152 In build_straw_man_chord_sa. tolerance = 1, sa_iterations = 1000, initial_temperature = 3.0, cooling_rate = 0.999
26 - INFO - chord#: 134 done. best_score=74.0, changed=610, unchanged=331, early_stops=8/8
26 - INFO - chord#: 136 In build_straw_man_chord_sa. tolerance = 1, sa_iterations = 1000, initial_temperature = 3.0, cooling_rate = 0.999
26 - INFO - chord#: 156 done. best_score=27.0, changed=523, unchanged=342, early_stops=8/8
26 - INFO - chord#: 132 done. best_score=27.0, changed=525, unchanged=601, early_stops=8/8
26 - INFO - chord#: 134 In build_straw_man_chord_sa. tolerance = 1, sa_iterations = 1000, initial_temperature = 3.0, cooling_rate = 0.999
26 - INFO - chord#: 142 done. best_score=74.0, changed=612, unchanged=310, early_stops=8/8
26 - INFO - chord#: 144 In build_straw_man_chord_sa. tolerance = 1, sa_iterations = 1000, initial_temperature = 3.0, cooling_rate = 0.999
26 - INFO - chord#: 136 done. best_score=27.0, changed=528, unchanged=392, early_stops=8/8
26 - INFO - chord#: 138 In build_straw_man_chord_sa. tolerance = 1, sa_iterations = 1000, initial_temperature = 3.0, cooling_rate = 0.999
26 - INFO - chord#: 150 done. best_score=35.0, changed=519, unchanged=344, early_stops=8/8
26 - INFO - chord#: 152 In build_straw_man_chord_sa. tolerance = 1, sa_iterations = 1000, initial_temperature = 3.0, cooling_rate = 0.999
26 - INFO - chord#: 156 done. best_score=27.0, changed=519, unchanged=348, early_stops=8/8
26 - INFO - chord#: 140 done. best_score=27.0, changed=518, unchanged=377, early_stops=8/8
26 - INFO - chord#: 142 In build_straw_man_chord_sa. tolerance = 1, sa_iterations = 1000, initial_temperature = 3.0, cooling_rate = 0.999
26 - INFO - chord#: 152 done. best_score=27.0, changed=521, unchanged=331, early_stops=8/8
26 - INFO - chord#: 154 In build_straw_man_chord_sa. tolerance = 1, sa_iterations = 1000, initial_temperature = 3.0, cooling_rate = 0.999
26 - INFO - chord#: 136 done. best_score=27.0, changed=523, unchanged=458, early_stops=8/8
26 - INFO - chord#: 138 In build_straw_man_chord_sa. tolerance = 1, sa_iterations = 1000, initial_temperature = 3.0, cooling_rate = 0.999
26 - INFO - chord#: 144 done. best_score=27.0, changed=517, unchanged=392, early_stops=8/8
26 - INFO - chord#: 146 In build_straw_man_chord_sa. tolerance = 1, sa_iterations = 1000, initial_temperature = 3.0, cooling_rate = 0.999
26 - INFO - chord#: 152 done. best_score=27.0, changed=518, unchanged=516, early_stops=8/8
26 - INFO - chord#: 154 In build_straw_man_chord_sa. tolerance = 1, sa_iterations = 1000, initial_temperature = 3.0, cooling_rate = 0.999
26 - INFO - chord#: 138 done. best_score=140.0, changed=615, unchanged=342, early_stops=8/8
26 - INFO - chord#: 140 In build_straw_man_chord_sa. tolerance = 1, sa_iterations = 1000, initial_temperature = 3.0, cooling_rate = 0.999
26 - INFO - chord#: 154 done. best_score=27.0, changed=533, unchanged=394, early_stops=8/8
26 - INFO - chord#: 156 In build_straw_man_chord_sa. tolerance = 1, sa_iterations = 1000, initial_temperature = 3.0, cooling_rate = 0.999
26 - INFO - chord#: 146 done. best_score=27.0, changed=526, unchanged=427, early_stops=8/8
26 - INFO - chord#: 148 In build_straw_man_chord_sa. tolerance = 1, sa_iterations = 1000, initial_temperature = 3.0, cooling_rate = 0.999
26 - INFO - chord#: 154 done. best_score=27.0, changed=532, unchanged=365, early_stops=8/8
26 - INFO - chord#: 156 In build_straw_man_chord_sa. tolerance = 1, sa_iterations = 1000, initial_temperature = 3.0, cooling_rate = 0.999
26 - INFO - chord#: 138 done. best_score=140.0, changed=612, unchanged=341, early_stops=8/8
26 - INFO - chord#: 140 In build_straw_man_chord_sa. tolerance = 1, sa_iterations = 1000, initial_temperature = 3.0, cooling_rate = 0.999
26 - INFO - chord#: 156 done. best_score=27.0, changed=527, unchanged=389, early_stops=8/8
26 - INFO - chord#: 140 done. best_score=27.0, changed=529, unchanged=547, early_stops=8/8
26 - INFO - chord#: 142 In build_straw_man_chord_sa. tolerance = 1, sa_iterations = 1000, initial_temperature = 3.0, cooling_rate = 0.999
26 - INFO - chord#: 142 done. best_score=74.0, changed=612, unchanged=331, early_stops=8/8
26 - INFO - chord#: 144 In build_straw_man_chord_sa. tolerance = 1, sa_iterations = 1000, initial_temperature = 3.0, cooling_rate = 0.999
26 - INFO - chord#: 134 done. best_score=74.0, changed=609, unchanged=376, early_stops=8/8
26 - INFO - chord#: 136 In build_straw_man_chord_sa. tolerance = 1, sa_iterations = 1000, initial_temperature = 3.0, cooling_rate = 0.999
26 - INFO - chord#: 138 done. best_score=142.0, changed=615, unchanged=312, early_stops=8/8
26 - INFO - chord#: 140 In build_straw_man_chord_sa. tolerance = 1, sa_iterations = 1000, initial_temperature = 3.0, cooling_rate = 0.999
26 - INFO - chord#: 156 done. best_score=27.0, changed=526, unchanged=381, early_stops=8/8
26 - INFO - chord#: 140 done. best_score=27.0, changed=525, unchanged=369, early_stops=8/8
26 - INFO - chord#: 142 In build_straw_man_chord_sa. tolerance = 1, sa_iterations = 1000, initial_temperature = 3.0, cooling_rate = 0.999
26 - INFO - chord#: 144 done. best_score=27.0, changed=524, unchanged=428, early_stops=8/8
26 - INFO - chord#: 146 In build_straw_man_chord_sa. tolerance = 1, sa_iterations = 1000, initial_temperature = 3.0, cooling_rate = 0.999
26 - INFO - chord#: 140 done. best_score=27.0, changed=529, unchanged=465, early_stops=8/8
26 - INFO - chord#: 142 In build_straw_man_chord_sa. tolerance = 1, sa_iterations = 1000, initial_temperature = 3.0, cooling_rate = 0.999
26 - INFO - chord#: 136 done. best_score=27.0, changed=516, unchanged=356, early_stops=8/8
26 - INFO - chord#: 138 In build_straw_man_chord_sa. tolerance = 1, sa_iterations = 1000, initial_temperature = 3.0, cooling_rate = 0.999
26 - INFO - chord#: 148 done. best_score=67.0, changed=612, unchanged=401, early_stops=8/8
26 - INFO - chord#: 150 In build_straw_man_chord_sa. tolerance = 1, sa_iterations = 1000, initial_temperature = 3.0, cooling_rate = 0.999
26 - INFO - chord#: 146 done. best_score=27.0, changed=521, unchanged=346, early_stops=8/8
26 - INFO - chord#: 148 In build_straw_man_chord_sa. tolerance = 1, sa_iterations = 1000, initial_temperature = 3.0, cooling_rate = 0.999
26 - INFO - chord#: 142 done. best_score=121.0, changed=615, unchanged=389, early_stops=8/8
26 - INFO - chord#: 144 In build_straw_man_chord_sa. tolerance = 1, sa_iterations = 1000, initial_temperature = 3.0, cooling_rate = 0.999
26 - INFO - chord#: 150 done. best_score=35.0, changed=531, unchanged=441, early_stops=8/8
26 - INFO - chord#: 152 In build_straw_man_chord_sa. tolerance = 1, sa_iterations = 1000, initial_temperature = 3.0, cooling_rate = 0.999
26 - INFO - chord#: 142 done. best_score=74.0, changed=609, unchanged=238, early_stops=8/8
26 - INFO - chord#: 144 In build_straw_man_chord_sa. tolerance = 1, sa_iterations = 1000, initial_temperature = 3.0, cooling_rate = 0.999
26 - INFO - chord#: 142 done. best_score=104.0, changed=616, unchanged=428, early_stops=8/8
26 - INFO - chord#: 144 In build_straw_man_chord_sa. tolerance = 1, sa_iterations = 1000, initial_temperature = 3.0, cooling_rate = 0.999
26 - INFO - chord#: 144 done. best_score=27.0, changed=517, unchanged=383, early_stops=8/8
26 - INFO - chord#: 146 In build_straw_man_chord_sa. tolerance = 1, sa_iterations = 1000, initial_temperature = 3.0, cooling_rate = 0.999
26 - INFO - chord#: 138 done. best_score=143.0, changed=610, unchanged=274, early_stops=8/8
26 - INFO - chord#: 140 In build_straw_man_chord_sa. tolerance = 1, sa_iterations = 1000, initial_temperature = 3.0, cooling_rate = 0.999
26 - INFO - chord#: 148 done. best_score=67.0, changed=608, unchanged=267, early_stops=8/8
26 - INFO - chord#: 150 In build_straw_man_chord_sa. tolerance = 1, sa_iterations = 1000, initial_temperature = 3.0, cooling_rate = 0.999
26 - INFO - chord#: 152 done. best_score=27.0, changed=530, unchanged=584, early_stops=8/8
26 - INFO - chord#: 154 In build_straw_man_chord_sa. tolerance = 1, sa_iterations = 1000, initial_temperature = 3.0, cooling_rate = 0.999
26 - INFO - chord#: 144 done. best_score=27.0, changed=527, unchanged=421, early_stops=8/8
26 - INFO - chord#: 146 In build_straw_man_chord_sa. tolerance = 1, sa_iterations = 1000, initial_temperature = 3.0, cooling_rate = 0.999
26 - INFO - chord#: 144 done. best_score=27.0, changed=522, unchanged=459, early_stops=8/8
26 - INFO - chord#: 146 In build_straw_man_chord_sa. tolerance = 1, sa_iterations = 1000, initial_temperature = 3.0, cooling_rate = 0.999
26 - INFO - chord#: 146 done. best_score=27.0, changed=521, unchanged=402, early_stops=8/8
26 - INFO - chord#: 148 In build_straw_man_chord_sa. tolerance = 1, sa_iterations = 1000, initial_temperature = 3.0, cooling_rate = 0.999
26 - INFO - chord#: 150 done. best_score=35.0, changed=531, unchanged=312, early_stops=8/8
26 - INFO - chord#: 152 In build_straw_man_chord_sa. tolerance = 1, sa_iterations = 1000, initial_temperature = 3.0, cooling_rate = 0.999
26 - INFO - chord#: 140 done. best_score=27.0, changed=515, unchanged=392, early_stops=8/8
26 - INFO - chord#: 142 In build_straw_man_chord_sa. tolerance = 1, sa_iterations = 1000, initial_temperature = 3.0, cooling_rate = 0.999
26 - INFO - chord#: 154 done. best_score=27.0, changed=526, unchanged=372, early_stops=8/8
26 - INFO - chord#: 156 In build_straw_man_chord_sa. tolerance = 1, sa_iterations = 1000, initial_temperature = 3.0, cooling_rate = 0.999
26 - INFO - chord#: 146 done. best_score=27.0, changed=527, unchanged=375, early_stops=8/8
26 - INFO - chord#: 148 In build_straw_man_chord_sa. tolerance = 1, sa_iterations = 1000, initial_temperature = 3.0, cooling_rate = 0.999
26 - INFO - chord#: 146 done. best_score=27.0, changed=521, unchanged=381, early_stops=8/8
26 - INFO - chord#: 148 In build_straw_man_chord_sa. tolerance = 1, sa_iterations = 1000, initial_temperature = 3.0, cooling_rate = 0.999
26 - INFO - chord#: 152 done. best_score=27.0, changed=521, unchanged=385, early_stops=8/8
26 - INFO - chord#: 154 In build_straw_man_chord_sa. tolerance = 1, sa_iterations = 1000, initial_temperature = 3.0, cooling_rate = 0.999
26 - INFO - chord#: 156 done. best_score=27.0, changed=535, unchanged=479, early_stops=8/8
26 - INFO - chord#: 148 done. best_score=155.0, changed=609, unchanged=223, early_stops=8/8
26 - INFO - chord#: 150 In build_straw_man_chord_sa. tolerance = 1, sa_iterations = 1000, initial_temperature = 3.0, cooling_rate = 0.999
26 - INFO - chord#: 154 done. best_score=27.0, changed=522, unchanged=394, early_stops=8/8
26 - INFO - chord#: 156 In build_straw_man_chord_sa. tolerance = 1, sa_iterations = 1000, initial_temperature = 3.0, cooling_rate = 0.999
26 - INFO - chord#: 142 done. best_score=74.0, changed=615, unchanged=353, early_stops=8/8
26 - INFO - chord#: 144 In build_straw_man_chord_sa. tolerance = 1, sa_iterations = 1000, initial_temperature = 3.0, cooling_rate = 0.999
26 - INFO - chord#: 150 done. best_score=35.0, changed=528, unchanged=315, early_stops=8/8
26 - INFO - chord#: 152 In build_straw_man_chord_sa. tolerance = 1, sa_iterations = 1000, initial_temperature = 3.0, cooling_rate = 0.999
26 - INFO - chord#: 148 done. best_score=125.0, changed=607, unchanged=214, early_stops=8/8
26 - INFO - chord#: 150 In build_straw_man_chord_sa. tolerance = 1, sa_iterations = 1000, initial_temperature = 3.0, cooling_rate = 0.999
26 - INFO - chord#: 156 done. best_score=27.0, changed=519, unchanged=383, early_stops=8/8
26 - INFO - chord#: 148 done. best_score=78.0, changed=614, unchanged=304, early_stops=8/8
26 - INFO - chord#: 150 In build_straw_man_chord_sa. tolerance = 1, sa_iterations = 1000, initial_temperature = 3.0, cooling_rate = 0.999
26 - INFO - chord#: 144 done. best_score=27.0, changed=522, unchanged=389, early_stops=8/8
26 - INFO - chord#: 146 In build_straw_man_chord_sa. tolerance = 1, sa_iterations = 1000, initial_temperature = 3.0, cooling_rate = 0.999
26 - INFO - chord#: 152 done. best_score=27.0, changed=513, unchanged=304, early_stops=8/8
26 - INFO - chord#: 154 In build_straw_man_chord_sa. tolerance = 1, sa_iterations = 1000, initial_temperature = 3.0, cooling_rate = 0.999
26 - INFO - chord#: 150 done. best_score=37.0, changed=531, unchanged=327, early_stops=8/8
26 - INFO - chord#: 152 In build_straw_man_chord_sa. tolerance = 1, sa_iterations = 1000, initial_temperature = 3.0, cooling_rate = 0.999
26 - INFO - chord#: 150 done. best_score=37.0, changed=523, unchanged=310, early_stops=8/8
26 - INFO - chord#: 152 In build_straw_man_chord_sa. tolerance = 1, sa_iterations = 1000, initial_temperature = 3.0, cooling_rate = 0.999
26 - INFO - chord#: 146 done. best_score=27.0, changed=525, unchanged=299, early_stops=8/8
26 - INFO - chord#: 148 In build_straw_man_chord_sa. tolerance = 1, sa_iterations = 1000, initial_temperature = 3.0, cooling_rate = 0.999
26 - INFO - chord#: 154 done. best_score=27.0, changed=526, unchanged=466, early_stops=8/8
26 - INFO - chord#: 156 In build_straw_man_chord_sa. tolerance = 1, sa_iterations = 1000, initial_temperature = 3.0, cooling_rate = 0.999
26 - INFO - chord#: 152 done. best_score=27.0, changed=518, unchanged=364, early_stops=8/8
26 - INFO - chord#: 154 In build_straw_man_chord_sa. tolerance = 1, sa_iterations = 1000, initial_temperature = 3.0, cooling_rate = 0.999
26 - INFO - chord#: 152 done. best_score=27.0, changed=522, unchanged=422, early_stops=8/8
26 - INFO - chord#: 154 In build_straw_man_chord_sa. tolerance = 1, sa_iterations = 1000, initial_temperature = 3.0, cooling_rate = 0.999
26 - INFO - chord#: 154 done. best_score=27.0, changed=520, unchanged=371, early_stops=8/8
26 - INFO - chord#: 156 In build_straw_man_chord_sa. tolerance = 1, sa_iterations = 1000, initial_temperature = 3.0, cooling_rate = 0.999
26 - INFO - chord#: 156 done. best_score=27.0, changed=530, unchanged=561, early_stops=8/8
26 - INFO - chord#: 154 done. best_score=27.0, changed=519, unchanged=347, early_stops=8/8
26 - INFO - chord#: 156 In build_straw_man_chord_sa. tolerance = 1, sa_iterations = 1000, initial_temperature = 3.0, cooling_rate = 0.999
26 - INFO - chord#: 148 done. best_score=137.0, changed=612, unchanged=345, early_stops=8/8
26 - INFO - chord#: 150 In build_straw_man_chord_sa. tolerance = 1, sa_iterations = 1000, initial_temperature = 3.0, cooling_rate = 0.999
26 - INFO - chord#: 156 done. best_score=27.0, changed=523, unchanged=401, early_stops=8/8
26 - INFO - chord#: 156 done. best_score=27.0, changed=523, unchanged=443, early_stops=8/8
26 - INFO - chord#: 150 done. best_score=35.0, changed=534, unchanged=412, early_stops=8/8
26 - INFO - chord#: 152 In build_straw_man_chord_sa. tolerance = 1, sa_iterations = 1000, initial_temperature = 3.0, cooling_rate = 0.999
26 - INFO - chord#: 152 done. best_score=27.0, changed=529, unchanged=502, early_stops=8/8
26 - INFO - chord#: 154 In build_straw_man_chord_sa. tolerance = 1, sa_iterations = 1000, initial_temperature = 3.0, cooling_rate = 0.999
26 - INFO - chord#: 154 done. best_score=27.0, changed=531, unchanged=393, early_stops=8/8
26 - INFO - chord#: 156 In build_straw_man_chord_sa. tolerance = 1, sa_iterations = 1000, initial_temperature = 3.0, cooling_rate = 0.999
26 - INFO - chord#: 156 done. best_score=27.0, changed=527, unchanged=366, early_stops=8/8
26 - INFO - chord#: 0 In build_straw_man_chord_sa. tolerance = 1, sa_iterations = 1000, initial_temperature = 3.0, cooling_rate = 0.999
26 - INFO - chord#: 0 In build_straw_man_chord_sa. tolerance = 1, sa_iterations = 1000, initial_temperature = 3.0, cooling_rate = 0.999
26 - INFO - chord#: 0 In build_straw_man_chord_sa. tolerance = 1, sa_iterations = 1000, initial_temperature = 3.0, cooling_rate = 0.999
26 - INFO - chord#: 0 In build_straw_man_chord_sa. tolerance = 1, sa_iterations = 1000, initial_temperature = 3.0, cooling_rate = 0.999
26 - INFO - chord#: 0 In build_straw_man_chord_sa. tolerance = 1, sa_iterations = 1000, initial_temperature = 3.0, cooling_rate = 0.999
26 - INFO - chord#: 0 In build_straw_man_chord_sa. tolerance = 1, sa_iterations = 1000, initial_temperature = 3.0, cooling_rate = 0.999
26 - INFO - chord#: 0 In build_straw_man_chord_sa. tolerance = 1, sa_iterations = 1000, initial_temperature = 3.0, cooling_rate = 0.999
26 - INFO - chord#: 0 In build_straw_man_chord_sa. tolerance = 1, sa_iterations = 1000, initial_temperature = 3.0, cooling_rate = 0.999
26 - INFO - chord#: 0 In build_straw_man_chord_sa. tolerance = 1, sa_iterations = 1000, initial_temperature = 3.0, cooling_rate = 0.999
26 - INFO - chord#: 0 In build_straw_man_chord_sa. tolerance = 1, sa_iterations = 1000, initial_temperature = 3.0, cooling_rate = 0.999
26 - INFO - chord#: 0 In build_straw_man_chord_sa. tolerance = 1, sa_iterations = 1000, initial_temperature = 3.0, cooling_rate = 0.999
26 - INFO - chord#: 0 In build_straw_man_chord_sa. tolerance = 1, sa_iterations = 1000, initial_temperature = 3.0, cooling_rate = 0.999
26 - INFO - chord#: 0 done. best_score=27.0, changed=517, unchanged=411, early_stops=8/8
26 - INFO - chord#: 2 In build_straw_man_chord_sa. tolerance = 1, sa_iterations = 1000, initial_temperature = 3.0, cooling_rate = 0.999
26 - INFO - chord#: 0 done. best_score=27.0, changed=519, unchanged=385, early_stops=8/8
26 - INFO - chord#: 2 In build_straw_man_chord_sa. tolerance = 1, sa_iterations = 1000, initial_temperature = 3.0, cooling_rate = 0.999
26 - INFO - chord#: 0 done. best_score=27.0, changed=514, unchanged=447, early_stops=8/8
26 - INFO - chord#: 2 In build_straw_man_chord_sa. tolerance = 1, sa_iterations = 1000, initial_temperature = 3.0, cooling_rate = 0.999
26 - INFO - chord#: 0 done. best_score=27.0, changed=531, unchanged=504, early_stops=8/8
26 - INFO - chord#: 2 In build_straw_man_chord_sa. tolerance = 1, sa_iterations = 1000, initial_temperature = 3.0, cooling_rate = 0.999
26 - INFO - chord#: 0 done. best_score=27.0, changed=529, unchanged=415, early_stops=8/8
26 - INFO - chord#: 2 In build_straw_man_chord_sa. tolerance = 1, sa_iterations = 1000, initial_temperature = 3.0, cooling_rate = 0.999
26 - INFO - chord#: 0 done. best_score=27.0, changed=519, unchanged=325, early_stops=8/8
26 - INFO - chord#: 2 In build_straw_man_chord_sa. tolerance = 1, sa_iterations = 1000, initial_temperature = 3.0, cooling_rate = 0.999
26 - INFO - chord#: 0 done. best_score=27.0, changed=517, unchanged=354, early_stops=8/8
26 - INFO - chord#: 2 In build_straw_man_chord_sa. tolerance = 1, sa_iterations = 1000, initial_temperature = 3.0, cooling_rate = 0.999
26 - INFO - chord#: 0 done. best_score=27.0, changed=525, unchanged=409, early_stops=8/8
26 - INFO - chord#: 2 In build_straw_man_chord_sa. tolerance = 1, sa_iterations = 1000, initial_temperature = 3.0, cooling_rate = 0.999
26 - INFO - chord#: 0 done. best_score=27.0, changed=523, unchanged=388, early_stops=8/8
26 - INFO - chord#: 2 In build_straw_man_chord_sa. tolerance = 1, sa_iterations = 1000, initial_temperature = 3.0, cooling_rate = 0.999
26 - INFO - chord#: 0 done. best_score=27.0, changed=516, unchanged=414, early_stops=8/8
26 - INFO - chord#: 2 In build_straw_man_chord_sa. tolerance = 1, sa_iterations = 1000, initial_temperature = 3.0, cooling_rate = 0.999
26 - INFO - chord#: 0 done. best_score=27.0, changed=521, unchanged=463, early_stops=8/8
26 - INFO - chord#: 2 In build_straw_man_chord_sa. tolerance = 1, sa_iterations = 1000, initial_temperature = 3.0, cooling_rate = 0.999
26 - INFO - chord#: 0 done. best_score=27.0, changed=522, unchanged=531, early_stops=8/8
26 - INFO - chord#: 2 In build_straw_man_chord_sa. tolerance = 1, sa_iterations = 1000, initial_temperature = 3.0, cooling_rate = 0.999
26 - INFO - chord#: 2 done. best_score=27.0, changed=523, unchanged=481, early_stops=8/8
26 - INFO - chord#: 4 In build_straw_man_chord_sa. tolerance = 1, sa_iterations = 1000, initial_temperature = 3.0, cooling_rate = 0.999
26 - INFO - chord#: 2 done. best_score=27.0, changed=519, unchanged=413, early_stops=8/8
26 - INFO - chord#: 4 In build_straw_man_chord_sa. tolerance = 1, sa_iterations = 1000, initial_temperature = 3.0, cooling_rate = 0.999
26 - INFO - chord#: 2 done. best_score=27.0, changed=523, unchanged=412, early_stops=8/8
26 - INFO - chord#: 4 In build_straw_man_chord_sa. tolerance = 1, sa_iterations = 1000, initial_temperature = 3.0, cooling_rate = 0.999
26 - INFO - chord#: 2 done. best_score=27.0, changed=521, unchanged=394, early_stops=8/8
26 - INFO - chord#: 4 In build_straw_man_chord_sa. tolerance = 1, sa_iterations = 1000, initial_temperature = 3.0, cooling_rate = 0.999
26 - INFO - chord#: 2 done. best_score=27.0, changed=525, unchanged=430, early_stops=8/8
26 - INFO - chord#: 4 In build_straw_man_chord_sa. tolerance = 1, sa_iterations = 1000, initial_temperature = 3.0, cooling_rate = 0.999
26 - INFO - chord#: 2 done. best_score=27.0, changed=520, unchanged=298, early_stops=8/8
26 - INFO - chord#: 4 In build_straw_man_chord_sa. tolerance = 1, sa_iterations = 1000, initial_temperature = 3.0, cooling_rate = 0.999
26 - INFO - chord#: 2 done. best_score=27.0, changed=516, unchanged=309, early_stops=8/8
26 - INFO - chord#: 4 In build_straw_man_chord_sa. tolerance = 1, sa_iterations = 1000, initial_temperature = 3.0, cooling_rate = 0.999
26 - INFO - chord#: 2 done. best_score=27.0, changed=523, unchanged=504, early_stops=8/8
26 - INFO - chord#: 4 In build_straw_man_chord_sa. tolerance = 1, sa_iterations = 1000, initial_temperature = 3.0, cooling_rate = 0.999
26 - INFO - chord#: 2 done. best_score=27.0, changed=521, unchanged=410, early_stops=8/8
26 - INFO - chord#: 4 In build_straw_man_chord_sa. tolerance = 1, sa_iterations = 1000, initial_temperature = 3.0, cooling_rate = 0.999
26 - INFO - chord#: 2 done. best_score=27.0, changed=519, unchanged=425, early_stops=8/8
26 - INFO - chord#: 4 In build_straw_man_chord_sa. tolerance = 1, sa_iterations = 1000, initial_temperature = 3.0, cooling_rate = 0.999
26 - INFO - chord#: 2 done. best_score=27.0, changed=517, unchanged=472, early_stops=8/8
26 - INFO - chord#: 4 In build_straw_man_chord_sa. tolerance = 1, sa_iterations = 1000, initial_temperature = 3.0, cooling_rate = 0.999
26 - INFO - chord#: 2 done. best_score=27.0, changed=521, unchanged=451, early_stops=8/8
26 - INFO - chord#: 4 In build_straw_man_chord_sa. tolerance = 1, sa_iterations = 1000, initial_temperature = 3.0, cooling_rate = 0.999
26 - INFO - chord#: 4 done. best_score=27.0, changed=518, unchanged=411, early_stops=8/8
26 - INFO - chord#: 8 In build_straw_man_chord_sa. tolerance = 1, sa_iterations = 1000, initial_temperature = 3.0, cooling_rate = 0.999
26 - INFO - chord#: 4 done. best_score=27.0, changed=525, unchanged=449, early_stops=8/8
26 - INFO - chord#: 8 In build_straw_man_chord_sa. tolerance = 1, sa_iterations = 1000, initial_temperature = 3.0, cooling_rate = 0.999
26 - INFO - chord#: 4 done. best_score=27.0, changed=516, unchanged=505, early_stops=8/8
26 - INFO - chord#: 8 In build_straw_man_chord_sa. tolerance = 1, sa_iterations = 1000, initial_temperature = 3.0, cooling_rate = 0.999
26 - INFO - chord#: 4 done. best_score=27.0, changed=518, unchanged=437, early_stops=8/8
26 - INFO - chord#: 8 In build_straw_man_chord_sa. tolerance = 1, sa_iterations = 1000, initial_temperature = 3.0, cooling_rate = 0.999
26 - INFO - chord#: 4 done. best_score=27.0, changed=526, unchanged=486, early_stops=8/8
26 - INFO - chord#: 8 In build_straw_man_chord_sa. tolerance = 1, sa_iterations = 1000, initial_temperature = 3.0, cooling_rate = 0.999
26 - INFO - chord#: 4 done. best_score=27.0, changed=522, unchanged=362, early_stops=8/8
26 - INFO - chord#: 8 In build_straw_man_chord_sa. tolerance = 1, sa_iterations = 1000, initial_temperature = 3.0, cooling_rate = 0.999
26 - INFO - chord#: 4 done. best_score=27.0, changed=521, unchanged=427, early_stops=8/8
26 - INFO - chord#: 8 In build_straw_man_chord_sa. tolerance = 1, sa_iterations = 1000, initial_temperature = 3.0, cooling_rate = 0.999
26 - INFO - chord#: 4 done. best_score=27.0, changed=516, unchanged=331, early_stops=8/8
26 - INFO - chord#: 8 In build_straw_man_chord_sa. tolerance = 1, sa_iterations = 1000, initial_temperature = 3.0, cooling_rate = 0.999
26 - INFO - chord#: 4 done. best_score=27.0, changed=519, unchanged=528, early_stops=8/8
26 - INFO - chord#: 8 In build_straw_man_chord_sa. tolerance = 1, sa_iterations = 1000, initial_temperature = 3.0, cooling_rate = 0.999
26 - INFO - chord#: 4 done. best_score=27.0, changed=524, unchanged=425, early_stops=8/8
26 - INFO - chord#: 8 In build_straw_man_chord_sa. tolerance = 1, sa_iterations = 1000, initial_temperature = 3.0, cooling_rate = 0.999
26 - INFO - chord#: 4 done. best_score=27.0, changed=515, unchanged=460, early_stops=8/8
26 - INFO - chord#: 8 In build_straw_man_chord_sa. tolerance = 1, sa_iterations = 1000, initial_temperature = 3.0, cooling_rate = 0.999
26 - INFO - chord#: 4 done. best_score=27.0, changed=525, unchanged=484, early_stops=8/8
26 - INFO - chord#: 8 In build_straw_man_chord_sa. tolerance = 1, sa_iterations = 1000, initial_temperature = 3.0, cooling_rate = 0.999
26 - INFO - chord#: 8 done. best_score=27.0, changed=521, unchanged=405, early_stops=8/8
26 - INFO - chord#: 10 In build_straw_man_chord_sa. tolerance = 1, sa_iterations = 1000, initial_temperature = 3.0, cooling_rate = 0.999
26 - INFO - chord#: 8 done. best_score=27.0, changed=525, unchanged=401, early_stops=8/8
26 - INFO - chord#: 10 In build_straw_man_chord_sa. tolerance = 1, sa_iterations = 1000, initial_temperature = 3.0, cooling_rate = 0.999
26 - INFO - chord#: 8 done. best_score=27.0, changed=517, unchanged=369, early_stops=8/8
26 - INFO - chord#: 10 In build_straw_man_chord_sa. tolerance = 1, sa_iterations = 1000, initial_temperature = 3.0, cooling_rate = 0.999
26 - INFO - chord#: 8 done. best_score=27.0, changed=520, unchanged=390, early_stops=8/8
26 - INFO - chord#: 10 In build_straw_man_chord_sa. tolerance = 1, sa_iterations = 1000, initial_temperature = 3.0, cooling_rate = 0.999
26 - INFO - chord#: 8 done. best_score=27.0, changed=521, unchanged=352, early_stops=8/8
26 - INFO - chord#: 10 In build_straw_man_chord_sa. tolerance = 1, sa_iterations = 1000, initial_temperature = 3.0, cooling_rate = 0.999
26 - INFO - chord#: 8 done. best_score=27.0, changed=514, unchanged=325, early_stops=8/8
26 - INFO - chord#: 10 In build_straw_man_chord_sa. tolerance = 1, sa_iterations = 1000, initial_temperature = 3.0, cooling_rate = 0.999
26 - INFO - chord#: 8 done. best_score=27.0, changed=518, unchanged=311, early_stops=8/8
26 - INFO - chord#: 10 In build_straw_man_chord_sa. tolerance = 1, sa_iterations = 1000, initial_temperature = 3.0, cooling_rate = 0.999
26 - INFO - chord#: 10 done. best_score=48.0, changed=536, unchanged=321, early_stops=8/8
26 - INFO - chord#: 12 In build_straw_man_chord_sa. tolerance = 1, sa_iterations = 1000, initial_temperature = 3.0, cooling_rate = 0.999
26 - INFO - chord#: 10 done. best_score=48.0, changed=531, unchanged=303, early_stops=8/8
26 - INFO - chord#: 12 In build_straw_man_chord_sa. tolerance = 1, sa_iterations = 1000, initial_temperature = 3.0, cooling_rate = 0.999
26 - INFO - chord#: 8 done. best_score=27.0, changed=525, unchanged=335, early_stops=8/8
26 - INFO - chord#: 8 done. best_score=27.0, changed=522, unchanged=376, early_stops=8/8
26 - INFO - chord#: 10 In build_straw_man_chord_sa. tolerance = 1, sa_iterations = 1000, initial_temperature = 3.0, cooling_rate = 0.999
26 - INFO - chord#: 10 In build_straw_man_chord_sa. tolerance = 1, sa_iterations = 1000, initial_temperature = 3.0, cooling_rate = 0.999
26 - INFO - chord#: 10 done. best_score=48.0, changed=526, unchanged=374, early_stops=8/8
26 - INFO - chord#: 12 In build_straw_man_chord_sa. tolerance = 1, sa_iterations = 1000, initial_temperature = 3.0, cooling_rate = 0.999
26 - INFO - chord#: 8 done. best_score=27.0, changed=529, unchanged=555, early_stops=8/8
26 - INFO - chord#: 10 In build_straw_man_chord_sa. tolerance = 1, sa_iterations = 1000, initial_temperature = 3.0, cooling_rate = 0.999
26 - INFO - chord#: 8 done. best_score=27.0, changed=521, unchanged=522, early_stops=8/8
26 - INFO - chord#: 10 In build_straw_man_chord_sa. tolerance = 1, sa_iterations = 1000, initial_temperature = 3.0, cooling_rate = 0.999
26 - INFO - chord#: 8 done. best_score=27.0, changed=533, unchanged=442, early_stops=8/8
26 - INFO - chord#: 10 In build_straw_man_chord_sa. tolerance = 1, sa_iterations = 1000, initial_temperature = 3.0, cooling_rate = 0.999
26 - INFO - chord#: 10 done. best_score=48.0, changed=527, unchanged=430, early_stops=8/8
26 - INFO - chord#: 12 In build_straw_man_chord_sa. tolerance = 1, sa_iterations = 1000, initial_temperature = 3.0, cooling_rate = 0.999
26 - INFO - chord#: 10 done. best_score=48.0, changed=532, unchanged=299, early_stops=8/8
26 - INFO - chord#: 12 In build_straw_man_chord_sa. tolerance = 1, sa_iterations = 1000, initial_temperature = 3.0, cooling_rate = 0.999
26 - INFO - chord#: 10 done. best_score=48.0, changed=532, unchanged=340, early_stops=8/8
26 - INFO - chord#: 12 In build_straw_man_chord_sa. tolerance = 1, sa_iterations = 1000, initial_temperature = 3.0, cooling_rate = 0.999
26 - INFO - chord#: 12 done. best_score=27.0, changed=528, unchanged=380, early_stops=8/8
26 - INFO - chord#: 14 In build_straw_man_chord_sa. tolerance = 1, sa_iterations = 1000, initial_temperature = 3.0, cooling_rate = 0.999
26 - INFO - chord#: 10 done. best_score=48.0, changed=530, unchanged=382, early_stops=8/8
26 - INFO - chord#: 12 In build_straw_man_chord_sa. tolerance = 1, sa_iterations = 1000, initial_temperature = 3.0, cooling_rate = 0.999
26 - INFO - chord#: 12 done. best_score=27.0, changed=517, unchanged=442, early_stops=8/8
26 - INFO - chord#: 14 In build_straw_man_chord_sa. tolerance = 1, sa_iterations = 1000, initial_temperature = 3.0, cooling_rate = 0.999
26 - INFO - chord#: 10 done. best_score=48.0, changed=533, unchanged=335, early_stops=8/8
26 - INFO - chord#: 12 In build_straw_man_chord_sa. tolerance = 1, sa_iterations = 1000, initial_temperature = 3.0, cooling_rate = 0.999
26 - INFO - chord#: 12 done. best_score=27.0, changed=513, unchanged=380, early_stops=8/8
26 - INFO - chord#: 10 done. best_score=48.0, changed=532, unchanged=384, early_stops=8/8
26 - INFO - chord#: 14 In build_straw_man_chord_sa. tolerance = 1, sa_iterations = 1000, initial_temperature = 3.0, cooling_rate = 0.999
26 - INFO - chord#: 12 In build_straw_man_chord_sa. tolerance = 1, sa_iterations = 1000, initial_temperature = 3.0, cooling_rate = 0.999
26 - INFO - chord#: 10 done. best_score=48.0, changed=523, unchanged=325, early_stops=8/8
26 - INFO - chord#: 12 In build_straw_man_chord_sa. tolerance = 1, sa_iterations = 1000, initial_temperature = 3.0, cooling_rate = 0.999
26 - INFO - chord#: 10 done. best_score=48.0, changed=523, unchanged=338, early_stops=8/8
26 - INFO - chord#: 12 In build_straw_man_chord_sa. tolerance = 1, sa_iterations = 1000, initial_temperature = 3.0, cooling_rate = 0.999
26 - INFO - chord#: 10 done. best_score=48.0, changed=529, unchanged=316, early_stops=8/8
26 - INFO - chord#: 12 In build_straw_man_chord_sa. tolerance = 1, sa_iterations = 1000, initial_temperature = 3.0, cooling_rate = 0.999
26 - INFO - chord#: 12 done. best_score=27.0, changed=516, unchanged=412, early_stops=8/8
26 - INFO - chord#: 14 In build_straw_man_chord_sa. tolerance = 1, sa_iterations = 1000, initial_temperature = 3.0, cooling_rate = 0.999
26 - INFO - chord#: 12 done. best_score=27.0, changed=531, unchanged=639, early_stops=8/8
26 - INFO - chord#: 14 In build_straw_man_chord_sa. tolerance = 1, sa_iterations = 1000, initial_temperature = 3.0, cooling_rate = 0.999
26 - INFO - chord#: 12 done. best_score=27.0, changed=526, unchanged=348, early_stops=8/8
26 - INFO - chord#: 14 In build_straw_man_chord_sa. tolerance = 1, sa_iterations = 1000, initial_temperature = 3.0, cooling_rate = 0.999
26 - INFO - chord#: 14 done. best_score=31.0, changed=537, unchanged=409, early_stops=8/8
26 - INFO - chord#: 16 In build_straw_man_chord_sa. tolerance = 1, sa_iterations = 1000, initial_temperature = 3.0, cooling_rate = 0.999
26 - INFO - chord#: 14 done. best_score=31.0, changed=532, unchanged=295, early_stops=8/8
26 - INFO - chord#: 16 In build_straw_man_chord_sa. tolerance = 1, sa_iterations = 1000, initial_temperature = 3.0, cooling_rate = 0.999
26 - INFO - chord#: 14 done. best_score=31.0, changed=531, unchanged=321, early_stops=8/8
26 - INFO - chord#: 16 In build_straw_man_chord_sa. tolerance = 1, sa_iterations = 1000, initial_temperature = 3.0, cooling_rate = 0.999
26 - INFO - chord#: 12 done. best_score=27.0, changed=517, unchanged=464, early_stops=8/8
26 - INFO - chord#: 14 In build_straw_man_chord_sa. tolerance = 1, sa_iterations = 1000, initial_temperature = 3.0, cooling_rate = 0.999
26 - INFO - chord#: 12 done. best_score=27.0, changed=513, unchanged=432, early_stops=8/8
26 - INFO - chord#: 14 In build_straw_man_chord_sa. tolerance = 1, sa_iterations = 1000, initial_temperature = 3.0, cooling_rate = 0.999
26 - INFO - chord#: 12 done. best_score=27.0, changed=521, unchanged=424, early_stops=8/8
26 - INFO - chord#: 14 In build_straw_man_chord_sa. tolerance = 1, sa_iterations = 1000, initial_temperature = 3.0, cooling_rate = 0.999
26 - INFO - chord#: 12 done. best_score=27.0, changed=527, unchanged=449, early_stops=8/8
26 - INFO - chord#: 14 In build_straw_man_chord_sa. tolerance = 1, sa_iterations = 1000, initial_temperature = 3.0, cooling_rate = 0.999
26 - INFO - chord#: 14 done. best_score=31.0, changed=528, unchanged=343, early_stops=8/8
26 - INFO - chord#: 16 In build_straw_man_chord_sa. tolerance = 1, sa_iterations = 1000, initial_temperature = 3.0, cooling_rate = 0.999
26 - INFO - chord#: 14 done. best_score=31.0, changed=529, unchanged=348, early_stops=8/8
26 - INFO - chord#: 16 In build_straw_man_chord_sa. tolerance = 1, sa_iterations = 1000, initial_temperature = 3.0, cooling_rate = 0.999
26 - INFO - chord#: 16 done. best_score=27.0, changed=522, unchanged=334, early_stops=8/8
26 - INFO - chord#: 20 In build_straw_man_chord_sa. tolerance = 1, sa_iterations = 1000, initial_temperature = 3.0, cooling_rate = 0.999
26 - INFO - chord#: 14 done. best_score=31.0, changed=535, unchanged=336, early_stops=8/8
26 - INFO - chord#: 16 In build_straw_man_chord_sa. tolerance = 1, sa_iterations = 1000, initial_temperature = 3.0, cooling_rate = 0.999
26 - INFO - chord#: 12 done. best_score=27.0, changed=516, unchanged=427, early_stops=8/8
26 - INFO - chord#: 14 In build_straw_man_chord_sa. tolerance = 1, sa_iterations = 1000, initial_temperature = 3.0, cooling_rate = 0.999
26 - INFO - chord#: 12 done. best_score=27.0, changed=517, unchanged=555, early_stops=8/8
26 - INFO - chord#: 14 In build_straw_man_chord_sa. tolerance = 1, sa_iterations = 1000, initial_temperature = 3.0, cooling_rate = 0.999
26 - INFO - chord#: 16 done. best_score=27.0, changed=523, unchanged=355, early_stops=8/8
26 - INFO - chord#: 20 In build_straw_man_chord_sa. tolerance = 1, sa_iterations = 1000, initial_temperature = 3.0, cooling_rate = 0.999
26 - INFO - chord#: 16 done. best_score=27.0, changed=527, unchanged=438, early_stops=8/8
26 - INFO - chord#: 20 In build_straw_man_chord_sa. tolerance = 1, sa_iterations = 1000, initial_temperature = 3.0, cooling_rate = 0.999
26 - INFO - chord#: 14 done. best_score=31.0, changed=536, unchanged=335, early_stops=8/8
26 - INFO - chord#: 16 In build_straw_man_chord_sa. tolerance = 1, sa_iterations = 1000, initial_temperature = 3.0, cooling_rate = 0.999
26 - INFO - chord#: 14 done. best_score=31.0, changed=542, unchanged=352, early_stops=8/8
26 - INFO - chord#: 16 In build_straw_man_chord_sa. tolerance = 1, sa_iterations = 1000, initial_temperature = 3.0, cooling_rate = 0.999
26 - INFO - chord#: 14 done. best_score=31.0, changed=531, unchanged=351, early_stops=8/8
26 - INFO - chord#: 16 In build_straw_man_chord_sa. tolerance = 1, sa_iterations = 1000, initial_temperature = 3.0, cooling_rate = 0.999
26 - INFO - chord#: 14 done. best_score=31.0, changed=539, unchanged=316, early_stops=8/8
26 - INFO - chord#: 16 In build_straw_man_chord_sa. tolerance = 1, sa_iterations = 1000, initial_temperature = 3.0, cooling_rate = 0.999
26 - INFO - chord#: 16 done. best_score=27.0, changed=532, unchanged=364, early_stops=8/8
26 - INFO - chord#: 20 In build_straw_man_chord_sa. tolerance = 1, sa_iterations = 1000, initial_temperature = 3.0, cooling_rate = 0.999
26 - INFO - chord#: 16 done. best_score=27.0, changed=525, unchanged=301, early_stops=8/8
26 - INFO - chord#: 20 In build_straw_man_chord_sa. tolerance = 1, sa_iterations = 1000, initial_temperature = 3.0, cooling_rate = 0.999
26 - INFO - chord#: 14 done. best_score=31.0, changed=525, unchanged=286, early_stops=8/8
26 - INFO - chord#: 16 In build_straw_man_chord_sa. tolerance = 1, sa_iterations = 1000, initial_temperature = 3.0, cooling_rate = 0.999
26 - INFO - chord#: 16 done. best_score=27.0, changed=528, unchanged=353, early_stops=8/8
26 - INFO - chord#: 20 In build_straw_man_chord_sa. tolerance = 1, sa_iterations = 1000, initial_temperature = 3.0, cooling_rate = 0.999
26 - INFO - chord#: 14 done. best_score=31.0, changed=537, unchanged=299, early_stops=8/8
26 - INFO - chord#: 16 In build_straw_man_chord_sa. tolerance = 1, sa_iterations = 1000, initial_temperature = 3.0, cooling_rate = 0.999
26 - INFO - chord#: 16 done. best_score=27.0, changed=529, unchanged=347, early_stops=8/8
26 - INFO - chord#: 20 In build_straw_man_chord_sa. tolerance = 1, sa_iterations = 1000, initial_temperature = 3.0, cooling_rate = 0.999
26 - INFO - chord#: 16 done. best_score=27.0, changed=522, unchanged=310, early_stops=8/8
26 - INFO - chord#: 20 In build_straw_man_chord_sa. tolerance = 1, sa_iterations = 1000, initial_temperature = 3.0, cooling_rate = 0.999
26 - INFO - chord#: 16 done. best_score=27.0, changed=522, unchanged=316, early_stops=8/8
26 - INFO - chord#: 20 In build_straw_man_chord_sa. tolerance = 1, sa_iterations = 1000, initial_temperature = 3.0, cooling_rate = 0.999
26 - INFO - chord#: 16 done. best_score=27.0, changed=525, unchanged=337, early_stops=8/8
26 - INFO - chord#: 20 In build_straw_man_chord_sa. tolerance = 1, sa_iterations = 1000, initial_temperature = 3.0, cooling_rate = 0.999
26 - INFO - chord#: 20 done. best_score=104.0, changed=612, unchanged=244, early_stops=8/8
26 - INFO - chord#: 22 In build_straw_man_chord_sa. tolerance = 1, sa_iterations = 1000, initial_temperature = 3.0, cooling_rate = 0.999
26 - INFO - chord#: 16 done. best_score=27.0, changed=523, unchanged=325, early_stops=8/8
26 - INFO - chord#: 20 In build_straw_man_chord_sa. tolerance = 1, sa_iterations = 1000, initial_temperature = 3.0, cooling_rate = 0.999
26 - INFO - chord#: 20 done. best_score=64.0, changed=608, unchanged=269, early_stops=8/8
26 - INFO - chord#: 22 In build_straw_man_chord_sa. tolerance = 1, sa_iterations = 1000, initial_temperature = 3.0, cooling_rate = 0.999
26 - INFO - chord#: 20 done. best_score=64.0, changed=611, unchanged=334, early_stops=8/8
26 - INFO - chord#: 22 In build_straw_man_chord_sa. tolerance = 1, sa_iterations = 1000, initial_temperature = 3.0, cooling_rate = 0.999
26 - INFO - chord#: 16 done. best_score=27.0, changed=535, unchanged=401, early_stops=8/8
26 - INFO - chord#: 20 In build_straw_man_chord_sa. tolerance = 1, sa_iterations = 1000, initial_temperature = 3.0, cooling_rate = 0.999
26 - INFO - chord#: 20 done. best_score=125.0, changed=613, unchanged=347, early_stops=8/8
26 - INFO - chord#: 22 In build_straw_man_chord_sa. tolerance = 1, sa_iterations = 1000, initial_temperature = 3.0, cooling_rate = 0.999
26 - INFO - chord#: 20 done. best_score=64.0, changed=611, unchanged=265, early_stops=8/8
26 - INFO - chord#: 22 In build_straw_man_chord_sa. tolerance = 1, sa_iterations = 1000, initial_temperature = 3.0, cooling_rate = 0.999
26 - INFO - chord#: 20 done. best_score=104.0, changed=616, unchanged=533, early_stops=8/8
26 - INFO - chord#: 22 done. best_score=168.0, changed=611, unchanged=283, early_stops=8/8
26 - INFO - chord#: 22 In build_straw_man_chord_sa. tolerance = 1, sa_iterations = 1000, initial_temperature = 3.0, cooling_rate = 0.999
26 - INFO - chord#: 23 In build_straw_man_chord_sa. tolerance = 1, sa_iterations = 1000, initial_temperature = 3.0, cooling_rate = 0.999
26 - INFO - chord#: 20 done. best_score=64.0, changed=617, unchanged=356, early_stops=8/8
26 - INFO - chord#: 22 In build_straw_man_chord_sa. tolerance = 1, sa_iterations = 1000, initial_temperature = 3.0, cooling_rate = 0.999
26 - INFO - chord#: 20 done. best_score=154.0, changed=611, unchanged=400, early_stops=8/8
26 - INFO - chord#: 22 done. best_score=74.0, changed=612, unchanged=259, early_stops=8/8
26 - INFO - chord#: 22 In build_straw_man_chord_sa. tolerance = 1, sa_iterations = 1000, initial_temperature = 3.0, cooling_rate = 0.999
26 - INFO - chord#: 23 In build_straw_man_chord_sa. tolerance = 1, sa_iterations = 1000, initial_temperature = 3.0, cooling_rate = 0.999
26 - INFO - chord#: 20 done. best_score=64.0, changed=607, unchanged=253, early_stops=8/8
26 - INFO - chord#: 22 In build_straw_man_chord_sa. tolerance = 1, sa_iterations = 1000, initial_temperature = 3.0, cooling_rate = 0.999
26 - INFO - chord#: 22 done. best_score=74.0, changed=613, unchanged=307, early_stops=8/8
26 - INFO - chord#: 23 In build_straw_man_chord_sa. tolerance = 1, sa_iterations = 1000, initial_temperature = 3.0, cooling_rate = 0.999
26 - INFO - chord#: 20 done. best_score=64.0, changed=614, unchanged=224, early_stops=8/8
26 - INFO - chord#: 22 In build_straw_man_chord_sa. tolerance = 1, sa_iterations = 1000, initial_temperature = 3.0, cooling_rate = 0.999
26 - INFO - chord#: 23 done. best_score=27.0, changed=521, unchanged=396, early_stops=8/8
26 - INFO - chord#: 24 In build_straw_man_chord_sa. tolerance = 1, sa_iterations = 1000, initial_temperature = 3.0, cooling_rate = 0.999
26 - INFO - chord#: 20 done. best_score=145.0, changed=614, unchanged=410, early_stops=8/8
26 - INFO - chord#: 22 In build_straw_man_chord_sa. tolerance = 1, sa_iterations = 1000, initial_temperature = 3.0, cooling_rate = 0.999
26 - INFO - chord#: 23 done. best_score=27.0, changed=520, unchanged=381, early_stops=8/8
26 - INFO - chord#: 24 In build_straw_man_chord_sa. tolerance = 1, sa_iterations = 1000, initial_temperature = 3.0, cooling_rate = 0.999
26 - INFO - chord#: 20 done. best_score=64.0, changed=611, unchanged=341, early_stops=8/8
26 - INFO - chord#: 22 In build_straw_man_chord_sa. tolerance = 1, sa_iterations = 1000, initial_temperature = 3.0, cooling_rate = 0.999
26 - INFO - chord#: 23 done. best_score=27.0, changed=528, unchanged=327, early_stops=8/8
26 - INFO - chord#: 24 In build_straw_man_chord_sa. tolerance = 1, sa_iterations = 1000, initial_temperature = 3.0, cooling_rate = 0.999
26 - INFO - chord#: 22 done. best_score=150.0, changed=618, unchanged=283, early_stops=8/8
26 - INFO - chord#: 23 In build_straw_man_chord_sa. tolerance = 1, sa_iterations = 1000, initial_temperature = 3.0, cooling_rate = 0.999
26 - INFO - chord#: 22 done. best_score=172.0, changed=614, unchanged=242, early_stops=8/8
26 - INFO - chord#: 23 In build_straw_man_chord_sa. tolerance = 1, sa_iterations = 1000, initial_temperature = 3.0, cooling_rate = 0.999
26 - INFO - chord#: 24 done. best_score=27.0, changed=524, unchanged=358, early_stops=8/8
26 - INFO - chord#: 26 In build_straw_man_chord_sa. tolerance = 1, sa_iterations = 1000, initial_temperature = 3.0, cooling_rate = 0.999
26 - INFO - chord#: 24 done. best_score=27.0, changed=525, unchanged=430, early_stops=8/8
26 - INFO - chord#: 26 In build_straw_man_chord_sa. tolerance = 1, sa_iterations = 1000, initial_temperature = 3.0, cooling_rate = 0.999
26 - INFO - chord#: 22 done. best_score=168.0, changed=613, unchanged=263, early_stops=8/8
26 - INFO - chord#: 23 In build_straw_man_chord_sa. tolerance = 1, sa_iterations = 1000, initial_temperature = 3.0, cooling_rate = 0.999
26 - INFO - chord#: 22 done. best_score=74.0, changed=614, unchanged=323, early_stops=8/8
26 - INFO - chord#: 23 In build_straw_man_chord_sa. tolerance = 1, sa_iterations = 1000, initial_temperature = 3.0, cooling_rate = 0.999
26 - INFO - chord#: 22 done. best_score=74.0, changed=610, unchanged=302, early_stops=8/8
26 - INFO - chord#: 23 In build_straw_man_chord_sa. tolerance = 1, sa_iterations = 1000, initial_temperature = 3.0, cooling_rate = 0.999
26 - INFO - chord#: 22 done. best_score=74.0, changed=612, unchanged=201, early_stops=8/8
26 - INFO - chord#: 23 In build_straw_man_chord_sa. tolerance = 1, sa_iterations = 1000, initial_temperature = 3.0, cooling_rate = 0.999
26 - INFO - chord#: 24 done. best_score=27.0, changed=523, unchanged=516, early_stops=8/8
26 - INFO - chord#: 26 In build_straw_man_chord_sa. tolerance = 1, sa_iterations = 1000, initial_temperature = 3.0, cooling_rate = 0.999
26 - INFO - chord#: 23 done. best_score=27.0, changed=523, unchanged=299, early_stops=8/8
26 - INFO - chord#: 24 In build_straw_man_chord_sa. tolerance = 1, sa_iterations = 1000, initial_temperature = 3.0, cooling_rate = 0.999
26 - INFO - chord#: 22 done. best_score=74.0, changed=623, unchanged=435, early_stops=8/8
26 - INFO - chord#: 23 In build_straw_man_chord_sa. tolerance = 1, sa_iterations = 1000, initial_temperature = 3.0, cooling_rate = 0.999
26 - INFO - chord#: 22 done. best_score=74.0, changed=616, unchanged=265, early_stops=8/8
26 - INFO - chord#: 23 In build_straw_man_chord_sa. tolerance = 1, sa_iterations = 1000, initial_temperature = 3.0, cooling_rate = 0.999
26 - INFO - chord#: 23 done. best_score=27.0, changed=516, unchanged=390, early_stops=8/8
26 - INFO - chord#: 24 In build_straw_man_chord_sa. tolerance = 1, sa_iterations = 1000, initial_temperature = 3.0, cooling_rate = 0.999
26 - INFO - chord#: 23 done. best_score=27.0, changed=525, unchanged=351, early_stops=8/8
26 - INFO - chord#: 24 In build_straw_man_chord_sa. tolerance = 1, sa_iterations = 1000, initial_temperature = 3.0, cooling_rate = 0.999
26 - INFO - chord#: 23 done. best_score=27.0, changed=531, unchanged=483, early_stops=8/8
26 - INFO - chord#: 24 In build_straw_man_chord_sa. tolerance = 1, sa_iterations = 1000, initial_temperature = 3.0, cooling_rate = 0.999
26 - INFO - chord#: 22 done. best_score=74.0, changed=610, unchanged=282, early_stops=8/8
26 - INFO - chord#: 23 In build_straw_man_chord_sa. tolerance = 1, sa_iterations = 1000, initial_temperature = 3.0, cooling_rate = 0.999
26 - INFO - chord#: 23 done. best_score=27.0, changed=529, unchanged=413, early_stops=8/8
26 - INFO - chord#: 24 In build_straw_man_chord_sa. tolerance = 1, sa_iterations = 1000, initial_temperature = 3.0, cooling_rate = 0.999
26 - INFO - chord#: 23 done. best_score=27.0, changed=526, unchanged=374, early_stops=8/8
26 - INFO - chord#: 24 In build_straw_man_chord_sa. tolerance = 1, sa_iterations = 1000, initial_temperature = 3.0, cooling_rate = 0.999
26 - INFO - chord#: 23 done. best_score=27.0, changed=518, unchanged=323, early_stops=8/8
26 - INFO - chord#: 24 In build_straw_man_chord_sa. tolerance = 1, sa_iterations = 1000, initial_temperature = 3.0, cooling_rate = 0.999
26 - INFO - chord#: 23 done. best_score=27.0, changed=519, unchanged=379, early_stops=8/8
26 - INFO - chord#: 24 In build_straw_man_chord_sa. tolerance = 1, sa_iterations = 1000, initial_temperature = 3.0, cooling_rate = 0.999
26 - INFO - chord#: 24 done. best_score=27.0, changed=514, unchanged=362, early_stops=8/8
26 - INFO - chord#: 26 In build_straw_man_chord_sa. tolerance = 1, sa_iterations = 1000, initial_temperature = 3.0, cooling_rate = 0.999
26 - INFO - chord#: 24 done. best_score=27.0, changed=525, unchanged=546, early_stops=8/8
26 - INFO - chord#: 26 In build_straw_man_chord_sa. tolerance = 1, sa_iterations = 1000, initial_temperature = 3.0, cooling_rate = 0.999
26 - INFO - chord#: 24 done. best_score=27.0, changed=520, unchanged=453, early_stops=8/8
26 - INFO - chord#: 26 In build_straw_man_chord_sa. tolerance = 1, sa_iterations = 1000, initial_temperature = 3.0, cooling_rate = 0.999
26 - INFO - chord#: 26 done. best_score=96.0, changed=608, unchanged=331, early_stops=8/8
26 - INFO - chord#: 28 In build_straw_man_chord_sa. tolerance = 1, sa_iterations = 1000, initial_temperature = 3.0, cooling_rate = 0.999
26 - INFO - chord#: 24 done. best_score=27.0, changed=516, unchanged=393, early_stops=8/8
26 - INFO - chord#: 26 In build_straw_man_chord_sa. tolerance = 1, sa_iterations = 1000, initial_temperature = 3.0, cooling_rate = 0.999
26 - INFO - chord#: 24 done. best_score=27.0, changed=517, unchanged=425, early_stops=8/8
26 - INFO - chord#: 23 done. best_score=27.0, changed=524, unchanged=504, early_stops=8/8
26 - INFO - chord#: 26 In build_straw_man_chord_sa. tolerance = 1, sa_iterations = 1000, initial_temperature = 3.0, cooling_rate = 0.999
26 - INFO - chord#: 24 In build_straw_man_chord_sa. tolerance = 1, sa_iterations = 1000, initial_temperature = 3.0, cooling_rate = 0.999
26 - INFO - chord#: 24 done. best_score=27.0, changed=526, unchanged=513, early_stops=8/8
26 - INFO - chord#: 26 In build_straw_man_chord_sa. tolerance = 1, sa_iterations = 1000, initial_temperature = 3.0, cooling_rate = 0.999
26 - INFO - chord#: 24 done. best_score=27.0, changed=519, unchanged=532, early_stops=8/8
26 - INFO - chord#: 26 In build_straw_man_chord_sa. tolerance = 1, sa_iterations = 1000, initial_temperature = 3.0, cooling_rate = 0.999
26 - INFO - chord#: 24 done. best_score=27.0, changed=515, unchanged=376, early_stops=8/8
26 - INFO - chord#: 26 In build_straw_man_chord_sa. tolerance = 1, sa_iterations = 1000, initial_temperature = 3.0, cooling_rate = 0.999
26 - INFO - chord#: 26 done. best_score=167.0, changed=614, unchanged=320, early_stops=8/8
26 - INFO - chord#: 28 In build_straw_man_chord_sa. tolerance = 1, sa_iterations = 1000, initial_temperature = 3.0, cooling_rate = 0.999
26 - INFO - chord#: 28 done. best_score=27.0, changed=520, unchanged=354, early_stops=8/8
26 - INFO - chord#: 32 In build_straw_man_chord_sa. tolerance = 1, sa_iterations = 1000, initial_temperature = 3.0, cooling_rate = 0.999
26 - INFO - chord#: 26 done. best_score=157.0, changed=614, unchanged=293, early_stops=8/8
26 - INFO - chord#: 28 In build_straw_man_chord_sa. tolerance = 1, sa_iterations = 1000, initial_temperature = 3.0, cooling_rate = 0.999
26 - INFO - chord#: 24 done. best_score=27.0, changed=516, unchanged=397, early_stops=8/8
26 - INFO - chord#: 26 In build_straw_man_chord_sa. tolerance = 1, sa_iterations = 1000, initial_temperature = 3.0, cooling_rate = 0.999
26 - INFO - chord#: 28 done. best_score=27.0, changed=519, unchanged=334, early_stops=8/8
26 - INFO - chord#: 32 In build_straw_man_chord_sa. tolerance = 1, sa_iterations = 1000, initial_temperature = 3.0, cooling_rate = 0.999
26 - INFO - chord#: 32 done. best_score=36.0, changed=528, unchanged=442, early_stops=8/8
26 - INFO - chord#: 36 In build_straw_man_chord_sa. tolerance = 1, sa_iterations = 1000, initial_temperature = 3.0, cooling_rate = 0.999
26 - INFO - chord#: 26 done. best_score=96.0, changed=609, unchanged=319, early_stops=8/8
26 - INFO - chord#: 28 In build_straw_man_chord_sa. tolerance = 1, sa_iterations = 1000, initial_temperature = 3.0, cooling_rate = 0.999
26 - INFO - chord#: 26 done. best_score=67.0, changed=615, unchanged=300, early_stops=8/8
26 - INFO - chord#: 28 In build_straw_man_chord_sa. tolerance = 1, sa_iterations = 1000, initial_temperature = 3.0, cooling_rate = 0.999
26 - INFO - chord#: 28 done. best_score=27.0, changed=516, unchanged=307, early_stops=8/8
26 - INFO - chord#: 32 In build_straw_man_chord_sa. tolerance = 1, sa_iterations = 1000, initial_temperature = 3.0, cooling_rate = 0.999
26 - INFO - chord#: 26 done. best_score=67.0, changed=610, unchanged=311, early_stops=8/8
26 - INFO - chord#: 28 In build_straw_man_chord_sa. tolerance = 1, sa_iterations = 1000, initial_temperature = 3.0, cooling_rate = 0.999
26 - INFO - chord#: 26 done. best_score=96.0, changed=611, unchanged=252, early_stops=8/8
26 - INFO - chord#: 28 In build_straw_man_chord_sa. tolerance = 1, sa_iterations = 1000, initial_temperature = 3.0, cooling_rate = 0.999
26 - INFO - chord#: 26 done. best_score=67.0, changed=608, unchanged=239, early_stops=8/8
26 - INFO - chord#: 28 In build_straw_man_chord_sa. tolerance = 1, sa_iterations = 1000, initial_temperature = 3.0, cooling_rate = 0.999
26 - INFO - chord#: 26 done. best_score=67.0, changed=613, unchanged=343, early_stops=8/8
26 - INFO - chord#: 28 In build_straw_man_chord_sa. tolerance = 1, sa_iterations = 1000, initial_temperature = 3.0, cooling_rate = 0.999
26 - INFO - chord#: 36 done. best_score=27.0, changed=518, unchanged=395, early_stops=8/8
26 - INFO - chord#: 40 In build_straw_man_chord_sa. tolerance = 1, sa_iterations = 1000, initial_temperature = 3.0, cooling_rate = 0.999
26 - INFO - chord#: 28 done. best_score=27.0, changed=524, unchanged=388, early_stops=8/8
26 - INFO - chord#: 32 In build_straw_man_chord_sa. tolerance = 1, sa_iterations = 1000, initial_temperature = 3.0, cooling_rate = 0.999
26 - INFO - chord#: 28 done. best_score=27.0, changed=525, unchanged=618, early_stops=8/8
26 - INFO - chord#: 32 In build_straw_man_chord_sa. tolerance = 1, sa_iterations = 1000, initial_temperature = 3.0, cooling_rate = 0.999
26 - INFO - chord#: 26 done. best_score=67.0, changed=618, unchanged=370, early_stops=8/8
26 - INFO - chord#: 28 In build_straw_man_chord_sa. tolerance = 1, sa_iterations = 1000, initial_temperature = 3.0, cooling_rate = 0.999
26 - INFO - chord#: 28 done. best_score=27.0, changed=524, unchanged=373, early_stops=8/8
26 - INFO - chord#: 32 In build_straw_man_chord_sa. tolerance = 1, sa_iterations = 1000, initial_temperature = 3.0, cooling_rate = 0.999
26 - INFO - chord#: 32 done. best_score=36.0, changed=541, unchanged=475, early_stops=8/8
26 - INFO - chord#: 36 In build_straw_man_chord_sa. tolerance = 1, sa_iterations = 1000, initial_temperature = 3.0, cooling_rate = 0.999
26 - INFO - chord#: 32 done. best_score=36.0, changed=514, unchanged=322, early_stops=8/8
26 - INFO - chord#: 36 In build_straw_man_chord_sa. tolerance = 1, sa_iterations = 1000, initial_temperature = 3.0, cooling_rate = 0.999
26 - INFO - chord#: 28 done. best_score=27.0, changed=531, unchanged=519, early_stops=8/8
26 - INFO - chord#: 32 In build_straw_man_chord_sa. tolerance = 1, sa_iterations = 1000, initial_temperature = 3.0, cooling_rate = 0.999
26 - INFO - chord#: 28 done. best_score=27.0, changed=533, unchanged=435, early_stops=8/8
26 - INFO - chord#: 32 In build_straw_man_chord_sa. tolerance = 1, sa_iterations = 1000, initial_temperature = 3.0, cooling_rate = 0.999
26 - INFO - chord#: 26 done. best_score=137.0, changed=619, unchanged=467, early_stops=8/8
26 - INFO - chord#: 28 In build_straw_man_chord_sa. tolerance = 1, sa_iterations = 1000, initial_temperature = 3.0, cooling_rate = 0.999
26 - INFO - chord#: 40 done. best_score=27.0, changed=524, unchanged=356, early_stops=8/8
26 - INFO - chord#: 42 In build_straw_man_chord_sa. tolerance = 1, sa_iterations = 1000, initial_temperature = 3.0, cooling_rate = 0.999
26 - INFO - chord#: 28 done. best_score=27.0, changed=524, unchanged=422, early_stops=8/8
26 - INFO - chord#: 32 In build_straw_man_chord_sa. tolerance = 1, sa_iterations = 1000, initial_temperature = 3.0, cooling_rate = 0.999
26 - INFO - chord#: 32 done. best_score=36.0, changed=529, unchanged=396, early_stops=8/8
26 - INFO - chord#: 36 In build_straw_man_chord_sa. tolerance = 1, sa_iterations = 1000, initial_temperature = 3.0, cooling_rate = 0.999
26 - INFO - chord#: 32 done. best_score=36.0, changed=521, unchanged=428, early_stops=8/8
26 - INFO - chord#: 36 In build_straw_man_chord_sa. tolerance = 1, sa_iterations = 1000, initial_temperature = 3.0, cooling_rate = 0.999
26 - INFO - chord#: 32 done. best_score=36.0, changed=525, unchanged=392, early_stops=8/8
26 - INFO - chord#: 36 In build_straw_man_chord_sa. tolerance = 1, sa_iterations = 1000, initial_temperature = 3.0, cooling_rate = 0.999
26 - INFO - chord#: 26 done. best_score=96.0, changed=608, unchanged=342, early_stops=8/8
26 - INFO - chord#: 28 In build_straw_man_chord_sa. tolerance = 1, sa_iterations = 1000, initial_temperature = 3.0, cooling_rate = 0.999
26 - INFO - chord#: 28 done. best_score=27.0, changed=517, unchanged=421, early_stops=8/8
26 - INFO - chord#: 32 In build_straw_man_chord_sa. tolerance = 1, sa_iterations = 1000, initial_temperature = 3.0, cooling_rate = 0.999
26 - INFO - chord#: 32 done. best_score=36.0, changed=524, unchanged=408, early_stops=8/8
26 - INFO - chord#: 36 In build_straw_man_chord_sa. tolerance = 1, sa_iterations = 1000, initial_temperature = 3.0, cooling_rate = 0.999
26 - INFO - chord#: 36 done. best_score=27.0, changed=519, unchanged=404, early_stops=8/8
26 - INFO - chord#: 40 In build_straw_man_chord_sa. tolerance = 1, sa_iterations = 1000, initial_temperature = 3.0, cooling_rate = 0.999
26 - INFO - chord#: 36 done. best_score=27.0, changed=518, unchanged=344, early_stops=8/8
26 - INFO - chord#: 40 In build_straw_man_chord_sa. tolerance = 1, sa_iterations = 1000, initial_temperature = 3.0, cooling_rate = 0.999
26 - INFO - chord#: 32 done. best_score=36.0, changed=523, unchanged=391, early_stops=8/8
26 - INFO - chord#: 36 In build_straw_man_chord_sa. tolerance = 1, sa_iterations = 1000, initial_temperature = 3.0, cooling_rate = 0.999
26 - INFO - chord#: 42 done. best_score=72.0, changed=534, unchanged=400, early_stops=8/8
26 - INFO - chord#: 44 In build_straw_man_chord_sa. tolerance = 1, sa_iterations = 1000, initial_temperature = 3.0, cooling_rate = 0.999
26 - INFO - chord#: 36 done. best_score=27.0, changed=522, unchanged=378, early_stops=8/8
26 - INFO - chord#: 40 In build_straw_man_chord_sa. tolerance = 1, sa_iterations = 1000, initial_temperature = 3.0, cooling_rate = 0.999
26 - INFO - chord#: 28 done. best_score=27.0, changed=520, unchanged=418, early_stops=8/8
26 - INFO - chord#: 32 In build_straw_man_chord_sa. tolerance = 1, sa_iterations = 1000, initial_temperature = 3.0, cooling_rate = 0.999
26 - INFO - chord#: 36 done. best_score=27.0, changed=529, unchanged=455, early_stops=8/8
26 - INFO - chord#: 40 In build_straw_man_chord_sa. tolerance = 1, sa_iterations = 1000, initial_temperature = 3.0, cooling_rate = 0.999
26 - INFO - chord#: 32 done. best_score=36.0, changed=531, unchanged=369, early_stops=8/8
26 - INFO - chord#: 36 In build_straw_man_chord_sa. tolerance = 1, sa_iterations = 1000, initial_temperature = 3.0, cooling_rate = 0.999
26 - INFO - chord#: 36 done. best_score=27.0, changed=519, unchanged=366, early_stops=8/8
26 - INFO - chord#: 40 In build_straw_man_chord_sa. tolerance = 1, sa_iterations = 1000, initial_temperature = 3.0, cooling_rate = 0.999
26 - INFO - chord#: 36 done. best_score=27.0, changed=514, unchanged=332, early_stops=8/8
26 - INFO - chord#: 40 In build_straw_man_chord_sa. tolerance = 1, sa_iterations = 1000, initial_temperature = 3.0, cooling_rate = 0.999
26 - INFO - chord#: 28 done. best_score=27.0, changed=517, unchanged=366, early_stops=8/8
26 - INFO - chord#: 32 In build_straw_man_chord_sa. tolerance = 1, sa_iterations = 1000, initial_temperature = 3.0, cooling_rate = 0.999
26 - INFO - chord#: 32 done. best_score=36.0, changed=527, unchanged=305, early_stops=8/8
26 - INFO - chord#: 36 In build_straw_man_chord_sa. tolerance = 1, sa_iterations = 1000, initial_temperature = 3.0, cooling_rate = 0.999
26 - INFO - chord#: 44 done. best_score=27.0, changed=521, unchanged=452, early_stops=8/8
26 - INFO - chord#: 46 In build_straw_man_chord_sa. tolerance = 1, sa_iterations = 1000, initial_temperature = 3.0, cooling_rate = 0.999
26 - INFO - chord#: 36 done. best_score=27.0, changed=517, unchanged=362, early_stops=8/8
26 - INFO - chord#: 40 In build_straw_man_chord_sa. tolerance = 1, sa_iterations = 1000, initial_temperature = 3.0, cooling_rate = 0.999
26 - INFO - chord#: 40 done. best_score=27.0, changed=525, unchanged=522, early_stops=8/8
26 - INFO - chord#: 42 In build_straw_man_chord_sa. tolerance = 1, sa_iterations = 1000, initial_temperature = 3.0, cooling_rate = 0.999
26 - INFO - chord#: 40 done. best_score=27.0, changed=520, unchanged=432, early_stops=8/8
26 - INFO - chord#: 42 In build_straw_man_chord_sa. tolerance = 1, sa_iterations = 1000, initial_temperature = 3.0, cooling_rate = 0.999
26 - INFO - chord#: 40 done. best_score=27.0, changed=515, unchanged=341, early_stops=8/8
26 - INFO - chord#: 42 In build_straw_man_chord_sa. tolerance = 1, sa_iterations = 1000, initial_temperature = 3.0, cooling_rate = 0.999
26 - INFO - chord#: 40 done. best_score=27.0, changed=518, unchanged=363, early_stops=8/8
26 - INFO - chord#: 42 In build_straw_man_chord_sa. tolerance = 1, sa_iterations = 1000, initial_temperature = 3.0, cooling_rate = 0.999
26 - INFO - chord#: 40 done. best_score=27.0, changed=519, unchanged=410, early_stops=8/8
26 - INFO - chord#: 42 In build_straw_man_chord_sa. tolerance = 1, sa_iterations = 1000, initial_temperature = 3.0, cooling_rate = 0.999
26 - INFO - chord#: 40 done. best_score=27.0, changed=514, unchanged=326, early_stops=8/8
26 - INFO - chord#: 42 In build_straw_man_chord_sa. tolerance = 1, sa_iterations = 1000, initial_temperature = 3.0, cooling_rate = 0.999
26 - INFO - chord#: 32 done. best_score=36.0, changed=525, unchanged=404, early_stops=8/8
26 - INFO - chord#: 36 In build_straw_man_chord_sa. tolerance = 1, sa_iterations = 1000, initial_temperature = 3.0, cooling_rate = 0.999
26 - INFO - chord#: 40 done. best_score=27.0, changed=525, unchanged=472, early_stops=8/8
26 - INFO - chord#: 42 In build_straw_man_chord_sa. tolerance = 1, sa_iterations = 1000, initial_temperature = 3.0, cooling_rate = 0.999
26 - INFO - chord#: 36 done. best_score=27.0, changed=522, unchanged=541, early_stops=8/8
26 - INFO - chord#: 40 In build_straw_man_chord_sa. tolerance = 1, sa_iterations = 1000, initial_temperature = 3.0, cooling_rate = 0.999
26 - INFO - chord#: 42 done. best_score=36.0, changed=531, unchanged=344, early_stops=8/8
26 - INFO - chord#: 44 In build_straw_man_chord_sa. tolerance = 1, sa_iterations = 1000, initial_temperature = 3.0, cooling_rate = 0.999
26 - INFO - chord#: 36 done. best_score=27.0, changed=519, unchanged=358, early_stops=8/8
26 - INFO - chord#: 40 In build_straw_man_chord_sa. tolerance = 1, sa_iterations = 1000, initial_temperature = 3.0, cooling_rate = 0.999
26 - INFO - chord#: 32 done. best_score=36.0, changed=526, unchanged=406, early_stops=8/8
26 - INFO - chord#: 36 In build_straw_man_chord_sa. tolerance = 1, sa_iterations = 1000, initial_temperature = 3.0, cooling_rate = 0.999
26 - INFO - chord#: 42 done. best_score=36.0, changed=537, unchanged=340, early_stops=8/8
26 - INFO - chord#: 44 In build_straw_man_chord_sa. tolerance = 1, sa_iterations = 1000, initial_temperature = 3.0, cooling_rate = 0.999
26 - INFO - chord#: 42 done. best_score=75.0, changed=533, unchanged=492, early_stops=8/8
26 - INFO - chord#: 44 In build_straw_man_chord_sa. tolerance = 1, sa_iterations = 1000, initial_temperature = 3.0, cooling_rate = 0.999
26 - INFO - chord#: 42 done. best_score=36.0, changed=533, unchanged=346, early_stops=8/8
26 - INFO - chord#: 44 In build_straw_man_chord_sa. tolerance = 1, sa_iterations = 1000, initial_temperature = 3.0, cooling_rate = 0.999
26 - INFO - chord#: 42 done. best_score=72.0, changed=538, unchanged=402, early_stops=8/8
26 - INFO - chord#: 44 In build_straw_man_chord_sa. tolerance = 1, sa_iterations = 1000, initial_temperature = 3.0, cooling_rate = 0.999
26 - INFO - chord#: 42 done. best_score=72.0, changed=539, unchanged=438, early_stops=8/8
26 - INFO - chord#: 44 In build_straw_man_chord_sa. tolerance = 1, sa_iterations = 1000, initial_temperature = 3.0, cooling_rate = 0.999
26 - INFO - chord#: 42 done. best_score=36.0, changed=531, unchanged=300, early_stops=8/8
26 - INFO - chord#: 44 In build_straw_man_chord_sa. tolerance = 1, sa_iterations = 1000, initial_temperature = 3.0, cooling_rate = 0.999
26 - INFO - chord#: 44 done. best_score=27.0, changed=519, unchanged=347, early_stops=8/8
26 - INFO - chord#: 46 In build_straw_man_chord_sa. tolerance = 1, sa_iterations = 1000, initial_temperature = 3.0, cooling_rate = 0.999
26 - INFO - chord#: 36 done. best_score=27.0, changed=524, unchanged=473, early_stops=8/8
26 - INFO - chord#: 40 In build_straw_man_chord_sa. tolerance = 1, sa_iterations = 1000, initial_temperature = 3.0, cooling_rate = 0.999
26 - INFO - chord#: 44 done. best_score=27.0, changed=519, unchanged=349, early_stops=8/8
26 - INFO - chord#: 46 In build_straw_man_chord_sa. tolerance = 1, sa_iterations = 1000, initial_temperature = 3.0, cooling_rate = 0.999
26 - INFO - chord#: 46 done. best_score=74.0, changed=610, unchanged=352, early_stops=8/8
26 - INFO - chord#: 48 In build_straw_man_chord_sa. tolerance = 1, sa_iterations = 1000, initial_temperature = 3.0, cooling_rate = 0.999
26 - INFO - chord#: 40 done. best_score=27.0, changed=529, unchanged=527, early_stops=8/8
26 - INFO - chord#: 42 In build_straw_man_chord_sa. tolerance = 1, sa_iterations = 1000, initial_temperature = 3.0, cooling_rate = 0.999
26 - INFO - chord#: 44 done. best_score=27.0, changed=525, unchanged=410, early_stops=8/8
26 - INFO - chord#: 46 In build_straw_man_chord_sa. tolerance = 1, sa_iterations = 1000, initial_temperature = 3.0, cooling_rate = 0.999
26 - INFO - chord#: 44 done. best_score=27.0, changed=517, unchanged=418, early_stops=8/8
26 - INFO - chord#: 46 In build_straw_man_chord_sa. tolerance = 1, sa_iterations = 1000, initial_temperature = 3.0, cooling_rate = 0.999
26 - INFO - chord#: 44 done. best_score=27.0, changed=525, unchanged=511, early_stops=8/8
26 - INFO - chord#: 46 In build_straw_man_chord_sa. tolerance = 1, sa_iterations = 1000, initial_temperature = 3.0, cooling_rate = 0.999
26 - INFO - chord#: 40 done. best_score=27.0, changed=528, unchanged=564, early_stops=8/8
26 - INFO - chord#: 42 In build_straw_man_chord_sa. tolerance = 1, sa_iterations = 1000, initial_temperature = 3.0, cooling_rate = 0.999
26 - INFO - chord#: 36 done. best_score=27.0, changed=520, unchanged=512, early_stops=8/8
26 - INFO - chord#: 40 In build_straw_man_chord_sa. tolerance = 1, sa_iterations = 1000, initial_temperature = 3.0, cooling_rate = 0.999
26 - INFO - chord#: 44 done. best_score=27.0, changed=524, unchanged=475, early_stops=8/8
26 - INFO - chord#: 46 In build_straw_man_chord_sa. tolerance = 1, sa_iterations = 1000, initial_temperature = 3.0, cooling_rate = 0.999
26 - INFO - chord#: 44 done. best_score=27.0, changed=520, unchanged=489, early_stops=8/8
26 - INFO - chord#: 46 In build_straw_man_chord_sa. tolerance = 1, sa_iterations = 1000, initial_temperature = 3.0, cooling_rate = 0.999
26 - INFO - chord#: 40 done. best_score=27.0, changed=515, unchanged=307, early_stops=8/8
26 - INFO - chord#: 42 In build_straw_man_chord_sa. tolerance = 1, sa_iterations = 1000, initial_temperature = 3.0, cooling_rate = 0.999
26 - INFO - chord#: 48 done. best_score=27.0, changed=516, unchanged=357, early_stops=8/8
26 - INFO - chord#: 50 In build_straw_man_chord_sa. tolerance = 1, sa_iterations = 1000, initial_temperature = 3.0, cooling_rate = 0.999
26 - INFO - chord#: 42 done. best_score=36.0, changed=533, unchanged=306, early_stops=8/8
26 - INFO - chord#: 44 In build_straw_man_chord_sa. tolerance = 1, sa_iterations = 1000, initial_temperature = 3.0, cooling_rate = 0.999
26 - INFO - chord#: 42 done. best_score=72.0, changed=527, unchanged=351, early_stops=8/8
26 - INFO - chord#: 44 In build_straw_man_chord_sa. tolerance = 1, sa_iterations = 1000, initial_temperature = 3.0, cooling_rate = 0.999
26 - INFO - chord#: 40 done. best_score=27.0, changed=531, unchanged=420, early_stops=8/8
26 - INFO - chord#: 42 In build_straw_man_chord_sa. tolerance = 1, sa_iterations = 1000, initial_temperature = 3.0, cooling_rate = 0.999
26 - INFO - chord#: 46 done. best_score=149.0, changed=607, unchanged=243, early_stops=8/8
26 - INFO - chord#: 48 In build_straw_man_chord_sa. tolerance = 1, sa_iterations = 1000, initial_temperature = 3.0, cooling_rate = 0.999
26 - INFO - chord#: 50 done. best_score=27.0, changed=521, unchanged=359, early_stops=8/8
26 - INFO - chord#: 52 In build_straw_man_chord_sa. tolerance = 1, sa_iterations = 1000, initial_temperature = 3.0, cooling_rate = 0.999
26 - INFO - chord#: 46 done. best_score=74.0, changed=614, unchanged=291, early_stops=8/8
26 - INFO - chord#: 48 In build_straw_man_chord_sa. tolerance = 1, sa_iterations = 1000, initial_temperature = 3.0, cooling_rate = 0.999
26 - INFO - chord#: 42 done. best_score=72.0, changed=532, unchanged=409, early_stops=8/8
26 - INFO - chord#: 44 In build_straw_man_chord_sa. tolerance = 1, sa_iterations = 1000, initial_temperature = 3.0, cooling_rate = 0.999
26 - INFO - chord#: 44 done. best_score=27.0, changed=514, unchanged=379, early_stops=8/8
26 - INFO - chord#: 46 In build_straw_man_chord_sa. tolerance = 1, sa_iterations = 1000, initial_temperature = 3.0, cooling_rate = 0.999
26 - INFO - chord#: 46 done. best_score=74.0, changed=609, unchanged=393, early_stops=8/8
26 - INFO - chord#: 48 In build_straw_man_chord_sa. tolerance = 1, sa_iterations = 1000, initial_temperature = 3.0, cooling_rate = 0.999
26 - INFO - chord#: 46 done. best_score=74.0, changed=613, unchanged=395, early_stops=8/8
26 - INFO - chord#: 48 In build_straw_man_chord_sa. tolerance = 1, sa_iterations = 1000, initial_temperature = 3.0, cooling_rate = 0.999
26 - INFO - chord#: 44 done. best_score=27.0, changed=526, unchanged=493, early_stops=8/8
26 - INFO - chord#: 46 In build_straw_man_chord_sa. tolerance = 1, sa_iterations = 1000, initial_temperature = 3.0, cooling_rate = 0.999
26 - INFO - chord#: 48 done. best_score=27.0, changed=524, unchanged=475, early_stops=8/8
26 - INFO - chord#: 50 In build_straw_man_chord_sa. tolerance = 1, sa_iterations = 1000, initial_temperature = 3.0, cooling_rate = 0.999
26 - INFO - chord#: 42 done. best_score=36.0, changed=529, unchanged=361, early_stops=8/8
26 - INFO - chord#: 44 In build_straw_man_chord_sa. tolerance = 1, sa_iterations = 1000, initial_temperature = 3.0, cooling_rate = 0.999
26 - INFO - chord#: 48 done. best_score=27.0, changed=525, unchanged=522, early_stops=8/8
26 - INFO - chord#: 50 In build_straw_man_chord_sa. tolerance = 1, sa_iterations = 1000, initial_temperature = 3.0, cooling_rate = 0.999
26 - INFO - chord#: 46 done. best_score=74.0, changed=615, unchanged=465, early_stops=8/8
26 - INFO - chord#: 48 In build_straw_man_chord_sa. tolerance = 1, sa_iterations = 1000, initial_temperature = 3.0, cooling_rate = 0.999
26 - INFO - chord#: 44 done. best_score=27.0, changed=516, unchanged=339, early_stops=8/8
26 - INFO - chord#: 46 In build_straw_man_chord_sa. tolerance = 1, sa_iterations = 1000, initial_temperature = 3.0, cooling_rate = 0.999
26 - INFO - chord#: 46 done. best_score=149.0, changed=616, unchanged=410, early_stops=8/8
26 - INFO - chord#: 48 In build_straw_man_chord_sa. tolerance = 1, sa_iterations = 1000, initial_temperature = 3.0, cooling_rate = 0.999
26 - INFO - chord#: 46 done. best_score=74.0, changed=611, unchanged=344, early_stops=8/8
26 - INFO - chord#: 48 In build_straw_man_chord_sa. tolerance = 1, sa_iterations = 1000, initial_temperature = 3.0, cooling_rate = 0.999
26 - INFO - chord#: 48 done. best_score=27.0, changed=528, unchanged=467, early_stops=8/8
26 - INFO - chord#: 50 In build_straw_man_chord_sa. tolerance = 1, sa_iterations = 1000, initial_temperature = 3.0, cooling_rate = 0.999
26 - INFO - chord#: 48 done. best_score=27.0, changed=522, unchanged=398, early_stops=8/8
26 - INFO - chord#: 50 In build_straw_man_chord_sa. tolerance = 1, sa_iterations = 1000, initial_temperature = 3.0, cooling_rate = 0.999
26 - INFO - chord#: 50 done. best_score=36.0, changed=523, unchanged=389, early_stops=8/8
26 - INFO - chord#: 52 In build_straw_man_chord_sa. tolerance = 1, sa_iterations = 1000, initial_temperature = 3.0, cooling_rate = 0.999
26 - INFO - chord#: 50 done. best_score=27.0, changed=528, unchanged=433, early_stops=8/8
26 - INFO - chord#: 52 In build_straw_man_chord_sa. tolerance = 1, sa_iterations = 1000, initial_temperature = 3.0, cooling_rate = 0.999
26 - INFO - chord#: 48 done. best_score=27.0, changed=519, unchanged=392, early_stops=8/8
26 - INFO - chord#: 50 In build_straw_man_chord_sa. tolerance = 1, sa_iterations = 1000, initial_temperature = 3.0, cooling_rate = 0.999
26 - INFO - chord#: 52 done. best_score=142.0, changed=621, unchanged=436, early_stops=8/8
26 - INFO - chord#: 56 In build_straw_man_chord_sa. tolerance = 1, sa_iterations = 1000, initial_temperature = 3.0, cooling_rate = 0.999
26 - INFO - chord#: 44 done. best_score=27.0, changed=526, unchanged=534, early_stops=8/8
26 - INFO - chord#: 46 In build_straw_man_chord_sa. tolerance = 1, sa_iterations = 1000, initial_temperature = 3.0, cooling_rate = 0.999
26 - INFO - chord#: 48 done. best_score=27.0, changed=521, unchanged=433, early_stops=8/8
26 - INFO - chord#: 50 In build_straw_man_chord_sa. tolerance = 1, sa_iterations = 1000, initial_temperature = 3.0, cooling_rate = 0.999
26 - INFO - chord#: 50 done. best_score=27.0, changed=517, unchanged=349, early_stops=8/8
26 - INFO - chord#: 52 In build_straw_man_chord_sa. tolerance = 1, sa_iterations = 1000, initial_temperature = 3.0, cooling_rate = 0.999
26 - INFO - chord#: 48 done. best_score=27.0, changed=519, unchanged=411, early_stops=8/8
26 - INFO - chord#: 50 In build_straw_man_chord_sa. tolerance = 1, sa_iterations = 1000, initial_temperature = 3.0, cooling_rate = 0.999
26 - INFO - chord#: 50 done. best_score=27.0, changed=538, unchanged=447, early_stops=8/8
26 - INFO - chord#: 52 In build_straw_man_chord_sa. tolerance = 1, sa_iterations = 1000, initial_temperature = 3.0, cooling_rate = 0.999
26 - INFO - chord#: 50 done. best_score=27.0, changed=526, unchanged=417, early_stops=8/8
26 - INFO - chord#: 52 In build_straw_man_chord_sa. tolerance = 1, sa_iterations = 1000, initial_temperature = 3.0, cooling_rate = 0.999
26 - INFO - chord#: 46 done. best_score=150.0, changed=613, unchanged=257, early_stops=8/8
26 - INFO - chord#: 48 In build_straw_man_chord_sa. tolerance = 1, sa_iterations = 1000, initial_temperature = 3.0, cooling_rate = 0.999
26 - INFO - chord#: 56 done. best_score=27.0, changed=525, unchanged=432, early_stops=8/8
26 - INFO - chord#: 58 In build_straw_man_chord_sa. tolerance = 1, sa_iterations = 1000, initial_temperature = 3.0, cooling_rate = 0.999
26 - INFO - chord#: 50 done. best_score=27.0, changed=529, unchanged=418, early_stops=8/8
26 - INFO - chord#: 52 In build_straw_man_chord_sa. tolerance = 1, sa_iterations = 1000, initial_temperature = 3.0, cooling_rate = 0.999
26 - INFO - chord#: 46 done. best_score=74.0, changed=614, unchanged=531, early_stops=8/8
26 - INFO - chord#: 48 In build_straw_man_chord_sa. tolerance = 1, sa_iterations = 1000, initial_temperature = 3.0, cooling_rate = 0.999
26 - INFO - chord#: 52 done. best_score=119.0, changed=612, unchanged=282, early_stops=8/8
26 - INFO - chord#: 56 In build_straw_man_chord_sa. tolerance = 1, sa_iterations = 1000, initial_temperature = 3.0, cooling_rate = 0.999
26 - INFO - chord#: 50 done. best_score=27.0, changed=527, unchanged=415, early_stops=8/8
26 - INFO - chord#: 52 In build_straw_man_chord_sa. tolerance = 1, sa_iterations = 1000, initial_temperature = 3.0, cooling_rate = 0.999
26 - INFO - chord#: 52 done. best_score=119.0, changed=614, unchanged=313, early_stops=8/8
26 - INFO - chord#: 56 In build_straw_man_chord_sa. tolerance = 1, sa_iterations = 1000, initial_temperature = 3.0, cooling_rate = 0.999
26 - INFO - chord#: 48 done. best_score=27.0, changed=508, unchanged=297, early_stops=8/8
26 - INFO - chord#: 50 In build_straw_man_chord_sa. tolerance = 1, sa_iterations = 1000, initial_temperature = 3.0, cooling_rate = 0.999
26 - INFO - chord#: 46 done. best_score=96.0, changed=617, unchanged=476, early_stops=8/8
26 - INFO - chord#: 48 In build_straw_man_chord_sa. tolerance = 1, sa_iterations = 1000, initial_temperature = 3.0, cooling_rate = 0.999
26 - INFO - chord#: 48 done. best_score=27.0, changed=521, unchanged=389, early_stops=8/8
26 - INFO - chord#: 50 In build_straw_man_chord_sa. tolerance = 1, sa_iterations = 1000, initial_temperature = 3.0, cooling_rate = 0.999
26 - INFO - chord#: 56 done. best_score=27.0, changed=523, unchanged=502, early_stops=8/8
26 - INFO - chord#: 58 In build_straw_man_chord_sa. tolerance = 1, sa_iterations = 1000, initial_temperature = 3.0, cooling_rate = 0.999
26 - INFO - chord#: 52 done. best_score=78.0, changed=611, unchanged=265, early_stops=8/8
26 - INFO - chord#: 56 In build_straw_man_chord_sa. tolerance = 1, sa_iterations = 1000, initial_temperature = 3.0, cooling_rate = 0.999
26 - INFO - chord#: 56 done. best_score=27.0, changed=519, unchanged=424, early_stops=8/8
26 - INFO - chord#: 58 In build_straw_man_chord_sa. tolerance = 1, sa_iterations = 1000, initial_temperature = 3.0, cooling_rate = 0.999
26 - INFO - chord#: 52 done. best_score=67.0, changed=615, unchanged=514, early_stops=8/8
26 - INFO - chord#: 56 In build_straw_man_chord_sa. tolerance = 1, sa_iterations = 1000, initial_temperature = 3.0, cooling_rate = 0.999
26 - INFO - chord#: 46 done. best_score=104.0, changed=606, unchanged=378, early_stops=8/8
26 - INFO - chord#: 48 In build_straw_man_chord_sa. tolerance = 1, sa_iterations = 1000, initial_temperature = 3.0, cooling_rate = 0.999
26 - INFO - chord#: 50 done. best_score=27.0, changed=525, unchanged=521, early_stops=8/8
26 - INFO - chord#: 52 In build_straw_man_chord_sa. tolerance = 1, sa_iterations = 1000, initial_temperature = 3.0, cooling_rate = 0.999
26 - INFO - chord#: 58 done. best_score=67.0, changed=610, unchanged=274, early_stops=8/8
26 - INFO - chord#: 60 In build_straw_man_chord_sa. tolerance = 1, sa_iterations = 1000, initial_temperature = 3.0, cooling_rate = 0.999
26 - INFO - chord#: 52 done. best_score=67.0, changed=613, unchanged=351, early_stops=8/8
26 - INFO - chord#: 56 In build_straw_man_chord_sa. tolerance = 1, sa_iterations = 1000, initial_temperature = 3.0, cooling_rate = 0.999
26 - INFO - chord#: 48 done. best_score=27.0, changed=526, unchanged=546, early_stops=8/8
26 - INFO - chord#: 50 In build_straw_man_chord_sa. tolerance = 1, sa_iterations = 1000, initial_temperature = 3.0, cooling_rate = 0.999
26 - INFO - chord#: 50 done. best_score=27.0, changed=515, unchanged=403, early_stops=8/8
26 - INFO - chord#: 52 In build_straw_man_chord_sa. tolerance = 1, sa_iterations = 1000, initial_temperature = 3.0, cooling_rate = 0.999
26 - INFO - chord#: 52 done. best_score=67.0, changed=612, unchanged=440, early_stops=8/8
26 - INFO - chord#: 56 In build_straw_man_chord_sa. tolerance = 1, sa_iterations = 1000, initial_temperature = 3.0, cooling_rate = 0.999
26 - INFO - chord#: 56 done. best_score=27.0, changed=515, unchanged=348, early_stops=8/8
26 - INFO - chord#: 58 In build_straw_man_chord_sa. tolerance = 1, sa_iterations = 1000, initial_temperature = 3.0, cooling_rate = 0.999
26 - INFO - chord#: 60 done. best_score=27.0, changed=529, unchanged=316, early_stops=8/8
26 - INFO - chord#: 64 In build_straw_man_chord_sa. tolerance = 1, sa_iterations = 1000, initial_temperature = 3.0, cooling_rate = 0.999
26 - INFO - chord#: 56 done. best_score=27.0, changed=532, unchanged=633, early_stops=8/8
26 - INFO - chord#: 58 In build_straw_man_chord_sa. tolerance = 1, sa_iterations = 1000, initial_temperature = 3.0, cooling_rate = 0.999
26 - INFO - chord#: 48 done. best_score=27.0, changed=514, unchanged=351, early_stops=8/8
26 - INFO - chord#: 50 In build_straw_man_chord_sa. tolerance = 1, sa_iterations = 1000, initial_temperature = 3.0, cooling_rate = 0.999
26 - INFO - chord#: 52 done. best_score=137.0, changed=615, unchanged=364, early_stops=8/8
26 - INFO - chord#: 56 In build_straw_man_chord_sa. tolerance = 1, sa_iterations = 1000, initial_temperature = 3.0, cooling_rate = 0.999
26 - INFO - chord#: 56 done. best_score=27.0, changed=526, unchanged=509, early_stops=8/8
26 - INFO - chord#: 58 In build_straw_man_chord_sa. tolerance = 1, sa_iterations = 1000, initial_temperature = 3.0, cooling_rate = 0.999
26 - INFO - chord#: 50 done. best_score=27.0, changed=524, unchanged=376, early_stops=8/8
26 - INFO - chord#: 52 In build_straw_man_chord_sa. tolerance = 1, sa_iterations = 1000, initial_temperature = 3.0, cooling_rate = 0.999
26 - INFO - chord#: 58 done. best_score=78.0, changed=609, unchanged=236, early_stops=8/8
26 - INFO - chord#: 60 In build_straw_man_chord_sa. tolerance = 1, sa_iterations = 1000, initial_temperature = 3.0, cooling_rate = 0.999
26 - INFO - chord#: 64 done. best_score=27.0, changed=516, unchanged=421, early_stops=8/8
26 - INFO - chord#: 68 In build_straw_man_chord_sa. tolerance = 1, sa_iterations = 1000, initial_temperature = 3.0, cooling_rate = 0.999
26 - INFO - chord#: 58 done. best_score=67.0, changed=611, unchanged=331, early_stops=8/8
26 - INFO - chord#: 60 In build_straw_man_chord_sa. tolerance = 1, sa_iterations = 1000, initial_temperature = 3.0, cooling_rate = 0.999
26 - INFO - chord#: 50 done. best_score=27.0, changed=509, unchanged=315, early_stops=8/8
26 - INFO - chord#: 52 In build_straw_man_chord_sa. tolerance = 1, sa_iterations = 1000, initial_temperature = 3.0, cooling_rate = 0.999
26 - INFO - chord#: 56 done. best_score=27.0, changed=514, unchanged=419, early_stops=8/8
26 - INFO - chord#: 58 In build_straw_man_chord_sa. tolerance = 1, sa_iterations = 1000, initial_temperature = 3.0, cooling_rate = 0.999
26 - INFO - chord#: 56 done. best_score=27.0, changed=511, unchanged=376, early_stops=8/8
26 - INFO - chord#: 58 In build_straw_man_chord_sa. tolerance = 1, sa_iterations = 1000, initial_temperature = 3.0, cooling_rate = 0.999
26 - INFO - chord#: 60 done. best_score=27.0, changed=531, unchanged=358, early_stops=8/8
26 - INFO - chord#: 64 In build_straw_man_chord_sa. tolerance = 1, sa_iterations = 1000, initial_temperature = 3.0, cooling_rate = 0.999
26 - INFO - chord#: 68 done. best_score=27.0, changed=523, unchanged=393, early_stops=8/8
26 - INFO - chord#: 70 In build_straw_man_chord_sa. tolerance = 1, sa_iterations = 1000, initial_temperature = 3.0, cooling_rate = 0.999
26 - INFO - chord#: 60 done. best_score=27.0, changed=524, unchanged=451, early_stops=8/8
26 - INFO - chord#: 64 In build_straw_man_chord_sa. tolerance = 1, sa_iterations = 1000, initial_temperature = 3.0, cooling_rate = 0.999
26 - INFO - chord#: 52 done. best_score=67.0, changed=613, unchanged=363, early_stops=8/8
26 - INFO - chord#: 56 In build_straw_man_chord_sa. tolerance = 1, sa_iterations = 1000, initial_temperature = 3.0, cooling_rate = 0.999
26 - INFO - chord#: 58 done. best_score=67.0, changed=612, unchanged=258, early_stops=8/8
26 - INFO - chord#: 60 In build_straw_man_chord_sa. tolerance = 1, sa_iterations = 1000, initial_temperature = 3.0, cooling_rate = 0.999
26 - INFO - chord#: 58 done. best_score=67.0, changed=609, unchanged=230, early_stops=8/8
26 - INFO - chord#: 60 In build_straw_man_chord_sa. tolerance = 1, sa_iterations = 1000, initial_temperature = 3.0, cooling_rate = 0.999
26 - INFO - chord#: 58 done. best_score=137.0, changed=616, unchanged=383, early_stops=8/8
26 - INFO - chord#: 60 In build_straw_man_chord_sa. tolerance = 1, sa_iterations = 1000, initial_temperature = 3.0, cooling_rate = 0.999
26 - INFO - chord#: 64 done. best_score=27.0, changed=515, unchanged=376, early_stops=8/8
26 - INFO - chord#: 68 In build_straw_man_chord_sa. tolerance = 1, sa_iterations = 1000, initial_temperature = 3.0, cooling_rate = 0.999
26 - INFO - chord#: 52 done. best_score=140.0, changed=615, unchanged=408, early_stops=8/8
26 - INFO - chord#: 56 In build_straw_man_chord_sa. tolerance = 1, sa_iterations = 1000, initial_temperature = 3.0, cooling_rate = 0.999
26 - INFO - chord#: 64 done. best_score=27.0, changed=523, unchanged=433, early_stops=8/8
26 - INFO - chord#: 68 In build_straw_man_chord_sa. tolerance = 1, sa_iterations = 1000, initial_temperature = 3.0, cooling_rate = 0.999
26 - INFO - chord#: 60 done. best_score=27.0, changed=527, unchanged=436, early_stops=8/8
26 - INFO - chord#: 64 In build_straw_man_chord_sa. tolerance = 1, sa_iterations = 1000, initial_temperature = 3.0, cooling_rate = 0.999
26 - INFO - chord#: 60 done. best_score=27.0, changed=545, unchanged=489, early_stops=8/8
26 - INFO - chord#: 64 In build_straw_man_chord_sa. tolerance = 1, sa_iterations = 1000, initial_temperature = 3.0, cooling_rate = 0.999
26 - INFO - chord#: 56 done. best_score=27.0, changed=524, unchanged=360, early_stops=8/8
26 - INFO - chord#: 58 In build_straw_man_chord_sa. tolerance = 1, sa_iterations = 1000, initial_temperature = 3.0, cooling_rate = 0.999
26 - INFO - chord#: 52 done. best_score=78.0, changed=610, unchanged=276, early_stops=8/8
26 - INFO - chord#: 56 In build_straw_man_chord_sa. tolerance = 1, sa_iterations = 1000, initial_temperature = 3.0, cooling_rate = 0.999
26 - INFO - chord#: 60 done. best_score=27.0, changed=532, unchanged=455, early_stops=8/8
26 - INFO - chord#: 64 In build_straw_man_chord_sa. tolerance = 1, sa_iterations = 1000, initial_temperature = 3.0, cooling_rate = 0.999
26 - INFO - chord#: 52 done. best_score=140.0, changed=609, unchanged=222, early_stops=8/8
26 - INFO - chord#: 56 In build_straw_man_chord_sa. tolerance = 1, sa_iterations = 1000, initial_temperature = 3.0, cooling_rate = 0.999
26 - INFO - chord#: 68 done. best_score=27.0, changed=517, unchanged=319, early_stops=8/8
26 - INFO - chord#: 70 In build_straw_man_chord_sa. tolerance = 1, sa_iterations = 1000, initial_temperature = 3.0, cooling_rate = 0.999
26 - INFO - chord#: 64 done. best_score=27.0, changed=518, unchanged=314, early_stops=8/8
26 - INFO - chord#: 68 In build_straw_man_chord_sa. tolerance = 1, sa_iterations = 1000, initial_temperature = 3.0, cooling_rate = 0.999
26 - INFO - chord#: 68 done. best_score=27.0, changed=523, unchanged=429, early_stops=8/8
26 - INFO - chord#: 70 In build_straw_man_chord_sa. tolerance = 1, sa_iterations = 1000, initial_temperature = 3.0, cooling_rate = 0.999
26 - INFO - chord#: 70 done. best_score=70.0, changed=613, unchanged=375, early_stops=8/8
26 - INFO - chord#: 72 In build_straw_man_chord_sa. tolerance = 1, sa_iterations = 1000, initial_temperature = 3.0, cooling_rate = 0.999
26 - INFO - chord#: 64 done. best_score=27.0, changed=525, unchanged=619, early_stops=8/8
26 - INFO - chord#: 68 In build_straw_man_chord_sa. tolerance = 1, sa_iterations = 1000, initial_temperature = 3.0, cooling_rate = 0.999
26 - INFO - chord#: 58 done. best_score=67.0, changed=615, unchanged=404, early_stops=8/8
26 - INFO - chord#: 60 In build_straw_man_chord_sa. tolerance = 1, sa_iterations = 1000, initial_temperature = 3.0, cooling_rate = 0.999
26 - INFO - chord#: 56 done. best_score=27.0, changed=530, unchanged=514, early_stops=8/8
26 - INFO - chord#: 58 In build_straw_man_chord_sa. tolerance = 1, sa_iterations = 1000, initial_temperature = 3.0, cooling_rate = 0.999
26 - INFO - chord#: 58 done. best_score=137.0, changed=611, unchanged=374, early_stops=8/8
26 - INFO - chord#: 60 In build_straw_man_chord_sa. tolerance = 1, sa_iterations = 1000, initial_temperature = 3.0, cooling_rate = 0.999
26 - INFO - chord#: 56 done. best_score=27.0, changed=509, unchanged=311, early_stops=8/8
26 - INFO - chord#: 58 In build_straw_man_chord_sa. tolerance = 1, sa_iterations = 1000, initial_temperature = 3.0, cooling_rate = 0.999
26 - INFO - chord#: 64 done. best_score=27.0, changed=516, unchanged=475, early_stops=8/8
26 - INFO - chord#: 68 In build_straw_man_chord_sa. tolerance = 1, sa_iterations = 1000, initial_temperature = 3.0, cooling_rate = 0.999
26 - INFO - chord#: 72 done. best_score=11.0, changed=478, unchanged=352, early_stops=8/8
26 - INFO - chord#: 74 In build_straw_man_chord_sa. tolerance = 1, sa_iterations = 1000, initial_temperature = 3.0, cooling_rate = 0.999
26 - INFO - chord#: 56 done. best_score=27.0, changed=520, unchanged=414, early_stops=8/8
26 - INFO - chord#: 58 In build_straw_man_chord_sa. tolerance = 1, sa_iterations = 1000, initial_temperature = 3.0, cooling_rate = 0.999
26 - INFO - chord#: 68 done. best_score=27.0, changed=526, unchanged=419, early_stops=8/8
26 - INFO - chord#: 70 In build_straw_man_chord_sa. tolerance = 1, sa_iterations = 1000, initial_temperature = 3.0, cooling_rate = 0.999
26 - INFO - chord#: 68 done. best_score=27.0, changed=529, unchanged=362, early_stops=8/8
26 - INFO - chord#: 70 In build_straw_man_chord_sa. tolerance = 1, sa_iterations = 1000, initial_temperature = 3.0, cooling_rate = 0.999
26 - INFO - chord#: 70 done. best_score=70.0, changed=605, unchanged=232, early_stops=8/8
26 - INFO - chord#: 72 In build_straw_man_chord_sa. tolerance = 1, sa_iterations = 1000, initial_temperature = 3.0, cooling_rate = 0.999
26 - INFO - chord#: 60 done. best_score=27.0, changed=522, unchanged=404, early_stops=8/8
26 - INFO - chord#: 64 In build_straw_man_chord_sa. tolerance = 1, sa_iterations = 1000, initial_temperature = 3.0, cooling_rate = 0.999
26 - INFO - chord#: 68 done. best_score=27.0, changed=524, unchanged=380, early_stops=8/8
26 - INFO - chord#: 70 In build_straw_man_chord_sa. tolerance = 1, sa_iterations = 1000, initial_temperature = 3.0, cooling_rate = 0.999
26 - INFO - chord#: 72 done. best_score=11.0, changed=477, unchanged=346, early_stops=8/8
26 - INFO - chord#: 74 In build_straw_man_chord_sa. tolerance = 1, sa_iterations = 1000, initial_temperature = 3.0, cooling_rate = 0.999
26 - INFO - chord#: 60 done. best_score=27.0, changed=528, unchanged=466, early_stops=8/8
26 - INFO - chord#: 64 In build_straw_man_chord_sa. tolerance = 1, sa_iterations = 1000, initial_temperature = 3.0, cooling_rate = 0.999
26 - INFO - chord#: 58 done. best_score=162.0, changed=607, unchanged=306, early_stops=8/8
26 - INFO - chord#: 60 In build_straw_man_chord_sa. tolerance = 1, sa_iterations = 1000, initial_temperature = 3.0, cooling_rate = 0.999
26 - INFO - chord#: 70 done. best_score=70.0, changed=610, unchanged=311, early_stops=8/8
26 - INFO - chord#: 72 In build_straw_man_chord_sa. tolerance = 1, sa_iterations = 1000, initial_temperature = 3.0, cooling_rate = 0.999
26 - INFO - chord#: 72 done. best_score=11.0, changed=482, unchanged=339, early_stops=8/8
26 - INFO - chord#: 74 In build_straw_man_chord_sa. tolerance = 1, sa_iterations = 1000, initial_temperature = 3.0, cooling_rate = 0.999
26 - INFO - chord#: 64 done. best_score=27.0, changed=523, unchanged=556, early_stops=8/8
26 - INFO - chord#: 68 In build_straw_man_chord_sa. tolerance = 1, sa_iterations = 1000, initial_temperature = 3.0, cooling_rate = 0.999
26 - INFO - chord#: 64 done. best_score=27.0, changed=519, unchanged=347, early_stops=8/8
26 - INFO - chord#: 68 In build_straw_man_chord_sa. tolerance = 1, sa_iterations = 1000, initial_temperature = 3.0, cooling_rate = 0.999
26 - INFO - chord#: 58 done. best_score=137.0, changed=610, unchanged=206, early_stops=8/8
26 - INFO - chord#: 60 In build_straw_man_chord_sa. tolerance = 1, sa_iterations = 1000, initial_temperature = 3.0, cooling_rate = 0.999
26 - INFO - chord#: 74 done. best_score=147.0, changed=609, unchanged=368, early_stops=8/8
26 - INFO - chord#: 76 In build_straw_man_chord_sa. tolerance = 1, sa_iterations = 1000, initial_temperature = 3.0, cooling_rate = 0.999
26 - INFO - chord#: 70 done. best_score=111.0, changed=611, unchanged=239, early_stops=8/8
26 - INFO - chord#: 72 In build_straw_man_chord_sa. tolerance = 1, sa_iterations = 1000, initial_temperature = 3.0, cooling_rate = 0.999
26 - INFO - chord#: 60 done. best_score=27.0, changed=525, unchanged=394, early_stops=8/8
26 - INFO - chord#: 64 In build_straw_man_chord_sa. tolerance = 1, sa_iterations = 1000, initial_temperature = 3.0, cooling_rate = 0.999
26 - INFO - chord#: 72 done. best_score=11.0, changed=494, unchanged=335, early_stops=8/8
26 - INFO - chord#: 74 In build_straw_man_chord_sa. tolerance = 1, sa_iterations = 1000, initial_temperature = 3.0, cooling_rate = 0.999
26 - INFO - chord#: 74 done. best_score=162.0, changed=609, unchanged=247, early_stops=8/8
26 - INFO - chord#: 76 In build_straw_man_chord_sa. tolerance = 1, sa_iterations = 1000, initial_temperature = 3.0, cooling_rate = 0.999
26 - INFO - chord#: 58 done. best_score=137.0, changed=616, unchanged=436, early_stops=8/8
26 - INFO - chord#: 60 In build_straw_man_chord_sa. tolerance = 1, sa_iterations = 1000, initial_temperature = 3.0, cooling_rate = 0.999
26 - INFO - chord#: 58 done. best_score=157.0, changed=610, unchanged=303, early_stops=8/8
26 - INFO - chord#: 60 In build_straw_man_chord_sa. tolerance = 1, sa_iterations = 1000, initial_temperature = 3.0, cooling_rate = 0.999
26 - INFO - chord#: 70 done. best_score=70.0, changed=616, unchanged=438, early_stops=8/8
26 - INFO - chord#: 72 In build_straw_man_chord_sa. tolerance = 1, sa_iterations = 1000, initial_temperature = 3.0, cooling_rate = 0.999
26 - INFO - chord#: 70 done. best_score=70.0, changed=612, unchanged=396, early_stops=8/8
26 - INFO - chord#: 72 In build_straw_man_chord_sa. tolerance = 1, sa_iterations = 1000, initial_temperature = 3.0, cooling_rate = 0.999
26 - INFO - chord#: 76 done. best_score=27.0, changed=516, unchanged=329, early_stops=8/8
26 - INFO - chord#: 78 In build_straw_man_chord_sa. tolerance = 1, sa_iterations = 1000, initial_temperature = 3.0, cooling_rate = 0.999
26 - INFO - chord#: 60 done. best_score=27.0, changed=530, unchanged=383, early_stops=8/8
26 - INFO - chord#: 64 In build_straw_man_chord_sa. tolerance = 1, sa_iterations = 1000, initial_temperature = 3.0, cooling_rate = 0.999
26 - INFO - chord#: 68 done. best_score=27.0, changed=521, unchanged=396, early_stops=8/8
26 - INFO - chord#: 70 In build_straw_man_chord_sa. tolerance = 1, sa_iterations = 1000, initial_temperature = 3.0, cooling_rate = 0.999
26 - INFO - chord#: 72 done. best_score=11.0, changed=469, unchanged=350, early_stops=8/8
26 - INFO - chord#: 74 In build_straw_man_chord_sa. tolerance = 1, sa_iterations = 1000, initial_temperature = 3.0, cooling_rate = 0.999
26 - INFO - chord#: 72 done. best_score=11.0, changed=473, unchanged=349, early_stops=8/8
26 - INFO - chord#: 74 In build_straw_man_chord_sa. tolerance = 1, sa_iterations = 1000, initial_temperature = 3.0, cooling_rate = 0.999
26 - INFO - chord#: 68 done. best_score=27.0, changed=527, unchanged=406, early_stops=8/8
26 - INFO - chord#: 70 In build_straw_man_chord_sa. tolerance = 1, sa_iterations = 1000, initial_temperature = 3.0, cooling_rate = 0.999
26 - INFO - chord#: 64 done. best_score=27.0, changed=510, unchanged=344, early_stops=8/8
26 - INFO - chord#: 68 In build_straw_man_chord_sa. tolerance = 1, sa_iterations = 1000, initial_temperature = 3.0, cooling_rate = 0.999
26 - INFO - chord#: 76 done. best_score=27.0, changed=523, unchanged=337, early_stops=8/8
26 - INFO - chord#: 78 In build_straw_man_chord_sa. tolerance = 1, sa_iterations = 1000, initial_temperature = 3.0, cooling_rate = 0.999
26 - INFO - chord#: 60 done. best_score=27.0, changed=518, unchanged=324, early_stops=8/8
26 - INFO - chord#: 64 In build_straw_man_chord_sa. tolerance = 1, sa_iterations = 1000, initial_temperature = 3.0, cooling_rate = 0.999
26 - INFO - chord#: 60 done. best_score=27.0, changed=515, unchanged=351, early_stops=8/8
26 - INFO - chord#: 64 In build_straw_man_chord_sa. tolerance = 1, sa_iterations = 1000, initial_temperature = 3.0, cooling_rate = 0.999
26 - INFO - chord#: 74 done. best_score=101.0, changed=613, unchanged=278, early_stops=8/8
26 - INFO - chord#: 76 In build_straw_man_chord_sa. tolerance = 1, sa_iterations = 1000, initial_temperature = 3.0, cooling_rate = 0.999
26 - INFO - chord#: 64 done. best_score=27.0, changed=511, unchanged=423, early_stops=8/8
26 - INFO - chord#: 68 In build_straw_man_chord_sa. tolerance = 1, sa_iterations = 1000, initial_temperature = 3.0, cooling_rate = 0.999
26 - INFO - chord#: 68 done. best_score=27.0, changed=533, unchanged=454, early_stops=8/8
26 - INFO - chord#: 70 In build_straw_man_chord_sa. tolerance = 1, sa_iterations = 1000, initial_temperature = 3.0, cooling_rate = 0.999
26 - INFO - chord#: 74 done. best_score=131.0, changed=617, unchanged=388, early_stops=8/8
26 - INFO - chord#: 76 In build_straw_man_chord_sa. tolerance = 1, sa_iterations = 1000, initial_temperature = 3.0, cooling_rate = 0.999
26 - INFO - chord#: 64 done. best_score=27.0, changed=527, unchanged=428, early_stops=8/8
26 - INFO - chord#: 68 In build_straw_man_chord_sa. tolerance = 1, sa_iterations = 1000, initial_temperature = 3.0, cooling_rate = 0.999
26 - INFO - chord#: 64 done. best_score=27.0, changed=516, unchanged=477, early_stops=8/8
26 - INFO - chord#: 68 In build_straw_man_chord_sa. tolerance = 1, sa_iterations = 1000, initial_temperature = 3.0, cooling_rate = 0.999
26 - INFO - chord#: 76 done. best_score=27.0, changed=529, unchanged=428, early_stops=8/8
26 - INFO - chord#: 78 In build_straw_man_chord_sa. tolerance = 1, sa_iterations = 1000, initial_temperature = 3.0, cooling_rate = 0.999
26 - INFO - chord#: 78 done. best_score=150.0, changed=607, unchanged=291, early_stops=8/8
26 - INFO - chord#: 80 In build_straw_man_chord_sa. tolerance = 1, sa_iterations = 1000, initial_temperature = 3.0, cooling_rate = 0.999
26 - INFO - chord#: 74 done. best_score=147.0, changed=612, unchanged=344, early_stops=8/8
26 - INFO - chord#: 76 In build_straw_man_chord_sa. tolerance = 1, sa_iterations = 1000, initial_temperature = 3.0, cooling_rate = 0.999
26 - INFO - chord#: 70 done. best_score=155.0, changed=609, unchanged=230, early_stops=8/8
26 - INFO - chord#: 72 In build_straw_man_chord_sa. tolerance = 1, sa_iterations = 1000, initial_temperature = 3.0, cooling_rate = 0.999
26 - INFO - chord#: 68 done. best_score=27.0, changed=521, unchanged=457, early_stops=8/8
26 - INFO - chord#: 70 In build_straw_man_chord_sa. tolerance = 1, sa_iterations = 1000, initial_temperature = 3.0, cooling_rate = 0.999
26 - INFO - chord#: 76 done. best_score=27.0, changed=532, unchanged=335, early_stops=8/8
26 - INFO - chord#: 78 In build_straw_man_chord_sa. tolerance = 1, sa_iterations = 1000, initial_temperature = 3.0, cooling_rate = 0.999
26 - INFO - chord#: 72 done. best_score=11.0, changed=507, unchanged=311, early_stops=8/8
26 - INFO - chord#: 74 In build_straw_man_chord_sa. tolerance = 1, sa_iterations = 1000, initial_temperature = 3.0, cooling_rate = 0.999
26 - INFO - chord#: 74 done. best_score=94.0, changed=616, unchanged=459, early_stops=8/8
26 - INFO - chord#: 76 In build_straw_man_chord_sa. tolerance = 1, sa_iterations = 1000, initial_temperature = 3.0, cooling_rate = 0.999
26 - INFO - chord#: 70 done. best_score=104.0, changed=618, unchanged=359, early_stops=8/8
26 - INFO - chord#: 72 In build_straw_man_chord_sa. tolerance = 1, sa_iterations = 1000, initial_temperature = 3.0, cooling_rate = 0.999
26 - INFO - chord#: 78 done. best_score=141.0, changed=607, unchanged=287, early_stops=8/8
26 - INFO - chord#: 80 In build_straw_man_chord_sa. tolerance = 1, sa_iterations = 1000, initial_temperature = 3.0, cooling_rate = 0.999
26 - INFO - chord#: 68 done. best_score=27.0, changed=519, unchanged=376, early_stops=8/8
26 - INFO - chord#: 70 In build_straw_man_chord_sa. tolerance = 1, sa_iterations = 1000, initial_temperature = 3.0, cooling_rate = 0.999
26 - INFO - chord#: 68 done. best_score=27.0, changed=524, unchanged=363, early_stops=8/8
26 - INFO - chord#: 70 In build_straw_man_chord_sa. tolerance = 1, sa_iterations = 1000, initial_temperature = 3.0, cooling_rate = 0.999
26 - INFO - chord#: 72 done. best_score=11.0, changed=482, unchanged=338, early_stops=8/8
26 - INFO - chord#: 74 In build_straw_man_chord_sa. tolerance = 1, sa_iterations = 1000, initial_temperature = 3.0, cooling_rate = 0.999
26 - INFO - chord#: 80 done. best_score=27.0, changed=530, unchanged=514, early_stops=8/8
26 - INFO - chord#: 82 In build_straw_man_chord_sa. tolerance = 1, sa_iterations = 1000, initial_temperature = 3.0, cooling_rate = 0.999
26 - INFO - chord#: 76 done. best_score=27.0, changed=530, unchanged=416, early_stops=8/8
26 - INFO - chord#: 78 In build_straw_man_chord_sa. tolerance = 1, sa_iterations = 1000, initial_temperature = 3.0, cooling_rate = 0.999
26 - INFO - chord#: 76 done. best_score=27.0, changed=525, unchanged=386, early_stops=8/8
26 - INFO - chord#: 78 In build_straw_man_chord_sa. tolerance = 1, sa_iterations = 1000, initial_temperature = 3.0, cooling_rate = 0.999
26 - INFO - chord#: 80 done. best_score=27.0, changed=531, unchanged=470, early_stops=8/8
26 - INFO - chord#: 82 In build_straw_man_chord_sa. tolerance = 1, sa_iterations = 1000, initial_temperature = 3.0, cooling_rate = 0.999
26 - INFO - chord#: 70 done. best_score=70.0, changed=609, unchanged=373, early_stops=8/8
26 - INFO - chord#: 72 In build_straw_man_chord_sa. tolerance = 1, sa_iterations = 1000, initial_temperature = 3.0, cooling_rate = 0.999
26 - INFO - chord#: 82 done. best_score=36.0, changed=527, unchanged=466, early_stops=8/8
26 - INFO - chord#: 84 In build_straw_man_chord_sa. tolerance = 1, sa_iterations = 1000, initial_temperature = 3.0, cooling_rate = 0.999
26 - INFO - chord#: 72 done. best_score=11.0, changed=476, unchanged=344, early_stops=8/8
26 - INFO - chord#: 74 In build_straw_man_chord_sa. tolerance = 1, sa_iterations = 1000, initial_temperature = 3.0, cooling_rate = 0.999
26 - INFO - chord#: 78 done. best_score=74.0, changed=620, unchanged=369, early_stops=8/8
26 - INFO - chord#: 80 In build_straw_man_chord_sa. tolerance = 1, sa_iterations = 1000, initial_temperature = 3.0, cooling_rate = 0.999
26 - INFO - chord#: 82 done. best_score=36.0, changed=512, unchanged=340, early_stops=8/8
26 - INFO - chord#: 84 In build_straw_man_chord_sa. tolerance = 1, sa_iterations = 1000, initial_temperature = 3.0, cooling_rate = 0.999
26 - INFO - chord#: 70 done. best_score=70.0, changed=617, unchanged=257, early_stops=8/8
26 - INFO - chord#: 72 In build_straw_man_chord_sa. tolerance = 1, sa_iterations = 1000, initial_temperature = 3.0, cooling_rate = 0.999
26 - INFO - chord#: 78 done. best_score=149.0, changed=621, unchanged=343, early_stops=8/8
26 - INFO - chord#: 80 In build_straw_man_chord_sa. tolerance = 1, sa_iterations = 1000, initial_temperature = 3.0, cooling_rate = 0.999
26 - INFO - chord#: 72 done. best_score=11.0, changed=488, unchanged=339, early_stops=8/8
26 - INFO - chord#: 74 In build_straw_man_chord_sa. tolerance = 1, sa_iterations = 1000, initial_temperature = 3.0, cooling_rate = 0.999
26 - INFO - chord#: 74 done. best_score=94.0, changed=609, unchanged=268, early_stops=8/8
26 - INFO - chord#: 76 In build_straw_man_chord_sa. tolerance = 1, sa_iterations = 1000, initial_temperature = 3.0, cooling_rate = 0.999
26 - INFO - chord#: 84 done. best_score=27.0, changed=525, unchanged=457, early_stops=8/8
26 - INFO - chord#: 86 In build_straw_man_chord_sa. tolerance = 1, sa_iterations = 1000, initial_temperature = 3.0, cooling_rate = 0.999
26 - INFO - chord#: 70 done. best_score=111.0, changed=610, unchanged=270, early_stops=8/8
26 - INFO - chord#: 72 In build_straw_man_chord_sa. tolerance = 1, sa_iterations = 1000, initial_temperature = 3.0, cooling_rate = 0.999
26 - INFO - chord#: 70 done. best_score=70.0, changed=611, unchanged=261, early_stops=8/8
26 - INFO - chord#: 72 In build_straw_man_chord_sa. tolerance = 1, sa_iterations = 1000, initial_temperature = 3.0, cooling_rate = 0.999
26 - INFO - chord#: 80 done. best_score=27.0, changed=519, unchanged=430, early_stops=8/8
26 - INFO - chord#: 82 In build_straw_man_chord_sa. tolerance = 1, sa_iterations = 1000, initial_temperature = 3.0, cooling_rate = 0.999
26 - INFO - chord#: 72 done. best_score=11.0, changed=472, unchanged=349, early_stops=8/8
26 - INFO - chord#: 74 In build_straw_man_chord_sa. tolerance = 1, sa_iterations = 1000, initial_temperature = 3.0, cooling_rate = 0.999
26 - INFO - chord#: 72 done. best_score=11.0, changed=486, unchanged=378, early_stops=8/8
26 - INFO - chord#: 74 In build_straw_man_chord_sa. tolerance = 1, sa_iterations = 1000, initial_temperature = 3.0, cooling_rate = 0.999
26 - INFO - chord#: 84 done. best_score=27.0, changed=517, unchanged=410, early_stops=8/8
26 - INFO - chord#: 86 In build_straw_man_chord_sa. tolerance = 1, sa_iterations = 1000, initial_temperature = 3.0, cooling_rate = 0.999
26 - INFO - chord#: 78 done. best_score=149.0, changed=611, unchanged=306, early_stops=8/8
26 - INFO - chord#: 80 In build_straw_man_chord_sa. tolerance = 1, sa_iterations = 1000, initial_temperature = 3.0, cooling_rate = 0.999
26 - INFO - chord#: 74 done. best_score=101.0, changed=610, unchanged=315, early_stops=8/8
26 - INFO - chord#: 76 In build_straw_man_chord_sa. tolerance = 1, sa_iterations = 1000, initial_temperature = 3.0, cooling_rate = 0.999
26 - INFO - chord#: 78 done. best_score=149.0, changed=611, unchanged=248, early_stops=8/8
26 - INFO - chord#: 80 In build_straw_man_chord_sa. tolerance = 1, sa_iterations = 1000, initial_temperature = 3.0, cooling_rate = 0.999
26 - INFO - chord#: 80 done. best_score=27.0, changed=522, unchanged=445, early_stops=8/8
26 - INFO - chord#: 82 In build_straw_man_chord_sa. tolerance = 1, sa_iterations = 1000, initial_temperature = 3.0, cooling_rate = 0.999
26 - INFO - chord#: 76 done. best_score=27.0, changed=522, unchanged=322, early_stops=8/8
26 - INFO - chord#: 78 In build_straw_man_chord_sa. tolerance = 1, sa_iterations = 1000, initial_temperature = 3.0, cooling_rate = 0.999
26 - INFO - chord#: 82 done. best_score=36.0, changed=523, unchanged=364, early_stops=8/8
26 - INFO - chord#: 84 In build_straw_man_chord_sa. tolerance = 1, sa_iterations = 1000, initial_temperature = 3.0, cooling_rate = 0.999
26 - INFO - chord#: 74 done. best_score=94.0, changed=609, unchanged=228, early_stops=8/8
26 - INFO - chord#: 76 In build_straw_man_chord_sa. tolerance = 1, sa_iterations = 1000, initial_temperature = 3.0, cooling_rate = 0.999
26 - INFO - chord#: 80 done. best_score=27.0, changed=519, unchanged=424, early_stops=8/8
26 - INFO - chord#: 82 In build_straw_man_chord_sa. tolerance = 1, sa_iterations = 1000, initial_temperature = 3.0, cooling_rate = 0.999
26 - INFO - chord#: 80 done. best_score=27.0, changed=531, unchanged=467, early_stops=8/8
26 - INFO - chord#: 82 In build_straw_man_chord_sa. tolerance = 1, sa_iterations = 1000, initial_temperature = 3.0, cooling_rate = 0.999
26 - INFO - chord#: 82 done. best_score=36.0, changed=526, unchanged=417, early_stops=8/8
26 - INFO - chord#: 84 In build_straw_man_chord_sa. tolerance = 1, sa_iterations = 1000, initial_temperature = 3.0, cooling_rate = 0.999
26 - INFO - chord#: 76 done. best_score=27.0, changed=522, unchanged=403, early_stops=8/8
26 - INFO - chord#: 78 In build_straw_man_chord_sa. tolerance = 1, sa_iterations = 1000, initial_temperature = 3.0, cooling_rate = 0.999
26 - INFO - chord#: 84 done. best_score=27.0, changed=524, unchanged=442, early_stops=8/8
26 - INFO - chord#: 86 In build_straw_man_chord_sa. tolerance = 1, sa_iterations = 1000, initial_temperature = 3.0, cooling_rate = 0.999
26 - INFO - chord#: 86 done. best_score=94.0, changed=610, unchanged=439, early_stops=8/8
26 - INFO - chord#: 88 In build_straw_man_chord_sa. tolerance = 1, sa_iterations = 1000, initial_temperature = 3.0, cooling_rate = 0.999
26 - INFO - chord#: 82 done. best_score=36.0, changed=519, unchanged=447, early_stops=8/8
26 - INFO - chord#: 84 In build_straw_man_chord_sa. tolerance = 1, sa_iterations = 1000, initial_temperature = 3.0, cooling_rate = 0.999
26 - INFO - chord#: 86 done. best_score=94.0, changed=609, unchanged=310, early_stops=8/8
26 - INFO - chord#: 82 done. best_score=36.0, changed=525, unchanged=488, early_stops=8/8
26 - INFO - chord#: 88 In build_straw_man_chord_sa. tolerance = 1, sa_iterations = 1000, initial_temperature = 3.0, cooling_rate = 0.999
26 - INFO - chord#: 84 In build_straw_man_chord_sa. tolerance = 1, sa_iterations = 1000, initial_temperature = 3.0, cooling_rate = 0.999
26 - INFO - chord#: 74 done. best_score=157.0, changed=610, unchanged=339, early_stops=8/8
26 - INFO - chord#: 76 In build_straw_man_chord_sa. tolerance = 1, sa_iterations = 1000, initial_temperature = 3.0, cooling_rate = 0.999
26 - INFO - chord#: 76 done. best_score=27.0, changed=522, unchanged=412, early_stops=8/8
26 - INFO - chord#: 78 In build_straw_man_chord_sa. tolerance = 1, sa_iterations = 1000, initial_temperature = 3.0, cooling_rate = 0.999
26 - INFO - chord#: 84 done. best_score=27.0, changed=521, unchanged=435, early_stops=8/8
26 - INFO - chord#: 86 In build_straw_man_chord_sa. tolerance = 1, sa_iterations = 1000, initial_temperature = 3.0, cooling_rate = 0.999
26 - INFO - chord#: 74 done. best_score=129.0, changed=606, unchanged=220, early_stops=8/8
26 - INFO - chord#: 76 In build_straw_man_chord_sa. tolerance = 1, sa_iterations = 1000, initial_temperature = 3.0, cooling_rate = 0.999
26 - INFO - chord#: 84 done. best_score=27.0, changed=522, unchanged=442, early_stops=8/8
26 - INFO - chord#: 86 In build_straw_man_chord_sa. tolerance = 1, sa_iterations = 1000, initial_temperature = 3.0, cooling_rate = 0.999
26 - INFO - chord#: 84 done. best_score=27.0, changed=519, unchanged=446, early_stops=8/8
26 - INFO - chord#: 86 In build_straw_man_chord_sa. tolerance = 1, sa_iterations = 1000, initial_temperature = 3.0, cooling_rate = 0.999
26 - INFO - chord#: 88 done. best_score=27.0, changed=524, unchanged=360, early_stops=8/8
26 - INFO - chord#: 90 In build_straw_man_chord_sa. tolerance = 1, sa_iterations = 1000, initial_temperature = 3.0, cooling_rate = 0.999
26 - INFO - chord#: 88 done. best_score=27.0, changed=522, unchanged=363, early_stops=8/8
26 - INFO - chord#: 90 In build_straw_man_chord_sa. tolerance = 1, sa_iterations = 1000, initial_temperature = 3.0, cooling_rate = 0.999
26 - INFO - chord#: 74 done. best_score=101.0, changed=614, unchanged=497, early_stops=8/8
26 - INFO - chord#: 76 In build_straw_man_chord_sa. tolerance = 1, sa_iterations = 1000, initial_temperature = 3.0, cooling_rate = 0.999
26 - INFO - chord#: 78 done. best_score=149.0, changed=609, unchanged=244, early_stops=8/8
26 - INFO - chord#: 80 In build_straw_man_chord_sa. tolerance = 1, sa_iterations = 1000, initial_temperature = 3.0, cooling_rate = 0.999
26 - INFO - chord#: 76 done. best_score=27.0, changed=528, unchanged=396, early_stops=8/8
26 - INFO - chord#: 78 In build_straw_man_chord_sa. tolerance = 1, sa_iterations = 1000, initial_temperature = 3.0, cooling_rate = 0.999
26 - INFO - chord#: 76 done. best_score=27.0, changed=522, unchanged=344, early_stops=8/8
26 - INFO - chord#: 78 In build_straw_man_chord_sa. tolerance = 1, sa_iterations = 1000, initial_temperature = 3.0, cooling_rate = 0.999
26 - INFO - chord#: 86 done. best_score=129.0, changed=612, unchanged=251, early_stops=8/8
26 - INFO - chord#: 88 In build_straw_man_chord_sa. tolerance = 1, sa_iterations = 1000, initial_temperature = 3.0, cooling_rate = 0.999
26 - INFO - chord#: 78 done. best_score=74.0, changed=609, unchanged=281, early_stops=8/8
26 - INFO - chord#: 80 In build_straw_man_chord_sa. tolerance = 1, sa_iterations = 1000, initial_temperature = 3.0, cooling_rate = 0.999
26 - INFO - chord#: 88 done. best_score=27.0, changed=529, unchanged=351, early_stops=8/8
26 - INFO - chord#: 90 In build_straw_man_chord_sa. tolerance = 1, sa_iterations = 1000, initial_temperature = 3.0, cooling_rate = 0.999
26 - INFO - chord#: 80 done. best_score=27.0, changed=518, unchanged=503, early_stops=8/8
26 - INFO - chord#: 82 In build_straw_man_chord_sa. tolerance = 1, sa_iterations = 1000, initial_temperature = 3.0, cooling_rate = 0.999
26 - INFO - chord#: 90 done. best_score=70.0, changed=611, unchanged=225, early_stops=8/8
26 - INFO - chord#: 92 In build_straw_man_chord_sa. tolerance = 1, sa_iterations = 1000, initial_temperature = 3.0, cooling_rate = 0.999
26 - INFO - chord#: 86 done. best_score=94.0, changed=612, unchanged=424, early_stops=8/8
26 - INFO - chord#: 88 In build_straw_man_chord_sa. tolerance = 1, sa_iterations = 1000, initial_temperature = 3.0, cooling_rate = 0.999
26 - INFO - chord#: 76 done. best_score=27.0, changed=523, unchanged=461, early_stops=8/8
26 - INFO - chord#: 78 In build_straw_man_chord_sa. tolerance = 1, sa_iterations = 1000, initial_temperature = 3.0, cooling_rate = 0.999
26 - INFO - chord#: 86 done. best_score=94.0, changed=610, unchanged=261, early_stops=8/8
26 - INFO - chord#: 88 In build_straw_man_chord_sa. tolerance = 1, sa_iterations = 1000, initial_temperature = 3.0, cooling_rate = 0.999
26 - INFO - chord#: 78 done. best_score=74.0, changed=610, unchanged=296, early_stops=8/8
26 - INFO - chord#: 80 In build_straw_man_chord_sa. tolerance = 1, sa_iterations = 1000, initial_temperature = 3.0, cooling_rate = 0.999
26 - INFO - chord#: 90 done. best_score=111.0, changed=613, unchanged=320, early_stops=8/8
26 - INFO - chord#: 92 In build_straw_man_chord_sa. tolerance = 1, sa_iterations = 1000, initial_temperature = 3.0, cooling_rate = 0.999
26 - INFO - chord#: 86 done. best_score=150.0, changed=609, unchanged=344, early_stops=8/8
26 - INFO - chord#: 88 In build_straw_man_chord_sa. tolerance = 1, sa_iterations = 1000, initial_temperature = 3.0, cooling_rate = 0.999
26 - INFO - chord#: 92 done. best_score=27.0, changed=530, unchanged=438, early_stops=8/8
26 - INFO - chord#: 96 In build_straw_man_chord_sa. tolerance = 1, sa_iterations = 1000, initial_temperature = 3.0, cooling_rate = 0.999
26 - INFO - chord#: 88 done. best_score=27.0, changed=523, unchanged=388, early_stops=8/8
26 - INFO - chord#: 90 In build_straw_man_chord_sa. tolerance = 1, sa_iterations = 1000, initial_temperature = 3.0, cooling_rate = 0.999
26 - INFO - chord#: 80 done. best_score=27.0, changed=520, unchanged=450, early_stops=8/8
26 - INFO - chord#: 82 In build_straw_man_chord_sa. tolerance = 1, sa_iterations = 1000, initial_temperature = 3.0, cooling_rate = 0.999
26 - INFO - chord#: 82 done. best_score=36.0, changed=522, unchanged=391, early_stops=8/8
26 - INFO - chord#: 84 In build_straw_man_chord_sa. tolerance = 1, sa_iterations = 1000, initial_temperature = 3.0, cooling_rate = 0.999
26 - INFO - chord#: 88 done. best_score=27.0, changed=527, unchanged=407, early_stops=8/8
26 - INFO - chord#: 90 In build_straw_man_chord_sa. tolerance = 1, sa_iterations = 1000, initial_temperature = 3.0, cooling_rate = 0.999
26 - INFO - chord#: 88 done. best_score=27.0, changed=525, unchanged=330, early_stops=8/8
26 - INFO - chord#: 90 In build_straw_man_chord_sa. tolerance = 1, sa_iterations = 1000, initial_temperature = 3.0, cooling_rate = 0.999
26 - INFO - chord#: 92 done. best_score=27.0, changed=520, unchanged=351, early_stops=8/8
26 - INFO - chord#: 96 In build_straw_man_chord_sa. tolerance = 1, sa_iterations = 1000, initial_temperature = 3.0, cooling_rate = 0.999
26 - INFO - chord#: 78 done. best_score=74.0, changed=610, unchanged=242, early_stops=8/8
26 - INFO - chord#: 80 In build_straw_man_chord_sa. tolerance = 1, sa_iterations = 1000, initial_temperature = 3.0, cooling_rate = 0.999
26 - INFO - chord#: 80 done. best_score=27.0, changed=510, unchanged=376, early_stops=8/8
26 - INFO - chord#: 82 In build_straw_man_chord_sa. tolerance = 1, sa_iterations = 1000, initial_temperature = 3.0, cooling_rate = 0.999
26 - INFO - chord#: 78 done. best_score=74.0, changed=611, unchanged=337, early_stops=8/8
26 - INFO - chord#: 80 In build_straw_man_chord_sa. tolerance = 1, sa_iterations = 1000, initial_temperature = 3.0, cooling_rate = 0.999
26 - INFO - chord#: 96 done. best_score=27.0, changed=540, unchanged=441, early_stops=8/8
26 - INFO - chord#: 98 In build_straw_man_chord_sa. tolerance = 1, sa_iterations = 1000, initial_temperature = 3.0, cooling_rate = 0.999
26 - INFO - chord#: 90 done. best_score=111.0, changed=616, unchanged=355, early_stops=8/8
26 - INFO - chord#: 92 In build_straw_man_chord_sa. tolerance = 1, sa_iterations = 1000, initial_temperature = 3.0, cooling_rate = 0.999
26 - INFO - chord#: 82 done. best_score=36.0, changed=519, unchanged=437, early_stops=8/8
26 - INFO - chord#: 84 In build_straw_man_chord_sa. tolerance = 1, sa_iterations = 1000, initial_temperature = 3.0, cooling_rate = 0.999
26 - INFO - chord#: 84 done. best_score=27.0, changed=519, unchanged=406, early_stops=8/8
26 - INFO - chord#: 86 In build_straw_man_chord_sa. tolerance = 1, sa_iterations = 1000, initial_temperature = 3.0, cooling_rate = 0.999
26 - INFO - chord#: 96 done. best_score=27.0, changed=518, unchanged=360, early_stops=8/8
26 - INFO - chord#: 98 In build_straw_man_chord_sa. tolerance = 1, sa_iterations = 1000, initial_temperature = 3.0, cooling_rate = 0.999
26 - INFO - chord#: 90 done. best_score=70.0, changed=612, unchanged=261, early_stops=8/8
26 - INFO - chord#: 92 In build_straw_man_chord_sa. tolerance = 1, sa_iterations = 1000, initial_temperature = 3.0, cooling_rate = 0.999
26 - INFO - chord#: 80 done. best_score=36.0, changed=525, unchanged=499, early_stops=8/8
26 - INFO - chord#: 82 In build_straw_man_chord_sa. tolerance = 1, sa_iterations = 1000, initial_temperature = 3.0, cooling_rate = 0.999
26 - INFO - chord#: 82 done. best_score=36.0, changed=524, unchanged=478, early_stops=8/8
26 - INFO - chord#: 84 In build_straw_man_chord_sa. tolerance = 1, sa_iterations = 1000, initial_temperature = 3.0, cooling_rate = 0.999
26 - INFO - chord#: 80 done. best_score=27.0, changed=515, unchanged=392, early_stops=8/8
26 - INFO - chord#: 82 In build_straw_man_chord_sa. tolerance = 1, sa_iterations = 1000, initial_temperature = 3.0, cooling_rate = 0.999
26 - INFO - chord#: 92 done. best_score=27.0, changed=529, unchanged=451, early_stops=8/8
26 - INFO - chord#: 96 In build_straw_man_chord_sa. tolerance = 1, sa_iterations = 1000, initial_temperature = 3.0, cooling_rate = 0.999
26 - INFO - chord#: 90 done. best_score=70.0, changed=614, unchanged=260, early_stops=8/8
26 - INFO - chord#: 92 In build_straw_man_chord_sa. tolerance = 1, sa_iterations = 1000, initial_temperature = 3.0, cooling_rate = 0.999
26 - INFO - chord#: 78 done. best_score=74.0, changed=615, unchanged=386, early_stops=8/8
26 - INFO - chord#: 80 In build_straw_man_chord_sa. tolerance = 1, sa_iterations = 1000, initial_temperature = 3.0, cooling_rate = 0.999
26 - INFO - chord#: 84 done. best_score=27.0, changed=529, unchanged=447, early_stops=8/8
26 - INFO - chord#: 90 done. best_score=70.0, changed=609, unchanged=275, early_stops=8/8
26 - INFO - chord#: 86 In build_straw_man_chord_sa. tolerance = 1, sa_iterations = 1000, initial_temperature = 3.0, cooling_rate = 0.999
26 - INFO - chord#: 92 In build_straw_man_chord_sa. tolerance = 1, sa_iterations = 1000, initial_temperature = 3.0, cooling_rate = 0.999
26 - INFO - chord#: 92 done. best_score=27.0, changed=522, unchanged=381, early_stops=8/8
26 - INFO - chord#: 96 In build_straw_man_chord_sa. tolerance = 1, sa_iterations = 1000, initial_temperature = 3.0, cooling_rate = 0.999
26 - INFO - chord#: 82 done. best_score=36.0, changed=522, unchanged=393, early_stops=8/8
26 - INFO - chord#: 98 done. best_score=64.0, changed=610, unchanged=292, early_stops=8/8
26 - INFO - chord#: 84 In build_straw_man_chord_sa. tolerance = 1, sa_iterations = 1000, initial_temperature = 3.0, cooling_rate = 0.999
26 - INFO - chord#: 100 In build_straw_man_chord_sa. tolerance = 1, sa_iterations = 1000, initial_temperature = 3.0, cooling_rate = 0.999
26 - INFO - chord#: 96 done. best_score=27.0, changed=521, unchanged=337, early_stops=8/8
26 - INFO - chord#: 98 In build_straw_man_chord_sa. tolerance = 1, sa_iterations = 1000, initial_temperature = 3.0, cooling_rate = 0.999
26 - INFO - chord#: 82 done. best_score=36.0, changed=513, unchanged=322, early_stops=8/8
26 - INFO - chord#: 84 In build_straw_man_chord_sa. tolerance = 1, sa_iterations = 1000, initial_temperature = 3.0, cooling_rate = 0.999
26 - INFO - chord#: 92 done. best_score=27.0, changed=523, unchanged=420, early_stops=8/8
26 - INFO - chord#: 96 In build_straw_man_chord_sa. tolerance = 1, sa_iterations = 1000, initial_temperature = 3.0, cooling_rate = 0.999
26 - INFO - chord#: 84 done. best_score=27.0, changed=524, unchanged=438, early_stops=8/8
26 - INFO - chord#: 86 In build_straw_man_chord_sa. tolerance = 1, sa_iterations = 1000, initial_temperature = 3.0, cooling_rate = 0.999
26 - INFO - chord#: 80 done. best_score=27.0, changed=521, unchanged=377, early_stops=8/8
26 - INFO - chord#: 82 In build_straw_man_chord_sa. tolerance = 1, sa_iterations = 1000, initial_temperature = 3.0, cooling_rate = 0.999
26 - INFO - chord#: 92 done. best_score=27.0, changed=519, unchanged=382, early_stops=8/8
26 - INFO - chord#: 96 In build_straw_man_chord_sa. tolerance = 1, sa_iterations = 1000, initial_temperature = 3.0, cooling_rate = 0.999
26 - INFO - chord#: 98 done. best_score=64.0, changed=613, unchanged=370, early_stops=8/8
26 - INFO - chord#: 100 In build_straw_man_chord_sa. tolerance = 1, sa_iterations = 1000, initial_temperature = 3.0, cooling_rate = 0.999
26 - INFO - chord#: 96 done. best_score=27.0, changed=521, unchanged=375, early_stops=8/8
26 - INFO - chord#: 98 In build_straw_man_chord_sa. tolerance = 1, sa_iterations = 1000, initial_temperature = 3.0, cooling_rate = 0.999
26 - INFO - chord#: 100 done. best_score=27.0, changed=515, unchanged=386, early_stops=8/8
26 - INFO - chord#: 102 In build_straw_man_chord_sa. tolerance = 1, sa_iterations = 1000, initial_temperature = 3.0, cooling_rate = 0.999
26 - INFO - chord#: 86 done. best_score=147.0, changed=613, unchanged=326, early_stops=8/8
26 - INFO - chord#: 88 In build_straw_man_chord_sa. tolerance = 1, sa_iterations = 1000, initial_temperature = 3.0, cooling_rate = 0.999
26 - INFO - chord#: 84 done. best_score=27.0, changed=514, unchanged=499, early_stops=8/8
26 - INFO - chord#: 86 In build_straw_man_chord_sa. tolerance = 1, sa_iterations = 1000, initial_temperature = 3.0, cooling_rate = 0.999
26 - INFO - chord#: 96 done. best_score=27.0, changed=529, unchanged=469, early_stops=8/8
26 - INFO - chord#: 98 In build_straw_man_chord_sa. tolerance = 1, sa_iterations = 1000, initial_temperature = 3.0, cooling_rate = 0.999
26 - INFO - chord#: 96 done. best_score=27.0, changed=523, unchanged=474, early_stops=8/8
26 - INFO - chord#: 98 In build_straw_man_chord_sa. tolerance = 1, sa_iterations = 1000, initial_temperature = 3.0, cooling_rate = 0.999
26 - INFO - chord#: 84 done. best_score=27.0, changed=530, unchanged=475, early_stops=8/8
26 - INFO - chord#: 86 In build_straw_man_chord_sa. tolerance = 1, sa_iterations = 1000, initial_temperature = 3.0, cooling_rate = 0.999
26 - INFO - chord#: 82 done. best_score=36.0, changed=521, unchanged=362, early_stops=8/8
26 - INFO - chord#: 84 In build_straw_man_chord_sa. tolerance = 1, sa_iterations = 1000, initial_temperature = 3.0, cooling_rate = 0.999
26 - INFO - chord#: 100 done. best_score=27.0, changed=521, unchanged=410, early_stops=8/8
26 - INFO - chord#: 102 In build_straw_man_chord_sa. tolerance = 1, sa_iterations = 1000, initial_temperature = 3.0, cooling_rate = 0.999
26 - INFO - chord#: 86 done. best_score=94.0, changed=607, unchanged=218, early_stops=8/8
26 - INFO - chord#: 88 In build_straw_man_chord_sa. tolerance = 1, sa_iterations = 1000, initial_temperature = 3.0, cooling_rate = 0.999
26 - INFO - chord#: 98 done. best_score=146.0, changed=614, unchanged=352, early_stops=8/8
26 - INFO - chord#: 100 In build_straw_man_chord_sa. tolerance = 1, sa_iterations = 1000, initial_temperature = 3.0, cooling_rate = 0.999
26 - INFO - chord#: 88 done. best_score=27.0, changed=528, unchanged=355, early_stops=8/8
26 - INFO - chord#: 90 In build_straw_man_chord_sa. tolerance = 1, sa_iterations = 1000, initial_temperature = 3.0, cooling_rate = 0.999
26 - INFO - chord#: 98 done. best_score=146.0, changed=609, unchanged=203, early_stops=8/8
26 - INFO - chord#: 100 In build_straw_man_chord_sa. tolerance = 1, sa_iterations = 1000, initial_temperature = 3.0, cooling_rate = 0.999
26 - INFO - chord#: 84 done. best_score=27.0, changed=517, unchanged=363, early_stops=8/8
26 - INFO - chord#: 86 In build_straw_man_chord_sa. tolerance = 1, sa_iterations = 1000, initial_temperature = 3.0, cooling_rate = 0.999
26 - INFO - chord#: 86 done. best_score=94.0, changed=609, unchanged=215, early_stops=8/8
26 - INFO - chord#: 88 In build_straw_man_chord_sa. tolerance = 1, sa_iterations = 1000, initial_temperature = 3.0, cooling_rate = 0.999
26 - INFO - chord#: 102 done. best_score=96.0, changed=608, unchanged=283, early_stops=8/8
26 - INFO - chord#: 104 In build_straw_man_chord_sa. tolerance = 1, sa_iterations = 1000, initial_temperature = 3.0, cooling_rate = 0.999
26 - INFO - chord#: 100 done. best_score=27.0, changed=526, unchanged=337, early_stops=8/8
26 - INFO - chord#: 102 In build_straw_man_chord_sa. tolerance = 1, sa_iterations = 1000, initial_temperature = 3.0, cooling_rate = 0.999
26 - INFO - chord#: 88 done. best_score=27.0, changed=521, unchanged=411, early_stops=8/8
26 - INFO - chord#: 90 In build_straw_man_chord_sa. tolerance = 1, sa_iterations = 1000, initial_temperature = 3.0, cooling_rate = 0.999
26 - INFO - chord#: 100 done. best_score=27.0, changed=530, unchanged=439, early_stops=8/8
26 - INFO - chord#: 102 In build_straw_man_chord_sa. tolerance = 1, sa_iterations = 1000, initial_temperature = 3.0, cooling_rate = 0.999
26 - INFO - chord#: 102 done. best_score=116.0, changed=613, unchanged=260, early_stops=8/8
26 - INFO - chord#: 104 In build_straw_man_chord_sa. tolerance = 1, sa_iterations = 1000, initial_temperature = 3.0, cooling_rate = 0.999
26 - INFO - chord#: 98 done. best_score=146.0, changed=613, unchanged=352, early_stops=8/8
26 - INFO - chord#: 100 In build_straw_man_chord_sa. tolerance = 1, sa_iterations = 1000, initial_temperature = 3.0, cooling_rate = 0.999
26 - INFO - chord#: 98 done. best_score=104.0, changed=612, unchanged=453, early_stops=8/8
26 - INFO - chord#: 100 In build_straw_man_chord_sa. tolerance = 1, sa_iterations = 1000, initial_temperature = 3.0, cooling_rate = 0.999
26 - INFO - chord#: 104 done. best_score=27.0, changed=519, unchanged=362, early_stops=8/8
26 - INFO - chord#: 106 In build_straw_man_chord_sa. tolerance = 1, sa_iterations = 1000, initial_temperature = 3.0, cooling_rate = 0.999
26 - INFO - chord#: 88 done. best_score=27.0, changed=524, unchanged=364, early_stops=8/8
26 - INFO - chord#: 90 In build_straw_man_chord_sa. tolerance = 1, sa_iterations = 1000, initial_temperature = 3.0, cooling_rate = 0.999
26 - INFO - chord#: 86 done. best_score=101.0, changed=610, unchanged=253, early_stops=8/8
26 - INFO - chord#: 88 In build_straw_man_chord_sa. tolerance = 1, sa_iterations = 1000, initial_temperature = 3.0, cooling_rate = 0.999
26 - INFO - chord#: 86 done. best_score=94.0, changed=610, unchanged=365, early_stops=8/8
26 - INFO - chord#: 88 In build_straw_man_chord_sa. tolerance = 1, sa_iterations = 1000, initial_temperature = 3.0, cooling_rate = 0.999
26 - INFO - chord#: 100 done. best_score=27.0, changed=518, unchanged=346, early_stops=8/8
26 - INFO - chord#: 102 In build_straw_man_chord_sa. tolerance = 1, sa_iterations = 1000, initial_temperature = 3.0, cooling_rate = 0.999
26 - INFO - chord#: 104 done. best_score=27.0, changed=519, unchanged=492, early_stops=8/8
26 - INFO - chord#: 106 In build_straw_man_chord_sa. tolerance = 1, sa_iterations = 1000, initial_temperature = 3.0, cooling_rate = 0.999
26 - INFO - chord#: 106 done. best_score=27.0, changed=525, unchanged=350, early_stops=8/8
26 - INFO - chord#: 108 In build_straw_man_chord_sa. tolerance = 1, sa_iterations = 1000, initial_temperature = 3.0, cooling_rate = 0.999
26 - INFO - chord#: 100 done. best_score=27.0, changed=521, unchanged=391, early_stops=8/8
26 - INFO - chord#: 102 In build_straw_man_chord_sa. tolerance = 1, sa_iterations = 1000, initial_temperature = 3.0, cooling_rate = 0.999
26 - INFO - chord#: 88 done. best_score=27.0, changed=536, unchanged=340, early_stops=8/8
26 - INFO - chord#: 90 In build_straw_man_chord_sa. tolerance = 1, sa_iterations = 1000, initial_temperature = 3.0, cooling_rate = 0.999
26 - INFO - chord#: 102 done. best_score=93.0, changed=611, unchanged=310, early_stops=8/8
26 - INFO - chord#: 104 In build_straw_man_chord_sa. tolerance = 1, sa_iterations = 1000, initial_temperature = 3.0, cooling_rate = 0.999
26 - INFO - chord#: 86 done. best_score=147.0, changed=607, unchanged=244, early_stops=8/8
26 - INFO - chord#: 88 In build_straw_man_chord_sa. tolerance = 1, sa_iterations = 1000, initial_temperature = 3.0, cooling_rate = 0.999
26 - INFO - chord#: 90 done. best_score=149.0, changed=618, unchanged=366, early_stops=8/8
26 - INFO - chord#: 92 In build_straw_man_chord_sa. tolerance = 1, sa_iterations = 1000, initial_temperature = 3.0, cooling_rate = 0.999
26 - INFO - chord#: 106 done. best_score=27.0, changed=529, unchanged=333, early_stops=8/8
26 - INFO - chord#: 108 In build_straw_man_chord_sa. tolerance = 1, sa_iterations = 1000, initial_temperature = 3.0, cooling_rate = 0.999
26 - INFO - chord#: 88 done. best_score=27.0, changed=516, unchanged=338, early_stops=8/8
26 - INFO - chord#: 90 In build_straw_man_chord_sa. tolerance = 1, sa_iterations = 1000, initial_temperature = 3.0, cooling_rate = 0.999
26 - INFO - chord#: 108 done. best_score=27.0, changed=516, unchanged=490, early_stops=8/8
26 - INFO - chord#: 110 In build_straw_man_chord_sa. tolerance = 1, sa_iterations = 1000, initial_temperature = 3.0, cooling_rate = 0.999
26 - INFO - chord#: 102 done. best_score=105.0, changed=612, unchanged=372, early_stops=8/8
26 - INFO - chord#: 104 In build_straw_man_chord_sa. tolerance = 1, sa_iterations = 1000, initial_temperature = 3.0, cooling_rate = 0.999
26 - INFO - chord#: 90 done. best_score=111.0, changed=610, unchanged=304, early_stops=8/8
26 - INFO - chord#: 92 In build_straw_man_chord_sa. tolerance = 1, sa_iterations = 1000, initial_temperature = 3.0, cooling_rate = 0.999
26 - INFO - chord#: 104 done. best_score=27.0, changed=519, unchanged=386, early_stops=8/8
26 - INFO - chord#: 106 In build_straw_man_chord_sa. tolerance = 1, sa_iterations = 1000, initial_temperature = 3.0, cooling_rate = 0.999
26 - INFO - chord#: 108 done. best_score=27.0, changed=521, unchanged=415, early_stops=8/8
26 - INFO - chord#: 110 In build_straw_man_chord_sa. tolerance = 1, sa_iterations = 1000, initial_temperature = 3.0, cooling_rate = 0.999
26 - INFO - chord#: 88 done. best_score=27.0, changed=517, unchanged=309, early_stops=8/8
26 - INFO - chord#: 90 In build_straw_man_chord_sa. tolerance = 1, sa_iterations = 1000, initial_temperature = 3.0, cooling_rate = 0.999
26 - INFO - chord#: 92 done. best_score=27.0, changed=523, unchanged=351, early_stops=8/8
26 - INFO - chord#: 96 In build_straw_man_chord_sa. tolerance = 1, sa_iterations = 1000, initial_temperature = 3.0, cooling_rate = 0.999
26 - INFO - chord#: 104 done. best_score=27.0, changed=524, unchanged=384, early_stops=8/8
26 - INFO - chord#: 106 In build_straw_man_chord_sa. tolerance = 1, sa_iterations = 1000, initial_temperature = 3.0, cooling_rate = 0.999
26 - INFO - chord#: 90 done. best_score=70.0, changed=615, unchanged=363, early_stops=8/8
26 - INFO - chord#: 92 In build_straw_man_chord_sa. tolerance = 1, sa_iterations = 1000, initial_temperature = 3.0, cooling_rate = 0.999
26 - INFO - chord#: 102 done. best_score=96.0, changed=613, unchanged=333, early_stops=8/8
26 - INFO - chord#: 104 In build_straw_man_chord_sa. tolerance = 1, sa_iterations = 1000, initial_temperature = 3.0, cooling_rate = 0.999
26 - INFO - chord#: 92 done. best_score=27.0, changed=519, unchanged=345, early_stops=8/8
26 - INFO - chord#: 96 In build_straw_man_chord_sa. tolerance = 1, sa_iterations = 1000, initial_temperature = 3.0, cooling_rate = 0.999
26 - INFO - chord#: 106 done. best_score=27.0, changed=523, unchanged=380, early_stops=8/8
26 - INFO - chord#: 108 In build_straw_man_chord_sa. tolerance = 1, sa_iterations = 1000, initial_temperature = 3.0, cooling_rate = 0.999
26 - INFO - chord#: 106 done. best_score=27.0, changed=516, unchanged=311, early_stops=8/8
26 - INFO - chord#: 108 In build_straw_man_chord_sa. tolerance = 1, sa_iterations = 1000, initial_temperature = 3.0, cooling_rate = 0.999
26 - INFO - chord#: 102 done. best_score=93.0, changed=617, unchanged=549, early_stops=8/8
26 - INFO - chord#: 104 In build_straw_man_chord_sa. tolerance = 1, sa_iterations = 1000, initial_temperature = 3.0, cooling_rate = 0.999
26 - INFO - chord#: 110 done. best_score=67.0, changed=608, unchanged=229, early_stops=8/8
26 - INFO - chord#: 112 In build_straw_man_chord_sa. tolerance = 1, sa_iterations = 1000, initial_temperature = 3.0, cooling_rate = 0.999
26 - INFO - chord#: 96 done. best_score=27.0, changed=522, unchanged=434, early_stops=8/8
26 - INFO - chord#: 98 In build_straw_man_chord_sa. tolerance = 1, sa_iterations = 1000, initial_temperature = 3.0, cooling_rate = 0.999
26 - INFO - chord#: 104 done. best_score=27.0, changed=523, unchanged=437, early_stops=8/8
26 - INFO - chord#: 106 In build_straw_man_chord_sa. tolerance = 1, sa_iterations = 1000, initial_temperature = 3.0, cooling_rate = 0.999
26 - INFO - chord#: 90 done. best_score=70.0, changed=613, unchanged=427, early_stops=8/8
26 - INFO - chord#: 92 In build_straw_man_chord_sa. tolerance = 1, sa_iterations = 1000, initial_temperature = 3.0, cooling_rate = 0.999
26 - INFO - chord#: 92 done. best_score=27.0, changed=518, unchanged=371, early_stops=8/8
26 - INFO - chord#: 96 In build_straw_man_chord_sa. tolerance = 1, sa_iterations = 1000, initial_temperature = 3.0, cooling_rate = 0.999
26 - INFO - chord#: 108 done. best_score=27.0, changed=522, unchanged=467, early_stops=8/8
26 - INFO - chord#: 110 In build_straw_man_chord_sa. tolerance = 1, sa_iterations = 1000, initial_temperature = 3.0, cooling_rate = 0.999
26 - INFO - chord#: 90 done. best_score=149.0, changed=609, unchanged=302, early_stops=8/8
26 - INFO - chord#: 92 In build_straw_man_chord_sa. tolerance = 1, sa_iterations = 1000, initial_temperature = 3.0, cooling_rate = 0.999
26 - INFO - chord#: 96 done. best_score=27.0, changed=518, unchanged=351, early_stops=8/8
26 - INFO - chord#: 98 In build_straw_man_chord_sa. tolerance = 1, sa_iterations = 1000, initial_temperature = 3.0, cooling_rate = 0.999
26 - INFO - chord#: 104 done. best_score=27.0, changed=511, unchanged=413, early_stops=8/8
26 - INFO - chord#: 106 In build_straw_man_chord_sa. tolerance = 1, sa_iterations = 1000, initial_temperature = 3.0, cooling_rate = 0.999
26 - INFO - chord#: 108 done. best_score=27.0, changed=518, unchanged=424, early_stops=8/8
26 - INFO - chord#: 110 In build_straw_man_chord_sa. tolerance = 1, sa_iterations = 1000, initial_temperature = 3.0, cooling_rate = 0.999
26 - INFO - chord#: 112 done. best_score=27.0, changed=524, unchanged=357, early_stops=8/8
26 - INFO - chord#: 114 In build_straw_man_chord_sa. tolerance = 1, sa_iterations = 1000, initial_temperature = 3.0, cooling_rate = 0.999
26 - INFO - chord#: 106 done. best_score=27.0, changed=523, unchanged=331, early_stops=8/8
26 - INFO - chord#: 108 In build_straw_man_chord_sa. tolerance = 1, sa_iterations = 1000, initial_temperature = 3.0, cooling_rate = 0.999
26 - INFO - chord#: 90 done. best_score=70.0, changed=612, unchanged=220, early_stops=8/8
26 - INFO - chord#: 92 In build_straw_man_chord_sa. tolerance = 1, sa_iterations = 1000, initial_temperature = 3.0, cooling_rate = 0.999
26 - INFO - chord#: 106 done. best_score=27.0, changed=517, unchanged=350, early_stops=8/8
26 - INFO - chord#: 108 In build_straw_man_chord_sa. tolerance = 1, sa_iterations = 1000, initial_temperature = 3.0, cooling_rate = 0.999
26 - INFO - chord#: 92 done. best_score=27.0, changed=515, unchanged=370, early_stops=8/8
26 - INFO - chord#: 96 In build_straw_man_chord_sa. tolerance = 1, sa_iterations = 1000, initial_temperature = 3.0, cooling_rate = 0.999
26 - INFO - chord#: 96 done. best_score=27.0, changed=517, unchanged=399, early_stops=8/8
26 - INFO - chord#: 98 In build_straw_man_chord_sa. tolerance = 1, sa_iterations = 1000, initial_temperature = 3.0, cooling_rate = 0.999
26 - INFO - chord#: 114 done. best_score=27.0, changed=521, unchanged=306, early_stops=8/8
26 - INFO - chord#: 116 In build_straw_man_chord_sa. tolerance = 1, sa_iterations = 1000, initial_temperature = 3.0, cooling_rate = 0.999
26 - INFO - chord#: 92 done. best_score=27.0, changed=531, unchanged=606, early_stops=8/8
26 - INFO - chord#: 96 In build_straw_man_chord_sa. tolerance = 1, sa_iterations = 1000, initial_temperature = 3.0, cooling_rate = 0.999
26 - INFO - chord#: 110 done. best_score=67.0, changed=612, unchanged=444, early_stops=8/8
26 - INFO - chord#: 112 In build_straw_man_chord_sa. tolerance = 1, sa_iterations = 1000, initial_temperature = 3.0, cooling_rate = 0.999
26 - INFO - chord#: 108 done. best_score=27.0, changed=519, unchanged=470, early_stops=8/8
26 - INFO - chord#: 110 In build_straw_man_chord_sa. tolerance = 1, sa_iterations = 1000, initial_temperature = 3.0, cooling_rate = 0.999
26 - INFO - chord#: 92 done. best_score=27.0, changed=519, unchanged=367, early_stops=8/8
26 - INFO - chord#: 96 In build_straw_man_chord_sa. tolerance = 1, sa_iterations = 1000, initial_temperature = 3.0, cooling_rate = 0.999
26 - INFO - chord#: 98 done. best_score=64.0, changed=618, unchanged=361, early_stops=8/8
26 - INFO - chord#: 100 In build_straw_man_chord_sa. tolerance = 1, sa_iterations = 1000, initial_temperature = 3.0, cooling_rate = 0.999
26 - INFO - chord#: 108 done. best_score=27.0, changed=519, unchanged=420, early_stops=8/8
26 - INFO - chord#: 110 In build_straw_man_chord_sa. tolerance = 1, sa_iterations = 1000, initial_temperature = 3.0, cooling_rate = 0.999
26 - INFO - chord#: 110 done. best_score=137.0, changed=610, unchanged=249, early_stops=8/8
26 - INFO - chord#: 112 In build_straw_man_chord_sa. tolerance = 1, sa_iterations = 1000, initial_temperature = 3.0, cooling_rate = 0.999
26 - INFO - chord#: 96 done. best_score=27.0, changed=520, unchanged=368, early_stops=8/8
26 - INFO - chord#: 98 In build_straw_man_chord_sa. tolerance = 1, sa_iterations = 1000, initial_temperature = 3.0, cooling_rate = 0.999
26 - INFO - chord#: 110 done. best_score=142.0, changed=614, unchanged=407, early_stops=8/8
26 - INFO - chord#: 112 In build_straw_man_chord_sa. tolerance = 1, sa_iterations = 1000, initial_temperature = 3.0, cooling_rate = 0.999
26 - INFO - chord#: 98 done. best_score=64.0, changed=609, unchanged=236, early_stops=8/8
26 - INFO - chord#: 100 In build_straw_man_chord_sa. tolerance = 1, sa_iterations = 1000, initial_temperature = 3.0, cooling_rate = 0.999
26 - INFO - chord#: 100 done. best_score=27.0, changed=519, unchanged=340, early_stops=8/8
26 - INFO - chord#: 102 In build_straw_man_chord_sa. tolerance = 1, sa_iterations = 1000, initial_temperature = 3.0, cooling_rate = 0.999
26 - INFO - chord#: 96 done. best_score=27.0, changed=514, unchanged=307, early_stops=8/8
26 - INFO - chord#: 98 In build_straw_man_chord_sa. tolerance = 1, sa_iterations = 1000, initial_temperature = 3.0, cooling_rate = 0.999
26 - INFO - chord#: 112 done. best_score=27.0, changed=523, unchanged=457, early_stops=8/8
26 - INFO - chord#: 114 In build_straw_man_chord_sa. tolerance = 1, sa_iterations = 1000, initial_temperature = 3.0, cooling_rate = 0.999
26 - INFO - chord#: 96 done. best_score=27.0, changed=526, unchanged=505, early_stops=8/8
26 - INFO - chord#: 98 In build_straw_man_chord_sa. tolerance = 1, sa_iterations = 1000, initial_temperature = 3.0, cooling_rate = 0.999
26 - INFO - chord#: 112 done. best_score=27.0, changed=527, unchanged=456, early_stops=8/8
26 - INFO - chord#: 114 In build_straw_man_chord_sa. tolerance = 1, sa_iterations = 1000, initial_temperature = 3.0, cooling_rate = 0.999
26 - INFO - chord#: 116 done. best_score=104.0, changed=609, unchanged=315, early_stops=8/8
26 - INFO - chord#: 117 In build_straw_man_chord_sa. tolerance = 1, sa_iterations = 1000, initial_temperature = 3.0, cooling_rate = 0.999
26 - INFO - chord#: 112 done. best_score=27.0, changed=524, unchanged=427, early_stops=8/8
26 - INFO - chord#: 114 In build_straw_man_chord_sa. tolerance = 1, sa_iterations = 1000, initial_temperature = 3.0, cooling_rate = 0.999
26 - INFO - chord#: 100 done. best_score=27.0, changed=525, unchanged=382, early_stops=8/8
26 - INFO - chord#: 102 In build_straw_man_chord_sa. tolerance = 1, sa_iterations = 1000, initial_temperature = 3.0, cooling_rate = 0.999
26 - INFO - chord#: 110 done. best_score=67.0, changed=613, unchanged=295, early_stops=8/8
26 - INFO - chord#: 112 In build_straw_man_chord_sa. tolerance = 1, sa_iterations = 1000, initial_temperature = 3.0, cooling_rate = 0.999
26 - INFO - chord#: 114 done. best_score=27.0, changed=519, unchanged=346, early_stops=8/8
26 - INFO - chord#: 116 In build_straw_man_chord_sa. tolerance = 1, sa_iterations = 1000, initial_temperature = 3.0, cooling_rate = 0.999
26 - INFO - chord#: 98 done. best_score=64.0, changed=608, unchanged=377, early_stops=8/8
26 - INFO - chord#: 100 In build_straw_man_chord_sa. tolerance = 1, sa_iterations = 1000, initial_temperature = 3.0, cooling_rate = 0.999
26 - INFO - chord#: 114 done. best_score=27.0, changed=532, unchanged=308, early_stops=8/8
26 - INFO - chord#: 116 In build_straw_man_chord_sa. tolerance = 1, sa_iterations = 1000, initial_temperature = 3.0, cooling_rate = 0.999
26 - INFO - chord#: 114 done. best_score=27.0, changed=529, unchanged=374, early_stops=8/8
26 - INFO - chord#: 116 In build_straw_man_chord_sa. tolerance = 1, sa_iterations = 1000, initial_temperature = 3.0, cooling_rate = 0.999
26 - INFO - chord#: 110 done. best_score=142.0, changed=609, unchanged=404, early_stops=8/8
26 - INFO - chord#: 112 In build_straw_man_chord_sa. tolerance = 1, sa_iterations = 1000, initial_temperature = 3.0, cooling_rate = 0.999
26 - INFO - chord#: 102 done. best_score=93.0, changed=609, unchanged=277, early_stops=8/8
26 - INFO - chord#: 104 In build_straw_man_chord_sa. tolerance = 1, sa_iterations = 1000, initial_temperature = 3.0, cooling_rate = 0.999
26 - INFO - chord#: 112 done. best_score=27.0, changed=523, unchanged=436, early_stops=8/8
26 - INFO - chord#: 114 In build_straw_man_chord_sa. tolerance = 1, sa_iterations = 1000, initial_temperature = 3.0, cooling_rate = 0.999
26 - INFO - chord#: 98 done. best_score=64.0, changed=610, unchanged=282, early_stops=8/8
26 - INFO - chord#: 100 In build_straw_man_chord_sa. tolerance = 1, sa_iterations = 1000, initial_temperature = 3.0, cooling_rate = 0.999
26 - INFO - chord#: 98 done. best_score=64.0, changed=611, unchanged=260, early_stops=8/8
26 - INFO - chord#: 100 In build_straw_man_chord_sa. tolerance = 1, sa_iterations = 1000, initial_temperature = 3.0, cooling_rate = 0.999
26 - INFO - chord#: 100 done. best_score=27.0, changed=525, unchanged=323, early_stops=8/8
26 - INFO - chord#: 102 In build_straw_man_chord_sa. tolerance = 1, sa_iterations = 1000, initial_temperature = 3.0, cooling_rate = 0.999
26 - INFO - chord#: 117 done. best_score=168.0, changed=621, unchanged=314, early_stops=8/8
26 - INFO - chord#: 118 In build_straw_man_chord_sa. tolerance = 1, sa_iterations = 1000, initial_temperature = 3.0, cooling_rate = 0.999
26 - INFO - chord#: 98 done. best_score=146.0, changed=609, unchanged=212, early_stops=8/8
26 - INFO - chord#: 100 In build_straw_man_chord_sa. tolerance = 1, sa_iterations = 1000, initial_temperature = 3.0, cooling_rate = 0.999
26 - INFO - chord#: 112 done. best_score=27.0, changed=520, unchanged=368, early_stops=8/8
26 - INFO - chord#: 114 In build_straw_man_chord_sa. tolerance = 1, sa_iterations = 1000, initial_temperature = 3.0, cooling_rate = 0.999
26 - INFO - chord#: 104 done. best_score=27.0, changed=526, unchanged=458, early_stops=8/8
26 - INFO - chord#: 106 In build_straw_man_chord_sa. tolerance = 1, sa_iterations = 1000, initial_temperature = 3.0, cooling_rate = 0.999
26 - INFO - chord#: 118 done. best_score=9.0, changed=480, unchanged=342, early_stops=8/8
26 - INFO - chord#: 120 In build_straw_man_chord_sa. tolerance = 1, sa_iterations = 1000, initial_temperature = 3.0, cooling_rate = 0.999
26 - INFO - chord#: 114 done. best_score=27.0, changed=531, unchanged=391, early_stops=8/8
26 - INFO - chord#: 116 In build_straw_man_chord_sa. tolerance = 1, sa_iterations = 1000, initial_temperature = 3.0, cooling_rate = 0.999
26 - INFO - chord#: 100 done. best_score=27.0, changed=524, unchanged=413, early_stops=8/8
26 - INFO - chord#: 102 In build_straw_man_chord_sa. tolerance = 1, sa_iterations = 1000, initial_temperature = 3.0, cooling_rate = 0.999
26 - INFO - chord#: 100 done. best_score=27.0, changed=524, unchanged=347, early_stops=8/8
26 - INFO - chord#: 102 In build_straw_man_chord_sa. tolerance = 1, sa_iterations = 1000, initial_temperature = 3.0, cooling_rate = 0.999
26 - INFO - chord#: 102 done. best_score=96.0, changed=610, unchanged=321, early_stops=8/8
26 - INFO - chord#: 104 In build_straw_man_chord_sa. tolerance = 1, sa_iterations = 1000, initial_temperature = 3.0, cooling_rate = 0.999
26 - INFO - chord#: 106 done. best_score=27.0, changed=523, unchanged=356, early_stops=8/8
26 - INFO - chord#: 108 In build_straw_man_chord_sa. tolerance = 1, sa_iterations = 1000, initial_temperature = 3.0, cooling_rate = 0.999
26 - INFO - chord#: 114 done. best_score=27.0, changed=530, unchanged=373, early_stops=8/8
26 - INFO - chord#: 116 In build_straw_man_chord_sa. tolerance = 1, sa_iterations = 1000, initial_temperature = 3.0, cooling_rate = 0.999
26 - INFO - chord#: 116 done. best_score=71.0, changed=613, unchanged=361, early_stops=8/8
26 - INFO - chord#: 117 In build_straw_man_chord_sa. tolerance = 1, sa_iterations = 1000, initial_temperature = 3.0, cooling_rate = 0.999
26 - INFO - chord#: 100 done. best_score=27.0, changed=527, unchanged=376, early_stops=8/8
26 - INFO - chord#: 102 In build_straw_man_chord_sa. tolerance = 1, sa_iterations = 1000, initial_temperature = 3.0, cooling_rate = 0.999
26 - INFO - chord#: 116 done. best_score=64.0, changed=610, unchanged=400, early_stops=8/8
26 - INFO - chord#: 117 In build_straw_man_chord_sa. tolerance = 1, sa_iterations = 1000, initial_temperature = 3.0, cooling_rate = 0.999
26 - INFO - chord#: 120 done. best_score=27.0, changed=518, unchanged=476, early_stops=8/8
26 - INFO - chord#: 122 In build_straw_man_chord_sa. tolerance = 1, sa_iterations = 1000, initial_temperature = 3.0, cooling_rate = 0.999
26 - INFO - chord#: 116 done. best_score=195.0, changed=612, unchanged=340, early_stops=8/8
26 - INFO - chord#: 117 In build_straw_man_chord_sa. tolerance = 1, sa_iterations = 1000, initial_temperature = 3.0, cooling_rate = 0.999
26 - INFO - chord#: 108 done. best_score=27.0, changed=528, unchanged=505, early_stops=8/8
26 - INFO - chord#: 110 In build_straw_man_chord_sa. tolerance = 1, sa_iterations = 1000, initial_temperature = 3.0, cooling_rate = 0.999
26 - INFO - chord#: 104 done. best_score=27.0, changed=529, unchanged=545, early_stops=8/8
26 - INFO - chord#: 106 In build_straw_man_chord_sa. tolerance = 1, sa_iterations = 1000, initial_temperature = 3.0, cooling_rate = 0.999
26 - INFO - chord#: 102 done. best_score=129.0, changed=615, unchanged=281, early_stops=8/8
26 - INFO - chord#: 104 In build_straw_man_chord_sa. tolerance = 1, sa_iterations = 1000, initial_temperature = 3.0, cooling_rate = 0.999
26 - INFO - chord#: 116 done. best_score=157.0, changed=610, unchanged=294, early_stops=8/8
26 - INFO - chord#: 117 In build_straw_man_chord_sa. tolerance = 1, sa_iterations = 1000, initial_temperature = 3.0, cooling_rate = 0.999
26 - INFO - chord#: 102 done. best_score=96.0, changed=608, unchanged=232, early_stops=8/8
26 - INFO - chord#: 104 In build_straw_man_chord_sa. tolerance = 1, sa_iterations = 1000, initial_temperature = 3.0, cooling_rate = 0.999
26 - INFO - chord#: 122 done. best_score=157.0, changed=608, unchanged=214, early_stops=8/8
26 - INFO - chord#: 124 In build_straw_man_chord_sa. tolerance = 1, sa_iterations = 1000, initial_temperature = 3.0, cooling_rate = 0.999
26 - INFO - chord#: 117 done. best_score=149.0, changed=611, unchanged=386, early_stops=8/8
26 - INFO - chord#: 118 In build_straw_man_chord_sa. tolerance = 1, sa_iterations = 1000, initial_temperature = 3.0, cooling_rate = 0.999
26 - INFO - chord#: 117 done. best_score=74.0, changed=614, unchanged=262, early_stops=8/8
26 - INFO - chord#: 118 In build_straw_man_chord_sa. tolerance = 1, sa_iterations = 1000, initial_temperature = 3.0, cooling_rate = 0.999
26 - INFO - chord#: 116 done. best_score=104.0, changed=609, unchanged=332, early_stops=8/8
26 - INFO - chord#: 117 In build_straw_man_chord_sa. tolerance = 1, sa_iterations = 1000, initial_temperature = 3.0, cooling_rate = 0.999
26 - INFO - chord#: 106 done. best_score=27.0, changed=530, unchanged=331, early_stops=8/8
26 - INFO - chord#: 108 In build_straw_man_chord_sa. tolerance = 1, sa_iterations = 1000, initial_temperature = 3.0, cooling_rate = 0.999
26 - INFO - chord#: 118 done. best_score=9.0, changed=495, unchanged=342, early_stops=8/8
26 - INFO - chord#: 120 In build_straw_man_chord_sa. tolerance = 1, sa_iterations = 1000, initial_temperature = 3.0, cooling_rate = 0.999
26 - INFO - chord#: 118 done. best_score=9.0, changed=467, unchanged=379, early_stops=8/8
26 - INFO - chord#: 120 In build_straw_man_chord_sa. tolerance = 1, sa_iterations = 1000, initial_temperature = 3.0, cooling_rate = 0.999
26 - INFO - chord#: 102 done. best_score=93.0, changed=608, unchanged=271, early_stops=8/8
26 - INFO - chord#: 104 In build_straw_man_chord_sa. tolerance = 1, sa_iterations = 1000, initial_temperature = 3.0, cooling_rate = 0.999
26 - INFO - chord#: 104 done. best_score=27.0, changed=522, unchanged=375, early_stops=8/8
26 - INFO - chord#: 106 In build_straw_man_chord_sa. tolerance = 1, sa_iterations = 1000, initial_temperature = 3.0, cooling_rate = 0.999
26 - INFO - chord#: 117 done. best_score=74.0, changed=610, unchanged=264, early_stops=8/8
26 - INFO - chord#: 118 In build_straw_man_chord_sa. tolerance = 1, sa_iterations = 1000, initial_temperature = 3.0, cooling_rate = 0.999
26 - INFO - chord#: 102 done. best_score=93.0, changed=616, unchanged=396, early_stops=8/8
26 - INFO - chord#: 104 In build_straw_man_chord_sa. tolerance = 1, sa_iterations = 1000, initial_temperature = 3.0, cooling_rate = 0.999
26 - INFO - chord#: 118 done. best_score=9.0, changed=463, unchanged=347, early_stops=8/8
26 - INFO - chord#: 120 In build_straw_man_chord_sa. tolerance = 1, sa_iterations = 1000, initial_temperature = 3.0, cooling_rate = 0.999
26 - INFO - chord#: 124 done. best_score=27.0, changed=523, unchanged=381, early_stops=8/8
26 - INFO - chord#: 128 In build_straw_man_chord_sa. tolerance = 1, sa_iterations = 1000, initial_temperature = 3.0, cooling_rate = 0.999
26 - INFO - chord#: 104 done. best_score=27.0, changed=516, unchanged=373, early_stops=8/8
26 - INFO - chord#: 106 In build_straw_man_chord_sa. tolerance = 1, sa_iterations = 1000, initial_temperature = 3.0, cooling_rate = 0.999
26 - INFO - chord#: 120 done. best_score=27.0, changed=513, unchanged=365, early_stops=8/8
26 - INFO - chord#: 122 In build_straw_man_chord_sa. tolerance = 1, sa_iterations = 1000, initial_temperature = 3.0, cooling_rate = 0.999
26 - INFO - chord#: 110 done. best_score=137.0, changed=614, unchanged=524, early_stops=8/8
26 - INFO - chord#: 112 In build_straw_man_chord_sa. tolerance = 1, sa_iterations = 1000, initial_temperature = 3.0, cooling_rate = 0.999
26 - INFO - chord#: 108 done. best_score=27.0, changed=512, unchanged=334, early_stops=8/8
26 - INFO - chord#: 110 In build_straw_man_chord_sa. tolerance = 1, sa_iterations = 1000, initial_temperature = 3.0, cooling_rate = 0.999
26 - INFO - chord#: 120 done. best_score=27.0, changed=521, unchanged=471, early_stops=8/8
26 - INFO - chord#: 122 In build_straw_man_chord_sa. tolerance = 1, sa_iterations = 1000, initial_temperature = 3.0, cooling_rate = 0.999
26 - INFO - chord#: 117 done. best_score=149.0, changed=618, unchanged=318, early_stops=8/8
26 - INFO - chord#: 118 In build_straw_man_chord_sa. tolerance = 1, sa_iterations = 1000, initial_temperature = 3.0, cooling_rate = 0.999
26 - INFO - chord#: 106 done. best_score=27.0, changed=516, unchanged=364, early_stops=8/8
26 - INFO - chord#: 108 In build_straw_man_chord_sa. tolerance = 1, sa_iterations = 1000, initial_temperature = 3.0, cooling_rate = 0.999
26 - INFO - chord#: 118 done. best_score=9.0, changed=496, unchanged=327, early_stops=8/8
26 - INFO - chord#: 120 In build_straw_man_chord_sa. tolerance = 1, sa_iterations = 1000, initial_temperature = 3.0, cooling_rate = 0.999
26 - INFO - chord#: 117 done. best_score=172.0, changed=607, unchanged=198, early_stops=8/8
26 - INFO - chord#: 118 In build_straw_man_chord_sa. tolerance = 1, sa_iterations = 1000, initial_temperature = 3.0, cooling_rate = 0.999
26 - INFO - chord#: 104 done. best_score=27.0, changed=533, unchanged=566, early_stops=8/8
26 - INFO - chord#: 106 In build_straw_man_chord_sa. tolerance = 1, sa_iterations = 1000, initial_temperature = 3.0, cooling_rate = 0.999
26 - INFO - chord#: 128 done. best_score=27.0, changed=527, unchanged=413, early_stops=8/8
26 - INFO - chord#: 130 In build_straw_man_chord_sa. tolerance = 1, sa_iterations = 1000, initial_temperature = 3.0, cooling_rate = 0.999
26 - INFO - chord#: 104 done. best_score=27.0, changed=519, unchanged=398, early_stops=8/8
26 - INFO - chord#: 106 In build_straw_man_chord_sa. tolerance = 1, sa_iterations = 1000, initial_temperature = 3.0, cooling_rate = 0.999
26 - INFO - chord#: 118 done. best_score=9.0, changed=456, unchanged=346, early_stops=8/8
26 - INFO - chord#: 120 In build_straw_man_chord_sa. tolerance = 1, sa_iterations = 1000, initial_temperature = 3.0, cooling_rate = 0.999
26 - INFO - chord#: 120 done. best_score=27.0, changed=518, unchanged=389, early_stops=8/8
26 - INFO - chord#: 122 In build_straw_man_chord_sa. tolerance = 1, sa_iterations = 1000, initial_temperature = 3.0, cooling_rate = 0.999
26 - INFO - chord#: 106 done. best_score=27.0, changed=527, unchanged=354, early_stops=8/8
26 - INFO - chord#: 108 In build_straw_man_chord_sa. tolerance = 1, sa_iterations = 1000, initial_temperature = 3.0, cooling_rate = 0.999
26 - INFO - chord#: 112 done. best_score=27.0, changed=525, unchanged=533, early_stops=8/8
26 - INFO - chord#: 114 In build_straw_man_chord_sa. tolerance = 1, sa_iterations = 1000, initial_temperature = 3.0, cooling_rate = 0.999
26 - INFO - chord#: 108 done. best_score=36.0, changed=512, unchanged=321, early_stops=8/8
26 - INFO - chord#: 110 In build_straw_man_chord_sa. tolerance = 1, sa_iterations = 1000, initial_temperature = 3.0, cooling_rate = 0.999
26 - INFO - chord#: 120 done. best_score=27.0, changed=522, unchanged=416, early_stops=8/8
26 - INFO - chord#: 122 In build_straw_man_chord_sa. tolerance = 1, sa_iterations = 1000, initial_temperature = 3.0, cooling_rate = 0.999
26 - INFO - chord#: 106 done. best_score=27.0, changed=535, unchanged=373, early_stops=8/8
26 - INFO - chord#: 108 In build_straw_man_chord_sa. tolerance = 1, sa_iterations = 1000, initial_temperature = 3.0, cooling_rate = 0.999
26 - INFO - chord#: 106 done. best_score=27.0, changed=525, unchanged=343, early_stops=8/8
26 - INFO - chord#: 108 In build_straw_man_chord_sa. tolerance = 1, sa_iterations = 1000, initial_temperature = 3.0, cooling_rate = 0.999
26 - INFO - chord#: 120 done. best_score=27.0, changed=522, unchanged=483, early_stops=8/8
26 - INFO - chord#: 122 In build_straw_man_chord_sa. tolerance = 1, sa_iterations = 1000, initial_temperature = 3.0, cooling_rate = 0.999
26 - INFO - chord#: 108 done. best_score=27.0, changed=516, unchanged=375, early_stops=8/8
26 - INFO - chord#: 110 In build_straw_man_chord_sa. tolerance = 1, sa_iterations = 1000, initial_temperature = 3.0, cooling_rate = 0.999
26 - INFO - chord#: 114 done. best_score=27.0, changed=518, unchanged=316, early_stops=8/8
26 - INFO - chord#: 116 In build_straw_man_chord_sa. tolerance = 1, sa_iterations = 1000, initial_temperature = 3.0, cooling_rate = 0.999
26 - INFO - chord#: 122 done. best_score=67.0, changed=612, unchanged=277, early_stops=8/8
26 - INFO - chord#: 124 In build_straw_man_chord_sa. tolerance = 1, sa_iterations = 1000, initial_temperature = 3.0, cooling_rate = 0.999
26 - INFO - chord#: 122 done. best_score=67.0, changed=618, unchanged=505, early_stops=8/8
26 - INFO - chord#: 124 In build_straw_man_chord_sa. tolerance = 1, sa_iterations = 1000, initial_temperature = 3.0, cooling_rate = 0.999
26 - INFO - chord#: 130 done. best_score=137.0, changed=620, unchanged=312, early_stops=8/8
26 - INFO - chord#: 132 In build_straw_man_chord_sa. tolerance = 1, sa_iterations = 1000, initial_temperature = 3.0, cooling_rate = 0.999
26 - INFO - chord#: 110 done. best_score=142.0, changed=612, unchanged=305, early_stops=8/8
26 - INFO - chord#: 112 In build_straw_man_chord_sa. tolerance = 1, sa_iterations = 1000, initial_temperature = 3.0, cooling_rate = 0.999
26 - INFO - chord#: 108 done. best_score=27.0, changed=521, unchanged=399, early_stops=8/8
26 - INFO - chord#: 110 In build_straw_man_chord_sa. tolerance = 1, sa_iterations = 1000, initial_temperature = 3.0, cooling_rate = 0.999
26 - INFO - chord#: 108 done. best_score=27.0, changed=521, unchanged=443, early_stops=8/8
26 - INFO - chord#: 110 In build_straw_man_chord_sa. tolerance = 1, sa_iterations = 1000, initial_temperature = 3.0, cooling_rate = 0.999
26 - INFO - chord#: 124 done. best_score=27.0, changed=524, unchanged=462, early_stops=8/8
26 - INFO - chord#: 128 In build_straw_man_chord_sa. tolerance = 1, sa_iterations = 1000, initial_temperature = 3.0, cooling_rate = 0.999
26 - INFO - chord#: 124 done. best_score=27.0, changed=525, unchanged=372, early_stops=8/8
26 - INFO - chord#: 128 In build_straw_man_chord_sa. tolerance = 1, sa_iterations = 1000, initial_temperature = 3.0, cooling_rate = 0.999
26 - INFO - chord#: 132 done. best_score=27.0, changed=531, unchanged=558, early_stops=8/8
26 - INFO - chord#: 134 In build_straw_man_chord_sa. tolerance = 1, sa_iterations = 1000, initial_temperature = 3.0, cooling_rate = 0.999
26 - INFO - chord#: 122 done. best_score=67.0, changed=614, unchanged=406, early_stops=8/8
26 - INFO - chord#: 124 In build_straw_man_chord_sa. tolerance = 1, sa_iterations = 1000, initial_temperature = 3.0, cooling_rate = 0.999
26 - INFO - chord#: 122 done. best_score=67.0, changed=616, unchanged=381, early_stops=8/8
26 - INFO - chord#: 124 In build_straw_man_chord_sa. tolerance = 1, sa_iterations = 1000, initial_temperature = 3.0, cooling_rate = 0.999
26 - INFO - chord#: 112 done. best_score=27.0, changed=523, unchanged=369, early_stops=8/8
26 - INFO - chord#: 114 In build_straw_man_chord_sa. tolerance = 1, sa_iterations = 1000, initial_temperature = 3.0, cooling_rate = 0.999
26 - INFO - chord#: 110 done. best_score=141.0, changed=608, unchanged=340, early_stops=8/8
26 - INFO - chord#: 112 In build_straw_man_chord_sa. tolerance = 1, sa_iterations = 1000, initial_temperature = 3.0, cooling_rate = 0.999
26 - INFO - chord#: 128 done. best_score=27.0, changed=520, unchanged=428, early_stops=8/8
26 - INFO - chord#: 130 In build_straw_man_chord_sa. tolerance = 1, sa_iterations = 1000, initial_temperature = 3.0, cooling_rate = 0.999
26 - INFO - chord#: 122 done. best_score=96.0, changed=614, unchanged=386, early_stops=8/8
26 - INFO - chord#: 124 In build_straw_man_chord_sa. tolerance = 1, sa_iterations = 1000, initial_temperature = 3.0, cooling_rate = 0.999
26 - INFO - chord#: 128 done. best_score=27.0, changed=523, unchanged=367, early_stops=8/8
26 - INFO - chord#: 130 In build_straw_man_chord_sa. tolerance = 1, sa_iterations = 1000, initial_temperature = 3.0, cooling_rate = 0.999
26 - INFO - chord#: 110 done. best_score=67.0, changed=612, unchanged=297, early_stops=8/8
26 - INFO - chord#: 112 In build_straw_man_chord_sa. tolerance = 1, sa_iterations = 1000, initial_temperature = 3.0, cooling_rate = 0.999
26 - INFO - chord#: 124 done. best_score=27.0, changed=525, unchanged=397, early_stops=8/8
26 - INFO - chord#: 128 In build_straw_man_chord_sa. tolerance = 1, sa_iterations = 1000, initial_temperature = 3.0, cooling_rate = 0.999
26 - INFO - chord#: 124 done. best_score=27.0, changed=518, unchanged=318, early_stops=8/8
26 - INFO - chord#: 128 In build_straw_man_chord_sa. tolerance = 1, sa_iterations = 1000, initial_temperature = 3.0, cooling_rate = 0.999
26 - INFO - chord#: 124 done. best_score=27.0, changed=528, unchanged=322, early_stops=8/8
26 - INFO - chord#: 128 In build_straw_man_chord_sa. tolerance = 1, sa_iterations = 1000, initial_temperature = 3.0, cooling_rate = 0.999
26 - INFO - chord#: 116 done. best_score=64.0, changed=617, unchanged=557, early_stops=8/8
26 - INFO - chord#: 117 In build_straw_man_chord_sa. tolerance = 1, sa_iterations = 1000, initial_temperature = 3.0, cooling_rate = 0.999
26 - INFO - chord#: 114 done. best_score=27.0, changed=522, unchanged=357, early_stops=8/8
26 - INFO - chord#: 116 In build_straw_man_chord_sa. tolerance = 1, sa_iterations = 1000, initial_temperature = 3.0, cooling_rate = 0.999
26 - INFO - chord#: 112 done. best_score=27.0, changed=525, unchanged=467, early_stops=8/8
26 - INFO - chord#: 114 In build_straw_man_chord_sa. tolerance = 1, sa_iterations = 1000, initial_temperature = 3.0, cooling_rate = 0.999
26 - INFO - chord#: 110 done. best_score=140.0, changed=610, unchanged=276, early_stops=8/8
26 - INFO - chord#: 112 In build_straw_man_chord_sa. tolerance = 1, sa_iterations = 1000, initial_temperature = 3.0, cooling_rate = 0.999
26 - INFO - chord#: 128 done. best_score=27.0, changed=525, unchanged=512, early_stops=8/8
26 - INFO - chord#: 130 In build_straw_man_chord_sa. tolerance = 1, sa_iterations = 1000, initial_temperature = 3.0, cooling_rate = 0.999
26 - INFO - chord#: 110 done. best_score=67.0, changed=610, unchanged=415, early_stops=8/8
26 - INFO - chord#: 112 In build_straw_man_chord_sa. tolerance = 1, sa_iterations = 1000, initial_temperature = 3.0, cooling_rate = 0.999
26 - INFO - chord#: 112 done. best_score=27.0, changed=512, unchanged=358, early_stops=8/8
26 - INFO - chord#: 114 In build_straw_man_chord_sa. tolerance = 1, sa_iterations = 1000, initial_temperature = 3.0, cooling_rate = 0.999
26 - INFO - chord#: 128 done. best_score=27.0, changed=522, unchanged=419, early_stops=8/8
26 - INFO - chord#: 130 In build_straw_man_chord_sa. tolerance = 1, sa_iterations = 1000, initial_temperature = 3.0, cooling_rate = 0.999
26 - INFO - chord#: 130 done. best_score=67.0, changed=612, unchanged=296, early_stops=8/8
26 - INFO - chord#: 132 In build_straw_man_chord_sa. tolerance = 1, sa_iterations = 1000, initial_temperature = 3.0, cooling_rate = 0.999
26 - INFO - chord#: 130 done. best_score=137.0, changed=607, unchanged=214, early_stops=8/8
26 - INFO - chord#: 132 In build_straw_man_chord_sa. tolerance = 1, sa_iterations = 1000, initial_temperature = 3.0, cooling_rate = 0.999
26 - INFO - chord#: 128 done. best_score=27.0, changed=523, unchanged=446, early_stops=8/8
26 - INFO - chord#: 130 In build_straw_man_chord_sa. tolerance = 1, sa_iterations = 1000, initial_temperature = 3.0, cooling_rate = 0.999
26 - INFO - chord#: 134 done. best_score=74.0, changed=616, unchanged=359, early_stops=8/8
26 - INFO - chord#: 136 In build_straw_man_chord_sa. tolerance = 1, sa_iterations = 1000, initial_temperature = 3.0, cooling_rate = 0.999
26 - INFO - chord#: 114 done. best_score=27.0, changed=526, unchanged=368, early_stops=8/8
26 - INFO - chord#: 116 In build_straw_man_chord_sa. tolerance = 1, sa_iterations = 1000, initial_temperature = 3.0, cooling_rate = 0.999
26 - INFO - chord#: 112 done. best_score=27.0, changed=519, unchanged=480, early_stops=8/8
26 - INFO - chord#: 114 In build_straw_man_chord_sa. tolerance = 1, sa_iterations = 1000, initial_temperature = 3.0, cooling_rate = 0.999
26 - INFO - chord#: 117 done. best_score=74.0, changed=609, unchanged=241, early_stops=8/8
26 - INFO - chord#: 118 In build_straw_man_chord_sa. tolerance = 1, sa_iterations = 1000, initial_temperature = 3.0, cooling_rate = 0.999
26 - INFO - chord#: 114 done. best_score=27.0, changed=520, unchanged=440, early_stops=8/8
26 - INFO - chord#: 112 done. best_score=27.0, changed=517, unchanged=428, early_stops=8/8
26 - INFO - chord#: 116 In build_straw_man_chord_sa. tolerance = 1, sa_iterations = 1000, initial_temperature = 3.0, cooling_rate = 0.999
26 - INFO - chord#: 114 In build_straw_man_chord_sa. tolerance = 1, sa_iterations = 1000, initial_temperature = 3.0, cooling_rate = 0.999
26 - INFO - chord#: 132 done. best_score=27.0, changed=517, unchanged=394, early_stops=8/8
26 - INFO - chord#: 134 In build_straw_man_chord_sa. tolerance = 1, sa_iterations = 1000, initial_temperature = 3.0, cooling_rate = 0.999
26 - INFO - chord#: 132 done. best_score=27.0, changed=522, unchanged=422, early_stops=8/8
26 - INFO - chord#: 134 In build_straw_man_chord_sa. tolerance = 1, sa_iterations = 1000, initial_temperature = 3.0, cooling_rate = 0.999
26 - INFO - chord#: 118 done. best_score=9.0, changed=464, unchanged=354, early_stops=8/8
26 - INFO - chord#: 120 In build_straw_man_chord_sa. tolerance = 1, sa_iterations = 1000, initial_temperature = 3.0, cooling_rate = 0.999
26 - INFO - chord#: 136 done. best_score=27.0, changed=528, unchanged=403, early_stops=8/8
26 - INFO - chord#: 138 In build_straw_man_chord_sa. tolerance = 1, sa_iterations = 1000, initial_temperature = 3.0, cooling_rate = 0.999
26 - INFO - chord#: 130 done. best_score=67.0, changed=608, unchanged=350, early_stops=8/8
26 - INFO - chord#: 132 In build_straw_man_chord_sa. tolerance = 1, sa_iterations = 1000, initial_temperature = 3.0, cooling_rate = 0.999
26 - INFO - chord#: 116 done. best_score=104.0, changed=614, unchanged=304, early_stops=8/8
26 - INFO - chord#: 117 In build_straw_man_chord_sa. tolerance = 1, sa_iterations = 1000, initial_temperature = 3.0, cooling_rate = 0.999
26 - INFO - chord#: 114 done. best_score=27.0, changed=522, unchanged=367, early_stops=8/8
26 - INFO - chord#: 116 In build_straw_man_chord_sa. tolerance = 1, sa_iterations = 1000, initial_temperature = 3.0, cooling_rate = 0.999
26 - INFO - chord#: 130 done. best_score=112.0, changed=613, unchanged=326, early_stops=8/8
26 - INFO - chord#: 132 In build_straw_man_chord_sa. tolerance = 1, sa_iterations = 1000, initial_temperature = 3.0, cooling_rate = 0.999
26 - INFO - chord#: 120 done. best_score=27.0, changed=520, unchanged=362, early_stops=8/8
26 - INFO - chord#: 122 In build_straw_man_chord_sa. tolerance = 1, sa_iterations = 1000, initial_temperature = 3.0, cooling_rate = 0.999
26 - INFO - chord#: 114 done. best_score=27.0, changed=529, unchanged=352, early_stops=8/8
26 - INFO - chord#: 116 In build_straw_man_chord_sa. tolerance = 1, sa_iterations = 1000, initial_temperature = 3.0, cooling_rate = 0.999
26 - INFO - chord#: 130 done. best_score=67.0, changed=614, unchanged=220, early_stops=8/8
26 - INFO - chord#: 132 In build_straw_man_chord_sa. tolerance = 1, sa_iterations = 1000, initial_temperature = 3.0, cooling_rate = 0.999
26 - INFO - chord#: 132 done. best_score=27.0, changed=516, unchanged=442, early_stops=8/8
26 - INFO - chord#: 134 In build_straw_man_chord_sa. tolerance = 1, sa_iterations = 1000, initial_temperature = 3.0, cooling_rate = 0.999
26 - INFO - chord#: 138 done. best_score=140.0, changed=609, unchanged=262, early_stops=8/8
26 - INFO - chord#: 140 In build_straw_man_chord_sa. tolerance = 1, sa_iterations = 1000, initial_temperature = 3.0, cooling_rate = 0.999
26 - INFO - chord#: 132 done. best_score=27.0, changed=522, unchanged=455, early_stops=8/8
26 - INFO - chord#: 134 In build_straw_man_chord_sa. tolerance = 1, sa_iterations = 1000, initial_temperature = 3.0, cooling_rate = 0.999
26 - INFO - chord#: 134 done. best_score=148.0, changed=613, unchanged=273, early_stops=8/8
26 - INFO - chord#: 136 In build_straw_man_chord_sa. tolerance = 1, sa_iterations = 1000, initial_temperature = 3.0, cooling_rate = 0.999
26 - INFO - chord#: 116 done. best_score=125.0, changed=613, unchanged=275, early_stops=8/8
26 - INFO - chord#: 117 In build_straw_man_chord_sa. tolerance = 1, sa_iterations = 1000, initial_temperature = 3.0, cooling_rate = 0.999
26 - INFO - chord#: 116 done. best_score=96.0, changed=613, unchanged=402, early_stops=8/8
26 - INFO - chord#: 117 In build_straw_man_chord_sa. tolerance = 1, sa_iterations = 1000, initial_temperature = 3.0, cooling_rate = 0.999
26 - INFO - chord#: 134 done. best_score=137.0, changed=611, unchanged=336, early_stops=8/8
26 - INFO - chord#: 136 In build_straw_man_chord_sa. tolerance = 1, sa_iterations = 1000, initial_temperature = 3.0, cooling_rate = 0.999
26 - INFO - chord#: 132 done. best_score=27.0, changed=515, unchanged=474, early_stops=8/8
26 - INFO - chord#: 134 In build_straw_man_chord_sa. tolerance = 1, sa_iterations = 1000, initial_temperature = 3.0, cooling_rate = 0.999
26 - INFO - chord#: 117 done. best_score=168.0, changed=610, unchanged=223, early_stops=8/8
26 - INFO - chord#: 118 In build_straw_man_chord_sa. tolerance = 1, sa_iterations = 1000, initial_temperature = 3.0, cooling_rate = 0.999
26 - INFO - chord#: 118 done. best_score=9.0, changed=488, unchanged=331, early_stops=8/8
26 - INFO - chord#: 120 In build_straw_man_chord_sa. tolerance = 1, sa_iterations = 1000, initial_temperature = 3.0, cooling_rate = 0.999
26 - INFO - chord#: 140 done. best_score=27.0, changed=529, unchanged=425, early_stops=8/8
26 - INFO - chord#: 142 In build_straw_man_chord_sa. tolerance = 1, sa_iterations = 1000, initial_temperature = 3.0, cooling_rate = 0.999
26 - INFO - chord#: 136 done. best_score=27.0, changed=512, unchanged=313, early_stops=8/8
26 - INFO - chord#: 138 In build_straw_man_chord_sa. tolerance = 1, sa_iterations = 1000, initial_temperature = 3.0, cooling_rate = 0.999
26 - INFO - chord#: 122 done. best_score=67.0, changed=610, unchanged=339, early_stops=8/8
26 - INFO - chord#: 124 In build_straw_man_chord_sa. tolerance = 1, sa_iterations = 1000, initial_temperature = 3.0, cooling_rate = 0.999
26 - INFO - chord#: 136 done. best_score=27.0, changed=514, unchanged=436, early_stops=8/8
26 - INFO - chord#: 138 In build_straw_man_chord_sa. tolerance = 1, sa_iterations = 1000, initial_temperature = 3.0, cooling_rate = 0.999
26 - INFO - chord#: 116 done. best_score=96.0, changed=609, unchanged=324, early_stops=8/8
26 - INFO - chord#: 117 In build_straw_man_chord_sa. tolerance = 1, sa_iterations = 1000, initial_temperature = 3.0, cooling_rate = 0.999
26 - INFO - chord#: 116 done. best_score=64.0, changed=609, unchanged=296, early_stops=8/8
26 - INFO - chord#: 117 In build_straw_man_chord_sa. tolerance = 1, sa_iterations = 1000, initial_temperature = 3.0, cooling_rate = 0.999
26 - INFO - chord#: 134 done. best_score=74.0, changed=614, unchanged=390, early_stops=8/8
26 - INFO - chord#: 136 In build_straw_man_chord_sa. tolerance = 1, sa_iterations = 1000, initial_temperature = 3.0, cooling_rate = 0.999
26 - INFO - chord#: 134 done. best_score=74.0, changed=608, unchanged=236, early_stops=8/8
26 - INFO - chord#: 136 In build_straw_man_chord_sa. tolerance = 1, sa_iterations = 1000, initial_temperature = 3.0, cooling_rate = 0.999
26 - INFO - chord#: 124 done. best_score=27.0, changed=521, unchanged=383, early_stops=8/8
26 - INFO - chord#: 128 In build_straw_man_chord_sa. tolerance = 1, sa_iterations = 1000, initial_temperature = 3.0, cooling_rate = 0.999
26 - INFO - chord#: 120 done. best_score=27.0, changed=518, unchanged=477, early_stops=8/8
26 - INFO - chord#: 122 In build_straw_man_chord_sa. tolerance = 1, sa_iterations = 1000, initial_temperature = 3.0, cooling_rate = 0.999
26 - INFO - chord#: 117 done. best_score=104.0, changed=617, unchanged=300, early_stops=8/8
26 - INFO - chord#: 118 In build_straw_man_chord_sa. tolerance = 1, sa_iterations = 1000, initial_temperature = 3.0, cooling_rate = 0.999
26 - INFO - chord#: 117 done. best_score=150.0, changed=609, unchanged=236, early_stops=8/8
26 - INFO - chord#: 118 In build_straw_man_chord_sa. tolerance = 1, sa_iterations = 1000, initial_temperature = 3.0, cooling_rate = 0.999
26 - INFO - chord#: 118 done. best_score=9.0, changed=512, unchanged=318, early_stops=8/8
26 - INFO - chord#: 120 In build_straw_man_chord_sa. tolerance = 1, sa_iterations = 1000, initial_temperature = 3.0, cooling_rate = 0.999
26 - INFO - chord#: 118 done. best_score=9.0, changed=506, unchanged=310, early_stops=8/8
26 - INFO - chord#: 120 In build_straw_man_chord_sa. tolerance = 1, sa_iterations = 1000, initial_temperature = 3.0, cooling_rate = 0.999
26 - INFO - chord#: 128 done. best_score=27.0, changed=524, unchanged=399, early_stops=8/8
26 - INFO - chord#: 130 In build_straw_man_chord_sa. tolerance = 1, sa_iterations = 1000, initial_temperature = 3.0, cooling_rate = 0.999
26 - INFO - chord#: 142 done. best_score=74.0, changed=612, unchanged=294, early_stops=8/8
26 - INFO - chord#: 144 In build_straw_man_chord_sa. tolerance = 1, sa_iterations = 1000, initial_temperature = 3.0, cooling_rate = 0.999
26 - INFO - chord#: 136 done. best_score=27.0, changed=523, unchanged=416, early_stops=8/8
26 - INFO - chord#: 138 In build_straw_man_chord_sa. tolerance = 1, sa_iterations = 1000, initial_temperature = 3.0, cooling_rate = 0.999
26 - INFO - chord#: 136 done. best_score=27.0, changed=530, unchanged=608, early_stops=8/8
26 - INFO - chord#: 138 In build_straw_man_chord_sa. tolerance = 1, sa_iterations = 1000, initial_temperature = 3.0, cooling_rate = 0.999
26 - INFO - chord#: 138 done. best_score=140.0, changed=613, unchanged=306, early_stops=8/8
26 - INFO - chord#: 140 In build_straw_man_chord_sa. tolerance = 1, sa_iterations = 1000, initial_temperature = 3.0, cooling_rate = 0.999
26 - INFO - chord#: 117 done. best_score=104.0, changed=612, unchanged=268, early_stops=8/8
26 - INFO - chord#: 118 In build_straw_man_chord_sa. tolerance = 1, sa_iterations = 1000, initial_temperature = 3.0, cooling_rate = 0.999
26 - INFO - chord#: 138 done. best_score=140.0, changed=607, unchanged=275, early_stops=8/8
26 - INFO - chord#: 140 In build_straw_man_chord_sa. tolerance = 1, sa_iterations = 1000, initial_temperature = 3.0, cooling_rate = 0.999
26 - INFO - chord#: 118 done. best_score=9.0, changed=502, unchanged=316, early_stops=8/8
26 - INFO - chord#: 120 In build_straw_man_chord_sa. tolerance = 1, sa_iterations = 1000, initial_temperature = 3.0, cooling_rate = 0.999
26 - INFO - chord#: 120 done. best_score=36.0, changed=516, unchanged=468, early_stops=8/8
26 - INFO - chord#: 122 In build_straw_man_chord_sa. tolerance = 1, sa_iterations = 1000, initial_temperature = 3.0, cooling_rate = 0.999
26 - INFO - chord#: 120 done. best_score=27.0, changed=524, unchanged=422, early_stops=8/8
26 - INFO - chord#: 122 In build_straw_man_chord_sa. tolerance = 1, sa_iterations = 1000, initial_temperature = 3.0, cooling_rate = 0.999
26 - INFO - chord#: 144 done. best_score=27.0, changed=522, unchanged=469, early_stops=8/8
26 - INFO - chord#: 146 In build_straw_man_chord_sa. tolerance = 1, sa_iterations = 1000, initial_temperature = 3.0, cooling_rate = 0.999
26 - INFO - chord#: 134 done. best_score=74.0, changed=612, unchanged=441, early_stops=8/8
26 - INFO - chord#: 136 In build_straw_man_chord_sa. tolerance = 1, sa_iterations = 1000, initial_temperature = 3.0, cooling_rate = 0.999
26 - INFO - chord#: 140 done. best_score=27.0, changed=520, unchanged=361, early_stops=8/8
26 - INFO - chord#: 142 In build_straw_man_chord_sa. tolerance = 1, sa_iterations = 1000, initial_temperature = 3.0, cooling_rate = 0.999
26 - INFO - chord#: 117 done. best_score=96.0, changed=613, unchanged=253, early_stops=8/8
26 - INFO - chord#: 118 In build_straw_man_chord_sa. tolerance = 1, sa_iterations = 1000, initial_temperature = 3.0, cooling_rate = 0.999
26 - INFO - chord#: 118 done. best_score=9.0, changed=486, unchanged=339, early_stops=8/8
26 - INFO - chord#: 120 In build_straw_man_chord_sa. tolerance = 1, sa_iterations = 1000, initial_temperature = 3.0, cooling_rate = 0.999
26 - INFO - chord#: 140 done. best_score=27.0, changed=525, unchanged=463, early_stops=8/8
26 - INFO - chord#: 142 In build_straw_man_chord_sa. tolerance = 1, sa_iterations = 1000, initial_temperature = 3.0, cooling_rate = 0.999
26 - INFO - chord#: 130 done. best_score=78.0, changed=609, unchanged=218, early_stops=8/8
26 - INFO - chord#: 132 In build_straw_man_chord_sa. tolerance = 1, sa_iterations = 1000, initial_temperature = 3.0, cooling_rate = 0.999
26 - INFO - chord#: 122 done. best_score=137.0, changed=605, unchanged=289, early_stops=8/8
26 - INFO - chord#: 124 In build_straw_man_chord_sa. tolerance = 1, sa_iterations = 1000, initial_temperature = 3.0, cooling_rate = 0.999
26 - INFO - chord#: 146 done. best_score=27.0, changed=536, unchanged=424, early_stops=8/8
26 - INFO - chord#: 148 In build_straw_man_chord_sa. tolerance = 1, sa_iterations = 1000, initial_temperature = 3.0, cooling_rate = 0.999
26 - INFO - chord#: 120 done. best_score=27.0, changed=518, unchanged=427, early_stops=8/8
26 - INFO - chord#: 122 In build_straw_man_chord_sa. tolerance = 1, sa_iterations = 1000, initial_temperature = 3.0, cooling_rate = 0.999
26 - INFO - chord#: 136 done. best_score=27.0, changed=524, unchanged=425, early_stops=8/8
26 - INFO - chord#: 138 In build_straw_man_chord_sa. tolerance = 1, sa_iterations = 1000, initial_temperature = 3.0, cooling_rate = 0.999
26 - INFO - chord#: 138 done. best_score=142.0, changed=610, unchanged=317, early_stops=8/8
26 - INFO - chord#: 140 In build_straw_man_chord_sa. tolerance = 1, sa_iterations = 1000, initial_temperature = 3.0, cooling_rate = 0.999
26 - INFO - chord#: 138 done. best_score=143.0, changed=619, unchanged=334, early_stops=8/8
26 - INFO - chord#: 140 In build_straw_man_chord_sa. tolerance = 1, sa_iterations = 1000, initial_temperature = 3.0, cooling_rate = 0.999
26 - INFO - chord#: 120 done. best_score=27.0, changed=523, unchanged=377, early_stops=8/8
26 - INFO - chord#: 122 In build_straw_man_chord_sa. tolerance = 1, sa_iterations = 1000, initial_temperature = 3.0, cooling_rate = 0.999
26 - INFO - chord#: 132 done. best_score=27.0, changed=519, unchanged=347, early_stops=8/8
26 - INFO - chord#: 134 In build_straw_man_chord_sa. tolerance = 1, sa_iterations = 1000, initial_temperature = 3.0, cooling_rate = 0.999
26 - INFO - chord#: 124 done. best_score=27.0, changed=524, unchanged=359, early_stops=8/8
26 - INFO - chord#: 128 In build_straw_man_chord_sa. tolerance = 1, sa_iterations = 1000, initial_temperature = 3.0, cooling_rate = 0.999
26 - INFO - chord#: 142 done. best_score=96.0, changed=611, unchanged=307, early_stops=8/8
26 - INFO - chord#: 144 In build_straw_man_chord_sa. tolerance = 1, sa_iterations = 1000, initial_temperature = 3.0, cooling_rate = 0.999
26 - INFO - chord#: 140 done. best_score=27.0, changed=525, unchanged=453, early_stops=8/8
26 - INFO - chord#: 142 In build_straw_man_chord_sa. tolerance = 1, sa_iterations = 1000, initial_temperature = 3.0, cooling_rate = 0.999
26 - INFO - chord#: 140 done. best_score=27.0, changed=519, unchanged=464, early_stops=8/8
26 - INFO - chord#: 142 In build_straw_man_chord_sa. tolerance = 1, sa_iterations = 1000, initial_temperature = 3.0, cooling_rate = 0.999
26 - INFO - chord#: 142 done. best_score=74.0, changed=615, unchanged=285, early_stops=8/8
26 - INFO - chord#: 144 In build_straw_man_chord_sa. tolerance = 1, sa_iterations = 1000, initial_temperature = 3.0, cooling_rate = 0.999
26 - INFO - chord#: 122 done. best_score=96.0, changed=608, unchanged=238, early_stops=8/8
26 - INFO - chord#: 124 In build_straw_man_chord_sa. tolerance = 1, sa_iterations = 1000, initial_temperature = 3.0, cooling_rate = 0.999
26 - INFO - chord#: 148 done. best_score=67.0, changed=608, unchanged=232, early_stops=8/8
26 - INFO - chord#: 150 In build_straw_man_chord_sa. tolerance = 1, sa_iterations = 1000, initial_temperature = 3.0, cooling_rate = 0.999
26 - INFO - chord#: 122 done. best_score=119.0, changed=611, unchanged=486, early_stops=8/8
26 - INFO - chord#: 124 In build_straw_man_chord_sa. tolerance = 1, sa_iterations = 1000, initial_temperature = 3.0, cooling_rate = 0.999
26 - INFO - chord#: 128 done. best_score=27.0, changed=521, unchanged=439, early_stops=8/8
26 - INFO - chord#: 130 In build_straw_man_chord_sa. tolerance = 1, sa_iterations = 1000, initial_temperature = 3.0, cooling_rate = 0.999
26 - INFO - chord#: 144 done. best_score=27.0, changed=529, unchanged=567, early_stops=8/8
26 - INFO - chord#: 146 In build_straw_man_chord_sa. tolerance = 1, sa_iterations = 1000, initial_temperature = 3.0, cooling_rate = 0.999
26 - INFO - chord#: 144 done. best_score=27.0, changed=518, unchanged=354, early_stops=8/8
26 - INFO - chord#: 146 In build_straw_man_chord_sa. tolerance = 1, sa_iterations = 1000, initial_temperature = 3.0, cooling_rate = 0.999
26 - INFO - chord#: 150 done. best_score=35.0, changed=526, unchanged=314, early_stops=8/8
26 - INFO - chord#: 152 In build_straw_man_chord_sa. tolerance = 1, sa_iterations = 1000, initial_temperature = 3.0, cooling_rate = 0.999
26 - INFO - chord#: 124 done. best_score=27.0, changed=526, unchanged=429, early_stops=8/8
26 - INFO - chord#: 128 In build_straw_man_chord_sa. tolerance = 1, sa_iterations = 1000, initial_temperature = 3.0, cooling_rate = 0.999
26 - INFO - chord#: 122 done. best_score=67.0, changed=609, unchanged=292, early_stops=8/8
26 - INFO - chord#: 124 In build_straw_man_chord_sa. tolerance = 1, sa_iterations = 1000, initial_temperature = 3.0, cooling_rate = 0.999
26 - INFO - chord#: 134 done. best_score=74.0, changed=613, unchanged=268, early_stops=8/8
26 - INFO - chord#: 136 In build_straw_man_chord_sa. tolerance = 1, sa_iterations = 1000, initial_temperature = 3.0, cooling_rate = 0.999
26 - INFO - chord#: 124 done. best_score=27.0, changed=531, unchanged=377, early_stops=8/8
26 - INFO - chord#: 128 In build_straw_man_chord_sa. tolerance = 1, sa_iterations = 1000, initial_temperature = 3.0, cooling_rate = 0.999
26 - INFO - chord#: 142 done. best_score=149.0, changed=610, unchanged=256, early_stops=8/8
26 - INFO - chord#: 144 In build_straw_man_chord_sa. tolerance = 1, sa_iterations = 1000, initial_temperature = 3.0, cooling_rate = 0.999
26 - INFO - chord#: 146 done. best_score=27.0, changed=523, unchanged=329, early_stops=8/8
26 - INFO - chord#: 148 In build_straw_man_chord_sa. tolerance = 1, sa_iterations = 1000, initial_temperature = 3.0, cooling_rate = 0.999
26 - INFO - chord#: 142 done. best_score=74.0, changed=612, unchanged=321, early_stops=8/8
26 - INFO - chord#: 144 In build_straw_man_chord_sa. tolerance = 1, sa_iterations = 1000, initial_temperature = 3.0, cooling_rate = 0.999
26 - INFO - chord#: 146 done. best_score=27.0, changed=526, unchanged=416, early_stops=8/8
26 - INFO - chord#: 148 In build_straw_man_chord_sa. tolerance = 1, sa_iterations = 1000, initial_temperature = 3.0, cooling_rate = 0.999
26 - INFO - chord#: 152 done. best_score=27.0, changed=519, unchanged=401, early_stops=8/8
26 - INFO - chord#: 154 In build_straw_man_chord_sa. tolerance = 1, sa_iterations = 1000, initial_temperature = 3.0, cooling_rate = 0.999
26 - INFO - chord#: 138 done. best_score=142.0, changed=620, unchanged=444, early_stops=8/8
26 - INFO - chord#: 140 In build_straw_man_chord_sa. tolerance = 1, sa_iterations = 1000, initial_temperature = 3.0, cooling_rate = 0.999
26 - INFO - chord#: 122 done. best_score=96.0, changed=611, unchanged=350, early_stops=8/8
26 - INFO - chord#: 124 In build_straw_man_chord_sa. tolerance = 1, sa_iterations = 1000, initial_temperature = 3.0, cooling_rate = 0.999
26 - INFO - chord#: 124 done. best_score=27.0, changed=520, unchanged=370, early_stops=8/8
26 - INFO - chord#: 128 In build_straw_man_chord_sa. tolerance = 1, sa_iterations = 1000, initial_temperature = 3.0, cooling_rate = 0.999
26 - INFO - chord#: 128 done. best_score=27.0, changed=516, unchanged=473, early_stops=8/8
26 - INFO - chord#: 130 In build_straw_man_chord_sa. tolerance = 1, sa_iterations = 1000, initial_temperature = 3.0, cooling_rate = 0.999
26 - INFO - chord#: 136 done. best_score=27.0, changed=515, unchanged=407, early_stops=8/8
26 - INFO - chord#: 138 In build_straw_man_chord_sa. tolerance = 1, sa_iterations = 1000, initial_temperature = 3.0, cooling_rate = 0.999
26 - INFO - chord#: 144 done. best_score=27.0, changed=525, unchanged=511, early_stops=8/8
26 - INFO - chord#: 146 In build_straw_man_chord_sa. tolerance = 1, sa_iterations = 1000, initial_temperature = 3.0, cooling_rate = 0.999
26 - INFO - chord#: 144 done. best_score=27.0, changed=515, unchanged=493, early_stops=8/8
26 - INFO - chord#: 146 In build_straw_man_chord_sa. tolerance = 1, sa_iterations = 1000, initial_temperature = 3.0, cooling_rate = 0.999
26 - INFO - chord#: 128 done. best_score=27.0, changed=518, unchanged=445, early_stops=8/8
26 - INFO - chord#: 130 In build_straw_man_chord_sa. tolerance = 1, sa_iterations = 1000, initial_temperature = 3.0, cooling_rate = 0.999
26 - INFO - chord#: 154 done. best_score=27.0, changed=521, unchanged=362, early_stops=8/8
26 - INFO - chord#: 156 In build_straw_man_chord_sa. tolerance = 1, sa_iterations = 1000, initial_temperature = 3.0, cooling_rate = 0.999
26 - INFO - chord#: 124 done. best_score=27.0, changed=520, unchanged=403, early_stops=8/8
26 - INFO - chord#: 128 In build_straw_man_chord_sa. tolerance = 1, sa_iterations = 1000, initial_temperature = 3.0, cooling_rate = 0.999
26 - INFO - chord#: 128 done. best_score=27.0, changed=523, unchanged=369, early_stops=8/8
26 - INFO - chord#: 130 In build_straw_man_chord_sa. tolerance = 1, sa_iterations = 1000, initial_temperature = 3.0, cooling_rate = 0.999
26 - INFO - chord#: 146 done. best_score=27.0, changed=526, unchanged=377, early_stops=8/8
26 - INFO - chord#: 148 In build_straw_man_chord_sa. tolerance = 1, sa_iterations = 1000, initial_temperature = 3.0, cooling_rate = 0.999
26 - INFO - chord#: 148 done. best_score=119.0, changed=609, unchanged=216, early_stops=8/8
26 - INFO - chord#: 150 In build_straw_man_chord_sa. tolerance = 1, sa_iterations = 1000, initial_temperature = 3.0, cooling_rate = 0.999
26 - INFO - chord#: 146 done. best_score=27.0, changed=520, unchanged=316, early_stops=8/8
26 - INFO - chord#: 148 In build_straw_man_chord_sa. tolerance = 1, sa_iterations = 1000, initial_temperature = 3.0, cooling_rate = 0.999
26 - INFO - chord#: 140 done. best_score=27.0, changed=531, unchanged=654, early_stops=8/8
26 - INFO - chord#: 142 In build_straw_man_chord_sa. tolerance = 1, sa_iterations = 1000, initial_temperature = 3.0, cooling_rate = 0.999
26 - INFO - chord#: 148 done. best_score=158.0, changed=609, unchanged=259, early_stops=8/8
26 - INFO - chord#: 150 In build_straw_man_chord_sa. tolerance = 1, sa_iterations = 1000, initial_temperature = 3.0, cooling_rate = 0.999
26 - INFO - chord#: 130 done. best_score=67.0, changed=611, unchanged=416, early_stops=8/8
26 - INFO - chord#: 132 In build_straw_man_chord_sa. tolerance = 1, sa_iterations = 1000, initial_temperature = 3.0, cooling_rate = 0.999
26 - INFO - chord#: 156 done. best_score=27.0, changed=517, unchanged=398, early_stops=8/8
26 - INFO - chord#: 128 done. best_score=27.0, changed=521, unchanged=415, early_stops=8/8
26 - INFO - chord#: 130 In build_straw_man_chord_sa. tolerance = 1, sa_iterations = 1000, initial_temperature = 3.0, cooling_rate = 0.999
26 - INFO - chord#: 150 done. best_score=37.0, changed=520, unchanged=375, early_stops=8/8
26 - INFO - chord#: 152 In build_straw_man_chord_sa. tolerance = 1, sa_iterations = 1000, initial_temperature = 3.0, cooling_rate = 0.999
26 - INFO - chord#: 150 done. best_score=37.0, changed=526, unchanged=401, early_stops=8/8
26 - INFO - chord#: 152 In build_straw_man_chord_sa. tolerance = 1, sa_iterations = 1000, initial_temperature = 3.0, cooling_rate = 0.999
26 - INFO - chord#: 130 done. best_score=155.0, changed=613, unchanged=208, early_stops=8/8
26 - INFO - chord#: 132 In build_straw_man_chord_sa. tolerance = 1, sa_iterations = 1000, initial_temperature = 3.0, cooling_rate = 0.999
26 - INFO - chord#: 138 done. best_score=140.0, changed=610, unchanged=298, early_stops=8/8
26 - INFO - chord#: 140 In build_straw_man_chord_sa. tolerance = 1, sa_iterations = 1000, initial_temperature = 3.0, cooling_rate = 0.999
26 - INFO - chord#: 132 done. best_score=27.0, changed=513, unchanged=383, early_stops=8/8
26 - INFO - chord#: 134 In build_straw_man_chord_sa. tolerance = 1, sa_iterations = 1000, initial_temperature = 3.0, cooling_rate = 0.999
26 - INFO - chord#: 148 done. best_score=140.0, changed=612, unchanged=239, early_stops=8/8
26 - INFO - chord#: 150 In build_straw_man_chord_sa. tolerance = 1, sa_iterations = 1000, initial_temperature = 3.0, cooling_rate = 0.999
26 - INFO - chord#: 152 done. best_score=27.0, changed=525, unchanged=481, early_stops=8/8
26 - INFO - chord#: 154 In build_straw_man_chord_sa. tolerance = 1, sa_iterations = 1000, initial_temperature = 3.0, cooling_rate = 0.999
26 - INFO - chord#: 152 done. best_score=27.0, changed=533, unchanged=456, early_stops=8/8
26 - INFO - chord#: 154 In build_straw_man_chord_sa. tolerance = 1, sa_iterations = 1000, initial_temperature = 3.0, cooling_rate = 0.999
26 - INFO - chord#: 130 done. best_score=67.0, changed=612, unchanged=328, early_stops=8/8
26 - INFO - chord#: 132 In build_straw_man_chord_sa. tolerance = 1, sa_iterations = 1000, initial_temperature = 3.0, cooling_rate = 0.999
26 - INFO - chord#: 140 done. best_score=27.0, changed=514, unchanged=449, early_stops=8/8
26 - INFO - chord#: 142 In build_straw_man_chord_sa. tolerance = 1, sa_iterations = 1000, initial_temperature = 3.0, cooling_rate = 0.999
26 - INFO - chord#: 148 done. best_score=67.0, changed=611, unchanged=326, early_stops=8/8
26 - INFO - chord#: 150 In build_straw_man_chord_sa. tolerance = 1, sa_iterations = 1000, initial_temperature = 3.0, cooling_rate = 0.999
26 - INFO - chord#: 142 done. best_score=96.0, changed=612, unchanged=343, early_stops=8/8
26 - INFO - chord#: 144 In build_straw_man_chord_sa. tolerance = 1, sa_iterations = 1000, initial_temperature = 3.0, cooling_rate = 0.999
26 - INFO - chord#: 132 done. best_score=27.0, changed=522, unchanged=542, early_stops=8/8
26 - INFO - chord#: 134 In build_straw_man_chord_sa. tolerance = 1, sa_iterations = 1000, initial_temperature = 3.0, cooling_rate = 0.999
26 - INFO - chord#: 150 done. best_score=37.0, changed=523, unchanged=314, early_stops=8/8
26 - INFO - chord#: 152 In build_straw_man_chord_sa. tolerance = 1, sa_iterations = 1000, initial_temperature = 3.0, cooling_rate = 0.999
26 - INFO - chord#: 154 done. best_score=27.0, changed=523, unchanged=335, early_stops=8/8
26 - INFO - chord#: 156 In build_straw_man_chord_sa. tolerance = 1, sa_iterations = 1000, initial_temperature = 3.0, cooling_rate = 0.999
26 - INFO - chord#: 130 done. best_score=67.0, changed=619, unchanged=381, early_stops=8/8
26 - INFO - chord#: 132 In build_straw_man_chord_sa. tolerance = 1, sa_iterations = 1000, initial_temperature = 3.0, cooling_rate = 0.999
26 - INFO - chord#: 154 done. best_score=27.0, changed=518, unchanged=344, early_stops=8/8
26 - INFO - chord#: 156 In build_straw_man_chord_sa. tolerance = 1, sa_iterations = 1000, initial_temperature = 3.0, cooling_rate = 0.999
26 - INFO - chord#: 150 done. best_score=35.0, changed=521, unchanged=334, early_stops=8/8
26 - INFO - chord#: 152 In build_straw_man_chord_sa. tolerance = 1, sa_iterations = 1000, initial_temperature = 3.0, cooling_rate = 0.999
26 - INFO - chord#: 144 done. best_score=27.0, changed=512, unchanged=329, early_stops=8/8
26 - INFO - chord#: 146 In build_straw_man_chord_sa. tolerance = 1, sa_iterations = 1000, initial_temperature = 3.0, cooling_rate = 0.999
26 - INFO - chord#: 132 done. best_score=27.0, changed=524, unchanged=414, early_stops=8/8
26 - INFO - chord#: 134 In build_straw_man_chord_sa. tolerance = 1, sa_iterations = 1000, initial_temperature = 3.0, cooling_rate = 0.999
26 - INFO - chord#: 130 done. best_score=165.0, changed=608, unchanged=297, early_stops=8/8
26 - INFO - chord#: 132 In build_straw_man_chord_sa. tolerance = 1, sa_iterations = 1000, initial_temperature = 3.0, cooling_rate = 0.999
26 - INFO - chord#: 156 done. best_score=27.0, changed=530, unchanged=423, early_stops=8/8
26 - INFO - chord#: 152 done. best_score=27.0, changed=519, unchanged=422, early_stops=8/8
26 - INFO - chord#: 154 In build_straw_man_chord_sa. tolerance = 1, sa_iterations = 1000, initial_temperature = 3.0, cooling_rate = 0.999
26 - INFO - chord#: 156 done. best_score=27.0, changed=545, unchanged=502, early_stops=8/8
26 - INFO - chord#: 152 done. best_score=27.0, changed=525, unchanged=558, early_stops=8/8
26 - INFO - chord#: 154 In build_straw_man_chord_sa. tolerance = 1, sa_iterations = 1000, initial_temperature = 3.0, cooling_rate = 0.999
26 - INFO - chord#: 142 done. best_score=96.0, changed=613, unchanged=343, early_stops=8/8
26 - INFO - chord#: 144 In build_straw_man_chord_sa. tolerance = 1, sa_iterations = 1000, initial_temperature = 3.0, cooling_rate = 0.999
26 - INFO - chord#: 132 done. best_score=27.0, changed=520, unchanged=478, early_stops=8/8
26 - INFO - chord#: 134 In build_straw_man_chord_sa. tolerance = 1, sa_iterations = 1000, initial_temperature = 3.0, cooling_rate = 0.999
26 - INFO - chord#: 146 done. best_score=27.0, changed=524, unchanged=517, early_stops=8/8
26 - INFO - chord#: 148 In build_straw_man_chord_sa. tolerance = 1, sa_iterations = 1000, initial_temperature = 3.0, cooling_rate = 0.999
26 - INFO - chord#: 154 done. best_score=27.0, changed=528, unchanged=312, early_stops=8/8
26 - INFO - chord#: 156 In build_straw_man_chord_sa. tolerance = 1, sa_iterations = 1000, initial_temperature = 3.0, cooling_rate = 0.999
26 - INFO - chord#: 132 done. best_score=27.0, changed=524, unchanged=518, early_stops=8/8
26 - INFO - chord#: 134 In build_straw_man_chord_sa. tolerance = 1, sa_iterations = 1000, initial_temperature = 3.0, cooling_rate = 0.999
26 - INFO - chord#: 154 done. best_score=27.0, changed=527, unchanged=376, early_stops=8/8
26 - INFO - chord#: 156 In build_straw_man_chord_sa. tolerance = 1, sa_iterations = 1000, initial_temperature = 3.0, cooling_rate = 0.999
26 - INFO - chord#: 144 done. best_score=27.0, changed=524, unchanged=472, early_stops=8/8
26 - INFO - chord#: 146 In build_straw_man_chord_sa. tolerance = 1, sa_iterations = 1000, initial_temperature = 3.0, cooling_rate = 0.999
26 - INFO - chord#: 134 done. best_score=74.0, changed=613, unchanged=475, early_stops=8/8
26 - INFO - chord#: 136 In build_straw_man_chord_sa. tolerance = 1, sa_iterations = 1000, initial_temperature = 3.0, cooling_rate = 0.999
26 - INFO - chord#: 156 done. best_score=27.0, changed=522, unchanged=419, early_stops=8/8
26 - INFO - chord#: 134 done. best_score=74.0, changed=610, unchanged=282, early_stops=8/8
26 - INFO - chord#: 136 In build_straw_man_chord_sa. tolerance = 1, sa_iterations = 1000, initial_temperature = 3.0, cooling_rate = 0.999
26 - INFO - chord#: 134 done. best_score=96.0, changed=616, unchanged=319, early_stops=8/8
26 - INFO - chord#: 136 In build_straw_man_chord_sa. tolerance = 1, sa_iterations = 1000, initial_temperature = 3.0, cooling_rate = 0.999
26 - INFO - chord#: 156 done. best_score=27.0, changed=520, unchanged=392, early_stops=8/8
26 - INFO - chord#: 146 done. best_score=27.0, changed=522, unchanged=340, early_stops=8/8
26 - INFO - chord#: 148 In build_straw_man_chord_sa. tolerance = 1, sa_iterations = 1000, initial_temperature = 3.0, cooling_rate = 0.999
26 - INFO - chord#: 148 done. best_score=137.0, changed=610, unchanged=302, early_stops=8/8
26 - INFO - chord#: 150 In build_straw_man_chord_sa. tolerance = 1, sa_iterations = 1000, initial_temperature = 3.0, cooling_rate = 0.999
26 - INFO - chord#: 136 done. best_score=27.0, changed=521, unchanged=514, early_stops=8/8
26 - INFO - chord#: 138 In build_straw_man_chord_sa. tolerance = 1, sa_iterations = 1000, initial_temperature = 3.0, cooling_rate = 0.999
26 - INFO - chord#: 134 done. best_score=74.0, changed=605, unchanged=215, early_stops=8/8
26 - INFO - chord#: 136 In build_straw_man_chord_sa. tolerance = 1, sa_iterations = 1000, initial_temperature = 3.0, cooling_rate = 0.999
26 - INFO - chord#: 134 done. best_score=74.0, changed=613, unchanged=267, early_stops=8/8
26 - INFO - chord#: 136 In build_straw_man_chord_sa. tolerance = 1, sa_iterations = 1000, initial_temperature = 3.0, cooling_rate = 0.999
26 - INFO - chord#: 136 done. best_score=27.0, changed=519, unchanged=394, early_stops=8/8
26 - INFO - chord#: 138 In build_straw_man_chord_sa. tolerance = 1, sa_iterations = 1000, initial_temperature = 3.0, cooling_rate = 0.999
26 - INFO - chord#: 136 done. best_score=27.0, changed=523, unchanged=488, early_stops=8/8
26 - INFO - chord#: 138 In build_straw_man_chord_sa. tolerance = 1, sa_iterations = 1000, initial_temperature = 3.0, cooling_rate = 0.999
26 - INFO - chord#: 150 done. best_score=35.0, changed=532, unchanged=437, early_stops=8/8
26 - INFO - chord#: 152 In build_straw_man_chord_sa. tolerance = 1, sa_iterations = 1000, initial_temperature = 3.0, cooling_rate = 0.999
26 - INFO - chord#: 136 done. best_score=27.0, changed=519, unchanged=441, early_stops=8/8
26 - INFO - chord#: 138 In build_straw_man_chord_sa. tolerance = 1, sa_iterations = 1000, initial_temperature = 3.0, cooling_rate = 0.999
26 - INFO - chord#: 136 done. best_score=27.0, changed=520, unchanged=529, early_stops=8/8
26 - INFO - chord#: 138 In build_straw_man_chord_sa. tolerance = 1, sa_iterations = 1000, initial_temperature = 3.0, cooling_rate = 0.999
26 - INFO - chord#: 148 done. best_score=67.0, changed=613, unchanged=326, early_stops=8/8
26 - INFO - chord#: 150 In build_straw_man_chord_sa. tolerance = 1, sa_iterations = 1000, initial_temperature = 3.0, cooling_rate = 0.999
26 - INFO - chord#: 152 done. best_score=27.0, changed=508, unchanged=369, early_stops=8/8
26 - INFO - chord#: 154 In build_straw_man_chord_sa. tolerance = 1, sa_iterations = 1000, initial_temperature = 3.0, cooling_rate = 0.999
26 - INFO - chord#: 138 done. best_score=140.0, changed=606, unchanged=278, early_stops=8/8
26 - INFO - chord#: 140 In build_straw_man_chord_sa. tolerance = 1, sa_iterations = 1000, initial_temperature = 3.0, cooling_rate = 0.999
26 - INFO - chord#: 150 done. best_score=35.0, changed=541, unchanged=284, early_stops=8/8
26 - INFO - chord#: 152 In build_straw_man_chord_sa. tolerance = 1, sa_iterations = 1000, initial_temperature = 3.0, cooling_rate = 0.999
26 - INFO - chord#: 154 done. best_score=27.0, changed=518, unchanged=510, early_stops=8/8
26 - INFO - chord#: 156 In build_straw_man_chord_sa. tolerance = 1, sa_iterations = 1000, initial_temperature = 3.0, cooling_rate = 0.999
26 - INFO - chord#: 138 done. best_score=140.0, changed=619, unchanged=333, early_stops=8/8
26 - INFO - chord#: 140 In build_straw_man_chord_sa. tolerance = 1, sa_iterations = 1000, initial_temperature = 3.0, cooling_rate = 0.999
26 - INFO - chord#: 138 done. best_score=140.0, changed=611, unchanged=241, early_stops=8/8
26 - INFO - chord#: 140 In build_straw_man_chord_sa. tolerance = 1, sa_iterations = 1000, initial_temperature = 3.0, cooling_rate = 0.999
26 - INFO - chord#: 140 done. best_score=27.0, changed=525, unchanged=544, early_stops=8/8
26 - INFO - chord#: 142 In build_straw_man_chord_sa. tolerance = 1, sa_iterations = 1000, initial_temperature = 3.0, cooling_rate = 0.999
26 - INFO - chord#: 138 done. best_score=145.0, changed=610, unchanged=262, early_stops=8/8
26 - INFO - chord#: 140 In build_straw_man_chord_sa. tolerance = 1, sa_iterations = 1000, initial_temperature = 3.0, cooling_rate = 0.999
26 - INFO - chord#: 156 done. best_score=27.0, changed=518, unchanged=375, early_stops=8/8
26 - INFO - chord#: 140 done. best_score=27.0, changed=517, unchanged=388, early_stops=8/8
26 - INFO - chord#: 142 In build_straw_man_chord_sa. tolerance = 1, sa_iterations = 1000, initial_temperature = 3.0, cooling_rate = 0.999
26 - INFO - chord#: 140 done. best_score=27.0, changed=516, unchanged=327, early_stops=8/8
26 - INFO - chord#: 142 In build_straw_man_chord_sa. tolerance = 1, sa_iterations = 1000, initial_temperature = 3.0, cooling_rate = 0.999
26 - INFO - chord#: 152 done. best_score=27.0, changed=533, unchanged=580, early_stops=8/8
26 - INFO - chord#: 154 In build_straw_man_chord_sa. tolerance = 1, sa_iterations = 1000, initial_temperature = 3.0, cooling_rate = 0.999
26 - INFO - chord#: 138 done. best_score=140.0, changed=622, unchanged=417, early_stops=8/8
26 - INFO - chord#: 140 In build_straw_man_chord_sa. tolerance = 1, sa_iterations = 1000, initial_temperature = 3.0, cooling_rate = 0.999
26 - INFO - chord#: 140 done. best_score=27.0, changed=526, unchanged=488, early_stops=8/8
26 - INFO - chord#: 142 In build_straw_man_chord_sa. tolerance = 1, sa_iterations = 1000, initial_temperature = 3.0, cooling_rate = 0.999
26 - INFO - chord#: 140 done. best_score=27.0, changed=516, unchanged=373, early_stops=8/8
26 - INFO - chord#: 142 In build_straw_man_chord_sa. tolerance = 1, sa_iterations = 1000, initial_temperature = 3.0, cooling_rate = 0.999
26 - INFO - chord#: 154 done. best_score=27.0, changed=531, unchanged=464, early_stops=8/8
26 - INFO - chord#: 156 In build_straw_man_chord_sa. tolerance = 1, sa_iterations = 1000, initial_temperature = 3.0, cooling_rate = 0.999
26 - INFO - chord#: 142 done. best_score=150.0, changed=612, unchanged=247, early_stops=8/8
26 - INFO - chord#: 144 In build_straw_man_chord_sa. tolerance = 1, sa_iterations = 1000, initial_temperature = 3.0, cooling_rate = 0.999
26 - INFO - chord#: 156 done. best_score=27.0, changed=522, unchanged=354, early_stops=8/8
26 - INFO - chord#: 142 done. best_score=121.0, changed=611, unchanged=379, early_stops=8/8
26 - INFO - chord#: 144 In build_straw_man_chord_sa. tolerance = 1, sa_iterations = 1000, initial_temperature = 3.0, cooling_rate = 0.999
26 - INFO - chord#: 144 done. best_score=27.0, changed=520, unchanged=535, early_stops=8/8
26 - INFO - chord#: 146 In build_straw_man_chord_sa. tolerance = 1, sa_iterations = 1000, initial_temperature = 3.0, cooling_rate = 0.999
26 - INFO - chord#: 142 done. best_score=74.0, changed=616, unchanged=507, early_stops=8/8
26 - INFO - chord#: 144 In build_straw_man_chord_sa. tolerance = 1, sa_iterations = 1000, initial_temperature = 3.0, cooling_rate = 0.999
26 - INFO - chord#: 142 done. best_score=121.0, changed=609, unchanged=374, early_stops=8/8
26 - INFO - chord#: 144 In build_straw_man_chord_sa. tolerance = 1, sa_iterations = 1000, initial_temperature = 3.0, cooling_rate = 0.999
26 - INFO - chord#: 142 done. best_score=168.0, changed=612, unchanged=333, early_stops=8/8
26 - INFO - chord#: 144 In build_straw_man_chord_sa. tolerance = 1, sa_iterations = 1000, initial_temperature = 3.0, cooling_rate = 0.999
26 - INFO - chord#: 144 done. best_score=27.0, changed=525, unchanged=459, early_stops=8/8
26 - INFO - chord#: 146 In build_straw_man_chord_sa. tolerance = 1, sa_iterations = 1000, initial_temperature = 3.0, cooling_rate = 0.999
26 - INFO - chord#: 144 done. best_score=27.0, changed=517, unchanged=379, early_stops=8/8
26 - INFO - chord#: 146 In build_straw_man_chord_sa. tolerance = 1, sa_iterations = 1000, initial_temperature = 3.0, cooling_rate = 0.999
26 - INFO - chord#: 146 done. best_score=27.0, changed=532, unchanged=495, early_stops=8/8
26 - INFO - chord#: 148 In build_straw_man_chord_sa. tolerance = 1, sa_iterations = 1000, initial_temperature = 3.0, cooling_rate = 0.999
26 - INFO - chord#: 144 done. best_score=27.0, changed=536, unchanged=403, early_stops=8/8
26 - INFO - chord#: 146 In build_straw_man_chord_sa. tolerance = 1, sa_iterations = 1000, initial_temperature = 3.0, cooling_rate = 0.999
26 - INFO - chord#: 144 done. best_score=27.0, changed=525, unchanged=415, early_stops=8/8
26 - INFO - chord#: 146 In build_straw_man_chord_sa. tolerance = 1, sa_iterations = 1000, initial_temperature = 3.0, cooling_rate = 0.999
26 - INFO - chord#: 146 done. best_score=27.0, changed=531, unchanged=412, early_stops=8/8
26 - INFO - chord#: 148 In build_straw_man_chord_sa. tolerance = 1, sa_iterations = 1000, initial_temperature = 3.0, cooling_rate = 0.999
26 - INFO - chord#: 146 done. best_score=27.0, changed=518, unchanged=325, early_stops=8/8
26 - INFO - chord#: 148 In build_straw_man_chord_sa. tolerance = 1, sa_iterations = 1000, initial_temperature = 3.0, cooling_rate = 0.999
26 - INFO - chord#: 146 done. best_score=27.0, changed=513, unchanged=310, early_stops=8/8
26 - INFO - chord#: 148 In build_straw_man_chord_sa. tolerance = 1, sa_iterations = 1000, initial_temperature = 3.0, cooling_rate = 0.999
26 - INFO - chord#: 146 done. best_score=27.0, changed=529, unchanged=355, early_stops=8/8
26 - INFO - chord#: 148 In build_straw_man_chord_sa. tolerance = 1, sa_iterations = 1000, initial_temperature = 3.0, cooling_rate = 0.999
26 - INFO - chord#: 148 done. best_score=140.0, changed=612, unchanged=303, early_stops=8/8
26 - INFO - chord#: 150 In build_straw_man_chord_sa. tolerance = 1, sa_iterations = 1000, initial_temperature = 3.0, cooling_rate = 0.999
26 - INFO - chord#: 148 done. best_score=137.0, changed=608, unchanged=229, early_stops=8/8
26 - INFO - chord#: 150 In build_straw_man_chord_sa. tolerance = 1, sa_iterations = 1000, initial_temperature = 3.0, cooling_rate = 0.999
26 - INFO - chord#: 148 done. best_score=140.0, changed=611, unchanged=248, early_stops=8/8
26 - INFO - chord#: 150 In build_straw_man_chord_sa. tolerance = 1, sa_iterations = 1000, initial_temperature = 3.0, cooling_rate = 0.999
26 - INFO - chord#: 150 done. best_score=35.0, changed=519, unchanged=368, early_stops=8/8
26 - INFO - chord#: 152 In build_straw_man_chord_sa. tolerance = 1, sa_iterations = 1000, initial_temperature = 3.0, cooling_rate = 0.999
26 - INFO - chord#: 148 done. best_score=119.0, changed=610, unchanged=228, early_stops=8/8
26 - INFO - chord#: 150 In build_straw_man_chord_sa. tolerance = 1, sa_iterations = 1000, initial_temperature = 3.0, cooling_rate = 0.999
26 - INFO - chord#: 148 done. best_score=67.0, changed=613, unchanged=295, early_stops=8/8
26 - INFO - chord#: 150 In build_straw_man_chord_sa. tolerance = 1, sa_iterations = 1000, initial_temperature = 3.0, cooling_rate = 0.999
26 - INFO - chord#: 150 done. best_score=35.0, changed=529, unchanged=402, early_stops=8/8
26 - INFO - chord#: 152 In build_straw_man_chord_sa. tolerance = 1, sa_iterations = 1000, initial_temperature = 3.0, cooling_rate = 0.999
26 - INFO - chord#: 150 done. best_score=37.0, changed=529, unchanged=467, early_stops=8/8
26 - INFO - chord#: 152 In build_straw_man_chord_sa. tolerance = 1, sa_iterations = 1000, initial_temperature = 3.0, cooling_rate = 0.999
26 - INFO - chord#: 152 done. best_score=27.0, changed=524, unchanged=457, early_stops=8/8
26 - INFO - chord#: 154 In build_straw_man_chord_sa. tolerance = 1, sa_iterations = 1000, initial_temperature = 3.0, cooling_rate = 0.999
26 - INFO - chord#: 150 done. best_score=37.0, changed=534, unchanged=461, early_stops=8/8
26 - INFO - chord#: 152 In build_straw_man_chord_sa. tolerance = 1, sa_iterations = 1000, initial_temperature = 3.0, cooling_rate = 0.999
26 - INFO - chord#: 150 done. best_score=35.0, changed=552, unchanged=272, early_stops=8/8
26 - INFO - chord#: 152 In build_straw_man_chord_sa. tolerance = 1, sa_iterations = 1000, initial_temperature = 3.0, cooling_rate = 0.999
26 - INFO - chord#: 152 done. best_score=27.0, changed=516, unchanged=498, early_stops=8/8
26 - INFO - chord#: 154 In build_straw_man_chord_sa. tolerance = 1, sa_iterations = 1000, initial_temperature = 3.0, cooling_rate = 0.999
26 - INFO - chord#: 152 done. best_score=27.0, changed=524, unchanged=480, early_stops=8/8
26 - INFO - chord#: 154 In build_straw_man_chord_sa. tolerance = 1, sa_iterations = 1000, initial_temperature = 3.0, cooling_rate = 0.999
26 - INFO - chord#: 154 done. best_score=27.0, changed=518, unchanged=400, early_stops=8/8
26 - INFO - chord#: 156 In build_straw_man_chord_sa. tolerance = 1, sa_iterations = 1000, initial_temperature = 3.0, cooling_rate = 0.999
26 - INFO - chord#: 152 done. best_score=27.0, changed=524, unchanged=491, early_stops=8/8
26 - INFO - chord#: 154 In build_straw_man_chord_sa. tolerance = 1, sa_iterations = 1000, initial_temperature = 3.0, cooling_rate = 0.999
26 - INFO - chord#: 152 done. best_score=27.0, changed=523, unchanged=373, early_stops=8/8
26 - INFO - chord#: 154 In build_straw_man_chord_sa. tolerance = 1, sa_iterations = 1000, initial_temperature = 3.0, cooling_rate = 0.999
26 - INFO - chord#: 154 done. best_score=27.0, changed=518, unchanged=334, early_stops=8/8
26 - INFO - chord#: 156 In build_straw_man_chord_sa. tolerance = 1, sa_iterations = 1000, initial_temperature = 3.0, cooling_rate = 0.999
26 - INFO - chord#: 154 done. best_score=27.0, changed=529, unchanged=498, early_stops=8/8
26 - INFO - chord#: 156 In build_straw_man_chord_sa. tolerance = 1, sa_iterations = 1000, initial_temperature = 3.0, cooling_rate = 0.999
26 - INFO - chord#: 156 done. best_score=27.0, changed=524, unchanged=368, early_stops=8/8
26 - INFO - chord#: 154 done. best_score=27.0, changed=527, unchanged=415, early_stops=8/8
26 - INFO - chord#: 156 In build_straw_man_chord_sa. tolerance = 1, sa_iterations = 1000, initial_temperature = 3.0, cooling_rate = 0.999
26 - INFO - chord#: 154 done. best_score=27.0, changed=528, unchanged=459, early_stops=8/8
26 - INFO - chord#: 156 In build_straw_man_chord_sa. tolerance = 1, sa_iterations = 1000, initial_temperature = 3.0, cooling_rate = 0.999
26 - INFO - chord#: 156 done. best_score=27.0, changed=524, unchanged=359, early_stops=8/8
26 - INFO - chord#: 156 done. best_score=27.0, changed=531, unchanged=427, early_stops=8/8
26 - INFO - chord#: 156 done. best_score=27.0, changed=518, unchanged=334, early_stops=8/8
26 - INFO - chord#: 156 done. best_score=27.0, changed=511, unchanged=356, early_stops=8/8
26 - INFO - chord 12: PC 0 gap 37.0¢ > 33.0¢ — retuning
26 - INFO - chord#: 12 In build_straw_man_chord_sa. tolerance = 1, sa_iterations = 1000, initial_temperature = 3.0, cooling_rate = 0.999
26 - INFO - chord#: 12 done. best_score=27.0, changed=518, unchanged=418, early_stops=8/8
26 - INFO - chord#: 12 In build_straw_man_chord_sa. tolerance = 1, sa_iterations = 1000, initial_temperature = 3.0, cooling_rate = 0.999
26 - INFO - chord#: 12 done. best_score=27.0, changed=528, unchanged=604, early_stops=8/8
26 - INFO - Continuity enforcement: 2 SA retune attempt(s)
26 - INFO - save_midi_file = False, 
26 - INFO - version = 'bwv257', chorale.shape = (4, 160), root = 9, keys[root] = 'A♮', mode = 'minor', time_sig = '4/4'
26 - INFO - In load_chorale_in_cents. About to load top_notes from file_name = '/home/prent/Repos/One-footed-bride-tuning/Archive/straw-man/t1_r1.50_s0_md33_sn0/bwv257top-notes.npy'
26 - INFO - Loaded top_notes from /home/prent/Repos/One-footed-bride-tuning/Archive/straw-man/t1_r1.50_s0_md33_sn0/bwv257top-notes.npy, re-ordered by chorale frequency
26 - INFO - chorale_in_cents.shape = (4, 160), chorale.shape = (4, 160)
26 - INFO - cent value based on top_notes
26 - INFO - Chord 0: [  0 900 400 900]
26 - INFO - Chord 1: [  0 900 400 900]
26 - INFO - Chord 2: [  0 900 400 900]
26 - INFO - Chord 3: [  0 900 400 900]
26 - INFO - Chord 4: [  0 700 400 400]
26 - INFO - Chord 5: [  0 700 400 400]
26 - INFO - Chord 6: [1100  700  200  400]
26 - INFO - Chord 7: [1100  700  200  400]
26 - INFO - Chord 8: [900 500   0 500]
26 - INFO - Chord 9: [900 500   0 500]
26 - INFO - cent_value_chorale.shape = (4, 160), chorale.shape = (4, 160), A♮ minor
26 - INFO - cent value based on 12 TET
26 - INFO - Chord 0: [  0 900 400 900]
26 - INFO - Chord 1: [  0 900 400 900]
26 - INFO - Chord 2: [  0 900 400 900]
26 - INFO - Chord 3: [  0 900 400 900]
26 - INFO - Chord 4: [  0 700 400 400]
26 - INFO - Chord 5: [  0 700 400 400]
26 - INFO - Chord 6: [1100  700  200  400]
26 - INFO - Chord 7: [1100  700  200  400]
26 - INFO - Chord 8: [900 500   0 500]
26 - INFO - Chord 9: [900 500   0 500]
26 - INFO - cent_value_chorale.shape = (4, 160), chorale.shape = (4, 160), A♮ minor
26 - INFO - Current top_notes:
26 - INFO -    0    1    2    3    4    5    6    7    8    9   10   11
26 - INFO -   A♮   C♮   E♮   D♮   B♮   G♮   F♮   F♯   G♯   C♯   D♯   A♯
26 - INFO -    9    0    4    2   11    7    5    6    8    1    3   10
26 - INFO -  900    0  400  200 1100  700  500  600  800  100  300 1000
26 - INFO - chord#: 0 In build_straw_man_chord_sa. tolerance = 1, sa_iterations = 1000, initial_temperature = 3.0, cooling_rate = 0.999
26 - INFO - chord#: 0 In build_straw_man_chord_sa. tolerance = 1, sa_iterations = 1000, initial_temperature = 3.0, cooling_rate = 0.999
26 - INFO - chord#: 0 In build_straw_man_chord_sa. tolerance = 1, sa_iterations = 1000, initial_temperature = 3.0, cooling_rate = 0.999
26 - INFO - chord#: 0 In build_straw_man_chord_sa. tolerance = 1, sa_iterations = 1000, initial_temperature = 3.0, cooling_rate = 0.999
26 - INFO - chord#: 0 In build_straw_man_chord_sa. tolerance = 1, sa_iterations = 1000, initial_temperature = 3.0, cooling_rate = 0.999
26 - INFO - chord#: 0 In build_straw_man_chord_sa. tolerance = 1, sa_iterations = 1000, initial_temperature = 3.0, cooling_rate = 0.999
26 - INFO - chord#: 0 In build_straw_man_chord_sa. tolerance = 1, sa_iterations = 1000, initial_temperature = 3.0, cooling_rate = 0.999
26 - INFO - chord#: 0 In build_straw_man_chord_sa. tolerance = 1, sa_iterations = 1000, initial_temperature = 3.0, cooling_rate = 0.999
26 - INFO - chord#: 0 In build_straw_man_chord_sa. tolerance = 1, sa_iterations = 1000, initial_temperature = 3.0, cooling_rate = 0.999
26 - INFO - chord#: 0 In build_straw_man_chord_sa. tolerance = 1, sa_iterations = 1000, initial_temperature = 3.0, cooling_rate = 0.999
26 - INFO - chord#: 0 In build_straw_man_chord_sa. tolerance = 1, sa_iterations = 1000, initial_temperature = 3.0, cooling_rate = 0.999
26 - INFO - chord#: 0 In build_straw_man_chord_sa. tolerance = 1, sa_iterations = 1000, initial_temperature = 3.0, cooling_rate = 0.999
26 - INFO - chord#: 0 done. best_score=27.0, changed=520, unchanged=436, early_stops=8/8
26 - INFO - chord#: 4 In build_straw_man_chord_sa. tolerance = 1, sa_iterations = 1000, initial_temperature = 3.0, cooling_rate = 0.999
26 - INFO - chord#: 0 done. best_score=27.0, changed=516, unchanged=357, early_stops=8/8
26 - INFO - chord#: 4 In build_straw_man_chord_sa. tolerance = 1, sa_iterations = 1000, initial_temperature = 3.0, cooling_rate = 0.999
26 - INFO - chord#: 0 done. best_score=27.0, changed=515, unchanged=370, early_stops=8/8
26 - INFO - chord#: 4 In build_straw_man_chord_sa. tolerance = 1, sa_iterations = 1000, initial_temperature = 3.0, cooling_rate = 0.999
26 - INFO - chord#: 0 done. best_score=27.0, changed=531, unchanged=467, early_stops=8/8
26 - INFO - chord#: 4 In build_straw_man_chord_sa. tolerance = 1, sa_iterations = 1000, initial_temperature = 3.0, cooling_rate = 0.999
26 - INFO - chord#: 0 done. best_score=27.0, changed=520, unchanged=484, early_stops=8/8
26 - INFO - chord#: 4 In build_straw_man_chord_sa. tolerance = 1, sa_iterations = 1000, initial_temperature = 3.0, cooling_rate = 0.999
26 - INFO - chord#: 0 done. best_score=27.0, changed=514, unchanged=336, early_stops=8/8
26 - INFO - chord#: 0 done. best_score=27.0, changed=531, unchanged=551, early_stops=8/8
26 - INFO - chord#: 4 In build_straw_man_chord_sa. tolerance = 1, sa_iterations = 1000, initial_temperature = 3.0, cooling_rate = 0.999
26 - INFO - chord#: 4 In build_straw_man_chord_sa. tolerance = 1, sa_iterations = 1000, initial_temperature = 3.0, cooling_rate = 0.999
26 - INFO - chord#: 0 done. best_score=27.0, changed=518, unchanged=339, early_stops=8/8
26 - INFO - chord#: 4 In build_straw_man_chord_sa. tolerance = 1, sa_iterations = 1000, initial_temperature = 3.0, cooling_rate = 0.999
26 - INFO - chord#: 0 done. best_score=27.0, changed=518, unchanged=396, early_stops=8/8
26 - INFO - chord#: 4 In build_straw_man_chord_sa. tolerance = 1, sa_iterations = 1000, initial_temperature = 3.0, cooling_rate = 0.999
26 - INFO - chord#: 0 done. best_score=27.0, changed=528, unchanged=501, early_stops=8/8
26 - INFO - chord#: 4 In build_straw_man_chord_sa. tolerance = 1, sa_iterations = 1000, initial_temperature = 3.0, cooling_rate = 0.999
26 - INFO - chord#: 0 done. best_score=27.0, changed=526, unchanged=435, early_stops=8/8
26 - INFO - chord#: 4 In build_straw_man_chord_sa. tolerance = 1, sa_iterations = 1000, initial_temperature = 3.0, cooling_rate = 0.999
26 - INFO - chord#: 0 done. best_score=27.0, changed=528, unchanged=548, early_stops=8/8
26 - INFO - chord#: 4 In build_straw_man_chord_sa. tolerance = 1, sa_iterations = 1000, initial_temperature = 3.0, cooling_rate = 0.999
26 - INFO - chord#: 4 done. best_score=27.0, changed=532, unchanged=439, early_stops=8/8
26 - INFO - chord#: 6 In build_straw_man_chord_sa. tolerance = 1, sa_iterations = 1000, initial_temperature = 3.0, cooling_rate = 0.999
26 - INFO - chord#: 4 done. best_score=27.0, changed=519, unchanged=421, early_stops=8/8
26 - INFO - chord#: 6 In build_straw_man_chord_sa. tolerance = 1, sa_iterations = 1000, initial_temperature = 3.0, cooling_rate = 0.999
26 - INFO - chord#: 4 done. best_score=27.0, changed=530, unchanged=468, early_stops=8/8
26 - INFO - chord#: 6 In build_straw_man_chord_sa. tolerance = 1, sa_iterations = 1000, initial_temperature = 3.0, cooling_rate = 0.999
26 - INFO - chord#: 4 done. best_score=27.0, changed=515, unchanged=365, early_stops=8/8
26 - INFO - chord#: 6 In build_straw_man_chord_sa. tolerance = 1, sa_iterations = 1000, initial_temperature = 3.0, cooling_rate = 0.999
26 - INFO - chord#: 4 done. best_score=27.0, changed=533, unchanged=467, early_stops=8/8
26 - INFO - chord#: 6 In build_straw_man_chord_sa. tolerance = 1, sa_iterations = 1000, initial_temperature = 3.0, cooling_rate = 0.999
26 - INFO - chord#: 4 done. best_score=27.0, changed=519, unchanged=343, early_stops=8/8
26 - INFO - chord#: 6 In build_straw_man_chord_sa. tolerance = 1, sa_iterations = 1000, initial_temperature = 3.0, cooling_rate = 0.999
26 - INFO - chord#: 4 done. best_score=27.0, changed=518, unchanged=317, early_stops=8/8
26 - INFO - chord#: 6 In build_straw_man_chord_sa. tolerance = 1, sa_iterations = 1000, initial_temperature = 3.0, cooling_rate = 0.999
26 - INFO - chord#: 4 done. best_score=27.0, changed=528, unchanged=402, early_stops=8/8
26 - INFO - chord#: 6 In build_straw_man_chord_sa. tolerance = 1, sa_iterations = 1000, initial_temperature = 3.0, cooling_rate = 0.999
26 - INFO - chord#: 4 done. best_score=27.0, changed=518, unchanged=341, early_stops=8/8
26 - INFO - chord#: 6 In build_straw_man_chord_sa. tolerance = 1, sa_iterations = 1000, initial_temperature = 3.0, cooling_rate = 0.999
26 - INFO - chord#: 4 done. best_score=27.0, changed=526, unchanged=426, early_stops=8/8
26 - INFO - chord#: 6 In build_straw_man_chord_sa. tolerance = 1, sa_iterations = 1000, initial_temperature = 3.0, cooling_rate = 0.999
26 - INFO - chord#: 4 done. best_score=27.0, changed=519, unchanged=458, early_stops=8/8
26 - INFO - chord#: 6 In build_straw_man_chord_sa. tolerance = 1, sa_iterations = 1000, initial_temperature = 3.0, cooling_rate = 0.999
26 - INFO - chord#: 4 done. best_score=27.0, changed=527, unchanged=429, early_stops=8/8
26 - INFO - chord#: 6 In build_straw_man_chord_sa. tolerance = 1, sa_iterations = 1000, initial_temperature = 3.0, cooling_rate = 0.999
26 - INFO - chord#: 6 done. best_score=64.0, changed=616, unchanged=356, early_stops=8/8
26 - INFO - chord#: 8 In build_straw_man_chord_sa. tolerance = 1, sa_iterations = 1000, initial_temperature = 3.0, cooling_rate = 0.999
26 - INFO - chord#: 6 done. best_score=64.0, changed=614, unchanged=414, early_stops=8/8
26 - INFO - chord#: 8 In build_straw_man_chord_sa. tolerance = 1, sa_iterations = 1000, initial_temperature = 3.0, cooling_rate = 0.999
26 - INFO - chord#: 6 done. best_score=64.0, changed=615, unchanged=408, early_stops=8/8
26 - INFO - chord#: 8 In build_straw_man_chord_sa. tolerance = 1, sa_iterations = 1000, initial_temperature = 3.0, cooling_rate = 0.999
26 - INFO - chord#: 6 done. best_score=64.0, changed=614, unchanged=366, early_stops=8/8
26 - INFO - chord#: 8 In build_straw_man_chord_sa. tolerance = 1, sa_iterations = 1000, initial_temperature = 3.0, cooling_rate = 0.999
26 - INFO - chord#: 6 done. best_score=104.0, changed=614, unchanged=421, early_stops=8/8
26 - INFO - chord#: 8 In build_straw_man_chord_sa. tolerance = 1, sa_iterations = 1000, initial_temperature = 3.0, cooling_rate = 0.999
26 - INFO - chord#: 6 done. best_score=174.0, changed=606, unchanged=228, early_stops=8/8
26 - INFO - chord#: 8 In build_straw_man_chord_sa. tolerance = 1, sa_iterations = 1000, initial_temperature = 3.0, cooling_rate = 0.999
26 - INFO - chord#: 6 done. best_score=64.0, changed=617, unchanged=586, early_stops=8/8
26 - INFO - chord#: 8 In build_straw_man_chord_sa. tolerance = 1, sa_iterations = 1000, initial_temperature = 3.0, cooling_rate = 0.999
26 - INFO - chord#: 6 done. best_score=104.0, changed=609, unchanged=325, early_stops=8/8
26 - INFO - chord#: 8 In build_straw_man_chord_sa. tolerance = 1, sa_iterations = 1000, initial_temperature = 3.0, cooling_rate = 0.999
26 - INFO - chord#: 8 done. best_score=27.0, changed=517, unchanged=340, early_stops=8/8
26 - INFO - chord#: 10 In build_straw_man_chord_sa. tolerance = 1, sa_iterations = 1000, initial_temperature = 3.0, cooling_rate = 0.999
26 - INFO - chord#: 8 done. best_score=27.0, changed=517, unchanged=360, early_stops=8/8
26 - INFO - chord#: 6 done. best_score=104.0, changed=613, unchanged=336, early_stops=8/8
26 - INFO - chord#: 10 In build_straw_man_chord_sa. tolerance = 1, sa_iterations = 1000, initial_temperature = 3.0, cooling_rate = 0.999
26 - INFO - chord#: 8 In build_straw_man_chord_sa. tolerance = 1, sa_iterations = 1000, initial_temperature = 3.0, cooling_rate = 0.999
26 - INFO - chord#: 6 done. best_score=64.0, changed=611, unchanged=307, early_stops=8/8
26 - INFO - chord#: 8 In build_straw_man_chord_sa. tolerance = 1, sa_iterations = 1000, initial_temperature = 3.0, cooling_rate = 0.999
26 - INFO - chord#: 8 done. best_score=27.0, changed=524, unchanged=477, early_stops=8/8
26 - INFO - chord#: 10 In build_straw_man_chord_sa. tolerance = 1, sa_iterations = 1000, initial_temperature = 3.0, cooling_rate = 0.999
26 - INFO - chord#: 6 done. best_score=146.0, changed=612, unchanged=383, early_stops=8/8
26 - INFO - chord#: 8 In build_straw_man_chord_sa. tolerance = 1, sa_iterations = 1000, initial_temperature = 3.0, cooling_rate = 0.999
26 - INFO - chord#: 8 done. best_score=27.0, changed=523, unchanged=458, early_stops=8/8
26 - INFO - chord#: 10 In build_straw_man_chord_sa. tolerance = 1, sa_iterations = 1000, initial_temperature = 3.0, cooling_rate = 0.999
26 - INFO - chord#: 8 done. best_score=27.0, changed=520, unchanged=448, early_stops=8/8
26 - INFO - chord#: 10 In build_straw_man_chord_sa. tolerance = 1, sa_iterations = 1000, initial_temperature = 3.0, cooling_rate = 0.999
26 - INFO - chord#: 8 done. best_score=27.0, changed=523, unchanged=409, early_stops=8/8
26 - INFO - chord#: 6 done. best_score=64.0, changed=622, unchanged=513, early_stops=8/8
26 - INFO - chord#: 8 In build_straw_man_chord_sa. tolerance = 1, sa_iterations = 1000, initial_temperature = 3.0, cooling_rate = 0.999
26 - INFO - chord#: 10 In build_straw_man_chord_sa. tolerance = 1, sa_iterations = 1000, initial_temperature = 3.0, cooling_rate = 0.999
26 - INFO - chord#: 8 done. best_score=27.0, changed=529, unchanged=570, early_stops=8/8
26 - INFO - chord#: 10 In build_straw_man_chord_sa. tolerance = 1, sa_iterations = 1000, initial_temperature = 3.0, cooling_rate = 0.999
26 - INFO - chord#: 8 done. best_score=27.0, changed=517, unchanged=489, early_stops=8/8
26 - INFO - chord#: 10 In build_straw_man_chord_sa. tolerance = 1, sa_iterations = 1000, initial_temperature = 3.0, cooling_rate = 0.999
26 - INFO - chord#: 8 done. best_score=27.0, changed=518, unchanged=348, early_stops=8/8
26 - INFO - chord#: 10 In build_straw_man_chord_sa. tolerance = 1, sa_iterations = 1000, initial_temperature = 3.0, cooling_rate = 0.999
26 - INFO - chord#: 8 done. best_score=27.0, changed=522, unchanged=421, early_stops=8/8
26 - INFO - chord#: 10 In build_straw_man_chord_sa. tolerance = 1, sa_iterations = 1000, initial_temperature = 3.0, cooling_rate = 0.999
26 - INFO - chord#: 8 done. best_score=27.0, changed=521, unchanged=359, early_stops=8/8
26 - INFO - chord#: 10 In build_straw_man_chord_sa. tolerance = 1, sa_iterations = 1000, initial_temperature = 3.0, cooling_rate = 0.999
26 - INFO - chord#: 10 done. best_score=93.0, changed=608, unchanged=236, early_stops=8/8
26 - INFO - chord#: 12 In build_straw_man_chord_sa. tolerance = 1, sa_iterations = 1000, initial_temperature = 3.0, cooling_rate = 0.999
26 - INFO - chord#: 8 done. best_score=27.0, changed=515, unchanged=403, early_stops=8/8
26 - INFO - chord#: 10 In build_straw_man_chord_sa. tolerance = 1, sa_iterations = 1000, initial_temperature = 3.0, cooling_rate = 0.999
26 - INFO - chord#: 10 done. best_score=93.0, changed=613, unchanged=270, early_stops=8/8
26 - INFO - chord#: 12 In build_straw_man_chord_sa. tolerance = 1, sa_iterations = 1000, initial_temperature = 3.0, cooling_rate = 0.999
26 - INFO - chord#: 10 done. best_score=120.0, changed=612, unchanged=255, early_stops=8/8
26 - INFO - chord#: 12 In build_straw_man_chord_sa. tolerance = 1, sa_iterations = 1000, initial_temperature = 3.0, cooling_rate = 0.999
26 - INFO - chord#: 10 done. best_score=118.0, changed=619, unchanged=468, early_stops=8/8
26 - INFO - chord#: 12 In build_straw_man_chord_sa. tolerance = 1, sa_iterations = 1000, initial_temperature = 3.0, cooling_rate = 0.999
26 - INFO - chord#: 10 done. best_score=155.0, changed=607, unchanged=257, early_stops=8/8
26 - INFO - chord#: 12 In build_straw_man_chord_sa. tolerance = 1, sa_iterations = 1000, initial_temperature = 3.0, cooling_rate = 0.999
26 - INFO - chord#: 10 done. best_score=120.0, changed=618, unchanged=383, early_stops=8/8
26 - INFO - chord#: 12 In build_straw_man_chord_sa. tolerance = 1, sa_iterations = 1000, initial_temperature = 3.0, cooling_rate = 0.999
26 - INFO - chord#: 12 done. best_score=27.0, changed=529, unchanged=583, early_stops=8/8
26 - INFO - chord#: 14 In build_straw_man_chord_sa. tolerance = 1, sa_iterations = 1000, initial_temperature = 3.0, cooling_rate = 0.999
26 - INFO - chord#: 12 done. best_score=27.0, changed=523, unchanged=468, early_stops=8/8
26 - INFO - chord#: 14 In build_straw_man_chord_sa. tolerance = 1, sa_iterations = 1000, initial_temperature = 3.0, cooling_rate = 0.999
26 - INFO - chord#: 10 done. best_score=111.0, changed=608, unchanged=256, early_stops=8/8
26 - INFO - chord#: 12 In build_straw_man_chord_sa. tolerance = 1, sa_iterations = 1000, initial_temperature = 3.0, cooling_rate = 0.999
26 - INFO - chord#: 14 done. best_score=11.0, changed=494, unchanged=326, early_stops=8/8
26 - INFO - chord#: 16 In build_straw_man_chord_sa. tolerance = 1, sa_iterations = 1000, initial_temperature = 3.0, cooling_rate = 0.999
26 - INFO - chord#: 14 done. best_score=11.0, changed=481, unchanged=336, early_stops=8/8
26 - INFO - chord#: 16 In build_straw_man_chord_sa. tolerance = 1, sa_iterations = 1000, initial_temperature = 3.0, cooling_rate = 0.999
26 - INFO - chord#: 12 done. best_score=27.0, changed=521, unchanged=499, early_stops=8/8
26 - INFO - chord#: 14 In build_straw_man_chord_sa. tolerance = 1, sa_iterations = 1000, initial_temperature = 3.0, cooling_rate = 0.999
26 - INFO - chord#: 12 done. best_score=27.0, changed=523, unchanged=416, early_stops=8/8
26 - INFO - chord#: 14 In build_straw_man_chord_sa. tolerance = 1, sa_iterations = 1000, initial_temperature = 3.0, cooling_rate = 0.999
26 - INFO - chord#: 12 done. best_score=27.0, changed=522, unchanged=394, early_stops=8/8
26 - INFO - chord#: 14 In build_straw_man_chord_sa. tolerance = 1, sa_iterations = 1000, initial_temperature = 3.0, cooling_rate = 0.999
26 - INFO - chord#: 10 done. best_score=105.0, changed=608, unchanged=235, early_stops=8/8
26 - INFO - chord#: 12 In build_straw_man_chord_sa. tolerance = 1, sa_iterations = 1000, initial_temperature = 3.0, cooling_rate = 0.999
26 - INFO - chord#: 14 done. best_score=11.0, changed=484, unchanged=333, early_stops=8/8
26 - INFO - chord#: 16 In build_straw_man_chord_sa. tolerance = 1, sa_iterations = 1000, initial_temperature = 3.0, cooling_rate = 0.999
26 - INFO - chord#: 10 done. best_score=93.0, changed=614, unchanged=299, early_stops=8/8
26 - INFO - chord#: 12 In build_straw_man_chord_sa. tolerance = 1, sa_iterations = 1000, initial_temperature = 3.0, cooling_rate = 0.999
26 - INFO - chord#: 14 done. best_score=11.0, changed=495, unchanged=370, early_stops=8/8
26 - INFO - chord#: 16 In build_straw_man_chord_sa. tolerance = 1, sa_iterations = 1000, initial_temperature = 3.0, cooling_rate = 0.999
26 - INFO - chord#: 14 done. best_score=11.0, changed=500, unchanged=332, early_stops=8/8
26 - INFO - chord#: 16 In build_straw_man_chord_sa. tolerance = 1, sa_iterations = 1000, initial_temperature = 3.0, cooling_rate = 0.999
26 - INFO - chord#: 12 done. best_score=27.0, changed=526, unchanged=545, early_stops=8/8
26 - INFO - chord#: 14 In build_straw_man_chord_sa. tolerance = 1, sa_iterations = 1000, initial_temperature = 3.0, cooling_rate = 0.999
26 - INFO - chord#: 10 done. best_score=105.0, changed=609, unchanged=288, early_stops=8/8
26 - INFO - chord#: 12 In build_straw_man_chord_sa. tolerance = 1, sa_iterations = 1000, initial_temperature = 3.0, cooling_rate = 0.999
26 - INFO - chord#: 14 done. best_score=11.0, changed=505, unchanged=374, early_stops=8/8
26 - INFO - chord#: 16 In build_straw_man_chord_sa. tolerance = 1, sa_iterations = 1000, initial_temperature = 3.0, cooling_rate = 0.999
26 - INFO - chord#: 16 done. best_score=27.0, changed=519, unchanged=350, early_stops=8/8
26 - INFO - chord#: 18 In build_straw_man_chord_sa. tolerance = 1, sa_iterations = 1000, initial_temperature = 3.0, cooling_rate = 0.999
26 - INFO - chord#: 12 done. best_score=27.0, changed=514, unchanged=311, early_stops=8/8
26 - INFO - chord#: 14 In build_straw_man_chord_sa. tolerance = 1, sa_iterations = 1000, initial_temperature = 3.0, cooling_rate = 0.999
26 - INFO - chord#: 16 done. best_score=27.0, changed=514, unchanged=352, early_stops=8/8
26 - INFO - chord#: 18 In build_straw_man_chord_sa. tolerance = 1, sa_iterations = 1000, initial_temperature = 3.0, cooling_rate = 0.999
26 - INFO - chord#: 10 done. best_score=111.0, changed=618, unchanged=402, early_stops=8/8
26 - INFO - chord#: 12 In build_straw_man_chord_sa. tolerance = 1, sa_iterations = 1000, initial_temperature = 3.0, cooling_rate = 0.999
26 - INFO - chord#: 16 done. best_score=27.0, changed=513, unchanged=309, early_stops=8/8
26 - INFO - chord#: 18 In build_straw_man_chord_sa. tolerance = 1, sa_iterations = 1000, initial_temperature = 3.0, cooling_rate = 0.999
26 - INFO - chord#: 10 done. best_score=111.0, changed=614, unchanged=298, early_stops=8/8
26 - INFO - chord#: 12 In build_straw_man_chord_sa. tolerance = 1, sa_iterations = 1000, initial_temperature = 3.0, cooling_rate = 0.999
26 - INFO - chord#: 14 done. best_score=11.0, changed=493, unchanged=352, early_stops=8/8
26 - INFO - chord#: 16 In build_straw_man_chord_sa. tolerance = 1, sa_iterations = 1000, initial_temperature = 3.0, cooling_rate = 0.999
26 - INFO - chord#: 16 done. best_score=27.0, changed=520, unchanged=548, early_stops=8/8
26 - INFO - chord#: 18 In build_straw_man_chord_sa. tolerance = 1, sa_iterations = 1000, initial_temperature = 3.0, cooling_rate = 0.999
26 - INFO - chord#: 16 done. best_score=27.0, changed=519, unchanged=433, early_stops=8/8
26 - INFO - chord#: 18 In build_straw_man_chord_sa. tolerance = 1, sa_iterations = 1000, initial_temperature = 3.0, cooling_rate = 0.999
26 - INFO - chord#: 12 done. best_score=27.0, changed=524, unchanged=468, early_stops=8/8
26 - INFO - chord#: 14 In build_straw_man_chord_sa. tolerance = 1, sa_iterations = 1000, initial_temperature = 3.0, cooling_rate = 0.999
26 - INFO - chord#: 12 done. best_score=27.0, changed=527, unchanged=452, early_stops=8/8
26 - INFO - chord#: 14 In build_straw_man_chord_sa. tolerance = 1, sa_iterations = 1000, initial_temperature = 3.0, cooling_rate = 0.999
26 - INFO - chord#: 16 done. best_score=27.0, changed=517, unchanged=393, early_stops=8/8
26 - INFO - chord#: 18 In build_straw_man_chord_sa. tolerance = 1, sa_iterations = 1000, initial_temperature = 3.0, cooling_rate = 0.999
26 - INFO - chord#: 18 done. best_score=27.0, changed=518, unchanged=293, early_stops=8/8
26 - INFO - chord#: 20 In build_straw_man_chord_sa. tolerance = 1, sa_iterations = 1000, initial_temperature = 3.0, cooling_rate = 0.999
26 - INFO - chord#: 18 done. best_score=27.0, changed=520, unchanged=321, early_stops=8/8
26 - INFO - chord#: 20 In build_straw_man_chord_sa. tolerance = 1, sa_iterations = 1000, initial_temperature = 3.0, cooling_rate = 0.999
26 - INFO - chord#: 14 done. best_score=11.0, changed=491, unchanged=343, early_stops=8/8
26 - INFO - chord#: 16 In build_straw_man_chord_sa. tolerance = 1, sa_iterations = 1000, initial_temperature = 3.0, cooling_rate = 0.999
26 - INFO - chord#: 14 done. best_score=11.0, changed=488, unchanged=340, early_stops=8/8
26 - INFO - chord#: 16 In build_straw_man_chord_sa. tolerance = 1, sa_iterations = 1000, initial_temperature = 3.0, cooling_rate = 0.999
26 - INFO - chord#: 12 done. best_score=27.0, changed=522, unchanged=558, early_stops=8/8
26 - INFO - chord#: 14 In build_straw_man_chord_sa. tolerance = 1, sa_iterations = 1000, initial_temperature = 3.0, cooling_rate = 0.999
26 - INFO - chord#: 18 done. best_score=27.0, changed=515, unchanged=391, early_stops=8/8
26 - INFO - chord#: 20 In build_straw_man_chord_sa. tolerance = 1, sa_iterations = 1000, initial_temperature = 3.0, cooling_rate = 0.999
26 - INFO - chord#: 14 done. best_score=11.0, changed=493, unchanged=331, early_stops=8/8
26 - INFO - chord#: 16 In build_straw_man_chord_sa. tolerance = 1, sa_iterations = 1000, initial_temperature = 3.0, cooling_rate = 0.999
26 - INFO - chord#: 18 done. best_score=27.0, changed=525, unchanged=422, early_stops=8/8
26 - INFO - chord#: 20 In build_straw_man_chord_sa. tolerance = 1, sa_iterations = 1000, initial_temperature = 3.0, cooling_rate = 0.999
26 - INFO - chord#: 18 done. best_score=27.0, changed=521, unchanged=346, early_stops=8/8
26 - INFO - chord#: 20 In build_straw_man_chord_sa. tolerance = 1, sa_iterations = 1000, initial_temperature = 3.0, cooling_rate = 0.999
26 - INFO - chord#: 12 done. best_score=27.0, changed=522, unchanged=396, early_stops=8/8
26 - INFO - chord#: 14 In build_straw_man_chord_sa. tolerance = 1, sa_iterations = 1000, initial_temperature = 3.0, cooling_rate = 0.999
26 - INFO - chord#: 16 done. best_score=27.0, changed=515, unchanged=341, early_stops=8/8
26 - INFO - chord#: 18 In build_straw_man_chord_sa. tolerance = 1, sa_iterations = 1000, initial_temperature = 3.0, cooling_rate = 0.999
26 - INFO - chord#: 12 done. best_score=27.0, changed=512, unchanged=450, early_stops=8/8
26 - INFO - chord#: 14 In build_straw_man_chord_sa. tolerance = 1, sa_iterations = 1000, initial_temperature = 3.0, cooling_rate = 0.999
26 - INFO - chord#: 18 done. best_score=27.0, changed=522, unchanged=370, early_stops=8/8
26 - INFO - chord#: 20 In build_straw_man_chord_sa. tolerance = 1, sa_iterations = 1000, initial_temperature = 3.0, cooling_rate = 0.999
26 - INFO - chord#: 14 done. best_score=11.0, changed=475, unchanged=347, early_stops=8/8
26 - INFO - chord#: 16 In build_straw_man_chord_sa. tolerance = 1, sa_iterations = 1000, initial_temperature = 3.0, cooling_rate = 0.999
26 - INFO - chord#: 20 done. best_score=27.0, changed=514, unchanged=411, early_stops=8/8
26 - INFO - chord#: 22 In build_straw_man_chord_sa. tolerance = 1, sa_iterations = 1000, initial_temperature = 3.0, cooling_rate = 0.999
26 - INFO - chord#: 14 done. best_score=11.0, changed=495, unchanged=372, early_stops=8/8
26 - INFO - chord#: 16 In build_straw_man_chord_sa. tolerance = 1, sa_iterations = 1000, initial_temperature = 3.0, cooling_rate = 0.999
26 - INFO - chord#: 20 done. best_score=27.0, changed=520, unchanged=417, early_stops=8/8
26 - INFO - chord#: 22 In build_straw_man_chord_sa. tolerance = 1, sa_iterations = 1000, initial_temperature = 3.0, cooling_rate = 0.999
26 - INFO - chord#: 20 done. best_score=27.0, changed=522, unchanged=354, early_stops=8/8
26 - INFO - chord#: 22 In build_straw_man_chord_sa. tolerance = 1, sa_iterations = 1000, initial_temperature = 3.0, cooling_rate = 0.999
26 - INFO - chord#: 16 done. best_score=27.0, changed=522, unchanged=474, early_stops=8/8
26 - INFO - chord#: 18 In build_straw_man_chord_sa. tolerance = 1, sa_iterations = 1000, initial_temperature = 3.0, cooling_rate = 0.999
26 - INFO - chord#: 20 done. best_score=27.0, changed=518, unchanged=396, early_stops=8/8
26 - INFO - chord#: 22 In build_straw_man_chord_sa. tolerance = 1, sa_iterations = 1000, initial_temperature = 3.0, cooling_rate = 0.999
26 - INFO - chord#: 16 done. best_score=27.0, changed=526, unchanged=508, early_stops=8/8
26 - INFO - chord#: 18 In build_straw_man_chord_sa. tolerance = 1, sa_iterations = 1000, initial_temperature = 3.0, cooling_rate = 0.999
26 - INFO - chord#: 20 done. best_score=27.0, changed=517, unchanged=470, early_stops=8/8
26 - INFO - chord#: 22 In build_straw_man_chord_sa. tolerance = 1, sa_iterations = 1000, initial_temperature = 3.0, cooling_rate = 0.999
26 - INFO - chord#: 18 done. best_score=27.0, changed=517, unchanged=332, early_stops=8/8
26 - INFO - chord#: 20 In build_straw_man_chord_sa. tolerance = 1, sa_iterations = 1000, initial_temperature = 3.0, cooling_rate = 0.999
26 - INFO - chord#: 16 done. best_score=27.0, changed=521, unchanged=431, early_stops=8/8
26 - INFO - chord#: 18 In build_straw_man_chord_sa. tolerance = 1, sa_iterations = 1000, initial_temperature = 3.0, cooling_rate = 0.999
26 - INFO - chord#: 16 done. best_score=27.0, changed=515, unchanged=318, early_stops=8/8
26 - INFO - chord#: 18 In build_straw_man_chord_sa. tolerance = 1, sa_iterations = 1000, initial_temperature = 3.0, cooling_rate = 0.999
26 - INFO - chord#: 20 done. best_score=27.0, changed=520, unchanged=538, early_stops=8/8
26 - INFO - chord#: 22 In build_straw_man_chord_sa. tolerance = 1, sa_iterations = 1000, initial_temperature = 3.0, cooling_rate = 0.999
26 - INFO - chord#: 18 done. best_score=27.0, changed=520, unchanged=352, early_stops=8/8
26 - INFO - chord#: 20 In build_straw_man_chord_sa. tolerance = 1, sa_iterations = 1000, initial_temperature = 3.0, cooling_rate = 0.999
26 - INFO - chord#: 16 done. best_score=27.0, changed=524, unchanged=459, early_stops=8/8
26 - INFO - chord#: 18 In build_straw_man_chord_sa. tolerance = 1, sa_iterations = 1000, initial_temperature = 3.0, cooling_rate = 0.999
26 - INFO - chord#: 18 done. best_score=27.0, changed=525, unchanged=382, early_stops=8/8
26 - INFO - chord#: 20 In build_straw_man_chord_sa. tolerance = 1, sa_iterations = 1000, initial_temperature = 3.0, cooling_rate = 0.999
26 - INFO - chord#: 18 done. best_score=27.0, changed=528, unchanged=375, early_stops=8/8
26 - INFO - chord#: 20 In build_straw_man_chord_sa. tolerance = 1, sa_iterations = 1000, initial_temperature = 3.0, cooling_rate = 0.999
26 - INFO - chord#: 20 done. best_score=27.0, changed=522, unchanged=370, early_stops=8/8
26 - INFO - chord#: 22 In build_straw_man_chord_sa. tolerance = 1, sa_iterations = 1000, initial_temperature = 3.0, cooling_rate = 0.999
26 - INFO - chord#: 22 done. best_score=97.0, changed=608, unchanged=258, early_stops=8/8
26 - INFO - chord#: 24 In build_straw_man_chord_sa. tolerance = 1, sa_iterations = 1000, initial_temperature = 3.0, cooling_rate = 0.999
26 - INFO - chord#: 22 done. best_score=82.0, changed=614, unchanged=341, early_stops=8/8
26 - INFO - chord#: 24 In build_straw_man_chord_sa. tolerance = 1, sa_iterations = 1000, initial_temperature = 3.0, cooling_rate = 0.999
26 - INFO - chord#: 18 done. best_score=27.0, changed=527, unchanged=555, early_stops=8/8
26 - INFO - chord#: 20 In build_straw_man_chord_sa. tolerance = 1, sa_iterations = 1000, initial_temperature = 3.0, cooling_rate = 0.999
26 - INFO - chord#: 20 done. best_score=27.0, changed=527, unchanged=476, early_stops=8/8
26 - INFO - chord#: 22 In build_straw_man_chord_sa. tolerance = 1, sa_iterations = 1000, initial_temperature = 3.0, cooling_rate = 0.999
26 - INFO - chord#: 18 done. best_score=27.0, changed=523, unchanged=472, early_stops=8/8
26 - INFO - chord#: 20 In build_straw_man_chord_sa. tolerance = 1, sa_iterations = 1000, initial_temperature = 3.0, cooling_rate = 0.999
26 - INFO - chord#: 22 done. best_score=82.0, changed=612, unchanged=318, early_stops=8/8
26 - INFO - chord#: 24 In build_straw_man_chord_sa. tolerance = 1, sa_iterations = 1000, initial_temperature = 3.0, cooling_rate = 0.999
26 - INFO - chord#: 20 done. best_score=27.0, changed=514, unchanged=363, early_stops=8/8
26 - INFO - chord#: 22 In build_straw_man_chord_sa. tolerance = 1, sa_iterations = 1000, initial_temperature = 3.0, cooling_rate = 0.999
26 - INFO - chord#: 22 done. best_score=82.0, changed=616, unchanged=519, early_stops=8/8
26 - INFO - chord#: 24 In build_straw_man_chord_sa. tolerance = 1, sa_iterations = 1000, initial_temperature = 3.0, cooling_rate = 0.999
26 - INFO - chord#: 20 done. best_score=27.0, changed=525, unchanged=478, early_stops=8/8
26 - INFO - chord#: 22 In build_straw_man_chord_sa. tolerance = 1, sa_iterations = 1000, initial_temperature = 3.0, cooling_rate = 0.999
26 - INFO - chord#: 22 done. best_score=136.0, changed=611, unchanged=311, early_stops=8/8
26 - INFO - chord#: 24 In build_straw_man_chord_sa. tolerance = 1, sa_iterations = 1000, initial_temperature = 3.0, cooling_rate = 0.999
26 - INFO - chord#: 20 done. best_score=27.0, changed=520, unchanged=411, early_stops=8/8
26 - INFO - chord#: 22 In build_straw_man_chord_sa. tolerance = 1, sa_iterations = 1000, initial_temperature = 3.0, cooling_rate = 0.999
26 - INFO - chord#: 20 done. best_score=27.0, changed=522, unchanged=350, early_stops=8/8
26 - INFO - chord#: 22 In build_straw_man_chord_sa. tolerance = 1, sa_iterations = 1000, initial_temperature = 3.0, cooling_rate = 0.999
26 - INFO - chord#: 22 done. best_score=82.0, changed=613, unchanged=420, early_stops=8/8
26 - INFO - chord#: 24 In build_straw_man_chord_sa. tolerance = 1, sa_iterations = 1000, initial_temperature = 3.0, cooling_rate = 0.999
26 - INFO - chord#: 24 done. best_score=78.0, changed=606, unchanged=234, early_stops=8/8
26 - INFO - chord#: 28 In build_straw_man_chord_sa. tolerance = 1, sa_iterations = 1000, initial_temperature = 3.0, cooling_rate = 0.999
26 - INFO - chord#: 24 done. best_score=78.0, changed=610, unchanged=308, early_stops=8/8
26 - INFO - chord#: 28 In build_straw_man_chord_sa. tolerance = 1, sa_iterations = 1000, initial_temperature = 3.0, cooling_rate = 0.999
26 - INFO - chord#: 28 done. best_score=9.0, changed=459, unchanged=398, early_stops=8/8
26 - INFO - chord#: 32 In build_straw_man_chord_sa. tolerance = 1, sa_iterations = 1000, initial_temperature = 3.0, cooling_rate = 0.999
26 - INFO - chord#: 28 done. best_score=9.0, changed=468, unchanged=353, early_stops=8/8
26 - INFO - chord#: 32 In build_straw_man_chord_sa. tolerance = 1, sa_iterations = 1000, initial_temperature = 3.0, cooling_rate = 0.999
26 - INFO - chord#: 22 done. best_score=90.0, changed=614, unchanged=347, early_stops=8/8
26 - INFO - chord#: 24 In build_straw_man_chord_sa. tolerance = 1, sa_iterations = 1000, initial_temperature = 3.0, cooling_rate = 0.999
26 - INFO - chord#: 24 done. best_score=140.0, changed=614, unchanged=294, early_stops=8/8
26 - INFO - chord#: 28 In build_straw_man_chord_sa. tolerance = 1, sa_iterations = 1000, initial_temperature = 3.0, cooling_rate = 0.999
26 - INFO - chord#: 22 done. best_score=82.0, changed=616, unchanged=374, early_stops=8/8
26 - INFO - chord#: 24 In build_straw_man_chord_sa. tolerance = 1, sa_iterations = 1000, initial_temperature = 3.0, cooling_rate = 0.999
26 - INFO - chord#: 24 done. best_score=125.0, changed=613, unchanged=319, early_stops=8/8
26 - INFO - chord#: 28 In build_straw_man_chord_sa. tolerance = 1, sa_iterations = 1000, initial_temperature = 3.0, cooling_rate = 0.999
26 - INFO - chord#: 28 done. best_score=9.0, changed=440, unchanged=376, early_stops=8/8
26 - INFO - chord#: 32 In build_straw_man_chord_sa. tolerance = 1, sa_iterations = 1000, initial_temperature = 3.0, cooling_rate = 0.999
26 - INFO - chord#: 32 done. best_score=36.0, changed=524, unchanged=349, early_stops=8/8
26 - INFO - chord#: 36 In build_straw_man_chord_sa. tolerance = 1, sa_iterations = 1000, initial_temperature = 3.0, cooling_rate = 0.999
26 - INFO - chord#: 28 done. best_score=9.0, changed=476, unchanged=361, early_stops=8/8
26 - INFO - chord#: 32 In build_straw_man_chord_sa. tolerance = 1, sa_iterations = 1000, initial_temperature = 3.0, cooling_rate = 0.999
26 - INFO - chord#: 32 done. best_score=36.0, changed=523, unchanged=375, early_stops=8/8
26 - INFO - chord#: 36 In build_straw_man_chord_sa. tolerance = 1, sa_iterations = 1000, initial_temperature = 3.0, cooling_rate = 0.999
26 - INFO - chord#: 22 done. best_score=120.0, changed=612, unchanged=316, early_stops=8/8
26 - INFO - chord#: 24 In build_straw_man_chord_sa. tolerance = 1, sa_iterations = 1000, initial_temperature = 3.0, cooling_rate = 0.999
26 - INFO - chord#: 24 done. best_score=140.0, changed=614, unchanged=378, early_stops=8/8
26 - INFO - chord#: 28 In build_straw_man_chord_sa. tolerance = 1, sa_iterations = 1000, initial_temperature = 3.0, cooling_rate = 0.999
26 - INFO - chord#: 22 done. best_score=82.0, changed=616, unchanged=389, early_stops=8/8
26 - INFO - chord#: 24 In build_straw_man_chord_sa. tolerance = 1, sa_iterations = 1000, initial_temperature = 3.0, cooling_rate = 0.999
26 - INFO - chord#: 32 done. best_score=36.0, changed=524, unchanged=404, early_stops=8/8
26 - INFO - chord#: 36 In build_straw_man_chord_sa. tolerance = 1, sa_iterations = 1000, initial_temperature = 3.0, cooling_rate = 0.999
26 - INFO - chord#: 28 done. best_score=9.0, changed=476, unchanged=407, early_stops=8/8
26 - INFO - chord#: 32 In build_straw_man_chord_sa. tolerance = 1, sa_iterations = 1000, initial_temperature = 3.0, cooling_rate = 0.999
26 - INFO - chord#: 36 done. best_score=27.0, changed=519, unchanged=493, early_stops=8/8
26 - INFO - chord#: 40 In build_straw_man_chord_sa. tolerance = 1, sa_iterations = 1000, initial_temperature = 3.0, cooling_rate = 0.999
26 - INFO - chord#: 32 done. best_score=36.0, changed=525, unchanged=445, early_stops=8/8
26 - INFO - chord#: 36 In build_straw_man_chord_sa. tolerance = 1, sa_iterations = 1000, initial_temperature = 3.0, cooling_rate = 0.999
26 - INFO - chord#: 36 done. best_score=27.0, changed=515, unchanged=437, early_stops=8/8
26 - INFO - chord#: 40 In build_straw_man_chord_sa. tolerance = 1, sa_iterations = 1000, initial_temperature = 3.0, cooling_rate = 0.999
26 - INFO - chord#: 24 done. best_score=158.0, changed=609, unchanged=331, early_stops=8/8
26 - INFO - chord#: 28 In build_straw_man_chord_sa. tolerance = 1, sa_iterations = 1000, initial_temperature = 3.0, cooling_rate = 0.999
26 - INFO - chord#: 22 done. best_score=82.0, changed=607, unchanged=286, early_stops=8/8
26 - INFO - chord#: 24 In build_straw_man_chord_sa. tolerance = 1, sa_iterations = 1000, initial_temperature = 3.0, cooling_rate = 0.999
26 - INFO - chord#: 24 done. best_score=162.0, changed=609, unchanged=234, early_stops=8/8
26 - INFO - chord#: 28 In build_straw_man_chord_sa. tolerance = 1, sa_iterations = 1000, initial_temperature = 3.0, cooling_rate = 0.999
26 - INFO - chord#: 28 done. best_score=9.0, changed=447, unchanged=369, early_stops=8/8
26 - INFO - chord#: 32 In build_straw_man_chord_sa. tolerance = 1, sa_iterations = 1000, initial_temperature = 3.0, cooling_rate = 0.999
26 - INFO - chord#: 28 done. best_score=9.0, changed=447, unchanged=371, early_stops=8/8
26 - INFO - chord#: 32 In build_straw_man_chord_sa. tolerance = 1, sa_iterations = 1000, initial_temperature = 3.0, cooling_rate = 0.999
26 - INFO - chord#: 22 done. best_score=82.0, changed=610, unchanged=433, early_stops=8/8
26 - INFO - chord#: 24 In build_straw_man_chord_sa. tolerance = 1, sa_iterations = 1000, initial_temperature = 3.0, cooling_rate = 0.999
26 - INFO - chord#: 32 done. best_score=36.0, changed=513, unchanged=416, early_stops=8/8
26 - INFO - chord#: 36 In build_straw_man_chord_sa. tolerance = 1, sa_iterations = 1000, initial_temperature = 3.0, cooling_rate = 0.999
26 - INFO - chord#: 36 done. best_score=27.0, changed=527, unchanged=499, early_stops=8/8
26 - INFO - chord#: 40 In build_straw_man_chord_sa. tolerance = 1, sa_iterations = 1000, initial_temperature = 3.0, cooling_rate = 0.999
26 - INFO - chord#: 40 done. best_score=27.0, changed=522, unchanged=399, early_stops=8/8
26 - INFO - chord#: 42 In build_straw_man_chord_sa. tolerance = 1, sa_iterations = 1000, initial_temperature = 3.0, cooling_rate = 0.999
26 - INFO - chord#: 36 done. best_score=27.0, changed=521, unchanged=427, early_stops=8/8
26 - INFO - chord#: 40 In build_straw_man_chord_sa. tolerance = 1, sa_iterations = 1000, initial_temperature = 3.0, cooling_rate = 0.999
26 - INFO - chord#: 40 done. best_score=27.0, changed=517, unchanged=447, early_stops=8/8
26 - INFO - chord#: 42 In build_straw_man_chord_sa. tolerance = 1, sa_iterations = 1000, initial_temperature = 3.0, cooling_rate = 0.999
26 - INFO - chord#: 24 done. best_score=78.0, changed=609, unchanged=300, early_stops=8/8
26 - INFO - chord#: 28 In build_straw_man_chord_sa. tolerance = 1, sa_iterations = 1000, initial_temperature = 3.0, cooling_rate = 0.999
26 - INFO - chord#: 32 done. best_score=36.0, changed=521, unchanged=340, early_stops=8/8
26 - INFO - chord#: 36 In build_straw_man_chord_sa. tolerance = 1, sa_iterations = 1000, initial_temperature = 3.0, cooling_rate = 0.999
26 - INFO - chord#: 28 done. best_score=9.0, changed=450, unchanged=355, early_stops=8/8
26 - INFO - chord#: 32 In build_straw_man_chord_sa. tolerance = 1, sa_iterations = 1000, initial_temperature = 3.0, cooling_rate = 0.999
26 - INFO - chord#: 32 done. best_score=36.0, changed=525, unchanged=349, early_stops=8/8
26 - INFO - chord#: 36 In build_straw_man_chord_sa. tolerance = 1, sa_iterations = 1000, initial_temperature = 3.0, cooling_rate = 0.999
26 - INFO - chord#: 40 done. best_score=27.0, changed=521, unchanged=397, early_stops=8/8
26 - INFO - chord#: 42 In build_straw_man_chord_sa. tolerance = 1, sa_iterations = 1000, initial_temperature = 3.0, cooling_rate = 0.999
26 - INFO - chord#: 40 done. best_score=27.0, changed=515, unchanged=362, early_stops=8/8
26 - INFO - chord#: 42 In build_straw_man_chord_sa. tolerance = 1, sa_iterations = 1000, initial_temperature = 3.0, cooling_rate = 0.999
26 - INFO - chord#: 24 done. best_score=78.0, changed=605, unchanged=255, early_stops=8/8
26 - INFO - chord#: 28 In build_straw_man_chord_sa. tolerance = 1, sa_iterations = 1000, initial_temperature = 3.0, cooling_rate = 0.999
26 - INFO - chord#: 42 done. best_score=36.0, changed=529, unchanged=443, early_stops=8/8
26 - INFO - chord#: 44 In build_straw_man_chord_sa. tolerance = 1, sa_iterations = 1000, initial_temperature = 3.0, cooling_rate = 0.999
26 - INFO - chord#: 36 done. best_score=27.0, changed=513, unchanged=388, early_stops=8/8
26 - INFO - chord#: 40 In build_straw_man_chord_sa. tolerance = 1, sa_iterations = 1000, initial_temperature = 3.0, cooling_rate = 0.999
26 - INFO - chord#: 42 done. best_score=36.0, changed=522, unchanged=401, early_stops=8/8
26 - INFO - chord#: 44 In build_straw_man_chord_sa. tolerance = 1, sa_iterations = 1000, initial_temperature = 3.0, cooling_rate = 0.999
26 - INFO - chord#: 24 done. best_score=78.0, changed=617, unchanged=331, early_stops=8/8
26 - INFO - chord#: 28 In build_straw_man_chord_sa. tolerance = 1, sa_iterations = 1000, initial_temperature = 3.0, cooling_rate = 0.999
26 - INFO - chord#: 28 done. best_score=9.0, changed=460, unchanged=360, early_stops=8/8
26 - INFO - chord#: 32 In build_straw_man_chord_sa. tolerance = 1, sa_iterations = 1000, initial_temperature = 3.0, cooling_rate = 0.999
26 - INFO - chord#: 36 done. best_score=27.0, changed=519, unchanged=388, early_stops=8/8
26 - INFO - chord#: 40 In build_straw_man_chord_sa. tolerance = 1, sa_iterations = 1000, initial_temperature = 3.0, cooling_rate = 0.999
26 - INFO - chord#: 28 done. best_score=9.0, changed=476, unchanged=368, early_stops=8/8
26 - INFO - chord#: 32 In build_straw_man_chord_sa. tolerance = 1, sa_iterations = 1000, initial_temperature = 3.0, cooling_rate = 0.999
26 - INFO - chord#: 42 done. best_score=36.0, changed=511, unchanged=322, early_stops=8/8
26 - INFO - chord#: 44 In build_straw_man_chord_sa. tolerance = 1, sa_iterations = 1000, initial_temperature = 3.0, cooling_rate = 0.999
26 - INFO - chord#: 32 done. best_score=36.0, changed=528, unchanged=349, early_stops=8/8
26 - INFO - chord#: 36 In build_straw_man_chord_sa. tolerance = 1, sa_iterations = 1000, initial_temperature = 3.0, cooling_rate = 0.999
26 - INFO - chord#: 42 done. best_score=36.0, changed=523, unchanged=323, early_stops=8/8
26 - INFO - chord#: 44 In build_straw_man_chord_sa. tolerance = 1, sa_iterations = 1000, initial_temperature = 3.0, cooling_rate = 0.999
26 - INFO - chord#: 44 done. best_score=27.0, changed=519, unchanged=375, early_stops=8/8
26 - INFO - chord#: 46 In build_straw_man_chord_sa. tolerance = 1, sa_iterations = 1000, initial_temperature = 3.0, cooling_rate = 0.999
26 - INFO - chord#: 40 done. best_score=27.0, changed=512, unchanged=400, early_stops=8/8
26 - INFO - chord#: 42 In build_straw_man_chord_sa. tolerance = 1, sa_iterations = 1000, initial_temperature = 3.0, cooling_rate = 0.999
26 - INFO - chord#: 36 done. best_score=27.0, changed=526, unchanged=394, early_stops=8/8
26 - INFO - chord#: 40 In build_straw_man_chord_sa. tolerance = 1, sa_iterations = 1000, initial_temperature = 3.0, cooling_rate = 0.999
26 - INFO - chord#: 44 done. best_score=27.0, changed=532, unchanged=515, early_stops=8/8
26 - INFO - chord#: 46 In build_straw_man_chord_sa. tolerance = 1, sa_iterations = 1000, initial_temperature = 3.0, cooling_rate = 0.999
26 - INFO - chord#: 40 done. best_score=27.0, changed=507, unchanged=350, early_stops=8/8
26 - INFO - chord#: 42 In build_straw_man_chord_sa. tolerance = 1, sa_iterations = 1000, initial_temperature = 3.0, cooling_rate = 0.999
26 - INFO - chord#: 24 done. best_score=96.0, changed=613, unchanged=421, early_stops=8/8
26 - INFO - chord#: 28 In build_straw_man_chord_sa. tolerance = 1, sa_iterations = 1000, initial_temperature = 3.0, cooling_rate = 0.999
26 - INFO - chord#: 32 done. best_score=36.0, changed=519, unchanged=325, early_stops=8/8
26 - INFO - chord#: 36 In build_straw_man_chord_sa. tolerance = 1, sa_iterations = 1000, initial_temperature = 3.0, cooling_rate = 0.999
26 - INFO - chord#: 24 done. best_score=129.0, changed=606, unchanged=332, early_stops=8/8
26 - INFO - chord#: 28 In build_straw_man_chord_sa. tolerance = 1, sa_iterations = 1000, initial_temperature = 3.0, cooling_rate = 0.999
26 - INFO - chord#: 44 done. best_score=27.0, changed=518, unchanged=388, early_stops=8/8
26 - INFO - chord#: 46 In build_straw_man_chord_sa. tolerance = 1, sa_iterations = 1000, initial_temperature = 3.0, cooling_rate = 0.999
26 - INFO - chord#: 28 done. best_score=9.0, changed=452, unchanged=385, early_stops=8/8
26 - INFO - chord#: 32 In build_straw_man_chord_sa. tolerance = 1, sa_iterations = 1000, initial_temperature = 3.0, cooling_rate = 0.999
26 - INFO - chord#: 28 done. best_score=9.0, changed=447, unchanged=362, early_stops=8/8
26 - INFO - chord#: 32 In build_straw_man_chord_sa. tolerance = 1, sa_iterations = 1000, initial_temperature = 3.0, cooling_rate = 0.999
26 - INFO - chord#: 32 done. best_score=36.0, changed=534, unchanged=409, early_stops=8/8
26 - INFO - chord#: 36 In build_straw_man_chord_sa. tolerance = 1, sa_iterations = 1000, initial_temperature = 3.0, cooling_rate = 0.999
26 - INFO - chord#: 44 done. best_score=27.0, changed=517, unchanged=442, early_stops=8/8
26 - INFO - chord#: 46 In build_straw_man_chord_sa. tolerance = 1, sa_iterations = 1000, initial_temperature = 3.0, cooling_rate = 0.999
26 - INFO - chord#: 42 done. best_score=36.0, changed=522, unchanged=485, early_stops=8/8
26 - INFO - chord#: 44 In build_straw_man_chord_sa. tolerance = 1, sa_iterations = 1000, initial_temperature = 3.0, cooling_rate = 0.999
26 - INFO - chord#: 36 done. best_score=27.0, changed=536, unchanged=417, early_stops=8/8
26 - INFO - chord#: 40 In build_straw_man_chord_sa. tolerance = 1, sa_iterations = 1000, initial_temperature = 3.0, cooling_rate = 0.999
26 - INFO - chord#: 40 done. best_score=27.0, changed=517, unchanged=377, early_stops=8/8
26 - INFO - chord#: 42 In build_straw_man_chord_sa. tolerance = 1, sa_iterations = 1000, initial_temperature = 3.0, cooling_rate = 0.999
26 - INFO - chord#: 42 done. best_score=36.0, changed=529, unchanged=370, early_stops=8/8
26 - INFO - chord#: 44 In build_straw_man_chord_sa. tolerance = 1, sa_iterations = 1000, initial_temperature = 3.0, cooling_rate = 0.999
26 - INFO - chord#: 36 done. best_score=27.0, changed=525, unchanged=526, early_stops=8/8
26 - INFO - chord#: 40 In build_straw_man_chord_sa. tolerance = 1, sa_iterations = 1000, initial_temperature = 3.0, cooling_rate = 0.999
26 - INFO - chord#: 32 done. best_score=36.0, changed=518, unchanged=357, early_stops=8/8
26 - INFO - chord#: 36 In build_straw_man_chord_sa. tolerance = 1, sa_iterations = 1000, initial_temperature = 3.0, cooling_rate = 0.999
26 - INFO - chord#: 44 done. best_score=27.0, changed=524, unchanged=415, early_stops=8/8
26 - INFO - chord#: 46 done. best_score=64.0, changed=613, unchanged=305, early_stops=8/8
26 - INFO - chord#: 48 In build_straw_man_chord_sa. tolerance = 1, sa_iterations = 1000, initial_temperature = 3.0, cooling_rate = 0.999
26 - INFO - chord#: 46 In build_straw_man_chord_sa. tolerance = 1, sa_iterations = 1000, initial_temperature = 3.0, cooling_rate = 0.999
26 - INFO - chord#: 32 done. best_score=36.0, changed=522, unchanged=514, early_stops=8/8
26 - INFO - chord#: 36 In build_straw_man_chord_sa. tolerance = 1, sa_iterations = 1000, initial_temperature = 3.0, cooling_rate = 0.999
26 - INFO - chord#: 44 done. best_score=27.0, changed=520, unchanged=502, early_stops=8/8
26 - INFO - chord#: 46 In build_straw_man_chord_sa. tolerance = 1, sa_iterations = 1000, initial_temperature = 3.0, cooling_rate = 0.999
26 - INFO - chord#: 36 done. best_score=27.0, changed=526, unchanged=577, early_stops=8/8
26 - INFO - chord#: 40 In build_straw_man_chord_sa. tolerance = 1, sa_iterations = 1000, initial_temperature = 3.0, cooling_rate = 0.999
26 - INFO - chord#: 40 done. best_score=27.0, changed=516, unchanged=414, early_stops=8/8
26 - INFO - chord#: 42 In build_straw_man_chord_sa. tolerance = 1, sa_iterations = 1000, initial_temperature = 3.0, cooling_rate = 0.999
26 - INFO - chord#: 46 done. best_score=64.0, changed=610, unchanged=310, early_stops=8/8
26 - INFO - chord#: 48 In build_straw_man_chord_sa. tolerance = 1, sa_iterations = 1000, initial_temperature = 3.0, cooling_rate = 0.999
26 - INFO - chord#: 42 done. best_score=36.0, changed=524, unchanged=425, early_stops=8/8
26 - INFO - chord#: 44 In build_straw_man_chord_sa. tolerance = 1, sa_iterations = 1000, initial_temperature = 3.0, cooling_rate = 0.999
26 - INFO - chord#: 48 done. best_score=27.0, changed=513, unchanged=362, early_stops=8/8
26 - INFO - chord#: 50 In build_straw_man_chord_sa. tolerance = 1, sa_iterations = 1000, initial_temperature = 3.0, cooling_rate = 0.999
26 - INFO - chord#: 40 done. best_score=27.0, changed=521, unchanged=460, early_stops=8/8
26 - INFO - chord#: 42 In build_straw_man_chord_sa. tolerance = 1, sa_iterations = 1000, initial_temperature = 3.0, cooling_rate = 0.999
26 - INFO - chord#: 46 done. best_score=146.0, changed=609, unchanged=320, early_stops=8/8
26 - INFO - chord#: 48 In build_straw_man_chord_sa. tolerance = 1, sa_iterations = 1000, initial_temperature = 3.0, cooling_rate = 0.999
26 - INFO - chord#: 46 done. best_score=64.0, changed=614, unchanged=408, early_stops=8/8
26 - INFO - chord#: 48 In build_straw_man_chord_sa. tolerance = 1, sa_iterations = 1000, initial_temperature = 3.0, cooling_rate = 0.999
26 - INFO - chord#: 36 done. best_score=27.0, changed=520, unchanged=453, early_stops=8/8
26 - INFO - chord#: 40 In build_straw_man_chord_sa. tolerance = 1, sa_iterations = 1000, initial_temperature = 3.0, cooling_rate = 0.999
26 - INFO - chord#: 36 done. best_score=27.0, changed=518, unchanged=398, early_stops=8/8
26 - INFO - chord#: 40 In build_straw_man_chord_sa. tolerance = 1, sa_iterations = 1000, initial_temperature = 3.0, cooling_rate = 0.999
26 - INFO - chord#: 42 done. best_score=36.0, changed=518, unchanged=318, early_stops=8/8
26 - INFO - chord#: 44 In build_straw_man_chord_sa. tolerance = 1, sa_iterations = 1000, initial_temperature = 3.0, cooling_rate = 0.999
26 - INFO - chord#: 40 done. best_score=27.0, changed=529, unchanged=452, early_stops=8/8
26 - INFO - chord#: 42 In build_straw_man_chord_sa. tolerance = 1, sa_iterations = 1000, initial_temperature = 3.0, cooling_rate = 0.999
26 - INFO - chord#: 48 done. best_score=27.0, changed=529, unchanged=474, early_stops=8/8
26 - INFO - chord#: 50 In build_straw_man_chord_sa. tolerance = 1, sa_iterations = 1000, initial_temperature = 3.0, cooling_rate = 0.999
26 - INFO - chord#: 44 done. best_score=27.0, changed=523, unchanged=353, early_stops=8/8
26 - INFO - chord#: 46 In build_straw_man_chord_sa. tolerance = 1, sa_iterations = 1000, initial_temperature = 3.0, cooling_rate = 0.999
26 - INFO - chord#: 48 done. best_score=27.0, changed=523, unchanged=378, early_stops=8/8
26 - INFO - chord#: 50 In build_straw_man_chord_sa. tolerance = 1, sa_iterations = 1000, initial_temperature = 3.0, cooling_rate = 0.999
26 - INFO - chord#: 48 done. best_score=27.0, changed=525, unchanged=411, early_stops=8/8
26 - INFO - chord#: 50 In build_straw_man_chord_sa. tolerance = 1, sa_iterations = 1000, initial_temperature = 3.0, cooling_rate = 0.999
26 - INFO - chord#: 46 done. best_score=157.0, changed=616, unchanged=273, early_stops=8/8
26 - INFO - chord#: 48 In build_straw_man_chord_sa. tolerance = 1, sa_iterations = 1000, initial_temperature = 3.0, cooling_rate = 0.999
26 - INFO - chord#: 42 done. best_score=36.0, changed=526, unchanged=459, early_stops=8/8
26 - INFO - chord#: 44 In build_straw_man_chord_sa. tolerance = 1, sa_iterations = 1000, initial_temperature = 3.0, cooling_rate = 0.999
26 - INFO - chord#: 40 done. best_score=27.0, changed=519, unchanged=435, early_stops=8/8
26 - INFO - chord#: 42 In build_straw_man_chord_sa. tolerance = 1, sa_iterations = 1000, initial_temperature = 3.0, cooling_rate = 0.999
26 - INFO - chord#: 46 done. best_score=64.0, changed=611, unchanged=345, early_stops=8/8
26 - INFO - chord#: 48 In build_straw_man_chord_sa. tolerance = 1, sa_iterations = 1000, initial_temperature = 3.0, cooling_rate = 0.999
26 - INFO - chord#: 40 done. best_score=27.0, changed=519, unchanged=340, early_stops=8/8
26 - INFO - chord#: 42 In build_straw_man_chord_sa. tolerance = 1, sa_iterations = 1000, initial_temperature = 3.0, cooling_rate = 0.999
26 - INFO - chord#: 42 done. best_score=36.0, changed=519, unchanged=357, early_stops=8/8
26 - INFO - chord#: 44 In build_straw_man_chord_sa. tolerance = 1, sa_iterations = 1000, initial_temperature = 3.0, cooling_rate = 0.999
26 - INFO - chord#: 44 done. best_score=27.0, changed=521, unchanged=429, early_stops=8/8
26 - INFO - chord#: 46 In build_straw_man_chord_sa. tolerance = 1, sa_iterations = 1000, initial_temperature = 3.0, cooling_rate = 0.999
26 - INFO - chord#: 48 done. best_score=57.0, changed=531, unchanged=363, early_stops=8/8
26 - INFO - chord#: 50 In build_straw_man_chord_sa. tolerance = 1, sa_iterations = 1000, initial_temperature = 3.0, cooling_rate = 0.999
26 - INFO - chord#: 48 done. best_score=27.0, changed=525, unchanged=382, early_stops=8/8
26 - INFO - chord#: 50 In build_straw_man_chord_sa. tolerance = 1, sa_iterations = 1000, initial_temperature = 3.0, cooling_rate = 0.999
26 - INFO - chord#: 42 done. best_score=36.0, changed=523, unchanged=320, early_stops=8/8
26 - INFO - chord#: 44 In build_straw_man_chord_sa. tolerance = 1, sa_iterations = 1000, initial_temperature = 3.0, cooling_rate = 0.999
26 - INFO - chord#: 50 done. best_score=96.0, changed=615, unchanged=325, early_stops=8/8
26 - INFO - chord#: 52 In build_straw_man_chord_sa. tolerance = 1, sa_iterations = 1000, initial_temperature = 3.0, cooling_rate = 0.999
26 - INFO - chord#: 42 done. best_score=36.0, changed=528, unchanged=414, early_stops=8/8
26 - INFO - chord#: 44 In build_straw_man_chord_sa. tolerance = 1, sa_iterations = 1000, initial_temperature = 3.0, cooling_rate = 0.999
26 - INFO - chord#: 44 done. best_score=27.0, changed=530, unchanged=550, early_stops=8/8
26 - INFO - chord#: 46 In build_straw_man_chord_sa. tolerance = 1, sa_iterations = 1000, initial_temperature = 3.0, cooling_rate = 0.999
26 - INFO - chord#: 50 done. best_score=96.0, changed=621, unchanged=602, early_stops=8/8
26 - INFO - chord#: 52 In build_straw_man_chord_sa. tolerance = 1, sa_iterations = 1000, initial_temperature = 3.0, cooling_rate = 0.999
26 - INFO - chord#: 44 done. best_score=27.0, changed=521, unchanged=411, early_stops=8/8
26 - INFO - chord#: 46 In build_straw_man_chord_sa. tolerance = 1, sa_iterations = 1000, initial_temperature = 3.0, cooling_rate = 0.999
26 - INFO - chord#: 50 done. best_score=96.0, changed=607, unchanged=309, early_stops=8/8
26 - INFO - chord#: 52 In build_straw_man_chord_sa. tolerance = 1, sa_iterations = 1000, initial_temperature = 3.0, cooling_rate = 0.999
26 - INFO - chord#: 50 done. best_score=93.0, changed=611, unchanged=393, early_stops=8/8
26 - INFO - chord#: 52 In build_straw_man_chord_sa. tolerance = 1, sa_iterations = 1000, initial_temperature = 3.0, cooling_rate = 0.999
26 - INFO - chord#: 44 done. best_score=27.0, changed=532, unchanged=475, early_stops=8/8
26 - INFO - chord#: 46 In build_straw_man_chord_sa. tolerance = 1, sa_iterations = 1000, initial_temperature = 3.0, cooling_rate = 0.999
26 - INFO - chord#: 46 done. best_score=64.0, changed=611, unchanged=442, early_stops=8/8
26 - INFO - chord#: 48 In build_straw_man_chord_sa. tolerance = 1, sa_iterations = 1000, initial_temperature = 3.0, cooling_rate = 0.999
26 - INFO - chord#: 46 done. best_score=104.0, changed=607, unchanged=280, early_stops=8/8
26 - INFO - chord#: 48 In build_straw_man_chord_sa. tolerance = 1, sa_iterations = 1000, initial_temperature = 3.0, cooling_rate = 0.999
26 - INFO - chord#: 44 done. best_score=27.0, changed=523, unchanged=557, early_stops=8/8
26 - INFO - chord#: 46 In build_straw_man_chord_sa. tolerance = 1, sa_iterations = 1000, initial_temperature = 3.0, cooling_rate = 0.999
26 - INFO - chord#: 50 done. best_score=93.0, changed=611, unchanged=326, early_stops=8/8
26 - INFO - chord#: 52 In build_straw_man_chord_sa. tolerance = 1, sa_iterations = 1000, initial_temperature = 3.0, cooling_rate = 0.999
26 - INFO - chord#: 50 done. best_score=93.0, changed=614, unchanged=415, early_stops=8/8
26 - INFO - chord#: 52 In build_straw_man_chord_sa. tolerance = 1, sa_iterations = 1000, initial_temperature = 3.0, cooling_rate = 0.999
26 - INFO - chord#: 52 done. best_score=78.0, changed=612, unchanged=325, early_stops=8/8
26 - INFO - chord#: 56 In build_straw_man_chord_sa. tolerance = 1, sa_iterations = 1000, initial_temperature = 3.0, cooling_rate = 0.999
26 - INFO - chord#: 48 done. best_score=27.0, changed=515, unchanged=334, early_stops=8/8
26 - INFO - chord#: 50 In build_straw_man_chord_sa. tolerance = 1, sa_iterations = 1000, initial_temperature = 3.0, cooling_rate = 0.999
26 - INFO - chord#: 52 done. best_score=78.0, changed=612, unchanged=307, early_stops=8/8
26 - INFO - chord#: 56 In build_straw_man_chord_sa. tolerance = 1, sa_iterations = 1000, initial_temperature = 3.0, cooling_rate = 0.999
26 - INFO - chord#: 48 done. best_score=57.0, changed=526, unchanged=334, early_stops=8/8
26 - INFO - chord#: 50 In build_straw_man_chord_sa. tolerance = 1, sa_iterations = 1000, initial_temperature = 3.0, cooling_rate = 0.999
26 - INFO - chord#: 52 done. best_score=67.0, changed=610, unchanged=244, early_stops=8/8
26 - INFO - chord#: 56 In build_straw_man_chord_sa. tolerance = 1, sa_iterations = 1000, initial_temperature = 3.0, cooling_rate = 0.999
26 - INFO - chord#: 46 done. best_score=64.0, changed=613, unchanged=287, early_stops=8/8
26 - INFO - chord#: 48 In build_straw_man_chord_sa. tolerance = 1, sa_iterations = 1000, initial_temperature = 3.0, cooling_rate = 0.999
26 - INFO - chord#: 52 done. best_score=67.0, changed=615, unchanged=314, early_stops=8/8
26 - INFO - chord#: 56 In build_straw_man_chord_sa. tolerance = 1, sa_iterations = 1000, initial_temperature = 3.0, cooling_rate = 0.999
26 - INFO - chord#: 46 done. best_score=64.0, changed=613, unchanged=409, early_stops=8/8
26 - INFO - chord#: 48 In build_straw_man_chord_sa. tolerance = 1, sa_iterations = 1000, initial_temperature = 3.0, cooling_rate = 0.999
26 - INFO - chord#: 56 done. best_score=27.0, changed=525, unchanged=467, early_stops=8/8
26 - INFO - chord#: 58 In build_straw_man_chord_sa. tolerance = 1, sa_iterations = 1000, initial_temperature = 3.0, cooling_rate = 0.999
26 - INFO - chord#: 56 done. best_score=27.0, changed=519, unchanged=317, early_stops=8/8
26 - INFO - chord#: 58 In build_straw_man_chord_sa. tolerance = 1, sa_iterations = 1000, initial_temperature = 3.0, cooling_rate = 0.999
26 - INFO - chord#: 56 done. best_score=27.0, changed=517, unchanged=457, early_stops=8/8
26 - INFO - chord#: 58 In build_straw_man_chord_sa. tolerance = 1, sa_iterations = 1000, initial_temperature = 3.0, cooling_rate = 0.999
26 - INFO - chord#: 48 done. best_score=27.0, changed=523, unchanged=312, early_stops=8/8
26 - INFO - chord#: 50 In build_straw_man_chord_sa. tolerance = 1, sa_iterations = 1000, initial_temperature = 3.0, cooling_rate = 0.999
26 - INFO - chord#: 46 done. best_score=64.0, changed=612, unchanged=259, early_stops=8/8
26 - INFO - chord#: 48 In build_straw_man_chord_sa. tolerance = 1, sa_iterations = 1000, initial_temperature = 3.0, cooling_rate = 0.999
26 - INFO - chord#: 52 done. best_score=145.0, changed=610, unchanged=344, early_stops=8/8
26 - INFO - chord#: 56 In build_straw_man_chord_sa. tolerance = 1, sa_iterations = 1000, initial_temperature = 3.0, cooling_rate = 0.999
26 - INFO - chord#: 56 done. best_score=27.0, changed=525, unchanged=618, early_stops=8/8
26 - INFO - chord#: 58 In build_straw_man_chord_sa. tolerance = 1, sa_iterations = 1000, initial_temperature = 3.0, cooling_rate = 0.999
26 - INFO - chord#: 48 done. best_score=27.0, changed=517, unchanged=349, early_stops=8/8
26 - INFO - chord#: 50 In build_straw_man_chord_sa. tolerance = 1, sa_iterations = 1000, initial_temperature = 3.0, cooling_rate = 0.999
26 - INFO - chord#: 52 done. best_score=119.0, changed=612, unchanged=380, early_stops=8/8
26 - INFO - chord#: 56 In build_straw_man_chord_sa. tolerance = 1, sa_iterations = 1000, initial_temperature = 3.0, cooling_rate = 0.999
26 - INFO - chord#: 46 done. best_score=64.0, changed=618, unchanged=525, early_stops=8/8
26 - INFO - chord#: 48 In build_straw_man_chord_sa. tolerance = 1, sa_iterations = 1000, initial_temperature = 3.0, cooling_rate = 0.999
26 - INFO - chord#: 48 done. best_score=27.0, changed=514, unchanged=343, early_stops=8/8
26 - INFO - chord#: 50 In build_straw_man_chord_sa. tolerance = 1, sa_iterations = 1000, initial_temperature = 3.0, cooling_rate = 0.999
26 - INFO - chord#: 56 done. best_score=27.0, changed=523, unchanged=439, early_stops=8/8
26 - INFO - chord#: 58 In build_straw_man_chord_sa. tolerance = 1, sa_iterations = 1000, initial_temperature = 3.0, cooling_rate = 0.999
26 - INFO - chord#: 50 done. best_score=96.0, changed=614, unchanged=355, early_stops=8/8
26 - INFO - chord#: 52 In build_straw_man_chord_sa. tolerance = 1, sa_iterations = 1000, initial_temperature = 3.0, cooling_rate = 0.999
26 - INFO - chord#: 50 done. best_score=99.0, changed=614, unchanged=302, early_stops=8/8
26 - INFO - chord#: 52 In build_straw_man_chord_sa. tolerance = 1, sa_iterations = 1000, initial_temperature = 3.0, cooling_rate = 0.999
26 - INFO - chord#: 56 done. best_score=36.0, changed=521, unchanged=313, early_stops=8/8
26 - INFO - chord#: 58 In build_straw_man_chord_sa. tolerance = 1, sa_iterations = 1000, initial_temperature = 3.0, cooling_rate = 0.999
26 - INFO - chord#: 58 done. best_score=157.0, changed=615, unchanged=361, early_stops=8/8
26 - INFO - chord#: 60 In build_straw_man_chord_sa. tolerance = 1, sa_iterations = 1000, initial_temperature = 3.0, cooling_rate = 0.999
26 - INFO - chord#: 48 done. best_score=27.0, changed=518, unchanged=420, early_stops=8/8
26 - INFO - chord#: 50 In build_straw_man_chord_sa. tolerance = 1, sa_iterations = 1000, initial_temperature = 3.0, cooling_rate = 0.999
26 - INFO - chord#: 58 done. best_score=67.0, changed=612, unchanged=400, early_stops=8/8
26 - INFO - chord#: 60 In build_straw_man_chord_sa. tolerance = 1, sa_iterations = 1000, initial_temperature = 3.0, cooling_rate = 0.999
26 - INFO - chord#: 58 done. best_score=137.0, changed=609, unchanged=316, early_stops=8/8
26 - INFO - chord#: 60 In build_straw_man_chord_sa. tolerance = 1, sa_iterations = 1000, initial_temperature = 3.0, cooling_rate = 0.999
26 - INFO - chord#: 60 done. best_score=11.0, changed=506, unchanged=339, early_stops=8/8
26 - INFO - chord#: 64 In build_straw_man_chord_sa. tolerance = 1, sa_iterations = 1000, initial_temperature = 3.0, cooling_rate = 0.999
26 - INFO - chord#: 60 done. best_score=11.0, changed=493, unchanged=351, early_stops=8/8
26 - INFO - chord#: 64 In build_straw_man_chord_sa. tolerance = 1, sa_iterations = 1000, initial_temperature = 3.0, cooling_rate = 0.999
26 - INFO - chord#: 60 done. best_score=11.0, changed=473, unchanged=381, early_stops=8/8
26 - INFO - chord#: 64 In build_straw_man_chord_sa. tolerance = 1, sa_iterations = 1000, initial_temperature = 3.0, cooling_rate = 0.999
26 - INFO - chord#: 50 done. best_score=96.0, changed=612, unchanged=329, early_stops=8/8
26 - INFO - chord#: 52 In build_straw_man_chord_sa. tolerance = 1, sa_iterations = 1000, initial_temperature = 3.0, cooling_rate = 0.999
26 - INFO - chord#: 58 done. best_score=67.0, changed=619, unchanged=393, early_stops=8/8
26 - INFO - chord#: 60 In build_straw_man_chord_sa. tolerance = 1, sa_iterations = 1000, initial_temperature = 3.0, cooling_rate = 0.999
26 - INFO - chord#: 60 done. best_score=11.0, changed=480, unchanged=385, early_stops=8/8
26 - INFO - chord#: 64 In build_straw_man_chord_sa. tolerance = 1, sa_iterations = 1000, initial_temperature = 3.0, cooling_rate = 0.999
26 - INFO - chord#: 64 done. best_score=27.0, changed=517, unchanged=446, early_stops=8/8
26 - INFO - chord#: 68 In build_straw_man_chord_sa. tolerance = 1, sa_iterations = 1000, initial_temperature = 3.0, cooling_rate = 0.999
26 - INFO - chord#: 58 done. best_score=137.0, changed=609, unchanged=254, early_stops=8/8
26 - INFO - chord#: 60 In build_straw_man_chord_sa. tolerance = 1, sa_iterations = 1000, initial_temperature = 3.0, cooling_rate = 0.999
26 - INFO - chord#: 64 done. best_score=27.0, changed=520, unchanged=489, early_stops=8/8
26 - INFO - chord#: 68 In build_straw_man_chord_sa. tolerance = 1, sa_iterations = 1000, initial_temperature = 3.0, cooling_rate = 0.999
26 - INFO - chord#: 64 done. best_score=27.0, changed=526, unchanged=611, early_stops=8/8
26 - INFO - chord#: 68 In build_straw_man_chord_sa. tolerance = 1, sa_iterations = 1000, initial_temperature = 3.0, cooling_rate = 0.999
26 - INFO - chord#: 60 done. best_score=11.0, changed=467, unchanged=365, early_stops=8/8
26 - INFO - chord#: 64 In build_straw_man_chord_sa. tolerance = 1, sa_iterations = 1000, initial_temperature = 3.0, cooling_rate = 0.999
26 - INFO - chord#: 52 done. best_score=78.0, changed=607, unchanged=211, early_stops=8/8
26 - INFO - chord#: 56 In build_straw_man_chord_sa. tolerance = 1, sa_iterations = 1000, initial_temperature = 3.0, cooling_rate = 0.999
26 - INFO - chord#: 58 done. best_score=160.0, changed=621, unchanged=268, early_stops=8/8
26 - INFO - chord#: 60 In build_straw_man_chord_sa. tolerance = 1, sa_iterations = 1000, initial_temperature = 3.0, cooling_rate = 0.999
26 - INFO - chord#: 50 done. best_score=94.0, changed=613, unchanged=459, early_stops=8/8
26 - INFO - chord#: 52 In build_straw_man_chord_sa. tolerance = 1, sa_iterations = 1000, initial_temperature = 3.0, cooling_rate = 0.999
26 - INFO - chord#: 52 done. best_score=67.0, changed=615, unchanged=343, early_stops=8/8
26 - INFO - chord#: 60 done. best_score=11.0, changed=487, unchanged=434, early_stops=8/8
26 - INFO - chord#: 56 In build_straw_man_chord_sa. tolerance = 1, sa_iterations = 1000, initial_temperature = 3.0, cooling_rate = 0.999
26 - INFO - chord#: 64 In build_straw_man_chord_sa. tolerance = 1, sa_iterations = 1000, initial_temperature = 3.0, cooling_rate = 0.999
26 - INFO - chord#: 50 done. best_score=94.0, changed=619, unchanged=644, early_stops=8/8
26 - INFO - chord#: 52 In build_straw_man_chord_sa. tolerance = 1, sa_iterations = 1000, initial_temperature = 3.0, cooling_rate = 0.999
26 - INFO - chord#: 64 done. best_score=27.0, changed=519, unchanged=497, early_stops=8/8
26 - INFO - chord#: 68 In build_straw_man_chord_sa. tolerance = 1, sa_iterations = 1000, initial_temperature = 3.0, cooling_rate = 0.999
26 - INFO - chord#: 68 done. best_score=27.0, changed=526, unchanged=419, early_stops=8/8
26 - INFO - chord#: 70 In build_straw_man_chord_sa. tolerance = 1, sa_iterations = 1000, initial_temperature = 3.0, cooling_rate = 0.999
26 - INFO - chord#: 68 done. best_score=27.0, changed=524, unchanged=379, early_stops=8/8
26 - INFO - chord#: 70 In build_straw_man_chord_sa. tolerance = 1, sa_iterations = 1000, initial_temperature = 3.0, cooling_rate = 0.999
26 - INFO - chord#: 68 done. best_score=27.0, changed=521, unchanged=437, early_stops=8/8
26 - INFO - chord#: 70 In build_straw_man_chord_sa. tolerance = 1, sa_iterations = 1000, initial_temperature = 3.0, cooling_rate = 0.999
26 - INFO - chord#: 64 done. best_score=27.0, changed=516, unchanged=374, early_stops=8/8
26 - INFO - chord#: 68 In build_straw_man_chord_sa. tolerance = 1, sa_iterations = 1000, initial_temperature = 3.0, cooling_rate = 0.999
26 - INFO - chord#: 50 done. best_score=96.0, changed=611, unchanged=286, early_stops=8/8
26 - INFO - chord#: 52 In build_straw_man_chord_sa. tolerance = 1, sa_iterations = 1000, initial_temperature = 3.0, cooling_rate = 0.999
26 - INFO - chord#: 56 done. best_score=27.0, changed=521, unchanged=447, early_stops=8/8
26 - INFO - chord#: 58 In build_straw_man_chord_sa. tolerance = 1, sa_iterations = 1000, initial_temperature = 3.0, cooling_rate = 0.999
26 - INFO - chord#: 68 done. best_score=27.0, changed=531, unchanged=487, early_stops=8/8
26 - INFO - chord#: 70 In build_straw_man_chord_sa. tolerance = 1, sa_iterations = 1000, initial_temperature = 3.0, cooling_rate = 0.999
26 - INFO - chord#: 56 done. best_score=27.0, changed=517, unchanged=389, early_stops=8/8
26 - INFO - chord#: 58 In build_straw_man_chord_sa. tolerance = 1, sa_iterations = 1000, initial_temperature = 3.0, cooling_rate = 0.999
26 - INFO - chord#: 68 done. best_score=27.0, changed=516, unchanged=325, early_stops=8/8
26 - INFO - chord#: 70 In build_straw_man_chord_sa. tolerance = 1, sa_iterations = 1000, initial_temperature = 3.0, cooling_rate = 0.999
26 - INFO - chord#: 52 done. best_score=67.0, changed=611, unchanged=392, early_stops=8/8
26 - INFO - chord#: 56 In build_straw_man_chord_sa. tolerance = 1, sa_iterations = 1000, initial_temperature = 3.0, cooling_rate = 0.999
26 - INFO - chord#: 64 done. best_score=27.0, changed=522, unchanged=453, early_stops=8/8
26 - INFO - chord#: 68 In build_straw_man_chord_sa. tolerance = 1, sa_iterations = 1000, initial_temperature = 3.0, cooling_rate = 0.999
26 - INFO - chord#: 70 done. best_score=70.0, changed=614, unchanged=295, early_stops=8/8
26 - INFO - chord#: 72 In build_straw_man_chord_sa. tolerance = 1, sa_iterations = 1000, initial_temperature = 3.0, cooling_rate = 0.999
26 - INFO - chord#: 72 done. best_score=11.0, changed=463, unchanged=355, early_stops=8/8
26 - INFO - chord#: 74 In build_straw_man_chord_sa. tolerance = 1, sa_iterations = 1000, initial_temperature = 3.0, cooling_rate = 0.999
26 - INFO - chord#: 56 done. best_score=27.0, changed=524, unchanged=473, early_stops=8/8
26 - INFO - chord#: 58 In build_straw_man_chord_sa. tolerance = 1, sa_iterations = 1000, initial_temperature = 3.0, cooling_rate = 0.999
26 - INFO - chord#: 52 done. best_score=145.0, changed=611, unchanged=247, early_stops=8/8
26 - INFO - chord#: 56 In build_straw_man_chord_sa. tolerance = 1, sa_iterations = 1000, initial_temperature = 3.0, cooling_rate = 0.999
26 - INFO - chord#: 70 done. best_score=70.0, changed=611, unchanged=424, early_stops=8/8
26 - INFO - chord#: 72 In build_straw_man_chord_sa. tolerance = 1, sa_iterations = 1000, initial_temperature = 3.0, cooling_rate = 0.999
26 - INFO - chord#: 70 done. best_score=70.0, changed=610, unchanged=400, early_stops=8/8
26 - INFO - chord#: 72 In build_straw_man_chord_sa. tolerance = 1, sa_iterations = 1000, initial_temperature = 3.0, cooling_rate = 0.999
26 - INFO - chord#: 52 done. best_score=119.0, changed=613, unchanged=266, early_stops=8/8
26 - INFO - chord#: 56 In build_straw_man_chord_sa. tolerance = 1, sa_iterations = 1000, initial_temperature = 3.0, cooling_rate = 0.999
26 - INFO - chord#: 68 done. best_score=27.0, changed=525, unchanged=599, early_stops=8/8
26 - INFO - chord#: 70 In build_straw_man_chord_sa. tolerance = 1, sa_iterations = 1000, initial_temperature = 3.0, cooling_rate = 0.999
26 - INFO - chord#: 72 done. best_score=11.0, changed=493, unchanged=337, early_stops=8/8
26 - INFO - chord#: 74 In build_straw_man_chord_sa. tolerance = 1, sa_iterations = 1000, initial_temperature = 3.0, cooling_rate = 0.999
26 - INFO - chord#: 72 done. best_score=11.0, changed=487, unchanged=342, early_stops=8/8
26 - INFO - chord#: 74 In build_straw_man_chord_sa. tolerance = 1, sa_iterations = 1000, initial_temperature = 3.0, cooling_rate = 0.999
26 - INFO - chord#: 52 done. best_score=78.0, changed=612, unchanged=243, early_stops=8/8
26 - INFO - chord#: 56 In build_straw_man_chord_sa. tolerance = 1, sa_iterations = 1000, initial_temperature = 3.0, cooling_rate = 0.999
26 - INFO - chord#: 70 done. best_score=70.0, changed=617, unchanged=368, early_stops=8/8
26 - INFO - chord#: 72 In build_straw_man_chord_sa. tolerance = 1, sa_iterations = 1000, initial_temperature = 3.0, cooling_rate = 0.999
26 - INFO - chord#: 72 done. best_score=11.0, changed=482, unchanged=347, early_stops=8/8
26 - INFO - chord#: 74 In build_straw_man_chord_sa. tolerance = 1, sa_iterations = 1000, initial_temperature = 3.0, cooling_rate = 0.999
26 - INFO - chord#: 56 done. best_score=27.0, changed=526, unchanged=468, early_stops=8/8
26 - INFO - chord#: 58 In build_straw_man_chord_sa. tolerance = 1, sa_iterations = 1000, initial_temperature = 3.0, cooling_rate = 0.999
26 - INFO - chord#: 58 done. best_score=67.0, changed=612, unchanged=400, early_stops=8/8
26 - INFO - chord#: 60 In build_straw_man_chord_sa. tolerance = 1, sa_iterations = 1000, initial_temperature = 3.0, cooling_rate = 0.999
26 - INFO - chord#: 70 done. best_score=70.0, changed=617, unchanged=467, early_stops=8/8
26 - INFO - chord#: 72 In build_straw_man_chord_sa. tolerance = 1, sa_iterations = 1000, initial_temperature = 3.0, cooling_rate = 0.999
26 - INFO - chord#: 56 done. best_score=27.0, changed=526, unchanged=483, early_stops=8/8
26 - INFO - chord#: 58 In build_straw_man_chord_sa. tolerance = 1, sa_iterations = 1000, initial_temperature = 3.0, cooling_rate = 0.999
26 - INFO - chord#: 72 done. best_score=11.0, changed=473, unchanged=334, early_stops=8/8
26 - INFO - chord#: 74 In build_straw_man_chord_sa. tolerance = 1, sa_iterations = 1000, initial_temperature = 3.0, cooling_rate = 0.999
26 - INFO - chord#: 60 done. best_score=11.0, changed=487, unchanged=346, early_stops=8/8
26 - INFO - chord#: 64 In build_straw_man_chord_sa. tolerance = 1, sa_iterations = 1000, initial_temperature = 3.0, cooling_rate = 0.999
26 - INFO - chord#: 58 done. best_score=137.0, changed=613, unchanged=380, early_stops=8/8
26 - INFO - chord#: 60 In build_straw_man_chord_sa. tolerance = 1, sa_iterations = 1000, initial_temperature = 3.0, cooling_rate = 0.999
26 - INFO - chord#: 58 done. best_score=67.0, changed=610, unchanged=249, early_stops=8/8
26 - INFO - chord#: 60 In build_straw_man_chord_sa. tolerance = 1, sa_iterations = 1000, initial_temperature = 3.0, cooling_rate = 0.999
26 - INFO - chord#: 56 done. best_score=27.0, changed=531, unchanged=565, early_stops=8/8
26 - INFO - chord#: 58 In build_straw_man_chord_sa. tolerance = 1, sa_iterations = 1000, initial_temperature = 3.0, cooling_rate = 0.999
26 - INFO - chord#: 60 done. best_score=11.0, changed=479, unchanged=353, early_stops=8/8
26 - INFO - chord#: 64 In build_straw_man_chord_sa. tolerance = 1, sa_iterations = 1000, initial_temperature = 3.0, cooling_rate = 0.999
26 - INFO - chord#: 60 done. best_score=11.0, changed=493, unchanged=339, early_stops=8/8
26 - INFO - chord#: 64 In build_straw_man_chord_sa. tolerance = 1, sa_iterations = 1000, initial_temperature = 3.0, cooling_rate = 0.999
26 - INFO - chord#: 74 done. best_score=94.0, changed=607, unchanged=303, early_stops=8/8
26 - INFO - chord#: 76 In build_straw_man_chord_sa. tolerance = 1, sa_iterations = 1000, initial_temperature = 3.0, cooling_rate = 0.999
26 - INFO - chord#: 74 done. best_score=127.0, changed=611, unchanged=490, early_stops=8/8
26 - INFO - chord#: 76 In build_straw_man_chord_sa. tolerance = 1, sa_iterations = 1000, initial_temperature = 3.0, cooling_rate = 0.999
26 - INFO - chord#: 74 done. best_score=94.0, changed=617, unchanged=356, early_stops=8/8
26 - INFO - chord#: 76 In build_straw_man_chord_sa. tolerance = 1, sa_iterations = 1000, initial_temperature = 3.0, cooling_rate = 0.999
26 - INFO - chord#: 64 done. best_score=27.0, changed=516, unchanged=391, early_stops=8/8
26 - INFO - chord#: 68 In build_straw_man_chord_sa. tolerance = 1, sa_iterations = 1000, initial_temperature = 3.0, cooling_rate = 0.999
26 - INFO - chord#: 70 done. best_score=149.0, changed=615, unchanged=327, early_stops=8/8
26 - INFO - chord#: 72 In build_straw_man_chord_sa. tolerance = 1, sa_iterations = 1000, initial_temperature = 3.0, cooling_rate = 0.999
26 - INFO - chord#: 74 done. best_score=187.0, changed=607, unchanged=214, early_stops=8/8
26 - INFO - chord#: 76 In build_straw_man_chord_sa. tolerance = 1, sa_iterations = 1000, initial_temperature = 3.0, cooling_rate = 0.999
26 - INFO - chord#: 72 done. best_score=11.0, changed=484, unchanged=331, early_stops=8/8
26 - INFO - chord#: 74 In build_straw_man_chord_sa. tolerance = 1, sa_iterations = 1000, initial_temperature = 3.0, cooling_rate = 0.999
26 - INFO - chord#: 64 done. best_score=27.0, changed=519, unchanged=373, early_stops=8/8
26 - INFO - chord#: 68 In build_straw_man_chord_sa. tolerance = 1, sa_iterations = 1000, initial_temperature = 3.0, cooling_rate = 0.999
26 - INFO - chord#: 76 done. best_score=27.0, changed=519, unchanged=445, early_stops=8/8
26 - INFO - chord#: 78 In build_straw_man_chord_sa. tolerance = 1, sa_iterations = 1000, initial_temperature = 3.0, cooling_rate = 0.999
26 - INFO - chord#: 76 done. best_score=27.0, changed=523, unchanged=383, early_stops=8/8
26 - INFO - chord#: 78 In build_straw_man_chord_sa. tolerance = 1, sa_iterations = 1000, initial_temperature = 3.0, cooling_rate = 0.999
26 - INFO - chord#: 76 done. best_score=27.0, changed=527, unchanged=361, early_stops=8/8
26 - INFO - chord#: 78 In build_straw_man_chord_sa. tolerance = 1, sa_iterations = 1000, initial_temperature = 3.0, cooling_rate = 0.999
26 - INFO - chord#: 64 done. best_score=27.0, changed=519, unchanged=473, early_stops=8/8
26 - INFO - chord#: 68 In build_straw_man_chord_sa. tolerance = 1, sa_iterations = 1000, initial_temperature = 3.0, cooling_rate = 0.999
26 - INFO - chord#: 74 done. best_score=147.0, changed=616, unchanged=315, early_stops=8/8
26 - INFO - chord#: 76 done. best_score=27.0, changed=514, unchanged=390, early_stops=8/8
26 - INFO - chord#: 76 In build_straw_man_chord_sa. tolerance = 1, sa_iterations = 1000, initial_temperature = 3.0, cooling_rate = 0.999
26 - INFO - chord#: 78 In build_straw_man_chord_sa. tolerance = 1, sa_iterations = 1000, initial_temperature = 3.0, cooling_rate = 0.999
26 - INFO - chord#: 58 done. best_score=67.0, changed=609, unchanged=246, early_stops=8/8
26 - INFO - chord#: 60 In build_straw_man_chord_sa. tolerance = 1, sa_iterations = 1000, initial_temperature = 3.0, cooling_rate = 0.999
26 - INFO - chord#: 68 done. best_score=27.0, changed=527, unchanged=378, early_stops=8/8
26 - INFO - chord#: 70 In build_straw_man_chord_sa. tolerance = 1, sa_iterations = 1000, initial_temperature = 3.0, cooling_rate = 0.999
26 - INFO - chord#: 58 done. best_score=96.0, changed=604, unchanged=244, early_stops=8/8
26 - INFO - chord#: 60 In build_straw_man_chord_sa. tolerance = 1, sa_iterations = 1000, initial_temperature = 3.0, cooling_rate = 0.999
26 - INFO - chord#: 60 done. best_score=11.0, changed=484, unchanged=335, early_stops=8/8
26 - INFO - chord#: 64 In build_straw_man_chord_sa. tolerance = 1, sa_iterations = 1000, initial_temperature = 3.0, cooling_rate = 0.999
26 - INFO - chord#: 68 done. best_score=27.0, changed=524, unchanged=445, early_stops=8/8
26 - INFO - chord#: 70 In build_straw_man_chord_sa. tolerance = 1, sa_iterations = 1000, initial_temperature = 3.0, cooling_rate = 0.999
26 - INFO - chord#: 60 done. best_score=11.0, changed=473, unchanged=333, early_stops=8/8
26 - INFO - chord#: 64 In build_straw_man_chord_sa. tolerance = 1, sa_iterations = 1000, initial_temperature = 3.0, cooling_rate = 0.999
26 - INFO - chord#: 68 done. best_score=27.0, changed=532, unchanged=343, early_stops=8/8
26 - INFO - chord#: 70 In build_straw_man_chord_sa. tolerance = 1, sa_iterations = 1000, initial_temperature = 3.0, cooling_rate = 0.999
26 - INFO - chord#: 76 done. best_score=36.0, changed=516, unchanged=389, early_stops=8/8
26 - INFO - chord#: 78 In build_straw_man_chord_sa. tolerance = 1, sa_iterations = 1000, initial_temperature = 3.0, cooling_rate = 0.999
26 - INFO - chord#: 58 done. best_score=67.0, changed=615, unchanged=353, early_stops=8/8
26 - INFO - chord#: 60 In build_straw_man_chord_sa. tolerance = 1, sa_iterations = 1000, initial_temperature = 3.0, cooling_rate = 0.999
26 - INFO - chord#: 78 done. best_score=146.0, changed=614, unchanged=299, early_stops=8/8
26 - INFO - chord#: 80 In build_straw_man_chord_sa. tolerance = 1, sa_iterations = 1000, initial_temperature = 3.0, cooling_rate = 0.999
26 - INFO - chord#: 60 done. best_score=11.0, changed=484, unchanged=354, early_stops=8/8
26 - INFO - chord#: 64 In build_straw_man_chord_sa. tolerance = 1, sa_iterations = 1000, initial_temperature = 3.0, cooling_rate = 0.999
26 - INFO - chord#: 64 done. best_score=27.0, changed=522, unchanged=396, early_stops=8/8
26 - INFO - chord#: 68 In build_straw_man_chord_sa. tolerance = 1, sa_iterations = 1000, initial_temperature = 3.0, cooling_rate = 0.999
26 - INFO - chord#: 78 done. best_score=82.0, changed=612, unchanged=286, early_stops=8/8
26 - INFO - chord#: 80 In build_straw_man_chord_sa. tolerance = 1, sa_iterations = 1000, initial_temperature = 3.0, cooling_rate = 0.999
26 - INFO - chord#: 64 done. best_score=27.0, changed=525, unchanged=424, early_stops=8/8
26 - INFO - chord#: 68 In build_straw_man_chord_sa. tolerance = 1, sa_iterations = 1000, initial_temperature = 3.0, cooling_rate = 0.999
26 - INFO - chord#: 74 done. best_score=162.0, changed=613, unchanged=326, early_stops=8/8
26 - INFO - chord#: 76 In build_straw_man_chord_sa. tolerance = 1, sa_iterations = 1000, initial_temperature = 3.0, cooling_rate = 0.999
26 - INFO - chord#: 78 done. best_score=120.0, changed=614, unchanged=244, early_stops=8/8
26 - INFO - chord#: 80 In build_straw_man_chord_sa. tolerance = 1, sa_iterations = 1000, initial_temperature = 3.0, cooling_rate = 0.999
26 - INFO - chord#: 78 done. best_score=120.0, changed=610, unchanged=258, early_stops=8/8
26 - INFO - chord#: 80 In build_straw_man_chord_sa. tolerance = 1, sa_iterations = 1000, initial_temperature = 3.0, cooling_rate = 0.999
26 - INFO - chord#: 70 done. best_score=70.0, changed=610, unchanged=268, early_stops=8/8
26 - INFO - chord#: 72 In build_straw_man_chord_sa. tolerance = 1, sa_iterations = 1000, initial_temperature = 3.0, cooling_rate = 0.999
26 - INFO - chord#: 80 done. best_score=27.0, changed=524, unchanged=503, early_stops=8/8
26 - INFO - chord#: 82 In build_straw_man_chord_sa. tolerance = 1, sa_iterations = 1000, initial_temperature = 3.0, cooling_rate = 0.999
26 - INFO - chord#: 70 done. best_score=70.0, changed=611, unchanged=287, early_stops=8/8
26 - INFO - chord#: 72 In build_straw_man_chord_sa. tolerance = 1, sa_iterations = 1000, initial_temperature = 3.0, cooling_rate = 0.999
26 - INFO - chord#: 68 done. best_score=27.0, changed=520, unchanged=367, early_stops=8/8
26 - INFO - chord#: 70 In build_straw_man_chord_sa. tolerance = 1, sa_iterations = 1000, initial_temperature = 3.0, cooling_rate = 0.999
26 - INFO - chord#: 72 done. best_score=11.0, changed=480, unchanged=347, early_stops=8/8
26 - INFO - chord#: 74 In build_straw_man_chord_sa. tolerance = 1, sa_iterations = 1000, initial_temperature = 3.0, cooling_rate = 0.999
26 - INFO - chord#: 80 done. best_score=27.0, changed=525, unchanged=459, early_stops=8/8
26 - INFO - chord#: 82 In build_straw_man_chord_sa. tolerance = 1, sa_iterations = 1000, initial_temperature = 3.0, cooling_rate = 0.999
26 - INFO - chord#: 64 done. best_score=27.0, changed=521, unchanged=457, early_stops=8/8
26 - INFO - chord#: 68 In build_straw_man_chord_sa. tolerance = 1, sa_iterations = 1000, initial_temperature = 3.0, cooling_rate = 0.999
26 - INFO - chord#: 80 done. best_score=27.0, changed=511, unchanged=350, early_stops=8/8
26 - INFO - chord#: 82 In build_straw_man_chord_sa. tolerance = 1, sa_iterations = 1000, initial_temperature = 3.0, cooling_rate = 0.999
26 - INFO - chord#: 72 done. best_score=11.0, changed=519, unchanged=309, early_stops=8/8
26 - INFO - chord#: 74 In build_straw_man_chord_sa. tolerance = 1, sa_iterations = 1000, initial_temperature = 3.0, cooling_rate = 0.999
26 - INFO - chord#: 68 done. best_score=27.0, changed=523, unchanged=475, early_stops=8/8
26 - INFO - chord#: 70 In build_straw_man_chord_sa. tolerance = 1, sa_iterations = 1000, initial_temperature = 3.0, cooling_rate = 0.999
26 - INFO - chord#: 76 done. best_score=27.0, changed=519, unchanged=381, early_stops=8/8
26 - INFO - chord#: 78 In build_straw_man_chord_sa. tolerance = 1, sa_iterations = 1000, initial_temperature = 3.0, cooling_rate = 0.999
26 - INFO - chord#: 80 done. best_score=27.0, changed=522, unchanged=477, early_stops=8/8
26 - INFO - chord#: 82 In build_straw_man_chord_sa. tolerance = 1, sa_iterations = 1000, initial_temperature = 3.0, cooling_rate = 0.999
26 - INFO - chord#: 78 done. best_score=120.0, changed=616, unchanged=277, early_stops=8/8
26 - INFO - chord#: 80 In build_straw_man_chord_sa. tolerance = 1, sa_iterations = 1000, initial_temperature = 3.0, cooling_rate = 0.999
26 - INFO - chord#: 70 done. best_score=70.0, changed=610, unchanged=269, early_stops=8/8
26 - INFO - chord#: 72 In build_straw_man_chord_sa. tolerance = 1, sa_iterations = 1000, initial_temperature = 3.0, cooling_rate = 0.999
26 - INFO - chord#: 72 done. best_score=11.0, changed=482, unchanged=339, early_stops=8/8
26 - INFO - chord#: 74 In build_straw_man_chord_sa. tolerance = 1, sa_iterations = 1000, initial_temperature = 3.0, cooling_rate = 0.999
26 - INFO - chord#: 68 done. best_score=27.0, changed=526, unchanged=346, early_stops=8/8
26 - INFO - chord#: 70 In build_straw_man_chord_sa. tolerance = 1, sa_iterations = 1000, initial_temperature = 3.0, cooling_rate = 0.999
26 - INFO - chord#: 80 done. best_score=27.0, changed=514, unchanged=341, early_stops=8/8
26 - INFO - chord#: 82 In build_straw_man_chord_sa. tolerance = 1, sa_iterations = 1000, initial_temperature = 3.0, cooling_rate = 0.999
26 - INFO - chord#: 74 done. best_score=147.0, changed=608, unchanged=232, early_stops=8/8
26 - INFO - chord#: 76 In build_straw_man_chord_sa. tolerance = 1, sa_iterations = 1000, initial_temperature = 3.0, cooling_rate = 0.999
26 - INFO - chord#: 82 done. best_score=119.0, changed=611, unchanged=327, early_stops=8/8
26 - INFO - chord#: 84 In build_straw_man_chord_sa. tolerance = 1, sa_iterations = 1000, initial_temperature = 3.0, cooling_rate = 0.999
26 - INFO - chord#: 82 done. best_score=119.0, changed=610, unchanged=298, early_stops=8/8
26 - INFO - chord#: 84 In build_straw_man_chord_sa. tolerance = 1, sa_iterations = 1000, initial_temperature = 3.0, cooling_rate = 0.999
26 - INFO - chord#: 82 done. best_score=67.0, changed=611, unchanged=400, early_stops=8/8
26 - INFO - chord#: 84 In build_straw_man_chord_sa. tolerance = 1, sa_iterations = 1000, initial_temperature = 3.0, cooling_rate = 0.999
26 - INFO - chord#: 70 done. best_score=104.0, changed=611, unchanged=325, early_stops=8/8
26 - INFO - chord#: 72 In build_straw_man_chord_sa. tolerance = 1, sa_iterations = 1000, initial_temperature = 3.0, cooling_rate = 0.999
26 - INFO - chord#: 74 done. best_score=131.0, changed=606, unchanged=271, early_stops=8/8
26 - INFO - chord#: 76 In build_straw_man_chord_sa. tolerance = 1, sa_iterations = 1000, initial_temperature = 3.0, cooling_rate = 0.999
26 - INFO - chord#: 70 done. best_score=149.0, changed=607, unchanged=284, early_stops=8/8
26 - INFO - chord#: 72 In build_straw_man_chord_sa. tolerance = 1, sa_iterations = 1000, initial_temperature = 3.0, cooling_rate = 0.999
26 - INFO - chord#: 82 done. best_score=137.0, changed=613, unchanged=391, early_stops=8/8
26 - INFO - chord#: 84 In build_straw_man_chord_sa. tolerance = 1, sa_iterations = 1000, initial_temperature = 3.0, cooling_rate = 0.999
26 - INFO - chord#: 84 done. best_score=36.0, changed=513, unchanged=312, early_stops=8/8
26 - INFO - chord#: 86 In build_straw_man_chord_sa. tolerance = 1, sa_iterations = 1000, initial_temperature = 3.0, cooling_rate = 0.999
26 - INFO - chord#: 78 done. best_score=120.0, changed=611, unchanged=255, early_stops=8/8
26 - INFO - chord#: 80 In build_straw_man_chord_sa. tolerance = 1, sa_iterations = 1000, initial_temperature = 3.0, cooling_rate = 0.999
26 - INFO - chord#: 72 done. best_score=11.0, changed=485, unchanged=326, early_stops=8/8
26 - INFO - chord#: 74 In build_straw_man_chord_sa. tolerance = 1, sa_iterations = 1000, initial_temperature = 3.0, cooling_rate = 0.999
26 - INFO - chord#: 76 done. best_score=27.0, changed=520, unchanged=464, early_stops=8/8
26 - INFO - chord#: 78 In build_straw_man_chord_sa. tolerance = 1, sa_iterations = 1000, initial_temperature = 3.0, cooling_rate = 0.999
26 - INFO - chord#: 72 done. best_score=11.0, changed=491, unchanged=343, early_stops=8/8
26 - INFO - chord#: 74 In build_straw_man_chord_sa. tolerance = 1, sa_iterations = 1000, initial_temperature = 3.0, cooling_rate = 0.999
26 - INFO - chord#: 82 done. best_score=131.0, changed=604, unchanged=220, early_stops=8/8
26 - INFO - chord#: 84 In build_straw_man_chord_sa. tolerance = 1, sa_iterations = 1000, initial_temperature = 3.0, cooling_rate = 0.999
26 - INFO - chord#: 84 done. best_score=36.0, changed=511, unchanged=331, early_stops=8/8
26 - INFO - chord#: 86 In build_straw_man_chord_sa. tolerance = 1, sa_iterations = 1000, initial_temperature = 3.0, cooling_rate = 0.999
26 - INFO - chord#: 70 done. best_score=111.0, changed=606, unchanged=229, early_stops=8/8
26 - INFO - chord#: 72 In build_straw_man_chord_sa. tolerance = 1, sa_iterations = 1000, initial_temperature = 3.0, cooling_rate = 0.999
26 - INFO - chord#: 84 done. best_score=36.0, changed=527, unchanged=344, early_stops=8/8
26 - INFO - chord#: 86 In build_straw_man_chord_sa. tolerance = 1, sa_iterations = 1000, initial_temperature = 3.0, cooling_rate = 0.999
26 - INFO - chord#: 74 done. best_score=153.0, changed=607, unchanged=276, early_stops=8/8
26 - INFO - chord#: 76 In build_straw_man_chord_sa. tolerance = 1, sa_iterations = 1000, initial_temperature = 3.0, cooling_rate = 0.999
26 - INFO - chord#: 72 done. best_score=11.0, changed=473, unchanged=334, early_stops=8/8
26 - INFO - chord#: 74 In build_straw_man_chord_sa. tolerance = 1, sa_iterations = 1000, initial_temperature = 3.0, cooling_rate = 0.999
26 - INFO - chord#: 84 done. best_score=36.0, changed=520, unchanged=374, early_stops=8/8
26 - INFO - chord#: 86 In build_straw_man_chord_sa. tolerance = 1, sa_iterations = 1000, initial_temperature = 3.0, cooling_rate = 0.999
26 - INFO - chord#: 76 done. best_score=27.0, changed=539, unchanged=379, early_stops=8/8
26 - INFO - chord#: 78 In build_straw_man_chord_sa. tolerance = 1, sa_iterations = 1000, initial_temperature = 3.0, cooling_rate = 0.999
26 - INFO - chord#: 80 done. best_score=36.0, changed=523, unchanged=397, early_stops=8/8
26 - INFO - chord#: 82 In build_straw_man_chord_sa. tolerance = 1, sa_iterations = 1000, initial_temperature = 3.0, cooling_rate = 0.999
26 - INFO - chord#: 84 done. best_score=36.0, changed=518, unchanged=436, early_stops=8/8
26 - INFO - chord#: 86 In build_straw_man_chord_sa. tolerance = 1, sa_iterations = 1000, initial_temperature = 3.0, cooling_rate = 0.999
26 - INFO - chord#: 76 done. best_score=27.0, changed=511, unchanged=335, early_stops=8/8
26 - INFO - chord#: 78 In build_straw_man_chord_sa. tolerance = 1, sa_iterations = 1000, initial_temperature = 3.0, cooling_rate = 0.999
26 - INFO - chord#: 78 done. best_score=147.0, changed=614, unchanged=264, early_stops=8/8
26 - INFO - chord#: 80 In build_straw_man_chord_sa. tolerance = 1, sa_iterations = 1000, initial_temperature = 3.0, cooling_rate = 0.999
26 - INFO - chord#: 86 done. best_score=105.0, changed=613, unchanged=299, early_stops=8/8
26 - INFO - chord#: 88 In build_straw_man_chord_sa. tolerance = 1, sa_iterations = 1000, initial_temperature = 3.0, cooling_rate = 0.999
26 - INFO - chord#: 74 done. best_score=171.0, changed=608, unchanged=269, early_stops=8/8
26 - INFO - chord#: 76 In build_straw_man_chord_sa. tolerance = 1, sa_iterations = 1000, initial_temperature = 3.0, cooling_rate = 0.999
26 - INFO - chord#: 74 done. best_score=94.0, changed=613, unchanged=280, early_stops=8/8
26 - INFO - chord#: 76 In build_straw_man_chord_sa. tolerance = 1, sa_iterations = 1000, initial_temperature = 3.0, cooling_rate = 0.999
26 - INFO - chord#: 86 done. best_score=105.0, changed=611, unchanged=351, early_stops=8/8
26 - INFO - chord#: 88 In build_straw_man_chord_sa. tolerance = 1, sa_iterations = 1000, initial_temperature = 3.0, cooling_rate = 0.999
26 - INFO - chord#: 86 done. best_score=147.0, changed=614, unchanged=320, early_stops=8/8
26 - INFO - chord#: 88 In build_straw_man_chord_sa. tolerance = 1, sa_iterations = 1000, initial_temperature = 3.0, cooling_rate = 0.999
26 - INFO - chord#: 80 done. best_score=27.0, changed=517, unchanged=405, early_stops=8/8
26 - INFO - chord#: 82 In build_straw_man_chord_sa. tolerance = 1, sa_iterations = 1000, initial_temperature = 3.0, cooling_rate = 0.999
26 - INFO - chord#: 74 done. best_score=168.0, changed=608, unchanged=224, early_stops=8/8
26 - INFO - chord#: 76 In build_straw_man_chord_sa. tolerance = 1, sa_iterations = 1000, initial_temperature = 3.0, cooling_rate = 0.999
26 - INFO - chord#: 86 done. best_score=139.0, changed=607, unchanged=334, early_stops=8/8
26 - INFO - chord#: 88 In build_straw_man_chord_sa. tolerance = 1, sa_iterations = 1000, initial_temperature = 3.0, cooling_rate = 0.999
26 - INFO - chord#: 88 done. best_score=27.0, changed=522, unchanged=440, early_stops=8/8
26 - INFO - chord#: 90 In build_straw_man_chord_sa. tolerance = 1, sa_iterations = 1000, initial_temperature = 3.0, cooling_rate = 0.999
26 - INFO - chord#: 78 done. best_score=82.0, changed=612, unchanged=251, early_stops=8/8
26 - INFO - chord#: 80 In build_straw_man_chord_sa. tolerance = 1, sa_iterations = 1000, initial_temperature = 3.0, cooling_rate = 0.999
26 - INFO - chord#: 88 done. best_score=27.0, changed=516, unchanged=405, early_stops=8/8
26 - INFO - chord#: 90 In build_straw_man_chord_sa. tolerance = 1, sa_iterations = 1000, initial_temperature = 3.0, cooling_rate = 0.999
26 - INFO - chord#: 86 done. best_score=136.0, changed=613, unchanged=359, early_stops=8/8
26 - INFO - chord#: 88 In build_straw_man_chord_sa. tolerance = 1, sa_iterations = 1000, initial_temperature = 3.0, cooling_rate = 0.999
26 - INFO - chord#: 76 done. best_score=27.0, changed=518, unchanged=378, early_stops=8/8
26 - INFO - chord#: 78 In build_straw_man_chord_sa. tolerance = 1, sa_iterations = 1000, initial_temperature = 3.0, cooling_rate = 0.999
26 - INFO - chord#: 88 done. best_score=27.0, changed=517, unchanged=450, early_stops=8/8
26 - INFO - chord#: 90 In build_straw_man_chord_sa. tolerance = 1, sa_iterations = 1000, initial_temperature = 3.0, cooling_rate = 0.999
26 - INFO - chord#: 76 done. best_score=27.0, changed=526, unchanged=322, early_stops=8/8
26 - INFO - chord#: 78 In build_straw_man_chord_sa. tolerance = 1, sa_iterations = 1000, initial_temperature = 3.0, cooling_rate = 0.999
26 - INFO - chord#: 88 done. best_score=27.0, changed=521, unchanged=438, early_stops=8/8
26 - INFO - chord#: 90 In build_straw_man_chord_sa. tolerance = 1, sa_iterations = 1000, initial_temperature = 3.0, cooling_rate = 0.999
26 - INFO - chord#: 82 done. best_score=119.0, changed=615, unchanged=316, early_stops=8/8
26 - INFO - chord#: 84 In build_straw_man_chord_sa. tolerance = 1, sa_iterations = 1000, initial_temperature = 3.0, cooling_rate = 0.999
26 - INFO - chord#: 76 done. best_score=27.0, changed=529, unchanged=406, early_stops=8/8
26 - INFO - chord#: 78 In build_straw_man_chord_sa. tolerance = 1, sa_iterations = 1000, initial_temperature = 3.0, cooling_rate = 0.999
26 - INFO - chord#: 78 done. best_score=120.0, changed=611, unchanged=363, early_stops=8/8
26 - INFO - chord#: 80 In build_straw_man_chord_sa. tolerance = 1, sa_iterations = 1000, initial_temperature = 3.0, cooling_rate = 0.999
26 - INFO - chord#: 80 done. best_score=27.0, changed=525, unchanged=364, early_stops=8/8
26 - INFO - chord#: 82 In build_straw_man_chord_sa. tolerance = 1, sa_iterations = 1000, initial_temperature = 3.0, cooling_rate = 0.999
26 - INFO - chord#: 88 done. best_score=27.0, changed=528, unchanged=473, early_stops=8/8
26 - INFO - chord#: 90 In build_straw_man_chord_sa. tolerance = 1, sa_iterations = 1000, initial_temperature = 3.0, cooling_rate = 0.999
26 - INFO - chord#: 84 done. best_score=36.0, changed=518, unchanged=394, early_stops=8/8
26 - INFO - chord#: 86 In build_straw_man_chord_sa. tolerance = 1, sa_iterations = 1000, initial_temperature = 3.0, cooling_rate = 0.999
26 - INFO - chord#: 82 done. best_score=78.0, changed=617, unchanged=298, early_stops=8/8
26 - INFO - chord#: 84 In build_straw_man_chord_sa. tolerance = 1, sa_iterations = 1000, initial_temperature = 3.0, cooling_rate = 0.999
26 - INFO - chord#: 90 done. best_score=70.0, changed=613, unchanged=361, early_stops=8/8
26 - INFO - chord#: 92 In build_straw_man_chord_sa. tolerance = 1, sa_iterations = 1000, initial_temperature = 3.0, cooling_rate = 0.999
26 - INFO - chord#: 90 done. best_score=70.0, changed=610, unchanged=289, early_stops=8/8
26 - INFO - chord#: 92 In build_straw_man_chord_sa. tolerance = 1, sa_iterations = 1000, initial_temperature = 3.0, cooling_rate = 0.999
26 - INFO - chord#: 80 done. best_score=27.0, changed=517, unchanged=415, early_stops=8/8
26 - INFO - chord#: 82 In build_straw_man_chord_sa. tolerance = 1, sa_iterations = 1000, initial_temperature = 3.0, cooling_rate = 0.999
26 - INFO - chord#: 90 done. best_score=70.0, changed=614, unchanged=281, early_stops=8/8
26 - INFO - chord#: 92 In build_straw_man_chord_sa. tolerance = 1, sa_iterations = 1000, initial_temperature = 3.0, cooling_rate = 0.999
26 - INFO - chord#: 90 done. best_score=70.0, changed=617, unchanged=374, early_stops=8/8
26 - INFO - chord#: 92 In build_straw_man_chord_sa. tolerance = 1, sa_iterations = 1000, initial_temperature = 3.0, cooling_rate = 0.999
26 - INFO - chord#: 84 done. best_score=36.0, changed=524, unchanged=357, early_stops=8/8
26 - INFO - chord#: 86 In build_straw_man_chord_sa. tolerance = 1, sa_iterations = 1000, initial_temperature = 3.0, cooling_rate = 0.999
26 - INFO - chord#: 78 done. best_score=82.0, changed=607, unchanged=224, early_stops=8/8
26 - INFO - chord#: 80 In build_straw_man_chord_sa. tolerance = 1, sa_iterations = 1000, initial_temperature = 3.0, cooling_rate = 0.999
26 - INFO - chord#: 92 done. best_score=27.0, changed=512, unchanged=315, early_stops=8/8
26 - INFO - chord#: 96 In build_straw_man_chord_sa. tolerance = 1, sa_iterations = 1000, initial_temperature = 3.0, cooling_rate = 0.999
26 - INFO - chord#: 92 done. best_score=27.0, changed=518, unchanged=355, early_stops=8/8
26 - INFO - chord#: 96 In build_straw_man_chord_sa. tolerance = 1, sa_iterations = 1000, initial_temperature = 3.0, cooling_rate = 0.999
26 - INFO - chord#: 90 done. best_score=70.0, changed=613, unchanged=241, early_stops=8/8
26 - INFO - chord#: 92 In build_straw_man_chord_sa. tolerance = 1, sa_iterations = 1000, initial_temperature = 3.0, cooling_rate = 0.999
26 - INFO - chord#: 78 done. best_score=120.0, changed=612, unchanged=377, early_stops=8/8
26 - INFO - chord#: 80 In build_straw_man_chord_sa. tolerance = 1, sa_iterations = 1000, initial_temperature = 3.0, cooling_rate = 0.999
26 - INFO - chord#: 92 done. best_score=27.0, changed=526, unchanged=413, early_stops=8/8
26 - INFO - chord#: 96 In build_straw_man_chord_sa. tolerance = 1, sa_iterations = 1000, initial_temperature = 3.0, cooling_rate = 0.999
26 - INFO - chord#: 92 done. best_score=27.0, changed=520, unchanged=461, early_stops=8/8
26 - INFO - chord#: 96 In build_straw_man_chord_sa. tolerance = 1, sa_iterations = 1000, initial_temperature = 3.0, cooling_rate = 0.999
26 - INFO - chord#: 96 done. best_score=27.0, changed=520, unchanged=391, early_stops=8/8
26 - INFO - chord#: 98 In build_straw_man_chord_sa. tolerance = 1, sa_iterations = 1000, initial_temperature = 3.0, cooling_rate = 0.999
26 - INFO - chord#: 78 done. best_score=120.0, changed=609, unchanged=337, early_stops=8/8
26 - INFO - chord#: 80 In build_straw_man_chord_sa. tolerance = 1, sa_iterations = 1000, initial_temperature = 3.0, cooling_rate = 0.999
26 - INFO - chord#: 80 done. best_score=27.0, changed=521, unchanged=359, early_stops=8/8
26 - INFO - chord#: 82 In build_straw_man_chord_sa. tolerance = 1, sa_iterations = 1000, initial_temperature = 3.0, cooling_rate = 0.999
26 - INFO - chord#: 96 done. best_score=27.0, changed=524, unchanged=366, early_stops=8/8
26 - INFO - chord#: 98 In build_straw_man_chord_sa. tolerance = 1, sa_iterations = 1000, initial_temperature = 3.0, cooling_rate = 0.999
26 - INFO - chord#: 92 done. best_score=27.0, changed=522, unchanged=443, early_stops=8/8
26 - INFO - chord#: 96 In build_straw_man_chord_sa. tolerance = 1, sa_iterations = 1000, initial_temperature = 3.0, cooling_rate = 0.999
26 - INFO - chord#: 96 done. best_score=27.0, changed=531, unchanged=405, early_stops=8/8
26 - INFO - chord#: 98 In build_straw_man_chord_sa. tolerance = 1, sa_iterations = 1000, initial_temperature = 3.0, cooling_rate = 0.999
26 - INFO - chord#: 96 done. best_score=27.0, changed=518, unchanged=361, early_stops=8/8
26 - INFO - chord#: 98 In build_straw_man_chord_sa. tolerance = 1, sa_iterations = 1000, initial_temperature = 3.0, cooling_rate = 0.999
26 - INFO - chord#: 80 done. best_score=27.0, changed=524, unchanged=464, early_stops=8/8
26 - INFO - chord#: 82 In build_straw_man_chord_sa. tolerance = 1, sa_iterations = 1000, initial_temperature = 3.0, cooling_rate = 0.999
26 - INFO - chord#: 82 done. best_score=67.0, changed=616, unchanged=479, early_stops=8/8
26 - INFO - chord#: 84 In build_straw_man_chord_sa. tolerance = 1, sa_iterations = 1000, initial_temperature = 3.0, cooling_rate = 0.999
26 - INFO - chord#: 96 done. best_score=27.0, changed=527, unchanged=429, early_stops=8/8
26 - INFO - chord#: 98 In build_straw_man_chord_sa. tolerance = 1, sa_iterations = 1000, initial_temperature = 3.0, cooling_rate = 0.999
26 - INFO - chord#: 82 done. best_score=78.0, changed=612, unchanged=295, early_stops=8/8
26 - INFO - chord#: 84 In build_straw_man_chord_sa. tolerance = 1, sa_iterations = 1000, initial_temperature = 3.0, cooling_rate = 0.999
26 - INFO - chord#: 80 done. best_score=27.0, changed=529, unchanged=558, early_stops=8/8
26 - INFO - chord#: 82 In build_straw_man_chord_sa. tolerance = 1, sa_iterations = 1000, initial_temperature = 3.0, cooling_rate = 0.999
26 - INFO - chord#: 86 done. best_score=105.0, changed=612, unchanged=473, early_stops=8/8
26 - INFO - chord#: 88 In build_straw_man_chord_sa. tolerance = 1, sa_iterations = 1000, initial_temperature = 3.0, cooling_rate = 0.999
26 - INFO - chord#: 86 done. best_score=141.0, changed=618, unchanged=409, early_stops=8/8
26 - INFO - chord#: 88 In build_straw_man_chord_sa. tolerance = 1, sa_iterations = 1000, initial_temperature = 3.0, cooling_rate = 0.999
26 - INFO - chord#: 98 done. best_score=64.0, changed=616, unchanged=351, early_stops=8/8
26 - INFO - chord#: 100 In build_straw_man_chord_sa. tolerance = 1, sa_iterations = 1000, initial_temperature = 3.0, cooling_rate = 0.999
26 - INFO - chord#: 84 done. best_score=36.0, changed=520, unchanged=389, early_stops=8/8
26 - INFO - chord#: 86 In build_straw_man_chord_sa. tolerance = 1, sa_iterations = 1000, initial_temperature = 3.0, cooling_rate = 0.999
26 - INFO - chord#: 98 done. best_score=64.0, changed=610, unchanged=403, early_stops=8/8
26 - INFO - chord#: 100 In build_straw_man_chord_sa. tolerance = 1, sa_iterations = 1000, initial_temperature = 3.0, cooling_rate = 0.999
26 - INFO - chord#: 88 done. best_score=27.0, changed=518, unchanged=384, early_stops=8/8
26 - INFO - chord#: 90 In build_straw_man_chord_sa. tolerance = 1, sa_iterations = 1000, initial_temperature = 3.0, cooling_rate = 0.999
26 - INFO - chord#: 84 done. best_score=36.0, changed=519, unchanged=372, early_stops=8/8
26 - INFO - chord#: 86 In build_straw_man_chord_sa. tolerance = 1, sa_iterations = 1000, initial_temperature = 3.0, cooling_rate = 0.999
26 - INFO - chord#: 82 done. best_score=157.0, changed=611, unchanged=238, early_stops=8/8
26 - INFO - chord#: 84 In build_straw_man_chord_sa. tolerance = 1, sa_iterations = 1000, initial_temperature = 3.0, cooling_rate = 0.999
26 - INFO - chord#: 98 done. best_score=64.0, changed=608, unchanged=271, early_stops=8/8
26 - INFO - chord#: 100 In build_straw_man_chord_sa. tolerance = 1, sa_iterations = 1000, initial_temperature = 3.0, cooling_rate = 0.999
26 - INFO - chord#: 100 done. best_score=27.0, changed=524, unchanged=348, early_stops=8/8
26 - INFO - chord#: 102 In build_straw_man_chord_sa. tolerance = 1, sa_iterations = 1000, initial_temperature = 3.0, cooling_rate = 0.999
26 - INFO - chord#: 88 done. best_score=27.0, changed=523, unchanged=399, early_stops=8/8
26 - INFO - chord#: 90 In build_straw_man_chord_sa. tolerance = 1, sa_iterations = 1000, initial_temperature = 3.0, cooling_rate = 0.999
26 - INFO - chord#: 98 done. best_score=64.0, changed=618, unchanged=483, early_stops=8/8
26 - INFO - chord#: 100 In build_straw_man_chord_sa. tolerance = 1, sa_iterations = 1000, initial_temperature = 3.0, cooling_rate = 0.999
26 - INFO - chord#: 98 done. best_score=104.0, changed=612, unchanged=273, early_stops=8/8
26 - INFO - chord#: 100 In build_straw_man_chord_sa. tolerance = 1, sa_iterations = 1000, initial_temperature = 3.0, cooling_rate = 0.999
26 - INFO - chord#: 82 done. best_score=78.0, changed=609, unchanged=270, early_stops=8/8
26 - INFO - chord#: 84 In build_straw_man_chord_sa. tolerance = 1, sa_iterations = 1000, initial_temperature = 3.0, cooling_rate = 0.999
26 - INFO - chord#: 100 done. best_score=27.0, changed=522, unchanged=420, early_stops=8/8
26 - INFO - chord#: 102 In build_straw_man_chord_sa. tolerance = 1, sa_iterations = 1000, initial_temperature = 3.0, cooling_rate = 0.999
26 - INFO - chord#: 100 done. best_score=27.0, changed=517, unchanged=451, early_stops=8/8
26 - INFO - chord#: 102 In build_straw_man_chord_sa. tolerance = 1, sa_iterations = 1000, initial_temperature = 3.0, cooling_rate = 0.999
26 - INFO - chord#: 84 done. best_score=36.0, changed=519, unchanged=349, early_stops=8/8
26 - INFO - chord#: 86 In build_straw_man_chord_sa. tolerance = 1, sa_iterations = 1000, initial_temperature = 3.0, cooling_rate = 0.999
26 - INFO - chord#: 102 done. best_score=35.0, changed=530, unchanged=441, early_stops=8/8
26 - INFO - chord#: 104 In build_straw_man_chord_sa. tolerance = 1, sa_iterations = 1000, initial_temperature = 3.0, cooling_rate = 0.999
26 - INFO - chord#: 100 done. best_score=57.0, changed=520, unchanged=417, early_stops=8/8
26 - INFO - chord#: 102 In build_straw_man_chord_sa. tolerance = 1, sa_iterations = 1000, initial_temperature = 3.0, cooling_rate = 0.999
26 - INFO - chord#: 100 done. best_score=27.0, changed=527, unchanged=389, early_stops=8/8
26 - INFO - chord#: 102 In build_straw_man_chord_sa. tolerance = 1, sa_iterations = 1000, initial_temperature = 3.0, cooling_rate = 0.999
26 - INFO - chord#: 102 done. best_score=35.0, changed=522, unchanged=408, early_stops=8/8
26 - INFO - chord#: 104 In build_straw_man_chord_sa. tolerance = 1, sa_iterations = 1000, initial_temperature = 3.0, cooling_rate = 0.999
26 - INFO - chord#: 82 done. best_score=67.0, changed=611, unchanged=356, early_stops=8/8
26 - INFO - chord#: 84 In build_straw_man_chord_sa. tolerance = 1, sa_iterations = 1000, initial_temperature = 3.0, cooling_rate = 0.999
26 - INFO - chord#: 84 done. best_score=36.0, changed=528, unchanged=410, early_stops=8/8
26 - INFO - chord#: 86 In build_straw_man_chord_sa. tolerance = 1, sa_iterations = 1000, initial_temperature = 3.0, cooling_rate = 0.999
26 - INFO - chord#: 90 done. best_score=70.0, changed=614, unchanged=286, early_stops=8/8
26 - INFO - chord#: 92 In build_straw_man_chord_sa. tolerance = 1, sa_iterations = 1000, initial_temperature = 3.0, cooling_rate = 0.999
26 - INFO - chord#: 102 done. best_score=35.0, changed=527, unchanged=453, early_stops=8/8
26 - INFO - chord#: 104 In build_straw_man_chord_sa. tolerance = 1, sa_iterations = 1000, initial_temperature = 3.0, cooling_rate = 0.999
26 - INFO - chord#: 86 done. best_score=136.0, changed=613, unchanged=281, early_stops=8/8
26 - INFO - chord#: 88 In build_straw_man_chord_sa. tolerance = 1, sa_iterations = 1000, initial_temperature = 3.0, cooling_rate = 0.999
26 - INFO - chord#: 104 done. best_score=27.0, changed=521, unchanged=489, early_stops=8/8
26 - INFO - chord#: 106 In build_straw_man_chord_sa. tolerance = 1, sa_iterations = 1000, initial_temperature = 3.0, cooling_rate = 0.999
26 - INFO - chord#: 102 done. best_score=35.0, changed=520, unchanged=343, early_stops=8/8
26 - INFO - chord#: 104 In build_straw_man_chord_sa. tolerance = 1, sa_iterations = 1000, initial_temperature = 3.0, cooling_rate = 0.999
26 - INFO - chord#: 102 done. best_score=35.0, changed=527, unchanged=380, early_stops=8/8
26 - INFO - chord#: 104 In build_straw_man_chord_sa. tolerance = 1, sa_iterations = 1000, initial_temperature = 3.0, cooling_rate = 0.999
26 - INFO - chord#: 92 done. best_score=27.0, changed=515, unchanged=363, early_stops=8/8
26 - INFO - chord#: 96 In build_straw_man_chord_sa. tolerance = 1, sa_iterations = 1000, initial_temperature = 3.0, cooling_rate = 0.999
26 - INFO - chord#: 104 done. best_score=27.0, changed=511, unchanged=421, early_stops=8/8
26 - INFO - chord#: 106 In build_straw_man_chord_sa. tolerance = 1, sa_iterations = 1000, initial_temperature = 3.0, cooling_rate = 0.999
26 - INFO - chord#: 86 done. best_score=165.0, changed=609, unchanged=312, early_stops=8/8
26 - INFO - chord#: 88 In build_straw_man_chord_sa. tolerance = 1, sa_iterations = 1000, initial_temperature = 3.0, cooling_rate = 0.999
26 - INFO - chord#: 104 done. best_score=27.0, changed=519, unchanged=466, early_stops=8/8
26 - INFO - chord#: 106 In build_straw_man_chord_sa. tolerance = 1, sa_iterations = 1000, initial_temperature = 3.0, cooling_rate = 0.999
26 - INFO - chord#: 90 done. best_score=70.0, changed=609, unchanged=294, early_stops=8/8
26 - INFO - chord#: 92 In build_straw_man_chord_sa. tolerance = 1, sa_iterations = 1000, initial_temperature = 3.0, cooling_rate = 0.999
26 - INFO - chord#: 84 done. best_score=36.0, changed=513, unchanged=332, early_stops=8/8
26 - INFO - chord#: 86 In build_straw_man_chord_sa. tolerance = 1, sa_iterations = 1000, initial_temperature = 3.0, cooling_rate = 0.999
26 - INFO - chord#: 106 done. best_score=27.0, changed=522, unchanged=294, early_stops=8/8
26 - INFO - chord#: 108 In build_straw_man_chord_sa. tolerance = 1, sa_iterations = 1000, initial_temperature = 3.0, cooling_rate = 0.999
26 - INFO - chord#: 104 done. best_score=27.0, changed=523, unchanged=405, early_stops=8/8
26 - INFO - chord#: 106 In build_straw_man_chord_sa. tolerance = 1, sa_iterations = 1000, initial_temperature = 3.0, cooling_rate = 0.999
26 - INFO - chord#: 104 done. best_score=27.0, changed=516, unchanged=329, early_stops=8/8
26 - INFO - chord#: 106 In build_straw_man_chord_sa. tolerance = 1, sa_iterations = 1000, initial_temperature = 3.0, cooling_rate = 0.999
26 - INFO - chord#: 88 done. best_score=27.0, changed=516, unchanged=426, early_stops=8/8
26 - INFO - chord#: 90 In build_straw_man_chord_sa. tolerance = 1, sa_iterations = 1000, initial_temperature = 3.0, cooling_rate = 0.999
26 - INFO - chord#: 106 done. best_score=27.0, changed=524, unchanged=327, early_stops=8/8
26 - INFO - chord#: 108 In build_straw_man_chord_sa. tolerance = 1, sa_iterations = 1000, initial_temperature = 3.0, cooling_rate = 0.999
26 - INFO - chord#: 106 done. best_score=27.0, changed=521, unchanged=374, early_stops=8/8
26 - INFO - chord#: 108 In build_straw_man_chord_sa. tolerance = 1, sa_iterations = 1000, initial_temperature = 3.0, cooling_rate = 0.999
26 - INFO - chord#: 96 done. best_score=27.0, changed=519, unchanged=444, early_stops=8/8
26 - INFO - chord#: 98 In build_straw_man_chord_sa. tolerance = 1, sa_iterations = 1000, initial_temperature = 3.0, cooling_rate = 0.999
26 - INFO - chord#: 86 done. best_score=137.0, changed=611, unchanged=269, early_stops=8/8
26 - INFO - chord#: 88 In build_straw_man_chord_sa. tolerance = 1, sa_iterations = 1000, initial_temperature = 3.0, cooling_rate = 0.999
26 - INFO - chord#: 88 done. best_score=27.0, changed=512, unchanged=317, early_stops=8/8
26 - INFO - chord#: 90 In build_straw_man_chord_sa. tolerance = 1, sa_iterations = 1000, initial_temperature = 3.0, cooling_rate = 0.999
26 - INFO - chord#: 108 done. best_score=27.0, changed=520, unchanged=433, early_stops=8/8
26 - INFO - chord#: 110 In build_straw_man_chord_sa. tolerance = 1, sa_iterations = 1000, initial_temperature = 3.0, cooling_rate = 0.999
26 - INFO - chord#: 92 done. best_score=27.0, changed=523, unchanged=406, early_stops=8/8
26 - INFO - chord#: 96 In build_straw_man_chord_sa. tolerance = 1, sa_iterations = 1000, initial_temperature = 3.0, cooling_rate = 0.999
26 - INFO - chord#: 106 done. best_score=27.0, changed=520, unchanged=365, early_stops=8/8
26 - INFO - chord#: 108 In build_straw_man_chord_sa. tolerance = 1, sa_iterations = 1000, initial_temperature = 3.0, cooling_rate = 0.999
26 - INFO - chord#: 106 done. best_score=27.0, changed=536, unchanged=437, early_stops=8/8
26 - INFO - chord#: 108 In build_straw_man_chord_sa. tolerance = 1, sa_iterations = 1000, initial_temperature = 3.0, cooling_rate = 0.999
26 - INFO - chord#: 108 done. best_score=27.0, changed=519, unchanged=350, early_stops=8/8
26 - INFO - chord#: 110 In build_straw_man_chord_sa. tolerance = 1, sa_iterations = 1000, initial_temperature = 3.0, cooling_rate = 0.999
26 - INFO - chord#: 108 done. best_score=27.0, changed=517, unchanged=392, early_stops=8/8
26 - INFO - chord#: 110 In build_straw_man_chord_sa. tolerance = 1, sa_iterations = 1000, initial_temperature = 3.0, cooling_rate = 0.999
26 - INFO - chord#: 86 done. best_score=136.0, changed=610, unchanged=317, early_stops=8/8
26 - INFO - chord#: 88 In build_straw_man_chord_sa. tolerance = 1, sa_iterations = 1000, initial_temperature = 3.0, cooling_rate = 0.999
26 - INFO - chord#: 88 done. best_score=27.0, changed=524, unchanged=481, early_stops=8/8
26 - INFO - chord#: 90 In build_straw_man_chord_sa. tolerance = 1, sa_iterations = 1000, initial_temperature = 3.0, cooling_rate = 0.999
26 - INFO - chord#: 108 done. best_score=27.0, changed=516, unchanged=390, early_stops=8/8
26 - INFO - chord#: 110 In build_straw_man_chord_sa. tolerance = 1, sa_iterations = 1000, initial_temperature = 3.0, cooling_rate = 0.999
26 - INFO - chord#: 108 done. best_score=27.0, changed=516, unchanged=371, early_stops=8/8
26 - INFO - chord#: 110 In build_straw_man_chord_sa. tolerance = 1, sa_iterations = 1000, initial_temperature = 3.0, cooling_rate = 0.999
26 - INFO - chord#: 86 done. best_score=184.0, changed=610, unchanged=219, early_stops=8/8
26 - INFO - chord#: 88 In build_straw_man_chord_sa. tolerance = 1, sa_iterations = 1000, initial_temperature = 3.0, cooling_rate = 0.999
26 - INFO - chord#: 96 done. best_score=27.0, changed=525, unchanged=508, early_stops=8/8
26 - INFO - chord#: 98 In build_straw_man_chord_sa. tolerance = 1, sa_iterations = 1000, initial_temperature = 3.0, cooling_rate = 0.999
26 - INFO - chord#: 98 done. best_score=64.0, changed=611, unchanged=266, early_stops=8/8
26 - INFO - chord#: 100 In build_straw_man_chord_sa. tolerance = 1, sa_iterations = 1000, initial_temperature = 3.0, cooling_rate = 0.999
26 - INFO - chord#: 88 done. best_score=27.0, changed=526, unchanged=475, early_stops=8/8
26 - INFO - chord#: 90 In build_straw_man_chord_sa. tolerance = 1, sa_iterations = 1000, initial_temperature = 3.0, cooling_rate = 0.999
26 - INFO - chord#: 90 done. best_score=70.0, changed=610, unchanged=413, early_stops=8/8
26 - INFO - chord#: 92 In build_straw_man_chord_sa. tolerance = 1, sa_iterations = 1000, initial_temperature = 3.0, cooling_rate = 0.999
26 - INFO - chord#: 100 done. best_score=27.0, changed=520, unchanged=355, early_stops=8/8
26 - INFO - chord#: 102 In build_straw_man_chord_sa. tolerance = 1, sa_iterations = 1000, initial_temperature = 3.0, cooling_rate = 0.999
26 - INFO - chord#: 110 done. best_score=67.0, changed=610, unchanged=313, early_stops=8/8
26 - INFO - chord#: 112 In build_straw_man_chord_sa. tolerance = 1, sa_iterations = 1000, initial_temperature = 3.0, cooling_rate = 0.999
26 - INFO - chord#: 110 done. best_score=67.0, changed=617, unchanged=492, early_stops=8/8
26 - INFO - chord#: 112 In build_straw_man_chord_sa. tolerance = 1, sa_iterations = 1000, initial_temperature = 3.0, cooling_rate = 0.999
26 - INFO - chord#: 90 done. best_score=70.0, changed=607, unchanged=335, early_stops=8/8
26 - INFO - chord#: 92 In build_straw_man_chord_sa. tolerance = 1, sa_iterations = 1000, initial_temperature = 3.0, cooling_rate = 0.999
26 - INFO - chord#: 110 done. best_score=67.0, changed=610, unchanged=269, early_stops=8/8
26 - INFO - chord#: 112 In build_straw_man_chord_sa. tolerance = 1, sa_iterations = 1000, initial_temperature = 3.0, cooling_rate = 0.999
26 - INFO - chord#: 88 done. best_score=27.0, changed=518, unchanged=486, early_stops=8/8
26 - INFO - chord#: 90 In build_straw_man_chord_sa. tolerance = 1, sa_iterations = 1000, initial_temperature = 3.0, cooling_rate = 0.999
26 - INFO - chord#: 110 done. best_score=67.0, changed=608, unchanged=238, early_stops=8/8
26 - INFO - chord#: 112 In build_straw_man_chord_sa. tolerance = 1, sa_iterations = 1000, initial_temperature = 3.0, cooling_rate = 0.999
26 - INFO - chord#: 110 done. best_score=145.0, changed=608, unchanged=290, early_stops=8/8
26 - INFO - chord#: 112 In build_straw_man_chord_sa. tolerance = 1, sa_iterations = 1000, initial_temperature = 3.0, cooling_rate = 0.999
26 - INFO - chord#: 92 done. best_score=27.0, changed=521, unchanged=392, early_stops=8/8
26 - INFO - chord#: 96 In build_straw_man_chord_sa. tolerance = 1, sa_iterations = 1000, initial_temperature = 3.0, cooling_rate = 0.999
26 - INFO - chord#: 112 done. best_score=27.0, changed=519, unchanged=423, early_stops=8/8
26 - INFO - chord#: 114 In build_straw_man_chord_sa. tolerance = 1, sa_iterations = 1000, initial_temperature = 3.0, cooling_rate = 0.999
26 - INFO - chord#: 102 done. best_score=35.0, changed=524, unchanged=453, early_stops=8/8
26 - INFO - chord#: 112 done. best_score=27.0, changed=523, unchanged=378, early_stops=8/8
26 - INFO - chord#: 104 In build_straw_man_chord_sa. tolerance = 1, sa_iterations = 1000, initial_temperature = 3.0, cooling_rate = 0.999
26 - INFO - chord#: 114 In build_straw_man_chord_sa. tolerance = 1, sa_iterations = 1000, initial_temperature = 3.0, cooling_rate = 0.999
26 - INFO - chord#: 98 done. best_score=64.0, changed=607, unchanged=214, early_stops=8/8
26 - INFO - chord#: 100 In build_straw_man_chord_sa. tolerance = 1, sa_iterations = 1000, initial_temperature = 3.0, cooling_rate = 0.999
26 - INFO - chord#: 90 done. best_score=70.0, changed=610, unchanged=282, early_stops=8/8
26 - INFO - chord#: 92 In build_straw_man_chord_sa. tolerance = 1, sa_iterations = 1000, initial_temperature = 3.0, cooling_rate = 0.999
26 - INFO - chord#: 112 done. best_score=27.0, changed=517, unchanged=497, early_stops=8/8
26 - INFO - chord#: 114 In build_straw_man_chord_sa. tolerance = 1, sa_iterations = 1000, initial_temperature = 3.0, cooling_rate = 0.999
26 - INFO - chord#: 112 done. best_score=27.0, changed=529, unchanged=450, early_stops=8/8
26 - INFO - chord#: 114 In build_straw_man_chord_sa. tolerance = 1, sa_iterations = 1000, initial_temperature = 3.0, cooling_rate = 0.999
26 - INFO - chord#: 92 done. best_score=27.0, changed=522, unchanged=465, early_stops=8/8
26 - INFO - chord#: 96 In build_straw_man_chord_sa. tolerance = 1, sa_iterations = 1000, initial_temperature = 3.0, cooling_rate = 0.999
26 - INFO - chord#: 112 done. best_score=27.0, changed=530, unchanged=497, early_stops=8/8
26 - INFO - chord#: 114 In build_straw_man_chord_sa. tolerance = 1, sa_iterations = 1000, initial_temperature = 3.0, cooling_rate = 0.999
26 - INFO - chord#: 104 done. best_score=27.0, changed=514, unchanged=323, early_stops=8/8
26 - INFO - chord#: 106 In build_straw_man_chord_sa. tolerance = 1, sa_iterations = 1000, initial_temperature = 3.0, cooling_rate = 0.999
26 - INFO - chord#: 114 done. best_score=27.0, changed=524, unchanged=455, early_stops=8/8
26 - INFO - chord#: 116 In build_straw_man_chord_sa. tolerance = 1, sa_iterations = 1000, initial_temperature = 3.0, cooling_rate = 0.999
26 - INFO - chord#: 100 done. best_score=27.0, changed=519, unchanged=351, early_stops=8/8
26 - INFO - chord#: 102 In build_straw_man_chord_sa. tolerance = 1, sa_iterations = 1000, initial_temperature = 3.0, cooling_rate = 0.999
26 - INFO - chord#: 114 done. best_score=27.0, changed=521, unchanged=418, early_stops=8/8
26 - INFO - chord#: 116 In build_straw_man_chord_sa. tolerance = 1, sa_iterations = 1000, initial_temperature = 3.0, cooling_rate = 0.999
26 - INFO - chord#: 90 done. best_score=70.0, changed=614, unchanged=276, early_stops=8/8
26 - INFO - chord#: 92 In build_straw_man_chord_sa. tolerance = 1, sa_iterations = 1000, initial_temperature = 3.0, cooling_rate = 0.999
26 - INFO - chord#: 96 done. best_score=27.0, changed=525, unchanged=408, early_stops=8/8
26 - INFO - chord#: 98 In build_straw_man_chord_sa. tolerance = 1, sa_iterations = 1000, initial_temperature = 3.0, cooling_rate = 0.999
26 - INFO - chord#: 114 done. best_score=27.0, changed=524, unchanged=450, early_stops=8/8
26 - INFO - chord#: 116 In build_straw_man_chord_sa. tolerance = 1, sa_iterations = 1000, initial_temperature = 3.0, cooling_rate = 0.999
26 - INFO - chord#: 92 done. best_score=27.0, changed=520, unchanged=451, early_stops=8/8
26 - INFO - chord#: 96 In build_straw_man_chord_sa. tolerance = 1, sa_iterations = 1000, initial_temperature = 3.0, cooling_rate = 0.999
26 - INFO - chord#: 114 done. best_score=27.0, changed=520, unchanged=415, early_stops=8/8
26 - INFO - chord#: 116 In build_straw_man_chord_sa. tolerance = 1, sa_iterations = 1000, initial_temperature = 3.0, cooling_rate = 0.999
26 - INFO - chord#: 106 done. best_score=27.0, changed=525, unchanged=345, early_stops=8/8
26 - INFO - chord#: 108 In build_straw_man_chord_sa. tolerance = 1, sa_iterations = 1000, initial_temperature = 3.0, cooling_rate = 0.999
26 - INFO - chord#: 116 done. best_score=27.0, changed=514, unchanged=355, early_stops=8/8
26 - INFO - chord#: 118 In build_straw_man_chord_sa. tolerance = 1, sa_iterations = 1000, initial_temperature = 3.0, cooling_rate = 0.999
26 - INFO - chord#: 96 done. best_score=27.0, changed=526, unchanged=501, early_stops=8/8
26 - INFO - chord#: 98 In build_straw_man_chord_sa. tolerance = 1, sa_iterations = 1000, initial_temperature = 3.0, cooling_rate = 0.999
26 - INFO - chord#: 90 done. best_score=145.0, changed=614, unchanged=339, early_stops=8/8
26 - INFO - chord#: 92 In build_straw_man_chord_sa. tolerance = 1, sa_iterations = 1000, initial_temperature = 3.0, cooling_rate = 0.999
26 - INFO - chord#: 114 done. best_score=27.0, changed=522, unchanged=405, early_stops=8/8
26 - INFO - chord#: 116 In build_straw_man_chord_sa. tolerance = 1, sa_iterations = 1000, initial_temperature = 3.0, cooling_rate = 0.999
26 - INFO - chord#: 116 done. best_score=27.0, changed=526, unchanged=496, early_stops=8/8
26 - INFO - chord#: 118 In build_straw_man_chord_sa. tolerance = 1, sa_iterations = 1000, initial_temperature = 3.0, cooling_rate = 0.999
26 - INFO - chord#: 92 done. best_score=27.0, changed=525, unchanged=414, early_stops=8/8
26 - INFO - chord#: 96 In build_straw_man_chord_sa. tolerance = 1, sa_iterations = 1000, initial_temperature = 3.0, cooling_rate = 0.999
26 - INFO - chord#: 116 done. best_score=27.0, changed=538, unchanged=477, early_stops=8/8
26 - INFO - chord#: 118 In build_straw_man_chord_sa. tolerance = 1, sa_iterations = 1000, initial_temperature = 3.0, cooling_rate = 0.999
26 - INFO - chord#: 102 done. best_score=35.0, changed=526, unchanged=484, early_stops=8/8
26 - INFO - chord#: 104 In build_straw_man_chord_sa. tolerance = 1, sa_iterations = 1000, initial_temperature = 3.0, cooling_rate = 0.999
26 - INFO - chord#: 116 done. best_score=27.0, changed=520, unchanged=418, early_stops=8/8
26 - INFO - chord#: 118 In build_straw_man_chord_sa. tolerance = 1, sa_iterations = 1000, initial_temperature = 3.0, cooling_rate = 0.999
26 - INFO - chord#: 96 done. best_score=27.0, changed=520, unchanged=329, early_stops=8/8
26 - INFO - chord#: 98 In build_straw_man_chord_sa. tolerance = 1, sa_iterations = 1000, initial_temperature = 3.0, cooling_rate = 0.999
26 - INFO - chord#: 108 done. best_score=27.0, changed=513, unchanged=362, early_stops=8/8
26 - INFO - chord#: 110 In build_straw_man_chord_sa. tolerance = 1, sa_iterations = 1000, initial_temperature = 3.0, cooling_rate = 0.999
26 - INFO - chord#: 116 done. best_score=27.0, changed=522, unchanged=485, early_stops=8/8
26 - INFO - chord#: 118 In build_straw_man_chord_sa. tolerance = 1, sa_iterations = 1000, initial_temperature = 3.0, cooling_rate = 0.999
26 - INFO - chord#: 92 done. best_score=27.0, changed=538, unchanged=413, early_stops=8/8
26 - INFO - chord#: 96 In build_straw_man_chord_sa. tolerance = 1, sa_iterations = 1000, initial_temperature = 3.0, cooling_rate = 0.999
26 - INFO - chord#: 98 done. best_score=104.0, changed=613, unchanged=216, early_stops=8/8
26 - INFO - chord#: 100 In build_straw_man_chord_sa. tolerance = 1, sa_iterations = 1000, initial_temperature = 3.0, cooling_rate = 0.999
26 - INFO - chord#: 96 done. best_score=27.0, changed=526, unchanged=404, early_stops=8/8
26 - INFO - chord#: 98 In build_straw_man_chord_sa. tolerance = 1, sa_iterations = 1000, initial_temperature = 3.0, cooling_rate = 0.999
26 - INFO - chord#: 104 done. best_score=27.0, changed=518, unchanged=412, early_stops=8/8
26 - INFO - chord#: 106 In build_straw_man_chord_sa. tolerance = 1, sa_iterations = 1000, initial_temperature = 3.0, cooling_rate = 0.999
26 - INFO - chord#: 118 done. best_score=88.0, changed=613, unchanged=316, early_stops=8/8
26 - INFO - chord#: 120 In build_straw_man_chord_sa. tolerance = 1, sa_iterations = 1000, initial_temperature = 3.0, cooling_rate = 0.999
26 - INFO - chord#: 96 done. best_score=27.0, changed=534, unchanged=436, early_stops=8/8
26 - INFO - chord#: 98 In build_straw_man_chord_sa. tolerance = 1, sa_iterations = 1000, initial_temperature = 3.0, cooling_rate = 0.999
26 - INFO - chord#: 100 done. best_score=27.0, changed=522, unchanged=377, early_stops=8/8
26 - INFO - chord#: 102 In build_straw_man_chord_sa. tolerance = 1, sa_iterations = 1000, initial_temperature = 3.0, cooling_rate = 0.999
26 - INFO - chord#: 98 done. best_score=64.0, changed=614, unchanged=335, early_stops=8/8
26 - INFO - chord#: 100 In build_straw_man_chord_sa. tolerance = 1, sa_iterations = 1000, initial_temperature = 3.0, cooling_rate = 0.999
26 - INFO - chord#: 118 done. best_score=105.0, changed=610, unchanged=287, early_stops=8/8
26 - INFO - chord#: 120 In build_straw_man_chord_sa. tolerance = 1, sa_iterations = 1000, initial_temperature = 3.0, cooling_rate = 0.999
26 - INFO - chord#: 118 done. best_score=88.0, changed=608, unchanged=277, early_stops=8/8
26 - INFO - chord#: 120 In build_straw_man_chord_sa. tolerance = 1, sa_iterations = 1000, initial_temperature = 3.0, cooling_rate = 0.999
26 - INFO - chord#: 106 done. best_score=27.0, changed=521, unchanged=334, early_stops=8/8
26 - INFO - chord#: 118 done. best_score=105.0, changed=611, unchanged=388, early_stops=8/8
26 - INFO - chord#: 108 In build_straw_man_chord_sa. tolerance = 1, sa_iterations = 1000, initial_temperature = 3.0, cooling_rate = 0.999
26 - INFO - chord#: 120 In build_straw_man_chord_sa. tolerance = 1, sa_iterations = 1000, initial_temperature = 3.0, cooling_rate = 0.999
26 - INFO - chord#: 98 done. best_score=104.0, changed=609, unchanged=225, early_stops=8/8
26 - INFO - chord#: 100 In build_straw_man_chord_sa. tolerance = 1, sa_iterations = 1000, initial_temperature = 3.0, cooling_rate = 0.999
26 - INFO - chord#: 110 done. best_score=142.0, changed=611, unchanged=379, early_stops=8/8
26 - INFO - chord#: 112 In build_straw_man_chord_sa. tolerance = 1, sa_iterations = 1000, initial_temperature = 3.0, cooling_rate = 0.999
26 - INFO - chord#: 120 done. best_score=27.0, changed=538, unchanged=434, early_stops=8/8
26 - INFO - chord#: 122 In build_straw_man_chord_sa. tolerance = 1, sa_iterations = 1000, initial_temperature = 3.0, cooling_rate = 0.999
26 - INFO - chord#: 120 done. best_score=27.0, changed=534, unchanged=462, early_stops=8/8
26 - INFO - chord#: 122 In build_straw_man_chord_sa. tolerance = 1, sa_iterations = 1000, initial_temperature = 3.0, cooling_rate = 0.999
26 - INFO - chord#: 120 done. best_score=27.0, changed=520, unchanged=397, early_stops=8/8
26 - INFO - chord#: 122 In build_straw_man_chord_sa. tolerance = 1, sa_iterations = 1000, initial_temperature = 3.0, cooling_rate = 0.999
26 - INFO - chord#: 120 done. best_score=27.0, changed=522, unchanged=475, early_stops=8/8
26 - INFO - chord#: 122 In build_straw_man_chord_sa. tolerance = 1, sa_iterations = 1000, initial_temperature = 3.0, cooling_rate = 0.999
26 - INFO - chord#: 98 done. best_score=146.0, changed=609, unchanged=226, early_stops=8/8
26 - INFO - chord#: 100 In build_straw_man_chord_sa. tolerance = 1, sa_iterations = 1000, initial_temperature = 3.0, cooling_rate = 0.999
26 - INFO - chord#: 100 done. best_score=27.0, changed=522, unchanged=356, early_stops=8/8
26 - INFO - chord#: 118 done. best_score=88.0, changed=619, unchanged=468, early_stops=8/8
26 - INFO - chord#: 102 In build_straw_man_chord_sa. tolerance = 1, sa_iterations = 1000, initial_temperature = 3.0, cooling_rate = 0.999
26 - INFO - chord#: 120 In build_straw_man_chord_sa. tolerance = 1, sa_iterations = 1000, initial_temperature = 3.0, cooling_rate = 0.999
26 - INFO - chord#: 102 done. best_score=35.0, changed=527, unchanged=414, early_stops=8/8
26 - INFO - chord#: 104 In build_straw_man_chord_sa. tolerance = 1, sa_iterations = 1000, initial_temperature = 3.0, cooling_rate = 0.999
26 - INFO - chord#: 108 done. best_score=27.0, changed=515, unchanged=396, early_stops=8/8
26 - INFO - chord#: 110 In build_straw_man_chord_sa. tolerance = 1, sa_iterations = 1000, initial_temperature = 3.0, cooling_rate = 0.999
26 - INFO - chord#: 112 done. best_score=27.0, changed=518, unchanged=315, early_stops=8/8
26 - INFO - chord#: 114 In build_straw_man_chord_sa. tolerance = 1, sa_iterations = 1000, initial_temperature = 3.0, cooling_rate = 0.999
26 - INFO - chord#: 100 done. best_score=27.0, changed=523, unchanged=355, early_stops=8/8
26 - INFO - chord#: 102 In build_straw_man_chord_sa. tolerance = 1, sa_iterations = 1000, initial_temperature = 3.0, cooling_rate = 0.999
26 - INFO - chord#: 120 done. best_score=27.0, changed=526, unchanged=334, early_stops=8/8
26 - INFO - chord#: 122 In build_straw_man_chord_sa. tolerance = 1, sa_iterations = 1000, initial_temperature = 3.0, cooling_rate = 0.999
26 - INFO - chord#: 98 done. best_score=64.0, changed=608, unchanged=232, early_stops=8/8
26 - INFO - chord#: 100 In build_straw_man_chord_sa. tolerance = 1, sa_iterations = 1000, initial_temperature = 3.0, cooling_rate = 0.999
26 - INFO - chord#: 100 done. best_score=27.0, changed=532, unchanged=391, early_stops=8/8
26 - INFO - chord#: 102 In build_straw_man_chord_sa. tolerance = 1, sa_iterations = 1000, initial_temperature = 3.0, cooling_rate = 0.999
26 - INFO - chord#: 104 done. best_score=27.0, changed=517, unchanged=384, early_stops=8/8
26 - INFO - chord#: 106 In build_straw_man_chord_sa. tolerance = 1, sa_iterations = 1000, initial_temperature = 3.0, cooling_rate = 0.999
26 - INFO - chord#: 114 done. best_score=27.0, changed=527, unchanged=506, early_stops=8/8
26 - INFO - chord#: 116 In build_straw_man_chord_sa. tolerance = 1, sa_iterations = 1000, initial_temperature = 3.0, cooling_rate = 0.999
26 - INFO - chord#: 102 done. best_score=35.0, changed=521, unchanged=479, early_stops=8/8
26 - INFO - chord#: 104 In build_straw_man_chord_sa. tolerance = 1, sa_iterations = 1000, initial_temperature = 3.0, cooling_rate = 0.999
26 - INFO - chord#: 122 done. best_score=137.0, changed=609, unchanged=252, early_stops=8/8
26 - INFO - chord#: 124 In build_straw_man_chord_sa. tolerance = 1, sa_iterations = 1000, initial_temperature = 3.0, cooling_rate = 0.999
26 - INFO - chord#: 102 done. best_score=35.0, changed=522, unchanged=363, early_stops=8/8
26 - INFO - chord#: 104 In build_straw_man_chord_sa. tolerance = 1, sa_iterations = 1000, initial_temperature = 3.0, cooling_rate = 0.999
26 - INFO - chord#: 122 done. best_score=67.0, changed=610, unchanged=273, early_stops=8/8
26 - INFO - chord#: 124 In build_straw_man_chord_sa. tolerance = 1, sa_iterations = 1000, initial_temperature = 3.0, cooling_rate = 0.999
26 - INFO - chord#: 122 done. best_score=125.0, changed=614, unchanged=319, early_stops=8/8
26 - INFO - chord#: 124 In build_straw_man_chord_sa. tolerance = 1, sa_iterations = 1000, initial_temperature = 3.0, cooling_rate = 0.999
26 - INFO - chord#: 100 done. best_score=27.0, changed=519, unchanged=420, early_stops=8/8
26 - INFO - chord#: 102 In build_straw_man_chord_sa. tolerance = 1, sa_iterations = 1000, initial_temperature = 3.0, cooling_rate = 0.999
26 - INFO - chord#: 106 done. best_score=27.0, changed=530, unchanged=310, early_stops=8/8
26 - INFO - chord#: 108 In build_straw_man_chord_sa. tolerance = 1, sa_iterations = 1000, initial_temperature = 3.0, cooling_rate = 0.999
26 - INFO - chord#: 122 done. best_score=140.0, changed=618, unchanged=614, early_stops=8/8
26 - INFO - chord#: 124 In build_straw_man_chord_sa. tolerance = 1, sa_iterations = 1000, initial_temperature = 3.0, cooling_rate = 0.999
26 - INFO - chord#: 116 done. best_score=27.0, changed=530, unchanged=422, early_stops=8/8
26 - INFO - chord#: 118 In build_straw_man_chord_sa. tolerance = 1, sa_iterations = 1000, initial_temperature = 3.0, cooling_rate = 0.999
26 - INFO - chord#: 102 done. best_score=35.0, changed=526, unchanged=425, early_stops=8/8
26 - INFO - chord#: 104 In build_straw_man_chord_sa. tolerance = 1, sa_iterations = 1000, initial_temperature = 3.0, cooling_rate = 0.999
26 - INFO - chord#: 104 done. best_score=27.0, changed=528, unchanged=480, early_stops=8/8
26 - INFO - chord#: 106 In build_straw_man_chord_sa. tolerance = 1, sa_iterations = 1000, initial_temperature = 3.0, cooling_rate = 0.999
26 - INFO - chord#: 110 done. best_score=67.0, changed=614, unchanged=263, early_stops=8/8
26 - INFO - chord#: 112 In build_straw_man_chord_sa. tolerance = 1, sa_iterations = 1000, initial_temperature = 3.0, cooling_rate = 0.999
26 - INFO - chord#: 122 done. best_score=145.0, changed=612, unchanged=286, early_stops=8/8
26 - INFO - chord#: 124 In build_straw_man_chord_sa. tolerance = 1, sa_iterations = 1000, initial_temperature = 3.0, cooling_rate = 0.999
26 - INFO - chord#: 124 done. best_score=27.0, changed=520, unchanged=417, early_stops=8/8
26 - INFO - chord#: 128 In build_straw_man_chord_sa. tolerance = 1, sa_iterations = 1000, initial_temperature = 3.0, cooling_rate = 0.999
26 - INFO - chord#: 124 done. best_score=27.0, changed=522, unchanged=383, early_stops=8/8
26 - INFO - chord#: 128 In build_straw_man_chord_sa. tolerance = 1, sa_iterations = 1000, initial_temperature = 3.0, cooling_rate = 0.999
26 - INFO - chord#: 104 done. best_score=27.0, changed=515, unchanged=402, early_stops=8/8
26 - INFO - chord#: 106 In build_straw_man_chord_sa. tolerance = 1, sa_iterations = 1000, initial_temperature = 3.0, cooling_rate = 0.999
26 - INFO - chord#: 124 done. best_score=27.0, changed=521, unchanged=464, early_stops=8/8
26 - INFO - chord#: 128 In build_straw_man_chord_sa. tolerance = 1, sa_iterations = 1000, initial_temperature = 3.0, cooling_rate = 0.999
26 - INFO - chord#: 124 done. best_score=27.0, changed=526, unchanged=458, early_stops=8/8
26 - INFO - chord#: 128 In build_straw_man_chord_sa. tolerance = 1, sa_iterations = 1000, initial_temperature = 3.0, cooling_rate = 0.999
26 - INFO - chord#: 102 done. best_score=35.0, changed=522, unchanged=450, early_stops=8/8
26 - INFO - chord#: 104 In build_straw_man_chord_sa. tolerance = 1, sa_iterations = 1000, initial_temperature = 3.0, cooling_rate = 0.999
26 - INFO - chord#: 108 done. best_score=27.0, changed=521, unchanged=411, early_stops=8/8
26 - INFO - chord#: 110 In build_straw_man_chord_sa. tolerance = 1, sa_iterations = 1000, initial_temperature = 3.0, cooling_rate = 0.999
26 - INFO - chord#: 104 done. best_score=27.0, changed=530, unchanged=372, early_stops=8/8
26 - INFO - chord#: 106 In build_straw_man_chord_sa. tolerance = 1, sa_iterations = 1000, initial_temperature = 3.0, cooling_rate = 0.999
26 - INFO - chord#: 124 done. best_score=27.0, changed=520, unchanged=341, early_stops=8/8
26 - INFO - chord#: 128 In build_straw_man_chord_sa. tolerance = 1, sa_iterations = 1000, initial_temperature = 3.0, cooling_rate = 0.999
26 - INFO - chord#: 106 done. best_score=27.0, changed=530, unchanged=417, early_stops=8/8
26 - INFO - chord#: 108 In build_straw_man_chord_sa. tolerance = 1, sa_iterations = 1000, initial_temperature = 3.0, cooling_rate = 0.999
26 - INFO - chord#: 106 done. best_score=27.0, changed=533, unchanged=424, early_stops=8/8
26 - INFO - chord#: 108 In build_straw_man_chord_sa. tolerance = 1, sa_iterations = 1000, initial_temperature = 3.0, cooling_rate = 0.999
26 - INFO - chord#: 112 done. best_score=27.0, changed=514, unchanged=624, early_stops=8/8
26 - INFO - chord#: 114 In build_straw_man_chord_sa. tolerance = 1, sa_iterations = 1000, initial_temperature = 3.0, cooling_rate = 0.999
26 - INFO - chord#: 118 done. best_score=132.0, changed=607, unchanged=277, early_stops=8/8
26 - INFO - chord#: 120 In build_straw_man_chord_sa. tolerance = 1, sa_iterations = 1000, initial_temperature = 3.0, cooling_rate = 0.999
26 - INFO - chord#: 106 done. best_score=27.0, changed=524, unchanged=353, early_stops=8/8
26 - INFO - chord#: 108 In build_straw_man_chord_sa. tolerance = 1, sa_iterations = 1000, initial_temperature = 3.0, cooling_rate = 0.999
26 - INFO - chord#: 104 done. best_score=27.0, changed=528, unchanged=523, early_stops=8/8
26 - INFO - chord#: 106 In build_straw_man_chord_sa. tolerance = 1, sa_iterations = 1000, initial_temperature = 3.0, cooling_rate = 0.999
26 - INFO - chord#: 108 done. best_score=27.0, changed=517, unchanged=334, early_stops=8/8
26 - INFO - chord#: 110 In build_straw_man_chord_sa. tolerance = 1, sa_iterations = 1000, initial_temperature = 3.0, cooling_rate = 0.999
26 - INFO - chord#: 128 done. best_score=140.0, changed=608, unchanged=245, early_stops=8/8
26 - INFO - chord#: 132 In build_straw_man_chord_sa. tolerance = 1, sa_iterations = 1000, initial_temperature = 3.0, cooling_rate = 0.999
26 - INFO - chord#: 128 done. best_score=140.0, changed=616, unchanged=364, early_stops=8/8
26 - INFO - chord#: 132 In build_straw_man_chord_sa. tolerance = 1, sa_iterations = 1000, initial_temperature = 3.0, cooling_rate = 0.999
26 - INFO - chord#: 128 done. best_score=140.0, changed=618, unchanged=361, early_stops=8/8
26 - INFO - chord#: 132 In build_straw_man_chord_sa. tolerance = 1, sa_iterations = 1000, initial_temperature = 3.0, cooling_rate = 0.999
26 - INFO - chord#: 128 done. best_score=145.0, changed=607, unchanged=219, early_stops=8/8
26 - INFO - chord#: 132 In build_straw_man_chord_sa. tolerance = 1, sa_iterations = 1000, initial_temperature = 3.0, cooling_rate = 0.999
26 - INFO - chord#: 120 done. best_score=27.0, changed=516, unchanged=312, early_stops=8/8
26 - INFO - chord#: 122 In build_straw_man_chord_sa. tolerance = 1, sa_iterations = 1000, initial_temperature = 3.0, cooling_rate = 0.999
26 - INFO - chord#: 108 done. best_score=27.0, changed=519, unchanged=371, early_stops=8/8
26 - INFO - chord#: 110 In build_straw_man_chord_sa. tolerance = 1, sa_iterations = 1000, initial_temperature = 3.0, cooling_rate = 0.999
26 - INFO - chord#: 114 done. best_score=27.0, changed=521, unchanged=340, early_stops=8/8
26 - INFO - chord#: 116 In build_straw_man_chord_sa. tolerance = 1, sa_iterations = 1000, initial_temperature = 3.0, cooling_rate = 0.999
26 - INFO - chord#: 128 done. best_score=140.0, changed=614, unchanged=321, early_stops=8/8
26 - INFO - chord#: 132 In build_straw_man_chord_sa. tolerance = 1, sa_iterations = 1000, initial_temperature = 3.0, cooling_rate = 0.999
26 - INFO - chord#: 106 done. best_score=27.0, changed=514, unchanged=299, early_stops=8/8
26 - INFO - chord#: 108 In build_straw_man_chord_sa. tolerance = 1, sa_iterations = 1000, initial_temperature = 3.0, cooling_rate = 0.999
26 - INFO - chord#: 108 done. best_score=27.0, changed=518, unchanged=385, early_stops=8/8
26 - INFO - chord#: 110 In build_straw_man_chord_sa. tolerance = 1, sa_iterations = 1000, initial_temperature = 3.0, cooling_rate = 0.999
26 - INFO - chord#: 110 done. best_score=67.0, changed=613, unchanged=300, early_stops=8/8
26 - INFO - chord#: 112 In build_straw_man_chord_sa. tolerance = 1, sa_iterations = 1000, initial_temperature = 3.0, cooling_rate = 0.999
26 - INFO - chord#: 132 done. best_score=27.0, changed=517, unchanged=318, early_stops=8/8
26 - INFO - chord#: 136 In build_straw_man_chord_sa. tolerance = 1, sa_iterations = 1000, initial_temperature = 3.0, cooling_rate = 0.999
26 - INFO - chord#: 132 done. best_score=27.0, changed=517, unchanged=374, early_stops=8/8
26 - INFO - chord#: 136 In build_straw_man_chord_sa. tolerance = 1, sa_iterations = 1000, initial_temperature = 3.0, cooling_rate = 0.999
26 - INFO - chord#: 132 done. best_score=27.0, changed=528, unchanged=489, early_stops=8/8
26 - INFO - chord#: 136 In build_straw_man_chord_sa. tolerance = 1, sa_iterations = 1000, initial_temperature = 3.0, cooling_rate = 0.999
26 - INFO - chord#: 132 done. best_score=27.0, changed=518, unchanged=365, early_stops=8/8
26 - INFO - chord#: 136 In build_straw_man_chord_sa. tolerance = 1, sa_iterations = 1000, initial_temperature = 3.0, cooling_rate = 0.999
26 - INFO - chord#: 116 done. best_score=27.0, changed=518, unchanged=355, early_stops=8/8
26 - INFO - chord#: 118 In build_straw_man_chord_sa. tolerance = 1, sa_iterations = 1000, initial_temperature = 3.0, cooling_rate = 0.999
26 - INFO - chord#: 132 done. best_score=27.0, changed=528, unchanged=431, early_stops=8/8
26 - INFO - chord#: 136 In build_straw_man_chord_sa. tolerance = 1, sa_iterations = 1000, initial_temperature = 3.0, cooling_rate = 0.999
26 - INFO - chord#: 136 done. best_score=27.0, changed=520, unchanged=313, early_stops=8/8
26 - INFO - chord#: 138 In build_straw_man_chord_sa. tolerance = 1, sa_iterations = 1000, initial_temperature = 3.0, cooling_rate = 0.999
26 - INFO - chord#: 136 done. best_score=27.0, changed=520, unchanged=430, early_stops=8/8
26 - INFO - chord#: 138 In build_straw_man_chord_sa. tolerance = 1, sa_iterations = 1000, initial_temperature = 3.0, cooling_rate = 0.999
26 - INFO - chord#: 136 done. best_score=27.0, changed=521, unchanged=393, early_stops=8/8
26 - INFO - chord#: 138 In build_straw_man_chord_sa. tolerance = 1, sa_iterations = 1000, initial_temperature = 3.0, cooling_rate = 0.999
26 - INFO - chord#: 136 done. best_score=27.0, changed=526, unchanged=448, early_stops=8/8
26 - INFO - chord#: 138 In build_straw_man_chord_sa. tolerance = 1, sa_iterations = 1000, initial_temperature = 3.0, cooling_rate = 0.999
26 - INFO - chord#: 108 done. best_score=27.0, changed=523, unchanged=456, early_stops=8/8
26 - INFO - chord#: 110 In build_straw_man_chord_sa. tolerance = 1, sa_iterations = 1000, initial_temperature = 3.0, cooling_rate = 0.999
26 - INFO - chord#: 122 done. best_score=137.0, changed=614, unchanged=330, early_stops=8/8
26 - INFO - chord#: 124 In build_straw_man_chord_sa. tolerance = 1, sa_iterations = 1000, initial_temperature = 3.0, cooling_rate = 0.999
26 - INFO - chord#: 112 done. best_score=27.0, changed=521, unchanged=342, early_stops=8/8
26 - INFO - chord#: 114 In build_straw_man_chord_sa. tolerance = 1, sa_iterations = 1000, initial_temperature = 3.0, cooling_rate = 0.999
26 - INFO - chord#: 110 done. best_score=67.0, changed=609, unchanged=257, early_stops=8/8
26 - INFO - chord#: 112 In build_straw_man_chord_sa. tolerance = 1, sa_iterations = 1000, initial_temperature = 3.0, cooling_rate = 0.999
26 - INFO - chord#: 110 done. best_score=137.0, changed=607, unchanged=245, early_stops=8/8
26 - INFO - chord#: 112 In build_straw_man_chord_sa. tolerance = 1, sa_iterations = 1000, initial_temperature = 3.0, cooling_rate = 0.999
26 - INFO - chord#: 136 done. best_score=27.0, changed=520, unchanged=436, early_stops=8/8
26 - INFO - chord#: 138 In build_straw_man_chord_sa. tolerance = 1, sa_iterations = 1000, initial_temperature = 3.0, cooling_rate = 0.999
26 - INFO - chord#: 124 done. best_score=27.0, changed=520, unchanged=512, early_stops=8/8
26 - INFO - chord#: 128 In build_straw_man_chord_sa. tolerance = 1, sa_iterations = 1000, initial_temperature = 3.0, cooling_rate = 0.999
26 - INFO - chord#: 114 done. best_score=27.0, changed=517, unchanged=392, early_stops=8/8
26 - INFO - chord#: 110 done. best_score=67.0, changed=609, unchanged=262, early_stops=8/8
26 - INFO - chord#: 112 In build_straw_man_chord_sa. tolerance = 1, sa_iterations = 1000, initial_temperature = 3.0, cooling_rate = 0.999
26 - INFO - chord#: 116 In build_straw_man_chord_sa. tolerance = 1, sa_iterations = 1000, initial_temperature = 3.0, cooling_rate = 0.999
26 - INFO - chord#: 112 done. best_score=27.0, changed=522, unchanged=423, early_stops=8/8
26 - INFO - chord#: 114 In build_straw_man_chord_sa. tolerance = 1, sa_iterations = 1000, initial_temperature = 3.0, cooling_rate = 0.999
26 - INFO - chord#: 138 done. best_score=137.0, changed=607, unchanged=241, early_stops=8/8
26 - INFO - chord#: 140 In build_straw_man_chord_sa. tolerance = 1, sa_iterations = 1000, initial_temperature = 3.0, cooling_rate = 0.999
26 - INFO - chord#: 138 done. best_score=78.0, changed=608, unchanged=247, early_stops=8/8
26 - INFO - chord#: 140 In build_straw_man_chord_sa. tolerance = 1, sa_iterations = 1000, initial_temperature = 3.0, cooling_rate = 0.999
26 - INFO - chord#: 138 done. best_score=125.0, changed=610, unchanged=259, early_stops=8/8
26 - INFO - chord#: 140 In build_straw_man_chord_sa. tolerance = 1, sa_iterations = 1000, initial_temperature = 3.0, cooling_rate = 0.999
26 - INFO - chord#: 112 done. best_score=27.0, changed=523, unchanged=571, early_stops=8/8
26 - INFO - chord#: 114 In build_straw_man_chord_sa. tolerance = 1, sa_iterations = 1000, initial_temperature = 3.0, cooling_rate = 0.999
26 - INFO - chord#: 138 done. best_score=67.0, changed=613, unchanged=367, early_stops=8/8
26 - INFO - chord#: 140 In build_straw_man_chord_sa. tolerance = 1, sa_iterations = 1000, initial_temperature = 3.0, cooling_rate = 0.999
26 - INFO - chord#: 118 done. best_score=163.0, changed=614, unchanged=367, early_stops=8/8
26 - INFO - chord#: 120 In build_straw_man_chord_sa. tolerance = 1, sa_iterations = 1000, initial_temperature = 3.0, cooling_rate = 0.999
26 - INFO - chord#: 116 done. best_score=27.0, changed=521, unchanged=433, early_stops=8/8
26 - INFO - chord#: 118 In build_straw_man_chord_sa. tolerance = 1, sa_iterations = 1000, initial_temperature = 3.0, cooling_rate = 0.999
26 - INFO - chord#: 138 done. best_score=137.0, changed=607, unchanged=211, early_stops=8/8
26 - INFO - chord#: 140 In build_straw_man_chord_sa. tolerance = 1, sa_iterations = 1000, initial_temperature = 3.0, cooling_rate = 0.999
26 - INFO - chord#: 140 done. best_score=61.0, changed=522, unchanged=318, early_stops=8/8
26 - INFO - chord#: 142 In build_straw_man_chord_sa. tolerance = 1, sa_iterations = 1000, initial_temperature = 3.0, cooling_rate = 0.999
26 - INFO - chord#: 140 done. best_score=61.0, changed=532, unchanged=365, early_stops=8/8
26 - INFO - chord#: 114 done. best_score=27.0, changed=532, unchanged=423, early_stops=8/8
26 - INFO - chord#: 142 In build_straw_man_chord_sa. tolerance = 1, sa_iterations = 1000, initial_temperature = 3.0, cooling_rate = 0.999
26 - INFO - chord#: 116 In build_straw_man_chord_sa. tolerance = 1, sa_iterations = 1000, initial_temperature = 3.0, cooling_rate = 0.999
26 - INFO - chord#: 112 done. best_score=27.0, changed=529, unchanged=591, early_stops=8/8
26 - INFO - chord#: 114 In build_straw_man_chord_sa. tolerance = 1, sa_iterations = 1000, initial_temperature = 3.0, cooling_rate = 0.999
26 - INFO - chord#: 140 done. best_score=61.0, changed=525, unchanged=332, early_stops=8/8
26 - INFO - chord#: 142 In build_straw_man_chord_sa. tolerance = 1, sa_iterations = 1000, initial_temperature = 3.0, cooling_rate = 0.999
26 - INFO - chord#: 110 done. best_score=67.0, changed=610, unchanged=374, early_stops=8/8
26 - INFO - chord#: 112 In build_straw_man_chord_sa. tolerance = 1, sa_iterations = 1000, initial_temperature = 3.0, cooling_rate = 0.999
26 - INFO - chord#: 140 done. best_score=61.0, changed=535, unchanged=282, early_stops=8/8
26 - INFO - chord#: 142 In build_straw_man_chord_sa. tolerance = 1, sa_iterations = 1000, initial_temperature = 3.0, cooling_rate = 0.999
26 - INFO - chord#: 128 done. best_score=140.0, changed=614, unchanged=300, early_stops=8/8
26 - INFO - chord#: 132 In build_straw_man_chord_sa. tolerance = 1, sa_iterations = 1000, initial_temperature = 3.0, cooling_rate = 0.999
26 - INFO - chord#: 114 done. best_score=27.0, changed=522, unchanged=396, early_stops=8/8
26 - INFO - chord#: 116 In build_straw_man_chord_sa. tolerance = 1, sa_iterations = 1000, initial_temperature = 3.0, cooling_rate = 0.999
26 - INFO - chord#: 120 done. best_score=27.0, changed=521, unchanged=375, early_stops=8/8
26 - INFO - chord#: 122 In build_straw_man_chord_sa. tolerance = 1, sa_iterations = 1000, initial_temperature = 3.0, cooling_rate = 0.999
26 - INFO - chord#: 140 done. best_score=61.0, changed=530, unchanged=285, early_stops=8/8
26 - INFO - chord#: 142 In build_straw_man_chord_sa. tolerance = 1, sa_iterations = 1000, initial_temperature = 3.0, cooling_rate = 0.999
26 - INFO - chord#: 142 done. best_score=62.0, changed=531, unchanged=380, early_stops=8/8
26 - INFO - chord#: 144 In build_straw_man_chord_sa. tolerance = 1, sa_iterations = 1000, initial_temperature = 3.0, cooling_rate = 0.999
26 - INFO - chord#: 142 done. best_score=47.0, changed=518, unchanged=331, early_stops=8/8
26 - INFO - chord#: 144 In build_straw_man_chord_sa. tolerance = 1, sa_iterations = 1000, initial_temperature = 3.0, cooling_rate = 0.999
26 - INFO - chord#: 142 done. best_score=47.0, changed=533, unchanged=466, early_stops=8/8
26 - INFO - chord#: 144 In build_straw_man_chord_sa. tolerance = 1, sa_iterations = 1000, initial_temperature = 3.0, cooling_rate = 0.999
26 - INFO - chord#: 116 done. best_score=27.0, changed=528, unchanged=482, early_stops=8/8
26 - INFO - chord#: 118 In build_straw_man_chord_sa. tolerance = 1, sa_iterations = 1000, initial_temperature = 3.0, cooling_rate = 0.999
26 - INFO - chord#: 142 done. best_score=47.0, changed=519, unchanged=375, early_stops=8/8
26 - INFO - chord#: 144 In build_straw_man_chord_sa. tolerance = 1, sa_iterations = 1000, initial_temperature = 3.0, cooling_rate = 0.999
26 - INFO - chord#: 114 done. best_score=27.0, changed=528, unchanged=401, early_stops=8/8
26 - INFO - chord#: 116 In build_straw_man_chord_sa. tolerance = 1, sa_iterations = 1000, initial_temperature = 3.0, cooling_rate = 0.999
26 - INFO - chord#: 132 done. best_score=27.0, changed=521, unchanged=526, early_stops=8/8
26 - INFO - chord#: 136 In build_straw_man_chord_sa. tolerance = 1, sa_iterations = 1000, initial_temperature = 3.0, cooling_rate = 0.999
26 - INFO - chord#: 112 done. best_score=27.0, changed=531, unchanged=574, early_stops=8/8
26 - INFO - chord#: 114 In build_straw_man_chord_sa. tolerance = 1, sa_iterations = 1000, initial_temperature = 3.0, cooling_rate = 0.999
26 - INFO - chord#: 142 done. best_score=62.0, changed=535, unchanged=453, early_stops=8/8
26 - INFO - chord#: 144 In build_straw_man_chord_sa. tolerance = 1, sa_iterations = 1000, initial_temperature = 3.0, cooling_rate = 0.999
26 - INFO - chord#: 144 done. best_score=27.0, changed=515, unchanged=340, early_stops=8/8
26 - INFO - chord#: 146 In build_straw_man_chord_sa. tolerance = 1, sa_iterations = 1000, initial_temperature = 3.0, cooling_rate = 0.999
26 - INFO - chord#: 116 done. best_score=27.0, changed=525, unchanged=571, early_stops=8/8
26 - INFO - chord#: 118 In build_straw_man_chord_sa. tolerance = 1, sa_iterations = 1000, initial_temperature = 3.0, cooling_rate = 0.999
26 - INFO - chord#: 144 done. best_score=27.0, changed=515, unchanged=466, early_stops=8/8
26 - INFO - chord#: 146 In build_straw_man_chord_sa. tolerance = 1, sa_iterations = 1000, initial_temperature = 3.0, cooling_rate = 0.999
26 - INFO - chord#: 118 done. best_score=132.0, changed=609, unchanged=286, early_stops=8/8
26 - INFO - chord#: 120 In build_straw_man_chord_sa. tolerance = 1, sa_iterations = 1000, initial_temperature = 3.0, cooling_rate = 0.999
26 - INFO - chord#: 144 done. best_score=27.0, changed=523, unchanged=593, early_stops=8/8
26 - INFO - chord#: 146 In build_straw_man_chord_sa. tolerance = 1, sa_iterations = 1000, initial_temperature = 3.0, cooling_rate = 0.999
26 - INFO - chord#: 144 done. best_score=27.0, changed=522, unchanged=396, early_stops=8/8
26 - INFO - chord#: 146 In build_straw_man_chord_sa. tolerance = 1, sa_iterations = 1000, initial_temperature = 3.0, cooling_rate = 0.999
26 - INFO - chord#: 136 done. best_score=27.0, changed=526, unchanged=433, early_stops=8/8
26 - INFO - chord#: 138 In build_straw_man_chord_sa. tolerance = 1, sa_iterations = 1000, initial_temperature = 3.0, cooling_rate = 0.999
26 - INFO - chord#: 144 done. best_score=27.0, changed=522, unchanged=370, early_stops=8/8
26 - INFO - chord#: 146 In build_straw_man_chord_sa. tolerance = 1, sa_iterations = 1000, initial_temperature = 3.0, cooling_rate = 0.999
26 - INFO - chord#: 116 done. best_score=27.0, changed=523, unchanged=481, early_stops=8/8
26 - INFO - chord#: 118 In build_straw_man_chord_sa. tolerance = 1, sa_iterations = 1000, initial_temperature = 3.0, cooling_rate = 0.999
26 - INFO - chord#: 114 done. best_score=27.0, changed=515, unchanged=385, early_stops=8/8
26 - INFO - chord#: 116 In build_straw_man_chord_sa. tolerance = 1, sa_iterations = 1000, initial_temperature = 3.0, cooling_rate = 0.999
26 - INFO - chord#: 120 done. best_score=27.0, changed=518, unchanged=344, early_stops=8/8
26 - INFO - chord#: 122 In build_straw_man_chord_sa. tolerance = 1, sa_iterations = 1000, initial_temperature = 3.0, cooling_rate = 0.999
26 - INFO - chord#: 122 done. best_score=67.0, changed=612, unchanged=337, early_stops=8/8
26 - INFO - chord#: 124 In build_straw_man_chord_sa. tolerance = 1, sa_iterations = 1000, initial_temperature = 3.0, cooling_rate = 0.999
26 - INFO - chord#: 146 done. best_score=64.0, changed=611, unchanged=235, early_stops=8/8
26 - INFO - chord#: 148 In build_straw_man_chord_sa. tolerance = 1, sa_iterations = 1000, initial_temperature = 3.0, cooling_rate = 0.999
26 - INFO - chord#: 146 done. best_score=71.0, changed=614, unchanged=263, early_stops=8/8
26 - INFO - chord#: 148 In build_straw_man_chord_sa. tolerance = 1, sa_iterations = 1000, initial_temperature = 3.0, cooling_rate = 0.999
26 - INFO - chord#: 118 done. best_score=88.0, changed=613, unchanged=304, early_stops=8/8
26 - INFO - chord#: 120 In build_straw_man_chord_sa. tolerance = 1, sa_iterations = 1000, initial_temperature = 3.0, cooling_rate = 0.999
26 - INFO - chord#: 116 done. best_score=27.0, changed=522, unchanged=370, early_stops=8/8
26 - INFO - chord#: 118 In build_straw_man_chord_sa. tolerance = 1, sa_iterations = 1000, initial_temperature = 3.0, cooling_rate = 0.999
26 - INFO - chord#: 146 done. best_score=155.0, changed=607, unchanged=268, early_stops=8/8
26 - INFO - chord#: 148 In build_straw_man_chord_sa. tolerance = 1, sa_iterations = 1000, initial_temperature = 3.0, cooling_rate = 0.999
26 - INFO - chord#: 138 done. best_score=67.0, changed=613, unchanged=249, early_stops=8/8
26 - INFO - chord#: 140 In build_straw_man_chord_sa. tolerance = 1, sa_iterations = 1000, initial_temperature = 3.0, cooling_rate = 0.999
26 - INFO - chord#: 118 done. best_score=105.0, changed=610, unchanged=226, early_stops=8/8
26 - INFO - chord#: 120 In build_straw_man_chord_sa. tolerance = 1, sa_iterations = 1000, initial_temperature = 3.0, cooling_rate = 0.999
26 - INFO - chord#: 146 done. best_score=125.0, changed=612, unchanged=329, early_stops=8/8
26 - INFO - chord#: 148 In build_straw_man_chord_sa. tolerance = 1, sa_iterations = 1000, initial_temperature = 3.0, cooling_rate = 0.999
26 - INFO - chord#: 146 done. best_score=64.0, changed=612, unchanged=315, early_stops=8/8
26 - INFO - chord#: 148 In build_straw_man_chord_sa. tolerance = 1, sa_iterations = 1000, initial_temperature = 3.0, cooling_rate = 0.999
26 - INFO - chord#: 124 done. best_score=27.0, changed=525, unchanged=497, early_stops=8/8
26 - INFO - chord#: 128 In build_straw_man_chord_sa. tolerance = 1, sa_iterations = 1000, initial_temperature = 3.0, cooling_rate = 0.999
26 - INFO - chord#: 120 done. best_score=27.0, changed=531, unchanged=460, early_stops=8/8
26 - INFO - chord#: 122 In build_straw_man_chord_sa. tolerance = 1, sa_iterations = 1000, initial_temperature = 3.0, cooling_rate = 0.999
26 - INFO - chord#: 120 done. best_score=27.0, changed=532, unchanged=356, early_stops=8/8
26 - INFO - chord#: 122 In build_straw_man_chord_sa. tolerance = 1, sa_iterations = 1000, initial_temperature = 3.0, cooling_rate = 0.999
26 - INFO - chord#: 140 done. best_score=61.0, changed=540, unchanged=327, early_stops=8/8
26 - INFO - chord#: 142 In build_straw_man_chord_sa. tolerance = 1, sa_iterations = 1000, initial_temperature = 3.0, cooling_rate = 0.999
26 - INFO - chord#: 122 done. best_score=125.0, changed=610, unchanged=226, early_stops=8/8
26 - INFO - chord#: 124 In build_straw_man_chord_sa. tolerance = 1, sa_iterations = 1000, initial_temperature = 3.0, cooling_rate = 0.999
26 - INFO - chord#: 118 done. best_score=88.0, changed=610, unchanged=381, early_stops=8/8
26 - INFO - chord#: 120 In build_straw_man_chord_sa. tolerance = 1, sa_iterations = 1000, initial_temperature = 3.0, cooling_rate = 0.999
26 - INFO - chord#: 148 done. best_score=119.0, changed=608, unchanged=229, early_stops=8/8
26 - INFO - chord#: 150 In build_straw_man_chord_sa. tolerance = 1, sa_iterations = 1000, initial_temperature = 3.0, cooling_rate = 0.999
26 - INFO - chord#: 148 done. best_score=166.0, changed=610, unchanged=263, early_stops=8/8
26 - INFO - chord#: 150 In build_straw_man_chord_sa. tolerance = 1, sa_iterations = 1000, initial_temperature = 3.0, cooling_rate = 0.999
26 - INFO - chord#: 142 done. best_score=47.0, changed=504, unchanged=308, early_stops=8/8
26 - INFO - chord#: 144 In build_straw_man_chord_sa. tolerance = 1, sa_iterations = 1000, initial_temperature = 3.0, cooling_rate = 0.999
26 - INFO - chord#: 148 done. best_score=78.0, changed=615, unchanged=466, early_stops=8/8
26 - INFO - chord#: 150 In build_straw_man_chord_sa. tolerance = 1, sa_iterations = 1000, initial_temperature = 3.0, cooling_rate = 0.999
26 - INFO - chord#: 148 done. best_score=67.0, changed=616, unchanged=261, early_stops=8/8
26 - INFO - chord#: 150 In build_straw_man_chord_sa. tolerance = 1, sa_iterations = 1000, initial_temperature = 3.0, cooling_rate = 0.999
26 - INFO - chord#: 148 done. best_score=119.0, changed=610, unchanged=232, early_stops=8/8
26 - INFO - chord#: 150 In build_straw_man_chord_sa. tolerance = 1, sa_iterations = 1000, initial_temperature = 3.0, cooling_rate = 0.999
26 - INFO - chord#: 150 done. best_score=47.0, changed=522, unchanged=337, early_stops=8/8
26 - INFO - chord#: 152 In build_straw_man_chord_sa. tolerance = 1, sa_iterations = 1000, initial_temperature = 3.0, cooling_rate = 0.999
26 - INFO - chord#: 150 done. best_score=36.0, changed=516, unchanged=398, early_stops=8/8
26 - INFO - chord#: 152 In build_straw_man_chord_sa. tolerance = 1, sa_iterations = 1000, initial_temperature = 3.0, cooling_rate = 0.999
26 - INFO - chord#: 120 done. best_score=27.0, changed=531, unchanged=448, early_stops=8/8
26 - INFO - chord#: 122 In build_straw_man_chord_sa. tolerance = 1, sa_iterations = 1000, initial_temperature = 3.0, cooling_rate = 0.999
26 - INFO - chord#: 118 done. best_score=145.0, changed=611, unchanged=350, early_stops=8/8
26 - INFO - chord#: 120 In build_straw_man_chord_sa. tolerance = 1, sa_iterations = 1000, initial_temperature = 3.0, cooling_rate = 0.999
26 - INFO - chord#: 124 done. best_score=27.0, changed=521, unchanged=418, early_stops=8/8
26 - INFO - chord#: 128 In build_straw_man_chord_sa. tolerance = 1, sa_iterations = 1000, initial_temperature = 3.0, cooling_rate = 0.999
26 - INFO - chord#: 144 done. best_score=27.0, changed=532, unchanged=528, early_stops=8/8
26 - INFO - chord#: 146 In build_straw_man_chord_sa. tolerance = 1, sa_iterations = 1000, initial_temperature = 3.0, cooling_rate = 0.999
26 - INFO - chord#: 150 done. best_score=47.0, changed=537, unchanged=365, early_stops=8/8
26 - INFO - chord#: 152 In build_straw_man_chord_sa. tolerance = 1, sa_iterations = 1000, initial_temperature = 3.0, cooling_rate = 0.999
26 - INFO - chord#: 150 done. best_score=47.0, changed=526, unchanged=406, early_stops=8/8
26 - INFO - chord#: 152 In build_straw_man_chord_sa. tolerance = 1, sa_iterations = 1000, initial_temperature = 3.0, cooling_rate = 0.999
26 - INFO - chord#: 150 done. best_score=36.0, changed=537, unchanged=397, early_stops=8/8
26 - INFO - chord#: 152 In build_straw_man_chord_sa. tolerance = 1, sa_iterations = 1000, initial_temperature = 3.0, cooling_rate = 0.999
26 - INFO - chord#: 128 done. best_score=140.0, changed=613, unchanged=365, early_stops=8/8
26 - INFO - chord#: 132 In build_straw_man_chord_sa. tolerance = 1, sa_iterations = 1000, initial_temperature = 3.0, cooling_rate = 0.999
26 - INFO - chord#: 122 done. best_score=67.0, changed=608, unchanged=220, early_stops=8/8
26 - INFO - chord#: 124 In build_straw_man_chord_sa. tolerance = 1, sa_iterations = 1000, initial_temperature = 3.0, cooling_rate = 0.999
26 - INFO - chord#: 152 done. best_score=27.0, changed=523, unchanged=649, early_stops=8/8
26 - INFO - chord#: 154 In build_straw_man_chord_sa. tolerance = 1, sa_iterations = 1000, initial_temperature = 3.0, cooling_rate = 0.999
26 - INFO - chord#: 152 done. best_score=27.0, changed=518, unchanged=442, early_stops=8/8
26 - INFO - chord#: 154 In build_straw_man_chord_sa. tolerance = 1, sa_iterations = 1000, initial_temperature = 3.0, cooling_rate = 0.999
26 - INFO - chord#: 120 done. best_score=27.0, changed=522, unchanged=358, early_stops=8/8
26 - INFO - chord#: 122 In build_straw_man_chord_sa. tolerance = 1, sa_iterations = 1000, initial_temperature = 3.0, cooling_rate = 0.999
26 - INFO - chord#: 122 done. best_score=137.0, changed=617, unchanged=366, early_stops=8/8
26 - INFO - chord#: 124 In build_straw_man_chord_sa. tolerance = 1, sa_iterations = 1000, initial_temperature = 3.0, cooling_rate = 0.999
26 - INFO - chord#: 152 done. best_score=27.0, changed=526, unchanged=405, early_stops=8/8
26 - INFO - chord#: 154 In build_straw_man_chord_sa. tolerance = 1, sa_iterations = 1000, initial_temperature = 3.0, cooling_rate = 0.999
26 - INFO - chord#: 152 done. best_score=27.0, changed=515, unchanged=436, early_stops=8/8
26 - INFO - chord#: 154 In build_straw_man_chord_sa. tolerance = 1, sa_iterations = 1000, initial_temperature = 3.0, cooling_rate = 0.999
26 - INFO - chord#: 152 done. best_score=27.0, changed=521, unchanged=474, early_stops=8/8
26 - INFO - chord#: 154 In build_straw_man_chord_sa. tolerance = 1, sa_iterations = 1000, initial_temperature = 3.0, cooling_rate = 0.999
26 - INFO - chord#: 132 done. best_score=27.0, changed=521, unchanged=359, early_stops=8/8
26 - INFO - chord#: 136 In build_straw_man_chord_sa. tolerance = 1, sa_iterations = 1000, initial_temperature = 3.0, cooling_rate = 0.999
26 - INFO - chord#: 124 done. best_score=27.0, changed=513, unchanged=360, early_stops=8/8
26 - INFO - chord#: 128 In build_straw_man_chord_sa. tolerance = 1, sa_iterations = 1000, initial_temperature = 3.0, cooling_rate = 0.999
26 - INFO - chord#: 146 done. best_score=64.0, changed=609, unchanged=275, early_stops=8/8
26 - INFO - chord#: 148 In build_straw_man_chord_sa. tolerance = 1, sa_iterations = 1000, initial_temperature = 3.0, cooling_rate = 0.999
26 - INFO - chord#: 128 done. best_score=142.0, changed=613, unchanged=321, early_stops=8/8
26 - INFO - chord#: 132 In build_straw_man_chord_sa. tolerance = 1, sa_iterations = 1000, initial_temperature = 3.0, cooling_rate = 0.999
26 - INFO - chord#: 124 done. best_score=27.0, changed=529, unchanged=510, early_stops=8/8
26 - INFO - chord#: 128 In build_straw_man_chord_sa. tolerance = 1, sa_iterations = 1000, initial_temperature = 3.0, cooling_rate = 0.999
26 - INFO - chord#: 122 done. best_score=137.0, changed=615, unchanged=420, early_stops=8/8
26 - INFO - chord#: 124 In build_straw_man_chord_sa. tolerance = 1, sa_iterations = 1000, initial_temperature = 3.0, cooling_rate = 0.999
26 - INFO - chord#: 136 done. best_score=27.0, changed=520, unchanged=354, early_stops=8/8
26 - INFO - chord#: 138 In build_straw_man_chord_sa. tolerance = 1, sa_iterations = 1000, initial_temperature = 3.0, cooling_rate = 0.999
26 - INFO - chord#: 154 done. best_score=67.0, changed=611, unchanged=315, early_stops=8/8
26 - INFO - chord#: 156 In build_straw_man_chord_sa. tolerance = 1, sa_iterations = 1000, initial_temperature = 3.0, cooling_rate = 0.999
26 - INFO - chord#: 154 done. best_score=67.0, changed=613, unchanged=350, early_stops=8/8
26 - INFO - chord#: 156 In build_straw_man_chord_sa. tolerance = 1, sa_iterations = 1000, initial_temperature = 3.0, cooling_rate = 0.999
26 - INFO - chord#: 154 done. best_score=96.0, changed=619, unchanged=553, early_stops=8/8
26 - INFO - chord#: 156 In build_straw_man_chord_sa. tolerance = 1, sa_iterations = 1000, initial_temperature = 3.0, cooling_rate = 0.999
26 - INFO - chord#: 154 done. best_score=145.0, changed=612, unchanged=331, early_stops=8/8
26 - INFO - chord#: 156 In build_straw_man_chord_sa. tolerance = 1, sa_iterations = 1000, initial_temperature = 3.0, cooling_rate = 0.999
26 - INFO - chord#: 132 done. best_score=27.0, changed=519, unchanged=371, early_stops=8/8
26 - INFO - chord#: 136 In build_straw_man_chord_sa. tolerance = 1, sa_iterations = 1000, initial_temperature = 3.0, cooling_rate = 0.999
26 - INFO - chord#: 154 done. best_score=67.0, changed=613, unchanged=385, early_stops=8/8
26 - INFO - chord#: 156 In build_straw_man_chord_sa. tolerance = 1, sa_iterations = 1000, initial_temperature = 3.0, cooling_rate = 0.999
26 - INFO - chord#: 122 done. best_score=125.0, changed=617, unchanged=417, early_stops=8/8
26 - INFO - chord#: 124 In build_straw_man_chord_sa. tolerance = 1, sa_iterations = 1000, initial_temperature = 3.0, cooling_rate = 0.999
26 - INFO - chord#: 156 done. best_score=27.0, changed=534, unchanged=427, early_stops=8/8
26 - INFO - chord#: 124 done. best_score=27.0, changed=525, unchanged=436, early_stops=8/8
26 - INFO - chord#: 128 In build_straw_man_chord_sa. tolerance = 1, sa_iterations = 1000, initial_temperature = 3.0, cooling_rate = 0.999
26 - INFO - chord#: 148 done. best_score=67.0, changed=613, unchanged=279, early_stops=8/8
26 - INFO - chord#: 150 In build_straw_man_chord_sa. tolerance = 1, sa_iterations = 1000, initial_temperature = 3.0, cooling_rate = 0.999
26 - INFO - chord#: 156 done. best_score=27.0, changed=519, unchanged=399, early_stops=8/8
26 - INFO - chord#: 156 done. best_score=27.0, changed=521, unchanged=472, early_stops=8/8
26 - INFO - chord#: 156 done. best_score=27.0, changed=527, unchanged=423, early_stops=8/8
26 - INFO - chord#: 128 done. best_score=140.0, changed=615, unchanged=381, early_stops=8/8
26 - INFO - chord#: 132 In build_straw_man_chord_sa. tolerance = 1, sa_iterations = 1000, initial_temperature = 3.0, cooling_rate = 0.999
26 - INFO - chord#: 136 done. best_score=27.0, changed=519, unchanged=448, early_stops=8/8
26 - INFO - chord#: 138 In build_straw_man_chord_sa. tolerance = 1, sa_iterations = 1000, initial_temperature = 3.0, cooling_rate = 0.999
26 - INFO - chord#: 156 done. best_score=27.0, changed=517, unchanged=425, early_stops=8/8
26 - INFO - chord#: 124 done. best_score=27.0, changed=515, unchanged=402, early_stops=8/8
26 - INFO - chord#: 128 In build_straw_man_chord_sa. tolerance = 1, sa_iterations = 1000, initial_temperature = 3.0, cooling_rate = 0.999
26 - INFO - chord#: 150 done. best_score=36.0, changed=522, unchanged=424, early_stops=8/8
26 - INFO - chord#: 152 In build_straw_man_chord_sa. tolerance = 1, sa_iterations = 1000, initial_temperature = 3.0, cooling_rate = 0.999
26 - INFO - chord#: 138 done. best_score=67.0, changed=613, unchanged=355, early_stops=8/8
26 - INFO - chord#: 140 In build_straw_man_chord_sa. tolerance = 1, sa_iterations = 1000, initial_temperature = 3.0, cooling_rate = 0.999
26 - INFO - chord#: 128 done. best_score=142.0, changed=615, unchanged=303, early_stops=8/8
26 - INFO - chord#: 132 In build_straw_man_chord_sa. tolerance = 1, sa_iterations = 1000, initial_temperature = 3.0, cooling_rate = 0.999
26 - INFO - chord#: 128 done. best_score=140.0, changed=610, unchanged=213, early_stops=8/8
26 - INFO - chord#: 132 In build_straw_man_chord_sa. tolerance = 1, sa_iterations = 1000, initial_temperature = 3.0, cooling_rate = 0.999
26 - INFO - chord#: 132 done. best_score=27.0, changed=535, unchanged=520, early_stops=8/8
26 - INFO - chord#: 136 In build_straw_man_chord_sa. tolerance = 1, sa_iterations = 1000, initial_temperature = 3.0, cooling_rate = 0.999
26 - INFO - chord#: 152 done. best_score=27.0, changed=511, unchanged=328, early_stops=8/8
26 - INFO - chord#: 154 In build_straw_man_chord_sa. tolerance = 1, sa_iterations = 1000, initial_temperature = 3.0, cooling_rate = 0.999
26 - INFO - chord#: 140 done. best_score=61.0, changed=539, unchanged=370, early_stops=8/8
26 - INFO - chord#: 142 In build_straw_man_chord_sa. tolerance = 1, sa_iterations = 1000, initial_temperature = 3.0, cooling_rate = 0.999
26 - INFO - chord#: 132 done. best_score=27.0, changed=513, unchanged=379, early_stops=8/8
26 - INFO - chord#: 136 In build_straw_man_chord_sa. tolerance = 1, sa_iterations = 1000, initial_temperature = 3.0, cooling_rate = 0.999
26 - INFO - chord#: 138 done. best_score=67.0, changed=609, unchanged=231, early_stops=8/8
26 - INFO - chord#: 140 In build_straw_man_chord_sa. tolerance = 1, sa_iterations = 1000, initial_temperature = 3.0, cooling_rate = 0.999
26 - INFO - chord#: 132 done. best_score=27.0, changed=518, unchanged=347, early_stops=8/8
26 - INFO - chord#: 136 In build_straw_man_chord_sa. tolerance = 1, sa_iterations = 1000, initial_temperature = 3.0, cooling_rate = 0.999
26 - INFO - chord#: 136 done. best_score=27.0, changed=535, unchanged=428, early_stops=8/8
26 - INFO - chord#: 138 In build_straw_man_chord_sa. tolerance = 1, sa_iterations = 1000, initial_temperature = 3.0, cooling_rate = 0.999
26 - INFO - chord#: 136 done. best_score=27.0, changed=524, unchanged=378, early_stops=8/8
26 - INFO - chord#: 138 In build_straw_man_chord_sa. tolerance = 1, sa_iterations = 1000, initial_temperature = 3.0, cooling_rate = 0.999
26 - INFO - chord#: 142 done. best_score=47.0, changed=530, unchanged=303, early_stops=8/8
26 - INFO - chord#: 144 In build_straw_man_chord_sa. tolerance = 1, sa_iterations = 1000, initial_temperature = 3.0, cooling_rate = 0.999
26 - INFO - chord#: 128 done. best_score=142.0, changed=614, unchanged=417, early_stops=8/8
26 - INFO - chord#: 132 In build_straw_man_chord_sa. tolerance = 1, sa_iterations = 1000, initial_temperature = 3.0, cooling_rate = 0.999
26 - INFO - chord#: 136 done. best_score=27.0, changed=523, unchanged=328, early_stops=8/8
26 - INFO - chord#: 138 In build_straw_man_chord_sa. tolerance = 1, sa_iterations = 1000, initial_temperature = 3.0, cooling_rate = 0.999
26 - INFO - chord#: 140 done. best_score=61.0, changed=519, unchanged=349, early_stops=8/8
26 - INFO - chord#: 142 In build_straw_man_chord_sa. tolerance = 1, sa_iterations = 1000, initial_temperature = 3.0, cooling_rate = 0.999
26 - INFO - chord#: 154 done. best_score=67.0, changed=619, unchanged=284, early_stops=8/8
26 - INFO - chord#: 156 In build_straw_man_chord_sa. tolerance = 1, sa_iterations = 1000, initial_temperature = 3.0, cooling_rate = 0.999
26 - INFO - chord#: 142 done. best_score=47.0, changed=524, unchanged=304, early_stops=8/8
26 - INFO - chord#: 144 In build_straw_man_chord_sa. tolerance = 1, sa_iterations = 1000, initial_temperature = 3.0, cooling_rate = 0.999
26 - INFO - chord#: 132 done. best_score=27.0, changed=520, unchanged=418, early_stops=8/8
26 - INFO - chord#: 136 In build_straw_man_chord_sa. tolerance = 1, sa_iterations = 1000, initial_temperature = 3.0, cooling_rate = 0.999
26 - INFO - chord#: 144 done. best_score=27.0, changed=518, unchanged=364, early_stops=8/8
26 - INFO - chord#: 146 In build_straw_man_chord_sa. tolerance = 1, sa_iterations = 1000, initial_temperature = 3.0, cooling_rate = 0.999
26 - INFO - chord#: 138 done. best_score=125.0, changed=614, unchanged=347, early_stops=8/8
26 - INFO - chord#: 140 In build_straw_man_chord_sa. tolerance = 1, sa_iterations = 1000, initial_temperature = 3.0, cooling_rate = 0.999
26 - INFO - chord#: 144 done. best_score=27.0, changed=519, unchanged=364, early_stops=8/8
26 - INFO - chord#: 146 In build_straw_man_chord_sa. tolerance = 1, sa_iterations = 1000, initial_temperature = 3.0, cooling_rate = 0.999
26 - INFO - chord#: 156 done. best_score=27.0, changed=523, unchanged=367, early_stops=8/8
26 - INFO - chord#: 136 done. best_score=27.0, changed=527, unchanged=338, early_stops=8/8
26 - INFO - chord#: 138 In build_straw_man_chord_sa. tolerance = 1, sa_iterations = 1000, initial_temperature = 3.0, cooling_rate = 0.999
26 - INFO - chord#: 138 done. best_score=67.0, changed=618, unchanged=429, early_stops=8/8
26 - INFO - chord#: 140 In build_straw_man_chord_sa. tolerance = 1, sa_iterations = 1000, initial_temperature = 3.0, cooling_rate = 0.999
26 - INFO - chord#: 138 done. best_score=125.0, changed=608, unchanged=260, early_stops=8/8
26 - INFO - chord#: 140 In build_straw_man_chord_sa. tolerance = 1, sa_iterations = 1000, initial_temperature = 3.0, cooling_rate = 0.999
26 - INFO - chord#: 140 done. best_score=61.0, changed=527, unchanged=369, early_stops=8/8
26 - INFO - chord#: 142 In build_straw_man_chord_sa. tolerance = 1, sa_iterations = 1000, initial_temperature = 3.0, cooling_rate = 0.999
26 - INFO - chord#: 140 done. best_score=61.0, changed=535, unchanged=357, early_stops=8/8
26 - INFO - chord#: 142 In build_straw_man_chord_sa. tolerance = 1, sa_iterations = 1000, initial_temperature = 3.0, cooling_rate = 0.999
26 - INFO - chord#: 140 done. best_score=61.0, changed=530, unchanged=311, early_stops=8/8
26 - INFO - chord#: 142 In build_straw_man_chord_sa. tolerance = 1, sa_iterations = 1000, initial_temperature = 3.0, cooling_rate = 0.999
26 - INFO - chord#: 142 done. best_score=74.0, changed=534, unchanged=317, early_stops=8/8
26 - INFO - chord#: 144 In build_straw_man_chord_sa. tolerance = 1, sa_iterations = 1000, initial_temperature = 3.0, cooling_rate = 0.999
26 - INFO - chord#: 146 done. best_score=104.0, changed=615, unchanged=285, early_stops=8/8
26 - INFO - chord#: 148 In build_straw_man_chord_sa. tolerance = 1, sa_iterations = 1000, initial_temperature = 3.0, cooling_rate = 0.999
26 - INFO - chord#: 142 done. best_score=62.0, changed=532, unchanged=367, early_stops=8/8
26 - INFO - chord#: 144 In build_straw_man_chord_sa. tolerance = 1, sa_iterations = 1000, initial_temperature = 3.0, cooling_rate = 0.999
26 - INFO - chord#: 146 done. best_score=125.0, changed=616, unchanged=538, early_stops=8/8
26 - INFO - chord#: 148 In build_straw_man_chord_sa. tolerance = 1, sa_iterations = 1000, initial_temperature = 3.0, cooling_rate = 0.999
26 - INFO - chord#: 138 done. best_score=96.0, changed=615, unchanged=352, early_stops=8/8
26 - INFO - chord#: 140 In build_straw_man_chord_sa. tolerance = 1, sa_iterations = 1000, initial_temperature = 3.0, cooling_rate = 0.999
26 - INFO - chord#: 142 done. best_score=62.0, changed=534, unchanged=537, early_stops=8/8
26 - INFO - chord#: 144 In build_straw_man_chord_sa. tolerance = 1, sa_iterations = 1000, initial_temperature = 3.0, cooling_rate = 0.999
26 - INFO - chord#: 144 done. best_score=36.0, changed=519, unchanged=486, early_stops=8/8
26 - INFO - chord#: 146 In build_straw_man_chord_sa. tolerance = 1, sa_iterations = 1000, initial_temperature = 3.0, cooling_rate = 0.999
26 - INFO - chord#: 144 done. best_score=27.0, changed=525, unchanged=430, early_stops=8/8
26 - INFO - chord#: 146 In build_straw_man_chord_sa. tolerance = 1, sa_iterations = 1000, initial_temperature = 3.0, cooling_rate = 0.999
26 - INFO - chord#: 140 done. best_score=61.0, changed=527, unchanged=339, early_stops=8/8
26 - INFO - chord#: 142 In build_straw_man_chord_sa. tolerance = 1, sa_iterations = 1000, initial_temperature = 3.0, cooling_rate = 0.999
26 - INFO - chord#: 144 done. best_score=27.0, changed=514, unchanged=340, early_stops=8/8
26 - INFO - chord#: 146 In build_straw_man_chord_sa. tolerance = 1, sa_iterations = 1000, initial_temperature = 3.0, cooling_rate = 0.999
26 - INFO - chord#: 142 done. best_score=47.0, changed=526, unchanged=310, early_stops=8/8
26 - INFO - chord#: 144 In build_straw_man_chord_sa. tolerance = 1, sa_iterations = 1000, initial_temperature = 3.0, cooling_rate = 0.999
26 - INFO - chord#: 148 done. best_score=119.0, changed=611, unchanged=274, early_stops=8/8
26 - INFO - chord#: 150 In build_straw_man_chord_sa. tolerance = 1, sa_iterations = 1000, initial_temperature = 3.0, cooling_rate = 0.999
26 - INFO - chord#: 148 done. best_score=137.0, changed=615, unchanged=437, early_stops=8/8
26 - INFO - chord#: 150 In build_straw_man_chord_sa. tolerance = 1, sa_iterations = 1000, initial_temperature = 3.0, cooling_rate = 0.999
26 - INFO - chord#: 146 done. best_score=64.0, changed=612, unchanged=326, early_stops=8/8
26 - INFO - chord#: 148 In build_straw_man_chord_sa. tolerance = 1, sa_iterations = 1000, initial_temperature = 3.0, cooling_rate = 0.999
26 - INFO - chord#: 150 done. best_score=47.0, changed=520, unchanged=321, early_stops=8/8
26 - INFO - chord#: 152 In build_straw_man_chord_sa. tolerance = 1, sa_iterations = 1000, initial_temperature = 3.0, cooling_rate = 0.999
26 - INFO - chord#: 144 done. best_score=27.0, changed=524, unchanged=448, early_stops=8/8
26 - INFO - chord#: 146 In build_straw_man_chord_sa. tolerance = 1, sa_iterations = 1000, initial_temperature = 3.0, cooling_rate = 0.999
26 - INFO - chord#: 146 done. best_score=64.0, changed=608, unchanged=236, early_stops=8/8
26 - INFO - chord#: 148 In build_straw_man_chord_sa. tolerance = 1, sa_iterations = 1000, initial_temperature = 3.0, cooling_rate = 0.999
26 - INFO - chord#: 146 done. best_score=112.0, changed=616, unchanged=438, early_stops=8/8
26 - INFO - chord#: 148 In build_straw_man_chord_sa. tolerance = 1, sa_iterations = 1000, initial_temperature = 3.0, cooling_rate = 0.999
26 - INFO - chord#: 150 done. best_score=36.0, changed=523, unchanged=340, early_stops=8/8
26 - INFO - chord#: 152 In build_straw_man_chord_sa. tolerance = 1, sa_iterations = 1000, initial_temperature = 3.0, cooling_rate = 0.999
26 - INFO - chord#: 152 done. best_score=27.0, changed=527, unchanged=465, early_stops=8/8
26 - INFO - chord#: 154 In build_straw_man_chord_sa. tolerance = 1, sa_iterations = 1000, initial_temperature = 3.0, cooling_rate = 0.999
26 - INFO - chord#: 152 done. best_score=27.0, changed=524, unchanged=389, early_stops=8/8
26 - INFO - chord#: 154 In build_straw_man_chord_sa. tolerance = 1, sa_iterations = 1000, initial_temperature = 3.0, cooling_rate = 0.999
26 - INFO - chord#: 146 done. best_score=172.0, changed=607, unchanged=248, early_stops=8/8
26 - INFO - chord#: 148 In build_straw_man_chord_sa. tolerance = 1, sa_iterations = 1000, initial_temperature = 3.0, cooling_rate = 0.999
26 - INFO - chord#: 148 done. best_score=78.0, changed=611, unchanged=319, early_stops=8/8
26 - INFO - chord#: 150 In build_straw_man_chord_sa. tolerance = 1, sa_iterations = 1000, initial_temperature = 3.0, cooling_rate = 0.999
26 - INFO - chord#: 148 done. best_score=67.0, changed=613, unchanged=401, early_stops=8/8
26 - INFO - chord#: 150 In build_straw_man_chord_sa. tolerance = 1, sa_iterations = 1000, initial_temperature = 3.0, cooling_rate = 0.999
26 - INFO - chord#: 148 done. best_score=137.0, changed=612, unchanged=372, early_stops=8/8
26 - INFO - chord#: 150 In build_straw_man_chord_sa. tolerance = 1, sa_iterations = 1000, initial_temperature = 3.0, cooling_rate = 0.999
26 - INFO - chord#: 150 done. best_score=47.0, changed=519, unchanged=320, early_stops=8/8
26 - INFO - chord#: 152 In build_straw_man_chord_sa. tolerance = 1, sa_iterations = 1000, initial_temperature = 3.0, cooling_rate = 0.999
26 - INFO - chord#: 154 done. best_score=96.0, changed=617, unchanged=324, early_stops=8/8
26 - INFO - chord#: 156 In build_straw_man_chord_sa. tolerance = 1, sa_iterations = 1000, initial_temperature = 3.0, cooling_rate = 0.999
26 - INFO - chord#: 154 done. best_score=67.0, changed=609, unchanged=221, early_stops=8/8
26 - INFO - chord#: 156 In build_straw_man_chord_sa. tolerance = 1, sa_iterations = 1000, initial_temperature = 3.0, cooling_rate = 0.999
26 - INFO - chord#: 150 done. best_score=36.0, changed=520, unchanged=370, early_stops=8/8
26 - INFO - chord#: 152 In build_straw_man_chord_sa. tolerance = 1, sa_iterations = 1000, initial_temperature = 3.0, cooling_rate = 0.999
26 - INFO - chord#: 150 done. best_score=36.0, changed=523, unchanged=336, early_stops=8/8
26 - INFO - chord#: 152 In build_straw_man_chord_sa. tolerance = 1, sa_iterations = 1000, initial_temperature = 3.0, cooling_rate = 0.999
26 - INFO - chord#: 152 done. best_score=27.0, changed=516, unchanged=397, early_stops=8/8
26 - INFO - chord#: 154 In build_straw_man_chord_sa. tolerance = 1, sa_iterations = 1000, initial_temperature = 3.0, cooling_rate = 0.999
26 - INFO - chord#: 156 done. best_score=27.0, changed=511, unchanged=310, early_stops=8/8
26 - INFO - chord#: 156 done. best_score=27.0, changed=517, unchanged=396, early_stops=8/8
26 - INFO - chord#: 152 done. best_score=27.0, changed=516, unchanged=386, early_stops=8/8
26 - INFO - chord#: 154 In build_straw_man_chord_sa. tolerance = 1, sa_iterations = 1000, initial_temperature = 3.0, cooling_rate = 0.999
26 - INFO - chord#: 148 done. best_score=119.0, changed=615, unchanged=514, early_stops=8/8
26 - INFO - chord#: 150 In build_straw_man_chord_sa. tolerance = 1, sa_iterations = 1000, initial_temperature = 3.0, cooling_rate = 0.999
26 - INFO - chord#: 152 done. best_score=27.0, changed=526, unchanged=495, early_stops=8/8
26 - INFO - chord#: 154 In build_straw_man_chord_sa. tolerance = 1, sa_iterations = 1000, initial_temperature = 3.0, cooling_rate = 0.999
26 - INFO - chord#: 150 done. best_score=47.0, changed=529, unchanged=430, early_stops=8/8
26 - INFO - chord#: 152 In build_straw_man_chord_sa. tolerance = 1, sa_iterations = 1000, initial_temperature = 3.0, cooling_rate = 0.999
26 - INFO - chord#: 154 done. best_score=67.0, changed=616, unchanged=325, early_stops=8/8
26 - INFO - chord#: 156 In build_straw_man_chord_sa. tolerance = 1, sa_iterations = 1000, initial_temperature = 3.0, cooling_rate = 0.999
26 - INFO - chord#: 152 done. best_score=27.0, changed=520, unchanged=475, early_stops=8/8
26 - INFO - chord#: 154 In build_straw_man_chord_sa. tolerance = 1, sa_iterations = 1000, initial_temperature = 3.0, cooling_rate = 0.999
26 - INFO - chord#: 154 done. best_score=96.0, changed=610, unchanged=259, early_stops=8/8
26 - INFO - chord#: 156 In build_straw_man_chord_sa. tolerance = 1, sa_iterations = 1000, initial_temperature = 3.0, cooling_rate = 0.999
26 - INFO - chord#: 154 done. best_score=67.0, changed=611, unchanged=338, early_stops=8/8
26 - INFO - chord#: 156 In build_straw_man_chord_sa. tolerance = 1, sa_iterations = 1000, initial_temperature = 3.0, cooling_rate = 0.999
26 - INFO - chord#: 156 done. best_score=27.0, changed=520, unchanged=443, early_stops=8/8
26 - INFO - chord#: 156 done. best_score=27.0, changed=516, unchanged=427, early_stops=8/8
26 - INFO - chord#: 156 done. best_score=27.0, changed=526, unchanged=442, early_stops=8/8
26 - INFO - chord#: 154 done. best_score=67.0, changed=612, unchanged=358, early_stops=8/8
26 - INFO - chord#: 156 In build_straw_man_chord_sa. tolerance = 1, sa_iterations = 1000, initial_temperature = 3.0, cooling_rate = 0.999
26 - INFO - chord#: 156 done. best_score=27.0, changed=526, unchanged=386, early_stops=8/8
26 - INFO - chord#: 0 In build_straw_man_chord_sa. tolerance = 1, sa_iterations = 1000, initial_temperature = 3.0, cooling_rate = 0.999
26 - INFO - chord#: 0 In build_straw_man_chord_sa. tolerance = 1, sa_iterations = 1000, initial_temperature = 3.0, cooling_rate = 0.999
26 - INFO - chord#: 0 In build_straw_man_chord_sa. tolerance = 1, sa_iterations = 1000, initial_temperature = 3.0, cooling_rate = 0.999
26 - INFO - chord#: 0 In build_straw_man_chord_sa. tolerance = 1, sa_iterations = 1000, initial_temperature = 3.0, cooling_rate = 0.999
26 - INFO - chord#: 0 In build_straw_man_chord_sa. tolerance = 1, sa_iterations = 1000, initial_temperature = 3.0, cooling_rate = 0.999
26 - INFO - chord#: 0 In build_straw_man_chord_sa. tolerance = 1, sa_iterations = 1000, initial_temperature = 3.0, cooling_rate = 0.999
26 - INFO - chord#: 0 In build_straw_man_chord_sa. tolerance = 1, sa_iterations = 1000, initial_temperature = 3.0, cooling_rate = 0.999
26 - INFO - chord#: 0 In build_straw_man_chord_sa. tolerance = 1, sa_iterations = 1000, initial_temperature = 3.0, cooling_rate = 0.999
26 - INFO - chord#: 0 In build_straw_man_chord_sa. tolerance = 1, sa_iterations = 1000, initial_temperature = 3.0, cooling_rate = 0.999
26 - INFO - chord#: 0 In build_straw_man_chord_sa. tolerance = 1, sa_iterations = 1000, initial_temperature = 3.0, cooling_rate = 0.999
26 - INFO - chord#: 0 In build_straw_man_chord_sa. tolerance = 1, sa_iterations = 1000, initial_temperature = 3.0, cooling_rate = 0.999
26 - INFO - chord#: 0 In build_straw_man_chord_sa. tolerance = 1, sa_iterations = 1000, initial_temperature = 3.0, cooling_rate = 0.999
26 - INFO - chord#: 0 done. best_score=27.0, changed=513, unchanged=373, early_stops=8/8
26 - INFO - chord#: 4 In build_straw_man_chord_sa. tolerance = 1, sa_iterations = 1000, initial_temperature = 3.0, cooling_rate = 0.999
26 - INFO - chord#: 0 done. best_score=27.0, changed=515, unchanged=311, early_stops=8/8
26 - INFO - chord#: 4 In build_straw_man_chord_sa. tolerance = 1, sa_iterations = 1000, initial_temperature = 3.0, cooling_rate = 0.999
26 - INFO - chord#: 0 done. best_score=27.0, changed=526, unchanged=381, early_stops=8/8
26 - INFO - chord#: 4 In build_straw_man_chord_sa. tolerance = 1, sa_iterations = 1000, initial_temperature = 3.0, cooling_rate = 0.999
26 - INFO - chord#: 0 done. best_score=27.0, changed=522, unchanged=370, early_stops=8/8
26 - INFO - chord#: 4 In build_straw_man_chord_sa. tolerance = 1, sa_iterations = 1000, initial_temperature = 3.0, cooling_rate = 0.999
26 - INFO - chord#: 0 done. best_score=27.0, changed=525, unchanged=437, early_stops=8/8
26 - INFO - chord#: 4 In build_straw_man_chord_sa. tolerance = 1, sa_iterations = 1000, initial_temperature = 3.0, cooling_rate = 0.999
26 - INFO - chord#: 0 done. best_score=27.0, changed=515, unchanged=408, early_stops=8/8
26 - INFO - chord#: 4 In build_straw_man_chord_sa. tolerance = 1, sa_iterations = 1000, initial_temperature = 3.0, cooling_rate = 0.999
26 - INFO - chord#: 0 done. best_score=27.0, changed=523, unchanged=361, early_stops=8/8
26 - INFO - chord#: 4 In build_straw_man_chord_sa. tolerance = 1, sa_iterations = 1000, initial_temperature = 3.0, cooling_rate = 0.999
26 - INFO - chord#: 0 done. best_score=27.0, changed=516, unchanged=347, early_stops=8/8
26 - INFO - chord#: 4 In build_straw_man_chord_sa. tolerance = 1, sa_iterations = 1000, initial_temperature = 3.0, cooling_rate = 0.999
26 - INFO - chord#: 0 done. best_score=27.0, changed=530, unchanged=420, early_stops=8/8
26 - INFO - chord#: 4 In build_straw_man_chord_sa. tolerance = 1, sa_iterations = 1000, initial_temperature = 3.0, cooling_rate = 0.999
26 - INFO - chord#: 0 done. best_score=27.0, changed=518, unchanged=387, early_stops=8/8
26 - INFO - chord#: 4 In build_straw_man_chord_sa. tolerance = 1, sa_iterations = 1000, initial_temperature = 3.0, cooling_rate = 0.999
26 - INFO - chord#: 0 done. best_score=27.0, changed=524, unchanged=472, early_stops=8/8
26 - INFO - chord#: 4 In build_straw_man_chord_sa. tolerance = 1, sa_iterations = 1000, initial_temperature = 3.0, cooling_rate = 0.999
26 - INFO - chord#: 0 done. best_score=27.0, changed=526, unchanged=566, early_stops=8/8
26 - INFO - chord#: 4 In build_straw_man_chord_sa. tolerance = 1, sa_iterations = 1000, initial_temperature = 3.0, cooling_rate = 0.999
26 - INFO - chord#: 4 done. best_score=27.0, changed=522, unchanged=388, early_stops=8/8
26 - INFO - chord#: 6 In build_straw_man_chord_sa. tolerance = 1, sa_iterations = 1000, initial_temperature = 3.0, cooling_rate = 0.999
26 - INFO - chord#: 4 done. best_score=27.0, changed=516, unchanged=422, early_stops=8/8
26 - INFO - chord#: 4 done. best_score=27.0, changed=525, unchanged=400, early_stops=8/8
26 - INFO - chord#: 6 In build_straw_man_chord_sa. tolerance = 1, sa_iterations = 1000, initial_temperature = 3.0, cooling_rate = 0.999
26 - INFO - chord#: 6 In build_straw_man_chord_sa. tolerance = 1, sa_iterations = 1000, initial_temperature = 3.0, cooling_rate = 0.999
26 - INFO - chord#: 4 done. best_score=27.0, changed=517, unchanged=357, early_stops=8/8
26 - INFO - chord#: 6 In build_straw_man_chord_sa. tolerance = 1, sa_iterations = 1000, initial_temperature = 3.0, cooling_rate = 0.999
26 - INFO - chord#: 4 done. best_score=27.0, changed=520, unchanged=356, early_stops=8/8
26 - INFO - chord#: 6 In build_straw_man_chord_sa. tolerance = 1, sa_iterations = 1000, initial_temperature = 3.0, cooling_rate = 0.999
26 - INFO - chord#: 4 done. best_score=27.0, changed=523, unchanged=450, early_stops=8/8
26 - INFO - chord#: 6 In build_straw_man_chord_sa. tolerance = 1, sa_iterations = 1000, initial_temperature = 3.0, cooling_rate = 0.999
26 - INFO - chord#: 4 done. best_score=27.0, changed=523, unchanged=424, early_stops=8/8
26 - INFO - chord#: 6 In build_straw_man_chord_sa. tolerance = 1, sa_iterations = 1000, initial_temperature = 3.0, cooling_rate = 0.999
26 - INFO - chord#: 4 done. best_score=27.0, changed=519, unchanged=399, early_stops=8/8
26 - INFO - chord#: 6 In build_straw_man_chord_sa. tolerance = 1, sa_iterations = 1000, initial_temperature = 3.0, cooling_rate = 0.999
26 - INFO - chord#: 4 done. best_score=27.0, changed=520, unchanged=434, early_stops=8/8
26 - INFO - chord#: 6 In build_straw_man_chord_sa. tolerance = 1, sa_iterations = 1000, initial_temperature = 3.0, cooling_rate = 0.999
26 - INFO - chord#: 4 done. best_score=27.0, changed=521, unchanged=451, early_stops=8/8
26 - INFO - chord#: 6 In build_straw_man_chord_sa. tolerance = 1, sa_iterations = 1000, initial_temperature = 3.0, cooling_rate = 0.999
26 - INFO - chord#: 4 done. best_score=27.0, changed=522, unchanged=415, early_stops=8/8
26 - INFO - chord#: 6 In build_straw_man_chord_sa. tolerance = 1, sa_iterations = 1000, initial_temperature = 3.0, cooling_rate = 0.999
26 - INFO - chord#: 4 done. best_score=27.0, changed=531, unchanged=497, early_stops=8/8
26 - INFO - chord#: 6 In build_straw_man_chord_sa. tolerance = 1, sa_iterations = 1000, initial_temperature = 3.0, cooling_rate = 0.999
26 - INFO - chord#: 6 done. best_score=174.0, changed=614, unchanged=351, early_stops=8/8
26 - INFO - chord#: 8 In build_straw_man_chord_sa. tolerance = 1, sa_iterations = 1000, initial_temperature = 3.0, cooling_rate = 0.999
26 - INFO - chord#: 6 done. best_score=64.0, changed=611, unchanged=251, early_stops=8/8
26 - INFO - chord#: 8 In build_straw_man_chord_sa. tolerance = 1, sa_iterations = 1000, initial_temperature = 3.0, cooling_rate = 0.999
26 - INFO - chord#: 6 done. best_score=64.0, changed=615, unchanged=307, early_stops=8/8
26 - INFO - chord#: 8 In build_straw_man_chord_sa. tolerance = 1, sa_iterations = 1000, initial_temperature = 3.0, cooling_rate = 0.999
26 - INFO - chord#: 6 done. best_score=64.0, changed=613, unchanged=334, early_stops=8/8
26 - INFO - chord#: 8 In build_straw_man_chord_sa. tolerance = 1, sa_iterations = 1000, initial_temperature = 3.0, cooling_rate = 0.999
26 - INFO - chord#: 6 done. best_score=71.0, changed=613, unchanged=406, early_stops=8/8
26 - INFO - chord#: 8 In build_straw_man_chord_sa. tolerance = 1, sa_iterations = 1000, initial_temperature = 3.0, cooling_rate = 0.999
26 - INFO - chord#: 6 done. best_score=64.0, changed=610, unchanged=280, early_stops=8/8
26 - INFO - chord#: 8 In build_straw_man_chord_sa. tolerance = 1, sa_iterations = 1000, initial_temperature = 3.0, cooling_rate = 0.999
26 - INFO - chord#: 6 done. best_score=157.0, changed=614, unchanged=283, early_stops=8/8
26 - INFO - chord#: 8 In build_straw_man_chord_sa. tolerance = 1, sa_iterations = 1000, initial_temperature = 3.0, cooling_rate = 0.999
26 - INFO - chord#: 8 done. best_score=27.0, changed=522, unchanged=421, early_stops=8/8
26 - INFO - chord#: 10 In build_straw_man_chord_sa. tolerance = 1, sa_iterations = 1000, initial_temperature = 3.0, cooling_rate = 0.999
26 - INFO - chord#: 6 done. best_score=64.0, changed=610, unchanged=270, early_stops=8/8
26 - INFO - chord#: 8 In build_straw_man_chord_sa. tolerance = 1, sa_iterations = 1000, initial_temperature = 3.0, cooling_rate = 0.999
26 - INFO - chord#: 8 done. best_score=27.0, changed=521, unchanged=422, early_stops=8/8
26 - INFO - chord#: 10 In build_straw_man_chord_sa. tolerance = 1, sa_iterations = 1000, initial_temperature = 3.0, cooling_rate = 0.999
26 - INFO - chord#: 6 done. best_score=104.0, changed=611, unchanged=238, early_stops=8/8
26 - INFO - chord#: 8 In build_straw_man_chord_sa. tolerance = 1, sa_iterations = 1000, initial_temperature = 3.0, cooling_rate = 0.999
26 - INFO - chord#: 8 done. best_score=27.0, changed=517, unchanged=428, early_stops=8/8
26 - INFO - chord#: 10 In build_straw_man_chord_sa. tolerance = 1, sa_iterations = 1000, initial_temperature = 3.0, cooling_rate = 0.999
26 - INFO - chord#: 6 done. best_score=64.0, changed=609, unchanged=317, early_stops=8/8
26 - INFO - chord#: 8 In build_straw_man_chord_sa. tolerance = 1, sa_iterations = 1000, initial_temperature = 3.0, cooling_rate = 0.999
26 - INFO - chord#: 6 done. best_score=64.0, changed=619, unchanged=359, early_stops=8/8
26 - INFO - chord#: 8 In build_straw_man_chord_sa. tolerance = 1, sa_iterations = 1000, initial_temperature = 3.0, cooling_rate = 0.999
26 - INFO - chord#: 8 done. best_score=27.0, changed=520, unchanged=368, early_stops=8/8
26 - INFO - chord#: 10 In build_straw_man_chord_sa. tolerance = 1, sa_iterations = 1000, initial_temperature = 3.0, cooling_rate = 0.999
26 - INFO - chord#: 8 done. best_score=27.0, changed=522, unchanged=489, early_stops=8/8
26 - INFO - chord#: 10 In build_straw_man_chord_sa. tolerance = 1, sa_iterations = 1000, initial_temperature = 3.0, cooling_rate = 0.999
26 - INFO - chord#: 6 done. best_score=64.0, changed=612, unchanged=402, early_stops=8/8
26 - INFO - chord#: 8 In build_straw_man_chord_sa. tolerance = 1, sa_iterations = 1000, initial_temperature = 3.0, cooling_rate = 0.999
26 - INFO - chord#: 8 done. best_score=27.0, changed=522, unchanged=410, early_stops=8/8
26 - INFO - chord#: 10 In build_straw_man_chord_sa. tolerance = 1, sa_iterations = 1000, initial_temperature = 3.0, cooling_rate = 0.999
26 - INFO - chord#: 8 done. best_score=27.0, changed=530, unchanged=486, early_stops=8/8
26 - INFO - chord#: 10 In build_straw_man_chord_sa. tolerance = 1, sa_iterations = 1000, initial_temperature = 3.0, cooling_rate = 0.999
26 - INFO - chord#: 8 done. best_score=27.0, changed=522, unchanged=344, early_stops=8/8
26 - INFO - chord#: 10 In build_straw_man_chord_sa. tolerance = 1, sa_iterations = 1000, initial_temperature = 3.0, cooling_rate = 0.999
26 - INFO - chord#: 8 done. best_score=27.0, changed=516, unchanged=404, early_stops=8/8
26 - INFO - chord#: 10 In build_straw_man_chord_sa. tolerance = 1, sa_iterations = 1000, initial_temperature = 3.0, cooling_rate = 0.999
26 - INFO - chord#: 8 done. best_score=27.0, changed=519, unchanged=429, early_stops=8/8
26 - INFO - chord#: 10 In build_straw_man_chord_sa. tolerance = 1, sa_iterations = 1000, initial_temperature = 3.0, cooling_rate = 0.999
26 - INFO - chord#: 8 done. best_score=27.0, changed=515, unchanged=511, early_stops=8/8
26 - INFO - chord#: 10 In build_straw_man_chord_sa. tolerance = 1, sa_iterations = 1000, initial_temperature = 3.0, cooling_rate = 0.999
26 - INFO - chord#: 10 done. best_score=113.0, changed=607, unchanged=243, early_stops=8/8
26 - INFO - chord#: 12 In build_straw_man_chord_sa. tolerance = 1, sa_iterations = 1000, initial_temperature = 3.0, cooling_rate = 0.999
26 - INFO - chord#: 10 done. best_score=93.0, changed=615, unchanged=338, early_stops=8/8
26 - INFO - chord#: 12 In build_straw_man_chord_sa. tolerance = 1, sa_iterations = 1000, initial_temperature = 3.0, cooling_rate = 0.999
26 - INFO - chord#: 8 done. best_score=27.0, changed=515, unchanged=370, early_stops=8/8
26 - INFO - chord#: 10 In build_straw_man_chord_sa. tolerance = 1, sa_iterations = 1000, initial_temperature = 3.0, cooling_rate = 0.999
26 - INFO - chord#: 10 done. best_score=111.0, changed=613, unchanged=372, early_stops=8/8
26 - INFO - chord#: 12 In build_straw_man_chord_sa. tolerance = 1, sa_iterations = 1000, initial_temperature = 3.0, cooling_rate = 0.999
26 - INFO - chord#: 10 done. best_score=155.0, changed=608, unchanged=223, early_stops=8/8
26 - INFO - chord#: 12 In build_straw_man_chord_sa. tolerance = 1, sa_iterations = 1000, initial_temperature = 3.0, cooling_rate = 0.999
26 - INFO - chord#: 10 done. best_score=93.0, changed=606, unchanged=209, early_stops=8/8
26 - INFO - chord#: 12 In build_straw_man_chord_sa. tolerance = 1, sa_iterations = 1000, initial_temperature = 3.0, cooling_rate = 0.999
26 - INFO - chord#: 10 done. best_score=111.0, changed=609, unchanged=222, early_stops=8/8
26 - INFO - chord#: 12 In build_straw_man_chord_sa. tolerance = 1, sa_iterations = 1000, initial_temperature = 3.0, cooling_rate = 0.999
26 - INFO - chord#: 12 done. best_score=27.0, changed=526, unchanged=555, early_stops=8/8
26 - INFO - chord#: 14 In build_straw_man_chord_sa. tolerance = 1, sa_iterations = 1000, initial_temperature = 3.0, cooling_rate = 0.999
26 - INFO - chord#: 12 done. best_score=27.0, changed=522, unchanged=516, early_stops=8/8
26 - INFO - chord#: 14 In build_straw_man_chord_sa. tolerance = 1, sa_iterations = 1000, initial_temperature = 3.0, cooling_rate = 0.999
26 - INFO - chord#: 10 done. best_score=105.0, changed=610, unchanged=375, early_stops=8/8
26 - INFO - chord#: 12 In build_straw_man_chord_sa. tolerance = 1, sa_iterations = 1000, initial_temperature = 3.0, cooling_rate = 0.999
26 - INFO - chord#: 14 done. best_score=11.0, changed=475, unchanged=397, early_stops=8/8
26 - INFO - chord#: 16 In build_straw_man_chord_sa. tolerance = 1, sa_iterations = 1000, initial_temperature = 3.0, cooling_rate = 0.999
26 - INFO - chord#: 14 done. best_score=11.0, changed=510, unchanged=360, early_stops=8/8
26 - INFO - chord#: 16 In build_straw_man_chord_sa. tolerance = 1, sa_iterations = 1000, initial_temperature = 3.0, cooling_rate = 0.999
26 - INFO - chord#: 12 done. best_score=27.0, changed=520, unchanged=491, early_stops=8/8
26 - INFO - chord#: 14 In build_straw_man_chord_sa. tolerance = 1, sa_iterations = 1000, initial_temperature = 3.0, cooling_rate = 0.999
26 - INFO - chord#: 12 done. best_score=27.0, changed=529, unchanged=546, early_stops=8/8
26 - INFO - chord#: 14 In build_straw_man_chord_sa. tolerance = 1, sa_iterations = 1000, initial_temperature = 3.0, cooling_rate = 0.999
26 - INFO - chord#: 10 done. best_score=105.0, changed=610, unchanged=256, early_stops=8/8
26 - INFO - chord#: 12 In build_straw_man_chord_sa. tolerance = 1, sa_iterations = 1000, initial_temperature = 3.0, cooling_rate = 0.999
26 - INFO - chord#: 14 done. best_score=11.0, changed=510, unchanged=331, early_stops=8/8
26 - INFO - chord#: 16 In build_straw_man_chord_sa. tolerance = 1, sa_iterations = 1000, initial_temperature = 3.0, cooling_rate = 0.999
26 - INFO - chord#: 14 done. best_score=11.0, changed=487, unchanged=348, early_stops=8/8
26 - INFO - chord#: 16 In build_straw_man_chord_sa. tolerance = 1, sa_iterations = 1000, initial_temperature = 3.0, cooling_rate = 0.999
26 - INFO - chord#: 12 done. best_score=27.0, changed=524, unchanged=393, early_stops=8/8
26 - INFO - chord#: 14 In build_straw_man_chord_sa. tolerance = 1, sa_iterations = 1000, initial_temperature = 3.0, cooling_rate = 0.999
26 - INFO - chord#: 12 done. best_score=27.0, changed=519, unchanged=382, early_stops=8/8
26 - INFO - chord#: 14 In build_straw_man_chord_sa. tolerance = 1, sa_iterations = 1000, initial_temperature = 3.0, cooling_rate = 0.999
26 - INFO - chord#: 10 done. best_score=93.0, changed=612, unchanged=381, early_stops=8/8
26 - INFO - chord#: 12 In build_straw_man_chord_sa. tolerance = 1, sa_iterations = 1000, initial_temperature = 3.0, cooling_rate = 0.999
26 - INFO - chord#: 16 done. best_score=27.0, changed=518, unchanged=332, early_stops=8/8
26 - INFO - chord#: 18 In build_straw_man_chord_sa. tolerance = 1, sa_iterations = 1000, initial_temperature = 3.0, cooling_rate = 0.999
26 - INFO - chord#: 14 done. best_score=11.0, changed=487, unchanged=346, early_stops=8/8
26 - INFO - chord#: 14 done. best_score=11.0, changed=485, unchanged=327, early_stops=8/8
26 - INFO - chord#: 16 In build_straw_man_chord_sa. tolerance = 1, sa_iterations = 1000, initial_temperature = 3.0, cooling_rate = 0.999
26 - INFO - chord#: 16 In build_straw_man_chord_sa. tolerance = 1, sa_iterations = 1000, initial_temperature = 3.0, cooling_rate = 0.999
26 - INFO - chord#: 10 done. best_score=120.0, changed=610, unchanged=312, early_stops=8/8
26 - INFO - chord#: 12 In build_straw_man_chord_sa. tolerance = 1, sa_iterations = 1000, initial_temperature = 3.0, cooling_rate = 0.999
26 - INFO - chord#: 10 done. best_score=120.0, changed=610, unchanged=294, early_stops=8/8
26 - INFO - chord#: 12 In build_straw_man_chord_sa. tolerance = 1, sa_iterations = 1000, initial_temperature = 3.0, cooling_rate = 0.999
26 - INFO - chord#: 16 done. best_score=27.0, changed=516, unchanged=390, early_stops=8/8
26 - INFO - chord#: 18 In build_straw_man_chord_sa. tolerance = 1, sa_iterations = 1000, initial_temperature = 3.0, cooling_rate = 0.999
26 - INFO - chord#: 12 done. best_score=27.0, changed=533, unchanged=469, early_stops=8/8
26 - INFO - chord#: 14 In build_straw_man_chord_sa. tolerance = 1, sa_iterations = 1000, initial_temperature = 3.0, cooling_rate = 0.999
26 - INFO - chord#: 14 done. best_score=11.0, changed=487, unchanged=355, early_stops=8/8
26 - INFO - chord#: 16 In build_straw_man_chord_sa. tolerance = 1, sa_iterations = 1000, initial_temperature = 3.0, cooling_rate = 0.999
26 - INFO - chord#: 10 done. best_score=111.0, changed=611, unchanged=300, early_stops=8/8
26 - INFO - chord#: 12 In build_straw_man_chord_sa. tolerance = 1, sa_iterations = 1000, initial_temperature = 3.0, cooling_rate = 0.999
26 - INFO - chord#: 16 done. best_score=27.0, changed=530, unchanged=437, early_stops=8/8
26 - INFO - chord#: 18 In build_straw_man_chord_sa. tolerance = 1, sa_iterations = 1000, initial_temperature = 3.0, cooling_rate = 0.999
26 - INFO - chord#: 16 done. best_score=27.0, changed=517, unchanged=415, early_stops=8/8
26 - INFO - chord#: 18 In build_straw_man_chord_sa. tolerance = 1, sa_iterations = 1000, initial_temperature = 3.0, cooling_rate = 0.999
26 - INFO - chord#: 12 done. best_score=27.0, changed=516, unchanged=462, early_stops=8/8
26 - INFO - chord#: 14 In build_straw_man_chord_sa. tolerance = 1, sa_iterations = 1000, initial_temperature = 3.0, cooling_rate = 0.999
26 - INFO - chord#: 18 done. best_score=27.0, changed=519, unchanged=412, early_stops=8/8
26 - INFO - chord#: 20 In build_straw_man_chord_sa. tolerance = 1, sa_iterations = 1000, initial_temperature = 3.0, cooling_rate = 0.999
26 - INFO - chord#: 14 done. best_score=11.0, changed=494, unchanged=355, early_stops=8/8
26 - INFO - chord#: 16 In build_straw_man_chord_sa. tolerance = 1, sa_iterations = 1000, initial_temperature = 3.0, cooling_rate = 0.999
26 - INFO - chord#: 18 done. best_score=27.0, changed=528, unchanged=399, early_stops=8/8
26 - INFO - chord#: 20 In build_straw_man_chord_sa. tolerance = 1, sa_iterations = 1000, initial_temperature = 3.0, cooling_rate = 0.999
26 - INFO - chord#: 12 done. best_score=27.0, changed=519, unchanged=362, early_stops=8/8
26 - INFO - chord#: 14 In build_straw_man_chord_sa. tolerance = 1, sa_iterations = 1000, initial_temperature = 3.0, cooling_rate = 0.999
26 - INFO - chord#: 18 done. best_score=27.0, changed=515, unchanged=325, early_stops=8/8
26 - INFO - chord#: 20 In build_straw_man_chord_sa. tolerance = 1, sa_iterations = 1000, initial_temperature = 3.0, cooling_rate = 0.999
26 - INFO - chord#: 16 done. best_score=27.0, changed=512, unchanged=449, early_stops=8/8
26 - INFO - chord#: 18 In build_straw_man_chord_sa. tolerance = 1, sa_iterations = 1000, initial_temperature = 3.0, cooling_rate = 0.999
26 - INFO - chord#: 16 done. best_score=27.0, changed=516, unchanged=343, early_stops=8/8
26 - INFO - chord#: 18 In build_straw_man_chord_sa. tolerance = 1, sa_iterations = 1000, initial_temperature = 3.0, cooling_rate = 0.999
26 - INFO - chord#: 12 done. best_score=27.0, changed=513, unchanged=418, early_stops=8/8
26 - INFO - chord#: 14 In build_straw_man_chord_sa. tolerance = 1, sa_iterations = 1000, initial_temperature = 3.0, cooling_rate = 0.999
26 - INFO - chord#: 12 done. best_score=27.0, changed=524, unchanged=478, early_stops=8/8
26 - INFO - chord#: 14 In build_straw_man_chord_sa. tolerance = 1, sa_iterations = 1000, initial_temperature = 3.0, cooling_rate = 0.999
26 - INFO - chord#: 14 done. best_score=11.0, changed=494, unchanged=334, early_stops=8/8
26 - INFO - chord#: 16 In build_straw_man_chord_sa. tolerance = 1, sa_iterations = 1000, initial_temperature = 3.0, cooling_rate = 0.999
26 - INFO - chord#: 18 done. best_score=27.0, changed=522, unchanged=378, early_stops=8/8
26 - INFO - chord#: 20 In build_straw_man_chord_sa. tolerance = 1, sa_iterations = 1000, initial_temperature = 3.0, cooling_rate = 0.999
26 - INFO - chord#: 16 done. best_score=27.0, changed=538, unchanged=571, early_stops=8/8
26 - INFO - chord#: 18 In build_straw_man_chord_sa. tolerance = 1, sa_iterations = 1000, initial_temperature = 3.0, cooling_rate = 0.999
26 - INFO - chord#: 12 done. best_score=27.0, changed=515, unchanged=369, early_stops=8/8
26 - INFO - chord#: 14 In build_straw_man_chord_sa. tolerance = 1, sa_iterations = 1000, initial_temperature = 3.0, cooling_rate = 0.999
26 - INFO - chord#: 14 done. best_score=11.0, changed=492, unchanged=327, early_stops=8/8
26 - INFO - chord#: 16 In build_straw_man_chord_sa. tolerance = 1, sa_iterations = 1000, initial_temperature = 3.0, cooling_rate = 0.999
26 - INFO - chord#: 14 done. best_score=11.0, changed=474, unchanged=356, early_stops=8/8
26 - INFO - chord#: 16 In build_straw_man_chord_sa. tolerance = 1, sa_iterations = 1000, initial_temperature = 3.0, cooling_rate = 0.999
26 - INFO - chord#: 14 done. best_score=11.0, changed=493, unchanged=337, early_stops=8/8
26 - INFO - chord#: 16 In build_straw_man_chord_sa. tolerance = 1, sa_iterations = 1000, initial_temperature = 3.0, cooling_rate = 0.999
26 - INFO - chord#: 20 done. best_score=27.0, changed=524, unchanged=453, early_stops=8/8
26 - INFO - chord#: 22 In build_straw_man_chord_sa. tolerance = 1, sa_iterations = 1000, initial_temperature = 3.0, cooling_rate = 0.999
26 - INFO - chord#: 20 done. best_score=27.0, changed=531, unchanged=409, early_stops=8/8
26 - INFO - chord#: 22 In build_straw_man_chord_sa. tolerance = 1, sa_iterations = 1000, initial_temperature = 3.0, cooling_rate = 0.999
26 - INFO - chord#: 20 done. best_score=27.0, changed=516, unchanged=356, early_stops=8/8
26 - INFO - chord#: 22 In build_straw_man_chord_sa. tolerance = 1, sa_iterations = 1000, initial_temperature = 3.0, cooling_rate = 0.999
26 - INFO - chord#: 18 done. best_score=27.0, changed=513, unchanged=333, early_stops=8/8
26 - INFO - chord#: 20 In build_straw_man_chord_sa. tolerance = 1, sa_iterations = 1000, initial_temperature = 3.0, cooling_rate = 0.999
26 - INFO - chord#: 16 done. best_score=27.0, changed=519, unchanged=417, early_stops=8/8
26 - INFO - chord#: 18 In build_straw_man_chord_sa. tolerance = 1, sa_iterations = 1000, initial_temperature = 3.0, cooling_rate = 0.999
26 - INFO - chord#: 20 done. best_score=27.0, changed=512, unchanged=428, early_stops=8/8
26 - INFO - chord#: 22 In build_straw_man_chord_sa. tolerance = 1, sa_iterations = 1000, initial_temperature = 3.0, cooling_rate = 0.999
26 - INFO - chord#: 18 done. best_score=27.0, changed=524, unchanged=402, early_stops=8/8
26 - INFO - chord#: 20 In build_straw_man_chord_sa. tolerance = 1, sa_iterations = 1000, initial_temperature = 3.0, cooling_rate = 0.999
26 - INFO - chord#: 18 done. best_score=27.0, changed=526, unchanged=372, early_stops=8/8
26 - INFO - chord#: 20 In build_straw_man_chord_sa. tolerance = 1, sa_iterations = 1000, initial_temperature = 3.0, cooling_rate = 0.999
26 - INFO - chord#: 16 done. best_score=27.0, changed=512, unchanged=352, early_stops=8/8
26 - INFO - chord#: 18 In build_straw_man_chord_sa. tolerance = 1, sa_iterations = 1000, initial_temperature = 3.0, cooling_rate = 0.999
26 - INFO - chord#: 16 done. best_score=27.0, changed=514, unchanged=464, early_stops=8/8
26 - INFO - chord#: 18 In build_straw_man_chord_sa. tolerance = 1, sa_iterations = 1000, initial_temperature = 3.0, cooling_rate = 0.999
26 - INFO - chord#: 16 done. best_score=27.0, changed=523, unchanged=438, early_stops=8/8
26 - INFO - chord#: 18 In build_straw_man_chord_sa. tolerance = 1, sa_iterations = 1000, initial_temperature = 3.0, cooling_rate = 0.999
26 - INFO - chord#: 16 done. best_score=27.0, changed=516, unchanged=427, early_stops=8/8
26 - INFO - chord#: 18 In build_straw_man_chord_sa. tolerance = 1, sa_iterations = 1000, initial_temperature = 3.0, cooling_rate = 0.999
26 - INFO - chord#: 20 done. best_score=27.0, changed=523, unchanged=464, early_stops=8/8
26 - INFO - chord#: 22 In build_straw_man_chord_sa. tolerance = 1, sa_iterations = 1000, initial_temperature = 3.0, cooling_rate = 0.999
26 - INFO - chord#: 18 done. best_score=27.0, changed=530, unchanged=461, early_stops=8/8
26 - INFO - chord#: 20 In build_straw_man_chord_sa. tolerance = 1, sa_iterations = 1000, initial_temperature = 3.0, cooling_rate = 0.999
26 - INFO - chord#: 20 done. best_score=27.0, changed=509, unchanged=341, early_stops=8/8
26 - INFO - chord#: 22 In build_straw_man_chord_sa. tolerance = 1, sa_iterations = 1000, initial_temperature = 3.0, cooling_rate = 0.999
26 - INFO - chord#: 18 done. best_score=27.0, changed=523, unchanged=424, early_stops=8/8
26 - INFO - chord#: 20 In build_straw_man_chord_sa. tolerance = 1, sa_iterations = 1000, initial_temperature = 3.0, cooling_rate = 0.999
26 - INFO - chord#: 20 done. best_score=27.0, changed=517, unchanged=466, early_stops=8/8
26 - INFO - chord#: 22 In build_straw_man_chord_sa. tolerance = 1, sa_iterations = 1000, initial_temperature = 3.0, cooling_rate = 0.999
26 - INFO - chord#: 22 done. best_score=82.0, changed=607, unchanged=257, early_stops=8/8
26 - INFO - chord#: 24 In build_straw_man_chord_sa. tolerance = 1, sa_iterations = 1000, initial_temperature = 3.0, cooling_rate = 0.999
26 - INFO - chord#: 18 done. best_score=27.0, changed=518, unchanged=416, early_stops=8/8
26 - INFO - chord#: 20 In build_straw_man_chord_sa. tolerance = 1, sa_iterations = 1000, initial_temperature = 3.0, cooling_rate = 0.999
26 - INFO - chord#: 18 done. best_score=27.0, changed=525, unchanged=425, early_stops=8/8
26 - INFO - chord#: 20 In build_straw_man_chord_sa. tolerance = 1, sa_iterations = 1000, initial_temperature = 3.0, cooling_rate = 0.999
26 - INFO - chord#: 18 done. best_score=27.0, changed=527, unchanged=469, early_stops=8/8
26 - INFO - chord#: 20 In build_straw_man_chord_sa. tolerance = 1, sa_iterations = 1000, initial_temperature = 3.0, cooling_rate = 0.999
26 - INFO - chord#: 22 done. best_score=82.0, changed=611, unchanged=295, early_stops=8/8
26 - INFO - chord#: 24 In build_straw_man_chord_sa. tolerance = 1, sa_iterations = 1000, initial_temperature = 3.0, cooling_rate = 0.999
26 - INFO - chord#: 20 done. best_score=27.0, changed=527, unchanged=546, early_stops=8/8
26 - INFO - chord#: 22 In build_straw_man_chord_sa. tolerance = 1, sa_iterations = 1000, initial_temperature = 3.0, cooling_rate = 0.999
26 - INFO - chord#: 22 done. best_score=90.0, changed=614, unchanged=454, early_stops=8/8
26 - INFO - chord#: 24 In build_straw_man_chord_sa. tolerance = 1, sa_iterations = 1000, initial_temperature = 3.0, cooling_rate = 0.999
26 - INFO - chord#: 20 done. best_score=27.0, changed=521, unchanged=430, early_stops=8/8
26 - INFO - chord#: 22 In build_straw_man_chord_sa. tolerance = 1, sa_iterations = 1000, initial_temperature = 3.0, cooling_rate = 0.999
26 - INFO - chord#: 22 done. best_score=82.0, changed=612, unchanged=406, early_stops=8/8
26 - INFO - chord#: 24 In build_straw_man_chord_sa. tolerance = 1, sa_iterations = 1000, initial_temperature = 3.0, cooling_rate = 0.999
26 - INFO - chord#: 20 done. best_score=27.0, changed=512, unchanged=381, early_stops=8/8
26 - INFO - chord#: 22 In build_straw_man_chord_sa. tolerance = 1, sa_iterations = 1000, initial_temperature = 3.0, cooling_rate = 0.999
26 - INFO - chord#: 20 done. best_score=27.0, changed=520, unchanged=393, early_stops=8/8
26 - INFO - chord#: 22 In build_straw_man_chord_sa. tolerance = 1, sa_iterations = 1000, initial_temperature = 3.0, cooling_rate = 0.999
26 - INFO - chord#: 20 done. best_score=27.0, changed=515, unchanged=328, early_stops=8/8
26 - INFO - chord#: 22 In build_straw_man_chord_sa. tolerance = 1, sa_iterations = 1000, initial_temperature = 3.0, cooling_rate = 0.999
26 - INFO - chord#: 22 done. best_score=82.0, changed=614, unchanged=413, early_stops=8/8
26 - INFO - chord#: 24 In build_straw_man_chord_sa. tolerance = 1, sa_iterations = 1000, initial_temperature = 3.0, cooling_rate = 0.999
26 - INFO - chord#: 24 done. best_score=78.0, changed=612, unchanged=268, early_stops=8/8
26 - INFO - chord#: 28 In build_straw_man_chord_sa. tolerance = 1, sa_iterations = 1000, initial_temperature = 3.0, cooling_rate = 0.999
26 - INFO - chord#: 28 done. best_score=9.0, changed=470, unchanged=419, early_stops=8/8
26 - INFO - chord#: 32 In build_straw_man_chord_sa. tolerance = 1, sa_iterations = 1000, initial_temperature = 3.0, cooling_rate = 0.999
26 - INFO - chord#: 24 done. best_score=119.0, changed=614, unchanged=303, early_stops=8/8
26 - INFO - chord#: 28 In build_straw_man_chord_sa. tolerance = 1, sa_iterations = 1000, initial_temperature = 3.0, cooling_rate = 0.999
26 - INFO - chord#: 22 done. best_score=82.0, changed=611, unchanged=464, early_stops=8/8
26 - INFO - chord#: 24 In build_straw_man_chord_sa. tolerance = 1, sa_iterations = 1000, initial_temperature = 3.0, cooling_rate = 0.999
26 - INFO - chord#: 28 done. best_score=9.0, changed=452, unchanged=375, early_stops=8/8
26 - INFO - chord#: 32 In build_straw_man_chord_sa. tolerance = 1, sa_iterations = 1000, initial_temperature = 3.0, cooling_rate = 0.999
26 - INFO - chord#: 22 done. best_score=120.0, changed=611, unchanged=339, early_stops=8/8
26 - INFO - chord#: 24 In build_straw_man_chord_sa. tolerance = 1, sa_iterations = 1000, initial_temperature = 3.0, cooling_rate = 0.999
26 - INFO - chord#: 22 done. best_score=120.0, changed=613, unchanged=383, early_stops=8/8
26 - INFO - chord#: 24 In build_straw_man_chord_sa. tolerance = 1, sa_iterations = 1000, initial_temperature = 3.0, cooling_rate = 0.999
26 - INFO - chord#: 32 done. best_score=36.0, changed=517, unchanged=357, early_stops=8/8
26 - INFO - chord#: 36 In build_straw_man_chord_sa. tolerance = 1, sa_iterations = 1000, initial_temperature = 3.0, cooling_rate = 0.999
26 - INFO - chord#: 24 done. best_score=140.0, changed=611, unchanged=396, early_stops=8/8
26 - INFO - chord#: 28 In build_straw_man_chord_sa. tolerance = 1, sa_iterations = 1000, initial_temperature = 3.0, cooling_rate = 0.999
26 - INFO - chord#: 24 done. best_score=96.0, changed=618, unchanged=492, early_stops=8/8
26 - INFO - chord#: 28 In build_straw_man_chord_sa. tolerance = 1, sa_iterations = 1000, initial_temperature = 3.0, cooling_rate = 0.999
26 - INFO - chord#: 22 done. best_score=120.0, changed=611, unchanged=246, early_stops=8/8
26 - INFO - chord#: 24 In build_straw_man_chord_sa. tolerance = 1, sa_iterations = 1000, initial_temperature = 3.0, cooling_rate = 0.999
26 - INFO - chord#: 28 done. best_score=9.0, changed=464, unchanged=382, early_stops=8/8
26 - INFO - chord#: 32 In build_straw_man_chord_sa. tolerance = 1, sa_iterations = 1000, initial_temperature = 3.0, cooling_rate = 0.999
26 - INFO - chord#: 28 done. best_score=9.0, changed=453, unchanged=399, early_stops=8/8
26 - INFO - chord#: 32 In build_straw_man_chord_sa. tolerance = 1, sa_iterations = 1000, initial_temperature = 3.0, cooling_rate = 0.999
26 - INFO - chord#: 32 done. best_score=36.0, changed=524, unchanged=380, early_stops=8/8
26 - INFO - chord#: 36 In build_straw_man_chord_sa. tolerance = 1, sa_iterations = 1000, initial_temperature = 3.0, cooling_rate = 0.999
26 - INFO - chord#: 24 done. best_score=140.0, changed=614, unchanged=296, early_stops=8/8
26 - INFO - chord#: 28 In build_straw_man_chord_sa. tolerance = 1, sa_iterations = 1000, initial_temperature = 3.0, cooling_rate = 0.999
26 - INFO - chord#: 28 done. best_score=9.0, changed=451, unchanged=359, early_stops=8/8
26 - INFO - chord#: 32 In build_straw_man_chord_sa. tolerance = 1, sa_iterations = 1000, initial_temperature = 3.0, cooling_rate = 0.999
26 - INFO - chord#: 36 done. best_score=27.0, changed=517, unchanged=364, early_stops=8/8
26 - INFO - chord#: 40 In build_straw_man_chord_sa. tolerance = 1, sa_iterations = 1000, initial_temperature = 3.0, cooling_rate = 0.999
26 - INFO - chord#: 22 done. best_score=82.0, changed=612, unchanged=386, early_stops=8/8
26 - INFO - chord#: 24 In build_straw_man_chord_sa. tolerance = 1, sa_iterations = 1000, initial_temperature = 3.0, cooling_rate = 0.999
26 - INFO - chord#: 22 done. best_score=136.0, changed=610, unchanged=320, early_stops=8/8
26 - INFO - chord#: 24 In build_straw_man_chord_sa. tolerance = 1, sa_iterations = 1000, initial_temperature = 3.0, cooling_rate = 0.999
26 - INFO - chord#: 32 done. best_score=36.0, changed=527, unchanged=438, early_stops=8/8
26 - INFO - chord#: 36 In build_straw_man_chord_sa. tolerance = 1, sa_iterations = 1000, initial_temperature = 3.0, cooling_rate = 0.999
26 - INFO - chord#: 22 done. best_score=82.0, changed=617, unchanged=325, early_stops=8/8
26 - INFO - chord#: 24 In build_straw_man_chord_sa. tolerance = 1, sa_iterations = 1000, initial_temperature = 3.0, cooling_rate = 0.999
26 - INFO - chord#: 32 done. best_score=36.0, changed=522, unchanged=397, early_stops=8/8
26 - INFO - chord#: 36 In build_straw_man_chord_sa. tolerance = 1, sa_iterations = 1000, initial_temperature = 3.0, cooling_rate = 0.999
26 - INFO - chord#: 36 done. best_score=27.0, changed=526, unchanged=488, early_stops=8/8
26 - INFO - chord#: 40 In build_straw_man_chord_sa. tolerance = 1, sa_iterations = 1000, initial_temperature = 3.0, cooling_rate = 0.999
26 - INFO - chord#: 24 done. best_score=96.0, changed=611, unchanged=325, early_stops=8/8
26 - INFO - chord#: 28 In build_straw_man_chord_sa. tolerance = 1, sa_iterations = 1000, initial_temperature = 3.0, cooling_rate = 0.999
26 - INFO - chord#: 32 done. best_score=36.0, changed=518, unchanged=328, early_stops=8/8
26 - INFO - chord#: 36 In build_straw_man_chord_sa. tolerance = 1, sa_iterations = 1000, initial_temperature = 3.0, cooling_rate = 0.999
26 - INFO - chord#: 40 done. best_score=27.0, changed=523, unchanged=387, early_stops=8/8
26 - INFO - chord#: 28 done. best_score=9.0, changed=468, unchanged=357, early_stops=8/8
26 - INFO - chord#: 42 In build_straw_man_chord_sa. tolerance = 1, sa_iterations = 1000, initial_temperature = 3.0, cooling_rate = 0.999
26 - INFO - chord#: 32 In build_straw_man_chord_sa. tolerance = 1, sa_iterations = 1000, initial_temperature = 3.0, cooling_rate = 0.999
26 - INFO - chord#: 24 done. best_score=140.0, changed=611, unchanged=266, early_stops=8/8
26 - INFO - chord#: 28 In build_straw_man_chord_sa. tolerance = 1, sa_iterations = 1000, initial_temperature = 3.0, cooling_rate = 0.999
26 - INFO - chord#: 36 done. best_score=27.0, changed=514, unchanged=403, early_stops=8/8
26 - INFO - chord#: 40 In build_straw_man_chord_sa. tolerance = 1, sa_iterations = 1000, initial_temperature = 3.0, cooling_rate = 0.999
26 - INFO - chord#: 36 done. best_score=27.0, changed=521, unchanged=422, early_stops=8/8
26 - INFO - chord#: 40 In build_straw_man_chord_sa. tolerance = 1, sa_iterations = 1000, initial_temperature = 3.0, cooling_rate = 0.999
26 - INFO - chord#: 40 done. best_score=27.0, changed=520, unchanged=393, early_stops=8/8
26 - INFO - chord#: 42 In build_straw_man_chord_sa. tolerance = 1, sa_iterations = 1000, initial_temperature = 3.0, cooling_rate = 0.999
26 - INFO - chord#: 24 done. best_score=140.0, changed=610, unchanged=316, early_stops=8/8
26 - INFO - chord#: 28 In build_straw_man_chord_sa. tolerance = 1, sa_iterations = 1000, initial_temperature = 3.0, cooling_rate = 0.999
26 - INFO - chord#: 28 done. best_score=9.0, changed=474, unchanged=355, early_stops=8/8
26 - INFO - chord#: 32 In build_straw_man_chord_sa. tolerance = 1, sa_iterations = 1000, initial_temperature = 3.0, cooling_rate = 0.999
26 - INFO - chord#: 32 done. best_score=36.0, changed=522, unchanged=345, early_stops=8/8
26 - INFO - chord#: 36 In build_straw_man_chord_sa. tolerance = 1, sa_iterations = 1000, initial_temperature = 3.0, cooling_rate = 0.999
26 - INFO - chord#: 36 done. best_score=27.0, changed=527, unchanged=437, early_stops=8/8
26 - INFO - chord#: 40 In build_straw_man_chord_sa. tolerance = 1, sa_iterations = 1000, initial_temperature = 3.0, cooling_rate = 0.999
26 - INFO - chord#: 28 done. best_score=9.0, changed=449, unchanged=392, early_stops=8/8
26 - INFO - chord#: 32 In build_straw_man_chord_sa. tolerance = 1, sa_iterations = 1000, initial_temperature = 3.0, cooling_rate = 0.999
26 - INFO - chord#: 42 done. best_score=36.0, changed=528, unchanged=397, early_stops=8/8
26 - INFO - chord#: 44 In build_straw_man_chord_sa. tolerance = 1, sa_iterations = 1000, initial_temperature = 3.0, cooling_rate = 0.999
26 - INFO - chord#: 40 done. best_score=27.0, changed=525, unchanged=417, early_stops=8/8
26 - INFO - chord#: 42 In build_straw_man_chord_sa. tolerance = 1, sa_iterations = 1000, initial_temperature = 3.0, cooling_rate = 0.999
26 - INFO - chord#: 24 done. best_score=160.0, changed=611, unchanged=407, early_stops=8/8
26 - INFO - chord#: 28 In build_straw_man_chord_sa. tolerance = 1, sa_iterations = 1000, initial_temperature = 3.0, cooling_rate = 0.999
26 - INFO - chord#: 40 done. best_score=27.0, changed=521, unchanged=473, early_stops=8/8
26 - INFO - chord#: 42 In build_straw_man_chord_sa. tolerance = 1, sa_iterations = 1000, initial_temperature = 3.0, cooling_rate = 0.999
26 - INFO - chord#: 42 done. best_score=36.0, changed=530, unchanged=445, early_stops=8/8
26 - INFO - chord#: 44 In build_straw_man_chord_sa. tolerance = 1, sa_iterations = 1000, initial_temperature = 3.0, cooling_rate = 0.999
26 - INFO - chord#: 28 done. best_score=9.0, changed=466, unchanged=373, early_stops=8/8
26 - INFO - chord#: 32 In build_straw_man_chord_sa. tolerance = 1, sa_iterations = 1000, initial_temperature = 3.0, cooling_rate = 0.999
26 - INFO - chord#: 36 done. best_score=27.0, changed=524, unchanged=410, early_stops=8/8
26 - INFO - chord#: 40 In build_straw_man_chord_sa. tolerance = 1, sa_iterations = 1000, initial_temperature = 3.0, cooling_rate = 0.999
26 - INFO - chord#: 44 done. best_score=27.0, changed=515, unchanged=345, early_stops=8/8
26 - INFO - chord#: 46 In build_straw_man_chord_sa. tolerance = 1, sa_iterations = 1000, initial_temperature = 3.0, cooling_rate = 0.999
26 - INFO - chord#: 24 done. best_score=157.0, changed=611, unchanged=318, early_stops=8/8
26 - INFO - chord#: 28 In build_straw_man_chord_sa. tolerance = 1, sa_iterations = 1000, initial_temperature = 3.0, cooling_rate = 0.999
26 - INFO - chord#: 40 done. best_score=27.0, changed=517, unchanged=342, early_stops=8/8
26 - INFO - chord#: 42 In build_straw_man_chord_sa. tolerance = 1, sa_iterations = 1000, initial_temperature = 3.0, cooling_rate = 0.999
26 - INFO - chord#: 32 done. best_score=36.0, changed=521, unchanged=481, early_stops=8/8
26 - INFO - chord#: 36 In build_straw_man_chord_sa. tolerance = 1, sa_iterations = 1000, initial_temperature = 3.0, cooling_rate = 0.999
26 - INFO - chord#: 28 done. best_score=9.0, changed=471, unchanged=362, early_stops=8/8
26 - INFO - chord#: 32 In build_straw_man_chord_sa. tolerance = 1, sa_iterations = 1000, initial_temperature = 3.0, cooling_rate = 0.999
26 - INFO - chord#: 32 done. best_score=36.0, changed=530, unchanged=328, early_stops=8/8
26 - INFO - chord#: 36 In build_straw_man_chord_sa. tolerance = 1, sa_iterations = 1000, initial_temperature = 3.0, cooling_rate = 0.999
26 - INFO - chord#: 24 done. best_score=96.0, changed=610, unchanged=323, early_stops=8/8
26 - INFO - chord#: 28 In build_straw_man_chord_sa. tolerance = 1, sa_iterations = 1000, initial_temperature = 3.0, cooling_rate = 0.999
26 - INFO - chord#: 42 done. best_score=36.0, changed=518, unchanged=346, early_stops=8/8
26 - INFO - chord#: 44 In build_straw_man_chord_sa. tolerance = 1, sa_iterations = 1000, initial_temperature = 3.0, cooling_rate = 0.999
26 - INFO - chord#: 42 done. best_score=36.0, changed=513, unchanged=317, early_stops=8/8
26 - INFO - chord#: 44 In build_straw_man_chord_sa. tolerance = 1, sa_iterations = 1000, initial_temperature = 3.0, cooling_rate = 0.999
26 - INFO - chord#: 28 done. best_score=9.0, changed=465, unchanged=372, early_stops=8/8
26 - INFO - chord#: 32 In build_straw_man_chord_sa. tolerance = 1, sa_iterations = 1000, initial_temperature = 3.0, cooling_rate = 0.999
26 - INFO - chord#: 44 done. best_score=27.0, changed=512, unchanged=334, early_stops=8/8
26 - INFO - chord#: 46 In build_straw_man_chord_sa. tolerance = 1, sa_iterations = 1000, initial_temperature = 3.0, cooling_rate = 0.999
26 - INFO - chord#: 24 done. best_score=78.0, changed=616, unchanged=523, early_stops=8/8
26 - INFO - chord#: 28 In build_straw_man_chord_sa. tolerance = 1, sa_iterations = 1000, initial_temperature = 3.0, cooling_rate = 0.999
26 - INFO - chord#: 42 done. best_score=36.0, changed=523, unchanged=303, early_stops=8/8
26 - INFO - chord#: 44 In build_straw_man_chord_sa. tolerance = 1, sa_iterations = 1000, initial_temperature = 3.0, cooling_rate = 0.999
26 - INFO - chord#: 40 done. best_score=27.0, changed=521, unchanged=326, early_stops=8/8
26 - INFO - chord#: 42 In build_straw_man_chord_sa. tolerance = 1, sa_iterations = 1000, initial_temperature = 3.0, cooling_rate = 0.999
26 - INFO - chord#: 28 done. best_score=9.0, changed=462, unchanged=379, early_stops=8/8
26 - INFO - chord#: 32 In build_straw_man_chord_sa. tolerance = 1, sa_iterations = 1000, initial_temperature = 3.0, cooling_rate = 0.999
26 - INFO - chord#: 32 done. best_score=36.0, changed=521, unchanged=422, early_stops=8/8
26 - INFO - chord#: 36 In build_straw_man_chord_sa. tolerance = 1, sa_iterations = 1000, initial_temperature = 3.0, cooling_rate = 0.999
26 - INFO - chord#: 44 done. best_score=27.0, changed=514, unchanged=339, early_stops=8/8
26 - INFO - chord#: 46 In build_straw_man_chord_sa. tolerance = 1, sa_iterations = 1000, initial_temperature = 3.0, cooling_rate = 0.999
26 - INFO - chord#: 36 done. best_score=27.0, changed=515, unchanged=440, early_stops=8/8
26 - INFO - chord#: 40 In build_straw_man_chord_sa. tolerance = 1, sa_iterations = 1000, initial_temperature = 3.0, cooling_rate = 0.999
26 - INFO - chord#: 32 done. best_score=36.0, changed=525, unchanged=398, early_stops=8/8
26 - INFO - chord#: 36 In build_straw_man_chord_sa. tolerance = 1, sa_iterations = 1000, initial_temperature = 3.0, cooling_rate = 0.999
26 - INFO - chord#: 44 done. best_score=27.0, changed=523, unchanged=450, early_stops=8/8
26 - INFO - chord#: 46 In build_straw_man_chord_sa. tolerance = 1, sa_iterations = 1000, initial_temperature = 3.0, cooling_rate = 0.999
26 - INFO - chord#: 42 done. best_score=36.0, changed=518, unchanged=313, early_stops=8/8
26 - INFO - chord#: 44 In build_straw_man_chord_sa. tolerance = 1, sa_iterations = 1000, initial_temperature = 3.0, cooling_rate = 0.999
26 - INFO - chord#: 32 done. best_score=36.0, changed=521, unchanged=324, early_stops=8/8
26 - INFO - chord#: 36 In build_straw_man_chord_sa. tolerance = 1, sa_iterations = 1000, initial_temperature = 3.0, cooling_rate = 0.999
26 - INFO - chord#: 36 done. best_score=27.0, changed=527, unchanged=526, early_stops=8/8
26 - INFO - chord#: 40 In build_straw_man_chord_sa. tolerance = 1, sa_iterations = 1000, initial_temperature = 3.0, cooling_rate = 0.999
26 - INFO - chord#: 46 done. best_score=64.0, changed=612, unchanged=242, early_stops=8/8
26 - INFO - chord#: 48 In build_straw_man_chord_sa. tolerance = 1, sa_iterations = 1000, initial_temperature = 3.0, cooling_rate = 0.999
26 - INFO - chord#: 44 done. best_score=27.0, changed=523, unchanged=388, early_stops=8/8
26 - INFO - chord#: 46 In build_straw_man_chord_sa. tolerance = 1, sa_iterations = 1000, initial_temperature = 3.0, cooling_rate = 0.999
26 - INFO - chord#: 32 done. best_score=36.0, changed=516, unchanged=320, early_stops=8/8
26 - INFO - chord#: 36 In build_straw_man_chord_sa. tolerance = 1, sa_iterations = 1000, initial_temperature = 3.0, cooling_rate = 0.999
26 - INFO - chord#: 36 done. best_score=27.0, changed=519, unchanged=414, early_stops=8/8
26 - INFO - chord#: 40 In build_straw_man_chord_sa. tolerance = 1, sa_iterations = 1000, initial_temperature = 3.0, cooling_rate = 0.999
26 - INFO - chord#: 48 done. best_score=27.0, changed=527, unchanged=427, early_stops=8/8
26 - INFO - chord#: 50 In build_straw_man_chord_sa. tolerance = 1, sa_iterations = 1000, initial_temperature = 3.0, cooling_rate = 0.999
26 - INFO - chord#: 44 done. best_score=27.0, changed=521, unchanged=488, early_stops=8/8
26 - INFO - chord#: 46 In build_straw_man_chord_sa. tolerance = 1, sa_iterations = 1000, initial_temperature = 3.0, cooling_rate = 0.999
26 - INFO - chord#: 40 done. best_score=27.0, changed=521, unchanged=348, early_stops=8/8
26 - INFO - chord#: 42 In build_straw_man_chord_sa. tolerance = 1, sa_iterations = 1000, initial_temperature = 3.0, cooling_rate = 0.999
26 - INFO - chord#: 36 done. best_score=27.0, changed=525, unchanged=457, early_stops=8/8
26 - INFO - chord#: 40 In build_straw_man_chord_sa. tolerance = 1, sa_iterations = 1000, initial_temperature = 3.0, cooling_rate = 0.999
26 - INFO - chord#: 40 done. best_score=27.0, changed=519, unchanged=378, early_stops=8/8
26 - INFO - chord#: 42 In build_straw_man_chord_sa. tolerance = 1, sa_iterations = 1000, initial_temperature = 3.0, cooling_rate = 0.999
26 - INFO - chord#: 46 done. best_score=104.0, changed=613, unchanged=338, early_stops=8/8
26 - INFO - chord#: 48 In build_straw_man_chord_sa. tolerance = 1, sa_iterations = 1000, initial_temperature = 3.0, cooling_rate = 0.999
26 - INFO - chord#: 36 done. best_score=27.0, changed=524, unchanged=492, early_stops=8/8
26 - INFO - chord#: 40 In build_straw_man_chord_sa. tolerance = 1, sa_iterations = 1000, initial_temperature = 3.0, cooling_rate = 0.999
26 - INFO - chord#: 36 done. best_score=27.0, changed=525, unchanged=555, early_stops=8/8
26 - INFO - chord#: 40 In build_straw_man_chord_sa. tolerance = 1, sa_iterations = 1000, initial_temperature = 3.0, cooling_rate = 0.999
26 - INFO - chord#: 40 done. best_score=27.0, changed=525, unchanged=450, early_stops=8/8
26 - INFO - chord#: 42 In build_straw_man_chord_sa. tolerance = 1, sa_iterations = 1000, initial_temperature = 3.0, cooling_rate = 0.999
26 - INFO - chord#: 46 done. best_score=64.0, changed=614, unchanged=438, early_stops=8/8
26 - INFO - chord#: 48 In build_straw_man_chord_sa. tolerance = 1, sa_iterations = 1000, initial_temperature = 3.0, cooling_rate = 0.999
26 - INFO - chord#: 48 done. best_score=27.0, changed=530, unchanged=448, early_stops=8/8
26 - INFO - chord#: 50 In build_straw_man_chord_sa. tolerance = 1, sa_iterations = 1000, initial_temperature = 3.0, cooling_rate = 0.999
26 - INFO - chord#: 42 done. best_score=36.0, changed=517, unchanged=441, early_stops=8/8
26 - INFO - chord#: 44 In build_straw_man_chord_sa. tolerance = 1, sa_iterations = 1000, initial_temperature = 3.0, cooling_rate = 0.999
26 - INFO - chord#: 42 done. best_score=36.0, changed=518, unchanged=300, early_stops=8/8
26 - INFO - chord#: 44 In build_straw_man_chord_sa. tolerance = 1, sa_iterations = 1000, initial_temperature = 3.0, cooling_rate = 0.999
26 - INFO - chord#: 40 done. best_score=27.0, changed=523, unchanged=405, early_stops=8/8
26 - INFO - chord#: 42 In build_straw_man_chord_sa. tolerance = 1, sa_iterations = 1000, initial_temperature = 3.0, cooling_rate = 0.999
26 - INFO - chord#: 40 done. best_score=27.0, changed=518, unchanged=330, early_stops=8/8
26 - INFO - chord#: 42 In build_straw_man_chord_sa. tolerance = 1, sa_iterations = 1000, initial_temperature = 3.0, cooling_rate = 0.999
26 - INFO - chord#: 46 done. best_score=64.0, changed=619, unchanged=463, early_stops=8/8
26 - INFO - chord#: 48 In build_straw_man_chord_sa. tolerance = 1, sa_iterations = 1000, initial_temperature = 3.0, cooling_rate = 0.999
26 - INFO - chord#: 46 done. best_score=64.0, changed=618, unchanged=437, early_stops=8/8
26 - INFO - chord#: 48 In build_straw_man_chord_sa. tolerance = 1, sa_iterations = 1000, initial_temperature = 3.0, cooling_rate = 0.999
26 - INFO - chord#: 46 done. best_score=64.0, changed=605, unchanged=202, early_stops=8/8
26 - INFO - chord#: 48 In build_straw_man_chord_sa. tolerance = 1, sa_iterations = 1000, initial_temperature = 3.0, cooling_rate = 0.999
26 - INFO - chord#: 48 done. best_score=27.0, changed=524, unchanged=363, early_stops=8/8
26 - INFO - chord#: 50 In build_straw_man_chord_sa. tolerance = 1, sa_iterations = 1000, initial_temperature = 3.0, cooling_rate = 0.999
26 - INFO - chord#: 40 done. best_score=27.0, changed=519, unchanged=353, early_stops=8/8
26 - INFO - chord#: 42 In build_straw_man_chord_sa. tolerance = 1, sa_iterations = 1000, initial_temperature = 3.0, cooling_rate = 0.999
26 - INFO - chord#: 42 done. best_score=36.0, changed=519, unchanged=405, early_stops=8/8
26 - INFO - chord#: 44 In build_straw_man_chord_sa. tolerance = 1, sa_iterations = 1000, initial_temperature = 3.0, cooling_rate = 0.999
26 - INFO - chord#: 48 done. best_score=27.0, changed=522, unchanged=356, early_stops=8/8
26 - INFO - chord#: 50 In build_straw_man_chord_sa. tolerance = 1, sa_iterations = 1000, initial_temperature = 3.0, cooling_rate = 0.999
26 - INFO - chord#: 50 done. best_score=93.0, changed=611, unchanged=391, early_stops=8/8
26 - INFO - chord#: 52 In build_straw_man_chord_sa. tolerance = 1, sa_iterations = 1000, initial_temperature = 3.0, cooling_rate = 0.999
26 - INFO - chord#: 44 done. best_score=27.0, changed=526, unchanged=406, early_stops=8/8
26 - INFO - chord#: 46 In build_straw_man_chord_sa. tolerance = 1, sa_iterations = 1000, initial_temperature = 3.0, cooling_rate = 0.999
26 - INFO - chord#: 48 done. best_score=27.0, changed=514, unchanged=402, early_stops=8/8
26 - INFO - chord#: 50 In build_straw_man_chord_sa. tolerance = 1, sa_iterations = 1000, initial_temperature = 3.0, cooling_rate = 0.999
26 - INFO - chord#: 42 done. best_score=36.0, changed=514, unchanged=315, early_stops=8/8
26 - INFO - chord#: 44 In build_straw_man_chord_sa. tolerance = 1, sa_iterations = 1000, initial_temperature = 3.0, cooling_rate = 0.999
26 - INFO - chord#: 42 done. best_score=36.0, changed=527, unchanged=353, early_stops=8/8
26 - INFO - chord#: 44 In build_straw_man_chord_sa. tolerance = 1, sa_iterations = 1000, initial_temperature = 3.0, cooling_rate = 0.999
26 - INFO - chord#: 48 done. best_score=27.0, changed=535, unchanged=440, early_stops=8/8
26 - INFO - chord#: 50 In build_straw_man_chord_sa. tolerance = 1, sa_iterations = 1000, initial_temperature = 3.0, cooling_rate = 0.999
26 - INFO - chord#: 44 done. best_score=27.0, changed=519, unchanged=443, early_stops=8/8
26 - INFO - chord#: 46 In build_straw_man_chord_sa. tolerance = 1, sa_iterations = 1000, initial_temperature = 3.0, cooling_rate = 0.999
26 - INFO - chord#: 50 done. best_score=96.0, changed=610, unchanged=248, early_stops=8/8
26 - INFO - chord#: 52 In build_straw_man_chord_sa. tolerance = 1, sa_iterations = 1000, initial_temperature = 3.0, cooling_rate = 0.999
26 - INFO - chord#: 42 done. best_score=36.0, changed=524, unchanged=321, early_stops=8/8
26 - INFO - chord#: 44 In build_straw_man_chord_sa. tolerance = 1, sa_iterations = 1000, initial_temperature = 3.0, cooling_rate = 0.999
26 - INFO - chord#: 44 done. best_score=27.0, changed=527, unchanged=477, early_stops=8/8
26 - INFO - chord#: 46 In build_straw_man_chord_sa. tolerance = 1, sa_iterations = 1000, initial_temperature = 3.0, cooling_rate = 0.999
26 - INFO - chord#: 44 done. best_score=27.0, changed=518, unchanged=341, early_stops=8/8
26 - INFO - chord#: 46 In build_straw_man_chord_sa. tolerance = 1, sa_iterations = 1000, initial_temperature = 3.0, cooling_rate = 0.999
26 - INFO - chord#: 44 done. best_score=27.0, changed=522, unchanged=464, early_stops=8/8
26 - INFO - chord#: 46 In build_straw_man_chord_sa. tolerance = 1, sa_iterations = 1000, initial_temperature = 3.0, cooling_rate = 0.999
26 - INFO - chord#: 50 done. best_score=172.0, changed=608, unchanged=248, early_stops=8/8
26 - INFO - chord#: 52 In build_straw_man_chord_sa. tolerance = 1, sa_iterations = 1000, initial_temperature = 3.0, cooling_rate = 0.999
26 - INFO - chord#: 50 done. best_score=94.0, changed=611, unchanged=395, early_stops=8/8
26 - INFO - chord#: 52 In build_straw_man_chord_sa. tolerance = 1, sa_iterations = 1000, initial_temperature = 3.0, cooling_rate = 0.999
26 - INFO - chord#: 52 done. best_score=137.0, changed=607, unchanged=248, early_stops=8/8
26 - INFO - chord#: 56 In build_straw_man_chord_sa. tolerance = 1, sa_iterations = 1000, initial_temperature = 3.0, cooling_rate = 0.999
26 - INFO - chord#: 44 done. best_score=27.0, changed=526, unchanged=512, early_stops=8/8
26 - INFO - chord#: 46 In build_straw_man_chord_sa. tolerance = 1, sa_iterations = 1000, initial_temperature = 3.0, cooling_rate = 0.999
26 - INFO - chord#: 50 done. best_score=93.0, changed=612, unchanged=340, early_stops=8/8
26 - INFO - chord#: 52 In build_straw_man_chord_sa. tolerance = 1, sa_iterations = 1000, initial_temperature = 3.0, cooling_rate = 0.999
26 - INFO - chord#: 50 done. best_score=93.0, changed=611, unchanged=292, early_stops=8/8
26 - INFO - chord#: 46 done. best_score=64.0, changed=607, unchanged=277, early_stops=8/8
26 - INFO - chord#: 52 In build_straw_man_chord_sa. tolerance = 1, sa_iterations = 1000, initial_temperature = 3.0, cooling_rate = 0.999
26 - INFO - chord#: 48 In build_straw_man_chord_sa. tolerance = 1, sa_iterations = 1000, initial_temperature = 3.0, cooling_rate = 0.999
26 - INFO - chord#: 52 done. best_score=67.0, changed=607, unchanged=240, early_stops=8/8
26 - INFO - chord#: 56 In build_straw_man_chord_sa. tolerance = 1, sa_iterations = 1000, initial_temperature = 3.0, cooling_rate = 0.999
26 - INFO - chord#: 56 done. best_score=27.0, changed=512, unchanged=370, early_stops=8/8
26 - INFO - chord#: 58 In build_straw_man_chord_sa. tolerance = 1, sa_iterations = 1000, initial_temperature = 3.0, cooling_rate = 0.999
26 - INFO - chord#: 46 done. best_score=64.0, changed=612, unchanged=217, early_stops=8/8
26 - INFO - chord#: 48 In build_straw_man_chord_sa. tolerance = 1, sa_iterations = 1000, initial_temperature = 3.0, cooling_rate = 0.999
26 - INFO - chord#: 56 done. best_score=27.0, changed=514, unchanged=333, early_stops=8/8
26 - INFO - chord#: 58 In build_straw_man_chord_sa. tolerance = 1, sa_iterations = 1000, initial_temperature = 3.0, cooling_rate = 0.999
26 - INFO - chord#: 48 done. best_score=27.0, changed=527, unchanged=343, early_stops=8/8
26 - INFO - chord#: 50 In build_straw_man_chord_sa. tolerance = 1, sa_iterations = 1000, initial_temperature = 3.0, cooling_rate = 0.999
26 - INFO - chord#: 46 done. best_score=104.0, changed=611, unchanged=544, early_stops=8/8
26 - INFO - chord#: 48 In build_straw_man_chord_sa. tolerance = 1, sa_iterations = 1000, initial_temperature = 3.0, cooling_rate = 0.999
26 - INFO - chord#: 46 done. best_score=64.0, changed=612, unchanged=328, early_stops=8/8
26 - INFO - chord#: 48 In build_straw_man_chord_sa. tolerance = 1, sa_iterations = 1000, initial_temperature = 3.0, cooling_rate = 0.999
26 - INFO - chord#: 52 done. best_score=140.0, changed=610, unchanged=339, early_stops=8/8
26 - INFO - chord#: 56 In build_straw_man_chord_sa. tolerance = 1, sa_iterations = 1000, initial_temperature = 3.0, cooling_rate = 0.999
26 - INFO - chord#: 46 done. best_score=64.0, changed=609, unchanged=309, early_stops=8/8
26 - INFO - chord#: 48 In build_straw_man_chord_sa. tolerance = 1, sa_iterations = 1000, initial_temperature = 3.0, cooling_rate = 0.999
26 - INFO - chord#: 52 done. best_score=78.0, changed=607, unchanged=205, early_stops=8/8
26 - INFO - chord#: 56 In build_straw_man_chord_sa. tolerance = 1, sa_iterations = 1000, initial_temperature = 3.0, cooling_rate = 0.999
26 - INFO - chord#: 48 done. best_score=27.0, changed=533, unchanged=426, early_stops=8/8
26 - INFO - chord#: 50 In build_straw_man_chord_sa. tolerance = 1, sa_iterations = 1000, initial_temperature = 3.0, cooling_rate = 0.999
26 - INFO - chord#: 52 done. best_score=78.0, changed=614, unchanged=408, early_stops=8/8
26 - INFO - chord#: 56 In build_straw_man_chord_sa. tolerance = 1, sa_iterations = 1000, initial_temperature = 3.0, cooling_rate = 0.999
26 - INFO - chord#: 46 done. best_score=64.0, changed=609, unchanged=243, early_stops=8/8
26 - INFO - chord#: 48 In build_straw_man_chord_sa. tolerance = 1, sa_iterations = 1000, initial_temperature = 3.0, cooling_rate = 0.999
26 - INFO - chord#: 52 done. best_score=78.0, changed=611, unchanged=274, early_stops=8/8
26 - INFO - chord#: 56 In build_straw_man_chord_sa. tolerance = 1, sa_iterations = 1000, initial_temperature = 3.0, cooling_rate = 0.999
26 - INFO - chord#: 48 done. best_score=27.0, changed=522, unchanged=451, early_stops=8/8
26 - INFO - chord#: 50 In build_straw_man_chord_sa. tolerance = 1, sa_iterations = 1000, initial_temperature = 3.0, cooling_rate = 0.999
26 - INFO - chord#: 56 done. best_score=27.0, changed=519, unchanged=363, early_stops=8/8
26 - INFO - chord#: 58 In build_straw_man_chord_sa. tolerance = 1, sa_iterations = 1000, initial_temperature = 3.0, cooling_rate = 0.999
26 - INFO - chord#: 48 done. best_score=27.0, changed=519, unchanged=410, early_stops=8/8
26 - INFO - chord#: 50 In build_straw_man_chord_sa. tolerance = 1, sa_iterations = 1000, initial_temperature = 3.0, cooling_rate = 0.999
26 - INFO - chord#: 56 done. best_score=27.0, changed=524, unchanged=363, early_stops=8/8
26 - INFO - chord#: 48 done. best_score=27.0, changed=521, unchanged=357, early_stops=8/8
26 - INFO - chord#: 58 In build_straw_man_chord_sa. tolerance = 1, sa_iterations = 1000, initial_temperature = 3.0, cooling_rate = 0.999
26 - INFO - chord#: 50 In build_straw_man_chord_sa. tolerance = 1, sa_iterations = 1000, initial_temperature = 3.0, cooling_rate = 0.999
26 - INFO - chord#: 58 done. best_score=67.0, changed=614, unchanged=338, early_stops=8/8
26 - INFO - chord#: 60 In build_straw_man_chord_sa. tolerance = 1, sa_iterations = 1000, initial_temperature = 3.0, cooling_rate = 0.999
26 - INFO - chord#: 56 done. best_score=27.0, changed=513, unchanged=427, early_stops=8/8
26 - INFO - chord#: 58 In build_straw_man_chord_sa. tolerance = 1, sa_iterations = 1000, initial_temperature = 3.0, cooling_rate = 0.999
26 - INFO - chord#: 60 done. best_score=11.0, changed=507, unchanged=369, early_stops=8/8
26 - INFO - chord#: 64 In build_straw_man_chord_sa. tolerance = 1, sa_iterations = 1000, initial_temperature = 3.0, cooling_rate = 0.999
26 - INFO - chord#: 56 done. best_score=27.0, changed=529, unchanged=530, early_stops=8/8
26 - INFO - chord#: 58 In build_straw_man_chord_sa. tolerance = 1, sa_iterations = 1000, initial_temperature = 3.0, cooling_rate = 0.999
26 - INFO - chord#: 58 done. best_score=67.0, changed=614, unchanged=241, early_stops=8/8
26 - INFO - chord#: 60 In build_straw_man_chord_sa. tolerance = 1, sa_iterations = 1000, initial_temperature = 3.0, cooling_rate = 0.999
26 - INFO - chord#: 48 done. best_score=27.0, changed=528, unchanged=444, early_stops=8/8
26 - INFO - chord#: 50 In build_straw_man_chord_sa. tolerance = 1, sa_iterations = 1000, initial_temperature = 3.0, cooling_rate = 0.999
26 - INFO - chord#: 60 done. best_score=11.0, changed=493, unchanged=340, early_stops=8/8
26 - INFO - chord#: 64 In build_straw_man_chord_sa. tolerance = 1, sa_iterations = 1000, initial_temperature = 3.0, cooling_rate = 0.999
26 - INFO - chord#: 50 done. best_score=75.0, changed=616, unchanged=352, early_stops=8/8
26 - INFO - chord#: 52 In build_straw_man_chord_sa. tolerance = 1, sa_iterations = 1000, initial_temperature = 3.0, cooling_rate = 0.999
26 - INFO - chord#: 64 done. best_score=27.0, changed=522, unchanged=379, early_stops=8/8
26 - INFO - chord#: 68 In build_straw_man_chord_sa. tolerance = 1, sa_iterations = 1000, initial_temperature = 3.0, cooling_rate = 0.999
26 - INFO - chord#: 64 done. best_score=27.0, changed=518, unchanged=341, early_stops=8/8
26 - INFO - chord#: 68 In build_straw_man_chord_sa. tolerance = 1, sa_iterations = 1000, initial_temperature = 3.0, cooling_rate = 0.999
26 - INFO - chord#: 50 done. best_score=93.0, changed=612, unchanged=301, early_stops=8/8
26 - INFO - chord#: 52 In build_straw_man_chord_sa. tolerance = 1, sa_iterations = 1000, initial_temperature = 3.0, cooling_rate = 0.999
26 - INFO - chord#: 50 done. best_score=94.0, changed=612, unchanged=229, early_stops=8/8
26 - INFO - chord#: 52 In build_straw_man_chord_sa. tolerance = 1, sa_iterations = 1000, initial_temperature = 3.0, cooling_rate = 0.999
26 - INFO - chord#: 58 done. best_score=67.0, changed=617, unchanged=337, early_stops=8/8
26 - INFO - chord#: 60 In build_straw_man_chord_sa. tolerance = 1, sa_iterations = 1000, initial_temperature = 3.0, cooling_rate = 0.999
26 - INFO - chord#: 68 done. best_score=27.0, changed=527, unchanged=455, early_stops=8/8
26 - INFO - chord#: 70 In build_straw_man_chord_sa. tolerance = 1, sa_iterations = 1000, initial_temperature = 3.0, cooling_rate = 0.999
26 - INFO - chord#: 50 done. best_score=93.0, changed=609, unchanged=245, early_stops=8/8
26 - INFO - chord#: 52 In build_straw_man_chord_sa. tolerance = 1, sa_iterations = 1000, initial_temperature = 3.0, cooling_rate = 0.999
26 - INFO - chord#: 58 done. best_score=96.0, changed=612, unchanged=341, early_stops=8/8
26 - INFO - chord#: 60 In build_straw_man_chord_sa. tolerance = 1, sa_iterations = 1000, initial_temperature = 3.0, cooling_rate = 0.999
26 - INFO - chord#: 60 done. best_score=11.0, changed=491, unchanged=342, early_stops=8/8
26 - INFO - chord#: 64 In build_straw_man_chord_sa. tolerance = 1, sa_iterations = 1000, initial_temperature = 3.0, cooling_rate = 0.999
26 - INFO - chord#: 60 done. best_score=11.0, changed=489, unchanged=340, early_stops=8/8
26 - INFO - chord#: 64 In build_straw_man_chord_sa. tolerance = 1, sa_iterations = 1000, initial_temperature = 3.0, cooling_rate = 0.999
26 - INFO - chord#: 68 done. best_score=27.0, changed=531, unchanged=497, early_stops=8/8
26 - INFO - chord#: 70 In build_straw_man_chord_sa. tolerance = 1, sa_iterations = 1000, initial_temperature = 3.0, cooling_rate = 0.999
26 - INFO - chord#: 58 done. best_score=67.0, changed=613, unchanged=296, early_stops=8/8
26 - INFO - chord#: 60 In build_straw_man_chord_sa. tolerance = 1, sa_iterations = 1000, initial_temperature = 3.0, cooling_rate = 0.999
26 - INFO - chord#: 60 done. best_score=11.0, changed=484, unchanged=347, early_stops=8/8
26 - INFO - chord#: 64 In build_straw_man_chord_sa. tolerance = 1, sa_iterations = 1000, initial_temperature = 3.0, cooling_rate = 0.999
26 - INFO - chord#: 58 done. best_score=96.0, changed=613, unchanged=508, early_stops=8/8
26 - INFO - chord#: 60 In build_straw_man_chord_sa. tolerance = 1, sa_iterations = 1000, initial_temperature = 3.0, cooling_rate = 0.999
26 - INFO - chord#: 50 done. best_score=96.0, changed=614, unchanged=428, early_stops=8/8
26 - INFO - chord#: 52 In build_straw_man_chord_sa. tolerance = 1, sa_iterations = 1000, initial_temperature = 3.0, cooling_rate = 0.999
26 - INFO - chord#: 60 done. best_score=11.0, changed=489, unchanged=325, early_stops=8/8
26 - INFO - chord#: 64 In build_straw_man_chord_sa. tolerance = 1, sa_iterations = 1000, initial_temperature = 3.0, cooling_rate = 0.999
26 - INFO - chord#: 50 done. best_score=96.0, changed=614, unchanged=360, early_stops=8/8
26 - INFO - chord#: 52 In build_straw_man_chord_sa. tolerance = 1, sa_iterations = 1000, initial_temperature = 3.0, cooling_rate = 0.999
26 - INFO - chord#: 64 done. best_score=27.0, changed=535, unchanged=491, early_stops=8/8
26 - INFO - chord#: 68 In build_straw_man_chord_sa. tolerance = 1, sa_iterations = 1000, initial_temperature = 3.0, cooling_rate = 0.999
26 - INFO - chord#: 64 done. best_score=27.0, changed=528, unchanged=570, early_stops=8/8
26 - INFO - chord#: 68 In build_straw_man_chord_sa. tolerance = 1, sa_iterations = 1000, initial_temperature = 3.0, cooling_rate = 0.999
26 - INFO - chord#: 64 done. best_score=27.0, changed=530, unchanged=540, early_stops=8/8
26 - INFO - chord#: 68 In build_straw_man_chord_sa. tolerance = 1, sa_iterations = 1000, initial_temperature = 3.0, cooling_rate = 0.999
26 - INFO - chord#: 52 done. best_score=78.0, changed=612, unchanged=290, early_stops=8/8
26 - INFO - chord#: 56 In build_straw_man_chord_sa. tolerance = 1, sa_iterations = 1000, initial_temperature = 3.0, cooling_rate = 0.999
26 - INFO - chord#: 70 done. best_score=149.0, changed=610, unchanged=238, early_stops=8/8
26 - INFO - chord#: 72 In build_straw_man_chord_sa. tolerance = 1, sa_iterations = 1000, initial_temperature = 3.0, cooling_rate = 0.999
26 - INFO - chord#: 64 done. best_score=27.0, changed=526, unchanged=474, early_stops=8/8
26 - INFO - chord#: 68 In build_straw_man_chord_sa. tolerance = 1, sa_iterations = 1000, initial_temperature = 3.0, cooling_rate = 0.999
26 - INFO - chord#: 72 done. best_score=11.0, changed=476, unchanged=345, early_stops=8/8
26 - INFO - chord#: 74 In build_straw_man_chord_sa. tolerance = 1, sa_iterations = 1000, initial_temperature = 3.0, cooling_rate = 0.999
26 - INFO - chord#: 68 done. best_score=27.0, changed=518, unchanged=300, early_stops=8/8
26 - INFO - chord#: 70 In build_straw_man_chord_sa. tolerance = 1, sa_iterations = 1000, initial_temperature = 3.0, cooling_rate = 0.999
26 - INFO - chord#: 52 done. best_score=78.0, changed=611, unchanged=245, early_stops=8/8
26 - INFO - chord#: 56 In build_straw_man_chord_sa. tolerance = 1, sa_iterations = 1000, initial_temperature = 3.0, cooling_rate = 0.999
26 - INFO - chord#: 68 done. best_score=27.0, changed=526, unchanged=428, early_stops=8/8
26 - INFO - chord#: 70 In build_straw_man_chord_sa. tolerance = 1, sa_iterations = 1000, initial_temperature = 3.0, cooling_rate = 0.999
26 - INFO - chord#: 70 done. best_score=70.0, changed=611, unchanged=409, early_stops=8/8
26 - INFO - chord#: 72 In build_straw_man_chord_sa. tolerance = 1, sa_iterations = 1000, initial_temperature = 3.0, cooling_rate = 0.999
26 - INFO - chord#: 68 done. best_score=27.0, changed=530, unchanged=382, early_stops=8/8
26 - INFO - chord#: 70 In build_straw_man_chord_sa. tolerance = 1, sa_iterations = 1000, initial_temperature = 3.0, cooling_rate = 0.999
26 - INFO - chord#: 72 done. best_score=11.0, changed=481, unchanged=348, early_stops=8/8
26 - INFO - chord#: 74 In build_straw_man_chord_sa. tolerance = 1, sa_iterations = 1000, initial_temperature = 3.0, cooling_rate = 0.999
26 - INFO - chord#: 68 done. best_score=27.0, changed=524, unchanged=350, early_stops=8/8
26 - INFO - chord#: 70 In build_straw_man_chord_sa. tolerance = 1, sa_iterations = 1000, initial_temperature = 3.0, cooling_rate = 0.999
26 - INFO - chord#: 52 done. best_score=78.0, changed=614, unchanged=337, early_stops=8/8
26 - INFO - chord#: 56 In build_straw_man_chord_sa. tolerance = 1, sa_iterations = 1000, initial_temperature = 3.0, cooling_rate = 0.999
26 - INFO - chord#: 56 done. best_score=27.0, changed=514, unchanged=368, early_stops=8/8
26 - INFO - chord#: 58 In build_straw_man_chord_sa. tolerance = 1, sa_iterations = 1000, initial_temperature = 3.0, cooling_rate = 0.999
26 - INFO - chord#: 52 done. best_score=78.0, changed=621, unchanged=597, early_stops=8/8
26 - INFO - chord#: 56 In build_straw_man_chord_sa. tolerance = 1, sa_iterations = 1000, initial_temperature = 3.0, cooling_rate = 0.999
26 - INFO - chord#: 56 done. best_score=27.0, changed=519, unchanged=444, early_stops=8/8
26 - INFO - chord#: 58 In build_straw_man_chord_sa. tolerance = 1, sa_iterations = 1000, initial_temperature = 3.0, cooling_rate = 0.999
26 - INFO - chord#: 52 done. best_score=78.0, changed=609, unchanged=334, early_stops=8/8
26 - INFO - chord#: 56 In build_straw_man_chord_sa. tolerance = 1, sa_iterations = 1000, initial_temperature = 3.0, cooling_rate = 0.999
26 - INFO - chord#: 70 done. best_score=149.0, changed=611, unchanged=282, early_stops=8/8
26 - INFO - chord#: 72 In build_straw_man_chord_sa. tolerance = 1, sa_iterations = 1000, initial_temperature = 3.0, cooling_rate = 0.999
26 - INFO - chord#: 56 done. best_score=27.0, changed=517, unchanged=491, early_stops=8/8
26 - INFO - chord#: 58 In build_straw_man_chord_sa. tolerance = 1, sa_iterations = 1000, initial_temperature = 3.0, cooling_rate = 0.999
26 - INFO - chord#: 52 done. best_score=78.0, changed=612, unchanged=444, early_stops=8/8
26 - INFO - chord#: 56 In build_straw_man_chord_sa. tolerance = 1, sa_iterations = 1000, initial_temperature = 3.0, cooling_rate = 0.999
26 - INFO - chord#: 72 done. best_score=11.0, changed=481, unchanged=350, early_stops=8/8
26 - INFO - chord#: 74 In build_straw_man_chord_sa. tolerance = 1, sa_iterations = 1000, initial_temperature = 3.0, cooling_rate = 0.999
26 - INFO - chord#: 74 done. best_score=149.0, changed=610, unchanged=376, early_stops=8/8
26 - INFO - chord#: 76 In build_straw_man_chord_sa. tolerance = 1, sa_iterations = 1000, initial_temperature = 3.0, cooling_rate = 0.999
26 - INFO - chord#: 70 done. best_score=70.0, changed=612, unchanged=294, early_stops=8/8
26 - INFO - chord#: 72 In build_straw_man_chord_sa. tolerance = 1, sa_iterations = 1000, initial_temperature = 3.0, cooling_rate = 0.999
26 - INFO - chord#: 70 done. best_score=70.0, changed=608, unchanged=223, early_stops=8/8
26 - INFO - chord#: 72 In build_straw_man_chord_sa. tolerance = 1, sa_iterations = 1000, initial_temperature = 3.0, cooling_rate = 0.999
26 - INFO - chord#: 56 done. best_score=27.0, changed=522, unchanged=392, early_stops=8/8
26 - INFO - chord#: 58 In build_straw_man_chord_sa. tolerance = 1, sa_iterations = 1000, initial_temperature = 3.0, cooling_rate = 0.999
26 - INFO - chord#: 72 done. best_score=11.0, changed=471, unchanged=356, early_stops=8/8
26 - INFO - chord#: 74 In build_straw_man_chord_sa. tolerance = 1, sa_iterations = 1000, initial_temperature = 3.0, cooling_rate = 0.999
26 - INFO - chord#: 74 done. best_score=101.0, changed=607, unchanged=240, early_stops=8/8
26 - INFO - chord#: 76 In build_straw_man_chord_sa. tolerance = 1, sa_iterations = 1000, initial_temperature = 3.0, cooling_rate = 0.999
26 - INFO - chord#: 72 done. best_score=11.0, changed=472, unchanged=347, early_stops=8/8
26 - INFO - chord#: 74 In build_straw_man_chord_sa. tolerance = 1, sa_iterations = 1000, initial_temperature = 3.0, cooling_rate = 0.999
26 - INFO - chord#: 70 done. best_score=70.0, changed=610, unchanged=285, early_stops=8/8
26 - INFO - chord#: 72 In build_straw_man_chord_sa. tolerance = 1, sa_iterations = 1000, initial_temperature = 3.0, cooling_rate = 0.999
26 - INFO - chord#: 56 done. best_score=27.0, changed=519, unchanged=564, early_stops=8/8
26 - INFO - chord#: 58 In build_straw_man_chord_sa. tolerance = 1, sa_iterations = 1000, initial_temperature = 3.0, cooling_rate = 0.999
26 - INFO - chord#: 72 done. best_score=11.0, changed=484, unchanged=340, early_stops=8/8
26 - INFO - chord#: 74 In build_straw_man_chord_sa. tolerance = 1, sa_iterations = 1000, initial_temperature = 3.0, cooling_rate = 0.999
26 - INFO - chord#: 76 done. best_score=27.0, changed=531, unchanged=336, early_stops=8/8
26 - INFO - chord#: 78 In build_straw_man_chord_sa. tolerance = 1, sa_iterations = 1000, initial_temperature = 3.0, cooling_rate = 0.999
26 - INFO - chord#: 76 done. best_score=27.0, changed=531, unchanged=413, early_stops=8/8
26 - INFO - chord#: 78 In build_straw_man_chord_sa. tolerance = 1, sa_iterations = 1000, initial_temperature = 3.0, cooling_rate = 0.999
26 - INFO - chord#: 56 done. best_score=27.0, changed=523, unchanged=565, early_stops=8/8
26 - INFO - chord#: 58 In build_straw_man_chord_sa. tolerance = 1, sa_iterations = 1000, initial_temperature = 3.0, cooling_rate = 0.999
26 - INFO - chord#: 58 done. best_score=137.0, changed=615, unchanged=349, early_stops=8/8
26 - INFO - chord#: 60 In build_straw_man_chord_sa. tolerance = 1, sa_iterations = 1000, initial_temperature = 3.0, cooling_rate = 0.999
26 - INFO - chord#: 58 done. best_score=67.0, changed=611, unchanged=321, early_stops=8/8
26 - INFO - chord#: 60 In build_straw_man_chord_sa. tolerance = 1, sa_iterations = 1000, initial_temperature = 3.0, cooling_rate = 0.999
26 - INFO - chord#: 74 done. best_score=147.0, changed=608, unchanged=249, early_stops=8/8
26 - INFO - chord#: 76 In build_straw_man_chord_sa. tolerance = 1, sa_iterations = 1000, initial_temperature = 3.0, cooling_rate = 0.999
26 - INFO - chord#: 60 done. best_score=11.0, changed=484, unchanged=370, early_stops=8/8
26 - INFO - chord#: 64 In build_straw_man_chord_sa. tolerance = 1, sa_iterations = 1000, initial_temperature = 3.0, cooling_rate = 0.999
26 - INFO - chord#: 60 done. best_score=11.0, changed=473, unchanged=352, early_stops=8/8
26 - INFO - chord#: 64 In build_straw_man_chord_sa. tolerance = 1, sa_iterations = 1000, initial_temperature = 3.0, cooling_rate = 0.999
26 - INFO - chord#: 74 done. best_score=94.0, changed=612, unchanged=268, early_stops=8/8
26 - INFO - chord#: 76 In build_straw_man_chord_sa. tolerance = 1, sa_iterations = 1000, initial_temperature = 3.0, cooling_rate = 0.999
26 - INFO - chord#: 58 done. best_score=67.0, changed=612, unchanged=306, early_stops=8/8
26 - INFO - chord#: 60 In build_straw_man_chord_sa. tolerance = 1, sa_iterations = 1000, initial_temperature = 3.0, cooling_rate = 0.999
26 - INFO - chord#: 74 done. best_score=147.0, changed=615, unchanged=348, early_stops=8/8
26 - INFO - chord#: 76 In build_straw_man_chord_sa. tolerance = 1, sa_iterations = 1000, initial_temperature = 3.0, cooling_rate = 0.999
26 - INFO - chord#: 74 done. best_score=94.0, changed=610, unchanged=266, early_stops=8/8
26 - INFO - chord#: 76 In build_straw_man_chord_sa. tolerance = 1, sa_iterations = 1000, initial_temperature = 3.0, cooling_rate = 0.999
26 - INFO - chord#: 60 done. best_score=11.0, changed=482, unchanged=363, early_stops=8/8
26 - INFO - chord#: 64 In build_straw_man_chord_sa. tolerance = 1, sa_iterations = 1000, initial_temperature = 3.0, cooling_rate = 0.999
26 - INFO - chord#: 76 done. best_score=27.0, changed=523, unchanged=381, early_stops=8/8
26 - INFO - chord#: 78 In build_straw_man_chord_sa. tolerance = 1, sa_iterations = 1000, initial_temperature = 3.0, cooling_rate = 0.999
26 - INFO - chord#: 76 done. best_score=27.0, changed=523, unchanged=361, early_stops=8/8
26 - INFO - chord#: 78 In build_straw_man_chord_sa. tolerance = 1, sa_iterations = 1000, initial_temperature = 3.0, cooling_rate = 0.999
26 - INFO - chord#: 58 done. best_score=67.0, changed=610, unchanged=387, early_stops=8/8
26 - INFO - chord#: 60 In build_straw_man_chord_sa. tolerance = 1, sa_iterations = 1000, initial_temperature = 3.0, cooling_rate = 0.999
26 - INFO - chord#: 64 done. best_score=27.0, changed=521, unchanged=433, early_stops=8/8
26 - INFO - chord#: 68 In build_straw_man_chord_sa. tolerance = 1, sa_iterations = 1000, initial_temperature = 3.0, cooling_rate = 0.999
26 - INFO - chord#: 78 done. best_score=120.0, changed=615, unchanged=412, early_stops=8/8
26 - INFO - chord#: 80 In build_straw_man_chord_sa. tolerance = 1, sa_iterations = 1000, initial_temperature = 3.0, cooling_rate = 0.999
26 - INFO - chord#: 60 done. best_score=11.0, changed=478, unchanged=348, early_stops=8/8
26 - INFO - chord#: 64 In build_straw_man_chord_sa. tolerance = 1, sa_iterations = 1000, initial_temperature = 3.0, cooling_rate = 0.999
26 - INFO - chord#: 64 done. best_score=27.0, changed=525, unchanged=453, early_stops=8/8
26 - INFO - chord#: 68 In build_straw_man_chord_sa. tolerance = 1, sa_iterations = 1000, initial_temperature = 3.0, cooling_rate = 0.999
26 - INFO - chord#: 58 done. best_score=96.0, changed=606, unchanged=340, early_stops=8/8
26 - INFO - chord#: 60 In build_straw_man_chord_sa. tolerance = 1, sa_iterations = 1000, initial_temperature = 3.0, cooling_rate = 0.999
26 - INFO - chord#: 78 done. best_score=82.0, changed=617, unchanged=374, early_stops=8/8
26 - INFO - chord#: 80 In build_straw_man_chord_sa. tolerance = 1, sa_iterations = 1000, initial_temperature = 3.0, cooling_rate = 0.999
26 - INFO - chord#: 76 done. best_score=27.0, changed=520, unchanged=406, early_stops=8/8
26 - INFO - chord#: 78 In build_straw_man_chord_sa. tolerance = 1, sa_iterations = 1000, initial_temperature = 3.0, cooling_rate = 0.999
26 - INFO - chord#: 76 done. best_score=27.0, changed=525, unchanged=357, early_stops=8/8
26 - INFO - chord#: 78 In build_straw_man_chord_sa. tolerance = 1, sa_iterations = 1000, initial_temperature = 3.0, cooling_rate = 0.999
26 - INFO - chord#: 60 done. best_score=11.0, changed=489, unchanged=337, early_stops=8/8
26 - INFO - chord#: 64 In build_straw_man_chord_sa. tolerance = 1, sa_iterations = 1000, initial_temperature = 3.0, cooling_rate = 0.999
26 - INFO - chord#: 58 done. best_score=137.0, changed=611, unchanged=244, early_stops=8/8
26 - INFO - chord#: 60 In build_straw_man_chord_sa. tolerance = 1, sa_iterations = 1000, initial_temperature = 3.0, cooling_rate = 0.999
26 - INFO - chord#: 64 done. best_score=27.0, changed=516, unchanged=363, early_stops=8/8
26 - INFO - chord#: 68 In build_straw_man_chord_sa. tolerance = 1, sa_iterations = 1000, initial_temperature = 3.0, cooling_rate = 0.999
26 - INFO - chord#: 60 done. best_score=11.0, changed=490, unchanged=384, early_stops=8/8
26 - INFO - chord#: 64 In build_straw_man_chord_sa. tolerance = 1, sa_iterations = 1000, initial_temperature = 3.0, cooling_rate = 0.999
26 - INFO - chord#: 80 done. best_score=27.0, changed=520, unchanged=368, early_stops=8/8
26 - INFO - chord#: 82 In build_straw_man_chord_sa. tolerance = 1, sa_iterations = 1000, initial_temperature = 3.0, cooling_rate = 0.999
26 - INFO - chord#: 68 done. best_score=27.0, changed=524, unchanged=354, early_stops=8/8
26 - INFO - chord#: 70 In build_straw_man_chord_sa. tolerance = 1, sa_iterations = 1000, initial_temperature = 3.0, cooling_rate = 0.999
26 - INFO - chord#: 80 done. best_score=27.0, changed=518, unchanged=312, early_stops=8/8
26 - INFO - chord#: 82 In build_straw_man_chord_sa. tolerance = 1, sa_iterations = 1000, initial_temperature = 3.0, cooling_rate = 0.999
26 - INFO - chord#: 68 done. best_score=27.0, changed=520, unchanged=387, early_stops=8/8
26 - INFO - chord#: 70 In build_straw_man_chord_sa. tolerance = 1, sa_iterations = 1000, initial_temperature = 3.0, cooling_rate = 0.999
26 - INFO - chord#: 78 done. best_score=82.0, changed=606, unchanged=226, early_stops=8/8
26 - INFO - chord#: 80 In build_straw_man_chord_sa. tolerance = 1, sa_iterations = 1000, initial_temperature = 3.0, cooling_rate = 0.999
26 - INFO - chord#: 64 done. best_score=27.0, changed=518, unchanged=481, early_stops=8/8
26 - INFO - chord#: 68 In build_straw_man_chord_sa. tolerance = 1, sa_iterations = 1000, initial_temperature = 3.0, cooling_rate = 0.999
26 - INFO - chord#: 68 done. best_score=27.0, changed=521, unchanged=342, early_stops=8/8
26 - INFO - chord#: 70 In build_straw_man_chord_sa. tolerance = 1, sa_iterations = 1000, initial_temperature = 3.0, cooling_rate = 0.999
26 - INFO - chord#: 64 done. best_score=27.0, changed=509, unchanged=330, early_stops=8/8
26 - INFO - chord#: 68 In build_straw_man_chord_sa. tolerance = 1, sa_iterations = 1000, initial_temperature = 3.0, cooling_rate = 0.999
26 - INFO - chord#: 78 done. best_score=82.0, changed=610, unchanged=352, early_stops=8/8
26 - INFO - chord#: 80 In build_straw_man_chord_sa. tolerance = 1, sa_iterations = 1000, initial_temperature = 3.0, cooling_rate = 0.999
26 - INFO - chord#: 64 done. best_score=27.0, changed=528, unchanged=527, early_stops=8/8
26 - INFO - chord#: 68 In build_straw_man_chord_sa. tolerance = 1, sa_iterations = 1000, initial_temperature = 3.0, cooling_rate = 0.999
26 - INFO - chord#: 78 done. best_score=82.0, changed=609, unchanged=252, early_stops=8/8
26 - INFO - chord#: 80 In build_straw_man_chord_sa. tolerance = 1, sa_iterations = 1000, initial_temperature = 3.0, cooling_rate = 0.999
26 - INFO - chord#: 80 done. best_score=27.0, changed=524, unchanged=401, early_stops=8/8
26 - INFO - chord#: 82 In build_straw_man_chord_sa. tolerance = 1, sa_iterations = 1000, initial_temperature = 3.0, cooling_rate = 0.999
26 - INFO - chord#: 78 done. best_score=120.0, changed=610, unchanged=315, early_stops=8/8
26 - INFO - chord#: 80 In build_straw_man_chord_sa. tolerance = 1, sa_iterations = 1000, initial_temperature = 3.0, cooling_rate = 0.999
26 - INFO - chord#: 68 done. best_score=27.0, changed=520, unchanged=352, early_stops=8/8
26 - INFO - chord#: 70 In build_straw_man_chord_sa. tolerance = 1, sa_iterations = 1000, initial_temperature = 3.0, cooling_rate = 0.999
26 - INFO - chord#: 80 done. best_score=27.0, changed=511, unchanged=305, early_stops=8/8
26 - INFO - chord#: 82 In build_straw_man_chord_sa. tolerance = 1, sa_iterations = 1000, initial_temperature = 3.0, cooling_rate = 0.999
26 - INFO - chord#: 68 done. best_score=27.0, changed=517, unchanged=404, early_stops=8/8
26 - INFO - chord#: 70 In build_straw_man_chord_sa. tolerance = 1, sa_iterations = 1000, initial_temperature = 3.0, cooling_rate = 0.999
26 - INFO - chord#: 68 done. best_score=27.0, changed=529, unchanged=374, early_stops=8/8
26 - INFO - chord#: 70 In build_straw_man_chord_sa. tolerance = 1, sa_iterations = 1000, initial_temperature = 3.0, cooling_rate = 0.999
26 - INFO - chord#: 80 done. best_score=27.0, changed=532, unchanged=518, early_stops=8/8
26 - INFO - chord#: 82 In build_straw_man_chord_sa. tolerance = 1, sa_iterations = 1000, initial_temperature = 3.0, cooling_rate = 0.999
26 - INFO - chord#: 70 done. best_score=145.0, changed=606, unchanged=231, early_stops=8/8
26 - INFO - chord#: 72 In build_straw_man_chord_sa. tolerance = 1, sa_iterations = 1000, initial_temperature = 3.0, cooling_rate = 0.999
26 - INFO - chord#: 82 done. best_score=67.0, changed=609, unchanged=434, early_stops=8/8
26 - INFO - chord#: 84 In build_straw_man_chord_sa. tolerance = 1, sa_iterations = 1000, initial_temperature = 3.0, cooling_rate = 0.999
26 - INFO - chord#: 82 done. best_score=78.0, changed=617, unchanged=414, early_stops=8/8
26 - INFO - chord#: 84 In build_straw_man_chord_sa. tolerance = 1, sa_iterations = 1000, initial_temperature = 3.0, cooling_rate = 0.999
26 - INFO - chord#: 70 done. best_score=70.0, changed=613, unchanged=316, early_stops=8/8
26 - INFO - chord#: 72 In build_straw_man_chord_sa. tolerance = 1, sa_iterations = 1000, initial_temperature = 3.0, cooling_rate = 0.999
26 - INFO - chord#: 80 done. best_score=27.0, changed=527, unchanged=549, early_stops=8/8
26 - INFO - chord#: 82 In build_straw_man_chord_sa. tolerance = 1, sa_iterations = 1000, initial_temperature = 3.0, cooling_rate = 0.999
26 - INFO - chord#: 72 done. best_score=11.0, changed=511, unchanged=300, early_stops=8/8
26 - INFO - chord#: 74 In build_straw_man_chord_sa. tolerance = 1, sa_iterations = 1000, initial_temperature = 3.0, cooling_rate = 0.999
26 - INFO - chord#: 72 done. best_score=11.0, changed=493, unchanged=325, early_stops=8/8
26 - INFO - chord#: 74 In build_straw_man_chord_sa. tolerance = 1, sa_iterations = 1000, initial_temperature = 3.0, cooling_rate = 0.999
26 - INFO - chord#: 82 done. best_score=119.0, changed=607, unchanged=242, early_stops=8/8
26 - INFO - chord#: 70 done. best_score=111.0, changed=610, unchanged=303, early_stops=8/8
26 - INFO - chord#: 84 In build_straw_man_chord_sa. tolerance = 1, sa_iterations = 1000, initial_temperature = 3.0, cooling_rate = 0.999
26 - INFO - chord#: 72 In build_straw_man_chord_sa. tolerance = 1, sa_iterations = 1000, initial_temperature = 3.0, cooling_rate = 0.999
26 - INFO - chord#: 84 done. best_score=36.0, changed=518, unchanged=339, early_stops=8/8
26 - INFO - chord#: 86 In build_straw_man_chord_sa. tolerance = 1, sa_iterations = 1000, initial_temperature = 3.0, cooling_rate = 0.999
26 - INFO - chord#: 84 done. best_score=36.0, changed=526, unchanged=357, early_stops=8/8
26 - INFO - chord#: 86 In build_straw_man_chord_sa. tolerance = 1, sa_iterations = 1000, initial_temperature = 3.0, cooling_rate = 0.999
26 - INFO - chord#: 72 done. best_score=11.0, changed=477, unchanged=351, early_stops=8/8
26 - INFO - chord#: 74 In build_straw_man_chord_sa. tolerance = 1, sa_iterations = 1000, initial_temperature = 3.0, cooling_rate = 0.999
26 - INFO - chord#: 70 done. best_score=70.0, changed=611, unchanged=252, early_stops=8/8
26 - INFO - chord#: 72 In build_straw_man_chord_sa. tolerance = 1, sa_iterations = 1000, initial_temperature = 3.0, cooling_rate = 0.999
26 - INFO - chord#: 84 done. best_score=36.0, changed=521, unchanged=303, early_stops=8/8
26 - INFO - chord#: 86 In build_straw_man_chord_sa. tolerance = 1, sa_iterations = 1000, initial_temperature = 3.0, cooling_rate = 0.999
26 - INFO - chord#: 72 done. best_score=11.0, changed=493, unchanged=329, early_stops=8/8
26 - INFO - chord#: 74 In build_straw_man_chord_sa. tolerance = 1, sa_iterations = 1000, initial_temperature = 3.0, cooling_rate = 0.999
26 - INFO - chord#: 82 done. best_score=137.0, changed=610, unchanged=348, early_stops=8/8
26 - INFO - chord#: 84 In build_straw_man_chord_sa. tolerance = 1, sa_iterations = 1000, initial_temperature = 3.0, cooling_rate = 0.999
26 - INFO - chord#: 82 done. best_score=67.0, changed=606, unchanged=303, early_stops=8/8
26 - INFO - chord#: 84 In build_straw_man_chord_sa. tolerance = 1, sa_iterations = 1000, initial_temperature = 3.0, cooling_rate = 0.999
26 - INFO - chord#: 82 done. best_score=119.0, changed=620, unchanged=335, early_stops=8/8
26 - INFO - chord#: 84 In build_straw_man_chord_sa. tolerance = 1, sa_iterations = 1000, initial_temperature = 3.0, cooling_rate = 0.999
26 - INFO - chord#: 84 done. best_score=36.0, changed=519, unchanged=382, early_stops=8/8
26 - INFO - chord#: 86 In build_straw_man_chord_sa. tolerance = 1, sa_iterations = 1000, initial_temperature = 3.0, cooling_rate = 0.999
26 - INFO - chord#: 70 done. best_score=70.0, changed=615, unchanged=447, early_stops=8/8
26 - INFO - chord#: 72 In build_straw_man_chord_sa. tolerance = 1, sa_iterations = 1000, initial_temperature = 3.0, cooling_rate = 0.999
26 - INFO - chord#: 70 done. best_score=70.0, changed=612, unchanged=451, early_stops=8/8
26 - INFO - chord#: 72 In build_straw_man_chord_sa. tolerance = 1, sa_iterations = 1000, initial_temperature = 3.0, cooling_rate = 0.999
26 - INFO - chord#: 72 done. best_score=11.0, changed=522, unchanged=294, early_stops=8/8
26 - INFO - chord#: 74 In build_straw_man_chord_sa. tolerance = 1, sa_iterations = 1000, initial_temperature = 3.0, cooling_rate = 0.999
26 - INFO - chord#: 72 done. best_score=11.0, changed=505, unchanged=320, early_stops=8/8
26 - INFO - chord#: 74 In build_straw_man_chord_sa. tolerance = 1, sa_iterations = 1000, initial_temperature = 3.0, cooling_rate = 0.999
26 - INFO - chord#: 74 done. best_score=101.0, changed=611, unchanged=306, early_stops=8/8
26 - INFO - chord#: 76 In build_straw_man_chord_sa. tolerance = 1, sa_iterations = 1000, initial_temperature = 3.0, cooling_rate = 0.999
26 - INFO - chord#: 74 done. best_score=94.0, changed=613, unchanged=370, early_stops=8/8
26 - INFO - chord#: 76 In build_straw_man_chord_sa. tolerance = 1, sa_iterations = 1000, initial_temperature = 3.0, cooling_rate = 0.999
26 - INFO - chord#: 86 done. best_score=136.0, changed=610, unchanged=299, early_stops=8/8
26 - INFO - chord#: 88 In build_straw_man_chord_sa. tolerance = 1, sa_iterations = 1000, initial_temperature = 3.0, cooling_rate = 0.999
26 - INFO - chord#: 84 done. best_score=36.0, changed=522, unchanged=340, early_stops=8/8
26 - INFO - chord#: 86 In build_straw_man_chord_sa. tolerance = 1, sa_iterations = 1000, initial_temperature = 3.0, cooling_rate = 0.999
26 - INFO - chord#: 86 done. best_score=141.0, changed=617, unchanged=387, early_stops=8/8
26 - INFO - chord#: 88 In build_straw_man_chord_sa. tolerance = 1, sa_iterations = 1000, initial_temperature = 3.0, cooling_rate = 0.999
26 - INFO - chord#: 84 done. best_score=36.0, changed=526, unchanged=396, early_stops=8/8
26 - INFO - chord#: 86 In build_straw_man_chord_sa. tolerance = 1, sa_iterations = 1000, initial_temperature = 3.0, cooling_rate = 0.999
26 - INFO - chord#: 88 done. best_score=27.0, changed=525, unchanged=386, early_stops=8/8
26 - INFO - chord#: 90 In build_straw_man_chord_sa. tolerance = 1, sa_iterations = 1000, initial_temperature = 3.0, cooling_rate = 0.999
26 - INFO - chord#: 86 done. best_score=105.0, changed=615, unchanged=367, early_stops=8/8
26 - INFO - chord#: 88 In build_straw_man_chord_sa. tolerance = 1, sa_iterations = 1000, initial_temperature = 3.0, cooling_rate = 0.999
26 - INFO - chord#: 74 done. best_score=94.0, changed=615, unchanged=377, early_stops=8/8
26 - INFO - chord#: 76 In build_straw_man_chord_sa. tolerance = 1, sa_iterations = 1000, initial_temperature = 3.0, cooling_rate = 0.999
26 - INFO - chord#: 74 done. best_score=147.0, changed=615, unchanged=387, early_stops=8/8
26 - INFO - chord#: 76 In build_straw_man_chord_sa. tolerance = 1, sa_iterations = 1000, initial_temperature = 3.0, cooling_rate = 0.999
26 - INFO - chord#: 88 done. best_score=57.0, changed=519, unchanged=334, early_stops=8/8
26 - INFO - chord#: 90 In build_straw_man_chord_sa. tolerance = 1, sa_iterations = 1000, initial_temperature = 3.0, cooling_rate = 0.999
26 - INFO - chord#: 76 done. best_score=27.0, changed=523, unchanged=315, early_stops=8/8
26 - INFO - chord#: 78 In build_straw_man_chord_sa. tolerance = 1, sa_iterations = 1000, initial_temperature = 3.0, cooling_rate = 0.999
26 - INFO - chord#: 76 done. best_score=27.0, changed=523, unchanged=493, early_stops=8/8
26 - INFO - chord#: 78 In build_straw_man_chord_sa. tolerance = 1, sa_iterations = 1000, initial_temperature = 3.0, cooling_rate = 0.999
26 - INFO - chord#: 86 done. best_score=137.0, changed=606, unchanged=287, early_stops=8/8
26 - INFO - chord#: 88 In build_straw_man_chord_sa. tolerance = 1, sa_iterations = 1000, initial_temperature = 3.0, cooling_rate = 0.999
26 - INFO - chord#: 88 done. best_score=36.0, changed=516, unchanged=332, early_stops=8/8
26 - INFO - chord#: 90 In build_straw_man_chord_sa. tolerance = 1, sa_iterations = 1000, initial_temperature = 3.0, cooling_rate = 0.999
26 - INFO - chord#: 76 done. best_score=27.0, changed=519, unchanged=554, early_stops=8/8
26 - INFO - chord#: 78 In build_straw_man_chord_sa. tolerance = 1, sa_iterations = 1000, initial_temperature = 3.0, cooling_rate = 0.999
26 - INFO - chord#: 76 done. best_score=27.0, changed=512, unchanged=331, early_stops=8/8
26 - INFO - chord#: 78 In build_straw_man_chord_sa. tolerance = 1, sa_iterations = 1000, initial_temperature = 3.0, cooling_rate = 0.999
26 - INFO - chord#: 88 done. best_score=27.0, changed=523, unchanged=458, early_stops=8/8
26 - INFO - chord#: 90 In build_straw_man_chord_sa. tolerance = 1, sa_iterations = 1000, initial_temperature = 3.0, cooling_rate = 0.999
26 - INFO - chord#: 86 done. best_score=136.0, changed=612, unchanged=352, early_stops=8/8
26 - INFO - chord#: 88 In build_straw_man_chord_sa. tolerance = 1, sa_iterations = 1000, initial_temperature = 3.0, cooling_rate = 0.999
26 - INFO - chord#: 90 done. best_score=111.0, changed=608, unchanged=258, early_stops=8/8
26 - INFO - chord#: 92 In build_straw_man_chord_sa. tolerance = 1, sa_iterations = 1000, initial_temperature = 3.0, cooling_rate = 0.999
26 - INFO - chord#: 90 done. best_score=145.0, changed=614, unchanged=235, early_stops=8/8
26 - INFO - chord#: 92 In build_straw_man_chord_sa. tolerance = 1, sa_iterations = 1000, initial_temperature = 3.0, cooling_rate = 0.999
26 - INFO - chord#: 74 done. best_score=127.0, changed=618, unchanged=388, early_stops=8/8
26 - INFO - chord#: 76 In build_straw_man_chord_sa. tolerance = 1, sa_iterations = 1000, initial_temperature = 3.0, cooling_rate = 0.999
26 - INFO - chord#: 74 done. best_score=94.0, changed=619, unchanged=450, early_stops=8/8
26 - INFO - chord#: 76 In build_straw_man_chord_sa. tolerance = 1, sa_iterations = 1000, initial_temperature = 3.0, cooling_rate = 0.999
26 - INFO - chord#: 86 done. best_score=137.0, changed=614, unchanged=342, early_stops=8/8
26 - INFO - chord#: 88 In build_straw_man_chord_sa. tolerance = 1, sa_iterations = 1000, initial_temperature = 3.0, cooling_rate = 0.999
26 - INFO - chord#: 88 done. best_score=27.0, changed=520, unchanged=485, early_stops=8/8
26 - INFO - chord#: 90 In build_straw_man_chord_sa. tolerance = 1, sa_iterations = 1000, initial_temperature = 3.0, cooling_rate = 0.999
26 - INFO - chord#: 92 done. best_score=27.0, changed=517, unchanged=391, early_stops=8/8
26 - INFO - chord#: 96 In build_straw_man_chord_sa. tolerance = 1, sa_iterations = 1000, initial_temperature = 3.0, cooling_rate = 0.999
26 - INFO - chord#: 92 done. best_score=27.0, changed=533, unchanged=372, early_stops=8/8
26 - INFO - chord#: 96 In build_straw_man_chord_sa. tolerance = 1, sa_iterations = 1000, initial_temperature = 3.0, cooling_rate = 0.999
26 - INFO - chord#: 90 done. best_score=70.0, changed=615, unchanged=294, early_stops=8/8
26 - INFO - chord#: 92 In build_straw_man_chord_sa. tolerance = 1, sa_iterations = 1000, initial_temperature = 3.0, cooling_rate = 0.999
26 - INFO - chord#: 78 done. best_score=82.0, changed=612, unchanged=321, early_stops=8/8
26 - INFO - chord#: 80 In build_straw_man_chord_sa. tolerance = 1, sa_iterations = 1000, initial_temperature = 3.0, cooling_rate = 0.999
26 - INFO - chord#: 76 done. best_score=27.0, changed=516, unchanged=389, early_stops=8/8
26 - INFO - chord#: 78 In build_straw_man_chord_sa. tolerance = 1, sa_iterations = 1000, initial_temperature = 3.0, cooling_rate = 0.999
26 - INFO - chord#: 78 done. best_score=82.0, changed=614, unchanged=320, early_stops=8/8
26 - INFO - chord#: 80 In build_straw_man_chord_sa. tolerance = 1, sa_iterations = 1000, initial_temperature = 3.0, cooling_rate = 0.999
26 - INFO - chord#: 88 done. best_score=27.0, changed=520, unchanged=475, early_stops=8/8
26 - INFO - chord#: 90 In build_straw_man_chord_sa. tolerance = 1, sa_iterations = 1000, initial_temperature = 3.0, cooling_rate = 0.999
26 - INFO - chord#: 76 done. best_score=27.0, changed=515, unchanged=348, early_stops=8/8
26 - INFO - chord#: 78 In build_straw_man_chord_sa. tolerance = 1, sa_iterations = 1000, initial_temperature = 3.0, cooling_rate = 0.999
26 - INFO - chord#: 78 done. best_score=82.0, changed=613, unchanged=433, early_stops=8/8
26 - INFO - chord#: 80 In build_straw_man_chord_sa. tolerance = 1, sa_iterations = 1000, initial_temperature = 3.0, cooling_rate = 0.999
26 - INFO - chord#: 96 done. best_score=27.0, changed=510, unchanged=303, early_stops=8/8
26 - INFO - chord#: 98 In build_straw_man_chord_sa. tolerance = 1, sa_iterations = 1000, initial_temperature = 3.0, cooling_rate = 0.999
26 - INFO - chord#: 90 done. best_score=70.0, changed=612, unchanged=343, early_stops=8/8
26 - INFO - chord#: 96 done. best_score=27.0, changed=516, unchanged=406, early_stops=8/8
26 - INFO - chord#: 92 In build_straw_man_chord_sa. tolerance = 1, sa_iterations = 1000, initial_temperature = 3.0, cooling_rate = 0.999
26 - INFO - chord#: 98 In build_straw_man_chord_sa. tolerance = 1, sa_iterations = 1000, initial_temperature = 3.0, cooling_rate = 0.999
26 - INFO - chord#: 92 done. best_score=27.0, changed=519, unchanged=436, early_stops=8/8
26 - INFO - chord#: 96 In build_straw_man_chord_sa. tolerance = 1, sa_iterations = 1000, initial_temperature = 3.0, cooling_rate = 0.999
26 - INFO - chord#: 78 done. best_score=82.0, changed=608, unchanged=329, early_stops=8/8
26 - INFO - chord#: 80 In build_straw_man_chord_sa. tolerance = 1, sa_iterations = 1000, initial_temperature = 3.0, cooling_rate = 0.999
26 - INFO - chord#: 80 done. best_score=27.0, changed=516, unchanged=386, early_stops=8/8
26 - INFO - chord#: 82 In build_straw_man_chord_sa. tolerance = 1, sa_iterations = 1000, initial_temperature = 3.0, cooling_rate = 0.999
26 - INFO - chord#: 80 done. best_score=27.0, changed=515, unchanged=326, early_stops=8/8
26 - INFO - chord#: 82 In build_straw_man_chord_sa. tolerance = 1, sa_iterations = 1000, initial_temperature = 3.0, cooling_rate = 0.999
26 - INFO - chord#: 80 done. best_score=27.0, changed=512, unchanged=400, early_stops=8/8
26 - INFO - chord#: 82 In build_straw_man_chord_sa. tolerance = 1, sa_iterations = 1000, initial_temperature = 3.0, cooling_rate = 0.999
26 - INFO - chord#: 90 done. best_score=149.0, changed=609, unchanged=229, early_stops=8/8
26 - INFO - chord#: 92 In build_straw_man_chord_sa. tolerance = 1, sa_iterations = 1000, initial_temperature = 3.0, cooling_rate = 0.999
26 - INFO - chord#: 96 done. best_score=27.0, changed=520, unchanged=312, early_stops=8/8
26 - INFO - chord#: 98 In build_straw_man_chord_sa. tolerance = 1, sa_iterations = 1000, initial_temperature = 3.0, cooling_rate = 0.999
26 - INFO - chord#: 92 done. best_score=27.0, changed=513, unchanged=398, early_stops=8/8
26 - INFO - chord#: 96 In build_straw_man_chord_sa. tolerance = 1, sa_iterations = 1000, initial_temperature = 3.0, cooling_rate = 0.999
26 - INFO - chord#: 80 done. best_score=27.0, changed=521, unchanged=395, early_stops=8/8
26 - INFO - chord#: 82 In build_straw_man_chord_sa. tolerance = 1, sa_iterations = 1000, initial_temperature = 3.0, cooling_rate = 0.999
26 - INFO - chord#: 78 done. best_score=120.0, changed=610, unchanged=238, early_stops=8/8
26 - INFO - chord#: 80 In build_straw_man_chord_sa. tolerance = 1, sa_iterations = 1000, initial_temperature = 3.0, cooling_rate = 0.999
26 - INFO - chord#: 98 done. best_score=64.0, changed=610, unchanged=281, early_stops=8/8
26 - INFO - chord#: 100 In build_straw_man_chord_sa. tolerance = 1, sa_iterations = 1000, initial_temperature = 3.0, cooling_rate = 0.999
26 - INFO - chord#: 92 done. best_score=27.0, changed=527, unchanged=442, early_stops=8/8
26 - INFO - chord#: 96 In build_straw_man_chord_sa. tolerance = 1, sa_iterations = 1000, initial_temperature = 3.0, cooling_rate = 0.999
26 - INFO - chord#: 78 done. best_score=82.0, changed=614, unchanged=286, early_stops=8/8
26 - INFO - chord#: 80 In build_straw_man_chord_sa. tolerance = 1, sa_iterations = 1000, initial_temperature = 3.0, cooling_rate = 0.999
26 - INFO - chord#: 96 done. best_score=27.0, changed=523, unchanged=315, early_stops=8/8
26 - INFO - chord#: 98 In build_straw_man_chord_sa. tolerance = 1, sa_iterations = 1000, initial_temperature = 3.0, cooling_rate = 0.999
26 - INFO - chord#: 90 done. best_score=70.0, changed=611, unchanged=324, early_stops=8/8
26 - INFO - chord#: 92 In build_straw_man_chord_sa. tolerance = 1, sa_iterations = 1000, initial_temperature = 3.0, cooling_rate = 0.999
26 - INFO - chord#: 98 done. best_score=64.0, changed=620, unchanged=475, early_stops=8/8
26 - INFO - chord#: 100 In build_straw_man_chord_sa. tolerance = 1, sa_iterations = 1000, initial_temperature = 3.0, cooling_rate = 0.999
26 - INFO - chord#: 100 done. best_score=27.0, changed=515, unchanged=343, early_stops=8/8
26 - INFO - chord#: 102 In build_straw_man_chord_sa. tolerance = 1, sa_iterations = 1000, initial_temperature = 3.0, cooling_rate = 0.999
26 - INFO - chord#: 96 done. best_score=27.0, changed=515, unchanged=354, early_stops=8/8
26 - INFO - chord#: 98 In build_straw_man_chord_sa. tolerance = 1, sa_iterations = 1000, initial_temperature = 3.0, cooling_rate = 0.999
26 - INFO - chord#: 80 done. best_score=36.0, changed=525, unchanged=365, early_stops=8/8
26 - INFO - chord#: 82 In build_straw_man_chord_sa. tolerance = 1, sa_iterations = 1000, initial_temperature = 3.0, cooling_rate = 0.999
26 - INFO - chord#: 80 done. best_score=27.0, changed=522, unchanged=349, early_stops=8/8
26 - INFO - chord#: 82 In build_straw_man_chord_sa. tolerance = 1, sa_iterations = 1000, initial_temperature = 3.0, cooling_rate = 0.999
26 - INFO - chord#: 100 done. best_score=27.0, changed=525, unchanged=398, early_stops=8/8
26 - INFO - chord#: 102 In build_straw_man_chord_sa. tolerance = 1, sa_iterations = 1000, initial_temperature = 3.0, cooling_rate = 0.999
26 - INFO - chord#: 82 done. best_score=155.0, changed=604, unchanged=235, early_stops=8/8
26 - INFO - chord#: 84 In build_straw_man_chord_sa. tolerance = 1, sa_iterations = 1000, initial_temperature = 3.0, cooling_rate = 0.999
26 - INFO - chord#: 82 done. best_score=125.0, changed=611, unchanged=401, early_stops=8/8
26 - INFO - chord#: 84 In build_straw_man_chord_sa. tolerance = 1, sa_iterations = 1000, initial_temperature = 3.0, cooling_rate = 0.999
26 - INFO - chord#: 82 done. best_score=125.0, changed=612, unchanged=338, early_stops=8/8
26 - INFO - chord#: 84 In build_straw_man_chord_sa. tolerance = 1, sa_iterations = 1000, initial_temperature = 3.0, cooling_rate = 0.999
26 - INFO - chord#: 98 done. best_score=64.0, changed=616, unchanged=476, early_stops=8/8
26 - INFO - chord#: 100 In build_straw_man_chord_sa. tolerance = 1, sa_iterations = 1000, initial_temperature = 3.0, cooling_rate = 0.999
26 - INFO - chord#: 92 done. best_score=27.0, changed=525, unchanged=510, early_stops=8/8
26 - INFO - chord#: 96 In build_straw_man_chord_sa. tolerance = 1, sa_iterations = 1000, initial_temperature = 3.0, cooling_rate = 0.999
26 - INFO - chord#: 98 done. best_score=125.0, changed=608, unchanged=220, early_stops=8/8
26 - INFO - chord#: 100 In build_straw_man_chord_sa. tolerance = 1, sa_iterations = 1000, initial_temperature = 3.0, cooling_rate = 0.999
26 - INFO - chord#: 102 done. best_score=35.0, changed=524, unchanged=494, early_stops=8/8
26 - INFO - chord#: 104 In build_straw_man_chord_sa. tolerance = 1, sa_iterations = 1000, initial_temperature = 3.0, cooling_rate = 0.999
26 - INFO - chord#: 102 done. best_score=35.0, changed=518, unchanged=394, early_stops=8/8
26 - INFO - chord#: 104 In build_straw_man_chord_sa. tolerance = 1, sa_iterations = 1000, initial_temperature = 3.0, cooling_rate = 0.999
26 - INFO - chord#: 82 done. best_score=140.0, changed=607, unchanged=291, early_stops=8/8
26 - INFO - chord#: 84 In build_straw_man_chord_sa. tolerance = 1, sa_iterations = 1000, initial_temperature = 3.0, cooling_rate = 0.999
26 - INFO - chord#: 84 done. best_score=36.0, changed=527, unchanged=426, early_stops=8/8
26 - INFO - chord#: 86 In build_straw_man_chord_sa. tolerance = 1, sa_iterations = 1000, initial_temperature = 3.0, cooling_rate = 0.999
26 - INFO - chord#: 84 done. best_score=36.0, changed=523, unchanged=361, early_stops=8/8
26 - INFO - chord#: 86 In build_straw_man_chord_sa. tolerance = 1, sa_iterations = 1000, initial_temperature = 3.0, cooling_rate = 0.999
26 - INFO - chord#: 100 done. best_score=27.0, changed=523, unchanged=346, early_stops=8/8
26 - INFO - chord#: 102 In build_straw_man_chord_sa. tolerance = 1, sa_iterations = 1000, initial_temperature = 3.0, cooling_rate = 0.999
26 - INFO - chord#: 100 done. best_score=27.0, changed=535, unchanged=475, early_stops=8/8
26 - INFO - chord#: 102 In build_straw_man_chord_sa. tolerance = 1, sa_iterations = 1000, initial_temperature = 3.0, cooling_rate = 0.999
26 - INFO - chord#: 84 done. best_score=36.0, changed=521, unchanged=393, early_stops=8/8
26 - INFO - chord#: 86 In build_straw_man_chord_sa. tolerance = 1, sa_iterations = 1000, initial_temperature = 3.0, cooling_rate = 0.999
26 - INFO - chord#: 98 done. best_score=64.0, changed=607, unchanged=243, early_stops=8/8
26 - INFO - chord#: 100 In build_straw_man_chord_sa. tolerance = 1, sa_iterations = 1000, initial_temperature = 3.0, cooling_rate = 0.999
26 - INFO - chord#: 96 done. best_score=27.0, changed=513, unchanged=367, early_stops=8/8
26 - INFO - chord#: 98 In build_straw_man_chord_sa. tolerance = 1, sa_iterations = 1000, initial_temperature = 3.0, cooling_rate = 0.999
26 - INFO - chord#: 104 done. best_score=27.0, changed=516, unchanged=504, early_stops=8/8
26 - INFO - chord#: 106 In build_straw_man_chord_sa. tolerance = 1, sa_iterations = 1000, initial_temperature = 3.0, cooling_rate = 0.999
26 - INFO - chord#: 104 done. best_score=27.0, changed=526, unchanged=456, early_stops=8/8
26 - INFO - chord#: 106 In build_straw_man_chord_sa. tolerance = 1, sa_iterations = 1000, initial_temperature = 3.0, cooling_rate = 0.999
26 - INFO - chord#: 84 done. best_score=36.0, changed=523, unchanged=388, early_stops=8/8
26 - INFO - chord#: 86 In build_straw_man_chord_sa. tolerance = 1, sa_iterations = 1000, initial_temperature = 3.0, cooling_rate = 0.999
26 - INFO - chord#: 102 done. best_score=35.0, changed=519, unchanged=334, early_stops=8/8
26 - INFO - chord#: 102 done. best_score=35.0, changed=521, unchanged=367, early_stops=8/8
26 - INFO - chord#: 104 In build_straw_man_chord_sa. tolerance = 1, sa_iterations = 1000, initial_temperature = 3.0, cooling_rate = 0.999
26 - INFO - chord#: 104 In build_straw_man_chord_sa. tolerance = 1, sa_iterations = 1000, initial_temperature = 3.0, cooling_rate = 0.999
26 - INFO - chord#: 100 done. best_score=27.0, changed=528, unchanged=347, early_stops=8/8
26 - INFO - chord#: 102 In build_straw_man_chord_sa. tolerance = 1, sa_iterations = 1000, initial_temperature = 3.0, cooling_rate = 0.999
26 - INFO - chord#: 106 done. best_score=27.0, changed=520, unchanged=329, early_stops=8/8
26 - INFO - chord#: 108 In build_straw_man_chord_sa. tolerance = 1, sa_iterations = 1000, initial_temperature = 3.0, cooling_rate = 0.999
26 - INFO - chord#: 82 done. best_score=142.0, changed=605, unchanged=236, early_stops=8/8
26 - INFO - chord#: 84 In build_straw_man_chord_sa. tolerance = 1, sa_iterations = 1000, initial_temperature = 3.0, cooling_rate = 0.999
26 - INFO - chord#: 82 done. best_score=78.0, changed=612, unchanged=305, early_stops=8/8
26 - INFO - chord#: 84 In build_straw_man_chord_sa. tolerance = 1, sa_iterations = 1000, initial_temperature = 3.0, cooling_rate = 0.999
26 - INFO - chord#: 106 done. best_score=27.0, changed=517, unchanged=340, early_stops=8/8
26 - INFO - chord#: 108 In build_straw_man_chord_sa. tolerance = 1, sa_iterations = 1000, initial_temperature = 3.0, cooling_rate = 0.999
26 - INFO - chord#: 104 done. best_score=27.0, changed=517, unchanged=315, early_stops=8/8
26 - INFO - chord#: 106 In build_straw_man_chord_sa. tolerance = 1, sa_iterations = 1000, initial_temperature = 3.0, cooling_rate = 0.999
26 - INFO - chord#: 104 done. best_score=27.0, changed=522, unchanged=400, early_stops=8/8
26 - INFO - chord#: 106 In build_straw_man_chord_sa. tolerance = 1, sa_iterations = 1000, initial_temperature = 3.0, cooling_rate = 0.999
26 - INFO - chord#: 108 done. best_score=27.0, changed=512, unchanged=316, early_stops=8/8
26 - INFO - chord#: 110 In build_straw_man_chord_sa. tolerance = 1, sa_iterations = 1000, initial_temperature = 3.0, cooling_rate = 0.999
26 - INFO - chord#: 102 done. best_score=35.0, changed=522, unchanged=424, early_stops=8/8
26 - INFO - chord#: 104 In build_straw_man_chord_sa. tolerance = 1, sa_iterations = 1000, initial_temperature = 3.0, cooling_rate = 0.999
26 - INFO - chord#: 86 done. best_score=137.0, changed=613, unchanged=385, early_stops=8/8
26 - INFO - chord#: 88 In build_straw_man_chord_sa. tolerance = 1, sa_iterations = 1000, initial_temperature = 3.0, cooling_rate = 0.999
26 - INFO - chord#: 84 done. best_score=36.0, changed=515, unchanged=373, early_stops=8/8
26 - INFO - chord#: 86 In build_straw_man_chord_sa. tolerance = 1, sa_iterations = 1000, initial_temperature = 3.0, cooling_rate = 0.999
26 - INFO - chord#: 84 done. best_score=36.0, changed=527, unchanged=405, early_stops=8/8
26 - INFO - chord#: 86 In build_straw_man_chord_sa. tolerance = 1, sa_iterations = 1000, initial_temperature = 3.0, cooling_rate = 0.999
26 - INFO - chord#: 108 done. best_score=27.0, changed=518, unchanged=430, early_stops=8/8
26 - INFO - chord#: 110 In build_straw_man_chord_sa. tolerance = 1, sa_iterations = 1000, initial_temperature = 3.0, cooling_rate = 0.999
26 - INFO - chord#: 106 done. best_score=27.0, changed=521, unchanged=355, early_stops=8/8
26 - INFO - chord#: 108 In build_straw_man_chord_sa. tolerance = 1, sa_iterations = 1000, initial_temperature = 3.0, cooling_rate = 0.999
26 - INFO - chord#: 106 done. best_score=27.0, changed=515, unchanged=310, early_stops=8/8
26 - INFO - chord#: 108 In build_straw_man_chord_sa. tolerance = 1, sa_iterations = 1000, initial_temperature = 3.0, cooling_rate = 0.999
26 - INFO - chord#: 98 done. best_score=104.0, changed=614, unchanged=260, early_stops=8/8
26 - INFO - chord#: 100 In build_straw_man_chord_sa. tolerance = 1, sa_iterations = 1000, initial_temperature = 3.0, cooling_rate = 0.999
26 - INFO - chord#: 104 done. best_score=27.0, changed=523, unchanged=402, early_stops=8/8
26 - INFO - chord#: 106 In build_straw_man_chord_sa. tolerance = 1, sa_iterations = 1000, initial_temperature = 3.0, cooling_rate = 0.999
26 - INFO - chord#: 86 done. best_score=139.0, changed=614, unchanged=382, early_stops=8/8
26 - INFO - chord#: 88 In build_straw_man_chord_sa. tolerance = 1, sa_iterations = 1000, initial_temperature = 3.0, cooling_rate = 0.999
26 - INFO - chord#: 86 done. best_score=161.0, changed=613, unchanged=349, early_stops=8/8
26 - INFO - chord#: 88 In build_straw_man_chord_sa. tolerance = 1, sa_iterations = 1000, initial_temperature = 3.0, cooling_rate = 0.999
26 - INFO - chord#: 88 done. best_score=27.0, changed=518, unchanged=394, early_stops=8/8
26 - INFO - chord#: 90 In build_straw_man_chord_sa. tolerance = 1, sa_iterations = 1000, initial_temperature = 3.0, cooling_rate = 0.999
26 - INFO - chord#: 108 done. best_score=27.0, changed=513, unchanged=344, early_stops=8/8
26 - INFO - chord#: 110 In build_straw_man_chord_sa. tolerance = 1, sa_iterations = 1000, initial_temperature = 3.0, cooling_rate = 0.999
26 - INFO - chord#: 108 done. best_score=27.0, changed=521, unchanged=307, early_stops=8/8
26 - INFO - chord#: 110 In build_straw_man_chord_sa. tolerance = 1, sa_iterations = 1000, initial_temperature = 3.0, cooling_rate = 0.999
26 - INFO - chord#: 100 done. best_score=27.0, changed=521, unchanged=344, early_stops=8/8
26 - INFO - chord#: 102 In build_straw_man_chord_sa. tolerance = 1, sa_iterations = 1000, initial_temperature = 3.0, cooling_rate = 0.999
26 - INFO - chord#: 86 done. best_score=150.0, changed=612, unchanged=296, early_stops=8/8
26 - INFO - chord#: 88 In build_straw_man_chord_sa. tolerance = 1, sa_iterations = 1000, initial_temperature = 3.0, cooling_rate = 0.999
26 - INFO - chord#: 106 done. best_score=27.0, changed=520, unchanged=313, early_stops=8/8
26 - INFO - chord#: 108 In build_straw_man_chord_sa. tolerance = 1, sa_iterations = 1000, initial_temperature = 3.0, cooling_rate = 0.999
26 - INFO - chord#: 88 done. best_score=27.0, changed=526, unchanged=370, early_stops=8/8
26 - INFO - chord#: 90 In build_straw_man_chord_sa. tolerance = 1, sa_iterations = 1000, initial_temperature = 3.0, cooling_rate = 0.999
26 - INFO - chord#: 110 done. best_score=67.0, changed=616, unchanged=443, early_stops=8/8
26 - INFO - chord#: 112 In build_straw_man_chord_sa. tolerance = 1, sa_iterations = 1000, initial_temperature = 3.0, cooling_rate = 0.999
26 - INFO - chord#: 88 done. best_score=27.0, changed=526, unchanged=491, early_stops=8/8
26 - INFO - chord#: 90 In build_straw_man_chord_sa. tolerance = 1, sa_iterations = 1000, initial_temperature = 3.0, cooling_rate = 0.999
26 - INFO - chord#: 108 done. best_score=27.0, changed=519, unchanged=311, early_stops=8/8
26 - INFO - chord#: 110 In build_straw_man_chord_sa. tolerance = 1, sa_iterations = 1000, initial_temperature = 3.0, cooling_rate = 0.999
26 - INFO - chord#: 110 done. best_score=67.0, changed=611, unchanged=324, early_stops=8/8
26 - INFO - chord#: 112 In build_straw_man_chord_sa. tolerance = 1, sa_iterations = 1000, initial_temperature = 3.0, cooling_rate = 0.999
26 - INFO - chord#: 102 done. best_score=35.0, changed=516, unchanged=362, early_stops=8/8
26 - INFO - chord#: 104 In build_straw_man_chord_sa. tolerance = 1, sa_iterations = 1000, initial_temperature = 3.0, cooling_rate = 0.999
26 - INFO - chord#: 88 done. best_score=27.0, changed=528, unchanged=485, early_stops=8/8
26 - INFO - chord#: 90 In build_straw_man_chord_sa. tolerance = 1, sa_iterations = 1000, initial_temperature = 3.0, cooling_rate = 0.999
26 - INFO - chord#: 90 done. best_score=70.0, changed=612, unchanged=214, early_stops=8/8
26 - INFO - chord#: 92 In build_straw_man_chord_sa. tolerance = 1, sa_iterations = 1000, initial_temperature = 3.0, cooling_rate = 0.999
26 - INFO - chord#: 86 done. best_score=147.0, changed=608, unchanged=307, early_stops=8/8
26 - INFO - chord#: 88 In build_straw_man_chord_sa. tolerance = 1, sa_iterations = 1000, initial_temperature = 3.0, cooling_rate = 0.999
26 - INFO - chord#: 112 done. best_score=27.0, changed=514, unchanged=301, early_stops=8/8
26 - INFO - chord#: 114 In build_straw_man_chord_sa. tolerance = 1, sa_iterations = 1000, initial_temperature = 3.0, cooling_rate = 0.999
26 - INFO - chord#: 110 done. best_score=137.0, changed=613, unchanged=292, early_stops=8/8
26 - INFO - chord#: 112 In build_straw_man_chord_sa. tolerance = 1, sa_iterations = 1000, initial_temperature = 3.0, cooling_rate = 0.999
26 - INFO - chord#: 112 done. best_score=27.0, changed=518, unchanged=364, early_stops=8/8
26 - INFO - chord#: 114 In build_straw_man_chord_sa. tolerance = 1, sa_iterations = 1000, initial_temperature = 3.0, cooling_rate = 0.999
26 - INFO - chord#: 86 done. best_score=136.0, changed=619, unchanged=406, early_stops=8/8
26 - INFO - chord#: 88 In build_straw_man_chord_sa. tolerance = 1, sa_iterations = 1000, initial_temperature = 3.0, cooling_rate = 0.999
26 - INFO - chord#: 92 done. best_score=27.0, changed=518, unchanged=419, early_stops=8/8
26 - INFO - chord#: 96 In build_straw_man_chord_sa. tolerance = 1, sa_iterations = 1000, initial_temperature = 3.0, cooling_rate = 0.999
26 - INFO - chord#: 104 done. best_score=27.0, changed=521, unchanged=346, early_stops=8/8
26 - INFO - chord#: 106 In build_straw_man_chord_sa. tolerance = 1, sa_iterations = 1000, initial_temperature = 3.0, cooling_rate = 0.999
26 - INFO - chord#: 110 done. best_score=67.0, changed=613, unchanged=476, early_stops=8/8
26 - INFO - chord#: 112 In build_straw_man_chord_sa. tolerance = 1, sa_iterations = 1000, initial_temperature = 3.0, cooling_rate = 0.999
26 - INFO - chord#: 114 done. best_score=27.0, changed=522, unchanged=321, early_stops=8/8
26 - INFO - chord#: 116 In build_straw_man_chord_sa. tolerance = 1, sa_iterations = 1000, initial_temperature = 3.0, cooling_rate = 0.999
26 - INFO - chord#: 88 done. best_score=27.0, changed=520, unchanged=410, early_stops=8/8
26 - INFO - chord#: 90 In build_straw_man_chord_sa. tolerance = 1, sa_iterations = 1000, initial_temperature = 3.0, cooling_rate = 0.999
26 - INFO - chord#: 114 done. best_score=27.0, changed=523, unchanged=379, early_stops=8/8
26 - INFO - chord#: 116 In build_straw_man_chord_sa. tolerance = 1, sa_iterations = 1000, initial_temperature = 3.0, cooling_rate = 0.999
26 - INFO - chord#: 112 done. best_score=27.0, changed=520, unchanged=418, early_stops=8/8
26 - INFO - chord#: 114 In build_straw_man_chord_sa. tolerance = 1, sa_iterations = 1000, initial_temperature = 3.0, cooling_rate = 0.999
26 - INFO - chord#: 110 done. best_score=67.0, changed=616, unchanged=287, early_stops=8/8
26 - INFO - chord#: 112 In build_straw_man_chord_sa. tolerance = 1, sa_iterations = 1000, initial_temperature = 3.0, cooling_rate = 0.999
26 - INFO - chord#: 96 done. best_score=27.0, changed=528, unchanged=368, early_stops=8/8
26 - INFO - chord#: 98 In build_straw_man_chord_sa. tolerance = 1, sa_iterations = 1000, initial_temperature = 3.0, cooling_rate = 0.999
26 - INFO - chord#: 106 done. best_score=27.0, changed=524, unchanged=344, early_stops=8/8
26 - INFO - chord#: 108 In build_straw_man_chord_sa. tolerance = 1, sa_iterations = 1000, initial_temperature = 3.0, cooling_rate = 0.999
26 - INFO - chord#: 88 done. best_score=27.0, changed=515, unchanged=364, early_stops=8/8
26 - INFO - chord#: 90 In build_straw_man_chord_sa. tolerance = 1, sa_iterations = 1000, initial_temperature = 3.0, cooling_rate = 0.999
26 - INFO - chord#: 90 done. best_score=70.0, changed=611, unchanged=326, early_stops=8/8
26 - INFO - chord#: 92 In build_straw_man_chord_sa. tolerance = 1, sa_iterations = 1000, initial_temperature = 3.0, cooling_rate = 0.999
26 - INFO - chord#: 116 done. best_score=27.0, changed=519, unchanged=412, early_stops=8/8
26 - INFO - chord#: 118 In build_straw_man_chord_sa. tolerance = 1, sa_iterations = 1000, initial_temperature = 3.0, cooling_rate = 0.999
26 - INFO - chord#: 90 done. best_score=70.0, changed=614, unchanged=329, early_stops=8/8
26 - INFO - chord#: 92 In build_straw_man_chord_sa. tolerance = 1, sa_iterations = 1000, initial_temperature = 3.0, cooling_rate = 0.999
26 - INFO - chord#: 90 done. best_score=104.0, changed=606, unchanged=213, early_stops=8/8
26 - INFO - chord#: 92 In build_straw_man_chord_sa. tolerance = 1, sa_iterations = 1000, initial_temperature = 3.0, cooling_rate = 0.999
26 - INFO - chord#: 112 done. best_score=27.0, changed=518, unchanged=503, early_stops=8/8
26 - INFO - chord#: 114 In build_straw_man_chord_sa. tolerance = 1, sa_iterations = 1000, initial_temperature = 3.0, cooling_rate = 0.999
26 - INFO - chord#: 116 done. best_score=27.0, changed=524, unchanged=398, early_stops=8/8
26 - INFO - chord#: 118 In build_straw_man_chord_sa. tolerance = 1, sa_iterations = 1000, initial_temperature = 3.0, cooling_rate = 0.999
26 - INFO - chord#: 114 done. best_score=27.0, changed=526, unchanged=382, early_stops=8/8
26 - INFO - chord#: 116 In build_straw_man_chord_sa. tolerance = 1, sa_iterations = 1000, initial_temperature = 3.0, cooling_rate = 0.999
26 - INFO - chord#: 112 done. best_score=27.0, changed=528, unchanged=444, early_stops=8/8
26 - INFO - chord#: 114 In build_straw_man_chord_sa. tolerance = 1, sa_iterations = 1000, initial_temperature = 3.0, cooling_rate = 0.999
26 - INFO - chord#: 92 done. best_score=27.0, changed=514, unchanged=320, early_stops=8/8
26 - INFO - chord#: 96 In build_straw_man_chord_sa. tolerance = 1, sa_iterations = 1000, initial_temperature = 3.0, cooling_rate = 0.999
26 - INFO - chord#: 108 done. best_score=27.0, changed=518, unchanged=395, early_stops=8/8
26 - INFO - chord#: 110 In build_straw_man_chord_sa. tolerance = 1, sa_iterations = 1000, initial_temperature = 3.0, cooling_rate = 0.999
26 - INFO - chord#: 92 done. best_score=61.0, changed=546, unchanged=347, early_stops=8/8
26 - INFO - chord#: 96 In build_straw_man_chord_sa. tolerance = 1, sa_iterations = 1000, initial_temperature = 3.0, cooling_rate = 0.999
26 - INFO - chord#: 114 done. best_score=27.0, changed=520, unchanged=517, early_stops=8/8
26 - INFO - chord#: 116 In build_straw_man_chord_sa. tolerance = 1, sa_iterations = 1000, initial_temperature = 3.0, cooling_rate = 0.999
26 - INFO - chord#: 92 done. best_score=27.0, changed=537, unchanged=544, early_stops=8/8
26 - INFO - chord#: 96 In build_straw_man_chord_sa. tolerance = 1, sa_iterations = 1000, initial_temperature = 3.0, cooling_rate = 0.999
26 - INFO - chord#: 116 done. best_score=27.0, changed=524, unchanged=495, early_stops=8/8
26 - INFO - chord#: 118 In build_straw_man_chord_sa. tolerance = 1, sa_iterations = 1000, initial_temperature = 3.0, cooling_rate = 0.999
26 - INFO - chord#: 98 done. best_score=64.0, changed=608, unchanged=237, early_stops=8/8
26 - INFO - chord#: 100 In build_straw_man_chord_sa. tolerance = 1, sa_iterations = 1000, initial_temperature = 3.0, cooling_rate = 0.999
26 - INFO - chord#: 114 done. best_score=27.0, changed=522, unchanged=407, early_stops=8/8
26 - INFO - chord#: 116 In build_straw_man_chord_sa. tolerance = 1, sa_iterations = 1000, initial_temperature = 3.0, cooling_rate = 0.999
26 - INFO - chord#: 90 done. best_score=70.0, changed=616, unchanged=270, early_stops=8/8
26 - INFO - chord#: 92 In build_straw_man_chord_sa. tolerance = 1, sa_iterations = 1000, initial_temperature = 3.0, cooling_rate = 0.999
26 - INFO - chord#: 118 done. best_score=132.0, changed=614, unchanged=275, early_stops=8/8
26 - INFO - chord#: 120 In build_straw_man_chord_sa. tolerance = 1, sa_iterations = 1000, initial_temperature = 3.0, cooling_rate = 0.999
26 - INFO - chord#: 96 done. best_score=27.0, changed=516, unchanged=308, early_stops=8/8
26 - INFO - chord#: 98 In build_straw_man_chord_sa. tolerance = 1, sa_iterations = 1000, initial_temperature = 3.0, cooling_rate = 0.999
26 - INFO - chord#: 96 done. best_score=27.0, changed=522, unchanged=321, early_stops=8/8
26 - INFO - chord#: 98 In build_straw_man_chord_sa. tolerance = 1, sa_iterations = 1000, initial_temperature = 3.0, cooling_rate = 0.999
26 - INFO - chord#: 116 done. best_score=27.0, changed=531, unchanged=568, early_stops=8/8
26 - INFO - chord#: 118 In build_straw_man_chord_sa. tolerance = 1, sa_iterations = 1000, initial_temperature = 3.0, cooling_rate = 0.999
26 - INFO - chord#: 100 done. best_score=27.0, changed=520, unchanged=334, early_stops=8/8
26 - INFO - chord#: 102 In build_straw_man_chord_sa. tolerance = 1, sa_iterations = 1000, initial_temperature = 3.0, cooling_rate = 0.999
26 - INFO - chord#: 90 done. best_score=70.0, changed=614, unchanged=341, early_stops=8/8
26 - INFO - chord#: 92 In build_straw_man_chord_sa. tolerance = 1, sa_iterations = 1000, initial_temperature = 3.0, cooling_rate = 0.999
26 - INFO - chord#: 96 done. best_score=27.0, changed=526, unchanged=448, early_stops=8/8
26 - INFO - chord#: 98 In build_straw_man_chord_sa. tolerance = 1, sa_iterations = 1000, initial_temperature = 3.0, cooling_rate = 0.999
26 - INFO - chord#: 116 done. best_score=27.0, changed=521, unchanged=351, early_stops=8/8
26 - INFO - chord#: 118 In build_straw_man_chord_sa. tolerance = 1, sa_iterations = 1000, initial_temperature = 3.0, cooling_rate = 0.999
26 - INFO - chord#: 120 done. best_score=27.0, changed=521, unchanged=315, early_stops=8/8
26 - INFO - chord#: 122 In build_straw_man_chord_sa. tolerance = 1, sa_iterations = 1000, initial_temperature = 3.0, cooling_rate = 0.999
26 - INFO - chord#: 118 done. best_score=88.0, changed=610, unchanged=418, early_stops=8/8
26 - INFO - chord#: 120 In build_straw_man_chord_sa. tolerance = 1, sa_iterations = 1000, initial_temperature = 3.0, cooling_rate = 0.999
26 - INFO - chord#: 92 done. best_score=27.0, changed=522, unchanged=404, early_stops=8/8
26 - INFO - chord#: 96 In build_straw_man_chord_sa. tolerance = 1, sa_iterations = 1000, initial_temperature = 3.0, cooling_rate = 0.999
26 - INFO - chord#: 102 done. best_score=35.0, changed=521, unchanged=376, early_stops=8/8
26 - INFO - chord#: 104 In build_straw_man_chord_sa. tolerance = 1, sa_iterations = 1000, initial_temperature = 3.0, cooling_rate = 0.999
26 - INFO - chord#: 110 done. best_score=140.0, changed=609, unchanged=275, early_stops=8/8
26 - INFO - chord#: 112 In build_straw_man_chord_sa. tolerance = 1, sa_iterations = 1000, initial_temperature = 3.0, cooling_rate = 0.999
26 - INFO - chord#: 92 done. best_score=27.0, changed=519, unchanged=358, early_stops=8/8
26 - INFO - chord#: 96 In build_straw_man_chord_sa. tolerance = 1, sa_iterations = 1000, initial_temperature = 3.0, cooling_rate = 0.999
26 - INFO - chord#: 120 done. best_score=27.0, changed=513, unchanged=332, early_stops=8/8
26 - INFO - chord#: 122 In build_straw_man_chord_sa. tolerance = 1, sa_iterations = 1000, initial_temperature = 3.0, cooling_rate = 0.999
26 - INFO - chord#: 118 done. best_score=88.0, changed=615, unchanged=360, early_stops=8/8
26 - INFO - chord#: 120 In build_straw_man_chord_sa. tolerance = 1, sa_iterations = 1000, initial_temperature = 3.0, cooling_rate = 0.999
26 - INFO - chord#: 96 done. best_score=27.0, changed=515, unchanged=344, early_stops=8/8
26 - INFO - chord#: 98 In build_straw_man_chord_sa. tolerance = 1, sa_iterations = 1000, initial_temperature = 3.0, cooling_rate = 0.999
26 - INFO - chord#: 104 done. best_score=27.0, changed=513, unchanged=342, early_stops=8/8
26 - INFO - chord#: 106 In build_straw_man_chord_sa. tolerance = 1, sa_iterations = 1000, initial_temperature = 3.0, cooling_rate = 0.999
26 - INFO - chord#: 98 done. best_score=64.0, changed=609, unchanged=255, early_stops=8/8
26 - INFO - chord#: 100 In build_straw_man_chord_sa. tolerance = 1, sa_iterations = 1000, initial_temperature = 3.0, cooling_rate = 0.999
26 - INFO - chord#: 98 done. best_score=64.0, changed=606, unchanged=275, early_stops=8/8
26 - INFO - chord#: 100 In build_straw_man_chord_sa. tolerance = 1, sa_iterations = 1000, initial_temperature = 3.0, cooling_rate = 0.999
26 - INFO - chord#: 118 done. best_score=149.0, changed=609, unchanged=279, early_stops=8/8
26 - INFO - chord#: 120 In build_straw_man_chord_sa. tolerance = 1, sa_iterations = 1000, initial_temperature = 3.0, cooling_rate = 0.999
26 - INFO - chord#: 112 done. best_score=27.0, changed=523, unchanged=382, early_stops=8/8
26 - INFO - chord#: 114 In build_straw_man_chord_sa. tolerance = 1, sa_iterations = 1000, initial_temperature = 3.0, cooling_rate = 0.999
26 - INFO - chord#: 118 done. best_score=88.0, changed=623, unchanged=402, early_stops=8/8
26 - INFO - chord#: 120 In build_straw_man_chord_sa. tolerance = 1, sa_iterations = 1000, initial_temperature = 3.0, cooling_rate = 0.999
26 - INFO - chord#: 120 done. best_score=27.0, changed=536, unchanged=488, early_stops=8/8
26 - INFO - chord#: 122 In build_straw_man_chord_sa. tolerance = 1, sa_iterations = 1000, initial_temperature = 3.0, cooling_rate = 0.999
26 - INFO - chord#: 96 done. best_score=27.0, changed=525, unchanged=431, early_stops=8/8
26 - INFO - chord#: 98 In build_straw_man_chord_sa. tolerance = 1, sa_iterations = 1000, initial_temperature = 3.0, cooling_rate = 0.999
26 - INFO - chord#: 122 done. best_score=96.0, changed=608, unchanged=350, early_stops=8/8
26 - INFO - chord#: 124 In build_straw_man_chord_sa. tolerance = 1, sa_iterations = 1000, initial_temperature = 3.0, cooling_rate = 0.999
26 - INFO - chord#: 98 done. best_score=64.0, changed=613, unchanged=296, early_stops=8/8
26 - INFO - chord#: 100 In build_straw_man_chord_sa. tolerance = 1, sa_iterations = 1000, initial_temperature = 3.0, cooling_rate = 0.999
26 - INFO - chord#: 106 done. best_score=27.0, changed=522, unchanged=349, early_stops=8/8
26 - INFO - chord#: 108 In build_straw_man_chord_sa. tolerance = 1, sa_iterations = 1000, initial_temperature = 3.0, cooling_rate = 0.999
26 - INFO - chord#: 100 done. best_score=27.0, changed=529, unchanged=582, early_stops=8/8
26 - INFO - chord#: 102 In build_straw_man_chord_sa. tolerance = 1, sa_iterations = 1000, initial_temperature = 3.0, cooling_rate = 0.999
26 - INFO - chord#: 120 done. best_score=27.0, changed=533, unchanged=418, early_stops=8/8
26 - INFO - chord#: 122 In build_straw_man_chord_sa. tolerance = 1, sa_iterations = 1000, initial_temperature = 3.0, cooling_rate = 0.999
26 - INFO - chord#: 120 done. best_score=27.0, changed=529, unchanged=502, early_stops=8/8
26 - INFO - chord#: 122 In build_straw_man_chord_sa. tolerance = 1, sa_iterations = 1000, initial_temperature = 3.0, cooling_rate = 0.999
26 - INFO - chord#: 100 done. best_score=27.0, changed=519, unchanged=474, early_stops=8/8
26 - INFO - chord#: 102 In build_straw_man_chord_sa. tolerance = 1, sa_iterations = 1000, initial_temperature = 3.0, cooling_rate = 0.999
26 - INFO - chord#: 122 done. best_score=67.0, changed=620, unchanged=282, early_stops=8/8
26 - INFO - chord#: 124 In build_straw_man_chord_sa. tolerance = 1, sa_iterations = 1000, initial_temperature = 3.0, cooling_rate = 0.999
26 - INFO - chord#: 124 done. best_score=27.0, changed=518, unchanged=406, early_stops=8/8
26 - INFO - chord#: 128 In build_straw_man_chord_sa. tolerance = 1, sa_iterations = 1000, initial_temperature = 3.0, cooling_rate = 0.999
26 - INFO - chord#: 100 done. best_score=27.0, changed=522, unchanged=351, early_stops=8/8
26 - INFO - chord#: 102 In build_straw_man_chord_sa. tolerance = 1, sa_iterations = 1000, initial_temperature = 3.0, cooling_rate = 0.999
26 - INFO - chord#: 108 done. best_score=27.0, changed=515, unchanged=375, early_stops=8/8
26 - INFO - chord#: 110 In build_straw_man_chord_sa. tolerance = 1, sa_iterations = 1000, initial_temperature = 3.0, cooling_rate = 0.999
26 - INFO - chord#: 114 done. best_score=27.0, changed=525, unchanged=528, early_stops=8/8
26 - INFO - chord#: 116 In build_straw_man_chord_sa. tolerance = 1, sa_iterations = 1000, initial_temperature = 3.0, cooling_rate = 0.999
26 - INFO - chord#: 122 done. best_score=140.0, changed=608, unchanged=207, early_stops=8/8
26 - INFO - chord#: 124 In build_straw_man_chord_sa. tolerance = 1, sa_iterations = 1000, initial_temperature = 3.0, cooling_rate = 0.999
26 - INFO - chord#: 102 done. best_score=35.0, changed=515, unchanged=369, early_stops=8/8
26 - INFO - chord#: 104 In build_straw_man_chord_sa. tolerance = 1, sa_iterations = 1000, initial_temperature = 3.0, cooling_rate = 0.999
26 - INFO - chord#: 98 done. best_score=64.0, changed=617, unchanged=351, early_stops=8/8
26 - INFO - chord#: 100 In build_straw_man_chord_sa. tolerance = 1, sa_iterations = 1000, initial_temperature = 3.0, cooling_rate = 0.999
26 - INFO - chord#: 124 done. best_score=27.0, changed=524, unchanged=544, early_stops=8/8
26 - INFO - chord#: 128 In build_straw_man_chord_sa. tolerance = 1, sa_iterations = 1000, initial_temperature = 3.0, cooling_rate = 0.999
26 - INFO - chord#: 116 done. best_score=27.0, changed=520, unchanged=398, early_stops=8/8
26 - INFO - chord#: 118 In build_straw_man_chord_sa. tolerance = 1, sa_iterations = 1000, initial_temperature = 3.0, cooling_rate = 0.999
26 - INFO - chord#: 102 done. best_score=35.0, changed=526, unchanged=495, early_stops=8/8
26 - INFO - chord#: 104 In build_straw_man_chord_sa. tolerance = 1, sa_iterations = 1000, initial_temperature = 3.0, cooling_rate = 0.999
26 - INFO - chord#: 102 done. best_score=35.0, changed=525, unchanged=377, early_stops=8/8
26 - INFO - chord#: 104 In build_straw_man_chord_sa. tolerance = 1, sa_iterations = 1000, initial_temperature = 3.0, cooling_rate = 0.999
26 - INFO - chord#: 124 done. best_score=27.0, changed=514, unchanged=394, early_stops=8/8
26 - INFO - chord#: 128 In build_straw_man_chord_sa. tolerance = 1, sa_iterations = 1000, initial_temperature = 3.0, cooling_rate = 0.999
26 - INFO - chord#: 98 done. best_score=104.0, changed=619, unchanged=389, early_stops=8/8
26 - INFO - chord#: 100 In build_straw_man_chord_sa. tolerance = 1, sa_iterations = 1000, initial_temperature = 3.0, cooling_rate = 0.999
26 - INFO - chord#: 100 done. best_score=27.0, changed=519, unchanged=322, early_stops=8/8
26 - INFO - chord#: 102 In build_straw_man_chord_sa. tolerance = 1, sa_iterations = 1000, initial_temperature = 3.0, cooling_rate = 0.999
26 - INFO - chord#: 122 done. best_score=67.0, changed=612, unchanged=357, early_stops=8/8
26 - INFO - chord#: 124 In build_straw_man_chord_sa. tolerance = 1, sa_iterations = 1000, initial_temperature = 3.0, cooling_rate = 0.999
26 - INFO - chord#: 128 done. best_score=140.0, changed=612, unchanged=260, early_stops=8/8
26 - INFO - chord#: 132 In build_straw_man_chord_sa. tolerance = 1, sa_iterations = 1000, initial_temperature = 3.0, cooling_rate = 0.999
26 - INFO - chord#: 110 done. best_score=140.0, changed=612, unchanged=252, early_stops=8/8
26 - INFO - chord#: 112 In build_straw_man_chord_sa. tolerance = 1, sa_iterations = 1000, initial_temperature = 3.0, cooling_rate = 0.999
26 - INFO - chord#: 104 done. best_score=27.0, changed=515, unchanged=422, early_stops=8/8
26 - INFO - chord#: 106 In build_straw_man_chord_sa. tolerance = 1, sa_iterations = 1000, initial_temperature = 3.0, cooling_rate = 0.999
26 - INFO - chord#: 122 done. best_score=96.0, changed=610, unchanged=391, early_stops=8/8
26 - INFO - chord#: 124 In build_straw_man_chord_sa. tolerance = 1, sa_iterations = 1000, initial_temperature = 3.0, cooling_rate = 0.999
26 - INFO - chord#: 104 done. best_score=27.0, changed=519, unchanged=360, early_stops=8/8
26 - INFO - chord#: 106 In build_straw_man_chord_sa. tolerance = 1, sa_iterations = 1000, initial_temperature = 3.0, cooling_rate = 0.999
26 - INFO - chord#: 104 done. best_score=27.0, changed=524, unchanged=424, early_stops=8/8
26 - INFO - chord#: 106 In build_straw_man_chord_sa. tolerance = 1, sa_iterations = 1000, initial_temperature = 3.0, cooling_rate = 0.999
26 - INFO - chord#: 100 done. best_score=27.0, changed=522, unchanged=365, early_stops=8/8
26 - INFO - chord#: 102 In build_straw_man_chord_sa. tolerance = 1, sa_iterations = 1000, initial_temperature = 3.0, cooling_rate = 0.999
26 - INFO - chord#: 132 done. best_score=27.0, changed=520, unchanged=444, early_stops=8/8
26 - INFO - chord#: 136 In build_straw_man_chord_sa. tolerance = 1, sa_iterations = 1000, initial_temperature = 3.0, cooling_rate = 0.999
26 - INFO - chord#: 124 done. best_score=27.0, changed=526, unchanged=456, early_stops=8/8
26 - INFO - chord#: 128 done. best_score=181.0, changed=607, unchanged=223, early_stops=8/8
26 - INFO - chord#: 128 In build_straw_man_chord_sa. tolerance = 1, sa_iterations = 1000, initial_temperature = 3.0, cooling_rate = 0.999
26 - INFO - chord#: 132 In build_straw_man_chord_sa. tolerance = 1, sa_iterations = 1000, initial_temperature = 3.0, cooling_rate = 0.999
26 - INFO - chord#: 112 done. best_score=27.0, changed=521, unchanged=354, early_stops=8/8
26 - INFO - chord#: 114 In build_straw_man_chord_sa. tolerance = 1, sa_iterations = 1000, initial_temperature = 3.0, cooling_rate = 0.999
26 - INFO - chord#: 106 done. best_score=27.0, changed=529, unchanged=339, early_stops=8/8
26 - INFO - chord#: 108 In build_straw_man_chord_sa. tolerance = 1, sa_iterations = 1000, initial_temperature = 3.0, cooling_rate = 0.999
26 - INFO - chord#: 124 done. best_score=27.0, changed=517, unchanged=399, early_stops=8/8
26 - INFO - chord#: 128 In build_straw_man_chord_sa. tolerance = 1, sa_iterations = 1000, initial_temperature = 3.0, cooling_rate = 0.999
26 - INFO - chord#: 102 done. best_score=35.0, changed=524, unchanged=497, early_stops=8/8
26 - INFO - chord#: 104 In build_straw_man_chord_sa. tolerance = 1, sa_iterations = 1000, initial_temperature = 3.0, cooling_rate = 0.999
26 - INFO - chord#: 106 done. best_score=27.0, changed=519, unchanged=304, early_stops=8/8
26 - INFO - chord#: 108 In build_straw_man_chord_sa. tolerance = 1, sa_iterations = 1000, initial_temperature = 3.0, cooling_rate = 0.999
26 - INFO - chord#: 128 done. best_score=145.0, changed=609, unchanged=241, early_stops=8/8
26 - INFO - chord#: 132 In build_straw_man_chord_sa. tolerance = 1, sa_iterations = 1000, initial_temperature = 3.0, cooling_rate = 0.999
26 - INFO - chord#: 106 done. best_score=27.0, changed=522, unchanged=367, early_stops=8/8
26 - INFO - chord#: 108 In build_straw_man_chord_sa. tolerance = 1, sa_iterations = 1000, initial_temperature = 3.0, cooling_rate = 0.999
26 - INFO - chord#: 136 done. best_score=27.0, changed=525, unchanged=398, early_stops=8/8
26 - INFO - chord#: 138 In build_straw_man_chord_sa. tolerance = 1, sa_iterations = 1000, initial_temperature = 3.0, cooling_rate = 0.999
26 - INFO - chord#: 102 done. best_score=35.0, changed=518, unchanged=314, early_stops=8/8
26 - INFO - chord#: 104 In build_straw_man_chord_sa. tolerance = 1, sa_iterations = 1000, initial_temperature = 3.0, cooling_rate = 0.999
26 - INFO - chord#: 132 done. best_score=27.0, changed=513, unchanged=394, early_stops=8/8
26 - INFO - chord#: 136 In build_straw_man_chord_sa. tolerance = 1, sa_iterations = 1000, initial_temperature = 3.0, cooling_rate = 0.999
26 - INFO - chord#: 114 done. best_score=27.0, changed=523, unchanged=362, early_stops=8/8
26 - INFO - chord#: 116 In build_straw_man_chord_sa. tolerance = 1, sa_iterations = 1000, initial_temperature = 3.0, cooling_rate = 0.999
26 - INFO - chord#: 118 done. best_score=105.0, changed=612, unchanged=305, early_stops=8/8
26 - INFO - chord#: 120 In build_straw_man_chord_sa. tolerance = 1, sa_iterations = 1000, initial_temperature = 3.0, cooling_rate = 0.999
26 - INFO - chord#: 108 done. best_score=27.0, changed=529, unchanged=405, early_stops=8/8
26 - INFO - chord#: 110 In build_straw_man_chord_sa. tolerance = 1, sa_iterations = 1000, initial_temperature = 3.0, cooling_rate = 0.999
26 - INFO - chord#: 132 done. best_score=27.0, changed=517, unchanged=382, early_stops=8/8
26 - INFO - chord#: 136 In build_straw_man_chord_sa. tolerance = 1, sa_iterations = 1000, initial_temperature = 3.0, cooling_rate = 0.999
26 - INFO - chord#: 104 done. best_score=27.0, changed=521, unchanged=364, early_stops=8/8
26 - INFO - chord#: 106 In build_straw_man_chord_sa. tolerance = 1, sa_iterations = 1000, initial_temperature = 3.0, cooling_rate = 0.999
26 - INFO - chord#: 108 done. best_score=27.0, changed=512, unchanged=410, early_stops=8/8
26 - INFO - chord#: 110 In build_straw_man_chord_sa. tolerance = 1, sa_iterations = 1000, initial_temperature = 3.0, cooling_rate = 0.999
26 - INFO - chord#: 136 done. best_score=27.0, changed=522, unchanged=362, early_stops=8/8
26 - INFO - chord#: 138 In build_straw_man_chord_sa. tolerance = 1, sa_iterations = 1000, initial_temperature = 3.0, cooling_rate = 0.999
26 - INFO - chord#: 108 done. best_score=27.0, changed=523, unchanged=384, early_stops=8/8
26 - INFO - chord#: 110 In build_straw_man_chord_sa. tolerance = 1, sa_iterations = 1000, initial_temperature = 3.0, cooling_rate = 0.999
26 - INFO - chord#: 116 done. best_score=27.0, changed=519, unchanged=413, early_stops=8/8
26 - INFO - chord#: 118 In build_straw_man_chord_sa. tolerance = 1, sa_iterations = 1000, initial_temperature = 3.0, cooling_rate = 0.999
26 - INFO - chord#: 104 done. best_score=27.0, changed=521, unchanged=369, early_stops=8/8
26 - INFO - chord#: 106 In build_straw_man_chord_sa. tolerance = 1, sa_iterations = 1000, initial_temperature = 3.0, cooling_rate = 0.999
26 - INFO - chord#: 128 done. best_score=140.0, changed=618, unchanged=273, early_stops=8/8
26 - INFO - chord#: 132 In build_straw_man_chord_sa. tolerance = 1, sa_iterations = 1000, initial_temperature = 3.0, cooling_rate = 0.999
26 - INFO - chord#: 120 done. best_score=27.0, changed=527, unchanged=451, early_stops=8/8
26 - INFO - chord#: 122 In build_straw_man_chord_sa. tolerance = 1, sa_iterations = 1000, initial_temperature = 3.0, cooling_rate = 0.999
26 - INFO - chord#: 128 done. best_score=140.0, changed=616, unchanged=355, early_stops=8/8
26 - INFO - chord#: 132 In build_straw_man_chord_sa. tolerance = 1, sa_iterations = 1000, initial_temperature = 3.0, cooling_rate = 0.999
26 - INFO - chord#: 136 done. best_score=27.0, changed=513, unchanged=326, early_stops=8/8
26 - INFO - chord#: 138 In build_straw_man_chord_sa. tolerance = 1, sa_iterations = 1000, initial_temperature = 3.0, cooling_rate = 0.999
26 - INFO - chord#: 106 done. best_score=27.0, changed=529, unchanged=369, early_stops=8/8
26 - INFO - chord#: 108 In build_straw_man_chord_sa. tolerance = 1, sa_iterations = 1000, initial_temperature = 3.0, cooling_rate = 0.999
26 - INFO - chord#: 138 done. best_score=78.0, changed=613, unchanged=287, early_stops=8/8
26 - INFO - chord#: 140 In build_straw_man_chord_sa. tolerance = 1, sa_iterations = 1000, initial_temperature = 3.0, cooling_rate = 0.999
26 - INFO - chord#: 106 done. best_score=27.0, changed=525, unchanged=385, early_stops=8/8
26 - INFO - chord#: 108 In build_straw_man_chord_sa. tolerance = 1, sa_iterations = 1000, initial_temperature = 3.0, cooling_rate = 0.999
26 - INFO - chord#: 132 done. best_score=27.0, changed=516, unchanged=334, early_stops=8/8
26 - INFO - chord#: 136 In build_straw_man_chord_sa. tolerance = 1, sa_iterations = 1000, initial_temperature = 3.0, cooling_rate = 0.999
26 - INFO - chord#: 132 done. best_score=27.0, changed=523, unchanged=508, early_stops=8/8
26 - INFO - chord#: 136 In build_straw_man_chord_sa. tolerance = 1, sa_iterations = 1000, initial_temperature = 3.0, cooling_rate = 0.999
26 - INFO - chord#: 110 done. best_score=137.0, changed=607, unchanged=254, early_stops=8/8
26 - INFO - chord#: 112 In build_straw_man_chord_sa. tolerance = 1, sa_iterations = 1000, initial_temperature = 3.0, cooling_rate = 0.999
26 - INFO - chord#: 108 done. best_score=27.0, changed=518, unchanged=373, early_stops=8/8
26 - INFO - chord#: 110 In build_straw_man_chord_sa. tolerance = 1, sa_iterations = 1000, initial_temperature = 3.0, cooling_rate = 0.999
26 - INFO - chord#: 140 done. best_score=61.0, changed=527, unchanged=310, early_stops=8/8
26 - INFO - chord#: 142 In build_straw_man_chord_sa. tolerance = 1, sa_iterations = 1000, initial_temperature = 3.0, cooling_rate = 0.999
26 - INFO - chord#: 138 done. best_score=137.0, changed=610, unchanged=336, early_stops=8/8
26 - INFO - chord#: 140 In build_straw_man_chord_sa. tolerance = 1, sa_iterations = 1000, initial_temperature = 3.0, cooling_rate = 0.999
26 - INFO - chord#: 110 done. best_score=67.0, changed=615, unchanged=366, early_stops=8/8
26 - INFO - chord#: 112 In build_straw_man_chord_sa. tolerance = 1, sa_iterations = 1000, initial_temperature = 3.0, cooling_rate = 0.999
26 - INFO - chord#: 136 done. best_score=27.0, changed=522, unchanged=343, early_stops=8/8
26 - INFO - chord#: 138 In build_straw_man_chord_sa. tolerance = 1, sa_iterations = 1000, initial_temperature = 3.0, cooling_rate = 0.999
26 - INFO - chord#: 118 done. best_score=165.0, changed=613, unchanged=362, early_stops=8/8
26 - INFO - chord#: 120 In build_straw_man_chord_sa. tolerance = 1, sa_iterations = 1000, initial_temperature = 3.0, cooling_rate = 0.999
26 - INFO - chord#: 136 done. best_score=27.0, changed=527, unchanged=405, early_stops=8/8
26 - INFO - chord#: 138 In build_straw_man_chord_sa. tolerance = 1, sa_iterations = 1000, initial_temperature = 3.0, cooling_rate = 0.999
26 - INFO - chord#: 108 done. best_score=27.0, changed=516, unchanged=470, early_stops=8/8
26 - INFO - chord#: 110 In build_straw_man_chord_sa. tolerance = 1, sa_iterations = 1000, initial_temperature = 3.0, cooling_rate = 0.999
26 - INFO - chord#: 122 done. best_score=67.0, changed=610, unchanged=404, early_stops=8/8
26 - INFO - chord#: 124 In build_straw_man_chord_sa. tolerance = 1, sa_iterations = 1000, initial_temperature = 3.0, cooling_rate = 0.999
26 - INFO - chord#: 142 done. best_score=74.0, changed=537, unchanged=343, early_stops=8/8
26 - INFO - chord#: 144 In build_straw_man_chord_sa. tolerance = 1, sa_iterations = 1000, initial_temperature = 3.0, cooling_rate = 0.999
26 - INFO - chord#: 138 done. best_score=78.0, changed=613, unchanged=240, early_stops=8/8
26 - INFO - chord#: 140 In build_straw_man_chord_sa. tolerance = 1, sa_iterations = 1000, initial_temperature = 3.0, cooling_rate = 0.999
26 - INFO - chord#: 110 done. best_score=137.0, changed=622, unchanged=504, early_stops=8/8
26 - INFO - chord#: 112 In build_straw_man_chord_sa. tolerance = 1, sa_iterations = 1000, initial_temperature = 3.0, cooling_rate = 0.999
26 - INFO - chord#: 140 done. best_score=61.0, changed=528, unchanged=391, early_stops=8/8
26 - INFO - chord#: 142 In build_straw_man_chord_sa. tolerance = 1, sa_iterations = 1000, initial_temperature = 3.0, cooling_rate = 0.999
26 - INFO - chord#: 112 done. best_score=27.0, changed=524, unchanged=420, early_stops=8/8
26 - INFO - chord#: 114 In build_straw_man_chord_sa. tolerance = 1, sa_iterations = 1000, initial_temperature = 3.0, cooling_rate = 0.999
26 - INFO - chord#: 112 done. best_score=27.0, changed=520, unchanged=432, early_stops=8/8
26 - INFO - chord#: 114 In build_straw_man_chord_sa. tolerance = 1, sa_iterations = 1000, initial_temperature = 3.0, cooling_rate = 0.999
26 - INFO - chord#: 120 done. best_score=27.0, changed=521, unchanged=337, early_stops=8/8
26 - INFO - chord#: 122 In build_straw_man_chord_sa. tolerance = 1, sa_iterations = 1000, initial_temperature = 3.0, cooling_rate = 0.999
26 - INFO - chord#: 144 done. best_score=27.0, changed=522, unchanged=336, early_stops=8/8
26 - INFO - chord#: 146 In build_straw_man_chord_sa. tolerance = 1, sa_iterations = 1000, initial_temperature = 3.0, cooling_rate = 0.999
26 - INFO - chord#: 124 done. best_score=27.0, changed=528, unchanged=525, early_stops=8/8
26 - INFO - chord#: 128 In build_straw_man_chord_sa. tolerance = 1, sa_iterations = 1000, initial_temperature = 3.0, cooling_rate = 0.999
26 - INFO - chord#: 142 done. best_score=47.0, changed=517, unchanged=309, early_stops=8/8
26 - INFO - chord#: 144 In build_straw_man_chord_sa. tolerance = 1, sa_iterations = 1000, initial_temperature = 3.0, cooling_rate = 0.999
26 - INFO - chord#: 114 done. best_score=27.0, changed=517, unchanged=329, early_stops=8/8
26 - INFO - chord#: 116 In build_straw_man_chord_sa. tolerance = 1, sa_iterations = 1000, initial_temperature = 3.0, cooling_rate = 0.999
26 - INFO - chord#: 110 done. best_score=125.0, changed=606, unchanged=238, early_stops=8/8
26 - INFO - chord#: 112 In build_straw_man_chord_sa. tolerance = 1, sa_iterations = 1000, initial_temperature = 3.0, cooling_rate = 0.999
26 - INFO - chord#: 114 done. best_score=27.0, changed=517, unchanged=433, early_stops=8/8
26 - INFO - chord#: 116 In build_straw_man_chord_sa. tolerance = 1, sa_iterations = 1000, initial_temperature = 3.0, cooling_rate = 0.999
26 - INFO - chord#: 112 done. best_score=27.0, changed=521, unchanged=367, early_stops=8/8
26 - INFO - chord#: 140 done. best_score=61.0, changed=536, unchanged=333, early_stops=8/8
26 - INFO - chord#: 114 In build_straw_man_chord_sa. tolerance = 1, sa_iterations = 1000, initial_temperature = 3.0, cooling_rate = 0.999
26 - INFO - chord#: 142 In build_straw_man_chord_sa. tolerance = 1, sa_iterations = 1000, initial_temperature = 3.0, cooling_rate = 0.999
26 - INFO - chord#: 138 done. best_score=157.0, changed=614, unchanged=334, early_stops=8/8
26 - INFO - chord#: 140 In build_straw_man_chord_sa. tolerance = 1, sa_iterations = 1000, initial_temperature = 3.0, cooling_rate = 0.999
26 - INFO - chord#: 144 done. best_score=27.0, changed=522, unchanged=415, early_stops=8/8
26 - INFO - chord#: 146 In build_straw_man_chord_sa. tolerance = 1, sa_iterations = 1000, initial_temperature = 3.0, cooling_rate = 0.999
26 - INFO - chord#: 110 done. best_score=67.0, changed=613, unchanged=288, early_stops=8/8
26 - INFO - chord#: 112 In build_straw_man_chord_sa. tolerance = 1, sa_iterations = 1000, initial_temperature = 3.0, cooling_rate = 0.999
26 - INFO - chord#: 122 done. best_score=67.0, changed=608, unchanged=220, early_stops=8/8
26 - INFO - chord#: 124 In build_straw_man_chord_sa. tolerance = 1, sa_iterations = 1000, initial_temperature = 3.0, cooling_rate = 0.999
26 - INFO - chord#: 116 done. best_score=27.0, changed=514, unchanged=328, early_stops=8/8
26 - INFO - chord#: 118 In build_straw_man_chord_sa. tolerance = 1, sa_iterations = 1000, initial_temperature = 3.0, cooling_rate = 0.999
26 - INFO - chord#: 116 done. best_score=27.0, changed=525, unchanged=354, early_stops=8/8
26 - INFO - chord#: 118 In build_straw_man_chord_sa. tolerance = 1, sa_iterations = 1000, initial_temperature = 3.0, cooling_rate = 0.999
26 - INFO - chord#: 138 done. best_score=67.0, changed=616, unchanged=413, early_stops=8/8
26 - INFO - chord#: 140 In build_straw_man_chord_sa. tolerance = 1, sa_iterations = 1000, initial_temperature = 3.0, cooling_rate = 0.999
26 - INFO - chord#: 112 done. best_score=27.0, changed=517, unchanged=333, early_stops=8/8
26 - INFO - chord#: 114 In build_straw_man_chord_sa. tolerance = 1, sa_iterations = 1000, initial_temperature = 3.0, cooling_rate = 0.999
26 - INFO - chord#: 114 done. best_score=27.0, changed=527, unchanged=381, early_stops=8/8
26 - INFO - chord#: 116 In build_straw_man_chord_sa. tolerance = 1, sa_iterations = 1000, initial_temperature = 3.0, cooling_rate = 0.999
26 - INFO - chord#: 142 done. best_score=62.0, changed=525, unchanged=343, early_stops=8/8
26 - INFO - chord#: 144 In build_straw_man_chord_sa. tolerance = 1, sa_iterations = 1000, initial_temperature = 3.0, cooling_rate = 0.999
26 - INFO - chord#: 140 done. best_score=61.0, changed=523, unchanged=307, early_stops=8/8
26 - INFO - chord#: 142 In build_straw_man_chord_sa. tolerance = 1, sa_iterations = 1000, initial_temperature = 3.0, cooling_rate = 0.999
26 - INFO - chord#: 128 done. best_score=140.0, changed=606, unchanged=208, early_stops=8/8
26 - INFO - chord#: 132 In build_straw_man_chord_sa. tolerance = 1, sa_iterations = 1000, initial_temperature = 3.0, cooling_rate = 0.999
26 - INFO - chord#: 124 done. best_score=27.0, changed=522, unchanged=416, early_stops=8/8
26 - INFO - chord#: 128 In build_straw_man_chord_sa. tolerance = 1, sa_iterations = 1000, initial_temperature = 3.0, cooling_rate = 0.999
26 - INFO - chord#: 112 done. best_score=27.0, changed=518, unchanged=343, early_stops=8/8
26 - INFO - chord#: 114 In build_straw_man_chord_sa. tolerance = 1, sa_iterations = 1000, initial_temperature = 3.0, cooling_rate = 0.999
26 - INFO - chord#: 132 done. best_score=27.0, changed=520, unchanged=366, early_stops=8/8
26 - INFO - chord#: 136 In build_straw_man_chord_sa. tolerance = 1, sa_iterations = 1000, initial_temperature = 3.0, cooling_rate = 0.999
26 - INFO - chord#: 140 done. best_score=61.0, changed=533, unchanged=292, early_stops=8/8
26 - INFO - chord#: 142 In build_straw_man_chord_sa. tolerance = 1, sa_iterations = 1000, initial_temperature = 3.0, cooling_rate = 0.999
26 - INFO - chord#: 114 done. best_score=27.0, changed=530, unchanged=412, early_stops=8/8
26 - INFO - chord#: 116 In build_straw_man_chord_sa. tolerance = 1, sa_iterations = 1000, initial_temperature = 3.0, cooling_rate = 0.999
26 - INFO - chord#: 142 done. best_score=47.0, changed=538, unchanged=436, early_stops=8/8
26 - INFO - chord#: 144 In build_straw_man_chord_sa. tolerance = 1, sa_iterations = 1000, initial_temperature = 3.0, cooling_rate = 0.999
26 - INFO - chord#: 116 done. best_score=27.0, changed=522, unchanged=381, early_stops=8/8
26 - INFO - chord#: 118 In build_straw_man_chord_sa. tolerance = 1, sa_iterations = 1000, initial_temperature = 3.0, cooling_rate = 0.999
26 - INFO - chord#: 146 done. best_score=104.0, changed=623, unchanged=710, early_stops=8/8
26 - INFO - chord#: 148 In build_straw_man_chord_sa. tolerance = 1, sa_iterations = 1000, initial_temperature = 3.0, cooling_rate = 0.999
26 - INFO - chord#: 144 done. best_score=27.0, changed=519, unchanged=468, early_stops=8/8
26 - INFO - chord#: 146 In build_straw_man_chord_sa. tolerance = 1, sa_iterations = 1000, initial_temperature = 3.0, cooling_rate = 0.999
26 - INFO - chord#: 146 done. best_score=71.0, changed=611, unchanged=373, early_stops=8/8
26 - INFO - chord#: 148 In build_straw_man_chord_sa. tolerance = 1, sa_iterations = 1000, initial_temperature = 3.0, cooling_rate = 0.999
26 - INFO - chord#: 136 done. best_score=27.0, changed=523, unchanged=368, early_stops=8/8
26 - INFO - chord#: 138 In build_straw_man_chord_sa. tolerance = 1, sa_iterations = 1000, initial_temperature = 3.0, cooling_rate = 0.999
26 - INFO - chord#: 114 done. best_score=27.0, changed=517, unchanged=347, early_stops=8/8
26 - INFO - chord#: 116 In build_straw_man_chord_sa. tolerance = 1, sa_iterations = 1000, initial_temperature = 3.0, cooling_rate = 0.999
26 - INFO - chord#: 144 done. best_score=27.0, changed=515, unchanged=407, early_stops=8/8
26 - INFO - chord#: 146 In build_straw_man_chord_sa. tolerance = 1, sa_iterations = 1000, initial_temperature = 3.0, cooling_rate = 0.999
26 - INFO - chord#: 116 done. best_score=27.0, changed=523, unchanged=399, early_stops=8/8
26 - INFO - chord#: 118 In build_straw_man_chord_sa. tolerance = 1, sa_iterations = 1000, initial_temperature = 3.0, cooling_rate = 0.999
26 - INFO - chord#: 142 done. best_score=62.0, changed=528, unchanged=350, early_stops=8/8
26 - INFO - chord#: 144 In build_straw_man_chord_sa. tolerance = 1, sa_iterations = 1000, initial_temperature = 3.0, cooling_rate = 0.999
26 - INFO - chord#: 118 done. best_score=88.0, changed=620, unchanged=542, early_stops=8/8
26 - INFO - chord#: 120 In build_straw_man_chord_sa. tolerance = 1, sa_iterations = 1000, initial_temperature = 3.0, cooling_rate = 0.999
26 - INFO - chord#: 128 done. best_score=142.0, changed=612, unchanged=282, early_stops=8/8
26 - INFO - chord#: 132 In build_straw_man_chord_sa. tolerance = 1, sa_iterations = 1000, initial_temperature = 3.0, cooling_rate = 0.999
26 - INFO - chord#: 118 done. best_score=88.0, changed=614, unchanged=367, early_stops=8/8
26 - INFO - chord#: 120 In build_straw_man_chord_sa. tolerance = 1, sa_iterations = 1000, initial_temperature = 3.0, cooling_rate = 0.999
26 - INFO - chord#: 120 done. best_score=27.0, changed=512, unchanged=323, early_stops=8/8
26 - INFO - chord#: 122 In build_straw_man_chord_sa. tolerance = 1, sa_iterations = 1000, initial_temperature = 3.0, cooling_rate = 0.999
26 - INFO - chord#: 148 done. best_score=119.0, changed=606, unchanged=209, early_stops=8/8
26 - INFO - chord#: 150 In build_straw_man_chord_sa. tolerance = 1, sa_iterations = 1000, initial_temperature = 3.0, cooling_rate = 0.999
26 - INFO - chord#: 116 done. best_score=27.0, changed=515, unchanged=485, early_stops=8/8
26 - INFO - chord#: 118 In build_straw_man_chord_sa. tolerance = 1, sa_iterations = 1000, initial_temperature = 3.0, cooling_rate = 0.999
26 - INFO - chord#: 118 done. best_score=88.0, changed=605, unchanged=209, early_stops=8/8
26 - INFO - chord#: 120 In build_straw_man_chord_sa. tolerance = 1, sa_iterations = 1000, initial_temperature = 3.0, cooling_rate = 0.999
26 - INFO - chord#: 132 done. best_score=27.0, changed=518, unchanged=387, early_stops=8/8
26 - INFO - chord#: 136 In build_straw_man_chord_sa. tolerance = 1, sa_iterations = 1000, initial_temperature = 3.0, cooling_rate = 0.999
26 - INFO - chord#: 138 done. best_score=67.0, changed=609, unchanged=236, early_stops=8/8
26 - INFO - chord#: 140 In build_straw_man_chord_sa. tolerance = 1, sa_iterations = 1000, initial_temperature = 3.0, cooling_rate = 0.999
26 - INFO - chord#: 144 done. best_score=27.0, changed=519, unchanged=543, early_stops=8/8
26 - INFO - chord#: 146 In build_straw_man_chord_sa. tolerance = 1, sa_iterations = 1000, initial_temperature = 3.0, cooling_rate = 0.999
26 - INFO - chord#: 148 done. best_score=137.0, changed=612, unchanged=491, early_stops=8/8
26 - INFO - chord#: 150 In build_straw_man_chord_sa. tolerance = 1, sa_iterations = 1000, initial_temperature = 3.0, cooling_rate = 0.999
26 - INFO - chord#: 146 done. best_score=146.0, changed=606, unchanged=213, early_stops=8/8
26 - INFO - chord#: 148 In build_straw_man_chord_sa. tolerance = 1, sa_iterations = 1000, initial_temperature = 3.0, cooling_rate = 0.999
26 - INFO - chord#: 146 done. best_score=104.0, changed=614, unchanged=331, early_stops=8/8
26 - INFO - chord#: 148 In build_straw_man_chord_sa. tolerance = 1, sa_iterations = 1000, initial_temperature = 3.0, cooling_rate = 0.999
26 - INFO - chord#: 120 done. best_score=27.0, changed=520, unchanged=473, early_stops=8/8
26 - INFO - chord#: 122 In build_straw_man_chord_sa. tolerance = 1, sa_iterations = 1000, initial_temperature = 3.0, cooling_rate = 0.999
26 - INFO - chord#: 150 done. best_score=47.0, changed=530, unchanged=412, early_stops=8/8
26 - INFO - chord#: 152 In build_straw_man_chord_sa. tolerance = 1, sa_iterations = 1000, initial_temperature = 3.0, cooling_rate = 0.999
26 - INFO - chord#: 136 done. best_score=27.0, changed=521, unchanged=299, early_stops=8/8
26 - INFO - chord#: 138 In build_straw_man_chord_sa. tolerance = 1, sa_iterations = 1000, initial_temperature = 3.0, cooling_rate = 0.999
26 - INFO - chord#: 120 done. best_score=27.0, changed=524, unchanged=416, early_stops=8/8
26 - INFO - chord#: 122 In build_straw_man_chord_sa. tolerance = 1, sa_iterations = 1000, initial_temperature = 3.0, cooling_rate = 0.999
26 - INFO - chord#: 150 done. best_score=36.0, changed=521, unchanged=359, early_stops=8/8
26 - INFO - chord#: 152 In build_straw_man_chord_sa. tolerance = 1, sa_iterations = 1000, initial_temperature = 3.0, cooling_rate = 0.999
26 - INFO - chord#: 140 done. best_score=61.0, changed=534, unchanged=319, early_stops=8/8
26 - INFO - chord#: 142 In build_straw_man_chord_sa. tolerance = 1, sa_iterations = 1000, initial_temperature = 3.0, cooling_rate = 0.999
26 - INFO - chord#: 118 done. best_score=88.0, changed=611, unchanged=331, early_stops=8/8
26 - INFO - chord#: 120 In build_straw_man_chord_sa. tolerance = 1, sa_iterations = 1000, initial_temperature = 3.0, cooling_rate = 0.999
26 - INFO - chord#: 152 done. best_score=27.0, changed=520, unchanged=439, early_stops=8/8
26 - INFO - chord#: 154 In build_straw_man_chord_sa. tolerance = 1, sa_iterations = 1000, initial_temperature = 3.0, cooling_rate = 0.999
26 - INFO - chord#: 122 done. best_score=125.0, changed=614, unchanged=280, early_stops=8/8
26 - INFO - chord#: 124 In build_straw_man_chord_sa. tolerance = 1, sa_iterations = 1000, initial_temperature = 3.0, cooling_rate = 0.999
26 - INFO - chord#: 152 done. best_score=27.0, changed=525, unchanged=370, early_stops=8/8
26 - INFO - chord#: 154 In build_straw_man_chord_sa. tolerance = 1, sa_iterations = 1000, initial_temperature = 3.0, cooling_rate = 0.999
26 - INFO - chord#: 142 done. best_score=47.0, changed=514, unchanged=513, early_stops=8/8
26 - INFO - chord#: 144 In build_straw_man_chord_sa. tolerance = 1, sa_iterations = 1000, initial_temperature = 3.0, cooling_rate = 0.999
26 - INFO - chord#: 118 done. best_score=135.0, changed=610, unchanged=343, early_stops=8/8
26 - INFO - chord#: 120 In build_straw_man_chord_sa. tolerance = 1, sa_iterations = 1000, initial_temperature = 3.0, cooling_rate = 0.999
26 - INFO - chord#: 148 done. best_score=78.0, changed=608, unchanged=307, early_stops=8/8
26 - INFO - chord#: 150 In build_straw_man_chord_sa. tolerance = 1, sa_iterations = 1000, initial_temperature = 3.0, cooling_rate = 0.999
26 - INFO - chord#: 120 done. best_score=27.0, changed=529, unchanged=427, early_stops=8/8
26 - INFO - chord#: 122 In build_straw_man_chord_sa. tolerance = 1, sa_iterations = 1000, initial_temperature = 3.0, cooling_rate = 0.999
26 - INFO - chord#: 138 done. best_score=67.0, changed=611, unchanged=236, early_stops=8/8
26 - INFO - chord#: 140 In build_straw_man_chord_sa. tolerance = 1, sa_iterations = 1000, initial_temperature = 3.0, cooling_rate = 0.999
26 - INFO - chord#: 148 done. best_score=142.0, changed=607, unchanged=239, early_stops=8/8
26 - INFO - chord#: 150 In build_straw_man_chord_sa. tolerance = 1, sa_iterations = 1000, initial_temperature = 3.0, cooling_rate = 0.999
26 - INFO - chord#: 124 done. best_score=27.0, changed=516, unchanged=425, early_stops=8/8
26 - INFO - chord#: 128 In build_straw_man_chord_sa. tolerance = 1, sa_iterations = 1000, initial_temperature = 3.0, cooling_rate = 0.999
26 - INFO - chord#: 146 done. best_score=104.0, changed=616, unchanged=322, early_stops=8/8
26 - INFO - chord#: 148 In build_straw_man_chord_sa. tolerance = 1, sa_iterations = 1000, initial_temperature = 3.0, cooling_rate = 0.999
26 - INFO - chord#: 122 done. best_score=145.0, changed=614, unchanged=326, early_stops=8/8
26 - INFO - chord#: 124 In build_straw_man_chord_sa. tolerance = 1, sa_iterations = 1000, initial_temperature = 3.0, cooling_rate = 0.999
26 - INFO - chord#: 144 done. best_score=27.0, changed=524, unchanged=453, early_stops=8/8
26 - INFO - chord#: 146 In build_straw_man_chord_sa. tolerance = 1, sa_iterations = 1000, initial_temperature = 3.0, cooling_rate = 0.999
26 - INFO - chord#: 150 done. best_score=47.0, changed=524, unchanged=339, early_stops=8/8
26 - INFO - chord#: 152 In build_straw_man_chord_sa. tolerance = 1, sa_iterations = 1000, initial_temperature = 3.0, cooling_rate = 0.999
26 - INFO - chord#: 120 done. best_score=27.0, changed=531, unchanged=458, early_stops=8/8
26 - INFO - chord#: 122 In build_straw_man_chord_sa. tolerance = 1, sa_iterations = 1000, initial_temperature = 3.0, cooling_rate = 0.999
26 - INFO - chord#: 140 done. best_score=61.0, changed=526, unchanged=294, early_stops=8/8
26 - INFO - chord#: 142 In build_straw_man_chord_sa. tolerance = 1, sa_iterations = 1000, initial_temperature = 3.0, cooling_rate = 0.999
26 - INFO - chord#: 122 done. best_score=125.0, changed=605, unchanged=332, early_stops=8/8
26 - INFO - chord#: 124 In build_straw_man_chord_sa. tolerance = 1, sa_iterations = 1000, initial_temperature = 3.0, cooling_rate = 0.999
26 - INFO - chord#: 154 done. best_score=67.0, changed=610, unchanged=247, early_stops=8/8
26 - INFO - chord#: 156 In build_straw_man_chord_sa. tolerance = 1, sa_iterations = 1000, initial_temperature = 3.0, cooling_rate = 0.999
26 - INFO - chord#: 150 done. best_score=36.0, changed=533, unchanged=319, early_stops=8/8
26 - INFO - chord#: 152 In build_straw_man_chord_sa. tolerance = 1, sa_iterations = 1000, initial_temperature = 3.0, cooling_rate = 0.999
26 - INFO - chord#: 154 done. best_score=67.0, changed=612, unchanged=299, early_stops=8/8
26 - INFO - chord#: 156 In build_straw_man_chord_sa. tolerance = 1, sa_iterations = 1000, initial_temperature = 3.0, cooling_rate = 0.999
26 - INFO - chord#: 124 done. best_score=27.0, changed=516, unchanged=407, early_stops=8/8
26 - INFO - chord#: 128 In build_straw_man_chord_sa. tolerance = 1, sa_iterations = 1000, initial_temperature = 3.0, cooling_rate = 0.999
26 - INFO - chord#: 152 done. best_score=27.0, changed=527, unchanged=484, early_stops=8/8
26 - INFO - chord#: 154 In build_straw_man_chord_sa. tolerance = 1, sa_iterations = 1000, initial_temperature = 3.0, cooling_rate = 0.999
26 - INFO - chord#: 142 done. best_score=47.0, changed=517, unchanged=310, early_stops=8/8
26 - INFO - chord#: 144 In build_straw_man_chord_sa. tolerance = 1, sa_iterations = 1000, initial_temperature = 3.0, cooling_rate = 0.999
26 - INFO - chord#: 156 done. best_score=27.0, changed=521, unchanged=456, early_stops=8/8
26 - INFO - chord#: 124 done. best_score=27.0, changed=519, unchanged=390, early_stops=8/8
26 - INFO - chord#: 128 In build_straw_man_chord_sa. tolerance = 1, sa_iterations = 1000, initial_temperature = 3.0, cooling_rate = 0.999
26 - INFO - chord#: 152 done. best_score=27.0, changed=518, unchanged=351, early_stops=8/8
26 - INFO - chord#: 154 In build_straw_man_chord_sa. tolerance = 1, sa_iterations = 1000, initial_temperature = 3.0, cooling_rate = 0.999
26 - INFO - chord#: 156 done. best_score=27.0, changed=525, unchanged=414, early_stops=8/8
26 - INFO - chord#: 122 done. best_score=125.0, changed=612, unchanged=240, early_stops=8/8
26 - INFO - chord#: 124 In build_straw_man_chord_sa. tolerance = 1, sa_iterations = 1000, initial_temperature = 3.0, cooling_rate = 0.999
26 - INFO - chord#: 128 done. best_score=142.0, changed=614, unchanged=417, early_stops=8/8
26 - INFO - chord#: 132 In build_straw_man_chord_sa. tolerance = 1, sa_iterations = 1000, initial_temperature = 3.0, cooling_rate = 0.999
26 - INFO - chord#: 146 done. best_score=104.0, changed=616, unchanged=334, early_stops=8/8
26 - INFO - chord#: 148 In build_straw_man_chord_sa. tolerance = 1, sa_iterations = 1000, initial_temperature = 3.0, cooling_rate = 0.999
26 - INFO - chord#: 148 done. best_score=67.0, changed=611, unchanged=326, early_stops=8/8
26 - INFO - chord#: 150 In build_straw_man_chord_sa. tolerance = 1, sa_iterations = 1000, initial_temperature = 3.0, cooling_rate = 0.999
26 - INFO - chord#: 144 done. best_score=27.0, changed=522, unchanged=538, early_stops=8/8
26 - INFO - chord#: 146 In build_straw_man_chord_sa. tolerance = 1, sa_iterations = 1000, initial_temperature = 3.0, cooling_rate = 0.999
26 - INFO - chord#: 122 done. best_score=67.0, changed=613, unchanged=448, early_stops=8/8
26 - INFO - chord#: 124 In build_straw_man_chord_sa. tolerance = 1, sa_iterations = 1000, initial_temperature = 3.0, cooling_rate = 0.999
26 - INFO - chord#: 124 done. best_score=27.0, changed=524, unchanged=617, early_stops=8/8
26 - INFO - chord#: 128 In build_straw_man_chord_sa. tolerance = 1, sa_iterations = 1000, initial_temperature = 3.0, cooling_rate = 0.999
26 - INFO - chord#: 150 done. best_score=36.0, changed=521, unchanged=340, early_stops=8/8
26 - INFO - chord#: 152 In build_straw_man_chord_sa. tolerance = 1, sa_iterations = 1000, initial_temperature = 3.0, cooling_rate = 0.999
26 - INFO - chord#: 132 done. best_score=27.0, changed=515, unchanged=420, early_stops=8/8
26 - INFO - chord#: 136 In build_straw_man_chord_sa. tolerance = 1, sa_iterations = 1000, initial_temperature = 3.0, cooling_rate = 0.999
26 - INFO - chord#: 154 done. best_score=67.0, changed=613, unchanged=299, early_stops=8/8
26 - INFO - chord#: 156 In build_straw_man_chord_sa. tolerance = 1, sa_iterations = 1000, initial_temperature = 3.0, cooling_rate = 0.999
26 - INFO - chord#: 124 done. best_score=27.0, changed=524, unchanged=449, early_stops=8/8
26 - INFO - chord#: 128 In build_straw_man_chord_sa. tolerance = 1, sa_iterations = 1000, initial_temperature = 3.0, cooling_rate = 0.999
26 - INFO - chord#: 146 done. best_score=104.0, changed=610, unchanged=221, early_stops=8/8
26 - INFO - chord#: 148 In build_straw_man_chord_sa. tolerance = 1, sa_iterations = 1000, initial_temperature = 3.0, cooling_rate = 0.999
26 - INFO - chord#: 128 done. best_score=140.0, changed=615, unchanged=255, early_stops=8/8
26 - INFO - chord#: 132 In build_straw_man_chord_sa. tolerance = 1, sa_iterations = 1000, initial_temperature = 3.0, cooling_rate = 0.999
26 - INFO - chord#: 156 done. best_score=27.0, changed=517, unchanged=338, early_stops=8/8
26 - INFO - chord#: 152 done. best_score=27.0, changed=528, unchanged=471, early_stops=8/8
26 - INFO - chord#: 154 In build_straw_man_chord_sa. tolerance = 1, sa_iterations = 1000, initial_temperature = 3.0, cooling_rate = 0.999
26 - INFO - chord#: 128 done. best_score=140.0, changed=622, unchanged=419, early_stops=8/8
26 - INFO - chord#: 132 In build_straw_man_chord_sa. tolerance = 1, sa_iterations = 1000, initial_temperature = 3.0, cooling_rate = 0.999
26 - INFO - chord#: 136 done. best_score=27.0, changed=525, unchanged=452, early_stops=8/8
26 - INFO - chord#: 138 In build_straw_man_chord_sa. tolerance = 1, sa_iterations = 1000, initial_temperature = 3.0, cooling_rate = 0.999
26 - INFO - chord#: 148 done. best_score=140.0, changed=613, unchanged=318, early_stops=8/8
26 - INFO - chord#: 150 In build_straw_man_chord_sa. tolerance = 1, sa_iterations = 1000, initial_temperature = 3.0, cooling_rate = 0.999
26 - INFO - chord#: 154 done. best_score=67.0, changed=611, unchanged=334, early_stops=8/8
26 - INFO - chord#: 156 In build_straw_man_chord_sa. tolerance = 1, sa_iterations = 1000, initial_temperature = 3.0, cooling_rate = 0.999
26 - INFO - chord#: 150 done. best_score=36.0, changed=525, unchanged=279, early_stops=8/8
26 - INFO - chord#: 152 In build_straw_man_chord_sa. tolerance = 1, sa_iterations = 1000, initial_temperature = 3.0, cooling_rate = 0.999
26 - INFO - chord#: 128 done. best_score=145.0, changed=616, unchanged=297, early_stops=8/8
26 - INFO - chord#: 132 In build_straw_man_chord_sa. tolerance = 1, sa_iterations = 1000, initial_temperature = 3.0, cooling_rate = 0.999
26 - INFO - chord#: 156 done. best_score=27.0, changed=519, unchanged=404, early_stops=8/8
26 - INFO - chord#: 132 done. best_score=27.0, changed=523, unchanged=396, early_stops=8/8
26 - INFO - chord#: 136 In build_straw_man_chord_sa. tolerance = 1, sa_iterations = 1000, initial_temperature = 3.0, cooling_rate = 0.999
26 - INFO - chord#: 132 done. best_score=27.0, changed=518, unchanged=590, early_stops=8/8
26 - INFO - chord#: 136 In build_straw_man_chord_sa. tolerance = 1, sa_iterations = 1000, initial_temperature = 3.0, cooling_rate = 0.999
26 - INFO - chord#: 152 done. best_score=27.0, changed=518, unchanged=405, early_stops=8/8
26 - INFO - chord#: 154 In build_straw_man_chord_sa. tolerance = 1, sa_iterations = 1000, initial_temperature = 3.0, cooling_rate = 0.999
26 - INFO - chord#: 132 done. best_score=27.0, changed=521, unchanged=435, early_stops=8/8
26 - INFO - chord#: 136 In build_straw_man_chord_sa. tolerance = 1, sa_iterations = 1000, initial_temperature = 3.0, cooling_rate = 0.999
26 - INFO - chord#: 128 done. best_score=145.0, changed=615, unchanged=323, early_stops=8/8
26 - INFO - chord#: 132 In build_straw_man_chord_sa. tolerance = 1, sa_iterations = 1000, initial_temperature = 3.0, cooling_rate = 0.999
26 - INFO - chord#: 148 done. best_score=78.0, changed=609, unchanged=312, early_stops=8/8
26 - INFO - chord#: 150 In build_straw_man_chord_sa. tolerance = 1, sa_iterations = 1000, initial_temperature = 3.0, cooling_rate = 0.999
26 - INFO - chord#: 154 done. best_score=67.0, changed=609, unchanged=297, early_stops=8/8
26 - INFO - chord#: 156 In build_straw_man_chord_sa. tolerance = 1, sa_iterations = 1000, initial_temperature = 3.0, cooling_rate = 0.999
26 - INFO - chord#: 136 done. best_score=27.0, changed=528, unchanged=413, early_stops=8/8
26 - INFO - chord#: 138 In build_straw_man_chord_sa. tolerance = 1, sa_iterations = 1000, initial_temperature = 3.0, cooling_rate = 0.999
26 - INFO - chord#: 136 done. best_score=27.0, changed=518, unchanged=338, early_stops=8/8
26 - INFO - chord#: 138 In build_straw_man_chord_sa. tolerance = 1, sa_iterations = 1000, initial_temperature = 3.0, cooling_rate = 0.999
26 - INFO - chord#: 138 done. best_score=67.0, changed=613, unchanged=281, early_stops=8/8
26 - INFO - chord#: 140 In build_straw_man_chord_sa. tolerance = 1, sa_iterations = 1000, initial_temperature = 3.0, cooling_rate = 0.999
26 - INFO - chord#: 136 done. best_score=27.0, changed=518, unchanged=321, early_stops=8/8
26 - INFO - chord#: 138 In build_straw_man_chord_sa. tolerance = 1, sa_iterations = 1000, initial_temperature = 3.0, cooling_rate = 0.999
26 - INFO - chord#: 132 done. best_score=27.0, changed=518, unchanged=475, early_stops=8/8
26 - INFO - chord#: 136 In build_straw_man_chord_sa. tolerance = 1, sa_iterations = 1000, initial_temperature = 3.0, cooling_rate = 0.999
26 - INFO - chord#: 150 done. best_score=36.0, changed=517, unchanged=385, early_stops=8/8
26 - INFO - chord#: 152 In build_straw_man_chord_sa. tolerance = 1, sa_iterations = 1000, initial_temperature = 3.0, cooling_rate = 0.999
26 - INFO - chord#: 156 done. best_score=27.0, changed=524, unchanged=459, early_stops=8/8
26 - INFO - chord#: 140 done. best_score=61.0, changed=523, unchanged=370, early_stops=8/8
26 - INFO - chord#: 142 In build_straw_man_chord_sa. tolerance = 1, sa_iterations = 1000, initial_temperature = 3.0, cooling_rate = 0.999
26 - INFO - chord#: 136 done. best_score=27.0, changed=519, unchanged=331, early_stops=8/8
26 - INFO - chord#: 138 In build_straw_man_chord_sa. tolerance = 1, sa_iterations = 1000, initial_temperature = 3.0, cooling_rate = 0.999
26 - INFO - chord#: 138 done. best_score=67.0, changed=606, unchanged=215, early_stops=8/8
26 - INFO - chord#: 140 In build_straw_man_chord_sa. tolerance = 1, sa_iterations = 1000, initial_temperature = 3.0, cooling_rate = 0.999
26 - INFO - chord#: 152 done. best_score=27.0, changed=515, unchanged=454, early_stops=8/8
26 - INFO - chord#: 154 In build_straw_man_chord_sa. tolerance = 1, sa_iterations = 1000, initial_temperature = 3.0, cooling_rate = 0.999
26 - INFO - chord#: 154 done. best_score=67.0, changed=617, unchanged=440, early_stops=8/8
26 - INFO - chord#: 156 In build_straw_man_chord_sa. tolerance = 1, sa_iterations = 1000, initial_temperature = 3.0, cooling_rate = 0.999
26 - INFO - chord#: 138 done. best_score=190.0, changed=613, unchanged=334, early_stops=8/8
26 - INFO - chord#: 140 In build_straw_man_chord_sa. tolerance = 1, sa_iterations = 1000, initial_temperature = 3.0, cooling_rate = 0.999
26 - INFO - chord#: 142 done. best_score=47.0, changed=525, unchanged=383, early_stops=8/8
26 - INFO - chord#: 144 In build_straw_man_chord_sa. tolerance = 1, sa_iterations = 1000, initial_temperature = 3.0, cooling_rate = 0.999
26 - INFO - chord#: 140 done. best_score=61.0, changed=531, unchanged=337, early_stops=8/8
26 - INFO - chord#: 142 In build_straw_man_chord_sa. tolerance = 1, sa_iterations = 1000, initial_temperature = 3.0, cooling_rate = 0.999
26 - INFO - chord#: 138 done. best_score=67.0, changed=619, unchanged=307, early_stops=8/8
26 - INFO - chord#: 140 In build_straw_man_chord_sa. tolerance = 1, sa_iterations = 1000, initial_temperature = 3.0, cooling_rate = 0.999
26 - INFO - chord#: 156 done. best_score=27.0, changed=520, unchanged=432, early_stops=8/8
26 - INFO - chord#: 144 done. best_score=27.0, changed=519, unchanged=411, early_stops=8/8
26 - INFO - chord#: 146 In build_straw_man_chord_sa. tolerance = 1, sa_iterations = 1000, initial_temperature = 3.0, cooling_rate = 0.999
26 - INFO - chord#: 140 done. best_score=61.0, changed=538, unchanged=307, early_stops=8/8
26 - INFO - chord#: 142 In build_straw_man_chord_sa. tolerance = 1, sa_iterations = 1000, initial_temperature = 3.0, cooling_rate = 0.999
26 - INFO - chord#: 142 done. best_score=47.0, changed=537, unchanged=343, early_stops=8/8
26 - INFO - chord#: 144 In build_straw_man_chord_sa. tolerance = 1, sa_iterations = 1000, initial_temperature = 3.0, cooling_rate = 0.999
26 - INFO - chord#: 138 done. best_score=78.0, changed=610, unchanged=262, early_stops=8/8
26 - INFO - chord#: 140 In build_straw_man_chord_sa. tolerance = 1, sa_iterations = 1000, initial_temperature = 3.0, cooling_rate = 0.999
26 - INFO - chord#: 140 done. best_score=61.0, changed=529, unchanged=280, early_stops=8/8
26 - INFO - chord#: 142 In build_straw_man_chord_sa. tolerance = 1, sa_iterations = 1000, initial_temperature = 3.0, cooling_rate = 0.999
26 - INFO - chord#: 154 done. best_score=67.0, changed=607, unchanged=277, early_stops=8/8
26 - INFO - chord#: 156 In build_straw_man_chord_sa. tolerance = 1, sa_iterations = 1000, initial_temperature = 3.0, cooling_rate = 0.999
26 - INFO - chord#: 142 done. best_score=47.0, changed=526, unchanged=325, early_stops=8/8
26 - INFO - chord#: 144 In build_straw_man_chord_sa. tolerance = 1, sa_iterations = 1000, initial_temperature = 3.0, cooling_rate = 0.999
26 - INFO - chord#: 144 done. best_score=27.0, changed=523, unchanged=442, early_stops=8/8
26 - INFO - chord#: 146 In build_straw_man_chord_sa. tolerance = 1, sa_iterations = 1000, initial_temperature = 3.0, cooling_rate = 0.999
26 - INFO - chord#: 140 done. best_score=61.0, changed=530, unchanged=330, early_stops=8/8
26 - INFO - chord#: 142 In build_straw_man_chord_sa. tolerance = 1, sa_iterations = 1000, initial_temperature = 3.0, cooling_rate = 0.999
26 - INFO - chord#: 142 done. best_score=47.0, changed=520, unchanged=321, early_stops=8/8
26 - INFO - chord#: 144 In build_straw_man_chord_sa. tolerance = 1, sa_iterations = 1000, initial_temperature = 3.0, cooling_rate = 0.999
26 - INFO - chord#: 156 done. best_score=27.0, changed=515, unchanged=516, early_stops=8/8
26 - INFO - chord#: 146 done. best_score=71.0, changed=609, unchanged=278, early_stops=8/8
26 - INFO - chord#: 148 In build_straw_man_chord_sa. tolerance = 1, sa_iterations = 1000, initial_temperature = 3.0, cooling_rate = 0.999
26 - INFO - chord#: 144 done. best_score=27.0, changed=520, unchanged=453, early_stops=8/8
26 - INFO - chord#: 146 In build_straw_man_chord_sa. tolerance = 1, sa_iterations = 1000, initial_temperature = 3.0, cooling_rate = 0.999
26 - INFO - chord#: 142 done. best_score=47.0, changed=517, unchanged=360, early_stops=8/8
26 - INFO - chord#: 144 In build_straw_man_chord_sa. tolerance = 1, sa_iterations = 1000, initial_temperature = 3.0, cooling_rate = 0.999
26 - INFO - chord#: 144 done. best_score=27.0, changed=518, unchanged=345, early_stops=8/8
26 - INFO - chord#: 146 In build_straw_man_chord_sa. tolerance = 1, sa_iterations = 1000, initial_temperature = 3.0, cooling_rate = 0.999
26 - INFO - chord#: 144 done. best_score=27.0, changed=512, unchanged=384, early_stops=8/8
26 - INFO - chord#: 146 In build_straw_man_chord_sa. tolerance = 1, sa_iterations = 1000, initial_temperature = 3.0, cooling_rate = 0.999
26 - INFO - chord#: 146 done. best_score=64.0, changed=613, unchanged=344, early_stops=8/8
26 - INFO - chord#: 148 In build_straw_man_chord_sa. tolerance = 1, sa_iterations = 1000, initial_temperature = 3.0, cooling_rate = 0.999
26 - INFO - chord#: 146 done. best_score=140.0, changed=609, unchanged=237, early_stops=8/8
26 - INFO - chord#: 148 In build_straw_man_chord_sa. tolerance = 1, sa_iterations = 1000, initial_temperature = 3.0, cooling_rate = 0.999
26 - INFO - chord#: 148 done. best_score=78.0, changed=613, unchanged=303, early_stops=8/8
26 - INFO - chord#: 150 In build_straw_man_chord_sa. tolerance = 1, sa_iterations = 1000, initial_temperature = 3.0, cooling_rate = 0.999
26 - INFO - chord#: 146 done. best_score=71.0, changed=611, unchanged=354, early_stops=8/8
26 - INFO - chord#: 148 In build_straw_man_chord_sa. tolerance = 1, sa_iterations = 1000, initial_temperature = 3.0, cooling_rate = 0.999
26 - INFO - chord#: 146 done. best_score=170.0, changed=608, unchanged=220, early_stops=8/8
26 - INFO - chord#: 148 In build_straw_man_chord_sa. tolerance = 1, sa_iterations = 1000, initial_temperature = 3.0, cooling_rate = 0.999
26 - INFO - chord#: 150 done. best_score=47.0, changed=526, unchanged=328, early_stops=8/8
26 - INFO - chord#: 152 In build_straw_man_chord_sa. tolerance = 1, sa_iterations = 1000, initial_temperature = 3.0, cooling_rate = 0.999
26 - INFO - chord#: 152 done. best_score=27.0, changed=512, unchanged=348, early_stops=8/8
26 - INFO - chord#: 154 In build_straw_man_chord_sa. tolerance = 1, sa_iterations = 1000, initial_temperature = 3.0, cooling_rate = 0.999
26 - INFO - chord#: 148 done. best_score=78.0, changed=619, unchanged=354, early_stops=8/8
26 - INFO - chord#: 150 In build_straw_man_chord_sa. tolerance = 1, sa_iterations = 1000, initial_temperature = 3.0, cooling_rate = 0.999
26 - INFO - chord#: 148 done. best_score=78.0, changed=606, unchanged=314, early_stops=8/8
26 - INFO - chord#: 150 In build_straw_man_chord_sa. tolerance = 1, sa_iterations = 1000, initial_temperature = 3.0, cooling_rate = 0.999
26 - INFO - chord#: 148 done. best_score=153.0, changed=612, unchanged=238, early_stops=8/8
26 - INFO - chord#: 150 In build_straw_man_chord_sa. tolerance = 1, sa_iterations = 1000, initial_temperature = 3.0, cooling_rate = 0.999
26 - INFO - chord#: 150 done. best_score=36.0, changed=536, unchanged=371, early_stops=8/8
26 - INFO - chord#: 152 In build_straw_man_chord_sa. tolerance = 1, sa_iterations = 1000, initial_temperature = 3.0, cooling_rate = 0.999
26 - INFO - chord#: 148 done. best_score=78.0, changed=614, unchanged=309, early_stops=8/8
26 - INFO - chord#: 150 In build_straw_man_chord_sa. tolerance = 1, sa_iterations = 1000, initial_temperature = 3.0, cooling_rate = 0.999
26 - INFO - chord#: 150 done. best_score=36.0, changed=530, unchanged=351, early_stops=8/8
26 - INFO - chord#: 152 In build_straw_man_chord_sa. tolerance = 1, sa_iterations = 1000, initial_temperature = 3.0, cooling_rate = 0.999
26 - INFO - chord#: 150 done. best_score=47.0, changed=538, unchanged=342, early_stops=8/8
26 - INFO - chord#: 152 In build_straw_man_chord_sa. tolerance = 1, sa_iterations = 1000, initial_temperature = 3.0, cooling_rate = 0.999
26 - INFO - chord#: 152 done. best_score=27.0, changed=520, unchanged=400, early_stops=8/8
26 - INFO - chord#: 154 In build_straw_man_chord_sa. tolerance = 1, sa_iterations = 1000, initial_temperature = 3.0, cooling_rate = 0.999
26 - INFO - chord#: 150 done. best_score=47.0, changed=522, unchanged=388, early_stops=8/8
26 - INFO - chord#: 152 In build_straw_man_chord_sa. tolerance = 1, sa_iterations = 1000, initial_temperature = 3.0, cooling_rate = 0.999
26 - INFO - chord#: 152 done. best_score=36.0, changed=526, unchanged=545, early_stops=8/8
26 - INFO - chord#: 154 In build_straw_man_chord_sa. tolerance = 1, sa_iterations = 1000, initial_temperature = 3.0, cooling_rate = 0.999
26 - INFO - chord#: 154 done. best_score=96.0, changed=614, unchanged=386, early_stops=8/8
26 - INFO - chord#: 156 In build_straw_man_chord_sa. tolerance = 1, sa_iterations = 1000, initial_temperature = 3.0, cooling_rate = 0.999
26 - INFO - chord#: 152 done. best_score=27.0, changed=514, unchanged=324, early_stops=8/8
26 - INFO - chord#: 154 In build_straw_man_chord_sa. tolerance = 1, sa_iterations = 1000, initial_temperature = 3.0, cooling_rate = 0.999
26 - INFO - chord#: 152 done. best_score=27.0, changed=516, unchanged=401, early_stops=8/8
26 - INFO - chord#: 154 In build_straw_man_chord_sa. tolerance = 1, sa_iterations = 1000, initial_temperature = 3.0, cooling_rate = 0.999
26 - INFO - chord#: 156 done. best_score=27.0, changed=520, unchanged=396, early_stops=8/8
26 - INFO - chord#: 154 done. best_score=137.0, changed=614, unchanged=317, early_stops=8/8
26 - INFO - chord#: 156 In build_straw_man_chord_sa. tolerance = 1, sa_iterations = 1000, initial_temperature = 3.0, cooling_rate = 0.999
26 - INFO - chord#: 154 done. best_score=67.0, changed=614, unchanged=342, early_stops=8/8
26 - INFO - chord#: 156 In build_straw_man_chord_sa. tolerance = 1, sa_iterations = 1000, initial_temperature = 3.0, cooling_rate = 0.999
26 - INFO - chord#: 154 done. best_score=157.0, changed=612, unchanged=290, early_stops=8/8
26 - INFO - chord#: 156 In build_straw_man_chord_sa. tolerance = 1, sa_iterations = 1000, initial_temperature = 3.0, cooling_rate = 0.999
26 - INFO - chord#: 154 done. best_score=78.0, changed=618, unchanged=629, early_stops=8/8
26 - INFO - chord#: 156 In build_straw_man_chord_sa. tolerance = 1, sa_iterations = 1000, initial_temperature = 3.0, cooling_rate = 0.999
26 - INFO - chord#: 156 done. best_score=27.0, changed=514, unchanged=308, early_stops=8/8
26 - INFO - chord#: 156 done. best_score=27.0, changed=520, unchanged=326, early_stops=8/8
26 - INFO - chord#: 156 done. best_score=27.0, changed=531, unchanged=458, early_stops=8/8
26 - INFO - chord#: 156 done. best_score=27.0, changed=523, unchanged=349, early_stops=8/8
26 - INFO - chord#: 0 In build_straw_man_chord_sa. tolerance = 1, sa_iterations = 1000, initial_temperature = 3.0, cooling_rate = 0.999
26 - INFO - chord#: 0 In build_straw_man_chord_sa. tolerance = 1, sa_iterations = 1000, initial_temperature = 3.0, cooling_rate = 0.999
26 - INFO - chord#: 0 In build_straw_man_chord_sa. tolerance = 1, sa_iterations = 1000, initial_temperature = 3.0, cooling_rate = 0.999
26 - INFO - chord#: 0 In build_straw_man_chord_sa. tolerance = 1, sa_iterations = 1000, initial_temperature = 3.0, cooling_rate = 0.999
26 - INFO - chord#: 0 In build_straw_man_chord_sa. tolerance = 1, sa_iterations = 1000, initial_temperature = 3.0, cooling_rate = 0.999
26 - INFO - chord#: 0 In build_straw_man_chord_sa. tolerance = 1, sa_iterations = 1000, initial_temperature = 3.0, cooling_rate = 0.999
26 - INFO - chord#: 0 In build_straw_man_chord_sa. tolerance = 1, sa_iterations = 1000, initial_temperature = 3.0, cooling_rate = 0.999
26 - INFO - chord#: 0 In build_straw_man_chord_sa. tolerance = 1, sa_iterations = 1000, initial_temperature = 3.0, cooling_rate = 0.999
26 - INFO - chord#: 0 In build_straw_man_chord_sa. tolerance = 1, sa_iterations = 1000, initial_temperature = 3.0, cooling_rate = 0.999
26 - INFO - chord#: 0 In build_straw_man_chord_sa. tolerance = 1, sa_iterations = 1000, initial_temperature = 3.0, cooling_rate = 0.999
26 - INFO - chord#: 0 In build_straw_man_chord_sa. tolerance = 1, sa_iterations = 1000, initial_temperature = 3.0, cooling_rate = 0.999
26 - INFO - chord#: 0 In build_straw_man_chord_sa. tolerance = 1, sa_iterations = 1000, initial_temperature = 3.0, cooling_rate = 0.999
26 - INFO - chord#: 0 done. best_score=27.0, changed=515, unchanged=388, early_stops=8/8
26 - INFO - chord#: 4 In build_straw_man_chord_sa. tolerance = 1, sa_iterations = 1000, initial_temperature = 3.0, cooling_rate = 0.999
26 - INFO - chord#: 0 done. best_score=27.0, changed=515, unchanged=391, early_stops=8/8
26 - INFO - chord#: 0 done. best_score=27.0, changed=519, unchanged=384, early_stops=8/8
26 - INFO - chord#: 4 In build_straw_man_chord_sa. tolerance = 1, sa_iterations = 1000, initial_temperature = 3.0, cooling_rate = 0.999
26 - INFO - chord#: 4 In build_straw_man_chord_sa. tolerance = 1, sa_iterations = 1000, initial_temperature = 3.0, cooling_rate = 0.999
26 - INFO - chord#: 0 done. best_score=27.0, changed=517, unchanged=378, early_stops=8/8
26 - INFO - chord#: 4 In build_straw_man_chord_sa. tolerance = 1, sa_iterations = 1000, initial_temperature = 3.0, cooling_rate = 0.999
26 - INFO - chord#: 0 done. best_score=27.0, changed=518, unchanged=347, early_stops=8/8
26 - INFO - chord#: 4 In build_straw_man_chord_sa. tolerance = 1, sa_iterations = 1000, initial_temperature = 3.0, cooling_rate = 0.999
26 - INFO - chord#: 0 done. best_score=27.0, changed=529, unchanged=495, early_stops=8/8
26 - INFO - chord#: 4 In build_straw_man_chord_sa. tolerance = 1, sa_iterations = 1000, initial_temperature = 3.0, cooling_rate = 0.999
26 - INFO - chord#: 0 done. best_score=27.0, changed=529, unchanged=572, early_stops=8/8
26 - INFO - chord#: 4 In build_straw_man_chord_sa. tolerance = 1, sa_iterations = 1000, initial_temperature = 3.0, cooling_rate = 0.999
26 - INFO - chord#: 0 done. best_score=27.0, changed=515, unchanged=391, early_stops=8/8
26 - INFO - chord#: 4 In build_straw_man_chord_sa. tolerance = 1, sa_iterations = 1000, initial_temperature = 3.0, cooling_rate = 0.999
26 - INFO - chord#: 0 done. best_score=27.0, changed=529, unchanged=404, early_stops=8/8
26 - INFO - chord#: 4 In build_straw_man_chord_sa. tolerance = 1, sa_iterations = 1000, initial_temperature = 3.0, cooling_rate = 0.999
26 - INFO - chord#: 0 done. best_score=27.0, changed=522, unchanged=482, early_stops=8/8
26 - INFO - chord#: 4 In build_straw_man_chord_sa. tolerance = 1, sa_iterations = 1000, initial_temperature = 3.0, cooling_rate = 0.999
26 - INFO - chord#: 0 done. best_score=27.0, changed=521, unchanged=481, early_stops=8/8
26 - INFO - chord#: 0 done. best_score=27.0, changed=519, unchanged=458, early_stops=8/8
26 - INFO - chord#: 4 In build_straw_man_chord_sa. tolerance = 1, sa_iterations = 1000, initial_temperature = 3.0, cooling_rate = 0.999
26 - INFO - chord#: 4 In build_straw_man_chord_sa. tolerance = 1, sa_iterations = 1000, initial_temperature = 3.0, cooling_rate = 0.999
26 - INFO - chord#: 4 done. best_score=27.0, changed=518, unchanged=324, early_stops=8/8
26 - INFO - chord#: 6 In build_straw_man_chord_sa. tolerance = 1, sa_iterations = 1000, initial_temperature = 3.0, cooling_rate = 0.999
26 - INFO - chord#: 4 done. best_score=27.0, changed=521, unchanged=362, early_stops=8/8
26 - INFO - chord#: 6 In build_straw_man_chord_sa. tolerance = 1, sa_iterations = 1000, initial_temperature = 3.0, cooling_rate = 0.999
26 - INFO - chord#: 4 done. best_score=27.0, changed=528, unchanged=572, early_stops=8/8
26 - INFO - chord#: 6 In build_straw_man_chord_sa. tolerance = 1, sa_iterations = 1000, initial_temperature = 3.0, cooling_rate = 0.999
26 - INFO - chord#: 4 done. best_score=27.0, changed=524, unchanged=364, early_stops=8/8
26 - INFO - chord#: 6 In build_straw_man_chord_sa. tolerance = 1, sa_iterations = 1000, initial_temperature = 3.0, cooling_rate = 0.999
26 - INFO - chord#: 4 done. best_score=27.0, changed=522, unchanged=414, early_stops=8/8
26 - INFO - chord#: 6 In build_straw_man_chord_sa. tolerance = 1, sa_iterations = 1000, initial_temperature = 3.0, cooling_rate = 0.999
26 - INFO - chord#: 4 done. best_score=27.0, changed=525, unchanged=376, early_stops=8/8
26 - INFO - chord#: 6 In build_straw_man_chord_sa. tolerance = 1, sa_iterations = 1000, initial_temperature = 3.0, cooling_rate = 0.999
26 - INFO - chord#: 4 done. best_score=27.0, changed=519, unchanged=395, early_stops=8/8
26 - INFO - chord#: 6 In build_straw_man_chord_sa. tolerance = 1, sa_iterations = 1000, initial_temperature = 3.0, cooling_rate = 0.999
26 - INFO - chord#: 4 done. best_score=27.0, changed=525, unchanged=389, early_stops=8/8
26 - INFO - chord#: 6 In build_straw_man_chord_sa. tolerance = 1, sa_iterations = 1000, initial_temperature = 3.0, cooling_rate = 0.999
26 - INFO - chord#: 4 done. best_score=27.0, changed=523, unchanged=375, early_stops=8/8
26 - INFO - chord#: 6 In build_straw_man_chord_sa. tolerance = 1, sa_iterations = 1000, initial_temperature = 3.0, cooling_rate = 0.999
26 - INFO - chord#: 4 done. best_score=36.0, changed=522, unchanged=333, early_stops=8/8
26 - INFO - chord#: 6 In build_straw_man_chord_sa. tolerance = 1, sa_iterations = 1000, initial_temperature = 3.0, cooling_rate = 0.999
26 - INFO - chord#: 4 done. best_score=27.0, changed=526, unchanged=416, early_stops=8/8
26 - INFO - chord#: 6 In build_straw_man_chord_sa. tolerance = 1, sa_iterations = 1000, initial_temperature = 3.0, cooling_rate = 0.999
26 - INFO - chord#: 4 done. best_score=27.0, changed=524, unchanged=499, early_stops=8/8
26 - INFO - chord#: 6 In build_straw_man_chord_sa. tolerance = 1, sa_iterations = 1000, initial_temperature = 3.0, cooling_rate = 0.999
26 - INFO - chord#: 6 done. best_score=64.0, changed=608, unchanged=281, early_stops=8/8
26 - INFO - chord#: 8 In build_straw_man_chord_sa. tolerance = 1, sa_iterations = 1000, initial_temperature = 3.0, cooling_rate = 0.999
26 - INFO - chord#: 6 done. best_score=64.0, changed=620, unchanged=439, early_stops=8/8
26 - INFO - chord#: 8 In build_straw_man_chord_sa. tolerance = 1, sa_iterations = 1000, initial_temperature = 3.0, cooling_rate = 0.999
26 - INFO - chord#: 6 done. best_score=64.0, changed=610, unchanged=337, early_stops=8/8
26 - INFO - chord#: 8 In build_straw_man_chord_sa. tolerance = 1, sa_iterations = 1000, initial_temperature = 3.0, cooling_rate = 0.999
26 - INFO - chord#: 6 done. best_score=64.0, changed=616, unchanged=227, early_stops=8/8
26 - INFO - chord#: 8 In build_straw_man_chord_sa. tolerance = 1, sa_iterations = 1000, initial_temperature = 3.0, cooling_rate = 0.999
26 - INFO - chord#: 6 done. best_score=104.0, changed=614, unchanged=439, early_stops=8/8
26 - INFO - chord#: 8 In build_straw_man_chord_sa. tolerance = 1, sa_iterations = 1000, initial_temperature = 3.0, cooling_rate = 0.999
26 - INFO - chord#: 6 done. best_score=64.0, changed=615, unchanged=315, early_stops=8/8
26 - INFO - chord#: 8 In build_straw_man_chord_sa. tolerance = 1, sa_iterations = 1000, initial_temperature = 3.0, cooling_rate = 0.999
26 - INFO - chord#: 6 done. best_score=64.0, changed=611, unchanged=314, early_stops=8/8
26 - INFO - chord#: 8 In build_straw_man_chord_sa. tolerance = 1, sa_iterations = 1000, initial_temperature = 3.0, cooling_rate = 0.999
26 - INFO - chord#: 8 done. best_score=27.0, changed=516, unchanged=410, early_stops=8/8
26 - INFO - chord#: 10 In build_straw_man_chord_sa. tolerance = 1, sa_iterations = 1000, initial_temperature = 3.0, cooling_rate = 0.999
26 - INFO - chord#: 6 done. best_score=64.0, changed=612, unchanged=319, early_stops=8/8
26 - INFO - chord#: 8 In build_straw_man_chord_sa. tolerance = 1, sa_iterations = 1000, initial_temperature = 3.0, cooling_rate = 0.999
26 - INFO - chord#: 6 done. best_score=64.0, changed=610, unchanged=279, early_stops=8/8
26 - INFO - chord#: 8 In build_straw_man_chord_sa. tolerance = 1, sa_iterations = 1000, initial_temperature = 3.0, cooling_rate = 0.999
26 - INFO - chord#: 6 done. best_score=64.0, changed=612, unchanged=360, early_stops=8/8
26 - INFO - chord#: 8 In build_straw_man_chord_sa. tolerance = 1, sa_iterations = 1000, initial_temperature = 3.0, cooling_rate = 0.999
26 - INFO - chord#: 6 done. best_score=104.0, changed=613, unchanged=321, early_stops=8/8
26 - INFO - chord#: 8 In build_straw_man_chord_sa. tolerance = 1, sa_iterations = 1000, initial_temperature = 3.0, cooling_rate = 0.999
26 - INFO - chord#: 8 done. best_score=27.0, changed=518, unchanged=393, early_stops=8/8
26 - INFO - chord#: 10 In build_straw_man_chord_sa. tolerance = 1, sa_iterations = 1000, initial_temperature = 3.0, cooling_rate = 0.999
26 - INFO - chord#: 8 done. best_score=27.0, changed=524, unchanged=514, early_stops=8/8
26 - INFO - chord#: 10 In build_straw_man_chord_sa. tolerance = 1, sa_iterations = 1000, initial_temperature = 3.0, cooling_rate = 0.999
26 - INFO - chord#: 6 done. best_score=64.0, changed=614, unchanged=394, early_stops=8/8
26 - INFO - chord#: 8 In build_straw_man_chord_sa. tolerance = 1, sa_iterations = 1000, initial_temperature = 3.0, cooling_rate = 0.999
26 - INFO - chord#: 8 done. best_score=27.0, changed=523, unchanged=406, early_stops=8/8
26 - INFO - chord#: 10 In build_straw_man_chord_sa. tolerance = 1, sa_iterations = 1000, initial_temperature = 3.0, cooling_rate = 0.999
26 - INFO - chord#: 8 done. best_score=27.0, changed=524, unchanged=562, early_stops=8/8
26 - INFO - chord#: 10 In build_straw_man_chord_sa. tolerance = 1, sa_iterations = 1000, initial_temperature = 3.0, cooling_rate = 0.999
26 - INFO - chord#: 8 done. best_score=27.0, changed=522, unchanged=401, early_stops=8/8
26 - INFO - chord#: 10 In build_straw_man_chord_sa. tolerance = 1, sa_iterations = 1000, initial_temperature = 3.0, cooling_rate = 0.999
26 - INFO - chord#: 8 done. best_score=27.0, changed=527, unchanged=473, early_stops=8/8
26 - INFO - chord#: 10 In build_straw_man_chord_sa. tolerance = 1, sa_iterations = 1000, initial_temperature = 3.0, cooling_rate = 0.999
26 - INFO - chord#: 8 done. best_score=27.0, changed=515, unchanged=417, early_stops=8/8
26 - INFO - chord#: 10 In build_straw_man_chord_sa. tolerance = 1, sa_iterations = 1000, initial_temperature = 3.0, cooling_rate = 0.999
26 - INFO - chord#: 8 done. best_score=27.0, changed=514, unchanged=357, early_stops=8/8
26 - INFO - chord#: 10 In build_straw_man_chord_sa. tolerance = 1, sa_iterations = 1000, initial_temperature = 3.0, cooling_rate = 0.999
26 - INFO - chord#: 8 done. best_score=27.0, changed=522, unchanged=446, early_stops=8/8
26 - INFO - chord#: 10 In build_straw_man_chord_sa. tolerance = 1, sa_iterations = 1000, initial_temperature = 3.0, cooling_rate = 0.999
26 - INFO - chord#: 8 done. best_score=27.0, changed=516, unchanged=450, early_stops=8/8
26 - INFO - chord#: 10 In build_straw_man_chord_sa. tolerance = 1, sa_iterations = 1000, initial_temperature = 3.0, cooling_rate = 0.999
26 - INFO - chord#: 8 done. best_score=27.0, changed=514, unchanged=347, early_stops=8/8
26 - INFO - chord#: 10 In build_straw_man_chord_sa. tolerance = 1, sa_iterations = 1000, initial_temperature = 3.0, cooling_rate = 0.999
26 - INFO - chord#: 10 done. best_score=111.0, changed=618, unchanged=342, early_stops=8/8
26 - INFO - chord#: 12 In build_straw_man_chord_sa. tolerance = 1, sa_iterations = 1000, initial_temperature = 3.0, cooling_rate = 0.999
26 - INFO - chord#: 10 done. best_score=105.0, changed=610, unchanged=201, early_stops=8/8
26 - INFO - chord#: 12 In build_straw_man_chord_sa. tolerance = 1, sa_iterations = 1000, initial_temperature = 3.0, cooling_rate = 0.999
26 - INFO - chord#: 10 done. best_score=93.0, changed=614, unchanged=412, early_stops=8/8
26 - INFO - chord#: 12 In build_straw_man_chord_sa. tolerance = 1, sa_iterations = 1000, initial_temperature = 3.0, cooling_rate = 0.999
26 - INFO - chord#: 10 done. best_score=111.0, changed=614, unchanged=363, early_stops=8/8
26 - INFO - chord#: 12 In build_straw_man_chord_sa. tolerance = 1, sa_iterations = 1000, initial_temperature = 3.0, cooling_rate = 0.999
26 - INFO - chord#: 10 done. best_score=111.0, changed=613, unchanged=309, early_stops=8/8
26 - INFO - chord#: 12 In build_straw_man_chord_sa. tolerance = 1, sa_iterations = 1000, initial_temperature = 3.0, cooling_rate = 0.999
26 - INFO - chord#: 10 done. best_score=105.0, changed=613, unchanged=252, early_stops=8/8
26 - INFO - chord#: 12 In build_straw_man_chord_sa. tolerance = 1, sa_iterations = 1000, initial_temperature = 3.0, cooling_rate = 0.999
26 - INFO - chord#: 12 done. best_score=27.0, changed=516, unchanged=384, early_stops=8/8
26 - INFO - chord#: 14 In build_straw_man_chord_sa. tolerance = 1, sa_iterations = 1000, initial_temperature = 3.0, cooling_rate = 0.999
26 - INFO - chord#: 14 done. best_score=11.0, changed=489, unchanged=336, early_stops=8/8
26 - INFO - chord#: 16 In build_straw_man_chord_sa. tolerance = 1, sa_iterations = 1000, initial_temperature = 3.0, cooling_rate = 0.999
26 - INFO - chord#: 12 done. best_score=27.0, changed=524, unchanged=506, early_stops=8/8
26 - INFO - chord#: 14 In build_straw_man_chord_sa. tolerance = 1, sa_iterations = 1000, initial_temperature = 3.0, cooling_rate = 0.999
26 - INFO - chord#: 10 done. best_score=116.0, changed=606, unchanged=199, early_stops=8/8
26 - INFO - chord#: 12 In build_straw_man_chord_sa. tolerance = 1, sa_iterations = 1000, initial_temperature = 3.0, cooling_rate = 0.999
26 - INFO - chord#: 10 done. best_score=105.0, changed=615, unchanged=317, early_stops=8/8
26 - INFO - chord#: 12 In build_straw_man_chord_sa. tolerance = 1, sa_iterations = 1000, initial_temperature = 3.0, cooling_rate = 0.999
26 - INFO - chord#: 12 done. best_score=27.0, changed=512, unchanged=332, early_stops=8/8
26 - INFO - chord#: 14 In build_straw_man_chord_sa. tolerance = 1, sa_iterations = 1000, initial_temperature = 3.0, cooling_rate = 0.999
26 - INFO - chord#: 14 done. best_score=11.0, changed=482, unchanged=364, early_stops=8/8
26 - INFO - chord#: 16 In build_straw_man_chord_sa. tolerance = 1, sa_iterations = 1000, initial_temperature = 3.0, cooling_rate = 0.999
26 - INFO - chord#: 12 done. best_score=27.0, changed=518, unchanged=384, early_stops=8/8
26 - INFO - chord#: 14 In build_straw_man_chord_sa. tolerance = 1, sa_iterations = 1000, initial_temperature = 3.0, cooling_rate = 0.999
26 - INFO - chord#: 12 done. best_score=27.0, changed=521, unchanged=337, early_stops=8/8
26 - INFO - chord#: 14 In build_straw_man_chord_sa. tolerance = 1, sa_iterations = 1000, initial_temperature = 3.0, cooling_rate = 0.999
26 - INFO - chord#: 12 done. best_score=27.0, changed=512, unchanged=401, early_stops=8/8
26 - INFO - chord#: 14 In build_straw_man_chord_sa. tolerance = 1, sa_iterations = 1000, initial_temperature = 3.0, cooling_rate = 0.999
26 - INFO - chord#: 14 done. best_score=11.0, changed=489, unchanged=357, early_stops=8/8
26 - INFO - chord#: 16 In build_straw_man_chord_sa. tolerance = 1, sa_iterations = 1000, initial_temperature = 3.0, cooling_rate = 0.999
26 - INFO - chord#: 14 done. best_score=11.0, changed=485, unchanged=339, early_stops=8/8
26 - INFO - chord#: 16 In build_straw_man_chord_sa. tolerance = 1, sa_iterations = 1000, initial_temperature = 3.0, cooling_rate = 0.999
26 - INFO - chord#: 14 done. best_score=11.0, changed=480, unchanged=356, early_stops=8/8
26 - INFO - chord#: 16 In build_straw_man_chord_sa. tolerance = 1, sa_iterations = 1000, initial_temperature = 3.0, cooling_rate = 0.999
26 - INFO - chord#: 14 done. best_score=11.0, changed=501, unchanged=343, early_stops=8/8
26 - INFO - chord#: 16 In build_straw_man_chord_sa. tolerance = 1, sa_iterations = 1000, initial_temperature = 3.0, cooling_rate = 0.999
26 - INFO - chord#: 10 done. best_score=93.0, changed=614, unchanged=320, early_stops=8/8
26 - INFO - chord#: 12 In build_straw_man_chord_sa. tolerance = 1, sa_iterations = 1000, initial_temperature = 3.0, cooling_rate = 0.999
26 - INFO - chord#: 10 done. best_score=111.0, changed=611, unchanged=303, early_stops=8/8
26 - INFO - chord#: 12 In build_straw_man_chord_sa. tolerance = 1, sa_iterations = 1000, initial_temperature = 3.0, cooling_rate = 0.999
26 - INFO - chord#: 10 done. best_score=116.0, changed=611, unchanged=413, early_stops=8/8
26 - INFO - chord#: 12 In build_straw_man_chord_sa. tolerance = 1, sa_iterations = 1000, initial_temperature = 3.0, cooling_rate = 0.999
26 - INFO - chord#: 16 done. best_score=27.0, changed=522, unchanged=537, early_stops=8/8
26 - INFO - chord#: 18 In build_straw_man_chord_sa. tolerance = 1, sa_iterations = 1000, initial_temperature = 3.0, cooling_rate = 0.999
26 - INFO - chord#: 10 done. best_score=105.0, changed=613, unchanged=407, early_stops=8/8
26 - INFO - chord#: 12 In build_straw_man_chord_sa. tolerance = 1, sa_iterations = 1000, initial_temperature = 3.0, cooling_rate = 0.999
26 - INFO - chord#: 16 done. best_score=27.0, changed=524, unchanged=435, early_stops=8/8
26 - INFO - chord#: 18 In build_straw_man_chord_sa. tolerance = 1, sa_iterations = 1000, initial_temperature = 3.0, cooling_rate = 0.999
26 - INFO - chord#: 12 done. best_score=27.0, changed=518, unchanged=517, early_stops=8/8
26 - INFO - chord#: 14 In build_straw_man_chord_sa. tolerance = 1, sa_iterations = 1000, initial_temperature = 3.0, cooling_rate = 0.999
26 - INFO - chord#: 16 done. best_score=27.0, changed=527, unchanged=674, early_stops=8/8
26 - INFO - chord#: 18 In build_straw_man_chord_sa. tolerance = 1, sa_iterations = 1000, initial_temperature = 3.0, cooling_rate = 0.999
26 - INFO - chord#: 16 done. best_score=27.0, changed=524, unchanged=448, early_stops=8/8
26 - INFO - chord#: 18 In build_straw_man_chord_sa. tolerance = 1, sa_iterations = 1000, initial_temperature = 3.0, cooling_rate = 0.999
26 - INFO - chord#: 12 done. best_score=27.0, changed=523, unchanged=519, early_stops=8/8
26 - INFO - chord#: 14 In build_straw_man_chord_sa. tolerance = 1, sa_iterations = 1000, initial_temperature = 3.0, cooling_rate = 0.999
26 - INFO - chord#: 16 done. best_score=27.0, changed=520, unchanged=585, early_stops=8/8
26 - INFO - chord#: 18 In build_straw_man_chord_sa. tolerance = 1, sa_iterations = 1000, initial_temperature = 3.0, cooling_rate = 0.999
26 - INFO - chord#: 14 done. best_score=11.0, changed=489, unchanged=321, early_stops=8/8
26 - INFO - chord#: 16 In build_straw_man_chord_sa. tolerance = 1, sa_iterations = 1000, initial_temperature = 3.0, cooling_rate = 0.999
26 - INFO - chord#: 12 done. best_score=27.0, changed=514, unchanged=301, early_stops=8/8
26 - INFO - chord#: 14 In build_straw_man_chord_sa. tolerance = 1, sa_iterations = 1000, initial_temperature = 3.0, cooling_rate = 0.999
26 - INFO - chord#: 16 done. best_score=27.0, changed=519, unchanged=381, early_stops=8/8
26 - INFO - chord#: 18 In build_straw_man_chord_sa. tolerance = 1, sa_iterations = 1000, initial_temperature = 3.0, cooling_rate = 0.999
26 - INFO - chord#: 14 done. best_score=11.0, changed=484, unchanged=358, early_stops=8/8
26 - INFO - chord#: 16 In build_straw_man_chord_sa. tolerance = 1, sa_iterations = 1000, initial_temperature = 3.0, cooling_rate = 0.999
26 - INFO - chord#: 18 done. best_score=27.0, changed=522, unchanged=317, early_stops=8/8
26 - INFO - chord#: 20 In build_straw_man_chord_sa. tolerance = 1, sa_iterations = 1000, initial_temperature = 3.0, cooling_rate = 0.999
26 - INFO - chord#: 14 done. best_score=11.0, changed=493, unchanged=329, early_stops=8/8
26 - INFO - chord#: 16 In build_straw_man_chord_sa. tolerance = 1, sa_iterations = 1000, initial_temperature = 3.0, cooling_rate = 0.999
26 - INFO - chord#: 12 done. best_score=27.0, changed=527, unchanged=490, early_stops=8/8
26 - INFO - chord#: 14 In build_straw_man_chord_sa. tolerance = 1, sa_iterations = 1000, initial_temperature = 3.0, cooling_rate = 0.999
26 - INFO - chord#: 12 done. best_score=27.0, changed=518, unchanged=413, early_stops=8/8
26 - INFO - chord#: 14 In build_straw_man_chord_sa. tolerance = 1, sa_iterations = 1000, initial_temperature = 3.0, cooling_rate = 0.999
26 - INFO - chord#: 12 done. best_score=27.0, changed=517, unchanged=343, early_stops=8/8
26 - INFO - chord#: 14 In build_straw_man_chord_sa. tolerance = 1, sa_iterations = 1000, initial_temperature = 3.0, cooling_rate = 0.999
26 - INFO - chord#: 18 done. best_score=27.0, changed=521, unchanged=359, early_stops=8/8
26 - INFO - chord#: 20 In build_straw_man_chord_sa. tolerance = 1, sa_iterations = 1000, initial_temperature = 3.0, cooling_rate = 0.999
26 - INFO - chord#: 14 done. best_score=11.0, changed=472, unchanged=341, early_stops=8/8
26 - INFO - chord#: 16 In build_straw_man_chord_sa. tolerance = 1, sa_iterations = 1000, initial_temperature = 3.0, cooling_rate = 0.999
26 - INFO - chord#: 14 done. best_score=11.0, changed=482, unchanged=342, early_stops=8/8
26 - INFO - chord#: 16 In build_straw_man_chord_sa. tolerance = 1, sa_iterations = 1000, initial_temperature = 3.0, cooling_rate = 0.999
26 - INFO - chord#: 14 done. best_score=11.0, changed=478, unchanged=347, early_stops=8/8
26 - INFO - chord#: 16 In build_straw_man_chord_sa. tolerance = 1, sa_iterations = 1000, initial_temperature = 3.0, cooling_rate = 0.999
26 - INFO - chord#: 18 done. best_score=27.0, changed=527, unchanged=347, early_stops=8/8
26 - INFO - chord#: 20 In build_straw_man_chord_sa. tolerance = 1, sa_iterations = 1000, initial_temperature = 3.0, cooling_rate = 0.999
26 - INFO - chord#: 18 done. best_score=27.0, changed=523, unchanged=454, early_stops=8/8
26 - INFO - chord#: 20 In build_straw_man_chord_sa. tolerance = 1, sa_iterations = 1000, initial_temperature = 3.0, cooling_rate = 0.999
26 - INFO - chord#: 20 done. best_score=27.0, changed=516, unchanged=415, early_stops=8/8
26 - INFO - chord#: 22 In build_straw_man_chord_sa. tolerance = 1, sa_iterations = 1000, initial_temperature = 3.0, cooling_rate = 0.999
26 - INFO - chord#: 16 done. best_score=27.0, changed=517, unchanged=336, early_stops=8/8
26 - INFO - chord#: 18 In build_straw_man_chord_sa. tolerance = 1, sa_iterations = 1000, initial_temperature = 3.0, cooling_rate = 0.999
26 - INFO - chord#: 18 done. best_score=27.0, changed=526, unchanged=500, early_stops=8/8
26 - INFO - chord#: 20 In build_straw_man_chord_sa. tolerance = 1, sa_iterations = 1000, initial_temperature = 3.0, cooling_rate = 0.999
26 - INFO - chord#: 18 done. best_score=27.0, changed=526, unchanged=493, early_stops=8/8
26 - INFO - chord#: 20 In build_straw_man_chord_sa. tolerance = 1, sa_iterations = 1000, initial_temperature = 3.0, cooling_rate = 0.999
26 - INFO - chord#: 16 done. best_score=27.0, changed=517, unchanged=401, early_stops=8/8
26 - INFO - chord#: 18 In build_straw_man_chord_sa. tolerance = 1, sa_iterations = 1000, initial_temperature = 3.0, cooling_rate = 0.999
26 - INFO - chord#: 20 done. best_score=27.0, changed=522, unchanged=407, early_stops=8/8
26 - INFO - chord#: 22 In build_straw_man_chord_sa. tolerance = 1, sa_iterations = 1000, initial_temperature = 3.0, cooling_rate = 0.999
26 - INFO - chord#: 16 done. best_score=36.0, changed=514, unchanged=375, early_stops=8/8
26 - INFO - chord#: 18 In build_straw_man_chord_sa. tolerance = 1, sa_iterations = 1000, initial_temperature = 3.0, cooling_rate = 0.999
26 - INFO - chord#: 20 done. best_score=27.0, changed=525, unchanged=447, early_stops=8/8
26 - INFO - chord#: 22 In build_straw_man_chord_sa. tolerance = 1, sa_iterations = 1000, initial_temperature = 3.0, cooling_rate = 0.999
26 - INFO - chord#: 20 done. best_score=27.0, changed=517, unchanged=523, early_stops=8/8
26 - INFO - chord#: 22 In build_straw_man_chord_sa. tolerance = 1, sa_iterations = 1000, initial_temperature = 3.0, cooling_rate = 0.999
26 - INFO - chord#: 16 done. best_score=27.0, changed=526, unchanged=605, early_stops=8/8
26 - INFO - chord#: 18 In build_straw_man_chord_sa. tolerance = 1, sa_iterations = 1000, initial_temperature = 3.0, cooling_rate = 0.999
26 - INFO - chord#: 16 done. best_score=27.0, changed=517, unchanged=419, early_stops=8/8
26 - INFO - chord#: 18 In build_straw_man_chord_sa. tolerance = 1, sa_iterations = 1000, initial_temperature = 3.0, cooling_rate = 0.999
26 - INFO - chord#: 16 done. best_score=27.0, changed=523, unchanged=456, early_stops=8/8
26 - INFO - chord#: 18 In build_straw_man_chord_sa. tolerance = 1, sa_iterations = 1000, initial_temperature = 3.0, cooling_rate = 0.999
26 - INFO - chord#: 18 done. best_score=27.0, changed=521, unchanged=385, early_stops=8/8
26 - INFO - chord#: 20 In build_straw_man_chord_sa. tolerance = 1, sa_iterations = 1000, initial_temperature = 3.0, cooling_rate = 0.999
26 - INFO - chord#: 20 done. best_score=27.0, changed=523, unchanged=483, early_stops=8/8
26 - INFO - chord#: 22 In build_straw_man_chord_sa. tolerance = 1, sa_iterations = 1000, initial_temperature = 3.0, cooling_rate = 0.999
26 - INFO - chord#: 18 done. best_score=27.0, changed=527, unchanged=431, early_stops=8/8
26 - INFO - chord#: 20 In build_straw_man_chord_sa. tolerance = 1, sa_iterations = 1000, initial_temperature = 3.0, cooling_rate = 0.999
26 - INFO - chord#: 20 done. best_score=27.0, changed=530, unchanged=500, early_stops=8/8
26 - INFO - chord#: 22 In build_straw_man_chord_sa. tolerance = 1, sa_iterations = 1000, initial_temperature = 3.0, cooling_rate = 0.999
26 - INFO - chord#: 18 done. best_score=36.0, changed=522, unchanged=466, early_stops=8/8
26 - INFO - chord#: 20 In build_straw_man_chord_sa. tolerance = 1, sa_iterations = 1000, initial_temperature = 3.0, cooling_rate = 0.999
26 - INFO - chord#: 18 done. best_score=27.0, changed=521, unchanged=383, early_stops=8/8
26 - INFO - chord#: 20 In build_straw_man_chord_sa. tolerance = 1, sa_iterations = 1000, initial_temperature = 3.0, cooling_rate = 0.999
26 - INFO - chord#: 18 done. best_score=27.0, changed=527, unchanged=362, early_stops=8/8
26 - INFO - chord#: 20 In build_straw_man_chord_sa. tolerance = 1, sa_iterations = 1000, initial_temperature = 3.0, cooling_rate = 0.999
26 - INFO - chord#: 18 done. best_score=27.0, changed=525, unchanged=389, early_stops=8/8
26 - INFO - chord#: 20 In build_straw_man_chord_sa. tolerance = 1, sa_iterations = 1000, initial_temperature = 3.0, cooling_rate = 0.999
26 - INFO - chord#: 22 done. best_score=90.0, changed=610, unchanged=364, early_stops=8/8
26 - INFO - chord#: 24 In build_straw_man_chord_sa. tolerance = 1, sa_iterations = 1000, initial_temperature = 3.0, cooling_rate = 0.999
26 - INFO - chord#: 20 done. best_score=27.0, changed=528, unchanged=400, early_stops=8/8
26 - INFO - chord#: 22 In build_straw_man_chord_sa. tolerance = 1, sa_iterations = 1000, initial_temperature = 3.0, cooling_rate = 0.999
26 - INFO - chord#: 20 done. best_score=27.0, changed=516, unchanged=377, early_stops=8/8
26 - INFO - chord#: 22 In build_straw_man_chord_sa. tolerance = 1, sa_iterations = 1000, initial_temperature = 3.0, cooling_rate = 0.999
26 - INFO - chord#: 22 done. best_score=82.0, changed=611, unchanged=240, early_stops=8/8
26 - INFO - chord#: 24 In build_straw_man_chord_sa. tolerance = 1, sa_iterations = 1000, initial_temperature = 3.0, cooling_rate = 0.999
26 - INFO - chord#: 20 done. best_score=27.0, changed=519, unchanged=414, early_stops=8/8
26 - INFO - chord#: 22 In build_straw_man_chord_sa. tolerance = 1, sa_iterations = 1000, initial_temperature = 3.0, cooling_rate = 0.999
26 - INFO - chord#: 22 done. best_score=82.0, changed=615, unchanged=314, early_stops=8/8
26 - INFO - chord#: 24 In build_straw_man_chord_sa. tolerance = 1, sa_iterations = 1000, initial_temperature = 3.0, cooling_rate = 0.999
26 - INFO - chord#: 22 done. best_score=90.0, changed=608, unchanged=341, early_stops=8/8
26 - INFO - chord#: 24 In build_straw_man_chord_sa. tolerance = 1, sa_iterations = 1000, initial_temperature = 3.0, cooling_rate = 0.999
26 - INFO - chord#: 20 done. best_score=27.0, changed=525, unchanged=398, early_stops=8/8
26 - INFO - chord#: 22 In build_straw_man_chord_sa. tolerance = 1, sa_iterations = 1000, initial_temperature = 3.0, cooling_rate = 0.999
26 - INFO - chord#: 20 done. best_score=27.0, changed=524, unchanged=420, early_stops=8/8
26 - INFO - chord#: 22 In build_straw_man_chord_sa. tolerance = 1, sa_iterations = 1000, initial_temperature = 3.0, cooling_rate = 0.999
26 - INFO - chord#: 20 done. best_score=27.0, changed=518, unchanged=426, early_stops=8/8
26 - INFO - chord#: 22 In build_straw_man_chord_sa. tolerance = 1, sa_iterations = 1000, initial_temperature = 3.0, cooling_rate = 0.999
26 - INFO - chord#: 22 done. best_score=97.0, changed=611, unchanged=573, early_stops=8/8
26 - INFO - chord#: 24 In build_straw_man_chord_sa. tolerance = 1, sa_iterations = 1000, initial_temperature = 3.0, cooling_rate = 0.999
26 - INFO - chord#: 22 done. best_score=82.0, changed=610, unchanged=306, early_stops=8/8
26 - INFO - chord#: 24 In build_straw_man_chord_sa. tolerance = 1, sa_iterations = 1000, initial_temperature = 3.0, cooling_rate = 0.999
26 - INFO - chord#: 24 done. best_score=78.0, changed=610, unchanged=222, early_stops=8/8
26 - INFO - chord#: 28 In build_straw_man_chord_sa. tolerance = 1, sa_iterations = 1000, initial_temperature = 3.0, cooling_rate = 0.999
26 - INFO - chord#: 24 done. best_score=78.0, changed=611, unchanged=302, early_stops=8/8
26 - INFO - chord#: 28 In build_straw_man_chord_sa. tolerance = 1, sa_iterations = 1000, initial_temperature = 3.0, cooling_rate = 0.999
26 - INFO - chord#: 24 done. best_score=137.0, changed=611, unchanged=263, early_stops=8/8
26 - INFO - chord#: 28 done. best_score=9.0, changed=471, unchanged=367, early_stops=8/8
26 - INFO - chord#: 28 In build_straw_man_chord_sa. tolerance = 1, sa_iterations = 1000, initial_temperature = 3.0, cooling_rate = 0.999
26 - INFO - chord#: 32 In build_straw_man_chord_sa. tolerance = 1, sa_iterations = 1000, initial_temperature = 3.0, cooling_rate = 0.999
26 - INFO - chord#: 28 done. best_score=9.0, changed=465, unchanged=387, early_stops=8/8
26 - INFO - chord#: 32 In build_straw_man_chord_sa. tolerance = 1, sa_iterations = 1000, initial_temperature = 3.0, cooling_rate = 0.999
26 - INFO - chord#: 22 done. best_score=127.0, changed=613, unchanged=266, early_stops=8/8
26 - INFO - chord#: 24 In build_straw_man_chord_sa. tolerance = 1, sa_iterations = 1000, initial_temperature = 3.0, cooling_rate = 0.999
26 - INFO - chord#: 28 done. best_score=9.0, changed=481, unchanged=371, early_stops=8/8
26 - INFO - chord#: 32 In build_straw_man_chord_sa. tolerance = 1, sa_iterations = 1000, initial_temperature = 3.0, cooling_rate = 0.999
26 - INFO - chord#: 24 done. best_score=140.0, changed=610, unchanged=302, early_stops=8/8
26 - INFO - chord#: 28 In build_straw_man_chord_sa. tolerance = 1, sa_iterations = 1000, initial_temperature = 3.0, cooling_rate = 0.999
26 - INFO - chord#: 28 done. best_score=9.0, changed=473, unchanged=363, early_stops=8/8
26 - INFO - chord#: 32 In build_straw_man_chord_sa. tolerance = 1, sa_iterations = 1000, initial_temperature = 3.0, cooling_rate = 0.999
26 - INFO - chord#: 22 done. best_score=124.0, changed=616, unchanged=307, early_stops=8/8
26 - INFO - chord#: 24 In build_straw_man_chord_sa. tolerance = 1, sa_iterations = 1000, initial_temperature = 3.0, cooling_rate = 0.999
26 - INFO - chord#: 22 done. best_score=82.0, changed=617, unchanged=320, early_stops=8/8
26 - INFO - chord#: 24 In build_straw_man_chord_sa. tolerance = 1, sa_iterations = 1000, initial_temperature = 3.0, cooling_rate = 0.999
26 - INFO - chord#: 32 done. best_score=36.0, changed=533, unchanged=437, early_stops=8/8
26 - INFO - chord#: 36 In build_straw_man_chord_sa. tolerance = 1, sa_iterations = 1000, initial_temperature = 3.0, cooling_rate = 0.999
26 - INFO - chord#: 32 done. best_score=36.0, changed=529, unchanged=426, early_stops=8/8
26 - INFO - chord#: 36 In build_straw_man_chord_sa. tolerance = 1, sa_iterations = 1000, initial_temperature = 3.0, cooling_rate = 0.999
26 - INFO - chord#: 32 done. best_score=36.0, changed=524, unchanged=328, early_stops=8/8
26 - INFO - chord#: 36 In build_straw_man_chord_sa. tolerance = 1, sa_iterations = 1000, initial_temperature = 3.0, cooling_rate = 0.999
26 - INFO - chord#: 22 done. best_score=82.0, changed=611, unchanged=296, early_stops=8/8
26 - INFO - chord#: 24 In build_straw_man_chord_sa. tolerance = 1, sa_iterations = 1000, initial_temperature = 3.0, cooling_rate = 0.999
26 - INFO - chord#: 22 done. best_score=82.0, changed=613, unchanged=258, early_stops=8/8
26 - INFO - chord#: 24 In build_straw_man_chord_sa. tolerance = 1, sa_iterations = 1000, initial_temperature = 3.0, cooling_rate = 0.999
26 - INFO - chord#: 32 done. best_score=36.0, changed=523, unchanged=423, early_stops=8/8
26 - INFO - chord#: 36 In build_straw_man_chord_sa. tolerance = 1, sa_iterations = 1000, initial_temperature = 3.0, cooling_rate = 0.999
26 - INFO - chord#: 24 done. best_score=78.0, changed=614, unchanged=407, early_stops=8/8
26 - INFO - chord#: 28 In build_straw_man_chord_sa. tolerance = 1, sa_iterations = 1000, initial_temperature = 3.0, cooling_rate = 0.999
26 - INFO - chord#: 36 done. best_score=27.0, changed=521, unchanged=343, early_stops=8/8
26 - INFO - chord#: 40 In build_straw_man_chord_sa. tolerance = 1, sa_iterations = 1000, initial_temperature = 3.0, cooling_rate = 0.999
26 - INFO - chord#: 22 done. best_score=82.0, changed=615, unchanged=397, early_stops=8/8
26 - INFO - chord#: 24 In build_straw_man_chord_sa. tolerance = 1, sa_iterations = 1000, initial_temperature = 3.0, cooling_rate = 0.999
26 - INFO - chord#: 36 done. best_score=27.0, changed=520, unchanged=462, early_stops=8/8
26 - INFO - chord#: 40 In build_straw_man_chord_sa. tolerance = 1, sa_iterations = 1000, initial_temperature = 3.0, cooling_rate = 0.999
26 - INFO - chord#: 28 done. best_score=9.0, changed=464, unchanged=370, early_stops=8/8
26 - INFO - chord#: 32 In build_straw_man_chord_sa. tolerance = 1, sa_iterations = 1000, initial_temperature = 3.0, cooling_rate = 0.999
26 - INFO - chord#: 24 done. best_score=78.0, changed=618, unchanged=360, early_stops=8/8
26 - INFO - chord#: 28 In build_straw_man_chord_sa. tolerance = 1, sa_iterations = 1000, initial_temperature = 3.0, cooling_rate = 0.999
26 - INFO - chord#: 36 done. best_score=27.0, changed=528, unchanged=463, early_stops=8/8
26 - INFO - chord#: 40 In build_straw_man_chord_sa. tolerance = 1, sa_iterations = 1000, initial_temperature = 3.0, cooling_rate = 0.999
26 - INFO - chord#: 24 done. best_score=96.0, changed=615, unchanged=269, early_stops=8/8
26 - INFO - chord#: 28 In build_straw_man_chord_sa. tolerance = 1, sa_iterations = 1000, initial_temperature = 3.0, cooling_rate = 0.999
26 - INFO - chord#: 28 done. best_score=9.0, changed=450, unchanged=403, early_stops=8/8
26 - INFO - chord#: 32 In build_straw_man_chord_sa. tolerance = 1, sa_iterations = 1000, initial_temperature = 3.0, cooling_rate = 0.999
26 - INFO - chord#: 28 done. best_score=9.0, changed=470, unchanged=404, early_stops=8/8
26 - INFO - chord#: 32 In build_straw_man_chord_sa. tolerance = 1, sa_iterations = 1000, initial_temperature = 3.0, cooling_rate = 0.999
26 - INFO - chord#: 36 done. best_score=27.0, changed=519, unchanged=405, early_stops=8/8
26 - INFO - chord#: 40 In build_straw_man_chord_sa. tolerance = 1, sa_iterations = 1000, initial_temperature = 3.0, cooling_rate = 0.999
26 - INFO - chord#: 40 done. best_score=27.0, changed=521, unchanged=342, early_stops=8/8
26 - INFO - chord#: 42 In build_straw_man_chord_sa. tolerance = 1, sa_iterations = 1000, initial_temperature = 3.0, cooling_rate = 0.999
26 - INFO - chord#: 40 done. best_score=27.0, changed=517, unchanged=421, early_stops=8/8
26 - INFO - chord#: 42 In build_straw_man_chord_sa. tolerance = 1, sa_iterations = 1000, initial_temperature = 3.0, cooling_rate = 0.999
26 - INFO - chord#: 32 done. best_score=36.0, changed=521, unchanged=329, early_stops=8/8
26 - INFO - chord#: 36 In build_straw_man_chord_sa. tolerance = 1, sa_iterations = 1000, initial_temperature = 3.0, cooling_rate = 0.999
26 - INFO - chord#: 40 done. best_score=27.0, changed=517, unchanged=392, early_stops=8/8
26 - INFO - chord#: 42 In build_straw_man_chord_sa. tolerance = 1, sa_iterations = 1000, initial_temperature = 3.0, cooling_rate = 0.999
26 - INFO - chord#: 32 done. best_score=36.0, changed=528, unchanged=421, early_stops=8/8
26 - INFO - chord#: 36 In build_straw_man_chord_sa. tolerance = 1, sa_iterations = 1000, initial_temperature = 3.0, cooling_rate = 0.999
26 - INFO - chord#: 40 done. best_score=27.0, changed=513, unchanged=390, early_stops=8/8
26 - INFO - chord#: 42 In build_straw_man_chord_sa. tolerance = 1, sa_iterations = 1000, initial_temperature = 3.0, cooling_rate = 0.999
26 - INFO - chord#: 24 done. best_score=78.0, changed=612, unchanged=411, early_stops=8/8
26 - INFO - chord#: 28 In build_straw_man_chord_sa. tolerance = 1, sa_iterations = 1000, initial_temperature = 3.0, cooling_rate = 0.999
26 - INFO - chord#: 42 done. best_score=36.0, changed=532, unchanged=403, early_stops=8/8
26 - INFO - chord#: 44 In build_straw_man_chord_sa. tolerance = 1, sa_iterations = 1000, initial_temperature = 3.0, cooling_rate = 0.999
26 - INFO - chord#: 32 done. best_score=36.0, changed=522, unchanged=448, early_stops=8/8
26 - INFO - chord#: 36 In build_straw_man_chord_sa. tolerance = 1, sa_iterations = 1000, initial_temperature = 3.0, cooling_rate = 0.999
26 - INFO - chord#: 24 done. best_score=78.0, changed=616, unchanged=467, early_stops=8/8
26 - INFO - chord#: 28 In build_straw_man_chord_sa. tolerance = 1, sa_iterations = 1000, initial_temperature = 3.0, cooling_rate = 0.999
26 - INFO - chord#: 24 done. best_score=96.0, changed=609, unchanged=261, early_stops=8/8
26 - INFO - chord#: 28 In build_straw_man_chord_sa. tolerance = 1, sa_iterations = 1000, initial_temperature = 3.0, cooling_rate = 0.999
26 - INFO - chord#: 28 done. best_score=9.0, changed=462, unchanged=371, early_stops=8/8
26 - INFO - chord#: 32 In build_straw_man_chord_sa. tolerance = 1, sa_iterations = 1000, initial_temperature = 3.0, cooling_rate = 0.999
26 - INFO - chord#: 42 done. best_score=36.0, changed=519, unchanged=377, early_stops=8/8
26 - INFO - chord#: 44 In build_straw_man_chord_sa. tolerance = 1, sa_iterations = 1000, initial_temperature = 3.0, cooling_rate = 0.999
26 - INFO - chord#: 24 done. best_score=78.0, changed=611, unchanged=365, early_stops=8/8
26 - INFO - chord#: 28 In build_straw_man_chord_sa. tolerance = 1, sa_iterations = 1000, initial_temperature = 3.0, cooling_rate = 0.999
26 - INFO - chord#: 36 done. best_score=27.0, changed=526, unchanged=398, early_stops=8/8
26 - INFO - chord#: 40 In build_straw_man_chord_sa. tolerance = 1, sa_iterations = 1000, initial_temperature = 3.0, cooling_rate = 0.999
26 - INFO - chord#: 42 done. best_score=36.0, changed=521, unchanged=391, early_stops=8/8
26 - INFO - chord#: 44 In build_straw_man_chord_sa. tolerance = 1, sa_iterations = 1000, initial_temperature = 3.0, cooling_rate = 0.999
26 - INFO - chord#: 28 done. best_score=9.0, changed=472, unchanged=366, early_stops=8/8
26 - INFO - chord#: 32 In build_straw_man_chord_sa. tolerance = 1, sa_iterations = 1000, initial_temperature = 3.0, cooling_rate = 0.999
26 - INFO - chord#: 28 done. best_score=9.0, changed=455, unchanged=380, early_stops=8/8
26 - INFO - chord#: 32 In build_straw_man_chord_sa. tolerance = 1, sa_iterations = 1000, initial_temperature = 3.0, cooling_rate = 0.999
26 - INFO - chord#: 24 done. best_score=78.0, changed=607, unchanged=244, early_stops=8/8
26 - INFO - chord#: 28 In build_straw_man_chord_sa. tolerance = 1, sa_iterations = 1000, initial_temperature = 3.0, cooling_rate = 0.999
26 - INFO - chord#: 28 done. best_score=9.0, changed=465, unchanged=390, early_stops=8/8
26 - INFO - chord#: 32 In build_straw_man_chord_sa. tolerance = 1, sa_iterations = 1000, initial_temperature = 3.0, cooling_rate = 0.999
26 - INFO - chord#: 36 done. best_score=27.0, changed=520, unchanged=393, early_stops=8/8
26 - INFO - chord#: 40 In build_straw_man_chord_sa. tolerance = 1, sa_iterations = 1000, initial_temperature = 3.0, cooling_rate = 0.999
26 - INFO - chord#: 42 done. best_score=36.0, changed=528, unchanged=400, early_stops=8/8
26 - INFO - chord#: 44 In build_straw_man_chord_sa. tolerance = 1, sa_iterations = 1000, initial_temperature = 3.0, cooling_rate = 0.999
26 - INFO - chord#: 28 done. best_score=9.0, changed=479, unchanged=380, early_stops=8/8
26 - INFO - chord#: 32 In build_straw_man_chord_sa. tolerance = 1, sa_iterations = 1000, initial_temperature = 3.0, cooling_rate = 0.999
26 - INFO - chord#: 44 done. best_score=27.0, changed=524, unchanged=345, early_stops=8/8
26 - INFO - chord#: 46 In build_straw_man_chord_sa. tolerance = 1, sa_iterations = 1000, initial_temperature = 3.0, cooling_rate = 0.999
26 - INFO - chord#: 44 done. best_score=27.0, changed=527, unchanged=408, early_stops=8/8
26 - INFO - chord#: 46 In build_straw_man_chord_sa. tolerance = 1, sa_iterations = 1000, initial_temperature = 3.0, cooling_rate = 0.999
26 - INFO - chord#: 36 done. best_score=27.0, changed=517, unchanged=386, early_stops=8/8
26 - INFO - chord#: 40 In build_straw_man_chord_sa. tolerance = 1, sa_iterations = 1000, initial_temperature = 3.0, cooling_rate = 0.999
26 - INFO - chord#: 40 done. best_score=27.0, changed=527, unchanged=436, early_stops=8/8
26 - INFO - chord#: 42 In build_straw_man_chord_sa. tolerance = 1, sa_iterations = 1000, initial_temperature = 3.0, cooling_rate = 0.999
26 - INFO - chord#: 32 done. best_score=36.0, changed=525, unchanged=426, early_stops=8/8
26 - INFO - chord#: 36 In build_straw_man_chord_sa. tolerance = 1, sa_iterations = 1000, initial_temperature = 3.0, cooling_rate = 0.999
26 - INFO - chord#: 44 done. best_score=27.0, changed=526, unchanged=516, early_stops=8/8
26 - INFO - chord#: 46 In build_straw_man_chord_sa. tolerance = 1, sa_iterations = 1000, initial_temperature = 3.0, cooling_rate = 0.999
26 - INFO - chord#: 32 done. best_score=36.0, changed=519, unchanged=322, early_stops=8/8
26 - INFO - chord#: 36 In build_straw_man_chord_sa. tolerance = 1, sa_iterations = 1000, initial_temperature = 3.0, cooling_rate = 0.999
26 - INFO - chord#: 32 done. best_score=36.0, changed=525, unchanged=452, early_stops=8/8
26 - INFO - chord#: 36 In build_straw_man_chord_sa. tolerance = 1, sa_iterations = 1000, initial_temperature = 3.0, cooling_rate = 0.999
26 - INFO - chord#: 40 done. best_score=27.0, changed=522, unchanged=539, early_stops=8/8
26 - INFO - chord#: 42 In build_straw_man_chord_sa. tolerance = 1, sa_iterations = 1000, initial_temperature = 3.0, cooling_rate = 0.999
26 - INFO - chord#: 44 done. best_score=27.0, changed=532, unchanged=533, early_stops=8/8
26 - INFO - chord#: 46 In build_straw_man_chord_sa. tolerance = 1, sa_iterations = 1000, initial_temperature = 3.0, cooling_rate = 0.999
26 - INFO - chord#: 32 done. best_score=36.0, changed=527, unchanged=519, early_stops=8/8
26 - INFO - chord#: 36 In build_straw_man_chord_sa. tolerance = 1, sa_iterations = 1000, initial_temperature = 3.0, cooling_rate = 0.999
26 - INFO - chord#: 32 done. best_score=36.0, changed=518, unchanged=412, early_stops=8/8
26 - INFO - chord#: 36 In build_straw_man_chord_sa. tolerance = 1, sa_iterations = 1000, initial_temperature = 3.0, cooling_rate = 0.999
26 - INFO - chord#: 42 done. best_score=36.0, changed=527, unchanged=384, early_stops=8/8
26 - INFO - chord#: 44 In build_straw_man_chord_sa. tolerance = 1, sa_iterations = 1000, initial_temperature = 3.0, cooling_rate = 0.999
26 - INFO - chord#: 36 done. best_score=27.0, changed=520, unchanged=385, early_stops=8/8
26 - INFO - chord#: 40 In build_straw_man_chord_sa. tolerance = 1, sa_iterations = 1000, initial_temperature = 3.0, cooling_rate = 0.999
26 - INFO - chord#: 40 done. best_score=27.0, changed=527, unchanged=528, early_stops=8/8
26 - INFO - chord#: 42 In build_straw_man_chord_sa. tolerance = 1, sa_iterations = 1000, initial_temperature = 3.0, cooling_rate = 0.999
26 - INFO - chord#: 42 done. best_score=36.0, changed=525, unchanged=428, early_stops=8/8
26 - INFO - chord#: 36 done. best_score=27.0, changed=521, unchanged=414, early_stops=8/8
26 - INFO - chord#: 44 In build_straw_man_chord_sa. tolerance = 1, sa_iterations = 1000, initial_temperature = 3.0, cooling_rate = 0.999
26 - INFO - chord#: 40 In build_straw_man_chord_sa. tolerance = 1, sa_iterations = 1000, initial_temperature = 3.0, cooling_rate = 0.999
26 - INFO - chord#: 36 done. best_score=27.0, changed=525, unchanged=613, early_stops=8/8
26 - INFO - chord#: 40 In build_straw_man_chord_sa. tolerance = 1, sa_iterations = 1000, initial_temperature = 3.0, cooling_rate = 0.999
26 - INFO - chord#: 36 done. best_score=27.0, changed=523, unchanged=468, early_stops=8/8
26 - INFO - chord#: 40 In build_straw_man_chord_sa. tolerance = 1, sa_iterations = 1000, initial_temperature = 3.0, cooling_rate = 0.999
26 - INFO - chord#: 36 done. best_score=27.0, changed=521, unchanged=421, early_stops=8/8
26 - INFO - chord#: 40 In build_straw_man_chord_sa. tolerance = 1, sa_iterations = 1000, initial_temperature = 3.0, cooling_rate = 0.999
26 - INFO - chord#: 46 done. best_score=154.0, changed=615, unchanged=376, early_stops=8/8
26 - INFO - chord#: 48 In build_straw_man_chord_sa. tolerance = 1, sa_iterations = 1000, initial_temperature = 3.0, cooling_rate = 0.999
26 - INFO - chord#: 44 done. best_score=27.0, changed=535, unchanged=610, early_stops=8/8
26 - INFO - chord#: 46 done. best_score=64.0, changed=613, unchanged=344, early_stops=8/8
26 - INFO - chord#: 48 In build_straw_man_chord_sa. tolerance = 1, sa_iterations = 1000, initial_temperature = 3.0, cooling_rate = 0.999
26 - INFO - chord#: 46 In build_straw_man_chord_sa. tolerance = 1, sa_iterations = 1000, initial_temperature = 3.0, cooling_rate = 0.999
26 - INFO - chord#: 46 done. best_score=64.0, changed=610, unchanged=292, early_stops=8/8
26 - INFO - chord#: 48 In build_straw_man_chord_sa. tolerance = 1, sa_iterations = 1000, initial_temperature = 3.0, cooling_rate = 0.999
26 - INFO - chord#: 40 done. best_score=27.0, changed=515, unchanged=385, early_stops=8/8
26 - INFO - chord#: 42 In build_straw_man_chord_sa. tolerance = 1, sa_iterations = 1000, initial_temperature = 3.0, cooling_rate = 0.999
26 - INFO - chord#: 42 done. best_score=36.0, changed=522, unchanged=389, early_stops=8/8
26 - INFO - chord#: 44 In build_straw_man_chord_sa. tolerance = 1, sa_iterations = 1000, initial_temperature = 3.0, cooling_rate = 0.999
26 - INFO - chord#: 44 done. best_score=27.0, changed=523, unchanged=518, early_stops=8/8
26 - INFO - chord#: 46 In build_straw_man_chord_sa. tolerance = 1, sa_iterations = 1000, initial_temperature = 3.0, cooling_rate = 0.999
26 - INFO - chord#: 40 done. best_score=27.0, changed=524, unchanged=399, early_stops=8/8
26 - INFO - chord#: 42 In build_straw_man_chord_sa. tolerance = 1, sa_iterations = 1000, initial_temperature = 3.0, cooling_rate = 0.999
26 - INFO - chord#: 48 done. best_score=27.0, changed=526, unchanged=410, early_stops=8/8
26 - INFO - chord#: 50 In build_straw_man_chord_sa. tolerance = 1, sa_iterations = 1000, initial_temperature = 3.0, cooling_rate = 0.999
26 - INFO - chord#: 48 done. best_score=57.0, changed=528, unchanged=434, early_stops=8/8
26 - INFO - chord#: 50 In build_straw_man_chord_sa. tolerance = 1, sa_iterations = 1000, initial_temperature = 3.0, cooling_rate = 0.999
26 - INFO - chord#: 48 done. best_score=27.0, changed=529, unchanged=357, early_stops=8/8
26 - INFO - chord#: 50 In build_straw_man_chord_sa. tolerance = 1, sa_iterations = 1000, initial_temperature = 3.0, cooling_rate = 0.999
26 - INFO - chord#: 40 done. best_score=27.0, changed=516, unchanged=422, early_stops=8/8
26 - INFO - chord#: 42 In build_straw_man_chord_sa. tolerance = 1, sa_iterations = 1000, initial_temperature = 3.0, cooling_rate = 0.999
26 - INFO - chord#: 46 done. best_score=64.0, changed=614, unchanged=478, early_stops=8/8
26 - INFO - chord#: 48 In build_straw_man_chord_sa. tolerance = 1, sa_iterations = 1000, initial_temperature = 3.0, cooling_rate = 0.999
26 - INFO - chord#: 40 done. best_score=27.0, changed=518, unchanged=389, early_stops=8/8
26 - INFO - chord#: 42 In build_straw_man_chord_sa. tolerance = 1, sa_iterations = 1000, initial_temperature = 3.0, cooling_rate = 0.999
26 - INFO - chord#: 40 done. best_score=27.0, changed=518, unchanged=515, early_stops=8/8
26 - INFO - chord#: 42 In build_straw_man_chord_sa. tolerance = 1, sa_iterations = 1000, initial_temperature = 3.0, cooling_rate = 0.999
26 - INFO - chord#: 42 done. best_score=36.0, changed=524, unchanged=426, early_stops=8/8
26 - INFO - chord#: 44 In build_straw_man_chord_sa. tolerance = 1, sa_iterations = 1000, initial_temperature = 3.0, cooling_rate = 0.999
26 - INFO - chord#: 44 done. best_score=27.0, changed=522, unchanged=533, early_stops=8/8
26 - INFO - chord#: 46 In build_straw_man_chord_sa. tolerance = 1, sa_iterations = 1000, initial_temperature = 3.0, cooling_rate = 0.999
26 - INFO - chord#: 42 done. best_score=36.0, changed=525, unchanged=454, early_stops=8/8
26 - INFO - chord#: 44 In build_straw_man_chord_sa. tolerance = 1, sa_iterations = 1000, initial_temperature = 3.0, cooling_rate = 0.999
26 - INFO - chord#: 48 done. best_score=27.0, changed=517, unchanged=394, early_stops=8/8
26 - INFO - chord#: 50 In build_straw_man_chord_sa. tolerance = 1, sa_iterations = 1000, initial_temperature = 3.0, cooling_rate = 0.999
26 - INFO - chord#: 46 done. best_score=64.0, changed=608, unchanged=304, early_stops=8/8
26 - INFO - chord#: 48 In build_straw_man_chord_sa. tolerance = 1, sa_iterations = 1000, initial_temperature = 3.0, cooling_rate = 0.999
26 - INFO - chord#: 42 done. best_score=36.0, changed=522, unchanged=317, early_stops=8/8
26 - INFO - chord#: 44 In build_straw_man_chord_sa. tolerance = 1, sa_iterations = 1000, initial_temperature = 3.0, cooling_rate = 0.999
26 - INFO - chord#: 42 done. best_score=36.0, changed=515, unchanged=350, early_stops=8/8
26 - INFO - chord#: 44 In build_straw_man_chord_sa. tolerance = 1, sa_iterations = 1000, initial_temperature = 3.0, cooling_rate = 0.999
26 - INFO - chord#: 42 done. best_score=36.0, changed=533, unchanged=544, early_stops=8/8
26 - INFO - chord#: 44 In build_straw_man_chord_sa. tolerance = 1, sa_iterations = 1000, initial_temperature = 3.0, cooling_rate = 0.999
26 - INFO - chord#: 44 done. best_score=27.0, changed=514, unchanged=436, early_stops=8/8
26 - INFO - chord#: 46 In build_straw_man_chord_sa. tolerance = 1, sa_iterations = 1000, initial_temperature = 3.0, cooling_rate = 0.999
26 - INFO - chord#: 50 done. best_score=93.0, changed=609, unchanged=305, early_stops=8/8
26 - INFO - chord#: 52 In build_straw_man_chord_sa. tolerance = 1, sa_iterations = 1000, initial_temperature = 3.0, cooling_rate = 0.999
26 - INFO - chord#: 44 done. best_score=27.0, changed=517, unchanged=329, early_stops=8/8
26 - INFO - chord#: 46 In build_straw_man_chord_sa. tolerance = 1, sa_iterations = 1000, initial_temperature = 3.0, cooling_rate = 0.999
26 - INFO - chord#: 50 done. best_score=99.0, changed=610, unchanged=334, early_stops=8/8
26 - INFO - chord#: 52 In build_straw_man_chord_sa. tolerance = 1, sa_iterations = 1000, initial_temperature = 3.0, cooling_rate = 0.999
26 - INFO - chord#: 48 done. best_score=27.0, changed=530, unchanged=514, early_stops=8/8
26 - INFO - chord#: 50 In build_straw_man_chord_sa. tolerance = 1, sa_iterations = 1000, initial_temperature = 3.0, cooling_rate = 0.999
26 - INFO - chord#: 50 done. best_score=94.0, changed=611, unchanged=399, early_stops=8/8
26 - INFO - chord#: 52 In build_straw_man_chord_sa. tolerance = 1, sa_iterations = 1000, initial_temperature = 3.0, cooling_rate = 0.999
26 - INFO - chord#: 46 done. best_score=64.0, changed=616, unchanged=638, early_stops=8/8
26 - INFO - chord#: 48 In build_straw_man_chord_sa. tolerance = 1, sa_iterations = 1000, initial_temperature = 3.0, cooling_rate = 0.999
26 - INFO - chord#: 44 done. best_score=27.0, changed=526, unchanged=539, early_stops=8/8
26 - INFO - chord#: 46 In build_straw_man_chord_sa. tolerance = 1, sa_iterations = 1000, initial_temperature = 3.0, cooling_rate = 0.999
26 - INFO - chord#: 44 done. best_score=27.0, changed=516, unchanged=439, early_stops=8/8
26 - INFO - chord#: 46 In build_straw_man_chord_sa. tolerance = 1, sa_iterations = 1000, initial_temperature = 3.0, cooling_rate = 0.999
26 - INFO - chord#: 44 done. best_score=27.0, changed=518, unchanged=397, early_stops=8/8
26 - INFO - chord#: 46 In build_straw_man_chord_sa. tolerance = 1, sa_iterations = 1000, initial_temperature = 3.0, cooling_rate = 0.999
26 - INFO - chord#: 50 done. best_score=94.0, changed=614, unchanged=245, early_stops=8/8
26 - INFO - chord#: 52 In build_straw_man_chord_sa. tolerance = 1, sa_iterations = 1000, initial_temperature = 3.0, cooling_rate = 0.999
26 - INFO - chord#: 46 done. best_score=64.0, changed=608, unchanged=224, early_stops=8/8
26 - INFO - chord#: 48 In build_straw_man_chord_sa. tolerance = 1, sa_iterations = 1000, initial_temperature = 3.0, cooling_rate = 0.999
26 - INFO - chord#: 48 done. best_score=27.0, changed=521, unchanged=352, early_stops=8/8
26 - INFO - chord#: 50 In build_straw_man_chord_sa. tolerance = 1, sa_iterations = 1000, initial_temperature = 3.0, cooling_rate = 0.999
26 - INFO - chord#: 48 done. best_score=27.0, changed=519, unchanged=374, early_stops=8/8
26 - INFO - chord#: 50 In build_straw_man_chord_sa. tolerance = 1, sa_iterations = 1000, initial_temperature = 3.0, cooling_rate = 0.999
26 - INFO - chord#: 50 done. best_score=125.0, changed=613, unchanged=309, early_stops=8/8
26 - INFO - chord#: 52 In build_straw_man_chord_sa. tolerance = 1, sa_iterations = 1000, initial_temperature = 3.0, cooling_rate = 0.999
26 - INFO - chord#: 52 done. best_score=137.0, changed=620, unchanged=432, early_stops=8/8
26 - INFO - chord#: 56 In build_straw_man_chord_sa. tolerance = 1, sa_iterations = 1000, initial_temperature = 3.0, cooling_rate = 0.999
26 - INFO - chord#: 52 done. best_score=119.0, changed=618, unchanged=419, early_stops=8/8
26 - INFO - chord#: 56 In build_straw_man_chord_sa. tolerance = 1, sa_iterations = 1000, initial_temperature = 3.0, cooling_rate = 0.999
26 - INFO - chord#: 46 done. best_score=64.0, changed=612, unchanged=457, early_stops=8/8
26 - INFO - chord#: 48 In build_straw_man_chord_sa. tolerance = 1, sa_iterations = 1000, initial_temperature = 3.0, cooling_rate = 0.999
26 - INFO - chord#: 46 done. best_score=64.0, changed=613, unchanged=317, early_stops=8/8
26 - INFO - chord#: 48 In build_straw_man_chord_sa. tolerance = 1, sa_iterations = 1000, initial_temperature = 3.0, cooling_rate = 0.999
26 - INFO - chord#: 52 done. best_score=78.0, changed=614, unchanged=506, early_stops=8/8
26 - INFO - chord#: 56 In build_straw_man_chord_sa. tolerance = 1, sa_iterations = 1000, initial_temperature = 3.0, cooling_rate = 0.999
26 - INFO - chord#: 56 done. best_score=27.0, changed=518, unchanged=419, early_stops=8/8
26 - INFO - chord#: 58 In build_straw_man_chord_sa. tolerance = 1, sa_iterations = 1000, initial_temperature = 3.0, cooling_rate = 0.999
26 - INFO - chord#: 46 done. best_score=64.0, changed=608, unchanged=302, early_stops=8/8
26 - INFO - chord#: 48 In build_straw_man_chord_sa. tolerance = 1, sa_iterations = 1000, initial_temperature = 3.0, cooling_rate = 0.999
26 - INFO - chord#: 50 done. best_score=93.0, changed=613, unchanged=432, early_stops=8/8
26 - INFO - chord#: 52 In build_straw_man_chord_sa. tolerance = 1, sa_iterations = 1000, initial_temperature = 3.0, cooling_rate = 0.999
26 - INFO - chord#: 52 done. best_score=119.0, changed=615, unchanged=501, early_stops=8/8
26 - INFO - chord#: 56 In build_straw_man_chord_sa. tolerance = 1, sa_iterations = 1000, initial_temperature = 3.0, cooling_rate = 0.999
26 - INFO - chord#: 56 done. best_score=27.0, changed=518, unchanged=496, early_stops=8/8
26 - INFO - chord#: 58 In build_straw_man_chord_sa. tolerance = 1, sa_iterations = 1000, initial_temperature = 3.0, cooling_rate = 0.999
26 - INFO - chord#: 48 done. best_score=27.0, changed=522, unchanged=364, early_stops=8/8
26 - INFO - chord#: 50 In build_straw_man_chord_sa. tolerance = 1, sa_iterations = 1000, initial_temperature = 3.0, cooling_rate = 0.999
26 - INFO - chord#: 48 done. best_score=27.0, changed=519, unchanged=428, early_stops=8/8
26 - INFO - chord#: 50 In build_straw_man_chord_sa. tolerance = 1, sa_iterations = 1000, initial_temperature = 3.0, cooling_rate = 0.999
26 - INFO - chord#: 46 done. best_score=64.0, changed=617, unchanged=458, early_stops=8/8
26 - INFO - chord#: 48 In build_straw_man_chord_sa. tolerance = 1, sa_iterations = 1000, initial_temperature = 3.0, cooling_rate = 0.999
26 - INFO - chord#: 46 done. best_score=64.0, changed=614, unchanged=403, early_stops=8/8
26 - INFO - chord#: 48 In build_straw_man_chord_sa. tolerance = 1, sa_iterations = 1000, initial_temperature = 3.0, cooling_rate = 0.999
26 - INFO - chord#: 56 done. best_score=27.0, changed=521, unchanged=514, early_stops=8/8
26 - INFO - chord#: 58 In build_straw_man_chord_sa. tolerance = 1, sa_iterations = 1000, initial_temperature = 3.0, cooling_rate = 0.999
26 - INFO - chord#: 52 done. best_score=153.0, changed=608, unchanged=242, early_stops=8/8
26 - INFO - chord#: 56 In build_straw_man_chord_sa. tolerance = 1, sa_iterations = 1000, initial_temperature = 3.0, cooling_rate = 0.999
26 - INFO - chord#: 56 done. best_score=27.0, changed=513, unchanged=311, early_stops=8/8
26 - INFO - chord#: 58 In build_straw_man_chord_sa. tolerance = 1, sa_iterations = 1000, initial_temperature = 3.0, cooling_rate = 0.999
26 - INFO - chord#: 48 done. best_score=27.0, changed=531, unchanged=486, early_stops=8/8
26 - INFO - chord#: 50 In build_straw_man_chord_sa. tolerance = 1, sa_iterations = 1000, initial_temperature = 3.0, cooling_rate = 0.999
26 - INFO - chord#: 48 done. best_score=27.0, changed=527, unchanged=403, early_stops=8/8
26 - INFO - chord#: 50 In build_straw_man_chord_sa. tolerance = 1, sa_iterations = 1000, initial_temperature = 3.0, cooling_rate = 0.999
26 - INFO - chord#: 48 done. best_score=27.0, changed=521, unchanged=445, early_stops=8/8
26 - INFO - chord#: 50 In build_straw_man_chord_sa. tolerance = 1, sa_iterations = 1000, initial_temperature = 3.0, cooling_rate = 0.999
26 - INFO - chord#: 50 done. best_score=94.0, changed=610, unchanged=400, early_stops=8/8
26 - INFO - chord#: 52 In build_straw_man_chord_sa. tolerance = 1, sa_iterations = 1000, initial_temperature = 3.0, cooling_rate = 0.999
26 - INFO - chord#: 56 done. best_score=27.0, changed=522, unchanged=435, early_stops=8/8
26 - INFO - chord#: 58 In build_straw_man_chord_sa. tolerance = 1, sa_iterations = 1000, initial_temperature = 3.0, cooling_rate = 0.999
26 - INFO - chord#: 58 done. best_score=67.0, changed=613, unchanged=284, early_stops=8/8
26 - INFO - chord#: 60 In build_straw_man_chord_sa. tolerance = 1, sa_iterations = 1000, initial_temperature = 3.0, cooling_rate = 0.999
26 - INFO - chord#: 58 done. best_score=96.0, changed=605, unchanged=200, early_stops=8/8
26 - INFO - chord#: 60 In build_straw_man_chord_sa. tolerance = 1, sa_iterations = 1000, initial_temperature = 3.0, cooling_rate = 0.999
26 - INFO - chord#: 60 done. best_score=11.0, changed=492, unchanged=356, early_stops=8/8
26 - INFO - chord#: 64 In build_straw_man_chord_sa. tolerance = 1, sa_iterations = 1000, initial_temperature = 3.0, cooling_rate = 0.999
26 - INFO - chord#: 60 done. best_score=11.0, changed=474, unchanged=356, early_stops=8/8
26 - INFO - chord#: 64 In build_straw_man_chord_sa. tolerance = 1, sa_iterations = 1000, initial_temperature = 3.0, cooling_rate = 0.999
26 - INFO - chord#: 52 done. best_score=78.0, changed=614, unchanged=347, early_stops=8/8
26 - INFO - chord#: 56 In build_straw_man_chord_sa. tolerance = 1, sa_iterations = 1000, initial_temperature = 3.0, cooling_rate = 0.999
26 - INFO - chord#: 58 done. best_score=67.0, changed=613, unchanged=422, early_stops=8/8
26 - INFO - chord#: 60 In build_straw_man_chord_sa. tolerance = 1, sa_iterations = 1000, initial_temperature = 3.0, cooling_rate = 0.999
26 - INFO - chord#: 50 done. best_score=93.0, changed=609, unchanged=356, early_stops=8/8
26 - INFO - chord#: 52 In build_straw_man_chord_sa. tolerance = 1, sa_iterations = 1000, initial_temperature = 3.0, cooling_rate = 0.999
26 - INFO - chord#: 58 done. best_score=137.0, changed=617, unchanged=300, early_stops=8/8
26 - INFO - chord#: 60 In build_straw_man_chord_sa. tolerance = 1, sa_iterations = 1000, initial_temperature = 3.0, cooling_rate = 0.999
26 - INFO - chord#: 64 done. best_score=27.0, changed=519, unchanged=354, early_stops=8/8
26 - INFO - chord#: 68 In build_straw_man_chord_sa. tolerance = 1, sa_iterations = 1000, initial_temperature = 3.0, cooling_rate = 0.999
26 - INFO - chord#: 60 done. best_score=11.0, changed=497, unchanged=331, early_stops=8/8
26 - INFO - chord#: 64 In build_straw_man_chord_sa. tolerance = 1, sa_iterations = 1000, initial_temperature = 3.0, cooling_rate = 0.999
26 - INFO - chord#: 64 done. best_score=27.0, changed=523, unchanged=428, early_stops=8/8
26 - INFO - chord#: 68 In build_straw_man_chord_sa. tolerance = 1, sa_iterations = 1000, initial_temperature = 3.0, cooling_rate = 0.999
26 - INFO - chord#: 50 done. best_score=96.0, changed=616, unchanged=475, early_stops=8/8
26 - INFO - chord#: 52 In build_straw_man_chord_sa. tolerance = 1, sa_iterations = 1000, initial_temperature = 3.0, cooling_rate = 0.999
26 - INFO - chord#: 60 done. best_score=11.0, changed=473, unchanged=345, early_stops=8/8
26 - INFO - chord#: 64 In build_straw_man_chord_sa. tolerance = 1, sa_iterations = 1000, initial_temperature = 3.0, cooling_rate = 0.999
26 - INFO - chord#: 56 done. best_score=27.0, changed=520, unchanged=387, early_stops=8/8
26 - INFO - chord#: 58 In build_straw_man_chord_sa. tolerance = 1, sa_iterations = 1000, initial_temperature = 3.0, cooling_rate = 0.999
26 - INFO - chord#: 50 done. best_score=94.0, changed=612, unchanged=261, early_stops=8/8
26 - INFO - chord#: 52 In build_straw_man_chord_sa. tolerance = 1, sa_iterations = 1000, initial_temperature = 3.0, cooling_rate = 0.999
26 - INFO - chord#: 50 done. best_score=93.0, changed=613, unchanged=302, early_stops=8/8
26 - INFO - chord#: 52 In build_straw_man_chord_sa. tolerance = 1, sa_iterations = 1000, initial_temperature = 3.0, cooling_rate = 0.999
26 - INFO - chord#: 50 done. best_score=94.0, changed=613, unchanged=245, early_stops=8/8
26 - INFO - chord#: 52 In build_straw_man_chord_sa. tolerance = 1, sa_iterations = 1000, initial_temperature = 3.0, cooling_rate = 0.999
26 - INFO - chord#: 68 done. best_score=27.0, changed=529, unchanged=435, early_stops=8/8
26 - INFO - chord#: 70 In build_straw_man_chord_sa. tolerance = 1, sa_iterations = 1000, initial_temperature = 3.0, cooling_rate = 0.999
26 - INFO - chord#: 58 done. best_score=67.0, changed=610, unchanged=337, early_stops=8/8
26 - INFO - chord#: 60 In build_straw_man_chord_sa. tolerance = 1, sa_iterations = 1000, initial_temperature = 3.0, cooling_rate = 0.999
26 - INFO - chord#: 64 done. best_score=27.0, changed=519, unchanged=396, early_stops=8/8
26 - INFO - chord#: 68 In build_straw_man_chord_sa. tolerance = 1, sa_iterations = 1000, initial_temperature = 3.0, cooling_rate = 0.999
26 - INFO - chord#: 68 done. best_score=27.0, changed=523, unchanged=428, early_stops=8/8
26 - INFO - chord#: 70 In build_straw_man_chord_sa. tolerance = 1, sa_iterations = 1000, initial_temperature = 3.0, cooling_rate = 0.999
26 - INFO - chord#: 60 done. best_score=11.0, changed=507, unchanged=392, early_stops=8/8
26 - INFO - chord#: 64 In build_straw_man_chord_sa. tolerance = 1, sa_iterations = 1000, initial_temperature = 3.0, cooling_rate = 0.999
26 - INFO - chord#: 52 done. best_score=125.0, changed=611, unchanged=334, early_stops=8/8
26 - INFO - chord#: 56 In build_straw_man_chord_sa. tolerance = 1, sa_iterations = 1000, initial_temperature = 3.0, cooling_rate = 0.999
26 - INFO - chord#: 64 done. best_score=27.0, changed=535, unchanged=458, early_stops=8/8
26 - INFO - chord#: 68 In build_straw_man_chord_sa. tolerance = 1, sa_iterations = 1000, initial_temperature = 3.0, cooling_rate = 0.999
26 - INFO - chord#: 68 done. best_score=27.0, changed=525, unchanged=514, early_stops=8/8
26 - INFO - chord#: 70 In build_straw_man_chord_sa. tolerance = 1, sa_iterations = 1000, initial_temperature = 3.0, cooling_rate = 0.999
26 - INFO - chord#: 68 done. best_score=27.0, changed=527, unchanged=375, early_stops=8/8
26 - INFO - chord#: 70 In build_straw_man_chord_sa. tolerance = 1, sa_iterations = 1000, initial_temperature = 3.0, cooling_rate = 0.999
26 - INFO - chord#: 64 done. best_score=27.0, changed=518, unchanged=411, early_stops=8/8
26 - INFO - chord#: 68 In build_straw_man_chord_sa. tolerance = 1, sa_iterations = 1000, initial_temperature = 3.0, cooling_rate = 0.999
26 - INFO - chord#: 56 done. best_score=27.0, changed=524, unchanged=368, early_stops=8/8
26 - INFO - chord#: 58 In build_straw_man_chord_sa. tolerance = 1, sa_iterations = 1000, initial_temperature = 3.0, cooling_rate = 0.999
26 - INFO - chord#: 58 done. best_score=96.0, changed=610, unchanged=306, early_stops=8/8
26 - INFO - chord#: 60 In build_straw_man_chord_sa. tolerance = 1, sa_iterations = 1000, initial_temperature = 3.0, cooling_rate = 0.999
26 - INFO - chord#: 52 done. best_score=67.0, changed=610, unchanged=337, early_stops=8/8
26 - INFO - chord#: 56 In build_straw_man_chord_sa. tolerance = 1, sa_iterations = 1000, initial_temperature = 3.0, cooling_rate = 0.999
26 - INFO - chord#: 60 done. best_score=11.0, changed=488, unchanged=366, early_stops=8/8
26 - INFO - chord#: 64 In build_straw_man_chord_sa. tolerance = 1, sa_iterations = 1000, initial_temperature = 3.0, cooling_rate = 0.999
26 - INFO - chord#: 70 done. best_score=70.0, changed=609, unchanged=244, early_stops=8/8
26 - INFO - chord#: 72 In build_straw_man_chord_sa. tolerance = 1, sa_iterations = 1000, initial_temperature = 3.0, cooling_rate = 0.999
26 - INFO - chord#: 52 done. best_score=78.0, changed=609, unchanged=292, early_stops=8/8
26 - INFO - chord#: 56 In build_straw_man_chord_sa. tolerance = 1, sa_iterations = 1000, initial_temperature = 3.0, cooling_rate = 0.999
26 - INFO - chord#: 52 done. best_score=119.0, changed=609, unchanged=344, early_stops=8/8
26 - INFO - chord#: 56 In build_straw_man_chord_sa. tolerance = 1, sa_iterations = 1000, initial_temperature = 3.0, cooling_rate = 0.999
26 - INFO - chord#: 68 done. best_score=27.0, changed=527, unchanged=446, early_stops=8/8
26 - INFO - chord#: 70 In build_straw_man_chord_sa. tolerance = 1, sa_iterations = 1000, initial_temperature = 3.0, cooling_rate = 0.999
26 - INFO - chord#: 72 done. best_score=11.0, changed=484, unchanged=342, early_stops=8/8
26 - INFO - chord#: 74 In build_straw_man_chord_sa. tolerance = 1, sa_iterations = 1000, initial_temperature = 3.0, cooling_rate = 0.999
26 - INFO - chord#: 70 done. best_score=70.0, changed=615, unchanged=368, early_stops=8/8
26 - INFO - chord#: 72 In build_straw_man_chord_sa. tolerance = 1, sa_iterations = 1000, initial_temperature = 3.0, cooling_rate = 0.999
26 - INFO - chord#: 52 done. best_score=67.0, changed=610, unchanged=239, early_stops=8/8
26 - INFO - chord#: 56 In build_straw_man_chord_sa. tolerance = 1, sa_iterations = 1000, initial_temperature = 3.0, cooling_rate = 0.999
26 - INFO - chord#: 72 done. best_score=11.0, changed=488, unchanged=332, early_stops=8/8
26 - INFO - chord#: 74 In build_straw_man_chord_sa. tolerance = 1, sa_iterations = 1000, initial_temperature = 3.0, cooling_rate = 0.999
26 - INFO - chord#: 52 done. best_score=78.0, changed=612, unchanged=327, early_stops=8/8
26 - INFO - chord#: 56 In build_straw_man_chord_sa. tolerance = 1, sa_iterations = 1000, initial_temperature = 3.0, cooling_rate = 0.999
26 - INFO - chord#: 64 done. best_score=27.0, changed=517, unchanged=430, early_stops=8/8
26 - INFO - chord#: 68 In build_straw_man_chord_sa. tolerance = 1, sa_iterations = 1000, initial_temperature = 3.0, cooling_rate = 0.999
26 - INFO - chord#: 56 done. best_score=27.0, changed=525, unchanged=431, early_stops=8/8
26 - INFO - chord#: 58 In build_straw_man_chord_sa. tolerance = 1, sa_iterations = 1000, initial_temperature = 3.0, cooling_rate = 0.999
26 - INFO - chord#: 70 done. best_score=70.0, changed=609, unchanged=283, early_stops=8/8
26 - INFO - chord#: 72 In build_straw_man_chord_sa. tolerance = 1, sa_iterations = 1000, initial_temperature = 3.0, cooling_rate = 0.999
26 - INFO - chord#: 70 done. best_score=111.0, changed=615, unchanged=222, early_stops=8/8
26 - INFO - chord#: 72 In build_straw_man_chord_sa. tolerance = 1, sa_iterations = 1000, initial_temperature = 3.0, cooling_rate = 0.999
26 - INFO - chord#: 72 done. best_score=11.0, changed=479, unchanged=356, early_stops=8/8
26 - INFO - chord#: 74 In build_straw_man_chord_sa. tolerance = 1, sa_iterations = 1000, initial_temperature = 3.0, cooling_rate = 0.999
26 - INFO - chord#: 72 done. best_score=11.0, changed=490, unchanged=332, early_stops=8/8
26 - INFO - chord#: 74 In build_straw_man_chord_sa. tolerance = 1, sa_iterations = 1000, initial_temperature = 3.0, cooling_rate = 0.999
26 - INFO - chord#: 56 done. best_score=27.0, changed=519, unchanged=380, early_stops=8/8
26 - INFO - chord#: 58 In build_straw_man_chord_sa. tolerance = 1, sa_iterations = 1000, initial_temperature = 3.0, cooling_rate = 0.999
26 - INFO - chord#: 56 done. best_score=27.0, changed=523, unchanged=417, early_stops=8/8
26 - INFO - chord#: 58 In build_straw_man_chord_sa. tolerance = 1, sa_iterations = 1000, initial_temperature = 3.0, cooling_rate = 0.999
26 - INFO - chord#: 56 done. best_score=27.0, changed=520, unchanged=463, early_stops=8/8
26 - INFO - chord#: 58 In build_straw_man_chord_sa. tolerance = 1, sa_iterations = 1000, initial_temperature = 3.0, cooling_rate = 0.999
26 - INFO - chord#: 68 done. best_score=27.0, changed=519, unchanged=443, early_stops=8/8
26 - INFO - chord#: 70 In build_straw_man_chord_sa. tolerance = 1, sa_iterations = 1000, initial_temperature = 3.0, cooling_rate = 0.999
26 - INFO - chord#: 56 done. best_score=27.0, changed=528, unchanged=451, early_stops=8/8
26 - INFO - chord#: 58 In build_straw_man_chord_sa. tolerance = 1, sa_iterations = 1000, initial_temperature = 3.0, cooling_rate = 0.999
26 - INFO - chord#: 58 done. best_score=157.0, changed=612, unchanged=290, early_stops=8/8
26 - INFO - chord#: 60 In build_straw_man_chord_sa. tolerance = 1, sa_iterations = 1000, initial_temperature = 3.0, cooling_rate = 0.999
26 - INFO - chord#: 70 done. best_score=104.0, changed=615, unchanged=373, early_stops=8/8
26 - INFO - chord#: 72 In build_straw_man_chord_sa. tolerance = 1, sa_iterations = 1000, initial_temperature = 3.0, cooling_rate = 0.999
26 - INFO - chord#: 74 done. best_score=153.0, changed=611, unchanged=326, early_stops=8/8
26 - INFO - chord#: 76 In build_straw_man_chord_sa. tolerance = 1, sa_iterations = 1000, initial_temperature = 3.0, cooling_rate = 0.999
26 - INFO - chord#: 60 done. best_score=11.0, changed=481, unchanged=360, early_stops=8/8
26 - INFO - chord#: 64 In build_straw_man_chord_sa. tolerance = 1, sa_iterations = 1000, initial_temperature = 3.0, cooling_rate = 0.999
26 - INFO - chord#: 72 done. best_score=11.0, changed=487, unchanged=344, early_stops=8/8
26 - INFO - chord#: 74 In build_straw_man_chord_sa. tolerance = 1, sa_iterations = 1000, initial_temperature = 3.0, cooling_rate = 0.999
26 - INFO - chord#: 74 done. best_score=134.0, changed=621, unchanged=403, early_stops=8/8
26 - INFO - chord#: 76 In build_straw_man_chord_sa. tolerance = 1, sa_iterations = 1000, initial_temperature = 3.0, cooling_rate = 0.999
26 - INFO - chord#: 76 done. best_score=27.0, changed=522, unchanged=362, early_stops=8/8
26 - INFO - chord#: 78 In build_straw_man_chord_sa. tolerance = 1, sa_iterations = 1000, initial_temperature = 3.0, cooling_rate = 0.999
26 - INFO - chord#: 74 done. best_score=101.0, changed=607, unchanged=345, early_stops=8/8
26 - INFO - chord#: 76 In build_straw_man_chord_sa. tolerance = 1, sa_iterations = 1000, initial_temperature = 3.0, cooling_rate = 0.999
26 - INFO - chord#: 58 done. best_score=67.0, changed=608, unchanged=262, early_stops=8/8
26 - INFO - chord#: 60 In build_straw_man_chord_sa. tolerance = 1, sa_iterations = 1000, initial_temperature = 3.0, cooling_rate = 0.999
26 - INFO - chord#: 74 done. best_score=101.0, changed=617, unchanged=353, early_stops=8/8
26 - INFO - chord#: 76 In build_straw_man_chord_sa. tolerance = 1, sa_iterations = 1000, initial_temperature = 3.0, cooling_rate = 0.999
26 - INFO - chord#: 76 done. best_score=36.0, changed=527, unchanged=350, early_stops=8/8
26 - INFO - chord#: 78 In build_straw_man_chord_sa. tolerance = 1, sa_iterations = 1000, initial_temperature = 3.0, cooling_rate = 0.999
26 - INFO - chord#: 60 done. best_score=11.0, changed=476, unchanged=346, early_stops=8/8
26 - INFO - chord#: 64 In build_straw_man_chord_sa. tolerance = 1, sa_iterations = 1000, initial_temperature = 3.0, cooling_rate = 0.999
26 - INFO - chord#: 64 done. best_score=27.0, changed=525, unchanged=491, early_stops=8/8
26 - INFO - chord#: 68 In build_straw_man_chord_sa. tolerance = 1, sa_iterations = 1000, initial_temperature = 3.0, cooling_rate = 0.999
26 - INFO - chord#: 70 done. best_score=70.0, changed=618, unchanged=347, early_stops=8/8
26 - INFO - chord#: 72 In build_straw_man_chord_sa. tolerance = 1, sa_iterations = 1000, initial_temperature = 3.0, cooling_rate = 0.999
26 - INFO - chord#: 72 done. best_score=11.0, changed=502, unchanged=319, early_stops=8/8
26 - INFO - chord#: 74 In build_straw_man_chord_sa. tolerance = 1, sa_iterations = 1000, initial_temperature = 3.0, cooling_rate = 0.999
26 - INFO - chord#: 58 done. best_score=67.0, changed=617, unchanged=385, early_stops=8/8
26 - INFO - chord#: 60 In build_straw_man_chord_sa. tolerance = 1, sa_iterations = 1000, initial_temperature = 3.0, cooling_rate = 0.999
26 - INFO - chord#: 76 done. best_score=27.0, changed=523, unchanged=325, early_stops=8/8
26 - INFO - chord#: 78 In build_straw_man_chord_sa. tolerance = 1, sa_iterations = 1000, initial_temperature = 3.0, cooling_rate = 0.999
26 - INFO - chord#: 76 done. best_score=27.0, changed=531, unchanged=454, early_stops=8/8
26 - INFO - chord#: 78 In build_straw_man_chord_sa. tolerance = 1, sa_iterations = 1000, initial_temperature = 3.0, cooling_rate = 0.999
26 - INFO - chord#: 60 done. best_score=11.0, changed=473, unchanged=346, early_stops=8/8
26 - INFO - chord#: 74 done. best_score=127.0, changed=609, unchanged=285, early_stops=8/8
26 - INFO - chord#: 64 In build_straw_man_chord_sa. tolerance = 1, sa_iterations = 1000, initial_temperature = 3.0, cooling_rate = 0.999
26 - INFO - chord#: 76 In build_straw_man_chord_sa. tolerance = 1, sa_iterations = 1000, initial_temperature = 3.0, cooling_rate = 0.999
26 - INFO - chord#: 58 done. best_score=67.0, changed=616, unchanged=587, early_stops=8/8
26 - INFO - chord#: 60 In build_straw_man_chord_sa. tolerance = 1, sa_iterations = 1000, initial_temperature = 3.0, cooling_rate = 0.999
26 - INFO - chord#: 64 done. best_score=27.0, changed=519, unchanged=390, early_stops=8/8
26 - INFO - chord#: 68 In build_straw_man_chord_sa. tolerance = 1, sa_iterations = 1000, initial_temperature = 3.0, cooling_rate = 0.999
26 - INFO - chord#: 68 done. best_score=27.0, changed=527, unchanged=478, early_stops=8/8
26 - INFO - chord#: 70 In build_straw_man_chord_sa. tolerance = 1, sa_iterations = 1000, initial_temperature = 3.0, cooling_rate = 0.999
26 - INFO - chord#: 58 done. best_score=67.0, changed=614, unchanged=341, early_stops=8/8
26 - INFO - chord#: 60 In build_straw_man_chord_sa. tolerance = 1, sa_iterations = 1000, initial_temperature = 3.0, cooling_rate = 0.999
26 - INFO - chord#: 60 done. best_score=11.0, changed=493, unchanged=424, early_stops=8/8
26 - INFO - chord#: 64 In build_straw_man_chord_sa. tolerance = 1, sa_iterations = 1000, initial_temperature = 3.0, cooling_rate = 0.999
26 - INFO - chord#: 58 done. best_score=67.0, changed=616, unchanged=478, early_stops=8/8
26 - INFO - chord#: 60 In build_straw_man_chord_sa. tolerance = 1, sa_iterations = 1000, initial_temperature = 3.0, cooling_rate = 0.999
26 - INFO - chord#: 78 done. best_score=82.0, changed=612, unchanged=291, early_stops=8/8
26 - INFO - chord#: 80 In build_straw_man_chord_sa. tolerance = 1, sa_iterations = 1000, initial_temperature = 3.0, cooling_rate = 0.999
26 - INFO - chord#: 60 done. best_score=11.0, changed=480, unchanged=349, early_stops=8/8
26 - INFO - chord#: 64 In build_straw_man_chord_sa. tolerance = 1, sa_iterations = 1000, initial_temperature = 3.0, cooling_rate = 0.999
26 - INFO - chord#: 60 done. best_score=11.0, changed=485, unchanged=348, early_stops=8/8
26 - INFO - chord#: 64 In build_straw_man_chord_sa. tolerance = 1, sa_iterations = 1000, initial_temperature = 3.0, cooling_rate = 0.999
26 - INFO - chord#: 76 done. best_score=27.0, changed=523, unchanged=339, early_stops=8/8
26 - INFO - chord#: 78 In build_straw_man_chord_sa. tolerance = 1, sa_iterations = 1000, initial_temperature = 3.0, cooling_rate = 0.999
26 - INFO - chord#: 78 done. best_score=82.0, changed=610, unchanged=294, early_stops=8/8
26 - INFO - chord#: 80 In build_straw_man_chord_sa. tolerance = 1, sa_iterations = 1000, initial_temperature = 3.0, cooling_rate = 0.999
26 - INFO - chord#: 64 done. best_score=27.0, changed=518, unchanged=371, early_stops=8/8
26 - INFO - chord#: 68 In build_straw_man_chord_sa. tolerance = 1, sa_iterations = 1000, initial_temperature = 3.0, cooling_rate = 0.999
26 - INFO - chord#: 68 done. best_score=27.0, changed=525, unchanged=387, early_stops=8/8
26 - INFO - chord#: 70 In build_straw_man_chord_sa. tolerance = 1, sa_iterations = 1000, initial_temperature = 3.0, cooling_rate = 0.999
26 - INFO - chord#: 80 done. best_score=27.0, changed=524, unchanged=335, early_stops=8/8
26 - INFO - chord#: 82 In build_straw_man_chord_sa. tolerance = 1, sa_iterations = 1000, initial_temperature = 3.0, cooling_rate = 0.999
26 - INFO - chord#: 64 done. best_score=27.0, changed=518, unchanged=353, early_stops=8/8
26 - INFO - chord#: 68 In build_straw_man_chord_sa. tolerance = 1, sa_iterations = 1000, initial_temperature = 3.0, cooling_rate = 0.999
26 - INFO - chord#: 74 done. best_score=168.0, changed=614, unchanged=373, early_stops=8/8
26 - INFO - chord#: 76 In build_straw_man_chord_sa. tolerance = 1, sa_iterations = 1000, initial_temperature = 3.0, cooling_rate = 0.999
26 - INFO - chord#: 78 done. best_score=82.0, changed=617, unchanged=288, early_stops=8/8
26 - INFO - chord#: 80 In build_straw_man_chord_sa. tolerance = 1, sa_iterations = 1000, initial_temperature = 3.0, cooling_rate = 0.999
26 - INFO - chord#: 64 done. best_score=27.0, changed=514, unchanged=399, early_stops=8/8
26 - INFO - chord#: 68 In build_straw_man_chord_sa. tolerance = 1, sa_iterations = 1000, initial_temperature = 3.0, cooling_rate = 0.999
26 - INFO - chord#: 78 done. best_score=82.0, changed=615, unchanged=318, early_stops=8/8
26 - INFO - chord#: 80 In build_straw_man_chord_sa. tolerance = 1, sa_iterations = 1000, initial_temperature = 3.0, cooling_rate = 0.999
26 - INFO - chord#: 80 done. best_score=27.0, changed=519, unchanged=428, early_stops=8/8
26 - INFO - chord#: 82 In build_straw_man_chord_sa. tolerance = 1, sa_iterations = 1000, initial_temperature = 3.0, cooling_rate = 0.999
26 - INFO - chord#: 64 done. best_score=27.0, changed=517, unchanged=455, early_stops=8/8
26 - INFO - chord#: 68 In build_straw_man_chord_sa. tolerance = 1, sa_iterations = 1000, initial_temperature = 3.0, cooling_rate = 0.999
26 - INFO - chord#: 68 done. best_score=27.0, changed=517, unchanged=355, early_stops=8/8
26 - INFO - chord#: 70 In build_straw_man_chord_sa. tolerance = 1, sa_iterations = 1000, initial_temperature = 3.0, cooling_rate = 0.999
26 - INFO - chord#: 70 done. best_score=145.0, changed=606, unchanged=205, early_stops=8/8
26 - INFO - chord#: 72 In build_straw_man_chord_sa. tolerance = 1, sa_iterations = 1000, initial_temperature = 3.0, cooling_rate = 0.999
26 - INFO - chord#: 76 done. best_score=27.0, changed=524, unchanged=399, early_stops=8/8
26 - INFO - chord#: 78 In build_straw_man_chord_sa. tolerance = 1, sa_iterations = 1000, initial_temperature = 3.0, cooling_rate = 0.999
26 - INFO - chord#: 68 done. best_score=27.0, changed=526, unchanged=351, early_stops=8/8
26 - INFO - chord#: 70 In build_straw_man_chord_sa. tolerance = 1, sa_iterations = 1000, initial_temperature = 3.0, cooling_rate = 0.999
26 - INFO - chord#: 72 done. best_score=11.0, changed=490, unchanged=314, early_stops=8/8
26 - INFO - chord#: 74 In build_straw_man_chord_sa. tolerance = 1, sa_iterations = 1000, initial_temperature = 3.0, cooling_rate = 0.999
26 - INFO - chord#: 80 done. best_score=27.0, changed=520, unchanged=343, early_stops=8/8
26 - INFO - chord#: 82 In build_straw_man_chord_sa. tolerance = 1, sa_iterations = 1000, initial_temperature = 3.0, cooling_rate = 0.999
26 - INFO - chord#: 80 done. best_score=27.0, changed=525, unchanged=417, early_stops=8/8
26 - INFO - chord#: 82 In build_straw_man_chord_sa. tolerance = 1, sa_iterations = 1000, initial_temperature = 3.0, cooling_rate = 0.999
26 - INFO - chord#: 68 done. best_score=27.0, changed=525, unchanged=396, early_stops=8/8
26 - INFO - chord#: 70 In build_straw_man_chord_sa. tolerance = 1, sa_iterations = 1000, initial_temperature = 3.0, cooling_rate = 0.999
26 - INFO - chord#: 78 done. best_score=82.0, changed=618, unchanged=337, early_stops=8/8
26 - INFO - chord#: 80 In build_straw_man_chord_sa. tolerance = 1, sa_iterations = 1000, initial_temperature = 3.0, cooling_rate = 0.999
26 - INFO - chord#: 68 done. best_score=27.0, changed=527, unchanged=421, early_stops=8/8
26 - INFO - chord#: 70 In build_straw_man_chord_sa. tolerance = 1, sa_iterations = 1000, initial_temperature = 3.0, cooling_rate = 0.999
26 - INFO - chord#: 82 done. best_score=78.0, changed=611, unchanged=346, early_stops=8/8
26 - INFO - chord#: 84 In build_straw_man_chord_sa. tolerance = 1, sa_iterations = 1000, initial_temperature = 3.0, cooling_rate = 0.999
26 - INFO - chord#: 70 done. best_score=70.0, changed=616, unchanged=319, early_stops=8/8
26 - INFO - chord#: 72 In build_straw_man_chord_sa. tolerance = 1, sa_iterations = 1000, initial_temperature = 3.0, cooling_rate = 0.999
26 - INFO - chord#: 80 done. best_score=27.0, changed=514, unchanged=510, early_stops=8/8
26 - INFO - chord#: 82 In build_straw_man_chord_sa. tolerance = 1, sa_iterations = 1000, initial_temperature = 3.0, cooling_rate = 0.999
26 - INFO - chord#: 72 done. best_score=11.0, changed=474, unchanged=338, early_stops=8/8
26 - INFO - chord#: 74 In build_straw_man_chord_sa. tolerance = 1, sa_iterations = 1000, initial_temperature = 3.0, cooling_rate = 0.999
26 - INFO - chord#: 82 done. best_score=67.0, changed=615, unchanged=346, early_stops=8/8
26 - INFO - chord#: 84 In build_straw_man_chord_sa. tolerance = 1, sa_iterations = 1000, initial_temperature = 3.0, cooling_rate = 0.999
26 - INFO - chord#: 70 done. best_score=70.0, changed=614, unchanged=278, early_stops=8/8
26 - INFO - chord#: 72 In build_straw_man_chord_sa. tolerance = 1, sa_iterations = 1000, initial_temperature = 3.0, cooling_rate = 0.999
26 - INFO - chord#: 72 done. best_score=11.0, changed=484, unchanged=349, early_stops=8/8
26 - INFO - chord#: 74 In build_straw_man_chord_sa. tolerance = 1, sa_iterations = 1000, initial_temperature = 3.0, cooling_rate = 0.999
26 - INFO - chord#: 84 done. best_score=36.0, changed=527, unchanged=521, early_stops=8/8
26 - INFO - chord#: 86 In build_straw_man_chord_sa. tolerance = 1, sa_iterations = 1000, initial_temperature = 3.0, cooling_rate = 0.999
26 - INFO - chord#: 78 done. best_score=82.0, changed=621, unchanged=335, early_stops=8/8
26 - INFO - chord#: 80 In build_straw_man_chord_sa. tolerance = 1, sa_iterations = 1000, initial_temperature = 3.0, cooling_rate = 0.999
26 - INFO - chord#: 82 done. best_score=125.0, changed=609, unchanged=357, early_stops=8/8
26 - INFO - chord#: 84 In build_straw_man_chord_sa. tolerance = 1, sa_iterations = 1000, initial_temperature = 3.0, cooling_rate = 0.999
26 - INFO - chord#: 74 done. best_score=101.0, changed=610, unchanged=274, early_stops=8/8
26 - INFO - chord#: 76 In build_straw_man_chord_sa. tolerance = 1, sa_iterations = 1000, initial_temperature = 3.0, cooling_rate = 0.999
26 - INFO - chord#: 84 done. best_score=36.0, changed=529, unchanged=404, early_stops=8/8
26 - INFO - chord#: 86 In build_straw_man_chord_sa. tolerance = 1, sa_iterations = 1000, initial_temperature = 3.0, cooling_rate = 0.999
26 - INFO - chord#: 82 done. best_score=67.0, changed=615, unchanged=381, early_stops=8/8
26 - INFO - chord#: 84 In build_straw_man_chord_sa. tolerance = 1, sa_iterations = 1000, initial_temperature = 3.0, cooling_rate = 0.999
26 - INFO - chord#: 70 done. best_score=70.0, changed=612, unchanged=385, early_stops=8/8
26 - INFO - chord#: 72 In build_straw_man_chord_sa. tolerance = 1, sa_iterations = 1000, initial_temperature = 3.0, cooling_rate = 0.999
26 - INFO - chord#: 70 done. best_score=104.0, changed=612, unchanged=262, early_stops=8/8
26 - INFO - chord#: 72 In build_straw_man_chord_sa. tolerance = 1, sa_iterations = 1000, initial_temperature = 3.0, cooling_rate = 0.999
26 - INFO - chord#: 72 done. best_score=11.0, changed=471, unchanged=362, early_stops=8/8
26 - INFO - chord#: 74 In build_straw_man_chord_sa. tolerance = 1, sa_iterations = 1000, initial_temperature = 3.0, cooling_rate = 0.999
26 - INFO - chord#: 70 done. best_score=111.0, changed=621, unchanged=381, early_stops=8/8
26 - INFO - chord#: 72 In build_straw_man_chord_sa. tolerance = 1, sa_iterations = 1000, initial_temperature = 3.0, cooling_rate = 0.999
26 - INFO - chord#: 72 done. best_score=11.0, changed=533, unchanged=292, early_stops=8/8
26 - INFO - chord#: 74 In build_straw_man_chord_sa. tolerance = 1, sa_iterations = 1000, initial_temperature = 3.0, cooling_rate = 0.999
26 - INFO - chord#: 84 done. best_score=36.0, changed=522, unchanged=394, early_stops=8/8
26 - INFO - chord#: 86 In build_straw_man_chord_sa. tolerance = 1, sa_iterations = 1000, initial_temperature = 3.0, cooling_rate = 0.999
26 - INFO - chord#: 82 done. best_score=67.0, changed=607, unchanged=213, early_stops=8/8
26 - INFO - chord#: 84 In build_straw_man_chord_sa. tolerance = 1, sa_iterations = 1000, initial_temperature = 3.0, cooling_rate = 0.999
26 - INFO - chord#: 72 done. best_score=11.0, changed=474, unchanged=336, early_stops=8/8
26 - INFO - chord#: 80 done. best_score=27.0, changed=522, unchanged=484, early_stops=8/8
26 - INFO - chord#: 82 In build_straw_man_chord_sa. tolerance = 1, sa_iterations = 1000, initial_temperature = 3.0, cooling_rate = 0.999
26 - INFO - chord#: 74 In build_straw_man_chord_sa. tolerance = 1, sa_iterations = 1000, initial_temperature = 3.0, cooling_rate = 0.999
26 - INFO - chord#: 84 done. best_score=36.0, changed=523, unchanged=475, early_stops=8/8
26 - INFO - chord#: 86 In build_straw_man_chord_sa. tolerance = 1, sa_iterations = 1000, initial_temperature = 3.0, cooling_rate = 0.999
26 - INFO - chord#: 76 done. best_score=27.0, changed=526, unchanged=416, early_stops=8/8
26 - INFO - chord#: 78 In build_straw_man_chord_sa. tolerance = 1, sa_iterations = 1000, initial_temperature = 3.0, cooling_rate = 0.999
26 - INFO - chord#: 74 done. best_score=165.0, changed=605, unchanged=243, early_stops=8/8
26 - INFO - chord#: 76 In build_straw_man_chord_sa. tolerance = 1, sa_iterations = 1000, initial_temperature = 3.0, cooling_rate = 0.999
26 - INFO - chord#: 84 done. best_score=36.0, changed=519, unchanged=353, early_stops=8/8
26 - INFO - chord#: 86 In build_straw_man_chord_sa. tolerance = 1, sa_iterations = 1000, initial_temperature = 3.0, cooling_rate = 0.999
26 - INFO - chord#: 86 done. best_score=155.0, changed=614, unchanged=305, early_stops=8/8
26 - INFO - chord#: 88 In build_straw_man_chord_sa. tolerance = 1, sa_iterations = 1000, initial_temperature = 3.0, cooling_rate = 0.999
26 - INFO - chord#: 76 done. best_score=27.0, changed=529, unchanged=333, early_stops=8/8
26 - INFO - chord#: 78 In build_straw_man_chord_sa. tolerance = 1, sa_iterations = 1000, initial_temperature = 3.0, cooling_rate = 0.999
26 - INFO - chord#: 86 done. best_score=135.0, changed=621, unchanged=440, early_stops=8/8
26 - INFO - chord#: 88 In build_straw_man_chord_sa. tolerance = 1, sa_iterations = 1000, initial_temperature = 3.0, cooling_rate = 0.999
26 - INFO - chord#: 88 done. best_score=27.0, changed=522, unchanged=554, early_stops=8/8
26 - INFO - chord#: 90 In build_straw_man_chord_sa. tolerance = 1, sa_iterations = 1000, initial_temperature = 3.0, cooling_rate = 0.999
26 - INFO - chord#: 74 done. best_score=131.0, changed=611, unchanged=514, early_stops=8/8
26 - INFO - chord#: 76 In build_straw_man_chord_sa. tolerance = 1, sa_iterations = 1000, initial_temperature = 3.0, cooling_rate = 0.999
26 - INFO - chord#: 74 done. best_score=127.0, changed=609, unchanged=334, early_stops=8/8
26 - INFO - chord#: 76 In build_straw_man_chord_sa. tolerance = 1, sa_iterations = 1000, initial_temperature = 3.0, cooling_rate = 0.999
26 - INFO - chord#: 86 done. best_score=139.0, changed=617, unchanged=348, early_stops=8/8
26 - INFO - chord#: 88 In build_straw_man_chord_sa. tolerance = 1, sa_iterations = 1000, initial_temperature = 3.0, cooling_rate = 0.999
26 - INFO - chord#: 74 done. best_score=94.0, changed=609, unchanged=292, early_stops=8/8
26 - INFO - chord#: 76 In build_straw_man_chord_sa. tolerance = 1, sa_iterations = 1000, initial_temperature = 3.0, cooling_rate = 0.999
26 - INFO - chord#: 82 done. best_score=78.0, changed=616, unchanged=429, early_stops=8/8
26 - INFO - chord#: 84 In build_straw_man_chord_sa. tolerance = 1, sa_iterations = 1000, initial_temperature = 3.0, cooling_rate = 0.999
26 - INFO - chord#: 74 done. best_score=94.0, changed=616, unchanged=301, early_stops=8/8
26 - INFO - chord#: 76 In build_straw_man_chord_sa. tolerance = 1, sa_iterations = 1000, initial_temperature = 3.0, cooling_rate = 0.999
26 - INFO - chord#: 88 done. best_score=27.0, changed=513, unchanged=352, early_stops=8/8
26 - INFO - chord#: 90 In build_straw_man_chord_sa. tolerance = 1, sa_iterations = 1000, initial_temperature = 3.0, cooling_rate = 0.999
26 - INFO - chord#: 86 done. best_score=136.0, changed=612, unchanged=445, early_stops=8/8
26 - INFO - chord#: 88 In build_straw_man_chord_sa. tolerance = 1, sa_iterations = 1000, initial_temperature = 3.0, cooling_rate = 0.999
26 - INFO - chord#: 78 done. best_score=82.0, changed=613, unchanged=349, early_stops=8/8
26 - INFO - chord#: 80 In build_straw_man_chord_sa. tolerance = 1, sa_iterations = 1000, initial_temperature = 3.0, cooling_rate = 0.999
26 - INFO - chord#: 76 done. best_score=27.0, changed=533, unchanged=295, early_stops=8/8
26 - INFO - chord#: 78 In build_straw_man_chord_sa. tolerance = 1, sa_iterations = 1000, initial_temperature = 3.0, cooling_rate = 0.999
26 - INFO - chord#: 86 done. best_score=135.0, changed=613, unchanged=340, early_stops=8/8
26 - INFO - chord#: 88 In build_straw_man_chord_sa. tolerance = 1, sa_iterations = 1000, initial_temperature = 3.0, cooling_rate = 0.999
26 - INFO - chord#: 88 done. best_score=27.0, changed=527, unchanged=485, early_stops=8/8
26 - INFO - chord#: 90 In build_straw_man_chord_sa. tolerance = 1, sa_iterations = 1000, initial_temperature = 3.0, cooling_rate = 0.999
26 - INFO - chord#: 84 done. best_score=36.0, changed=528, unchanged=355, early_stops=8/8
26 - INFO - chord#: 86 In build_straw_man_chord_sa. tolerance = 1, sa_iterations = 1000, initial_temperature = 3.0, cooling_rate = 0.999
26 - INFO - chord#: 76 done. best_score=27.0, changed=520, unchanged=436, early_stops=8/8
26 - INFO - chord#: 78 In build_straw_man_chord_sa. tolerance = 1, sa_iterations = 1000, initial_temperature = 3.0, cooling_rate = 0.999
26 - INFO - chord#: 76 done. best_score=27.0, changed=520, unchanged=406, early_stops=8/8
26 - INFO - chord#: 78 In build_straw_man_chord_sa. tolerance = 1, sa_iterations = 1000, initial_temperature = 3.0, cooling_rate = 0.999
26 - INFO - chord#: 88 done. best_score=27.0, changed=516, unchanged=347, early_stops=8/8
26 - INFO - chord#: 90 In build_straw_man_chord_sa. tolerance = 1, sa_iterations = 1000, initial_temperature = 3.0, cooling_rate = 0.999
26 - INFO - chord#: 76 done. best_score=27.0, changed=527, unchanged=396, early_stops=8/8
26 - INFO - chord#: 78 In build_straw_man_chord_sa. tolerance = 1, sa_iterations = 1000, initial_temperature = 3.0, cooling_rate = 0.999
26 - INFO - chord#: 90 done. best_score=70.0, changed=608, unchanged=223, early_stops=8/8
26 - INFO - chord#: 92 In build_straw_man_chord_sa. tolerance = 1, sa_iterations = 1000, initial_temperature = 3.0, cooling_rate = 0.999
26 - INFO - chord#: 88 done. best_score=27.0, changed=530, unchanged=452, early_stops=8/8
26 - INFO - chord#: 90 In build_straw_man_chord_sa. tolerance = 1, sa_iterations = 1000, initial_temperature = 3.0, cooling_rate = 0.999
26 - INFO - chord#: 78 done. best_score=82.0, changed=612, unchanged=293, early_stops=8/8
26 - INFO - chord#: 80 In build_straw_man_chord_sa. tolerance = 1, sa_iterations = 1000, initial_temperature = 3.0, cooling_rate = 0.999
26 - INFO - chord#: 80 done. best_score=27.0, changed=521, unchanged=435, early_stops=8/8
26 - INFO - chord#: 82 In build_straw_man_chord_sa. tolerance = 1, sa_iterations = 1000, initial_temperature = 3.0, cooling_rate = 0.999
26 - INFO - chord#: 92 done. best_score=27.0, changed=522, unchanged=431, early_stops=8/8
26 - INFO - chord#: 96 In build_straw_man_chord_sa. tolerance = 1, sa_iterations = 1000, initial_temperature = 3.0, cooling_rate = 0.999
26 - INFO - chord#: 80 done. best_score=27.0, changed=520, unchanged=330, early_stops=8/8
26 - INFO - chord#: 82 In build_straw_man_chord_sa. tolerance = 1, sa_iterations = 1000, initial_temperature = 3.0, cooling_rate = 0.999
26 - INFO - chord#: 90 done. best_score=70.0, changed=614, unchanged=544, early_stops=8/8
26 - INFO - chord#: 92 In build_straw_man_chord_sa. tolerance = 1, sa_iterations = 1000, initial_temperature = 3.0, cooling_rate = 0.999
26 - INFO - chord#: 96 done. best_score=27.0, changed=524, unchanged=431, early_stops=8/8
26 - INFO - chord#: 98 In build_straw_man_chord_sa. tolerance = 1, sa_iterations = 1000, initial_temperature = 3.0, cooling_rate = 0.999
26 - INFO - chord#: 90 done. best_score=70.0, changed=619, unchanged=451, early_stops=8/8
26 - INFO - chord#: 92 In build_straw_man_chord_sa. tolerance = 1, sa_iterations = 1000, initial_temperature = 3.0, cooling_rate = 0.999
26 - INFO - chord#: 90 done. best_score=70.0, changed=615, unchanged=304, early_stops=8/8
26 - INFO - chord#: 92 In build_straw_man_chord_sa. tolerance = 1, sa_iterations = 1000, initial_temperature = 3.0, cooling_rate = 0.999
26 - INFO - chord#: 86 done. best_score=136.0, changed=609, unchanged=348, early_stops=8/8
26 - INFO - chord#: 88 In build_straw_man_chord_sa. tolerance = 1, sa_iterations = 1000, initial_temperature = 3.0, cooling_rate = 0.999
26 - INFO - chord#: 90 done. best_score=111.0, changed=611, unchanged=351, early_stops=8/8
26 - INFO - chord#: 92 In build_straw_man_chord_sa. tolerance = 1, sa_iterations = 1000, initial_temperature = 3.0, cooling_rate = 0.999
26 - INFO - chord#: 78 done. best_score=82.0, changed=615, unchanged=396, early_stops=8/8
26 - INFO - chord#: 80 In build_straw_man_chord_sa. tolerance = 1, sa_iterations = 1000, initial_temperature = 3.0, cooling_rate = 0.999
26 - INFO - chord#: 78 done. best_score=82.0, changed=612, unchanged=229, early_stops=8/8
26 - INFO - chord#: 80 In build_straw_man_chord_sa. tolerance = 1, sa_iterations = 1000, initial_temperature = 3.0, cooling_rate = 0.999
26 - INFO - chord#: 78 done. best_score=82.0, changed=606, unchanged=261, early_stops=8/8
26 - INFO - chord#: 80 In build_straw_man_chord_sa. tolerance = 1, sa_iterations = 1000, initial_temperature = 3.0, cooling_rate = 0.999
26 - INFO - chord#: 92 done. best_score=27.0, changed=517, unchanged=435, early_stops=8/8
26 - INFO - chord#: 96 In build_straw_man_chord_sa. tolerance = 1, sa_iterations = 1000, initial_temperature = 3.0, cooling_rate = 0.999
26 - INFO - chord#: 78 done. best_score=82.0, changed=611, unchanged=334, early_stops=8/8
26 - INFO - chord#: 80 In build_straw_man_chord_sa. tolerance = 1, sa_iterations = 1000, initial_temperature = 3.0, cooling_rate = 0.999
26 - INFO - chord#: 92 done. best_score=27.0, changed=516, unchanged=303, early_stops=8/8
26 - INFO - chord#: 96 In build_straw_man_chord_sa. tolerance = 1, sa_iterations = 1000, initial_temperature = 3.0, cooling_rate = 0.999
26 - INFO - chord#: 92 done. best_score=27.0, changed=523, unchanged=388, early_stops=8/8
26 - INFO - chord#: 96 In build_straw_man_chord_sa. tolerance = 1, sa_iterations = 1000, initial_temperature = 3.0, cooling_rate = 0.999
26 - INFO - chord#: 88 done. best_score=27.0, changed=517, unchanged=410, early_stops=8/8
26 - INFO - chord#: 90 In build_straw_man_chord_sa. tolerance = 1, sa_iterations = 1000, initial_temperature = 3.0, cooling_rate = 0.999
26 - INFO - chord#: 92 done. best_score=27.0, changed=518, unchanged=369, early_stops=8/8
26 - INFO - chord#: 96 In build_straw_man_chord_sa. tolerance = 1, sa_iterations = 1000, initial_temperature = 3.0, cooling_rate = 0.999
26 - INFO - chord#: 80 done. best_score=27.0, changed=528, unchanged=377, early_stops=8/8
26 - INFO - chord#: 82 In build_straw_man_chord_sa. tolerance = 1, sa_iterations = 1000, initial_temperature = 3.0, cooling_rate = 0.999
26 - INFO - chord#: 80 done. best_score=27.0, changed=524, unchanged=366, early_stops=8/8
26 - INFO - chord#: 82 In build_straw_man_chord_sa. tolerance = 1, sa_iterations = 1000, initial_temperature = 3.0, cooling_rate = 0.999
26 - INFO - chord#: 96 done. best_score=27.0, changed=522, unchanged=397, early_stops=8/8
26 - INFO - chord#: 98 In build_straw_man_chord_sa. tolerance = 1, sa_iterations = 1000, initial_temperature = 3.0, cooling_rate = 0.999
26 - INFO - chord#: 80 done. best_score=27.0, changed=523, unchanged=486, early_stops=8/8
26 - INFO - chord#: 82 In build_straw_man_chord_sa. tolerance = 1, sa_iterations = 1000, initial_temperature = 3.0, cooling_rate = 0.999
26 - INFO - chord#: 82 done. best_score=119.0, changed=612, unchanged=392, early_stops=8/8
26 - INFO - chord#: 84 In build_straw_man_chord_sa. tolerance = 1, sa_iterations = 1000, initial_temperature = 3.0, cooling_rate = 0.999
26 - INFO - chord#: 96 done. best_score=27.0, changed=523, unchanged=385, early_stops=8/8
26 - INFO - chord#: 98 In build_straw_man_chord_sa. tolerance = 1, sa_iterations = 1000, initial_temperature = 3.0, cooling_rate = 0.999
26 - INFO - chord#: 98 done. best_score=64.0, changed=609, unchanged=279, early_stops=8/8
26 - INFO - chord#: 100 In build_straw_man_chord_sa. tolerance = 1, sa_iterations = 1000, initial_temperature = 3.0, cooling_rate = 0.999
26 - INFO - chord#: 96 done. best_score=27.0, changed=529, unchanged=488, early_stops=8/8
26 - INFO - chord#: 98 In build_straw_man_chord_sa. tolerance = 1, sa_iterations = 1000, initial_temperature = 3.0, cooling_rate = 0.999
26 - INFO - chord#: 80 done. best_score=27.0, changed=520, unchanged=501, early_stops=8/8
26 - INFO - chord#: 82 In build_straw_man_chord_sa. tolerance = 1, sa_iterations = 1000, initial_temperature = 3.0, cooling_rate = 0.999
26 - INFO - chord#: 96 done. best_score=27.0, changed=529, unchanged=466, early_stops=8/8
26 - INFO - chord#: 98 In build_straw_man_chord_sa. tolerance = 1, sa_iterations = 1000, initial_temperature = 3.0, cooling_rate = 0.999
26 - INFO - chord#: 82 done. best_score=78.0, changed=614, unchanged=440, early_stops=8/8
26 - INFO - chord#: 84 In build_straw_man_chord_sa. tolerance = 1, sa_iterations = 1000, initial_temperature = 3.0, cooling_rate = 0.999
26 - INFO - chord#: 84 done. best_score=36.0, changed=512, unchanged=339, early_stops=8/8
26 - INFO - chord#: 86 In build_straw_man_chord_sa. tolerance = 1, sa_iterations = 1000, initial_temperature = 3.0, cooling_rate = 0.999
26 - INFO - chord#: 100 done. best_score=27.0, changed=524, unchanged=430, early_stops=8/8
26 - INFO - chord#: 102 In build_straw_man_chord_sa. tolerance = 1, sa_iterations = 1000, initial_temperature = 3.0, cooling_rate = 0.999
26 - INFO - chord#: 90 done. best_score=70.0, changed=611, unchanged=319, early_stops=8/8
26 - INFO - chord#: 92 In build_straw_man_chord_sa. tolerance = 1, sa_iterations = 1000, initial_temperature = 3.0, cooling_rate = 0.999
26 - INFO - chord#: 98 done. best_score=64.0, changed=613, unchanged=344, early_stops=8/8
26 - INFO - chord#: 100 In build_straw_man_chord_sa. tolerance = 1, sa_iterations = 1000, initial_temperature = 3.0, cooling_rate = 0.999
26 - INFO - chord#: 102 done. best_score=35.0, changed=517, unchanged=384, early_stops=8/8
26 - INFO - chord#: 104 In build_straw_man_chord_sa. tolerance = 1, sa_iterations = 1000, initial_temperature = 3.0, cooling_rate = 0.999
26 - INFO - chord#: 84 done. best_score=36.0, changed=521, unchanged=411, early_stops=8/8
26 - INFO - chord#: 86 In build_straw_man_chord_sa. tolerance = 1, sa_iterations = 1000, initial_temperature = 3.0, cooling_rate = 0.999
26 - INFO - chord#: 82 done. best_score=78.0, changed=613, unchanged=372, early_stops=8/8
26 - INFO - chord#: 84 In build_straw_man_chord_sa. tolerance = 1, sa_iterations = 1000, initial_temperature = 3.0, cooling_rate = 0.999
26 - INFO - chord#: 98 done. best_score=146.0, changed=610, unchanged=385, early_stops=8/8
26 - INFO - chord#: 100 In build_straw_man_chord_sa. tolerance = 1, sa_iterations = 1000, initial_temperature = 3.0, cooling_rate = 0.999
26 - INFO - chord#: 92 done. best_score=27.0, changed=521, unchanged=386, early_stops=8/8
26 - INFO - chord#: 96 In build_straw_man_chord_sa. tolerance = 1, sa_iterations = 1000, initial_temperature = 3.0, cooling_rate = 0.999
26 - INFO - chord#: 100 done. best_score=27.0, changed=521, unchanged=325, early_stops=8/8
26 - INFO - chord#: 102 In build_straw_man_chord_sa. tolerance = 1, sa_iterations = 1000, initial_temperature = 3.0, cooling_rate = 0.999
26 - INFO - chord#: 98 done. best_score=64.0, changed=618, unchanged=333, early_stops=8/8
26 - INFO - chord#: 100 In build_straw_man_chord_sa. tolerance = 1, sa_iterations = 1000, initial_temperature = 3.0, cooling_rate = 0.999
26 - INFO - chord#: 82 done. best_score=137.0, changed=612, unchanged=293, early_stops=8/8
26 - INFO - chord#: 84 In build_straw_man_chord_sa. tolerance = 1, sa_iterations = 1000, initial_temperature = 3.0, cooling_rate = 0.999
26 - INFO - chord#: 104 done. best_score=27.0, changed=522, unchanged=405, early_stops=8/8
26 - INFO - chord#: 106 In build_straw_man_chord_sa. tolerance = 1, sa_iterations = 1000, initial_temperature = 3.0, cooling_rate = 0.999
26 - INFO - chord#: 98 done. best_score=125.0, changed=607, unchanged=255, early_stops=8/8
26 - INFO - chord#: 100 In build_straw_man_chord_sa. tolerance = 1, sa_iterations = 1000, initial_temperature = 3.0, cooling_rate = 0.999
26 - INFO - chord#: 84 done. best_score=36.0, changed=523, unchanged=393, early_stops=8/8
26 - INFO - chord#: 86 In build_straw_man_chord_sa. tolerance = 1, sa_iterations = 1000, initial_temperature = 3.0, cooling_rate = 0.999
26 - INFO - chord#: 100 done. best_score=27.0, changed=532, unchanged=497, early_stops=8/8
26 - INFO - chord#: 102 In build_straw_man_chord_sa. tolerance = 1, sa_iterations = 1000, initial_temperature = 3.0, cooling_rate = 0.999
26 - INFO - chord#: 96 done. best_score=27.0, changed=518, unchanged=402, early_stops=8/8
26 - INFO - chord#: 98 In build_straw_man_chord_sa. tolerance = 1, sa_iterations = 1000, initial_temperature = 3.0, cooling_rate = 0.999
26 - INFO - chord#: 102 done. best_score=35.0, changed=523, unchanged=412, early_stops=8/8
26 - INFO - chord#: 104 In build_straw_man_chord_sa. tolerance = 1, sa_iterations = 1000, initial_temperature = 3.0, cooling_rate = 0.999
26 - INFO - chord#: 100 done. best_score=27.0, changed=524, unchanged=432, early_stops=8/8
26 - INFO - chord#: 102 In build_straw_man_chord_sa. tolerance = 1, sa_iterations = 1000, initial_temperature = 3.0, cooling_rate = 0.999
26 - INFO - chord#: 82 done. best_score=78.0, changed=612, unchanged=600, early_stops=8/8
26 - INFO - chord#: 84 In build_straw_man_chord_sa. tolerance = 1, sa_iterations = 1000, initial_temperature = 3.0, cooling_rate = 0.999
26 - INFO - chord#: 82 done. best_score=119.0, changed=614, unchanged=416, early_stops=8/8
26 - INFO - chord#: 84 In build_straw_man_chord_sa. tolerance = 1, sa_iterations = 1000, initial_temperature = 3.0, cooling_rate = 0.999
26 - INFO - chord#: 106 done. best_score=27.0, changed=523, unchanged=447, early_stops=8/8
26 - INFO - chord#: 108 In build_straw_man_chord_sa. tolerance = 1, sa_iterations = 1000, initial_temperature = 3.0, cooling_rate = 0.999
26 - INFO - chord#: 84 done. best_score=36.0, changed=517, unchanged=451, early_stops=8/8
26 - INFO - chord#: 86 In build_straw_man_chord_sa. tolerance = 1, sa_iterations = 1000, initial_temperature = 3.0, cooling_rate = 0.999
26 - INFO - chord#: 86 done. best_score=136.0, changed=613, unchanged=386, early_stops=8/8
26 - INFO - chord#: 88 In build_straw_man_chord_sa. tolerance = 1, sa_iterations = 1000, initial_temperature = 3.0, cooling_rate = 0.999
26 - INFO - chord#: 102 done. best_score=35.0, changed=522, unchanged=443, early_stops=8/8
26 - INFO - chord#: 104 In build_straw_man_chord_sa. tolerance = 1, sa_iterations = 1000, initial_temperature = 3.0, cooling_rate = 0.999
26 - INFO - chord#: 100 done. best_score=27.0, changed=521, unchanged=365, early_stops=8/8
26 - INFO - chord#: 102 In build_straw_man_chord_sa. tolerance = 1, sa_iterations = 1000, initial_temperature = 3.0, cooling_rate = 0.999
26 - INFO - chord#: 102 done. best_score=35.0, changed=519, unchanged=372, early_stops=8/8
26 - INFO - chord#: 104 In build_straw_man_chord_sa. tolerance = 1, sa_iterations = 1000, initial_temperature = 3.0, cooling_rate = 0.999
26 - INFO - chord#: 104 done. best_score=27.0, changed=529, unchanged=612, early_stops=8/8
26 - INFO - chord#: 106 In build_straw_man_chord_sa. tolerance = 1, sa_iterations = 1000, initial_temperature = 3.0, cooling_rate = 0.999
26 - INFO - chord#: 108 done. best_score=27.0, changed=518, unchanged=395, early_stops=8/8
26 - INFO - chord#: 110 In build_straw_man_chord_sa. tolerance = 1, sa_iterations = 1000, initial_temperature = 3.0, cooling_rate = 0.999
26 - INFO - chord#: 84 done. best_score=36.0, changed=521, unchanged=440, early_stops=8/8
26 - INFO - chord#: 86 In build_straw_man_chord_sa. tolerance = 1, sa_iterations = 1000, initial_temperature = 3.0, cooling_rate = 0.999
26 - INFO - chord#: 84 done. best_score=36.0, changed=521, unchanged=347, early_stops=8/8
26 - INFO - chord#: 86 In build_straw_man_chord_sa. tolerance = 1, sa_iterations = 1000, initial_temperature = 3.0, cooling_rate = 0.999
26 - INFO - chord#: 86 done. best_score=136.0, changed=611, unchanged=222, early_stops=8/8
26 - INFO - chord#: 88 In build_straw_man_chord_sa. tolerance = 1, sa_iterations = 1000, initial_temperature = 3.0, cooling_rate = 0.999
26 - INFO - chord#: 98 done. best_score=64.0, changed=613, unchanged=233, early_stops=8/8
26 - INFO - chord#: 100 In build_straw_man_chord_sa. tolerance = 1, sa_iterations = 1000, initial_temperature = 3.0, cooling_rate = 0.999
26 - INFO - chord#: 104 done. best_score=27.0, changed=521, unchanged=380, early_stops=8/8
26 - INFO - chord#: 106 In build_straw_man_chord_sa. tolerance = 1, sa_iterations = 1000, initial_temperature = 3.0, cooling_rate = 0.999
26 - INFO - chord#: 86 done. best_score=161.0, changed=618, unchanged=362, early_stops=8/8
26 - INFO - chord#: 88 In build_straw_man_chord_sa. tolerance = 1, sa_iterations = 1000, initial_temperature = 3.0, cooling_rate = 0.999
26 - INFO - chord#: 88 done. best_score=27.0, changed=518, unchanged=309, early_stops=8/8
26 - INFO - chord#: 90 In build_straw_man_chord_sa. tolerance = 1, sa_iterations = 1000, initial_temperature = 3.0, cooling_rate = 0.999
26 - INFO - chord#: 104 done. best_score=27.0, changed=527, unchanged=406, early_stops=8/8
26 - INFO - chord#: 106 In build_straw_man_chord_sa. tolerance = 1, sa_iterations = 1000, initial_temperature = 3.0, cooling_rate = 0.999
26 - INFO - chord#: 106 done. best_score=27.0, changed=530, unchanged=470, early_stops=8/8
26 - INFO - chord#: 108 In build_straw_man_chord_sa. tolerance = 1, sa_iterations = 1000, initial_temperature = 3.0, cooling_rate = 0.999
26 - INFO - chord#: 102 done. best_score=35.0, changed=517, unchanged=430, early_stops=8/8
26 - INFO - chord#: 104 In build_straw_man_chord_sa. tolerance = 1, sa_iterations = 1000, initial_temperature = 3.0, cooling_rate = 0.999
26 - INFO - chord#: 100 done. best_score=27.0, changed=531, unchanged=411, early_stops=8/8
26 - INFO - chord#: 102 In build_straw_man_chord_sa. tolerance = 1, sa_iterations = 1000, initial_temperature = 3.0, cooling_rate = 0.999
26 - INFO - chord#: 88 done. best_score=27.0, changed=518, unchanged=396, early_stops=8/8
26 - INFO - chord#: 90 In build_straw_man_chord_sa. tolerance = 1, sa_iterations = 1000, initial_temperature = 3.0, cooling_rate = 0.999
26 - INFO - chord#: 106 done. best_score=27.0, changed=513, unchanged=303, early_stops=8/8
26 - INFO - chord#: 108 In build_straw_man_chord_sa. tolerance = 1, sa_iterations = 1000, initial_temperature = 3.0, cooling_rate = 0.999
26 - INFO - chord#: 106 done. best_score=27.0, changed=524, unchanged=435, early_stops=8/8
26 - INFO - chord#: 108 In build_straw_man_chord_sa. tolerance = 1, sa_iterations = 1000, initial_temperature = 3.0, cooling_rate = 0.999
26 - INFO - chord#: 108 done. best_score=27.0, changed=517, unchanged=357, early_stops=8/8
26 - INFO - chord#: 110 In build_straw_man_chord_sa. tolerance = 1, sa_iterations = 1000, initial_temperature = 3.0, cooling_rate = 0.999
26 - INFO - chord#: 88 done. best_score=27.0, changed=519, unchanged=412, early_stops=8/8
26 - INFO - chord#: 90 In build_straw_man_chord_sa. tolerance = 1, sa_iterations = 1000, initial_temperature = 3.0, cooling_rate = 0.999
26 - INFO - chord#: 86 done. best_score=137.0, changed=608, unchanged=270, early_stops=8/8
26 - INFO - chord#: 88 In build_straw_man_chord_sa. tolerance = 1, sa_iterations = 1000, initial_temperature = 3.0, cooling_rate = 0.999
26 - INFO - chord#: 104 done. best_score=27.0, changed=523, unchanged=430, early_stops=8/8
26 - INFO - chord#: 106 In build_straw_man_chord_sa. tolerance = 1, sa_iterations = 1000, initial_temperature = 3.0, cooling_rate = 0.999
26 - INFO - chord#: 108 done. best_score=27.0, changed=517, unchanged=353, early_stops=8/8
26 - INFO - chord#: 110 In build_straw_man_chord_sa. tolerance = 1, sa_iterations = 1000, initial_temperature = 3.0, cooling_rate = 0.999
26 - INFO - chord#: 108 done. best_score=27.0, changed=512, unchanged=395, early_stops=8/8
26 - INFO - chord#: 110 In build_straw_man_chord_sa. tolerance = 1, sa_iterations = 1000, initial_temperature = 3.0, cooling_rate = 0.999
26 - INFO - chord#: 102 done. best_score=35.0, changed=527, unchanged=608, early_stops=8/8
26 - INFO - chord#: 104 In build_straw_man_chord_sa. tolerance = 1, sa_iterations = 1000, initial_temperature = 3.0, cooling_rate = 0.999
26 - INFO - chord#: 110 done. best_score=67.0, changed=612, unchanged=491, early_stops=8/8
26 - INFO - chord#: 112 In build_straw_man_chord_sa. tolerance = 1, sa_iterations = 1000, initial_temperature = 3.0, cooling_rate = 0.999
26 - INFO - chord#: 90 done. best_score=70.0, changed=609, unchanged=216, early_stops=8/8
26 - INFO - chord#: 92 In build_straw_man_chord_sa. tolerance = 1, sa_iterations = 1000, initial_temperature = 3.0, cooling_rate = 0.999
26 - INFO - chord#: 86 done. best_score=147.0, changed=610, unchanged=262, early_stops=8/8
26 - INFO - chord#: 88 In build_straw_man_chord_sa. tolerance = 1, sa_iterations = 1000, initial_temperature = 3.0, cooling_rate = 0.999
26 - INFO - chord#: 106 done. best_score=27.0, changed=517, unchanged=370, early_stops=8/8
26 - INFO - chord#: 108 In build_straw_man_chord_sa. tolerance = 1, sa_iterations = 1000, initial_temperature = 3.0, cooling_rate = 0.999
26 - INFO - chord#: 88 done. best_score=27.0, changed=524, unchanged=400, early_stops=8/8
26 - INFO - chord#: 90 In build_straw_man_chord_sa. tolerance = 1, sa_iterations = 1000, initial_temperature = 3.0, cooling_rate = 0.999
26 - INFO - chord#: 86 done. best_score=135.0, changed=611, unchanged=384, early_stops=8/8
26 - INFO - chord#: 88 In build_straw_man_chord_sa. tolerance = 1, sa_iterations = 1000, initial_temperature = 3.0, cooling_rate = 0.999
26 - INFO - chord#: 104 done. best_score=27.0, changed=519, unchanged=499, early_stops=8/8
26 - INFO - chord#: 106 In build_straw_man_chord_sa. tolerance = 1, sa_iterations = 1000, initial_temperature = 3.0, cooling_rate = 0.999
26 - INFO - chord#: 112 done. best_score=27.0, changed=521, unchanged=354, early_stops=8/8
26 - INFO - chord#: 114 In build_straw_man_chord_sa. tolerance = 1, sa_iterations = 1000, initial_temperature = 3.0, cooling_rate = 0.999
26 - INFO - chord#: 92 done. best_score=27.0, changed=523, unchanged=405, early_stops=8/8
26 - INFO - chord#: 96 In build_straw_man_chord_sa. tolerance = 1, sa_iterations = 1000, initial_temperature = 3.0, cooling_rate = 0.999
26 - INFO - chord#: 90 done. best_score=70.0, changed=613, unchanged=469, early_stops=8/8
26 - INFO - chord#: 92 In build_straw_man_chord_sa. tolerance = 1, sa_iterations = 1000, initial_temperature = 3.0, cooling_rate = 0.999
26 - INFO - chord#: 110 done. best_score=78.0, changed=610, unchanged=390, early_stops=8/8
26 - INFO - chord#: 112 In build_straw_man_chord_sa. tolerance = 1, sa_iterations = 1000, initial_temperature = 3.0, cooling_rate = 0.999
26 - INFO - chord#: 90 done. best_score=70.0, changed=613, unchanged=236, early_stops=8/8
26 - INFO - chord#: 92 In build_straw_man_chord_sa. tolerance = 1, sa_iterations = 1000, initial_temperature = 3.0, cooling_rate = 0.999
26 - INFO - chord#: 88 done. best_score=27.0, changed=526, unchanged=435, early_stops=8/8
26 - INFO - chord#: 90 In build_straw_man_chord_sa. tolerance = 1, sa_iterations = 1000, initial_temperature = 3.0, cooling_rate = 0.999
26 - INFO - chord#: 106 done. best_score=27.0, changed=529, unchanged=351, early_stops=8/8
26 - INFO - chord#: 108 In build_straw_man_chord_sa. tolerance = 1, sa_iterations = 1000, initial_temperature = 3.0, cooling_rate = 0.999
26 - INFO - chord#: 114 done. best_score=27.0, changed=527, unchanged=442, early_stops=8/8
26 - INFO - chord#: 116 In build_straw_man_chord_sa. tolerance = 1, sa_iterations = 1000, initial_temperature = 3.0, cooling_rate = 0.999
26 - INFO - chord#: 108 done. best_score=27.0, changed=527, unchanged=578, early_stops=8/8
26 - INFO - chord#: 110 In build_straw_man_chord_sa. tolerance = 1, sa_iterations = 1000, initial_temperature = 3.0, cooling_rate = 0.999
26 - INFO - chord#: 88 done. best_score=27.0, changed=525, unchanged=513, early_stops=8/8
26 - INFO - chord#: 90 In build_straw_man_chord_sa. tolerance = 1, sa_iterations = 1000, initial_temperature = 3.0, cooling_rate = 0.999
26 - INFO - chord#: 92 done. best_score=27.0, changed=513, unchanged=461, early_stops=8/8
26 - INFO - chord#: 96 In build_straw_man_chord_sa. tolerance = 1, sa_iterations = 1000, initial_temperature = 3.0, cooling_rate = 0.999
26 - INFO - chord#: 110 done. best_score=67.0, changed=612, unchanged=422, early_stops=8/8
26 - INFO - chord#: 112 In build_straw_man_chord_sa. tolerance = 1, sa_iterations = 1000, initial_temperature = 3.0, cooling_rate = 0.999
26 - INFO - chord#: 112 done. best_score=27.0, changed=518, unchanged=403, early_stops=8/8
26 - INFO - chord#: 114 In build_straw_man_chord_sa. tolerance = 1, sa_iterations = 1000, initial_temperature = 3.0, cooling_rate = 0.999
26 - INFO - chord#: 110 done. best_score=67.0, changed=611, unchanged=460, early_stops=8/8
26 - INFO - chord#: 112 In build_straw_man_chord_sa. tolerance = 1, sa_iterations = 1000, initial_temperature = 3.0, cooling_rate = 0.999
26 - INFO - chord#: 96 done. best_score=27.0, changed=516, unchanged=349, early_stops=8/8
26 - INFO - chord#: 98 In build_straw_man_chord_sa. tolerance = 1, sa_iterations = 1000, initial_temperature = 3.0, cooling_rate = 0.999
26 - INFO - chord#: 92 done. best_score=27.0, changed=513, unchanged=344, early_stops=8/8
26 - INFO - chord#: 96 In build_straw_man_chord_sa. tolerance = 1, sa_iterations = 1000, initial_temperature = 3.0, cooling_rate = 0.999
26 - INFO - chord#: 108 done. best_score=27.0, changed=515, unchanged=440, early_stops=8/8
26 - INFO - chord#: 110 In build_straw_man_chord_sa. tolerance = 1, sa_iterations = 1000, initial_temperature = 3.0, cooling_rate = 0.999
26 - INFO - chord#: 116 done. best_score=27.0, changed=518, unchanged=395, early_stops=8/8
26 - INFO - chord#: 118 In build_straw_man_chord_sa. tolerance = 1, sa_iterations = 1000, initial_temperature = 3.0, cooling_rate = 0.999
26 - INFO - chord#: 90 done. best_score=70.0, changed=610, unchanged=266, early_stops=8/8
26 - INFO - chord#: 92 In build_straw_man_chord_sa. tolerance = 1, sa_iterations = 1000, initial_temperature = 3.0, cooling_rate = 0.999
26 - INFO - chord#: 96 done. best_score=27.0, changed=523, unchanged=428, early_stops=8/8
26 - INFO - chord#: 98 In build_straw_man_chord_sa. tolerance = 1, sa_iterations = 1000, initial_temperature = 3.0, cooling_rate = 0.999
26 - INFO - chord#: 114 done. best_score=27.0, changed=518, unchanged=421, early_stops=8/8
26 - INFO - chord#: 116 In build_straw_man_chord_sa. tolerance = 1, sa_iterations = 1000, initial_temperature = 3.0, cooling_rate = 0.999
26 - INFO - chord#: 112 done. best_score=27.0, changed=525, unchanged=456, early_stops=8/8
26 - INFO - chord#: 114 In build_straw_man_chord_sa. tolerance = 1, sa_iterations = 1000, initial_temperature = 3.0, cooling_rate = 0.999
26 - INFO - chord#: 112 done. best_score=27.0, changed=528, unchanged=631, early_stops=8/8
26 - INFO - chord#: 114 In build_straw_man_chord_sa. tolerance = 1, sa_iterations = 1000, initial_temperature = 3.0, cooling_rate = 0.999
26 - INFO - chord#: 96 done. best_score=27.0, changed=522, unchanged=351, early_stops=8/8
26 - INFO - chord#: 98 In build_straw_man_chord_sa. tolerance = 1, sa_iterations = 1000, initial_temperature = 3.0, cooling_rate = 0.999
26 - INFO - chord#: 116 done. best_score=27.0, changed=513, unchanged=493, early_stops=8/8
26 - INFO - chord#: 118 In build_straw_man_chord_sa. tolerance = 1, sa_iterations = 1000, initial_temperature = 3.0, cooling_rate = 0.999
26 - INFO - chord#: 114 done. best_score=27.0, changed=511, unchanged=327, early_stops=8/8
26 - INFO - chord#: 116 In build_straw_man_chord_sa. tolerance = 1, sa_iterations = 1000, initial_temperature = 3.0, cooling_rate = 0.999
26 - INFO - chord#: 90 done. best_score=70.0, changed=613, unchanged=239, early_stops=8/8
26 - INFO - chord#: 92 In build_straw_man_chord_sa. tolerance = 1, sa_iterations = 1000, initial_temperature = 3.0, cooling_rate = 0.999
26 - INFO - chord#: 92 done. best_score=27.0, changed=526, unchanged=442, early_stops=8/8
26 - INFO - chord#: 96 In build_straw_man_chord_sa. tolerance = 1, sa_iterations = 1000, initial_temperature = 3.0, cooling_rate = 0.999
26 - INFO - chord#: 114 done. best_score=27.0, changed=519, unchanged=496, early_stops=8/8
26 - INFO - chord#: 116 In build_straw_man_chord_sa. tolerance = 1, sa_iterations = 1000, initial_temperature = 3.0, cooling_rate = 0.999
26 - INFO - chord#: 90 done. best_score=111.0, changed=616, unchanged=518, early_stops=8/8
26 - INFO - chord#: 92 In build_straw_man_chord_sa. tolerance = 1, sa_iterations = 1000, initial_temperature = 3.0, cooling_rate = 0.999
26 - INFO - chord#: 110 done. best_score=140.0, changed=612, unchanged=364, early_stops=8/8
26 - INFO - chord#: 112 In build_straw_man_chord_sa. tolerance = 1, sa_iterations = 1000, initial_temperature = 3.0, cooling_rate = 0.999
26 - INFO - chord#: 118 done. best_score=88.0, changed=607, unchanged=273, early_stops=8/8
26 - INFO - chord#: 120 In build_straw_man_chord_sa. tolerance = 1, sa_iterations = 1000, initial_temperature = 3.0, cooling_rate = 0.999
26 - INFO - chord#: 98 done. best_score=64.0, changed=610, unchanged=389, early_stops=8/8
26 - INFO - chord#: 100 In build_straw_man_chord_sa. tolerance = 1, sa_iterations = 1000, initial_temperature = 3.0, cooling_rate = 0.999
26 - INFO - chord#: 116 done. best_score=27.0, changed=520, unchanged=465, early_stops=8/8
26 - INFO - chord#: 118 In build_straw_man_chord_sa. tolerance = 1, sa_iterations = 1000, initial_temperature = 3.0, cooling_rate = 0.999
26 - INFO - chord#: 98 done. best_score=64.0, changed=618, unchanged=343, early_stops=8/8
26 - INFO - chord#: 100 In build_straw_man_chord_sa. tolerance = 1, sa_iterations = 1000, initial_temperature = 3.0, cooling_rate = 0.999
26 - INFO - chord#: 110 done. best_score=67.0, changed=615, unchanged=491, early_stops=8/8
26 - INFO - chord#: 112 In build_straw_man_chord_sa. tolerance = 1, sa_iterations = 1000, initial_temperature = 3.0, cooling_rate = 0.999
26 - INFO - chord#: 92 done. best_score=27.0, changed=528, unchanged=529, early_stops=8/8
26 - INFO - chord#: 96 In build_straw_man_chord_sa. tolerance = 1, sa_iterations = 1000, initial_temperature = 3.0, cooling_rate = 0.999
26 - INFO - chord#: 116 done. best_score=27.0, changed=525, unchanged=413, early_stops=8/8
26 - INFO - chord#: 118 In build_straw_man_chord_sa. tolerance = 1, sa_iterations = 1000, initial_temperature = 3.0, cooling_rate = 0.999
26 - INFO - chord#: 96 done. best_score=27.0, changed=523, unchanged=408, early_stops=8/8
26 - INFO - chord#: 98 In build_straw_man_chord_sa. tolerance = 1, sa_iterations = 1000, initial_temperature = 3.0, cooling_rate = 0.999
26 - INFO - chord#: 92 done. best_score=27.0, changed=529, unchanged=371, early_stops=8/8
26 - INFO - chord#: 96 In build_straw_man_chord_sa. tolerance = 1, sa_iterations = 1000, initial_temperature = 3.0, cooling_rate = 0.999
26 - INFO - chord#: 120 done. best_score=27.0, changed=528, unchanged=392, early_stops=8/8
26 - INFO - chord#: 122 In build_straw_man_chord_sa. tolerance = 1, sa_iterations = 1000, initial_temperature = 3.0, cooling_rate = 0.999
26 - INFO - chord#: 112 done. best_score=27.0, changed=521, unchanged=404, early_stops=8/8
26 - INFO - chord#: 114 In build_straw_man_chord_sa. tolerance = 1, sa_iterations = 1000, initial_temperature = 3.0, cooling_rate = 0.999
26 - INFO - chord#: 100 done. best_score=27.0, changed=525, unchanged=450, early_stops=8/8
26 - INFO - chord#: 102 In build_straw_man_chord_sa. tolerance = 1, sa_iterations = 1000, initial_temperature = 3.0, cooling_rate = 0.999
26 - INFO - chord#: 100 done. best_score=27.0, changed=518, unchanged=354, early_stops=8/8
26 - INFO - chord#: 102 In build_straw_man_chord_sa. tolerance = 1, sa_iterations = 1000, initial_temperature = 3.0, cooling_rate = 0.999
26 - INFO - chord#: 112 done. best_score=27.0, changed=528, unchanged=361, early_stops=8/8
26 - INFO - chord#: 114 In build_straw_man_chord_sa. tolerance = 1, sa_iterations = 1000, initial_temperature = 3.0, cooling_rate = 0.999
26 - INFO - chord#: 98 done. best_score=104.0, changed=615, unchanged=373, early_stops=8/8
26 - INFO - chord#: 100 In build_straw_man_chord_sa. tolerance = 1, sa_iterations = 1000, initial_temperature = 3.0, cooling_rate = 0.999
26 - INFO - chord#: 118 done. best_score=135.0, changed=613, unchanged=373, early_stops=8/8
26 - INFO - chord#: 120 In build_straw_man_chord_sa. tolerance = 1, sa_iterations = 1000, initial_temperature = 3.0, cooling_rate = 0.999
26 - INFO - chord#: 96 done. best_score=27.0, changed=526, unchanged=459, early_stops=8/8
26 - INFO - chord#: 98 In build_straw_man_chord_sa. tolerance = 1, sa_iterations = 1000, initial_temperature = 3.0, cooling_rate = 0.999
26 - INFO - chord#: 96 done. best_score=27.0, changed=522, unchanged=421, early_stops=8/8
26 - INFO - chord#: 98 In build_straw_man_chord_sa. tolerance = 1, sa_iterations = 1000, initial_temperature = 3.0, cooling_rate = 0.999
26 - INFO - chord#: 102 done. best_score=35.0, changed=528, unchanged=431, early_stops=8/8
26 - INFO - chord#: 104 In build_straw_man_chord_sa. tolerance = 1, sa_iterations = 1000, initial_temperature = 3.0, cooling_rate = 0.999
26 - INFO - chord#: 120 done. best_score=27.0, changed=522, unchanged=372, early_stops=8/8
26 - INFO - chord#: 122 In build_straw_man_chord_sa. tolerance = 1, sa_iterations = 1000, initial_temperature = 3.0, cooling_rate = 0.999
26 - INFO - chord#: 114 done. best_score=27.0, changed=533, unchanged=423, early_stops=8/8
26 - INFO - chord#: 116 In build_straw_man_chord_sa. tolerance = 1, sa_iterations = 1000, initial_temperature = 3.0, cooling_rate = 0.999
26 - INFO - chord#: 100 done. best_score=27.0, changed=534, unchanged=477, early_stops=8/8
26 - INFO - chord#: 102 In build_straw_man_chord_sa. tolerance = 1, sa_iterations = 1000, initial_temperature = 3.0, cooling_rate = 0.999
26 - INFO - chord#: 118 done. best_score=105.0, changed=611, unchanged=213, early_stops=8/8
26 - INFO - chord#: 120 In build_straw_man_chord_sa. tolerance = 1, sa_iterations = 1000, initial_temperature = 3.0, cooling_rate = 0.999
26 - INFO - chord#: 114 done. best_score=27.0, changed=535, unchanged=457, early_stops=8/8
26 - INFO - chord#: 116 In build_straw_man_chord_sa. tolerance = 1, sa_iterations = 1000, initial_temperature = 3.0, cooling_rate = 0.999
26 - INFO - chord#: 118 done. best_score=132.0, changed=618, unchanged=372, early_stops=8/8
26 - INFO - chord#: 120 In build_straw_man_chord_sa. tolerance = 1, sa_iterations = 1000, initial_temperature = 3.0, cooling_rate = 0.999
26 - INFO - chord#: 102 done. best_score=35.0, changed=527, unchanged=522, early_stops=8/8
26 - INFO - chord#: 104 In build_straw_man_chord_sa. tolerance = 1, sa_iterations = 1000, initial_temperature = 3.0, cooling_rate = 0.999
26 - INFO - chord#: 122 done. best_score=125.0, changed=607, unchanged=280, early_stops=8/8
26 - INFO - chord#: 124 In build_straw_man_chord_sa. tolerance = 1, sa_iterations = 1000, initial_temperature = 3.0, cooling_rate = 0.999
26 - INFO - chord#: 104 done. best_score=27.0, changed=514, unchanged=389, early_stops=8/8
26 - INFO - chord#: 106 In build_straw_man_chord_sa. tolerance = 1, sa_iterations = 1000, initial_temperature = 3.0, cooling_rate = 0.999
26 - INFO - chord#: 116 done. best_score=27.0, changed=518, unchanged=412, early_stops=8/8
26 - INFO - chord#: 118 In build_straw_man_chord_sa. tolerance = 1, sa_iterations = 1000, initial_temperature = 3.0, cooling_rate = 0.999
26 - INFO - chord#: 120 done. best_score=27.0, changed=530, unchanged=446, early_stops=8/8
26 - INFO - chord#: 122 In build_straw_man_chord_sa. tolerance = 1, sa_iterations = 1000, initial_temperature = 3.0, cooling_rate = 0.999
26 - INFO - chord#: 120 done. best_score=27.0, changed=523, unchanged=377, early_stops=8/8
26 - INFO - chord#: 122 In build_straw_man_chord_sa. tolerance = 1, sa_iterations = 1000, initial_temperature = 3.0, cooling_rate = 0.999
26 - INFO - chord#: 98 done. best_score=64.0, changed=615, unchanged=451, early_stops=8/8
26 - INFO - chord#: 100 In build_straw_man_chord_sa. tolerance = 1, sa_iterations = 1000, initial_temperature = 3.0, cooling_rate = 0.999
26 - INFO - chord#: 102 done. best_score=35.0, changed=521, unchanged=326, early_stops=8/8
26 - INFO - chord#: 104 In build_straw_man_chord_sa. tolerance = 1, sa_iterations = 1000, initial_temperature = 3.0, cooling_rate = 0.999
26 - INFO - chord#: 124 done. best_score=27.0, changed=513, unchanged=341, early_stops=8/8
26 - INFO - chord#: 128 In build_straw_man_chord_sa. tolerance = 1, sa_iterations = 1000, initial_temperature = 3.0, cooling_rate = 0.999
26 - INFO - chord#: 116 done. best_score=27.0, changed=534, unchanged=442, early_stops=8/8
26 - INFO - chord#: 104 done. best_score=27.0, changed=526, unchanged=386, early_stops=8/8
26 - INFO - chord#: 118 In build_straw_man_chord_sa. tolerance = 1, sa_iterations = 1000, initial_temperature = 3.0, cooling_rate = 0.999
26 - INFO - chord#: 106 In build_straw_man_chord_sa. tolerance = 1, sa_iterations = 1000, initial_temperature = 3.0, cooling_rate = 0.999
26 - INFO - chord#: 106 done. best_score=27.0, changed=520, unchanged=313, early_stops=8/8
26 - INFO - chord#: 108 In build_straw_man_chord_sa. tolerance = 1, sa_iterations = 1000, initial_temperature = 3.0, cooling_rate = 0.999
26 - INFO - chord#: 100 done. best_score=27.0, changed=530, unchanged=345, early_stops=8/8
26 - INFO - chord#: 102 In build_straw_man_chord_sa. tolerance = 1, sa_iterations = 1000, initial_temperature = 3.0, cooling_rate = 0.999
26 - INFO - chord#: 122 done. best_score=67.0, changed=616, unchanged=420, early_stops=8/8
26 - INFO - chord#: 124 In build_straw_man_chord_sa. tolerance = 1, sa_iterations = 1000, initial_temperature = 3.0, cooling_rate = 0.999
26 - INFO - chord#: 98 done. best_score=71.0, changed=621, unchanged=392, early_stops=8/8
26 - INFO - chord#: 100 In build_straw_man_chord_sa. tolerance = 1, sa_iterations = 1000, initial_temperature = 3.0, cooling_rate = 0.999
26 - INFO - chord#: 98 done. best_score=64.0, changed=616, unchanged=460, early_stops=8/8
26 - INFO - chord#: 100 In build_straw_man_chord_sa. tolerance = 1, sa_iterations = 1000, initial_temperature = 3.0, cooling_rate = 0.999
26 - INFO - chord#: 108 done. best_score=27.0, changed=514, unchanged=309, early_stops=8/8
26 - INFO - chord#: 110 In build_straw_man_chord_sa. tolerance = 1, sa_iterations = 1000, initial_temperature = 3.0, cooling_rate = 0.999
26 - INFO - chord#: 104 done. best_score=27.0, changed=521, unchanged=411, early_stops=8/8
26 - INFO - chord#: 106 In build_straw_man_chord_sa. tolerance = 1, sa_iterations = 1000, initial_temperature = 3.0, cooling_rate = 0.999
26 - INFO - chord#: 106 done. best_score=27.0, changed=535, unchanged=397, early_stops=8/8
26 - INFO - chord#: 108 In build_straw_man_chord_sa. tolerance = 1, sa_iterations = 1000, initial_temperature = 3.0, cooling_rate = 0.999
26 - INFO - chord#: 122 done. best_score=161.0, changed=614, unchanged=352, early_stops=8/8
26 - INFO - chord#: 124 In build_straw_man_chord_sa. tolerance = 1, sa_iterations = 1000, initial_temperature = 3.0, cooling_rate = 0.999
26 - INFO - chord#: 124 done. best_score=27.0, changed=517, unchanged=417, early_stops=8/8
26 - INFO - chord#: 128 In build_straw_man_chord_sa. tolerance = 1, sa_iterations = 1000, initial_temperature = 3.0, cooling_rate = 0.999
26 - INFO - chord#: 100 done. best_score=27.0, changed=527, unchanged=438, early_stops=8/8
26 - INFO - chord#: 102 In build_straw_man_chord_sa. tolerance = 1, sa_iterations = 1000, initial_temperature = 3.0, cooling_rate = 0.999
26 - INFO - chord#: 128 done. best_score=142.0, changed=614, unchanged=322, early_stops=8/8
26 - INFO - chord#: 132 In build_straw_man_chord_sa. tolerance = 1, sa_iterations = 1000, initial_temperature = 3.0, cooling_rate = 0.999
26 - INFO - chord#: 106 done. best_score=27.0, changed=517, unchanged=375, early_stops=8/8
26 - INFO - chord#: 108 In build_straw_man_chord_sa. tolerance = 1, sa_iterations = 1000, initial_temperature = 3.0, cooling_rate = 0.999
26 - INFO - chord#: 100 done. best_score=27.0, changed=527, unchanged=475, early_stops=8/8
26 - INFO - chord#: 102 In build_straw_man_chord_sa. tolerance = 1, sa_iterations = 1000, initial_temperature = 3.0, cooling_rate = 0.999
26 - INFO - chord#: 102 done. best_score=35.0, changed=524, unchanged=512, early_stops=8/8
26 - INFO - chord#: 104 In build_straw_man_chord_sa. tolerance = 1, sa_iterations = 1000, initial_temperature = 3.0, cooling_rate = 0.999
26 - INFO - chord#: 122 done. best_score=67.0, changed=616, unchanged=517, early_stops=8/8
26 - INFO - chord#: 124 In build_straw_man_chord_sa. tolerance = 1, sa_iterations = 1000, initial_temperature = 3.0, cooling_rate = 0.999
26 - INFO - chord#: 118 done. best_score=88.0, changed=625, unchanged=509, early_stops=8/8
26 - INFO - chord#: 120 In build_straw_man_chord_sa. tolerance = 1, sa_iterations = 1000, initial_temperature = 3.0, cooling_rate = 0.999
26 - INFO - chord#: 108 done. best_score=27.0, changed=509, unchanged=324, early_stops=8/8
26 - INFO - chord#: 110 In build_straw_man_chord_sa. tolerance = 1, sa_iterations = 1000, initial_temperature = 3.0, cooling_rate = 0.999
26 - INFO - chord#: 118 done. best_score=88.0, changed=609, unchanged=273, early_stops=8/8
26 - INFO - chord#: 120 In build_straw_man_chord_sa. tolerance = 1, sa_iterations = 1000, initial_temperature = 3.0, cooling_rate = 0.999
26 - INFO - chord#: 124 done. best_score=27.0, changed=526, unchanged=595, early_stops=8/8
26 - INFO - chord#: 128 In build_straw_man_chord_sa. tolerance = 1, sa_iterations = 1000, initial_temperature = 3.0, cooling_rate = 0.999
26 - INFO - chord#: 132 done. best_score=27.0, changed=525, unchanged=421, early_stops=8/8
26 - INFO - chord#: 136 In build_straw_man_chord_sa. tolerance = 1, sa_iterations = 1000, initial_temperature = 3.0, cooling_rate = 0.999
26 - INFO - chord#: 120 done. best_score=27.0, changed=514, unchanged=422, early_stops=8/8
26 - INFO - chord#: 122 In build_straw_man_chord_sa. tolerance = 1, sa_iterations = 1000, initial_temperature = 3.0, cooling_rate = 0.999
26 - INFO - chord#: 108 done. best_score=27.0, changed=522, unchanged=376, early_stops=8/8
26 - INFO - chord#: 110 In build_straw_man_chord_sa. tolerance = 1, sa_iterations = 1000, initial_temperature = 3.0, cooling_rate = 0.999
26 - INFO - chord#: 102 done. best_score=35.0, changed=522, unchanged=475, early_stops=8/8
26 - INFO - chord#: 104 In build_straw_man_chord_sa. tolerance = 1, sa_iterations = 1000, initial_temperature = 3.0, cooling_rate = 0.999
26 - INFO - chord#: 110 done. best_score=145.0, changed=615, unchanged=402, early_stops=8/8
26 - INFO - chord#: 112 In build_straw_man_chord_sa. tolerance = 1, sa_iterations = 1000, initial_temperature = 3.0, cooling_rate = 0.999
26 - INFO - chord#: 104 done. best_score=27.0, changed=521, unchanged=616, early_stops=8/8
26 - INFO - chord#: 106 In build_straw_man_chord_sa. tolerance = 1, sa_iterations = 1000, initial_temperature = 3.0, cooling_rate = 0.999
26 - INFO - chord#: 124 done. best_score=27.0, changed=513, unchanged=397, early_stops=8/8
26 - INFO - chord#: 128 In build_straw_man_chord_sa. tolerance = 1, sa_iterations = 1000, initial_temperature = 3.0, cooling_rate = 0.999
26 - INFO - chord#: 102 done. best_score=35.0, changed=515, unchanged=457, early_stops=8/8
26 - INFO - chord#: 104 In build_straw_man_chord_sa. tolerance = 1, sa_iterations = 1000, initial_temperature = 3.0, cooling_rate = 0.999
26 - INFO - chord#: 120 done. best_score=27.0, changed=516, unchanged=361, early_stops=8/8
26 - INFO - chord#: 122 In build_straw_man_chord_sa. tolerance = 1, sa_iterations = 1000, initial_temperature = 3.0, cooling_rate = 0.999
26 - INFO - chord#: 136 done. best_score=27.0, changed=528, unchanged=422, early_stops=8/8
26 - INFO - chord#: 138 In build_straw_man_chord_sa. tolerance = 1, sa_iterations = 1000, initial_temperature = 3.0, cooling_rate = 0.999
26 - INFO - chord#: 110 done. best_score=137.0, changed=611, unchanged=230, early_stops=8/8
26 - INFO - chord#: 112 In build_straw_man_chord_sa. tolerance = 1, sa_iterations = 1000, initial_temperature = 3.0, cooling_rate = 0.999
26 - INFO - chord#: 128 done. best_score=142.0, changed=623, unchanged=355, early_stops=8/8
26 - INFO - chord#: 132 In build_straw_man_chord_sa. tolerance = 1, sa_iterations = 1000, initial_temperature = 3.0, cooling_rate = 0.999
26 - INFO - chord#: 112 done. best_score=27.0, changed=516, unchanged=398, early_stops=8/8
26 - INFO - chord#: 114 In build_straw_man_chord_sa. tolerance = 1, sa_iterations = 1000, initial_temperature = 3.0, cooling_rate = 0.999
26 - INFO - chord#: 106 done. best_score=27.0, changed=528, unchanged=383, early_stops=8/8
26 - INFO - chord#: 108 In build_straw_man_chord_sa. tolerance = 1, sa_iterations = 1000, initial_temperature = 3.0, cooling_rate = 0.999
26 - INFO - chord#: 104 done. best_score=27.0, changed=523, unchanged=399, early_stops=8/8
26 - INFO - chord#: 106 In build_straw_man_chord_sa. tolerance = 1, sa_iterations = 1000, initial_temperature = 3.0, cooling_rate = 0.999
26 - INFO - chord#: 104 done. best_score=27.0, changed=520, unchanged=498, early_stops=8/8
26 - INFO - chord#: 106 In build_straw_man_chord_sa. tolerance = 1, sa_iterations = 1000, initial_temperature = 3.0, cooling_rate = 0.999
26 - INFO - chord#: 122 done. best_score=137.0, changed=607, unchanged=275, early_stops=8/8
26 - INFO - chord#: 124 In build_straw_man_chord_sa. tolerance = 1, sa_iterations = 1000, initial_temperature = 3.0, cooling_rate = 0.999
26 - INFO - chord#: 132 done. best_score=27.0, changed=525, unchanged=443, early_stops=8/8
26 - INFO - chord#: 136 In build_straw_man_chord_sa. tolerance = 1, sa_iterations = 1000, initial_temperature = 3.0, cooling_rate = 0.999
26 - INFO - chord#: 114 done. best_score=27.0, changed=532, unchanged=359, early_stops=8/8
26 - INFO - chord#: 116 In build_straw_man_chord_sa. tolerance = 1, sa_iterations = 1000, initial_temperature = 3.0, cooling_rate = 0.999
26 - INFO - chord#: 112 done. best_score=27.0, changed=520, unchanged=520, early_stops=8/8
26 - INFO - chord#: 114 In build_straw_man_chord_sa. tolerance = 1, sa_iterations = 1000, initial_temperature = 3.0, cooling_rate = 0.999
26 - INFO - chord#: 128 done. best_score=140.0, changed=611, unchanged=422, early_stops=8/8
26 - INFO - chord#: 132 In build_straw_man_chord_sa. tolerance = 1, sa_iterations = 1000, initial_temperature = 3.0, cooling_rate = 0.999
26 - INFO - chord#: 106 done. best_score=27.0, changed=521, unchanged=329, early_stops=8/8
26 - INFO - chord#: 108 In build_straw_man_chord_sa. tolerance = 1, sa_iterations = 1000, initial_temperature = 3.0, cooling_rate = 0.999
26 - INFO - chord#: 106 done. best_score=27.0, changed=522, unchanged=327, early_stops=8/8
26 - INFO - chord#: 108 In build_straw_man_chord_sa. tolerance = 1, sa_iterations = 1000, initial_temperature = 3.0, cooling_rate = 0.999
26 - INFO - chord#: 108 done. best_score=27.0, changed=521, unchanged=536, early_stops=8/8
26 - INFO - chord#: 110 In build_straw_man_chord_sa. tolerance = 1, sa_iterations = 1000, initial_temperature = 3.0, cooling_rate = 0.999
26 - INFO - chord#: 136 done. best_score=27.0, changed=516, unchanged=372, early_stops=8/8
26 - INFO - chord#: 138 In build_straw_man_chord_sa. tolerance = 1, sa_iterations = 1000, initial_temperature = 3.0, cooling_rate = 0.999
26 - INFO - chord#: 138 done. best_score=137.0, changed=612, unchanged=328, early_stops=8/8
26 - INFO - chord#: 140 In build_straw_man_chord_sa. tolerance = 1, sa_iterations = 1000, initial_temperature = 3.0, cooling_rate = 0.999
26 - INFO - chord#: 110 done. best_score=137.0, changed=615, unchanged=370, early_stops=8/8
26 - INFO - chord#: 112 In build_straw_man_chord_sa. tolerance = 1, sa_iterations = 1000, initial_temperature = 3.0, cooling_rate = 0.999
26 - INFO - chord#: 116 done. best_score=27.0, changed=528, unchanged=435, early_stops=8/8
26 - INFO - chord#: 118 In build_straw_man_chord_sa. tolerance = 1, sa_iterations = 1000, initial_temperature = 3.0, cooling_rate = 0.999
26 - INFO - chord#: 124 done. best_score=27.0, changed=516, unchanged=544, early_stops=8/8
26 - INFO - chord#: 128 In build_straw_man_chord_sa. tolerance = 1, sa_iterations = 1000, initial_temperature = 3.0, cooling_rate = 0.999
26 - INFO - chord#: 114 done. best_score=27.0, changed=532, unchanged=469, early_stops=8/8
26 - INFO - chord#: 116 In build_straw_man_chord_sa. tolerance = 1, sa_iterations = 1000, initial_temperature = 3.0, cooling_rate = 0.999
26 - INFO - chord#: 132 done. best_score=27.0, changed=519, unchanged=522, early_stops=8/8
26 - INFO - chord#: 136 In build_straw_man_chord_sa. tolerance = 1, sa_iterations = 1000, initial_temperature = 3.0, cooling_rate = 0.999
26 - INFO - chord#: 108 done. best_score=27.0, changed=514, unchanged=383, early_stops=8/8
26 - INFO - chord#: 110 In build_straw_man_chord_sa. tolerance = 1, sa_iterations = 1000, initial_temperature = 3.0, cooling_rate = 0.999
26 - INFO - chord#: 128 done. best_score=140.0, changed=617, unchanged=456, early_stops=8/8
26 - INFO - chord#: 132 In build_straw_man_chord_sa. tolerance = 1, sa_iterations = 1000, initial_temperature = 3.0, cooling_rate = 0.999
26 - INFO - chord#: 108 done. best_score=27.0, changed=525, unchanged=517, early_stops=8/8
26 - INFO - chord#: 110 In build_straw_man_chord_sa. tolerance = 1, sa_iterations = 1000, initial_temperature = 3.0, cooling_rate = 0.999
26 - INFO - chord#: 140 done. best_score=61.0, changed=523, unchanged=317, early_stops=8/8
26 - INFO - chord#: 142 In build_straw_man_chord_sa. tolerance = 1, sa_iterations = 1000, initial_temperature = 3.0, cooling_rate = 0.999
26 - INFO - chord#: 122 done. best_score=67.0, changed=618, unchanged=503, early_stops=8/8
26 - INFO - chord#: 124 In build_straw_man_chord_sa. tolerance = 1, sa_iterations = 1000, initial_temperature = 3.0, cooling_rate = 0.999
26 - INFO - chord#: 136 done. best_score=27.0, changed=524, unchanged=390, early_stops=8/8
26 - INFO - chord#: 138 In build_straw_man_chord_sa. tolerance = 1, sa_iterations = 1000, initial_temperature = 3.0, cooling_rate = 0.999
26 - INFO - chord#: 116 done. best_score=27.0, changed=523, unchanged=560, early_stops=8/8
26 - INFO - chord#: 112 done. best_score=27.0, changed=520, unchanged=452, early_stops=8/8
26 - INFO - chord#: 118 In build_straw_man_chord_sa. tolerance = 1, sa_iterations = 1000, initial_temperature = 3.0, cooling_rate = 0.999
26 - INFO - chord#: 114 In build_straw_man_chord_sa. tolerance = 1, sa_iterations = 1000, initial_temperature = 3.0, cooling_rate = 0.999
26 - INFO - chord#: 138 done. best_score=137.0, changed=608, unchanged=250, early_stops=8/8
26 - INFO - chord#: 140 In build_straw_man_chord_sa. tolerance = 1, sa_iterations = 1000, initial_temperature = 3.0, cooling_rate = 0.999
26 - INFO - chord#: 142 done. best_score=47.0, changed=529, unchanged=428, early_stops=8/8
26 - INFO - chord#: 144 In build_straw_man_chord_sa. tolerance = 1, sa_iterations = 1000, initial_temperature = 3.0, cooling_rate = 0.999
26 - INFO - chord#: 132 done. best_score=36.0, changed=521, unchanged=425, early_stops=8/8
26 - INFO - chord#: 136 In build_straw_man_chord_sa. tolerance = 1, sa_iterations = 1000, initial_temperature = 3.0, cooling_rate = 0.999
26 - INFO - chord#: 110 done. best_score=140.0, changed=609, unchanged=227, early_stops=8/8
26 - INFO - chord#: 112 In build_straw_man_chord_sa. tolerance = 1, sa_iterations = 1000, initial_temperature = 3.0, cooling_rate = 0.999
26 - INFO - chord#: 128 done. best_score=140.0, changed=613, unchanged=233, early_stops=8/8
26 - INFO - chord#: 132 In build_straw_man_chord_sa. tolerance = 1, sa_iterations = 1000, initial_temperature = 3.0, cooling_rate = 0.999
26 - INFO - chord#: 118 done. best_score=132.0, changed=612, unchanged=314, early_stops=8/8
26 - INFO - chord#: 120 In build_straw_man_chord_sa. tolerance = 1, sa_iterations = 1000, initial_temperature = 3.0, cooling_rate = 0.999
26 - INFO - chord#: 124 done. best_score=27.0, changed=519, unchanged=467, early_stops=8/8
26 - INFO - chord#: 128 In build_straw_man_chord_sa. tolerance = 1, sa_iterations = 1000, initial_temperature = 3.0, cooling_rate = 0.999
26 - INFO - chord#: 114 done. best_score=27.0, changed=523, unchanged=357, early_stops=8/8
26 - INFO - chord#: 116 In build_straw_man_chord_sa. tolerance = 1, sa_iterations = 1000, initial_temperature = 3.0, cooling_rate = 0.999
26 - INFO - chord#: 140 done. best_score=61.0, changed=529, unchanged=326, early_stops=8/8
26 - INFO - chord#: 142 In build_straw_man_chord_sa. tolerance = 1, sa_iterations = 1000, initial_temperature = 3.0, cooling_rate = 0.999
26 - INFO - chord#: 136 done. best_score=27.0, changed=518, unchanged=430, early_stops=8/8
26 - INFO - chord#: 138 In build_straw_man_chord_sa. tolerance = 1, sa_iterations = 1000, initial_temperature = 3.0, cooling_rate = 0.999
26 - INFO - chord#: 144 done. best_score=27.0, changed=520, unchanged=512, early_stops=8/8
26 - INFO - chord#: 146 In build_straw_man_chord_sa. tolerance = 1, sa_iterations = 1000, initial_temperature = 3.0, cooling_rate = 0.999
26 - INFO - chord#: 132 done. best_score=27.0, changed=519, unchanged=399, early_stops=8/8
26 - INFO - chord#: 136 In build_straw_man_chord_sa. tolerance = 1, sa_iterations = 1000, initial_temperature = 3.0, cooling_rate = 0.999
26 - INFO - chord#: 120 done. best_score=27.0, changed=520, unchanged=411, early_stops=8/8
26 - INFO - chord#: 122 In build_straw_man_chord_sa. tolerance = 1, sa_iterations = 1000, initial_temperature = 3.0, cooling_rate = 0.999
26 - INFO - chord#: 110 done. best_score=140.0, changed=611, unchanged=336, early_stops=8/8
26 - INFO - chord#: 112 In build_straw_man_chord_sa. tolerance = 1, sa_iterations = 1000, initial_temperature = 3.0, cooling_rate = 0.999
26 - INFO - chord#: 112 done. best_score=27.0, changed=522, unchanged=358, early_stops=8/8
26 - INFO - chord#: 114 In build_straw_man_chord_sa. tolerance = 1, sa_iterations = 1000, initial_temperature = 3.0, cooling_rate = 0.999
26 - INFO - chord#: 110 done. best_score=140.0, changed=613, unchanged=324, early_stops=8/8
26 - INFO - chord#: 112 In build_straw_man_chord_sa. tolerance = 1, sa_iterations = 1000, initial_temperature = 3.0, cooling_rate = 0.999
26 - INFO - chord#: 118 done. best_score=132.0, changed=610, unchanged=369, early_stops=8/8
26 - INFO - chord#: 120 In build_straw_man_chord_sa. tolerance = 1, sa_iterations = 1000, initial_temperature = 3.0, cooling_rate = 0.999
26 - INFO - chord#: 138 done. best_score=125.0, changed=618, unchanged=375, early_stops=8/8
26 - INFO - chord#: 140 In build_straw_man_chord_sa. tolerance = 1, sa_iterations = 1000, initial_temperature = 3.0, cooling_rate = 0.999
26 - INFO - chord#: 116 done. best_score=27.0, changed=515, unchanged=395, early_stops=8/8
26 - INFO - chord#: 118 In build_straw_man_chord_sa. tolerance = 1, sa_iterations = 1000, initial_temperature = 3.0, cooling_rate = 0.999
26 - INFO - chord#: 142 done. best_score=47.0, changed=517, unchanged=406, early_stops=8/8
26 - INFO - chord#: 144 In build_straw_man_chord_sa. tolerance = 1, sa_iterations = 1000, initial_temperature = 3.0, cooling_rate = 0.999
26 - INFO - chord#: 136 done. best_score=27.0, changed=533, unchanged=484, early_stops=8/8
26 - INFO - chord#: 138 In build_straw_man_chord_sa. tolerance = 1, sa_iterations = 1000, initial_temperature = 3.0, cooling_rate = 0.999
26 - INFO - chord#: 112 done. best_score=27.0, changed=522, unchanged=502, early_stops=8/8
26 - INFO - chord#: 114 In build_straw_man_chord_sa. tolerance = 1, sa_iterations = 1000, initial_temperature = 3.0, cooling_rate = 0.999
26 - INFO - chord#: 114 done. best_score=27.0, changed=521, unchanged=401, early_stops=8/8
26 - INFO - chord#: 116 In build_straw_man_chord_sa. tolerance = 1, sa_iterations = 1000, initial_temperature = 3.0, cooling_rate = 0.999
26 - INFO - chord#: 120 done. best_score=27.0, changed=532, unchanged=467, early_stops=8/8
26 - INFO - chord#: 122 In build_straw_man_chord_sa. tolerance = 1, sa_iterations = 1000, initial_temperature = 3.0, cooling_rate = 0.999
26 - INFO - chord#: 140 done. best_score=61.0, changed=525, unchanged=312, early_stops=8/8
26 - INFO - chord#: 142 In build_straw_man_chord_sa. tolerance = 1, sa_iterations = 1000, initial_temperature = 3.0, cooling_rate = 0.999
26 - INFO - chord#: 112 done. best_score=27.0, changed=517, unchanged=336, early_stops=8/8
26 - INFO - chord#: 114 In build_straw_man_chord_sa. tolerance = 1, sa_iterations = 1000, initial_temperature = 3.0, cooling_rate = 0.999
26 - INFO - chord#: 144 done. best_score=27.0, changed=519, unchanged=466, early_stops=8/8
26 - INFO - chord#: 146 In build_straw_man_chord_sa. tolerance = 1, sa_iterations = 1000, initial_temperature = 3.0, cooling_rate = 0.999
26 - INFO - chord#: 128 done. best_score=140.0, changed=612, unchanged=288, early_stops=8/8
26 - INFO - chord#: 132 In build_straw_man_chord_sa. tolerance = 1, sa_iterations = 1000, initial_temperature = 3.0, cooling_rate = 0.999
26 - INFO - chord#: 146 done. best_score=64.0, changed=613, unchanged=388, early_stops=8/8
26 - INFO - chord#: 148 In build_straw_man_chord_sa. tolerance = 1, sa_iterations = 1000, initial_temperature = 3.0, cooling_rate = 0.999
26 - INFO - chord#: 122 done. best_score=67.0, changed=610, unchanged=366, early_stops=8/8
26 - INFO - chord#: 124 In build_straw_man_chord_sa. tolerance = 1, sa_iterations = 1000, initial_temperature = 3.0, cooling_rate = 0.999
26 - INFO - chord#: 116 done. best_score=27.0, changed=512, unchanged=370, early_stops=8/8
26 - INFO - chord#: 118 In build_straw_man_chord_sa. tolerance = 1, sa_iterations = 1000, initial_temperature = 3.0, cooling_rate = 0.999
26 - INFO - chord#: 142 done. best_score=47.0, changed=526, unchanged=368, early_stops=8/8
26 - INFO - chord#: 144 In build_straw_man_chord_sa. tolerance = 1, sa_iterations = 1000, initial_temperature = 3.0, cooling_rate = 0.999
26 - INFO - chord#: 138 done. best_score=67.0, changed=614, unchanged=411, early_stops=8/8
26 - INFO - chord#: 140 In build_straw_man_chord_sa. tolerance = 1, sa_iterations = 1000, initial_temperature = 3.0, cooling_rate = 0.999
26 - INFO - chord#: 114 done. best_score=27.0, changed=520, unchanged=380, early_stops=8/8
26 - INFO - chord#: 116 In build_straw_man_chord_sa. tolerance = 1, sa_iterations = 1000, initial_temperature = 3.0, cooling_rate = 0.999
26 - INFO - chord#: 114 done. best_score=27.0, changed=523, unchanged=523, early_stops=8/8
26 - INFO - chord#: 116 In build_straw_man_chord_sa. tolerance = 1, sa_iterations = 1000, initial_temperature = 3.0, cooling_rate = 0.999
26 - INFO - chord#: 138 done. best_score=67.0, changed=612, unchanged=444, early_stops=8/8
26 - INFO - chord#: 140 In build_straw_man_chord_sa. tolerance = 1, sa_iterations = 1000, initial_temperature = 3.0, cooling_rate = 0.999
26 - INFO - chord#: 132 done. best_score=27.0, changed=526, unchanged=434, early_stops=8/8
26 - INFO - chord#: 136 In build_straw_man_chord_sa. tolerance = 1, sa_iterations = 1000, initial_temperature = 3.0, cooling_rate = 0.999
26 - INFO - chord#: 144 done. best_score=27.0, changed=521, unchanged=354, early_stops=8/8
26 - INFO - chord#: 146 In build_straw_man_chord_sa. tolerance = 1, sa_iterations = 1000, initial_temperature = 3.0, cooling_rate = 0.999
26 - INFO - chord#: 124 done. best_score=27.0, changed=523, unchanged=493, early_stops=8/8
26 - INFO - chord#: 128 In build_straw_man_chord_sa. tolerance = 1, sa_iterations = 1000, initial_temperature = 3.0, cooling_rate = 0.999
26 - INFO - chord#: 122 done. best_score=125.0, changed=609, unchanged=385, early_stops=8/8
26 - INFO - chord#: 124 In build_straw_man_chord_sa. tolerance = 1, sa_iterations = 1000, initial_temperature = 3.0, cooling_rate = 0.999
26 - INFO - chord#: 118 done. best_score=132.0, changed=612, unchanged=392, early_stops=8/8
26 - INFO - chord#: 120 In build_straw_man_chord_sa. tolerance = 1, sa_iterations = 1000, initial_temperature = 3.0, cooling_rate = 0.999
26 - INFO - chord#: 146 done. best_score=155.0, changed=608, unchanged=245, early_stops=8/8
26 - INFO - chord#: 148 In build_straw_man_chord_sa. tolerance = 1, sa_iterations = 1000, initial_temperature = 3.0, cooling_rate = 0.999
26 - INFO - chord#: 140 done. best_score=61.0, changed=520, unchanged=299, early_stops=8/8
26 - INFO - chord#: 142 In build_straw_man_chord_sa. tolerance = 1, sa_iterations = 1000, initial_temperature = 3.0, cooling_rate = 0.999
26 - INFO - chord#: 116 done. best_score=27.0, changed=526, unchanged=459, early_stops=8/8
26 - INFO - chord#: 118 In build_straw_man_chord_sa. tolerance = 1, sa_iterations = 1000, initial_temperature = 3.0, cooling_rate = 0.999
26 - INFO - chord#: 140 done. best_score=61.0, changed=528, unchanged=302, early_stops=8/8
26 - INFO - chord#: 142 In build_straw_man_chord_sa. tolerance = 1, sa_iterations = 1000, initial_temperature = 3.0, cooling_rate = 0.999
26 - INFO - chord#: 116 done. best_score=27.0, changed=518, unchanged=423, early_stops=8/8
26 - INFO - chord#: 118 In build_straw_man_chord_sa. tolerance = 1, sa_iterations = 1000, initial_temperature = 3.0, cooling_rate = 0.999
26 - INFO - chord#: 136 done. best_score=27.0, changed=531, unchanged=475, early_stops=8/8
26 - INFO - chord#: 138 In build_straw_man_chord_sa. tolerance = 1, sa_iterations = 1000, initial_temperature = 3.0, cooling_rate = 0.999
26 - INFO - chord#: 148 done. best_score=119.0, changed=615, unchanged=400, early_stops=8/8
26 - INFO - chord#: 150 In build_straw_man_chord_sa. tolerance = 1, sa_iterations = 1000, initial_temperature = 3.0, cooling_rate = 0.999
26 - INFO - chord#: 124 done. best_score=27.0, changed=525, unchanged=480, early_stops=8/8
26 - INFO - chord#: 128 In build_straw_man_chord_sa. tolerance = 1, sa_iterations = 1000, initial_temperature = 3.0, cooling_rate = 0.999
26 - INFO - chord#: 120 done. best_score=27.0, changed=522, unchanged=375, early_stops=8/8
26 - INFO - chord#: 122 In build_straw_man_chord_sa. tolerance = 1, sa_iterations = 1000, initial_temperature = 3.0, cooling_rate = 0.999
26 - INFO - chord#: 142 done. best_score=47.0, changed=519, unchanged=303, early_stops=8/8
26 - INFO - chord#: 144 In build_straw_man_chord_sa. tolerance = 1, sa_iterations = 1000, initial_temperature = 3.0, cooling_rate = 0.999
26 - INFO - chord#: 118 done. best_score=149.0, changed=607, unchanged=254, early_stops=8/8
26 - INFO - chord#: 120 In build_straw_man_chord_sa. tolerance = 1, sa_iterations = 1000, initial_temperature = 3.0, cooling_rate = 0.999
26 - INFO - chord#: 142 done. best_score=74.0, changed=519, unchanged=319, early_stops=8/8
26 - INFO - chord#: 144 In build_straw_man_chord_sa. tolerance = 1, sa_iterations = 1000, initial_temperature = 3.0, cooling_rate = 0.999
26 - INFO - chord#: 146 done. best_score=64.0, changed=608, unchanged=222, early_stops=8/8
26 - INFO - chord#: 148 In build_straw_man_chord_sa. tolerance = 1, sa_iterations = 1000, initial_temperature = 3.0, cooling_rate = 0.999
26 - INFO - chord#: 150 done. best_score=47.0, changed=530, unchanged=360, early_stops=8/8
26 - INFO - chord#: 152 In build_straw_man_chord_sa. tolerance = 1, sa_iterations = 1000, initial_temperature = 3.0, cooling_rate = 0.999
26 - INFO - chord#: 144 done. best_score=27.0, changed=513, unchanged=422, early_stops=8/8
26 - INFO - chord#: 146 In build_straw_man_chord_sa. tolerance = 1, sa_iterations = 1000, initial_temperature = 3.0, cooling_rate = 0.999
26 - INFO - chord#: 144 done. best_score=27.0, changed=512, unchanged=308, early_stops=8/8
26 - INFO - chord#: 128 done. best_score=145.0, changed=617, unchanged=484, early_stops=8/8
26 - INFO - chord#: 146 In build_straw_man_chord_sa. tolerance = 1, sa_iterations = 1000, initial_temperature = 3.0, cooling_rate = 0.999
26 - INFO - chord#: 132 In build_straw_man_chord_sa. tolerance = 1, sa_iterations = 1000, initial_temperature = 3.0, cooling_rate = 0.999
26 - INFO - chord#: 120 done. best_score=27.0, changed=524, unchanged=414, early_stops=8/8
26 - INFO - chord#: 122 In build_straw_man_chord_sa. tolerance = 1, sa_iterations = 1000, initial_temperature = 3.0, cooling_rate = 0.999
26 - INFO - chord#: 148 done. best_score=78.0, changed=616, unchanged=486, early_stops=8/8
26 - INFO - chord#: 150 In build_straw_man_chord_sa. tolerance = 1, sa_iterations = 1000, initial_temperature = 3.0, cooling_rate = 0.999
26 - INFO - chord#: 152 done. best_score=27.0, changed=520, unchanged=500, early_stops=8/8
26 - INFO - chord#: 154 In build_straw_man_chord_sa. tolerance = 1, sa_iterations = 1000, initial_temperature = 3.0, cooling_rate = 0.999
26 - INFO - chord#: 128 done. best_score=140.0, changed=608, unchanged=216, early_stops=8/8
26 - INFO - chord#: 132 In build_straw_man_chord_sa. tolerance = 1, sa_iterations = 1000, initial_temperature = 3.0, cooling_rate = 0.999
26 - INFO - chord#: 118 done. best_score=88.0, changed=613, unchanged=354, early_stops=8/8
26 - INFO - chord#: 120 In build_straw_man_chord_sa. tolerance = 1, sa_iterations = 1000, initial_temperature = 3.0, cooling_rate = 0.999
26 - INFO - chord#: 132 done. best_score=27.0, changed=522, unchanged=417, early_stops=8/8
26 - INFO - chord#: 136 In build_straw_man_chord_sa. tolerance = 1, sa_iterations = 1000, initial_temperature = 3.0, cooling_rate = 0.999
26 - INFO - chord#: 138 done. best_score=125.0, changed=610, unchanged=309, early_stops=8/8
26 - INFO - chord#: 140 In build_straw_man_chord_sa. tolerance = 1, sa_iterations = 1000, initial_temperature = 3.0, cooling_rate = 0.999
26 - INFO - chord#: 150 done. best_score=36.0, changed=528, unchanged=428, early_stops=8/8
26 - INFO - chord#: 152 In build_straw_man_chord_sa. tolerance = 1, sa_iterations = 1000, initial_temperature = 3.0, cooling_rate = 0.999
26 - INFO - chord#: 122 done. best_score=142.0, changed=606, unchanged=252, early_stops=8/8
26 - INFO - chord#: 124 In build_straw_man_chord_sa. tolerance = 1, sa_iterations = 1000, initial_temperature = 3.0, cooling_rate = 0.999
26 - INFO - chord#: 118 done. best_score=132.0, changed=614, unchanged=444, early_stops=8/8
26 - INFO - chord#: 120 In build_straw_man_chord_sa. tolerance = 1, sa_iterations = 1000, initial_temperature = 3.0, cooling_rate = 0.999
26 - INFO - chord#: 132 done. best_score=27.0, changed=524, unchanged=477, early_stops=8/8
26 - INFO - chord#: 136 In build_straw_man_chord_sa. tolerance = 1, sa_iterations = 1000, initial_temperature = 3.0, cooling_rate = 0.999
26 - INFO - chord#: 136 done. best_score=27.0, changed=527, unchanged=378, early_stops=8/8
26 - INFO - chord#: 138 In build_straw_man_chord_sa. tolerance = 1, sa_iterations = 1000, initial_temperature = 3.0, cooling_rate = 0.999
26 - INFO - chord#: 146 done. best_score=104.0, changed=614, unchanged=296, early_stops=8/8
26 - INFO - chord#: 148 In build_straw_man_chord_sa. tolerance = 1, sa_iterations = 1000, initial_temperature = 3.0, cooling_rate = 0.999
26 - INFO - chord#: 148 done. best_score=67.0, changed=616, unchanged=545, early_stops=8/8
26 - INFO - chord#: 150 In build_straw_man_chord_sa. tolerance = 1, sa_iterations = 1000, initial_temperature = 3.0, cooling_rate = 0.999
26 - INFO - chord#: 120 done. best_score=27.0, changed=531, unchanged=501, early_stops=8/8
26 - INFO - chord#: 122 In build_straw_man_chord_sa. tolerance = 1, sa_iterations = 1000, initial_temperature = 3.0, cooling_rate = 0.999
26 - INFO - chord#: 140 done. best_score=61.0, changed=529, unchanged=281, early_stops=8/8
26 - INFO - chord#: 142 In build_straw_man_chord_sa. tolerance = 1, sa_iterations = 1000, initial_temperature = 3.0, cooling_rate = 0.999
26 - INFO - chord#: 152 done. best_score=27.0, changed=526, unchanged=467, early_stops=8/8
26 - INFO - chord#: 154 In build_straw_man_chord_sa. tolerance = 1, sa_iterations = 1000, initial_temperature = 3.0, cooling_rate = 0.999
26 - INFO - chord#: 120 done. best_score=27.0, changed=531, unchanged=450, early_stops=8/8
26 - INFO - chord#: 122 In build_straw_man_chord_sa. tolerance = 1, sa_iterations = 1000, initial_temperature = 3.0, cooling_rate = 0.999
26 - INFO - chord#: 136 done. best_score=27.0, changed=522, unchanged=375, early_stops=8/8
26 - INFO - chord#: 138 In build_straw_man_chord_sa. tolerance = 1, sa_iterations = 1000, initial_temperature = 3.0, cooling_rate = 0.999
26 - INFO - chord#: 122 done. best_score=67.0, changed=610, unchanged=239, early_stops=8/8
26 - INFO - chord#: 124 In build_straw_man_chord_sa. tolerance = 1, sa_iterations = 1000, initial_temperature = 3.0, cooling_rate = 0.999
26 - INFO - chord#: 146 done. best_score=71.0, changed=608, unchanged=274, early_stops=8/8
26 - INFO - chord#: 148 In build_straw_man_chord_sa. tolerance = 1, sa_iterations = 1000, initial_temperature = 3.0, cooling_rate = 0.999
26 - INFO - chord#: 124 done. best_score=27.0, changed=537, unchanged=523, early_stops=8/8
26 - INFO - chord#: 128 In build_straw_man_chord_sa. tolerance = 1, sa_iterations = 1000, initial_temperature = 3.0, cooling_rate = 0.999
26 - INFO - chord#: 150 done. best_score=36.0, changed=529, unchanged=323, early_stops=8/8
26 - INFO - chord#: 152 In build_straw_man_chord_sa. tolerance = 1, sa_iterations = 1000, initial_temperature = 3.0, cooling_rate = 0.999
26 - INFO - chord#: 154 done. best_score=145.0, changed=614, unchanged=370, early_stops=8/8
26 - INFO - chord#: 156 In build_straw_man_chord_sa. tolerance = 1, sa_iterations = 1000, initial_temperature = 3.0, cooling_rate = 0.999
26 - INFO - chord#: 142 done. best_score=47.0, changed=535, unchanged=469, early_stops=8/8
26 - INFO - chord#: 144 In build_straw_man_chord_sa. tolerance = 1, sa_iterations = 1000, initial_temperature = 3.0, cooling_rate = 0.999
26 - INFO - chord#: 124 done. best_score=27.0, changed=523, unchanged=415, early_stops=8/8
26 - INFO - chord#: 128 In build_straw_man_chord_sa. tolerance = 1, sa_iterations = 1000, initial_temperature = 3.0, cooling_rate = 0.999
26 - INFO - chord#: 138 done. best_score=78.0, changed=612, unchanged=270, early_stops=8/8
26 - INFO - chord#: 140 In build_straw_man_chord_sa. tolerance = 1, sa_iterations = 1000, initial_temperature = 3.0, cooling_rate = 0.999
26 - INFO - chord#: 152 done. best_score=27.0, changed=528, unchanged=503, early_stops=8/8
26 - INFO - chord#: 154 In build_straw_man_chord_sa. tolerance = 1, sa_iterations = 1000, initial_temperature = 3.0, cooling_rate = 0.999
26 - INFO - chord#: 156 done. best_score=27.0, changed=524, unchanged=485, early_stops=8/8
26 - INFO - chord#: 148 done. best_score=145.0, changed=608, unchanged=300, early_stops=8/8
26 - INFO - chord#: 150 In build_straw_man_chord_sa. tolerance = 1, sa_iterations = 1000, initial_temperature = 3.0, cooling_rate = 0.999
26 - INFO - chord#: 122 done. best_score=67.0, changed=606, unchanged=214, early_stops=8/8
26 - INFO - chord#: 124 In build_straw_man_chord_sa. tolerance = 1, sa_iterations = 1000, initial_temperature = 3.0, cooling_rate = 0.999
26 - INFO - chord#: 154 done. best_score=67.0, changed=615, unchanged=312, early_stops=8/8
26 - INFO - chord#: 156 In build_straw_man_chord_sa. tolerance = 1, sa_iterations = 1000, initial_temperature = 3.0, cooling_rate = 0.999
26 - INFO - chord#: 138 done. best_score=157.0, changed=614, unchanged=369, early_stops=8/8
26 - INFO - chord#: 140 In build_straw_man_chord_sa. tolerance = 1, sa_iterations = 1000, initial_temperature = 3.0, cooling_rate = 0.999
26 - INFO - chord#: 140 done. best_score=61.0, changed=526, unchanged=318, early_stops=8/8
26 - INFO - chord#: 142 In build_straw_man_chord_sa. tolerance = 1, sa_iterations = 1000, initial_temperature = 3.0, cooling_rate = 0.999
26 - INFO - chord#: 150 done. best_score=36.0, changed=518, unchanged=360, early_stops=8/8
26 - INFO - chord#: 152 In build_straw_man_chord_sa. tolerance = 1, sa_iterations = 1000, initial_temperature = 3.0, cooling_rate = 0.999
26 - INFO - chord#: 144 done. best_score=27.0, changed=518, unchanged=496, early_stops=8/8
26 - INFO - chord#: 146 In build_straw_man_chord_sa. tolerance = 1, sa_iterations = 1000, initial_temperature = 3.0, cooling_rate = 0.999
26 - INFO - chord#: 148 done. best_score=93.0, changed=611, unchanged=263, early_stops=8/8
26 - INFO - chord#: 150 In build_straw_man_chord_sa. tolerance = 1, sa_iterations = 1000, initial_temperature = 3.0, cooling_rate = 0.999
26 - INFO - chord#: 122 done. best_score=67.0, changed=609, unchanged=361, early_stops=8/8
26 - INFO - chord#: 124 In build_straw_man_chord_sa. tolerance = 1, sa_iterations = 1000, initial_temperature = 3.0, cooling_rate = 0.999
26 - INFO - chord#: 156 done. best_score=27.0, changed=520, unchanged=330, early_stops=8/8
26 - INFO - chord#: 128 done. best_score=142.0, changed=613, unchanged=453, early_stops=8/8
26 - INFO - chord#: 132 In build_straw_man_chord_sa. tolerance = 1, sa_iterations = 1000, initial_temperature = 3.0, cooling_rate = 0.999
26 - INFO - chord#: 140 done. best_score=61.0, changed=535, unchanged=320, early_stops=8/8
26 - INFO - chord#: 142 In build_straw_man_chord_sa. tolerance = 1, sa_iterations = 1000, initial_temperature = 3.0, cooling_rate = 0.999
26 - INFO - chord#: 124 done. best_score=27.0, changed=518, unchanged=570, early_stops=8/8
26 - INFO - chord#: 128 In build_straw_man_chord_sa. tolerance = 1, sa_iterations = 1000, initial_temperature = 3.0, cooling_rate = 0.999
26 - INFO - chord#: 142 done. best_score=47.0, changed=530, unchanged=479, early_stops=8/8
26 - INFO - chord#: 144 In build_straw_man_chord_sa. tolerance = 1, sa_iterations = 1000, initial_temperature = 3.0, cooling_rate = 0.999
26 - INFO - chord#: 150 done. best_score=56.0, changed=529, unchanged=310, early_stops=8/8
26 - INFO - chord#: 152 In build_straw_man_chord_sa. tolerance = 1, sa_iterations = 1000, initial_temperature = 3.0, cooling_rate = 0.999
26 - INFO - chord#: 152 done. best_score=27.0, changed=520, unchanged=430, early_stops=8/8
26 - INFO - chord#: 154 In build_straw_man_chord_sa. tolerance = 1, sa_iterations = 1000, initial_temperature = 3.0, cooling_rate = 0.999
26 - INFO - chord#: 128 done. best_score=140.0, changed=613, unchanged=260, early_stops=8/8
26 - INFO - chord#: 132 In build_straw_man_chord_sa. tolerance = 1, sa_iterations = 1000, initial_temperature = 3.0, cooling_rate = 0.999
26 - INFO - chord#: 124 done. best_score=27.0, changed=517, unchanged=427, early_stops=8/8
26 - INFO - chord#: 128 In build_straw_man_chord_sa. tolerance = 1, sa_iterations = 1000, initial_temperature = 3.0, cooling_rate = 0.999
26 - INFO - chord#: 154 done. best_score=67.0, changed=616, unchanged=462, early_stops=8/8
26 - INFO - chord#: 156 In build_straw_man_chord_sa. tolerance = 1, sa_iterations = 1000, initial_temperature = 3.0, cooling_rate = 0.999
26 - INFO - chord#: 132 done. best_score=27.0, changed=535, unchanged=455, early_stops=8/8
26 - INFO - chord#: 136 In build_straw_man_chord_sa. tolerance = 1, sa_iterations = 1000, initial_temperature = 3.0, cooling_rate = 0.999
26 - INFO - chord#: 142 done. best_score=62.0, changed=524, unchanged=394, early_stops=8/8
26 - INFO - chord#: 144 In build_straw_man_chord_sa. tolerance = 1, sa_iterations = 1000, initial_temperature = 3.0, cooling_rate = 0.999
26 - INFO - chord#: 152 done. best_score=27.0, changed=514, unchanged=387, early_stops=8/8
26 - INFO - chord#: 154 In build_straw_man_chord_sa. tolerance = 1, sa_iterations = 1000, initial_temperature = 3.0, cooling_rate = 0.999
26 - INFO - chord#: 144 done. best_score=27.0, changed=515, unchanged=436, early_stops=8/8
26 - INFO - chord#: 146 In build_straw_man_chord_sa. tolerance = 1, sa_iterations = 1000, initial_temperature = 3.0, cooling_rate = 0.999
26 - INFO - chord#: 136 done. best_score=27.0, changed=518, unchanged=343, early_stops=8/8
26 - INFO - chord#: 138 In build_straw_man_chord_sa. tolerance = 1, sa_iterations = 1000, initial_temperature = 3.0, cooling_rate = 0.999
26 - INFO - chord#: 132 done. best_score=27.0, changed=517, unchanged=453, early_stops=8/8
26 - INFO - chord#: 136 In build_straw_man_chord_sa. tolerance = 1, sa_iterations = 1000, initial_temperature = 3.0, cooling_rate = 0.999
26 - INFO - chord#: 156 done. best_score=27.0, changed=515, unchanged=422, early_stops=8/8
26 - INFO - chord#: 146 done. best_score=125.0, changed=616, unchanged=301, early_stops=8/8
26 - INFO - chord#: 148 In build_straw_man_chord_sa. tolerance = 1, sa_iterations = 1000, initial_temperature = 3.0, cooling_rate = 0.999
26 - INFO - chord#: 144 done. best_score=27.0, changed=522, unchanged=461, early_stops=8/8
26 - INFO - chord#: 146 In build_straw_man_chord_sa. tolerance = 1, sa_iterations = 1000, initial_temperature = 3.0, cooling_rate = 0.999
26 - INFO - chord#: 128 done. best_score=140.0, changed=613, unchanged=277, early_stops=8/8
26 - INFO - chord#: 132 In build_straw_man_chord_sa. tolerance = 1, sa_iterations = 1000, initial_temperature = 3.0, cooling_rate = 0.999
26 - INFO - chord#: 154 done. best_score=67.0, changed=611, unchanged=371, early_stops=8/8
26 - INFO - chord#: 156 In build_straw_man_chord_sa. tolerance = 1, sa_iterations = 1000, initial_temperature = 3.0, cooling_rate = 0.999
26 - INFO - chord#: 136 done. best_score=27.0, changed=523, unchanged=385, early_stops=8/8
26 - INFO - chord#: 138 In build_straw_man_chord_sa. tolerance = 1, sa_iterations = 1000, initial_temperature = 3.0, cooling_rate = 0.999
26 - INFO - chord#: 146 done. best_score=104.0, changed=611, unchanged=288, early_stops=8/8
26 - INFO - chord#: 148 In build_straw_man_chord_sa. tolerance = 1, sa_iterations = 1000, initial_temperature = 3.0, cooling_rate = 0.999
26 - INFO - chord#: 128 done. best_score=142.0, changed=611, unchanged=267, early_stops=8/8
26 - INFO - chord#: 132 In build_straw_man_chord_sa. tolerance = 1, sa_iterations = 1000, initial_temperature = 3.0, cooling_rate = 0.999
26 - INFO - chord#: 138 done. best_score=137.0, changed=604, unchanged=204, early_stops=8/8
26 - INFO - chord#: 140 In build_straw_man_chord_sa. tolerance = 1, sa_iterations = 1000, initial_temperature = 3.0, cooling_rate = 0.999
26 - INFO - chord#: 156 done. best_score=27.0, changed=519, unchanged=423, early_stops=8/8
26 - INFO - chord#: 154 done. best_score=67.0, changed=618, unchanged=388, early_stops=8/8
26 - INFO - chord#: 156 In build_straw_man_chord_sa. tolerance = 1, sa_iterations = 1000, initial_temperature = 3.0, cooling_rate = 0.999
26 - INFO - chord#: 132 done. best_score=27.0, changed=522, unchanged=473, early_stops=8/8
26 - INFO - chord#: 136 In build_straw_man_chord_sa. tolerance = 1, sa_iterations = 1000, initial_temperature = 3.0, cooling_rate = 0.999
26 - INFO - chord#: 148 done. best_score=78.0, changed=618, unchanged=352, early_stops=8/8
26 - INFO - chord#: 150 In build_straw_man_chord_sa. tolerance = 1, sa_iterations = 1000, initial_temperature = 3.0, cooling_rate = 0.999
26 - INFO - chord#: 146 done. best_score=64.0, changed=613, unchanged=391, early_stops=8/8
26 - INFO - chord#: 148 In build_straw_man_chord_sa. tolerance = 1, sa_iterations = 1000, initial_temperature = 3.0, cooling_rate = 0.999
26 - INFO - chord#: 132 done. best_score=27.0, changed=519, unchanged=552, early_stops=8/8
26 - INFO - chord#: 136 In build_straw_man_chord_sa. tolerance = 1, sa_iterations = 1000, initial_temperature = 3.0, cooling_rate = 0.999
26 - INFO - chord#: 136 done. best_score=27.0, changed=524, unchanged=449, early_stops=8/8
26 - INFO - chord#: 138 In build_straw_man_chord_sa. tolerance = 1, sa_iterations = 1000, initial_temperature = 3.0, cooling_rate = 0.999
26 - INFO - chord#: 140 done. best_score=61.0, changed=531, unchanged=304, early_stops=8/8
26 - INFO - chord#: 142 In build_straw_man_chord_sa. tolerance = 1, sa_iterations = 1000, initial_temperature = 3.0, cooling_rate = 0.999
26 - INFO - chord#: 156 done. best_score=27.0, changed=523, unchanged=506, early_stops=8/8
26 - INFO - chord#: 138 done. best_score=67.0, changed=611, unchanged=319, early_stops=8/8
26 - INFO - chord#: 140 In build_straw_man_chord_sa. tolerance = 1, sa_iterations = 1000, initial_temperature = 3.0, cooling_rate = 0.999
26 - INFO - chord#: 150 done. best_score=47.0, changed=529, unchanged=471, early_stops=8/8
26 - INFO - chord#: 152 In build_straw_man_chord_sa. tolerance = 1, sa_iterations = 1000, initial_temperature = 3.0, cooling_rate = 0.999
26 - INFO - chord#: 136 done. best_score=27.0, changed=524, unchanged=421, early_stops=8/8
26 - INFO - chord#: 138 In build_straw_man_chord_sa. tolerance = 1, sa_iterations = 1000, initial_temperature = 3.0, cooling_rate = 0.999
26 - INFO - chord#: 148 done. best_score=67.0, changed=613, unchanged=401, early_stops=8/8
26 - INFO - chord#: 150 In build_straw_man_chord_sa. tolerance = 1, sa_iterations = 1000, initial_temperature = 3.0, cooling_rate = 0.999
26 - INFO - chord#: 142 done. best_score=74.0, changed=550, unchanged=419, early_stops=8/8
26 - INFO - chord#: 144 In build_straw_man_chord_sa. tolerance = 1, sa_iterations = 1000, initial_temperature = 3.0, cooling_rate = 0.999
26 - INFO - chord#: 140 done. best_score=61.0, changed=523, unchanged=355, early_stops=8/8
26 - INFO - chord#: 142 In build_straw_man_chord_sa. tolerance = 1, sa_iterations = 1000, initial_temperature = 3.0, cooling_rate = 0.999
26 - INFO - chord#: 152 done. best_score=27.0, changed=517, unchanged=500, early_stops=8/8
26 - INFO - chord#: 154 In build_straw_man_chord_sa. tolerance = 1, sa_iterations = 1000, initial_temperature = 3.0, cooling_rate = 0.999
26 - INFO - chord#: 150 done. best_score=36.0, changed=526, unchanged=324, early_stops=8/8
26 - INFO - chord#: 152 In build_straw_man_chord_sa. tolerance = 1, sa_iterations = 1000, initial_temperature = 3.0, cooling_rate = 0.999
26 - INFO - chord#: 148 done. best_score=67.0, changed=611, unchanged=345, early_stops=8/8
26 - INFO - chord#: 150 In build_straw_man_chord_sa. tolerance = 1, sa_iterations = 1000, initial_temperature = 3.0, cooling_rate = 0.999
26 - INFO - chord#: 138 done. best_score=137.0, changed=612, unchanged=324, early_stops=8/8
26 - INFO - chord#: 140 In build_straw_man_chord_sa. tolerance = 1, sa_iterations = 1000, initial_temperature = 3.0, cooling_rate = 0.999
26 - INFO - chord#: 142 done. best_score=47.0, changed=536, unchanged=346, early_stops=8/8
26 - INFO - chord#: 144 In build_straw_man_chord_sa. tolerance = 1, sa_iterations = 1000, initial_temperature = 3.0, cooling_rate = 0.999
26 - INFO - chord#: 150 done. best_score=36.0, changed=535, unchanged=449, early_stops=8/8
26 - INFO - chord#: 152 In build_straw_man_chord_sa. tolerance = 1, sa_iterations = 1000, initial_temperature = 3.0, cooling_rate = 0.999
26 - INFO - chord#: 144 done. best_score=27.0, changed=519, unchanged=457, early_stops=8/8
26 - INFO - chord#: 146 In build_straw_man_chord_sa. tolerance = 1, sa_iterations = 1000, initial_temperature = 3.0, cooling_rate = 0.999
26 - INFO - chord#: 152 done. best_score=27.0, changed=524, unchanged=583, early_stops=8/8
26 - INFO - chord#: 154 In build_straw_man_chord_sa. tolerance = 1, sa_iterations = 1000, initial_temperature = 3.0, cooling_rate = 0.999
26 - INFO - chord#: 138 done. best_score=67.0, changed=615, unchanged=375, early_stops=8/8
26 - INFO - chord#: 140 In build_straw_man_chord_sa. tolerance = 1, sa_iterations = 1000, initial_temperature = 3.0, cooling_rate = 0.999
26 - INFO - chord#: 140 done. best_score=61.0, changed=545, unchanged=379, early_stops=8/8
26 - INFO - chord#: 142 In build_straw_man_chord_sa. tolerance = 1, sa_iterations = 1000, initial_temperature = 3.0, cooling_rate = 0.999
26 - INFO - chord#: 144 done. best_score=27.0, changed=528, unchanged=387, early_stops=8/8
26 - INFO - chord#: 146 In build_straw_man_chord_sa. tolerance = 1, sa_iterations = 1000, initial_temperature = 3.0, cooling_rate = 0.999
26 - INFO - chord#: 152 done. best_score=27.0, changed=522, unchanged=477, early_stops=8/8
26 - INFO - chord#: 154 In build_straw_man_chord_sa. tolerance = 1, sa_iterations = 1000, initial_temperature = 3.0, cooling_rate = 0.999
26 - INFO - chord#: 154 done. best_score=67.0, changed=614, unchanged=325, early_stops=8/8
26 - INFO - chord#: 156 In build_straw_man_chord_sa. tolerance = 1, sa_iterations = 1000, initial_temperature = 3.0, cooling_rate = 0.999
26 - INFO - chord#: 140 done. best_score=61.0, changed=536, unchanged=345, early_stops=8/8
26 - INFO - chord#: 142 In build_straw_man_chord_sa. tolerance = 1, sa_iterations = 1000, initial_temperature = 3.0, cooling_rate = 0.999
26 - INFO - chord#: 142 done. best_score=62.0, changed=530, unchanged=321, early_stops=8/8
26 - INFO - chord#: 144 In build_straw_man_chord_sa. tolerance = 1, sa_iterations = 1000, initial_temperature = 3.0, cooling_rate = 0.999
26 - INFO - chord#: 142 done. best_score=62.0, changed=521, unchanged=306, early_stops=8/8
26 - INFO - chord#: 144 In build_straw_man_chord_sa. tolerance = 1, sa_iterations = 1000, initial_temperature = 3.0, cooling_rate = 0.999
26 - INFO - chord#: 156 done. best_score=27.0, changed=527, unchanged=531, early_stops=8/8
26 - INFO - chord#: 144 done. best_score=27.0, changed=520, unchanged=462, early_stops=8/8
26 - INFO - chord#: 146 In build_straw_man_chord_sa. tolerance = 1, sa_iterations = 1000, initial_temperature = 3.0, cooling_rate = 0.999
26 - INFO - chord#: 154 done. best_score=145.0, changed=616, unchanged=317, early_stops=8/8
26 - INFO - chord#: 156 In build_straw_man_chord_sa. tolerance = 1, sa_iterations = 1000, initial_temperature = 3.0, cooling_rate = 0.999
26 - INFO - chord#: 146 done. best_score=140.0, changed=616, unchanged=236, early_stops=8/8
26 - INFO - chord#: 148 In build_straw_man_chord_sa. tolerance = 1, sa_iterations = 1000, initial_temperature = 3.0, cooling_rate = 0.999
26 - INFO - chord#: 146 done. best_score=146.0, changed=613, unchanged=382, early_stops=8/8
26 - INFO - chord#: 148 In build_straw_man_chord_sa. tolerance = 1, sa_iterations = 1000, initial_temperature = 3.0, cooling_rate = 0.999
26 - INFO - chord#: 144 done. best_score=27.0, changed=519, unchanged=466, early_stops=8/8
26 - INFO - chord#: 146 In build_straw_man_chord_sa. tolerance = 1, sa_iterations = 1000, initial_temperature = 3.0, cooling_rate = 0.999
26 - INFO - chord#: 154 done. best_score=96.0, changed=607, unchanged=264, early_stops=8/8
26 - INFO - chord#: 156 In build_straw_man_chord_sa. tolerance = 1, sa_iterations = 1000, initial_temperature = 3.0, cooling_rate = 0.999
26 - INFO - chord#: 156 done. best_score=27.0, changed=519, unchanged=392, early_stops=8/8
26 - INFO - chord#: 156 done. best_score=27.0, changed=526, unchanged=386, early_stops=8/8
26 - INFO - chord#: 146 done. best_score=104.0, changed=611, unchanged=270, early_stops=8/8
26 - INFO - chord#: 148 In build_straw_man_chord_sa. tolerance = 1, sa_iterations = 1000, initial_temperature = 3.0, cooling_rate = 0.999
26 - INFO - chord#: 148 done. best_score=119.0, changed=612, unchanged=284, early_stops=8/8
26 - INFO - chord#: 150 In build_straw_man_chord_sa. tolerance = 1, sa_iterations = 1000, initial_temperature = 3.0, cooling_rate = 0.999
26 - INFO - chord#: 148 done. best_score=78.0, changed=613, unchanged=367, early_stops=8/8
26 - INFO - chord#: 150 In build_straw_man_chord_sa. tolerance = 1, sa_iterations = 1000, initial_temperature = 3.0, cooling_rate = 0.999
26 - INFO - chord#: 146 done. best_score=146.0, changed=620, unchanged=386, early_stops=8/8
26 - INFO - chord#: 148 In build_straw_man_chord_sa. tolerance = 1, sa_iterations = 1000, initial_temperature = 3.0, cooling_rate = 0.999
26 - INFO - chord#: 150 done. best_score=47.0, changed=527, unchanged=387, early_stops=8/8
26 - INFO - chord#: 152 In build_straw_man_chord_sa. tolerance = 1, sa_iterations = 1000, initial_temperature = 3.0, cooling_rate = 0.999
26 - INFO - chord#: 150 done. best_score=47.0, changed=524, unchanged=328, early_stops=8/8
26 - INFO - chord#: 152 In build_straw_man_chord_sa. tolerance = 1, sa_iterations = 1000, initial_temperature = 3.0, cooling_rate = 0.999
26 - INFO - chord#: 148 done. best_score=67.0, changed=610, unchanged=287, early_stops=8/8
26 - INFO - chord#: 150 In build_straw_man_chord_sa. tolerance = 1, sa_iterations = 1000, initial_temperature = 3.0, cooling_rate = 0.999
26 - INFO - chord#: 152 done. best_score=27.0, changed=521, unchanged=376, early_stops=8/8
26 - INFO - chord#: 154 In build_straw_man_chord_sa. tolerance = 1, sa_iterations = 1000, initial_temperature = 3.0, cooling_rate = 0.999
26 - INFO - chord#: 152 done. best_score=27.0, changed=525, unchanged=478, early_stops=8/8
26 - INFO - chord#: 154 In build_straw_man_chord_sa. tolerance = 1, sa_iterations = 1000, initial_temperature = 3.0, cooling_rate = 0.999
26 - INFO - chord#: 150 done. best_score=36.0, changed=512, unchanged=313, early_stops=8/8
26 - INFO - chord#: 152 In build_straw_man_chord_sa. tolerance = 1, sa_iterations = 1000, initial_temperature = 3.0, cooling_rate = 0.999
26 - INFO - chord#: 148 done. best_score=78.0, changed=610, unchanged=262, early_stops=8/8
26 - INFO - chord#: 150 In build_straw_man_chord_sa. tolerance = 1, sa_iterations = 1000, initial_temperature = 3.0, cooling_rate = 0.999
26 - INFO - chord#: 152 done. best_score=27.0, changed=522, unchanged=388, early_stops=8/8
26 - INFO - chord#: 154 In build_straw_man_chord_sa. tolerance = 1, sa_iterations = 1000, initial_temperature = 3.0, cooling_rate = 0.999
26 - INFO - chord#: 150 done. best_score=47.0, changed=520, unchanged=389, early_stops=8/8
26 - INFO - chord#: 152 In build_straw_man_chord_sa. tolerance = 1, sa_iterations = 1000, initial_temperature = 3.0, cooling_rate = 0.999
26 - INFO - chord#: 154 done. best_score=96.0, changed=613, unchanged=338, early_stops=8/8
26 - INFO - chord#: 156 In build_straw_man_chord_sa. tolerance = 1, sa_iterations = 1000, initial_temperature = 3.0, cooling_rate = 0.999
26 - INFO - chord#: 152 done. best_score=27.0, changed=526, unchanged=445, early_stops=8/8
26 - INFO - chord#: 154 In build_straw_man_chord_sa. tolerance = 1, sa_iterations = 1000, initial_temperature = 3.0, cooling_rate = 0.999
26 - INFO - chord#: 154 done. best_score=96.0, changed=614, unchanged=371, early_stops=8/8
26 - INFO - chord#: 156 In build_straw_man_chord_sa. tolerance = 1, sa_iterations = 1000, initial_temperature = 3.0, cooling_rate = 0.999
26 - INFO - chord#: 156 done. best_score=27.0, changed=523, unchanged=438, early_stops=8/8
26 - INFO - chord#: 154 done. best_score=67.0, changed=613, unchanged=341, early_stops=8/8
26 - INFO - chord#: 156 In build_straw_man_chord_sa. tolerance = 1, sa_iterations = 1000, initial_temperature = 3.0, cooling_rate = 0.999
26 - INFO - chord#: 156 done. best_score=27.0, changed=527, unchanged=447, early_stops=8/8
26 - INFO - chord#: 156 done. best_score=27.0, changed=520, unchanged=423, early_stops=8/8
26 - INFO - chord#: 154 done. best_score=67.0, changed=609, unchanged=238, early_stops=8/8
26 - INFO - chord#: 156 In build_straw_man_chord_sa. tolerance = 1, sa_iterations = 1000, initial_temperature = 3.0, cooling_rate = 0.999
26 - INFO - chord#: 156 done. best_score=27.0, changed=523, unchanged=354, early_stops=8/8
26 - INFO - chord#: 0 In build_straw_man_chord_sa. tolerance = 1, sa_iterations = 1000, initial_temperature = 3.0, cooling_rate = 0.999
26 - INFO - chord#: 0 In build_straw_man_chord_sa. tolerance = 1, sa_iterations = 1000, initial_temperature = 3.0, cooling_rate = 0.999
26 - INFO - chord#: 0 In build_straw_man_chord_sa. tolerance = 1, sa_iterations = 1000, initial_temperature = 3.0, cooling_rate = 0.999
26 - INFO - chord#: 0 In build_straw_man_chord_sa. tolerance = 1, sa_iterations = 1000, initial_temperature = 3.0, cooling_rate = 0.999
26 - INFO - chord#: 0 In build_straw_man_chord_sa. tolerance = 1, sa_iterations = 1000, initial_temperature = 3.0, cooling_rate = 0.999
26 - INFO - chord#: 0 In build_straw_man_chord_sa. tolerance = 1, sa_iterations = 1000, initial_temperature = 3.0, cooling_rate = 0.999
26 - INFO - chord#: 0 In build_straw_man_chord_sa. tolerance = 1, sa_iterations = 1000, initial_temperature = 3.0, cooling_rate = 0.999
26 - INFO - chord#: 0 In build_straw_man_chord_sa. tolerance = 1, sa_iterations = 1000, initial_temperature = 3.0, cooling_rate = 0.999
26 - INFO - chord#: 0 In build_straw_man_chord_sa. tolerance = 1, sa_iterations = 1000, initial_temperature = 3.0, cooling_rate = 0.999
26 - INFO - chord#: 0 In build_straw_man_chord_sa. tolerance = 1, sa_iterations = 1000, initial_temperature = 3.0, cooling_rate = 0.999
26 - INFO - chord#: 0 In build_straw_man_chord_sa. tolerance = 1, sa_iterations = 1000, initial_temperature = 3.0, cooling_rate = 0.999
26 - INFO - chord#: 0 In build_straw_man_chord_sa. tolerance = 1, sa_iterations = 1000, initial_temperature = 3.0, cooling_rate = 0.999
26 - INFO - chord#: 0 done. best_score=27.0, changed=517, unchanged=349, early_stops=8/8
26 - INFO - chord#: 4 In build_straw_man_chord_sa. tolerance = 1, sa_iterations = 1000, initial_temperature = 3.0, cooling_rate = 0.999
26 - INFO - chord#: 0 done. best_score=27.0, changed=519, unchanged=329, early_stops=8/8
26 - INFO - chord#: 4 In build_straw_man_chord_sa. tolerance = 1, sa_iterations = 1000, initial_temperature = 3.0, cooling_rate = 0.999
26 - INFO - chord#: 0 done. best_score=27.0, changed=517, unchanged=411, early_stops=8/8
26 - INFO - chord#: 4 In build_straw_man_chord_sa. tolerance = 1, sa_iterations = 1000, initial_temperature = 3.0, cooling_rate = 0.999
26 - INFO - chord#: 0 done. best_score=27.0, changed=530, unchanged=638, early_stops=8/8
26 - INFO - chord#: 4 In build_straw_man_chord_sa. tolerance = 1, sa_iterations = 1000, initial_temperature = 3.0, cooling_rate = 0.999
26 - INFO - chord#: 0 done. best_score=27.0, changed=517, unchanged=434, early_stops=8/8
26 - INFO - chord#: 4 In build_straw_man_chord_sa. tolerance = 1, sa_iterations = 1000, initial_temperature = 3.0, cooling_rate = 0.999
26 - INFO - chord#: 0 done. best_score=27.0, changed=514, unchanged=413, early_stops=8/8
26 - INFO - chord#: 4 In build_straw_man_chord_sa. tolerance = 1, sa_iterations = 1000, initial_temperature = 3.0, cooling_rate = 0.999
26 - INFO - chord#: 0 done. best_score=27.0, changed=512, unchanged=357, early_stops=8/8
26 - INFO - chord#: 4 In build_straw_man_chord_sa. tolerance = 1, sa_iterations = 1000, initial_temperature = 3.0, cooling_rate = 0.999
26 - INFO - chord#: 0 done. best_score=27.0, changed=519, unchanged=370, early_stops=8/8
26 - INFO - chord#: 4 In build_straw_man_chord_sa. tolerance = 1, sa_iterations = 1000, initial_temperature = 3.0, cooling_rate = 0.999
26 - INFO - chord#: 0 done. best_score=27.0, changed=521, unchanged=380, early_stops=8/8
26 - INFO - chord#: 4 In build_straw_man_chord_sa. tolerance = 1, sa_iterations = 1000, initial_temperature = 3.0, cooling_rate = 0.999
26 - INFO - chord#: 0 done. best_score=27.0, changed=521, unchanged=556, early_stops=8/8
26 - INFO - chord#: 4 In build_straw_man_chord_sa. tolerance = 1, sa_iterations = 1000, initial_temperature = 3.0, cooling_rate = 0.999
26 - INFO - chord#: 0 done. best_score=27.0, changed=522, unchanged=412, early_stops=8/8
26 - INFO - chord#: 4 In build_straw_man_chord_sa. tolerance = 1, sa_iterations = 1000, initial_temperature = 3.0, cooling_rate = 0.999
26 - INFO - chord#: 0 done. best_score=27.0, changed=521, unchanged=523, early_stops=8/8
26 - INFO - chord#: 4 In build_straw_man_chord_sa. tolerance = 1, sa_iterations = 1000, initial_temperature = 3.0, cooling_rate = 0.999
26 - INFO - chord#: 4 done. best_score=27.0, changed=524, unchanged=378, early_stops=8/8
26 - INFO - chord#: 6 In build_straw_man_chord_sa. tolerance = 1, sa_iterations = 1000, initial_temperature = 3.0, cooling_rate = 0.999
26 - INFO - chord#: 4 done. best_score=27.0, changed=520, unchanged=391, early_stops=8/8
26 - INFO - chord#: 6 In build_straw_man_chord_sa. tolerance = 1, sa_iterations = 1000, initial_temperature = 3.0, cooling_rate = 0.999
26 - INFO - chord#: 4 done. best_score=27.0, changed=517, unchanged=446, early_stops=8/8
26 - INFO - chord#: 6 In build_straw_man_chord_sa. tolerance = 1, sa_iterations = 1000, initial_temperature = 3.0, cooling_rate = 0.999
26 - INFO - chord#: 4 done. best_score=27.0, changed=518, unchanged=367, early_stops=8/8
26 - INFO - chord#: 6 In build_straw_man_chord_sa. tolerance = 1, sa_iterations = 1000, initial_temperature = 3.0, cooling_rate = 0.999
26 - INFO - chord#: 4 done. best_score=27.0, changed=523, unchanged=437, early_stops=8/8
26 - INFO - chord#: 6 In build_straw_man_chord_sa. tolerance = 1, sa_iterations = 1000, initial_temperature = 3.0, cooling_rate = 0.999
26 - INFO - chord#: 4 done. best_score=27.0, changed=517, unchanged=331, early_stops=8/8
26 - INFO - chord#: 6 In build_straw_man_chord_sa. tolerance = 1, sa_iterations = 1000, initial_temperature = 3.0, cooling_rate = 0.999
26 - INFO - chord#: 4 done. best_score=27.0, changed=517, unchanged=335, early_stops=8/8
26 - INFO - chord#: 6 In build_straw_man_chord_sa. tolerance = 1, sa_iterations = 1000, initial_temperature = 3.0, cooling_rate = 0.999
26 - INFO - chord#: 4 done. best_score=27.0, changed=527, unchanged=414, early_stops=8/8
26 - INFO - chord#: 6 In build_straw_man_chord_sa. tolerance = 1, sa_iterations = 1000, initial_temperature = 3.0, cooling_rate = 0.999
26 - INFO - chord#: 4 done. best_score=27.0, changed=517, unchanged=469, early_stops=8/8
26 - INFO - chord#: 6 In build_straw_man_chord_sa. tolerance = 1, sa_iterations = 1000, initial_temperature = 3.0, cooling_rate = 0.999
26 - INFO - chord#: 4 done. best_score=27.0, changed=528, unchanged=539, early_stops=8/8
26 - INFO - chord#: 6 In build_straw_man_chord_sa. tolerance = 1, sa_iterations = 1000, initial_temperature = 3.0, cooling_rate = 0.999
26 - INFO - chord#: 4 done. best_score=27.0, changed=524, unchanged=435, early_stops=8/8
26 - INFO - chord#: 6 In build_straw_man_chord_sa. tolerance = 1, sa_iterations = 1000, initial_temperature = 3.0, cooling_rate = 0.999
26 - INFO - chord#: 4 done. best_score=27.0, changed=525, unchanged=425, early_stops=8/8
26 - INFO - chord#: 6 In build_straw_man_chord_sa. tolerance = 1, sa_iterations = 1000, initial_temperature = 3.0, cooling_rate = 0.999
26 - INFO - chord#: 6 done. best_score=71.0, changed=610, unchanged=268, early_stops=8/8
26 - INFO - chord#: 8 In build_straw_man_chord_sa. tolerance = 1, sa_iterations = 1000, initial_temperature = 3.0, cooling_rate = 0.999
26 - INFO - chord#: 6 done. best_score=64.0, changed=613, unchanged=328, early_stops=8/8
26 - INFO - chord#: 8 In build_straw_man_chord_sa. tolerance = 1, sa_iterations = 1000, initial_temperature = 3.0, cooling_rate = 0.999
26 - INFO - chord#: 6 done. best_score=64.0, changed=611, unchanged=308, early_stops=8/8
26 - INFO - chord#: 8 In build_straw_man_chord_sa. tolerance = 1, sa_iterations = 1000, initial_temperature = 3.0, cooling_rate = 0.999
26 - INFO - chord#: 6 done. best_score=64.0, changed=611, unchanged=351, early_stops=8/8
26 - INFO - chord#: 8 In build_straw_man_chord_sa. tolerance = 1, sa_iterations = 1000, initial_temperature = 3.0, cooling_rate = 0.999
26 - INFO - chord#: 6 done. best_score=64.0, changed=616, unchanged=378, early_stops=8/8
26 - INFO - chord#: 8 In build_straw_man_chord_sa. tolerance = 1, sa_iterations = 1000, initial_temperature = 3.0, cooling_rate = 0.999
26 - INFO - chord#: 6 done. best_score=146.0, changed=611, unchanged=247, early_stops=8/8
26 - INFO - chord#: 8 In build_straw_man_chord_sa. tolerance = 1, sa_iterations = 1000, initial_temperature = 3.0, cooling_rate = 0.999
26 - INFO - chord#: 6 done. best_score=64.0, changed=611, unchanged=312, early_stops=8/8
26 - INFO - chord#: 8 In build_straw_man_chord_sa. tolerance = 1, sa_iterations = 1000, initial_temperature = 3.0, cooling_rate = 0.999
26 - INFO - chord#: 6 done. best_score=64.0, changed=607, unchanged=228, early_stops=8/8
26 - INFO - chord#: 8 In build_straw_man_chord_sa. tolerance = 1, sa_iterations = 1000, initial_temperature = 3.0, cooling_rate = 0.999
26 - INFO - chord#: 8 done. best_score=27.0, changed=516, unchanged=357, early_stops=8/8
26 - INFO - chord#: 10 In build_straw_man_chord_sa. tolerance = 1, sa_iterations = 1000, initial_temperature = 3.0, cooling_rate = 0.999
26 - INFO - chord#: 8 done. best_score=27.0, changed=521, unchanged=488, early_stops=8/8
26 - INFO - chord#: 10 In build_straw_man_chord_sa. tolerance = 1, sa_iterations = 1000, initial_temperature = 3.0, cooling_rate = 0.999
26 - INFO - chord#: 8 done. best_score=27.0, changed=522, unchanged=335, early_stops=8/8
26 - INFO - chord#: 10 In build_straw_man_chord_sa. tolerance = 1, sa_iterations = 1000, initial_temperature = 3.0, cooling_rate = 0.999
26 - INFO - chord#: 6 done. best_score=64.0, changed=610, unchanged=316, early_stops=8/8
26 - INFO - chord#: 8 In build_straw_man_chord_sa. tolerance = 1, sa_iterations = 1000, initial_temperature = 3.0, cooling_rate = 0.999
26 - INFO - chord#: 8 done. best_score=27.0, changed=520, unchanged=468, early_stops=8/8
26 - INFO - chord#: 10 In build_straw_man_chord_sa. tolerance = 1, sa_iterations = 1000, initial_temperature = 3.0, cooling_rate = 0.999
26 - INFO - chord#: 6 done. best_score=64.0, changed=607, unchanged=290, early_stops=8/8
26 - INFO - chord#: 8 In build_straw_man_chord_sa. tolerance = 1, sa_iterations = 1000, initial_temperature = 3.0, cooling_rate = 0.999
26 - INFO - chord#: 8 done. best_score=27.0, changed=525, unchanged=442, early_stops=8/8
26 - INFO - chord#: 10 In build_straw_man_chord_sa. tolerance = 1, sa_iterations = 1000, initial_temperature = 3.0, cooling_rate = 0.999
26 - INFO - chord#: 6 done. best_score=64.0, changed=621, unchanged=370, early_stops=8/8
26 - INFO - chord#: 8 In build_straw_man_chord_sa. tolerance = 1, sa_iterations = 1000, initial_temperature = 3.0, cooling_rate = 0.999
26 - INFO - chord#: 8 done. best_score=27.0, changed=516, unchanged=418, early_stops=8/8
26 - INFO - chord#: 10 In build_straw_man_chord_sa. tolerance = 1, sa_iterations = 1000, initial_temperature = 3.0, cooling_rate = 0.999
26 - INFO - chord#: 6 done. best_score=64.0, changed=619, unchanged=498, early_stops=8/8
26 - INFO - chord#: 8 In build_straw_man_chord_sa. tolerance = 1, sa_iterations = 1000, initial_temperature = 3.0, cooling_rate = 0.999
26 - INFO - chord#: 8 done. best_score=27.0, changed=511, unchanged=322, early_stops=8/8
26 - INFO - chord#: 10 In build_straw_man_chord_sa. tolerance = 1, sa_iterations = 1000, initial_temperature = 3.0, cooling_rate = 0.999
26 - INFO - chord#: 8 done. best_score=27.0, changed=522, unchanged=543, early_stops=8/8
26 - INFO - chord#: 10 In build_straw_man_chord_sa. tolerance = 1, sa_iterations = 1000, initial_temperature = 3.0, cooling_rate = 0.999
26 - INFO - chord#: 8 done. best_score=27.0, changed=520, unchanged=397, early_stops=8/8
26 - INFO - chord#: 10 In build_straw_man_chord_sa. tolerance = 1, sa_iterations = 1000, initial_temperature = 3.0, cooling_rate = 0.999
26 - INFO - chord#: 8 done. best_score=27.0, changed=525, unchanged=492, early_stops=8/8
26 - INFO - chord#: 10 In build_straw_man_chord_sa. tolerance = 1, sa_iterations = 1000, initial_temperature = 3.0, cooling_rate = 0.999
26 - INFO - chord#: 8 done. best_score=27.0, changed=524, unchanged=451, early_stops=8/8
26 - INFO - chord#: 10 In build_straw_man_chord_sa. tolerance = 1, sa_iterations = 1000, initial_temperature = 3.0, cooling_rate = 0.999
26 - INFO - chord#: 10 done. best_score=93.0, changed=612, unchanged=271, early_stops=8/8
26 - INFO - chord#: 12 In build_straw_man_chord_sa. tolerance = 1, sa_iterations = 1000, initial_temperature = 3.0, cooling_rate = 0.999
26 - INFO - chord#: 8 done. best_score=27.0, changed=520, unchanged=518, early_stops=8/8
26 - INFO - chord#: 10 In build_straw_man_chord_sa. tolerance = 1, sa_iterations = 1000, initial_temperature = 3.0, cooling_rate = 0.999
26 - INFO - chord#: 10 done. best_score=113.0, changed=616, unchanged=407, early_stops=8/8
26 - INFO - chord#: 12 In build_straw_man_chord_sa. tolerance = 1, sa_iterations = 1000, initial_temperature = 3.0, cooling_rate = 0.999
26 - INFO - chord#: 10 done. best_score=111.0, changed=612, unchanged=276, early_stops=8/8
26 - INFO - chord#: 12 In build_straw_man_chord_sa. tolerance = 1, sa_iterations = 1000, initial_temperature = 3.0, cooling_rate = 0.999
26 - INFO - chord#: 10 done. best_score=93.0, changed=612, unchanged=397, early_stops=8/8
26 - INFO - chord#: 12 In build_straw_man_chord_sa. tolerance = 1, sa_iterations = 1000, initial_temperature = 3.0, cooling_rate = 0.999
26 - INFO - chord#: 10 done. best_score=93.0, changed=616, unchanged=338, early_stops=8/8
26 - INFO - chord#: 12 In build_straw_man_chord_sa. tolerance = 1, sa_iterations = 1000, initial_temperature = 3.0, cooling_rate = 0.999
26 - INFO - chord#: 10 done. best_score=111.0, changed=608, unchanged=259, early_stops=8/8
26 - INFO - chord#: 12 In build_straw_man_chord_sa. tolerance = 1, sa_iterations = 1000, initial_temperature = 3.0, cooling_rate = 0.999
26 - INFO - chord#: 12 done. best_score=27.0, changed=520, unchanged=430, early_stops=8/8
26 - INFO - chord#: 14 In build_straw_man_chord_sa. tolerance = 1, sa_iterations = 1000, initial_temperature = 3.0, cooling_rate = 0.999
26 - INFO - chord#: 12 done. best_score=27.0, changed=517, unchanged=354, early_stops=8/8
26 - INFO - chord#: 14 In build_straw_man_chord_sa. tolerance = 1, sa_iterations = 1000, initial_temperature = 3.0, cooling_rate = 0.999
26 - INFO - chord#: 12 done. best_score=27.0, changed=523, unchanged=361, early_stops=8/8
26 - INFO - chord#: 14 In build_straw_man_chord_sa. tolerance = 1, sa_iterations = 1000, initial_temperature = 3.0, cooling_rate = 0.999
26 - INFO - chord#: 14 done. best_score=11.0, changed=485, unchanged=339, early_stops=8/8
26 - INFO - chord#: 16 In build_straw_man_chord_sa. tolerance = 1, sa_iterations = 1000, initial_temperature = 3.0, cooling_rate = 0.999
26 - INFO - chord#: 14 done. best_score=11.0, changed=487, unchanged=336, early_stops=8/8
26 - INFO - chord#: 16 In build_straw_man_chord_sa. tolerance = 1, sa_iterations = 1000, initial_temperature = 3.0, cooling_rate = 0.999
26 - INFO - chord#: 14 done. best_score=11.0, changed=474, unchanged=329, early_stops=8/8
26 - INFO - chord#: 16 In build_straw_man_chord_sa. tolerance = 1, sa_iterations = 1000, initial_temperature = 3.0, cooling_rate = 0.999
26 - INFO - chord#: 12 done. best_score=27.0, changed=523, unchanged=451, early_stops=8/8
26 - INFO - chord#: 14 In build_straw_man_chord_sa. tolerance = 1, sa_iterations = 1000, initial_temperature = 3.0, cooling_rate = 0.999
26 - INFO - chord#: 12 done. best_score=27.0, changed=530, unchanged=677, early_stops=8/8
26 - INFO - chord#: 14 In build_straw_man_chord_sa. tolerance = 1, sa_iterations = 1000, initial_temperature = 3.0, cooling_rate = 0.999
26 - INFO - chord#: 10 done. best_score=93.0, changed=607, unchanged=358, early_stops=8/8
26 - INFO - chord#: 12 In build_straw_man_chord_sa. tolerance = 1, sa_iterations = 1000, initial_temperature = 3.0, cooling_rate = 0.999
26 - INFO - chord#: 14 done. best_score=11.0, changed=498, unchanged=336, early_stops=8/8
26 - INFO - chord#: 16 In build_straw_man_chord_sa. tolerance = 1, sa_iterations = 1000, initial_temperature = 3.0, cooling_rate = 0.999
26 - INFO - chord#: 14 done. best_score=11.0, changed=480, unchanged=342, early_stops=8/8
26 - INFO - chord#: 16 In build_straw_man_chord_sa. tolerance = 1, sa_iterations = 1000, initial_temperature = 3.0, cooling_rate = 0.999
26 - INFO - chord#: 12 done. best_score=27.0, changed=517, unchanged=409, early_stops=8/8
26 - INFO - chord#: 14 In build_straw_man_chord_sa. tolerance = 1, sa_iterations = 1000, initial_temperature = 3.0, cooling_rate = 0.999
26 - INFO - chord#: 14 done. best_score=11.0, changed=497, unchanged=344, early_stops=8/8
26 - INFO - chord#: 16 In build_straw_man_chord_sa. tolerance = 1, sa_iterations = 1000, initial_temperature = 3.0, cooling_rate = 0.999
26 - INFO - chord#: 10 done. best_score=93.0, changed=617, unchanged=415, early_stops=8/8
26 - INFO - chord#: 12 In build_straw_man_chord_sa. tolerance = 1, sa_iterations = 1000, initial_temperature = 3.0, cooling_rate = 0.999
26 - INFO - chord#: 10 done. best_score=111.0, changed=612, unchanged=285, early_stops=8/8
26 - INFO - chord#: 12 In build_straw_man_chord_sa. tolerance = 1, sa_iterations = 1000, initial_temperature = 3.0, cooling_rate = 0.999
26 - INFO - chord#: 16 done. best_score=27.0, changed=514, unchanged=398, early_stops=8/8
26 - INFO - chord#: 18 In build_straw_man_chord_sa. tolerance = 1, sa_iterations = 1000, initial_temperature = 3.0, cooling_rate = 0.999
26 - INFO - chord#: 16 done. best_score=27.0, changed=519, unchanged=435, early_stops=8/8
26 - INFO - chord#: 18 In build_straw_man_chord_sa. tolerance = 1, sa_iterations = 1000, initial_temperature = 3.0, cooling_rate = 0.999
26 - INFO - chord#: 16 done. best_score=27.0, changed=524, unchanged=447, early_stops=8/8
26 - INFO - chord#: 18 In build_straw_man_chord_sa. tolerance = 1, sa_iterations = 1000, initial_temperature = 3.0, cooling_rate = 0.999
26 - INFO - chord#: 10 done. best_score=113.0, changed=616, unchanged=286, early_stops=8/8
26 - INFO - chord#: 12 In build_straw_man_chord_sa. tolerance = 1, sa_iterations = 1000, initial_temperature = 3.0, cooling_rate = 0.999
26 - INFO - chord#: 16 done. best_score=27.0, changed=512, unchanged=335, early_stops=8/8
26 - INFO - chord#: 18 In build_straw_man_chord_sa. tolerance = 1, sa_iterations = 1000, initial_temperature = 3.0, cooling_rate = 0.999
26 - INFO - chord#: 16 done. best_score=27.0, changed=523, unchanged=368, early_stops=8/8
26 - INFO - chord#: 18 In build_straw_man_chord_sa. tolerance = 1, sa_iterations = 1000, initial_temperature = 3.0, cooling_rate = 0.999
26 - INFO - chord#: 10 done. best_score=111.0, changed=621, unchanged=444, early_stops=8/8
26 - INFO - chord#: 12 In build_straw_man_chord_sa. tolerance = 1, sa_iterations = 1000, initial_temperature = 3.0, cooling_rate = 0.999
26 - INFO - chord#: 10 done. best_score=105.0, changed=615, unchanged=576, early_stops=8/8
26 - INFO - chord#: 12 In build_straw_man_chord_sa. tolerance = 1, sa_iterations = 1000, initial_temperature = 3.0, cooling_rate = 0.999
26 - INFO - chord#: 16 done. best_score=27.0, changed=528, unchanged=435, early_stops=8/8
26 - INFO - chord#: 18 In build_straw_man_chord_sa. tolerance = 1, sa_iterations = 1000, initial_temperature = 3.0, cooling_rate = 0.999
26 - INFO - chord#: 12 done. best_score=27.0, changed=529, unchanged=534, early_stops=8/8
26 - INFO - chord#: 14 In build_straw_man_chord_sa. tolerance = 1, sa_iterations = 1000, initial_temperature = 3.0, cooling_rate = 0.999
26 - INFO - chord#: 18 done. best_score=27.0, changed=520, unchanged=299, early_stops=8/8
26 - INFO - chord#: 20 In build_straw_man_chord_sa. tolerance = 1, sa_iterations = 1000, initial_temperature = 3.0, cooling_rate = 0.999
26 - INFO - chord#: 18 done. best_score=27.0, changed=511, unchanged=326, early_stops=8/8
26 - INFO - chord#: 20 In build_straw_man_chord_sa. tolerance = 1, sa_iterations = 1000, initial_temperature = 3.0, cooling_rate = 0.999
26 - INFO - chord#: 14 done. best_score=11.0, changed=491, unchanged=369, early_stops=8/8
26 - INFO - chord#: 16 In build_straw_man_chord_sa. tolerance = 1, sa_iterations = 1000, initial_temperature = 3.0, cooling_rate = 0.999
26 - INFO - chord#: 18 done. best_score=27.0, changed=528, unchanged=459, early_stops=8/8
26 - INFO - chord#: 20 In build_straw_man_chord_sa. tolerance = 1, sa_iterations = 1000, initial_temperature = 3.0, cooling_rate = 0.999
26 - INFO - chord#: 18 done. best_score=27.0, changed=517, unchanged=360, early_stops=8/8
26 - INFO - chord#: 20 In build_straw_man_chord_sa. tolerance = 1, sa_iterations = 1000, initial_temperature = 3.0, cooling_rate = 0.999
26 - INFO - chord#: 12 done. best_score=27.0, changed=526, unchanged=422, early_stops=8/8
26 - INFO - chord#: 14 In build_straw_man_chord_sa. tolerance = 1, sa_iterations = 1000, initial_temperature = 3.0, cooling_rate = 0.999
26 - INFO - chord#: 18 done. best_score=27.0, changed=523, unchanged=361, early_stops=8/8
26 - INFO - chord#: 20 In build_straw_man_chord_sa. tolerance = 1, sa_iterations = 1000, initial_temperature = 3.0, cooling_rate = 0.999
26 - INFO - chord#: 12 done. best_score=27.0, changed=521, unchanged=474, early_stops=8/8
26 - INFO - chord#: 14 In build_straw_man_chord_sa. tolerance = 1, sa_iterations = 1000, initial_temperature = 3.0, cooling_rate = 0.999
26 - INFO - chord#: 12 done. best_score=27.0, changed=517, unchanged=391, early_stops=8/8
26 - INFO - chord#: 14 In build_straw_man_chord_sa. tolerance = 1, sa_iterations = 1000, initial_temperature = 3.0, cooling_rate = 0.999
26 - INFO - chord#: 14 done. best_score=11.0, changed=499, unchanged=345, early_stops=8/8
26 - INFO - chord#: 16 In build_straw_man_chord_sa. tolerance = 1, sa_iterations = 1000, initial_temperature = 3.0, cooling_rate = 0.999
26 - INFO - chord#: 14 done. best_score=11.0, changed=494, unchanged=331, early_stops=8/8
26 - INFO - chord#: 16 In build_straw_man_chord_sa. tolerance = 1, sa_iterations = 1000, initial_temperature = 3.0, cooling_rate = 0.999
26 - INFO - chord#: 12 done. best_score=27.0, changed=524, unchanged=350, early_stops=8/8
26 - INFO - chord#: 14 In build_straw_man_chord_sa. tolerance = 1, sa_iterations = 1000, initial_temperature = 3.0, cooling_rate = 0.999
26 - INFO - chord#: 12 done. best_score=27.0, changed=516, unchanged=359, early_stops=8/8
26 - INFO - chord#: 14 In build_straw_man_chord_sa. tolerance = 1, sa_iterations = 1000, initial_temperature = 3.0, cooling_rate = 0.999
26 - INFO - chord#: 14 done. best_score=11.0, changed=465, unchanged=374, early_stops=8/8
26 - INFO - chord#: 16 In build_straw_man_chord_sa. tolerance = 1, sa_iterations = 1000, initial_temperature = 3.0, cooling_rate = 0.999
26 - INFO - chord#: 18 done. best_score=27.0, changed=522, unchanged=453, early_stops=8/8
26 - INFO - chord#: 20 In build_straw_man_chord_sa. tolerance = 1, sa_iterations = 1000, initial_temperature = 3.0, cooling_rate = 0.999
26 - INFO - chord#: 14 done. best_score=11.0, changed=477, unchanged=345, early_stops=8/8
26 - INFO - chord#: 16 In build_straw_man_chord_sa. tolerance = 1, sa_iterations = 1000, initial_temperature = 3.0, cooling_rate = 0.999
26 - INFO - chord#: 14 done. best_score=11.0, changed=488, unchanged=327, early_stops=8/8
26 - INFO - chord#: 16 In build_straw_man_chord_sa. tolerance = 1, sa_iterations = 1000, initial_temperature = 3.0, cooling_rate = 0.999
26 - INFO - chord#: 20 done. best_score=27.0, changed=513, unchanged=389, early_stops=8/8
26 - INFO - chord#: 22 In build_straw_man_chord_sa. tolerance = 1, sa_iterations = 1000, initial_temperature = 3.0, cooling_rate = 0.999
26 - INFO - chord#: 20 done. best_score=27.0, changed=528, unchanged=419, early_stops=8/8
26 - INFO - chord#: 22 In build_straw_man_chord_sa. tolerance = 1, sa_iterations = 1000, initial_temperature = 3.0, cooling_rate = 0.999
26 - INFO - chord#: 20 done. best_score=27.0, changed=526, unchanged=488, early_stops=8/8
26 - INFO - chord#: 22 In build_straw_man_chord_sa. tolerance = 1, sa_iterations = 1000, initial_temperature = 3.0, cooling_rate = 0.999
26 - INFO - chord#: 20 done. best_score=27.0, changed=514, unchanged=555, early_stops=8/8
26 - INFO - chord#: 22 In build_straw_man_chord_sa. tolerance = 1, sa_iterations = 1000, initial_temperature = 3.0, cooling_rate = 0.999
26 - INFO - chord#: 20 done. best_score=27.0, changed=525, unchanged=554, early_stops=8/8
26 - INFO - chord#: 22 In build_straw_man_chord_sa. tolerance = 1, sa_iterations = 1000, initial_temperature = 3.0, cooling_rate = 0.999
26 - INFO - chord#: 16 done. best_score=27.0, changed=523, unchanged=426, early_stops=8/8
26 - INFO - chord#: 18 In build_straw_man_chord_sa. tolerance = 1, sa_iterations = 1000, initial_temperature = 3.0, cooling_rate = 0.999
26 - INFO - chord#: 16 done. best_score=27.0, changed=515, unchanged=360, early_stops=8/8
26 - INFO - chord#: 18 In build_straw_man_chord_sa. tolerance = 1, sa_iterations = 1000, initial_temperature = 3.0, cooling_rate = 0.999
26 - INFO - chord#: 16 done. best_score=27.0, changed=515, unchanged=434, early_stops=8/8
26 - INFO - chord#: 18 In build_straw_man_chord_sa. tolerance = 1, sa_iterations = 1000, initial_temperature = 3.0, cooling_rate = 0.999
26 - INFO - chord#: 16 done. best_score=27.0, changed=520, unchanged=597, early_stops=8/8
26 - INFO - chord#: 18 In build_straw_man_chord_sa. tolerance = 1, sa_iterations = 1000, initial_temperature = 3.0, cooling_rate = 0.999
26 - INFO - chord#: 20 done. best_score=27.0, changed=529, unchanged=469, early_stops=8/8
26 - INFO - chord#: 22 In build_straw_man_chord_sa. tolerance = 1, sa_iterations = 1000, initial_temperature = 3.0, cooling_rate = 0.999
26 - INFO - chord#: 16 done. best_score=27.0, changed=518, unchanged=427, early_stops=8/8
26 - INFO - chord#: 18 In build_straw_man_chord_sa. tolerance = 1, sa_iterations = 1000, initial_temperature = 3.0, cooling_rate = 0.999
26 - INFO - chord#: 16 done. best_score=27.0, changed=523, unchanged=450, early_stops=8/8
26 - INFO - chord#: 18 In build_straw_man_chord_sa. tolerance = 1, sa_iterations = 1000, initial_temperature = 3.0, cooling_rate = 0.999
26 - INFO - chord#: 18 done. best_score=27.0, changed=530, unchanged=434, early_stops=8/8
26 - INFO - chord#: 20 In build_straw_man_chord_sa. tolerance = 1, sa_iterations = 1000, initial_temperature = 3.0, cooling_rate = 0.999
26 - INFO - chord#: 18 done. best_score=27.0, changed=521, unchanged=461, early_stops=8/8
26 - INFO - chord#: 20 In build_straw_man_chord_sa. tolerance = 1, sa_iterations = 1000, initial_temperature = 3.0, cooling_rate = 0.999
26 - INFO - chord#: 18 done. best_score=27.0, changed=530, unchanged=344, early_stops=8/8
26 - INFO - chord#: 20 In build_straw_man_chord_sa. tolerance = 1, sa_iterations = 1000, initial_temperature = 3.0, cooling_rate = 0.999
26 - INFO - chord#: 18 done. best_score=27.0, changed=520, unchanged=379, early_stops=8/8
26 - INFO - chord#: 20 In build_straw_man_chord_sa. tolerance = 1, sa_iterations = 1000, initial_temperature = 3.0, cooling_rate = 0.999
26 - INFO - chord#: 22 done. best_score=82.0, changed=611, unchanged=290, early_stops=8/8
26 - INFO - chord#: 24 In build_straw_man_chord_sa. tolerance = 1, sa_iterations = 1000, initial_temperature = 3.0, cooling_rate = 0.999
26 - INFO - chord#: 22 done. best_score=97.0, changed=609, unchanged=230, early_stops=8/8
26 - INFO - chord#: 24 In build_straw_man_chord_sa. tolerance = 1, sa_iterations = 1000, initial_temperature = 3.0, cooling_rate = 0.999
26 - INFO - chord#: 22 done. best_score=82.0, changed=608, unchanged=228, early_stops=8/8
26 - INFO - chord#: 24 In build_straw_man_chord_sa. tolerance = 1, sa_iterations = 1000, initial_temperature = 3.0, cooling_rate = 0.999
26 - INFO - chord#: 18 done. best_score=27.0, changed=519, unchanged=334, early_stops=8/8
26 - INFO - chord#: 20 In build_straw_man_chord_sa. tolerance = 1, sa_iterations = 1000, initial_temperature = 3.0, cooling_rate = 0.999
26 - INFO - chord#: 18 done. best_score=27.0, changed=528, unchanged=390, early_stops=8/8
26 - INFO - chord#: 20 In build_straw_man_chord_sa. tolerance = 1, sa_iterations = 1000, initial_temperature = 3.0, cooling_rate = 0.999
26 - INFO - chord#: 22 done. best_score=97.0, changed=610, unchanged=250, early_stops=8/8
26 - INFO - chord#: 24 In build_straw_man_chord_sa. tolerance = 1, sa_iterations = 1000, initial_temperature = 3.0, cooling_rate = 0.999
26 - INFO - chord#: 20 done. best_score=27.0, changed=514, unchanged=358, early_stops=8/8
26 - INFO - chord#: 22 In build_straw_man_chord_sa. tolerance = 1, sa_iterations = 1000, initial_temperature = 3.0, cooling_rate = 0.999
26 - INFO - chord#: 22 done. best_score=82.0, changed=613, unchanged=322, early_stops=8/8
26 - INFO - chord#: 24 In build_straw_man_chord_sa. tolerance = 1, sa_iterations = 1000, initial_temperature = 3.0, cooling_rate = 0.999
26 - INFO - chord#: 20 done. best_score=27.0, changed=520, unchanged=377, early_stops=8/8
26 - INFO - chord#: 22 In build_straw_man_chord_sa. tolerance = 1, sa_iterations = 1000, initial_temperature = 3.0, cooling_rate = 0.999
26 - INFO - chord#: 20 done. best_score=27.0, changed=524, unchanged=413, early_stops=8/8
26 - INFO - chord#: 22 In build_straw_man_chord_sa. tolerance = 1, sa_iterations = 1000, initial_temperature = 3.0, cooling_rate = 0.999
26 - INFO - chord#: 20 done. best_score=27.0, changed=520, unchanged=352, early_stops=8/8
26 - INFO - chord#: 22 In build_straw_man_chord_sa. tolerance = 1, sa_iterations = 1000, initial_temperature = 3.0, cooling_rate = 0.999
26 - INFO - chord#: 20 done. best_score=27.0, changed=519, unchanged=439, early_stops=8/8
26 - INFO - chord#: 22 In build_straw_man_chord_sa. tolerance = 1, sa_iterations = 1000, initial_temperature = 3.0, cooling_rate = 0.999
26 - INFO - chord#: 20 done. best_score=27.0, changed=520, unchanged=502, early_stops=8/8
26 - INFO - chord#: 22 In build_straw_man_chord_sa. tolerance = 1, sa_iterations = 1000, initial_temperature = 3.0, cooling_rate = 0.999
26 - INFO - chord#: 22 done. best_score=82.0, changed=607, unchanged=262, early_stops=8/8
26 - INFO - chord#: 24 In build_straw_man_chord_sa. tolerance = 1, sa_iterations = 1000, initial_temperature = 3.0, cooling_rate = 0.999
26 - INFO - chord#: 24 done. best_score=119.0, changed=611, unchanged=297, early_stops=8/8
26 - INFO - chord#: 28 In build_straw_man_chord_sa. tolerance = 1, sa_iterations = 1000, initial_temperature = 3.0, cooling_rate = 0.999
26 - INFO - chord#: 24 done. best_score=78.0, changed=614, unchanged=384, early_stops=8/8
26 - INFO - chord#: 28 In build_straw_man_chord_sa. tolerance = 1, sa_iterations = 1000, initial_temperature = 3.0, cooling_rate = 0.999
26 - INFO - chord#: 28 done. best_score=9.0, changed=447, unchanged=378, early_stops=8/8
26 - INFO - chord#: 32 In build_straw_man_chord_sa. tolerance = 1, sa_iterations = 1000, initial_temperature = 3.0, cooling_rate = 0.999
26 - INFO - chord#: 24 done. best_score=78.0, changed=611, unchanged=324, early_stops=8/8
26 - INFO - chord#: 28 In build_straw_man_chord_sa. tolerance = 1, sa_iterations = 1000, initial_temperature = 3.0, cooling_rate = 0.999
26 - INFO - chord#: 28 done. best_score=9.0, changed=455, unchanged=367, early_stops=8/8
26 - INFO - chord#: 32 In build_straw_man_chord_sa. tolerance = 1, sa_iterations = 1000, initial_temperature = 3.0, cooling_rate = 0.999
26 - INFO - chord#: 24 done. best_score=140.0, changed=617, unchanged=435, early_stops=8/8
26 - INFO - chord#: 28 In build_straw_man_chord_sa. tolerance = 1, sa_iterations = 1000, initial_temperature = 3.0, cooling_rate = 0.999
26 - INFO - chord#: 28 done. best_score=9.0, changed=472, unchanged=358, early_stops=8/8
26 - INFO - chord#: 32 In build_straw_man_chord_sa. tolerance = 1, sa_iterations = 1000, initial_temperature = 3.0, cooling_rate = 0.999
26 - INFO - chord#: 28 done. best_score=9.0, changed=462, unchanged=355, early_stops=8/8
26 - INFO - chord#: 32 In build_straw_man_chord_sa. tolerance = 1, sa_iterations = 1000, initial_temperature = 3.0, cooling_rate = 0.999
26 - INFO - chord#: 24 done. best_score=137.0, changed=608, unchanged=263, early_stops=8/8
26 - INFO - chord#: 28 In build_straw_man_chord_sa. tolerance = 1, sa_iterations = 1000, initial_temperature = 3.0, cooling_rate = 0.999
26 - INFO - chord#: 22 done. best_score=120.0, changed=611, unchanged=240, early_stops=8/8
26 - INFO - chord#: 24 In build_straw_man_chord_sa. tolerance = 1, sa_iterations = 1000, initial_temperature = 3.0, cooling_rate = 0.999
26 - INFO - chord#: 28 done. best_score=9.0, changed=459, unchanged=392, early_stops=8/8
26 - INFO - chord#: 32 In build_straw_man_chord_sa. tolerance = 1, sa_iterations = 1000, initial_temperature = 3.0, cooling_rate = 0.999
26 - INFO - chord#: 22 done. best_score=82.0, changed=612, unchanged=448, early_stops=8/8
26 - INFO - chord#: 24 In build_straw_man_chord_sa. tolerance = 1, sa_iterations = 1000, initial_temperature = 3.0, cooling_rate = 0.999
26 - INFO - chord#: 32 done. best_score=36.0, changed=515, unchanged=378, early_stops=8/8
26 - INFO - chord#: 36 In build_straw_man_chord_sa. tolerance = 1, sa_iterations = 1000, initial_temperature = 3.0, cooling_rate = 0.999
26 - INFO - chord#: 32 done. best_score=36.0, changed=525, unchanged=323, early_stops=8/8
26 - INFO - chord#: 36 In build_straw_man_chord_sa. tolerance = 1, sa_iterations = 1000, initial_temperature = 3.0, cooling_rate = 0.999
26 - INFO - chord#: 32 done. best_score=36.0, changed=524, unchanged=338, early_stops=8/8
26 - INFO - chord#: 36 In build_straw_man_chord_sa. tolerance = 1, sa_iterations = 1000, initial_temperature = 3.0, cooling_rate = 0.999
26 - INFO - chord#: 32 done. best_score=36.0, changed=527, unchanged=405, early_stops=8/8
26 - INFO - chord#: 36 In build_straw_man_chord_sa. tolerance = 1, sa_iterations = 1000, initial_temperature = 3.0, cooling_rate = 0.999
26 - INFO - chord#: 22 done. best_score=82.0, changed=617, unchanged=359, early_stops=8/8
26 - INFO - chord#: 24 In build_straw_man_chord_sa. tolerance = 1, sa_iterations = 1000, initial_temperature = 3.0, cooling_rate = 0.999
26 - INFO - chord#: 22 done. best_score=82.0, changed=608, unchanged=285, early_stops=8/8
26 - INFO - chord#: 24 In build_straw_man_chord_sa. tolerance = 1, sa_iterations = 1000, initial_temperature = 3.0, cooling_rate = 0.999
26 - INFO - chord#: 24 done. best_score=78.0, changed=610, unchanged=343, early_stops=8/8
26 - INFO - chord#: 28 In build_straw_man_chord_sa. tolerance = 1, sa_iterations = 1000, initial_temperature = 3.0, cooling_rate = 0.999
26 - INFO - chord#: 36 done. best_score=27.0, changed=516, unchanged=437, early_stops=8/8
26 - INFO - chord#: 40 In build_straw_man_chord_sa. tolerance = 1, sa_iterations = 1000, initial_temperature = 3.0, cooling_rate = 0.999
26 - INFO - chord#: 32 done. best_score=36.0, changed=518, unchanged=337, early_stops=8/8
26 - INFO - chord#: 36 In build_straw_man_chord_sa. tolerance = 1, sa_iterations = 1000, initial_temperature = 3.0, cooling_rate = 0.999
26 - INFO - chord#: 22 done. best_score=82.0, changed=613, unchanged=368, early_stops=8/8
26 - INFO - chord#: 24 In build_straw_man_chord_sa. tolerance = 1, sa_iterations = 1000, initial_temperature = 3.0, cooling_rate = 0.999
26 - INFO - chord#: 36 done. best_score=27.0, changed=521, unchanged=438, early_stops=8/8
26 - INFO - chord#: 40 In build_straw_man_chord_sa. tolerance = 1, sa_iterations = 1000, initial_temperature = 3.0, cooling_rate = 0.999
26 - INFO - chord#: 28 done. best_score=9.0, changed=456, unchanged=386, early_stops=8/8
26 - INFO - chord#: 32 In build_straw_man_chord_sa. tolerance = 1, sa_iterations = 1000, initial_temperature = 3.0, cooling_rate = 0.999
26 - INFO - chord#: 36 done. best_score=27.0, changed=524, unchanged=547, early_stops=8/8
26 - INFO - chord#: 40 In build_straw_man_chord_sa. tolerance = 1, sa_iterations = 1000, initial_temperature = 3.0, cooling_rate = 0.999
26 - INFO - chord#: 36 done. best_score=27.0, changed=514, unchanged=346, early_stops=8/8
26 - INFO - chord#: 40 In build_straw_man_chord_sa. tolerance = 1, sa_iterations = 1000, initial_temperature = 3.0, cooling_rate = 0.999
26 - INFO - chord#: 22 done. best_score=82.0, changed=614, unchanged=436, early_stops=8/8
26 - INFO - chord#: 24 In build_straw_man_chord_sa. tolerance = 1, sa_iterations = 1000, initial_temperature = 3.0, cooling_rate = 0.999
26 - INFO - chord#: 24 done. best_score=78.0, changed=616, unchanged=305, early_stops=8/8
26 - INFO - chord#: 28 In build_straw_man_chord_sa. tolerance = 1, sa_iterations = 1000, initial_temperature = 3.0, cooling_rate = 0.999
26 - INFO - chord#: 28 done. best_score=9.0, changed=469, unchanged=382, early_stops=8/8
26 - INFO - chord#: 32 In build_straw_man_chord_sa. tolerance = 1, sa_iterations = 1000, initial_temperature = 3.0, cooling_rate = 0.999
26 - INFO - chord#: 40 done. best_score=27.0, changed=519, unchanged=446, early_stops=8/8
26 - INFO - chord#: 42 In build_straw_man_chord_sa. tolerance = 1, sa_iterations = 1000, initial_temperature = 3.0, cooling_rate = 0.999
26 - INFO - chord#: 40 done. best_score=27.0, changed=520, unchanged=307, early_stops=8/8
26 - INFO - chord#: 42 In build_straw_man_chord_sa. tolerance = 1, sa_iterations = 1000, initial_temperature = 3.0, cooling_rate = 0.999
26 - INFO - chord#: 40 done. best_score=27.0, changed=517, unchanged=479, early_stops=8/8
26 - INFO - chord#: 42 In build_straw_man_chord_sa. tolerance = 1, sa_iterations = 1000, initial_temperature = 3.0, cooling_rate = 0.999
26 - INFO - chord#: 36 done. best_score=27.0, changed=519, unchanged=387, early_stops=8/8
26 - INFO - chord#: 40 In build_straw_man_chord_sa. tolerance = 1, sa_iterations = 1000, initial_temperature = 3.0, cooling_rate = 0.999
26 - INFO - chord#: 24 done. best_score=78.0, changed=614, unchanged=427, early_stops=8/8
26 - INFO - chord#: 28 In build_straw_man_chord_sa. tolerance = 1, sa_iterations = 1000, initial_temperature = 3.0, cooling_rate = 0.999
26 - INFO - chord#: 32 done. best_score=36.0, changed=515, unchanged=316, early_stops=8/8
26 - INFO - chord#: 36 In build_straw_man_chord_sa. tolerance = 1, sa_iterations = 1000, initial_temperature = 3.0, cooling_rate = 0.999
26 - INFO - chord#: 40 done. best_score=27.0, changed=518, unchanged=354, early_stops=8/8
26 - INFO - chord#: 42 In build_straw_man_chord_sa. tolerance = 1, sa_iterations = 1000, initial_temperature = 3.0, cooling_rate = 0.999
26 - INFO - chord#: 28 done. best_score=9.0, changed=479, unchanged=377, early_stops=8/8
26 - INFO - chord#: 32 In build_straw_man_chord_sa. tolerance = 1, sa_iterations = 1000, initial_temperature = 3.0, cooling_rate = 0.999
26 - INFO - chord#: 32 done. best_score=36.0, changed=527, unchanged=422, early_stops=8/8
26 - INFO - chord#: 42 done. best_score=36.0, changed=524, unchanged=443, early_stops=8/8
26 - INFO - chord#: 36 In build_straw_man_chord_sa. tolerance = 1, sa_iterations = 1000, initial_temperature = 3.0, cooling_rate = 0.999
26 - INFO - chord#: 44 In build_straw_man_chord_sa. tolerance = 1, sa_iterations = 1000, initial_temperature = 3.0, cooling_rate = 0.999
26 - INFO - chord#: 42 done. best_score=36.0, changed=515, unchanged=364, early_stops=8/8
26 - INFO - chord#: 44 In build_straw_man_chord_sa. tolerance = 1, sa_iterations = 1000, initial_temperature = 3.0, cooling_rate = 0.999
26 - INFO - chord#: 24 done. best_score=140.0, changed=607, unchanged=240, early_stops=8/8
26 - INFO - chord#: 28 In build_straw_man_chord_sa. tolerance = 1, sa_iterations = 1000, initial_temperature = 3.0, cooling_rate = 0.999
26 - INFO - chord#: 42 done. best_score=36.0, changed=523, unchanged=449, early_stops=8/8
26 - INFO - chord#: 44 In build_straw_man_chord_sa. tolerance = 1, sa_iterations = 1000, initial_temperature = 3.0, cooling_rate = 0.999
26 - INFO - chord#: 42 done. best_score=36.0, changed=511, unchanged=323, early_stops=8/8
26 - INFO - chord#: 44 In build_straw_man_chord_sa. tolerance = 1, sa_iterations = 1000, initial_temperature = 3.0, cooling_rate = 0.999
26 - INFO - chord#: 40 done. best_score=57.0, changed=518, unchanged=353, early_stops=8/8
26 - INFO - chord#: 42 In build_straw_man_chord_sa. tolerance = 1, sa_iterations = 1000, initial_temperature = 3.0, cooling_rate = 0.999
26 - INFO - chord#: 32 done. best_score=36.0, changed=519, unchanged=357, early_stops=8/8
26 - INFO - chord#: 36 In build_straw_man_chord_sa. tolerance = 1, sa_iterations = 1000, initial_temperature = 3.0, cooling_rate = 0.999
26 - INFO - chord#: 28 done. best_score=9.0, changed=467, unchanged=367, early_stops=8/8
26 - INFO - chord#: 32 In build_straw_man_chord_sa. tolerance = 1, sa_iterations = 1000, initial_temperature = 3.0, cooling_rate = 0.999
26 - INFO - chord#: 36 done. best_score=27.0, changed=523, unchanged=438, early_stops=8/8
26 - INFO - chord#: 40 In build_straw_man_chord_sa. tolerance = 1, sa_iterations = 1000, initial_temperature = 3.0, cooling_rate = 0.999
26 - INFO - chord#: 24 done. best_score=140.0, changed=610, unchanged=355, early_stops=8/8
26 - INFO - chord#: 28 In build_straw_man_chord_sa. tolerance = 1, sa_iterations = 1000, initial_temperature = 3.0, cooling_rate = 0.999
26 - INFO - chord#: 24 done. best_score=96.0, changed=611, unchanged=398, early_stops=8/8
26 - INFO - chord#: 28 In build_straw_man_chord_sa. tolerance = 1, sa_iterations = 1000, initial_temperature = 3.0, cooling_rate = 0.999
26 - INFO - chord#: 28 done. best_score=9.0, changed=472, unchanged=372, early_stops=8/8
26 - INFO - chord#: 32 In build_straw_man_chord_sa. tolerance = 1, sa_iterations = 1000, initial_temperature = 3.0, cooling_rate = 0.999
26 - INFO - chord#: 44 done. best_score=27.0, changed=520, unchanged=346, early_stops=8/8
26 - INFO - chord#: 46 In build_straw_man_chord_sa. tolerance = 1, sa_iterations = 1000, initial_temperature = 3.0, cooling_rate = 0.999
26 - INFO - chord#: 44 done. best_score=27.0, changed=528, unchanged=434, early_stops=8/8
26 - INFO - chord#: 46 In build_straw_man_chord_sa. tolerance = 1, sa_iterations = 1000, initial_temperature = 3.0, cooling_rate = 0.999
26 - INFO - chord#: 24 done. best_score=160.0, changed=606, unchanged=285, early_stops=8/8
26 - INFO - chord#: 28 In build_straw_man_chord_sa. tolerance = 1, sa_iterations = 1000, initial_temperature = 3.0, cooling_rate = 0.999
26 - INFO - chord#: 36 done. best_score=27.0, changed=524, unchanged=500, early_stops=8/8
26 - INFO - chord#: 40 In build_straw_man_chord_sa. tolerance = 1, sa_iterations = 1000, initial_temperature = 3.0, cooling_rate = 0.999
26 - INFO - chord#: 44 done. best_score=27.0, changed=523, unchanged=399, early_stops=8/8
26 - INFO - chord#: 46 In build_straw_man_chord_sa. tolerance = 1, sa_iterations = 1000, initial_temperature = 3.0, cooling_rate = 0.999
26 - INFO - chord#: 44 done. best_score=27.0, changed=521, unchanged=414, early_stops=8/8
26 - INFO - chord#: 46 In build_straw_man_chord_sa. tolerance = 1, sa_iterations = 1000, initial_temperature = 3.0, cooling_rate = 0.999
26 - INFO - chord#: 28 done. best_score=9.0, changed=463, unchanged=390, early_stops=8/8
26 - INFO - chord#: 32 In build_straw_man_chord_sa. tolerance = 1, sa_iterations = 1000, initial_temperature = 3.0, cooling_rate = 0.999
26 - INFO - chord#: 36 done. best_score=27.0, changed=520, unchanged=365, early_stops=8/8
26 - INFO - chord#: 40 In build_straw_man_chord_sa. tolerance = 1, sa_iterations = 1000, initial_temperature = 3.0, cooling_rate = 0.999
26 - INFO - chord#: 28 done. best_score=9.0, changed=466, unchanged=411, early_stops=8/8
26 - INFO - chord#: 32 In build_straw_man_chord_sa. tolerance = 1, sa_iterations = 1000, initial_temperature = 3.0, cooling_rate = 0.999
26 - INFO - chord#: 42 done. best_score=36.0, changed=519, unchanged=393, early_stops=8/8
26 - INFO - chord#: 44 In build_straw_man_chord_sa. tolerance = 1, sa_iterations = 1000, initial_temperature = 3.0, cooling_rate = 0.999
26 - INFO - chord#: 32 done. best_score=36.0, changed=515, unchanged=321, early_stops=8/8
26 - INFO - chord#: 36 In build_straw_man_chord_sa. tolerance = 1, sa_iterations = 1000, initial_temperature = 3.0, cooling_rate = 0.999
26 - INFO - chord#: 40 done. best_score=27.0, changed=523, unchanged=318, early_stops=8/8
26 - INFO - chord#: 42 In build_straw_man_chord_sa. tolerance = 1, sa_iterations = 1000, initial_temperature = 3.0, cooling_rate = 0.999
26 - INFO - chord#: 40 done. best_score=27.0, changed=518, unchanged=495, early_stops=8/8
26 - INFO - chord#: 42 In build_straw_man_chord_sa. tolerance = 1, sa_iterations = 1000, initial_temperature = 3.0, cooling_rate = 0.999
26 - INFO - chord#: 32 done. best_score=36.0, changed=526, unchanged=398, early_stops=8/8
26 - INFO - chord#: 36 In build_straw_man_chord_sa. tolerance = 1, sa_iterations = 1000, initial_temperature = 3.0, cooling_rate = 0.999
26 - INFO - chord#: 40 done. best_score=27.0, changed=527, unchanged=436, early_stops=8/8
26 - INFO - chord#: 42 In build_straw_man_chord_sa. tolerance = 1, sa_iterations = 1000, initial_temperature = 3.0, cooling_rate = 0.999
26 - INFO - chord#: 44 done. best_score=27.0, changed=515, unchanged=340, early_stops=8/8
26 - INFO - chord#: 46 In build_straw_man_chord_sa. tolerance = 1, sa_iterations = 1000, initial_temperature = 3.0, cooling_rate = 0.999
26 - INFO - chord#: 32 done. best_score=36.0, changed=519, unchanged=437, early_stops=8/8
26 - INFO - chord#: 36 In build_straw_man_chord_sa. tolerance = 1, sa_iterations = 1000, initial_temperature = 3.0, cooling_rate = 0.999
26 - INFO - chord#: 32 done. best_score=36.0, changed=526, unchanged=588, early_stops=8/8
26 - INFO - chord#: 36 In build_straw_man_chord_sa. tolerance = 1, sa_iterations = 1000, initial_temperature = 3.0, cooling_rate = 0.999
26 - INFO - chord#: 36 done. best_score=27.0, changed=523, unchanged=448, early_stops=8/8
26 - INFO - chord#: 40 In build_straw_man_chord_sa. tolerance = 1, sa_iterations = 1000, initial_temperature = 3.0, cooling_rate = 0.999
26 - INFO - chord#: 46 done. best_score=157.0, changed=605, unchanged=212, early_stops=8/8
26 - INFO - chord#: 48 In build_straw_man_chord_sa. tolerance = 1, sa_iterations = 1000, initial_temperature = 3.0, cooling_rate = 0.999
26 - INFO - chord#: 42 done. best_score=36.0, changed=516, unchanged=313, early_stops=8/8
26 - INFO - chord#: 44 In build_straw_man_chord_sa. tolerance = 1, sa_iterations = 1000, initial_temperature = 3.0, cooling_rate = 0.999
26 - INFO - chord#: 46 done. best_score=64.0, changed=609, unchanged=223, early_stops=8/8
26 - INFO - chord#: 48 In build_straw_man_chord_sa. tolerance = 1, sa_iterations = 1000, initial_temperature = 3.0, cooling_rate = 0.999
26 - INFO - chord#: 42 done. best_score=36.0, changed=524, unchanged=442, early_stops=8/8
26 - INFO - chord#: 44 In build_straw_man_chord_sa. tolerance = 1, sa_iterations = 1000, initial_temperature = 3.0, cooling_rate = 0.999
26 - INFO - chord#: 42 done. best_score=36.0, changed=524, unchanged=401, early_stops=8/8
26 - INFO - chord#: 44 In build_straw_man_chord_sa. tolerance = 1, sa_iterations = 1000, initial_temperature = 3.0, cooling_rate = 0.999
26 - INFO - chord#: 46 done. best_score=104.0, changed=607, unchanged=333, early_stops=8/8
26 - INFO - chord#: 48 In build_straw_man_chord_sa. tolerance = 1, sa_iterations = 1000, initial_temperature = 3.0, cooling_rate = 0.999
26 - INFO - chord#: 46 done. best_score=64.0, changed=615, unchanged=359, early_stops=8/8
26 - INFO - chord#: 48 In build_straw_man_chord_sa. tolerance = 1, sa_iterations = 1000, initial_temperature = 3.0, cooling_rate = 0.999
26 - INFO - chord#: 36 done. best_score=27.0, changed=520, unchanged=410, early_stops=8/8
26 - INFO - chord#: 40 In build_straw_man_chord_sa. tolerance = 1, sa_iterations = 1000, initial_temperature = 3.0, cooling_rate = 0.999
26 - INFO - chord#: 48 done. best_score=27.0, changed=527, unchanged=374, early_stops=8/8
26 - INFO - chord#: 50 In build_straw_man_chord_sa. tolerance = 1, sa_iterations = 1000, initial_temperature = 3.0, cooling_rate = 0.999
26 - INFO - chord#: 36 done. best_score=27.0, changed=515, unchanged=394, early_stops=8/8
26 - INFO - chord#: 40 In build_straw_man_chord_sa. tolerance = 1, sa_iterations = 1000, initial_temperature = 3.0, cooling_rate = 0.999
26 - INFO - chord#: 44 done. best_score=27.0, changed=521, unchanged=373, early_stops=8/8
26 - INFO - chord#: 46 In build_straw_man_chord_sa. tolerance = 1, sa_iterations = 1000, initial_temperature = 3.0, cooling_rate = 0.999
26 - INFO - chord#: 36 done. best_score=27.0, changed=519, unchanged=442, early_stops=8/8
26 - INFO - chord#: 40 In build_straw_man_chord_sa. tolerance = 1, sa_iterations = 1000, initial_temperature = 3.0, cooling_rate = 0.999
26 - INFO - chord#: 40 done. best_score=27.0, changed=521, unchanged=455, early_stops=8/8
26 - INFO - chord#: 42 In build_straw_man_chord_sa. tolerance = 1, sa_iterations = 1000, initial_temperature = 3.0, cooling_rate = 0.999
26 - INFO - chord#: 48 done. best_score=27.0, changed=524, unchanged=463, early_stops=8/8
26 - INFO - chord#: 50 In build_straw_man_chord_sa. tolerance = 1, sa_iterations = 1000, initial_temperature = 3.0, cooling_rate = 0.999
26 - INFO - chord#: 44 done. best_score=27.0, changed=513, unchanged=450, early_stops=8/8
26 - INFO - chord#: 46 In build_straw_man_chord_sa. tolerance = 1, sa_iterations = 1000, initial_temperature = 3.0, cooling_rate = 0.999
26 - INFO - chord#: 44 done. best_score=27.0, changed=520, unchanged=371, early_stops=8/8
26 - INFO - chord#: 46 In build_straw_man_chord_sa. tolerance = 1, sa_iterations = 1000, initial_temperature = 3.0, cooling_rate = 0.999
26 - INFO - chord#: 48 done. best_score=27.0, changed=524, unchanged=349, early_stops=8/8
26 - INFO - chord#: 50 In build_straw_man_chord_sa. tolerance = 1, sa_iterations = 1000, initial_temperature = 3.0, cooling_rate = 0.999
26 - INFO - chord#: 48 done. best_score=27.0, changed=525, unchanged=448, early_stops=8/8
26 - INFO - chord#: 50 In build_straw_man_chord_sa. tolerance = 1, sa_iterations = 1000, initial_temperature = 3.0, cooling_rate = 0.999
26 - INFO - chord#: 40 done. best_score=27.0, changed=524, unchanged=414, early_stops=8/8
26 - INFO - chord#: 42 In build_straw_man_chord_sa. tolerance = 1, sa_iterations = 1000, initial_temperature = 3.0, cooling_rate = 0.999
26 - INFO - chord#: 40 done. best_score=27.0, changed=517, unchanged=375, early_stops=8/8
26 - INFO - chord#: 42 In build_straw_man_chord_sa. tolerance = 1, sa_iterations = 1000, initial_temperature = 3.0, cooling_rate = 0.999
26 - INFO - chord#: 40 done. best_score=27.0, changed=535, unchanged=449, early_stops=8/8
26 - INFO - chord#: 42 In build_straw_man_chord_sa. tolerance = 1, sa_iterations = 1000, initial_temperature = 3.0, cooling_rate = 0.999
26 - INFO - chord#: 42 done. best_score=36.0, changed=522, unchanged=397, early_stops=8/8
26 - INFO - chord#: 44 In build_straw_man_chord_sa. tolerance = 1, sa_iterations = 1000, initial_temperature = 3.0, cooling_rate = 0.999
26 - INFO - chord#: 46 done. best_score=64.0, changed=610, unchanged=401, early_stops=8/8
26 - INFO - chord#: 48 In build_straw_man_chord_sa. tolerance = 1, sa_iterations = 1000, initial_temperature = 3.0, cooling_rate = 0.999
26 - INFO - chord#: 50 done. best_score=93.0, changed=616, unchanged=335, early_stops=8/8
26 - INFO - chord#: 52 In build_straw_man_chord_sa. tolerance = 1, sa_iterations = 1000, initial_temperature = 3.0, cooling_rate = 0.999
26 - INFO - chord#: 42 done. best_score=36.0, changed=523, unchanged=622, early_stops=8/8
26 - INFO - chord#: 44 In build_straw_man_chord_sa. tolerance = 1, sa_iterations = 1000, initial_temperature = 3.0, cooling_rate = 0.999
26 - INFO - chord#: 50 done. best_score=119.0, changed=609, unchanged=238, early_stops=8/8
26 - INFO - chord#: 52 In build_straw_man_chord_sa. tolerance = 1, sa_iterations = 1000, initial_temperature = 3.0, cooling_rate = 0.999
26 - INFO - chord#: 44 done. best_score=27.0, changed=519, unchanged=435, early_stops=8/8
26 - INFO - chord#: 46 In build_straw_man_chord_sa. tolerance = 1, sa_iterations = 1000, initial_temperature = 3.0, cooling_rate = 0.999
26 - INFO - chord#: 42 done. best_score=36.0, changed=533, unchanged=377, early_stops=8/8
26 - INFO - chord#: 44 In build_straw_man_chord_sa. tolerance = 1, sa_iterations = 1000, initial_temperature = 3.0, cooling_rate = 0.999
26 - INFO - chord#: 46 done. best_score=64.0, changed=614, unchanged=357, early_stops=8/8
26 - INFO - chord#: 48 In build_straw_man_chord_sa. tolerance = 1, sa_iterations = 1000, initial_temperature = 3.0, cooling_rate = 0.999
26 - INFO - chord#: 48 done. best_score=27.0, changed=517, unchanged=392, early_stops=8/8
26 - INFO - chord#: 42 done. best_score=36.0, changed=530, unchanged=418, early_stops=8/8
26 - INFO - chord#: 50 In build_straw_man_chord_sa. tolerance = 1, sa_iterations = 1000, initial_temperature = 3.0, cooling_rate = 0.999
26 - INFO - chord#: 44 In build_straw_man_chord_sa. tolerance = 1, sa_iterations = 1000, initial_temperature = 3.0, cooling_rate = 0.999
26 - INFO - chord#: 50 done. best_score=94.0, changed=615, unchanged=525, early_stops=8/8
26 - INFO - chord#: 52 In build_straw_man_chord_sa. tolerance = 1, sa_iterations = 1000, initial_temperature = 3.0, cooling_rate = 0.999
26 - INFO - chord#: 50 done. best_score=93.0, changed=615, unchanged=448, early_stops=8/8
26 - INFO - chord#: 52 In build_straw_man_chord_sa. tolerance = 1, sa_iterations = 1000, initial_temperature = 3.0, cooling_rate = 0.999
26 - INFO - chord#: 46 done. best_score=64.0, changed=612, unchanged=406, early_stops=8/8
26 - INFO - chord#: 48 In build_straw_man_chord_sa. tolerance = 1, sa_iterations = 1000, initial_temperature = 3.0, cooling_rate = 0.999
26 - INFO - chord#: 44 done. best_score=27.0, changed=513, unchanged=425, early_stops=8/8
26 - INFO - chord#: 46 In build_straw_man_chord_sa. tolerance = 1, sa_iterations = 1000, initial_temperature = 3.0, cooling_rate = 0.999
26 - INFO - chord#: 48 done. best_score=27.0, changed=527, unchanged=481, early_stops=8/8
26 - INFO - chord#: 50 In build_straw_man_chord_sa. tolerance = 1, sa_iterations = 1000, initial_temperature = 3.0, cooling_rate = 0.999
26 - INFO - chord#: 46 done. best_score=64.0, changed=616, unchanged=466, early_stops=8/8
26 - INFO - chord#: 48 In build_straw_man_chord_sa. tolerance = 1, sa_iterations = 1000, initial_temperature = 3.0, cooling_rate = 0.999
26 - INFO - chord#: 44 done. best_score=27.0, changed=521, unchanged=466, early_stops=8/8
26 - INFO - chord#: 46 In build_straw_man_chord_sa. tolerance = 1, sa_iterations = 1000, initial_temperature = 3.0, cooling_rate = 0.999
26 - INFO - chord#: 44 done. best_score=27.0, changed=518, unchanged=402, early_stops=8/8
26 - INFO - chord#: 46 In build_straw_man_chord_sa. tolerance = 1, sa_iterations = 1000, initial_temperature = 3.0, cooling_rate = 0.999
26 - INFO - chord#: 52 done. best_score=145.0, changed=608, unchanged=249, early_stops=8/8
26 - INFO - chord#: 56 In build_straw_man_chord_sa. tolerance = 1, sa_iterations = 1000, initial_temperature = 3.0, cooling_rate = 0.999
26 - INFO - chord#: 48 done. best_score=27.0, changed=518, unchanged=411, early_stops=8/8
26 - INFO - chord#: 50 In build_straw_man_chord_sa. tolerance = 1, sa_iterations = 1000, initial_temperature = 3.0, cooling_rate = 0.999
26 - INFO - chord#: 52 done. best_score=67.0, changed=617, unchanged=351, early_stops=8/8
26 - INFO - chord#: 56 In build_straw_man_chord_sa. tolerance = 1, sa_iterations = 1000, initial_temperature = 3.0, cooling_rate = 0.999
26 - INFO - chord#: 48 done. best_score=27.0, changed=517, unchanged=399, early_stops=8/8
26 - INFO - chord#: 50 In build_straw_man_chord_sa. tolerance = 1, sa_iterations = 1000, initial_temperature = 3.0, cooling_rate = 0.999
26 - INFO - chord#: 46 done. best_score=104.0, changed=611, unchanged=314, early_stops=8/8
26 - INFO - chord#: 48 In build_straw_man_chord_sa. tolerance = 1, sa_iterations = 1000, initial_temperature = 3.0, cooling_rate = 0.999
26 - INFO - chord#: 52 done. best_score=78.0, changed=608, unchanged=309, early_stops=8/8
26 - INFO - chord#: 56 In build_straw_man_chord_sa. tolerance = 1, sa_iterations = 1000, initial_temperature = 3.0, cooling_rate = 0.999
26 - INFO - chord#: 56 done. best_score=27.0, changed=520, unchanged=404, early_stops=8/8
26 - INFO - chord#: 58 In build_straw_man_chord_sa. tolerance = 1, sa_iterations = 1000, initial_temperature = 3.0, cooling_rate = 0.999
26 - INFO - chord#: 50 done. best_score=93.0, changed=610, unchanged=262, early_stops=8/8
26 - INFO - chord#: 52 In build_straw_man_chord_sa. tolerance = 1, sa_iterations = 1000, initial_temperature = 3.0, cooling_rate = 0.999
26 - INFO - chord#: 48 done. best_score=27.0, changed=530, unchanged=398, early_stops=8/8
26 - INFO - chord#: 50 In build_straw_man_chord_sa. tolerance = 1, sa_iterations = 1000, initial_temperature = 3.0, cooling_rate = 0.999
26 - INFO - chord#: 52 done. best_score=78.0, changed=617, unchanged=388, early_stops=8/8
26 - INFO - chord#: 56 In build_straw_man_chord_sa. tolerance = 1, sa_iterations = 1000, initial_temperature = 3.0, cooling_rate = 0.999
26 - INFO - chord#: 56 done. best_score=27.0, changed=531, unchanged=574, early_stops=8/8
26 - INFO - chord#: 58 In build_straw_man_chord_sa. tolerance = 1, sa_iterations = 1000, initial_temperature = 3.0, cooling_rate = 0.999
26 - INFO - chord#: 50 done. best_score=157.0, changed=619, unchanged=327, early_stops=8/8
26 - INFO - chord#: 52 In build_straw_man_chord_sa. tolerance = 1, sa_iterations = 1000, initial_temperature = 3.0, cooling_rate = 0.999
26 - INFO - chord#: 46 done. best_score=64.0, changed=615, unchanged=387, early_stops=8/8
26 - INFO - chord#: 48 In build_straw_man_chord_sa. tolerance = 1, sa_iterations = 1000, initial_temperature = 3.0, cooling_rate = 0.999
26 - INFO - chord#: 56 done. best_score=27.0, changed=518, unchanged=361, early_stops=8/8
26 - INFO - chord#: 58 In build_straw_man_chord_sa. tolerance = 1, sa_iterations = 1000, initial_temperature = 3.0, cooling_rate = 0.999
26 - INFO - chord#: 46 done. best_score=64.0, changed=610, unchanged=230, early_stops=8/8
26 - INFO - chord#: 48 In build_straw_man_chord_sa. tolerance = 1, sa_iterations = 1000, initial_temperature = 3.0, cooling_rate = 0.999
26 - INFO - chord#: 46 done. best_score=64.0, changed=611, unchanged=286, early_stops=8/8
26 - INFO - chord#: 48 In build_straw_man_chord_sa. tolerance = 1, sa_iterations = 1000, initial_temperature = 3.0, cooling_rate = 0.999
26 - INFO - chord#: 56 done. best_score=27.0, changed=526, unchanged=463, early_stops=8/8
26 - INFO - chord#: 58 In build_straw_man_chord_sa. tolerance = 1, sa_iterations = 1000, initial_temperature = 3.0, cooling_rate = 0.999
26 - INFO - chord#: 48 done. best_score=27.0, changed=523, unchanged=336, early_stops=8/8
26 - INFO - chord#: 50 In build_straw_man_chord_sa. tolerance = 1, sa_iterations = 1000, initial_temperature = 3.0, cooling_rate = 0.999
26 - INFO - chord#: 50 done. best_score=93.0, changed=615, unchanged=335, early_stops=8/8
26 - INFO - chord#: 52 In build_straw_man_chord_sa. tolerance = 1, sa_iterations = 1000, initial_temperature = 3.0, cooling_rate = 0.999
26 - INFO - chord#: 50 done. best_score=105.0, changed=614, unchanged=328, early_stops=8/8
26 - INFO - chord#: 52 In build_straw_man_chord_sa. tolerance = 1, sa_iterations = 1000, initial_temperature = 3.0, cooling_rate = 0.999
26 - INFO - chord#: 48 done. best_score=27.0, changed=520, unchanged=321, early_stops=8/8
26 - INFO - chord#: 50 In build_straw_man_chord_sa. tolerance = 1, sa_iterations = 1000, initial_temperature = 3.0, cooling_rate = 0.999
26 - INFO - chord#: 52 done. best_score=67.0, changed=615, unchanged=323, early_stops=8/8
26 - INFO - chord#: 56 In build_straw_man_chord_sa. tolerance = 1, sa_iterations = 1000, initial_temperature = 3.0, cooling_rate = 0.999
26 - INFO - chord#: 50 done. best_score=129.0, changed=611, unchanged=259, early_stops=8/8
26 - INFO - chord#: 52 In build_straw_man_chord_sa. tolerance = 1, sa_iterations = 1000, initial_temperature = 3.0, cooling_rate = 0.999
26 - INFO - chord#: 48 done. best_score=27.0, changed=521, unchanged=448, early_stops=8/8
26 - INFO - chord#: 50 In build_straw_man_chord_sa. tolerance = 1, sa_iterations = 1000, initial_temperature = 3.0, cooling_rate = 0.999
26 - INFO - chord#: 58 done. best_score=67.0, changed=614, unchanged=360, early_stops=8/8
26 - INFO - chord#: 60 In build_straw_man_chord_sa. tolerance = 1, sa_iterations = 1000, initial_temperature = 3.0, cooling_rate = 0.999
26 - INFO - chord#: 52 done. best_score=137.0, changed=611, unchanged=353, early_stops=8/8
26 - INFO - chord#: 56 In build_straw_man_chord_sa. tolerance = 1, sa_iterations = 1000, initial_temperature = 3.0, cooling_rate = 0.999
26 - INFO - chord#: 58 done. best_score=67.0, changed=615, unchanged=367, early_stops=8/8
26 - INFO - chord#: 60 In build_straw_man_chord_sa. tolerance = 1, sa_iterations = 1000, initial_temperature = 3.0, cooling_rate = 0.999
26 - INFO - chord#: 60 done. best_score=11.0, changed=476, unchanged=336, early_stops=8/8
26 - INFO - chord#: 64 In build_straw_man_chord_sa. tolerance = 1, sa_iterations = 1000, initial_temperature = 3.0, cooling_rate = 0.999
26 - INFO - chord#: 56 done. best_score=27.0, changed=514, unchanged=406, early_stops=8/8
26 - INFO - chord#: 58 In build_straw_man_chord_sa. tolerance = 1, sa_iterations = 1000, initial_temperature = 3.0, cooling_rate = 0.999
26 - INFO - chord#: 60 done. best_score=11.0, changed=471, unchanged=371, early_stops=8/8
26 - INFO - chord#: 64 In build_straw_man_chord_sa. tolerance = 1, sa_iterations = 1000, initial_temperature = 3.0, cooling_rate = 0.999
26 - INFO - chord#: 50 done. best_score=96.0, changed=615, unchanged=334, early_stops=8/8
26 - INFO - chord#: 52 In build_straw_man_chord_sa. tolerance = 1, sa_iterations = 1000, initial_temperature = 3.0, cooling_rate = 0.999
26 - INFO - chord#: 58 done. best_score=162.0, changed=613, unchanged=340, early_stops=8/8
26 - INFO - chord#: 60 In build_straw_man_chord_sa. tolerance = 1, sa_iterations = 1000, initial_temperature = 3.0, cooling_rate = 0.999
26 - INFO - chord#: 56 done. best_score=27.0, changed=522, unchanged=369, early_stops=8/8
26 - INFO - chord#: 58 In build_straw_man_chord_sa. tolerance = 1, sa_iterations = 1000, initial_temperature = 3.0, cooling_rate = 0.999
26 - INFO - chord#: 60 done. best_score=11.0, changed=491, unchanged=347, early_stops=8/8
26 - INFO - chord#: 64 In build_straw_man_chord_sa. tolerance = 1, sa_iterations = 1000, initial_temperature = 3.0, cooling_rate = 0.999
26 - INFO - chord#: 58 done. best_score=67.0, changed=609, unchanged=325, early_stops=8/8
26 - INFO - chord#: 60 In build_straw_man_chord_sa. tolerance = 1, sa_iterations = 1000, initial_temperature = 3.0, cooling_rate = 0.999
26 - INFO - chord#: 64 done. best_score=27.0, changed=527, unchanged=426, early_stops=8/8
26 - INFO - chord#: 68 In build_straw_man_chord_sa. tolerance = 1, sa_iterations = 1000, initial_temperature = 3.0, cooling_rate = 0.999
26 - INFO - chord#: 52 done. best_score=119.0, changed=612, unchanged=229, early_stops=8/8
26 - INFO - chord#: 56 In build_straw_man_chord_sa. tolerance = 1, sa_iterations = 1000, initial_temperature = 3.0, cooling_rate = 0.999
26 - INFO - chord#: 60 done. best_score=11.0, changed=477, unchanged=344, early_stops=8/8
26 - INFO - chord#: 64 In build_straw_man_chord_sa. tolerance = 1, sa_iterations = 1000, initial_temperature = 3.0, cooling_rate = 0.999
26 - INFO - chord#: 52 done. best_score=137.0, changed=611, unchanged=252, early_stops=8/8
26 - INFO - chord#: 56 In build_straw_man_chord_sa. tolerance = 1, sa_iterations = 1000, initial_temperature = 3.0, cooling_rate = 0.999
26 - INFO - chord#: 64 done. best_score=27.0, changed=522, unchanged=376, early_stops=8/8
26 - INFO - chord#: 68 In build_straw_man_chord_sa. tolerance = 1, sa_iterations = 1000, initial_temperature = 3.0, cooling_rate = 0.999
26 - INFO - chord#: 50 done. best_score=148.0, changed=610, unchanged=227, early_stops=8/8
26 - INFO - chord#: 52 In build_straw_man_chord_sa. tolerance = 1, sa_iterations = 1000, initial_temperature = 3.0, cooling_rate = 0.999
26 - INFO - chord#: 50 done. best_score=119.0, changed=611, unchanged=298, early_stops=8/8
26 - INFO - chord#: 52 In build_straw_man_chord_sa. tolerance = 1, sa_iterations = 1000, initial_temperature = 3.0, cooling_rate = 0.999
26 - INFO - chord#: 68 done. best_score=27.0, changed=526, unchanged=424, early_stops=8/8
26 - INFO - chord#: 70 In build_straw_man_chord_sa. tolerance = 1, sa_iterations = 1000, initial_temperature = 3.0, cooling_rate = 0.999
26 - INFO - chord#: 64 done. best_score=27.0, changed=526, unchanged=402, early_stops=8/8
26 - INFO - chord#: 68 In build_straw_man_chord_sa. tolerance = 1, sa_iterations = 1000, initial_temperature = 3.0, cooling_rate = 0.999
26 - INFO - chord#: 52 done. best_score=119.0, changed=620, unchanged=334, early_stops=8/8
26 - INFO - chord#: 56 In build_straw_man_chord_sa. tolerance = 1, sa_iterations = 1000, initial_temperature = 3.0, cooling_rate = 0.999
26 - INFO - chord#: 56 done. best_score=27.0, changed=523, unchanged=379, early_stops=8/8
26 - INFO - chord#: 58 In build_straw_man_chord_sa. tolerance = 1, sa_iterations = 1000, initial_temperature = 3.0, cooling_rate = 0.999
26 - INFO - chord#: 58 done. best_score=96.0, changed=615, unchanged=356, early_stops=8/8
26 - INFO - chord#: 60 In build_straw_man_chord_sa. tolerance = 1, sa_iterations = 1000, initial_temperature = 3.0, cooling_rate = 0.999
26 - INFO - chord#: 64 done. best_score=27.0, changed=521, unchanged=454, early_stops=8/8
26 - INFO - chord#: 68 In build_straw_man_chord_sa. tolerance = 1, sa_iterations = 1000, initial_temperature = 3.0, cooling_rate = 0.999
26 - INFO - chord#: 68 done. best_score=27.0, changed=515, unchanged=374, early_stops=8/8
26 - INFO - chord#: 70 In build_straw_man_chord_sa. tolerance = 1, sa_iterations = 1000, initial_temperature = 3.0, cooling_rate = 0.999
26 - INFO - chord#: 60 done. best_score=11.0, changed=477, unchanged=342, early_stops=8/8
26 - INFO - chord#: 64 In build_straw_man_chord_sa. tolerance = 1, sa_iterations = 1000, initial_temperature = 3.0, cooling_rate = 0.999
26 - INFO - chord#: 56 done. best_score=27.0, changed=524, unchanged=488, early_stops=8/8
26 - INFO - chord#: 58 In build_straw_man_chord_sa. tolerance = 1, sa_iterations = 1000, initial_temperature = 3.0, cooling_rate = 0.999
26 - INFO - chord#: 52 done. best_score=78.0, changed=610, unchanged=308, early_stops=8/8
26 - INFO - chord#: 56 In build_straw_man_chord_sa. tolerance = 1, sa_iterations = 1000, initial_temperature = 3.0, cooling_rate = 0.999
26 - INFO - chord#: 68 done. best_score=27.0, changed=524, unchanged=469, early_stops=8/8
26 - INFO - chord#: 70 In build_straw_man_chord_sa. tolerance = 1, sa_iterations = 1000, initial_temperature = 3.0, cooling_rate = 0.999
26 - INFO - chord#: 58 done. best_score=67.0, changed=616, unchanged=276, early_stops=8/8
26 - INFO - chord#: 60 In build_straw_man_chord_sa. tolerance = 1, sa_iterations = 1000, initial_temperature = 3.0, cooling_rate = 0.999
26 - INFO - chord#: 56 done. best_score=27.0, changed=518, unchanged=355, early_stops=8/8
26 - INFO - chord#: 58 In build_straw_man_chord_sa. tolerance = 1, sa_iterations = 1000, initial_temperature = 3.0, cooling_rate = 0.999
26 - INFO - chord#: 60 done. best_score=11.0, changed=478, unchanged=345, early_stops=8/8
26 - INFO - chord#: 64 In build_straw_man_chord_sa. tolerance = 1, sa_iterations = 1000, initial_temperature = 3.0, cooling_rate = 0.999
26 - INFO - chord#: 68 done. best_score=27.0, changed=529, unchanged=357, early_stops=8/8
26 - INFO - chord#: 70 In build_straw_man_chord_sa. tolerance = 1, sa_iterations = 1000, initial_temperature = 3.0, cooling_rate = 0.999
26 - INFO - chord#: 64 done. best_score=27.0, changed=526, unchanged=455, early_stops=8/8
26 - INFO - chord#: 68 In build_straw_man_chord_sa. tolerance = 1, sa_iterations = 1000, initial_temperature = 3.0, cooling_rate = 0.999
26 - INFO - chord#: 56 done. best_score=27.0, changed=523, unchanged=443, early_stops=8/8
26 - INFO - chord#: 58 In build_straw_man_chord_sa. tolerance = 1, sa_iterations = 1000, initial_temperature = 3.0, cooling_rate = 0.999
26 - INFO - chord#: 70 done. best_score=70.0, changed=615, unchanged=370, early_stops=8/8
26 - INFO - chord#: 72 In build_straw_man_chord_sa. tolerance = 1, sa_iterations = 1000, initial_temperature = 3.0, cooling_rate = 0.999
26 - INFO - chord#: 64 done. best_score=27.0, changed=520, unchanged=420, early_stops=8/8
26 - INFO - chord#: 68 In build_straw_man_chord_sa. tolerance = 1, sa_iterations = 1000, initial_temperature = 3.0, cooling_rate = 0.999
26 - INFO - chord#: 72 done. best_score=11.0, changed=471, unchanged=342, early_stops=8/8
26 - INFO - chord#: 74 In build_straw_man_chord_sa. tolerance = 1, sa_iterations = 1000, initial_temperature = 3.0, cooling_rate = 0.999
26 - INFO - chord#: 52 done. best_score=78.0, changed=615, unchanged=337, early_stops=8/8
26 - INFO - chord#: 56 In build_straw_man_chord_sa. tolerance = 1, sa_iterations = 1000, initial_temperature = 3.0, cooling_rate = 0.999
26 - INFO - chord#: 58 done. best_score=67.0, changed=616, unchanged=361, early_stops=8/8
26 - INFO - chord#: 60 In build_straw_man_chord_sa. tolerance = 1, sa_iterations = 1000, initial_temperature = 3.0, cooling_rate = 0.999
26 - INFO - chord#: 52 done. best_score=137.0, changed=615, unchanged=346, early_stops=8/8
26 - INFO - chord#: 56 In build_straw_man_chord_sa. tolerance = 1, sa_iterations = 1000, initial_temperature = 3.0, cooling_rate = 0.999
26 - INFO - chord#: 60 done. best_score=11.0, changed=484, unchanged=349, early_stops=8/8
26 - INFO - chord#: 64 In build_straw_man_chord_sa. tolerance = 1, sa_iterations = 1000, initial_temperature = 3.0, cooling_rate = 0.999
26 - INFO - chord#: 68 done. best_score=27.0, changed=524, unchanged=411, early_stops=8/8
26 - INFO - chord#: 70 In build_straw_man_chord_sa. tolerance = 1, sa_iterations = 1000, initial_temperature = 3.0, cooling_rate = 0.999
26 - INFO - chord#: 70 done. best_score=70.0, changed=611, unchanged=347, early_stops=8/8
26 - INFO - chord#: 72 In build_straw_man_chord_sa. tolerance = 1, sa_iterations = 1000, initial_temperature = 3.0, cooling_rate = 0.999
26 - INFO - chord#: 68 done. best_score=27.0, changed=530, unchanged=412, early_stops=8/8
26 - INFO - chord#: 70 In build_straw_man_chord_sa. tolerance = 1, sa_iterations = 1000, initial_temperature = 3.0, cooling_rate = 0.999
26 - INFO - chord#: 70 done. best_score=70.0, changed=615, unchanged=401, early_stops=8/8
26 - INFO - chord#: 72 In build_straw_man_chord_sa. tolerance = 1, sa_iterations = 1000, initial_temperature = 3.0, cooling_rate = 0.999
26 - INFO - chord#: 72 done. best_score=11.0, changed=482, unchanged=347, early_stops=8/8
26 - INFO - chord#: 74 In build_straw_man_chord_sa. tolerance = 1, sa_iterations = 1000, initial_temperature = 3.0, cooling_rate = 0.999
26 - INFO - chord#: 58 done. best_score=67.0, changed=604, unchanged=271, early_stops=8/8
26 - INFO - chord#: 60 In build_straw_man_chord_sa. tolerance = 1, sa_iterations = 1000, initial_temperature = 3.0, cooling_rate = 0.999
26 - INFO - chord#: 72 done. best_score=11.0, changed=477, unchanged=344, early_stops=8/8
26 - INFO - chord#: 74 In build_straw_man_chord_sa. tolerance = 1, sa_iterations = 1000, initial_temperature = 3.0, cooling_rate = 0.999
26 - INFO - chord#: 64 done. best_score=27.0, changed=519, unchanged=418, early_stops=8/8
26 - INFO - chord#: 68 In build_straw_man_chord_sa. tolerance = 1, sa_iterations = 1000, initial_temperature = 3.0, cooling_rate = 0.999
26 - INFO - chord#: 56 done. best_score=27.0, changed=521, unchanged=306, early_stops=8/8
26 - INFO - chord#: 58 In build_straw_man_chord_sa. tolerance = 1, sa_iterations = 1000, initial_temperature = 3.0, cooling_rate = 0.999
26 - INFO - chord#: 56 done. best_score=27.0, changed=517, unchanged=385, early_stops=8/8
26 - INFO - chord#: 58 In build_straw_man_chord_sa. tolerance = 1, sa_iterations = 1000, initial_temperature = 3.0, cooling_rate = 0.999
26 - INFO - chord#: 60 done. best_score=11.0, changed=478, unchanged=354, early_stops=8/8
26 - INFO - chord#: 64 In build_straw_man_chord_sa. tolerance = 1, sa_iterations = 1000, initial_temperature = 3.0, cooling_rate = 0.999
26 - INFO - chord#: 58 done. best_score=67.0, changed=610, unchanged=304, early_stops=8/8
26 - INFO - chord#: 60 In build_straw_man_chord_sa. tolerance = 1, sa_iterations = 1000, initial_temperature = 3.0, cooling_rate = 0.999
26 - INFO - chord#: 58 done. best_score=67.0, changed=616, unchanged=274, early_stops=8/8
26 - INFO - chord#: 60 In build_straw_man_chord_sa. tolerance = 1, sa_iterations = 1000, initial_temperature = 3.0, cooling_rate = 0.999
26 - INFO - chord#: 70 done. best_score=111.0, changed=610, unchanged=295, early_stops=8/8
26 - INFO - chord#: 72 In build_straw_man_chord_sa. tolerance = 1, sa_iterations = 1000, initial_temperature = 3.0, cooling_rate = 0.999
26 - INFO - chord#: 60 done. best_score=11.0, changed=505, unchanged=323, early_stops=8/8
26 - INFO - chord#: 64 In build_straw_man_chord_sa. tolerance = 1, sa_iterations = 1000, initial_temperature = 3.0, cooling_rate = 0.999
26 - INFO - chord#: 60 done. best_score=11.0, changed=494, unchanged=352, early_stops=8/8
26 - INFO - chord#: 64 In build_straw_man_chord_sa. tolerance = 1, sa_iterations = 1000, initial_temperature = 3.0, cooling_rate = 0.999
26 - INFO - chord#: 72 done. best_score=11.0, changed=487, unchanged=349, early_stops=8/8
26 - INFO - chord#: 74 In build_straw_man_chord_sa. tolerance = 1, sa_iterations = 1000, initial_temperature = 3.0, cooling_rate = 0.999
26 - INFO - chord#: 68 done. best_score=27.0, changed=525, unchanged=413, early_stops=8/8
26 - INFO - chord#: 70 In build_straw_man_chord_sa. tolerance = 1, sa_iterations = 1000, initial_temperature = 3.0, cooling_rate = 0.999
26 - INFO - chord#: 74 done. best_score=101.0, changed=614, unchanged=382, early_stops=8/8
26 - INFO - chord#: 76 In build_straw_man_chord_sa. tolerance = 1, sa_iterations = 1000, initial_temperature = 3.0, cooling_rate = 0.999
26 - INFO - chord#: 70 done. best_score=70.0, changed=609, unchanged=218, early_stops=8/8
26 - INFO - chord#: 72 In build_straw_man_chord_sa. tolerance = 1, sa_iterations = 1000, initial_temperature = 3.0, cooling_rate = 0.999
26 - INFO - chord#: 70 done. best_score=70.0, changed=617, unchanged=424, early_stops=8/8
26 - INFO - chord#: 72 In build_straw_man_chord_sa. tolerance = 1, sa_iterations = 1000, initial_temperature = 3.0, cooling_rate = 0.999
26 - INFO - chord#: 64 done. best_score=27.0, changed=516, unchanged=344, early_stops=8/8
26 - INFO - chord#: 68 In build_straw_man_chord_sa. tolerance = 1, sa_iterations = 1000, initial_temperature = 3.0, cooling_rate = 0.999
26 - INFO - chord#: 72 done. best_score=11.0, changed=470, unchanged=338, early_stops=8/8
26 - INFO - chord#: 74 In build_straw_man_chord_sa. tolerance = 1, sa_iterations = 1000, initial_temperature = 3.0, cooling_rate = 0.999
26 - INFO - chord#: 64 done. best_score=27.0, changed=524, unchanged=406, early_stops=8/8
26 - INFO - chord#: 68 In build_straw_man_chord_sa. tolerance = 1, sa_iterations = 1000, initial_temperature = 3.0, cooling_rate = 0.999
26 - INFO - chord#: 72 done. best_score=11.0, changed=494, unchanged=344, early_stops=8/8
26 - INFO - chord#: 74 In build_straw_man_chord_sa. tolerance = 1, sa_iterations = 1000, initial_temperature = 3.0, cooling_rate = 0.999
26 - INFO - chord#: 76 done. best_score=27.0, changed=521, unchanged=351, early_stops=8/8
26 - INFO - chord#: 78 In build_straw_man_chord_sa. tolerance = 1, sa_iterations = 1000, initial_temperature = 3.0, cooling_rate = 0.999
26 - INFO - chord#: 64 done. best_score=27.0, changed=519, unchanged=472, early_stops=8/8
26 - INFO - chord#: 68 In build_straw_man_chord_sa. tolerance = 1, sa_iterations = 1000, initial_temperature = 3.0, cooling_rate = 0.999
26 - INFO - chord#: 74 done. best_score=101.0, changed=613, unchanged=446, early_stops=8/8
26 - INFO - chord#: 76 In build_straw_man_chord_sa. tolerance = 1, sa_iterations = 1000, initial_temperature = 3.0, cooling_rate = 0.999
26 - INFO - chord#: 68 done. best_score=27.0, changed=519, unchanged=304, early_stops=8/8
26 - INFO - chord#: 70 In build_straw_man_chord_sa. tolerance = 1, sa_iterations = 1000, initial_temperature = 3.0, cooling_rate = 0.999
26 - INFO - chord#: 68 done. best_score=27.0, changed=523, unchanged=320, early_stops=8/8
26 - INFO - chord#: 70 In build_straw_man_chord_sa. tolerance = 1, sa_iterations = 1000, initial_temperature = 3.0, cooling_rate = 0.999
26 - INFO - chord#: 58 done. best_score=67.0, changed=612, unchanged=274, early_stops=8/8
26 - INFO - chord#: 60 In build_straw_man_chord_sa. tolerance = 1, sa_iterations = 1000, initial_temperature = 3.0, cooling_rate = 0.999
26 - INFO - chord#: 70 done. best_score=70.0, changed=615, unchanged=280, early_stops=8/8
26 - INFO - chord#: 72 In build_straw_man_chord_sa. tolerance = 1, sa_iterations = 1000, initial_temperature = 3.0, cooling_rate = 0.999
26 - INFO - chord#: 58 done. best_score=96.0, changed=615, unchanged=270, early_stops=8/8
26 - INFO - chord#: 60 In build_straw_man_chord_sa. tolerance = 1, sa_iterations = 1000, initial_temperature = 3.0, cooling_rate = 0.999
26 - INFO - chord#: 74 done. best_score=101.0, changed=618, unchanged=371, early_stops=8/8
26 - INFO - chord#: 76 In build_straw_man_chord_sa. tolerance = 1, sa_iterations = 1000, initial_temperature = 3.0, cooling_rate = 0.999
26 - INFO - chord#: 72 done. best_score=11.0, changed=474, unchanged=345, early_stops=8/8
26 - INFO - chord#: 74 In build_straw_man_chord_sa. tolerance = 1, sa_iterations = 1000, initial_temperature = 3.0, cooling_rate = 0.999
26 - INFO - chord#: 60 done. best_score=11.0, changed=481, unchanged=328, early_stops=8/8
26 - INFO - chord#: 60 done. best_score=11.0, changed=480, unchanged=360, early_stops=8/8
26 - INFO - chord#: 64 In build_straw_man_chord_sa. tolerance = 1, sa_iterations = 1000, initial_temperature = 3.0, cooling_rate = 0.999
26 - INFO - chord#: 64 In build_straw_man_chord_sa. tolerance = 1, sa_iterations = 1000, initial_temperature = 3.0, cooling_rate = 0.999
26 - INFO - chord#: 68 done. best_score=27.0, changed=522, unchanged=421, early_stops=8/8
26 - INFO - chord#: 70 In build_straw_man_chord_sa. tolerance = 1, sa_iterations = 1000, initial_temperature = 3.0, cooling_rate = 0.999
26 - INFO - chord#: 74 done. best_score=94.0, changed=610, unchanged=237, early_stops=8/8
26 - INFO - chord#: 76 In build_straw_man_chord_sa. tolerance = 1, sa_iterations = 1000, initial_temperature = 3.0, cooling_rate = 0.999
26 - INFO - chord#: 76 done. best_score=27.0, changed=526, unchanged=474, early_stops=8/8
26 - INFO - chord#: 78 In build_straw_man_chord_sa. tolerance = 1, sa_iterations = 1000, initial_temperature = 3.0, cooling_rate = 0.999
26 - INFO - chord#: 74 done. best_score=94.0, changed=614, unchanged=355, early_stops=8/8
26 - INFO - chord#: 76 In build_straw_man_chord_sa. tolerance = 1, sa_iterations = 1000, initial_temperature = 3.0, cooling_rate = 0.999
26 - INFO - chord#: 74 done. best_score=101.0, changed=614, unchanged=446, early_stops=8/8
26 - INFO - chord#: 76 In build_straw_man_chord_sa. tolerance = 1, sa_iterations = 1000, initial_temperature = 3.0, cooling_rate = 0.999
26 - INFO - chord#: 78 done. best_score=82.0, changed=613, unchanged=342, early_stops=8/8
26 - INFO - chord#: 80 In build_straw_man_chord_sa. tolerance = 1, sa_iterations = 1000, initial_temperature = 3.0, cooling_rate = 0.999
26 - INFO - chord#: 76 done. best_score=27.0, changed=527, unchanged=459, early_stops=8/8
26 - INFO - chord#: 78 In build_straw_man_chord_sa. tolerance = 1, sa_iterations = 1000, initial_temperature = 3.0, cooling_rate = 0.999
26 - INFO - chord#: 64 done. best_score=27.0, changed=516, unchanged=380, early_stops=8/8
26 - INFO - chord#: 68 In build_straw_man_chord_sa. tolerance = 1, sa_iterations = 1000, initial_temperature = 3.0, cooling_rate = 0.999
26 - INFO - chord#: 64 done. best_score=27.0, changed=525, unchanged=446, early_stops=8/8
26 - INFO - chord#: 68 In build_straw_man_chord_sa. tolerance = 1, sa_iterations = 1000, initial_temperature = 3.0, cooling_rate = 0.999
26 - INFO - chord#: 70 done. best_score=70.0, changed=610, unchanged=302, early_stops=8/8
26 - INFO - chord#: 72 In build_straw_man_chord_sa. tolerance = 1, sa_iterations = 1000, initial_temperature = 3.0, cooling_rate = 0.999
26 - INFO - chord#: 76 done. best_score=27.0, changed=523, unchanged=408, early_stops=8/8
26 - INFO - chord#: 78 In build_straw_man_chord_sa. tolerance = 1, sa_iterations = 1000, initial_temperature = 3.0, cooling_rate = 0.999
26 - INFO - chord#: 72 done. best_score=11.0, changed=488, unchanged=347, early_stops=8/8
26 - INFO - chord#: 74 In build_straw_man_chord_sa. tolerance = 1, sa_iterations = 1000, initial_temperature = 3.0, cooling_rate = 0.999
26 - INFO - chord#: 76 done. best_score=27.0, changed=526, unchanged=319, early_stops=8/8
26 - INFO - chord#: 78 In build_straw_man_chord_sa. tolerance = 1, sa_iterations = 1000, initial_temperature = 3.0, cooling_rate = 0.999
26 - INFO - chord#: 76 done. best_score=27.0, changed=522, unchanged=381, early_stops=8/8
26 - INFO - chord#: 78 In build_straw_man_chord_sa. tolerance = 1, sa_iterations = 1000, initial_temperature = 3.0, cooling_rate = 0.999
26 - INFO - chord#: 74 done. best_score=157.0, changed=610, unchanged=335, early_stops=8/8
26 - INFO - chord#: 76 In build_straw_man_chord_sa. tolerance = 1, sa_iterations = 1000, initial_temperature = 3.0, cooling_rate = 0.999
26 - INFO - chord#: 70 done. best_score=138.0, changed=611, unchanged=378, early_stops=8/8
26 - INFO - chord#: 72 In build_straw_man_chord_sa. tolerance = 1, sa_iterations = 1000, initial_temperature = 3.0, cooling_rate = 0.999
26 - INFO - chord#: 80 done. best_score=27.0, changed=521, unchanged=475, early_stops=8/8
26 - INFO - chord#: 82 In build_straw_man_chord_sa. tolerance = 1, sa_iterations = 1000, initial_temperature = 3.0, cooling_rate = 0.999
26 - INFO - chord#: 68 done. best_score=27.0, changed=523, unchanged=344, early_stops=8/8
26 - INFO - chord#: 70 In build_straw_man_chord_sa. tolerance = 1, sa_iterations = 1000, initial_temperature = 3.0, cooling_rate = 0.999
26 - INFO - chord#: 78 done. best_score=146.0, changed=615, unchanged=292, early_stops=8/8
26 - INFO - chord#: 80 In build_straw_man_chord_sa. tolerance = 1, sa_iterations = 1000, initial_temperature = 3.0, cooling_rate = 0.999
26 - INFO - chord#: 68 done. best_score=27.0, changed=523, unchanged=383, early_stops=8/8
26 - INFO - chord#: 72 done. best_score=11.0, changed=481, unchanged=336, early_stops=8/8
26 - INFO - chord#: 70 In build_straw_man_chord_sa. tolerance = 1, sa_iterations = 1000, initial_temperature = 3.0, cooling_rate = 0.999
26 - INFO - chord#: 74 In build_straw_man_chord_sa. tolerance = 1, sa_iterations = 1000, initial_temperature = 3.0, cooling_rate = 0.999
26 - INFO - chord#: 70 done. best_score=70.0, changed=615, unchanged=335, early_stops=8/8
26 - INFO - chord#: 72 In build_straw_man_chord_sa. tolerance = 1, sa_iterations = 1000, initial_temperature = 3.0, cooling_rate = 0.999
26 - INFO - chord#: 72 done. best_score=11.0, changed=468, unchanged=359, early_stops=8/8
26 - INFO - chord#: 74 In build_straw_man_chord_sa. tolerance = 1, sa_iterations = 1000, initial_temperature = 3.0, cooling_rate = 0.999
26 - INFO - chord#: 76 done. best_score=27.0, changed=517, unchanged=444, early_stops=8/8
26 - INFO - chord#: 78 In build_straw_man_chord_sa. tolerance = 1, sa_iterations = 1000, initial_temperature = 3.0, cooling_rate = 0.999
26 - INFO - chord#: 74 done. best_score=153.0, changed=610, unchanged=232, early_stops=8/8
26 - INFO - chord#: 76 In build_straw_man_chord_sa. tolerance = 1, sa_iterations = 1000, initial_temperature = 3.0, cooling_rate = 0.999
26 - INFO - chord#: 80 done. best_score=27.0, changed=521, unchanged=505, early_stops=8/8
26 - INFO - chord#: 82 In build_straw_man_chord_sa. tolerance = 1, sa_iterations = 1000, initial_temperature = 3.0, cooling_rate = 0.999
26 - INFO - chord#: 78 done. best_score=82.0, changed=612, unchanged=265, early_stops=8/8
26 - INFO - chord#: 80 In build_straw_man_chord_sa. tolerance = 1, sa_iterations = 1000, initial_temperature = 3.0, cooling_rate = 0.999
26 - INFO - chord#: 78 done. best_score=120.0, changed=614, unchanged=240, early_stops=8/8
26 - INFO - chord#: 80 In build_straw_man_chord_sa. tolerance = 1, sa_iterations = 1000, initial_temperature = 3.0, cooling_rate = 0.999
26 - INFO - chord#: 78 done. best_score=82.0, changed=613, unchanged=359, early_stops=8/8
26 - INFO - chord#: 80 In build_straw_man_chord_sa. tolerance = 1, sa_iterations = 1000, initial_temperature = 3.0, cooling_rate = 0.999
26 - INFO - chord#: 78 done. best_score=120.0, changed=612, unchanged=542, early_stops=8/8
26 - INFO - chord#: 80 In build_straw_man_chord_sa. tolerance = 1, sa_iterations = 1000, initial_temperature = 3.0, cooling_rate = 0.999
26 - INFO - chord#: 82 done. best_score=125.0, changed=612, unchanged=424, early_stops=8/8
26 - INFO - chord#: 76 done. best_score=27.0, changed=527, unchanged=416, early_stops=8/8
26 - INFO - chord#: 84 In build_straw_man_chord_sa. tolerance = 1, sa_iterations = 1000, initial_temperature = 3.0, cooling_rate = 0.999
26 - INFO - chord#: 78 In build_straw_man_chord_sa. tolerance = 1, sa_iterations = 1000, initial_temperature = 3.0, cooling_rate = 0.999
26 - INFO - chord#: 70 done. best_score=70.0, changed=606, unchanged=268, early_stops=8/8
26 - INFO - chord#: 72 In build_straw_man_chord_sa. tolerance = 1, sa_iterations = 1000, initial_temperature = 3.0, cooling_rate = 0.999
26 - INFO - chord#: 80 done. best_score=27.0, changed=519, unchanged=480, early_stops=8/8
26 - INFO - chord#: 82 In build_straw_man_chord_sa. tolerance = 1, sa_iterations = 1000, initial_temperature = 3.0, cooling_rate = 0.999
26 - INFO - chord#: 80 done. best_score=27.0, changed=530, unchanged=450, early_stops=8/8
26 - INFO - chord#: 82 In build_straw_man_chord_sa. tolerance = 1, sa_iterations = 1000, initial_temperature = 3.0, cooling_rate = 0.999
26 - INFO - chord#: 72 done. best_score=11.0, changed=485, unchanged=341, early_stops=8/8
26 - INFO - chord#: 74 In build_straw_man_chord_sa. tolerance = 1, sa_iterations = 1000, initial_temperature = 3.0, cooling_rate = 0.999
26 - INFO - chord#: 74 done. best_score=94.0, changed=608, unchanged=314, early_stops=8/8
26 - INFO - chord#: 76 In build_straw_man_chord_sa. tolerance = 1, sa_iterations = 1000, initial_temperature = 3.0, cooling_rate = 0.999
26 - INFO - chord#: 78 done. best_score=146.0, changed=614, unchanged=239, early_stops=8/8
26 - INFO - chord#: 80 In build_straw_man_chord_sa. tolerance = 1, sa_iterations = 1000, initial_temperature = 3.0, cooling_rate = 0.999
26 - INFO - chord#: 70 done. best_score=70.0, changed=611, unchanged=352, early_stops=8/8
26 - INFO - chord#: 72 In build_straw_man_chord_sa. tolerance = 1, sa_iterations = 1000, initial_temperature = 3.0, cooling_rate = 0.999
26 - INFO - chord#: 80 done. best_score=27.0, changed=528, unchanged=558, early_stops=8/8
26 - INFO - chord#: 82 In build_straw_man_chord_sa. tolerance = 1, sa_iterations = 1000, initial_temperature = 3.0, cooling_rate = 0.999
26 - INFO - chord#: 84 done. best_score=36.0, changed=520, unchanged=344, early_stops=8/8
26 - INFO - chord#: 86 In build_straw_man_chord_sa. tolerance = 1, sa_iterations = 1000, initial_temperature = 3.0, cooling_rate = 0.999
26 - INFO - chord#: 74 done. best_score=162.0, changed=607, unchanged=217, early_stops=8/8
26 - INFO - chord#: 76 In build_straw_man_chord_sa. tolerance = 1, sa_iterations = 1000, initial_temperature = 3.0, cooling_rate = 0.999
26 - INFO - chord#: 80 done. best_score=27.0, changed=522, unchanged=426, early_stops=8/8
26 - INFO - chord#: 82 In build_straw_man_chord_sa. tolerance = 1, sa_iterations = 1000, initial_temperature = 3.0, cooling_rate = 0.999
26 - INFO - chord#: 72 done. best_score=11.0, changed=479, unchanged=352, early_stops=8/8
26 - INFO - chord#: 74 In build_straw_man_chord_sa. tolerance = 1, sa_iterations = 1000, initial_temperature = 3.0, cooling_rate = 0.999
26 - INFO - chord#: 82 done. best_score=67.0, changed=609, unchanged=295, early_stops=8/8
26 - INFO - chord#: 84 In build_straw_man_chord_sa. tolerance = 1, sa_iterations = 1000, initial_temperature = 3.0, cooling_rate = 0.999
26 - INFO - chord#: 80 done. best_score=27.0, changed=514, unchanged=490, early_stops=8/8
26 - INFO - chord#: 82 In build_straw_man_chord_sa. tolerance = 1, sa_iterations = 1000, initial_temperature = 3.0, cooling_rate = 0.999
26 - INFO - chord#: 76 done. best_score=27.0, changed=526, unchanged=327, early_stops=8/8
26 - INFO - chord#: 78 In build_straw_man_chord_sa. tolerance = 1, sa_iterations = 1000, initial_temperature = 3.0, cooling_rate = 0.999
26 - INFO - chord#: 78 done. best_score=120.0, changed=609, unchanged=259, early_stops=8/8
26 - INFO - chord#: 80 In build_straw_man_chord_sa. tolerance = 1, sa_iterations = 1000, initial_temperature = 3.0, cooling_rate = 0.999
26 - INFO - chord#: 84 done. best_score=36.0, changed=528, unchanged=318, early_stops=8/8
26 - INFO - chord#: 86 In build_straw_man_chord_sa. tolerance = 1, sa_iterations = 1000, initial_temperature = 3.0, cooling_rate = 0.999
26 - INFO - chord#: 76 done. best_score=27.0, changed=527, unchanged=384, early_stops=8/8
26 - INFO - chord#: 78 In build_straw_man_chord_sa. tolerance = 1, sa_iterations = 1000, initial_temperature = 3.0, cooling_rate = 0.999
26 - INFO - chord#: 82 done. best_score=67.0, changed=609, unchanged=207, early_stops=8/8
26 - INFO - chord#: 84 In build_straw_man_chord_sa. tolerance = 1, sa_iterations = 1000, initial_temperature = 3.0, cooling_rate = 0.999
26 - INFO - chord#: 82 done. best_score=131.0, changed=607, unchanged=360, early_stops=8/8
26 - INFO - chord#: 84 In build_straw_man_chord_sa. tolerance = 1, sa_iterations = 1000, initial_temperature = 3.0, cooling_rate = 0.999
26 - INFO - chord#: 86 done. best_score=135.0, changed=611, unchanged=230, early_stops=8/8
26 - INFO - chord#: 88 In build_straw_man_chord_sa. tolerance = 1, sa_iterations = 1000, initial_temperature = 3.0, cooling_rate = 0.999
26 - INFO - chord#: 80 done. best_score=27.0, changed=531, unchanged=518, early_stops=8/8
26 - INFO - chord#: 82 In build_straw_man_chord_sa. tolerance = 1, sa_iterations = 1000, initial_temperature = 3.0, cooling_rate = 0.999
26 - INFO - chord#: 84 done. best_score=36.0, changed=523, unchanged=397, early_stops=8/8
26 - INFO - chord#: 86 In build_straw_man_chord_sa. tolerance = 1, sa_iterations = 1000, initial_temperature = 3.0, cooling_rate = 0.999
26 - INFO - chord#: 74 done. best_score=101.0, changed=615, unchanged=350, early_stops=8/8
26 - INFO - chord#: 76 In build_straw_man_chord_sa. tolerance = 1, sa_iterations = 1000, initial_temperature = 3.0, cooling_rate = 0.999
26 - INFO - chord#: 74 done. best_score=153.0, changed=608, unchanged=256, early_stops=8/8
26 - INFO - chord#: 76 In build_straw_man_chord_sa. tolerance = 1, sa_iterations = 1000, initial_temperature = 3.0, cooling_rate = 0.999
26 - INFO - chord#: 88 done. best_score=27.0, changed=526, unchanged=414, early_stops=8/8
26 - INFO - chord#: 90 In build_straw_man_chord_sa. tolerance = 1, sa_iterations = 1000, initial_temperature = 3.0, cooling_rate = 0.999
26 - INFO - chord#: 84 done. best_score=36.0, changed=521, unchanged=315, early_stops=8/8
26 - INFO - chord#: 86 In build_straw_man_chord_sa. tolerance = 1, sa_iterations = 1000, initial_temperature = 3.0, cooling_rate = 0.999
26 - INFO - chord#: 82 done. best_score=119.0, changed=608, unchanged=259, early_stops=8/8
26 - INFO - chord#: 84 In build_straw_man_chord_sa. tolerance = 1, sa_iterations = 1000, initial_temperature = 3.0, cooling_rate = 0.999
26 - INFO - chord#: 82 done. best_score=78.0, changed=610, unchanged=360, early_stops=8/8
26 - INFO - chord#: 84 In build_straw_man_chord_sa. tolerance = 1, sa_iterations = 1000, initial_temperature = 3.0, cooling_rate = 0.999
26 - INFO - chord#: 82 done. best_score=119.0, changed=612, unchanged=489, early_stops=8/8
26 - INFO - chord#: 84 In build_straw_man_chord_sa. tolerance = 1, sa_iterations = 1000, initial_temperature = 3.0, cooling_rate = 0.999
26 - INFO - chord#: 86 done. best_score=105.0, changed=612, unchanged=327, early_stops=8/8
26 - INFO - chord#: 88 In build_straw_man_chord_sa. tolerance = 1, sa_iterations = 1000, initial_temperature = 3.0, cooling_rate = 0.999
26 - INFO - chord#: 78 done. best_score=82.0, changed=612, unchanged=333, early_stops=8/8
26 - INFO - chord#: 80 In build_straw_man_chord_sa. tolerance = 1, sa_iterations = 1000, initial_temperature = 3.0, cooling_rate = 0.999
26 - INFO - chord#: 84 done. best_score=36.0, changed=515, unchanged=349, early_stops=8/8
26 - INFO - chord#: 86 In build_straw_man_chord_sa. tolerance = 1, sa_iterations = 1000, initial_temperature = 3.0, cooling_rate = 0.999
26 - INFO - chord#: 76 done. best_score=27.0, changed=521, unchanged=337, early_stops=8/8
26 - INFO - chord#: 78 In build_straw_man_chord_sa. tolerance = 1, sa_iterations = 1000, initial_temperature = 3.0, cooling_rate = 0.999
26 - INFO - chord#: 76 done. best_score=27.0, changed=527, unchanged=424, early_stops=8/8
26 - INFO - chord#: 78 In build_straw_man_chord_sa. tolerance = 1, sa_iterations = 1000, initial_temperature = 3.0, cooling_rate = 0.999
26 - INFO - chord#: 78 done. best_score=82.0, changed=609, unchanged=278, early_stops=8/8
26 - INFO - chord#: 80 In build_straw_man_chord_sa. tolerance = 1, sa_iterations = 1000, initial_temperature = 3.0, cooling_rate = 0.999
26 - INFO - chord#: 84 done. best_score=36.0, changed=523, unchanged=390, early_stops=8/8
26 - INFO - chord#: 86 In build_straw_man_chord_sa. tolerance = 1, sa_iterations = 1000, initial_temperature = 3.0, cooling_rate = 0.999
26 - INFO - chord#: 84 done. best_score=36.0, changed=528, unchanged=363, early_stops=8/8
26 - INFO - chord#: 86 In build_straw_man_chord_sa. tolerance = 1, sa_iterations = 1000, initial_temperature = 3.0, cooling_rate = 0.999
26 - INFO - chord#: 88 done. best_score=27.0, changed=527, unchanged=571, early_stops=8/8
26 - INFO - chord#: 90 In build_straw_man_chord_sa. tolerance = 1, sa_iterations = 1000, initial_temperature = 3.0, cooling_rate = 0.999
26 - INFO - chord#: 82 done. best_score=67.0, changed=616, unchanged=405, early_stops=8/8
26 - INFO - chord#: 84 In build_straw_man_chord_sa. tolerance = 1, sa_iterations = 1000, initial_temperature = 3.0, cooling_rate = 0.999
26 - INFO - chord#: 86 done. best_score=136.0, changed=621, unchanged=347, early_stops=8/8
26 - INFO - chord#: 88 In build_straw_man_chord_sa. tolerance = 1, sa_iterations = 1000, initial_temperature = 3.0, cooling_rate = 0.999
26 - INFO - chord#: 90 done. best_score=149.0, changed=615, unchanged=300, early_stops=8/8
26 - INFO - chord#: 92 In build_straw_man_chord_sa. tolerance = 1, sa_iterations = 1000, initial_temperature = 3.0, cooling_rate = 0.999
26 - INFO - chord#: 80 done. best_score=27.0, changed=523, unchanged=438, early_stops=8/8
26 - INFO - chord#: 82 In build_straw_man_chord_sa. tolerance = 1, sa_iterations = 1000, initial_temperature = 3.0, cooling_rate = 0.999
26 - INFO - chord#: 80 done. best_score=27.0, changed=518, unchanged=425, early_stops=8/8
26 - INFO - chord#: 82 In build_straw_man_chord_sa. tolerance = 1, sa_iterations = 1000, initial_temperature = 3.0, cooling_rate = 0.999
26 - INFO - chord#: 86 done. best_score=135.0, changed=621, unchanged=361, early_stops=8/8
26 - INFO - chord#: 88 In build_straw_man_chord_sa. tolerance = 1, sa_iterations = 1000, initial_temperature = 3.0, cooling_rate = 0.999
26 - INFO - chord#: 92 done. best_score=27.0, changed=525, unchanged=392, early_stops=8/8
26 - INFO - chord#: 96 In build_straw_man_chord_sa. tolerance = 1, sa_iterations = 1000, initial_temperature = 3.0, cooling_rate = 0.999
26 - INFO - chord#: 84 done. best_score=36.0, changed=523, unchanged=360, early_stops=8/8
26 - INFO - chord#: 86 In build_straw_man_chord_sa. tolerance = 1, sa_iterations = 1000, initial_temperature = 3.0, cooling_rate = 0.999
26 - INFO - chord#: 88 done. best_score=27.0, changed=529, unchanged=462, early_stops=8/8
26 - INFO - chord#: 90 In build_straw_man_chord_sa. tolerance = 1, sa_iterations = 1000, initial_temperature = 3.0, cooling_rate = 0.999
26 - INFO - chord#: 88 done. best_score=27.0, changed=519, unchanged=410, early_stops=8/8
26 - INFO - chord#: 90 In build_straw_man_chord_sa. tolerance = 1, sa_iterations = 1000, initial_temperature = 3.0, cooling_rate = 0.999
26 - INFO - chord#: 86 done. best_score=136.0, changed=617, unchanged=404, early_stops=8/8
26 - INFO - chord#: 88 In build_straw_man_chord_sa. tolerance = 1, sa_iterations = 1000, initial_temperature = 3.0, cooling_rate = 0.999
26 - INFO - chord#: 86 done. best_score=139.0, changed=605, unchanged=266, early_stops=8/8
26 - INFO - chord#: 88 In build_straw_man_chord_sa. tolerance = 1, sa_iterations = 1000, initial_temperature = 3.0, cooling_rate = 0.999
26 - INFO - chord#: 78 done. best_score=82.0, changed=612, unchanged=361, early_stops=8/8
26 - INFO - chord#: 80 In build_straw_man_chord_sa. tolerance = 1, sa_iterations = 1000, initial_temperature = 3.0, cooling_rate = 0.999
26 - INFO - chord#: 96 done. best_score=27.0, changed=535, unchanged=428, early_stops=8/8
26 - INFO - chord#: 98 In build_straw_man_chord_sa. tolerance = 1, sa_iterations = 1000, initial_temperature = 3.0, cooling_rate = 0.999
26 - INFO - chord#: 90 done. best_score=104.0, changed=615, unchanged=362, early_stops=8/8
26 - INFO - chord#: 92 In build_straw_man_chord_sa. tolerance = 1, sa_iterations = 1000, initial_temperature = 3.0, cooling_rate = 0.999
26 - INFO - chord#: 78 done. best_score=82.0, changed=616, unchanged=460, early_stops=8/8
26 - INFO - chord#: 80 In build_straw_man_chord_sa. tolerance = 1, sa_iterations = 1000, initial_temperature = 3.0, cooling_rate = 0.999
26 - INFO - chord#: 86 done. best_score=136.0, changed=613, unchanged=376, early_stops=8/8
26 - INFO - chord#: 88 In build_straw_man_chord_sa. tolerance = 1, sa_iterations = 1000, initial_temperature = 3.0, cooling_rate = 0.999
26 - INFO - chord#: 88 done. best_score=27.0, changed=516, unchanged=386, early_stops=8/8
26 - INFO - chord#: 90 In build_straw_man_chord_sa. tolerance = 1, sa_iterations = 1000, initial_temperature = 3.0, cooling_rate = 0.999
26 - INFO - chord#: 88 done. best_score=27.0, changed=527, unchanged=477, early_stops=8/8
26 - INFO - chord#: 90 In build_straw_man_chord_sa. tolerance = 1, sa_iterations = 1000, initial_temperature = 3.0, cooling_rate = 0.999
26 - INFO - chord#: 82 done. best_score=67.0, changed=607, unchanged=288, early_stops=8/8
26 - INFO - chord#: 84 In build_straw_man_chord_sa. tolerance = 1, sa_iterations = 1000, initial_temperature = 3.0, cooling_rate = 0.999
26 - INFO - chord#: 80 done. best_score=27.0, changed=522, unchanged=419, early_stops=8/8
26 - INFO - chord#: 82 In build_straw_man_chord_sa. tolerance = 1, sa_iterations = 1000, initial_temperature = 3.0, cooling_rate = 0.999
26 - INFO - chord#: 92 done. best_score=88.0, changed=543, unchanged=353, early_stops=8/8
26 - INFO - chord#: 96 In build_straw_man_chord_sa. tolerance = 1, sa_iterations = 1000, initial_temperature = 3.0, cooling_rate = 0.999
26 - INFO - chord#: 88 done. best_score=27.0, changed=518, unchanged=390, early_stops=8/8
26 - INFO - chord#: 90 In build_straw_man_chord_sa. tolerance = 1, sa_iterations = 1000, initial_temperature = 3.0, cooling_rate = 0.999
26 - INFO - chord#: 82 done. best_score=137.0, changed=614, unchanged=424, early_stops=8/8
26 - INFO - chord#: 84 In build_straw_man_chord_sa. tolerance = 1, sa_iterations = 1000, initial_temperature = 3.0, cooling_rate = 0.999
26 - INFO - chord#: 80 done. best_score=27.0, changed=523, unchanged=416, early_stops=8/8
26 - INFO - chord#: 82 In build_straw_man_chord_sa. tolerance = 1, sa_iterations = 1000, initial_temperature = 3.0, cooling_rate = 0.999
26 - INFO - chord#: 86 done. best_score=139.0, changed=606, unchanged=215, early_stops=8/8
26 - INFO - chord#: 88 In build_straw_man_chord_sa. tolerance = 1, sa_iterations = 1000, initial_temperature = 3.0, cooling_rate = 0.999
26 - INFO - chord#: 90 done. best_score=155.0, changed=613, unchanged=315, early_stops=8/8
26 - INFO - chord#: 92 In build_straw_man_chord_sa. tolerance = 1, sa_iterations = 1000, initial_temperature = 3.0, cooling_rate = 0.999
26 - INFO - chord#: 96 done. best_score=27.0, changed=528, unchanged=296, early_stops=8/8
26 - INFO - chord#: 98 In build_straw_man_chord_sa. tolerance = 1, sa_iterations = 1000, initial_temperature = 3.0, cooling_rate = 0.999
26 - INFO - chord#: 98 done. best_score=64.0, changed=612, unchanged=239, early_stops=8/8
26 - INFO - chord#: 100 In build_straw_man_chord_sa. tolerance = 1, sa_iterations = 1000, initial_temperature = 3.0, cooling_rate = 0.999
26 - INFO - chord#: 84 done. best_score=36.0, changed=511, unchanged=318, early_stops=8/8
26 - INFO - chord#: 86 In build_straw_man_chord_sa. tolerance = 1, sa_iterations = 1000, initial_temperature = 3.0, cooling_rate = 0.999
26 - INFO - chord#: 90 done. best_score=149.0, changed=620, unchanged=476, early_stops=8/8
26 - INFO - chord#: 92 In build_straw_man_chord_sa. tolerance = 1, sa_iterations = 1000, initial_temperature = 3.0, cooling_rate = 0.999
26 - INFO - chord#: 84 done. best_score=36.0, changed=523, unchanged=351, early_stops=8/8
26 - INFO - chord#: 86 In build_straw_man_chord_sa. tolerance = 1, sa_iterations = 1000, initial_temperature = 3.0, cooling_rate = 0.999
26 - INFO - chord#: 92 done. best_score=27.0, changed=529, unchanged=381, early_stops=8/8
26 - INFO - chord#: 96 In build_straw_man_chord_sa. tolerance = 1, sa_iterations = 1000, initial_temperature = 3.0, cooling_rate = 0.999
26 - INFO - chord#: 88 done. best_score=27.0, changed=521, unchanged=482, early_stops=8/8
26 - INFO - chord#: 90 In build_straw_man_chord_sa. tolerance = 1, sa_iterations = 1000, initial_temperature = 3.0, cooling_rate = 0.999
26 - INFO - chord#: 90 done. best_score=70.0, changed=615, unchanged=305, early_stops=8/8
26 - INFO - chord#: 92 In build_straw_man_chord_sa. tolerance = 1, sa_iterations = 1000, initial_temperature = 3.0, cooling_rate = 0.999
26 - INFO - chord#: 100 done. best_score=27.0, changed=517, unchanged=345, early_stops=8/8
26 - INFO - chord#: 102 In build_straw_man_chord_sa. tolerance = 1, sa_iterations = 1000, initial_temperature = 3.0, cooling_rate = 0.999
26 - INFO - chord#: 90 done. best_score=70.0, changed=609, unchanged=414, early_stops=8/8
26 - INFO - chord#: 92 In build_straw_man_chord_sa. tolerance = 1, sa_iterations = 1000, initial_temperature = 3.0, cooling_rate = 0.999
26 - INFO - chord#: 92 done. best_score=27.0, changed=521, unchanged=443, early_stops=8/8
26 - INFO - chord#: 96 In build_straw_man_chord_sa. tolerance = 1, sa_iterations = 1000, initial_temperature = 3.0, cooling_rate = 0.999
26 - INFO - chord#: 82 done. best_score=119.0, changed=611, unchanged=230, early_stops=8/8
26 - INFO - chord#: 84 In build_straw_man_chord_sa. tolerance = 1, sa_iterations = 1000, initial_temperature = 3.0, cooling_rate = 0.999
26 - INFO - chord#: 96 done. best_score=27.0, changed=527, unchanged=490, early_stops=8/8
26 - INFO - chord#: 98 In build_straw_man_chord_sa. tolerance = 1, sa_iterations = 1000, initial_temperature = 3.0, cooling_rate = 0.999
26 - INFO - chord#: 92 done. best_score=27.0, changed=519, unchanged=333, early_stops=8/8
26 - INFO - chord#: 96 In build_straw_man_chord_sa. tolerance = 1, sa_iterations = 1000, initial_temperature = 3.0, cooling_rate = 0.999
26 - INFO - chord#: 102 done. best_score=35.0, changed=523, unchanged=316, early_stops=8/8
26 - INFO - chord#: 104 In build_straw_man_chord_sa. tolerance = 1, sa_iterations = 1000, initial_temperature = 3.0, cooling_rate = 0.999
26 - INFO - chord#: 92 done. best_score=27.0, changed=521, unchanged=356, early_stops=8/8
26 - INFO - chord#: 96 In build_straw_man_chord_sa. tolerance = 1, sa_iterations = 1000, initial_temperature = 3.0, cooling_rate = 0.999
26 - INFO - chord#: 98 done. best_score=64.0, changed=609, unchanged=234, early_stops=8/8
26 - INFO - chord#: 100 In build_straw_man_chord_sa. tolerance = 1, sa_iterations = 1000, initial_temperature = 3.0, cooling_rate = 0.999
26 - INFO - chord#: 90 done. best_score=111.0, changed=614, unchanged=500, early_stops=8/8
26 - INFO - chord#: 92 In build_straw_man_chord_sa. tolerance = 1, sa_iterations = 1000, initial_temperature = 3.0, cooling_rate = 0.999
26 - INFO - chord#: 82 done. best_score=119.0, changed=612, unchanged=309, early_stops=8/8
26 - INFO - chord#: 84 In build_straw_man_chord_sa. tolerance = 1, sa_iterations = 1000, initial_temperature = 3.0, cooling_rate = 0.999
26 - INFO - chord#: 104 done. best_score=27.0, changed=519, unchanged=425, early_stops=8/8
26 - INFO - chord#: 106 In build_straw_man_chord_sa. tolerance = 1, sa_iterations = 1000, initial_temperature = 3.0, cooling_rate = 0.999
26 - INFO - chord#: 96 done. best_score=27.0, changed=516, unchanged=330, early_stops=8/8
26 - INFO - chord#: 98 In build_straw_man_chord_sa. tolerance = 1, sa_iterations = 1000, initial_temperature = 3.0, cooling_rate = 0.999
26 - INFO - chord#: 84 done. best_score=36.0, changed=521, unchanged=326, early_stops=8/8
26 - INFO - chord#: 86 In build_straw_man_chord_sa. tolerance = 1, sa_iterations = 1000, initial_temperature = 3.0, cooling_rate = 0.999
26 - INFO - chord#: 100 done. best_score=27.0, changed=525, unchanged=449, early_stops=8/8
26 - INFO - chord#: 102 In build_straw_man_chord_sa. tolerance = 1, sa_iterations = 1000, initial_temperature = 3.0, cooling_rate = 0.999
26 - INFO - chord#: 96 done. best_score=27.0, changed=527, unchanged=479, early_stops=8/8
26 - INFO - chord#: 98 In build_straw_man_chord_sa. tolerance = 1, sa_iterations = 1000, initial_temperature = 3.0, cooling_rate = 0.999
26 - INFO - chord#: 96 done. best_score=27.0, changed=520, unchanged=414, early_stops=8/8
26 - INFO - chord#: 98 In build_straw_man_chord_sa. tolerance = 1, sa_iterations = 1000, initial_temperature = 3.0, cooling_rate = 0.999
26 - INFO - chord#: 92 done. best_score=27.0, changed=520, unchanged=398, early_stops=8/8
26 - INFO - chord#: 96 In build_straw_man_chord_sa. tolerance = 1, sa_iterations = 1000, initial_temperature = 3.0, cooling_rate = 0.999
26 - INFO - chord#: 90 done. best_score=70.0, changed=609, unchanged=225, early_stops=8/8
26 - INFO - chord#: 92 In build_straw_man_chord_sa. tolerance = 1, sa_iterations = 1000, initial_temperature = 3.0, cooling_rate = 0.999
26 - INFO - chord#: 86 done. best_score=155.0, changed=608, unchanged=313, early_stops=8/8
26 - INFO - chord#: 88 In build_straw_man_chord_sa. tolerance = 1, sa_iterations = 1000, initial_temperature = 3.0, cooling_rate = 0.999
26 - INFO - chord#: 106 done. best_score=27.0, changed=524, unchanged=388, early_stops=8/8
26 - INFO - chord#: 108 In build_straw_man_chord_sa. tolerance = 1, sa_iterations = 1000, initial_temperature = 3.0, cooling_rate = 0.999
26 - INFO - chord#: 86 done. best_score=135.0, changed=610, unchanged=379, early_stops=8/8
26 - INFO - chord#: 88 In build_straw_man_chord_sa. tolerance = 1, sa_iterations = 1000, initial_temperature = 3.0, cooling_rate = 0.999
26 - INFO - chord#: 84 done. best_score=36.0, changed=521, unchanged=467, early_stops=8/8
26 - INFO - chord#: 86 In build_straw_man_chord_sa. tolerance = 1, sa_iterations = 1000, initial_temperature = 3.0, cooling_rate = 0.999
26 - INFO - chord#: 98 done. best_score=125.0, changed=611, unchanged=314, early_stops=8/8
26 - INFO - chord#: 100 In build_straw_man_chord_sa. tolerance = 1, sa_iterations = 1000, initial_temperature = 3.0, cooling_rate = 0.999
26 - INFO - chord#: 96 done. best_score=27.0, changed=516, unchanged=333, early_stops=8/8
26 - INFO - chord#: 98 In build_straw_man_chord_sa. tolerance = 1, sa_iterations = 1000, initial_temperature = 3.0, cooling_rate = 0.999
26 - INFO - chord#: 102 done. best_score=35.0, changed=519, unchanged=466, early_stops=8/8
26 - INFO - chord#: 104 In build_straw_man_chord_sa. tolerance = 1, sa_iterations = 1000, initial_temperature = 3.0, cooling_rate = 0.999
26 - INFO - chord#: 92 done. best_score=27.0, changed=519, unchanged=374, early_stops=8/8
26 - INFO - chord#: 96 In build_straw_man_chord_sa. tolerance = 1, sa_iterations = 1000, initial_temperature = 3.0, cooling_rate = 0.999
26 - INFO - chord#: 108 done. best_score=27.0, changed=521, unchanged=311, early_stops=8/8
26 - INFO - chord#: 110 In build_straw_man_chord_sa. tolerance = 1, sa_iterations = 1000, initial_temperature = 3.0, cooling_rate = 0.999
26 - INFO - chord#: 88 done. best_score=27.0, changed=522, unchanged=556, early_stops=8/8
26 - INFO - chord#: 90 In build_straw_man_chord_sa. tolerance = 1, sa_iterations = 1000, initial_temperature = 3.0, cooling_rate = 0.999
26 - INFO - chord#: 100 done. best_score=27.0, changed=520, unchanged=318, early_stops=8/8
26 - INFO - chord#: 102 In build_straw_man_chord_sa. tolerance = 1, sa_iterations = 1000, initial_temperature = 3.0, cooling_rate = 0.999
26 - INFO - chord#: 88 done. best_score=27.0, changed=516, unchanged=318, early_stops=8/8
26 - INFO - chord#: 90 In build_straw_man_chord_sa. tolerance = 1, sa_iterations = 1000, initial_temperature = 3.0, cooling_rate = 0.999
26 - INFO - chord#: 98 done. best_score=150.0, changed=614, unchanged=298, early_stops=8/8
26 - INFO - chord#: 100 In build_straw_man_chord_sa. tolerance = 1, sa_iterations = 1000, initial_temperature = 3.0, cooling_rate = 0.999
26 - INFO - chord#: 98 done. best_score=64.0, changed=612, unchanged=368, early_stops=8/8
26 - INFO - chord#: 100 In build_straw_man_chord_sa. tolerance = 1, sa_iterations = 1000, initial_temperature = 3.0, cooling_rate = 0.999
26 - INFO - chord#: 104 done. best_score=27.0, changed=521, unchanged=398, early_stops=8/8
26 - INFO - chord#: 106 In build_straw_man_chord_sa. tolerance = 1, sa_iterations = 1000, initial_temperature = 3.0, cooling_rate = 0.999
26 - INFO - chord#: 96 done. best_score=27.0, changed=517, unchanged=339, early_stops=8/8
26 - INFO - chord#: 98 In build_straw_man_chord_sa. tolerance = 1, sa_iterations = 1000, initial_temperature = 3.0, cooling_rate = 0.999
26 - INFO - chord#: 100 done. best_score=57.0, changed=513, unchanged=300, early_stops=8/8
26 - INFO - chord#: 102 In build_straw_man_chord_sa. tolerance = 1, sa_iterations = 1000, initial_temperature = 3.0, cooling_rate = 0.999
26 - INFO - chord#: 86 done. best_score=135.0, changed=611, unchanged=295, early_stops=8/8
26 - INFO - chord#: 88 In build_straw_man_chord_sa. tolerance = 1, sa_iterations = 1000, initial_temperature = 3.0, cooling_rate = 0.999
26 - INFO - chord#: 102 done. best_score=35.0, changed=509, unchanged=394, early_stops=8/8
26 - INFO - chord#: 104 In build_straw_man_chord_sa. tolerance = 1, sa_iterations = 1000, initial_temperature = 3.0, cooling_rate = 0.999
26 - INFO - chord#: 106 done. best_score=27.0, changed=523, unchanged=301, early_stops=8/8
26 - INFO - chord#: 108 In build_straw_man_chord_sa. tolerance = 1, sa_iterations = 1000, initial_temperature = 3.0, cooling_rate = 0.999
26 - INFO - chord#: 100 done. best_score=27.0, changed=519, unchanged=331, early_stops=8/8
26 - INFO - chord#: 102 In build_straw_man_chord_sa. tolerance = 1, sa_iterations = 1000, initial_temperature = 3.0, cooling_rate = 0.999
26 - INFO - chord#: 98 done. best_score=64.0, changed=612, unchanged=429, early_stops=8/8
26 - INFO - chord#: 100 In build_straw_man_chord_sa. tolerance = 1, sa_iterations = 1000, initial_temperature = 3.0, cooling_rate = 0.999
26 - INFO - chord#: 98 done. best_score=104.0, changed=612, unchanged=366, early_stops=8/8
26 - INFO - chord#: 100 In build_straw_man_chord_sa. tolerance = 1, sa_iterations = 1000, initial_temperature = 3.0, cooling_rate = 0.999
26 - INFO - chord#: 86 done. best_score=147.0, changed=612, unchanged=265, early_stops=8/8
26 - INFO - chord#: 88 In build_straw_man_chord_sa. tolerance = 1, sa_iterations = 1000, initial_temperature = 3.0, cooling_rate = 0.999
26 - INFO - chord#: 104 done. best_score=27.0, changed=523, unchanged=414, early_stops=8/8
26 - INFO - chord#: 106 In build_straw_man_chord_sa. tolerance = 1, sa_iterations = 1000, initial_temperature = 3.0, cooling_rate = 0.999
26 - INFO - chord#: 110 done. best_score=67.0, changed=609, unchanged=333, early_stops=8/8
26 - INFO - chord#: 112 In build_straw_man_chord_sa. tolerance = 1, sa_iterations = 1000, initial_temperature = 3.0, cooling_rate = 0.999
26 - INFO - chord#: 88 done. best_score=27.0, changed=520, unchanged=404, early_stops=8/8
26 - INFO - chord#: 90 In build_straw_man_chord_sa. tolerance = 1, sa_iterations = 1000, initial_temperature = 3.0, cooling_rate = 0.999
26 - INFO - chord#: 102 done. best_score=35.0, changed=520, unchanged=463, early_stops=8/8
26 - INFO - chord#: 104 In build_straw_man_chord_sa. tolerance = 1, sa_iterations = 1000, initial_temperature = 3.0, cooling_rate = 0.999
26 - INFO - chord#: 108 done. best_score=27.0, changed=521, unchanged=454, early_stops=8/8
26 - INFO - chord#: 110 In build_straw_man_chord_sa. tolerance = 1, sa_iterations = 1000, initial_temperature = 3.0, cooling_rate = 0.999
26 - INFO - chord#: 102 done. best_score=35.0, changed=514, unchanged=436, early_stops=8/8
26 - INFO - chord#: 104 In build_straw_man_chord_sa. tolerance = 1, sa_iterations = 1000, initial_temperature = 3.0, cooling_rate = 0.999
26 - INFO - chord#: 100 done. best_score=27.0, changed=521, unchanged=445, early_stops=8/8
26 - INFO - chord#: 102 In build_straw_man_chord_sa. tolerance = 1, sa_iterations = 1000, initial_temperature = 3.0, cooling_rate = 0.999
26 - INFO - chord#: 100 done. best_score=27.0, changed=530, unchanged=424, early_stops=8/8
26 - INFO - chord#: 90 done. best_score=149.0, changed=612, unchanged=261, early_stops=8/8
26 - INFO - chord#: 92 In build_straw_man_chord_sa. tolerance = 1, sa_iterations = 1000, initial_temperature = 3.0, cooling_rate = 0.999
26 - INFO - chord#: 102 In build_straw_man_chord_sa. tolerance = 1, sa_iterations = 1000, initial_temperature = 3.0, cooling_rate = 0.999
26 - INFO - chord#: 90 done. best_score=149.0, changed=614, unchanged=372, early_stops=8/8
26 - INFO - chord#: 92 In build_straw_man_chord_sa. tolerance = 1, sa_iterations = 1000, initial_temperature = 3.0, cooling_rate = 0.999
26 - INFO - chord#: 106 done. best_score=27.0, changed=522, unchanged=303, early_stops=8/8
26 - INFO - chord#: 108 In build_straw_man_chord_sa. tolerance = 1, sa_iterations = 1000, initial_temperature = 3.0, cooling_rate = 0.999
26 - INFO - chord#: 112 done. best_score=27.0, changed=525, unchanged=417, early_stops=8/8
26 - INFO - chord#: 114 In build_straw_man_chord_sa. tolerance = 1, sa_iterations = 1000, initial_temperature = 3.0, cooling_rate = 0.999
26 - INFO - chord#: 104 done. best_score=27.0, changed=526, unchanged=477, early_stops=8/8
26 - INFO - chord#: 106 In build_straw_man_chord_sa. tolerance = 1, sa_iterations = 1000, initial_temperature = 3.0, cooling_rate = 0.999
26 - INFO - chord#: 88 done. best_score=27.0, changed=516, unchanged=475, early_stops=8/8
26 - INFO - chord#: 104 done. best_score=27.0, changed=527, unchanged=490, early_stops=8/8
26 - INFO - chord#: 90 In build_straw_man_chord_sa. tolerance = 1, sa_iterations = 1000, initial_temperature = 3.0, cooling_rate = 0.999
26 - INFO - chord#: 106 In build_straw_man_chord_sa. tolerance = 1, sa_iterations = 1000, initial_temperature = 3.0, cooling_rate = 0.999
26 - INFO - chord#: 98 done. best_score=104.0, changed=615, unchanged=369, early_stops=8/8
26 - INFO - chord#: 100 In build_straw_man_chord_sa. tolerance = 1, sa_iterations = 1000, initial_temperature = 3.0, cooling_rate = 0.999
26 - INFO - chord#: 102 done. best_score=35.0, changed=523, unchanged=375, early_stops=8/8
26 - INFO - chord#: 104 In build_straw_man_chord_sa. tolerance = 1, sa_iterations = 1000, initial_temperature = 3.0, cooling_rate = 0.999
26 - INFO - chord#: 92 done. best_score=27.0, changed=517, unchanged=342, early_stops=8/8
26 - INFO - chord#: 96 In build_straw_man_chord_sa. tolerance = 1, sa_iterations = 1000, initial_temperature = 3.0, cooling_rate = 0.999
26 - INFO - chord#: 102 done. best_score=35.0, changed=519, unchanged=378, early_stops=8/8
26 - INFO - chord#: 104 In build_straw_man_chord_sa. tolerance = 1, sa_iterations = 1000, initial_temperature = 3.0, cooling_rate = 0.999
26 - INFO - chord#: 106 done. best_score=27.0, changed=521, unchanged=320, early_stops=8/8
26 - INFO - chord#: 108 In build_straw_man_chord_sa. tolerance = 1, sa_iterations = 1000, initial_temperature = 3.0, cooling_rate = 0.999
26 - INFO - chord#: 108 done. best_score=27.0, changed=533, unchanged=544, early_stops=8/8
26 - INFO - chord#: 110 In build_straw_man_chord_sa. tolerance = 1, sa_iterations = 1000, initial_temperature = 3.0, cooling_rate = 0.999
26 - INFO - chord#: 106 done. best_score=27.0, changed=524, unchanged=350, early_stops=8/8
26 - INFO - chord#: 108 In build_straw_man_chord_sa. tolerance = 1, sa_iterations = 1000, initial_temperature = 3.0, cooling_rate = 0.999
26 - INFO - chord#: 110 done. best_score=137.0, changed=610, unchanged=260, early_stops=8/8
26 - INFO - chord#: 92 done. best_score=27.0, changed=520, unchanged=512, early_stops=8/8
26 - INFO - chord#: 112 In build_straw_man_chord_sa. tolerance = 1, sa_iterations = 1000, initial_temperature = 3.0, cooling_rate = 0.999
26 - INFO - chord#: 96 In build_straw_man_chord_sa. tolerance = 1, sa_iterations = 1000, initial_temperature = 3.0, cooling_rate = 0.999
26 - INFO - chord#: 114 done. best_score=27.0, changed=531, unchanged=528, early_stops=8/8
26 - INFO - chord#: 116 In build_straw_man_chord_sa. tolerance = 1, sa_iterations = 1000, initial_temperature = 3.0, cooling_rate = 0.999
26 - INFO - chord#: 104 done. best_score=27.0, changed=534, unchanged=447, early_stops=8/8
26 - INFO - chord#: 106 In build_straw_man_chord_sa. tolerance = 1, sa_iterations = 1000, initial_temperature = 3.0, cooling_rate = 0.999
26 - INFO - chord#: 100 done. best_score=27.0, changed=520, unchanged=416, early_stops=8/8
26 - INFO - chord#: 102 In build_straw_man_chord_sa. tolerance = 1, sa_iterations = 1000, initial_temperature = 3.0, cooling_rate = 0.999
26 - INFO - chord#: 90 done. best_score=70.0, changed=612, unchanged=423, early_stops=8/8
26 - INFO - chord#: 92 In build_straw_man_chord_sa. tolerance = 1, sa_iterations = 1000, initial_temperature = 3.0, cooling_rate = 0.999
26 - INFO - chord#: 104 done. best_score=27.0, changed=520, unchanged=367, early_stops=8/8
26 - INFO - chord#: 106 In build_straw_man_chord_sa. tolerance = 1, sa_iterations = 1000, initial_temperature = 3.0, cooling_rate = 0.999
26 - INFO - chord#: 96 done. best_score=27.0, changed=523, unchanged=427, early_stops=8/8
26 - INFO - chord#: 98 In build_straw_man_chord_sa. tolerance = 1, sa_iterations = 1000, initial_temperature = 3.0, cooling_rate = 0.999
26 - INFO - chord#: 108 done. best_score=27.0, changed=519, unchanged=499, early_stops=8/8
26 - INFO - chord#: 110 In build_straw_man_chord_sa. tolerance = 1, sa_iterations = 1000, initial_temperature = 3.0, cooling_rate = 0.999
26 - INFO - chord#: 116 done. best_score=27.0, changed=516, unchanged=357, early_stops=8/8
26 - INFO - chord#: 118 In build_straw_man_chord_sa. tolerance = 1, sa_iterations = 1000, initial_temperature = 3.0, cooling_rate = 0.999
26 - INFO - chord#: 112 done. best_score=27.0, changed=527, unchanged=435, early_stops=8/8
26 - INFO - chord#: 114 In build_straw_man_chord_sa. tolerance = 1, sa_iterations = 1000, initial_temperature = 3.0, cooling_rate = 0.999
26 - INFO - chord#: 108 done. best_score=27.0, changed=519, unchanged=558, early_stops=8/8
26 - INFO - chord#: 110 In build_straw_man_chord_sa. tolerance = 1, sa_iterations = 1000, initial_temperature = 3.0, cooling_rate = 0.999
26 - INFO - chord#: 106 done. best_score=27.0, changed=527, unchanged=358, early_stops=8/8
26 - INFO - chord#: 108 In build_straw_man_chord_sa. tolerance = 1, sa_iterations = 1000, initial_temperature = 3.0, cooling_rate = 0.999
26 - INFO - chord#: 96 done. best_score=27.0, changed=526, unchanged=352, early_stops=8/8
26 - INFO - chord#: 98 In build_straw_man_chord_sa. tolerance = 1, sa_iterations = 1000, initial_temperature = 3.0, cooling_rate = 0.999
26 - INFO - chord#: 106 done. best_score=27.0, changed=524, unchanged=352, early_stops=8/8
26 - INFO - chord#: 108 In build_straw_man_chord_sa. tolerance = 1, sa_iterations = 1000, initial_temperature = 3.0, cooling_rate = 0.999
26 - INFO - chord#: 102 done. best_score=35.0, changed=521, unchanged=507, early_stops=8/8
26 - INFO - chord#: 104 In build_straw_man_chord_sa. tolerance = 1, sa_iterations = 1000, initial_temperature = 3.0, cooling_rate = 0.999
26 - INFO - chord#: 92 done. best_score=27.0, changed=514, unchanged=374, early_stops=8/8
26 - INFO - chord#: 96 In build_straw_man_chord_sa. tolerance = 1, sa_iterations = 1000, initial_temperature = 3.0, cooling_rate = 0.999
26 - INFO - chord#: 110 done. best_score=137.0, changed=609, unchanged=408, early_stops=8/8
26 - INFO - chord#: 112 In build_straw_man_chord_sa. tolerance = 1, sa_iterations = 1000, initial_temperature = 3.0, cooling_rate = 0.999
26 - INFO - chord#: 114 done. best_score=27.0, changed=535, unchanged=368, early_stops=8/8
26 - INFO - chord#: 116 In build_straw_man_chord_sa. tolerance = 1, sa_iterations = 1000, initial_temperature = 3.0, cooling_rate = 0.999
26 - INFO - chord#: 90 done. best_score=103.0, changed=615, unchanged=387, early_stops=8/8
26 - INFO - chord#: 92 In build_straw_man_chord_sa. tolerance = 1, sa_iterations = 1000, initial_temperature = 3.0, cooling_rate = 0.999
26 - INFO - chord#: 108 done. best_score=27.0, changed=521, unchanged=381, early_stops=8/8
26 - INFO - chord#: 110 In build_straw_man_chord_sa. tolerance = 1, sa_iterations = 1000, initial_temperature = 3.0, cooling_rate = 0.999
26 - INFO - chord#: 112 done. best_score=27.0, changed=519, unchanged=343, early_stops=8/8
26 - INFO - chord#: 114 In build_straw_man_chord_sa. tolerance = 1, sa_iterations = 1000, initial_temperature = 3.0, cooling_rate = 0.999
26 - INFO - chord#: 118 done. best_score=88.0, changed=610, unchanged=270, early_stops=8/8
26 - INFO - chord#: 120 In build_straw_man_chord_sa. tolerance = 1, sa_iterations = 1000, initial_temperature = 3.0, cooling_rate = 0.999
26 - INFO - chord#: 116 done. best_score=27.0, changed=520, unchanged=402, early_stops=8/8
26 - INFO - chord#: 118 In build_straw_man_chord_sa. tolerance = 1, sa_iterations = 1000, initial_temperature = 3.0, cooling_rate = 0.999
26 - INFO - chord#: 104 done. best_score=27.0, changed=514, unchanged=434, early_stops=8/8
26 - INFO - chord#: 106 In build_straw_man_chord_sa. tolerance = 1, sa_iterations = 1000, initial_temperature = 3.0, cooling_rate = 0.999
26 - INFO - chord#: 108 done. best_score=27.0, changed=515, unchanged=497, early_stops=8/8
26 - INFO - chord#: 110 In build_straw_man_chord_sa. tolerance = 1, sa_iterations = 1000, initial_temperature = 3.0, cooling_rate = 0.999
26 - INFO - chord#: 96 done. best_score=27.0, changed=522, unchanged=386, early_stops=8/8
26 - INFO - chord#: 98 In build_straw_man_chord_sa. tolerance = 1, sa_iterations = 1000, initial_temperature = 3.0, cooling_rate = 0.999
26 - INFO - chord#: 110 done. best_score=142.0, changed=612, unchanged=274, early_stops=8/8
26 - INFO - chord#: 112 In build_straw_man_chord_sa. tolerance = 1, sa_iterations = 1000, initial_temperature = 3.0, cooling_rate = 0.999
26 - INFO - chord#: 92 done. best_score=36.0, changed=520, unchanged=368, early_stops=8/8
26 - INFO - chord#: 96 In build_straw_man_chord_sa. tolerance = 1, sa_iterations = 1000, initial_temperature = 3.0, cooling_rate = 0.999
26 - INFO - chord#: 110 done. best_score=137.0, changed=610, unchanged=448, early_stops=8/8
26 - INFO - chord#: 112 In build_straw_man_chord_sa. tolerance = 1, sa_iterations = 1000, initial_temperature = 3.0, cooling_rate = 0.999
26 - INFO - chord#: 98 done. best_score=104.0, changed=609, unchanged=327, early_stops=8/8
26 - INFO - chord#: 100 In build_straw_man_chord_sa. tolerance = 1, sa_iterations = 1000, initial_temperature = 3.0, cooling_rate = 0.999
26 - INFO - chord#: 120 done. best_score=27.0, changed=519, unchanged=355, early_stops=8/8
26 - INFO - chord#: 122 In build_straw_man_chord_sa. tolerance = 1, sa_iterations = 1000, initial_temperature = 3.0, cooling_rate = 0.999
26 - INFO - chord#: 114 done. best_score=27.0, changed=516, unchanged=394, early_stops=8/8
26 - INFO - chord#: 116 In build_straw_man_chord_sa. tolerance = 1, sa_iterations = 1000, initial_temperature = 3.0, cooling_rate = 0.999
26 - INFO - chord#: 106 done. best_score=27.0, changed=525, unchanged=368, early_stops=8/8
26 - INFO - chord#: 108 In build_straw_man_chord_sa. tolerance = 1, sa_iterations = 1000, initial_temperature = 3.0, cooling_rate = 0.999
26 - INFO - chord#: 112 done. best_score=27.0, changed=517, unchanged=333, early_stops=8/8
26 - INFO - chord#: 114 In build_straw_man_chord_sa. tolerance = 1, sa_iterations = 1000, initial_temperature = 3.0, cooling_rate = 0.999
26 - INFO - chord#: 112 done. best_score=27.0, changed=525, unchanged=366, early_stops=8/8
26 - INFO - chord#: 114 In build_straw_man_chord_sa. tolerance = 1, sa_iterations = 1000, initial_temperature = 3.0, cooling_rate = 0.999
26 - INFO - chord#: 98 done. best_score=104.0, changed=614, unchanged=449, early_stops=8/8
26 - INFO - chord#: 100 In build_straw_man_chord_sa. tolerance = 1, sa_iterations = 1000, initial_temperature = 3.0, cooling_rate = 0.999
26 - INFO - chord#: 110 done. best_score=137.0, changed=613, unchanged=387, early_stops=8/8
26 - INFO - chord#: 112 In build_straw_man_chord_sa. tolerance = 1, sa_iterations = 1000, initial_temperature = 3.0, cooling_rate = 0.999
26 - INFO - chord#: 100 done. best_score=27.0, changed=518, unchanged=311, early_stops=8/8
26 - INFO - chord#: 102 In build_straw_man_chord_sa. tolerance = 1, sa_iterations = 1000, initial_temperature = 3.0, cooling_rate = 0.999
26 - INFO - chord#: 96 done. best_score=27.0, changed=519, unchanged=478, early_stops=8/8
26 - INFO - chord#: 98 In build_straw_man_chord_sa. tolerance = 1, sa_iterations = 1000, initial_temperature = 3.0, cooling_rate = 0.999
26 - INFO - chord#: 118 done. best_score=105.0, changed=612, unchanged=246, early_stops=8/8
26 - INFO - chord#: 120 In build_straw_man_chord_sa. tolerance = 1, sa_iterations = 1000, initial_temperature = 3.0, cooling_rate = 0.999
26 - INFO - chord#: 116 done. best_score=27.0, changed=523, unchanged=507, early_stops=8/8
26 - INFO - chord#: 118 In build_straw_man_chord_sa. tolerance = 1, sa_iterations = 1000, initial_temperature = 3.0, cooling_rate = 0.999
26 - INFO - chord#: 114 done. best_score=27.0, changed=520, unchanged=467, early_stops=8/8
26 - INFO - chord#: 116 In build_straw_man_chord_sa. tolerance = 1, sa_iterations = 1000, initial_temperature = 3.0, cooling_rate = 0.999
26 - INFO - chord#: 100 done. best_score=27.0, changed=511, unchanged=313, early_stops=8/8
26 - INFO - chord#: 102 In build_straw_man_chord_sa. tolerance = 1, sa_iterations = 1000, initial_temperature = 3.0, cooling_rate = 0.999
26 - INFO - chord#: 114 done. best_score=27.0, changed=525, unchanged=429, early_stops=8/8
26 - INFO - chord#: 116 In build_straw_man_chord_sa. tolerance = 1, sa_iterations = 1000, initial_temperature = 3.0, cooling_rate = 0.999
26 - INFO - chord#: 112 done. best_score=27.0, changed=517, unchanged=452, early_stops=8/8
26 - INFO - chord#: 114 In build_straw_man_chord_sa. tolerance = 1, sa_iterations = 1000, initial_temperature = 3.0, cooling_rate = 0.999
26 - INFO - chord#: 102 done. best_score=35.0, changed=512, unchanged=320, early_stops=8/8
26 - INFO - chord#: 104 In build_straw_man_chord_sa. tolerance = 1, sa_iterations = 1000, initial_temperature = 3.0, cooling_rate = 0.999
26 - INFO - chord#: 108 done. best_score=27.0, changed=523, unchanged=636, early_stops=8/8
26 - INFO - chord#: 110 In build_straw_man_chord_sa. tolerance = 1, sa_iterations = 1000, initial_temperature = 3.0, cooling_rate = 0.999
26 - INFO - chord#: 98 done. best_score=104.0, changed=614, unchanged=352, early_stops=8/8
26 - INFO - chord#: 100 In build_straw_man_chord_sa. tolerance = 1, sa_iterations = 1000, initial_temperature = 3.0, cooling_rate = 0.999
26 - INFO - chord#: 120 done. best_score=27.0, changed=523, unchanged=460, early_stops=8/8
26 - INFO - chord#: 122 In build_straw_man_chord_sa. tolerance = 1, sa_iterations = 1000, initial_temperature = 3.0, cooling_rate = 0.999
26 - INFO - chord#: 110 done. best_score=67.0, changed=610, unchanged=466, early_stops=8/8
26 - INFO - chord#: 112 In build_straw_man_chord_sa. tolerance = 1, sa_iterations = 1000, initial_temperature = 3.0, cooling_rate = 0.999
26 - INFO - chord#: 116 done. best_score=27.0, changed=517, unchanged=392, early_stops=8/8
26 - INFO - chord#: 118 In build_straw_man_chord_sa. tolerance = 1, sa_iterations = 1000, initial_temperature = 3.0, cooling_rate = 0.999
26 - INFO - chord#: 114 done. best_score=27.0, changed=524, unchanged=350, early_stops=8/8
26 - INFO - chord#: 116 In build_straw_man_chord_sa. tolerance = 1, sa_iterations = 1000, initial_temperature = 3.0, cooling_rate = 0.999
26 - INFO - chord#: 122 done. best_score=67.0, changed=614, unchanged=445, early_stops=8/8
26 - INFO - chord#: 124 In build_straw_man_chord_sa. tolerance = 1, sa_iterations = 1000, initial_temperature = 3.0, cooling_rate = 0.999
26 - INFO - chord#: 116 done. best_score=27.0, changed=518, unchanged=435, early_stops=8/8
26 - INFO - chord#: 118 In build_straw_man_chord_sa. tolerance = 1, sa_iterations = 1000, initial_temperature = 3.0, cooling_rate = 0.999
26 - INFO - chord#: 102 done. best_score=35.0, changed=517, unchanged=383, early_stops=8/8
26 - INFO - chord#: 104 In build_straw_man_chord_sa. tolerance = 1, sa_iterations = 1000, initial_temperature = 3.0, cooling_rate = 0.999
26 - INFO - chord#: 104 done. best_score=27.0, changed=514, unchanged=352, early_stops=8/8
26 - INFO - chord#: 106 In build_straw_man_chord_sa. tolerance = 1, sa_iterations = 1000, initial_temperature = 3.0, cooling_rate = 0.999
26 - INFO - chord#: 100 done. best_score=27.0, changed=534, unchanged=357, early_stops=8/8
26 - INFO - chord#: 102 In build_straw_man_chord_sa. tolerance = 1, sa_iterations = 1000, initial_temperature = 3.0, cooling_rate = 0.999
26 - INFO - chord#: 112 done. best_score=27.0, changed=511, unchanged=323, early_stops=8/8
26 - INFO - chord#: 114 In build_straw_man_chord_sa. tolerance = 1, sa_iterations = 1000, initial_temperature = 3.0, cooling_rate = 0.999
26 - INFO - chord#: 124 done. best_score=27.0, changed=527, unchanged=410, early_stops=8/8
26 - INFO - chord#: 128 In build_straw_man_chord_sa. tolerance = 1, sa_iterations = 1000, initial_temperature = 3.0, cooling_rate = 0.999
26 - INFO - chord#: 116 done. best_score=27.0, changed=516, unchanged=448, early_stops=8/8
26 - INFO - chord#: 118 In build_straw_man_chord_sa. tolerance = 1, sa_iterations = 1000, initial_temperature = 3.0, cooling_rate = 0.999
26 - INFO - chord#: 118 done. best_score=105.0, changed=618, unchanged=390, early_stops=8/8
26 - INFO - chord#: 120 In build_straw_man_chord_sa. tolerance = 1, sa_iterations = 1000, initial_temperature = 3.0, cooling_rate = 0.999
26 - INFO - chord#: 98 done. best_score=64.0, changed=610, unchanged=436, early_stops=8/8
26 - INFO - chord#: 100 In build_straw_man_chord_sa. tolerance = 1, sa_iterations = 1000, initial_temperature = 3.0, cooling_rate = 0.999
26 - INFO - chord#: 106 done. best_score=27.0, changed=522, unchanged=308, early_stops=8/8
26 - INFO - chord#: 108 In build_straw_man_chord_sa. tolerance = 1, sa_iterations = 1000, initial_temperature = 3.0, cooling_rate = 0.999
26 - INFO - chord#: 104 done. best_score=27.0, changed=516, unchanged=417, early_stops=8/8
26 - INFO - chord#: 106 In build_straw_man_chord_sa. tolerance = 1, sa_iterations = 1000, initial_temperature = 3.0, cooling_rate = 0.999
26 - INFO - chord#: 110 done. best_score=137.0, changed=610, unchanged=248, early_stops=8/8
26 - INFO - chord#: 112 In build_straw_man_chord_sa. tolerance = 1, sa_iterations = 1000, initial_temperature = 3.0, cooling_rate = 0.999
26 - INFO - chord#: 122 done. best_score=67.0, changed=609, unchanged=337, early_stops=8/8
26 - INFO - chord#: 124 In build_straw_man_chord_sa. tolerance = 1, sa_iterations = 1000, initial_temperature = 3.0, cooling_rate = 0.999
26 - INFO - chord#: 120 done. best_score=27.0, changed=533, unchanged=340, early_stops=8/8
26 - INFO - chord#: 122 In build_straw_man_chord_sa. tolerance = 1, sa_iterations = 1000, initial_temperature = 3.0, cooling_rate = 0.999
26 - INFO - chord#: 102 done. best_score=35.0, changed=524, unchanged=376, early_stops=8/8
26 - INFO - chord#: 104 In build_straw_man_chord_sa. tolerance = 1, sa_iterations = 1000, initial_temperature = 3.0, cooling_rate = 0.999
26 - INFO - chord#: 114 done. best_score=27.0, changed=531, unchanged=468, early_stops=8/8
26 - INFO - chord#: 116 In build_straw_man_chord_sa. tolerance = 1, sa_iterations = 1000, initial_temperature = 3.0, cooling_rate = 0.999
26 - INFO - chord#: 118 done. best_score=149.0, changed=608, unchanged=315, early_stops=8/8
26 - INFO - chord#: 120 In build_straw_man_chord_sa. tolerance = 1, sa_iterations = 1000, initial_temperature = 3.0, cooling_rate = 0.999
26 - INFO - chord#: 100 done. best_score=27.0, changed=520, unchanged=348, early_stops=8/8
26 - INFO - chord#: 102 In build_straw_man_chord_sa. tolerance = 1, sa_iterations = 1000, initial_temperature = 3.0, cooling_rate = 0.999
26 - INFO - chord#: 118 done. best_score=88.0, changed=613, unchanged=382, early_stops=8/8
26 - INFO - chord#: 120 In build_straw_man_chord_sa. tolerance = 1, sa_iterations = 1000, initial_temperature = 3.0, cooling_rate = 0.999
26 - INFO - chord#: 106 done. best_score=27.0, changed=531, unchanged=433, early_stops=8/8
26 - INFO - chord#: 108 In build_straw_man_chord_sa. tolerance = 1, sa_iterations = 1000, initial_temperature = 3.0, cooling_rate = 0.999
26 - INFO - chord#: 124 done. best_score=27.0, changed=516, unchanged=395, early_stops=8/8
26 - INFO - chord#: 128 In build_straw_man_chord_sa. tolerance = 1, sa_iterations = 1000, initial_temperature = 3.0, cooling_rate = 0.999
26 - INFO - chord#: 108 done. best_score=27.0, changed=525, unchanged=593, early_stops=8/8
26 - INFO - chord#: 110 In build_straw_man_chord_sa. tolerance = 1, sa_iterations = 1000, initial_temperature = 3.0, cooling_rate = 0.999
26 - INFO - chord#: 120 done. best_score=27.0, changed=514, unchanged=360, early_stops=8/8
26 - INFO - chord#: 122 In build_straw_man_chord_sa. tolerance = 1, sa_iterations = 1000, initial_temperature = 3.0, cooling_rate = 0.999
26 - INFO - chord#: 112 done. best_score=27.0, changed=532, unchanged=475, early_stops=8/8
26 - INFO - chord#: 114 In build_straw_man_chord_sa. tolerance = 1, sa_iterations = 1000, initial_temperature = 3.0, cooling_rate = 0.999
26 - INFO - chord#: 116 done. best_score=27.0, changed=525, unchanged=487, early_stops=8/8
26 - INFO - chord#: 118 In build_straw_man_chord_sa. tolerance = 1, sa_iterations = 1000, initial_temperature = 3.0, cooling_rate = 0.999
26 - INFO - chord#: 128 done. best_score=142.0, changed=611, unchanged=335, early_stops=8/8
26 - INFO - chord#: 132 In build_straw_man_chord_sa. tolerance = 1, sa_iterations = 1000, initial_temperature = 3.0, cooling_rate = 0.999
26 - INFO - chord#: 120 done. best_score=27.0, changed=521, unchanged=369, early_stops=8/8
26 - INFO - chord#: 122 In build_straw_man_chord_sa. tolerance = 1, sa_iterations = 1000, initial_temperature = 3.0, cooling_rate = 0.999
26 - INFO - chord#: 104 done. best_score=27.0, changed=523, unchanged=547, early_stops=8/8
26 - INFO - chord#: 106 In build_straw_man_chord_sa. tolerance = 1, sa_iterations = 1000, initial_temperature = 3.0, cooling_rate = 0.999
26 - INFO - chord#: 102 done. best_score=35.0, changed=522, unchanged=415, early_stops=8/8
26 - INFO - chord#: 104 In build_straw_man_chord_sa. tolerance = 1, sa_iterations = 1000, initial_temperature = 3.0, cooling_rate = 0.999
26 - INFO - chord#: 118 done. best_score=88.0, changed=614, unchanged=440, early_stops=8/8
26 - INFO - chord#: 120 In build_straw_man_chord_sa. tolerance = 1, sa_iterations = 1000, initial_temperature = 3.0, cooling_rate = 0.999
26 - INFO - chord#: 108 done. best_score=27.0, changed=526, unchanged=526, early_stops=8/8
26 - INFO - chord#: 110 In build_straw_man_chord_sa. tolerance = 1, sa_iterations = 1000, initial_temperature = 3.0, cooling_rate = 0.999
26 - INFO - chord#: 114 done. best_score=27.0, changed=520, unchanged=355, early_stops=8/8
26 - INFO - chord#: 116 In build_straw_man_chord_sa. tolerance = 1, sa_iterations = 1000, initial_temperature = 3.0, cooling_rate = 0.999
26 - INFO - chord#: 132 done. best_score=27.0, changed=517, unchanged=430, early_stops=8/8
26 - INFO - chord#: 136 In build_straw_man_chord_sa. tolerance = 1, sa_iterations = 1000, initial_temperature = 3.0, cooling_rate = 0.999
26 - INFO - chord#: 106 done. best_score=27.0, changed=522, unchanged=344, early_stops=8/8
26 - INFO - chord#: 108 In build_straw_man_chord_sa. tolerance = 1, sa_iterations = 1000, initial_temperature = 3.0, cooling_rate = 0.999
26 - INFO - chord#: 120 done. best_score=27.0, changed=525, unchanged=379, early_stops=8/8
26 - INFO - chord#: 122 In build_straw_man_chord_sa. tolerance = 1, sa_iterations = 1000, initial_temperature = 3.0, cooling_rate = 0.999
26 - INFO - chord#: 104 done. best_score=27.0, changed=523, unchanged=449, early_stops=8/8
26 - INFO - chord#: 106 In build_straw_man_chord_sa. tolerance = 1, sa_iterations = 1000, initial_temperature = 3.0, cooling_rate = 0.999
26 - INFO - chord#: 118 done. best_score=136.0, changed=609, unchanged=210, early_stops=8/8
26 - INFO - chord#: 120 In build_straw_man_chord_sa. tolerance = 1, sa_iterations = 1000, initial_temperature = 3.0, cooling_rate = 0.999
26 - INFO - chord#: 122 done. best_score=168.0, changed=606, unchanged=250, early_stops=8/8
26 - INFO - chord#: 124 In build_straw_man_chord_sa. tolerance = 1, sa_iterations = 1000, initial_temperature = 3.0, cooling_rate = 0.999
26 - INFO - chord#: 122 done. best_score=67.0, changed=618, unchanged=397, early_stops=8/8
26 - INFO - chord#: 124 In build_straw_man_chord_sa. tolerance = 1, sa_iterations = 1000, initial_temperature = 3.0, cooling_rate = 0.999
26 - INFO - chord#: 136 done. best_score=27.0, changed=527, unchanged=464, early_stops=8/8
26 - INFO - chord#: 138 In build_straw_man_chord_sa. tolerance = 1, sa_iterations = 1000, initial_temperature = 3.0, cooling_rate = 0.999
26 - INFO - chord#: 128 done. best_score=142.0, changed=613, unchanged=385, early_stops=8/8
26 - INFO - chord#: 132 In build_straw_man_chord_sa. tolerance = 1, sa_iterations = 1000, initial_temperature = 3.0, cooling_rate = 0.999
26 - INFO - chord#: 110 done. best_score=137.0, changed=608, unchanged=282, early_stops=8/8
26 - INFO - chord#: 112 In build_straw_man_chord_sa. tolerance = 1, sa_iterations = 1000, initial_temperature = 3.0, cooling_rate = 0.999
26 - INFO - chord#: 122 done. best_score=140.0, changed=606, unchanged=326, early_stops=8/8
26 - INFO - chord#: 124 In build_straw_man_chord_sa. tolerance = 1, sa_iterations = 1000, initial_temperature = 3.0, cooling_rate = 0.999
26 - INFO - chord#: 108 done. best_score=27.0, changed=516, unchanged=422, early_stops=8/8
26 - INFO - chord#: 110 In build_straw_man_chord_sa. tolerance = 1, sa_iterations = 1000, initial_temperature = 3.0, cooling_rate = 0.999
26 - INFO - chord#: 116 done. best_score=27.0, changed=526, unchanged=501, early_stops=8/8
26 - INFO - chord#: 118 In build_straw_man_chord_sa. tolerance = 1, sa_iterations = 1000, initial_temperature = 3.0, cooling_rate = 0.999
26 - INFO - chord#: 120 done. best_score=27.0, changed=524, unchanged=347, early_stops=8/8
26 - INFO - chord#: 122 In build_straw_man_chord_sa. tolerance = 1, sa_iterations = 1000, initial_temperature = 3.0, cooling_rate = 0.999
26 - INFO - chord#: 106 done. best_score=27.0, changed=524, unchanged=403, early_stops=8/8
26 - INFO - chord#: 108 In build_straw_man_chord_sa. tolerance = 1, sa_iterations = 1000, initial_temperature = 3.0, cooling_rate = 0.999
26 - INFO - chord#: 124 done. best_score=27.0, changed=527, unchanged=587, early_stops=8/8
26 - INFO - chord#: 128 In build_straw_man_chord_sa. tolerance = 1, sa_iterations = 1000, initial_temperature = 3.0, cooling_rate = 0.999
26 - INFO - chord#: 132 done. best_score=27.0, changed=528, unchanged=417, early_stops=8/8
26 - INFO - chord#: 136 In build_straw_man_chord_sa. tolerance = 1, sa_iterations = 1000, initial_temperature = 3.0, cooling_rate = 0.999
26 - INFO - chord#: 110 done. best_score=67.0, changed=608, unchanged=255, early_stops=8/8
26 - INFO - chord#: 112 In build_straw_man_chord_sa. tolerance = 1, sa_iterations = 1000, initial_temperature = 3.0, cooling_rate = 0.999
26 - INFO - chord#: 124 done. best_score=27.0, changed=517, unchanged=389, early_stops=8/8
26 - INFO - chord#: 128 In build_straw_man_chord_sa. tolerance = 1, sa_iterations = 1000, initial_temperature = 3.0, cooling_rate = 0.999
26 - INFO - chord#: 124 done. best_score=27.0, changed=524, unchanged=534, early_stops=8/8
26 - INFO - chord#: 128 In build_straw_man_chord_sa. tolerance = 1, sa_iterations = 1000, initial_temperature = 3.0, cooling_rate = 0.999
26 - INFO - chord#: 112 done. best_score=27.0, changed=530, unchanged=549, early_stops=8/8
26 - INFO - chord#: 114 In build_straw_man_chord_sa. tolerance = 1, sa_iterations = 1000, initial_temperature = 3.0, cooling_rate = 0.999
26 - INFO - chord#: 122 done. best_score=96.0, changed=617, unchanged=394, early_stops=8/8
26 - INFO - chord#: 124 In build_straw_man_chord_sa. tolerance = 1, sa_iterations = 1000, initial_temperature = 3.0, cooling_rate = 0.999
26 - INFO - chord#: 108 done. best_score=27.0, changed=512, unchanged=311, early_stops=8/8
26 - INFO - chord#: 110 In build_straw_man_chord_sa. tolerance = 1, sa_iterations = 1000, initial_temperature = 3.0, cooling_rate = 0.999
26 - INFO - chord#: 136 done. best_score=27.0, changed=521, unchanged=348, early_stops=8/8
26 - INFO - chord#: 138 In build_straw_man_chord_sa. tolerance = 1, sa_iterations = 1000, initial_temperature = 3.0, cooling_rate = 0.999
26 - INFO - chord#: 138 done. best_score=125.0, changed=607, unchanged=338, early_stops=8/8
26 - INFO - chord#: 140 In build_straw_man_chord_sa. tolerance = 1, sa_iterations = 1000, initial_temperature = 3.0, cooling_rate = 0.999
26 - INFO - chord#: 122 done. best_score=67.0, changed=606, unchanged=251, early_stops=8/8
26 - INFO - chord#: 124 In build_straw_man_chord_sa. tolerance = 1, sa_iterations = 1000, initial_temperature = 3.0, cooling_rate = 0.999
26 - INFO - chord#: 112 done. best_score=27.0, changed=522, unchanged=501, early_stops=8/8
26 - INFO - chord#: 114 In build_straw_man_chord_sa. tolerance = 1, sa_iterations = 1000, initial_temperature = 3.0, cooling_rate = 0.999
26 - INFO - chord#: 124 done. best_score=27.0, changed=517, unchanged=357, early_stops=8/8
26 - INFO - chord#: 128 In build_straw_man_chord_sa. tolerance = 1, sa_iterations = 1000, initial_temperature = 3.0, cooling_rate = 0.999
26 - INFO - chord#: 118 done. best_score=132.0, changed=611, unchanged=247, early_stops=8/8
26 - INFO - chord#: 120 In build_straw_man_chord_sa. tolerance = 1, sa_iterations = 1000, initial_temperature = 3.0, cooling_rate = 0.999
26 - INFO - chord#: 110 done. best_score=67.0, changed=611, unchanged=307, early_stops=8/8
26 - INFO - chord#: 112 In build_straw_man_chord_sa. tolerance = 1, sa_iterations = 1000, initial_temperature = 3.0, cooling_rate = 0.999
26 - INFO - chord#: 114 done. best_score=27.0, changed=519, unchanged=416, early_stops=8/8
26 - INFO - chord#: 116 In build_straw_man_chord_sa. tolerance = 1, sa_iterations = 1000, initial_temperature = 3.0, cooling_rate = 0.999
26 - INFO - chord#: 140 done. best_score=61.0, changed=533, unchanged=352, early_stops=8/8
26 - INFO - chord#: 142 In build_straw_man_chord_sa. tolerance = 1, sa_iterations = 1000, initial_temperature = 3.0, cooling_rate = 0.999
26 - INFO - chord#: 128 done. best_score=140.0, changed=616, unchanged=326, early_stops=8/8
26 - INFO - chord#: 132 In build_straw_man_chord_sa. tolerance = 1, sa_iterations = 1000, initial_temperature = 3.0, cooling_rate = 0.999
26 - INFO - chord#: 124 done. best_score=27.0, changed=522, unchanged=364, early_stops=8/8
26 - INFO - chord#: 128 In build_straw_man_chord_sa. tolerance = 1, sa_iterations = 1000, initial_temperature = 3.0, cooling_rate = 0.999
26 - INFO - chord#: 128 done. best_score=140.0, changed=615, unchanged=300, early_stops=8/8
26 - INFO - chord#: 132 In build_straw_man_chord_sa. tolerance = 1, sa_iterations = 1000, initial_temperature = 3.0, cooling_rate = 0.999
26 - INFO - chord#: 114 done. best_score=27.0, changed=525, unchanged=406, early_stops=8/8
26 - INFO - chord#: 116 In build_straw_man_chord_sa. tolerance = 1, sa_iterations = 1000, initial_temperature = 3.0, cooling_rate = 0.999
26 - INFO - chord#: 128 done. best_score=140.0, changed=612, unchanged=268, early_stops=8/8
26 - INFO - chord#: 132 In build_straw_man_chord_sa. tolerance = 1, sa_iterations = 1000, initial_temperature = 3.0, cooling_rate = 0.999
26 - INFO - chord#: 120 done. best_score=27.0, changed=515, unchanged=292, early_stops=8/8
26 - INFO - chord#: 122 In build_straw_man_chord_sa. tolerance = 1, sa_iterations = 1000, initial_temperature = 3.0, cooling_rate = 0.999
26 - INFO - chord#: 138 done. best_score=137.0, changed=610, unchanged=279, early_stops=8/8
26 - INFO - chord#: 140 In build_straw_man_chord_sa. tolerance = 1, sa_iterations = 1000, initial_temperature = 3.0, cooling_rate = 0.999
26 - INFO - chord#: 132 done. best_score=27.0, changed=515, unchanged=315, early_stops=8/8
26 - INFO - chord#: 136 In build_straw_man_chord_sa. tolerance = 1, sa_iterations = 1000, initial_temperature = 3.0, cooling_rate = 0.999
26 - INFO - chord#: 112 done. best_score=27.0, changed=517, unchanged=330, early_stops=8/8
26 - INFO - chord#: 114 In build_straw_man_chord_sa. tolerance = 1, sa_iterations = 1000, initial_temperature = 3.0, cooling_rate = 0.999
26 - INFO - chord#: 142 done. best_score=47.0, changed=526, unchanged=424, early_stops=8/8
26 - INFO - chord#: 144 In build_straw_man_chord_sa. tolerance = 1, sa_iterations = 1000, initial_temperature = 3.0, cooling_rate = 0.999
26 - INFO - chord#: 116 done. best_score=27.0, changed=518, unchanged=479, early_stops=8/8
26 - INFO - chord#: 118 In build_straw_man_chord_sa. tolerance = 1, sa_iterations = 1000, initial_temperature = 3.0, cooling_rate = 0.999
26 - INFO - chord#: 110 done. best_score=67.0, changed=614, unchanged=373, early_stops=8/8
26 - INFO - chord#: 112 In build_straw_man_chord_sa. tolerance = 1, sa_iterations = 1000, initial_temperature = 3.0, cooling_rate = 0.999
26 - INFO - chord#: 132 done. best_score=27.0, changed=526, unchanged=405, early_stops=8/8
26 - INFO - chord#: 136 In build_straw_man_chord_sa. tolerance = 1, sa_iterations = 1000, initial_temperature = 3.0, cooling_rate = 0.999
26 - INFO - chord#: 132 done. best_score=27.0, changed=524, unchanged=347, early_stops=8/8
26 - INFO - chord#: 136 In build_straw_man_chord_sa. tolerance = 1, sa_iterations = 1000, initial_temperature = 3.0, cooling_rate = 0.999
26 - INFO - chord#: 136 done. best_score=27.0, changed=525, unchanged=331, early_stops=8/8
26 - INFO - chord#: 138 In build_straw_man_chord_sa. tolerance = 1, sa_iterations = 1000, initial_temperature = 3.0, cooling_rate = 0.999
26 - INFO - chord#: 128 done. best_score=142.0, changed=610, unchanged=359, early_stops=8/8
26 - INFO - chord#: 132 In build_straw_man_chord_sa. tolerance = 1, sa_iterations = 1000, initial_temperature = 3.0, cooling_rate = 0.999
26 - INFO - chord#: 116 done. best_score=27.0, changed=523, unchanged=425, early_stops=8/8
26 - INFO - chord#: 118 In build_straw_man_chord_sa. tolerance = 1, sa_iterations = 1000, initial_temperature = 3.0, cooling_rate = 0.999
26 - INFO - chord#: 140 done. best_score=61.0, changed=536, unchanged=337, early_stops=8/8
26 - INFO - chord#: 142 In build_straw_man_chord_sa. tolerance = 1, sa_iterations = 1000, initial_temperature = 3.0, cooling_rate = 0.999
26 - INFO - chord#: 144 done. best_score=27.0, changed=530, unchanged=484, early_stops=8/8
26 - INFO - chord#: 146 In build_straw_man_chord_sa. tolerance = 1, sa_iterations = 1000, initial_temperature = 3.0, cooling_rate = 0.999
26 - INFO - chord#: 114 done. best_score=27.0, changed=523, unchanged=383, early_stops=8/8
26 - INFO - chord#: 116 In build_straw_man_chord_sa. tolerance = 1, sa_iterations = 1000, initial_temperature = 3.0, cooling_rate = 0.999
26 - INFO - chord#: 136 done. best_score=27.0, changed=526, unchanged=494, early_stops=8/8
26 - INFO - chord#: 138 In build_straw_man_chord_sa. tolerance = 1, sa_iterations = 1000, initial_temperature = 3.0, cooling_rate = 0.999
26 - INFO - chord#: 128 done. best_score=142.0, changed=611, unchanged=337, early_stops=8/8
26 - INFO - chord#: 132 In build_straw_man_chord_sa. tolerance = 1, sa_iterations = 1000, initial_temperature = 3.0, cooling_rate = 0.999
26 - INFO - chord#: 112 done. best_score=27.0, changed=519, unchanged=412, early_stops=8/8
26 - INFO - chord#: 114 In build_straw_man_chord_sa. tolerance = 1, sa_iterations = 1000, initial_temperature = 3.0, cooling_rate = 0.999
26 - INFO - chord#: 132 done. best_score=27.0, changed=518, unchanged=400, early_stops=8/8
26 - INFO - chord#: 136 In build_straw_man_chord_sa. tolerance = 1, sa_iterations = 1000, initial_temperature = 3.0, cooling_rate = 0.999
26 - INFO - chord#: 136 done. best_score=27.0, changed=525, unchanged=349, early_stops=8/8
26 - INFO - chord#: 138 In build_straw_man_chord_sa. tolerance = 1, sa_iterations = 1000, initial_temperature = 3.0, cooling_rate = 0.999
26 - INFO - chord#: 142 done. best_score=47.0, changed=518, unchanged=329, early_stops=8/8
26 - INFO - chord#: 144 In build_straw_man_chord_sa. tolerance = 1, sa_iterations = 1000, initial_temperature = 3.0, cooling_rate = 0.999
26 - INFO - chord#: 116 done. best_score=27.0, changed=524, unchanged=449, early_stops=8/8
26 - INFO - chord#: 118 In build_straw_man_chord_sa. tolerance = 1, sa_iterations = 1000, initial_temperature = 3.0, cooling_rate = 0.999
26 - INFO - chord#: 136 done. best_score=27.0, changed=520, unchanged=451, early_stops=8/8
26 - INFO - chord#: 138 In build_straw_man_chord_sa. tolerance = 1, sa_iterations = 1000, initial_temperature = 3.0, cooling_rate = 0.999
26 - INFO - chord#: 138 done. best_score=67.0, changed=608, unchanged=274, early_stops=8/8
26 - INFO - chord#: 140 In build_straw_man_chord_sa. tolerance = 1, sa_iterations = 1000, initial_temperature = 3.0, cooling_rate = 0.999
26 - INFO - chord#: 122 done. best_score=96.0, changed=613, unchanged=387, early_stops=8/8
26 - INFO - chord#: 124 In build_straw_man_chord_sa. tolerance = 1, sa_iterations = 1000, initial_temperature = 3.0, cooling_rate = 0.999
26 - INFO - chord#: 132 done. best_score=27.0, changed=526, unchanged=555, early_stops=8/8
26 - INFO - chord#: 136 In build_straw_man_chord_sa. tolerance = 1, sa_iterations = 1000, initial_temperature = 3.0, cooling_rate = 0.999
26 - INFO - chord#: 114 done. best_score=27.0, changed=517, unchanged=366, early_stops=8/8
26 - INFO - chord#: 116 In build_straw_man_chord_sa. tolerance = 1, sa_iterations = 1000, initial_temperature = 3.0, cooling_rate = 0.999
26 - INFO - chord#: 144 done. best_score=27.0, changed=518, unchanged=361, early_stops=8/8
26 - INFO - chord#: 146 In build_straw_man_chord_sa. tolerance = 1, sa_iterations = 1000, initial_temperature = 3.0, cooling_rate = 0.999
26 - INFO - chord#: 118 done. best_score=88.0, changed=610, unchanged=296, early_stops=8/8
26 - INFO - chord#: 120 In build_straw_man_chord_sa. tolerance = 1, sa_iterations = 1000, initial_temperature = 3.0, cooling_rate = 0.999
26 - INFO - chord#: 146 done. best_score=64.0, changed=611, unchanged=347, early_stops=8/8
26 - INFO - chord#: 148 In build_straw_man_chord_sa. tolerance = 1, sa_iterations = 1000, initial_temperature = 3.0, cooling_rate = 0.999
26 - INFO - chord#: 138 done. best_score=67.0, changed=612, unchanged=286, early_stops=8/8
26 - INFO - chord#: 140 In build_straw_man_chord_sa. tolerance = 1, sa_iterations = 1000, initial_temperature = 3.0, cooling_rate = 0.999
26 - INFO - chord#: 136 done. best_score=27.0, changed=516, unchanged=312, early_stops=8/8
26 - INFO - chord#: 138 In build_straw_man_chord_sa. tolerance = 1, sa_iterations = 1000, initial_temperature = 3.0, cooling_rate = 0.999
26 - INFO - chord#: 140 done. best_score=61.0, changed=528, unchanged=287, early_stops=8/8
26 - INFO - chord#: 142 In build_straw_man_chord_sa. tolerance = 1, sa_iterations = 1000, initial_temperature = 3.0, cooling_rate = 0.999
26 - INFO - chord#: 118 done. best_score=105.0, changed=613, unchanged=401, early_stops=8/8
26 - INFO - chord#: 120 In build_straw_man_chord_sa. tolerance = 1, sa_iterations = 1000, initial_temperature = 3.0, cooling_rate = 0.999
26 - INFO - chord#: 120 done. best_score=27.0, changed=517, unchanged=357, early_stops=8/8
26 - INFO - chord#: 122 In build_straw_man_chord_sa. tolerance = 1, sa_iterations = 1000, initial_temperature = 3.0, cooling_rate = 0.999
26 - INFO - chord#: 124 done. best_score=27.0, changed=528, unchanged=494, early_stops=8/8
26 - INFO - chord#: 128 In build_straw_man_chord_sa. tolerance = 1, sa_iterations = 1000, initial_temperature = 3.0, cooling_rate = 0.999
26 - INFO - chord#: 116 done. best_score=27.0, changed=520, unchanged=469, early_stops=8/8
26 - INFO - chord#: 118 In build_straw_man_chord_sa. tolerance = 1, sa_iterations = 1000, initial_temperature = 3.0, cooling_rate = 0.999
26 - INFO - chord#: 138 done. best_score=175.0, changed=612, unchanged=233, early_stops=8/8
26 - INFO - chord#: 140 In build_straw_man_chord_sa. tolerance = 1, sa_iterations = 1000, initial_temperature = 3.0, cooling_rate = 0.999
26 - INFO - chord#: 140 done. best_score=61.0, changed=548, unchanged=384, early_stops=8/8
26 - INFO - chord#: 142 In build_straw_man_chord_sa. tolerance = 1, sa_iterations = 1000, initial_temperature = 3.0, cooling_rate = 0.999
26 - INFO - chord#: 142 done. best_score=47.0, changed=533, unchanged=362, early_stops=8/8
26 - INFO - chord#: 144 In build_straw_man_chord_sa. tolerance = 1, sa_iterations = 1000, initial_temperature = 3.0, cooling_rate = 0.999
26 - INFO - chord#: 138 done. best_score=78.0, changed=614, unchanged=295, early_stops=8/8
26 - INFO - chord#: 140 In build_straw_man_chord_sa. tolerance = 1, sa_iterations = 1000, initial_temperature = 3.0, cooling_rate = 0.999
26 - INFO - chord#: 120 done. best_score=27.0, changed=527, unchanged=374, early_stops=8/8
26 - INFO - chord#: 122 In build_straw_man_chord_sa. tolerance = 1, sa_iterations = 1000, initial_temperature = 3.0, cooling_rate = 0.999
26 - INFO - chord#: 146 done. best_score=146.0, changed=612, unchanged=274, early_stops=8/8
26 - INFO - chord#: 148 In build_straw_man_chord_sa. tolerance = 1, sa_iterations = 1000, initial_temperature = 3.0, cooling_rate = 0.999
26 - INFO - chord#: 118 done. best_score=132.0, changed=612, unchanged=352, early_stops=8/8
26 - INFO - chord#: 120 In build_straw_man_chord_sa. tolerance = 1, sa_iterations = 1000, initial_temperature = 3.0, cooling_rate = 0.999
26 - INFO - chord#: 142 done. best_score=47.0, changed=530, unchanged=393, early_stops=8/8
26 - INFO - chord#: 144 In build_straw_man_chord_sa. tolerance = 1, sa_iterations = 1000, initial_temperature = 3.0, cooling_rate = 0.999
26 - INFO - chord#: 144 done. best_score=27.0, changed=519, unchanged=475, early_stops=8/8
26 - INFO - chord#: 146 In build_straw_man_chord_sa. tolerance = 1, sa_iterations = 1000, initial_temperature = 3.0, cooling_rate = 0.999
26 - INFO - chord#: 148 done. best_score=67.0, changed=612, unchanged=321, early_stops=8/8
26 - INFO - chord#: 150 In build_straw_man_chord_sa. tolerance = 1, sa_iterations = 1000, initial_temperature = 3.0, cooling_rate = 0.999
26 - INFO - chord#: 140 done. best_score=61.0, changed=530, unchanged=348, early_stops=8/8
26 - INFO - chord#: 142 In build_straw_man_chord_sa. tolerance = 1, sa_iterations = 1000, initial_temperature = 3.0, cooling_rate = 0.999
26 - INFO - chord#: 140 done. best_score=61.0, changed=540, unchanged=334, early_stops=8/8
26 - INFO - chord#: 142 In build_straw_man_chord_sa. tolerance = 1, sa_iterations = 1000, initial_temperature = 3.0, cooling_rate = 0.999
26 - INFO - chord#: 138 done. best_score=78.0, changed=623, unchanged=450, early_stops=8/8
26 - INFO - chord#: 140 In build_straw_man_chord_sa. tolerance = 1, sa_iterations = 1000, initial_temperature = 3.0, cooling_rate = 0.999
26 - INFO - chord#: 144 done. best_score=27.0, changed=519, unchanged=338, early_stops=8/8
26 - INFO - chord#: 146 In build_straw_man_chord_sa. tolerance = 1, sa_iterations = 1000, initial_temperature = 3.0, cooling_rate = 0.999
26 - INFO - chord#: 150 done. best_score=36.0, changed=529, unchanged=444, early_stops=8/8
26 - INFO - chord#: 152 In build_straw_man_chord_sa. tolerance = 1, sa_iterations = 1000, initial_temperature = 3.0, cooling_rate = 0.999
26 - INFO - chord#: 120 done. best_score=27.0, changed=534, unchanged=472, early_stops=8/8
26 - INFO - chord#: 122 In build_straw_man_chord_sa. tolerance = 1, sa_iterations = 1000, initial_temperature = 3.0, cooling_rate = 0.999
26 - INFO - chord#: 128 done. best_score=140.0, changed=612, unchanged=264, early_stops=8/8
26 - INFO - chord#: 132 In build_straw_man_chord_sa. tolerance = 1, sa_iterations = 1000, initial_temperature = 3.0, cooling_rate = 0.999
26 - INFO - chord#: 142 done. best_score=62.0, changed=525, unchanged=397, early_stops=8/8
26 - INFO - chord#: 144 In build_straw_man_chord_sa. tolerance = 1, sa_iterations = 1000, initial_temperature = 3.0, cooling_rate = 0.999
26 - INFO - chord#: 142 done. best_score=74.0, changed=532, unchanged=336, early_stops=8/8
26 - INFO - chord#: 144 In build_straw_man_chord_sa. tolerance = 1, sa_iterations = 1000, initial_temperature = 3.0, cooling_rate = 0.999
26 - INFO - chord#: 122 done. best_score=67.0, changed=612, unchanged=375, early_stops=8/8
26 - INFO - chord#: 124 In build_straw_man_chord_sa. tolerance = 1, sa_iterations = 1000, initial_temperature = 3.0, cooling_rate = 0.999
26 - INFO - chord#: 140 done. best_score=61.0, changed=526, unchanged=321, early_stops=8/8
26 - INFO - chord#: 142 In build_straw_man_chord_sa. tolerance = 1, sa_iterations = 1000, initial_temperature = 3.0, cooling_rate = 0.999
26 - INFO - chord#: 122 done. best_score=165.0, changed=608, unchanged=233, early_stops=8/8
26 - INFO - chord#: 124 In build_straw_man_chord_sa. tolerance = 1, sa_iterations = 1000, initial_temperature = 3.0, cooling_rate = 0.999
26 - INFO - chord#: 118 done. best_score=88.0, changed=608, unchanged=424, early_stops=8/8
26 - INFO - chord#: 120 In build_straw_man_chord_sa. tolerance = 1, sa_iterations = 1000, initial_temperature = 3.0, cooling_rate = 0.999
26 - INFO - chord#: 152 done. best_score=27.0, changed=525, unchanged=452, early_stops=8/8
26 - INFO - chord#: 154 In build_straw_man_chord_sa. tolerance = 1, sa_iterations = 1000, initial_temperature = 3.0, cooling_rate = 0.999
26 - INFO - chord#: 144 done. best_score=27.0, changed=521, unchanged=400, early_stops=8/8
26 - INFO - chord#: 146 In build_straw_man_chord_sa. tolerance = 1, sa_iterations = 1000, initial_temperature = 3.0, cooling_rate = 0.999
26 - INFO - chord#: 148 done. best_score=119.0, changed=615, unchanged=516, early_stops=8/8
26 - INFO - chord#: 150 In build_straw_man_chord_sa. tolerance = 1, sa_iterations = 1000, initial_temperature = 3.0, cooling_rate = 0.999
26 - INFO - chord#: 132 done. best_score=27.0, changed=514, unchanged=323, early_stops=8/8
26 - INFO - chord#: 136 In build_straw_man_chord_sa. tolerance = 1, sa_iterations = 1000, initial_temperature = 3.0, cooling_rate = 0.999
26 - INFO - chord#: 146 done. best_score=64.0, changed=614, unchanged=368, early_stops=8/8
26 - INFO - chord#: 148 In build_straw_man_chord_sa. tolerance = 1, sa_iterations = 1000, initial_temperature = 3.0, cooling_rate = 0.999
26 - INFO - chord#: 142 done. best_score=47.0, changed=526, unchanged=320, early_stops=8/8
26 - INFO - chord#: 144 In build_straw_man_chord_sa. tolerance = 1, sa_iterations = 1000, initial_temperature = 3.0, cooling_rate = 0.999
26 - INFO - chord#: 144 done. best_score=27.0, changed=517, unchanged=440, early_stops=8/8
26 - INFO - chord#: 146 In build_straw_man_chord_sa. tolerance = 1, sa_iterations = 1000, initial_temperature = 3.0, cooling_rate = 0.999
26 - INFO - chord#: 124 done. best_score=27.0, changed=529, unchanged=505, early_stops=8/8
26 - INFO - chord#: 128 In build_straw_man_chord_sa. tolerance = 1, sa_iterations = 1000, initial_temperature = 3.0, cooling_rate = 0.999
26 - INFO - chord#: 146 done. best_score=71.0, changed=607, unchanged=348, early_stops=8/8
26 - INFO - chord#: 148 In build_straw_man_chord_sa. tolerance = 1, sa_iterations = 1000, initial_temperature = 3.0, cooling_rate = 0.999
26 - INFO - chord#: 150 done. best_score=47.0, changed=535, unchanged=499, early_stops=8/8
26 - INFO - chord#: 152 In build_straw_man_chord_sa. tolerance = 1, sa_iterations = 1000, initial_temperature = 3.0, cooling_rate = 0.999
26 - INFO - chord#: 124 done. best_score=27.0, changed=524, unchanged=503, early_stops=8/8
26 - INFO - chord#: 128 In build_straw_man_chord_sa. tolerance = 1, sa_iterations = 1000, initial_temperature = 3.0, cooling_rate = 0.999
26 - INFO - chord#: 122 done. best_score=67.0, changed=608, unchanged=214, early_stops=8/8
26 - INFO - chord#: 124 In build_straw_man_chord_sa. tolerance = 1, sa_iterations = 1000, initial_temperature = 3.0, cooling_rate = 0.999
26 - INFO - chord#: 120 done. best_score=27.0, changed=526, unchanged=480, early_stops=8/8
26 - INFO - chord#: 122 In build_straw_man_chord_sa. tolerance = 1, sa_iterations = 1000, initial_temperature = 3.0, cooling_rate = 0.999
26 - INFO - chord#: 136 done. best_score=27.0, changed=522, unchanged=377, early_stops=8/8
26 - INFO - chord#: 138 In build_straw_man_chord_sa. tolerance = 1, sa_iterations = 1000, initial_temperature = 3.0, cooling_rate = 0.999
26 - INFO - chord#: 144 done. best_score=27.0, changed=519, unchanged=400, early_stops=8/8
26 - INFO - chord#: 146 In build_straw_man_chord_sa. tolerance = 1, sa_iterations = 1000, initial_temperature = 3.0, cooling_rate = 0.999
26 - INFO - chord#: 146 done. best_score=71.0, changed=609, unchanged=236, early_stops=8/8
26 - INFO - chord#: 148 In build_straw_man_chord_sa. tolerance = 1, sa_iterations = 1000, initial_temperature = 3.0, cooling_rate = 0.999
26 - INFO - chord#: 152 done. best_score=27.0, changed=521, unchanged=503, early_stops=8/8
26 - INFO - chord#: 154 In build_straw_man_chord_sa. tolerance = 1, sa_iterations = 1000, initial_temperature = 3.0, cooling_rate = 0.999
26 - INFO - chord#: 154 done. best_score=96.0, changed=619, unchanged=363, early_stops=8/8
26 - INFO - chord#: 156 In build_straw_man_chord_sa. tolerance = 1, sa_iterations = 1000, initial_temperature = 3.0, cooling_rate = 0.999
26 - INFO - chord#: 124 done. best_score=27.0, changed=521, unchanged=400, early_stops=8/8
26 - INFO - chord#: 128 In build_straw_man_chord_sa. tolerance = 1, sa_iterations = 1000, initial_temperature = 3.0, cooling_rate = 0.999
26 - INFO - chord#: 148 done. best_score=142.0, changed=609, unchanged=341, early_stops=8/8
26 - INFO - chord#: 150 In build_straw_man_chord_sa. tolerance = 1, sa_iterations = 1000, initial_temperature = 3.0, cooling_rate = 0.999
26 - INFO - chord#: 148 done. best_score=78.0, changed=615, unchanged=349, early_stops=8/8
26 - INFO - chord#: 150 In build_straw_man_chord_sa. tolerance = 1, sa_iterations = 1000, initial_temperature = 3.0, cooling_rate = 0.999
26 - INFO - chord#: 146 done. best_score=64.0, changed=608, unchanged=327, early_stops=8/8
26 - INFO - chord#: 148 In build_straw_man_chord_sa. tolerance = 1, sa_iterations = 1000, initial_temperature = 3.0, cooling_rate = 0.999
26 - INFO - chord#: 128 done. best_score=142.0, changed=612, unchanged=272, early_stops=8/8
26 - INFO - chord#: 132 In build_straw_man_chord_sa. tolerance = 1, sa_iterations = 1000, initial_temperature = 3.0, cooling_rate = 0.999
26 - INFO - chord#: 150 done. best_score=36.0, changed=531, unchanged=337, early_stops=8/8
26 - INFO - chord#: 152 In build_straw_man_chord_sa. tolerance = 1, sa_iterations = 1000, initial_temperature = 3.0, cooling_rate = 0.999
26 - INFO - chord#: 156 done. best_score=27.0, changed=523, unchanged=411, early_stops=8/8
26 - INFO - chord#: 138 done. best_score=78.0, changed=608, unchanged=251, early_stops=8/8
26 - INFO - chord#: 140 In build_straw_man_chord_sa. tolerance = 1, sa_iterations = 1000, initial_temperature = 3.0, cooling_rate = 0.999
26 - INFO - chord#: 148 done. best_score=166.0, changed=607, unchanged=233, early_stops=8/8
26 - INFO - chord#: 150 In build_straw_man_chord_sa. tolerance = 1, sa_iterations = 1000, initial_temperature = 3.0, cooling_rate = 0.999
26 - INFO - chord#: 146 done. best_score=64.0, changed=618, unchanged=421, early_stops=8/8
26 - INFO - chord#: 148 In build_straw_man_chord_sa. tolerance = 1, sa_iterations = 1000, initial_temperature = 3.0, cooling_rate = 0.999
26 - INFO - chord#: 150 done. best_score=47.0, changed=519, unchanged=346, early_stops=8/8
26 - INFO - chord#: 152 In build_straw_man_chord_sa. tolerance = 1, sa_iterations = 1000, initial_temperature = 3.0, cooling_rate = 0.999
26 - INFO - chord#: 122 done. best_score=67.0, changed=614, unchanged=460, early_stops=8/8
26 - INFO - chord#: 124 In build_straw_man_chord_sa. tolerance = 1, sa_iterations = 1000, initial_temperature = 3.0, cooling_rate = 0.999
26 - INFO - chord#: 128 done. best_score=140.0, changed=617, unchanged=445, early_stops=8/8
26 - INFO - chord#: 132 In build_straw_man_chord_sa. tolerance = 1, sa_iterations = 1000, initial_temperature = 3.0, cooling_rate = 0.999
26 - INFO - chord#: 152 done. best_score=27.0, changed=529, unchanged=490, early_stops=8/8
26 - INFO - chord#: 154 In build_straw_man_chord_sa. tolerance = 1, sa_iterations = 1000, initial_temperature = 3.0, cooling_rate = 0.999
26 - INFO - chord#: 154 done. best_score=67.0, changed=616, unchanged=371, early_stops=8/8
26 - INFO - chord#: 156 In build_straw_man_chord_sa. tolerance = 1, sa_iterations = 1000, initial_temperature = 3.0, cooling_rate = 0.999
26 - INFO - chord#: 132 done. best_score=27.0, changed=520, unchanged=412, early_stops=8/8
26 - INFO - chord#: 136 In build_straw_man_chord_sa. tolerance = 1, sa_iterations = 1000, initial_temperature = 3.0, cooling_rate = 0.999
26 - INFO - chord#: 150 done. best_score=36.0, changed=524, unchanged=392, early_stops=8/8
26 - INFO - chord#: 152 In build_straw_man_chord_sa. tolerance = 1, sa_iterations = 1000, initial_temperature = 3.0, cooling_rate = 0.999
26 - INFO - chord#: 152 done. best_score=27.0, changed=514, unchanged=363, early_stops=8/8
26 - INFO - chord#: 154 In build_straw_man_chord_sa. tolerance = 1, sa_iterations = 1000, initial_temperature = 3.0, cooling_rate = 0.999
26 - INFO - chord#: 140 done. best_score=61.0, changed=542, unchanged=302, early_stops=8/8
26 - INFO - chord#: 142 In build_straw_man_chord_sa. tolerance = 1, sa_iterations = 1000, initial_temperature = 3.0, cooling_rate = 0.999
26 - INFO - chord#: 128 done. best_score=140.0, changed=610, unchanged=273, early_stops=8/8
26 - INFO - chord#: 132 In build_straw_man_chord_sa. tolerance = 1, sa_iterations = 1000, initial_temperature = 3.0, cooling_rate = 0.999
26 - INFO - chord#: 124 done. best_score=27.0, changed=520, unchanged=382, early_stops=8/8
26 - INFO - chord#: 128 In build_straw_man_chord_sa. tolerance = 1, sa_iterations = 1000, initial_temperature = 3.0, cooling_rate = 0.999
26 - INFO - chord#: 148 done. best_score=78.0, changed=609, unchanged=230, early_stops=8/8
26 - INFO - chord#: 150 In build_straw_man_chord_sa. tolerance = 1, sa_iterations = 1000, initial_temperature = 3.0, cooling_rate = 0.999
26 - INFO - chord#: 156 done. best_score=27.0, changed=524, unchanged=412, early_stops=8/8
26 - INFO - chord#: 132 done. best_score=27.0, changed=514, unchanged=395, early_stops=8/8
26 - INFO - chord#: 136 In build_straw_man_chord_sa. tolerance = 1, sa_iterations = 1000, initial_temperature = 3.0, cooling_rate = 0.999
26 - INFO - chord#: 136 done. best_score=27.0, changed=523, unchanged=394, early_stops=8/8
26 - INFO - chord#: 138 In build_straw_man_chord_sa. tolerance = 1, sa_iterations = 1000, initial_temperature = 3.0, cooling_rate = 0.999
26 - INFO - chord#: 152 done. best_score=27.0, changed=512, unchanged=432, early_stops=8/8
26 - INFO - chord#: 154 In build_straw_man_chord_sa. tolerance = 1, sa_iterations = 1000, initial_temperature = 3.0, cooling_rate = 0.999
26 - INFO - chord#: 148 done. best_score=140.0, changed=609, unchanged=238, early_stops=8/8
26 - INFO - chord#: 150 In build_straw_man_chord_sa. tolerance = 1, sa_iterations = 1000, initial_temperature = 3.0, cooling_rate = 0.999
26 - INFO - chord#: 132 done. best_score=27.0, changed=520, unchanged=393, early_stops=8/8
26 - INFO - chord#: 136 In build_straw_man_chord_sa. tolerance = 1, sa_iterations = 1000, initial_temperature = 3.0, cooling_rate = 0.999
26 - INFO - chord#: 142 done. best_score=47.0, changed=531, unchanged=460, early_stops=8/8
26 - INFO - chord#: 144 In build_straw_man_chord_sa. tolerance = 1, sa_iterations = 1000, initial_temperature = 3.0, cooling_rate = 0.999
26 - INFO - chord#: 150 done. best_score=56.0, changed=528, unchanged=289, early_stops=8/8
26 - INFO - chord#: 152 In build_straw_man_chord_sa. tolerance = 1, sa_iterations = 1000, initial_temperature = 3.0, cooling_rate = 0.999
26 - INFO - chord#: 150 done. best_score=47.0, changed=520, unchanged=358, early_stops=8/8
26 - INFO - chord#: 152 In build_straw_man_chord_sa. tolerance = 1, sa_iterations = 1000, initial_temperature = 3.0, cooling_rate = 0.999
26 - INFO - chord#: 136 done. best_score=27.0, changed=516, unchanged=313, early_stops=8/8
26 - INFO - chord#: 138 In build_straw_man_chord_sa. tolerance = 1, sa_iterations = 1000, initial_temperature = 3.0, cooling_rate = 0.999
26 - INFO - chord#: 154 done. best_score=67.0, changed=614, unchanged=422, early_stops=8/8
26 - INFO - chord#: 156 In build_straw_man_chord_sa. tolerance = 1, sa_iterations = 1000, initial_temperature = 3.0, cooling_rate = 0.999
26 - INFO - chord#: 136 done. best_score=27.0, changed=529, unchanged=334, early_stops=8/8
26 - INFO - chord#: 138 In build_straw_man_chord_sa. tolerance = 1, sa_iterations = 1000, initial_temperature = 3.0, cooling_rate = 0.999
26 - INFO - chord#: 154 done. best_score=137.0, changed=612, unchanged=339, early_stops=8/8
26 - INFO - chord#: 156 In build_straw_man_chord_sa. tolerance = 1, sa_iterations = 1000, initial_temperature = 3.0, cooling_rate = 0.999
26 - INFO - chord#: 152 done. best_score=27.0, changed=516, unchanged=408, early_stops=8/8
26 - INFO - chord#: 154 In build_straw_man_chord_sa. tolerance = 1, sa_iterations = 1000, initial_temperature = 3.0, cooling_rate = 0.999
26 - INFO - chord#: 128 done. best_score=140.0, changed=611, unchanged=341, early_stops=8/8
26 - INFO - chord#: 132 In build_straw_man_chord_sa. tolerance = 1, sa_iterations = 1000, initial_temperature = 3.0, cooling_rate = 0.999
26 - INFO - chord#: 154 done. best_score=67.0, changed=607, unchanged=222, early_stops=8/8
26 - INFO - chord#: 156 In build_straw_man_chord_sa. tolerance = 1, sa_iterations = 1000, initial_temperature = 3.0, cooling_rate = 0.999
26 - INFO - chord#: 144 done. best_score=27.0, changed=521, unchanged=427, early_stops=8/8
26 - INFO - chord#: 146 In build_straw_man_chord_sa. tolerance = 1, sa_iterations = 1000, initial_temperature = 3.0, cooling_rate = 0.999
26 - INFO - chord#: 156 done. best_score=27.0, changed=519, unchanged=390, early_stops=8/8
26 - INFO - chord#: 152 done. best_score=27.0, changed=521, unchanged=428, early_stops=8/8
26 - INFO - chord#: 154 In build_straw_man_chord_sa. tolerance = 1, sa_iterations = 1000, initial_temperature = 3.0, cooling_rate = 0.999
26 - INFO - chord#: 156 done. best_score=27.0, changed=515, unchanged=316, early_stops=8/8
26 - INFO - chord#: 138 done. best_score=137.0, changed=612, unchanged=253, early_stops=8/8
26 - INFO - chord#: 140 In build_straw_man_chord_sa. tolerance = 1, sa_iterations = 1000, initial_temperature = 3.0, cooling_rate = 0.999
26 - INFO - chord#: 132 done. best_score=27.0, changed=516, unchanged=316, early_stops=8/8
26 - INFO - chord#: 136 In build_straw_man_chord_sa. tolerance = 1, sa_iterations = 1000, initial_temperature = 3.0, cooling_rate = 0.999
26 - INFO - chord#: 156 done. best_score=27.0, changed=521, unchanged=415, early_stops=8/8
26 - INFO - chord#: 138 done. best_score=125.0, changed=609, unchanged=246, early_stops=8/8
26 - INFO - chord#: 140 In build_straw_man_chord_sa. tolerance = 1, sa_iterations = 1000, initial_temperature = 3.0, cooling_rate = 0.999
26 - INFO - chord#: 138 done. best_score=125.0, changed=606, unchanged=238, early_stops=8/8
26 - INFO - chord#: 140 In build_straw_man_chord_sa. tolerance = 1, sa_iterations = 1000, initial_temperature = 3.0, cooling_rate = 0.999
26 - INFO - chord#: 136 done. best_score=27.0, changed=525, unchanged=393, early_stops=8/8
26 - INFO - chord#: 138 In build_straw_man_chord_sa. tolerance = 1, sa_iterations = 1000, initial_temperature = 3.0, cooling_rate = 0.999
26 - INFO - chord#: 140 done. best_score=61.0, changed=531, unchanged=351, early_stops=8/8
26 - INFO - chord#: 142 In build_straw_man_chord_sa. tolerance = 1, sa_iterations = 1000, initial_temperature = 3.0, cooling_rate = 0.999
26 - INFO - chord#: 154 done. best_score=67.0, changed=609, unchanged=261, early_stops=8/8
26 - INFO - chord#: 156 In build_straw_man_chord_sa. tolerance = 1, sa_iterations = 1000, initial_temperature = 3.0, cooling_rate = 0.999
26 - INFO - chord#: 146 done. best_score=140.0, changed=613, unchanged=332, early_stops=8/8
26 - INFO - chord#: 148 In build_straw_man_chord_sa. tolerance = 1, sa_iterations = 1000, initial_temperature = 3.0, cooling_rate = 0.999
26 - INFO - chord#: 140 done. best_score=61.0, changed=536, unchanged=334, early_stops=8/8
26 - INFO - chord#: 142 In build_straw_man_chord_sa. tolerance = 1, sa_iterations = 1000, initial_temperature = 3.0, cooling_rate = 0.999
26 - INFO - chord#: 140 done. best_score=61.0, changed=535, unchanged=309, early_stops=8/8
26 - INFO - chord#: 142 In build_straw_man_chord_sa. tolerance = 1, sa_iterations = 1000, initial_temperature = 3.0, cooling_rate = 0.999
26 - INFO - chord#: 154 done. best_score=137.0, changed=607, unchanged=310, early_stops=8/8
26 - INFO - chord#: 156 In build_straw_man_chord_sa. tolerance = 1, sa_iterations = 1000, initial_temperature = 3.0, cooling_rate = 0.999
26 - INFO - chord#: 156 done. best_score=27.0, changed=517, unchanged=347, early_stops=8/8
26 - INFO - chord#: 142 done. best_score=47.0, changed=530, unchanged=457, early_stops=8/8
26 - INFO - chord#: 144 In build_straw_man_chord_sa. tolerance = 1, sa_iterations = 1000, initial_temperature = 3.0, cooling_rate = 0.999
26 - INFO - chord#: 138 done. best_score=67.0, changed=606, unchanged=198, early_stops=8/8
26 - INFO - chord#: 140 In build_straw_man_chord_sa. tolerance = 1, sa_iterations = 1000, initial_temperature = 3.0, cooling_rate = 0.999
26 - INFO - chord#: 156 done. best_score=27.0, changed=523, unchanged=378, early_stops=8/8
26 - INFO - chord#: 142 done. best_score=47.0, changed=524, unchanged=443, early_stops=8/8
26 - INFO - chord#: 144 In build_straw_man_chord_sa. tolerance = 1, sa_iterations = 1000, initial_temperature = 3.0, cooling_rate = 0.999
26 - INFO - chord#: 142 done. best_score=47.0, changed=528, unchanged=415, early_stops=8/8
26 - INFO - chord#: 144 In build_straw_man_chord_sa. tolerance = 1, sa_iterations = 1000, initial_temperature = 3.0, cooling_rate = 0.999
26 - INFO - chord#: 144 done. best_score=27.0, changed=523, unchanged=401, early_stops=8/8
26 - INFO - chord#: 146 In build_straw_man_chord_sa. tolerance = 1, sa_iterations = 1000, initial_temperature = 3.0, cooling_rate = 0.999
26 - INFO - chord#: 140 done. best_score=61.0, changed=518, unchanged=311, early_stops=8/8
26 - INFO - chord#: 142 In build_straw_man_chord_sa. tolerance = 1, sa_iterations = 1000, initial_temperature = 3.0, cooling_rate = 0.999
26 - INFO - chord#: 148 done. best_score=78.0, changed=613, unchanged=372, early_stops=8/8
26 - INFO - chord#: 150 In build_straw_man_chord_sa. tolerance = 1, sa_iterations = 1000, initial_temperature = 3.0, cooling_rate = 0.999
26 - INFO - chord#: 144 done. best_score=27.0, changed=527, unchanged=552, early_stops=8/8
26 - INFO - chord#: 146 In build_straw_man_chord_sa. tolerance = 1, sa_iterations = 1000, initial_temperature = 3.0, cooling_rate = 0.999
26 - INFO - chord#: 144 done. best_score=27.0, changed=541, unchanged=432, early_stops=8/8
26 - INFO - chord#: 146 In build_straw_man_chord_sa. tolerance = 1, sa_iterations = 1000, initial_temperature = 3.0, cooling_rate = 0.999
26 - INFO - chord#: 150 done. best_score=47.0, changed=535, unchanged=378, early_stops=8/8
26 - INFO - chord#: 152 In build_straw_man_chord_sa. tolerance = 1, sa_iterations = 1000, initial_temperature = 3.0, cooling_rate = 0.999
26 - INFO - chord#: 142 done. best_score=47.0, changed=529, unchanged=443, early_stops=8/8
26 - INFO - chord#: 144 In build_straw_man_chord_sa. tolerance = 1, sa_iterations = 1000, initial_temperature = 3.0, cooling_rate = 0.999
26 - INFO - chord#: 146 done. best_score=64.0, changed=613, unchanged=279, early_stops=8/8
26 - INFO - chord#: 148 In build_straw_man_chord_sa. tolerance = 1, sa_iterations = 1000, initial_temperature = 3.0, cooling_rate = 0.999
26 - INFO - chord#: 152 done. best_score=27.0, changed=512, unchanged=508, early_stops=8/8
26 - INFO - chord#: 154 In build_straw_man_chord_sa. tolerance = 1, sa_iterations = 1000, initial_temperature = 3.0, cooling_rate = 0.999
26 - INFO - chord#: 144 done. best_score=27.0, changed=520, unchanged=635, early_stops=8/8
26 - INFO - chord#: 146 In build_straw_man_chord_sa. tolerance = 1, sa_iterations = 1000, initial_temperature = 3.0, cooling_rate = 0.999
26 - INFO - chord#: 146 done. best_score=140.0, changed=612, unchanged=321, early_stops=8/8
26 - INFO - chord#: 148 In build_straw_man_chord_sa. tolerance = 1, sa_iterations = 1000, initial_temperature = 3.0, cooling_rate = 0.999
26 - INFO - chord#: 146 done. best_score=140.0, changed=613, unchanged=378, early_stops=8/8
26 - INFO - chord#: 148 In build_straw_man_chord_sa. tolerance = 1, sa_iterations = 1000, initial_temperature = 3.0, cooling_rate = 0.999
26 - INFO - chord#: 148 done. best_score=78.0, changed=610, unchanged=270, early_stops=8/8
26 - INFO - chord#: 150 In build_straw_man_chord_sa. tolerance = 1, sa_iterations = 1000, initial_temperature = 3.0, cooling_rate = 0.999
26 - INFO - chord#: 148 done. best_score=78.0, changed=616, unchanged=281, early_stops=8/8
26 - INFO - chord#: 150 In build_straw_man_chord_sa. tolerance = 1, sa_iterations = 1000, initial_temperature = 3.0, cooling_rate = 0.999
26 - INFO - chord#: 154 done. best_score=96.0, changed=611, unchanged=326, early_stops=8/8
26 - INFO - chord#: 156 In build_straw_man_chord_sa. tolerance = 1, sa_iterations = 1000, initial_temperature = 3.0, cooling_rate = 0.999
26 - INFO - chord#: 148 done. best_score=78.0, changed=611, unchanged=277, early_stops=8/8
26 - INFO - chord#: 150 In build_straw_man_chord_sa. tolerance = 1, sa_iterations = 1000, initial_temperature = 3.0, cooling_rate = 0.999
26 - INFO - chord#: 146 done. best_score=71.0, changed=615, unchanged=494, early_stops=8/8
26 - INFO - chord#: 148 In build_straw_man_chord_sa. tolerance = 1, sa_iterations = 1000, initial_temperature = 3.0, cooling_rate = 0.999
26 - INFO - chord#: 150 done. best_score=47.0, changed=520, unchanged=442, early_stops=8/8
26 - INFO - chord#: 152 In build_straw_man_chord_sa. tolerance = 1, sa_iterations = 1000, initial_temperature = 3.0, cooling_rate = 0.999
26 - INFO - chord#: 156 done. best_score=27.0, changed=519, unchanged=349, early_stops=8/8
26 - INFO - chord#: 150 done. best_score=47.0, changed=524, unchanged=342, early_stops=8/8
26 - INFO - chord#: 152 In build_straw_man_chord_sa. tolerance = 1, sa_iterations = 1000, initial_temperature = 3.0, cooling_rate = 0.999
26 - INFO - chord#: 150 done. best_score=47.0, changed=524, unchanged=395, early_stops=8/8
26 - INFO - chord#: 152 In build_straw_man_chord_sa. tolerance = 1, sa_iterations = 1000, initial_temperature = 3.0, cooling_rate = 0.999
26 - INFO - chord#: 152 done. best_score=27.0, changed=516, unchanged=395, early_stops=8/8
26 - INFO - chord#: 154 In build_straw_man_chord_sa. tolerance = 1, sa_iterations = 1000, initial_temperature = 3.0, cooling_rate = 0.999
26 - INFO - chord#: 152 done. best_score=27.0, changed=525, unchanged=448, early_stops=8/8
26 - INFO - chord#: 154 In build_straw_man_chord_sa. tolerance = 1, sa_iterations = 1000, initial_temperature = 3.0, cooling_rate = 0.999
26 - INFO - chord#: 152 done. best_score=27.0, changed=522, unchanged=519, early_stops=8/8
26 - INFO - chord#: 154 In build_straw_man_chord_sa. tolerance = 1, sa_iterations = 1000, initial_temperature = 3.0, cooling_rate = 0.999
26 - INFO - chord#: 148 done. best_score=78.0, changed=614, unchanged=391, early_stops=8/8
26 - INFO - chord#: 150 In build_straw_man_chord_sa. tolerance = 1, sa_iterations = 1000, initial_temperature = 3.0, cooling_rate = 0.999
26 - INFO - chord#: 154 done. best_score=67.0, changed=606, unchanged=309, early_stops=8/8
26 - INFO - chord#: 156 In build_straw_man_chord_sa. tolerance = 1, sa_iterations = 1000, initial_temperature = 3.0, cooling_rate = 0.999
26 - INFO - chord#: 150 done. best_score=36.0, changed=525, unchanged=309, early_stops=8/8
26 - INFO - chord#: 152 In build_straw_man_chord_sa. tolerance = 1, sa_iterations = 1000, initial_temperature = 3.0, cooling_rate = 0.999
26 - INFO - chord#: 154 done. best_score=96.0, changed=613, unchanged=355, early_stops=8/8
26 - INFO - chord#: 156 In build_straw_man_chord_sa. tolerance = 1, sa_iterations = 1000, initial_temperature = 3.0, cooling_rate = 0.999
26 - INFO - chord#: 156 done. best_score=27.0, changed=521, unchanged=366, early_stops=8/8
26 - INFO - chord#: 152 done. best_score=27.0, changed=521, unchanged=494, early_stops=8/8
26 - INFO - chord#: 154 In build_straw_man_chord_sa. tolerance = 1, sa_iterations = 1000, initial_temperature = 3.0, cooling_rate = 0.999
26 - INFO - chord#: 154 done. best_score=96.0, changed=612, unchanged=393, early_stops=8/8
26 - INFO - chord#: 156 In build_straw_man_chord_sa. tolerance = 1, sa_iterations = 1000, initial_temperature = 3.0, cooling_rate = 0.999
26 - INFO - chord#: 156 done. best_score=27.0, changed=525, unchanged=400, early_stops=8/8
26 - INFO - chord#: 156 done. best_score=27.0, changed=518, unchanged=482, early_stops=8/8
26 - INFO - chord#: 154 done. best_score=67.0, changed=614, unchanged=493, early_stops=8/8
26 - INFO - chord#: 156 In build_straw_man_chord_sa. tolerance = 1, sa_iterations = 1000, initial_temperature = 3.0, cooling_rate = 0.999
26 - INFO - chord#: 156 done. best_score=27.0, changed=514, unchanged=353, early_stops=8/8
26 - INFO - chord#: 0 In build_straw_man_chord_sa. tolerance = 1, sa_iterations = 1000, initial_temperature = 3.0, cooling_rate = 0.999
26 - INFO - chord#: 0 In build_straw_man_chord_sa. tolerance = 1, sa_iterations = 1000, initial_temperature = 3.0, cooling_rate = 0.999
26 - INFO - chord#: 0 In build_straw_man_chord_sa. tolerance = 1, sa_iterations = 1000, initial_temperature = 3.0, cooling_rate = 0.999
26 - INFO - chord#: 0 In build_straw_man_chord_sa. tolerance = 1, sa_iterations = 1000, initial_temperature = 3.0, cooling_rate = 0.999
26 - INFO - chord#: 0 In build_straw_man_chord_sa. tolerance = 1, sa_iterations = 1000, initial_temperature = 3.0, cooling_rate = 0.999
26 - INFO - chord#: 0 In build_straw_man_chord_sa. tolerance = 1, sa_iterations = 1000, initial_temperature = 3.0, cooling_rate = 0.999
26 - INFO - chord#: 0 In build_straw_man_chord_sa. tolerance = 1, sa_iterations = 1000, initial_temperature = 3.0, cooling_rate = 0.999
26 - INFO - chord#: 0 In build_straw_man_chord_sa. tolerance = 1, sa_iterations = 1000, initial_temperature = 3.0, cooling_rate = 0.999
26 - INFO - chord#: 0 In build_straw_man_chord_sa. tolerance = 1, sa_iterations = 1000, initial_temperature = 3.0, cooling_rate = 0.999
26 - INFO - chord#: 0 In build_straw_man_chord_sa. tolerance = 1, sa_iterations = 1000, initial_temperature = 3.0, cooling_rate = 0.999
26 - INFO - chord#: 0 In build_straw_man_chord_sa. tolerance = 1, sa_iterations = 1000, initial_temperature = 3.0, cooling_rate = 0.999
26 - INFO - chord#: 0 In build_straw_man_chord_sa. tolerance = 1, sa_iterations = 1000, initial_temperature = 3.0, cooling_rate = 0.999
26 - INFO - chord#: 0 done. best_score=27.0, changed=518, unchanged=458, early_stops=8/8
26 - INFO - chord#: 4 In build_straw_man_chord_sa. tolerance = 1, sa_iterations = 1000, initial_temperature = 3.0, cooling_rate = 0.999
26 - INFO - chord#: 0 done. best_score=27.0, changed=530, unchanged=353, early_stops=8/8
26 - INFO - chord#: 4 In build_straw_man_chord_sa. tolerance = 1, sa_iterations = 1000, initial_temperature = 3.0, cooling_rate = 0.999
26 - INFO - chord#: 0 done. best_score=27.0, changed=523, unchanged=442, early_stops=8/8
26 - INFO - chord#: 4 In build_straw_man_chord_sa. tolerance = 1, sa_iterations = 1000, initial_temperature = 3.0, cooling_rate = 0.999
26 - INFO - chord#: 0 done. best_score=27.0, changed=528, unchanged=470, early_stops=8/8
26 - INFO - chord#: 4 In build_straw_man_chord_sa. tolerance = 1, sa_iterations = 1000, initial_temperature = 3.0, cooling_rate = 0.999
26 - INFO - chord#: 0 done. best_score=27.0, changed=527, unchanged=555, early_stops=8/8
26 - INFO - chord#: 4 In build_straw_man_chord_sa. tolerance = 1, sa_iterations = 1000, initial_temperature = 3.0, cooling_rate = 0.999
26 - INFO - chord#: 0 done. best_score=27.0, changed=513, unchanged=493, early_stops=8/8
26 - INFO - chord#: 4 In build_straw_man_chord_sa. tolerance = 1, sa_iterations = 1000, initial_temperature = 3.0, cooling_rate = 0.999
26 - INFO - chord#: 0 done. best_score=27.0, changed=519, unchanged=392, early_stops=8/8
26 - INFO - chord#: 4 In build_straw_man_chord_sa. tolerance = 1, sa_iterations = 1000, initial_temperature = 3.0, cooling_rate = 0.999
26 - INFO - chord#: 0 done. best_score=27.0, changed=516, unchanged=394, early_stops=8/8
26 - INFO - chord#: 4 In build_straw_man_chord_sa. tolerance = 1, sa_iterations = 1000, initial_temperature = 3.0, cooling_rate = 0.999
26 - INFO - chord#: 0 done. best_score=27.0, changed=523, unchanged=427, early_stops=8/8
26 - INFO - chord#: 4 In build_straw_man_chord_sa. tolerance = 1, sa_iterations = 1000, initial_temperature = 3.0, cooling_rate = 0.999
26 - INFO - chord#: 0 done. best_score=27.0, changed=520, unchanged=379, early_stops=8/8
26 - INFO - chord#: 4 In build_straw_man_chord_sa. tolerance = 1, sa_iterations = 1000, initial_temperature = 3.0, cooling_rate = 0.999
26 - INFO - chord#: 0 done. best_score=27.0, changed=519, unchanged=480, early_stops=8/8
26 - INFO - chord#: 4 In build_straw_man_chord_sa. tolerance = 1, sa_iterations = 1000, initial_temperature = 3.0, cooling_rate = 0.999
26 - INFO - chord#: 0 done. best_score=27.0, changed=518, unchanged=473, early_stops=8/8
26 - INFO - chord#: 4 In build_straw_man_chord_sa. tolerance = 1, sa_iterations = 1000, initial_temperature = 3.0, cooling_rate = 0.999
26 - INFO - chord#: 4 done. best_score=27.0, changed=525, unchanged=438, early_stops=8/8
26 - INFO - chord#: 4 done. best_score=27.0, changed=521, unchanged=392, early_stops=8/8
26 - INFO - chord#: 6 In build_straw_man_chord_sa. tolerance = 1, sa_iterations = 1000, initial_temperature = 3.0, cooling_rate = 0.999
26 - INFO - chord#: 6 In build_straw_man_chord_sa. tolerance = 1, sa_iterations = 1000, initial_temperature = 3.0, cooling_rate = 0.999
26 - INFO - chord#: 4 done. best_score=27.0, changed=533, unchanged=404, early_stops=8/8
26 - INFO - chord#: 6 In build_straw_man_chord_sa. tolerance = 1, sa_iterations = 1000, initial_temperature = 3.0, cooling_rate = 0.999
26 - INFO - chord#: 4 done. best_score=27.0, changed=526, unchanged=392, early_stops=8/8
26 - INFO - chord#: 6 In build_straw_man_chord_sa. tolerance = 1, sa_iterations = 1000, initial_temperature = 3.0, cooling_rate = 0.999
26 - INFO - chord#: 4 done. best_score=27.0, changed=518, unchanged=317, early_stops=8/8
26 - INFO - chord#: 6 In build_straw_man_chord_sa. tolerance = 1, sa_iterations = 1000, initial_temperature = 3.0, cooling_rate = 0.999
26 - INFO - chord#: 4 done. best_score=27.0, changed=514, unchanged=314, early_stops=8/8
26 - INFO - chord#: 6 In build_straw_man_chord_sa. tolerance = 1, sa_iterations = 1000, initial_temperature = 3.0, cooling_rate = 0.999
26 - INFO - chord#: 4 done. best_score=27.0, changed=519, unchanged=362, early_stops=8/8
26 - INFO - chord#: 6 In build_straw_man_chord_sa. tolerance = 1, sa_iterations = 1000, initial_temperature = 3.0, cooling_rate = 0.999
26 - INFO - chord#: 4 done. best_score=27.0, changed=527, unchanged=354, early_stops=8/8
26 - INFO - chord#: 6 In build_straw_man_chord_sa. tolerance = 1, sa_iterations = 1000, initial_temperature = 3.0, cooling_rate = 0.999
26 - INFO - chord#: 4 done. best_score=27.0, changed=526, unchanged=453, early_stops=8/8
26 - INFO - chord#: 6 In build_straw_man_chord_sa. tolerance = 1, sa_iterations = 1000, initial_temperature = 3.0, cooling_rate = 0.999
26 - INFO - chord#: 4 done. best_score=27.0, changed=520, unchanged=413, early_stops=8/8
26 - INFO - chord#: 6 In build_straw_man_chord_sa. tolerance = 1, sa_iterations = 1000, initial_temperature = 3.0, cooling_rate = 0.999
26 - INFO - chord#: 4 done. best_score=27.0, changed=531, unchanged=485, early_stops=8/8
26 - INFO - chord#: 6 In build_straw_man_chord_sa. tolerance = 1, sa_iterations = 1000, initial_temperature = 3.0, cooling_rate = 0.999
26 - INFO - chord#: 4 done. best_score=27.0, changed=528, unchanged=516, early_stops=8/8
26 - INFO - chord#: 6 In build_straw_man_chord_sa. tolerance = 1, sa_iterations = 1000, initial_temperature = 3.0, cooling_rate = 0.999
26 - INFO - chord#: 6 done. best_score=64.0, changed=609, unchanged=298, early_stops=8/8
26 - INFO - chord#: 8 In build_straw_man_chord_sa. tolerance = 1, sa_iterations = 1000, initial_temperature = 3.0, cooling_rate = 0.999
26 - INFO - chord#: 6 done. best_score=64.0, changed=613, unchanged=284, early_stops=8/8
26 - INFO - chord#: 8 In build_straw_man_chord_sa. tolerance = 1, sa_iterations = 1000, initial_temperature = 3.0, cooling_rate = 0.999
26 - INFO - chord#: 6 done. best_score=64.0, changed=611, unchanged=314, early_stops=8/8
26 - INFO - chord#: 8 In build_straw_man_chord_sa. tolerance = 1, sa_iterations = 1000, initial_temperature = 3.0, cooling_rate = 0.999
26 - INFO - chord#: 6 done. best_score=64.0, changed=611, unchanged=417, early_stops=8/8
26 - INFO - chord#: 8 In build_straw_man_chord_sa. tolerance = 1, sa_iterations = 1000, initial_temperature = 3.0, cooling_rate = 0.999
26 - INFO - chord#: 6 done. best_score=64.0, changed=617, unchanged=483, early_stops=8/8
26 - INFO - chord#: 8 In build_straw_man_chord_sa. tolerance = 1, sa_iterations = 1000, initial_temperature = 3.0, cooling_rate = 0.999
26 - INFO - chord#: 6 done. best_score=64.0, changed=614, unchanged=408, early_stops=8/8
26 - INFO - chord#: 8 In build_straw_man_chord_sa. tolerance = 1, sa_iterations = 1000, initial_temperature = 3.0, cooling_rate = 0.999
26 - INFO - chord#: 6 done. best_score=64.0, changed=608, unchanged=300, early_stops=8/8
26 - INFO - chord#: 8 In build_straw_man_chord_sa. tolerance = 1, sa_iterations = 1000, initial_temperature = 3.0, cooling_rate = 0.999
26 - INFO - chord#: 6 done. best_score=157.0, changed=617, unchanged=284, early_stops=8/8
26 - INFO - chord#: 8 In build_straw_man_chord_sa. tolerance = 1, sa_iterations = 1000, initial_temperature = 3.0, cooling_rate = 0.999
26 - INFO - chord#: 6 done. best_score=71.0, changed=609, unchanged=286, early_stops=8/8
26 - INFO - chord#: 8 In build_straw_man_chord_sa. tolerance = 1, sa_iterations = 1000, initial_temperature = 3.0, cooling_rate = 0.999
26 - INFO - chord#: 8 done. best_score=27.0, changed=519, unchanged=336, early_stops=8/8
26 - INFO - chord#: 10 In build_straw_man_chord_sa. tolerance = 1, sa_iterations = 1000, initial_temperature = 3.0, cooling_rate = 0.999
26 - INFO - chord#: 6 done. best_score=104.0, changed=609, unchanged=273, early_stops=8/8
26 - INFO - chord#: 8 In build_straw_man_chord_sa. tolerance = 1, sa_iterations = 1000, initial_temperature = 3.0, cooling_rate = 0.999
26 - INFO - chord#: 8 done. best_score=27.0, changed=521, unchanged=518, early_stops=8/8
26 - INFO - chord#: 10 In build_straw_man_chord_sa. tolerance = 1, sa_iterations = 1000, initial_temperature = 3.0, cooling_rate = 0.999
26 - INFO - chord#: 8 done. best_score=27.0, changed=523, unchanged=404, early_stops=8/8
26 - INFO - chord#: 10 In build_straw_man_chord_sa. tolerance = 1, sa_iterations = 1000, initial_temperature = 3.0, cooling_rate = 0.999
26 - INFO - chord#: 8 done. best_score=27.0, changed=526, unchanged=552, early_stops=8/8
26 - INFO - chord#: 10 In build_straw_man_chord_sa. tolerance = 1, sa_iterations = 1000, initial_temperature = 3.0, cooling_rate = 0.999
26 - INFO - chord#: 6 done. best_score=64.0, changed=610, unchanged=371, early_stops=8/8
26 - INFO - chord#: 8 In build_straw_man_chord_sa. tolerance = 1, sa_iterations = 1000, initial_temperature = 3.0, cooling_rate = 0.999
26 - INFO - chord#: 6 done. best_score=64.0, changed=613, unchanged=440, early_stops=8/8
26 - INFO - chord#: 8 In build_straw_man_chord_sa. tolerance = 1, sa_iterations = 1000, initial_temperature = 3.0, cooling_rate = 0.999
26 - INFO - chord#: 8 done. best_score=27.0, changed=525, unchanged=447, early_stops=8/8
26 - INFO - chord#: 10 In build_straw_man_chord_sa. tolerance = 1, sa_iterations = 1000, initial_temperature = 3.0, cooling_rate = 0.999
26 - INFO - chord#: 8 done. best_score=27.0, changed=523, unchanged=436, early_stops=8/8
26 - INFO - chord#: 10 In build_straw_man_chord_sa. tolerance = 1, sa_iterations = 1000, initial_temperature = 3.0, cooling_rate = 0.999
26 - INFO - chord#: 8 done. best_score=27.0, changed=520, unchanged=361, early_stops=8/8
26 - INFO - chord#: 10 In build_straw_man_chord_sa. tolerance = 1, sa_iterations = 1000, initial_temperature = 3.0, cooling_rate = 0.999
26 - INFO - chord#: 8 done. best_score=27.0, changed=522, unchanged=404, early_stops=8/8
26 - INFO - chord#: 10 In build_straw_man_chord_sa. tolerance = 1, sa_iterations = 1000, initial_temperature = 3.0, cooling_rate = 0.999
26 - INFO - chord#: 8 done. best_score=27.0, changed=521, unchanged=457, early_stops=8/8
26 - INFO - chord#: 10 In build_straw_man_chord_sa. tolerance = 1, sa_iterations = 1000, initial_temperature = 3.0, cooling_rate = 0.999
26 - INFO - chord#: 8 done. best_score=27.0, changed=527, unchanged=437, early_stops=8/8
26 - INFO - chord#: 10 In build_straw_man_chord_sa. tolerance = 1, sa_iterations = 1000, initial_temperature = 3.0, cooling_rate = 0.999
26 - INFO - chord#: 8 done. best_score=27.0, changed=514, unchanged=397, early_stops=8/8
26 - INFO - chord#: 10 In build_straw_man_chord_sa. tolerance = 1, sa_iterations = 1000, initial_temperature = 3.0, cooling_rate = 0.999
26 - INFO - chord#: 8 done. best_score=27.0, changed=519, unchanged=380, early_stops=8/8
26 - INFO - chord#: 10 In build_straw_man_chord_sa. tolerance = 1, sa_iterations = 1000, initial_temperature = 3.0, cooling_rate = 0.999
26 - INFO - chord#: 10 done. best_score=111.0, changed=607, unchanged=206, early_stops=8/8
26 - INFO - chord#: 12 In build_straw_man_chord_sa. tolerance = 1, sa_iterations = 1000, initial_temperature = 3.0, cooling_rate = 0.999
26 - INFO - chord#: 10 done. best_score=93.0, changed=609, unchanged=346, early_stops=8/8
26 - INFO - chord#: 12 In build_straw_man_chord_sa. tolerance = 1, sa_iterations = 1000, initial_temperature = 3.0, cooling_rate = 0.999
26 - INFO - chord#: 10 done. best_score=105.0, changed=621, unchanged=358, early_stops=8/8
26 - INFO - chord#: 12 In build_straw_man_chord_sa. tolerance = 1, sa_iterations = 1000, initial_temperature = 3.0, cooling_rate = 0.999
26 - INFO - chord#: 10 done. best_score=105.0, changed=614, unchanged=429, early_stops=8/8
26 - INFO - chord#: 12 In build_straw_man_chord_sa. tolerance = 1, sa_iterations = 1000, initial_temperature = 3.0, cooling_rate = 0.999
26 - INFO - chord#: 10 done. best_score=93.0, changed=620, unchanged=258, early_stops=8/8
26 - INFO - chord#: 12 In build_straw_man_chord_sa. tolerance = 1, sa_iterations = 1000, initial_temperature = 3.0, cooling_rate = 0.999
26 - INFO - chord#: 12 done. best_score=27.0, changed=525, unchanged=508, early_stops=8/8
26 - INFO - chord#: 14 In build_straw_man_chord_sa. tolerance = 1, sa_iterations = 1000, initial_temperature = 3.0, cooling_rate = 0.999
26 - INFO - chord#: 10 done. best_score=93.0, changed=614, unchanged=286, early_stops=8/8
26 - INFO - chord#: 12 In build_straw_man_chord_sa. tolerance = 1, sa_iterations = 1000, initial_temperature = 3.0, cooling_rate = 0.999
26 - INFO - chord#: 12 done. best_score=27.0, changed=518, unchanged=355, early_stops=8/8
26 - INFO - chord#: 14 In build_straw_man_chord_sa. tolerance = 1, sa_iterations = 1000, initial_temperature = 3.0, cooling_rate = 0.999
26 - INFO - chord#: 14 done. best_score=11.0, changed=487, unchanged=367, early_stops=8/8
26 - INFO - chord#: 16 In build_straw_man_chord_sa. tolerance = 1, sa_iterations = 1000, initial_temperature = 3.0, cooling_rate = 0.999
26 - INFO - chord#: 14 done. best_score=11.0, changed=499, unchanged=329, early_stops=8/8
26 - INFO - chord#: 16 In build_straw_man_chord_sa. tolerance = 1, sa_iterations = 1000, initial_temperature = 3.0, cooling_rate = 0.999
26 - INFO - chord#: 12 done. best_score=27.0, changed=525, unchanged=486, early_stops=8/8
26 - INFO - chord#: 14 In build_straw_man_chord_sa. tolerance = 1, sa_iterations = 1000, initial_temperature = 3.0, cooling_rate = 0.999
26 - INFO - chord#: 10 done. best_score=105.0, changed=613, unchanged=354, early_stops=8/8
26 - INFO - chord#: 12 In build_straw_man_chord_sa. tolerance = 1, sa_iterations = 1000, initial_temperature = 3.0, cooling_rate = 0.999
26 - INFO - chord#: 10 done. best_score=116.0, changed=613, unchanged=305, early_stops=8/8
26 - INFO - chord#: 12 In build_straw_man_chord_sa. tolerance = 1, sa_iterations = 1000, initial_temperature = 3.0, cooling_rate = 0.999
26 - INFO - chord#: 12 done. best_score=27.0, changed=520, unchanged=380, early_stops=8/8
26 - INFO - chord#: 14 In build_straw_man_chord_sa. tolerance = 1, sa_iterations = 1000, initial_temperature = 3.0, cooling_rate = 0.999
26 - INFO - chord#: 14 done. best_score=11.0, changed=490, unchanged=353, early_stops=8/8
26 - INFO - chord#: 16 In build_straw_man_chord_sa. tolerance = 1, sa_iterations = 1000, initial_temperature = 3.0, cooling_rate = 0.999
26 - INFO - chord#: 10 done. best_score=93.0, changed=611, unchanged=291, early_stops=8/8
26 - INFO - chord#: 12 In build_straw_man_chord_sa. tolerance = 1, sa_iterations = 1000, initial_temperature = 3.0, cooling_rate = 0.999
26 - INFO - chord#: 10 done. best_score=93.0, changed=612, unchanged=250, early_stops=8/8
26 - INFO - chord#: 12 In build_straw_man_chord_sa. tolerance = 1, sa_iterations = 1000, initial_temperature = 3.0, cooling_rate = 0.999
26 - INFO - chord#: 14 done. best_score=11.0, changed=476, unchanged=345, early_stops=8/8
26 - INFO - chord#: 16 In build_straw_man_chord_sa. tolerance = 1, sa_iterations = 1000, initial_temperature = 3.0, cooling_rate = 0.999
26 - INFO - chord#: 12 done. best_score=27.0, changed=515, unchanged=405, early_stops=8/8
26 - INFO - chord#: 14 In build_straw_man_chord_sa. tolerance = 1, sa_iterations = 1000, initial_temperature = 3.0, cooling_rate = 0.999
26 - INFO - chord#: 12 done. best_score=27.0, changed=515, unchanged=463, early_stops=8/8
26 - INFO - chord#: 14 In build_straw_man_chord_sa. tolerance = 1, sa_iterations = 1000, initial_temperature = 3.0, cooling_rate = 0.999
26 - INFO - chord#: 10 done. best_score=111.0, changed=613, unchanged=407, early_stops=8/8
26 - INFO - chord#: 12 In build_straw_man_chord_sa. tolerance = 1, sa_iterations = 1000, initial_temperature = 3.0, cooling_rate = 0.999
26 - INFO - chord#: 16 done. best_score=27.0, changed=510, unchanged=313, early_stops=8/8
26 - INFO - chord#: 18 In build_straw_man_chord_sa. tolerance = 1, sa_iterations = 1000, initial_temperature = 3.0, cooling_rate = 0.999
26 - INFO - chord#: 14 done. best_score=11.0, changed=494, unchanged=356, early_stops=8/8
26 - INFO - chord#: 16 In build_straw_man_chord_sa. tolerance = 1, sa_iterations = 1000, initial_temperature = 3.0, cooling_rate = 0.999
26 - INFO - chord#: 10 done. best_score=111.0, changed=612, unchanged=361, early_stops=8/8
26 - INFO - chord#: 12 In build_straw_man_chord_sa. tolerance = 1, sa_iterations = 1000, initial_temperature = 3.0, cooling_rate = 0.999
26 - INFO - chord#: 14 done. best_score=11.0, changed=499, unchanged=345, early_stops=8/8
26 - INFO - chord#: 16 In build_straw_man_chord_sa. tolerance = 1, sa_iterations = 1000, initial_temperature = 3.0, cooling_rate = 0.999
26 - INFO - chord#: 16 done. best_score=27.0, changed=530, unchanged=567, early_stops=8/8
26 - INFO - chord#: 18 In build_straw_man_chord_sa. tolerance = 1, sa_iterations = 1000, initial_temperature = 3.0, cooling_rate = 0.999
26 - INFO - chord#: 16 done. best_score=27.0, changed=519, unchanged=486, early_stops=8/8
26 - INFO - chord#: 18 In build_straw_man_chord_sa. tolerance = 1, sa_iterations = 1000, initial_temperature = 3.0, cooling_rate = 0.999
26 - INFO - chord#: 12 done. best_score=27.0, changed=518, unchanged=401, early_stops=8/8
26 - INFO - chord#: 14 In build_straw_man_chord_sa. tolerance = 1, sa_iterations = 1000, initial_temperature = 3.0, cooling_rate = 0.999
26 - INFO - chord#: 12 done. best_score=27.0, changed=519, unchanged=379, early_stops=8/8
26 - INFO - chord#: 14 In build_straw_man_chord_sa. tolerance = 1, sa_iterations = 1000, initial_temperature = 3.0, cooling_rate = 0.999
26 - INFO - chord#: 14 done. best_score=11.0, changed=477, unchanged=353, early_stops=8/8
26 - INFO - chord#: 16 In build_straw_man_chord_sa. tolerance = 1, sa_iterations = 1000, initial_temperature = 3.0, cooling_rate = 0.999
26 - INFO - chord#: 16 done. best_score=27.0, changed=519, unchanged=365, early_stops=8/8
26 - INFO - chord#: 18 In build_straw_man_chord_sa. tolerance = 1, sa_iterations = 1000, initial_temperature = 3.0, cooling_rate = 0.999
26 - INFO - chord#: 12 done. best_score=27.0, changed=518, unchanged=466, early_stops=8/8
26 - INFO - chord#: 14 In build_straw_man_chord_sa. tolerance = 1, sa_iterations = 1000, initial_temperature = 3.0, cooling_rate = 0.999
26 - INFO - chord#: 18 done. best_score=27.0, changed=519, unchanged=325, early_stops=8/8
26 - INFO - chord#: 20 In build_straw_man_chord_sa. tolerance = 1, sa_iterations = 1000, initial_temperature = 3.0, cooling_rate = 0.999
26 - INFO - chord#: 14 done. best_score=11.0, changed=477, unchanged=362, early_stops=8/8
26 - INFO - chord#: 16 In build_straw_man_chord_sa. tolerance = 1, sa_iterations = 1000, initial_temperature = 3.0, cooling_rate = 0.999
26 - INFO - chord#: 14 done. best_score=11.0, changed=486, unchanged=343, early_stops=8/8
26 - INFO - chord#: 16 In build_straw_man_chord_sa. tolerance = 1, sa_iterations = 1000, initial_temperature = 3.0, cooling_rate = 0.999
26 - INFO - chord#: 12 done. best_score=27.0, changed=524, unchanged=501, early_stops=8/8
26 - INFO - chord#: 14 In build_straw_man_chord_sa. tolerance = 1, sa_iterations = 1000, initial_temperature = 3.0, cooling_rate = 0.999
26 - INFO - chord#: 18 done. best_score=27.0, changed=511, unchanged=301, early_stops=8/8
26 - INFO - chord#: 20 In build_straw_man_chord_sa. tolerance = 1, sa_iterations = 1000, initial_temperature = 3.0, cooling_rate = 0.999
26 - INFO - chord#: 12 done. best_score=27.0, changed=513, unchanged=390, early_stops=8/8
26 - INFO - chord#: 14 In build_straw_man_chord_sa. tolerance = 1, sa_iterations = 1000, initial_temperature = 3.0, cooling_rate = 0.999
26 - INFO - chord#: 14 done. best_score=11.0, changed=490, unchanged=369, early_stops=8/8
26 - INFO - chord#: 16 In build_straw_man_chord_sa. tolerance = 1, sa_iterations = 1000, initial_temperature = 3.0, cooling_rate = 0.999
26 - INFO - chord#: 16 done. best_score=27.0, changed=514, unchanged=359, early_stops=8/8
26 - INFO - chord#: 18 In build_straw_man_chord_sa. tolerance = 1, sa_iterations = 1000, initial_temperature = 3.0, cooling_rate = 0.999
26 - INFO - chord#: 18 done. best_score=27.0, changed=528, unchanged=388, early_stops=8/8
26 - INFO - chord#: 20 In build_straw_man_chord_sa. tolerance = 1, sa_iterations = 1000, initial_temperature = 3.0, cooling_rate = 0.999
26 - INFO - chord#: 16 done. best_score=27.0, changed=519, unchanged=371, early_stops=8/8
26 - INFO - chord#: 18 In build_straw_man_chord_sa. tolerance = 1, sa_iterations = 1000, initial_temperature = 3.0, cooling_rate = 0.999
26 - INFO - chord#: 12 done. best_score=27.0, changed=520, unchanged=416, early_stops=8/8
26 - INFO - chord#: 14 In build_straw_man_chord_sa. tolerance = 1, sa_iterations = 1000, initial_temperature = 3.0, cooling_rate = 0.999
26 - INFO - chord#: 14 done. best_score=11.0, changed=489, unchanged=331, early_stops=8/8
26 - INFO - chord#: 16 In build_straw_man_chord_sa. tolerance = 1, sa_iterations = 1000, initial_temperature = 3.0, cooling_rate = 0.999
26 - INFO - chord#: 18 done. best_score=27.0, changed=521, unchanged=400, early_stops=8/8
26 - INFO - chord#: 20 In build_straw_man_chord_sa. tolerance = 1, sa_iterations = 1000, initial_temperature = 3.0, cooling_rate = 0.999
26 - INFO - chord#: 14 done. best_score=11.0, changed=477, unchanged=358, early_stops=8/8
26 - INFO - chord#: 16 In build_straw_man_chord_sa. tolerance = 1, sa_iterations = 1000, initial_temperature = 3.0, cooling_rate = 0.999
26 - INFO - chord#: 16 done. best_score=27.0, changed=526, unchanged=443, early_stops=8/8
26 - INFO - chord#: 18 In build_straw_man_chord_sa. tolerance = 1, sa_iterations = 1000, initial_temperature = 3.0, cooling_rate = 0.999
26 - INFO - chord#: 20 done. best_score=27.0, changed=523, unchanged=480, early_stops=8/8
26 - INFO - chord#: 22 In build_straw_man_chord_sa. tolerance = 1, sa_iterations = 1000, initial_temperature = 3.0, cooling_rate = 0.999
26 - INFO - chord#: 16 done. best_score=27.0, changed=519, unchanged=348, early_stops=8/8
26 - INFO - chord#: 18 In build_straw_man_chord_sa. tolerance = 1, sa_iterations = 1000, initial_temperature = 3.0, cooling_rate = 0.999
26 - INFO - chord#: 16 done. best_score=27.0, changed=513, unchanged=419, early_stops=8/8
26 - INFO - chord#: 18 In build_straw_man_chord_sa. tolerance = 1, sa_iterations = 1000, initial_temperature = 3.0, cooling_rate = 0.999
26 - INFO - chord#: 20 done. best_score=27.0, changed=519, unchanged=450, early_stops=8/8
26 - INFO - chord#: 22 In build_straw_man_chord_sa. tolerance = 1, sa_iterations = 1000, initial_temperature = 3.0, cooling_rate = 0.999
26 - INFO - chord#: 20 done. best_score=27.0, changed=515, unchanged=320, early_stops=8/8
26 - INFO - chord#: 22 In build_straw_man_chord_sa. tolerance = 1, sa_iterations = 1000, initial_temperature = 3.0, cooling_rate = 0.999
26 - INFO - chord#: 18 done. best_score=27.0, changed=522, unchanged=369, early_stops=8/8
26 - INFO - chord#: 20 In build_straw_man_chord_sa. tolerance = 1, sa_iterations = 1000, initial_temperature = 3.0, cooling_rate = 0.999
26 - INFO - chord#: 18 done. best_score=27.0, changed=518, unchanged=312, early_stops=8/8
26 - INFO - chord#: 20 In build_straw_man_chord_sa. tolerance = 1, sa_iterations = 1000, initial_temperature = 3.0, cooling_rate = 0.999
26 - INFO - chord#: 16 done. best_score=27.0, changed=525, unchanged=440, early_stops=8/8
26 - INFO - chord#: 18 In build_straw_man_chord_sa. tolerance = 1, sa_iterations = 1000, initial_temperature = 3.0, cooling_rate = 0.999
26 - INFO - chord#: 20 done. best_score=27.0, changed=525, unchanged=500, early_stops=8/8
26 - INFO - chord#: 22 In build_straw_man_chord_sa. tolerance = 1, sa_iterations = 1000, initial_temperature = 3.0, cooling_rate = 0.999
26 - INFO - chord#: 18 done. best_score=27.0, changed=522, unchanged=489, early_stops=8/8
26 - INFO - chord#: 20 In build_straw_man_chord_sa. tolerance = 1, sa_iterations = 1000, initial_temperature = 3.0, cooling_rate = 0.999
26 - INFO - chord#: 16 done. best_score=27.0, changed=520, unchanged=422, early_stops=8/8
26 - INFO - chord#: 18 In build_straw_man_chord_sa. tolerance = 1, sa_iterations = 1000, initial_temperature = 3.0, cooling_rate = 0.999
26 - INFO - chord#: 16 done. best_score=27.0, changed=526, unchanged=474, early_stops=8/8
26 - INFO - chord#: 18 In build_straw_man_chord_sa. tolerance = 1, sa_iterations = 1000, initial_temperature = 3.0, cooling_rate = 0.999
26 - INFO - chord#: 18 done. best_score=27.0, changed=527, unchanged=313, early_stops=8/8
26 - INFO - chord#: 20 In build_straw_man_chord_sa. tolerance = 1, sa_iterations = 1000, initial_temperature = 3.0, cooling_rate = 0.999
26 - INFO - chord#: 18 done. best_score=27.0, changed=516, unchanged=384, early_stops=8/8
26 - INFO - chord#: 20 In build_straw_man_chord_sa. tolerance = 1, sa_iterations = 1000, initial_temperature = 3.0, cooling_rate = 0.999
26 - INFO - chord#: 20 done. best_score=27.0, changed=510, unchanged=323, early_stops=8/8
26 - INFO - chord#: 22 In build_straw_man_chord_sa. tolerance = 1, sa_iterations = 1000, initial_temperature = 3.0, cooling_rate = 0.999
26 - INFO - chord#: 20 done. best_score=27.0, changed=517, unchanged=419, early_stops=8/8
26 - INFO - chord#: 22 In build_straw_man_chord_sa. tolerance = 1, sa_iterations = 1000, initial_temperature = 3.0, cooling_rate = 0.999
26 - INFO - chord#: 20 done. best_score=27.0, changed=528, unchanged=408, early_stops=8/8
26 - INFO - chord#: 22 In build_straw_man_chord_sa. tolerance = 1, sa_iterations = 1000, initial_temperature = 3.0, cooling_rate = 0.999
26 - INFO - chord#: 18 done. best_score=27.0, changed=516, unchanged=339, early_stops=8/8
26 - INFO - chord#: 20 In build_straw_man_chord_sa. tolerance = 1, sa_iterations = 1000, initial_temperature = 3.0, cooling_rate = 0.999
26 - INFO - chord#: 18 done. best_score=27.0, changed=522, unchanged=433, early_stops=8/8
26 - INFO - chord#: 20 In build_straw_man_chord_sa. tolerance = 1, sa_iterations = 1000, initial_temperature = 3.0, cooling_rate = 0.999
26 - INFO - chord#: 22 done. best_score=82.0, changed=613, unchanged=235, early_stops=8/8
26 - INFO - chord#: 24 In build_straw_man_chord_sa. tolerance = 1, sa_iterations = 1000, initial_temperature = 3.0, cooling_rate = 0.999
26 - INFO - chord#: 18 done. best_score=27.0, changed=527, unchanged=422, early_stops=8/8
26 - INFO - chord#: 20 In build_straw_man_chord_sa. tolerance = 1, sa_iterations = 1000, initial_temperature = 3.0, cooling_rate = 0.999
26 - INFO - chord#: 20 done. best_score=27.0, changed=524, unchanged=448, early_stops=8/8
26 - INFO - chord#: 22 In build_straw_man_chord_sa. tolerance = 1, sa_iterations = 1000, initial_temperature = 3.0, cooling_rate = 0.999
26 - INFO - chord#: 20 done. best_score=27.0, changed=518, unchanged=392, early_stops=8/8
26 - INFO - chord#: 22 In build_straw_man_chord_sa. tolerance = 1, sa_iterations = 1000, initial_temperature = 3.0, cooling_rate = 0.999
26 - INFO - chord#: 22 done. best_score=82.0, changed=613, unchanged=258, early_stops=8/8
26 - INFO - chord#: 24 In build_straw_man_chord_sa. tolerance = 1, sa_iterations = 1000, initial_temperature = 3.0, cooling_rate = 0.999
26 - INFO - chord#: 22 done. best_score=82.0, changed=614, unchanged=481, early_stops=8/8
26 - INFO - chord#: 24 In build_straw_man_chord_sa. tolerance = 1, sa_iterations = 1000, initial_temperature = 3.0, cooling_rate = 0.999
26 - INFO - chord#: 20 done. best_score=27.0, changed=515, unchanged=359, early_stops=8/8
26 - INFO - chord#: 22 In build_straw_man_chord_sa. tolerance = 1, sa_iterations = 1000, initial_temperature = 3.0, cooling_rate = 0.999
26 - INFO - chord#: 20 done. best_score=27.0, changed=527, unchanged=489, early_stops=8/8
26 - INFO - chord#: 22 In build_straw_man_chord_sa. tolerance = 1, sa_iterations = 1000, initial_temperature = 3.0, cooling_rate = 0.999
26 - INFO - chord#: 22 done. best_score=82.0, changed=613, unchanged=467, early_stops=8/8
26 - INFO - chord#: 24 In build_straw_man_chord_sa. tolerance = 1, sa_iterations = 1000, initial_temperature = 3.0, cooling_rate = 0.999
26 - INFO - chord#: 20 done. best_score=27.0, changed=521, unchanged=404, early_stops=8/8
26 - INFO - chord#: 22 In build_straw_man_chord_sa. tolerance = 1, sa_iterations = 1000, initial_temperature = 3.0, cooling_rate = 0.999
26 - INFO - chord#: 24 done. best_score=140.0, changed=608, unchanged=257, early_stops=8/8
26 - INFO - chord#: 28 In build_straw_man_chord_sa. tolerance = 1, sa_iterations = 1000, initial_temperature = 3.0, cooling_rate = 0.999
26 - INFO - chord#: 28 done. best_score=9.0, changed=454, unchanged=391, early_stops=8/8
26 - INFO - chord#: 32 In build_straw_man_chord_sa. tolerance = 1, sa_iterations = 1000, initial_temperature = 3.0, cooling_rate = 0.999
26 - INFO - chord#: 22 done. best_score=82.0, changed=611, unchanged=330, early_stops=8/8
26 - INFO - chord#: 24 In build_straw_man_chord_sa. tolerance = 1, sa_iterations = 1000, initial_temperature = 3.0, cooling_rate = 0.999
26 - INFO - chord#: 22 done. best_score=136.0, changed=606, unchanged=273, early_stops=8/8
26 - INFO - chord#: 24 In build_straw_man_chord_sa. tolerance = 1, sa_iterations = 1000, initial_temperature = 3.0, cooling_rate = 0.999
26 - INFO - chord#: 22 done. best_score=82.0, changed=611, unchanged=271, early_stops=8/8
26 - INFO - chord#: 24 In build_straw_man_chord_sa. tolerance = 1, sa_iterations = 1000, initial_temperature = 3.0, cooling_rate = 0.999
26 - INFO - chord#: 24 done. best_score=78.0, changed=611, unchanged=286, early_stops=8/8
26 - INFO - chord#: 28 In build_straw_man_chord_sa. tolerance = 1, sa_iterations = 1000, initial_temperature = 3.0, cooling_rate = 0.999
26 - INFO - chord#: 22 done. best_score=90.0, changed=610, unchanged=325, early_stops=8/8
26 - INFO - chord#: 24 In build_straw_man_chord_sa. tolerance = 1, sa_iterations = 1000, initial_temperature = 3.0, cooling_rate = 0.999
26 - INFO - chord#: 28 done. best_score=9.0, changed=466, unchanged=362, early_stops=8/8
26 - INFO - chord#: 32 In build_straw_man_chord_sa. tolerance = 1, sa_iterations = 1000, initial_temperature = 3.0, cooling_rate = 0.999
26 - INFO - chord#: 24 done. best_score=119.0, changed=612, unchanged=262, early_stops=8/8
26 - INFO - chord#: 28 In build_straw_man_chord_sa. tolerance = 1, sa_iterations = 1000, initial_temperature = 3.0, cooling_rate = 0.999
26 - INFO - chord#: 32 done. best_score=36.0, changed=516, unchanged=342, early_stops=8/8
26 - INFO - chord#: 36 In build_straw_man_chord_sa. tolerance = 1, sa_iterations = 1000, initial_temperature = 3.0, cooling_rate = 0.999
26 - INFO - chord#: 28 done. best_score=9.0, changed=454, unchanged=422, early_stops=8/8
26 - INFO - chord#: 32 In build_straw_man_chord_sa. tolerance = 1, sa_iterations = 1000, initial_temperature = 3.0, cooling_rate = 0.999
26 - INFO - chord#: 22 done. best_score=82.0, changed=616, unchanged=349, early_stops=8/8
26 - INFO - chord#: 24 In build_straw_man_chord_sa. tolerance = 1, sa_iterations = 1000, initial_temperature = 3.0, cooling_rate = 0.999
26 - INFO - chord#: 24 done. best_score=78.0, changed=609, unchanged=306, early_stops=8/8
26 - INFO - chord#: 28 In build_straw_man_chord_sa. tolerance = 1, sa_iterations = 1000, initial_temperature = 3.0, cooling_rate = 0.999
26 - INFO - chord#: 28 done. best_score=9.0, changed=449, unchanged=368, early_stops=8/8
26 - INFO - chord#: 32 In build_straw_man_chord_sa. tolerance = 1, sa_iterations = 1000, initial_temperature = 3.0, cooling_rate = 0.999
26 - INFO - chord#: 32 done. best_score=36.0, changed=521, unchanged=431, early_stops=8/8
26 - INFO - chord#: 36 In build_straw_man_chord_sa. tolerance = 1, sa_iterations = 1000, initial_temperature = 3.0, cooling_rate = 0.999
26 - INFO - chord#: 22 done. best_score=90.0, changed=605, unchanged=207, early_stops=8/8
26 - INFO - chord#: 24 In build_straw_man_chord_sa. tolerance = 1, sa_iterations = 1000, initial_temperature = 3.0, cooling_rate = 0.999
26 - INFO - chord#: 32 done. best_score=36.0, changed=524, unchanged=483, early_stops=8/8
26 - INFO - chord#: 36 In build_straw_man_chord_sa. tolerance = 1, sa_iterations = 1000, initial_temperature = 3.0, cooling_rate = 0.999
26 - INFO - chord#: 36 done. best_score=27.0, changed=524, unchanged=629, early_stops=8/8
26 - INFO - chord#: 40 In build_straw_man_chord_sa. tolerance = 1, sa_iterations = 1000, initial_temperature = 3.0, cooling_rate = 0.999
26 - INFO - chord#: 22 done. best_score=82.0, changed=616, unchanged=317, early_stops=8/8
26 - INFO - chord#: 24 In build_straw_man_chord_sa. tolerance = 1, sa_iterations = 1000, initial_temperature = 3.0, cooling_rate = 0.999
26 - INFO - chord#: 22 done. best_score=82.0, changed=617, unchanged=397, early_stops=8/8
26 - INFO - chord#: 24 In build_straw_man_chord_sa. tolerance = 1, sa_iterations = 1000, initial_temperature = 3.0, cooling_rate = 0.999
26 - INFO - chord#: 24 done. best_score=67.0, changed=616, unchanged=356, early_stops=8/8
26 - INFO - chord#: 28 In build_straw_man_chord_sa. tolerance = 1, sa_iterations = 1000, initial_temperature = 3.0, cooling_rate = 0.999
26 - INFO - chord#: 24 done. best_score=119.0, changed=615, unchanged=360, early_stops=8/8
26 - INFO - chord#: 28 In build_straw_man_chord_sa. tolerance = 1, sa_iterations = 1000, initial_temperature = 3.0, cooling_rate = 0.999
26 - INFO - chord#: 32 done. best_score=36.0, changed=520, unchanged=359, early_stops=8/8
26 - INFO - chord#: 36 In build_straw_man_chord_sa. tolerance = 1, sa_iterations = 1000, initial_temperature = 3.0, cooling_rate = 0.999
26 - INFO - chord#: 28 done. best_score=9.0, changed=469, unchanged=363, early_stops=8/8
26 - INFO - chord#: 32 In build_straw_man_chord_sa. tolerance = 1, sa_iterations = 1000, initial_temperature = 3.0, cooling_rate = 0.999
26 - INFO - chord#: 28 done. best_score=9.0, changed=458, unchanged=404, early_stops=8/8
26 - INFO - chord#: 32 In build_straw_man_chord_sa. tolerance = 1, sa_iterations = 1000, initial_temperature = 3.0, cooling_rate = 0.999
26 - INFO - chord#: 36 done. best_score=27.0, changed=516, unchanged=380, early_stops=8/8
26 - INFO - chord#: 40 In build_straw_man_chord_sa. tolerance = 1, sa_iterations = 1000, initial_temperature = 3.0, cooling_rate = 0.999
26 - INFO - chord#: 36 done. best_score=27.0, changed=514, unchanged=337, early_stops=8/8
26 - INFO - chord#: 40 In build_straw_man_chord_sa. tolerance = 1, sa_iterations = 1000, initial_temperature = 3.0, cooling_rate = 0.999
26 - INFO - chord#: 24 done. best_score=188.0, changed=616, unchanged=343, early_stops=8/8
26 - INFO - chord#: 28 In build_straw_man_chord_sa. tolerance = 1, sa_iterations = 1000, initial_temperature = 3.0, cooling_rate = 0.999
26 - INFO - chord#: 40 done. best_score=27.0, changed=524, unchanged=459, early_stops=8/8
26 - INFO - chord#: 42 In build_straw_man_chord_sa. tolerance = 1, sa_iterations = 1000, initial_temperature = 3.0, cooling_rate = 0.999
26 - INFO - chord#: 28 done. best_score=9.0, changed=469, unchanged=443, early_stops=8/8
26 - INFO - chord#: 32 In build_straw_man_chord_sa. tolerance = 1, sa_iterations = 1000, initial_temperature = 3.0, cooling_rate = 0.999
26 - INFO - chord#: 36 done. best_score=27.0, changed=518, unchanged=382, early_stops=8/8
26 - INFO - chord#: 40 In build_straw_man_chord_sa. tolerance = 1, sa_iterations = 1000, initial_temperature = 3.0, cooling_rate = 0.999
26 - INFO - chord#: 32 done. best_score=36.0, changed=527, unchanged=365, early_stops=8/8
26 - INFO - chord#: 36 In build_straw_man_chord_sa. tolerance = 1, sa_iterations = 1000, initial_temperature = 3.0, cooling_rate = 0.999
26 - INFO - chord#: 32 done. best_score=36.0, changed=524, unchanged=384, early_stops=8/8
26 - INFO - chord#: 36 In build_straw_man_chord_sa. tolerance = 1, sa_iterations = 1000, initial_temperature = 3.0, cooling_rate = 0.999
26 - INFO - chord#: 24 done. best_score=78.0, changed=610, unchanged=230, early_stops=8/8
26 - INFO - chord#: 28 In build_straw_man_chord_sa. tolerance = 1, sa_iterations = 1000, initial_temperature = 3.0, cooling_rate = 0.999
26 - INFO - chord#: 40 done. best_score=27.0, changed=519, unchanged=397, early_stops=8/8
26 - INFO - chord#: 42 In build_straw_man_chord_sa. tolerance = 1, sa_iterations = 1000, initial_temperature = 3.0, cooling_rate = 0.999
26 - INFO - chord#: 24 done. best_score=78.0, changed=616, unchanged=463, early_stops=8/8
26 - INFO - chord#: 28 In build_straw_man_chord_sa. tolerance = 1, sa_iterations = 1000, initial_temperature = 3.0, cooling_rate = 0.999
26 - INFO - chord#: 40 done. best_score=27.0, changed=515, unchanged=439, early_stops=8/8
26 - INFO - chord#: 42 In build_straw_man_chord_sa. tolerance = 1, sa_iterations = 1000, initial_temperature = 3.0, cooling_rate = 0.999
26 - INFO - chord#: 28 done. best_score=9.0, changed=453, unchanged=383, early_stops=8/8
26 - INFO - chord#: 32 In build_straw_man_chord_sa. tolerance = 1, sa_iterations = 1000, initial_temperature = 3.0, cooling_rate = 0.999
26 - INFO - chord#: 42 done. best_score=36.0, changed=528, unchanged=359, early_stops=8/8
26 - INFO - chord#: 44 In build_straw_man_chord_sa. tolerance = 1, sa_iterations = 1000, initial_temperature = 3.0, cooling_rate = 0.999
26 - INFO - chord#: 28 done. best_score=9.0, changed=453, unchanged=369, early_stops=8/8
26 - INFO - chord#: 32 In build_straw_man_chord_sa. tolerance = 1, sa_iterations = 1000, initial_temperature = 3.0, cooling_rate = 0.999
26 - INFO - chord#: 36 done. best_score=27.0, changed=519, unchanged=352, early_stops=8/8
26 - INFO - chord#: 40 In build_straw_man_chord_sa. tolerance = 1, sa_iterations = 1000, initial_temperature = 3.0, cooling_rate = 0.999
26 - INFO - chord#: 24 done. best_score=170.0, changed=612, unchanged=243, early_stops=8/8
26 - INFO - chord#: 28 In build_straw_man_chord_sa. tolerance = 1, sa_iterations = 1000, initial_temperature = 3.0, cooling_rate = 0.999
26 - INFO - chord#: 40 done. best_score=27.0, changed=518, unchanged=368, early_stops=8/8
26 - INFO - chord#: 42 In build_straw_man_chord_sa. tolerance = 1, sa_iterations = 1000, initial_temperature = 3.0, cooling_rate = 0.999
26 - INFO - chord#: 24 done. best_score=78.0, changed=607, unchanged=340, early_stops=8/8
26 - INFO - chord#: 28 In build_straw_man_chord_sa. tolerance = 1, sa_iterations = 1000, initial_temperature = 3.0, cooling_rate = 0.999
26 - INFO - chord#: 32 done. best_score=36.0, changed=521, unchanged=363, early_stops=8/8
26 - INFO - chord#: 36 In build_straw_man_chord_sa. tolerance = 1, sa_iterations = 1000, initial_temperature = 3.0, cooling_rate = 0.999
26 - INFO - chord#: 24 done. best_score=78.0, changed=610, unchanged=240, early_stops=8/8
26 - INFO - chord#: 28 In build_straw_man_chord_sa. tolerance = 1, sa_iterations = 1000, initial_temperature = 3.0, cooling_rate = 0.999
26 - INFO - chord#: 42 done. best_score=36.0, changed=521, unchanged=390, early_stops=8/8
26 - INFO - chord#: 44 In build_straw_man_chord_sa. tolerance = 1, sa_iterations = 1000, initial_temperature = 3.0, cooling_rate = 0.999
26 - INFO - chord#: 36 done. best_score=27.0, changed=517, unchanged=403, early_stops=8/8
26 - INFO - chord#: 40 In build_straw_man_chord_sa. tolerance = 1, sa_iterations = 1000, initial_temperature = 3.0, cooling_rate = 0.999
26 - INFO - chord#: 28 done. best_score=9.0, changed=460, unchanged=375, early_stops=8/8
26 - INFO - chord#: 32 In build_straw_man_chord_sa. tolerance = 1, sa_iterations = 1000, initial_temperature = 3.0, cooling_rate = 0.999
26 - INFO - chord#: 42 done. best_score=36.0, changed=527, unchanged=456, early_stops=8/8
26 - INFO - chord#: 44 In build_straw_man_chord_sa. tolerance = 1, sa_iterations = 1000, initial_temperature = 3.0, cooling_rate = 0.999
26 - INFO - chord#: 28 done. best_score=9.0, changed=483, unchanged=454, early_stops=8/8
26 - INFO - chord#: 32 In build_straw_man_chord_sa. tolerance = 1, sa_iterations = 1000, initial_temperature = 3.0, cooling_rate = 0.999
26 - INFO - chord#: 28 done. best_score=9.0, changed=460, unchanged=365, early_stops=8/8
26 - INFO - chord#: 32 In build_straw_man_chord_sa. tolerance = 1, sa_iterations = 1000, initial_temperature = 3.0, cooling_rate = 0.999
26 - INFO - chord#: 44 done. best_score=27.0, changed=516, unchanged=414, early_stops=8/8
26 - INFO - chord#: 46 In build_straw_man_chord_sa. tolerance = 1, sa_iterations = 1000, initial_temperature = 3.0, cooling_rate = 0.999
26 - INFO - chord#: 32 done. best_score=36.0, changed=517, unchanged=351, early_stops=8/8
26 - INFO - chord#: 36 In build_straw_man_chord_sa. tolerance = 1, sa_iterations = 1000, initial_temperature = 3.0, cooling_rate = 0.999
26 - INFO - chord#: 32 done. best_score=36.0, changed=519, unchanged=346, early_stops=8/8
26 - INFO - chord#: 36 In build_straw_man_chord_sa. tolerance = 1, sa_iterations = 1000, initial_temperature = 3.0, cooling_rate = 0.999
26 - INFO - chord#: 40 done. best_score=27.0, changed=516, unchanged=360, early_stops=8/8
26 - INFO - chord#: 42 In build_straw_man_chord_sa. tolerance = 1, sa_iterations = 1000, initial_temperature = 3.0, cooling_rate = 0.999
26 - INFO - chord#: 42 done. best_score=36.0, changed=518, unchanged=310, early_stops=8/8
26 - INFO - chord#: 44 In build_straw_man_chord_sa. tolerance = 1, sa_iterations = 1000, initial_temperature = 3.0, cooling_rate = 0.999
26 - INFO - chord#: 40 done. best_score=27.0, changed=523, unchanged=360, early_stops=8/8
26 - INFO - chord#: 42 In build_straw_man_chord_sa. tolerance = 1, sa_iterations = 1000, initial_temperature = 3.0, cooling_rate = 0.999
26 - INFO - chord#: 36 done. best_score=27.0, changed=520, unchanged=363, early_stops=8/8
26 - INFO - chord#: 40 In build_straw_man_chord_sa. tolerance = 1, sa_iterations = 1000, initial_temperature = 3.0, cooling_rate = 0.999
26 - INFO - chord#: 44 done. best_score=27.0, changed=531, unchanged=532, early_stops=8/8
26 - INFO - chord#: 46 In build_straw_man_chord_sa. tolerance = 1, sa_iterations = 1000, initial_temperature = 3.0, cooling_rate = 0.999
26 - INFO - chord#: 44 done. best_score=27.0, changed=520, unchanged=473, early_stops=8/8
26 - INFO - chord#: 46 In build_straw_man_chord_sa. tolerance = 1, sa_iterations = 1000, initial_temperature = 3.0, cooling_rate = 0.999
26 - INFO - chord#: 32 done. best_score=36.0, changed=519, unchanged=353, early_stops=8/8
26 - INFO - chord#: 32 done. best_score=36.0, changed=515, unchanged=339, early_stops=8/8
26 - INFO - chord#: 36 In build_straw_man_chord_sa. tolerance = 1, sa_iterations = 1000, initial_temperature = 3.0, cooling_rate = 0.999
26 - INFO - chord#: 36 In build_straw_man_chord_sa. tolerance = 1, sa_iterations = 1000, initial_temperature = 3.0, cooling_rate = 0.999
26 - INFO - chord#: 32 done. best_score=36.0, changed=537, unchanged=589, early_stops=8/8
26 - INFO - chord#: 36 In build_straw_man_chord_sa. tolerance = 1, sa_iterations = 1000, initial_temperature = 3.0, cooling_rate = 0.999
26 - INFO - chord#: 42 done. best_score=36.0, changed=523, unchanged=415, early_stops=8/8
26 - INFO - chord#: 44 In build_straw_man_chord_sa. tolerance = 1, sa_iterations = 1000, initial_temperature = 3.0, cooling_rate = 0.999
26 - INFO - chord#: 36 done. best_score=27.0, changed=516, unchanged=362, early_stops=8/8
26 - INFO - chord#: 40 In build_straw_man_chord_sa. tolerance = 1, sa_iterations = 1000, initial_temperature = 3.0, cooling_rate = 0.999
26 - INFO - chord#: 44 done. best_score=27.0, changed=524, unchanged=418, early_stops=8/8
26 - INFO - chord#: 46 In build_straw_man_chord_sa. tolerance = 1, sa_iterations = 1000, initial_temperature = 3.0, cooling_rate = 0.999
26 - INFO - chord#: 36 done. best_score=27.0, changed=523, unchanged=466, early_stops=8/8
26 - INFO - chord#: 40 In build_straw_man_chord_sa. tolerance = 1, sa_iterations = 1000, initial_temperature = 3.0, cooling_rate = 0.999
26 - INFO - chord#: 42 done. best_score=36.0, changed=527, unchanged=458, early_stops=8/8
26 - INFO - chord#: 44 In build_straw_man_chord_sa. tolerance = 1, sa_iterations = 1000, initial_temperature = 3.0, cooling_rate = 0.999
26 - INFO - chord#: 40 done. best_score=36.0, changed=520, unchanged=351, early_stops=8/8
26 - INFO - chord#: 42 In build_straw_man_chord_sa. tolerance = 1, sa_iterations = 1000, initial_temperature = 3.0, cooling_rate = 0.999
26 - INFO - chord#: 46 done. best_score=64.0, changed=615, unchanged=267, early_stops=8/8
26 - INFO - chord#: 48 In build_straw_man_chord_sa. tolerance = 1, sa_iterations = 1000, initial_temperature = 3.0, cooling_rate = 0.999
26 - INFO - chord#: 44 done. best_score=27.0, changed=519, unchanged=385, early_stops=8/8
26 - INFO - chord#: 46 In build_straw_man_chord_sa. tolerance = 1, sa_iterations = 1000, initial_temperature = 3.0, cooling_rate = 0.999
26 - INFO - chord#: 36 done. best_score=27.0, changed=525, unchanged=412, early_stops=8/8
26 - INFO - chord#: 40 In build_straw_man_chord_sa. tolerance = 1, sa_iterations = 1000, initial_temperature = 3.0, cooling_rate = 0.999
26 - INFO - chord#: 36 done. best_score=27.0, changed=516, unchanged=457, early_stops=8/8
26 - INFO - chord#: 40 In build_straw_man_chord_sa. tolerance = 1, sa_iterations = 1000, initial_temperature = 3.0, cooling_rate = 0.999
26 - INFO - chord#: 40 done. best_score=27.0, changed=515, unchanged=340, early_stops=8/8
26 - INFO - chord#: 42 In build_straw_man_chord_sa. tolerance = 1, sa_iterations = 1000, initial_temperature = 3.0, cooling_rate = 0.999
26 - INFO - chord#: 40 done. best_score=27.0, changed=521, unchanged=553, early_stops=8/8
26 - INFO - chord#: 42 In build_straw_man_chord_sa. tolerance = 1, sa_iterations = 1000, initial_temperature = 3.0, cooling_rate = 0.999
26 - INFO - chord#: 48 done. best_score=27.0, changed=522, unchanged=391, early_stops=8/8
26 - INFO - chord#: 50 In build_straw_man_chord_sa. tolerance = 1, sa_iterations = 1000, initial_temperature = 3.0, cooling_rate = 0.999
26 - INFO - chord#: 36 done. best_score=27.0, changed=535, unchanged=528, early_stops=8/8
26 - INFO - chord#: 40 In build_straw_man_chord_sa. tolerance = 1, sa_iterations = 1000, initial_temperature = 3.0, cooling_rate = 0.999
26 - INFO - chord#: 44 done. best_score=27.0, changed=521, unchanged=474, early_stops=8/8
26 - INFO - chord#: 46 In build_straw_man_chord_sa. tolerance = 1, sa_iterations = 1000, initial_temperature = 3.0, cooling_rate = 0.999
26 - INFO - chord#: 46 done. best_score=64.0, changed=613, unchanged=257, early_stops=8/8
26 - INFO - chord#: 48 In build_straw_man_chord_sa. tolerance = 1, sa_iterations = 1000, initial_temperature = 3.0, cooling_rate = 0.999
26 - INFO - chord#: 42 done. best_score=36.0, changed=515, unchanged=367, early_stops=8/8
26 - INFO - chord#: 44 In build_straw_man_chord_sa. tolerance = 1, sa_iterations = 1000, initial_temperature = 3.0, cooling_rate = 0.999
26 - INFO - chord#: 46 done. best_score=64.0, changed=617, unchanged=381, early_stops=8/8
26 - INFO - chord#: 48 In build_straw_man_chord_sa. tolerance = 1, sa_iterations = 1000, initial_temperature = 3.0, cooling_rate = 0.999
26 - INFO - chord#: 46 done. best_score=64.0, changed=609, unchanged=250, early_stops=8/8
26 - INFO - chord#: 48 In build_straw_man_chord_sa. tolerance = 1, sa_iterations = 1000, initial_temperature = 3.0, cooling_rate = 0.999
26 - INFO - chord#: 40 done. best_score=27.0, changed=513, unchanged=361, early_stops=8/8
26 - INFO - chord#: 42 In build_straw_man_chord_sa. tolerance = 1, sa_iterations = 1000, initial_temperature = 3.0, cooling_rate = 0.999
26 - INFO - chord#: 40 done. best_score=27.0, changed=531, unchanged=506, early_stops=8/8
26 - INFO - chord#: 42 In build_straw_man_chord_sa. tolerance = 1, sa_iterations = 1000, initial_temperature = 3.0, cooling_rate = 0.999
26 - INFO - chord#: 42 done. best_score=36.0, changed=531, unchanged=467, early_stops=8/8
26 - INFO - chord#: 44 In build_straw_man_chord_sa. tolerance = 1, sa_iterations = 1000, initial_temperature = 3.0, cooling_rate = 0.999
26 - INFO - chord#: 48 done. best_score=27.0, changed=523, unchanged=444, early_stops=8/8
26 - INFO - chord#: 50 In build_straw_man_chord_sa. tolerance = 1, sa_iterations = 1000, initial_temperature = 3.0, cooling_rate = 0.999
26 - INFO - chord#: 48 done. best_score=27.0, changed=525, unchanged=328, early_stops=8/8
26 - INFO - chord#: 50 In build_straw_man_chord_sa. tolerance = 1, sa_iterations = 1000, initial_temperature = 3.0, cooling_rate = 0.999
26 - INFO - chord#: 40 done. best_score=27.0, changed=533, unchanged=483, early_stops=8/8
26 - INFO - chord#: 42 In build_straw_man_chord_sa. tolerance = 1, sa_iterations = 1000, initial_temperature = 3.0, cooling_rate = 0.999
26 - INFO - chord#: 42 done. best_score=36.0, changed=525, unchanged=508, early_stops=8/8
26 - INFO - chord#: 44 In build_straw_man_chord_sa. tolerance = 1, sa_iterations = 1000, initial_temperature = 3.0, cooling_rate = 0.999
26 - INFO - chord#: 44 done. best_score=27.0, changed=517, unchanged=342, early_stops=8/8
26 - INFO - chord#: 46 In build_straw_man_chord_sa. tolerance = 1, sa_iterations = 1000, initial_temperature = 3.0, cooling_rate = 0.999
26 - INFO - chord#: 48 done. best_score=27.0, changed=519, unchanged=408, early_stops=8/8
26 - INFO - chord#: 50 In build_straw_man_chord_sa. tolerance = 1, sa_iterations = 1000, initial_temperature = 3.0, cooling_rate = 0.999
26 - INFO - chord#: 42 done. best_score=36.0, changed=525, unchanged=454, early_stops=8/8
26 - INFO - chord#: 44 In build_straw_man_chord_sa. tolerance = 1, sa_iterations = 1000, initial_temperature = 3.0, cooling_rate = 0.999
26 - INFO - chord#: 46 done. best_score=64.0, changed=612, unchanged=342, early_stops=8/8
26 - INFO - chord#: 48 In build_straw_man_chord_sa. tolerance = 1, sa_iterations = 1000, initial_temperature = 3.0, cooling_rate = 0.999
26 - INFO - chord#: 42 done. best_score=36.0, changed=531, unchanged=487, early_stops=8/8
26 - INFO - chord#: 44 In build_straw_man_chord_sa. tolerance = 1, sa_iterations = 1000, initial_temperature = 3.0, cooling_rate = 0.999
26 - INFO - chord#: 44 done. best_score=27.0, changed=526, unchanged=466, early_stops=8/8
26 - INFO - chord#: 46 In build_straw_man_chord_sa. tolerance = 1, sa_iterations = 1000, initial_temperature = 3.0, cooling_rate = 0.999
26 - INFO - chord#: 46 done. best_score=64.0, changed=610, unchanged=395, early_stops=8/8
26 - INFO - chord#: 48 In build_straw_man_chord_sa. tolerance = 1, sa_iterations = 1000, initial_temperature = 3.0, cooling_rate = 0.999
26 - INFO - chord#: 44 done. best_score=27.0, changed=520, unchanged=519, early_stops=8/8
26 - INFO - chord#: 46 In build_straw_man_chord_sa. tolerance = 1, sa_iterations = 1000, initial_temperature = 3.0, cooling_rate = 0.999
26 - INFO - chord#: 44 done. best_score=27.0, changed=522, unchanged=348, early_stops=8/8
26 - INFO - chord#: 46 In build_straw_man_chord_sa. tolerance = 1, sa_iterations = 1000, initial_temperature = 3.0, cooling_rate = 0.999
26 - INFO - chord#: 48 done. best_score=27.0, changed=524, unchanged=332, early_stops=8/8
26 - INFO - chord#: 50 In build_straw_man_chord_sa. tolerance = 1, sa_iterations = 1000, initial_temperature = 3.0, cooling_rate = 0.999
26 - INFO - chord#: 42 done. best_score=36.0, changed=521, unchanged=550, early_stops=8/8
26 - INFO - chord#: 44 In build_straw_man_chord_sa. tolerance = 1, sa_iterations = 1000, initial_temperature = 3.0, cooling_rate = 0.999
26 - INFO - chord#: 50 done. best_score=93.0, changed=610, unchanged=275, early_stops=8/8
26 - INFO - chord#: 52 In build_straw_man_chord_sa. tolerance = 1, sa_iterations = 1000, initial_temperature = 3.0, cooling_rate = 0.999
26 - INFO - chord#: 50 done. best_score=93.0, changed=610, unchanged=326, early_stops=8/8
26 - INFO - chord#: 52 In build_straw_man_chord_sa. tolerance = 1, sa_iterations = 1000, initial_temperature = 3.0, cooling_rate = 0.999
26 - INFO - chord#: 48 done. best_score=27.0, changed=523, unchanged=417, early_stops=8/8
26 - INFO - chord#: 50 In build_straw_man_chord_sa. tolerance = 1, sa_iterations = 1000, initial_temperature = 3.0, cooling_rate = 0.999
26 - INFO - chord#: 50 done. best_score=93.0, changed=616, unchanged=297, early_stops=8/8
26 - INFO - chord#: 52 In build_straw_man_chord_sa. tolerance = 1, sa_iterations = 1000, initial_temperature = 3.0, cooling_rate = 0.999
26 - INFO - chord#: 44 done. best_score=27.0, changed=526, unchanged=536, early_stops=8/8
26 - INFO - chord#: 46 In build_straw_man_chord_sa. tolerance = 1, sa_iterations = 1000, initial_temperature = 3.0, cooling_rate = 0.999
26 - INFO - chord#: 44 done. best_score=27.0, changed=525, unchanged=436, early_stops=8/8
26 - INFO - chord#: 46 In build_straw_man_chord_sa. tolerance = 1, sa_iterations = 1000, initial_temperature = 3.0, cooling_rate = 0.999
26 - INFO - chord#: 50 done. best_score=96.0, changed=613, unchanged=581, early_stops=8/8
26 - INFO - chord#: 52 In build_straw_man_chord_sa. tolerance = 1, sa_iterations = 1000, initial_temperature = 3.0, cooling_rate = 0.999
26 - INFO - chord#: 46 done. best_score=64.0, changed=615, unchanged=353, early_stops=8/8
26 - INFO - chord#: 48 In build_straw_man_chord_sa. tolerance = 1, sa_iterations = 1000, initial_temperature = 3.0, cooling_rate = 0.999
26 - INFO - chord#: 46 done. best_score=146.0, changed=614, unchanged=314, early_stops=8/8
26 - INFO - chord#: 48 In build_straw_man_chord_sa. tolerance = 1, sa_iterations = 1000, initial_temperature = 3.0, cooling_rate = 0.999
26 - INFO - chord#: 50 done. best_score=93.0, changed=612, unchanged=406, early_stops=8/8
26 - INFO - chord#: 52 In build_straw_man_chord_sa. tolerance = 1, sa_iterations = 1000, initial_temperature = 3.0, cooling_rate = 0.999
26 - INFO - chord#: 46 done. best_score=64.0, changed=605, unchanged=290, early_stops=8/8
26 - INFO - chord#: 48 In build_straw_man_chord_sa. tolerance = 1, sa_iterations = 1000, initial_temperature = 3.0, cooling_rate = 0.999
26 - INFO - chord#: 52 done. best_score=78.0, changed=610, unchanged=231, early_stops=8/8
26 - INFO - chord#: 56 In build_straw_man_chord_sa. tolerance = 1, sa_iterations = 1000, initial_temperature = 3.0, cooling_rate = 0.999
26 - INFO - chord#: 46 done. best_score=64.0, changed=615, unchanged=370, early_stops=8/8
26 - INFO - chord#: 48 In build_straw_man_chord_sa. tolerance = 1, sa_iterations = 1000, initial_temperature = 3.0, cooling_rate = 0.999
26 - INFO - chord#: 50 done. best_score=93.0, changed=613, unchanged=306, early_stops=8/8
26 - INFO - chord#: 52 In build_straw_man_chord_sa. tolerance = 1, sa_iterations = 1000, initial_temperature = 3.0, cooling_rate = 0.999
26 - INFO - chord#: 52 done. best_score=67.0, changed=609, unchanged=282, early_stops=8/8
26 - INFO - chord#: 56 In build_straw_man_chord_sa. tolerance = 1, sa_iterations = 1000, initial_temperature = 3.0, cooling_rate = 0.999
26 - INFO - chord#: 48 done. best_score=27.0, changed=512, unchanged=349, early_stops=8/8
26 - INFO - chord#: 50 In build_straw_man_chord_sa. tolerance = 1, sa_iterations = 1000, initial_temperature = 3.0, cooling_rate = 0.999
26 - INFO - chord#: 48 done. best_score=27.0, changed=518, unchanged=337, early_stops=8/8
26 - INFO - chord#: 50 In build_straw_man_chord_sa. tolerance = 1, sa_iterations = 1000, initial_temperature = 3.0, cooling_rate = 0.999
26 - INFO - chord#: 52 done. best_score=78.0, changed=610, unchanged=287, early_stops=8/8
26 - INFO - chord#: 56 In build_straw_man_chord_sa. tolerance = 1, sa_iterations = 1000, initial_temperature = 3.0, cooling_rate = 0.999
26 - INFO - chord#: 52 done. best_score=67.0, changed=609, unchanged=242, early_stops=8/8
26 - INFO - chord#: 56 In build_straw_man_chord_sa. tolerance = 1, sa_iterations = 1000, initial_temperature = 3.0, cooling_rate = 0.999
26 - INFO - chord#: 48 done. best_score=27.0, changed=522, unchanged=312, early_stops=8/8
26 - INFO - chord#: 50 In build_straw_man_chord_sa. tolerance = 1, sa_iterations = 1000, initial_temperature = 3.0, cooling_rate = 0.999
26 - INFO - chord#: 48 done. best_score=27.0, changed=517, unchanged=313, early_stops=8/8
26 - INFO - chord#: 50 In build_straw_man_chord_sa. tolerance = 1, sa_iterations = 1000, initial_temperature = 3.0, cooling_rate = 0.999
26 - INFO - chord#: 56 done. best_score=27.0, changed=520, unchanged=352, early_stops=8/8
26 - INFO - chord#: 58 In build_straw_man_chord_sa. tolerance = 1, sa_iterations = 1000, initial_temperature = 3.0, cooling_rate = 0.999
26 - INFO - chord#: 56 done. best_score=27.0, changed=526, unchanged=480, early_stops=8/8
26 - INFO - chord#: 58 In build_straw_man_chord_sa. tolerance = 1, sa_iterations = 1000, initial_temperature = 3.0, cooling_rate = 0.999
26 - INFO - chord#: 56 done. best_score=27.0, changed=519, unchanged=314, early_stops=8/8
26 - INFO - chord#: 58 In build_straw_man_chord_sa. tolerance = 1, sa_iterations = 1000, initial_temperature = 3.0, cooling_rate = 0.999
26 - INFO - chord#: 46 done. best_score=64.0, changed=613, unchanged=369, early_stops=8/8
26 - INFO - chord#: 48 In build_straw_man_chord_sa. tolerance = 1, sa_iterations = 1000, initial_temperature = 3.0, cooling_rate = 0.999
26 - INFO - chord#: 56 done. best_score=27.0, changed=524, unchanged=497, early_stops=8/8
26 - INFO - chord#: 58 In build_straw_man_chord_sa. tolerance = 1, sa_iterations = 1000, initial_temperature = 3.0, cooling_rate = 0.999
26 - INFO - chord#: 46 done. best_score=64.0, changed=614, unchanged=570, early_stops=8/8
26 - INFO - chord#: 48 In build_straw_man_chord_sa. tolerance = 1, sa_iterations = 1000, initial_temperature = 3.0, cooling_rate = 0.999
26 - INFO - chord#: 52 done. best_score=78.0, changed=609, unchanged=417, early_stops=8/8
26 - INFO - chord#: 56 In build_straw_man_chord_sa. tolerance = 1, sa_iterations = 1000, initial_temperature = 3.0, cooling_rate = 0.999
26 - INFO - chord#: 50 done. best_score=93.0, changed=611, unchanged=327, early_stops=8/8
26 - INFO - chord#: 52 In build_straw_man_chord_sa. tolerance = 1, sa_iterations = 1000, initial_temperature = 3.0, cooling_rate = 0.999
26 - INFO - chord#: 48 done. best_score=27.0, changed=519, unchanged=383, early_stops=8/8
26 - INFO - chord#: 50 In build_straw_man_chord_sa. tolerance = 1, sa_iterations = 1000, initial_temperature = 3.0, cooling_rate = 0.999
26 - INFO - chord#: 52 done. best_score=67.0, changed=616, unchanged=334, early_stops=8/8
26 - INFO - chord#: 56 In build_straw_man_chord_sa. tolerance = 1, sa_iterations = 1000, initial_temperature = 3.0, cooling_rate = 0.999
26 - INFO - chord#: 50 done. best_score=94.0, changed=609, unchanged=261, early_stops=8/8
26 - INFO - chord#: 52 In build_straw_man_chord_sa. tolerance = 1, sa_iterations = 1000, initial_temperature = 3.0, cooling_rate = 0.999
26 - INFO - chord#: 48 done. best_score=27.0, changed=527, unchanged=362, early_stops=8/8
26 - INFO - chord#: 50 In build_straw_man_chord_sa. tolerance = 1, sa_iterations = 1000, initial_temperature = 3.0, cooling_rate = 0.999
26 - INFO - chord#: 56 done. best_score=27.0, changed=525, unchanged=584, early_stops=8/8
26 - INFO - chord#: 58 In build_straw_man_chord_sa. tolerance = 1, sa_iterations = 1000, initial_temperature = 3.0, cooling_rate = 0.999
26 - INFO - chord#: 56 done. best_score=27.0, changed=523, unchanged=397, early_stops=8/8
26 - INFO - chord#: 58 In build_straw_man_chord_sa. tolerance = 1, sa_iterations = 1000, initial_temperature = 3.0, cooling_rate = 0.999
26 - INFO - chord#: 50 done. best_score=96.0, changed=614, unchanged=298, early_stops=8/8
26 - INFO - chord#: 52 In build_straw_man_chord_sa. tolerance = 1, sa_iterations = 1000, initial_temperature = 3.0, cooling_rate = 0.999
26 - INFO - chord#: 58 done. best_score=145.0, changed=614, unchanged=346, early_stops=8/8
26 - INFO - chord#: 60 In build_straw_man_chord_sa. tolerance = 1, sa_iterations = 1000, initial_temperature = 3.0, cooling_rate = 0.999
26 - INFO - chord#: 50 done. best_score=93.0, changed=612, unchanged=266, early_stops=8/8
26 - INFO - chord#: 52 In build_straw_man_chord_sa. tolerance = 1, sa_iterations = 1000, initial_temperature = 3.0, cooling_rate = 0.999
26 - INFO - chord#: 58 done. best_score=137.0, changed=612, unchanged=436, early_stops=8/8
26 - INFO - chord#: 60 In build_straw_man_chord_sa. tolerance = 1, sa_iterations = 1000, initial_temperature = 3.0, cooling_rate = 0.999
26 - INFO - chord#: 60 done. best_score=11.0, changed=481, unchanged=385, early_stops=8/8
26 - INFO - chord#: 64 In build_straw_man_chord_sa. tolerance = 1, sa_iterations = 1000, initial_temperature = 3.0, cooling_rate = 0.999
26 - INFO - chord#: 58 done. best_score=67.0, changed=610, unchanged=260, early_stops=8/8
26 - INFO - chord#: 60 In build_straw_man_chord_sa. tolerance = 1, sa_iterations = 1000, initial_temperature = 3.0, cooling_rate = 0.999
26 - INFO - chord#: 60 done. best_score=11.0, changed=465, unchanged=381, early_stops=8/8
26 - INFO - chord#: 64 In build_straw_man_chord_sa. tolerance = 1, sa_iterations = 1000, initial_temperature = 3.0, cooling_rate = 0.999
26 - INFO - chord#: 60 done. best_score=11.0, changed=481, unchanged=358, early_stops=8/8
26 - INFO - chord#: 64 In build_straw_man_chord_sa. tolerance = 1, sa_iterations = 1000, initial_temperature = 3.0, cooling_rate = 0.999
26 - INFO - chord#: 58 done. best_score=67.0, changed=611, unchanged=316, early_stops=8/8
26 - INFO - chord#: 60 In build_straw_man_chord_sa. tolerance = 1, sa_iterations = 1000, initial_temperature = 3.0, cooling_rate = 0.999
26 - INFO - chord#: 60 done. best_score=11.0, changed=468, unchanged=363, early_stops=8/8
26 - INFO - chord#: 64 In build_straw_man_chord_sa. tolerance = 1, sa_iterations = 1000, initial_temperature = 3.0, cooling_rate = 0.999
26 - INFO - chord#: 64 done. best_score=27.0, changed=514, unchanged=368, early_stops=8/8
26 - INFO - chord#: 68 In build_straw_man_chord_sa. tolerance = 1, sa_iterations = 1000, initial_temperature = 3.0, cooling_rate = 0.999
26 - INFO - chord#: 52 done. best_score=78.0, changed=608, unchanged=201, early_stops=8/8
26 - INFO - chord#: 56 In build_straw_man_chord_sa. tolerance = 1, sa_iterations = 1000, initial_temperature = 3.0, cooling_rate = 0.999
26 - INFO - chord#: 64 done. best_score=27.0, changed=525, unchanged=422, early_stops=8/8
26 - INFO - chord#: 68 In build_straw_man_chord_sa. tolerance = 1, sa_iterations = 1000, initial_temperature = 3.0, cooling_rate = 0.999
26 - INFO - chord#: 52 done. best_score=119.0, changed=616, unchanged=449, early_stops=8/8
26 - INFO - chord#: 56 In build_straw_man_chord_sa. tolerance = 1, sa_iterations = 1000, initial_temperature = 3.0, cooling_rate = 0.999
26 - INFO - chord#: 64 done. best_score=27.0, changed=522, unchanged=386, early_stops=8/8
26 - INFO - chord#: 68 In build_straw_man_chord_sa. tolerance = 1, sa_iterations = 1000, initial_temperature = 3.0, cooling_rate = 0.999
26 - INFO - chord#: 50 done. best_score=93.0, changed=611, unchanged=386, early_stops=8/8
26 - INFO - chord#: 52 In build_straw_man_chord_sa. tolerance = 1, sa_iterations = 1000, initial_temperature = 3.0, cooling_rate = 0.999
26 - INFO - chord#: 64 done. best_score=27.0, changed=522, unchanged=438, early_stops=8/8
26 - INFO - chord#: 68 In build_straw_man_chord_sa. tolerance = 1, sa_iterations = 1000, initial_temperature = 3.0, cooling_rate = 0.999
26 - INFO - chord#: 58 done. best_score=137.0, changed=613, unchanged=305, early_stops=8/8
26 - INFO - chord#: 60 In build_straw_man_chord_sa. tolerance = 1, sa_iterations = 1000, initial_temperature = 3.0, cooling_rate = 0.999
26 - INFO - chord#: 68 done. best_score=27.0, changed=522, unchanged=370, early_stops=8/8
26 - INFO - chord#: 70 In build_straw_man_chord_sa. tolerance = 1, sa_iterations = 1000, initial_temperature = 3.0, cooling_rate = 0.999
26 - INFO - chord#: 58 done. best_score=67.0, changed=614, unchanged=315, early_stops=8/8
26 - INFO - chord#: 60 In build_straw_man_chord_sa. tolerance = 1, sa_iterations = 1000, initial_temperature = 3.0, cooling_rate = 0.999
26 - INFO - chord#: 50 done. best_score=93.0, changed=614, unchanged=273, early_stops=8/8
26 - INFO - chord#: 52 In build_straw_man_chord_sa. tolerance = 1, sa_iterations = 1000, initial_temperature = 3.0, cooling_rate = 0.999
26 - INFO - chord#: 60 done. best_score=11.0, changed=481, unchanged=353, early_stops=8/8
26 - INFO - chord#: 64 In build_straw_man_chord_sa. tolerance = 1, sa_iterations = 1000, initial_temperature = 3.0, cooling_rate = 0.999
26 - INFO - chord#: 68 done. best_score=27.0, changed=519, unchanged=372, early_stops=8/8
26 - INFO - chord#: 70 In build_straw_man_chord_sa. tolerance = 1, sa_iterations = 1000, initial_temperature = 3.0, cooling_rate = 0.999
26 - INFO - chord#: 60 done. best_score=11.0, changed=505, unchanged=360, early_stops=8/8
26 - INFO - chord#: 64 In build_straw_man_chord_sa. tolerance = 1, sa_iterations = 1000, initial_temperature = 3.0, cooling_rate = 0.999
26 - INFO - chord#: 52 done. best_score=78.0, changed=609, unchanged=230, early_stops=8/8
26 - INFO - chord#: 56 In build_straw_man_chord_sa. tolerance = 1, sa_iterations = 1000, initial_temperature = 3.0, cooling_rate = 0.999
26 - INFO - chord#: 52 done. best_score=137.0, changed=609, unchanged=216, early_stops=8/8
26 - INFO - chord#: 56 In build_straw_man_chord_sa. tolerance = 1, sa_iterations = 1000, initial_temperature = 3.0, cooling_rate = 0.999
26 - INFO - chord#: 56 done. best_score=27.0, changed=532, unchanged=519, early_stops=8/8
26 - INFO - chord#: 58 In build_straw_man_chord_sa. tolerance = 1, sa_iterations = 1000, initial_temperature = 3.0, cooling_rate = 0.999
26 - INFO - chord#: 56 done. best_score=27.0, changed=523, unchanged=494, early_stops=8/8
26 - INFO - chord#: 58 In build_straw_man_chord_sa. tolerance = 1, sa_iterations = 1000, initial_temperature = 3.0, cooling_rate = 0.999
26 - INFO - chord#: 68 done. best_score=27.0, changed=518, unchanged=326, early_stops=8/8
26 - INFO - chord#: 70 In build_straw_man_chord_sa. tolerance = 1, sa_iterations = 1000, initial_temperature = 3.0, cooling_rate = 0.999
26 - INFO - chord#: 68 done. best_score=27.0, changed=527, unchanged=374, early_stops=8/8
26 - INFO - chord#: 70 In build_straw_man_chord_sa. tolerance = 1, sa_iterations = 1000, initial_temperature = 3.0, cooling_rate = 0.999
26 - INFO - chord#: 64 done. best_score=27.0, changed=511, unchanged=321, early_stops=8/8
26 - INFO - chord#: 68 In build_straw_man_chord_sa. tolerance = 1, sa_iterations = 1000, initial_temperature = 3.0, cooling_rate = 0.999
26 - INFO - chord#: 64 done. best_score=27.0, changed=522, unchanged=500, early_stops=8/8
26 - INFO - chord#: 68 In build_straw_man_chord_sa. tolerance = 1, sa_iterations = 1000, initial_temperature = 3.0, cooling_rate = 0.999
26 - INFO - chord#: 56 done. best_score=27.0, changed=525, unchanged=467, early_stops=8/8
26 - INFO - chord#: 58 In build_straw_man_chord_sa. tolerance = 1, sa_iterations = 1000, initial_temperature = 3.0, cooling_rate = 0.999
26 - INFO - chord#: 56 done. best_score=27.0, changed=517, unchanged=365, early_stops=8/8
26 - INFO - chord#: 58 In build_straw_man_chord_sa. tolerance = 1, sa_iterations = 1000, initial_temperature = 3.0, cooling_rate = 0.999
26 - INFO - chord#: 70 done. best_score=70.0, changed=617, unchanged=296, early_stops=8/8
26 - INFO - chord#: 72 In build_straw_man_chord_sa. tolerance = 1, sa_iterations = 1000, initial_temperature = 3.0, cooling_rate = 0.999
26 - INFO - chord#: 68 done. best_score=27.0, changed=517, unchanged=310, early_stops=8/8
26 - INFO - chord#: 70 In build_straw_man_chord_sa. tolerance = 1, sa_iterations = 1000, initial_temperature = 3.0, cooling_rate = 0.999
26 - INFO - chord#: 72 done. best_score=11.0, changed=505, unchanged=366, early_stops=8/8
26 - INFO - chord#: 74 In build_straw_man_chord_sa. tolerance = 1, sa_iterations = 1000, initial_temperature = 3.0, cooling_rate = 0.999
26 - INFO - chord#: 68 done. best_score=27.0, changed=521, unchanged=361, early_stops=8/8
26 - INFO - chord#: 70 In build_straw_man_chord_sa. tolerance = 1, sa_iterations = 1000, initial_temperature = 3.0, cooling_rate = 0.999
26 - INFO - chord#: 70 done. best_score=70.0, changed=612, unchanged=329, early_stops=8/8
26 - INFO - chord#: 72 In build_straw_man_chord_sa. tolerance = 1, sa_iterations = 1000, initial_temperature = 3.0, cooling_rate = 0.999
26 - INFO - chord#: 52 done. best_score=119.0, changed=614, unchanged=250, early_stops=8/8
26 - INFO - chord#: 56 In build_straw_man_chord_sa. tolerance = 1, sa_iterations = 1000, initial_temperature = 3.0, cooling_rate = 0.999
26 - INFO - chord#: 72 done. best_score=11.0, changed=493, unchanged=333, early_stops=8/8
26 - INFO - chord#: 74 In build_straw_man_chord_sa. tolerance = 1, sa_iterations = 1000, initial_temperature = 3.0, cooling_rate = 0.999
26 - INFO - chord#: 58 done. best_score=137.0, changed=613, unchanged=332, early_stops=8/8
26 - INFO - chord#: 60 In build_straw_man_chord_sa. tolerance = 1, sa_iterations = 1000, initial_temperature = 3.0, cooling_rate = 0.999
26 - INFO - chord#: 70 done. best_score=111.0, changed=614, unchanged=429, early_stops=8/8
26 - INFO - chord#: 72 In build_straw_man_chord_sa. tolerance = 1, sa_iterations = 1000, initial_temperature = 3.0, cooling_rate = 0.999
26 - INFO - chord#: 52 done. best_score=125.0, changed=613, unchanged=366, early_stops=8/8
26 - INFO - chord#: 56 In build_straw_man_chord_sa. tolerance = 1, sa_iterations = 1000, initial_temperature = 3.0, cooling_rate = 0.999
26 - INFO - chord#: 60 done. best_score=11.0, changed=478, unchanged=354, early_stops=8/8
26 - INFO - chord#: 64 In build_straw_man_chord_sa. tolerance = 1, sa_iterations = 1000, initial_temperature = 3.0, cooling_rate = 0.999
26 - INFO - chord#: 72 done. best_score=11.0, changed=475, unchanged=336, early_stops=8/8
26 - INFO - chord#: 74 In build_straw_man_chord_sa. tolerance = 1, sa_iterations = 1000, initial_temperature = 3.0, cooling_rate = 0.999
26 - INFO - chord#: 58 done. best_score=96.0, changed=610, unchanged=256, early_stops=8/8
26 - INFO - chord#: 60 In build_straw_man_chord_sa. tolerance = 1, sa_iterations = 1000, initial_temperature = 3.0, cooling_rate = 0.999
26 - INFO - chord#: 70 done. best_score=70.0, changed=611, unchanged=324, early_stops=8/8
26 - INFO - chord#: 72 In build_straw_man_chord_sa. tolerance = 1, sa_iterations = 1000, initial_temperature = 3.0, cooling_rate = 0.999
26 - INFO - chord#: 60 done. best_score=11.0, changed=473, unchanged=338, early_stops=8/8
26 - INFO - chord#: 64 In build_straw_man_chord_sa. tolerance = 1, sa_iterations = 1000, initial_temperature = 3.0, cooling_rate = 0.999
26 - INFO - chord#: 72 done. best_score=11.0, changed=479, unchanged=334, early_stops=8/8
26 - INFO - chord#: 74 In build_straw_man_chord_sa. tolerance = 1, sa_iterations = 1000, initial_temperature = 3.0, cooling_rate = 0.999
26 - INFO - chord#: 56 done. best_score=27.0, changed=522, unchanged=432, early_stops=8/8
26 - INFO - chord#: 58 In build_straw_man_chord_sa. tolerance = 1, sa_iterations = 1000, initial_temperature = 3.0, cooling_rate = 0.999
26 - INFO - chord#: 64 done. best_score=27.0, changed=518, unchanged=341, early_stops=8/8
26 - INFO - chord#: 68 In build_straw_man_chord_sa. tolerance = 1, sa_iterations = 1000, initial_temperature = 3.0, cooling_rate = 0.999
26 - INFO - chord#: 58 done. best_score=67.0, changed=607, unchanged=215, early_stops=8/8
26 - INFO - chord#: 60 In build_straw_man_chord_sa. tolerance = 1, sa_iterations = 1000, initial_temperature = 3.0, cooling_rate = 0.999
26 - INFO - chord#: 70 done. best_score=70.0, changed=618, unchanged=437, early_stops=8/8
26 - INFO - chord#: 72 In build_straw_man_chord_sa. tolerance = 1, sa_iterations = 1000, initial_temperature = 3.0, cooling_rate = 0.999
26 - INFO - chord#: 56 done. best_score=27.0, changed=518, unchanged=359, early_stops=8/8
26 - INFO - chord#: 58 In build_straw_man_chord_sa. tolerance = 1, sa_iterations = 1000, initial_temperature = 3.0, cooling_rate = 0.999
26 - INFO - chord#: 58 done. best_score=67.0, changed=610, unchanged=378, early_stops=8/8
26 - INFO - chord#: 60 In build_straw_man_chord_sa. tolerance = 1, sa_iterations = 1000, initial_temperature = 3.0, cooling_rate = 0.999
26 - INFO - chord#: 60 done. best_score=11.0, changed=494, unchanged=351, early_stops=8/8
26 - INFO - chord#: 64 In build_straw_man_chord_sa. tolerance = 1, sa_iterations = 1000, initial_temperature = 3.0, cooling_rate = 0.999
26 - INFO - chord#: 72 done. best_score=11.0, changed=492, unchanged=335, early_stops=8/8
26 - INFO - chord#: 74 In build_straw_man_chord_sa. tolerance = 1, sa_iterations = 1000, initial_temperature = 3.0, cooling_rate = 0.999
26 - INFO - chord#: 70 done. best_score=70.0, changed=617, unchanged=347, early_stops=8/8
26 - INFO - chord#: 72 In build_straw_man_chord_sa. tolerance = 1, sa_iterations = 1000, initial_temperature = 3.0, cooling_rate = 0.999
26 - INFO - chord#: 60 done. best_score=11.0, changed=474, unchanged=372, early_stops=8/8
26 - INFO - chord#: 64 In build_straw_man_chord_sa. tolerance = 1, sa_iterations = 1000, initial_temperature = 3.0, cooling_rate = 0.999
26 - INFO - chord#: 72 done. best_score=11.0, changed=490, unchanged=327, early_stops=8/8
26 - INFO - chord#: 74 In build_straw_man_chord_sa. tolerance = 1, sa_iterations = 1000, initial_temperature = 3.0, cooling_rate = 0.999
26 - INFO - chord#: 74 done. best_score=168.0, changed=619, unchanged=396, early_stops=8/8
26 - INFO - chord#: 76 In build_straw_man_chord_sa. tolerance = 1, sa_iterations = 1000, initial_temperature = 3.0, cooling_rate = 0.999
26 - INFO - chord#: 64 done. best_score=27.0, changed=520, unchanged=332, early_stops=8/8
26 - INFO - chord#: 68 In build_straw_man_chord_sa. tolerance = 1, sa_iterations = 1000, initial_temperature = 3.0, cooling_rate = 0.999
26 - INFO - chord#: 68 done. best_score=27.0, changed=524, unchanged=449, early_stops=8/8
26 - INFO - chord#: 70 In build_straw_man_chord_sa. tolerance = 1, sa_iterations = 1000, initial_temperature = 3.0, cooling_rate = 0.999
26 - INFO - chord#: 74 done. best_score=116.0, changed=611, unchanged=401, early_stops=8/8
26 - INFO - chord#: 76 In build_straw_man_chord_sa. tolerance = 1, sa_iterations = 1000, initial_temperature = 3.0, cooling_rate = 0.999
26 - INFO - chord#: 64 done. best_score=27.0, changed=517, unchanged=329, early_stops=8/8
26 - INFO - chord#: 68 In build_straw_man_chord_sa. tolerance = 1, sa_iterations = 1000, initial_temperature = 3.0, cooling_rate = 0.999
26 - INFO - chord#: 74 done. best_score=94.0, changed=611, unchanged=368, early_stops=8/8
26 - INFO - chord#: 76 In build_straw_man_chord_sa. tolerance = 1, sa_iterations = 1000, initial_temperature = 3.0, cooling_rate = 0.999
26 - INFO - chord#: 76 done. best_score=27.0, changed=517, unchanged=368, early_stops=8/8
26 - INFO - chord#: 78 In build_straw_man_chord_sa. tolerance = 1, sa_iterations = 1000, initial_temperature = 3.0, cooling_rate = 0.999
26 - INFO - chord#: 64 done. best_score=27.0, changed=519, unchanged=434, early_stops=8/8
26 - INFO - chord#: 68 In build_straw_man_chord_sa. tolerance = 1, sa_iterations = 1000, initial_temperature = 3.0, cooling_rate = 0.999
26 - INFO - chord#: 68 done. best_score=27.0, changed=518, unchanged=387, early_stops=8/8
26 - INFO - chord#: 70 In build_straw_man_chord_sa. tolerance = 1, sa_iterations = 1000, initial_temperature = 3.0, cooling_rate = 0.999
26 - INFO - chord#: 76 done. best_score=36.0, changed=523, unchanged=433, early_stops=8/8
26 - INFO - chord#: 78 In build_straw_man_chord_sa. tolerance = 1, sa_iterations = 1000, initial_temperature = 3.0, cooling_rate = 0.999
26 - INFO - chord#: 76 done. best_score=27.0, changed=523, unchanged=373, early_stops=8/8
26 - INFO - chord#: 78 In build_straw_man_chord_sa. tolerance = 1, sa_iterations = 1000, initial_temperature = 3.0, cooling_rate = 0.999
26 - INFO - chord#: 74 done. best_score=147.0, changed=614, unchanged=388, early_stops=8/8
26 - INFO - chord#: 76 In build_straw_man_chord_sa. tolerance = 1, sa_iterations = 1000, initial_temperature = 3.0, cooling_rate = 0.999
26 - INFO - chord#: 58 done. best_score=140.0, changed=610, unchanged=308, early_stops=8/8
26 - INFO - chord#: 60 In build_straw_man_chord_sa. tolerance = 1, sa_iterations = 1000, initial_temperature = 3.0, cooling_rate = 0.999
26 - INFO - chord#: 74 done. best_score=94.0, changed=613, unchanged=380, early_stops=8/8
26 - INFO - chord#: 76 In build_straw_man_chord_sa. tolerance = 1, sa_iterations = 1000, initial_temperature = 3.0, cooling_rate = 0.999
26 - INFO - chord#: 68 done. best_score=27.0, changed=529, unchanged=446, early_stops=8/8
26 - INFO - chord#: 70 In build_straw_man_chord_sa. tolerance = 1, sa_iterations = 1000, initial_temperature = 3.0, cooling_rate = 0.999
26 - INFO - chord#: 74 done. best_score=94.0, changed=611, unchanged=437, early_stops=8/8
26 - INFO - chord#: 76 In build_straw_man_chord_sa. tolerance = 1, sa_iterations = 1000, initial_temperature = 3.0, cooling_rate = 0.999
26 - INFO - chord#: 60 done. best_score=11.0, changed=491, unchanged=341, early_stops=8/8
26 - INFO - chord#: 64 In build_straw_man_chord_sa. tolerance = 1, sa_iterations = 1000, initial_temperature = 3.0, cooling_rate = 0.999
26 - INFO - chord#: 68 done. best_score=27.0, changed=534, unchanged=429, early_stops=8/8
26 - INFO - chord#: 70 In build_straw_man_chord_sa. tolerance = 1, sa_iterations = 1000, initial_temperature = 3.0, cooling_rate = 0.999
26 - INFO - chord#: 70 done. best_score=111.0, changed=614, unchanged=336, early_stops=8/8
26 - INFO - chord#: 72 In build_straw_man_chord_sa. tolerance = 1, sa_iterations = 1000, initial_temperature = 3.0, cooling_rate = 0.999
26 - INFO - chord#: 72 done. best_score=11.0, changed=481, unchanged=341, early_stops=8/8
26 - INFO - chord#: 74 In build_straw_man_chord_sa. tolerance = 1, sa_iterations = 1000, initial_temperature = 3.0, cooling_rate = 0.999
26 - INFO - chord#: 58 done. best_score=67.0, changed=614, unchanged=492, early_stops=8/8
26 - INFO - chord#: 60 In build_straw_man_chord_sa. tolerance = 1, sa_iterations = 1000, initial_temperature = 3.0, cooling_rate = 0.999
26 - INFO - chord#: 76 done. best_score=27.0, changed=527, unchanged=449, early_stops=8/8
26 - INFO - chord#: 78 In build_straw_man_chord_sa. tolerance = 1, sa_iterations = 1000, initial_temperature = 3.0, cooling_rate = 0.999
26 - INFO - chord#: 60 done. best_score=11.0, changed=484, unchanged=346, early_stops=8/8
26 - INFO - chord#: 64 In build_straw_man_chord_sa. tolerance = 1, sa_iterations = 1000, initial_temperature = 3.0, cooling_rate = 0.999
26 - INFO - chord#: 78 done. best_score=82.0, changed=608, unchanged=200, early_stops=8/8
26 - INFO - chord#: 80 In build_straw_man_chord_sa. tolerance = 1, sa_iterations = 1000, initial_temperature = 3.0, cooling_rate = 0.999
26 - INFO - chord#: 76 done. best_score=27.0, changed=526, unchanged=375, early_stops=8/8
26 - INFO - chord#: 78 In build_straw_man_chord_sa. tolerance = 1, sa_iterations = 1000, initial_temperature = 3.0, cooling_rate = 0.999
26 - INFO - chord#: 78 done. best_score=146.0, changed=620, unchanged=373, early_stops=8/8
26 - INFO - chord#: 80 In build_straw_man_chord_sa. tolerance = 1, sa_iterations = 1000, initial_temperature = 3.0, cooling_rate = 0.999
26 - INFO - chord#: 76 done. best_score=27.0, changed=533, unchanged=429, early_stops=8/8
26 - INFO - chord#: 78 In build_straw_man_chord_sa. tolerance = 1, sa_iterations = 1000, initial_temperature = 3.0, cooling_rate = 0.999
26 - INFO - chord#: 64 done. best_score=27.0, changed=522, unchanged=381, early_stops=8/8
26 - INFO - chord#: 68 In build_straw_man_chord_sa. tolerance = 1, sa_iterations = 1000, initial_temperature = 3.0, cooling_rate = 0.999
26 - INFO - chord#: 78 done. best_score=82.0, changed=609, unchanged=298, early_stops=8/8
26 - INFO - chord#: 80 In build_straw_man_chord_sa. tolerance = 1, sa_iterations = 1000, initial_temperature = 3.0, cooling_rate = 0.999
26 - INFO - chord#: 70 done. best_score=70.0, changed=613, unchanged=349, early_stops=8/8
26 - INFO - chord#: 72 In build_straw_man_chord_sa. tolerance = 1, sa_iterations = 1000, initial_temperature = 3.0, cooling_rate = 0.999
26 - INFO - chord#: 80 done. best_score=27.0, changed=525, unchanged=405, early_stops=8/8
26 - INFO - chord#: 82 In build_straw_man_chord_sa. tolerance = 1, sa_iterations = 1000, initial_temperature = 3.0, cooling_rate = 0.999
26 - INFO - chord#: 72 done. best_score=11.0, changed=487, unchanged=342, early_stops=8/8
26 - INFO - chord#: 74 In build_straw_man_chord_sa. tolerance = 1, sa_iterations = 1000, initial_temperature = 3.0, cooling_rate = 0.999
26 - INFO - chord#: 80 done. best_score=27.0, changed=518, unchanged=428, early_stops=8/8
26 - INFO - chord#: 82 In build_straw_man_chord_sa. tolerance = 1, sa_iterations = 1000, initial_temperature = 3.0, cooling_rate = 0.999
26 - INFO - chord#: 64 done. best_score=27.0, changed=517, unchanged=476, early_stops=8/8
26 - INFO - chord#: 68 In build_straw_man_chord_sa. tolerance = 1, sa_iterations = 1000, initial_temperature = 3.0, cooling_rate = 0.999
26 - INFO - chord#: 74 done. best_score=168.0, changed=610, unchanged=227, early_stops=8/8
26 - INFO - chord#: 76 In build_straw_man_chord_sa. tolerance = 1, sa_iterations = 1000, initial_temperature = 3.0, cooling_rate = 0.999
26 - INFO - chord#: 68 done. best_score=27.0, changed=520, unchanged=337, early_stops=8/8
26 - INFO - chord#: 70 In build_straw_man_chord_sa. tolerance = 1, sa_iterations = 1000, initial_temperature = 3.0, cooling_rate = 0.999
26 - INFO - chord#: 80 done. best_score=27.0, changed=517, unchanged=420, early_stops=8/8
26 - INFO - chord#: 82 In build_straw_man_chord_sa. tolerance = 1, sa_iterations = 1000, initial_temperature = 3.0, cooling_rate = 0.999
26 - INFO - chord#: 70 done. best_score=70.0, changed=615, unchanged=376, early_stops=8/8
26 - INFO - chord#: 72 In build_straw_man_chord_sa. tolerance = 1, sa_iterations = 1000, initial_temperature = 3.0, cooling_rate = 0.999
26 - INFO - chord#: 70 done. best_score=70.0, changed=610, unchanged=325, early_stops=8/8
26 - INFO - chord#: 72 In build_straw_man_chord_sa. tolerance = 1, sa_iterations = 1000, initial_temperature = 3.0, cooling_rate = 0.999
26 - INFO - chord#: 72 done. best_score=11.0, changed=460, unchanged=358, early_stops=8/8
26 - INFO - chord#: 74 In build_straw_man_chord_sa. tolerance = 1, sa_iterations = 1000, initial_temperature = 3.0, cooling_rate = 0.999
26 - INFO - chord#: 72 done. best_score=11.0, changed=486, unchanged=359, early_stops=8/8
26 - INFO - chord#: 74 In build_straw_man_chord_sa. tolerance = 1, sa_iterations = 1000, initial_temperature = 3.0, cooling_rate = 0.999
26 - INFO - chord#: 78 done. best_score=82.0, changed=607, unchanged=230, early_stops=8/8
26 - INFO - chord#: 80 In build_straw_man_chord_sa. tolerance = 1, sa_iterations = 1000, initial_temperature = 3.0, cooling_rate = 0.999
26 - INFO - chord#: 78 done. best_score=120.0, changed=612, unchanged=370, early_stops=8/8
26 - INFO - chord#: 80 In build_straw_man_chord_sa. tolerance = 1, sa_iterations = 1000, initial_temperature = 3.0, cooling_rate = 0.999
26 - INFO - chord#: 76 done. best_score=27.0, changed=521, unchanged=319, early_stops=8/8
26 - INFO - chord#: 78 In build_straw_man_chord_sa. tolerance = 1, sa_iterations = 1000, initial_temperature = 3.0, cooling_rate = 0.999
26 - INFO - chord#: 68 done. best_score=27.0, changed=517, unchanged=374, early_stops=8/8
26 - INFO - chord#: 70 In build_straw_man_chord_sa. tolerance = 1, sa_iterations = 1000, initial_temperature = 3.0, cooling_rate = 0.999
26 - INFO - chord#: 78 done. best_score=82.0, changed=608, unchanged=227, early_stops=8/8
26 - INFO - chord#: 80 In build_straw_man_chord_sa. tolerance = 1, sa_iterations = 1000, initial_temperature = 3.0, cooling_rate = 0.999
26 - INFO - chord#: 80 done. best_score=27.0, changed=519, unchanged=466, early_stops=8/8
26 - INFO - chord#: 82 In build_straw_man_chord_sa. tolerance = 1, sa_iterations = 1000, initial_temperature = 3.0, cooling_rate = 0.999
26 - INFO - chord#: 80 done. best_score=27.0, changed=530, unchanged=429, early_stops=8/8
26 - INFO - chord#: 82 In build_straw_man_chord_sa. tolerance = 1, sa_iterations = 1000, initial_temperature = 3.0, cooling_rate = 0.999
26 - INFO - chord#: 82 done. best_score=67.0, changed=609, unchanged=295, early_stops=8/8
26 - INFO - chord#: 84 In build_straw_man_chord_sa. tolerance = 1, sa_iterations = 1000, initial_temperature = 3.0, cooling_rate = 0.999
26 - INFO - chord#: 82 done. best_score=67.0, changed=612, unchanged=307, early_stops=8/8
26 - INFO - chord#: 84 In build_straw_man_chord_sa. tolerance = 1, sa_iterations = 1000, initial_temperature = 3.0, cooling_rate = 0.999
26 - INFO - chord#: 74 done. best_score=162.0, changed=611, unchanged=340, early_stops=8/8
26 - INFO - chord#: 76 In build_straw_man_chord_sa. tolerance = 1, sa_iterations = 1000, initial_temperature = 3.0, cooling_rate = 0.999
26 - INFO - chord#: 80 done. best_score=27.0, changed=526, unchanged=501, early_stops=8/8
26 - INFO - chord#: 82 In build_straw_man_chord_sa. tolerance = 1, sa_iterations = 1000, initial_temperature = 3.0, cooling_rate = 0.999
26 - INFO - chord#: 82 done. best_score=67.0, changed=612, unchanged=449, early_stops=8/8
26 - INFO - chord#: 84 In build_straw_man_chord_sa. tolerance = 1, sa_iterations = 1000, initial_temperature = 3.0, cooling_rate = 0.999
26 - INFO - chord#: 84 done. best_score=36.0, changed=518, unchanged=361, early_stops=8/8
26 - INFO - chord#: 86 In build_straw_man_chord_sa. tolerance = 1, sa_iterations = 1000, initial_temperature = 3.0, cooling_rate = 0.999
26 - INFO - chord#: 70 done. best_score=70.0, changed=616, unchanged=357, early_stops=8/8
26 - INFO - chord#: 72 In build_straw_man_chord_sa. tolerance = 1, sa_iterations = 1000, initial_temperature = 3.0, cooling_rate = 0.999
26 - INFO - chord#: 74 done. best_score=135.0, changed=607, unchanged=229, early_stops=8/8
26 - INFO - chord#: 76 In build_straw_man_chord_sa. tolerance = 1, sa_iterations = 1000, initial_temperature = 3.0, cooling_rate = 0.999
26 - INFO - chord#: 74 done. best_score=127.0, changed=611, unchanged=262, early_stops=8/8
26 - INFO - chord#: 76 In build_straw_man_chord_sa. tolerance = 1, sa_iterations = 1000, initial_temperature = 3.0, cooling_rate = 0.999
26 - INFO - chord#: 84 done. best_score=36.0, changed=526, unchanged=437, early_stops=8/8
26 - INFO - chord#: 86 In build_straw_man_chord_sa. tolerance = 1, sa_iterations = 1000, initial_temperature = 3.0, cooling_rate = 0.999
26 - INFO - chord#: 72 done. best_score=11.0, changed=486, unchanged=344, early_stops=8/8
26 - INFO - chord#: 74 In build_straw_man_chord_sa. tolerance = 1, sa_iterations = 1000, initial_temperature = 3.0, cooling_rate = 0.999
26 - INFO - chord#: 78 done. best_score=82.0, changed=612, unchanged=422, early_stops=8/8
26 - INFO - chord#: 80 In build_straw_man_chord_sa. tolerance = 1, sa_iterations = 1000, initial_temperature = 3.0, cooling_rate = 0.999
26 - INFO - chord#: 84 done. best_score=36.0, changed=525, unchanged=372, early_stops=8/8
26 - INFO - chord#: 86 In build_straw_man_chord_sa. tolerance = 1, sa_iterations = 1000, initial_temperature = 3.0, cooling_rate = 0.999
26 - INFO - chord#: 82 done. best_score=125.0, changed=610, unchanged=240, early_stops=8/8
26 - INFO - chord#: 84 In build_straw_man_chord_sa. tolerance = 1, sa_iterations = 1000, initial_temperature = 3.0, cooling_rate = 0.999
26 - INFO - chord#: 82 done. best_score=67.0, changed=609, unchanged=231, early_stops=8/8
26 - INFO - chord#: 84 In build_straw_man_chord_sa. tolerance = 1, sa_iterations = 1000, initial_temperature = 3.0, cooling_rate = 0.999
26 - INFO - chord#: 76 done. best_score=27.0, changed=526, unchanged=371, early_stops=8/8
26 - INFO - chord#: 78 In build_straw_man_chord_sa. tolerance = 1, sa_iterations = 1000, initial_temperature = 3.0, cooling_rate = 0.999
26 - INFO - chord#: 70 done. best_score=70.0, changed=615, unchanged=389, early_stops=8/8
26 - INFO - chord#: 72 In build_straw_man_chord_sa. tolerance = 1, sa_iterations = 1000, initial_temperature = 3.0, cooling_rate = 0.999
26 - INFO - chord#: 76 done. best_score=27.0, changed=515, unchanged=309, early_stops=8/8
26 - INFO - chord#: 78 In build_straw_man_chord_sa. tolerance = 1, sa_iterations = 1000, initial_temperature = 3.0, cooling_rate = 0.999
26 - INFO - chord#: 76 done. best_score=36.0, changed=515, unchanged=339, early_stops=8/8
26 - INFO - chord#: 78 In build_straw_man_chord_sa. tolerance = 1, sa_iterations = 1000, initial_temperature = 3.0, cooling_rate = 0.999
26 - INFO - chord#: 72 done. best_score=11.0, changed=494, unchanged=322, early_stops=8/8
26 - INFO - chord#: 74 In build_straw_man_chord_sa. tolerance = 1, sa_iterations = 1000, initial_temperature = 3.0, cooling_rate = 0.999
26 - INFO - chord#: 80 done. best_score=27.0, changed=517, unchanged=390, early_stops=8/8
26 - INFO - chord#: 82 In build_straw_man_chord_sa. tolerance = 1, sa_iterations = 1000, initial_temperature = 3.0, cooling_rate = 0.999
26 - INFO - chord#: 84 done. best_score=36.0, changed=528, unchanged=344, early_stops=8/8
26 - INFO - chord#: 86 In build_straw_man_chord_sa. tolerance = 1, sa_iterations = 1000, initial_temperature = 3.0, cooling_rate = 0.999
26 - INFO - chord#: 84 done. best_score=36.0, changed=527, unchanged=347, early_stops=8/8
26 - INFO - chord#: 86 In build_straw_man_chord_sa. tolerance = 1, sa_iterations = 1000, initial_temperature = 3.0, cooling_rate = 0.999
26 - INFO - chord#: 82 done. best_score=67.0, changed=610, unchanged=252, early_stops=8/8
26 - INFO - chord#: 84 In build_straw_man_chord_sa. tolerance = 1, sa_iterations = 1000, initial_temperature = 3.0, cooling_rate = 0.999
26 - INFO - chord#: 86 done. best_score=105.0, changed=613, unchanged=337, early_stops=8/8
26 - INFO - chord#: 88 In build_straw_man_chord_sa. tolerance = 1, sa_iterations = 1000, initial_temperature = 3.0, cooling_rate = 0.999
26 - INFO - chord#: 86 done. best_score=136.0, changed=613, unchanged=429, early_stops=8/8
26 - INFO - chord#: 88 In build_straw_man_chord_sa. tolerance = 1, sa_iterations = 1000, initial_temperature = 3.0, cooling_rate = 0.999
26 - INFO - chord#: 74 done. best_score=131.0, changed=608, unchanged=290, early_stops=8/8
26 - INFO - chord#: 76 In build_straw_man_chord_sa. tolerance = 1, sa_iterations = 1000, initial_temperature = 3.0, cooling_rate = 0.999
26 - INFO - chord#: 86 done. best_score=161.0, changed=616, unchanged=304, early_stops=8/8
26 - INFO - chord#: 88 In build_straw_man_chord_sa. tolerance = 1, sa_iterations = 1000, initial_temperature = 3.0, cooling_rate = 0.999
26 - INFO - chord#: 78 done. best_score=146.0, changed=616, unchanged=236, early_stops=8/8
26 - INFO - chord#: 80 In build_straw_man_chord_sa. tolerance = 1, sa_iterations = 1000, initial_temperature = 3.0, cooling_rate = 0.999
26 - INFO - chord#: 84 done. best_score=36.0, changed=527, unchanged=359, early_stops=8/8
26 - INFO - chord#: 86 In build_straw_man_chord_sa. tolerance = 1, sa_iterations = 1000, initial_temperature = 3.0, cooling_rate = 0.999
26 - INFO - chord#: 78 done. best_score=82.0, changed=613, unchanged=201, early_stops=8/8
26 - INFO - chord#: 80 In build_straw_man_chord_sa. tolerance = 1, sa_iterations = 1000, initial_temperature = 3.0, cooling_rate = 0.999
26 - INFO - chord#: 88 done. best_score=27.0, changed=525, unchanged=508, early_stops=8/8
26 - INFO - chord#: 90 In build_straw_man_chord_sa. tolerance = 1, sa_iterations = 1000, initial_temperature = 3.0, cooling_rate = 0.999
26 - INFO - chord#: 82 done. best_score=145.0, changed=608, unchanged=335, early_stops=8/8
26 - INFO - chord#: 84 In build_straw_man_chord_sa. tolerance = 1, sa_iterations = 1000, initial_temperature = 3.0, cooling_rate = 0.999
26 - INFO - chord#: 74 done. best_score=127.0, changed=609, unchanged=290, early_stops=8/8
26 - INFO - chord#: 76 In build_straw_man_chord_sa. tolerance = 1, sa_iterations = 1000, initial_temperature = 3.0, cooling_rate = 0.999
26 - INFO - chord#: 88 done. best_score=27.0, changed=526, unchanged=440, early_stops=8/8
26 - INFO - chord#: 90 In build_straw_man_chord_sa. tolerance = 1, sa_iterations = 1000, initial_temperature = 3.0, cooling_rate = 0.999
26 - INFO - chord#: 78 done. best_score=82.0, changed=612, unchanged=364, early_stops=8/8
26 - INFO - chord#: 80 In build_straw_man_chord_sa. tolerance = 1, sa_iterations = 1000, initial_temperature = 3.0, cooling_rate = 0.999
26 - INFO - chord#: 76 done. best_score=27.0, changed=539, unchanged=399, early_stops=8/8
26 - INFO - chord#: 78 In build_straw_man_chord_sa. tolerance = 1, sa_iterations = 1000, initial_temperature = 3.0, cooling_rate = 0.999
26 - INFO - chord#: 88 done. best_score=27.0, changed=528, unchanged=600, early_stops=8/8
26 - INFO - chord#: 90 In build_straw_man_chord_sa. tolerance = 1, sa_iterations = 1000, initial_temperature = 3.0, cooling_rate = 0.999
26 - INFO - chord#: 86 done. best_score=135.0, changed=607, unchanged=348, early_stops=8/8
26 - INFO - chord#: 88 In build_straw_man_chord_sa. tolerance = 1, sa_iterations = 1000, initial_temperature = 3.0, cooling_rate = 0.999
26 - INFO - chord#: 86 done. best_score=136.0, changed=613, unchanged=417, early_stops=8/8
26 - INFO - chord#: 88 In build_straw_man_chord_sa. tolerance = 1, sa_iterations = 1000, initial_temperature = 3.0, cooling_rate = 0.999
26 - INFO - chord#: 80 done. best_score=27.0, changed=529, unchanged=490, early_stops=8/8
26 - INFO - chord#: 82 In build_straw_man_chord_sa. tolerance = 1, sa_iterations = 1000, initial_temperature = 3.0, cooling_rate = 0.999
26 - INFO - chord#: 84 done. best_score=36.0, changed=519, unchanged=474, early_stops=8/8
26 - INFO - chord#: 86 In build_straw_man_chord_sa. tolerance = 1, sa_iterations = 1000, initial_temperature = 3.0, cooling_rate = 0.999
26 - INFO - chord#: 80 done. best_score=27.0, changed=522, unchanged=366, early_stops=8/8
26 - INFO - chord#: 82 In build_straw_man_chord_sa. tolerance = 1, sa_iterations = 1000, initial_temperature = 3.0, cooling_rate = 0.999
26 - INFO - chord#: 76 done. best_score=27.0, changed=517, unchanged=334, early_stops=8/8
26 - INFO - chord#: 78 In build_straw_man_chord_sa. tolerance = 1, sa_iterations = 1000, initial_temperature = 3.0, cooling_rate = 0.999
26 - INFO - chord#: 88 done. best_score=27.0, changed=532, unchanged=503, early_stops=8/8
26 - INFO - chord#: 80 done. best_score=27.0, changed=519, unchanged=445, early_stops=8/8
26 - INFO - chord#: 90 In build_straw_man_chord_sa. tolerance = 1, sa_iterations = 1000, initial_temperature = 3.0, cooling_rate = 0.999
26 - INFO - chord#: 82 In build_straw_man_chord_sa. tolerance = 1, sa_iterations = 1000, initial_temperature = 3.0, cooling_rate = 0.999
26 - INFO - chord#: 88 done. best_score=27.0, changed=514, unchanged=445, early_stops=8/8
26 - INFO - chord#: 90 In build_straw_man_chord_sa. tolerance = 1, sa_iterations = 1000, initial_temperature = 3.0, cooling_rate = 0.999
26 - INFO - chord#: 90 done. best_score=70.0, changed=615, unchanged=239, early_stops=8/8
26 - INFO - chord#: 92 In build_straw_man_chord_sa. tolerance = 1, sa_iterations = 1000, initial_temperature = 3.0, cooling_rate = 0.999
26 - INFO - chord#: 90 done. best_score=145.0, changed=611, unchanged=254, early_stops=8/8
26 - INFO - chord#: 92 In build_straw_man_chord_sa. tolerance = 1, sa_iterations = 1000, initial_temperature = 3.0, cooling_rate = 0.999
26 - INFO - chord#: 92 done. best_score=27.0, changed=525, unchanged=513, early_stops=8/8
26 - INFO - chord#: 96 In build_straw_man_chord_sa. tolerance = 1, sa_iterations = 1000, initial_temperature = 3.0, cooling_rate = 0.999
26 - INFO - chord#: 86 done. best_score=136.0, changed=613, unchanged=343, early_stops=8/8
26 - INFO - chord#: 88 In build_straw_man_chord_sa. tolerance = 1, sa_iterations = 1000, initial_temperature = 3.0, cooling_rate = 0.999
26 - INFO - chord#: 90 done. best_score=111.0, changed=611, unchanged=382, early_stops=8/8
26 - INFO - chord#: 92 In build_straw_man_chord_sa. tolerance = 1, sa_iterations = 1000, initial_temperature = 3.0, cooling_rate = 0.999
26 - INFO - chord#: 82 done. best_score=131.0, changed=608, unchanged=288, early_stops=8/8
26 - INFO - chord#: 84 In build_straw_man_chord_sa. tolerance = 1, sa_iterations = 1000, initial_temperature = 3.0, cooling_rate = 0.999
26 - INFO - chord#: 78 done. best_score=120.0, changed=612, unchanged=338, early_stops=8/8
26 - INFO - chord#: 80 In build_straw_man_chord_sa. tolerance = 1, sa_iterations = 1000, initial_temperature = 3.0, cooling_rate = 0.999
26 - INFO - chord#: 86 done. best_score=183.0, changed=607, unchanged=230, early_stops=8/8
26 - INFO - chord#: 88 In build_straw_man_chord_sa. tolerance = 1, sa_iterations = 1000, initial_temperature = 3.0, cooling_rate = 0.999
26 - INFO - chord#: 92 done. best_score=27.0, changed=529, unchanged=335, early_stops=8/8
26 - INFO - chord#: 96 In build_straw_man_chord_sa. tolerance = 1, sa_iterations = 1000, initial_temperature = 3.0, cooling_rate = 0.999
26 - INFO - chord#: 90 done. best_score=75.0, changed=610, unchanged=242, early_stops=8/8
26 - INFO - chord#: 92 In build_straw_man_chord_sa. tolerance = 1, sa_iterations = 1000, initial_temperature = 3.0, cooling_rate = 0.999
26 - INFO - chord#: 90 done. best_score=70.0, changed=614, unchanged=247, early_stops=8/8
26 - INFO - chord#: 92 In build_straw_man_chord_sa. tolerance = 1, sa_iterations = 1000, initial_temperature = 3.0, cooling_rate = 0.999
26 - INFO - chord#: 96 done. best_score=27.0, changed=517, unchanged=411, early_stops=8/8
26 - INFO - chord#: 98 In build_straw_man_chord_sa. tolerance = 1, sa_iterations = 1000, initial_temperature = 3.0, cooling_rate = 0.999
26 - INFO - chord#: 84 done. best_score=36.0, changed=527, unchanged=368, early_stops=8/8
26 - INFO - chord#: 86 In build_straw_man_chord_sa. tolerance = 1, sa_iterations = 1000, initial_temperature = 3.0, cooling_rate = 0.999
26 - INFO - chord#: 82 done. best_score=145.0, changed=611, unchanged=230, early_stops=8/8
26 - INFO - chord#: 84 In build_straw_man_chord_sa. tolerance = 1, sa_iterations = 1000, initial_temperature = 3.0, cooling_rate = 0.999
26 - INFO - chord#: 88 done. best_score=27.0, changed=516, unchanged=347, early_stops=8/8
26 - INFO - chord#: 90 In build_straw_man_chord_sa. tolerance = 1, sa_iterations = 1000, initial_temperature = 3.0, cooling_rate = 0.999
26 - INFO - chord#: 88 done. best_score=27.0, changed=529, unchanged=664, early_stops=8/8
26 - INFO - chord#: 90 In build_straw_man_chord_sa. tolerance = 1, sa_iterations = 1000, initial_temperature = 3.0, cooling_rate = 0.999
26 - INFO - chord#: 92 done. best_score=27.0, changed=519, unchanged=356, early_stops=8/8
26 - INFO - chord#: 96 In build_straw_man_chord_sa. tolerance = 1, sa_iterations = 1000, initial_temperature = 3.0, cooling_rate = 0.999
26 - INFO - chord#: 78 done. best_score=82.0, changed=614, unchanged=334, early_stops=8/8
26 - INFO - chord#: 80 In build_straw_man_chord_sa. tolerance = 1, sa_iterations = 1000, initial_temperature = 3.0, cooling_rate = 0.999
26 - INFO - chord#: 96 done. best_score=27.0, changed=533, unchanged=440, early_stops=8/8
26 - INFO - chord#: 98 In build_straw_man_chord_sa. tolerance = 1, sa_iterations = 1000, initial_temperature = 3.0, cooling_rate = 0.999
26 - INFO - chord#: 92 done. best_score=27.0, changed=518, unchanged=388, early_stops=8/8
26 - INFO - chord#: 96 In build_straw_man_chord_sa. tolerance = 1, sa_iterations = 1000, initial_temperature = 3.0, cooling_rate = 0.999
26 - INFO - chord#: 92 done. best_score=27.0, changed=515, unchanged=366, early_stops=8/8
26 - INFO - chord#: 96 In build_straw_man_chord_sa. tolerance = 1, sa_iterations = 1000, initial_temperature = 3.0, cooling_rate = 0.999
26 - INFO - chord#: 80 done. best_score=27.0, changed=526, unchanged=517, early_stops=8/8
26 - INFO - chord#: 82 In build_straw_man_chord_sa. tolerance = 1, sa_iterations = 1000, initial_temperature = 3.0, cooling_rate = 0.999
26 - INFO - chord#: 82 done. best_score=78.0, changed=620, unchanged=509, early_stops=8/8
26 - INFO - chord#: 84 In build_straw_man_chord_sa. tolerance = 1, sa_iterations = 1000, initial_temperature = 3.0, cooling_rate = 0.999
26 - INFO - chord#: 96 done. best_score=27.0, changed=515, unchanged=350, early_stops=8/8
26 - INFO - chord#: 98 In build_straw_man_chord_sa. tolerance = 1, sa_iterations = 1000, initial_temperature = 3.0, cooling_rate = 0.999
26 - INFO - chord#: 84 done. best_score=36.0, changed=527, unchanged=417, early_stops=8/8
26 - INFO - chord#: 86 In build_straw_man_chord_sa. tolerance = 1, sa_iterations = 1000, initial_temperature = 3.0, cooling_rate = 0.999
26 - INFO - chord#: 96 done. best_score=27.0, changed=527, unchanged=370, early_stops=8/8
26 - INFO - chord#: 98 In build_straw_man_chord_sa. tolerance = 1, sa_iterations = 1000, initial_temperature = 3.0, cooling_rate = 0.999
26 - INFO - chord#: 80 done. best_score=27.0, changed=524, unchanged=408, early_stops=8/8
26 - INFO - chord#: 82 In build_straw_man_chord_sa. tolerance = 1, sa_iterations = 1000, initial_temperature = 3.0, cooling_rate = 0.999
26 - INFO - chord#: 96 done. best_score=27.0, changed=526, unchanged=423, early_stops=8/8
26 - INFO - chord#: 98 In build_straw_man_chord_sa. tolerance = 1, sa_iterations = 1000, initial_temperature = 3.0, cooling_rate = 0.999
26 - INFO - chord#: 84 done. best_score=36.0, changed=519, unchanged=344, early_stops=8/8
26 - INFO - chord#: 86 In build_straw_man_chord_sa. tolerance = 1, sa_iterations = 1000, initial_temperature = 3.0, cooling_rate = 0.999
26 - INFO - chord#: 98 done. best_score=64.0, changed=622, unchanged=392, early_stops=8/8
26 - INFO - chord#: 100 In build_straw_man_chord_sa. tolerance = 1, sa_iterations = 1000, initial_temperature = 3.0, cooling_rate = 0.999
26 - INFO - chord#: 98 done. best_score=64.0, changed=610, unchanged=235, early_stops=8/8
26 - INFO - chord#: 100 In build_straw_man_chord_sa. tolerance = 1, sa_iterations = 1000, initial_temperature = 3.0, cooling_rate = 0.999
26 - INFO - chord#: 90 done. best_score=70.0, changed=610, unchanged=429, early_stops=8/8
26 - INFO - chord#: 92 In build_straw_man_chord_sa. tolerance = 1, sa_iterations = 1000, initial_temperature = 3.0, cooling_rate = 0.999
26 - INFO - chord#: 86 done. best_score=136.0, changed=614, unchanged=397, early_stops=8/8
26 - INFO - chord#: 88 In build_straw_man_chord_sa. tolerance = 1, sa_iterations = 1000, initial_temperature = 3.0, cooling_rate = 0.999
26 - INFO - chord#: 100 done. best_score=27.0, changed=522, unchanged=400, early_stops=8/8
26 - INFO - chord#: 102 In build_straw_man_chord_sa. tolerance = 1, sa_iterations = 1000, initial_temperature = 3.0, cooling_rate = 0.999
26 - INFO - chord#: 90 done. best_score=104.0, changed=616, unchanged=347, early_stops=8/8
26 - INFO - chord#: 92 In build_straw_man_chord_sa. tolerance = 1, sa_iterations = 1000, initial_temperature = 3.0, cooling_rate = 0.999
26 - INFO - chord#: 100 done. best_score=27.0, changed=518, unchanged=344, early_stops=8/8
26 - INFO - chord#: 102 In build_straw_man_chord_sa. tolerance = 1, sa_iterations = 1000, initial_temperature = 3.0, cooling_rate = 0.999
26 - INFO - chord#: 82 done. best_score=78.0, changed=609, unchanged=297, early_stops=8/8
26 - INFO - chord#: 84 In build_straw_man_chord_sa. tolerance = 1, sa_iterations = 1000, initial_temperature = 3.0, cooling_rate = 0.999
26 - INFO - chord#: 98 done. best_score=64.0, changed=615, unchanged=286, early_stops=8/8
26 - INFO - chord#: 100 In build_straw_man_chord_sa. tolerance = 1, sa_iterations = 1000, initial_temperature = 3.0, cooling_rate = 0.999
26 - INFO - chord#: 92 done. best_score=27.0, changed=524, unchanged=473, early_stops=8/8
26 - INFO - chord#: 96 In build_straw_man_chord_sa. tolerance = 1, sa_iterations = 1000, initial_temperature = 3.0, cooling_rate = 0.999
26 - INFO - chord#: 88 done. best_score=27.0, changed=526, unchanged=400, early_stops=8/8
26 - INFO - chord#: 90 In build_straw_man_chord_sa. tolerance = 1, sa_iterations = 1000, initial_temperature = 3.0, cooling_rate = 0.999
26 - INFO - chord#: 98 done. best_score=146.0, changed=612, unchanged=379, early_stops=8/8
26 - INFO - chord#: 100 In build_straw_man_chord_sa. tolerance = 1, sa_iterations = 1000, initial_temperature = 3.0, cooling_rate = 0.999
26 - INFO - chord#: 102 done. best_score=35.0, changed=523, unchanged=420, early_stops=8/8
26 - INFO - chord#: 104 In build_straw_man_chord_sa. tolerance = 1, sa_iterations = 1000, initial_temperature = 3.0, cooling_rate = 0.999
26 - INFO - chord#: 98 done. best_score=64.0, changed=612, unchanged=254, early_stops=8/8
26 - INFO - chord#: 100 In build_straw_man_chord_sa. tolerance = 1, sa_iterations = 1000, initial_temperature = 3.0, cooling_rate = 0.999
26 - INFO - chord#: 102 done. best_score=35.0, changed=522, unchanged=450, early_stops=8/8
26 - INFO - chord#: 104 In build_straw_man_chord_sa. tolerance = 1, sa_iterations = 1000, initial_temperature = 3.0, cooling_rate = 0.999
26 - INFO - chord#: 92 done. best_score=27.0, changed=520, unchanged=483, early_stops=8/8
26 - INFO - chord#: 96 In build_straw_man_chord_sa. tolerance = 1, sa_iterations = 1000, initial_temperature = 3.0, cooling_rate = 0.999
26 - INFO - chord#: 86 done. best_score=141.0, changed=609, unchanged=283, early_stops=8/8
26 - INFO - chord#: 88 In build_straw_man_chord_sa. tolerance = 1, sa_iterations = 1000, initial_temperature = 3.0, cooling_rate = 0.999
26 - INFO - chord#: 100 done. best_score=27.0, changed=522, unchanged=304, early_stops=8/8
26 - INFO - chord#: 102 In build_straw_man_chord_sa. tolerance = 1, sa_iterations = 1000, initial_temperature = 3.0, cooling_rate = 0.999
26 - INFO - chord#: 96 done. best_score=27.0, changed=524, unchanged=422, early_stops=8/8
26 - INFO - chord#: 98 In build_straw_man_chord_sa. tolerance = 1, sa_iterations = 1000, initial_temperature = 3.0, cooling_rate = 0.999
26 - INFO - chord#: 100 done. best_score=27.0, changed=522, unchanged=387, early_stops=8/8
26 - INFO - chord#: 102 In build_straw_man_chord_sa. tolerance = 1, sa_iterations = 1000, initial_temperature = 3.0, cooling_rate = 0.999
26 - INFO - chord#: 82 done. best_score=119.0, changed=608, unchanged=354, early_stops=8/8
26 - INFO - chord#: 84 In build_straw_man_chord_sa. tolerance = 1, sa_iterations = 1000, initial_temperature = 3.0, cooling_rate = 0.999
26 - INFO - chord#: 86 done. best_score=136.0, changed=608, unchanged=314, early_stops=8/8
26 - INFO - chord#: 88 In build_straw_man_chord_sa. tolerance = 1, sa_iterations = 1000, initial_temperature = 3.0, cooling_rate = 0.999
26 - INFO - chord#: 84 done. best_score=36.0, changed=526, unchanged=478, early_stops=8/8
26 - INFO - chord#: 86 In build_straw_man_chord_sa. tolerance = 1, sa_iterations = 1000, initial_temperature = 3.0, cooling_rate = 0.999
26 - INFO - chord#: 104 done. best_score=27.0, changed=521, unchanged=365, early_stops=8/8
26 - INFO - chord#: 106 In build_straw_man_chord_sa. tolerance = 1, sa_iterations = 1000, initial_temperature = 3.0, cooling_rate = 0.999
26 - INFO - chord#: 100 done. best_score=27.0, changed=525, unchanged=349, early_stops=8/8
26 - INFO - chord#: 102 In build_straw_man_chord_sa. tolerance = 1, sa_iterations = 1000, initial_temperature = 3.0, cooling_rate = 0.999
26 - INFO - chord#: 104 done. best_score=27.0, changed=523, unchanged=472, early_stops=8/8
26 - INFO - chord#: 106 In build_straw_man_chord_sa. tolerance = 1, sa_iterations = 1000, initial_temperature = 3.0, cooling_rate = 0.999
26 - INFO - chord#: 90 done. best_score=70.0, changed=609, unchanged=259, early_stops=8/8
26 - INFO - chord#: 92 In build_straw_man_chord_sa. tolerance = 1, sa_iterations = 1000, initial_temperature = 3.0, cooling_rate = 0.999
26 - INFO - chord#: 102 done. best_score=35.0, changed=519, unchanged=471, early_stops=8/8
26 - INFO - chord#: 104 In build_straw_man_chord_sa. tolerance = 1, sa_iterations = 1000, initial_temperature = 3.0, cooling_rate = 0.999
26 - INFO - chord#: 102 done. best_score=35.0, changed=516, unchanged=339, early_stops=8/8
26 - INFO - chord#: 104 In build_straw_man_chord_sa. tolerance = 1, sa_iterations = 1000, initial_temperature = 3.0, cooling_rate = 0.999
26 - INFO - chord#: 88 done. best_score=27.0, changed=528, unchanged=502, early_stops=8/8
26 - INFO - chord#: 90 In build_straw_man_chord_sa. tolerance = 1, sa_iterations = 1000, initial_temperature = 3.0, cooling_rate = 0.999
26 - INFO - chord#: 96 done. best_score=27.0, changed=530, unchanged=426, early_stops=8/8
26 - INFO - chord#: 98 In build_straw_man_chord_sa. tolerance = 1, sa_iterations = 1000, initial_temperature = 3.0, cooling_rate = 0.999
26 - INFO - chord#: 88 done. best_score=27.0, changed=524, unchanged=506, early_stops=8/8
26 - INFO - chord#: 90 In build_straw_man_chord_sa. tolerance = 1, sa_iterations = 1000, initial_temperature = 3.0, cooling_rate = 0.999
26 - INFO - chord#: 84 done. best_score=36.0, changed=524, unchanged=333, early_stops=8/8
26 - INFO - chord#: 86 In build_straw_man_chord_sa. tolerance = 1, sa_iterations = 1000, initial_temperature = 3.0, cooling_rate = 0.999
26 - INFO - chord#: 106 done. best_score=27.0, changed=527, unchanged=394, early_stops=8/8
26 - INFO - chord#: 108 In build_straw_man_chord_sa. tolerance = 1, sa_iterations = 1000, initial_temperature = 3.0, cooling_rate = 0.999
26 - INFO - chord#: 106 done. best_score=27.0, changed=526, unchanged=344, early_stops=8/8
26 - INFO - chord#: 108 In build_straw_man_chord_sa. tolerance = 1, sa_iterations = 1000, initial_temperature = 3.0, cooling_rate = 0.999
26 - INFO - chord#: 92 done. best_score=27.0, changed=523, unchanged=396, early_stops=8/8
26 - INFO - chord#: 96 In build_straw_man_chord_sa. tolerance = 1, sa_iterations = 1000, initial_temperature = 3.0, cooling_rate = 0.999
26 - INFO - chord#: 104 done. best_score=27.0, changed=521, unchanged=445, early_stops=8/8
26 - INFO - chord#: 106 In build_straw_man_chord_sa. tolerance = 1, sa_iterations = 1000, initial_temperature = 3.0, cooling_rate = 0.999
26 - INFO - chord#: 102 done. best_score=35.0, changed=513, unchanged=402, early_stops=8/8
26 - INFO - chord#: 104 In build_straw_man_chord_sa. tolerance = 1, sa_iterations = 1000, initial_temperature = 3.0, cooling_rate = 0.999
26 - INFO - chord#: 104 done. best_score=27.0, changed=512, unchanged=352, early_stops=8/8
26 - INFO - chord#: 106 In build_straw_man_chord_sa. tolerance = 1, sa_iterations = 1000, initial_temperature = 3.0, cooling_rate = 0.999
26 - INFO - chord#: 98 done. best_score=64.0, changed=613, unchanged=365, early_stops=8/8
26 - INFO - chord#: 100 In build_straw_man_chord_sa. tolerance = 1, sa_iterations = 1000, initial_temperature = 3.0, cooling_rate = 0.999
26 - INFO - chord#: 108 done. best_score=27.0, changed=513, unchanged=441, early_stops=8/8
26 - INFO - chord#: 110 In build_straw_man_chord_sa. tolerance = 1, sa_iterations = 1000, initial_temperature = 3.0, cooling_rate = 0.999
26 - INFO - chord#: 108 done. best_score=27.0, changed=516, unchanged=408, early_stops=8/8
26 - INFO - chord#: 110 In build_straw_man_chord_sa. tolerance = 1, sa_iterations = 1000, initial_temperature = 3.0, cooling_rate = 0.999
26 - INFO - chord#: 106 done. best_score=27.0, changed=528, unchanged=400, early_stops=8/8
26 - INFO - chord#: 108 In build_straw_man_chord_sa. tolerance = 1, sa_iterations = 1000, initial_temperature = 3.0, cooling_rate = 0.999
26 - INFO - chord#: 106 done. best_score=27.0, changed=530, unchanged=303, early_stops=8/8
26 - INFO - chord#: 108 In build_straw_man_chord_sa. tolerance = 1, sa_iterations = 1000, initial_temperature = 3.0, cooling_rate = 0.999
26 - INFO - chord#: 96 done. best_score=27.0, changed=520, unchanged=365, early_stops=8/8
26 - INFO - chord#: 98 In build_straw_man_chord_sa. tolerance = 1, sa_iterations = 1000, initial_temperature = 3.0, cooling_rate = 0.999
26 - INFO - chord#: 100 done. best_score=27.0, changed=526, unchanged=396, early_stops=8/8
26 - INFO - chord#: 102 In build_straw_man_chord_sa. tolerance = 1, sa_iterations = 1000, initial_temperature = 3.0, cooling_rate = 0.999
26 - INFO - chord#: 104 done. best_score=27.0, changed=525, unchanged=388, early_stops=8/8
26 - INFO - chord#: 106 In build_straw_man_chord_sa. tolerance = 1, sa_iterations = 1000, initial_temperature = 3.0, cooling_rate = 0.999
26 - INFO - chord#: 90 done. best_score=111.0, changed=613, unchanged=265, early_stops=8/8
26 - INFO - chord#: 92 In build_straw_man_chord_sa. tolerance = 1, sa_iterations = 1000, initial_temperature = 3.0, cooling_rate = 0.999
26 - INFO - chord#: 108 done. best_score=27.0, changed=521, unchanged=329, early_stops=8/8
26 - INFO - chord#: 110 In build_straw_man_chord_sa. tolerance = 1, sa_iterations = 1000, initial_temperature = 3.0, cooling_rate = 0.999
26 - INFO - chord#: 98 done. best_score=64.0, changed=610, unchanged=247, early_stops=8/8
26 - INFO - chord#: 100 In build_straw_man_chord_sa. tolerance = 1, sa_iterations = 1000, initial_temperature = 3.0, cooling_rate = 0.999
26 - INFO - chord#: 108 done. best_score=27.0, changed=521, unchanged=391, early_stops=8/8
26 - INFO - chord#: 110 In build_straw_man_chord_sa. tolerance = 1, sa_iterations = 1000, initial_temperature = 3.0, cooling_rate = 0.999
26 - INFO - chord#: 90 done. best_score=70.0, changed=608, unchanged=284, early_stops=8/8
26 - INFO - chord#: 92 In build_straw_man_chord_sa. tolerance = 1, sa_iterations = 1000, initial_temperature = 3.0, cooling_rate = 0.999
26 - INFO - chord#: 86 done. best_score=105.0, changed=617, unchanged=523, early_stops=8/8
26 - INFO - chord#: 88 In build_straw_man_chord_sa. tolerance = 1, sa_iterations = 1000, initial_temperature = 3.0, cooling_rate = 0.999
26 - INFO - chord#: 102 done. best_score=35.0, changed=524, unchanged=474, early_stops=8/8
26 - INFO - chord#: 104 In build_straw_man_chord_sa. tolerance = 1, sa_iterations = 1000, initial_temperature = 3.0, cooling_rate = 0.999
26 - INFO - chord#: 86 done. best_score=137.0, changed=615, unchanged=306, early_stops=8/8
26 - INFO - chord#: 88 In build_straw_man_chord_sa. tolerance = 1, sa_iterations = 1000, initial_temperature = 3.0, cooling_rate = 0.999
26 - INFO - chord#: 106 done. best_score=27.0, changed=529, unchanged=410, early_stops=8/8
26 - INFO - chord#: 108 In build_straw_man_chord_sa. tolerance = 1, sa_iterations = 1000, initial_temperature = 3.0, cooling_rate = 0.999
26 - INFO - chord#: 110 done. best_score=67.0, changed=609, unchanged=305, early_stops=8/8
26 - INFO - chord#: 112 In build_straw_man_chord_sa. tolerance = 1, sa_iterations = 1000, initial_temperature = 3.0, cooling_rate = 0.999
26 - INFO - chord#: 98 done. best_score=64.0, changed=609, unchanged=215, early_stops=8/8
26 - INFO - chord#: 100 In build_straw_man_chord_sa. tolerance = 1, sa_iterations = 1000, initial_temperature = 3.0, cooling_rate = 0.999
26 - INFO - chord#: 110 done. best_score=140.0, changed=611, unchanged=331, early_stops=8/8
26 - INFO - chord#: 112 In build_straw_man_chord_sa. tolerance = 1, sa_iterations = 1000, initial_temperature = 3.0, cooling_rate = 0.999
26 - INFO - chord#: 100 done. best_score=27.0, changed=525, unchanged=490, early_stops=8/8
26 - INFO - chord#: 102 In build_straw_man_chord_sa. tolerance = 1, sa_iterations = 1000, initial_temperature = 3.0, cooling_rate = 0.999
26 - INFO - chord#: 92 done. best_score=27.0, changed=530, unchanged=459, early_stops=8/8
26 - INFO - chord#: 96 In build_straw_man_chord_sa. tolerance = 1, sa_iterations = 1000, initial_temperature = 3.0, cooling_rate = 0.999
26 - INFO - chord#: 92 done. best_score=27.0, changed=524, unchanged=371, early_stops=8/8
26 - INFO - chord#: 96 In build_straw_man_chord_sa. tolerance = 1, sa_iterations = 1000, initial_temperature = 3.0, cooling_rate = 0.999
26 - INFO - chord#: 104 done. best_score=27.0, changed=516, unchanged=439, early_stops=8/8
26 - INFO - chord#: 106 In build_straw_man_chord_sa. tolerance = 1, sa_iterations = 1000, initial_temperature = 3.0, cooling_rate = 0.999
26 - INFO - chord#: 88 done. best_score=27.0, changed=514, unchanged=347, early_stops=8/8
26 - INFO - chord#: 90 In build_straw_man_chord_sa. tolerance = 1, sa_iterations = 1000, initial_temperature = 3.0, cooling_rate = 0.999
26 - INFO - chord#: 112 done. best_score=27.0, changed=527, unchanged=424, early_stops=8/8
26 - INFO - chord#: 114 In build_straw_man_chord_sa. tolerance = 1, sa_iterations = 1000, initial_temperature = 3.0, cooling_rate = 0.999
26 - INFO - chord#: 100 done. best_score=27.0, changed=517, unchanged=416, early_stops=8/8
26 - INFO - chord#: 102 In build_straw_man_chord_sa. tolerance = 1, sa_iterations = 1000, initial_temperature = 3.0, cooling_rate = 0.999
26 - INFO - chord#: 88 done. best_score=27.0, changed=520, unchanged=545, early_stops=8/8
26 - INFO - chord#: 90 In build_straw_man_chord_sa. tolerance = 1, sa_iterations = 1000, initial_temperature = 3.0, cooling_rate = 0.999
26 - INFO - chord#: 108 done. best_score=27.0, changed=521, unchanged=476, early_stops=8/8
26 - INFO - chord#: 110 In build_straw_man_chord_sa. tolerance = 1, sa_iterations = 1000, initial_temperature = 3.0, cooling_rate = 0.999
26 - INFO - chord#: 110 done. best_score=137.0, changed=614, unchanged=335, early_stops=8/8
26 - INFO - chord#: 112 In build_straw_man_chord_sa. tolerance = 1, sa_iterations = 1000, initial_temperature = 3.0, cooling_rate = 0.999
26 - INFO - chord#: 112 done. best_score=27.0, changed=524, unchanged=619, early_stops=8/8
26 - INFO - chord#: 114 In build_straw_man_chord_sa. tolerance = 1, sa_iterations = 1000, initial_temperature = 3.0, cooling_rate = 0.999
26 - INFO - chord#: 102 done. best_score=35.0, changed=519, unchanged=326, early_stops=8/8
26 - INFO - chord#: 104 In build_straw_man_chord_sa. tolerance = 1, sa_iterations = 1000, initial_temperature = 3.0, cooling_rate = 0.999
26 - INFO - chord#: 96 done. best_score=27.0, changed=522, unchanged=346, early_stops=8/8
26 - INFO - chord#: 98 In build_straw_man_chord_sa. tolerance = 1, sa_iterations = 1000, initial_temperature = 3.0, cooling_rate = 0.999
26 - INFO - chord#: 106 done. best_score=27.0, changed=522, unchanged=388, early_stops=8/8
26 - INFO - chord#: 108 In build_straw_man_chord_sa. tolerance = 1, sa_iterations = 1000, initial_temperature = 3.0, cooling_rate = 0.999
26 - INFO - chord#: 110 done. best_score=140.0, changed=613, unchanged=391, early_stops=8/8
26 - INFO - chord#: 112 In build_straw_man_chord_sa. tolerance = 1, sa_iterations = 1000, initial_temperature = 3.0, cooling_rate = 0.999
26 - INFO - chord#: 96 done. best_score=27.0, changed=531, unchanged=367, early_stops=8/8
26 - INFO - chord#: 98 In build_straw_man_chord_sa. tolerance = 1, sa_iterations = 1000, initial_temperature = 3.0, cooling_rate = 0.999
26 - INFO - chord#: 114 done. best_score=27.0, changed=515, unchanged=381, early_stops=8/8
26 - INFO - chord#: 116 In build_straw_man_chord_sa. tolerance = 1, sa_iterations = 1000, initial_temperature = 3.0, cooling_rate = 0.999
26 - INFO - chord#: 102 done. best_score=35.0, changed=516, unchanged=351, early_stops=8/8
26 - INFO - chord#: 104 In build_straw_man_chord_sa. tolerance = 1, sa_iterations = 1000, initial_temperature = 3.0, cooling_rate = 0.999
26 - INFO - chord#: 112 done. best_score=27.0, changed=519, unchanged=423, early_stops=8/8
26 - INFO - chord#: 114 In build_straw_man_chord_sa. tolerance = 1, sa_iterations = 1000, initial_temperature = 3.0, cooling_rate = 0.999
26 - INFO - chord#: 114 done. best_score=27.0, changed=524, unchanged=487, early_stops=8/8
26 - INFO - chord#: 116 In build_straw_man_chord_sa. tolerance = 1, sa_iterations = 1000, initial_temperature = 3.0, cooling_rate = 0.999
26 - INFO - chord#: 108 done. best_score=27.0, changed=520, unchanged=422, early_stops=8/8
26 - INFO - chord#: 110 In build_straw_man_chord_sa. tolerance = 1, sa_iterations = 1000, initial_temperature = 3.0, cooling_rate = 0.999
26 - INFO - chord#: 104 done. best_score=27.0, changed=521, unchanged=404, early_stops=8/8
26 - INFO - chord#: 106 In build_straw_man_chord_sa. tolerance = 1, sa_iterations = 1000, initial_temperature = 3.0, cooling_rate = 0.999
26 - INFO - chord#: 112 done. best_score=27.0, changed=539, unchanged=564, early_stops=8/8
26 - INFO - chord#: 114 In build_straw_man_chord_sa. tolerance = 1, sa_iterations = 1000, initial_temperature = 3.0, cooling_rate = 0.999
26 - INFO - chord#: 104 done. best_score=27.0, changed=522, unchanged=405, early_stops=8/8
26 - INFO - chord#: 106 In build_straw_man_chord_sa. tolerance = 1, sa_iterations = 1000, initial_temperature = 3.0, cooling_rate = 0.999
26 - INFO - chord#: 90 done. best_score=103.0, changed=610, unchanged=210, early_stops=8/8
26 - INFO - chord#: 92 In build_straw_man_chord_sa. tolerance = 1, sa_iterations = 1000, initial_temperature = 3.0, cooling_rate = 0.999
26 - INFO - chord#: 116 done. best_score=27.0, changed=527, unchanged=569, early_stops=8/8
26 - INFO - chord#: 118 In build_straw_man_chord_sa. tolerance = 1, sa_iterations = 1000, initial_temperature = 3.0, cooling_rate = 0.999
26 - INFO - chord#: 114 done. best_score=27.0, changed=522, unchanged=392, early_stops=8/8
26 - INFO - chord#: 116 In build_straw_man_chord_sa. tolerance = 1, sa_iterations = 1000, initial_temperature = 3.0, cooling_rate = 0.999
26 - INFO - chord#: 116 done. best_score=27.0, changed=518, unchanged=386, early_stops=8/8
26 - INFO - chord#: 118 In build_straw_man_chord_sa. tolerance = 1, sa_iterations = 1000, initial_temperature = 3.0, cooling_rate = 0.999
26 - INFO - chord#: 90 done. best_score=111.0, changed=611, unchanged=229, early_stops=8/8
26 - INFO - chord#: 92 In build_straw_man_chord_sa. tolerance = 1, sa_iterations = 1000, initial_temperature = 3.0, cooling_rate = 0.999
26 - INFO - chord#: 106 done. best_score=27.0, changed=518, unchanged=314, early_stops=8/8
26 - INFO - chord#: 106 done. best_score=27.0, changed=530, unchanged=379, early_stops=8/8
26 - INFO - chord#: 108 In build_straw_man_chord_sa. tolerance = 1, sa_iterations = 1000, initial_temperature = 3.0, cooling_rate = 0.999
26 - INFO - chord#: 108 In build_straw_man_chord_sa. tolerance = 1, sa_iterations = 1000, initial_temperature = 3.0, cooling_rate = 0.999
26 - INFO - chord#: 114 done. best_score=27.0, changed=526, unchanged=484, early_stops=8/8
26 - INFO - chord#: 116 In build_straw_man_chord_sa. tolerance = 1, sa_iterations = 1000, initial_temperature = 3.0, cooling_rate = 0.999
26 - INFO - chord#: 110 done. best_score=67.0, changed=612, unchanged=337, early_stops=8/8
26 - INFO - chord#: 112 In build_straw_man_chord_sa. tolerance = 1, sa_iterations = 1000, initial_temperature = 3.0, cooling_rate = 0.999
26 - INFO - chord#: 98 done. best_score=64.0, changed=614, unchanged=305, early_stops=8/8
26 - INFO - chord#: 100 In build_straw_man_chord_sa. tolerance = 1, sa_iterations = 1000, initial_temperature = 3.0, cooling_rate = 0.999
26 - INFO - chord#: 116 done. best_score=27.0, changed=521, unchanged=387, early_stops=8/8
26 - INFO - chord#: 118 In build_straw_man_chord_sa. tolerance = 1, sa_iterations = 1000, initial_temperature = 3.0, cooling_rate = 0.999
26 - INFO - chord#: 92 done. best_score=27.0, changed=522, unchanged=339, early_stops=8/8
26 - INFO - chord#: 96 In build_straw_man_chord_sa. tolerance = 1, sa_iterations = 1000, initial_temperature = 3.0, cooling_rate = 0.999
26 - INFO - chord#: 92 done. best_score=27.0, changed=516, unchanged=405, early_stops=8/8
26 - INFO - chord#: 96 In build_straw_man_chord_sa. tolerance = 1, sa_iterations = 1000, initial_temperature = 3.0, cooling_rate = 0.999
26 - INFO - chord#: 108 done. best_score=36.0, changed=520, unchanged=383, early_stops=8/8
26 - INFO - chord#: 110 In build_straw_man_chord_sa. tolerance = 1, sa_iterations = 1000, initial_temperature = 3.0, cooling_rate = 0.999
26 - INFO - chord#: 110 done. best_score=67.0, changed=613, unchanged=390, early_stops=8/8
26 - INFO - chord#: 112 In build_straw_man_chord_sa. tolerance = 1, sa_iterations = 1000, initial_temperature = 3.0, cooling_rate = 0.999
26 - INFO - chord#: 116 done. best_score=27.0, changed=537, unchanged=462, early_stops=8/8
26 - INFO - chord#: 118 In build_straw_man_chord_sa. tolerance = 1, sa_iterations = 1000, initial_temperature = 3.0, cooling_rate = 0.999
26 - INFO - chord#: 98 done. best_score=104.0, changed=619, unchanged=502, early_stops=8/8
26 - INFO - chord#: 100 In build_straw_man_chord_sa. tolerance = 1, sa_iterations = 1000, initial_temperature = 3.0, cooling_rate = 0.999
26 - INFO - chord#: 100 done. best_score=27.0, changed=517, unchanged=350, early_stops=8/8
26 - INFO - chord#: 102 In build_straw_man_chord_sa. tolerance = 1, sa_iterations = 1000, initial_temperature = 3.0, cooling_rate = 0.999
26 - INFO - chord#: 108 done. best_score=27.0, changed=517, unchanged=479, early_stops=8/8
26 - INFO - chord#: 110 In build_straw_man_chord_sa. tolerance = 1, sa_iterations = 1000, initial_temperature = 3.0, cooling_rate = 0.999
26 - INFO - chord#: 96 done. best_score=27.0, changed=519, unchanged=314, early_stops=8/8
26 - INFO - chord#: 98 In build_straw_man_chord_sa. tolerance = 1, sa_iterations = 1000, initial_temperature = 3.0, cooling_rate = 0.999
26 - INFO - chord#: 112 done. best_score=27.0, changed=519, unchanged=437, early_stops=8/8
26 - INFO - chord#: 114 In build_straw_man_chord_sa. tolerance = 1, sa_iterations = 1000, initial_temperature = 3.0, cooling_rate = 0.999
26 - INFO - chord#: 118 done. best_score=88.0, changed=609, unchanged=347, early_stops=8/8
26 - INFO - chord#: 120 In build_straw_man_chord_sa. tolerance = 1, sa_iterations = 1000, initial_temperature = 3.0, cooling_rate = 0.999
26 - INFO - chord#: 96 done. best_score=27.0, changed=522, unchanged=360, early_stops=8/8
26 - INFO - chord#: 98 In build_straw_man_chord_sa. tolerance = 1, sa_iterations = 1000, initial_temperature = 3.0, cooling_rate = 0.999
26 - INFO - chord#: 112 done. best_score=27.0, changed=527, unchanged=406, early_stops=8/8
26 - INFO - chord#: 114 In build_straw_man_chord_sa. tolerance = 1, sa_iterations = 1000, initial_temperature = 3.0, cooling_rate = 0.999
26 - INFO - chord#: 100 done. best_score=27.0, changed=522, unchanged=382, early_stops=8/8
26 - INFO - chord#: 102 In build_straw_man_chord_sa. tolerance = 1, sa_iterations = 1000, initial_temperature = 3.0, cooling_rate = 0.999
26 - INFO - chord#: 120 done. best_score=27.0, changed=523, unchanged=331, early_stops=8/8
26 - INFO - chord#: 122 In build_straw_man_chord_sa. tolerance = 1, sa_iterations = 1000, initial_temperature = 3.0, cooling_rate = 0.999
26 - INFO - chord#: 118 done. best_score=88.0, changed=616, unchanged=515, early_stops=8/8
26 - INFO - chord#: 120 In build_straw_man_chord_sa. tolerance = 1, sa_iterations = 1000, initial_temperature = 3.0, cooling_rate = 0.999
26 - INFO - chord#: 102 done. best_score=35.0, changed=522, unchanged=406, early_stops=8/8
26 - INFO - chord#: 104 In build_straw_man_chord_sa. tolerance = 1, sa_iterations = 1000, initial_temperature = 3.0, cooling_rate = 0.999
26 - INFO - chord#: 118 done. best_score=88.0, changed=615, unchanged=354, early_stops=8/8
26 - INFO - chord#: 120 In build_straw_man_chord_sa. tolerance = 1, sa_iterations = 1000, initial_temperature = 3.0, cooling_rate = 0.999
26 - INFO - chord#: 114 done. best_score=27.0, changed=520, unchanged=384, early_stops=8/8
26 - INFO - chord#: 116 In build_straw_man_chord_sa. tolerance = 1, sa_iterations = 1000, initial_temperature = 3.0, cooling_rate = 0.999
26 - INFO - chord#: 114 done. best_score=27.0, changed=525, unchanged=421, early_stops=8/8
26 - INFO - chord#: 116 In build_straw_man_chord_sa. tolerance = 1, sa_iterations = 1000, initial_temperature = 3.0, cooling_rate = 0.999
26 - INFO - chord#: 118 done. best_score=135.0, changed=611, unchanged=311, early_stops=8/8
26 - INFO - chord#: 120 In build_straw_man_chord_sa. tolerance = 1, sa_iterations = 1000, initial_temperature = 3.0, cooling_rate = 0.999
26 - INFO - chord#: 120 done. best_score=27.0, changed=516, unchanged=324, early_stops=8/8
26 - INFO - chord#: 122 In build_straw_man_chord_sa. tolerance = 1, sa_iterations = 1000, initial_temperature = 3.0, cooling_rate = 0.999
26 - INFO - chord#: 110 done. best_score=67.0, changed=620, unchanged=469, early_stops=8/8
26 - INFO - chord#: 112 In build_straw_man_chord_sa. tolerance = 1, sa_iterations = 1000, initial_temperature = 3.0, cooling_rate = 0.999
26 - INFO - chord#: 102 done. best_score=35.0, changed=523, unchanged=409, early_stops=8/8
26 - INFO - chord#: 104 In build_straw_man_chord_sa. tolerance = 1, sa_iterations = 1000, initial_temperature = 3.0, cooling_rate = 0.999
26 - INFO - chord#: 120 done. best_score=27.0, changed=539, unchanged=512, early_stops=8/8
26 - INFO - chord#: 122 In build_straw_man_chord_sa. tolerance = 1, sa_iterations = 1000, initial_temperature = 3.0, cooling_rate = 0.999
26 - INFO - chord#: 104 done. best_score=27.0, changed=516, unchanged=441, early_stops=8/8
26 - INFO - chord#: 106 In build_straw_man_chord_sa. tolerance = 1, sa_iterations = 1000, initial_temperature = 3.0, cooling_rate = 0.999
26 - INFO - chord#: 116 done. best_score=27.0, changed=522, unchanged=370, early_stops=8/8
26 - INFO - chord#: 118 In build_straw_man_chord_sa. tolerance = 1, sa_iterations = 1000, initial_temperature = 3.0, cooling_rate = 0.999
26 - INFO - chord#: 110 done. best_score=67.0, changed=615, unchanged=359, early_stops=8/8
26 - INFO - chord#: 112 In build_straw_man_chord_sa. tolerance = 1, sa_iterations = 1000, initial_temperature = 3.0, cooling_rate = 0.999
26 - INFO - chord#: 120 done. best_score=27.0, changed=519, unchanged=397, early_stops=8/8
26 - INFO - chord#: 122 In build_straw_man_chord_sa. tolerance = 1, sa_iterations = 1000, initial_temperature = 3.0, cooling_rate = 0.999
26 - INFO - chord#: 116 done. best_score=27.0, changed=527, unchanged=366, early_stops=8/8
26 - INFO - chord#: 118 In build_straw_man_chord_sa. tolerance = 1, sa_iterations = 1000, initial_temperature = 3.0, cooling_rate = 0.999
26 - INFO - chord#: 98 done. best_score=64.0, changed=623, unchanged=417, early_stops=8/8
26 - INFO - chord#: 100 In build_straw_man_chord_sa. tolerance = 1, sa_iterations = 1000, initial_temperature = 3.0, cooling_rate = 0.999
26 - INFO - chord#: 98 done. best_score=64.0, changed=611, unchanged=316, early_stops=8/8
26 - INFO - chord#: 100 In build_straw_man_chord_sa. tolerance = 1, sa_iterations = 1000, initial_temperature = 3.0, cooling_rate = 0.999
26 - INFO - chord#: 122 done. best_score=125.0, changed=613, unchanged=310, early_stops=8/8
26 - INFO - chord#: 124 In build_straw_man_chord_sa. tolerance = 1, sa_iterations = 1000, initial_temperature = 3.0, cooling_rate = 0.999
26 - INFO - chord#: 104 done. best_score=27.0, changed=513, unchanged=385, early_stops=8/8
26 - INFO - chord#: 106 In build_straw_man_chord_sa. tolerance = 1, sa_iterations = 1000, initial_temperature = 3.0, cooling_rate = 0.999
26 - INFO - chord#: 112 done. best_score=27.0, changed=530, unchanged=583, early_stops=8/8
26 - INFO - chord#: 114 In build_straw_man_chord_sa. tolerance = 1, sa_iterations = 1000, initial_temperature = 3.0, cooling_rate = 0.999
26 - INFO - chord#: 106 done. best_score=27.0, changed=541, unchanged=399, early_stops=8/8
26 - INFO - chord#: 108 In build_straw_man_chord_sa. tolerance = 1, sa_iterations = 1000, initial_temperature = 3.0, cooling_rate = 0.999
26 - INFO - chord#: 112 done. best_score=27.0, changed=522, unchanged=420, early_stops=8/8
26 - INFO - chord#: 114 In build_straw_man_chord_sa. tolerance = 1, sa_iterations = 1000, initial_temperature = 3.0, cooling_rate = 0.999
26 - INFO - chord#: 122 done. best_score=67.0, changed=610, unchanged=270, early_stops=8/8
26 - INFO - chord#: 124 In build_straw_man_chord_sa. tolerance = 1, sa_iterations = 1000, initial_temperature = 3.0, cooling_rate = 0.999
26 - INFO - chord#: 100 done. best_score=27.0, changed=518, unchanged=411, early_stops=8/8
26 - INFO - chord#: 102 In build_straw_man_chord_sa. tolerance = 1, sa_iterations = 1000, initial_temperature = 3.0, cooling_rate = 0.999
26 - INFO - chord#: 100 done. best_score=27.0, changed=521, unchanged=391, early_stops=8/8
26 - INFO - chord#: 102 In build_straw_man_chord_sa. tolerance = 1, sa_iterations = 1000, initial_temperature = 3.0, cooling_rate = 0.999
26 - INFO - chord#: 114 done. best_score=27.0, changed=517, unchanged=373, early_stops=8/8
26 - INFO - chord#: 116 In build_straw_man_chord_sa. tolerance = 1, sa_iterations = 1000, initial_temperature = 3.0, cooling_rate = 0.999
26 - INFO - chord#: 122 done. best_score=165.0, changed=608, unchanged=297, early_stops=8/8
26 - INFO - chord#: 124 In build_straw_man_chord_sa. tolerance = 1, sa_iterations = 1000, initial_temperature = 3.0, cooling_rate = 0.999
26 - INFO - chord#: 106 done. best_score=27.0, changed=519, unchanged=381, early_stops=8/8
26 - INFO - chord#: 108 In build_straw_man_chord_sa. tolerance = 1, sa_iterations = 1000, initial_temperature = 3.0, cooling_rate = 0.999
26 - INFO - chord#: 124 done. best_score=27.0, changed=523, unchanged=542, early_stops=8/8
26 - INFO - chord#: 128 In build_straw_man_chord_sa. tolerance = 1, sa_iterations = 1000, initial_temperature = 3.0, cooling_rate = 0.999
26 - INFO - chord#: 118 done. best_score=105.0, changed=606, unchanged=203, early_stops=8/8
26 - INFO - chord#: 120 In build_straw_man_chord_sa. tolerance = 1, sa_iterations = 1000, initial_temperature = 3.0, cooling_rate = 0.999
26 - INFO - chord#: 108 done. best_score=27.0, changed=516, unchanged=340, early_stops=8/8
26 - INFO - chord#: 110 In build_straw_man_chord_sa. tolerance = 1, sa_iterations = 1000, initial_temperature = 3.0, cooling_rate = 0.999
26 - INFO - chord#: 124 done. best_score=27.0, changed=514, unchanged=408, early_stops=8/8
26 - INFO - chord#: 128 In build_straw_man_chord_sa. tolerance = 1, sa_iterations = 1000, initial_temperature = 3.0, cooling_rate = 0.999
26 - INFO - chord#: 122 done. best_score=125.0, changed=613, unchanged=403, early_stops=8/8
26 - INFO - chord#: 124 In build_straw_man_chord_sa. tolerance = 1, sa_iterations = 1000, initial_temperature = 3.0, cooling_rate = 0.999
26 - INFO - chord#: 102 done. best_score=35.0, changed=511, unchanged=314, early_stops=8/8
26 - INFO - chord#: 104 In build_straw_man_chord_sa. tolerance = 1, sa_iterations = 1000, initial_temperature = 3.0, cooling_rate = 0.999
26 - INFO - chord#: 114 done. best_score=27.0, changed=525, unchanged=447, early_stops=8/8
26 - INFO - chord#: 116 In build_straw_man_chord_sa. tolerance = 1, sa_iterations = 1000, initial_temperature = 3.0, cooling_rate = 0.999
26 - INFO - chord#: 116 done. best_score=27.0, changed=524, unchanged=504, early_stops=8/8
26 - INFO - chord#: 118 In build_straw_man_chord_sa. tolerance = 1, sa_iterations = 1000, initial_temperature = 3.0, cooling_rate = 0.999
26 - INFO - chord#: 102 done. best_score=35.0, changed=522, unchanged=470, early_stops=8/8
26 - INFO - chord#: 104 In build_straw_man_chord_sa. tolerance = 1, sa_iterations = 1000, initial_temperature = 3.0, cooling_rate = 0.999
26 - INFO - chord#: 124 done. best_score=27.0, changed=528, unchanged=472, early_stops=8/8
26 - INFO - chord#: 128 In build_straw_man_chord_sa. tolerance = 1, sa_iterations = 1000, initial_temperature = 3.0, cooling_rate = 0.999
26 - INFO - chord#: 118 done. best_score=132.0, changed=614, unchanged=340, early_stops=8/8
26 - INFO - chord#: 120 In build_straw_man_chord_sa. tolerance = 1, sa_iterations = 1000, initial_temperature = 3.0, cooling_rate = 0.999
26 - INFO - chord#: 120 done. best_score=27.0, changed=524, unchanged=442, early_stops=8/8
26 - INFO - chord#: 122 In build_straw_man_chord_sa. tolerance = 1, sa_iterations = 1000, initial_temperature = 3.0, cooling_rate = 0.999
26 - INFO - chord#: 108 done. best_score=27.0, changed=523, unchanged=486, early_stops=8/8
26 - INFO - chord#: 110 In build_straw_man_chord_sa. tolerance = 1, sa_iterations = 1000, initial_temperature = 3.0, cooling_rate = 0.999
26 - INFO - chord#: 124 done. best_score=27.0, changed=514, unchanged=360, early_stops=8/8
26 - INFO - chord#: 128 In build_straw_man_chord_sa. tolerance = 1, sa_iterations = 1000, initial_temperature = 3.0, cooling_rate = 0.999
26 - INFO - chord#: 104 done. best_score=27.0, changed=514, unchanged=387, early_stops=8/8
26 - INFO - chord#: 106 In build_straw_man_chord_sa. tolerance = 1, sa_iterations = 1000, initial_temperature = 3.0, cooling_rate = 0.999
26 - INFO - chord#: 116 done. best_score=27.0, changed=515, unchanged=393, early_stops=8/8
26 - INFO - chord#: 118 In build_straw_man_chord_sa. tolerance = 1, sa_iterations = 1000, initial_temperature = 3.0, cooling_rate = 0.999
26 - INFO - chord#: 120 done. best_score=27.0, changed=524, unchanged=380, early_stops=8/8
26 - INFO - chord#: 122 In build_straw_man_chord_sa. tolerance = 1, sa_iterations = 1000, initial_temperature = 3.0, cooling_rate = 0.999
26 - INFO - chord#: 104 done. best_score=27.0, changed=533, unchanged=407, early_stops=8/8
26 - INFO - chord#: 106 In build_straw_man_chord_sa. tolerance = 1, sa_iterations = 1000, initial_temperature = 3.0, cooling_rate = 0.999
26 - INFO - chord#: 128 done. best_score=140.0, changed=609, unchanged=346, early_stops=8/8
26 - INFO - chord#: 132 In build_straw_man_chord_sa. tolerance = 1, sa_iterations = 1000, initial_temperature = 3.0, cooling_rate = 0.999
26 - INFO - chord#: 128 done. best_score=140.0, changed=611, unchanged=287, early_stops=8/8
26 - INFO - chord#: 132 In build_straw_man_chord_sa. tolerance = 1, sa_iterations = 1000, initial_temperature = 3.0, cooling_rate = 0.999
26 - INFO - chord#: 110 done. best_score=67.0, changed=614, unchanged=308, early_stops=8/8
26 - INFO - chord#: 112 In build_straw_man_chord_sa. tolerance = 1, sa_iterations = 1000, initial_temperature = 3.0, cooling_rate = 0.999
26 - INFO - chord#: 106 done. best_score=27.0, changed=529, unchanged=352, early_stops=8/8
26 - INFO - chord#: 108 In build_straw_man_chord_sa. tolerance = 1, sa_iterations = 1000, initial_temperature = 3.0, cooling_rate = 0.999
26 - INFO - chord#: 122 done. best_score=175.0, changed=613, unchanged=304, early_stops=8/8
26 - INFO - chord#: 124 In build_straw_man_chord_sa. tolerance = 1, sa_iterations = 1000, initial_temperature = 3.0, cooling_rate = 0.999
26 - INFO - chord#: 128 done. best_score=140.0, changed=611, unchanged=294, early_stops=8/8
26 - INFO - chord#: 132 In build_straw_man_chord_sa. tolerance = 1, sa_iterations = 1000, initial_temperature = 3.0, cooling_rate = 0.999
26 - INFO - chord#: 106 done. best_score=27.0, changed=522, unchanged=289, early_stops=8/8
26 - INFO - chord#: 108 In build_straw_man_chord_sa. tolerance = 1, sa_iterations = 1000, initial_temperature = 3.0, cooling_rate = 0.999
26 - INFO - chord#: 132 done. best_score=27.0, changed=523, unchanged=446, early_stops=8/8
26 - INFO - chord#: 136 In build_straw_man_chord_sa. tolerance = 1, sa_iterations = 1000, initial_temperature = 3.0, cooling_rate = 0.999
26 - INFO - chord#: 118 done. best_score=88.0, changed=617, unchanged=371, early_stops=8/8
26 - INFO - chord#: 120 In build_straw_man_chord_sa. tolerance = 1, sa_iterations = 1000, initial_temperature = 3.0, cooling_rate = 0.999
26 - INFO - chord#: 128 done. best_score=140.0, changed=611, unchanged=299, early_stops=8/8
26 - INFO - chord#: 132 In build_straw_man_chord_sa. tolerance = 1, sa_iterations = 1000, initial_temperature = 3.0, cooling_rate = 0.999
26 - INFO - chord#: 132 done. best_score=27.0, changed=521, unchanged=492, early_stops=8/8
26 - INFO - chord#: 136 In build_straw_man_chord_sa. tolerance = 1, sa_iterations = 1000, initial_temperature = 3.0, cooling_rate = 0.999
26 - INFO - chord#: 112 done. best_score=27.0, changed=525, unchanged=394, early_stops=8/8
26 - INFO - chord#: 114 In build_straw_man_chord_sa. tolerance = 1, sa_iterations = 1000, initial_temperature = 3.0, cooling_rate = 0.999
26 - INFO - chord#: 110 done. best_score=145.0, changed=613, unchanged=340, early_stops=8/8
26 - INFO - chord#: 112 In build_straw_man_chord_sa. tolerance = 1, sa_iterations = 1000, initial_temperature = 3.0, cooling_rate = 0.999
26 - INFO - chord#: 132 done. best_score=27.0, changed=516, unchanged=401, early_stops=8/8
26 - INFO - chord#: 136 In build_straw_man_chord_sa. tolerance = 1, sa_iterations = 1000, initial_temperature = 3.0, cooling_rate = 0.999
26 - INFO - chord#: 120 done. best_score=27.0, changed=522, unchanged=351, early_stops=8/8
26 - INFO - chord#: 122 In build_straw_man_chord_sa. tolerance = 1, sa_iterations = 1000, initial_temperature = 3.0, cooling_rate = 0.999
26 - INFO - chord#: 136 done. best_score=27.0, changed=518, unchanged=365, early_stops=8/8
26 - INFO - chord#: 138 In build_straw_man_chord_sa. tolerance = 1, sa_iterations = 1000, initial_temperature = 3.0, cooling_rate = 0.999
26 - INFO - chord#: 124 done. best_score=27.0, changed=520, unchanged=377, early_stops=8/8
26 - INFO - chord#: 128 In build_straw_man_chord_sa. tolerance = 1, sa_iterations = 1000, initial_temperature = 3.0, cooling_rate = 0.999
26 - INFO - chord#: 108 done. best_score=27.0, changed=522, unchanged=518, early_stops=8/8
26 - INFO - chord#: 110 In build_straw_man_chord_sa. tolerance = 1, sa_iterations = 1000, initial_temperature = 3.0, cooling_rate = 0.999
26 - INFO - chord#: 108 done. best_score=27.0, changed=518, unchanged=324, early_stops=8/8
26 - INFO - chord#: 110 In build_straw_man_chord_sa. tolerance = 1, sa_iterations = 1000, initial_temperature = 3.0, cooling_rate = 0.999
26 - INFO - chord#: 136 done. best_score=27.0, changed=525, unchanged=340, early_stops=8/8
26 - INFO - chord#: 138 In build_straw_man_chord_sa. tolerance = 1, sa_iterations = 1000, initial_temperature = 3.0, cooling_rate = 0.999
26 - INFO - chord#: 132 done. best_score=27.0, changed=525, unchanged=468, early_stops=8/8
26 - INFO - chord#: 136 In build_straw_man_chord_sa. tolerance = 1, sa_iterations = 1000, initial_temperature = 3.0, cooling_rate = 0.999
26 - INFO - chord#: 122 done. best_score=67.0, changed=611, unchanged=260, early_stops=8/8
26 - INFO - chord#: 124 In build_straw_man_chord_sa. tolerance = 1, sa_iterations = 1000, initial_temperature = 3.0, cooling_rate = 0.999
26 - INFO - chord#: 118 done. best_score=143.0, changed=611, unchanged=321, early_stops=8/8
26 - INFO - chord#: 120 In build_straw_man_chord_sa. tolerance = 1, sa_iterations = 1000, initial_temperature = 3.0, cooling_rate = 0.999
26 - INFO - chord#: 136 done. best_score=27.0, changed=527, unchanged=410, early_stops=8/8
26 - INFO - chord#: 138 In build_straw_man_chord_sa. tolerance = 1, sa_iterations = 1000, initial_temperature = 3.0, cooling_rate = 0.999
26 - INFO - chord#: 114 done. best_score=27.0, changed=517, unchanged=417, early_stops=8/8
26 - INFO - chord#: 116 In build_straw_man_chord_sa. tolerance = 1, sa_iterations = 1000, initial_temperature = 3.0, cooling_rate = 0.999
26 - INFO - chord#: 112 done. best_score=27.0, changed=518, unchanged=477, early_stops=8/8
26 - INFO - chord#: 114 In build_straw_man_chord_sa. tolerance = 1, sa_iterations = 1000, initial_temperature = 3.0, cooling_rate = 0.999
26 - INFO - chord#: 136 done. best_score=27.0, changed=522, unchanged=387, early_stops=8/8
26 - INFO - chord#: 138 In build_straw_man_chord_sa. tolerance = 1, sa_iterations = 1000, initial_temperature = 3.0, cooling_rate = 0.999
26 - INFO - chord#: 120 done. best_score=27.0, changed=527, unchanged=328, early_stops=8/8
26 - INFO - chord#: 122 In build_straw_man_chord_sa. tolerance = 1, sa_iterations = 1000, initial_temperature = 3.0, cooling_rate = 0.999
26 - INFO - chord#: 124 done. best_score=27.0, changed=522, unchanged=411, early_stops=8/8
26 - INFO - chord#: 128 In build_straw_man_chord_sa. tolerance = 1, sa_iterations = 1000, initial_temperature = 3.0, cooling_rate = 0.999
26 - INFO - chord#: 138 done. best_score=78.0, changed=610, unchanged=294, early_stops=8/8
26 - INFO - chord#: 140 In build_straw_man_chord_sa. tolerance = 1, sa_iterations = 1000, initial_temperature = 3.0, cooling_rate = 0.999
26 - INFO - chord#: 122 done. best_score=137.0, changed=619, unchanged=350, early_stops=8/8
26 - INFO - chord#: 124 In build_straw_man_chord_sa. tolerance = 1, sa_iterations = 1000, initial_temperature = 3.0, cooling_rate = 0.999
26 - INFO - chord#: 128 done. best_score=140.0, changed=618, unchanged=344, early_stops=8/8
26 - INFO - chord#: 132 In build_straw_man_chord_sa. tolerance = 1, sa_iterations = 1000, initial_temperature = 3.0, cooling_rate = 0.999
26 - INFO - chord#: 116 done. best_score=27.0, changed=522, unchanged=405, early_stops=8/8
26 - INFO - chord#: 118 In build_straw_man_chord_sa. tolerance = 1, sa_iterations = 1000, initial_temperature = 3.0, cooling_rate = 0.999
26 - INFO - chord#: 114 done. best_score=27.0, changed=523, unchanged=483, early_stops=8/8
26 - INFO - chord#: 116 In build_straw_man_chord_sa. tolerance = 1, sa_iterations = 1000, initial_temperature = 3.0, cooling_rate = 0.999
26 - INFO - chord#: 138 done. best_score=67.0, changed=610, unchanged=400, early_stops=8/8
26 - INFO - chord#: 140 In build_straw_man_chord_sa. tolerance = 1, sa_iterations = 1000, initial_temperature = 3.0, cooling_rate = 0.999
26 - INFO - chord#: 110 done. best_score=142.0, changed=609, unchanged=259, early_stops=8/8
26 - INFO - chord#: 112 In build_straw_man_chord_sa. tolerance = 1, sa_iterations = 1000, initial_temperature = 3.0, cooling_rate = 0.999
26 - INFO - chord#: 140 done. best_score=61.0, changed=527, unchanged=292, early_stops=8/8
26 - INFO - chord#: 142 In build_straw_man_chord_sa. tolerance = 1, sa_iterations = 1000, initial_temperature = 3.0, cooling_rate = 0.999
26 - INFO - chord#: 138 done. best_score=78.0, changed=610, unchanged=404, early_stops=8/8
26 - INFO - chord#: 140 In build_straw_man_chord_sa. tolerance = 1, sa_iterations = 1000, initial_temperature = 3.0, cooling_rate = 0.999
26 - INFO - chord#: 124 done. best_score=27.0, changed=519, unchanged=452, early_stops=8/8
26 - INFO - chord#: 128 In build_straw_man_chord_sa. tolerance = 1, sa_iterations = 1000, initial_temperature = 3.0, cooling_rate = 0.999
26 - INFO - chord#: 110 done. best_score=67.0, changed=617, unchanged=512, early_stops=8/8
26 - INFO - chord#: 112 In build_straw_man_chord_sa. tolerance = 1, sa_iterations = 1000, initial_temperature = 3.0, cooling_rate = 0.999
26 - INFO - chord#: 138 done. best_score=78.0, changed=616, unchanged=402, early_stops=8/8
26 - INFO - chord#: 140 In build_straw_man_chord_sa. tolerance = 1, sa_iterations = 1000, initial_temperature = 3.0, cooling_rate = 0.999
26 - INFO - chord#: 132 done. best_score=27.0, changed=523, unchanged=474, early_stops=8/8
26 - INFO - chord#: 136 In build_straw_man_chord_sa. tolerance = 1, sa_iterations = 1000, initial_temperature = 3.0, cooling_rate = 0.999
26 - INFO - chord#: 140 done. best_score=61.0, changed=535, unchanged=347, early_stops=8/8
26 - INFO - chord#: 142 In build_straw_man_chord_sa. tolerance = 1, sa_iterations = 1000, initial_temperature = 3.0, cooling_rate = 0.999
26 - INFO - chord#: 142 done. best_score=47.0, changed=525, unchanged=310, early_stops=8/8
26 - INFO - chord#: 144 In build_straw_man_chord_sa. tolerance = 1, sa_iterations = 1000, initial_temperature = 3.0, cooling_rate = 0.999
26 - INFO - chord#: 122 done. best_score=67.0, changed=612, unchanged=292, early_stops=8/8
26 - INFO - chord#: 124 In build_straw_man_chord_sa. tolerance = 1, sa_iterations = 1000, initial_temperature = 3.0, cooling_rate = 0.999
26 - INFO - chord#: 116 done. best_score=27.0, changed=529, unchanged=469, early_stops=8/8
26 - INFO - chord#: 118 In build_straw_man_chord_sa. tolerance = 1, sa_iterations = 1000, initial_temperature = 3.0, cooling_rate = 0.999
26 - INFO - chord#: 112 done. best_score=27.0, changed=515, unchanged=404, early_stops=8/8
26 - INFO - chord#: 114 In build_straw_man_chord_sa. tolerance = 1, sa_iterations = 1000, initial_temperature = 3.0, cooling_rate = 0.999
26 - INFO - chord#: 140 done. best_score=61.0, changed=533, unchanged=338, early_stops=8/8
26 - INFO - chord#: 142 In build_straw_man_chord_sa. tolerance = 1, sa_iterations = 1000, initial_temperature = 3.0, cooling_rate = 0.999
26 - INFO - chord#: 128 done. best_score=145.0, changed=611, unchanged=232, early_stops=8/8
26 - INFO - chord#: 132 In build_straw_man_chord_sa. tolerance = 1, sa_iterations = 1000, initial_temperature = 3.0, cooling_rate = 0.999
26 - INFO - chord#: 112 done. best_score=27.0, changed=513, unchanged=414, early_stops=8/8
26 - INFO - chord#: 114 In build_straw_man_chord_sa. tolerance = 1, sa_iterations = 1000, initial_temperature = 3.0, cooling_rate = 0.999
26 - INFO - chord#: 140 done. best_score=61.0, changed=532, unchanged=326, early_stops=8/8
26 - INFO - chord#: 142 In build_straw_man_chord_sa. tolerance = 1, sa_iterations = 1000, initial_temperature = 3.0, cooling_rate = 0.999
26 - INFO - chord#: 136 done. best_score=27.0, changed=521, unchanged=318, early_stops=8/8
26 - INFO - chord#: 138 In build_straw_man_chord_sa. tolerance = 1, sa_iterations = 1000, initial_temperature = 3.0, cooling_rate = 0.999
26 - INFO - chord#: 144 done. best_score=27.0, changed=518, unchanged=392, early_stops=8/8
26 - INFO - chord#: 146 In build_straw_man_chord_sa. tolerance = 1, sa_iterations = 1000, initial_temperature = 3.0, cooling_rate = 0.999
26 - INFO - chord#: 124 done. best_score=27.0, changed=519, unchanged=380, early_stops=8/8
26 - INFO - chord#: 128 In build_straw_man_chord_sa. tolerance = 1, sa_iterations = 1000, initial_temperature = 3.0, cooling_rate = 0.999
26 - INFO - chord#: 142 done. best_score=47.0, changed=529, unchanged=365, early_stops=8/8
26 - INFO - chord#: 144 In build_straw_man_chord_sa. tolerance = 1, sa_iterations = 1000, initial_temperature = 3.0, cooling_rate = 0.999
26 - INFO - chord#: 142 done. best_score=47.0, changed=523, unchanged=422, early_stops=8/8
26 - INFO - chord#: 144 In build_straw_man_chord_sa. tolerance = 1, sa_iterations = 1000, initial_temperature = 3.0, cooling_rate = 0.999
26 - INFO - chord#: 114 done. best_score=27.0, changed=524, unchanged=459, early_stops=8/8
26 - INFO - chord#: 116 In build_straw_man_chord_sa. tolerance = 1, sa_iterations = 1000, initial_temperature = 3.0, cooling_rate = 0.999
26 - INFO - chord#: 118 done. best_score=88.0, changed=615, unchanged=393, early_stops=8/8
26 - INFO - chord#: 120 In build_straw_man_chord_sa. tolerance = 1, sa_iterations = 1000, initial_temperature = 3.0, cooling_rate = 0.999
26 - INFO - chord#: 132 done. best_score=27.0, changed=521, unchanged=414, early_stops=8/8
26 - INFO - chord#: 136 In build_straw_man_chord_sa. tolerance = 1, sa_iterations = 1000, initial_temperature = 3.0, cooling_rate = 0.999
26 - INFO - chord#: 128 done. best_score=140.0, changed=611, unchanged=343, early_stops=8/8
26 - INFO - chord#: 132 In build_straw_man_chord_sa. tolerance = 1, sa_iterations = 1000, initial_temperature = 3.0, cooling_rate = 0.999
26 - INFO - chord#: 114 done. best_score=27.0, changed=525, unchanged=364, early_stops=8/8
26 - INFO - chord#: 116 In build_straw_man_chord_sa. tolerance = 1, sa_iterations = 1000, initial_temperature = 3.0, cooling_rate = 0.999
26 - INFO - chord#: 142 done. best_score=47.0, changed=530, unchanged=315, early_stops=8/8
26 - INFO - chord#: 144 In build_straw_man_chord_sa. tolerance = 1, sa_iterations = 1000, initial_temperature = 3.0, cooling_rate = 0.999
26 - INFO - chord#: 144 done. best_score=27.0, changed=517, unchanged=381, early_stops=8/8
26 - INFO - chord#: 146 In build_straw_man_chord_sa. tolerance = 1, sa_iterations = 1000, initial_temperature = 3.0, cooling_rate = 0.999
26 - INFO - chord#: 132 done. best_score=27.0, changed=514, unchanged=349, early_stops=8/8
26 - INFO - chord#: 136 In build_straw_man_chord_sa. tolerance = 1, sa_iterations = 1000, initial_temperature = 3.0, cooling_rate = 0.999
26 - INFO - chord#: 146 done. best_score=64.0, changed=605, unchanged=219, early_stops=8/8
26 - INFO - chord#: 148 In build_straw_man_chord_sa. tolerance = 1, sa_iterations = 1000, initial_temperature = 3.0, cooling_rate = 0.999
26 - INFO - chord#: 136 done. best_score=27.0, changed=521, unchanged=310, early_stops=8/8
26 - INFO - chord#: 138 In build_straw_man_chord_sa. tolerance = 1, sa_iterations = 1000, initial_temperature = 3.0, cooling_rate = 0.999
26 - INFO - chord#: 144 done. best_score=27.0, changed=520, unchanged=546, early_stops=8/8
26 - INFO - chord#: 146 In build_straw_man_chord_sa. tolerance = 1, sa_iterations = 1000, initial_temperature = 3.0, cooling_rate = 0.999
26 - INFO - chord#: 120 done. best_score=27.0, changed=526, unchanged=426, early_stops=8/8
26 - INFO - chord#: 122 In build_straw_man_chord_sa. tolerance = 1, sa_iterations = 1000, initial_temperature = 3.0, cooling_rate = 0.999
26 - INFO - chord#: 118 done. best_score=105.0, changed=613, unchanged=445, early_stops=8/8
26 - INFO - chord#: 120 In build_straw_man_chord_sa. tolerance = 1, sa_iterations = 1000, initial_temperature = 3.0, cooling_rate = 0.999
26 - INFO - chord#: 144 done. best_score=27.0, changed=522, unchanged=455, early_stops=8/8
26 - INFO - chord#: 146 In build_straw_man_chord_sa. tolerance = 1, sa_iterations = 1000, initial_temperature = 3.0, cooling_rate = 0.999
26 - INFO - chord#: 116 done. best_score=27.0, changed=525, unchanged=608, early_stops=8/8
26 - INFO - chord#: 118 In build_straw_man_chord_sa. tolerance = 1, sa_iterations = 1000, initial_temperature = 3.0, cooling_rate = 0.999
26 - INFO - chord#: 116 done. best_score=27.0, changed=521, unchanged=425, early_stops=8/8
26 - INFO - chord#: 118 In build_straw_man_chord_sa. tolerance = 1, sa_iterations = 1000, initial_temperature = 3.0, cooling_rate = 0.999
26 - INFO - chord#: 128 done. best_score=140.0, changed=608, unchanged=318, early_stops=8/8
26 - INFO - chord#: 132 In build_straw_man_chord_sa. tolerance = 1, sa_iterations = 1000, initial_temperature = 3.0, cooling_rate = 0.999
26 - INFO - chord#: 136 done. best_score=27.0, changed=518, unchanged=371, early_stops=8/8
26 - INFO - chord#: 138 In build_straw_man_chord_sa. tolerance = 1, sa_iterations = 1000, initial_temperature = 3.0, cooling_rate = 0.999
26 - INFO - chord#: 138 done. best_score=125.0, changed=610, unchanged=296, early_stops=8/8
26 - INFO - chord#: 140 In build_straw_man_chord_sa. tolerance = 1, sa_iterations = 1000, initial_temperature = 3.0, cooling_rate = 0.999
26 - INFO - chord#: 120 done. best_score=27.0, changed=524, unchanged=339, early_stops=8/8
26 - INFO - chord#: 122 In build_straw_man_chord_sa. tolerance = 1, sa_iterations = 1000, initial_temperature = 3.0, cooling_rate = 0.999
26 - INFO - chord#: 132 done. best_score=27.0, changed=517, unchanged=386, early_stops=8/8
26 - INFO - chord#: 136 In build_straw_man_chord_sa. tolerance = 1, sa_iterations = 1000, initial_temperature = 3.0, cooling_rate = 0.999
26 - INFO - chord#: 146 done. best_score=64.0, changed=613, unchanged=295, early_stops=8/8
26 - INFO - chord#: 148 In build_straw_man_chord_sa. tolerance = 1, sa_iterations = 1000, initial_temperature = 3.0, cooling_rate = 0.999
26 - INFO - chord#: 148 done. best_score=67.0, changed=606, unchanged=201, early_stops=8/8
26 - INFO - chord#: 150 In build_straw_man_chord_sa. tolerance = 1, sa_iterations = 1000, initial_temperature = 3.0, cooling_rate = 0.999
26 - INFO - chord#: 140 done. best_score=61.0, changed=530, unchanged=301, early_stops=8/8
26 - INFO - chord#: 142 In build_straw_man_chord_sa. tolerance = 1, sa_iterations = 1000, initial_temperature = 3.0, cooling_rate = 0.999
26 - INFO - chord#: 136 done. best_score=27.0, changed=528, unchanged=415, early_stops=8/8
26 - INFO - chord#: 138 In build_straw_man_chord_sa. tolerance = 1, sa_iterations = 1000, initial_temperature = 3.0, cooling_rate = 0.999
26 - INFO - chord#: 146 done. best_score=64.0, changed=614, unchanged=375, early_stops=8/8
26 - INFO - chord#: 148 In build_straw_man_chord_sa. tolerance = 1, sa_iterations = 1000, initial_temperature = 3.0, cooling_rate = 0.999
26 - INFO - chord#: 122 done. best_score=101.0, changed=610, unchanged=227, early_stops=8/8
26 - INFO - chord#: 124 In build_straw_man_chord_sa. tolerance = 1, sa_iterations = 1000, initial_temperature = 3.0, cooling_rate = 0.999
26 - INFO - chord#: 150 done. best_score=36.0, changed=527, unchanged=318, early_stops=8/8
26 - INFO - chord#: 152 In build_straw_man_chord_sa. tolerance = 1, sa_iterations = 1000, initial_temperature = 3.0, cooling_rate = 0.999
26 - INFO - chord#: 138 done. best_score=125.0, changed=614, unchanged=312, early_stops=8/8
26 - INFO - chord#: 140 In build_straw_man_chord_sa. tolerance = 1, sa_iterations = 1000, initial_temperature = 3.0, cooling_rate = 0.999
26 - INFO - chord#: 138 done. best_score=78.0, changed=616, unchanged=255, early_stops=8/8
26 - INFO - chord#: 140 In build_straw_man_chord_sa. tolerance = 1, sa_iterations = 1000, initial_temperature = 3.0, cooling_rate = 0.999
26 - INFO - chord#: 118 done. best_score=132.0, changed=609, unchanged=253, early_stops=8/8
26 - INFO - chord#: 120 In build_straw_man_chord_sa. tolerance = 1, sa_iterations = 1000, initial_temperature = 3.0, cooling_rate = 0.999
26 - INFO - chord#: 118 done. best_score=135.0, changed=610, unchanged=270, early_stops=8/8
26 - INFO - chord#: 120 In build_straw_man_chord_sa. tolerance = 1, sa_iterations = 1000, initial_temperature = 3.0, cooling_rate = 0.999
26 - INFO - chord#: 146 done. best_score=71.0, changed=615, unchanged=437, early_stops=8/8
26 - INFO - chord#: 148 In build_straw_man_chord_sa. tolerance = 1, sa_iterations = 1000, initial_temperature = 3.0, cooling_rate = 0.999
26 - INFO - chord#: 122 done. best_score=67.0, changed=612, unchanged=413, early_stops=8/8
26 - INFO - chord#: 124 In build_straw_man_chord_sa. tolerance = 1, sa_iterations = 1000, initial_temperature = 3.0, cooling_rate = 0.999
26 - INFO - chord#: 142 done. best_score=47.0, changed=528, unchanged=439, early_stops=8/8
26 - INFO - chord#: 144 In build_straw_man_chord_sa. tolerance = 1, sa_iterations = 1000, initial_temperature = 3.0, cooling_rate = 0.999
26 - INFO - chord#: 152 done. best_score=27.0, changed=523, unchanged=424, early_stops=8/8
26 - INFO - chord#: 154 In build_straw_man_chord_sa. tolerance = 1, sa_iterations = 1000, initial_temperature = 3.0, cooling_rate = 0.999
26 - INFO - chord#: 148 done. best_score=137.0, changed=610, unchanged=244, early_stops=8/8
26 - INFO - chord#: 150 In build_straw_man_chord_sa. tolerance = 1, sa_iterations = 1000, initial_temperature = 3.0, cooling_rate = 0.999
26 - INFO - chord#: 140 done. best_score=61.0, changed=525, unchanged=353, early_stops=8/8
26 - INFO - chord#: 142 In build_straw_man_chord_sa. tolerance = 1, sa_iterations = 1000, initial_temperature = 3.0, cooling_rate = 0.999
26 - INFO - chord#: 120 done. best_score=27.0, changed=527, unchanged=316, early_stops=8/8
26 - INFO - chord#: 122 In build_straw_man_chord_sa. tolerance = 1, sa_iterations = 1000, initial_temperature = 3.0, cooling_rate = 0.999
26 - INFO - chord#: 124 done. best_score=27.0, changed=523, unchanged=514, early_stops=8/8
26 - INFO - chord#: 128 In build_straw_man_chord_sa. tolerance = 1, sa_iterations = 1000, initial_temperature = 3.0, cooling_rate = 0.999
26 - INFO - chord#: 120 done. best_score=27.0, changed=526, unchanged=344, early_stops=8/8
26 - INFO - chord#: 122 In build_straw_man_chord_sa. tolerance = 1, sa_iterations = 1000, initial_temperature = 3.0, cooling_rate = 0.999
26 - INFO - chord#: 140 done. best_score=61.0, changed=529, unchanged=316, early_stops=8/8
26 - INFO - chord#: 142 In build_straw_man_chord_sa. tolerance = 1, sa_iterations = 1000, initial_temperature = 3.0, cooling_rate = 0.999
26 - INFO - chord#: 138 done. best_score=78.0, changed=609, unchanged=220, early_stops=8/8
26 - INFO - chord#: 140 In build_straw_man_chord_sa. tolerance = 1, sa_iterations = 1000, initial_temperature = 3.0, cooling_rate = 0.999
26 - INFO - chord#: 124 done. best_score=27.0, changed=517, unchanged=321, early_stops=8/8
26 - INFO - chord#: 128 In build_straw_man_chord_sa. tolerance = 1, sa_iterations = 1000, initial_temperature = 3.0, cooling_rate = 0.999
26 - INFO - chord#: 150 done. best_score=36.0, changed=525, unchanged=335, early_stops=8/8
26 - INFO - chord#: 152 In build_straw_man_chord_sa. tolerance = 1, sa_iterations = 1000, initial_temperature = 3.0, cooling_rate = 0.999
26 - INFO - chord#: 148 done. best_score=67.0, changed=615, unchanged=322, early_stops=8/8
26 - INFO - chord#: 150 In build_straw_man_chord_sa. tolerance = 1, sa_iterations = 1000, initial_temperature = 3.0, cooling_rate = 0.999
26 - INFO - chord#: 144 done. best_score=27.0, changed=523, unchanged=419, early_stops=8/8
26 - INFO - chord#: 146 In build_straw_man_chord_sa. tolerance = 1, sa_iterations = 1000, initial_temperature = 3.0, cooling_rate = 0.999
26 - INFO - chord#: 142 done. best_score=47.0, changed=530, unchanged=389, early_stops=8/8
26 - INFO - chord#: 144 In build_straw_man_chord_sa. tolerance = 1, sa_iterations = 1000, initial_temperature = 3.0, cooling_rate = 0.999
26 - INFO - chord#: 142 done. best_score=47.0, changed=526, unchanged=333, early_stops=8/8
26 - INFO - chord#: 144 In build_straw_man_chord_sa. tolerance = 1, sa_iterations = 1000, initial_temperature = 3.0, cooling_rate = 0.999
26 - INFO - chord#: 140 done. best_score=61.0, changed=529, unchanged=373, early_stops=8/8
26 - INFO - chord#: 142 In build_straw_man_chord_sa. tolerance = 1, sa_iterations = 1000, initial_temperature = 3.0, cooling_rate = 0.999
26 - INFO - chord#: 150 done. best_score=36.0, changed=518, unchanged=311, early_stops=8/8
26 - INFO - chord#: 152 In build_straw_man_chord_sa. tolerance = 1, sa_iterations = 1000, initial_temperature = 3.0, cooling_rate = 0.999
26 - INFO - chord#: 152 done. best_score=27.0, changed=524, unchanged=476, early_stops=8/8
26 - INFO - chord#: 154 In build_straw_man_chord_sa. tolerance = 1, sa_iterations = 1000, initial_temperature = 3.0, cooling_rate = 0.999
26 - INFO - chord#: 144 done. best_score=27.0, changed=520, unchanged=424, early_stops=8/8
26 - INFO - chord#: 146 In build_straw_man_chord_sa. tolerance = 1, sa_iterations = 1000, initial_temperature = 3.0, cooling_rate = 0.999
26 - INFO - chord#: 154 done. best_score=167.0, changed=613, unchanged=287, early_stops=8/8
26 - INFO - chord#: 156 In build_straw_man_chord_sa. tolerance = 1, sa_iterations = 1000, initial_temperature = 3.0, cooling_rate = 0.999
26 - INFO - chord#: 148 done. best_score=93.0, changed=615, unchanged=342, early_stops=8/8
26 - INFO - chord#: 150 In build_straw_man_chord_sa. tolerance = 1, sa_iterations = 1000, initial_temperature = 3.0, cooling_rate = 0.999
26 - INFO - chord#: 142 done. best_score=74.0, changed=528, unchanged=323, early_stops=8/8
26 - INFO - chord#: 144 In build_straw_man_chord_sa. tolerance = 1, sa_iterations = 1000, initial_temperature = 3.0, cooling_rate = 0.999
26 - INFO - chord#: 144 done. best_score=27.0, changed=514, unchanged=403, early_stops=8/8
26 - INFO - chord#: 146 In build_straw_man_chord_sa. tolerance = 1, sa_iterations = 1000, initial_temperature = 3.0, cooling_rate = 0.999
26 - INFO - chord#: 128 done. best_score=145.0, changed=613, unchanged=323, early_stops=8/8
26 - INFO - chord#: 132 In build_straw_man_chord_sa. tolerance = 1, sa_iterations = 1000, initial_temperature = 3.0, cooling_rate = 0.999
26 - INFO - chord#: 152 done. best_score=27.0, changed=521, unchanged=441, early_stops=8/8
26 - INFO - chord#: 154 In build_straw_man_chord_sa. tolerance = 1, sa_iterations = 1000, initial_temperature = 3.0, cooling_rate = 0.999
26 - INFO - chord#: 122 done. best_score=145.0, changed=609, unchanged=347, early_stops=8/8
26 - INFO - chord#: 124 In build_straw_man_chord_sa. tolerance = 1, sa_iterations = 1000, initial_temperature = 3.0, cooling_rate = 0.999
26 - INFO - chord#: 128 done. best_score=142.0, changed=609, unchanged=324, early_stops=8/8
26 - INFO - chord#: 132 In build_straw_man_chord_sa. tolerance = 1, sa_iterations = 1000, initial_temperature = 3.0, cooling_rate = 0.999
26 - INFO - chord#: 156 done. best_score=27.0, changed=536, unchanged=526, early_stops=8/8
26 - INFO - chord#: 150 done. best_score=73.0, changed=541, unchanged=318, early_stops=8/8
26 - INFO - chord#: 152 In build_straw_man_chord_sa. tolerance = 1, sa_iterations = 1000, initial_temperature = 3.0, cooling_rate = 0.999
26 - INFO - chord#: 122 done. best_score=67.0, changed=617, unchanged=488, early_stops=8/8
26 - INFO - chord#: 124 In build_straw_man_chord_sa. tolerance = 1, sa_iterations = 1000, initial_temperature = 3.0, cooling_rate = 0.999
26 - INFO - chord#: 146 done. best_score=64.0, changed=611, unchanged=278, early_stops=8/8
26 - INFO - chord#: 148 In build_straw_man_chord_sa. tolerance = 1, sa_iterations = 1000, initial_temperature = 3.0, cooling_rate = 0.999
26 - INFO - chord#: 144 done. best_score=27.0, changed=525, unchanged=496, early_stops=8/8
26 - INFO - chord#: 146 In build_straw_man_chord_sa. tolerance = 1, sa_iterations = 1000, initial_temperature = 3.0, cooling_rate = 0.999
26 - INFO - chord#: 132 done. best_score=27.0, changed=526, unchanged=434, early_stops=8/8
26 - INFO - chord#: 136 In build_straw_man_chord_sa. tolerance = 1, sa_iterations = 1000, initial_temperature = 3.0, cooling_rate = 0.999
26 - INFO - chord#: 154 done. best_score=67.0, changed=608, unchanged=238, early_stops=8/8
26 - INFO - chord#: 156 In build_straw_man_chord_sa. tolerance = 1, sa_iterations = 1000, initial_temperature = 3.0, cooling_rate = 0.999
26 - INFO - chord#: 152 done. best_score=27.0, changed=515, unchanged=358, early_stops=8/8
26 - INFO - chord#: 154 In build_straw_man_chord_sa. tolerance = 1, sa_iterations = 1000, initial_temperature = 3.0, cooling_rate = 0.999
26 - INFO - chord#: 132 done. best_score=27.0, changed=518, unchanged=377, early_stops=8/8
26 - INFO - chord#: 136 In build_straw_man_chord_sa. tolerance = 1, sa_iterations = 1000, initial_temperature = 3.0, cooling_rate = 0.999
26 - INFO - chord#: 146 done. best_score=71.0, changed=616, unchanged=388, early_stops=8/8
26 - INFO - chord#: 148 In build_straw_man_chord_sa. tolerance = 1, sa_iterations = 1000, initial_temperature = 3.0, cooling_rate = 0.999
26 - INFO - chord#: 124 done. best_score=27.0, changed=521, unchanged=613, early_stops=8/8
26 - INFO - chord#: 128 In build_straw_man_chord_sa. tolerance = 1, sa_iterations = 1000, initial_temperature = 3.0, cooling_rate = 0.999
26 - INFO - chord#: 136 done. best_score=27.0, changed=514, unchanged=391, early_stops=8/8
26 - INFO - chord#: 138 In build_straw_man_chord_sa. tolerance = 1, sa_iterations = 1000, initial_temperature = 3.0, cooling_rate = 0.999
26 - INFO - chord#: 124 done. best_score=27.0, changed=526, unchanged=450, early_stops=8/8
26 - INFO - chord#: 128 In build_straw_man_chord_sa. tolerance = 1, sa_iterations = 1000, initial_temperature = 3.0, cooling_rate = 0.999
26 - INFO - chord#: 156 done. best_score=27.0, changed=523, unchanged=449, early_stops=8/8
26 - INFO - chord#: 136 done. best_score=27.0, changed=512, unchanged=320, early_stops=8/8
26 - INFO - chord#: 138 In build_straw_man_chord_sa. tolerance = 1, sa_iterations = 1000, initial_temperature = 3.0, cooling_rate = 0.999
26 - INFO - chord#: 146 done. best_score=71.0, changed=612, unchanged=288, early_stops=8/8
26 - INFO - chord#: 148 In build_straw_man_chord_sa. tolerance = 1, sa_iterations = 1000, initial_temperature = 3.0, cooling_rate = 0.999
26 - INFO - chord#: 146 done. best_score=64.0, changed=615, unchanged=310, early_stops=8/8
26 - INFO - chord#: 148 In build_straw_man_chord_sa. tolerance = 1, sa_iterations = 1000, initial_temperature = 3.0, cooling_rate = 0.999
26 - INFO - chord#: 154 done. best_score=67.0, changed=616, unchanged=494, early_stops=8/8
26 - INFO - chord#: 156 In build_straw_man_chord_sa. tolerance = 1, sa_iterations = 1000, initial_temperature = 3.0, cooling_rate = 0.999
26 - INFO - chord#: 148 done. best_score=140.0, changed=608, unchanged=210, early_stops=8/8
26 - INFO - chord#: 150 In build_straw_man_chord_sa. tolerance = 1, sa_iterations = 1000, initial_temperature = 3.0, cooling_rate = 0.999
26 - INFO - chord#: 154 done. best_score=145.0, changed=608, unchanged=248, early_stops=8/8
26 - INFO - chord#: 156 In build_straw_man_chord_sa. tolerance = 1, sa_iterations = 1000, initial_temperature = 3.0, cooling_rate = 0.999
26 - INFO - chord#: 156 done. best_score=27.0, changed=515, unchanged=354, early_stops=8/8
26 - INFO - chord#: 138 done. best_score=137.0, changed=613, unchanged=301, early_stops=8/8
26 - INFO - chord#: 140 In build_straw_man_chord_sa. tolerance = 1, sa_iterations = 1000, initial_temperature = 3.0, cooling_rate = 0.999
26 - INFO - chord#: 150 done. best_score=49.0, changed=545, unchanged=415, early_stops=8/8
26 - INFO - chord#: 152 In build_straw_man_chord_sa. tolerance = 1, sa_iterations = 1000, initial_temperature = 3.0, cooling_rate = 0.999
26 - INFO - chord#: 148 done. best_score=78.0, changed=621, unchanged=362, early_stops=8/8
26 - INFO - chord#: 150 In build_straw_man_chord_sa. tolerance = 1, sa_iterations = 1000, initial_temperature = 3.0, cooling_rate = 0.999
26 - INFO - chord#: 128 done. best_score=140.0, changed=615, unchanged=376, early_stops=8/8
26 - INFO - chord#: 132 In build_straw_man_chord_sa. tolerance = 1, sa_iterations = 1000, initial_temperature = 3.0, cooling_rate = 0.999
26 - INFO - chord#: 156 done. best_score=27.0, changed=514, unchanged=380, early_stops=8/8
26 - INFO - chord#: 128 done. best_score=145.0, changed=611, unchanged=273, early_stops=8/8
26 - INFO - chord#: 132 In build_straw_man_chord_sa. tolerance = 1, sa_iterations = 1000, initial_temperature = 3.0, cooling_rate = 0.999
26 - INFO - chord#: 138 done. best_score=78.0, changed=608, unchanged=265, early_stops=8/8
26 - INFO - chord#: 140 In build_straw_man_chord_sa. tolerance = 1, sa_iterations = 1000, initial_temperature = 3.0, cooling_rate = 0.999
26 - INFO - chord#: 140 done. best_score=61.0, changed=532, unchanged=301, early_stops=8/8
26 - INFO - chord#: 142 In build_straw_man_chord_sa. tolerance = 1, sa_iterations = 1000, initial_temperature = 3.0, cooling_rate = 0.999
26 - INFO - chord#: 150 done. best_score=47.0, changed=515, unchanged=390, early_stops=8/8
26 - INFO - chord#: 152 In build_straw_man_chord_sa. tolerance = 1, sa_iterations = 1000, initial_temperature = 3.0, cooling_rate = 0.999
26 - INFO - chord#: 148 done. best_score=67.0, changed=612, unchanged=293, early_stops=8/8
26 - INFO - chord#: 150 In build_straw_man_chord_sa. tolerance = 1, sa_iterations = 1000, initial_temperature = 3.0, cooling_rate = 0.999
26 - INFO - chord#: 152 done. best_score=27.0, changed=526, unchanged=507, early_stops=8/8
26 - INFO - chord#: 154 In build_straw_man_chord_sa. tolerance = 1, sa_iterations = 1000, initial_temperature = 3.0, cooling_rate = 0.999
26 - INFO - chord#: 132 done. best_score=27.0, changed=523, unchanged=417, early_stops=8/8
26 - INFO - chord#: 136 In build_straw_man_chord_sa. tolerance = 1, sa_iterations = 1000, initial_temperature = 3.0, cooling_rate = 0.999
26 - INFO - chord#: 148 done. best_score=125.0, changed=617, unchanged=420, early_stops=8/8
26 - INFO - chord#: 150 In build_straw_man_chord_sa. tolerance = 1, sa_iterations = 1000, initial_temperature = 3.0, cooling_rate = 0.999
26 - INFO - chord#: 150 done. best_score=36.0, changed=533, unchanged=298, early_stops=8/8
26 - INFO - chord#: 152 In build_straw_man_chord_sa. tolerance = 1, sa_iterations = 1000, initial_temperature = 3.0, cooling_rate = 0.999
26 - INFO - chord#: 132 done. best_score=27.0, changed=513, unchanged=331, early_stops=8/8
26 - INFO - chord#: 136 In build_straw_man_chord_sa. tolerance = 1, sa_iterations = 1000, initial_temperature = 3.0, cooling_rate = 0.999
26 - INFO - chord#: 140 done. best_score=61.0, changed=530, unchanged=353, early_stops=8/8
26 - INFO - chord#: 142 In build_straw_man_chord_sa. tolerance = 1, sa_iterations = 1000, initial_temperature = 3.0, cooling_rate = 0.999
26 - INFO - chord#: 152 done. best_score=27.0, changed=522, unchanged=455, early_stops=8/8
26 - INFO - chord#: 154 In build_straw_man_chord_sa. tolerance = 1, sa_iterations = 1000, initial_temperature = 3.0, cooling_rate = 0.999
26 - INFO - chord#: 142 done. best_score=47.0, changed=526, unchanged=363, early_stops=8/8
26 - INFO - chord#: 144 In build_straw_man_chord_sa. tolerance = 1, sa_iterations = 1000, initial_temperature = 3.0, cooling_rate = 0.999
26 - INFO - chord#: 136 done. best_score=27.0, changed=523, unchanged=365, early_stops=8/8
26 - INFO - chord#: 138 In build_straw_man_chord_sa. tolerance = 1, sa_iterations = 1000, initial_temperature = 3.0, cooling_rate = 0.999
26 - INFO - chord#: 150 done. best_score=49.0, changed=528, unchanged=303, early_stops=8/8
26 - INFO - chord#: 152 In build_straw_man_chord_sa. tolerance = 1, sa_iterations = 1000, initial_temperature = 3.0, cooling_rate = 0.999
26 - INFO - chord#: 142 done. best_score=47.0, changed=525, unchanged=352, early_stops=8/8
26 - INFO - chord#: 144 In build_straw_man_chord_sa. tolerance = 1, sa_iterations = 1000, initial_temperature = 3.0, cooling_rate = 0.999
26 - INFO - chord#: 136 done. best_score=27.0, changed=515, unchanged=318, early_stops=8/8
26 - INFO - chord#: 138 In build_straw_man_chord_sa. tolerance = 1, sa_iterations = 1000, initial_temperature = 3.0, cooling_rate = 0.999
26 - INFO - chord#: 152 done. best_score=27.0, changed=533, unchanged=552, early_stops=8/8
26 - INFO - chord#: 154 In build_straw_man_chord_sa. tolerance = 1, sa_iterations = 1000, initial_temperature = 3.0, cooling_rate = 0.999
26 - INFO - chord#: 144 done. best_score=27.0, changed=524, unchanged=399, early_stops=8/8
26 - INFO - chord#: 146 In build_straw_man_chord_sa. tolerance = 1, sa_iterations = 1000, initial_temperature = 3.0, cooling_rate = 0.999
26 - INFO - chord#: 154 done. best_score=67.0, changed=610, unchanged=240, early_stops=8/8
26 - INFO - chord#: 156 In build_straw_man_chord_sa. tolerance = 1, sa_iterations = 1000, initial_temperature = 3.0, cooling_rate = 0.999
26 - INFO - chord#: 144 done. best_score=27.0, changed=529, unchanged=491, early_stops=8/8
26 - INFO - chord#: 146 In build_straw_man_chord_sa. tolerance = 1, sa_iterations = 1000, initial_temperature = 3.0, cooling_rate = 0.999
26 - INFO - chord#: 152 done. best_score=27.0, changed=523, unchanged=470, early_stops=8/8
26 - INFO - chord#: 154 In build_straw_man_chord_sa. tolerance = 1, sa_iterations = 1000, initial_temperature = 3.0, cooling_rate = 0.999
26 - INFO - chord#: 154 done. best_score=96.0, changed=607, unchanged=249, early_stops=8/8
26 - INFO - chord#: 156 In build_straw_man_chord_sa. tolerance = 1, sa_iterations = 1000, initial_temperature = 3.0, cooling_rate = 0.999
26 - INFO - chord#: 156 done. best_score=27.0, changed=520, unchanged=353, early_stops=8/8
26 - INFO - chord#: 138 done. best_score=165.0, changed=617, unchanged=311, early_stops=8/8
26 - INFO - chord#: 140 In build_straw_man_chord_sa. tolerance = 1, sa_iterations = 1000, initial_temperature = 3.0, cooling_rate = 0.999
26 - INFO - chord#: 156 done. best_score=27.0, changed=524, unchanged=336, early_stops=8/8
26 - INFO - chord#: 154 done. best_score=137.0, changed=609, unchanged=285, early_stops=8/8
26 - INFO - chord#: 156 In build_straw_man_chord_sa. tolerance = 1, sa_iterations = 1000, initial_temperature = 3.0, cooling_rate = 0.999
26 - INFO - chord#: 138 done. best_score=67.0, changed=608, unchanged=244, early_stops=8/8
26 - INFO - chord#: 140 In build_straw_man_chord_sa. tolerance = 1, sa_iterations = 1000, initial_temperature = 3.0, cooling_rate = 0.999
26 - INFO - chord#: 146 done. best_score=64.0, changed=615, unchanged=417, early_stops=8/8
26 - INFO - chord#: 148 In build_straw_man_chord_sa. tolerance = 1, sa_iterations = 1000, initial_temperature = 3.0, cooling_rate = 0.999
26 - INFO - chord#: 140 done. best_score=61.0, changed=519, unchanged=331, early_stops=8/8
26 - INFO - chord#: 142 In build_straw_man_chord_sa. tolerance = 1, sa_iterations = 1000, initial_temperature = 3.0, cooling_rate = 0.999
26 - INFO - chord#: 146 done. best_score=104.0, changed=606, unchanged=213, early_stops=8/8
26 - INFO - chord#: 148 In build_straw_man_chord_sa. tolerance = 1, sa_iterations = 1000, initial_temperature = 3.0, cooling_rate = 0.999
26 - INFO - chord#: 156 done. best_score=27.0, changed=520, unchanged=434, early_stops=8/8
26 - INFO - chord#: 154 done. best_score=145.0, changed=611, unchanged=223, early_stops=8/8
26 - INFO - chord#: 156 In build_straw_man_chord_sa. tolerance = 1, sa_iterations = 1000, initial_temperature = 3.0, cooling_rate = 0.999
26 - INFO - chord#: 140 done. best_score=61.0, changed=532, unchanged=298, early_stops=8/8
26 - INFO - chord#: 142 In build_straw_man_chord_sa. tolerance = 1, sa_iterations = 1000, initial_temperature = 3.0, cooling_rate = 0.999
26 - INFO - chord#: 142 done. best_score=47.0, changed=528, unchanged=513, early_stops=8/8
26 - INFO - chord#: 144 In build_straw_man_chord_sa. tolerance = 1, sa_iterations = 1000, initial_temperature = 3.0, cooling_rate = 0.999
26 - INFO - chord#: 156 done. best_score=27.0, changed=518, unchanged=388, early_stops=8/8
26 - INFO - chord#: 142 done. best_score=47.0, changed=533, unchanged=391, early_stops=8/8
26 - INFO - chord#: 144 In build_straw_man_chord_sa. tolerance = 1, sa_iterations = 1000, initial_temperature = 3.0, cooling_rate = 0.999
26 - INFO - chord#: 148 done. best_score=155.0, changed=608, unchanged=297, early_stops=8/8
26 - INFO - chord#: 150 In build_straw_man_chord_sa. tolerance = 1, sa_iterations = 1000, initial_temperature = 3.0, cooling_rate = 0.999
26 - INFO - chord#: 144 done. best_score=27.0, changed=525, unchanged=498, early_stops=8/8
26 - INFO - chord#: 146 In build_straw_man_chord_sa. tolerance = 1, sa_iterations = 1000, initial_temperature = 3.0, cooling_rate = 0.999
26 - INFO - chord#: 148 done. best_score=67.0, changed=615, unchanged=432, early_stops=8/8
26 - INFO - chord#: 150 In build_straw_man_chord_sa. tolerance = 1, sa_iterations = 1000, initial_temperature = 3.0, cooling_rate = 0.999
26 - INFO - chord#: 144 done. best_score=27.0, changed=519, unchanged=498, early_stops=8/8
26 - INFO - chord#: 146 In build_straw_man_chord_sa. tolerance = 1, sa_iterations = 1000, initial_temperature = 3.0, cooling_rate = 0.999
26 - INFO - chord#: 150 done. best_score=56.0, changed=520, unchanged=396, early_stops=8/8
26 - INFO - chord#: 152 In build_straw_man_chord_sa. tolerance = 1, sa_iterations = 1000, initial_temperature = 3.0, cooling_rate = 0.999
26 - INFO - chord#: 150 done. best_score=36.0, changed=524, unchanged=329, early_stops=8/8
26 - INFO - chord#: 152 In build_straw_man_chord_sa. tolerance = 1, sa_iterations = 1000, initial_temperature = 3.0, cooling_rate = 0.999
26 - INFO - chord#: 152 done. best_score=27.0, changed=519, unchanged=424, early_stops=8/8
26 - INFO - chord#: 154 In build_straw_man_chord_sa. tolerance = 1, sa_iterations = 1000, initial_temperature = 3.0, cooling_rate = 0.999
26 - INFO - chord#: 146 done. best_score=125.0, changed=612, unchanged=249, early_stops=8/8
26 - INFO - chord#: 148 In build_straw_man_chord_sa. tolerance = 1, sa_iterations = 1000, initial_temperature = 3.0, cooling_rate = 0.999
26 - INFO - chord#: 152 done. best_score=27.0, changed=515, unchanged=432, early_stops=8/8
26 - INFO - chord#: 154 In build_straw_man_chord_sa. tolerance = 1, sa_iterations = 1000, initial_temperature = 3.0, cooling_rate = 0.999
26 - INFO - chord#: 146 done. best_score=146.0, changed=605, unchanged=258, early_stops=8/8
26 - INFO - chord#: 148 In build_straw_man_chord_sa. tolerance = 1, sa_iterations = 1000, initial_temperature = 3.0, cooling_rate = 0.999
26 - INFO - chord#: 154 done. best_score=145.0, changed=611, unchanged=273, early_stops=8/8
26 - INFO - chord#: 156 In build_straw_man_chord_sa. tolerance = 1, sa_iterations = 1000, initial_temperature = 3.0, cooling_rate = 0.999
26 - INFO - chord#: 148 done. best_score=119.0, changed=611, unchanged=316, early_stops=8/8
26 - INFO - chord#: 150 In build_straw_man_chord_sa. tolerance = 1, sa_iterations = 1000, initial_temperature = 3.0, cooling_rate = 0.999
26 - INFO - chord#: 154 done. best_score=96.0, changed=616, unchanged=451, early_stops=8/8
26 - INFO - chord#: 156 In build_straw_man_chord_sa. tolerance = 1, sa_iterations = 1000, initial_temperature = 3.0, cooling_rate = 0.999
26 - INFO - chord#: 148 done. best_score=78.0, changed=610, unchanged=414, early_stops=8/8
26 - INFO - chord#: 150 In build_straw_man_chord_sa. tolerance = 1, sa_iterations = 1000, initial_temperature = 3.0, cooling_rate = 0.999
26 - INFO - chord#: 150 done. best_score=47.0, changed=520, unchanged=295, early_stops=8/8
26 - INFO - chord#: 152 In build_straw_man_chord_sa. tolerance = 1, sa_iterations = 1000, initial_temperature = 3.0, cooling_rate = 0.999
26 - INFO - chord#: 156 done. best_score=27.0, changed=518, unchanged=408, early_stops=8/8
26 - INFO - chord#: 156 done. best_score=27.0, changed=524, unchanged=406, early_stops=8/8
26 - INFO - chord#: 150 done. best_score=47.0, changed=520, unchanged=361, early_stops=8/8
26 - INFO - chord#: 152 In build_straw_man_chord_sa. tolerance = 1, sa_iterations = 1000, initial_temperature = 3.0, cooling_rate = 0.999
26 - INFO - chord#: 152 done. best_score=27.0, changed=512, unchanged=304, early_stops=8/8
26 - INFO - chord#: 154 In build_straw_man_chord_sa. tolerance = 1, sa_iterations = 1000, initial_temperature = 3.0, cooling_rate = 0.999
26 - INFO - chord#: 152 done. best_score=27.0, changed=516, unchanged=392, early_stops=8/8
26 - INFO - chord#: 154 In build_straw_man_chord_sa. tolerance = 1, sa_iterations = 1000, initial_temperature = 3.0, cooling_rate = 0.999
26 - INFO - chord#: 154 done. best_score=96.0, changed=610, unchanged=359, early_stops=8/8
26 - INFO - chord#: 156 In build_straw_man_chord_sa. tolerance = 1, sa_iterations = 1000, initial_temperature = 3.0, cooling_rate = 0.999
26 - INFO - chord#: 154 done. best_score=137.0, changed=607, unchanged=210, early_stops=8/8
26 - INFO - chord#: 156 In build_straw_man_chord_sa. tolerance = 1, sa_iterations = 1000, initial_temperature = 3.0, cooling_rate = 0.999
26 - INFO - chord#: 156 done. best_score=27.0, changed=516, unchanged=329, early_stops=8/8
26 - INFO - chord#: 156 done. best_score=27.0, changed=522, unchanged=361, early_stops=8/8
26 - INFO - chord#: 0 In build_straw_man_chord_sa. tolerance = 1, sa_iterations = 1000, initial_temperature = 3.0, cooling_rate = 0.999
26 - INFO - chord#: 0 In build_straw_man_chord_sa. tolerance = 1, sa_iterations = 1000, initial_temperature = 3.0, cooling_rate = 0.999
26 - INFO - chord#: 0 In build_straw_man_chord_sa. tolerance = 1, sa_iterations = 1000, initial_temperature = 3.0, cooling_rate = 0.999
26 - INFO - chord#: 0 In build_straw_man_chord_sa. tolerance = 1, sa_iterations = 1000, initial_temperature = 3.0, cooling_rate = 0.999
26 - INFO - chord#: 0 In build_straw_man_chord_sa. tolerance = 1, sa_iterations = 1000, initial_temperature = 3.0, cooling_rate = 0.999
26 - INFO - chord#: 0 In build_straw_man_chord_sa. tolerance = 1, sa_iterations = 1000, initial_temperature = 3.0, cooling_rate = 0.999
26 - INFO - chord#: 0 In build_straw_man_chord_sa. tolerance = 1, sa_iterations = 1000, initial_temperature = 3.0, cooling_rate = 0.999
26 - INFO - chord#: 0 In build_straw_man_chord_sa. tolerance = 1, sa_iterations = 1000, initial_temperature = 3.0, cooling_rate = 0.999
26 - INFO - chord#: 0 In build_straw_man_chord_sa. tolerance = 1, sa_iterations = 1000, initial_temperature = 3.0, cooling_rate = 0.999
26 - INFO - chord#: 0 In build_straw_man_chord_sa. tolerance = 1, sa_iterations = 1000, initial_temperature = 3.0, cooling_rate = 0.999
26 - INFO - chord#: 0 In build_straw_man_chord_sa. tolerance = 1, sa_iterations = 1000, initial_temperature = 3.0, cooling_rate = 0.999
26 - INFO - chord#: 0 In build_straw_man_chord_sa. tolerance = 1, sa_iterations = 1000, initial_temperature = 3.0, cooling_rate = 0.999
26 - INFO - chord#: 0 done. best_score=27.0, changed=520, unchanged=366, early_stops=8/8
26 - INFO - chord#: 4 In build_straw_man_chord_sa. tolerance = 1, sa_iterations = 1000, initial_temperature = 3.0, cooling_rate = 0.999
26 - INFO - chord#: 0 done. best_score=27.0, changed=516, unchanged=428, early_stops=8/8
26 - INFO - chord#: 4 In build_straw_man_chord_sa. tolerance = 1, sa_iterations = 1000, initial_temperature = 3.0, cooling_rate = 0.999
26 - INFO - chord#: 0 done. best_score=27.0, changed=519, unchanged=392, early_stops=8/8
26 - INFO - chord#: 4 In build_straw_man_chord_sa. tolerance = 1, sa_iterations = 1000, initial_temperature = 3.0, cooling_rate = 0.999
26 - INFO - chord#: 0 done. best_score=27.0, changed=521, unchanged=470, early_stops=8/8
26 - INFO - chord#: 4 In build_straw_man_chord_sa. tolerance = 1, sa_iterations = 1000, initial_temperature = 3.0, cooling_rate = 0.999
26 - INFO - chord#: 0 done. best_score=27.0, changed=525, unchanged=501, early_stops=8/8
26 - INFO - chord#: 4 In build_straw_man_chord_sa. tolerance = 1, sa_iterations = 1000, initial_temperature = 3.0, cooling_rate = 0.999
26 - INFO - chord#: 0 done. best_score=27.0, changed=526, unchanged=455, early_stops=8/8
26 - INFO - chord#: 4 In build_straw_man_chord_sa. tolerance = 1, sa_iterations = 1000, initial_temperature = 3.0, cooling_rate = 0.999
26 - INFO - chord#: 0 done. best_score=27.0, changed=522, unchanged=407, early_stops=8/8
26 - INFO - chord#: 4 In build_straw_man_chord_sa. tolerance = 1, sa_iterations = 1000, initial_temperature = 3.0, cooling_rate = 0.999
26 - INFO - chord#: 0 done. best_score=27.0, changed=518, unchanged=432, early_stops=8/8
26 - INFO - chord#: 4 In build_straw_man_chord_sa. tolerance = 1, sa_iterations = 1000, initial_temperature = 3.0, cooling_rate = 0.999
26 - INFO - chord#: 0 done. best_score=27.0, changed=519, unchanged=435, early_stops=8/8
26 - INFO - chord#: 4 In build_straw_man_chord_sa. tolerance = 1, sa_iterations = 1000, initial_temperature = 3.0, cooling_rate = 0.999
26 - INFO - chord#: 0 done. best_score=27.0, changed=520, unchanged=535, early_stops=8/8
26 - INFO - chord#: 4 In build_straw_man_chord_sa. tolerance = 1, sa_iterations = 1000, initial_temperature = 3.0, cooling_rate = 0.999
26 - INFO - chord#: 0 done. best_score=27.0, changed=521, unchanged=480, early_stops=8/8
26 - INFO - chord#: 4 In build_straw_man_chord_sa. tolerance = 1, sa_iterations = 1000, initial_temperature = 3.0, cooling_rate = 0.999
26 - INFO - chord#: 0 done. best_score=27.0, changed=521, unchanged=807, early_stops=8/8
26 - INFO - chord#: 4 In build_straw_man_chord_sa. tolerance = 1, sa_iterations = 1000, initial_temperature = 3.0, cooling_rate = 0.999
26 - INFO - chord#: 4 done. best_score=27.0, changed=514, unchanged=306, early_stops=8/8
26 - INFO - chord#: 6 In build_straw_man_chord_sa. tolerance = 1, sa_iterations = 1000, initial_temperature = 3.0, cooling_rate = 0.999
26 - INFO - chord#: 4 done. best_score=27.0, changed=516, unchanged=320, early_stops=8/8
26 - INFO - chord#: 6 In build_straw_man_chord_sa. tolerance = 1, sa_iterations = 1000, initial_temperature = 3.0, cooling_rate = 0.999
26 - INFO - chord#: 4 done. best_score=27.0, changed=520, unchanged=388, early_stops=8/8
26 - INFO - chord#: 6 In build_straw_man_chord_sa. tolerance = 1, sa_iterations = 1000, initial_temperature = 3.0, cooling_rate = 0.999
26 - INFO - chord#: 4 done. best_score=27.0, changed=534, unchanged=458, early_stops=8/8
26 - INFO - chord#: 6 In build_straw_man_chord_sa. tolerance = 1, sa_iterations = 1000, initial_temperature = 3.0, cooling_rate = 0.999
26 - INFO - chord#: 4 done. best_score=27.0, changed=524, unchanged=438, early_stops=8/8
26 - INFO - chord#: 6 In build_straw_man_chord_sa. tolerance = 1, sa_iterations = 1000, initial_temperature = 3.0, cooling_rate = 0.999
26 - INFO - chord#: 4 done. best_score=27.0, changed=517, unchanged=416, early_stops=8/8
26 - INFO - chord#: 6 In build_straw_man_chord_sa. tolerance = 1, sa_iterations = 1000, initial_temperature = 3.0, cooling_rate = 0.999
26 - INFO - chord#: 4 done. best_score=27.0, changed=520, unchanged=361, early_stops=8/8
26 - INFO - chord#: 6 In build_straw_man_chord_sa. tolerance = 1, sa_iterations = 1000, initial_temperature = 3.0, cooling_rate = 0.999
26 - INFO - chord#: 4 done. best_score=27.0, changed=519, unchanged=407, early_stops=8/8
26 - INFO - chord#: 6 In build_straw_man_chord_sa. tolerance = 1, sa_iterations = 1000, initial_temperature = 3.0, cooling_rate = 0.999
26 - INFO - chord#: 4 done. best_score=27.0, changed=523, unchanged=436, early_stops=8/8
26 - INFO - chord#: 6 In build_straw_man_chord_sa. tolerance = 1, sa_iterations = 1000, initial_temperature = 3.0, cooling_rate = 0.999
26 - INFO - chord#: 4 done. best_score=27.0, changed=524, unchanged=475, early_stops=8/8
26 - INFO - chord#: 6 In build_straw_man_chord_sa. tolerance = 1, sa_iterations = 1000, initial_temperature = 3.0, cooling_rate = 0.999
26 - INFO - chord#: 4 done. best_score=27.0, changed=524, unchanged=405, early_stops=8/8
26 - INFO - chord#: 6 In build_straw_man_chord_sa. tolerance = 1, sa_iterations = 1000, initial_temperature = 3.0, cooling_rate = 0.999
26 - INFO - chord#: 4 done. best_score=27.0, changed=527, unchanged=395, early_stops=8/8
26 - INFO - chord#: 6 In build_straw_man_chord_sa. tolerance = 1, sa_iterations = 1000, initial_temperature = 3.0, cooling_rate = 0.999
26 - INFO - chord#: 6 done. best_score=64.0, changed=612, unchanged=285, early_stops=8/8
26 - INFO - chord#: 8 In build_straw_man_chord_sa. tolerance = 1, sa_iterations = 1000, initial_temperature = 3.0, cooling_rate = 0.999
26 - INFO - chord#: 6 done. best_score=157.0, changed=607, unchanged=228, early_stops=8/8
26 - INFO - chord#: 8 In build_straw_man_chord_sa. tolerance = 1, sa_iterations = 1000, initial_temperature = 3.0, cooling_rate = 0.999
26 - INFO - chord#: 6 done. best_score=64.0, changed=606, unchanged=269, early_stops=8/8
26 - INFO - chord#: 8 In build_straw_man_chord_sa. tolerance = 1, sa_iterations = 1000, initial_temperature = 3.0, cooling_rate = 0.999
26 - INFO - chord#: 6 done. best_score=64.0, changed=609, unchanged=313, early_stops=8/8
26 - INFO - chord#: 8 In build_straw_man_chord_sa. tolerance = 1, sa_iterations = 1000, initial_temperature = 3.0, cooling_rate = 0.999
26 - INFO - chord#: 6 done. best_score=104.0, changed=617, unchanged=499, early_stops=8/8
26 - INFO - chord#: 8 In build_straw_man_chord_sa. tolerance = 1, sa_iterations = 1000, initial_temperature = 3.0, cooling_rate = 0.999
26 - INFO - chord#: 6 done. best_score=146.0, changed=607, unchanged=248, early_stops=8/8
26 - INFO - chord#: 8 In build_straw_man_chord_sa. tolerance = 1, sa_iterations = 1000, initial_temperature = 3.0, cooling_rate = 0.999
26 - INFO - chord#: 8 done. best_score=27.0, changed=519, unchanged=397, early_stops=8/8
26 - INFO - chord#: 10 In build_straw_man_chord_sa. tolerance = 1, sa_iterations = 1000, initial_temperature = 3.0, cooling_rate = 0.999
26 - INFO - chord#: 8 done. best_score=27.0, changed=524, unchanged=390, early_stops=8/8
26 - INFO - chord#: 8 done. best_score=27.0, changed=516, unchanged=361, early_stops=8/8
26 - INFO - chord#: 10 In build_straw_man_chord_sa. tolerance = 1, sa_iterations = 1000, initial_temperature = 3.0, cooling_rate = 0.999
26 - INFO - chord#: 10 In build_straw_man_chord_sa. tolerance = 1, sa_iterations = 1000, initial_temperature = 3.0, cooling_rate = 0.999
26 - INFO - chord#: 8 done. best_score=27.0, changed=517, unchanged=367, early_stops=8/8
26 - INFO - chord#: 10 In build_straw_man_chord_sa. tolerance = 1, sa_iterations = 1000, initial_temperature = 3.0, cooling_rate = 0.999
26 - INFO - chord#: 6 done. best_score=64.0, changed=618, unchanged=351, early_stops=8/8
26 - INFO - chord#: 8 In build_straw_man_chord_sa. tolerance = 1, sa_iterations = 1000, initial_temperature = 3.0, cooling_rate = 0.999
26 - INFO - chord#: 6 done. best_score=104.0, changed=612, unchanged=315, early_stops=8/8
26 - INFO - chord#: 8 In build_straw_man_chord_sa. tolerance = 1, sa_iterations = 1000, initial_temperature = 3.0, cooling_rate = 0.999
26 - INFO - chord#: 6 done. best_score=104.0, changed=618, unchanged=306, early_stops=8/8
26 - INFO - chord#: 8 In build_straw_man_chord_sa. tolerance = 1, sa_iterations = 1000, initial_temperature = 3.0, cooling_rate = 0.999
26 - INFO - chord#: 6 done. best_score=64.0, changed=618, unchanged=504, early_stops=8/8
26 - INFO - chord#: 8 In build_straw_man_chord_sa. tolerance = 1, sa_iterations = 1000, initial_temperature = 3.0, cooling_rate = 0.999
26 - INFO - chord#: 6 done. best_score=64.0, changed=615, unchanged=291, early_stops=8/8
26 - INFO - chord#: 8 In build_straw_man_chord_sa. tolerance = 1, sa_iterations = 1000, initial_temperature = 3.0, cooling_rate = 0.999
26 - INFO - chord#: 6 done. best_score=71.0, changed=613, unchanged=459, early_stops=8/8
26 - INFO - chord#: 8 In build_straw_man_chord_sa. tolerance = 1, sa_iterations = 1000, initial_temperature = 3.0, cooling_rate = 0.999
26 - INFO - chord#: 8 done. best_score=27.0, changed=517, unchanged=461, early_stops=8/8
26 - INFO - chord#: 10 In build_straw_man_chord_sa. tolerance = 1, sa_iterations = 1000, initial_temperature = 3.0, cooling_rate = 0.999
26 - INFO - chord#: 8 done. best_score=27.0, changed=519, unchanged=328, early_stops=8/8
26 - INFO - chord#: 10 In build_straw_man_chord_sa. tolerance = 1, sa_iterations = 1000, initial_temperature = 3.0, cooling_rate = 0.999
26 - INFO - chord#: 8 done. best_score=27.0, changed=520, unchanged=536, early_stops=8/8
26 - INFO - chord#: 10 In build_straw_man_chord_sa. tolerance = 1, sa_iterations = 1000, initial_temperature = 3.0, cooling_rate = 0.999
26 - INFO - chord#: 8 done. best_score=27.0, changed=516, unchanged=388, early_stops=8/8
26 - INFO - chord#: 10 In build_straw_man_chord_sa. tolerance = 1, sa_iterations = 1000, initial_temperature = 3.0, cooling_rate = 0.999
26 - INFO - chord#: 8 done. best_score=27.0, changed=521, unchanged=417, early_stops=8/8
26 - INFO - chord#: 10 In build_straw_man_chord_sa. tolerance = 1, sa_iterations = 1000, initial_temperature = 3.0, cooling_rate = 0.999
26 - INFO - chord#: 8 done. best_score=27.0, changed=529, unchanged=600, early_stops=8/8
26 - INFO - chord#: 10 In build_straw_man_chord_sa. tolerance = 1, sa_iterations = 1000, initial_temperature = 3.0, cooling_rate = 0.999
26 - INFO - chord#: 10 done. best_score=120.0, changed=611, unchanged=217, early_stops=8/8
26 - INFO - chord#: 12 In build_straw_man_chord_sa. tolerance = 1, sa_iterations = 1000, initial_temperature = 3.0, cooling_rate = 0.999
26 - INFO - chord#: 8 done. best_score=27.0, changed=517, unchanged=480, early_stops=8/8
26 - INFO - chord#: 10 In build_straw_man_chord_sa. tolerance = 1, sa_iterations = 1000, initial_temperature = 3.0, cooling_rate = 0.999
26 - INFO - chord#: 8 done. best_score=27.0, changed=528, unchanged=468, early_stops=8/8
26 - INFO - chord#: 10 In build_straw_man_chord_sa. tolerance = 1, sa_iterations = 1000, initial_temperature = 3.0, cooling_rate = 0.999
26 - INFO - chord#: 10 done. best_score=111.0, changed=616, unchanged=341, early_stops=8/8
26 - INFO - chord#: 12 In build_straw_man_chord_sa. tolerance = 1, sa_iterations = 1000, initial_temperature = 3.0, cooling_rate = 0.999
26 - INFO - chord#: 10 done. best_score=111.0, changed=614, unchanged=432, early_stops=8/8
26 - INFO - chord#: 12 In build_straw_man_chord_sa. tolerance = 1, sa_iterations = 1000, initial_temperature = 3.0, cooling_rate = 0.999
26 - INFO - chord#: 10 done. best_score=93.0, changed=617, unchanged=535, early_stops=8/8
26 - INFO - chord#: 12 In build_straw_man_chord_sa. tolerance = 1, sa_iterations = 1000, initial_temperature = 3.0, cooling_rate = 0.999
26 - INFO - chord#: 12 done. best_score=27.0, changed=521, unchanged=410, early_stops=8/8
26 - INFO - chord#: 14 In build_straw_man_chord_sa. tolerance = 1, sa_iterations = 1000, initial_temperature = 3.0, cooling_rate = 0.999
26 - INFO - chord#: 14 done. best_score=11.0, changed=480, unchanged=349, early_stops=8/8
26 - INFO - chord#: 16 In build_straw_man_chord_sa. tolerance = 1, sa_iterations = 1000, initial_temperature = 3.0, cooling_rate = 0.999
26 - INFO - chord#: 10 done. best_score=111.0, changed=619, unchanged=444, early_stops=8/8
26 - INFO - chord#: 12 In build_straw_man_chord_sa. tolerance = 1, sa_iterations = 1000, initial_temperature = 3.0, cooling_rate = 0.999
26 - INFO - chord#: 10 done. best_score=113.0, changed=612, unchanged=269, early_stops=8/8
26 - INFO - chord#: 12 In build_straw_man_chord_sa. tolerance = 1, sa_iterations = 1000, initial_temperature = 3.0, cooling_rate = 0.999
26 - INFO - chord#: 12 done. best_score=27.0, changed=521, unchanged=380, early_stops=8/8
26 - INFO - chord#: 14 In build_straw_man_chord_sa. tolerance = 1, sa_iterations = 1000, initial_temperature = 3.0, cooling_rate = 0.999
26 - INFO - chord#: 12 done. best_score=27.0, changed=514, unchanged=390, early_stops=8/8
26 - INFO - chord#: 14 In build_straw_man_chord_sa. tolerance = 1, sa_iterations = 1000, initial_temperature = 3.0, cooling_rate = 0.999
26 - INFO - chord#: 14 done. best_score=11.0, changed=486, unchanged=350, early_stops=8/8
26 - INFO - chord#: 16 In build_straw_man_chord_sa. tolerance = 1, sa_iterations = 1000, initial_temperature = 3.0, cooling_rate = 0.999
26 - INFO - chord#: 12 done. best_score=27.0, changed=522, unchanged=426, early_stops=8/8
26 - INFO - chord#: 14 In build_straw_man_chord_sa. tolerance = 1, sa_iterations = 1000, initial_temperature = 3.0, cooling_rate = 0.999
26 - INFO - chord#: 14 done. best_score=11.0, changed=475, unchanged=365, early_stops=8/8
26 - INFO - chord#: 16 In build_straw_man_chord_sa. tolerance = 1, sa_iterations = 1000, initial_temperature = 3.0, cooling_rate = 0.999
26 - INFO - chord#: 10 done. best_score=111.0, changed=613, unchanged=234, early_stops=8/8
26 - INFO - chord#: 12 In build_straw_man_chord_sa. tolerance = 1, sa_iterations = 1000, initial_temperature = 3.0, cooling_rate = 0.999
26 - INFO - chord#: 10 done. best_score=111.0, changed=606, unchanged=210, early_stops=8/8
26 - INFO - chord#: 12 In build_straw_man_chord_sa. tolerance = 1, sa_iterations = 1000, initial_temperature = 3.0, cooling_rate = 0.999
26 - INFO - chord#: 10 done. best_score=120.0, changed=611, unchanged=220, early_stops=8/8
26 - INFO - chord#: 12 In build_straw_man_chord_sa. tolerance = 1, sa_iterations = 1000, initial_temperature = 3.0, cooling_rate = 0.999
26 - INFO - chord#: 14 done. best_score=11.0, changed=492, unchanged=340, early_stops=8/8
26 - INFO - chord#: 16 In build_straw_man_chord_sa. tolerance = 1, sa_iterations = 1000, initial_temperature = 3.0, cooling_rate = 0.999
26 - INFO - chord#: 16 done. best_score=27.0, changed=518, unchanged=319, early_stops=8/8
26 - INFO - chord#: 18 In build_straw_man_chord_sa. tolerance = 1, sa_iterations = 1000, initial_temperature = 3.0, cooling_rate = 0.999
26 - INFO - chord#: 10 done. best_score=116.0, changed=609, unchanged=284, early_stops=8/8
26 - INFO - chord#: 12 In build_straw_man_chord_sa. tolerance = 1, sa_iterations = 1000, initial_temperature = 3.0, cooling_rate = 0.999
26 - INFO - chord#: 12 done. best_score=27.0, changed=525, unchanged=446, early_stops=8/8
26 - INFO - chord#: 14 In build_straw_man_chord_sa. tolerance = 1, sa_iterations = 1000, initial_temperature = 3.0, cooling_rate = 0.999
26 - INFO - chord#: 12 done. best_score=27.0, changed=523, unchanged=355, early_stops=8/8
26 - INFO - chord#: 14 In build_straw_man_chord_sa. tolerance = 1, sa_iterations = 1000, initial_temperature = 3.0, cooling_rate = 0.999
26 - INFO - chord#: 14 done. best_score=11.0, changed=477, unchanged=363, early_stops=8/8
26 - INFO - chord#: 16 In build_straw_man_chord_sa. tolerance = 1, sa_iterations = 1000, initial_temperature = 3.0, cooling_rate = 0.999
26 - INFO - chord#: 14 done. best_score=11.0, changed=476, unchanged=356, early_stops=8/8
26 - INFO - chord#: 16 In build_straw_man_chord_sa. tolerance = 1, sa_iterations = 1000, initial_temperature = 3.0, cooling_rate = 0.999
26 - INFO - chord#: 10 done. best_score=105.0, changed=614, unchanged=314, early_stops=8/8
26 - INFO - chord#: 12 In build_straw_man_chord_sa. tolerance = 1, sa_iterations = 1000, initial_temperature = 3.0, cooling_rate = 0.999
26 - INFO - chord#: 16 done. best_score=27.0, changed=528, unchanged=576, early_stops=8/8
26 - INFO - chord#: 18 In build_straw_man_chord_sa. tolerance = 1, sa_iterations = 1000, initial_temperature = 3.0, cooling_rate = 0.999
26 - INFO - chord#: 16 done. best_score=27.0, changed=521, unchanged=363, early_stops=8/8
26 - INFO - chord#: 18 In build_straw_man_chord_sa. tolerance = 1, sa_iterations = 1000, initial_temperature = 3.0, cooling_rate = 0.999
26 - INFO - chord#: 10 done. best_score=105.0, changed=612, unchanged=348, early_stops=8/8
26 - INFO - chord#: 12 In build_straw_man_chord_sa. tolerance = 1, sa_iterations = 1000, initial_temperature = 3.0, cooling_rate = 0.999
26 - INFO - chord#: 18 done. best_score=27.0, changed=521, unchanged=321, early_stops=8/8
26 - INFO - chord#: 20 In build_straw_man_chord_sa. tolerance = 1, sa_iterations = 1000, initial_temperature = 3.0, cooling_rate = 0.999
26 - INFO - chord#: 16 done. best_score=27.0, changed=521, unchanged=535, early_stops=8/8
26 - INFO - chord#: 18 In build_straw_man_chord_sa. tolerance = 1, sa_iterations = 1000, initial_temperature = 3.0, cooling_rate = 0.999
26 - INFO - chord#: 12 done. best_score=27.0, changed=527, unchanged=474, early_stops=8/8
26 - INFO - chord#: 14 In build_straw_man_chord_sa. tolerance = 1, sa_iterations = 1000, initial_temperature = 3.0, cooling_rate = 0.999
26 - INFO - chord#: 12 done. best_score=27.0, changed=527, unchanged=500, early_stops=8/8
26 - INFO - chord#: 14 In build_straw_man_chord_sa. tolerance = 1, sa_iterations = 1000, initial_temperature = 3.0, cooling_rate = 0.999
26 - INFO - chord#: 12 done. best_score=27.0, changed=532, unchanged=591, early_stops=8/8
26 - INFO - chord#: 14 In build_straw_man_chord_sa. tolerance = 1, sa_iterations = 1000, initial_temperature = 3.0, cooling_rate = 0.999
26 - INFO - chord#: 12 done. best_score=27.0, changed=514, unchanged=384, early_stops=8/8
26 - INFO - chord#: 14 In build_straw_man_chord_sa. tolerance = 1, sa_iterations = 1000, initial_temperature = 3.0, cooling_rate = 0.999
26 - INFO - chord#: 14 done. best_score=11.0, changed=473, unchanged=341, early_stops=8/8
26 - INFO - chord#: 16 In build_straw_man_chord_sa. tolerance = 1, sa_iterations = 1000, initial_temperature = 3.0, cooling_rate = 0.999
26 - INFO - chord#: 18 done. best_score=27.0, changed=524, unchanged=414, early_stops=8/8
26 - INFO - chord#: 20 In build_straw_man_chord_sa. tolerance = 1, sa_iterations = 1000, initial_temperature = 3.0, cooling_rate = 0.999
26 - INFO - chord#: 14 done. best_score=11.0, changed=500, unchanged=357, early_stops=8/8
26 - INFO - chord#: 16 In build_straw_man_chord_sa. tolerance = 1, sa_iterations = 1000, initial_temperature = 3.0, cooling_rate = 0.999
26 - INFO - chord#: 14 done. best_score=11.0, changed=487, unchanged=337, early_stops=8/8
26 - INFO - chord#: 16 In build_straw_man_chord_sa. tolerance = 1, sa_iterations = 1000, initial_temperature = 3.0, cooling_rate = 0.999
26 - INFO - chord#: 16 done. best_score=27.0, changed=523, unchanged=466, early_stops=8/8
26 - INFO - chord#: 18 In build_straw_man_chord_sa. tolerance = 1, sa_iterations = 1000, initial_temperature = 3.0, cooling_rate = 0.999
26 - INFO - chord#: 12 done. best_score=27.0, changed=515, unchanged=369, early_stops=8/8
26 - INFO - chord#: 14 In build_straw_man_chord_sa. tolerance = 1, sa_iterations = 1000, initial_temperature = 3.0, cooling_rate = 0.999
26 - INFO - chord#: 14 done. best_score=11.0, changed=481, unchanged=348, early_stops=8/8
26 - INFO - chord#: 16 In build_straw_man_chord_sa. tolerance = 1, sa_iterations = 1000, initial_temperature = 3.0, cooling_rate = 0.999
26 - INFO - chord#: 18 done. best_score=27.0, changed=523, unchanged=423, early_stops=8/8
26 - INFO - chord#: 20 In build_straw_man_chord_sa. tolerance = 1, sa_iterations = 1000, initial_temperature = 3.0, cooling_rate = 0.999
26 - INFO - chord#: 14 done. best_score=11.0, changed=486, unchanged=339, early_stops=8/8
26 - INFO - chord#: 16 In build_straw_man_chord_sa. tolerance = 1, sa_iterations = 1000, initial_temperature = 3.0, cooling_rate = 0.999
26 - INFO - chord#: 20 done. best_score=27.0, changed=515, unchanged=399, early_stops=8/8
26 - INFO - chord#: 22 In build_straw_man_chord_sa. tolerance = 1, sa_iterations = 1000, initial_temperature = 3.0, cooling_rate = 0.999
26 - INFO - chord#: 16 done. best_score=27.0, changed=526, unchanged=519, early_stops=8/8
26 - INFO - chord#: 18 In build_straw_man_chord_sa. tolerance = 1, sa_iterations = 1000, initial_temperature = 3.0, cooling_rate = 0.999
26 - INFO - chord#: 18 done. best_score=27.0, changed=518, unchanged=493, early_stops=8/8
26 - INFO - chord#: 20 In build_straw_man_chord_sa. tolerance = 1, sa_iterations = 1000, initial_temperature = 3.0, cooling_rate = 0.999
26 - INFO - chord#: 12 done. best_score=27.0, changed=523, unchanged=574, early_stops=8/8
26 - INFO - chord#: 14 In build_straw_man_chord_sa. tolerance = 1, sa_iterations = 1000, initial_temperature = 3.0, cooling_rate = 0.999
26 - INFO - chord#: 18 done. best_score=27.0, changed=529, unchanged=377, early_stops=8/8
26 - INFO - chord#: 20 In build_straw_man_chord_sa. tolerance = 1, sa_iterations = 1000, initial_temperature = 3.0, cooling_rate = 0.999
26 - INFO - chord#: 16 done. best_score=27.0, changed=516, unchanged=412, early_stops=8/8
26 - INFO - chord#: 18 In build_straw_man_chord_sa. tolerance = 1, sa_iterations = 1000, initial_temperature = 3.0, cooling_rate = 0.999
26 - INFO - chord#: 14 done. best_score=11.0, changed=479, unchanged=349, early_stops=8/8
26 - INFO - chord#: 20 done. best_score=27.0, changed=518, unchanged=357, early_stops=8/8
26 - INFO - chord#: 16 In build_straw_man_chord_sa. tolerance = 1, sa_iterations = 1000, initial_temperature = 3.0, cooling_rate = 0.999
26 - INFO - chord#: 22 In build_straw_man_chord_sa. tolerance = 1, sa_iterations = 1000, initial_temperature = 3.0, cooling_rate = 0.999
26 - INFO - chord#: 16 done. best_score=27.0, changed=523, unchanged=371, early_stops=8/8
26 - INFO - chord#: 18 In build_straw_man_chord_sa. tolerance = 1, sa_iterations = 1000, initial_temperature = 3.0, cooling_rate = 0.999
26 - INFO - chord#: 16 done. best_score=27.0, changed=519, unchanged=435, early_stops=8/8
26 - INFO - chord#: 18 In build_straw_man_chord_sa. tolerance = 1, sa_iterations = 1000, initial_temperature = 3.0, cooling_rate = 0.999
26 - INFO - chord#: 16 done. best_score=27.0, changed=519, unchanged=484, early_stops=8/8
26 - INFO - chord#: 18 In build_straw_man_chord_sa. tolerance = 1, sa_iterations = 1000, initial_temperature = 3.0, cooling_rate = 0.999
26 - INFO - chord#: 16 done. best_score=27.0, changed=519, unchanged=481, early_stops=8/8
26 - INFO - chord#: 18 In build_straw_man_chord_sa. tolerance = 1, sa_iterations = 1000, initial_temperature = 3.0, cooling_rate = 0.999
26 - INFO - chord#: 20 done. best_score=27.0, changed=514, unchanged=416, early_stops=8/8
26 - INFO - chord#: 22 In build_straw_man_chord_sa. tolerance = 1, sa_iterations = 1000, initial_temperature = 3.0, cooling_rate = 0.999
26 - INFO - chord#: 20 done. best_score=27.0, changed=529, unchanged=413, early_stops=8/8
26 - INFO - chord#: 22 In build_straw_man_chord_sa. tolerance = 1, sa_iterations = 1000, initial_temperature = 3.0, cooling_rate = 0.999
26 - INFO - chord#: 18 done. best_score=27.0, changed=528, unchanged=465, early_stops=8/8
26 - INFO - chord#: 20 In build_straw_man_chord_sa. tolerance = 1, sa_iterations = 1000, initial_temperature = 3.0, cooling_rate = 0.999
26 - INFO - chord#: 20 done. best_score=27.0, changed=518, unchanged=476, early_stops=8/8
26 - INFO - chord#: 22 In build_straw_man_chord_sa. tolerance = 1, sa_iterations = 1000, initial_temperature = 3.0, cooling_rate = 0.999
26 - INFO - chord#: 18 done. best_score=27.0, changed=522, unchanged=418, early_stops=8/8
26 - INFO - chord#: 20 In build_straw_man_chord_sa. tolerance = 1, sa_iterations = 1000, initial_temperature = 3.0, cooling_rate = 0.999
26 - INFO - chord#: 18 done. best_score=27.0, changed=522, unchanged=309, early_stops=8/8
26 - INFO - chord#: 20 In build_straw_man_chord_sa. tolerance = 1, sa_iterations = 1000, initial_temperature = 3.0, cooling_rate = 0.999
26 - INFO - chord#: 18 done. best_score=27.0, changed=521, unchanged=366, early_stops=8/8
26 - INFO - chord#: 20 In build_straw_man_chord_sa. tolerance = 1, sa_iterations = 1000, initial_temperature = 3.0, cooling_rate = 0.999
26 - INFO - chord#: 18 done. best_score=27.0, changed=520, unchanged=397, early_stops=8/8
26 - INFO - chord#: 20 In build_straw_man_chord_sa. tolerance = 1, sa_iterations = 1000, initial_temperature = 3.0, cooling_rate = 0.999
26 - INFO - chord#: 16 done. best_score=27.0, changed=522, unchanged=394, early_stops=8/8
26 - INFO - chord#: 18 In build_straw_man_chord_sa. tolerance = 1, sa_iterations = 1000, initial_temperature = 3.0, cooling_rate = 0.999
26 - INFO - chord#: 18 done. best_score=27.0, changed=521, unchanged=355, early_stops=8/8
26 - INFO - chord#: 20 In build_straw_man_chord_sa. tolerance = 1, sa_iterations = 1000, initial_temperature = 3.0, cooling_rate = 0.999
26 - INFO - chord#: 20 done. best_score=27.0, changed=529, unchanged=396, early_stops=8/8
26 - INFO - chord#: 22 In build_straw_man_chord_sa. tolerance = 1, sa_iterations = 1000, initial_temperature = 3.0, cooling_rate = 0.999
26 - INFO - chord#: 20 done. best_score=27.0, changed=521, unchanged=384, early_stops=8/8
26 - INFO - chord#: 22 In build_straw_man_chord_sa. tolerance = 1, sa_iterations = 1000, initial_temperature = 3.0, cooling_rate = 0.999
26 - INFO - chord#: 22 done. best_score=82.0, changed=618, unchanged=508, early_stops=8/8
26 - INFO - chord#: 24 In build_straw_man_chord_sa. tolerance = 1, sa_iterations = 1000, initial_temperature = 3.0, cooling_rate = 0.999
26 - INFO - chord#: 20 done. best_score=27.0, changed=531, unchanged=505, early_stops=8/8
26 - INFO - chord#: 22 In build_straw_man_chord_sa. tolerance = 1, sa_iterations = 1000, initial_temperature = 3.0, cooling_rate = 0.999
26 - INFO - chord#: 20 done. best_score=27.0, changed=514, unchanged=329, early_stops=8/8
26 - INFO - chord#: 22 In build_straw_man_chord_sa. tolerance = 1, sa_iterations = 1000, initial_temperature = 3.0, cooling_rate = 0.999
26 - INFO - chord#: 18 done. best_score=27.0, changed=520, unchanged=340, early_stops=8/8
26 - INFO - chord#: 20 In build_straw_man_chord_sa. tolerance = 1, sa_iterations = 1000, initial_temperature = 3.0, cooling_rate = 0.999
26 - INFO - chord#: 22 done. best_score=82.0, changed=610, unchanged=298, early_stops=8/8
26 - INFO - chord#: 24 In build_straw_man_chord_sa. tolerance = 1, sa_iterations = 1000, initial_temperature = 3.0, cooling_rate = 0.999
26 - INFO - chord#: 22 done. best_score=136.0, changed=609, unchanged=280, early_stops=8/8
26 - INFO - chord#: 24 In build_straw_man_chord_sa. tolerance = 1, sa_iterations = 1000, initial_temperature = 3.0, cooling_rate = 0.999
26 - INFO - chord#: 20 done. best_score=27.0, changed=525, unchanged=383, early_stops=8/8
26 - INFO - chord#: 22 In build_straw_man_chord_sa. tolerance = 1, sa_iterations = 1000, initial_temperature = 3.0, cooling_rate = 0.999
26 - INFO - chord#: 22 done. best_score=82.0, changed=612, unchanged=274, early_stops=8/8
26 - INFO - chord#: 24 In build_straw_man_chord_sa. tolerance = 1, sa_iterations = 1000, initial_temperature = 3.0, cooling_rate = 0.999
26 - INFO - chord#: 20 done. best_score=27.0, changed=524, unchanged=596, early_stops=8/8
26 - INFO - chord#: 22 In build_straw_man_chord_sa. tolerance = 1, sa_iterations = 1000, initial_temperature = 3.0, cooling_rate = 0.999
26 - INFO - chord#: 22 done. best_score=120.0, changed=607, unchanged=322, early_stops=8/8
26 - INFO - chord#: 24 In build_straw_man_chord_sa. tolerance = 1, sa_iterations = 1000, initial_temperature = 3.0, cooling_rate = 0.999
26 - INFO - chord#: 20 done. best_score=27.0, changed=517, unchanged=449, early_stops=8/8
26 - INFO - chord#: 22 In build_straw_man_chord_sa. tolerance = 1, sa_iterations = 1000, initial_temperature = 3.0, cooling_rate = 0.999
26 - INFO - chord#: 24 done. best_score=125.0, changed=613, unchanged=409, early_stops=8/8
26 - INFO - chord#: 28 In build_straw_man_chord_sa. tolerance = 1, sa_iterations = 1000, initial_temperature = 3.0, cooling_rate = 0.999
26 - INFO - chord#: 22 done. best_score=82.0, changed=616, unchanged=304, early_stops=8/8
26 - INFO - chord#: 24 In build_straw_man_chord_sa. tolerance = 1, sa_iterations = 1000, initial_temperature = 3.0, cooling_rate = 0.999
26 - INFO - chord#: 22 done. best_score=82.0, changed=612, unchanged=397, early_stops=8/8
26 - INFO - chord#: 24 In build_straw_man_chord_sa. tolerance = 1, sa_iterations = 1000, initial_temperature = 3.0, cooling_rate = 0.999
26 - INFO - chord#: 22 done. best_score=82.0, changed=609, unchanged=279, early_stops=8/8
26 - INFO - chord#: 24 In build_straw_man_chord_sa. tolerance = 1, sa_iterations = 1000, initial_temperature = 3.0, cooling_rate = 0.999
26 - INFO - chord#: 24 done. best_score=140.0, changed=614, unchanged=364, early_stops=8/8
26 - INFO - chord#: 28 In build_straw_man_chord_sa. tolerance = 1, sa_iterations = 1000, initial_temperature = 3.0, cooling_rate = 0.999
26 - INFO - chord#: 28 done. best_score=9.0, changed=479, unchanged=419, early_stops=8/8
26 - INFO - chord#: 32 In build_straw_man_chord_sa. tolerance = 1, sa_iterations = 1000, initial_temperature = 3.0, cooling_rate = 0.999
26 - INFO - chord#: 24 done. best_score=162.0, changed=614, unchanged=355, early_stops=8/8
26 - INFO - chord#: 28 In build_straw_man_chord_sa. tolerance = 1, sa_iterations = 1000, initial_temperature = 3.0, cooling_rate = 0.999
26 - INFO - chord#: 22 done. best_score=161.0, changed=609, unchanged=225, early_stops=8/8
26 - INFO - chord#: 24 In build_straw_man_chord_sa. tolerance = 1, sa_iterations = 1000, initial_temperature = 3.0, cooling_rate = 0.999
26 - INFO - chord#: 28 done. best_score=9.0, changed=456, unchanged=451, early_stops=8/8
26 - INFO - chord#: 32 In build_straw_man_chord_sa. tolerance = 1, sa_iterations = 1000, initial_temperature = 3.0, cooling_rate = 0.999
26 - INFO - chord#: 28 done. best_score=9.0, changed=476, unchanged=373, early_stops=8/8
26 - INFO - chord#: 32 In build_straw_man_chord_sa. tolerance = 1, sa_iterations = 1000, initial_temperature = 3.0, cooling_rate = 0.999
26 - INFO - chord#: 24 done. best_score=157.0, changed=613, unchanged=255, early_stops=8/8
26 - INFO - chord#: 28 In build_straw_man_chord_sa. tolerance = 1, sa_iterations = 1000, initial_temperature = 3.0, cooling_rate = 0.999
26 - INFO - chord#: 28 done. best_score=9.0, changed=455, unchanged=364, early_stops=8/8
26 - INFO - chord#: 32 In build_straw_man_chord_sa. tolerance = 1, sa_iterations = 1000, initial_temperature = 3.0, cooling_rate = 0.999
26 - INFO - chord#: 22 done. best_score=120.0, changed=611, unchanged=289, early_stops=8/8
26 - INFO - chord#: 24 In build_straw_man_chord_sa. tolerance = 1, sa_iterations = 1000, initial_temperature = 3.0, cooling_rate = 0.999
26 - INFO - chord#: 32 done. best_score=36.0, changed=522, unchanged=417, early_stops=8/8
26 - INFO - chord#: 36 In build_straw_man_chord_sa. tolerance = 1, sa_iterations = 1000, initial_temperature = 3.0, cooling_rate = 0.999
26 - INFO - chord#: 24 done. best_score=125.0, changed=611, unchanged=420, early_stops=8/8
26 - INFO - chord#: 28 In build_straw_man_chord_sa. tolerance = 1, sa_iterations = 1000, initial_temperature = 3.0, cooling_rate = 0.999
26 - INFO - chord#: 32 done. best_score=36.0, changed=519, unchanged=410, early_stops=8/8
26 - INFO - chord#: 36 In build_straw_man_chord_sa. tolerance = 1, sa_iterations = 1000, initial_temperature = 3.0, cooling_rate = 0.999
26 - INFO - chord#: 28 done. best_score=9.0, changed=469, unchanged=381, early_stops=8/8
26 - INFO - chord#: 32 In build_straw_man_chord_sa. tolerance = 1, sa_iterations = 1000, initial_temperature = 3.0, cooling_rate = 0.999
26 - INFO - chord#: 32 done. best_score=36.0, changed=524, unchanged=413, early_stops=8/8
26 - INFO - chord#: 36 In build_straw_man_chord_sa. tolerance = 1, sa_iterations = 1000, initial_temperature = 3.0, cooling_rate = 0.999
26 - INFO - chord#: 22 done. best_score=82.0, changed=616, unchanged=426, early_stops=8/8
26 - INFO - chord#: 24 In build_straw_man_chord_sa. tolerance = 1, sa_iterations = 1000, initial_temperature = 3.0, cooling_rate = 0.999
26 - INFO - chord#: 24 done. best_score=125.0, changed=611, unchanged=300, early_stops=8/8
26 - INFO - chord#: 28 In build_straw_man_chord_sa. tolerance = 1, sa_iterations = 1000, initial_temperature = 3.0, cooling_rate = 0.999
26 - INFO - chord#: 24 done. best_score=162.0, changed=606, unchanged=283, early_stops=8/8
26 - INFO - chord#: 28 In build_straw_man_chord_sa. tolerance = 1, sa_iterations = 1000, initial_temperature = 3.0, cooling_rate = 0.999
26 - INFO - chord#: 22 done. best_score=82.0, changed=612, unchanged=305, early_stops=8/8
26 - INFO - chord#: 24 In build_straw_man_chord_sa. tolerance = 1, sa_iterations = 1000, initial_temperature = 3.0, cooling_rate = 0.999
26 - INFO - chord#: 32 done. best_score=36.0, changed=527, unchanged=374, early_stops=8/8
26 - INFO - chord#: 36 In build_straw_man_chord_sa. tolerance = 1, sa_iterations = 1000, initial_temperature = 3.0, cooling_rate = 0.999
26 - INFO - chord#: 28 done. best_score=9.0, changed=467, unchanged=373, early_stops=8/8
26 - INFO - chord#: 32 In build_straw_man_chord_sa. tolerance = 1, sa_iterations = 1000, initial_temperature = 3.0, cooling_rate = 0.999
26 - INFO - chord#: 28 done. best_score=9.0, changed=473, unchanged=373, early_stops=8/8
26 - INFO - chord#: 32 In build_straw_man_chord_sa. tolerance = 1, sa_iterations = 1000, initial_temperature = 3.0, cooling_rate = 0.999
26 - INFO - chord#: 36 done. best_score=27.0, changed=522, unchanged=454, early_stops=8/8
26 - INFO - chord#: 40 In build_straw_man_chord_sa. tolerance = 1, sa_iterations = 1000, initial_temperature = 3.0, cooling_rate = 0.999
26 - INFO - chord#: 24 done. best_score=96.0, changed=609, unchanged=266, early_stops=8/8
26 - INFO - chord#: 28 In build_straw_man_chord_sa. tolerance = 1, sa_iterations = 1000, initial_temperature = 3.0, cooling_rate = 0.999
26 - INFO - chord#: 36 done. best_score=27.0, changed=513, unchanged=477, early_stops=8/8
26 - INFO - chord#: 40 In build_straw_man_chord_sa. tolerance = 1, sa_iterations = 1000, initial_temperature = 3.0, cooling_rate = 0.999
26 - INFO - chord#: 36 done. best_score=27.0, changed=520, unchanged=370, early_stops=8/8
26 - INFO - chord#: 40 In build_straw_man_chord_sa. tolerance = 1, sa_iterations = 1000, initial_temperature = 3.0, cooling_rate = 0.999
26 - INFO - chord#: 28 done. best_score=9.0, changed=463, unchanged=407, early_stops=8/8
26 - INFO - chord#: 32 In build_straw_man_chord_sa. tolerance = 1, sa_iterations = 1000, initial_temperature = 3.0, cooling_rate = 0.999
26 - INFO - chord#: 32 done. best_score=36.0, changed=514, unchanged=322, early_stops=8/8
26 - INFO - chord#: 36 In build_straw_man_chord_sa. tolerance = 1, sa_iterations = 1000, initial_temperature = 3.0, cooling_rate = 0.999
26 - INFO - chord#: 24 done. best_score=125.0, changed=612, unchanged=333, early_stops=8/8
26 - INFO - chord#: 28 In build_straw_man_chord_sa. tolerance = 1, sa_iterations = 1000, initial_temperature = 3.0, cooling_rate = 0.999
26 - INFO - chord#: 28 done. best_score=9.0, changed=458, unchanged=378, early_stops=8/8
26 - INFO - chord#: 32 In build_straw_man_chord_sa. tolerance = 1, sa_iterations = 1000, initial_temperature = 3.0, cooling_rate = 0.999
26 - INFO - chord#: 32 done. best_score=36.0, changed=517, unchanged=336, early_stops=8/8
26 - INFO - chord#: 36 In build_straw_man_chord_sa. tolerance = 1, sa_iterations = 1000, initial_temperature = 3.0, cooling_rate = 0.999
26 - INFO - chord#: 32 done. best_score=36.0, changed=524, unchanged=319, early_stops=8/8
26 - INFO - chord#: 36 In build_straw_man_chord_sa. tolerance = 1, sa_iterations = 1000, initial_temperature = 3.0, cooling_rate = 0.999
26 - INFO - chord#: 40 done. best_score=27.0, changed=523, unchanged=460, early_stops=8/8
26 - INFO - chord#: 42 In build_straw_man_chord_sa. tolerance = 1, sa_iterations = 1000, initial_temperature = 3.0, cooling_rate = 0.999
26 - INFO - chord#: 36 done. best_score=27.0, changed=520, unchanged=372, early_stops=8/8
26 - INFO - chord#: 40 In build_straw_man_chord_sa. tolerance = 1, sa_iterations = 1000, initial_temperature = 3.0, cooling_rate = 0.999
26 - INFO - chord#: 40 done. best_score=27.0, changed=519, unchanged=460, early_stops=8/8
26 - INFO - chord#: 42 In build_straw_man_chord_sa. tolerance = 1, sa_iterations = 1000, initial_temperature = 3.0, cooling_rate = 0.999
26 - INFO - chord#: 40 done. best_score=27.0, changed=519, unchanged=439, early_stops=8/8
26 - INFO - chord#: 42 In build_straw_man_chord_sa. tolerance = 1, sa_iterations = 1000, initial_temperature = 3.0, cooling_rate = 0.999
26 - INFO - chord#: 32 done. best_score=36.0, changed=518, unchanged=376, early_stops=8/8
26 - INFO - chord#: 36 In build_straw_man_chord_sa. tolerance = 1, sa_iterations = 1000, initial_temperature = 3.0, cooling_rate = 0.999
26 - INFO - chord#: 24 done. best_score=160.0, changed=612, unchanged=345, early_stops=8/8
26 - INFO - chord#: 28 In build_straw_man_chord_sa. tolerance = 1, sa_iterations = 1000, initial_temperature = 3.0, cooling_rate = 0.999
26 - INFO - chord#: 36 done. best_score=27.0, changed=513, unchanged=337, early_stops=8/8
26 - INFO - chord#: 40 In build_straw_man_chord_sa. tolerance = 1, sa_iterations = 1000, initial_temperature = 3.0, cooling_rate = 0.999
26 - INFO - chord#: 28 done. best_score=9.0, changed=463, unchanged=374, early_stops=8/8
26 - INFO - chord#: 32 In build_straw_man_chord_sa. tolerance = 1, sa_iterations = 1000, initial_temperature = 3.0, cooling_rate = 0.999
26 - INFO - chord#: 36 done. best_score=27.0, changed=527, unchanged=489, early_stops=8/8
26 - INFO - chord#: 40 In build_straw_man_chord_sa. tolerance = 1, sa_iterations = 1000, initial_temperature = 3.0, cooling_rate = 0.999
26 - INFO - chord#: 36 done. best_score=27.0, changed=522, unchanged=462, early_stops=8/8
26 - INFO - chord#: 40 In build_straw_man_chord_sa. tolerance = 1, sa_iterations = 1000, initial_temperature = 3.0, cooling_rate = 0.999
26 - INFO - chord#: 42 done. best_score=36.0, changed=517, unchanged=370, early_stops=8/8
26 - INFO - chord#: 44 In build_straw_man_chord_sa. tolerance = 1, sa_iterations = 1000, initial_temperature = 3.0, cooling_rate = 0.999
26 - INFO - chord#: 24 done. best_score=78.0, changed=606, unchanged=216, early_stops=8/8
26 - INFO - chord#: 28 In build_straw_man_chord_sa. tolerance = 1, sa_iterations = 1000, initial_temperature = 3.0, cooling_rate = 0.999
26 - INFO - chord#: 42 done. best_score=36.0, changed=518, unchanged=307, early_stops=8/8
26 - INFO - chord#: 44 In build_straw_man_chord_sa. tolerance = 1, sa_iterations = 1000, initial_temperature = 3.0, cooling_rate = 0.999
26 - INFO - chord#: 40 done. best_score=27.0, changed=514, unchanged=335, early_stops=8/8
26 - INFO - chord#: 42 In build_straw_man_chord_sa. tolerance = 1, sa_iterations = 1000, initial_temperature = 3.0, cooling_rate = 0.999
26 - INFO - chord#: 42 done. best_score=36.0, changed=518, unchanged=378, early_stops=8/8
26 - INFO - chord#: 44 In build_straw_man_chord_sa. tolerance = 1, sa_iterations = 1000, initial_temperature = 3.0, cooling_rate = 0.999
26 - INFO - chord#: 32 done. best_score=36.0, changed=533, unchanged=521, early_stops=8/8
26 - INFO - chord#: 36 In build_straw_man_chord_sa. tolerance = 1, sa_iterations = 1000, initial_temperature = 3.0, cooling_rate = 0.999
26 - INFO - chord#: 36 done. best_score=27.0, changed=525, unchanged=394, early_stops=8/8
26 - INFO - chord#: 40 In build_straw_man_chord_sa. tolerance = 1, sa_iterations = 1000, initial_temperature = 3.0, cooling_rate = 0.999
26 - INFO - chord#: 28 done. best_score=9.0, changed=486, unchanged=392, early_stops=8/8
26 - INFO - chord#: 32 In build_straw_man_chord_sa. tolerance = 1, sa_iterations = 1000, initial_temperature = 3.0, cooling_rate = 0.999
26 - INFO - chord#: 24 done. best_score=96.0, changed=609, unchanged=401, early_stops=8/8
26 - INFO - chord#: 28 In build_straw_man_chord_sa. tolerance = 1, sa_iterations = 1000, initial_temperature = 3.0, cooling_rate = 0.999
26 - INFO - chord#: 40 done. best_score=27.0, changed=522, unchanged=369, early_stops=8/8
26 - INFO - chord#: 42 In build_straw_man_chord_sa. tolerance = 1, sa_iterations = 1000, initial_temperature = 3.0, cooling_rate = 0.999
26 - INFO - chord#: 40 done. best_score=27.0, changed=518, unchanged=315, early_stops=8/8
26 - INFO - chord#: 42 In build_straw_man_chord_sa. tolerance = 1, sa_iterations = 1000, initial_temperature = 3.0, cooling_rate = 0.999
26 - INFO - chord#: 28 done. best_score=9.0, changed=468, unchanged=352, early_stops=8/8
26 - INFO - chord#: 32 In build_straw_man_chord_sa. tolerance = 1, sa_iterations = 1000, initial_temperature = 3.0, cooling_rate = 0.999
26 - INFO - chord#: 44 done. best_score=27.0, changed=518, unchanged=353, early_stops=8/8
26 - INFO - chord#: 46 In build_straw_man_chord_sa. tolerance = 1, sa_iterations = 1000, initial_temperature = 3.0, cooling_rate = 0.999
26 - INFO - chord#: 32 done. best_score=36.0, changed=516, unchanged=329, early_stops=8/8
26 - INFO - chord#: 36 In build_straw_man_chord_sa. tolerance = 1, sa_iterations = 1000, initial_temperature = 3.0, cooling_rate = 0.999
26 - INFO - chord#: 40 done. best_score=27.0, changed=529, unchanged=451, early_stops=8/8
26 - INFO - chord#: 42 In build_straw_man_chord_sa. tolerance = 1, sa_iterations = 1000, initial_temperature = 3.0, cooling_rate = 0.999
26 - INFO - chord#: 44 done. best_score=27.0, changed=518, unchanged=404, early_stops=8/8
26 - INFO - chord#: 46 In build_straw_man_chord_sa. tolerance = 1, sa_iterations = 1000, initial_temperature = 3.0, cooling_rate = 0.999
26 - INFO - chord#: 44 done. best_score=27.0, changed=525, unchanged=452, early_stops=8/8
26 - INFO - chord#: 46 In build_straw_man_chord_sa. tolerance = 1, sa_iterations = 1000, initial_temperature = 3.0, cooling_rate = 0.999
26 - INFO - chord#: 40 done. best_score=27.0, changed=516, unchanged=424, early_stops=8/8
26 - INFO - chord#: 42 In build_straw_man_chord_sa. tolerance = 1, sa_iterations = 1000, initial_temperature = 3.0, cooling_rate = 0.999
26 - INFO - chord#: 42 done. best_score=36.0, changed=510, unchanged=389, early_stops=8/8
26 - INFO - chord#: 44 In build_straw_man_chord_sa. tolerance = 1, sa_iterations = 1000, initial_temperature = 3.0, cooling_rate = 0.999
26 - INFO - chord#: 32 done. best_score=36.0, changed=520, unchanged=361, early_stops=8/8
26 - INFO - chord#: 36 In build_straw_man_chord_sa. tolerance = 1, sa_iterations = 1000, initial_temperature = 3.0, cooling_rate = 0.999
26 - INFO - chord#: 42 done. best_score=36.0, changed=526, unchanged=345, early_stops=8/8
26 - INFO - chord#: 44 In build_straw_man_chord_sa. tolerance = 1, sa_iterations = 1000, initial_temperature = 3.0, cooling_rate = 0.999
26 - INFO - chord#: 42 done. best_score=36.0, changed=515, unchanged=353, early_stops=8/8
26 - INFO - chord#: 44 In build_straw_man_chord_sa. tolerance = 1, sa_iterations = 1000, initial_temperature = 3.0, cooling_rate = 0.999
26 - INFO - chord#: 36 done. best_score=27.0, changed=527, unchanged=604, early_stops=8/8
26 - INFO - chord#: 40 In build_straw_man_chord_sa. tolerance = 1, sa_iterations = 1000, initial_temperature = 3.0, cooling_rate = 0.999
26 - INFO - chord#: 32 done. best_score=36.0, changed=526, unchanged=425, early_stops=8/8
26 - INFO - chord#: 36 In build_straw_man_chord_sa. tolerance = 1, sa_iterations = 1000, initial_temperature = 3.0, cooling_rate = 0.999
26 - INFO - chord#: 36 done. best_score=27.0, changed=511, unchanged=481, early_stops=8/8
26 - INFO - chord#: 40 In build_straw_man_chord_sa. tolerance = 1, sa_iterations = 1000, initial_temperature = 3.0, cooling_rate = 0.999
26 - INFO - chord#: 42 done. best_score=36.0, changed=517, unchanged=373, early_stops=8/8
26 - INFO - chord#: 44 In build_straw_man_chord_sa. tolerance = 1, sa_iterations = 1000, initial_temperature = 3.0, cooling_rate = 0.999
26 - INFO - chord#: 42 done. best_score=36.0, changed=530, unchanged=460, early_stops=8/8
26 - INFO - chord#: 44 In build_straw_man_chord_sa. tolerance = 1, sa_iterations = 1000, initial_temperature = 3.0, cooling_rate = 0.999
26 - INFO - chord#: 44 done. best_score=27.0, changed=520, unchanged=418, early_stops=8/8
26 - INFO - chord#: 46 In build_straw_man_chord_sa. tolerance = 1, sa_iterations = 1000, initial_temperature = 3.0, cooling_rate = 0.999
26 - INFO - chord#: 44 done. best_score=27.0, changed=519, unchanged=431, early_stops=8/8
26 - INFO - chord#: 46 In build_straw_man_chord_sa. tolerance = 1, sa_iterations = 1000, initial_temperature = 3.0, cooling_rate = 0.999
26 - INFO - chord#: 36 done. best_score=27.0, changed=515, unchanged=340, early_stops=8/8
26 - INFO - chord#: 40 In build_straw_man_chord_sa. tolerance = 1, sa_iterations = 1000, initial_temperature = 3.0, cooling_rate = 0.999
26 - INFO - chord#: 44 done. best_score=27.0, changed=529, unchanged=518, early_stops=8/8
26 - INFO - chord#: 46 In build_straw_man_chord_sa. tolerance = 1, sa_iterations = 1000, initial_temperature = 3.0, cooling_rate = 0.999
26 - INFO - chord#: 46 done. best_score=125.0, changed=611, unchanged=314, early_stops=8/8
26 - INFO - chord#: 48 In build_straw_man_chord_sa. tolerance = 1, sa_iterations = 1000, initial_temperature = 3.0, cooling_rate = 0.999
26 - INFO - chord#: 40 done. best_score=27.0, changed=524, unchanged=437, early_stops=8/8
26 - INFO - chord#: 42 In build_straw_man_chord_sa. tolerance = 1, sa_iterations = 1000, initial_temperature = 3.0, cooling_rate = 0.999
26 - INFO - chord#: 46 done. best_score=64.0, changed=610, unchanged=258, early_stops=8/8
26 - INFO - chord#: 48 In build_straw_man_chord_sa. tolerance = 1, sa_iterations = 1000, initial_temperature = 3.0, cooling_rate = 0.999
26 - INFO - chord#: 36 done. best_score=27.0, changed=518, unchanged=488, early_stops=8/8
26 - INFO - chord#: 40 In build_straw_man_chord_sa. tolerance = 1, sa_iterations = 1000, initial_temperature = 3.0, cooling_rate = 0.999
26 - INFO - chord#: 44 done. best_score=27.0, changed=518, unchanged=382, early_stops=8/8
26 - INFO - chord#: 46 In build_straw_man_chord_sa. tolerance = 1, sa_iterations = 1000, initial_temperature = 3.0, cooling_rate = 0.999
26 - INFO - chord#: 40 done. best_score=27.0, changed=527, unchanged=431, early_stops=8/8
26 - INFO - chord#: 44 done. best_score=27.0, changed=521, unchanged=424, early_stops=8/8
26 - INFO - chord#: 42 In build_straw_man_chord_sa. tolerance = 1, sa_iterations = 1000, initial_temperature = 3.0, cooling_rate = 0.999
26 - INFO - chord#: 46 In build_straw_man_chord_sa. tolerance = 1, sa_iterations = 1000, initial_temperature = 3.0, cooling_rate = 0.999
26 - INFO - chord#: 46 done. best_score=64.0, changed=614, unchanged=408, early_stops=8/8
26 - INFO - chord#: 48 In build_straw_man_chord_sa. tolerance = 1, sa_iterations = 1000, initial_temperature = 3.0, cooling_rate = 0.999
26 - INFO - chord#: 48 done. best_score=27.0, changed=519, unchanged=405, early_stops=8/8
26 - INFO - chord#: 50 In build_straw_man_chord_sa. tolerance = 1, sa_iterations = 1000, initial_temperature = 3.0, cooling_rate = 0.999
26 - INFO - chord#: 40 done. best_score=27.0, changed=527, unchanged=367, early_stops=8/8
26 - INFO - chord#: 42 In build_straw_man_chord_sa. tolerance = 1, sa_iterations = 1000, initial_temperature = 3.0, cooling_rate = 0.999
26 - INFO - chord#: 48 done. best_score=27.0, changed=524, unchanged=435, early_stops=8/8
26 - INFO - chord#: 50 In build_straw_man_chord_sa. tolerance = 1, sa_iterations = 1000, initial_temperature = 3.0, cooling_rate = 0.999
26 - INFO - chord#: 40 done. best_score=27.0, changed=515, unchanged=324, early_stops=8/8
26 - INFO - chord#: 42 In build_straw_man_chord_sa. tolerance = 1, sa_iterations = 1000, initial_temperature = 3.0, cooling_rate = 0.999
26 - INFO - chord#: 42 done. best_score=36.0, changed=523, unchanged=404, early_stops=8/8
26 - INFO - chord#: 44 In build_straw_man_chord_sa. tolerance = 1, sa_iterations = 1000, initial_temperature = 3.0, cooling_rate = 0.999
26 - INFO - chord#: 42 done. best_score=36.0, changed=523, unchanged=332, early_stops=8/8
26 - INFO - chord#: 44 In build_straw_man_chord_sa. tolerance = 1, sa_iterations = 1000, initial_temperature = 3.0, cooling_rate = 0.999
26 - INFO - chord#: 48 done. best_score=27.0, changed=516, unchanged=428, early_stops=8/8
26 - INFO - chord#: 50 In build_straw_man_chord_sa. tolerance = 1, sa_iterations = 1000, initial_temperature = 3.0, cooling_rate = 0.999
26 - INFO - chord#: 46 done. best_score=104.0, changed=612, unchanged=282, early_stops=8/8
26 - INFO - chord#: 48 In build_straw_man_chord_sa. tolerance = 1, sa_iterations = 1000, initial_temperature = 3.0, cooling_rate = 0.999
26 - INFO - chord#: 46 done. best_score=64.0, changed=611, unchanged=322, early_stops=8/8
26 - INFO - chord#: 48 In build_straw_man_chord_sa. tolerance = 1, sa_iterations = 1000, initial_temperature = 3.0, cooling_rate = 0.999
26 - INFO - chord#: 42 done. best_score=36.0, changed=521, unchanged=373, early_stops=8/8
26 - INFO - chord#: 44 In build_straw_man_chord_sa. tolerance = 1, sa_iterations = 1000, initial_temperature = 3.0, cooling_rate = 0.999
26 - INFO - chord#: 46 done. best_score=64.0, changed=613, unchanged=311, early_stops=8/8
26 - INFO - chord#: 48 In build_straw_man_chord_sa. tolerance = 1, sa_iterations = 1000, initial_temperature = 3.0, cooling_rate = 0.999
26 - INFO - chord#: 48 done. best_score=27.0, changed=519, unchanged=386, early_stops=8/8
26 - INFO - chord#: 50 In build_straw_man_chord_sa. tolerance = 1, sa_iterations = 1000, initial_temperature = 3.0, cooling_rate = 0.999
26 - INFO - chord#: 42 done. best_score=36.0, changed=524, unchanged=406, early_stops=8/8
26 - INFO - chord#: 44 In build_straw_man_chord_sa. tolerance = 1, sa_iterations = 1000, initial_temperature = 3.0, cooling_rate = 0.999
26 - INFO - chord#: 44 done. best_score=27.0, changed=518, unchanged=364, early_stops=8/8
26 - INFO - chord#: 46 In build_straw_man_chord_sa. tolerance = 1, sa_iterations = 1000, initial_temperature = 3.0, cooling_rate = 0.999
26 - INFO - chord#: 44 done. best_score=27.0, changed=523, unchanged=409, early_stops=8/8
26 - INFO - chord#: 46 In build_straw_man_chord_sa. tolerance = 1, sa_iterations = 1000, initial_temperature = 3.0, cooling_rate = 0.999
26 - INFO - chord#: 46 done. best_score=64.0, changed=618, unchanged=414, early_stops=8/8
26 - INFO - chord#: 48 In build_straw_man_chord_sa. tolerance = 1, sa_iterations = 1000, initial_temperature = 3.0, cooling_rate = 0.999
26 - INFO - chord#: 46 done. best_score=64.0, changed=610, unchanged=275, early_stops=8/8
26 - INFO - chord#: 48 In build_straw_man_chord_sa. tolerance = 1, sa_iterations = 1000, initial_temperature = 3.0, cooling_rate = 0.999
26 - INFO - chord#: 48 done. best_score=27.0, changed=520, unchanged=417, early_stops=8/8
26 - INFO - chord#: 50 In build_straw_man_chord_sa. tolerance = 1, sa_iterations = 1000, initial_temperature = 3.0, cooling_rate = 0.999
26 - INFO - chord#: 50 done. best_score=105.0, changed=612, unchanged=278, early_stops=8/8
26 - INFO - chord#: 52 In build_straw_man_chord_sa. tolerance = 1, sa_iterations = 1000, initial_temperature = 3.0, cooling_rate = 0.999
26 - INFO - chord#: 44 done. best_score=27.0, changed=518, unchanged=345, early_stops=8/8
26 - INFO - chord#: 46 In build_straw_man_chord_sa. tolerance = 1, sa_iterations = 1000, initial_temperature = 3.0, cooling_rate = 0.999
26 - INFO - chord#: 50 done. best_score=93.0, changed=609, unchanged=301, early_stops=8/8
26 - INFO - chord#: 52 In build_straw_man_chord_sa. tolerance = 1, sa_iterations = 1000, initial_temperature = 3.0, cooling_rate = 0.999
26 - INFO - chord#: 48 done. best_score=27.0, changed=530, unchanged=350, early_stops=8/8
26 - INFO - chord#: 50 In build_straw_man_chord_sa. tolerance = 1, sa_iterations = 1000, initial_temperature = 3.0, cooling_rate = 0.999
26 - INFO - chord#: 50 done. best_score=94.0, changed=610, unchanged=226, early_stops=8/8
26 - INFO - chord#: 52 In build_straw_man_chord_sa. tolerance = 1, sa_iterations = 1000, initial_temperature = 3.0, cooling_rate = 0.999
26 - INFO - chord#: 48 done. best_score=27.0, changed=531, unchanged=547, early_stops=8/8
26 - INFO - chord#: 50 In build_straw_man_chord_sa. tolerance = 1, sa_iterations = 1000, initial_temperature = 3.0, cooling_rate = 0.999
26 - INFO - chord#: 44 done. best_score=27.0, changed=530, unchanged=532, early_stops=8/8
26 - INFO - chord#: 46 In build_straw_man_chord_sa. tolerance = 1, sa_iterations = 1000, initial_temperature = 3.0, cooling_rate = 0.999
26 - INFO - chord#: 48 done. best_score=27.0, changed=528, unchanged=453, early_stops=8/8
26 - INFO - chord#: 50 In build_straw_man_chord_sa. tolerance = 1, sa_iterations = 1000, initial_temperature = 3.0, cooling_rate = 0.999
26 - INFO - chord#: 50 done. best_score=93.0, changed=611, unchanged=264, early_stops=8/8
26 - INFO - chord#: 52 In build_straw_man_chord_sa. tolerance = 1, sa_iterations = 1000, initial_temperature = 3.0, cooling_rate = 0.999
26 - INFO - chord#: 50 done. best_score=96.0, changed=615, unchanged=343, early_stops=8/8
26 - INFO - chord#: 52 In build_straw_man_chord_sa. tolerance = 1, sa_iterations = 1000, initial_temperature = 3.0, cooling_rate = 0.999
26 - INFO - chord#: 52 done. best_score=137.0, changed=610, unchanged=286, early_stops=8/8
26 - INFO - chord#: 56 In build_straw_man_chord_sa. tolerance = 1, sa_iterations = 1000, initial_temperature = 3.0, cooling_rate = 0.999
26 - INFO - chord#: 46 done. best_score=64.0, changed=606, unchanged=287, early_stops=8/8
26 - INFO - chord#: 48 In build_straw_man_chord_sa. tolerance = 1, sa_iterations = 1000, initial_temperature = 3.0, cooling_rate = 0.999
26 - INFO - chord#: 52 done. best_score=125.0, changed=612, unchanged=367, early_stops=8/8
26 - INFO - chord#: 56 In build_straw_man_chord_sa. tolerance = 1, sa_iterations = 1000, initial_temperature = 3.0, cooling_rate = 0.999
26 - INFO - chord#: 46 done. best_score=64.0, changed=612, unchanged=415, early_stops=8/8
26 - INFO - chord#: 48 In build_straw_man_chord_sa. tolerance = 1, sa_iterations = 1000, initial_temperature = 3.0, cooling_rate = 0.999
26 - INFO - chord#: 50 done. best_score=94.0, changed=606, unchanged=268, early_stops=8/8
26 - INFO - chord#: 52 In build_straw_man_chord_sa. tolerance = 1, sa_iterations = 1000, initial_temperature = 3.0, cooling_rate = 0.999
26 - INFO - chord#: 52 done. best_score=119.0, changed=616, unchanged=352, early_stops=8/8
26 - INFO - chord#: 56 In build_straw_man_chord_sa. tolerance = 1, sa_iterations = 1000, initial_temperature = 3.0, cooling_rate = 0.999
26 - INFO - chord#: 50 done. best_score=93.0, changed=610, unchanged=303, early_stops=8/8
26 - INFO - chord#: 52 In build_straw_man_chord_sa. tolerance = 1, sa_iterations = 1000, initial_temperature = 3.0, cooling_rate = 0.999
26 - INFO - chord#: 56 done. best_score=27.0, changed=516, unchanged=423, early_stops=8/8
26 - INFO - chord#: 58 In build_straw_man_chord_sa. tolerance = 1, sa_iterations = 1000, initial_temperature = 3.0, cooling_rate = 0.999
26 - INFO - chord#: 46 done. best_score=64.0, changed=610, unchanged=443, early_stops=8/8
26 - INFO - chord#: 48 In build_straw_man_chord_sa. tolerance = 1, sa_iterations = 1000, initial_temperature = 3.0, cooling_rate = 0.999
26 - INFO - chord#: 48 done. best_score=27.0, changed=521, unchanged=457, early_stops=8/8
26 - INFO - chord#: 50 In build_straw_man_chord_sa. tolerance = 1, sa_iterations = 1000, initial_temperature = 3.0, cooling_rate = 0.999
26 - INFO - chord#: 46 done. best_score=64.0, changed=611, unchanged=254, early_stops=8/8
26 - INFO - chord#: 48 In build_straw_man_chord_sa. tolerance = 1, sa_iterations = 1000, initial_temperature = 3.0, cooling_rate = 0.999
26 - INFO - chord#: 56 done. best_score=27.0, changed=519, unchanged=389, early_stops=8/8
26 - INFO - chord#: 58 In build_straw_man_chord_sa. tolerance = 1, sa_iterations = 1000, initial_temperature = 3.0, cooling_rate = 0.999
26 - INFO - chord#: 50 done. best_score=93.0, changed=615, unchanged=309, early_stops=8/8
26 - INFO - chord#: 52 In build_straw_man_chord_sa. tolerance = 1, sa_iterations = 1000, initial_temperature = 3.0, cooling_rate = 0.999
26 - INFO - chord#: 48 done. best_score=27.0, changed=527, unchanged=377, early_stops=8/8
26 - INFO - chord#: 50 In build_straw_man_chord_sa. tolerance = 1, sa_iterations = 1000, initial_temperature = 3.0, cooling_rate = 0.999
26 - INFO - chord#: 52 done. best_score=67.0, changed=611, unchanged=374, early_stops=8/8
26 - INFO - chord#: 56 In build_straw_man_chord_sa. tolerance = 1, sa_iterations = 1000, initial_temperature = 3.0, cooling_rate = 0.999
26 - INFO - chord#: 56 done. best_score=27.0, changed=521, unchanged=453, early_stops=8/8
26 - INFO - chord#: 58 In build_straw_man_chord_sa. tolerance = 1, sa_iterations = 1000, initial_temperature = 3.0, cooling_rate = 0.999
26 - INFO - chord#: 48 done. best_score=27.0, changed=519, unchanged=308, early_stops=8/8
26 - INFO - chord#: 50 In build_straw_man_chord_sa. tolerance = 1, sa_iterations = 1000, initial_temperature = 3.0, cooling_rate = 0.999
26 - INFO - chord#: 52 done. best_score=78.0, changed=613, unchanged=474, early_stops=8/8
26 - INFO - chord#: 56 In build_straw_man_chord_sa. tolerance = 1, sa_iterations = 1000, initial_temperature = 3.0, cooling_rate = 0.999
26 - INFO - chord#: 48 done. best_score=27.0, changed=520, unchanged=377, early_stops=8/8
26 - INFO - chord#: 50 In build_straw_man_chord_sa. tolerance = 1, sa_iterations = 1000, initial_temperature = 3.0, cooling_rate = 0.999
26 - INFO - chord#: 56 done. best_score=27.0, changed=509, unchanged=315, early_stops=8/8
26 - INFO - chord#: 58 In build_straw_man_chord_sa. tolerance = 1, sa_iterations = 1000, initial_temperature = 3.0, cooling_rate = 0.999
26 - INFO - chord#: 52 done. best_score=119.0, changed=614, unchanged=359, early_stops=8/8
26 - INFO - chord#: 56 In build_straw_man_chord_sa. tolerance = 1, sa_iterations = 1000, initial_temperature = 3.0, cooling_rate = 0.999
26 - INFO - chord#: 58 done. best_score=67.0, changed=611, unchanged=335, early_stops=8/8
26 - INFO - chord#: 60 In build_straw_man_chord_sa. tolerance = 1, sa_iterations = 1000, initial_temperature = 3.0, cooling_rate = 0.999
26 - INFO - chord#: 56 done. best_score=27.0, changed=526, unchanged=419, early_stops=8/8
26 - INFO - chord#: 58 In build_straw_man_chord_sa. tolerance = 1, sa_iterations = 1000, initial_temperature = 3.0, cooling_rate = 0.999
26 - INFO - chord#: 60 done. best_score=11.0, changed=481, unchanged=356, early_stops=8/8
26 - INFO - chord#: 64 In build_straw_man_chord_sa. tolerance = 1, sa_iterations = 1000, initial_temperature = 3.0, cooling_rate = 0.999
26 - INFO - chord#: 52 done. best_score=78.0, changed=608, unchanged=302, early_stops=8/8
26 - INFO - chord#: 56 In build_straw_man_chord_sa. tolerance = 1, sa_iterations = 1000, initial_temperature = 3.0, cooling_rate = 0.999
26 - INFO - chord#: 50 done. best_score=94.0, changed=610, unchanged=224, early_stops=8/8
26 - INFO - chord#: 52 In build_straw_man_chord_sa. tolerance = 1, sa_iterations = 1000, initial_temperature = 3.0, cooling_rate = 0.999
26 - INFO - chord#: 58 done. best_score=137.0, changed=615, unchanged=295, early_stops=8/8
26 - INFO - chord#: 60 In build_straw_man_chord_sa. tolerance = 1, sa_iterations = 1000, initial_temperature = 3.0, cooling_rate = 0.999
26 - INFO - chord#: 60 done. best_score=11.0, changed=491, unchanged=342, early_stops=8/8
26 - INFO - chord#: 64 In build_straw_man_chord_sa. tolerance = 1, sa_iterations = 1000, initial_temperature = 3.0, cooling_rate = 0.999
26 - INFO - chord#: 56 done. best_score=27.0, changed=514, unchanged=311, early_stops=8/8
26 - INFO - chord#: 58 In build_straw_man_chord_sa. tolerance = 1, sa_iterations = 1000, initial_temperature = 3.0, cooling_rate = 0.999
26 - INFO - chord#: 58 done. best_score=145.0, changed=609, unchanged=298, early_stops=8/8
26 - INFO - chord#: 60 In build_straw_man_chord_sa. tolerance = 1, sa_iterations = 1000, initial_temperature = 3.0, cooling_rate = 0.999
26 - INFO - chord#: 60 done. best_score=11.0, changed=486, unchanged=361, early_stops=8/8
26 - INFO - chord#: 64 In build_straw_man_chord_sa. tolerance = 1, sa_iterations = 1000, initial_temperature = 3.0, cooling_rate = 0.999
26 - INFO - chord#: 64 done. best_score=27.0, changed=522, unchanged=510, early_stops=8/8
26 - INFO - chord#: 68 In build_straw_man_chord_sa. tolerance = 1, sa_iterations = 1000, initial_temperature = 3.0, cooling_rate = 0.999
26 - INFO - chord#: 52 done. best_score=125.0, changed=610, unchanged=365, early_stops=8/8
26 - INFO - chord#: 56 In build_straw_man_chord_sa. tolerance = 1, sa_iterations = 1000, initial_temperature = 3.0, cooling_rate = 0.999
26 - INFO - chord#: 56 done. best_score=27.0, changed=517, unchanged=501, early_stops=8/8
26 - INFO - chord#: 58 In build_straw_man_chord_sa. tolerance = 1, sa_iterations = 1000, initial_temperature = 3.0, cooling_rate = 0.999
26 - INFO - chord#: 58 done. best_score=137.0, changed=610, unchanged=289, early_stops=8/8
26 - INFO - chord#: 60 In build_straw_man_chord_sa. tolerance = 1, sa_iterations = 1000, initial_temperature = 3.0, cooling_rate = 0.999
26 - INFO - chord#: 50 done. best_score=93.0, changed=609, unchanged=324, early_stops=8/8
26 - INFO - chord#: 52 In build_straw_man_chord_sa. tolerance = 1, sa_iterations = 1000, initial_temperature = 3.0, cooling_rate = 0.999
26 - INFO - chord#: 64 done. best_score=27.0, changed=526, unchanged=391, early_stops=8/8
26 - INFO - chord#: 68 In build_straw_man_chord_sa. tolerance = 1, sa_iterations = 1000, initial_temperature = 3.0, cooling_rate = 0.999
26 - INFO - chord#: 50 done. best_score=93.0, changed=612, unchanged=503, early_stops=8/8
26 - INFO - chord#: 52 In build_straw_man_chord_sa. tolerance = 1, sa_iterations = 1000, initial_temperature = 3.0, cooling_rate = 0.999
26 - INFO - chord#: 60 done. best_score=11.0, changed=476, unchanged=331, early_stops=8/8
26 - INFO - chord#: 64 In build_straw_man_chord_sa. tolerance = 1, sa_iterations = 1000, initial_temperature = 3.0, cooling_rate = 0.999
26 - INFO - chord#: 64 done. best_score=27.0, changed=523, unchanged=387, early_stops=8/8
26 - INFO - chord#: 68 In build_straw_man_chord_sa. tolerance = 1, sa_iterations = 1000, initial_temperature = 3.0, cooling_rate = 0.999
26 - INFO - chord#: 50 done. best_score=93.0, changed=613, unchanged=373, early_stops=8/8
26 - INFO - chord#: 52 In build_straw_man_chord_sa. tolerance = 1, sa_iterations = 1000, initial_temperature = 3.0, cooling_rate = 0.999
26 - INFO - chord#: 68 done. best_score=27.0, changed=528, unchanged=490, early_stops=8/8
26 - INFO - chord#: 70 In build_straw_man_chord_sa. tolerance = 1, sa_iterations = 1000, initial_temperature = 3.0, cooling_rate = 0.999
26 - INFO - chord#: 68 done. best_score=27.0, changed=520, unchanged=317, early_stops=8/8
26 - INFO - chord#: 70 In build_straw_man_chord_sa. tolerance = 1, sa_iterations = 1000, initial_temperature = 3.0, cooling_rate = 0.999
26 - INFO - chord#: 58 done. best_score=145.0, changed=607, unchanged=205, early_stops=8/8
26 - INFO - chord#: 60 In build_straw_man_chord_sa. tolerance = 1, sa_iterations = 1000, initial_temperature = 3.0, cooling_rate = 0.999
26 - INFO - chord#: 58 done. best_score=96.0, changed=616, unchanged=366, early_stops=8/8
26 - INFO - chord#: 60 In build_straw_man_chord_sa. tolerance = 1, sa_iterations = 1000, initial_temperature = 3.0, cooling_rate = 0.999
26 - INFO - chord#: 60 done. best_score=11.0, changed=496, unchanged=338, early_stops=8/8
26 - INFO - chord#: 64 In build_straw_man_chord_sa. tolerance = 1, sa_iterations = 1000, initial_temperature = 3.0, cooling_rate = 0.999
26 - INFO - chord#: 56 done. best_score=27.0, changed=518, unchanged=429, early_stops=8/8
26 - INFO - chord#: 58 In build_straw_man_chord_sa. tolerance = 1, sa_iterations = 1000, initial_temperature = 3.0, cooling_rate = 0.999
26 - INFO - chord#: 60 done. best_score=11.0, changed=480, unchanged=349, early_stops=8/8
26 - INFO - chord#: 64 In build_straw_man_chord_sa. tolerance = 1, sa_iterations = 1000, initial_temperature = 3.0, cooling_rate = 0.999
26 - INFO - chord#: 52 done. best_score=137.0, changed=613, unchanged=243, early_stops=8/8
26 - INFO - chord#: 56 In build_straw_man_chord_sa. tolerance = 1, sa_iterations = 1000, initial_temperature = 3.0, cooling_rate = 0.999
26 - INFO - chord#: 68 done. best_score=27.0, changed=515, unchanged=322, early_stops=8/8
26 - INFO - chord#: 70 In build_straw_man_chord_sa. tolerance = 1, sa_iterations = 1000, initial_temperature = 3.0, cooling_rate = 0.999
26 - INFO - chord#: 64 done. best_score=27.0, changed=516, unchanged=328, early_stops=8/8
26 - INFO - chord#: 68 In build_straw_man_chord_sa. tolerance = 1, sa_iterations = 1000, initial_temperature = 3.0, cooling_rate = 0.999
26 - INFO - chord#: 64 done. best_score=27.0, changed=526, unchanged=457, early_stops=8/8
26 - INFO - chord#: 68 In build_straw_man_chord_sa. tolerance = 1, sa_iterations = 1000, initial_temperature = 3.0, cooling_rate = 0.999
26 - INFO - chord#: 64 done. best_score=27.0, changed=524, unchanged=343, early_stops=8/8
26 - INFO - chord#: 68 In build_straw_man_chord_sa. tolerance = 1, sa_iterations = 1000, initial_temperature = 3.0, cooling_rate = 0.999
26 - INFO - chord#: 68 done. best_score=27.0, changed=527, unchanged=383, early_stops=8/8
26 - INFO - chord#: 70 In build_straw_man_chord_sa. tolerance = 1, sa_iterations = 1000, initial_temperature = 3.0, cooling_rate = 0.999
26 - INFO - chord#: 56 done. best_score=27.0, changed=516, unchanged=363, early_stops=8/8
26 - INFO - chord#: 58 In build_straw_man_chord_sa. tolerance = 1, sa_iterations = 1000, initial_temperature = 3.0, cooling_rate = 0.999
26 - INFO - chord#: 52 done. best_score=67.0, changed=608, unchanged=223, early_stops=8/8
26 - INFO - chord#: 56 In build_straw_man_chord_sa. tolerance = 1, sa_iterations = 1000, initial_temperature = 3.0, cooling_rate = 0.999
26 - INFO - chord#: 70 done. best_score=70.0, changed=613, unchanged=327, early_stops=8/8
26 - INFO - chord#: 72 In build_straw_man_chord_sa. tolerance = 1, sa_iterations = 1000, initial_temperature = 3.0, cooling_rate = 0.999
26 - INFO - chord#: 70 done. best_score=70.0, changed=612, unchanged=299, early_stops=8/8
26 - INFO - chord#: 72 In build_straw_man_chord_sa. tolerance = 1, sa_iterations = 1000, initial_temperature = 3.0, cooling_rate = 0.999
26 - INFO - chord#: 68 done. best_score=27.0, changed=519, unchanged=359, early_stops=8/8
26 - INFO - chord#: 70 In build_straw_man_chord_sa. tolerance = 1, sa_iterations = 1000, initial_temperature = 3.0, cooling_rate = 0.999
26 - INFO - chord#: 68 done. best_score=27.0, changed=519, unchanged=342, early_stops=8/8
26 - INFO - chord#: 70 In build_straw_man_chord_sa. tolerance = 1, sa_iterations = 1000, initial_temperature = 3.0, cooling_rate = 0.999
26 - INFO - chord#: 58 done. best_score=67.0, changed=608, unchanged=397, early_stops=8/8
26 - INFO - chord#: 60 In build_straw_man_chord_sa. tolerance = 1, sa_iterations = 1000, initial_temperature = 3.0, cooling_rate = 0.999
26 - INFO - chord#: 72 done. best_score=11.0, changed=482, unchanged=352, early_stops=8/8
26 - INFO - chord#: 74 In build_straw_man_chord_sa. tolerance = 1, sa_iterations = 1000, initial_temperature = 3.0, cooling_rate = 0.999
26 - INFO - chord#: 52 done. best_score=78.0, changed=610, unchanged=371, early_stops=8/8
26 - INFO - chord#: 56 In build_straw_man_chord_sa. tolerance = 1, sa_iterations = 1000, initial_temperature = 3.0, cooling_rate = 0.999
26 - INFO - chord#: 72 done. best_score=11.0, changed=507, unchanged=317, early_stops=8/8
26 - INFO - chord#: 74 In build_straw_man_chord_sa. tolerance = 1, sa_iterations = 1000, initial_temperature = 3.0, cooling_rate = 0.999
26 - INFO - chord#: 60 done. best_score=11.0, changed=491, unchanged=356, early_stops=8/8
26 - INFO - chord#: 64 In build_straw_man_chord_sa. tolerance = 1, sa_iterations = 1000, initial_temperature = 3.0, cooling_rate = 0.999
26 - INFO - chord#: 52 done. best_score=67.0, changed=615, unchanged=387, early_stops=8/8
26 - INFO - chord#: 56 In build_straw_man_chord_sa. tolerance = 1, sa_iterations = 1000, initial_temperature = 3.0, cooling_rate = 0.999
26 - INFO - chord#: 58 done. best_score=145.0, changed=610, unchanged=245, early_stops=8/8
26 - INFO - chord#: 60 In build_straw_man_chord_sa. tolerance = 1, sa_iterations = 1000, initial_temperature = 3.0, cooling_rate = 0.999
26 - INFO - chord#: 70 done. best_score=70.0, changed=616, unchanged=492, early_stops=8/8
26 - INFO - chord#: 72 In build_straw_man_chord_sa. tolerance = 1, sa_iterations = 1000, initial_temperature = 3.0, cooling_rate = 0.999
26 - INFO - chord#: 56 done. best_score=27.0, changed=519, unchanged=527, early_stops=8/8
26 - INFO - chord#: 58 In build_straw_man_chord_sa. tolerance = 1, sa_iterations = 1000, initial_temperature = 3.0, cooling_rate = 0.999
26 - INFO - chord#: 72 done. best_score=11.0, changed=517, unchanged=317, early_stops=8/8
26 - INFO - chord#: 74 In build_straw_man_chord_sa. tolerance = 1, sa_iterations = 1000, initial_temperature = 3.0, cooling_rate = 0.999
26 - INFO - chord#: 60 done. best_score=11.0, changed=483, unchanged=340, early_stops=8/8
26 - INFO - chord#: 64 In build_straw_man_chord_sa. tolerance = 1, sa_iterations = 1000, initial_temperature = 3.0, cooling_rate = 0.999
26 - INFO - chord#: 64 done. best_score=27.0, changed=520, unchanged=358, early_stops=8/8
26 - INFO - chord#: 68 In build_straw_man_chord_sa. tolerance = 1, sa_iterations = 1000, initial_temperature = 3.0, cooling_rate = 0.999
26 - INFO - chord#: 56 done. best_score=27.0, changed=521, unchanged=600, early_stops=8/8
26 - INFO - chord#: 58 In build_straw_man_chord_sa. tolerance = 1, sa_iterations = 1000, initial_temperature = 3.0, cooling_rate = 0.999
26 - INFO - chord#: 70 done. best_score=70.0, changed=619, unchanged=478, early_stops=8/8
26 - INFO - chord#: 72 In build_straw_man_chord_sa. tolerance = 1, sa_iterations = 1000, initial_temperature = 3.0, cooling_rate = 0.999
26 - INFO - chord#: 70 done. best_score=70.0, changed=606, unchanged=227, early_stops=8/8
26 - INFO - chord#: 72 In build_straw_man_chord_sa. tolerance = 1, sa_iterations = 1000, initial_temperature = 3.0, cooling_rate = 0.999
26 - INFO - chord#: 56 done. best_score=27.0, changed=525, unchanged=379, early_stops=8/8
26 - INFO - chord#: 58 In build_straw_man_chord_sa. tolerance = 1, sa_iterations = 1000, initial_temperature = 3.0, cooling_rate = 0.999
26 - INFO - chord#: 72 done. best_score=11.0, changed=486, unchanged=352, early_stops=8/8
26 - INFO - chord#: 74 In build_straw_man_chord_sa. tolerance = 1, sa_iterations = 1000, initial_temperature = 3.0, cooling_rate = 0.999
26 - INFO - chord#: 72 done. best_score=11.0, changed=462, unchanged=357, early_stops=8/8
26 - INFO - chord#: 74 In build_straw_man_chord_sa. tolerance = 1, sa_iterations = 1000, initial_temperature = 3.0, cooling_rate = 0.999
26 - INFO - chord#: 74 done. best_score=127.0, changed=611, unchanged=276, early_stops=8/8
26 - INFO - chord#: 76 In build_straw_man_chord_sa. tolerance = 1, sa_iterations = 1000, initial_temperature = 3.0, cooling_rate = 0.999
26 - INFO - chord#: 70 done. best_score=70.0, changed=622, unchanged=420, early_stops=8/8
26 - INFO - chord#: 72 In build_straw_man_chord_sa. tolerance = 1, sa_iterations = 1000, initial_temperature = 3.0, cooling_rate = 0.999
26 - INFO - chord#: 64 done. best_score=27.0, changed=521, unchanged=420, early_stops=8/8
26 - INFO - chord#: 68 In build_straw_man_chord_sa. tolerance = 1, sa_iterations = 1000, initial_temperature = 3.0, cooling_rate = 0.999
26 - INFO - chord#: 58 done. best_score=96.0, changed=612, unchanged=375, early_stops=8/8
26 - INFO - chord#: 60 In build_straw_man_chord_sa. tolerance = 1, sa_iterations = 1000, initial_temperature = 3.0, cooling_rate = 0.999
26 - INFO - chord#: 74 done. best_score=94.0, changed=627, unchanged=381, early_stops=8/8
26 - INFO - chord#: 76 In build_straw_man_chord_sa. tolerance = 1, sa_iterations = 1000, initial_temperature = 3.0, cooling_rate = 0.999
26 - INFO - chord#: 72 done. best_score=11.0, changed=502, unchanged=344, early_stops=8/8
26 - INFO - chord#: 74 In build_straw_man_chord_sa. tolerance = 1, sa_iterations = 1000, initial_temperature = 3.0, cooling_rate = 0.999
26 - INFO - chord#: 68 done. best_score=27.0, changed=522, unchanged=395, early_stops=8/8
26 - INFO - chord#: 70 In build_straw_man_chord_sa. tolerance = 1, sa_iterations = 1000, initial_temperature = 3.0, cooling_rate = 0.999
26 - INFO - chord#: 60 done. best_score=11.0, changed=483, unchanged=367, early_stops=8/8
26 - INFO - chord#: 64 In build_straw_man_chord_sa. tolerance = 1, sa_iterations = 1000, initial_temperature = 3.0, cooling_rate = 0.999
26 - INFO - chord#: 76 done. best_score=27.0, changed=526, unchanged=360, early_stops=8/8
26 - INFO - chord#: 78 In build_straw_man_chord_sa. tolerance = 1, sa_iterations = 1000, initial_temperature = 3.0, cooling_rate = 0.999
26 - INFO - chord#: 74 done. best_score=94.0, changed=609, unchanged=344, early_stops=8/8
26 - INFO - chord#: 76 In build_straw_man_chord_sa. tolerance = 1, sa_iterations = 1000, initial_temperature = 3.0, cooling_rate = 0.999
26 - INFO - chord#: 68 done. best_score=27.0, changed=523, unchanged=427, early_stops=8/8
26 - INFO - chord#: 70 In build_straw_man_chord_sa. tolerance = 1, sa_iterations = 1000, initial_temperature = 3.0, cooling_rate = 0.999
26 - INFO - chord#: 76 done. best_score=27.0, changed=529, unchanged=500, early_stops=8/8
26 - INFO - chord#: 78 In build_straw_man_chord_sa. tolerance = 1, sa_iterations = 1000, initial_temperature = 3.0, cooling_rate = 0.999
26 - INFO - chord#: 74 done. best_score=147.0, changed=613, unchanged=224, early_stops=8/8
26 - INFO - chord#: 76 In build_straw_man_chord_sa. tolerance = 1, sa_iterations = 1000, initial_temperature = 3.0, cooling_rate = 0.999
26 - INFO - chord#: 58 done. best_score=67.0, changed=615, unchanged=377, early_stops=8/8
26 - INFO - chord#: 60 In build_straw_man_chord_sa. tolerance = 1, sa_iterations = 1000, initial_temperature = 3.0, cooling_rate = 0.999
26 - INFO - chord#: 74 done. best_score=94.0, changed=614, unchanged=298, early_stops=8/8
26 - INFO - chord#: 76 In build_straw_man_chord_sa. tolerance = 1, sa_iterations = 1000, initial_temperature = 3.0, cooling_rate = 0.999
26 - INFO - chord#: 64 done. best_score=27.0, changed=516, unchanged=429, early_stops=8/8
26 - INFO - chord#: 68 In build_straw_man_chord_sa. tolerance = 1, sa_iterations = 1000, initial_temperature = 3.0, cooling_rate = 0.999
26 - INFO - chord#: 58 done. best_score=145.0, changed=607, unchanged=256, early_stops=8/8
26 - INFO - chord#: 60 In build_straw_man_chord_sa. tolerance = 1, sa_iterations = 1000, initial_temperature = 3.0, cooling_rate = 0.999
26 - INFO - chord#: 60 done. best_score=11.0, changed=489, unchanged=356, early_stops=8/8
26 - INFO - chord#: 64 In build_straw_man_chord_sa. tolerance = 1, sa_iterations = 1000, initial_temperature = 3.0, cooling_rate = 0.999
26 - INFO - chord#: 76 done. best_score=27.0, changed=527, unchanged=377, early_stops=8/8
26 - INFO - chord#: 78 In build_straw_man_chord_sa. tolerance = 1, sa_iterations = 1000, initial_temperature = 3.0, cooling_rate = 0.999
26 - INFO - chord#: 58 done. best_score=67.0, changed=610, unchanged=239, early_stops=8/8
26 - INFO - chord#: 60 In build_straw_man_chord_sa. tolerance = 1, sa_iterations = 1000, initial_temperature = 3.0, cooling_rate = 0.999
26 - INFO - chord#: 60 done. best_score=11.0, changed=484, unchanged=351, early_stops=8/8
26 - INFO - chord#: 64 In build_straw_man_chord_sa. tolerance = 1, sa_iterations = 1000, initial_temperature = 3.0, cooling_rate = 0.999
26 - INFO - chord#: 60 done. best_score=11.0, changed=472, unchanged=345, early_stops=8/8
26 - INFO - chord#: 64 In build_straw_man_chord_sa. tolerance = 1, sa_iterations = 1000, initial_temperature = 3.0, cooling_rate = 0.999
26 - INFO - chord#: 74 done. best_score=101.0, changed=610, unchanged=352, early_stops=8/8
26 - INFO - chord#: 76 In build_straw_man_chord_sa. tolerance = 1, sa_iterations = 1000, initial_temperature = 3.0, cooling_rate = 0.999
26 - INFO - chord#: 76 done. best_score=27.0, changed=523, unchanged=363, early_stops=8/8
26 - INFO - chord#: 78 In build_straw_man_chord_sa. tolerance = 1, sa_iterations = 1000, initial_temperature = 3.0, cooling_rate = 0.999
26 - INFO - chord#: 76 done. best_score=27.0, changed=528, unchanged=418, early_stops=8/8
26 - INFO - chord#: 78 In build_straw_man_chord_sa. tolerance = 1, sa_iterations = 1000, initial_temperature = 3.0, cooling_rate = 0.999
26 - INFO - chord#: 78 done. best_score=120.0, changed=612, unchanged=249, early_stops=8/8
26 - INFO - chord#: 80 In build_straw_man_chord_sa. tolerance = 1, sa_iterations = 1000, initial_temperature = 3.0, cooling_rate = 0.999
26 - INFO - chord#: 68 done. best_score=27.0, changed=516, unchanged=330, early_stops=8/8
26 - INFO - chord#: 70 In build_straw_man_chord_sa. tolerance = 1, sa_iterations = 1000, initial_temperature = 3.0, cooling_rate = 0.999
26 - INFO - chord#: 64 done. best_score=27.0, changed=528, unchanged=413, early_stops=8/8
26 - INFO - chord#: 70 done. best_score=70.0, changed=613, unchanged=324, early_stops=8/8
26 - INFO - chord#: 72 In build_straw_man_chord_sa. tolerance = 1, sa_iterations = 1000, initial_temperature = 3.0, cooling_rate = 0.999
26 - INFO - chord#: 68 In build_straw_man_chord_sa. tolerance = 1, sa_iterations = 1000, initial_temperature = 3.0, cooling_rate = 0.999
26 - INFO - chord#: 78 done. best_score=82.0, changed=608, unchanged=290, early_stops=8/8
26 - INFO - chord#: 80 In build_straw_man_chord_sa. tolerance = 1, sa_iterations = 1000, initial_temperature = 3.0, cooling_rate = 0.999
26 - INFO - chord#: 76 done. best_score=27.0, changed=516, unchanged=325, early_stops=8/8
26 - INFO - chord#: 78 In build_straw_man_chord_sa. tolerance = 1, sa_iterations = 1000, initial_temperature = 3.0, cooling_rate = 0.999
26 - INFO - chord#: 64 done. best_score=27.0, changed=524, unchanged=445, early_stops=8/8
26 - INFO - chord#: 68 In build_straw_man_chord_sa. tolerance = 1, sa_iterations = 1000, initial_temperature = 3.0, cooling_rate = 0.999
26 - INFO - chord#: 72 done. best_score=11.0, changed=467, unchanged=345, early_stops=8/8
26 - INFO - chord#: 74 In build_straw_man_chord_sa. tolerance = 1, sa_iterations = 1000, initial_temperature = 3.0, cooling_rate = 0.999
26 - INFO - chord#: 70 done. best_score=155.0, changed=615, unchanged=297, early_stops=8/8
26 - INFO - chord#: 72 In build_straw_man_chord_sa. tolerance = 1, sa_iterations = 1000, initial_temperature = 3.0, cooling_rate = 0.999
26 - INFO - chord#: 64 done. best_score=27.0, changed=523, unchanged=398, early_stops=8/8
26 - INFO - chord#: 68 In build_straw_man_chord_sa. tolerance = 1, sa_iterations = 1000, initial_temperature = 3.0, cooling_rate = 0.999
26 - INFO - chord#: 80 done. best_score=27.0, changed=517, unchanged=370, early_stops=8/8
26 - INFO - chord#: 82 In build_straw_man_chord_sa. tolerance = 1, sa_iterations = 1000, initial_temperature = 3.0, cooling_rate = 0.999
26 - INFO - chord#: 72 done. best_score=11.0, changed=503, unchanged=315, early_stops=8/8
26 - INFO - chord#: 74 In build_straw_man_chord_sa. tolerance = 1, sa_iterations = 1000, initial_temperature = 3.0, cooling_rate = 0.999
26 - INFO - chord#: 78 done. best_score=120.0, changed=616, unchanged=380, early_stops=8/8
26 - INFO - chord#: 80 In build_straw_man_chord_sa. tolerance = 1, sa_iterations = 1000, initial_temperature = 3.0, cooling_rate = 0.999
26 - INFO - chord#: 68 done. best_score=27.0, changed=524, unchanged=433, early_stops=8/8
26 - INFO - chord#: 70 In build_straw_man_chord_sa. tolerance = 1, sa_iterations = 1000, initial_temperature = 3.0, cooling_rate = 0.999
26 - INFO - chord#: 80 done. best_score=27.0, changed=520, unchanged=423, early_stops=8/8
26 - INFO - chord#: 82 In build_straw_man_chord_sa. tolerance = 1, sa_iterations = 1000, initial_temperature = 3.0, cooling_rate = 0.999
26 - INFO - chord#: 68 done. best_score=27.0, changed=532, unchanged=402, early_stops=8/8
26 - INFO - chord#: 70 In build_straw_man_chord_sa. tolerance = 1, sa_iterations = 1000, initial_temperature = 3.0, cooling_rate = 0.999
26 - INFO - chord#: 68 done. best_score=27.0, changed=529, unchanged=360, early_stops=8/8
26 - INFO - chord#: 70 In build_straw_man_chord_sa. tolerance = 1, sa_iterations = 1000, initial_temperature = 3.0, cooling_rate = 0.999
26 - INFO - chord#: 78 done. best_score=82.0, changed=610, unchanged=367, early_stops=8/8
26 - INFO - chord#: 80 In build_straw_man_chord_sa. tolerance = 1, sa_iterations = 1000, initial_temperature = 3.0, cooling_rate = 0.999
26 - INFO - chord#: 78 done. best_score=146.0, changed=614, unchanged=270, early_stops=8/8
26 - INFO - chord#: 80 In build_straw_man_chord_sa. tolerance = 1, sa_iterations = 1000, initial_temperature = 3.0, cooling_rate = 0.999
26 - INFO - chord#: 70 done. best_score=104.0, changed=611, unchanged=241, early_stops=8/8
26 - INFO - chord#: 72 In build_straw_man_chord_sa. tolerance = 1, sa_iterations = 1000, initial_temperature = 3.0, cooling_rate = 0.999
26 - INFO - chord#: 80 done. best_score=27.0, changed=521, unchanged=440, early_stops=8/8
26 - INFO - chord#: 82 In build_straw_man_chord_sa. tolerance = 1, sa_iterations = 1000, initial_temperature = 3.0, cooling_rate = 0.999
26 - INFO - chord#: 78 done. best_score=82.0, changed=612, unchanged=252, early_stops=8/8
26 - INFO - chord#: 80 In build_straw_man_chord_sa. tolerance = 1, sa_iterations = 1000, initial_temperature = 3.0, cooling_rate = 0.999
26 - INFO - chord#: 72 done. best_score=11.0, changed=465, unchanged=355, early_stops=8/8
26 - INFO - chord#: 74 In build_straw_man_chord_sa. tolerance = 1, sa_iterations = 1000, initial_temperature = 3.0, cooling_rate = 0.999
26 - INFO - chord#: 80 done. best_score=27.0, changed=515, unchanged=338, early_stops=8/8
26 - INFO - chord#: 82 In build_straw_man_chord_sa. tolerance = 1, sa_iterations = 1000, initial_temperature = 3.0, cooling_rate = 0.999
26 - INFO - chord#: 80 done. best_score=27.0, changed=519, unchanged=414, early_stops=8/8
26 - INFO - chord#: 82 In build_straw_man_chord_sa. tolerance = 1, sa_iterations = 1000, initial_temperature = 3.0, cooling_rate = 0.999
26 - INFO - chord#: 74 done. best_score=127.0, changed=608, unchanged=284, early_stops=8/8
26 - INFO - chord#: 76 In build_straw_man_chord_sa. tolerance = 1, sa_iterations = 1000, initial_temperature = 3.0, cooling_rate = 0.999
26 - INFO - chord#: 82 done. best_score=119.0, changed=615, unchanged=353, early_stops=8/8
26 - INFO - chord#: 84 In build_straw_man_chord_sa. tolerance = 1, sa_iterations = 1000, initial_temperature = 3.0, cooling_rate = 0.999
26 - INFO - chord#: 82 done. best_score=78.0, changed=607, unchanged=260, early_stops=8/8
26 - INFO - chord#: 84 In build_straw_man_chord_sa. tolerance = 1, sa_iterations = 1000, initial_temperature = 3.0, cooling_rate = 0.999
26 - INFO - chord#: 80 done. best_score=27.0, changed=522, unchanged=406, early_stops=8/8
26 - INFO - chord#: 82 In build_straw_man_chord_sa. tolerance = 1, sa_iterations = 1000, initial_temperature = 3.0, cooling_rate = 0.999
26 - INFO - chord#: 74 done. best_score=131.0, changed=608, unchanged=332, early_stops=8/8
26 - INFO - chord#: 76 In build_straw_man_chord_sa. tolerance = 1, sa_iterations = 1000, initial_temperature = 3.0, cooling_rate = 0.999
26 - INFO - chord#: 70 done. best_score=70.0, changed=614, unchanged=221, early_stops=8/8
26 - INFO - chord#: 72 In build_straw_man_chord_sa. tolerance = 1, sa_iterations = 1000, initial_temperature = 3.0, cooling_rate = 0.999
26 - INFO - chord#: 72 done. best_score=11.0, changed=473, unchanged=364, early_stops=8/8
26 - INFO - chord#: 74 In build_straw_man_chord_sa. tolerance = 1, sa_iterations = 1000, initial_temperature = 3.0, cooling_rate = 0.999
26 - INFO - chord#: 76 done. best_score=27.0, changed=526, unchanged=444, early_stops=8/8
26 - INFO - chord#: 78 In build_straw_man_chord_sa. tolerance = 1, sa_iterations = 1000, initial_temperature = 3.0, cooling_rate = 0.999
26 - INFO - chord#: 84 done. best_score=36.0, changed=538, unchanged=415, early_stops=8/8
26 - INFO - chord#: 86 In build_straw_man_chord_sa. tolerance = 1, sa_iterations = 1000, initial_temperature = 3.0, cooling_rate = 0.999
26 - INFO - chord#: 84 done. best_score=36.0, changed=515, unchanged=327, early_stops=8/8
26 - INFO - chord#: 86 In build_straw_man_chord_sa. tolerance = 1, sa_iterations = 1000, initial_temperature = 3.0, cooling_rate = 0.999
26 - INFO - chord#: 76 done. best_score=27.0, changed=525, unchanged=391, early_stops=8/8
26 - INFO - chord#: 78 In build_straw_man_chord_sa. tolerance = 1, sa_iterations = 1000, initial_temperature = 3.0, cooling_rate = 0.999
26 - INFO - chord#: 70 done. best_score=70.0, changed=612, unchanged=425, early_stops=8/8
26 - INFO - chord#: 72 In build_straw_man_chord_sa. tolerance = 1, sa_iterations = 1000, initial_temperature = 3.0, cooling_rate = 0.999
26 - INFO - chord#: 72 done. best_score=11.0, changed=468, unchanged=354, early_stops=8/8
26 - INFO - chord#: 74 In build_straw_man_chord_sa. tolerance = 1, sa_iterations = 1000, initial_temperature = 3.0, cooling_rate = 0.999
26 - INFO - chord#: 70 done. best_score=70.0, changed=614, unchanged=503, early_stops=8/8
26 - INFO - chord#: 72 In build_straw_man_chord_sa. tolerance = 1, sa_iterations = 1000, initial_temperature = 3.0, cooling_rate = 0.999
26 - INFO - chord#: 82 done. best_score=78.0, changed=615, unchanged=399, early_stops=8/8
26 - INFO - chord#: 84 In build_straw_man_chord_sa. tolerance = 1, sa_iterations = 1000, initial_temperature = 3.0, cooling_rate = 0.999
26 - INFO - chord#: 72 done. best_score=11.0, changed=463, unchanged=346, early_stops=8/8
26 - INFO - chord#: 74 In build_straw_man_chord_sa. tolerance = 1, sa_iterations = 1000, initial_temperature = 3.0, cooling_rate = 0.999
26 - INFO - chord#: 82 done. best_score=67.0, changed=614, unchanged=450, early_stops=8/8
26 - INFO - chord#: 84 In build_straw_man_chord_sa. tolerance = 1, sa_iterations = 1000, initial_temperature = 3.0, cooling_rate = 0.999
26 - INFO - chord#: 74 done. best_score=94.0, changed=616, unchanged=371, early_stops=8/8
26 - INFO - chord#: 76 In build_straw_man_chord_sa. tolerance = 1, sa_iterations = 1000, initial_temperature = 3.0, cooling_rate = 0.999
26 - INFO - chord#: 82 done. best_score=78.0, changed=614, unchanged=440, early_stops=8/8
26 - INFO - chord#: 84 In build_straw_man_chord_sa. tolerance = 1, sa_iterations = 1000, initial_temperature = 3.0, cooling_rate = 0.999
26 - INFO - chord#: 82 done. best_score=155.0, changed=613, unchanged=310, early_stops=8/8
26 - INFO - chord#: 84 In build_straw_man_chord_sa. tolerance = 1, sa_iterations = 1000, initial_temperature = 3.0, cooling_rate = 0.999
26 - INFO - chord#: 84 done. best_score=36.0, changed=521, unchanged=300, early_stops=8/8
26 - INFO - chord#: 86 In build_straw_man_chord_sa. tolerance = 1, sa_iterations = 1000, initial_temperature = 3.0, cooling_rate = 0.999
26 - INFO - chord#: 78 done. best_score=82.0, changed=615, unchanged=336, early_stops=8/8
26 - INFO - chord#: 80 In build_straw_man_chord_sa. tolerance = 1, sa_iterations = 1000, initial_temperature = 3.0, cooling_rate = 0.999
26 - INFO - chord#: 74 done. best_score=94.0, changed=607, unchanged=252, early_stops=8/8
26 - INFO - chord#: 76 In build_straw_man_chord_sa. tolerance = 1, sa_iterations = 1000, initial_temperature = 3.0, cooling_rate = 0.999
26 - INFO - chord#: 84 done. best_score=36.0, changed=529, unchanged=395, early_stops=8/8
26 - INFO - chord#: 86 In build_straw_man_chord_sa. tolerance = 1, sa_iterations = 1000, initial_temperature = 3.0, cooling_rate = 0.999
26 - INFO - chord#: 86 done. best_score=150.0, changed=608, unchanged=261, early_stops=8/8
26 - INFO - chord#: 88 In build_straw_man_chord_sa. tolerance = 1, sa_iterations = 1000, initial_temperature = 3.0, cooling_rate = 0.999
26 - INFO - chord#: 76 done. best_score=27.0, changed=529, unchanged=429, early_stops=8/8
26 - INFO - chord#: 78 In build_straw_man_chord_sa. tolerance = 1, sa_iterations = 1000, initial_temperature = 3.0, cooling_rate = 0.999
26 - INFO - chord#: 84 done. best_score=36.0, changed=520, unchanged=435, early_stops=8/8
26 - INFO - chord#: 86 In build_straw_man_chord_sa. tolerance = 1, sa_iterations = 1000, initial_temperature = 3.0, cooling_rate = 0.999
26 - INFO - chord#: 86 done. best_score=135.0, changed=617, unchanged=419, early_stops=8/8
26 - INFO - chord#: 88 In build_straw_man_chord_sa. tolerance = 1, sa_iterations = 1000, initial_temperature = 3.0, cooling_rate = 0.999
26 - INFO - chord#: 84 done. best_score=36.0, changed=527, unchanged=431, early_stops=8/8
26 - INFO - chord#: 86 In build_straw_man_chord_sa. tolerance = 1, sa_iterations = 1000, initial_temperature = 3.0, cooling_rate = 0.999
26 - INFO - chord#: 80 done. best_score=27.0, changed=520, unchanged=449, early_stops=8/8
26 - INFO - chord#: 82 In build_straw_man_chord_sa. tolerance = 1, sa_iterations = 1000, initial_temperature = 3.0, cooling_rate = 0.999
26 - INFO - chord#: 78 done. best_score=120.0, changed=615, unchanged=327, early_stops=8/8
26 - INFO - chord#: 80 In build_straw_man_chord_sa. tolerance = 1, sa_iterations = 1000, initial_temperature = 3.0, cooling_rate = 0.999
26 - INFO - chord#: 88 done. best_score=27.0, changed=526, unchanged=425, early_stops=8/8
26 - INFO - chord#: 90 In build_straw_man_chord_sa. tolerance = 1, sa_iterations = 1000, initial_temperature = 3.0, cooling_rate = 0.999
26 - INFO - chord#: 76 done. best_score=27.0, changed=523, unchanged=330, early_stops=8/8
26 - INFO - chord#: 78 In build_straw_man_chord_sa. tolerance = 1, sa_iterations = 1000, initial_temperature = 3.0, cooling_rate = 0.999
26 - INFO - chord#: 74 done. best_score=147.0, changed=613, unchanged=300, early_stops=8/8
26 - INFO - chord#: 76 In build_straw_man_chord_sa. tolerance = 1, sa_iterations = 1000, initial_temperature = 3.0, cooling_rate = 0.999
26 - INFO - chord#: 88 done. best_score=27.0, changed=517, unchanged=372, early_stops=8/8
26 - INFO - chord#: 90 In build_straw_man_chord_sa. tolerance = 1, sa_iterations = 1000, initial_temperature = 3.0, cooling_rate = 0.999
26 - INFO - chord#: 74 done. best_score=153.0, changed=608, unchanged=346, early_stops=8/8
26 - INFO - chord#: 76 In build_straw_man_chord_sa. tolerance = 1, sa_iterations = 1000, initial_temperature = 3.0, cooling_rate = 0.999
26 - INFO - chord#: 86 done. best_score=147.0, changed=612, unchanged=327, early_stops=8/8
26 - INFO - chord#: 88 In build_straw_man_chord_sa. tolerance = 1, sa_iterations = 1000, initial_temperature = 3.0, cooling_rate = 0.999
26 - INFO - chord#: 80 done. best_score=27.0, changed=529, unchanged=457, early_stops=8/8
26 - INFO - chord#: 82 In build_straw_man_chord_sa. tolerance = 1, sa_iterations = 1000, initial_temperature = 3.0, cooling_rate = 0.999
26 - INFO - chord#: 76 done. best_score=27.0, changed=529, unchanged=383, early_stops=8/8
26 - INFO - chord#: 78 In build_straw_man_chord_sa. tolerance = 1, sa_iterations = 1000, initial_temperature = 3.0, cooling_rate = 0.999
26 - INFO - chord#: 86 done. best_score=147.0, changed=611, unchanged=317, early_stops=8/8
26 - INFO - chord#: 88 In build_straw_man_chord_sa. tolerance = 1, sa_iterations = 1000, initial_temperature = 3.0, cooling_rate = 0.999
26 - INFO - chord#: 86 done. best_score=135.0, changed=612, unchanged=415, early_stops=8/8
26 - INFO - chord#: 88 In build_straw_man_chord_sa. tolerance = 1, sa_iterations = 1000, initial_temperature = 3.0, cooling_rate = 0.999
26 - INFO - chord#: 88 done. best_score=27.0, changed=519, unchanged=413, early_stops=8/8
26 - INFO - chord#: 90 In build_straw_man_chord_sa. tolerance = 1, sa_iterations = 1000, initial_temperature = 3.0, cooling_rate = 0.999
26 - INFO - chord#: 76 done. best_score=27.0, changed=524, unchanged=480, early_stops=8/8
26 - INFO - chord#: 78 In build_straw_man_chord_sa. tolerance = 1, sa_iterations = 1000, initial_temperature = 3.0, cooling_rate = 0.999
26 - INFO - chord#: 90 done. best_score=70.0, changed=612, unchanged=312, early_stops=8/8
26 - INFO - chord#: 92 In build_straw_man_chord_sa. tolerance = 1, sa_iterations = 1000, initial_temperature = 3.0, cooling_rate = 0.999
26 - INFO - chord#: 78 done. best_score=82.0, changed=619, unchanged=406, early_stops=8/8
26 - INFO - chord#: 80 In build_straw_man_chord_sa. tolerance = 1, sa_iterations = 1000, initial_temperature = 3.0, cooling_rate = 0.999
26 - INFO - chord#: 90 done. best_score=111.0, changed=611, unchanged=262, early_stops=8/8
26 - INFO - chord#: 92 In build_straw_man_chord_sa. tolerance = 1, sa_iterations = 1000, initial_temperature = 3.0, cooling_rate = 0.999
26 - INFO - chord#: 82 done. best_score=67.0, changed=618, unchanged=404, early_stops=8/8
26 - INFO - chord#: 84 In build_straw_man_chord_sa. tolerance = 1, sa_iterations = 1000, initial_temperature = 3.0, cooling_rate = 0.999
26 - INFO - chord#: 88 done. best_score=27.0, changed=521, unchanged=517, early_stops=8/8
26 - INFO - chord#: 90 In build_straw_man_chord_sa. tolerance = 1, sa_iterations = 1000, initial_temperature = 3.0, cooling_rate = 0.999
26 - INFO - chord#: 88 done. best_score=27.0, changed=519, unchanged=460, early_stops=8/8
26 - INFO - chord#: 90 In build_straw_man_chord_sa. tolerance = 1, sa_iterations = 1000, initial_temperature = 3.0, cooling_rate = 0.999
26 - INFO - chord#: 86 done. best_score=105.0, changed=615, unchanged=353, early_stops=8/8
26 - INFO - chord#: 88 In build_straw_man_chord_sa. tolerance = 1, sa_iterations = 1000, initial_temperature = 3.0, cooling_rate = 0.999
26 - INFO - chord#: 78 done. best_score=97.0, changed=613, unchanged=335, early_stops=8/8
26 - INFO - chord#: 80 In build_straw_man_chord_sa. tolerance = 1, sa_iterations = 1000, initial_temperature = 3.0, cooling_rate = 0.999
26 - INFO - chord#: 92 done. best_score=27.0, changed=525, unchanged=614, early_stops=8/8
26 - INFO - chord#: 96 In build_straw_man_chord_sa. tolerance = 1, sa_iterations = 1000, initial_temperature = 3.0, cooling_rate = 0.999
26 - INFO - chord#: 92 done. best_score=27.0, changed=513, unchanged=446, early_stops=8/8
26 - INFO - chord#: 96 In build_straw_man_chord_sa. tolerance = 1, sa_iterations = 1000, initial_temperature = 3.0, cooling_rate = 0.999
26 - INFO - chord#: 84 done. best_score=36.0, changed=514, unchanged=312, early_stops=8/8
26 - INFO - chord#: 86 In build_straw_man_chord_sa. tolerance = 1, sa_iterations = 1000, initial_temperature = 3.0, cooling_rate = 0.999
26 - INFO - chord#: 80 done. best_score=27.0, changed=527, unchanged=583, early_stops=8/8
26 - INFO - chord#: 82 In build_straw_man_chord_sa. tolerance = 1, sa_iterations = 1000, initial_temperature = 3.0, cooling_rate = 0.999
26 - INFO - chord#: 88 done. best_score=27.0, changed=531, unchanged=460, early_stops=8/8
26 - INFO - chord#: 90 In build_straw_man_chord_sa. tolerance = 1, sa_iterations = 1000, initial_temperature = 3.0, cooling_rate = 0.999
26 - INFO - chord#: 78 done. best_score=82.0, changed=611, unchanged=271, early_stops=8/8
26 - INFO - chord#: 80 In build_straw_man_chord_sa. tolerance = 1, sa_iterations = 1000, initial_temperature = 3.0, cooling_rate = 0.999
26 - INFO - chord#: 96 done. best_score=27.0, changed=513, unchanged=390, early_stops=8/8
26 - INFO - chord#: 98 In build_straw_man_chord_sa. tolerance = 1, sa_iterations = 1000, initial_temperature = 3.0, cooling_rate = 0.999
26 - INFO - chord#: 80 done. best_score=27.0, changed=517, unchanged=349, early_stops=8/8
26 - INFO - chord#: 82 In build_straw_man_chord_sa. tolerance = 1, sa_iterations = 1000, initial_temperature = 3.0, cooling_rate = 0.999
26 - INFO - chord#: 90 done. best_score=70.0, changed=611, unchanged=361, early_stops=8/8
26 - INFO - chord#: 92 In build_straw_man_chord_sa. tolerance = 1, sa_iterations = 1000, initial_temperature = 3.0, cooling_rate = 0.999
26 - INFO - chord#: 96 done. best_score=27.0, changed=510, unchanged=313, early_stops=8/8
26 - INFO - chord#: 98 In build_straw_man_chord_sa. tolerance = 1, sa_iterations = 1000, initial_temperature = 3.0, cooling_rate = 0.999
26 - INFO - chord#: 82 done. best_score=145.0, changed=611, unchanged=355, early_stops=8/8
26 - INFO - chord#: 84 In build_straw_man_chord_sa. tolerance = 1, sa_iterations = 1000, initial_temperature = 3.0, cooling_rate = 0.999
26 - INFO - chord#: 90 done. best_score=70.0, changed=613, unchanged=326, early_stops=8/8
26 - INFO - chord#: 92 In build_straw_man_chord_sa. tolerance = 1, sa_iterations = 1000, initial_temperature = 3.0, cooling_rate = 0.999
26 - INFO - chord#: 78 done. best_score=82.0, changed=608, unchanged=264, early_stops=8/8
26 - INFO - chord#: 80 In build_straw_man_chord_sa. tolerance = 1, sa_iterations = 1000, initial_temperature = 3.0, cooling_rate = 0.999
26 - INFO - chord#: 90 done. best_score=70.0, changed=612, unchanged=396, early_stops=8/8
26 - INFO - chord#: 92 In build_straw_man_chord_sa. tolerance = 1, sa_iterations = 1000, initial_temperature = 3.0, cooling_rate = 0.999
26 - INFO - chord#: 80 done. best_score=27.0, changed=521, unchanged=418, early_stops=8/8
26 - INFO - chord#: 82 In build_straw_man_chord_sa. tolerance = 1, sa_iterations = 1000, initial_temperature = 3.0, cooling_rate = 0.999
26 - INFO - chord#: 92 done. best_score=27.0, changed=538, unchanged=560, early_stops=8/8
26 - INFO - chord#: 96 In build_straw_man_chord_sa. tolerance = 1, sa_iterations = 1000, initial_temperature = 3.0, cooling_rate = 0.999
26 - INFO - chord#: 92 done. best_score=27.0, changed=520, unchanged=405, early_stops=8/8
26 - INFO - chord#: 96 In build_straw_man_chord_sa. tolerance = 1, sa_iterations = 1000, initial_temperature = 3.0, cooling_rate = 0.999
26 - INFO - chord#: 86 done. best_score=105.0, changed=612, unchanged=273, early_stops=8/8
26 - INFO - chord#: 88 In build_straw_man_chord_sa. tolerance = 1, sa_iterations = 1000, initial_temperature = 3.0, cooling_rate = 0.999
26 - INFO - chord#: 80 done. best_score=27.0, changed=515, unchanged=336, early_stops=8/8
26 - INFO - chord#: 82 In build_straw_man_chord_sa. tolerance = 1, sa_iterations = 1000, initial_temperature = 3.0, cooling_rate = 0.999
26 - INFO - chord#: 84 done. best_score=36.0, changed=524, unchanged=368, early_stops=8/8
26 - INFO - chord#: 86 In build_straw_man_chord_sa. tolerance = 1, sa_iterations = 1000, initial_temperature = 3.0, cooling_rate = 0.999
26 - INFO - chord#: 92 done. best_score=27.0, changed=525, unchanged=438, early_stops=8/8
26 - INFO - chord#: 96 In build_straw_man_chord_sa. tolerance = 1, sa_iterations = 1000, initial_temperature = 3.0, cooling_rate = 0.999
26 - INFO - chord#: 98 done. best_score=64.0, changed=613, unchanged=335, early_stops=8/8
26 - INFO - chord#: 100 In build_straw_man_chord_sa. tolerance = 1, sa_iterations = 1000, initial_temperature = 3.0, cooling_rate = 0.999
26 - INFO - chord#: 90 done. best_score=149.0, changed=611, unchanged=241, early_stops=8/8
26 - INFO - chord#: 92 In build_straw_man_chord_sa. tolerance = 1, sa_iterations = 1000, initial_temperature = 3.0, cooling_rate = 0.999
26 - INFO - chord#: 96 done. best_score=27.0, changed=527, unchanged=394, early_stops=8/8
26 - INFO - chord#: 98 In build_straw_man_chord_sa. tolerance = 1, sa_iterations = 1000, initial_temperature = 3.0, cooling_rate = 0.999
26 - INFO - chord#: 98 done. best_score=64.0, changed=615, unchanged=406, early_stops=8/8
26 - INFO - chord#: 100 In build_straw_man_chord_sa. tolerance = 1, sa_iterations = 1000, initial_temperature = 3.0, cooling_rate = 0.999
26 - INFO - chord#: 88 done. best_score=27.0, changed=521, unchanged=418, early_stops=8/8
26 - INFO - chord#: 90 In build_straw_man_chord_sa. tolerance = 1, sa_iterations = 1000, initial_temperature = 3.0, cooling_rate = 0.999
26 - INFO - chord#: 96 done. best_score=27.0, changed=520, unchanged=385, early_stops=8/8
26 - INFO - chord#: 98 In build_straw_man_chord_sa. tolerance = 1, sa_iterations = 1000, initial_temperature = 3.0, cooling_rate = 0.999
26 - INFO - chord#: 82 done. best_score=67.0, changed=613, unchanged=314, early_stops=8/8
26 - INFO - chord#: 84 In build_straw_man_chord_sa. tolerance = 1, sa_iterations = 1000, initial_temperature = 3.0, cooling_rate = 0.999
26 - INFO - chord#: 100 done. best_score=27.0, changed=523, unchanged=381, early_stops=8/8
26 - INFO - chord#: 102 In build_straw_man_chord_sa. tolerance = 1, sa_iterations = 1000, initial_temperature = 3.0, cooling_rate = 0.999
26 - INFO - chord#: 96 done. best_score=27.0, changed=529, unchanged=422, early_stops=8/8
26 - INFO - chord#: 98 In build_straw_man_chord_sa. tolerance = 1, sa_iterations = 1000, initial_temperature = 3.0, cooling_rate = 0.999
26 - INFO - chord#: 82 done. best_score=78.0, changed=615, unchanged=388, early_stops=8/8
26 - INFO - chord#: 84 In build_straw_man_chord_sa. tolerance = 1, sa_iterations = 1000, initial_temperature = 3.0, cooling_rate = 0.999
26 - INFO - chord#: 100 done. best_score=27.0, changed=520, unchanged=336, early_stops=8/8
26 - INFO - chord#: 102 In build_straw_man_chord_sa. tolerance = 1, sa_iterations = 1000, initial_temperature = 3.0, cooling_rate = 0.999
26 - INFO - chord#: 92 done. best_score=27.0, changed=520, unchanged=374, early_stops=8/8
26 - INFO - chord#: 96 In build_straw_man_chord_sa. tolerance = 1, sa_iterations = 1000, initial_temperature = 3.0, cooling_rate = 0.999
26 - INFO - chord#: 84 done. best_score=36.0, changed=523, unchanged=310, early_stops=8/8
26 - INFO - chord#: 86 In build_straw_man_chord_sa. tolerance = 1, sa_iterations = 1000, initial_temperature = 3.0, cooling_rate = 0.999
26 - INFO - chord#: 102 done. best_score=35.0, changed=515, unchanged=346, early_stops=8/8
26 - INFO - chord#: 104 In build_straw_man_chord_sa. tolerance = 1, sa_iterations = 1000, initial_temperature = 3.0, cooling_rate = 0.999
26 - INFO - chord#: 82 done. best_score=67.0, changed=608, unchanged=291, early_stops=8/8
26 - INFO - chord#: 84 In build_straw_man_chord_sa. tolerance = 1, sa_iterations = 1000, initial_temperature = 3.0, cooling_rate = 0.999
26 - INFO - chord#: 82 done. best_score=78.0, changed=613, unchanged=314, early_stops=8/8
26 - INFO - chord#: 84 In build_straw_man_chord_sa. tolerance = 1, sa_iterations = 1000, initial_temperature = 3.0, cooling_rate = 0.999
26 - INFO - chord#: 86 done. best_score=139.0, changed=610, unchanged=295, early_stops=8/8
26 - INFO - chord#: 88 In build_straw_man_chord_sa. tolerance = 1, sa_iterations = 1000, initial_temperature = 3.0, cooling_rate = 0.999
26 - INFO - chord#: 102 done. best_score=35.0, changed=527, unchanged=461, early_stops=8/8
26 - INFO - chord#: 104 In build_straw_man_chord_sa. tolerance = 1, sa_iterations = 1000, initial_temperature = 3.0, cooling_rate = 0.999
26 - INFO - chord#: 84 done. best_score=36.0, changed=518, unchanged=301, early_stops=8/8
26 - INFO - chord#: 86 In build_straw_man_chord_sa. tolerance = 1, sa_iterations = 1000, initial_temperature = 3.0, cooling_rate = 0.999
26 - INFO - chord#: 90 done. best_score=70.0, changed=611, unchanged=232, early_stops=8/8
26 - INFO - chord#: 92 In build_straw_man_chord_sa. tolerance = 1, sa_iterations = 1000, initial_temperature = 3.0, cooling_rate = 0.999
26 - INFO - chord#: 96 done. best_score=27.0, changed=519, unchanged=383, early_stops=8/8
26 - INFO - chord#: 98 In build_straw_man_chord_sa. tolerance = 1, sa_iterations = 1000, initial_temperature = 3.0, cooling_rate = 0.999
26 - INFO - chord#: 104 done. best_score=27.0, changed=515, unchanged=331, early_stops=8/8
26 - INFO - chord#: 106 In build_straw_man_chord_sa. tolerance = 1, sa_iterations = 1000, initial_temperature = 3.0, cooling_rate = 0.999
26 - INFO - chord#: 98 done. best_score=64.0, changed=619, unchanged=445, early_stops=8/8
26 - INFO - chord#: 100 In build_straw_man_chord_sa. tolerance = 1, sa_iterations = 1000, initial_temperature = 3.0, cooling_rate = 0.999
26 - INFO - chord#: 98 done. best_score=64.0, changed=610, unchanged=232, early_stops=8/8
26 - INFO - chord#: 100 In build_straw_man_chord_sa. tolerance = 1, sa_iterations = 1000, initial_temperature = 3.0, cooling_rate = 0.999
26 - INFO - chord#: 84 done. best_score=36.0, changed=521, unchanged=308, early_stops=8/8
26 - INFO - chord#: 86 In build_straw_man_chord_sa. tolerance = 1, sa_iterations = 1000, initial_temperature = 3.0, cooling_rate = 0.999
26 - INFO - chord#: 98 done. best_score=104.0, changed=607, unchanged=266, early_stops=8/8
26 - INFO - chord#: 100 In build_straw_man_chord_sa. tolerance = 1, sa_iterations = 1000, initial_temperature = 3.0, cooling_rate = 0.999
26 - INFO - chord#: 84 done. best_score=36.0, changed=520, unchanged=428, early_stops=8/8
26 - INFO - chord#: 86 In build_straw_man_chord_sa. tolerance = 1, sa_iterations = 1000, initial_temperature = 3.0, cooling_rate = 0.999
26 - INFO - chord#: 104 done. best_score=27.0, changed=521, unchanged=377, early_stops=8/8
26 - INFO - chord#: 106 In build_straw_man_chord_sa. tolerance = 1, sa_iterations = 1000, initial_temperature = 3.0, cooling_rate = 0.999
26 - INFO - chord#: 88 done. best_score=27.0, changed=522, unchanged=355, early_stops=8/8
26 - INFO - chord#: 90 In build_straw_man_chord_sa. tolerance = 1, sa_iterations = 1000, initial_temperature = 3.0, cooling_rate = 0.999
26 - INFO - chord#: 92 done. best_score=27.0, changed=524, unchanged=453, early_stops=8/8
26 - INFO - chord#: 96 In build_straw_man_chord_sa. tolerance = 1, sa_iterations = 1000, initial_temperature = 3.0, cooling_rate = 0.999
26 - INFO - chord#: 100 done. best_score=27.0, changed=520, unchanged=410, early_stops=8/8
26 - INFO - chord#: 102 In build_straw_man_chord_sa. tolerance = 1, sa_iterations = 1000, initial_temperature = 3.0, cooling_rate = 0.999
26 - INFO - chord#: 106 done. best_score=27.0, changed=535, unchanged=452, early_stops=8/8
26 - INFO - chord#: 108 In build_straw_man_chord_sa. tolerance = 1, sa_iterations = 1000, initial_temperature = 3.0, cooling_rate = 0.999
26 - INFO - chord#: 100 done. best_score=27.0, changed=526, unchanged=477, early_stops=8/8
26 - INFO - chord#: 102 In build_straw_man_chord_sa. tolerance = 1, sa_iterations = 1000, initial_temperature = 3.0, cooling_rate = 0.999
26 - INFO - chord#: 106 done. best_score=27.0, changed=526, unchanged=406, early_stops=8/8
26 - INFO - chord#: 108 In build_straw_man_chord_sa. tolerance = 1, sa_iterations = 1000, initial_temperature = 3.0, cooling_rate = 0.999
26 - INFO - chord#: 100 done. best_score=27.0, changed=515, unchanged=411, early_stops=8/8
26 - INFO - chord#: 102 In build_straw_man_chord_sa. tolerance = 1, sa_iterations = 1000, initial_temperature = 3.0, cooling_rate = 0.999
26 - INFO - chord#: 102 done. best_score=35.0, changed=516, unchanged=422, early_stops=8/8
26 - INFO - chord#: 104 In build_straw_man_chord_sa. tolerance = 1, sa_iterations = 1000, initial_temperature = 3.0, cooling_rate = 0.999
26 - INFO - chord#: 96 done. best_score=27.0, changed=522, unchanged=338, early_stops=8/8
26 - INFO - chord#: 98 In build_straw_man_chord_sa. tolerance = 1, sa_iterations = 1000, initial_temperature = 3.0, cooling_rate = 0.999
26 - INFO - chord#: 86 done. best_score=136.0, changed=605, unchanged=222, early_stops=8/8
26 - INFO - chord#: 88 In build_straw_man_chord_sa. tolerance = 1, sa_iterations = 1000, initial_temperature = 3.0, cooling_rate = 0.999
26 - INFO - chord#: 108 done. best_score=27.0, changed=521, unchanged=582, early_stops=8/8
26 - INFO - chord#: 110 In build_straw_man_chord_sa. tolerance = 1, sa_iterations = 1000, initial_temperature = 3.0, cooling_rate = 0.999
26 - INFO - chord#: 98 done. best_score=64.0, changed=612, unchanged=333, early_stops=8/8
26 - INFO - chord#: 100 In build_straw_man_chord_sa. tolerance = 1, sa_iterations = 1000, initial_temperature = 3.0, cooling_rate = 0.999
26 - INFO - chord#: 102 done. best_score=35.0, changed=528, unchanged=447, early_stops=8/8
26 - INFO - chord#: 104 In build_straw_man_chord_sa. tolerance = 1, sa_iterations = 1000, initial_temperature = 3.0, cooling_rate = 0.999
26 - INFO - chord#: 108 done. best_score=27.0, changed=519, unchanged=440, early_stops=8/8
26 - INFO - chord#: 110 In build_straw_man_chord_sa. tolerance = 1, sa_iterations = 1000, initial_temperature = 3.0, cooling_rate = 0.999
26 - INFO - chord#: 86 done. best_score=136.0, changed=614, unchanged=436, early_stops=8/8
26 - INFO - chord#: 88 In build_straw_man_chord_sa. tolerance = 1, sa_iterations = 1000, initial_temperature = 3.0, cooling_rate = 0.999
26 - INFO - chord#: 102 done. best_score=35.0, changed=521, unchanged=388, early_stops=8/8
26 - INFO - chord#: 104 In build_straw_man_chord_sa. tolerance = 1, sa_iterations = 1000, initial_temperature = 3.0, cooling_rate = 0.999
26 - INFO - chord#: 104 done. best_score=27.0, changed=514, unchanged=401, early_stops=8/8
26 - INFO - chord#: 106 In build_straw_man_chord_sa. tolerance = 1, sa_iterations = 1000, initial_temperature = 3.0, cooling_rate = 0.999
26 - INFO - chord#: 86 done. best_score=141.0, changed=615, unchanged=340, early_stops=8/8
26 - INFO - chord#: 88 In build_straw_man_chord_sa. tolerance = 1, sa_iterations = 1000, initial_temperature = 3.0, cooling_rate = 0.999
26 - INFO - chord#: 86 done. best_score=136.0, changed=612, unchanged=271, early_stops=8/8
26 - INFO - chord#: 88 In build_straw_man_chord_sa. tolerance = 1, sa_iterations = 1000, initial_temperature = 3.0, cooling_rate = 0.999
26 - INFO - chord#: 100 done. best_score=27.0, changed=528, unchanged=427, early_stops=8/8
26 - INFO - chord#: 102 In build_straw_man_chord_sa. tolerance = 1, sa_iterations = 1000, initial_temperature = 3.0, cooling_rate = 0.999
26 - INFO - chord#: 90 done. best_score=104.0, changed=614, unchanged=334, early_stops=8/8
26 - INFO - chord#: 92 In build_straw_man_chord_sa. tolerance = 1, sa_iterations = 1000, initial_temperature = 3.0, cooling_rate = 0.999
26 - INFO - chord#: 104 done. best_score=27.0, changed=522, unchanged=452, early_stops=8/8
26 - INFO - chord#: 106 In build_straw_man_chord_sa. tolerance = 1, sa_iterations = 1000, initial_temperature = 3.0, cooling_rate = 0.999
26 - INFO - chord#: 88 done. best_score=27.0, changed=513, unchanged=364, early_stops=8/8
26 - INFO - chord#: 90 In build_straw_man_chord_sa. tolerance = 1, sa_iterations = 1000, initial_temperature = 3.0, cooling_rate = 0.999
26 - INFO - chord#: 88 done. best_score=27.0, changed=532, unchanged=486, early_stops=8/8
26 - INFO - chord#: 90 In build_straw_man_chord_sa. tolerance = 1, sa_iterations = 1000, initial_temperature = 3.0, cooling_rate = 0.999
26 - INFO - chord#: 106 done. best_score=27.0, changed=523, unchanged=397, early_stops=8/8
26 - INFO - chord#: 108 In build_straw_man_chord_sa. tolerance = 1, sa_iterations = 1000, initial_temperature = 3.0, cooling_rate = 0.999
26 - INFO - chord#: 88 done. best_score=27.0, changed=520, unchanged=341, early_stops=8/8
26 - INFO - chord#: 90 In build_straw_man_chord_sa. tolerance = 1, sa_iterations = 1000, initial_temperature = 3.0, cooling_rate = 0.999
26 - INFO - chord#: 104 done. best_score=27.0, changed=514, unchanged=347, early_stops=8/8
26 - INFO - chord#: 106 In build_straw_man_chord_sa. tolerance = 1, sa_iterations = 1000, initial_temperature = 3.0, cooling_rate = 0.999
26 - INFO - chord#: 102 done. best_score=35.0, changed=511, unchanged=325, early_stops=8/8
26 - INFO - chord#: 104 In build_straw_man_chord_sa. tolerance = 1, sa_iterations = 1000, initial_temperature = 3.0, cooling_rate = 0.999
26 - INFO - chord#: 106 done. best_score=27.0, changed=526, unchanged=377, early_stops=8/8
26 - INFO - chord#: 108 In build_straw_man_chord_sa. tolerance = 1, sa_iterations = 1000, initial_temperature = 3.0, cooling_rate = 0.999
26 - INFO - chord#: 92 done. best_score=61.0, changed=526, unchanged=339, early_stops=8/8
26 - INFO - chord#: 96 In build_straw_man_chord_sa. tolerance = 1, sa_iterations = 1000, initial_temperature = 3.0, cooling_rate = 0.999
26 - INFO - chord#: 110 done. best_score=67.0, changed=611, unchanged=302, early_stops=8/8
26 - INFO - chord#: 112 In build_straw_man_chord_sa. tolerance = 1, sa_iterations = 1000, initial_temperature = 3.0, cooling_rate = 0.999
26 - INFO - chord#: 110 done. best_score=140.0, changed=610, unchanged=229, early_stops=8/8
26 - INFO - chord#: 112 In build_straw_man_chord_sa. tolerance = 1, sa_iterations = 1000, initial_temperature = 3.0, cooling_rate = 0.999
26 - INFO - chord#: 88 done. best_score=27.0, changed=518, unchanged=380, early_stops=8/8
26 - INFO - chord#: 90 In build_straw_man_chord_sa. tolerance = 1, sa_iterations = 1000, initial_temperature = 3.0, cooling_rate = 0.999
26 - INFO - chord#: 98 done. best_score=104.0, changed=610, unchanged=322, early_stops=8/8
26 - INFO - chord#: 100 In build_straw_man_chord_sa. tolerance = 1, sa_iterations = 1000, initial_temperature = 3.0, cooling_rate = 0.999
26 - INFO - chord#: 108 done. best_score=27.0, changed=525, unchanged=536, early_stops=8/8
26 - INFO - chord#: 110 In build_straw_man_chord_sa. tolerance = 1, sa_iterations = 1000, initial_temperature = 3.0, cooling_rate = 0.999
26 - INFO - chord#: 106 done. best_score=27.0, changed=524, unchanged=361, early_stops=8/8
26 - INFO - chord#: 108 In build_straw_man_chord_sa. tolerance = 1, sa_iterations = 1000, initial_temperature = 3.0, cooling_rate = 0.999
26 - INFO - chord#: 108 done. best_score=27.0, changed=521, unchanged=445, early_stops=8/8
26 - INFO - chord#: 110 In build_straw_man_chord_sa. tolerance = 1, sa_iterations = 1000, initial_temperature = 3.0, cooling_rate = 0.999
26 - INFO - chord#: 104 done. best_score=27.0, changed=527, unchanged=518, early_stops=8/8
26 - INFO - chord#: 106 In build_straw_man_chord_sa. tolerance = 1, sa_iterations = 1000, initial_temperature = 3.0, cooling_rate = 0.999
26 - INFO - chord#: 112 done. best_score=27.0, changed=521, unchanged=431, early_stops=8/8
26 - INFO - chord#: 114 In build_straw_man_chord_sa. tolerance = 1, sa_iterations = 1000, initial_temperature = 3.0, cooling_rate = 0.999
26 - INFO - chord#: 112 done. best_score=27.0, changed=515, unchanged=427, early_stops=8/8
26 - INFO - chord#: 114 In build_straw_man_chord_sa. tolerance = 1, sa_iterations = 1000, initial_temperature = 3.0, cooling_rate = 0.999
26 - INFO - chord#: 96 done. best_score=27.0, changed=537, unchanged=351, early_stops=8/8
26 - INFO - chord#: 98 In build_straw_man_chord_sa. tolerance = 1, sa_iterations = 1000, initial_temperature = 3.0, cooling_rate = 0.999
26 - INFO - chord#: 100 done. best_score=27.0, changed=523, unchanged=380, early_stops=8/8
26 - INFO - chord#: 102 In build_straw_man_chord_sa. tolerance = 1, sa_iterations = 1000, initial_temperature = 3.0, cooling_rate = 0.999
26 - INFO - chord#: 90 done. best_score=70.0, changed=610, unchanged=341, early_stops=8/8
26 - INFO - chord#: 92 In build_straw_man_chord_sa. tolerance = 1, sa_iterations = 1000, initial_temperature = 3.0, cooling_rate = 0.999
26 - INFO - chord#: 90 done. best_score=70.0, changed=608, unchanged=262, early_stops=8/8
26 - INFO - chord#: 92 In build_straw_man_chord_sa. tolerance = 1, sa_iterations = 1000, initial_temperature = 3.0, cooling_rate = 0.999
26 - INFO - chord#: 106 done. best_score=27.0, changed=526, unchanged=461, early_stops=8/8
26 - INFO - chord#: 108 In build_straw_man_chord_sa. tolerance = 1, sa_iterations = 1000, initial_temperature = 3.0, cooling_rate = 0.999
26 - INFO - chord#: 114 done. best_score=27.0, changed=527, unchanged=474, early_stops=8/8
26 - INFO - chord#: 116 In build_straw_man_chord_sa. tolerance = 1, sa_iterations = 1000, initial_temperature = 3.0, cooling_rate = 0.999
26 - INFO - chord#: 90 done. best_score=105.0, changed=613, unchanged=404, early_stops=8/8
26 - INFO - chord#: 92 In build_straw_man_chord_sa. tolerance = 1, sa_iterations = 1000, initial_temperature = 3.0, cooling_rate = 0.999
26 - INFO - chord#: 114 done. best_score=27.0, changed=532, unchanged=428, early_stops=8/8
26 - INFO - chord#: 116 In build_straw_man_chord_sa. tolerance = 1, sa_iterations = 1000, initial_temperature = 3.0, cooling_rate = 0.999
26 - INFO - chord#: 108 done. best_score=27.0, changed=521, unchanged=548, early_stops=8/8
26 - INFO - chord#: 110 In build_straw_man_chord_sa. tolerance = 1, sa_iterations = 1000, initial_temperature = 3.0, cooling_rate = 0.999
26 - INFO - chord#: 92 done. best_score=27.0, changed=515, unchanged=391, early_stops=8/8
26 - INFO - chord#: 96 In build_straw_man_chord_sa. tolerance = 1, sa_iterations = 1000, initial_temperature = 3.0, cooling_rate = 0.999
26 - INFO - chord#: 102 done. best_score=35.0, changed=516, unchanged=339, early_stops=8/8
26 - INFO - chord#: 104 In build_straw_man_chord_sa. tolerance = 1, sa_iterations = 1000, initial_temperature = 3.0, cooling_rate = 0.999
26 - INFO - chord#: 110 done. best_score=67.0, changed=609, unchanged=270, early_stops=8/8
26 - INFO - chord#: 112 In build_straw_man_chord_sa. tolerance = 1, sa_iterations = 1000, initial_temperature = 3.0, cooling_rate = 0.999
26 - INFO - chord#: 90 done. best_score=70.0, changed=611, unchanged=308, early_stops=8/8
26 - INFO - chord#: 92 In build_straw_man_chord_sa. tolerance = 1, sa_iterations = 1000, initial_temperature = 3.0, cooling_rate = 0.999
26 - INFO - chord#: 108 done. best_score=27.0, changed=518, unchanged=378, early_stops=8/8
26 - INFO - chord#: 110 In build_straw_man_chord_sa. tolerance = 1, sa_iterations = 1000, initial_temperature = 3.0, cooling_rate = 0.999
26 - INFO - chord#: 92 done. best_score=27.0, changed=515, unchanged=365, early_stops=8/8
26 - INFO - chord#: 96 In build_straw_man_chord_sa. tolerance = 1, sa_iterations = 1000, initial_temperature = 3.0, cooling_rate = 0.999
26 - INFO - chord#: 116 done. best_score=27.0, changed=530, unchanged=410, early_stops=8/8
26 - INFO - chord#: 116 done. best_score=27.0, changed=513, unchanged=330, early_stops=8/8
26 - INFO - chord#: 118 In build_straw_man_chord_sa. tolerance = 1, sa_iterations = 1000, initial_temperature = 3.0, cooling_rate = 0.999
26 - INFO - chord#: 118 In build_straw_man_chord_sa. tolerance = 1, sa_iterations = 1000, initial_temperature = 3.0, cooling_rate = 0.999
26 - INFO - chord#: 92 done. best_score=27.0, changed=518, unchanged=362, early_stops=8/8
26 - INFO - chord#: 96 In build_straw_man_chord_sa. tolerance = 1, sa_iterations = 1000, initial_temperature = 3.0, cooling_rate = 0.999
26 - INFO - chord#: 96 done. best_score=27.0, changed=516, unchanged=412, early_stops=8/8
26 - INFO - chord#: 98 In build_straw_man_chord_sa. tolerance = 1, sa_iterations = 1000, initial_temperature = 3.0, cooling_rate = 0.999
26 - INFO - chord#: 110 done. best_score=67.0, changed=613, unchanged=468, early_stops=8/8
26 - INFO - chord#: 112 In build_straw_man_chord_sa. tolerance = 1, sa_iterations = 1000, initial_temperature = 3.0, cooling_rate = 0.999
26 - INFO - chord#: 112 done. best_score=27.0, changed=513, unchanged=326, early_stops=8/8
26 - INFO - chord#: 114 In build_straw_man_chord_sa. tolerance = 1, sa_iterations = 1000, initial_temperature = 3.0, cooling_rate = 0.999
26 - INFO - chord#: 98 done. best_score=157.0, changed=613, unchanged=249, early_stops=8/8
26 - INFO - chord#: 100 In build_straw_man_chord_sa. tolerance = 1, sa_iterations = 1000, initial_temperature = 3.0, cooling_rate = 0.999
26 - INFO - chord#: 104 done. best_score=27.0, changed=517, unchanged=414, early_stops=8/8
26 - INFO - chord#: 106 In build_straw_man_chord_sa. tolerance = 1, sa_iterations = 1000, initial_temperature = 3.0, cooling_rate = 0.999
26 - INFO - chord#: 96 done. best_score=27.0, changed=517, unchanged=401, early_stops=8/8
26 - INFO - chord#: 98 In build_straw_man_chord_sa. tolerance = 1, sa_iterations = 1000, initial_temperature = 3.0, cooling_rate = 0.999
26 - INFO - chord#: 92 done. best_score=27.0, changed=520, unchanged=495, early_stops=8/8
26 - INFO - chord#: 96 In build_straw_man_chord_sa. tolerance = 1, sa_iterations = 1000, initial_temperature = 3.0, cooling_rate = 0.999
26 - INFO - chord#: 112 done. best_score=27.0, changed=520, unchanged=420, early_stops=8/8
26 - INFO - chord#: 114 In build_straw_man_chord_sa. tolerance = 1, sa_iterations = 1000, initial_temperature = 3.0, cooling_rate = 0.999
26 - INFO - chord#: 114 done. best_score=27.0, changed=520, unchanged=348, early_stops=8/8
26 - INFO - chord#: 116 In build_straw_man_chord_sa. tolerance = 1, sa_iterations = 1000, initial_temperature = 3.0, cooling_rate = 0.999
26 - INFO - chord#: 100 done. best_score=27.0, changed=515, unchanged=364, early_stops=8/8
26 - INFO - chord#: 102 In build_straw_man_chord_sa. tolerance = 1, sa_iterations = 1000, initial_temperature = 3.0, cooling_rate = 0.999
26 - INFO - chord#: 96 done. best_score=27.0, changed=521, unchanged=496, early_stops=8/8
26 - INFO - chord#: 98 In build_straw_man_chord_sa. tolerance = 1, sa_iterations = 1000, initial_temperature = 3.0, cooling_rate = 0.999
26 - INFO - chord#: 110 done. best_score=145.0, changed=611, unchanged=308, early_stops=8/8
26 - INFO - chord#: 112 In build_straw_man_chord_sa. tolerance = 1, sa_iterations = 1000, initial_temperature = 3.0, cooling_rate = 0.999
26 - INFO - chord#: 106 done. best_score=27.0, changed=518, unchanged=398, early_stops=8/8
26 - INFO - chord#: 108 In build_straw_man_chord_sa. tolerance = 1, sa_iterations = 1000, initial_temperature = 3.0, cooling_rate = 0.999
26 - INFO - chord#: 110 done. best_score=141.0, changed=613, unchanged=338, early_stops=8/8
26 - INFO - chord#: 112 In build_straw_man_chord_sa. tolerance = 1, sa_iterations = 1000, initial_temperature = 3.0, cooling_rate = 0.999
26 - INFO - chord#: 118 done. best_score=105.0, changed=610, unchanged=298, early_stops=8/8
26 - INFO - chord#: 120 In build_straw_man_chord_sa. tolerance = 1, sa_iterations = 1000, initial_temperature = 3.0, cooling_rate = 0.999
26 - INFO - chord#: 96 done. best_score=27.0, changed=530, unchanged=418, early_stops=8/8
26 - INFO - chord#: 98 In build_straw_man_chord_sa. tolerance = 1, sa_iterations = 1000, initial_temperature = 3.0, cooling_rate = 0.999
26 - INFO - chord#: 118 done. best_score=105.0, changed=612, unchanged=338, early_stops=8/8
26 - INFO - chord#: 120 In build_straw_man_chord_sa. tolerance = 1, sa_iterations = 1000, initial_temperature = 3.0, cooling_rate = 0.999
26 - INFO - chord#: 114 done. best_score=27.0, changed=515, unchanged=349, early_stops=8/8
26 - INFO - chord#: 116 In build_straw_man_chord_sa. tolerance = 1, sa_iterations = 1000, initial_temperature = 3.0, cooling_rate = 0.999
26 - INFO - chord#: 116 done. best_score=27.0, changed=522, unchanged=415, early_stops=8/8
26 - INFO - chord#: 118 In build_straw_man_chord_sa. tolerance = 1, sa_iterations = 1000, initial_temperature = 3.0, cooling_rate = 0.999
26 - INFO - chord#: 98 done. best_score=64.0, changed=613, unchanged=318, early_stops=8/8
26 - INFO - chord#: 100 In build_straw_man_chord_sa. tolerance = 1, sa_iterations = 1000, initial_temperature = 3.0, cooling_rate = 0.999
26 - INFO - chord#: 112 done. best_score=27.0, changed=518, unchanged=422, early_stops=8/8
26 - INFO - chord#: 114 In build_straw_man_chord_sa. tolerance = 1, sa_iterations = 1000, initial_temperature = 3.0, cooling_rate = 0.999
26 - INFO - chord#: 120 done. best_score=27.0, changed=529, unchanged=327, early_stops=8/8
26 - INFO - chord#: 122 In build_straw_man_chord_sa. tolerance = 1, sa_iterations = 1000, initial_temperature = 3.0, cooling_rate = 0.999
26 - INFO - chord#: 102 done. best_score=35.0, changed=518, unchanged=437, early_stops=8/8
26 - INFO - chord#: 104 In build_straw_man_chord_sa. tolerance = 1, sa_iterations = 1000, initial_temperature = 3.0, cooling_rate = 0.999
26 - INFO - chord#: 120 done. best_score=27.0, changed=530, unchanged=398, early_stops=8/8
26 - INFO - chord#: 122 In build_straw_man_chord_sa. tolerance = 1, sa_iterations = 1000, initial_temperature = 3.0, cooling_rate = 0.999
26 - INFO - chord#: 112 done. best_score=27.0, changed=524, unchanged=500, early_stops=8/8
26 - INFO - chord#: 114 In build_straw_man_chord_sa. tolerance = 1, sa_iterations = 1000, initial_temperature = 3.0, cooling_rate = 0.999
26 - INFO - chord#: 108 done. best_score=27.0, changed=523, unchanged=545, early_stops=8/8
26 - INFO - chord#: 110 In build_straw_man_chord_sa. tolerance = 1, sa_iterations = 1000, initial_temperature = 3.0, cooling_rate = 0.999
26 - INFO - chord#: 116 done. best_score=27.0, changed=530, unchanged=413, early_stops=8/8
26 - INFO - chord#: 118 In build_straw_man_chord_sa. tolerance = 1, sa_iterations = 1000, initial_temperature = 3.0, cooling_rate = 0.999
26 - INFO - chord#: 100 done. best_score=27.0, changed=522, unchanged=418, early_stops=8/8
26 - INFO - chord#: 102 In build_straw_man_chord_sa. tolerance = 1, sa_iterations = 1000, initial_temperature = 3.0, cooling_rate = 0.999
26 - INFO - chord#: 98 done. best_score=64.0, changed=619, unchanged=425, early_stops=8/8
26 - INFO - chord#: 100 In build_straw_man_chord_sa. tolerance = 1, sa_iterations = 1000, initial_temperature = 3.0, cooling_rate = 0.999
26 - INFO - chord#: 114 done. best_score=27.0, changed=517, unchanged=355, early_stops=8/8
26 - INFO - chord#: 116 In build_straw_man_chord_sa. tolerance = 1, sa_iterations = 1000, initial_temperature = 3.0, cooling_rate = 0.999
26 - INFO - chord#: 98 done. best_score=64.0, changed=612, unchanged=299, early_stops=8/8
26 - INFO - chord#: 100 In build_straw_man_chord_sa. tolerance = 1, sa_iterations = 1000, initial_temperature = 3.0, cooling_rate = 0.999
26 - INFO - chord#: 104 done. best_score=27.0, changed=514, unchanged=340, early_stops=8/8
26 - INFO - chord#: 106 In build_straw_man_chord_sa. tolerance = 1, sa_iterations = 1000, initial_temperature = 3.0, cooling_rate = 0.999
26 - INFO - chord#: 118 done. best_score=132.0, changed=609, unchanged=252, early_stops=8/8
26 - INFO - chord#: 120 In build_straw_man_chord_sa. tolerance = 1, sa_iterations = 1000, initial_temperature = 3.0, cooling_rate = 0.999
26 - INFO - chord#: 98 done. best_score=140.0, changed=610, unchanged=285, early_stops=8/8
26 - INFO - chord#: 100 In build_straw_man_chord_sa. tolerance = 1, sa_iterations = 1000, initial_temperature = 3.0, cooling_rate = 0.999
26 - INFO - chord#: 114 done. best_score=27.0, changed=523, unchanged=437, early_stops=8/8
26 - INFO - chord#: 116 In build_straw_man_chord_sa. tolerance = 1, sa_iterations = 1000, initial_temperature = 3.0, cooling_rate = 0.999
26 - INFO - chord#: 102 done. best_score=35.0, changed=525, unchanged=490, early_stops=8/8
26 - INFO - chord#: 104 In build_straw_man_chord_sa. tolerance = 1, sa_iterations = 1000, initial_temperature = 3.0, cooling_rate = 0.999
26 - INFO - chord#: 122 done. best_score=67.0, changed=614, unchanged=253, early_stops=8/8
26 - INFO - chord#: 124 In build_straw_man_chord_sa. tolerance = 1, sa_iterations = 1000, initial_temperature = 3.0, cooling_rate = 0.999
26 - INFO - chord#: 116 done. best_score=27.0, changed=519, unchanged=422, early_stops=8/8
26 - INFO - chord#: 118 In build_straw_man_chord_sa. tolerance = 1, sa_iterations = 1000, initial_temperature = 3.0, cooling_rate = 0.999
26 - INFO - chord#: 100 done. best_score=27.0, changed=530, unchanged=428, early_stops=8/8
26 - INFO - chord#: 102 In build_straw_man_chord_sa. tolerance = 1, sa_iterations = 1000, initial_temperature = 3.0, cooling_rate = 0.999
26 - INFO - chord#: 122 done. best_score=96.0, changed=610, unchanged=233, early_stops=8/8
26 - INFO - chord#: 124 In build_straw_man_chord_sa. tolerance = 1, sa_iterations = 1000, initial_temperature = 3.0, cooling_rate = 0.999
26 - INFO - chord#: 106 done. best_score=27.0, changed=518, unchanged=316, early_stops=8/8
26 - INFO - chord#: 108 In build_straw_man_chord_sa. tolerance = 1, sa_iterations = 1000, initial_temperature = 3.0, cooling_rate = 0.999
26 - INFO - chord#: 100 done. best_score=27.0, changed=532, unchanged=467, early_stops=8/8
26 - INFO - chord#: 102 In build_straw_man_chord_sa. tolerance = 1, sa_iterations = 1000, initial_temperature = 3.0, cooling_rate = 0.999
26 - INFO - chord#: 120 done. best_score=27.0, changed=517, unchanged=385, early_stops=8/8
26 - INFO - chord#: 122 In build_straw_man_chord_sa. tolerance = 1, sa_iterations = 1000, initial_temperature = 3.0, cooling_rate = 0.999
26 - INFO - chord#: 104 done. best_score=27.0, changed=520, unchanged=420, early_stops=8/8
26 - INFO - chord#: 106 In build_straw_man_chord_sa. tolerance = 1, sa_iterations = 1000, initial_temperature = 3.0, cooling_rate = 0.999
26 - INFO - chord#: 118 done. best_score=132.0, changed=615, unchanged=331, early_stops=8/8
26 - INFO - chord#: 120 In build_straw_man_chord_sa. tolerance = 1, sa_iterations = 1000, initial_temperature = 3.0, cooling_rate = 0.999
26 - INFO - chord#: 100 done. best_score=27.0, changed=527, unchanged=400, early_stops=8/8
26 - INFO - chord#: 102 In build_straw_man_chord_sa. tolerance = 1, sa_iterations = 1000, initial_temperature = 3.0, cooling_rate = 0.999
26 - INFO - chord#: 124 done. best_score=36.0, changed=511, unchanged=320, early_stops=8/8
26 - INFO - chord#: 128 In build_straw_man_chord_sa. tolerance = 1, sa_iterations = 1000, initial_temperature = 3.0, cooling_rate = 0.999
26 - INFO - chord#: 110 done. best_score=137.0, changed=608, unchanged=275, early_stops=8/8
26 - INFO - chord#: 112 In build_straw_man_chord_sa. tolerance = 1, sa_iterations = 1000, initial_temperature = 3.0, cooling_rate = 0.999
26 - INFO - chord#: 116 done. best_score=27.0, changed=522, unchanged=430, early_stops=8/8
26 - INFO - chord#: 118 In build_straw_man_chord_sa. tolerance = 1, sa_iterations = 1000, initial_temperature = 3.0, cooling_rate = 0.999
26 - INFO - chord#: 124 done. best_score=27.0, changed=521, unchanged=427, early_stops=8/8
26 - INFO - chord#: 128 In build_straw_man_chord_sa. tolerance = 1, sa_iterations = 1000, initial_temperature = 3.0, cooling_rate = 0.999
26 - INFO - chord#: 102 done. best_score=35.0, changed=523, unchanged=398, early_stops=8/8
26 - INFO - chord#: 104 In build_straw_man_chord_sa. tolerance = 1, sa_iterations = 1000, initial_temperature = 3.0, cooling_rate = 0.999
26 - INFO - chord#: 106 done. best_score=27.0, changed=520, unchanged=318, early_stops=8/8
26 - INFO - chord#: 108 In build_straw_man_chord_sa. tolerance = 1, sa_iterations = 1000, initial_temperature = 3.0, cooling_rate = 0.999
26 - INFO - chord#: 108 done. best_score=27.0, changed=526, unchanged=380, early_stops=8/8
26 - INFO - chord#: 110 In build_straw_man_chord_sa. tolerance = 1, sa_iterations = 1000, initial_temperature = 3.0, cooling_rate = 0.999
26 - INFO - chord#: 120 done. best_score=27.0, changed=519, unchanged=367, early_stops=8/8
26 - INFO - chord#: 122 In build_straw_man_chord_sa. tolerance = 1, sa_iterations = 1000, initial_temperature = 3.0, cooling_rate = 0.999
26 - INFO - chord#: 102 done. best_score=35.0, changed=526, unchanged=430, early_stops=8/8
26 - INFO - chord#: 104 In build_straw_man_chord_sa. tolerance = 1, sa_iterations = 1000, initial_temperature = 3.0, cooling_rate = 0.999
26 - INFO - chord#: 102 done. best_score=35.0, changed=522, unchanged=477, early_stops=8/8
26 - INFO - chord#: 104 In build_straw_man_chord_sa. tolerance = 1, sa_iterations = 1000, initial_temperature = 3.0, cooling_rate = 0.999
26 - INFO - chord#: 112 done. best_score=27.0, changed=517, unchanged=351, early_stops=8/8
26 - INFO - chord#: 114 In build_straw_man_chord_sa. tolerance = 1, sa_iterations = 1000, initial_temperature = 3.0, cooling_rate = 0.999
26 - INFO - chord#: 104 done. best_score=27.0, changed=517, unchanged=434, early_stops=8/8
26 - INFO - chord#: 106 In build_straw_man_chord_sa. tolerance = 1, sa_iterations = 1000, initial_temperature = 3.0, cooling_rate = 0.999
26 - INFO - chord#: 118 done. best_score=136.0, changed=610, unchanged=258, early_stops=8/8
26 - INFO - chord#: 120 In build_straw_man_chord_sa. tolerance = 1, sa_iterations = 1000, initial_temperature = 3.0, cooling_rate = 0.999
26 - INFO - chord#: 108 done. best_score=27.0, changed=513, unchanged=315, early_stops=8/8
26 - INFO - chord#: 110 In build_straw_man_chord_sa. tolerance = 1, sa_iterations = 1000, initial_temperature = 3.0, cooling_rate = 0.999
26 - INFO - chord#: 128 done. best_score=145.0, changed=608, unchanged=215, early_stops=8/8
26 - INFO - chord#: 132 In build_straw_man_chord_sa. tolerance = 1, sa_iterations = 1000, initial_temperature = 3.0, cooling_rate = 0.999
26 - INFO - chord#: 104 done. best_score=27.0, changed=521, unchanged=411, early_stops=8/8
26 - INFO - chord#: 106 In build_straw_man_chord_sa. tolerance = 1, sa_iterations = 1000, initial_temperature = 3.0, cooling_rate = 0.999
26 - INFO - chord#: 106 done. best_score=27.0, changed=519, unchanged=397, early_stops=8/8
26 - INFO - chord#: 108 In build_straw_man_chord_sa. tolerance = 1, sa_iterations = 1000, initial_temperature = 3.0, cooling_rate = 0.999
26 - INFO - chord#: 104 done. best_score=27.0, changed=529, unchanged=468, early_stops=8/8
26 - INFO - chord#: 106 In build_straw_man_chord_sa. tolerance = 1, sa_iterations = 1000, initial_temperature = 3.0, cooling_rate = 0.999
26 - INFO - chord#: 120 done. best_score=27.0, changed=533, unchanged=500, early_stops=8/8
26 - INFO - chord#: 122 In build_straw_man_chord_sa. tolerance = 1, sa_iterations = 1000, initial_temperature = 3.0, cooling_rate = 0.999
26 - INFO - chord#: 114 done. best_score=27.0, changed=529, unchanged=440, early_stops=8/8
26 - INFO - chord#: 116 In build_straw_man_chord_sa. tolerance = 1, sa_iterations = 1000, initial_temperature = 3.0, cooling_rate = 0.999
26 - INFO - chord#: 122 done. best_score=67.0, changed=611, unchanged=269, early_stops=8/8
26 - INFO - chord#: 124 In build_straw_man_chord_sa. tolerance = 1, sa_iterations = 1000, initial_temperature = 3.0, cooling_rate = 0.999
26 - INFO - chord#: 106 done. best_score=27.0, changed=524, unchanged=331, early_stops=8/8
26 - INFO - chord#: 108 In build_straw_man_chord_sa. tolerance = 1, sa_iterations = 1000, initial_temperature = 3.0, cooling_rate = 0.999
26 - INFO - chord#: 132 done. best_score=27.0, changed=523, unchanged=391, early_stops=8/8
26 - INFO - chord#: 136 In build_straw_man_chord_sa. tolerance = 1, sa_iterations = 1000, initial_temperature = 3.0, cooling_rate = 0.999
26 - INFO - chord#: 128 done. best_score=140.0, changed=613, unchanged=466, early_stops=8/8
26 - INFO - chord#: 132 In build_straw_man_chord_sa. tolerance = 1, sa_iterations = 1000, initial_temperature = 3.0, cooling_rate = 0.999
26 - INFO - chord#: 108 done. best_score=27.0, changed=514, unchanged=395, early_stops=8/8
26 - INFO - chord#: 110 In build_straw_man_chord_sa. tolerance = 1, sa_iterations = 1000, initial_temperature = 3.0, cooling_rate = 0.999
26 - INFO - chord#: 118 done. best_score=88.0, changed=609, unchanged=400, early_stops=8/8
26 - INFO - chord#: 120 In build_straw_man_chord_sa. tolerance = 1, sa_iterations = 1000, initial_temperature = 3.0, cooling_rate = 0.999
26 - INFO - chord#: 122 done. best_score=67.0, changed=616, unchanged=549, early_stops=8/8
26 - INFO - chord#: 124 In build_straw_man_chord_sa. tolerance = 1, sa_iterations = 1000, initial_temperature = 3.0, cooling_rate = 0.999
26 - INFO - chord#: 106 done. best_score=27.0, changed=532, unchanged=383, early_stops=8/8
26 - INFO - chord#: 108 In build_straw_man_chord_sa. tolerance = 1, sa_iterations = 1000, initial_temperature = 3.0, cooling_rate = 0.999
26 - INFO - chord#: 108 done. best_score=27.0, changed=515, unchanged=359, early_stops=8/8
26 - INFO - chord#: 110 In build_straw_man_chord_sa. tolerance = 1, sa_iterations = 1000, initial_temperature = 3.0, cooling_rate = 0.999
26 - INFO - chord#: 136 done. best_score=27.0, changed=528, unchanged=422, early_stops=8/8
26 - INFO - chord#: 138 In build_straw_man_chord_sa. tolerance = 1, sa_iterations = 1000, initial_temperature = 3.0, cooling_rate = 0.999
26 - INFO - chord#: 110 done. best_score=112.0, changed=614, unchanged=451, early_stops=8/8
26 - INFO - chord#: 112 In build_straw_man_chord_sa. tolerance = 1, sa_iterations = 1000, initial_temperature = 3.0, cooling_rate = 0.999
26 - INFO - chord#: 116 done. best_score=27.0, changed=515, unchanged=370, early_stops=8/8
26 - INFO - chord#: 118 In build_straw_man_chord_sa. tolerance = 1, sa_iterations = 1000, initial_temperature = 3.0, cooling_rate = 0.999
26 - INFO - chord#: 124 done. best_score=27.0, changed=542, unchanged=601, early_stops=8/8
26 - INFO - chord#: 128 In build_straw_man_chord_sa. tolerance = 1, sa_iterations = 1000, initial_temperature = 3.0, cooling_rate = 0.999
26 - INFO - chord#: 110 done. best_score=67.0, changed=615, unchanged=506, early_stops=8/8
26 - INFO - chord#: 112 In build_straw_man_chord_sa. tolerance = 1, sa_iterations = 1000, initial_temperature = 3.0, cooling_rate = 0.999
26 - INFO - chord#: 132 done. best_score=27.0, changed=528, unchanged=526, early_stops=8/8
26 - INFO - chord#: 136 In build_straw_man_chord_sa. tolerance = 1, sa_iterations = 1000, initial_temperature = 3.0, cooling_rate = 0.999
26 - INFO - chord#: 124 done. best_score=36.0, changed=515, unchanged=313, early_stops=8/8
26 - INFO - chord#: 128 In build_straw_man_chord_sa. tolerance = 1, sa_iterations = 1000, initial_temperature = 3.0, cooling_rate = 0.999
26 - INFO - chord#: 120 done. best_score=27.0, changed=525, unchanged=429, early_stops=8/8
26 - INFO - chord#: 122 In build_straw_man_chord_sa. tolerance = 1, sa_iterations = 1000, initial_temperature = 3.0, cooling_rate = 0.999
26 - INFO - chord#: 108 done. best_score=27.0, changed=525, unchanged=571, early_stops=8/8
26 - INFO - chord#: 110 In build_straw_man_chord_sa. tolerance = 1, sa_iterations = 1000, initial_temperature = 3.0, cooling_rate = 0.999
26 - INFO - chord#: 136 done. best_score=27.0, changed=523, unchanged=328, early_stops=8/8
26 - INFO - chord#: 138 In build_straw_man_chord_sa. tolerance = 1, sa_iterations = 1000, initial_temperature = 3.0, cooling_rate = 0.999
26 - INFO - chord#: 110 done. best_score=67.0, changed=605, unchanged=247, early_stops=8/8
26 - INFO - chord#: 112 In build_straw_man_chord_sa. tolerance = 1, sa_iterations = 1000, initial_temperature = 3.0, cooling_rate = 0.999
26 - INFO - chord#: 112 done. best_score=27.0, changed=510, unchanged=409, early_stops=8/8
26 - INFO - chord#: 114 In build_straw_man_chord_sa. tolerance = 1, sa_iterations = 1000, initial_temperature = 3.0, cooling_rate = 0.999
26 - INFO - chord#: 112 done. best_score=27.0, changed=522, unchanged=443, early_stops=8/8
26 - INFO - chord#: 114 In build_straw_man_chord_sa. tolerance = 1, sa_iterations = 1000, initial_temperature = 3.0, cooling_rate = 0.999
26 - INFO - chord#: 110 done. best_score=142.0, changed=610, unchanged=266, early_stops=8/8
26 - INFO - chord#: 112 In build_straw_man_chord_sa. tolerance = 1, sa_iterations = 1000, initial_temperature = 3.0, cooling_rate = 0.999
26 - INFO - chord#: 138 done. best_score=67.0, changed=614, unchanged=289, early_stops=8/8
26 - INFO - chord#: 140 In build_straw_man_chord_sa. tolerance = 1, sa_iterations = 1000, initial_temperature = 3.0, cooling_rate = 0.999
26 - INFO - chord#: 122 done. best_score=67.0, changed=614, unchanged=476, early_stops=8/8
26 - INFO - chord#: 124 In build_straw_man_chord_sa. tolerance = 1, sa_iterations = 1000, initial_temperature = 3.0, cooling_rate = 0.999
26 - INFO - chord#: 112 done. best_score=27.0, changed=527, unchanged=420, early_stops=8/8
26 - INFO - chord#: 114 In build_straw_man_chord_sa. tolerance = 1, sa_iterations = 1000, initial_temperature = 3.0, cooling_rate = 0.999
26 - INFO - chord#: 114 done. best_score=27.0, changed=526, unchanged=374, early_stops=8/8
26 - INFO - chord#: 116 In build_straw_man_chord_sa. tolerance = 1, sa_iterations = 1000, initial_temperature = 3.0, cooling_rate = 0.999
26 - INFO - chord#: 128 done. best_score=145.0, changed=615, unchanged=285, early_stops=8/8
26 - INFO - chord#: 132 In build_straw_man_chord_sa. tolerance = 1, sa_iterations = 1000, initial_temperature = 3.0, cooling_rate = 0.999
26 - INFO - chord#: 114 done. best_score=27.0, changed=516, unchanged=344, early_stops=8/8
26 - INFO - chord#: 116 In build_straw_man_chord_sa. tolerance = 1, sa_iterations = 1000, initial_temperature = 3.0, cooling_rate = 0.999
26 - INFO - chord#: 118 done. best_score=105.0, changed=608, unchanged=272, early_stops=8/8
26 - INFO - chord#: 120 In build_straw_man_chord_sa. tolerance = 1, sa_iterations = 1000, initial_temperature = 3.0, cooling_rate = 0.999
26 - INFO - chord#: 112 done. best_score=27.0, changed=516, unchanged=374, early_stops=8/8
26 - INFO - chord#: 114 In build_straw_man_chord_sa. tolerance = 1, sa_iterations = 1000, initial_temperature = 3.0, cooling_rate = 0.999
26 - INFO - chord#: 138 done. best_score=78.0, changed=604, unchanged=266, early_stops=8/8
26 - INFO - chord#: 140 In build_straw_man_chord_sa. tolerance = 1, sa_iterations = 1000, initial_temperature = 3.0, cooling_rate = 0.999
26 - INFO - chord#: 140 done. best_score=61.0, changed=528, unchanged=322, early_stops=8/8
26 - INFO - chord#: 142 In build_straw_man_chord_sa. tolerance = 1, sa_iterations = 1000, initial_temperature = 3.0, cooling_rate = 0.999
26 - INFO - chord#: 132 done. best_score=27.0, changed=514, unchanged=409, early_stops=8/8
26 - INFO - chord#: 136 In build_straw_man_chord_sa. tolerance = 1, sa_iterations = 1000, initial_temperature = 3.0, cooling_rate = 0.999
26 - INFO - chord#: 114 done. best_score=27.0, changed=521, unchanged=424, early_stops=8/8
26 - INFO - chord#: 116 In build_straw_man_chord_sa. tolerance = 1, sa_iterations = 1000, initial_temperature = 3.0, cooling_rate = 0.999
26 - INFO - chord#: 116 done. best_score=27.0, changed=529, unchanged=479, early_stops=8/8
26 - INFO - chord#: 118 In build_straw_man_chord_sa. tolerance = 1, sa_iterations = 1000, initial_temperature = 3.0, cooling_rate = 0.999
26 - INFO - chord#: 124 done. best_score=27.0, changed=524, unchanged=451, early_stops=8/8
26 - INFO - chord#: 128 In build_straw_man_chord_sa. tolerance = 1, sa_iterations = 1000, initial_temperature = 3.0, cooling_rate = 0.999
26 - INFO - chord#: 122 done. best_score=67.0, changed=611, unchanged=332, early_stops=8/8
26 - INFO - chord#: 124 In build_straw_man_chord_sa. tolerance = 1, sa_iterations = 1000, initial_temperature = 3.0, cooling_rate = 0.999
26 - INFO - chord#: 116 done. best_score=27.0, changed=514, unchanged=503, early_stops=8/8
26 - INFO - chord#: 118 In build_straw_man_chord_sa. tolerance = 1, sa_iterations = 1000, initial_temperature = 3.0, cooling_rate = 0.999
26 - INFO - chord#: 128 done. best_score=140.0, changed=613, unchanged=426, early_stops=8/8
26 - INFO - chord#: 132 In build_straw_man_chord_sa. tolerance = 1, sa_iterations = 1000, initial_temperature = 3.0, cooling_rate = 0.999
26 - INFO - chord#: 110 done. best_score=67.0, changed=611, unchanged=336, early_stops=8/8
26 - INFO - chord#: 112 In build_straw_man_chord_sa. tolerance = 1, sa_iterations = 1000, initial_temperature = 3.0, cooling_rate = 0.999
26 - INFO - chord#: 120 done. best_score=27.0, changed=525, unchanged=519, early_stops=8/8
26 - INFO - chord#: 122 In build_straw_man_chord_sa. tolerance = 1, sa_iterations = 1000, initial_temperature = 3.0, cooling_rate = 0.999
26 - INFO - chord#: 114 done. best_score=27.0, changed=522, unchanged=415, early_stops=8/8
26 - INFO - chord#: 116 In build_straw_man_chord_sa. tolerance = 1, sa_iterations = 1000, initial_temperature = 3.0, cooling_rate = 0.999
26 - INFO - chord#: 142 done. best_score=62.0, changed=526, unchanged=317, early_stops=8/8
26 - INFO - chord#: 144 In build_straw_man_chord_sa. tolerance = 1, sa_iterations = 1000, initial_temperature = 3.0, cooling_rate = 0.999
26 - INFO - chord#: 140 done. best_score=61.0, changed=537, unchanged=399, early_stops=8/8
26 - INFO - chord#: 142 In build_straw_man_chord_sa. tolerance = 1, sa_iterations = 1000, initial_temperature = 3.0, cooling_rate = 0.999
26 - INFO - chord#: 136 done. best_score=27.0, changed=523, unchanged=421, early_stops=8/8
26 - INFO - chord#: 138 In build_straw_man_chord_sa. tolerance = 1, sa_iterations = 1000, initial_temperature = 3.0, cooling_rate = 0.999
26 - INFO - chord#: 116 done. best_score=27.0, changed=524, unchanged=392, early_stops=8/8
26 - INFO - chord#: 118 In build_straw_man_chord_sa. tolerance = 1, sa_iterations = 1000, initial_temperature = 3.0, cooling_rate = 0.999
26 - INFO - chord#: 124 done. best_score=27.0, changed=516, unchanged=397, early_stops=8/8
26 - INFO - chord#: 128 In build_straw_man_chord_sa. tolerance = 1, sa_iterations = 1000, initial_temperature = 3.0, cooling_rate = 0.999
26 - INFO - chord#: 144 done. best_score=27.0, changed=518, unchanged=397, early_stops=8/8
26 - INFO - chord#: 146 In build_straw_man_chord_sa. tolerance = 1, sa_iterations = 1000, initial_temperature = 3.0, cooling_rate = 0.999
26 - INFO - chord#: 112 done. best_score=27.0, changed=520, unchanged=347, early_stops=8/8
26 - INFO - chord#: 114 In build_straw_man_chord_sa. tolerance = 1, sa_iterations = 1000, initial_temperature = 3.0, cooling_rate = 0.999
26 - INFO - chord#: 116 done. best_score=27.0, changed=519, unchanged=511, early_stops=8/8
26 - INFO - chord#: 118 In build_straw_man_chord_sa. tolerance = 1, sa_iterations = 1000, initial_temperature = 3.0, cooling_rate = 0.999
26 - INFO - chord#: 142 done. best_score=47.0, changed=524, unchanged=348, early_stops=8/8
26 - INFO - chord#: 144 In build_straw_man_chord_sa. tolerance = 1, sa_iterations = 1000, initial_temperature = 3.0, cooling_rate = 0.999
26 - INFO - chord#: 132 done. best_score=27.0, changed=524, unchanged=447, early_stops=8/8
26 - INFO - chord#: 136 In build_straw_man_chord_sa. tolerance = 1, sa_iterations = 1000, initial_temperature = 3.0, cooling_rate = 0.999
26 - INFO - chord#: 144 done. best_score=27.0, changed=519, unchanged=365, early_stops=8/8
26 - INFO - chord#: 146 In build_straw_man_chord_sa. tolerance = 1, sa_iterations = 1000, initial_temperature = 3.0, cooling_rate = 0.999
26 - INFO - chord#: 118 done. best_score=132.0, changed=611, unchanged=394, early_stops=8/8
26 - INFO - chord#: 118 done. best_score=88.0, changed=612, unchanged=248, early_stops=8/8
26 - INFO - chord#: 120 In build_straw_man_chord_sa. tolerance = 1, sa_iterations = 1000, initial_temperature = 3.0, cooling_rate = 0.999
26 - INFO - chord#: 120 In build_straw_man_chord_sa. tolerance = 1, sa_iterations = 1000, initial_temperature = 3.0, cooling_rate = 0.999
26 - INFO - chord#: 128 done. best_score=140.0, changed=609, unchanged=285, early_stops=8/8
26 - INFO - chord#: 132 In build_straw_man_chord_sa. tolerance = 1, sa_iterations = 1000, initial_temperature = 3.0, cooling_rate = 0.999
26 - INFO - chord#: 122 done. best_score=67.0, changed=608, unchanged=247, early_stops=8/8
26 - INFO - chord#: 124 In build_straw_man_chord_sa. tolerance = 1, sa_iterations = 1000, initial_temperature = 3.0, cooling_rate = 0.999
26 - INFO - chord#: 114 done. best_score=27.0, changed=521, unchanged=363, early_stops=8/8
26 - INFO - chord#: 116 In build_straw_man_chord_sa. tolerance = 1, sa_iterations = 1000, initial_temperature = 3.0, cooling_rate = 0.999
26 - INFO - chord#: 136 done. best_score=27.0, changed=528, unchanged=465, early_stops=8/8
26 - INFO - chord#: 138 In build_straw_man_chord_sa. tolerance = 1, sa_iterations = 1000, initial_temperature = 3.0, cooling_rate = 0.999
26 - INFO - chord#: 138 done. best_score=137.0, changed=620, unchanged=526, early_stops=8/8
26 - INFO - chord#: 140 In build_straw_man_chord_sa. tolerance = 1, sa_iterations = 1000, initial_temperature = 3.0, cooling_rate = 0.999
26 - INFO - chord#: 120 done. best_score=27.0, changed=524, unchanged=317, early_stops=8/8
26 - INFO - chord#: 122 In build_straw_man_chord_sa. tolerance = 1, sa_iterations = 1000, initial_temperature = 3.0, cooling_rate = 0.999
26 - INFO - chord#: 146 done. best_score=71.0, changed=613, unchanged=283, early_stops=8/8
26 - INFO - chord#: 148 In build_straw_man_chord_sa. tolerance = 1, sa_iterations = 1000, initial_temperature = 3.0, cooling_rate = 0.999
26 - INFO - chord#: 118 done. best_score=163.0, changed=616, unchanged=450, early_stops=8/8
26 - INFO - chord#: 120 In build_straw_man_chord_sa. tolerance = 1, sa_iterations = 1000, initial_temperature = 3.0, cooling_rate = 0.999
26 - INFO - chord#: 128 done. best_score=140.0, changed=612, unchanged=286, early_stops=8/8
26 - INFO - chord#: 132 In build_straw_man_chord_sa. tolerance = 1, sa_iterations = 1000, initial_temperature = 3.0, cooling_rate = 0.999
26 - INFO - chord#: 120 done. best_score=27.0, changed=528, unchanged=380, early_stops=8/8
26 - INFO - chord#: 122 In build_straw_man_chord_sa. tolerance = 1, sa_iterations = 1000, initial_temperature = 3.0, cooling_rate = 0.999
26 - INFO - chord#: 132 done. best_score=27.0, changed=516, unchanged=371, early_stops=8/8
26 - INFO - chord#: 136 In build_straw_man_chord_sa. tolerance = 1, sa_iterations = 1000, initial_temperature = 3.0, cooling_rate = 0.999
26 - INFO - chord#: 118 done. best_score=88.0, changed=614, unchanged=360, early_stops=8/8
26 - INFO - chord#: 120 In build_straw_man_chord_sa. tolerance = 1, sa_iterations = 1000, initial_temperature = 3.0, cooling_rate = 0.999
26 - INFO - chord#: 124 done. best_score=27.0, changed=523, unchanged=455, early_stops=8/8
26 - INFO - chord#: 128 In build_straw_man_chord_sa. tolerance = 1, sa_iterations = 1000, initial_temperature = 3.0, cooling_rate = 0.999
26 - INFO - chord#: 116 done. best_score=27.0, changed=514, unchanged=436, early_stops=8/8
26 - INFO - chord#: 118 In build_straw_man_chord_sa. tolerance = 1, sa_iterations = 1000, initial_temperature = 3.0, cooling_rate = 0.999
26 - INFO - chord#: 140 done. best_score=61.0, changed=535, unchanged=366, early_stops=8/8
26 - INFO - chord#: 142 In build_straw_man_chord_sa. tolerance = 1, sa_iterations = 1000, initial_temperature = 3.0, cooling_rate = 0.999
26 - INFO - chord#: 146 done. best_score=146.0, changed=611, unchanged=199, early_stops=8/8
26 - INFO - chord#: 148 In build_straw_man_chord_sa. tolerance = 1, sa_iterations = 1000, initial_temperature = 3.0, cooling_rate = 0.999
26 - INFO - chord#: 132 done. best_score=27.0, changed=518, unchanged=418, early_stops=8/8
26 - INFO - chord#: 136 In build_straw_man_chord_sa. tolerance = 1, sa_iterations = 1000, initial_temperature = 3.0, cooling_rate = 0.999
26 - INFO - chord#: 120 done. best_score=27.0, changed=519, unchanged=340, early_stops=8/8
26 - INFO - chord#: 122 In build_straw_man_chord_sa. tolerance = 1, sa_iterations = 1000, initial_temperature = 3.0, cooling_rate = 0.999
26 - INFO - chord#: 136 done. best_score=27.0, changed=527, unchanged=402, early_stops=8/8
26 - INFO - chord#: 138 In build_straw_man_chord_sa. tolerance = 1, sa_iterations = 1000, initial_temperature = 3.0, cooling_rate = 0.999
26 - INFO - chord#: 120 done. best_score=27.0, changed=530, unchanged=503, early_stops=8/8
26 - INFO - chord#: 122 In build_straw_man_chord_sa. tolerance = 1, sa_iterations = 1000, initial_temperature = 3.0, cooling_rate = 0.999
26 - INFO - chord#: 138 done. best_score=78.0, changed=609, unchanged=311, early_stops=8/8
26 - INFO - chord#: 140 In build_straw_man_chord_sa. tolerance = 1, sa_iterations = 1000, initial_temperature = 3.0, cooling_rate = 0.999
26 - INFO - chord#: 136 done. best_score=27.0, changed=519, unchanged=349, early_stops=8/8
26 - INFO - chord#: 138 In build_straw_man_chord_sa. tolerance = 1, sa_iterations = 1000, initial_temperature = 3.0, cooling_rate = 0.999
26 - INFO - chord#: 142 done. best_score=47.0, changed=529, unchanged=453, early_stops=8/8
26 - INFO - chord#: 144 In build_straw_man_chord_sa. tolerance = 1, sa_iterations = 1000, initial_temperature = 3.0, cooling_rate = 0.999
26 - INFO - chord#: 148 done. best_score=165.0, changed=613, unchanged=290, early_stops=8/8
26 - INFO - chord#: 150 In build_straw_man_chord_sa. tolerance = 1, sa_iterations = 1000, initial_temperature = 3.0, cooling_rate = 0.999
26 - INFO - chord#: 122 done. best_score=78.0, changed=616, unchanged=368, early_stops=8/8
26 - INFO - chord#: 124 In build_straw_man_chord_sa. tolerance = 1, sa_iterations = 1000, initial_temperature = 3.0, cooling_rate = 0.999
26 - INFO - chord#: 140 done. best_score=61.0, changed=534, unchanged=316, early_stops=8/8
26 - INFO - chord#: 142 In build_straw_man_chord_sa. tolerance = 1, sa_iterations = 1000, initial_temperature = 3.0, cooling_rate = 0.999
26 - INFO - chord#: 150 done. best_score=49.0, changed=539, unchanged=353, early_stops=8/8
26 - INFO - chord#: 152 In build_straw_man_chord_sa. tolerance = 1, sa_iterations = 1000, initial_temperature = 3.0, cooling_rate = 0.999
26 - INFO - chord#: 144 done. best_score=27.0, changed=518, unchanged=431, early_stops=8/8
26 - INFO - chord#: 146 In build_straw_man_chord_sa. tolerance = 1, sa_iterations = 1000, initial_temperature = 3.0, cooling_rate = 0.999
26 - INFO - chord#: 122 done. best_score=67.0, changed=618, unchanged=360, early_stops=8/8
26 - INFO - chord#: 124 In build_straw_man_chord_sa. tolerance = 1, sa_iterations = 1000, initial_temperature = 3.0, cooling_rate = 0.999
26 - INFO - chord#: 128 done. best_score=140.0, changed=610, unchanged=233, early_stops=8/8
26 - INFO - chord#: 132 In build_straw_man_chord_sa. tolerance = 1, sa_iterations = 1000, initial_temperature = 3.0, cooling_rate = 0.999
26 - INFO - chord#: 118 done. best_score=88.0, changed=611, unchanged=310, early_stops=8/8
26 - INFO - chord#: 120 In build_straw_man_chord_sa. tolerance = 1, sa_iterations = 1000, initial_temperature = 3.0, cooling_rate = 0.999
26 - INFO - chord#: 124 done. best_score=27.0, changed=517, unchanged=320, early_stops=8/8
26 - INFO - chord#: 128 In build_straw_man_chord_sa. tolerance = 1, sa_iterations = 1000, initial_temperature = 3.0, cooling_rate = 0.999
26 - INFO - chord#: 122 done. best_score=67.0, changed=619, unchanged=413, early_stops=8/8
26 - INFO - chord#: 124 In build_straw_man_chord_sa. tolerance = 1, sa_iterations = 1000, initial_temperature = 3.0, cooling_rate = 0.999
26 - INFO - chord#: 142 done. best_score=62.0, changed=534, unchanged=430, early_stops=8/8
26 - INFO - chord#: 144 In build_straw_man_chord_sa. tolerance = 1, sa_iterations = 1000, initial_temperature = 3.0, cooling_rate = 0.999
26 - INFO - chord#: 152 done. best_score=27.0, changed=520, unchanged=365, early_stops=8/8
26 - INFO - chord#: 154 In build_straw_man_chord_sa. tolerance = 1, sa_iterations = 1000, initial_temperature = 3.0, cooling_rate = 0.999
26 - INFO - chord#: 148 done. best_score=137.0, changed=614, unchanged=355, early_stops=8/8
26 - INFO - chord#: 150 In build_straw_man_chord_sa. tolerance = 1, sa_iterations = 1000, initial_temperature = 3.0, cooling_rate = 0.999
26 - INFO - chord#: 122 done. best_score=125.0, changed=612, unchanged=274, early_stops=8/8
26 - INFO - chord#: 124 In build_straw_man_chord_sa. tolerance = 1, sa_iterations = 1000, initial_temperature = 3.0, cooling_rate = 0.999
26 - INFO - chord#: 138 done. best_score=96.0, changed=613, unchanged=353, early_stops=8/8
26 - INFO - chord#: 140 In build_straw_man_chord_sa. tolerance = 1, sa_iterations = 1000, initial_temperature = 3.0, cooling_rate = 0.999
26 - INFO - chord#: 120 done. best_score=27.0, changed=520, unchanged=310, early_stops=8/8
26 - INFO - chord#: 122 In build_straw_man_chord_sa. tolerance = 1, sa_iterations = 1000, initial_temperature = 3.0, cooling_rate = 0.999
26 - INFO - chord#: 138 done. best_score=125.0, changed=612, unchanged=370, early_stops=8/8
26 - INFO - chord#: 140 In build_straw_man_chord_sa. tolerance = 1, sa_iterations = 1000, initial_temperature = 3.0, cooling_rate = 0.999
26 - INFO - chord#: 132 done. best_score=27.0, changed=516, unchanged=440, early_stops=8/8
26 - INFO - chord#: 136 In build_straw_man_chord_sa. tolerance = 1, sa_iterations = 1000, initial_temperature = 3.0, cooling_rate = 0.999
26 - INFO - chord#: 124 done. best_score=27.0, changed=527, unchanged=511, early_stops=8/8
26 - INFO - chord#: 128 In build_straw_man_chord_sa. tolerance = 1, sa_iterations = 1000, initial_temperature = 3.0, cooling_rate = 0.999
26 - INFO - chord#: 144 done. best_score=27.0, changed=520, unchanged=375, early_stops=8/8
26 - INFO - chord#: 146 In build_straw_man_chord_sa. tolerance = 1, sa_iterations = 1000, initial_temperature = 3.0, cooling_rate = 0.999
26 - INFO - chord#: 124 done. best_score=27.0, changed=520, unchanged=444, early_stops=8/8
26 - INFO - chord#: 128 In build_straw_man_chord_sa. tolerance = 1, sa_iterations = 1000, initial_temperature = 3.0, cooling_rate = 0.999
26 - INFO - chord#: 150 done. best_score=36.0, changed=522, unchanged=333, early_stops=8/8
26 - INFO - chord#: 152 In build_straw_man_chord_sa. tolerance = 1, sa_iterations = 1000, initial_temperature = 3.0, cooling_rate = 0.999
26 - INFO - chord#: 124 done. best_score=27.0, changed=520, unchanged=414, early_stops=8/8
26 - INFO - chord#: 128 In build_straw_man_chord_sa. tolerance = 1, sa_iterations = 1000, initial_temperature = 3.0, cooling_rate = 0.999
26 - INFO - chord#: 140 done. best_score=61.0, changed=533, unchanged=305, early_stops=8/8
26 - INFO - chord#: 142 In build_straw_man_chord_sa. tolerance = 1, sa_iterations = 1000, initial_temperature = 3.0, cooling_rate = 0.999
26 - INFO - chord#: 128 done. best_score=145.0, changed=614, unchanged=279, early_stops=8/8
26 - INFO - chord#: 132 In build_straw_man_chord_sa. tolerance = 1, sa_iterations = 1000, initial_temperature = 3.0, cooling_rate = 0.999
26 - INFO - chord#: 146 done. best_score=146.0, changed=616, unchanged=395, early_stops=8/8
26 - INFO - chord#: 148 In build_straw_man_chord_sa. tolerance = 1, sa_iterations = 1000, initial_temperature = 3.0, cooling_rate = 0.999
26 - INFO - chord#: 140 done. best_score=61.0, changed=530, unchanged=352, early_stops=8/8
26 - INFO - chord#: 142 In build_straw_man_chord_sa. tolerance = 1, sa_iterations = 1000, initial_temperature = 3.0, cooling_rate = 0.999
26 - INFO - chord#: 136 done. best_score=27.0, changed=526, unchanged=405, early_stops=8/8
26 - INFO - chord#: 138 In build_straw_man_chord_sa. tolerance = 1, sa_iterations = 1000, initial_temperature = 3.0, cooling_rate = 0.999
26 - INFO - chord#: 154 done. best_score=67.0, changed=621, unchanged=313, early_stops=8/8
26 - INFO - chord#: 156 In build_straw_man_chord_sa. tolerance = 1, sa_iterations = 1000, initial_temperature = 3.0, cooling_rate = 0.999
26 - INFO - chord#: 152 done. best_score=27.0, changed=521, unchanged=453, early_stops=8/8
26 - INFO - chord#: 154 In build_straw_man_chord_sa. tolerance = 1, sa_iterations = 1000, initial_temperature = 3.0, cooling_rate = 0.999
26 - INFO - chord#: 132 done. best_score=27.0, changed=528, unchanged=391, early_stops=8/8
26 - INFO - chord#: 136 In build_straw_man_chord_sa. tolerance = 1, sa_iterations = 1000, initial_temperature = 3.0, cooling_rate = 0.999
26 - INFO - chord#: 142 done. best_score=47.0, changed=520, unchanged=431, early_stops=8/8
26 - INFO - chord#: 144 In build_straw_man_chord_sa. tolerance = 1, sa_iterations = 1000, initial_temperature = 3.0, cooling_rate = 0.999
26 - INFO - chord#: 142 done. best_score=47.0, changed=527, unchanged=415, early_stops=8/8
26 - INFO - chord#: 144 In build_straw_man_chord_sa. tolerance = 1, sa_iterations = 1000, initial_temperature = 3.0, cooling_rate = 0.999
26 - INFO - chord#: 128 done. best_score=142.0, changed=611, unchanged=284, early_stops=8/8
26 - INFO - chord#: 132 In build_straw_man_chord_sa. tolerance = 1, sa_iterations = 1000, initial_temperature = 3.0, cooling_rate = 0.999
26 - INFO - chord#: 122 done. best_score=96.0, changed=610, unchanged=316, early_stops=8/8
26 - INFO - chord#: 124 In build_straw_man_chord_sa. tolerance = 1, sa_iterations = 1000, initial_temperature = 3.0, cooling_rate = 0.999
26 - INFO - chord#: 146 done. best_score=140.0, changed=618, unchanged=395, early_stops=8/8
26 - INFO - chord#: 148 In build_straw_man_chord_sa. tolerance = 1, sa_iterations = 1000, initial_temperature = 3.0, cooling_rate = 0.999
26 - INFO - chord#: 156 done. best_score=27.0, changed=519, unchanged=363, early_stops=8/8
26 - INFO - chord#: 144 done. best_score=27.0, changed=519, unchanged=415, early_stops=8/8
26 - INFO - chord#: 146 In build_straw_man_chord_sa. tolerance = 1, sa_iterations = 1000, initial_temperature = 3.0, cooling_rate = 0.999
26 - INFO - chord#: 136 done. best_score=27.0, changed=529, unchanged=441, early_stops=8/8
26 - INFO - chord#: 138 In build_straw_man_chord_sa. tolerance = 1, sa_iterations = 1000, initial_temperature = 3.0, cooling_rate = 0.999
26 - INFO - chord#: 148 done. best_score=67.0, changed=611, unchanged=239, early_stops=8/8
26 - INFO - chord#: 150 In build_straw_man_chord_sa. tolerance = 1, sa_iterations = 1000, initial_temperature = 3.0, cooling_rate = 0.999
26 - INFO - chord#: 128 done. best_score=142.0, changed=615, unchanged=401, early_stops=8/8
26 - INFO - chord#: 132 In build_straw_man_chord_sa. tolerance = 1, sa_iterations = 1000, initial_temperature = 3.0, cooling_rate = 0.999
26 - INFO - chord#: 132 done. best_score=27.0, changed=519, unchanged=358, early_stops=8/8
26 - INFO - chord#: 136 In build_straw_man_chord_sa. tolerance = 1, sa_iterations = 1000, initial_temperature = 3.0, cooling_rate = 0.999
26 - INFO - chord#: 128 done. best_score=140.0, changed=612, unchanged=248, early_stops=8/8
26 - INFO - chord#: 132 In build_straw_man_chord_sa. tolerance = 1, sa_iterations = 1000, initial_temperature = 3.0, cooling_rate = 0.999
26 - INFO - chord#: 144 done. best_score=27.0, changed=520, unchanged=439, early_stops=8/8
26 - INFO - chord#: 146 In build_straw_man_chord_sa. tolerance = 1, sa_iterations = 1000, initial_temperature = 3.0, cooling_rate = 0.999
26 - INFO - chord#: 124 done. best_score=27.0, changed=519, unchanged=448, early_stops=8/8
26 - INFO - chord#: 128 In build_straw_man_chord_sa. tolerance = 1, sa_iterations = 1000, initial_temperature = 3.0, cooling_rate = 0.999
26 - INFO - chord#: 150 done. best_score=36.0, changed=525, unchanged=423, early_stops=8/8
26 - INFO - chord#: 152 In build_straw_man_chord_sa. tolerance = 1, sa_iterations = 1000, initial_temperature = 3.0, cooling_rate = 0.999
26 - INFO - chord#: 138 done. best_score=157.0, changed=615, unchanged=374, early_stops=8/8
26 - INFO - chord#: 140 In build_straw_man_chord_sa. tolerance = 1, sa_iterations = 1000, initial_temperature = 3.0, cooling_rate = 0.999
26 - INFO - chord#: 136 done. best_score=27.0, changed=515, unchanged=380, early_stops=8/8
26 - INFO - chord#: 138 In build_straw_man_chord_sa. tolerance = 1, sa_iterations = 1000, initial_temperature = 3.0, cooling_rate = 0.999
26 - INFO - chord#: 132 done. best_score=27.0, changed=522, unchanged=331, early_stops=8/8
26 - INFO - chord#: 136 In build_straw_man_chord_sa. tolerance = 1, sa_iterations = 1000, initial_temperature = 3.0, cooling_rate = 0.999
26 - INFO - chord#: 132 done. best_score=27.0, changed=516, unchanged=372, early_stops=8/8
26 - INFO - chord#: 136 In build_straw_man_chord_sa. tolerance = 1, sa_iterations = 1000, initial_temperature = 3.0, cooling_rate = 0.999
26 - INFO - chord#: 154 done. best_score=137.0, changed=616, unchanged=445, early_stops=8/8
26 - INFO - chord#: 156 In build_straw_man_chord_sa. tolerance = 1, sa_iterations = 1000, initial_temperature = 3.0, cooling_rate = 0.999
26 - INFO - chord#: 146 done. best_score=64.0, changed=610, unchanged=304, early_stops=8/8
26 - INFO - chord#: 148 In build_straw_man_chord_sa. tolerance = 1, sa_iterations = 1000, initial_temperature = 3.0, cooling_rate = 0.999
26 - INFO - chord#: 138 done. best_score=67.0, changed=611, unchanged=271, early_stops=8/8
26 - INFO - chord#: 140 In build_straw_man_chord_sa. tolerance = 1, sa_iterations = 1000, initial_temperature = 3.0, cooling_rate = 0.999
26 - INFO - chord#: 152 done. best_score=27.0, changed=519, unchanged=466, early_stops=8/8
26 - INFO - chord#: 154 In build_straw_man_chord_sa. tolerance = 1, sa_iterations = 1000, initial_temperature = 3.0, cooling_rate = 0.999
26 - INFO - chord#: 148 done. best_score=119.0, changed=615, unchanged=408, early_stops=8/8
26 - INFO - chord#: 150 In build_straw_man_chord_sa. tolerance = 1, sa_iterations = 1000, initial_temperature = 3.0, cooling_rate = 0.999
26 - INFO - chord#: 140 done. best_score=61.0, changed=533, unchanged=334, early_stops=8/8
26 - INFO - chord#: 142 In build_straw_man_chord_sa. tolerance = 1, sa_iterations = 1000, initial_temperature = 3.0, cooling_rate = 0.999
26 - INFO - chord#: 136 done. best_score=27.0, changed=525, unchanged=338, early_stops=8/8
26 - INFO - chord#: 138 In build_straw_man_chord_sa. tolerance = 1, sa_iterations = 1000, initial_temperature = 3.0, cooling_rate = 0.999
26 - INFO - chord#: 136 done. best_score=27.0, changed=524, unchanged=379, early_stops=8/8
26 - INFO - chord#: 138 In build_straw_man_chord_sa. tolerance = 1, sa_iterations = 1000, initial_temperature = 3.0, cooling_rate = 0.999
26 - INFO - chord#: 156 done. best_score=27.0, changed=519, unchanged=548, early_stops=8/8
26 - INFO - chord#: 138 done. best_score=137.0, changed=607, unchanged=220, early_stops=8/8
26 - INFO - chord#: 140 In build_straw_man_chord_sa. tolerance = 1, sa_iterations = 1000, initial_temperature = 3.0, cooling_rate = 0.999
26 - INFO - chord#: 140 done. best_score=61.0, changed=524, unchanged=306, early_stops=8/8
26 - INFO - chord#: 142 In build_straw_man_chord_sa. tolerance = 1, sa_iterations = 1000, initial_temperature = 3.0, cooling_rate = 0.999
26 - INFO - chord#: 150 done. best_score=47.0, changed=529, unchanged=321, early_stops=8/8
26 - INFO - chord#: 152 In build_straw_man_chord_sa. tolerance = 1, sa_iterations = 1000, initial_temperature = 3.0, cooling_rate = 0.999
26 - INFO - chord#: 142 done. best_score=47.0, changed=529, unchanged=287, early_stops=8/8
26 - INFO - chord#: 144 In build_straw_man_chord_sa. tolerance = 1, sa_iterations = 1000, initial_temperature = 3.0, cooling_rate = 0.999
26 - INFO - chord#: 128 done. best_score=145.0, changed=613, unchanged=280, early_stops=8/8
26 - INFO - chord#: 132 In build_straw_man_chord_sa. tolerance = 1, sa_iterations = 1000, initial_temperature = 3.0, cooling_rate = 0.999
26 - INFO - chord#: 140 done. best_score=61.0, changed=535, unchanged=287, early_stops=8/8
26 - INFO - chord#: 142 In build_straw_man_chord_sa. tolerance = 1, sa_iterations = 1000, initial_temperature = 3.0, cooling_rate = 0.999
26 - INFO - chord#: 152 done. best_score=27.0, changed=518, unchanged=338, early_stops=8/8
26 - INFO - chord#: 154 In build_straw_man_chord_sa. tolerance = 1, sa_iterations = 1000, initial_temperature = 3.0, cooling_rate = 0.999
26 - INFO - chord#: 146 done. best_score=64.0, changed=616, unchanged=476, early_stops=8/8
26 - INFO - chord#: 148 In build_straw_man_chord_sa. tolerance = 1, sa_iterations = 1000, initial_temperature = 3.0, cooling_rate = 0.999
26 - INFO - chord#: 154 done. best_score=137.0, changed=611, unchanged=236, early_stops=8/8
26 - INFO - chord#: 156 In build_straw_man_chord_sa. tolerance = 1, sa_iterations = 1000, initial_temperature = 3.0, cooling_rate = 0.999
26 - INFO - chord#: 148 done. best_score=67.0, changed=610, unchanged=271, early_stops=8/8
26 - INFO - chord#: 150 In build_straw_man_chord_sa. tolerance = 1, sa_iterations = 1000, initial_temperature = 3.0, cooling_rate = 0.999
26 - INFO - chord#: 142 done. best_score=47.0, changed=517, unchanged=454, early_stops=8/8
26 - INFO - chord#: 144 In build_straw_man_chord_sa. tolerance = 1, sa_iterations = 1000, initial_temperature = 3.0, cooling_rate = 0.999
26 - INFO - chord#: 144 done. best_score=27.0, changed=514, unchanged=430, early_stops=8/8
26 - INFO - chord#: 146 In build_straw_man_chord_sa. tolerance = 1, sa_iterations = 1000, initial_temperature = 3.0, cooling_rate = 0.999
26 - INFO - chord#: 138 done. best_score=67.0, changed=608, unchanged=297, early_stops=8/8
26 - INFO - chord#: 140 In build_straw_man_chord_sa. tolerance = 1, sa_iterations = 1000, initial_temperature = 3.0, cooling_rate = 0.999
26 - INFO - chord#: 142 done. best_score=47.0, changed=516, unchanged=359, early_stops=8/8
26 - INFO - chord#: 144 In build_straw_man_chord_sa. tolerance = 1, sa_iterations = 1000, initial_temperature = 3.0, cooling_rate = 0.999
26 - INFO - chord#: 132 done. best_score=27.0, changed=521, unchanged=464, early_stops=8/8
26 - INFO - chord#: 136 In build_straw_man_chord_sa. tolerance = 1, sa_iterations = 1000, initial_temperature = 3.0, cooling_rate = 0.999
26 - INFO - chord#: 138 done. best_score=125.0, changed=609, unchanged=250, early_stops=8/8
26 - INFO - chord#: 140 In build_straw_man_chord_sa. tolerance = 1, sa_iterations = 1000, initial_temperature = 3.0, cooling_rate = 0.999
26 - INFO - chord#: 156 done. best_score=27.0, changed=532, unchanged=485, early_stops=8/8
26 - INFO - chord#: 150 done. best_score=36.0, changed=522, unchanged=319, early_stops=8/8
26 - INFO - chord#: 152 In build_straw_man_chord_sa. tolerance = 1, sa_iterations = 1000, initial_temperature = 3.0, cooling_rate = 0.999
26 - INFO - chord#: 144 done. best_score=27.0, changed=519, unchanged=473, early_stops=8/8
26 - INFO - chord#: 146 In build_straw_man_chord_sa. tolerance = 1, sa_iterations = 1000, initial_temperature = 3.0, cooling_rate = 0.999
26 - INFO - chord#: 140 done. best_score=61.0, changed=535, unchanged=299, early_stops=8/8
26 - INFO - chord#: 142 In build_straw_man_chord_sa. tolerance = 1, sa_iterations = 1000, initial_temperature = 3.0, cooling_rate = 0.999
26 - INFO - chord#: 144 done. best_score=27.0, changed=513, unchanged=321, early_stops=8/8
26 - INFO - chord#: 146 In build_straw_man_chord_sa. tolerance = 1, sa_iterations = 1000, initial_temperature = 3.0, cooling_rate = 0.999
26 - INFO - chord#: 136 done. best_score=27.0, changed=525, unchanged=371, early_stops=8/8
26 - INFO - chord#: 138 In build_straw_man_chord_sa. tolerance = 1, sa_iterations = 1000, initial_temperature = 3.0, cooling_rate = 0.999
26 - INFO - chord#: 148 done. best_score=140.0, changed=611, unchanged=257, early_stops=8/8
26 - INFO - chord#: 150 In build_straw_man_chord_sa. tolerance = 1, sa_iterations = 1000, initial_temperature = 3.0, cooling_rate = 0.999
26 - INFO - chord#: 140 done. best_score=61.0, changed=532, unchanged=300, early_stops=8/8
26 - INFO - chord#: 142 In build_straw_man_chord_sa. tolerance = 1, sa_iterations = 1000, initial_temperature = 3.0, cooling_rate = 0.999
26 - INFO - chord#: 154 done. best_score=145.0, changed=614, unchanged=308, early_stops=8/8
26 - INFO - chord#: 156 In build_straw_man_chord_sa. tolerance = 1, sa_iterations = 1000, initial_temperature = 3.0, cooling_rate = 0.999
26 - INFO - chord#: 152 done. best_score=27.0, changed=522, unchanged=377, early_stops=8/8
26 - INFO - chord#: 154 In build_straw_man_chord_sa. tolerance = 1, sa_iterations = 1000, initial_temperature = 3.0, cooling_rate = 0.999
26 - INFO - chord#: 146 done. best_score=125.0, changed=614, unchanged=262, early_stops=8/8
26 - INFO - chord#: 148 In build_straw_man_chord_sa. tolerance = 1, sa_iterations = 1000, initial_temperature = 3.0, cooling_rate = 0.999
26 - INFO - chord#: 142 done. best_score=47.0, changed=520, unchanged=375, early_stops=8/8
26 - INFO - chord#: 144 In build_straw_man_chord_sa. tolerance = 1, sa_iterations = 1000, initial_temperature = 3.0, cooling_rate = 0.999
26 - INFO - chord#: 150 done. best_score=49.0, changed=533, unchanged=354, early_stops=8/8
26 - INFO - chord#: 152 In build_straw_man_chord_sa. tolerance = 1, sa_iterations = 1000, initial_temperature = 3.0, cooling_rate = 0.999
26 - INFO - chord#: 146 done. best_score=71.0, changed=608, unchanged=294, early_stops=8/8
26 - INFO - chord#: 148 In build_straw_man_chord_sa. tolerance = 1, sa_iterations = 1000, initial_temperature = 3.0, cooling_rate = 0.999
26 - INFO - chord#: 156 done. best_score=27.0, changed=517, unchanged=450, early_stops=8/8
26 - INFO - chord#: 142 done. best_score=74.0, changed=537, unchanged=322, early_stops=8/8
26 - INFO - chord#: 144 In build_straw_man_chord_sa. tolerance = 1, sa_iterations = 1000, initial_temperature = 3.0, cooling_rate = 0.999
26 - INFO - chord#: 144 done. best_score=27.0, changed=513, unchanged=334, early_stops=8/8
26 - INFO - chord#: 146 In build_straw_man_chord_sa. tolerance = 1, sa_iterations = 1000, initial_temperature = 3.0, cooling_rate = 0.999
26 - INFO - chord#: 146 done. best_score=64.0, changed=608, unchanged=273, early_stops=8/8
26 - INFO - chord#: 148 In build_straw_man_chord_sa. tolerance = 1, sa_iterations = 1000, initial_temperature = 3.0, cooling_rate = 0.999
26 - INFO - chord#: 152 done. best_score=27.0, changed=516, unchanged=345, early_stops=8/8
26 - INFO - chord#: 154 In build_straw_man_chord_sa. tolerance = 1, sa_iterations = 1000, initial_temperature = 3.0, cooling_rate = 0.999
26 - INFO - chord#: 138 done. best_score=137.0, changed=609, unchanged=319, early_stops=8/8
26 - INFO - chord#: 140 In build_straw_man_chord_sa. tolerance = 1, sa_iterations = 1000, initial_temperature = 3.0, cooling_rate = 0.999
26 - INFO - chord#: 144 done. best_score=27.0, changed=524, unchanged=473, early_stops=8/8
26 - INFO - chord#: 146 In build_straw_man_chord_sa. tolerance = 1, sa_iterations = 1000, initial_temperature = 3.0, cooling_rate = 0.999
26 - INFO - chord#: 154 done. best_score=67.0, changed=615, unchanged=273, early_stops=8/8
26 - INFO - chord#: 156 In build_straw_man_chord_sa. tolerance = 1, sa_iterations = 1000, initial_temperature = 3.0, cooling_rate = 0.999
26 - INFO - chord#: 148 done. best_score=78.0, changed=614, unchanged=258, early_stops=8/8
26 - INFO - chord#: 150 In build_straw_man_chord_sa. tolerance = 1, sa_iterations = 1000, initial_temperature = 3.0, cooling_rate = 0.999
26 - INFO - chord#: 148 done. best_score=78.0, changed=616, unchanged=330, early_stops=8/8
26 - INFO - chord#: 150 In build_straw_man_chord_sa. tolerance = 1, sa_iterations = 1000, initial_temperature = 3.0, cooling_rate = 0.999
26 - INFO - chord#: 156 done. best_score=27.0, changed=521, unchanged=387, early_stops=8/8
26 - INFO - chord#: 150 done. best_score=47.0, changed=519, unchanged=413, early_stops=8/8
26 - INFO - chord#: 152 In build_straw_man_chord_sa. tolerance = 1, sa_iterations = 1000, initial_temperature = 3.0, cooling_rate = 0.999
26 - INFO - chord#: 140 done. best_score=61.0, changed=525, unchanged=305, early_stops=8/8
26 - INFO - chord#: 142 In build_straw_man_chord_sa. tolerance = 1, sa_iterations = 1000, initial_temperature = 3.0, cooling_rate = 0.999
26 - INFO - chord#: 148 done. best_score=140.0, changed=607, unchanged=400, early_stops=8/8
26 - INFO - chord#: 150 In build_straw_man_chord_sa. tolerance = 1, sa_iterations = 1000, initial_temperature = 3.0, cooling_rate = 0.999
26 - INFO - chord#: 154 done. best_score=137.0, changed=618, unchanged=486, early_stops=8/8
26 - INFO - chord#: 156 In build_straw_man_chord_sa. tolerance = 1, sa_iterations = 1000, initial_temperature = 3.0, cooling_rate = 0.999
26 - INFO - chord#: 146 done. best_score=71.0, changed=615, unchanged=533, early_stops=8/8
26 - INFO - chord#: 148 In build_straw_man_chord_sa. tolerance = 1, sa_iterations = 1000, initial_temperature = 3.0, cooling_rate = 0.999
26 - INFO - chord#: 150 done. best_score=47.0, changed=526, unchanged=412, early_stops=8/8
26 - INFO - chord#: 152 In build_straw_man_chord_sa. tolerance = 1, sa_iterations = 1000, initial_temperature = 3.0, cooling_rate = 0.999
26 - INFO - chord#: 152 done. best_score=27.0, changed=514, unchanged=406, early_stops=8/8
26 - INFO - chord#: 154 In build_straw_man_chord_sa. tolerance = 1, sa_iterations = 1000, initial_temperature = 3.0, cooling_rate = 0.999
26 - INFO - chord#: 142 done. best_score=47.0, changed=526, unchanged=451, early_stops=8/8
26 - INFO - chord#: 144 In build_straw_man_chord_sa. tolerance = 1, sa_iterations = 1000, initial_temperature = 3.0, cooling_rate = 0.999
26 - INFO - chord#: 150 done. best_score=49.0, changed=535, unchanged=443, early_stops=8/8
26 - INFO - chord#: 152 In build_straw_man_chord_sa. tolerance = 1, sa_iterations = 1000, initial_temperature = 3.0, cooling_rate = 0.999
26 - INFO - chord#: 156 done. best_score=27.0, changed=520, unchanged=422, early_stops=8/8
26 - INFO - chord#: 152 done. best_score=27.0, changed=531, unchanged=724, early_stops=8/8
26 - INFO - chord#: 154 In build_straw_man_chord_sa. tolerance = 1, sa_iterations = 1000, initial_temperature = 3.0, cooling_rate = 0.999
26 - INFO - chord#: 146 done. best_score=64.0, changed=617, unchanged=393, early_stops=8/8
26 - INFO - chord#: 148 In build_straw_man_chord_sa. tolerance = 1, sa_iterations = 1000, initial_temperature = 3.0, cooling_rate = 0.999
26 - INFO - chord#: 144 done. best_score=27.0, changed=523, unchanged=436, early_stops=8/8
26 - INFO - chord#: 146 In build_straw_man_chord_sa. tolerance = 1, sa_iterations = 1000, initial_temperature = 3.0, cooling_rate = 0.999
26 - INFO - chord#: 152 done. best_score=27.0, changed=533, unchanged=647, early_stops=8/8
26 - INFO - chord#: 154 In build_straw_man_chord_sa. tolerance = 1, sa_iterations = 1000, initial_temperature = 3.0, cooling_rate = 0.999
26 - INFO - chord#: 148 done. best_score=78.0, changed=619, unchanged=268, early_stops=8/8
26 - INFO - chord#: 150 In build_straw_man_chord_sa. tolerance = 1, sa_iterations = 1000, initial_temperature = 3.0, cooling_rate = 0.999
26 - INFO - chord#: 154 done. best_score=67.0, changed=612, unchanged=357, early_stops=8/8
26 - INFO - chord#: 156 In build_straw_man_chord_sa. tolerance = 1, sa_iterations = 1000, initial_temperature = 3.0, cooling_rate = 0.999
26 - INFO - chord#: 150 done. best_score=36.0, changed=524, unchanged=391, early_stops=8/8
26 - INFO - chord#: 152 In build_straw_man_chord_sa. tolerance = 1, sa_iterations = 1000, initial_temperature = 3.0, cooling_rate = 0.999
26 - INFO - chord#: 146 done. best_score=64.0, changed=611, unchanged=283, early_stops=8/8
26 - INFO - chord#: 148 In build_straw_man_chord_sa. tolerance = 1, sa_iterations = 1000, initial_temperature = 3.0, cooling_rate = 0.999
26 - INFO - chord#: 148 done. best_score=137.0, changed=610, unchanged=320, early_stops=8/8
26 - INFO - chord#: 150 In build_straw_man_chord_sa. tolerance = 1, sa_iterations = 1000, initial_temperature = 3.0, cooling_rate = 0.999
26 - INFO - chord#: 156 done. best_score=27.0, changed=520, unchanged=380, early_stops=8/8
26 - INFO - chord#: 154 done. best_score=67.0, changed=618, unchanged=440, early_stops=8/8
26 - INFO - chord#: 156 In build_straw_man_chord_sa. tolerance = 1, sa_iterations = 1000, initial_temperature = 3.0, cooling_rate = 0.999
26 - INFO - chord#: 152 done. best_score=27.0, changed=512, unchanged=364, early_stops=8/8
26 - INFO - chord#: 154 In build_straw_man_chord_sa. tolerance = 1, sa_iterations = 1000, initial_temperature = 3.0, cooling_rate = 0.999
26 - INFO - chord#: 154 done. best_score=145.0, changed=617, unchanged=264, early_stops=8/8
26 - INFO - chord#: 156 In build_straw_man_chord_sa. tolerance = 1, sa_iterations = 1000, initial_temperature = 3.0, cooling_rate = 0.999
26 - INFO - chord#: 150 done. best_score=36.0, changed=524, unchanged=369, early_stops=8/8
26 - INFO - chord#: 152 In build_straw_man_chord_sa. tolerance = 1, sa_iterations = 1000, initial_temperature = 3.0, cooling_rate = 0.999
26 - INFO - chord#: 156 done. best_score=27.0, changed=526, unchanged=413, early_stops=8/8
26 - INFO - chord#: 156 done. best_score=27.0, changed=524, unchanged=358, early_stops=8/8
26 - INFO - chord#: 152 done. best_score=27.0, changed=520, unchanged=503, early_stops=8/8
26 - INFO - chord#: 154 In build_straw_man_chord_sa. tolerance = 1, sa_iterations = 1000, initial_temperature = 3.0, cooling_rate = 0.999
26 - INFO - chord#: 154 done. best_score=67.0, changed=609, unchanged=270, early_stops=8/8
26 - INFO - chord#: 156 In build_straw_man_chord_sa. tolerance = 1, sa_iterations = 1000, initial_temperature = 3.0, cooling_rate = 0.999
26 - INFO - chord#: 148 done. best_score=78.0, changed=613, unchanged=475, early_stops=8/8
26 - INFO - chord#: 150 In build_straw_man_chord_sa. tolerance = 1, sa_iterations = 1000, initial_temperature = 3.0, cooling_rate = 0.999
26 - INFO - chord#: 156 done. best_score=27.0, changed=525, unchanged=445, early_stops=8/8
26 - INFO - chord#: 150 done. best_score=47.0, changed=525, unchanged=518, early_stops=8/8
26 - INFO - chord#: 152 In build_straw_man_chord_sa. tolerance = 1, sa_iterations = 1000, initial_temperature = 3.0, cooling_rate = 0.999
26 - INFO - chord#: 154 done. best_score=157.0, changed=609, unchanged=218, early_stops=8/8
26 - INFO - chord#: 156 In build_straw_man_chord_sa. tolerance = 1, sa_iterations = 1000, initial_temperature = 3.0, cooling_rate = 0.999
26 - INFO - chord#: 152 done. best_score=27.0, changed=529, unchanged=634, early_stops=8/8
26 - INFO - chord#: 154 In build_straw_man_chord_sa. tolerance = 1, sa_iterations = 1000, initial_temperature = 3.0, cooling_rate = 0.999
26 - INFO - chord#: 156 done. best_score=27.0, changed=520, unchanged=364, early_stops=8/8
26 - INFO - chord#: 154 done. best_score=137.0, changed=611, unchanged=351, early_stops=8/8
26 - INFO - chord#: 156 In build_straw_man_chord_sa. tolerance = 1, sa_iterations = 1000, initial_temperature = 3.0, cooling_rate = 0.999
26 - INFO - chord#: 156 done. best_score=27.0, changed=516, unchanged=431, early_stops=8/8
26 - INFO - save_midi_file = False, 
26 - INFO - version = 'bwv258', chorale.shape = (4, 160), root = 11, keys[root] = 'B♮', mode = 'minor', time_sig = '4/4'
26 - INFO - In load_chorale_in_cents. About to load top_notes from file_name = '/home/prent/Repos/One-footed-bride-tuning/Archive/straw-man/t1_r1.50_s0_md33_sn0/bwv258top-notes.npy'
26 - INFO - Loaded top_notes from /home/prent/Repos/One-footed-bride-tuning/Archive/straw-man/t1_r1.50_s0_md33_sn0/bwv258top-notes.npy, re-ordered by chorale frequency
26 - INFO - chorale_in_cents.shape = (4, 160), chorale.shape = (4, 160)
26 - INFO - cent value based on top_notes
26 - INFO - Chord 0: [ 200  600  200 1100]
26 - INFO - Chord 1: [ 200  600  200 1100]
26 - INFO - Chord 2: [ 200  700  200 1100]
26 - INFO - Chord 3: [ 200  700  200 1100]
26 - INFO - Chord 4: [200 900 200 600]
26 - INFO - Chord 5: [200 900 200 600]
26 - INFO - Chord 6: [200 900 200 600]
26 - INFO - Chord 7: [200 900 200 600]
26 - INFO - Chord 8: [1100  700  200  700]
26 - INFO - Chord 9: [1100  700  200  700]
26 - INFO - cent_value_chorale.shape = (4, 160), chorale.shape = (4, 160), B♮ minor
26 - INFO - cent value based on 12 TET
26 - INFO - Chord 0: [ 200  600  200 1100]
26 - INFO - Chord 1: [ 200  600  200 1100]
26 - INFO - Chord 2: [ 200  700  200 1100]
26 - INFO - Chord 3: [ 200  700  200 1100]
26 - INFO - Chord 4: [200 900 200 600]
26 - INFO - Chord 5: [200 900 200 600]
26 - INFO - Chord 6: [200 900 200 600]
26 - INFO - Chord 7: [200 900 200 600]
26 - INFO - Chord 8: [1100  700  200  700]
26 - INFO - Chord 9: [1100  700  200  700]
26 - INFO - cent_value_chorale.shape = (4, 160), chorale.shape = (4, 160), B♮ minor
26 - INFO - Current top_notes:
26 - INFO -    0    1    2    3    4    5    6    7    8    9   10   11
26 - INFO -   D♮   B♮   F♯   E♮   A♮   C♯   G♮   G♯   A♯   D♯   F♮   C♮
26 - INFO -    2   11    6    4    9    1    7    8   10    3    5    0
26 - INFO -  200 1100  600  400  900  100  700  800 1000  300  500    0
26 - INFO - chord#: 0 In build_straw_man_chord_sa. tolerance = 1, sa_iterations = 1000, initial_temperature = 3.0, cooling_rate = 0.999
26 - INFO - chord#: 0 In build_straw_man_chord_sa. tolerance = 1, sa_iterations = 1000, initial_temperature = 3.0, cooling_rate = 0.999
26 - INFO - chord#: 0 In build_straw_man_chord_sa. tolerance = 1, sa_iterations = 1000, initial_temperature = 3.0, cooling_rate = 0.999
26 - INFO - chord#: 0 In build_straw_man_chord_sa. tolerance = 1, sa_iterations = 1000, initial_temperature = 3.0, cooling_rate = 0.999
26 - INFO - chord#: 0 In build_straw_man_chord_sa. tolerance = 1, sa_iterations = 1000, initial_temperature = 3.0, cooling_rate = 0.999
26 - INFO - chord#: 0 In build_straw_man_chord_sa. tolerance = 1, sa_iterations = 1000, initial_temperature = 3.0, cooling_rate = 0.999
26 - INFO - chord#: 0 In build_straw_man_chord_sa. tolerance = 1, sa_iterations = 1000, initial_temperature = 3.0, cooling_rate = 0.999
26 - INFO - chord#: 0 In build_straw_man_chord_sa. tolerance = 1, sa_iterations = 1000, initial_temperature = 3.0, cooling_rate = 0.999
26 - INFO - chord#: 0 In build_straw_man_chord_sa. tolerance = 1, sa_iterations = 1000, initial_temperature = 3.0, cooling_rate = 0.999
26 - INFO - chord#: 0 In build_straw_man_chord_sa. tolerance = 1, sa_iterations = 1000, initial_temperature = 3.0, cooling_rate = 0.999
26 - INFO - chord#: 0 In build_straw_man_chord_sa. tolerance = 1, sa_iterations = 1000, initial_temperature = 3.0, cooling_rate = 0.999
26 - INFO - chord#: 0 In build_straw_man_chord_sa. tolerance = 1, sa_iterations = 1000, initial_temperature = 3.0, cooling_rate = 0.999
26 - INFO - chord#: 0 done. best_score=27.0, changed=524, unchanged=408, early_stops=8/8
26 - INFO - chord#: 2 In build_straw_man_chord_sa. tolerance = 1, sa_iterations = 1000, initial_temperature = 3.0, cooling_rate = 0.999
26 - INFO - chord#: 0 done. best_score=27.0, changed=524, unchanged=444, early_stops=8/8
26 - INFO - chord#: 2 In build_straw_man_chord_sa. tolerance = 1, sa_iterations = 1000, initial_temperature = 3.0, cooling_rate = 0.999
26 - INFO - chord#: 0 done. best_score=27.0, changed=528, unchanged=435, early_stops=8/8
26 - INFO - chord#: 2 In build_straw_man_chord_sa. tolerance = 1, sa_iterations = 1000, initial_temperature = 3.0, cooling_rate = 0.999
26 - INFO - chord#: 0 done. best_score=27.0, changed=519, unchanged=503, early_stops=8/8
26 - INFO - chord#: 2 In build_straw_man_chord_sa. tolerance = 1, sa_iterations = 1000, initial_temperature = 3.0, cooling_rate = 0.999
26 - INFO - chord#: 0 done. best_score=27.0, changed=521, unchanged=513, early_stops=8/8
26 - INFO - chord#: 2 In build_straw_man_chord_sa. tolerance = 1, sa_iterations = 1000, initial_temperature = 3.0, cooling_rate = 0.999
26 - INFO - chord#: 0 done. best_score=27.0, changed=521, unchanged=377, early_stops=8/8
26 - INFO - chord#: 2 In build_straw_man_chord_sa. tolerance = 1, sa_iterations = 1000, initial_temperature = 3.0, cooling_rate = 0.999
26 - INFO - chord#: 0 done. best_score=27.0, changed=517, unchanged=368, early_stops=8/8
26 - INFO - chord#: 2 In build_straw_man_chord_sa. tolerance = 1, sa_iterations = 1000, initial_temperature = 3.0, cooling_rate = 0.999
26 - INFO - chord#: 0 done. best_score=27.0, changed=517, unchanged=404, early_stops=8/8
26 - INFO - chord#: 2 In build_straw_man_chord_sa. tolerance = 1, sa_iterations = 1000, initial_temperature = 3.0, cooling_rate = 0.999
26 - INFO - chord#: 0 done. best_score=27.0, changed=518, unchanged=401, early_stops=8/8
26 - INFO - chord#: 2 In build_straw_man_chord_sa. tolerance = 1, sa_iterations = 1000, initial_temperature = 3.0, cooling_rate = 0.999
26 - INFO - chord#: 0 done. best_score=27.0, changed=516, unchanged=386, early_stops=8/8
26 - INFO - chord#: 2 In build_straw_man_chord_sa. tolerance = 1, sa_iterations = 1000, initial_temperature = 3.0, cooling_rate = 0.999
26 - INFO - chord#: 0 done. best_score=27.0, changed=516, unchanged=443, early_stops=8/8
26 - INFO - chord#: 2 In build_straw_man_chord_sa. tolerance = 1, sa_iterations = 1000, initial_temperature = 3.0, cooling_rate = 0.999
26 - INFO - chord#: 0 done. best_score=27.0, changed=522, unchanged=469, early_stops=8/8
26 - INFO - chord#: 2 In build_straw_man_chord_sa. tolerance = 1, sa_iterations = 1000, initial_temperature = 3.0, cooling_rate = 0.999
26 - INFO - chord#: 2 done. best_score=27.0, changed=527, unchanged=380, early_stops=8/8
26 - INFO - chord#: 4 In build_straw_man_chord_sa. tolerance = 1, sa_iterations = 1000, initial_temperature = 3.0, cooling_rate = 0.999
26 - INFO - chord#: 2 done. best_score=27.0, changed=517, unchanged=327, early_stops=8/8
26 - INFO - chord#: 4 In build_straw_man_chord_sa. tolerance = 1, sa_iterations = 1000, initial_temperature = 3.0, cooling_rate = 0.999
26 - INFO - chord#: 2 done. best_score=27.0, changed=522, unchanged=424, early_stops=8/8
26 - INFO - chord#: 4 In build_straw_man_chord_sa. tolerance = 1, sa_iterations = 1000, initial_temperature = 3.0, cooling_rate = 0.999
26 - INFO - chord#: 2 done. best_score=27.0, changed=524, unchanged=444, early_stops=8/8
26 - INFO - chord#: 4 In build_straw_man_chord_sa. tolerance = 1, sa_iterations = 1000, initial_temperature = 3.0, cooling_rate = 0.999
26 - INFO - chord#: 2 done. best_score=27.0, changed=531, unchanged=564, early_stops=8/8
26 - INFO - chord#: 4 In build_straw_man_chord_sa. tolerance = 1, sa_iterations = 1000, initial_temperature = 3.0, cooling_rate = 0.999
26 - INFO - chord#: 2 done. best_score=27.0, changed=519, unchanged=349, early_stops=8/8
26 - INFO - chord#: 4 In build_straw_man_chord_sa. tolerance = 1, sa_iterations = 1000, initial_temperature = 3.0, cooling_rate = 0.999
26 - INFO - chord#: 2 done. best_score=27.0, changed=522, unchanged=500, early_stops=8/8
26 - INFO - chord#: 4 In build_straw_man_chord_sa. tolerance = 1, sa_iterations = 1000, initial_temperature = 3.0, cooling_rate = 0.999
26 - INFO - chord#: 2 done. best_score=27.0, changed=524, unchanged=370, early_stops=8/8
26 - INFO - chord#: 4 In build_straw_man_chord_sa. tolerance = 1, sa_iterations = 1000, initial_temperature = 3.0, cooling_rate = 0.999
26 - INFO - chord#: 2 done. best_score=27.0, changed=523, unchanged=336, early_stops=8/8
26 - INFO - chord#: 4 In build_straw_man_chord_sa. tolerance = 1, sa_iterations = 1000, initial_temperature = 3.0, cooling_rate = 0.999
26 - INFO - chord#: 2 done. best_score=27.0, changed=515, unchanged=406, early_stops=8/8
26 - INFO - chord#: 4 In build_straw_man_chord_sa. tolerance = 1, sa_iterations = 1000, initial_temperature = 3.0, cooling_rate = 0.999
26 - INFO - chord#: 2 done. best_score=27.0, changed=523, unchanged=376, early_stops=8/8
26 - INFO - chord#: 4 In build_straw_man_chord_sa. tolerance = 1, sa_iterations = 1000, initial_temperature = 3.0, cooling_rate = 0.999
26 - INFO - chord#: 2 done. best_score=27.0, changed=520, unchanged=372, early_stops=8/8
26 - INFO - chord#: 4 In build_straw_man_chord_sa. tolerance = 1, sa_iterations = 1000, initial_temperature = 3.0, cooling_rate = 0.999
26 - INFO - chord#: 4 done. best_score=27.0, changed=516, unchanged=362, early_stops=8/8
26 - INFO - chord#: 8 In build_straw_man_chord_sa. tolerance = 1, sa_iterations = 1000, initial_temperature = 3.0, cooling_rate = 0.999
26 - INFO - chord#: 4 done. best_score=36.0, changed=519, unchanged=394, early_stops=8/8
26 - INFO - chord#: 8 In build_straw_man_chord_sa. tolerance = 1, sa_iterations = 1000, initial_temperature = 3.0, cooling_rate = 0.999
26 - INFO - chord#: 4 done. best_score=27.0, changed=524, unchanged=438, early_stops=8/8
26 - INFO - chord#: 8 In build_straw_man_chord_sa. tolerance = 1, sa_iterations = 1000, initial_temperature = 3.0, cooling_rate = 0.999
26 - INFO - chord#: 4 done. best_score=27.0, changed=523, unchanged=392, early_stops=8/8
26 - INFO - chord#: 8 In build_straw_man_chord_sa. tolerance = 1, sa_iterations = 1000, initial_temperature = 3.0, cooling_rate = 0.999
26 - INFO - chord#: 4 done. best_score=27.0, changed=526, unchanged=531, early_stops=8/8
26 - INFO - chord#: 8 In build_straw_man_chord_sa. tolerance = 1, sa_iterations = 1000, initial_temperature = 3.0, cooling_rate = 0.999
26 - INFO - chord#: 4 done. best_score=27.0, changed=512, unchanged=484, early_stops=8/8
26 - INFO - chord#: 8 In build_straw_man_chord_sa. tolerance = 1, sa_iterations = 1000, initial_temperature = 3.0, cooling_rate = 0.999
26 - INFO - chord#: 4 done. best_score=27.0, changed=514, unchanged=402, early_stops=8/8
26 - INFO - chord#: 8 In build_straw_man_chord_sa. tolerance = 1, sa_iterations = 1000, initial_temperature = 3.0, cooling_rate = 0.999
26 - INFO - chord#: 4 done. best_score=27.0, changed=518, unchanged=366, early_stops=8/8
26 - INFO - chord#: 8 In build_straw_man_chord_sa. tolerance = 1, sa_iterations = 1000, initial_temperature = 3.0, cooling_rate = 0.999
26 - INFO - chord#: 4 done. best_score=27.0, changed=526, unchanged=445, early_stops=8/8
26 - INFO - chord#: 8 In build_straw_man_chord_sa. tolerance = 1, sa_iterations = 1000, initial_temperature = 3.0, cooling_rate = 0.999
26 - INFO - chord#: 4 done. best_score=27.0, changed=520, unchanged=374, early_stops=8/8
26 - INFO - chord#: 8 In build_straw_man_chord_sa. tolerance = 1, sa_iterations = 1000, initial_temperature = 3.0, cooling_rate = 0.999
26 - INFO - chord#: 4 done. best_score=27.0, changed=513, unchanged=457, early_stops=8/8
26 - INFO - chord#: 8 In build_straw_man_chord_sa. tolerance = 1, sa_iterations = 1000, initial_temperature = 3.0, cooling_rate = 0.999
26 - INFO - chord#: 4 done. best_score=27.0, changed=520, unchanged=576, early_stops=8/8
26 - INFO - chord#: 8 In build_straw_man_chord_sa. tolerance = 1, sa_iterations = 1000, initial_temperature = 3.0, cooling_rate = 0.999
26 - INFO - chord#: 8 done. best_score=27.0, changed=522, unchanged=352, early_stops=8/8
26 - INFO - chord#: 10 In build_straw_man_chord_sa. tolerance = 1, sa_iterations = 1000, initial_temperature = 3.0, cooling_rate = 0.999
26 - INFO - chord#: 8 done. best_score=27.0, changed=513, unchanged=320, early_stops=8/8
26 - INFO - chord#: 10 In build_straw_man_chord_sa. tolerance = 1, sa_iterations = 1000, initial_temperature = 3.0, cooling_rate = 0.999
26 - INFO - chord#: 8 done. best_score=27.0, changed=515, unchanged=383, early_stops=8/8
26 - INFO - chord#: 10 In build_straw_man_chord_sa. tolerance = 1, sa_iterations = 1000, initial_temperature = 3.0, cooling_rate = 0.999
26 - INFO - chord#: 8 done. best_score=27.0, changed=526, unchanged=468, early_stops=8/8
26 - INFO - chord#: 10 In build_straw_man_chord_sa. tolerance = 1, sa_iterations = 1000, initial_temperature = 3.0, cooling_rate = 0.999
26 - INFO - chord#: 8 done. best_score=27.0, changed=527, unchanged=414, early_stops=8/8
26 - INFO - chord#: 10 In build_straw_man_chord_sa. tolerance = 1, sa_iterations = 1000, initial_temperature = 3.0, cooling_rate = 0.999
26 - INFO - chord#: 8 done. best_score=27.0, changed=522, unchanged=358, early_stops=8/8
26 - INFO - chord#: 10 In build_straw_man_chord_sa. tolerance = 1, sa_iterations = 1000, initial_temperature = 3.0, cooling_rate = 0.999
26 - INFO - chord#: 8 done. best_score=27.0, changed=517, unchanged=316, early_stops=8/8
26 - INFO - chord#: 10 In build_straw_man_chord_sa. tolerance = 1, sa_iterations = 1000, initial_temperature = 3.0, cooling_rate = 0.999
26 - INFO - chord#: 10 done. best_score=48.0, changed=530, unchanged=283, early_stops=8/8
26 - INFO - chord#: 12 In build_straw_man_chord_sa. tolerance = 1, sa_iterations = 1000, initial_temperature = 3.0, cooling_rate = 0.999
26 - INFO - chord#: 8 done. best_score=27.0, changed=520, unchanged=306, early_stops=8/8
26 - INFO - chord#: 10 In build_straw_man_chord_sa. tolerance = 1, sa_iterations = 1000, initial_temperature = 3.0, cooling_rate = 0.999
26 - INFO - chord#: 8 done. best_score=27.0, changed=527, unchanged=382, early_stops=8/8
26 - INFO - chord#: 10 In build_straw_man_chord_sa. tolerance = 1, sa_iterations = 1000, initial_temperature = 3.0, cooling_rate = 0.999
26 - INFO - chord#: 8 done. best_score=27.0, changed=523, unchanged=326, early_stops=8/8
26 - INFO - chord#: 10 In build_straw_man_chord_sa. tolerance = 1, sa_iterations = 1000, initial_temperature = 3.0, cooling_rate = 0.999
26 - INFO - chord#: 8 done. best_score=27.0, changed=518, unchanged=392, early_stops=8/8
26 - INFO - chord#: 10 In build_straw_man_chord_sa. tolerance = 1, sa_iterations = 1000, initial_temperature = 3.0, cooling_rate = 0.999
26 - INFO - chord#: 10 done. best_score=48.0, changed=518, unchanged=329, early_stops=8/8
26 - INFO - chord#: 12 In build_straw_man_chord_sa. tolerance = 1, sa_iterations = 1000, initial_temperature = 3.0, cooling_rate = 0.999
26 - INFO - chord#: 10 done. best_score=48.0, changed=538, unchanged=379, early_stops=8/8
26 - INFO - chord#: 12 In build_straw_man_chord_sa. tolerance = 1, sa_iterations = 1000, initial_temperature = 3.0, cooling_rate = 0.999
26 - INFO - chord#: 8 done. best_score=27.0, changed=523, unchanged=342, early_stops=8/8
26 - INFO - chord#: 10 In build_straw_man_chord_sa. tolerance = 1, sa_iterations = 1000, initial_temperature = 3.0, cooling_rate = 0.999
26 - INFO - chord#: 10 done. best_score=48.0, changed=533, unchanged=342, early_stops=8/8
26 - INFO - chord#: 12 In build_straw_man_chord_sa. tolerance = 1, sa_iterations = 1000, initial_temperature = 3.0, cooling_rate = 0.999
26 - INFO - chord#: 10 done. best_score=48.0, changed=539, unchanged=364, early_stops=8/8
26 - INFO - chord#: 12 In build_straw_man_chord_sa. tolerance = 1, sa_iterations = 1000, initial_temperature = 3.0, cooling_rate = 0.999
26 - INFO - chord#: 10 done. best_score=48.0, changed=522, unchanged=315, early_stops=8/8
26 - INFO - chord#: 12 In build_straw_man_chord_sa. tolerance = 1, sa_iterations = 1000, initial_temperature = 3.0, cooling_rate = 0.999
26 - INFO - chord#: 12 done. best_score=27.0, changed=526, unchanged=424, early_stops=8/8
26 - INFO - chord#: 14 In build_straw_man_chord_sa. tolerance = 1, sa_iterations = 1000, initial_temperature = 3.0, cooling_rate = 0.999
26 - INFO - chord#: 10 done. best_score=48.0, changed=529, unchanged=296, early_stops=8/8
26 - INFO - chord#: 12 In build_straw_man_chord_sa. tolerance = 1, sa_iterations = 1000, initial_temperature = 3.0, cooling_rate = 0.999
26 - INFO - chord#: 10 done. best_score=48.0, changed=527, unchanged=316, early_stops=8/8
26 - INFO - chord#: 12 In build_straw_man_chord_sa. tolerance = 1, sa_iterations = 1000, initial_temperature = 3.0, cooling_rate = 0.999
26 - INFO - chord#: 12 done. best_score=27.0, changed=518, unchanged=332, early_stops=8/8
26 - INFO - chord#: 14 In build_straw_man_chord_sa. tolerance = 1, sa_iterations = 1000, initial_temperature = 3.0, cooling_rate = 0.999
26 - INFO - chord#: 10 done. best_score=48.0, changed=532, unchanged=293, early_stops=8/8
26 - INFO - chord#: 12 In build_straw_man_chord_sa. tolerance = 1, sa_iterations = 1000, initial_temperature = 3.0, cooling_rate = 0.999
26 - INFO - chord#: 12 done. best_score=27.0, changed=515, unchanged=355, early_stops=8/8
26 - INFO - chord#: 14 In build_straw_man_chord_sa. tolerance = 1, sa_iterations = 1000, initial_temperature = 3.0, cooling_rate = 0.999
26 - INFO - chord#: 12 done. best_score=27.0, changed=521, unchanged=486, early_stops=8/8
26 - INFO - chord#: 14 In build_straw_man_chord_sa. tolerance = 1, sa_iterations = 1000, initial_temperature = 3.0, cooling_rate = 0.999
26 - INFO - chord#: 10 done. best_score=48.0, changed=521, unchanged=332, early_stops=8/8
26 - INFO - chord#: 12 In build_straw_man_chord_sa. tolerance = 1, sa_iterations = 1000, initial_temperature = 3.0, cooling_rate = 0.999
26 - INFO - chord#: 10 done. best_score=48.0, changed=536, unchanged=442, early_stops=8/8
26 - INFO - chord#: 12 In build_straw_man_chord_sa. tolerance = 1, sa_iterations = 1000, initial_temperature = 3.0, cooling_rate = 0.999
26 - INFO - chord#: 10 done. best_score=48.0, changed=525, unchanged=326, early_stops=8/8
26 - INFO - chord#: 12 In build_straw_man_chord_sa. tolerance = 1, sa_iterations = 1000, initial_temperature = 3.0, cooling_rate = 0.999
26 - INFO - chord#: 12 done. best_score=27.0, changed=527, unchanged=524, early_stops=8/8
26 - INFO - chord#: 14 In build_straw_man_chord_sa. tolerance = 1, sa_iterations = 1000, initial_temperature = 3.0, cooling_rate = 0.999
26 - INFO - chord#: 14 done. best_score=31.0, changed=527, unchanged=305, early_stops=8/8
26 - INFO - chord#: 16 In build_straw_man_chord_sa. tolerance = 1, sa_iterations = 1000, initial_temperature = 3.0, cooling_rate = 0.999
26 - INFO - chord#: 14 done. best_score=31.0, changed=543, unchanged=343, early_stops=8/8
26 - INFO - chord#: 16 In build_straw_man_chord_sa. tolerance = 1, sa_iterations = 1000, initial_temperature = 3.0, cooling_rate = 0.999
26 - INFO - chord#: 12 done. best_score=27.0, changed=514, unchanged=353, early_stops=8/8
26 - INFO - chord#: 14 In build_straw_man_chord_sa. tolerance = 1, sa_iterations = 1000, initial_temperature = 3.0, cooling_rate = 0.999
26 - INFO - chord#: 14 done. best_score=31.0, changed=530, unchanged=390, early_stops=8/8
26 - INFO - chord#: 16 In build_straw_man_chord_sa. tolerance = 1, sa_iterations = 1000, initial_temperature = 3.0, cooling_rate = 0.999
26 - INFO - chord#: 14 done. best_score=31.0, changed=540, unchanged=378, early_stops=8/8
26 - INFO - chord#: 16 In build_straw_man_chord_sa. tolerance = 1, sa_iterations = 1000, initial_temperature = 3.0, cooling_rate = 0.999
26 - INFO - chord#: 12 done. best_score=27.0, changed=525, unchanged=428, early_stops=8/8
26 - INFO - chord#: 14 In build_straw_man_chord_sa. tolerance = 1, sa_iterations = 1000, initial_temperature = 3.0, cooling_rate = 0.999
26 - INFO - chord#: 12 done. best_score=27.0, changed=513, unchanged=338, early_stops=8/8
26 - INFO - chord#: 14 In build_straw_man_chord_sa. tolerance = 1, sa_iterations = 1000, initial_temperature = 3.0, cooling_rate = 0.999
26 - INFO - chord#: 14 done. best_score=31.0, changed=544, unchanged=312, early_stops=8/8
26 - INFO - chord#: 16 In build_straw_man_chord_sa. tolerance = 1, sa_iterations = 1000, initial_temperature = 3.0, cooling_rate = 0.999
26 - INFO - chord#: 12 done. best_score=27.0, changed=528, unchanged=456, early_stops=8/8
26 - INFO - chord#: 14 In build_straw_man_chord_sa. tolerance = 1, sa_iterations = 1000, initial_temperature = 3.0, cooling_rate = 0.999
26 - INFO - chord#: 12 done. best_score=27.0, changed=516, unchanged=354, early_stops=8/8
26 - INFO - chord#: 14 In build_straw_man_chord_sa. tolerance = 1, sa_iterations = 1000, initial_temperature = 3.0, cooling_rate = 0.999
26 - INFO - chord#: 12 done. best_score=27.0, changed=521, unchanged=488, early_stops=8/8
26 - INFO - chord#: 14 In build_straw_man_chord_sa. tolerance = 1, sa_iterations = 1000, initial_temperature = 3.0, cooling_rate = 0.999
26 - INFO - chord#: 16 done. best_score=27.0, changed=525, unchanged=356, early_stops=8/8
26 - INFO - chord#: 20 In build_straw_man_chord_sa. tolerance = 1, sa_iterations = 1000, initial_temperature = 3.0, cooling_rate = 0.999
26 - INFO - chord#: 12 done. best_score=27.0, changed=524, unchanged=455, early_stops=8/8
26 - INFO - chord#: 14 In build_straw_man_chord_sa. tolerance = 1, sa_iterations = 1000, initial_temperature = 3.0, cooling_rate = 0.999
26 - INFO - chord#: 14 done. best_score=31.0, changed=523, unchanged=313, early_stops=8/8
26 - INFO - chord#: 16 In build_straw_man_chord_sa. tolerance = 1, sa_iterations = 1000, initial_temperature = 3.0, cooling_rate = 0.999
26 - INFO - chord#: 16 done. best_score=27.0, changed=529, unchanged=344, early_stops=8/8
26 - INFO - chord#: 20 In build_straw_man_chord_sa. tolerance = 1, sa_iterations = 1000, initial_temperature = 3.0, cooling_rate = 0.999
26 - INFO - chord#: 16 done. best_score=27.0, changed=520, unchanged=326, early_stops=8/8
26 - INFO - chord#: 20 In build_straw_man_chord_sa. tolerance = 1, sa_iterations = 1000, initial_temperature = 3.0, cooling_rate = 0.999
26 - INFO - chord#: 16 done. best_score=27.0, changed=525, unchanged=365, early_stops=8/8
26 - INFO - chord#: 20 In build_straw_man_chord_sa. tolerance = 1, sa_iterations = 1000, initial_temperature = 3.0, cooling_rate = 0.999
26 - INFO - chord#: 14 done. best_score=31.0, changed=527, unchanged=310, early_stops=8/8
26 - INFO - chord#: 16 In build_straw_man_chord_sa. tolerance = 1, sa_iterations = 1000, initial_temperature = 3.0, cooling_rate = 0.999
26 - INFO - chord#: 16 done. best_score=27.0, changed=526, unchanged=393, early_stops=8/8
26 - INFO - chord#: 20 In build_straw_man_chord_sa. tolerance = 1, sa_iterations = 1000, initial_temperature = 3.0, cooling_rate = 0.999
26 - INFO - chord#: 14 done. best_score=31.0, changed=537, unchanged=304, early_stops=8/8
26 - INFO - chord#: 16 In build_straw_man_chord_sa. tolerance = 1, sa_iterations = 1000, initial_temperature = 3.0, cooling_rate = 0.999
26 - INFO - chord#: 14 done. best_score=31.0, changed=530, unchanged=310, early_stops=8/8
26 - INFO - chord#: 16 In build_straw_man_chord_sa. tolerance = 1, sa_iterations = 1000, initial_temperature = 3.0, cooling_rate = 0.999
26 - INFO - chord#: 16 done. best_score=27.0, changed=522, unchanged=295, early_stops=8/8
26 - INFO - chord#: 20 In build_straw_man_chord_sa. tolerance = 1, sa_iterations = 1000, initial_temperature = 3.0, cooling_rate = 0.999
26 - INFO - chord#: 14 done. best_score=31.0, changed=532, unchanged=292, early_stops=8/8
26 - INFO - chord#: 16 In build_straw_man_chord_sa. tolerance = 1, sa_iterations = 1000, initial_temperature = 3.0, cooling_rate = 0.999
26 - INFO - chord#: 14 done. best_score=31.0, changed=529, unchanged=295, early_stops=8/8
26 - INFO - chord#: 16 In build_straw_man_chord_sa. tolerance = 1, sa_iterations = 1000, initial_temperature = 3.0, cooling_rate = 0.999
26 - INFO - chord#: 14 done. best_score=31.0, changed=536, unchanged=380, early_stops=8/8
26 - INFO - chord#: 16 In build_straw_man_chord_sa. tolerance = 1, sa_iterations = 1000, initial_temperature = 3.0, cooling_rate = 0.999
26 - INFO - chord#: 16 done. best_score=27.0, changed=529, unchanged=435, early_stops=8/8
26 - INFO - chord#: 20 In build_straw_man_chord_sa. tolerance = 1, sa_iterations = 1000, initial_temperature = 3.0, cooling_rate = 0.999
26 - INFO - chord#: 16 done. best_score=27.0, changed=536, unchanged=407, early_stops=8/8
26 - INFO - chord#: 20 In build_straw_man_chord_sa. tolerance = 1, sa_iterations = 1000, initial_temperature = 3.0, cooling_rate = 0.999
26 - INFO - chord#: 16 done. best_score=27.0, changed=517, unchanged=371, early_stops=8/8
26 - INFO - chord#: 20 In build_straw_man_chord_sa. tolerance = 1, sa_iterations = 1000, initial_temperature = 3.0, cooling_rate = 0.999
26 - INFO - chord#: 16 done. best_score=27.0, changed=526, unchanged=359, early_stops=8/8
26 - INFO - chord#: 20 In build_straw_man_chord_sa. tolerance = 1, sa_iterations = 1000, initial_temperature = 3.0, cooling_rate = 0.999
26 - INFO - chord#: 16 done. best_score=27.0, changed=528, unchanged=309, early_stops=8/8
26 - INFO - chord#: 20 In build_straw_man_chord_sa. tolerance = 1, sa_iterations = 1000, initial_temperature = 3.0, cooling_rate = 0.999
26 - INFO - chord#: 16 done. best_score=27.0, changed=526, unchanged=302, early_stops=8/8
26 - INFO - chord#: 20 In build_straw_man_chord_sa. tolerance = 1, sa_iterations = 1000, initial_temperature = 3.0, cooling_rate = 0.999
26 - INFO - chord#: 20 done. best_score=137.0, changed=610, unchanged=319, early_stops=8/8
26 - INFO - chord#: 24 In build_straw_man_chord_sa. tolerance = 1, sa_iterations = 1000, initial_temperature = 3.0, cooling_rate = 0.999
26 - INFO - chord#: 20 done. best_score=125.0, changed=608, unchanged=256, early_stops=8/8
26 - INFO - chord#: 24 In build_straw_man_chord_sa. tolerance = 1, sa_iterations = 1000, initial_temperature = 3.0, cooling_rate = 0.999
26 - INFO - chord#: 20 done. best_score=158.0, changed=608, unchanged=279, early_stops=8/8
26 - INFO - chord#: 24 In build_straw_man_chord_sa. tolerance = 1, sa_iterations = 1000, initial_temperature = 3.0, cooling_rate = 0.999
26 - INFO - chord#: 20 done. best_score=140.0, changed=616, unchanged=387, early_stops=8/8
26 - INFO - chord#: 24 In build_straw_man_chord_sa. tolerance = 1, sa_iterations = 1000, initial_temperature = 3.0, cooling_rate = 0.999
26 - INFO - chord#: 20 done. best_score=78.0, changed=610, unchanged=258, early_stops=8/8
26 - INFO - chord#: 24 In build_straw_man_chord_sa. tolerance = 1, sa_iterations = 1000, initial_temperature = 3.0, cooling_rate = 0.999
26 - INFO - chord#: 20 done. best_score=158.0, changed=609, unchanged=387, early_stops=8/8
26 - INFO - chord#: 24 In build_straw_man_chord_sa. tolerance = 1, sa_iterations = 1000, initial_temperature = 3.0, cooling_rate = 0.999
26 - INFO - chord#: 24 done. best_score=27.0, changed=520, unchanged=467, early_stops=8/8
26 - INFO - chord#: 26 In build_straw_man_chord_sa. tolerance = 1, sa_iterations = 1000, initial_temperature = 3.0, cooling_rate = 0.999
26 - INFO - chord#: 24 done. best_score=27.0, changed=522, unchanged=436, early_stops=8/8
26 - INFO - chord#: 26 In build_straw_man_chord_sa. tolerance = 1, sa_iterations = 1000, initial_temperature = 3.0, cooling_rate = 0.999
26 - INFO - chord#: 24 done. best_score=27.0, changed=525, unchanged=471, early_stops=8/8
26 - INFO - chord#: 26 In build_straw_man_chord_sa. tolerance = 1, sa_iterations = 1000, initial_temperature = 3.0, cooling_rate = 0.999
26 - INFO - chord#: 24 done. best_score=27.0, changed=516, unchanged=357, early_stops=8/8
26 - INFO - chord#: 26 In build_straw_man_chord_sa. tolerance = 1, sa_iterations = 1000, initial_temperature = 3.0, cooling_rate = 0.999
26 - INFO - chord#: 24 done. best_score=27.0, changed=523, unchanged=412, early_stops=8/8
26 - INFO - chord#: 26 In build_straw_man_chord_sa. tolerance = 1, sa_iterations = 1000, initial_temperature = 3.0, cooling_rate = 0.999
26 - INFO - chord#: 20 done. best_score=96.0, changed=611, unchanged=269, early_stops=8/8
26 - INFO - chord#: 24 In build_straw_man_chord_sa. tolerance = 1, sa_iterations = 1000, initial_temperature = 3.0, cooling_rate = 0.999
26 - INFO - chord#: 24 done. best_score=27.0, changed=525, unchanged=519, early_stops=8/8
26 - INFO - chord#: 26 In build_straw_man_chord_sa. tolerance = 1, sa_iterations = 1000, initial_temperature = 3.0, cooling_rate = 0.999
26 - INFO - chord#: 20 done. best_score=96.0, changed=611, unchanged=294, early_stops=8/8
26 - INFO - chord#: 24 In build_straw_man_chord_sa. tolerance = 1, sa_iterations = 1000, initial_temperature = 3.0, cooling_rate = 0.999
26 - INFO - chord#: 20 done. best_score=166.0, changed=618, unchanged=297, early_stops=8/8
26 - INFO - chord#: 24 In build_straw_man_chord_sa. tolerance = 1, sa_iterations = 1000, initial_temperature = 3.0, cooling_rate = 0.999
26 - INFO - chord#: 20 done. best_score=78.0, changed=609, unchanged=307, early_stops=8/8
26 - INFO - chord#: 24 In build_straw_man_chord_sa. tolerance = 1, sa_iterations = 1000, initial_temperature = 3.0, cooling_rate = 0.999
26 - INFO - chord#: 20 done. best_score=96.0, changed=613, unchanged=328, early_stops=8/8
26 - INFO - chord#: 24 In build_straw_man_chord_sa. tolerance = 1, sa_iterations = 1000, initial_temperature = 3.0, cooling_rate = 0.999
26 - INFO - chord#: 20 done. best_score=67.0, changed=614, unchanged=523, early_stops=8/8
26 - INFO - chord#: 24 In build_straw_man_chord_sa. tolerance = 1, sa_iterations = 1000, initial_temperature = 3.0, cooling_rate = 0.999
26 - INFO - chord#: 26 done. best_score=67.0, changed=615, unchanged=258, early_stops=8/8
26 - INFO - chord#: 28 In build_straw_man_chord_sa. tolerance = 1, sa_iterations = 1000, initial_temperature = 3.0, cooling_rate = 0.999
26 - INFO - chord#: 24 done. best_score=27.0, changed=520, unchanged=365, early_stops=8/8
26 - INFO - chord#: 26 In build_straw_man_chord_sa. tolerance = 1, sa_iterations = 1000, initial_temperature = 3.0, cooling_rate = 0.999
26 - INFO - chord#: 26 done. best_score=67.0, changed=616, unchanged=314, early_stops=8/8
26 - INFO - chord#: 28 In build_straw_man_chord_sa. tolerance = 1, sa_iterations = 1000, initial_temperature = 3.0, cooling_rate = 0.999
26 - INFO - chord#: 24 done. best_score=27.0, changed=515, unchanged=400, early_stops=8/8
26 - INFO - chord#: 26 In build_straw_man_chord_sa. tolerance = 1, sa_iterations = 1000, initial_temperature = 3.0, cooling_rate = 0.999
26 - INFO - chord#: 26 done. best_score=67.0, changed=609, unchanged=383, early_stops=8/8
26 - INFO - chord#: 28 In build_straw_man_chord_sa. tolerance = 1, sa_iterations = 1000, initial_temperature = 3.0, cooling_rate = 0.999
26 - INFO - chord#: 24 done. best_score=36.0, changed=518, unchanged=343, early_stops=8/8
26 - INFO - chord#: 26 In build_straw_man_chord_sa. tolerance = 1, sa_iterations = 1000, initial_temperature = 3.0, cooling_rate = 0.999
26 - INFO - chord#: 24 done. best_score=27.0, changed=514, unchanged=433, early_stops=8/8
26 - INFO - chord#: 26 In build_straw_man_chord_sa. tolerance = 1, sa_iterations = 1000, initial_temperature = 3.0, cooling_rate = 0.999
26 - INFO - chord#: 24 done. best_score=27.0, changed=532, unchanged=535, early_stops=8/8
26 - INFO - chord#: 26 In build_straw_man_chord_sa. tolerance = 1, sa_iterations = 1000, initial_temperature = 3.0, cooling_rate = 0.999
26 - INFO - chord#: 26 done. best_score=67.0, changed=611, unchanged=455, early_stops=8/8
26 - INFO - chord#: 28 In build_straw_man_chord_sa. tolerance = 1, sa_iterations = 1000, initial_temperature = 3.0, cooling_rate = 0.999
26 - INFO - chord#: 28 done. best_score=27.0, changed=531, unchanged=422, early_stops=8/8
26 - INFO - chord#: 32 In build_straw_man_chord_sa. tolerance = 1, sa_iterations = 1000, initial_temperature = 3.0, cooling_rate = 0.999
26 - INFO - chord#: 26 done. best_score=67.0, changed=608, unchanged=349, early_stops=8/8
26 - INFO - chord#: 28 In build_straw_man_chord_sa. tolerance = 1, sa_iterations = 1000, initial_temperature = 3.0, cooling_rate = 0.999
26 - INFO - chord#: 28 done. best_score=27.0, changed=522, unchanged=393, early_stops=8/8
26 - INFO - chord#: 32 In build_straw_man_chord_sa. tolerance = 1, sa_iterations = 1000, initial_temperature = 3.0, cooling_rate = 0.999
26 - INFO - chord#: 24 done. best_score=27.0, changed=523, unchanged=347, early_stops=8/8
26 - INFO - chord#: 26 In build_straw_man_chord_sa. tolerance = 1, sa_iterations = 1000, initial_temperature = 3.0, cooling_rate = 0.999
26 - INFO - chord#: 28 done. best_score=27.0, changed=517, unchanged=371, early_stops=8/8
26 - INFO - chord#: 32 In build_straw_man_chord_sa. tolerance = 1, sa_iterations = 1000, initial_temperature = 3.0, cooling_rate = 0.999
26 - INFO - chord#: 28 done. best_score=27.0, changed=517, unchanged=335, early_stops=8/8
26 - INFO - chord#: 32 In build_straw_man_chord_sa. tolerance = 1, sa_iterations = 1000, initial_temperature = 3.0, cooling_rate = 0.999
26 - INFO - chord#: 26 done. best_score=67.0, changed=617, unchanged=397, early_stops=8/8
26 - INFO - chord#: 28 In build_straw_man_chord_sa. tolerance = 1, sa_iterations = 1000, initial_temperature = 3.0, cooling_rate = 0.999
26 - INFO - chord#: 28 done. best_score=27.0, changed=518, unchanged=435, early_stops=8/8
26 - INFO - chord#: 32 In build_straw_man_chord_sa. tolerance = 1, sa_iterations = 1000, initial_temperature = 3.0, cooling_rate = 0.999
26 - INFO - chord#: 32 done. best_score=36.0, changed=527, unchanged=398, early_stops=8/8
26 - INFO - chord#: 36 In build_straw_man_chord_sa. tolerance = 1, sa_iterations = 1000, initial_temperature = 3.0, cooling_rate = 0.999
26 - INFO - chord#: 32 done. best_score=36.0, changed=518, unchanged=351, early_stops=8/8
26 - INFO - chord#: 36 In build_straw_man_chord_sa. tolerance = 1, sa_iterations = 1000, initial_temperature = 3.0, cooling_rate = 0.999
26 - INFO - chord#: 32 done. best_score=36.0, changed=514, unchanged=313, early_stops=8/8
26 - INFO - chord#: 36 In build_straw_man_chord_sa. tolerance = 1, sa_iterations = 1000, initial_temperature = 3.0, cooling_rate = 0.999
26 - INFO - chord#: 32 done. best_score=36.0, changed=518, unchanged=323, early_stops=8/8
26 - INFO - chord#: 36 In build_straw_man_chord_sa. tolerance = 1, sa_iterations = 1000, initial_temperature = 3.0, cooling_rate = 0.999
26 - INFO - chord#: 28 done. best_score=27.0, changed=526, unchanged=408, early_stops=8/8
26 - INFO - chord#: 32 In build_straw_man_chord_sa. tolerance = 1, sa_iterations = 1000, initial_temperature = 3.0, cooling_rate = 0.999
26 - INFO - chord#: 32 done. best_score=36.0, changed=518, unchanged=306, early_stops=8/8
26 - INFO - chord#: 36 In build_straw_man_chord_sa. tolerance = 1, sa_iterations = 1000, initial_temperature = 3.0, cooling_rate = 0.999
26 - INFO - chord#: 36 done. best_score=27.0, changed=519, unchanged=451, early_stops=8/8
26 - INFO - chord#: 26 done. best_score=137.0, changed=613, unchanged=358, early_stops=8/8
26 - INFO - chord#: 28 In build_straw_man_chord_sa. tolerance = 1, sa_iterations = 1000, initial_temperature = 3.0, cooling_rate = 0.999
26 - INFO - chord#: 40 In build_straw_man_chord_sa. tolerance = 1, sa_iterations = 1000, initial_temperature = 3.0, cooling_rate = 0.999
26 - INFO - chord#: 36 done. best_score=27.0, changed=524, unchanged=421, early_stops=8/8
26 - INFO - chord#: 40 In build_straw_man_chord_sa. tolerance = 1, sa_iterations = 1000, initial_temperature = 3.0, cooling_rate = 0.999
26 - INFO - chord#: 26 done. best_score=78.0, changed=612, unchanged=254, early_stops=8/8
26 - INFO - chord#: 28 In build_straw_man_chord_sa. tolerance = 1, sa_iterations = 1000, initial_temperature = 3.0, cooling_rate = 0.999
26 - INFO - chord#: 26 done. best_score=67.0, changed=611, unchanged=342, early_stops=8/8
26 - INFO - chord#: 28 In build_straw_man_chord_sa. tolerance = 1, sa_iterations = 1000, initial_temperature = 3.0, cooling_rate = 0.999
26 - INFO - chord#: 26 done. best_score=166.0, changed=613, unchanged=372, early_stops=8/8
26 - INFO - chord#: 28 In build_straw_man_chord_sa. tolerance = 1, sa_iterations = 1000, initial_temperature = 3.0, cooling_rate = 0.999
26 - INFO - chord#: 26 done. best_score=96.0, changed=610, unchanged=350, early_stops=8/8
26 - INFO - chord#: 28 In build_straw_man_chord_sa. tolerance = 1, sa_iterations = 1000, initial_temperature = 3.0, cooling_rate = 0.999
26 - INFO - chord#: 36 done. best_score=27.0, changed=532, unchanged=604, early_stops=8/8
26 - INFO - chord#: 40 In build_straw_man_chord_sa. tolerance = 1, sa_iterations = 1000, initial_temperature = 3.0, cooling_rate = 0.999
26 - INFO - chord#: 36 done. best_score=27.0, changed=516, unchanged=407, early_stops=8/8
26 - INFO - chord#: 40 In build_straw_man_chord_sa. tolerance = 1, sa_iterations = 1000, initial_temperature = 3.0, cooling_rate = 0.999
26 - INFO - chord#: 32 done. best_score=36.0, changed=534, unchanged=462, early_stops=8/8
26 - INFO - chord#: 36 In build_straw_man_chord_sa. tolerance = 1, sa_iterations = 1000, initial_temperature = 3.0, cooling_rate = 0.999
26 - INFO - chord#: 36 done. best_score=27.0, changed=520, unchanged=430, early_stops=8/8
26 - INFO - chord#: 40 In build_straw_man_chord_sa. tolerance = 1, sa_iterations = 1000, initial_temperature = 3.0, cooling_rate = 0.999
26 - INFO - chord#: 40 done. best_score=27.0, changed=521, unchanged=366, early_stops=8/8
26 - INFO - chord#: 42 In build_straw_man_chord_sa. tolerance = 1, sa_iterations = 1000, initial_temperature = 3.0, cooling_rate = 0.999
26 - INFO - chord#: 40 done. best_score=27.0, changed=525, unchanged=453, early_stops=8/8
26 - INFO - chord#: 42 In build_straw_man_chord_sa. tolerance = 1, sa_iterations = 1000, initial_temperature = 3.0, cooling_rate = 0.999
26 - INFO - chord#: 28 done. best_score=27.0, changed=522, unchanged=499, early_stops=8/8
26 - INFO - chord#: 32 In build_straw_man_chord_sa. tolerance = 1, sa_iterations = 1000, initial_temperature = 3.0, cooling_rate = 0.999
26 - INFO - chord#: 26 done. best_score=67.0, changed=616, unchanged=419, early_stops=8/8
26 - INFO - chord#: 28 In build_straw_man_chord_sa. tolerance = 1, sa_iterations = 1000, initial_temperature = 3.0, cooling_rate = 0.999
26 - INFO - chord#: 28 done. best_score=27.0, changed=514, unchanged=367, early_stops=8/8
26 - INFO - chord#: 32 In build_straw_man_chord_sa. tolerance = 1, sa_iterations = 1000, initial_temperature = 3.0, cooling_rate = 0.999
26 - INFO - chord#: 40 done. best_score=27.0, changed=528, unchanged=405, early_stops=8/8
26 - INFO - chord#: 42 In build_straw_man_chord_sa. tolerance = 1, sa_iterations = 1000, initial_temperature = 3.0, cooling_rate = 0.999
26 - INFO - chord#: 28 done. best_score=27.0, changed=524, unchanged=493, early_stops=8/8
26 - INFO - chord#: 40 done. best_score=27.0, changed=525, unchanged=499, early_stops=8/8
26 - INFO - chord#: 32 In build_straw_man_chord_sa. tolerance = 1, sa_iterations = 1000, initial_temperature = 3.0, cooling_rate = 0.999
26 - INFO - chord#: 42 In build_straw_man_chord_sa. tolerance = 1, sa_iterations = 1000, initial_temperature = 3.0, cooling_rate = 0.999
26 - INFO - chord#: 28 done. best_score=27.0, changed=512, unchanged=355, early_stops=8/8
26 - INFO - chord#: 32 In build_straw_man_chord_sa. tolerance = 1, sa_iterations = 1000, initial_temperature = 3.0, cooling_rate = 0.999
26 - INFO - chord#: 28 done. best_score=27.0, changed=525, unchanged=427, early_stops=8/8
26 - INFO - chord#: 32 In build_straw_man_chord_sa. tolerance = 1, sa_iterations = 1000, initial_temperature = 3.0, cooling_rate = 0.999
26 - INFO - chord#: 42 done. best_score=72.0, changed=535, unchanged=366, early_stops=8/8
26 - INFO - chord#: 44 In build_straw_man_chord_sa. tolerance = 1, sa_iterations = 1000, initial_temperature = 3.0, cooling_rate = 0.999
26 - INFO - chord#: 36 done. best_score=27.0, changed=528, unchanged=406, early_stops=8/8
26 - INFO - chord#: 40 In build_straw_man_chord_sa. tolerance = 1, sa_iterations = 1000, initial_temperature = 3.0, cooling_rate = 0.999
26 - INFO - chord#: 40 done. best_score=27.0, changed=524, unchanged=471, early_stops=8/8
26 - INFO - chord#: 42 In build_straw_man_chord_sa. tolerance = 1, sa_iterations = 1000, initial_temperature = 3.0, cooling_rate = 0.999
26 - INFO - chord#: 42 done. best_score=36.0, changed=530, unchanged=353, early_stops=8/8
26 - INFO - chord#: 44 In build_straw_man_chord_sa. tolerance = 1, sa_iterations = 1000, initial_temperature = 3.0, cooling_rate = 0.999
26 - INFO - chord#: 42 done. best_score=36.0, changed=534, unchanged=289, early_stops=8/8
26 - INFO - chord#: 44 In build_straw_man_chord_sa. tolerance = 1, sa_iterations = 1000, initial_temperature = 3.0, cooling_rate = 0.999
26 - INFO - chord#: 42 done. best_score=36.0, changed=530, unchanged=317, early_stops=8/8
26 - INFO - chord#: 44 In build_straw_man_chord_sa. tolerance = 1, sa_iterations = 1000, initial_temperature = 3.0, cooling_rate = 0.999
26 - INFO - chord#: 32 done. best_score=36.0, changed=523, unchanged=414, early_stops=8/8
26 - INFO - chord#: 36 In build_straw_man_chord_sa. tolerance = 1, sa_iterations = 1000, initial_temperature = 3.0, cooling_rate = 0.999
26 - INFO - chord#: 28 done. best_score=27.0, changed=515, unchanged=399, early_stops=8/8
26 - INFO - chord#: 32 In build_straw_man_chord_sa. tolerance = 1, sa_iterations = 1000, initial_temperature = 3.0, cooling_rate = 0.999
26 - INFO - chord#: 42 done. best_score=36.0, changed=529, unchanged=290, early_stops=8/8
26 - INFO - chord#: 44 In build_straw_man_chord_sa. tolerance = 1, sa_iterations = 1000, initial_temperature = 3.0, cooling_rate = 0.999
26 - INFO - chord#: 32 done. best_score=36.0, changed=526, unchanged=329, early_stops=8/8
26 - INFO - chord#: 36 In build_straw_man_chord_sa. tolerance = 1, sa_iterations = 1000, initial_temperature = 3.0, cooling_rate = 0.999
26 - INFO - chord#: 40 done. best_score=27.0, changed=518, unchanged=322, early_stops=8/8
26 - INFO - chord#: 42 In build_straw_man_chord_sa. tolerance = 1, sa_iterations = 1000, initial_temperature = 3.0, cooling_rate = 0.999
26 - INFO - chord#: 32 done. best_score=36.0, changed=524, unchanged=384, early_stops=8/8
26 - INFO - chord#: 36 In build_straw_man_chord_sa. tolerance = 1, sa_iterations = 1000, initial_temperature = 3.0, cooling_rate = 0.999
26 - INFO - chord#: 32 done. best_score=36.0, changed=519, unchanged=382, early_stops=8/8
26 - INFO - chord#: 36 In build_straw_man_chord_sa. tolerance = 1, sa_iterations = 1000, initial_temperature = 3.0, cooling_rate = 0.999
26 - INFO - chord#: 44 done. best_score=27.0, changed=520, unchanged=456, early_stops=8/8
26 - INFO - chord#: 46 In build_straw_man_chord_sa. tolerance = 1, sa_iterations = 1000, initial_temperature = 3.0, cooling_rate = 0.999
26 - INFO - chord#: 44 done. best_score=27.0, changed=516, unchanged=383, early_stops=8/8
26 - INFO - chord#: 46 In build_straw_man_chord_sa. tolerance = 1, sa_iterations = 1000, initial_temperature = 3.0, cooling_rate = 0.999
26 - INFO - chord#: 32 done. best_score=36.0, changed=524, unchanged=353, early_stops=8/8
26 - INFO - chord#: 36 In build_straw_man_chord_sa. tolerance = 1, sa_iterations = 1000, initial_temperature = 3.0, cooling_rate = 0.999
26 - INFO - chord#: 44 done. best_score=27.0, changed=521, unchanged=433, early_stops=8/8
26 - INFO - chord#: 46 In build_straw_man_chord_sa. tolerance = 1, sa_iterations = 1000, initial_temperature = 3.0, cooling_rate = 0.999
26 - INFO - chord#: 44 done. best_score=27.0, changed=529, unchanged=469, early_stops=8/8
26 - INFO - chord#: 46 In build_straw_man_chord_sa. tolerance = 1, sa_iterations = 1000, initial_temperature = 3.0, cooling_rate = 0.999
26 - INFO - chord#: 42 done. best_score=36.0, changed=525, unchanged=346, early_stops=8/8
26 - INFO - chord#: 44 In build_straw_man_chord_sa. tolerance = 1, sa_iterations = 1000, initial_temperature = 3.0, cooling_rate = 0.999
26 - INFO - chord#: 44 done. best_score=27.0, changed=517, unchanged=371, early_stops=8/8
26 - INFO - chord#: 46 In build_straw_man_chord_sa. tolerance = 1, sa_iterations = 1000, initial_temperature = 3.0, cooling_rate = 0.999
26 - INFO - chord#: 32 done. best_score=36.0, changed=518, unchanged=338, early_stops=8/8
26 - INFO - chord#: 36 In build_straw_man_chord_sa. tolerance = 1, sa_iterations = 1000, initial_temperature = 3.0, cooling_rate = 0.999
26 - INFO - chord#: 36 done. best_score=27.0, changed=519, unchanged=336, early_stops=8/8
26 - INFO - chord#: 40 In build_straw_man_chord_sa. tolerance = 1, sa_iterations = 1000, initial_temperature = 3.0, cooling_rate = 0.999
26 - INFO - chord#: 36 done. best_score=27.0, changed=516, unchanged=366, early_stops=8/8
26 - INFO - chord#: 40 In build_straw_man_chord_sa. tolerance = 1, sa_iterations = 1000, initial_temperature = 3.0, cooling_rate = 0.999
26 - INFO - chord#: 36 done. best_score=27.0, changed=531, unchanged=530, early_stops=8/8
26 - INFO - chord#: 40 In build_straw_man_chord_sa. tolerance = 1, sa_iterations = 1000, initial_temperature = 3.0, cooling_rate = 0.999
26 - INFO - chord#: 36 done. best_score=27.0, changed=521, unchanged=454, early_stops=8/8
26 - INFO - chord#: 40 In build_straw_man_chord_sa. tolerance = 1, sa_iterations = 1000, initial_temperature = 3.0, cooling_rate = 0.999
26 - INFO - chord#: 36 done. best_score=27.0, changed=530, unchanged=401, early_stops=8/8
26 - INFO - chord#: 40 In build_straw_man_chord_sa. tolerance = 1, sa_iterations = 1000, initial_temperature = 3.0, cooling_rate = 0.999
26 - INFO - chord#: 44 done. best_score=27.0, changed=519, unchanged=519, early_stops=8/8
26 - INFO - chord#: 46 In build_straw_man_chord_sa. tolerance = 1, sa_iterations = 1000, initial_temperature = 3.0, cooling_rate = 0.999
26 - INFO - chord#: 46 done. best_score=74.0, changed=609, unchanged=263, early_stops=8/8
26 - INFO - chord#: 48 In build_straw_man_chord_sa. tolerance = 1, sa_iterations = 1000, initial_temperature = 3.0, cooling_rate = 0.999
26 - INFO - chord#: 46 done. best_score=149.0, changed=613, unchanged=337, early_stops=8/8
26 - INFO - chord#: 48 In build_straw_man_chord_sa. tolerance = 1, sa_iterations = 1000, initial_temperature = 3.0, cooling_rate = 0.999
26 - INFO - chord#: 36 done. best_score=27.0, changed=513, unchanged=398, early_stops=8/8
26 - INFO - chord#: 40 In build_straw_man_chord_sa. tolerance = 1, sa_iterations = 1000, initial_temperature = 3.0, cooling_rate = 0.999
26 - INFO - chord#: 40 done. best_score=27.0, changed=519, unchanged=354, early_stops=8/8
26 - INFO - chord#: 42 In build_straw_man_chord_sa. tolerance = 1, sa_iterations = 1000, initial_temperature = 3.0, cooling_rate = 0.999
26 - INFO - chord#: 40 done. best_score=27.0, changed=517, unchanged=354, early_stops=8/8
26 - INFO - chord#: 42 In build_straw_man_chord_sa. tolerance = 1, sa_iterations = 1000, initial_temperature = 3.0, cooling_rate = 0.999
26 - INFO - chord#: 46 done. best_score=121.0, changed=612, unchanged=231, early_stops=8/8
26 - INFO - chord#: 48 In build_straw_man_chord_sa. tolerance = 1, sa_iterations = 1000, initial_temperature = 3.0, cooling_rate = 0.999
26 - INFO - chord#: 40 done. best_score=27.0, changed=525, unchanged=406, early_stops=8/8
26 - INFO - chord#: 42 In build_straw_man_chord_sa. tolerance = 1, sa_iterations = 1000, initial_temperature = 3.0, cooling_rate = 0.999
26 - INFO - chord#: 40 done. best_score=27.0, changed=517, unchanged=334, early_stops=8/8
26 - INFO - chord#: 42 In build_straw_man_chord_sa. tolerance = 1, sa_iterations = 1000, initial_temperature = 3.0, cooling_rate = 0.999
26 - INFO - chord#: 40 done. best_score=27.0, changed=516, unchanged=407, early_stops=8/8
26 - INFO - chord#: 42 In build_straw_man_chord_sa. tolerance = 1, sa_iterations = 1000, initial_temperature = 3.0, cooling_rate = 0.999
26 - INFO - chord#: 46 done. best_score=96.0, changed=618, unchanged=376, early_stops=8/8
26 - INFO - chord#: 48 In build_straw_man_chord_sa. tolerance = 1, sa_iterations = 1000, initial_temperature = 3.0, cooling_rate = 0.999
26 - INFO - chord#: 46 done. best_score=96.0, changed=611, unchanged=308, early_stops=8/8
26 - INFO - chord#: 48 In build_straw_man_chord_sa. tolerance = 1, sa_iterations = 1000, initial_temperature = 3.0, cooling_rate = 0.999
26 - INFO - chord#: 48 done. best_score=27.0, changed=523, unchanged=436, early_stops=8/8
26 - INFO - chord#: 50 In build_straw_man_chord_sa. tolerance = 1, sa_iterations = 1000, initial_temperature = 3.0, cooling_rate = 0.999
26 - INFO - chord#: 48 done. best_score=27.0, changed=529, unchanged=367, early_stops=8/8
26 - INFO - chord#: 50 In build_straw_man_chord_sa. tolerance = 1, sa_iterations = 1000, initial_temperature = 3.0, cooling_rate = 0.999
26 - INFO - chord#: 48 done. best_score=27.0, changed=514, unchanged=338, early_stops=8/8
26 - INFO - chord#: 50 In build_straw_man_chord_sa. tolerance = 1, sa_iterations = 1000, initial_temperature = 3.0, cooling_rate = 0.999
26 - INFO - chord#: 40 done. best_score=27.0, changed=518, unchanged=351, early_stops=8/8
26 - INFO - chord#: 42 In build_straw_man_chord_sa. tolerance = 1, sa_iterations = 1000, initial_temperature = 3.0, cooling_rate = 0.999
26 - INFO - chord#: 42 done. best_score=36.0, changed=543, unchanged=364, early_stops=8/8
26 - INFO - chord#: 44 In build_straw_man_chord_sa. tolerance = 1, sa_iterations = 1000, initial_temperature = 3.0, cooling_rate = 0.999
26 - INFO - chord#: 42 done. best_score=36.0, changed=520, unchanged=309, early_stops=8/8
26 - INFO - chord#: 44 In build_straw_man_chord_sa. tolerance = 1, sa_iterations = 1000, initial_temperature = 3.0, cooling_rate = 0.999
26 - INFO - chord#: 42 done. best_score=36.0, changed=523, unchanged=309, early_stops=8/8
26 - INFO - chord#: 44 In build_straw_man_chord_sa. tolerance = 1, sa_iterations = 1000, initial_temperature = 3.0, cooling_rate = 0.999
26 - INFO - chord#: 42 done. best_score=36.0, changed=543, unchanged=492, early_stops=8/8
26 - INFO - chord#: 44 In build_straw_man_chord_sa. tolerance = 1, sa_iterations = 1000, initial_temperature = 3.0, cooling_rate = 0.999
26 - INFO - chord#: 42 done. best_score=36.0, changed=532, unchanged=463, early_stops=8/8
26 - INFO - chord#: 44 In build_straw_man_chord_sa. tolerance = 1, sa_iterations = 1000, initial_temperature = 3.0, cooling_rate = 0.999
26 - INFO - chord#: 48 done. best_score=27.0, changed=516, unchanged=415, early_stops=8/8
26 - INFO - chord#: 50 In build_straw_man_chord_sa. tolerance = 1, sa_iterations = 1000, initial_temperature = 3.0, cooling_rate = 0.999
26 - INFO - chord#: 50 done. best_score=27.0, changed=523, unchanged=412, early_stops=8/8
26 - INFO - chord#: 52 In build_straw_man_chord_sa. tolerance = 1, sa_iterations = 1000, initial_temperature = 3.0, cooling_rate = 0.999
26 - INFO - chord#: 50 done. best_score=27.0, changed=522, unchanged=354, early_stops=8/8
26 - INFO - chord#: 52 In build_straw_man_chord_sa. tolerance = 1, sa_iterations = 1000, initial_temperature = 3.0, cooling_rate = 0.999
26 - INFO - chord#: 48 done. best_score=27.0, changed=524, unchanged=679, early_stops=8/8
26 - INFO - chord#: 50 In build_straw_man_chord_sa. tolerance = 1, sa_iterations = 1000, initial_temperature = 3.0, cooling_rate = 0.999
26 - INFO - chord#: 46 done. best_score=149.0, changed=610, unchanged=364, early_stops=8/8
26 - INFO - chord#: 48 In build_straw_man_chord_sa. tolerance = 1, sa_iterations = 1000, initial_temperature = 3.0, cooling_rate = 0.999
26 - INFO - chord#: 50 done. best_score=27.0, changed=525, unchanged=415, early_stops=8/8
26 - INFO - chord#: 52 In build_straw_man_chord_sa. tolerance = 1, sa_iterations = 1000, initial_temperature = 3.0, cooling_rate = 0.999
26 - INFO - chord#: 42 done. best_score=36.0, changed=524, unchanged=374, early_stops=8/8
26 - INFO - chord#: 44 In build_straw_man_chord_sa. tolerance = 1, sa_iterations = 1000, initial_temperature = 3.0, cooling_rate = 0.999
26 - INFO - chord#: 44 done. best_score=27.0, changed=514, unchanged=416, early_stops=8/8
26 - INFO - chord#: 46 In build_straw_man_chord_sa. tolerance = 1, sa_iterations = 1000, initial_temperature = 3.0, cooling_rate = 0.999
26 - INFO - chord#: 44 done. best_score=27.0, changed=521, unchanged=338, early_stops=8/8
26 - INFO - chord#: 46 In build_straw_man_chord_sa. tolerance = 1, sa_iterations = 1000, initial_temperature = 3.0, cooling_rate = 0.999
26 - INFO - chord#: 44 done. best_score=27.0, changed=517, unchanged=367, early_stops=8/8
26 - INFO - chord#: 46 In build_straw_man_chord_sa. tolerance = 1, sa_iterations = 1000, initial_temperature = 3.0, cooling_rate = 0.999
26 - INFO - chord#: 44 done. best_score=27.0, changed=527, unchanged=554, early_stops=8/8
26 - INFO - chord#: 46 In build_straw_man_chord_sa. tolerance = 1, sa_iterations = 1000, initial_temperature = 3.0, cooling_rate = 0.999
26 - INFO - chord#: 44 done. best_score=27.0, changed=523, unchanged=501, early_stops=8/8
26 - INFO - chord#: 46 In build_straw_man_chord_sa. tolerance = 1, sa_iterations = 1000, initial_temperature = 3.0, cooling_rate = 0.999
26 - INFO - chord#: 50 done. best_score=27.0, changed=528, unchanged=476, early_stops=8/8
26 - INFO - chord#: 52 In build_straw_man_chord_sa. tolerance = 1, sa_iterations = 1000, initial_temperature = 3.0, cooling_rate = 0.999
26 - INFO - chord#: 50 done. best_score=27.0, changed=518, unchanged=377, early_stops=8/8
26 - INFO - chord#: 52 In build_straw_man_chord_sa. tolerance = 1, sa_iterations = 1000, initial_temperature = 3.0, cooling_rate = 0.999
26 - INFO - chord#: 48 done. best_score=27.0, changed=518, unchanged=392, early_stops=8/8
26 - INFO - chord#: 50 In build_straw_man_chord_sa. tolerance = 1, sa_iterations = 1000, initial_temperature = 3.0, cooling_rate = 0.999
26 - INFO - chord#: 44 done. best_score=27.0, changed=509, unchanged=349, early_stops=8/8
26 - INFO - chord#: 46 In build_straw_man_chord_sa. tolerance = 1, sa_iterations = 1000, initial_temperature = 3.0, cooling_rate = 0.999
26 - INFO - chord#: 50 done. best_score=27.0, changed=523, unchanged=392, early_stops=8/8
26 - INFO - chord#: 52 In build_straw_man_chord_sa. tolerance = 1, sa_iterations = 1000, initial_temperature = 3.0, cooling_rate = 0.999
26 - INFO - chord#: 52 done. best_score=67.0, changed=611, unchanged=360, early_stops=8/8
26 - INFO - chord#: 56 In build_straw_man_chord_sa. tolerance = 1, sa_iterations = 1000, initial_temperature = 3.0, cooling_rate = 0.999
26 - INFO - chord#: 52 done. best_score=67.0, changed=615, unchanged=395, early_stops=8/8
26 - INFO - chord#: 56 In build_straw_man_chord_sa. tolerance = 1, sa_iterations = 1000, initial_temperature = 3.0, cooling_rate = 0.999
26 - INFO - chord#: 52 done. best_score=67.0, changed=613, unchanged=388, early_stops=8/8
26 - INFO - chord#: 56 In build_straw_man_chord_sa. tolerance = 1, sa_iterations = 1000, initial_temperature = 3.0, cooling_rate = 0.999
26 - INFO - chord#: 46 done. best_score=149.0, changed=607, unchanged=275, early_stops=8/8
26 - INFO - chord#: 48 In build_straw_man_chord_sa. tolerance = 1, sa_iterations = 1000, initial_temperature = 3.0, cooling_rate = 0.999
26 - INFO - chord#: 46 done. best_score=121.0, changed=612, unchanged=301, early_stops=8/8
26 - INFO - chord#: 48 In build_straw_man_chord_sa. tolerance = 1, sa_iterations = 1000, initial_temperature = 3.0, cooling_rate = 0.999
26 - INFO - chord#: 52 done. best_score=119.0, changed=610, unchanged=367, early_stops=8/8
26 - INFO - chord#: 56 In build_straw_man_chord_sa. tolerance = 1, sa_iterations = 1000, initial_temperature = 3.0, cooling_rate = 0.999
26 - INFO - chord#: 52 done. best_score=67.0, changed=612, unchanged=393, early_stops=8/8
26 - INFO - chord#: 56 In build_straw_man_chord_sa. tolerance = 1, sa_iterations = 1000, initial_temperature = 3.0, cooling_rate = 0.999
26 - INFO - chord#: 56 done. best_score=27.0, changed=519, unchanged=586, early_stops=8/8
26 - INFO - chord#: 58 In build_straw_man_chord_sa. tolerance = 1, sa_iterations = 1000, initial_temperature = 3.0, cooling_rate = 0.999
26 - INFO - chord#: 56 done. best_score=27.0, changed=522, unchanged=357, early_stops=8/8
26 - INFO - chord#: 58 In build_straw_man_chord_sa. tolerance = 1, sa_iterations = 1000, initial_temperature = 3.0, cooling_rate = 0.999
26 - INFO - chord#: 46 done. best_score=96.0, changed=612, unchanged=407, early_stops=8/8
26 - INFO - chord#: 48 In build_straw_man_chord_sa. tolerance = 1, sa_iterations = 1000, initial_temperature = 3.0, cooling_rate = 0.999
26 - INFO - chord#: 56 done. best_score=27.0, changed=525, unchanged=441, early_stops=8/8
26 - INFO - chord#: 58 In build_straw_man_chord_sa. tolerance = 1, sa_iterations = 1000, initial_temperature = 3.0, cooling_rate = 0.999
26 - INFO - chord#: 46 done. best_score=104.0, changed=612, unchanged=344, early_stops=8/8
26 - INFO - chord#: 48 In build_straw_man_chord_sa. tolerance = 1, sa_iterations = 1000, initial_temperature = 3.0, cooling_rate = 0.999
26 - INFO - chord#: 46 done. best_score=96.0, changed=610, unchanged=340, early_stops=8/8
26 - INFO - chord#: 48 In build_straw_man_chord_sa. tolerance = 1, sa_iterations = 1000, initial_temperature = 3.0, cooling_rate = 0.999
26 - INFO - chord#: 58 done. best_score=35.0, changed=519, unchanged=406, early_stops=8/8
26 - INFO - chord#: 60 In build_straw_man_chord_sa. tolerance = 1, sa_iterations = 1000, initial_temperature = 3.0, cooling_rate = 0.999
26 - INFO - chord#: 48 done. best_score=27.0, changed=515, unchanged=363, early_stops=8/8
26 - INFO - chord#: 50 In build_straw_man_chord_sa. tolerance = 1, sa_iterations = 1000, initial_temperature = 3.0, cooling_rate = 0.999
26 - INFO - chord#: 52 done. best_score=78.0, changed=615, unchanged=306, early_stops=8/8
26 - INFO - chord#: 56 In build_straw_man_chord_sa. tolerance = 1, sa_iterations = 1000, initial_temperature = 3.0, cooling_rate = 0.999
26 - INFO - chord#: 58 done. best_score=35.0, changed=533, unchanged=432, early_stops=8/8
26 - INFO - chord#: 60 In build_straw_man_chord_sa. tolerance = 1, sa_iterations = 1000, initial_temperature = 3.0, cooling_rate = 0.999
26 - INFO - chord#: 56 done. best_score=27.0, changed=530, unchanged=460, early_stops=8/8
26 - INFO - chord#: 58 In build_straw_man_chord_sa. tolerance = 1, sa_iterations = 1000, initial_temperature = 3.0, cooling_rate = 0.999
26 - INFO - chord#: 48 done. best_score=27.0, changed=521, unchanged=482, early_stops=8/8
26 - INFO - chord#: 50 In build_straw_man_chord_sa. tolerance = 1, sa_iterations = 1000, initial_temperature = 3.0, cooling_rate = 0.999
26 - INFO - chord#: 56 done. best_score=27.0, changed=524, unchanged=486, early_stops=8/8
26 - INFO - chord#: 58 In build_straw_man_chord_sa. tolerance = 1, sa_iterations = 1000, initial_temperature = 3.0, cooling_rate = 0.999
26 - INFO - chord#: 58 done. best_score=35.0, changed=521, unchanged=463, early_stops=8/8
26 - INFO - chord#: 60 In build_straw_man_chord_sa. tolerance = 1, sa_iterations = 1000, initial_temperature = 3.0, cooling_rate = 0.999
26 - INFO - chord#: 48 done. best_score=27.0, changed=525, unchanged=377, early_stops=8/8
26 - INFO - chord#: 50 In build_straw_man_chord_sa. tolerance = 1, sa_iterations = 1000, initial_temperature = 3.0, cooling_rate = 0.999
26 - INFO - chord#: 48 done. best_score=27.0, changed=523, unchanged=394, early_stops=8/8
26 - INFO - chord#: 50 In build_straw_man_chord_sa. tolerance = 1, sa_iterations = 1000, initial_temperature = 3.0, cooling_rate = 0.999
26 - INFO - chord#: 46 done. best_score=74.0, changed=616, unchanged=519, early_stops=8/8
26 - INFO - chord#: 48 In build_straw_man_chord_sa. tolerance = 1, sa_iterations = 1000, initial_temperature = 3.0, cooling_rate = 0.999
26 - INFO - chord#: 48 done. best_score=27.0, changed=522, unchanged=502, early_stops=8/8
26 - INFO - chord#: 50 In build_straw_man_chord_sa. tolerance = 1, sa_iterations = 1000, initial_temperature = 3.0, cooling_rate = 0.999
26 - INFO - chord#: 58 done. best_score=35.0, changed=519, unchanged=332, early_stops=8/8
26 - INFO - chord#: 60 In build_straw_man_chord_sa. tolerance = 1, sa_iterations = 1000, initial_temperature = 3.0, cooling_rate = 0.999
26 - INFO - chord#: 60 done. best_score=27.0, changed=522, unchanged=375, early_stops=8/8
26 - INFO - chord#: 64 In build_straw_man_chord_sa. tolerance = 1, sa_iterations = 1000, initial_temperature = 3.0, cooling_rate = 0.999
26 - INFO - chord#: 60 done. best_score=27.0, changed=526, unchanged=479, early_stops=8/8
26 - INFO - chord#: 64 In build_straw_man_chord_sa. tolerance = 1, sa_iterations = 1000, initial_temperature = 3.0, cooling_rate = 0.999
26 - INFO - chord#: 58 done. best_score=35.0, changed=523, unchanged=355, early_stops=8/8
26 - INFO - chord#: 60 In build_straw_man_chord_sa. tolerance = 1, sa_iterations = 1000, initial_temperature = 3.0, cooling_rate = 0.999
26 - INFO - chord#: 60 done. best_score=27.0, changed=524, unchanged=393, early_stops=8/8
26 - INFO - chord#: 64 In build_straw_man_chord_sa. tolerance = 1, sa_iterations = 1000, initial_temperature = 3.0, cooling_rate = 0.999
26 - INFO - chord#: 56 done. best_score=27.0, changed=530, unchanged=607, early_stops=8/8
26 - INFO - chord#: 58 In build_straw_man_chord_sa. tolerance = 1, sa_iterations = 1000, initial_temperature = 3.0, cooling_rate = 0.999
26 - INFO - chord#: 50 done. best_score=27.0, changed=521, unchanged=406, early_stops=8/8
26 - INFO - chord#: 52 In build_straw_man_chord_sa. tolerance = 1, sa_iterations = 1000, initial_temperature = 3.0, cooling_rate = 0.999
26 - INFO - chord#: 50 done. best_score=27.0, changed=523, unchanged=370, early_stops=8/8
26 - INFO - chord#: 52 In build_straw_man_chord_sa. tolerance = 1, sa_iterations = 1000, initial_temperature = 3.0, cooling_rate = 0.999
26 - INFO - chord#: 60 done. best_score=27.0, changed=520, unchanged=353, early_stops=8/8
26 - INFO - chord#: 64 In build_straw_man_chord_sa. tolerance = 1, sa_iterations = 1000, initial_temperature = 3.0, cooling_rate = 0.999
26 - INFO - chord#: 48 done. best_score=27.0, changed=515, unchanged=319, early_stops=8/8
26 - INFO - chord#: 50 In build_straw_man_chord_sa. tolerance = 1, sa_iterations = 1000, initial_temperature = 3.0, cooling_rate = 0.999
26 - INFO - chord#: 60 done. best_score=27.0, changed=521, unchanged=418, early_stops=8/8
26 - INFO - chord#: 64 In build_straw_man_chord_sa. tolerance = 1, sa_iterations = 1000, initial_temperature = 3.0, cooling_rate = 0.999
26 - INFO - chord#: 50 done. best_score=27.0, changed=522, unchanged=506, early_stops=8/8
26 - INFO - chord#: 52 In build_straw_man_chord_sa. tolerance = 1, sa_iterations = 1000, initial_temperature = 3.0, cooling_rate = 0.999
26 - INFO - chord#: 64 done. best_score=27.0, changed=515, unchanged=407, early_stops=8/8
26 - INFO - chord#: 68 In build_straw_man_chord_sa. tolerance = 1, sa_iterations = 1000, initial_temperature = 3.0, cooling_rate = 0.999
26 - INFO - chord#: 50 done. best_score=27.0, changed=527, unchanged=443, early_stops=8/8
26 - INFO - chord#: 52 In build_straw_man_chord_sa. tolerance = 1, sa_iterations = 1000, initial_temperature = 3.0, cooling_rate = 0.999
26 - INFO - chord#: 50 done. best_score=27.0, changed=516, unchanged=384, early_stops=8/8
26 - INFO - chord#: 52 In build_straw_man_chord_sa. tolerance = 1, sa_iterations = 1000, initial_temperature = 3.0, cooling_rate = 0.999
26 - INFO - chord#: 64 done. best_score=27.0, changed=524, unchanged=522, early_stops=8/8
26 - INFO - chord#: 68 In build_straw_man_chord_sa. tolerance = 1, sa_iterations = 1000, initial_temperature = 3.0, cooling_rate = 0.999
26 - INFO - chord#: 64 done. best_score=27.0, changed=517, unchanged=363, early_stops=8/8
26 - INFO - chord#: 68 In build_straw_man_chord_sa. tolerance = 1, sa_iterations = 1000, initial_temperature = 3.0, cooling_rate = 0.999
26 - INFO - chord#: 58 done. best_score=35.0, changed=532, unchanged=405, early_stops=8/8
26 - INFO - chord#: 60 In build_straw_man_chord_sa. tolerance = 1, sa_iterations = 1000, initial_temperature = 3.0, cooling_rate = 0.999
26 - INFO - chord#: 64 done. best_score=27.0, changed=518, unchanged=414, early_stops=8/8
26 - INFO - chord#: 68 In build_straw_man_chord_sa. tolerance = 1, sa_iterations = 1000, initial_temperature = 3.0, cooling_rate = 0.999
26 - INFO - chord#: 68 done. best_score=27.0, changed=526, unchanged=418, early_stops=8/8
26 - INFO - chord#: 70 In build_straw_man_chord_sa. tolerance = 1, sa_iterations = 1000, initial_temperature = 3.0, cooling_rate = 0.999
26 - INFO - chord#: 64 done. best_score=27.0, changed=520, unchanged=391, early_stops=8/8
26 - INFO - chord#: 68 In build_straw_man_chord_sa. tolerance = 1, sa_iterations = 1000, initial_temperature = 3.0, cooling_rate = 0.999
26 - INFO - chord#: 50 done. best_score=27.0, changed=518, unchanged=349, early_stops=8/8
26 - INFO - chord#: 52 In build_straw_man_chord_sa. tolerance = 1, sa_iterations = 1000, initial_temperature = 3.0, cooling_rate = 0.999
26 - INFO - chord#: 68 done. best_score=27.0, changed=517, unchanged=412, early_stops=8/8
26 - INFO - chord#: 70 In build_straw_man_chord_sa. tolerance = 1, sa_iterations = 1000, initial_temperature = 3.0, cooling_rate = 0.999
26 - INFO - chord#: 68 done. best_score=27.0, changed=524, unchanged=468, early_stops=8/8
26 - INFO - chord#: 70 In build_straw_man_chord_sa. tolerance = 1, sa_iterations = 1000, initial_temperature = 3.0, cooling_rate = 0.999
26 - INFO - chord#: 60 done. best_score=27.0, changed=531, unchanged=437, early_stops=8/8
26 - INFO - chord#: 64 In build_straw_man_chord_sa. tolerance = 1, sa_iterations = 1000, initial_temperature = 3.0, cooling_rate = 0.999
26 - INFO - chord#: 68 done. best_score=27.0, changed=518, unchanged=345, early_stops=8/8
26 - INFO - chord#: 70 In build_straw_man_chord_sa. tolerance = 1, sa_iterations = 1000, initial_temperature = 3.0, cooling_rate = 0.999
26 - INFO - chord#: 70 done. best_score=37.0, changed=524, unchanged=460, early_stops=8/8
26 - INFO - chord#: 72 In build_straw_man_chord_sa. tolerance = 1, sa_iterations = 1000, initial_temperature = 3.0, cooling_rate = 0.999
26 - INFO - chord#: 68 done. best_score=27.0, changed=523, unchanged=393, early_stops=8/8
26 - INFO - chord#: 70 In build_straw_man_chord_sa. tolerance = 1, sa_iterations = 1000, initial_temperature = 3.0, cooling_rate = 0.999
26 - INFO - chord#: 52 done. best_score=78.0, changed=610, unchanged=293, early_stops=8/8
26 - INFO - chord#: 56 In build_straw_man_chord_sa. tolerance = 1, sa_iterations = 1000, initial_temperature = 3.0, cooling_rate = 0.999
26 - INFO - chord#: 72 done. best_score=11.0, changed=468, unchanged=344, early_stops=8/8
26 - INFO - chord#: 74 In build_straw_man_chord_sa. tolerance = 1, sa_iterations = 1000, initial_temperature = 3.0, cooling_rate = 0.999
26 - INFO - chord#: 70 done. best_score=35.0, changed=531, unchanged=387, early_stops=8/8
26 - INFO - chord#: 72 In build_straw_man_chord_sa. tolerance = 1, sa_iterations = 1000, initial_temperature = 3.0, cooling_rate = 0.999
26 - INFO - chord#: 70 done. best_score=35.0, changed=523, unchanged=404, early_stops=8/8
26 - INFO - chord#: 72 In build_straw_man_chord_sa. tolerance = 1, sa_iterations = 1000, initial_temperature = 3.0, cooling_rate = 0.999
26 - INFO - chord#: 64 done. best_score=27.0, changed=518, unchanged=400, early_stops=8/8
26 - INFO - chord#: 68 In build_straw_man_chord_sa. tolerance = 1, sa_iterations = 1000, initial_temperature = 3.0, cooling_rate = 0.999
26 - INFO - chord#: 72 done. best_score=11.0, changed=516, unchanged=321, early_stops=8/8
26 - INFO - chord#: 74 In build_straw_man_chord_sa. tolerance = 1, sa_iterations = 1000, initial_temperature = 3.0, cooling_rate = 0.999
26 - INFO - chord#: 52 done. best_score=67.0, changed=611, unchanged=221, early_stops=8/8
26 - INFO - chord#: 56 In build_straw_man_chord_sa. tolerance = 1, sa_iterations = 1000, initial_temperature = 3.0, cooling_rate = 0.999
26 - INFO - chord#: 72 done. best_score=11.0, changed=529, unchanged=317, early_stops=8/8
26 - INFO - chord#: 74 In build_straw_man_chord_sa. tolerance = 1, sa_iterations = 1000, initial_temperature = 3.0, cooling_rate = 0.999
26 - INFO - chord#: 52 done. best_score=67.0, changed=612, unchanged=394, early_stops=8/8
26 - INFO - chord#: 56 In build_straw_man_chord_sa. tolerance = 1, sa_iterations = 1000, initial_temperature = 3.0, cooling_rate = 0.999
26 - INFO - chord#: 70 done. best_score=37.0, changed=527, unchanged=380, early_stops=8/8
26 - INFO - chord#: 72 In build_straw_man_chord_sa. tolerance = 1, sa_iterations = 1000, initial_temperature = 3.0, cooling_rate = 0.999
26 - INFO - chord#: 52 done. best_score=67.0, changed=609, unchanged=307, early_stops=8/8
26 - INFO - chord#: 56 In build_straw_man_chord_sa. tolerance = 1, sa_iterations = 1000, initial_temperature = 3.0, cooling_rate = 0.999
26 - INFO - chord#: 52 done. best_score=78.0, changed=616, unchanged=300, early_stops=8/8
26 - INFO - chord#: 56 In build_straw_man_chord_sa. tolerance = 1, sa_iterations = 1000, initial_temperature = 3.0, cooling_rate = 0.999
26 - INFO - chord#: 70 done. best_score=35.0, changed=530, unchanged=361, early_stops=8/8
26 - INFO - chord#: 72 done. best_score=11.0, changed=466, unchanged=359, early_stops=8/8
26 - INFO - chord#: 74 In build_straw_man_chord_sa. tolerance = 1, sa_iterations = 1000, initial_temperature = 3.0, cooling_rate = 0.999
26 - INFO - chord#: 72 In build_straw_man_chord_sa. tolerance = 1, sa_iterations = 1000, initial_temperature = 3.0, cooling_rate = 0.999
26 - INFO - chord#: 72 done. best_score=11.0, changed=513, unchanged=309, early_stops=8/8
26 - INFO - chord#: 74 In build_straw_man_chord_sa. tolerance = 1, sa_iterations = 1000, initial_temperature = 3.0, cooling_rate = 0.999
26 - INFO - chord#: 68 done. best_score=27.0, changed=523, unchanged=394, early_stops=8/8
26 - INFO - chord#: 70 In build_straw_man_chord_sa. tolerance = 1, sa_iterations = 1000, initial_temperature = 3.0, cooling_rate = 0.999
26 - INFO - chord#: 56 done. best_score=27.0, changed=516, unchanged=414, early_stops=8/8
26 - INFO - chord#: 58 In build_straw_man_chord_sa. tolerance = 1, sa_iterations = 1000, initial_temperature = 3.0, cooling_rate = 0.999
26 - INFO - chord#: 52 done. best_score=137.0, changed=606, unchanged=244, early_stops=8/8
26 - INFO - chord#: 56 In build_straw_man_chord_sa. tolerance = 1, sa_iterations = 1000, initial_temperature = 3.0, cooling_rate = 0.999
26 - INFO - chord#: 56 done. best_score=27.0, changed=519, unchanged=394, early_stops=8/8
26 - INFO - chord#: 58 In build_straw_man_chord_sa. tolerance = 1, sa_iterations = 1000, initial_temperature = 3.0, cooling_rate = 0.999
26 - INFO - chord#: 56 done. best_score=27.0, changed=524, unchanged=453, early_stops=8/8
26 - INFO - chord#: 58 In build_straw_man_chord_sa. tolerance = 1, sa_iterations = 1000, initial_temperature = 3.0, cooling_rate = 0.999
26 - INFO - chord#: 56 done. best_score=27.0, changed=517, unchanged=410, early_stops=8/8
26 - INFO - chord#: 58 In build_straw_man_chord_sa. tolerance = 1, sa_iterations = 1000, initial_temperature = 3.0, cooling_rate = 0.999
26 - INFO - chord#: 70 done. best_score=37.0, changed=520, unchanged=316, early_stops=8/8
26 - INFO - chord#: 56 done. best_score=27.0, changed=528, unchanged=485, early_stops=8/8
26 - INFO - chord#: 72 In build_straw_man_chord_sa. tolerance = 1, sa_iterations = 1000, initial_temperature = 3.0, cooling_rate = 0.999
26 - INFO - chord#: 58 In build_straw_man_chord_sa. tolerance = 1, sa_iterations = 1000, initial_temperature = 3.0, cooling_rate = 0.999
26 - INFO - chord#: 74 done. best_score=127.0, changed=607, unchanged=298, early_stops=8/8
26 - INFO - chord#: 76 In build_straw_man_chord_sa. tolerance = 1, sa_iterations = 1000, initial_temperature = 3.0, cooling_rate = 0.999
26 - INFO - chord#: 74 done. best_score=147.0, changed=609, unchanged=308, early_stops=8/8
26 - INFO - chord#: 76 In build_straw_man_chord_sa. tolerance = 1, sa_iterations = 1000, initial_temperature = 3.0, cooling_rate = 0.999
26 - INFO - chord#: 72 done. best_score=11.0, changed=474, unchanged=335, early_stops=8/8
26 - INFO - chord#: 74 In build_straw_man_chord_sa. tolerance = 1, sa_iterations = 1000, initial_temperature = 3.0, cooling_rate = 0.999
26 - INFO - chord#: 58 done. best_score=35.0, changed=518, unchanged=338, early_stops=8/8
26 - INFO - chord#: 60 In build_straw_man_chord_sa. tolerance = 1, sa_iterations = 1000, initial_temperature = 3.0, cooling_rate = 0.999
26 - INFO - chord#: 58 done. best_score=35.0, changed=524, unchanged=311, early_stops=8/8
26 - INFO - chord#: 60 In build_straw_man_chord_sa. tolerance = 1, sa_iterations = 1000, initial_temperature = 3.0, cooling_rate = 0.999
26 - INFO - chord#: 74 done. best_score=94.0, changed=610, unchanged=363, early_stops=8/8
26 - INFO - chord#: 76 In build_straw_man_chord_sa. tolerance = 1, sa_iterations = 1000, initial_temperature = 3.0, cooling_rate = 0.999
26 - INFO - chord#: 58 done. best_score=35.0, changed=522, unchanged=367, early_stops=8/8
26 - INFO - chord#: 60 In build_straw_man_chord_sa. tolerance = 1, sa_iterations = 1000, initial_temperature = 3.0, cooling_rate = 0.999
26 - INFO - chord#: 56 done. best_score=27.0, changed=525, unchanged=590, early_stops=8/8
26 - INFO - chord#: 58 In build_straw_man_chord_sa. tolerance = 1, sa_iterations = 1000, initial_temperature = 3.0, cooling_rate = 0.999
26 - INFO - chord#: 76 done. best_score=27.0, changed=524, unchanged=363, early_stops=8/8
26 - INFO - chord#: 58 done. best_score=35.0, changed=527, unchanged=387, early_stops=8/8
26 - INFO - chord#: 78 In build_straw_man_chord_sa. tolerance = 1, sa_iterations = 1000, initial_temperature = 3.0, cooling_rate = 0.999
26 - INFO - chord#: 60 In build_straw_man_chord_sa. tolerance = 1, sa_iterations = 1000, initial_temperature = 3.0, cooling_rate = 0.999
26 - INFO - chord#: 58 done. best_score=35.0, changed=522, unchanged=357, early_stops=8/8
26 - INFO - chord#: 60 In build_straw_man_chord_sa. tolerance = 1, sa_iterations = 1000, initial_temperature = 3.0, cooling_rate = 0.999
26 - INFO - chord#: 76 done. best_score=27.0, changed=516, unchanged=449, early_stops=8/8
26 - INFO - chord#: 78 In build_straw_man_chord_sa. tolerance = 1, sa_iterations = 1000, initial_temperature = 3.0, cooling_rate = 0.999
26 - INFO - chord#: 60 done. best_score=27.0, changed=525, unchanged=385, early_stops=8/8
26 - INFO - chord#: 64 In build_straw_man_chord_sa. tolerance = 1, sa_iterations = 1000, initial_temperature = 3.0, cooling_rate = 0.999
26 - INFO - chord#: 74 done. best_score=94.0, changed=617, unchanged=490, early_stops=8/8
26 - INFO - chord#: 76 In build_straw_man_chord_sa. tolerance = 1, sa_iterations = 1000, initial_temperature = 3.0, cooling_rate = 0.999
26 - INFO - chord#: 60 done. best_score=27.0, changed=528, unchanged=380, early_stops=8/8
26 - INFO - chord#: 64 In build_straw_man_chord_sa. tolerance = 1, sa_iterations = 1000, initial_temperature = 3.0, cooling_rate = 0.999
26 - INFO - chord#: 74 done. best_score=127.0, changed=613, unchanged=486, early_stops=8/8
26 - INFO - chord#: 76 In build_straw_man_chord_sa. tolerance = 1, sa_iterations = 1000, initial_temperature = 3.0, cooling_rate = 0.999
26 - INFO - chord#: 76 done. best_score=27.0, changed=536, unchanged=478, early_stops=8/8
26 - INFO - chord#: 78 In build_straw_man_chord_sa. tolerance = 1, sa_iterations = 1000, initial_temperature = 3.0, cooling_rate = 0.999
26 - INFO - chord#: 60 done. best_score=27.0, changed=523, unchanged=329, early_stops=8/8
26 - INFO - chord#: 64 In build_straw_man_chord_sa. tolerance = 1, sa_iterations = 1000, initial_temperature = 3.0, cooling_rate = 0.999
26 - INFO - chord#: 58 done. best_score=35.0, changed=524, unchanged=352, early_stops=8/8
26 - INFO - chord#: 60 In build_straw_man_chord_sa. tolerance = 1, sa_iterations = 1000, initial_temperature = 3.0, cooling_rate = 0.999
26 - INFO - chord#: 60 done. best_score=27.0, changed=518, unchanged=443, early_stops=8/8
26 - INFO - chord#: 64 In build_straw_man_chord_sa. tolerance = 1, sa_iterations = 1000, initial_temperature = 3.0, cooling_rate = 0.999
26 - INFO - chord#: 60 done. best_score=27.0, changed=524, unchanged=381, early_stops=8/8
26 - INFO - chord#: 64 In build_straw_man_chord_sa. tolerance = 1, sa_iterations = 1000, initial_temperature = 3.0, cooling_rate = 0.999
26 - INFO - chord#: 64 done. best_score=27.0, changed=515, unchanged=303, early_stops=8/8
26 - INFO - chord#: 68 In build_straw_man_chord_sa. tolerance = 1, sa_iterations = 1000, initial_temperature = 3.0, cooling_rate = 0.999
26 - INFO - chord#: 76 done. best_score=27.0, changed=515, unchanged=391, early_stops=8/8
26 - INFO - chord#: 78 In build_straw_man_chord_sa. tolerance = 1, sa_iterations = 1000, initial_temperature = 3.0, cooling_rate = 0.999
26 - INFO - chord#: 76 done. best_score=27.0, changed=523, unchanged=382, early_stops=8/8
26 - INFO - chord#: 78 In build_straw_man_chord_sa. tolerance = 1, sa_iterations = 1000, initial_temperature = 3.0, cooling_rate = 0.999
26 - INFO - chord#: 74 done. best_score=131.0, changed=606, unchanged=288, early_stops=8/8
26 - INFO - chord#: 76 In build_straw_man_chord_sa. tolerance = 1, sa_iterations = 1000, initial_temperature = 3.0, cooling_rate = 0.999
26 - INFO - chord#: 60 done. best_score=27.0, changed=518, unchanged=358, early_stops=8/8
26 - INFO - chord#: 64 In build_straw_man_chord_sa. tolerance = 1, sa_iterations = 1000, initial_temperature = 3.0, cooling_rate = 0.999
26 - INFO - chord#: 64 done. best_score=27.0, changed=518, unchanged=387, early_stops=8/8
26 - INFO - chord#: 68 In build_straw_man_chord_sa. tolerance = 1, sa_iterations = 1000, initial_temperature = 3.0, cooling_rate = 0.999
26 - INFO - chord#: 64 done. best_score=27.0, changed=529, unchanged=478, early_stops=8/8
26 - INFO - chord#: 68 In build_straw_man_chord_sa. tolerance = 1, sa_iterations = 1000, initial_temperature = 3.0, cooling_rate = 0.999
26 - INFO - chord#: 78 done. best_score=74.0, changed=607, unchanged=331, early_stops=8/8
26 - INFO - chord#: 80 In build_straw_man_chord_sa. tolerance = 1, sa_iterations = 1000, initial_temperature = 3.0, cooling_rate = 0.999
26 - INFO - chord#: 78 done. best_score=121.0, changed=612, unchanged=339, early_stops=8/8
26 - INFO - chord#: 80 In build_straw_man_chord_sa. tolerance = 1, sa_iterations = 1000, initial_temperature = 3.0, cooling_rate = 0.999
26 - INFO - chord#: 64 done. best_score=27.0, changed=530, unchanged=523, early_stops=8/8
26 - INFO - chord#: 68 In build_straw_man_chord_sa. tolerance = 1, sa_iterations = 1000, initial_temperature = 3.0, cooling_rate = 0.999
26 - INFO - chord#: 68 done. best_score=27.0, changed=521, unchanged=370, early_stops=8/8
26 - INFO - chord#: 70 In build_straw_man_chord_sa. tolerance = 1, sa_iterations = 1000, initial_temperature = 3.0, cooling_rate = 0.999
26 - INFO - chord#: 64 done. best_score=27.0, changed=529, unchanged=552, early_stops=8/8
26 - INFO - chord#: 68 In build_straw_man_chord_sa. tolerance = 1, sa_iterations = 1000, initial_temperature = 3.0, cooling_rate = 0.999
26 - INFO - chord#: 76 done. best_score=27.0, changed=518, unchanged=305, early_stops=8/8
26 - INFO - chord#: 78 In build_straw_man_chord_sa. tolerance = 1, sa_iterations = 1000, initial_temperature = 3.0, cooling_rate = 0.999
26 - INFO - chord#: 64 done. best_score=27.0, changed=517, unchanged=447, early_stops=8/8
26 - INFO - chord#: 68 In build_straw_man_chord_sa. tolerance = 1, sa_iterations = 1000, initial_temperature = 3.0, cooling_rate = 0.999
26 - INFO - chord#: 68 done. best_score=27.0, changed=523, unchanged=304, early_stops=8/8
26 - INFO - chord#: 70 In build_straw_man_chord_sa. tolerance = 1, sa_iterations = 1000, initial_temperature = 3.0, cooling_rate = 0.999
26 - INFO - chord#: 68 done. best_score=27.0, changed=527, unchanged=435, early_stops=8/8
26 - INFO - chord#: 70 In build_straw_man_chord_sa. tolerance = 1, sa_iterations = 1000, initial_temperature = 3.0, cooling_rate = 0.999
26 - INFO - chord#: 78 done. best_score=74.0, changed=617, unchanged=425, early_stops=8/8
26 - INFO - chord#: 80 In build_straw_man_chord_sa. tolerance = 1, sa_iterations = 1000, initial_temperature = 3.0, cooling_rate = 0.999
26 - INFO - chord#: 78 done. best_score=74.0, changed=613, unchanged=276, early_stops=8/8
26 - INFO - chord#: 80 In build_straw_man_chord_sa. tolerance = 1, sa_iterations = 1000, initial_temperature = 3.0, cooling_rate = 0.999
26 - INFO - chord#: 68 done. best_score=27.0, changed=533, unchanged=522, early_stops=8/8
26 - INFO - chord#: 70 In build_straw_man_chord_sa. tolerance = 1, sa_iterations = 1000, initial_temperature = 3.0, cooling_rate = 0.999
26 - INFO - chord#: 68 done. best_score=27.0, changed=532, unchanged=445, early_stops=8/8
26 - INFO - chord#: 70 In build_straw_man_chord_sa. tolerance = 1, sa_iterations = 1000, initial_temperature = 3.0, cooling_rate = 0.999
26 - INFO - chord#: 70 done. best_score=37.0, changed=526, unchanged=417, early_stops=8/8
26 - INFO - chord#: 72 In build_straw_man_chord_sa. tolerance = 1, sa_iterations = 1000, initial_temperature = 3.0, cooling_rate = 0.999
26 - INFO - chord#: 78 done. best_score=121.0, changed=613, unchanged=306, early_stops=8/8
26 - INFO - chord#: 80 In build_straw_man_chord_sa. tolerance = 1, sa_iterations = 1000, initial_temperature = 3.0, cooling_rate = 0.999
26 - INFO - chord#: 68 done. best_score=27.0, changed=539, unchanged=511, early_stops=8/8
26 - INFO - chord#: 70 In build_straw_man_chord_sa. tolerance = 1, sa_iterations = 1000, initial_temperature = 3.0, cooling_rate = 0.999
26 - INFO - chord#: 72 done. best_score=11.0, changed=465, unchanged=353, early_stops=8/8
26 - INFO - chord#: 74 In build_straw_man_chord_sa. tolerance = 1, sa_iterations = 1000, initial_temperature = 3.0, cooling_rate = 0.999
26 - INFO - chord#: 80 done. best_score=140.0, changed=606, unchanged=205, early_stops=8/8
26 - INFO - chord#: 84 In build_straw_man_chord_sa. tolerance = 1, sa_iterations = 1000, initial_temperature = 3.0, cooling_rate = 0.999
26 - INFO - chord#: 70 done. best_score=37.0, changed=527, unchanged=482, early_stops=8/8
26 - INFO - chord#: 72 In build_straw_man_chord_sa. tolerance = 1, sa_iterations = 1000, initial_temperature = 3.0, cooling_rate = 0.999
26 - INFO - chord#: 70 done. best_score=37.0, changed=526, unchanged=418, early_stops=8/8
26 - INFO - chord#: 72 In build_straw_man_chord_sa. tolerance = 1, sa_iterations = 1000, initial_temperature = 3.0, cooling_rate = 0.999
26 - INFO - chord#: 72 done. best_score=11.0, changed=474, unchanged=336, early_stops=8/8
26 - INFO - chord#: 74 In build_straw_man_chord_sa. tolerance = 1, sa_iterations = 1000, initial_temperature = 3.0, cooling_rate = 0.999
26 - INFO - chord#: 72 done. best_score=11.0, changed=468, unchanged=351, early_stops=8/8
26 - INFO - chord#: 74 In build_straw_man_chord_sa. tolerance = 1, sa_iterations = 1000, initial_temperature = 3.0, cooling_rate = 0.999
26 - INFO - chord#: 70 done. best_score=37.0, changed=517, unchanged=337, early_stops=8/8
26 - INFO - chord#: 72 In build_straw_man_chord_sa. tolerance = 1, sa_iterations = 1000, initial_temperature = 3.0, cooling_rate = 0.999
26 - INFO - chord#: 80 done. best_score=145.0, changed=612, unchanged=359, early_stops=8/8
26 - INFO - chord#: 84 In build_straw_man_chord_sa. tolerance = 1, sa_iterations = 1000, initial_temperature = 3.0, cooling_rate = 0.999
26 - INFO - chord#: 72 done. best_score=11.0, changed=468, unchanged=339, early_stops=8/8
26 - INFO - chord#: 74 In build_straw_man_chord_sa. tolerance = 1, sa_iterations = 1000, initial_temperature = 3.0, cooling_rate = 0.999
26 - INFO - chord#: 70 done. best_score=37.0, changed=528, unchanged=454, early_stops=8/8
26 - INFO - chord#: 72 In build_straw_man_chord_sa. tolerance = 1, sa_iterations = 1000, initial_temperature = 3.0, cooling_rate = 0.999
26 - INFO - chord#: 70 done. best_score=37.0, changed=525, unchanged=372, early_stops=8/8
26 - INFO - chord#: 72 In build_straw_man_chord_sa. tolerance = 1, sa_iterations = 1000, initial_temperature = 3.0, cooling_rate = 0.999
26 - INFO - chord#: 84 done. best_score=27.0, changed=515, unchanged=381, early_stops=8/8
26 - INFO - chord#: 86 In build_straw_man_chord_sa. tolerance = 1, sa_iterations = 1000, initial_temperature = 3.0, cooling_rate = 0.999
26 - INFO - chord#: 72 done. best_score=11.0, changed=489, unchanged=331, early_stops=8/8
26 - INFO - chord#: 74 In build_straw_man_chord_sa. tolerance = 1, sa_iterations = 1000, initial_temperature = 3.0, cooling_rate = 0.999
26 - INFO - chord#: 72 done. best_score=11.0, changed=494, unchanged=335, early_stops=8/8
26 - INFO - chord#: 74 In build_straw_man_chord_sa. tolerance = 1, sa_iterations = 1000, initial_temperature = 3.0, cooling_rate = 0.999
26 - INFO - chord#: 78 done. best_score=141.0, changed=613, unchanged=268, early_stops=8/8
26 - INFO - chord#: 80 In build_straw_man_chord_sa. tolerance = 1, sa_iterations = 1000, initial_temperature = 3.0, cooling_rate = 0.999
26 - INFO - chord#: 80 done. best_score=140.0, changed=619, unchanged=389, early_stops=8/8
26 - INFO - chord#: 84 In build_straw_man_chord_sa. tolerance = 1, sa_iterations = 1000, initial_temperature = 3.0, cooling_rate = 0.999
26 - INFO - chord#: 84 done. best_score=27.0, changed=518, unchanged=457, early_stops=8/8
26 - INFO - chord#: 86 In build_straw_man_chord_sa. tolerance = 1, sa_iterations = 1000, initial_temperature = 3.0, cooling_rate = 0.999
26 - INFO - chord#: 80 done. best_score=140.0, changed=613, unchanged=267, early_stops=8/8
26 - INFO - chord#: 84 In build_straw_man_chord_sa. tolerance = 1, sa_iterations = 1000, initial_temperature = 3.0, cooling_rate = 0.999
26 - INFO - chord#: 80 done. best_score=142.0, changed=616, unchanged=434, early_stops=8/8
26 - INFO - chord#: 84 In build_straw_man_chord_sa. tolerance = 1, sa_iterations = 1000, initial_temperature = 3.0, cooling_rate = 0.999
26 - INFO - chord#: 84 done. best_score=27.0, changed=513, unchanged=407, early_stops=8/8
26 - INFO - chord#: 86 In build_straw_man_chord_sa. tolerance = 1, sa_iterations = 1000, initial_temperature = 3.0, cooling_rate = 0.999
26 - INFO - chord#: 74 done. best_score=134.0, changed=612, unchanged=282, early_stops=8/8
26 - INFO - chord#: 76 In build_straw_man_chord_sa. tolerance = 1, sa_iterations = 1000, initial_temperature = 3.0, cooling_rate = 0.999
26 - INFO - chord#: 84 done. best_score=27.0, changed=527, unchanged=405, early_stops=8/8
26 - INFO - chord#: 86 In build_straw_man_chord_sa. tolerance = 1, sa_iterations = 1000, initial_temperature = 3.0, cooling_rate = 0.999
26 - INFO - chord#: 74 done. best_score=94.0, changed=614, unchanged=273, early_stops=8/8
26 - INFO - chord#: 76 In build_straw_man_chord_sa. tolerance = 1, sa_iterations = 1000, initial_temperature = 3.0, cooling_rate = 0.999
26 - INFO - chord#: 74 done. best_score=153.0, changed=608, unchanged=267, early_stops=8/8
26 - INFO - chord#: 76 In build_straw_man_chord_sa. tolerance = 1, sa_iterations = 1000, initial_temperature = 3.0, cooling_rate = 0.999
26 - INFO - chord#: 86 done. best_score=82.0, changed=610, unchanged=259, early_stops=8/8
26 - INFO - chord#: 88 In build_straw_man_chord_sa. tolerance = 1, sa_iterations = 1000, initial_temperature = 3.0, cooling_rate = 0.999
26 - INFO - chord#: 84 done. best_score=27.0, changed=521, unchanged=449, early_stops=8/8
26 - INFO - chord#: 86 In build_straw_man_chord_sa. tolerance = 1, sa_iterations = 1000, initial_temperature = 3.0, cooling_rate = 0.999
26 - INFO - chord#: 74 done. best_score=147.0, changed=608, unchanged=347, early_stops=8/8
26 - INFO - chord#: 76 In build_straw_man_chord_sa. tolerance = 1, sa_iterations = 1000, initial_temperature = 3.0, cooling_rate = 0.999
26 - INFO - chord#: 74 done. best_score=94.0, changed=609, unchanged=215, early_stops=8/8
26 - INFO - chord#: 76 In build_straw_man_chord_sa. tolerance = 1, sa_iterations = 1000, initial_temperature = 3.0, cooling_rate = 0.999
26 - INFO - chord#: 76 done. best_score=27.0, changed=522, unchanged=344, early_stops=8/8
26 - INFO - chord#: 78 In build_straw_man_chord_sa. tolerance = 1, sa_iterations = 1000, initial_temperature = 3.0, cooling_rate = 0.999
26 - INFO - chord#: 76 done. best_score=36.0, changed=528, unchanged=379, early_stops=8/8
26 - INFO - chord#: 78 In build_straw_man_chord_sa. tolerance = 1, sa_iterations = 1000, initial_temperature = 3.0, cooling_rate = 0.999
26 - INFO - chord#: 76 done. best_score=27.0, changed=531, unchanged=462, early_stops=8/8
26 - INFO - chord#: 78 In build_straw_man_chord_sa. tolerance = 1, sa_iterations = 1000, initial_temperature = 3.0, cooling_rate = 0.999
26 - INFO - chord#: 80 done. best_score=145.0, changed=612, unchanged=299, early_stops=8/8
26 - INFO - chord#: 84 In build_straw_man_chord_sa. tolerance = 1, sa_iterations = 1000, initial_temperature = 3.0, cooling_rate = 0.999
26 - INFO - chord#: 86 done. best_score=120.0, changed=613, unchanged=422, early_stops=8/8
26 - INFO - chord#: 88 In build_straw_man_chord_sa. tolerance = 1, sa_iterations = 1000, initial_temperature = 3.0, cooling_rate = 0.999
26 - INFO - chord#: 74 done. best_score=153.0, changed=611, unchanged=397, early_stops=8/8
26 - INFO - chord#: 76 In build_straw_man_chord_sa. tolerance = 1, sa_iterations = 1000, initial_temperature = 3.0, cooling_rate = 0.999
26 - INFO - chord#: 76 done. best_score=27.0, changed=525, unchanged=420, early_stops=8/8
26 - INFO - chord#: 78 In build_straw_man_chord_sa. tolerance = 1, sa_iterations = 1000, initial_temperature = 3.0, cooling_rate = 0.999
26 - INFO - chord#: 86 done. best_score=82.0, changed=608, unchanged=308, early_stops=8/8
26 - INFO - chord#: 88 In build_straw_man_chord_sa. tolerance = 1, sa_iterations = 1000, initial_temperature = 3.0, cooling_rate = 0.999
26 - INFO - chord#: 86 done. best_score=82.0, changed=617, unchanged=373, early_stops=8/8
26 - INFO - chord#: 88 In build_straw_man_chord_sa. tolerance = 1, sa_iterations = 1000, initial_temperature = 3.0, cooling_rate = 0.999
26 - INFO - chord#: 76 done. best_score=27.0, changed=533, unchanged=492, early_stops=8/8
26 - INFO - chord#: 78 In build_straw_man_chord_sa. tolerance = 1, sa_iterations = 1000, initial_temperature = 3.0, cooling_rate = 0.999
26 - INFO - chord#: 84 done. best_score=27.0, changed=522, unchanged=324, early_stops=8/8
26 - INFO - chord#: 86 In build_straw_man_chord_sa. tolerance = 1, sa_iterations = 1000, initial_temperature = 3.0, cooling_rate = 0.999
26 - INFO - chord#: 76 done. best_score=27.0, changed=523, unchanged=383, early_stops=8/8
26 - INFO - chord#: 78 In build_straw_man_chord_sa. tolerance = 1, sa_iterations = 1000, initial_temperature = 3.0, cooling_rate = 0.999
26 - INFO - chord#: 86 done. best_score=108.0, changed=614, unchanged=393, early_stops=8/8
26 - INFO - chord#: 88 In build_straw_man_chord_sa. tolerance = 1, sa_iterations = 1000, initial_temperature = 3.0, cooling_rate = 0.999
26 - INFO - chord#: 78 done. best_score=149.0, changed=611, unchanged=224, early_stops=8/8
26 - INFO - chord#: 80 In build_straw_man_chord_sa. tolerance = 1, sa_iterations = 1000, initial_temperature = 3.0, cooling_rate = 0.999
26 - INFO - chord#: 88 done. best_score=142.0, changed=615, unchanged=382, early_stops=8/8
26 - INFO - chord#: 92 In build_straw_man_chord_sa. tolerance = 1, sa_iterations = 1000, initial_temperature = 3.0, cooling_rate = 0.999
26 - INFO - chord#: 88 done. best_score=143.0, changed=611, unchanged=271, early_stops=8/8
26 - INFO - chord#: 92 In build_straw_man_chord_sa. tolerance = 1, sa_iterations = 1000, initial_temperature = 3.0, cooling_rate = 0.999
26 - INFO - chord#: 78 done. best_score=149.0, changed=612, unchanged=326, early_stops=8/8
26 - INFO - chord#: 80 In build_straw_man_chord_sa. tolerance = 1, sa_iterations = 1000, initial_temperature = 3.0, cooling_rate = 0.999
26 - INFO - chord#: 78 done. best_score=149.0, changed=616, unchanged=251, early_stops=8/8
26 - INFO - chord#: 80 In build_straw_man_chord_sa. tolerance = 1, sa_iterations = 1000, initial_temperature = 3.0, cooling_rate = 0.999
26 - INFO - chord#: 88 done. best_score=142.0, changed=608, unchanged=293, early_stops=8/8
26 - INFO - chord#: 92 In build_straw_man_chord_sa. tolerance = 1, sa_iterations = 1000, initial_temperature = 3.0, cooling_rate = 0.999
26 - INFO - chord#: 88 done. best_score=140.0, changed=618, unchanged=333, early_stops=8/8
26 - INFO - chord#: 92 In build_straw_man_chord_sa. tolerance = 1, sa_iterations = 1000, initial_temperature = 3.0, cooling_rate = 0.999
26 - INFO - chord#: 92 done. best_score=27.0, changed=522, unchanged=446, early_stops=8/8
26 - INFO - chord#: 96 In build_straw_man_chord_sa. tolerance = 1, sa_iterations = 1000, initial_temperature = 3.0, cooling_rate = 0.999
26 - INFO - chord#: 92 done. best_score=27.0, changed=522, unchanged=386, early_stops=8/8
26 - INFO - chord#: 96 In build_straw_man_chord_sa. tolerance = 1, sa_iterations = 1000, initial_temperature = 3.0, cooling_rate = 0.999
26 - INFO - chord#: 78 done. best_score=121.0, changed=613, unchanged=283, early_stops=8/8
26 - INFO - chord#: 80 In build_straw_man_chord_sa. tolerance = 1, sa_iterations = 1000, initial_temperature = 3.0, cooling_rate = 0.999
26 - INFO - chord#: 78 done. best_score=74.0, changed=608, unchanged=247, early_stops=8/8
26 - INFO - chord#: 80 In build_straw_man_chord_sa. tolerance = 1, sa_iterations = 1000, initial_temperature = 3.0, cooling_rate = 0.999
26 - INFO - chord#: 92 done. best_score=27.0, changed=516, unchanged=354, early_stops=8/8
26 - INFO - chord#: 96 In build_straw_man_chord_sa. tolerance = 1, sa_iterations = 1000, initial_temperature = 3.0, cooling_rate = 0.999
26 - INFO - chord#: 86 done. best_score=120.0, changed=611, unchanged=292, early_stops=8/8
26 - INFO - chord#: 88 In build_straw_man_chord_sa. tolerance = 1, sa_iterations = 1000, initial_temperature = 3.0, cooling_rate = 0.999
26 - INFO - chord#: 88 done. best_score=140.0, changed=619, unchanged=382, early_stops=8/8
26 - INFO - chord#: 92 In build_straw_man_chord_sa. tolerance = 1, sa_iterations = 1000, initial_temperature = 3.0, cooling_rate = 0.999
26 - INFO - chord#: 92 done. best_score=27.0, changed=513, unchanged=453, early_stops=8/8
26 - INFO - chord#: 96 In build_straw_man_chord_sa. tolerance = 1, sa_iterations = 1000, initial_temperature = 3.0, cooling_rate = 0.999
26 - INFO - chord#: 80 done. best_score=145.0, changed=614, unchanged=392, early_stops=8/8
26 - INFO - chord#: 84 In build_straw_man_chord_sa. tolerance = 1, sa_iterations = 1000, initial_temperature = 3.0, cooling_rate = 0.999
26 - INFO - chord#: 78 done. best_score=149.0, changed=609, unchanged=278, early_stops=8/8
26 - INFO - chord#: 80 In build_straw_man_chord_sa. tolerance = 1, sa_iterations = 1000, initial_temperature = 3.0, cooling_rate = 0.999
26 - INFO - chord#: 96 done. best_score=27.0, changed=525, unchanged=397, early_stops=8/8
26 - INFO - chord#: 98 In build_straw_man_chord_sa. tolerance = 1, sa_iterations = 1000, initial_temperature = 3.0, cooling_rate = 0.999
26 - INFO - chord#: 96 done. best_score=27.0, changed=515, unchanged=306, early_stops=8/8
26 - INFO - chord#: 98 In build_straw_man_chord_sa. tolerance = 1, sa_iterations = 1000, initial_temperature = 3.0, cooling_rate = 0.999
26 - INFO - chord#: 80 done. best_score=140.0, changed=614, unchanged=267, early_stops=8/8
26 - INFO - chord#: 84 In build_straw_man_chord_sa. tolerance = 1, sa_iterations = 1000, initial_temperature = 3.0, cooling_rate = 0.999
26 - INFO - chord#: 96 done. best_score=27.0, changed=518, unchanged=339, early_stops=8/8
26 - INFO - chord#: 98 In build_straw_man_chord_sa. tolerance = 1, sa_iterations = 1000, initial_temperature = 3.0, cooling_rate = 0.999
26 - INFO - chord#: 96 done. best_score=27.0, changed=529, unchanged=333, early_stops=8/8
26 - INFO - chord#: 98 In build_straw_man_chord_sa. tolerance = 1, sa_iterations = 1000, initial_temperature = 3.0, cooling_rate = 0.999
26 - INFO - chord#: 92 done. best_score=27.0, changed=520, unchanged=498, early_stops=8/8
26 - INFO - chord#: 96 In build_straw_man_chord_sa. tolerance = 1, sa_iterations = 1000, initial_temperature = 3.0, cooling_rate = 0.999
26 - INFO - chord#: 84 done. best_score=27.0, changed=513, unchanged=365, early_stops=8/8
26 - INFO - chord#: 86 In build_straw_man_chord_sa. tolerance = 1, sa_iterations = 1000, initial_temperature = 3.0, cooling_rate = 0.999
26 - INFO - chord#: 84 done. best_score=27.0, changed=519, unchanged=370, early_stops=8/8
26 - INFO - chord#: 86 In build_straw_man_chord_sa. tolerance = 1, sa_iterations = 1000, initial_temperature = 3.0, cooling_rate = 0.999
26 - INFO - chord#: 80 done. best_score=145.0, changed=613, unchanged=371, early_stops=8/8
26 - INFO - chord#: 84 In build_straw_man_chord_sa. tolerance = 1, sa_iterations = 1000, initial_temperature = 3.0, cooling_rate = 0.999
26 - INFO - chord#: 96 done. best_score=27.0, changed=520, unchanged=346, early_stops=8/8
26 - INFO - chord#: 98 In build_straw_man_chord_sa. tolerance = 1, sa_iterations = 1000, initial_temperature = 3.0, cooling_rate = 0.999
26 - INFO - chord#: 88 done. best_score=143.0, changed=611, unchanged=223, early_stops=8/8
26 - INFO - chord#: 92 In build_straw_man_chord_sa. tolerance = 1, sa_iterations = 1000, initial_temperature = 3.0, cooling_rate = 0.999
26 - INFO - chord#: 80 done. best_score=140.0, changed=613, unchanged=366, early_stops=8/8
26 - INFO - chord#: 84 In build_straw_man_chord_sa. tolerance = 1, sa_iterations = 1000, initial_temperature = 3.0, cooling_rate = 0.999
26 - INFO - chord#: 80 done. best_score=140.0, changed=613, unchanged=405, early_stops=8/8
26 - INFO - chord#: 84 In build_straw_man_chord_sa. tolerance = 1, sa_iterations = 1000, initial_temperature = 3.0, cooling_rate = 0.999
26 - INFO - chord#: 98 done. best_score=64.0, changed=619, unchanged=364, early_stops=8/8
26 - INFO - chord#: 100 In build_straw_man_chord_sa. tolerance = 1, sa_iterations = 1000, initial_temperature = 3.0, cooling_rate = 0.999
26 - INFO - chord#: 98 done. best_score=64.0, changed=609, unchanged=243, early_stops=8/8
26 - INFO - chord#: 100 In build_straw_man_chord_sa. tolerance = 1, sa_iterations = 1000, initial_temperature = 3.0, cooling_rate = 0.999
26 - INFO - chord#: 84 done. best_score=27.0, changed=516, unchanged=392, early_stops=8/8
26 - INFO - chord#: 86 In build_straw_man_chord_sa. tolerance = 1, sa_iterations = 1000, initial_temperature = 3.0, cooling_rate = 0.999
26 - INFO - chord#: 98 done. best_score=104.0, changed=613, unchanged=329, early_stops=8/8
26 - INFO - chord#: 100 In build_straw_man_chord_sa. tolerance = 1, sa_iterations = 1000, initial_temperature = 3.0, cooling_rate = 0.999
26 - INFO - chord#: 98 done. best_score=64.0, changed=609, unchanged=240, early_stops=8/8
26 - INFO - chord#: 100 In build_straw_man_chord_sa. tolerance = 1, sa_iterations = 1000, initial_temperature = 3.0, cooling_rate = 0.999
26 - INFO - chord#: 80 done. best_score=140.0, changed=610, unchanged=373, early_stops=8/8
26 - INFO - chord#: 84 In build_straw_man_chord_sa. tolerance = 1, sa_iterations = 1000, initial_temperature = 3.0, cooling_rate = 0.999
26 - INFO - chord#: 100 done. best_score=27.0, changed=523, unchanged=355, early_stops=8/8
26 - INFO - chord#: 102 In build_straw_man_chord_sa. tolerance = 1, sa_iterations = 1000, initial_temperature = 3.0, cooling_rate = 0.999
26 - INFO - chord#: 86 done. best_score=82.0, changed=614, unchanged=295, early_stops=8/8
26 - INFO - chord#: 88 In build_straw_man_chord_sa. tolerance = 1, sa_iterations = 1000, initial_temperature = 3.0, cooling_rate = 0.999
26 - INFO - chord#: 100 done. best_score=27.0, changed=517, unchanged=369, early_stops=8/8
26 - INFO - chord#: 102 In build_straw_man_chord_sa. tolerance = 1, sa_iterations = 1000, initial_temperature = 3.0, cooling_rate = 0.999
26 - INFO - chord#: 84 done. best_score=27.0, changed=521, unchanged=394, early_stops=8/8
26 - INFO - chord#: 86 In build_straw_man_chord_sa. tolerance = 1, sa_iterations = 1000, initial_temperature = 3.0, cooling_rate = 0.999
26 - INFO - chord#: 92 done. best_score=27.0, changed=524, unchanged=510, early_stops=8/8
26 - INFO - chord#: 96 In build_straw_man_chord_sa. tolerance = 1, sa_iterations = 1000, initial_temperature = 3.0, cooling_rate = 0.999
26 - INFO - chord#: 84 done. best_score=27.0, changed=522, unchanged=406, early_stops=8/8
26 - INFO - chord#: 86 In build_straw_man_chord_sa. tolerance = 1, sa_iterations = 1000, initial_temperature = 3.0, cooling_rate = 0.999
26 - INFO - chord#: 100 done. best_score=27.0, changed=520, unchanged=393, early_stops=8/8
26 - INFO - chord#: 102 In build_straw_man_chord_sa. tolerance = 1, sa_iterations = 1000, initial_temperature = 3.0, cooling_rate = 0.999
26 - INFO - chord#: 100 done. best_score=27.0, changed=524, unchanged=430, early_stops=8/8
26 - INFO - chord#: 102 In build_straw_man_chord_sa. tolerance = 1, sa_iterations = 1000, initial_temperature = 3.0, cooling_rate = 0.999
26 - INFO - chord#: 98 done. best_score=64.0, changed=613, unchanged=315, early_stops=8/8
26 - INFO - chord#: 100 In build_straw_man_chord_sa. tolerance = 1, sa_iterations = 1000, initial_temperature = 3.0, cooling_rate = 0.999
26 - INFO - chord#: 84 done. best_score=27.0, changed=519, unchanged=352, early_stops=8/8
26 - INFO - chord#: 86 In build_straw_man_chord_sa. tolerance = 1, sa_iterations = 1000, initial_temperature = 3.0, cooling_rate = 0.999
26 - INFO - chord#: 86 done. best_score=97.0, changed=619, unchanged=505, early_stops=8/8
26 - INFO - chord#: 88 In build_straw_man_chord_sa. tolerance = 1, sa_iterations = 1000, initial_temperature = 3.0, cooling_rate = 0.999
26 - INFO - chord#: 96 done. best_score=27.0, changed=517, unchanged=322, early_stops=8/8
26 - INFO - chord#: 98 In build_straw_man_chord_sa. tolerance = 1, sa_iterations = 1000, initial_temperature = 3.0, cooling_rate = 0.999
26 - INFO - chord#: 100 done. best_score=27.0, changed=525, unchanged=508, early_stops=8/8
26 - INFO - chord#: 102 In build_straw_man_chord_sa. tolerance = 1, sa_iterations = 1000, initial_temperature = 3.0, cooling_rate = 0.999
26 - INFO - chord#: 86 done. best_score=82.0, changed=611, unchanged=321, early_stops=8/8
26 - INFO - chord#: 88 In build_straw_man_chord_sa. tolerance = 1, sa_iterations = 1000, initial_temperature = 3.0, cooling_rate = 0.999
26 - INFO - chord#: 86 done. best_score=97.0, changed=615, unchanged=368, early_stops=8/8
26 - INFO - chord#: 88 In build_straw_man_chord_sa. tolerance = 1, sa_iterations = 1000, initial_temperature = 3.0, cooling_rate = 0.999
26 - INFO - chord#: 88 done. best_score=140.0, changed=614, unchanged=355, early_stops=8/8
26 - INFO - chord#: 92 In build_straw_man_chord_sa. tolerance = 1, sa_iterations = 1000, initial_temperature = 3.0, cooling_rate = 0.999
26 - INFO - chord#: 102 done. best_score=96.0, changed=614, unchanged=429, early_stops=8/8
26 - INFO - chord#: 104 In build_straw_man_chord_sa. tolerance = 1, sa_iterations = 1000, initial_temperature = 3.0, cooling_rate = 0.999
26 - INFO - chord#: 102 done. best_score=78.0, changed=614, unchanged=266, early_stops=8/8
26 - INFO - chord#: 104 In build_straw_man_chord_sa. tolerance = 1, sa_iterations = 1000, initial_temperature = 3.0, cooling_rate = 0.999
26 - INFO - chord#: 102 done. best_score=93.0, changed=616, unchanged=451, early_stops=8/8
26 - INFO - chord#: 104 In build_straw_man_chord_sa. tolerance = 1, sa_iterations = 1000, initial_temperature = 3.0, cooling_rate = 0.999
26 - INFO - chord#: 86 done. best_score=97.0, changed=612, unchanged=227, early_stops=8/8
26 - INFO - chord#: 88 In build_straw_man_chord_sa. tolerance = 1, sa_iterations = 1000, initial_temperature = 3.0, cooling_rate = 0.999
26 - INFO - chord#: 104 done. best_score=27.0, changed=520, unchanged=415, early_stops=8/8
26 - INFO - chord#: 106 In build_straw_man_chord_sa. tolerance = 1, sa_iterations = 1000, initial_temperature = 3.0, cooling_rate = 0.999
26 - INFO - chord#: 92 done. best_score=27.0, changed=519, unchanged=451, early_stops=8/8
26 - INFO - chord#: 96 In build_straw_man_chord_sa. tolerance = 1, sa_iterations = 1000, initial_temperature = 3.0, cooling_rate = 0.999
26 - INFO - chord#: 104 done. best_score=27.0, changed=532, unchanged=355, early_stops=8/8
26 - INFO - chord#: 106 In build_straw_man_chord_sa. tolerance = 1, sa_iterations = 1000, initial_temperature = 3.0, cooling_rate = 0.999
26 - INFO - chord#: 104 done. best_score=27.0, changed=518, unchanged=405, early_stops=8/8
26 - INFO - chord#: 106 In build_straw_man_chord_sa. tolerance = 1, sa_iterations = 1000, initial_temperature = 3.0, cooling_rate = 0.999
26 - INFO - chord#: 102 done. best_score=93.0, changed=618, unchanged=384, early_stops=8/8
26 - INFO - chord#: 104 In build_straw_man_chord_sa. tolerance = 1, sa_iterations = 1000, initial_temperature = 3.0, cooling_rate = 0.999
26 - INFO - chord#: 86 done. best_score=82.0, changed=614, unchanged=313, early_stops=8/8
26 - INFO - chord#: 88 In build_straw_man_chord_sa. tolerance = 1, sa_iterations = 1000, initial_temperature = 3.0, cooling_rate = 0.999
26 - INFO - chord#: 102 done. best_score=96.0, changed=615, unchanged=338, early_stops=8/8
26 - INFO - chord#: 104 In build_straw_man_chord_sa. tolerance = 1, sa_iterations = 1000, initial_temperature = 3.0, cooling_rate = 0.999
26 - INFO - chord#: 88 done. best_score=145.0, changed=612, unchanged=293, early_stops=8/8
26 - INFO - chord#: 92 In build_straw_man_chord_sa. tolerance = 1, sa_iterations = 1000, initial_temperature = 3.0, cooling_rate = 0.999
26 - INFO - chord#: 98 done. best_score=146.0, changed=616, unchanged=305, early_stops=8/8
26 - INFO - chord#: 100 In build_straw_man_chord_sa. tolerance = 1, sa_iterations = 1000, initial_temperature = 3.0, cooling_rate = 0.999
26 - INFO - chord#: 106 done. best_score=27.0, changed=527, unchanged=320, early_stops=8/8
26 - INFO - chord#: 108 In build_straw_man_chord_sa. tolerance = 1, sa_iterations = 1000, initial_temperature = 3.0, cooling_rate = 0.999
26 - INFO - chord#: 106 done. best_score=27.0, changed=521, unchanged=319, early_stops=8/8
26 - INFO - chord#: 106 done. best_score=27.0, changed=525, unchanged=341, early_stops=8/8
26 - INFO - chord#: 108 In build_straw_man_chord_sa. tolerance = 1, sa_iterations = 1000, initial_temperature = 3.0, cooling_rate = 0.999
26 - INFO - chord#: 108 In build_straw_man_chord_sa. tolerance = 1, sa_iterations = 1000, initial_temperature = 3.0, cooling_rate = 0.999
26 - INFO - chord#: 88 done. best_score=142.0, changed=608, unchanged=249, early_stops=8/8
26 - INFO - chord#: 92 In build_straw_man_chord_sa. tolerance = 1, sa_iterations = 1000, initial_temperature = 3.0, cooling_rate = 0.999
26 - INFO - chord#: 96 done. best_score=27.0, changed=526, unchanged=357, early_stops=8/8
26 - INFO - chord#: 98 In build_straw_man_chord_sa. tolerance = 1, sa_iterations = 1000, initial_temperature = 3.0, cooling_rate = 0.999
26 - INFO - chord#: 104 done. best_score=27.0, changed=520, unchanged=400, early_stops=8/8
26 - INFO - chord#: 106 In build_straw_man_chord_sa. tolerance = 1, sa_iterations = 1000, initial_temperature = 3.0, cooling_rate = 0.999
26 - INFO - chord#: 104 done. best_score=27.0, changed=519, unchanged=597, early_stops=8/8
26 - INFO - chord#: 106 In build_straw_man_chord_sa. tolerance = 1, sa_iterations = 1000, initial_temperature = 3.0, cooling_rate = 0.999
26 - INFO - chord#: 108 done. best_score=27.0, changed=519, unchanged=469, early_stops=8/8
26 - INFO - chord#: 110 In build_straw_man_chord_sa. tolerance = 1, sa_iterations = 1000, initial_temperature = 3.0, cooling_rate = 0.999
26 - INFO - chord#: 100 done. best_score=27.0, changed=525, unchanged=412, early_stops=8/8
26 - INFO - chord#: 102 In build_straw_man_chord_sa. tolerance = 1, sa_iterations = 1000, initial_temperature = 3.0, cooling_rate = 0.999
26 - INFO - chord#: 92 done. best_score=27.0, changed=519, unchanged=401, early_stops=8/8
26 - INFO - chord#: 96 In build_straw_man_chord_sa. tolerance = 1, sa_iterations = 1000, initial_temperature = 3.0, cooling_rate = 0.999
26 - INFO - chord#: 92 done. best_score=27.0, changed=528, unchanged=455, early_stops=8/8
26 - INFO - chord#: 96 In build_straw_man_chord_sa. tolerance = 1, sa_iterations = 1000, initial_temperature = 3.0, cooling_rate = 0.999
26 - INFO - chord#: 108 done. best_score=27.0, changed=520, unchanged=477, early_stops=8/8
26 - INFO - chord#: 110 In build_straw_man_chord_sa. tolerance = 1, sa_iterations = 1000, initial_temperature = 3.0, cooling_rate = 0.999
26 - INFO - chord#: 108 done. best_score=27.0, changed=525, unchanged=540, early_stops=8/8
26 - INFO - chord#: 110 In build_straw_man_chord_sa. tolerance = 1, sa_iterations = 1000, initial_temperature = 3.0, cooling_rate = 0.999
26 - INFO - chord#: 88 done. best_score=140.0, changed=617, unchanged=400, early_stops=8/8
26 - INFO - chord#: 92 In build_straw_man_chord_sa. tolerance = 1, sa_iterations = 1000, initial_temperature = 3.0, cooling_rate = 0.999
26 - INFO - chord#: 88 done. best_score=142.0, changed=618, unchanged=387, early_stops=8/8
26 - INFO - chord#: 92 In build_straw_man_chord_sa. tolerance = 1, sa_iterations = 1000, initial_temperature = 3.0, cooling_rate = 0.999
26 - INFO - chord#: 106 done. best_score=27.0, changed=526, unchanged=340, early_stops=8/8
26 - INFO - chord#: 108 In build_straw_man_chord_sa. tolerance = 1, sa_iterations = 1000, initial_temperature = 3.0, cooling_rate = 0.999
26 - INFO - chord#: 106 done. best_score=27.0, changed=530, unchanged=376, early_stops=8/8
26 - INFO - chord#: 108 In build_straw_man_chord_sa. tolerance = 1, sa_iterations = 1000, initial_temperature = 3.0, cooling_rate = 0.999
26 - INFO - chord#: 96 done. best_score=27.0, changed=525, unchanged=449, early_stops=8/8
26 - INFO - chord#: 98 In build_straw_man_chord_sa. tolerance = 1, sa_iterations = 1000, initial_temperature = 3.0, cooling_rate = 0.999
26 - INFO - chord#: 96 done. best_score=27.0, changed=523, unchanged=426, early_stops=8/8
26 - INFO - chord#: 98 In build_straw_man_chord_sa. tolerance = 1, sa_iterations = 1000, initial_temperature = 3.0, cooling_rate = 0.999
26 - INFO - chord#: 98 done. best_score=125.0, changed=616, unchanged=354, early_stops=8/8
26 - INFO - chord#: 100 In build_straw_man_chord_sa. tolerance = 1, sa_iterations = 1000, initial_temperature = 3.0, cooling_rate = 0.999
26 - INFO - chord#: 88 done. best_score=140.0, changed=617, unchanged=318, early_stops=8/8
26 - INFO - chord#: 92 In build_straw_man_chord_sa. tolerance = 1, sa_iterations = 1000, initial_temperature = 3.0, cooling_rate = 0.999
26 - INFO - chord#: 92 done. best_score=27.0, changed=522, unchanged=464, early_stops=8/8
26 - INFO - chord#: 96 In build_straw_man_chord_sa. tolerance = 1, sa_iterations = 1000, initial_temperature = 3.0, cooling_rate = 0.999
26 - INFO - chord#: 108 done. best_score=27.0, changed=518, unchanged=405, early_stops=8/8
26 - INFO - chord#: 110 In build_straw_man_chord_sa. tolerance = 1, sa_iterations = 1000, initial_temperature = 3.0, cooling_rate = 0.999
26 - INFO - chord#: 110 done. best_score=137.0, changed=611, unchanged=253, early_stops=8/8
26 - INFO - chord#: 112 In build_straw_man_chord_sa. tolerance = 1, sa_iterations = 1000, initial_temperature = 3.0, cooling_rate = 0.999
26 - INFO - chord#: 92 done. best_score=27.0, changed=518, unchanged=420, early_stops=8/8
26 - INFO - chord#: 96 In build_straw_man_chord_sa. tolerance = 1, sa_iterations = 1000, initial_temperature = 3.0, cooling_rate = 0.999
26 - INFO - chord#: 108 done. best_score=27.0, changed=523, unchanged=412, early_stops=8/8
26 - INFO - chord#: 110 In build_straw_man_chord_sa. tolerance = 1, sa_iterations = 1000, initial_temperature = 3.0, cooling_rate = 0.999
26 - INFO - chord#: 110 done. best_score=142.0, changed=611, unchanged=292, early_stops=8/8
26 - INFO - chord#: 112 In build_straw_man_chord_sa. tolerance = 1, sa_iterations = 1000, initial_temperature = 3.0, cooling_rate = 0.999
26 - INFO - chord#: 110 done. best_score=67.0, changed=610, unchanged=296, early_stops=8/8
26 - INFO - chord#: 112 In build_straw_man_chord_sa. tolerance = 1, sa_iterations = 1000, initial_temperature = 3.0, cooling_rate = 0.999
26 - INFO - chord#: 100 done. best_score=27.0, changed=517, unchanged=311, early_stops=8/8
26 - INFO - chord#: 102 In build_straw_man_chord_sa. tolerance = 1, sa_iterations = 1000, initial_temperature = 3.0, cooling_rate = 0.999
26 - INFO - chord#: 96 done. best_score=27.0, changed=525, unchanged=390, early_stops=8/8
26 - INFO - chord#: 98 In build_straw_man_chord_sa. tolerance = 1, sa_iterations = 1000, initial_temperature = 3.0, cooling_rate = 0.999
26 - INFO - chord#: 112 done. best_score=27.0, changed=519, unchanged=437, early_stops=8/8
26 - INFO - chord#: 116 In build_straw_man_chord_sa. tolerance = 1, sa_iterations = 1000, initial_temperature = 3.0, cooling_rate = 0.999
26 - INFO - chord#: 92 done. best_score=27.0, changed=522, unchanged=495, early_stops=8/8
26 - INFO - chord#: 96 In build_straw_man_chord_sa. tolerance = 1, sa_iterations = 1000, initial_temperature = 3.0, cooling_rate = 0.999
26 - INFO - chord#: 112 done. best_score=27.0, changed=514, unchanged=432, early_stops=8/8
26 - INFO - chord#: 116 In build_straw_man_chord_sa. tolerance = 1, sa_iterations = 1000, initial_temperature = 3.0, cooling_rate = 0.999
26 - INFO - chord#: 112 done. best_score=27.0, changed=520, unchanged=427, early_stops=8/8
26 - INFO - chord#: 116 In build_straw_man_chord_sa. tolerance = 1, sa_iterations = 1000, initial_temperature = 3.0, cooling_rate = 0.999
26 - INFO - chord#: 96 done. best_score=27.0, changed=521, unchanged=398, early_stops=8/8
26 - INFO - chord#: 98 In build_straw_man_chord_sa. tolerance = 1, sa_iterations = 1000, initial_temperature = 3.0, cooling_rate = 0.999
26 - INFO - chord#: 98 done. best_score=104.0, changed=610, unchanged=295, early_stops=8/8
26 - INFO - chord#: 100 In build_straw_man_chord_sa. tolerance = 1, sa_iterations = 1000, initial_temperature = 3.0, cooling_rate = 0.999
26 - INFO - chord#: 102 done. best_score=93.0, changed=611, unchanged=537, early_stops=8/8
26 - INFO - chord#: 104 In build_straw_man_chord_sa. tolerance = 1, sa_iterations = 1000, initial_temperature = 3.0, cooling_rate = 0.999
26 - INFO - chord#: 110 done. best_score=67.0, changed=612, unchanged=359, early_stops=8/8
26 - INFO - chord#: 112 In build_straw_man_chord_sa. tolerance = 1, sa_iterations = 1000, initial_temperature = 3.0, cooling_rate = 0.999
26 - INFO - chord#: 98 done. best_score=64.0, changed=613, unchanged=298, early_stops=8/8
26 - INFO - chord#: 100 In build_straw_man_chord_sa. tolerance = 1, sa_iterations = 1000, initial_temperature = 3.0, cooling_rate = 0.999
26 - INFO - chord#: 96 done. best_score=27.0, changed=521, unchanged=394, early_stops=8/8
26 - INFO - chord#: 98 In build_straw_man_chord_sa. tolerance = 1, sa_iterations = 1000, initial_temperature = 3.0, cooling_rate = 0.999
26 - INFO - chord#: 100 done. best_score=27.0, changed=521, unchanged=436, early_stops=8/8
26 - INFO - chord#: 102 In build_straw_man_chord_sa. tolerance = 1, sa_iterations = 1000, initial_temperature = 3.0, cooling_rate = 0.999
26 - INFO - chord#: 104 done. best_score=27.0, changed=524, unchanged=391, early_stops=8/8
26 - INFO - chord#: 106 In build_straw_man_chord_sa. tolerance = 1, sa_iterations = 1000, initial_temperature = 3.0, cooling_rate = 0.999
26 - INFO - chord#: 102 done. best_score=96.0, changed=612, unchanged=348, early_stops=8/8
26 - INFO - chord#: 104 In build_straw_man_chord_sa. tolerance = 1, sa_iterations = 1000, initial_temperature = 3.0, cooling_rate = 0.999
26 - INFO - chord#: 110 done. best_score=140.0, changed=611, unchanged=404, early_stops=8/8
26 - INFO - chord#: 112 In build_straw_man_chord_sa. tolerance = 1, sa_iterations = 1000, initial_temperature = 3.0, cooling_rate = 0.999
26 - INFO - chord#: 112 done. best_score=27.0, changed=530, unchanged=653, early_stops=8/8
26 - INFO - chord#: 116 In build_straw_man_chord_sa. tolerance = 1, sa_iterations = 1000, initial_temperature = 3.0, cooling_rate = 0.999
26 - INFO - chord#: 116 done. best_score=137.0, changed=608, unchanged=220, early_stops=8/8
26 - INFO - chord#: 120 In build_straw_man_chord_sa. tolerance = 1, sa_iterations = 1000, initial_temperature = 3.0, cooling_rate = 0.999
26 - INFO - chord#: 116 done. best_score=96.0, changed=613, unchanged=319, early_stops=8/8
26 - INFO - chord#: 120 In build_straw_man_chord_sa. tolerance = 1, sa_iterations = 1000, initial_temperature = 3.0, cooling_rate = 0.999
26 - INFO - chord#: 100 done. best_score=27.0, changed=532, unchanged=551, early_stops=8/8
26 - INFO - chord#: 102 In build_straw_man_chord_sa. tolerance = 1, sa_iterations = 1000, initial_temperature = 3.0, cooling_rate = 0.999
26 - INFO - chord#: 106 done. best_score=27.0, changed=519, unchanged=352, early_stops=8/8
26 - INFO - chord#: 108 In build_straw_man_chord_sa. tolerance = 1, sa_iterations = 1000, initial_temperature = 3.0, cooling_rate = 0.999
26 - INFO - chord#: 104 done. best_score=27.0, changed=519, unchanged=449, early_stops=8/8
26 - INFO - chord#: 106 In build_straw_man_chord_sa. tolerance = 1, sa_iterations = 1000, initial_temperature = 3.0, cooling_rate = 0.999
26 - INFO - chord#: 98 done. best_score=64.0, changed=612, unchanged=429, early_stops=8/8
26 - INFO - chord#: 100 In build_straw_man_chord_sa. tolerance = 1, sa_iterations = 1000, initial_temperature = 3.0, cooling_rate = 0.999
26 - INFO - chord#: 116 done. best_score=137.0, changed=615, unchanged=446, early_stops=8/8
26 - INFO - chord#: 120 In build_straw_man_chord_sa. tolerance = 1, sa_iterations = 1000, initial_temperature = 3.0, cooling_rate = 0.999
26 - INFO - chord#: 98 done. best_score=104.0, changed=612, unchanged=357, early_stops=8/8
26 - INFO - chord#: 100 In build_straw_man_chord_sa. tolerance = 1, sa_iterations = 1000, initial_temperature = 3.0, cooling_rate = 0.999
26 - INFO - chord#: 120 done. best_score=36.0, changed=518, unchanged=377, early_stops=8/8
26 - INFO - chord#: 122 In build_straw_man_chord_sa. tolerance = 1, sa_iterations = 1000, initial_temperature = 3.0, cooling_rate = 0.999
26 - INFO - chord#: 120 done. best_score=27.0, changed=516, unchanged=460, early_stops=8/8
26 - INFO - chord#: 122 In build_straw_man_chord_sa. tolerance = 1, sa_iterations = 1000, initial_temperature = 3.0, cooling_rate = 0.999
26 - INFO - chord#: 112 done. best_score=27.0, changed=520, unchanged=439, early_stops=8/8
26 - INFO - chord#: 116 In build_straw_man_chord_sa. tolerance = 1, sa_iterations = 1000, initial_temperature = 3.0, cooling_rate = 0.999
26 - INFO - chord#: 106 done. best_score=27.0, changed=521, unchanged=394, early_stops=8/8
26 - INFO - chord#: 108 In build_straw_man_chord_sa. tolerance = 1, sa_iterations = 1000, initial_temperature = 3.0, cooling_rate = 0.999
26 - INFO - chord#: 120 done. best_score=27.0, changed=514, unchanged=376, early_stops=8/8
26 - INFO - chord#: 122 In build_straw_man_chord_sa. tolerance = 1, sa_iterations = 1000, initial_temperature = 3.0, cooling_rate = 0.999
26 - INFO - chord#: 102 done. best_score=96.0, changed=616, unchanged=473, early_stops=8/8
26 - INFO - chord#: 104 In build_straw_man_chord_sa. tolerance = 1, sa_iterations = 1000, initial_temperature = 3.0, cooling_rate = 0.999
26 - INFO - chord#: 100 done. best_score=27.0, changed=527, unchanged=445, early_stops=8/8
26 - INFO - chord#: 102 In build_straw_man_chord_sa. tolerance = 1, sa_iterations = 1000, initial_temperature = 3.0, cooling_rate = 0.999
26 - INFO - chord#: 108 done. best_score=27.0, changed=534, unchanged=531, early_stops=8/8
26 - INFO - chord#: 110 In build_straw_man_chord_sa. tolerance = 1, sa_iterations = 1000, initial_temperature = 3.0, cooling_rate = 0.999
26 - INFO - chord#: 98 done. best_score=64.0, changed=615, unchanged=381, early_stops=8/8
26 - INFO - chord#: 100 In build_straw_man_chord_sa. tolerance = 1, sa_iterations = 1000, initial_temperature = 3.0, cooling_rate = 0.999
26 - INFO - chord#: 116 done. best_score=78.0, changed=608, unchanged=313, early_stops=8/8
26 - INFO - chord#: 120 In build_straw_man_chord_sa. tolerance = 1, sa_iterations = 1000, initial_temperature = 3.0, cooling_rate = 0.999
26 - INFO - chord#: 100 done. best_score=27.0, changed=525, unchanged=322, early_stops=8/8
26 - INFO - chord#: 102 In build_straw_man_chord_sa. tolerance = 1, sa_iterations = 1000, initial_temperature = 3.0, cooling_rate = 0.999
26 - INFO - chord#: 108 done. best_score=27.0, changed=524, unchanged=409, early_stops=8/8
26 - INFO - chord#: 110 In build_straw_man_chord_sa. tolerance = 1, sa_iterations = 1000, initial_temperature = 3.0, cooling_rate = 0.999
26 - INFO - chord#: 102 done. best_score=93.0, changed=611, unchanged=325, early_stops=8/8
26 - INFO - chord#: 104 In build_straw_man_chord_sa. tolerance = 1, sa_iterations = 1000, initial_temperature = 3.0, cooling_rate = 0.999
26 - INFO - chord#: 104 done. best_score=27.0, changed=538, unchanged=519, early_stops=8/8
26 - INFO - chord#: 106 In build_straw_man_chord_sa. tolerance = 1, sa_iterations = 1000, initial_temperature = 3.0, cooling_rate = 0.999
26 - INFO - chord#: 120 done. best_score=27.0, changed=539, unchanged=506, early_stops=8/8
26 - INFO - chord#: 122 In build_straw_man_chord_sa. tolerance = 1, sa_iterations = 1000, initial_temperature = 3.0, cooling_rate = 0.999
26 - INFO - chord#: 122 done. best_score=67.0, changed=613, unchanged=287, early_stops=8/8
26 - INFO - chord#: 100 done. best_score=27.0, changed=521, unchanged=382, early_stops=8/8
26 - INFO - chord#: 124 In build_straw_man_chord_sa. tolerance = 1, sa_iterations = 1000, initial_temperature = 3.0, cooling_rate = 0.999
26 - INFO - chord#: 102 In build_straw_man_chord_sa. tolerance = 1, sa_iterations = 1000, initial_temperature = 3.0, cooling_rate = 0.999
26 - INFO - chord#: 122 done. best_score=168.0, changed=613, unchanged=362, early_stops=8/8
26 - INFO - chord#: 124 In build_straw_man_chord_sa. tolerance = 1, sa_iterations = 1000, initial_temperature = 3.0, cooling_rate = 0.999
26 - INFO - chord#: 106 done. best_score=27.0, changed=522, unchanged=440, early_stops=8/8
26 - INFO - chord#: 108 In build_straw_man_chord_sa. tolerance = 1, sa_iterations = 1000, initial_temperature = 3.0, cooling_rate = 0.999
26 - INFO - chord#: 104 done. best_score=27.0, changed=523, unchanged=416, early_stops=8/8
26 - INFO - chord#: 106 In build_straw_man_chord_sa. tolerance = 1, sa_iterations = 1000, initial_temperature = 3.0, cooling_rate = 0.999
26 - INFO - chord#: 124 done. best_score=27.0, changed=528, unchanged=405, early_stops=8/8
26 - INFO - chord#: 128 In build_straw_man_chord_sa. tolerance = 1, sa_iterations = 1000, initial_temperature = 3.0, cooling_rate = 0.999
26 - INFO - chord#: 124 done. best_score=27.0, changed=528, unchanged=432, early_stops=8/8
26 - INFO - chord#: 128 In build_straw_man_chord_sa. tolerance = 1, sa_iterations = 1000, initial_temperature = 3.0, cooling_rate = 0.999
26 - INFO - chord#: 122 done. best_score=67.0, changed=612, unchanged=459, early_stops=8/8
26 - INFO - chord#: 124 In build_straw_man_chord_sa. tolerance = 1, sa_iterations = 1000, initial_temperature = 3.0, cooling_rate = 0.999
26 - INFO - chord#: 110 done. best_score=67.0, changed=615, unchanged=302, early_stops=8/8
26 - INFO - chord#: 112 In build_straw_man_chord_sa. tolerance = 1, sa_iterations = 1000, initial_temperature = 3.0, cooling_rate = 0.999
26 - INFO - chord#: 106 done. best_score=27.0, changed=526, unchanged=344, early_stops=8/8
26 - INFO - chord#: 108 In build_straw_man_chord_sa. tolerance = 1, sa_iterations = 1000, initial_temperature = 3.0, cooling_rate = 0.999
26 - INFO - chord#: 110 done. best_score=140.0, changed=611, unchanged=427, early_stops=8/8
26 - INFO - chord#: 112 In build_straw_man_chord_sa. tolerance = 1, sa_iterations = 1000, initial_temperature = 3.0, cooling_rate = 0.999
26 - INFO - chord#: 116 done. best_score=101.0, changed=622, unchanged=541, early_stops=8/8
26 - INFO - chord#: 120 In build_straw_man_chord_sa. tolerance = 1, sa_iterations = 1000, initial_temperature = 3.0, cooling_rate = 0.999
26 - INFO - chord#: 128 done. best_score=36.0, changed=518, unchanged=319, early_stops=8/8
26 - INFO - chord#: 132 In build_straw_man_chord_sa. tolerance = 1, sa_iterations = 1000, initial_temperature = 3.0, cooling_rate = 0.999
26 - INFO - chord#: 102 done. best_score=94.0, changed=613, unchanged=351, early_stops=8/8
26 - INFO - chord#: 104 In build_straw_man_chord_sa. tolerance = 1, sa_iterations = 1000, initial_temperature = 3.0, cooling_rate = 0.999
26 - INFO - chord#: 102 done. best_score=94.0, changed=612, unchanged=386, early_stops=8/8
26 - INFO - chord#: 104 In build_straw_man_chord_sa. tolerance = 1, sa_iterations = 1000, initial_temperature = 3.0, cooling_rate = 0.999
26 - INFO - chord#: 122 done. best_score=96.0, changed=610, unchanged=299, early_stops=8/8
26 - INFO - chord#: 124 In build_straw_man_chord_sa. tolerance = 1, sa_iterations = 1000, initial_temperature = 3.0, cooling_rate = 0.999
26 - INFO - chord#: 128 done. best_score=36.0, changed=527, unchanged=342, early_stops=8/8
26 - INFO - chord#: 132 In build_straw_man_chord_sa. tolerance = 1, sa_iterations = 1000, initial_temperature = 3.0, cooling_rate = 0.999
26 - INFO - chord#: 124 done. best_score=27.0, changed=522, unchanged=358, early_stops=8/8
26 - INFO - chord#: 128 In build_straw_man_chord_sa. tolerance = 1, sa_iterations = 1000, initial_temperature = 3.0, cooling_rate = 0.999
26 - INFO - chord#: 108 done. best_score=27.0, changed=522, unchanged=489, early_stops=8/8
26 - INFO - chord#: 110 In build_straw_man_chord_sa. tolerance = 1, sa_iterations = 1000, initial_temperature = 3.0, cooling_rate = 0.999
26 - INFO - chord#: 108 done. best_score=27.0, changed=519, unchanged=325, early_stops=8/8
26 - INFO - chord#: 110 In build_straw_man_chord_sa. tolerance = 1, sa_iterations = 1000, initial_temperature = 3.0, cooling_rate = 0.999
26 - INFO - chord#: 128 done. best_score=36.0, changed=514, unchanged=326, early_stops=8/8
26 - INFO - chord#: 132 In build_straw_man_chord_sa. tolerance = 1, sa_iterations = 1000, initial_temperature = 3.0, cooling_rate = 0.999
26 - INFO - chord#: 124 done. best_score=27.0, changed=518, unchanged=390, early_stops=8/8
26 - INFO - chord#: 128 In build_straw_man_chord_sa. tolerance = 1, sa_iterations = 1000, initial_temperature = 3.0, cooling_rate = 0.999
26 - INFO - chord#: 112 done. best_score=27.0, changed=530, unchanged=420, early_stops=8/8
26 - INFO - chord#: 116 In build_straw_man_chord_sa. tolerance = 1, sa_iterations = 1000, initial_temperature = 3.0, cooling_rate = 0.999
26 - INFO - chord#: 132 done. best_score=27.0, changed=529, unchanged=523, early_stops=8/8
26 - INFO - chord#: 134 In build_straw_man_chord_sa. tolerance = 1, sa_iterations = 1000, initial_temperature = 3.0, cooling_rate = 0.999
26 - INFO - chord#: 132 done. best_score=27.0, changed=522, unchanged=485, early_stops=8/8
26 - INFO - chord#: 112 done. best_score=27.0, changed=531, unchanged=551, early_stops=8/8
26 - INFO - chord#: 134 In build_straw_man_chord_sa. tolerance = 1, sa_iterations = 1000, initial_temperature = 3.0, cooling_rate = 0.999
26 - INFO - chord#: 116 In build_straw_man_chord_sa. tolerance = 1, sa_iterations = 1000, initial_temperature = 3.0, cooling_rate = 0.999
26 - INFO - chord#: 102 done. best_score=93.0, changed=610, unchanged=378, early_stops=8/8
26 - INFO - chord#: 104 In build_straw_man_chord_sa. tolerance = 1, sa_iterations = 1000, initial_temperature = 3.0, cooling_rate = 0.999
26 - INFO - chord#: 104 done. best_score=27.0, changed=516, unchanged=389, early_stops=8/8
26 - INFO - chord#: 106 In build_straw_man_chord_sa. tolerance = 1, sa_iterations = 1000, initial_temperature = 3.0, cooling_rate = 0.999
26 - INFO - chord#: 104 done. best_score=27.0, changed=518, unchanged=443, early_stops=8/8
26 - INFO - chord#: 106 In build_straw_man_chord_sa. tolerance = 1, sa_iterations = 1000, initial_temperature = 3.0, cooling_rate = 0.999
26 - INFO - chord#: 120 done. best_score=27.0, changed=530, unchanged=433, early_stops=8/8
26 - INFO - chord#: 122 In build_straw_man_chord_sa. tolerance = 1, sa_iterations = 1000, initial_temperature = 3.0, cooling_rate = 0.999
26 - INFO - chord#: 132 done. best_score=27.0, changed=517, unchanged=464, early_stops=8/8
26 - INFO - chord#: 134 In build_straw_man_chord_sa. tolerance = 1, sa_iterations = 1000, initial_temperature = 3.0, cooling_rate = 0.999
26 - INFO - chord#: 128 done. best_score=36.0, changed=530, unchanged=436, early_stops=8/8
26 - INFO - chord#: 132 In build_straw_man_chord_sa. tolerance = 1, sa_iterations = 1000, initial_temperature = 3.0, cooling_rate = 0.999
26 - INFO - chord#: 106 done. best_score=27.0, changed=521, unchanged=330, early_stops=8/8
26 - INFO - chord#: 108 In build_straw_man_chord_sa. tolerance = 1, sa_iterations = 1000, initial_temperature = 3.0, cooling_rate = 0.999
26 - INFO - chord#: 104 done. best_score=27.0, changed=520, unchanged=404, early_stops=8/8
26 - INFO - chord#: 106 In build_straw_man_chord_sa. tolerance = 1, sa_iterations = 1000, initial_temperature = 3.0, cooling_rate = 0.999
26 - INFO - chord#: 106 done. best_score=27.0, changed=528, unchanged=434, early_stops=8/8
26 - INFO - chord#: 108 In build_straw_man_chord_sa. tolerance = 1, sa_iterations = 1000, initial_temperature = 3.0, cooling_rate = 0.999
26 - INFO - chord#: 110 done. best_score=67.0, changed=612, unchanged=265, early_stops=8/8
26 - INFO - chord#: 112 In build_straw_man_chord_sa. tolerance = 1, sa_iterations = 1000, initial_temperature = 3.0, cooling_rate = 0.999
26 - INFO - chord#: 132 done. best_score=27.0, changed=524, unchanged=405, early_stops=8/8
26 - INFO - chord#: 134 In build_straw_man_chord_sa. tolerance = 1, sa_iterations = 1000, initial_temperature = 3.0, cooling_rate = 0.999
26 - INFO - chord#: 108 done. best_score=27.0, changed=524, unchanged=561, early_stops=8/8
26 - INFO - chord#: 110 done. best_score=137.0, changed=610, unchanged=415, early_stops=8/8
26 - INFO - chord#: 110 In build_straw_man_chord_sa. tolerance = 1, sa_iterations = 1000, initial_temperature = 3.0, cooling_rate = 0.999
26 - INFO - chord#: 112 In build_straw_man_chord_sa. tolerance = 1, sa_iterations = 1000, initial_temperature = 3.0, cooling_rate = 0.999
26 - INFO - chord#: 116 done. best_score=137.0, changed=612, unchanged=380, early_stops=8/8
26 - INFO - chord#: 120 In build_straw_man_chord_sa. tolerance = 1, sa_iterations = 1000, initial_temperature = 3.0, cooling_rate = 0.999
26 - INFO - chord#: 134 done. best_score=82.0, changed=610, unchanged=399, early_stops=8/8
26 - INFO - chord#: 136 In build_straw_man_chord_sa. tolerance = 1, sa_iterations = 1000, initial_temperature = 3.0, cooling_rate = 0.999
26 - INFO - chord#: 106 done. best_score=27.0, changed=526, unchanged=314, early_stops=8/8
26 - INFO - chord#: 108 In build_straw_man_chord_sa. tolerance = 1, sa_iterations = 1000, initial_temperature = 3.0, cooling_rate = 0.999
26 - INFO - chord#: 134 done. best_score=82.0, changed=612, unchanged=444, early_stops=8/8
26 - INFO - chord#: 136 In build_straw_man_chord_sa. tolerance = 1, sa_iterations = 1000, initial_temperature = 3.0, cooling_rate = 0.999
26 - INFO - chord#: 112 done. best_score=27.0, changed=526, unchanged=412, early_stops=8/8
26 - INFO - chord#: 116 In build_straw_man_chord_sa. tolerance = 1, sa_iterations = 1000, initial_temperature = 3.0, cooling_rate = 0.999
26 - INFO - chord#: 108 done. best_score=27.0, changed=519, unchanged=549, early_stops=8/8
26 - INFO - chord#: 110 In build_straw_man_chord_sa. tolerance = 1, sa_iterations = 1000, initial_temperature = 3.0, cooling_rate = 0.999
26 - INFO - chord#: 134 done. best_score=82.0, changed=606, unchanged=338, early_stops=8/8
26 - INFO - chord#: 136 In build_straw_man_chord_sa. tolerance = 1, sa_iterations = 1000, initial_temperature = 3.0, cooling_rate = 0.999
26 - INFO - chord#: 116 done. best_score=78.0, changed=612, unchanged=401, early_stops=8/8
26 - INFO - chord#: 120 In build_straw_man_chord_sa. tolerance = 1, sa_iterations = 1000, initial_temperature = 3.0, cooling_rate = 0.999
26 - INFO - chord#: 136 done. best_score=27.0, changed=524, unchanged=456, early_stops=8/8
26 - INFO - chord#: 138 In build_straw_man_chord_sa. tolerance = 1, sa_iterations = 1000, initial_temperature = 3.0, cooling_rate = 0.999
26 - INFO - chord#: 136 done. best_score=27.0, changed=529, unchanged=442, early_stops=8/8
26 - INFO - chord#: 138 In build_straw_man_chord_sa. tolerance = 1, sa_iterations = 1000, initial_temperature = 3.0, cooling_rate = 0.999
26 - INFO - chord#: 120 done. best_score=27.0, changed=518, unchanged=550, early_stops=8/8
26 - INFO - chord#: 122 In build_straw_man_chord_sa. tolerance = 1, sa_iterations = 1000, initial_temperature = 3.0, cooling_rate = 0.999
26 - INFO - chord#: 122 done. best_score=137.0, changed=618, unchanged=464, early_stops=8/8
26 - INFO - chord#: 124 In build_straw_man_chord_sa. tolerance = 1, sa_iterations = 1000, initial_temperature = 3.0, cooling_rate = 0.999
26 - INFO - chord#: 108 done. best_score=27.0, changed=516, unchanged=456, early_stops=8/8
26 - INFO - chord#: 110 In build_straw_man_chord_sa. tolerance = 1, sa_iterations = 1000, initial_temperature = 3.0, cooling_rate = 0.999
26 - INFO - chord#: 112 done. best_score=27.0, changed=529, unchanged=420, early_stops=8/8
26 - INFO - chord#: 116 In build_straw_man_chord_sa. tolerance = 1, sa_iterations = 1000, initial_temperature = 3.0, cooling_rate = 0.999
26 - INFO - chord#: 136 done. best_score=27.0, changed=520, unchanged=405, early_stops=8/8
26 - INFO - chord#: 138 In build_straw_man_chord_sa. tolerance = 1, sa_iterations = 1000, initial_temperature = 3.0, cooling_rate = 0.999
26 - INFO - chord#: 134 done. best_score=82.0, changed=614, unchanged=312, early_stops=8/8
26 - INFO - chord#: 136 In build_straw_man_chord_sa. tolerance = 1, sa_iterations = 1000, initial_temperature = 3.0, cooling_rate = 0.999
26 - INFO - chord#: 120 done. best_score=27.0, changed=513, unchanged=393, early_stops=8/8
26 - INFO - chord#: 122 In build_straw_man_chord_sa. tolerance = 1, sa_iterations = 1000, initial_temperature = 3.0, cooling_rate = 0.999
26 - INFO - chord#: 138 done. best_score=36.0, changed=525, unchanged=376, early_stops=8/8
26 - INFO - chord#: 140 In build_straw_man_chord_sa. tolerance = 1, sa_iterations = 1000, initial_temperature = 3.0, cooling_rate = 0.999
26 - INFO - chord#: 138 done. best_score=36.0, changed=526, unchanged=453, early_stops=8/8
26 - INFO - chord#: 140 In build_straw_man_chord_sa. tolerance = 1, sa_iterations = 1000, initial_temperature = 3.0, cooling_rate = 0.999
26 - INFO - chord#: 124 done. best_score=27.0, changed=525, unchanged=390, early_stops=8/8
26 - INFO - chord#: 128 In build_straw_man_chord_sa. tolerance = 1, sa_iterations = 1000, initial_temperature = 3.0, cooling_rate = 0.999
26 - INFO - chord#: 116 done. best_score=96.0, changed=613, unchanged=361, early_stops=8/8
26 - INFO - chord#: 120 In build_straw_man_chord_sa. tolerance = 1, sa_iterations = 1000, initial_temperature = 3.0, cooling_rate = 0.999
26 - INFO - chord#: 138 done. best_score=36.0, changed=530, unchanged=475, early_stops=8/8
26 - INFO - chord#: 140 In build_straw_man_chord_sa. tolerance = 1, sa_iterations = 1000, initial_temperature = 3.0, cooling_rate = 0.999
26 - INFO - chord#: 136 done. best_score=27.0, changed=522, unchanged=356, early_stops=8/8
26 - INFO - chord#: 138 In build_straw_man_chord_sa. tolerance = 1, sa_iterations = 1000, initial_temperature = 3.0, cooling_rate = 0.999
26 - INFO - chord#: 140 done. best_score=27.0, changed=525, unchanged=432, early_stops=8/8
26 - INFO - chord#: 142 In build_straw_man_chord_sa. tolerance = 1, sa_iterations = 1000, initial_temperature = 3.0, cooling_rate = 0.999
26 - INFO - chord#: 140 done. best_score=27.0, changed=525, unchanged=432, early_stops=8/8
26 - INFO - chord#: 142 In build_straw_man_chord_sa. tolerance = 1, sa_iterations = 1000, initial_temperature = 3.0, cooling_rate = 0.999
26 - INFO - chord#: 110 done. best_score=67.0, changed=617, unchanged=482, early_stops=8/8
26 - INFO - chord#: 112 In build_straw_man_chord_sa. tolerance = 1, sa_iterations = 1000, initial_temperature = 3.0, cooling_rate = 0.999
26 - INFO - chord#: 122 done. best_score=67.0, changed=614, unchanged=358, early_stops=8/8
26 - INFO - chord#: 124 In build_straw_man_chord_sa. tolerance = 1, sa_iterations = 1000, initial_temperature = 3.0, cooling_rate = 0.999
26 - INFO - chord#: 110 done. best_score=67.0, changed=611, unchanged=443, early_stops=8/8
26 - INFO - chord#: 112 In build_straw_man_chord_sa. tolerance = 1, sa_iterations = 1000, initial_temperature = 3.0, cooling_rate = 0.999
26 - INFO - chord#: 110 done. best_score=67.0, changed=603, unchanged=247, early_stops=8/8
26 - INFO - chord#: 112 In build_straw_man_chord_sa. tolerance = 1, sa_iterations = 1000, initial_temperature = 3.0, cooling_rate = 0.999
26 - INFO - chord#: 128 done. best_score=36.0, changed=526, unchanged=453, early_stops=8/8
26 - INFO - chord#: 132 In build_straw_man_chord_sa. tolerance = 1, sa_iterations = 1000, initial_temperature = 3.0, cooling_rate = 0.999
26 - INFO - chord#: 140 done. best_score=27.0, changed=521, unchanged=456, early_stops=8/8
26 - INFO - chord#: 142 In build_straw_man_chord_sa. tolerance = 1, sa_iterations = 1000, initial_temperature = 3.0, cooling_rate = 0.999
26 - INFO - chord#: 138 done. best_score=36.0, changed=518, unchanged=343, early_stops=8/8
26 - INFO - chord#: 140 In build_straw_man_chord_sa. tolerance = 1, sa_iterations = 1000, initial_temperature = 3.0, cooling_rate = 0.999
26 - INFO - chord#: 120 done. best_score=27.0, changed=520, unchanged=517, early_stops=8/8
26 - INFO - chord#: 122 In build_straw_man_chord_sa. tolerance = 1, sa_iterations = 1000, initial_temperature = 3.0, cooling_rate = 0.999
26 - INFO - chord#: 116 done. best_score=101.0, changed=610, unchanged=381, early_stops=8/8
26 - INFO - chord#: 120 In build_straw_man_chord_sa. tolerance = 1, sa_iterations = 1000, initial_temperature = 3.0, cooling_rate = 0.999
26 - INFO - chord#: 124 done. best_score=27.0, changed=523, unchanged=412, early_stops=8/8
26 - INFO - chord#: 128 In build_straw_man_chord_sa. tolerance = 1, sa_iterations = 1000, initial_temperature = 3.0, cooling_rate = 0.999
26 - INFO - chord#: 122 done. best_score=67.0, changed=610, unchanged=266, early_stops=8/8
26 - INFO - chord#: 124 In build_straw_man_chord_sa. tolerance = 1, sa_iterations = 1000, initial_temperature = 3.0, cooling_rate = 0.999
26 - INFO - chord#: 112 done. best_score=27.0, changed=525, unchanged=472, early_stops=8/8
26 - INFO - chord#: 116 In build_straw_man_chord_sa. tolerance = 1, sa_iterations = 1000, initial_temperature = 3.0, cooling_rate = 0.999
26 - INFO - chord#: 140 done. best_score=27.0, changed=521, unchanged=324, early_stops=8/8
26 - INFO - chord#: 142 In build_straw_man_chord_sa. tolerance = 1, sa_iterations = 1000, initial_temperature = 3.0, cooling_rate = 0.999
26 - INFO - chord#: 112 done. best_score=27.0, changed=525, unchanged=443, early_stops=8/8
26 - INFO - chord#: 116 In build_straw_man_chord_sa. tolerance = 1, sa_iterations = 1000, initial_temperature = 3.0, cooling_rate = 0.999
26 - INFO - chord#: 112 done. best_score=27.0, changed=510, unchanged=455, early_stops=8/8
26 - INFO - chord#: 116 In build_straw_man_chord_sa. tolerance = 1, sa_iterations = 1000, initial_temperature = 3.0, cooling_rate = 0.999
26 - INFO - chord#: 132 done. best_score=27.0, changed=524, unchanged=438, early_stops=8/8
26 - INFO - chord#: 134 In build_straw_man_chord_sa. tolerance = 1, sa_iterations = 1000, initial_temperature = 3.0, cooling_rate = 0.999
26 - INFO - chord#: 142 done. best_score=64.0, changed=611, unchanged=347, early_stops=8/8
26 - INFO - chord#: 144 In build_straw_man_chord_sa. tolerance = 1, sa_iterations = 1000, initial_temperature = 3.0, cooling_rate = 0.999
26 - INFO - chord#: 142 done. best_score=64.0, changed=612, unchanged=348, early_stops=8/8
26 - INFO - chord#: 144 In build_straw_man_chord_sa. tolerance = 1, sa_iterations = 1000, initial_temperature = 3.0, cooling_rate = 0.999
26 - INFO - chord#: 128 done. best_score=36.0, changed=519, unchanged=365, early_stops=8/8
26 - INFO - chord#: 132 In build_straw_man_chord_sa. tolerance = 1, sa_iterations = 1000, initial_temperature = 3.0, cooling_rate = 0.999
26 - INFO - chord#: 142 done. best_score=71.0, changed=612, unchanged=255, early_stops=8/8
26 - INFO - chord#: 144 In build_straw_man_chord_sa. tolerance = 1, sa_iterations = 1000, initial_temperature = 3.0, cooling_rate = 0.999
26 - INFO - chord#: 124 done. best_score=27.0, changed=525, unchanged=411, early_stops=8/8
26 - INFO - chord#: 128 In build_straw_man_chord_sa. tolerance = 1, sa_iterations = 1000, initial_temperature = 3.0, cooling_rate = 0.999
26 - INFO - chord#: 120 done. best_score=27.0, changed=521, unchanged=543, early_stops=8/8
26 - INFO - chord#: 122 In build_straw_man_chord_sa. tolerance = 1, sa_iterations = 1000, initial_temperature = 3.0, cooling_rate = 0.999
26 - INFO - chord#: 144 done. best_score=27.0, changed=522, unchanged=382, early_stops=8/8
26 - INFO - chord#: 146 In build_straw_man_chord_sa. tolerance = 1, sa_iterations = 1000, initial_temperature = 3.0, cooling_rate = 0.999
26 - INFO - chord#: 122 done. best_score=137.0, changed=613, unchanged=349, early_stops=8/8
26 - INFO - chord#: 124 In build_straw_man_chord_sa. tolerance = 1, sa_iterations = 1000, initial_temperature = 3.0, cooling_rate = 0.999
26 - INFO - chord#: 144 done. best_score=27.0, changed=525, unchanged=390, early_stops=8/8
26 - INFO - chord#: 146 In build_straw_man_chord_sa. tolerance = 1, sa_iterations = 1000, initial_temperature = 3.0, cooling_rate = 0.999
26 - INFO - chord#: 132 done. best_score=27.0, changed=520, unchanged=454, early_stops=8/8
26 - INFO - chord#: 134 In build_straw_man_chord_sa. tolerance = 1, sa_iterations = 1000, initial_temperature = 3.0, cooling_rate = 0.999
26 - INFO - chord#: 144 done. best_score=27.0, changed=518, unchanged=376, early_stops=8/8
26 - INFO - chord#: 146 In build_straw_man_chord_sa. tolerance = 1, sa_iterations = 1000, initial_temperature = 3.0, cooling_rate = 0.999
26 - INFO - chord#: 142 done. best_score=64.0, changed=616, unchanged=342, early_stops=8/8
26 - INFO - chord#: 144 In build_straw_man_chord_sa. tolerance = 1, sa_iterations = 1000, initial_temperature = 3.0, cooling_rate = 0.999
26 - INFO - chord#: 146 done. best_score=27.0, changed=514, unchanged=321, early_stops=8/8
26 - INFO - chord#: 148 In build_straw_man_chord_sa. tolerance = 1, sa_iterations = 1000, initial_temperature = 3.0, cooling_rate = 0.999
26 - INFO - chord#: 128 done. best_score=36.0, changed=516, unchanged=424, early_stops=8/8
26 - INFO - chord#: 132 In build_straw_man_chord_sa. tolerance = 1, sa_iterations = 1000, initial_temperature = 3.0, cooling_rate = 0.999
26 - INFO - chord#: 124 done. best_score=27.0, changed=527, unchanged=396, early_stops=8/8
26 - INFO - chord#: 128 In build_straw_man_chord_sa. tolerance = 1, sa_iterations = 1000, initial_temperature = 3.0, cooling_rate = 0.999
26 - INFO - chord#: 146 done. best_score=27.0, changed=520, unchanged=411, early_stops=8/8
26 - INFO - chord#: 148 In build_straw_man_chord_sa. tolerance = 1, sa_iterations = 1000, initial_temperature = 3.0, cooling_rate = 0.999
26 - INFO - chord#: 116 done. best_score=137.0, changed=610, unchanged=219, early_stops=8/8
26 - INFO - chord#: 120 In build_straw_man_chord_sa. tolerance = 1, sa_iterations = 1000, initial_temperature = 3.0, cooling_rate = 0.999
26 - INFO - chord#: 146 done. best_score=27.0, changed=527, unchanged=459, early_stops=8/8
26 - INFO - chord#: 148 In build_straw_man_chord_sa. tolerance = 1, sa_iterations = 1000, initial_temperature = 3.0, cooling_rate = 0.999
26 - INFO - chord#: 134 done. best_score=82.0, changed=612, unchanged=258, early_stops=8/8
26 - INFO - chord#: 136 In build_straw_man_chord_sa. tolerance = 1, sa_iterations = 1000, initial_temperature = 3.0, cooling_rate = 0.999
26 - INFO - chord#: 116 done. best_score=78.0, changed=614, unchanged=356, early_stops=8/8
26 - INFO - chord#: 120 In build_straw_man_chord_sa. tolerance = 1, sa_iterations = 1000, initial_temperature = 3.0, cooling_rate = 0.999
26 - INFO - chord#: 144 done. best_score=27.0, changed=521, unchanged=396, early_stops=8/8
26 - INFO - chord#: 146 In build_straw_man_chord_sa. tolerance = 1, sa_iterations = 1000, initial_temperature = 3.0, cooling_rate = 0.999
26 - INFO - chord#: 116 done. best_score=78.0, changed=612, unchanged=395, early_stops=8/8
26 - INFO - chord#: 120 In build_straw_man_chord_sa. tolerance = 1, sa_iterations = 1000, initial_temperature = 3.0, cooling_rate = 0.999
26 - INFO - chord#: 132 done. best_score=27.0, changed=516, unchanged=463, early_stops=8/8
26 - INFO - chord#: 134 In build_straw_man_chord_sa. tolerance = 1, sa_iterations = 1000, initial_temperature = 3.0, cooling_rate = 0.999
26 - INFO - chord#: 128 done. best_score=36.0, changed=528, unchanged=536, early_stops=8/8
26 - INFO - chord#: 132 In build_straw_man_chord_sa. tolerance = 1, sa_iterations = 1000, initial_temperature = 3.0, cooling_rate = 0.999
26 - INFO - chord#: 120 done. best_score=27.0, changed=517, unchanged=330, early_stops=8/8
26 - INFO - chord#: 122 In build_straw_man_chord_sa. tolerance = 1, sa_iterations = 1000, initial_temperature = 3.0, cooling_rate = 0.999
26 - INFO - chord#: 146 done. best_score=27.0, changed=514, unchanged=312, early_stops=8/8
26 - INFO - chord#: 148 In build_straw_man_chord_sa. tolerance = 1, sa_iterations = 1000, initial_temperature = 3.0, cooling_rate = 0.999
26 - INFO - chord#: 134 done. best_score=82.0, changed=611, unchanged=327, early_stops=8/8
26 - INFO - chord#: 136 In build_straw_man_chord_sa. tolerance = 1, sa_iterations = 1000, initial_temperature = 3.0, cooling_rate = 0.999
26 - INFO - chord#: 122 done. best_score=67.0, changed=612, unchanged=324, early_stops=8/8
26 - INFO - chord#: 124 In build_straw_man_chord_sa. tolerance = 1, sa_iterations = 1000, initial_temperature = 3.0, cooling_rate = 0.999
26 - INFO - chord#: 136 done. best_score=27.0, changed=520, unchanged=391, early_stops=8/8
26 - INFO - chord#: 138 In build_straw_man_chord_sa. tolerance = 1, sa_iterations = 1000, initial_temperature = 3.0, cooling_rate = 0.999
26 - INFO - chord#: 120 done. best_score=27.0, changed=522, unchanged=433, early_stops=8/8
26 - INFO - chord#: 122 In build_straw_man_chord_sa. tolerance = 1, sa_iterations = 1000, initial_temperature = 3.0, cooling_rate = 0.999
26 - INFO - chord#: 120 done. best_score=27.0, changed=514, unchanged=340, early_stops=8/8
26 - INFO - chord#: 122 In build_straw_man_chord_sa. tolerance = 1, sa_iterations = 1000, initial_temperature = 3.0, cooling_rate = 0.999
26 - INFO - chord#: 132 done. best_score=27.0, changed=531, unchanged=438, early_stops=8/8
26 - INFO - chord#: 134 In build_straw_man_chord_sa. tolerance = 1, sa_iterations = 1000, initial_temperature = 3.0, cooling_rate = 0.999
26 - INFO - chord#: 148 done. best_score=67.0, changed=613, unchanged=281, early_stops=8/8
26 - INFO - chord#: 152 In build_straw_man_chord_sa. tolerance = 1, sa_iterations = 1000, initial_temperature = 3.0, cooling_rate = 0.999
26 - INFO - chord#: 136 done. best_score=27.0, changed=518, unchanged=376, early_stops=8/8
26 - INFO - chord#: 138 In build_straw_man_chord_sa. tolerance = 1, sa_iterations = 1000, initial_temperature = 3.0, cooling_rate = 0.999
26 - INFO - chord#: 148 done. best_score=140.0, changed=614, unchanged=528, early_stops=8/8
26 - INFO - chord#: 152 In build_straw_man_chord_sa. tolerance = 1, sa_iterations = 1000, initial_temperature = 3.0, cooling_rate = 0.999
26 - INFO - chord#: 124 done. best_score=27.0, changed=528, unchanged=382, early_stops=8/8
26 - INFO - chord#: 128 In build_straw_man_chord_sa. tolerance = 1, sa_iterations = 1000, initial_temperature = 3.0, cooling_rate = 0.999
26 - INFO - chord#: 148 done. best_score=67.0, changed=612, unchanged=336, early_stops=8/8
26 - INFO - chord#: 152 In build_straw_man_chord_sa. tolerance = 1, sa_iterations = 1000, initial_temperature = 3.0, cooling_rate = 0.999
26 - INFO - chord#: 138 done. best_score=36.0, changed=522, unchanged=336, early_stops=8/8
26 - INFO - chord#: 140 In build_straw_man_chord_sa. tolerance = 1, sa_iterations = 1000, initial_temperature = 3.0, cooling_rate = 0.999
26 - INFO - chord#: 152 done. best_score=27.0, changed=518, unchanged=414, early_stops=8/8
26 - INFO - chord#: 154 In build_straw_man_chord_sa. tolerance = 1, sa_iterations = 1000, initial_temperature = 3.0, cooling_rate = 0.999
26 - INFO - chord#: 138 done. best_score=36.0, changed=526, unchanged=334, early_stops=8/8
26 - INFO - chord#: 140 In build_straw_man_chord_sa. tolerance = 1, sa_iterations = 1000, initial_temperature = 3.0, cooling_rate = 0.999
26 - INFO - chord#: 134 done. best_score=82.0, changed=610, unchanged=230, early_stops=8/8
26 - INFO - chord#: 136 In build_straw_man_chord_sa. tolerance = 1, sa_iterations = 1000, initial_temperature = 3.0, cooling_rate = 0.999
26 - INFO - chord#: 148 done. best_score=67.0, changed=607, unchanged=321, early_stops=8/8
26 - INFO - chord#: 152 In build_straw_man_chord_sa. tolerance = 1, sa_iterations = 1000, initial_temperature = 3.0, cooling_rate = 0.999
26 - INFO - chord#: 152 done. best_score=27.0, changed=535, unchanged=532, early_stops=8/8
26 - INFO - chord#: 154 In build_straw_man_chord_sa. tolerance = 1, sa_iterations = 1000, initial_temperature = 3.0, cooling_rate = 0.999
26 - INFO - chord#: 128 done. best_score=36.0, changed=520, unchanged=395, early_stops=8/8
26 - INFO - chord#: 132 In build_straw_man_chord_sa. tolerance = 1, sa_iterations = 1000, initial_temperature = 3.0, cooling_rate = 0.999
26 - INFO - chord#: 122 done. best_score=67.0, changed=605, unchanged=223, early_stops=8/8
26 - INFO - chord#: 124 In build_straw_man_chord_sa. tolerance = 1, sa_iterations = 1000, initial_temperature = 3.0, cooling_rate = 0.999
26 - INFO - chord#: 152 done. best_score=27.0, changed=518, unchanged=499, early_stops=8/8
26 - INFO - chord#: 154 In build_straw_man_chord_sa. tolerance = 1, sa_iterations = 1000, initial_temperature = 3.0, cooling_rate = 0.999
26 - INFO - chord#: 134 done. best_score=82.0, changed=613, unchanged=396, early_stops=8/8
26 - INFO - chord#: 136 In build_straw_man_chord_sa. tolerance = 1, sa_iterations = 1000, initial_temperature = 3.0, cooling_rate = 0.999
26 - INFO - chord#: 140 done. best_score=27.0, changed=522, unchanged=465, early_stops=8/8
26 - INFO - chord#: 142 In build_straw_man_chord_sa. tolerance = 1, sa_iterations = 1000, initial_temperature = 3.0, cooling_rate = 0.999
26 - INFO - chord#: 140 done. best_score=27.0, changed=522, unchanged=454, early_stops=8/8
26 - INFO - chord#: 142 In build_straw_man_chord_sa. tolerance = 1, sa_iterations = 1000, initial_temperature = 3.0, cooling_rate = 0.999
26 - INFO - chord#: 152 done. best_score=27.0, changed=516, unchanged=335, early_stops=8/8
26 - INFO - chord#: 154 In build_straw_man_chord_sa. tolerance = 1, sa_iterations = 1000, initial_temperature = 3.0, cooling_rate = 0.999
26 - INFO - chord#: 122 done. best_score=67.0, changed=613, unchanged=326, early_stops=8/8
26 - INFO - chord#: 124 In build_straw_man_chord_sa. tolerance = 1, sa_iterations = 1000, initial_temperature = 3.0, cooling_rate = 0.999
26 - INFO - chord#: 122 done. best_score=145.0, changed=611, unchanged=349, early_stops=8/8
26 - INFO - chord#: 124 In build_straw_man_chord_sa. tolerance = 1, sa_iterations = 1000, initial_temperature = 3.0, cooling_rate = 0.999
26 - INFO - chord#: 136 done. best_score=27.0, changed=522, unchanged=447, early_stops=8/8
26 - INFO - chord#: 138 In build_straw_man_chord_sa. tolerance = 1, sa_iterations = 1000, initial_temperature = 3.0, cooling_rate = 0.999
26 - INFO - chord#: 124 done. best_score=27.0, changed=526, unchanged=491, early_stops=8/8
26 - INFO - chord#: 128 In build_straw_man_chord_sa. tolerance = 1, sa_iterations = 1000, initial_temperature = 3.0, cooling_rate = 0.999
26 - INFO - chord#: 132 done. best_score=27.0, changed=515, unchanged=402, early_stops=8/8
26 - INFO - chord#: 134 In build_straw_man_chord_sa. tolerance = 1, sa_iterations = 1000, initial_temperature = 3.0, cooling_rate = 0.999
26 - INFO - chord#: 136 done. best_score=27.0, changed=525, unchanged=441, early_stops=8/8
26 - INFO - chord#: 138 In build_straw_man_chord_sa. tolerance = 1, sa_iterations = 1000, initial_temperature = 3.0, cooling_rate = 0.999
26 - INFO - chord#: 154 done. best_score=67.0, changed=611, unchanged=324, early_stops=8/8
26 - INFO - chord#: 156 In build_straw_man_chord_sa. tolerance = 1, sa_iterations = 1000, initial_temperature = 3.0, cooling_rate = 0.999
26 - INFO - chord#: 154 done. best_score=67.0, changed=610, unchanged=221, early_stops=8/8
26 - INFO - chord#: 156 In build_straw_man_chord_sa. tolerance = 1, sa_iterations = 1000, initial_temperature = 3.0, cooling_rate = 0.999
26 - INFO - chord#: 124 done. best_score=27.0, changed=524, unchanged=365, early_stops=8/8
26 - INFO - chord#: 128 In build_straw_man_chord_sa. tolerance = 1, sa_iterations = 1000, initial_temperature = 3.0, cooling_rate = 0.999
26 - INFO - chord#: 154 done. best_score=96.0, changed=608, unchanged=276, early_stops=8/8
26 - INFO - chord#: 156 In build_straw_man_chord_sa. tolerance = 1, sa_iterations = 1000, initial_temperature = 3.0, cooling_rate = 0.999
26 - INFO - chord#: 124 done. best_score=27.0, changed=523, unchanged=447, early_stops=8/8
26 - INFO - chord#: 128 In build_straw_man_chord_sa. tolerance = 1, sa_iterations = 1000, initial_temperature = 3.0, cooling_rate = 0.999
26 - INFO - chord#: 138 done. best_score=36.0, changed=522, unchanged=347, early_stops=8/8
26 - INFO - chord#: 140 In build_straw_man_chord_sa. tolerance = 1, sa_iterations = 1000, initial_temperature = 3.0, cooling_rate = 0.999
26 - INFO - chord#: 128 done. best_score=36.0, changed=514, unchanged=311, early_stops=8/8
26 - INFO - chord#: 132 In build_straw_man_chord_sa. tolerance = 1, sa_iterations = 1000, initial_temperature = 3.0, cooling_rate = 0.999
26 - INFO - chord#: 142 done. best_score=104.0, changed=620, unchanged=265, early_stops=8/8
26 - INFO - chord#: 144 In build_straw_man_chord_sa. tolerance = 1, sa_iterations = 1000, initial_temperature = 3.0, cooling_rate = 0.999
26 - INFO - chord#: 138 done. best_score=36.0, changed=517, unchanged=427, early_stops=8/8
26 - INFO - chord#: 140 In build_straw_man_chord_sa. tolerance = 1, sa_iterations = 1000, initial_temperature = 3.0, cooling_rate = 0.999
26 - INFO - chord#: 156 done. best_score=27.0, changed=521, unchanged=536, early_stops=8/8
26 - INFO - chord#: 156 done. best_score=27.0, changed=530, unchanged=397, early_stops=8/8
26 - INFO - chord#: 156 done. best_score=27.0, changed=516, unchanged=403, early_stops=8/8
26 - INFO - chord#: 154 done. best_score=67.0, changed=615, unchanged=328, early_stops=8/8
26 - INFO - chord#: 156 In build_straw_man_chord_sa. tolerance = 1, sa_iterations = 1000, initial_temperature = 3.0, cooling_rate = 0.999
26 - INFO - chord#: 142 done. best_score=64.0, changed=609, unchanged=350, early_stops=8/8
26 - INFO - chord#: 144 In build_straw_man_chord_sa. tolerance = 1, sa_iterations = 1000, initial_temperature = 3.0, cooling_rate = 0.999
26 - INFO - chord#: 128 done. best_score=36.0, changed=522, unchanged=367, early_stops=8/8
26 - INFO - chord#: 132 In build_straw_man_chord_sa. tolerance = 1, sa_iterations = 1000, initial_temperature = 3.0, cooling_rate = 0.999
26 - INFO - chord#: 128 done. best_score=36.0, changed=519, unchanged=400, early_stops=8/8
26 - INFO - chord#: 132 In build_straw_man_chord_sa. tolerance = 1, sa_iterations = 1000, initial_temperature = 3.0, cooling_rate = 0.999
26 - INFO - chord#: 144 done. best_score=27.0, changed=522, unchanged=333, early_stops=8/8
26 - INFO - chord#: 146 In build_straw_man_chord_sa. tolerance = 1, sa_iterations = 1000, initial_temperature = 3.0, cooling_rate = 0.999
26 - INFO - chord#: 140 done. best_score=27.0, changed=522, unchanged=517, early_stops=8/8
26 - INFO - chord#: 142 In build_straw_man_chord_sa. tolerance = 1, sa_iterations = 1000, initial_temperature = 3.0, cooling_rate = 0.999
26 - INFO - chord#: 134 done. best_score=120.0, changed=612, unchanged=300, early_stops=8/8
26 - INFO - chord#: 136 In build_straw_man_chord_sa. tolerance = 1, sa_iterations = 1000, initial_temperature = 3.0, cooling_rate = 0.999
26 - INFO - chord#: 140 done. best_score=27.0, changed=515, unchanged=477, early_stops=8/8
26 - INFO - chord#: 142 In build_straw_man_chord_sa. tolerance = 1, sa_iterations = 1000, initial_temperature = 3.0, cooling_rate = 0.999
26 - INFO - chord#: 132 done. best_score=27.0, changed=525, unchanged=459, early_stops=8/8
26 - INFO - chord#: 134 In build_straw_man_chord_sa. tolerance = 1, sa_iterations = 1000, initial_temperature = 3.0, cooling_rate = 0.999
26 - INFO - chord#: 144 done. best_score=27.0, changed=525, unchanged=380, early_stops=8/8
26 - INFO - chord#: 146 In build_straw_man_chord_sa. tolerance = 1, sa_iterations = 1000, initial_temperature = 3.0, cooling_rate = 0.999
26 - INFO - chord#: 156 done. best_score=27.0, changed=527, unchanged=447, early_stops=8/8
26 - INFO - chord#: 146 done. best_score=27.0, changed=521, unchanged=322, early_stops=8/8
26 - INFO - chord#: 148 In build_straw_man_chord_sa. tolerance = 1, sa_iterations = 1000, initial_temperature = 3.0, cooling_rate = 0.999
26 - INFO - chord#: 132 done. best_score=27.0, changed=523, unchanged=534, early_stops=8/8
26 - INFO - chord#: 134 In build_straw_man_chord_sa. tolerance = 1, sa_iterations = 1000, initial_temperature = 3.0, cooling_rate = 0.999
26 - INFO - chord#: 132 done. best_score=27.0, changed=514, unchanged=335, early_stops=8/8
26 - INFO - chord#: 134 In build_straw_man_chord_sa. tolerance = 1, sa_iterations = 1000, initial_temperature = 3.0, cooling_rate = 0.999
26 - INFO - chord#: 136 done. best_score=27.0, changed=528, unchanged=347, early_stops=8/8
26 - INFO - chord#: 138 In build_straw_man_chord_sa. tolerance = 1, sa_iterations = 1000, initial_temperature = 3.0, cooling_rate = 0.999
26 - INFO - chord#: 146 done. best_score=27.0, changed=514, unchanged=349, early_stops=8/8
26 - INFO - chord#: 148 In build_straw_man_chord_sa. tolerance = 1, sa_iterations = 1000, initial_temperature = 3.0, cooling_rate = 0.999
26 - INFO - chord#: 142 done. best_score=64.0, changed=612, unchanged=326, early_stops=8/8
26 - INFO - chord#: 144 In build_straw_man_chord_sa. tolerance = 1, sa_iterations = 1000, initial_temperature = 3.0, cooling_rate = 0.999
26 - INFO - chord#: 138 done. best_score=36.0, changed=525, unchanged=381, early_stops=8/8
26 - INFO - chord#: 140 In build_straw_man_chord_sa. tolerance = 1, sa_iterations = 1000, initial_temperature = 3.0, cooling_rate = 0.999
26 - INFO - chord#: 142 done. best_score=125.0, changed=609, unchanged=265, early_stops=8/8
26 - INFO - chord#: 144 In build_straw_man_chord_sa. tolerance = 1, sa_iterations = 1000, initial_temperature = 3.0, cooling_rate = 0.999
26 - INFO - chord#: 134 done. best_score=97.0, changed=611, unchanged=283, early_stops=8/8
26 - INFO - chord#: 136 In build_straw_man_chord_sa. tolerance = 1, sa_iterations = 1000, initial_temperature = 3.0, cooling_rate = 0.999
26 - INFO - chord#: 144 done. best_score=27.0, changed=521, unchanged=459, early_stops=8/8
26 - INFO - chord#: 146 In build_straw_man_chord_sa. tolerance = 1, sa_iterations = 1000, initial_temperature = 3.0, cooling_rate = 0.999
26 - INFO - chord#: 144 done. best_score=27.0, changed=526, unchanged=427, early_stops=8/8
26 - INFO - chord#: 146 In build_straw_man_chord_sa. tolerance = 1, sa_iterations = 1000, initial_temperature = 3.0, cooling_rate = 0.999
26 - INFO - chord#: 134 done. best_score=82.0, changed=613, unchanged=385, early_stops=8/8
26 - INFO - chord#: 136 In build_straw_man_chord_sa. tolerance = 1, sa_iterations = 1000, initial_temperature = 3.0, cooling_rate = 0.999
26 - INFO - chord#: 140 done. best_score=27.0, changed=526, unchanged=650, early_stops=8/8
26 - INFO - chord#: 142 In build_straw_man_chord_sa. tolerance = 1, sa_iterations = 1000, initial_temperature = 3.0, cooling_rate = 0.999
26 - INFO - chord#: 148 done. best_score=140.0, changed=610, unchanged=289, early_stops=8/8
26 - INFO - chord#: 152 In build_straw_man_chord_sa. tolerance = 1, sa_iterations = 1000, initial_temperature = 3.0, cooling_rate = 0.999
26 - INFO - chord#: 148 done. best_score=67.0, changed=620, unchanged=520, early_stops=8/8
26 - INFO - chord#: 152 In build_straw_man_chord_sa. tolerance = 1, sa_iterations = 1000, initial_temperature = 3.0, cooling_rate = 0.999
26 - INFO - chord#: 136 done. best_score=27.0, changed=520, unchanged=368, early_stops=8/8
26 - INFO - chord#: 138 In build_straw_man_chord_sa. tolerance = 1, sa_iterations = 1000, initial_temperature = 3.0, cooling_rate = 0.999
26 - INFO - chord#: 146 done. best_score=27.0, changed=526, unchanged=343, early_stops=8/8
26 - INFO - chord#: 148 In build_straw_man_chord_sa. tolerance = 1, sa_iterations = 1000, initial_temperature = 3.0, cooling_rate = 0.999
26 - INFO - chord#: 146 done. best_score=27.0, changed=527, unchanged=327, early_stops=8/8
26 - INFO - chord#: 148 In build_straw_man_chord_sa. tolerance = 1, sa_iterations = 1000, initial_temperature = 3.0, cooling_rate = 0.999
26 - INFO - chord#: 134 done. best_score=82.0, changed=616, unchanged=378, early_stops=8/8
26 - INFO - chord#: 136 In build_straw_man_chord_sa. tolerance = 1, sa_iterations = 1000, initial_temperature = 3.0, cooling_rate = 0.999
26 - INFO - chord#: 136 done. best_score=27.0, changed=529, unchanged=481, early_stops=8/8
26 - INFO - chord#: 138 In build_straw_man_chord_sa. tolerance = 1, sa_iterations = 1000, initial_temperature = 3.0, cooling_rate = 0.999
26 - INFO - chord#: 152 done. best_score=27.0, changed=524, unchanged=456, early_stops=8/8
26 - INFO - chord#: 154 In build_straw_man_chord_sa. tolerance = 1, sa_iterations = 1000, initial_temperature = 3.0, cooling_rate = 0.999
26 - INFO - chord#: 152 done. best_score=27.0, changed=531, unchanged=648, early_stops=8/8
26 - INFO - chord#: 154 In build_straw_man_chord_sa. tolerance = 1, sa_iterations = 1000, initial_temperature = 3.0, cooling_rate = 0.999
26 - INFO - chord#: 142 done. best_score=64.0, changed=609, unchanged=206, early_stops=8/8
26 - INFO - chord#: 144 In build_straw_man_chord_sa. tolerance = 1, sa_iterations = 1000, initial_temperature = 3.0, cooling_rate = 0.999
26 - INFO - chord#: 138 done. best_score=36.0, changed=522, unchanged=475, early_stops=8/8
26 - INFO - chord#: 140 In build_straw_man_chord_sa. tolerance = 1, sa_iterations = 1000, initial_temperature = 3.0, cooling_rate = 0.999
26 - INFO - chord#: 136 done. best_score=27.0, changed=520, unchanged=490, early_stops=8/8
26 - INFO - chord#: 138 In build_straw_man_chord_sa. tolerance = 1, sa_iterations = 1000, initial_temperature = 3.0, cooling_rate = 0.999
26 - INFO - chord#: 138 done. best_score=36.0, changed=518, unchanged=382, early_stops=8/8
26 - INFO - chord#: 140 In build_straw_man_chord_sa. tolerance = 1, sa_iterations = 1000, initial_temperature = 3.0, cooling_rate = 0.999
26 - INFO - chord#: 144 done. best_score=27.0, changed=517, unchanged=346, early_stops=8/8
26 - INFO - chord#: 146 In build_straw_man_chord_sa. tolerance = 1, sa_iterations = 1000, initial_temperature = 3.0, cooling_rate = 0.999
26 - INFO - chord#: 148 done. best_score=67.0, changed=610, unchanged=299, early_stops=8/8
26 - INFO - chord#: 152 In build_straw_man_chord_sa. tolerance = 1, sa_iterations = 1000, initial_temperature = 3.0, cooling_rate = 0.999
26 - INFO - chord#: 140 done. best_score=36.0, changed=517, unchanged=331, early_stops=8/8
26 - INFO - chord#: 142 In build_straw_man_chord_sa. tolerance = 1, sa_iterations = 1000, initial_temperature = 3.0, cooling_rate = 0.999
26 - INFO - chord#: 154 done. best_score=67.0, changed=606, unchanged=250, early_stops=8/8
26 - INFO - chord#: 156 In build_straw_man_chord_sa. tolerance = 1, sa_iterations = 1000, initial_temperature = 3.0, cooling_rate = 0.999
26 - INFO - chord#: 138 done. best_score=36.0, changed=528, unchanged=378, early_stops=8/8
26 - INFO - chord#: 140 In build_straw_man_chord_sa. tolerance = 1, sa_iterations = 1000, initial_temperature = 3.0, cooling_rate = 0.999
26 - INFO - chord#: 140 done. best_score=27.0, changed=529, unchanged=544, early_stops=8/8
26 - INFO - chord#: 142 In build_straw_man_chord_sa. tolerance = 1, sa_iterations = 1000, initial_temperature = 3.0, cooling_rate = 0.999
26 - INFO - chord#: 148 done. best_score=137.0, changed=615, unchanged=480, early_stops=8/8
26 - INFO - chord#: 152 In build_straw_man_chord_sa. tolerance = 1, sa_iterations = 1000, initial_temperature = 3.0, cooling_rate = 0.999
26 - INFO - chord#: 154 done. best_score=96.0, changed=605, unchanged=214, early_stops=8/8
26 - INFO - chord#: 156 In build_straw_man_chord_sa. tolerance = 1, sa_iterations = 1000, initial_temperature = 3.0, cooling_rate = 0.999
26 - INFO - chord#: 146 done. best_score=27.0, changed=523, unchanged=370, early_stops=8/8
26 - INFO - chord#: 148 In build_straw_man_chord_sa. tolerance = 1, sa_iterations = 1000, initial_temperature = 3.0, cooling_rate = 0.999
26 - INFO - chord#: 152 done. best_score=27.0, changed=523, unchanged=512, early_stops=8/8
26 - INFO - chord#: 154 In build_straw_man_chord_sa. tolerance = 1, sa_iterations = 1000, initial_temperature = 3.0, cooling_rate = 0.999
26 - INFO - chord#: 156 done. best_score=27.0, changed=513, unchanged=347, early_stops=8/8
26 - INFO - chord#: 140 done. best_score=27.0, changed=515, unchanged=320, early_stops=8/8
26 - INFO - chord#: 142 In build_straw_man_chord_sa. tolerance = 1, sa_iterations = 1000, initial_temperature = 3.0, cooling_rate = 0.999
26 - INFO - chord#: 152 done. best_score=27.0, changed=521, unchanged=424, early_stops=8/8
26 - INFO - chord#: 154 In build_straw_man_chord_sa. tolerance = 1, sa_iterations = 1000, initial_temperature = 3.0, cooling_rate = 0.999
26 - INFO - chord#: 156 done. best_score=27.0, changed=520, unchanged=359, early_stops=8/8
26 - INFO - chord#: 142 done. best_score=71.0, changed=618, unchanged=397, early_stops=8/8
26 - INFO - chord#: 144 In build_straw_man_chord_sa. tolerance = 1, sa_iterations = 1000, initial_temperature = 3.0, cooling_rate = 0.999
26 - INFO - chord#: 142 done. best_score=64.0, changed=612, unchanged=311, early_stops=8/8
26 - INFO - chord#: 144 In build_straw_man_chord_sa. tolerance = 1, sa_iterations = 1000, initial_temperature = 3.0, cooling_rate = 0.999
26 - INFO - chord#: 148 done. best_score=157.0, changed=611, unchanged=325, early_stops=8/8
26 - INFO - chord#: 152 In build_straw_man_chord_sa. tolerance = 1, sa_iterations = 1000, initial_temperature = 3.0, cooling_rate = 0.999
26 - INFO - chord#: 144 done. best_score=27.0, changed=528, unchanged=323, early_stops=8/8
26 - INFO - chord#: 146 In build_straw_man_chord_sa. tolerance = 1, sa_iterations = 1000, initial_temperature = 3.0, cooling_rate = 0.999
26 - INFO - chord#: 154 done. best_score=67.0, changed=614, unchanged=296, early_stops=8/8
26 - INFO - chord#: 156 In build_straw_man_chord_sa. tolerance = 1, sa_iterations = 1000, initial_temperature = 3.0, cooling_rate = 0.999
26 - INFO - chord#: 144 done. best_score=27.0, changed=520, unchanged=493, early_stops=8/8
26 - INFO - chord#: 146 In build_straw_man_chord_sa. tolerance = 1, sa_iterations = 1000, initial_temperature = 3.0, cooling_rate = 0.999
26 - INFO - chord#: 142 done. best_score=64.0, changed=608, unchanged=357, early_stops=8/8
26 - INFO - chord#: 144 In build_straw_man_chord_sa. tolerance = 1, sa_iterations = 1000, initial_temperature = 3.0, cooling_rate = 0.999
26 - INFO - chord#: 154 done. best_score=67.0, changed=616, unchanged=322, early_stops=8/8
26 - INFO - chord#: 156 In build_straw_man_chord_sa. tolerance = 1, sa_iterations = 1000, initial_temperature = 3.0, cooling_rate = 0.999
26 - INFO - chord#: 152 done. best_score=27.0, changed=517, unchanged=430, early_stops=8/8
26 - INFO - chord#: 154 In build_straw_man_chord_sa. tolerance = 1, sa_iterations = 1000, initial_temperature = 3.0, cooling_rate = 0.999
26 - INFO - chord#: 146 done. best_score=27.0, changed=527, unchanged=436, early_stops=8/8
26 - INFO - chord#: 148 In build_straw_man_chord_sa. tolerance = 1, sa_iterations = 1000, initial_temperature = 3.0, cooling_rate = 0.999
26 - INFO - chord#: 156 done. best_score=27.0, changed=524, unchanged=368, early_stops=8/8
26 - INFO - chord#: 144 done. best_score=27.0, changed=518, unchanged=361, early_stops=8/8
26 - INFO - chord#: 146 In build_straw_man_chord_sa. tolerance = 1, sa_iterations = 1000, initial_temperature = 3.0, cooling_rate = 0.999
26 - INFO - chord#: 146 done. best_score=27.0, changed=516, unchanged=307, early_stops=8/8
26 - INFO - chord#: 148 In build_straw_man_chord_sa. tolerance = 1, sa_iterations = 1000, initial_temperature = 3.0, cooling_rate = 0.999
26 - INFO - chord#: 156 done. best_score=27.0, changed=522, unchanged=484, early_stops=8/8
26 - INFO - chord#: 146 done. best_score=27.0, changed=534, unchanged=527, early_stops=8/8
26 - INFO - chord#: 148 In build_straw_man_chord_sa. tolerance = 1, sa_iterations = 1000, initial_temperature = 3.0, cooling_rate = 0.999
26 - INFO - chord#: 154 done. best_score=67.0, changed=613, unchanged=399, early_stops=8/8
26 - INFO - chord#: 156 In build_straw_man_chord_sa. tolerance = 1, sa_iterations = 1000, initial_temperature = 3.0, cooling_rate = 0.999
26 - INFO - chord#: 148 done. best_score=137.0, changed=614, unchanged=451, early_stops=8/8
26 - INFO - chord#: 152 In build_straw_man_chord_sa. tolerance = 1, sa_iterations = 1000, initial_temperature = 3.0, cooling_rate = 0.999
26 - INFO - chord#: 148 done. best_score=67.0, changed=614, unchanged=472, early_stops=8/8
26 - INFO - chord#: 152 In build_straw_man_chord_sa. tolerance = 1, sa_iterations = 1000, initial_temperature = 3.0, cooling_rate = 0.999
26 - INFO - chord#: 148 done. best_score=119.0, changed=616, unchanged=245, early_stops=8/8
26 - INFO - chord#: 152 In build_straw_man_chord_sa. tolerance = 1, sa_iterations = 1000, initial_temperature = 3.0, cooling_rate = 0.999
26 - INFO - chord#: 156 done. best_score=27.0, changed=519, unchanged=401, early_stops=8/8
26 - INFO - chord#: 152 done. best_score=27.0, changed=524, unchanged=399, early_stops=8/8
26 - INFO - chord#: 154 In build_straw_man_chord_sa. tolerance = 1, sa_iterations = 1000, initial_temperature = 3.0, cooling_rate = 0.999
26 - INFO - chord#: 152 done. best_score=27.0, changed=526, unchanged=355, early_stops=8/8
26 - INFO - chord#: 154 In build_straw_man_chord_sa. tolerance = 1, sa_iterations = 1000, initial_temperature = 3.0, cooling_rate = 0.999
26 - INFO - chord#: 152 done. best_score=27.0, changed=522, unchanged=460, early_stops=8/8
26 - INFO - chord#: 154 In build_straw_man_chord_sa. tolerance = 1, sa_iterations = 1000, initial_temperature = 3.0, cooling_rate = 0.999
26 - INFO - chord#: 154 done. best_score=67.0, changed=612, unchanged=328, early_stops=8/8
26 - INFO - chord#: 156 In build_straw_man_chord_sa. tolerance = 1, sa_iterations = 1000, initial_temperature = 3.0, cooling_rate = 0.999
26 - INFO - chord#: 154 done. best_score=162.0, changed=608, unchanged=287, early_stops=8/8
26 - INFO - chord#: 156 In build_straw_man_chord_sa. tolerance = 1, sa_iterations = 1000, initial_temperature = 3.0, cooling_rate = 0.999
26 - INFO - chord#: 156 done. best_score=27.0, changed=527, unchanged=425, early_stops=8/8
26 - INFO - chord#: 156 done. best_score=27.0, changed=522, unchanged=333, early_stops=8/8
26 - INFO - chord#: 154 done. best_score=67.0, changed=615, unchanged=407, early_stops=8/8
26 - INFO - chord#: 156 In build_straw_man_chord_sa. tolerance = 1, sa_iterations = 1000, initial_temperature = 3.0, cooling_rate = 0.999
26 - INFO - chord#: 156 done. best_score=27.0, changed=518, unchanged=302, early_stops=8/8
26 - INFO - chord#: 0 In build_straw_man_chord_sa. tolerance = 1, sa_iterations = 1000, initial_temperature = 3.0, cooling_rate = 0.999
26 - INFO - chord#: 0 In build_straw_man_chord_sa. tolerance = 1, sa_iterations = 1000, initial_temperature = 3.0, cooling_rate = 0.999
26 - INFO - chord#: 0 In build_straw_man_chord_sa. tolerance = 1, sa_iterations = 1000, initial_temperature = 3.0, cooling_rate = 0.999
26 - INFO - chord#: 0 In build_straw_man_chord_sa. tolerance = 1, sa_iterations = 1000, initial_temperature = 3.0, cooling_rate = 0.999
26 - INFO - chord#: 0 In build_straw_man_chord_sa. tolerance = 1, sa_iterations = 1000, initial_temperature = 3.0, cooling_rate = 0.999
26 - INFO - chord#: 0 In build_straw_man_chord_sa. tolerance = 1, sa_iterations = 1000, initial_temperature = 3.0, cooling_rate = 0.999
26 - INFO - chord#: 0 In build_straw_man_chord_sa. tolerance = 1, sa_iterations = 1000, initial_temperature = 3.0, cooling_rate = 0.999
26 - INFO - chord#: 0 In build_straw_man_chord_sa. tolerance = 1, sa_iterations = 1000, initial_temperature = 3.0, cooling_rate = 0.999
26 - INFO - chord#: 0 In build_straw_man_chord_sa. tolerance = 1, sa_iterations = 1000, initial_temperature = 3.0, cooling_rate = 0.999
26 - INFO - chord#: 0 In build_straw_man_chord_sa. tolerance = 1, sa_iterations = 1000, initial_temperature = 3.0, cooling_rate = 0.999
26 - INFO - chord#: 0 In build_straw_man_chord_sa. tolerance = 1, sa_iterations = 1000, initial_temperature = 3.0, cooling_rate = 0.999
26 - INFO - chord#: 0 In build_straw_man_chord_sa. tolerance = 1, sa_iterations = 1000, initial_temperature = 3.0, cooling_rate = 0.999
26 - INFO - chord#: 0 done. best_score=27.0, changed=513, unchanged=386, early_stops=8/8
26 - INFO - chord#: 2 In build_straw_man_chord_sa. tolerance = 1, sa_iterations = 1000, initial_temperature = 3.0, cooling_rate = 0.999
26 - INFO - chord#: 0 done. best_score=27.0, changed=522, unchanged=557, early_stops=8/8
26 - INFO - chord#: 2 In build_straw_man_chord_sa. tolerance = 1, sa_iterations = 1000, initial_temperature = 3.0, cooling_rate = 0.999
26 - INFO - chord#: 0 done. best_score=27.0, changed=529, unchanged=549, early_stops=8/8
26 - INFO - chord#: 0 done. best_score=27.0, changed=516, unchanged=427, early_stops=8/8
26 - INFO - chord#: 2 In build_straw_man_chord_sa. tolerance = 1, sa_iterations = 1000, initial_temperature = 3.0, cooling_rate = 0.999
26 - INFO - chord#: 2 In build_straw_man_chord_sa. tolerance = 1, sa_iterations = 1000, initial_temperature = 3.0, cooling_rate = 0.999
26 - INFO - chord#: 0 done. best_score=27.0, changed=512, unchanged=403, early_stops=8/8
26 - INFO - chord#: 2 In build_straw_man_chord_sa. tolerance = 1, sa_iterations = 1000, initial_temperature = 3.0, cooling_rate = 0.999
26 - INFO - chord#: 0 done. best_score=27.0, changed=517, unchanged=413, early_stops=8/8
26 - INFO - chord#: 2 In build_straw_man_chord_sa. tolerance = 1, sa_iterations = 1000, initial_temperature = 3.0, cooling_rate = 0.999
26 - INFO - chord#: 0 done. best_score=27.0, changed=518, unchanged=394, early_stops=8/8
26 - INFO - chord#: 2 In build_straw_man_chord_sa. tolerance = 1, sa_iterations = 1000, initial_temperature = 3.0, cooling_rate = 0.999
26 - INFO - chord#: 0 done. best_score=27.0, changed=519, unchanged=386, early_stops=8/8
26 - INFO - chord#: 2 In build_straw_man_chord_sa. tolerance = 1, sa_iterations = 1000, initial_temperature = 3.0, cooling_rate = 0.999
26 - INFO - chord#: 0 done. best_score=27.0, changed=522, unchanged=495, early_stops=8/8
26 - INFO - chord#: 2 In build_straw_man_chord_sa. tolerance = 1, sa_iterations = 1000, initial_temperature = 3.0, cooling_rate = 0.999
26 - INFO - chord#: 0 done. best_score=27.0, changed=517, unchanged=536, early_stops=8/8
26 - INFO - chord#: 2 In build_straw_man_chord_sa. tolerance = 1, sa_iterations = 1000, initial_temperature = 3.0, cooling_rate = 0.999
26 - INFO - chord#: 0 done. best_score=27.0, changed=526, unchanged=474, early_stops=8/8
26 - INFO - chord#: 2 In build_straw_man_chord_sa. tolerance = 1, sa_iterations = 1000, initial_temperature = 3.0, cooling_rate = 0.999
26 - INFO - chord#: 0 done. best_score=27.0, changed=525, unchanged=635, early_stops=8/8
26 - INFO - chord#: 2 In build_straw_man_chord_sa. tolerance = 1, sa_iterations = 1000, initial_temperature = 3.0, cooling_rate = 0.999
26 - INFO - chord#: 2 done. best_score=27.0, changed=516, unchanged=409, early_stops=8/8
26 - INFO - chord#: 4 In build_straw_man_chord_sa. tolerance = 1, sa_iterations = 1000, initial_temperature = 3.0, cooling_rate = 0.999
26 - INFO - chord#: 2 done. best_score=27.0, changed=521, unchanged=370, early_stops=8/8
26 - INFO - chord#: 4 In build_straw_man_chord_sa. tolerance = 1, sa_iterations = 1000, initial_temperature = 3.0, cooling_rate = 0.999
26 - INFO - chord#: 2 done. best_score=27.0, changed=521, unchanged=433, early_stops=8/8
26 - INFO - chord#: 4 In build_straw_man_chord_sa. tolerance = 1, sa_iterations = 1000, initial_temperature = 3.0, cooling_rate = 0.999
26 - INFO - chord#: 2 done. best_score=27.0, changed=518, unchanged=516, early_stops=8/8
26 - INFO - chord#: 4 In build_straw_man_chord_sa. tolerance = 1, sa_iterations = 1000, initial_temperature = 3.0, cooling_rate = 0.999
26 - INFO - chord#: 2 done. best_score=27.0, changed=522, unchanged=409, early_stops=8/8
26 - INFO - chord#: 4 In build_straw_man_chord_sa. tolerance = 1, sa_iterations = 1000, initial_temperature = 3.0, cooling_rate = 0.999
26 - INFO - chord#: 2 done. best_score=27.0, changed=522, unchanged=388, early_stops=8/8
26 - INFO - chord#: 4 In build_straw_man_chord_sa. tolerance = 1, sa_iterations = 1000, initial_temperature = 3.0, cooling_rate = 0.999
26 - INFO - chord#: 2 done. best_score=27.0, changed=519, unchanged=380, early_stops=8/8
26 - INFO - chord#: 4 In build_straw_man_chord_sa. tolerance = 1, sa_iterations = 1000, initial_temperature = 3.0, cooling_rate = 0.999
26 - INFO - chord#: 2 done. best_score=27.0, changed=513, unchanged=397, early_stops=8/8
26 - INFO - chord#: 4 In build_straw_man_chord_sa. tolerance = 1, sa_iterations = 1000, initial_temperature = 3.0, cooling_rate = 0.999
26 - INFO - chord#: 2 done. best_score=27.0, changed=527, unchanged=360, early_stops=8/8
26 - INFO - chord#: 4 In build_straw_man_chord_sa. tolerance = 1, sa_iterations = 1000, initial_temperature = 3.0, cooling_rate = 0.999
26 - INFO - chord#: 2 done. best_score=27.0, changed=523, unchanged=420, early_stops=8/8
26 - INFO - chord#: 4 In build_straw_man_chord_sa. tolerance = 1, sa_iterations = 1000, initial_temperature = 3.0, cooling_rate = 0.999
26 - INFO - chord#: 2 done. best_score=27.0, changed=521, unchanged=449, early_stops=8/8
26 - INFO - chord#: 4 In build_straw_man_chord_sa. tolerance = 1, sa_iterations = 1000, initial_temperature = 3.0, cooling_rate = 0.999
26 - INFO - chord#: 2 done. best_score=27.0, changed=519, unchanged=413, early_stops=8/8
26 - INFO - chord#: 4 In build_straw_man_chord_sa. tolerance = 1, sa_iterations = 1000, initial_temperature = 3.0, cooling_rate = 0.999
26 - INFO - chord#: 4 done. best_score=27.0, changed=513, unchanged=380, early_stops=8/8
26 - INFO - chord#: 8 In build_straw_man_chord_sa. tolerance = 1, sa_iterations = 1000, initial_temperature = 3.0, cooling_rate = 0.999
26 - INFO - chord#: 4 done. best_score=27.0, changed=520, unchanged=385, early_stops=8/8
26 - INFO - chord#: 8 In build_straw_man_chord_sa. tolerance = 1, sa_iterations = 1000, initial_temperature = 3.0, cooling_rate = 0.999
26 - INFO - chord#: 4 done. best_score=27.0, changed=518, unchanged=386, early_stops=8/8
26 - INFO - chord#: 8 In build_straw_man_chord_sa. tolerance = 1, sa_iterations = 1000, initial_temperature = 3.0, cooling_rate = 0.999
26 - INFO - chord#: 4 done. best_score=27.0, changed=515, unchanged=394, early_stops=8/8
26 - INFO - chord#: 8 In build_straw_man_chord_sa. tolerance = 1, sa_iterations = 1000, initial_temperature = 3.0, cooling_rate = 0.999
26 - INFO - chord#: 4 done. best_score=27.0, changed=516, unchanged=413, early_stops=8/8
26 - INFO - chord#: 8 In build_straw_man_chord_sa. tolerance = 1, sa_iterations = 1000, initial_temperature = 3.0, cooling_rate = 0.999
26 - INFO - chord#: 4 done. best_score=27.0, changed=511, unchanged=360, early_stops=8/8
26 - INFO - chord#: 8 In build_straw_man_chord_sa. tolerance = 1, sa_iterations = 1000, initial_temperature = 3.0, cooling_rate = 0.999
26 - INFO - chord#: 4 done. best_score=27.0, changed=522, unchanged=422, early_stops=8/8
26 - INFO - chord#: 8 In build_straw_man_chord_sa. tolerance = 1, sa_iterations = 1000, initial_temperature = 3.0, cooling_rate = 0.999
26 - INFO - chord#: 8 done. best_score=27.0, changed=512, unchanged=321, early_stops=8/8
26 - INFO - chord#: 10 In build_straw_man_chord_sa. tolerance = 1, sa_iterations = 1000, initial_temperature = 3.0, cooling_rate = 0.999
26 - INFO - chord#: 4 done. best_score=27.0, changed=520, unchanged=360, early_stops=8/8
26 - INFO - chord#: 8 In build_straw_man_chord_sa. tolerance = 1, sa_iterations = 1000, initial_temperature = 3.0, cooling_rate = 0.999
26 - INFO - chord#: 4 done. best_score=27.0, changed=519, unchanged=335, early_stops=8/8
26 - INFO - chord#: 8 In build_straw_man_chord_sa. tolerance = 1, sa_iterations = 1000, initial_temperature = 3.0, cooling_rate = 0.999
26 - INFO - chord#: 4 done. best_score=27.0, changed=523, unchanged=491, early_stops=8/8
26 - INFO - chord#: 8 In build_straw_man_chord_sa. tolerance = 1, sa_iterations = 1000, initial_temperature = 3.0, cooling_rate = 0.999
26 - INFO - chord#: 8 done. best_score=27.0, changed=523, unchanged=363, early_stops=8/8
26 - INFO - chord#: 10 In build_straw_man_chord_sa. tolerance = 1, sa_iterations = 1000, initial_temperature = 3.0, cooling_rate = 0.999
26 - INFO - chord#: 4 done. best_score=27.0, changed=518, unchanged=474, early_stops=8/8
26 - INFO - chord#: 8 In build_straw_man_chord_sa. tolerance = 1, sa_iterations = 1000, initial_temperature = 3.0, cooling_rate = 0.999
26 - INFO - chord#: 8 done. best_score=27.0, changed=524, unchanged=384, early_stops=8/8
26 - INFO - chord#: 10 In build_straw_man_chord_sa. tolerance = 1, sa_iterations = 1000, initial_temperature = 3.0, cooling_rate = 0.999
26 - INFO - chord#: 8 done. best_score=27.0, changed=525, unchanged=404, early_stops=8/8
26 - INFO - chord#: 10 In build_straw_man_chord_sa. tolerance = 1, sa_iterations = 1000, initial_temperature = 3.0, cooling_rate = 0.999
26 - INFO - chord#: 8 done. best_score=27.0, changed=521, unchanged=339, early_stops=8/8
26 - INFO - chord#: 4 done. best_score=27.0, changed=525, unchanged=432, early_stops=8/8
26 - INFO - chord#: 10 In build_straw_man_chord_sa. tolerance = 1, sa_iterations = 1000, initial_temperature = 3.0, cooling_rate = 0.999
26 - INFO - chord#: 8 In build_straw_man_chord_sa. tolerance = 1, sa_iterations = 1000, initial_temperature = 3.0, cooling_rate = 0.999
26 - INFO - chord#: 8 done. best_score=27.0, changed=513, unchanged=382, early_stops=8/8
26 - INFO - chord#: 10 In build_straw_man_chord_sa. tolerance = 1, sa_iterations = 1000, initial_temperature = 3.0, cooling_rate = 0.999
26 - INFO - chord#: 10 done. best_score=48.0, changed=531, unchanged=348, early_stops=8/8
26 - INFO - chord#: 12 In build_straw_man_chord_sa. tolerance = 1, sa_iterations = 1000, initial_temperature = 3.0, cooling_rate = 0.999
26 - INFO - chord#: 10 done. best_score=48.0, changed=526, unchanged=350, early_stops=8/8
26 - INFO - chord#: 12 In build_straw_man_chord_sa. tolerance = 1, sa_iterations = 1000, initial_temperature = 3.0, cooling_rate = 0.999
26 - INFO - chord#: 8 done. best_score=27.0, changed=516, unchanged=372, early_stops=8/8
26 - INFO - chord#: 10 In build_straw_man_chord_sa. tolerance = 1, sa_iterations = 1000, initial_temperature = 3.0, cooling_rate = 0.999
26 - INFO - chord#: 8 done. best_score=27.0, changed=521, unchanged=375, early_stops=8/8
26 - INFO - chord#: 10 done. best_score=48.0, changed=526, unchanged=318, early_stops=8/8
26 - INFO - chord#: 10 In build_straw_man_chord_sa. tolerance = 1, sa_iterations = 1000, initial_temperature = 3.0, cooling_rate = 0.999
26 - INFO - chord#: 12 In build_straw_man_chord_sa. tolerance = 1, sa_iterations = 1000, initial_temperature = 3.0, cooling_rate = 0.999
26 - INFO - chord#: 8 done. best_score=27.0, changed=523, unchanged=451, early_stops=8/8
26 - INFO - chord#: 10 In build_straw_man_chord_sa. tolerance = 1, sa_iterations = 1000, initial_temperature = 3.0, cooling_rate = 0.999
26 - INFO - chord#: 8 done. best_score=27.0, changed=522, unchanged=314, early_stops=8/8
26 - INFO - chord#: 10 In build_straw_man_chord_sa. tolerance = 1, sa_iterations = 1000, initial_temperature = 3.0, cooling_rate = 0.999
26 - INFO - chord#: 10 done. best_score=48.0, changed=539, unchanged=326, early_stops=8/8
26 - INFO - chord#: 12 In build_straw_man_chord_sa. tolerance = 1, sa_iterations = 1000, initial_temperature = 3.0, cooling_rate = 0.999
26 - INFO - chord#: 10 done. best_score=48.0, changed=541, unchanged=391, early_stops=8/8
26 - INFO - chord#: 12 In build_straw_man_chord_sa. tolerance = 1, sa_iterations = 1000, initial_temperature = 3.0, cooling_rate = 0.999
26 - INFO - chord#: 8 done. best_score=27.0, changed=516, unchanged=402, early_stops=8/8
26 - INFO - chord#: 10 In build_straw_man_chord_sa. tolerance = 1, sa_iterations = 1000, initial_temperature = 3.0, cooling_rate = 0.999
26 - INFO - chord#: 8 done. best_score=27.0, changed=529, unchanged=512, early_stops=8/8
26 - INFO - chord#: 10 In build_straw_man_chord_sa. tolerance = 1, sa_iterations = 1000, initial_temperature = 3.0, cooling_rate = 0.999
26 - INFO - chord#: 12 done. best_score=27.0, changed=513, unchanged=332, early_stops=8/8
26 - INFO - chord#: 14 In build_straw_man_chord_sa. tolerance = 1, sa_iterations = 1000, initial_temperature = 3.0, cooling_rate = 0.999
26 - INFO - chord#: 10 done. best_score=48.0, changed=541, unchanged=369, early_stops=8/8
26 - INFO - chord#: 12 In build_straw_man_chord_sa. tolerance = 1, sa_iterations = 1000, initial_temperature = 3.0, cooling_rate = 0.999
26 - INFO - chord#: 12 done. best_score=27.0, changed=520, unchanged=453, early_stops=8/8
26 - INFO - chord#: 14 In build_straw_man_chord_sa. tolerance = 1, sa_iterations = 1000, initial_temperature = 3.0, cooling_rate = 0.999
26 - INFO - chord#: 12 done. best_score=27.0, changed=521, unchanged=360, early_stops=8/8
26 - INFO - chord#: 14 In build_straw_man_chord_sa. tolerance = 1, sa_iterations = 1000, initial_temperature = 3.0, cooling_rate = 0.999
26 - INFO - chord#: 10 done. best_score=48.0, changed=530, unchanged=334, early_stops=8/8
26 - INFO - chord#: 12 In build_straw_man_chord_sa. tolerance = 1, sa_iterations = 1000, initial_temperature = 3.0, cooling_rate = 0.999
26 - INFO - chord#: 12 done. best_score=27.0, changed=521, unchanged=410, early_stops=8/8
26 - INFO - chord#: 14 In build_straw_man_chord_sa. tolerance = 1, sa_iterations = 1000, initial_temperature = 3.0, cooling_rate = 0.999
26 - INFO - chord#: 10 done. best_score=48.0, changed=528, unchanged=423, early_stops=8/8
26 - INFO - chord#: 12 In build_straw_man_chord_sa. tolerance = 1, sa_iterations = 1000, initial_temperature = 3.0, cooling_rate = 0.999
26 - INFO - chord#: 12 done. best_score=27.0, changed=523, unchanged=462, early_stops=8/8
26 - INFO - chord#: 14 In build_straw_man_chord_sa. tolerance = 1, sa_iterations = 1000, initial_temperature = 3.0, cooling_rate = 0.999
26 - INFO - chord#: 10 done. best_score=48.0, changed=524, unchanged=324, early_stops=8/8
26 - INFO - chord#: 12 In build_straw_man_chord_sa. tolerance = 1, sa_iterations = 1000, initial_temperature = 3.0, cooling_rate = 0.999
26 - INFO - chord#: 10 done. best_score=48.0, changed=533, unchanged=354, early_stops=8/8
26 - INFO - chord#: 12 In build_straw_man_chord_sa. tolerance = 1, sa_iterations = 1000, initial_temperature = 3.0, cooling_rate = 0.999
26 - INFO - chord#: 10 done. best_score=48.0, changed=533, unchanged=446, early_stops=8/8
26 - INFO - chord#: 12 In build_straw_man_chord_sa. tolerance = 1, sa_iterations = 1000, initial_temperature = 3.0, cooling_rate = 0.999
26 - INFO - chord#: 14 done. best_score=31.0, changed=530, unchanged=344, early_stops=8/8
26 - INFO - chord#: 16 In build_straw_man_chord_sa. tolerance = 1, sa_iterations = 1000, initial_temperature = 3.0, cooling_rate = 0.999
26 - INFO - chord#: 10 done. best_score=48.0, changed=530, unchanged=298, early_stops=8/8
26 - INFO - chord#: 12 In build_straw_man_chord_sa. tolerance = 1, sa_iterations = 1000, initial_temperature = 3.0, cooling_rate = 0.999
26 - INFO - chord#: 14 done. best_score=31.0, changed=529, unchanged=357, early_stops=8/8
26 - INFO - chord#: 16 In build_straw_man_chord_sa. tolerance = 1, sa_iterations = 1000, initial_temperature = 3.0, cooling_rate = 0.999
26 - INFO - chord#: 14 done. best_score=31.0, changed=531, unchanged=334, early_stops=8/8
26 - INFO - chord#: 16 In build_straw_man_chord_sa. tolerance = 1, sa_iterations = 1000, initial_temperature = 3.0, cooling_rate = 0.999
26 - INFO - chord#: 14 done. best_score=31.0, changed=528, unchanged=303, early_stops=8/8
26 - INFO - chord#: 16 In build_straw_man_chord_sa. tolerance = 1, sa_iterations = 1000, initial_temperature = 3.0, cooling_rate = 0.999
26 - INFO - chord#: 14 done. best_score=31.0, changed=540, unchanged=371, early_stops=8/8
26 - INFO - chord#: 16 In build_straw_man_chord_sa. tolerance = 1, sa_iterations = 1000, initial_temperature = 3.0, cooling_rate = 0.999
26 - INFO - chord#: 12 done. best_score=27.0, changed=523, unchanged=449, early_stops=8/8
26 - INFO - chord#: 14 In build_straw_man_chord_sa. tolerance = 1, sa_iterations = 1000, initial_temperature = 3.0, cooling_rate = 0.999
26 - INFO - chord#: 12 done. best_score=27.0, changed=520, unchanged=509, early_stops=8/8
26 - INFO - chord#: 14 In build_straw_man_chord_sa. tolerance = 1, sa_iterations = 1000, initial_temperature = 3.0, cooling_rate = 0.999
26 - INFO - chord#: 12 done. best_score=27.0, changed=516, unchanged=391, early_stops=8/8
26 - INFO - chord#: 14 In build_straw_man_chord_sa. tolerance = 1, sa_iterations = 1000, initial_temperature = 3.0, cooling_rate = 0.999
26 - INFO - chord#: 16 done. best_score=27.0, changed=518, unchanged=346, early_stops=8/8
26 - INFO - chord#: 20 In build_straw_man_chord_sa. tolerance = 1, sa_iterations = 1000, initial_temperature = 3.0, cooling_rate = 0.999
26 - INFO - chord#: 12 done. best_score=27.0, changed=521, unchanged=470, early_stops=8/8
26 - INFO - chord#: 14 In build_straw_man_chord_sa. tolerance = 1, sa_iterations = 1000, initial_temperature = 3.0, cooling_rate = 0.999
26 - INFO - chord#: 12 done. best_score=27.0, changed=522, unchanged=389, early_stops=8/8
26 - INFO - chord#: 14 In build_straw_man_chord_sa. tolerance = 1, sa_iterations = 1000, initial_temperature = 3.0, cooling_rate = 0.999
26 - INFO - chord#: 12 done. best_score=27.0, changed=519, unchanged=478, early_stops=8/8
26 - INFO - chord#: 14 In build_straw_man_chord_sa. tolerance = 1, sa_iterations = 1000, initial_temperature = 3.0, cooling_rate = 0.999
26 - INFO - chord#: 16 done. best_score=27.0, changed=529, unchanged=387, early_stops=8/8
26 - INFO - chord#: 20 In build_straw_man_chord_sa. tolerance = 1, sa_iterations = 1000, initial_temperature = 3.0, cooling_rate = 0.999
26 - INFO - chord#: 16 done. best_score=27.0, changed=525, unchanged=339, early_stops=8/8
26 - INFO - chord#: 20 In build_straw_man_chord_sa. tolerance = 1, sa_iterations = 1000, initial_temperature = 3.0, cooling_rate = 0.999
26 - INFO - chord#: 12 done. best_score=27.0, changed=515, unchanged=354, early_stops=8/8
26 - INFO - chord#: 14 In build_straw_man_chord_sa. tolerance = 1, sa_iterations = 1000, initial_temperature = 3.0, cooling_rate = 0.999
26 - INFO - chord#: 16 done. best_score=27.0, changed=518, unchanged=427, early_stops=8/8
26 - INFO - chord#: 20 In build_straw_man_chord_sa. tolerance = 1, sa_iterations = 1000, initial_temperature = 3.0, cooling_rate = 0.999
26 - INFO - chord#: 16 done. best_score=27.0, changed=527, unchanged=407, early_stops=8/8
26 - INFO - chord#: 20 In build_straw_man_chord_sa. tolerance = 1, sa_iterations = 1000, initial_temperature = 3.0, cooling_rate = 0.999
26 - INFO - chord#: 14 done. best_score=31.0, changed=528, unchanged=313, early_stops=8/8
26 - INFO - chord#: 16 In build_straw_man_chord_sa. tolerance = 1, sa_iterations = 1000, initial_temperature = 3.0, cooling_rate = 0.999
26 - INFO - chord#: 14 done. best_score=31.0, changed=531, unchanged=366, early_stops=8/8
26 - INFO - chord#: 16 In build_straw_man_chord_sa. tolerance = 1, sa_iterations = 1000, initial_temperature = 3.0, cooling_rate = 0.999
26 - INFO - chord#: 14 done. best_score=31.0, changed=529, unchanged=315, early_stops=8/8
26 - INFO - chord#: 16 In build_straw_man_chord_sa. tolerance = 1, sa_iterations = 1000, initial_temperature = 3.0, cooling_rate = 0.999
26 - INFO - chord#: 14 done. best_score=31.0, changed=535, unchanged=419, early_stops=8/8
26 - INFO - chord#: 16 In build_straw_man_chord_sa. tolerance = 1, sa_iterations = 1000, initial_temperature = 3.0, cooling_rate = 0.999
26 - INFO - chord#: 14 done. best_score=31.0, changed=534, unchanged=373, early_stops=8/8
26 - INFO - chord#: 16 In build_straw_man_chord_sa. tolerance = 1, sa_iterations = 1000, initial_temperature = 3.0, cooling_rate = 0.999
26 - INFO - chord#: 14 done. best_score=31.0, changed=530, unchanged=349, early_stops=8/8
26 - INFO - chord#: 16 In build_straw_man_chord_sa. tolerance = 1, sa_iterations = 1000, initial_temperature = 3.0, cooling_rate = 0.999
26 - INFO - chord#: 14 done. best_score=31.0, changed=528, unchanged=329, early_stops=8/8
26 - INFO - chord#: 16 In build_straw_man_chord_sa. tolerance = 1, sa_iterations = 1000, initial_temperature = 3.0, cooling_rate = 0.999
26 - INFO - chord#: 16 done. best_score=27.0, changed=523, unchanged=380, early_stops=8/8
26 - INFO - chord#: 20 In build_straw_man_chord_sa. tolerance = 1, sa_iterations = 1000, initial_temperature = 3.0, cooling_rate = 0.999
26 - INFO - chord#: 16 done. best_score=27.0, changed=521, unchanged=331, early_stops=8/8
26 - INFO - chord#: 20 In build_straw_man_chord_sa. tolerance = 1, sa_iterations = 1000, initial_temperature = 3.0, cooling_rate = 0.999
26 - INFO - chord#: 20 done. best_score=145.0, changed=607, unchanged=280, early_stops=8/8
26 - INFO - chord#: 24 In build_straw_man_chord_sa. tolerance = 1, sa_iterations = 1000, initial_temperature = 3.0, cooling_rate = 0.999
26 - INFO - chord#: 16 done. best_score=27.0, changed=528, unchanged=328, early_stops=8/8
26 - INFO - chord#: 20 In build_straw_man_chord_sa. tolerance = 1, sa_iterations = 1000, initial_temperature = 3.0, cooling_rate = 0.999
26 - INFO - chord#: 16 done. best_score=27.0, changed=521, unchanged=367, early_stops=8/8
26 - INFO - chord#: 20 In build_straw_man_chord_sa. tolerance = 1, sa_iterations = 1000, initial_temperature = 3.0, cooling_rate = 0.999
26 - INFO - chord#: 16 done. best_score=27.0, changed=528, unchanged=303, early_stops=8/8
26 - INFO - chord#: 20 In build_straw_man_chord_sa. tolerance = 1, sa_iterations = 1000, initial_temperature = 3.0, cooling_rate = 0.999
26 - INFO - chord#: 16 done. best_score=27.0, changed=524, unchanged=409, early_stops=8/8
26 - INFO - chord#: 20 In build_straw_man_chord_sa. tolerance = 1, sa_iterations = 1000, initial_temperature = 3.0, cooling_rate = 0.999
26 - INFO - chord#: 16 done. best_score=27.0, changed=525, unchanged=334, early_stops=8/8
26 - INFO - chord#: 20 In build_straw_man_chord_sa. tolerance = 1, sa_iterations = 1000, initial_temperature = 3.0, cooling_rate = 0.999
26 - INFO - chord#: 20 done. best_score=101.0, changed=611, unchanged=310, early_stops=8/8
26 - INFO - chord#: 24 In build_straw_man_chord_sa. tolerance = 1, sa_iterations = 1000, initial_temperature = 3.0, cooling_rate = 0.999
26 - INFO - chord#: 20 done. best_score=78.0, changed=616, unchanged=336, early_stops=8/8
26 - INFO - chord#: 24 In build_straw_man_chord_sa. tolerance = 1, sa_iterations = 1000, initial_temperature = 3.0, cooling_rate = 0.999
26 - INFO - chord#: 20 done. best_score=78.0, changed=613, unchanged=362, early_stops=8/8
26 - INFO - chord#: 24 In build_straw_man_chord_sa. tolerance = 1, sa_iterations = 1000, initial_temperature = 3.0, cooling_rate = 0.999
26 - INFO - chord#: 20 done. best_score=101.0, changed=615, unchanged=466, early_stops=8/8
26 - INFO - chord#: 24 In build_straw_man_chord_sa. tolerance = 1, sa_iterations = 1000, initial_temperature = 3.0, cooling_rate = 0.999
26 - INFO - chord#: 24 done. best_score=27.0, changed=517, unchanged=451, early_stops=8/8
26 - INFO - chord#: 26 In build_straw_man_chord_sa. tolerance = 1, sa_iterations = 1000, initial_temperature = 3.0, cooling_rate = 0.999
26 - INFO - chord#: 24 done. best_score=27.0, changed=523, unchanged=527, early_stops=8/8
26 - INFO - chord#: 26 In build_straw_man_chord_sa. tolerance = 1, sa_iterations = 1000, initial_temperature = 3.0, cooling_rate = 0.999
26 - INFO - chord#: 24 done. best_score=27.0, changed=522, unchanged=382, early_stops=8/8
26 - INFO - chord#: 26 In build_straw_man_chord_sa. tolerance = 1, sa_iterations = 1000, initial_temperature = 3.0, cooling_rate = 0.999
26 - INFO - chord#: 24 done. best_score=27.0, changed=519, unchanged=359, early_stops=8/8
26 - INFO - chord#: 26 In build_straw_man_chord_sa. tolerance = 1, sa_iterations = 1000, initial_temperature = 3.0, cooling_rate = 0.999
26 - INFO - chord#: 20 done. best_score=78.0, changed=612, unchanged=240, early_stops=8/8
26 - INFO - chord#: 24 In build_straw_man_chord_sa. tolerance = 1, sa_iterations = 1000, initial_temperature = 3.0, cooling_rate = 0.999
26 - INFO - chord#: 24 done. best_score=27.0, changed=518, unchanged=443, early_stops=8/8
26 - INFO - chord#: 26 In build_straw_man_chord_sa. tolerance = 1, sa_iterations = 1000, initial_temperature = 3.0, cooling_rate = 0.999
26 - INFO - chord#: 20 done. best_score=78.0, changed=612, unchanged=259, early_stops=8/8
26 - INFO - chord#: 24 In build_straw_man_chord_sa. tolerance = 1, sa_iterations = 1000, initial_temperature = 3.0, cooling_rate = 0.999
26 - INFO - chord#: 20 done. best_score=119.0, changed=613, unchanged=379, early_stops=8/8
26 - INFO - chord#: 24 In build_straw_man_chord_sa. tolerance = 1, sa_iterations = 1000, initial_temperature = 3.0, cooling_rate = 0.999
26 - INFO - chord#: 20 done. best_score=96.0, changed=611, unchanged=378, early_stops=8/8
26 - INFO - chord#: 24 In build_straw_man_chord_sa. tolerance = 1, sa_iterations = 1000, initial_temperature = 3.0, cooling_rate = 0.999
26 - INFO - chord#: 24 done. best_score=27.0, changed=515, unchanged=339, early_stops=8/8
26 - INFO - chord#: 26 In build_straw_man_chord_sa. tolerance = 1, sa_iterations = 1000, initial_temperature = 3.0, cooling_rate = 0.999
26 - INFO - chord#: 20 done. best_score=137.0, changed=614, unchanged=400, early_stops=8/8
26 - INFO - chord#: 24 In build_straw_man_chord_sa. tolerance = 1, sa_iterations = 1000, initial_temperature = 3.0, cooling_rate = 0.999
26 - INFO - chord#: 26 done. best_score=96.0, changed=611, unchanged=330, early_stops=8/8
26 - INFO - chord#: 28 In build_straw_man_chord_sa. tolerance = 1, sa_iterations = 1000, initial_temperature = 3.0, cooling_rate = 0.999
26 - INFO - chord#: 20 done. best_score=67.0, changed=614, unchanged=414, early_stops=8/8
26 - INFO - chord#: 24 In build_straw_man_chord_sa. tolerance = 1, sa_iterations = 1000, initial_temperature = 3.0, cooling_rate = 0.999
26 - INFO - chord#: 26 done. best_score=96.0, changed=615, unchanged=296, early_stops=8/8
26 - INFO - chord#: 28 In build_straw_man_chord_sa. tolerance = 1, sa_iterations = 1000, initial_temperature = 3.0, cooling_rate = 0.999
26 - INFO - chord#: 26 done. best_score=67.0, changed=614, unchanged=329, early_stops=8/8
26 - INFO - chord#: 28 In build_straw_man_chord_sa. tolerance = 1, sa_iterations = 1000, initial_temperature = 3.0, cooling_rate = 0.999
26 - INFO - chord#: 20 done. best_score=78.0, changed=615, unchanged=490, early_stops=8/8
26 - INFO - chord#: 24 In build_straw_man_chord_sa. tolerance = 1, sa_iterations = 1000, initial_temperature = 3.0, cooling_rate = 0.999
26 - INFO - chord#: 24 done. best_score=27.0, changed=513, unchanged=409, early_stops=8/8
26 - INFO - chord#: 26 In build_straw_man_chord_sa. tolerance = 1, sa_iterations = 1000, initial_temperature = 3.0, cooling_rate = 0.999
26 - INFO - chord#: 24 done. best_score=27.0, changed=526, unchanged=654, early_stops=8/8
26 - INFO - chord#: 26 In build_straw_man_chord_sa. tolerance = 1, sa_iterations = 1000, initial_temperature = 3.0, cooling_rate = 0.999
26 - INFO - chord#: 28 done. best_score=27.0, changed=516, unchanged=352, early_stops=8/8
26 - INFO - chord#: 32 In build_straw_man_chord_sa. tolerance = 1, sa_iterations = 1000, initial_temperature = 3.0, cooling_rate = 0.999
26 - INFO - chord#: 24 done. best_score=27.0, changed=535, unchanged=699, early_stops=8/8
26 - INFO - chord#: 26 In build_straw_man_chord_sa. tolerance = 1, sa_iterations = 1000, initial_temperature = 3.0, cooling_rate = 0.999
26 - INFO - chord#: 26 done. best_score=67.0, changed=613, unchanged=473, early_stops=8/8
26 - INFO - chord#: 28 In build_straw_man_chord_sa. tolerance = 1, sa_iterations = 1000, initial_temperature = 3.0, cooling_rate = 0.999
26 - INFO - chord#: 24 done. best_score=27.0, changed=517, unchanged=309, early_stops=8/8
26 - INFO - chord#: 26 In build_straw_man_chord_sa. tolerance = 1, sa_iterations = 1000, initial_temperature = 3.0, cooling_rate = 0.999
26 - INFO - chord#: 24 done. best_score=27.0, changed=519, unchanged=513, early_stops=8/8
26 - INFO - chord#: 26 In build_straw_man_chord_sa. tolerance = 1, sa_iterations = 1000, initial_temperature = 3.0, cooling_rate = 0.999
26 - INFO - chord#: 26 done. best_score=157.0, changed=608, unchanged=392, early_stops=8/8
26 - INFO - chord#: 28 In build_straw_man_chord_sa. tolerance = 1, sa_iterations = 1000, initial_temperature = 3.0, cooling_rate = 0.999
26 - INFO - chord#: 28 done. best_score=27.0, changed=516, unchanged=416, early_stops=8/8
26 - INFO - chord#: 32 In build_straw_man_chord_sa. tolerance = 1, sa_iterations = 1000, initial_temperature = 3.0, cooling_rate = 0.999
26 - INFO - chord#: 28 done. best_score=27.0, changed=523, unchanged=431, early_stops=8/8
26 - INFO - chord#: 32 In build_straw_man_chord_sa. tolerance = 1, sa_iterations = 1000, initial_temperature = 3.0, cooling_rate = 0.999
26 - INFO - chord#: 24 done. best_score=27.0, changed=519, unchanged=398, early_stops=8/8
26 - INFO - chord#: 26 In build_straw_man_chord_sa. tolerance = 1, sa_iterations = 1000, initial_temperature = 3.0, cooling_rate = 0.999
26 - INFO - chord#: 32 done. best_score=36.0, changed=518, unchanged=328, early_stops=8/8
26 - INFO - chord#: 36 In build_straw_man_chord_sa. tolerance = 1, sa_iterations = 1000, initial_temperature = 3.0, cooling_rate = 0.999
26 - INFO - chord#: 28 done. best_score=27.0, changed=522, unchanged=461, early_stops=8/8
26 - INFO - chord#: 32 In build_straw_man_chord_sa. tolerance = 1, sa_iterations = 1000, initial_temperature = 3.0, cooling_rate = 0.999
26 - INFO - chord#: 28 done. best_score=27.0, changed=532, unchanged=536, early_stops=8/8
26 - INFO - chord#: 32 In build_straw_man_chord_sa. tolerance = 1, sa_iterations = 1000, initial_temperature = 3.0, cooling_rate = 0.999
26 - INFO - chord#: 32 done. best_score=36.0, changed=518, unchanged=372, early_stops=8/8
26 - INFO - chord#: 36 In build_straw_man_chord_sa. tolerance = 1, sa_iterations = 1000, initial_temperature = 3.0, cooling_rate = 0.999
26 - INFO - chord#: 32 done. best_score=36.0, changed=525, unchanged=364, early_stops=8/8
26 - INFO - chord#: 36 In build_straw_man_chord_sa. tolerance = 1, sa_iterations = 1000, initial_temperature = 3.0, cooling_rate = 0.999
26 - INFO - chord#: 26 done. best_score=67.0, changed=610, unchanged=298, early_stops=8/8
26 - INFO - chord#: 28 In build_straw_man_chord_sa. tolerance = 1, sa_iterations = 1000, initial_temperature = 3.0, cooling_rate = 0.999
26 - INFO - chord#: 26 done. best_score=67.0, changed=609, unchanged=254, early_stops=8/8
26 - INFO - chord#: 28 In build_straw_man_chord_sa. tolerance = 1, sa_iterations = 1000, initial_temperature = 3.0, cooling_rate = 0.999
26 - INFO - chord#: 36 done. best_score=27.0, changed=523, unchanged=456, early_stops=8/8
26 - INFO - chord#: 40 In build_straw_man_chord_sa. tolerance = 1, sa_iterations = 1000, initial_temperature = 3.0, cooling_rate = 0.999
26 - INFO - chord#: 32 done. best_score=36.0, changed=526, unchanged=438, early_stops=8/8
26 - INFO - chord#: 36 In build_straw_man_chord_sa. tolerance = 1, sa_iterations = 1000, initial_temperature = 3.0, cooling_rate = 0.999
26 - INFO - chord#: 26 done. best_score=137.0, changed=609, unchanged=290, early_stops=8/8
26 - INFO - chord#: 28 In build_straw_man_chord_sa. tolerance = 1, sa_iterations = 1000, initial_temperature = 3.0, cooling_rate = 0.999
26 - INFO - chord#: 32 done. best_score=36.0, changed=525, unchanged=358, early_stops=8/8
26 - INFO - chord#: 36 In build_straw_man_chord_sa. tolerance = 1, sa_iterations = 1000, initial_temperature = 3.0, cooling_rate = 0.999
26 - INFO - chord#: 26 done. best_score=67.0, changed=607, unchanged=210, early_stops=8/8
26 - INFO - chord#: 28 In build_straw_man_chord_sa. tolerance = 1, sa_iterations = 1000, initial_temperature = 3.0, cooling_rate = 0.999
26 - INFO - chord#: 36 done. best_score=27.0, changed=519, unchanged=461, early_stops=8/8
26 - INFO - chord#: 40 In build_straw_man_chord_sa. tolerance = 1, sa_iterations = 1000, initial_temperature = 3.0, cooling_rate = 0.999
26 - INFO - chord#: 36 done. best_score=27.0, changed=520, unchanged=552, early_stops=8/8
26 - INFO - chord#: 40 In build_straw_man_chord_sa. tolerance = 1, sa_iterations = 1000, initial_temperature = 3.0, cooling_rate = 0.999
26 - INFO - chord#: 28 done. best_score=27.0, changed=515, unchanged=388, early_stops=8/8
26 - INFO - chord#: 32 In build_straw_man_chord_sa. tolerance = 1, sa_iterations = 1000, initial_temperature = 3.0, cooling_rate = 0.999
26 - INFO - chord#: 26 done. best_score=67.0, changed=608, unchanged=238, early_stops=8/8
26 - INFO - chord#: 28 In build_straw_man_chord_sa. tolerance = 1, sa_iterations = 1000, initial_temperature = 3.0, cooling_rate = 0.999
26 - INFO - chord#: 28 done. best_score=27.0, changed=519, unchanged=481, early_stops=8/8
26 - INFO - chord#: 32 In build_straw_man_chord_sa. tolerance = 1, sa_iterations = 1000, initial_temperature = 3.0, cooling_rate = 0.999
26 - INFO - chord#: 40 done. best_score=27.0, changed=515, unchanged=439, early_stops=8/8
26 - INFO - chord#: 42 In build_straw_man_chord_sa. tolerance = 1, sa_iterations = 1000, initial_temperature = 3.0, cooling_rate = 0.999
26 - INFO - chord#: 36 done. best_score=27.0, changed=518, unchanged=397, early_stops=8/8
26 - INFO - chord#: 40 In build_straw_man_chord_sa. tolerance = 1, sa_iterations = 1000, initial_temperature = 3.0, cooling_rate = 0.999
26 - INFO - chord#: 26 done. best_score=137.0, changed=610, unchanged=433, early_stops=8/8
26 - INFO - chord#: 28 In build_straw_man_chord_sa. tolerance = 1, sa_iterations = 1000, initial_temperature = 3.0, cooling_rate = 0.999
26 - INFO - chord#: 36 done. best_score=27.0, changed=519, unchanged=472, early_stops=8/8
26 - INFO - chord#: 40 In build_straw_man_chord_sa. tolerance = 1, sa_iterations = 1000, initial_temperature = 3.0, cooling_rate = 0.999
26 - INFO - chord#: 28 done. best_score=27.0, changed=522, unchanged=378, early_stops=8/8
26 - INFO - chord#: 32 In build_straw_man_chord_sa. tolerance = 1, sa_iterations = 1000, initial_temperature = 3.0, cooling_rate = 0.999
26 - INFO - chord#: 40 done. best_score=27.0, changed=523, unchanged=441, early_stops=8/8
26 - INFO - chord#: 42 In build_straw_man_chord_sa. tolerance = 1, sa_iterations = 1000, initial_temperature = 3.0, cooling_rate = 0.999
26 - INFO - chord#: 40 done. best_score=27.0, changed=525, unchanged=635, early_stops=8/8
26 - INFO - chord#: 42 In build_straw_man_chord_sa. tolerance = 1, sa_iterations = 1000, initial_temperature = 3.0, cooling_rate = 0.999
26 - INFO - chord#: 28 done. best_score=27.0, changed=517, unchanged=495, early_stops=8/8
26 - INFO - chord#: 32 In build_straw_man_chord_sa. tolerance = 1, sa_iterations = 1000, initial_temperature = 3.0, cooling_rate = 0.999
26 - INFO - chord#: 42 done. best_score=72.0, changed=526, unchanged=343, early_stops=8/8
26 - INFO - chord#: 44 In build_straw_man_chord_sa. tolerance = 1, sa_iterations = 1000, initial_temperature = 3.0, cooling_rate = 0.999
26 - INFO - chord#: 26 done. best_score=67.0, changed=614, unchanged=392, early_stops=8/8
26 - INFO - chord#: 28 In build_straw_man_chord_sa. tolerance = 1, sa_iterations = 1000, initial_temperature = 3.0, cooling_rate = 0.999
26 - INFO - chord#: 32 done. best_score=36.0, changed=522, unchanged=354, early_stops=8/8
26 - INFO - chord#: 36 In build_straw_man_chord_sa. tolerance = 1, sa_iterations = 1000, initial_temperature = 3.0, cooling_rate = 0.999
26 - INFO - chord#: 32 done. best_score=36.0, changed=527, unchanged=449, early_stops=8/8
26 - INFO - chord#: 36 In build_straw_man_chord_sa. tolerance = 1, sa_iterations = 1000, initial_temperature = 3.0, cooling_rate = 0.999
26 - INFO - chord#: 28 done. best_score=27.0, changed=526, unchanged=516, early_stops=8/8
26 - INFO - chord#: 32 In build_straw_man_chord_sa. tolerance = 1, sa_iterations = 1000, initial_temperature = 3.0, cooling_rate = 0.999
26 - INFO - chord#: 40 done. best_score=27.0, changed=522, unchanged=493, early_stops=8/8
26 - INFO - chord#: 42 In build_straw_man_chord_sa. tolerance = 1, sa_iterations = 1000, initial_temperature = 3.0, cooling_rate = 0.999
26 - INFO - chord#: 42 done. best_score=36.0, changed=530, unchanged=352, early_stops=8/8
26 - INFO - chord#: 44 In build_straw_man_chord_sa. tolerance = 1, sa_iterations = 1000, initial_temperature = 3.0, cooling_rate = 0.999
26 - INFO - chord#: 40 done. best_score=27.0, changed=521, unchanged=404, early_stops=8/8
26 - INFO - chord#: 42 In build_straw_man_chord_sa. tolerance = 1, sa_iterations = 1000, initial_temperature = 3.0, cooling_rate = 0.999
26 - INFO - chord#: 42 done. best_score=36.0, changed=532, unchanged=344, early_stops=8/8
26 - INFO - chord#: 44 In build_straw_man_chord_sa. tolerance = 1, sa_iterations = 1000, initial_temperature = 3.0, cooling_rate = 0.999
26 - INFO - chord#: 28 done. best_score=27.0, changed=520, unchanged=411, early_stops=8/8
26 - INFO - chord#: 32 In build_straw_man_chord_sa. tolerance = 1, sa_iterations = 1000, initial_temperature = 3.0, cooling_rate = 0.999
26 - INFO - chord#: 44 done. best_score=27.0, changed=517, unchanged=460, early_stops=8/8
26 - INFO - chord#: 46 In build_straw_man_chord_sa. tolerance = 1, sa_iterations = 1000, initial_temperature = 3.0, cooling_rate = 0.999
26 - INFO - chord#: 32 done. best_score=36.0, changed=522, unchanged=478, early_stops=8/8
26 - INFO - chord#: 36 In build_straw_man_chord_sa. tolerance = 1, sa_iterations = 1000, initial_temperature = 3.0, cooling_rate = 0.999
26 - INFO - chord#: 32 done. best_score=36.0, changed=520, unchanged=456, early_stops=8/8
26 - INFO - chord#: 36 In build_straw_man_chord_sa. tolerance = 1, sa_iterations = 1000, initial_temperature = 3.0, cooling_rate = 0.999
26 - INFO - chord#: 42 done. best_score=36.0, changed=529, unchanged=322, early_stops=8/8
26 - INFO - chord#: 44 In build_straw_man_chord_sa. tolerance = 1, sa_iterations = 1000, initial_temperature = 3.0, cooling_rate = 0.999
26 - INFO - chord#: 32 done. best_score=36.0, changed=513, unchanged=303, early_stops=8/8
26 - INFO - chord#: 36 done. best_score=27.0, changed=526, unchanged=486, early_stops=8/8
26 - INFO - chord#: 36 In build_straw_man_chord_sa. tolerance = 1, sa_iterations = 1000, initial_temperature = 3.0, cooling_rate = 0.999
26 - INFO - chord#: 40 In build_straw_man_chord_sa. tolerance = 1, sa_iterations = 1000, initial_temperature = 3.0, cooling_rate = 0.999
26 - INFO - chord#: 28 done. best_score=27.0, changed=523, unchanged=425, early_stops=8/8
26 - INFO - chord#: 32 In build_straw_man_chord_sa. tolerance = 1, sa_iterations = 1000, initial_temperature = 3.0, cooling_rate = 0.999
26 - INFO - chord#: 36 done. best_score=27.0, changed=528, unchanged=470, early_stops=8/8
26 - INFO - chord#: 40 In build_straw_man_chord_sa. tolerance = 1, sa_iterations = 1000, initial_temperature = 3.0, cooling_rate = 0.999
26 - INFO - chord#: 42 done. best_score=36.0, changed=532, unchanged=351, early_stops=8/8
26 - INFO - chord#: 44 In build_straw_man_chord_sa. tolerance = 1, sa_iterations = 1000, initial_temperature = 3.0, cooling_rate = 0.999
26 - INFO - chord#: 44 done. best_score=27.0, changed=520, unchanged=356, early_stops=8/8
26 - INFO - chord#: 46 In build_straw_man_chord_sa. tolerance = 1, sa_iterations = 1000, initial_temperature = 3.0, cooling_rate = 0.999
26 - INFO - chord#: 44 done. best_score=27.0, changed=524, unchanged=553, early_stops=8/8
26 - INFO - chord#: 46 In build_straw_man_chord_sa. tolerance = 1, sa_iterations = 1000, initial_temperature = 3.0, cooling_rate = 0.999
26 - INFO - chord#: 32 done. best_score=36.0, changed=528, unchanged=395, early_stops=8/8
26 - INFO - chord#: 36 In build_straw_man_chord_sa. tolerance = 1, sa_iterations = 1000, initial_temperature = 3.0, cooling_rate = 0.999
26 - INFO - chord#: 36 done. best_score=27.0, changed=522, unchanged=401, early_stops=8/8
26 - INFO - chord#: 40 In build_straw_man_chord_sa. tolerance = 1, sa_iterations = 1000, initial_temperature = 3.0, cooling_rate = 0.999
26 - INFO - chord#: 40 done. best_score=27.0, changed=522, unchanged=431, early_stops=8/8
26 - INFO - chord#: 42 In build_straw_man_chord_sa. tolerance = 1, sa_iterations = 1000, initial_temperature = 3.0, cooling_rate = 0.999
26 - INFO - chord#: 44 done. best_score=27.0, changed=527, unchanged=438, early_stops=8/8
26 - INFO - chord#: 46 In build_straw_man_chord_sa. tolerance = 1, sa_iterations = 1000, initial_temperature = 3.0, cooling_rate = 0.999
26 - INFO - chord#: 44 done. best_score=27.0, changed=518, unchanged=326, early_stops=8/8
26 - INFO - chord#: 36 done. best_score=27.0, changed=524, unchanged=389, early_stops=8/8
26 - INFO - chord#: 46 In build_straw_man_chord_sa. tolerance = 1, sa_iterations = 1000, initial_temperature = 3.0, cooling_rate = 0.999
26 - INFO - chord#: 40 In build_straw_man_chord_sa. tolerance = 1, sa_iterations = 1000, initial_temperature = 3.0, cooling_rate = 0.999
26 - INFO - chord#: 36 done. best_score=27.0, changed=523, unchanged=444, early_stops=8/8
26 - INFO - chord#: 40 In build_straw_man_chord_sa. tolerance = 1, sa_iterations = 1000, initial_temperature = 3.0, cooling_rate = 0.999
26 - INFO - chord#: 40 done. best_score=27.0, changed=523, unchanged=445, early_stops=8/8
26 - INFO - chord#: 42 In build_straw_man_chord_sa. tolerance = 1, sa_iterations = 1000, initial_temperature = 3.0, cooling_rate = 0.999
26 - INFO - chord#: 32 done. best_score=36.0, changed=531, unchanged=432, early_stops=8/8
26 - INFO - chord#: 36 In build_straw_man_chord_sa. tolerance = 1, sa_iterations = 1000, initial_temperature = 3.0, cooling_rate = 0.999
26 - INFO - chord#: 42 done. best_score=36.0, changed=531, unchanged=308, early_stops=8/8
26 - INFO - chord#: 44 In build_straw_man_chord_sa. tolerance = 1, sa_iterations = 1000, initial_temperature = 3.0, cooling_rate = 0.999
26 - INFO - chord#: 46 done. best_score=74.0, changed=614, unchanged=298, early_stops=8/8
26 - INFO - chord#: 48 In build_straw_man_chord_sa. tolerance = 1, sa_iterations = 1000, initial_temperature = 3.0, cooling_rate = 0.999
26 - INFO - chord#: 36 done. best_score=27.0, changed=519, unchanged=389, early_stops=8/8
26 - INFO - chord#: 40 In build_straw_man_chord_sa. tolerance = 1, sa_iterations = 1000, initial_temperature = 3.0, cooling_rate = 0.999
26 - INFO - chord#: 46 done. best_score=74.0, changed=610, unchanged=216, early_stops=8/8
26 - INFO - chord#: 48 In build_straw_man_chord_sa. tolerance = 1, sa_iterations = 1000, initial_temperature = 3.0, cooling_rate = 0.999
26 - INFO - chord#: 40 done. best_score=27.0, changed=523, unchanged=386, early_stops=8/8
26 - INFO - chord#: 42 In build_straw_man_chord_sa. tolerance = 1, sa_iterations = 1000, initial_temperature = 3.0, cooling_rate = 0.999
26 - INFO - chord#: 40 done. best_score=27.0, changed=515, unchanged=338, early_stops=8/8
26 - INFO - chord#: 42 In build_straw_man_chord_sa. tolerance = 1, sa_iterations = 1000, initial_temperature = 3.0, cooling_rate = 0.999
26 - INFO - chord#: 42 done. best_score=36.0, changed=526, unchanged=387, early_stops=8/8
26 - INFO - chord#: 44 In build_straw_man_chord_sa. tolerance = 1, sa_iterations = 1000, initial_temperature = 3.0, cooling_rate = 0.999
26 - INFO - chord#: 40 done. best_score=27.0, changed=526, unchanged=405, early_stops=8/8
26 - INFO - chord#: 42 In build_straw_man_chord_sa. tolerance = 1, sa_iterations = 1000, initial_temperature = 3.0, cooling_rate = 0.999
26 - INFO - chord#: 36 done. best_score=27.0, changed=530, unchanged=469, early_stops=8/8
26 - INFO - chord#: 40 In build_straw_man_chord_sa. tolerance = 1, sa_iterations = 1000, initial_temperature = 3.0, cooling_rate = 0.999
26 - INFO - chord#: 46 done. best_score=121.0, changed=611, unchanged=408, early_stops=8/8
26 - INFO - chord#: 48 In build_straw_man_chord_sa. tolerance = 1, sa_iterations = 1000, initial_temperature = 3.0, cooling_rate = 0.999
26 - INFO - chord#: 44 done. best_score=27.0, changed=524, unchanged=410, early_stops=8/8
26 - INFO - chord#: 46 In build_straw_man_chord_sa. tolerance = 1, sa_iterations = 1000, initial_temperature = 3.0, cooling_rate = 0.999
26 - INFO - chord#: 48 done. best_score=27.0, changed=521, unchanged=378, early_stops=8/8
26 - INFO - chord#: 50 In build_straw_man_chord_sa. tolerance = 1, sa_iterations = 1000, initial_temperature = 3.0, cooling_rate = 0.999
26 - INFO - chord#: 46 done. best_score=104.0, changed=610, unchanged=218, early_stops=8/8
26 - INFO - chord#: 48 In build_straw_man_chord_sa. tolerance = 1, sa_iterations = 1000, initial_temperature = 3.0, cooling_rate = 0.999
26 - INFO - chord#: 48 done. best_score=27.0, changed=523, unchanged=423, early_stops=8/8
26 - INFO - chord#: 50 In build_straw_man_chord_sa. tolerance = 1, sa_iterations = 1000, initial_temperature = 3.0, cooling_rate = 0.999
26 - INFO - chord#: 46 done. best_score=74.0, changed=611, unchanged=265, early_stops=8/8
26 - INFO - chord#: 48 In build_straw_man_chord_sa. tolerance = 1, sa_iterations = 1000, initial_temperature = 3.0, cooling_rate = 0.999
26 - INFO - chord#: 40 done. best_score=27.0, changed=519, unchanged=394, early_stops=8/8
26 - INFO - chord#: 42 In build_straw_man_chord_sa. tolerance = 1, sa_iterations = 1000, initial_temperature = 3.0, cooling_rate = 0.999
26 - INFO - chord#: 42 done. best_score=36.0, changed=531, unchanged=334, early_stops=8/8
26 - INFO - chord#: 44 In build_straw_man_chord_sa. tolerance = 1, sa_iterations = 1000, initial_temperature = 3.0, cooling_rate = 0.999
26 - INFO - chord#: 42 done. best_score=36.0, changed=531, unchanged=346, early_stops=8/8
26 - INFO - chord#: 44 In build_straw_man_chord_sa. tolerance = 1, sa_iterations = 1000, initial_temperature = 3.0, cooling_rate = 0.999
26 - INFO - chord#: 42 done. best_score=36.0, changed=525, unchanged=317, early_stops=8/8
26 - INFO - chord#: 44 In build_straw_man_chord_sa. tolerance = 1, sa_iterations = 1000, initial_temperature = 3.0, cooling_rate = 0.999
26 - INFO - chord#: 48 done. best_score=27.0, changed=530, unchanged=507, early_stops=8/8
26 - INFO - chord#: 50 In build_straw_man_chord_sa. tolerance = 1, sa_iterations = 1000, initial_temperature = 3.0, cooling_rate = 0.999
26 - INFO - chord#: 50 done. best_score=27.0, changed=537, unchanged=539, early_stops=8/8
26 - INFO - chord#: 52 In build_straw_man_chord_sa. tolerance = 1, sa_iterations = 1000, initial_temperature = 3.0, cooling_rate = 0.999
26 - INFO - chord#: 40 done. best_score=27.0, changed=527, unchanged=411, early_stops=8/8
26 - INFO - chord#: 42 In build_straw_man_chord_sa. tolerance = 1, sa_iterations = 1000, initial_temperature = 3.0, cooling_rate = 0.999
26 - INFO - chord#: 44 done. best_score=27.0, changed=513, unchanged=435, early_stops=8/8
26 - INFO - chord#: 48 done. best_score=27.0, changed=517, unchanged=497, early_stops=8/8
26 - INFO - chord#: 46 In build_straw_man_chord_sa. tolerance = 1, sa_iterations = 1000, initial_temperature = 3.0, cooling_rate = 0.999
26 - INFO - chord#: 50 In build_straw_man_chord_sa. tolerance = 1, sa_iterations = 1000, initial_temperature = 3.0, cooling_rate = 0.999
26 - INFO - chord#: 50 done. best_score=27.0, changed=528, unchanged=465, early_stops=8/8
26 - INFO - chord#: 52 In build_straw_man_chord_sa. tolerance = 1, sa_iterations = 1000, initial_temperature = 3.0, cooling_rate = 0.999
26 - INFO - chord#: 48 done. best_score=27.0, changed=521, unchanged=483, early_stops=8/8
26 - INFO - chord#: 50 In build_straw_man_chord_sa. tolerance = 1, sa_iterations = 1000, initial_temperature = 3.0, cooling_rate = 0.999
26 - INFO - chord#: 42 done. best_score=36.0, changed=524, unchanged=353, early_stops=8/8
26 - INFO - chord#: 44 In build_straw_man_chord_sa. tolerance = 1, sa_iterations = 1000, initial_temperature = 3.0, cooling_rate = 0.999
26 - INFO - chord#: 44 done. best_score=27.0, changed=517, unchanged=369, early_stops=8/8
26 - INFO - chord#: 46 In build_straw_man_chord_sa. tolerance = 1, sa_iterations = 1000, initial_temperature = 3.0, cooling_rate = 0.999
26 - INFO - chord#: 44 done. best_score=27.0, changed=517, unchanged=379, early_stops=8/8
26 - INFO - chord#: 46 In build_straw_man_chord_sa. tolerance = 1, sa_iterations = 1000, initial_temperature = 3.0, cooling_rate = 0.999
26 - INFO - chord#: 50 done. best_score=27.0, changed=523, unchanged=360, early_stops=8/8
26 - INFO - chord#: 52 In build_straw_man_chord_sa. tolerance = 1, sa_iterations = 1000, initial_temperature = 3.0, cooling_rate = 0.999
26 - INFO - chord#: 44 done. best_score=27.0, changed=523, unchanged=369, early_stops=8/8
26 - INFO - chord#: 46 In build_straw_man_chord_sa. tolerance = 1, sa_iterations = 1000, initial_temperature = 3.0, cooling_rate = 0.999
26 - INFO - chord#: 42 done. best_score=36.0, changed=527, unchanged=309, early_stops=8/8
26 - INFO - chord#: 44 In build_straw_man_chord_sa. tolerance = 1, sa_iterations = 1000, initial_temperature = 3.0, cooling_rate = 0.999
26 - INFO - chord#: 50 done. best_score=27.0, changed=536, unchanged=487, early_stops=8/8
26 - INFO - chord#: 52 In build_straw_man_chord_sa. tolerance = 1, sa_iterations = 1000, initial_temperature = 3.0, cooling_rate = 0.999
26 - INFO - chord#: 46 done. best_score=74.0, changed=613, unchanged=418, early_stops=8/8
26 - INFO - chord#: 48 In build_straw_man_chord_sa. tolerance = 1, sa_iterations = 1000, initial_temperature = 3.0, cooling_rate = 0.999
26 - INFO - chord#: 50 done. best_score=27.0, changed=529, unchanged=379, early_stops=8/8
26 - INFO - chord#: 52 In build_straw_man_chord_sa. tolerance = 1, sa_iterations = 1000, initial_temperature = 3.0, cooling_rate = 0.999
26 - INFO - chord#: 44 done. best_score=27.0, changed=525, unchanged=454, early_stops=8/8
26 - INFO - chord#: 46 In build_straw_man_chord_sa. tolerance = 1, sa_iterations = 1000, initial_temperature = 3.0, cooling_rate = 0.999
26 - INFO - chord#: 52 done. best_score=67.0, changed=610, unchanged=260, early_stops=8/8
26 - INFO - chord#: 56 In build_straw_man_chord_sa. tolerance = 1, sa_iterations = 1000, initial_temperature = 3.0, cooling_rate = 0.999
26 - INFO - chord#: 52 done. best_score=67.0, changed=606, unchanged=203, early_stops=8/8
26 - INFO - chord#: 56 In build_straw_man_chord_sa. tolerance = 1, sa_iterations = 1000, initial_temperature = 3.0, cooling_rate = 0.999
26 - INFO - chord#: 44 done. best_score=27.0, changed=530, unchanged=528, early_stops=8/8
26 - INFO - chord#: 46 In build_straw_man_chord_sa. tolerance = 1, sa_iterations = 1000, initial_temperature = 3.0, cooling_rate = 0.999
26 - INFO - chord#: 46 done. best_score=96.0, changed=608, unchanged=216, early_stops=8/8
26 - INFO - chord#: 48 In build_straw_man_chord_sa. tolerance = 1, sa_iterations = 1000, initial_temperature = 3.0, cooling_rate = 0.999
26 - INFO - chord#: 48 done. best_score=27.0, changed=523, unchanged=519, early_stops=8/8
26 - INFO - chord#: 50 In build_straw_man_chord_sa. tolerance = 1, sa_iterations = 1000, initial_temperature = 3.0, cooling_rate = 0.999
26 - INFO - chord#: 52 done. best_score=125.0, changed=609, unchanged=270, early_stops=8/8
26 - INFO - chord#: 56 In build_straw_man_chord_sa. tolerance = 1, sa_iterations = 1000, initial_temperature = 3.0, cooling_rate = 0.999
26 - INFO - chord#: 56 done. best_score=27.0, changed=520, unchanged=550, early_stops=8/8
26 - INFO - chord#: 58 In build_straw_man_chord_sa. tolerance = 1, sa_iterations = 1000, initial_temperature = 3.0, cooling_rate = 0.999
26 - INFO - chord#: 56 done. best_score=27.0, changed=526, unchanged=366, early_stops=8/8
26 - INFO - chord#: 58 In build_straw_man_chord_sa. tolerance = 1, sa_iterations = 1000, initial_temperature = 3.0, cooling_rate = 0.999
26 - INFO - chord#: 52 done. best_score=145.0, changed=609, unchanged=305, early_stops=8/8
26 - INFO - chord#: 56 In build_straw_man_chord_sa. tolerance = 1, sa_iterations = 1000, initial_temperature = 3.0, cooling_rate = 0.999
26 - INFO - chord#: 50 done. best_score=27.0, changed=524, unchanged=381, early_stops=8/8
26 - INFO - chord#: 52 In build_straw_man_chord_sa. tolerance = 1, sa_iterations = 1000, initial_temperature = 3.0, cooling_rate = 0.999
26 - INFO - chord#: 46 done. best_score=74.0, changed=610, unchanged=400, early_stops=8/8
26 - INFO - chord#: 48 In build_straw_man_chord_sa. tolerance = 1, sa_iterations = 1000, initial_temperature = 3.0, cooling_rate = 0.999
26 - INFO - chord#: 48 done. best_score=27.0, changed=514, unchanged=403, early_stops=8/8
26 - INFO - chord#: 50 In build_straw_man_chord_sa. tolerance = 1, sa_iterations = 1000, initial_temperature = 3.0, cooling_rate = 0.999
26 - INFO - chord#: 52 done. best_score=78.0, changed=611, unchanged=379, early_stops=8/8
26 - INFO - chord#: 56 In build_straw_man_chord_sa. tolerance = 1, sa_iterations = 1000, initial_temperature = 3.0, cooling_rate = 0.999
26 - INFO - chord#: 46 done. best_score=150.0, changed=613, unchanged=409, early_stops=8/8
26 - INFO - chord#: 48 In build_straw_man_chord_sa. tolerance = 1, sa_iterations = 1000, initial_temperature = 3.0, cooling_rate = 0.999
26 - INFO - chord#: 56 done. best_score=27.0, changed=511, unchanged=347, early_stops=8/8
26 - INFO - chord#: 58 In build_straw_man_chord_sa. tolerance = 1, sa_iterations = 1000, initial_temperature = 3.0, cooling_rate = 0.999
26 - INFO - chord#: 58 done. best_score=35.0, changed=524, unchanged=385, early_stops=8/8
26 - INFO - chord#: 60 In build_straw_man_chord_sa. tolerance = 1, sa_iterations = 1000, initial_temperature = 3.0, cooling_rate = 0.999
26 - INFO - chord#: 58 done. best_score=35.0, changed=518, unchanged=388, early_stops=8/8
26 - INFO - chord#: 60 In build_straw_man_chord_sa. tolerance = 1, sa_iterations = 1000, initial_temperature = 3.0, cooling_rate = 0.999
26 - INFO - chord#: 46 done. best_score=141.0, changed=608, unchanged=282, early_stops=8/8
26 - INFO - chord#: 48 In build_straw_man_chord_sa. tolerance = 1, sa_iterations = 1000, initial_temperature = 3.0, cooling_rate = 0.999
26 - INFO - chord#: 56 done. best_score=27.0, changed=513, unchanged=309, early_stops=8/8
26 - INFO - chord#: 58 In build_straw_man_chord_sa. tolerance = 1, sa_iterations = 1000, initial_temperature = 3.0, cooling_rate = 0.999
26 - INFO - chord#: 46 done. best_score=74.0, changed=620, unchanged=544, early_stops=8/8
26 - INFO - chord#: 48 In build_straw_man_chord_sa. tolerance = 1, sa_iterations = 1000, initial_temperature = 3.0, cooling_rate = 0.999
26 - INFO - chord#: 60 done. best_score=27.0, changed=516, unchanged=346, early_stops=8/8
26 - INFO - chord#: 64 In build_straw_man_chord_sa. tolerance = 1, sa_iterations = 1000, initial_temperature = 3.0, cooling_rate = 0.999
26 - INFO - chord#: 56 done. best_score=27.0, changed=519, unchanged=425, early_stops=8/8
26 - INFO - chord#: 58 In build_straw_man_chord_sa. tolerance = 1, sa_iterations = 1000, initial_temperature = 3.0, cooling_rate = 0.999
26 - INFO - chord#: 60 done. best_score=27.0, changed=519, unchanged=365, early_stops=8/8
26 - INFO - chord#: 64 In build_straw_man_chord_sa. tolerance = 1, sa_iterations = 1000, initial_temperature = 3.0, cooling_rate = 0.999
26 - INFO - chord#: 48 done. best_score=27.0, changed=527, unchanged=455, early_stops=8/8
26 - INFO - chord#: 50 In build_straw_man_chord_sa. tolerance = 1, sa_iterations = 1000, initial_temperature = 3.0, cooling_rate = 0.999
26 - INFO - chord#: 58 done. best_score=35.0, changed=520, unchanged=467, early_stops=8/8
26 - INFO - chord#: 60 In build_straw_man_chord_sa. tolerance = 1, sa_iterations = 1000, initial_temperature = 3.0, cooling_rate = 0.999
26 - INFO - chord#: 46 done. best_score=74.0, changed=608, unchanged=316, early_stops=8/8
26 - INFO - chord#: 48 In build_straw_man_chord_sa. tolerance = 1, sa_iterations = 1000, initial_temperature = 3.0, cooling_rate = 0.999
26 - INFO - chord#: 50 done. best_score=27.0, changed=524, unchanged=498, early_stops=8/8
26 - INFO - chord#: 52 In build_straw_man_chord_sa. tolerance = 1, sa_iterations = 1000, initial_temperature = 3.0, cooling_rate = 0.999
26 - INFO - chord#: 58 done. best_score=35.0, changed=522, unchanged=406, early_stops=8/8
26 - INFO - chord#: 60 In build_straw_man_chord_sa. tolerance = 1, sa_iterations = 1000, initial_temperature = 3.0, cooling_rate = 0.999
26 - INFO - chord#: 48 done. best_score=27.0, changed=522, unchanged=505, early_stops=8/8
26 - INFO - chord#: 50 In build_straw_man_chord_sa. tolerance = 1, sa_iterations = 1000, initial_temperature = 3.0, cooling_rate = 0.999
26 - INFO - chord#: 48 done. best_score=27.0, changed=518, unchanged=427, early_stops=8/8
26 - INFO - chord#: 50 In build_straw_man_chord_sa. tolerance = 1, sa_iterations = 1000, initial_temperature = 3.0, cooling_rate = 0.999
26 - INFO - chord#: 64 done. best_score=27.0, changed=521, unchanged=427, early_stops=8/8
26 - INFO - chord#: 68 In build_straw_man_chord_sa. tolerance = 1, sa_iterations = 1000, initial_temperature = 3.0, cooling_rate = 0.999
26 - INFO - chord#: 58 done. best_score=35.0, changed=524, unchanged=376, early_stops=8/8
26 - INFO - chord#: 60 done. best_score=27.0, changed=526, unchanged=365, early_stops=8/8
26 - INFO - chord#: 60 In build_straw_man_chord_sa. tolerance = 1, sa_iterations = 1000, initial_temperature = 3.0, cooling_rate = 0.999
26 - INFO - chord#: 64 In build_straw_man_chord_sa. tolerance = 1, sa_iterations = 1000, initial_temperature = 3.0, cooling_rate = 0.999
26 - INFO - chord#: 52 done. best_score=137.0, changed=614, unchanged=325, early_stops=8/8
26 - INFO - chord#: 56 In build_straw_man_chord_sa. tolerance = 1, sa_iterations = 1000, initial_temperature = 3.0, cooling_rate = 0.999
26 - INFO - chord#: 64 done. best_score=27.0, changed=517, unchanged=417, early_stops=8/8
26 - INFO - chord#: 68 In build_straw_man_chord_sa. tolerance = 1, sa_iterations = 1000, initial_temperature = 3.0, cooling_rate = 0.999
26 - INFO - chord#: 48 done. best_score=27.0, changed=532, unchanged=544, early_stops=8/8
26 - INFO - chord#: 50 In build_straw_man_chord_sa. tolerance = 1, sa_iterations = 1000, initial_temperature = 3.0, cooling_rate = 0.999
26 - INFO - chord#: 60 done. best_score=27.0, changed=516, unchanged=341, early_stops=8/8
26 - INFO - chord#: 64 In build_straw_man_chord_sa. tolerance = 1, sa_iterations = 1000, initial_temperature = 3.0, cooling_rate = 0.999
26 - INFO - chord#: 50 done. best_score=27.0, changed=531, unchanged=412, early_stops=8/8
26 - INFO - chord#: 52 In build_straw_man_chord_sa. tolerance = 1, sa_iterations = 1000, initial_temperature = 3.0, cooling_rate = 0.999
26 - INFO - chord#: 48 done. best_score=27.0, changed=522, unchanged=388, early_stops=8/8
26 - INFO - chord#: 50 In build_straw_man_chord_sa. tolerance = 1, sa_iterations = 1000, initial_temperature = 3.0, cooling_rate = 0.999
26 - INFO - chord#: 50 done. best_score=27.0, changed=537, unchanged=447, early_stops=8/8
26 - INFO - chord#: 52 In build_straw_man_chord_sa. tolerance = 1, sa_iterations = 1000, initial_temperature = 3.0, cooling_rate = 0.999
26 - INFO - chord#: 68 done. best_score=27.0, changed=528, unchanged=354, early_stops=8/8
26 - INFO - chord#: 70 In build_straw_man_chord_sa. tolerance = 1, sa_iterations = 1000, initial_temperature = 3.0, cooling_rate = 0.999
26 - INFO - chord#: 50 done. best_score=27.0, changed=526, unchanged=424, early_stops=8/8
26 - INFO - chord#: 52 In build_straw_man_chord_sa. tolerance = 1, sa_iterations = 1000, initial_temperature = 3.0, cooling_rate = 0.999
26 - INFO - chord#: 60 done. best_score=27.0, changed=517, unchanged=408, early_stops=8/8
26 - INFO - chord#: 64 In build_straw_man_chord_sa. tolerance = 1, sa_iterations = 1000, initial_temperature = 3.0, cooling_rate = 0.999
26 - INFO - chord#: 68 done. best_score=27.0, changed=521, unchanged=356, early_stops=8/8
26 - INFO - chord#: 70 In build_straw_man_chord_sa. tolerance = 1, sa_iterations = 1000, initial_temperature = 3.0, cooling_rate = 0.999
26 - INFO - chord#: 56 done. best_score=27.0, changed=523, unchanged=395, early_stops=8/8
26 - INFO - chord#: 58 In build_straw_man_chord_sa. tolerance = 1, sa_iterations = 1000, initial_temperature = 3.0, cooling_rate = 0.999
26 - INFO - chord#: 64 done. best_score=27.0, changed=520, unchanged=445, early_stops=8/8
26 - INFO - chord#: 68 In build_straw_man_chord_sa. tolerance = 1, sa_iterations = 1000, initial_temperature = 3.0, cooling_rate = 0.999
26 - INFO - chord#: 64 done. best_score=27.0, changed=516, unchanged=425, early_stops=8/8
26 - INFO - chord#: 68 In build_straw_man_chord_sa. tolerance = 1, sa_iterations = 1000, initial_temperature = 3.0, cooling_rate = 0.999
26 - INFO - chord#: 50 done. best_score=27.0, changed=523, unchanged=427, early_stops=8/8
26 - INFO - chord#: 52 In build_straw_man_chord_sa. tolerance = 1, sa_iterations = 1000, initial_temperature = 3.0, cooling_rate = 0.999
26 - INFO - chord#: 50 done. best_score=27.0, changed=516, unchanged=337, early_stops=8/8
26 - INFO - chord#: 52 In build_straw_man_chord_sa. tolerance = 1, sa_iterations = 1000, initial_temperature = 3.0, cooling_rate = 0.999
26 - INFO - chord#: 70 done. best_score=37.0, changed=523, unchanged=481, early_stops=8/8
26 - INFO - chord#: 72 In build_straw_man_chord_sa. tolerance = 1, sa_iterations = 1000, initial_temperature = 3.0, cooling_rate = 0.999
26 - INFO - chord#: 58 done. best_score=35.0, changed=527, unchanged=330, early_stops=8/8
26 - INFO - chord#: 60 In build_straw_man_chord_sa. tolerance = 1, sa_iterations = 1000, initial_temperature = 3.0, cooling_rate = 0.999
26 - INFO - chord#: 64 done. best_score=27.0, changed=519, unchanged=430, early_stops=8/8
26 - INFO - chord#: 68 In build_straw_man_chord_sa. tolerance = 1, sa_iterations = 1000, initial_temperature = 3.0, cooling_rate = 0.999
26 - INFO - chord#: 70 done. best_score=37.0, changed=524, unchanged=454, early_stops=8/8
26 - INFO - chord#: 72 In build_straw_man_chord_sa. tolerance = 1, sa_iterations = 1000, initial_temperature = 3.0, cooling_rate = 0.999
26 - INFO - chord#: 68 done. best_score=27.0, changed=527, unchanged=464, early_stops=8/8
26 - INFO - chord#: 70 In build_straw_man_chord_sa. tolerance = 1, sa_iterations = 1000, initial_temperature = 3.0, cooling_rate = 0.999
26 - INFO - chord#: 52 done. best_score=67.0, changed=615, unchanged=301, early_stops=8/8
26 - INFO - chord#: 56 In build_straw_man_chord_sa. tolerance = 1, sa_iterations = 1000, initial_temperature = 3.0, cooling_rate = 0.999
26 - INFO - chord#: 72 done. best_score=11.0, changed=500, unchanged=322, early_stops=8/8
26 - INFO - chord#: 74 In build_straw_man_chord_sa. tolerance = 1, sa_iterations = 1000, initial_temperature = 3.0, cooling_rate = 0.999
26 - INFO - chord#: 68 done. best_score=27.0, changed=528, unchanged=405, early_stops=8/8
26 - INFO - chord#: 70 In build_straw_man_chord_sa. tolerance = 1, sa_iterations = 1000, initial_temperature = 3.0, cooling_rate = 0.999
26 - INFO - chord#: 72 done. best_score=11.0, changed=472, unchanged=337, early_stops=8/8
26 - INFO - chord#: 74 In build_straw_man_chord_sa. tolerance = 1, sa_iterations = 1000, initial_temperature = 3.0, cooling_rate = 0.999
26 - INFO - chord#: 60 done. best_score=27.0, changed=519, unchanged=352, early_stops=8/8
26 - INFO - chord#: 64 In build_straw_man_chord_sa. tolerance = 1, sa_iterations = 1000, initial_temperature = 3.0, cooling_rate = 0.999
26 - INFO - chord#: 52 done. best_score=145.0, changed=610, unchanged=273, early_stops=8/8
26 - INFO - chord#: 56 In build_straw_man_chord_sa. tolerance = 1, sa_iterations = 1000, initial_temperature = 3.0, cooling_rate = 0.999
26 - INFO - chord#: 68 done. best_score=27.0, changed=522, unchanged=325, early_stops=8/8
26 - INFO - chord#: 70 In build_straw_man_chord_sa. tolerance = 1, sa_iterations = 1000, initial_temperature = 3.0, cooling_rate = 0.999
26 - INFO - chord#: 70 done. best_score=35.0, changed=518, unchanged=354, early_stops=8/8
26 - INFO - chord#: 72 In build_straw_man_chord_sa. tolerance = 1, sa_iterations = 1000, initial_temperature = 3.0, cooling_rate = 0.999
26 - INFO - chord#: 70 done. best_score=37.0, changed=519, unchanged=452, early_stops=8/8
26 - INFO - chord#: 72 In build_straw_man_chord_sa. tolerance = 1, sa_iterations = 1000, initial_temperature = 3.0, cooling_rate = 0.999
26 - INFO - chord#: 72 done. best_score=11.0, changed=496, unchanged=319, early_stops=8/8
26 - INFO - chord#: 74 In build_straw_man_chord_sa. tolerance = 1, sa_iterations = 1000, initial_temperature = 3.0, cooling_rate = 0.999
26 - INFO - chord#: 72 done. best_score=11.0, changed=483, unchanged=362, early_stops=8/8
26 - INFO - chord#: 74 In build_straw_man_chord_sa. tolerance = 1, sa_iterations = 1000, initial_temperature = 3.0, cooling_rate = 0.999
26 - INFO - chord#: 56 done. best_score=27.0, changed=521, unchanged=387, early_stops=8/8
26 - INFO - chord#: 58 In build_straw_man_chord_sa. tolerance = 1, sa_iterations = 1000, initial_temperature = 3.0, cooling_rate = 0.999
26 - INFO - chord#: 64 done. best_score=27.0, changed=513, unchanged=398, early_stops=8/8
26 - INFO - chord#: 68 In build_straw_man_chord_sa. tolerance = 1, sa_iterations = 1000, initial_temperature = 3.0, cooling_rate = 0.999
26 - INFO - chord#: 52 done. best_score=67.0, changed=612, unchanged=300, early_stops=8/8
26 - INFO - chord#: 56 In build_straw_man_chord_sa. tolerance = 1, sa_iterations = 1000, initial_temperature = 3.0, cooling_rate = 0.999
26 - INFO - chord#: 70 done. best_score=35.0, changed=532, unchanged=390, early_stops=8/8
26 - INFO - chord#: 72 In build_straw_man_chord_sa. tolerance = 1, sa_iterations = 1000, initial_temperature = 3.0, cooling_rate = 0.999
26 - INFO - chord#: 72 done. best_score=13.0, changed=494, unchanged=321, early_stops=8/8
26 - INFO - chord#: 74 In build_straw_man_chord_sa. tolerance = 1, sa_iterations = 1000, initial_temperature = 3.0, cooling_rate = 0.999
26 - INFO - chord#: 52 done. best_score=67.0, changed=617, unchanged=450, early_stops=8/8
26 - INFO - chord#: 56 In build_straw_man_chord_sa. tolerance = 1, sa_iterations = 1000, initial_temperature = 3.0, cooling_rate = 0.999
26 - INFO - chord#: 56 done. best_score=27.0, changed=526, unchanged=570, early_stops=8/8
26 - INFO - chord#: 58 In build_straw_man_chord_sa. tolerance = 1, sa_iterations = 1000, initial_temperature = 3.0, cooling_rate = 0.999
26 - INFO - chord#: 52 done. best_score=137.0, changed=614, unchanged=315, early_stops=8/8
26 - INFO - chord#: 56 In build_straw_man_chord_sa. tolerance = 1, sa_iterations = 1000, initial_temperature = 3.0, cooling_rate = 0.999
26 - INFO - chord#: 58 done. best_score=35.0, changed=525, unchanged=368, early_stops=8/8
26 - INFO - chord#: 60 In build_straw_man_chord_sa. tolerance = 1, sa_iterations = 1000, initial_temperature = 3.0, cooling_rate = 0.999
26 - INFO - chord#: 74 done. best_score=147.0, changed=613, unchanged=416, early_stops=8/8
26 - INFO - chord#: 76 In build_straw_man_chord_sa. tolerance = 1, sa_iterations = 1000, initial_temperature = 3.0, cooling_rate = 0.999
26 - INFO - chord#: 74 done. best_score=101.0, changed=615, unchanged=371, early_stops=8/8
26 - INFO - chord#: 76 In build_straw_man_chord_sa. tolerance = 1, sa_iterations = 1000, initial_temperature = 3.0, cooling_rate = 0.999
26 - INFO - chord#: 68 done. best_score=27.0, changed=535, unchanged=536, early_stops=8/8
26 - INFO - chord#: 70 In build_straw_man_chord_sa. tolerance = 1, sa_iterations = 1000, initial_temperature = 3.0, cooling_rate = 0.999
26 - INFO - chord#: 56 done. best_score=27.0, changed=522, unchanged=449, early_stops=8/8
26 - INFO - chord#: 58 In build_straw_man_chord_sa. tolerance = 1, sa_iterations = 1000, initial_temperature = 3.0, cooling_rate = 0.999
26 - INFO - chord#: 52 done. best_score=78.0, changed=613, unchanged=468, early_stops=8/8
26 - INFO - chord#: 56 In build_straw_man_chord_sa. tolerance = 1, sa_iterations = 1000, initial_temperature = 3.0, cooling_rate = 0.999
26 - INFO - chord#: 74 done. best_score=94.0, changed=609, unchanged=280, early_stops=8/8
26 - INFO - chord#: 76 In build_straw_man_chord_sa. tolerance = 1, sa_iterations = 1000, initial_temperature = 3.0, cooling_rate = 0.999
26 - INFO - chord#: 58 done. best_score=35.0, changed=533, unchanged=392, early_stops=8/8
26 - INFO - chord#: 60 In build_straw_man_chord_sa. tolerance = 1, sa_iterations = 1000, initial_temperature = 3.0, cooling_rate = 0.999
26 - INFO - chord#: 56 done. best_score=36.0, changed=521, unchanged=359, early_stops=8/8
26 - INFO - chord#: 58 In build_straw_man_chord_sa. tolerance = 1, sa_iterations = 1000, initial_temperature = 3.0, cooling_rate = 0.999
26 - INFO - chord#: 76 done. best_score=27.0, changed=521, unchanged=337, early_stops=8/8
26 - INFO - chord#: 78 In build_straw_man_chord_sa. tolerance = 1, sa_iterations = 1000, initial_temperature = 3.0, cooling_rate = 0.999
26 - INFO - chord#: 60 done. best_score=27.0, changed=523, unchanged=405, early_stops=8/8
26 - INFO - chord#: 64 In build_straw_man_chord_sa. tolerance = 1, sa_iterations = 1000, initial_temperature = 3.0, cooling_rate = 0.999
26 - INFO - chord#: 56 done. best_score=27.0, changed=524, unchanged=373, early_stops=8/8
26 - INFO - chord#: 58 In build_straw_man_chord_sa. tolerance = 1, sa_iterations = 1000, initial_temperature = 3.0, cooling_rate = 0.999
26 - INFO - chord#: 76 done. best_score=27.0, changed=517, unchanged=441, early_stops=8/8
26 - INFO - chord#: 78 In build_straw_man_chord_sa. tolerance = 1, sa_iterations = 1000, initial_temperature = 3.0, cooling_rate = 0.999
26 - INFO - chord#: 70 done. best_score=37.0, changed=519, unchanged=476, early_stops=8/8
26 - INFO - chord#: 72 In build_straw_man_chord_sa. tolerance = 1, sa_iterations = 1000, initial_temperature = 3.0, cooling_rate = 0.999
26 - INFO - chord#: 74 done. best_score=127.0, changed=613, unchanged=433, early_stops=8/8
26 - INFO - chord#: 76 In build_straw_man_chord_sa. tolerance = 1, sa_iterations = 1000, initial_temperature = 3.0, cooling_rate = 0.999
26 - INFO - chord#: 72 done. best_score=11.0, changed=475, unchanged=339, early_stops=8/8
26 - INFO - chord#: 74 In build_straw_man_chord_sa. tolerance = 1, sa_iterations = 1000, initial_temperature = 3.0, cooling_rate = 0.999
26 - INFO - chord#: 74 done. best_score=116.0, changed=613, unchanged=342, early_stops=8/8
26 - INFO - chord#: 76 In build_straw_man_chord_sa. tolerance = 1, sa_iterations = 1000, initial_temperature = 3.0, cooling_rate = 0.999
26 - INFO - chord#: 58 done. best_score=35.0, changed=528, unchanged=412, early_stops=8/8
26 - INFO - chord#: 60 In build_straw_man_chord_sa. tolerance = 1, sa_iterations = 1000, initial_temperature = 3.0, cooling_rate = 0.999
26 - INFO - chord#: 76 done. best_score=27.0, changed=524, unchanged=424, early_stops=8/8
26 - INFO - chord#: 78 In build_straw_man_chord_sa. tolerance = 1, sa_iterations = 1000, initial_temperature = 3.0, cooling_rate = 0.999
26 - INFO - chord#: 56 done. best_score=27.0, changed=516, unchanged=408, early_stops=8/8
26 - INFO - chord#: 60 done. best_score=27.0, changed=521, unchanged=350, early_stops=8/8
26 - INFO - chord#: 58 In build_straw_man_chord_sa. tolerance = 1, sa_iterations = 1000, initial_temperature = 3.0, cooling_rate = 0.999
26 - INFO - chord#: 64 In build_straw_man_chord_sa. tolerance = 1, sa_iterations = 1000, initial_temperature = 3.0, cooling_rate = 0.999
26 - INFO - chord#: 58 done. best_score=35.0, changed=523, unchanged=373, early_stops=8/8
26 - INFO - chord#: 60 In build_straw_man_chord_sa. tolerance = 1, sa_iterations = 1000, initial_temperature = 3.0, cooling_rate = 0.999
26 - INFO - chord#: 58 done. best_score=35.0, changed=527, unchanged=375, early_stops=8/8
26 - INFO - chord#: 60 In build_straw_man_chord_sa. tolerance = 1, sa_iterations = 1000, initial_temperature = 3.0, cooling_rate = 0.999
26 - INFO - chord#: 64 done. best_score=27.0, changed=515, unchanged=334, early_stops=8/8
26 - INFO - chord#: 68 In build_straw_man_chord_sa. tolerance = 1, sa_iterations = 1000, initial_temperature = 3.0, cooling_rate = 0.999
26 - INFO - chord#: 76 done. best_score=27.0, changed=524, unchanged=380, early_stops=8/8
26 - INFO - chord#: 78 In build_straw_man_chord_sa. tolerance = 1, sa_iterations = 1000, initial_temperature = 3.0, cooling_rate = 0.999
26 - INFO - chord#: 76 done. best_score=36.0, changed=533, unchanged=320, early_stops=8/8
26 - INFO - chord#: 78 In build_straw_man_chord_sa. tolerance = 1, sa_iterations = 1000, initial_temperature = 3.0, cooling_rate = 0.999
26 - INFO - chord#: 60 done. best_score=27.0, changed=519, unchanged=422, early_stops=8/8
26 - INFO - chord#: 64 In build_straw_man_chord_sa. tolerance = 1, sa_iterations = 1000, initial_temperature = 3.0, cooling_rate = 0.999
26 - INFO - chord#: 64 done. best_score=27.0, changed=515, unchanged=371, early_stops=8/8
26 - INFO - chord#: 68 In build_straw_man_chord_sa. tolerance = 1, sa_iterations = 1000, initial_temperature = 3.0, cooling_rate = 0.999
26 - INFO - chord#: 58 done. best_score=35.0, changed=531, unchanged=481, early_stops=8/8
26 - INFO - chord#: 60 In build_straw_man_chord_sa. tolerance = 1, sa_iterations = 1000, initial_temperature = 3.0, cooling_rate = 0.999
26 - INFO - chord#: 60 done. best_score=27.0, changed=526, unchanged=396, early_stops=8/8
26 - INFO - chord#: 64 In build_straw_man_chord_sa. tolerance = 1, sa_iterations = 1000, initial_temperature = 3.0, cooling_rate = 0.999
26 - INFO - chord#: 60 done. best_score=27.0, changed=520, unchanged=350, early_stops=8/8
26 - INFO - chord#: 64 In build_straw_man_chord_sa. tolerance = 1, sa_iterations = 1000, initial_temperature = 3.0, cooling_rate = 0.999
26 - INFO - chord#: 78 done. best_score=164.0, changed=612, unchanged=318, early_stops=8/8
26 - INFO - chord#: 80 In build_straw_man_chord_sa. tolerance = 1, sa_iterations = 1000, initial_temperature = 3.0, cooling_rate = 0.999
26 - INFO - chord#: 68 done. best_score=27.0, changed=530, unchanged=365, early_stops=8/8
26 - INFO - chord#: 70 In build_straw_man_chord_sa. tolerance = 1, sa_iterations = 1000, initial_temperature = 3.0, cooling_rate = 0.999
26 - INFO - chord#: 74 done. best_score=94.0, changed=607, unchanged=243, early_stops=8/8
26 - INFO - chord#: 76 In build_straw_man_chord_sa. tolerance = 1, sa_iterations = 1000, initial_temperature = 3.0, cooling_rate = 0.999
26 - INFO - chord#: 64 done. best_score=27.0, changed=520, unchanged=424, early_stops=8/8
26 - INFO - chord#: 68 In build_straw_man_chord_sa. tolerance = 1, sa_iterations = 1000, initial_temperature = 3.0, cooling_rate = 0.999
26 - INFO - chord#: 68 done. best_score=27.0, changed=522, unchanged=375, early_stops=8/8
26 - INFO - chord#: 70 In build_straw_man_chord_sa. tolerance = 1, sa_iterations = 1000, initial_temperature = 3.0, cooling_rate = 0.999
26 - INFO - chord#: 78 done. best_score=121.0, changed=620, unchanged=535, early_stops=8/8
26 - INFO - chord#: 80 In build_straw_man_chord_sa. tolerance = 1, sa_iterations = 1000, initial_temperature = 3.0, cooling_rate = 0.999
26 - INFO - chord#: 78 done. best_score=149.0, changed=613, unchanged=327, early_stops=8/8
26 - INFO - chord#: 80 In build_straw_man_chord_sa. tolerance = 1, sa_iterations = 1000, initial_temperature = 3.0, cooling_rate = 0.999
26 - INFO - chord#: 60 done. best_score=27.0, changed=533, unchanged=482, early_stops=8/8
26 - INFO - chord#: 64 In build_straw_man_chord_sa. tolerance = 1, sa_iterations = 1000, initial_temperature = 3.0, cooling_rate = 0.999
26 - INFO - chord#: 78 done. best_score=74.0, changed=607, unchanged=215, early_stops=8/8
26 - INFO - chord#: 80 In build_straw_man_chord_sa. tolerance = 1, sa_iterations = 1000, initial_temperature = 3.0, cooling_rate = 0.999
26 - INFO - chord#: 64 done. best_score=27.0, changed=514, unchanged=437, early_stops=8/8
26 - INFO - chord#: 68 In build_straw_man_chord_sa. tolerance = 1, sa_iterations = 1000, initial_temperature = 3.0, cooling_rate = 0.999
26 - INFO - chord#: 78 done. best_score=149.0, changed=609, unchanged=239, early_stops=8/8
26 - INFO - chord#: 80 In build_straw_man_chord_sa. tolerance = 1, sa_iterations = 1000, initial_temperature = 3.0, cooling_rate = 0.999
26 - INFO - chord#: 70 done. best_score=37.0, changed=522, unchanged=374, early_stops=8/8
26 - INFO - chord#: 72 In build_straw_man_chord_sa. tolerance = 1, sa_iterations = 1000, initial_temperature = 3.0, cooling_rate = 0.999
26 - INFO - chord#: 76 done. best_score=27.0, changed=528, unchanged=369, early_stops=8/8
26 - INFO - chord#: 78 In build_straw_man_chord_sa. tolerance = 1, sa_iterations = 1000, initial_temperature = 3.0, cooling_rate = 0.999
26 - INFO - chord#: 64 done. best_score=27.0, changed=520, unchanged=492, early_stops=8/8
26 - INFO - chord#: 68 In build_straw_man_chord_sa. tolerance = 1, sa_iterations = 1000, initial_temperature = 3.0, cooling_rate = 0.999
26 - INFO - chord#: 72 done. best_score=11.0, changed=484, unchanged=343, early_stops=8/8
26 - INFO - chord#: 74 In build_straw_man_chord_sa. tolerance = 1, sa_iterations = 1000, initial_temperature = 3.0, cooling_rate = 0.999
26 - INFO - chord#: 68 done. best_score=27.0, changed=529, unchanged=328, early_stops=8/8
26 - INFO - chord#: 70 In build_straw_man_chord_sa. tolerance = 1, sa_iterations = 1000, initial_temperature = 3.0, cooling_rate = 0.999
26 - INFO - chord#: 70 done. best_score=37.0, changed=521, unchanged=358, early_stops=8/8
26 - INFO - chord#: 72 In build_straw_man_chord_sa. tolerance = 1, sa_iterations = 1000, initial_temperature = 3.0, cooling_rate = 0.999
26 - INFO - chord#: 64 done. best_score=27.0, changed=518, unchanged=480, early_stops=8/8
26 - INFO - chord#: 68 In build_straw_man_chord_sa. tolerance = 1, sa_iterations = 1000, initial_temperature = 3.0, cooling_rate = 0.999
26 - INFO - chord#: 80 done. best_score=145.0, changed=618, unchanged=283, early_stops=8/8
26 - INFO - chord#: 84 In build_straw_man_chord_sa. tolerance = 1, sa_iterations = 1000, initial_temperature = 3.0, cooling_rate = 0.999
26 - INFO - chord#: 72 done. best_score=11.0, changed=485, unchanged=338, early_stops=8/8
26 - INFO - chord#: 74 In build_straw_man_chord_sa. tolerance = 1, sa_iterations = 1000, initial_temperature = 3.0, cooling_rate = 0.999
26 - INFO - chord#: 68 done. best_score=27.0, changed=524, unchanged=419, early_stops=8/8
26 - INFO - chord#: 70 In build_straw_man_chord_sa. tolerance = 1, sa_iterations = 1000, initial_temperature = 3.0, cooling_rate = 0.999
26 - INFO - chord#: 68 done. best_score=27.0, changed=520, unchanged=339, early_stops=8/8
26 - INFO - chord#: 70 In build_straw_man_chord_sa. tolerance = 1, sa_iterations = 1000, initial_temperature = 3.0, cooling_rate = 0.999
26 - INFO - chord#: 84 done. best_score=27.0, changed=518, unchanged=404, early_stops=8/8
26 - INFO - chord#: 86 In build_straw_man_chord_sa. tolerance = 1, sa_iterations = 1000, initial_temperature = 3.0, cooling_rate = 0.999
26 - INFO - chord#: 70 done. best_score=37.0, changed=526, unchanged=399, early_stops=8/8
26 - INFO - chord#: 72 In build_straw_man_chord_sa. tolerance = 1, sa_iterations = 1000, initial_temperature = 3.0, cooling_rate = 0.999
26 - INFO - chord#: 80 done. best_score=140.0, changed=613, unchanged=229, early_stops=8/8
26 - INFO - chord#: 84 In build_straw_man_chord_sa. tolerance = 1, sa_iterations = 1000, initial_temperature = 3.0, cooling_rate = 0.999
26 - INFO - chord#: 68 done. best_score=27.0, changed=524, unchanged=408, early_stops=8/8
26 - INFO - chord#: 70 In build_straw_man_chord_sa. tolerance = 1, sa_iterations = 1000, initial_temperature = 3.0, cooling_rate = 0.999
26 - INFO - chord#: 72 done. best_score=11.0, changed=480, unchanged=333, early_stops=8/8
26 - INFO - chord#: 74 In build_straw_man_chord_sa. tolerance = 1, sa_iterations = 1000, initial_temperature = 3.0, cooling_rate = 0.999
26 - INFO - chord#: 80 done. best_score=140.0, changed=612, unchanged=386, early_stops=8/8
26 - INFO - chord#: 84 In build_straw_man_chord_sa. tolerance = 1, sa_iterations = 1000, initial_temperature = 3.0, cooling_rate = 0.999
26 - INFO - chord#: 80 done. best_score=140.0, changed=617, unchanged=413, early_stops=8/8
26 - INFO - chord#: 84 In build_straw_man_chord_sa. tolerance = 1, sa_iterations = 1000, initial_temperature = 3.0, cooling_rate = 0.999
26 - INFO - chord#: 70 done. best_score=37.0, changed=526, unchanged=409, early_stops=8/8
26 - INFO - chord#: 72 In build_straw_man_chord_sa. tolerance = 1, sa_iterations = 1000, initial_temperature = 3.0, cooling_rate = 0.999
26 - INFO - chord#: 70 done. best_score=37.0, changed=524, unchanged=456, early_stops=8/8
26 - INFO - chord#: 72 In build_straw_man_chord_sa. tolerance = 1, sa_iterations = 1000, initial_temperature = 3.0, cooling_rate = 0.999
26 - INFO - chord#: 78 done. best_score=150.0, changed=617, unchanged=377, early_stops=8/8
26 - INFO - chord#: 80 In build_straw_man_chord_sa. tolerance = 1, sa_iterations = 1000, initial_temperature = 3.0, cooling_rate = 0.999
26 - INFO - chord#: 80 done. best_score=142.0, changed=611, unchanged=387, early_stops=8/8
26 - INFO - chord#: 84 In build_straw_man_chord_sa. tolerance = 1, sa_iterations = 1000, initial_temperature = 3.0, cooling_rate = 0.999
26 - INFO - chord#: 72 done. best_score=11.0, changed=480, unchanged=338, early_stops=8/8
26 - INFO - chord#: 74 In build_straw_man_chord_sa. tolerance = 1, sa_iterations = 1000, initial_temperature = 3.0, cooling_rate = 0.999
26 - INFO - chord#: 72 done. best_score=11.0, changed=480, unchanged=332, early_stops=8/8
26 - INFO - chord#: 74 In build_straw_man_chord_sa. tolerance = 1, sa_iterations = 1000, initial_temperature = 3.0, cooling_rate = 0.999
26 - INFO - chord#: 84 done. best_score=27.0, changed=518, unchanged=356, early_stops=8/8
26 - INFO - chord#: 86 In build_straw_man_chord_sa. tolerance = 1, sa_iterations = 1000, initial_temperature = 3.0, cooling_rate = 0.999
26 - INFO - chord#: 84 done. best_score=27.0, changed=530, unchanged=498, early_stops=8/8
26 - INFO - chord#: 86 In build_straw_man_chord_sa. tolerance = 1, sa_iterations = 1000, initial_temperature = 3.0, cooling_rate = 0.999
26 - INFO - chord#: 70 done. best_score=37.0, changed=523, unchanged=359, early_stops=8/8
26 - INFO - chord#: 72 In build_straw_man_chord_sa. tolerance = 1, sa_iterations = 1000, initial_temperature = 3.0, cooling_rate = 0.999
26 - INFO - chord#: 84 done. best_score=27.0, changed=517, unchanged=366, early_stops=8/8
26 - INFO - chord#: 86 In build_straw_man_chord_sa. tolerance = 1, sa_iterations = 1000, initial_temperature = 3.0, cooling_rate = 0.999
26 - INFO - chord#: 74 done. best_score=147.0, changed=609, unchanged=316, early_stops=8/8
26 - INFO - chord#: 76 In build_straw_man_chord_sa. tolerance = 1, sa_iterations = 1000, initial_temperature = 3.0, cooling_rate = 0.999
26 - INFO - chord#: 72 done. best_score=11.0, changed=493, unchanged=335, early_stops=8/8
26 - INFO - chord#: 74 In build_straw_man_chord_sa. tolerance = 1, sa_iterations = 1000, initial_temperature = 3.0, cooling_rate = 0.999
26 - INFO - chord#: 74 done. best_score=94.0, changed=610, unchanged=249, early_stops=8/8
26 - INFO - chord#: 76 In build_straw_man_chord_sa. tolerance = 1, sa_iterations = 1000, initial_temperature = 3.0, cooling_rate = 0.999
26 - INFO - chord#: 84 done. best_score=27.0, changed=526, unchanged=560, early_stops=8/8
26 - INFO - chord#: 86 In build_straw_man_chord_sa. tolerance = 1, sa_iterations = 1000, initial_temperature = 3.0, cooling_rate = 0.999
26 - INFO - chord#: 86 done. best_score=82.0, changed=606, unchanged=217, early_stops=8/8
26 - INFO - chord#: 88 In build_straw_man_chord_sa. tolerance = 1, sa_iterations = 1000, initial_temperature = 3.0, cooling_rate = 0.999
26 - INFO - chord#: 80 done. best_score=140.0, changed=609, unchanged=211, early_stops=8/8
26 - INFO - chord#: 84 In build_straw_man_chord_sa. tolerance = 1, sa_iterations = 1000, initial_temperature = 3.0, cooling_rate = 0.999
26 - INFO - chord#: 74 done. best_score=147.0, changed=605, unchanged=236, early_stops=8/8
26 - INFO - chord#: 76 In build_straw_man_chord_sa. tolerance = 1, sa_iterations = 1000, initial_temperature = 3.0, cooling_rate = 0.999
26 - INFO - chord#: 76 done. best_score=27.0, changed=527, unchanged=376, early_stops=8/8
26 - INFO - chord#: 78 In build_straw_man_chord_sa. tolerance = 1, sa_iterations = 1000, initial_temperature = 3.0, cooling_rate = 0.999
26 - INFO - chord#: 76 done. best_score=27.0, changed=517, unchanged=421, early_stops=8/8
26 - INFO - chord#: 78 In build_straw_man_chord_sa. tolerance = 1, sa_iterations = 1000, initial_temperature = 3.0, cooling_rate = 0.999
26 - INFO - chord#: 86 done. best_score=120.0, changed=612, unchanged=276, early_stops=8/8
26 - INFO - chord#: 88 In build_straw_man_chord_sa. tolerance = 1, sa_iterations = 1000, initial_temperature = 3.0, cooling_rate = 0.999
26 - INFO - chord#: 86 done. best_score=82.0, changed=608, unchanged=278, early_stops=8/8
26 - INFO - chord#: 88 In build_straw_man_chord_sa. tolerance = 1, sa_iterations = 1000, initial_temperature = 3.0, cooling_rate = 0.999
26 - INFO - chord#: 84 done. best_score=27.0, changed=520, unchanged=438, early_stops=8/8
26 - INFO - chord#: 86 In build_straw_man_chord_sa. tolerance = 1, sa_iterations = 1000, initial_temperature = 3.0, cooling_rate = 0.999
26 - INFO - chord#: 74 done. best_score=149.0, changed=614, unchanged=306, early_stops=8/8
26 - INFO - chord#: 76 In build_straw_man_chord_sa. tolerance = 1, sa_iterations = 1000, initial_temperature = 3.0, cooling_rate = 0.999
26 - INFO - chord#: 74 done. best_score=127.0, changed=606, unchanged=300, early_stops=8/8
26 - INFO - chord#: 76 In build_straw_man_chord_sa. tolerance = 1, sa_iterations = 1000, initial_temperature = 3.0, cooling_rate = 0.999
26 - INFO - chord#: 86 done. best_score=82.0, changed=614, unchanged=423, early_stops=8/8
26 - INFO - chord#: 88 In build_straw_man_chord_sa. tolerance = 1, sa_iterations = 1000, initial_temperature = 3.0, cooling_rate = 0.999
26 - INFO - chord#: 88 done. best_score=140.0, changed=608, unchanged=236, early_stops=8/8
26 - INFO - chord#: 92 In build_straw_man_chord_sa. tolerance = 1, sa_iterations = 1000, initial_temperature = 3.0, cooling_rate = 0.999
26 - INFO - chord#: 76 done. best_score=27.0, changed=523, unchanged=402, early_stops=8/8
26 - INFO - chord#: 78 In build_straw_man_chord_sa. tolerance = 1, sa_iterations = 1000, initial_temperature = 3.0, cooling_rate = 0.999
26 - INFO - chord#: 86 done. best_score=82.0, changed=610, unchanged=393, early_stops=8/8
26 - INFO - chord#: 88 In build_straw_man_chord_sa. tolerance = 1, sa_iterations = 1000, initial_temperature = 3.0, cooling_rate = 0.999
26 - INFO - chord#: 74 done. best_score=94.0, changed=613, unchanged=297, early_stops=8/8
26 - INFO - chord#: 76 In build_straw_man_chord_sa. tolerance = 1, sa_iterations = 1000, initial_temperature = 3.0, cooling_rate = 0.999
26 - INFO - chord#: 76 done. best_score=27.0, changed=525, unchanged=364, early_stops=8/8
26 - INFO - chord#: 78 In build_straw_man_chord_sa. tolerance = 1, sa_iterations = 1000, initial_temperature = 3.0, cooling_rate = 0.999
26 - INFO - chord#: 92 done. best_score=27.0, changed=521, unchanged=639, early_stops=8/8
26 - INFO - chord#: 96 In build_straw_man_chord_sa. tolerance = 1, sa_iterations = 1000, initial_temperature = 3.0, cooling_rate = 0.999
26 - INFO - chord#: 76 done. best_score=27.0, changed=515, unchanged=437, early_stops=8/8
26 - INFO - chord#: 78 In build_straw_man_chord_sa. tolerance = 1, sa_iterations = 1000, initial_temperature = 3.0, cooling_rate = 0.999
26 - INFO - chord#: 76 done. best_score=27.0, changed=518, unchanged=341, early_stops=8/8
26 - INFO - chord#: 78 In build_straw_man_chord_sa. tolerance = 1, sa_iterations = 1000, initial_temperature = 3.0, cooling_rate = 0.999
26 - INFO - chord#: 88 done. best_score=142.0, changed=608, unchanged=301, early_stops=8/8
26 - INFO - chord#: 92 In build_straw_man_chord_sa. tolerance = 1, sa_iterations = 1000, initial_temperature = 3.0, cooling_rate = 0.999
26 - INFO - chord#: 78 done. best_score=121.0, changed=607, unchanged=266, early_stops=8/8
26 - INFO - chord#: 80 In build_straw_man_chord_sa. tolerance = 1, sa_iterations = 1000, initial_temperature = 3.0, cooling_rate = 0.999
26 - INFO - chord#: 86 done. best_score=146.0, changed=612, unchanged=259, early_stops=8/8
26 - INFO - chord#: 88 In build_straw_man_chord_sa. tolerance = 1, sa_iterations = 1000, initial_temperature = 3.0, cooling_rate = 0.999
26 - INFO - chord#: 88 done. best_score=140.0, changed=613, unchanged=398, early_stops=8/8
26 - INFO - chord#: 92 In build_straw_man_chord_sa. tolerance = 1, sa_iterations = 1000, initial_temperature = 3.0, cooling_rate = 0.999
26 - INFO - chord#: 88 done. best_score=140.0, changed=615, unchanged=357, early_stops=8/8
26 - INFO - chord#: 92 In build_straw_man_chord_sa. tolerance = 1, sa_iterations = 1000, initial_temperature = 3.0, cooling_rate = 0.999
26 - INFO - chord#: 96 done. best_score=27.0, changed=527, unchanged=461, early_stops=8/8
26 - INFO - chord#: 98 In build_straw_man_chord_sa. tolerance = 1, sa_iterations = 1000, initial_temperature = 3.0, cooling_rate = 0.999
26 - INFO - chord#: 92 done. best_score=27.0, changed=518, unchanged=348, early_stops=8/8
26 - INFO - chord#: 96 In build_straw_man_chord_sa. tolerance = 1, sa_iterations = 1000, initial_temperature = 3.0, cooling_rate = 0.999
26 - INFO - chord#: 78 done. best_score=149.0, changed=613, unchanged=478, early_stops=8/8
26 - INFO - chord#: 80 In build_straw_man_chord_sa. tolerance = 1, sa_iterations = 1000, initial_temperature = 3.0, cooling_rate = 0.999
26 - INFO - chord#: 88 done. best_score=140.0, changed=620, unchanged=469, early_stops=8/8
26 - INFO - chord#: 92 In build_straw_man_chord_sa. tolerance = 1, sa_iterations = 1000, initial_temperature = 3.0, cooling_rate = 0.999
26 - INFO - chord#: 92 done. best_score=27.0, changed=517, unchanged=431, early_stops=8/8
26 - INFO - chord#: 96 In build_straw_man_chord_sa. tolerance = 1, sa_iterations = 1000, initial_temperature = 3.0, cooling_rate = 0.999
26 - INFO - chord#: 92 done. best_score=27.0, changed=530, unchanged=510, early_stops=8/8
26 - INFO - chord#: 96 In build_straw_man_chord_sa. tolerance = 1, sa_iterations = 1000, initial_temperature = 3.0, cooling_rate = 0.999
26 - INFO - chord#: 78 done. best_score=144.0, changed=614, unchanged=319, early_stops=8/8
26 - INFO - chord#: 80 In build_straw_man_chord_sa. tolerance = 1, sa_iterations = 1000, initial_temperature = 3.0, cooling_rate = 0.999
26 - INFO - chord#: 96 done. best_score=27.0, changed=523, unchanged=365, early_stops=8/8
26 - INFO - chord#: 98 In build_straw_man_chord_sa. tolerance = 1, sa_iterations = 1000, initial_temperature = 3.0, cooling_rate = 0.999
26 - INFO - chord#: 96 done. best_score=27.0, changed=521, unchanged=421, early_stops=8/8
26 - INFO - chord#: 98 In build_straw_man_chord_sa. tolerance = 1, sa_iterations = 1000, initial_temperature = 3.0, cooling_rate = 0.999
26 - INFO - chord#: 96 done. best_score=27.0, changed=527, unchanged=335, early_stops=8/8
26 - INFO - chord#: 98 In build_straw_man_chord_sa. tolerance = 1, sa_iterations = 1000, initial_temperature = 3.0, cooling_rate = 0.999
26 - INFO - chord#: 78 done. best_score=74.0, changed=617, unchanged=419, early_stops=8/8
26 - INFO - chord#: 80 In build_straw_man_chord_sa. tolerance = 1, sa_iterations = 1000, initial_temperature = 3.0, cooling_rate = 0.999
26 - INFO - chord#: 92 done. best_score=27.0, changed=532, unchanged=620, early_stops=8/8
26 - INFO - chord#: 96 In build_straw_man_chord_sa. tolerance = 1, sa_iterations = 1000, initial_temperature = 3.0, cooling_rate = 0.999
26 - INFO - chord#: 80 done. best_score=140.0, changed=614, unchanged=301, early_stops=8/8
26 - INFO - chord#: 84 In build_straw_man_chord_sa. tolerance = 1, sa_iterations = 1000, initial_temperature = 3.0, cooling_rate = 0.999
26 - INFO - chord#: 78 done. best_score=74.0, changed=615, unchanged=294, early_stops=8/8
26 - INFO - chord#: 80 In build_straw_man_chord_sa. tolerance = 1, sa_iterations = 1000, initial_temperature = 3.0, cooling_rate = 0.999
26 - INFO - chord#: 88 done. best_score=142.0, changed=623, unchanged=487, early_stops=8/8
26 - INFO - chord#: 92 In build_straw_man_chord_sa. tolerance = 1, sa_iterations = 1000, initial_temperature = 3.0, cooling_rate = 0.999
26 - INFO - chord#: 78 done. best_score=74.0, changed=618, unchanged=373, early_stops=8/8
26 - INFO - chord#: 80 In build_straw_man_chord_sa. tolerance = 1, sa_iterations = 1000, initial_temperature = 3.0, cooling_rate = 0.999
26 - INFO - chord#: 80 done. best_score=142.0, changed=611, unchanged=259, early_stops=8/8
26 - INFO - chord#: 84 In build_straw_man_chord_sa. tolerance = 1, sa_iterations = 1000, initial_temperature = 3.0, cooling_rate = 0.999
26 - INFO - chord#: 98 done. best_score=146.0, changed=612, unchanged=370, early_stops=8/8
26 - INFO - chord#: 100 In build_straw_man_chord_sa. tolerance = 1, sa_iterations = 1000, initial_temperature = 3.0, cooling_rate = 0.999
26 - INFO - chord#: 96 done. best_score=27.0, changed=523, unchanged=317, early_stops=8/8
26 - INFO - chord#: 98 In build_straw_man_chord_sa. tolerance = 1, sa_iterations = 1000, initial_temperature = 3.0, cooling_rate = 0.999
26 - INFO - chord#: 84 done. best_score=27.0, changed=524, unchanged=464, early_stops=8/8
26 - INFO - chord#: 86 In build_straw_man_chord_sa. tolerance = 1, sa_iterations = 1000, initial_temperature = 3.0, cooling_rate = 0.999
26 - INFO - chord#: 84 done. best_score=27.0, changed=514, unchanged=301, early_stops=8/8
26 - INFO - chord#: 86 In build_straw_man_chord_sa. tolerance = 1, sa_iterations = 1000, initial_temperature = 3.0, cooling_rate = 0.999
26 - INFO - chord#: 92 done. best_score=27.0, changed=521, unchanged=447, early_stops=8/8
26 - INFO - chord#: 96 In build_straw_man_chord_sa. tolerance = 1, sa_iterations = 1000, initial_temperature = 3.0, cooling_rate = 0.999
26 - INFO - chord#: 98 done. best_score=64.0, changed=612, unchanged=337, early_stops=8/8
26 - INFO - chord#: 100 In build_straw_man_chord_sa. tolerance = 1, sa_iterations = 1000, initial_temperature = 3.0, cooling_rate = 0.999
26 - INFO - chord#: 98 done. best_score=157.0, changed=608, unchanged=207, early_stops=8/8
26 - INFO - chord#: 100 In build_straw_man_chord_sa. tolerance = 1, sa_iterations = 1000, initial_temperature = 3.0, cooling_rate = 0.999
26 - INFO - chord#: 80 done. best_score=142.0, changed=610, unchanged=308, early_stops=8/8
26 - INFO - chord#: 84 In build_straw_man_chord_sa. tolerance = 1, sa_iterations = 1000, initial_temperature = 3.0, cooling_rate = 0.999
26 - INFO - chord#: 98 done. best_score=104.0, changed=613, unchanged=223, early_stops=8/8
26 - INFO - chord#: 100 In build_straw_man_chord_sa. tolerance = 1, sa_iterations = 1000, initial_temperature = 3.0, cooling_rate = 0.999
26 - INFO - chord#: 100 done. best_score=27.0, changed=518, unchanged=341, early_stops=8/8
26 - INFO - chord#: 102 In build_straw_man_chord_sa. tolerance = 1, sa_iterations = 1000, initial_temperature = 3.0, cooling_rate = 0.999
26 - INFO - chord#: 80 done. best_score=145.0, changed=609, unchanged=211, early_stops=8/8
26 - INFO - chord#: 84 In build_straw_man_chord_sa. tolerance = 1, sa_iterations = 1000, initial_temperature = 3.0, cooling_rate = 0.999
26 - INFO - chord#: 96 done. best_score=27.0, changed=523, unchanged=388, early_stops=8/8
26 - INFO - chord#: 98 In build_straw_man_chord_sa. tolerance = 1, sa_iterations = 1000, initial_temperature = 3.0, cooling_rate = 0.999
26 - INFO - chord#: 100 done. best_score=27.0, changed=520, unchanged=356, early_stops=8/8
26 - INFO - chord#: 102 In build_straw_man_chord_sa. tolerance = 1, sa_iterations = 1000, initial_temperature = 3.0, cooling_rate = 0.999
26 - INFO - chord#: 100 done. best_score=27.0, changed=528, unchanged=381, early_stops=8/8
26 - INFO - chord#: 102 In build_straw_man_chord_sa. tolerance = 1, sa_iterations = 1000, initial_temperature = 3.0, cooling_rate = 0.999
26 - INFO - chord#: 100 done. best_score=27.0, changed=528, unchanged=384, early_stops=8/8
26 - INFO - chord#: 102 In build_straw_man_chord_sa. tolerance = 1, sa_iterations = 1000, initial_temperature = 3.0, cooling_rate = 0.999
26 - INFO - chord#: 98 done. best_score=162.0, changed=610, unchanged=215, early_stops=8/8
26 - INFO - chord#: 100 In build_straw_man_chord_sa. tolerance = 1, sa_iterations = 1000, initial_temperature = 3.0, cooling_rate = 0.999
26 - INFO - chord#: 84 done. best_score=27.0, changed=519, unchanged=333, early_stops=8/8
26 - INFO - chord#: 86 In build_straw_man_chord_sa. tolerance = 1, sa_iterations = 1000, initial_temperature = 3.0, cooling_rate = 0.999
26 - INFO - chord#: 80 done. best_score=142.0, changed=612, unchanged=316, early_stops=8/8
26 - INFO - chord#: 84 In build_straw_man_chord_sa. tolerance = 1, sa_iterations = 1000, initial_temperature = 3.0, cooling_rate = 0.999
26 - INFO - chord#: 86 done. best_score=82.0, changed=606, unchanged=205, early_stops=8/8
26 - INFO - chord#: 88 In build_straw_man_chord_sa. tolerance = 1, sa_iterations = 1000, initial_temperature = 3.0, cooling_rate = 0.999
26 - INFO - chord#: 84 done. best_score=27.0, changed=517, unchanged=381, early_stops=8/8
26 - INFO - chord#: 86 In build_straw_man_chord_sa. tolerance = 1, sa_iterations = 1000, initial_temperature = 3.0, cooling_rate = 0.999
26 - INFO - chord#: 100 done. best_score=27.0, changed=531, unchanged=347, early_stops=8/8
26 - INFO - chord#: 102 In build_straw_man_chord_sa. tolerance = 1, sa_iterations = 1000, initial_temperature = 3.0, cooling_rate = 0.999
26 - INFO - chord#: 80 done. best_score=145.0, changed=618, unchanged=467, early_stops=8/8
26 - INFO - chord#: 84 In build_straw_man_chord_sa. tolerance = 1, sa_iterations = 1000, initial_temperature = 3.0, cooling_rate = 0.999
26 - INFO - chord#: 84 done. best_score=27.0, changed=521, unchanged=380, early_stops=8/8
26 - INFO - chord#: 86 In build_straw_man_chord_sa. tolerance = 1, sa_iterations = 1000, initial_temperature = 3.0, cooling_rate = 0.999
26 - INFO - chord#: 86 done. best_score=82.0, changed=616, unchanged=340, early_stops=8/8
26 - INFO - chord#: 88 In build_straw_man_chord_sa. tolerance = 1, sa_iterations = 1000, initial_temperature = 3.0, cooling_rate = 0.999
26 - INFO - chord#: 102 done. best_score=96.0, changed=610, unchanged=243, early_stops=8/8
26 - INFO - chord#: 104 In build_straw_man_chord_sa. tolerance = 1, sa_iterations = 1000, initial_temperature = 3.0, cooling_rate = 0.999
26 - INFO - chord#: 102 done. best_score=116.0, changed=609, unchanged=254, early_stops=8/8
26 - INFO - chord#: 104 In build_straw_man_chord_sa. tolerance = 1, sa_iterations = 1000, initial_temperature = 3.0, cooling_rate = 0.999
26 - INFO - chord#: 102 done. best_score=93.0, changed=610, unchanged=313, early_stops=8/8
26 - INFO - chord#: 104 In build_straw_man_chord_sa. tolerance = 1, sa_iterations = 1000, initial_temperature = 3.0, cooling_rate = 0.999
26 - INFO - chord#: 98 done. best_score=64.0, changed=617, unchanged=383, early_stops=8/8
26 - INFO - chord#: 100 In build_straw_man_chord_sa. tolerance = 1, sa_iterations = 1000, initial_temperature = 3.0, cooling_rate = 0.999
26 - INFO - chord#: 102 done. best_score=93.0, changed=611, unchanged=322, early_stops=8/8
26 - INFO - chord#: 104 In build_straw_man_chord_sa. tolerance = 1, sa_iterations = 1000, initial_temperature = 3.0, cooling_rate = 0.999
26 - INFO - chord#: 84 done. best_score=27.0, changed=527, unchanged=385, early_stops=8/8
26 - INFO - chord#: 86 In build_straw_man_chord_sa. tolerance = 1, sa_iterations = 1000, initial_temperature = 3.0, cooling_rate = 0.999
26 - INFO - chord#: 104 done. best_score=27.0, changed=512, unchanged=404, early_stops=8/8
26 - INFO - chord#: 106 In build_straw_man_chord_sa. tolerance = 1, sa_iterations = 1000, initial_temperature = 3.0, cooling_rate = 0.999
26 - INFO - chord#: 88 done. best_score=142.0, changed=611, unchanged=269, early_stops=8/8
26 - INFO - chord#: 92 In build_straw_man_chord_sa. tolerance = 1, sa_iterations = 1000, initial_temperature = 3.0, cooling_rate = 0.999
26 - INFO - chord#: 100 done. best_score=27.0, changed=519, unchanged=301, early_stops=8/8
26 - INFO - chord#: 102 In build_straw_man_chord_sa. tolerance = 1, sa_iterations = 1000, initial_temperature = 3.0, cooling_rate = 0.999
26 - INFO - chord#: 102 done. best_score=105.0, changed=609, unchanged=268, early_stops=8/8
26 - INFO - chord#: 104 In build_straw_man_chord_sa. tolerance = 1, sa_iterations = 1000, initial_temperature = 3.0, cooling_rate = 0.999
26 - INFO - chord#: 104 done. best_score=27.0, changed=518, unchanged=379, early_stops=8/8
26 - INFO - chord#: 106 In build_straw_man_chord_sa. tolerance = 1, sa_iterations = 1000, initial_temperature = 3.0, cooling_rate = 0.999
26 - INFO - chord#: 104 done. best_score=27.0, changed=522, unchanged=438, early_stops=8/8
26 - INFO - chord#: 106 In build_straw_man_chord_sa. tolerance = 1, sa_iterations = 1000, initial_temperature = 3.0, cooling_rate = 0.999
26 - INFO - chord#: 104 done. best_score=27.0, changed=523, unchanged=413, early_stops=8/8
26 - INFO - chord#: 106 In build_straw_man_chord_sa. tolerance = 1, sa_iterations = 1000, initial_temperature = 3.0, cooling_rate = 0.999
26 - INFO - chord#: 86 done. best_score=82.0, changed=610, unchanged=411, early_stops=8/8
26 - INFO - chord#: 88 In build_straw_man_chord_sa. tolerance = 1, sa_iterations = 1000, initial_temperature = 3.0, cooling_rate = 0.999
26 - INFO - chord#: 106 done. best_score=27.0, changed=524, unchanged=347, early_stops=8/8
26 - INFO - chord#: 108 In build_straw_man_chord_sa. tolerance = 1, sa_iterations = 1000, initial_temperature = 3.0, cooling_rate = 0.999
26 - INFO - chord#: 86 done. best_score=82.0, changed=617, unchanged=358, early_stops=8/8
26 - INFO - chord#: 88 In build_straw_man_chord_sa. tolerance = 1, sa_iterations = 1000, initial_temperature = 3.0, cooling_rate = 0.999
26 - INFO - chord#: 92 done. best_score=27.0, changed=521, unchanged=377, early_stops=8/8
26 - INFO - chord#: 96 In build_straw_man_chord_sa. tolerance = 1, sa_iterations = 1000, initial_temperature = 3.0, cooling_rate = 0.999
26 - INFO - chord#: 106 done. best_score=27.0, changed=529, unchanged=346, early_stops=8/8
26 - INFO - chord#: 108 In build_straw_man_chord_sa. tolerance = 1, sa_iterations = 1000, initial_temperature = 3.0, cooling_rate = 0.999
26 - INFO - chord#: 104 done. best_score=27.0, changed=521, unchanged=413, early_stops=8/8
26 - INFO - chord#: 106 In build_straw_man_chord_sa. tolerance = 1, sa_iterations = 1000, initial_temperature = 3.0, cooling_rate = 0.999
26 - INFO - chord#: 106 done. best_score=27.0, changed=531, unchanged=396, early_stops=8/8
26 - INFO - chord#: 108 In build_straw_man_chord_sa. tolerance = 1, sa_iterations = 1000, initial_temperature = 3.0, cooling_rate = 0.999
26 - INFO - chord#: 106 done. best_score=27.0, changed=525, unchanged=312, early_stops=8/8
26 - INFO - chord#: 108 In build_straw_man_chord_sa. tolerance = 1, sa_iterations = 1000, initial_temperature = 3.0, cooling_rate = 0.999
26 - INFO - chord#: 88 done. best_score=142.0, changed=612, unchanged=253, early_stops=8/8
26 - INFO - chord#: 92 In build_straw_man_chord_sa. tolerance = 1, sa_iterations = 1000, initial_temperature = 3.0, cooling_rate = 0.999
26 - INFO - chord#: 108 done. best_score=27.0, changed=525, unchanged=632, early_stops=8/8
26 - INFO - chord#: 110 In build_straw_man_chord_sa. tolerance = 1, sa_iterations = 1000, initial_temperature = 3.0, cooling_rate = 0.999
26 - INFO - chord#: 96 done. best_score=27.0, changed=518, unchanged=321, early_stops=8/8
26 - INFO - chord#: 98 In build_straw_man_chord_sa. tolerance = 1, sa_iterations = 1000, initial_temperature = 3.0, cooling_rate = 0.999
26 - INFO - chord#: 102 done. best_score=94.0, changed=609, unchanged=209, early_stops=8/8
26 - INFO - chord#: 104 In build_straw_man_chord_sa. tolerance = 1, sa_iterations = 1000, initial_temperature = 3.0, cooling_rate = 0.999
26 - INFO - chord#: 108 done. best_score=27.0, changed=513, unchanged=416, early_stops=8/8
26 - INFO - chord#: 110 In build_straw_man_chord_sa. tolerance = 1, sa_iterations = 1000, initial_temperature = 3.0, cooling_rate = 0.999
26 - INFO - chord#: 106 done. best_score=27.0, changed=534, unchanged=368, early_stops=8/8
26 - INFO - chord#: 108 In build_straw_man_chord_sa. tolerance = 1, sa_iterations = 1000, initial_temperature = 3.0, cooling_rate = 0.999
26 - INFO - chord#: 108 done. best_score=27.0, changed=519, unchanged=396, early_stops=8/8
26 - INFO - chord#: 110 In build_straw_man_chord_sa. tolerance = 1, sa_iterations = 1000, initial_temperature = 3.0, cooling_rate = 0.999
26 - INFO - chord#: 86 done. best_score=120.0, changed=615, unchanged=449, early_stops=8/8
26 - INFO - chord#: 88 In build_straw_man_chord_sa. tolerance = 1, sa_iterations = 1000, initial_temperature = 3.0, cooling_rate = 0.999
26 - INFO - chord#: 86 done. best_score=90.0, changed=613, unchanged=384, early_stops=8/8
26 - INFO - chord#: 88 In build_straw_man_chord_sa. tolerance = 1, sa_iterations = 1000, initial_temperature = 3.0, cooling_rate = 0.999
26 - INFO - chord#: 108 done. best_score=27.0, changed=515, unchanged=386, early_stops=8/8
26 - INFO - chord#: 110 In build_straw_man_chord_sa. tolerance = 1, sa_iterations = 1000, initial_temperature = 3.0, cooling_rate = 0.999
26 - INFO - chord#: 92 done. best_score=27.0, changed=516, unchanged=385, early_stops=8/8
26 - INFO - chord#: 96 In build_straw_man_chord_sa. tolerance = 1, sa_iterations = 1000, initial_temperature = 3.0, cooling_rate = 0.999
26 - INFO - chord#: 104 done. best_score=27.0, changed=525, unchanged=349, early_stops=8/8
26 - INFO - chord#: 106 In build_straw_man_chord_sa. tolerance = 1, sa_iterations = 1000, initial_temperature = 3.0, cooling_rate = 0.999
26 - INFO - chord#: 108 done. best_score=27.0, changed=531, unchanged=589, early_stops=8/8
26 - INFO - chord#: 110 In build_straw_man_chord_sa. tolerance = 1, sa_iterations = 1000, initial_temperature = 3.0, cooling_rate = 0.999
26 - INFO - chord#: 88 done. best_score=140.0, changed=612, unchanged=339, early_stops=8/8
26 - INFO - chord#: 92 In build_straw_man_chord_sa. tolerance = 1, sa_iterations = 1000, initial_temperature = 3.0, cooling_rate = 0.999
26 - INFO - chord#: 88 done. best_score=140.0, changed=620, unchanged=343, early_stops=8/8
26 - INFO - chord#: 92 In build_straw_man_chord_sa. tolerance = 1, sa_iterations = 1000, initial_temperature = 3.0, cooling_rate = 0.999
26 - INFO - chord#: 106 done. best_score=27.0, changed=529, unchanged=408, early_stops=8/8
26 - INFO - chord#: 108 In build_straw_man_chord_sa. tolerance = 1, sa_iterations = 1000, initial_temperature = 3.0, cooling_rate = 0.999
26 - INFO - chord#: 110 done. best_score=140.0, changed=606, unchanged=230, early_stops=8/8
26 - INFO - chord#: 112 In build_straw_man_chord_sa. tolerance = 1, sa_iterations = 1000, initial_temperature = 3.0, cooling_rate = 0.999
26 - INFO - chord#: 96 done. best_score=27.0, changed=521, unchanged=363, early_stops=8/8
26 - INFO - chord#: 98 In build_straw_man_chord_sa. tolerance = 1, sa_iterations = 1000, initial_temperature = 3.0, cooling_rate = 0.999
26 - INFO - chord#: 110 done. best_score=137.0, changed=614, unchanged=393, early_stops=8/8
26 - INFO - chord#: 112 In build_straw_man_chord_sa. tolerance = 1, sa_iterations = 1000, initial_temperature = 3.0, cooling_rate = 0.999
26 - INFO - chord#: 110 done. best_score=137.0, changed=615, unchanged=307, early_stops=8/8
26 - INFO - chord#: 112 In build_straw_man_chord_sa. tolerance = 1, sa_iterations = 1000, initial_temperature = 3.0, cooling_rate = 0.999
26 - INFO - chord#: 98 done. best_score=64.0, changed=617, unchanged=444, early_stops=8/8
26 - INFO - chord#: 100 In build_straw_man_chord_sa. tolerance = 1, sa_iterations = 1000, initial_temperature = 3.0, cooling_rate = 0.999
26 - INFO - chord#: 108 done. best_score=27.0, changed=519, unchanged=451, early_stops=8/8
26 - INFO - chord#: 110 In build_straw_man_chord_sa. tolerance = 1, sa_iterations = 1000, initial_temperature = 3.0, cooling_rate = 0.999
26 - INFO - chord#: 112 done. best_score=27.0, changed=514, unchanged=344, early_stops=8/8
26 - INFO - chord#: 116 In build_straw_man_chord_sa. tolerance = 1, sa_iterations = 1000, initial_temperature = 3.0, cooling_rate = 0.999
26 - INFO - chord#: 88 done. best_score=142.0, changed=619, unchanged=286, early_stops=8/8
26 - INFO - chord#: 92 In build_straw_man_chord_sa. tolerance = 1, sa_iterations = 1000, initial_temperature = 3.0, cooling_rate = 0.999
26 - INFO - chord#: 92 done. best_score=27.0, changed=518, unchanged=507, early_stops=8/8
26 - INFO - chord#: 96 In build_straw_man_chord_sa. tolerance = 1, sa_iterations = 1000, initial_temperature = 3.0, cooling_rate = 0.999
26 - INFO - chord#: 92 done. best_score=27.0, changed=522, unchanged=464, early_stops=8/8
26 - INFO - chord#: 96 In build_straw_man_chord_sa. tolerance = 1, sa_iterations = 1000, initial_temperature = 3.0, cooling_rate = 0.999
26 - INFO - chord#: 112 done. best_score=27.0, changed=530, unchanged=394, early_stops=8/8
26 - INFO - chord#: 116 In build_straw_man_chord_sa. tolerance = 1, sa_iterations = 1000, initial_temperature = 3.0, cooling_rate = 0.999
26 - INFO - chord#: 110 done. best_score=140.0, changed=615, unchanged=312, early_stops=8/8
26 - INFO - chord#: 112 In build_straw_man_chord_sa. tolerance = 1, sa_iterations = 1000, initial_temperature = 3.0, cooling_rate = 0.999
26 - INFO - chord#: 100 done. best_score=27.0, changed=524, unchanged=424, early_stops=8/8
26 - INFO - chord#: 102 In build_straw_man_chord_sa. tolerance = 1, sa_iterations = 1000, initial_temperature = 3.0, cooling_rate = 0.999
26 - INFO - chord#: 112 done. best_score=27.0, changed=524, unchanged=425, early_stops=8/8
26 - INFO - chord#: 116 In build_straw_man_chord_sa. tolerance = 1, sa_iterations = 1000, initial_temperature = 3.0, cooling_rate = 0.999
26 - INFO - chord#: 110 done. best_score=67.0, changed=613, unchanged=390, early_stops=8/8
26 - INFO - chord#: 112 In build_straw_man_chord_sa. tolerance = 1, sa_iterations = 1000, initial_temperature = 3.0, cooling_rate = 0.999
26 - INFO - chord#: 88 done. best_score=140.0, changed=615, unchanged=394, early_stops=8/8
26 - INFO - chord#: 92 In build_straw_man_chord_sa. tolerance = 1, sa_iterations = 1000, initial_temperature = 3.0, cooling_rate = 0.999
26 - INFO - chord#: 112 done. best_score=27.0, changed=516, unchanged=399, early_stops=8/8
26 - INFO - chord#: 116 In build_straw_man_chord_sa. tolerance = 1, sa_iterations = 1000, initial_temperature = 3.0, cooling_rate = 0.999
26 - INFO - chord#: 96 done. best_score=27.0, changed=527, unchanged=425, early_stops=8/8
26 - INFO - chord#: 98 In build_straw_man_chord_sa. tolerance = 1, sa_iterations = 1000, initial_temperature = 3.0, cooling_rate = 0.999
26 - INFO - chord#: 92 done. best_score=27.0, changed=520, unchanged=447, early_stops=8/8
26 - INFO - chord#: 96 In build_straw_man_chord_sa. tolerance = 1, sa_iterations = 1000, initial_temperature = 3.0, cooling_rate = 0.999
26 - INFO - chord#: 96 done. best_score=27.0, changed=525, unchanged=350, early_stops=8/8
26 - INFO - chord#: 98 In build_straw_man_chord_sa. tolerance = 1, sa_iterations = 1000, initial_temperature = 3.0, cooling_rate = 0.999
26 - INFO - chord#: 112 done. best_score=27.0, changed=520, unchanged=395, early_stops=8/8
26 - INFO - chord#: 116 In build_straw_man_chord_sa. tolerance = 1, sa_iterations = 1000, initial_temperature = 3.0, cooling_rate = 0.999
26 - INFO - chord#: 110 done. best_score=67.0, changed=610, unchanged=282, early_stops=8/8
26 - INFO - chord#: 112 In build_straw_man_chord_sa. tolerance = 1, sa_iterations = 1000, initial_temperature = 3.0, cooling_rate = 0.999
26 - INFO - chord#: 98 done. best_score=64.0, changed=615, unchanged=364, early_stops=8/8
26 - INFO - chord#: 100 In build_straw_man_chord_sa. tolerance = 1, sa_iterations = 1000, initial_temperature = 3.0, cooling_rate = 0.999
26 - INFO - chord#: 92 done. best_score=27.0, changed=523, unchanged=396, early_stops=8/8
26 - INFO - chord#: 96 In build_straw_man_chord_sa. tolerance = 1, sa_iterations = 1000, initial_temperature = 3.0, cooling_rate = 0.999
26 - INFO - chord#: 116 done. best_score=166.0, changed=609, unchanged=247, early_stops=8/8
26 - INFO - chord#: 120 In build_straw_man_chord_sa. tolerance = 1, sa_iterations = 1000, initial_temperature = 3.0, cooling_rate = 0.999
26 - INFO - chord#: 116 done. best_score=161.0, changed=612, unchanged=355, early_stops=8/8
26 - INFO - chord#: 120 In build_straw_man_chord_sa. tolerance = 1, sa_iterations = 1000, initial_temperature = 3.0, cooling_rate = 0.999
26 - INFO - chord#: 102 done. best_score=94.0, changed=609, unchanged=218, early_stops=8/8
26 - INFO - chord#: 104 In build_straw_man_chord_sa. tolerance = 1, sa_iterations = 1000, initial_temperature = 3.0, cooling_rate = 0.999
26 - INFO - chord#: 96 done. best_score=27.0, changed=520, unchanged=368, early_stops=8/8
26 - INFO - chord#: 98 In build_straw_man_chord_sa. tolerance = 1, sa_iterations = 1000, initial_temperature = 3.0, cooling_rate = 0.999
26 - INFO - chord#: 116 done. best_score=67.0, changed=614, unchanged=412, early_stops=8/8
26 - INFO - chord#: 120 In build_straw_man_chord_sa. tolerance = 1, sa_iterations = 1000, initial_temperature = 3.0, cooling_rate = 0.999
26 - INFO - chord#: 112 done. best_score=27.0, changed=521, unchanged=443, early_stops=8/8
26 - INFO - chord#: 116 In build_straw_man_chord_sa. tolerance = 1, sa_iterations = 1000, initial_temperature = 3.0, cooling_rate = 0.999
26 - INFO - chord#: 100 done. best_score=27.0, changed=529, unchanged=436, early_stops=8/8
26 - INFO - chord#: 102 In build_straw_man_chord_sa. tolerance = 1, sa_iterations = 1000, initial_temperature = 3.0, cooling_rate = 0.999
26 - INFO - chord#: 120 done. best_score=27.0, changed=515, unchanged=317, early_stops=8/8
26 - INFO - chord#: 122 In build_straw_man_chord_sa. tolerance = 1, sa_iterations = 1000, initial_temperature = 3.0, cooling_rate = 0.999
26 - INFO - chord#: 104 done. best_score=27.0, changed=522, unchanged=359, early_stops=8/8
26 - INFO - chord#: 106 In build_straw_man_chord_sa. tolerance = 1, sa_iterations = 1000, initial_temperature = 3.0, cooling_rate = 0.999
26 - INFO - chord#: 96 done. best_score=27.0, changed=526, unchanged=427, early_stops=8/8
26 - INFO - chord#: 98 In build_straw_man_chord_sa. tolerance = 1, sa_iterations = 1000, initial_temperature = 3.0, cooling_rate = 0.999
26 - INFO - chord#: 120 done. best_score=27.0, changed=521, unchanged=424, early_stops=8/8
26 - INFO - chord#: 122 In build_straw_man_chord_sa. tolerance = 1, sa_iterations = 1000, initial_temperature = 3.0, cooling_rate = 0.999
26 - INFO - chord#: 116 done. best_score=181.0, changed=614, unchanged=343, early_stops=8/8
26 - INFO - chord#: 120 In build_straw_man_chord_sa. tolerance = 1, sa_iterations = 1000, initial_temperature = 3.0, cooling_rate = 0.999
26 - INFO - chord#: 98 done. best_score=64.0, changed=615, unchanged=282, early_stops=8/8
26 - INFO - chord#: 100 In build_straw_man_chord_sa. tolerance = 1, sa_iterations = 1000, initial_temperature = 3.0, cooling_rate = 0.999
26 - INFO - chord#: 120 done. best_score=27.0, changed=531, unchanged=599, early_stops=8/8
26 - INFO - chord#: 122 In build_straw_man_chord_sa. tolerance = 1, sa_iterations = 1000, initial_temperature = 3.0, cooling_rate = 0.999
26 - INFO - chord#: 106 done. best_score=27.0, changed=517, unchanged=329, early_stops=8/8
26 - INFO - chord#: 108 In build_straw_man_chord_sa. tolerance = 1, sa_iterations = 1000, initial_temperature = 3.0, cooling_rate = 0.999
26 - INFO - chord#: 98 done. best_score=64.0, changed=614, unchanged=391, early_stops=8/8
26 - INFO - chord#: 100 In build_straw_man_chord_sa. tolerance = 1, sa_iterations = 1000, initial_temperature = 3.0, cooling_rate = 0.999
26 - INFO - chord#: 116 done. best_score=78.0, changed=609, unchanged=282, early_stops=8/8
26 - INFO - chord#: 120 In build_straw_man_chord_sa. tolerance = 1, sa_iterations = 1000, initial_temperature = 3.0, cooling_rate = 0.999
26 - INFO - chord#: 120 done. best_score=27.0, changed=522, unchanged=575, early_stops=8/8
26 - INFO - chord#: 122 In build_straw_man_chord_sa. tolerance = 1, sa_iterations = 1000, initial_temperature = 3.0, cooling_rate = 0.999
26 - INFO - chord#: 98 done. best_score=64.0, changed=603, unchanged=226, early_stops=8/8
26 - INFO - chord#: 100 In build_straw_man_chord_sa. tolerance = 1, sa_iterations = 1000, initial_temperature = 3.0, cooling_rate = 0.999
26 - INFO - chord#: 122 done. best_score=96.0, changed=610, unchanged=264, early_stops=8/8
26 - INFO - chord#: 124 In build_straw_man_chord_sa. tolerance = 1, sa_iterations = 1000, initial_temperature = 3.0, cooling_rate = 0.999
26 - INFO - chord#: 116 done. best_score=101.0, changed=612, unchanged=326, early_stops=8/8
26 - INFO - chord#: 120 In build_straw_man_chord_sa. tolerance = 1, sa_iterations = 1000, initial_temperature = 3.0, cooling_rate = 0.999
26 - INFO - chord#: 100 done. best_score=27.0, changed=527, unchanged=406, early_stops=8/8
26 - INFO - chord#: 102 In build_straw_man_chord_sa. tolerance = 1, sa_iterations = 1000, initial_temperature = 3.0, cooling_rate = 0.999
26 - INFO - chord#: 108 done. best_score=27.0, changed=532, unchanged=565, early_stops=8/8
26 - INFO - chord#: 110 In build_straw_man_chord_sa. tolerance = 1, sa_iterations = 1000, initial_temperature = 3.0, cooling_rate = 0.999
26 - INFO - chord#: 100 done. best_score=27.0, changed=521, unchanged=348, early_stops=8/8
26 - INFO - chord#: 102 In build_straw_man_chord_sa. tolerance = 1, sa_iterations = 1000, initial_temperature = 3.0, cooling_rate = 0.999
26 - INFO - chord#: 102 done. best_score=93.0, changed=608, unchanged=275, early_stops=8/8
26 - INFO - chord#: 104 In build_straw_man_chord_sa. tolerance = 1, sa_iterations = 1000, initial_temperature = 3.0, cooling_rate = 0.999
26 - INFO - chord#: 98 done. best_score=64.0, changed=607, unchanged=225, early_stops=8/8
26 - INFO - chord#: 100 In build_straw_man_chord_sa. tolerance = 1, sa_iterations = 1000, initial_temperature = 3.0, cooling_rate = 0.999
26 - INFO - chord#: 122 done. best_score=67.0, changed=620, unchanged=383, early_stops=8/8
26 - INFO - chord#: 124 In build_straw_man_chord_sa. tolerance = 1, sa_iterations = 1000, initial_temperature = 3.0, cooling_rate = 0.999
26 - INFO - chord#: 120 done. best_score=27.0, changed=526, unchanged=576, early_stops=8/8
26 - INFO - chord#: 122 In build_straw_man_chord_sa. tolerance = 1, sa_iterations = 1000, initial_temperature = 3.0, cooling_rate = 0.999
26 - INFO - chord#: 100 done. best_score=27.0, changed=523, unchanged=339, early_stops=8/8
26 - INFO - chord#: 102 In build_straw_man_chord_sa. tolerance = 1, sa_iterations = 1000, initial_temperature = 3.0, cooling_rate = 0.999
26 - INFO - chord#: 124 done. best_score=27.0, changed=519, unchanged=334, early_stops=8/8
26 - INFO - chord#: 128 In build_straw_man_chord_sa. tolerance = 1, sa_iterations = 1000, initial_temperature = 3.0, cooling_rate = 0.999
26 - INFO - chord#: 122 done. best_score=167.0, changed=609, unchanged=309, early_stops=8/8
26 - INFO - chord#: 124 In build_straw_man_chord_sa. tolerance = 1, sa_iterations = 1000, initial_temperature = 3.0, cooling_rate = 0.999
26 - INFO - chord#: 120 done. best_score=27.0, changed=521, unchanged=484, early_stops=8/8
26 - INFO - chord#: 122 In build_straw_man_chord_sa. tolerance = 1, sa_iterations = 1000, initial_temperature = 3.0, cooling_rate = 0.999
26 - INFO - chord#: 124 done. best_score=27.0, changed=523, unchanged=378, early_stops=8/8
26 - INFO - chord#: 128 In build_straw_man_chord_sa. tolerance = 1, sa_iterations = 1000, initial_temperature = 3.0, cooling_rate = 0.999
26 - INFO - chord#: 100 done. best_score=27.0, changed=523, unchanged=475, early_stops=8/8
26 - INFO - chord#: 102 In build_straw_man_chord_sa. tolerance = 1, sa_iterations = 1000, initial_temperature = 3.0, cooling_rate = 0.999
26 - INFO - chord#: 104 done. best_score=27.0, changed=523, unchanged=447, early_stops=8/8
26 - INFO - chord#: 106 In build_straw_man_chord_sa. tolerance = 1, sa_iterations = 1000, initial_temperature = 3.0, cooling_rate = 0.999
26 - INFO - chord#: 128 done. best_score=36.0, changed=520, unchanged=397, early_stops=8/8
26 - INFO - chord#: 132 In build_straw_man_chord_sa. tolerance = 1, sa_iterations = 1000, initial_temperature = 3.0, cooling_rate = 0.999
26 - INFO - chord#: 124 done. best_score=27.0, changed=530, unchanged=424, early_stops=8/8
26 - INFO - chord#: 128 In build_straw_man_chord_sa. tolerance = 1, sa_iterations = 1000, initial_temperature = 3.0, cooling_rate = 0.999
26 - INFO - chord#: 122 done. best_score=157.0, changed=608, unchanged=349, early_stops=8/8
26 - INFO - chord#: 124 In build_straw_man_chord_sa. tolerance = 1, sa_iterations = 1000, initial_temperature = 3.0, cooling_rate = 0.999
26 - INFO - chord#: 128 done. best_score=36.0, changed=521, unchanged=368, early_stops=8/8
26 - INFO - chord#: 132 In build_straw_man_chord_sa. tolerance = 1, sa_iterations = 1000, initial_temperature = 3.0, cooling_rate = 0.999
26 - INFO - chord#: 110 done. best_score=125.0, changed=614, unchanged=400, early_stops=8/8
26 - INFO - chord#: 112 In build_straw_man_chord_sa. tolerance = 1, sa_iterations = 1000, initial_temperature = 3.0, cooling_rate = 0.999
26 - INFO - chord#: 102 done. best_score=93.0, changed=607, unchanged=210, early_stops=8/8
26 - INFO - chord#: 104 In build_straw_man_chord_sa. tolerance = 1, sa_iterations = 1000, initial_temperature = 3.0, cooling_rate = 0.999
26 - INFO - chord#: 132 done. best_score=27.0, changed=511, unchanged=406, early_stops=8/8
26 - INFO - chord#: 134 In build_straw_man_chord_sa. tolerance = 1, sa_iterations = 1000, initial_temperature = 3.0, cooling_rate = 0.999
26 - INFO - chord#: 106 done. best_score=27.0, changed=524, unchanged=354, early_stops=8/8
26 - INFO - chord#: 108 In build_straw_man_chord_sa. tolerance = 1, sa_iterations = 1000, initial_temperature = 3.0, cooling_rate = 0.999
26 - INFO - chord#: 124 done. best_score=27.0, changed=527, unchanged=360, early_stops=8/8
26 - INFO - chord#: 128 In build_straw_man_chord_sa. tolerance = 1, sa_iterations = 1000, initial_temperature = 3.0, cooling_rate = 0.999
26 - INFO - chord#: 128 done. best_score=36.0, changed=518, unchanged=367, early_stops=8/8
26 - INFO - chord#: 132 In build_straw_man_chord_sa. tolerance = 1, sa_iterations = 1000, initial_temperature = 3.0, cooling_rate = 0.999
26 - INFO - chord#: 102 done. best_score=93.0, changed=615, unchanged=344, early_stops=8/8
26 - INFO - chord#: 104 In build_straw_man_chord_sa. tolerance = 1, sa_iterations = 1000, initial_temperature = 3.0, cooling_rate = 0.999
26 - INFO - chord#: 132 done. best_score=27.0, changed=513, unchanged=398, early_stops=8/8
26 - INFO - chord#: 134 In build_straw_man_chord_sa. tolerance = 1, sa_iterations = 1000, initial_temperature = 3.0, cooling_rate = 0.999
26 - INFO - chord#: 112 done. best_score=27.0, changed=515, unchanged=376, early_stops=8/8
26 - INFO - chord#: 116 In build_straw_man_chord_sa. tolerance = 1, sa_iterations = 1000, initial_temperature = 3.0, cooling_rate = 0.999
26 - INFO - chord#: 122 done. best_score=67.0, changed=611, unchanged=255, early_stops=8/8
26 - INFO - chord#: 124 In build_straw_man_chord_sa. tolerance = 1, sa_iterations = 1000, initial_temperature = 3.0, cooling_rate = 0.999
26 - INFO - chord#: 102 done. best_score=94.0, changed=619, unchanged=372, early_stops=8/8
26 - INFO - chord#: 104 In build_straw_man_chord_sa. tolerance = 1, sa_iterations = 1000, initial_temperature = 3.0, cooling_rate = 0.999
26 - INFO - chord#: 132 done. best_score=27.0, changed=524, unchanged=424, early_stops=8/8
26 - INFO - chord#: 134 In build_straw_man_chord_sa. tolerance = 1, sa_iterations = 1000, initial_temperature = 3.0, cooling_rate = 0.999
26 - INFO - chord#: 128 done. best_score=36.0, changed=522, unchanged=419, early_stops=8/8
26 - INFO - chord#: 132 In build_straw_man_chord_sa. tolerance = 1, sa_iterations = 1000, initial_temperature = 3.0, cooling_rate = 0.999
26 - INFO - chord#: 104 done. best_score=27.0, changed=529, unchanged=488, early_stops=8/8
26 - INFO - chord#: 106 In build_straw_man_chord_sa. tolerance = 1, sa_iterations = 1000, initial_temperature = 3.0, cooling_rate = 0.999
26 - INFO - chord#: 122 done. best_score=96.0, changed=620, unchanged=528, early_stops=8/8
26 - INFO - chord#: 124 In build_straw_man_chord_sa. tolerance = 1, sa_iterations = 1000, initial_temperature = 3.0, cooling_rate = 0.999
26 - INFO - chord#: 108 done. best_score=27.0, changed=519, unchanged=399, early_stops=8/8
26 - INFO - chord#: 110 In build_straw_man_chord_sa. tolerance = 1, sa_iterations = 1000, initial_temperature = 3.0, cooling_rate = 0.999
26 - INFO - chord#: 102 done. best_score=129.0, changed=608, unchanged=218, early_stops=8/8
26 - INFO - chord#: 104 In build_straw_man_chord_sa. tolerance = 1, sa_iterations = 1000, initial_temperature = 3.0, cooling_rate = 0.999
26 - INFO - chord#: 104 done. best_score=27.0, changed=524, unchanged=375, early_stops=8/8
26 - INFO - chord#: 106 In build_straw_man_chord_sa. tolerance = 1, sa_iterations = 1000, initial_temperature = 3.0, cooling_rate = 0.999
26 - INFO - chord#: 124 done. best_score=27.0, changed=521, unchanged=404, early_stops=8/8
26 - INFO - chord#: 128 In build_straw_man_chord_sa. tolerance = 1, sa_iterations = 1000, initial_temperature = 3.0, cooling_rate = 0.999
26 - INFO - chord#: 124 done. best_score=27.0, changed=523, unchanged=315, early_stops=8/8
26 - INFO - chord#: 128 In build_straw_man_chord_sa. tolerance = 1, sa_iterations = 1000, initial_temperature = 3.0, cooling_rate = 0.999
26 - INFO - chord#: 132 done. best_score=27.0, changed=520, unchanged=416, early_stops=8/8
26 - INFO - chord#: 134 In build_straw_man_chord_sa. tolerance = 1, sa_iterations = 1000, initial_temperature = 3.0, cooling_rate = 0.999
26 - INFO - chord#: 104 done. best_score=27.0, changed=519, unchanged=347, early_stops=8/8
26 - INFO - chord#: 106 In build_straw_man_chord_sa. tolerance = 1, sa_iterations = 1000, initial_temperature = 3.0, cooling_rate = 0.999
26 - INFO - chord#: 106 done. best_score=27.0, changed=533, unchanged=355, early_stops=8/8
26 - INFO - chord#: 108 In build_straw_man_chord_sa. tolerance = 1, sa_iterations = 1000, initial_temperature = 3.0, cooling_rate = 0.999
26 - INFO - chord#: 106 done. best_score=27.0, changed=529, unchanged=370, early_stops=8/8
26 - INFO - chord#: 108 In build_straw_man_chord_sa. tolerance = 1, sa_iterations = 1000, initial_temperature = 3.0, cooling_rate = 0.999
26 - INFO - chord#: 104 done. best_score=27.0, changed=524, unchanged=350, early_stops=8/8
26 - INFO - chord#: 106 In build_straw_man_chord_sa. tolerance = 1, sa_iterations = 1000, initial_temperature = 3.0, cooling_rate = 0.999
26 - INFO - chord#: 134 done. best_score=120.0, changed=612, unchanged=529, early_stops=8/8
26 - INFO - chord#: 136 In build_straw_man_chord_sa. tolerance = 1, sa_iterations = 1000, initial_temperature = 3.0, cooling_rate = 0.999
26 - INFO - chord#: 116 done. best_score=78.0, changed=616, unchanged=279, early_stops=8/8
26 - INFO - chord#: 120 In build_straw_man_chord_sa. tolerance = 1, sa_iterations = 1000, initial_temperature = 3.0, cooling_rate = 0.999
26 - INFO - chord#: 128 done. best_score=36.0, changed=519, unchanged=310, early_stops=8/8
26 - INFO - chord#: 132 In build_straw_man_chord_sa. tolerance = 1, sa_iterations = 1000, initial_temperature = 3.0, cooling_rate = 0.999
26 - INFO - chord#: 128 done. best_score=36.0, changed=522, unchanged=345, early_stops=8/8
26 - INFO - chord#: 132 In build_straw_man_chord_sa. tolerance = 1, sa_iterations = 1000, initial_temperature = 3.0, cooling_rate = 0.999
26 - INFO - chord#: 134 done. best_score=108.0, changed=616, unchanged=273, early_stops=8/8
26 - INFO - chord#: 136 In build_straw_man_chord_sa. tolerance = 1, sa_iterations = 1000, initial_temperature = 3.0, cooling_rate = 0.999
26 - INFO - chord#: 106 done. best_score=27.0, changed=527, unchanged=357, early_stops=8/8
26 - INFO - chord#: 108 In build_straw_man_chord_sa. tolerance = 1, sa_iterations = 1000, initial_temperature = 3.0, cooling_rate = 0.999
26 - INFO - chord#: 134 done. best_score=82.0, changed=622, unchanged=558, early_stops=8/8
26 - INFO - chord#: 136 In build_straw_man_chord_sa. tolerance = 1, sa_iterations = 1000, initial_temperature = 3.0, cooling_rate = 0.999
26 - INFO - chord#: 108 done. best_score=27.0, changed=525, unchanged=392, early_stops=8/8
26 - INFO - chord#: 110 In build_straw_man_chord_sa. tolerance = 1, sa_iterations = 1000, initial_temperature = 3.0, cooling_rate = 0.999
26 - INFO - chord#: 136 done. best_score=27.0, changed=518, unchanged=402, early_stops=8/8
26 - INFO - chord#: 138 In build_straw_man_chord_sa. tolerance = 1, sa_iterations = 1000, initial_temperature = 3.0, cooling_rate = 0.999
26 - INFO - chord#: 106 done. best_score=27.0, changed=530, unchanged=343, early_stops=8/8
26 - INFO - chord#: 108 In build_straw_man_chord_sa. tolerance = 1, sa_iterations = 1000, initial_temperature = 3.0, cooling_rate = 0.999
26 - INFO - chord#: 120 done. best_score=27.0, changed=520, unchanged=363, early_stops=8/8
26 - INFO - chord#: 122 In build_straw_man_chord_sa. tolerance = 1, sa_iterations = 1000, initial_temperature = 3.0, cooling_rate = 0.999
26 - INFO - chord#: 110 done. best_score=145.0, changed=612, unchanged=264, early_stops=8/8
26 - INFO - chord#: 112 In build_straw_man_chord_sa. tolerance = 1, sa_iterations = 1000, initial_temperature = 3.0, cooling_rate = 0.999
26 - INFO - chord#: 136 done. best_score=27.0, changed=517, unchanged=325, early_stops=8/8
26 - INFO - chord#: 138 In build_straw_man_chord_sa. tolerance = 1, sa_iterations = 1000, initial_temperature = 3.0, cooling_rate = 0.999
26 - INFO - chord#: 132 done. best_score=27.0, changed=523, unchanged=489, early_stops=8/8
26 - INFO - chord#: 134 In build_straw_man_chord_sa. tolerance = 1, sa_iterations = 1000, initial_temperature = 3.0, cooling_rate = 0.999
26 - INFO - chord#: 108 done. best_score=27.0, changed=531, unchanged=585, early_stops=8/8
26 - INFO - chord#: 110 In build_straw_man_chord_sa. tolerance = 1, sa_iterations = 1000, initial_temperature = 3.0, cooling_rate = 0.999
26 - INFO - chord#: 134 done. best_score=97.0, changed=613, unchanged=325, early_stops=8/8
26 - INFO - chord#: 136 In build_straw_man_chord_sa. tolerance = 1, sa_iterations = 1000, initial_temperature = 3.0, cooling_rate = 0.999
26 - INFO - chord#: 108 done. best_score=27.0, changed=524, unchanged=396, early_stops=8/8
26 - INFO - chord#: 110 In build_straw_man_chord_sa. tolerance = 1, sa_iterations = 1000, initial_temperature = 3.0, cooling_rate = 0.999
26 - INFO - chord#: 136 done. best_score=27.0, changed=532, unchanged=413, early_stops=8/8
26 - INFO - chord#: 138 In build_straw_man_chord_sa. tolerance = 1, sa_iterations = 1000, initial_temperature = 3.0, cooling_rate = 0.999
26 - INFO - chord#: 138 done. best_score=36.0, changed=512, unchanged=366, early_stops=8/8
26 - INFO - chord#: 140 In build_straw_man_chord_sa. tolerance = 1, sa_iterations = 1000, initial_temperature = 3.0, cooling_rate = 0.999
26 - INFO - chord#: 132 done. best_score=27.0, changed=534, unchanged=569, early_stops=8/8
26 - INFO - chord#: 134 In build_straw_man_chord_sa. tolerance = 1, sa_iterations = 1000, initial_temperature = 3.0, cooling_rate = 0.999
26 - INFO - chord#: 108 done. best_score=27.0, changed=519, unchanged=394, early_stops=8/8
26 - INFO - chord#: 110 In build_straw_man_chord_sa. tolerance = 1, sa_iterations = 1000, initial_temperature = 3.0, cooling_rate = 0.999
26 - INFO - chord#: 138 done. best_score=36.0, changed=518, unchanged=340, early_stops=8/8
26 - INFO - chord#: 140 In build_straw_man_chord_sa. tolerance = 1, sa_iterations = 1000, initial_temperature = 3.0, cooling_rate = 0.999
26 - INFO - chord#: 112 done. best_score=27.0, changed=519, unchanged=414, early_stops=8/8
26 - INFO - chord#: 116 In build_straw_man_chord_sa. tolerance = 1, sa_iterations = 1000, initial_temperature = 3.0, cooling_rate = 0.999
26 - INFO - chord#: 136 done. best_score=27.0, changed=521, unchanged=434, early_stops=8/8
26 - INFO - chord#: 138 In build_straw_man_chord_sa. tolerance = 1, sa_iterations = 1000, initial_temperature = 3.0, cooling_rate = 0.999
26 - INFO - chord#: 138 done. best_score=36.0, changed=518, unchanged=327, early_stops=8/8
26 - INFO - chord#: 140 In build_straw_man_chord_sa. tolerance = 1, sa_iterations = 1000, initial_temperature = 3.0, cooling_rate = 0.999
26 - INFO - chord#: 140 done. best_score=27.0, changed=515, unchanged=331, early_stops=8/8
26 - INFO - chord#: 142 In build_straw_man_chord_sa. tolerance = 1, sa_iterations = 1000, initial_temperature = 3.0, cooling_rate = 0.999
26 - INFO - chord#: 140 done. best_score=27.0, changed=518, unchanged=392, early_stops=8/8
26 - INFO - chord#: 142 In build_straw_man_chord_sa. tolerance = 1, sa_iterations = 1000, initial_temperature = 3.0, cooling_rate = 0.999
26 - INFO - chord#: 122 done. best_score=67.0, changed=613, unchanged=329, early_stops=8/8
26 - INFO - chord#: 124 In build_straw_man_chord_sa. tolerance = 1, sa_iterations = 1000, initial_temperature = 3.0, cooling_rate = 0.999
26 - INFO - chord#: 110 done. best_score=137.0, changed=611, unchanged=297, early_stops=8/8
26 - INFO - chord#: 112 In build_straw_man_chord_sa. tolerance = 1, sa_iterations = 1000, initial_temperature = 3.0, cooling_rate = 0.999
26 - INFO - chord#: 134 done. best_score=82.0, changed=612, unchanged=315, early_stops=8/8
26 - INFO - chord#: 136 In build_straw_man_chord_sa. tolerance = 1, sa_iterations = 1000, initial_temperature = 3.0, cooling_rate = 0.999
26 - INFO - chord#: 138 done. best_score=36.0, changed=533, unchanged=397, early_stops=8/8
26 - INFO - chord#: 140 In build_straw_man_chord_sa. tolerance = 1, sa_iterations = 1000, initial_temperature = 3.0, cooling_rate = 0.999
26 - INFO - chord#: 140 done. best_score=27.0, changed=510, unchanged=414, early_stops=8/8
26 - INFO - chord#: 142 In build_straw_man_chord_sa. tolerance = 1, sa_iterations = 1000, initial_temperature = 3.0, cooling_rate = 0.999
26 - INFO - chord#: 110 done. best_score=67.0, changed=612, unchanged=320, early_stops=8/8
26 - INFO - chord#: 112 In build_straw_man_chord_sa. tolerance = 1, sa_iterations = 1000, initial_temperature = 3.0, cooling_rate = 0.999
26 - INFO - chord#: 124 done. best_score=27.0, changed=522, unchanged=360, early_stops=8/8
26 - INFO - chord#: 128 In build_straw_man_chord_sa. tolerance = 1, sa_iterations = 1000, initial_temperature = 3.0, cooling_rate = 0.999
26 - INFO - chord#: 134 done. best_score=120.0, changed=608, unchanged=210, early_stops=8/8
26 - INFO - chord#: 136 In build_straw_man_chord_sa. tolerance = 1, sa_iterations = 1000, initial_temperature = 3.0, cooling_rate = 0.999
26 - INFO - chord#: 110 done. best_score=67.0, changed=617, unchanged=335, early_stops=8/8
26 - INFO - chord#: 112 In build_straw_man_chord_sa. tolerance = 1, sa_iterations = 1000, initial_temperature = 3.0, cooling_rate = 0.999
26 - INFO - chord#: 136 done. best_score=27.0, changed=518, unchanged=331, early_stops=8/8
26 - INFO - chord#: 138 In build_straw_man_chord_sa. tolerance = 1, sa_iterations = 1000, initial_temperature = 3.0, cooling_rate = 0.999
26 - INFO - chord#: 110 done. best_score=67.0, changed=606, unchanged=294, early_stops=8/8
26 - INFO - chord#: 112 In build_straw_man_chord_sa. tolerance = 1, sa_iterations = 1000, initial_temperature = 3.0, cooling_rate = 0.999
26 - INFO - chord#: 140 done. best_score=27.0, changed=522, unchanged=477, early_stops=8/8
26 - INFO - chord#: 142 In build_straw_man_chord_sa. tolerance = 1, sa_iterations = 1000, initial_temperature = 3.0, cooling_rate = 0.999
26 - INFO - chord#: 112 done. best_score=27.0, changed=518, unchanged=410, early_stops=8/8
26 - INFO - chord#: 116 In build_straw_man_chord_sa. tolerance = 1, sa_iterations = 1000, initial_temperature = 3.0, cooling_rate = 0.999
26 - INFO - chord#: 116 done. best_score=161.0, changed=610, unchanged=223, early_stops=8/8
26 - INFO - chord#: 120 In build_straw_man_chord_sa. tolerance = 1, sa_iterations = 1000, initial_temperature = 3.0, cooling_rate = 0.999
26 - INFO - chord#: 142 done. best_score=64.0, changed=614, unchanged=449, early_stops=8/8
26 - INFO - chord#: 144 In build_straw_man_chord_sa. tolerance = 1, sa_iterations = 1000, initial_temperature = 3.0, cooling_rate = 0.999
26 - INFO - chord#: 142 done. best_score=64.0, changed=615, unchanged=253, early_stops=8/8
26 - INFO - chord#: 144 In build_straw_man_chord_sa. tolerance = 1, sa_iterations = 1000, initial_temperature = 3.0, cooling_rate = 0.999
26 - INFO - chord#: 128 done. best_score=36.0, changed=517, unchanged=399, early_stops=8/8
26 - INFO - chord#: 132 In build_straw_man_chord_sa. tolerance = 1, sa_iterations = 1000, initial_temperature = 3.0, cooling_rate = 0.999
26 - INFO - chord#: 112 done. best_score=27.0, changed=511, unchanged=350, early_stops=8/8
26 - INFO - chord#: 116 In build_straw_man_chord_sa. tolerance = 1, sa_iterations = 1000, initial_temperature = 3.0, cooling_rate = 0.999
26 - INFO - chord#: 142 done. best_score=64.0, changed=610, unchanged=217, early_stops=8/8
26 - INFO - chord#: 144 In build_straw_man_chord_sa. tolerance = 1, sa_iterations = 1000, initial_temperature = 3.0, cooling_rate = 0.999
26 - INFO - chord#: 136 done. best_score=27.0, changed=516, unchanged=369, early_stops=8/8
26 - INFO - chord#: 138 In build_straw_man_chord_sa. tolerance = 1, sa_iterations = 1000, initial_temperature = 3.0, cooling_rate = 0.999
26 - INFO - chord#: 112 done. best_score=27.0, changed=519, unchanged=400, early_stops=8/8
26 - INFO - chord#: 138 done. best_score=36.0, changed=527, unchanged=530, early_stops=8/8
26 - INFO - chord#: 116 In build_straw_man_chord_sa. tolerance = 1, sa_iterations = 1000, initial_temperature = 3.0, cooling_rate = 0.999
26 - INFO - chord#: 140 In build_straw_man_chord_sa. tolerance = 1, sa_iterations = 1000, initial_temperature = 3.0, cooling_rate = 0.999
26 - INFO - chord#: 144 done. best_score=27.0, changed=518, unchanged=330, early_stops=8/8
26 - INFO - chord#: 146 In build_straw_man_chord_sa. tolerance = 1, sa_iterations = 1000, initial_temperature = 3.0, cooling_rate = 0.999
26 - INFO - chord#: 144 done. best_score=27.0, changed=531, unchanged=461, early_stops=8/8
26 - INFO - chord#: 146 In build_straw_man_chord_sa. tolerance = 1, sa_iterations = 1000, initial_temperature = 3.0, cooling_rate = 0.999
26 - INFO - chord#: 112 done. best_score=27.0, changed=535, unchanged=436, early_stops=8/8
26 - INFO - chord#: 116 In build_straw_man_chord_sa. tolerance = 1, sa_iterations = 1000, initial_temperature = 3.0, cooling_rate = 0.999
26 - INFO - chord#: 132 done. best_score=27.0, changed=514, unchanged=351, early_stops=8/8
26 - INFO - chord#: 134 In build_straw_man_chord_sa. tolerance = 1, sa_iterations = 1000, initial_temperature = 3.0, cooling_rate = 0.999
26 - INFO - chord#: 120 done. best_score=27.0, changed=521, unchanged=446, early_stops=8/8
26 - INFO - chord#: 122 In build_straw_man_chord_sa. tolerance = 1, sa_iterations = 1000, initial_temperature = 3.0, cooling_rate = 0.999
26 - INFO - chord#: 144 done. best_score=27.0, changed=525, unchanged=425, early_stops=8/8
26 - INFO - chord#: 146 In build_straw_man_chord_sa. tolerance = 1, sa_iterations = 1000, initial_temperature = 3.0, cooling_rate = 0.999
26 - INFO - chord#: 140 done. best_score=27.0, changed=514, unchanged=360, early_stops=8/8
26 - INFO - chord#: 142 In build_straw_man_chord_sa. tolerance = 1, sa_iterations = 1000, initial_temperature = 3.0, cooling_rate = 0.999
26 - INFO - chord#: 138 done. best_score=36.0, changed=521, unchanged=395, early_stops=8/8
26 - INFO - chord#: 140 In build_straw_man_chord_sa. tolerance = 1, sa_iterations = 1000, initial_temperature = 3.0, cooling_rate = 0.999
26 - INFO - chord#: 146 done. best_score=27.0, changed=529, unchanged=459, early_stops=8/8
26 - INFO - chord#: 148 In build_straw_man_chord_sa. tolerance = 1, sa_iterations = 1000, initial_temperature = 3.0, cooling_rate = 0.999
26 - INFO - chord#: 146 done. best_score=27.0, changed=519, unchanged=393, early_stops=8/8
26 - INFO - chord#: 148 In build_straw_man_chord_sa. tolerance = 1, sa_iterations = 1000, initial_temperature = 3.0, cooling_rate = 0.999
26 - INFO - chord#: 142 done. best_score=157.0, changed=615, unchanged=400, early_stops=8/8
26 - INFO - chord#: 144 In build_straw_man_chord_sa. tolerance = 1, sa_iterations = 1000, initial_temperature = 3.0, cooling_rate = 0.999
26 - INFO - chord#: 146 done. best_score=27.0, changed=517, unchanged=463, early_stops=8/8
26 - INFO - chord#: 148 In build_straw_man_chord_sa. tolerance = 1, sa_iterations = 1000, initial_temperature = 3.0, cooling_rate = 0.999
26 - INFO - chord#: 116 done. best_score=101.0, changed=609, unchanged=357, early_stops=8/8
26 - INFO - chord#: 120 In build_straw_man_chord_sa. tolerance = 1, sa_iterations = 1000, initial_temperature = 3.0, cooling_rate = 0.999
26 - INFO - chord#: 144 done. best_score=27.0, changed=519, unchanged=336, early_stops=8/8
26 - INFO - chord#: 146 In build_straw_man_chord_sa. tolerance = 1, sa_iterations = 1000, initial_temperature = 3.0, cooling_rate = 0.999
26 - INFO - chord#: 116 done. best_score=157.0, changed=610, unchanged=215, early_stops=8/8
26 - INFO - chord#: 120 In build_straw_man_chord_sa. tolerance = 1, sa_iterations = 1000, initial_temperature = 3.0, cooling_rate = 0.999
26 - INFO - chord#: 140 done. best_score=27.0, changed=517, unchanged=417, early_stops=8/8
26 - INFO - chord#: 142 In build_straw_man_chord_sa. tolerance = 1, sa_iterations = 1000, initial_temperature = 3.0, cooling_rate = 0.999
26 - INFO - chord#: 116 done. best_score=145.0, changed=614, unchanged=344, early_stops=8/8
26 - INFO - chord#: 120 In build_straw_man_chord_sa. tolerance = 1, sa_iterations = 1000, initial_temperature = 3.0, cooling_rate = 0.999
26 - INFO - chord#: 134 done. best_score=82.0, changed=614, unchanged=383, early_stops=8/8
26 - INFO - chord#: 136 In build_straw_man_chord_sa. tolerance = 1, sa_iterations = 1000, initial_temperature = 3.0, cooling_rate = 0.999
26 - INFO - chord#: 142 done. best_score=125.0, changed=612, unchanged=333, early_stops=8/8
26 - INFO - chord#: 144 In build_straw_man_chord_sa. tolerance = 1, sa_iterations = 1000, initial_temperature = 3.0, cooling_rate = 0.999
26 - INFO - chord#: 146 done. best_score=27.0, changed=518, unchanged=368, early_stops=8/8
26 - INFO - chord#: 148 In build_straw_man_chord_sa. tolerance = 1, sa_iterations = 1000, initial_temperature = 3.0, cooling_rate = 0.999
26 - INFO - chord#: 120 done. best_score=27.0, changed=516, unchanged=480, early_stops=8/8
26 - INFO - chord#: 122 In build_straw_man_chord_sa. tolerance = 1, sa_iterations = 1000, initial_temperature = 3.0, cooling_rate = 0.999
26 - INFO - chord#: 136 done. best_score=27.0, changed=514, unchanged=308, early_stops=8/8
26 - INFO - chord#: 138 In build_straw_man_chord_sa. tolerance = 1, sa_iterations = 1000, initial_temperature = 3.0, cooling_rate = 0.999
26 - INFO - chord#: 148 done. best_score=67.0, changed=611, unchanged=300, early_stops=8/8
26 - INFO - chord#: 152 In build_straw_man_chord_sa. tolerance = 1, sa_iterations = 1000, initial_temperature = 3.0, cooling_rate = 0.999
26 - INFO - chord#: 122 done. best_score=96.0, changed=618, unchanged=455, early_stops=8/8
26 - INFO - chord#: 124 In build_straw_man_chord_sa. tolerance = 1, sa_iterations = 1000, initial_temperature = 3.0, cooling_rate = 0.999
26 - INFO - chord#: 120 done. best_score=27.0, changed=523, unchanged=589, early_stops=8/8
26 - INFO - chord#: 122 In build_straw_man_chord_sa. tolerance = 1, sa_iterations = 1000, initial_temperature = 3.0, cooling_rate = 0.999
26 - INFO - chord#: 144 done. best_score=27.0, changed=526, unchanged=447, early_stops=8/8
26 - INFO - chord#: 146 In build_straw_man_chord_sa. tolerance = 1, sa_iterations = 1000, initial_temperature = 3.0, cooling_rate = 0.999
26 - INFO - chord#: 116 done. best_score=78.0, changed=618, unchanged=528, early_stops=8/8
26 - INFO - chord#: 120 In build_straw_man_chord_sa. tolerance = 1, sa_iterations = 1000, initial_temperature = 3.0, cooling_rate = 0.999
26 - INFO - chord#: 120 done. best_score=27.0, changed=528, unchanged=539, early_stops=8/8
26 - INFO - chord#: 122 In build_straw_man_chord_sa. tolerance = 1, sa_iterations = 1000, initial_temperature = 3.0, cooling_rate = 0.999
26 - INFO - chord#: 148 done. best_score=67.0, changed=613, unchanged=470, early_stops=8/8
26 - INFO - chord#: 152 In build_straw_man_chord_sa. tolerance = 1, sa_iterations = 1000, initial_temperature = 3.0, cooling_rate = 0.999
26 - INFO - chord#: 148 done. best_score=78.0, changed=612, unchanged=390, early_stops=8/8
26 - INFO - chord#: 152 In build_straw_man_chord_sa. tolerance = 1, sa_iterations = 1000, initial_temperature = 3.0, cooling_rate = 0.999
26 - INFO - chord#: 138 done. best_score=36.0, changed=520, unchanged=423, early_stops=8/8
26 - INFO - chord#: 140 In build_straw_man_chord_sa. tolerance = 1, sa_iterations = 1000, initial_temperature = 3.0, cooling_rate = 0.999
26 - INFO - chord#: 152 done. best_score=27.0, changed=517, unchanged=487, early_stops=8/8
26 - INFO - chord#: 154 In build_straw_man_chord_sa. tolerance = 1, sa_iterations = 1000, initial_temperature = 3.0, cooling_rate = 0.999
26 - INFO - chord#: 124 done. best_score=27.0, changed=519, unchanged=378, early_stops=8/8
26 - INFO - chord#: 128 In build_straw_man_chord_sa. tolerance = 1, sa_iterations = 1000, initial_temperature = 3.0, cooling_rate = 0.999
26 - INFO - chord#: 146 done. best_score=27.0, changed=521, unchanged=395, early_stops=8/8
26 - INFO - chord#: 148 In build_straw_man_chord_sa. tolerance = 1, sa_iterations = 1000, initial_temperature = 3.0, cooling_rate = 0.999
26 - INFO - chord#: 142 done. best_score=104.0, changed=607, unchanged=330, early_stops=8/8
26 - INFO - chord#: 144 In build_straw_man_chord_sa. tolerance = 1, sa_iterations = 1000, initial_temperature = 3.0, cooling_rate = 0.999
26 - INFO - chord#: 152 done. best_score=27.0, changed=512, unchanged=324, early_stops=8/8
26 - INFO - chord#: 154 In build_straw_man_chord_sa. tolerance = 1, sa_iterations = 1000, initial_temperature = 3.0, cooling_rate = 0.999
26 - INFO - chord#: 152 done. best_score=27.0, changed=525, unchanged=589, early_stops=8/8
26 - INFO - chord#: 154 In build_straw_man_chord_sa. tolerance = 1, sa_iterations = 1000, initial_temperature = 3.0, cooling_rate = 0.999
26 - INFO - chord#: 120 done. best_score=27.0, changed=514, unchanged=388, early_stops=8/8
26 - INFO - chord#: 122 In build_straw_man_chord_sa. tolerance = 1, sa_iterations = 1000, initial_temperature = 3.0, cooling_rate = 0.999
26 - INFO - chord#: 148 done. best_score=67.0, changed=610, unchanged=283, early_stops=8/8
26 - INFO - chord#: 152 In build_straw_man_chord_sa. tolerance = 1, sa_iterations = 1000, initial_temperature = 3.0, cooling_rate = 0.999
26 - INFO - chord#: 140 done. best_score=27.0, changed=515, unchanged=366, early_stops=8/8
26 - INFO - chord#: 142 In build_straw_man_chord_sa. tolerance = 1, sa_iterations = 1000, initial_temperature = 3.0, cooling_rate = 0.999
26 - INFO - chord#: 128 done. best_score=36.0, changed=529, unchanged=379, early_stops=8/8
26 - INFO - chord#: 132 In build_straw_man_chord_sa. tolerance = 1, sa_iterations = 1000, initial_temperature = 3.0, cooling_rate = 0.999
26 - INFO - chord#: 144 done. best_score=27.0, changed=521, unchanged=365, early_stops=8/8
26 - INFO - chord#: 146 In build_straw_man_chord_sa. tolerance = 1, sa_iterations = 1000, initial_temperature = 3.0, cooling_rate = 0.999
26 - INFO - chord#: 122 done. best_score=67.0, changed=616, unchanged=309, early_stops=8/8
26 - INFO - chord#: 124 In build_straw_man_chord_sa. tolerance = 1, sa_iterations = 1000, initial_temperature = 3.0, cooling_rate = 0.999
26 - INFO - chord#: 152 done. best_score=27.0, changed=525, unchanged=558, early_stops=8/8
26 - INFO - chord#: 154 In build_straw_man_chord_sa. tolerance = 1, sa_iterations = 1000, initial_temperature = 3.0, cooling_rate = 0.999
26 - INFO - chord#: 122 done. best_score=67.0, changed=611, unchanged=305, early_stops=8/8
26 - INFO - chord#: 124 In build_straw_man_chord_sa. tolerance = 1, sa_iterations = 1000, initial_temperature = 3.0, cooling_rate = 0.999
26 - INFO - chord#: 154 done. best_score=67.0, changed=609, unchanged=259, early_stops=8/8
26 - INFO - chord#: 156 In build_straw_man_chord_sa. tolerance = 1, sa_iterations = 1000, initial_temperature = 3.0, cooling_rate = 0.999
26 - INFO - chord#: 132 done. best_score=27.0, changed=514, unchanged=352, early_stops=8/8
26 - INFO - chord#: 134 In build_straw_man_chord_sa. tolerance = 1, sa_iterations = 1000, initial_temperature = 3.0, cooling_rate = 0.999
26 - INFO - chord#: 148 done. best_score=157.0, changed=609, unchanged=285, early_stops=8/8
26 - INFO - chord#: 152 In build_straw_man_chord_sa. tolerance = 1, sa_iterations = 1000, initial_temperature = 3.0, cooling_rate = 0.999
26 - INFO - chord#: 146 done. best_score=27.0, changed=516, unchanged=330, early_stops=8/8
26 - INFO - chord#: 148 In build_straw_man_chord_sa. tolerance = 1, sa_iterations = 1000, initial_temperature = 3.0, cooling_rate = 0.999
26 - INFO - chord#: 122 done. best_score=67.0, changed=621, unchanged=472, early_stops=8/8
26 - INFO - chord#: 124 In build_straw_man_chord_sa. tolerance = 1, sa_iterations = 1000, initial_temperature = 3.0, cooling_rate = 0.999
26 - INFO - chord#: 124 done. best_score=27.0, changed=516, unchanged=407, early_stops=8/8
26 - INFO - chord#: 128 In build_straw_man_chord_sa. tolerance = 1, sa_iterations = 1000, initial_temperature = 3.0, cooling_rate = 0.999
26 - INFO - chord#: 154 done. best_score=67.0, changed=611, unchanged=348, early_stops=8/8
26 - INFO - chord#: 156 In build_straw_man_chord_sa. tolerance = 1, sa_iterations = 1000, initial_temperature = 3.0, cooling_rate = 0.999
26 - INFO - chord#: 154 done. best_score=67.0, changed=609, unchanged=411, early_stops=8/8
26 - INFO - chord#: 156 In build_straw_man_chord_sa. tolerance = 1, sa_iterations = 1000, initial_temperature = 3.0, cooling_rate = 0.999
26 - INFO - chord#: 124 done. best_score=27.0, changed=531, unchanged=425, early_stops=8/8
26 - INFO - chord#: 128 In build_straw_man_chord_sa. tolerance = 1, sa_iterations = 1000, initial_temperature = 3.0, cooling_rate = 0.999
26 - INFO - chord#: 156 done. best_score=27.0, changed=523, unchanged=485, early_stops=8/8
26 - INFO - chord#: 122 done. best_score=96.0, changed=611, unchanged=273, early_stops=8/8
26 - INFO - chord#: 124 In build_straw_man_chord_sa. tolerance = 1, sa_iterations = 1000, initial_temperature = 3.0, cooling_rate = 0.999
26 - INFO - chord#: 142 done. best_score=64.0, changed=622, unchanged=530, early_stops=8/8
26 - INFO - chord#: 144 In build_straw_man_chord_sa. tolerance = 1, sa_iterations = 1000, initial_temperature = 3.0, cooling_rate = 0.999
26 - INFO - chord#: 152 done. best_score=27.0, changed=517, unchanged=366, early_stops=8/8
26 - INFO - chord#: 154 In build_straw_man_chord_sa. tolerance = 1, sa_iterations = 1000, initial_temperature = 3.0, cooling_rate = 0.999
26 - INFO - chord#: 124 done. best_score=27.0, changed=524, unchanged=383, early_stops=8/8
26 - INFO - chord#: 128 In build_straw_man_chord_sa. tolerance = 1, sa_iterations = 1000, initial_temperature = 3.0, cooling_rate = 0.999
26 - INFO - chord#: 154 done. best_score=96.0, changed=605, unchanged=246, early_stops=8/8
26 - INFO - chord#: 156 In build_straw_man_chord_sa. tolerance = 1, sa_iterations = 1000, initial_temperature = 3.0, cooling_rate = 0.999
26 - INFO - chord#: 128 done. best_score=36.0, changed=516, unchanged=336, early_stops=8/8
26 - INFO - chord#: 132 In build_straw_man_chord_sa. tolerance = 1, sa_iterations = 1000, initial_temperature = 3.0, cooling_rate = 0.999
26 - INFO - chord#: 156 done. best_score=27.0, changed=525, unchanged=374, early_stops=8/8
26 - INFO - chord#: 156 done. best_score=27.0, changed=518, unchanged=333, early_stops=8/8
26 - INFO - chord#: 144 done. best_score=27.0, changed=526, unchanged=359, early_stops=8/8
26 - INFO - chord#: 146 In build_straw_man_chord_sa. tolerance = 1, sa_iterations = 1000, initial_temperature = 3.0, cooling_rate = 0.999
26 - INFO - chord#: 128 done. best_score=36.0, changed=521, unchanged=348, early_stops=8/8
26 - INFO - chord#: 132 In build_straw_man_chord_sa. tolerance = 1, sa_iterations = 1000, initial_temperature = 3.0, cooling_rate = 0.999
26 - INFO - chord#: 124 done. best_score=27.0, changed=525, unchanged=344, early_stops=8/8
26 - INFO - chord#: 128 In build_straw_man_chord_sa. tolerance = 1, sa_iterations = 1000, initial_temperature = 3.0, cooling_rate = 0.999
26 - INFO - chord#: 128 done. best_score=36.0, changed=516, unchanged=332, early_stops=8/8
26 - INFO - chord#: 132 In build_straw_man_chord_sa. tolerance = 1, sa_iterations = 1000, initial_temperature = 3.0, cooling_rate = 0.999
26 - INFO - chord#: 134 done. best_score=82.0, changed=618, unchanged=322, early_stops=8/8
26 - INFO - chord#: 136 In build_straw_man_chord_sa. tolerance = 1, sa_iterations = 1000, initial_temperature = 3.0, cooling_rate = 0.999
26 - INFO - chord#: 156 done. best_score=27.0, changed=519, unchanged=398, early_stops=8/8
26 - INFO - chord#: 146 done. best_score=27.0, changed=517, unchanged=314, early_stops=8/8
26 - INFO - chord#: 148 In build_straw_man_chord_sa. tolerance = 1, sa_iterations = 1000, initial_temperature = 3.0, cooling_rate = 0.999
26 - INFO - chord#: 132 done. best_score=27.0, changed=520, unchanged=488, early_stops=8/8
26 - INFO - chord#: 134 In build_straw_man_chord_sa. tolerance = 1, sa_iterations = 1000, initial_temperature = 3.0, cooling_rate = 0.999
26 - INFO - chord#: 132 done. best_score=27.0, changed=520, unchanged=381, early_stops=8/8
26 - INFO - chord#: 134 In build_straw_man_chord_sa. tolerance = 1, sa_iterations = 1000, initial_temperature = 3.0, cooling_rate = 0.999
26 - INFO - chord#: 148 done. best_score=119.0, changed=614, unchanged=475, early_stops=8/8
26 - INFO - chord#: 152 In build_straw_man_chord_sa. tolerance = 1, sa_iterations = 1000, initial_temperature = 3.0, cooling_rate = 0.999
26 - INFO - chord#: 128 done. best_score=36.0, changed=527, unchanged=356, early_stops=8/8
26 - INFO - chord#: 132 In build_straw_man_chord_sa. tolerance = 1, sa_iterations = 1000, initial_temperature = 3.0, cooling_rate = 0.999
26 - INFO - chord#: 132 done. best_score=27.0, changed=526, unchanged=455, early_stops=8/8
26 - INFO - chord#: 134 In build_straw_man_chord_sa. tolerance = 1, sa_iterations = 1000, initial_temperature = 3.0, cooling_rate = 0.999
26 - INFO - chord#: 136 done. best_score=27.0, changed=517, unchanged=361, early_stops=8/8
26 - INFO - chord#: 138 In build_straw_man_chord_sa. tolerance = 1, sa_iterations = 1000, initial_temperature = 3.0, cooling_rate = 0.999
26 - INFO - chord#: 154 done. best_score=137.0, changed=619, unchanged=398, early_stops=8/8
26 - INFO - chord#: 156 In build_straw_man_chord_sa. tolerance = 1, sa_iterations = 1000, initial_temperature = 3.0, cooling_rate = 0.999
26 - INFO - chord#: 152 done. best_score=27.0, changed=511, unchanged=349, early_stops=8/8
26 - INFO - chord#: 154 In build_straw_man_chord_sa. tolerance = 1, sa_iterations = 1000, initial_temperature = 3.0, cooling_rate = 0.999
26 - INFO - chord#: 138 done. best_score=36.0, changed=520, unchanged=374, early_stops=8/8
26 - INFO - chord#: 140 In build_straw_man_chord_sa. tolerance = 1, sa_iterations = 1000, initial_temperature = 3.0, cooling_rate = 0.999
26 - INFO - chord#: 132 done. best_score=27.0, changed=518, unchanged=373, early_stops=8/8
26 - INFO - chord#: 134 In build_straw_man_chord_sa. tolerance = 1, sa_iterations = 1000, initial_temperature = 3.0, cooling_rate = 0.999
26 - INFO - chord#: 156 done. best_score=27.0, changed=526, unchanged=487, early_stops=8/8
26 - INFO - chord#: 134 done. best_score=82.0, changed=611, unchanged=229, early_stops=8/8
26 - INFO - chord#: 136 In build_straw_man_chord_sa. tolerance = 1, sa_iterations = 1000, initial_temperature = 3.0, cooling_rate = 0.999
26 - INFO - chord#: 148 done. best_score=140.0, changed=610, unchanged=275, early_stops=8/8
26 - INFO - chord#: 152 In build_straw_man_chord_sa. tolerance = 1, sa_iterations = 1000, initial_temperature = 3.0, cooling_rate = 0.999
26 - INFO - chord#: 134 done. best_score=82.0, changed=611, unchanged=215, early_stops=8/8
26 - INFO - chord#: 136 In build_straw_man_chord_sa. tolerance = 1, sa_iterations = 1000, initial_temperature = 3.0, cooling_rate = 0.999
26 - INFO - chord#: 140 done. best_score=27.0, changed=525, unchanged=381, early_stops=8/8
26 - INFO - chord#: 142 In build_straw_man_chord_sa. tolerance = 1, sa_iterations = 1000, initial_temperature = 3.0, cooling_rate = 0.999
26 - INFO - chord#: 134 done. best_score=82.0, changed=619, unchanged=323, early_stops=8/8
26 - INFO - chord#: 136 In build_straw_man_chord_sa. tolerance = 1, sa_iterations = 1000, initial_temperature = 3.0, cooling_rate = 0.999
26 - INFO - chord#: 152 done. best_score=27.0, changed=530, unchanged=492, early_stops=8/8
26 - INFO - chord#: 154 In build_straw_man_chord_sa. tolerance = 1, sa_iterations = 1000, initial_temperature = 3.0, cooling_rate = 0.999
26 - INFO - chord#: 136 done. best_score=27.0, changed=526, unchanged=384, early_stops=8/8
26 - INFO - chord#: 138 In build_straw_man_chord_sa. tolerance = 1, sa_iterations = 1000, initial_temperature = 3.0, cooling_rate = 0.999
26 - INFO - chord#: 136 done. best_score=27.0, changed=521, unchanged=488, early_stops=8/8
26 - INFO - chord#: 138 In build_straw_man_chord_sa. tolerance = 1, sa_iterations = 1000, initial_temperature = 3.0, cooling_rate = 0.999
26 - INFO - chord#: 134 done. best_score=82.0, changed=613, unchanged=265, early_stops=8/8
26 - INFO - chord#: 136 In build_straw_man_chord_sa. tolerance = 1, sa_iterations = 1000, initial_temperature = 3.0, cooling_rate = 0.999
26 - INFO - chord#: 136 done. best_score=27.0, changed=532, unchanged=474, early_stops=8/8
26 - INFO - chord#: 138 In build_straw_man_chord_sa. tolerance = 1, sa_iterations = 1000, initial_temperature = 3.0, cooling_rate = 0.999
26 - INFO - chord#: 154 done. best_score=67.0, changed=613, unchanged=448, early_stops=8/8
26 - INFO - chord#: 156 In build_straw_man_chord_sa. tolerance = 1, sa_iterations = 1000, initial_temperature = 3.0, cooling_rate = 0.999
26 - INFO - chord#: 138 done. best_score=36.0, changed=516, unchanged=356, early_stops=8/8
26 - INFO - chord#: 140 In build_straw_man_chord_sa. tolerance = 1, sa_iterations = 1000, initial_temperature = 3.0, cooling_rate = 0.999
26 - INFO - chord#: 136 done. best_score=27.0, changed=520, unchanged=421, early_stops=8/8
26 - INFO - chord#: 138 In build_straw_man_chord_sa. tolerance = 1, sa_iterations = 1000, initial_temperature = 3.0, cooling_rate = 0.999
26 - INFO - chord#: 156 done. best_score=27.0, changed=524, unchanged=378, early_stops=8/8
26 - INFO - chord#: 138 done. best_score=36.0, changed=521, unchanged=375, early_stops=8/8
26 - INFO - chord#: 140 In build_straw_man_chord_sa. tolerance = 1, sa_iterations = 1000, initial_temperature = 3.0, cooling_rate = 0.999
26 - INFO - chord#: 142 done. best_score=64.0, changed=614, unchanged=385, early_stops=8/8
26 - INFO - chord#: 144 In build_straw_man_chord_sa. tolerance = 1, sa_iterations = 1000, initial_temperature = 3.0, cooling_rate = 0.999
26 - INFO - chord#: 140 done. best_score=27.0, changed=524, unchanged=381, early_stops=8/8
26 - INFO - chord#: 142 In build_straw_man_chord_sa. tolerance = 1, sa_iterations = 1000, initial_temperature = 3.0, cooling_rate = 0.999
26 - INFO - chord#: 138 done. best_score=36.0, changed=524, unchanged=444, early_stops=8/8
26 - INFO - chord#: 140 In build_straw_man_chord_sa. tolerance = 1, sa_iterations = 1000, initial_temperature = 3.0, cooling_rate = 0.999
26 - INFO - chord#: 138 done. best_score=36.0, changed=526, unchanged=398, early_stops=8/8
26 - INFO - chord#: 140 In build_straw_man_chord_sa. tolerance = 1, sa_iterations = 1000, initial_temperature = 3.0, cooling_rate = 0.999
26 - INFO - chord#: 144 done. best_score=27.0, changed=514, unchanged=359, early_stops=8/8
26 - INFO - chord#: 146 In build_straw_man_chord_sa. tolerance = 1, sa_iterations = 1000, initial_temperature = 3.0, cooling_rate = 0.999
26 - INFO - chord#: 140 done. best_score=27.0, changed=513, unchanged=410, early_stops=8/8
26 - INFO - chord#: 142 In build_straw_man_chord_sa. tolerance = 1, sa_iterations = 1000, initial_temperature = 3.0, cooling_rate = 0.999
26 - INFO - chord#: 140 done. best_score=27.0, changed=521, unchanged=503, early_stops=8/8
26 - INFO - chord#: 142 In build_straw_man_chord_sa. tolerance = 1, sa_iterations = 1000, initial_temperature = 3.0, cooling_rate = 0.999
26 - INFO - chord#: 154 done. best_score=67.0, changed=617, unchanged=560, early_stops=8/8
26 - INFO - chord#: 156 In build_straw_man_chord_sa. tolerance = 1, sa_iterations = 1000, initial_temperature = 3.0, cooling_rate = 0.999
26 - INFO - chord#: 146 done. best_score=27.0, changed=526, unchanged=343, early_stops=8/8
26 - INFO - chord#: 148 In build_straw_man_chord_sa. tolerance = 1, sa_iterations = 1000, initial_temperature = 3.0, cooling_rate = 0.999
26 - INFO - chord#: 140 done. best_score=27.0, changed=527, unchanged=459, early_stops=8/8
26 - INFO - chord#: 142 In build_straw_man_chord_sa. tolerance = 1, sa_iterations = 1000, initial_temperature = 3.0, cooling_rate = 0.999
26 - INFO - chord#: 156 done. best_score=27.0, changed=515, unchanged=382, early_stops=8/8
26 - INFO - chord#: 142 done. best_score=64.0, changed=610, unchanged=378, early_stops=8/8
26 - INFO - chord#: 144 In build_straw_man_chord_sa. tolerance = 1, sa_iterations = 1000, initial_temperature = 3.0, cooling_rate = 0.999
26 - INFO - chord#: 142 done. best_score=64.0, changed=608, unchanged=254, early_stops=8/8
26 - INFO - chord#: 144 In build_straw_man_chord_sa. tolerance = 1, sa_iterations = 1000, initial_temperature = 3.0, cooling_rate = 0.999
26 - INFO - chord#: 142 done. best_score=64.0, changed=609, unchanged=226, early_stops=8/8
26 - INFO - chord#: 144 In build_straw_man_chord_sa. tolerance = 1, sa_iterations = 1000, initial_temperature = 3.0, cooling_rate = 0.999
26 - INFO - chord#: 144 done. best_score=27.0, changed=527, unchanged=413, early_stops=8/8
26 - INFO - chord#: 146 In build_straw_man_chord_sa. tolerance = 1, sa_iterations = 1000, initial_temperature = 3.0, cooling_rate = 0.999
26 - INFO - chord#: 144 done. best_score=27.0, changed=518, unchanged=338, early_stops=8/8
26 - INFO - chord#: 146 In build_straw_man_chord_sa. tolerance = 1, sa_iterations = 1000, initial_temperature = 3.0, cooling_rate = 0.999
26 - INFO - chord#: 144 done. best_score=27.0, changed=522, unchanged=320, early_stops=8/8
26 - INFO - chord#: 146 In build_straw_man_chord_sa. tolerance = 1, sa_iterations = 1000, initial_temperature = 3.0, cooling_rate = 0.999
26 - INFO - chord#: 142 done. best_score=64.0, changed=611, unchanged=296, early_stops=8/8
26 - INFO - chord#: 144 In build_straw_man_chord_sa. tolerance = 1, sa_iterations = 1000, initial_temperature = 3.0, cooling_rate = 0.999
26 - INFO - chord#: 148 done. best_score=119.0, changed=617, unchanged=342, early_stops=8/8
26 - INFO - chord#: 152 In build_straw_man_chord_sa. tolerance = 1, sa_iterations = 1000, initial_temperature = 3.0, cooling_rate = 0.999
26 - INFO - chord#: 146 done. best_score=27.0, changed=522, unchanged=512, early_stops=8/8
26 - INFO - chord#: 148 In build_straw_man_chord_sa. tolerance = 1, sa_iterations = 1000, initial_temperature = 3.0, cooling_rate = 0.999
26 - INFO - chord#: 146 done. best_score=27.0, changed=527, unchanged=369, early_stops=8/8
26 - INFO - chord#: 148 In build_straw_man_chord_sa. tolerance = 1, sa_iterations = 1000, initial_temperature = 3.0, cooling_rate = 0.999
26 - INFO - chord#: 144 done. best_score=27.0, changed=523, unchanged=362, early_stops=8/8
26 - INFO - chord#: 146 In build_straw_man_chord_sa. tolerance = 1, sa_iterations = 1000, initial_temperature = 3.0, cooling_rate = 0.999
26 - INFO - chord#: 146 done. best_score=27.0, changed=524, unchanged=406, early_stops=8/8
26 - INFO - chord#: 148 In build_straw_man_chord_sa. tolerance = 1, sa_iterations = 1000, initial_temperature = 3.0, cooling_rate = 0.999
26 - INFO - chord#: 152 done. best_score=27.0, changed=524, unchanged=368, early_stops=8/8
26 - INFO - chord#: 154 In build_straw_man_chord_sa. tolerance = 1, sa_iterations = 1000, initial_temperature = 3.0, cooling_rate = 0.999
26 - INFO - chord#: 146 done. best_score=27.0, changed=520, unchanged=442, early_stops=8/8
26 - INFO - chord#: 148 In build_straw_man_chord_sa. tolerance = 1, sa_iterations = 1000, initial_temperature = 3.0, cooling_rate = 0.999
26 - INFO - chord#: 148 done. best_score=78.0, changed=609, unchanged=391, early_stops=8/8
26 - INFO - chord#: 152 In build_straw_man_chord_sa. tolerance = 1, sa_iterations = 1000, initial_temperature = 3.0, cooling_rate = 0.999
26 - INFO - chord#: 148 done. best_score=78.0, changed=610, unchanged=296, early_stops=8/8
26 - INFO - chord#: 152 In build_straw_man_chord_sa. tolerance = 1, sa_iterations = 1000, initial_temperature = 3.0, cooling_rate = 0.999
26 - INFO - chord#: 154 done. best_score=162.0, changed=615, unchanged=312, early_stops=8/8
26 - INFO - chord#: 156 In build_straw_man_chord_sa. tolerance = 1, sa_iterations = 1000, initial_temperature = 3.0, cooling_rate = 0.999
26 - INFO - chord#: 148 done. best_score=78.0, changed=612, unchanged=421, early_stops=8/8
26 - INFO - chord#: 152 In build_straw_man_chord_sa. tolerance = 1, sa_iterations = 1000, initial_temperature = 3.0, cooling_rate = 0.999
26 - INFO - chord#: 152 done. best_score=27.0, changed=523, unchanged=471, early_stops=8/8
26 - INFO - chord#: 154 In build_straw_man_chord_sa. tolerance = 1, sa_iterations = 1000, initial_temperature = 3.0, cooling_rate = 0.999
26 - INFO - chord#: 152 done. best_score=27.0, changed=517, unchanged=426, early_stops=8/8
26 - INFO - chord#: 154 In build_straw_man_chord_sa. tolerance = 1, sa_iterations = 1000, initial_temperature = 3.0, cooling_rate = 0.999
26 - INFO - chord#: 148 done. best_score=137.0, changed=613, unchanged=428, early_stops=8/8
26 - INFO - chord#: 152 In build_straw_man_chord_sa. tolerance = 1, sa_iterations = 1000, initial_temperature = 3.0, cooling_rate = 0.999
26 - INFO - chord#: 152 done. best_score=27.0, changed=521, unchanged=481, early_stops=8/8
26 - INFO - chord#: 154 In build_straw_man_chord_sa. tolerance = 1, sa_iterations = 1000, initial_temperature = 3.0, cooling_rate = 0.999
26 - INFO - chord#: 156 done. best_score=27.0, changed=527, unchanged=474, early_stops=8/8
26 - INFO - chord#: 152 done. best_score=27.0, changed=520, unchanged=391, early_stops=8/8
26 - INFO - chord#: 154 In build_straw_man_chord_sa. tolerance = 1, sa_iterations = 1000, initial_temperature = 3.0, cooling_rate = 0.999
26 - INFO - chord#: 154 done. best_score=96.0, changed=611, unchanged=328, early_stops=8/8
26 - INFO - chord#: 156 In build_straw_man_chord_sa. tolerance = 1, sa_iterations = 1000, initial_temperature = 3.0, cooling_rate = 0.999
26 - INFO - chord#: 154 done. best_score=137.0, changed=611, unchanged=257, early_stops=8/8
26 - INFO - chord#: 156 In build_straw_man_chord_sa. tolerance = 1, sa_iterations = 1000, initial_temperature = 3.0, cooling_rate = 0.999
26 - INFO - chord#: 156 done. best_score=27.0, changed=524, unchanged=438, early_stops=8/8
26 - INFO - chord#: 156 done. best_score=27.0, changed=517, unchanged=365, early_stops=8/8
26 - INFO - chord#: 154 done. best_score=67.0, changed=612, unchanged=400, early_stops=8/8
26 - INFO - chord#: 156 In build_straw_man_chord_sa. tolerance = 1, sa_iterations = 1000, initial_temperature = 3.0, cooling_rate = 0.999
26 - INFO - chord#: 154 done. best_score=67.0, changed=607, unchanged=264, early_stops=8/8
26 - INFO - chord#: 156 In build_straw_man_chord_sa. tolerance = 1, sa_iterations = 1000, initial_temperature = 3.0, cooling_rate = 0.999
26 - INFO - chord#: 156 done. best_score=27.0, changed=534, unchanged=491, early_stops=8/8
26 - INFO - chord#: 156 done. best_score=27.0, changed=509, unchanged=316, early_stops=8/8
26 - INFO - chord#: 0 In build_straw_man_chord_sa. tolerance = 1, sa_iterations = 1000, initial_temperature = 3.0, cooling_rate = 0.999
26 - INFO - chord#: 0 In build_straw_man_chord_sa. tolerance = 1, sa_iterations = 1000, initial_temperature = 3.0, cooling_rate = 0.999
26 - INFO - chord#: 0 In build_straw_man_chord_sa. tolerance = 1, sa_iterations = 1000, initial_temperature = 3.0, cooling_rate = 0.999
26 - INFO - chord#: 0 In build_straw_man_chord_sa. tolerance = 1, sa_iterations = 1000, initial_temperature = 3.0, cooling_rate = 0.999
26 - INFO - chord#: 0 In build_straw_man_chord_sa. tolerance = 1, sa_iterations = 1000, initial_temperature = 3.0, cooling_rate = 0.999
26 - INFO - chord#: 0 In build_straw_man_chord_sa. tolerance = 1, sa_iterations = 1000, initial_temperature = 3.0, cooling_rate = 0.999
26 - INFO - chord#: 0 In build_straw_man_chord_sa. tolerance = 1, sa_iterations = 1000, initial_temperature = 3.0, cooling_rate = 0.999
26 - INFO - chord#: 0 In build_straw_man_chord_sa. tolerance = 1, sa_iterations = 1000, initial_temperature = 3.0, cooling_rate = 0.999
26 - INFO - chord#: 0 In build_straw_man_chord_sa. tolerance = 1, sa_iterations = 1000, initial_temperature = 3.0, cooling_rate = 0.999
26 - INFO - chord#: 0 In build_straw_man_chord_sa. tolerance = 1, sa_iterations = 1000, initial_temperature = 3.0, cooling_rate = 0.999
26 - INFO - chord#: 0 In build_straw_man_chord_sa. tolerance = 1, sa_iterations = 1000, initial_temperature = 3.0, cooling_rate = 0.999
26 - INFO - chord#: 0 In build_straw_man_chord_sa. tolerance = 1, sa_iterations = 1000, initial_temperature = 3.0, cooling_rate = 0.999
26 - INFO - chord#: 0 done. best_score=27.0, changed=511, unchanged=320, early_stops=8/8
26 - INFO - chord#: 2 In build_straw_man_chord_sa. tolerance = 1, sa_iterations = 1000, initial_temperature = 3.0, cooling_rate = 0.999
26 - INFO - chord#: 0 done. best_score=27.0, changed=521, unchanged=390, early_stops=8/8
26 - INFO - chord#: 2 In build_straw_man_chord_sa. tolerance = 1, sa_iterations = 1000, initial_temperature = 3.0, cooling_rate = 0.999
26 - INFO - chord#: 0 done. best_score=27.0, changed=527, unchanged=441, early_stops=8/8
26 - INFO - chord#: 2 In build_straw_man_chord_sa. tolerance = 1, sa_iterations = 1000, initial_temperature = 3.0, cooling_rate = 0.999
26 - INFO - chord#: 0 done. best_score=27.0, changed=526, unchanged=442, early_stops=8/8
26 - INFO - chord#: 2 In build_straw_man_chord_sa. tolerance = 1, sa_iterations = 1000, initial_temperature = 3.0, cooling_rate = 0.999
26 - INFO - chord#: 0 done. best_score=27.0, changed=522, unchanged=480, early_stops=8/8
26 - INFO - chord#: 2 In build_straw_man_chord_sa. tolerance = 1, sa_iterations = 1000, initial_temperature = 3.0, cooling_rate = 0.999
26 - INFO - chord#: 0 done. best_score=27.0, changed=522, unchanged=388, early_stops=8/8
26 - INFO - chord#: 2 In build_straw_man_chord_sa. tolerance = 1, sa_iterations = 1000, initial_temperature = 3.0, cooling_rate = 0.999
26 - INFO - chord#: 0 done. best_score=27.0, changed=518, unchanged=382, early_stops=8/8
26 - INFO - chord#: 2 In build_straw_man_chord_sa. tolerance = 1, sa_iterations = 1000, initial_temperature = 3.0, cooling_rate = 0.999
26 - INFO - chord#: 0 done. best_score=27.0, changed=527, unchanged=421, early_stops=8/8
26 - INFO - chord#: 2 In build_straw_man_chord_sa. tolerance = 1, sa_iterations = 1000, initial_temperature = 3.0, cooling_rate = 0.999
26 - INFO - chord#: 0 done. best_score=27.0, changed=520, unchanged=455, early_stops=8/8
26 - INFO - chord#: 2 In build_straw_man_chord_sa. tolerance = 1, sa_iterations = 1000, initial_temperature = 3.0, cooling_rate = 0.999
26 - INFO - chord#: 0 done. best_score=27.0, changed=516, unchanged=432, early_stops=8/8
26 - INFO - chord#: 2 In build_straw_man_chord_sa. tolerance = 1, sa_iterations = 1000, initial_temperature = 3.0, cooling_rate = 0.999
26 - INFO - chord#: 0 done. best_score=27.0, changed=527, unchanged=529, early_stops=8/8
26 - INFO - chord#: 2 In build_straw_man_chord_sa. tolerance = 1, sa_iterations = 1000, initial_temperature = 3.0, cooling_rate = 0.999
26 - INFO - chord#: 0 done. best_score=27.0, changed=526, unchanged=453, early_stops=8/8
26 - INFO - chord#: 2 In build_straw_man_chord_sa. tolerance = 1, sa_iterations = 1000, initial_temperature = 3.0, cooling_rate = 0.999
26 - INFO - chord#: 2 done. best_score=27.0, changed=517, unchanged=451, early_stops=8/8
26 - INFO - chord#: 4 In build_straw_man_chord_sa. tolerance = 1, sa_iterations = 1000, initial_temperature = 3.0, cooling_rate = 0.999
26 - INFO - chord#: 2 done. best_score=27.0, changed=535, unchanged=453, early_stops=8/8
26 - INFO - chord#: 4 In build_straw_man_chord_sa. tolerance = 1, sa_iterations = 1000, initial_temperature = 3.0, cooling_rate = 0.999
26 - INFO - chord#: 2 done. best_score=27.0, changed=516, unchanged=406, early_stops=8/8
26 - INFO - chord#: 4 In build_straw_man_chord_sa. tolerance = 1, sa_iterations = 1000, initial_temperature = 3.0, cooling_rate = 0.999
26 - INFO - chord#: 2 done. best_score=27.0, changed=520, unchanged=397, early_stops=8/8
26 - INFO - chord#: 4 In build_straw_man_chord_sa. tolerance = 1, sa_iterations = 1000, initial_temperature = 3.0, cooling_rate = 0.999
26 - INFO - chord#: 2 done. best_score=27.0, changed=522, unchanged=474, early_stops=8/8
26 - INFO - chord#: 4 In build_straw_man_chord_sa. tolerance = 1, sa_iterations = 1000, initial_temperature = 3.0, cooling_rate = 0.999
26 - INFO - chord#: 2 done. best_score=27.0, changed=516, unchanged=334, early_stops=8/8
26 - INFO - chord#: 4 In build_straw_man_chord_sa. tolerance = 1, sa_iterations = 1000, initial_temperature = 3.0, cooling_rate = 0.999
26 - INFO - chord#: 2 done. best_score=27.0, changed=520, unchanged=336, early_stops=8/8
26 - INFO - chord#: 4 In build_straw_man_chord_sa. tolerance = 1, sa_iterations = 1000, initial_temperature = 3.0, cooling_rate = 0.999
26 - INFO - chord#: 2 done. best_score=27.0, changed=513, unchanged=442, early_stops=8/8
26 - INFO - chord#: 4 In build_straw_man_chord_sa. tolerance = 1, sa_iterations = 1000, initial_temperature = 3.0, cooling_rate = 0.999
26 - INFO - chord#: 2 done. best_score=27.0, changed=513, unchanged=365, early_stops=8/8
26 - INFO - chord#: 4 In build_straw_man_chord_sa. tolerance = 1, sa_iterations = 1000, initial_temperature = 3.0, cooling_rate = 0.999
26 - INFO - chord#: 2 done. best_score=27.0, changed=520, unchanged=382, early_stops=8/8
26 - INFO - chord#: 4 In build_straw_man_chord_sa. tolerance = 1, sa_iterations = 1000, initial_temperature = 3.0, cooling_rate = 0.999
26 - INFO - chord#: 2 done. best_score=27.0, changed=520, unchanged=376, early_stops=8/8
26 - INFO - chord#: 4 In build_straw_man_chord_sa. tolerance = 1, sa_iterations = 1000, initial_temperature = 3.0, cooling_rate = 0.999
26 - INFO - chord#: 2 done. best_score=27.0, changed=515, unchanged=410, early_stops=8/8
26 - INFO - chord#: 4 In build_straw_man_chord_sa. tolerance = 1, sa_iterations = 1000, initial_temperature = 3.0, cooling_rate = 0.999
26 - INFO - chord#: 4 done. best_score=27.0, changed=519, unchanged=414, early_stops=8/8
26 - INFO - chord#: 8 In build_straw_man_chord_sa. tolerance = 1, sa_iterations = 1000, initial_temperature = 3.0, cooling_rate = 0.999
26 - INFO - chord#: 4 done. best_score=27.0, changed=519, unchanged=329, early_stops=8/8
26 - INFO - chord#: 8 In build_straw_man_chord_sa. tolerance = 1, sa_iterations = 1000, initial_temperature = 3.0, cooling_rate = 0.999
26 - INFO - chord#: 4 done. best_score=27.0, changed=518, unchanged=410, early_stops=8/8
26 - INFO - chord#: 8 In build_straw_man_chord_sa. tolerance = 1, sa_iterations = 1000, initial_temperature = 3.0, cooling_rate = 0.999
26 - INFO - chord#: 4 done. best_score=27.0, changed=526, unchanged=533, early_stops=8/8
26 - INFO - chord#: 8 In build_straw_man_chord_sa. tolerance = 1, sa_iterations = 1000, initial_temperature = 3.0, cooling_rate = 0.999
26 - INFO - chord#: 4 done. best_score=27.0, changed=519, unchanged=494, early_stops=8/8
26 - INFO - chord#: 8 In build_straw_man_chord_sa. tolerance = 1, sa_iterations = 1000, initial_temperature = 3.0, cooling_rate = 0.999
26 - INFO - chord#: 4 done. best_score=27.0, changed=527, unchanged=580, early_stops=8/8
26 - INFO - chord#: 8 In build_straw_man_chord_sa. tolerance = 1, sa_iterations = 1000, initial_temperature = 3.0, cooling_rate = 0.999
26 - INFO - chord#: 4 done. best_score=27.0, changed=517, unchanged=418, early_stops=8/8
26 - INFO - chord#: 8 In build_straw_man_chord_sa. tolerance = 1, sa_iterations = 1000, initial_temperature = 3.0, cooling_rate = 0.999
26 - INFO - chord#: 4 done. best_score=27.0, changed=521, unchanged=446, early_stops=8/8
26 - INFO - chord#: 8 In build_straw_man_chord_sa. tolerance = 1, sa_iterations = 1000, initial_temperature = 3.0, cooling_rate = 0.999
26 - INFO - chord#: 4 done. best_score=27.0, changed=514, unchanged=382, early_stops=8/8
26 - INFO - chord#: 8 In build_straw_man_chord_sa. tolerance = 1, sa_iterations = 1000, initial_temperature = 3.0, cooling_rate = 0.999
26 - INFO - chord#: 4 done. best_score=27.0, changed=521, unchanged=428, early_stops=8/8
26 - INFO - chord#: 8 In build_straw_man_chord_sa. tolerance = 1, sa_iterations = 1000, initial_temperature = 3.0, cooling_rate = 0.999
26 - INFO - chord#: 4 done. best_score=27.0, changed=526, unchanged=317, early_stops=8/8
26 - INFO - chord#: 8 In build_straw_man_chord_sa. tolerance = 1, sa_iterations = 1000, initial_temperature = 3.0, cooling_rate = 0.999
26 - INFO - chord#: 4 done. best_score=27.0, changed=523, unchanged=361, early_stops=8/8
26 - INFO - chord#: 8 In build_straw_man_chord_sa. tolerance = 1, sa_iterations = 1000, initial_temperature = 3.0, cooling_rate = 0.999
26 - INFO - chord#: 8 done. best_score=27.0, changed=517, unchanged=396, early_stops=8/8
26 - INFO - chord#: 10 In build_straw_man_chord_sa. tolerance = 1, sa_iterations = 1000, initial_temperature = 3.0, cooling_rate = 0.999
26 - INFO - chord#: 8 done. best_score=27.0, changed=527, unchanged=384, early_stops=8/8
26 - INFO - chord#: 10 In build_straw_man_chord_sa. tolerance = 1, sa_iterations = 1000, initial_temperature = 3.0, cooling_rate = 0.999
26 - INFO - chord#: 8 done. best_score=27.0, changed=521, unchanged=324, early_stops=8/8
26 - INFO - chord#: 10 In build_straw_man_chord_sa. tolerance = 1, sa_iterations = 1000, initial_temperature = 3.0, cooling_rate = 0.999
26 - INFO - chord#: 8 done. best_score=27.0, changed=529, unchanged=389, early_stops=8/8
26 - INFO - chord#: 10 In build_straw_man_chord_sa. tolerance = 1, sa_iterations = 1000, initial_temperature = 3.0, cooling_rate = 0.999
26 - INFO - chord#: 8 done. best_score=27.0, changed=520, unchanged=417, early_stops=8/8
26 - INFO - chord#: 10 In build_straw_man_chord_sa. tolerance = 1, sa_iterations = 1000, initial_temperature = 3.0, cooling_rate = 0.999
26 - INFO - chord#: 8 done. best_score=27.0, changed=517, unchanged=359, early_stops=8/8
26 - INFO - chord#: 10 In build_straw_man_chord_sa. tolerance = 1, sa_iterations = 1000, initial_temperature = 3.0, cooling_rate = 0.999
26 - INFO - chord#: 8 done. best_score=27.0, changed=532, unchanged=450, early_stops=8/8
26 - INFO - chord#: 10 In build_straw_man_chord_sa. tolerance = 1, sa_iterations = 1000, initial_temperature = 3.0, cooling_rate = 0.999
26 - INFO - chord#: 10 done. best_score=48.0, changed=526, unchanged=298, early_stops=8/8
26 - INFO - chord#: 12 In build_straw_man_chord_sa. tolerance = 1, sa_iterations = 1000, initial_temperature = 3.0, cooling_rate = 0.999
26 - INFO - chord#: 8 done. best_score=27.0, changed=521, unchanged=386, early_stops=8/8
26 - INFO - chord#: 10 In build_straw_man_chord_sa. tolerance = 1, sa_iterations = 1000, initial_temperature = 3.0, cooling_rate = 0.999
26 - INFO - chord#: 8 done. best_score=27.0, changed=525, unchanged=394, early_stops=8/8
26 - INFO - chord#: 10 In build_straw_man_chord_sa. tolerance = 1, sa_iterations = 1000, initial_temperature = 3.0, cooling_rate = 0.999
26 - INFO - chord#: 10 done. best_score=48.0, changed=516, unchanged=293, early_stops=8/8
26 - INFO - chord#: 12 In build_straw_man_chord_sa. tolerance = 1, sa_iterations = 1000, initial_temperature = 3.0, cooling_rate = 0.999
26 - INFO - chord#: 8 done. best_score=27.0, changed=519, unchanged=331, early_stops=8/8
26 - INFO - chord#: 10 In build_straw_man_chord_sa. tolerance = 1, sa_iterations = 1000, initial_temperature = 3.0, cooling_rate = 0.999
26 - INFO - chord#: 8 done. best_score=27.0, changed=518, unchanged=357, early_stops=8/8
26 - INFO - chord#: 10 In build_straw_man_chord_sa. tolerance = 1, sa_iterations = 1000, initial_temperature = 3.0, cooling_rate = 0.999
26 - INFO - chord#: 8 done. best_score=27.0, changed=526, unchanged=525, early_stops=8/8
26 - INFO - chord#: 10 In build_straw_man_chord_sa. tolerance = 1, sa_iterations = 1000, initial_temperature = 3.0, cooling_rate = 0.999
26 - INFO - chord#: 10 done. best_score=48.0, changed=532, unchanged=381, early_stops=8/8
26 - INFO - chord#: 12 In build_straw_man_chord_sa. tolerance = 1, sa_iterations = 1000, initial_temperature = 3.0, cooling_rate = 0.999
26 - INFO - chord#: 10 done. best_score=48.0, changed=529, unchanged=432, early_stops=8/8
26 - INFO - chord#: 12 In build_straw_man_chord_sa. tolerance = 1, sa_iterations = 1000, initial_temperature = 3.0, cooling_rate = 0.999
26 - INFO - chord#: 10 done. best_score=48.0, changed=532, unchanged=323, early_stops=8/8
26 - INFO - chord#: 12 In build_straw_man_chord_sa. tolerance = 1, sa_iterations = 1000, initial_temperature = 3.0, cooling_rate = 0.999
26 - INFO - chord#: 10 done. best_score=48.0, changed=538, unchanged=311, early_stops=8/8
26 - INFO - chord#: 12 In build_straw_man_chord_sa. tolerance = 1, sa_iterations = 1000, initial_temperature = 3.0, cooling_rate = 0.999
26 - INFO - chord#: 12 done. best_score=27.0, changed=515, unchanged=437, early_stops=8/8
26 - INFO - chord#: 14 In build_straw_man_chord_sa. tolerance = 1, sa_iterations = 1000, initial_temperature = 3.0, cooling_rate = 0.999
26 - INFO - chord#: 10 done. best_score=48.0, changed=532, unchanged=316, early_stops=8/8
26 - INFO - chord#: 12 In build_straw_man_chord_sa. tolerance = 1, sa_iterations = 1000, initial_temperature = 3.0, cooling_rate = 0.999
26 - INFO - chord#: 12 done. best_score=27.0, changed=523, unchanged=560, early_stops=8/8
26 - INFO - chord#: 14 In build_straw_man_chord_sa. tolerance = 1, sa_iterations = 1000, initial_temperature = 3.0, cooling_rate = 0.999
26 - INFO - chord#: 12 done. best_score=27.0, changed=528, unchanged=495, early_stops=8/8
26 - INFO - chord#: 14 In build_straw_man_chord_sa. tolerance = 1, sa_iterations = 1000, initial_temperature = 3.0, cooling_rate = 0.999
26 - INFO - chord#: 10 done. best_score=48.0, changed=524, unchanged=355, early_stops=8/8
26 - INFO - chord#: 12 In build_straw_man_chord_sa. tolerance = 1, sa_iterations = 1000, initial_temperature = 3.0, cooling_rate = 0.999
26 - INFO - chord#: 10 done. best_score=48.0, changed=519, unchanged=318, early_stops=8/8
26 - INFO - chord#: 12 In build_straw_man_chord_sa. tolerance = 1, sa_iterations = 1000, initial_temperature = 3.0, cooling_rate = 0.999
26 - INFO - chord#: 12 done. best_score=27.0, changed=520, unchanged=564, early_stops=8/8
26 - INFO - chord#: 14 In build_straw_man_chord_sa. tolerance = 1, sa_iterations = 1000, initial_temperature = 3.0, cooling_rate = 0.999
26 - INFO - chord#: 10 done. best_score=48.0, changed=528, unchanged=392, early_stops=8/8
26 - INFO - chord#: 12 In build_straw_man_chord_sa. tolerance = 1, sa_iterations = 1000, initial_temperature = 3.0, cooling_rate = 0.999
26 - INFO - chord#: 12 done. best_score=27.0, changed=512, unchanged=312, early_stops=8/8
26 - INFO - chord#: 14 In build_straw_man_chord_sa. tolerance = 1, sa_iterations = 1000, initial_temperature = 3.0, cooling_rate = 0.999
26 - INFO - chord#: 10 done. best_score=48.0, changed=535, unchanged=357, early_stops=8/8
26 - INFO - chord#: 12 In build_straw_man_chord_sa. tolerance = 1, sa_iterations = 1000, initial_temperature = 3.0, cooling_rate = 0.999
26 - INFO - chord#: 10 done. best_score=48.0, changed=525, unchanged=364, early_stops=8/8
26 - INFO - chord#: 12 In build_straw_man_chord_sa. tolerance = 1, sa_iterations = 1000, initial_temperature = 3.0, cooling_rate = 0.999
26 - INFO - chord#: 14 done. best_score=31.0, changed=527, unchanged=293, early_stops=8/8
26 - INFO - chord#: 16 In build_straw_man_chord_sa. tolerance = 1, sa_iterations = 1000, initial_temperature = 3.0, cooling_rate = 0.999
26 - INFO - chord#: 14 done. best_score=31.0, changed=532, unchanged=303, early_stops=8/8
26 - INFO - chord#: 16 In build_straw_man_chord_sa. tolerance = 1, sa_iterations = 1000, initial_temperature = 3.0, cooling_rate = 0.999
26 - INFO - chord#: 14 done. best_score=31.0, changed=531, unchanged=298, early_stops=8/8
26 - INFO - chord#: 16 In build_straw_man_chord_sa. tolerance = 1, sa_iterations = 1000, initial_temperature = 3.0, cooling_rate = 0.999
26 - INFO - chord#: 12 done. best_score=27.0, changed=525, unchanged=425, early_stops=8/8
26 - INFO - chord#: 14 In build_straw_man_chord_sa. tolerance = 1, sa_iterations = 1000, initial_temperature = 3.0, cooling_rate = 0.999
26 - INFO - chord#: 14 done. best_score=31.0, changed=527, unchanged=364, early_stops=8/8
26 - INFO - chord#: 16 In build_straw_man_chord_sa. tolerance = 1, sa_iterations = 1000, initial_temperature = 3.0, cooling_rate = 0.999
26 - INFO - chord#: 12 done. best_score=27.0, changed=523, unchanged=381, early_stops=8/8
26 - INFO - chord#: 14 In build_straw_man_chord_sa. tolerance = 1, sa_iterations = 1000, initial_temperature = 3.0, cooling_rate = 0.999
26 - INFO - chord#: 12 done. best_score=27.0, changed=529, unchanged=468, early_stops=8/8
26 - INFO - chord#: 14 In build_straw_man_chord_sa. tolerance = 1, sa_iterations = 1000, initial_temperature = 3.0, cooling_rate = 0.999
26 - INFO - chord#: 12 done. best_score=36.0, changed=518, unchanged=347, early_stops=8/8
26 - INFO - chord#: 14 In build_straw_man_chord_sa. tolerance = 1, sa_iterations = 1000, initial_temperature = 3.0, cooling_rate = 0.999
26 - INFO - chord#: 14 done. best_score=31.0, changed=535, unchanged=381, early_stops=8/8
26 - INFO - chord#: 16 In build_straw_man_chord_sa. tolerance = 1, sa_iterations = 1000, initial_temperature = 3.0, cooling_rate = 0.999
26 - INFO - chord#: 16 done. best_score=27.0, changed=522, unchanged=308, early_stops=8/8
26 - INFO - chord#: 20 In build_straw_man_chord_sa. tolerance = 1, sa_iterations = 1000, initial_temperature = 3.0, cooling_rate = 0.999
26 - INFO - chord#: 16 done. best_score=27.0, changed=523, unchanged=327, early_stops=8/8
26 - INFO - chord#: 20 In build_straw_man_chord_sa. tolerance = 1, sa_iterations = 1000, initial_temperature = 3.0, cooling_rate = 0.999
26 - INFO - chord#: 12 done. best_score=27.0, changed=520, unchanged=392, early_stops=8/8
26 - INFO - chord#: 12 done. best_score=27.0, changed=519, unchanged=385, early_stops=8/8
26 - INFO - chord#: 14 In build_straw_man_chord_sa. tolerance = 1, sa_iterations = 1000, initial_temperature = 3.0, cooling_rate = 0.999
26 - INFO - chord#: 14 In build_straw_man_chord_sa. tolerance = 1, sa_iterations = 1000, initial_temperature = 3.0, cooling_rate = 0.999
26 - INFO - chord#: 16 done. best_score=27.0, changed=529, unchanged=379, early_stops=8/8
26 - INFO - chord#: 20 In build_straw_man_chord_sa. tolerance = 1, sa_iterations = 1000, initial_temperature = 3.0, cooling_rate = 0.999
26 - INFO - chord#: 12 done. best_score=27.0, changed=524, unchanged=489, early_stops=8/8
26 - INFO - chord#: 14 In build_straw_man_chord_sa. tolerance = 1, sa_iterations = 1000, initial_temperature = 3.0, cooling_rate = 0.999
26 - INFO - chord#: 14 done. best_score=31.0, changed=529, unchanged=391, early_stops=8/8
26 - INFO - chord#: 16 In build_straw_man_chord_sa. tolerance = 1, sa_iterations = 1000, initial_temperature = 3.0, cooling_rate = 0.999
26 - INFO - chord#: 16 done. best_score=27.0, changed=528, unchanged=465, early_stops=8/8
26 - INFO - chord#: 20 In build_straw_man_chord_sa. tolerance = 1, sa_iterations = 1000, initial_temperature = 3.0, cooling_rate = 0.999
26 - INFO - chord#: 14 done. best_score=31.0, changed=523, unchanged=296, early_stops=8/8
26 - INFO - chord#: 16 In build_straw_man_chord_sa. tolerance = 1, sa_iterations = 1000, initial_temperature = 3.0, cooling_rate = 0.999
26 - INFO - chord#: 14 done. best_score=31.0, changed=526, unchanged=299, early_stops=8/8
26 - INFO - chord#: 16 In build_straw_man_chord_sa. tolerance = 1, sa_iterations = 1000, initial_temperature = 3.0, cooling_rate = 0.999
26 - INFO - chord#: 16 done. best_score=27.0, changed=530, unchanged=418, early_stops=8/8
26 - INFO - chord#: 20 In build_straw_man_chord_sa. tolerance = 1, sa_iterations = 1000, initial_temperature = 3.0, cooling_rate = 0.999
26 - INFO - chord#: 14 done. best_score=31.0, changed=534, unchanged=375, early_stops=8/8
26 - INFO - chord#: 16 In build_straw_man_chord_sa. tolerance = 1, sa_iterations = 1000, initial_temperature = 3.0, cooling_rate = 0.999
26 - INFO - chord#: 16 done. best_score=27.0, changed=523, unchanged=339, early_stops=8/8
26 - INFO - chord#: 20 In build_straw_man_chord_sa. tolerance = 1, sa_iterations = 1000, initial_temperature = 3.0, cooling_rate = 0.999
26 - INFO - chord#: 14 done. best_score=31.0, changed=533, unchanged=284, early_stops=8/8
26 - INFO - chord#: 16 In build_straw_man_chord_sa. tolerance = 1, sa_iterations = 1000, initial_temperature = 3.0, cooling_rate = 0.999
26 - INFO - chord#: 14 done. best_score=31.0, changed=531, unchanged=333, early_stops=8/8
26 - INFO - chord#: 16 In build_straw_man_chord_sa. tolerance = 1, sa_iterations = 1000, initial_temperature = 3.0, cooling_rate = 0.999
26 - INFO - chord#: 14 done. best_score=31.0, changed=533, unchanged=340, early_stops=8/8
26 - INFO - chord#: 16 In build_straw_man_chord_sa. tolerance = 1, sa_iterations = 1000, initial_temperature = 3.0, cooling_rate = 0.999
26 - INFO - chord#: 16 done. best_score=27.0, changed=517, unchanged=365, early_stops=8/8
26 - INFO - chord#: 20 In build_straw_man_chord_sa. tolerance = 1, sa_iterations = 1000, initial_temperature = 3.0, cooling_rate = 0.999
26 - INFO - chord#: 16 done. best_score=27.0, changed=532, unchanged=355, early_stops=8/8
26 - INFO - chord#: 20 In build_straw_man_chord_sa. tolerance = 1, sa_iterations = 1000, initial_temperature = 3.0, cooling_rate = 0.999
26 - INFO - chord#: 16 done. best_score=27.0, changed=533, unchanged=384, early_stops=8/8
26 - INFO - chord#: 20 In build_straw_man_chord_sa. tolerance = 1, sa_iterations = 1000, initial_temperature = 3.0, cooling_rate = 0.999
26 - INFO - chord#: 16 done. best_score=27.0, changed=532, unchanged=405, early_stops=8/8
26 - INFO - chord#: 20 In build_straw_man_chord_sa. tolerance = 1, sa_iterations = 1000, initial_temperature = 3.0, cooling_rate = 0.999
26 - INFO - chord#: 20 done. best_score=78.0, changed=609, unchanged=264, early_stops=8/8
26 - INFO - chord#: 24 In build_straw_man_chord_sa. tolerance = 1, sa_iterations = 1000, initial_temperature = 3.0, cooling_rate = 0.999
26 - INFO - chord#: 16 done. best_score=27.0, changed=520, unchanged=320, early_stops=8/8
26 - INFO - chord#: 20 In build_straw_man_chord_sa. tolerance = 1, sa_iterations = 1000, initial_temperature = 3.0, cooling_rate = 0.999
26 - INFO - chord#: 16 done. best_score=27.0, changed=529, unchanged=409, early_stops=8/8
26 - INFO - chord#: 20 In build_straw_man_chord_sa. tolerance = 1, sa_iterations = 1000, initial_temperature = 3.0, cooling_rate = 0.999
26 - INFO - chord#: 20 done. best_score=78.0, changed=610, unchanged=363, early_stops=8/8
26 - INFO - chord#: 24 In build_straw_man_chord_sa. tolerance = 1, sa_iterations = 1000, initial_temperature = 3.0, cooling_rate = 0.999
26 - INFO - chord#: 20 done. best_score=78.0, changed=609, unchanged=237, early_stops=8/8
26 - INFO - chord#: 24 In build_straw_man_chord_sa. tolerance = 1, sa_iterations = 1000, initial_temperature = 3.0, cooling_rate = 0.999
26 - INFO - chord#: 20 done. best_score=78.0, changed=614, unchanged=480, early_stops=8/8
26 - INFO - chord#: 24 In build_straw_man_chord_sa. tolerance = 1, sa_iterations = 1000, initial_temperature = 3.0, cooling_rate = 0.999
26 - INFO - chord#: 20 done. best_score=119.0, changed=610, unchanged=247, early_stops=8/8
26 - INFO - chord#: 24 In build_straw_man_chord_sa. tolerance = 1, sa_iterations = 1000, initial_temperature = 3.0, cooling_rate = 0.999
26 - INFO - chord#: 20 done. best_score=96.0, changed=611, unchanged=397, early_stops=8/8
26 - INFO - chord#: 24 In build_straw_man_chord_sa. tolerance = 1, sa_iterations = 1000, initial_temperature = 3.0, cooling_rate = 0.999
26 - INFO - chord#: 24 done. best_score=27.0, changed=510, unchanged=328, early_stops=8/8
26 - INFO - chord#: 26 In build_straw_man_chord_sa. tolerance = 1, sa_iterations = 1000, initial_temperature = 3.0, cooling_rate = 0.999
26 - INFO - chord#: 24 done. best_score=27.0, changed=514, unchanged=356, early_stops=8/8
26 - INFO - chord#: 26 In build_straw_man_chord_sa. tolerance = 1, sa_iterations = 1000, initial_temperature = 3.0, cooling_rate = 0.999
26 - INFO - chord#: 24 done. best_score=27.0, changed=519, unchanged=375, early_stops=8/8
26 - INFO - chord#: 26 In build_straw_man_chord_sa. tolerance = 1, sa_iterations = 1000, initial_temperature = 3.0, cooling_rate = 0.999
26 - INFO - chord#: 24 done. best_score=27.0, changed=518, unchanged=470, early_stops=8/8
26 - INFO - chord#: 26 In build_straw_man_chord_sa. tolerance = 1, sa_iterations = 1000, initial_temperature = 3.0, cooling_rate = 0.999
26 - INFO - chord#: 24 done. best_score=27.0, changed=529, unchanged=446, early_stops=8/8
26 - INFO - chord#: 26 In build_straw_man_chord_sa. tolerance = 1, sa_iterations = 1000, initial_temperature = 3.0, cooling_rate = 0.999
26 - INFO - chord#: 20 done. best_score=140.0, changed=610, unchanged=255, early_stops=8/8
26 - INFO - chord#: 24 In build_straw_man_chord_sa. tolerance = 1, sa_iterations = 1000, initial_temperature = 3.0, cooling_rate = 0.999
26 - INFO - chord#: 20 done. best_score=78.0, changed=610, unchanged=304, early_stops=8/8
26 - INFO - chord#: 24 In build_straw_man_chord_sa. tolerance = 1, sa_iterations = 1000, initial_temperature = 3.0, cooling_rate = 0.999
26 - INFO - chord#: 24 done. best_score=27.0, changed=525, unchanged=455, early_stops=8/8
26 - INFO - chord#: 26 In build_straw_man_chord_sa. tolerance = 1, sa_iterations = 1000, initial_temperature = 3.0, cooling_rate = 0.999
26 - INFO - chord#: 20 done. best_score=78.0, changed=618, unchanged=390, early_stops=8/8
26 - INFO - chord#: 24 In build_straw_man_chord_sa. tolerance = 1, sa_iterations = 1000, initial_temperature = 3.0, cooling_rate = 0.999
26 - INFO - chord#: 26 done. best_score=96.0, changed=614, unchanged=275, early_stops=8/8
26 - INFO - chord#: 28 In build_straw_man_chord_sa. tolerance = 1, sa_iterations = 1000, initial_temperature = 3.0, cooling_rate = 0.999
26 - INFO - chord#: 20 done. best_score=137.0, changed=613, unchanged=308, early_stops=8/8
26 - INFO - chord#: 24 In build_straw_man_chord_sa. tolerance = 1, sa_iterations = 1000, initial_temperature = 3.0, cooling_rate = 0.999
26 - INFO - chord#: 20 done. best_score=78.0, changed=615, unchanged=475, early_stops=8/8
26 - INFO - chord#: 24 In build_straw_man_chord_sa. tolerance = 1, sa_iterations = 1000, initial_temperature = 3.0, cooling_rate = 0.999
26 - INFO - chord#: 20 done. best_score=78.0, changed=612, unchanged=414, early_stops=8/8
26 - INFO - chord#: 24 In build_straw_man_chord_sa. tolerance = 1, sa_iterations = 1000, initial_temperature = 3.0, cooling_rate = 0.999
26 - INFO - chord#: 24 done. best_score=27.0, changed=520, unchanged=491, early_stops=8/8
26 - INFO - chord#: 26 In build_straw_man_chord_sa. tolerance = 1, sa_iterations = 1000, initial_temperature = 3.0, cooling_rate = 0.999
26 - INFO - chord#: 24 done. best_score=27.0, changed=519, unchanged=545, early_stops=8/8
26 - INFO - chord#: 26 In build_straw_man_chord_sa. tolerance = 1, sa_iterations = 1000, initial_temperature = 3.0, cooling_rate = 0.999
26 - INFO - chord#: 24 done. best_score=27.0, changed=516, unchanged=441, early_stops=8/8
26 - INFO - chord#: 26 In build_straw_man_chord_sa. tolerance = 1, sa_iterations = 1000, initial_temperature = 3.0, cooling_rate = 0.999
26 - INFO - chord#: 26 done. best_score=67.0, changed=609, unchanged=279, early_stops=8/8
26 - INFO - chord#: 28 In build_straw_man_chord_sa. tolerance = 1, sa_iterations = 1000, initial_temperature = 3.0, cooling_rate = 0.999
26 - INFO - chord#: 26 done. best_score=67.0, changed=610, unchanged=268, early_stops=8/8
26 - INFO - chord#: 28 In build_straw_man_chord_sa. tolerance = 1, sa_iterations = 1000, initial_temperature = 3.0, cooling_rate = 0.999
26 - INFO - chord#: 28 done. best_score=27.0, changed=517, unchanged=453, early_stops=8/8
26 - INFO - chord#: 32 In build_straw_man_chord_sa. tolerance = 1, sa_iterations = 1000, initial_temperature = 3.0, cooling_rate = 0.999
26 - INFO - chord#: 26 done. best_score=96.0, changed=611, unchanged=298, early_stops=8/8
26 - INFO - chord#: 28 In build_straw_man_chord_sa. tolerance = 1, sa_iterations = 1000, initial_temperature = 3.0, cooling_rate = 0.999
26 - INFO - chord#: 24 done. best_score=27.0, changed=522, unchanged=383, early_stops=8/8
26 - INFO - chord#: 26 In build_straw_man_chord_sa. tolerance = 1, sa_iterations = 1000, initial_temperature = 3.0, cooling_rate = 0.999
26 - INFO - chord#: 24 done. best_score=27.0, changed=519, unchanged=354, early_stops=8/8
26 - INFO - chord#: 26 In build_straw_man_chord_sa. tolerance = 1, sa_iterations = 1000, initial_temperature = 3.0, cooling_rate = 0.999
26 - INFO - chord#: 26 done. best_score=67.0, changed=611, unchanged=398, early_stops=8/8
26 - INFO - chord#: 28 In build_straw_man_chord_sa. tolerance = 1, sa_iterations = 1000, initial_temperature = 3.0, cooling_rate = 0.999
26 - INFO - chord#: 28 done. best_score=27.0, changed=518, unchanged=471, early_stops=8/8
26 - INFO - chord#: 32 In build_straw_man_chord_sa. tolerance = 1, sa_iterations = 1000, initial_temperature = 3.0, cooling_rate = 0.999
26 - INFO - chord#: 24 done. best_score=27.0, changed=519, unchanged=350, early_stops=8/8
26 - INFO - chord#: 26 In build_straw_man_chord_sa. tolerance = 1, sa_iterations = 1000, initial_temperature = 3.0, cooling_rate = 0.999
26 - INFO - chord#: 28 done. best_score=27.0, changed=527, unchanged=572, early_stops=8/8
26 - INFO - chord#: 32 In build_straw_man_chord_sa. tolerance = 1, sa_iterations = 1000, initial_temperature = 3.0, cooling_rate = 0.999
26 - INFO - chord#: 26 done. best_score=96.0, changed=604, unchanged=280, early_stops=8/8
26 - INFO - chord#: 28 In build_straw_man_chord_sa. tolerance = 1, sa_iterations = 1000, initial_temperature = 3.0, cooling_rate = 0.999
26 - INFO - chord#: 32 done. best_score=36.0, changed=526, unchanged=390, early_stops=8/8
26 - INFO - chord#: 36 In build_straw_man_chord_sa. tolerance = 1, sa_iterations = 1000, initial_temperature = 3.0, cooling_rate = 0.999
26 - INFO - chord#: 28 done. best_score=27.0, changed=534, unchanged=357, early_stops=8/8
26 - INFO - chord#: 32 In build_straw_man_chord_sa. tolerance = 1, sa_iterations = 1000, initial_temperature = 3.0, cooling_rate = 0.999
26 - INFO - chord#: 32 done. best_score=36.0, changed=520, unchanged=436, early_stops=8/8
26 - INFO - chord#: 36 In build_straw_man_chord_sa. tolerance = 1, sa_iterations = 1000, initial_temperature = 3.0, cooling_rate = 0.999
26 - INFO - chord#: 28 done. best_score=27.0, changed=526, unchanged=540, early_stops=8/8
26 - INFO - chord#: 32 In build_straw_man_chord_sa. tolerance = 1, sa_iterations = 1000, initial_temperature = 3.0, cooling_rate = 0.999
26 - INFO - chord#: 26 done. best_score=67.0, changed=621, unchanged=320, early_stops=8/8
26 - INFO - chord#: 28 In build_straw_man_chord_sa. tolerance = 1, sa_iterations = 1000, initial_temperature = 3.0, cooling_rate = 0.999
26 - INFO - chord#: 26 done. best_score=137.0, changed=614, unchanged=371, early_stops=8/8
26 - INFO - chord#: 28 In build_straw_man_chord_sa. tolerance = 1, sa_iterations = 1000, initial_temperature = 3.0, cooling_rate = 0.999
26 - INFO - chord#: 32 done. best_score=36.0, changed=526, unchanged=517, early_stops=8/8
26 - INFO - chord#: 36 In build_straw_man_chord_sa. tolerance = 1, sa_iterations = 1000, initial_temperature = 3.0, cooling_rate = 0.999
26 - INFO - chord#: 36 done. best_score=27.0, changed=518, unchanged=380, early_stops=8/8
26 - INFO - chord#: 40 In build_straw_man_chord_sa. tolerance = 1, sa_iterations = 1000, initial_temperature = 3.0, cooling_rate = 0.999
26 - INFO - chord#: 26 done. best_score=157.0, changed=612, unchanged=251, early_stops=8/8
26 - INFO - chord#: 28 In build_straw_man_chord_sa. tolerance = 1, sa_iterations = 1000, initial_temperature = 3.0, cooling_rate = 0.999
26 - INFO - chord#: 28 done. best_score=27.0, changed=516, unchanged=427, early_stops=8/8
26 - INFO - chord#: 32 In build_straw_man_chord_sa. tolerance = 1, sa_iterations = 1000, initial_temperature = 3.0, cooling_rate = 0.999
26 - INFO - chord#: 32 done. best_score=36.0, changed=532, unchanged=415, early_stops=8/8
26 - INFO - chord#: 36 In build_straw_man_chord_sa. tolerance = 1, sa_iterations = 1000, initial_temperature = 3.0, cooling_rate = 0.999
26 - INFO - chord#: 36 done. best_score=27.0, changed=516, unchanged=533, early_stops=8/8
26 - INFO - chord#: 40 In build_straw_man_chord_sa. tolerance = 1, sa_iterations = 1000, initial_temperature = 3.0, cooling_rate = 0.999
26 - INFO - chord#: 28 done. best_score=27.0, changed=526, unchanged=407, early_stops=8/8
26 - INFO - chord#: 32 In build_straw_man_chord_sa. tolerance = 1, sa_iterations = 1000, initial_temperature = 3.0, cooling_rate = 0.999
26 - INFO - chord#: 28 done. best_score=27.0, changed=522, unchanged=449, early_stops=8/8
26 - INFO - chord#: 32 In build_straw_man_chord_sa. tolerance = 1, sa_iterations = 1000, initial_temperature = 3.0, cooling_rate = 0.999
26 - INFO - chord#: 26 done. best_score=137.0, changed=609, unchanged=257, early_stops=8/8
26 - INFO - chord#: 28 In build_straw_man_chord_sa. tolerance = 1, sa_iterations = 1000, initial_temperature = 3.0, cooling_rate = 0.999
26 - INFO - chord#: 40 done. best_score=27.0, changed=517, unchanged=436, early_stops=8/8
26 - INFO - chord#: 42 In build_straw_man_chord_sa. tolerance = 1, sa_iterations = 1000, initial_temperature = 3.0, cooling_rate = 0.999
26 - INFO - chord#: 36 done. best_score=27.0, changed=519, unchanged=350, early_stops=8/8
26 - INFO - chord#: 40 In build_straw_man_chord_sa. tolerance = 1, sa_iterations = 1000, initial_temperature = 3.0, cooling_rate = 0.999
26 - INFO - chord#: 32 done. best_score=36.0, changed=535, unchanged=467, early_stops=8/8
26 - INFO - chord#: 36 In build_straw_man_chord_sa. tolerance = 1, sa_iterations = 1000, initial_temperature = 3.0, cooling_rate = 0.999
26 - INFO - chord#: 36 done. best_score=27.0, changed=517, unchanged=367, early_stops=8/8
26 - INFO - chord#: 40 In build_straw_man_chord_sa. tolerance = 1, sa_iterations = 1000, initial_temperature = 3.0, cooling_rate = 0.999
26 - INFO - chord#: 26 done. best_score=137.0, changed=614, unchanged=340, early_stops=8/8
26 - INFO - chord#: 28 In build_straw_man_chord_sa. tolerance = 1, sa_iterations = 1000, initial_temperature = 3.0, cooling_rate = 0.999
26 - INFO - chord#: 28 done. best_score=27.0, changed=528, unchanged=520, early_stops=8/8
26 - INFO - chord#: 32 In build_straw_man_chord_sa. tolerance = 1, sa_iterations = 1000, initial_temperature = 3.0, cooling_rate = 0.999
26 - INFO - chord#: 32 done. best_score=36.0, changed=521, unchanged=376, early_stops=8/8
26 - INFO - chord#: 36 In build_straw_man_chord_sa. tolerance = 1, sa_iterations = 1000, initial_temperature = 3.0, cooling_rate = 0.999
26 - INFO - chord#: 40 done. best_score=27.0, changed=506, unchanged=311, early_stops=8/8
26 - INFO - chord#: 42 In build_straw_man_chord_sa. tolerance = 1, sa_iterations = 1000, initial_temperature = 3.0, cooling_rate = 0.999
26 - INFO - chord#: 26 done. best_score=137.0, changed=611, unchanged=385, early_stops=8/8
26 - INFO - chord#: 28 In build_straw_man_chord_sa. tolerance = 1, sa_iterations = 1000, initial_temperature = 3.0, cooling_rate = 0.999
26 - INFO - chord#: 32 done. best_score=36.0, changed=522, unchanged=418, early_stops=8/8
26 - INFO - chord#: 36 In build_straw_man_chord_sa. tolerance = 1, sa_iterations = 1000, initial_temperature = 3.0, cooling_rate = 0.999
26 - INFO - chord#: 42 done. best_score=36.0, changed=527, unchanged=363, early_stops=8/8
26 - INFO - chord#: 44 In build_straw_man_chord_sa. tolerance = 1, sa_iterations = 1000, initial_temperature = 3.0, cooling_rate = 0.999
26 - INFO - chord#: 32 done. best_score=36.0, changed=524, unchanged=438, early_stops=8/8
26 - INFO - chord#: 36 In build_straw_man_chord_sa. tolerance = 1, sa_iterations = 1000, initial_temperature = 3.0, cooling_rate = 0.999
26 - INFO - chord#: 40 done. best_score=27.0, changed=537, unchanged=523, early_stops=8/8
26 - INFO - chord#: 42 In build_straw_man_chord_sa. tolerance = 1, sa_iterations = 1000, initial_temperature = 3.0, cooling_rate = 0.999
26 - INFO - chord#: 40 done. best_score=27.0, changed=525, unchanged=354, early_stops=8/8
26 - INFO - chord#: 42 In build_straw_man_chord_sa. tolerance = 1, sa_iterations = 1000, initial_temperature = 3.0, cooling_rate = 0.999
26 - INFO - chord#: 36 done. best_score=27.0, changed=535, unchanged=373, early_stops=8/8
26 - INFO - chord#: 40 In build_straw_man_chord_sa. tolerance = 1, sa_iterations = 1000, initial_temperature = 3.0, cooling_rate = 0.999
26 - INFO - chord#: 28 done. best_score=27.0, changed=534, unchanged=529, early_stops=8/8
26 - INFO - chord#: 32 In build_straw_man_chord_sa. tolerance = 1, sa_iterations = 1000, initial_temperature = 3.0, cooling_rate = 0.999
26 - INFO - chord#: 42 done. best_score=36.0, changed=515, unchanged=363, early_stops=8/8
26 - INFO - chord#: 44 In build_straw_man_chord_sa. tolerance = 1, sa_iterations = 1000, initial_temperature = 3.0, cooling_rate = 0.999
26 - INFO - chord#: 28 done. best_score=27.0, changed=519, unchanged=346, early_stops=8/8
26 - INFO - chord#: 32 In build_straw_man_chord_sa. tolerance = 1, sa_iterations = 1000, initial_temperature = 3.0, cooling_rate = 0.999
26 - INFO - chord#: 32 done. best_score=36.0, changed=521, unchanged=449, early_stops=8/8
26 - INFO - chord#: 36 In build_straw_man_chord_sa. tolerance = 1, sa_iterations = 1000, initial_temperature = 3.0, cooling_rate = 0.999
26 - INFO - chord#: 36 done. best_score=27.0, changed=517, unchanged=354, early_stops=8/8
26 - INFO - chord#: 40 In build_straw_man_chord_sa. tolerance = 1, sa_iterations = 1000, initial_temperature = 3.0, cooling_rate = 0.999
26 - INFO - chord#: 36 done. best_score=27.0, changed=518, unchanged=387, early_stops=8/8
26 - INFO - chord#: 40 In build_straw_man_chord_sa. tolerance = 1, sa_iterations = 1000, initial_temperature = 3.0, cooling_rate = 0.999
26 - INFO - chord#: 42 done. best_score=36.0, changed=532, unchanged=380, early_stops=8/8
26 - INFO - chord#: 44 In build_straw_man_chord_sa. tolerance = 1, sa_iterations = 1000, initial_temperature = 3.0, cooling_rate = 0.999
26 - INFO - chord#: 44 done. best_score=27.0, changed=527, unchanged=419, early_stops=8/8
26 - INFO - chord#: 46 In build_straw_man_chord_sa. tolerance = 1, sa_iterations = 1000, initial_temperature = 3.0, cooling_rate = 0.999
26 - INFO - chord#: 28 done. best_score=27.0, changed=533, unchanged=525, early_stops=8/8
26 - INFO - chord#: 32 In build_straw_man_chord_sa. tolerance = 1, sa_iterations = 1000, initial_temperature = 3.0, cooling_rate = 0.999
26 - INFO - chord#: 36 done. best_score=27.0, changed=521, unchanged=497, early_stops=8/8
26 - INFO - chord#: 40 In build_straw_man_chord_sa. tolerance = 1, sa_iterations = 1000, initial_temperature = 3.0, cooling_rate = 0.999
26 - INFO - chord#: 42 done. best_score=36.0, changed=530, unchanged=297, early_stops=8/8
26 - INFO - chord#: 44 In build_straw_man_chord_sa. tolerance = 1, sa_iterations = 1000, initial_temperature = 3.0, cooling_rate = 0.999
26 - INFO - chord#: 44 done. best_score=27.0, changed=525, unchanged=361, early_stops=8/8
26 - INFO - chord#: 46 In build_straw_man_chord_sa. tolerance = 1, sa_iterations = 1000, initial_temperature = 3.0, cooling_rate = 0.999
26 - INFO - chord#: 40 done. best_score=27.0, changed=517, unchanged=362, early_stops=8/8
26 - INFO - chord#: 42 In build_straw_man_chord_sa. tolerance = 1, sa_iterations = 1000, initial_temperature = 3.0, cooling_rate = 0.999
26 - INFO - chord#: 32 done. best_score=36.0, changed=519, unchanged=426, early_stops=8/8
26 - INFO - chord#: 36 In build_straw_man_chord_sa. tolerance = 1, sa_iterations = 1000, initial_temperature = 3.0, cooling_rate = 0.999
26 - INFO - chord#: 32 done. best_score=36.0, changed=523, unchanged=394, early_stops=8/8
26 - INFO - chord#: 36 In build_straw_man_chord_sa. tolerance = 1, sa_iterations = 1000, initial_temperature = 3.0, cooling_rate = 0.999
26 - INFO - chord#: 40 done. best_score=27.0, changed=521, unchanged=433, early_stops=8/8
26 - INFO - chord#: 42 In build_straw_man_chord_sa. tolerance = 1, sa_iterations = 1000, initial_temperature = 3.0, cooling_rate = 0.999
26 - INFO - chord#: 36 done. best_score=27.0, changed=522, unchanged=385, early_stops=8/8
26 - INFO - chord#: 40 In build_straw_man_chord_sa. tolerance = 1, sa_iterations = 1000, initial_temperature = 3.0, cooling_rate = 0.999
26 - INFO - chord#: 40 done. best_score=27.0, changed=521, unchanged=399, early_stops=8/8
26 - INFO - chord#: 42 In build_straw_man_chord_sa. tolerance = 1, sa_iterations = 1000, initial_temperature = 3.0, cooling_rate = 0.999
26 - INFO - chord#: 40 done. best_score=27.0, changed=515, unchanged=318, early_stops=8/8
26 - INFO - chord#: 42 In build_straw_man_chord_sa. tolerance = 1, sa_iterations = 1000, initial_temperature = 3.0, cooling_rate = 0.999
26 - INFO - chord#: 44 done. best_score=27.0, changed=523, unchanged=430, early_stops=8/8
26 - INFO - chord#: 46 In build_straw_man_chord_sa. tolerance = 1, sa_iterations = 1000, initial_temperature = 3.0, cooling_rate = 0.999
26 - INFO - chord#: 44 done. best_score=27.0, changed=530, unchanged=499, early_stops=8/8
26 - INFO - chord#: 46 In build_straw_man_chord_sa. tolerance = 1, sa_iterations = 1000, initial_temperature = 3.0, cooling_rate = 0.999
26 - INFO - chord#: 32 done. best_score=36.0, changed=525, unchanged=371, early_stops=8/8
26 - INFO - chord#: 36 In build_straw_man_chord_sa. tolerance = 1, sa_iterations = 1000, initial_temperature = 3.0, cooling_rate = 0.999
26 - INFO - chord#: 42 done. best_score=36.0, changed=527, unchanged=354, early_stops=8/8
26 - INFO - chord#: 44 In build_straw_man_chord_sa. tolerance = 1, sa_iterations = 1000, initial_temperature = 3.0, cooling_rate = 0.999
26 - INFO - chord#: 42 done. best_score=36.0, changed=542, unchanged=492, early_stops=8/8
26 - INFO - chord#: 44 In build_straw_man_chord_sa. tolerance = 1, sa_iterations = 1000, initial_temperature = 3.0, cooling_rate = 0.999
26 - INFO - chord#: 42 done. best_score=36.0, changed=531, unchanged=311, early_stops=8/8
26 - INFO - chord#: 44 In build_straw_man_chord_sa. tolerance = 1, sa_iterations = 1000, initial_temperature = 3.0, cooling_rate = 0.999
26 - INFO - chord#: 42 done. best_score=36.0, changed=528, unchanged=338, early_stops=8/8
26 - INFO - chord#: 44 In build_straw_man_chord_sa. tolerance = 1, sa_iterations = 1000, initial_temperature = 3.0, cooling_rate = 0.999
26 - INFO - chord#: 36 done. best_score=27.0, changed=528, unchanged=461, early_stops=8/8
26 - INFO - chord#: 40 In build_straw_man_chord_sa. tolerance = 1, sa_iterations = 1000, initial_temperature = 3.0, cooling_rate = 0.999
26 - INFO - chord#: 40 done. best_score=27.0, changed=525, unchanged=415, early_stops=8/8
26 - INFO - chord#: 42 In build_straw_man_chord_sa. tolerance = 1, sa_iterations = 1000, initial_temperature = 3.0, cooling_rate = 0.999
26 - INFO - chord#: 36 done. best_score=27.0, changed=518, unchanged=472, early_stops=8/8
26 - INFO - chord#: 40 In build_straw_man_chord_sa. tolerance = 1, sa_iterations = 1000, initial_temperature = 3.0, cooling_rate = 0.999
26 - INFO - chord#: 46 done. best_score=96.0, changed=609, unchanged=403, early_stops=8/8
26 - INFO - chord#: 48 In build_straw_man_chord_sa. tolerance = 1, sa_iterations = 1000, initial_temperature = 3.0, cooling_rate = 0.999
26 - INFO - chord#: 36 done. best_score=27.0, changed=519, unchanged=424, early_stops=8/8
26 - INFO - chord#: 40 In build_straw_man_chord_sa. tolerance = 1, sa_iterations = 1000, initial_temperature = 3.0, cooling_rate = 0.999
26 - INFO - chord#: 46 done. best_score=74.0, changed=618, unchanged=304, early_stops=8/8
26 - INFO - chord#: 48 In build_straw_man_chord_sa. tolerance = 1, sa_iterations = 1000, initial_temperature = 3.0, cooling_rate = 0.999
26 - INFO - chord#: 44 done. best_score=27.0, changed=520, unchanged=428, early_stops=8/8
26 - INFO - chord#: 46 In build_straw_man_chord_sa. tolerance = 1, sa_iterations = 1000, initial_temperature = 3.0, cooling_rate = 0.999
26 - INFO - chord#: 44 done. best_score=27.0, changed=512, unchanged=401, early_stops=8/8
26 - INFO - chord#: 46 In build_straw_man_chord_sa. tolerance = 1, sa_iterations = 1000, initial_temperature = 3.0, cooling_rate = 0.999
26 - INFO - chord#: 44 done. best_score=27.0, changed=520, unchanged=516, early_stops=8/8
26 - INFO - chord#: 46 In build_straw_man_chord_sa. tolerance = 1, sa_iterations = 1000, initial_temperature = 3.0, cooling_rate = 0.999
26 - INFO - chord#: 40 done. best_score=27.0, changed=520, unchanged=379, early_stops=8/8
26 - INFO - chord#: 42 In build_straw_man_chord_sa. tolerance = 1, sa_iterations = 1000, initial_temperature = 3.0, cooling_rate = 0.999
26 - INFO - chord#: 42 done. best_score=57.0, changed=531, unchanged=331, early_stops=8/8
26 - INFO - chord#: 44 In build_straw_man_chord_sa. tolerance = 1, sa_iterations = 1000, initial_temperature = 3.0, cooling_rate = 0.999
26 - INFO - chord#: 46 done. best_score=74.0, changed=616, unchanged=351, early_stops=8/8
26 - INFO - chord#: 48 In build_straw_man_chord_sa. tolerance = 1, sa_iterations = 1000, initial_temperature = 3.0, cooling_rate = 0.999
26 - INFO - chord#: 44 done. best_score=27.0, changed=524, unchanged=527, early_stops=8/8
26 - INFO - chord#: 46 In build_straw_man_chord_sa. tolerance = 1, sa_iterations = 1000, initial_temperature = 3.0, cooling_rate = 0.999
26 - INFO - chord#: 48 done. best_score=27.0, changed=519, unchanged=399, early_stops=8/8
26 - INFO - chord#: 50 In build_straw_man_chord_sa. tolerance = 1, sa_iterations = 1000, initial_temperature = 3.0, cooling_rate = 0.999
26 - INFO - chord#: 40 done. best_score=27.0, changed=527, unchanged=570, early_stops=8/8
26 - INFO - chord#: 42 In build_straw_man_chord_sa. tolerance = 1, sa_iterations = 1000, initial_temperature = 3.0, cooling_rate = 0.999
26 - INFO - chord#: 46 done. best_score=74.0, changed=618, unchanged=396, early_stops=8/8
26 - INFO - chord#: 48 In build_straw_man_chord_sa. tolerance = 1, sa_iterations = 1000, initial_temperature = 3.0, cooling_rate = 0.999
26 - INFO - chord#: 48 done. best_score=27.0, changed=520, unchanged=467, early_stops=8/8
26 - INFO - chord#: 50 In build_straw_man_chord_sa. tolerance = 1, sa_iterations = 1000, initial_temperature = 3.0, cooling_rate = 0.999
26 - INFO - chord#: 40 done. best_score=27.0, changed=530, unchanged=393, early_stops=8/8
26 - INFO - chord#: 42 In build_straw_man_chord_sa. tolerance = 1, sa_iterations = 1000, initial_temperature = 3.0, cooling_rate = 0.999
26 - INFO - chord#: 42 done. best_score=36.0, changed=526, unchanged=357, early_stops=8/8
26 - INFO - chord#: 44 In build_straw_man_chord_sa. tolerance = 1, sa_iterations = 1000, initial_temperature = 3.0, cooling_rate = 0.999
26 - INFO - chord#: 50 done. best_score=27.0, changed=524, unchanged=342, early_stops=8/8
26 - INFO - chord#: 52 In build_straw_man_chord_sa. tolerance = 1, sa_iterations = 1000, initial_temperature = 3.0, cooling_rate = 0.999
26 - INFO - chord#: 48 done. best_score=27.0, changed=521, unchanged=405, early_stops=8/8
26 - INFO - chord#: 50 In build_straw_man_chord_sa. tolerance = 1, sa_iterations = 1000, initial_temperature = 3.0, cooling_rate = 0.999
26 - INFO - chord#: 50 done. best_score=27.0, changed=520, unchanged=345, early_stops=8/8
26 - INFO - chord#: 52 In build_straw_man_chord_sa. tolerance = 1, sa_iterations = 1000, initial_temperature = 3.0, cooling_rate = 0.999
26 - INFO - chord#: 44 done. best_score=27.0, changed=522, unchanged=436, early_stops=8/8
26 - INFO - chord#: 46 In build_straw_man_chord_sa. tolerance = 1, sa_iterations = 1000, initial_temperature = 3.0, cooling_rate = 0.999
26 - INFO - chord#: 42 done. best_score=36.0, changed=530, unchanged=303, early_stops=8/8
26 - INFO - chord#: 44 In build_straw_man_chord_sa. tolerance = 1, sa_iterations = 1000, initial_temperature = 3.0, cooling_rate = 0.999
26 - INFO - chord#: 48 done. best_score=27.0, changed=518, unchanged=505, early_stops=8/8
26 - INFO - chord#: 50 In build_straw_man_chord_sa. tolerance = 1, sa_iterations = 1000, initial_temperature = 3.0, cooling_rate = 0.999
26 - INFO - chord#: 42 done. best_score=36.0, changed=531, unchanged=318, early_stops=8/8
26 - INFO - chord#: 44 In build_straw_man_chord_sa. tolerance = 1, sa_iterations = 1000, initial_temperature = 3.0, cooling_rate = 0.999
26 - INFO - chord#: 46 done. best_score=168.0, changed=610, unchanged=275, early_stops=8/8
26 - INFO - chord#: 48 In build_straw_man_chord_sa. tolerance = 1, sa_iterations = 1000, initial_temperature = 3.0, cooling_rate = 0.999
26 - INFO - chord#: 46 done. best_score=96.0, changed=615, unchanged=398, early_stops=8/8
26 - INFO - chord#: 48 In build_straw_man_chord_sa. tolerance = 1, sa_iterations = 1000, initial_temperature = 3.0, cooling_rate = 0.999
26 - INFO - chord#: 50 done. best_score=27.0, changed=528, unchanged=354, early_stops=8/8
26 - INFO - chord#: 52 In build_straw_man_chord_sa. tolerance = 1, sa_iterations = 1000, initial_temperature = 3.0, cooling_rate = 0.999
26 - INFO - chord#: 50 done. best_score=27.0, changed=517, unchanged=326, early_stops=8/8
26 - INFO - chord#: 52 In build_straw_man_chord_sa. tolerance = 1, sa_iterations = 1000, initial_temperature = 3.0, cooling_rate = 0.999
26 - INFO - chord#: 44 done. best_score=27.0, changed=518, unchanged=434, early_stops=8/8
26 - INFO - chord#: 46 In build_straw_man_chord_sa. tolerance = 1, sa_iterations = 1000, initial_temperature = 3.0, cooling_rate = 0.999
26 - INFO - chord#: 44 done. best_score=27.0, changed=532, unchanged=508, early_stops=8/8
26 - INFO - chord#: 46 In build_straw_man_chord_sa. tolerance = 1, sa_iterations = 1000, initial_temperature = 3.0, cooling_rate = 0.999
26 - INFO - chord#: 48 done. best_score=36.0, changed=517, unchanged=387, early_stops=8/8
26 - INFO - chord#: 50 In build_straw_man_chord_sa. tolerance = 1, sa_iterations = 1000, initial_temperature = 3.0, cooling_rate = 0.999
26 - INFO - chord#: 46 done. best_score=121.0, changed=610, unchanged=290, early_stops=8/8
26 - INFO - chord#: 48 In build_straw_man_chord_sa. tolerance = 1, sa_iterations = 1000, initial_temperature = 3.0, cooling_rate = 0.999
26 - INFO - chord#: 46 done. best_score=96.0, changed=616, unchanged=433, early_stops=8/8
26 - INFO - chord#: 48 In build_straw_man_chord_sa. tolerance = 1, sa_iterations = 1000, initial_temperature = 3.0, cooling_rate = 0.999
26 - INFO - chord#: 52 done. best_score=137.0, changed=609, unchanged=304, early_stops=8/8
26 - INFO - chord#: 56 In build_straw_man_chord_sa. tolerance = 1, sa_iterations = 1000, initial_temperature = 3.0, cooling_rate = 0.999
26 - INFO - chord#: 44 done. best_score=27.0, changed=525, unchanged=493, early_stops=8/8
26 - INFO - chord#: 46 In build_straw_man_chord_sa. tolerance = 1, sa_iterations = 1000, initial_temperature = 3.0, cooling_rate = 0.999
26 - INFO - chord#: 48 done. best_score=27.0, changed=518, unchanged=510, early_stops=8/8
26 - INFO - chord#: 50 In build_straw_man_chord_sa. tolerance = 1, sa_iterations = 1000, initial_temperature = 3.0, cooling_rate = 0.999
26 - INFO - chord#: 52 done. best_score=67.0, changed=611, unchanged=234, early_stops=8/8
26 - INFO - chord#: 56 In build_straw_man_chord_sa. tolerance = 1, sa_iterations = 1000, initial_temperature = 3.0, cooling_rate = 0.999
26 - INFO - chord#: 50 done. best_score=27.0, changed=516, unchanged=357, early_stops=8/8
26 - INFO - chord#: 52 In build_straw_man_chord_sa. tolerance = 1, sa_iterations = 1000, initial_temperature = 3.0, cooling_rate = 0.999
26 - INFO - chord#: 48 done. best_score=27.0, changed=517, unchanged=391, early_stops=8/8
26 - INFO - chord#: 50 In build_straw_man_chord_sa. tolerance = 1, sa_iterations = 1000, initial_temperature = 3.0, cooling_rate = 0.999
26 - INFO - chord#: 50 done. best_score=27.0, changed=518, unchanged=410, early_stops=8/8
26 - INFO - chord#: 52 In build_straw_man_chord_sa. tolerance = 1, sa_iterations = 1000, initial_temperature = 3.0, cooling_rate = 0.999
26 - INFO - chord#: 48 done. best_score=27.0, changed=522, unchanged=399, early_stops=8/8
26 - INFO - chord#: 50 In build_straw_man_chord_sa. tolerance = 1, sa_iterations = 1000, initial_temperature = 3.0, cooling_rate = 0.999
26 - INFO - chord#: 56 done. best_score=27.0, changed=530, unchanged=614, early_stops=8/8
26 - INFO - chord#: 58 In build_straw_man_chord_sa. tolerance = 1, sa_iterations = 1000, initial_temperature = 3.0, cooling_rate = 0.999
26 - INFO - chord#: 56 done. best_score=27.0, changed=527, unchanged=379, early_stops=8/8
26 - INFO - chord#: 58 In build_straw_man_chord_sa. tolerance = 1, sa_iterations = 1000, initial_temperature = 3.0, cooling_rate = 0.999
26 - INFO - chord#: 46 done. best_score=148.0, changed=609, unchanged=386, early_stops=8/8
26 - INFO - chord#: 48 In build_straw_man_chord_sa. tolerance = 1, sa_iterations = 1000, initial_temperature = 3.0, cooling_rate = 0.999
26 - INFO - chord#: 52 done. best_score=155.0, changed=611, unchanged=260, early_stops=8/8
26 - INFO - chord#: 56 In build_straw_man_chord_sa. tolerance = 1, sa_iterations = 1000, initial_temperature = 3.0, cooling_rate = 0.999
26 - INFO - chord#: 46 done. best_score=96.0, changed=610, unchanged=255, early_stops=8/8
26 - INFO - chord#: 48 In build_straw_man_chord_sa. tolerance = 1, sa_iterations = 1000, initial_temperature = 3.0, cooling_rate = 0.999
26 - INFO - chord#: 52 done. best_score=67.0, changed=617, unchanged=524, early_stops=8/8
26 - INFO - chord#: 56 In build_straw_man_chord_sa. tolerance = 1, sa_iterations = 1000, initial_temperature = 3.0, cooling_rate = 0.999
26 - INFO - chord#: 46 done. best_score=149.0, changed=609, unchanged=229, early_stops=8/8
26 - INFO - chord#: 48 In build_straw_man_chord_sa. tolerance = 1, sa_iterations = 1000, initial_temperature = 3.0, cooling_rate = 0.999
26 - INFO - chord#: 58 done. best_score=35.0, changed=529, unchanged=375, early_stops=8/8
26 - INFO - chord#: 60 In build_straw_man_chord_sa. tolerance = 1, sa_iterations = 1000, initial_temperature = 3.0, cooling_rate = 0.999
26 - INFO - chord#: 58 done. best_score=35.0, changed=522, unchanged=433, early_stops=8/8
26 - INFO - chord#: 60 In build_straw_man_chord_sa. tolerance = 1, sa_iterations = 1000, initial_temperature = 3.0, cooling_rate = 0.999
26 - INFO - chord#: 50 done. best_score=27.0, changed=527, unchanged=385, early_stops=8/8
26 - INFO - chord#: 52 In build_straw_man_chord_sa. tolerance = 1, sa_iterations = 1000, initial_temperature = 3.0, cooling_rate = 0.999
26 - INFO - chord#: 50 done. best_score=27.0, changed=526, unchanged=321, early_stops=8/8
26 - INFO - chord#: 52 In build_straw_man_chord_sa. tolerance = 1, sa_iterations = 1000, initial_temperature = 3.0, cooling_rate = 0.999
26 - INFO - chord#: 56 done. best_score=27.0, changed=518, unchanged=485, early_stops=8/8
26 - INFO - chord#: 58 In build_straw_man_chord_sa. tolerance = 1, sa_iterations = 1000, initial_temperature = 3.0, cooling_rate = 0.999
26 - INFO - chord#: 52 done. best_score=67.0, changed=613, unchanged=235, early_stops=8/8
26 - INFO - chord#: 56 In build_straw_man_chord_sa. tolerance = 1, sa_iterations = 1000, initial_temperature = 3.0, cooling_rate = 0.999
26 - INFO - chord#: 48 done. best_score=27.0, changed=522, unchanged=551, early_stops=8/8
26 - INFO - chord#: 50 In build_straw_man_chord_sa. tolerance = 1, sa_iterations = 1000, initial_temperature = 3.0, cooling_rate = 0.999
26 - INFO - chord#: 56 done. best_score=27.0, changed=518, unchanged=412, early_stops=8/8
26 - INFO - chord#: 58 In build_straw_man_chord_sa. tolerance = 1, sa_iterations = 1000, initial_temperature = 3.0, cooling_rate = 0.999
26 - INFO - chord#: 46 done. best_score=74.0, changed=617, unchanged=328, early_stops=8/8
26 - INFO - chord#: 48 In build_straw_man_chord_sa. tolerance = 1, sa_iterations = 1000, initial_temperature = 3.0, cooling_rate = 0.999
26 - INFO - chord#: 60 done. best_score=27.0, changed=522, unchanged=425, early_stops=8/8
26 - INFO - chord#: 64 In build_straw_man_chord_sa. tolerance = 1, sa_iterations = 1000, initial_temperature = 3.0, cooling_rate = 0.999
26 - INFO - chord#: 60 done. best_score=27.0, changed=516, unchanged=394, early_stops=8/8
26 - INFO - chord#: 64 In build_straw_man_chord_sa. tolerance = 1, sa_iterations = 1000, initial_temperature = 3.0, cooling_rate = 0.999
26 - INFO - chord#: 48 done. best_score=27.0, changed=520, unchanged=342, early_stops=8/8
26 - INFO - chord#: 50 In build_straw_man_chord_sa. tolerance = 1, sa_iterations = 1000, initial_temperature = 3.0, cooling_rate = 0.999
26 - INFO - chord#: 58 done. best_score=35.0, changed=516, unchanged=311, early_stops=8/8
26 - INFO - chord#: 60 In build_straw_man_chord_sa. tolerance = 1, sa_iterations = 1000, initial_temperature = 3.0, cooling_rate = 0.999
26 - INFO - chord#: 52 done. best_score=145.0, changed=612, unchanged=316, early_stops=8/8
26 - INFO - chord#: 56 In build_straw_man_chord_sa. tolerance = 1, sa_iterations = 1000, initial_temperature = 3.0, cooling_rate = 0.999
26 - INFO - chord#: 48 done. best_score=27.0, changed=519, unchanged=410, early_stops=8/8
26 - INFO - chord#: 50 In build_straw_man_chord_sa. tolerance = 1, sa_iterations = 1000, initial_temperature = 3.0, cooling_rate = 0.999
26 - INFO - chord#: 56 done. best_score=27.0, changed=522, unchanged=492, early_stops=8/8
26 - INFO - chord#: 58 In build_straw_man_chord_sa. tolerance = 1, sa_iterations = 1000, initial_temperature = 3.0, cooling_rate = 0.999
26 - INFO - chord#: 58 done. best_score=35.0, changed=522, unchanged=367, early_stops=8/8
26 - INFO - chord#: 60 In build_straw_man_chord_sa. tolerance = 1, sa_iterations = 1000, initial_temperature = 3.0, cooling_rate = 0.999
26 - INFO - chord#: 64 done. best_score=27.0, changed=518, unchanged=336, early_stops=8/8
26 - INFO - chord#: 68 In build_straw_man_chord_sa. tolerance = 1, sa_iterations = 1000, initial_temperature = 3.0, cooling_rate = 0.999
26 - INFO - chord#: 64 done. best_score=27.0, changed=524, unchanged=486, early_stops=8/8
26 - INFO - chord#: 68 In build_straw_man_chord_sa. tolerance = 1, sa_iterations = 1000, initial_temperature = 3.0, cooling_rate = 0.999
26 - INFO - chord#: 50 done. best_score=27.0, changed=525, unchanged=390, early_stops=8/8
26 - INFO - chord#: 52 In build_straw_man_chord_sa. tolerance = 1, sa_iterations = 1000, initial_temperature = 3.0, cooling_rate = 0.999
26 - INFO - chord#: 60 done. best_score=27.0, changed=534, unchanged=466, early_stops=8/8
26 - INFO - chord#: 64 In build_straw_man_chord_sa. tolerance = 1, sa_iterations = 1000, initial_temperature = 3.0, cooling_rate = 0.999
26 - INFO - chord#: 56 done. best_score=27.0, changed=517, unchanged=393, early_stops=8/8
26 - INFO - chord#: 58 In build_straw_man_chord_sa. tolerance = 1, sa_iterations = 1000, initial_temperature = 3.0, cooling_rate = 0.999
26 - INFO - chord#: 48 done. best_score=27.0, changed=525, unchanged=412, early_stops=8/8
26 - INFO - chord#: 50 In build_straw_man_chord_sa. tolerance = 1, sa_iterations = 1000, initial_temperature = 3.0, cooling_rate = 0.999
26 - INFO - chord#: 50 done. best_score=27.0, changed=525, unchanged=487, early_stops=8/8
26 - INFO - chord#: 52 In build_straw_man_chord_sa. tolerance = 1, sa_iterations = 1000, initial_temperature = 3.0, cooling_rate = 0.999
26 - INFO - chord#: 60 done. best_score=27.0, changed=515, unchanged=324, early_stops=8/8
26 - INFO - chord#: 64 In build_straw_man_chord_sa. tolerance = 1, sa_iterations = 1000, initial_temperature = 3.0, cooling_rate = 0.999
26 - INFO - chord#: 50 done. best_score=27.0, changed=529, unchanged=388, early_stops=8/8
26 - INFO - chord#: 52 In build_straw_man_chord_sa. tolerance = 1, sa_iterations = 1000, initial_temperature = 3.0, cooling_rate = 0.999
26 - INFO - chord#: 58 done. best_score=35.0, changed=527, unchanged=474, early_stops=8/8
26 - INFO - chord#: 60 In build_straw_man_chord_sa. tolerance = 1, sa_iterations = 1000, initial_temperature = 3.0, cooling_rate = 0.999
26 - INFO - chord#: 68 done. best_score=27.0, changed=529, unchanged=447, early_stops=8/8
26 - INFO - chord#: 70 In build_straw_man_chord_sa. tolerance = 1, sa_iterations = 1000, initial_temperature = 3.0, cooling_rate = 0.999
26 - INFO - chord#: 68 done. best_score=27.0, changed=523, unchanged=379, early_stops=8/8
26 - INFO - chord#: 70 In build_straw_man_chord_sa. tolerance = 1, sa_iterations = 1000, initial_temperature = 3.0, cooling_rate = 0.999
26 - INFO - chord#: 52 done. best_score=67.0, changed=609, unchanged=284, early_stops=8/8
26 - INFO - chord#: 56 In build_straw_man_chord_sa. tolerance = 1, sa_iterations = 1000, initial_temperature = 3.0, cooling_rate = 0.999
26 - INFO - chord#: 58 done. best_score=35.0, changed=523, unchanged=338, early_stops=8/8
26 - INFO - chord#: 60 In build_straw_man_chord_sa. tolerance = 1, sa_iterations = 1000, initial_temperature = 3.0, cooling_rate = 0.999
26 - INFO - chord#: 52 done. best_score=78.0, changed=612, unchanged=351, early_stops=8/8
26 - INFO - chord#: 56 In build_straw_man_chord_sa. tolerance = 1, sa_iterations = 1000, initial_temperature = 3.0, cooling_rate = 0.999
26 - INFO - chord#: 64 done. best_score=27.0, changed=518, unchanged=352, early_stops=8/8
26 - INFO - chord#: 68 In build_straw_man_chord_sa. tolerance = 1, sa_iterations = 1000, initial_temperature = 3.0, cooling_rate = 0.999
26 - INFO - chord#: 50 done. best_score=27.0, changed=516, unchanged=364, early_stops=8/8
26 - INFO - chord#: 52 In build_straw_man_chord_sa. tolerance = 1, sa_iterations = 1000, initial_temperature = 3.0, cooling_rate = 0.999
26 - INFO - chord#: 60 done. best_score=27.0, changed=519, unchanged=376, early_stops=8/8
26 - INFO - chord#: 64 In build_straw_man_chord_sa. tolerance = 1, sa_iterations = 1000, initial_temperature = 3.0, cooling_rate = 0.999
26 - INFO - chord#: 64 done. best_score=27.0, changed=520, unchanged=498, early_stops=8/8
26 - INFO - chord#: 68 In build_straw_man_chord_sa. tolerance = 1, sa_iterations = 1000, initial_temperature = 3.0, cooling_rate = 0.999
26 - INFO - chord#: 70 done. best_score=37.0, changed=523, unchanged=403, early_stops=8/8
26 - INFO - chord#: 72 In build_straw_man_chord_sa. tolerance = 1, sa_iterations = 1000, initial_temperature = 3.0, cooling_rate = 0.999
26 - INFO - chord#: 70 done. best_score=37.0, changed=520, unchanged=410, early_stops=8/8
26 - INFO - chord#: 72 In build_straw_man_chord_sa. tolerance = 1, sa_iterations = 1000, initial_temperature = 3.0, cooling_rate = 0.999
26 - INFO - chord#: 60 done. best_score=27.0, changed=532, unchanged=403, early_stops=8/8
26 - INFO - chord#: 64 In build_straw_man_chord_sa. tolerance = 1, sa_iterations = 1000, initial_temperature = 3.0, cooling_rate = 0.999
26 - INFO - chord#: 72 done. best_score=11.0, changed=470, unchanged=358, early_stops=8/8
26 - INFO - chord#: 74 In build_straw_man_chord_sa. tolerance = 1, sa_iterations = 1000, initial_temperature = 3.0, cooling_rate = 0.999
26 - INFO - chord#: 72 done. best_score=11.0, changed=485, unchanged=344, early_stops=8/8
26 - INFO - chord#: 74 In build_straw_man_chord_sa. tolerance = 1, sa_iterations = 1000, initial_temperature = 3.0, cooling_rate = 0.999
26 - INFO - chord#: 68 done. best_score=27.0, changed=523, unchanged=466, early_stops=8/8
26 - INFO - chord#: 70 In build_straw_man_chord_sa. tolerance = 1, sa_iterations = 1000, initial_temperature = 3.0, cooling_rate = 0.999
26 - INFO - chord#: 56 done. best_score=27.0, changed=520, unchanged=485, early_stops=8/8
26 - INFO - chord#: 58 In build_straw_man_chord_sa. tolerance = 1, sa_iterations = 1000, initial_temperature = 3.0, cooling_rate = 0.999
26 - INFO - chord#: 56 done. best_score=27.0, changed=518, unchanged=462, early_stops=8/8
26 - INFO - chord#: 58 In build_straw_man_chord_sa. tolerance = 1, sa_iterations = 1000, initial_temperature = 3.0, cooling_rate = 0.999
26 - INFO - chord#: 68 done. best_score=27.0, changed=535, unchanged=446, early_stops=8/8
26 - INFO - chord#: 70 In build_straw_man_chord_sa. tolerance = 1, sa_iterations = 1000, initial_temperature = 3.0, cooling_rate = 0.999
26 - INFO - chord#: 64 done. best_score=27.0, changed=522, unchanged=557, early_stops=8/8
26 - INFO - chord#: 68 In build_straw_man_chord_sa. tolerance = 1, sa_iterations = 1000, initial_temperature = 3.0, cooling_rate = 0.999
26 - INFO - chord#: 52 done. best_score=67.0, changed=610, unchanged=314, early_stops=8/8
26 - INFO - chord#: 56 In build_straw_man_chord_sa. tolerance = 1, sa_iterations = 1000, initial_temperature = 3.0, cooling_rate = 0.999
26 - INFO - chord#: 52 done. best_score=67.0, changed=609, unchanged=269, early_stops=8/8
26 - INFO - chord#: 56 In build_straw_man_chord_sa. tolerance = 1, sa_iterations = 1000, initial_temperature = 3.0, cooling_rate = 0.999
26 - INFO - chord#: 64 done. best_score=27.0, changed=523, unchanged=613, early_stops=8/8
26 - INFO - chord#: 68 In build_straw_man_chord_sa. tolerance = 1, sa_iterations = 1000, initial_temperature = 3.0, cooling_rate = 0.999
26 - INFO - chord#: 70 done. best_score=37.0, changed=516, unchanged=382, early_stops=8/8
26 - INFO - chord#: 72 In build_straw_man_chord_sa. tolerance = 1, sa_iterations = 1000, initial_temperature = 3.0, cooling_rate = 0.999
26 - INFO - chord#: 52 done. best_score=67.0, changed=607, unchanged=266, early_stops=8/8
26 - INFO - chord#: 56 In build_straw_man_chord_sa. tolerance = 1, sa_iterations = 1000, initial_temperature = 3.0, cooling_rate = 0.999
26 - INFO - chord#: 72 done. best_score=11.0, changed=486, unchanged=328, early_stops=8/8
26 - INFO - chord#: 74 In build_straw_man_chord_sa. tolerance = 1, sa_iterations = 1000, initial_temperature = 3.0, cooling_rate = 0.999
26 - INFO - chord#: 68 done. best_score=27.0, changed=524, unchanged=441, early_stops=8/8
26 - INFO - chord#: 70 In build_straw_man_chord_sa. tolerance = 1, sa_iterations = 1000, initial_temperature = 3.0, cooling_rate = 0.999
26 - INFO - chord#: 58 done. best_score=35.0, changed=525, unchanged=341, early_stops=8/8
26 - INFO - chord#: 60 In build_straw_man_chord_sa. tolerance = 1, sa_iterations = 1000, initial_temperature = 3.0, cooling_rate = 0.999
26 - INFO - chord#: 70 done. best_score=37.0, changed=521, unchanged=440, early_stops=8/8
26 - INFO - chord#: 72 In build_straw_man_chord_sa. tolerance = 1, sa_iterations = 1000, initial_temperature = 3.0, cooling_rate = 0.999
26 - INFO - chord#: 58 done. best_score=35.0, changed=537, unchanged=445, early_stops=8/8
26 - INFO - chord#: 60 In build_straw_man_chord_sa. tolerance = 1, sa_iterations = 1000, initial_temperature = 3.0, cooling_rate = 0.999
26 - INFO - chord#: 72 done. best_score=11.0, changed=491, unchanged=336, early_stops=8/8
26 - INFO - chord#: 74 In build_straw_man_chord_sa. tolerance = 1, sa_iterations = 1000, initial_temperature = 3.0, cooling_rate = 0.999
26 - INFO - chord#: 52 done. best_score=137.0, changed=606, unchanged=237, early_stops=8/8
26 - INFO - chord#: 56 In build_straw_man_chord_sa. tolerance = 1, sa_iterations = 1000, initial_temperature = 3.0, cooling_rate = 0.999
26 - INFO - chord#: 68 done. best_score=27.0, changed=516, unchanged=334, early_stops=8/8
26 - INFO - chord#: 70 In build_straw_man_chord_sa. tolerance = 1, sa_iterations = 1000, initial_temperature = 3.0, cooling_rate = 0.999
26 - INFO - chord#: 74 done. best_score=147.0, changed=606, unchanged=216, early_stops=8/8
26 - INFO - chord#: 76 In build_straw_man_chord_sa. tolerance = 1, sa_iterations = 1000, initial_temperature = 3.0, cooling_rate = 0.999
26 - INFO - chord#: 56 done. best_score=27.0, changed=514, unchanged=360, early_stops=8/8
26 - INFO - chord#: 58 In build_straw_man_chord_sa. tolerance = 1, sa_iterations = 1000, initial_temperature = 3.0, cooling_rate = 0.999
26 - INFO - chord#: 56 done. best_score=27.0, changed=520, unchanged=494, early_stops=8/8
26 - INFO - chord#: 58 In build_straw_man_chord_sa. tolerance = 1, sa_iterations = 1000, initial_temperature = 3.0, cooling_rate = 0.999
26 - INFO - chord#: 70 done. best_score=37.0, changed=521, unchanged=349, early_stops=8/8
26 - INFO - chord#: 72 In build_straw_man_chord_sa. tolerance = 1, sa_iterations = 1000, initial_temperature = 3.0, cooling_rate = 0.999
26 - INFO - chord#: 56 done. best_score=27.0, changed=521, unchanged=409, early_stops=8/8
26 - INFO - chord#: 58 In build_straw_man_chord_sa. tolerance = 1, sa_iterations = 1000, initial_temperature = 3.0, cooling_rate = 0.999
26 - INFO - chord#: 74 done. best_score=162.0, changed=612, unchanged=418, early_stops=8/8
26 - INFO - chord#: 76 In build_straw_man_chord_sa. tolerance = 1, sa_iterations = 1000, initial_temperature = 3.0, cooling_rate = 0.999
26 - INFO - chord#: 60 done. best_score=27.0, changed=526, unchanged=408, early_stops=8/8
26 - INFO - chord#: 64 In build_straw_man_chord_sa. tolerance = 1, sa_iterations = 1000, initial_temperature = 3.0, cooling_rate = 0.999
26 - INFO - chord#: 60 done. best_score=27.0, changed=517, unchanged=356, early_stops=8/8
26 - INFO - chord#: 64 In build_straw_man_chord_sa. tolerance = 1, sa_iterations = 1000, initial_temperature = 3.0, cooling_rate = 0.999
26 - INFO - chord#: 72 done. best_score=11.0, changed=538, unchanged=274, early_stops=8/8
26 - INFO - chord#: 74 In build_straw_man_chord_sa. tolerance = 1, sa_iterations = 1000, initial_temperature = 3.0, cooling_rate = 0.999
26 - INFO - chord#: 70 done. best_score=37.0, changed=525, unchanged=432, early_stops=8/8
26 - INFO - chord#: 72 In build_straw_man_chord_sa. tolerance = 1, sa_iterations = 1000, initial_temperature = 3.0, cooling_rate = 0.999
26 - INFO - chord#: 76 done. best_score=27.0, changed=517, unchanged=396, early_stops=8/8
26 - INFO - chord#: 78 In build_straw_man_chord_sa. tolerance = 1, sa_iterations = 1000, initial_temperature = 3.0, cooling_rate = 0.999
26 - INFO - chord#: 56 done. best_score=27.0, changed=515, unchanged=434, early_stops=8/8
26 - INFO - chord#: 58 In build_straw_man_chord_sa. tolerance = 1, sa_iterations = 1000, initial_temperature = 3.0, cooling_rate = 0.999
26 - INFO - chord#: 72 done. best_score=11.0, changed=469, unchanged=341, early_stops=8/8
26 - INFO - chord#: 74 In build_straw_man_chord_sa. tolerance = 1, sa_iterations = 1000, initial_temperature = 3.0, cooling_rate = 0.999
26 - INFO - chord#: 58 done. best_score=35.0, changed=523, unchanged=417, early_stops=8/8
26 - INFO - chord#: 60 In build_straw_man_chord_sa. tolerance = 1, sa_iterations = 1000, initial_temperature = 3.0, cooling_rate = 0.999
26 - INFO - chord#: 58 done. best_score=35.0, changed=526, unchanged=402, early_stops=8/8
26 - INFO - chord#: 60 In build_straw_man_chord_sa. tolerance = 1, sa_iterations = 1000, initial_temperature = 3.0, cooling_rate = 0.999
26 - INFO - chord#: 58 done. best_score=35.0, changed=526, unchanged=339, early_stops=8/8
26 - INFO - chord#: 60 In build_straw_man_chord_sa. tolerance = 1, sa_iterations = 1000, initial_temperature = 3.0, cooling_rate = 0.999
26 - INFO - chord#: 76 done. best_score=27.0, changed=532, unchanged=379, early_stops=8/8
26 - INFO - chord#: 78 In build_straw_man_chord_sa. tolerance = 1, sa_iterations = 1000, initial_temperature = 3.0, cooling_rate = 0.999
26 - INFO - chord#: 74 done. best_score=127.0, changed=610, unchanged=331, early_stops=8/8
26 - INFO - chord#: 76 In build_straw_man_chord_sa. tolerance = 1, sa_iterations = 1000, initial_temperature = 3.0, cooling_rate = 0.999
26 - INFO - chord#: 64 done. best_score=27.0, changed=518, unchanged=422, early_stops=8/8
26 - INFO - chord#: 68 In build_straw_man_chord_sa. tolerance = 1, sa_iterations = 1000, initial_temperature = 3.0, cooling_rate = 0.999
26 - INFO - chord#: 74 done. best_score=147.0, changed=613, unchanged=275, early_stops=8/8
26 - INFO - chord#: 76 In build_straw_man_chord_sa. tolerance = 1, sa_iterations = 1000, initial_temperature = 3.0, cooling_rate = 0.999
26 - INFO - chord#: 64 done. best_score=27.0, changed=523, unchanged=467, early_stops=8/8
26 - INFO - chord#: 68 In build_straw_man_chord_sa. tolerance = 1, sa_iterations = 1000, initial_temperature = 3.0, cooling_rate = 0.999
26 - INFO - chord#: 58 done. best_score=35.0, changed=521, unchanged=413, early_stops=8/8
26 - INFO - chord#: 60 In build_straw_man_chord_sa. tolerance = 1, sa_iterations = 1000, initial_temperature = 3.0, cooling_rate = 0.999
26 - INFO - chord#: 60 done. best_score=27.0, changed=521, unchanged=486, early_stops=8/8
26 - INFO - chord#: 64 In build_straw_man_chord_sa. tolerance = 1, sa_iterations = 1000, initial_temperature = 3.0, cooling_rate = 0.999
26 - INFO - chord#: 60 done. best_score=27.0, changed=528, unchanged=391, early_stops=8/8
26 - INFO - chord#: 64 In build_straw_man_chord_sa. tolerance = 1, sa_iterations = 1000, initial_temperature = 3.0, cooling_rate = 0.999
26 - INFO - chord#: 76 done. best_score=27.0, changed=518, unchanged=460, early_stops=8/8
26 - INFO - chord#: 78 In build_straw_man_chord_sa. tolerance = 1, sa_iterations = 1000, initial_temperature = 3.0, cooling_rate = 0.999
26 - INFO - chord#: 60 done. best_score=27.0, changed=527, unchanged=424, early_stops=8/8
26 - INFO - chord#: 64 In build_straw_man_chord_sa. tolerance = 1, sa_iterations = 1000, initial_temperature = 3.0, cooling_rate = 0.999
26 - INFO - chord#: 68 done. best_score=27.0, changed=525, unchanged=328, early_stops=8/8
26 - INFO - chord#: 70 In build_straw_man_chord_sa. tolerance = 1, sa_iterations = 1000, initial_temperature = 3.0, cooling_rate = 0.999
26 - INFO - chord#: 76 done. best_score=27.0, changed=529, unchanged=493, early_stops=8/8
26 - INFO - chord#: 78 In build_straw_man_chord_sa. tolerance = 1, sa_iterations = 1000, initial_temperature = 3.0, cooling_rate = 0.999
26 - INFO - chord#: 74 done. best_score=94.0, changed=615, unchanged=362, early_stops=8/8
26 - INFO - chord#: 76 In build_straw_man_chord_sa. tolerance = 1, sa_iterations = 1000, initial_temperature = 3.0, cooling_rate = 0.999
26 - INFO - chord#: 78 done. best_score=144.0, changed=611, unchanged=245, early_stops=8/8
26 - INFO - chord#: 80 In build_straw_man_chord_sa. tolerance = 1, sa_iterations = 1000, initial_temperature = 3.0, cooling_rate = 0.999
26 - INFO - chord#: 68 done. best_score=27.0, changed=519, unchanged=410, early_stops=8/8
26 - INFO - chord#: 70 In build_straw_man_chord_sa. tolerance = 1, sa_iterations = 1000, initial_temperature = 3.0, cooling_rate = 0.999
26 - INFO - chord#: 74 done. best_score=94.0, changed=613, unchanged=306, early_stops=8/8
26 - INFO - chord#: 76 In build_straw_man_chord_sa. tolerance = 1, sa_iterations = 1000, initial_temperature = 3.0, cooling_rate = 0.999
26 - INFO - chord#: 60 done. best_score=27.0, changed=525, unchanged=393, early_stops=8/8
26 - INFO - chord#: 64 In build_straw_man_chord_sa. tolerance = 1, sa_iterations = 1000, initial_temperature = 3.0, cooling_rate = 0.999
26 - INFO - chord#: 78 done. best_score=74.0, changed=612, unchanged=240, early_stops=8/8
26 - INFO - chord#: 80 In build_straw_man_chord_sa. tolerance = 1, sa_iterations = 1000, initial_temperature = 3.0, cooling_rate = 0.999
26 - INFO - chord#: 64 done. best_score=27.0, changed=521, unchanged=426, early_stops=8/8
26 - INFO - chord#: 68 In build_straw_man_chord_sa. tolerance = 1, sa_iterations = 1000, initial_temperature = 3.0, cooling_rate = 0.999
26 - INFO - chord#: 64 done. best_score=27.0, changed=521, unchanged=484, early_stops=8/8
26 - INFO - chord#: 68 In build_straw_man_chord_sa. tolerance = 1, sa_iterations = 1000, initial_temperature = 3.0, cooling_rate = 0.999
26 - INFO - chord#: 64 done. best_score=27.0, changed=527, unchanged=580, early_stops=8/8
26 - INFO - chord#: 68 In build_straw_man_chord_sa. tolerance = 1, sa_iterations = 1000, initial_temperature = 3.0, cooling_rate = 0.999
26 - INFO - chord#: 76 done. best_score=27.0, changed=528, unchanged=357, early_stops=8/8
26 - INFO - chord#: 78 In build_straw_man_chord_sa. tolerance = 1, sa_iterations = 1000, initial_temperature = 3.0, cooling_rate = 0.999
26 - INFO - chord#: 70 done. best_score=37.0, changed=523, unchanged=294, early_stops=8/8
26 - INFO - chord#: 72 In build_straw_man_chord_sa. tolerance = 1, sa_iterations = 1000, initial_temperature = 3.0, cooling_rate = 0.999
26 - INFO - chord#: 76 done. best_score=27.0, changed=512, unchanged=396, early_stops=8/8
26 - INFO - chord#: 78 In build_straw_man_chord_sa. tolerance = 1, sa_iterations = 1000, initial_temperature = 3.0, cooling_rate = 0.999
26 - INFO - chord#: 72 done. best_score=11.0, changed=482, unchanged=333, early_stops=8/8
26 - INFO - chord#: 74 In build_straw_man_chord_sa. tolerance = 1, sa_iterations = 1000, initial_temperature = 3.0, cooling_rate = 0.999
26 - INFO - chord#: 70 done. best_score=37.0, changed=531, unchanged=481, early_stops=8/8
26 - INFO - chord#: 72 In build_straw_man_chord_sa. tolerance = 1, sa_iterations = 1000, initial_temperature = 3.0, cooling_rate = 0.999
26 - INFO - chord#: 64 done. best_score=27.0, changed=528, unchanged=518, early_stops=8/8
26 - INFO - chord#: 68 In build_straw_man_chord_sa. tolerance = 1, sa_iterations = 1000, initial_temperature = 3.0, cooling_rate = 0.999
26 - INFO - chord#: 72 done. best_score=11.0, changed=497, unchanged=307, early_stops=8/8
26 - INFO - chord#: 74 In build_straw_man_chord_sa. tolerance = 1, sa_iterations = 1000, initial_temperature = 3.0, cooling_rate = 0.999
26 - INFO - chord#: 80 done. best_score=142.0, changed=605, unchanged=221, early_stops=8/8
26 - INFO - chord#: 84 In build_straw_man_chord_sa. tolerance = 1, sa_iterations = 1000, initial_temperature = 3.0, cooling_rate = 0.999
26 - INFO - chord#: 68 done. best_score=27.0, changed=524, unchanged=401, early_stops=8/8
26 - INFO - chord#: 70 In build_straw_man_chord_sa. tolerance = 1, sa_iterations = 1000, initial_temperature = 3.0, cooling_rate = 0.999
26 - INFO - chord#: 68 done. best_score=27.0, changed=518, unchanged=363, early_stops=8/8
26 - INFO - chord#: 70 In build_straw_man_chord_sa. tolerance = 1, sa_iterations = 1000, initial_temperature = 3.0, cooling_rate = 0.999
26 - INFO - chord#: 68 done. best_score=27.0, changed=517, unchanged=392, early_stops=8/8
26 - INFO - chord#: 70 In build_straw_man_chord_sa. tolerance = 1, sa_iterations = 1000, initial_temperature = 3.0, cooling_rate = 0.999
26 - INFO - chord#: 78 done. best_score=74.0, changed=612, unchanged=343, early_stops=8/8
26 - INFO - chord#: 80 In build_straw_man_chord_sa. tolerance = 1, sa_iterations = 1000, initial_temperature = 3.0, cooling_rate = 0.999
26 - INFO - chord#: 78 done. best_score=74.0, changed=613, unchanged=306, early_stops=8/8
26 - INFO - chord#: 80 In build_straw_man_chord_sa. tolerance = 1, sa_iterations = 1000, initial_temperature = 3.0, cooling_rate = 0.999
26 - INFO - chord#: 84 done. best_score=27.0, changed=513, unchanged=420, early_stops=8/8
26 - INFO - chord#: 86 In build_straw_man_chord_sa. tolerance = 1, sa_iterations = 1000, initial_temperature = 3.0, cooling_rate = 0.999
26 - INFO - chord#: 68 done. best_score=27.0, changed=521, unchanged=392, early_stops=8/8
26 - INFO - chord#: 70 In build_straw_man_chord_sa. tolerance = 1, sa_iterations = 1000, initial_temperature = 3.0, cooling_rate = 0.999
26 - INFO - chord#: 70 done. best_score=37.0, changed=520, unchanged=368, early_stops=8/8
26 - INFO - chord#: 72 In build_straw_man_chord_sa. tolerance = 1, sa_iterations = 1000, initial_temperature = 3.0, cooling_rate = 0.999
26 - INFO - chord#: 80 done. best_score=140.0, changed=609, unchanged=420, early_stops=8/8
26 - INFO - chord#: 84 In build_straw_man_chord_sa. tolerance = 1, sa_iterations = 1000, initial_temperature = 3.0, cooling_rate = 0.999
26 - INFO - chord#: 70 done. best_score=37.0, changed=528, unchanged=440, early_stops=8/8
26 - INFO - chord#: 72 In build_straw_man_chord_sa. tolerance = 1, sa_iterations = 1000, initial_temperature = 3.0, cooling_rate = 0.999
26 - INFO - chord#: 78 done. best_score=74.0, changed=611, unchanged=272, early_stops=8/8
26 - INFO - chord#: 80 In build_straw_man_chord_sa. tolerance = 1, sa_iterations = 1000, initial_temperature = 3.0, cooling_rate = 0.999
26 - INFO - chord#: 72 done. best_score=11.0, changed=459, unchanged=364, early_stops=8/8
26 - INFO - chord#: 74 In build_straw_man_chord_sa. tolerance = 1, sa_iterations = 1000, initial_temperature = 3.0, cooling_rate = 0.999
26 - INFO - chord#: 70 done. best_score=37.0, changed=527, unchanged=453, early_stops=8/8
26 - INFO - chord#: 72 In build_straw_man_chord_sa. tolerance = 1, sa_iterations = 1000, initial_temperature = 3.0, cooling_rate = 0.999
26 - INFO - chord#: 72 done. best_score=11.0, changed=477, unchanged=338, early_stops=8/8
26 - INFO - chord#: 74 In build_straw_man_chord_sa. tolerance = 1, sa_iterations = 1000, initial_temperature = 3.0, cooling_rate = 0.999
26 - INFO - chord#: 72 done. best_score=11.0, changed=489, unchanged=348, early_stops=8/8
26 - INFO - chord#: 74 In build_straw_man_chord_sa. tolerance = 1, sa_iterations = 1000, initial_temperature = 3.0, cooling_rate = 0.999
26 - INFO - chord#: 78 done. best_score=74.0, changed=610, unchanged=397, early_stops=8/8
26 - INFO - chord#: 80 In build_straw_man_chord_sa. tolerance = 1, sa_iterations = 1000, initial_temperature = 3.0, cooling_rate = 0.999
26 - INFO - chord#: 74 done. best_score=127.0, changed=610, unchanged=318, early_stops=8/8
26 - INFO - chord#: 76 In build_straw_man_chord_sa. tolerance = 1, sa_iterations = 1000, initial_temperature = 3.0, cooling_rate = 0.999
26 - INFO - chord#: 84 done. best_score=27.0, changed=515, unchanged=375, early_stops=8/8
26 - INFO - chord#: 86 In build_straw_man_chord_sa. tolerance = 1, sa_iterations = 1000, initial_temperature = 3.0, cooling_rate = 0.999
26 - INFO - chord#: 70 done. best_score=37.0, changed=515, unchanged=484, early_stops=8/8
26 - INFO - chord#: 72 In build_straw_man_chord_sa. tolerance = 1, sa_iterations = 1000, initial_temperature = 3.0, cooling_rate = 0.999
26 - INFO - chord#: 74 done. best_score=131.0, changed=612, unchanged=236, early_stops=8/8
26 - INFO - chord#: 76 In build_straw_man_chord_sa. tolerance = 1, sa_iterations = 1000, initial_temperature = 3.0, cooling_rate = 0.999
26 - INFO - chord#: 80 done. best_score=140.0, changed=609, unchanged=313, early_stops=8/8
26 - INFO - chord#: 84 In build_straw_man_chord_sa. tolerance = 1, sa_iterations = 1000, initial_temperature = 3.0, cooling_rate = 0.999
26 - INFO - chord#: 72 done. best_score=11.0, changed=490, unchanged=341, early_stops=8/8
26 - INFO - chord#: 74 In build_straw_man_chord_sa. tolerance = 1, sa_iterations = 1000, initial_temperature = 3.0, cooling_rate = 0.999
26 - INFO - chord#: 80 done. best_score=140.0, changed=609, unchanged=381, early_stops=8/8
26 - INFO - chord#: 84 In build_straw_man_chord_sa. tolerance = 1, sa_iterations = 1000, initial_temperature = 3.0, cooling_rate = 0.999
26 - INFO - chord#: 80 done. best_score=145.0, changed=608, unchanged=245, early_stops=8/8
26 - INFO - chord#: 84 In build_straw_man_chord_sa. tolerance = 1, sa_iterations = 1000, initial_temperature = 3.0, cooling_rate = 0.999
26 - INFO - chord#: 84 done. best_score=27.0, changed=520, unchanged=496, early_stops=8/8
26 - INFO - chord#: 86 In build_straw_man_chord_sa. tolerance = 1, sa_iterations = 1000, initial_temperature = 3.0, cooling_rate = 0.999
26 - INFO - chord#: 76 done. best_score=27.0, changed=520, unchanged=347, early_stops=8/8
26 - INFO - chord#: 78 In build_straw_man_chord_sa. tolerance = 1, sa_iterations = 1000, initial_temperature = 3.0, cooling_rate = 0.999
26 - INFO - chord#: 86 done. best_score=127.0, changed=613, unchanged=383, early_stops=8/8
26 - INFO - chord#: 88 In build_straw_man_chord_sa. tolerance = 1, sa_iterations = 1000, initial_temperature = 3.0, cooling_rate = 0.999
26 - INFO - chord#: 76 done. best_score=27.0, changed=528, unchanged=398, early_stops=8/8
26 - INFO - chord#: 78 In build_straw_man_chord_sa. tolerance = 1, sa_iterations = 1000, initial_temperature = 3.0, cooling_rate = 0.999
26 - INFO - chord#: 84 done. best_score=27.0, changed=516, unchanged=316, early_stops=8/8
26 - INFO - chord#: 86 In build_straw_man_chord_sa. tolerance = 1, sa_iterations = 1000, initial_temperature = 3.0, cooling_rate = 0.999
26 - INFO - chord#: 80 done. best_score=140.0, changed=613, unchanged=259, early_stops=8/8
26 - INFO - chord#: 84 In build_straw_man_chord_sa. tolerance = 1, sa_iterations = 1000, initial_temperature = 3.0, cooling_rate = 0.999
26 - INFO - chord#: 84 done. best_score=27.0, changed=514, unchanged=377, early_stops=8/8
26 - INFO - chord#: 86 In build_straw_man_chord_sa. tolerance = 1, sa_iterations = 1000, initial_temperature = 3.0, cooling_rate = 0.999
26 - INFO - chord#: 86 done. best_score=82.0, changed=611, unchanged=250, early_stops=8/8
26 - INFO - chord#: 88 In build_straw_man_chord_sa. tolerance = 1, sa_iterations = 1000, initial_temperature = 3.0, cooling_rate = 0.999
26 - INFO - chord#: 74 done. best_score=153.0, changed=610, unchanged=324, early_stops=8/8
26 - INFO - chord#: 76 In build_straw_man_chord_sa. tolerance = 1, sa_iterations = 1000, initial_temperature = 3.0, cooling_rate = 0.999
26 - INFO - chord#: 74 done. best_score=134.0, changed=616, unchanged=424, early_stops=8/8
26 - INFO - chord#: 76 In build_straw_man_chord_sa. tolerance = 1, sa_iterations = 1000, initial_temperature = 3.0, cooling_rate = 0.999
26 - INFO - chord#: 74 done. best_score=94.0, changed=614, unchanged=507, early_stops=8/8
26 - INFO - chord#: 76 In build_straw_man_chord_sa. tolerance = 1, sa_iterations = 1000, initial_temperature = 3.0, cooling_rate = 0.999
26 - INFO - chord#: 84 done. best_score=27.0, changed=517, unchanged=358, early_stops=8/8
26 - INFO - chord#: 86 In build_straw_man_chord_sa. tolerance = 1, sa_iterations = 1000, initial_temperature = 3.0, cooling_rate = 0.999
26 - INFO - chord#: 86 done. best_score=82.0, changed=607, unchanged=247, early_stops=8/8
26 - INFO - chord#: 88 In build_straw_man_chord_sa. tolerance = 1, sa_iterations = 1000, initial_temperature = 3.0, cooling_rate = 0.999
26 - INFO - chord#: 86 done. best_score=82.0, changed=615, unchanged=328, early_stops=8/8
26 - INFO - chord#: 88 In build_straw_man_chord_sa. tolerance = 1, sa_iterations = 1000, initial_temperature = 3.0, cooling_rate = 0.999
26 - INFO - chord#: 88 done. best_score=140.0, changed=614, unchanged=352, early_stops=8/8
26 - INFO - chord#: 92 In build_straw_man_chord_sa. tolerance = 1, sa_iterations = 1000, initial_temperature = 3.0, cooling_rate = 0.999
26 - INFO - chord#: 76 done. best_score=27.0, changed=526, unchanged=399, early_stops=8/8
26 - INFO - chord#: 78 In build_straw_man_chord_sa. tolerance = 1, sa_iterations = 1000, initial_temperature = 3.0, cooling_rate = 0.999
26 - INFO - chord#: 74 done. best_score=94.0, changed=616, unchanged=431, early_stops=8/8
26 - INFO - chord#: 76 In build_straw_man_chord_sa. tolerance = 1, sa_iterations = 1000, initial_temperature = 3.0, cooling_rate = 0.999
26 - INFO - chord#: 78 done. best_score=149.0, changed=615, unchanged=222, early_stops=8/8
26 - INFO - chord#: 80 In build_straw_man_chord_sa. tolerance = 1, sa_iterations = 1000, initial_temperature = 3.0, cooling_rate = 0.999
26 - INFO - chord#: 76 done. best_score=27.0, changed=528, unchanged=461, early_stops=8/8
26 - INFO - chord#: 78 In build_straw_man_chord_sa. tolerance = 1, sa_iterations = 1000, initial_temperature = 3.0, cooling_rate = 0.999
26 - INFO - chord#: 76 done. best_score=27.0, changed=525, unchanged=323, early_stops=8/8
26 - INFO - chord#: 78 In build_straw_man_chord_sa. tolerance = 1, sa_iterations = 1000, initial_temperature = 3.0, cooling_rate = 0.999
26 - INFO - chord#: 86 done. best_score=82.0, changed=615, unchanged=349, early_stops=8/8
26 - INFO - chord#: 88 In build_straw_man_chord_sa. tolerance = 1, sa_iterations = 1000, initial_temperature = 3.0, cooling_rate = 0.999
26 - INFO - chord#: 88 done. best_score=143.0, changed=616, unchanged=264, early_stops=8/8
26 - INFO - chord#: 92 In build_straw_man_chord_sa. tolerance = 1, sa_iterations = 1000, initial_temperature = 3.0, cooling_rate = 0.999
26 - INFO - chord#: 78 done. best_score=74.0, changed=611, unchanged=325, early_stops=8/8
26 - INFO - chord#: 80 In build_straw_man_chord_sa. tolerance = 1, sa_iterations = 1000, initial_temperature = 3.0, cooling_rate = 0.999
26 - INFO - chord#: 92 done. best_score=27.0, changed=521, unchanged=428, early_stops=8/8
26 - INFO - chord#: 96 In build_straw_man_chord_sa. tolerance = 1, sa_iterations = 1000, initial_temperature = 3.0, cooling_rate = 0.999
26 - INFO - chord#: 76 done. best_score=27.0, changed=529, unchanged=372, early_stops=8/8
26 - INFO - chord#: 78 In build_straw_man_chord_sa. tolerance = 1, sa_iterations = 1000, initial_temperature = 3.0, cooling_rate = 0.999
26 - INFO - chord#: 92 done. best_score=27.0, changed=516, unchanged=387, early_stops=8/8
26 - INFO - chord#: 96 In build_straw_man_chord_sa. tolerance = 1, sa_iterations = 1000, initial_temperature = 3.0, cooling_rate = 0.999
26 - INFO - chord#: 86 done. best_score=82.0, changed=614, unchanged=402, early_stops=8/8
26 - INFO - chord#: 88 In build_straw_man_chord_sa. tolerance = 1, sa_iterations = 1000, initial_temperature = 3.0, cooling_rate = 0.999
26 - INFO - chord#: 88 done. best_score=140.0, changed=611, unchanged=236, early_stops=8/8
26 - INFO - chord#: 92 In build_straw_man_chord_sa. tolerance = 1, sa_iterations = 1000, initial_temperature = 3.0, cooling_rate = 0.999
26 - INFO - chord#: 96 done. best_score=27.0, changed=531, unchanged=415, early_stops=8/8
26 - INFO - chord#: 98 In build_straw_man_chord_sa. tolerance = 1, sa_iterations = 1000, initial_temperature = 3.0, cooling_rate = 0.999
26 - INFO - chord#: 88 done. best_score=142.0, changed=617, unchanged=356, early_stops=8/8
26 - INFO - chord#: 92 In build_straw_man_chord_sa. tolerance = 1, sa_iterations = 1000, initial_temperature = 3.0, cooling_rate = 0.999
26 - INFO - chord#: 96 done. best_score=27.0, changed=518, unchanged=446, early_stops=8/8
26 - INFO - chord#: 98 In build_straw_man_chord_sa. tolerance = 1, sa_iterations = 1000, initial_temperature = 3.0, cooling_rate = 0.999
26 - INFO - chord#: 78 done. best_score=149.0, changed=615, unchanged=256, early_stops=8/8
26 - INFO - chord#: 80 In build_straw_man_chord_sa. tolerance = 1, sa_iterations = 1000, initial_temperature = 3.0, cooling_rate = 0.999
26 - INFO - chord#: 92 done. best_score=27.0, changed=520, unchanged=344, early_stops=8/8
26 - INFO - chord#: 96 In build_straw_man_chord_sa. tolerance = 1, sa_iterations = 1000, initial_temperature = 3.0, cooling_rate = 0.999
26 - INFO - chord#: 88 done. best_score=142.0, changed=615, unchanged=350, early_stops=8/8
26 - INFO - chord#: 92 In build_straw_man_chord_sa. tolerance = 1, sa_iterations = 1000, initial_temperature = 3.0, cooling_rate = 0.999
26 - INFO - chord#: 78 done. best_score=74.0, changed=611, unchanged=289, early_stops=8/8
26 - INFO - chord#: 80 In build_straw_man_chord_sa. tolerance = 1, sa_iterations = 1000, initial_temperature = 3.0, cooling_rate = 0.999
26 - INFO - chord#: 80 done. best_score=181.0, changed=612, unchanged=368, early_stops=8/8
26 - INFO - chord#: 84 In build_straw_man_chord_sa. tolerance = 1, sa_iterations = 1000, initial_temperature = 3.0, cooling_rate = 0.999
26 - INFO - chord#: 78 done. best_score=74.0, changed=614, unchanged=325, early_stops=8/8
26 - INFO - chord#: 80 In build_straw_man_chord_sa. tolerance = 1, sa_iterations = 1000, initial_temperature = 3.0, cooling_rate = 0.999
26 - INFO - chord#: 92 done. best_score=27.0, changed=532, unchanged=602, early_stops=8/8
26 - INFO - chord#: 96 In build_straw_man_chord_sa. tolerance = 1, sa_iterations = 1000, initial_temperature = 3.0, cooling_rate = 0.999
26 - INFO - chord#: 96 done. best_score=27.0, changed=521, unchanged=311, early_stops=8/8
26 - INFO - chord#: 98 In build_straw_man_chord_sa. tolerance = 1, sa_iterations = 1000, initial_temperature = 3.0, cooling_rate = 0.999
26 - INFO - chord#: 98 done. best_score=104.0, changed=608, unchanged=240, early_stops=8/8
26 - INFO - chord#: 100 In build_straw_man_chord_sa. tolerance = 1, sa_iterations = 1000, initial_temperature = 3.0, cooling_rate = 0.999
26 - INFO - chord#: 92 done. best_score=27.0, changed=527, unchanged=453, early_stops=8/8
26 - INFO - chord#: 96 In build_straw_man_chord_sa. tolerance = 1, sa_iterations = 1000, initial_temperature = 3.0, cooling_rate = 0.999
26 - INFO - chord#: 80 done. best_score=142.0, changed=619, unchanged=472, early_stops=8/8
26 - INFO - chord#: 84 In build_straw_man_chord_sa. tolerance = 1, sa_iterations = 1000, initial_temperature = 3.0, cooling_rate = 0.999
26 - INFO - chord#: 96 done. best_score=27.0, changed=518, unchanged=297, early_stops=8/8
26 - INFO - chord#: 98 In build_straw_man_chord_sa. tolerance = 1, sa_iterations = 1000, initial_temperature = 3.0, cooling_rate = 0.999
26 - INFO - chord#: 88 done. best_score=143.0, changed=614, unchanged=427, early_stops=8/8
26 - INFO - chord#: 92 In build_straw_man_chord_sa. tolerance = 1, sa_iterations = 1000, initial_temperature = 3.0, cooling_rate = 0.999
26 - INFO - chord#: 78 done. best_score=74.0, changed=614, unchanged=356, early_stops=8/8
26 - INFO - chord#: 80 In build_straw_man_chord_sa. tolerance = 1, sa_iterations = 1000, initial_temperature = 3.0, cooling_rate = 0.999
26 - INFO - chord#: 84 done. best_score=27.0, changed=520, unchanged=403, early_stops=8/8
26 - INFO - chord#: 86 In build_straw_man_chord_sa. tolerance = 1, sa_iterations = 1000, initial_temperature = 3.0, cooling_rate = 0.999
26 - INFO - chord#: 100 done. best_score=27.0, changed=524, unchanged=319, early_stops=8/8
26 - INFO - chord#: 102 In build_straw_man_chord_sa. tolerance = 1, sa_iterations = 1000, initial_temperature = 3.0, cooling_rate = 0.999
26 - INFO - chord#: 98 done. best_score=148.0, changed=620, unchanged=415, early_stops=8/8
26 - INFO - chord#: 100 In build_straw_man_chord_sa. tolerance = 1, sa_iterations = 1000, initial_temperature = 3.0, cooling_rate = 0.999
26 - INFO - chord#: 96 done. best_score=27.0, changed=521, unchanged=416, early_stops=8/8
26 - INFO - chord#: 98 In build_straw_man_chord_sa. tolerance = 1, sa_iterations = 1000, initial_temperature = 3.0, cooling_rate = 0.999
26 - INFO - chord#: 80 done. best_score=140.0, changed=607, unchanged=251, early_stops=8/8
26 - INFO - chord#: 84 In build_straw_man_chord_sa. tolerance = 1, sa_iterations = 1000, initial_temperature = 3.0, cooling_rate = 0.999
26 - INFO - chord#: 84 done. best_score=27.0, changed=523, unchanged=462, early_stops=8/8
26 - INFO - chord#: 86 In build_straw_man_chord_sa. tolerance = 1, sa_iterations = 1000, initial_temperature = 3.0, cooling_rate = 0.999
26 - INFO - chord#: 92 done. best_score=27.0, changed=521, unchanged=450, early_stops=8/8
26 - INFO - chord#: 96 In build_straw_man_chord_sa. tolerance = 1, sa_iterations = 1000, initial_temperature = 3.0, cooling_rate = 0.999
26 - INFO - chord#: 100 done. best_score=57.0, changed=528, unchanged=352, early_stops=8/8
26 - INFO - chord#: 102 In build_straw_man_chord_sa. tolerance = 1, sa_iterations = 1000, initial_temperature = 3.0, cooling_rate = 0.999
26 - INFO - chord#: 80 done. best_score=145.0, changed=606, unchanged=229, early_stops=8/8
26 - INFO - chord#: 84 In build_straw_man_chord_sa. tolerance = 1, sa_iterations = 1000, initial_temperature = 3.0, cooling_rate = 0.999
26 - INFO - chord#: 98 done. best_score=64.0, changed=608, unchanged=302, early_stops=8/8
26 - INFO - chord#: 100 In build_straw_man_chord_sa. tolerance = 1, sa_iterations = 1000, initial_temperature = 3.0, cooling_rate = 0.999
26 - INFO - chord#: 80 done. best_score=142.0, changed=610, unchanged=241, early_stops=8/8
26 - INFO - chord#: 84 In build_straw_man_chord_sa. tolerance = 1, sa_iterations = 1000, initial_temperature = 3.0, cooling_rate = 0.999
26 - INFO - chord#: 84 done. best_score=27.0, changed=522, unchanged=413, early_stops=8/8
26 - INFO - chord#: 86 In build_straw_man_chord_sa. tolerance = 1, sa_iterations = 1000, initial_temperature = 3.0, cooling_rate = 0.999
26 - INFO - chord#: 96 done. best_score=27.0, changed=523, unchanged=387, early_stops=8/8
26 - INFO - chord#: 98 In build_straw_man_chord_sa. tolerance = 1, sa_iterations = 1000, initial_temperature = 3.0, cooling_rate = 0.999
26 - INFO - chord#: 84 done. best_score=27.0, changed=515, unchanged=413, early_stops=8/8
26 - INFO - chord#: 86 In build_straw_man_chord_sa. tolerance = 1, sa_iterations = 1000, initial_temperature = 3.0, cooling_rate = 0.999
26 - INFO - chord#: 100 done. best_score=27.0, changed=527, unchanged=333, early_stops=8/8
26 - INFO - chord#: 102 In build_straw_man_chord_sa. tolerance = 1, sa_iterations = 1000, initial_temperature = 3.0, cooling_rate = 0.999
26 - INFO - chord#: 98 done. best_score=104.0, changed=617, unchanged=401, early_stops=8/8
26 - INFO - chord#: 100 In build_straw_man_chord_sa. tolerance = 1, sa_iterations = 1000, initial_temperature = 3.0, cooling_rate = 0.999
26 - INFO - chord#: 98 done. best_score=64.0, changed=609, unchanged=238, early_stops=8/8
26 - INFO - chord#: 100 In build_straw_man_chord_sa. tolerance = 1, sa_iterations = 1000, initial_temperature = 3.0, cooling_rate = 0.999
26 - INFO - chord#: 102 done. best_score=94.0, changed=615, unchanged=350, early_stops=8/8
26 - INFO - chord#: 104 In build_straw_man_chord_sa. tolerance = 1, sa_iterations = 1000, initial_temperature = 3.0, cooling_rate = 0.999
26 - INFO - chord#: 84 done. best_score=27.0, changed=528, unchanged=407, early_stops=8/8
26 - INFO - chord#: 86 In build_straw_man_chord_sa. tolerance = 1, sa_iterations = 1000, initial_temperature = 3.0, cooling_rate = 0.999
26 - INFO - chord#: 80 done. best_score=142.0, changed=611, unchanged=283, early_stops=8/8
26 - INFO - chord#: 84 In build_straw_man_chord_sa. tolerance = 1, sa_iterations = 1000, initial_temperature = 3.0, cooling_rate = 0.999
26 - INFO - chord#: 100 done. best_score=27.0, changed=517, unchanged=322, early_stops=8/8
26 - INFO - chord#: 102 In build_straw_man_chord_sa. tolerance = 1, sa_iterations = 1000, initial_temperature = 3.0, cooling_rate = 0.999
26 - INFO - chord#: 86 done. best_score=82.0, changed=615, unchanged=380, early_stops=8/8
26 - INFO - chord#: 88 In build_straw_man_chord_sa. tolerance = 1, sa_iterations = 1000, initial_temperature = 3.0, cooling_rate = 0.999
26 - INFO - chord#: 102 done. best_score=93.0, changed=607, unchanged=214, early_stops=8/8
26 - INFO - chord#: 104 In build_straw_man_chord_sa. tolerance = 1, sa_iterations = 1000, initial_temperature = 3.0, cooling_rate = 0.999
26 - INFO - chord#: 104 done. best_score=27.0, changed=525, unchanged=399, early_stops=8/8
26 - INFO - chord#: 106 In build_straw_man_chord_sa. tolerance = 1, sa_iterations = 1000, initial_temperature = 3.0, cooling_rate = 0.999
26 - INFO - chord#: 100 done. best_score=27.0, changed=525, unchanged=481, early_stops=8/8
26 - INFO - chord#: 102 In build_straw_man_chord_sa. tolerance = 1, sa_iterations = 1000, initial_temperature = 3.0, cooling_rate = 0.999
26 - INFO - chord#: 86 done. best_score=127.0, changed=614, unchanged=291, early_stops=8/8
26 - INFO - chord#: 88 In build_straw_man_chord_sa. tolerance = 1, sa_iterations = 1000, initial_temperature = 3.0, cooling_rate = 0.999
26 - INFO - chord#: 98 done. best_score=157.0, changed=607, unchanged=217, early_stops=8/8
26 - INFO - chord#: 100 In build_straw_man_chord_sa. tolerance = 1, sa_iterations = 1000, initial_temperature = 3.0, cooling_rate = 0.999
26 - INFO - chord#: 84 done. best_score=27.0, changed=521, unchanged=495, early_stops=8/8
26 - INFO - chord#: 86 In build_straw_man_chord_sa. tolerance = 1, sa_iterations = 1000, initial_temperature = 3.0, cooling_rate = 0.999
26 - INFO - chord#: 102 done. best_score=93.0, changed=607, unchanged=287, early_stops=8/8
26 - INFO - chord#: 104 In build_straw_man_chord_sa. tolerance = 1, sa_iterations = 1000, initial_temperature = 3.0, cooling_rate = 0.999
26 - INFO - chord#: 106 done. best_score=27.0, changed=532, unchanged=408, early_stops=8/8
26 - INFO - chord#: 108 In build_straw_man_chord_sa. tolerance = 1, sa_iterations = 1000, initial_temperature = 3.0, cooling_rate = 0.999
26 - INFO - chord#: 86 done. best_score=82.0, changed=612, unchanged=305, early_stops=8/8
26 - INFO - chord#: 88 In build_straw_man_chord_sa. tolerance = 1, sa_iterations = 1000, initial_temperature = 3.0, cooling_rate = 0.999
26 - INFO - chord#: 86 done. best_score=120.0, changed=613, unchanged=421, early_stops=8/8
26 - INFO - chord#: 88 In build_straw_man_chord_sa. tolerance = 1, sa_iterations = 1000, initial_temperature = 3.0, cooling_rate = 0.999
26 - INFO - chord#: 104 done. best_score=27.0, changed=524, unchanged=400, early_stops=8/8
26 - INFO - chord#: 106 In build_straw_man_chord_sa. tolerance = 1, sa_iterations = 1000, initial_temperature = 3.0, cooling_rate = 0.999
26 - INFO - chord#: 100 done. best_score=27.0, changed=515, unchanged=400, early_stops=8/8
26 - INFO - chord#: 102 In build_straw_man_chord_sa. tolerance = 1, sa_iterations = 1000, initial_temperature = 3.0, cooling_rate = 0.999
26 - INFO - chord#: 102 done. best_score=96.0, changed=610, unchanged=236, early_stops=8/8
26 - INFO - chord#: 104 In build_straw_man_chord_sa. tolerance = 1, sa_iterations = 1000, initial_temperature = 3.0, cooling_rate = 0.999
26 - INFO - chord#: 104 done. best_score=27.0, changed=526, unchanged=527, early_stops=8/8
26 - INFO - chord#: 106 In build_straw_man_chord_sa. tolerance = 1, sa_iterations = 1000, initial_temperature = 3.0, cooling_rate = 0.999
26 - INFO - chord#: 108 done. best_score=27.0, changed=520, unchanged=336, early_stops=8/8
26 - INFO - chord#: 110 In build_straw_man_chord_sa. tolerance = 1, sa_iterations = 1000, initial_temperature = 3.0, cooling_rate = 0.999
26 - INFO - chord#: 102 done. best_score=94.0, changed=607, unchanged=295, early_stops=8/8
26 - INFO - chord#: 104 In build_straw_man_chord_sa. tolerance = 1, sa_iterations = 1000, initial_temperature = 3.0, cooling_rate = 0.999
26 - INFO - chord#: 88 done. best_score=140.0, changed=608, unchanged=245, early_stops=8/8
26 - INFO - chord#: 92 In build_straw_man_chord_sa. tolerance = 1, sa_iterations = 1000, initial_temperature = 3.0, cooling_rate = 0.999
26 - INFO - chord#: 104 done. best_score=27.0, changed=518, unchanged=349, early_stops=8/8
26 - INFO - chord#: 106 In build_straw_man_chord_sa. tolerance = 1, sa_iterations = 1000, initial_temperature = 3.0, cooling_rate = 0.999
26 - INFO - chord#: 86 done. best_score=82.0, changed=618, unchanged=442, early_stops=8/8
26 - INFO - chord#: 88 In build_straw_man_chord_sa. tolerance = 1, sa_iterations = 1000, initial_temperature = 3.0, cooling_rate = 0.999
26 - INFO - chord#: 106 done. best_score=27.0, changed=521, unchanged=379, early_stops=8/8
26 - INFO - chord#: 108 In build_straw_man_chord_sa. tolerance = 1, sa_iterations = 1000, initial_temperature = 3.0, cooling_rate = 0.999
26 - INFO - chord#: 106 done. best_score=27.0, changed=525, unchanged=420, early_stops=8/8
26 - INFO - chord#: 108 In build_straw_man_chord_sa. tolerance = 1, sa_iterations = 1000, initial_temperature = 3.0, cooling_rate = 0.999
26 - INFO - chord#: 104 done. best_score=27.0, changed=514, unchanged=353, early_stops=8/8
26 - INFO - chord#: 106 In build_straw_man_chord_sa. tolerance = 1, sa_iterations = 1000, initial_temperature = 3.0, cooling_rate = 0.999
26 - INFO - chord#: 88 done. best_score=142.0, changed=611, unchanged=354, early_stops=8/8
26 - INFO - chord#: 92 In build_straw_man_chord_sa. tolerance = 1, sa_iterations = 1000, initial_temperature = 3.0, cooling_rate = 0.999
26 - INFO - chord#: 106 done. best_score=27.0, changed=519, unchanged=306, early_stops=8/8
26 - INFO - chord#: 108 In build_straw_man_chord_sa. tolerance = 1, sa_iterations = 1000, initial_temperature = 3.0, cooling_rate = 0.999
26 - INFO - chord#: 88 done. best_score=140.0, changed=608, unchanged=273, early_stops=8/8
26 - INFO - chord#: 92 In build_straw_man_chord_sa. tolerance = 1, sa_iterations = 1000, initial_temperature = 3.0, cooling_rate = 0.999
26 - INFO - chord#: 102 done. best_score=162.0, changed=610, unchanged=249, early_stops=8/8
26 - INFO - chord#: 104 In build_straw_man_chord_sa. tolerance = 1, sa_iterations = 1000, initial_temperature = 3.0, cooling_rate = 0.999
26 - INFO - chord#: 86 done. best_score=82.0, changed=616, unchanged=391, early_stops=8/8
26 - INFO - chord#: 88 In build_straw_man_chord_sa. tolerance = 1, sa_iterations = 1000, initial_temperature = 3.0, cooling_rate = 0.999
26 - INFO - chord#: 88 done. best_score=140.0, changed=612, unchanged=241, early_stops=8/8
26 - INFO - chord#: 92 In build_straw_man_chord_sa. tolerance = 1, sa_iterations = 1000, initial_temperature = 3.0, cooling_rate = 0.999
26 - INFO - chord#: 92 done. best_score=27.0, changed=527, unchanged=425, early_stops=8/8
26 - INFO - chord#: 96 In build_straw_man_chord_sa. tolerance = 1, sa_iterations = 1000, initial_temperature = 3.0, cooling_rate = 0.999
26 - INFO - chord#: 108 done. best_score=27.0, changed=526, unchanged=460, early_stops=8/8
26 - INFO - chord#: 110 In build_straw_man_chord_sa. tolerance = 1, sa_iterations = 1000, initial_temperature = 3.0, cooling_rate = 0.999
26 - INFO - chord#: 108 done. best_score=27.0, changed=517, unchanged=391, early_stops=8/8
26 - INFO - chord#: 110 In build_straw_man_chord_sa. tolerance = 1, sa_iterations = 1000, initial_temperature = 3.0, cooling_rate = 0.999
26 - INFO - chord#: 106 done. best_score=27.0, changed=517, unchanged=312, early_stops=8/8
26 - INFO - chord#: 108 In build_straw_man_chord_sa. tolerance = 1, sa_iterations = 1000, initial_temperature = 3.0, cooling_rate = 0.999
26 - INFO - chord#: 110 done. best_score=137.0, changed=612, unchanged=324, early_stops=8/8
26 - INFO - chord#: 112 In build_straw_man_chord_sa. tolerance = 1, sa_iterations = 1000, initial_temperature = 3.0, cooling_rate = 0.999
26 - INFO - chord#: 92 done. best_score=27.0, changed=522, unchanged=355, early_stops=8/8
26 - INFO - chord#: 96 In build_straw_man_chord_sa. tolerance = 1, sa_iterations = 1000, initial_temperature = 3.0, cooling_rate = 0.999
26 - INFO - chord#: 108 done. best_score=27.0, changed=520, unchanged=457, early_stops=8/8
26 - INFO - chord#: 110 In build_straw_man_chord_sa. tolerance = 1, sa_iterations = 1000, initial_temperature = 3.0, cooling_rate = 0.999
26 - INFO - chord#: 104 done. best_score=27.0, changed=523, unchanged=469, early_stops=8/8
26 - INFO - chord#: 106 In build_straw_man_chord_sa. tolerance = 1, sa_iterations = 1000, initial_temperature = 3.0, cooling_rate = 0.999
26 - INFO - chord#: 92 done. best_score=27.0, changed=520, unchanged=462, early_stops=8/8
26 - INFO - chord#: 96 In build_straw_man_chord_sa. tolerance = 1, sa_iterations = 1000, initial_temperature = 3.0, cooling_rate = 0.999
26 - INFO - chord#: 96 done. best_score=27.0, changed=529, unchanged=398, early_stops=8/8
26 - INFO - chord#: 98 In build_straw_man_chord_sa. tolerance = 1, sa_iterations = 1000, initial_temperature = 3.0, cooling_rate = 0.999
26 - INFO - chord#: 108 done. best_score=27.0, changed=520, unchanged=406, early_stops=8/8
26 - INFO - chord#: 110 In build_straw_man_chord_sa. tolerance = 1, sa_iterations = 1000, initial_temperature = 3.0, cooling_rate = 0.999
26 - INFO - chord#: 112 done. best_score=27.0, changed=519, unchanged=345, early_stops=8/8
26 - INFO - chord#: 116 In build_straw_man_chord_sa. tolerance = 1, sa_iterations = 1000, initial_temperature = 3.0, cooling_rate = 0.999
26 - INFO - chord#: 92 done. best_score=27.0, changed=532, unchanged=602, early_stops=8/8
26 - INFO - chord#: 96 In build_straw_man_chord_sa. tolerance = 1, sa_iterations = 1000, initial_temperature = 3.0, cooling_rate = 0.999
26 - INFO - chord#: 96 done. best_score=27.0, changed=526, unchanged=398, early_stops=8/8
26 - INFO - chord#: 98 In build_straw_man_chord_sa. tolerance = 1, sa_iterations = 1000, initial_temperature = 3.0, cooling_rate = 0.999
26 - INFO - chord#: 106 done. best_score=27.0, changed=525, unchanged=366, early_stops=8/8
26 - INFO - chord#: 108 In build_straw_man_chord_sa. tolerance = 1, sa_iterations = 1000, initial_temperature = 3.0, cooling_rate = 0.999
26 - INFO - chord#: 88 done. best_score=142.0, changed=618, unchanged=331, early_stops=8/8
26 - INFO - chord#: 92 In build_straw_man_chord_sa. tolerance = 1, sa_iterations = 1000, initial_temperature = 3.0, cooling_rate = 0.999
26 - INFO - chord#: 110 done. best_score=67.0, changed=608, unchanged=278, early_stops=8/8
26 - INFO - chord#: 112 In build_straw_man_chord_sa. tolerance = 1, sa_iterations = 1000, initial_temperature = 3.0, cooling_rate = 0.999
26 - INFO - chord#: 96 done. best_score=27.0, changed=523, unchanged=397, early_stops=8/8
26 - INFO - chord#: 98 In build_straw_man_chord_sa. tolerance = 1, sa_iterations = 1000, initial_temperature = 3.0, cooling_rate = 0.999
26 - INFO - chord#: 88 done. best_score=142.0, changed=615, unchanged=315, early_stops=8/8
26 - INFO - chord#: 92 In build_straw_man_chord_sa. tolerance = 1, sa_iterations = 1000, initial_temperature = 3.0, cooling_rate = 0.999
26 - INFO - chord#: 110 done. best_score=137.0, changed=610, unchanged=308, early_stops=8/8
26 - INFO - chord#: 112 In build_straw_man_chord_sa. tolerance = 1, sa_iterations = 1000, initial_temperature = 3.0, cooling_rate = 0.999
26 - INFO - chord#: 96 done. best_score=27.0, changed=524, unchanged=378, early_stops=8/8
26 - INFO - chord#: 98 In build_straw_man_chord_sa. tolerance = 1, sa_iterations = 1000, initial_temperature = 3.0, cooling_rate = 0.999
26 - INFO - chord#: 108 done. best_score=27.0, changed=526, unchanged=478, early_stops=8/8
26 - INFO - chord#: 110 In build_straw_man_chord_sa. tolerance = 1, sa_iterations = 1000, initial_temperature = 3.0, cooling_rate = 0.999
26 - INFO - chord#: 112 done. best_score=27.0, changed=516, unchanged=356, early_stops=8/8
26 - INFO - chord#: 116 In build_straw_man_chord_sa. tolerance = 1, sa_iterations = 1000, initial_temperature = 3.0, cooling_rate = 0.999
26 - INFO - chord#: 110 done. best_score=142.0, changed=618, unchanged=411, early_stops=8/8
26 - INFO - chord#: 112 In build_straw_man_chord_sa. tolerance = 1, sa_iterations = 1000, initial_temperature = 3.0, cooling_rate = 0.999
26 - INFO - chord#: 92 done. best_score=27.0, changed=529, unchanged=510, early_stops=8/8
26 - INFO - chord#: 96 In build_straw_man_chord_sa. tolerance = 1, sa_iterations = 1000, initial_temperature = 3.0, cooling_rate = 0.999
26 - INFO - chord#: 110 done. best_score=67.0, changed=615, unchanged=340, early_stops=8/8
26 - INFO - chord#: 112 In build_straw_man_chord_sa. tolerance = 1, sa_iterations = 1000, initial_temperature = 3.0, cooling_rate = 0.999
26 - INFO - chord#: 98 done. best_score=157.0, changed=610, unchanged=270, early_stops=8/8
26 - INFO - chord#: 100 In build_straw_man_chord_sa. tolerance = 1, sa_iterations = 1000, initial_temperature = 3.0, cooling_rate = 0.999
26 - INFO - chord#: 98 done. best_score=64.0, changed=620, unchanged=423, early_stops=8/8
26 - INFO - chord#: 100 In build_straw_man_chord_sa. tolerance = 1, sa_iterations = 1000, initial_temperature = 3.0, cooling_rate = 0.999
26 - INFO - chord#: 92 done. best_score=27.0, changed=523, unchanged=438, early_stops=8/8
26 - INFO - chord#: 96 In build_straw_man_chord_sa. tolerance = 1, sa_iterations = 1000, initial_temperature = 3.0, cooling_rate = 0.999
26 - INFO - chord#: 112 done. best_score=27.0, changed=516, unchanged=398, early_stops=8/8
26 - INFO - chord#: 116 In build_straw_man_chord_sa. tolerance = 1, sa_iterations = 1000, initial_temperature = 3.0, cooling_rate = 0.999
26 - INFO - chord#: 116 done. best_score=78.0, changed=615, unchanged=451, early_stops=8/8
26 - INFO - chord#: 120 In build_straw_man_chord_sa. tolerance = 1, sa_iterations = 1000, initial_temperature = 3.0, cooling_rate = 0.999
26 - INFO - chord#: 112 done. best_score=27.0, changed=523, unchanged=576, early_stops=8/8
26 - INFO - chord#: 116 In build_straw_man_chord_sa. tolerance = 1, sa_iterations = 1000, initial_temperature = 3.0, cooling_rate = 0.999
26 - INFO - chord#: 112 done. best_score=27.0, changed=520, unchanged=539, early_stops=8/8
26 - INFO - chord#: 116 In build_straw_man_chord_sa. tolerance = 1, sa_iterations = 1000, initial_temperature = 3.0, cooling_rate = 0.999
26 - INFO - chord#: 96 done. best_score=27.0, changed=521, unchanged=359, early_stops=8/8
26 - INFO - chord#: 98 In build_straw_man_chord_sa. tolerance = 1, sa_iterations = 1000, initial_temperature = 3.0, cooling_rate = 0.999
26 - INFO - chord#: 110 done. best_score=140.0, changed=612, unchanged=276, early_stops=8/8
26 - INFO - chord#: 112 In build_straw_man_chord_sa. tolerance = 1, sa_iterations = 1000, initial_temperature = 3.0, cooling_rate = 0.999
26 - INFO - chord#: 100 done. best_score=27.0, changed=535, unchanged=364, early_stops=8/8
26 - INFO - chord#: 102 In build_straw_man_chord_sa. tolerance = 1, sa_iterations = 1000, initial_temperature = 3.0, cooling_rate = 0.999
26 - INFO - chord#: 100 done. best_score=57.0, changed=524, unchanged=347, early_stops=8/8
26 - INFO - chord#: 102 In build_straw_man_chord_sa. tolerance = 1, sa_iterations = 1000, initial_temperature = 3.0, cooling_rate = 0.999
26 - INFO - chord#: 98 done. best_score=140.0, changed=614, unchanged=407, early_stops=8/8
26 - INFO - chord#: 100 In build_straw_man_chord_sa. tolerance = 1, sa_iterations = 1000, initial_temperature = 3.0, cooling_rate = 0.999
26 - INFO - chord#: 120 done. best_score=27.0, changed=528, unchanged=577, early_stops=8/8
26 - INFO - chord#: 122 In build_straw_man_chord_sa. tolerance = 1, sa_iterations = 1000, initial_temperature = 3.0, cooling_rate = 0.999
26 - INFO - chord#: 96 done. best_score=27.0, changed=530, unchanged=494, early_stops=8/8
26 - INFO - chord#: 98 In build_straw_man_chord_sa. tolerance = 1, sa_iterations = 1000, initial_temperature = 3.0, cooling_rate = 0.999
26 - INFO - chord#: 98 done. best_score=64.0, changed=611, unchanged=332, early_stops=8/8
26 - INFO - chord#: 100 In build_straw_man_chord_sa. tolerance = 1, sa_iterations = 1000, initial_temperature = 3.0, cooling_rate = 0.999
26 - INFO - chord#: 116 done. best_score=137.0, changed=617, unchanged=448, early_stops=8/8
26 - INFO - chord#: 120 In build_straw_man_chord_sa. tolerance = 1, sa_iterations = 1000, initial_temperature = 3.0, cooling_rate = 0.999
26 - INFO - chord#: 112 done. best_score=27.0, changed=524, unchanged=435, early_stops=8/8
26 - INFO - chord#: 116 In build_straw_man_chord_sa. tolerance = 1, sa_iterations = 1000, initial_temperature = 3.0, cooling_rate = 0.999
26 - INFO - chord#: 116 done. best_score=78.0, changed=612, unchanged=262, early_stops=8/8
26 - INFO - chord#: 120 In build_straw_man_chord_sa. tolerance = 1, sa_iterations = 1000, initial_temperature = 3.0, cooling_rate = 0.999
26 - INFO - chord#: 100 done. best_score=27.0, changed=528, unchanged=347, early_stops=8/8
26 - INFO - chord#: 102 In build_straw_man_chord_sa. tolerance = 1, sa_iterations = 1000, initial_temperature = 3.0, cooling_rate = 0.999
26 - INFO - chord#: 100 done. best_score=27.0, changed=526, unchanged=432, early_stops=8/8
26 - INFO - chord#: 102 In build_straw_man_chord_sa. tolerance = 1, sa_iterations = 1000, initial_temperature = 3.0, cooling_rate = 0.999
26 - INFO - chord#: 116 done. best_score=78.0, changed=612, unchanged=312, early_stops=8/8
26 - INFO - chord#: 120 In build_straw_man_chord_sa. tolerance = 1, sa_iterations = 1000, initial_temperature = 3.0, cooling_rate = 0.999
26 - INFO - chord#: 120 done. best_score=27.0, changed=528, unchanged=476, early_stops=8/8
26 - INFO - chord#: 122 In build_straw_man_chord_sa. tolerance = 1, sa_iterations = 1000, initial_temperature = 3.0, cooling_rate = 0.999
26 - INFO - chord#: 120 done. best_score=27.0, changed=521, unchanged=385, early_stops=8/8
26 - INFO - chord#: 122 In build_straw_man_chord_sa. tolerance = 1, sa_iterations = 1000, initial_temperature = 3.0, cooling_rate = 0.999
26 - INFO - chord#: 102 done. best_score=93.0, changed=610, unchanged=397, early_stops=8/8
26 - INFO - chord#: 104 In build_straw_man_chord_sa. tolerance = 1, sa_iterations = 1000, initial_temperature = 3.0, cooling_rate = 0.999
26 - INFO - chord#: 98 done. best_score=64.0, changed=615, unchanged=283, early_stops=8/8
26 - INFO - chord#: 100 In build_straw_man_chord_sa. tolerance = 1, sa_iterations = 1000, initial_temperature = 3.0, cooling_rate = 0.999
26 - INFO - chord#: 116 done. best_score=140.0, changed=611, unchanged=343, early_stops=8/8
26 - INFO - chord#: 120 In build_straw_man_chord_sa. tolerance = 1, sa_iterations = 1000, initial_temperature = 3.0, cooling_rate = 0.999
26 - INFO - chord#: 102 done. best_score=96.0, changed=614, unchanged=299, early_stops=8/8
26 - INFO - chord#: 104 In build_straw_man_chord_sa. tolerance = 1, sa_iterations = 1000, initial_temperature = 3.0, cooling_rate = 0.999
26 - INFO - chord#: 98 done. best_score=157.0, changed=605, unchanged=215, early_stops=8/8
26 - INFO - chord#: 100 In build_straw_man_chord_sa. tolerance = 1, sa_iterations = 1000, initial_temperature = 3.0, cooling_rate = 0.999
26 - INFO - chord#: 120 done. best_score=27.0, changed=525, unchanged=397, early_stops=8/8
26 - INFO - chord#: 122 In build_straw_man_chord_sa. tolerance = 1, sa_iterations = 1000, initial_temperature = 3.0, cooling_rate = 0.999
26 - INFO - chord#: 122 done. best_score=137.0, changed=615, unchanged=433, early_stops=8/8
26 - INFO - chord#: 124 In build_straw_man_chord_sa. tolerance = 1, sa_iterations = 1000, initial_temperature = 3.0, cooling_rate = 0.999
26 - INFO - chord#: 104 done. best_score=27.0, changed=522, unchanged=438, early_stops=8/8
26 - INFO - chord#: 106 In build_straw_man_chord_sa. tolerance = 1, sa_iterations = 1000, initial_temperature = 3.0, cooling_rate = 0.999
26 - INFO - chord#: 116 done. best_score=140.0, changed=614, unchanged=314, early_stops=8/8
26 - INFO - chord#: 120 In build_straw_man_chord_sa. tolerance = 1, sa_iterations = 1000, initial_temperature = 3.0, cooling_rate = 0.999
26 - INFO - chord#: 100 done. best_score=27.0, changed=520, unchanged=345, early_stops=8/8
26 - INFO - chord#: 102 In build_straw_man_chord_sa. tolerance = 1, sa_iterations = 1000, initial_temperature = 3.0, cooling_rate = 0.999
26 - INFO - chord#: 120 done. best_score=27.0, changed=517, unchanged=414, early_stops=8/8
26 - INFO - chord#: 122 In build_straw_man_chord_sa. tolerance = 1, sa_iterations = 1000, initial_temperature = 3.0, cooling_rate = 0.999
26 - INFO - chord#: 124 done. best_score=27.0, changed=514, unchanged=341, early_stops=8/8
26 - INFO - chord#: 128 In build_straw_man_chord_sa. tolerance = 1, sa_iterations = 1000, initial_temperature = 3.0, cooling_rate = 0.999
26 - INFO - chord#: 100 done. best_score=27.0, changed=524, unchanged=397, early_stops=8/8
26 - INFO - chord#: 102 In build_straw_man_chord_sa. tolerance = 1, sa_iterations = 1000, initial_temperature = 3.0, cooling_rate = 0.999
26 - INFO - chord#: 102 done. best_score=94.0, changed=609, unchanged=236, early_stops=8/8
26 - INFO - chord#: 104 In build_straw_man_chord_sa. tolerance = 1, sa_iterations = 1000, initial_temperature = 3.0, cooling_rate = 0.999
26 - INFO - chord#: 102 done. best_score=93.0, changed=612, unchanged=226, early_stops=8/8
26 - INFO - chord#: 104 In build_straw_man_chord_sa. tolerance = 1, sa_iterations = 1000, initial_temperature = 3.0, cooling_rate = 0.999
26 - INFO - chord#: 104 done. best_score=27.0, changed=530, unchanged=472, early_stops=8/8
26 - INFO - chord#: 106 In build_straw_man_chord_sa. tolerance = 1, sa_iterations = 1000, initial_temperature = 3.0, cooling_rate = 0.999
26 - INFO - chord#: 106 done. best_score=27.0, changed=521, unchanged=377, early_stops=8/8
26 - INFO - chord#: 108 In build_straw_man_chord_sa. tolerance = 1, sa_iterations = 1000, initial_temperature = 3.0, cooling_rate = 0.999
26 - INFO - chord#: 122 done. best_score=96.0, changed=611, unchanged=351, early_stops=8/8
26 - INFO - chord#: 124 In build_straw_man_chord_sa. tolerance = 1, sa_iterations = 1000, initial_temperature = 3.0, cooling_rate = 0.999
26 - INFO - chord#: 120 done. best_score=27.0, changed=522, unchanged=482, early_stops=8/8
26 - INFO - chord#: 122 In build_straw_man_chord_sa. tolerance = 1, sa_iterations = 1000, initial_temperature = 3.0, cooling_rate = 0.999
26 - INFO - chord#: 122 done. best_score=137.0, changed=614, unchanged=356, early_stops=8/8
26 - INFO - chord#: 124 In build_straw_man_chord_sa. tolerance = 1, sa_iterations = 1000, initial_temperature = 3.0, cooling_rate = 0.999
26 - INFO - chord#: 128 done. best_score=36.0, changed=526, unchanged=413, early_stops=8/8
26 - INFO - chord#: 132 In build_straw_man_chord_sa. tolerance = 1, sa_iterations = 1000, initial_temperature = 3.0, cooling_rate = 0.999
26 - INFO - chord#: 122 done. best_score=137.0, changed=614, unchanged=269, early_stops=8/8
26 - INFO - chord#: 124 In build_straw_man_chord_sa. tolerance = 1, sa_iterations = 1000, initial_temperature = 3.0, cooling_rate = 0.999
26 - INFO - chord#: 104 done. best_score=27.0, changed=516, unchanged=365, early_stops=8/8
26 - INFO - chord#: 106 In build_straw_man_chord_sa. tolerance = 1, sa_iterations = 1000, initial_temperature = 3.0, cooling_rate = 0.999
26 - INFO - chord#: 124 done. best_score=27.0, changed=514, unchanged=367, early_stops=8/8
26 - INFO - chord#: 128 In build_straw_man_chord_sa. tolerance = 1, sa_iterations = 1000, initial_temperature = 3.0, cooling_rate = 0.999
26 - INFO - chord#: 108 done. best_score=27.0, changed=520, unchanged=366, early_stops=8/8
26 - INFO - chord#: 110 In build_straw_man_chord_sa. tolerance = 1, sa_iterations = 1000, initial_temperature = 3.0, cooling_rate = 0.999
26 - INFO - chord#: 106 done. best_score=27.0, changed=535, unchanged=402, early_stops=8/8
26 - INFO - chord#: 108 In build_straw_man_chord_sa. tolerance = 1, sa_iterations = 1000, initial_temperature = 3.0, cooling_rate = 0.999
26 - INFO - chord#: 104 done. best_score=27.0, changed=518, unchanged=388, early_stops=8/8
26 - INFO - chord#: 106 In build_straw_man_chord_sa. tolerance = 1, sa_iterations = 1000, initial_temperature = 3.0, cooling_rate = 0.999
26 - INFO - chord#: 124 done. best_score=27.0, changed=526, unchanged=456, early_stops=8/8
26 - INFO - chord#: 128 In build_straw_man_chord_sa. tolerance = 1, sa_iterations = 1000, initial_temperature = 3.0, cooling_rate = 0.999
26 - INFO - chord#: 124 done. best_score=27.0, changed=522, unchanged=361, early_stops=8/8
26 - INFO - chord#: 128 In build_straw_man_chord_sa. tolerance = 1, sa_iterations = 1000, initial_temperature = 3.0, cooling_rate = 0.999
26 - INFO - chord#: 132 done. best_score=27.0, changed=524, unchanged=444, early_stops=8/8
26 - INFO - chord#: 134 In build_straw_man_chord_sa. tolerance = 1, sa_iterations = 1000, initial_temperature = 3.0, cooling_rate = 0.999
26 - INFO - chord#: 128 done. best_score=36.0, changed=527, unchanged=389, early_stops=8/8
26 - INFO - chord#: 132 In build_straw_man_chord_sa. tolerance = 1, sa_iterations = 1000, initial_temperature = 3.0, cooling_rate = 0.999
26 - INFO - chord#: 106 done. best_score=27.0, changed=528, unchanged=392, early_stops=8/8
26 - INFO - chord#: 108 In build_straw_man_chord_sa. tolerance = 1, sa_iterations = 1000, initial_temperature = 3.0, cooling_rate = 0.999
26 - INFO - chord#: 106 done. best_score=27.0, changed=521, unchanged=326, early_stops=8/8
26 - INFO - chord#: 108 In build_straw_man_chord_sa. tolerance = 1, sa_iterations = 1000, initial_temperature = 3.0, cooling_rate = 0.999
26 - INFO - chord#: 122 done. best_score=67.0, changed=609, unchanged=281, early_stops=8/8
26 - INFO - chord#: 124 In build_straw_man_chord_sa. tolerance = 1, sa_iterations = 1000, initial_temperature = 3.0, cooling_rate = 0.999
26 - INFO - chord#: 102 done. best_score=93.0, changed=613, unchanged=381, early_stops=8/8
26 - INFO - chord#: 104 In build_straw_man_chord_sa. tolerance = 1, sa_iterations = 1000, initial_temperature = 3.0, cooling_rate = 0.999
26 - INFO - chord#: 108 done. best_score=27.0, changed=517, unchanged=401, early_stops=8/8
26 - INFO - chord#: 110 In build_straw_man_chord_sa. tolerance = 1, sa_iterations = 1000, initial_temperature = 3.0, cooling_rate = 0.999
26 - INFO - chord#: 128 done. best_score=36.0, changed=516, unchanged=330, early_stops=8/8
26 - INFO - chord#: 132 In build_straw_man_chord_sa. tolerance = 1, sa_iterations = 1000, initial_temperature = 3.0, cooling_rate = 0.999
26 - INFO - chord#: 122 done. best_score=78.0, changed=612, unchanged=281, early_stops=8/8
26 - INFO - chord#: 124 In build_straw_man_chord_sa. tolerance = 1, sa_iterations = 1000, initial_temperature = 3.0, cooling_rate = 0.999
26 - INFO - chord#: 102 done. best_score=93.0, changed=618, unchanged=333, early_stops=8/8
26 - INFO - chord#: 104 In build_straw_man_chord_sa. tolerance = 1, sa_iterations = 1000, initial_temperature = 3.0, cooling_rate = 0.999
26 - INFO - chord#: 128 done. best_score=36.0, changed=518, unchanged=393, early_stops=8/8
26 - INFO - chord#: 132 In build_straw_man_chord_sa. tolerance = 1, sa_iterations = 1000, initial_temperature = 3.0, cooling_rate = 0.999
26 - INFO - chord#: 132 done. best_score=27.0, changed=518, unchanged=395, early_stops=8/8
26 - INFO - chord#: 134 In build_straw_man_chord_sa. tolerance = 1, sa_iterations = 1000, initial_temperature = 3.0, cooling_rate = 0.999
26 - INFO - chord#: 110 done. best_score=137.0, changed=611, unchanged=262, early_stops=8/8
26 - INFO - chord#: 112 In build_straw_man_chord_sa. tolerance = 1, sa_iterations = 1000, initial_temperature = 3.0, cooling_rate = 0.999
26 - INFO - chord#: 108 done. best_score=27.0, changed=515, unchanged=372, early_stops=8/8
26 - INFO - chord#: 110 In build_straw_man_chord_sa. tolerance = 1, sa_iterations = 1000, initial_temperature = 3.0, cooling_rate = 0.999
26 - INFO - chord#: 124 done. best_score=27.0, changed=525, unchanged=346, early_stops=8/8
26 - INFO - chord#: 128 In build_straw_man_chord_sa. tolerance = 1, sa_iterations = 1000, initial_temperature = 3.0, cooling_rate = 0.999
26 - INFO - chord#: 124 done. best_score=27.0, changed=520, unchanged=369, early_stops=8/8
26 - INFO - chord#: 128 In build_straw_man_chord_sa. tolerance = 1, sa_iterations = 1000, initial_temperature = 3.0, cooling_rate = 0.999
26 - INFO - chord#: 108 done. best_score=27.0, changed=515, unchanged=384, early_stops=8/8
26 - INFO - chord#: 110 In build_straw_man_chord_sa. tolerance = 1, sa_iterations = 1000, initial_temperature = 3.0, cooling_rate = 0.999
26 - INFO - chord#: 132 done. best_score=27.0, changed=528, unchanged=511, early_stops=8/8
26 - INFO - chord#: 134 In build_straw_man_chord_sa. tolerance = 1, sa_iterations = 1000, initial_temperature = 3.0, cooling_rate = 0.999
26 - INFO - chord#: 104 done. best_score=27.0, changed=525, unchanged=531, early_stops=8/8
26 - INFO - chord#: 106 In build_straw_man_chord_sa. tolerance = 1, sa_iterations = 1000, initial_temperature = 3.0, cooling_rate = 0.999
26 - INFO - chord#: 132 done. best_score=27.0, changed=518, unchanged=388, early_stops=8/8
26 - INFO - chord#: 134 In build_straw_man_chord_sa. tolerance = 1, sa_iterations = 1000, initial_temperature = 3.0, cooling_rate = 0.999
26 - INFO - chord#: 104 done. best_score=27.0, changed=521, unchanged=359, early_stops=8/8
26 - INFO - chord#: 106 In build_straw_man_chord_sa. tolerance = 1, sa_iterations = 1000, initial_temperature = 3.0, cooling_rate = 0.999
26 - INFO - chord#: 112 done. best_score=27.0, changed=519, unchanged=417, early_stops=8/8
26 - INFO - chord#: 116 In build_straw_man_chord_sa. tolerance = 1, sa_iterations = 1000, initial_temperature = 3.0, cooling_rate = 0.999
26 - INFO - chord#: 128 done. best_score=36.0, changed=535, unchanged=422, early_stops=8/8
26 - INFO - chord#: 132 In build_straw_man_chord_sa. tolerance = 1, sa_iterations = 1000, initial_temperature = 3.0, cooling_rate = 0.999
26 - INFO - chord#: 134 done. best_score=82.0, changed=617, unchanged=405, early_stops=8/8
26 - INFO - chord#: 136 In build_straw_man_chord_sa. tolerance = 1, sa_iterations = 1000, initial_temperature = 3.0, cooling_rate = 0.999
26 - INFO - chord#: 128 done. best_score=36.0, changed=527, unchanged=376, early_stops=8/8
26 - INFO - chord#: 132 In build_straw_man_chord_sa. tolerance = 1, sa_iterations = 1000, initial_temperature = 3.0, cooling_rate = 0.999
26 - INFO - chord#: 106 done. best_score=27.0, changed=525, unchanged=353, early_stops=8/8
26 - INFO - chord#: 108 In build_straw_man_chord_sa. tolerance = 1, sa_iterations = 1000, initial_temperature = 3.0, cooling_rate = 0.999
26 - INFO - chord#: 106 done. best_score=27.0, changed=520, unchanged=327, early_stops=8/8
26 - INFO - chord#: 108 In build_straw_man_chord_sa. tolerance = 1, sa_iterations = 1000, initial_temperature = 3.0, cooling_rate = 0.999
26 - INFO - chord#: 134 done. best_score=97.0, changed=611, unchanged=286, early_stops=8/8
26 - INFO - chord#: 136 In build_straw_man_chord_sa. tolerance = 1, sa_iterations = 1000, initial_temperature = 3.0, cooling_rate = 0.999
26 - INFO - chord#: 132 done. best_score=27.0, changed=517, unchanged=428, early_stops=8/8
26 - INFO - chord#: 134 In build_straw_man_chord_sa. tolerance = 1, sa_iterations = 1000, initial_temperature = 3.0, cooling_rate = 0.999
26 - INFO - chord#: 136 done. best_score=27.0, changed=519, unchanged=439, early_stops=8/8
26 - INFO - chord#: 138 In build_straw_man_chord_sa. tolerance = 1, sa_iterations = 1000, initial_temperature = 3.0, cooling_rate = 0.999
26 - INFO - chord#: 110 done. best_score=67.0, changed=617, unchanged=435, early_stops=8/8
26 - INFO - chord#: 112 In build_straw_man_chord_sa. tolerance = 1, sa_iterations = 1000, initial_temperature = 3.0, cooling_rate = 0.999
26 - INFO - chord#: 110 done. best_score=137.0, changed=608, unchanged=240, early_stops=8/8
26 - INFO - chord#: 112 In build_straw_man_chord_sa. tolerance = 1, sa_iterations = 1000, initial_temperature = 3.0, cooling_rate = 0.999
26 - INFO - chord#: 136 done. best_score=27.0, changed=524, unchanged=367, early_stops=8/8
26 - INFO - chord#: 138 In build_straw_man_chord_sa. tolerance = 1, sa_iterations = 1000, initial_temperature = 3.0, cooling_rate = 0.999
26 - INFO - chord#: 132 done. best_score=27.0, changed=522, unchanged=409, early_stops=8/8
26 - INFO - chord#: 134 In build_straw_man_chord_sa. tolerance = 1, sa_iterations = 1000, initial_temperature = 3.0, cooling_rate = 0.999
26 - INFO - chord#: 108 done. best_score=27.0, changed=519, unchanged=402, early_stops=8/8
26 - INFO - chord#: 110 In build_straw_man_chord_sa. tolerance = 1, sa_iterations = 1000, initial_temperature = 3.0, cooling_rate = 0.999
26 - INFO - chord#: 134 done. best_score=97.0, changed=620, unchanged=447, early_stops=8/8
26 - INFO - chord#: 136 In build_straw_man_chord_sa. tolerance = 1, sa_iterations = 1000, initial_temperature = 3.0, cooling_rate = 0.999
26 - INFO - chord#: 110 done. best_score=112.0, changed=612, unchanged=337, early_stops=8/8
26 - INFO - chord#: 112 In build_straw_man_chord_sa. tolerance = 1, sa_iterations = 1000, initial_temperature = 3.0, cooling_rate = 0.999
26 - INFO - chord#: 138 done. best_score=36.0, changed=516, unchanged=402, early_stops=8/8
26 - INFO - chord#: 140 In build_straw_man_chord_sa. tolerance = 1, sa_iterations = 1000, initial_temperature = 3.0, cooling_rate = 0.999
26 - INFO - chord#: 108 done. best_score=27.0, changed=524, unchanged=445, early_stops=8/8
26 - INFO - chord#: 110 In build_straw_man_chord_sa. tolerance = 1, sa_iterations = 1000, initial_temperature = 3.0, cooling_rate = 0.999
26 - INFO - chord#: 134 done. best_score=97.0, changed=615, unchanged=462, early_stops=8/8
26 - INFO - chord#: 136 In build_straw_man_chord_sa. tolerance = 1, sa_iterations = 1000, initial_temperature = 3.0, cooling_rate = 0.999
26 - INFO - chord#: 116 done. best_score=78.0, changed=617, unchanged=392, early_stops=8/8
26 - INFO - chord#: 120 In build_straw_man_chord_sa. tolerance = 1, sa_iterations = 1000, initial_temperature = 3.0, cooling_rate = 0.999
26 - INFO - chord#: 112 done. best_score=27.0, changed=523, unchanged=356, early_stops=8/8
26 - INFO - chord#: 116 In build_straw_man_chord_sa. tolerance = 1, sa_iterations = 1000, initial_temperature = 3.0, cooling_rate = 0.999
26 - INFO - chord#: 138 done. best_score=36.0, changed=514, unchanged=368, early_stops=8/8
26 - INFO - chord#: 140 In build_straw_man_chord_sa. tolerance = 1, sa_iterations = 1000, initial_temperature = 3.0, cooling_rate = 0.999
26 - INFO - chord#: 112 done. best_score=27.0, changed=525, unchanged=509, early_stops=8/8
26 - INFO - chord#: 116 In build_straw_man_chord_sa. tolerance = 1, sa_iterations = 1000, initial_temperature = 3.0, cooling_rate = 0.999
26 - INFO - chord#: 136 done. best_score=27.0, changed=524, unchanged=404, early_stops=8/8
26 - INFO - chord#: 138 In build_straw_man_chord_sa. tolerance = 1, sa_iterations = 1000, initial_temperature = 3.0, cooling_rate = 0.999
26 - INFO - chord#: 136 done. best_score=27.0, changed=512, unchanged=352, early_stops=8/8
26 - INFO - chord#: 138 In build_straw_man_chord_sa. tolerance = 1, sa_iterations = 1000, initial_temperature = 3.0, cooling_rate = 0.999
26 - INFO - chord#: 140 done. best_score=27.0, changed=520, unchanged=401, early_stops=8/8
26 - INFO - chord#: 142 In build_straw_man_chord_sa. tolerance = 1, sa_iterations = 1000, initial_temperature = 3.0, cooling_rate = 0.999
26 - INFO - chord#: 134 done. best_score=82.0, changed=607, unchanged=329, early_stops=8/8
26 - INFO - chord#: 136 In build_straw_man_chord_sa. tolerance = 1, sa_iterations = 1000, initial_temperature = 3.0, cooling_rate = 0.999
26 - INFO - chord#: 120 done. best_score=27.0, changed=520, unchanged=376, early_stops=8/8
26 - INFO - chord#: 122 In build_straw_man_chord_sa. tolerance = 1, sa_iterations = 1000, initial_temperature = 3.0, cooling_rate = 0.999
26 - INFO - chord#: 112 done. best_score=27.0, changed=531, unchanged=467, early_stops=8/8
26 - INFO - chord#: 116 In build_straw_man_chord_sa. tolerance = 1, sa_iterations = 1000, initial_temperature = 3.0, cooling_rate = 0.999
26 - INFO - chord#: 140 done. best_score=27.0, changed=523, unchanged=428, early_stops=8/8
26 - INFO - chord#: 142 In build_straw_man_chord_sa. tolerance = 1, sa_iterations = 1000, initial_temperature = 3.0, cooling_rate = 0.999
26 - INFO - chord#: 138 done. best_score=36.0, changed=520, unchanged=344, early_stops=8/8
26 - INFO - chord#: 140 In build_straw_man_chord_sa. tolerance = 1, sa_iterations = 1000, initial_temperature = 3.0, cooling_rate = 0.999
26 - INFO - chord#: 138 done. best_score=36.0, changed=521, unchanged=346, early_stops=8/8
26 - INFO - chord#: 140 In build_straw_man_chord_sa. tolerance = 1, sa_iterations = 1000, initial_temperature = 3.0, cooling_rate = 0.999
26 - INFO - chord#: 136 done. best_score=27.0, changed=519, unchanged=410, early_stops=8/8
26 - INFO - chord#: 138 In build_straw_man_chord_sa. tolerance = 1, sa_iterations = 1000, initial_temperature = 3.0, cooling_rate = 0.999
26 - INFO - chord#: 110 done. best_score=137.0, changed=610, unchanged=410, early_stops=8/8
26 - INFO - chord#: 112 In build_straw_man_chord_sa. tolerance = 1, sa_iterations = 1000, initial_temperature = 3.0, cooling_rate = 0.999
26 - INFO - chord#: 134 done. best_score=82.0, changed=613, unchanged=353, early_stops=8/8
26 - INFO - chord#: 136 In build_straw_man_chord_sa. tolerance = 1, sa_iterations = 1000, initial_temperature = 3.0, cooling_rate = 0.999
26 - INFO - chord#: 110 done. best_score=67.0, changed=611, unchanged=295, early_stops=8/8
26 - INFO - chord#: 112 In build_straw_man_chord_sa. tolerance = 1, sa_iterations = 1000, initial_temperature = 3.0, cooling_rate = 0.999
26 - INFO - chord#: 138 done. best_score=36.0, changed=519, unchanged=322, early_stops=8/8
26 - INFO - chord#: 140 In build_straw_man_chord_sa. tolerance = 1, sa_iterations = 1000, initial_temperature = 3.0, cooling_rate = 0.999
26 - INFO - chord#: 142 done. best_score=64.0, changed=611, unchanged=270, early_stops=8/8
26 - INFO - chord#: 144 In build_straw_man_chord_sa. tolerance = 1, sa_iterations = 1000, initial_temperature = 3.0, cooling_rate = 0.999
26 - INFO - chord#: 140 done. best_score=27.0, changed=534, unchanged=522, early_stops=8/8
26 - INFO - chord#: 142 In build_straw_man_chord_sa. tolerance = 1, sa_iterations = 1000, initial_temperature = 3.0, cooling_rate = 0.999
26 - INFO - chord#: 140 done. best_score=27.0, changed=519, unchanged=391, early_stops=8/8
26 - INFO - chord#: 142 In build_straw_man_chord_sa. tolerance = 1, sa_iterations = 1000, initial_temperature = 3.0, cooling_rate = 0.999
26 - INFO - chord#: 116 done. best_score=166.0, changed=609, unchanged=230, early_stops=8/8
26 - INFO - chord#: 120 In build_straw_man_chord_sa. tolerance = 1, sa_iterations = 1000, initial_temperature = 3.0, cooling_rate = 0.999
26 - INFO - chord#: 116 done. best_score=78.0, changed=611, unchanged=311, early_stops=8/8
26 - INFO - chord#: 120 In build_straw_man_chord_sa. tolerance = 1, sa_iterations = 1000, initial_temperature = 3.0, cooling_rate = 0.999
26 - INFO - chord#: 142 done. best_score=104.0, changed=617, unchanged=284, early_stops=8/8
26 - INFO - chord#: 144 In build_straw_man_chord_sa. tolerance = 1, sa_iterations = 1000, initial_temperature = 3.0, cooling_rate = 0.999
26 - INFO - chord#: 136 done. best_score=27.0, changed=531, unchanged=501, early_stops=8/8
26 - INFO - chord#: 138 In build_straw_man_chord_sa. tolerance = 1, sa_iterations = 1000, initial_temperature = 3.0, cooling_rate = 0.999
26 - INFO - chord#: 122 done. best_score=137.0, changed=615, unchanged=355, early_stops=8/8
26 - INFO - chord#: 124 In build_straw_man_chord_sa. tolerance = 1, sa_iterations = 1000, initial_temperature = 3.0, cooling_rate = 0.999
26 - INFO - chord#: 112 done. best_score=27.0, changed=526, unchanged=381, early_stops=8/8
26 - INFO - chord#: 116 In build_straw_man_chord_sa. tolerance = 1, sa_iterations = 1000, initial_temperature = 3.0, cooling_rate = 0.999
26 - INFO - chord#: 144 done. best_score=27.0, changed=521, unchanged=332, early_stops=8/8
26 - INFO - chord#: 146 In build_straw_man_chord_sa. tolerance = 1, sa_iterations = 1000, initial_temperature = 3.0, cooling_rate = 0.999
26 - INFO - chord#: 112 done. best_score=27.0, changed=516, unchanged=332, early_stops=8/8
26 - INFO - chord#: 116 In build_straw_man_chord_sa. tolerance = 1, sa_iterations = 1000, initial_temperature = 3.0, cooling_rate = 0.999
26 - INFO - chord#: 116 done. best_score=140.0, changed=610, unchanged=261, early_stops=8/8
26 - INFO - chord#: 120 In build_straw_man_chord_sa. tolerance = 1, sa_iterations = 1000, initial_temperature = 3.0, cooling_rate = 0.999
26 - INFO - chord#: 140 done. best_score=27.0, changed=520, unchanged=455, early_stops=8/8
26 - INFO - chord#: 142 In build_straw_man_chord_sa. tolerance = 1, sa_iterations = 1000, initial_temperature = 3.0, cooling_rate = 0.999
26 - INFO - chord#: 144 done. best_score=27.0, changed=518, unchanged=372, early_stops=8/8
26 - INFO - chord#: 146 In build_straw_man_chord_sa. tolerance = 1, sa_iterations = 1000, initial_temperature = 3.0, cooling_rate = 0.999
26 - INFO - chord#: 124 done. best_score=27.0, changed=519, unchanged=349, early_stops=8/8
26 - INFO - chord#: 128 In build_straw_man_chord_sa. tolerance = 1, sa_iterations = 1000, initial_temperature = 3.0, cooling_rate = 0.999
26 - INFO - chord#: 138 done. best_score=36.0, changed=519, unchanged=471, early_stops=8/8
26 - INFO - chord#: 140 In build_straw_man_chord_sa. tolerance = 1, sa_iterations = 1000, initial_temperature = 3.0, cooling_rate = 0.999
26 - INFO - chord#: 120 done. best_score=27.0, changed=517, unchanged=495, early_stops=8/8
26 - INFO - chord#: 122 In build_straw_man_chord_sa. tolerance = 1, sa_iterations = 1000, initial_temperature = 3.0, cooling_rate = 0.999
26 - INFO - chord#: 120 done. best_score=27.0, changed=525, unchanged=513, early_stops=8/8
26 - INFO - chord#: 122 In build_straw_man_chord_sa. tolerance = 1, sa_iterations = 1000, initial_temperature = 3.0, cooling_rate = 0.999
26 - INFO - chord#: 146 done. best_score=27.0, changed=521, unchanged=362, early_stops=8/8
26 - INFO - chord#: 148 In build_straw_man_chord_sa. tolerance = 1, sa_iterations = 1000, initial_temperature = 3.0, cooling_rate = 0.999
26 - INFO - chord#: 142 done. best_score=64.0, changed=611, unchanged=257, early_stops=8/8
26 - INFO - chord#: 144 In build_straw_man_chord_sa. tolerance = 1, sa_iterations = 1000, initial_temperature = 3.0, cooling_rate = 0.999
26 - INFO - chord#: 120 done. best_score=27.0, changed=524, unchanged=443, early_stops=8/8
26 - INFO - chord#: 122 In build_straw_man_chord_sa. tolerance = 1, sa_iterations = 1000, initial_temperature = 3.0, cooling_rate = 0.999
26 - INFO - chord#: 128 done. best_score=36.0, changed=529, unchanged=350, early_stops=8/8
26 - INFO - chord#: 132 In build_straw_man_chord_sa. tolerance = 1, sa_iterations = 1000, initial_temperature = 3.0, cooling_rate = 0.999
26 - INFO - chord#: 146 done. best_score=27.0, changed=533, unchanged=501, early_stops=8/8
26 - INFO - chord#: 148 In build_straw_man_chord_sa. tolerance = 1, sa_iterations = 1000, initial_temperature = 3.0, cooling_rate = 0.999
26 - INFO - chord#: 140 done. best_score=27.0, changed=517, unchanged=446, early_stops=8/8
26 - INFO - chord#: 142 In build_straw_man_chord_sa. tolerance = 1, sa_iterations = 1000, initial_temperature = 3.0, cooling_rate = 0.999
26 - INFO - chord#: 142 done. best_score=64.0, changed=614, unchanged=224, early_stops=8/8
26 - INFO - chord#: 144 In build_straw_man_chord_sa. tolerance = 1, sa_iterations = 1000, initial_temperature = 3.0, cooling_rate = 0.999
26 - INFO - chord#: 144 done. best_score=27.0, changed=529, unchanged=421, early_stops=8/8
26 - INFO - chord#: 146 In build_straw_man_chord_sa. tolerance = 1, sa_iterations = 1000, initial_temperature = 3.0, cooling_rate = 0.999
26 - INFO - chord#: 142 done. best_score=71.0, changed=618, unchanged=414, early_stops=8/8
26 - INFO - chord#: 144 In build_straw_man_chord_sa. tolerance = 1, sa_iterations = 1000, initial_temperature = 3.0, cooling_rate = 0.999
26 - INFO - chord#: 132 done. best_score=27.0, changed=521, unchanged=314, early_stops=8/8
26 - INFO - chord#: 134 In build_straw_man_chord_sa. tolerance = 1, sa_iterations = 1000, initial_temperature = 3.0, cooling_rate = 0.999
26 - INFO - chord#: 116 done. best_score=78.0, changed=610, unchanged=319, early_stops=8/8
26 - INFO - chord#: 120 In build_straw_man_chord_sa. tolerance = 1, sa_iterations = 1000, initial_temperature = 3.0, cooling_rate = 0.999
26 - INFO - chord#: 144 done. best_score=27.0, changed=525, unchanged=427, early_stops=8/8
26 - INFO - chord#: 146 In build_straw_man_chord_sa. tolerance = 1, sa_iterations = 1000, initial_temperature = 3.0, cooling_rate = 0.999
26 - INFO - chord#: 116 done. best_score=78.0, changed=615, unchanged=374, early_stops=8/8
26 - INFO - chord#: 120 In build_straw_man_chord_sa. tolerance = 1, sa_iterations = 1000, initial_temperature = 3.0, cooling_rate = 0.999
26 - INFO - chord#: 146 done. best_score=27.0, changed=522, unchanged=423, early_stops=8/8
26 - INFO - chord#: 148 In build_straw_man_chord_sa. tolerance = 1, sa_iterations = 1000, initial_temperature = 3.0, cooling_rate = 0.999
26 - INFO - chord#: 148 done. best_score=145.0, changed=610, unchanged=261, early_stops=8/8
26 - INFO - chord#: 152 In build_straw_man_chord_sa. tolerance = 1, sa_iterations = 1000, initial_temperature = 3.0, cooling_rate = 0.999
26 - INFO - chord#: 144 done. best_score=27.0, changed=513, unchanged=309, early_stops=8/8
26 - INFO - chord#: 146 In build_straw_man_chord_sa. tolerance = 1, sa_iterations = 1000, initial_temperature = 3.0, cooling_rate = 0.999
26 - INFO - chord#: 142 done. best_score=64.0, changed=605, unchanged=258, early_stops=8/8
26 - INFO - chord#: 144 In build_straw_man_chord_sa. tolerance = 1, sa_iterations = 1000, initial_temperature = 3.0, cooling_rate = 0.999
26 - INFO - chord#: 122 done. best_score=67.0, changed=616, unchanged=371, early_stops=8/8
26 - INFO - chord#: 124 In build_straw_man_chord_sa. tolerance = 1, sa_iterations = 1000, initial_temperature = 3.0, cooling_rate = 0.999
26 - INFO - chord#: 122 done. best_score=67.0, changed=614, unchanged=363, early_stops=8/8
26 - INFO - chord#: 124 In build_straw_man_chord_sa. tolerance = 1, sa_iterations = 1000, initial_temperature = 3.0, cooling_rate = 0.999
26 - INFO - chord#: 122 done. best_score=67.0, changed=607, unchanged=268, early_stops=8/8
26 - INFO - chord#: 124 In build_straw_man_chord_sa. tolerance = 1, sa_iterations = 1000, initial_temperature = 3.0, cooling_rate = 0.999
26 - INFO - chord#: 146 done. best_score=27.0, changed=524, unchanged=400, early_stops=8/8
26 - INFO - chord#: 148 In build_straw_man_chord_sa. tolerance = 1, sa_iterations = 1000, initial_temperature = 3.0, cooling_rate = 0.999
26 - INFO - chord#: 120 done. best_score=27.0, changed=519, unchanged=409, early_stops=8/8
26 - INFO - chord#: 122 In build_straw_man_chord_sa. tolerance = 1, sa_iterations = 1000, initial_temperature = 3.0, cooling_rate = 0.999
26 - INFO - chord#: 148 done. best_score=67.0, changed=615, unchanged=438, early_stops=8/8
26 - INFO - chord#: 152 In build_straw_man_chord_sa. tolerance = 1, sa_iterations = 1000, initial_temperature = 3.0, cooling_rate = 0.999
26 - INFO - chord#: 152 done. best_score=27.0, changed=521, unchanged=452, early_stops=8/8
26 - INFO - chord#: 154 In build_straw_man_chord_sa. tolerance = 1, sa_iterations = 1000, initial_temperature = 3.0, cooling_rate = 0.999
26 - INFO - chord#: 120 done. best_score=27.0, changed=516, unchanged=444, early_stops=8/8
26 - INFO - chord#: 122 In build_straw_man_chord_sa. tolerance = 1, sa_iterations = 1000, initial_temperature = 3.0, cooling_rate = 0.999
26 - INFO - chord#: 144 done. best_score=27.0, changed=522, unchanged=414, early_stops=8/8
26 - INFO - chord#: 146 In build_straw_man_chord_sa. tolerance = 1, sa_iterations = 1000, initial_temperature = 3.0, cooling_rate = 0.999
26 - INFO - chord#: 146 done. best_score=27.0, changed=525, unchanged=415, early_stops=8/8
26 - INFO - chord#: 148 In build_straw_man_chord_sa. tolerance = 1, sa_iterations = 1000, initial_temperature = 3.0, cooling_rate = 0.999
26 - INFO - chord#: 134 done. best_score=82.0, changed=618, unchanged=387, early_stops=8/8
26 - INFO - chord#: 136 In build_straw_man_chord_sa. tolerance = 1, sa_iterations = 1000, initial_temperature = 3.0, cooling_rate = 0.999
26 - INFO - chord#: 124 done. best_score=27.0, changed=525, unchanged=370, early_stops=8/8
26 - INFO - chord#: 128 In build_straw_man_chord_sa. tolerance = 1, sa_iterations = 1000, initial_temperature = 3.0, cooling_rate = 0.999
26 - INFO - chord#: 124 done. best_score=27.0, changed=520, unchanged=332, early_stops=8/8
26 - INFO - chord#: 128 In build_straw_man_chord_sa. tolerance = 1, sa_iterations = 1000, initial_temperature = 3.0, cooling_rate = 0.999
26 - INFO - chord#: 124 done. best_score=27.0, changed=525, unchanged=454, early_stops=8/8
26 - INFO - chord#: 128 In build_straw_man_chord_sa. tolerance = 1, sa_iterations = 1000, initial_temperature = 3.0, cooling_rate = 0.999
26 - INFO - chord#: 152 done. best_score=27.0, changed=518, unchanged=389, early_stops=8/8
26 - INFO - chord#: 154 In build_straw_man_chord_sa. tolerance = 1, sa_iterations = 1000, initial_temperature = 3.0, cooling_rate = 0.999
26 - INFO - chord#: 148 done. best_score=119.0, changed=612, unchanged=320, early_stops=8/8
26 - INFO - chord#: 152 In build_straw_man_chord_sa. tolerance = 1, sa_iterations = 1000, initial_temperature = 3.0, cooling_rate = 0.999
26 - INFO - chord#: 146 done. best_score=27.0, changed=512, unchanged=298, early_stops=8/8
26 - INFO - chord#: 148 In build_straw_man_chord_sa. tolerance = 1, sa_iterations = 1000, initial_temperature = 3.0, cooling_rate = 0.999
26 - INFO - chord#: 136 done. best_score=27.0, changed=523, unchanged=390, early_stops=8/8
26 - INFO - chord#: 138 In build_straw_man_chord_sa. tolerance = 1, sa_iterations = 1000, initial_temperature = 3.0, cooling_rate = 0.999
26 - INFO - chord#: 128 done. best_score=36.0, changed=519, unchanged=313, early_stops=8/8
26 - INFO - chord#: 132 In build_straw_man_chord_sa. tolerance = 1, sa_iterations = 1000, initial_temperature = 3.0, cooling_rate = 0.999
26 - INFO - chord#: 128 done. best_score=36.0, changed=525, unchanged=354, early_stops=8/8
26 - INFO - chord#: 132 In build_straw_man_chord_sa. tolerance = 1, sa_iterations = 1000, initial_temperature = 3.0, cooling_rate = 0.999
26 - INFO - chord#: 128 done. best_score=36.0, changed=528, unchanged=418, early_stops=8/8
26 - INFO - chord#: 132 In build_straw_man_chord_sa. tolerance = 1, sa_iterations = 1000, initial_temperature = 3.0, cooling_rate = 0.999
26 - INFO - chord#: 148 done. best_score=78.0, changed=614, unchanged=367, early_stops=8/8
26 - INFO - chord#: 152 In build_straw_man_chord_sa. tolerance = 1, sa_iterations = 1000, initial_temperature = 3.0, cooling_rate = 0.999
26 - INFO - chord#: 152 done. best_score=27.0, changed=521, unchanged=635, early_stops=8/8
26 - INFO - chord#: 154 In build_straw_man_chord_sa. tolerance = 1, sa_iterations = 1000, initial_temperature = 3.0, cooling_rate = 0.999
26 - INFO - chord#: 138 done. best_score=36.0, changed=517, unchanged=325, early_stops=8/8
26 - INFO - chord#: 140 In build_straw_man_chord_sa. tolerance = 1, sa_iterations = 1000, initial_temperature = 3.0, cooling_rate = 0.999
26 - INFO - chord#: 122 done. best_score=67.0, changed=610, unchanged=332, early_stops=8/8
26 - INFO - chord#: 124 In build_straw_man_chord_sa. tolerance = 1, sa_iterations = 1000, initial_temperature = 3.0, cooling_rate = 0.999
26 - INFO - chord#: 154 done. best_score=67.0, changed=616, unchanged=412, early_stops=8/8
26 - INFO - chord#: 156 In build_straw_man_chord_sa. tolerance = 1, sa_iterations = 1000, initial_temperature = 3.0, cooling_rate = 0.999
26 - INFO - chord#: 132 done. best_score=27.0, changed=527, unchanged=479, early_stops=8/8
26 - INFO - chord#: 134 In build_straw_man_chord_sa. tolerance = 1, sa_iterations = 1000, initial_temperature = 3.0, cooling_rate = 0.999
26 - INFO - chord#: 132 done. best_score=27.0, changed=515, unchanged=367, early_stops=8/8
26 - INFO - chord#: 134 In build_straw_man_chord_sa. tolerance = 1, sa_iterations = 1000, initial_temperature = 3.0, cooling_rate = 0.999
26 - INFO - chord#: 122 done. best_score=67.0, changed=613, unchanged=390, early_stops=8/8
26 - INFO - chord#: 124 In build_straw_man_chord_sa. tolerance = 1, sa_iterations = 1000, initial_temperature = 3.0, cooling_rate = 0.999
26 - INFO - chord#: 152 done. best_score=27.0, changed=525, unchanged=494, early_stops=8/8
26 - INFO - chord#: 154 In build_straw_man_chord_sa. tolerance = 1, sa_iterations = 1000, initial_temperature = 3.0, cooling_rate = 0.999
26 - INFO - chord#: 132 done. best_score=27.0, changed=525, unchanged=381, early_stops=8/8
26 - INFO - chord#: 134 In build_straw_man_chord_sa. tolerance = 1, sa_iterations = 1000, initial_temperature = 3.0, cooling_rate = 0.999
26 - INFO - chord#: 148 done. best_score=119.0, changed=609, unchanged=298, early_stops=8/8
26 - INFO - chord#: 152 In build_straw_man_chord_sa. tolerance = 1, sa_iterations = 1000, initial_temperature = 3.0, cooling_rate = 0.999
26 - INFO - chord#: 154 done. best_score=67.0, changed=614, unchanged=370, early_stops=8/8
26 - INFO - chord#: 156 In build_straw_man_chord_sa. tolerance = 1, sa_iterations = 1000, initial_temperature = 3.0, cooling_rate = 0.999
26 - INFO - chord#: 140 done. best_score=27.0, changed=527, unchanged=462, early_stops=8/8
26 - INFO - chord#: 142 In build_straw_man_chord_sa. tolerance = 1, sa_iterations = 1000, initial_temperature = 3.0, cooling_rate = 0.999
26 - INFO - chord#: 148 done. best_score=67.0, changed=612, unchanged=389, early_stops=8/8
26 - INFO - chord#: 152 In build_straw_man_chord_sa. tolerance = 1, sa_iterations = 1000, initial_temperature = 3.0, cooling_rate = 0.999
26 - INFO - chord#: 156 done. best_score=27.0, changed=525, unchanged=386, early_stops=8/8
26 - INFO - chord#: 124 done. best_score=27.0, changed=522, unchanged=362, early_stops=8/8
26 - INFO - chord#: 128 In build_straw_man_chord_sa. tolerance = 1, sa_iterations = 1000, initial_temperature = 3.0, cooling_rate = 0.999
26 - INFO - chord#: 156 done. best_score=27.0, changed=528, unchanged=352, early_stops=8/8
26 - INFO - chord#: 124 done. best_score=27.0, changed=533, unchanged=532, early_stops=8/8
26 - INFO - chord#: 128 In build_straw_man_chord_sa. tolerance = 1, sa_iterations = 1000, initial_temperature = 3.0, cooling_rate = 0.999
26 - INFO - chord#: 154 done. best_score=137.0, changed=615, unchanged=287, early_stops=8/8
26 - INFO - chord#: 156 In build_straw_man_chord_sa. tolerance = 1, sa_iterations = 1000, initial_temperature = 3.0, cooling_rate = 0.999
26 - INFO - chord#: 152 done. best_score=27.0, changed=525, unchanged=446, early_stops=8/8
26 - INFO - chord#: 154 In build_straw_man_chord_sa. tolerance = 1, sa_iterations = 1000, initial_temperature = 3.0, cooling_rate = 0.999
26 - INFO - chord#: 152 done. best_score=27.0, changed=516, unchanged=380, early_stops=8/8
26 - INFO - chord#: 154 In build_straw_man_chord_sa. tolerance = 1, sa_iterations = 1000, initial_temperature = 3.0, cooling_rate = 0.999
26 - INFO - chord#: 128 done. best_score=36.0, changed=521, unchanged=351, early_stops=8/8
26 - INFO - chord#: 132 In build_straw_man_chord_sa. tolerance = 1, sa_iterations = 1000, initial_temperature = 3.0, cooling_rate = 0.999
26 - INFO - chord#: 154 done. best_score=137.0, changed=609, unchanged=246, early_stops=8/8
26 - INFO - chord#: 156 In build_straw_man_chord_sa. tolerance = 1, sa_iterations = 1000, initial_temperature = 3.0, cooling_rate = 0.999
26 - INFO - chord#: 156 done. best_score=27.0, changed=514, unchanged=342, early_stops=8/8
26 - INFO - chord#: 134 done. best_score=97.0, changed=615, unchanged=317, early_stops=8/8
26 - INFO - chord#: 136 In build_straw_man_chord_sa. tolerance = 1, sa_iterations = 1000, initial_temperature = 3.0, cooling_rate = 0.999
26 - INFO - chord#: 142 done. best_score=104.0, changed=606, unchanged=292, early_stops=8/8
26 - INFO - chord#: 144 In build_straw_man_chord_sa. tolerance = 1, sa_iterations = 1000, initial_temperature = 3.0, cooling_rate = 0.999
26 - INFO - chord#: 128 done. best_score=36.0, changed=522, unchanged=365, early_stops=8/8
26 - INFO - chord#: 132 In build_straw_man_chord_sa. tolerance = 1, sa_iterations = 1000, initial_temperature = 3.0, cooling_rate = 0.999
26 - INFO - chord#: 134 done. best_score=120.0, changed=607, unchanged=339, early_stops=8/8
26 - INFO - chord#: 136 In build_straw_man_chord_sa. tolerance = 1, sa_iterations = 1000, initial_temperature = 3.0, cooling_rate = 0.999
26 - INFO - chord#: 134 done. best_score=146.0, changed=613, unchanged=364, early_stops=8/8
26 - INFO - chord#: 136 In build_straw_man_chord_sa. tolerance = 1, sa_iterations = 1000, initial_temperature = 3.0, cooling_rate = 0.999
26 - INFO - chord#: 156 done. best_score=27.0, changed=526, unchanged=462, early_stops=8/8
26 - INFO - chord#: 144 done. best_score=27.0, changed=526, unchanged=425, early_stops=8/8
26 - INFO - chord#: 146 In build_straw_man_chord_sa. tolerance = 1, sa_iterations = 1000, initial_temperature = 3.0, cooling_rate = 0.999
26 - INFO - chord#: 132 done. best_score=27.0, changed=516, unchanged=554, early_stops=8/8
26 - INFO - chord#: 134 In build_straw_man_chord_sa. tolerance = 1, sa_iterations = 1000, initial_temperature = 3.0, cooling_rate = 0.999
26 - INFO - chord#: 136 done. best_score=27.0, changed=531, unchanged=453, early_stops=8/8
26 - INFO - chord#: 138 In build_straw_man_chord_sa. tolerance = 1, sa_iterations = 1000, initial_temperature = 3.0, cooling_rate = 0.999
26 - INFO - chord#: 132 done. best_score=27.0, changed=524, unchanged=575, early_stops=8/8
26 - INFO - chord#: 134 In build_straw_man_chord_sa. tolerance = 1, sa_iterations = 1000, initial_temperature = 3.0, cooling_rate = 0.999
26 - INFO - chord#: 136 done. best_score=27.0, changed=517, unchanged=338, early_stops=8/8
26 - INFO - chord#: 138 In build_straw_man_chord_sa. tolerance = 1, sa_iterations = 1000, initial_temperature = 3.0, cooling_rate = 0.999
26 - INFO - chord#: 154 done. best_score=96.0, changed=611, unchanged=348, early_stops=8/8
26 - INFO - chord#: 156 In build_straw_man_chord_sa. tolerance = 1, sa_iterations = 1000, initial_temperature = 3.0, cooling_rate = 0.999
26 - INFO - chord#: 136 done. best_score=27.0, changed=527, unchanged=552, early_stops=8/8
26 - INFO - chord#: 138 In build_straw_man_chord_sa. tolerance = 1, sa_iterations = 1000, initial_temperature = 3.0, cooling_rate = 0.999
26 - INFO - chord#: 146 done. best_score=27.0, changed=523, unchanged=348, early_stops=8/8
26 - INFO - chord#: 148 In build_straw_man_chord_sa. tolerance = 1, sa_iterations = 1000, initial_temperature = 3.0, cooling_rate = 0.999
26 - INFO - chord#: 138 done. best_score=36.0, changed=529, unchanged=315, early_stops=8/8
26 - INFO - chord#: 140 In build_straw_man_chord_sa. tolerance = 1, sa_iterations = 1000, initial_temperature = 3.0, cooling_rate = 0.999
26 - INFO - chord#: 154 done. best_score=67.0, changed=612, unchanged=351, early_stops=8/8
26 - INFO - chord#: 156 In build_straw_man_chord_sa. tolerance = 1, sa_iterations = 1000, initial_temperature = 3.0, cooling_rate = 0.999
26 - INFO - chord#: 156 done. best_score=27.0, changed=522, unchanged=328, early_stops=8/8
26 - INFO - chord#: 138 done. best_score=36.0, changed=520, unchanged=449, early_stops=8/8
26 - INFO - chord#: 140 In build_straw_man_chord_sa. tolerance = 1, sa_iterations = 1000, initial_temperature = 3.0, cooling_rate = 0.999
26 - INFO - chord#: 138 done. best_score=36.0, changed=530, unchanged=440, early_stops=8/8
26 - INFO - chord#: 140 In build_straw_man_chord_sa. tolerance = 1, sa_iterations = 1000, initial_temperature = 3.0, cooling_rate = 0.999
26 - INFO - chord#: 140 done. best_score=27.0, changed=513, unchanged=343, early_stops=8/8
26 - INFO - chord#: 142 In build_straw_man_chord_sa. tolerance = 1, sa_iterations = 1000, initial_temperature = 3.0, cooling_rate = 0.999
26 - INFO - chord#: 156 done. best_score=27.0, changed=517, unchanged=314, early_stops=8/8
26 - INFO - chord#: 140 done. best_score=27.0, changed=528, unchanged=483, early_stops=8/8
26 - INFO - chord#: 134 done. best_score=82.0, changed=612, unchanged=344, early_stops=8/8
26 - INFO - chord#: 142 In build_straw_man_chord_sa. tolerance = 1, sa_iterations = 1000, initial_temperature = 3.0, cooling_rate = 0.999
26 - INFO - chord#: 136 In build_straw_man_chord_sa. tolerance = 1, sa_iterations = 1000, initial_temperature = 3.0, cooling_rate = 0.999
26 - INFO - chord#: 140 done. best_score=27.0, changed=520, unchanged=370, early_stops=8/8
26 - INFO - chord#: 142 In build_straw_man_chord_sa. tolerance = 1, sa_iterations = 1000, initial_temperature = 3.0, cooling_rate = 0.999
26 - INFO - chord#: 134 done. best_score=82.0, changed=624, unchanged=451, early_stops=8/8
26 - INFO - chord#: 136 In build_straw_man_chord_sa. tolerance = 1, sa_iterations = 1000, initial_temperature = 3.0, cooling_rate = 0.999
26 - INFO - chord#: 148 done. best_score=142.0, changed=614, unchanged=343, early_stops=8/8
26 - INFO - chord#: 152 In build_straw_man_chord_sa. tolerance = 1, sa_iterations = 1000, initial_temperature = 3.0, cooling_rate = 0.999
26 - INFO - chord#: 136 done. best_score=27.0, changed=527, unchanged=403, early_stops=8/8
26 - INFO - chord#: 138 In build_straw_man_chord_sa. tolerance = 1, sa_iterations = 1000, initial_temperature = 3.0, cooling_rate = 0.999
26 - INFO - chord#: 136 done. best_score=27.0, changed=522, unchanged=425, early_stops=8/8
26 - INFO - chord#: 138 In build_straw_man_chord_sa. tolerance = 1, sa_iterations = 1000, initial_temperature = 3.0, cooling_rate = 0.999
26 - INFO - chord#: 152 done. best_score=27.0, changed=527, unchanged=350, early_stops=8/8
26 - INFO - chord#: 154 In build_straw_man_chord_sa. tolerance = 1, sa_iterations = 1000, initial_temperature = 3.0, cooling_rate = 0.999
26 - INFO - chord#: 142 done. best_score=146.0, changed=619, unchanged=343, early_stops=8/8
26 - INFO - chord#: 144 In build_straw_man_chord_sa. tolerance = 1, sa_iterations = 1000, initial_temperature = 3.0, cooling_rate = 0.999
26 - INFO - chord#: 142 done. best_score=64.0, changed=609, unchanged=298, early_stops=8/8
26 - INFO - chord#: 144 In build_straw_man_chord_sa. tolerance = 1, sa_iterations = 1000, initial_temperature = 3.0, cooling_rate = 0.999
26 - INFO - chord#: 142 done. best_score=64.0, changed=613, unchanged=260, early_stops=8/8
26 - INFO - chord#: 144 In build_straw_man_chord_sa. tolerance = 1, sa_iterations = 1000, initial_temperature = 3.0, cooling_rate = 0.999
26 - INFO - chord#: 138 done. best_score=36.0, changed=530, unchanged=523, early_stops=8/8
26 - INFO - chord#: 140 In build_straw_man_chord_sa. tolerance = 1, sa_iterations = 1000, initial_temperature = 3.0, cooling_rate = 0.999
26 - INFO - chord#: 144 done. best_score=27.0, changed=510, unchanged=353, early_stops=8/8
26 - INFO - chord#: 146 In build_straw_man_chord_sa. tolerance = 1, sa_iterations = 1000, initial_temperature = 3.0, cooling_rate = 0.999
26 - INFO - chord#: 138 done. best_score=36.0, changed=523, unchanged=431, early_stops=8/8
26 - INFO - chord#: 140 In build_straw_man_chord_sa. tolerance = 1, sa_iterations = 1000, initial_temperature = 3.0, cooling_rate = 0.999
26 - INFO - chord#: 144 done. best_score=27.0, changed=523, unchanged=369, early_stops=8/8
26 - INFO - chord#: 146 In build_straw_man_chord_sa. tolerance = 1, sa_iterations = 1000, initial_temperature = 3.0, cooling_rate = 0.999
26 - INFO - chord#: 144 done. best_score=27.0, changed=522, unchanged=350, early_stops=8/8
26 - INFO - chord#: 146 In build_straw_man_chord_sa. tolerance = 1, sa_iterations = 1000, initial_temperature = 3.0, cooling_rate = 0.999
26 - INFO - chord#: 140 done. best_score=27.0, changed=516, unchanged=371, early_stops=8/8
26 - INFO - chord#: 142 In build_straw_man_chord_sa. tolerance = 1, sa_iterations = 1000, initial_temperature = 3.0, cooling_rate = 0.999
26 - INFO - chord#: 146 done. best_score=27.0, changed=512, unchanged=338, early_stops=8/8
26 - INFO - chord#: 148 In build_straw_man_chord_sa. tolerance = 1, sa_iterations = 1000, initial_temperature = 3.0, cooling_rate = 0.999
26 - INFO - chord#: 140 done. best_score=27.0, changed=522, unchanged=419, early_stops=8/8
26 - INFO - chord#: 142 In build_straw_man_chord_sa. tolerance = 1, sa_iterations = 1000, initial_temperature = 3.0, cooling_rate = 0.999
26 - INFO - chord#: 146 done. best_score=27.0, changed=521, unchanged=330, early_stops=8/8
26 - INFO - chord#: 148 In build_straw_man_chord_sa. tolerance = 1, sa_iterations = 1000, initial_temperature = 3.0, cooling_rate = 0.999
26 - INFO - chord#: 146 done. best_score=27.0, changed=518, unchanged=403, early_stops=8/8
26 - INFO - chord#: 148 In build_straw_man_chord_sa. tolerance = 1, sa_iterations = 1000, initial_temperature = 3.0, cooling_rate = 0.999
26 - INFO - chord#: 154 done. best_score=67.0, changed=612, unchanged=436, early_stops=8/8
26 - INFO - chord#: 156 In build_straw_man_chord_sa. tolerance = 1, sa_iterations = 1000, initial_temperature = 3.0, cooling_rate = 0.999
26 - INFO - chord#: 142 done. best_score=64.0, changed=613, unchanged=327, early_stops=8/8
26 - INFO - chord#: 144 In build_straw_man_chord_sa. tolerance = 1, sa_iterations = 1000, initial_temperature = 3.0, cooling_rate = 0.999
26 - INFO - chord#: 156 done. best_score=27.0, changed=524, unchanged=381, early_stops=8/8
26 - INFO - chord#: 142 done. best_score=64.0, changed=612, unchanged=364, early_stops=8/8
26 - INFO - chord#: 144 In build_straw_man_chord_sa. tolerance = 1, sa_iterations = 1000, initial_temperature = 3.0, cooling_rate = 0.999
26 - INFO - chord#: 148 done. best_score=119.0, changed=613, unchanged=304, early_stops=8/8
26 - INFO - chord#: 152 In build_straw_man_chord_sa. tolerance = 1, sa_iterations = 1000, initial_temperature = 3.0, cooling_rate = 0.999
26 - INFO - chord#: 148 done. best_score=131.0, changed=618, unchanged=450, early_stops=8/8
26 - INFO - chord#: 152 In build_straw_man_chord_sa. tolerance = 1, sa_iterations = 1000, initial_temperature = 3.0, cooling_rate = 0.999
26 - INFO - chord#: 144 done. best_score=27.0, changed=527, unchanged=527, early_stops=8/8
26 - INFO - chord#: 146 In build_straw_man_chord_sa. tolerance = 1, sa_iterations = 1000, initial_temperature = 3.0, cooling_rate = 0.999
26 - INFO - chord#: 148 done. best_score=67.0, changed=610, unchanged=284, early_stops=8/8
26 - INFO - chord#: 152 In build_straw_man_chord_sa. tolerance = 1, sa_iterations = 1000, initial_temperature = 3.0, cooling_rate = 0.999
26 - INFO - chord#: 144 done. best_score=27.0, changed=529, unchanged=428, early_stops=8/8
26 - INFO - chord#: 146 In build_straw_man_chord_sa. tolerance = 1, sa_iterations = 1000, initial_temperature = 3.0, cooling_rate = 0.999
26 - INFO - chord#: 146 done. best_score=27.0, changed=523, unchanged=341, early_stops=8/8
26 - INFO - chord#: 148 In build_straw_man_chord_sa. tolerance = 1, sa_iterations = 1000, initial_temperature = 3.0, cooling_rate = 0.999
26 - INFO - chord#: 152 done. best_score=27.0, changed=530, unchanged=502, early_stops=8/8
26 - INFO - chord#: 154 In build_straw_man_chord_sa. tolerance = 1, sa_iterations = 1000, initial_temperature = 3.0, cooling_rate = 0.999
26 - INFO - chord#: 152 done. best_score=27.0, changed=520, unchanged=669, early_stops=8/8
26 - INFO - chord#: 154 In build_straw_man_chord_sa. tolerance = 1, sa_iterations = 1000, initial_temperature = 3.0, cooling_rate = 0.999
26 - INFO - chord#: 152 done. best_score=27.0, changed=519, unchanged=531, early_stops=8/8
26 - INFO - chord#: 154 In build_straw_man_chord_sa. tolerance = 1, sa_iterations = 1000, initial_temperature = 3.0, cooling_rate = 0.999
26 - INFO - chord#: 146 done. best_score=27.0, changed=517, unchanged=362, early_stops=8/8
26 - INFO - chord#: 148 In build_straw_man_chord_sa. tolerance = 1, sa_iterations = 1000, initial_temperature = 3.0, cooling_rate = 0.999
26 - INFO - chord#: 148 done. best_score=119.0, changed=615, unchanged=398, early_stops=8/8
26 - INFO - chord#: 152 In build_straw_man_chord_sa. tolerance = 1, sa_iterations = 1000, initial_temperature = 3.0, cooling_rate = 0.999
26 - INFO - chord#: 154 done. best_score=67.0, changed=616, unchanged=307, early_stops=8/8
26 - INFO - chord#: 154 done. best_score=67.0, changed=615, unchanged=344, early_stops=8/8
26 - INFO - chord#: 154 done. best_score=67.0, changed=607, unchanged=333, early_stops=8/8
26 - INFO - chord#: 156 In build_straw_man_chord_sa. tolerance = 1, sa_iterations = 1000, initial_temperature = 3.0, cooling_rate = 0.999
26 - INFO - chord#: 156 In build_straw_man_chord_sa. tolerance = 1, sa_iterations = 1000, initial_temperature = 3.0, cooling_rate = 0.999
26 - INFO - chord#: 156 In build_straw_man_chord_sa. tolerance = 1, sa_iterations = 1000, initial_temperature = 3.0, cooling_rate = 0.999
26 - INFO - chord#: 148 done. best_score=67.0, changed=610, unchanged=385, early_stops=8/8
26 - INFO - chord#: 152 In build_straw_man_chord_sa. tolerance = 1, sa_iterations = 1000, initial_temperature = 3.0, cooling_rate = 0.999
26 - INFO - chord#: 156 done. best_score=27.0, changed=515, unchanged=335, early_stops=8/8
26 - INFO - chord#: 156 done. best_score=27.0, changed=521, unchanged=346, early_stops=8/8
26 - INFO - chord#: 152 done. best_score=27.0, changed=520, unchanged=413, early_stops=8/8
26 - INFO - chord#: 154 In build_straw_man_chord_sa. tolerance = 1, sa_iterations = 1000, initial_temperature = 3.0, cooling_rate = 0.999
26 - INFO - chord#: 156 done. best_score=27.0, changed=527, unchanged=498, early_stops=8/8
26 - INFO - chord#: 152 done. best_score=27.0, changed=522, unchanged=521, early_stops=8/8
26 - INFO - chord#: 154 In build_straw_man_chord_sa. tolerance = 1, sa_iterations = 1000, initial_temperature = 3.0, cooling_rate = 0.999
26 - INFO - chord#: 154 done. best_score=67.0, changed=615, unchanged=362, early_stops=8/8
26 - INFO - chord#: 156 In build_straw_man_chord_sa. tolerance = 1, sa_iterations = 1000, initial_temperature = 3.0, cooling_rate = 0.999
26 - INFO - chord#: 154 done. best_score=137.0, changed=617, unchanged=292, early_stops=8/8
26 - INFO - chord#: 156 In build_straw_man_chord_sa. tolerance = 1, sa_iterations = 1000, initial_temperature = 3.0, cooling_rate = 0.999
26 - INFO - chord#: 156 done. best_score=27.0, changed=519, unchanged=386, early_stops=8/8
26 - INFO - chord#: 156 done. best_score=27.0, changed=522, unchanged=404, early_stops=8/8
26 - INFO - chord#: 0 In build_straw_man_chord_sa. tolerance = 1, sa_iterations = 1000, initial_temperature = 3.0, cooling_rate = 0.999
26 - INFO - chord#: 0 In build_straw_man_chord_sa. tolerance = 1, sa_iterations = 1000, initial_temperature = 3.0, cooling_rate = 0.999
26 - INFO - chord#: 0 In build_straw_man_chord_sa. tolerance = 1, sa_iterations = 1000, initial_temperature = 3.0, cooling_rate = 0.999
26 - INFO - chord#: 0 In build_straw_man_chord_sa. tolerance = 1, sa_iterations = 1000, initial_temperature = 3.0, cooling_rate = 0.999
26 - INFO - chord#: 0 In build_straw_man_chord_sa. tolerance = 1, sa_iterations = 1000, initial_temperature = 3.0, cooling_rate = 0.999
26 - INFO - chord#: 0 In build_straw_man_chord_sa. tolerance = 1, sa_iterations = 1000, initial_temperature = 3.0, cooling_rate = 0.999
26 - INFO - chord#: 0 In build_straw_man_chord_sa. tolerance = 1, sa_iterations = 1000, initial_temperature = 3.0, cooling_rate = 0.999
26 - INFO - chord#: 0 In build_straw_man_chord_sa. tolerance = 1, sa_iterations = 1000, initial_temperature = 3.0, cooling_rate = 0.999
26 - INFO - chord#: 0 In build_straw_man_chord_sa. tolerance = 1, sa_iterations = 1000, initial_temperature = 3.0, cooling_rate = 0.999
26 - INFO - chord#: 0 In build_straw_man_chord_sa. tolerance = 1, sa_iterations = 1000, initial_temperature = 3.0, cooling_rate = 0.999
26 - INFO - chord#: 0 In build_straw_man_chord_sa. tolerance = 1, sa_iterations = 1000, initial_temperature = 3.0, cooling_rate = 0.999
26 - INFO - chord#: 0 In build_straw_man_chord_sa. tolerance = 1, sa_iterations = 1000, initial_temperature = 3.0, cooling_rate = 0.999
26 - INFO - chord#: 0 done. best_score=27.0, changed=523, unchanged=325, early_stops=8/8
26 - INFO - chord#: 2 In build_straw_man_chord_sa. tolerance = 1, sa_iterations = 1000, initial_temperature = 3.0, cooling_rate = 0.999
26 - INFO - chord#: 0 done. best_score=27.0, changed=520, unchanged=369, early_stops=8/8
26 - INFO - chord#: 2 In build_straw_man_chord_sa. tolerance = 1, sa_iterations = 1000, initial_temperature = 3.0, cooling_rate = 0.999
26 - INFO - chord#: 0 done. best_score=27.0, changed=525, unchanged=417, early_stops=8/8
26 - INFO - chord#: 2 In build_straw_man_chord_sa. tolerance = 1, sa_iterations = 1000, initial_temperature = 3.0, cooling_rate = 0.999
26 - INFO - chord#: 0 done. best_score=27.0, changed=524, unchanged=407, early_stops=8/8
26 - INFO - chord#: 2 In build_straw_man_chord_sa. tolerance = 1, sa_iterations = 1000, initial_temperature = 3.0, cooling_rate = 0.999
26 - INFO - chord#: 0 done. best_score=27.0, changed=515, unchanged=318, early_stops=8/8
26 - INFO - chord#: 2 In build_straw_man_chord_sa. tolerance = 1, sa_iterations = 1000, initial_temperature = 3.0, cooling_rate = 0.999
26 - INFO - chord#: 0 done. best_score=27.0, changed=523, unchanged=445, early_stops=8/8
26 - INFO - chord#: 2 In build_straw_man_chord_sa. tolerance = 1, sa_iterations = 1000, initial_temperature = 3.0, cooling_rate = 0.999
26 - INFO - chord#: 0 done. best_score=27.0, changed=518, unchanged=366, early_stops=8/8
26 - INFO - chord#: 2 In build_straw_man_chord_sa. tolerance = 1, sa_iterations = 1000, initial_temperature = 3.0, cooling_rate = 0.999
26 - INFO - chord#: 0 done. best_score=27.0, changed=530, unchanged=374, early_stops=8/8
26 - INFO - chord#: 2 In build_straw_man_chord_sa. tolerance = 1, sa_iterations = 1000, initial_temperature = 3.0, cooling_rate = 0.999
26 - INFO - chord#: 0 done. best_score=27.0, changed=517, unchanged=436, early_stops=8/8
26 - INFO - chord#: 2 In build_straw_man_chord_sa. tolerance = 1, sa_iterations = 1000, initial_temperature = 3.0, cooling_rate = 0.999
26 - INFO - chord#: 0 done. best_score=27.0, changed=532, unchanged=446, early_stops=8/8
26 - INFO - chord#: 2 In build_straw_man_chord_sa. tolerance = 1, sa_iterations = 1000, initial_temperature = 3.0, cooling_rate = 0.999
26 - INFO - chord#: 0 done. best_score=27.0, changed=526, unchanged=430, early_stops=8/8
26 - INFO - chord#: 2 In build_straw_man_chord_sa. tolerance = 1, sa_iterations = 1000, initial_temperature = 3.0, cooling_rate = 0.999
26 - INFO - chord#: 0 done. best_score=27.0, changed=523, unchanged=502, early_stops=8/8
26 - INFO - chord#: 2 In build_straw_man_chord_sa. tolerance = 1, sa_iterations = 1000, initial_temperature = 3.0, cooling_rate = 0.999
26 - INFO - chord#: 2 done. best_score=27.0, changed=519, unchanged=336, early_stops=8/8
26 - INFO - chord#: 4 In build_straw_man_chord_sa. tolerance = 1, sa_iterations = 1000, initial_temperature = 3.0, cooling_rate = 0.999
26 - INFO - chord#: 2 done. best_score=27.0, changed=518, unchanged=343, early_stops=8/8
26 - INFO - chord#: 4 In build_straw_man_chord_sa. tolerance = 1, sa_iterations = 1000, initial_temperature = 3.0, cooling_rate = 0.999
26 - INFO - chord#: 2 done. best_score=27.0, changed=518, unchanged=392, early_stops=8/8
26 - INFO - chord#: 4 In build_straw_man_chord_sa. tolerance = 1, sa_iterations = 1000, initial_temperature = 3.0, cooling_rate = 0.999
26 - INFO - chord#: 2 done. best_score=27.0, changed=530, unchanged=437, early_stops=8/8
26 - INFO - chord#: 4 In build_straw_man_chord_sa. tolerance = 1, sa_iterations = 1000, initial_temperature = 3.0, cooling_rate = 0.999
26 - INFO - chord#: 2 done. best_score=27.0, changed=524, unchanged=440, early_stops=8/8
26 - INFO - chord#: 4 In build_straw_man_chord_sa. tolerance = 1, sa_iterations = 1000, initial_temperature = 3.0, cooling_rate = 0.999
26 - INFO - chord#: 2 done. best_score=27.0, changed=528, unchanged=393, early_stops=8/8
26 - INFO - chord#: 4 In build_straw_man_chord_sa. tolerance = 1, sa_iterations = 1000, initial_temperature = 3.0, cooling_rate = 0.999
26 - INFO - chord#: 2 done. best_score=27.0, changed=509, unchanged=324, early_stops=8/8
26 - INFO - chord#: 4 In build_straw_man_chord_sa. tolerance = 1, sa_iterations = 1000, initial_temperature = 3.0, cooling_rate = 0.999
26 - INFO - chord#: 2 done. best_score=27.0, changed=518, unchanged=406, early_stops=8/8
26 - INFO - chord#: 4 In build_straw_man_chord_sa. tolerance = 1, sa_iterations = 1000, initial_temperature = 3.0, cooling_rate = 0.999
26 - INFO - chord#: 2 done. best_score=27.0, changed=516, unchanged=357, early_stops=8/8
26 - INFO - chord#: 4 In build_straw_man_chord_sa. tolerance = 1, sa_iterations = 1000, initial_temperature = 3.0, cooling_rate = 0.999
26 - INFO - chord#: 2 done. best_score=27.0, changed=518, unchanged=359, early_stops=8/8
26 - INFO - chord#: 4 In build_straw_man_chord_sa. tolerance = 1, sa_iterations = 1000, initial_temperature = 3.0, cooling_rate = 0.999
26 - INFO - chord#: 2 done. best_score=27.0, changed=524, unchanged=365, early_stops=8/8
26 - INFO - chord#: 4 In build_straw_man_chord_sa. tolerance = 1, sa_iterations = 1000, initial_temperature = 3.0, cooling_rate = 0.999
26 - INFO - chord#: 2 done. best_score=27.0, changed=530, unchanged=389, early_stops=8/8
26 - INFO - chord#: 4 In build_straw_man_chord_sa. tolerance = 1, sa_iterations = 1000, initial_temperature = 3.0, cooling_rate = 0.999
26 - INFO - chord#: 4 done. best_score=27.0, changed=522, unchanged=494, early_stops=8/8
26 - INFO - chord#: 8 In build_straw_man_chord_sa. tolerance = 1, sa_iterations = 1000, initial_temperature = 3.0, cooling_rate = 0.999
26 - INFO - chord#: 4 done. best_score=27.0, changed=528, unchanged=517, early_stops=8/8
26 - INFO - chord#: 8 In build_straw_man_chord_sa. tolerance = 1, sa_iterations = 1000, initial_temperature = 3.0, cooling_rate = 0.999
26 - INFO - chord#: 4 done. best_score=27.0, changed=521, unchanged=414, early_stops=8/8
26 - INFO - chord#: 8 In build_straw_man_chord_sa. tolerance = 1, sa_iterations = 1000, initial_temperature = 3.0, cooling_rate = 0.999
26 - INFO - chord#: 4 done. best_score=27.0, changed=529, unchanged=526, early_stops=8/8
26 - INFO - chord#: 8 In build_straw_man_chord_sa. tolerance = 1, sa_iterations = 1000, initial_temperature = 3.0, cooling_rate = 0.999
26 - INFO - chord#: 4 done. best_score=27.0, changed=521, unchanged=453, early_stops=8/8
26 - INFO - chord#: 8 In build_straw_man_chord_sa. tolerance = 1, sa_iterations = 1000, initial_temperature = 3.0, cooling_rate = 0.999
26 - INFO - chord#: 4 done. best_score=27.0, changed=519, unchanged=342, early_stops=8/8
26 - INFO - chord#: 8 In build_straw_man_chord_sa. tolerance = 1, sa_iterations = 1000, initial_temperature = 3.0, cooling_rate = 0.999
26 - INFO - chord#: 4 done. best_score=27.0, changed=521, unchanged=477, early_stops=8/8
26 - INFO - chord#: 8 In build_straw_man_chord_sa. tolerance = 1, sa_iterations = 1000, initial_temperature = 3.0, cooling_rate = 0.999
26 - INFO - chord#: 4 done. best_score=27.0, changed=518, unchanged=411, early_stops=8/8
26 - INFO - chord#: 8 In build_straw_man_chord_sa. tolerance = 1, sa_iterations = 1000, initial_temperature = 3.0, cooling_rate = 0.999
26 - INFO - chord#: 4 done. best_score=27.0, changed=523, unchanged=366, early_stops=8/8
26 - INFO - chord#: 8 In build_straw_man_chord_sa. tolerance = 1, sa_iterations = 1000, initial_temperature = 3.0, cooling_rate = 0.999
26 - INFO - chord#: 4 done. best_score=27.0, changed=524, unchanged=446, early_stops=8/8
26 - INFO - chord#: 8 In build_straw_man_chord_sa. tolerance = 1, sa_iterations = 1000, initial_temperature = 3.0, cooling_rate = 0.999
26 - INFO - chord#: 4 done. best_score=27.0, changed=520, unchanged=451, early_stops=8/8
26 - INFO - chord#: 8 In build_straw_man_chord_sa. tolerance = 1, sa_iterations = 1000, initial_temperature = 3.0, cooling_rate = 0.999
26 - INFO - chord#: 4 done. best_score=27.0, changed=523, unchanged=447, early_stops=8/8
26 - INFO - chord#: 8 In build_straw_man_chord_sa. tolerance = 1, sa_iterations = 1000, initial_temperature = 3.0, cooling_rate = 0.999
26 - INFO - chord#: 8 done. best_score=27.0, changed=519, unchanged=363, early_stops=8/8
26 - INFO - chord#: 10 In build_straw_man_chord_sa. tolerance = 1, sa_iterations = 1000, initial_temperature = 3.0, cooling_rate = 0.999
26 - INFO - chord#: 8 done. best_score=27.0, changed=518, unchanged=425, early_stops=8/8
26 - INFO - chord#: 10 In build_straw_man_chord_sa. tolerance = 1, sa_iterations = 1000, initial_temperature = 3.0, cooling_rate = 0.999
26 - INFO - chord#: 8 done. best_score=27.0, changed=523, unchanged=394, early_stops=8/8
26 - INFO - chord#: 10 In build_straw_man_chord_sa. tolerance = 1, sa_iterations = 1000, initial_temperature = 3.0, cooling_rate = 0.999
26 - INFO - chord#: 8 done. best_score=27.0, changed=524, unchanged=403, early_stops=8/8
26 - INFO - chord#: 10 In build_straw_man_chord_sa. tolerance = 1, sa_iterations = 1000, initial_temperature = 3.0, cooling_rate = 0.999
26 - INFO - chord#: 8 done. best_score=27.0, changed=530, unchanged=474, early_stops=8/8
26 - INFO - chord#: 10 In build_straw_man_chord_sa. tolerance = 1, sa_iterations = 1000, initial_temperature = 3.0, cooling_rate = 0.999
26 - INFO - chord#: 8 done. best_score=27.0, changed=517, unchanged=342, early_stops=8/8
26 - INFO - chord#: 10 In build_straw_man_chord_sa. tolerance = 1, sa_iterations = 1000, initial_temperature = 3.0, cooling_rate = 0.999
26 - INFO - chord#: 8 done. best_score=27.0, changed=523, unchanged=382, early_stops=8/8
26 - INFO - chord#: 10 In build_straw_man_chord_sa. tolerance = 1, sa_iterations = 1000, initial_temperature = 3.0, cooling_rate = 0.999
26 - INFO - chord#: 8 done. best_score=27.0, changed=522, unchanged=382, early_stops=8/8
26 - INFO - chord#: 10 In build_straw_man_chord_sa. tolerance = 1, sa_iterations = 1000, initial_temperature = 3.0, cooling_rate = 0.999
26 - INFO - chord#: 10 done. best_score=48.0, changed=533, unchanged=329, early_stops=8/8
26 - INFO - chord#: 12 In build_straw_man_chord_sa. tolerance = 1, sa_iterations = 1000, initial_temperature = 3.0, cooling_rate = 0.999
26 - INFO - chord#: 8 done. best_score=27.0, changed=521, unchanged=366, early_stops=8/8
26 - INFO - chord#: 10 In build_straw_man_chord_sa. tolerance = 1, sa_iterations = 1000, initial_temperature = 3.0, cooling_rate = 0.999
26 - INFO - chord#: 8 done. best_score=27.0, changed=530, unchanged=424, early_stops=8/8
26 - INFO - chord#: 10 In build_straw_man_chord_sa. tolerance = 1, sa_iterations = 1000, initial_temperature = 3.0, cooling_rate = 0.999
26 - INFO - chord#: 8 done. best_score=27.0, changed=522, unchanged=344, early_stops=8/8
26 - INFO - chord#: 10 In build_straw_man_chord_sa. tolerance = 1, sa_iterations = 1000, initial_temperature = 3.0, cooling_rate = 0.999
26 - INFO - chord#: 10 done. best_score=48.0, changed=531, unchanged=410, early_stops=8/8
26 - INFO - chord#: 12 In build_straw_man_chord_sa. tolerance = 1, sa_iterations = 1000, initial_temperature = 3.0, cooling_rate = 0.999
26 - INFO - chord#: 10 done. best_score=48.0, changed=528, unchanged=304, early_stops=8/8
26 - INFO - chord#: 12 In build_straw_man_chord_sa. tolerance = 1, sa_iterations = 1000, initial_temperature = 3.0, cooling_rate = 0.999
26 - INFO - chord#: 8 done. best_score=27.0, changed=519, unchanged=376, early_stops=8/8
26 - INFO - chord#: 10 In build_straw_man_chord_sa. tolerance = 1, sa_iterations = 1000, initial_temperature = 3.0, cooling_rate = 0.999
26 - INFO - chord#: 10 done. best_score=48.0, changed=519, unchanged=365, early_stops=8/8
26 - INFO - chord#: 12 In build_straw_man_chord_sa. tolerance = 1, sa_iterations = 1000, initial_temperature = 3.0, cooling_rate = 0.999
26 - INFO - chord#: 10 done. best_score=48.0, changed=529, unchanged=360, early_stops=8/8
26 - INFO - chord#: 12 In build_straw_man_chord_sa. tolerance = 1, sa_iterations = 1000, initial_temperature = 3.0, cooling_rate = 0.999
26 - INFO - chord#: 10 done. best_score=48.0, changed=541, unchanged=415, early_stops=8/8
26 - INFO - chord#: 12 In build_straw_man_chord_sa. tolerance = 1, sa_iterations = 1000, initial_temperature = 3.0, cooling_rate = 0.999
26 - INFO - chord#: 10 done. best_score=48.0, changed=535, unchanged=300, early_stops=8/8
26 - INFO - chord#: 12 In build_straw_man_chord_sa. tolerance = 1, sa_iterations = 1000, initial_temperature = 3.0, cooling_rate = 0.999
26 - INFO - chord#: 12 done. best_score=27.0, changed=523, unchanged=449, early_stops=8/8
26 - INFO - chord#: 14 In build_straw_man_chord_sa. tolerance = 1, sa_iterations = 1000, initial_temperature = 3.0, cooling_rate = 0.999
26 - INFO - chord#: 12 done. best_score=27.0, changed=514, unchanged=320, early_stops=8/8
26 - INFO - chord#: 14 In build_straw_man_chord_sa. tolerance = 1, sa_iterations = 1000, initial_temperature = 3.0, cooling_rate = 0.999
26 - INFO - chord#: 12 done. best_score=27.0, changed=515, unchanged=388, early_stops=8/8
26 - INFO - chord#: 14 In build_straw_man_chord_sa. tolerance = 1, sa_iterations = 1000, initial_temperature = 3.0, cooling_rate = 0.999
26 - INFO - chord#: 10 done. best_score=48.0, changed=523, unchanged=291, early_stops=8/8
26 - INFO - chord#: 12 In build_straw_man_chord_sa. tolerance = 1, sa_iterations = 1000, initial_temperature = 3.0, cooling_rate = 0.999
26 - INFO - chord#: 12 done. best_score=27.0, changed=516, unchanged=381, early_stops=8/8
26 - INFO - chord#: 14 In build_straw_man_chord_sa. tolerance = 1, sa_iterations = 1000, initial_temperature = 3.0, cooling_rate = 0.999
26 - INFO - chord#: 10 done. best_score=48.0, changed=522, unchanged=353, early_stops=8/8
26 - INFO - chord#: 12 In build_straw_man_chord_sa. tolerance = 1, sa_iterations = 1000, initial_temperature = 3.0, cooling_rate = 0.999
26 - INFO - chord#: 10 done. best_score=48.0, changed=516, unchanged=316, early_stops=8/8
26 - INFO - chord#: 12 In build_straw_man_chord_sa. tolerance = 1, sa_iterations = 1000, initial_temperature = 3.0, cooling_rate = 0.999
26 - INFO - chord#: 10 done. best_score=48.0, changed=532, unchanged=490, early_stops=8/8
26 - INFO - chord#: 12 In build_straw_man_chord_sa. tolerance = 1, sa_iterations = 1000, initial_temperature = 3.0, cooling_rate = 0.999
26 - INFO - chord#: 10 done. best_score=48.0, changed=528, unchanged=363, early_stops=8/8
26 - INFO - chord#: 12 In build_straw_man_chord_sa. tolerance = 1, sa_iterations = 1000, initial_temperature = 3.0, cooling_rate = 0.999
26 - INFO - chord#: 12 done. best_score=27.0, changed=522, unchanged=691, early_stops=8/8
26 - INFO - chord#: 14 In build_straw_man_chord_sa. tolerance = 1, sa_iterations = 1000, initial_temperature = 3.0, cooling_rate = 0.999
26 - INFO - chord#: 12 done. best_score=27.0, changed=515, unchanged=393, early_stops=8/8
26 - INFO - chord#: 14 In build_straw_man_chord_sa. tolerance = 1, sa_iterations = 1000, initial_temperature = 3.0, cooling_rate = 0.999
26 - INFO - chord#: 14 done. best_score=31.0, changed=528, unchanged=322, early_stops=8/8
26 - INFO - chord#: 16 In build_straw_man_chord_sa. tolerance = 1, sa_iterations = 1000, initial_temperature = 3.0, cooling_rate = 0.999
26 - INFO - chord#: 14 done. best_score=31.0, changed=526, unchanged=302, early_stops=8/8
26 - INFO - chord#: 16 In build_straw_man_chord_sa. tolerance = 1, sa_iterations = 1000, initial_temperature = 3.0, cooling_rate = 0.999
26 - INFO - chord#: 14 done. best_score=31.0, changed=525, unchanged=311, early_stops=8/8
26 - INFO - chord#: 16 In build_straw_man_chord_sa. tolerance = 1, sa_iterations = 1000, initial_temperature = 3.0, cooling_rate = 0.999
26 - INFO - chord#: 14 done. best_score=31.0, changed=536, unchanged=379, early_stops=8/8
26 - INFO - chord#: 16 In build_straw_man_chord_sa. tolerance = 1, sa_iterations = 1000, initial_temperature = 3.0, cooling_rate = 0.999
26 - INFO - chord#: 12 done. best_score=27.0, changed=515, unchanged=385, early_stops=8/8
26 - INFO - chord#: 14 In build_straw_man_chord_sa. tolerance = 1, sa_iterations = 1000, initial_temperature = 3.0, cooling_rate = 0.999
26 - INFO - chord#: 12 done. best_score=27.0, changed=524, unchanged=392, early_stops=8/8
26 - INFO - chord#: 14 In build_straw_man_chord_sa. tolerance = 1, sa_iterations = 1000, initial_temperature = 3.0, cooling_rate = 0.999
26 - INFO - chord#: 12 done. best_score=27.0, changed=521, unchanged=393, early_stops=8/8
26 - INFO - chord#: 14 In build_straw_man_chord_sa. tolerance = 1, sa_iterations = 1000, initial_temperature = 3.0, cooling_rate = 0.999
26 - INFO - chord#: 12 done. best_score=27.0, changed=522, unchanged=408, early_stops=8/8
26 - INFO - chord#: 14 In build_straw_man_chord_sa. tolerance = 1, sa_iterations = 1000, initial_temperature = 3.0, cooling_rate = 0.999
26 - INFO - chord#: 14 done. best_score=31.0, changed=525, unchanged=302, early_stops=8/8
26 - INFO - chord#: 16 In build_straw_man_chord_sa. tolerance = 1, sa_iterations = 1000, initial_temperature = 3.0, cooling_rate = 0.999
26 - INFO - chord#: 14 done. best_score=31.0, changed=523, unchanged=294, early_stops=8/8
26 - INFO - chord#: 16 In build_straw_man_chord_sa. tolerance = 1, sa_iterations = 1000, initial_temperature = 3.0, cooling_rate = 0.999
26 - INFO - chord#: 16 done. best_score=27.0, changed=528, unchanged=307, early_stops=8/8
26 - INFO - chord#: 20 In build_straw_man_chord_sa. tolerance = 1, sa_iterations = 1000, initial_temperature = 3.0, cooling_rate = 0.999
26 - INFO - chord#: 16 done. best_score=27.0, changed=518, unchanged=348, early_stops=8/8
26 - INFO - chord#: 20 In build_straw_man_chord_sa. tolerance = 1, sa_iterations = 1000, initial_temperature = 3.0, cooling_rate = 0.999
26 - INFO - chord#: 16 done. best_score=27.0, changed=524, unchanged=438, early_stops=8/8
26 - INFO - chord#: 20 In build_straw_man_chord_sa. tolerance = 1, sa_iterations = 1000, initial_temperature = 3.0, cooling_rate = 0.999
26 - INFO - chord#: 12 done. best_score=27.0, changed=519, unchanged=538, early_stops=8/8
26 - INFO - chord#: 14 In build_straw_man_chord_sa. tolerance = 1, sa_iterations = 1000, initial_temperature = 3.0, cooling_rate = 0.999
26 - INFO - chord#: 12 done. best_score=27.0, changed=522, unchanged=504, early_stops=8/8
26 - INFO - chord#: 14 In build_straw_man_chord_sa. tolerance = 1, sa_iterations = 1000, initial_temperature = 3.0, cooling_rate = 0.999
26 - INFO - chord#: 16 done. best_score=27.0, changed=524, unchanged=401, early_stops=8/8
26 - INFO - chord#: 20 In build_straw_man_chord_sa. tolerance = 1, sa_iterations = 1000, initial_temperature = 3.0, cooling_rate = 0.999
26 - INFO - chord#: 14 done. best_score=31.0, changed=528, unchanged=321, early_stops=8/8
26 - INFO - chord#: 16 In build_straw_man_chord_sa. tolerance = 1, sa_iterations = 1000, initial_temperature = 3.0, cooling_rate = 0.999
26 - INFO - chord#: 14 done. best_score=31.0, changed=535, unchanged=297, early_stops=8/8
26 - INFO - chord#: 16 In build_straw_man_chord_sa. tolerance = 1, sa_iterations = 1000, initial_temperature = 3.0, cooling_rate = 0.999
26 - INFO - chord#: 16 done. best_score=27.0, changed=531, unchanged=353, early_stops=8/8
26 - INFO - chord#: 20 In build_straw_man_chord_sa. tolerance = 1, sa_iterations = 1000, initial_temperature = 3.0, cooling_rate = 0.999
26 - INFO - chord#: 14 done. best_score=31.0, changed=543, unchanged=332, early_stops=8/8
26 - INFO - chord#: 16 In build_straw_man_chord_sa. tolerance = 1, sa_iterations = 1000, initial_temperature = 3.0, cooling_rate = 0.999
26 - INFO - chord#: 16 done. best_score=27.0, changed=532, unchanged=382, early_stops=8/8
26 - INFO - chord#: 20 In build_straw_man_chord_sa. tolerance = 1, sa_iterations = 1000, initial_temperature = 3.0, cooling_rate = 0.999
26 - INFO - chord#: 14 done. best_score=31.0, changed=530, unchanged=319, early_stops=8/8
26 - INFO - chord#: 16 In build_straw_man_chord_sa. tolerance = 1, sa_iterations = 1000, initial_temperature = 3.0, cooling_rate = 0.999
26 - INFO - chord#: 14 done. best_score=31.0, changed=522, unchanged=302, early_stops=8/8
26 - INFO - chord#: 16 In build_straw_man_chord_sa. tolerance = 1, sa_iterations = 1000, initial_temperature = 3.0, cooling_rate = 0.999
26 - INFO - chord#: 14 done. best_score=31.0, changed=527, unchanged=296, early_stops=8/8
26 - INFO - chord#: 16 In build_straw_man_chord_sa. tolerance = 1, sa_iterations = 1000, initial_temperature = 3.0, cooling_rate = 0.999
26 - INFO - chord#: 16 done. best_score=27.0, changed=518, unchanged=309, early_stops=8/8
26 - INFO - chord#: 20 In build_straw_man_chord_sa. tolerance = 1, sa_iterations = 1000, initial_temperature = 3.0, cooling_rate = 0.999
26 - INFO - chord#: 16 done. best_score=27.0, changed=517, unchanged=292, early_stops=8/8
26 - INFO - chord#: 20 In build_straw_man_chord_sa. tolerance = 1, sa_iterations = 1000, initial_temperature = 3.0, cooling_rate = 0.999
26 - INFO - chord#: 16 done. best_score=27.0, changed=530, unchanged=482, early_stops=8/8
26 - INFO - chord#: 20 In build_straw_man_chord_sa. tolerance = 1, sa_iterations = 1000, initial_temperature = 3.0, cooling_rate = 0.999
26 - INFO - chord#: 20 done. best_score=78.0, changed=613, unchanged=237, early_stops=8/8
26 - INFO - chord#: 24 In build_straw_man_chord_sa. tolerance = 1, sa_iterations = 1000, initial_temperature = 3.0, cooling_rate = 0.999
26 - INFO - chord#: 16 done. best_score=27.0, changed=529, unchanged=436, early_stops=8/8
26 - INFO - chord#: 20 In build_straw_man_chord_sa. tolerance = 1, sa_iterations = 1000, initial_temperature = 3.0, cooling_rate = 0.999
26 - INFO - chord#: 20 done. best_score=137.0, changed=614, unchanged=246, early_stops=8/8
26 - INFO - chord#: 24 In build_straw_man_chord_sa. tolerance = 1, sa_iterations = 1000, initial_temperature = 3.0, cooling_rate = 0.999
26 - INFO - chord#: 16 done. best_score=27.0, changed=518, unchanged=379, early_stops=8/8
26 - INFO - chord#: 20 In build_straw_man_chord_sa. tolerance = 1, sa_iterations = 1000, initial_temperature = 3.0, cooling_rate = 0.999
26 - INFO - chord#: 20 done. best_score=78.0, changed=614, unchanged=302, early_stops=8/8
26 - INFO - chord#: 24 In build_straw_man_chord_sa. tolerance = 1, sa_iterations = 1000, initial_temperature = 3.0, cooling_rate = 0.999
26 - INFO - chord#: 16 done. best_score=27.0, changed=534, unchanged=386, early_stops=8/8
26 - INFO - chord#: 20 In build_straw_man_chord_sa. tolerance = 1, sa_iterations = 1000, initial_temperature = 3.0, cooling_rate = 0.999
26 - INFO - chord#: 20 done. best_score=67.0, changed=609, unchanged=366, early_stops=8/8
26 - INFO - chord#: 24 In build_straw_man_chord_sa. tolerance = 1, sa_iterations = 1000, initial_temperature = 3.0, cooling_rate = 0.999
26 - INFO - chord#: 24 done. best_score=27.0, changed=517, unchanged=345, early_stops=8/8
26 - INFO - chord#: 26 In build_straw_man_chord_sa. tolerance = 1, sa_iterations = 1000, initial_temperature = 3.0, cooling_rate = 0.999
26 - INFO - chord#: 20 done. best_score=78.0, changed=611, unchanged=322, early_stops=8/8
26 - INFO - chord#: 24 In build_straw_man_chord_sa. tolerance = 1, sa_iterations = 1000, initial_temperature = 3.0, cooling_rate = 0.999
26 - INFO - chord#: 24 done. best_score=27.0, changed=524, unchanged=433, early_stops=8/8
26 - INFO - chord#: 26 In build_straw_man_chord_sa. tolerance = 1, sa_iterations = 1000, initial_temperature = 3.0, cooling_rate = 0.999
26 - INFO - chord#: 24 done. best_score=27.0, changed=519, unchanged=380, early_stops=8/8
26 - INFO - chord#: 26 In build_straw_man_chord_sa. tolerance = 1, sa_iterations = 1000, initial_temperature = 3.0, cooling_rate = 0.999
26 - INFO - chord#: 20 done. best_score=78.0, changed=617, unchanged=552, early_stops=8/8
26 - INFO - chord#: 24 In build_straw_man_chord_sa. tolerance = 1, sa_iterations = 1000, initial_temperature = 3.0, cooling_rate = 0.999
26 - INFO - chord#: 24 done. best_score=27.0, changed=530, unchanged=514, early_stops=8/8
26 - INFO - chord#: 26 In build_straw_man_chord_sa. tolerance = 1, sa_iterations = 1000, initial_temperature = 3.0, cooling_rate = 0.999
26 - INFO - chord#: 20 done. best_score=96.0, changed=613, unchanged=310, early_stops=8/8
26 - INFO - chord#: 24 In build_straw_man_chord_sa. tolerance = 1, sa_iterations = 1000, initial_temperature = 3.0, cooling_rate = 0.999
26 - INFO - chord#: 20 done. best_score=125.0, changed=612, unchanged=219, early_stops=8/8
26 - INFO - chord#: 24 In build_straw_man_chord_sa. tolerance = 1, sa_iterations = 1000, initial_temperature = 3.0, cooling_rate = 0.999
26 - INFO - chord#: 24 done. best_score=27.0, changed=522, unchanged=375, early_stops=8/8
26 - INFO - chord#: 26 In build_straw_man_chord_sa. tolerance = 1, sa_iterations = 1000, initial_temperature = 3.0, cooling_rate = 0.999
26 - INFO - chord#: 24 done. best_score=27.0, changed=510, unchanged=380, early_stops=8/8
26 - INFO - chord#: 26 In build_straw_man_chord_sa. tolerance = 1, sa_iterations = 1000, initial_temperature = 3.0, cooling_rate = 0.999
26 - INFO - chord#: 20 done. best_score=131.0, changed=615, unchanged=447, early_stops=8/8
26 - INFO - chord#: 24 In build_straw_man_chord_sa. tolerance = 1, sa_iterations = 1000, initial_temperature = 3.0, cooling_rate = 0.999
26 - INFO - chord#: 26 done. best_score=125.0, changed=603, unchanged=199, early_stops=8/8
26 - INFO - chord#: 28 In build_straw_man_chord_sa. tolerance = 1, sa_iterations = 1000, initial_temperature = 3.0, cooling_rate = 0.999
26 - INFO - chord#: 20 done. best_score=78.0, changed=612, unchanged=379, early_stops=8/8
26 - INFO - chord#: 24 In build_straw_man_chord_sa. tolerance = 1, sa_iterations = 1000, initial_temperature = 3.0, cooling_rate = 0.999
26 - INFO - chord#: 26 done. best_score=67.0, changed=609, unchanged=319, early_stops=8/8
26 - INFO - chord#: 28 In build_straw_man_chord_sa. tolerance = 1, sa_iterations = 1000, initial_temperature = 3.0, cooling_rate = 0.999
26 - INFO - chord#: 20 done. best_score=67.0, changed=617, unchanged=487, early_stops=8/8
26 - INFO - chord#: 24 In build_straw_man_chord_sa. tolerance = 1, sa_iterations = 1000, initial_temperature = 3.0, cooling_rate = 0.999
26 - INFO - chord#: 26 done. best_score=96.0, changed=615, unchanged=361, early_stops=8/8
26 - INFO - chord#: 28 In build_straw_man_chord_sa. tolerance = 1, sa_iterations = 1000, initial_temperature = 3.0, cooling_rate = 0.999
26 - INFO - chord#: 24 done. best_score=27.0, changed=522, unchanged=360, early_stops=8/8
26 - INFO - chord#: 26 In build_straw_man_chord_sa. tolerance = 1, sa_iterations = 1000, initial_temperature = 3.0, cooling_rate = 0.999
26 - INFO - chord#: 20 done. best_score=78.0, changed=615, unchanged=465, early_stops=8/8
26 - INFO - chord#: 24 In build_straw_man_chord_sa. tolerance = 1, sa_iterations = 1000, initial_temperature = 3.0, cooling_rate = 0.999
26 - INFO - chord#: 24 done. best_score=27.0, changed=525, unchanged=523, early_stops=8/8
26 - INFO - chord#: 26 In build_straw_man_chord_sa. tolerance = 1, sa_iterations = 1000, initial_temperature = 3.0, cooling_rate = 0.999
26 - INFO - chord#: 26 done. best_score=67.0, changed=611, unchanged=319, early_stops=8/8
26 - INFO - chord#: 28 In build_straw_man_chord_sa. tolerance = 1, sa_iterations = 1000, initial_temperature = 3.0, cooling_rate = 0.999
26 - INFO - chord#: 28 done. best_score=27.0, changed=526, unchanged=505, early_stops=8/8
26 - INFO - chord#: 32 In build_straw_man_chord_sa. tolerance = 1, sa_iterations = 1000, initial_temperature = 3.0, cooling_rate = 0.999
26 - INFO - chord#: 28 done. best_score=27.0, changed=519, unchanged=392, early_stops=8/8
26 - INFO - chord#: 32 In build_straw_man_chord_sa. tolerance = 1, sa_iterations = 1000, initial_temperature = 3.0, cooling_rate = 0.999
26 - INFO - chord#: 24 done. best_score=27.0, changed=524, unchanged=465, early_stops=8/8
26 - INFO - chord#: 26 In build_straw_man_chord_sa. tolerance = 1, sa_iterations = 1000, initial_temperature = 3.0, cooling_rate = 0.999
26 - INFO - chord#: 28 done. best_score=27.0, changed=518, unchanged=349, early_stops=8/8
26 - INFO - chord#: 32 In build_straw_man_chord_sa. tolerance = 1, sa_iterations = 1000, initial_temperature = 3.0, cooling_rate = 0.999
26 - INFO - chord#: 24 done. best_score=27.0, changed=525, unchanged=404, early_stops=8/8
26 - INFO - chord#: 26 In build_straw_man_chord_sa. tolerance = 1, sa_iterations = 1000, initial_temperature = 3.0, cooling_rate = 0.999
26 - INFO - chord#: 24 done. best_score=27.0, changed=521, unchanged=404, early_stops=8/8
26 - INFO - chord#: 26 In build_straw_man_chord_sa. tolerance = 1, sa_iterations = 1000, initial_temperature = 3.0, cooling_rate = 0.999
26 - INFO - chord#: 26 done. best_score=137.0, changed=610, unchanged=335, early_stops=8/8
26 - INFO - chord#: 28 In build_straw_man_chord_sa. tolerance = 1, sa_iterations = 1000, initial_temperature = 3.0, cooling_rate = 0.999
26 - INFO - chord#: 24 done. best_score=27.0, changed=527, unchanged=464, early_stops=8/8
26 - INFO - chord#: 26 In build_straw_man_chord_sa. tolerance = 1, sa_iterations = 1000, initial_temperature = 3.0, cooling_rate = 0.999
26 - INFO - chord#: 28 done. best_score=27.0, changed=530, unchanged=459, early_stops=8/8
26 - INFO - chord#: 32 In build_straw_man_chord_sa. tolerance = 1, sa_iterations = 1000, initial_temperature = 3.0, cooling_rate = 0.999
26 - INFO - chord#: 32 done. best_score=36.0, changed=519, unchanged=422, early_stops=8/8
26 - INFO - chord#: 36 In build_straw_man_chord_sa. tolerance = 1, sa_iterations = 1000, initial_temperature = 3.0, cooling_rate = 0.999
26 - INFO - chord#: 32 done. best_score=36.0, changed=522, unchanged=423, early_stops=8/8
26 - INFO - chord#: 36 In build_straw_man_chord_sa. tolerance = 1, sa_iterations = 1000, initial_temperature = 3.0, cooling_rate = 0.999
26 - INFO - chord#: 32 done. best_score=36.0, changed=519, unchanged=301, early_stops=8/8
26 - INFO - chord#: 36 In build_straw_man_chord_sa. tolerance = 1, sa_iterations = 1000, initial_temperature = 3.0, cooling_rate = 0.999
26 - INFO - chord#: 26 done. best_score=67.0, changed=615, unchanged=409, early_stops=8/8
26 - INFO - chord#: 28 In build_straw_man_chord_sa. tolerance = 1, sa_iterations = 1000, initial_temperature = 3.0, cooling_rate = 0.999
26 - INFO - chord#: 28 done. best_score=27.0, changed=519, unchanged=405, early_stops=8/8
26 - INFO - chord#: 32 In build_straw_man_chord_sa. tolerance = 1, sa_iterations = 1000, initial_temperature = 3.0, cooling_rate = 0.999
26 - INFO - chord#: 32 done. best_score=36.0, changed=516, unchanged=337, early_stops=8/8
26 - INFO - chord#: 36 In build_straw_man_chord_sa. tolerance = 1, sa_iterations = 1000, initial_temperature = 3.0, cooling_rate = 0.999
26 - INFO - chord#: 36 done. best_score=27.0, changed=523, unchanged=330, early_stops=8/8
26 - INFO - chord#: 40 In build_straw_man_chord_sa. tolerance = 1, sa_iterations = 1000, initial_temperature = 3.0, cooling_rate = 0.999
26 - INFO - chord#: 36 done. best_score=27.0, changed=519, unchanged=465, early_stops=8/8
26 - INFO - chord#: 40 In build_straw_man_chord_sa. tolerance = 1, sa_iterations = 1000, initial_temperature = 3.0, cooling_rate = 0.999
26 - INFO - chord#: 36 done. best_score=27.0, changed=525, unchanged=375, early_stops=8/8
26 - INFO - chord#: 40 In build_straw_man_chord_sa. tolerance = 1, sa_iterations = 1000, initial_temperature = 3.0, cooling_rate = 0.999
26 - INFO - chord#: 26 done. best_score=157.0, changed=612, unchanged=422, early_stops=8/8
26 - INFO - chord#: 28 In build_straw_man_chord_sa. tolerance = 1, sa_iterations = 1000, initial_temperature = 3.0, cooling_rate = 0.999
26 - INFO - chord#: 32 done. best_score=36.0, changed=527, unchanged=426, early_stops=8/8
26 - INFO - chord#: 36 In build_straw_man_chord_sa. tolerance = 1, sa_iterations = 1000, initial_temperature = 3.0, cooling_rate = 0.999
26 - INFO - chord#: 26 done. best_score=67.0, changed=615, unchanged=362, early_stops=8/8
26 - INFO - chord#: 28 In build_straw_man_chord_sa. tolerance = 1, sa_iterations = 1000, initial_temperature = 3.0, cooling_rate = 0.999
26 - INFO - chord#: 28 done. best_score=27.0, changed=526, unchanged=398, early_stops=8/8
26 - INFO - chord#: 32 In build_straw_man_chord_sa. tolerance = 1, sa_iterations = 1000, initial_temperature = 3.0, cooling_rate = 0.999
26 - INFO - chord#: 40 done. best_score=27.0, changed=511, unchanged=319, early_stops=8/8
26 - INFO - chord#: 42 In build_straw_man_chord_sa. tolerance = 1, sa_iterations = 1000, initial_temperature = 3.0, cooling_rate = 0.999
26 - INFO - chord#: 26 done. best_score=67.0, changed=611, unchanged=381, early_stops=8/8
26 - INFO - chord#: 28 In build_straw_man_chord_sa. tolerance = 1, sa_iterations = 1000, initial_temperature = 3.0, cooling_rate = 0.999
26 - INFO - chord#: 36 done. best_score=27.0, changed=523, unchanged=554, early_stops=8/8
26 - INFO - chord#: 40 In build_straw_man_chord_sa. tolerance = 1, sa_iterations = 1000, initial_temperature = 3.0, cooling_rate = 0.999
26 - INFO - chord#: 40 done. best_score=27.0, changed=515, unchanged=321, early_stops=8/8
26 - INFO - chord#: 42 In build_straw_man_chord_sa. tolerance = 1, sa_iterations = 1000, initial_temperature = 3.0, cooling_rate = 0.999
26 - INFO - chord#: 40 done. best_score=27.0, changed=521, unchanged=362, early_stops=8/8
26 - INFO - chord#: 42 In build_straw_man_chord_sa. tolerance = 1, sa_iterations = 1000, initial_temperature = 3.0, cooling_rate = 0.999
26 - INFO - chord#: 26 done. best_score=67.0, changed=611, unchanged=354, early_stops=8/8
26 - INFO - chord#: 28 In build_straw_man_chord_sa. tolerance = 1, sa_iterations = 1000, initial_temperature = 3.0, cooling_rate = 0.999
26 - INFO - chord#: 26 done. best_score=67.0, changed=613, unchanged=370, early_stops=8/8
26 - INFO - chord#: 28 In build_straw_man_chord_sa. tolerance = 1, sa_iterations = 1000, initial_temperature = 3.0, cooling_rate = 0.999
26 - INFO - chord#: 26 done. best_score=137.0, changed=613, unchanged=306, early_stops=8/8
26 - INFO - chord#: 28 In build_straw_man_chord_sa. tolerance = 1, sa_iterations = 1000, initial_temperature = 3.0, cooling_rate = 0.999
26 - INFO - chord#: 42 done. best_score=72.0, changed=530, unchanged=347, early_stops=8/8
26 - INFO - chord#: 44 In build_straw_man_chord_sa. tolerance = 1, sa_iterations = 1000, initial_temperature = 3.0, cooling_rate = 0.999
26 - INFO - chord#: 36 done. best_score=27.0, changed=522, unchanged=422, early_stops=8/8
26 - INFO - chord#: 40 In build_straw_man_chord_sa. tolerance = 1, sa_iterations = 1000, initial_temperature = 3.0, cooling_rate = 0.999
26 - INFO - chord#: 42 done. best_score=36.0, changed=538, unchanged=368, early_stops=8/8
26 - INFO - chord#: 44 In build_straw_man_chord_sa. tolerance = 1, sa_iterations = 1000, initial_temperature = 3.0, cooling_rate = 0.999
26 - INFO - chord#: 28 done. best_score=27.0, changed=514, unchanged=342, early_stops=8/8
26 - INFO - chord#: 32 In build_straw_man_chord_sa. tolerance = 1, sa_iterations = 1000, initial_temperature = 3.0, cooling_rate = 0.999
26 - INFO - chord#: 40 done. best_score=27.0, changed=529, unchanged=475, early_stops=8/8
26 - INFO - chord#: 42 In build_straw_man_chord_sa. tolerance = 1, sa_iterations = 1000, initial_temperature = 3.0, cooling_rate = 0.999
26 - INFO - chord#: 42 done. best_score=36.0, changed=538, unchanged=334, early_stops=8/8
26 - INFO - chord#: 44 In build_straw_man_chord_sa. tolerance = 1, sa_iterations = 1000, initial_temperature = 3.0, cooling_rate = 0.999
26 - INFO - chord#: 28 done. best_score=27.0, changed=524, unchanged=392, early_stops=8/8
26 - INFO - chord#: 32 In build_straw_man_chord_sa. tolerance = 1, sa_iterations = 1000, initial_temperature = 3.0, cooling_rate = 0.999
26 - INFO - chord#: 32 done. best_score=36.0, changed=520, unchanged=352, early_stops=8/8
26 - INFO - chord#: 36 In build_straw_man_chord_sa. tolerance = 1, sa_iterations = 1000, initial_temperature = 3.0, cooling_rate = 0.999
26 - INFO - chord#: 28 done. best_score=27.0, changed=520, unchanged=519, early_stops=8/8
26 - INFO - chord#: 32 In build_straw_man_chord_sa. tolerance = 1, sa_iterations = 1000, initial_temperature = 3.0, cooling_rate = 0.999
26 - INFO - chord#: 28 done. best_score=27.0, changed=519, unchanged=322, early_stops=8/8
26 - INFO - chord#: 32 In build_straw_man_chord_sa. tolerance = 1, sa_iterations = 1000, initial_temperature = 3.0, cooling_rate = 0.999
26 - INFO - chord#: 28 done. best_score=27.0, changed=516, unchanged=318, early_stops=8/8
26 - INFO - chord#: 32 In build_straw_man_chord_sa. tolerance = 1, sa_iterations = 1000, initial_temperature = 3.0, cooling_rate = 0.999
26 - INFO - chord#: 42 done. best_score=75.0, changed=520, unchanged=326, early_stops=8/8
26 - INFO - chord#: 44 In build_straw_man_chord_sa. tolerance = 1, sa_iterations = 1000, initial_temperature = 3.0, cooling_rate = 0.999
26 - INFO - chord#: 40 done. best_score=27.0, changed=520, unchanged=353, early_stops=8/8
26 - INFO - chord#: 42 In build_straw_man_chord_sa. tolerance = 1, sa_iterations = 1000, initial_temperature = 3.0, cooling_rate = 0.999
26 - INFO - chord#: 44 done. best_score=27.0, changed=518, unchanged=377, early_stops=8/8
26 - INFO - chord#: 46 In build_straw_man_chord_sa. tolerance = 1, sa_iterations = 1000, initial_temperature = 3.0, cooling_rate = 0.999
26 - INFO - chord#: 32 done. best_score=36.0, changed=526, unchanged=335, early_stops=8/8
26 - INFO - chord#: 36 In build_straw_man_chord_sa. tolerance = 1, sa_iterations = 1000, initial_temperature = 3.0, cooling_rate = 0.999
26 - INFO - chord#: 28 done. best_score=27.0, changed=516, unchanged=377, early_stops=8/8
26 - INFO - chord#: 32 In build_straw_man_chord_sa. tolerance = 1, sa_iterations = 1000, initial_temperature = 3.0, cooling_rate = 0.999
26 - INFO - chord#: 44 done. best_score=27.0, changed=526, unchanged=680, early_stops=8/8
26 - INFO - chord#: 46 In build_straw_man_chord_sa. tolerance = 1, sa_iterations = 1000, initial_temperature = 3.0, cooling_rate = 0.999
26 - INFO - chord#: 44 done. best_score=27.0, changed=529, unchanged=543, early_stops=8/8
26 - INFO - chord#: 46 In build_straw_man_chord_sa. tolerance = 1, sa_iterations = 1000, initial_temperature = 3.0, cooling_rate = 0.999
26 - INFO - chord#: 32 done. best_score=36.0, changed=519, unchanged=364, early_stops=8/8
26 - INFO - chord#: 36 In build_straw_man_chord_sa. tolerance = 1, sa_iterations = 1000, initial_temperature = 3.0, cooling_rate = 0.999
26 - INFO - chord#: 36 done. best_score=27.0, changed=530, unchanged=423, early_stops=8/8
26 - INFO - chord#: 40 In build_straw_man_chord_sa. tolerance = 1, sa_iterations = 1000, initial_temperature = 3.0, cooling_rate = 0.999
26 - INFO - chord#: 32 done. best_score=36.0, changed=531, unchanged=399, early_stops=8/8
26 - INFO - chord#: 36 In build_straw_man_chord_sa. tolerance = 1, sa_iterations = 1000, initial_temperature = 3.0, cooling_rate = 0.999
26 - INFO - chord#: 42 done. best_score=36.0, changed=529, unchanged=325, early_stops=8/8
26 - INFO - chord#: 44 In build_straw_man_chord_sa. tolerance = 1, sa_iterations = 1000, initial_temperature = 3.0, cooling_rate = 0.999
26 - INFO - chord#: 32 done. best_score=36.0, changed=528, unchanged=347, early_stops=8/8
26 - INFO - chord#: 36 In build_straw_man_chord_sa. tolerance = 1, sa_iterations = 1000, initial_temperature = 3.0, cooling_rate = 0.999
26 - INFO - chord#: 44 done. best_score=27.0, changed=530, unchanged=510, early_stops=8/8
26 - INFO - chord#: 46 In build_straw_man_chord_sa. tolerance = 1, sa_iterations = 1000, initial_temperature = 3.0, cooling_rate = 0.999
26 - INFO - chord#: 36 done. best_score=27.0, changed=523, unchanged=444, early_stops=8/8
26 - INFO - chord#: 40 In build_straw_man_chord_sa. tolerance = 1, sa_iterations = 1000, initial_temperature = 3.0, cooling_rate = 0.999
26 - INFO - chord#: 32 done. best_score=36.0, changed=522, unchanged=381, early_stops=8/8
26 - INFO - chord#: 36 In build_straw_man_chord_sa. tolerance = 1, sa_iterations = 1000, initial_temperature = 3.0, cooling_rate = 0.999
26 - INFO - chord#: 32 done. best_score=36.0, changed=521, unchanged=379, early_stops=8/8
26 - INFO - chord#: 36 In build_straw_man_chord_sa. tolerance = 1, sa_iterations = 1000, initial_temperature = 3.0, cooling_rate = 0.999
26 - INFO - chord#: 40 done. best_score=27.0, changed=512, unchanged=321, early_stops=8/8
26 - INFO - chord#: 42 In build_straw_man_chord_sa. tolerance = 1, sa_iterations = 1000, initial_temperature = 3.0, cooling_rate = 0.999
26 - INFO - chord#: 44 done. best_score=27.0, changed=520, unchanged=357, early_stops=8/8
26 - INFO - chord#: 46 In build_straw_man_chord_sa. tolerance = 1, sa_iterations = 1000, initial_temperature = 3.0, cooling_rate = 0.999
26 - INFO - chord#: 36 done. best_score=27.0, changed=522, unchanged=401, early_stops=8/8
26 - INFO - chord#: 40 In build_straw_man_chord_sa. tolerance = 1, sa_iterations = 1000, initial_temperature = 3.0, cooling_rate = 0.999
26 - INFO - chord#: 36 done. best_score=27.0, changed=533, unchanged=522, early_stops=8/8
26 - INFO - chord#: 40 In build_straw_man_chord_sa. tolerance = 1, sa_iterations = 1000, initial_temperature = 3.0, cooling_rate = 0.999
26 - INFO - chord#: 36 done. best_score=27.0, changed=519, unchanged=371, early_stops=8/8
26 - INFO - chord#: 40 In build_straw_man_chord_sa. tolerance = 1, sa_iterations = 1000, initial_temperature = 3.0, cooling_rate = 0.999
26 - INFO - chord#: 46 done. best_score=74.0, changed=609, unchanged=335, early_stops=8/8
26 - INFO - chord#: 48 In build_straw_man_chord_sa. tolerance = 1, sa_iterations = 1000, initial_temperature = 3.0, cooling_rate = 0.999
26 - INFO - chord#: 40 done. best_score=27.0, changed=532, unchanged=599, early_stops=8/8
26 - INFO - chord#: 42 In build_straw_man_chord_sa. tolerance = 1, sa_iterations = 1000, initial_temperature = 3.0, cooling_rate = 0.999
26 - INFO - chord#: 46 done. best_score=104.0, changed=610, unchanged=315, early_stops=8/8
26 - INFO - chord#: 48 In build_straw_man_chord_sa. tolerance = 1, sa_iterations = 1000, initial_temperature = 3.0, cooling_rate = 0.999
26 - INFO - chord#: 46 done. best_score=74.0, changed=617, unchanged=401, early_stops=8/8
26 - INFO - chord#: 48 In build_straw_man_chord_sa. tolerance = 1, sa_iterations = 1000, initial_temperature = 3.0, cooling_rate = 0.999
26 - INFO - chord#: 36 done. best_score=27.0, changed=517, unchanged=376, early_stops=8/8
26 - INFO - chord#: 40 In build_straw_man_chord_sa. tolerance = 1, sa_iterations = 1000, initial_temperature = 3.0, cooling_rate = 0.999
26 - INFO - chord#: 36 done. best_score=27.0, changed=523, unchanged=481, early_stops=8/8
26 - INFO - chord#: 40 In build_straw_man_chord_sa. tolerance = 1, sa_iterations = 1000, initial_temperature = 3.0, cooling_rate = 0.999
26 - INFO - chord#: 42 done. best_score=36.0, changed=525, unchanged=310, early_stops=8/8
26 - INFO - chord#: 44 In build_straw_man_chord_sa. tolerance = 1, sa_iterations = 1000, initial_temperature = 3.0, cooling_rate = 0.999
26 - INFO - chord#: 40 done. best_score=27.0, changed=515, unchanged=341, early_stops=8/8
26 - INFO - chord#: 42 In build_straw_man_chord_sa. tolerance = 1, sa_iterations = 1000, initial_temperature = 3.0, cooling_rate = 0.999
26 - INFO - chord#: 46 done. best_score=74.0, changed=613, unchanged=286, early_stops=8/8
26 - INFO - chord#: 48 In build_straw_man_chord_sa. tolerance = 1, sa_iterations = 1000, initial_temperature = 3.0, cooling_rate = 0.999
26 - INFO - chord#: 42 done. best_score=36.0, changed=518, unchanged=301, early_stops=8/8
26 - INFO - chord#: 44 In build_straw_man_chord_sa. tolerance = 1, sa_iterations = 1000, initial_temperature = 3.0, cooling_rate = 0.999
26 - INFO - chord#: 40 done. best_score=27.0, changed=518, unchanged=351, early_stops=8/8
26 - INFO - chord#: 42 In build_straw_man_chord_sa. tolerance = 1, sa_iterations = 1000, initial_temperature = 3.0, cooling_rate = 0.999
26 - INFO - chord#: 40 done. best_score=27.0, changed=521, unchanged=388, early_stops=8/8
26 - INFO - chord#: 42 In build_straw_man_chord_sa. tolerance = 1, sa_iterations = 1000, initial_temperature = 3.0, cooling_rate = 0.999
26 - INFO - chord#: 48 done. best_score=27.0, changed=522, unchanged=466, early_stops=8/8
26 - INFO - chord#: 50 In build_straw_man_chord_sa. tolerance = 1, sa_iterations = 1000, initial_temperature = 3.0, cooling_rate = 0.999
26 - INFO - chord#: 48 done. best_score=27.0, changed=522, unchanged=409, early_stops=8/8
26 - INFO - chord#: 50 In build_straw_man_chord_sa. tolerance = 1, sa_iterations = 1000, initial_temperature = 3.0, cooling_rate = 0.999
26 - INFO - chord#: 48 done. best_score=27.0, changed=524, unchanged=415, early_stops=8/8
26 - INFO - chord#: 50 In build_straw_man_chord_sa. tolerance = 1, sa_iterations = 1000, initial_temperature = 3.0, cooling_rate = 0.999
26 - INFO - chord#: 40 done. best_score=27.0, changed=525, unchanged=333, early_stops=8/8
26 - INFO - chord#: 42 In build_straw_man_chord_sa. tolerance = 1, sa_iterations = 1000, initial_temperature = 3.0, cooling_rate = 0.999
26 - INFO - chord#: 40 done. best_score=27.0, changed=520, unchanged=334, early_stops=8/8
26 - INFO - chord#: 42 In build_straw_man_chord_sa. tolerance = 1, sa_iterations = 1000, initial_temperature = 3.0, cooling_rate = 0.999
26 - INFO - chord#: 44 done. best_score=27.0, changed=522, unchanged=361, early_stops=8/8
26 - INFO - chord#: 46 In build_straw_man_chord_sa. tolerance = 1, sa_iterations = 1000, initial_temperature = 3.0, cooling_rate = 0.999
26 - INFO - chord#: 42 done. best_score=36.0, changed=537, unchanged=364, early_stops=8/8
26 - INFO - chord#: 44 In build_straw_man_chord_sa. tolerance = 1, sa_iterations = 1000, initial_temperature = 3.0, cooling_rate = 0.999
26 - INFO - chord#: 48 done. best_score=27.0, changed=519, unchanged=378, early_stops=8/8
26 - INFO - chord#: 50 In build_straw_man_chord_sa. tolerance = 1, sa_iterations = 1000, initial_temperature = 3.0, cooling_rate = 0.999
26 - INFO - chord#: 44 done. best_score=27.0, changed=525, unchanged=498, early_stops=8/8
26 - INFO - chord#: 46 In build_straw_man_chord_sa. tolerance = 1, sa_iterations = 1000, initial_temperature = 3.0, cooling_rate = 0.999
26 - INFO - chord#: 42 done. best_score=36.0, changed=536, unchanged=296, early_stops=8/8
26 - INFO - chord#: 44 In build_straw_man_chord_sa. tolerance = 1, sa_iterations = 1000, initial_temperature = 3.0, cooling_rate = 0.999
26 - INFO - chord#: 46 done. best_score=74.0, changed=613, unchanged=469, early_stops=8/8
26 - INFO - chord#: 48 In build_straw_man_chord_sa. tolerance = 1, sa_iterations = 1000, initial_temperature = 3.0, cooling_rate = 0.999
26 - INFO - chord#: 50 done. best_score=27.0, changed=523, unchanged=415, early_stops=8/8
26 - INFO - chord#: 42 done. best_score=36.0, changed=526, unchanged=443, early_stops=8/8
26 - INFO - chord#: 52 In build_straw_man_chord_sa. tolerance = 1, sa_iterations = 1000, initial_temperature = 3.0, cooling_rate = 0.999
26 - INFO - chord#: 44 In build_straw_man_chord_sa. tolerance = 1, sa_iterations = 1000, initial_temperature = 3.0, cooling_rate = 0.999
26 - INFO - chord#: 50 done. best_score=27.0, changed=529, unchanged=526, early_stops=8/8
26 - INFO - chord#: 50 done. best_score=27.0, changed=524, unchanged=416, early_stops=8/8
26 - INFO - chord#: 52 In build_straw_man_chord_sa. tolerance = 1, sa_iterations = 1000, initial_temperature = 3.0, cooling_rate = 0.999
26 - INFO - chord#: 52 In build_straw_man_chord_sa. tolerance = 1, sa_iterations = 1000, initial_temperature = 3.0, cooling_rate = 0.999
26 - INFO - chord#: 42 done. best_score=36.0, changed=524, unchanged=300, early_stops=8/8
26 - INFO - chord#: 44 In build_straw_man_chord_sa. tolerance = 1, sa_iterations = 1000, initial_temperature = 3.0, cooling_rate = 0.999
26 - INFO - chord#: 42 done. best_score=36.0, changed=526, unchanged=322, early_stops=8/8
26 - INFO - chord#: 44 In build_straw_man_chord_sa. tolerance = 1, sa_iterations = 1000, initial_temperature = 3.0, cooling_rate = 0.999
26 - INFO - chord#: 50 done. best_score=27.0, changed=517, unchanged=346, early_stops=8/8
26 - INFO - chord#: 52 In build_straw_man_chord_sa. tolerance = 1, sa_iterations = 1000, initial_temperature = 3.0, cooling_rate = 0.999
26 - INFO - chord#: 44 done. best_score=36.0, changed=510, unchanged=335, early_stops=8/8
26 - INFO - chord#: 46 In build_straw_man_chord_sa. tolerance = 1, sa_iterations = 1000, initial_temperature = 3.0, cooling_rate = 0.999
26 - INFO - chord#: 44 done. best_score=27.0, changed=528, unchanged=494, early_stops=8/8
26 - INFO - chord#: 46 In build_straw_man_chord_sa. tolerance = 1, sa_iterations = 1000, initial_temperature = 3.0, cooling_rate = 0.999
26 - INFO - chord#: 48 done. best_score=27.0, changed=529, unchanged=548, early_stops=8/8
26 - INFO - chord#: 50 In build_straw_man_chord_sa. tolerance = 1, sa_iterations = 1000, initial_temperature = 3.0, cooling_rate = 0.999
26 - INFO - chord#: 44 done. best_score=27.0, changed=525, unchanged=437, early_stops=8/8
26 - INFO - chord#: 46 In build_straw_man_chord_sa. tolerance = 1, sa_iterations = 1000, initial_temperature = 3.0, cooling_rate = 0.999
26 - INFO - chord#: 44 done. best_score=27.0, changed=535, unchanged=513, early_stops=8/8
26 - INFO - chord#: 46 In build_straw_man_chord_sa. tolerance = 1, sa_iterations = 1000, initial_temperature = 3.0, cooling_rate = 0.999
26 - INFO - chord#: 44 done. best_score=27.0, changed=520, unchanged=416, early_stops=8/8
26 - INFO - chord#: 46 In build_straw_man_chord_sa. tolerance = 1, sa_iterations = 1000, initial_temperature = 3.0, cooling_rate = 0.999
26 - INFO - chord#: 52 done. best_score=137.0, changed=608, unchanged=208, early_stops=8/8
26 - INFO - chord#: 56 In build_straw_man_chord_sa. tolerance = 1, sa_iterations = 1000, initial_temperature = 3.0, cooling_rate = 0.999
26 - INFO - chord#: 52 done. best_score=137.0, changed=607, unchanged=212, early_stops=8/8
26 - INFO - chord#: 56 In build_straw_man_chord_sa. tolerance = 1, sa_iterations = 1000, initial_temperature = 3.0, cooling_rate = 0.999
26 - INFO - chord#: 50 done. best_score=27.0, changed=517, unchanged=349, early_stops=8/8
26 - INFO - chord#: 52 In build_straw_man_chord_sa. tolerance = 1, sa_iterations = 1000, initial_temperature = 3.0, cooling_rate = 0.999
26 - INFO - chord#: 46 done. best_score=74.0, changed=617, unchanged=456, early_stops=8/8
26 - INFO - chord#: 48 In build_straw_man_chord_sa. tolerance = 1, sa_iterations = 1000, initial_temperature = 3.0, cooling_rate = 0.999
26 - INFO - chord#: 52 done. best_score=119.0, changed=612, unchanged=328, early_stops=8/8
26 - INFO - chord#: 56 In build_straw_man_chord_sa. tolerance = 1, sa_iterations = 1000, initial_temperature = 3.0, cooling_rate = 0.999
26 - INFO - chord#: 52 done. best_score=78.0, changed=607, unchanged=266, early_stops=8/8
26 - INFO - chord#: 56 In build_straw_man_chord_sa. tolerance = 1, sa_iterations = 1000, initial_temperature = 3.0, cooling_rate = 0.999
26 - INFO - chord#: 46 done. best_score=104.0, changed=608, unchanged=420, early_stops=8/8
26 - INFO - chord#: 48 In build_straw_man_chord_sa. tolerance = 1, sa_iterations = 1000, initial_temperature = 3.0, cooling_rate = 0.999
26 - INFO - chord#: 56 done. best_score=27.0, changed=511, unchanged=340, early_stops=8/8
26 - INFO - chord#: 58 In build_straw_man_chord_sa. tolerance = 1, sa_iterations = 1000, initial_temperature = 3.0, cooling_rate = 0.999
26 - INFO - chord#: 56 done. best_score=27.0, changed=524, unchanged=565, early_stops=8/8
26 - INFO - chord#: 58 In build_straw_man_chord_sa. tolerance = 1, sa_iterations = 1000, initial_temperature = 3.0, cooling_rate = 0.999
26 - INFO - chord#: 48 done. best_score=27.0, changed=524, unchanged=346, early_stops=8/8
26 - INFO - chord#: 50 In build_straw_man_chord_sa. tolerance = 1, sa_iterations = 1000, initial_temperature = 3.0, cooling_rate = 0.999
26 - INFO - chord#: 56 done. best_score=27.0, changed=523, unchanged=371, early_stops=8/8
26 - INFO - chord#: 58 In build_straw_man_chord_sa. tolerance = 1, sa_iterations = 1000, initial_temperature = 3.0, cooling_rate = 0.999
26 - INFO - chord#: 46 done. best_score=141.0, changed=611, unchanged=246, early_stops=8/8
26 - INFO - chord#: 48 In build_straw_man_chord_sa. tolerance = 1, sa_iterations = 1000, initial_temperature = 3.0, cooling_rate = 0.999
26 - INFO - chord#: 46 done. best_score=74.0, changed=609, unchanged=256, early_stops=8/8
26 - INFO - chord#: 48 In build_straw_man_chord_sa. tolerance = 1, sa_iterations = 1000, initial_temperature = 3.0, cooling_rate = 0.999
26 - INFO - chord#: 46 done. best_score=150.0, changed=608, unchanged=203, early_stops=8/8
26 - INFO - chord#: 48 In build_straw_man_chord_sa. tolerance = 1, sa_iterations = 1000, initial_temperature = 3.0, cooling_rate = 0.999
26 - INFO - chord#: 56 done. best_score=27.0, changed=516, unchanged=427, early_stops=8/8
26 - INFO - chord#: 58 In build_straw_man_chord_sa. tolerance = 1, sa_iterations = 1000, initial_temperature = 3.0, cooling_rate = 0.999
26 - INFO - chord#: 58 done. best_score=35.0, changed=535, unchanged=437, early_stops=8/8
26 - INFO - chord#: 60 In build_straw_man_chord_sa. tolerance = 1, sa_iterations = 1000, initial_temperature = 3.0, cooling_rate = 0.999
26 - INFO - chord#: 58 done. best_score=35.0, changed=518, unchanged=364, early_stops=8/8
26 - INFO - chord#: 60 In build_straw_man_chord_sa. tolerance = 1, sa_iterations = 1000, initial_temperature = 3.0, cooling_rate = 0.999
26 - INFO - chord#: 48 done. best_score=27.0, changed=514, unchanged=342, early_stops=8/8
26 - INFO - chord#: 50 In build_straw_man_chord_sa. tolerance = 1, sa_iterations = 1000, initial_temperature = 3.0, cooling_rate = 0.999
26 - INFO - chord#: 58 done. best_score=35.0, changed=525, unchanged=332, early_stops=8/8
26 - INFO - chord#: 60 In build_straw_man_chord_sa. tolerance = 1, sa_iterations = 1000, initial_temperature = 3.0, cooling_rate = 0.999
26 - INFO - chord#: 46 done. best_score=96.0, changed=611, unchanged=234, early_stops=8/8
26 - INFO - chord#: 48 In build_straw_man_chord_sa. tolerance = 1, sa_iterations = 1000, initial_temperature = 3.0, cooling_rate = 0.999
26 - INFO - chord#: 50 done. best_score=27.0, changed=520, unchanged=401, early_stops=8/8
26 - INFO - chord#: 52 In build_straw_man_chord_sa. tolerance = 1, sa_iterations = 1000, initial_temperature = 3.0, cooling_rate = 0.999
26 - INFO - chord#: 46 done. best_score=74.0, changed=613, unchanged=352, early_stops=8/8
26 - INFO - chord#: 48 In build_straw_man_chord_sa. tolerance = 1, sa_iterations = 1000, initial_temperature = 3.0, cooling_rate = 0.999
26 - INFO - chord#: 58 done. best_score=35.0, changed=532, unchanged=376, early_stops=8/8
26 - INFO - chord#: 60 In build_straw_man_chord_sa. tolerance = 1, sa_iterations = 1000, initial_temperature = 3.0, cooling_rate = 0.999
26 - INFO - chord#: 52 done. best_score=78.0, changed=614, unchanged=393, early_stops=8/8
26 - INFO - chord#: 56 In build_straw_man_chord_sa. tolerance = 1, sa_iterations = 1000, initial_temperature = 3.0, cooling_rate = 0.999
26 - INFO - chord#: 60 done. best_score=27.0, changed=531, unchanged=388, early_stops=8/8
26 - INFO - chord#: 64 In build_straw_man_chord_sa. tolerance = 1, sa_iterations = 1000, initial_temperature = 3.0, cooling_rate = 0.999
26 - INFO - chord#: 48 done. best_score=27.0, changed=525, unchanged=574, early_stops=8/8
26 - INFO - chord#: 50 In build_straw_man_chord_sa. tolerance = 1, sa_iterations = 1000, initial_temperature = 3.0, cooling_rate = 0.999
26 - INFO - chord#: 60 done. best_score=27.0, changed=520, unchanged=375, early_stops=8/8
26 - INFO - chord#: 64 In build_straw_man_chord_sa. tolerance = 1, sa_iterations = 1000, initial_temperature = 3.0, cooling_rate = 0.999
26 - INFO - chord#: 48 done. best_score=27.0, changed=520, unchanged=401, early_stops=8/8
26 - INFO - chord#: 50 In build_straw_man_chord_sa. tolerance = 1, sa_iterations = 1000, initial_temperature = 3.0, cooling_rate = 0.999
26 - INFO - chord#: 48 done. best_score=27.0, changed=519, unchanged=376, early_stops=8/8
26 - INFO - chord#: 50 In build_straw_man_chord_sa. tolerance = 1, sa_iterations = 1000, initial_temperature = 3.0, cooling_rate = 0.999
26 - INFO - chord#: 60 done. best_score=27.0, changed=522, unchanged=526, early_stops=8/8
26 - INFO - chord#: 64 In build_straw_man_chord_sa. tolerance = 1, sa_iterations = 1000, initial_temperature = 3.0, cooling_rate = 0.999
26 - INFO - chord#: 50 done. best_score=27.0, changed=525, unchanged=371, early_stops=8/8
26 - INFO - chord#: 52 In build_straw_man_chord_sa. tolerance = 1, sa_iterations = 1000, initial_temperature = 3.0, cooling_rate = 0.999
26 - INFO - chord#: 48 done. best_score=27.0, changed=517, unchanged=391, early_stops=8/8
26 - INFO - chord#: 50 In build_straw_man_chord_sa. tolerance = 1, sa_iterations = 1000, initial_temperature = 3.0, cooling_rate = 0.999
26 - INFO - chord#: 60 done. best_score=27.0, changed=520, unchanged=328, early_stops=8/8
26 - INFO - chord#: 64 In build_straw_man_chord_sa. tolerance = 1, sa_iterations = 1000, initial_temperature = 3.0, cooling_rate = 0.999
26 - INFO - chord#: 56 done. best_score=27.0, changed=519, unchanged=412, early_stops=8/8
26 - INFO - chord#: 58 In build_straw_man_chord_sa. tolerance = 1, sa_iterations = 1000, initial_temperature = 3.0, cooling_rate = 0.999
26 - INFO - chord#: 48 done. best_score=27.0, changed=519, unchanged=425, early_stops=8/8
26 - INFO - chord#: 50 In build_straw_man_chord_sa. tolerance = 1, sa_iterations = 1000, initial_temperature = 3.0, cooling_rate = 0.999
26 - INFO - chord#: 64 done. best_score=27.0, changed=524, unchanged=517, early_stops=8/8
26 - INFO - chord#: 68 In build_straw_man_chord_sa. tolerance = 1, sa_iterations = 1000, initial_temperature = 3.0, cooling_rate = 0.999
26 - INFO - chord#: 64 done. best_score=27.0, changed=515, unchanged=407, early_stops=8/8
26 - INFO - chord#: 68 In build_straw_man_chord_sa. tolerance = 1, sa_iterations = 1000, initial_temperature = 3.0, cooling_rate = 0.999
26 - INFO - chord#: 50 done. best_score=27.0, changed=521, unchanged=323, early_stops=8/8
26 - INFO - chord#: 52 In build_straw_man_chord_sa. tolerance = 1, sa_iterations = 1000, initial_temperature = 3.0, cooling_rate = 0.999
26 - INFO - chord#: 64 done. best_score=27.0, changed=528, unchanged=583, early_stops=8/8
26 - INFO - chord#: 68 In build_straw_man_chord_sa. tolerance = 1, sa_iterations = 1000, initial_temperature = 3.0, cooling_rate = 0.999
26 - INFO - chord#: 50 done. best_score=27.0, changed=517, unchanged=319, early_stops=8/8
26 - INFO - chord#: 52 In build_straw_man_chord_sa. tolerance = 1, sa_iterations = 1000, initial_temperature = 3.0, cooling_rate = 0.999
26 - INFO - chord#: 50 done. best_score=27.0, changed=525, unchanged=425, early_stops=8/8
26 - INFO - chord#: 52 In build_straw_man_chord_sa. tolerance = 1, sa_iterations = 1000, initial_temperature = 3.0, cooling_rate = 0.999
26 - INFO - chord#: 52 done. best_score=142.0, changed=608, unchanged=257, early_stops=8/8
26 - INFO - chord#: 56 In build_straw_man_chord_sa. tolerance = 1, sa_iterations = 1000, initial_temperature = 3.0, cooling_rate = 0.999
26 - INFO - chord#: 64 done. best_score=27.0, changed=524, unchanged=376, early_stops=8/8
26 - INFO - chord#: 68 In build_straw_man_chord_sa. tolerance = 1, sa_iterations = 1000, initial_temperature = 3.0, cooling_rate = 0.999
26 - INFO - chord#: 50 done. best_score=27.0, changed=516, unchanged=336, early_stops=8/8
26 - INFO - chord#: 52 In build_straw_man_chord_sa. tolerance = 1, sa_iterations = 1000, initial_temperature = 3.0, cooling_rate = 0.999
26 - INFO - chord#: 58 done. best_score=35.0, changed=526, unchanged=371, early_stops=8/8
26 - INFO - chord#: 60 In build_straw_man_chord_sa. tolerance = 1, sa_iterations = 1000, initial_temperature = 3.0, cooling_rate = 0.999
26 - INFO - chord#: 68 done. best_score=27.0, changed=530, unchanged=409, early_stops=8/8
26 - INFO - chord#: 70 In build_straw_man_chord_sa. tolerance = 1, sa_iterations = 1000, initial_temperature = 3.0, cooling_rate = 0.999
26 - INFO - chord#: 68 done. best_score=27.0, changed=524, unchanged=439, early_stops=8/8
26 - INFO - chord#: 70 In build_straw_man_chord_sa. tolerance = 1, sa_iterations = 1000, initial_temperature = 3.0, cooling_rate = 0.999
26 - INFO - chord#: 68 done. best_score=27.0, changed=512, unchanged=350, early_stops=8/8
26 - INFO - chord#: 70 In build_straw_man_chord_sa. tolerance = 1, sa_iterations = 1000, initial_temperature = 3.0, cooling_rate = 0.999
26 - INFO - chord#: 50 done. best_score=27.0, changed=528, unchanged=380, early_stops=8/8
26 - INFO - chord#: 52 In build_straw_man_chord_sa. tolerance = 1, sa_iterations = 1000, initial_temperature = 3.0, cooling_rate = 0.999
26 - INFO - chord#: 56 done. best_score=27.0, changed=522, unchanged=490, early_stops=8/8
26 - INFO - chord#: 58 In build_straw_man_chord_sa. tolerance = 1, sa_iterations = 1000, initial_temperature = 3.0, cooling_rate = 0.999
26 - INFO - chord#: 68 done. best_score=27.0, changed=525, unchanged=362, early_stops=8/8
26 - INFO - chord#: 70 In build_straw_man_chord_sa. tolerance = 1, sa_iterations = 1000, initial_temperature = 3.0, cooling_rate = 0.999
26 - INFO - chord#: 60 done. best_score=27.0, changed=525, unchanged=406, early_stops=8/8
26 - INFO - chord#: 64 In build_straw_man_chord_sa. tolerance = 1, sa_iterations = 1000, initial_temperature = 3.0, cooling_rate = 0.999
26 - INFO - chord#: 70 done. best_score=35.0, changed=520, unchanged=321, early_stops=8/8
26 - INFO - chord#: 72 In build_straw_man_chord_sa. tolerance = 1, sa_iterations = 1000, initial_temperature = 3.0, cooling_rate = 0.999
26 - INFO - chord#: 52 done. best_score=67.0, changed=606, unchanged=244, early_stops=8/8
26 - INFO - chord#: 56 In build_straw_man_chord_sa. tolerance = 1, sa_iterations = 1000, initial_temperature = 3.0, cooling_rate = 0.999
26 - INFO - chord#: 70 done. best_score=35.0, changed=530, unchanged=413, early_stops=8/8
26 - INFO - chord#: 72 In build_straw_man_chord_sa. tolerance = 1, sa_iterations = 1000, initial_temperature = 3.0, cooling_rate = 0.999
26 - INFO - chord#: 70 done. best_score=37.0, changed=524, unchanged=534, early_stops=8/8
26 - INFO - chord#: 72 In build_straw_man_chord_sa. tolerance = 1, sa_iterations = 1000, initial_temperature = 3.0, cooling_rate = 0.999
26 - INFO - chord#: 72 done. best_score=11.0, changed=482, unchanged=352, early_stops=8/8
26 - INFO - chord#: 74 In build_straw_man_chord_sa. tolerance = 1, sa_iterations = 1000, initial_temperature = 3.0, cooling_rate = 0.999
26 - INFO - chord#: 72 done. best_score=13.0, changed=502, unchanged=311, early_stops=8/8
26 - INFO - chord#: 74 In build_straw_man_chord_sa. tolerance = 1, sa_iterations = 1000, initial_temperature = 3.0, cooling_rate = 0.999
26 - INFO - chord#: 72 done. best_score=11.0, changed=481, unchanged=337, early_stops=8/8
26 - INFO - chord#: 74 In build_straw_man_chord_sa. tolerance = 1, sa_iterations = 1000, initial_temperature = 3.0, cooling_rate = 0.999
26 - INFO - chord#: 58 done. best_score=35.0, changed=533, unchanged=490, early_stops=8/8
26 - INFO - chord#: 60 In build_straw_man_chord_sa. tolerance = 1, sa_iterations = 1000, initial_temperature = 3.0, cooling_rate = 0.999
26 - INFO - chord#: 70 done. best_score=37.0, changed=525, unchanged=455, early_stops=8/8
26 - INFO - chord#: 72 In build_straw_man_chord_sa. tolerance = 1, sa_iterations = 1000, initial_temperature = 3.0, cooling_rate = 0.999
26 - INFO - chord#: 64 done. best_score=27.0, changed=521, unchanged=458, early_stops=8/8
26 - INFO - chord#: 68 In build_straw_man_chord_sa. tolerance = 1, sa_iterations = 1000, initial_temperature = 3.0, cooling_rate = 0.999
26 - INFO - chord#: 72 done. best_score=11.0, changed=482, unchanged=370, early_stops=8/8
26 - INFO - chord#: 74 In build_straw_man_chord_sa. tolerance = 1, sa_iterations = 1000, initial_temperature = 3.0, cooling_rate = 0.999
26 - INFO - chord#: 52 done. best_score=137.0, changed=616, unchanged=321, early_stops=8/8
26 - INFO - chord#: 56 In build_straw_man_chord_sa. tolerance = 1, sa_iterations = 1000, initial_temperature = 3.0, cooling_rate = 0.999
26 - INFO - chord#: 56 done. best_score=27.0, changed=527, unchanged=457, early_stops=8/8
26 - INFO - chord#: 58 In build_straw_man_chord_sa. tolerance = 1, sa_iterations = 1000, initial_temperature = 3.0, cooling_rate = 0.999
26 - INFO - chord#: 52 done. best_score=78.0, changed=615, unchanged=398, early_stops=8/8
26 - INFO - chord#: 56 In build_straw_man_chord_sa. tolerance = 1, sa_iterations = 1000, initial_temperature = 3.0, cooling_rate = 0.999
26 - INFO - chord#: 60 done. best_score=27.0, changed=523, unchanged=442, early_stops=8/8
26 - INFO - chord#: 64 In build_straw_man_chord_sa. tolerance = 1, sa_iterations = 1000, initial_temperature = 3.0, cooling_rate = 0.999
26 - INFO - chord#: 52 done. best_score=67.0, changed=608, unchanged=284, early_stops=8/8
26 - INFO - chord#: 56 In build_straw_man_chord_sa. tolerance = 1, sa_iterations = 1000, initial_temperature = 3.0, cooling_rate = 0.999
26 - INFO - chord#: 52 done. best_score=67.0, changed=613, unchanged=451, early_stops=8/8
26 - INFO - chord#: 56 In build_straw_man_chord_sa. tolerance = 1, sa_iterations = 1000, initial_temperature = 3.0, cooling_rate = 0.999
26 - INFO - chord#: 52 done. best_score=137.0, changed=610, unchanged=233, early_stops=8/8
26 - INFO - chord#: 56 In build_straw_man_chord_sa. tolerance = 1, sa_iterations = 1000, initial_temperature = 3.0, cooling_rate = 0.999
26 - INFO - chord#: 68 done. best_score=27.0, changed=526, unchanged=406, early_stops=8/8
26 - INFO - chord#: 70 In build_straw_man_chord_sa. tolerance = 1, sa_iterations = 1000, initial_temperature = 3.0, cooling_rate = 0.999
26 - INFO - chord#: 58 done. best_score=35.0, changed=527, unchanged=418, early_stops=8/8
26 - INFO - chord#: 60 In build_straw_man_chord_sa. tolerance = 1, sa_iterations = 1000, initial_temperature = 3.0, cooling_rate = 0.999
26 - INFO - chord#: 74 done. best_score=153.0, changed=612, unchanged=290, early_stops=8/8
26 - INFO - chord#: 76 In build_straw_man_chord_sa. tolerance = 1, sa_iterations = 1000, initial_temperature = 3.0, cooling_rate = 0.999
26 - INFO - chord#: 64 done. best_score=27.0, changed=526, unchanged=444, early_stops=8/8
26 - INFO - chord#: 68 In build_straw_man_chord_sa. tolerance = 1, sa_iterations = 1000, initial_temperature = 3.0, cooling_rate = 0.999
26 - INFO - chord#: 74 done. best_score=147.0, changed=615, unchanged=343, early_stops=8/8
26 - INFO - chord#: 76 In build_straw_man_chord_sa. tolerance = 1, sa_iterations = 1000, initial_temperature = 3.0, cooling_rate = 0.999
26 - INFO - chord#: 56 done. best_score=27.0, changed=531, unchanged=549, early_stops=8/8
26 - INFO - chord#: 58 In build_straw_man_chord_sa. tolerance = 1, sa_iterations = 1000, initial_temperature = 3.0, cooling_rate = 0.999
26 - INFO - chord#: 56 done. best_score=27.0, changed=525, unchanged=446, early_stops=8/8
26 - INFO - chord#: 58 In build_straw_man_chord_sa. tolerance = 1, sa_iterations = 1000, initial_temperature = 3.0, cooling_rate = 0.999
26 - INFO - chord#: 74 done. best_score=134.0, changed=617, unchanged=433, early_stops=8/8
26 - INFO - chord#: 76 In build_straw_man_chord_sa. tolerance = 1, sa_iterations = 1000, initial_temperature = 3.0, cooling_rate = 0.999
26 - INFO - chord#: 70 done. best_score=37.0, changed=519, unchanged=353, early_stops=8/8
26 - INFO - chord#: 72 In build_straw_man_chord_sa. tolerance = 1, sa_iterations = 1000, initial_temperature = 3.0, cooling_rate = 0.999
26 - INFO - chord#: 74 done. best_score=168.0, changed=607, unchanged=206, early_stops=8/8
26 - INFO - chord#: 76 In build_straw_man_chord_sa. tolerance = 1, sa_iterations = 1000, initial_temperature = 3.0, cooling_rate = 0.999
26 - INFO - chord#: 56 done. best_score=27.0, changed=523, unchanged=478, early_stops=8/8
26 - INFO - chord#: 58 In build_straw_man_chord_sa. tolerance = 1, sa_iterations = 1000, initial_temperature = 3.0, cooling_rate = 0.999
26 - INFO - chord#: 72 done. best_score=11.0, changed=486, unchanged=341, early_stops=8/8
26 - INFO - chord#: 74 In build_straw_man_chord_sa. tolerance = 1, sa_iterations = 1000, initial_temperature = 3.0, cooling_rate = 0.999
26 - INFO - chord#: 56 done. best_score=27.0, changed=514, unchanged=466, early_stops=8/8
26 - INFO - chord#: 58 In build_straw_man_chord_sa. tolerance = 1, sa_iterations = 1000, initial_temperature = 3.0, cooling_rate = 0.999
26 - INFO - chord#: 56 done. best_score=27.0, changed=531, unchanged=630, early_stops=8/8
26 - INFO - chord#: 58 In build_straw_man_chord_sa. tolerance = 1, sa_iterations = 1000, initial_temperature = 3.0, cooling_rate = 0.999
26 - INFO - chord#: 60 done. best_score=27.0, changed=523, unchanged=328, early_stops=8/8
26 - INFO - chord#: 64 In build_straw_man_chord_sa. tolerance = 1, sa_iterations = 1000, initial_temperature = 3.0, cooling_rate = 0.999
26 - INFO - chord#: 68 done. best_score=27.0, changed=519, unchanged=385, early_stops=8/8
26 - INFO - chord#: 70 In build_straw_man_chord_sa. tolerance = 1, sa_iterations = 1000, initial_temperature = 3.0, cooling_rate = 0.999
26 - INFO - chord#: 76 done. best_score=27.0, changed=516, unchanged=488, early_stops=8/8
26 - INFO - chord#: 78 In build_straw_man_chord_sa. tolerance = 1, sa_iterations = 1000, initial_temperature = 3.0, cooling_rate = 0.999
26 - INFO - chord#: 76 done. best_score=27.0, changed=529, unchanged=401, early_stops=8/8
26 - INFO - chord#: 78 In build_straw_man_chord_sa. tolerance = 1, sa_iterations = 1000, initial_temperature = 3.0, cooling_rate = 0.999
26 - INFO - chord#: 58 done. best_score=35.0, changed=531, unchanged=519, early_stops=8/8
26 - INFO - chord#: 60 In build_straw_man_chord_sa. tolerance = 1, sa_iterations = 1000, initial_temperature = 3.0, cooling_rate = 0.999
26 - INFO - chord#: 76 done. best_score=27.0, changed=531, unchanged=362, early_stops=8/8
26 - INFO - chord#: 78 In build_straw_man_chord_sa. tolerance = 1, sa_iterations = 1000, initial_temperature = 3.0, cooling_rate = 0.999
26 - INFO - chord#: 76 done. best_score=27.0, changed=533, unchanged=408, early_stops=8/8
26 - INFO - chord#: 78 In build_straw_man_chord_sa. tolerance = 1, sa_iterations = 1000, initial_temperature = 3.0, cooling_rate = 0.999
26 - INFO - chord#: 58 done. best_score=35.0, changed=527, unchanged=387, early_stops=8/8
26 - INFO - chord#: 60 In build_straw_man_chord_sa. tolerance = 1, sa_iterations = 1000, initial_temperature = 3.0, cooling_rate = 0.999
26 - INFO - chord#: 58 done. best_score=35.0, changed=529, unchanged=352, early_stops=8/8
26 - INFO - chord#: 60 In build_straw_man_chord_sa. tolerance = 1, sa_iterations = 1000, initial_temperature = 3.0, cooling_rate = 0.999
26 - INFO - chord#: 58 done. best_score=35.0, changed=523, unchanged=384, early_stops=8/8
26 - INFO - chord#: 60 In build_straw_man_chord_sa. tolerance = 1, sa_iterations = 1000, initial_temperature = 3.0, cooling_rate = 0.999
26 - INFO - chord#: 58 done. best_score=35.0, changed=524, unchanged=363, early_stops=8/8
26 - INFO - chord#: 60 In build_straw_man_chord_sa. tolerance = 1, sa_iterations = 1000, initial_temperature = 3.0, cooling_rate = 0.999
26 - INFO - chord#: 60 done. best_score=27.0, changed=522, unchanged=363, early_stops=8/8
26 - INFO - chord#: 64 In build_straw_man_chord_sa. tolerance = 1, sa_iterations = 1000, initial_temperature = 3.0, cooling_rate = 0.999
26 - INFO - chord#: 64 done. best_score=27.0, changed=519, unchanged=428, early_stops=8/8
26 - INFO - chord#: 68 In build_straw_man_chord_sa. tolerance = 1, sa_iterations = 1000, initial_temperature = 3.0, cooling_rate = 0.999
26 - INFO - chord#: 70 done. best_score=37.0, changed=519, unchanged=432, early_stops=8/8
26 - INFO - chord#: 72 In build_straw_man_chord_sa. tolerance = 1, sa_iterations = 1000, initial_temperature = 3.0, cooling_rate = 0.999
26 - INFO - chord#: 60 done. best_score=27.0, changed=524, unchanged=424, early_stops=8/8
26 - INFO - chord#: 64 In build_straw_man_chord_sa. tolerance = 1, sa_iterations = 1000, initial_temperature = 3.0, cooling_rate = 0.999
26 - INFO - chord#: 72 done. best_score=11.0, changed=480, unchanged=360, early_stops=8/8
26 - INFO - chord#: 74 In build_straw_man_chord_sa. tolerance = 1, sa_iterations = 1000, initial_temperature = 3.0, cooling_rate = 0.999
26 - INFO - chord#: 60 done. best_score=27.0, changed=518, unchanged=321, early_stops=8/8
26 - INFO - chord#: 64 In build_straw_man_chord_sa. tolerance = 1, sa_iterations = 1000, initial_temperature = 3.0, cooling_rate = 0.999
26 - INFO - chord#: 60 done. best_score=27.0, changed=532, unchanged=385, early_stops=8/8
26 - INFO - chord#: 64 In build_straw_man_chord_sa. tolerance = 1, sa_iterations = 1000, initial_temperature = 3.0, cooling_rate = 0.999
26 - INFO - chord#: 74 done. best_score=131.0, changed=611, unchanged=430, early_stops=8/8
26 - INFO - chord#: 76 In build_straw_man_chord_sa. tolerance = 1, sa_iterations = 1000, initial_temperature = 3.0, cooling_rate = 0.999
26 - INFO - chord#: 60 done. best_score=27.0, changed=524, unchanged=417, early_stops=8/8
26 - INFO - chord#: 64 In build_straw_man_chord_sa. tolerance = 1, sa_iterations = 1000, initial_temperature = 3.0, cooling_rate = 0.999
26 - INFO - chord#: 68 done. best_score=27.0, changed=519, unchanged=298, early_stops=8/8
26 - INFO - chord#: 70 In build_straw_man_chord_sa. tolerance = 1, sa_iterations = 1000, initial_temperature = 3.0, cooling_rate = 0.999
26 - INFO - chord#: 64 done. best_score=27.0, changed=519, unchanged=418, early_stops=8/8
26 - INFO - chord#: 68 In build_straw_man_chord_sa. tolerance = 1, sa_iterations = 1000, initial_temperature = 3.0, cooling_rate = 0.999
26 - INFO - chord#: 78 done. best_score=74.0, changed=611, unchanged=228, early_stops=8/8
26 - INFO - chord#: 80 In build_straw_man_chord_sa. tolerance = 1, sa_iterations = 1000, initial_temperature = 3.0, cooling_rate = 0.999
26 - INFO - chord#: 78 done. best_score=96.0, changed=608, unchanged=268, early_stops=8/8
26 - INFO - chord#: 80 In build_straw_man_chord_sa. tolerance = 1, sa_iterations = 1000, initial_temperature = 3.0, cooling_rate = 0.999
26 - INFO - chord#: 78 done. best_score=74.0, changed=616, unchanged=330, early_stops=8/8
26 - INFO - chord#: 80 In build_straw_man_chord_sa. tolerance = 1, sa_iterations = 1000, initial_temperature = 3.0, cooling_rate = 0.999
26 - INFO - chord#: 78 done. best_score=149.0, changed=611, unchanged=280, early_stops=8/8
26 - INFO - chord#: 80 In build_straw_man_chord_sa. tolerance = 1, sa_iterations = 1000, initial_temperature = 3.0, cooling_rate = 0.999
26 - INFO - chord#: 76 done. best_score=27.0, changed=524, unchanged=312, early_stops=8/8
26 - INFO - chord#: 78 In build_straw_man_chord_sa. tolerance = 1, sa_iterations = 1000, initial_temperature = 3.0, cooling_rate = 0.999
26 - INFO - chord#: 64 done. best_score=27.0, changed=513, unchanged=519, early_stops=8/8
26 - INFO - chord#: 68 In build_straw_man_chord_sa. tolerance = 1, sa_iterations = 1000, initial_temperature = 3.0, cooling_rate = 0.999
26 - INFO - chord#: 64 done. best_score=27.0, changed=522, unchanged=476, early_stops=8/8
26 - INFO - chord#: 68 In build_straw_man_chord_sa. tolerance = 1, sa_iterations = 1000, initial_temperature = 3.0, cooling_rate = 0.999
26 - INFO - chord#: 68 done. best_score=27.0, changed=522, unchanged=312, early_stops=8/8
26 - INFO - chord#: 70 In build_straw_man_chord_sa. tolerance = 1, sa_iterations = 1000, initial_temperature = 3.0, cooling_rate = 0.999
26 - INFO - chord#: 64 done. best_score=27.0, changed=513, unchanged=323, early_stops=8/8
26 - INFO - chord#: 68 In build_straw_man_chord_sa. tolerance = 1, sa_iterations = 1000, initial_temperature = 3.0, cooling_rate = 0.999
26 - INFO - chord#: 64 done. best_score=27.0, changed=524, unchanged=396, early_stops=8/8
26 - INFO - chord#: 68 In build_straw_man_chord_sa. tolerance = 1, sa_iterations = 1000, initial_temperature = 3.0, cooling_rate = 0.999
26 - INFO - chord#: 70 done. best_score=37.0, changed=515, unchanged=451, early_stops=8/8
26 - INFO - chord#: 72 In build_straw_man_chord_sa. tolerance = 1, sa_iterations = 1000, initial_temperature = 3.0, cooling_rate = 0.999
26 - INFO - chord#: 72 done. best_score=11.0, changed=482, unchanged=331, early_stops=8/8
26 - INFO - chord#: 74 In build_straw_man_chord_sa. tolerance = 1, sa_iterations = 1000, initial_temperature = 3.0, cooling_rate = 0.999
26 - INFO - chord#: 70 done. best_score=37.0, changed=514, unchanged=303, early_stops=8/8
26 - INFO - chord#: 72 In build_straw_man_chord_sa. tolerance = 1, sa_iterations = 1000, initial_temperature = 3.0, cooling_rate = 0.999
26 - INFO - chord#: 68 done. best_score=27.0, changed=520, unchanged=382, early_stops=8/8
26 - INFO - chord#: 70 In build_straw_man_chord_sa. tolerance = 1, sa_iterations = 1000, initial_temperature = 3.0, cooling_rate = 0.999
26 - INFO - chord#: 68 done. best_score=27.0, changed=515, unchanged=447, early_stops=8/8
26 - INFO - chord#: 70 In build_straw_man_chord_sa. tolerance = 1, sa_iterations = 1000, initial_temperature = 3.0, cooling_rate = 0.999
26 - INFO - chord#: 72 done. best_score=11.0, changed=489, unchanged=356, early_stops=8/8
26 - INFO - chord#: 74 In build_straw_man_chord_sa. tolerance = 1, sa_iterations = 1000, initial_temperature = 3.0, cooling_rate = 0.999
26 - INFO - chord#: 80 done. best_score=145.0, changed=610, unchanged=228, early_stops=8/8
26 - INFO - chord#: 84 In build_straw_man_chord_sa. tolerance = 1, sa_iterations = 1000, initial_temperature = 3.0, cooling_rate = 0.999
26 - INFO - chord#: 68 done. best_score=27.0, changed=529, unchanged=395, early_stops=8/8
26 - INFO - chord#: 70 In build_straw_man_chord_sa. tolerance = 1, sa_iterations = 1000, initial_temperature = 3.0, cooling_rate = 0.999
26 - INFO - chord#: 74 done. best_score=94.0, changed=613, unchanged=342, early_stops=8/8
26 - INFO - chord#: 76 In build_straw_man_chord_sa. tolerance = 1, sa_iterations = 1000, initial_temperature = 3.0, cooling_rate = 0.999
26 - INFO - chord#: 68 done. best_score=27.0, changed=524, unchanged=459, early_stops=8/8
26 - INFO - chord#: 70 In build_straw_man_chord_sa. tolerance = 1, sa_iterations = 1000, initial_temperature = 3.0, cooling_rate = 0.999
26 - INFO - chord#: 80 done. best_score=140.0, changed=611, unchanged=305, early_stops=8/8
26 - INFO - chord#: 84 In build_straw_man_chord_sa. tolerance = 1, sa_iterations = 1000, initial_temperature = 3.0, cooling_rate = 0.999
26 - INFO - chord#: 80 done. best_score=145.0, changed=610, unchanged=362, early_stops=8/8
26 - INFO - chord#: 84 In build_straw_man_chord_sa. tolerance = 1, sa_iterations = 1000, initial_temperature = 3.0, cooling_rate = 0.999
26 - INFO - chord#: 80 done. best_score=140.0, changed=613, unchanged=502, early_stops=8/8
26 - INFO - chord#: 84 In build_straw_man_chord_sa. tolerance = 1, sa_iterations = 1000, initial_temperature = 3.0, cooling_rate = 0.999
26 - INFO - chord#: 84 done. best_score=27.0, changed=519, unchanged=334, early_stops=8/8
26 - INFO - chord#: 86 In build_straw_man_chord_sa. tolerance = 1, sa_iterations = 1000, initial_temperature = 3.0, cooling_rate = 0.999
26 - INFO - chord#: 78 done. best_score=149.0, changed=611, unchanged=313, early_stops=8/8
26 - INFO - chord#: 80 In build_straw_man_chord_sa. tolerance = 1, sa_iterations = 1000, initial_temperature = 3.0, cooling_rate = 0.999
26 - INFO - chord#: 70 done. best_score=37.0, changed=517, unchanged=377, early_stops=8/8
26 - INFO - chord#: 72 In build_straw_man_chord_sa. tolerance = 1, sa_iterations = 1000, initial_temperature = 3.0, cooling_rate = 0.999
26 - INFO - chord#: 70 done. best_score=37.0, changed=521, unchanged=450, early_stops=8/8
26 - INFO - chord#: 72 In build_straw_man_chord_sa. tolerance = 1, sa_iterations = 1000, initial_temperature = 3.0, cooling_rate = 0.999
26 - INFO - chord#: 70 done. best_score=37.0, changed=522, unchanged=340, early_stops=8/8
26 - INFO - chord#: 72 In build_straw_man_chord_sa. tolerance = 1, sa_iterations = 1000, initial_temperature = 3.0, cooling_rate = 0.999
26 - INFO - chord#: 72 done. best_score=11.0, changed=508, unchanged=326, early_stops=8/8
26 - INFO - chord#: 74 In build_straw_man_chord_sa. tolerance = 1, sa_iterations = 1000, initial_temperature = 3.0, cooling_rate = 0.999
26 - INFO - chord#: 84 done. best_score=27.0, changed=520, unchanged=341, early_stops=8/8
26 - INFO - chord#: 86 In build_straw_man_chord_sa. tolerance = 1, sa_iterations = 1000, initial_temperature = 3.0, cooling_rate = 0.999
26 - INFO - chord#: 70 done. best_score=35.0, changed=526, unchanged=440, early_stops=8/8
26 - INFO - chord#: 72 In build_straw_man_chord_sa. tolerance = 1, sa_iterations = 1000, initial_temperature = 3.0, cooling_rate = 0.999
26 - INFO - chord#: 72 done. best_score=11.0, changed=482, unchanged=348, early_stops=8/8
26 - INFO - chord#: 74 In build_straw_man_chord_sa. tolerance = 1, sa_iterations = 1000, initial_temperature = 3.0, cooling_rate = 0.999
26 - INFO - chord#: 76 done. best_score=27.0, changed=527, unchanged=400, early_stops=8/8
26 - INFO - chord#: 78 In build_straw_man_chord_sa. tolerance = 1, sa_iterations = 1000, initial_temperature = 3.0, cooling_rate = 0.999
26 - INFO - chord#: 72 done. best_score=11.0, changed=480, unchanged=335, early_stops=8/8
26 - INFO - chord#: 74 In build_straw_man_chord_sa. tolerance = 1, sa_iterations = 1000, initial_temperature = 3.0, cooling_rate = 0.999
26 - INFO - chord#: 84 done. best_score=27.0, changed=519, unchanged=367, early_stops=8/8
26 - INFO - chord#: 86 In build_straw_man_chord_sa. tolerance = 1, sa_iterations = 1000, initial_temperature = 3.0, cooling_rate = 0.999
26 - INFO - chord#: 72 done. best_score=13.0, changed=508, unchanged=318, early_stops=8/8
26 - INFO - chord#: 74 In build_straw_man_chord_sa. tolerance = 1, sa_iterations = 1000, initial_temperature = 3.0, cooling_rate = 0.999
26 - INFO - chord#: 84 done. best_score=27.0, changed=514, unchanged=461, early_stops=8/8
26 - INFO - chord#: 86 In build_straw_man_chord_sa. tolerance = 1, sa_iterations = 1000, initial_temperature = 3.0, cooling_rate = 0.999
26 - INFO - chord#: 74 done. best_score=94.0, changed=610, unchanged=253, early_stops=8/8
26 - INFO - chord#: 76 In build_straw_man_chord_sa. tolerance = 1, sa_iterations = 1000, initial_temperature = 3.0, cooling_rate = 0.999
26 - INFO - chord#: 74 done. best_score=131.0, changed=612, unchanged=312, early_stops=8/8
26 - INFO - chord#: 76 In build_straw_man_chord_sa. tolerance = 1, sa_iterations = 1000, initial_temperature = 3.0, cooling_rate = 0.999
26 - INFO - chord#: 76 done. best_score=27.0, changed=528, unchanged=380, early_stops=8/8
26 - INFO - chord#: 78 In build_straw_man_chord_sa. tolerance = 1, sa_iterations = 1000, initial_temperature = 3.0, cooling_rate = 0.999
26 - INFO - chord#: 76 done. best_score=27.0, changed=528, unchanged=337, early_stops=8/8
26 - INFO - chord#: 78 In build_straw_man_chord_sa. tolerance = 1, sa_iterations = 1000, initial_temperature = 3.0, cooling_rate = 0.999
26 - INFO - chord#: 86 done. best_score=120.0, changed=612, unchanged=376, early_stops=8/8
26 - INFO - chord#: 88 In build_straw_man_chord_sa. tolerance = 1, sa_iterations = 1000, initial_temperature = 3.0, cooling_rate = 0.999
26 - INFO - chord#: 80 done. best_score=140.0, changed=610, unchanged=368, early_stops=8/8
26 - INFO - chord#: 84 In build_straw_man_chord_sa. tolerance = 1, sa_iterations = 1000, initial_temperature = 3.0, cooling_rate = 0.999
26 - INFO - chord#: 86 done. best_score=97.0, changed=608, unchanged=239, early_stops=8/8
26 - INFO - chord#: 88 In build_straw_man_chord_sa. tolerance = 1, sa_iterations = 1000, initial_temperature = 3.0, cooling_rate = 0.999
26 - INFO - chord#: 86 done. best_score=82.0, changed=611, unchanged=377, early_stops=8/8
26 - INFO - chord#: 88 In build_straw_man_chord_sa. tolerance = 1, sa_iterations = 1000, initial_temperature = 3.0, cooling_rate = 0.999
26 - INFO - chord#: 86 done. best_score=120.0, changed=618, unchanged=406, early_stops=8/8
26 - INFO - chord#: 88 In build_straw_man_chord_sa. tolerance = 1, sa_iterations = 1000, initial_temperature = 3.0, cooling_rate = 0.999
26 - INFO - chord#: 74 done. best_score=134.0, changed=609, unchanged=317, early_stops=8/8
26 - INFO - chord#: 76 In build_straw_man_chord_sa. tolerance = 1, sa_iterations = 1000, initial_temperature = 3.0, cooling_rate = 0.999
26 - INFO - chord#: 74 done. best_score=116.0, changed=610, unchanged=369, early_stops=8/8
26 - INFO - chord#: 76 In build_straw_man_chord_sa. tolerance = 1, sa_iterations = 1000, initial_temperature = 3.0, cooling_rate = 0.999
26 - INFO - chord#: 84 done. best_score=27.0, changed=527, unchanged=418, early_stops=8/8
26 - INFO - chord#: 86 In build_straw_man_chord_sa. tolerance = 1, sa_iterations = 1000, initial_temperature = 3.0, cooling_rate = 0.999
26 - INFO - chord#: 74 done. best_score=101.0, changed=615, unchanged=373, early_stops=8/8
26 - INFO - chord#: 76 In build_straw_man_chord_sa. tolerance = 1, sa_iterations = 1000, initial_temperature = 3.0, cooling_rate = 0.999
26 - INFO - chord#: 74 done. best_score=135.0, changed=612, unchanged=389, early_stops=8/8
26 - INFO - chord#: 76 In build_straw_man_chord_sa. tolerance = 1, sa_iterations = 1000, initial_temperature = 3.0, cooling_rate = 0.999
26 - INFO - chord#: 78 done. best_score=141.0, changed=619, unchanged=371, early_stops=8/8
26 - INFO - chord#: 80 In build_straw_man_chord_sa. tolerance = 1, sa_iterations = 1000, initial_temperature = 3.0, cooling_rate = 0.999
26 - INFO - chord#: 78 done. best_score=150.0, changed=611, unchanged=276, early_stops=8/8
26 - INFO - chord#: 80 In build_straw_man_chord_sa. tolerance = 1, sa_iterations = 1000, initial_temperature = 3.0, cooling_rate = 0.999
26 - INFO - chord#: 76 done. best_score=36.0, changed=527, unchanged=337, early_stops=8/8
26 - INFO - chord#: 78 In build_straw_man_chord_sa. tolerance = 1, sa_iterations = 1000, initial_temperature = 3.0, cooling_rate = 0.999
26 - INFO - chord#: 88 done. best_score=140.0, changed=611, unchanged=335, early_stops=8/8
26 - INFO - chord#: 92 In build_straw_man_chord_sa. tolerance = 1, sa_iterations = 1000, initial_temperature = 3.0, cooling_rate = 0.999
26 - INFO - chord#: 76 done. best_score=27.0, changed=513, unchanged=325, early_stops=8/8
26 - INFO - chord#: 78 In build_straw_man_chord_sa. tolerance = 1, sa_iterations = 1000, initial_temperature = 3.0, cooling_rate = 0.999
26 - INFO - chord#: 76 done. best_score=36.0, changed=524, unchanged=399, early_stops=8/8
26 - INFO - chord#: 78 In build_straw_man_chord_sa. tolerance = 1, sa_iterations = 1000, initial_temperature = 3.0, cooling_rate = 0.999
26 - INFO - chord#: 76 done. best_score=36.0, changed=523, unchanged=363, early_stops=8/8
26 - INFO - chord#: 78 In build_straw_man_chord_sa. tolerance = 1, sa_iterations = 1000, initial_temperature = 3.0, cooling_rate = 0.999
26 - INFO - chord#: 88 done. best_score=142.0, changed=616, unchanged=380, early_stops=8/8
26 - INFO - chord#: 92 In build_straw_man_chord_sa. tolerance = 1, sa_iterations = 1000, initial_temperature = 3.0, cooling_rate = 0.999
26 - INFO - chord#: 78 done. best_score=121.0, changed=614, unchanged=338, early_stops=8/8
26 - INFO - chord#: 80 In build_straw_man_chord_sa. tolerance = 1, sa_iterations = 1000, initial_temperature = 3.0, cooling_rate = 0.999
26 - INFO - chord#: 88 done. best_score=140.0, changed=608, unchanged=251, early_stops=8/8
26 - INFO - chord#: 92 In build_straw_man_chord_sa. tolerance = 1, sa_iterations = 1000, initial_temperature = 3.0, cooling_rate = 0.999
26 - INFO - chord#: 88 done. best_score=143.0, changed=615, unchanged=486, early_stops=8/8
26 - INFO - chord#: 92 In build_straw_man_chord_sa. tolerance = 1, sa_iterations = 1000, initial_temperature = 3.0, cooling_rate = 0.999
26 - INFO - chord#: 92 done. best_score=27.0, changed=530, unchanged=407, early_stops=8/8
26 - INFO - chord#: 96 In build_straw_man_chord_sa. tolerance = 1, sa_iterations = 1000, initial_temperature = 3.0, cooling_rate = 0.999
26 - INFO - chord#: 92 done. best_score=27.0, changed=522, unchanged=441, early_stops=8/8
26 - INFO - chord#: 96 In build_straw_man_chord_sa. tolerance = 1, sa_iterations = 1000, initial_temperature = 3.0, cooling_rate = 0.999
26 - INFO - chord#: 92 done. best_score=27.0, changed=520, unchanged=407, early_stops=8/8
26 - INFO - chord#: 96 In build_straw_man_chord_sa. tolerance = 1, sa_iterations = 1000, initial_temperature = 3.0, cooling_rate = 0.999
26 - INFO - chord#: 78 done. best_score=149.0, changed=611, unchanged=209, early_stops=8/8
26 - INFO - chord#: 80 In build_straw_man_chord_sa. tolerance = 1, sa_iterations = 1000, initial_temperature = 3.0, cooling_rate = 0.999
26 - INFO - chord#: 92 done. best_score=27.0, changed=519, unchanged=400, early_stops=8/8
26 - INFO - chord#: 96 In build_straw_man_chord_sa. tolerance = 1, sa_iterations = 1000, initial_temperature = 3.0, cooling_rate = 0.999
26 - INFO - chord#: 80 done. best_score=140.0, changed=612, unchanged=293, early_stops=8/8
26 - INFO - chord#: 84 In build_straw_man_chord_sa. tolerance = 1, sa_iterations = 1000, initial_temperature = 3.0, cooling_rate = 0.999
26 - INFO - chord#: 80 done. best_score=142.0, changed=613, unchanged=269, early_stops=8/8
26 - INFO - chord#: 84 In build_straw_man_chord_sa. tolerance = 1, sa_iterations = 1000, initial_temperature = 3.0, cooling_rate = 0.999
26 - INFO - chord#: 96 done. best_score=27.0, changed=531, unchanged=447, early_stops=8/8
26 - INFO - chord#: 98 In build_straw_man_chord_sa. tolerance = 1, sa_iterations = 1000, initial_temperature = 3.0, cooling_rate = 0.999
26 - INFO - chord#: 86 done. best_score=82.0, changed=617, unchanged=473, early_stops=8/8
26 - INFO - chord#: 88 In build_straw_man_chord_sa. tolerance = 1, sa_iterations = 1000, initial_temperature = 3.0, cooling_rate = 0.999
26 - INFO - chord#: 96 done. best_score=27.0, changed=523, unchanged=426, early_stops=8/8
26 - INFO - chord#: 98 In build_straw_man_chord_sa. tolerance = 1, sa_iterations = 1000, initial_temperature = 3.0, cooling_rate = 0.999
26 - INFO - chord#: 96 done. best_score=27.0, changed=531, unchanged=404, early_stops=8/8
26 - INFO - chord#: 98 In build_straw_man_chord_sa. tolerance = 1, sa_iterations = 1000, initial_temperature = 3.0, cooling_rate = 0.999
26 - INFO - chord#: 78 done. best_score=149.0, changed=615, unchanged=300, early_stops=8/8
26 - INFO - chord#: 80 In build_straw_man_chord_sa. tolerance = 1, sa_iterations = 1000, initial_temperature = 3.0, cooling_rate = 0.999
26 - INFO - chord#: 96 done. best_score=27.0, changed=513, unchanged=346, early_stops=8/8
26 - INFO - chord#: 98 In build_straw_man_chord_sa. tolerance = 1, sa_iterations = 1000, initial_temperature = 3.0, cooling_rate = 0.999
26 - INFO - chord#: 84 done. best_score=27.0, changed=521, unchanged=411, early_stops=8/8
26 - INFO - chord#: 86 In build_straw_man_chord_sa. tolerance = 1, sa_iterations = 1000, initial_temperature = 3.0, cooling_rate = 0.999
26 - INFO - chord#: 78 done. best_score=121.0, changed=608, unchanged=275, early_stops=8/8
26 - INFO - chord#: 80 In build_straw_man_chord_sa. tolerance = 1, sa_iterations = 1000, initial_temperature = 3.0, cooling_rate = 0.999
26 - INFO - chord#: 80 done. best_score=145.0, changed=612, unchanged=226, early_stops=8/8
26 - INFO - chord#: 84 In build_straw_man_chord_sa. tolerance = 1, sa_iterations = 1000, initial_temperature = 3.0, cooling_rate = 0.999
26 - INFO - chord#: 84 done. best_score=27.0, changed=525, unchanged=459, early_stops=8/8
26 - INFO - chord#: 86 In build_straw_man_chord_sa. tolerance = 1, sa_iterations = 1000, initial_temperature = 3.0, cooling_rate = 0.999
26 - INFO - chord#: 78 done. best_score=146.0, changed=612, unchanged=397, early_stops=8/8
26 - INFO - chord#: 80 In build_straw_man_chord_sa. tolerance = 1, sa_iterations = 1000, initial_temperature = 3.0, cooling_rate = 0.999
26 - INFO - chord#: 80 done. best_score=145.0, changed=613, unchanged=340, early_stops=8/8
26 - INFO - chord#: 84 In build_straw_man_chord_sa. tolerance = 1, sa_iterations = 1000, initial_temperature = 3.0, cooling_rate = 0.999
26 - INFO - chord#: 84 done. best_score=27.0, changed=519, unchanged=345, early_stops=8/8
26 - INFO - chord#: 86 In build_straw_man_chord_sa. tolerance = 1, sa_iterations = 1000, initial_temperature = 3.0, cooling_rate = 0.999
26 - INFO - chord#: 98 done. best_score=104.0, changed=614, unchanged=342, early_stops=8/8
26 - INFO - chord#: 100 In build_straw_man_chord_sa. tolerance = 1, sa_iterations = 1000, initial_temperature = 3.0, cooling_rate = 0.999
26 - INFO - chord#: 88 done. best_score=142.0, changed=612, unchanged=234, early_stops=8/8
26 - INFO - chord#: 92 In build_straw_man_chord_sa. tolerance = 1, sa_iterations = 1000, initial_temperature = 3.0, cooling_rate = 0.999
26 - INFO - chord#: 98 done. best_score=104.0, changed=612, unchanged=358, early_stops=8/8
26 - INFO - chord#: 100 In build_straw_man_chord_sa. tolerance = 1, sa_iterations = 1000, initial_temperature = 3.0, cooling_rate = 0.999
26 - INFO - chord#: 84 done. best_score=27.0, changed=519, unchanged=354, early_stops=8/8
26 - INFO - chord#: 86 In build_straw_man_chord_sa. tolerance = 1, sa_iterations = 1000, initial_temperature = 3.0, cooling_rate = 0.999
26 - INFO - chord#: 98 done. best_score=64.0, changed=616, unchanged=386, early_stops=8/8
26 - INFO - chord#: 100 In build_straw_man_chord_sa. tolerance = 1, sa_iterations = 1000, initial_temperature = 3.0, cooling_rate = 0.999
26 - INFO - chord#: 98 done. best_score=64.0, changed=613, unchanged=338, early_stops=8/8
26 - INFO - chord#: 100 In build_straw_man_chord_sa. tolerance = 1, sa_iterations = 1000, initial_temperature = 3.0, cooling_rate = 0.999
26 - INFO - chord#: 100 done. best_score=27.0, changed=531, unchanged=449, early_stops=8/8
26 - INFO - chord#: 102 In build_straw_man_chord_sa. tolerance = 1, sa_iterations = 1000, initial_temperature = 3.0, cooling_rate = 0.999
26 - INFO - chord#: 80 done. best_score=140.0, changed=613, unchanged=289, early_stops=8/8
26 - INFO - chord#: 84 In build_straw_man_chord_sa. tolerance = 1, sa_iterations = 1000, initial_temperature = 3.0, cooling_rate = 0.999
26 - INFO - chord#: 86 done. best_score=97.0, changed=616, unchanged=410, early_stops=8/8
26 - INFO - chord#: 88 In build_straw_man_chord_sa. tolerance = 1, sa_iterations = 1000, initial_temperature = 3.0, cooling_rate = 0.999
26 - INFO - chord#: 100 done. best_score=27.0, changed=525, unchanged=400, early_stops=8/8
26 - INFO - chord#: 102 In build_straw_man_chord_sa. tolerance = 1, sa_iterations = 1000, initial_temperature = 3.0, cooling_rate = 0.999
26 - INFO - chord#: 100 done. best_score=27.0, changed=520, unchanged=434, early_stops=8/8
26 - INFO - chord#: 102 In build_straw_man_chord_sa. tolerance = 1, sa_iterations = 1000, initial_temperature = 3.0, cooling_rate = 0.999
26 - INFO - chord#: 80 done. best_score=145.0, changed=615, unchanged=339, early_stops=8/8
26 - INFO - chord#: 84 In build_straw_man_chord_sa. tolerance = 1, sa_iterations = 1000, initial_temperature = 3.0, cooling_rate = 0.999
26 - INFO - chord#: 92 done. best_score=27.0, changed=516, unchanged=394, early_stops=8/8
26 - INFO - chord#: 96 In build_straw_man_chord_sa. tolerance = 1, sa_iterations = 1000, initial_temperature = 3.0, cooling_rate = 0.999
26 - INFO - chord#: 100 done. best_score=27.0, changed=530, unchanged=357, early_stops=8/8
26 - INFO - chord#: 102 In build_straw_man_chord_sa. tolerance = 1, sa_iterations = 1000, initial_temperature = 3.0, cooling_rate = 0.999
26 - INFO - chord#: 80 done. best_score=142.0, changed=615, unchanged=332, early_stops=8/8
26 - INFO - chord#: 84 In build_straw_man_chord_sa. tolerance = 1, sa_iterations = 1000, initial_temperature = 3.0, cooling_rate = 0.999
26 - INFO - chord#: 86 done. best_score=82.0, changed=610, unchanged=429, early_stops=8/8
26 - INFO - chord#: 88 In build_straw_man_chord_sa. tolerance = 1, sa_iterations = 1000, initial_temperature = 3.0, cooling_rate = 0.999
26 - INFO - chord#: 84 done. best_score=27.0, changed=518, unchanged=498, early_stops=8/8
26 - INFO - chord#: 86 In build_straw_man_chord_sa. tolerance = 1, sa_iterations = 1000, initial_temperature = 3.0, cooling_rate = 0.999
26 - INFO - chord#: 84 done. best_score=27.0, changed=523, unchanged=410, early_stops=8/8
26 - INFO - chord#: 86 In build_straw_man_chord_sa. tolerance = 1, sa_iterations = 1000, initial_temperature = 3.0, cooling_rate = 0.999
26 - INFO - chord#: 96 done. best_score=27.0, changed=531, unchanged=447, early_stops=8/8
26 - INFO - chord#: 98 In build_straw_man_chord_sa. tolerance = 1, sa_iterations = 1000, initial_temperature = 3.0, cooling_rate = 0.999
26 - INFO - chord#: 86 done. best_score=120.0, changed=620, unchanged=400, early_stops=8/8
26 - INFO - chord#: 88 In build_straw_man_chord_sa. tolerance = 1, sa_iterations = 1000, initial_temperature = 3.0, cooling_rate = 0.999
26 - INFO - chord#: 86 done. best_score=82.0, changed=611, unchanged=395, early_stops=8/8
26 - INFO - chord#: 88 In build_straw_man_chord_sa. tolerance = 1, sa_iterations = 1000, initial_temperature = 3.0, cooling_rate = 0.999
26 - INFO - chord#: 102 done. best_score=93.0, changed=615, unchanged=386, early_stops=8/8
26 - INFO - chord#: 104 In build_straw_man_chord_sa. tolerance = 1, sa_iterations = 1000, initial_temperature = 3.0, cooling_rate = 0.999
26 - INFO - chord#: 88 done. best_score=140.0, changed=613, unchanged=245, early_stops=8/8
26 - INFO - chord#: 92 In build_straw_man_chord_sa. tolerance = 1, sa_iterations = 1000, initial_temperature = 3.0, cooling_rate = 0.999
26 - INFO - chord#: 84 done. best_score=27.0, changed=519, unchanged=376, early_stops=8/8
26 - INFO - chord#: 86 In build_straw_man_chord_sa. tolerance = 1, sa_iterations = 1000, initial_temperature = 3.0, cooling_rate = 0.999
26 - INFO - chord#: 102 done. best_score=93.0, changed=607, unchanged=242, early_stops=8/8
26 - INFO - chord#: 104 In build_straw_man_chord_sa. tolerance = 1, sa_iterations = 1000, initial_temperature = 3.0, cooling_rate = 0.999
26 - INFO - chord#: 102 done. best_score=94.0, changed=610, unchanged=308, early_stops=8/8
26 - INFO - chord#: 104 In build_straw_man_chord_sa. tolerance = 1, sa_iterations = 1000, initial_temperature = 3.0, cooling_rate = 0.999
26 - INFO - chord#: 102 done. best_score=93.0, changed=609, unchanged=465, early_stops=8/8
26 - INFO - chord#: 104 In build_straw_man_chord_sa. tolerance = 1, sa_iterations = 1000, initial_temperature = 3.0, cooling_rate = 0.999
26 - INFO - chord#: 104 done. best_score=27.0, changed=523, unchanged=451, early_stops=8/8
26 - INFO - chord#: 106 In build_straw_man_chord_sa. tolerance = 1, sa_iterations = 1000, initial_temperature = 3.0, cooling_rate = 0.999
26 - INFO - chord#: 104 done. best_score=27.0, changed=516, unchanged=333, early_stops=8/8
26 - INFO - chord#: 106 In build_straw_man_chord_sa. tolerance = 1, sa_iterations = 1000, initial_temperature = 3.0, cooling_rate = 0.999
26 - INFO - chord#: 92 done. best_score=27.0, changed=530, unchanged=474, early_stops=8/8
26 - INFO - chord#: 96 In build_straw_man_chord_sa. tolerance = 1, sa_iterations = 1000, initial_temperature = 3.0, cooling_rate = 0.999
26 - INFO - chord#: 104 done. best_score=27.0, changed=522, unchanged=355, early_stops=8/8
26 - INFO - chord#: 106 In build_straw_man_chord_sa. tolerance = 1, sa_iterations = 1000, initial_temperature = 3.0, cooling_rate = 0.999
26 - INFO - chord#: 104 done. best_score=27.0, changed=513, unchanged=314, early_stops=8/8
26 - INFO - chord#: 106 In build_straw_man_chord_sa. tolerance = 1, sa_iterations = 1000, initial_temperature = 3.0, cooling_rate = 0.999
26 - INFO - chord#: 106 done. best_score=27.0, changed=517, unchanged=332, early_stops=8/8
26 - INFO - chord#: 108 In build_straw_man_chord_sa. tolerance = 1, sa_iterations = 1000, initial_temperature = 3.0, cooling_rate = 0.999
26 - INFO - chord#: 86 done. best_score=82.0, changed=608, unchanged=258, early_stops=8/8
26 - INFO - chord#: 88 In build_straw_man_chord_sa. tolerance = 1, sa_iterations = 1000, initial_temperature = 3.0, cooling_rate = 0.999
26 - INFO - chord#: 106 done. best_score=27.0, changed=531, unchanged=317, early_stops=8/8
26 - INFO - chord#: 108 In build_straw_man_chord_sa. tolerance = 1, sa_iterations = 1000, initial_temperature = 3.0, cooling_rate = 0.999
26 - INFO - chord#: 88 done. best_score=140.0, changed=611, unchanged=271, early_stops=8/8
26 - INFO - chord#: 92 In build_straw_man_chord_sa. tolerance = 1, sa_iterations = 1000, initial_temperature = 3.0, cooling_rate = 0.999
26 - INFO - chord#: 88 done. best_score=142.0, changed=612, unchanged=396, early_stops=8/8
26 - INFO - chord#: 92 In build_straw_man_chord_sa. tolerance = 1, sa_iterations = 1000, initial_temperature = 3.0, cooling_rate = 0.999
26 - INFO - chord#: 96 done. best_score=27.0, changed=527, unchanged=469, early_stops=8/8
26 - INFO - chord#: 98 In build_straw_man_chord_sa. tolerance = 1, sa_iterations = 1000, initial_temperature = 3.0, cooling_rate = 0.999
26 - INFO - chord#: 86 done. best_score=136.0, changed=611, unchanged=247, early_stops=8/8
26 - INFO - chord#: 88 In build_straw_man_chord_sa. tolerance = 1, sa_iterations = 1000, initial_temperature = 3.0, cooling_rate = 0.999
26 - INFO - chord#: 98 done. best_score=64.0, changed=609, unchanged=296, early_stops=8/8
26 - INFO - chord#: 100 In build_straw_man_chord_sa. tolerance = 1, sa_iterations = 1000, initial_temperature = 3.0, cooling_rate = 0.999
26 - INFO - chord#: 106 done. best_score=27.0, changed=524, unchanged=340, early_stops=8/8
26 - INFO - chord#: 108 In build_straw_man_chord_sa. tolerance = 1, sa_iterations = 1000, initial_temperature = 3.0, cooling_rate = 0.999
26 - INFO - chord#: 106 done. best_score=27.0, changed=526, unchanged=343, early_stops=8/8
26 - INFO - chord#: 108 In build_straw_man_chord_sa. tolerance = 1, sa_iterations = 1000, initial_temperature = 3.0, cooling_rate = 0.999
26 - INFO - chord#: 88 done. best_score=140.0, changed=608, unchanged=372, early_stops=8/8
26 - INFO - chord#: 92 In build_straw_man_chord_sa. tolerance = 1, sa_iterations = 1000, initial_temperature = 3.0, cooling_rate = 0.999
26 - INFO - chord#: 108 done. best_score=27.0, changed=523, unchanged=427, early_stops=8/8
26 - INFO - chord#: 110 In build_straw_man_chord_sa. tolerance = 1, sa_iterations = 1000, initial_temperature = 3.0, cooling_rate = 0.999
26 - INFO - chord#: 108 done. best_score=27.0, changed=523, unchanged=438, early_stops=8/8
26 - INFO - chord#: 110 In build_straw_man_chord_sa. tolerance = 1, sa_iterations = 1000, initial_temperature = 3.0, cooling_rate = 0.999
26 - INFO - chord#: 92 done. best_score=27.0, changed=522, unchanged=501, early_stops=8/8
26 - INFO - chord#: 96 In build_straw_man_chord_sa. tolerance = 1, sa_iterations = 1000, initial_temperature = 3.0, cooling_rate = 0.999
26 - INFO - chord#: 86 done. best_score=82.0, changed=608, unchanged=387, early_stops=8/8
26 - INFO - chord#: 88 In build_straw_man_chord_sa. tolerance = 1, sa_iterations = 1000, initial_temperature = 3.0, cooling_rate = 0.999
26 - INFO - chord#: 108 done. best_score=27.0, changed=516, unchanged=359, early_stops=8/8
26 - INFO - chord#: 110 In build_straw_man_chord_sa. tolerance = 1, sa_iterations = 1000, initial_temperature = 3.0, cooling_rate = 0.999
26 - INFO - chord#: 92 done. best_score=27.0, changed=516, unchanged=380, early_stops=8/8
26 - INFO - chord#: 96 In build_straw_man_chord_sa. tolerance = 1, sa_iterations = 1000, initial_temperature = 3.0, cooling_rate = 0.999
26 - INFO - chord#: 100 done. best_score=27.0, changed=526, unchanged=423, early_stops=8/8
26 - INFO - chord#: 102 In build_straw_man_chord_sa. tolerance = 1, sa_iterations = 1000, initial_temperature = 3.0, cooling_rate = 0.999
26 - INFO - chord#: 108 done. best_score=27.0, changed=518, unchanged=376, early_stops=8/8
26 - INFO - chord#: 110 In build_straw_man_chord_sa. tolerance = 1, sa_iterations = 1000, initial_temperature = 3.0, cooling_rate = 0.999
26 - INFO - chord#: 96 done. best_score=27.0, changed=525, unchanged=328, early_stops=8/8
26 - INFO - chord#: 98 In build_straw_man_chord_sa. tolerance = 1, sa_iterations = 1000, initial_temperature = 3.0, cooling_rate = 0.999
26 - INFO - chord#: 92 done. best_score=27.0, changed=519, unchanged=443, early_stops=8/8
26 - INFO - chord#: 96 In build_straw_man_chord_sa. tolerance = 1, sa_iterations = 1000, initial_temperature = 3.0, cooling_rate = 0.999
26 - INFO - chord#: 98 done. best_score=64.0, changed=613, unchanged=284, early_stops=8/8
26 - INFO - chord#: 100 In build_straw_man_chord_sa. tolerance = 1, sa_iterations = 1000, initial_temperature = 3.0, cooling_rate = 0.999
26 - INFO - chord#: 96 done. best_score=27.0, changed=518, unchanged=365, early_stops=8/8
26 - INFO - chord#: 98 In build_straw_man_chord_sa. tolerance = 1, sa_iterations = 1000, initial_temperature = 3.0, cooling_rate = 0.999
26 - INFO - chord#: 88 done. best_score=140.0, changed=618, unchanged=379, early_stops=8/8
26 - INFO - chord#: 92 In build_straw_man_chord_sa. tolerance = 1, sa_iterations = 1000, initial_temperature = 3.0, cooling_rate = 0.999
26 - INFO - chord#: 110 done. best_score=67.0, changed=614, unchanged=322, early_stops=8/8
26 - INFO - chord#: 112 In build_straw_man_chord_sa. tolerance = 1, sa_iterations = 1000, initial_temperature = 3.0, cooling_rate = 0.999
26 - INFO - chord#: 88 done. best_score=140.0, changed=614, unchanged=416, early_stops=8/8
26 - INFO - chord#: 92 In build_straw_man_chord_sa. tolerance = 1, sa_iterations = 1000, initial_temperature = 3.0, cooling_rate = 0.999
26 - INFO - chord#: 96 done. best_score=27.0, changed=523, unchanged=456, early_stops=8/8
26 - INFO - chord#: 98 In build_straw_man_chord_sa. tolerance = 1, sa_iterations = 1000, initial_temperature = 3.0, cooling_rate = 0.999
26 - INFO - chord#: 100 done. best_score=27.0, changed=526, unchanged=490, early_stops=8/8
26 - INFO - chord#: 102 In build_straw_man_chord_sa. tolerance = 1, sa_iterations = 1000, initial_temperature = 3.0, cooling_rate = 0.999
26 - INFO - chord#: 110 done. best_score=140.0, changed=620, unchanged=456, early_stops=8/8
26 - INFO - chord#: 112 In build_straw_man_chord_sa. tolerance = 1, sa_iterations = 1000, initial_temperature = 3.0, cooling_rate = 0.999
26 - INFO - chord#: 110 done. best_score=142.0, changed=614, unchanged=300, early_stops=8/8
26 - INFO - chord#: 112 In build_straw_man_chord_sa. tolerance = 1, sa_iterations = 1000, initial_temperature = 3.0, cooling_rate = 0.999
26 - INFO - chord#: 98 done. best_score=104.0, changed=613, unchanged=265, early_stops=8/8
26 - INFO - chord#: 100 In build_straw_man_chord_sa. tolerance = 1, sa_iterations = 1000, initial_temperature = 3.0, cooling_rate = 0.999
26 - INFO - chord#: 110 done. best_score=67.0, changed=623, unchanged=601, early_stops=8/8
26 - INFO - chord#: 112 In build_straw_man_chord_sa. tolerance = 1, sa_iterations = 1000, initial_temperature = 3.0, cooling_rate = 0.999
26 - INFO - chord#: 92 done. best_score=27.0, changed=520, unchanged=375, early_stops=8/8
26 - INFO - chord#: 96 In build_straw_man_chord_sa. tolerance = 1, sa_iterations = 1000, initial_temperature = 3.0, cooling_rate = 0.999
26 - INFO - chord#: 112 done. best_score=27.0, changed=524, unchanged=554, early_stops=8/8
26 - INFO - chord#: 116 In build_straw_man_chord_sa. tolerance = 1, sa_iterations = 1000, initial_temperature = 3.0, cooling_rate = 0.999
26 - INFO - chord#: 88 done. best_score=140.0, changed=621, unchanged=433, early_stops=8/8
26 - INFO - chord#: 92 In build_straw_man_chord_sa. tolerance = 1, sa_iterations = 1000, initial_temperature = 3.0, cooling_rate = 0.999
26 - INFO - chord#: 112 done. best_score=27.0, changed=514, unchanged=349, early_stops=8/8
26 - INFO - chord#: 116 In build_straw_man_chord_sa. tolerance = 1, sa_iterations = 1000, initial_temperature = 3.0, cooling_rate = 0.999
26 - INFO - chord#: 112 done. best_score=27.0, changed=524, unchanged=465, early_stops=8/8
26 - INFO - chord#: 116 In build_straw_man_chord_sa. tolerance = 1, sa_iterations = 1000, initial_temperature = 3.0, cooling_rate = 0.999
26 - INFO - chord#: 92 done. best_score=27.0, changed=530, unchanged=417, early_stops=8/8
26 - INFO - chord#: 102 done. best_score=96.0, changed=614, unchanged=499, early_stops=8/8
26 - INFO - chord#: 96 In build_straw_man_chord_sa. tolerance = 1, sa_iterations = 1000, initial_temperature = 3.0, cooling_rate = 0.999
26 - INFO - chord#: 104 In build_straw_man_chord_sa. tolerance = 1, sa_iterations = 1000, initial_temperature = 3.0, cooling_rate = 0.999
26 - INFO - chord#: 100 done. best_score=27.0, changed=536, unchanged=535, early_stops=8/8
26 - INFO - chord#: 102 In build_straw_man_chord_sa. tolerance = 1, sa_iterations = 1000, initial_temperature = 3.0, cooling_rate = 0.999
26 - INFO - chord#: 98 done. best_score=104.0, changed=610, unchanged=268, early_stops=8/8
26 - INFO - chord#: 100 In build_straw_man_chord_sa. tolerance = 1, sa_iterations = 1000, initial_temperature = 3.0, cooling_rate = 0.999
26 - INFO - chord#: 112 done. best_score=27.0, changed=529, unchanged=476, early_stops=8/8
26 - INFO - chord#: 116 In build_straw_man_chord_sa. tolerance = 1, sa_iterations = 1000, initial_temperature = 3.0, cooling_rate = 0.999
26 - INFO - chord#: 102 done. best_score=94.0, changed=613, unchanged=227, early_stops=8/8
26 - INFO - chord#: 104 In build_straw_man_chord_sa. tolerance = 1, sa_iterations = 1000, initial_temperature = 3.0, cooling_rate = 0.999
26 - INFO - chord#: 96 done. best_score=27.0, changed=525, unchanged=484, early_stops=8/8
26 - INFO - chord#: 98 In build_straw_man_chord_sa. tolerance = 1, sa_iterations = 1000, initial_temperature = 3.0, cooling_rate = 0.999
26 - INFO - chord#: 98 done. best_score=140.0, changed=608, unchanged=234, early_stops=8/8
26 - INFO - chord#: 100 In build_straw_man_chord_sa. tolerance = 1, sa_iterations = 1000, initial_temperature = 3.0, cooling_rate = 0.999
26 - INFO - chord#: 92 done. best_score=27.0, changed=525, unchanged=603, early_stops=8/8
26 - INFO - chord#: 96 In build_straw_man_chord_sa. tolerance = 1, sa_iterations = 1000, initial_temperature = 3.0, cooling_rate = 0.999
26 - INFO - chord#: 96 done. best_score=27.0, changed=512, unchanged=303, early_stops=8/8
26 - INFO - chord#: 98 In build_straw_man_chord_sa. tolerance = 1, sa_iterations = 1000, initial_temperature = 3.0, cooling_rate = 0.999
26 - INFO - chord#: 104 done. best_score=27.0, changed=530, unchanged=479, early_stops=8/8
26 - INFO - chord#: 106 In build_straw_man_chord_sa. tolerance = 1, sa_iterations = 1000, initial_temperature = 3.0, cooling_rate = 0.999
26 - INFO - chord#: 116 done. best_score=101.0, changed=608, unchanged=224, early_stops=8/8
26 - INFO - chord#: 120 In build_straw_man_chord_sa. tolerance = 1, sa_iterations = 1000, initial_temperature = 3.0, cooling_rate = 0.999
26 - INFO - chord#: 100 done. best_score=27.0, changed=522, unchanged=431, early_stops=8/8
26 - INFO - chord#: 102 In build_straw_man_chord_sa. tolerance = 1, sa_iterations = 1000, initial_temperature = 3.0, cooling_rate = 0.999
26 - INFO - chord#: 104 done. best_score=27.0, changed=521, unchanged=439, early_stops=8/8
26 - INFO - chord#: 106 In build_straw_man_chord_sa. tolerance = 1, sa_iterations = 1000, initial_temperature = 3.0, cooling_rate = 0.999
26 - INFO - chord#: 116 done. best_score=137.0, changed=612, unchanged=287, early_stops=8/8
26 - INFO - chord#: 120 In build_straw_man_chord_sa. tolerance = 1, sa_iterations = 1000, initial_temperature = 3.0, cooling_rate = 0.999
26 - INFO - chord#: 102 done. best_score=93.0, changed=605, unchanged=202, early_stops=8/8
26 - INFO - chord#: 104 In build_straw_man_chord_sa. tolerance = 1, sa_iterations = 1000, initial_temperature = 3.0, cooling_rate = 0.999
26 - INFO - chord#: 100 done. best_score=27.0, changed=533, unchanged=426, early_stops=8/8
26 - INFO - chord#: 102 In build_straw_man_chord_sa. tolerance = 1, sa_iterations = 1000, initial_temperature = 3.0, cooling_rate = 0.999
26 - INFO - chord#: 116 done. best_score=78.0, changed=615, unchanged=333, early_stops=8/8
26 - INFO - chord#: 120 In build_straw_man_chord_sa. tolerance = 1, sa_iterations = 1000, initial_temperature = 3.0, cooling_rate = 0.999
26 - INFO - chord#: 96 done. best_score=27.0, changed=519, unchanged=421, early_stops=8/8
26 - INFO - chord#: 98 In build_straw_man_chord_sa. tolerance = 1, sa_iterations = 1000, initial_temperature = 3.0, cooling_rate = 0.999
26 - INFO - chord#: 106 done. best_score=72.0, changed=540, unchanged=359, early_stops=8/8
26 - INFO - chord#: 108 In build_straw_man_chord_sa. tolerance = 1, sa_iterations = 1000, initial_temperature = 3.0, cooling_rate = 0.999
26 - INFO - chord#: 106 done. best_score=27.0, changed=523, unchanged=400, early_stops=8/8
26 - INFO - chord#: 108 In build_straw_man_chord_sa. tolerance = 1, sa_iterations = 1000, initial_temperature = 3.0, cooling_rate = 0.999
26 - INFO - chord#: 120 done. best_score=27.0, changed=523, unchanged=528, early_stops=8/8
26 - INFO - chord#: 122 In build_straw_man_chord_sa. tolerance = 1, sa_iterations = 1000, initial_temperature = 3.0, cooling_rate = 0.999
26 - INFO - chord#: 116 done. best_score=96.0, changed=612, unchanged=381, early_stops=8/8
26 - INFO - chord#: 120 In build_straw_man_chord_sa. tolerance = 1, sa_iterations = 1000, initial_temperature = 3.0, cooling_rate = 0.999
26 - INFO - chord#: 120 done. best_score=27.0, changed=517, unchanged=399, early_stops=8/8
26 - INFO - chord#: 122 In build_straw_man_chord_sa. tolerance = 1, sa_iterations = 1000, initial_temperature = 3.0, cooling_rate = 0.999
26 - INFO - chord#: 104 done. best_score=27.0, changed=523, unchanged=463, early_stops=8/8
26 - INFO - chord#: 106 In build_straw_man_chord_sa. tolerance = 1, sa_iterations = 1000, initial_temperature = 3.0, cooling_rate = 0.999
26 - INFO - chord#: 120 done. best_score=27.0, changed=522, unchanged=428, early_stops=8/8
26 - INFO - chord#: 122 In build_straw_man_chord_sa. tolerance = 1, sa_iterations = 1000, initial_temperature = 3.0, cooling_rate = 0.999
26 - INFO - chord#: 98 done. best_score=64.0, changed=608, unchanged=324, early_stops=8/8
26 - INFO - chord#: 100 In build_straw_man_chord_sa. tolerance = 1, sa_iterations = 1000, initial_temperature = 3.0, cooling_rate = 0.999
26 - INFO - chord#: 108 done. best_score=27.0, changed=517, unchanged=412, early_stops=8/8
26 - INFO - chord#: 110 In build_straw_man_chord_sa. tolerance = 1, sa_iterations = 1000, initial_temperature = 3.0, cooling_rate = 0.999
26 - INFO - chord#: 108 done. best_score=27.0, changed=522, unchanged=438, early_stops=8/8
26 - INFO - chord#: 110 In build_straw_man_chord_sa. tolerance = 1, sa_iterations = 1000, initial_temperature = 3.0, cooling_rate = 0.999
26 - INFO - chord#: 106 done. best_score=27.0, changed=526, unchanged=377, early_stops=8/8
26 - INFO - chord#: 108 In build_straw_man_chord_sa. tolerance = 1, sa_iterations = 1000, initial_temperature = 3.0, cooling_rate = 0.999
26 - INFO - chord#: 120 done. best_score=27.0, changed=522, unchanged=477, early_stops=8/8
26 - INFO - chord#: 122 In build_straw_man_chord_sa. tolerance = 1, sa_iterations = 1000, initial_temperature = 3.0, cooling_rate = 0.999
26 - INFO - chord#: 98 done. best_score=104.0, changed=618, unchanged=405, early_stops=8/8
26 - INFO - chord#: 100 In build_straw_man_chord_sa. tolerance = 1, sa_iterations = 1000, initial_temperature = 3.0, cooling_rate = 0.999
26 - INFO - chord#: 102 done. best_score=94.0, changed=608, unchanged=223, early_stops=8/8
26 - INFO - chord#: 104 In build_straw_man_chord_sa. tolerance = 1, sa_iterations = 1000, initial_temperature = 3.0, cooling_rate = 0.999
26 - INFO - chord#: 100 done. best_score=27.0, changed=526, unchanged=350, early_stops=8/8
26 - INFO - chord#: 102 In build_straw_man_chord_sa. tolerance = 1, sa_iterations = 1000, initial_temperature = 3.0, cooling_rate = 0.999
26 - INFO - chord#: 102 done. best_score=94.0, changed=611, unchanged=444, early_stops=8/8
26 - INFO - chord#: 104 In build_straw_man_chord_sa. tolerance = 1, sa_iterations = 1000, initial_temperature = 3.0, cooling_rate = 0.999
26 - INFO - chord#: 122 done. best_score=67.0, changed=612, unchanged=323, early_stops=8/8
26 - INFO - chord#: 124 In build_straw_man_chord_sa. tolerance = 1, sa_iterations = 1000, initial_temperature = 3.0, cooling_rate = 0.999
26 - INFO - chord#: 108 done. best_score=27.0, changed=527, unchanged=567, early_stops=8/8
26 - INFO - chord#: 110 In build_straw_man_chord_sa. tolerance = 1, sa_iterations = 1000, initial_temperature = 3.0, cooling_rate = 0.999
26 - INFO - chord#: 122 done. best_score=145.0, changed=610, unchanged=305, early_stops=8/8
26 - INFO - chord#: 124 In build_straw_man_chord_sa. tolerance = 1, sa_iterations = 1000, initial_temperature = 3.0, cooling_rate = 0.999
26 - INFO - chord#: 98 done. best_score=64.0, changed=614, unchanged=369, early_stops=8/8
26 - INFO - chord#: 100 In build_straw_man_chord_sa. tolerance = 1, sa_iterations = 1000, initial_temperature = 3.0, cooling_rate = 0.999
26 - INFO - chord#: 100 done. best_score=27.0, changed=527, unchanged=495, early_stops=8/8
26 - INFO - chord#: 102 In build_straw_man_chord_sa. tolerance = 1, sa_iterations = 1000, initial_temperature = 3.0, cooling_rate = 0.999
26 - INFO - chord#: 122 done. best_score=145.0, changed=609, unchanged=287, early_stops=8/8
26 - INFO - chord#: 124 In build_straw_man_chord_sa. tolerance = 1, sa_iterations = 1000, initial_temperature = 3.0, cooling_rate = 0.999
26 - INFO - chord#: 124 done. best_score=27.0, changed=522, unchanged=333, early_stops=8/8
26 - INFO - chord#: 128 In build_straw_man_chord_sa. tolerance = 1, sa_iterations = 1000, initial_temperature = 3.0, cooling_rate = 0.999
26 - INFO - chord#: 104 done. best_score=27.0, changed=529, unchanged=451, early_stops=8/8
26 - INFO - chord#: 106 In build_straw_man_chord_sa. tolerance = 1, sa_iterations = 1000, initial_temperature = 3.0, cooling_rate = 0.999
26 - INFO - chord#: 110 done. best_score=67.0, changed=609, unchanged=380, early_stops=8/8
26 - INFO - chord#: 112 In build_straw_man_chord_sa. tolerance = 1, sa_iterations = 1000, initial_temperature = 3.0, cooling_rate = 0.999
26 - INFO - chord#: 104 done. best_score=27.0, changed=528, unchanged=352, early_stops=8/8
26 - INFO - chord#: 106 In build_straw_man_chord_sa. tolerance = 1, sa_iterations = 1000, initial_temperature = 3.0, cooling_rate = 0.999
26 - INFO - chord#: 124 done. best_score=27.0, changed=531, unchanged=443, early_stops=8/8
26 - INFO - chord#: 128 In build_straw_man_chord_sa. tolerance = 1, sa_iterations = 1000, initial_temperature = 3.0, cooling_rate = 0.999
26 - INFO - chord#: 100 done. best_score=27.0, changed=518, unchanged=324, early_stops=8/8
26 - INFO - chord#: 102 In build_straw_man_chord_sa. tolerance = 1, sa_iterations = 1000, initial_temperature = 3.0, cooling_rate = 0.999
26 - INFO - chord#: 124 done. best_score=27.0, changed=525, unchanged=370, early_stops=8/8
26 - INFO - chord#: 128 In build_straw_man_chord_sa. tolerance = 1, sa_iterations = 1000, initial_temperature = 3.0, cooling_rate = 0.999
26 - INFO - chord#: 122 done. best_score=137.0, changed=620, unchanged=384, early_stops=8/8
26 - INFO - chord#: 124 In build_straw_man_chord_sa. tolerance = 1, sa_iterations = 1000, initial_temperature = 3.0, cooling_rate = 0.999
26 - INFO - chord#: 110 done. best_score=140.0, changed=610, unchanged=361, early_stops=8/8
26 - INFO - chord#: 112 In build_straw_man_chord_sa. tolerance = 1, sa_iterations = 1000, initial_temperature = 3.0, cooling_rate = 0.999
26 - INFO - chord#: 128 done. best_score=36.0, changed=519, unchanged=422, early_stops=8/8
26 - INFO - chord#: 132 In build_straw_man_chord_sa. tolerance = 1, sa_iterations = 1000, initial_temperature = 3.0, cooling_rate = 0.999
26 - INFO - chord#: 106 done. best_score=27.0, changed=526, unchanged=344, early_stops=8/8
26 - INFO - chord#: 108 In build_straw_man_chord_sa. tolerance = 1, sa_iterations = 1000, initial_temperature = 3.0, cooling_rate = 0.999
26 - INFO - chord#: 112 done. best_score=27.0, changed=516, unchanged=433, early_stops=8/8
26 - INFO - chord#: 116 In build_straw_man_chord_sa. tolerance = 1, sa_iterations = 1000, initial_temperature = 3.0, cooling_rate = 0.999
26 - INFO - chord#: 106 done. best_score=27.0, changed=516, unchanged=345, early_stops=8/8
26 - INFO - chord#: 108 In build_straw_man_chord_sa. tolerance = 1, sa_iterations = 1000, initial_temperature = 3.0, cooling_rate = 0.999
26 - INFO - chord#: 110 done. best_score=155.0, changed=607, unchanged=226, early_stops=8/8
26 - INFO - chord#: 112 In build_straw_man_chord_sa. tolerance = 1, sa_iterations = 1000, initial_temperature = 3.0, cooling_rate = 0.999
26 - INFO - chord#: 128 done. best_score=36.0, changed=529, unchanged=352, early_stops=8/8
26 - INFO - chord#: 132 In build_straw_man_chord_sa. tolerance = 1, sa_iterations = 1000, initial_temperature = 3.0, cooling_rate = 0.999
26 - INFO - chord#: 102 done. best_score=96.0, changed=611, unchanged=326, early_stops=8/8
26 - INFO - chord#: 104 In build_straw_man_chord_sa. tolerance = 1, sa_iterations = 1000, initial_temperature = 3.0, cooling_rate = 0.999
26 - INFO - chord#: 124 done. best_score=27.0, changed=524, unchanged=361, early_stops=8/8
26 - INFO - chord#: 128 done. best_score=36.0, changed=519, unchanged=402, early_stops=8/8
26 - INFO - chord#: 128 In build_straw_man_chord_sa. tolerance = 1, sa_iterations = 1000, initial_temperature = 3.0, cooling_rate = 0.999
26 - INFO - chord#: 132 In build_straw_man_chord_sa. tolerance = 1, sa_iterations = 1000, initial_temperature = 3.0, cooling_rate = 0.999
26 - INFO - chord#: 132 done. best_score=27.0, changed=516, unchanged=367, early_stops=8/8
26 - INFO - chord#: 134 In build_straw_man_chord_sa. tolerance = 1, sa_iterations = 1000, initial_temperature = 3.0, cooling_rate = 0.999
26 - INFO - chord#: 112 done. best_score=27.0, changed=521, unchanged=402, early_stops=8/8
26 - INFO - chord#: 116 In build_straw_man_chord_sa. tolerance = 1, sa_iterations = 1000, initial_temperature = 3.0, cooling_rate = 0.999
26 - INFO - chord#: 132 done. best_score=27.0, changed=522, unchanged=339, early_stops=8/8
26 - INFO - chord#: 134 In build_straw_man_chord_sa. tolerance = 1, sa_iterations = 1000, initial_temperature = 3.0, cooling_rate = 0.999
26 - INFO - chord#: 108 done. best_score=27.0, changed=518, unchanged=439, early_stops=8/8
26 - INFO - chord#: 110 In build_straw_man_chord_sa. tolerance = 1, sa_iterations = 1000, initial_temperature = 3.0, cooling_rate = 0.999
26 - INFO - chord#: 112 done. best_score=27.0, changed=524, unchanged=424, early_stops=8/8
26 - INFO - chord#: 116 In build_straw_man_chord_sa. tolerance = 1, sa_iterations = 1000, initial_temperature = 3.0, cooling_rate = 0.999
26 - INFO - chord#: 108 done. best_score=27.0, changed=519, unchanged=446, early_stops=8/8
26 - INFO - chord#: 110 In build_straw_man_chord_sa. tolerance = 1, sa_iterations = 1000, initial_temperature = 3.0, cooling_rate = 0.999
26 - INFO - chord#: 132 done. best_score=27.0, changed=525, unchanged=553, early_stops=8/8
26 - INFO - chord#: 134 In build_straw_man_chord_sa. tolerance = 1, sa_iterations = 1000, initial_temperature = 3.0, cooling_rate = 0.999
26 - INFO - chord#: 104 done. best_score=27.0, changed=513, unchanged=298, early_stops=8/8
26 - INFO - chord#: 106 In build_straw_man_chord_sa. tolerance = 1, sa_iterations = 1000, initial_temperature = 3.0, cooling_rate = 0.999
26 - INFO - chord#: 128 done. best_score=36.0, changed=527, unchanged=430, early_stops=8/8
26 - INFO - chord#: 102 done. best_score=93.0, changed=610, unchanged=405, early_stops=8/8
26 - INFO - chord#: 132 In build_straw_man_chord_sa. tolerance = 1, sa_iterations = 1000, initial_temperature = 3.0, cooling_rate = 0.999
26 - INFO - chord#: 104 In build_straw_man_chord_sa. tolerance = 1, sa_iterations = 1000, initial_temperature = 3.0, cooling_rate = 0.999
26 - INFO - chord#: 102 done. best_score=105.0, changed=617, unchanged=392, early_stops=8/8
26 - INFO - chord#: 104 In build_straw_man_chord_sa. tolerance = 1, sa_iterations = 1000, initial_temperature = 3.0, cooling_rate = 0.999
26 - INFO - chord#: 116 done. best_score=140.0, changed=616, unchanged=474, early_stops=8/8
26 - INFO - chord#: 120 In build_straw_man_chord_sa. tolerance = 1, sa_iterations = 1000, initial_temperature = 3.0, cooling_rate = 0.999
26 - INFO - chord#: 132 done. best_score=27.0, changed=522, unchanged=474, early_stops=8/8
26 - INFO - chord#: 134 In build_straw_man_chord_sa. tolerance = 1, sa_iterations = 1000, initial_temperature = 3.0, cooling_rate = 0.999
26 - INFO - chord#: 106 done. best_score=27.0, changed=522, unchanged=433, early_stops=8/8
26 - INFO - chord#: 108 In build_straw_man_chord_sa. tolerance = 1, sa_iterations = 1000, initial_temperature = 3.0, cooling_rate = 0.999
26 - INFO - chord#: 104 done. best_score=27.0, changed=524, unchanged=378, early_stops=8/8
26 - INFO - chord#: 106 In build_straw_man_chord_sa. tolerance = 1, sa_iterations = 1000, initial_temperature = 3.0, cooling_rate = 0.999
26 - INFO - chord#: 134 done. best_score=90.0, changed=609, unchanged=333, early_stops=8/8
26 - INFO - chord#: 136 In build_straw_man_chord_sa. tolerance = 1, sa_iterations = 1000, initial_temperature = 3.0, cooling_rate = 0.999
26 - INFO - chord#: 134 done. best_score=82.0, changed=613, unchanged=240, early_stops=8/8
26 - INFO - chord#: 136 In build_straw_man_chord_sa. tolerance = 1, sa_iterations = 1000, initial_temperature = 3.0, cooling_rate = 0.999
26 - INFO - chord#: 116 done. best_score=78.0, changed=611, unchanged=278, early_stops=8/8
26 - INFO - chord#: 120 In build_straw_man_chord_sa. tolerance = 1, sa_iterations = 1000, initial_temperature = 3.0, cooling_rate = 0.999
26 - INFO - chord#: 120 done. best_score=27.0, changed=514, unchanged=329, early_stops=8/8
26 - INFO - chord#: 122 In build_straw_man_chord_sa. tolerance = 1, sa_iterations = 1000, initial_temperature = 3.0, cooling_rate = 0.999
26 - INFO - chord#: 110 done. best_score=67.0, changed=609, unchanged=236, early_stops=8/8
26 - INFO - chord#: 112 In build_straw_man_chord_sa. tolerance = 1, sa_iterations = 1000, initial_temperature = 3.0, cooling_rate = 0.999
26 - INFO - chord#: 104 done. best_score=27.0, changed=523, unchanged=424, early_stops=8/8
26 - INFO - chord#: 106 In build_straw_man_chord_sa. tolerance = 1, sa_iterations = 1000, initial_temperature = 3.0, cooling_rate = 0.999
26 - INFO - chord#: 110 done. best_score=67.0, changed=613, unchanged=247, early_stops=8/8
26 - INFO - chord#: 112 In build_straw_man_chord_sa. tolerance = 1, sa_iterations = 1000, initial_temperature = 3.0, cooling_rate = 0.999
26 - INFO - chord#: 134 done. best_score=82.0, changed=619, unchanged=356, early_stops=8/8
26 - INFO - chord#: 136 In build_straw_man_chord_sa. tolerance = 1, sa_iterations = 1000, initial_temperature = 3.0, cooling_rate = 0.999
26 - INFO - chord#: 106 done. best_score=27.0, changed=523, unchanged=366, early_stops=8/8
26 - INFO - chord#: 108 In build_straw_man_chord_sa. tolerance = 1, sa_iterations = 1000, initial_temperature = 3.0, cooling_rate = 0.999
26 - INFO - chord#: 136 done. best_score=27.0, changed=519, unchanged=399, early_stops=8/8
26 - INFO - chord#: 138 In build_straw_man_chord_sa. tolerance = 1, sa_iterations = 1000, initial_temperature = 3.0, cooling_rate = 0.999
26 - INFO - chord#: 108 done. best_score=27.0, changed=516, unchanged=423, early_stops=8/8
26 - INFO - chord#: 110 In build_straw_man_chord_sa. tolerance = 1, sa_iterations = 1000, initial_temperature = 3.0, cooling_rate = 0.999
26 - INFO - chord#: 136 done. best_score=27.0, changed=523, unchanged=402, early_stops=8/8
26 - INFO - chord#: 138 In build_straw_man_chord_sa. tolerance = 1, sa_iterations = 1000, initial_temperature = 3.0, cooling_rate = 0.999
26 - INFO - chord#: 120 done. best_score=27.0, changed=528, unchanged=508, early_stops=8/8
26 - INFO - chord#: 122 In build_straw_man_chord_sa. tolerance = 1, sa_iterations = 1000, initial_temperature = 3.0, cooling_rate = 0.999
26 - INFO - chord#: 134 done. best_score=146.0, changed=605, unchanged=201, early_stops=8/8
26 - INFO - chord#: 136 In build_straw_man_chord_sa. tolerance = 1, sa_iterations = 1000, initial_temperature = 3.0, cooling_rate = 0.999
26 - INFO - chord#: 116 done. best_score=78.0, changed=612, unchanged=407, early_stops=8/8
26 - INFO - chord#: 120 In build_straw_man_chord_sa. tolerance = 1, sa_iterations = 1000, initial_temperature = 3.0, cooling_rate = 0.999
26 - INFO - chord#: 106 done. best_score=27.0, changed=530, unchanged=365, early_stops=8/8
26 - INFO - chord#: 108 In build_straw_man_chord_sa. tolerance = 1, sa_iterations = 1000, initial_temperature = 3.0, cooling_rate = 0.999
26 - INFO - chord#: 112 done. best_score=27.0, changed=513, unchanged=326, early_stops=8/8
26 - INFO - chord#: 116 In build_straw_man_chord_sa. tolerance = 1, sa_iterations = 1000, initial_temperature = 3.0, cooling_rate = 0.999
26 - INFO - chord#: 136 done. best_score=27.0, changed=526, unchanged=402, early_stops=8/8
26 - INFO - chord#: 138 In build_straw_man_chord_sa. tolerance = 1, sa_iterations = 1000, initial_temperature = 3.0, cooling_rate = 0.999
26 - INFO - chord#: 112 done. best_score=27.0, changed=518, unchanged=405, early_stops=8/8
26 - INFO - chord#: 116 In build_straw_man_chord_sa. tolerance = 1, sa_iterations = 1000, initial_temperature = 3.0, cooling_rate = 0.999
26 - INFO - chord#: 138 done. best_score=36.0, changed=511, unchanged=321, early_stops=8/8
26 - INFO - chord#: 140 In build_straw_man_chord_sa. tolerance = 1, sa_iterations = 1000, initial_temperature = 3.0, cooling_rate = 0.999
26 - INFO - chord#: 138 done. best_score=36.0, changed=525, unchanged=332, early_stops=8/8
26 - INFO - chord#: 140 In build_straw_man_chord_sa. tolerance = 1, sa_iterations = 1000, initial_temperature = 3.0, cooling_rate = 0.999
26 - INFO - chord#: 108 done. best_score=27.0, changed=514, unchanged=377, early_stops=8/8
26 - INFO - chord#: 110 In build_straw_man_chord_sa. tolerance = 1, sa_iterations = 1000, initial_temperature = 3.0, cooling_rate = 0.999
26 - INFO - chord#: 136 done. best_score=27.0, changed=520, unchanged=350, early_stops=8/8
26 - INFO - chord#: 138 In build_straw_man_chord_sa. tolerance = 1, sa_iterations = 1000, initial_temperature = 3.0, cooling_rate = 0.999
26 - INFO - chord#: 138 done. best_score=36.0, changed=516, unchanged=353, early_stops=8/8
26 - INFO - chord#: 140 In build_straw_man_chord_sa. tolerance = 1, sa_iterations = 1000, initial_temperature = 3.0, cooling_rate = 0.999
26 - INFO - chord#: 108 done. best_score=27.0, changed=515, unchanged=391, early_stops=8/8
26 - INFO - chord#: 110 In build_straw_man_chord_sa. tolerance = 1, sa_iterations = 1000, initial_temperature = 3.0, cooling_rate = 0.999
26 - INFO - chord#: 140 done. best_score=27.0, changed=520, unchanged=524, early_stops=8/8
26 - INFO - chord#: 142 In build_straw_man_chord_sa. tolerance = 1, sa_iterations = 1000, initial_temperature = 3.0, cooling_rate = 0.999
26 - INFO - chord#: 140 done. best_score=27.0, changed=526, unchanged=431, early_stops=8/8
26 - INFO - chord#: 142 In build_straw_man_chord_sa. tolerance = 1, sa_iterations = 1000, initial_temperature = 3.0, cooling_rate = 0.999
26 - INFO - chord#: 120 done. best_score=27.0, changed=524, unchanged=566, early_stops=8/8
26 - INFO - chord#: 122 In build_straw_man_chord_sa. tolerance = 1, sa_iterations = 1000, initial_temperature = 3.0, cooling_rate = 0.999
26 - INFO - chord#: 122 done. best_score=96.0, changed=613, unchanged=430, early_stops=8/8
26 - INFO - chord#: 124 In build_straw_man_chord_sa. tolerance = 1, sa_iterations = 1000, initial_temperature = 3.0, cooling_rate = 0.999
26 - INFO - chord#: 138 done. best_score=36.0, changed=518, unchanged=307, early_stops=8/8
26 - INFO - chord#: 140 In build_straw_man_chord_sa. tolerance = 1, sa_iterations = 1000, initial_temperature = 3.0, cooling_rate = 0.999
26 - INFO - chord#: 122 done. best_score=96.0, changed=609, unchanged=354, early_stops=8/8
26 - INFO - chord#: 124 In build_straw_man_chord_sa. tolerance = 1, sa_iterations = 1000, initial_temperature = 3.0, cooling_rate = 0.999
26 - INFO - chord#: 110 done. best_score=67.0, changed=610, unchanged=353, early_stops=8/8
26 - INFO - chord#: 112 In build_straw_man_chord_sa. tolerance = 1, sa_iterations = 1000, initial_temperature = 3.0, cooling_rate = 0.999
26 - INFO - chord#: 140 done. best_score=27.0, changed=525, unchanged=561, early_stops=8/8
26 - INFO - chord#: 142 In build_straw_man_chord_sa. tolerance = 1, sa_iterations = 1000, initial_temperature = 3.0, cooling_rate = 0.999
26 - INFO - chord#: 124 done. best_score=27.0, changed=527, unchanged=437, early_stops=8/8
26 - INFO - chord#: 128 In build_straw_man_chord_sa. tolerance = 1, sa_iterations = 1000, initial_temperature = 3.0, cooling_rate = 0.999
26 - INFO - chord#: 116 done. best_score=78.0, changed=609, unchanged=242, early_stops=8/8
26 - INFO - chord#: 120 In build_straw_man_chord_sa. tolerance = 1, sa_iterations = 1000, initial_temperature = 3.0, cooling_rate = 0.999
26 - INFO - chord#: 140 done. best_score=27.0, changed=517, unchanged=414, early_stops=8/8
26 - INFO - chord#: 142 In build_straw_man_chord_sa. tolerance = 1, sa_iterations = 1000, initial_temperature = 3.0, cooling_rate = 0.999
26 - INFO - chord#: 124 done. best_score=27.0, changed=522, unchanged=404, early_stops=8/8
26 - INFO - chord#: 128 In build_straw_man_chord_sa. tolerance = 1, sa_iterations = 1000, initial_temperature = 3.0, cooling_rate = 0.999
26 - INFO - chord#: 116 done. best_score=157.0, changed=612, unchanged=318, early_stops=8/8
26 - INFO - chord#: 120 In build_straw_man_chord_sa. tolerance = 1, sa_iterations = 1000, initial_temperature = 3.0, cooling_rate = 0.999
26 - INFO - chord#: 110 done. best_score=67.0, changed=608, unchanged=349, early_stops=8/8
26 - INFO - chord#: 112 In build_straw_man_chord_sa. tolerance = 1, sa_iterations = 1000, initial_temperature = 3.0, cooling_rate = 0.999
26 - INFO - chord#: 142 done. best_score=178.0, changed=613, unchanged=255, early_stops=8/8
26 - INFO - chord#: 144 In build_straw_man_chord_sa. tolerance = 1, sa_iterations = 1000, initial_temperature = 3.0, cooling_rate = 0.999
26 - INFO - chord#: 112 done. best_score=27.0, changed=515, unchanged=320, early_stops=8/8
26 - INFO - chord#: 116 In build_straw_man_chord_sa. tolerance = 1, sa_iterations = 1000, initial_temperature = 3.0, cooling_rate = 0.999
26 - INFO - chord#: 128 done. best_score=36.0, changed=531, unchanged=402, early_stops=8/8
26 - INFO - chord#: 132 In build_straw_man_chord_sa. tolerance = 1, sa_iterations = 1000, initial_temperature = 3.0, cooling_rate = 0.999
26 - INFO - chord#: 142 done. best_score=64.0, changed=613, unchanged=337, early_stops=8/8
26 - INFO - chord#: 144 In build_straw_man_chord_sa. tolerance = 1, sa_iterations = 1000, initial_temperature = 3.0, cooling_rate = 0.999
26 - INFO - chord#: 128 done. best_score=36.0, changed=521, unchanged=334, early_stops=8/8
26 - INFO - chord#: 132 In build_straw_man_chord_sa. tolerance = 1, sa_iterations = 1000, initial_temperature = 3.0, cooling_rate = 0.999
26 - INFO - chord#: 120 done. best_score=27.0, changed=523, unchanged=368, early_stops=8/8
26 - INFO - chord#: 122 In build_straw_man_chord_sa. tolerance = 1, sa_iterations = 1000, initial_temperature = 3.0, cooling_rate = 0.999
26 - INFO - chord#: 110 done. best_score=67.0, changed=612, unchanged=370, early_stops=8/8
26 - INFO - chord#: 112 In build_straw_man_chord_sa. tolerance = 1, sa_iterations = 1000, initial_temperature = 3.0, cooling_rate = 0.999
26 - INFO - chord#: 122 done. best_score=67.0, changed=608, unchanged=269, early_stops=8/8
26 - INFO - chord#: 124 In build_straw_man_chord_sa. tolerance = 1, sa_iterations = 1000, initial_temperature = 3.0, cooling_rate = 0.999
26 - INFO - chord#: 144 done. best_score=27.0, changed=519, unchanged=417, early_stops=8/8
26 - INFO - chord#: 146 In build_straw_man_chord_sa. tolerance = 1, sa_iterations = 1000, initial_temperature = 3.0, cooling_rate = 0.999
26 - INFO - chord#: 144 done. best_score=27.0, changed=520, unchanged=366, early_stops=8/8
26 - INFO - chord#: 146 In build_straw_man_chord_sa. tolerance = 1, sa_iterations = 1000, initial_temperature = 3.0, cooling_rate = 0.999
26 - INFO - chord#: 120 done. best_score=27.0, changed=523, unchanged=373, early_stops=8/8
26 - INFO - chord#: 122 In build_straw_man_chord_sa. tolerance = 1, sa_iterations = 1000, initial_temperature = 3.0, cooling_rate = 0.999
26 - INFO - chord#: 142 done. best_score=104.0, changed=612, unchanged=314, early_stops=8/8
26 - INFO - chord#: 144 In build_straw_man_chord_sa. tolerance = 1, sa_iterations = 1000, initial_temperature = 3.0, cooling_rate = 0.999
26 - INFO - chord#: 112 done. best_score=27.0, changed=522, unchanged=412, early_stops=8/8
26 - INFO - chord#: 116 In build_straw_man_chord_sa. tolerance = 1, sa_iterations = 1000, initial_temperature = 3.0, cooling_rate = 0.999
26 - INFO - chord#: 132 done. best_score=27.0, changed=530, unchanged=472, early_stops=8/8
26 - INFO - chord#: 134 In build_straw_man_chord_sa. tolerance = 1, sa_iterations = 1000, initial_temperature = 3.0, cooling_rate = 0.999
26 - INFO - chord#: 132 done. best_score=27.0, changed=521, unchanged=358, early_stops=8/8
26 - INFO - chord#: 134 In build_straw_man_chord_sa. tolerance = 1, sa_iterations = 1000, initial_temperature = 3.0, cooling_rate = 0.999
26 - INFO - chord#: 142 done. best_score=64.0, changed=611, unchanged=371, early_stops=8/8
26 - INFO - chord#: 144 In build_straw_man_chord_sa. tolerance = 1, sa_iterations = 1000, initial_temperature = 3.0, cooling_rate = 0.999
26 - INFO - chord#: 124 done. best_score=27.0, changed=532, unchanged=483, early_stops=8/8
26 - INFO - chord#: 128 In build_straw_man_chord_sa. tolerance = 1, sa_iterations = 1000, initial_temperature = 3.0, cooling_rate = 0.999
26 - INFO - chord#: 146 done. best_score=27.0, changed=514, unchanged=383, early_stops=8/8
26 - INFO - chord#: 148 In build_straw_man_chord_sa. tolerance = 1, sa_iterations = 1000, initial_temperature = 3.0, cooling_rate = 0.999
26 - INFO - chord#: 146 done. best_score=27.0, changed=521, unchanged=487, early_stops=8/8
26 - INFO - chord#: 148 In build_straw_man_chord_sa. tolerance = 1, sa_iterations = 1000, initial_temperature = 3.0, cooling_rate = 0.999
26 - INFO - chord#: 144 done. best_score=27.0, changed=532, unchanged=524, early_stops=8/8
26 - INFO - chord#: 146 In build_straw_man_chord_sa. tolerance = 1, sa_iterations = 1000, initial_temperature = 3.0, cooling_rate = 0.999
26 - INFO - chord#: 112 done. best_score=27.0, changed=528, unchanged=610, early_stops=8/8
26 - INFO - chord#: 116 In build_straw_man_chord_sa. tolerance = 1, sa_iterations = 1000, initial_temperature = 3.0, cooling_rate = 0.999
26 - INFO - chord#: 116 done. best_score=96.0, changed=609, unchanged=224, early_stops=8/8
26 - INFO - chord#: 120 In build_straw_man_chord_sa. tolerance = 1, sa_iterations = 1000, initial_temperature = 3.0, cooling_rate = 0.999
26 - INFO - chord#: 144 done. best_score=27.0, changed=517, unchanged=319, early_stops=8/8
26 - INFO - chord#: 146 In build_straw_man_chord_sa. tolerance = 1, sa_iterations = 1000, initial_temperature = 3.0, cooling_rate = 0.999
26 - INFO - chord#: 122 done. best_score=67.0, changed=609, unchanged=280, early_stops=8/8
26 - INFO - chord#: 124 In build_straw_man_chord_sa. tolerance = 1, sa_iterations = 1000, initial_temperature = 3.0, cooling_rate = 0.999
26 - INFO - chord#: 128 done. best_score=36.0, changed=517, unchanged=435, early_stops=8/8
26 - INFO - chord#: 132 In build_straw_man_chord_sa. tolerance = 1, sa_iterations = 1000, initial_temperature = 3.0, cooling_rate = 0.999
26 - INFO - chord#: 146 done. best_score=27.0, changed=526, unchanged=508, early_stops=8/8
26 - INFO - chord#: 148 In build_straw_man_chord_sa. tolerance = 1, sa_iterations = 1000, initial_temperature = 3.0, cooling_rate = 0.999
26 - INFO - chord#: 134 done. best_score=97.0, changed=613, unchanged=334, early_stops=8/8
26 - INFO - chord#: 136 In build_straw_man_chord_sa. tolerance = 1, sa_iterations = 1000, initial_temperature = 3.0, cooling_rate = 0.999
26 - INFO - chord#: 122 done. best_score=67.0, changed=611, unchanged=261, early_stops=8/8
26 - INFO - chord#: 146 done. best_score=27.0, changed=526, unchanged=479, early_stops=8/8
26 - INFO - chord#: 124 In build_straw_man_chord_sa. tolerance = 1, sa_iterations = 1000, initial_temperature = 3.0, cooling_rate = 0.999
26 - INFO - chord#: 148 In build_straw_man_chord_sa. tolerance = 1, sa_iterations = 1000, initial_temperature = 3.0, cooling_rate = 0.999
26 - INFO - chord#: 120 done. best_score=27.0, changed=517, unchanged=432, early_stops=8/8
26 - INFO - chord#: 122 In build_straw_man_chord_sa. tolerance = 1, sa_iterations = 1000, initial_temperature = 3.0, cooling_rate = 0.999
26 - INFO - chord#: 134 done. best_score=120.0, changed=616, unchanged=439, early_stops=8/8
26 - INFO - chord#: 136 In build_straw_man_chord_sa. tolerance = 1, sa_iterations = 1000, initial_temperature = 3.0, cooling_rate = 0.999
26 - INFO - chord#: 148 done. best_score=67.0, changed=605, unchanged=217, early_stops=8/8
26 - INFO - chord#: 152 In build_straw_man_chord_sa. tolerance = 1, sa_iterations = 1000, initial_temperature = 3.0, cooling_rate = 0.999
26 - INFO - chord#: 116 done. best_score=125.0, changed=612, unchanged=312, early_stops=8/8
26 - INFO - chord#: 120 In build_straw_man_chord_sa. tolerance = 1, sa_iterations = 1000, initial_temperature = 3.0, cooling_rate = 0.999
26 - INFO - chord#: 124 done. best_score=27.0, changed=523, unchanged=403, early_stops=8/8
26 - INFO - chord#: 128 In build_straw_man_chord_sa. tolerance = 1, sa_iterations = 1000, initial_temperature = 3.0, cooling_rate = 0.999
26 - INFO - chord#: 148 done. best_score=140.0, changed=614, unchanged=304, early_stops=8/8
26 - INFO - chord#: 152 In build_straw_man_chord_sa. tolerance = 1, sa_iterations = 1000, initial_temperature = 3.0, cooling_rate = 0.999
26 - INFO - chord#: 132 done. best_score=27.0, changed=526, unchanged=436, early_stops=8/8
26 - INFO - chord#: 134 In build_straw_man_chord_sa. tolerance = 1, sa_iterations = 1000, initial_temperature = 3.0, cooling_rate = 0.999
26 - INFO - chord#: 136 done. best_score=27.0, changed=522, unchanged=397, early_stops=8/8
26 - INFO - chord#: 138 In build_straw_man_chord_sa. tolerance = 1, sa_iterations = 1000, initial_temperature = 3.0, cooling_rate = 0.999
26 - INFO - chord#: 116 done. best_score=158.0, changed=608, unchanged=233, early_stops=8/8
26 - INFO - chord#: 120 In build_straw_man_chord_sa. tolerance = 1, sa_iterations = 1000, initial_temperature = 3.0, cooling_rate = 0.999
26 - INFO - chord#: 124 done. best_score=27.0, changed=520, unchanged=347, early_stops=8/8
26 - INFO - chord#: 128 In build_straw_man_chord_sa. tolerance = 1, sa_iterations = 1000, initial_temperature = 3.0, cooling_rate = 0.999
26 - INFO - chord#: 152 done. best_score=27.0, changed=515, unchanged=424, early_stops=8/8
26 - INFO - chord#: 154 In build_straw_man_chord_sa. tolerance = 1, sa_iterations = 1000, initial_temperature = 3.0, cooling_rate = 0.999
26 - INFO - chord#: 136 done. best_score=27.0, changed=520, unchanged=483, early_stops=8/8
26 - INFO - chord#: 138 In build_straw_man_chord_sa. tolerance = 1, sa_iterations = 1000, initial_temperature = 3.0, cooling_rate = 0.999
26 - INFO - chord#: 152 done. best_score=27.0, changed=517, unchanged=423, early_stops=8/8
26 - INFO - chord#: 154 In build_straw_man_chord_sa. tolerance = 1, sa_iterations = 1000, initial_temperature = 3.0, cooling_rate = 0.999
26 - INFO - chord#: 128 done. best_score=36.0, changed=528, unchanged=398, early_stops=8/8
26 - INFO - chord#: 132 In build_straw_man_chord_sa. tolerance = 1, sa_iterations = 1000, initial_temperature = 3.0, cooling_rate = 0.999
26 - INFO - chord#: 120 done. best_score=27.0, changed=521, unchanged=558, early_stops=8/8
26 - INFO - chord#: 122 In build_straw_man_chord_sa. tolerance = 1, sa_iterations = 1000, initial_temperature = 3.0, cooling_rate = 0.999
26 - INFO - chord#: 138 done. best_score=36.0, changed=518, unchanged=404, early_stops=8/8
26 - INFO - chord#: 140 In build_straw_man_chord_sa. tolerance = 1, sa_iterations = 1000, initial_temperature = 3.0, cooling_rate = 0.999
26 - INFO - chord#: 148 done. best_score=145.0, changed=611, unchanged=351, early_stops=8/8
26 - INFO - chord#: 152 In build_straw_man_chord_sa. tolerance = 1, sa_iterations = 1000, initial_temperature = 3.0, cooling_rate = 0.999
26 - INFO - chord#: 148 done. best_score=119.0, changed=614, unchanged=310, early_stops=8/8
26 - INFO - chord#: 152 In build_straw_man_chord_sa. tolerance = 1, sa_iterations = 1000, initial_temperature = 3.0, cooling_rate = 0.999
26 - INFO - chord#: 138 done. best_score=36.0, changed=523, unchanged=469, early_stops=8/8
26 - INFO - chord#: 140 In build_straw_man_chord_sa. tolerance = 1, sa_iterations = 1000, initial_temperature = 3.0, cooling_rate = 0.999
26 - INFO - chord#: 128 done. best_score=36.0, changed=521, unchanged=366, early_stops=8/8
26 - INFO - chord#: 132 In build_straw_man_chord_sa. tolerance = 1, sa_iterations = 1000, initial_temperature = 3.0, cooling_rate = 0.999
26 - INFO - chord#: 120 done. best_score=27.0, changed=524, unchanged=462, early_stops=8/8
26 - INFO - chord#: 122 In build_straw_man_chord_sa. tolerance = 1, sa_iterations = 1000, initial_temperature = 3.0, cooling_rate = 0.999
26 - INFO - chord#: 152 done. best_score=27.0, changed=515, unchanged=335, early_stops=8/8
26 - INFO - chord#: 154 In build_straw_man_chord_sa. tolerance = 1, sa_iterations = 1000, initial_temperature = 3.0, cooling_rate = 0.999
26 - INFO - chord#: 140 done. best_score=27.0, changed=529, unchanged=442, early_stops=8/8
26 - INFO - chord#: 142 In build_straw_man_chord_sa. tolerance = 1, sa_iterations = 1000, initial_temperature = 3.0, cooling_rate = 0.999
26 - INFO - chord#: 122 done. best_score=67.0, changed=611, unchanged=348, early_stops=8/8
26 - INFO - chord#: 124 In build_straw_man_chord_sa. tolerance = 1, sa_iterations = 1000, initial_temperature = 3.0, cooling_rate = 0.999
26 - INFO - chord#: 132 done. best_score=27.0, changed=528, unchanged=490, early_stops=8/8
26 - INFO - chord#: 134 In build_straw_man_chord_sa. tolerance = 1, sa_iterations = 1000, initial_temperature = 3.0, cooling_rate = 0.999
26 - INFO - chord#: 134 done. best_score=82.0, changed=617, unchanged=254, early_stops=8/8
26 - INFO - chord#: 136 In build_straw_man_chord_sa. tolerance = 1, sa_iterations = 1000, initial_temperature = 3.0, cooling_rate = 0.999
26 - INFO - chord#: 152 done. best_score=27.0, changed=528, unchanged=458, early_stops=8/8
26 - INFO - chord#: 154 In build_straw_man_chord_sa. tolerance = 1, sa_iterations = 1000, initial_temperature = 3.0, cooling_rate = 0.999
26 - INFO - chord#: 154 done. best_score=67.0, changed=614, unchanged=263, early_stops=8/8
26 - INFO - chord#: 156 In build_straw_man_chord_sa. tolerance = 1, sa_iterations = 1000, initial_temperature = 3.0, cooling_rate = 0.999
26 - INFO - chord#: 140 done. best_score=27.0, changed=518, unchanged=370, early_stops=8/8
26 - INFO - chord#: 142 In build_straw_man_chord_sa. tolerance = 1, sa_iterations = 1000, initial_temperature = 3.0, cooling_rate = 0.999
26 - INFO - chord#: 132 done. best_score=27.0, changed=528, unchanged=471, early_stops=8/8
26 - INFO - chord#: 134 In build_straw_man_chord_sa. tolerance = 1, sa_iterations = 1000, initial_temperature = 3.0, cooling_rate = 0.999
26 - INFO - chord#: 122 done. best_score=67.0, changed=614, unchanged=236, early_stops=8/8
26 - INFO - chord#: 124 In build_straw_man_chord_sa. tolerance = 1, sa_iterations = 1000, initial_temperature = 3.0, cooling_rate = 0.999
26 - INFO - chord#: 124 done. best_score=27.0, changed=521, unchanged=371, early_stops=8/8
26 - INFO - chord#: 128 In build_straw_man_chord_sa. tolerance = 1, sa_iterations = 1000, initial_temperature = 3.0, cooling_rate = 0.999
26 - INFO - chord#: 136 done. best_score=27.0, changed=526, unchanged=440, early_stops=8/8
26 - INFO - chord#: 138 In build_straw_man_chord_sa. tolerance = 1, sa_iterations = 1000, initial_temperature = 3.0, cooling_rate = 0.999
26 - INFO - chord#: 156 done. best_score=27.0, changed=517, unchanged=393, early_stops=8/8
26 - INFO - chord#: 154 done. best_score=67.0, changed=623, unchanged=435, early_stops=8/8
26 - INFO - chord#: 156 In build_straw_man_chord_sa. tolerance = 1, sa_iterations = 1000, initial_temperature = 3.0, cooling_rate = 0.999
26 - INFO - chord#: 122 done. best_score=67.0, changed=610, unchanged=210, early_stops=8/8
26 - INFO - chord#: 124 In build_straw_man_chord_sa. tolerance = 1, sa_iterations = 1000, initial_temperature = 3.0, cooling_rate = 0.999
26 - INFO - chord#: 124 done. best_score=27.0, changed=536, unchanged=464, early_stops=8/8
26 - INFO - chord#: 128 In build_straw_man_chord_sa. tolerance = 1, sa_iterations = 1000, initial_temperature = 3.0, cooling_rate = 0.999
26 - INFO - chord#: 154 done. best_score=67.0, changed=610, unchanged=260, early_stops=8/8
26 - INFO - chord#: 156 In build_straw_man_chord_sa. tolerance = 1, sa_iterations = 1000, initial_temperature = 3.0, cooling_rate = 0.999
26 - INFO - chord#: 142 done. best_score=64.0, changed=608, unchanged=215, early_stops=8/8
26 - INFO - chord#: 144 In build_straw_man_chord_sa. tolerance = 1, sa_iterations = 1000, initial_temperature = 3.0, cooling_rate = 0.999
26 - INFO - chord#: 138 done. best_score=36.0, changed=522, unchanged=420, early_stops=8/8
26 - INFO - chord#: 140 In build_straw_man_chord_sa. tolerance = 1, sa_iterations = 1000, initial_temperature = 3.0, cooling_rate = 0.999
26 - INFO - chord#: 124 done. best_score=27.0, changed=524, unchanged=352, early_stops=8/8
26 - INFO - chord#: 128 In build_straw_man_chord_sa. tolerance = 1, sa_iterations = 1000, initial_temperature = 3.0, cooling_rate = 0.999
26 - INFO - chord#: 128 done. best_score=36.0, changed=518, unchanged=321, early_stops=8/8
26 - INFO - chord#: 132 In build_straw_man_chord_sa. tolerance = 1, sa_iterations = 1000, initial_temperature = 3.0, cooling_rate = 0.999
26 - INFO - chord#: 156 done. best_score=27.0, changed=520, unchanged=411, early_stops=8/8
26 - INFO - chord#: 134 done. best_score=82.0, changed=618, unchanged=303, early_stops=8/8
26 - INFO - chord#: 136 In build_straw_man_chord_sa. tolerance = 1, sa_iterations = 1000, initial_temperature = 3.0, cooling_rate = 0.999
26 - INFO - chord#: 156 done. best_score=27.0, changed=519, unchanged=344, early_stops=8/8
26 - INFO - chord#: 128 done. best_score=36.0, changed=526, unchanged=395, early_stops=8/8
26 - INFO - chord#: 132 In build_straw_man_chord_sa. tolerance = 1, sa_iterations = 1000, initial_temperature = 3.0, cooling_rate = 0.999
26 - INFO - chord#: 142 done. best_score=64.0, changed=613, unchanged=303, early_stops=8/8
26 - INFO - chord#: 144 In build_straw_man_chord_sa. tolerance = 1, sa_iterations = 1000, initial_temperature = 3.0, cooling_rate = 0.999
26 - INFO - chord#: 134 done. best_score=82.0, changed=612, unchanged=368, early_stops=8/8
26 - INFO - chord#: 136 In build_straw_man_chord_sa. tolerance = 1, sa_iterations = 1000, initial_temperature = 3.0, cooling_rate = 0.999
26 - INFO - chord#: 154 done. best_score=67.0, changed=613, unchanged=316, early_stops=8/8
26 - INFO - chord#: 156 In build_straw_man_chord_sa. tolerance = 1, sa_iterations = 1000, initial_temperature = 3.0, cooling_rate = 0.999
26 - INFO - chord#: 144 done. best_score=27.0, changed=523, unchanged=321, early_stops=8/8
26 - INFO - chord#: 146 In build_straw_man_chord_sa. tolerance = 1, sa_iterations = 1000, initial_temperature = 3.0, cooling_rate = 0.999
26 - INFO - chord#: 128 done. best_score=36.0, changed=526, unchanged=404, early_stops=8/8
26 - INFO - chord#: 132 In build_straw_man_chord_sa. tolerance = 1, sa_iterations = 1000, initial_temperature = 3.0, cooling_rate = 0.999
26 - INFO - chord#: 140 done. best_score=27.0, changed=524, unchanged=437, early_stops=8/8
26 - INFO - chord#: 142 In build_straw_man_chord_sa. tolerance = 1, sa_iterations = 1000, initial_temperature = 3.0, cooling_rate = 0.999
26 - INFO - chord#: 136 done. best_score=27.0, changed=521, unchanged=377, early_stops=8/8
26 - INFO - chord#: 138 In build_straw_man_chord_sa. tolerance = 1, sa_iterations = 1000, initial_temperature = 3.0, cooling_rate = 0.999
26 - INFO - chord#: 132 done. best_score=27.0, changed=518, unchanged=361, early_stops=8/8
26 - INFO - chord#: 134 In build_straw_man_chord_sa. tolerance = 1, sa_iterations = 1000, initial_temperature = 3.0, cooling_rate = 0.999
26 - INFO - chord#: 132 done. best_score=27.0, changed=517, unchanged=392, early_stops=8/8
26 - INFO - chord#: 134 In build_straw_man_chord_sa. tolerance = 1, sa_iterations = 1000, initial_temperature = 3.0, cooling_rate = 0.999
26 - INFO - chord#: 156 done. best_score=27.0, changed=518, unchanged=369, early_stops=8/8
26 - INFO - chord#: 144 done. best_score=27.0, changed=515, unchanged=309, early_stops=8/8
26 - INFO - chord#: 146 In build_straw_man_chord_sa. tolerance = 1, sa_iterations = 1000, initial_temperature = 3.0, cooling_rate = 0.999
26 - INFO - chord#: 136 done. best_score=27.0, changed=519, unchanged=456, early_stops=8/8
26 - INFO - chord#: 138 In build_straw_man_chord_sa. tolerance = 1, sa_iterations = 1000, initial_temperature = 3.0, cooling_rate = 0.999
26 - INFO - chord#: 132 done. best_score=27.0, changed=525, unchanged=370, early_stops=8/8
26 - INFO - chord#: 134 In build_straw_man_chord_sa. tolerance = 1, sa_iterations = 1000, initial_temperature = 3.0, cooling_rate = 0.999
26 - INFO - chord#: 146 done. best_score=27.0, changed=517, unchanged=396, early_stops=8/8
26 - INFO - chord#: 148 In build_straw_man_chord_sa. tolerance = 1, sa_iterations = 1000, initial_temperature = 3.0, cooling_rate = 0.999
26 - INFO - chord#: 138 done. best_score=36.0, changed=532, unchanged=533, early_stops=8/8
26 - INFO - chord#: 140 In build_straw_man_chord_sa. tolerance = 1, sa_iterations = 1000, initial_temperature = 3.0, cooling_rate = 0.999
26 - INFO - chord#: 138 done. best_score=36.0, changed=525, unchanged=358, early_stops=8/8
26 - INFO - chord#: 140 In build_straw_man_chord_sa. tolerance = 1, sa_iterations = 1000, initial_temperature = 3.0, cooling_rate = 0.999
26 - INFO - chord#: 146 done. best_score=27.0, changed=523, unchanged=417, early_stops=8/8
26 - INFO - chord#: 148 In build_straw_man_chord_sa. tolerance = 1, sa_iterations = 1000, initial_temperature = 3.0, cooling_rate = 0.999
26 - INFO - chord#: 142 done. best_score=64.0, changed=611, unchanged=349, early_stops=8/8
26 - INFO - chord#: 144 In build_straw_man_chord_sa. tolerance = 1, sa_iterations = 1000, initial_temperature = 3.0, cooling_rate = 0.999
26 - INFO - chord#: 140 done. best_score=27.0, changed=514, unchanged=398, early_stops=8/8
26 - INFO - chord#: 142 In build_straw_man_chord_sa. tolerance = 1, sa_iterations = 1000, initial_temperature = 3.0, cooling_rate = 0.999
26 - INFO - chord#: 134 done. best_score=82.0, changed=615, unchanged=284, early_stops=8/8
26 - INFO - chord#: 136 In build_straw_man_chord_sa. tolerance = 1, sa_iterations = 1000, initial_temperature = 3.0, cooling_rate = 0.999
26 - INFO - chord#: 140 done. best_score=27.0, changed=516, unchanged=342, early_stops=8/8
26 - INFO - chord#: 142 In build_straw_man_chord_sa. tolerance = 1, sa_iterations = 1000, initial_temperature = 3.0, cooling_rate = 0.999
26 - INFO - chord#: 134 done. best_score=82.0, changed=612, unchanged=307, early_stops=8/8
26 - INFO - chord#: 136 In build_straw_man_chord_sa. tolerance = 1, sa_iterations = 1000, initial_temperature = 3.0, cooling_rate = 0.999
26 - INFO - chord#: 148 done. best_score=142.0, changed=608, unchanged=318, early_stops=8/8
26 - INFO - chord#: 152 In build_straw_man_chord_sa. tolerance = 1, sa_iterations = 1000, initial_temperature = 3.0, cooling_rate = 0.999
26 - INFO - chord#: 144 done. best_score=27.0, changed=524, unchanged=492, early_stops=8/8
26 - INFO - chord#: 146 In build_straw_man_chord_sa. tolerance = 1, sa_iterations = 1000, initial_temperature = 3.0, cooling_rate = 0.999
26 - INFO - chord#: 134 done. best_score=82.0, changed=618, unchanged=390, early_stops=8/8
26 - INFO - chord#: 136 In build_straw_man_chord_sa. tolerance = 1, sa_iterations = 1000, initial_temperature = 3.0, cooling_rate = 0.999
26 - INFO - chord#: 136 done. best_score=27.0, changed=513, unchanged=311, early_stops=8/8
26 - INFO - chord#: 138 In build_straw_man_chord_sa. tolerance = 1, sa_iterations = 1000, initial_temperature = 3.0, cooling_rate = 0.999
26 - INFO - chord#: 146 done. best_score=27.0, changed=517, unchanged=331, early_stops=8/8
26 - INFO - chord#: 148 In build_straw_man_chord_sa. tolerance = 1, sa_iterations = 1000, initial_temperature = 3.0, cooling_rate = 0.999
26 - INFO - chord#: 152 done. best_score=27.0, changed=523, unchanged=580, early_stops=8/8
26 - INFO - chord#: 154 In build_straw_man_chord_sa. tolerance = 1, sa_iterations = 1000, initial_temperature = 3.0, cooling_rate = 0.999
26 - INFO - chord#: 136 done. best_score=27.0, changed=520, unchanged=387, early_stops=8/8
26 - INFO - chord#: 138 In build_straw_man_chord_sa. tolerance = 1, sa_iterations = 1000, initial_temperature = 3.0, cooling_rate = 0.999
26 - INFO - chord#: 136 done. best_score=27.0, changed=519, unchanged=431, early_stops=8/8
26 - INFO - chord#: 138 In build_straw_man_chord_sa. tolerance = 1, sa_iterations = 1000, initial_temperature = 3.0, cooling_rate = 0.999
26 - INFO - chord#: 142 done. best_score=64.0, changed=609, unchanged=318, early_stops=8/8
26 - INFO - chord#: 144 In build_straw_man_chord_sa. tolerance = 1, sa_iterations = 1000, initial_temperature = 3.0, cooling_rate = 0.999
26 - INFO - chord#: 148 done. best_score=67.0, changed=615, unchanged=307, early_stops=8/8
26 - INFO - chord#: 152 In build_straw_man_chord_sa. tolerance = 1, sa_iterations = 1000, initial_temperature = 3.0, cooling_rate = 0.999
26 - INFO - chord#: 138 done. best_score=36.0, changed=524, unchanged=531, early_stops=8/8
26 - INFO - chord#: 140 In build_straw_man_chord_sa. tolerance = 1, sa_iterations = 1000, initial_temperature = 3.0, cooling_rate = 0.999
26 - INFO - chord#: 142 done. best_score=64.0, changed=616, unchanged=300, early_stops=8/8
26 - INFO - chord#: 144 In build_straw_man_chord_sa. tolerance = 1, sa_iterations = 1000, initial_temperature = 3.0, cooling_rate = 0.999
26 - INFO - chord#: 144 done. best_score=27.0, changed=526, unchanged=472, early_stops=8/8
26 - INFO - chord#: 146 In build_straw_man_chord_sa. tolerance = 1, sa_iterations = 1000, initial_temperature = 3.0, cooling_rate = 0.999
26 - INFO - chord#: 138 done. best_score=36.0, changed=524, unchanged=401, early_stops=8/8
26 - INFO - chord#: 140 In build_straw_man_chord_sa. tolerance = 1, sa_iterations = 1000, initial_temperature = 3.0, cooling_rate = 0.999
26 - INFO - chord#: 138 done. best_score=36.0, changed=526, unchanged=480, early_stops=8/8
26 - INFO - chord#: 140 In build_straw_man_chord_sa. tolerance = 1, sa_iterations = 1000, initial_temperature = 3.0, cooling_rate = 0.999
26 - INFO - chord#: 144 done. best_score=27.0, changed=535, unchanged=404, early_stops=8/8
26 - INFO - chord#: 146 In build_straw_man_chord_sa. tolerance = 1, sa_iterations = 1000, initial_temperature = 3.0, cooling_rate = 0.999
26 - INFO - chord#: 140 done. best_score=27.0, changed=522, unchanged=393, early_stops=8/8
26 - INFO - chord#: 142 In build_straw_man_chord_sa. tolerance = 1, sa_iterations = 1000, initial_temperature = 3.0, cooling_rate = 0.999
26 - INFO - chord#: 152 done. best_score=27.0, changed=514, unchanged=413, early_stops=8/8
26 - INFO - chord#: 154 In build_straw_man_chord_sa. tolerance = 1, sa_iterations = 1000, initial_temperature = 3.0, cooling_rate = 0.999
26 - INFO - chord#: 148 done. best_score=137.0, changed=614, unchanged=372, early_stops=8/8
26 - INFO - chord#: 152 In build_straw_man_chord_sa. tolerance = 1, sa_iterations = 1000, initial_temperature = 3.0, cooling_rate = 0.999
26 - INFO - chord#: 146 done. best_score=27.0, changed=520, unchanged=375, early_stops=8/8
26 - INFO - chord#: 148 In build_straw_man_chord_sa. tolerance = 1, sa_iterations = 1000, initial_temperature = 3.0, cooling_rate = 0.999
26 - INFO - chord#: 140 done. best_score=27.0, changed=514, unchanged=387, early_stops=8/8
26 - INFO - chord#: 142 In build_straw_man_chord_sa. tolerance = 1, sa_iterations = 1000, initial_temperature = 3.0, cooling_rate = 0.999
26 - INFO - chord#: 154 done. best_score=67.0, changed=617, unchanged=425, early_stops=8/8
26 - INFO - chord#: 156 In build_straw_man_chord_sa. tolerance = 1, sa_iterations = 1000, initial_temperature = 3.0, cooling_rate = 0.999
26 - INFO - chord#: 146 done. best_score=27.0, changed=519, unchanged=407, early_stops=8/8
26 - INFO - chord#: 148 In build_straw_man_chord_sa. tolerance = 1, sa_iterations = 1000, initial_temperature = 3.0, cooling_rate = 0.999
26 - INFO - chord#: 140 done. best_score=27.0, changed=527, unchanged=490, early_stops=8/8
26 - INFO - chord#: 142 In build_straw_man_chord_sa. tolerance = 1, sa_iterations = 1000, initial_temperature = 3.0, cooling_rate = 0.999
26 - INFO - chord#: 152 done. best_score=27.0, changed=526, unchanged=444, early_stops=8/8
26 - INFO - chord#: 154 In build_straw_man_chord_sa. tolerance = 1, sa_iterations = 1000, initial_temperature = 3.0, cooling_rate = 0.999
26 - INFO - chord#: 156 done. best_score=27.0, changed=516, unchanged=442, early_stops=8/8
26 - INFO - chord#: 142 done. best_score=146.0, changed=617, unchanged=330, early_stops=8/8
26 - INFO - chord#: 144 In build_straw_man_chord_sa. tolerance = 1, sa_iterations = 1000, initial_temperature = 3.0, cooling_rate = 0.999
26 - INFO - chord#: 148 done. best_score=78.0, changed=606, unchanged=208, early_stops=8/8
26 - INFO - chord#: 152 In build_straw_man_chord_sa. tolerance = 1, sa_iterations = 1000, initial_temperature = 3.0, cooling_rate = 0.999
26 - INFO - chord#: 144 done. best_score=27.0, changed=520, unchanged=349, early_stops=8/8
26 - INFO - chord#: 146 In build_straw_man_chord_sa. tolerance = 1, sa_iterations = 1000, initial_temperature = 3.0, cooling_rate = 0.999
26 - INFO - chord#: 154 done. best_score=145.0, changed=611, unchanged=272, early_stops=8/8
26 - INFO - chord#: 156 In build_straw_man_chord_sa. tolerance = 1, sa_iterations = 1000, initial_temperature = 3.0, cooling_rate = 0.999
26 - INFO - chord#: 142 done. best_score=64.0, changed=612, unchanged=473, early_stops=8/8
26 - INFO - chord#: 144 In build_straw_man_chord_sa. tolerance = 1, sa_iterations = 1000, initial_temperature = 3.0, cooling_rate = 0.999
26 - INFO - chord#: 142 done. best_score=64.0, changed=610, unchanged=289, early_stops=8/8
26 - INFO - chord#: 144 In build_straw_man_chord_sa. tolerance = 1, sa_iterations = 1000, initial_temperature = 3.0, cooling_rate = 0.999
26 - INFO - chord#: 152 done. best_score=27.0, changed=519, unchanged=377, early_stops=8/8
26 - INFO - chord#: 154 In build_straw_man_chord_sa. tolerance = 1, sa_iterations = 1000, initial_temperature = 3.0, cooling_rate = 0.999
26 - INFO - chord#: 148 done. best_score=67.0, changed=616, unchanged=454, early_stops=8/8
26 - INFO - chord#: 152 In build_straw_man_chord_sa. tolerance = 1, sa_iterations = 1000, initial_temperature = 3.0, cooling_rate = 0.999
26 - INFO - chord#: 144 done. best_score=27.0, changed=517, unchanged=340, early_stops=8/8
26 - INFO - chord#: 146 In build_straw_man_chord_sa. tolerance = 1, sa_iterations = 1000, initial_temperature = 3.0, cooling_rate = 0.999
26 - INFO - chord#: 146 done. best_score=27.0, changed=520, unchanged=459, early_stops=8/8
26 - INFO - chord#: 148 In build_straw_man_chord_sa. tolerance = 1, sa_iterations = 1000, initial_temperature = 3.0, cooling_rate = 0.999
26 - INFO - chord#: 154 done. best_score=96.0, changed=610, unchanged=347, early_stops=8/8
26 - INFO - chord#: 156 In build_straw_man_chord_sa. tolerance = 1, sa_iterations = 1000, initial_temperature = 3.0, cooling_rate = 0.999
26 - INFO - chord#: 144 done. best_score=27.0, changed=524, unchanged=339, early_stops=8/8
26 - INFO - chord#: 146 In build_straw_man_chord_sa. tolerance = 1, sa_iterations = 1000, initial_temperature = 3.0, cooling_rate = 0.999
26 - INFO - chord#: 156 done. best_score=27.0, changed=522, unchanged=411, early_stops=8/8
26 - INFO - chord#: 152 done. best_score=27.0, changed=514, unchanged=348, early_stops=8/8
26 - INFO - chord#: 154 In build_straw_man_chord_sa. tolerance = 1, sa_iterations = 1000, initial_temperature = 3.0, cooling_rate = 0.999
26 - INFO - chord#: 146 done. best_score=27.0, changed=524, unchanged=372, early_stops=8/8
26 - INFO - chord#: 148 In build_straw_man_chord_sa. tolerance = 1, sa_iterations = 1000, initial_temperature = 3.0, cooling_rate = 0.999
26 - INFO - chord#: 156 done. best_score=27.0, changed=522, unchanged=398, early_stops=8/8
26 - INFO - chord#: 146 done. best_score=27.0, changed=526, unchanged=409, early_stops=8/8
26 - INFO - chord#: 148 In build_straw_man_chord_sa. tolerance = 1, sa_iterations = 1000, initial_temperature = 3.0, cooling_rate = 0.999
26 - INFO - chord#: 154 done. best_score=67.0, changed=613, unchanged=288, early_stops=8/8
26 - INFO - chord#: 156 In build_straw_man_chord_sa. tolerance = 1, sa_iterations = 1000, initial_temperature = 3.0, cooling_rate = 0.999
26 - INFO - chord#: 148 done. best_score=67.0, changed=614, unchanged=420, early_stops=8/8
26 - INFO - chord#: 152 In build_straw_man_chord_sa. tolerance = 1, sa_iterations = 1000, initial_temperature = 3.0, cooling_rate = 0.999
26 - INFO - chord#: 154 done. best_score=96.0, changed=604, unchanged=214, early_stops=8/8
26 - INFO - chord#: 156 In build_straw_man_chord_sa. tolerance = 1, sa_iterations = 1000, initial_temperature = 3.0, cooling_rate = 0.999
26 - INFO - chord#: 156 done. best_score=27.0, changed=520, unchanged=353, early_stops=8/8
26 - INFO - chord#: 148 done. best_score=78.0, changed=606, unchanged=260, early_stops=8/8
26 - INFO - chord#: 152 In build_straw_man_chord_sa. tolerance = 1, sa_iterations = 1000, initial_temperature = 3.0, cooling_rate = 0.999
26 - INFO - chord#: 152 done. best_score=27.0, changed=522, unchanged=461, early_stops=8/8
26 - INFO - chord#: 154 In build_straw_man_chord_sa. tolerance = 1, sa_iterations = 1000, initial_temperature = 3.0, cooling_rate = 0.999
26 - INFO - chord#: 148 done. best_score=67.0, changed=610, unchanged=373, early_stops=8/8
26 - INFO - chord#: 152 In build_straw_man_chord_sa. tolerance = 1, sa_iterations = 1000, initial_temperature = 3.0, cooling_rate = 0.999
26 - INFO - chord#: 156 done. best_score=27.0, changed=523, unchanged=392, early_stops=8/8
26 - INFO - chord#: 152 done. best_score=27.0, changed=522, unchanged=439, early_stops=8/8
26 - INFO - chord#: 154 In build_straw_man_chord_sa. tolerance = 1, sa_iterations = 1000, initial_temperature = 3.0, cooling_rate = 0.999
26 - INFO - chord#: 152 done. best_score=27.0, changed=519, unchanged=445, early_stops=8/8
26 - INFO - chord#: 154 In build_straw_man_chord_sa. tolerance = 1, sa_iterations = 1000, initial_temperature = 3.0, cooling_rate = 0.999
26 - INFO - chord#: 154 done. best_score=96.0, changed=615, unchanged=396, early_stops=8/8
26 - INFO - chord#: 156 In build_straw_man_chord_sa. tolerance = 1, sa_iterations = 1000, initial_temperature = 3.0, cooling_rate = 0.999
26 - INFO - chord#: 154 done. best_score=67.0, changed=611, unchanged=226, early_stops=8/8
26 - INFO - chord#: 156 In build_straw_man_chord_sa. tolerance = 1, sa_iterations = 1000, initial_temperature = 3.0, cooling_rate = 0.999
26 - INFO - chord#: 154 done. best_score=137.0, changed=612, unchanged=265, early_stops=8/8
26 - INFO - chord#: 156 In build_straw_man_chord_sa. tolerance = 1, sa_iterations = 1000, initial_temperature = 3.0, cooling_rate = 0.999
26 - INFO - chord#: 156 done. best_score=27.0, changed=519, unchanged=361, early_stops=8/8
26 - INFO - chord#: 156 done. best_score=27.0, changed=519, unchanged=483, early_stops=8/8
26 - INFO - chord#: 156 done. best_score=27.0, changed=518, unchanged=370, early_stops=8/8
26 - INFO - chord#: 0 In build_straw_man_chord_sa. tolerance = 1, sa_iterations = 1000, initial_temperature = 3.0, cooling_rate = 0.999
26 - INFO - chord#: 0 In build_straw_man_chord_sa. tolerance = 1, sa_iterations = 1000, initial_temperature = 3.0, cooling_rate = 0.999
26 - INFO - chord#: 0 In build_straw_man_chord_sa. tolerance = 1, sa_iterations = 1000, initial_temperature = 3.0, cooling_rate = 0.999
26 - INFO - chord#: 0 In build_straw_man_chord_sa. tolerance = 1, sa_iterations = 1000, initial_temperature = 3.0, cooling_rate = 0.999
26 - INFO - chord#: 0 In build_straw_man_chord_sa. tolerance = 1, sa_iterations = 1000, initial_temperature = 3.0, cooling_rate = 0.999
26 - INFO - chord#: 0 In build_straw_man_chord_sa. tolerance = 1, sa_iterations = 1000, initial_temperature = 3.0, cooling_rate = 0.999
26 - INFO - chord#: 0 In build_straw_man_chord_sa. tolerance = 1, sa_iterations = 1000, initial_temperature = 3.0, cooling_rate = 0.999
26 - INFO - chord#: 0 In build_straw_man_chord_sa. tolerance = 1, sa_iterations = 1000, initial_temperature = 3.0, cooling_rate = 0.999
26 - INFO - chord#: 0 In build_straw_man_chord_sa. tolerance = 1, sa_iterations = 1000, initial_temperature = 3.0, cooling_rate = 0.999
26 - INFO - chord#: 0 In build_straw_man_chord_sa. tolerance = 1, sa_iterations = 1000, initial_temperature = 3.0, cooling_rate = 0.999
26 - INFO - chord#: 0 In build_straw_man_chord_sa. tolerance = 1, sa_iterations = 1000, initial_temperature = 3.0, cooling_rate = 0.999
26 - INFO - chord#: 0 In build_straw_man_chord_sa. tolerance = 1, sa_iterations = 1000, initial_temperature = 3.0, cooling_rate = 0.999
26 - INFO - chord#: 0 done. best_score=27.0, changed=524, unchanged=438, early_stops=8/8
26 - INFO - chord#: 2 In build_straw_man_chord_sa. tolerance = 1, sa_iterations = 1000, initial_temperature = 3.0, cooling_rate = 0.999
26 - INFO - chord#: 0 done. best_score=27.0, changed=524, unchanged=446, early_stops=8/8
26 - INFO - chord#: 2 In build_straw_man_chord_sa. tolerance = 1, sa_iterations = 1000, initial_temperature = 3.0, cooling_rate = 0.999
26 - INFO - chord#: 0 done. best_score=27.0, changed=516, unchanged=425, early_stops=8/8
26 - INFO - chord#: 2 In build_straw_man_chord_sa. tolerance = 1, sa_iterations = 1000, initial_temperature = 3.0, cooling_rate = 0.999
26 - INFO - chord#: 0 done. best_score=27.0, changed=519, unchanged=457, early_stops=8/8
26 - INFO - chord#: 2 In build_straw_man_chord_sa. tolerance = 1, sa_iterations = 1000, initial_temperature = 3.0, cooling_rate = 0.999
26 - INFO - chord#: 0 done. best_score=27.0, changed=532, unchanged=444, early_stops=8/8
26 - INFO - chord#: 2 In build_straw_man_chord_sa. tolerance = 1, sa_iterations = 1000, initial_temperature = 3.0, cooling_rate = 0.999
26 - INFO - chord#: 0 done. best_score=27.0, changed=520, unchanged=348, early_stops=8/8
26 - INFO - chord#: 2 In build_straw_man_chord_sa. tolerance = 1, sa_iterations = 1000, initial_temperature = 3.0, cooling_rate = 0.999
26 - INFO - chord#: 0 done. best_score=27.0, changed=518, unchanged=322, early_stops=8/8
26 - INFO - chord#: 2 In build_straw_man_chord_sa. tolerance = 1, sa_iterations = 1000, initial_temperature = 3.0, cooling_rate = 0.999
26 - INFO - chord#: 0 done. best_score=27.0, changed=512, unchanged=362, early_stops=8/8
26 - INFO - chord#: 2 In build_straw_man_chord_sa. tolerance = 1, sa_iterations = 1000, initial_temperature = 3.0, cooling_rate = 0.999
26 - INFO - chord#: 0 done. best_score=27.0, changed=520, unchanged=428, early_stops=8/8
26 - INFO - chord#: 2 In build_straw_man_chord_sa. tolerance = 1, sa_iterations = 1000, initial_temperature = 3.0, cooling_rate = 0.999
26 - INFO - chord#: 0 done. best_score=27.0, changed=517, unchanged=435, early_stops=8/8
26 - INFO - chord#: 2 In build_straw_man_chord_sa. tolerance = 1, sa_iterations = 1000, initial_temperature = 3.0, cooling_rate = 0.999
26 - INFO - chord#: 0 done. best_score=27.0, changed=523, unchanged=410, early_stops=8/8
26 - INFO - chord#: 2 In build_straw_man_chord_sa. tolerance = 1, sa_iterations = 1000, initial_temperature = 3.0, cooling_rate = 0.999
26 - INFO - chord#: 0 done. best_score=27.0, changed=534, unchanged=508, early_stops=8/8
26 - INFO - chord#: 2 In build_straw_man_chord_sa. tolerance = 1, sa_iterations = 1000, initial_temperature = 3.0, cooling_rate = 0.999
26 - INFO - chord#: 2 done. best_score=27.0, changed=516, unchanged=365, early_stops=8/8
26 - INFO - chord#: 4 In build_straw_man_chord_sa. tolerance = 1, sa_iterations = 1000, initial_temperature = 3.0, cooling_rate = 0.999
26 - INFO - chord#: 2 done. best_score=27.0, changed=515, unchanged=348, early_stops=8/8
26 - INFO - chord#: 4 In build_straw_man_chord_sa. tolerance = 1, sa_iterations = 1000, initial_temperature = 3.0, cooling_rate = 0.999
26 - INFO - chord#: 2 done. best_score=27.0, changed=517, unchanged=385, early_stops=8/8
26 - INFO - chord#: 4 In build_straw_man_chord_sa. tolerance = 1, sa_iterations = 1000, initial_temperature = 3.0, cooling_rate = 0.999
26 - INFO - chord#: 2 done. best_score=27.0, changed=524, unchanged=532, early_stops=8/8
26 - INFO - chord#: 4 In build_straw_man_chord_sa. tolerance = 1, sa_iterations = 1000, initial_temperature = 3.0, cooling_rate = 0.999
26 - INFO - chord#: 2 done. best_score=27.0, changed=525, unchanged=388, early_stops=8/8
26 - INFO - chord#: 4 In build_straw_man_chord_sa. tolerance = 1, sa_iterations = 1000, initial_temperature = 3.0, cooling_rate = 0.999
26 - INFO - chord#: 2 done. best_score=27.0, changed=522, unchanged=492, early_stops=8/8
26 - INFO - chord#: 4 In build_straw_man_chord_sa. tolerance = 1, sa_iterations = 1000, initial_temperature = 3.0, cooling_rate = 0.999
26 - INFO - chord#: 2 done. best_score=27.0, changed=520, unchanged=465, early_stops=8/8
26 - INFO - chord#: 4 In build_straw_man_chord_sa. tolerance = 1, sa_iterations = 1000, initial_temperature = 3.0, cooling_rate = 0.999
26 - INFO - chord#: 2 done. best_score=27.0, changed=523, unchanged=478, early_stops=8/8
26 - INFO - chord#: 4 In build_straw_man_chord_sa. tolerance = 1, sa_iterations = 1000, initial_temperature = 3.0, cooling_rate = 0.999
26 - INFO - chord#: 2 done. best_score=27.0, changed=519, unchanged=351, early_stops=8/8
26 - INFO - chord#: 4 In build_straw_man_chord_sa. tolerance = 1, sa_iterations = 1000, initial_temperature = 3.0, cooling_rate = 0.999
26 - INFO - chord#: 2 done. best_score=27.0, changed=518, unchanged=326, early_stops=8/8
26 - INFO - chord#: 4 In build_straw_man_chord_sa. tolerance = 1, sa_iterations = 1000, initial_temperature = 3.0, cooling_rate = 0.999
26 - INFO - chord#: 2 done. best_score=27.0, changed=521, unchanged=492, early_stops=8/8
26 - INFO - chord#: 4 In build_straw_man_chord_sa. tolerance = 1, sa_iterations = 1000, initial_temperature = 3.0, cooling_rate = 0.999
26 - INFO - chord#: 2 done. best_score=27.0, changed=525, unchanged=566, early_stops=8/8
26 - INFO - chord#: 4 In build_straw_man_chord_sa. tolerance = 1, sa_iterations = 1000, initial_temperature = 3.0, cooling_rate = 0.999
26 - INFO - chord#: 4 done. best_score=27.0, changed=523, unchanged=434, early_stops=8/8
26 - INFO - chord#: 8 In build_straw_man_chord_sa. tolerance = 1, sa_iterations = 1000, initial_temperature = 3.0, cooling_rate = 0.999
26 - INFO - chord#: 4 done. best_score=27.0, changed=517, unchanged=401, early_stops=8/8
26 - INFO - chord#: 8 In build_straw_man_chord_sa. tolerance = 1, sa_iterations = 1000, initial_temperature = 3.0, cooling_rate = 0.999
26 - INFO - chord#: 4 done. best_score=27.0, changed=521, unchanged=367, early_stops=8/8
26 - INFO - chord#: 8 In build_straw_man_chord_sa. tolerance = 1, sa_iterations = 1000, initial_temperature = 3.0, cooling_rate = 0.999
26 - INFO - chord#: 4 done. best_score=27.0, changed=523, unchanged=434, early_stops=8/8
26 - INFO - chord#: 8 In build_straw_man_chord_sa. tolerance = 1, sa_iterations = 1000, initial_temperature = 3.0, cooling_rate = 0.999
26 - INFO - chord#: 4 done. best_score=27.0, changed=521, unchanged=402, early_stops=8/8
26 - INFO - chord#: 8 In build_straw_man_chord_sa. tolerance = 1, sa_iterations = 1000, initial_temperature = 3.0, cooling_rate = 0.999
26 - INFO - chord#: 4 done. best_score=27.0, changed=528, unchanged=423, early_stops=8/8
26 - INFO - chord#: 8 In build_straw_man_chord_sa. tolerance = 1, sa_iterations = 1000, initial_temperature = 3.0, cooling_rate = 0.999
26 - INFO - chord#: 4 done. best_score=27.0, changed=521, unchanged=376, early_stops=8/8
26 - INFO - chord#: 8 In build_straw_man_chord_sa. tolerance = 1, sa_iterations = 1000, initial_temperature = 3.0, cooling_rate = 0.999
26 - INFO - chord#: 4 done. best_score=27.0, changed=518, unchanged=363, early_stops=8/8
26 - INFO - chord#: 8 In build_straw_man_chord_sa. tolerance = 1, sa_iterations = 1000, initial_temperature = 3.0, cooling_rate = 0.999
26 - INFO - chord#: 4 done. best_score=27.0, changed=515, unchanged=356, early_stops=8/8
26 - INFO - chord#: 8 In build_straw_man_chord_sa. tolerance = 1, sa_iterations = 1000, initial_temperature = 3.0, cooling_rate = 0.999
26 - INFO - chord#: 4 done. best_score=27.0, changed=526, unchanged=402, early_stops=8/8
26 - INFO - chord#: 8 In build_straw_man_chord_sa. tolerance = 1, sa_iterations = 1000, initial_temperature = 3.0, cooling_rate = 0.999
26 - INFO - chord#: 4 done. best_score=27.0, changed=524, unchanged=458, early_stops=8/8
26 - INFO - chord#: 8 In build_straw_man_chord_sa. tolerance = 1, sa_iterations = 1000, initial_temperature = 3.0, cooling_rate = 0.999
26 - INFO - chord#: 8 done. best_score=27.0, changed=523, unchanged=357, early_stops=8/8
26 - INFO - chord#: 10 In build_straw_man_chord_sa. tolerance = 1, sa_iterations = 1000, initial_temperature = 3.0, cooling_rate = 0.999
26 - INFO - chord#: 8 done. best_score=27.0, changed=525, unchanged=364, early_stops=8/8
26 - INFO - chord#: 10 In build_straw_man_chord_sa. tolerance = 1, sa_iterations = 1000, initial_temperature = 3.0, cooling_rate = 0.999
26 - INFO - chord#: 8 done. best_score=27.0, changed=526, unchanged=378, early_stops=8/8
26 - INFO - chord#: 10 In build_straw_man_chord_sa. tolerance = 1, sa_iterations = 1000, initial_temperature = 3.0, cooling_rate = 0.999
26 - INFO - chord#: 8 done. best_score=27.0, changed=532, unchanged=443, early_stops=8/8
26 - INFO - chord#: 10 In build_straw_man_chord_sa. tolerance = 1, sa_iterations = 1000, initial_temperature = 3.0, cooling_rate = 0.999
26 - INFO - chord#: 8 done. best_score=27.0, changed=535, unchanged=401, early_stops=8/8
26 - INFO - chord#: 10 In build_straw_man_chord_sa. tolerance = 1, sa_iterations = 1000, initial_temperature = 3.0, cooling_rate = 0.999
26 - INFO - chord#: 4 done. best_score=27.0, changed=522, unchanged=406, early_stops=8/8
26 - INFO - chord#: 8 In build_straw_man_chord_sa. tolerance = 1, sa_iterations = 1000, initial_temperature = 3.0, cooling_rate = 0.999
26 - INFO - chord#: 8 done. best_score=27.0, changed=532, unchanged=525, early_stops=8/8
26 - INFO - chord#: 10 In build_straw_man_chord_sa. tolerance = 1, sa_iterations = 1000, initial_temperature = 3.0, cooling_rate = 0.999
26 - INFO - chord#: 10 done. best_score=48.0, changed=534, unchanged=306, early_stops=8/8
26 - INFO - chord#: 12 In build_straw_man_chord_sa. tolerance = 1, sa_iterations = 1000, initial_temperature = 3.0, cooling_rate = 0.999
26 - INFO - chord#: 10 done. best_score=48.0, changed=532, unchanged=294, early_stops=8/8
26 - INFO - chord#: 12 In build_straw_man_chord_sa. tolerance = 1, sa_iterations = 1000, initial_temperature = 3.0, cooling_rate = 0.999
26 - INFO - chord#: 8 done. best_score=27.0, changed=523, unchanged=314, early_stops=8/8
26 - INFO - chord#: 10 In build_straw_man_chord_sa. tolerance = 1, sa_iterations = 1000, initial_temperature = 3.0, cooling_rate = 0.999
26 - INFO - chord#: 10 done. best_score=48.0, changed=536, unchanged=373, early_stops=8/8
26 - INFO - chord#: 12 In build_straw_man_chord_sa. tolerance = 1, sa_iterations = 1000, initial_temperature = 3.0, cooling_rate = 0.999
26 - INFO - chord#: 10 done. best_score=48.0, changed=531, unchanged=297, early_stops=8/8
26 - INFO - chord#: 12 In build_straw_man_chord_sa. tolerance = 1, sa_iterations = 1000, initial_temperature = 3.0, cooling_rate = 0.999
26 - INFO - chord#: 8 done. best_score=27.0, changed=531, unchanged=482, early_stops=8/8
26 - INFO - chord#: 10 In build_straw_man_chord_sa. tolerance = 1, sa_iterations = 1000, initial_temperature = 3.0, cooling_rate = 0.999
26 - INFO - chord#: 8 done. best_score=27.0, changed=520, unchanged=399, early_stops=8/8
26 - INFO - chord#: 10 In build_straw_man_chord_sa. tolerance = 1, sa_iterations = 1000, initial_temperature = 3.0, cooling_rate = 0.999
26 - INFO - chord#: 10 done. best_score=48.0, changed=520, unchanged=303, early_stops=8/8
26 - INFO - chord#: 12 In build_straw_man_chord_sa. tolerance = 1, sa_iterations = 1000, initial_temperature = 3.0, cooling_rate = 0.999
26 - INFO - chord#: 8 done. best_score=27.0, changed=517, unchanged=414, early_stops=8/8
26 - INFO - chord#: 10 In build_straw_man_chord_sa. tolerance = 1, sa_iterations = 1000, initial_temperature = 3.0, cooling_rate = 0.999
26 - INFO - chord#: 8 done. best_score=27.0, changed=529, unchanged=466, early_stops=8/8
26 - INFO - chord#: 10 In build_straw_man_chord_sa. tolerance = 1, sa_iterations = 1000, initial_temperature = 3.0, cooling_rate = 0.999
26 - INFO - chord#: 8 done. best_score=27.0, changed=519, unchanged=337, early_stops=8/8
26 - INFO - chord#: 10 In build_straw_man_chord_sa. tolerance = 1, sa_iterations = 1000, initial_temperature = 3.0, cooling_rate = 0.999
26 - INFO - chord#: 10 done. best_score=48.0, changed=537, unchanged=318, early_stops=8/8
26 - INFO - chord#: 12 In build_straw_man_chord_sa. tolerance = 1, sa_iterations = 1000, initial_temperature = 3.0, cooling_rate = 0.999
26 - INFO - chord#: 12 done. best_score=27.0, changed=515, unchanged=469, early_stops=8/8
26 - INFO - chord#: 14 In build_straw_man_chord_sa. tolerance = 1, sa_iterations = 1000, initial_temperature = 3.0, cooling_rate = 0.999
26 - INFO - chord#: 12 done. best_score=27.0, changed=519, unchanged=371, early_stops=8/8
26 - INFO - chord#: 14 In build_straw_man_chord_sa. tolerance = 1, sa_iterations = 1000, initial_temperature = 3.0, cooling_rate = 0.999
26 - INFO - chord#: 12 done. best_score=27.0, changed=517, unchanged=340, early_stops=8/8
26 - INFO - chord#: 14 In build_straw_man_chord_sa. tolerance = 1, sa_iterations = 1000, initial_temperature = 3.0, cooling_rate = 0.999
26 - INFO - chord#: 12 done. best_score=27.0, changed=517, unchanged=450, early_stops=8/8
26 - INFO - chord#: 14 In build_straw_man_chord_sa. tolerance = 1, sa_iterations = 1000, initial_temperature = 3.0, cooling_rate = 0.999
26 - INFO - chord#: 12 done. best_score=27.0, changed=522, unchanged=419, early_stops=8/8
26 - INFO - chord#: 14 In build_straw_man_chord_sa. tolerance = 1, sa_iterations = 1000, initial_temperature = 3.0, cooling_rate = 0.999
26 - INFO - chord#: 10 done. best_score=48.0, changed=528, unchanged=303, early_stops=8/8
26 - INFO - chord#: 12 In build_straw_man_chord_sa. tolerance = 1, sa_iterations = 1000, initial_temperature = 3.0, cooling_rate = 0.999
26 - INFO - chord#: 10 done. best_score=48.0, changed=542, unchanged=375, early_stops=8/8
26 - INFO - chord#: 12 In build_straw_man_chord_sa. tolerance = 1, sa_iterations = 1000, initial_temperature = 3.0, cooling_rate = 0.999
26 - INFO - chord#: 10 done. best_score=48.0, changed=516, unchanged=311, early_stops=8/8
26 - INFO - chord#: 12 In build_straw_man_chord_sa. tolerance = 1, sa_iterations = 1000, initial_temperature = 3.0, cooling_rate = 0.999
26 - INFO - chord#: 10 done. best_score=48.0, changed=525, unchanged=333, early_stops=8/8
26 - INFO - chord#: 12 In build_straw_man_chord_sa. tolerance = 1, sa_iterations = 1000, initial_temperature = 3.0, cooling_rate = 0.999
26 - INFO - chord#: 10 done. best_score=48.0, changed=525, unchanged=344, early_stops=8/8
26 - INFO - chord#: 12 In build_straw_man_chord_sa. tolerance = 1, sa_iterations = 1000, initial_temperature = 3.0, cooling_rate = 0.999
26 - INFO - chord#: 12 done. best_score=27.0, changed=514, unchanged=326, early_stops=8/8
26 - INFO - chord#: 14 In build_straw_man_chord_sa. tolerance = 1, sa_iterations = 1000, initial_temperature = 3.0, cooling_rate = 0.999
26 - INFO - chord#: 10 done. best_score=48.0, changed=526, unchanged=324, early_stops=8/8
26 - INFO - chord#: 12 In build_straw_man_chord_sa. tolerance = 1, sa_iterations = 1000, initial_temperature = 3.0, cooling_rate = 0.999
26 - INFO - chord#: 14 done. best_score=31.0, changed=529, unchanged=315, early_stops=8/8
26 - INFO - chord#: 16 In build_straw_man_chord_sa. tolerance = 1, sa_iterations = 1000, initial_temperature = 3.0, cooling_rate = 0.999
26 - INFO - chord#: 14 done. best_score=31.0, changed=524, unchanged=286, early_stops=8/8
26 - INFO - chord#: 16 In build_straw_man_chord_sa. tolerance = 1, sa_iterations = 1000, initial_temperature = 3.0, cooling_rate = 0.999
26 - INFO - chord#: 14 done. best_score=31.0, changed=528, unchanged=315, early_stops=8/8
26 - INFO - chord#: 16 In build_straw_man_chord_sa. tolerance = 1, sa_iterations = 1000, initial_temperature = 3.0, cooling_rate = 0.999
26 - INFO - chord#: 14 done. best_score=31.0, changed=528, unchanged=322, early_stops=8/8
26 - INFO - chord#: 16 In build_straw_man_chord_sa. tolerance = 1, sa_iterations = 1000, initial_temperature = 3.0, cooling_rate = 0.999
26 - INFO - chord#: 14 done. best_score=31.0, changed=528, unchanged=306, early_stops=8/8
26 - INFO - chord#: 16 In build_straw_man_chord_sa. tolerance = 1, sa_iterations = 1000, initial_temperature = 3.0, cooling_rate = 0.999
26 - INFO - chord#: 12 done. best_score=27.0, changed=513, unchanged=332, early_stops=8/8
26 - INFO - chord#: 14 In build_straw_man_chord_sa. tolerance = 1, sa_iterations = 1000, initial_temperature = 3.0, cooling_rate = 0.999
26 - INFO - chord#: 14 done. best_score=31.0, changed=531, unchanged=375, early_stops=8/8
26 - INFO - chord#: 16 In build_straw_man_chord_sa. tolerance = 1, sa_iterations = 1000, initial_temperature = 3.0, cooling_rate = 0.999
26 - INFO - chord#: 12 done. best_score=27.0, changed=523, unchanged=537, early_stops=8/8
26 - INFO - chord#: 14 In build_straw_man_chord_sa. tolerance = 1, sa_iterations = 1000, initial_temperature = 3.0, cooling_rate = 0.999
26 - INFO - chord#: 16 done. best_score=27.0, changed=522, unchanged=388, early_stops=8/8
26 - INFO - chord#: 20 In build_straw_man_chord_sa. tolerance = 1, sa_iterations = 1000, initial_temperature = 3.0, cooling_rate = 0.999
26 - INFO - chord#: 16 done. best_score=27.0, changed=530, unchanged=334, early_stops=8/8
26 - INFO - chord#: 20 In build_straw_man_chord_sa. tolerance = 1, sa_iterations = 1000, initial_temperature = 3.0, cooling_rate = 0.999
26 - INFO - chord#: 16 done. best_score=27.0, changed=527, unchanged=359, early_stops=8/8
26 - INFO - chord#: 20 In build_straw_man_chord_sa. tolerance = 1, sa_iterations = 1000, initial_temperature = 3.0, cooling_rate = 0.999
26 - INFO - chord#: 12 done. best_score=27.0, changed=516, unchanged=400, early_stops=8/8
26 - INFO - chord#: 14 In build_straw_man_chord_sa. tolerance = 1, sa_iterations = 1000, initial_temperature = 3.0, cooling_rate = 0.999
26 - INFO - chord#: 12 done. best_score=27.0, changed=530, unchanged=419, early_stops=8/8
26 - INFO - chord#: 14 In build_straw_man_chord_sa. tolerance = 1, sa_iterations = 1000, initial_temperature = 3.0, cooling_rate = 0.999
26 - INFO - chord#: 12 done. best_score=27.0, changed=518, unchanged=427, early_stops=8/8
26 - INFO - chord#: 14 In build_straw_man_chord_sa. tolerance = 1, sa_iterations = 1000, initial_temperature = 3.0, cooling_rate = 0.999
26 - INFO - chord#: 16 done. best_score=27.0, changed=527, unchanged=375, early_stops=8/8
26 - INFO - chord#: 20 In build_straw_man_chord_sa. tolerance = 1, sa_iterations = 1000, initial_temperature = 3.0, cooling_rate = 0.999
26 - INFO - chord#: 16 done. best_score=27.0, changed=521, unchanged=320, early_stops=8/8
26 - INFO - chord#: 20 In build_straw_man_chord_sa. tolerance = 1, sa_iterations = 1000, initial_temperature = 3.0, cooling_rate = 0.999
26 - INFO - chord#: 12 done. best_score=27.0, changed=524, unchanged=430, early_stops=8/8
26 - INFO - chord#: 14 In build_straw_man_chord_sa. tolerance = 1, sa_iterations = 1000, initial_temperature = 3.0, cooling_rate = 0.999
26 - INFO - chord#: 16 done. best_score=27.0, changed=517, unchanged=322, early_stops=8/8
26 - INFO - chord#: 20 In build_straw_man_chord_sa. tolerance = 1, sa_iterations = 1000, initial_temperature = 3.0, cooling_rate = 0.999
26 - INFO - chord#: 14 done. best_score=31.0, changed=530, unchanged=327, early_stops=8/8
26 - INFO - chord#: 16 In build_straw_man_chord_sa. tolerance = 1, sa_iterations = 1000, initial_temperature = 3.0, cooling_rate = 0.999
26 - INFO - chord#: 14 done. best_score=31.0, changed=534, unchanged=318, early_stops=8/8
26 - INFO - chord#: 16 In build_straw_man_chord_sa. tolerance = 1, sa_iterations = 1000, initial_temperature = 3.0, cooling_rate = 0.999
26 - INFO - chord#: 14 done. best_score=31.0, changed=527, unchanged=314, early_stops=8/8
26 - INFO - chord#: 16 In build_straw_man_chord_sa. tolerance = 1, sa_iterations = 1000, initial_temperature = 3.0, cooling_rate = 0.999
26 - INFO - chord#: 14 done. best_score=31.0, changed=526, unchanged=317, early_stops=8/8
26 - INFO - chord#: 16 In build_straw_man_chord_sa. tolerance = 1, sa_iterations = 1000, initial_temperature = 3.0, cooling_rate = 0.999
26 - INFO - chord#: 14 done. best_score=31.0, changed=532, unchanged=329, early_stops=8/8
26 - INFO - chord#: 16 In build_straw_man_chord_sa. tolerance = 1, sa_iterations = 1000, initial_temperature = 3.0, cooling_rate = 0.999
26 - INFO - chord#: 14 done. best_score=31.0, changed=526, unchanged=357, early_stops=8/8
26 - INFO - chord#: 16 In build_straw_man_chord_sa. tolerance = 1, sa_iterations = 1000, initial_temperature = 3.0, cooling_rate = 0.999
26 - INFO - chord#: 16 done. best_score=27.0, changed=520, unchanged=350, early_stops=8/8
26 - INFO - chord#: 20 In build_straw_man_chord_sa. tolerance = 1, sa_iterations = 1000, initial_temperature = 3.0, cooling_rate = 0.999
26 - INFO - chord#: 16 done. best_score=27.0, changed=521, unchanged=289, early_stops=8/8
26 - INFO - chord#: 20 In build_straw_man_chord_sa. tolerance = 1, sa_iterations = 1000, initial_temperature = 3.0, cooling_rate = 0.999
26 - INFO - chord#: 16 done. best_score=27.0, changed=524, unchanged=382, early_stops=8/8
26 - INFO - chord#: 20 In build_straw_man_chord_sa. tolerance = 1, sa_iterations = 1000, initial_temperature = 3.0, cooling_rate = 0.999
26 - INFO - chord#: 16 done. best_score=27.0, changed=525, unchanged=355, early_stops=8/8
26 - INFO - chord#: 20 In build_straw_man_chord_sa. tolerance = 1, sa_iterations = 1000, initial_temperature = 3.0, cooling_rate = 0.999
26 - INFO - chord#: 16 done. best_score=27.0, changed=519, unchanged=398, early_stops=8/8
26 - INFO - chord#: 20 In build_straw_man_chord_sa. tolerance = 1, sa_iterations = 1000, initial_temperature = 3.0, cooling_rate = 0.999
26 - INFO - chord#: 20 done. best_score=101.0, changed=614, unchanged=338, early_stops=8/8
26 - INFO - chord#: 24 In build_straw_man_chord_sa. tolerance = 1, sa_iterations = 1000, initial_temperature = 3.0, cooling_rate = 0.999
26 - INFO - chord#: 20 done. best_score=78.0, changed=611, unchanged=318, early_stops=8/8
26 - INFO - chord#: 24 In build_straw_man_chord_sa. tolerance = 1, sa_iterations = 1000, initial_temperature = 3.0, cooling_rate = 0.999
26 - INFO - chord#: 20 done. best_score=161.0, changed=613, unchanged=301, early_stops=8/8
26 - INFO - chord#: 24 In build_straw_man_chord_sa. tolerance = 1, sa_iterations = 1000, initial_temperature = 3.0, cooling_rate = 0.999
26 - INFO - chord#: 20 done. best_score=78.0, changed=613, unchanged=409, early_stops=8/8
26 - INFO - chord#: 24 In build_straw_man_chord_sa. tolerance = 1, sa_iterations = 1000, initial_temperature = 3.0, cooling_rate = 0.999
26 - INFO - chord#: 16 done. best_score=27.0, changed=514, unchanged=337, early_stops=8/8
26 - INFO - chord#: 20 In build_straw_man_chord_sa. tolerance = 1, sa_iterations = 1000, initial_temperature = 3.0, cooling_rate = 0.999
26 - INFO - chord#: 20 done. best_score=96.0, changed=618, unchanged=523, early_stops=8/8
26 - INFO - chord#: 24 In build_straw_man_chord_sa. tolerance = 1, sa_iterations = 1000, initial_temperature = 3.0, cooling_rate = 0.999
26 - INFO - chord#: 24 done. best_score=27.0, changed=518, unchanged=434, early_stops=8/8
26 - INFO - chord#: 26 In build_straw_man_chord_sa. tolerance = 1, sa_iterations = 1000, initial_temperature = 3.0, cooling_rate = 0.999
26 - INFO - chord#: 24 done. best_score=27.0, changed=518, unchanged=453, early_stops=8/8
26 - INFO - chord#: 26 In build_straw_man_chord_sa. tolerance = 1, sa_iterations = 1000, initial_temperature = 3.0, cooling_rate = 0.999
26 - INFO - chord#: 24 done. best_score=27.0, changed=520, unchanged=374, early_stops=8/8
26 - INFO - chord#: 26 In build_straw_man_chord_sa. tolerance = 1, sa_iterations = 1000, initial_temperature = 3.0, cooling_rate = 0.999
26 - INFO - chord#: 20 done. best_score=78.0, changed=617, unchanged=417, early_stops=8/8
26 - INFO - chord#: 24 In build_straw_man_chord_sa. tolerance = 1, sa_iterations = 1000, initial_temperature = 3.0, cooling_rate = 0.999
26 - INFO - chord#: 24 done. best_score=27.0, changed=522, unchanged=498, early_stops=8/8
26 - INFO - chord#: 26 In build_straw_man_chord_sa. tolerance = 1, sa_iterations = 1000, initial_temperature = 3.0, cooling_rate = 0.999
26 - INFO - chord#: 24 done. best_score=27.0, changed=525, unchanged=474, early_stops=8/8
26 - INFO - chord#: 26 In build_straw_man_chord_sa. tolerance = 1, sa_iterations = 1000, initial_temperature = 3.0, cooling_rate = 0.999
26 - INFO - chord#: 20 done. best_score=78.0, changed=610, unchanged=233, early_stops=8/8
26 - INFO - chord#: 24 In build_straw_man_chord_sa. tolerance = 1, sa_iterations = 1000, initial_temperature = 3.0, cooling_rate = 0.999
26 - INFO - chord#: 20 done. best_score=96.0, changed=612, unchanged=383, early_stops=8/8
26 - INFO - chord#: 24 In build_straw_man_chord_sa. tolerance = 1, sa_iterations = 1000, initial_temperature = 3.0, cooling_rate = 0.999
26 - INFO - chord#: 24 done. best_score=27.0, changed=523, unchanged=467, early_stops=8/8
26 - INFO - chord#: 26 In build_straw_man_chord_sa. tolerance = 1, sa_iterations = 1000, initial_temperature = 3.0, cooling_rate = 0.999
26 - INFO - chord#: 20 done. best_score=78.0, changed=609, unchanged=363, early_stops=8/8
26 - INFO - chord#: 24 In build_straw_man_chord_sa. tolerance = 1, sa_iterations = 1000, initial_temperature = 3.0, cooling_rate = 0.999
26 - INFO - chord#: 20 done. best_score=174.0, changed=614, unchanged=357, early_stops=8/8
26 - INFO - chord#: 24 In build_straw_man_chord_sa. tolerance = 1, sa_iterations = 1000, initial_temperature = 3.0, cooling_rate = 0.999
26 - INFO - chord#: 20 done. best_score=137.0, changed=611, unchanged=312, early_stops=8/8
26 - INFO - chord#: 24 In build_straw_man_chord_sa. tolerance = 1, sa_iterations = 1000, initial_temperature = 3.0, cooling_rate = 0.999
26 - INFO - chord#: 20 done. best_score=78.0, changed=612, unchanged=339, early_stops=8/8
26 - INFO - chord#: 24 In build_straw_man_chord_sa. tolerance = 1, sa_iterations = 1000, initial_temperature = 3.0, cooling_rate = 0.999
26 - INFO - chord#: 26 done. best_score=162.0, changed=605, unchanged=212, early_stops=8/8
26 - INFO - chord#: 28 In build_straw_man_chord_sa. tolerance = 1, sa_iterations = 1000, initial_temperature = 3.0, cooling_rate = 0.999
26 - INFO - chord#: 26 done. best_score=162.0, changed=613, unchanged=360, early_stops=8/8
26 - INFO - chord#: 28 In build_straw_man_chord_sa. tolerance = 1, sa_iterations = 1000, initial_temperature = 3.0, cooling_rate = 0.999
26 - INFO - chord#: 26 done. best_score=67.0, changed=613, unchanged=418, early_stops=8/8
26 - INFO - chord#: 28 In build_straw_man_chord_sa. tolerance = 1, sa_iterations = 1000, initial_temperature = 3.0, cooling_rate = 0.999
26 - INFO - chord#: 24 done. best_score=27.0, changed=515, unchanged=381, early_stops=8/8
26 - INFO - chord#: 26 In build_straw_man_chord_sa. tolerance = 1, sa_iterations = 1000, initial_temperature = 3.0, cooling_rate = 0.999
26 - INFO - chord#: 26 done. best_score=67.0, changed=609, unchanged=274, early_stops=8/8
26 - INFO - chord#: 28 In build_straw_man_chord_sa. tolerance = 1, sa_iterations = 1000, initial_temperature = 3.0, cooling_rate = 0.999
26 - INFO - chord#: 24 done. best_score=27.0, changed=519, unchanged=390, early_stops=8/8
26 - INFO - chord#: 26 In build_straw_man_chord_sa. tolerance = 1, sa_iterations = 1000, initial_temperature = 3.0, cooling_rate = 0.999
26 - INFO - chord#: 24 done. best_score=27.0, changed=518, unchanged=348, early_stops=8/8
26 - INFO - chord#: 24 done. best_score=27.0, changed=519, unchanged=454, early_stops=8/8
26 - INFO - chord#: 26 In build_straw_man_chord_sa. tolerance = 1, sa_iterations = 1000, initial_temperature = 3.0, cooling_rate = 0.999
26 - INFO - chord#: 26 In build_straw_man_chord_sa. tolerance = 1, sa_iterations = 1000, initial_temperature = 3.0, cooling_rate = 0.999
26 - INFO - chord#: 28 done. best_score=27.0, changed=515, unchanged=407, early_stops=8/8
26 - INFO - chord#: 32 In build_straw_man_chord_sa. tolerance = 1, sa_iterations = 1000, initial_temperature = 3.0, cooling_rate = 0.999
26 - INFO - chord#: 24 done. best_score=27.0, changed=522, unchanged=590, early_stops=8/8
26 - INFO - chord#: 26 In build_straw_man_chord_sa. tolerance = 1, sa_iterations = 1000, initial_temperature = 3.0, cooling_rate = 0.999
26 - INFO - chord#: 24 done. best_score=27.0, changed=515, unchanged=350, early_stops=8/8
26 - INFO - chord#: 26 In build_straw_man_chord_sa. tolerance = 1, sa_iterations = 1000, initial_temperature = 3.0, cooling_rate = 0.999
26 - INFO - chord#: 28 done. best_score=27.0, changed=512, unchanged=374, early_stops=8/8
26 - INFO - chord#: 32 In build_straw_man_chord_sa. tolerance = 1, sa_iterations = 1000, initial_temperature = 3.0, cooling_rate = 0.999
26 - INFO - chord#: 28 done. best_score=27.0, changed=521, unchanged=370, early_stops=8/8
26 - INFO - chord#: 32 In build_straw_man_chord_sa. tolerance = 1, sa_iterations = 1000, initial_temperature = 3.0, cooling_rate = 0.999
26 - INFO - chord#: 26 done. best_score=67.0, changed=615, unchanged=468, early_stops=8/8
26 - INFO - chord#: 28 In build_straw_man_chord_sa. tolerance = 1, sa_iterations = 1000, initial_temperature = 3.0, cooling_rate = 0.999
26 - INFO - chord#: 26 done. best_score=67.0, changed=610, unchanged=228, early_stops=8/8
26 - INFO - chord#: 28 In build_straw_man_chord_sa. tolerance = 1, sa_iterations = 1000, initial_temperature = 3.0, cooling_rate = 0.999
26 - INFO - chord#: 28 done. best_score=27.0, changed=526, unchanged=363, early_stops=8/8
26 - INFO - chord#: 32 In build_straw_man_chord_sa. tolerance = 1, sa_iterations = 1000, initial_temperature = 3.0, cooling_rate = 0.999
26 - INFO - chord#: 32 done. best_score=36.0, changed=523, unchanged=326, early_stops=8/8
26 - INFO - chord#: 36 In build_straw_man_chord_sa. tolerance = 1, sa_iterations = 1000, initial_temperature = 3.0, cooling_rate = 0.999
26 - INFO - chord#: 32 done. best_score=36.0, changed=520, unchanged=375, early_stops=8/8
26 - INFO - chord#: 36 In build_straw_man_chord_sa. tolerance = 1, sa_iterations = 1000, initial_temperature = 3.0, cooling_rate = 0.999
26 - INFO - chord#: 32 done. best_score=36.0, changed=530, unchanged=374, early_stops=8/8
26 - INFO - chord#: 36 In build_straw_man_chord_sa. tolerance = 1, sa_iterations = 1000, initial_temperature = 3.0, cooling_rate = 0.999
26 - INFO - chord#: 28 done. best_score=27.0, changed=518, unchanged=399, early_stops=8/8
26 - INFO - chord#: 32 In build_straw_man_chord_sa. tolerance = 1, sa_iterations = 1000, initial_temperature = 3.0, cooling_rate = 0.999
26 - INFO - chord#: 28 done. best_score=27.0, changed=529, unchanged=411, early_stops=8/8
26 - INFO - chord#: 32 In build_straw_man_chord_sa. tolerance = 1, sa_iterations = 1000, initial_temperature = 3.0, cooling_rate = 0.999
26 - INFO - chord#: 32 done. best_score=36.0, changed=522, unchanged=414, early_stops=8/8
26 - INFO - chord#: 36 In build_straw_man_chord_sa. tolerance = 1, sa_iterations = 1000, initial_temperature = 3.0, cooling_rate = 0.999
26 - INFO - chord#: 36 done. best_score=27.0, changed=517, unchanged=512, early_stops=8/8
26 - INFO - chord#: 40 In build_straw_man_chord_sa. tolerance = 1, sa_iterations = 1000, initial_temperature = 3.0, cooling_rate = 0.999
26 - INFO - chord#: 26 done. best_score=67.0, changed=611, unchanged=309, early_stops=8/8
26 - INFO - chord#: 28 In build_straw_man_chord_sa. tolerance = 1, sa_iterations = 1000, initial_temperature = 3.0, cooling_rate = 0.999
26 - INFO - chord#: 36 done. best_score=27.0, changed=526, unchanged=560, early_stops=8/8
26 - INFO - chord#: 40 In build_straw_man_chord_sa. tolerance = 1, sa_iterations = 1000, initial_temperature = 3.0, cooling_rate = 0.999
26 - INFO - chord#: 32 done. best_score=36.0, changed=516, unchanged=363, early_stops=8/8
26 - INFO - chord#: 36 In build_straw_man_chord_sa. tolerance = 1, sa_iterations = 1000, initial_temperature = 3.0, cooling_rate = 0.999
26 - INFO - chord#: 36 done. best_score=27.0, changed=519, unchanged=468, early_stops=8/8
26 - INFO - chord#: 40 In build_straw_man_chord_sa. tolerance = 1, sa_iterations = 1000, initial_temperature = 3.0, cooling_rate = 0.999
26 - INFO - chord#: 36 done. best_score=27.0, changed=519, unchanged=458, early_stops=8/8
26 - INFO - chord#: 40 In build_straw_man_chord_sa. tolerance = 1, sa_iterations = 1000, initial_temperature = 3.0, cooling_rate = 0.999
26 - INFO - chord#: 26 done. best_score=96.0, changed=612, unchanged=319, early_stops=8/8
26 - INFO - chord#: 28 In build_straw_man_chord_sa. tolerance = 1, sa_iterations = 1000, initial_temperature = 3.0, cooling_rate = 0.999
26 - INFO - chord#: 26 done. best_score=67.0, changed=612, unchanged=313, early_stops=8/8
26 - INFO - chord#: 28 In build_straw_man_chord_sa. tolerance = 1, sa_iterations = 1000, initial_temperature = 3.0, cooling_rate = 0.999
26 - INFO - chord#: 32 done. best_score=36.0, changed=522, unchanged=369, early_stops=8/8
26 - INFO - chord#: 36 In build_straw_man_chord_sa. tolerance = 1, sa_iterations = 1000, initial_temperature = 3.0, cooling_rate = 0.999
26 - INFO - chord#: 26 done. best_score=67.0, changed=613, unchanged=457, early_stops=8/8
26 - INFO - chord#: 28 In build_straw_man_chord_sa. tolerance = 1, sa_iterations = 1000, initial_temperature = 3.0, cooling_rate = 0.999
26 - INFO - chord#: 40 done. best_score=27.0, changed=524, unchanged=420, early_stops=8/8
26 - INFO - chord#: 42 In build_straw_man_chord_sa. tolerance = 1, sa_iterations = 1000, initial_temperature = 3.0, cooling_rate = 0.999
26 - INFO - chord#: 28 done. best_score=27.0, changed=517, unchanged=364, early_stops=8/8
26 - INFO - chord#: 32 In build_straw_man_chord_sa. tolerance = 1, sa_iterations = 1000, initial_temperature = 3.0, cooling_rate = 0.999
26 - INFO - chord#: 26 done. best_score=137.0, changed=613, unchanged=332, early_stops=8/8
26 - INFO - chord#: 28 In build_straw_man_chord_sa. tolerance = 1, sa_iterations = 1000, initial_temperature = 3.0, cooling_rate = 0.999
26 - INFO - chord#: 40 done. best_score=27.0, changed=520, unchanged=366, early_stops=8/8
26 - INFO - chord#: 42 In build_straw_man_chord_sa. tolerance = 1, sa_iterations = 1000, initial_temperature = 3.0, cooling_rate = 0.999
26 - INFO - chord#: 40 done. best_score=27.0, changed=529, unchanged=612, early_stops=8/8
26 - INFO - chord#: 42 In build_straw_man_chord_sa. tolerance = 1, sa_iterations = 1000, initial_temperature = 3.0, cooling_rate = 0.999
26 - INFO - chord#: 36 done. best_score=27.0, changed=521, unchanged=483, early_stops=8/8
26 - INFO - chord#: 40 In build_straw_man_chord_sa. tolerance = 1, sa_iterations = 1000, initial_temperature = 3.0, cooling_rate = 0.999
26 - INFO - chord#: 26 done. best_score=67.0, changed=619, unchanged=531, early_stops=8/8
26 - INFO - chord#: 28 In build_straw_man_chord_sa. tolerance = 1, sa_iterations = 1000, initial_temperature = 3.0, cooling_rate = 0.999
26 - INFO - chord#: 40 done. best_score=27.0, changed=520, unchanged=359, early_stops=8/8
26 - INFO - chord#: 42 In build_straw_man_chord_sa. tolerance = 1, sa_iterations = 1000, initial_temperature = 3.0, cooling_rate = 0.999
26 - INFO - chord#: 28 done. best_score=27.0, changed=514, unchanged=336, early_stops=8/8
26 - INFO - chord#: 32 In build_straw_man_chord_sa. tolerance = 1, sa_iterations = 1000, initial_temperature = 3.0, cooling_rate = 0.999
26 - INFO - chord#: 42 done. best_score=36.0, changed=535, unchanged=439, early_stops=8/8
26 - INFO - chord#: 44 In build_straw_man_chord_sa. tolerance = 1, sa_iterations = 1000, initial_temperature = 3.0, cooling_rate = 0.999
26 - INFO - chord#: 32 done. best_score=36.0, changed=521, unchanged=398, early_stops=8/8
26 - INFO - chord#: 36 In build_straw_man_chord_sa. tolerance = 1, sa_iterations = 1000, initial_temperature = 3.0, cooling_rate = 0.999
26 - INFO - chord#: 28 done. best_score=27.0, changed=521, unchanged=399, early_stops=8/8
26 - INFO - chord#: 32 In build_straw_man_chord_sa. tolerance = 1, sa_iterations = 1000, initial_temperature = 3.0, cooling_rate = 0.999
26 - INFO - chord#: 36 done. best_score=27.0, changed=522, unchanged=467, early_stops=8/8
26 - INFO - chord#: 40 In build_straw_man_chord_sa. tolerance = 1, sa_iterations = 1000, initial_temperature = 3.0, cooling_rate = 0.999
26 - INFO - chord#: 28 done. best_score=27.0, changed=514, unchanged=438, early_stops=8/8
26 - INFO - chord#: 32 In build_straw_man_chord_sa. tolerance = 1, sa_iterations = 1000, initial_temperature = 3.0, cooling_rate = 0.999
26 - INFO - chord#: 42 done. best_score=36.0, changed=524, unchanged=306, early_stops=8/8
26 - INFO - chord#: 44 In build_straw_man_chord_sa. tolerance = 1, sa_iterations = 1000, initial_temperature = 3.0, cooling_rate = 0.999
26 - INFO - chord#: 28 done. best_score=27.0, changed=525, unchanged=520, early_stops=8/8
26 - INFO - chord#: 32 In build_straw_man_chord_sa. tolerance = 1, sa_iterations = 1000, initial_temperature = 3.0, cooling_rate = 0.999
26 - INFO - chord#: 42 done. best_score=72.0, changed=538, unchanged=305, early_stops=8/8
26 - INFO - chord#: 44 In build_straw_man_chord_sa. tolerance = 1, sa_iterations = 1000, initial_temperature = 3.0, cooling_rate = 0.999
26 - INFO - chord#: 42 done. best_score=36.0, changed=528, unchanged=426, early_stops=8/8
26 - INFO - chord#: 44 In build_straw_man_chord_sa. tolerance = 1, sa_iterations = 1000, initial_temperature = 3.0, cooling_rate = 0.999
26 - INFO - chord#: 40 done. best_score=27.0, changed=531, unchanged=414, early_stops=8/8
26 - INFO - chord#: 42 In build_straw_man_chord_sa. tolerance = 1, sa_iterations = 1000, initial_temperature = 3.0, cooling_rate = 0.999
26 - INFO - chord#: 28 done. best_score=27.0, changed=520, unchanged=373, early_stops=8/8
26 - INFO - chord#: 32 In build_straw_man_chord_sa. tolerance = 1, sa_iterations = 1000, initial_temperature = 3.0, cooling_rate = 0.999
26 - INFO - chord#: 44 done. best_score=27.0, changed=523, unchanged=364, early_stops=8/8
26 - INFO - chord#: 46 In build_straw_man_chord_sa. tolerance = 1, sa_iterations = 1000, initial_temperature = 3.0, cooling_rate = 0.999
26 - INFO - chord#: 36 done. best_score=27.0, changed=518, unchanged=492, early_stops=8/8
26 - INFO - chord#: 40 In build_straw_man_chord_sa. tolerance = 1, sa_iterations = 1000, initial_temperature = 3.0, cooling_rate = 0.999
26 - INFO - chord#: 32 done. best_score=36.0, changed=522, unchanged=399, early_stops=8/8
26 - INFO - chord#: 36 In build_straw_man_chord_sa. tolerance = 1, sa_iterations = 1000, initial_temperature = 3.0, cooling_rate = 0.999
26 - INFO - chord#: 32 done. best_score=36.0, changed=526, unchanged=418, early_stops=8/8
26 - INFO - chord#: 36 In build_straw_man_chord_sa. tolerance = 1, sa_iterations = 1000, initial_temperature = 3.0, cooling_rate = 0.999
26 - INFO - chord#: 44 done. best_score=27.0, changed=529, unchanged=412, early_stops=8/8
26 - INFO - chord#: 46 In build_straw_man_chord_sa. tolerance = 1, sa_iterations = 1000, initial_temperature = 3.0, cooling_rate = 0.999
26 - INFO - chord#: 44 done. best_score=27.0, changed=520, unchanged=335, early_stops=8/8
26 - INFO - chord#: 46 In build_straw_man_chord_sa. tolerance = 1, sa_iterations = 1000, initial_temperature = 3.0, cooling_rate = 0.999
26 - INFO - chord#: 44 done. best_score=27.0, changed=518, unchanged=338, early_stops=8/8
26 - INFO - chord#: 46 In build_straw_man_chord_sa. tolerance = 1, sa_iterations = 1000, initial_temperature = 3.0, cooling_rate = 0.999
26 - INFO - chord#: 40 done. best_score=27.0, changed=524, unchanged=430, early_stops=8/8
26 - INFO - chord#: 42 In build_straw_man_chord_sa. tolerance = 1, sa_iterations = 1000, initial_temperature = 3.0, cooling_rate = 0.999
26 - INFO - chord#: 32 done. best_score=36.0, changed=520, unchanged=313, early_stops=8/8
26 - INFO - chord#: 32 done. best_score=36.0, changed=522, unchanged=442, early_stops=8/8
26 - INFO - chord#: 36 In build_straw_man_chord_sa. tolerance = 1, sa_iterations = 1000, initial_temperature = 3.0, cooling_rate = 0.999
26 - INFO - chord#: 36 In build_straw_man_chord_sa. tolerance = 1, sa_iterations = 1000, initial_temperature = 3.0, cooling_rate = 0.999
26 - INFO - chord#: 42 done. best_score=36.0, changed=523, unchanged=319, early_stops=8/8
26 - INFO - chord#: 44 In build_straw_man_chord_sa. tolerance = 1, sa_iterations = 1000, initial_temperature = 3.0, cooling_rate = 0.999
26 - INFO - chord#: 32 done. best_score=36.0, changed=522, unchanged=378, early_stops=8/8
26 - INFO - chord#: 36 In build_straw_man_chord_sa. tolerance = 1, sa_iterations = 1000, initial_temperature = 3.0, cooling_rate = 0.999
26 - INFO - chord#: 40 done. best_score=27.0, changed=517, unchanged=327, early_stops=8/8
26 - INFO - chord#: 42 In build_straw_man_chord_sa. tolerance = 1, sa_iterations = 1000, initial_temperature = 3.0, cooling_rate = 0.999
26 - INFO - chord#: 36 done. best_score=27.0, changed=516, unchanged=331, early_stops=8/8
26 - INFO - chord#: 40 In build_straw_man_chord_sa. tolerance = 1, sa_iterations = 1000, initial_temperature = 3.0, cooling_rate = 0.999
26 - INFO - chord#: 36 done. best_score=27.0, changed=521, unchanged=369, early_stops=8/8
26 - INFO - chord#: 40 In build_straw_man_chord_sa. tolerance = 1, sa_iterations = 1000, initial_temperature = 3.0, cooling_rate = 0.999
26 - INFO - chord#: 44 done. best_score=27.0, changed=523, unchanged=364, early_stops=8/8
26 - INFO - chord#: 46 In build_straw_man_chord_sa. tolerance = 1, sa_iterations = 1000, initial_temperature = 3.0, cooling_rate = 0.999
26 - INFO - chord#: 42 done. best_score=36.0, changed=533, unchanged=324, early_stops=8/8
26 - INFO - chord#: 44 In build_straw_man_chord_sa. tolerance = 1, sa_iterations = 1000, initial_temperature = 3.0, cooling_rate = 0.999
26 - INFO - chord#: 36 done. best_score=27.0, changed=522, unchanged=450, early_stops=8/8
26 - INFO - chord#: 40 In build_straw_man_chord_sa. tolerance = 1, sa_iterations = 1000, initial_temperature = 3.0, cooling_rate = 0.999
26 - INFO - chord#: 46 done. best_score=104.0, changed=609, unchanged=254, early_stops=8/8
26 - INFO - chord#: 48 In build_straw_man_chord_sa. tolerance = 1, sa_iterations = 1000, initial_temperature = 3.0, cooling_rate = 0.999
26 - INFO - chord#: 42 done. best_score=36.0, changed=538, unchanged=321, early_stops=8/8
26 - INFO - chord#: 44 In build_straw_man_chord_sa. tolerance = 1, sa_iterations = 1000, initial_temperature = 3.0, cooling_rate = 0.999
26 - INFO - chord#: 36 done. best_score=27.0, changed=530, unchanged=577, early_stops=8/8
26 - INFO - chord#: 40 In build_straw_man_chord_sa. tolerance = 1, sa_iterations = 1000, initial_temperature = 3.0, cooling_rate = 0.999
26 - INFO - chord#: 46 done. best_score=149.0, changed=604, unchanged=200, early_stops=8/8
26 - INFO - chord#: 48 In build_straw_man_chord_sa. tolerance = 1, sa_iterations = 1000, initial_temperature = 3.0, cooling_rate = 0.999
26 - INFO - chord#: 36 done. best_score=27.0, changed=522, unchanged=361, early_stops=8/8
26 - INFO - chord#: 40 In build_straw_man_chord_sa. tolerance = 1, sa_iterations = 1000, initial_temperature = 3.0, cooling_rate = 0.999
26 - INFO - chord#: 46 done. best_score=74.0, changed=611, unchanged=309, early_stops=8/8
26 - INFO - chord#: 48 In build_straw_man_chord_sa. tolerance = 1, sa_iterations = 1000, initial_temperature = 3.0, cooling_rate = 0.999
26 - INFO - chord#: 40 done. best_score=27.0, changed=512, unchanged=398, early_stops=8/8
26 - INFO - chord#: 42 In build_straw_man_chord_sa. tolerance = 1, sa_iterations = 1000, initial_temperature = 3.0, cooling_rate = 0.999
26 - INFO - chord#: 46 done. best_score=149.0, changed=613, unchanged=327, early_stops=8/8
26 - INFO - chord#: 48 In build_straw_man_chord_sa. tolerance = 1, sa_iterations = 1000, initial_temperature = 3.0, cooling_rate = 0.999
26 - INFO - chord#: 40 done. best_score=27.0, changed=521, unchanged=329, early_stops=8/8
26 - INFO - chord#: 42 In build_straw_man_chord_sa. tolerance = 1, sa_iterations = 1000, initial_temperature = 3.0, cooling_rate = 0.999
26 - INFO - chord#: 44 done. best_score=27.0, changed=522, unchanged=486, early_stops=8/8
26 - INFO - chord#: 46 In build_straw_man_chord_sa. tolerance = 1, sa_iterations = 1000, initial_temperature = 3.0, cooling_rate = 0.999
26 - INFO - chord#: 48 done. best_score=27.0, changed=512, unchanged=340, early_stops=8/8
26 - INFO - chord#: 50 In build_straw_man_chord_sa. tolerance = 1, sa_iterations = 1000, initial_temperature = 3.0, cooling_rate = 0.999
26 - INFO - chord#: 44 done. best_score=27.0, changed=528, unchanged=406, early_stops=8/8
26 - INFO - chord#: 46 In build_straw_man_chord_sa. tolerance = 1, sa_iterations = 1000, initial_temperature = 3.0, cooling_rate = 0.999
26 - INFO - chord#: 40 done. best_score=27.0, changed=526, unchanged=417, early_stops=8/8
26 - INFO - chord#: 42 In build_straw_man_chord_sa. tolerance = 1, sa_iterations = 1000, initial_temperature = 3.0, cooling_rate = 0.999
26 - INFO - chord#: 48 done. best_score=27.0, changed=525, unchanged=673, early_stops=8/8
26 - INFO - chord#: 50 In build_straw_man_chord_sa. tolerance = 1, sa_iterations = 1000, initial_temperature = 3.0, cooling_rate = 0.999
26 - INFO - chord#: 40 done. best_score=27.0, changed=523, unchanged=321, early_stops=8/8
26 - INFO - chord#: 42 In build_straw_man_chord_sa. tolerance = 1, sa_iterations = 1000, initial_temperature = 3.0, cooling_rate = 0.999
26 - INFO - chord#: 48 done. best_score=27.0, changed=517, unchanged=401, early_stops=8/8
26 - INFO - chord#: 50 In build_straw_man_chord_sa. tolerance = 1, sa_iterations = 1000, initial_temperature = 3.0, cooling_rate = 0.999
26 - INFO - chord#: 46 done. best_score=74.0, changed=613, unchanged=324, early_stops=8/8
26 - INFO - chord#: 48 In build_straw_man_chord_sa. tolerance = 1, sa_iterations = 1000, initial_temperature = 3.0, cooling_rate = 0.999
26 - INFO - chord#: 40 done. best_score=27.0, changed=523, unchanged=348, early_stops=8/8
26 - INFO - chord#: 42 In build_straw_man_chord_sa. tolerance = 1, sa_iterations = 1000, initial_temperature = 3.0, cooling_rate = 0.999
26 - INFO - chord#: 42 done. best_score=36.0, changed=529, unchanged=316, early_stops=8/8
26 - INFO - chord#: 44 In build_straw_man_chord_sa. tolerance = 1, sa_iterations = 1000, initial_temperature = 3.0, cooling_rate = 0.999
26 - INFO - chord#: 48 done. best_score=27.0, changed=519, unchanged=429, early_stops=8/8
26 - INFO - chord#: 50 In build_straw_man_chord_sa. tolerance = 1, sa_iterations = 1000, initial_temperature = 3.0, cooling_rate = 0.999
26 - INFO - chord#: 42 done. best_score=36.0, changed=537, unchanged=340, early_stops=8/8
26 - INFO - chord#: 44 In build_straw_man_chord_sa. tolerance = 1, sa_iterations = 1000, initial_temperature = 3.0, cooling_rate = 0.999
26 - INFO - chord#: 50 done. best_score=27.0, changed=524, unchanged=475, early_stops=8/8
26 - INFO - chord#: 52 In build_straw_man_chord_sa. tolerance = 1, sa_iterations = 1000, initial_temperature = 3.0, cooling_rate = 0.999
26 - INFO - chord#: 50 done. best_score=27.0, changed=530, unchanged=408, early_stops=8/8
26 - INFO - chord#: 52 In build_straw_man_chord_sa. tolerance = 1, sa_iterations = 1000, initial_temperature = 3.0, cooling_rate = 0.999
26 - INFO - chord#: 42 done. best_score=36.0, changed=524, unchanged=386, early_stops=8/8
26 - INFO - chord#: 44 In build_straw_man_chord_sa. tolerance = 1, sa_iterations = 1000, initial_temperature = 3.0, cooling_rate = 0.999
26 - INFO - chord#: 42 done. best_score=72.0, changed=537, unchanged=343, early_stops=8/8
26 - INFO - chord#: 44 In build_straw_man_chord_sa. tolerance = 1, sa_iterations = 1000, initial_temperature = 3.0, cooling_rate = 0.999
26 - INFO - chord#: 50 done. best_score=27.0, changed=520, unchanged=328, early_stops=8/8
26 - INFO - chord#: 52 In build_straw_man_chord_sa. tolerance = 1, sa_iterations = 1000, initial_temperature = 3.0, cooling_rate = 0.999
26 - INFO - chord#: 48 done. best_score=27.0, changed=523, unchanged=521, early_stops=8/8
26 - INFO - chord#: 50 In build_straw_man_chord_sa. tolerance = 1, sa_iterations = 1000, initial_temperature = 3.0, cooling_rate = 0.999
26 - INFO - chord#: 50 done. best_score=27.0, changed=518, unchanged=367, early_stops=8/8
26 - INFO - chord#: 52 In build_straw_man_chord_sa. tolerance = 1, sa_iterations = 1000, initial_temperature = 3.0, cooling_rate = 0.999
26 - INFO - chord#: 42 done. best_score=36.0, changed=528, unchanged=299, early_stops=8/8
26 - INFO - chord#: 44 In build_straw_man_chord_sa. tolerance = 1, sa_iterations = 1000, initial_temperature = 3.0, cooling_rate = 0.999
26 - INFO - chord#: 44 done. best_score=27.0, changed=525, unchanged=396, early_stops=8/8
26 - INFO - chord#: 46 In build_straw_man_chord_sa. tolerance = 1, sa_iterations = 1000, initial_temperature = 3.0, cooling_rate = 0.999
26 - INFO - chord#: 44 done. best_score=27.0, changed=522, unchanged=368, early_stops=8/8
26 - INFO - chord#: 46 In build_straw_man_chord_sa. tolerance = 1, sa_iterations = 1000, initial_temperature = 3.0, cooling_rate = 0.999
26 - INFO - chord#: 46 done. best_score=74.0, changed=612, unchanged=285, early_stops=8/8
26 - INFO - chord#: 48 In build_straw_man_chord_sa. tolerance = 1, sa_iterations = 1000, initial_temperature = 3.0, cooling_rate = 0.999
26 - INFO - chord#: 44 done. best_score=27.0, changed=518, unchanged=327, early_stops=8/8
26 - INFO - chord#: 46 In build_straw_man_chord_sa. tolerance = 1, sa_iterations = 1000, initial_temperature = 3.0, cooling_rate = 0.999
26 - INFO - chord#: 44 done. best_score=27.0, changed=514, unchanged=459, early_stops=8/8
26 - INFO - chord#: 46 In build_straw_man_chord_sa. tolerance = 1, sa_iterations = 1000, initial_temperature = 3.0, cooling_rate = 0.999
26 - INFO - chord#: 50 done. best_score=27.0, changed=527, unchanged=398, early_stops=8/8
26 - INFO - chord#: 52 In build_straw_man_chord_sa. tolerance = 1, sa_iterations = 1000, initial_temperature = 3.0, cooling_rate = 0.999
26 - INFO - chord#: 46 done. best_score=121.0, changed=614, unchanged=390, early_stops=8/8
26 - INFO - chord#: 48 In build_straw_man_chord_sa. tolerance = 1, sa_iterations = 1000, initial_temperature = 3.0, cooling_rate = 0.999
26 - INFO - chord#: 44 done. best_score=27.0, changed=520, unchanged=525, early_stops=8/8
26 - INFO - chord#: 46 In build_straw_man_chord_sa. tolerance = 1, sa_iterations = 1000, initial_temperature = 3.0, cooling_rate = 0.999
26 - INFO - chord#: 48 done. best_score=27.0, changed=529, unchanged=620, early_stops=8/8
26 - INFO - chord#: 50 In build_straw_man_chord_sa. tolerance = 1, sa_iterations = 1000, initial_temperature = 3.0, cooling_rate = 0.999
26 - INFO - chord#: 52 done. best_score=137.0, changed=616, unchanged=372, early_stops=8/8
26 - INFO - chord#: 56 In build_straw_man_chord_sa. tolerance = 1, sa_iterations = 1000, initial_temperature = 3.0, cooling_rate = 0.999
26 - INFO - chord#: 52 done. best_score=78.0, changed=613, unchanged=409, early_stops=8/8
26 - INFO - chord#: 56 In build_straw_man_chord_sa. tolerance = 1, sa_iterations = 1000, initial_temperature = 3.0, cooling_rate = 0.999
26 - INFO - chord#: 52 done. best_score=67.0, changed=615, unchanged=532, early_stops=8/8
26 - INFO - chord#: 56 In build_straw_man_chord_sa. tolerance = 1, sa_iterations = 1000, initial_temperature = 3.0, cooling_rate = 0.999
26 - INFO - chord#: 52 done. best_score=137.0, changed=613, unchanged=351, early_stops=8/8
26 - INFO - chord#: 56 In build_straw_man_chord_sa. tolerance = 1, sa_iterations = 1000, initial_temperature = 3.0, cooling_rate = 0.999
26 - INFO - chord#: 48 done. best_score=27.0, changed=515, unchanged=312, early_stops=8/8
26 - INFO - chord#: 50 In build_straw_man_chord_sa. tolerance = 1, sa_iterations = 1000, initial_temperature = 3.0, cooling_rate = 0.999
26 - INFO - chord#: 50 done. best_score=27.0, changed=517, unchanged=317, early_stops=8/8
26 - INFO - chord#: 52 In build_straw_man_chord_sa. tolerance = 1, sa_iterations = 1000, initial_temperature = 3.0, cooling_rate = 0.999
26 - INFO - chord#: 46 done. best_score=121.0, changed=612, unchanged=312, early_stops=8/8
26 - INFO - chord#: 48 In build_straw_man_chord_sa. tolerance = 1, sa_iterations = 1000, initial_temperature = 3.0, cooling_rate = 0.999
26 - INFO - chord#: 56 done. best_score=27.0, changed=517, unchanged=420, early_stops=8/8
26 - INFO - chord#: 58 In build_straw_man_chord_sa. tolerance = 1, sa_iterations = 1000, initial_temperature = 3.0, cooling_rate = 0.999
26 - INFO - chord#: 46 done. best_score=149.0, changed=613, unchanged=372, early_stops=8/8
26 - INFO - chord#: 48 In build_straw_man_chord_sa. tolerance = 1, sa_iterations = 1000, initial_temperature = 3.0, cooling_rate = 0.999
26 - INFO - chord#: 56 done. best_score=27.0, changed=520, unchanged=428, early_stops=8/8
26 - INFO - chord#: 58 In build_straw_man_chord_sa. tolerance = 1, sa_iterations = 1000, initial_temperature = 3.0, cooling_rate = 0.999
26 - INFO - chord#: 56 done. best_score=27.0, changed=519, unchanged=489, early_stops=8/8
26 - INFO - chord#: 58 In build_straw_man_chord_sa. tolerance = 1, sa_iterations = 1000, initial_temperature = 3.0, cooling_rate = 0.999
26 - INFO - chord#: 46 done. best_score=74.0, changed=611, unchanged=233, early_stops=8/8
26 - INFO - chord#: 48 In build_straw_man_chord_sa. tolerance = 1, sa_iterations = 1000, initial_temperature = 3.0, cooling_rate = 0.999
26 - INFO - chord#: 52 done. best_score=137.0, changed=624, unchanged=379, early_stops=8/8
26 - INFO - chord#: 56 In build_straw_man_chord_sa. tolerance = 1, sa_iterations = 1000, initial_temperature = 3.0, cooling_rate = 0.999
26 - INFO - chord#: 46 done. best_score=121.0, changed=608, unchanged=362, early_stops=8/8
26 - INFO - chord#: 48 In build_straw_man_chord_sa. tolerance = 1, sa_iterations = 1000, initial_temperature = 3.0, cooling_rate = 0.999
26 - INFO - chord#: 56 done. best_score=27.0, changed=520, unchanged=525, early_stops=8/8
26 - INFO - chord#: 58 In build_straw_man_chord_sa. tolerance = 1, sa_iterations = 1000, initial_temperature = 3.0, cooling_rate = 0.999
26 - INFO - chord#: 50 done. best_score=27.0, changed=523, unchanged=357, early_stops=8/8
26 - INFO - chord#: 52 In build_straw_man_chord_sa. tolerance = 1, sa_iterations = 1000, initial_temperature = 3.0, cooling_rate = 0.999
26 - INFO - chord#: 58 done. best_score=35.0, changed=518, unchanged=413, early_stops=8/8
26 - INFO - chord#: 60 In build_straw_man_chord_sa. tolerance = 1, sa_iterations = 1000, initial_temperature = 3.0, cooling_rate = 0.999
26 - INFO - chord#: 58 done. best_score=35.0, changed=529, unchanged=389, early_stops=8/8
26 - INFO - chord#: 60 In build_straw_man_chord_sa. tolerance = 1, sa_iterations = 1000, initial_temperature = 3.0, cooling_rate = 0.999
26 - INFO - chord#: 58 done. best_score=35.0, changed=529, unchanged=421, early_stops=8/8
26 - INFO - chord#: 60 In build_straw_man_chord_sa. tolerance = 1, sa_iterations = 1000, initial_temperature = 3.0, cooling_rate = 0.999
26 - INFO - chord#: 48 done. best_score=27.0, changed=526, unchanged=470, early_stops=8/8
26 - INFO - chord#: 50 In build_straw_man_chord_sa. tolerance = 1, sa_iterations = 1000, initial_temperature = 3.0, cooling_rate = 0.999
26 - INFO - chord#: 58 done. best_score=35.0, changed=526, unchanged=556, early_stops=8/8
26 - INFO - chord#: 60 In build_straw_man_chord_sa. tolerance = 1, sa_iterations = 1000, initial_temperature = 3.0, cooling_rate = 0.999
26 - INFO - chord#: 48 done. best_score=27.0, changed=529, unchanged=432, early_stops=8/8
26 - INFO - chord#: 56 done. best_score=27.0, changed=514, unchanged=497, early_stops=8/8
26 - INFO - chord#: 50 In build_straw_man_chord_sa. tolerance = 1, sa_iterations = 1000, initial_temperature = 3.0, cooling_rate = 0.999
26 - INFO - chord#: 58 In build_straw_man_chord_sa. tolerance = 1, sa_iterations = 1000, initial_temperature = 3.0, cooling_rate = 0.999
26 - INFO - chord#: 48 done. best_score=27.0, changed=521, unchanged=395, early_stops=8/8
26 - INFO - chord#: 50 In build_straw_man_chord_sa. tolerance = 1, sa_iterations = 1000, initial_temperature = 3.0, cooling_rate = 0.999
26 - INFO - chord#: 48 done. best_score=27.0, changed=517, unchanged=429, early_stops=8/8
26 - INFO - chord#: 50 In build_straw_man_chord_sa. tolerance = 1, sa_iterations = 1000, initial_temperature = 3.0, cooling_rate = 0.999
26 - INFO - chord#: 46 done. best_score=74.0, changed=617, unchanged=458, early_stops=8/8
26 - INFO - chord#: 48 In build_straw_man_chord_sa. tolerance = 1, sa_iterations = 1000, initial_temperature = 3.0, cooling_rate = 0.999
26 - INFO - chord#: 60 done. best_score=27.0, changed=527, unchanged=391, early_stops=8/8
26 - INFO - chord#: 64 In build_straw_man_chord_sa. tolerance = 1, sa_iterations = 1000, initial_temperature = 3.0, cooling_rate = 0.999
26 - INFO - chord#: 60 done. best_score=27.0, changed=521, unchanged=355, early_stops=8/8
26 - INFO - chord#: 64 In build_straw_man_chord_sa. tolerance = 1, sa_iterations = 1000, initial_temperature = 3.0, cooling_rate = 0.999
26 - INFO - chord#: 60 done. best_score=27.0, changed=530, unchanged=395, early_stops=8/8
26 - INFO - chord#: 64 In build_straw_man_chord_sa. tolerance = 1, sa_iterations = 1000, initial_temperature = 3.0, cooling_rate = 0.999
26 - INFO - chord#: 52 done. best_score=78.0, changed=619, unchanged=409, early_stops=8/8
26 - INFO - chord#: 56 In build_straw_man_chord_sa. tolerance = 1, sa_iterations = 1000, initial_temperature = 3.0, cooling_rate = 0.999
26 - INFO - chord#: 60 done. best_score=27.0, changed=527, unchanged=341, early_stops=8/8
26 - INFO - chord#: 64 In build_straw_man_chord_sa. tolerance = 1, sa_iterations = 1000, initial_temperature = 3.0, cooling_rate = 0.999
26 - INFO - chord#: 58 done. best_score=35.0, changed=535, unchanged=408, early_stops=8/8
26 - INFO - chord#: 60 In build_straw_man_chord_sa. tolerance = 1, sa_iterations = 1000, initial_temperature = 3.0, cooling_rate = 0.999
26 - INFO - chord#: 50 done. best_score=27.0, changed=526, unchanged=433, early_stops=8/8
26 - INFO - chord#: 52 In build_straw_man_chord_sa. tolerance = 1, sa_iterations = 1000, initial_temperature = 3.0, cooling_rate = 0.999
26 - INFO - chord#: 50 done. best_score=27.0, changed=521, unchanged=327, early_stops=8/8
26 - INFO - chord#: 52 In build_straw_man_chord_sa. tolerance = 1, sa_iterations = 1000, initial_temperature = 3.0, cooling_rate = 0.999
26 - INFO - chord#: 50 done. best_score=27.0, changed=516, unchanged=315, early_stops=8/8
26 - INFO - chord#: 52 In build_straw_man_chord_sa. tolerance = 1, sa_iterations = 1000, initial_temperature = 3.0, cooling_rate = 0.999
26 - INFO - chord#: 64 done. best_score=27.0, changed=516, unchanged=403, early_stops=8/8
26 - INFO - chord#: 50 done. best_score=27.0, changed=513, unchanged=321, early_stops=8/8
26 - INFO - chord#: 68 In build_straw_man_chord_sa. tolerance = 1, sa_iterations = 1000, initial_temperature = 3.0, cooling_rate = 0.999
26 - INFO - chord#: 52 In build_straw_man_chord_sa. tolerance = 1, sa_iterations = 1000, initial_temperature = 3.0, cooling_rate = 0.999
26 - INFO - chord#: 64 done. best_score=27.0, changed=518, unchanged=441, early_stops=8/8
26 - INFO - chord#: 68 In build_straw_man_chord_sa. tolerance = 1, sa_iterations = 1000, initial_temperature = 3.0, cooling_rate = 0.999
26 - INFO - chord#: 64 done. best_score=27.0, changed=515, unchanged=443, early_stops=8/8
26 - INFO - chord#: 68 In build_straw_man_chord_sa. tolerance = 1, sa_iterations = 1000, initial_temperature = 3.0, cooling_rate = 0.999
26 - INFO - chord#: 48 done. best_score=27.0, changed=516, unchanged=412, early_stops=8/8
26 - INFO - chord#: 50 In build_straw_man_chord_sa. tolerance = 1, sa_iterations = 1000, initial_temperature = 3.0, cooling_rate = 0.999
26 - INFO - chord#: 56 done. best_score=27.0, changed=523, unchanged=369, early_stops=8/8
26 - INFO - chord#: 58 In build_straw_man_chord_sa. tolerance = 1, sa_iterations = 1000, initial_temperature = 3.0, cooling_rate = 0.999
26 - INFO - chord#: 64 done. best_score=27.0, changed=516, unchanged=368, early_stops=8/8
26 - INFO - chord#: 68 In build_straw_man_chord_sa. tolerance = 1, sa_iterations = 1000, initial_temperature = 3.0, cooling_rate = 0.999
26 - INFO - chord#: 60 done. best_score=27.0, changed=530, unchanged=362, early_stops=8/8
26 - INFO - chord#: 64 In build_straw_man_chord_sa. tolerance = 1, sa_iterations = 1000, initial_temperature = 3.0, cooling_rate = 0.999
26 - INFO - chord#: 52 done. best_score=67.0, changed=617, unchanged=549, early_stops=8/8
26 - INFO - chord#: 56 In build_straw_man_chord_sa. tolerance = 1, sa_iterations = 1000, initial_temperature = 3.0, cooling_rate = 0.999
26 - INFO - chord#: 68 done. best_score=27.0, changed=528, unchanged=504, early_stops=8/8
26 - INFO - chord#: 68 done. best_score=27.0, changed=520, unchanged=315, early_stops=8/8
26 - INFO - chord#: 70 In build_straw_man_chord_sa. tolerance = 1, sa_iterations = 1000, initial_temperature = 3.0, cooling_rate = 0.999
26 - INFO - chord#: 70 In build_straw_man_chord_sa. tolerance = 1, sa_iterations = 1000, initial_temperature = 3.0, cooling_rate = 0.999
26 - INFO - chord#: 68 done. best_score=27.0, changed=523, unchanged=386, early_stops=8/8
26 - INFO - chord#: 70 In build_straw_man_chord_sa. tolerance = 1, sa_iterations = 1000, initial_temperature = 3.0, cooling_rate = 0.999
26 - INFO - chord#: 58 done. best_score=35.0, changed=529, unchanged=356, early_stops=8/8
26 - INFO - chord#: 60 In build_straw_man_chord_sa. tolerance = 1, sa_iterations = 1000, initial_temperature = 3.0, cooling_rate = 0.999
26 - INFO - chord#: 68 done. best_score=27.0, changed=529, unchanged=412, early_stops=8/8
26 - INFO - chord#: 70 In build_straw_man_chord_sa. tolerance = 1, sa_iterations = 1000, initial_temperature = 3.0, cooling_rate = 0.999
26 - INFO - chord#: 50 done. best_score=27.0, changed=518, unchanged=388, early_stops=8/8
26 - INFO - chord#: 52 In build_straw_man_chord_sa. tolerance = 1, sa_iterations = 1000, initial_temperature = 3.0, cooling_rate = 0.999
26 - INFO - chord#: 64 done. best_score=27.0, changed=524, unchanged=332, early_stops=8/8
26 - INFO - chord#: 68 In build_straw_man_chord_sa. tolerance = 1, sa_iterations = 1000, initial_temperature = 3.0, cooling_rate = 0.999
26 - INFO - chord#: 70 done. best_score=37.0, changed=522, unchanged=371, early_stops=8/8
26 - INFO - chord#: 72 In build_straw_man_chord_sa. tolerance = 1, sa_iterations = 1000, initial_temperature = 3.0, cooling_rate = 0.999
26 - INFO - chord#: 70 done. best_score=37.0, changed=520, unchanged=363, early_stops=8/8
26 - INFO - chord#: 72 In build_straw_man_chord_sa. tolerance = 1, sa_iterations = 1000, initial_temperature = 3.0, cooling_rate = 0.999
26 - INFO - chord#: 70 done. best_score=37.0, changed=519, unchanged=410, early_stops=8/8
26 - INFO - chord#: 72 In build_straw_man_chord_sa. tolerance = 1, sa_iterations = 1000, initial_temperature = 3.0, cooling_rate = 0.999
26 - INFO - chord#: 72 done. best_score=11.0, changed=482, unchanged=339, early_stops=8/8
26 - INFO - chord#: 74 In build_straw_man_chord_sa. tolerance = 1, sa_iterations = 1000, initial_temperature = 3.0, cooling_rate = 0.999
26 - INFO - chord#: 60 done. best_score=27.0, changed=517, unchanged=381, early_stops=8/8
26 - INFO - chord#: 64 In build_straw_man_chord_sa. tolerance = 1, sa_iterations = 1000, initial_temperature = 3.0, cooling_rate = 0.999
26 - INFO - chord#: 72 done. best_score=11.0, changed=500, unchanged=333, early_stops=8/8
26 - INFO - chord#: 74 In build_straw_man_chord_sa. tolerance = 1, sa_iterations = 1000, initial_temperature = 3.0, cooling_rate = 0.999
26 - INFO - chord#: 72 done. best_score=11.0, changed=487, unchanged=332, early_stops=8/8
26 - INFO - chord#: 74 In build_straw_man_chord_sa. tolerance = 1, sa_iterations = 1000, initial_temperature = 3.0, cooling_rate = 0.999
26 - INFO - chord#: 56 done. best_score=27.0, changed=530, unchanged=622, early_stops=8/8
26 - INFO - chord#: 58 In build_straw_man_chord_sa. tolerance = 1, sa_iterations = 1000, initial_temperature = 3.0, cooling_rate = 0.999
26 - INFO - chord#: 70 done. best_score=37.0, changed=528, unchanged=557, early_stops=8/8
26 - INFO - chord#: 72 In build_straw_man_chord_sa. tolerance = 1, sa_iterations = 1000, initial_temperature = 3.0, cooling_rate = 0.999
26 - INFO - chord#: 68 done. best_score=27.0, changed=538, unchanged=535, early_stops=8/8
26 - INFO - chord#: 70 In build_straw_man_chord_sa. tolerance = 1, sa_iterations = 1000, initial_temperature = 3.0, cooling_rate = 0.999
26 - INFO - chord#: 52 done. best_score=67.0, changed=613, unchanged=309, early_stops=8/8
26 - INFO - chord#: 56 In build_straw_man_chord_sa. tolerance = 1, sa_iterations = 1000, initial_temperature = 3.0, cooling_rate = 0.999
26 - INFO - chord#: 52 done. best_score=67.0, changed=616, unchanged=286, early_stops=8/8
26 - INFO - chord#: 56 In build_straw_man_chord_sa. tolerance = 1, sa_iterations = 1000, initial_temperature = 3.0, cooling_rate = 0.999
26 - INFO - chord#: 72 done. best_score=11.0, changed=464, unchanged=353, early_stops=8/8
26 - INFO - chord#: 74 In build_straw_man_chord_sa. tolerance = 1, sa_iterations = 1000, initial_temperature = 3.0, cooling_rate = 0.999
26 - INFO - chord#: 64 done. best_score=27.0, changed=529, unchanged=423, early_stops=8/8
26 - INFO - chord#: 68 In build_straw_man_chord_sa. tolerance = 1, sa_iterations = 1000, initial_temperature = 3.0, cooling_rate = 0.999
26 - INFO - chord#: 52 done. best_score=137.0, changed=615, unchanged=462, early_stops=8/8
26 - INFO - chord#: 56 In build_straw_man_chord_sa. tolerance = 1, sa_iterations = 1000, initial_temperature = 3.0, cooling_rate = 0.999
26 - INFO - chord#: 52 done. best_score=119.0, changed=609, unchanged=476, early_stops=8/8
26 - INFO - chord#: 56 In build_straw_man_chord_sa. tolerance = 1, sa_iterations = 1000, initial_temperature = 3.0, cooling_rate = 0.999
26 - INFO - chord#: 58 done. best_score=35.0, changed=525, unchanged=362, early_stops=8/8
26 - INFO - chord#: 60 In build_straw_man_chord_sa. tolerance = 1, sa_iterations = 1000, initial_temperature = 3.0, cooling_rate = 0.999
26 - INFO - chord#: 70 done. best_score=37.0, changed=520, unchanged=389, early_stops=8/8
26 - INFO - chord#: 72 In build_straw_man_chord_sa. tolerance = 1, sa_iterations = 1000, initial_temperature = 3.0, cooling_rate = 0.999
26 - INFO - chord#: 72 done. best_score=11.0, changed=511, unchanged=320, early_stops=8/8
26 - INFO - chord#: 74 In build_straw_man_chord_sa. tolerance = 1, sa_iterations = 1000, initial_temperature = 3.0, cooling_rate = 0.999
26 - INFO - chord#: 52 done. best_score=67.0, changed=607, unchanged=264, early_stops=8/8
26 - INFO - chord#: 56 In build_straw_man_chord_sa. tolerance = 1, sa_iterations = 1000, initial_temperature = 3.0, cooling_rate = 0.999
26 - INFO - chord#: 56 done. best_score=27.0, changed=518, unchanged=417, early_stops=8/8
26 - INFO - chord#: 58 In build_straw_man_chord_sa. tolerance = 1, sa_iterations = 1000, initial_temperature = 3.0, cooling_rate = 0.999
26 - INFO - chord#: 56 done. best_score=27.0, changed=524, unchanged=472, early_stops=8/8
26 - INFO - chord#: 58 In build_straw_man_chord_sa. tolerance = 1, sa_iterations = 1000, initial_temperature = 3.0, cooling_rate = 0.999
26 - INFO - chord#: 68 done. best_score=27.0, changed=526, unchanged=455, early_stops=8/8
26 - INFO - chord#: 70 In build_straw_man_chord_sa. tolerance = 1, sa_iterations = 1000, initial_temperature = 3.0, cooling_rate = 0.999
26 - INFO - chord#: 74 done. best_score=94.0, changed=612, unchanged=352, early_stops=8/8
26 - INFO - chord#: 76 In build_straw_man_chord_sa. tolerance = 1, sa_iterations = 1000, initial_temperature = 3.0, cooling_rate = 0.999
26 - INFO - chord#: 56 done. best_score=27.0, changed=519, unchanged=415, early_stops=8/8
26 - INFO - chord#: 58 In build_straw_man_chord_sa. tolerance = 1, sa_iterations = 1000, initial_temperature = 3.0, cooling_rate = 0.999
26 - INFO - chord#: 56 done. best_score=27.0, changed=515, unchanged=333, early_stops=8/8
26 - INFO - chord#: 58 In build_straw_man_chord_sa. tolerance = 1, sa_iterations = 1000, initial_temperature = 3.0, cooling_rate = 0.999
26 - INFO - chord#: 74 done. best_score=94.0, changed=611, unchanged=332, early_stops=8/8
26 - INFO - chord#: 76 In build_straw_man_chord_sa. tolerance = 1, sa_iterations = 1000, initial_temperature = 3.0, cooling_rate = 0.999
26 - INFO - chord#: 74 done. best_score=127.0, changed=614, unchanged=378, early_stops=8/8
26 - INFO - chord#: 76 In build_straw_man_chord_sa. tolerance = 1, sa_iterations = 1000, initial_temperature = 3.0, cooling_rate = 0.999
26 - INFO - chord#: 60 done. best_score=27.0, changed=527, unchanged=489, early_stops=8/8
26 - INFO - chord#: 64 In build_straw_man_chord_sa. tolerance = 1, sa_iterations = 1000, initial_temperature = 3.0, cooling_rate = 0.999
26 - INFO - chord#: 58 done. best_score=35.0, changed=523, unchanged=300, early_stops=8/8
26 - INFO - chord#: 60 In build_straw_man_chord_sa. tolerance = 1, sa_iterations = 1000, initial_temperature = 3.0, cooling_rate = 0.999
26 - INFO - chord#: 70 done. best_score=35.0, changed=531, unchanged=454, early_stops=8/8
26 - INFO - chord#: 72 In build_straw_man_chord_sa. tolerance = 1, sa_iterations = 1000, initial_temperature = 3.0, cooling_rate = 0.999
26 - INFO - chord#: 58 done. best_score=35.0, changed=524, unchanged=503, early_stops=8/8
26 - INFO - chord#: 60 In build_straw_man_chord_sa. tolerance = 1, sa_iterations = 1000, initial_temperature = 3.0, cooling_rate = 0.999
26 - INFO - chord#: 74 done. best_score=101.0, changed=617, unchanged=403, early_stops=8/8
26 - INFO - chord#: 76 In build_straw_man_chord_sa. tolerance = 1, sa_iterations = 1000, initial_temperature = 3.0, cooling_rate = 0.999
26 - INFO - chord#: 72 done. best_score=13.0, changed=475, unchanged=337, early_stops=8/8
26 - INFO - chord#: 74 In build_straw_man_chord_sa. tolerance = 1, sa_iterations = 1000, initial_temperature = 3.0, cooling_rate = 0.999
26 - INFO - chord#: 76 done. best_score=27.0, changed=523, unchanged=330, early_stops=8/8
26 - INFO - chord#: 78 In build_straw_man_chord_sa. tolerance = 1, sa_iterations = 1000, initial_temperature = 3.0, cooling_rate = 0.999
26 - INFO - chord#: 56 done. best_score=27.0, changed=516, unchanged=519, early_stops=8/8
26 - INFO - chord#: 58 In build_straw_man_chord_sa. tolerance = 1, sa_iterations = 1000, initial_temperature = 3.0, cooling_rate = 0.999
26 - INFO - chord#: 76 done. best_score=27.0, changed=530, unchanged=412, early_stops=8/8
26 - INFO - chord#: 78 In build_straw_man_chord_sa. tolerance = 1, sa_iterations = 1000, initial_temperature = 3.0, cooling_rate = 0.999
26 - INFO - chord#: 58 done. best_score=35.0, changed=525, unchanged=428, early_stops=8/8
26 - INFO - chord#: 60 In build_straw_man_chord_sa. tolerance = 1, sa_iterations = 1000, initial_temperature = 3.0, cooling_rate = 0.999
26 - INFO - chord#: 76 done. best_score=27.0, changed=521, unchanged=446, early_stops=8/8
26 - INFO - chord#: 78 In build_straw_man_chord_sa. tolerance = 1, sa_iterations = 1000, initial_temperature = 3.0, cooling_rate = 0.999
26 - INFO - chord#: 58 done. best_score=35.0, changed=533, unchanged=426, early_stops=8/8
26 - INFO - chord#: 60 In build_straw_man_chord_sa. tolerance = 1, sa_iterations = 1000, initial_temperature = 3.0, cooling_rate = 0.999
26 - INFO - chord#: 74 done. best_score=94.0, changed=606, unchanged=242, early_stops=8/8
26 - INFO - chord#: 76 In build_straw_man_chord_sa. tolerance = 1, sa_iterations = 1000, initial_temperature = 3.0, cooling_rate = 0.999
26 - INFO - chord#: 60 done. best_score=27.0, changed=520, unchanged=368, early_stops=8/8
26 - INFO - chord#: 64 In build_straw_man_chord_sa. tolerance = 1, sa_iterations = 1000, initial_temperature = 3.0, cooling_rate = 0.999
26 - INFO - chord#: 64 done. best_score=27.0, changed=517, unchanged=426, early_stops=8/8
26 - INFO - chord#: 68 In build_straw_man_chord_sa. tolerance = 1, sa_iterations = 1000, initial_temperature = 3.0, cooling_rate = 0.999
26 - INFO - chord#: 76 done. best_score=27.0, changed=525, unchanged=404, early_stops=8/8
26 - INFO - chord#: 78 In build_straw_man_chord_sa. tolerance = 1, sa_iterations = 1000, initial_temperature = 3.0, cooling_rate = 0.999
26 - INFO - chord#: 60 done. best_score=27.0, changed=520, unchanged=431, early_stops=8/8
26 - INFO - chord#: 64 In build_straw_man_chord_sa. tolerance = 1, sa_iterations = 1000, initial_temperature = 3.0, cooling_rate = 0.999
26 - INFO - chord#: 58 done. best_score=35.0, changed=528, unchanged=369, early_stops=8/8
26 - INFO - chord#: 60 In build_straw_man_chord_sa. tolerance = 1, sa_iterations = 1000, initial_temperature = 3.0, cooling_rate = 0.999
26 - INFO - chord#: 76 done. best_score=27.0, changed=524, unchanged=435, early_stops=8/8
26 - INFO - chord#: 60 done. best_score=27.0, changed=515, unchanged=354, early_stops=8/8
26 - INFO - chord#: 78 In build_straw_man_chord_sa. tolerance = 1, sa_iterations = 1000, initial_temperature = 3.0, cooling_rate = 0.999
26 - INFO - chord#: 64 In build_straw_man_chord_sa. tolerance = 1, sa_iterations = 1000, initial_temperature = 3.0, cooling_rate = 0.999
26 - INFO - chord#: 60 done. best_score=27.0, changed=525, unchanged=338, early_stops=8/8
26 - INFO - chord#: 64 In build_straw_man_chord_sa. tolerance = 1, sa_iterations = 1000, initial_temperature = 3.0, cooling_rate = 0.999
26 - INFO - chord#: 64 done. best_score=36.0, changed=513, unchanged=307, early_stops=8/8
26 - INFO - chord#: 68 In build_straw_man_chord_sa. tolerance = 1, sa_iterations = 1000, initial_temperature = 3.0, cooling_rate = 0.999
26 - INFO - chord#: 68 done. best_score=27.0, changed=522, unchanged=354, early_stops=8/8
26 - INFO - chord#: 70 In build_straw_man_chord_sa. tolerance = 1, sa_iterations = 1000, initial_temperature = 3.0, cooling_rate = 0.999
26 - INFO - chord#: 78 done. best_score=74.0, changed=608, unchanged=225, early_stops=8/8
26 - INFO - chord#: 80 In build_straw_man_chord_sa. tolerance = 1, sa_iterations = 1000, initial_temperature = 3.0, cooling_rate = 0.999
26 - INFO - chord#: 64 done. best_score=27.0, changed=524, unchanged=426, early_stops=8/8
26 - INFO - chord#: 68 In build_straw_man_chord_sa. tolerance = 1, sa_iterations = 1000, initial_temperature = 3.0, cooling_rate = 0.999
26 - INFO - chord#: 60 done. best_score=27.0, changed=524, unchanged=420, early_stops=8/8
26 - INFO - chord#: 64 In build_straw_man_chord_sa. tolerance = 1, sa_iterations = 1000, initial_temperature = 3.0, cooling_rate = 0.999
26 - INFO - chord#: 74 done. best_score=116.0, changed=608, unchanged=386, early_stops=8/8
26 - INFO - chord#: 76 In build_straw_man_chord_sa. tolerance = 1, sa_iterations = 1000, initial_temperature = 3.0, cooling_rate = 0.999
26 - INFO - chord#: 64 done. best_score=27.0, changed=520, unchanged=505, early_stops=8/8
26 - INFO - chord#: 68 In build_straw_man_chord_sa. tolerance = 1, sa_iterations = 1000, initial_temperature = 3.0, cooling_rate = 0.999
26 - INFO - chord#: 64 done. best_score=27.0, changed=519, unchanged=504, early_stops=8/8
26 - INFO - chord#: 68 In build_straw_man_chord_sa. tolerance = 1, sa_iterations = 1000, initial_temperature = 3.0, cooling_rate = 0.999
26 - INFO - chord#: 78 done. best_score=74.0, changed=625, unchanged=419, early_stops=8/8
26 - INFO - chord#: 80 In build_straw_man_chord_sa. tolerance = 1, sa_iterations = 1000, initial_temperature = 3.0, cooling_rate = 0.999
26 - INFO - chord#: 70 done. best_score=37.0, changed=524, unchanged=326, early_stops=8/8
26 - INFO - chord#: 72 In build_straw_man_chord_sa. tolerance = 1, sa_iterations = 1000, initial_temperature = 3.0, cooling_rate = 0.999
26 - INFO - chord#: 68 done. best_score=27.0, changed=525, unchanged=386, early_stops=8/8
26 - INFO - chord#: 70 In build_straw_man_chord_sa. tolerance = 1, sa_iterations = 1000, initial_temperature = 3.0, cooling_rate = 0.999
26 - INFO - chord#: 68 done. best_score=27.0, changed=520, unchanged=402, early_stops=8/8
26 - INFO - chord#: 70 In build_straw_man_chord_sa. tolerance = 1, sa_iterations = 1000, initial_temperature = 3.0, cooling_rate = 0.999
26 - INFO - chord#: 76 done. best_score=36.0, changed=519, unchanged=360, early_stops=8/8
26 - INFO - chord#: 78 In build_straw_man_chord_sa. tolerance = 1, sa_iterations = 1000, initial_temperature = 3.0, cooling_rate = 0.999
26 - INFO - chord#: 78 done. best_score=74.0, changed=609, unchanged=253, early_stops=8/8
26 - INFO - chord#: 80 In build_straw_man_chord_sa. tolerance = 1, sa_iterations = 1000, initial_temperature = 3.0, cooling_rate = 0.999
26 - INFO - chord#: 72 done. best_score=11.0, changed=490, unchanged=328, early_stops=8/8
26 - INFO - chord#: 74 In build_straw_man_chord_sa. tolerance = 1, sa_iterations = 1000, initial_temperature = 3.0, cooling_rate = 0.999
26 - INFO - chord#: 78 done. best_score=149.0, changed=617, unchanged=529, early_stops=8/8
26 - INFO - chord#: 80 In build_straw_man_chord_sa. tolerance = 1, sa_iterations = 1000, initial_temperature = 3.0, cooling_rate = 0.999
26 - INFO - chord#: 78 done. best_score=141.0, changed=615, unchanged=383, early_stops=8/8
26 - INFO - chord#: 80 In build_straw_man_chord_sa. tolerance = 1, sa_iterations = 1000, initial_temperature = 3.0, cooling_rate = 0.999
26 - INFO - chord#: 64 done. best_score=27.0, changed=523, unchanged=574, early_stops=8/8
26 - INFO - chord#: 68 In build_straw_man_chord_sa. tolerance = 1, sa_iterations = 1000, initial_temperature = 3.0, cooling_rate = 0.999
26 - INFO - chord#: 68 done. best_score=27.0, changed=521, unchanged=337, early_stops=8/8
26 - INFO - chord#: 70 In build_straw_man_chord_sa. tolerance = 1, sa_iterations = 1000, initial_temperature = 3.0, cooling_rate = 0.999
26 - INFO - chord#: 80 done. best_score=140.0, changed=610, unchanged=251, early_stops=8/8
26 - INFO - chord#: 84 In build_straw_man_chord_sa. tolerance = 1, sa_iterations = 1000, initial_temperature = 3.0, cooling_rate = 0.999
26 - INFO - chord#: 68 done. best_score=27.0, changed=524, unchanged=474, early_stops=8/8
26 - INFO - chord#: 70 In build_straw_man_chord_sa. tolerance = 1, sa_iterations = 1000, initial_temperature = 3.0, cooling_rate = 0.999
26 - INFO - chord#: 70 done. best_score=37.0, changed=526, unchanged=378, early_stops=8/8
26 - INFO - chord#: 72 In build_straw_man_chord_sa. tolerance = 1, sa_iterations = 1000, initial_temperature = 3.0, cooling_rate = 0.999
26 - INFO - chord#: 70 done. best_score=37.0, changed=523, unchanged=360, early_stops=8/8
26 - INFO - chord#: 72 In build_straw_man_chord_sa. tolerance = 1, sa_iterations = 1000, initial_temperature = 3.0, cooling_rate = 0.999
26 - INFO - chord#: 72 done. best_score=11.0, changed=475, unchanged=371, early_stops=8/8
26 - INFO - chord#: 74 In build_straw_man_chord_sa. tolerance = 1, sa_iterations = 1000, initial_temperature = 3.0, cooling_rate = 0.999
26 - INFO - chord#: 72 done. best_score=11.0, changed=490, unchanged=324, early_stops=8/8
26 - INFO - chord#: 74 In build_straw_man_chord_sa. tolerance = 1, sa_iterations = 1000, initial_temperature = 3.0, cooling_rate = 0.999
26 - INFO - chord#: 68 done. best_score=27.0, changed=524, unchanged=352, early_stops=8/8
26 - INFO - chord#: 70 In build_straw_man_chord_sa. tolerance = 1, sa_iterations = 1000, initial_temperature = 3.0, cooling_rate = 0.999
26 - INFO - chord#: 84 done. best_score=27.0, changed=517, unchanged=325, early_stops=8/8
26 - INFO - chord#: 86 In build_straw_man_chord_sa. tolerance = 1, sa_iterations = 1000, initial_temperature = 3.0, cooling_rate = 0.999
26 - INFO - chord#: 70 done. best_score=35.0, changed=526, unchanged=471, early_stops=8/8
26 - INFO - chord#: 72 In build_straw_man_chord_sa. tolerance = 1, sa_iterations = 1000, initial_temperature = 3.0, cooling_rate = 0.999
26 - INFO - chord#: 70 done. best_score=37.0, changed=530, unchanged=540, early_stops=8/8
26 - INFO - chord#: 72 In build_straw_man_chord_sa. tolerance = 1, sa_iterations = 1000, initial_temperature = 3.0, cooling_rate = 0.999
26 - INFO - chord#: 72 done. best_score=11.0, changed=506, unchanged=305, early_stops=8/8
26 - INFO - chord#: 74 In build_straw_man_chord_sa. tolerance = 1, sa_iterations = 1000, initial_temperature = 3.0, cooling_rate = 0.999
26 - INFO - chord#: 78 done. best_score=74.0, changed=616, unchanged=343, early_stops=8/8
26 - INFO - chord#: 80 In build_straw_man_chord_sa. tolerance = 1, sa_iterations = 1000, initial_temperature = 3.0, cooling_rate = 0.999
26 - INFO - chord#: 80 done. best_score=140.0, changed=616, unchanged=352, early_stops=8/8
26 - INFO - chord#: 84 In build_straw_man_chord_sa. tolerance = 1, sa_iterations = 1000, initial_temperature = 3.0, cooling_rate = 0.999
26 - INFO - chord#: 80 done. best_score=140.0, changed=614, unchanged=322, early_stops=8/8
26 - INFO - chord#: 84 In build_straw_man_chord_sa. tolerance = 1, sa_iterations = 1000, initial_temperature = 3.0, cooling_rate = 0.999
26 - INFO - chord#: 72 done. best_score=11.0, changed=486, unchanged=336, early_stops=8/8
26 - INFO - chord#: 74 In build_straw_man_chord_sa. tolerance = 1, sa_iterations = 1000, initial_temperature = 3.0, cooling_rate = 0.999
26 - INFO - chord#: 80 done. best_score=140.0, changed=612, unchanged=379, early_stops=8/8
26 - INFO - chord#: 84 In build_straw_man_chord_sa. tolerance = 1, sa_iterations = 1000, initial_temperature = 3.0, cooling_rate = 0.999
26 - INFO - chord#: 80 done. best_score=140.0, changed=612, unchanged=332, early_stops=8/8
26 - INFO - chord#: 84 In build_straw_man_chord_sa. tolerance = 1, sa_iterations = 1000, initial_temperature = 3.0, cooling_rate = 0.999
26 - INFO - chord#: 70 done. best_score=37.0, changed=517, unchanged=368, early_stops=8/8
26 - INFO - chord#: 72 In build_straw_man_chord_sa. tolerance = 1, sa_iterations = 1000, initial_temperature = 3.0, cooling_rate = 0.999
26 - INFO - chord#: 74 done. best_score=94.0, changed=611, unchanged=312, early_stops=8/8
26 - INFO - chord#: 76 In build_straw_man_chord_sa. tolerance = 1, sa_iterations = 1000, initial_temperature = 3.0, cooling_rate = 0.999
26 - INFO - chord#: 72 done. best_score=11.0, changed=455, unchanged=366, early_stops=8/8
26 - INFO - chord#: 74 In build_straw_man_chord_sa. tolerance = 1, sa_iterations = 1000, initial_temperature = 3.0, cooling_rate = 0.999
26 - INFO - chord#: 84 done. best_score=27.0, changed=513, unchanged=350, early_stops=8/8
26 - INFO - chord#: 86 In build_straw_man_chord_sa. tolerance = 1, sa_iterations = 1000, initial_temperature = 3.0, cooling_rate = 0.999
26 - INFO - chord#: 84 done. best_score=27.0, changed=518, unchanged=315, early_stops=8/8
26 - INFO - chord#: 86 In build_straw_man_chord_sa. tolerance = 1, sa_iterations = 1000, initial_temperature = 3.0, cooling_rate = 0.999
26 - INFO - chord#: 84 done. best_score=27.0, changed=522, unchanged=462, early_stops=8/8
26 - INFO - chord#: 86 In build_straw_man_chord_sa. tolerance = 1, sa_iterations = 1000, initial_temperature = 3.0, cooling_rate = 0.999
26 - INFO - chord#: 74 done. best_score=94.0, changed=616, unchanged=388, early_stops=8/8
26 - INFO - chord#: 76 In build_straw_man_chord_sa. tolerance = 1, sa_iterations = 1000, initial_temperature = 3.0, cooling_rate = 0.999
26 - INFO - chord#: 84 done. best_score=27.0, changed=521, unchanged=355, early_stops=8/8
26 - INFO - chord#: 86 In build_straw_man_chord_sa. tolerance = 1, sa_iterations = 1000, initial_temperature = 3.0, cooling_rate = 0.999
26 - INFO - chord#: 86 done. best_score=82.0, changed=613, unchanged=242, early_stops=8/8
26 - INFO - chord#: 88 In build_straw_man_chord_sa. tolerance = 1, sa_iterations = 1000, initial_temperature = 3.0, cooling_rate = 0.999
26 - INFO - chord#: 74 done. best_score=168.0, changed=611, unchanged=308, early_stops=8/8
26 - INFO - chord#: 76 In build_straw_man_chord_sa. tolerance = 1, sa_iterations = 1000, initial_temperature = 3.0, cooling_rate = 0.999
26 - INFO - chord#: 76 done. best_score=27.0, changed=521, unchanged=387, early_stops=8/8
26 - INFO - chord#: 78 In build_straw_man_chord_sa. tolerance = 1, sa_iterations = 1000, initial_temperature = 3.0, cooling_rate = 0.999
26 - INFO - chord#: 76 done. best_score=27.0, changed=532, unchanged=590, early_stops=8/8
26 - INFO - chord#: 78 In build_straw_man_chord_sa. tolerance = 1, sa_iterations = 1000, initial_temperature = 3.0, cooling_rate = 0.999
26 - INFO - chord#: 80 done. best_score=140.0, changed=613, unchanged=376, early_stops=8/8
26 - INFO - chord#: 84 In build_straw_man_chord_sa. tolerance = 1, sa_iterations = 1000, initial_temperature = 3.0, cooling_rate = 0.999
26 - INFO - chord#: 74 done. best_score=94.0, changed=613, unchanged=484, early_stops=8/8
26 - INFO - chord#: 76 In build_straw_man_chord_sa. tolerance = 1, sa_iterations = 1000, initial_temperature = 3.0, cooling_rate = 0.999
26 - INFO - chord#: 86 done. best_score=127.0, changed=610, unchanged=221, early_stops=8/8
26 - INFO - chord#: 88 In build_straw_man_chord_sa. tolerance = 1, sa_iterations = 1000, initial_temperature = 3.0, cooling_rate = 0.999
26 - INFO - chord#: 76 done. best_score=27.0, changed=523, unchanged=430, early_stops=8/8
26 - INFO - chord#: 78 In build_straw_man_chord_sa. tolerance = 1, sa_iterations = 1000, initial_temperature = 3.0, cooling_rate = 0.999
26 - INFO - chord#: 86 done. best_score=82.0, changed=614, unchanged=320, early_stops=8/8
26 - INFO - chord#: 88 In build_straw_man_chord_sa. tolerance = 1, sa_iterations = 1000, initial_temperature = 3.0, cooling_rate = 0.999
26 - INFO - chord#: 74 done. best_score=101.0, changed=610, unchanged=415, early_stops=8/8
26 - INFO - chord#: 76 In build_straw_man_chord_sa. tolerance = 1, sa_iterations = 1000, initial_temperature = 3.0, cooling_rate = 0.999
26 - INFO - chord#: 84 done. best_score=27.0, changed=527, unchanged=413, early_stops=8/8
26 - INFO - chord#: 86 In build_straw_man_chord_sa. tolerance = 1, sa_iterations = 1000, initial_temperature = 3.0, cooling_rate = 0.999
26 - INFO - chord#: 88 done. best_score=143.0, changed=610, unchanged=302, early_stops=8/8
26 - INFO - chord#: 92 In build_straw_man_chord_sa. tolerance = 1, sa_iterations = 1000, initial_temperature = 3.0, cooling_rate = 0.999
26 - INFO - chord#: 86 done. best_score=97.0, changed=613, unchanged=398, early_stops=8/8
26 - INFO - chord#: 88 In build_straw_man_chord_sa. tolerance = 1, sa_iterations = 1000, initial_temperature = 3.0, cooling_rate = 0.999
26 - INFO - chord#: 86 done. best_score=82.0, changed=611, unchanged=252, early_stops=8/8
26 - INFO - chord#: 88 In build_straw_man_chord_sa. tolerance = 1, sa_iterations = 1000, initial_temperature = 3.0, cooling_rate = 0.999
26 - INFO - chord#: 74 done. best_score=101.0, changed=612, unchanged=491, early_stops=8/8
26 - INFO - chord#: 76 In build_straw_man_chord_sa. tolerance = 1, sa_iterations = 1000, initial_temperature = 3.0, cooling_rate = 0.999
26 - INFO - chord#: 76 done. best_score=27.0, changed=518, unchanged=323, early_stops=8/8
26 - INFO - chord#: 78 In build_straw_man_chord_sa. tolerance = 1, sa_iterations = 1000, initial_temperature = 3.0, cooling_rate = 0.999
26 - INFO - chord#: 92 done. best_score=27.0, changed=512, unchanged=328, early_stops=8/8
26 - INFO - chord#: 96 In build_straw_man_chord_sa. tolerance = 1, sa_iterations = 1000, initial_temperature = 3.0, cooling_rate = 0.999
26 - INFO - chord#: 76 done. best_score=27.0, changed=530, unchanged=481, early_stops=8/8
26 - INFO - chord#: 78 In build_straw_man_chord_sa. tolerance = 1, sa_iterations = 1000, initial_temperature = 3.0, cooling_rate = 0.999
26 - INFO - chord#: 78 done. best_score=74.0, changed=614, unchanged=264, early_stops=8/8
26 - INFO - chord#: 80 In build_straw_man_chord_sa. tolerance = 1, sa_iterations = 1000, initial_temperature = 3.0, cooling_rate = 0.999
26 - INFO - chord#: 78 done. best_score=74.0, changed=610, unchanged=365, early_stops=8/8
26 - INFO - chord#: 80 In build_straw_man_chord_sa. tolerance = 1, sa_iterations = 1000, initial_temperature = 3.0, cooling_rate = 0.999
26 - INFO - chord#: 76 done. best_score=27.0, changed=525, unchanged=370, early_stops=8/8
26 - INFO - chord#: 78 In build_straw_man_chord_sa. tolerance = 1, sa_iterations = 1000, initial_temperature = 3.0, cooling_rate = 0.999
26 - INFO - chord#: 88 done. best_score=140.0, changed=615, unchanged=268, early_stops=8/8
26 - INFO - chord#: 92 In build_straw_man_chord_sa. tolerance = 1, sa_iterations = 1000, initial_temperature = 3.0, cooling_rate = 0.999
26 - INFO - chord#: 88 done. best_score=142.0, changed=614, unchanged=391, early_stops=8/8
26 - INFO - chord#: 92 In build_straw_man_chord_sa. tolerance = 1, sa_iterations = 1000, initial_temperature = 3.0, cooling_rate = 0.999
26 - INFO - chord#: 96 done. best_score=27.0, changed=518, unchanged=313, early_stops=8/8
26 - INFO - chord#: 98 In build_straw_man_chord_sa. tolerance = 1, sa_iterations = 1000, initial_temperature = 3.0, cooling_rate = 0.999
26 - INFO - chord#: 86 done. best_score=82.0, changed=613, unchanged=302, early_stops=8/8
26 - INFO - chord#: 88 In build_straw_man_chord_sa. tolerance = 1, sa_iterations = 1000, initial_temperature = 3.0, cooling_rate = 0.999
26 - INFO - chord#: 78 done. best_score=74.0, changed=612, unchanged=320, early_stops=8/8
26 - INFO - chord#: 80 In build_straw_man_chord_sa. tolerance = 1, sa_iterations = 1000, initial_temperature = 3.0, cooling_rate = 0.999
26 - INFO - chord#: 88 done. best_score=142.0, changed=611, unchanged=345, early_stops=8/8
26 - INFO - chord#: 92 In build_straw_man_chord_sa. tolerance = 1, sa_iterations = 1000, initial_temperature = 3.0, cooling_rate = 0.999
26 - INFO - chord#: 92 done. best_score=27.0, changed=515, unchanged=307, early_stops=8/8
26 - INFO - chord#: 96 In build_straw_man_chord_sa. tolerance = 1, sa_iterations = 1000, initial_temperature = 3.0, cooling_rate = 0.999
26 - INFO - chord#: 92 done. best_score=27.0, changed=519, unchanged=417, early_stops=8/8
26 - INFO - chord#: 96 In build_straw_man_chord_sa. tolerance = 1, sa_iterations = 1000, initial_temperature = 3.0, cooling_rate = 0.999
26 - INFO - chord#: 88 done. best_score=142.0, changed=615, unchanged=378, early_stops=8/8
26 - INFO - chord#: 92 In build_straw_man_chord_sa. tolerance = 1, sa_iterations = 1000, initial_temperature = 3.0, cooling_rate = 0.999
26 - INFO - chord#: 80 done. best_score=140.0, changed=607, unchanged=230, early_stops=8/8
26 - INFO - chord#: 84 In build_straw_man_chord_sa. tolerance = 1, sa_iterations = 1000, initial_temperature = 3.0, cooling_rate = 0.999
26 - INFO - chord#: 80 done. best_score=145.0, changed=611, unchanged=209, early_stops=8/8
26 - INFO - chord#: 84 In build_straw_man_chord_sa. tolerance = 1, sa_iterations = 1000, initial_temperature = 3.0, cooling_rate = 0.999
26 - INFO - chord#: 78 done. best_score=74.0, changed=609, unchanged=325, early_stops=8/8
26 - INFO - chord#: 80 In build_straw_man_chord_sa. tolerance = 1, sa_iterations = 1000, initial_temperature = 3.0, cooling_rate = 0.999
26 - INFO - chord#: 92 done. best_score=27.0, changed=521, unchanged=524, early_stops=8/8
26 - INFO - chord#: 96 In build_straw_man_chord_sa. tolerance = 1, sa_iterations = 1000, initial_temperature = 3.0, cooling_rate = 0.999
26 - INFO - chord#: 96 done. best_score=27.0, changed=515, unchanged=353, early_stops=8/8
26 - INFO - chord#: 98 In build_straw_man_chord_sa. tolerance = 1, sa_iterations = 1000, initial_temperature = 3.0, cooling_rate = 0.999
26 - INFO - chord#: 96 done. best_score=27.0, changed=521, unchanged=367, early_stops=8/8
26 - INFO - chord#: 98 In build_straw_man_chord_sa. tolerance = 1, sa_iterations = 1000, initial_temperature = 3.0, cooling_rate = 0.999
26 - INFO - chord#: 98 done. best_score=64.0, changed=619, unchanged=425, early_stops=8/8
26 - INFO - chord#: 100 In build_straw_man_chord_sa. tolerance = 1, sa_iterations = 1000, initial_temperature = 3.0, cooling_rate = 0.999
26 - INFO - chord#: 84 done. best_score=27.0, changed=520, unchanged=424, early_stops=8/8
26 - INFO - chord#: 86 In build_straw_man_chord_sa. tolerance = 1, sa_iterations = 1000, initial_temperature = 3.0, cooling_rate = 0.999
26 - INFO - chord#: 88 done. best_score=140.0, changed=612, unchanged=287, early_stops=8/8
26 - INFO - chord#: 92 In build_straw_man_chord_sa. tolerance = 1, sa_iterations = 1000, initial_temperature = 3.0, cooling_rate = 0.999
26 - INFO - chord#: 92 done. best_score=36.0, changed=521, unchanged=398, early_stops=8/8
26 - INFO - chord#: 96 In build_straw_man_chord_sa. tolerance = 1, sa_iterations = 1000, initial_temperature = 3.0, cooling_rate = 0.999
26 - INFO - chord#: 78 done. best_score=149.0, changed=610, unchanged=249, early_stops=8/8
26 - INFO - chord#: 80 In build_straw_man_chord_sa. tolerance = 1, sa_iterations = 1000, initial_temperature = 3.0, cooling_rate = 0.999
26 - INFO - chord#: 78 done. best_score=74.0, changed=619, unchanged=460, early_stops=8/8
26 - INFO - chord#: 80 In build_straw_man_chord_sa. tolerance = 1, sa_iterations = 1000, initial_temperature = 3.0, cooling_rate = 0.999
26 - INFO - chord#: 84 done. best_score=27.0, changed=523, unchanged=447, early_stops=8/8
26 - INFO - chord#: 86 In build_straw_man_chord_sa. tolerance = 1, sa_iterations = 1000, initial_temperature = 3.0, cooling_rate = 0.999
26 - INFO - chord#: 96 done. best_score=27.0, changed=523, unchanged=480, early_stops=8/8
26 - INFO - chord#: 98 In build_straw_man_chord_sa. tolerance = 1, sa_iterations = 1000, initial_temperature = 3.0, cooling_rate = 0.999
26 - INFO - chord#: 100 done. best_score=27.0, changed=521, unchanged=404, early_stops=8/8
26 - INFO - chord#: 80 done. best_score=140.0, changed=615, unchanged=254, early_stops=8/8
26 - INFO - chord#: 102 In build_straw_man_chord_sa. tolerance = 1, sa_iterations = 1000, initial_temperature = 3.0, cooling_rate = 0.999
26 - INFO - chord#: 84 In build_straw_man_chord_sa. tolerance = 1, sa_iterations = 1000, initial_temperature = 3.0, cooling_rate = 0.999
26 - INFO - chord#: 92 done. best_score=27.0, changed=514, unchanged=399, early_stops=8/8
26 - INFO - chord#: 96 In build_straw_man_chord_sa. tolerance = 1, sa_iterations = 1000, initial_temperature = 3.0, cooling_rate = 0.999
26 - INFO - chord#: 98 done. best_score=64.0, changed=609, unchanged=287, early_stops=8/8
26 - INFO - chord#: 100 In build_straw_man_chord_sa. tolerance = 1, sa_iterations = 1000, initial_temperature = 3.0, cooling_rate = 0.999
26 - INFO - chord#: 98 done. best_score=64.0, changed=612, unchanged=347, early_stops=8/8
26 - INFO - chord#: 100 In build_straw_man_chord_sa. tolerance = 1, sa_iterations = 1000, initial_temperature = 3.0, cooling_rate = 0.999
26 - INFO - chord#: 96 done. best_score=27.0, changed=521, unchanged=507, early_stops=8/8
26 - INFO - chord#: 98 In build_straw_man_chord_sa. tolerance = 1, sa_iterations = 1000, initial_temperature = 3.0, cooling_rate = 0.999
26 - INFO - chord#: 80 done. best_score=145.0, changed=612, unchanged=254, early_stops=8/8
26 - INFO - chord#: 84 In build_straw_man_chord_sa. tolerance = 1, sa_iterations = 1000, initial_temperature = 3.0, cooling_rate = 0.999
26 - INFO - chord#: 96 done. best_score=27.0, changed=522, unchanged=323, early_stops=8/8
26 - INFO - chord#: 98 In build_straw_man_chord_sa. tolerance = 1, sa_iterations = 1000, initial_temperature = 3.0, cooling_rate = 0.999
26 - INFO - chord#: 84 done. best_score=27.0, changed=521, unchanged=435, early_stops=8/8
26 - INFO - chord#: 86 In build_straw_man_chord_sa. tolerance = 1, sa_iterations = 1000, initial_temperature = 3.0, cooling_rate = 0.999
26 - INFO - chord#: 86 done. best_score=120.0, changed=612, unchanged=323, early_stops=8/8
26 - INFO - chord#: 88 In build_straw_man_chord_sa. tolerance = 1, sa_iterations = 1000, initial_temperature = 3.0, cooling_rate = 0.999
26 - INFO - chord#: 98 done. best_score=64.0, changed=610, unchanged=236, early_stops=8/8
26 - INFO - chord#: 100 In build_straw_man_chord_sa. tolerance = 1, sa_iterations = 1000, initial_temperature = 3.0, cooling_rate = 0.999
26 - INFO - chord#: 100 done. best_score=27.0, changed=519, unchanged=333, early_stops=8/8
26 - INFO - chord#: 102 In build_straw_man_chord_sa. tolerance = 1, sa_iterations = 1000, initial_temperature = 3.0, cooling_rate = 0.999
26 - INFO - chord#: 100 done. best_score=27.0, changed=514, unchanged=324, early_stops=8/8
26 - INFO - chord#: 102 In build_straw_man_chord_sa. tolerance = 1, sa_iterations = 1000, initial_temperature = 3.0, cooling_rate = 0.999
26 - INFO - chord#: 80 done. best_score=140.0, changed=606, unchanged=233, early_stops=8/8
26 - INFO - chord#: 84 In build_straw_man_chord_sa. tolerance = 1, sa_iterations = 1000, initial_temperature = 3.0, cooling_rate = 0.999
26 - INFO - chord#: 102 done. best_score=94.0, changed=611, unchanged=395, early_stops=8/8
26 - INFO - chord#: 104 In build_straw_man_chord_sa. tolerance = 1, sa_iterations = 1000, initial_temperature = 3.0, cooling_rate = 0.999
26 - INFO - chord#: 84 done. best_score=27.0, changed=524, unchanged=533, early_stops=8/8
26 - INFO - chord#: 86 In build_straw_man_chord_sa. tolerance = 1, sa_iterations = 1000, initial_temperature = 3.0, cooling_rate = 0.999
26 - INFO - chord#: 100 done. best_score=27.0, changed=533, unchanged=441, early_stops=8/8
26 - INFO - chord#: 102 In build_straw_man_chord_sa. tolerance = 1, sa_iterations = 1000, initial_temperature = 3.0, cooling_rate = 0.999
26 - INFO - chord#: 86 done. best_score=82.0, changed=612, unchanged=310, early_stops=8/8
26 - INFO - chord#: 88 In build_straw_man_chord_sa. tolerance = 1, sa_iterations = 1000, initial_temperature = 3.0, cooling_rate = 0.999
26 - INFO - chord#: 80 done. best_score=142.0, changed=611, unchanged=401, early_stops=8/8
26 - INFO - chord#: 84 In build_straw_man_chord_sa. tolerance = 1, sa_iterations = 1000, initial_temperature = 3.0, cooling_rate = 0.999
26 - INFO - chord#: 104 done. best_score=27.0, changed=520, unchanged=395, early_stops=8/8
26 - INFO - chord#: 106 In build_straw_man_chord_sa. tolerance = 1, sa_iterations = 1000, initial_temperature = 3.0, cooling_rate = 0.999
26 - INFO - chord#: 84 done. best_score=27.0, changed=519, unchanged=446, early_stops=8/8
26 - INFO - chord#: 86 In build_straw_man_chord_sa. tolerance = 1, sa_iterations = 1000, initial_temperature = 3.0, cooling_rate = 0.999
26 - INFO - chord#: 98 done. best_score=150.0, changed=611, unchanged=331, early_stops=8/8
26 - INFO - chord#: 100 In build_straw_man_chord_sa. tolerance = 1, sa_iterations = 1000, initial_temperature = 3.0, cooling_rate = 0.999
26 - INFO - chord#: 88 done. best_score=142.0, changed=615, unchanged=376, early_stops=8/8
26 - INFO - chord#: 92 In build_straw_man_chord_sa. tolerance = 1, sa_iterations = 1000, initial_temperature = 3.0, cooling_rate = 0.999
26 - INFO - chord#: 102 done. best_score=96.0, changed=609, unchanged=293, early_stops=8/8
26 - INFO - chord#: 104 In build_straw_man_chord_sa. tolerance = 1, sa_iterations = 1000, initial_temperature = 3.0, cooling_rate = 0.999
26 - INFO - chord#: 102 done. best_score=129.0, changed=611, unchanged=283, early_stops=8/8
26 - INFO - chord#: 104 In build_straw_man_chord_sa. tolerance = 1, sa_iterations = 1000, initial_temperature = 3.0, cooling_rate = 0.999
26 - INFO - chord#: 84 done. best_score=27.0, changed=516, unchanged=453, early_stops=8/8
26 - INFO - chord#: 86 In build_straw_man_chord_sa. tolerance = 1, sa_iterations = 1000, initial_temperature = 3.0, cooling_rate = 0.999
26 - INFO - chord#: 98 done. best_score=64.0, changed=617, unchanged=481, early_stops=8/8
26 - INFO - chord#: 100 In build_straw_man_chord_sa. tolerance = 1, sa_iterations = 1000, initial_temperature = 3.0, cooling_rate = 0.999
26 - INFO - chord#: 86 done. best_score=82.0, changed=605, unchanged=298, early_stops=8/8
26 - INFO - chord#: 88 In build_straw_man_chord_sa. tolerance = 1, sa_iterations = 1000, initial_temperature = 3.0, cooling_rate = 0.999
26 - INFO - chord#: 106 done. best_score=27.0, changed=539, unchanged=428, early_stops=8/8
26 - INFO - chord#: 108 In build_straw_man_chord_sa. tolerance = 1, sa_iterations = 1000, initial_temperature = 3.0, cooling_rate = 0.999
26 - INFO - chord#: 100 done. best_score=57.0, changed=529, unchanged=364, early_stops=8/8
26 - INFO - chord#: 102 In build_straw_man_chord_sa. tolerance = 1, sa_iterations = 1000, initial_temperature = 3.0, cooling_rate = 0.999
26 - INFO - chord#: 104 done. best_score=27.0, changed=514, unchanged=347, early_stops=8/8
26 - INFO - chord#: 106 In build_straw_man_chord_sa. tolerance = 1, sa_iterations = 1000, initial_temperature = 3.0, cooling_rate = 0.999
26 - INFO - chord#: 102 done. best_score=94.0, changed=611, unchanged=339, early_stops=8/8
26 - INFO - chord#: 104 In build_straw_man_chord_sa. tolerance = 1, sa_iterations = 1000, initial_temperature = 3.0, cooling_rate = 0.999
26 - INFO - chord#: 92 done. best_score=27.0, changed=525, unchanged=358, early_stops=8/8
26 - INFO - chord#: 96 In build_straw_man_chord_sa. tolerance = 1, sa_iterations = 1000, initial_temperature = 3.0, cooling_rate = 0.999
26 - INFO - chord#: 104 done. best_score=27.0, changed=525, unchanged=481, early_stops=8/8
26 - INFO - chord#: 106 In build_straw_man_chord_sa. tolerance = 1, sa_iterations = 1000, initial_temperature = 3.0, cooling_rate = 0.999
26 - INFO - chord#: 86 done. best_score=136.0, changed=611, unchanged=224, early_stops=8/8
26 - INFO - chord#: 88 In build_straw_man_chord_sa. tolerance = 1, sa_iterations = 1000, initial_temperature = 3.0, cooling_rate = 0.999
26 - INFO - chord#: 88 done. best_score=142.0, changed=609, unchanged=253, early_stops=8/8
26 - INFO - chord#: 92 In build_straw_man_chord_sa. tolerance = 1, sa_iterations = 1000, initial_temperature = 3.0, cooling_rate = 0.999
26 - INFO - chord#: 100 done. best_score=27.0, changed=523, unchanged=366, early_stops=8/8
26 - INFO - chord#: 102 In build_straw_man_chord_sa. tolerance = 1, sa_iterations = 1000, initial_temperature = 3.0, cooling_rate = 0.999
26 - INFO - chord#: 108 done. best_score=27.0, changed=518, unchanged=365, early_stops=8/8
26 - INFO - chord#: 110 In build_straw_man_chord_sa. tolerance = 1, sa_iterations = 1000, initial_temperature = 3.0, cooling_rate = 0.999
26 - INFO - chord#: 106 done. best_score=27.0, changed=517, unchanged=360, early_stops=8/8
26 - INFO - chord#: 108 In build_straw_man_chord_sa. tolerance = 1, sa_iterations = 1000, initial_temperature = 3.0, cooling_rate = 0.999
26 - INFO - chord#: 104 done. best_score=27.0, changed=518, unchanged=361, early_stops=8/8
26 - INFO - chord#: 106 In build_straw_man_chord_sa. tolerance = 1, sa_iterations = 1000, initial_temperature = 3.0, cooling_rate = 0.999
26 - INFO - chord#: 106 done. best_score=27.0, changed=529, unchanged=325, early_stops=8/8
26 - INFO - chord#: 108 In build_straw_man_chord_sa. tolerance = 1, sa_iterations = 1000, initial_temperature = 3.0, cooling_rate = 0.999
26 - INFO - chord#: 96 done. best_score=27.0, changed=529, unchanged=483, early_stops=8/8
26 - INFO - chord#: 98 In build_straw_man_chord_sa. tolerance = 1, sa_iterations = 1000, initial_temperature = 3.0, cooling_rate = 0.999
26 - INFO - chord#: 92 done. best_score=27.0, changed=509, unchanged=340, early_stops=8/8
26 - INFO - chord#: 96 In build_straw_man_chord_sa. tolerance = 1, sa_iterations = 1000, initial_temperature = 3.0, cooling_rate = 0.999
26 - INFO - chord#: 86 done. best_score=82.0, changed=614, unchanged=318, early_stops=8/8
26 - INFO - chord#: 88 In build_straw_man_chord_sa. tolerance = 1, sa_iterations = 1000, initial_temperature = 3.0, cooling_rate = 0.999
26 - INFO - chord#: 106 done. best_score=27.0, changed=527, unchanged=416, early_stops=8/8
26 - INFO - chord#: 108 In build_straw_man_chord_sa. tolerance = 1, sa_iterations = 1000, initial_temperature = 3.0, cooling_rate = 0.999
26 - INFO - chord#: 108 done. best_score=27.0, changed=526, unchanged=455, early_stops=8/8
26 - INFO - chord#: 110 In build_straw_man_chord_sa. tolerance = 1, sa_iterations = 1000, initial_temperature = 3.0, cooling_rate = 0.999
26 - INFO - chord#: 108 done. best_score=27.0, changed=518, unchanged=363, early_stops=8/8
26 - INFO - chord#: 110 In build_straw_man_chord_sa. tolerance = 1, sa_iterations = 1000, initial_temperature = 3.0, cooling_rate = 0.999
26 - INFO - chord#: 86 done. best_score=82.0, changed=613, unchanged=324, early_stops=8/8
26 - INFO - chord#: 88 In build_straw_man_chord_sa. tolerance = 1, sa_iterations = 1000, initial_temperature = 3.0, cooling_rate = 0.999
26 - INFO - chord#: 102 done. best_score=93.0, changed=615, unchanged=394, early_stops=8/8
26 - INFO - chord#: 104 In build_straw_man_chord_sa. tolerance = 1, sa_iterations = 1000, initial_temperature = 3.0, cooling_rate = 0.999
26 - INFO - chord#: 88 done. best_score=140.0, changed=616, unchanged=371, early_stops=8/8
26 - INFO - chord#: 92 In build_straw_man_chord_sa. tolerance = 1, sa_iterations = 1000, initial_temperature = 3.0, cooling_rate = 0.999
26 - INFO - chord#: 102 done. best_score=93.0, changed=609, unchanged=203, early_stops=8/8
26 - INFO - chord#: 104 In build_straw_man_chord_sa. tolerance = 1, sa_iterations = 1000, initial_temperature = 3.0, cooling_rate = 0.999
26 - INFO - chord#: 110 done. best_score=67.0, changed=612, unchanged=269, early_stops=8/8
26 - INFO - chord#: 112 In build_straw_man_chord_sa. tolerance = 1, sa_iterations = 1000, initial_temperature = 3.0, cooling_rate = 0.999
26 - INFO - chord#: 88 done. best_score=140.0, changed=616, unchanged=273, early_stops=8/8
26 - INFO - chord#: 92 In build_straw_man_chord_sa. tolerance = 1, sa_iterations = 1000, initial_temperature = 3.0, cooling_rate = 0.999
26 - INFO - chord#: 96 done. best_score=27.0, changed=529, unchanged=473, early_stops=8/8
26 - INFO - chord#: 98 In build_straw_man_chord_sa. tolerance = 1, sa_iterations = 1000, initial_temperature = 3.0, cooling_rate = 0.999
26 - INFO - chord#: 108 done. best_score=27.0, changed=526, unchanged=376, early_stops=8/8
26 - INFO - chord#: 110 In build_straw_man_chord_sa. tolerance = 1, sa_iterations = 1000, initial_temperature = 3.0, cooling_rate = 0.999
26 - INFO - chord#: 104 done. best_score=27.0, changed=520, unchanged=372, early_stops=8/8
26 - INFO - chord#: 106 In build_straw_man_chord_sa. tolerance = 1, sa_iterations = 1000, initial_temperature = 3.0, cooling_rate = 0.999
26 - INFO - chord#: 98 done. best_score=64.0, changed=609, unchanged=272, early_stops=8/8
26 - INFO - chord#: 100 In build_straw_man_chord_sa. tolerance = 1, sa_iterations = 1000, initial_temperature = 3.0, cooling_rate = 0.999
26 - INFO - chord#: 104 done. best_score=27.0, changed=517, unchanged=317, early_stops=8/8
26 - INFO - chord#: 106 In build_straw_man_chord_sa. tolerance = 1, sa_iterations = 1000, initial_temperature = 3.0, cooling_rate = 0.999
26 - INFO - chord#: 112 done. best_score=27.0, changed=517, unchanged=412, early_stops=8/8
26 - INFO - chord#: 116 In build_straw_man_chord_sa. tolerance = 1, sa_iterations = 1000, initial_temperature = 3.0, cooling_rate = 0.999
26 - INFO - chord#: 110 done. best_score=67.0, changed=608, unchanged=225, early_stops=8/8
26 - INFO - chord#: 112 In build_straw_man_chord_sa. tolerance = 1, sa_iterations = 1000, initial_temperature = 3.0, cooling_rate = 0.999
26 - INFO - chord#: 106 done. best_score=27.0, changed=524, unchanged=329, early_stops=8/8
26 - INFO - chord#: 108 In build_straw_man_chord_sa. tolerance = 1, sa_iterations = 1000, initial_temperature = 3.0, cooling_rate = 0.999
26 - INFO - chord#: 92 done. best_score=27.0, changed=523, unchanged=413, early_stops=8/8
26 - INFO - chord#: 96 In build_straw_man_chord_sa. tolerance = 1, sa_iterations = 1000, initial_temperature = 3.0, cooling_rate = 0.999
26 - INFO - chord#: 110 done. best_score=137.0, changed=611, unchanged=270, early_stops=8/8
26 - INFO - chord#: 112 In build_straw_man_chord_sa. tolerance = 1, sa_iterations = 1000, initial_temperature = 3.0, cooling_rate = 0.999
26 - INFO - chord#: 100 done. best_score=27.0, changed=515, unchanged=370, early_stops=8/8
26 - INFO - chord#: 102 In build_straw_man_chord_sa. tolerance = 1, sa_iterations = 1000, initial_temperature = 3.0, cooling_rate = 0.999
26 - INFO - chord#: 88 done. best_score=142.0, changed=609, unchanged=304, early_stops=8/8
26 - INFO - chord#: 92 In build_straw_man_chord_sa. tolerance = 1, sa_iterations = 1000, initial_temperature = 3.0, cooling_rate = 0.999
26 - INFO - chord#: 92 done. best_score=27.0, changed=521, unchanged=471, early_stops=8/8
26 - INFO - chord#: 96 In build_straw_man_chord_sa. tolerance = 1, sa_iterations = 1000, initial_temperature = 3.0, cooling_rate = 0.999
26 - INFO - chord#: 88 done. best_score=140.0, changed=610, unchanged=237, early_stops=8/8
26 - INFO - chord#: 92 In build_straw_man_chord_sa. tolerance = 1, sa_iterations = 1000, initial_temperature = 3.0, cooling_rate = 0.999
26 - INFO - chord#: 106 done. best_score=27.0, changed=518, unchanged=337, early_stops=8/8
26 - INFO - chord#: 108 In build_straw_man_chord_sa. tolerance = 1, sa_iterations = 1000, initial_temperature = 3.0, cooling_rate = 0.999
26 - INFO - chord#: 110 done. best_score=67.0, changed=609, unchanged=278, early_stops=8/8
26 - INFO - chord#: 112 In build_straw_man_chord_sa. tolerance = 1, sa_iterations = 1000, initial_temperature = 3.0, cooling_rate = 0.999
26 - INFO - chord#: 112 done. best_score=27.0, changed=529, unchanged=535, early_stops=8/8
26 - INFO - chord#: 116 In build_straw_man_chord_sa. tolerance = 1, sa_iterations = 1000, initial_temperature = 3.0, cooling_rate = 0.999
26 - INFO - chord#: 112 done. best_score=27.0, changed=520, unchanged=329, early_stops=8/8
26 - INFO - chord#: 116 In build_straw_man_chord_sa. tolerance = 1, sa_iterations = 1000, initial_temperature = 3.0, cooling_rate = 0.999
26 - INFO - chord#: 108 done. best_score=27.0, changed=523, unchanged=458, early_stops=8/8
26 - INFO - chord#: 110 In build_straw_man_chord_sa. tolerance = 1, sa_iterations = 1000, initial_temperature = 3.0, cooling_rate = 0.999
26 - INFO - chord#: 96 done. best_score=27.0, changed=518, unchanged=373, early_stops=8/8
26 - INFO - chord#: 98 In build_straw_man_chord_sa. tolerance = 1, sa_iterations = 1000, initial_temperature = 3.0, cooling_rate = 0.999
26 - INFO - chord#: 96 done. best_score=27.0, changed=526, unchanged=334, early_stops=8/8
26 - INFO - chord#: 98 In build_straw_man_chord_sa. tolerance = 1, sa_iterations = 1000, initial_temperature = 3.0, cooling_rate = 0.999
26 - INFO - chord#: 92 done. best_score=27.0, changed=521, unchanged=509, early_stops=8/8
26 - INFO - chord#: 96 In build_straw_man_chord_sa. tolerance = 1, sa_iterations = 1000, initial_temperature = 3.0, cooling_rate = 0.999
26 - INFO - chord#: 98 done. best_score=64.0, changed=610, unchanged=354, early_stops=8/8
26 - INFO - chord#: 100 In build_straw_man_chord_sa. tolerance = 1, sa_iterations = 1000, initial_temperature = 3.0, cooling_rate = 0.999
26 - INFO - chord#: 116 done. best_score=67.0, changed=610, unchanged=253, early_stops=8/8
26 - INFO - chord#: 120 In build_straw_man_chord_sa. tolerance = 1, sa_iterations = 1000, initial_temperature = 3.0, cooling_rate = 0.999
26 - INFO - chord#: 112 done. best_score=27.0, changed=523, unchanged=397, early_stops=8/8
26 - INFO - chord#: 116 In build_straw_man_chord_sa. tolerance = 1, sa_iterations = 1000, initial_temperature = 3.0, cooling_rate = 0.999
26 - INFO - chord#: 108 done. best_score=27.0, changed=518, unchanged=468, early_stops=8/8
26 - INFO - chord#: 110 In build_straw_man_chord_sa. tolerance = 1, sa_iterations = 1000, initial_temperature = 3.0, cooling_rate = 0.999
26 - INFO - chord#: 102 done. best_score=93.0, changed=610, unchanged=331, early_stops=8/8
26 - INFO - chord#: 104 In build_straw_man_chord_sa. tolerance = 1, sa_iterations = 1000, initial_temperature = 3.0, cooling_rate = 0.999
26 - INFO - chord#: 92 done. best_score=27.0, changed=524, unchanged=573, early_stops=8/8
26 - INFO - chord#: 96 In build_straw_man_chord_sa. tolerance = 1, sa_iterations = 1000, initial_temperature = 3.0, cooling_rate = 0.999
26 - INFO - chord#: 116 done. best_score=101.0, changed=607, unchanged=210, early_stops=8/8
26 - INFO - chord#: 120 In build_straw_man_chord_sa. tolerance = 1, sa_iterations = 1000, initial_temperature = 3.0, cooling_rate = 0.999
26 - INFO - chord#: 96 done. best_score=27.0, changed=523, unchanged=349, early_stops=8/8
26 - INFO - chord#: 98 In build_straw_man_chord_sa. tolerance = 1, sa_iterations = 1000, initial_temperature = 3.0, cooling_rate = 0.999
26 - INFO - chord#: 100 done. best_score=27.0, changed=532, unchanged=430, early_stops=8/8
26 - INFO - chord#: 102 In build_straw_man_chord_sa. tolerance = 1, sa_iterations = 1000, initial_temperature = 3.0, cooling_rate = 0.999
26 - INFO - chord#: 120 done. best_score=27.0, changed=519, unchanged=532, early_stops=8/8
26 - INFO - chord#: 122 In build_straw_man_chord_sa. tolerance = 1, sa_iterations = 1000, initial_temperature = 3.0, cooling_rate = 0.999
26 - INFO - chord#: 98 done. best_score=104.0, changed=610, unchanged=270, early_stops=8/8
26 - INFO - chord#: 100 In build_straw_man_chord_sa. tolerance = 1, sa_iterations = 1000, initial_temperature = 3.0, cooling_rate = 0.999
26 - INFO - chord#: 104 done. best_score=27.0, changed=520, unchanged=474, early_stops=8/8
26 - INFO - chord#: 106 In build_straw_man_chord_sa. tolerance = 1, sa_iterations = 1000, initial_temperature = 3.0, cooling_rate = 0.999
26 - INFO - chord#: 110 done. best_score=67.0, changed=614, unchanged=326, early_stops=8/8
26 - INFO - chord#: 112 In build_straw_man_chord_sa. tolerance = 1, sa_iterations = 1000, initial_temperature = 3.0, cooling_rate = 0.999
26 - INFO - chord#: 96 done. best_score=27.0, changed=522, unchanged=387, early_stops=8/8
26 - INFO - chord#: 98 In build_straw_man_chord_sa. tolerance = 1, sa_iterations = 1000, initial_temperature = 3.0, cooling_rate = 0.999
26 - INFO - chord#: 116 done. best_score=157.0, changed=612, unchanged=303, early_stops=8/8
26 - INFO - chord#: 120 In build_straw_man_chord_sa. tolerance = 1, sa_iterations = 1000, initial_temperature = 3.0, cooling_rate = 0.999
26 - INFO - chord#: 120 done. best_score=27.0, changed=522, unchanged=399, early_stops=8/8
26 - INFO - chord#: 122 In build_straw_man_chord_sa. tolerance = 1, sa_iterations = 1000, initial_temperature = 3.0, cooling_rate = 0.999
26 - INFO - chord#: 100 done. best_score=27.0, changed=527, unchanged=395, early_stops=8/8
26 - INFO - chord#: 102 In build_straw_man_chord_sa. tolerance = 1, sa_iterations = 1000, initial_temperature = 3.0, cooling_rate = 0.999
26 - INFO - chord#: 98 done. best_score=64.0, changed=612, unchanged=278, early_stops=8/8
26 - INFO - chord#: 100 In build_straw_man_chord_sa. tolerance = 1, sa_iterations = 1000, initial_temperature = 3.0, cooling_rate = 0.999
26 - INFO - chord#: 112 done. best_score=27.0, changed=515, unchanged=320, early_stops=8/8
26 - INFO - chord#: 116 In build_straw_man_chord_sa. tolerance = 1, sa_iterations = 1000, initial_temperature = 3.0, cooling_rate = 0.999
26 - INFO - chord#: 106 done. best_score=27.0, changed=526, unchanged=511, early_stops=8/8
26 - INFO - chord#: 108 In build_straw_man_chord_sa. tolerance = 1, sa_iterations = 1000, initial_temperature = 3.0, cooling_rate = 0.999
26 - INFO - chord#: 116 done. best_score=137.0, changed=609, unchanged=351, early_stops=8/8
26 - INFO - chord#: 120 In build_straw_man_chord_sa. tolerance = 1, sa_iterations = 1000, initial_temperature = 3.0, cooling_rate = 0.999
26 - INFO - chord#: 110 done. best_score=137.0, changed=608, unchanged=235, early_stops=8/8
26 - INFO - chord#: 112 In build_straw_man_chord_sa. tolerance = 1, sa_iterations = 1000, initial_temperature = 3.0, cooling_rate = 0.999
26 - INFO - chord#: 120 done. best_score=36.0, changed=532, unchanged=403, early_stops=8/8
26 - INFO - chord#: 122 In build_straw_man_chord_sa. tolerance = 1, sa_iterations = 1000, initial_temperature = 3.0, cooling_rate = 0.999
26 - INFO - chord#: 100 done. best_score=27.0, changed=517, unchanged=384, early_stops=8/8
26 - INFO - chord#: 102 In build_straw_man_chord_sa. tolerance = 1, sa_iterations = 1000, initial_temperature = 3.0, cooling_rate = 0.999
26 - INFO - chord#: 122 done. best_score=67.0, changed=611, unchanged=302, early_stops=8/8
26 - INFO - chord#: 124 In build_straw_man_chord_sa. tolerance = 1, sa_iterations = 1000, initial_temperature = 3.0, cooling_rate = 0.999
26 - INFO - chord#: 108 done. best_score=27.0, changed=520, unchanged=421, early_stops=8/8
26 - INFO - chord#: 110 In build_straw_man_chord_sa. tolerance = 1, sa_iterations = 1000, initial_temperature = 3.0, cooling_rate = 0.999
26 - INFO - chord#: 98 done. best_score=64.0, changed=610, unchanged=255, early_stops=8/8
26 - INFO - chord#: 100 In build_straw_man_chord_sa. tolerance = 1, sa_iterations = 1000, initial_temperature = 3.0, cooling_rate = 0.999
26 - INFO - chord#: 120 done. best_score=27.0, changed=531, unchanged=474, early_stops=8/8
26 - INFO - chord#: 122 In build_straw_man_chord_sa. tolerance = 1, sa_iterations = 1000, initial_temperature = 3.0, cooling_rate = 0.999
26 - INFO - chord#: 102 done. best_score=105.0, changed=610, unchanged=286, early_stops=8/8
26 - INFO - chord#: 104 In build_straw_man_chord_sa. tolerance = 1, sa_iterations = 1000, initial_temperature = 3.0, cooling_rate = 0.999
26 - INFO - chord#: 112 done. best_score=27.0, changed=516, unchanged=412, early_stops=8/8
26 - INFO - chord#: 116 In build_straw_man_chord_sa. tolerance = 1, sa_iterations = 1000, initial_temperature = 3.0, cooling_rate = 0.999
26 - INFO - chord#: 122 done. best_score=67.0, changed=617, unchanged=265, early_stops=8/8
26 - INFO - chord#: 124 In build_straw_man_chord_sa. tolerance = 1, sa_iterations = 1000, initial_temperature = 3.0, cooling_rate = 0.999
26 - INFO - chord#: 124 done. best_score=27.0, changed=524, unchanged=353, early_stops=8/8
26 - INFO - chord#: 128 In build_straw_man_chord_sa. tolerance = 1, sa_iterations = 1000, initial_temperature = 3.0, cooling_rate = 0.999
26 - INFO - chord#: 102 done. best_score=105.0, changed=612, unchanged=289, early_stops=8/8
26 - INFO - chord#: 104 In build_straw_man_chord_sa. tolerance = 1, sa_iterations = 1000, initial_temperature = 3.0, cooling_rate = 0.999
26 - INFO - chord#: 100 done. best_score=27.0, changed=515, unchanged=336, early_stops=8/8
26 - INFO - chord#: 102 In build_straw_man_chord_sa. tolerance = 1, sa_iterations = 1000, initial_temperature = 3.0, cooling_rate = 0.999
26 - INFO - chord#: 98 done. best_score=64.0, changed=620, unchanged=338, early_stops=8/8
26 - INFO - chord#: 100 In build_straw_man_chord_sa. tolerance = 1, sa_iterations = 1000, initial_temperature = 3.0, cooling_rate = 0.999
26 - INFO - chord#: 116 done. best_score=131.0, changed=612, unchanged=449, early_stops=8/8
26 - INFO - chord#: 120 In build_straw_man_chord_sa. tolerance = 1, sa_iterations = 1000, initial_temperature = 3.0, cooling_rate = 0.999
26 - INFO - chord#: 104 done. best_score=27.0, changed=519, unchanged=367, early_stops=8/8
26 - INFO - chord#: 106 In build_straw_man_chord_sa. tolerance = 1, sa_iterations = 1000, initial_temperature = 3.0, cooling_rate = 0.999
26 - INFO - chord#: 128 done. best_score=36.0, changed=523, unchanged=377, early_stops=8/8
26 - INFO - chord#: 132 In build_straw_man_chord_sa. tolerance = 1, sa_iterations = 1000, initial_temperature = 3.0, cooling_rate = 0.999
26 - INFO - chord#: 124 done. best_score=27.0, changed=528, unchanged=380, early_stops=8/8
26 - INFO - chord#: 128 In build_straw_man_chord_sa. tolerance = 1, sa_iterations = 1000, initial_temperature = 3.0, cooling_rate = 0.999
26 - INFO - chord#: 104 done. best_score=27.0, changed=516, unchanged=327, early_stops=8/8
26 - INFO - chord#: 106 In build_straw_man_chord_sa. tolerance = 1, sa_iterations = 1000, initial_temperature = 3.0, cooling_rate = 0.999
26 - INFO - chord#: 110 done. best_score=67.0, changed=609, unchanged=284, early_stops=8/8
26 - INFO - chord#: 112 In build_straw_man_chord_sa. tolerance = 1, sa_iterations = 1000, initial_temperature = 3.0, cooling_rate = 0.999
26 - INFO - chord#: 122 done. best_score=167.0, changed=609, unchanged=235, early_stops=8/8
26 - INFO - chord#: 124 In build_straw_man_chord_sa. tolerance = 1, sa_iterations = 1000, initial_temperature = 3.0, cooling_rate = 0.999
26 - INFO - chord#: 100 done. best_score=27.0, changed=522, unchanged=470, early_stops=8/8
26 - INFO - chord#: 102 In build_straw_man_chord_sa. tolerance = 1, sa_iterations = 1000, initial_temperature = 3.0, cooling_rate = 0.999
26 - INFO - chord#: 122 done. best_score=67.0, changed=613, unchanged=343, early_stops=8/8
26 - INFO - chord#: 124 In build_straw_man_chord_sa. tolerance = 1, sa_iterations = 1000, initial_temperature = 3.0, cooling_rate = 0.999
26 - INFO - chord#: 120 done. best_score=27.0, changed=526, unchanged=459, early_stops=8/8
26 - INFO - chord#: 122 In build_straw_man_chord_sa. tolerance = 1, sa_iterations = 1000, initial_temperature = 3.0, cooling_rate = 0.999
26 - INFO - chord#: 106 done. best_score=27.0, changed=518, unchanged=437, early_stops=8/8
26 - INFO - chord#: 108 In build_straw_man_chord_sa. tolerance = 1, sa_iterations = 1000, initial_temperature = 3.0, cooling_rate = 0.999
26 - INFO - chord#: 128 done. best_score=36.0, changed=520, unchanged=405, early_stops=8/8
26 - INFO - chord#: 132 In build_straw_man_chord_sa. tolerance = 1, sa_iterations = 1000, initial_temperature = 3.0, cooling_rate = 0.999
26 - INFO - chord#: 106 done. best_score=27.0, changed=530, unchanged=459, early_stops=8/8
26 - INFO - chord#: 108 In build_straw_man_chord_sa. tolerance = 1, sa_iterations = 1000, initial_temperature = 3.0, cooling_rate = 0.999
26 - INFO - chord#: 132 done. best_score=27.0, changed=525, unchanged=568, early_stops=8/8
26 - INFO - chord#: 134 In build_straw_man_chord_sa. tolerance = 1, sa_iterations = 1000, initial_temperature = 3.0, cooling_rate = 0.999
26 - INFO - chord#: 112 done. best_score=27.0, changed=513, unchanged=328, early_stops=8/8
26 - INFO - chord#: 116 In build_straw_man_chord_sa. tolerance = 1, sa_iterations = 1000, initial_temperature = 3.0, cooling_rate = 0.999
26 - INFO - chord#: 102 done. best_score=93.0, changed=614, unchanged=383, early_stops=8/8
26 - INFO - chord#: 104 In build_straw_man_chord_sa. tolerance = 1, sa_iterations = 1000, initial_temperature = 3.0, cooling_rate = 0.999
26 - INFO - chord#: 124 done. best_score=27.0, changed=529, unchanged=404, early_stops=8/8
26 - INFO - chord#: 128 In build_straw_man_chord_sa. tolerance = 1, sa_iterations = 1000, initial_temperature = 3.0, cooling_rate = 0.999
26 - INFO - chord#: 124 done. best_score=27.0, changed=518, unchanged=326, early_stops=8/8
26 - INFO - chord#: 128 In build_straw_man_chord_sa. tolerance = 1, sa_iterations = 1000, initial_temperature = 3.0, cooling_rate = 0.999
26 - INFO - chord#: 116 done. best_score=101.0, changed=615, unchanged=319, early_stops=8/8
26 - INFO - chord#: 120 In build_straw_man_chord_sa. tolerance = 1, sa_iterations = 1000, initial_temperature = 3.0, cooling_rate = 0.999
26 - INFO - chord#: 132 done. best_score=27.0, changed=515, unchanged=342, early_stops=8/8
26 - INFO - chord#: 134 In build_straw_man_chord_sa. tolerance = 1, sa_iterations = 1000, initial_temperature = 3.0, cooling_rate = 0.999
26 - INFO - chord#: 108 done. best_score=27.0, changed=523, unchanged=336, early_stops=8/8
26 - INFO - chord#: 110 In build_straw_man_chord_sa. tolerance = 1, sa_iterations = 1000, initial_temperature = 3.0, cooling_rate = 0.999
26 - INFO - chord#: 102 done. best_score=94.0, changed=611, unchanged=302, early_stops=8/8
26 - INFO - chord#: 104 In build_straw_man_chord_sa. tolerance = 1, sa_iterations = 1000, initial_temperature = 3.0, cooling_rate = 0.999
26 - INFO - chord#: 108 done. best_score=27.0, changed=524, unchanged=528, early_stops=8/8
26 - INFO - chord#: 110 In build_straw_man_chord_sa. tolerance = 1, sa_iterations = 1000, initial_temperature = 3.0, cooling_rate = 0.999
26 - INFO - chord#: 128 done. best_score=36.0, changed=524, unchanged=431, early_stops=8/8
26 - INFO - chord#: 132 In build_straw_man_chord_sa. tolerance = 1, sa_iterations = 1000, initial_temperature = 3.0, cooling_rate = 0.999
26 - INFO - chord#: 104 done. best_score=27.0, changed=519, unchanged=482, early_stops=8/8
26 - INFO - chord#: 106 In build_straw_man_chord_sa. tolerance = 1, sa_iterations = 1000, initial_temperature = 3.0, cooling_rate = 0.999
26 - INFO - chord#: 128 done. best_score=36.0, changed=517, unchanged=368, early_stops=8/8
26 - INFO - chord#: 132 In build_straw_man_chord_sa. tolerance = 1, sa_iterations = 1000, initial_temperature = 3.0, cooling_rate = 0.999
26 - INFO - chord#: 134 done. best_score=82.0, changed=611, unchanged=243, early_stops=8/8
26 - INFO - chord#: 136 In build_straw_man_chord_sa. tolerance = 1, sa_iterations = 1000, initial_temperature = 3.0, cooling_rate = 0.999
26 - INFO - chord#: 120 done. best_score=27.0, changed=518, unchanged=459, early_stops=8/8
26 - INFO - chord#: 122 In build_straw_man_chord_sa. tolerance = 1, sa_iterations = 1000, initial_temperature = 3.0, cooling_rate = 0.999
26 - INFO - chord#: 122 done. best_score=67.0, changed=617, unchanged=363, early_stops=8/8
26 - INFO - chord#: 124 In build_straw_man_chord_sa. tolerance = 1, sa_iterations = 1000, initial_temperature = 3.0, cooling_rate = 0.999
26 - INFO - chord#: 104 done. best_score=27.0, changed=522, unchanged=422, early_stops=8/8
26 - INFO - chord#: 106 In build_straw_man_chord_sa. tolerance = 1, sa_iterations = 1000, initial_temperature = 3.0, cooling_rate = 0.999
26 - INFO - chord#: 116 done. best_score=145.0, changed=610, unchanged=357, early_stops=8/8
26 - INFO - chord#: 120 In build_straw_man_chord_sa. tolerance = 1, sa_iterations = 1000, initial_temperature = 3.0, cooling_rate = 0.999
26 - INFO - chord#: 132 done. best_score=27.0, changed=526, unchanged=418, early_stops=8/8
26 - INFO - chord#: 134 In build_straw_man_chord_sa. tolerance = 1, sa_iterations = 1000, initial_temperature = 3.0, cooling_rate = 0.999
26 - INFO - chord#: 102 done. best_score=96.0, changed=611, unchanged=353, early_stops=8/8
26 - INFO - chord#: 104 In build_straw_man_chord_sa. tolerance = 1, sa_iterations = 1000, initial_temperature = 3.0, cooling_rate = 0.999
26 - INFO - chord#: 106 done. best_score=27.0, changed=516, unchanged=373, early_stops=8/8
26 - INFO - chord#: 108 In build_straw_man_chord_sa. tolerance = 1, sa_iterations = 1000, initial_temperature = 3.0, cooling_rate = 0.999
26 - INFO - chord#: 134 done. best_score=82.0, changed=610, unchanged=268, early_stops=8/8
26 - INFO - chord#: 136 In build_straw_man_chord_sa. tolerance = 1, sa_iterations = 1000, initial_temperature = 3.0, cooling_rate = 0.999
26 - INFO - chord#: 136 done. best_score=27.0, changed=521, unchanged=373, early_stops=8/8
26 - INFO - chord#: 138 In build_straw_man_chord_sa. tolerance = 1, sa_iterations = 1000, initial_temperature = 3.0, cooling_rate = 0.999
26 - INFO - chord#: 132 done. best_score=27.0, changed=523, unchanged=393, early_stops=8/8
26 - INFO - chord#: 134 In build_straw_man_chord_sa. tolerance = 1, sa_iterations = 1000, initial_temperature = 3.0, cooling_rate = 0.999
26 - INFO - chord#: 124 done. best_score=27.0, changed=523, unchanged=356, early_stops=8/8
26 - INFO - chord#: 128 In build_straw_man_chord_sa. tolerance = 1, sa_iterations = 1000, initial_temperature = 3.0, cooling_rate = 0.999
26 - INFO - chord#: 110 done. best_score=67.0, changed=607, unchanged=296, early_stops=8/8
26 - INFO - chord#: 112 In build_straw_man_chord_sa. tolerance = 1, sa_iterations = 1000, initial_temperature = 3.0, cooling_rate = 0.999
26 - INFO - chord#: 110 done. best_score=145.0, changed=604, unchanged=224, early_stops=8/8
26 - INFO - chord#: 112 In build_straw_man_chord_sa. tolerance = 1, sa_iterations = 1000, initial_temperature = 3.0, cooling_rate = 0.999
26 - INFO - chord#: 106 done. best_score=27.0, changed=527, unchanged=350, early_stops=8/8
26 - INFO - chord#: 108 In build_straw_man_chord_sa. tolerance = 1, sa_iterations = 1000, initial_temperature = 3.0, cooling_rate = 0.999
26 - INFO - chord#: 120 done. best_score=27.0, changed=528, unchanged=576, early_stops=8/8
26 - INFO - chord#: 122 In build_straw_man_chord_sa. tolerance = 1, sa_iterations = 1000, initial_temperature = 3.0, cooling_rate = 0.999
26 - INFO - chord#: 136 done. best_score=27.0, changed=522, unchanged=386, early_stops=8/8
26 - INFO - chord#: 138 In build_straw_man_chord_sa. tolerance = 1, sa_iterations = 1000, initial_temperature = 3.0, cooling_rate = 0.999
26 - INFO - chord#: 104 done. best_score=27.0, changed=529, unchanged=499, early_stops=8/8
26 - INFO - chord#: 106 In build_straw_man_chord_sa. tolerance = 1, sa_iterations = 1000, initial_temperature = 3.0, cooling_rate = 0.999
26 - INFO - chord#: 108 done. best_score=27.0, changed=520, unchanged=406, early_stops=8/8
26 - INFO - chord#: 110 In build_straw_man_chord_sa. tolerance = 1, sa_iterations = 1000, initial_temperature = 3.0, cooling_rate = 0.999
26 - INFO - chord#: 138 done. best_score=36.0, changed=518, unchanged=440, early_stops=8/8
26 - INFO - chord#: 140 In build_straw_man_chord_sa. tolerance = 1, sa_iterations = 1000, initial_temperature = 3.0, cooling_rate = 0.999
26 - INFO - chord#: 112 done. best_score=27.0, changed=525, unchanged=478, early_stops=8/8
26 - INFO - chord#: 116 In build_straw_man_chord_sa. tolerance = 1, sa_iterations = 1000, initial_temperature = 3.0, cooling_rate = 0.999
26 - INFO - chord#: 128 done. best_score=36.0, changed=534, unchanged=400, early_stops=8/8
26 - INFO - chord#: 132 In build_straw_man_chord_sa. tolerance = 1, sa_iterations = 1000, initial_temperature = 3.0, cooling_rate = 0.999
26 - INFO - chord#: 122 done. best_score=67.0, changed=608, unchanged=238, early_stops=8/8
26 - INFO - chord#: 124 In build_straw_man_chord_sa. tolerance = 1, sa_iterations = 1000, initial_temperature = 3.0, cooling_rate = 0.999
26 - INFO - chord#: 112 done. best_score=27.0, changed=518, unchanged=405, early_stops=8/8
26 - INFO - chord#: 116 In build_straw_man_chord_sa. tolerance = 1, sa_iterations = 1000, initial_temperature = 3.0, cooling_rate = 0.999
26 - INFO - chord#: 108 done. best_score=27.0, changed=523, unchanged=392, early_stops=8/8
26 - INFO - chord#: 110 In build_straw_man_chord_sa. tolerance = 1, sa_iterations = 1000, initial_temperature = 3.0, cooling_rate = 0.999
26 - INFO - chord#: 134 done. best_score=97.0, changed=611, unchanged=373, early_stops=8/8
26 - INFO - chord#: 136 In build_straw_man_chord_sa. tolerance = 1, sa_iterations = 1000, initial_temperature = 3.0, cooling_rate = 0.999
26 - INFO - chord#: 138 done. best_score=36.0, changed=515, unchanged=331, early_stops=8/8
26 - INFO - chord#: 140 In build_straw_man_chord_sa. tolerance = 1, sa_iterations = 1000, initial_temperature = 3.0, cooling_rate = 0.999
26 - INFO - chord#: 106 done. best_score=27.0, changed=514, unchanged=308, early_stops=8/8
26 - INFO - chord#: 108 In build_straw_man_chord_sa. tolerance = 1, sa_iterations = 1000, initial_temperature = 3.0, cooling_rate = 0.999
26 - INFO - chord#: 140 done. best_score=27.0, changed=519, unchanged=471, early_stops=8/8
26 - INFO - chord#: 142 In build_straw_man_chord_sa. tolerance = 1, sa_iterations = 1000, initial_temperature = 3.0, cooling_rate = 0.999
26 - INFO - chord#: 132 done. best_score=27.0, changed=523, unchanged=459, early_stops=8/8
26 - INFO - chord#: 134 In build_straw_man_chord_sa. tolerance = 1, sa_iterations = 1000, initial_temperature = 3.0, cooling_rate = 0.999
26 - INFO - chord#: 124 done. best_score=27.0, changed=522, unchanged=339, early_stops=8/8
26 - INFO - chord#: 128 In build_straw_man_chord_sa. tolerance = 1, sa_iterations = 1000, initial_temperature = 3.0, cooling_rate = 0.999
26 - INFO - chord#: 136 done. best_score=27.0, changed=520, unchanged=504, early_stops=8/8
26 - INFO - chord#: 140 done. best_score=27.0, changed=522, unchanged=381, early_stops=8/8
26 - INFO - chord#: 138 In build_straw_man_chord_sa. tolerance = 1, sa_iterations = 1000, initial_temperature = 3.0, cooling_rate = 0.999
26 - INFO - chord#: 142 In build_straw_man_chord_sa. tolerance = 1, sa_iterations = 1000, initial_temperature = 3.0, cooling_rate = 0.999
26 - INFO - chord#: 134 done. best_score=82.0, changed=620, unchanged=368, early_stops=8/8
26 - INFO - chord#: 136 In build_straw_man_chord_sa. tolerance = 1, sa_iterations = 1000, initial_temperature = 3.0, cooling_rate = 0.999
26 - INFO - chord#: 108 done. best_score=27.0, changed=525, unchanged=461, early_stops=8/8
26 - INFO - chord#: 110 In build_straw_man_chord_sa. tolerance = 1, sa_iterations = 1000, initial_temperature = 3.0, cooling_rate = 0.999
26 - INFO - chord#: 110 done. best_score=137.0, changed=607, unchanged=215, early_stops=8/8
26 - INFO - chord#: 112 In build_straw_man_chord_sa. tolerance = 1, sa_iterations = 1000, initial_temperature = 3.0, cooling_rate = 0.999
26 - INFO - chord#: 128 done. best_score=36.0, changed=518, unchanged=370, early_stops=8/8
26 - INFO - chord#: 132 In build_straw_man_chord_sa. tolerance = 1, sa_iterations = 1000, initial_temperature = 3.0, cooling_rate = 0.999
26 - INFO - chord#: 116 done. best_score=78.0, changed=617, unchanged=405, early_stops=8/8
26 - INFO - chord#: 120 In build_straw_man_chord_sa. tolerance = 1, sa_iterations = 1000, initial_temperature = 3.0, cooling_rate = 0.999
26 - INFO - chord#: 122 done. best_score=67.0, changed=618, unchanged=605, early_stops=8/8
26 - INFO - chord#: 124 In build_straw_man_chord_sa. tolerance = 1, sa_iterations = 1000, initial_temperature = 3.0, cooling_rate = 0.999
26 - INFO - chord#: 138 done. best_score=36.0, changed=525, unchanged=404, early_stops=8/8
26 - INFO - chord#: 140 In build_straw_man_chord_sa. tolerance = 1, sa_iterations = 1000, initial_temperature = 3.0, cooling_rate = 0.999
26 - INFO - chord#: 136 done. best_score=27.0, changed=524, unchanged=386, early_stops=8/8
26 - INFO - chord#: 138 In build_straw_man_chord_sa. tolerance = 1, sa_iterations = 1000, initial_temperature = 3.0, cooling_rate = 0.999
26 - INFO - chord#: 116 done. best_score=96.0, changed=608, unchanged=263, early_stops=8/8
26 - INFO - chord#: 120 In build_straw_man_chord_sa. tolerance = 1, sa_iterations = 1000, initial_temperature = 3.0, cooling_rate = 0.999
26 - INFO - chord#: 110 done. best_score=125.0, changed=613, unchanged=310, early_stops=8/8
26 - INFO - chord#: 112 In build_straw_man_chord_sa. tolerance = 1, sa_iterations = 1000, initial_temperature = 3.0, cooling_rate = 0.999
26 - INFO - chord#: 134 done. best_score=82.0, changed=611, unchanged=348, early_stops=8/8
26 - INFO - chord#: 136 In build_straw_man_chord_sa. tolerance = 1, sa_iterations = 1000, initial_temperature = 3.0, cooling_rate = 0.999
26 - INFO - chord#: 142 done. best_score=64.0, changed=613, unchanged=417, early_stops=8/8
26 - INFO - chord#: 144 In build_straw_man_chord_sa. tolerance = 1, sa_iterations = 1000, initial_temperature = 3.0, cooling_rate = 0.999
26 - INFO - chord#: 124 done. best_score=27.0, changed=526, unchanged=396, early_stops=8/8
26 - INFO - chord#: 128 In build_straw_man_chord_sa. tolerance = 1, sa_iterations = 1000, initial_temperature = 3.0, cooling_rate = 0.999
26 - INFO - chord#: 142 done. best_score=64.0, changed=613, unchanged=310, early_stops=8/8
26 - INFO - chord#: 144 In build_straw_man_chord_sa. tolerance = 1, sa_iterations = 1000, initial_temperature = 3.0, cooling_rate = 0.999
26 - INFO - chord#: 112 done. best_score=27.0, changed=521, unchanged=468, early_stops=8/8
26 - INFO - chord#: 116 In build_straw_man_chord_sa. tolerance = 1, sa_iterations = 1000, initial_temperature = 3.0, cooling_rate = 0.999
26 - INFO - chord#: 120 done. best_score=27.0, changed=519, unchanged=378, early_stops=8/8
26 - INFO - chord#: 122 In build_straw_man_chord_sa. tolerance = 1, sa_iterations = 1000, initial_temperature = 3.0, cooling_rate = 0.999
26 - INFO - chord#: 140 done. best_score=27.0, changed=515, unchanged=363, early_stops=8/8
26 - INFO - chord#: 142 In build_straw_man_chord_sa. tolerance = 1, sa_iterations = 1000, initial_temperature = 3.0, cooling_rate = 0.999
26 - INFO - chord#: 132 done. best_score=27.0, changed=528, unchanged=583, early_stops=8/8
26 - INFO - chord#: 134 In build_straw_man_chord_sa. tolerance = 1, sa_iterations = 1000, initial_temperature = 3.0, cooling_rate = 0.999
26 - INFO - chord#: 136 done. best_score=27.0, changed=520, unchanged=381, early_stops=8/8
26 - INFO - chord#: 138 In build_straw_man_chord_sa. tolerance = 1, sa_iterations = 1000, initial_temperature = 3.0, cooling_rate = 0.999
26 - INFO - chord#: 120 done. best_score=27.0, changed=512, unchanged=359, early_stops=8/8
26 - INFO - chord#: 122 In build_straw_man_chord_sa. tolerance = 1, sa_iterations = 1000, initial_temperature = 3.0, cooling_rate = 0.999
26 - INFO - chord#: 138 done. best_score=36.0, changed=530, unchanged=396, early_stops=8/8
26 - INFO - chord#: 140 In build_straw_man_chord_sa. tolerance = 1, sa_iterations = 1000, initial_temperature = 3.0, cooling_rate = 0.999
26 - INFO - chord#: 144 done. best_score=27.0, changed=521, unchanged=343, early_stops=8/8
26 - INFO - chord#: 146 In build_straw_man_chord_sa. tolerance = 1, sa_iterations = 1000, initial_temperature = 3.0, cooling_rate = 0.999
26 - INFO - chord#: 112 done. best_score=27.0, changed=518, unchanged=369, early_stops=8/8
26 - INFO - chord#: 116 In build_straw_man_chord_sa. tolerance = 1, sa_iterations = 1000, initial_temperature = 3.0, cooling_rate = 0.999
26 - INFO - chord#: 128 done. best_score=36.0, changed=525, unchanged=385, early_stops=8/8
26 - INFO - chord#: 132 In build_straw_man_chord_sa. tolerance = 1, sa_iterations = 1000, initial_temperature = 3.0, cooling_rate = 0.999
26 - INFO - chord#: 144 done. best_score=27.0, changed=519, unchanged=409, early_stops=8/8
26 - INFO - chord#: 146 In build_straw_man_chord_sa. tolerance = 1, sa_iterations = 1000, initial_temperature = 3.0, cooling_rate = 0.999
26 - INFO - chord#: 110 done. best_score=137.0, changed=609, unchanged=378, early_stops=8/8
26 - INFO - chord#: 112 In build_straw_man_chord_sa. tolerance = 1, sa_iterations = 1000, initial_temperature = 3.0, cooling_rate = 0.999
26 - INFO - chord#: 146 done. best_score=27.0, changed=527, unchanged=415, early_stops=8/8
26 - INFO - chord#: 148 In build_straw_man_chord_sa. tolerance = 1, sa_iterations = 1000, initial_temperature = 3.0, cooling_rate = 0.999
26 - INFO - chord#: 138 done. best_score=36.0, changed=541, unchanged=441, early_stops=8/8
26 - INFO - chord#: 140 In build_straw_man_chord_sa. tolerance = 1, sa_iterations = 1000, initial_temperature = 3.0, cooling_rate = 0.999
26 - INFO - chord#: 146 done. best_score=27.0, changed=516, unchanged=343, early_stops=8/8
26 - INFO - chord#: 148 In build_straw_man_chord_sa. tolerance = 1, sa_iterations = 1000, initial_temperature = 3.0, cooling_rate = 0.999
26 - INFO - chord#: 140 done. best_score=27.0, changed=519, unchanged=376, early_stops=8/8
26 - INFO - chord#: 142 In build_straw_man_chord_sa. tolerance = 1, sa_iterations = 1000, initial_temperature = 3.0, cooling_rate = 0.999
26 - INFO - chord#: 132 done. best_score=27.0, changed=518, unchanged=393, early_stops=8/8
26 - INFO - chord#: 134 In build_straw_man_chord_sa. tolerance = 1, sa_iterations = 1000, initial_temperature = 3.0, cooling_rate = 0.999
26 - INFO - chord#: 142 done. best_score=104.0, changed=611, unchanged=326, early_stops=8/8
26 - INFO - chord#: 144 In build_straw_man_chord_sa. tolerance = 1, sa_iterations = 1000, initial_temperature = 3.0, cooling_rate = 0.999
26 - INFO - chord#: 122 done. best_score=67.0, changed=611, unchanged=264, early_stops=8/8
26 - INFO - chord#: 124 In build_straw_man_chord_sa. tolerance = 1, sa_iterations = 1000, initial_temperature = 3.0, cooling_rate = 0.999
26 - INFO - chord#: 116 done. best_score=67.0, changed=613, unchanged=332, early_stops=8/8
26 - INFO - chord#: 120 In build_straw_man_chord_sa. tolerance = 1, sa_iterations = 1000, initial_temperature = 3.0, cooling_rate = 0.999
26 - INFO - chord#: 140 done. best_score=27.0, changed=522, unchanged=378, early_stops=8/8
26 - INFO - chord#: 142 In build_straw_man_chord_sa. tolerance = 1, sa_iterations = 1000, initial_temperature = 3.0, cooling_rate = 0.999
26 - INFO - chord#: 112 done. best_score=27.0, changed=524, unchanged=392, early_stops=8/8
26 - INFO - chord#: 116 In build_straw_man_chord_sa. tolerance = 1, sa_iterations = 1000, initial_temperature = 3.0, cooling_rate = 0.999
26 - INFO - chord#: 134 done. best_score=82.0, changed=609, unchanged=232, early_stops=8/8
26 - INFO - chord#: 136 In build_straw_man_chord_sa. tolerance = 1, sa_iterations = 1000, initial_temperature = 3.0, cooling_rate = 0.999
26 - INFO - chord#: 144 done. best_score=27.0, changed=521, unchanged=406, early_stops=8/8
26 - INFO - chord#: 146 In build_straw_man_chord_sa. tolerance = 1, sa_iterations = 1000, initial_temperature = 3.0, cooling_rate = 0.999
26 - INFO - chord#: 124 done. best_score=27.0, changed=524, unchanged=484, early_stops=8/8
26 - INFO - chord#: 128 In build_straw_man_chord_sa. tolerance = 1, sa_iterations = 1000, initial_temperature = 3.0, cooling_rate = 0.999
26 - INFO - chord#: 122 done. best_score=137.0, changed=614, unchanged=373, early_stops=8/8
26 - INFO - chord#: 124 In build_straw_man_chord_sa. tolerance = 1, sa_iterations = 1000, initial_temperature = 3.0, cooling_rate = 0.999
26 - INFO - chord#: 116 done. best_score=67.0, changed=614, unchanged=318, early_stops=8/8
26 - INFO - chord#: 120 In build_straw_man_chord_sa. tolerance = 1, sa_iterations = 1000, initial_temperature = 3.0, cooling_rate = 0.999
26 - INFO - chord#: 148 done. best_score=145.0, changed=614, unchanged=290, early_stops=8/8
26 - INFO - chord#: 152 In build_straw_man_chord_sa. tolerance = 1, sa_iterations = 1000, initial_temperature = 3.0, cooling_rate = 0.999
26 - INFO - chord#: 148 done. best_score=67.0, changed=616, unchanged=315, early_stops=8/8
26 - INFO - chord#: 152 In build_straw_man_chord_sa. tolerance = 1, sa_iterations = 1000, initial_temperature = 3.0, cooling_rate = 0.999
26 - INFO - chord#: 120 done. best_score=27.0, changed=519, unchanged=458, early_stops=8/8
26 - INFO - chord#: 122 In build_straw_man_chord_sa. tolerance = 1, sa_iterations = 1000, initial_temperature = 3.0, cooling_rate = 0.999
26 - INFO - chord#: 146 done. best_score=27.0, changed=520, unchanged=428, early_stops=8/8
26 - INFO - chord#: 148 In build_straw_man_chord_sa. tolerance = 1, sa_iterations = 1000, initial_temperature = 3.0, cooling_rate = 0.999
26 - INFO - chord#: 136 done. best_score=27.0, changed=526, unchanged=436, early_stops=8/8
26 - INFO - chord#: 138 In build_straw_man_chord_sa. tolerance = 1, sa_iterations = 1000, initial_temperature = 3.0, cooling_rate = 0.999
26 - INFO - chord#: 128 done. best_score=36.0, changed=529, unchanged=381, early_stops=8/8
26 - INFO - chord#: 132 In build_straw_man_chord_sa. tolerance = 1, sa_iterations = 1000, initial_temperature = 3.0, cooling_rate = 0.999
26 - INFO - chord#: 134 done. best_score=119.0, changed=618, unchanged=408, early_stops=8/8
26 - INFO - chord#: 136 In build_straw_man_chord_sa. tolerance = 1, sa_iterations = 1000, initial_temperature = 3.0, cooling_rate = 0.999
26 - INFO - chord#: 142 done. best_score=64.0, changed=609, unchanged=294, early_stops=8/8
26 - INFO - chord#: 144 In build_straw_man_chord_sa. tolerance = 1, sa_iterations = 1000, initial_temperature = 3.0, cooling_rate = 0.999
26 - INFO - chord#: 142 done. best_score=125.0, changed=607, unchanged=296, early_stops=8/8
26 - INFO - chord#: 144 In build_straw_man_chord_sa. tolerance = 1, sa_iterations = 1000, initial_temperature = 3.0, cooling_rate = 0.999
26 - INFO - chord#: 124 done. best_score=27.0, changed=524, unchanged=382, early_stops=8/8
26 - INFO - chord#: 128 In build_straw_man_chord_sa. tolerance = 1, sa_iterations = 1000, initial_temperature = 3.0, cooling_rate = 0.999
26 - INFO - chord#: 152 done. best_score=36.0, changed=521, unchanged=432, early_stops=8/8
26 - INFO - chord#: 154 In build_straw_man_chord_sa. tolerance = 1, sa_iterations = 1000, initial_temperature = 3.0, cooling_rate = 0.999
26 - INFO - chord#: 152 done. best_score=27.0, changed=518, unchanged=364, early_stops=8/8
26 - INFO - chord#: 154 In build_straw_man_chord_sa. tolerance = 1, sa_iterations = 1000, initial_temperature = 3.0, cooling_rate = 0.999
26 - INFO - chord#: 136 done. best_score=27.0, changed=525, unchanged=451, early_stops=8/8
26 - INFO - chord#: 138 In build_straw_man_chord_sa. tolerance = 1, sa_iterations = 1000, initial_temperature = 3.0, cooling_rate = 0.999
26 - INFO - chord#: 116 done. best_score=78.0, changed=611, unchanged=211, early_stops=8/8
26 - INFO - chord#: 120 In build_straw_man_chord_sa. tolerance = 1, sa_iterations = 1000, initial_temperature = 3.0, cooling_rate = 0.999
26 - INFO - chord#: 132 done. best_score=27.0, changed=523, unchanged=440, early_stops=8/8
26 - INFO - chord#: 134 In build_straw_man_chord_sa. tolerance = 1, sa_iterations = 1000, initial_temperature = 3.0, cooling_rate = 0.999
26 - INFO - chord#: 120 done. best_score=27.0, changed=527, unchanged=532, early_stops=8/8
26 - INFO - chord#: 122 In build_straw_man_chord_sa. tolerance = 1, sa_iterations = 1000, initial_temperature = 3.0, cooling_rate = 0.999
26 - INFO - chord#: 144 done. best_score=27.0, changed=520, unchanged=311, early_stops=8/8
26 - INFO - chord#: 146 In build_straw_man_chord_sa. tolerance = 1, sa_iterations = 1000, initial_temperature = 3.0, cooling_rate = 0.999
26 - INFO - chord#: 138 done. best_score=36.0, changed=520, unchanged=386, early_stops=8/8
26 - INFO - chord#: 140 In build_straw_man_chord_sa. tolerance = 1, sa_iterations = 1000, initial_temperature = 3.0, cooling_rate = 0.999
26 - INFO - chord#: 144 done. best_score=27.0, changed=526, unchanged=384, early_stops=8/8
26 - INFO - chord#: 146 In build_straw_man_chord_sa. tolerance = 1, sa_iterations = 1000, initial_temperature = 3.0, cooling_rate = 0.999
26 - INFO - chord#: 128 done. best_score=36.0, changed=516, unchanged=356, early_stops=8/8
26 - INFO - chord#: 132 In build_straw_man_chord_sa. tolerance = 1, sa_iterations = 1000, initial_temperature = 3.0, cooling_rate = 0.999
26 - INFO - chord#: 138 done. best_score=36.0, changed=523, unchanged=415, early_stops=8/8
26 - INFO - chord#: 140 In build_straw_man_chord_sa. tolerance = 1, sa_iterations = 1000, initial_temperature = 3.0, cooling_rate = 0.999
26 - INFO - chord#: 148 done. best_score=157.0, changed=614, unchanged=311, early_stops=8/8
26 - INFO - chord#: 152 In build_straw_man_chord_sa. tolerance = 1, sa_iterations = 1000, initial_temperature = 3.0, cooling_rate = 0.999
26 - INFO - chord#: 146 done. best_score=27.0, changed=512, unchanged=302, early_stops=8/8
26 - INFO - chord#: 148 In build_straw_man_chord_sa. tolerance = 1, sa_iterations = 1000, initial_temperature = 3.0, cooling_rate = 0.999
26 - INFO - chord#: 120 done. best_score=27.0, changed=526, unchanged=427, early_stops=8/8
26 - INFO - chord#: 122 In build_straw_man_chord_sa. tolerance = 1, sa_iterations = 1000, initial_temperature = 3.0, cooling_rate = 0.999
26 - INFO - chord#: 122 done. best_score=137.0, changed=610, unchanged=268, early_stops=8/8
26 - INFO - chord#: 124 In build_straw_man_chord_sa. tolerance = 1, sa_iterations = 1000, initial_temperature = 3.0, cooling_rate = 0.999
26 - INFO - chord#: 146 done. best_score=27.0, changed=521, unchanged=406, early_stops=8/8
26 - INFO - chord#: 148 In build_straw_man_chord_sa. tolerance = 1, sa_iterations = 1000, initial_temperature = 3.0, cooling_rate = 0.999
26 - INFO - chord#: 140 done. best_score=27.0, changed=521, unchanged=355, early_stops=8/8
26 - INFO - chord#: 142 In build_straw_man_chord_sa. tolerance = 1, sa_iterations = 1000, initial_temperature = 3.0, cooling_rate = 0.999
26 - INFO - chord#: 154 done. best_score=67.0, changed=613, unchanged=265, early_stops=8/8
26 - INFO - chord#: 156 In build_straw_man_chord_sa. tolerance = 1, sa_iterations = 1000, initial_temperature = 3.0, cooling_rate = 0.999
26 - INFO - chord#: 132 done. best_score=27.0, changed=515, unchanged=340, early_stops=8/8
26 - INFO - chord#: 134 In build_straw_man_chord_sa. tolerance = 1, sa_iterations = 1000, initial_temperature = 3.0, cooling_rate = 0.999
26 - INFO - chord#: 154 done. best_score=160.0, changed=612, unchanged=349, early_stops=8/8
26 - INFO - chord#: 156 In build_straw_man_chord_sa. tolerance = 1, sa_iterations = 1000, initial_temperature = 3.0, cooling_rate = 0.999
26 - INFO - chord#: 140 done. best_score=27.0, changed=523, unchanged=488, early_stops=8/8
26 - INFO - chord#: 142 In build_straw_man_chord_sa. tolerance = 1, sa_iterations = 1000, initial_temperature = 3.0, cooling_rate = 0.999
26 - INFO - chord#: 134 done. best_score=136.0, changed=606, unchanged=235, early_stops=8/8
26 - INFO - chord#: 136 In build_straw_man_chord_sa. tolerance = 1, sa_iterations = 1000, initial_temperature = 3.0, cooling_rate = 0.999
26 - INFO - chord#: 152 done. best_score=27.0, changed=528, unchanged=506, early_stops=8/8
26 - INFO - chord#: 154 In build_straw_man_chord_sa. tolerance = 1, sa_iterations = 1000, initial_temperature = 3.0, cooling_rate = 0.999
26 - INFO - chord#: 124 done. best_score=27.0, changed=527, unchanged=378, early_stops=8/8
26 - INFO - chord#: 128 In build_straw_man_chord_sa. tolerance = 1, sa_iterations = 1000, initial_temperature = 3.0, cooling_rate = 0.999
26 - INFO - chord#: 156 done. best_score=57.0, changed=524, unchanged=354, early_stops=8/8
26 - INFO - chord#: 136 done. best_score=57.0, changed=532, unchanged=306, early_stops=8/8
26 - INFO - chord#: 138 In build_straw_man_chord_sa. tolerance = 1, sa_iterations = 1000, initial_temperature = 3.0, cooling_rate = 0.999
26 - INFO - chord#: 156 done. best_score=27.0, changed=526, unchanged=367, early_stops=8/8
26 - INFO - chord#: 148 done. best_score=67.0, changed=610, unchanged=266, early_stops=8/8
26 - INFO - chord#: 152 In build_straw_man_chord_sa. tolerance = 1, sa_iterations = 1000, initial_temperature = 3.0, cooling_rate = 0.999
26 - INFO - chord#: 122 done. best_score=67.0, changed=616, unchanged=472, early_stops=8/8
26 - INFO - chord#: 124 In build_straw_man_chord_sa. tolerance = 1, sa_iterations = 1000, initial_temperature = 3.0, cooling_rate = 0.999
26 - INFO - chord#: 138 done. best_score=36.0, changed=523, unchanged=334, early_stops=8/8
26 - INFO - chord#: 140 In build_straw_man_chord_sa. tolerance = 1, sa_iterations = 1000, initial_temperature = 3.0, cooling_rate = 0.999
26 - INFO - chord#: 148 done. best_score=67.0, changed=610, unchanged=275, early_stops=8/8
26 - INFO - chord#: 152 In build_straw_man_chord_sa. tolerance = 1, sa_iterations = 1000, initial_temperature = 3.0, cooling_rate = 0.999
26 - INFO - chord#: 128 done. best_score=36.0, changed=525, unchanged=390, early_stops=8/8
26 - INFO - chord#: 132 In build_straw_man_chord_sa. tolerance = 1, sa_iterations = 1000, initial_temperature = 3.0, cooling_rate = 0.999
26 - INFO - chord#: 142 done. best_score=64.0, changed=610, unchanged=255, early_stops=8/8
26 - INFO - chord#: 144 In build_straw_man_chord_sa. tolerance = 1, sa_iterations = 1000, initial_temperature = 3.0, cooling_rate = 0.999
26 - INFO - chord#: 122 done. best_score=67.0, changed=609, unchanged=292, early_stops=8/8
26 - INFO - chord#: 124 In build_straw_man_chord_sa. tolerance = 1, sa_iterations = 1000, initial_temperature = 3.0, cooling_rate = 0.999
26 - INFO - chord#: 142 done. best_score=140.0, changed=619, unchanged=332, early_stops=8/8
26 - INFO - chord#: 144 In build_straw_man_chord_sa. tolerance = 1, sa_iterations = 1000, initial_temperature = 3.0, cooling_rate = 0.999
26 - INFO - chord#: 134 done. best_score=120.0, changed=610, unchanged=281, early_stops=8/8
26 - INFO - chord#: 136 In build_straw_man_chord_sa. tolerance = 1, sa_iterations = 1000, initial_temperature = 3.0, cooling_rate = 0.999
26 - INFO - chord#: 152 done. best_score=27.0, changed=528, unchanged=432, early_stops=8/8
26 - INFO - chord#: 154 In build_straw_man_chord_sa. tolerance = 1, sa_iterations = 1000, initial_temperature = 3.0, cooling_rate = 0.999
26 - INFO - chord#: 124 done. best_score=27.0, changed=523, unchanged=405, early_stops=8/8
26 - INFO - chord#: 128 In build_straw_man_chord_sa. tolerance = 1, sa_iterations = 1000, initial_temperature = 3.0, cooling_rate = 0.999
26 - INFO - chord#: 144 done. best_score=27.0, changed=526, unchanged=359, early_stops=8/8
26 - INFO - chord#: 146 In build_straw_man_chord_sa. tolerance = 1, sa_iterations = 1000, initial_temperature = 3.0, cooling_rate = 0.999
26 - INFO - chord#: 132 done. best_score=27.0, changed=516, unchanged=326, early_stops=8/8
26 - INFO - chord#: 134 In build_straw_man_chord_sa. tolerance = 1, sa_iterations = 1000, initial_temperature = 3.0, cooling_rate = 0.999
26 - INFO - chord#: 154 done. best_score=137.0, changed=620, unchanged=383, early_stops=8/8
26 - INFO - chord#: 156 In build_straw_man_chord_sa. tolerance = 1, sa_iterations = 1000, initial_temperature = 3.0, cooling_rate = 0.999
26 - INFO - chord#: 140 done. best_score=27.0, changed=524, unchanged=481, early_stops=8/8
26 - INFO - chord#: 142 In build_straw_man_chord_sa. tolerance = 1, sa_iterations = 1000, initial_temperature = 3.0, cooling_rate = 0.999
26 - INFO - chord#: 152 done. best_score=27.0, changed=525, unchanged=462, early_stops=8/8
26 - INFO - chord#: 154 In build_straw_man_chord_sa. tolerance = 1, sa_iterations = 1000, initial_temperature = 3.0, cooling_rate = 0.999
26 - INFO - chord#: 124 done. best_score=27.0, changed=524, unchanged=379, early_stops=8/8
26 - INFO - chord#: 128 In build_straw_man_chord_sa. tolerance = 1, sa_iterations = 1000, initial_temperature = 3.0, cooling_rate = 0.999
26 - INFO - chord#: 144 done. best_score=27.0, changed=519, unchanged=427, early_stops=8/8
26 - INFO - chord#: 146 In build_straw_man_chord_sa. tolerance = 1, sa_iterations = 1000, initial_temperature = 3.0, cooling_rate = 0.999
26 - INFO - chord#: 136 done. best_score=27.0, changed=524, unchanged=431, early_stops=8/8
26 - INFO - chord#: 138 In build_straw_man_chord_sa. tolerance = 1, sa_iterations = 1000, initial_temperature = 3.0, cooling_rate = 0.999
26 - INFO - chord#: 156 done. best_score=27.0, changed=517, unchanged=339, early_stops=8/8
26 - INFO - chord#: 146 done. best_score=27.0, changed=525, unchanged=540, early_stops=8/8
26 - INFO - chord#: 148 In build_straw_man_chord_sa. tolerance = 1, sa_iterations = 1000, initial_temperature = 3.0, cooling_rate = 0.999
26 - INFO - chord#: 128 done. best_score=36.0, changed=518, unchanged=331, early_stops=8/8
26 - INFO - chord#: 132 In build_straw_man_chord_sa. tolerance = 1, sa_iterations = 1000, initial_temperature = 3.0, cooling_rate = 0.999
26 - INFO - chord#: 146 done. best_score=27.0, changed=520, unchanged=414, early_stops=8/8
26 - INFO - chord#: 148 In build_straw_man_chord_sa. tolerance = 1, sa_iterations = 1000, initial_temperature = 3.0, cooling_rate = 0.999
26 - INFO - chord#: 128 done. best_score=36.0, changed=535, unchanged=379, early_stops=8/8
26 - INFO - chord#: 132 In build_straw_man_chord_sa. tolerance = 1, sa_iterations = 1000, initial_temperature = 3.0, cooling_rate = 0.999
26 - INFO - chord#: 138 done. best_score=36.0, changed=514, unchanged=369, early_stops=8/8
26 - INFO - chord#: 140 In build_straw_man_chord_sa. tolerance = 1, sa_iterations = 1000, initial_temperature = 3.0, cooling_rate = 0.999
26 - INFO - chord#: 142 done. best_score=64.0, changed=610, unchanged=352, early_stops=8/8
26 - INFO - chord#: 144 In build_straw_man_chord_sa. tolerance = 1, sa_iterations = 1000, initial_temperature = 3.0, cooling_rate = 0.999
26 - INFO - chord#: 154 done. best_score=67.0, changed=610, unchanged=286, early_stops=8/8
26 - INFO - chord#: 156 In build_straw_man_chord_sa. tolerance = 1, sa_iterations = 1000, initial_temperature = 3.0, cooling_rate = 0.999
26 - INFO - chord#: 154 done. best_score=96.0, changed=612, unchanged=291, early_stops=8/8
26 - INFO - chord#: 156 In build_straw_man_chord_sa. tolerance = 1, sa_iterations = 1000, initial_temperature = 3.0, cooling_rate = 0.999
26 - INFO - chord#: 140 done. best_score=27.0, changed=518, unchanged=388, early_stops=8/8
26 - INFO - chord#: 142 In build_straw_man_chord_sa. tolerance = 1, sa_iterations = 1000, initial_temperature = 3.0, cooling_rate = 0.999
26 - INFO - chord#: 132 done. best_score=27.0, changed=527, unchanged=499, early_stops=8/8
26 - INFO - chord#: 134 In build_straw_man_chord_sa. tolerance = 1, sa_iterations = 1000, initial_temperature = 3.0, cooling_rate = 0.999
26 - INFO - chord#: 132 done. best_score=27.0, changed=526, unchanged=514, early_stops=8/8
26 - INFO - chord#: 134 In build_straw_man_chord_sa. tolerance = 1, sa_iterations = 1000, initial_temperature = 3.0, cooling_rate = 0.999
26 - INFO - chord#: 134 done. best_score=97.0, changed=612, unchanged=291, early_stops=8/8
26 - INFO - chord#: 136 In build_straw_man_chord_sa. tolerance = 1, sa_iterations = 1000, initial_temperature = 3.0, cooling_rate = 0.999
26 - INFO - chord#: 144 done. best_score=27.0, changed=520, unchanged=340, early_stops=8/8
26 - INFO - chord#: 146 In build_straw_man_chord_sa. tolerance = 1, sa_iterations = 1000, initial_temperature = 3.0, cooling_rate = 0.999
26 - INFO - chord#: 156 done. best_score=27.0, changed=518, unchanged=325, early_stops=8/8
26 - INFO - chord#: 148 done. best_score=131.0, changed=611, unchanged=239, early_stops=8/8
26 - INFO - chord#: 152 In build_straw_man_chord_sa. tolerance = 1, sa_iterations = 1000, initial_temperature = 3.0, cooling_rate = 0.999
26 - INFO - chord#: 148 done. best_score=78.0, changed=619, unchanged=439, early_stops=8/8
26 - INFO - chord#: 156 done. best_score=27.0, changed=528, unchanged=504, early_stops=8/8
26 - INFO - chord#: 152 In build_straw_man_chord_sa. tolerance = 1, sa_iterations = 1000, initial_temperature = 3.0, cooling_rate = 0.999
26 - INFO - chord#: 136 done. best_score=27.0, changed=524, unchanged=467, early_stops=8/8
26 - INFO - chord#: 138 In build_straw_man_chord_sa. tolerance = 1, sa_iterations = 1000, initial_temperature = 3.0, cooling_rate = 0.999
26 - INFO - chord#: 146 done. best_score=27.0, changed=521, unchanged=412, early_stops=8/8
26 - INFO - chord#: 148 In build_straw_man_chord_sa. tolerance = 1, sa_iterations = 1000, initial_temperature = 3.0, cooling_rate = 0.999
26 - INFO - chord#: 152 done. best_score=27.0, changed=519, unchanged=329, early_stops=8/8
26 - INFO - chord#: 154 In build_straw_man_chord_sa. tolerance = 1, sa_iterations = 1000, initial_temperature = 3.0, cooling_rate = 0.999
26 - INFO - chord#: 152 done. best_score=27.0, changed=515, unchanged=394, early_stops=8/8
26 - INFO - chord#: 154 In build_straw_man_chord_sa. tolerance = 1, sa_iterations = 1000, initial_temperature = 3.0, cooling_rate = 0.999
26 - INFO - chord#: 134 done. best_score=82.0, changed=612, unchanged=429, early_stops=8/8
26 - INFO - chord#: 136 In build_straw_man_chord_sa. tolerance = 1, sa_iterations = 1000, initial_temperature = 3.0, cooling_rate = 0.999
26 - INFO - chord#: 134 done. best_score=82.0, changed=609, unchanged=375, early_stops=8/8
26 - INFO - chord#: 136 In build_straw_man_chord_sa. tolerance = 1, sa_iterations = 1000, initial_temperature = 3.0, cooling_rate = 0.999
26 - INFO - chord#: 142 done. best_score=157.0, changed=615, unchanged=450, early_stops=8/8
26 - INFO - chord#: 144 In build_straw_man_chord_sa. tolerance = 1, sa_iterations = 1000, initial_temperature = 3.0, cooling_rate = 0.999
26 - INFO - chord#: 138 done. best_score=36.0, changed=535, unchanged=416, early_stops=8/8
26 - INFO - chord#: 140 In build_straw_man_chord_sa. tolerance = 1, sa_iterations = 1000, initial_temperature = 3.0, cooling_rate = 0.999
26 - INFO - chord#: 144 done. best_score=57.0, changed=529, unchanged=367, early_stops=8/8
26 - INFO - chord#: 146 In build_straw_man_chord_sa. tolerance = 1, sa_iterations = 1000, initial_temperature = 3.0, cooling_rate = 0.999
26 - INFO - chord#: 136 done. best_score=27.0, changed=522, unchanged=397, early_stops=8/8
26 - INFO - chord#: 138 In build_straw_man_chord_sa. tolerance = 1, sa_iterations = 1000, initial_temperature = 3.0, cooling_rate = 0.999
26 - INFO - chord#: 136 done. best_score=27.0, changed=518, unchanged=344, early_stops=8/8
26 - INFO - chord#: 138 In build_straw_man_chord_sa. tolerance = 1, sa_iterations = 1000, initial_temperature = 3.0, cooling_rate = 0.999
26 - INFO - chord#: 148 done. best_score=119.0, changed=616, unchanged=251, early_stops=8/8
26 - INFO - chord#: 152 In build_straw_man_chord_sa. tolerance = 1, sa_iterations = 1000, initial_temperature = 3.0, cooling_rate = 0.999
26 - INFO - chord#: 146 done. best_score=27.0, changed=523, unchanged=303, early_stops=8/8
26 - INFO - chord#: 148 In build_straw_man_chord_sa. tolerance = 1, sa_iterations = 1000, initial_temperature = 3.0, cooling_rate = 0.999
26 - INFO - chord#: 154 done. best_score=67.0, changed=614, unchanged=356, early_stops=8/8
26 - INFO - chord#: 156 In build_straw_man_chord_sa. tolerance = 1, sa_iterations = 1000, initial_temperature = 3.0, cooling_rate = 0.999
26 - INFO - chord#: 140 done. best_score=27.0, changed=522, unchanged=473, early_stops=8/8
26 - INFO - chord#: 142 In build_straw_man_chord_sa. tolerance = 1, sa_iterations = 1000, initial_temperature = 3.0, cooling_rate = 0.999
26 - INFO - chord#: 138 done. best_score=36.0, changed=531, unchanged=370, early_stops=8/8
26 - INFO - chord#: 140 In build_straw_man_chord_sa. tolerance = 1, sa_iterations = 1000, initial_temperature = 3.0, cooling_rate = 0.999
26 - INFO - chord#: 138 done. best_score=36.0, changed=527, unchanged=435, early_stops=8/8
26 - INFO - chord#: 140 In build_straw_man_chord_sa. tolerance = 1, sa_iterations = 1000, initial_temperature = 3.0, cooling_rate = 0.999
26 - INFO - chord#: 154 done. best_score=96.0, changed=612, unchanged=319, early_stops=8/8
26 - INFO - chord#: 156 In build_straw_man_chord_sa. tolerance = 1, sa_iterations = 1000, initial_temperature = 3.0, cooling_rate = 0.999
26 - INFO - chord#: 152 done. best_score=27.0, changed=521, unchanged=467, early_stops=8/8
26 - INFO - chord#: 154 In build_straw_man_chord_sa. tolerance = 1, sa_iterations = 1000, initial_temperature = 3.0, cooling_rate = 0.999
26 - INFO - chord#: 156 done. best_score=27.0, changed=521, unchanged=371, early_stops=8/8
26 - INFO - chord#: 140 done. best_score=27.0, changed=527, unchanged=429, early_stops=8/8
26 - INFO - chord#: 142 In build_straw_man_chord_sa. tolerance = 1, sa_iterations = 1000, initial_temperature = 3.0, cooling_rate = 0.999
26 - INFO - chord#: 156 done. best_score=27.0, changed=522, unchanged=361, early_stops=8/8
26 - INFO - chord#: 140 done. best_score=27.0, changed=521, unchanged=460, early_stops=8/8
26 - INFO - chord#: 142 In build_straw_man_chord_sa. tolerance = 1, sa_iterations = 1000, initial_temperature = 3.0, cooling_rate = 0.999
26 - INFO - chord#: 148 done. best_score=131.0, changed=608, unchanged=285, early_stops=8/8
26 - INFO - chord#: 152 In build_straw_man_chord_sa. tolerance = 1, sa_iterations = 1000, initial_temperature = 3.0, cooling_rate = 0.999
26 - INFO - chord#: 142 done. best_score=146.0, changed=610, unchanged=267, early_stops=8/8
26 - INFO - chord#: 144 In build_straw_man_chord_sa. tolerance = 1, sa_iterations = 1000, initial_temperature = 3.0, cooling_rate = 0.999
26 - INFO - chord#: 144 done. best_score=27.0, changed=516, unchanged=352, early_stops=8/8
26 - INFO - chord#: 146 In build_straw_man_chord_sa. tolerance = 1, sa_iterations = 1000, initial_temperature = 3.0, cooling_rate = 0.999
26 - INFO - chord#: 152 done. best_score=27.0, changed=526, unchanged=501, early_stops=8/8
26 - INFO - chord#: 154 In build_straw_man_chord_sa. tolerance = 1, sa_iterations = 1000, initial_temperature = 3.0, cooling_rate = 0.999
26 - INFO - chord#: 154 done. best_score=67.0, changed=609, unchanged=364, early_stops=8/8
26 - INFO - chord#: 156 In build_straw_man_chord_sa. tolerance = 1, sa_iterations = 1000, initial_temperature = 3.0, cooling_rate = 0.999
26 - INFO - chord#: 142 done. best_score=64.0, changed=616, unchanged=434, early_stops=8/8
26 - INFO - chord#: 144 In build_straw_man_chord_sa. tolerance = 1, sa_iterations = 1000, initial_temperature = 3.0, cooling_rate = 0.999
26 - INFO - chord#: 142 done. best_score=64.0, changed=619, unchanged=382, early_stops=8/8
26 - INFO - chord#: 144 In build_straw_man_chord_sa. tolerance = 1, sa_iterations = 1000, initial_temperature = 3.0, cooling_rate = 0.999
26 - INFO - chord#: 146 done. best_score=27.0, changed=521, unchanged=409, early_stops=8/8
26 - INFO - chord#: 148 In build_straw_man_chord_sa. tolerance = 1, sa_iterations = 1000, initial_temperature = 3.0, cooling_rate = 0.999
26 - INFO - chord#: 156 done. best_score=27.0, changed=520, unchanged=387, early_stops=8/8
26 - INFO - chord#: 144 done. best_score=27.0, changed=519, unchanged=342, early_stops=8/8
26 - INFO - chord#: 146 In build_straw_man_chord_sa. tolerance = 1, sa_iterations = 1000, initial_temperature = 3.0, cooling_rate = 0.999
26 - INFO - chord#: 144 done. best_score=27.0, changed=528, unchanged=358, early_stops=8/8
26 - INFO - chord#: 146 In build_straw_man_chord_sa. tolerance = 1, sa_iterations = 1000, initial_temperature = 3.0, cooling_rate = 0.999
26 - INFO - chord#: 146 done. best_score=27.0, changed=522, unchanged=347, early_stops=8/8
26 - INFO - chord#: 148 In build_straw_man_chord_sa. tolerance = 1, sa_iterations = 1000, initial_temperature = 3.0, cooling_rate = 0.999
26 - INFO - chord#: 146 done. best_score=27.0, changed=521, unchanged=376, early_stops=8/8
26 - INFO - chord#: 148 In build_straw_man_chord_sa. tolerance = 1, sa_iterations = 1000, initial_temperature = 3.0, cooling_rate = 0.999
26 - INFO - chord#: 154 done. best_score=67.0, changed=612, unchanged=488, early_stops=8/8
26 - INFO - chord#: 156 In build_straw_man_chord_sa. tolerance = 1, sa_iterations = 1000, initial_temperature = 3.0, cooling_rate = 0.999
26 - INFO - chord#: 148 done. best_score=78.0, changed=609, unchanged=243, early_stops=8/8
26 - INFO - chord#: 152 In build_straw_man_chord_sa. tolerance = 1, sa_iterations = 1000, initial_temperature = 3.0, cooling_rate = 0.999
26 - INFO - chord#: 156 done. best_score=27.0, changed=517, unchanged=323, early_stops=8/8
26 - INFO - chord#: 152 done. best_score=27.0, changed=520, unchanged=475, early_stops=8/8
26 - INFO - chord#: 154 In build_straw_man_chord_sa. tolerance = 1, sa_iterations = 1000, initial_temperature = 3.0, cooling_rate = 0.999
26 - INFO - chord#: 148 done. best_score=137.0, changed=611, unchanged=232, early_stops=8/8
26 - INFO - chord#: 152 In build_straw_man_chord_sa. tolerance = 1, sa_iterations = 1000, initial_temperature = 3.0, cooling_rate = 0.999
26 - INFO - chord#: 148 done. best_score=137.0, changed=613, unchanged=307, early_stops=8/8
26 - INFO - chord#: 152 In build_straw_man_chord_sa. tolerance = 1, sa_iterations = 1000, initial_temperature = 3.0, cooling_rate = 0.999
26 - INFO - chord#: 152 done. best_score=27.0, changed=526, unchanged=604, early_stops=8/8
26 - INFO - chord#: 154 In build_straw_man_chord_sa. tolerance = 1, sa_iterations = 1000, initial_temperature = 3.0, cooling_rate = 0.999
26 - INFO - chord#: 152 done. best_score=27.0, changed=518, unchanged=343, early_stops=8/8
26 - INFO - chord#: 154 In build_straw_man_chord_sa. tolerance = 1, sa_iterations = 1000, initial_temperature = 3.0, cooling_rate = 0.999
26 - INFO - chord#: 154 done. best_score=67.0, changed=613, unchanged=425, early_stops=8/8
26 - INFO - chord#: 156 In build_straw_man_chord_sa. tolerance = 1, sa_iterations = 1000, initial_temperature = 3.0, cooling_rate = 0.999
26 - INFO - chord#: 154 done. best_score=67.0, changed=609, unchanged=245, early_stops=8/8
26 - INFO - chord#: 156 In build_straw_man_chord_sa. tolerance = 1, sa_iterations = 1000, initial_temperature = 3.0, cooling_rate = 0.999
26 - INFO - chord#: 156 done. best_score=27.0, changed=530, unchanged=447, early_stops=8/8
26 - INFO - chord#: 154 done. best_score=67.0, changed=613, unchanged=328, early_stops=8/8
26 - INFO - chord#: 156 In build_straw_man_chord_sa. tolerance = 1, sa_iterations = 1000, initial_temperature = 3.0, cooling_rate = 0.999
26 - INFO - chord#: 156 done. best_score=27.0, changed=516, unchanged=386, early_stops=8/8
26 - INFO - chord#: 156 done. best_score=27.0, changed=525, unchanged=332, early_stops=8/8
26 - INFO - chord#: 0 In build_straw_man_chord_sa. tolerance = 1, sa_iterations = 1000, initial_temperature = 3.0, cooling_rate = 0.999
26 - INFO - chord#: 0 In build_straw_man_chord_sa. tolerance = 1, sa_iterations = 1000, initial_temperature = 3.0, cooling_rate = 0.999
26 - INFO - chord#: 0 In build_straw_man_chord_sa. tolerance = 1, sa_iterations = 1000, initial_temperature = 3.0, cooling_rate = 0.999
26 - INFO - chord#: 0 In build_straw_man_chord_sa. tolerance = 1, sa_iterations = 1000, initial_temperature = 3.0, cooling_rate = 0.999
26 - INFO - chord#: 0 In build_straw_man_chord_sa. tolerance = 1, sa_iterations = 1000, initial_temperature = 3.0, cooling_rate = 0.999
26 - INFO - chord#: 0 In build_straw_man_chord_sa. tolerance = 1, sa_iterations = 1000, initial_temperature = 3.0, cooling_rate = 0.999
26 - INFO - chord#: 0 In build_straw_man_chord_sa. tolerance = 1, sa_iterations = 1000, initial_temperature = 3.0, cooling_rate = 0.999
26 - INFO - chord#: 0 In build_straw_man_chord_sa. tolerance = 1, sa_iterations = 1000, initial_temperature = 3.0, cooling_rate = 0.999
26 - INFO - chord#: 0 In build_straw_man_chord_sa. tolerance = 1, sa_iterations = 1000, initial_temperature = 3.0, cooling_rate = 0.999
26 - INFO - chord#: 0 In build_straw_man_chord_sa. tolerance = 1, sa_iterations = 1000, initial_temperature = 3.0, cooling_rate = 0.999
26 - INFO - chord#: 0 In build_straw_man_chord_sa. tolerance = 1, sa_iterations = 1000, initial_temperature = 3.0, cooling_rate = 0.999
26 - INFO - chord#: 0 In build_straw_man_chord_sa. tolerance = 1, sa_iterations = 1000, initial_temperature = 3.0, cooling_rate = 0.999
26 - INFO - chord#: 0 done. best_score=27.0, changed=526, unchanged=361, early_stops=8/8
26 - INFO - chord#: 2 In build_straw_man_chord_sa. tolerance = 1, sa_iterations = 1000, initial_temperature = 3.0, cooling_rate = 0.999
26 - INFO - chord#: 0 done. best_score=27.0, changed=520, unchanged=473, early_stops=8/8
26 - INFO - chord#: 2 In build_straw_man_chord_sa. tolerance = 1, sa_iterations = 1000, initial_temperature = 3.0, cooling_rate = 0.999
26 - INFO - chord#: 0 done. best_score=27.0, changed=526, unchanged=402, early_stops=8/8
26 - INFO - chord#: 2 In build_straw_man_chord_sa. tolerance = 1, sa_iterations = 1000, initial_temperature = 3.0, cooling_rate = 0.999
26 - INFO - chord#: 0 done. best_score=27.0, changed=520, unchanged=461, early_stops=8/8
26 - INFO - chord#: 2 In build_straw_man_chord_sa. tolerance = 1, sa_iterations = 1000, initial_temperature = 3.0, cooling_rate = 0.999
26 - INFO - chord#: 0 done. best_score=27.0, changed=516, unchanged=351, early_stops=8/8
26 - INFO - chord#: 2 In build_straw_man_chord_sa. tolerance = 1, sa_iterations = 1000, initial_temperature = 3.0, cooling_rate = 0.999
26 - INFO - chord#: 0 done. best_score=27.0, changed=524, unchanged=481, early_stops=8/8
26 - INFO - chord#: 2 In build_straw_man_chord_sa. tolerance = 1, sa_iterations = 1000, initial_temperature = 3.0, cooling_rate = 0.999
26 - INFO - chord#: 0 done. best_score=27.0, changed=524, unchanged=391, early_stops=8/8
26 - INFO - chord#: 2 In build_straw_man_chord_sa. tolerance = 1, sa_iterations = 1000, initial_temperature = 3.0, cooling_rate = 0.999
26 - INFO - chord#: 0 done. best_score=27.0, changed=525, unchanged=370, early_stops=8/8
26 - INFO - chord#: 2 In build_straw_man_chord_sa. tolerance = 1, sa_iterations = 1000, initial_temperature = 3.0, cooling_rate = 0.999
26 - INFO - chord#: 0 done. best_score=27.0, changed=528, unchanged=557, early_stops=8/8
26 - INFO - chord#: 2 In build_straw_man_chord_sa. tolerance = 1, sa_iterations = 1000, initial_temperature = 3.0, cooling_rate = 0.999
26 - INFO - chord#: 0 done. best_score=27.0, changed=525, unchanged=411, early_stops=8/8
26 - INFO - chord#: 2 In build_straw_man_chord_sa. tolerance = 1, sa_iterations = 1000, initial_temperature = 3.0, cooling_rate = 0.999
26 - INFO - chord#: 0 done. best_score=27.0, changed=523, unchanged=698, early_stops=8/8
26 - INFO - chord#: 2 In build_straw_man_chord_sa. tolerance = 1, sa_iterations = 1000, initial_temperature = 3.0, cooling_rate = 0.999
26 - INFO - chord#: 0 done. best_score=27.0, changed=531, unchanged=456, early_stops=8/8
26 - INFO - chord#: 2 In build_straw_man_chord_sa. tolerance = 1, sa_iterations = 1000, initial_temperature = 3.0, cooling_rate = 0.999
26 - INFO - chord#: 2 done. best_score=27.0, changed=512, unchanged=355, early_stops=8/8
26 - INFO - chord#: 4 In build_straw_man_chord_sa. tolerance = 1, sa_iterations = 1000, initial_temperature = 3.0, cooling_rate = 0.999
26 - INFO - chord#: 2 done. best_score=27.0, changed=529, unchanged=508, early_stops=8/8
26 - INFO - chord#: 4 In build_straw_man_chord_sa. tolerance = 1, sa_iterations = 1000, initial_temperature = 3.0, cooling_rate = 0.999
26 - INFO - chord#: 2 done. best_score=27.0, changed=531, unchanged=448, early_stops=8/8
26 - INFO - chord#: 4 In build_straw_man_chord_sa. tolerance = 1, sa_iterations = 1000, initial_temperature = 3.0, cooling_rate = 0.999
26 - INFO - chord#: 2 done. best_score=27.0, changed=526, unchanged=534, early_stops=8/8
26 - INFO - chord#: 4 In build_straw_man_chord_sa. tolerance = 1, sa_iterations = 1000, initial_temperature = 3.0, cooling_rate = 0.999
26 - INFO - chord#: 2 done. best_score=27.0, changed=513, unchanged=313, early_stops=8/8
26 - INFO - chord#: 4 In build_straw_man_chord_sa. tolerance = 1, sa_iterations = 1000, initial_temperature = 3.0, cooling_rate = 0.999
26 - INFO - chord#: 2 done. best_score=27.0, changed=512, unchanged=314, early_stops=8/8
26 - INFO - chord#: 4 In build_straw_man_chord_sa. tolerance = 1, sa_iterations = 1000, initial_temperature = 3.0, cooling_rate = 0.999
26 - INFO - chord#: 2 done. best_score=27.0, changed=523, unchanged=417, early_stops=8/8
26 - INFO - chord#: 4 In build_straw_man_chord_sa. tolerance = 1, sa_iterations = 1000, initial_temperature = 3.0, cooling_rate = 0.999
26 - INFO - chord#: 2 done. best_score=27.0, changed=528, unchanged=356, early_stops=8/8
26 - INFO - chord#: 4 In build_straw_man_chord_sa. tolerance = 1, sa_iterations = 1000, initial_temperature = 3.0, cooling_rate = 0.999
26 - INFO - chord#: 2 done. best_score=27.0, changed=527, unchanged=497, early_stops=8/8
26 - INFO - chord#: 4 In build_straw_man_chord_sa. tolerance = 1, sa_iterations = 1000, initial_temperature = 3.0, cooling_rate = 0.999
26 - INFO - chord#: 2 done. best_score=27.0, changed=521, unchanged=358, early_stops=8/8
26 - INFO - chord#: 4 In build_straw_man_chord_sa. tolerance = 1, sa_iterations = 1000, initial_temperature = 3.0, cooling_rate = 0.999
26 - INFO - chord#: 2 done. best_score=27.0, changed=516, unchanged=333, early_stops=8/8
26 - INFO - chord#: 4 In build_straw_man_chord_sa. tolerance = 1, sa_iterations = 1000, initial_temperature = 3.0, cooling_rate = 0.999
26 - INFO - chord#: 2 done. best_score=27.0, changed=526, unchanged=448, early_stops=8/8
26 - INFO - chord#: 4 In build_straw_man_chord_sa. tolerance = 1, sa_iterations = 1000, initial_temperature = 3.0, cooling_rate = 0.999
26 - INFO - chord#: 4 done. best_score=27.0, changed=520, unchanged=339, early_stops=8/8
26 - INFO - chord#: 8 In build_straw_man_chord_sa. tolerance = 1, sa_iterations = 1000, initial_temperature = 3.0, cooling_rate = 0.999
26 - INFO - chord#: 4 done. best_score=27.0, changed=520, unchanged=449, early_stops=8/8
26 - INFO - chord#: 8 In build_straw_man_chord_sa. tolerance = 1, sa_iterations = 1000, initial_temperature = 3.0, cooling_rate = 0.999
26 - INFO - chord#: 4 done. best_score=27.0, changed=519, unchanged=531, early_stops=8/8
26 - INFO - chord#: 8 In build_straw_man_chord_sa. tolerance = 1, sa_iterations = 1000, initial_temperature = 3.0, cooling_rate = 0.999
26 - INFO - chord#: 4 done. best_score=27.0, changed=520, unchanged=501, early_stops=8/8
26 - INFO - chord#: 8 In build_straw_man_chord_sa. tolerance = 1, sa_iterations = 1000, initial_temperature = 3.0, cooling_rate = 0.999
26 - INFO - chord#: 4 done. best_score=27.0, changed=520, unchanged=407, early_stops=8/8
26 - INFO - chord#: 8 In build_straw_man_chord_sa. tolerance = 1, sa_iterations = 1000, initial_temperature = 3.0, cooling_rate = 0.999
26 - INFO - chord#: 4 done. best_score=27.0, changed=510, unchanged=423, early_stops=8/8
26 - INFO - chord#: 8 In build_straw_man_chord_sa. tolerance = 1, sa_iterations = 1000, initial_temperature = 3.0, cooling_rate = 0.999
26 - INFO - chord#: 4 done. best_score=27.0, changed=513, unchanged=348, early_stops=8/8
26 - INFO - chord#: 8 In build_straw_man_chord_sa. tolerance = 1, sa_iterations = 1000, initial_temperature = 3.0, cooling_rate = 0.999
26 - INFO - chord#: 4 done. best_score=27.0, changed=519, unchanged=335, early_stops=8/8
26 - INFO - chord#: 8 In build_straw_man_chord_sa. tolerance = 1, sa_iterations = 1000, initial_temperature = 3.0, cooling_rate = 0.999
26 - INFO - chord#: 4 done. best_score=27.0, changed=517, unchanged=357, early_stops=8/8
26 - INFO - chord#: 8 In build_straw_man_chord_sa. tolerance = 1, sa_iterations = 1000, initial_temperature = 3.0, cooling_rate = 0.999
26 - INFO - chord#: 4 done. best_score=27.0, changed=518, unchanged=484, early_stops=8/8
26 - INFO - chord#: 8 In build_straw_man_chord_sa. tolerance = 1, sa_iterations = 1000, initial_temperature = 3.0, cooling_rate = 0.999
26 - INFO - chord#: 4 done. best_score=27.0, changed=521, unchanged=404, early_stops=8/8
26 - INFO - chord#: 8 In build_straw_man_chord_sa. tolerance = 1, sa_iterations = 1000, initial_temperature = 3.0, cooling_rate = 0.999
26 - INFO - chord#: 8 done. best_score=27.0, changed=519, unchanged=376, early_stops=8/8
26 - INFO - chord#: 10 In build_straw_man_chord_sa. tolerance = 1, sa_iterations = 1000, initial_temperature = 3.0, cooling_rate = 0.999
26 - INFO - chord#: 4 done. best_score=27.0, changed=523, unchanged=485, early_stops=8/8
26 - INFO - chord#: 8 done. best_score=27.0, changed=513, unchanged=318, early_stops=8/8
26 - INFO - chord#: 8 In build_straw_man_chord_sa. tolerance = 1, sa_iterations = 1000, initial_temperature = 3.0, cooling_rate = 0.999
26 - INFO - chord#: 10 In build_straw_man_chord_sa. tolerance = 1, sa_iterations = 1000, initial_temperature = 3.0, cooling_rate = 0.999
26 - INFO - chord#: 8 done. best_score=27.0, changed=525, unchanged=322, early_stops=8/8
26 - INFO - chord#: 10 In build_straw_man_chord_sa. tolerance = 1, sa_iterations = 1000, initial_temperature = 3.0, cooling_rate = 0.999
26 - INFO - chord#: 8 done. best_score=27.0, changed=521, unchanged=387, early_stops=8/8
26 - INFO - chord#: 10 In build_straw_man_chord_sa. tolerance = 1, sa_iterations = 1000, initial_temperature = 3.0, cooling_rate = 0.999
26 - INFO - chord#: 8 done. best_score=27.0, changed=527, unchanged=435, early_stops=8/8
26 - INFO - chord#: 10 In build_straw_man_chord_sa. tolerance = 1, sa_iterations = 1000, initial_temperature = 3.0, cooling_rate = 0.999
26 - INFO - chord#: 8 done. best_score=27.0, changed=515, unchanged=321, early_stops=8/8
26 - INFO - chord#: 10 In build_straw_man_chord_sa. tolerance = 1, sa_iterations = 1000, initial_temperature = 3.0, cooling_rate = 0.999
26 - INFO - chord#: 8 done. best_score=27.0, changed=526, unchanged=352, early_stops=8/8
26 - INFO - chord#: 10 In build_straw_man_chord_sa. tolerance = 1, sa_iterations = 1000, initial_temperature = 3.0, cooling_rate = 0.999
26 - INFO - chord#: 10 done. best_score=48.0, changed=531, unchanged=331, early_stops=8/8
26 - INFO - chord#: 12 In build_straw_man_chord_sa. tolerance = 1, sa_iterations = 1000, initial_temperature = 3.0, cooling_rate = 0.999
26 - INFO - chord#: 8 done. best_score=27.0, changed=524, unchanged=459, early_stops=8/8
26 - INFO - chord#: 10 In build_straw_man_chord_sa. tolerance = 1, sa_iterations = 1000, initial_temperature = 3.0, cooling_rate = 0.999
26 - INFO - chord#: 8 done. best_score=27.0, changed=531, unchanged=439, early_stops=8/8
26 - INFO - chord#: 10 In build_straw_man_chord_sa. tolerance = 1, sa_iterations = 1000, initial_temperature = 3.0, cooling_rate = 0.999
26 - INFO - chord#: 10 done. best_score=48.0, changed=542, unchanged=325, early_stops=8/8
26 - INFO - chord#: 12 In build_straw_man_chord_sa. tolerance = 1, sa_iterations = 1000, initial_temperature = 3.0, cooling_rate = 0.999
26 - INFO - chord#: 8 done. best_score=27.0, changed=521, unchanged=357, early_stops=8/8
26 - INFO - chord#: 10 In build_straw_man_chord_sa. tolerance = 1, sa_iterations = 1000, initial_temperature = 3.0, cooling_rate = 0.999
26 - INFO - chord#: 8 done. best_score=27.0, changed=529, unchanged=418, early_stops=8/8
26 - INFO - chord#: 10 In build_straw_man_chord_sa. tolerance = 1, sa_iterations = 1000, initial_temperature = 3.0, cooling_rate = 0.999
26 - INFO - chord#: 10 done. best_score=48.0, changed=523, unchanged=324, early_stops=8/8
26 - INFO - chord#: 12 In build_straw_man_chord_sa. tolerance = 1, sa_iterations = 1000, initial_temperature = 3.0, cooling_rate = 0.999
26 - INFO - chord#: 10 done. best_score=48.0, changed=530, unchanged=510, early_stops=8/8
26 - INFO - chord#: 12 In build_straw_man_chord_sa. tolerance = 1, sa_iterations = 1000, initial_temperature = 3.0, cooling_rate = 0.999
26 - INFO - chord#: 10 done. best_score=48.0, changed=534, unchanged=393, early_stops=8/8
26 - INFO - chord#: 12 In build_straw_man_chord_sa. tolerance = 1, sa_iterations = 1000, initial_temperature = 3.0, cooling_rate = 0.999
26 - INFO - chord#: 8 done. best_score=27.0, changed=526, unchanged=497, early_stops=8/8
26 - INFO - chord#: 10 In build_straw_man_chord_sa. tolerance = 1, sa_iterations = 1000, initial_temperature = 3.0, cooling_rate = 0.999
26 - INFO - chord#: 10 done. best_score=48.0, changed=527, unchanged=324, early_stops=8/8
26 - INFO - chord#: 12 In build_straw_man_chord_sa. tolerance = 1, sa_iterations = 1000, initial_temperature = 3.0, cooling_rate = 0.999
26 - INFO - chord#: 10 done. best_score=48.0, changed=539, unchanged=352, early_stops=8/8
26 - INFO - chord#: 12 In build_straw_man_chord_sa. tolerance = 1, sa_iterations = 1000, initial_temperature = 3.0, cooling_rate = 0.999
26 - INFO - chord#: 12 done. best_score=27.0, changed=517, unchanged=494, early_stops=8/8
26 - INFO - chord#: 14 In build_straw_man_chord_sa. tolerance = 1, sa_iterations = 1000, initial_temperature = 3.0, cooling_rate = 0.999
26 - INFO - chord#: 10 done. best_score=48.0, changed=527, unchanged=360, early_stops=8/8
26 - INFO - chord#: 12 In build_straw_man_chord_sa. tolerance = 1, sa_iterations = 1000, initial_temperature = 3.0, cooling_rate = 0.999
26 - INFO - chord#: 12 done. best_score=27.0, changed=525, unchanged=512, early_stops=8/8
26 - INFO - chord#: 14 In build_straw_man_chord_sa. tolerance = 1, sa_iterations = 1000, initial_temperature = 3.0, cooling_rate = 0.999
26 - INFO - chord#: 12 done. best_score=27.0, changed=521, unchanged=462, early_stops=8/8
26 - INFO - chord#: 14 In build_straw_man_chord_sa. tolerance = 1, sa_iterations = 1000, initial_temperature = 3.0, cooling_rate = 0.999
26 - INFO - chord#: 10 done. best_score=48.0, changed=520, unchanged=308, early_stops=8/8
26 - INFO - chord#: 12 In build_straw_man_chord_sa. tolerance = 1, sa_iterations = 1000, initial_temperature = 3.0, cooling_rate = 0.999
26 - INFO - chord#: 10 done. best_score=48.0, changed=529, unchanged=331, early_stops=8/8
26 - INFO - chord#: 12 In build_straw_man_chord_sa. tolerance = 1, sa_iterations = 1000, initial_temperature = 3.0, cooling_rate = 0.999
26 - INFO - chord#: 10 done. best_score=48.0, changed=524, unchanged=307, early_stops=8/8
26 - INFO - chord#: 12 In build_straw_man_chord_sa. tolerance = 1, sa_iterations = 1000, initial_temperature = 3.0, cooling_rate = 0.999
26 - INFO - chord#: 12 done. best_score=27.0, changed=524, unchanged=503, early_stops=8/8
26 - INFO - chord#: 14 In build_straw_man_chord_sa. tolerance = 1, sa_iterations = 1000, initial_temperature = 3.0, cooling_rate = 0.999
26 - INFO - chord#: 12 done. best_score=27.0, changed=516, unchanged=359, early_stops=8/8
26 - INFO - chord#: 14 In build_straw_man_chord_sa. tolerance = 1, sa_iterations = 1000, initial_temperature = 3.0, cooling_rate = 0.999
26 - INFO - chord#: 12 done. best_score=27.0, changed=511, unchanged=434, early_stops=8/8
26 - INFO - chord#: 14 In build_straw_man_chord_sa. tolerance = 1, sa_iterations = 1000, initial_temperature = 3.0, cooling_rate = 0.999
26 - INFO - chord#: 14 done. best_score=31.0, changed=533, unchanged=322, early_stops=8/8
26 - INFO - chord#: 16 In build_straw_man_chord_sa. tolerance = 1, sa_iterations = 1000, initial_temperature = 3.0, cooling_rate = 0.999
26 - INFO - chord#: 10 done. best_score=48.0, changed=522, unchanged=318, early_stops=8/8
26 - INFO - chord#: 12 In build_straw_man_chord_sa. tolerance = 1, sa_iterations = 1000, initial_temperature = 3.0, cooling_rate = 0.999
26 - INFO - chord#: 12 done. best_score=27.0, changed=519, unchanged=328, early_stops=8/8
26 - INFO - chord#: 14 In build_straw_man_chord_sa. tolerance = 1, sa_iterations = 1000, initial_temperature = 3.0, cooling_rate = 0.999
26 - INFO - chord#: 14 done. best_score=31.0, changed=522, unchanged=292, early_stops=8/8
26 - INFO - chord#: 16 In build_straw_man_chord_sa. tolerance = 1, sa_iterations = 1000, initial_temperature = 3.0, cooling_rate = 0.999
26 - INFO - chord#: 14 done. best_score=31.0, changed=529, unchanged=336, early_stops=8/8
26 - INFO - chord#: 16 In build_straw_man_chord_sa. tolerance = 1, sa_iterations = 1000, initial_temperature = 3.0, cooling_rate = 0.999
26 - INFO - chord#: 14 done. best_score=31.0, changed=539, unchanged=360, early_stops=8/8
26 - INFO - chord#: 16 In build_straw_man_chord_sa. tolerance = 1, sa_iterations = 1000, initial_temperature = 3.0, cooling_rate = 0.999
26 - INFO - chord#: 14 done. best_score=31.0, changed=535, unchanged=318, early_stops=8/8
26 - INFO - chord#: 16 In build_straw_man_chord_sa. tolerance = 1, sa_iterations = 1000, initial_temperature = 3.0, cooling_rate = 0.999
26 - INFO - chord#: 14 done. best_score=31.0, changed=517, unchanged=331, early_stops=8/8
26 - INFO - chord#: 16 In build_straw_man_chord_sa. tolerance = 1, sa_iterations = 1000, initial_temperature = 3.0, cooling_rate = 0.999
26 - INFO - chord#: 12 done. best_score=27.0, changed=520, unchanged=345, early_stops=8/8
26 - INFO - chord#: 14 In build_straw_man_chord_sa. tolerance = 1, sa_iterations = 1000, initial_temperature = 3.0, cooling_rate = 0.999
26 - INFO - chord#: 12 done. best_score=27.0, changed=521, unchanged=346, early_stops=8/8
26 - INFO - chord#: 14 In build_straw_man_chord_sa. tolerance = 1, sa_iterations = 1000, initial_temperature = 3.0, cooling_rate = 0.999
26 - INFO - chord#: 16 done. best_score=27.0, changed=529, unchanged=321, early_stops=8/8
26 - INFO - chord#: 20 In build_straw_man_chord_sa. tolerance = 1, sa_iterations = 1000, initial_temperature = 3.0, cooling_rate = 0.999
26 - INFO - chord#: 12 done. best_score=27.0, changed=522, unchanged=422, early_stops=8/8
26 - INFO - chord#: 14 In build_straw_man_chord_sa. tolerance = 1, sa_iterations = 1000, initial_temperature = 3.0, cooling_rate = 0.999
26 - INFO - chord#: 12 done. best_score=27.0, changed=519, unchanged=447, early_stops=8/8
26 - INFO - chord#: 14 In build_straw_man_chord_sa. tolerance = 1, sa_iterations = 1000, initial_temperature = 3.0, cooling_rate = 0.999
26 - INFO - chord#: 14 done. best_score=31.0, changed=531, unchanged=340, early_stops=8/8
26 - INFO - chord#: 16 In build_straw_man_chord_sa. tolerance = 1, sa_iterations = 1000, initial_temperature = 3.0, cooling_rate = 0.999
26 - INFO - chord#: 16 done. best_score=27.0, changed=524, unchanged=339, early_stops=8/8
26 - INFO - chord#: 20 In build_straw_man_chord_sa. tolerance = 1, sa_iterations = 1000, initial_temperature = 3.0, cooling_rate = 0.999
26 - INFO - chord#: 12 done. best_score=27.0, changed=518, unchanged=436, early_stops=8/8
26 - INFO - chord#: 14 In build_straw_man_chord_sa. tolerance = 1, sa_iterations = 1000, initial_temperature = 3.0, cooling_rate = 0.999
26 - INFO - chord#: 16 done. best_score=27.0, changed=526, unchanged=346, early_stops=8/8
26 - INFO - chord#: 20 In build_straw_man_chord_sa. tolerance = 1, sa_iterations = 1000, initial_temperature = 3.0, cooling_rate = 0.999
26 - INFO - chord#: 16 done. best_score=27.0, changed=518, unchanged=320, early_stops=8/8
26 - INFO - chord#: 20 In build_straw_man_chord_sa. tolerance = 1, sa_iterations = 1000, initial_temperature = 3.0, cooling_rate = 0.999
26 - INFO - chord#: 16 done. best_score=27.0, changed=529, unchanged=442, early_stops=8/8
26 - INFO - chord#: 20 In build_straw_man_chord_sa. tolerance = 1, sa_iterations = 1000, initial_temperature = 3.0, cooling_rate = 0.999
26 - INFO - chord#: 14 done. best_score=31.0, changed=523, unchanged=311, early_stops=8/8
26 - INFO - chord#: 16 In build_straw_man_chord_sa. tolerance = 1, sa_iterations = 1000, initial_temperature = 3.0, cooling_rate = 0.999
26 - INFO - chord#: 16 done. best_score=27.0, changed=525, unchanged=394, early_stops=8/8
26 - INFO - chord#: 20 In build_straw_man_chord_sa. tolerance = 1, sa_iterations = 1000, initial_temperature = 3.0, cooling_rate = 0.999
26 - INFO - chord#: 14 done. best_score=31.0, changed=530, unchanged=327, early_stops=8/8
26 - INFO - chord#: 16 In build_straw_man_chord_sa. tolerance = 1, sa_iterations = 1000, initial_temperature = 3.0, cooling_rate = 0.999
26 - INFO - chord#: 14 done. best_score=31.0, changed=529, unchanged=380, early_stops=8/8
26 - INFO - chord#: 16 In build_straw_man_chord_sa. tolerance = 1, sa_iterations = 1000, initial_temperature = 3.0, cooling_rate = 0.999
26 - INFO - chord#: 14 done. best_score=31.0, changed=535, unchanged=311, early_stops=8/8
26 - INFO - chord#: 16 In build_straw_man_chord_sa. tolerance = 1, sa_iterations = 1000, initial_temperature = 3.0, cooling_rate = 0.999
26 - INFO - chord#: 14 done. best_score=31.0, changed=529, unchanged=350, early_stops=8/8
26 - INFO - chord#: 16 In build_straw_man_chord_sa. tolerance = 1, sa_iterations = 1000, initial_temperature = 3.0, cooling_rate = 0.999
26 - INFO - chord#: 16 done. best_score=27.0, changed=535, unchanged=489, early_stops=8/8
26 - INFO - chord#: 20 In build_straw_man_chord_sa. tolerance = 1, sa_iterations = 1000, initial_temperature = 3.0, cooling_rate = 0.999
26 - INFO - chord#: 16 done. best_score=27.0, changed=529, unchanged=394, early_stops=8/8
26 - INFO - chord#: 20 In build_straw_man_chord_sa. tolerance = 1, sa_iterations = 1000, initial_temperature = 3.0, cooling_rate = 0.999
26 - INFO - chord#: 16 done. best_score=27.0, changed=519, unchanged=313, early_stops=8/8
26 - INFO - chord#: 20 In build_straw_man_chord_sa. tolerance = 1, sa_iterations = 1000, initial_temperature = 3.0, cooling_rate = 0.999
26 - INFO - chord#: 16 done. best_score=27.0, changed=522, unchanged=327, early_stops=8/8
26 - INFO - chord#: 20 In build_straw_man_chord_sa. tolerance = 1, sa_iterations = 1000, initial_temperature = 3.0, cooling_rate = 0.999
26 - INFO - chord#: 16 done. best_score=27.0, changed=528, unchanged=325, early_stops=8/8
26 - INFO - chord#: 20 In build_straw_man_chord_sa. tolerance = 1, sa_iterations = 1000, initial_temperature = 3.0, cooling_rate = 0.999
26 - INFO - chord#: 20 done. best_score=78.0, changed=614, unchanged=312, early_stops=8/8
26 - INFO - chord#: 24 In build_straw_man_chord_sa. tolerance = 1, sa_iterations = 1000, initial_temperature = 3.0, cooling_rate = 0.999
26 - INFO - chord#: 16 done. best_score=27.0, changed=535, unchanged=370, early_stops=8/8
26 - INFO - chord#: 20 In build_straw_man_chord_sa. tolerance = 1, sa_iterations = 1000, initial_temperature = 3.0, cooling_rate = 0.999
26 - INFO - chord#: 20 done. best_score=78.0, changed=614, unchanged=283, early_stops=8/8
26 - INFO - chord#: 24 In build_straw_man_chord_sa. tolerance = 1, sa_iterations = 1000, initial_temperature = 3.0, cooling_rate = 0.999
26 - INFO - chord#: 20 done. best_score=67.0, changed=607, unchanged=257, early_stops=8/8
26 - INFO - chord#: 24 In build_straw_man_chord_sa. tolerance = 1, sa_iterations = 1000, initial_temperature = 3.0, cooling_rate = 0.999
26 - INFO - chord#: 20 done. best_score=101.0, changed=605, unchanged=235, early_stops=8/8
26 - INFO - chord#: 24 In build_straw_man_chord_sa. tolerance = 1, sa_iterations = 1000, initial_temperature = 3.0, cooling_rate = 0.999
26 - INFO - chord#: 20 done. best_score=96.0, changed=610, unchanged=389, early_stops=8/8
26 - INFO - chord#: 24 In build_straw_man_chord_sa. tolerance = 1, sa_iterations = 1000, initial_temperature = 3.0, cooling_rate = 0.999
26 - INFO - chord#: 24 done. best_score=27.0, changed=516, unchanged=486, early_stops=8/8
26 - INFO - chord#: 26 In build_straw_man_chord_sa. tolerance = 1, sa_iterations = 1000, initial_temperature = 3.0, cooling_rate = 0.999
26 - INFO - chord#: 24 done. best_score=27.0, changed=514, unchanged=412, early_stops=8/8
26 - INFO - chord#: 26 In build_straw_man_chord_sa. tolerance = 1, sa_iterations = 1000, initial_temperature = 3.0, cooling_rate = 0.999
26 - INFO - chord#: 20 done. best_score=78.0, changed=618, unchanged=375, early_stops=8/8
26 - INFO - chord#: 24 In build_straw_man_chord_sa. tolerance = 1, sa_iterations = 1000, initial_temperature = 3.0, cooling_rate = 0.999
26 - INFO - chord#: 24 done. best_score=27.0, changed=528, unchanged=505, early_stops=8/8
26 - INFO - chord#: 26 In build_straw_man_chord_sa. tolerance = 1, sa_iterations = 1000, initial_temperature = 3.0, cooling_rate = 0.999
26 - INFO - chord#: 20 done. best_score=101.0, changed=606, unchanged=285, early_stops=8/8
26 - INFO - chord#: 24 In build_straw_man_chord_sa. tolerance = 1, sa_iterations = 1000, initial_temperature = 3.0, cooling_rate = 0.999
26 - INFO - chord#: 24 done. best_score=27.0, changed=527, unchanged=481, early_stops=8/8
26 - INFO - chord#: 26 In build_straw_man_chord_sa. tolerance = 1, sa_iterations = 1000, initial_temperature = 3.0, cooling_rate = 0.999
26 - INFO - chord#: 24 done. best_score=27.0, changed=528, unchanged=459, early_stops=8/8
26 - INFO - chord#: 26 In build_straw_man_chord_sa. tolerance = 1, sa_iterations = 1000, initial_temperature = 3.0, cooling_rate = 0.999
26 - INFO - chord#: 20 done. best_score=78.0, changed=618, unchanged=359, early_stops=8/8
26 - INFO - chord#: 24 In build_straw_man_chord_sa. tolerance = 1, sa_iterations = 1000, initial_temperature = 3.0, cooling_rate = 0.999
26 - INFO - chord#: 24 done. best_score=27.0, changed=519, unchanged=391, early_stops=8/8
26 - INFO - chord#: 26 In build_straw_man_chord_sa. tolerance = 1, sa_iterations = 1000, initial_temperature = 3.0, cooling_rate = 0.999
26 - INFO - chord#: 24 done. best_score=27.0, changed=524, unchanged=485, early_stops=8/8
26 - INFO - chord#: 26 In build_straw_man_chord_sa. tolerance = 1, sa_iterations = 1000, initial_temperature = 3.0, cooling_rate = 0.999
26 - INFO - chord#: 20 done. best_score=78.0, changed=613, unchanged=325, early_stops=8/8
26 - INFO - chord#: 24 In build_straw_man_chord_sa. tolerance = 1, sa_iterations = 1000, initial_temperature = 3.0, cooling_rate = 0.999
26 - INFO - chord#: 20 done. best_score=125.0, changed=614, unchanged=433, early_stops=8/8
26 - INFO - chord#: 24 In build_straw_man_chord_sa. tolerance = 1, sa_iterations = 1000, initial_temperature = 3.0, cooling_rate = 0.999
26 - INFO - chord#: 20 done. best_score=119.0, changed=615, unchanged=273, early_stops=8/8
26 - INFO - chord#: 24 In build_straw_man_chord_sa. tolerance = 1, sa_iterations = 1000, initial_temperature = 3.0, cooling_rate = 0.999
26 - INFO - chord#: 20 done. best_score=78.0, changed=617, unchanged=536, early_stops=8/8
26 - INFO - chord#: 24 In build_straw_man_chord_sa. tolerance = 1, sa_iterations = 1000, initial_temperature = 3.0, cooling_rate = 0.999
26 - INFO - chord#: 26 done. best_score=96.0, changed=617, unchanged=362, early_stops=8/8
26 - INFO - chord#: 28 In build_straw_man_chord_sa. tolerance = 1, sa_iterations = 1000, initial_temperature = 3.0, cooling_rate = 0.999
26 - INFO - chord#: 26 done. best_score=67.0, changed=611, unchanged=259, early_stops=8/8
26 - INFO - chord#: 28 In build_straw_man_chord_sa. tolerance = 1, sa_iterations = 1000, initial_temperature = 3.0, cooling_rate = 0.999
26 - INFO - chord#: 26 done. best_score=137.0, changed=612, unchanged=351, early_stops=8/8
26 - INFO - chord#: 28 In build_straw_man_chord_sa. tolerance = 1, sa_iterations = 1000, initial_temperature = 3.0, cooling_rate = 0.999
26 - INFO - chord#: 24 done. best_score=27.0, changed=522, unchanged=544, early_stops=8/8
26 - INFO - chord#: 26 In build_straw_man_chord_sa. tolerance = 1, sa_iterations = 1000, initial_temperature = 3.0, cooling_rate = 0.999
26 - INFO - chord#: 24 done. best_score=27.0, changed=516, unchanged=426, early_stops=8/8
26 - INFO - chord#: 26 In build_straw_man_chord_sa. tolerance = 1, sa_iterations = 1000, initial_temperature = 3.0, cooling_rate = 0.999
26 - INFO - chord#: 24 done. best_score=27.0, changed=518, unchanged=400, early_stops=8/8
26 - INFO - chord#: 26 In build_straw_man_chord_sa. tolerance = 1, sa_iterations = 1000, initial_temperature = 3.0, cooling_rate = 0.999
26 - INFO - chord#: 26 done. best_score=67.0, changed=615, unchanged=338, early_stops=8/8
26 - INFO - chord#: 28 In build_straw_man_chord_sa. tolerance = 1, sa_iterations = 1000, initial_temperature = 3.0, cooling_rate = 0.999
26 - INFO - chord#: 28 done. best_score=27.0, changed=515, unchanged=430, early_stops=8/8
26 - INFO - chord#: 32 In build_straw_man_chord_sa. tolerance = 1, sa_iterations = 1000, initial_temperature = 3.0, cooling_rate = 0.999
26 - INFO - chord#: 28 done. best_score=27.0, changed=524, unchanged=516, early_stops=8/8
26 - INFO - chord#: 32 In build_straw_man_chord_sa. tolerance = 1, sa_iterations = 1000, initial_temperature = 3.0, cooling_rate = 0.999
26 - INFO - chord#: 24 done. best_score=27.0, changed=527, unchanged=475, early_stops=8/8
26 - INFO - chord#: 26 In build_straw_man_chord_sa. tolerance = 1, sa_iterations = 1000, initial_temperature = 3.0, cooling_rate = 0.999
26 - INFO - chord#: 24 done. best_score=27.0, changed=520, unchanged=464, early_stops=8/8
26 - INFO - chord#: 26 In build_straw_man_chord_sa. tolerance = 1, sa_iterations = 1000, initial_temperature = 3.0, cooling_rate = 0.999
26 - INFO - chord#: 26 done. best_score=67.0, changed=610, unchanged=269, early_stops=8/8
26 - INFO - chord#: 28 In build_straw_man_chord_sa. tolerance = 1, sa_iterations = 1000, initial_temperature = 3.0, cooling_rate = 0.999
26 - INFO - chord#: 28 done. best_score=27.0, changed=528, unchanged=496, early_stops=8/8
26 - INFO - chord#: 32 In build_straw_man_chord_sa. tolerance = 1, sa_iterations = 1000, initial_temperature = 3.0, cooling_rate = 0.999
26 - INFO - chord#: 26 done. best_score=67.0, changed=609, unchanged=359, early_stops=8/8
26 - INFO - chord#: 28 In build_straw_man_chord_sa. tolerance = 1, sa_iterations = 1000, initial_temperature = 3.0, cooling_rate = 0.999
26 - INFO - chord#: 28 done. best_score=27.0, changed=522, unchanged=409, early_stops=8/8
26 - INFO - chord#: 32 In build_straw_man_chord_sa. tolerance = 1, sa_iterations = 1000, initial_temperature = 3.0, cooling_rate = 0.999
26 - INFO - chord#: 26 done. best_score=167.0, changed=614, unchanged=276, early_stops=8/8
26 - INFO - chord#: 28 In build_straw_man_chord_sa. tolerance = 1, sa_iterations = 1000, initial_temperature = 3.0, cooling_rate = 0.999
26 - INFO - chord#: 32 done. best_score=36.0, changed=522, unchanged=371, early_stops=8/8
26 - INFO - chord#: 36 In build_straw_man_chord_sa. tolerance = 1, sa_iterations = 1000, initial_temperature = 3.0, cooling_rate = 0.999
26 - INFO - chord#: 32 done. best_score=36.0, changed=527, unchanged=399, early_stops=8/8
26 - INFO - chord#: 36 In build_straw_man_chord_sa. tolerance = 1, sa_iterations = 1000, initial_temperature = 3.0, cooling_rate = 0.999
26 - INFO - chord#: 32 done. best_score=36.0, changed=523, unchanged=368, early_stops=8/8
26 - INFO - chord#: 36 In build_straw_man_chord_sa. tolerance = 1, sa_iterations = 1000, initial_temperature = 3.0, cooling_rate = 0.999
26 - INFO - chord#: 28 done. best_score=27.0, changed=519, unchanged=376, early_stops=8/8
26 - INFO - chord#: 32 In build_straw_man_chord_sa. tolerance = 1, sa_iterations = 1000, initial_temperature = 3.0, cooling_rate = 0.999
26 - INFO - chord#: 28 done. best_score=27.0, changed=521, unchanged=378, early_stops=8/8
26 - INFO - chord#: 32 In build_straw_man_chord_sa. tolerance = 1, sa_iterations = 1000, initial_temperature = 3.0, cooling_rate = 0.999
26 - INFO - chord#: 32 done. best_score=36.0, changed=521, unchanged=420, early_stops=8/8
26 - INFO - chord#: 36 In build_straw_man_chord_sa. tolerance = 1, sa_iterations = 1000, initial_temperature = 3.0, cooling_rate = 0.999
26 - INFO - chord#: 36 done. best_score=27.0, changed=514, unchanged=389, early_stops=8/8
26 - INFO - chord#: 40 In build_straw_man_chord_sa. tolerance = 1, sa_iterations = 1000, initial_temperature = 3.0, cooling_rate = 0.999
26 - INFO - chord#: 36 done. best_score=27.0, changed=523, unchanged=389, early_stops=8/8
26 - INFO - chord#: 40 In build_straw_man_chord_sa. tolerance = 1, sa_iterations = 1000, initial_temperature = 3.0, cooling_rate = 0.999
26 - INFO - chord#: 26 done. best_score=67.0, changed=610, unchanged=224, early_stops=8/8
26 - INFO - chord#: 28 In build_straw_man_chord_sa. tolerance = 1, sa_iterations = 1000, initial_temperature = 3.0, cooling_rate = 0.999
26 - INFO - chord#: 28 done. best_score=27.0, changed=517, unchanged=363, early_stops=8/8
26 - INFO - chord#: 32 In build_straw_man_chord_sa. tolerance = 1, sa_iterations = 1000, initial_temperature = 3.0, cooling_rate = 0.999
26 - INFO - chord#: 26 done. best_score=145.0, changed=613, unchanged=285, early_stops=8/8
26 - INFO - chord#: 28 In build_straw_man_chord_sa. tolerance = 1, sa_iterations = 1000, initial_temperature = 3.0, cooling_rate = 0.999
26 - INFO - chord#: 26 done. best_score=67.0, changed=613, unchanged=294, early_stops=8/8
26 - INFO - chord#: 28 In build_straw_man_chord_sa. tolerance = 1, sa_iterations = 1000, initial_temperature = 3.0, cooling_rate = 0.999
26 - INFO - chord#: 36 done. best_score=27.0, changed=517, unchanged=379, early_stops=8/8
26 - INFO - chord#: 40 In build_straw_man_chord_sa. tolerance = 1, sa_iterations = 1000, initial_temperature = 3.0, cooling_rate = 0.999
26 - INFO - chord#: 32 done. best_score=36.0, changed=526, unchanged=435, early_stops=8/8
26 - INFO - chord#: 36 In build_straw_man_chord_sa. tolerance = 1, sa_iterations = 1000, initial_temperature = 3.0, cooling_rate = 0.999
26 - INFO - chord#: 32 done. best_score=36.0, changed=517, unchanged=394, early_stops=8/8
26 - INFO - chord#: 36 In build_straw_man_chord_sa. tolerance = 1, sa_iterations = 1000, initial_temperature = 3.0, cooling_rate = 0.999
26 - INFO - chord#: 36 done. best_score=27.0, changed=522, unchanged=337, early_stops=8/8
26 - INFO - chord#: 40 In build_straw_man_chord_sa. tolerance = 1, sa_iterations = 1000, initial_temperature = 3.0, cooling_rate = 0.999
26 - INFO - chord#: 40 done. best_score=27.0, changed=517, unchanged=366, early_stops=8/8
26 - INFO - chord#: 42 In build_straw_man_chord_sa. tolerance = 1, sa_iterations = 1000, initial_temperature = 3.0, cooling_rate = 0.999
26 - INFO - chord#: 26 done. best_score=96.0, changed=618, unchanged=375, early_stops=8/8
26 - INFO - chord#: 28 In build_straw_man_chord_sa. tolerance = 1, sa_iterations = 1000, initial_temperature = 3.0, cooling_rate = 0.999
26 - INFO - chord#: 40 done. best_score=27.0, changed=526, unchanged=532, early_stops=8/8
26 - INFO - chord#: 42 In build_straw_man_chord_sa. tolerance = 1, sa_iterations = 1000, initial_temperature = 3.0, cooling_rate = 0.999
26 - INFO - chord#: 28 done. best_score=27.0, changed=520, unchanged=332, early_stops=8/8
26 - INFO - chord#: 32 In build_straw_man_chord_sa. tolerance = 1, sa_iterations = 1000, initial_temperature = 3.0, cooling_rate = 0.999
26 - INFO - chord#: 28 done. best_score=27.0, changed=526, unchanged=442, early_stops=8/8
26 - INFO - chord#: 32 In build_straw_man_chord_sa. tolerance = 1, sa_iterations = 1000, initial_temperature = 3.0, cooling_rate = 0.999
26 - INFO - chord#: 40 done. best_score=27.0, changed=520, unchanged=533, early_stops=8/8
26 - INFO - chord#: 42 In build_straw_man_chord_sa. tolerance = 1, sa_iterations = 1000, initial_temperature = 3.0, cooling_rate = 0.999
26 - INFO - chord#: 32 done. best_score=36.0, changed=529, unchanged=485, early_stops=8/8
26 - INFO - chord#: 36 In build_straw_man_chord_sa. tolerance = 1, sa_iterations = 1000, initial_temperature = 3.0, cooling_rate = 0.999
26 - INFO - chord#: 36 done. best_score=27.0, changed=518, unchanged=442, early_stops=8/8
26 - INFO - chord#: 40 In build_straw_man_chord_sa. tolerance = 1, sa_iterations = 1000, initial_temperature = 3.0, cooling_rate = 0.999
26 - INFO - chord#: 28 done. best_score=27.0, changed=522, unchanged=489, early_stops=8/8
26 - INFO - chord#: 32 In build_straw_man_chord_sa. tolerance = 1, sa_iterations = 1000, initial_temperature = 3.0, cooling_rate = 0.999
26 - INFO - chord#: 40 done. best_score=27.0, changed=517, unchanged=365, early_stops=8/8
26 - INFO - chord#: 26 done. best_score=67.0, changed=621, unchanged=493, early_stops=8/8
26 - INFO - chord#: 28 In build_straw_man_chord_sa. tolerance = 1, sa_iterations = 1000, initial_temperature = 3.0, cooling_rate = 0.999
26 - INFO - chord#: 42 In build_straw_man_chord_sa. tolerance = 1, sa_iterations = 1000, initial_temperature = 3.0, cooling_rate = 0.999
26 - INFO - chord#: 42 done. best_score=36.0, changed=536, unchanged=308, early_stops=8/8
26 - INFO - chord#: 44 In build_straw_man_chord_sa. tolerance = 1, sa_iterations = 1000, initial_temperature = 3.0, cooling_rate = 0.999
26 - INFO - chord#: 42 done. best_score=36.0, changed=528, unchanged=307, early_stops=8/8
26 - INFO - chord#: 44 In build_straw_man_chord_sa. tolerance = 1, sa_iterations = 1000, initial_temperature = 3.0, cooling_rate = 0.999
26 - INFO - chord#: 36 done. best_score=27.0, changed=518, unchanged=452, early_stops=8/8
26 - INFO - chord#: 40 In build_straw_man_chord_sa. tolerance = 1, sa_iterations = 1000, initial_temperature = 3.0, cooling_rate = 0.999
26 - INFO - chord#: 32 done. best_score=36.0, changed=526, unchanged=362, early_stops=8/8
26 - INFO - chord#: 36 In build_straw_man_chord_sa. tolerance = 1, sa_iterations = 1000, initial_temperature = 3.0, cooling_rate = 0.999
26 - INFO - chord#: 28 done. best_score=27.0, changed=525, unchanged=462, early_stops=8/8
26 - INFO - chord#: 32 In build_straw_man_chord_sa. tolerance = 1, sa_iterations = 1000, initial_temperature = 3.0, cooling_rate = 0.999
26 - INFO - chord#: 42 done. best_score=36.0, changed=530, unchanged=337, early_stops=8/8
26 - INFO - chord#: 44 In build_straw_man_chord_sa. tolerance = 1, sa_iterations = 1000, initial_temperature = 3.0, cooling_rate = 0.999
26 - INFO - chord#: 32 done. best_score=36.0, changed=530, unchanged=371, early_stops=8/8
26 - INFO - chord#: 36 In build_straw_man_chord_sa. tolerance = 1, sa_iterations = 1000, initial_temperature = 3.0, cooling_rate = 0.999
26 - INFO - chord#: 40 done. best_score=27.0, changed=531, unchanged=379, early_stops=8/8
26 - INFO - chord#: 42 In build_straw_man_chord_sa. tolerance = 1, sa_iterations = 1000, initial_temperature = 3.0, cooling_rate = 0.999
26 - INFO - chord#: 42 done. best_score=36.0, changed=542, unchanged=316, early_stops=8/8
26 - INFO - chord#: 44 In build_straw_man_chord_sa. tolerance = 1, sa_iterations = 1000, initial_temperature = 3.0, cooling_rate = 0.999
26 - INFO - chord#: 32 done. best_score=36.0, changed=522, unchanged=319, early_stops=8/8
26 - INFO - chord#: 36 In build_straw_man_chord_sa. tolerance = 1, sa_iterations = 1000, initial_temperature = 3.0, cooling_rate = 0.999
26 - INFO - chord#: 36 done. best_score=27.0, changed=519, unchanged=369, early_stops=8/8
26 - INFO - chord#: 40 In build_straw_man_chord_sa. tolerance = 1, sa_iterations = 1000, initial_temperature = 3.0, cooling_rate = 0.999
26 - INFO - chord#: 44 done. best_score=27.0, changed=530, unchanged=442, early_stops=8/8
26 - INFO - chord#: 46 In build_straw_man_chord_sa. tolerance = 1, sa_iterations = 1000, initial_temperature = 3.0, cooling_rate = 0.999
26 - INFO - chord#: 44 done. best_score=27.0, changed=526, unchanged=490, early_stops=8/8
26 - INFO - chord#: 46 In build_straw_man_chord_sa. tolerance = 1, sa_iterations = 1000, initial_temperature = 3.0, cooling_rate = 0.999
26 - INFO - chord#: 28 done. best_score=27.0, changed=525, unchanged=483, early_stops=8/8
26 - INFO - chord#: 32 In build_straw_man_chord_sa. tolerance = 1, sa_iterations = 1000, initial_temperature = 3.0, cooling_rate = 0.999
26 - INFO - chord#: 36 done. best_score=27.0, changed=521, unchanged=431, early_stops=8/8
26 - INFO - chord#: 40 In build_straw_man_chord_sa. tolerance = 1, sa_iterations = 1000, initial_temperature = 3.0, cooling_rate = 0.999
26 - INFO - chord#: 40 done. best_score=27.0, changed=527, unchanged=462, early_stops=8/8
26 - INFO - chord#: 42 In build_straw_man_chord_sa. tolerance = 1, sa_iterations = 1000, initial_temperature = 3.0, cooling_rate = 0.999
26 - INFO - chord#: 42 done. best_score=36.0, changed=540, unchanged=399, early_stops=8/8
26 - INFO - chord#: 44 In build_straw_man_chord_sa. tolerance = 1, sa_iterations = 1000, initial_temperature = 3.0, cooling_rate = 0.999
26 - INFO - chord#: 44 done. best_score=36.0, changed=521, unchanged=499, early_stops=8/8
26 - INFO - chord#: 46 In build_straw_man_chord_sa. tolerance = 1, sa_iterations = 1000, initial_temperature = 3.0, cooling_rate = 0.999
26 - INFO - chord#: 32 done. best_score=36.0, changed=519, unchanged=345, early_stops=8/8
26 - INFO - chord#: 36 In build_straw_man_chord_sa. tolerance = 1, sa_iterations = 1000, initial_temperature = 3.0, cooling_rate = 0.999
26 - INFO - chord#: 44 done. best_score=27.0, changed=527, unchanged=507, early_stops=8/8
26 - INFO - chord#: 46 In build_straw_man_chord_sa. tolerance = 1, sa_iterations = 1000, initial_temperature = 3.0, cooling_rate = 0.999
26 - INFO - chord#: 36 done. best_score=27.0, changed=513, unchanged=418, early_stops=8/8
26 - INFO - chord#: 40 In build_straw_man_chord_sa. tolerance = 1, sa_iterations = 1000, initial_temperature = 3.0, cooling_rate = 0.999
26 - INFO - chord#: 40 done. best_score=27.0, changed=519, unchanged=369, early_stops=8/8
26 - INFO - chord#: 42 In build_straw_man_chord_sa. tolerance = 1, sa_iterations = 1000, initial_temperature = 3.0, cooling_rate = 0.999
26 - INFO - chord#: 36 done. best_score=27.0, changed=526, unchanged=497, early_stops=8/8
26 - INFO - chord#: 40 In build_straw_man_chord_sa. tolerance = 1, sa_iterations = 1000, initial_temperature = 3.0, cooling_rate = 0.999
26 - INFO - chord#: 32 done. best_score=36.0, changed=527, unchanged=322, early_stops=8/8
26 - INFO - chord#: 36 In build_straw_man_chord_sa. tolerance = 1, sa_iterations = 1000, initial_temperature = 3.0, cooling_rate = 0.999
26 - INFO - chord#: 40 done. best_score=27.0, changed=533, unchanged=425, early_stops=8/8
26 - INFO - chord#: 42 In build_straw_man_chord_sa. tolerance = 1, sa_iterations = 1000, initial_temperature = 3.0, cooling_rate = 0.999
26 - INFO - chord#: 42 done. best_score=36.0, changed=530, unchanged=312, early_stops=8/8
26 - INFO - chord#: 44 In build_straw_man_chord_sa. tolerance = 1, sa_iterations = 1000, initial_temperature = 3.0, cooling_rate = 0.999
26 - INFO - chord#: 44 done. best_score=27.0, changed=521, unchanged=577, early_stops=8/8
26 - INFO - chord#: 46 In build_straw_man_chord_sa. tolerance = 1, sa_iterations = 1000, initial_temperature = 3.0, cooling_rate = 0.999
26 - INFO - chord#: 46 done. best_score=148.0, changed=607, unchanged=213, early_stops=8/8
26 - INFO - chord#: 48 In build_straw_man_chord_sa. tolerance = 1, sa_iterations = 1000, initial_temperature = 3.0, cooling_rate = 0.999
26 - INFO - chord#: 36 done. best_score=27.0, changed=515, unchanged=366, early_stops=8/8
26 - INFO - chord#: 40 In build_straw_man_chord_sa. tolerance = 1, sa_iterations = 1000, initial_temperature = 3.0, cooling_rate = 0.999
26 - INFO - chord#: 40 done. best_score=27.0, changed=518, unchanged=374, early_stops=8/8
26 - INFO - chord#: 42 In build_straw_man_chord_sa. tolerance = 1, sa_iterations = 1000, initial_temperature = 3.0, cooling_rate = 0.999
26 - INFO - chord#: 46 done. best_score=150.0, changed=613, unchanged=256, early_stops=8/8
26 - INFO - chord#: 48 In build_straw_man_chord_sa. tolerance = 1, sa_iterations = 1000, initial_temperature = 3.0, cooling_rate = 0.999
26 - INFO - chord#: 42 done. best_score=36.0, changed=530, unchanged=337, early_stops=8/8
26 - INFO - chord#: 44 In build_straw_man_chord_sa. tolerance = 1, sa_iterations = 1000, initial_temperature = 3.0, cooling_rate = 0.999
26 - INFO - chord#: 42 done. best_score=36.0, changed=526, unchanged=284, early_stops=8/8
26 - INFO - chord#: 44 In build_straw_man_chord_sa. tolerance = 1, sa_iterations = 1000, initial_temperature = 3.0, cooling_rate = 0.999
26 - INFO - chord#: 36 done. best_score=27.0, changed=528, unchanged=397, early_stops=8/8
26 - INFO - chord#: 40 In build_straw_man_chord_sa. tolerance = 1, sa_iterations = 1000, initial_temperature = 3.0, cooling_rate = 0.999
26 - INFO - chord#: 40 done. best_score=27.0, changed=516, unchanged=356, early_stops=8/8
26 - INFO - chord#: 42 In build_straw_man_chord_sa. tolerance = 1, sa_iterations = 1000, initial_temperature = 3.0, cooling_rate = 0.999
26 - INFO - chord#: 46 done. best_score=146.0, changed=616, unchanged=301, early_stops=8/8
26 - INFO - chord#: 48 In build_straw_man_chord_sa. tolerance = 1, sa_iterations = 1000, initial_temperature = 3.0, cooling_rate = 0.999
26 - INFO - chord#: 48 done. best_score=27.0, changed=527, unchanged=444, early_stops=8/8
26 - INFO - chord#: 50 In build_straw_man_chord_sa. tolerance = 1, sa_iterations = 1000, initial_temperature = 3.0, cooling_rate = 0.999
26 - INFO - chord#: 46 done. best_score=104.0, changed=615, unchanged=329, early_stops=8/8
26 - INFO - chord#: 48 In build_straw_man_chord_sa. tolerance = 1, sa_iterations = 1000, initial_temperature = 3.0, cooling_rate = 0.999
26 - INFO - chord#: 40 done. best_score=27.0, changed=517, unchanged=364, early_stops=8/8
26 - INFO - chord#: 42 In build_straw_man_chord_sa. tolerance = 1, sa_iterations = 1000, initial_temperature = 3.0, cooling_rate = 0.999
26 - INFO - chord#: 42 done. best_score=36.0, changed=531, unchanged=384, early_stops=8/8
26 - INFO - chord#: 44 In build_straw_man_chord_sa. tolerance = 1, sa_iterations = 1000, initial_temperature = 3.0, cooling_rate = 0.999
26 - INFO - chord#: 44 done. best_score=27.0, changed=519, unchanged=383, early_stops=8/8
26 - INFO - chord#: 46 In build_straw_man_chord_sa. tolerance = 1, sa_iterations = 1000, initial_temperature = 3.0, cooling_rate = 0.999
26 - INFO - chord#: 48 done. best_score=27.0, changed=515, unchanged=493, early_stops=8/8
26 - INFO - chord#: 50 In build_straw_man_chord_sa. tolerance = 1, sa_iterations = 1000, initial_temperature = 3.0, cooling_rate = 0.999
26 - INFO - chord#: 44 done. best_score=27.0, changed=533, unchanged=492, early_stops=8/8
26 - INFO - chord#: 46 In build_straw_man_chord_sa. tolerance = 1, sa_iterations = 1000, initial_temperature = 3.0, cooling_rate = 0.999
26 - INFO - chord#: 44 done. best_score=27.0, changed=519, unchanged=363, early_stops=8/8
26 - INFO - chord#: 46 In build_straw_man_chord_sa. tolerance = 1, sa_iterations = 1000, initial_temperature = 3.0, cooling_rate = 0.999
26 - INFO - chord#: 46 done. best_score=121.0, changed=606, unchanged=221, early_stops=8/8
26 - INFO - chord#: 48 In build_straw_man_chord_sa. tolerance = 1, sa_iterations = 1000, initial_temperature = 3.0, cooling_rate = 0.999
26 - INFO - chord#: 42 done. best_score=36.0, changed=522, unchanged=335, early_stops=8/8
26 - INFO - chord#: 44 In build_straw_man_chord_sa. tolerance = 1, sa_iterations = 1000, initial_temperature = 3.0, cooling_rate = 0.999
26 - INFO - chord#: 40 done. best_score=27.0, changed=522, unchanged=457, early_stops=8/8
26 - INFO - chord#: 42 In build_straw_man_chord_sa. tolerance = 1, sa_iterations = 1000, initial_temperature = 3.0, cooling_rate = 0.999
26 - INFO - chord#: 48 done. best_score=27.0, changed=528, unchanged=425, early_stops=8/8
26 - INFO - chord#: 50 In build_straw_man_chord_sa. tolerance = 1, sa_iterations = 1000, initial_temperature = 3.0, cooling_rate = 0.999
26 - INFO - chord#: 48 done. best_score=27.0, changed=517, unchanged=397, early_stops=8/8
26 - INFO - chord#: 50 In build_straw_man_chord_sa. tolerance = 1, sa_iterations = 1000, initial_temperature = 3.0, cooling_rate = 0.999
26 - INFO - chord#: 50 done. best_score=27.0, changed=528, unchanged=483, early_stops=8/8
26 - INFO - chord#: 52 In build_straw_man_chord_sa. tolerance = 1, sa_iterations = 1000, initial_temperature = 3.0, cooling_rate = 0.999
26 - INFO - chord#: 42 done. best_score=36.0, changed=534, unchanged=352, early_stops=8/8
26 - INFO - chord#: 44 In build_straw_man_chord_sa. tolerance = 1, sa_iterations = 1000, initial_temperature = 3.0, cooling_rate = 0.999
26 - INFO - chord#: 50 done. best_score=27.0, changed=534, unchanged=588, early_stops=8/8
26 - INFO - chord#: 52 In build_straw_man_chord_sa. tolerance = 1, sa_iterations = 1000, initial_temperature = 3.0, cooling_rate = 0.999
26 - INFO - chord#: 44 done. best_score=27.0, changed=533, unchanged=515, early_stops=8/8
26 - INFO - chord#: 46 In build_straw_man_chord_sa. tolerance = 1, sa_iterations = 1000, initial_temperature = 3.0, cooling_rate = 0.999
26 - INFO - chord#: 48 done. best_score=27.0, changed=527, unchanged=456, early_stops=8/8
26 - INFO - chord#: 50 In build_straw_man_chord_sa. tolerance = 1, sa_iterations = 1000, initial_temperature = 3.0, cooling_rate = 0.999
26 - INFO - chord#: 50 done. best_score=27.0, changed=513, unchanged=355, early_stops=8/8
26 - INFO - chord#: 52 In build_straw_man_chord_sa. tolerance = 1, sa_iterations = 1000, initial_temperature = 3.0, cooling_rate = 0.999
26 - INFO - chord#: 42 done. best_score=36.0, changed=530, unchanged=304, early_stops=8/8
26 - INFO - chord#: 44 In build_straw_man_chord_sa. tolerance = 1, sa_iterations = 1000, initial_temperature = 3.0, cooling_rate = 0.999
26 - INFO - chord#: 44 done. best_score=27.0, changed=527, unchanged=424, early_stops=8/8
26 - INFO - chord#: 46 In build_straw_man_chord_sa. tolerance = 1, sa_iterations = 1000, initial_temperature = 3.0, cooling_rate = 0.999
26 - INFO - chord#: 50 done. best_score=27.0, changed=535, unchanged=386, early_stops=8/8
26 - INFO - chord#: 52 In build_straw_man_chord_sa. tolerance = 1, sa_iterations = 1000, initial_temperature = 3.0, cooling_rate = 0.999
26 - INFO - chord#: 50 done. best_score=27.0, changed=516, unchanged=324, early_stops=8/8
26 - INFO - chord#: 52 In build_straw_man_chord_sa. tolerance = 1, sa_iterations = 1000, initial_temperature = 3.0, cooling_rate = 0.999
26 - INFO - chord#: 44 done. best_score=27.0, changed=523, unchanged=441, early_stops=8/8
26 - INFO - chord#: 46 In build_straw_man_chord_sa. tolerance = 1, sa_iterations = 1000, initial_temperature = 3.0, cooling_rate = 0.999
26 - INFO - chord#: 46 done. best_score=121.0, changed=620, unchanged=360, early_stops=8/8
26 - INFO - chord#: 48 In build_straw_man_chord_sa. tolerance = 1, sa_iterations = 1000, initial_temperature = 3.0, cooling_rate = 0.999
26 - INFO - chord#: 44 done. best_score=27.0, changed=523, unchanged=399, early_stops=8/8
26 - INFO - chord#: 46 In build_straw_man_chord_sa. tolerance = 1, sa_iterations = 1000, initial_temperature = 3.0, cooling_rate = 0.999
26 - INFO - chord#: 46 done. best_score=74.0, changed=613, unchanged=337, early_stops=8/8
26 - INFO - chord#: 48 In build_straw_man_chord_sa. tolerance = 1, sa_iterations = 1000, initial_temperature = 3.0, cooling_rate = 0.999
26 - INFO - chord#: 46 done. best_score=74.0, changed=611, unchanged=311, early_stops=8/8
26 - INFO - chord#: 48 In build_straw_man_chord_sa. tolerance = 1, sa_iterations = 1000, initial_temperature = 3.0, cooling_rate = 0.999
26 - INFO - chord#: 52 done. best_score=67.0, changed=613, unchanged=311, early_stops=8/8
26 - INFO - chord#: 56 In build_straw_man_chord_sa. tolerance = 1, sa_iterations = 1000, initial_temperature = 3.0, cooling_rate = 0.999
26 - INFO - chord#: 52 done. best_score=67.0, changed=611, unchanged=223, early_stops=8/8
26 - INFO - chord#: 56 In build_straw_man_chord_sa. tolerance = 1, sa_iterations = 1000, initial_temperature = 3.0, cooling_rate = 0.999
26 - INFO - chord#: 52 done. best_score=67.0, changed=606, unchanged=301, early_stops=8/8
26 - INFO - chord#: 56 In build_straw_man_chord_sa. tolerance = 1, sa_iterations = 1000, initial_temperature = 3.0, cooling_rate = 0.999
26 - INFO - chord#: 48 done. best_score=27.0, changed=521, unchanged=458, early_stops=8/8
26 - INFO - chord#: 50 In build_straw_man_chord_sa. tolerance = 1, sa_iterations = 1000, initial_temperature = 3.0, cooling_rate = 0.999
26 - INFO - chord#: 46 done. best_score=149.0, changed=612, unchanged=253, early_stops=8/8
26 - INFO - chord#: 48 In build_straw_man_chord_sa. tolerance = 1, sa_iterations = 1000, initial_temperature = 3.0, cooling_rate = 0.999
26 - INFO - chord#: 48 done. best_score=27.0, changed=522, unchanged=474, early_stops=8/8
26 - INFO - chord#: 50 In build_straw_man_chord_sa. tolerance = 1, sa_iterations = 1000, initial_temperature = 3.0, cooling_rate = 0.999
26 - INFO - chord#: 56 done. best_score=27.0, changed=516, unchanged=488, early_stops=8/8
26 - INFO - chord#: 58 In build_straw_man_chord_sa. tolerance = 1, sa_iterations = 1000, initial_temperature = 3.0, cooling_rate = 0.999
26 - INFO - chord#: 56 done. best_score=27.0, changed=521, unchanged=445, early_stops=8/8
26 - INFO - chord#: 58 In build_straw_man_chord_sa. tolerance = 1, sa_iterations = 1000, initial_temperature = 3.0, cooling_rate = 0.999
26 - INFO - chord#: 46 done. best_score=74.0, changed=612, unchanged=274, early_stops=8/8
26 - INFO - chord#: 48 In build_straw_man_chord_sa. tolerance = 1, sa_iterations = 1000, initial_temperature = 3.0, cooling_rate = 0.999
26 - INFO - chord#: 52 done. best_score=67.0, changed=609, unchanged=390, early_stops=8/8
26 - INFO - chord#: 56 In build_straw_man_chord_sa. tolerance = 1, sa_iterations = 1000, initial_temperature = 3.0, cooling_rate = 0.999
26 - INFO - chord#: 48 done. best_score=27.0, changed=529, unchanged=538, early_stops=8/8
26 - INFO - chord#: 50 In build_straw_man_chord_sa. tolerance = 1, sa_iterations = 1000, initial_temperature = 3.0, cooling_rate = 0.999
26 - INFO - chord#: 52 done. best_score=67.0, changed=610, unchanged=280, early_stops=8/8
26 - INFO - chord#: 56 In build_straw_man_chord_sa. tolerance = 1, sa_iterations = 1000, initial_temperature = 3.0, cooling_rate = 0.999
26 - INFO - chord#: 56 done. best_score=27.0, changed=523, unchanged=445, early_stops=8/8
26 - INFO - chord#: 58 In build_straw_man_chord_sa. tolerance = 1, sa_iterations = 1000, initial_temperature = 3.0, cooling_rate = 0.999
26 - INFO - chord#: 50 done. best_score=27.0, changed=526, unchanged=430, early_stops=8/8
26 - INFO - chord#: 52 In build_straw_man_chord_sa. tolerance = 1, sa_iterations = 1000, initial_temperature = 3.0, cooling_rate = 0.999
26 - INFO - chord#: 58 done. best_score=35.0, changed=520, unchanged=323, early_stops=8/8
26 - INFO - chord#: 60 In build_straw_man_chord_sa. tolerance = 1, sa_iterations = 1000, initial_temperature = 3.0, cooling_rate = 0.999
26 - INFO - chord#: 58 done. best_score=35.0, changed=527, unchanged=344, early_stops=8/8
26 - INFO - chord#: 60 In build_straw_man_chord_sa. tolerance = 1, sa_iterations = 1000, initial_temperature = 3.0, cooling_rate = 0.999
26 - INFO - chord#: 48 done. best_score=27.0, changed=521, unchanged=473, early_stops=8/8
26 - INFO - chord#: 50 In build_straw_man_chord_sa. tolerance = 1, sa_iterations = 1000, initial_temperature = 3.0, cooling_rate = 0.999
26 - INFO - chord#: 46 done. best_score=121.0, changed=611, unchanged=346, early_stops=8/8
26 - INFO - chord#: 48 In build_straw_man_chord_sa. tolerance = 1, sa_iterations = 1000, initial_temperature = 3.0, cooling_rate = 0.999
26 - INFO - chord#: 50 done. best_score=27.0, changed=512, unchanged=307, early_stops=8/8
26 - INFO - chord#: 52 In build_straw_man_chord_sa. tolerance = 1, sa_iterations = 1000, initial_temperature = 3.0, cooling_rate = 0.999
26 - INFO - chord#: 56 done. best_score=27.0, changed=524, unchanged=410, early_stops=8/8
26 - INFO - chord#: 58 In build_straw_man_chord_sa. tolerance = 1, sa_iterations = 1000, initial_temperature = 3.0, cooling_rate = 0.999
26 - INFO - chord#: 56 done. best_score=27.0, changed=524, unchanged=488, early_stops=8/8
26 - INFO - chord#: 58 In build_straw_man_chord_sa. tolerance = 1, sa_iterations = 1000, initial_temperature = 3.0, cooling_rate = 0.999
26 - INFO - chord#: 48 done. best_score=27.0, changed=523, unchanged=336, early_stops=8/8
26 - INFO - chord#: 50 In build_straw_man_chord_sa. tolerance = 1, sa_iterations = 1000, initial_temperature = 3.0, cooling_rate = 0.999
26 - INFO - chord#: 58 done. best_score=35.0, changed=530, unchanged=353, early_stops=8/8
26 - INFO - chord#: 60 In build_straw_man_chord_sa. tolerance = 1, sa_iterations = 1000, initial_temperature = 3.0, cooling_rate = 0.999
26 - INFO - chord#: 46 done. best_score=74.0, changed=613, unchanged=344, early_stops=8/8
26 - INFO - chord#: 48 In build_straw_man_chord_sa. tolerance = 1, sa_iterations = 1000, initial_temperature = 3.0, cooling_rate = 0.999
26 - INFO - chord#: 50 done. best_score=27.0, changed=527, unchanged=539, early_stops=8/8
26 - INFO - chord#: 52 In build_straw_man_chord_sa. tolerance = 1, sa_iterations = 1000, initial_temperature = 3.0, cooling_rate = 0.999
26 - INFO - chord#: 60 done. best_score=27.0, changed=519, unchanged=334, early_stops=8/8
26 - INFO - chord#: 64 In build_straw_man_chord_sa. tolerance = 1, sa_iterations = 1000, initial_temperature = 3.0, cooling_rate = 0.999
26 - INFO - chord#: 60 done. best_score=27.0, changed=541, unchanged=452, early_stops=8/8
26 - INFO - chord#: 64 In build_straw_man_chord_sa. tolerance = 1, sa_iterations = 1000, initial_temperature = 3.0, cooling_rate = 0.999
26 - INFO - chord#: 58 done. best_score=35.0, changed=523, unchanged=311, early_stops=8/8
26 - INFO - chord#: 60 In build_straw_man_chord_sa. tolerance = 1, sa_iterations = 1000, initial_temperature = 3.0, cooling_rate = 0.999
26 - INFO - chord#: 50 done. best_score=27.0, changed=526, unchanged=443, early_stops=8/8
26 - INFO - chord#: 52 In build_straw_man_chord_sa. tolerance = 1, sa_iterations = 1000, initial_temperature = 3.0, cooling_rate = 0.999
26 - INFO - chord#: 60 done. best_score=27.0, changed=522, unchanged=419, early_stops=8/8
26 - INFO - chord#: 64 In build_straw_man_chord_sa. tolerance = 1, sa_iterations = 1000, initial_temperature = 3.0, cooling_rate = 0.999
26 - INFO - chord#: 58 done. best_score=35.0, changed=524, unchanged=399, early_stops=8/8
26 - INFO - chord#: 60 In build_straw_man_chord_sa. tolerance = 1, sa_iterations = 1000, initial_temperature = 3.0, cooling_rate = 0.999
26 - INFO - chord#: 48 done. best_score=27.0, changed=523, unchanged=463, early_stops=8/8
26 - INFO - chord#: 50 In build_straw_man_chord_sa. tolerance = 1, sa_iterations = 1000, initial_temperature = 3.0, cooling_rate = 0.999
26 - INFO - chord#: 50 done. best_score=27.0, changed=528, unchanged=402, early_stops=8/8
26 - INFO - chord#: 52 In build_straw_man_chord_sa. tolerance = 1, sa_iterations = 1000, initial_temperature = 3.0, cooling_rate = 0.999
26 - INFO - chord#: 64 done. best_score=27.0, changed=523, unchanged=381, early_stops=8/8
26 - INFO - chord#: 68 In build_straw_man_chord_sa. tolerance = 1, sa_iterations = 1000, initial_temperature = 3.0, cooling_rate = 0.999
26 - INFO - chord#: 52 done. best_score=67.0, changed=611, unchanged=304, early_stops=8/8
26 - INFO - chord#: 56 In build_straw_man_chord_sa. tolerance = 1, sa_iterations = 1000, initial_temperature = 3.0, cooling_rate = 0.999
26 - INFO - chord#: 48 done. best_score=27.0, changed=518, unchanged=372, early_stops=8/8
26 - INFO - chord#: 50 In build_straw_man_chord_sa. tolerance = 1, sa_iterations = 1000, initial_temperature = 3.0, cooling_rate = 0.999
26 - INFO - chord#: 64 done. best_score=27.0, changed=516, unchanged=398, early_stops=8/8
26 - INFO - chord#: 68 In build_straw_man_chord_sa. tolerance = 1, sa_iterations = 1000, initial_temperature = 3.0, cooling_rate = 0.999
26 - INFO - chord#: 60 done. best_score=27.0, changed=521, unchanged=373, early_stops=8/8
26 - INFO - chord#: 64 In build_straw_man_chord_sa. tolerance = 1, sa_iterations = 1000, initial_temperature = 3.0, cooling_rate = 0.999
26 - INFO - chord#: 60 done. best_score=27.0, changed=523, unchanged=375, early_stops=8/8
26 - INFO - chord#: 64 In build_straw_man_chord_sa. tolerance = 1, sa_iterations = 1000, initial_temperature = 3.0, cooling_rate = 0.999
26 - INFO - chord#: 64 done. best_score=27.0, changed=517, unchanged=480, early_stops=8/8
26 - INFO - chord#: 68 In build_straw_man_chord_sa. tolerance = 1, sa_iterations = 1000, initial_temperature = 3.0, cooling_rate = 0.999
26 - INFO - chord#: 50 done. best_score=27.0, changed=520, unchanged=372, early_stops=8/8
26 - INFO - chord#: 52 In build_straw_man_chord_sa. tolerance = 1, sa_iterations = 1000, initial_temperature = 3.0, cooling_rate = 0.999
26 - INFO - chord#: 68 done. best_score=27.0, changed=536, unchanged=389, early_stops=8/8
26 - INFO - chord#: 70 In build_straw_man_chord_sa. tolerance = 1, sa_iterations = 1000, initial_temperature = 3.0, cooling_rate = 0.999
26 - INFO - chord#: 68 done. best_score=27.0, changed=523, unchanged=421, early_stops=8/8
26 - INFO - chord#: 70 In build_straw_man_chord_sa. tolerance = 1, sa_iterations = 1000, initial_temperature = 3.0, cooling_rate = 0.999
26 - INFO - chord#: 52 done. best_score=119.0, changed=611, unchanged=336, early_stops=8/8
26 - INFO - chord#: 64 done. best_score=27.0, changed=528, unchanged=535, early_stops=8/8
26 - INFO - chord#: 56 In build_straw_man_chord_sa. tolerance = 1, sa_iterations = 1000, initial_temperature = 3.0, cooling_rate = 0.999
26 - INFO - chord#: 68 In build_straw_man_chord_sa. tolerance = 1, sa_iterations = 1000, initial_temperature = 3.0, cooling_rate = 0.999
26 - INFO - chord#: 52 done. best_score=67.0, changed=610, unchanged=212, early_stops=8/8
26 - INFO - chord#: 56 done. best_score=27.0, changed=526, unchanged=581, early_stops=8/8
26 - INFO - chord#: 56 In build_straw_man_chord_sa. tolerance = 1, sa_iterations = 1000, initial_temperature = 3.0, cooling_rate = 0.999
26 - INFO - chord#: 58 In build_straw_man_chord_sa. tolerance = 1, sa_iterations = 1000, initial_temperature = 3.0, cooling_rate = 0.999
26 - INFO - chord#: 64 done. best_score=27.0, changed=520, unchanged=352, early_stops=8/8
26 - INFO - chord#: 68 In build_straw_man_chord_sa. tolerance = 1, sa_iterations = 1000, initial_temperature = 3.0, cooling_rate = 0.999
26 - INFO - chord#: 68 done. best_score=27.0, changed=517, unchanged=361, early_stops=8/8
26 - INFO - chord#: 70 In build_straw_man_chord_sa. tolerance = 1, sa_iterations = 1000, initial_temperature = 3.0, cooling_rate = 0.999
26 - INFO - chord#: 50 done. best_score=27.0, changed=524, unchanged=423, early_stops=8/8
26 - INFO - chord#: 52 In build_straw_man_chord_sa. tolerance = 1, sa_iterations = 1000, initial_temperature = 3.0, cooling_rate = 0.999
26 - INFO - chord#: 70 done. best_score=37.0, changed=512, unchanged=311, early_stops=8/8
26 - INFO - chord#: 72 In build_straw_man_chord_sa. tolerance = 1, sa_iterations = 1000, initial_temperature = 3.0, cooling_rate = 0.999
26 - INFO - chord#: 70 done. best_score=37.0, changed=533, unchanged=413, early_stops=8/8
26 - INFO - chord#: 72 In build_straw_man_chord_sa. tolerance = 1, sa_iterations = 1000, initial_temperature = 3.0, cooling_rate = 0.999
26 - INFO - chord#: 68 done. best_score=27.0, changed=518, unchanged=385, early_stops=8/8
26 - INFO - chord#: 70 In build_straw_man_chord_sa. tolerance = 1, sa_iterations = 1000, initial_temperature = 3.0, cooling_rate = 0.999
26 - INFO - chord#: 52 done. best_score=145.0, changed=613, unchanged=301, early_stops=8/8
26 - INFO - chord#: 56 In build_straw_man_chord_sa. tolerance = 1, sa_iterations = 1000, initial_temperature = 3.0, cooling_rate = 0.999
26 - INFO - chord#: 72 done. best_score=11.0, changed=490, unchanged=333, early_stops=8/8
26 - INFO - chord#: 74 In build_straw_man_chord_sa. tolerance = 1, sa_iterations = 1000, initial_temperature = 3.0, cooling_rate = 0.999
26 - INFO - chord#: 68 done. best_score=27.0, changed=523, unchanged=424, early_stops=8/8
26 - INFO - chord#: 70 In build_straw_man_chord_sa. tolerance = 1, sa_iterations = 1000, initial_temperature = 3.0, cooling_rate = 0.999
26 - INFO - chord#: 72 done. best_score=11.0, changed=494, unchanged=335, early_stops=8/8
26 - INFO - chord#: 74 In build_straw_man_chord_sa. tolerance = 1, sa_iterations = 1000, initial_temperature = 3.0, cooling_rate = 0.999
26 - INFO - chord#: 58 done. best_score=35.0, changed=532, unchanged=474, early_stops=8/8
26 - INFO - chord#: 60 In build_straw_man_chord_sa. tolerance = 1, sa_iterations = 1000, initial_temperature = 3.0, cooling_rate = 0.999
26 - INFO - chord#: 52 done. best_score=131.0, changed=611, unchanged=296, early_stops=8/8
26 - INFO - chord#: 56 In build_straw_man_chord_sa. tolerance = 1, sa_iterations = 1000, initial_temperature = 3.0, cooling_rate = 0.999
26 - INFO - chord#: 70 done. best_score=37.0, changed=532, unchanged=475, early_stops=8/8
26 - INFO - chord#: 72 In build_straw_man_chord_sa. tolerance = 1, sa_iterations = 1000, initial_temperature = 3.0, cooling_rate = 0.999
26 - INFO - chord#: 56 done. best_score=27.0, changed=519, unchanged=366, early_stops=8/8
26 - INFO - chord#: 58 In build_straw_man_chord_sa. tolerance = 1, sa_iterations = 1000, initial_temperature = 3.0, cooling_rate = 0.999
26 - INFO - chord#: 56 done. best_score=27.0, changed=522, unchanged=435, early_stops=8/8
26 - INFO - chord#: 58 In build_straw_man_chord_sa. tolerance = 1, sa_iterations = 1000, initial_temperature = 3.0, cooling_rate = 0.999
26 - INFO - chord#: 72 done. best_score=11.0, changed=507, unchanged=307, early_stops=8/8
26 - INFO - chord#: 74 In build_straw_man_chord_sa. tolerance = 1, sa_iterations = 1000, initial_temperature = 3.0, cooling_rate = 0.999
26 - INFO - chord#: 60 done. best_score=27.0, changed=520, unchanged=332, early_stops=8/8
26 - INFO - chord#: 64 In build_straw_man_chord_sa. tolerance = 1, sa_iterations = 1000, initial_temperature = 3.0, cooling_rate = 0.999
26 - INFO - chord#: 70 done. best_score=37.0, changed=517, unchanged=422, early_stops=8/8
26 - INFO - chord#: 72 In build_straw_man_chord_sa. tolerance = 1, sa_iterations = 1000, initial_temperature = 3.0, cooling_rate = 0.999
26 - INFO - chord#: 70 done. best_score=37.0, changed=518, unchanged=374, early_stops=8/8
26 - INFO - chord#: 72 In build_straw_man_chord_sa. tolerance = 1, sa_iterations = 1000, initial_temperature = 3.0, cooling_rate = 0.999
26 - INFO - chord#: 72 done. best_score=11.0, changed=475, unchanged=340, early_stops=8/8
26 - INFO - chord#: 74 In build_straw_man_chord_sa. tolerance = 1, sa_iterations = 1000, initial_temperature = 3.0, cooling_rate = 0.999
26 - INFO - chord#: 72 done. best_score=11.0, changed=473, unchanged=356, early_stops=8/8
26 - INFO - chord#: 74 In build_straw_man_chord_sa. tolerance = 1, sa_iterations = 1000, initial_temperature = 3.0, cooling_rate = 0.999
26 - INFO - chord#: 58 done. best_score=35.0, changed=531, unchanged=380, early_stops=8/8
26 - INFO - chord#: 60 In build_straw_man_chord_sa. tolerance = 1, sa_iterations = 1000, initial_temperature = 3.0, cooling_rate = 0.999
26 - INFO - chord#: 56 done. best_score=27.0, changed=528, unchanged=604, early_stops=8/8
26 - INFO - chord#: 58 In build_straw_man_chord_sa. tolerance = 1, sa_iterations = 1000, initial_temperature = 3.0, cooling_rate = 0.999
26 - INFO - chord#: 58 done. best_score=35.0, changed=535, unchanged=479, early_stops=8/8
26 - INFO - chord#: 60 In build_straw_man_chord_sa. tolerance = 1, sa_iterations = 1000, initial_temperature = 3.0, cooling_rate = 0.999
26 - INFO - chord#: 52 done. best_score=142.0, changed=614, unchanged=352, early_stops=8/8
26 - INFO - chord#: 56 In build_straw_man_chord_sa. tolerance = 1, sa_iterations = 1000, initial_temperature = 3.0, cooling_rate = 0.999
26 - INFO - chord#: 56 done. best_score=27.0, changed=531, unchanged=600, early_stops=8/8
26 - INFO - chord#: 58 In build_straw_man_chord_sa. tolerance = 1, sa_iterations = 1000, initial_temperature = 3.0, cooling_rate = 0.999
26 - INFO - chord#: 64 done. best_score=27.0, changed=516, unchanged=344, early_stops=8/8
26 - INFO - chord#: 68 In build_straw_man_chord_sa. tolerance = 1, sa_iterations = 1000, initial_temperature = 3.0, cooling_rate = 0.999
26 - INFO - chord#: 74 done. best_score=157.0, changed=610, unchanged=230, early_stops=8/8
26 - INFO - chord#: 76 In build_straw_man_chord_sa. tolerance = 1, sa_iterations = 1000, initial_temperature = 3.0, cooling_rate = 0.999
26 - INFO - chord#: 52 done. best_score=67.0, changed=615, unchanged=337, early_stops=8/8
26 - INFO - chord#: 56 In build_straw_man_chord_sa. tolerance = 1, sa_iterations = 1000, initial_temperature = 3.0, cooling_rate = 0.999
26 - INFO - chord#: 60 done. best_score=27.0, changed=521, unchanged=347, early_stops=8/8
26 - INFO - chord#: 64 In build_straw_man_chord_sa. tolerance = 1, sa_iterations = 1000, initial_temperature = 3.0, cooling_rate = 0.999
26 - INFO - chord#: 74 done. best_score=101.0, changed=611, unchanged=343, early_stops=8/8
26 - INFO - chord#: 76 In build_straw_man_chord_sa. tolerance = 1, sa_iterations = 1000, initial_temperature = 3.0, cooling_rate = 0.999
26 - INFO - chord#: 60 done. best_score=27.0, changed=517, unchanged=401, early_stops=8/8
26 - INFO - chord#: 64 In build_straw_man_chord_sa. tolerance = 1, sa_iterations = 1000, initial_temperature = 3.0, cooling_rate = 0.999
26 - INFO - chord#: 68 done. best_score=27.0, changed=523, unchanged=336, early_stops=8/8
26 - INFO - chord#: 74 done. best_score=94.0, changed=612, unchanged=366, early_stops=8/8
26 - INFO - chord#: 76 In build_straw_man_chord_sa. tolerance = 1, sa_iterations = 1000, initial_temperature = 3.0, cooling_rate = 0.999
26 - INFO - chord#: 70 In build_straw_man_chord_sa. tolerance = 1, sa_iterations = 1000, initial_temperature = 3.0, cooling_rate = 0.999
26 - INFO - chord#: 76 done. best_score=27.0, changed=522, unchanged=335, early_stops=8/8
26 - INFO - chord#: 78 In build_straw_man_chord_sa. tolerance = 1, sa_iterations = 1000, initial_temperature = 3.0, cooling_rate = 0.999
26 - INFO - chord#: 58 done. best_score=35.0, changed=538, unchanged=571, early_stops=8/8
26 - INFO - chord#: 60 In build_straw_man_chord_sa. tolerance = 1, sa_iterations = 1000, initial_temperature = 3.0, cooling_rate = 0.999
26 - INFO - chord#: 58 done. best_score=35.0, changed=523, unchanged=379, early_stops=8/8
26 - INFO - chord#: 60 In build_straw_man_chord_sa. tolerance = 1, sa_iterations = 1000, initial_temperature = 3.0, cooling_rate = 0.999
26 - INFO - chord#: 56 done. best_score=27.0, changed=525, unchanged=384, early_stops=8/8
26 - INFO - chord#: 58 In build_straw_man_chord_sa. tolerance = 1, sa_iterations = 1000, initial_temperature = 3.0, cooling_rate = 0.999
26 - INFO - chord#: 76 done. best_score=27.0, changed=527, unchanged=462, early_stops=8/8
26 - INFO - chord#: 78 In build_straw_man_chord_sa. tolerance = 1, sa_iterations = 1000, initial_temperature = 3.0, cooling_rate = 0.999
26 - INFO - chord#: 74 done. best_score=94.0, changed=611, unchanged=343, early_stops=8/8
26 - INFO - chord#: 76 In build_straw_man_chord_sa. tolerance = 1, sa_iterations = 1000, initial_temperature = 3.0, cooling_rate = 0.999
26 - INFO - chord#: 56 done. best_score=27.0, changed=518, unchanged=490, early_stops=8/8
26 - INFO - chord#: 58 In build_straw_man_chord_sa. tolerance = 1, sa_iterations = 1000, initial_temperature = 3.0, cooling_rate = 0.999
26 - INFO - chord#: 64 done. best_score=27.0, changed=523, unchanged=438, early_stops=8/8
26 - INFO - chord#: 68 In build_straw_man_chord_sa. tolerance = 1, sa_iterations = 1000, initial_temperature = 3.0, cooling_rate = 0.999
26 - INFO - chord#: 76 done. best_score=27.0, changed=533, unchanged=342, early_stops=8/8
26 - INFO - chord#: 78 In build_straw_man_chord_sa. tolerance = 1, sa_iterations = 1000, initial_temperature = 3.0, cooling_rate = 0.999
26 - INFO - chord#: 74 done. best_score=94.0, changed=609, unchanged=394, early_stops=8/8
26 - INFO - chord#: 76 In build_straw_man_chord_sa. tolerance = 1, sa_iterations = 1000, initial_temperature = 3.0, cooling_rate = 0.999
26 - INFO - chord#: 70 done. best_score=37.0, changed=522, unchanged=419, early_stops=8/8
26 - INFO - chord#: 72 In build_straw_man_chord_sa. tolerance = 1, sa_iterations = 1000, initial_temperature = 3.0, cooling_rate = 0.999
26 - INFO - chord#: 64 done. best_score=27.0, changed=520, unchanged=435, early_stops=8/8
26 - INFO - chord#: 68 In build_straw_man_chord_sa. tolerance = 1, sa_iterations = 1000, initial_temperature = 3.0, cooling_rate = 0.999
26 - INFO - chord#: 60 done. best_score=27.0, changed=523, unchanged=423, early_stops=8/8
26 - INFO - chord#: 64 In build_straw_man_chord_sa. tolerance = 1, sa_iterations = 1000, initial_temperature = 3.0, cooling_rate = 0.999
26 - INFO - chord#: 58 done. best_score=35.0, changed=522, unchanged=368, early_stops=8/8
26 - INFO - chord#: 60 In build_straw_man_chord_sa. tolerance = 1, sa_iterations = 1000, initial_temperature = 3.0, cooling_rate = 0.999
26 - INFO - chord#: 72 done. best_score=11.0, changed=482, unchanged=362, early_stops=8/8
26 - INFO - chord#: 74 In build_straw_man_chord_sa. tolerance = 1, sa_iterations = 1000, initial_temperature = 3.0, cooling_rate = 0.999
26 - INFO - chord#: 60 done. best_score=27.0, changed=526, unchanged=432, early_stops=8/8
26 - INFO - chord#: 64 In build_straw_man_chord_sa. tolerance = 1, sa_iterations = 1000, initial_temperature = 3.0, cooling_rate = 0.999
26 - INFO - chord#: 76 done. best_score=27.0, changed=518, unchanged=352, early_stops=8/8
26 - INFO - chord#: 78 In build_straw_man_chord_sa. tolerance = 1, sa_iterations = 1000, initial_temperature = 3.0, cooling_rate = 0.999
26 - INFO - chord#: 58 done. best_score=35.0, changed=523, unchanged=312, early_stops=8/8
26 - INFO - chord#: 76 done. best_score=27.0, changed=523, unchanged=338, early_stops=8/8
26 - INFO - chord#: 60 In build_straw_man_chord_sa. tolerance = 1, sa_iterations = 1000, initial_temperature = 3.0, cooling_rate = 0.999
26 - INFO - chord#: 78 In build_straw_man_chord_sa. tolerance = 1, sa_iterations = 1000, initial_temperature = 3.0, cooling_rate = 0.999
26 - INFO - chord#: 68 done. best_score=27.0, changed=519, unchanged=326, early_stops=8/8
26 - INFO - chord#: 70 In build_straw_man_chord_sa. tolerance = 1, sa_iterations = 1000, initial_temperature = 3.0, cooling_rate = 0.999
26 - INFO - chord#: 68 done. best_score=27.0, changed=514, unchanged=381, early_stops=8/8
26 - INFO - chord#: 70 In build_straw_man_chord_sa. tolerance = 1, sa_iterations = 1000, initial_temperature = 3.0, cooling_rate = 0.999
26 - INFO - chord#: 64 done. best_score=27.0, changed=514, unchanged=447, early_stops=8/8
26 - INFO - chord#: 68 In build_straw_man_chord_sa. tolerance = 1, sa_iterations = 1000, initial_temperature = 3.0, cooling_rate = 0.999
26 - INFO - chord#: 60 done. best_score=27.0, changed=542, unchanged=521, early_stops=8/8
26 - INFO - chord#: 64 In build_straw_man_chord_sa. tolerance = 1, sa_iterations = 1000, initial_temperature = 3.0, cooling_rate = 0.999
26 - INFO - chord#: 64 done. best_score=27.0, changed=520, unchanged=401, early_stops=8/8
26 - INFO - chord#: 68 In build_straw_man_chord_sa. tolerance = 1, sa_iterations = 1000, initial_temperature = 3.0, cooling_rate = 0.999
26 - INFO - chord#: 78 done. best_score=74.0, changed=614, unchanged=355, early_stops=8/8
26 - INFO - chord#: 80 In build_straw_man_chord_sa. tolerance = 1, sa_iterations = 1000, initial_temperature = 3.0, cooling_rate = 0.999
26 - INFO - chord#: 78 done. best_score=149.0, changed=615, unchanged=276, early_stops=8/8
26 - INFO - chord#: 80 In build_straw_man_chord_sa. tolerance = 1, sa_iterations = 1000, initial_temperature = 3.0, cooling_rate = 0.999
26 - INFO - chord#: 60 done. best_score=27.0, changed=531, unchanged=416, early_stops=8/8
26 - INFO - chord#: 64 In build_straw_man_chord_sa. tolerance = 1, sa_iterations = 1000, initial_temperature = 3.0, cooling_rate = 0.999
26 - INFO - chord#: 70 done. best_score=37.0, changed=525, unchanged=390, early_stops=8/8
26 - INFO - chord#: 72 In build_straw_man_chord_sa. tolerance = 1, sa_iterations = 1000, initial_temperature = 3.0, cooling_rate = 0.999
26 - INFO - chord#: 78 done. best_score=74.0, changed=614, unchanged=277, early_stops=8/8
26 - INFO - chord#: 80 In build_straw_man_chord_sa. tolerance = 1, sa_iterations = 1000, initial_temperature = 3.0, cooling_rate = 0.999
26 - INFO - chord#: 72 done. best_score=11.0, changed=479, unchanged=340, early_stops=8/8
26 - INFO - chord#: 74 In build_straw_man_chord_sa. tolerance = 1, sa_iterations = 1000, initial_temperature = 3.0, cooling_rate = 0.999
26 - INFO - chord#: 70 done. best_score=37.0, changed=517, unchanged=361, early_stops=8/8
26 - INFO - chord#: 72 In build_straw_man_chord_sa. tolerance = 1, sa_iterations = 1000, initial_temperature = 3.0, cooling_rate = 0.999
26 - INFO - chord#: 74 done. best_score=127.0, changed=616, unchanged=322, early_stops=8/8
26 - INFO - chord#: 76 In build_straw_man_chord_sa. tolerance = 1, sa_iterations = 1000, initial_temperature = 3.0, cooling_rate = 0.999
26 - INFO - chord#: 68 done. best_score=27.0, changed=521, unchanged=451, early_stops=8/8
26 - INFO - chord#: 70 In build_straw_man_chord_sa. tolerance = 1, sa_iterations = 1000, initial_temperature = 3.0, cooling_rate = 0.999
26 - INFO - chord#: 68 done. best_score=27.0, changed=526, unchanged=514, early_stops=8/8
26 - INFO - chord#: 72 done. best_score=11.0, changed=489, unchanged=327, early_stops=8/8
26 - INFO - chord#: 70 In build_straw_man_chord_sa. tolerance = 1, sa_iterations = 1000, initial_temperature = 3.0, cooling_rate = 0.999
26 - INFO - chord#: 74 In build_straw_man_chord_sa. tolerance = 1, sa_iterations = 1000, initial_temperature = 3.0, cooling_rate = 0.999
26 - INFO - chord#: 64 done. best_score=27.0, changed=518, unchanged=420, early_stops=8/8
26 - INFO - chord#: 68 In build_straw_man_chord_sa. tolerance = 1, sa_iterations = 1000, initial_temperature = 3.0, cooling_rate = 0.999
26 - INFO - chord#: 78 done. best_score=74.0, changed=611, unchanged=245, early_stops=8/8
26 - INFO - chord#: 80 In build_straw_man_chord_sa. tolerance = 1, sa_iterations = 1000, initial_temperature = 3.0, cooling_rate = 0.999
26 - INFO - chord#: 78 done. best_score=74.0, changed=615, unchanged=375, early_stops=8/8
26 - INFO - chord#: 80 In build_straw_man_chord_sa. tolerance = 1, sa_iterations = 1000, initial_temperature = 3.0, cooling_rate = 0.999
26 - INFO - chord#: 64 done. best_score=27.0, changed=520, unchanged=570, early_stops=8/8
26 - INFO - chord#: 68 In build_straw_man_chord_sa. tolerance = 1, sa_iterations = 1000, initial_temperature = 3.0, cooling_rate = 0.999
26 - INFO - chord#: 76 done. best_score=27.0, changed=524, unchanged=311, early_stops=8/8
26 - INFO - chord#: 78 In build_straw_man_chord_sa. tolerance = 1, sa_iterations = 1000, initial_temperature = 3.0, cooling_rate = 0.999
26 - INFO - chord#: 80 done. best_score=140.0, changed=615, unchanged=261, early_stops=8/8
26 - INFO - chord#: 84 In build_straw_man_chord_sa. tolerance = 1, sa_iterations = 1000, initial_temperature = 3.0, cooling_rate = 0.999
26 - INFO - chord#: 70 done. best_score=37.0, changed=521, unchanged=344, early_stops=8/8
26 - INFO - chord#: 72 In build_straw_man_chord_sa. tolerance = 1, sa_iterations = 1000, initial_temperature = 3.0, cooling_rate = 0.999
26 - INFO - chord#: 80 done. best_score=142.0, changed=609, unchanged=241, early_stops=8/8
26 - INFO - chord#: 84 In build_straw_man_chord_sa. tolerance = 1, sa_iterations = 1000, initial_temperature = 3.0, cooling_rate = 0.999
26 - INFO - chord#: 68 done. best_score=27.0, changed=523, unchanged=400, early_stops=8/8
26 - INFO - chord#: 70 In build_straw_man_chord_sa. tolerance = 1, sa_iterations = 1000, initial_temperature = 3.0, cooling_rate = 0.999
26 - INFO - chord#: 70 done. best_score=37.0, changed=526, unchanged=427, early_stops=8/8
26 - INFO - chord#: 72 In build_straw_man_chord_sa. tolerance = 1, sa_iterations = 1000, initial_temperature = 3.0, cooling_rate = 0.999
26 - INFO - chord#: 72 done. best_score=11.0, changed=480, unchanged=353, early_stops=8/8
26 - INFO - chord#: 74 In build_straw_man_chord_sa. tolerance = 1, sa_iterations = 1000, initial_temperature = 3.0, cooling_rate = 0.999
26 - INFO - chord#: 80 done. best_score=140.0, changed=619, unchanged=272, early_stops=8/8
26 - INFO - chord#: 84 In build_straw_man_chord_sa. tolerance = 1, sa_iterations = 1000, initial_temperature = 3.0, cooling_rate = 0.999
26 - INFO - chord#: 72 done. best_score=11.0, changed=488, unchanged=328, early_stops=8/8
26 - INFO - chord#: 74 In build_straw_man_chord_sa. tolerance = 1, sa_iterations = 1000, initial_temperature = 3.0, cooling_rate = 0.999
26 - INFO - chord#: 68 done. best_score=27.0, changed=526, unchanged=435, early_stops=8/8
26 - INFO - chord#: 70 In build_straw_man_chord_sa. tolerance = 1, sa_iterations = 1000, initial_temperature = 3.0, cooling_rate = 0.999
26 - INFO - chord#: 84 done. best_score=27.0, changed=519, unchanged=375, early_stops=8/8
26 - INFO - chord#: 86 In build_straw_man_chord_sa. tolerance = 1, sa_iterations = 1000, initial_temperature = 3.0, cooling_rate = 0.999
26 - INFO - chord#: 84 done. best_score=27.0, changed=524, unchanged=448, early_stops=8/8
26 - INFO - chord#: 86 In build_straw_man_chord_sa. tolerance = 1, sa_iterations = 1000, initial_temperature = 3.0, cooling_rate = 0.999
26 - INFO - chord#: 74 done. best_score=127.0, changed=610, unchanged=252, early_stops=8/8
26 - INFO - chord#: 76 In build_straw_man_chord_sa. tolerance = 1, sa_iterations = 1000, initial_temperature = 3.0, cooling_rate = 0.999
26 - INFO - chord#: 80 done. best_score=140.0, changed=613, unchanged=309, early_stops=8/8
26 - INFO - chord#: 84 In build_straw_man_chord_sa. tolerance = 1, sa_iterations = 1000, initial_temperature = 3.0, cooling_rate = 0.999
26 - INFO - chord#: 70 done. best_score=37.0, changed=524, unchanged=339, early_stops=8/8
26 - INFO - chord#: 72 In build_straw_man_chord_sa. tolerance = 1, sa_iterations = 1000, initial_temperature = 3.0, cooling_rate = 0.999
26 - INFO - chord#: 84 done. best_score=27.0, changed=526, unchanged=387, early_stops=8/8
26 - INFO - chord#: 86 In build_straw_man_chord_sa. tolerance = 1, sa_iterations = 1000, initial_temperature = 3.0, cooling_rate = 0.999
26 - INFO - chord#: 80 done. best_score=142.0, changed=613, unchanged=299, early_stops=8/8
26 - INFO - chord#: 84 In build_straw_man_chord_sa. tolerance = 1, sa_iterations = 1000, initial_temperature = 3.0, cooling_rate = 0.999
26 - INFO - chord#: 72 done. best_score=11.0, changed=474, unchanged=339, early_stops=8/8
26 - INFO - chord#: 74 In build_straw_man_chord_sa. tolerance = 1, sa_iterations = 1000, initial_temperature = 3.0, cooling_rate = 0.999
26 - INFO - chord#: 74 done. best_score=94.0, changed=608, unchanged=309, early_stops=8/8
26 - INFO - chord#: 76 In build_straw_man_chord_sa. tolerance = 1, sa_iterations = 1000, initial_temperature = 3.0, cooling_rate = 0.999
26 - INFO - chord#: 78 done. best_score=74.0, changed=608, unchanged=265, early_stops=8/8
26 - INFO - chord#: 80 In build_straw_man_chord_sa. tolerance = 1, sa_iterations = 1000, initial_temperature = 3.0, cooling_rate = 0.999
26 - INFO - chord#: 70 done. best_score=37.0, changed=523, unchanged=371, early_stops=8/8
26 - INFO - chord#: 72 In build_straw_man_chord_sa. tolerance = 1, sa_iterations = 1000, initial_temperature = 3.0, cooling_rate = 0.999
26 - INFO - chord#: 84 done. best_score=27.0, changed=516, unchanged=412, early_stops=8/8
26 - INFO - chord#: 86 In build_straw_man_chord_sa. tolerance = 1, sa_iterations = 1000, initial_temperature = 3.0, cooling_rate = 0.999
26 - INFO - chord#: 72 done. best_score=11.0, changed=484, unchanged=338, early_stops=8/8
26 - INFO - chord#: 74 In build_straw_man_chord_sa. tolerance = 1, sa_iterations = 1000, initial_temperature = 3.0, cooling_rate = 0.999
26 - INFO - chord#: 76 done. best_score=27.0, changed=523, unchanged=396, early_stops=8/8
26 - INFO - chord#: 78 In build_straw_man_chord_sa. tolerance = 1, sa_iterations = 1000, initial_temperature = 3.0, cooling_rate = 0.999
26 - INFO - chord#: 84 done. best_score=27.0, changed=518, unchanged=397, early_stops=8/8
26 - INFO - chord#: 86 In build_straw_man_chord_sa. tolerance = 1, sa_iterations = 1000, initial_temperature = 3.0, cooling_rate = 0.999
26 - INFO - chord#: 76 done. best_score=27.0, changed=526, unchanged=354, early_stops=8/8
26 - INFO - chord#: 78 In build_straw_man_chord_sa. tolerance = 1, sa_iterations = 1000, initial_temperature = 3.0, cooling_rate = 0.999
26 - INFO - chord#: 86 done. best_score=97.0, changed=616, unchanged=332, early_stops=8/8
26 - INFO - chord#: 88 In build_straw_man_chord_sa. tolerance = 1, sa_iterations = 1000, initial_temperature = 3.0, cooling_rate = 0.999
26 - INFO - chord#: 86 done. best_score=82.0, changed=615, unchanged=358, early_stops=8/8
26 - INFO - chord#: 88 In build_straw_man_chord_sa. tolerance = 1, sa_iterations = 1000, initial_temperature = 3.0, cooling_rate = 0.999
26 - INFO - chord#: 74 done. best_score=94.0, changed=611, unchanged=486, early_stops=8/8
26 - INFO - chord#: 76 In build_straw_man_chord_sa. tolerance = 1, sa_iterations = 1000, initial_temperature = 3.0, cooling_rate = 0.999
26 - INFO - chord#: 74 done. best_score=94.0, changed=611, unchanged=469, early_stops=8/8
26 - INFO - chord#: 76 In build_straw_man_chord_sa. tolerance = 1, sa_iterations = 1000, initial_temperature = 3.0, cooling_rate = 0.999
26 - INFO - chord#: 86 done. best_score=82.0, changed=612, unchanged=455, early_stops=8/8
26 - INFO - chord#: 88 In build_straw_man_chord_sa. tolerance = 1, sa_iterations = 1000, initial_temperature = 3.0, cooling_rate = 0.999
26 - INFO - chord#: 74 done. best_score=148.0, changed=610, unchanged=225, early_stops=8/8
26 - INFO - chord#: 76 In build_straw_man_chord_sa. tolerance = 1, sa_iterations = 1000, initial_temperature = 3.0, cooling_rate = 0.999
26 - INFO - chord#: 80 done. best_score=142.0, changed=615, unchanged=281, early_stops=8/8
26 - INFO - chord#: 84 In build_straw_man_chord_sa. tolerance = 1, sa_iterations = 1000, initial_temperature = 3.0, cooling_rate = 0.999
26 - INFO - chord#: 86 done. best_score=82.0, changed=615, unchanged=288, early_stops=8/8
26 - INFO - chord#: 88 In build_straw_man_chord_sa. tolerance = 1, sa_iterations = 1000, initial_temperature = 3.0, cooling_rate = 0.999
26 - INFO - chord#: 86 done. best_score=120.0, changed=611, unchanged=275, early_stops=8/8
26 - INFO - chord#: 88 In build_straw_man_chord_sa. tolerance = 1, sa_iterations = 1000, initial_temperature = 3.0, cooling_rate = 0.999
26 - INFO - chord#: 76 done. best_score=27.0, changed=525, unchanged=407, early_stops=8/8
26 - INFO - chord#: 78 In build_straw_man_chord_sa. tolerance = 1, sa_iterations = 1000, initial_temperature = 3.0, cooling_rate = 0.999
26 - INFO - chord#: 84 done. best_score=27.0, changed=518, unchanged=415, early_stops=8/8
26 - INFO - chord#: 86 In build_straw_man_chord_sa. tolerance = 1, sa_iterations = 1000, initial_temperature = 3.0, cooling_rate = 0.999
26 - INFO - chord#: 74 done. best_score=153.0, changed=612, unchanged=348, early_stops=8/8
26 - INFO - chord#: 76 In build_straw_man_chord_sa. tolerance = 1, sa_iterations = 1000, initial_temperature = 3.0, cooling_rate = 0.999
26 - INFO - chord#: 76 done. best_score=27.0, changed=516, unchanged=321, early_stops=8/8
26 - INFO - chord#: 78 In build_straw_man_chord_sa. tolerance = 1, sa_iterations = 1000, initial_temperature = 3.0, cooling_rate = 0.999
26 - INFO - chord#: 76 done. best_score=27.0, changed=524, unchanged=362, early_stops=8/8
26 - INFO - chord#: 78 In build_straw_man_chord_sa. tolerance = 1, sa_iterations = 1000, initial_temperature = 3.0, cooling_rate = 0.999
26 - INFO - chord#: 88 done. best_score=142.0, changed=611, unchanged=276, early_stops=8/8
26 - INFO - chord#: 92 In build_straw_man_chord_sa. tolerance = 1, sa_iterations = 1000, initial_temperature = 3.0, cooling_rate = 0.999
26 - INFO - chord#: 78 done. best_score=149.0, changed=616, unchanged=288, early_stops=8/8
26 - INFO - chord#: 80 In build_straw_man_chord_sa. tolerance = 1, sa_iterations = 1000, initial_temperature = 3.0, cooling_rate = 0.999
26 - INFO - chord#: 88 done. best_score=142.0, changed=611, unchanged=280, early_stops=8/8
26 - INFO - chord#: 92 In build_straw_man_chord_sa. tolerance = 1, sa_iterations = 1000, initial_temperature = 3.0, cooling_rate = 0.999
26 - INFO - chord#: 78 done. best_score=74.0, changed=608, unchanged=278, early_stops=8/8
26 - INFO - chord#: 80 In build_straw_man_chord_sa. tolerance = 1, sa_iterations = 1000, initial_temperature = 3.0, cooling_rate = 0.999
26 - INFO - chord#: 88 done. best_score=143.0, changed=610, unchanged=215, early_stops=8/8
26 - INFO - chord#: 92 In build_straw_man_chord_sa. tolerance = 1, sa_iterations = 1000, initial_temperature = 3.0, cooling_rate = 0.999
26 - INFO - chord#: 92 done. best_score=27.0, changed=513, unchanged=329, early_stops=8/8
26 - INFO - chord#: 96 In build_straw_man_chord_sa. tolerance = 1, sa_iterations = 1000, initial_temperature = 3.0, cooling_rate = 0.999
26 - INFO - chord#: 92 done. best_score=36.0, changed=515, unchanged=376, early_stops=8/8
26 - INFO - chord#: 96 In build_straw_man_chord_sa. tolerance = 1, sa_iterations = 1000, initial_temperature = 3.0, cooling_rate = 0.999
26 - INFO - chord#: 76 done. best_score=27.0, changed=518, unchanged=371, early_stops=8/8
26 - INFO - chord#: 78 In build_straw_man_chord_sa. tolerance = 1, sa_iterations = 1000, initial_temperature = 3.0, cooling_rate = 0.999
26 - INFO - chord#: 88 done. best_score=140.0, changed=613, unchanged=317, early_stops=8/8
26 - INFO - chord#: 92 In build_straw_man_chord_sa. tolerance = 1, sa_iterations = 1000, initial_temperature = 3.0, cooling_rate = 0.999
26 - INFO - chord#: 88 done. best_score=140.0, changed=626, unchanged=607, early_stops=8/8
26 - INFO - chord#: 92 In build_straw_man_chord_sa. tolerance = 1, sa_iterations = 1000, initial_temperature = 3.0, cooling_rate = 0.999
26 - INFO - chord#: 92 done. best_score=27.0, changed=520, unchanged=347, early_stops=8/8
26 - INFO - chord#: 96 In build_straw_man_chord_sa. tolerance = 1, sa_iterations = 1000, initial_temperature = 3.0, cooling_rate = 0.999
26 - INFO - chord#: 96 done. best_score=27.0, changed=515, unchanged=379, early_stops=8/8
26 - INFO - chord#: 98 In build_straw_man_chord_sa. tolerance = 1, sa_iterations = 1000, initial_temperature = 3.0, cooling_rate = 0.999
26 - INFO - chord#: 96 done. best_score=27.0, changed=529, unchanged=399, early_stops=8/8
26 - INFO - chord#: 98 In build_straw_man_chord_sa. tolerance = 1, sa_iterations = 1000, initial_temperature = 3.0, cooling_rate = 0.999
26 - INFO - chord#: 92 done. best_score=27.0, changed=523, unchanged=344, early_stops=8/8
26 - INFO - chord#: 96 In build_straw_man_chord_sa. tolerance = 1, sa_iterations = 1000, initial_temperature = 3.0, cooling_rate = 0.999
26 - INFO - chord#: 86 done. best_score=120.0, changed=616, unchanged=386, early_stops=8/8
26 - INFO - chord#: 88 In build_straw_man_chord_sa. tolerance = 1, sa_iterations = 1000, initial_temperature = 3.0, cooling_rate = 0.999
26 - INFO - chord#: 78 done. best_score=148.0, changed=609, unchanged=224, early_stops=8/8
26 - INFO - chord#: 80 In build_straw_man_chord_sa. tolerance = 1, sa_iterations = 1000, initial_temperature = 3.0, cooling_rate = 0.999
26 - INFO - chord#: 78 done. best_score=74.0, changed=611, unchanged=319, early_stops=8/8
26 - INFO - chord#: 80 In build_straw_man_chord_sa. tolerance = 1, sa_iterations = 1000, initial_temperature = 3.0, cooling_rate = 0.999
26 - INFO - chord#: 96 done. best_score=27.0, changed=509, unchanged=351, early_stops=8/8
26 - INFO - chord#: 98 In build_straw_man_chord_sa. tolerance = 1, sa_iterations = 1000, initial_temperature = 3.0, cooling_rate = 0.999
26 - INFO - chord#: 80 done. best_score=140.0, changed=609, unchanged=275, early_stops=8/8
26 - INFO - chord#: 84 In build_straw_man_chord_sa. tolerance = 1, sa_iterations = 1000, initial_temperature = 3.0, cooling_rate = 0.999
26 - INFO - chord#: 92 done. best_score=27.0, changed=529, unchanged=440, early_stops=8/8
26 - INFO - chord#: 96 In build_straw_man_chord_sa. tolerance = 1, sa_iterations = 1000, initial_temperature = 3.0, cooling_rate = 0.999
26 - INFO - chord#: 78 done. best_score=74.0, changed=614, unchanged=334, early_stops=8/8
26 - INFO - chord#: 80 In build_straw_man_chord_sa. tolerance = 1, sa_iterations = 1000, initial_temperature = 3.0, cooling_rate = 0.999
26 - INFO - chord#: 96 done. best_score=27.0, changed=529, unchanged=443, early_stops=8/8
26 - INFO - chord#: 98 In build_straw_man_chord_sa. tolerance = 1, sa_iterations = 1000, initial_temperature = 3.0, cooling_rate = 0.999
26 - INFO - chord#: 80 done. best_score=140.0, changed=615, unchanged=327, early_stops=8/8
26 - INFO - chord#: 84 In build_straw_man_chord_sa. tolerance = 1, sa_iterations = 1000, initial_temperature = 3.0, cooling_rate = 0.999
26 - INFO - chord#: 96 done. best_score=27.0, changed=519, unchanged=469, early_stops=8/8
26 - INFO - chord#: 98 In build_straw_man_chord_sa. tolerance = 1, sa_iterations = 1000, initial_temperature = 3.0, cooling_rate = 0.999
26 - INFO - chord#: 84 done. best_score=27.0, changed=520, unchanged=360, early_stops=8/8
26 - INFO - chord#: 86 In build_straw_man_chord_sa. tolerance = 1, sa_iterations = 1000, initial_temperature = 3.0, cooling_rate = 0.999
26 - INFO - chord#: 98 done. best_score=64.0, changed=611, unchanged=409, early_stops=8/8
26 - INFO - chord#: 100 In build_straw_man_chord_sa. tolerance = 1, sa_iterations = 1000, initial_temperature = 3.0, cooling_rate = 0.999
26 - INFO - chord#: 78 done. best_score=74.0, changed=615, unchanged=384, early_stops=8/8
26 - INFO - chord#: 80 In build_straw_man_chord_sa. tolerance = 1, sa_iterations = 1000, initial_temperature = 3.0, cooling_rate = 0.999
26 - INFO - chord#: 98 done. best_score=64.0, changed=613, unchanged=418, early_stops=8/8
26 - INFO - chord#: 100 In build_straw_man_chord_sa. tolerance = 1, sa_iterations = 1000, initial_temperature = 3.0, cooling_rate = 0.999
26 - INFO - chord#: 98 done. best_score=64.0, changed=611, unchanged=228, early_stops=8/8
26 - INFO - chord#: 100 In build_straw_man_chord_sa. tolerance = 1, sa_iterations = 1000, initial_temperature = 3.0, cooling_rate = 0.999
26 - INFO - chord#: 88 done. best_score=140.0, changed=613, unchanged=357, early_stops=8/8
26 - INFO - chord#: 92 In build_straw_man_chord_sa. tolerance = 1, sa_iterations = 1000, initial_temperature = 3.0, cooling_rate = 0.999
26 - INFO - chord#: 84 done. best_score=27.0, changed=518, unchanged=402, early_stops=8/8
26 - INFO - chord#: 86 In build_straw_man_chord_sa. tolerance = 1, sa_iterations = 1000, initial_temperature = 3.0, cooling_rate = 0.999
26 - INFO - chord#: 80 done. best_score=145.0, changed=608, unchanged=278, early_stops=8/8
26 - INFO - chord#: 84 In build_straw_man_chord_sa. tolerance = 1, sa_iterations = 1000, initial_temperature = 3.0, cooling_rate = 0.999
26 - INFO - chord#: 100 done. best_score=27.0, changed=528, unchanged=367, early_stops=8/8
26 - INFO - chord#: 102 In build_straw_man_chord_sa. tolerance = 1, sa_iterations = 1000, initial_temperature = 3.0, cooling_rate = 0.999
26 - INFO - chord#: 80 done. best_score=140.0, changed=612, unchanged=310, early_stops=8/8
26 - INFO - chord#: 84 In build_straw_man_chord_sa. tolerance = 1, sa_iterations = 1000, initial_temperature = 3.0, cooling_rate = 0.999
26 - INFO - chord#: 100 done. best_score=27.0, changed=527, unchanged=364, early_stops=8/8
26 - INFO - chord#: 102 In build_straw_man_chord_sa. tolerance = 1, sa_iterations = 1000, initial_temperature = 3.0, cooling_rate = 0.999
26 - INFO - chord#: 100 done. best_score=27.0, changed=528, unchanged=450, early_stops=8/8
26 - INFO - chord#: 102 In build_straw_man_chord_sa. tolerance = 1, sa_iterations = 1000, initial_temperature = 3.0, cooling_rate = 0.999
26 - INFO - chord#: 98 done. best_score=146.0, changed=613, unchanged=328, early_stops=8/8
26 - INFO - chord#: 100 In build_straw_man_chord_sa. tolerance = 1, sa_iterations = 1000, initial_temperature = 3.0, cooling_rate = 0.999
26 - INFO - chord#: 92 done. best_score=27.0, changed=519, unchanged=353, early_stops=8/8
26 - INFO - chord#: 96 In build_straw_man_chord_sa. tolerance = 1, sa_iterations = 1000, initial_temperature = 3.0, cooling_rate = 0.999
26 - INFO - chord#: 98 done. best_score=64.0, changed=613, unchanged=274, early_stops=8/8
26 - INFO - chord#: 100 In build_straw_man_chord_sa. tolerance = 1, sa_iterations = 1000, initial_temperature = 3.0, cooling_rate = 0.999
26 - INFO - chord#: 84 done. best_score=27.0, changed=525, unchanged=510, early_stops=8/8
26 - INFO - chord#: 86 In build_straw_man_chord_sa. tolerance = 1, sa_iterations = 1000, initial_temperature = 3.0, cooling_rate = 0.999
26 - INFO - chord#: 100 done. best_score=27.0, changed=527, unchanged=359, early_stops=8/8
26 - INFO - chord#: 102 In build_straw_man_chord_sa. tolerance = 1, sa_iterations = 1000, initial_temperature = 3.0, cooling_rate = 0.999
26 - INFO - chord#: 100 done. best_score=27.0, changed=520, unchanged=314, early_stops=8/8
26 - INFO - chord#: 102 In build_straw_man_chord_sa. tolerance = 1, sa_iterations = 1000, initial_temperature = 3.0, cooling_rate = 0.999
26 - INFO - chord#: 84 done. best_score=27.0, changed=530, unchanged=438, early_stops=8/8
26 - INFO - chord#: 86 In build_straw_man_chord_sa. tolerance = 1, sa_iterations = 1000, initial_temperature = 3.0, cooling_rate = 0.999
26 - INFO - chord#: 96 done. best_score=27.0, changed=531, unchanged=439, early_stops=8/8
26 - INFO - chord#: 98 In build_straw_man_chord_sa. tolerance = 1, sa_iterations = 1000, initial_temperature = 3.0, cooling_rate = 0.999
26 - INFO - chord#: 86 done. best_score=82.0, changed=611, unchanged=242, early_stops=8/8
26 - INFO - chord#: 88 In build_straw_man_chord_sa. tolerance = 1, sa_iterations = 1000, initial_temperature = 3.0, cooling_rate = 0.999
26 - INFO - chord#: 80 done. best_score=140.0, changed=616, unchanged=617, early_stops=8/8
26 - INFO - chord#: 84 In build_straw_man_chord_sa. tolerance = 1, sa_iterations = 1000, initial_temperature = 3.0, cooling_rate = 0.999
26 - INFO - chord#: 86 done. best_score=82.0, changed=611, unchanged=392, early_stops=8/8
26 - INFO - chord#: 88 In build_straw_man_chord_sa. tolerance = 1, sa_iterations = 1000, initial_temperature = 3.0, cooling_rate = 0.999
26 - INFO - chord#: 102 done. best_score=153.0, changed=613, unchanged=282, early_stops=8/8
26 - INFO - chord#: 104 In build_straw_man_chord_sa. tolerance = 1, sa_iterations = 1000, initial_temperature = 3.0, cooling_rate = 0.999
26 - INFO - chord#: 80 done. best_score=145.0, changed=617, unchanged=358, early_stops=8/8
26 - INFO - chord#: 84 In build_straw_man_chord_sa. tolerance = 1, sa_iterations = 1000, initial_temperature = 3.0, cooling_rate = 0.999
26 - INFO - chord#: 102 done. best_score=93.0, changed=610, unchanged=311, early_stops=8/8
26 - INFO - chord#: 104 In build_straw_man_chord_sa. tolerance = 1, sa_iterations = 1000, initial_temperature = 3.0, cooling_rate = 0.999
26 - INFO - chord#: 102 done. best_score=93.0, changed=616, unchanged=380, early_stops=8/8
26 - INFO - chord#: 104 In build_straw_man_chord_sa. tolerance = 1, sa_iterations = 1000, initial_temperature = 3.0, cooling_rate = 0.999
26 - INFO - chord#: 84 done. best_score=27.0, changed=516, unchanged=333, early_stops=8/8
26 - INFO - chord#: 86 In build_straw_man_chord_sa. tolerance = 1, sa_iterations = 1000, initial_temperature = 3.0, cooling_rate = 0.999
26 - INFO - chord#: 104 done. best_score=27.0, changed=520, unchanged=326, early_stops=8/8
26 - INFO - chord#: 106 In build_straw_man_chord_sa. tolerance = 1, sa_iterations = 1000, initial_temperature = 3.0, cooling_rate = 0.999
26 - INFO - chord#: 84 done. best_score=27.0, changed=516, unchanged=340, early_stops=8/8
26 - INFO - chord#: 86 In build_straw_man_chord_sa. tolerance = 1, sa_iterations = 1000, initial_temperature = 3.0, cooling_rate = 0.999
26 - INFO - chord#: 86 done. best_score=82.0, changed=614, unchanged=278, early_stops=8/8
26 - INFO - chord#: 88 In build_straw_man_chord_sa. tolerance = 1, sa_iterations = 1000, initial_temperature = 3.0, cooling_rate = 0.999
26 - INFO - chord#: 104 done. best_score=27.0, changed=521, unchanged=476, early_stops=8/8
26 - INFO - chord#: 106 In build_straw_man_chord_sa. tolerance = 1, sa_iterations = 1000, initial_temperature = 3.0, cooling_rate = 0.999
26 - INFO - chord#: 102 done. best_score=94.0, changed=617, unchanged=344, early_stops=8/8
26 - INFO - chord#: 104 In build_straw_man_chord_sa. tolerance = 1, sa_iterations = 1000, initial_temperature = 3.0, cooling_rate = 0.999
26 - INFO - chord#: 104 done. best_score=27.0, changed=525, unchanged=379, early_stops=8/8
26 - INFO - chord#: 106 In build_straw_man_chord_sa. tolerance = 1, sa_iterations = 1000, initial_temperature = 3.0, cooling_rate = 0.999
26 - INFO - chord#: 102 done. best_score=93.0, changed=615, unchanged=327, early_stops=8/8
26 - INFO - chord#: 104 In build_straw_man_chord_sa. tolerance = 1, sa_iterations = 1000, initial_temperature = 3.0, cooling_rate = 0.999
26 - INFO - chord#: 106 done. best_score=27.0, changed=527, unchanged=453, early_stops=8/8
26 - INFO - chord#: 108 In build_straw_man_chord_sa. tolerance = 1, sa_iterations = 1000, initial_temperature = 3.0, cooling_rate = 0.999
26 - INFO - chord#: 98 done. best_score=64.0, changed=619, unchanged=573, early_stops=8/8
26 - INFO - chord#: 100 In build_straw_man_chord_sa. tolerance = 1, sa_iterations = 1000, initial_temperature = 3.0, cooling_rate = 0.999
26 - INFO - chord#: 86 done. best_score=120.0, changed=611, unchanged=276, early_stops=8/8
26 - INFO - chord#: 88 In build_straw_man_chord_sa. tolerance = 1, sa_iterations = 1000, initial_temperature = 3.0, cooling_rate = 0.999
26 - INFO - chord#: 106 done. best_score=27.0, changed=525, unchanged=367, early_stops=8/8
26 - INFO - chord#: 108 In build_straw_man_chord_sa. tolerance = 1, sa_iterations = 1000, initial_temperature = 3.0, cooling_rate = 0.999
26 - INFO - chord#: 88 done. best_score=142.0, changed=608, unchanged=257, early_stops=8/8
26 - INFO - chord#: 92 In build_straw_man_chord_sa. tolerance = 1, sa_iterations = 1000, initial_temperature = 3.0, cooling_rate = 0.999
26 - INFO - chord#: 88 done. best_score=140.0, changed=614, unchanged=248, early_stops=8/8
26 - INFO - chord#: 92 In build_straw_man_chord_sa. tolerance = 1, sa_iterations = 1000, initial_temperature = 3.0, cooling_rate = 0.999
26 - INFO - chord#: 106 done. best_score=27.0, changed=523, unchanged=346, early_stops=8/8
26 - INFO - chord#: 108 In build_straw_man_chord_sa. tolerance = 1, sa_iterations = 1000, initial_temperature = 3.0, cooling_rate = 0.999
26 - INFO - chord#: 104 done. best_score=27.0, changed=528, unchanged=466, early_stops=8/8
26 - INFO - chord#: 106 In build_straw_man_chord_sa. tolerance = 1, sa_iterations = 1000, initial_temperature = 3.0, cooling_rate = 0.999
26 - INFO - chord#: 104 done. best_score=27.0, changed=522, unchanged=358, early_stops=8/8
26 - INFO - chord#: 106 In build_straw_man_chord_sa. tolerance = 1, sa_iterations = 1000, initial_temperature = 3.0, cooling_rate = 0.999
26 - INFO - chord#: 108 done. best_score=27.0, changed=520, unchanged=513, early_stops=8/8
26 - INFO - chord#: 110 In build_straw_man_chord_sa. tolerance = 1, sa_iterations = 1000, initial_temperature = 3.0, cooling_rate = 0.999
26 - INFO - chord#: 100 done. best_score=27.0, changed=526, unchanged=412, early_stops=8/8
26 - INFO - chord#: 102 In build_straw_man_chord_sa. tolerance = 1, sa_iterations = 1000, initial_temperature = 3.0, cooling_rate = 0.999
26 - INFO - chord#: 108 done. best_score=27.0, changed=510, unchanged=409, early_stops=8/8
26 - INFO - chord#: 110 In build_straw_man_chord_sa. tolerance = 1, sa_iterations = 1000, initial_temperature = 3.0, cooling_rate = 0.999
26 - INFO - chord#: 86 done. best_score=120.0, changed=610, unchanged=223, early_stops=8/8
26 - INFO - chord#: 88 In build_straw_man_chord_sa. tolerance = 1, sa_iterations = 1000, initial_temperature = 3.0, cooling_rate = 0.999
26 - INFO - chord#: 106 done. best_score=27.0, changed=521, unchanged=319, early_stops=8/8
26 - INFO - chord#: 108 In build_straw_man_chord_sa. tolerance = 1, sa_iterations = 1000, initial_temperature = 3.0, cooling_rate = 0.999
26 - INFO - chord#: 106 done. best_score=27.0, changed=528, unchanged=332, early_stops=8/8
26 - INFO - chord#: 108 In build_straw_man_chord_sa. tolerance = 1, sa_iterations = 1000, initial_temperature = 3.0, cooling_rate = 0.999
26 - INFO - chord#: 108 done. best_score=27.0, changed=523, unchanged=363, early_stops=8/8
26 - INFO - chord#: 110 In build_straw_man_chord_sa. tolerance = 1, sa_iterations = 1000, initial_temperature = 3.0, cooling_rate = 0.999
26 - INFO - chord#: 92 done. best_score=27.0, changed=515, unchanged=392, early_stops=8/8
26 - INFO - chord#: 96 In build_straw_man_chord_sa. tolerance = 1, sa_iterations = 1000, initial_temperature = 3.0, cooling_rate = 0.999
26 - INFO - chord#: 86 done. best_score=82.0, changed=605, unchanged=218, early_stops=8/8
26 - INFO - chord#: 88 In build_straw_man_chord_sa. tolerance = 1, sa_iterations = 1000, initial_temperature = 3.0, cooling_rate = 0.999
26 - INFO - chord#: 92 done. best_score=27.0, changed=514, unchanged=454, early_stops=8/8
26 - INFO - chord#: 96 In build_straw_man_chord_sa. tolerance = 1, sa_iterations = 1000, initial_temperature = 3.0, cooling_rate = 0.999
26 - INFO - chord#: 88 done. best_score=143.0, changed=613, unchanged=310, early_stops=8/8
26 - INFO - chord#: 92 In build_straw_man_chord_sa. tolerance = 1, sa_iterations = 1000, initial_temperature = 3.0, cooling_rate = 0.999
26 - INFO - chord#: 108 done. best_score=27.0, changed=514, unchanged=336, early_stops=8/8
26 - INFO - chord#: 110 In build_straw_man_chord_sa. tolerance = 1, sa_iterations = 1000, initial_temperature = 3.0, cooling_rate = 0.999
26 - INFO - chord#: 108 done. best_score=27.0, changed=519, unchanged=430, early_stops=8/8
26 - INFO - chord#: 110 In build_straw_man_chord_sa. tolerance = 1, sa_iterations = 1000, initial_temperature = 3.0, cooling_rate = 0.999
26 - INFO - chord#: 88 done. best_score=140.0, changed=611, unchanged=282, early_stops=8/8
26 - INFO - chord#: 92 In build_straw_man_chord_sa. tolerance = 1, sa_iterations = 1000, initial_temperature = 3.0, cooling_rate = 0.999
26 - INFO - chord#: 96 done. best_score=27.0, changed=527, unchanged=481, early_stops=8/8
26 - INFO - chord#: 98 In build_straw_man_chord_sa. tolerance = 1, sa_iterations = 1000, initial_temperature = 3.0, cooling_rate = 0.999
26 - INFO - chord#: 96 done. best_score=27.0, changed=528, unchanged=388, early_stops=8/8
26 - INFO - chord#: 98 In build_straw_man_chord_sa. tolerance = 1, sa_iterations = 1000, initial_temperature = 3.0, cooling_rate = 0.999
26 - INFO - chord#: 110 done. best_score=125.0, changed=614, unchanged=332, early_stops=8/8
26 - INFO - chord#: 112 In build_straw_man_chord_sa. tolerance = 1, sa_iterations = 1000, initial_temperature = 3.0, cooling_rate = 0.999
26 - INFO - chord#: 102 done. best_score=93.0, changed=617, unchanged=299, early_stops=8/8
26 - INFO - chord#: 104 In build_straw_man_chord_sa. tolerance = 1, sa_iterations = 1000, initial_temperature = 3.0, cooling_rate = 0.999
26 - INFO - chord#: 110 done. best_score=67.0, changed=613, unchanged=309, early_stops=8/8
26 - INFO - chord#: 112 In build_straw_man_chord_sa. tolerance = 1, sa_iterations = 1000, initial_temperature = 3.0, cooling_rate = 0.999
26 - INFO - chord#: 92 done. best_score=27.0, changed=520, unchanged=440, early_stops=8/8
26 - INFO - chord#: 96 In build_straw_man_chord_sa. tolerance = 1, sa_iterations = 1000, initial_temperature = 3.0, cooling_rate = 0.999
26 - INFO - chord#: 110 done. best_score=67.0, changed=616, unchanged=406, early_stops=8/8
26 - INFO - chord#: 112 In build_straw_man_chord_sa. tolerance = 1, sa_iterations = 1000, initial_temperature = 3.0, cooling_rate = 0.999
26 - INFO - chord#: 104 done. best_score=27.0, changed=517, unchanged=319, early_stops=8/8
26 - INFO - chord#: 106 In build_straw_man_chord_sa. tolerance = 1, sa_iterations = 1000, initial_temperature = 3.0, cooling_rate = 0.999
26 - INFO - chord#: 112 done. best_score=27.0, changed=519, unchanged=466, early_stops=8/8
26 - INFO - chord#: 116 In build_straw_man_chord_sa. tolerance = 1, sa_iterations = 1000, initial_temperature = 3.0, cooling_rate = 0.999
26 - INFO - chord#: 92 done. best_score=27.0, changed=516, unchanged=396, early_stops=8/8
26 - INFO - chord#: 96 In build_straw_man_chord_sa. tolerance = 1, sa_iterations = 1000, initial_temperature = 3.0, cooling_rate = 0.999
26 - INFO - chord#: 88 done. best_score=143.0, changed=613, unchanged=357, early_stops=8/8
26 - INFO - chord#: 92 In build_straw_man_chord_sa. tolerance = 1, sa_iterations = 1000, initial_temperature = 3.0, cooling_rate = 0.999
26 - INFO - chord#: 112 done. best_score=27.0, changed=519, unchanged=322, early_stops=8/8
26 - INFO - chord#: 116 In build_straw_man_chord_sa. tolerance = 1, sa_iterations = 1000, initial_temperature = 3.0, cooling_rate = 0.999
26 - INFO - chord#: 110 done. best_score=145.0, changed=607, unchanged=236, early_stops=8/8
26 - INFO - chord#: 112 In build_straw_man_chord_sa. tolerance = 1, sa_iterations = 1000, initial_temperature = 3.0, cooling_rate = 0.999
26 - INFO - chord#: 110 done. best_score=112.0, changed=610, unchanged=301, early_stops=8/8
26 - INFO - chord#: 112 In build_straw_man_chord_sa. tolerance = 1, sa_iterations = 1000, initial_temperature = 3.0, cooling_rate = 0.999
26 - INFO - chord#: 88 done. best_score=142.0, changed=611, unchanged=292, early_stops=8/8
26 - INFO - chord#: 92 In build_straw_man_chord_sa. tolerance = 1, sa_iterations = 1000, initial_temperature = 3.0, cooling_rate = 0.999
26 - INFO - chord#: 112 done. best_score=27.0, changed=517, unchanged=368, early_stops=8/8
26 - INFO - chord#: 116 In build_straw_man_chord_sa. tolerance = 1, sa_iterations = 1000, initial_temperature = 3.0, cooling_rate = 0.999
26 - INFO - chord#: 96 done. best_score=27.0, changed=522, unchanged=451, early_stops=8/8
26 - INFO - chord#: 98 In build_straw_man_chord_sa. tolerance = 1, sa_iterations = 1000, initial_temperature = 3.0, cooling_rate = 0.999
26 - INFO - chord#: 106 done. best_score=27.0, changed=521, unchanged=364, early_stops=8/8
26 - INFO - chord#: 108 In build_straw_man_chord_sa. tolerance = 1, sa_iterations = 1000, initial_temperature = 3.0, cooling_rate = 0.999
26 - INFO - chord#: 98 done. best_score=64.0, changed=608, unchanged=217, early_stops=8/8
26 - INFO - chord#: 100 In build_straw_man_chord_sa. tolerance = 1, sa_iterations = 1000, initial_temperature = 3.0, cooling_rate = 0.999
26 - INFO - chord#: 112 done. best_score=27.0, changed=513, unchanged=374, early_stops=8/8
26 - INFO - chord#: 116 In build_straw_man_chord_sa. tolerance = 1, sa_iterations = 1000, initial_temperature = 3.0, cooling_rate = 0.999
26 - INFO - chord#: 98 done. best_score=64.0, changed=619, unchanged=293, early_stops=8/8
26 - INFO - chord#: 100 In build_straw_man_chord_sa. tolerance = 1, sa_iterations = 1000, initial_temperature = 3.0, cooling_rate = 0.999
26 - INFO - chord#: 112 done. best_score=27.0, changed=515, unchanged=508, early_stops=8/8
26 - INFO - chord#: 116 In build_straw_man_chord_sa. tolerance = 1, sa_iterations = 1000, initial_temperature = 3.0, cooling_rate = 0.999
26 - INFO - chord#: 92 done. best_score=27.0, changed=520, unchanged=400, early_stops=8/8
26 - INFO - chord#: 96 In build_straw_man_chord_sa. tolerance = 1, sa_iterations = 1000, initial_temperature = 3.0, cooling_rate = 0.999
26 - INFO - chord#: 96 done. best_score=27.0, changed=527, unchanged=378, early_stops=8/8
26 - INFO - chord#: 98 In build_straw_man_chord_sa. tolerance = 1, sa_iterations = 1000, initial_temperature = 3.0, cooling_rate = 0.999
26 - INFO - chord#: 92 done. best_score=27.0, changed=523, unchanged=396, early_stops=8/8
26 - INFO - chord#: 96 In build_straw_man_chord_sa. tolerance = 1, sa_iterations = 1000, initial_temperature = 3.0, cooling_rate = 0.999
26 - INFO - chord#: 108 done. best_score=27.0, changed=520, unchanged=417, early_stops=8/8
26 - INFO - chord#: 110 In build_straw_man_chord_sa. tolerance = 1, sa_iterations = 1000, initial_temperature = 3.0, cooling_rate = 0.999
26 - INFO - chord#: 116 done. best_score=161.0, changed=609, unchanged=256, early_stops=8/8
26 - INFO - chord#: 120 In build_straw_man_chord_sa. tolerance = 1, sa_iterations = 1000, initial_temperature = 3.0, cooling_rate = 0.999
26 - INFO - chord#: 116 done. best_score=137.0, changed=609, unchanged=349, early_stops=8/8
26 - INFO - chord#: 120 In build_straw_man_chord_sa. tolerance = 1, sa_iterations = 1000, initial_temperature = 3.0, cooling_rate = 0.999
26 - INFO - chord#: 100 done. best_score=27.0, changed=523, unchanged=362, early_stops=8/8
26 - INFO - chord#: 102 In build_straw_man_chord_sa. tolerance = 1, sa_iterations = 1000, initial_temperature = 3.0, cooling_rate = 0.999
26 - INFO - chord#: 100 done. best_score=27.0, changed=518, unchanged=381, early_stops=8/8
26 - INFO - chord#: 102 In build_straw_man_chord_sa. tolerance = 1, sa_iterations = 1000, initial_temperature = 3.0, cooling_rate = 0.999
26 - INFO - chord#: 116 done. best_score=137.0, changed=608, unchanged=285, early_stops=8/8
26 - INFO - chord#: 120 In build_straw_man_chord_sa. tolerance = 1, sa_iterations = 1000, initial_temperature = 3.0, cooling_rate = 0.999
26 - INFO - chord#: 96 done. best_score=27.0, changed=520, unchanged=442, early_stops=8/8
26 - INFO - chord#: 98 In build_straw_man_chord_sa. tolerance = 1, sa_iterations = 1000, initial_temperature = 3.0, cooling_rate = 0.999
26 - INFO - chord#: 96 done. best_score=27.0, changed=521, unchanged=500, early_stops=8/8
26 - INFO - chord#: 98 In build_straw_man_chord_sa. tolerance = 1, sa_iterations = 1000, initial_temperature = 3.0, cooling_rate = 0.999
26 - INFO - chord#: 98 done. best_score=104.0, changed=613, unchanged=328, early_stops=8/8
26 - INFO - chord#: 100 In build_straw_man_chord_sa. tolerance = 1, sa_iterations = 1000, initial_temperature = 3.0, cooling_rate = 0.999
26 - INFO - chord#: 120 done. best_score=27.0, changed=524, unchanged=519, early_stops=8/8
26 - INFO - chord#: 122 In build_straw_man_chord_sa. tolerance = 1, sa_iterations = 1000, initial_temperature = 3.0, cooling_rate = 0.999
26 - INFO - chord#: 116 done. best_score=125.0, changed=605, unchanged=259, early_stops=8/8
26 - INFO - chord#: 120 In build_straw_man_chord_sa. tolerance = 1, sa_iterations = 1000, initial_temperature = 3.0, cooling_rate = 0.999
26 - INFO - chord#: 120 done. best_score=27.0, changed=521, unchanged=409, early_stops=8/8
26 - INFO - chord#: 122 In build_straw_man_chord_sa. tolerance = 1, sa_iterations = 1000, initial_temperature = 3.0, cooling_rate = 0.999
26 - INFO - chord#: 120 done. best_score=27.0, changed=525, unchanged=570, early_stops=8/8
26 - INFO - chord#: 122 In build_straw_man_chord_sa. tolerance = 1, sa_iterations = 1000, initial_temperature = 3.0, cooling_rate = 0.999
26 - INFO - chord#: 116 done. best_score=78.0, changed=614, unchanged=392, early_stops=8/8
26 - INFO - chord#: 120 In build_straw_man_chord_sa. tolerance = 1, sa_iterations = 1000, initial_temperature = 3.0, cooling_rate = 0.999
26 - INFO - chord#: 110 done. best_score=140.0, changed=612, unchanged=255, early_stops=8/8
26 - INFO - chord#: 112 In build_straw_man_chord_sa. tolerance = 1, sa_iterations = 1000, initial_temperature = 3.0, cooling_rate = 0.999
26 - INFO - chord#: 98 done. best_score=64.0, changed=607, unchanged=329, early_stops=8/8
26 - INFO - chord#: 100 In build_straw_man_chord_sa. tolerance = 1, sa_iterations = 1000, initial_temperature = 3.0, cooling_rate = 0.999
26 - INFO - chord#: 100 done. best_score=27.0, changed=526, unchanged=505, early_stops=8/8
26 - INFO - chord#: 102 In build_straw_man_chord_sa. tolerance = 1, sa_iterations = 1000, initial_temperature = 3.0, cooling_rate = 0.999
26 - INFO - chord#: 120 done. best_score=27.0, changed=528, unchanged=625, early_stops=8/8
26 - INFO - chord#: 122 In build_straw_man_chord_sa. tolerance = 1, sa_iterations = 1000, initial_temperature = 3.0, cooling_rate = 0.999
26 - INFO - chord#: 120 done. best_score=27.0, changed=525, unchanged=476, early_stops=8/8
26 - INFO - chord#: 122 In build_straw_man_chord_sa. tolerance = 1, sa_iterations = 1000, initial_temperature = 3.0, cooling_rate = 0.999
26 - INFO - chord#: 112 done. best_score=27.0, changed=512, unchanged=346, early_stops=8/8
26 - INFO - chord#: 116 In build_straw_man_chord_sa. tolerance = 1, sa_iterations = 1000, initial_temperature = 3.0, cooling_rate = 0.999
26 - INFO - chord#: 102 done. best_score=96.0, changed=613, unchanged=295, early_stops=8/8
26 - INFO - chord#: 104 In build_straw_man_chord_sa. tolerance = 1, sa_iterations = 1000, initial_temperature = 3.0, cooling_rate = 0.999
26 - INFO - chord#: 102 done. best_score=96.0, changed=610, unchanged=331, early_stops=8/8
26 - INFO - chord#: 104 In build_straw_man_chord_sa. tolerance = 1, sa_iterations = 1000, initial_temperature = 3.0, cooling_rate = 0.999
26 - INFO - chord#: 100 done. best_score=27.0, changed=521, unchanged=344, early_stops=8/8
26 - INFO - chord#: 102 In build_straw_man_chord_sa. tolerance = 1, sa_iterations = 1000, initial_temperature = 3.0, cooling_rate = 0.999
26 - INFO - chord#: 98 done. best_score=64.0, changed=609, unchanged=270, early_stops=8/8
26 - INFO - chord#: 100 In build_straw_man_chord_sa. tolerance = 1, sa_iterations = 1000, initial_temperature = 3.0, cooling_rate = 0.999
26 - INFO - chord#: 122 done. best_score=67.0, changed=612, unchanged=291, early_stops=8/8
26 - INFO - chord#: 124 In build_straw_man_chord_sa. tolerance = 1, sa_iterations = 1000, initial_temperature = 3.0, cooling_rate = 0.999
26 - INFO - chord#: 122 done. best_score=67.0, changed=610, unchanged=228, early_stops=8/8
26 - INFO - chord#: 124 In build_straw_man_chord_sa. tolerance = 1, sa_iterations = 1000, initial_temperature = 3.0, cooling_rate = 0.999
26 - INFO - chord#: 122 done. best_score=67.0, changed=611, unchanged=336, early_stops=8/8
26 - INFO - chord#: 124 In build_straw_man_chord_sa. tolerance = 1, sa_iterations = 1000, initial_temperature = 3.0, cooling_rate = 0.999
26 - INFO - chord#: 98 done. best_score=64.0, changed=620, unchanged=449, early_stops=8/8
26 - INFO - chord#: 100 In build_straw_man_chord_sa. tolerance = 1, sa_iterations = 1000, initial_temperature = 3.0, cooling_rate = 0.999
26 - INFO - chord#: 104 done. best_score=27.0, changed=518, unchanged=423, early_stops=8/8
26 - INFO - chord#: 106 In build_straw_man_chord_sa. tolerance = 1, sa_iterations = 1000, initial_temperature = 3.0, cooling_rate = 0.999
26 - INFO - chord#: 124 done. best_score=27.0, changed=530, unchanged=310, early_stops=8/8
26 - INFO - chord#: 128 In build_straw_man_chord_sa. tolerance = 1, sa_iterations = 1000, initial_temperature = 3.0, cooling_rate = 0.999
26 - INFO - chord#: 100 done. best_score=27.0, changed=518, unchanged=428, early_stops=8/8
26 - INFO - chord#: 102 In build_straw_man_chord_sa. tolerance = 1, sa_iterations = 1000, initial_temperature = 3.0, cooling_rate = 0.999
26 - INFO - chord#: 104 done. best_score=27.0, changed=524, unchanged=546, early_stops=8/8
26 - INFO - chord#: 106 In build_straw_man_chord_sa. tolerance = 1, sa_iterations = 1000, initial_temperature = 3.0, cooling_rate = 0.999
26 - INFO - chord#: 124 done. best_score=27.0, changed=524, unchanged=394, early_stops=8/8
26 - INFO - chord#: 128 In build_straw_man_chord_sa. tolerance = 1, sa_iterations = 1000, initial_temperature = 3.0, cooling_rate = 0.999
26 - INFO - chord#: 124 done. best_score=27.0, changed=527, unchanged=494, early_stops=8/8
26 - INFO - chord#: 128 In build_straw_man_chord_sa. tolerance = 1, sa_iterations = 1000, initial_temperature = 3.0, cooling_rate = 0.999
26 - INFO - chord#: 116 done. best_score=125.0, changed=615, unchanged=296, early_stops=8/8
26 - INFO - chord#: 120 In build_straw_man_chord_sa. tolerance = 1, sa_iterations = 1000, initial_temperature = 3.0, cooling_rate = 0.999
26 - INFO - chord#: 122 done. best_score=67.0, changed=615, unchanged=323, early_stops=8/8
26 - INFO - chord#: 124 In build_straw_man_chord_sa. tolerance = 1, sa_iterations = 1000, initial_temperature = 3.0, cooling_rate = 0.999
26 - INFO - chord#: 100 done. best_score=27.0, changed=516, unchanged=322, early_stops=8/8
26 - INFO - chord#: 102 In build_straw_man_chord_sa. tolerance = 1, sa_iterations = 1000, initial_temperature = 3.0, cooling_rate = 0.999
26 - INFO - chord#: 122 done. best_score=67.0, changed=614, unchanged=451, early_stops=8/8
26 - INFO - chord#: 124 In build_straw_man_chord_sa. tolerance = 1, sa_iterations = 1000, initial_temperature = 3.0, cooling_rate = 0.999
26 - INFO - chord#: 128 done. best_score=36.0, changed=520, unchanged=365, early_stops=8/8
26 - INFO - chord#: 132 In build_straw_man_chord_sa. tolerance = 1, sa_iterations = 1000, initial_temperature = 3.0, cooling_rate = 0.999
26 - INFO - chord#: 106 done. best_score=27.0, changed=524, unchanged=308, early_stops=8/8
26 - INFO - chord#: 108 In build_straw_man_chord_sa. tolerance = 1, sa_iterations = 1000, initial_temperature = 3.0, cooling_rate = 0.999
26 - INFO - chord#: 128 done. best_score=36.0, changed=521, unchanged=344, early_stops=8/8
26 - INFO - chord#: 132 In build_straw_man_chord_sa. tolerance = 1, sa_iterations = 1000, initial_temperature = 3.0, cooling_rate = 0.999
26 - INFO - chord#: 102 done. best_score=94.0, changed=612, unchanged=360, early_stops=8/8
26 - INFO - chord#: 104 In build_straw_man_chord_sa. tolerance = 1, sa_iterations = 1000, initial_temperature = 3.0, cooling_rate = 0.999
26 - INFO - chord#: 128 done. best_score=36.0, changed=523, unchanged=454, early_stops=8/8
26 - INFO - chord#: 132 In build_straw_man_chord_sa. tolerance = 1, sa_iterations = 1000, initial_temperature = 3.0, cooling_rate = 0.999
26 - INFO - chord#: 106 done. best_score=27.0, changed=529, unchanged=444, early_stops=8/8
26 - INFO - chord#: 108 In build_straw_man_chord_sa. tolerance = 1, sa_iterations = 1000, initial_temperature = 3.0, cooling_rate = 0.999
26 - INFO - chord#: 102 done. best_score=93.0, changed=608, unchanged=263, early_stops=8/8
26 - INFO - chord#: 104 In build_straw_man_chord_sa. tolerance = 1, sa_iterations = 1000, initial_temperature = 3.0, cooling_rate = 0.999
26 - INFO - chord#: 124 done. best_score=27.0, changed=530, unchanged=412, early_stops=8/8
26 - INFO - chord#: 128 In build_straw_man_chord_sa. tolerance = 1, sa_iterations = 1000, initial_temperature = 3.0, cooling_rate = 0.999
26 - INFO - chord#: 120 done. best_score=27.0, changed=518, unchanged=415, early_stops=8/8
26 - INFO - chord#: 122 In build_straw_man_chord_sa. tolerance = 1, sa_iterations = 1000, initial_temperature = 3.0, cooling_rate = 0.999
26 - INFO - chord#: 124 done. best_score=27.0, changed=523, unchanged=366, early_stops=8/8
26 - INFO - chord#: 128 In build_straw_man_chord_sa. tolerance = 1, sa_iterations = 1000, initial_temperature = 3.0, cooling_rate = 0.999
26 - INFO - chord#: 132 done. best_score=27.0, changed=519, unchanged=367, early_stops=8/8
26 - INFO - chord#: 134 In build_straw_man_chord_sa. tolerance = 1, sa_iterations = 1000, initial_temperature = 3.0, cooling_rate = 0.999
26 - INFO - chord#: 132 done. best_score=27.0, changed=526, unchanged=456, early_stops=8/8
26 - INFO - chord#: 134 In build_straw_man_chord_sa. tolerance = 1, sa_iterations = 1000, initial_temperature = 3.0, cooling_rate = 0.999
26 - INFO - chord#: 108 done. best_score=27.0, changed=514, unchanged=435, early_stops=8/8
26 - INFO - chord#: 110 In build_straw_man_chord_sa. tolerance = 1, sa_iterations = 1000, initial_temperature = 3.0, cooling_rate = 0.999
26 - INFO - chord#: 132 done. best_score=27.0, changed=524, unchanged=486, early_stops=8/8
26 - INFO - chord#: 134 In build_straw_man_chord_sa. tolerance = 1, sa_iterations = 1000, initial_temperature = 3.0, cooling_rate = 0.999
26 - INFO - chord#: 104 done. best_score=27.0, changed=521, unchanged=402, early_stops=8/8
26 - INFO - chord#: 106 In build_straw_man_chord_sa. tolerance = 1, sa_iterations = 1000, initial_temperature = 3.0, cooling_rate = 0.999
26 - INFO - chord#: 128 done. best_score=36.0, changed=523, unchanged=420, early_stops=8/8
26 - INFO - chord#: 132 In build_straw_man_chord_sa. tolerance = 1, sa_iterations = 1000, initial_temperature = 3.0, cooling_rate = 0.999
26 - INFO - chord#: 104 done. best_score=27.0, changed=531, unchanged=507, early_stops=8/8
26 - INFO - chord#: 106 In build_straw_man_chord_sa. tolerance = 1, sa_iterations = 1000, initial_temperature = 3.0, cooling_rate = 0.999
26 - INFO - chord#: 128 done. best_score=36.0, changed=515, unchanged=379, early_stops=8/8
26 - INFO - chord#: 132 In build_straw_man_chord_sa. tolerance = 1, sa_iterations = 1000, initial_temperature = 3.0, cooling_rate = 0.999
26 - INFO - chord#: 102 done. best_score=148.0, changed=610, unchanged=279, early_stops=8/8
26 - INFO - chord#: 104 In build_straw_man_chord_sa. tolerance = 1, sa_iterations = 1000, initial_temperature = 3.0, cooling_rate = 0.999
26 - INFO - chord#: 108 done. best_score=27.0, changed=525, unchanged=554, early_stops=8/8
26 - INFO - chord#: 110 In build_straw_man_chord_sa. tolerance = 1, sa_iterations = 1000, initial_temperature = 3.0, cooling_rate = 0.999
26 - INFO - chord#: 106 done. best_score=27.0, changed=519, unchanged=330, early_stops=8/8
26 - INFO - chord#: 108 In build_straw_man_chord_sa. tolerance = 1, sa_iterations = 1000, initial_temperature = 3.0, cooling_rate = 0.999
26 - INFO - chord#: 122 done. best_score=96.0, changed=610, unchanged=221, early_stops=8/8
26 - INFO - chord#: 124 In build_straw_man_chord_sa. tolerance = 1, sa_iterations = 1000, initial_temperature = 3.0, cooling_rate = 0.999
26 - INFO - chord#: 102 done. best_score=96.0, changed=616, unchanged=334, early_stops=8/8
26 - INFO - chord#: 104 In build_straw_man_chord_sa. tolerance = 1, sa_iterations = 1000, initial_temperature = 3.0, cooling_rate = 0.999
26 - INFO - chord#: 132 done. best_score=27.0, changed=515, unchanged=387, early_stops=8/8
26 - INFO - chord#: 134 In build_straw_man_chord_sa. tolerance = 1, sa_iterations = 1000, initial_temperature = 3.0, cooling_rate = 0.999
26 - INFO - chord#: 106 done. best_score=27.0, changed=524, unchanged=302, early_stops=8/8
26 - INFO - chord#: 108 In build_straw_man_chord_sa. tolerance = 1, sa_iterations = 1000, initial_temperature = 3.0, cooling_rate = 0.999
26 - INFO - chord#: 132 done. best_score=36.0, changed=524, unchanged=410, early_stops=8/8
26 - INFO - chord#: 134 In build_straw_man_chord_sa. tolerance = 1, sa_iterations = 1000, initial_temperature = 3.0, cooling_rate = 0.999
26 - INFO - chord#: 134 done. best_score=82.0, changed=615, unchanged=253, early_stops=8/8
26 - INFO - chord#: 136 In build_straw_man_chord_sa. tolerance = 1, sa_iterations = 1000, initial_temperature = 3.0, cooling_rate = 0.999
26 - INFO - chord#: 104 done. best_score=27.0, changed=518, unchanged=386, early_stops=8/8
26 - INFO - chord#: 106 In build_straw_man_chord_sa. tolerance = 1, sa_iterations = 1000, initial_temperature = 3.0, cooling_rate = 0.999
26 - INFO - chord#: 134 done. best_score=82.0, changed=617, unchanged=360, early_stops=8/8
26 - INFO - chord#: 136 In build_straw_man_chord_sa. tolerance = 1, sa_iterations = 1000, initial_temperature = 3.0, cooling_rate = 0.999
26 - INFO - chord#: 124 done. best_score=27.0, changed=532, unchanged=445, early_stops=8/8
26 - INFO - chord#: 128 In build_straw_man_chord_sa. tolerance = 1, sa_iterations = 1000, initial_temperature = 3.0, cooling_rate = 0.999
26 - INFO - chord#: 108 done. best_score=27.0, changed=526, unchanged=506, early_stops=8/8
26 - INFO - chord#: 110 In build_straw_man_chord_sa. tolerance = 1, sa_iterations = 1000, initial_temperature = 3.0, cooling_rate = 0.999
26 - INFO - chord#: 110 done. best_score=140.0, changed=613, unchanged=272, early_stops=8/8
26 - INFO - chord#: 112 In build_straw_man_chord_sa. tolerance = 1, sa_iterations = 1000, initial_temperature = 3.0, cooling_rate = 0.999
26 - INFO - chord#: 104 done. best_score=27.0, changed=516, unchanged=413, early_stops=8/8
26 - INFO - chord#: 106 In build_straw_man_chord_sa. tolerance = 1, sa_iterations = 1000, initial_temperature = 3.0, cooling_rate = 0.999
26 - INFO - chord#: 136 done. best_score=27.0, changed=519, unchanged=375, early_stops=8/8
26 - INFO - chord#: 138 In build_straw_man_chord_sa. tolerance = 1, sa_iterations = 1000, initial_temperature = 3.0, cooling_rate = 0.999
26 - INFO - chord#: 108 done. best_score=27.0, changed=525, unchanged=372, early_stops=8/8
26 - INFO - chord#: 110 In build_straw_man_chord_sa. tolerance = 1, sa_iterations = 1000, initial_temperature = 3.0, cooling_rate = 0.999
26 - INFO - chord#: 106 done. best_score=27.0, changed=529, unchanged=336, early_stops=8/8
26 - INFO - chord#: 108 In build_straw_man_chord_sa. tolerance = 1, sa_iterations = 1000, initial_temperature = 3.0, cooling_rate = 0.999
26 - INFO - chord#: 110 done. best_score=145.0, changed=606, unchanged=208, early_stops=8/8
26 - INFO - chord#: 112 In build_straw_man_chord_sa. tolerance = 1, sa_iterations = 1000, initial_temperature = 3.0, cooling_rate = 0.999
26 - INFO - chord#: 134 done. best_score=82.0, changed=609, unchanged=335, early_stops=8/8
26 - INFO - chord#: 136 In build_straw_man_chord_sa. tolerance = 1, sa_iterations = 1000, initial_temperature = 3.0, cooling_rate = 0.999
26 - INFO - chord#: 136 done. best_score=27.0, changed=523, unchanged=530, early_stops=8/8
26 - INFO - chord#: 138 In build_straw_man_chord_sa. tolerance = 1, sa_iterations = 1000, initial_temperature = 3.0, cooling_rate = 0.999
26 - INFO - chord#: 134 done. best_score=82.0, changed=608, unchanged=235, early_stops=8/8
26 - INFO - chord#: 136 In build_straw_man_chord_sa. tolerance = 1, sa_iterations = 1000, initial_temperature = 3.0, cooling_rate = 0.999
26 - INFO - chord#: 134 done. best_score=146.0, changed=615, unchanged=334, early_stops=8/8
26 - INFO - chord#: 136 In build_straw_man_chord_sa. tolerance = 1, sa_iterations = 1000, initial_temperature = 3.0, cooling_rate = 0.999
26 - INFO - chord#: 128 done. best_score=36.0, changed=520, unchanged=376, early_stops=8/8
26 - INFO - chord#: 132 In build_straw_man_chord_sa. tolerance = 1, sa_iterations = 1000, initial_temperature = 3.0, cooling_rate = 0.999
26 - INFO - chord#: 106 done. best_score=27.0, changed=521, unchanged=315, early_stops=8/8
26 - INFO - chord#: 108 In build_straw_man_chord_sa. tolerance = 1, sa_iterations = 1000, initial_temperature = 3.0, cooling_rate = 0.999
26 - INFO - chord#: 138 done. best_score=36.0, changed=533, unchanged=328, early_stops=8/8
26 - INFO - chord#: 140 In build_straw_man_chord_sa. tolerance = 1, sa_iterations = 1000, initial_temperature = 3.0, cooling_rate = 0.999
26 - INFO - chord#: 112 done. best_score=27.0, changed=519, unchanged=472, early_stops=8/8
26 - INFO - chord#: 116 In build_straw_man_chord_sa. tolerance = 1, sa_iterations = 1000, initial_temperature = 3.0, cooling_rate = 0.999
26 - INFO - chord#: 108 done. best_score=27.0, changed=525, unchanged=620, early_stops=8/8
26 - INFO - chord#: 110 In build_straw_man_chord_sa. tolerance = 1, sa_iterations = 1000, initial_temperature = 3.0, cooling_rate = 0.999
26 - INFO - chord#: 136 done. best_score=88.0, changed=542, unchanged=298, early_stops=8/8
26 - INFO - chord#: 138 In build_straw_man_chord_sa. tolerance = 1, sa_iterations = 1000, initial_temperature = 3.0, cooling_rate = 0.999
26 - INFO - chord#: 132 done. best_score=27.0, changed=515, unchanged=356, early_stops=8/8
26 - INFO - chord#: 134 In build_straw_man_chord_sa. tolerance = 1, sa_iterations = 1000, initial_temperature = 3.0, cooling_rate = 0.999
26 - INFO - chord#: 138 done. best_score=36.0, changed=522, unchanged=408, early_stops=8/8
26 - INFO - chord#: 140 In build_straw_man_chord_sa. tolerance = 1, sa_iterations = 1000, initial_temperature = 3.0, cooling_rate = 0.999
26 - INFO - chord#: 136 done. best_score=27.0, changed=521, unchanged=380, early_stops=8/8
26 - INFO - chord#: 112 done. best_score=27.0, changed=521, unchanged=360, early_stops=8/8
26 - INFO - chord#: 136 done. best_score=27.0, changed=522, unchanged=396, early_stops=8/8
26 - INFO - chord#: 138 In build_straw_man_chord_sa. tolerance = 1, sa_iterations = 1000, initial_temperature = 3.0, cooling_rate = 0.999
26 - INFO - chord#: 138 In build_straw_man_chord_sa. tolerance = 1, sa_iterations = 1000, initial_temperature = 3.0, cooling_rate = 0.999
26 - INFO - chord#: 116 In build_straw_man_chord_sa. tolerance = 1, sa_iterations = 1000, initial_temperature = 3.0, cooling_rate = 0.999
26 - INFO - chord#: 110 done. best_score=67.0, changed=613, unchanged=291, early_stops=8/8
26 - INFO - chord#: 112 In build_straw_man_chord_sa. tolerance = 1, sa_iterations = 1000, initial_temperature = 3.0, cooling_rate = 0.999
26 - INFO - chord#: 140 done. best_score=27.0, changed=515, unchanged=320, early_stops=8/8
26 - INFO - chord#: 142 In build_straw_man_chord_sa. tolerance = 1, sa_iterations = 1000, initial_temperature = 3.0, cooling_rate = 0.999
26 - INFO - chord#: 108 done. best_score=27.0, changed=518, unchanged=410, early_stops=8/8
26 - INFO - chord#: 110 In build_straw_man_chord_sa. tolerance = 1, sa_iterations = 1000, initial_temperature = 3.0, cooling_rate = 0.999
26 - INFO - chord#: 138 done. best_score=36.0, changed=526, unchanged=361, early_stops=8/8
26 - INFO - chord#: 140 In build_straw_man_chord_sa. tolerance = 1, sa_iterations = 1000, initial_temperature = 3.0, cooling_rate = 0.999
26 - INFO - chord#: 140 done. best_score=27.0, changed=522, unchanged=335, early_stops=8/8
26 - INFO - chord#: 142 In build_straw_man_chord_sa. tolerance = 1, sa_iterations = 1000, initial_temperature = 3.0, cooling_rate = 0.999
26 - INFO - chord#: 110 done. best_score=137.0, changed=609, unchanged=324, early_stops=8/8
26 - INFO - chord#: 112 In build_straw_man_chord_sa. tolerance = 1, sa_iterations = 1000, initial_temperature = 3.0, cooling_rate = 0.999
26 - INFO - chord#: 112 done. best_score=27.0, changed=522, unchanged=431, early_stops=8/8
26 - INFO - chord#: 116 In build_straw_man_chord_sa. tolerance = 1, sa_iterations = 1000, initial_temperature = 3.0, cooling_rate = 0.999
26 - INFO - chord#: 138 done. best_score=36.0, changed=518, unchanged=322, early_stops=8/8
26 - INFO - chord#: 140 In build_straw_man_chord_sa. tolerance = 1, sa_iterations = 1000, initial_temperature = 3.0, cooling_rate = 0.999
26 - INFO - chord#: 138 done. best_score=36.0, changed=520, unchanged=403, early_stops=8/8
26 - INFO - chord#: 140 In build_straw_man_chord_sa. tolerance = 1, sa_iterations = 1000, initial_temperature = 3.0, cooling_rate = 0.999
26 - INFO - chord#: 134 done. best_score=82.0, changed=609, unchanged=224, early_stops=8/8
26 - INFO - chord#: 136 In build_straw_man_chord_sa. tolerance = 1, sa_iterations = 1000, initial_temperature = 3.0, cooling_rate = 0.999
26 - INFO - chord#: 140 done. best_score=27.0, changed=518, unchanged=334, early_stops=8/8
26 - INFO - chord#: 142 In build_straw_man_chord_sa. tolerance = 1, sa_iterations = 1000, initial_temperature = 3.0, cooling_rate = 0.999
26 - INFO - chord#: 116 done. best_score=101.0, changed=613, unchanged=251, early_stops=8/8
26 - INFO - chord#: 120 In build_straw_man_chord_sa. tolerance = 1, sa_iterations = 1000, initial_temperature = 3.0, cooling_rate = 0.999
26 - INFO - chord#: 142 done. best_score=64.0, changed=610, unchanged=291, early_stops=8/8
26 - INFO - chord#: 144 In build_straw_man_chord_sa. tolerance = 1, sa_iterations = 1000, initial_temperature = 3.0, cooling_rate = 0.999
26 - INFO - chord#: 110 done. best_score=112.0, changed=608, unchanged=326, early_stops=8/8
26 - INFO - chord#: 112 In build_straw_man_chord_sa. tolerance = 1, sa_iterations = 1000, initial_temperature = 3.0, cooling_rate = 0.999
26 - INFO - chord#: 112 done. best_score=27.0, changed=528, unchanged=503, early_stops=8/8
26 - INFO - chord#: 116 In build_straw_man_chord_sa. tolerance = 1, sa_iterations = 1000, initial_temperature = 3.0, cooling_rate = 0.999
26 - INFO - chord#: 116 done. best_score=137.0, changed=605, unchanged=254, early_stops=8/8
26 - INFO - chord#: 120 In build_straw_man_chord_sa. tolerance = 1, sa_iterations = 1000, initial_temperature = 3.0, cooling_rate = 0.999
26 - INFO - chord#: 140 done. best_score=27.0, changed=514, unchanged=433, early_stops=8/8
26 - INFO - chord#: 142 In build_straw_man_chord_sa. tolerance = 1, sa_iterations = 1000, initial_temperature = 3.0, cooling_rate = 0.999
26 - INFO - chord#: 140 done. best_score=27.0, changed=524, unchanged=432, early_stops=8/8
26 - INFO - chord#: 142 In build_straw_man_chord_sa. tolerance = 1, sa_iterations = 1000, initial_temperature = 3.0, cooling_rate = 0.999
26 - INFO - chord#: 142 done. best_score=64.0, changed=613, unchanged=308, early_stops=8/8
26 - INFO - chord#: 144 In build_straw_man_chord_sa. tolerance = 1, sa_iterations = 1000, initial_temperature = 3.0, cooling_rate = 0.999
26 - INFO - chord#: 136 done. best_score=27.0, changed=522, unchanged=511, early_stops=8/8
26 - INFO - chord#: 138 In build_straw_man_chord_sa. tolerance = 1, sa_iterations = 1000, initial_temperature = 3.0, cooling_rate = 0.999
26 - INFO - chord#: 120 done. best_score=27.0, changed=525, unchanged=497, early_stops=8/8
26 - INFO - chord#: 122 In build_straw_man_chord_sa. tolerance = 1, sa_iterations = 1000, initial_temperature = 3.0, cooling_rate = 0.999
26 - INFO - chord#: 144 done. best_score=27.0, changed=518, unchanged=328, early_stops=8/8
26 - INFO - chord#: 146 In build_straw_man_chord_sa. tolerance = 1, sa_iterations = 1000, initial_temperature = 3.0, cooling_rate = 0.999
26 - INFO - chord#: 116 done. best_score=78.0, changed=614, unchanged=318, early_stops=8/8
26 - INFO - chord#: 120 In build_straw_man_chord_sa. tolerance = 1, sa_iterations = 1000, initial_temperature = 3.0, cooling_rate = 0.999
26 - INFO - chord#: 110 done. best_score=67.0, changed=612, unchanged=360, early_stops=8/8
26 - INFO - chord#: 112 In build_straw_man_chord_sa. tolerance = 1, sa_iterations = 1000, initial_temperature = 3.0, cooling_rate = 0.999
26 - INFO - chord#: 112 done. best_score=27.0, changed=513, unchanged=346, early_stops=8/8
26 - INFO - chord#: 116 In build_straw_man_chord_sa. tolerance = 1, sa_iterations = 1000, initial_temperature = 3.0, cooling_rate = 0.999
26 - INFO - chord#: 144 done. best_score=27.0, changed=533, unchanged=414, early_stops=8/8
26 - INFO - chord#: 146 In build_straw_man_chord_sa. tolerance = 1, sa_iterations = 1000, initial_temperature = 3.0, cooling_rate = 0.999
26 - INFO - chord#: 138 done. best_score=36.0, changed=518, unchanged=409, early_stops=8/8
26 - INFO - chord#: 140 In build_straw_man_chord_sa. tolerance = 1, sa_iterations = 1000, initial_temperature = 3.0, cooling_rate = 0.999
26 - INFO - chord#: 120 done. best_score=27.0, changed=529, unchanged=447, early_stops=8/8
26 - INFO - chord#: 122 In build_straw_man_chord_sa. tolerance = 1, sa_iterations = 1000, initial_temperature = 3.0, cooling_rate = 0.999
26 - INFO - chord#: 142 done. best_score=64.0, changed=614, unchanged=420, early_stops=8/8
26 - INFO - chord#: 144 In build_straw_man_chord_sa. tolerance = 1, sa_iterations = 1000, initial_temperature = 3.0, cooling_rate = 0.999
26 - INFO - chord#: 146 done. best_score=27.0, changed=525, unchanged=363, early_stops=8/8
26 - INFO - chord#: 148 In build_straw_man_chord_sa. tolerance = 1, sa_iterations = 1000, initial_temperature = 3.0, cooling_rate = 0.999
26 - INFO - chord#: 120 done. best_score=27.0, changed=520, unchanged=594, early_stops=8/8
26 - INFO - chord#: 122 In build_straw_man_chord_sa. tolerance = 1, sa_iterations = 1000, initial_temperature = 3.0, cooling_rate = 0.999
26 - INFO - chord#: 146 done. best_score=27.0, changed=525, unchanged=373, early_stops=8/8
26 - INFO - chord#: 148 In build_straw_man_chord_sa. tolerance = 1, sa_iterations = 1000, initial_temperature = 3.0, cooling_rate = 0.999
26 - INFO - chord#: 112 done. best_score=27.0, changed=517, unchanged=449, early_stops=8/8
26 - INFO - chord#: 116 In build_straw_man_chord_sa. tolerance = 1, sa_iterations = 1000, initial_temperature = 3.0, cooling_rate = 0.999
26 - INFO - chord#: 140 done. best_score=27.0, changed=517, unchanged=363, early_stops=8/8
26 - INFO - chord#: 142 In build_straw_man_chord_sa. tolerance = 1, sa_iterations = 1000, initial_temperature = 3.0, cooling_rate = 0.999
26 - INFO - chord#: 116 done. best_score=78.0, changed=608, unchanged=234, early_stops=8/8
26 - INFO - chord#: 120 In build_straw_man_chord_sa. tolerance = 1, sa_iterations = 1000, initial_temperature = 3.0, cooling_rate = 0.999
26 - INFO - chord#: 144 done. best_score=27.0, changed=529, unchanged=525, early_stops=8/8
26 - INFO - chord#: 146 In build_straw_man_chord_sa. tolerance = 1, sa_iterations = 1000, initial_temperature = 3.0, cooling_rate = 0.999
26 - INFO - chord#: 122 done. best_score=67.0, changed=607, unchanged=348, early_stops=8/8
26 - INFO - chord#: 124 In build_straw_man_chord_sa. tolerance = 1, sa_iterations = 1000, initial_temperature = 3.0, cooling_rate = 0.999
26 - INFO - chord#: 142 done. best_score=64.0, changed=615, unchanged=416, early_stops=8/8
26 - INFO - chord#: 144 In build_straw_man_chord_sa. tolerance = 1, sa_iterations = 1000, initial_temperature = 3.0, cooling_rate = 0.999
26 - INFO - chord#: 142 done. best_score=64.0, changed=618, unchanged=451, early_stops=8/8
26 - INFO - chord#: 144 In build_straw_man_chord_sa. tolerance = 1, sa_iterations = 1000, initial_temperature = 3.0, cooling_rate = 0.999
26 - INFO - chord#: 124 done. best_score=27.0, changed=524, unchanged=496, early_stops=8/8
26 - INFO - chord#: 146 done. best_score=27.0, changed=525, unchanged=425, early_stops=8/8
26 - INFO - chord#: 128 In build_straw_man_chord_sa. tolerance = 1, sa_iterations = 1000, initial_temperature = 3.0, cooling_rate = 0.999
26 - INFO - chord#: 148 In build_straw_man_chord_sa. tolerance = 1, sa_iterations = 1000, initial_temperature = 3.0, cooling_rate = 0.999
26 - INFO - chord#: 148 done. best_score=67.0, changed=614, unchanged=325, early_stops=8/8
26 - INFO - chord#: 152 In build_straw_man_chord_sa. tolerance = 1, sa_iterations = 1000, initial_temperature = 3.0, cooling_rate = 0.999
26 - INFO - chord#: 120 done. best_score=27.0, changed=526, unchanged=482, early_stops=8/8
26 - INFO - chord#: 122 In build_straw_man_chord_sa. tolerance = 1, sa_iterations = 1000, initial_temperature = 3.0, cooling_rate = 0.999
26 - INFO - chord#: 116 done. best_score=137.0, changed=611, unchanged=339, early_stops=8/8
26 - INFO - chord#: 120 In build_straw_man_chord_sa. tolerance = 1, sa_iterations = 1000, initial_temperature = 3.0, cooling_rate = 0.999
26 - INFO - chord#: 144 done. best_score=27.0, changed=518, unchanged=304, early_stops=8/8
26 - INFO - chord#: 146 In build_straw_man_chord_sa. tolerance = 1, sa_iterations = 1000, initial_temperature = 3.0, cooling_rate = 0.999
26 - INFO - chord#: 142 done. best_score=64.0, changed=610, unchanged=227, early_stops=8/8
26 - INFO - chord#: 144 In build_straw_man_chord_sa. tolerance = 1, sa_iterations = 1000, initial_temperature = 3.0, cooling_rate = 0.999
26 - INFO - chord#: 122 done. best_score=67.0, changed=610, unchanged=306, early_stops=8/8
26 - INFO - chord#: 124 In build_straw_man_chord_sa. tolerance = 1, sa_iterations = 1000, initial_temperature = 3.0, cooling_rate = 0.999
26 - INFO - chord#: 144 done. best_score=27.0, changed=527, unchanged=486, early_stops=8/8
26 - INFO - chord#: 146 In build_straw_man_chord_sa. tolerance = 1, sa_iterations = 1000, initial_temperature = 3.0, cooling_rate = 0.999
26 - INFO - chord#: 122 done. best_score=137.0, changed=612, unchanged=365, early_stops=8/8
26 - INFO - chord#: 124 In build_straw_man_chord_sa. tolerance = 1, sa_iterations = 1000, initial_temperature = 3.0, cooling_rate = 0.999
26 - INFO - chord#: 148 done. best_score=140.0, changed=614, unchanged=287, early_stops=8/8
26 - INFO - chord#: 152 In build_straw_man_chord_sa. tolerance = 1, sa_iterations = 1000, initial_temperature = 3.0, cooling_rate = 0.999
26 - INFO - chord#: 128 done. best_score=36.0, changed=522, unchanged=357, early_stops=8/8
26 - INFO - chord#: 132 In build_straw_man_chord_sa. tolerance = 1, sa_iterations = 1000, initial_temperature = 3.0, cooling_rate = 0.999
26 - INFO - chord#: 152 done. best_score=27.0, changed=524, unchanged=528, early_stops=8/8
26 - INFO - chord#: 154 In build_straw_man_chord_sa. tolerance = 1, sa_iterations = 1000, initial_temperature = 3.0, cooling_rate = 0.999
26 - INFO - chord#: 124 done. best_score=27.0, changed=517, unchanged=333, early_stops=8/8
26 - INFO - chord#: 144 done. best_score=27.0, changed=518, unchanged=342, early_stops=8/8
26 - INFO - chord#: 128 In build_straw_man_chord_sa. tolerance = 1, sa_iterations = 1000, initial_temperature = 3.0, cooling_rate = 0.999
26 - INFO - chord#: 146 In build_straw_man_chord_sa. tolerance = 1, sa_iterations = 1000, initial_temperature = 3.0, cooling_rate = 0.999
26 - INFO - chord#: 120 done. best_score=27.0, changed=513, unchanged=340, early_stops=8/8
26 - INFO - chord#: 122 In build_straw_man_chord_sa. tolerance = 1, sa_iterations = 1000, initial_temperature = 3.0, cooling_rate = 0.999
26 - INFO - chord#: 146 done. best_score=27.0, changed=523, unchanged=449, early_stops=8/8
26 - INFO - chord#: 148 In build_straw_man_chord_sa. tolerance = 1, sa_iterations = 1000, initial_temperature = 3.0, cooling_rate = 0.999
26 - INFO - chord#: 132 done. best_score=27.0, changed=517, unchanged=434, early_stops=8/8
26 - INFO - chord#: 134 In build_straw_man_chord_sa. tolerance = 1, sa_iterations = 1000, initial_temperature = 3.0, cooling_rate = 0.999
26 - INFO - chord#: 124 done. best_score=27.0, changed=528, unchanged=433, early_stops=8/8
26 - INFO - chord#: 128 In build_straw_man_chord_sa. tolerance = 1, sa_iterations = 1000, initial_temperature = 3.0, cooling_rate = 0.999
26 - INFO - chord#: 152 done. best_score=27.0, changed=528, unchanged=503, early_stops=8/8
26 - INFO - chord#: 154 In build_straw_man_chord_sa. tolerance = 1, sa_iterations = 1000, initial_temperature = 3.0, cooling_rate = 0.999
26 - INFO - chord#: 146 done. best_score=27.0, changed=526, unchanged=433, early_stops=8/8
26 - INFO - chord#: 148 In build_straw_man_chord_sa. tolerance = 1, sa_iterations = 1000, initial_temperature = 3.0, cooling_rate = 0.999
26 - INFO - chord#: 116 done. best_score=67.0, changed=615, unchanged=482, early_stops=8/8
26 - INFO - chord#: 120 In build_straw_man_chord_sa. tolerance = 1, sa_iterations = 1000, initial_temperature = 3.0, cooling_rate = 0.999
26 - INFO - chord#: 146 done. best_score=27.0, changed=521, unchanged=400, early_stops=8/8
26 - INFO - chord#: 128 done. best_score=36.0, changed=518, unchanged=352, early_stops=8/8
26 - INFO - chord#: 148 In build_straw_man_chord_sa. tolerance = 1, sa_iterations = 1000, initial_temperature = 3.0, cooling_rate = 0.999
26 - INFO - chord#: 132 In build_straw_man_chord_sa. tolerance = 1, sa_iterations = 1000, initial_temperature = 3.0, cooling_rate = 0.999
26 - INFO - chord#: 122 done. best_score=96.0, changed=604, unchanged=206, early_stops=8/8
26 - INFO - chord#: 124 In build_straw_man_chord_sa. tolerance = 1, sa_iterations = 1000, initial_temperature = 3.0, cooling_rate = 0.999
26 - INFO - chord#: 148 done. best_score=140.0, changed=614, unchanged=550, early_stops=8/8
26 - INFO - chord#: 152 In build_straw_man_chord_sa. tolerance = 1, sa_iterations = 1000, initial_temperature = 3.0, cooling_rate = 0.999
26 - INFO - chord#: 128 done. best_score=36.0, changed=521, unchanged=364, early_stops=8/8
26 - INFO - chord#: 132 In build_straw_man_chord_sa. tolerance = 1, sa_iterations = 1000, initial_temperature = 3.0, cooling_rate = 0.999
26 - INFO - chord#: 120 done. best_score=27.0, changed=512, unchanged=368, early_stops=8/8
26 - INFO - chord#: 122 In build_straw_man_chord_sa. tolerance = 1, sa_iterations = 1000, initial_temperature = 3.0, cooling_rate = 0.999
26 - INFO - chord#: 132 done. best_score=27.0, changed=521, unchanged=482, early_stops=8/8
26 - INFO - chord#: 134 In build_straw_man_chord_sa. tolerance = 1, sa_iterations = 1000, initial_temperature = 3.0, cooling_rate = 0.999
26 - INFO - chord#: 124 done. best_score=27.0, changed=526, unchanged=369, early_stops=8/8
26 - INFO - chord#: 152 done. best_score=27.0, changed=515, unchanged=439, early_stops=8/8
26 - INFO - chord#: 128 In build_straw_man_chord_sa. tolerance = 1, sa_iterations = 1000, initial_temperature = 3.0, cooling_rate = 0.999
26 - INFO - chord#: 154 In build_straw_man_chord_sa. tolerance = 1, sa_iterations = 1000, initial_temperature = 3.0, cooling_rate = 0.999
26 - INFO - chord#: 134 done. best_score=82.0, changed=612, unchanged=311, early_stops=8/8
26 - INFO - chord#: 136 In build_straw_man_chord_sa. tolerance = 1, sa_iterations = 1000, initial_temperature = 3.0, cooling_rate = 0.999
26 - INFO - chord#: 154 done. best_score=67.0, changed=611, unchanged=254, early_stops=8/8
26 - INFO - chord#: 156 In build_straw_man_chord_sa. tolerance = 1, sa_iterations = 1000, initial_temperature = 3.0, cooling_rate = 0.999
26 - INFO - chord#: 122 done. best_score=67.0, changed=608, unchanged=216, early_stops=8/8
26 - INFO - chord#: 124 In build_straw_man_chord_sa. tolerance = 1, sa_iterations = 1000, initial_temperature = 3.0, cooling_rate = 0.999
26 - INFO - chord#: 132 done. best_score=27.0, changed=521, unchanged=450, early_stops=8/8
26 - INFO - chord#: 134 In build_straw_man_chord_sa. tolerance = 1, sa_iterations = 1000, initial_temperature = 3.0, cooling_rate = 0.999
26 - INFO - chord#: 154 done. best_score=157.0, changed=615, unchanged=372, early_stops=8/8
26 - INFO - chord#: 156 In build_straw_man_chord_sa. tolerance = 1, sa_iterations = 1000, initial_temperature = 3.0, cooling_rate = 0.999
26 - INFO - chord#: 148 done. best_score=78.0, changed=608, unchanged=251, early_stops=8/8
26 - INFO - chord#: 152 In build_straw_man_chord_sa. tolerance = 1, sa_iterations = 1000, initial_temperature = 3.0, cooling_rate = 0.999
26 - INFO - chord#: 148 done. best_score=67.0, changed=611, unchanged=421, early_stops=8/8
26 - INFO - chord#: 152 In build_straw_man_chord_sa. tolerance = 1, sa_iterations = 1000, initial_temperature = 3.0, cooling_rate = 0.999
26 - INFO - chord#: 148 done. best_score=78.0, changed=607, unchanged=371, early_stops=8/8
26 - INFO - chord#: 152 In build_straw_man_chord_sa. tolerance = 1, sa_iterations = 1000, initial_temperature = 3.0, cooling_rate = 0.999
26 - INFO - chord#: 128 done. best_score=36.0, changed=523, unchanged=365, early_stops=8/8
26 - INFO - chord#: 132 In build_straw_man_chord_sa. tolerance = 1, sa_iterations = 1000, initial_temperature = 3.0, cooling_rate = 0.999
26 - INFO - chord#: 136 done. best_score=27.0, changed=525, unchanged=386, early_stops=8/8
26 - INFO - chord#: 138 In build_straw_man_chord_sa. tolerance = 1, sa_iterations = 1000, initial_temperature = 3.0, cooling_rate = 0.999
26 - INFO - chord#: 156 done. best_score=27.0, changed=524, unchanged=358, early_stops=8/8
26 - INFO - chord#: 124 done. best_score=27.0, changed=521, unchanged=439, early_stops=8/8
26 - INFO - chord#: 128 In build_straw_man_chord_sa. tolerance = 1, sa_iterations = 1000, initial_temperature = 3.0, cooling_rate = 0.999
26 - INFO - chord#: 156 done. best_score=27.0, changed=522, unchanged=344, early_stops=8/8
26 - INFO - chord#: 152 done. best_score=27.0, changed=515, unchanged=382, early_stops=8/8
26 - INFO - chord#: 154 In build_straw_man_chord_sa. tolerance = 1, sa_iterations = 1000, initial_temperature = 3.0, cooling_rate = 0.999
26 - INFO - chord#: 152 done. best_score=27.0, changed=517, unchanged=439, early_stops=8/8
26 - INFO - chord#: 154 In build_straw_man_chord_sa. tolerance = 1, sa_iterations = 1000, initial_temperature = 3.0, cooling_rate = 0.999
26 - INFO - chord#: 122 done. best_score=162.0, changed=611, unchanged=245, early_stops=8/8
26 - INFO - chord#: 124 In build_straw_man_chord_sa. tolerance = 1, sa_iterations = 1000, initial_temperature = 3.0, cooling_rate = 0.999
26 - INFO - chord#: 138 done. best_score=36.0, changed=527, unchanged=364, early_stops=8/8
26 - INFO - chord#: 140 In build_straw_man_chord_sa. tolerance = 1, sa_iterations = 1000, initial_temperature = 3.0, cooling_rate = 0.999
26 - INFO - chord#: 134 done. best_score=119.0, changed=613, unchanged=360, early_stops=8/8
26 - INFO - chord#: 136 In build_straw_man_chord_sa. tolerance = 1, sa_iterations = 1000, initial_temperature = 3.0, cooling_rate = 0.999
26 - INFO - chord#: 132 done. best_score=27.0, changed=524, unchanged=424, early_stops=8/8
26 - INFO - chord#: 134 In build_straw_man_chord_sa. tolerance = 1, sa_iterations = 1000, initial_temperature = 3.0, cooling_rate = 0.999
26 - INFO - chord#: 152 done. best_score=27.0, changed=523, unchanged=502, early_stops=8/8
26 - INFO - chord#: 154 In build_straw_man_chord_sa. tolerance = 1, sa_iterations = 1000, initial_temperature = 3.0, cooling_rate = 0.999
26 - INFO - chord#: 154 done. best_score=67.0, changed=613, unchanged=389, early_stops=8/8
26 - INFO - chord#: 156 In build_straw_man_chord_sa. tolerance = 1, sa_iterations = 1000, initial_temperature = 3.0, cooling_rate = 0.999
26 - INFO - chord#: 128 done. best_score=36.0, changed=520, unchanged=375, early_stops=8/8
26 - INFO - chord#: 132 In build_straw_man_chord_sa. tolerance = 1, sa_iterations = 1000, initial_temperature = 3.0, cooling_rate = 0.999
26 - INFO - chord#: 140 done. best_score=27.0, changed=520, unchanged=470, early_stops=8/8
26 - INFO - chord#: 142 In build_straw_man_chord_sa. tolerance = 1, sa_iterations = 1000, initial_temperature = 3.0, cooling_rate = 0.999
26 - INFO - chord#: 136 done. best_score=27.0, changed=533, unchanged=410, early_stops=8/8
26 - INFO - chord#: 138 In build_straw_man_chord_sa. tolerance = 1, sa_iterations = 1000, initial_temperature = 3.0, cooling_rate = 0.999
26 - INFO - chord#: 124 done. best_score=27.0, changed=519, unchanged=408, early_stops=8/8
26 - INFO - chord#: 128 In build_straw_man_chord_sa. tolerance = 1, sa_iterations = 1000, initial_temperature = 3.0, cooling_rate = 0.999
26 - INFO - chord#: 156 done. best_score=27.0, changed=528, unchanged=356, early_stops=8/8
26 - INFO - chord#: 134 done. best_score=82.0, changed=617, unchanged=469, early_stops=8/8
26 - INFO - chord#: 136 In build_straw_man_chord_sa. tolerance = 1, sa_iterations = 1000, initial_temperature = 3.0, cooling_rate = 0.999
26 - INFO - chord#: 154 done. best_score=67.0, changed=609, unchanged=225, early_stops=8/8
26 - INFO - chord#: 156 In build_straw_man_chord_sa. tolerance = 1, sa_iterations = 1000, initial_temperature = 3.0, cooling_rate = 0.999
26 - INFO - chord#: 138 done. best_score=36.0, changed=519, unchanged=335, early_stops=8/8
26 - INFO - chord#: 140 In build_straw_man_chord_sa. tolerance = 1, sa_iterations = 1000, initial_temperature = 3.0, cooling_rate = 0.999
26 - INFO - chord#: 132 done. best_score=27.0, changed=524, unchanged=452, early_stops=8/8
26 - INFO - chord#: 134 In build_straw_man_chord_sa. tolerance = 1, sa_iterations = 1000, initial_temperature = 3.0, cooling_rate = 0.999
26 - INFO - chord#: 154 done. best_score=67.0, changed=609, unchanged=384, early_stops=8/8
26 - INFO - chord#: 156 In build_straw_man_chord_sa. tolerance = 1, sa_iterations = 1000, initial_temperature = 3.0, cooling_rate = 0.999
26 - INFO - chord#: 154 done. best_score=145.0, changed=618, unchanged=250, early_stops=8/8
26 - INFO - chord#: 156 In build_straw_man_chord_sa. tolerance = 1, sa_iterations = 1000, initial_temperature = 3.0, cooling_rate = 0.999
26 - INFO - chord#: 128 done. best_score=36.0, changed=529, unchanged=428, early_stops=8/8
26 - INFO - chord#: 132 In build_straw_man_chord_sa. tolerance = 1, sa_iterations = 1000, initial_temperature = 3.0, cooling_rate = 0.999
26 - INFO - chord#: 136 done. best_score=27.0, changed=524, unchanged=387, early_stops=8/8
26 - INFO - chord#: 138 In build_straw_man_chord_sa. tolerance = 1, sa_iterations = 1000, initial_temperature = 3.0, cooling_rate = 0.999
26 - INFO - chord#: 156 done. best_score=27.0, changed=527, unchanged=482, early_stops=8/8
26 - INFO - chord#: 134 done. best_score=82.0, changed=610, unchanged=311, early_stops=8/8
26 - INFO - chord#: 136 In build_straw_man_chord_sa. tolerance = 1, sa_iterations = 1000, initial_temperature = 3.0, cooling_rate = 0.999
26 - INFO - chord#: 140 done. best_score=27.0, changed=512, unchanged=397, early_stops=8/8
26 - INFO - chord#: 142 In build_straw_man_chord_sa. tolerance = 1, sa_iterations = 1000, initial_temperature = 3.0, cooling_rate = 0.999
26 - INFO - chord#: 142 done. best_score=64.0, changed=611, unchanged=306, early_stops=8/8
26 - INFO - chord#: 144 In build_straw_man_chord_sa. tolerance = 1, sa_iterations = 1000, initial_temperature = 3.0, cooling_rate = 0.999
26 - INFO - chord#: 156 done. best_score=27.0, changed=518, unchanged=547, early_stops=8/8
26 - INFO - chord#: 156 done. best_score=27.0, changed=525, unchanged=382, early_stops=8/8
26 - INFO - chord#: 132 done. best_score=27.0, changed=524, unchanged=536, early_stops=8/8
26 - INFO - chord#: 134 In build_straw_man_chord_sa. tolerance = 1, sa_iterations = 1000, initial_temperature = 3.0, cooling_rate = 0.999
26 - INFO - chord#: 138 done. best_score=36.0, changed=533, unchanged=430, early_stops=8/8
26 - INFO - chord#: 140 In build_straw_man_chord_sa. tolerance = 1, sa_iterations = 1000, initial_temperature = 3.0, cooling_rate = 0.999
26 - INFO - chord#: 136 done. best_score=27.0, changed=516, unchanged=364, early_stops=8/8
26 - INFO - chord#: 138 In build_straw_man_chord_sa. tolerance = 1, sa_iterations = 1000, initial_temperature = 3.0, cooling_rate = 0.999
26 - INFO - chord#: 144 done. best_score=27.0, changed=518, unchanged=345, early_stops=8/8
26 - INFO - chord#: 146 In build_straw_man_chord_sa. tolerance = 1, sa_iterations = 1000, initial_temperature = 3.0, cooling_rate = 0.999
26 - INFO - chord#: 134 done. best_score=120.0, changed=611, unchanged=292, early_stops=8/8
26 - INFO - chord#: 136 In build_straw_man_chord_sa. tolerance = 1, sa_iterations = 1000, initial_temperature = 3.0, cooling_rate = 0.999
26 - INFO - chord#: 140 done. best_score=27.0, changed=521, unchanged=409, early_stops=8/8
26 - INFO - chord#: 142 In build_straw_man_chord_sa. tolerance = 1, sa_iterations = 1000, initial_temperature = 3.0, cooling_rate = 0.999
26 - INFO - chord#: 142 done. best_score=64.0, changed=606, unchanged=235, early_stops=8/8
26 - INFO - chord#: 144 In build_straw_man_chord_sa. tolerance = 1, sa_iterations = 1000, initial_temperature = 3.0, cooling_rate = 0.999
26 - INFO - chord#: 138 done. best_score=36.0, changed=524, unchanged=515, early_stops=8/8
26 - INFO - chord#: 140 In build_straw_man_chord_sa. tolerance = 1, sa_iterations = 1000, initial_temperature = 3.0, cooling_rate = 0.999
26 - INFO - chord#: 146 done. best_score=27.0, changed=538, unchanged=562, early_stops=8/8
26 - INFO - chord#: 148 In build_straw_man_chord_sa. tolerance = 1, sa_iterations = 1000, initial_temperature = 3.0, cooling_rate = 0.999
26 - INFO - chord#: 136 done. best_score=27.0, changed=524, unchanged=370, early_stops=8/8
26 - INFO - chord#: 138 In build_straw_man_chord_sa. tolerance = 1, sa_iterations = 1000, initial_temperature = 3.0, cooling_rate = 0.999
26 - INFO - chord#: 144 done. best_score=27.0, changed=532, unchanged=333, early_stops=8/8
26 - INFO - chord#: 146 In build_straw_man_chord_sa. tolerance = 1, sa_iterations = 1000, initial_temperature = 3.0, cooling_rate = 0.999
26 - INFO - chord#: 140 done. best_score=27.0, changed=510, unchanged=308, early_stops=8/8
26 - INFO - chord#: 142 In build_straw_man_chord_sa. tolerance = 1, sa_iterations = 1000, initial_temperature = 3.0, cooling_rate = 0.999
26 - INFO - chord#: 138 done. best_score=36.0, changed=525, unchanged=338, early_stops=8/8
26 - INFO - chord#: 140 In build_straw_man_chord_sa. tolerance = 1, sa_iterations = 1000, initial_temperature = 3.0, cooling_rate = 0.999
26 - INFO - chord#: 134 done. best_score=82.0, changed=614, unchanged=368, early_stops=8/8
26 - INFO - chord#: 136 In build_straw_man_chord_sa. tolerance = 1, sa_iterations = 1000, initial_temperature = 3.0, cooling_rate = 0.999
26 - INFO - chord#: 146 done. best_score=27.0, changed=520, unchanged=347, early_stops=8/8
26 - INFO - chord#: 148 In build_straw_man_chord_sa. tolerance = 1, sa_iterations = 1000, initial_temperature = 3.0, cooling_rate = 0.999
26 - INFO - chord#: 142 done. best_score=104.0, changed=612, unchanged=331, early_stops=8/8
26 - INFO - chord#: 144 In build_straw_man_chord_sa. tolerance = 1, sa_iterations = 1000, initial_temperature = 3.0, cooling_rate = 0.999
26 - INFO - chord#: 148 done. best_score=137.0, changed=616, unchanged=280, early_stops=8/8
26 - INFO - chord#: 152 In build_straw_man_chord_sa. tolerance = 1, sa_iterations = 1000, initial_temperature = 3.0, cooling_rate = 0.999
26 - INFO - chord#: 136 done. best_score=27.0, changed=539, unchanged=505, early_stops=8/8
26 - INFO - chord#: 138 In build_straw_man_chord_sa. tolerance = 1, sa_iterations = 1000, initial_temperature = 3.0, cooling_rate = 0.999
26 - INFO - chord#: 140 done. best_score=27.0, changed=530, unchanged=631, early_stops=8/8
26 - INFO - chord#: 142 In build_straw_man_chord_sa. tolerance = 1, sa_iterations = 1000, initial_temperature = 3.0, cooling_rate = 0.999
26 - INFO - chord#: 144 done. best_score=27.0, changed=521, unchanged=388, early_stops=8/8
26 - INFO - chord#: 146 In build_straw_man_chord_sa. tolerance = 1, sa_iterations = 1000, initial_temperature = 3.0, cooling_rate = 0.999
26 - INFO - chord#: 138 done. best_score=36.0, changed=517, unchanged=371, early_stops=8/8
26 - INFO - chord#: 140 In build_straw_man_chord_sa. tolerance = 1, sa_iterations = 1000, initial_temperature = 3.0, cooling_rate = 0.999
26 - INFO - chord#: 142 done. best_score=64.0, changed=616, unchanged=473, early_stops=8/8
26 - INFO - chord#: 144 In build_straw_man_chord_sa. tolerance = 1, sa_iterations = 1000, initial_temperature = 3.0, cooling_rate = 0.999
26 - INFO - chord#: 152 done. best_score=27.0, changed=529, unchanged=535, early_stops=8/8
26 - INFO - chord#: 154 In build_straw_man_chord_sa. tolerance = 1, sa_iterations = 1000, initial_temperature = 3.0, cooling_rate = 0.999
26 - INFO - chord#: 148 done. best_score=78.0, changed=610, unchanged=242, early_stops=8/8
26 - INFO - chord#: 152 In build_straw_man_chord_sa. tolerance = 1, sa_iterations = 1000, initial_temperature = 3.0, cooling_rate = 0.999
26 - INFO - chord#: 146 done. best_score=27.0, changed=522, unchanged=425, early_stops=8/8
26 - INFO - chord#: 148 In build_straw_man_chord_sa. tolerance = 1, sa_iterations = 1000, initial_temperature = 3.0, cooling_rate = 0.999
26 - INFO - chord#: 140 done. best_score=27.0, changed=526, unchanged=408, early_stops=8/8
26 - INFO - chord#: 142 In build_straw_man_chord_sa. tolerance = 1, sa_iterations = 1000, initial_temperature = 3.0, cooling_rate = 0.999
26 - INFO - chord#: 144 done. best_score=27.0, changed=524, unchanged=528, early_stops=8/8
26 - INFO - chord#: 146 In build_straw_man_chord_sa. tolerance = 1, sa_iterations = 1000, initial_temperature = 3.0, cooling_rate = 0.999
26 - INFO - chord#: 142 done. best_score=64.0, changed=610, unchanged=301, early_stops=8/8
26 - INFO - chord#: 144 In build_straw_man_chord_sa. tolerance = 1, sa_iterations = 1000, initial_temperature = 3.0, cooling_rate = 0.999
26 - INFO - chord#: 152 done. best_score=27.0, changed=517, unchanged=390, early_stops=8/8
26 - INFO - chord#: 154 In build_straw_man_chord_sa. tolerance = 1, sa_iterations = 1000, initial_temperature = 3.0, cooling_rate = 0.999
26 - INFO - chord#: 146 done. best_score=27.0, changed=522, unchanged=351, early_stops=8/8
26 - INFO - chord#: 148 In build_straw_man_chord_sa. tolerance = 1, sa_iterations = 1000, initial_temperature = 3.0, cooling_rate = 0.999
26 - INFO - chord#: 144 done. best_score=27.0, changed=529, unchanged=402, early_stops=8/8
26 - INFO - chord#: 146 In build_straw_man_chord_sa. tolerance = 1, sa_iterations = 1000, initial_temperature = 3.0, cooling_rate = 0.999
26 - INFO - chord#: 154 done. best_score=67.0, changed=608, unchanged=407, early_stops=8/8
26 - INFO - chord#: 156 In build_straw_man_chord_sa. tolerance = 1, sa_iterations = 1000, initial_temperature = 3.0, cooling_rate = 0.999
26 - INFO - chord#: 148 done. best_score=67.0, changed=615, unchanged=411, early_stops=8/8
26 - INFO - chord#: 152 In build_straw_man_chord_sa. tolerance = 1, sa_iterations = 1000, initial_temperature = 3.0, cooling_rate = 0.999
26 - INFO - chord#: 146 done. best_score=27.0, changed=525, unchanged=423, early_stops=8/8
26 - INFO - chord#: 148 In build_straw_man_chord_sa. tolerance = 1, sa_iterations = 1000, initial_temperature = 3.0, cooling_rate = 0.999
26 - INFO - chord#: 142 done. best_score=64.0, changed=608, unchanged=344, early_stops=8/8
26 - INFO - chord#: 144 In build_straw_man_chord_sa. tolerance = 1, sa_iterations = 1000, initial_temperature = 3.0, cooling_rate = 0.999
26 - INFO - chord#: 154 done. best_score=162.0, changed=607, unchanged=213, early_stops=8/8
26 - INFO - chord#: 156 In build_straw_man_chord_sa. tolerance = 1, sa_iterations = 1000, initial_temperature = 3.0, cooling_rate = 0.999
26 - INFO - chord#: 156 done. best_score=27.0, changed=520, unchanged=386, early_stops=8/8
26 - INFO - chord#: 144 done. best_score=27.0, changed=521, unchanged=340, early_stops=8/8
26 - INFO - chord#: 146 In build_straw_man_chord_sa. tolerance = 1, sa_iterations = 1000, initial_temperature = 3.0, cooling_rate = 0.999
26 - INFO - chord#: 152 done. best_score=27.0, changed=523, unchanged=422, early_stops=8/8
26 - INFO - chord#: 154 In build_straw_man_chord_sa. tolerance = 1, sa_iterations = 1000, initial_temperature = 3.0, cooling_rate = 0.999
26 - INFO - chord#: 148 done. best_score=67.0, changed=610, unchanged=324, early_stops=8/8
26 - INFO - chord#: 152 In build_straw_man_chord_sa. tolerance = 1, sa_iterations = 1000, initial_temperature = 3.0, cooling_rate = 0.999
26 - INFO - chord#: 156 done. best_score=27.0, changed=531, unchanged=444, early_stops=8/8
26 - INFO - chord#: 146 done. best_score=27.0, changed=525, unchanged=386, early_stops=8/8
26 - INFO - chord#: 148 In build_straw_man_chord_sa. tolerance = 1, sa_iterations = 1000, initial_temperature = 3.0, cooling_rate = 0.999
26 - INFO - chord#: 148 done. best_score=155.0, changed=609, unchanged=273, early_stops=8/8
26 - INFO - chord#: 152 In build_straw_man_chord_sa. tolerance = 1, sa_iterations = 1000, initial_temperature = 3.0, cooling_rate = 0.999
26 - INFO - chord#: 152 done. best_score=27.0, changed=534, unchanged=453, early_stops=8/8
26 - INFO - chord#: 154 In build_straw_man_chord_sa. tolerance = 1, sa_iterations = 1000, initial_temperature = 3.0, cooling_rate = 0.999
26 - INFO - chord#: 152 done. best_score=27.0, changed=531, unchanged=455, early_stops=8/8
26 - INFO - chord#: 154 In build_straw_man_chord_sa. tolerance = 1, sa_iterations = 1000, initial_temperature = 3.0, cooling_rate = 0.999
26 - INFO - chord#: 154 done. best_score=96.0, changed=609, unchanged=286, early_stops=8/8
26 - INFO - chord#: 156 In build_straw_man_chord_sa. tolerance = 1, sa_iterations = 1000, initial_temperature = 3.0, cooling_rate = 0.999
26 - INFO - chord#: 148 done. best_score=67.0, changed=609, unchanged=283, early_stops=8/8
26 - INFO - chord#: 152 In build_straw_man_chord_sa. tolerance = 1, sa_iterations = 1000, initial_temperature = 3.0, cooling_rate = 0.999
26 - INFO - chord#: 154 done. best_score=67.0, changed=606, unchanged=219, early_stops=8/8
26 - INFO - chord#: 156 In build_straw_man_chord_sa. tolerance = 1, sa_iterations = 1000, initial_temperature = 3.0, cooling_rate = 0.999
26 - INFO - chord#: 156 done. best_score=27.0, changed=524, unchanged=515, early_stops=8/8
26 - INFO - chord#: 152 done. best_score=27.0, changed=522, unchanged=430, early_stops=8/8
26 - INFO - chord#: 154 In build_straw_man_chord_sa. tolerance = 1, sa_iterations = 1000, initial_temperature = 3.0, cooling_rate = 0.999
26 - INFO - chord#: 156 done. best_score=27.0, changed=520, unchanged=411, early_stops=8/8
26 - INFO - chord#: 154 done. best_score=67.0, changed=612, unchanged=306, early_stops=8/8
26 - INFO - chord#: 156 In build_straw_man_chord_sa. tolerance = 1, sa_iterations = 1000, initial_temperature = 3.0, cooling_rate = 0.999
26 - INFO - chord#: 156 done. best_score=27.0, changed=523, unchanged=539, early_stops=8/8
26 - INFO - chord#: 154 done. best_score=67.0, changed=609, unchanged=344, early_stops=8/8
26 - INFO - chord#: 156 In build_straw_man_chord_sa. tolerance = 1, sa_iterations = 1000, initial_temperature = 3.0, cooling_rate = 0.999
26 - INFO - chord#: 156 done. best_score=27.0, changed=525, unchanged=383, early_stops=8/8
26 - INFO - save_midi_file = False, 
26 - INFO - version = 'bwv259', chorale.shape = (4, 192), root = 4, keys[root] = 'E♮', mode = 'minor', time_sig = '4/4'
26 - INFO - In load_chorale_in_cents. About to load top_notes from file_name = '/home/prent/Repos/One-footed-bride-tuning/Archive/straw-man/t1_r1.50_s0_md33_sn0/bwv259top-notes.npy'
26 - INFO - Loaded top_notes from /home/prent/Repos/One-footed-bride-tuning/Archive/straw-man/t1_r1.50_s0_md33_sn0/bwv259top-notes.npy, re-ordered by chorale frequency
26 - INFO - chorale_in_cents.shape = (4, 192), chorale.shape = (4, 192)
26 - INFO - cent value based on top_notes
26 - INFO - Chord 0: [ 400 1100  700  400]
26 - INFO - Chord 1: [ 400 1100  700  400]
26 - INFO - Chord 2: [ 400 1100  700  600]
26 - INFO - Chord 3: [ 400 1100  700  600]
26 - INFO - Chord 4: [ 400 1100  700  700]
26 - INFO - Chord 5: [ 400 1100  700  700]
26 - INFO - Chord 6: [ 400 1100  700  600]
26 - INFO - Chord 7: [ 400 1100  700  600]
26 - INFO - Chord 8: [ 700  400 1100  400]
26 - INFO - Chord 9: [ 700  400 1100  400]
26 - INFO - cent_value_chorale.shape = (4, 192), chorale.shape = (4, 192), E♮ minor
26 - INFO - cent value based on 12 TET
26 - INFO - Chord 0: [ 400 1100  700  400]
26 - INFO - Chord 1: [ 400 1100  700  400]
26 - INFO - Chord 2: [ 400 1100  700  600]
26 - INFO - Chord 3: [ 400 1100  700  600]
26 - INFO - Chord 4: [ 400 1100  700  700]
26 - INFO - Chord 5: [ 400 1100  700  700]
26 - INFO - Chord 6: [ 400 1100  700  600]
26 - INFO - Chord 7: [ 400 1100  700  600]
26 - INFO - Chord 8: [ 700  400 1100  400]
26 - INFO - Chord 9: [ 700  400 1100  400]
26 - INFO - cent_value_chorale.shape = (4, 192), chorale.shape = (4, 192), E♮ minor
26 - INFO - Current top_notes:
26 - INFO -    0    1    2    3    4    5    6    7    8    9   10   11
26 - INFO -   B♮   G♮   E♮   D♮   F♯   A♮   C♮   D♯   C♯   G♯   A♯   F♮
26 - INFO -   11    7    4    2    6    9    0    3    1    8   10    5
26 - INFO - 1100  700  400  200  600  900    0  300  100  800 1000  500
26 - INFO - chord#: 0 In build_straw_man_chord_sa. tolerance = 1, sa_iterations = 1000, initial_temperature = 3.0, cooling_rate = 0.999
26 - INFO - chord#: 0 In build_straw_man_chord_sa. tolerance = 1, sa_iterations = 1000, initial_temperature = 3.0, cooling_rate = 0.999
26 - INFO - chord#: 0 In build_straw_man_chord_sa. tolerance = 1, sa_iterations = 1000, initial_temperature = 3.0, cooling_rate = 0.999
26 - INFO - chord#: 0 In build_straw_man_chord_sa. tolerance = 1, sa_iterations = 1000, initial_temperature = 3.0, cooling_rate = 0.999
26 - INFO - chord#: 0 In build_straw_man_chord_sa. tolerance = 1, sa_iterations = 1000, initial_temperature = 3.0, cooling_rate = 0.999
26 - INFO - chord#: 0 In build_straw_man_chord_sa. tolerance = 1, sa_iterations = 1000, initial_temperature = 3.0, cooling_rate = 0.999
26 - INFO - chord#: 0 In build_straw_man_chord_sa. tolerance = 1, sa_iterations = 1000, initial_temperature = 3.0, cooling_rate = 0.999
26 - INFO - chord#: 0 In build_straw_man_chord_sa. tolerance = 1, sa_iterations = 1000, initial_temperature = 3.0, cooling_rate = 0.999
26 - INFO - chord#: 0 In build_straw_man_chord_sa. tolerance = 1, sa_iterations = 1000, initial_temperature = 3.0, cooling_rate = 0.999
26 - INFO - chord#: 0 In build_straw_man_chord_sa. tolerance = 1, sa_iterations = 1000, initial_temperature = 3.0, cooling_rate = 0.999
26 - INFO - chord#: 0 In build_straw_man_chord_sa. tolerance = 1, sa_iterations = 1000, initial_temperature = 3.0, cooling_rate = 0.999
26 - INFO - chord#: 0 In build_straw_man_chord_sa. tolerance = 1, sa_iterations = 1000, initial_temperature = 3.0, cooling_rate = 0.999
26 - INFO - chord#: 0 done. best_score=27.0, changed=521, unchanged=401, early_stops=8/8
26 - INFO - chord#: 2 In build_straw_man_chord_sa. tolerance = 1, sa_iterations = 1000, initial_temperature = 3.0, cooling_rate = 0.999
26 - INFO - chord#: 0 done. best_score=27.0, changed=522, unchanged=316, early_stops=8/8
26 - INFO - chord#: 2 In build_straw_man_chord_sa. tolerance = 1, sa_iterations = 1000, initial_temperature = 3.0, cooling_rate = 0.999
26 - INFO - chord#: 0 done. best_score=27.0, changed=518, unchanged=385, early_stops=8/8
26 - INFO - chord#: 2 In build_straw_man_chord_sa. tolerance = 1, sa_iterations = 1000, initial_temperature = 3.0, cooling_rate = 0.999
26 - INFO - chord#: 0 done. best_score=27.0, changed=519, unchanged=398, early_stops=8/8
26 - INFO - chord#: 2 In build_straw_man_chord_sa. tolerance = 1, sa_iterations = 1000, initial_temperature = 3.0, cooling_rate = 0.999
26 - INFO - chord#: 0 done. best_score=27.0, changed=512, unchanged=311, early_stops=8/8
26 - INFO - chord#: 2 In build_straw_man_chord_sa. tolerance = 1, sa_iterations = 1000, initial_temperature = 3.0, cooling_rate = 0.999
26 - INFO - chord#: 0 done. best_score=27.0, changed=525, unchanged=559, early_stops=8/8
26 - INFO - chord#: 2 In build_straw_man_chord_sa. tolerance = 1, sa_iterations = 1000, initial_temperature = 3.0, cooling_rate = 0.999
26 - INFO - chord#: 0 done. best_score=27.0, changed=515, unchanged=374, early_stops=8/8
26 - INFO - chord#: 2 In build_straw_man_chord_sa. tolerance = 1, sa_iterations = 1000, initial_temperature = 3.0, cooling_rate = 0.999
26 - INFO - chord#: 0 done. best_score=27.0, changed=526, unchanged=363, early_stops=8/8
26 - INFO - chord#: 2 In build_straw_man_chord_sa. tolerance = 1, sa_iterations = 1000, initial_temperature = 3.0, cooling_rate = 0.999
26 - INFO - chord#: 0 done. best_score=27.0, changed=522, unchanged=413, early_stops=8/8
26 - INFO - chord#: 2 In build_straw_man_chord_sa. tolerance = 1, sa_iterations = 1000, initial_temperature = 3.0, cooling_rate = 0.999
26 - INFO - chord#: 0 done. best_score=27.0, changed=527, unchanged=440, early_stops=8/8
26 - INFO - chord#: 2 In build_straw_man_chord_sa. tolerance = 1, sa_iterations = 1000, initial_temperature = 3.0, cooling_rate = 0.999
26 - INFO - chord#: 0 done. best_score=27.0, changed=523, unchanged=430, early_stops=8/8
26 - INFO - chord#: 2 In build_straw_man_chord_sa. tolerance = 1, sa_iterations = 1000, initial_temperature = 3.0, cooling_rate = 0.999
26 - INFO - chord#: 0 done. best_score=27.0, changed=523, unchanged=479, early_stops=8/8
26 - INFO - chord#: 2 In build_straw_man_chord_sa. tolerance = 1, sa_iterations = 1000, initial_temperature = 3.0, cooling_rate = 0.999
26 - INFO - chord#: 2 done. best_score=90.0, changed=608, unchanged=218, early_stops=8/8
26 - INFO - chord#: 4 In build_straw_man_chord_sa. tolerance = 1, sa_iterations = 1000, initial_temperature = 3.0, cooling_rate = 0.999
26 - INFO - chord#: 2 done. best_score=147.0, changed=605, unchanged=246, early_stops=8/8
26 - INFO - chord#: 4 In build_straw_man_chord_sa. tolerance = 1, sa_iterations = 1000, initial_temperature = 3.0, cooling_rate = 0.999
26 - INFO - chord#: 2 done. best_score=82.0, changed=613, unchanged=284, early_stops=8/8
26 - INFO - chord#: 4 In build_straw_man_chord_sa. tolerance = 1, sa_iterations = 1000, initial_temperature = 3.0, cooling_rate = 0.999
26 - INFO - chord#: 2 done. best_score=120.0, changed=610, unchanged=365, early_stops=8/8
26 - INFO - chord#: 4 In build_straw_man_chord_sa. tolerance = 1, sa_iterations = 1000, initial_temperature = 3.0, cooling_rate = 0.999
26 - INFO - chord#: 2 done. best_score=82.0, changed=614, unchanged=305, early_stops=8/8
26 - INFO - chord#: 4 In build_straw_man_chord_sa. tolerance = 1, sa_iterations = 1000, initial_temperature = 3.0, cooling_rate = 0.999
26 - INFO - chord#: 2 done. best_score=120.0, changed=609, unchanged=221, early_stops=8/8
26 - INFO - chord#: 4 In build_straw_man_chord_sa. tolerance = 1, sa_iterations = 1000, initial_temperature = 3.0, cooling_rate = 0.999
26 - INFO - chord#: 4 done. best_score=27.0, changed=525, unchanged=320, early_stops=8/8
26 - INFO - chord#: 6 In build_straw_man_chord_sa. tolerance = 1, sa_iterations = 1000, initial_temperature = 3.0, cooling_rate = 0.999
26 - INFO - chord#: 4 done. best_score=27.0, changed=524, unchanged=300, early_stops=8/8
26 - INFO - chord#: 6 In build_straw_man_chord_sa. tolerance = 1, sa_iterations = 1000, initial_temperature = 3.0, cooling_rate = 0.999
26 - INFO - chord#: 4 done. best_score=27.0, changed=520, unchanged=334, early_stops=8/8
26 - INFO - chord#: 6 In build_straw_man_chord_sa. tolerance = 1, sa_iterations = 1000, initial_temperature = 3.0, cooling_rate = 0.999
26 - INFO - chord#: 2 done. best_score=97.0, changed=609, unchanged=246, early_stops=8/8
26 - INFO - chord#: 4 In build_straw_man_chord_sa. tolerance = 1, sa_iterations = 1000, initial_temperature = 3.0, cooling_rate = 0.999
26 - INFO - chord#: 2 done. best_score=82.0, changed=611, unchanged=382, early_stops=8/8
26 - INFO - chord#: 4 In build_straw_man_chord_sa. tolerance = 1, sa_iterations = 1000, initial_temperature = 3.0, cooling_rate = 0.999
26 - INFO - chord#: 2 done. best_score=82.0, changed=614, unchanged=404, early_stops=8/8
26 - INFO - chord#: 4 In build_straw_man_chord_sa. tolerance = 1, sa_iterations = 1000, initial_temperature = 3.0, cooling_rate = 0.999
26 - INFO - chord#: 2 done. best_score=82.0, changed=611, unchanged=369, early_stops=8/8
26 - INFO - chord#: 4 In build_straw_man_chord_sa. tolerance = 1, sa_iterations = 1000, initial_temperature = 3.0, cooling_rate = 0.999
26 - INFO - chord#: 2 done. best_score=82.0, changed=617, unchanged=523, early_stops=8/8
26 - INFO - chord#: 4 In build_straw_man_chord_sa. tolerance = 1, sa_iterations = 1000, initial_temperature = 3.0, cooling_rate = 0.999
26 - INFO - chord#: 4 done. best_score=27.0, changed=523, unchanged=316, early_stops=8/8
26 - INFO - chord#: 6 In build_straw_man_chord_sa. tolerance = 1, sa_iterations = 1000, initial_temperature = 3.0, cooling_rate = 0.999
26 - INFO - chord#: 4 done. best_score=27.0, changed=523, unchanged=374, early_stops=8/8
26 - INFO - chord#: 6 In build_straw_man_chord_sa. tolerance = 1, sa_iterations = 1000, initial_temperature = 3.0, cooling_rate = 0.999
26 - INFO - chord#: 2 done. best_score=82.0, changed=614, unchanged=398, early_stops=8/8
26 - INFO - chord#: 4 In build_straw_man_chord_sa. tolerance = 1, sa_iterations = 1000, initial_temperature = 3.0, cooling_rate = 0.999
26 - INFO - chord#: 4 done. best_score=27.0, changed=524, unchanged=346, early_stops=8/8
26 - INFO - chord#: 6 In build_straw_man_chord_sa. tolerance = 1, sa_iterations = 1000, initial_temperature = 3.0, cooling_rate = 0.999
26 - INFO - chord#: 4 done. best_score=27.0, changed=535, unchanged=350, early_stops=8/8
26 - INFO - chord#: 6 In build_straw_man_chord_sa. tolerance = 1, sa_iterations = 1000, initial_temperature = 3.0, cooling_rate = 0.999
26 - INFO - chord#: 4 done. best_score=27.0, changed=525, unchanged=356, early_stops=8/8
26 - INFO - chord#: 6 In build_straw_man_chord_sa. tolerance = 1, sa_iterations = 1000, initial_temperature = 3.0, cooling_rate = 0.999
26 - INFO - chord#: 4 done. best_score=27.0, changed=533, unchanged=363, early_stops=8/8
26 - INFO - chord#: 6 In build_straw_man_chord_sa. tolerance = 1, sa_iterations = 1000, initial_temperature = 3.0, cooling_rate = 0.999
26 - INFO - chord#: 4 done. best_score=27.0, changed=523, unchanged=326, early_stops=8/8
26 - INFO - chord#: 6 In build_straw_man_chord_sa. tolerance = 1, sa_iterations = 1000, initial_temperature = 3.0, cooling_rate = 0.999
26 - INFO - chord#: 4 done. best_score=27.0, changed=518, unchanged=329, early_stops=8/8
26 - INFO - chord#: 6 In build_straw_man_chord_sa. tolerance = 1, sa_iterations = 1000, initial_temperature = 3.0, cooling_rate = 0.999
26 - INFO - chord#: 4 done. best_score=27.0, changed=522, unchanged=333, early_stops=8/8
26 - INFO - chord#: 6 In build_straw_man_chord_sa. tolerance = 1, sa_iterations = 1000, initial_temperature = 3.0, cooling_rate = 0.999
26 - INFO - chord#: 6 done. best_score=97.0, changed=607, unchanged=224, early_stops=8/8
26 - INFO - chord#: 8 In build_straw_man_chord_sa. tolerance = 1, sa_iterations = 1000, initial_temperature = 3.0, cooling_rate = 0.999
26 - INFO - chord#: 6 done. best_score=90.0, changed=607, unchanged=275, early_stops=8/8
26 - INFO - chord#: 8 In build_straw_man_chord_sa. tolerance = 1, sa_iterations = 1000, initial_temperature = 3.0, cooling_rate = 0.999
26 - INFO - chord#: 6 done. best_score=90.0, changed=614, unchanged=284, early_stops=8/8
26 - INFO - chord#: 8 In build_straw_man_chord_sa. tolerance = 1, sa_iterations = 1000, initial_temperature = 3.0, cooling_rate = 0.999
26 - INFO - chord#: 6 done. best_score=90.0, changed=610, unchanged=239, early_stops=8/8
26 - INFO - chord#: 8 In build_straw_man_chord_sa. tolerance = 1, sa_iterations = 1000, initial_temperature = 3.0, cooling_rate = 0.999
26 - INFO - chord#: 6 done. best_score=97.0, changed=611, unchanged=297, early_stops=8/8
26 - INFO - chord#: 8 In build_straw_man_chord_sa. tolerance = 1, sa_iterations = 1000, initial_temperature = 3.0, cooling_rate = 0.999
26 - INFO - chord#: 8 done. best_score=27.0, changed=517, unchanged=336, early_stops=8/8
26 - INFO - chord#: 10 In build_straw_man_chord_sa. tolerance = 1, sa_iterations = 1000, initial_temperature = 3.0, cooling_rate = 0.999
26 - INFO - chord#: 8 done. best_score=27.0, changed=522, unchanged=327, early_stops=8/8
26 - INFO - chord#: 10 In build_straw_man_chord_sa. tolerance = 1, sa_iterations = 1000, initial_temperature = 3.0, cooling_rate = 0.999
26 - INFO - chord#: 8 done. best_score=27.0, changed=526, unchanged=344, early_stops=8/8
26 - INFO - chord#: 10 In build_straw_man_chord_sa. tolerance = 1, sa_iterations = 1000, initial_temperature = 3.0, cooling_rate = 0.999
26 - INFO - chord#: 8 done. best_score=27.0, changed=526, unchanged=356, early_stops=8/8
26 - INFO - chord#: 10 In build_straw_man_chord_sa. tolerance = 1, sa_iterations = 1000, initial_temperature = 3.0, cooling_rate = 0.999
26 - INFO - chord#: 6 done. best_score=82.0, changed=612, unchanged=257, early_stops=8/8
26 - INFO - chord#: 8 In build_straw_man_chord_sa. tolerance = 1, sa_iterations = 1000, initial_temperature = 3.0, cooling_rate = 0.999
26 - INFO - chord#: 6 done. best_score=97.0, changed=615, unchanged=291, early_stops=8/8
26 - INFO - chord#: 8 In build_straw_man_chord_sa. tolerance = 1, sa_iterations = 1000, initial_temperature = 3.0, cooling_rate = 0.999
26 - INFO - chord#: 8 done. best_score=27.0, changed=532, unchanged=371, early_stops=8/8
26 - INFO - chord#: 10 In build_straw_man_chord_sa. tolerance = 1, sa_iterations = 1000, initial_temperature = 3.0, cooling_rate = 0.999
26 - INFO - chord#: 6 done. best_score=82.0, changed=607, unchanged=212, early_stops=8/8
26 - INFO - chord#: 8 In build_straw_man_chord_sa. tolerance = 1, sa_iterations = 1000, initial_temperature = 3.0, cooling_rate = 0.999
26 - INFO - chord#: 6 done. best_score=147.0, changed=609, unchanged=234, early_stops=8/8
26 - INFO - chord#: 8 In build_straw_man_chord_sa. tolerance = 1, sa_iterations = 1000, initial_temperature = 3.0, cooling_rate = 0.999
26 - INFO - chord#: 6 done. best_score=82.0, changed=614, unchanged=224, early_stops=8/8
26 - INFO - chord#: 8 In build_straw_man_chord_sa. tolerance = 1, sa_iterations = 1000, initial_temperature = 3.0, cooling_rate = 0.999
26 - INFO - chord#: 8 done. best_score=27.0, changed=522, unchanged=349, early_stops=8/8
26 - INFO - chord#: 10 In build_straw_man_chord_sa. tolerance = 1, sa_iterations = 1000, initial_temperature = 3.0, cooling_rate = 0.999
26 - INFO - chord#: 6 done. best_score=90.0, changed=610, unchanged=320, early_stops=8/8
26 - INFO - chord#: 8 In build_straw_man_chord_sa. tolerance = 1, sa_iterations = 1000, initial_temperature = 3.0, cooling_rate = 0.999
26 - INFO - chord#: 6 done. best_score=108.0, changed=615, unchanged=289, early_stops=8/8
26 - INFO - chord#: 8 In build_straw_man_chord_sa. tolerance = 1, sa_iterations = 1000, initial_temperature = 3.0, cooling_rate = 0.999
26 - INFO - chord#: 8 done. best_score=27.0, changed=527, unchanged=351, early_stops=8/8
26 - INFO - chord#: 10 In build_straw_man_chord_sa. tolerance = 1, sa_iterations = 1000, initial_temperature = 3.0, cooling_rate = 0.999
26 - INFO - chord#: 8 done. best_score=27.0, changed=525, unchanged=359, early_stops=8/8
26 - INFO - chord#: 10 In build_straw_man_chord_sa. tolerance = 1, sa_iterations = 1000, initial_temperature = 3.0, cooling_rate = 0.999
26 - INFO - chord#: 8 done. best_score=27.0, changed=531, unchanged=400, early_stops=8/8
26 - INFO - chord#: 10 In build_straw_man_chord_sa. tolerance = 1, sa_iterations = 1000, initial_temperature = 3.0, cooling_rate = 0.999
26 - INFO - chord#: 8 done. best_score=27.0, changed=521, unchanged=321, early_stops=8/8
26 - INFO - chord#: 10 In build_straw_man_chord_sa. tolerance = 1, sa_iterations = 1000, initial_temperature = 3.0, cooling_rate = 0.999
26 - INFO - chord#: 10 done. best_score=104.0, changed=611, unchanged=241, early_stops=8/8
26 - INFO - chord#: 12 In build_straw_man_chord_sa. tolerance = 1, sa_iterations = 1000, initial_temperature = 3.0, cooling_rate = 0.999
26 - INFO - chord#: 10 done. best_score=64.0, changed=613, unchanged=369, early_stops=8/8
26 - INFO - chord#: 12 In build_straw_man_chord_sa. tolerance = 1, sa_iterations = 1000, initial_temperature = 3.0, cooling_rate = 0.999
26 - INFO - chord#: 10 done. best_score=104.0, changed=613, unchanged=339, early_stops=8/8
26 - INFO - chord#: 12 In build_straw_man_chord_sa. tolerance = 1, sa_iterations = 1000, initial_temperature = 3.0, cooling_rate = 0.999
26 - INFO - chord#: 8 done. best_score=27.0, changed=532, unchanged=363, early_stops=8/8
26 - INFO - chord#: 10 In build_straw_man_chord_sa. tolerance = 1, sa_iterations = 1000, initial_temperature = 3.0, cooling_rate = 0.999
26 - INFO - chord#: 8 done. best_score=27.0, changed=528, unchanged=305, early_stops=8/8
26 - INFO - chord#: 10 In build_straw_man_chord_sa. tolerance = 1, sa_iterations = 1000, initial_temperature = 3.0, cooling_rate = 0.999
26 - INFO - chord#: 10 done. best_score=146.0, changed=616, unchanged=378, early_stops=8/8
26 - INFO - chord#: 12 In build_straw_man_chord_sa. tolerance = 1, sa_iterations = 1000, initial_temperature = 3.0, cooling_rate = 0.999
26 - INFO - chord#: 10 done. best_score=64.0, changed=617, unchanged=278, early_stops=8/8
26 - INFO - chord#: 12 In build_straw_man_chord_sa. tolerance = 1, sa_iterations = 1000, initial_temperature = 3.0, cooling_rate = 0.999
26 - INFO - chord#: 10 done. best_score=64.0, changed=610, unchanged=263, early_stops=8/8
26 - INFO - chord#: 12 In build_straw_man_chord_sa. tolerance = 1, sa_iterations = 1000, initial_temperature = 3.0, cooling_rate = 0.999
26 - INFO - chord#: 10 done. best_score=64.0, changed=608, unchanged=267, early_stops=8/8
26 - INFO - chord#: 12 In build_straw_man_chord_sa. tolerance = 1, sa_iterations = 1000, initial_temperature = 3.0, cooling_rate = 0.999
26 - INFO - chord#: 12 done. best_score=74.0, changed=610, unchanged=311, early_stops=8/8
26 - INFO - chord#: 14 In build_straw_man_chord_sa. tolerance = 1, sa_iterations = 1000, initial_temperature = 3.0, cooling_rate = 0.999
26 - INFO - chord#: 12 done. best_score=149.0, changed=611, unchanged=235, early_stops=8/8
26 - INFO - chord#: 14 In build_straw_man_chord_sa. tolerance = 1, sa_iterations = 1000, initial_temperature = 3.0, cooling_rate = 0.999
26 - INFO - chord#: 12 done. best_score=96.0, changed=611, unchanged=351, early_stops=8/8
26 - INFO - chord#: 14 In build_straw_man_chord_sa. tolerance = 1, sa_iterations = 1000, initial_temperature = 3.0, cooling_rate = 0.999
26 - INFO - chord#: 10 done. best_score=64.0, changed=616, unchanged=253, early_stops=8/8
26 - INFO - chord#: 12 In build_straw_man_chord_sa. tolerance = 1, sa_iterations = 1000, initial_temperature = 3.0, cooling_rate = 0.999
26 - INFO - chord#: 10 done. best_score=64.0, changed=613, unchanged=329, early_stops=8/8
26 - INFO - chord#: 12 In build_straw_man_chord_sa. tolerance = 1, sa_iterations = 1000, initial_temperature = 3.0, cooling_rate = 0.999
26 - INFO - chord#: 10 done. best_score=64.0, changed=613, unchanged=332, early_stops=8/8
26 - INFO - chord#: 12 In build_straw_man_chord_sa. tolerance = 1, sa_iterations = 1000, initial_temperature = 3.0, cooling_rate = 0.999
26 - INFO - chord#: 12 done. best_score=96.0, changed=618, unchanged=352, early_stops=8/8
26 - INFO - chord#: 14 In build_straw_man_chord_sa. tolerance = 1, sa_iterations = 1000, initial_temperature = 3.0, cooling_rate = 0.999
26 - INFO - chord#: 12 done. best_score=74.0, changed=612, unchanged=297, early_stops=8/8
26 - INFO - chord#: 14 In build_straw_man_chord_sa. tolerance = 1, sa_iterations = 1000, initial_temperature = 3.0, cooling_rate = 0.999
26 - INFO - chord#: 10 done. best_score=64.0, changed=609, unchanged=261, early_stops=8/8
26 - INFO - chord#: 12 In build_straw_man_chord_sa. tolerance = 1, sa_iterations = 1000, initial_temperature = 3.0, cooling_rate = 0.999
26 - INFO - chord#: 12 done. best_score=74.0, changed=608, unchanged=220, early_stops=8/8
26 - INFO - chord#: 14 In build_straw_man_chord_sa. tolerance = 1, sa_iterations = 1000, initial_temperature = 3.0, cooling_rate = 0.999
26 - INFO - chord#: 14 done. best_score=27.0, changed=524, unchanged=333, early_stops=8/8
26 - INFO - chord#: 16 In build_straw_man_chord_sa. tolerance = 1, sa_iterations = 1000, initial_temperature = 3.0, cooling_rate = 0.999
26 - INFO - chord#: 14 done. best_score=85.0, changed=540, unchanged=273, early_stops=8/8
26 - INFO - chord#: 16 In build_straw_man_chord_sa. tolerance = 1, sa_iterations = 1000, initial_temperature = 3.0, cooling_rate = 0.999
26 - INFO - chord#: 14 done. best_score=27.0, changed=525, unchanged=298, early_stops=8/8
26 - INFO - chord#: 16 In build_straw_man_chord_sa. tolerance = 1, sa_iterations = 1000, initial_temperature = 3.0, cooling_rate = 0.999
26 - INFO - chord#: 10 done. best_score=125.0, changed=609, unchanged=426, early_stops=8/8
26 - INFO - chord#: 12 In build_straw_man_chord_sa. tolerance = 1, sa_iterations = 1000, initial_temperature = 3.0, cooling_rate = 0.999
26 - INFO - chord#: 14 done. best_score=27.0, changed=533, unchanged=374, early_stops=8/8
26 - INFO - chord#: 16 In build_straw_man_chord_sa. tolerance = 1, sa_iterations = 1000, initial_temperature = 3.0, cooling_rate = 0.999
26 - INFO - chord#: 14 done. best_score=27.0, changed=528, unchanged=339, early_stops=8/8
26 - INFO - chord#: 16 In build_straw_man_chord_sa. tolerance = 1, sa_iterations = 1000, initial_temperature = 3.0, cooling_rate = 0.999
26 - INFO - chord#: 16 done. best_score=27.0, changed=517, unchanged=322, early_stops=8/8
26 - INFO - chord#: 18 In build_straw_man_chord_sa. tolerance = 1, sa_iterations = 1000, initial_temperature = 3.0, cooling_rate = 0.999
26 - INFO - chord#: 16 done. best_score=27.0, changed=515, unchanged=390, early_stops=8/8
26 - INFO - chord#: 18 In build_straw_man_chord_sa. tolerance = 1, sa_iterations = 1000, initial_temperature = 3.0, cooling_rate = 0.999
26 - INFO - chord#: 14 done. best_score=27.0, changed=525, unchanged=317, early_stops=8/8
26 - INFO - chord#: 16 In build_straw_man_chord_sa. tolerance = 1, sa_iterations = 1000, initial_temperature = 3.0, cooling_rate = 0.999
26 - INFO - chord#: 16 done. best_score=27.0, changed=517, unchanged=360, early_stops=8/8
26 - INFO - chord#: 18 In build_straw_man_chord_sa. tolerance = 1, sa_iterations = 1000, initial_temperature = 3.0, cooling_rate = 0.999
26 - INFO - chord#: 16 done. best_score=27.0, changed=522, unchanged=396, early_stops=8/8
26 - INFO - chord#: 16 done. best_score=27.0, changed=514, unchanged=314, early_stops=8/8
26 - INFO - chord#: 18 In build_straw_man_chord_sa. tolerance = 1, sa_iterations = 1000, initial_temperature = 3.0, cooling_rate = 0.999
26 - INFO - chord#: 18 In build_straw_man_chord_sa. tolerance = 1, sa_iterations = 1000, initial_temperature = 3.0, cooling_rate = 0.999
26 - INFO - chord#: 16 done. best_score=27.0, changed=535, unchanged=358, early_stops=8/8
26 - INFO - chord#: 18 In build_straw_man_chord_sa. tolerance = 1, sa_iterations = 1000, initial_temperature = 3.0, cooling_rate = 0.999
26 - INFO - chord#: 12 done. best_score=74.0, changed=610, unchanged=302, early_stops=8/8
26 - INFO - chord#: 14 In build_straw_man_chord_sa. tolerance = 1, sa_iterations = 1000, initial_temperature = 3.0, cooling_rate = 0.999
26 - INFO - chord#: 12 done. best_score=167.0, changed=618, unchanged=492, early_stops=8/8
26 - INFO - chord#: 14 In build_straw_man_chord_sa. tolerance = 1, sa_iterations = 1000, initial_temperature = 3.0, cooling_rate = 0.999
26 - INFO - chord#: 12 done. best_score=168.0, changed=614, unchanged=366, early_stops=8/8
26 - INFO - chord#: 14 In build_straw_man_chord_sa. tolerance = 1, sa_iterations = 1000, initial_temperature = 3.0, cooling_rate = 0.999
26 - INFO - chord#: 12 done. best_score=74.0, changed=611, unchanged=340, early_stops=8/8
26 - INFO - chord#: 14 In build_straw_man_chord_sa. tolerance = 1, sa_iterations = 1000, initial_temperature = 3.0, cooling_rate = 0.999
26 - INFO - chord#: 12 done. best_score=74.0, changed=613, unchanged=317, early_stops=8/8
26 - INFO - chord#: 14 In build_straw_man_chord_sa. tolerance = 1, sa_iterations = 1000, initial_temperature = 3.0, cooling_rate = 0.999
26 - INFO - chord#: 12 done. best_score=74.0, changed=609, unchanged=301, early_stops=8/8
26 - INFO - chord#: 14 In build_straw_man_chord_sa. tolerance = 1, sa_iterations = 1000, initial_temperature = 3.0, cooling_rate = 0.999
26 - INFO - chord#: 18 done. best_score=146.0, changed=615, unchanged=310, early_stops=8/8
26 - INFO - chord#: 20 In build_straw_man_chord_sa. tolerance = 1, sa_iterations = 1000, initial_temperature = 3.0, cooling_rate = 0.999
26 - INFO - chord#: 18 done. best_score=64.0, changed=611, unchanged=253, early_stops=8/8
26 - INFO - chord#: 20 In build_straw_man_chord_sa. tolerance = 1, sa_iterations = 1000, initial_temperature = 3.0, cooling_rate = 0.999
26 - INFO - chord#: 18 done. best_score=64.0, changed=618, unchanged=355, early_stops=8/8
26 - INFO - chord#: 20 In build_straw_man_chord_sa. tolerance = 1, sa_iterations = 1000, initial_temperature = 3.0, cooling_rate = 0.999
26 - INFO - chord#: 14 done. best_score=27.0, changed=529, unchanged=326, early_stops=8/8
26 - INFO - chord#: 16 In build_straw_man_chord_sa. tolerance = 1, sa_iterations = 1000, initial_temperature = 3.0, cooling_rate = 0.999
26 - INFO - chord#: 18 done. best_score=64.0, changed=611, unchanged=251, early_stops=8/8
26 - INFO - chord#: 20 In build_straw_man_chord_sa. tolerance = 1, sa_iterations = 1000, initial_temperature = 3.0, cooling_rate = 0.999
26 - INFO - chord#: 14 done. best_score=27.0, changed=524, unchanged=336, early_stops=8/8
26 - INFO - chord#: 16 In build_straw_man_chord_sa. tolerance = 1, sa_iterations = 1000, initial_temperature = 3.0, cooling_rate = 0.999
26 - INFO - chord#: 14 done. best_score=27.0, changed=524, unchanged=340, early_stops=8/8
26 - INFO - chord#: 16 In build_straw_man_chord_sa. tolerance = 1, sa_iterations = 1000, initial_temperature = 3.0, cooling_rate = 0.999
26 - INFO - chord#: 14 done. best_score=27.0, changed=528, unchanged=403, early_stops=8/8
26 - INFO - chord#: 16 In build_straw_man_chord_sa. tolerance = 1, sa_iterations = 1000, initial_temperature = 3.0, cooling_rate = 0.999
26 - INFO - chord#: 18 done. best_score=64.0, changed=616, unchanged=448, early_stops=8/8
26 - INFO - chord#: 20 In build_straw_man_chord_sa. tolerance = 1, sa_iterations = 1000, initial_temperature = 3.0, cooling_rate = 0.999
26 - INFO - chord#: 14 done. best_score=27.0, changed=526, unchanged=386, early_stops=8/8
26 - INFO - chord#: 16 In build_straw_man_chord_sa. tolerance = 1, sa_iterations = 1000, initial_temperature = 3.0, cooling_rate = 0.999
26 - INFO - chord#: 14 done. best_score=27.0, changed=524, unchanged=402, early_stops=8/8
26 - INFO - chord#: 16 In build_straw_man_chord_sa. tolerance = 1, sa_iterations = 1000, initial_temperature = 3.0, cooling_rate = 0.999
26 - INFO - chord#: 20 done. best_score=27.0, changed=529, unchanged=430, early_stops=8/8
26 - INFO - chord#: 22 In build_straw_man_chord_sa. tolerance = 1, sa_iterations = 1000, initial_temperature = 3.0, cooling_rate = 0.999
26 - INFO - chord#: 20 done. best_score=27.0, changed=514, unchanged=398, early_stops=8/8
26 - INFO - chord#: 22 In build_straw_man_chord_sa. tolerance = 1, sa_iterations = 1000, initial_temperature = 3.0, cooling_rate = 0.999
26 - INFO - chord#: 20 done. best_score=27.0, changed=516, unchanged=451, early_stops=8/8
26 - INFO - chord#: 22 In build_straw_man_chord_sa. tolerance = 1, sa_iterations = 1000, initial_temperature = 3.0, cooling_rate = 0.999
26 - INFO - chord#: 16 done. best_score=27.0, changed=515, unchanged=335, early_stops=8/8
26 - INFO - chord#: 18 In build_straw_man_chord_sa. tolerance = 1, sa_iterations = 1000, initial_temperature = 3.0, cooling_rate = 0.999
26 - INFO - chord#: 18 done. best_score=140.0, changed=613, unchanged=262, early_stops=8/8
26 - INFO - chord#: 20 In build_straw_man_chord_sa. tolerance = 1, sa_iterations = 1000, initial_temperature = 3.0, cooling_rate = 0.999
26 - INFO - chord#: 16 done. best_score=27.0, changed=523, unchanged=331, early_stops=8/8
26 - INFO - chord#: 18 In build_straw_man_chord_sa. tolerance = 1, sa_iterations = 1000, initial_temperature = 3.0, cooling_rate = 0.999
26 - INFO - chord#: 20 done. best_score=27.0, changed=519, unchanged=454, early_stops=8/8
26 - INFO - chord#: 22 In build_straw_man_chord_sa. tolerance = 1, sa_iterations = 1000, initial_temperature = 3.0, cooling_rate = 0.999
26 - INFO - chord#: 20 done. best_score=27.0, changed=514, unchanged=468, early_stops=8/8
26 - INFO - chord#: 22 In build_straw_man_chord_sa. tolerance = 1, sa_iterations = 1000, initial_temperature = 3.0, cooling_rate = 0.999
26 - INFO - chord#: 16 done. best_score=27.0, changed=516, unchanged=355, early_stops=8/8
26 - INFO - chord#: 18 In build_straw_man_chord_sa. tolerance = 1, sa_iterations = 1000, initial_temperature = 3.0, cooling_rate = 0.999
26 - INFO - chord#: 16 done. best_score=27.0, changed=520, unchanged=342, early_stops=8/8
26 - INFO - chord#: 18 In build_straw_man_chord_sa. tolerance = 1, sa_iterations = 1000, initial_temperature = 3.0, cooling_rate = 0.999
26 - INFO - chord#: 22 done. best_score=27.0, changed=515, unchanged=386, early_stops=8/8
26 - INFO - chord#: 24 In build_straw_man_chord_sa. tolerance = 1, sa_iterations = 1000, initial_temperature = 3.0, cooling_rate = 0.999
26 - INFO - chord#: 16 done. best_score=27.0, changed=522, unchanged=425, early_stops=8/8
26 - INFO - chord#: 18 In build_straw_man_chord_sa. tolerance = 1, sa_iterations = 1000, initial_temperature = 3.0, cooling_rate = 0.999
26 - INFO - chord#: 22 done. best_score=27.0, changed=521, unchanged=455, early_stops=8/8
26 - INFO - chord#: 24 In build_straw_man_chord_sa. tolerance = 1, sa_iterations = 1000, initial_temperature = 3.0, cooling_rate = 0.999
26 - INFO - chord#: 22 done. best_score=27.0, changed=529, unchanged=414, early_stops=8/8
26 - INFO - chord#: 24 In build_straw_man_chord_sa. tolerance = 1, sa_iterations = 1000, initial_temperature = 3.0, cooling_rate = 0.999
26 - INFO - chord#: 16 done. best_score=27.0, changed=523, unchanged=375, early_stops=8/8
26 - INFO - chord#: 18 In build_straw_man_chord_sa. tolerance = 1, sa_iterations = 1000, initial_temperature = 3.0, cooling_rate = 0.999
26 - INFO - chord#: 22 done. best_score=27.0, changed=519, unchanged=360, early_stops=8/8
26 - INFO - chord#: 24 In build_straw_man_chord_sa. tolerance = 1, sa_iterations = 1000, initial_temperature = 3.0, cooling_rate = 0.999
26 - INFO - chord#: 22 done. best_score=27.0, changed=527, unchanged=370, early_stops=8/8
26 - INFO - chord#: 24 In build_straw_man_chord_sa. tolerance = 1, sa_iterations = 1000, initial_temperature = 3.0, cooling_rate = 0.999
26 - INFO - chord#: 20 done. best_score=27.0, changed=526, unchanged=469, early_stops=8/8
26 - INFO - chord#: 22 In build_straw_man_chord_sa. tolerance = 1, sa_iterations = 1000, initial_temperature = 3.0, cooling_rate = 0.999
26 - INFO - chord#: 24 done. best_score=27.0, changed=512, unchanged=351, early_stops=8/8
26 - INFO - chord#: 28 In build_straw_man_chord_sa. tolerance = 1, sa_iterations = 1000, initial_temperature = 3.0, cooling_rate = 0.999
26 - INFO - chord#: 24 done. best_score=27.0, changed=524, unchanged=360, early_stops=8/8
26 - INFO - chord#: 28 In build_straw_man_chord_sa. tolerance = 1, sa_iterations = 1000, initial_temperature = 3.0, cooling_rate = 0.999
26 - INFO - chord#: 24 done. best_score=27.0, changed=518, unchanged=455, early_stops=8/8
26 - INFO - chord#: 28 In build_straw_man_chord_sa. tolerance = 1, sa_iterations = 1000, initial_temperature = 3.0, cooling_rate = 0.999
26 - INFO - chord#: 24 done. best_score=27.0, changed=518, unchanged=357, early_stops=8/8
26 - INFO - chord#: 28 In build_straw_man_chord_sa. tolerance = 1, sa_iterations = 1000, initial_temperature = 3.0, cooling_rate = 0.999
26 - INFO - chord#: 24 done. best_score=27.0, changed=521, unchanged=373, early_stops=8/8
26 - INFO - chord#: 28 In build_straw_man_chord_sa. tolerance = 1, sa_iterations = 1000, initial_temperature = 3.0, cooling_rate = 0.999
26 - INFO - chord#: 18 done. best_score=140.0, changed=611, unchanged=376, early_stops=8/8
26 - INFO - chord#: 20 In build_straw_man_chord_sa. tolerance = 1, sa_iterations = 1000, initial_temperature = 3.0, cooling_rate = 0.999
26 - INFO - chord#: 18 done. best_score=178.0, changed=613, unchanged=212, early_stops=8/8
26 - INFO - chord#: 20 In build_straw_man_chord_sa. tolerance = 1, sa_iterations = 1000, initial_temperature = 3.0, cooling_rate = 0.999
26 - INFO - chord#: 18 done. best_score=157.0, changed=618, unchanged=316, early_stops=8/8
26 - INFO - chord#: 20 In build_straw_man_chord_sa. tolerance = 1, sa_iterations = 1000, initial_temperature = 3.0, cooling_rate = 0.999
26 - INFO - chord#: 28 done. best_score=27.0, changed=525, unchanged=355, early_stops=8/8
26 - INFO - chord#: 32 In build_straw_man_chord_sa. tolerance = 1, sa_iterations = 1000, initial_temperature = 3.0, cooling_rate = 0.999
26 - INFO - chord#: 22 done. best_score=27.0, changed=517, unchanged=437, early_stops=8/8
26 - INFO - chord#: 24 In build_straw_man_chord_sa. tolerance = 1, sa_iterations = 1000, initial_temperature = 3.0, cooling_rate = 0.999
26 - INFO - chord#: 28 done. best_score=27.0, changed=529, unchanged=385, early_stops=8/8
26 - INFO - chord#: 32 In build_straw_man_chord_sa. tolerance = 1, sa_iterations = 1000, initial_temperature = 3.0, cooling_rate = 0.999
26 - INFO - chord#: 28 done. best_score=27.0, changed=527, unchanged=381, early_stops=8/8
26 - INFO - chord#: 32 In build_straw_man_chord_sa. tolerance = 1, sa_iterations = 1000, initial_temperature = 3.0, cooling_rate = 0.999
26 - INFO - chord#: 18 done. best_score=71.0, changed=616, unchanged=329, early_stops=8/8
26 - INFO - chord#: 20 In build_straw_man_chord_sa. tolerance = 1, sa_iterations = 1000, initial_temperature = 3.0, cooling_rate = 0.999
26 - INFO - chord#: 28 done. best_score=27.0, changed=524, unchanged=306, early_stops=8/8
26 - INFO - chord#: 32 In build_straw_man_chord_sa. tolerance = 1, sa_iterations = 1000, initial_temperature = 3.0, cooling_rate = 0.999
26 - INFO - chord#: 18 done. best_score=64.0, changed=609, unchanged=222, early_stops=8/8
26 - INFO - chord#: 20 In build_straw_man_chord_sa. tolerance = 1, sa_iterations = 1000, initial_temperature = 3.0, cooling_rate = 0.999
26 - INFO - chord#: 28 done. best_score=27.0, changed=524, unchanged=288, early_stops=8/8
26 - INFO - chord#: 32 In build_straw_man_chord_sa. tolerance = 1, sa_iterations = 1000, initial_temperature = 3.0, cooling_rate = 0.999
26 - INFO - chord#: 20 done. best_score=36.0, changed=527, unchanged=375, early_stops=8/8
26 - INFO - chord#: 22 In build_straw_man_chord_sa. tolerance = 1, sa_iterations = 1000, initial_temperature = 3.0, cooling_rate = 0.999
26 - INFO - chord#: 32 done. best_score=27.0, changed=532, unchanged=360, early_stops=8/8
26 - INFO - chord#: 34 In build_straw_man_chord_sa. tolerance = 1, sa_iterations = 1000, initial_temperature = 3.0, cooling_rate = 0.999
26 - INFO - chord#: 32 done. best_score=27.0, changed=537, unchanged=432, early_stops=8/8
26 - INFO - chord#: 34 In build_straw_man_chord_sa. tolerance = 1, sa_iterations = 1000, initial_temperature = 3.0, cooling_rate = 0.999
26 - INFO - chord#: 32 done. best_score=27.0, changed=533, unchanged=365, early_stops=8/8
26 - INFO - chord#: 34 In build_straw_man_chord_sa. tolerance = 1, sa_iterations = 1000, initial_temperature = 3.0, cooling_rate = 0.999
26 - INFO - chord#: 18 done. best_score=71.0, changed=610, unchanged=405, early_stops=8/8
26 - INFO - chord#: 20 In build_straw_man_chord_sa. tolerance = 1, sa_iterations = 1000, initial_temperature = 3.0, cooling_rate = 0.999
26 - INFO - chord#: 20 done. best_score=27.0, changed=515, unchanged=407, early_stops=8/8
26 - INFO - chord#: 22 In build_straw_man_chord_sa. tolerance = 1, sa_iterations = 1000, initial_temperature = 3.0, cooling_rate = 0.999
26 - INFO - chord#: 32 done. best_score=27.0, changed=526, unchanged=320, early_stops=8/8
26 - INFO - chord#: 34 In build_straw_man_chord_sa. tolerance = 1, sa_iterations = 1000, initial_temperature = 3.0, cooling_rate = 0.999
26 - INFO - chord#: 32 done. best_score=27.0, changed=530, unchanged=392, early_stops=8/8
26 - INFO - chord#: 34 In build_straw_man_chord_sa. tolerance = 1, sa_iterations = 1000, initial_temperature = 3.0, cooling_rate = 0.999
26 - INFO - chord#: 24 done. best_score=27.0, changed=532, unchanged=444, early_stops=8/8
26 - INFO - chord#: 28 In build_straw_man_chord_sa. tolerance = 1, sa_iterations = 1000, initial_temperature = 3.0, cooling_rate = 0.999
26 - INFO - chord#: 20 done. best_score=27.0, changed=521, unchanged=346, early_stops=8/8
26 - INFO - chord#: 22 In build_straw_man_chord_sa. tolerance = 1, sa_iterations = 1000, initial_temperature = 3.0, cooling_rate = 0.999
26 - INFO - chord#: 20 done. best_score=27.0, changed=526, unchanged=531, early_stops=8/8
26 - INFO - chord#: 22 In build_straw_man_chord_sa. tolerance = 1, sa_iterations = 1000, initial_temperature = 3.0, cooling_rate = 0.999
26 - INFO - chord#: 22 done. best_score=36.0, changed=523, unchanged=479, early_stops=8/8
26 - INFO - chord#: 24 In build_straw_man_chord_sa. tolerance = 1, sa_iterations = 1000, initial_temperature = 3.0, cooling_rate = 0.999
26 - INFO - chord#: 20 done. best_score=27.0, changed=521, unchanged=550, early_stops=8/8
26 - INFO - chord#: 22 In build_straw_man_chord_sa. tolerance = 1, sa_iterations = 1000, initial_temperature = 3.0, cooling_rate = 0.999
26 - INFO - chord#: 22 done. best_score=27.0, changed=520, unchanged=423, early_stops=8/8
26 - INFO - chord#: 24 In build_straw_man_chord_sa. tolerance = 1, sa_iterations = 1000, initial_temperature = 3.0, cooling_rate = 0.999
26 - INFO - chord#: 20 done. best_score=27.0, changed=525, unchanged=371, early_stops=8/8
26 - INFO - chord#: 22 In build_straw_man_chord_sa. tolerance = 1, sa_iterations = 1000, initial_temperature = 3.0, cooling_rate = 0.999
26 - INFO - chord#: 22 done. best_score=27.0, changed=519, unchanged=366, early_stops=8/8
26 - INFO - chord#: 24 In build_straw_man_chord_sa. tolerance = 1, sa_iterations = 1000, initial_temperature = 3.0, cooling_rate = 0.999
26 - INFO - chord#: 28 done. best_score=27.0, changed=518, unchanged=410, early_stops=8/8
26 - INFO - chord#: 32 In build_straw_man_chord_sa. tolerance = 1, sa_iterations = 1000, initial_temperature = 3.0, cooling_rate = 0.999
26 - INFO - chord#: 22 done. best_score=27.0, changed=534, unchanged=414, early_stops=8/8
26 - INFO - chord#: 24 In build_straw_man_chord_sa. tolerance = 1, sa_iterations = 1000, initial_temperature = 3.0, cooling_rate = 0.999
26 - INFO - chord#: 34 done. best_score=141.0, changed=613, unchanged=289, early_stops=8/8
26 - INFO - chord#: 36 In build_straw_man_chord_sa. tolerance = 1, sa_iterations = 1000, initial_temperature = 3.0, cooling_rate = 0.999
26 - INFO - chord#: 24 done. best_score=27.0, changed=526, unchanged=367, early_stops=8/8
26 - INFO - chord#: 28 In build_straw_man_chord_sa. tolerance = 1, sa_iterations = 1000, initial_temperature = 3.0, cooling_rate = 0.999
26 - INFO - chord#: 22 done. best_score=27.0, changed=514, unchanged=324, early_stops=8/8
26 - INFO - chord#: 24 In build_straw_man_chord_sa. tolerance = 1, sa_iterations = 1000, initial_temperature = 3.0, cooling_rate = 0.999
26 - INFO - chord#: 34 done. best_score=70.0, changed=610, unchanged=225, early_stops=8/8
26 - INFO - chord#: 36 In build_straw_man_chord_sa. tolerance = 1, sa_iterations = 1000, initial_temperature = 3.0, cooling_rate = 0.999
26 - INFO - chord#: 34 done. best_score=70.0, changed=614, unchanged=339, early_stops=8/8
26 - INFO - chord#: 36 In build_straw_man_chord_sa. tolerance = 1, sa_iterations = 1000, initial_temperature = 3.0, cooling_rate = 0.999
26 - INFO - chord#: 24 done. best_score=27.0, changed=516, unchanged=312, early_stops=8/8
26 - INFO - chord#: 28 In build_straw_man_chord_sa. tolerance = 1, sa_iterations = 1000, initial_temperature = 3.0, cooling_rate = 0.999
26 - INFO - chord#: 22 done. best_score=27.0, changed=522, unchanged=489, early_stops=8/8
26 - INFO - chord#: 24 In build_straw_man_chord_sa. tolerance = 1, sa_iterations = 1000, initial_temperature = 3.0, cooling_rate = 0.999
26 - INFO - chord#: 34 done. best_score=70.0, changed=614, unchanged=351, early_stops=8/8
26 - INFO - chord#: 36 In build_straw_man_chord_sa. tolerance = 1, sa_iterations = 1000, initial_temperature = 3.0, cooling_rate = 0.999
26 - INFO - chord#: 34 done. best_score=70.0, changed=613, unchanged=466, early_stops=8/8
26 - INFO - chord#: 36 In build_straw_man_chord_sa. tolerance = 1, sa_iterations = 1000, initial_temperature = 3.0, cooling_rate = 0.999
26 - INFO - chord#: 36 done. best_score=27.0, changed=534, unchanged=345, early_stops=8/8
26 - INFO - chord#: 38 In build_straw_man_chord_sa. tolerance = 1, sa_iterations = 1000, initial_temperature = 3.0, cooling_rate = 0.999
26 - INFO - chord#: 28 done. best_score=27.0, changed=530, unchanged=330, early_stops=8/8
26 - INFO - chord#: 32 In build_straw_man_chord_sa. tolerance = 1, sa_iterations = 1000, initial_temperature = 3.0, cooling_rate = 0.999
26 - INFO - chord#: 24 done. best_score=27.0, changed=526, unchanged=388, early_stops=8/8
26 - INFO - chord#: 28 In build_straw_man_chord_sa. tolerance = 1, sa_iterations = 1000, initial_temperature = 3.0, cooling_rate = 0.999
26 - INFO - chord#: 32 done. best_score=27.0, changed=523, unchanged=386, early_stops=8/8
26 - INFO - chord#: 34 In build_straw_man_chord_sa. tolerance = 1, sa_iterations = 1000, initial_temperature = 3.0, cooling_rate = 0.999
26 - INFO - chord#: 24 done. best_score=27.0, changed=518, unchanged=417, early_stops=8/8
26 - INFO - chord#: 28 In build_straw_man_chord_sa. tolerance = 1, sa_iterations = 1000, initial_temperature = 3.0, cooling_rate = 0.999
26 - INFO - chord#: 36 done. best_score=27.0, changed=525, unchanged=395, early_stops=8/8
26 - INFO - chord#: 38 In build_straw_man_chord_sa. tolerance = 1, sa_iterations = 1000, initial_temperature = 3.0, cooling_rate = 0.999
26 - INFO - chord#: 24 done. best_score=27.0, changed=518, unchanged=377, early_stops=8/8
26 - INFO - chord#: 28 In build_straw_man_chord_sa. tolerance = 1, sa_iterations = 1000, initial_temperature = 3.0, cooling_rate = 0.999
26 - INFO - chord#: 36 done. best_score=27.0, changed=533, unchanged=342, early_stops=8/8
26 - INFO - chord#: 38 In build_straw_man_chord_sa. tolerance = 1, sa_iterations = 1000, initial_temperature = 3.0, cooling_rate = 0.999
26 - INFO - chord#: 36 done. best_score=27.0, changed=519, unchanged=347, early_stops=8/8
26 - INFO - chord#: 38 In build_straw_man_chord_sa. tolerance = 1, sa_iterations = 1000, initial_temperature = 3.0, cooling_rate = 0.999
26 - INFO - chord#: 36 done. best_score=27.0, changed=527, unchanged=341, early_stops=8/8
26 - INFO - chord#: 38 In build_straw_man_chord_sa. tolerance = 1, sa_iterations = 1000, initial_temperature = 3.0, cooling_rate = 0.999
26 - INFO - chord#: 32 done. best_score=27.0, changed=532, unchanged=410, early_stops=8/8
26 - INFO - chord#: 28 done. best_score=27.0, changed=521, unchanged=413, early_stops=8/8
26 - INFO - chord#: 34 In build_straw_man_chord_sa. tolerance = 1, sa_iterations = 1000, initial_temperature = 3.0, cooling_rate = 0.999
26 - INFO - chord#: 32 In build_straw_man_chord_sa. tolerance = 1, sa_iterations = 1000, initial_temperature = 3.0, cooling_rate = 0.999
26 - INFO - chord#: 28 done. best_score=27.0, changed=534, unchanged=291, early_stops=8/8
26 - INFO - chord#: 32 In build_straw_man_chord_sa. tolerance = 1, sa_iterations = 1000, initial_temperature = 3.0, cooling_rate = 0.999
26 - INFO - chord#: 24 done. best_score=27.0, changed=532, unchanged=395, early_stops=8/8
26 - INFO - chord#: 28 In build_straw_man_chord_sa. tolerance = 1, sa_iterations = 1000, initial_temperature = 3.0, cooling_rate = 0.999
26 - INFO - chord#: 28 done. best_score=27.0, changed=528, unchanged=349, early_stops=8/8
26 - INFO - chord#: 32 In build_straw_man_chord_sa. tolerance = 1, sa_iterations = 1000, initial_temperature = 3.0, cooling_rate = 0.999
26 - INFO - chord#: 28 done. best_score=27.0, changed=526, unchanged=450, early_stops=8/8
26 - INFO - chord#: 32 In build_straw_man_chord_sa. tolerance = 1, sa_iterations = 1000, initial_temperature = 3.0, cooling_rate = 0.999
26 - INFO - chord#: 38 done. best_score=64.0, changed=612, unchanged=313, early_stops=8/8
26 - INFO - chord#: 40 In build_straw_man_chord_sa. tolerance = 1, sa_iterations = 1000, initial_temperature = 3.0, cooling_rate = 0.999
26 - INFO - chord#: 32 done. best_score=27.0, changed=532, unchanged=283, early_stops=8/8
26 - INFO - chord#: 34 In build_straw_man_chord_sa. tolerance = 1, sa_iterations = 1000, initial_temperature = 3.0, cooling_rate = 0.999
26 - INFO - chord#: 32 done. best_score=27.0, changed=528, unchanged=412, early_stops=8/8
26 - INFO - chord#: 34 In build_straw_man_chord_sa. tolerance = 1, sa_iterations = 1000, initial_temperature = 3.0, cooling_rate = 0.999
26 - INFO - chord#: 28 done. best_score=27.0, changed=516, unchanged=340, early_stops=8/8
26 - INFO - chord#: 32 In build_straw_man_chord_sa. tolerance = 1, sa_iterations = 1000, initial_temperature = 3.0, cooling_rate = 0.999
26 - INFO - chord#: 38 done. best_score=64.0, changed=610, unchanged=351, early_stops=8/8
26 - INFO - chord#: 40 In build_straw_man_chord_sa. tolerance = 1, sa_iterations = 1000, initial_temperature = 3.0, cooling_rate = 0.999
26 - INFO - chord#: 38 done. best_score=64.0, changed=611, unchanged=227, early_stops=8/8
26 - INFO - chord#: 40 In build_straw_man_chord_sa. tolerance = 1, sa_iterations = 1000, initial_temperature = 3.0, cooling_rate = 0.999
26 - INFO - chord#: 32 done. best_score=27.0, changed=528, unchanged=371, early_stops=8/8
26 - INFO - chord#: 34 In build_straw_man_chord_sa. tolerance = 1, sa_iterations = 1000, initial_temperature = 3.0, cooling_rate = 0.999
26 - INFO - chord#: 34 done. best_score=111.0, changed=609, unchanged=238, early_stops=8/8
26 - INFO - chord#: 36 In build_straw_man_chord_sa. tolerance = 1, sa_iterations = 1000, initial_temperature = 3.0, cooling_rate = 0.999
26 - INFO - chord#: 32 done. best_score=27.0, changed=529, unchanged=354, early_stops=8/8
26 - INFO - chord#: 34 In build_straw_man_chord_sa. tolerance = 1, sa_iterations = 1000, initial_temperature = 3.0, cooling_rate = 0.999
26 - INFO - chord#: 38 done. best_score=146.0, changed=610, unchanged=342, early_stops=8/8
26 - INFO - chord#: 40 In build_straw_man_chord_sa. tolerance = 1, sa_iterations = 1000, initial_temperature = 3.0, cooling_rate = 0.999
26 - INFO - chord#: 38 done. best_score=64.0, changed=610, unchanged=308, early_stops=8/8
26 - INFO - chord#: 40 In build_straw_man_chord_sa. tolerance = 1, sa_iterations = 1000, initial_temperature = 3.0, cooling_rate = 0.999
26 - INFO - chord#: 40 done. best_score=35.0, changed=530, unchanged=373, early_stops=8/8
26 - INFO - chord#: 42 In build_straw_man_chord_sa. tolerance = 1, sa_iterations = 1000, initial_temperature = 3.0, cooling_rate = 0.999
26 - INFO - chord#: 34 done. best_score=70.0, changed=611, unchanged=257, early_stops=8/8
26 - INFO - chord#: 36 In build_straw_man_chord_sa. tolerance = 1, sa_iterations = 1000, initial_temperature = 3.0, cooling_rate = 0.999
26 - INFO - chord#: 40 done. best_score=35.0, changed=529, unchanged=412, early_stops=8/8
26 - INFO - chord#: 42 In build_straw_man_chord_sa. tolerance = 1, sa_iterations = 1000, initial_temperature = 3.0, cooling_rate = 0.999
26 - INFO - chord#: 40 done. best_score=35.0, changed=535, unchanged=404, early_stops=8/8
26 - INFO - chord#: 42 In build_straw_man_chord_sa. tolerance = 1, sa_iterations = 1000, initial_temperature = 3.0, cooling_rate = 0.999
26 - INFO - chord#: 32 done. best_score=27.0, changed=522, unchanged=309, early_stops=8/8
26 - INFO - chord#: 34 In build_straw_man_chord_sa. tolerance = 1, sa_iterations = 1000, initial_temperature = 3.0, cooling_rate = 0.999
26 - INFO - chord#: 36 done. best_score=27.0, changed=518, unchanged=413, early_stops=8/8
26 - INFO - chord#: 38 In build_straw_man_chord_sa. tolerance = 1, sa_iterations = 1000, initial_temperature = 3.0, cooling_rate = 0.999
26 - INFO - chord#: 40 done. best_score=35.0, changed=522, unchanged=440, early_stops=8/8
26 - INFO - chord#: 42 In build_straw_man_chord_sa. tolerance = 1, sa_iterations = 1000, initial_temperature = 3.0, cooling_rate = 0.999
26 - INFO - chord#: 40 done. best_score=35.0, changed=531, unchanged=489, early_stops=8/8
26 - INFO - chord#: 42 In build_straw_man_chord_sa. tolerance = 1, sa_iterations = 1000, initial_temperature = 3.0, cooling_rate = 0.999
26 - INFO - chord#: 36 done. best_score=27.0, changed=524, unchanged=374, early_stops=8/8
26 - INFO - chord#: 38 In build_straw_man_chord_sa. tolerance = 1, sa_iterations = 1000, initial_temperature = 3.0, cooling_rate = 0.999
26 - INFO - chord#: 42 done. best_score=36.0, changed=518, unchanged=390, early_stops=8/8
26 - INFO - chord#: 44 In build_straw_man_chord_sa. tolerance = 1, sa_iterations = 1000, initial_temperature = 3.0, cooling_rate = 0.999
26 - INFO - chord#: 42 done. best_score=36.0, changed=519, unchanged=459, early_stops=8/8
26 - INFO - chord#: 44 In build_straw_man_chord_sa. tolerance = 1, sa_iterations = 1000, initial_temperature = 3.0, cooling_rate = 0.999
26 - INFO - chord#: 42 done. best_score=36.0, changed=517, unchanged=405, early_stops=8/8
26 - INFO - chord#: 44 In build_straw_man_chord_sa. tolerance = 1, sa_iterations = 1000, initial_temperature = 3.0, cooling_rate = 0.999
26 - INFO - chord#: 34 done. best_score=70.0, changed=613, unchanged=273, early_stops=8/8
26 - INFO - chord#: 36 In build_straw_man_chord_sa. tolerance = 1, sa_iterations = 1000, initial_temperature = 3.0, cooling_rate = 0.999
26 - INFO - chord#: 42 done. best_score=36.0, changed=522, unchanged=420, early_stops=8/8
26 - INFO - chord#: 44 In build_straw_man_chord_sa. tolerance = 1, sa_iterations = 1000, initial_temperature = 3.0, cooling_rate = 0.999
26 - INFO - chord#: 34 done. best_score=70.0, changed=613, unchanged=321, early_stops=8/8
26 - INFO - chord#: 36 In build_straw_man_chord_sa. tolerance = 1, sa_iterations = 1000, initial_temperature = 3.0, cooling_rate = 0.999
26 - INFO - chord#: 42 done. best_score=36.0, changed=520, unchanged=410, early_stops=8/8
26 - INFO - chord#: 44 In build_straw_man_chord_sa. tolerance = 1, sa_iterations = 1000, initial_temperature = 3.0, cooling_rate = 0.999
26 - INFO - chord#: 34 done. best_score=70.0, changed=609, unchanged=284, early_stops=8/8
26 - INFO - chord#: 36 In build_straw_man_chord_sa. tolerance = 1, sa_iterations = 1000, initial_temperature = 3.0, cooling_rate = 0.999
26 - INFO - chord#: 44 done. best_score=27.0, changed=531, unchanged=480, early_stops=8/8
26 - INFO - chord#: 46 In build_straw_man_chord_sa. tolerance = 1, sa_iterations = 1000, initial_temperature = 3.0, cooling_rate = 0.999
26 - INFO - chord#: 34 done. best_score=70.0, changed=610, unchanged=274, early_stops=8/8
26 - INFO - chord#: 36 In build_straw_man_chord_sa. tolerance = 1, sa_iterations = 1000, initial_temperature = 3.0, cooling_rate = 0.999
26 - INFO - chord#: 44 done. best_score=27.0, changed=531, unchanged=350, early_stops=8/8
26 - INFO - chord#: 46 In build_straw_man_chord_sa. tolerance = 1, sa_iterations = 1000, initial_temperature = 3.0, cooling_rate = 0.999
26 - INFO - chord#: 44 done. best_score=27.0, changed=524, unchanged=389, early_stops=8/8
26 - INFO - chord#: 46 In build_straw_man_chord_sa. tolerance = 1, sa_iterations = 1000, initial_temperature = 3.0, cooling_rate = 0.999
26 - INFO - chord#: 34 done. best_score=111.0, changed=612, unchanged=204, early_stops=8/8
26 - INFO - chord#: 36 In build_straw_man_chord_sa. tolerance = 1, sa_iterations = 1000, initial_temperature = 3.0, cooling_rate = 0.999
26 - INFO - chord#: 44 done. best_score=27.0, changed=523, unchanged=297, early_stops=8/8
26 - INFO - chord#: 46 In build_straw_man_chord_sa. tolerance = 1, sa_iterations = 1000, initial_temperature = 3.0, cooling_rate = 0.999
26 - INFO - chord#: 36 done. best_score=27.0, changed=535, unchanged=383, early_stops=8/8
26 - INFO - chord#: 38 In build_straw_man_chord_sa. tolerance = 1, sa_iterations = 1000, initial_temperature = 3.0, cooling_rate = 0.999
26 - INFO - chord#: 36 done. best_score=27.0, changed=522, unchanged=309, early_stops=8/8
26 - INFO - chord#: 38 In build_straw_man_chord_sa. tolerance = 1, sa_iterations = 1000, initial_temperature = 3.0, cooling_rate = 0.999
26 - INFO - chord#: 44 done. best_score=27.0, changed=529, unchanged=405, early_stops=8/8
26 - INFO - chord#: 46 In build_straw_man_chord_sa. tolerance = 1, sa_iterations = 1000, initial_temperature = 3.0, cooling_rate = 0.999
26 - INFO - chord#: 46 done. best_score=27.0, changed=528, unchanged=317, early_stops=8/8
26 - INFO - chord#: 48 In build_straw_man_chord_sa. tolerance = 1, sa_iterations = 1000, initial_temperature = 3.0, cooling_rate = 0.999
26 - INFO - chord#: 46 done. best_score=27.0, changed=529, unchanged=314, early_stops=8/8
26 - INFO - chord#: 48 In build_straw_man_chord_sa. tolerance = 1, sa_iterations = 1000, initial_temperature = 3.0, cooling_rate = 0.999
26 - INFO - chord#: 36 done. best_score=27.0, changed=526, unchanged=358, early_stops=8/8
26 - INFO - chord#: 38 In build_straw_man_chord_sa. tolerance = 1, sa_iterations = 1000, initial_temperature = 3.0, cooling_rate = 0.999
26 - INFO - chord#: 46 done. best_score=27.0, changed=521, unchanged=312, early_stops=8/8
26 - INFO - chord#: 48 In build_straw_man_chord_sa. tolerance = 1, sa_iterations = 1000, initial_temperature = 3.0, cooling_rate = 0.999
26 - INFO - chord#: 38 done. best_score=64.0, changed=611, unchanged=404, early_stops=8/8
26 - INFO - chord#: 40 In build_straw_man_chord_sa. tolerance = 1, sa_iterations = 1000, initial_temperature = 3.0, cooling_rate = 0.999
26 - INFO - chord#: 36 done. best_score=27.0, changed=519, unchanged=412, early_stops=8/8
26 - INFO - chord#: 38 In build_straw_man_chord_sa. tolerance = 1, sa_iterations = 1000, initial_temperature = 3.0, cooling_rate = 0.999
26 - INFO - chord#: 46 done. best_score=27.0, changed=539, unchanged=289, early_stops=8/8
26 - INFO - chord#: 48 In build_straw_man_chord_sa. tolerance = 1, sa_iterations = 1000, initial_temperature = 3.0, cooling_rate = 0.999
26 - INFO - chord#: 38 done. best_score=64.0, changed=613, unchanged=424, early_stops=8/8
26 - INFO - chord#: 40 In build_straw_man_chord_sa. tolerance = 1, sa_iterations = 1000, initial_temperature = 3.0, cooling_rate = 0.999
26 - INFO - chord#: 36 done. best_score=27.0, changed=518, unchanged=327, early_stops=8/8
26 - INFO - chord#: 38 In build_straw_man_chord_sa. tolerance = 1, sa_iterations = 1000, initial_temperature = 3.0, cooling_rate = 0.999
26 - INFO - chord#: 46 done. best_score=27.0, changed=528, unchanged=354, early_stops=8/8
26 - INFO - chord#: 48 In build_straw_man_chord_sa. tolerance = 1, sa_iterations = 1000, initial_temperature = 3.0, cooling_rate = 0.999
26 - INFO - chord#: 40 done. best_score=35.0, changed=528, unchanged=401, early_stops=8/8
26 - INFO - chord#: 42 In build_straw_man_chord_sa. tolerance = 1, sa_iterations = 1000, initial_temperature = 3.0, cooling_rate = 0.999
26 - INFO - chord#: 40 done. best_score=35.0, changed=519, unchanged=413, early_stops=8/8
26 - INFO - chord#: 42 In build_straw_man_chord_sa. tolerance = 1, sa_iterations = 1000, initial_temperature = 3.0, cooling_rate = 0.999
26 - INFO - chord#: 48 done. best_score=145.0, changed=609, unchanged=247, early_stops=8/8
26 - INFO - chord#: 50 In build_straw_man_chord_sa. tolerance = 1, sa_iterations = 1000, initial_temperature = 3.0, cooling_rate = 0.999
26 - INFO - chord#: 48 done. best_score=157.0, changed=610, unchanged=252, early_stops=8/8
26 - INFO - chord#: 50 In build_straw_man_chord_sa. tolerance = 1, sa_iterations = 1000, initial_temperature = 3.0, cooling_rate = 0.999
26 - INFO - chord#: 38 done. best_score=64.0, changed=615, unchanged=343, early_stops=8/8
26 - INFO - chord#: 40 In build_straw_man_chord_sa. tolerance = 1, sa_iterations = 1000, initial_temperature = 3.0, cooling_rate = 0.999
26 - INFO - chord#: 42 done. best_score=36.0, changed=514, unchanged=360, early_stops=8/8
26 - INFO - chord#: 44 In build_straw_man_chord_sa. tolerance = 1, sa_iterations = 1000, initial_temperature = 3.0, cooling_rate = 0.999
26 - INFO - chord#: 38 done. best_score=64.0, changed=610, unchanged=281, early_stops=8/8
26 - INFO - chord#: 40 In build_straw_man_chord_sa. tolerance = 1, sa_iterations = 1000, initial_temperature = 3.0, cooling_rate = 0.999
26 - INFO - chord#: 38 done. best_score=64.0, changed=612, unchanged=237, early_stops=8/8
26 - INFO - chord#: 40 In build_straw_man_chord_sa. tolerance = 1, sa_iterations = 1000, initial_temperature = 3.0, cooling_rate = 0.999
26 - INFO - chord#: 48 done. best_score=64.0, changed=610, unchanged=488, early_stops=8/8
26 - INFO - chord#: 50 In build_straw_man_chord_sa. tolerance = 1, sa_iterations = 1000, initial_temperature = 3.0, cooling_rate = 0.999
26 - INFO - chord#: 50 done. best_score=37.0, changed=521, unchanged=312, early_stops=8/8
26 - INFO - chord#: 52 In build_straw_man_chord_sa. tolerance = 1, sa_iterations = 1000, initial_temperature = 3.0, cooling_rate = 0.999
26 - INFO - chord#: 42 done. best_score=36.0, changed=511, unchanged=368, early_stops=8/8
26 - INFO - chord#: 44 In build_straw_man_chord_sa. tolerance = 1, sa_iterations = 1000, initial_temperature = 3.0, cooling_rate = 0.999
26 - INFO - chord#: 38 done. best_score=64.0, changed=609, unchanged=333, early_stops=8/8
26 - INFO - chord#: 40 In build_straw_man_chord_sa. tolerance = 1, sa_iterations = 1000, initial_temperature = 3.0, cooling_rate = 0.999
26 - INFO - chord#: 48 done. best_score=64.0, changed=614, unchanged=440, early_stops=8/8
26 - INFO - chord#: 50 In build_straw_man_chord_sa. tolerance = 1, sa_iterations = 1000, initial_temperature = 3.0, cooling_rate = 0.999
26 - INFO - chord#: 50 done. best_score=35.0, changed=526, unchanged=398, early_stops=8/8
26 - INFO - chord#: 52 In build_straw_man_chord_sa. tolerance = 1, sa_iterations = 1000, initial_temperature = 3.0, cooling_rate = 0.999
26 - INFO - chord#: 48 done. best_score=157.0, changed=614, unchanged=447, early_stops=8/8
26 - INFO - chord#: 50 In build_straw_man_chord_sa. tolerance = 1, sa_iterations = 1000, initial_temperature = 3.0, cooling_rate = 0.999
26 - INFO - chord#: 40 done. best_score=35.0, changed=517, unchanged=322, early_stops=8/8
26 - INFO - chord#: 42 In build_straw_man_chord_sa. tolerance = 1, sa_iterations = 1000, initial_temperature = 3.0, cooling_rate = 0.999
26 - INFO - chord#: 44 done. best_score=27.0, changed=519, unchanged=405, early_stops=8/8
26 - INFO - chord#: 46 In build_straw_man_chord_sa. tolerance = 1, sa_iterations = 1000, initial_temperature = 3.0, cooling_rate = 0.999
26 - INFO - chord#: 38 done. best_score=146.0, changed=615, unchanged=391, early_stops=8/8
26 - INFO - chord#: 40 In build_straw_man_chord_sa. tolerance = 1, sa_iterations = 1000, initial_temperature = 3.0, cooling_rate = 0.999
26 - INFO - chord#: 40 done. best_score=35.0, changed=532, unchanged=459, early_stops=8/8
26 - INFO - chord#: 42 In build_straw_man_chord_sa. tolerance = 1, sa_iterations = 1000, initial_temperature = 3.0, cooling_rate = 0.999
26 - INFO - chord#: 50 done. best_score=37.0, changed=528, unchanged=309, early_stops=8/8
26 - INFO - chord#: 52 In build_straw_man_chord_sa. tolerance = 1, sa_iterations = 1000, initial_temperature = 3.0, cooling_rate = 0.999
26 - INFO - chord#: 40 done. best_score=35.0, changed=520, unchanged=359, early_stops=8/8
26 - INFO - chord#: 42 In build_straw_man_chord_sa. tolerance = 1, sa_iterations = 1000, initial_temperature = 3.0, cooling_rate = 0.999
26 - INFO - chord#: 52 done. best_score=27.0, changed=517, unchanged=375, early_stops=8/8
26 - INFO - chord#: 54 In build_straw_man_chord_sa. tolerance = 1, sa_iterations = 1000, initial_temperature = 3.0, cooling_rate = 0.999
26 - INFO - chord#: 50 done. best_score=37.0, changed=528, unchanged=340, early_stops=8/8
26 - INFO - chord#: 52 In build_straw_man_chord_sa. tolerance = 1, sa_iterations = 1000, initial_temperature = 3.0, cooling_rate = 0.999
26 - INFO - chord#: 50 done. best_score=35.0, changed=536, unchanged=294, early_stops=8/8
26 - INFO - chord#: 52 In build_straw_man_chord_sa. tolerance = 1, sa_iterations = 1000, initial_temperature = 3.0, cooling_rate = 0.999
26 - INFO - chord#: 52 done. best_score=27.0, changed=514, unchanged=447, early_stops=8/8
26 - INFO - chord#: 54 In build_straw_man_chord_sa. tolerance = 1, sa_iterations = 1000, initial_temperature = 3.0, cooling_rate = 0.999
26 - INFO - chord#: 44 done. best_score=27.0, changed=526, unchanged=362, early_stops=8/8
26 - INFO - chord#: 46 In build_straw_man_chord_sa. tolerance = 1, sa_iterations = 1000, initial_temperature = 3.0, cooling_rate = 0.999
26 - INFO - chord#: 46 done. best_score=27.0, changed=524, unchanged=346, early_stops=8/8
26 - INFO - chord#: 48 In build_straw_man_chord_sa. tolerance = 1, sa_iterations = 1000, initial_temperature = 3.0, cooling_rate = 0.999
26 - INFO - chord#: 40 done. best_score=35.0, changed=520, unchanged=391, early_stops=8/8
26 - INFO - chord#: 42 In build_straw_man_chord_sa. tolerance = 1, sa_iterations = 1000, initial_temperature = 3.0, cooling_rate = 0.999
26 - INFO - chord#: 52 done. best_score=27.0, changed=517, unchanged=346, early_stops=8/8
26 - INFO - chord#: 54 In build_straw_man_chord_sa. tolerance = 1, sa_iterations = 1000, initial_temperature = 3.0, cooling_rate = 0.999
26 - INFO - chord#: 40 done. best_score=35.0, changed=532, unchanged=421, early_stops=8/8
26 - INFO - chord#: 42 In build_straw_man_chord_sa. tolerance = 1, sa_iterations = 1000, initial_temperature = 3.0, cooling_rate = 0.999
26 - INFO - chord#: 54 done. best_score=27.0, changed=525, unchanged=421, early_stops=8/8
26 - INFO - chord#: 55 In build_straw_man_chord_sa. tolerance = 1, sa_iterations = 1000, initial_temperature = 3.0, cooling_rate = 0.999
26 - INFO - chord#: 42 done. best_score=36.0, changed=519, unchanged=399, early_stops=8/8
26 - INFO - chord#: 44 In build_straw_man_chord_sa. tolerance = 1, sa_iterations = 1000, initial_temperature = 3.0, cooling_rate = 0.999
26 - INFO - chord#: 42 done. best_score=36.0, changed=528, unchanged=564, early_stops=8/8
26 - INFO - chord#: 44 In build_straw_man_chord_sa. tolerance = 1, sa_iterations = 1000, initial_temperature = 3.0, cooling_rate = 0.999
26 - INFO - chord#: 54 done. best_score=27.0, changed=522, unchanged=387, early_stops=8/8
26 - INFO - chord#: 55 In build_straw_man_chord_sa. tolerance = 1, sa_iterations = 1000, initial_temperature = 3.0, cooling_rate = 0.999
26 - INFO - chord#: 52 done. best_score=27.0, changed=522, unchanged=399, early_stops=8/8
26 - INFO - chord#: 54 In build_straw_man_chord_sa. tolerance = 1, sa_iterations = 1000, initial_temperature = 3.0, cooling_rate = 0.999
26 - INFO - chord#: 42 done. best_score=36.0, changed=525, unchanged=460, early_stops=8/8
26 - INFO - chord#: 44 In build_straw_man_chord_sa. tolerance = 1, sa_iterations = 1000, initial_temperature = 3.0, cooling_rate = 0.999
26 - INFO - chord#: 52 done. best_score=27.0, changed=522, unchanged=427, early_stops=8/8
26 - INFO - chord#: 54 In build_straw_man_chord_sa. tolerance = 1, sa_iterations = 1000, initial_temperature = 3.0, cooling_rate = 0.999
26 - INFO - chord#: 46 done. best_score=27.0, changed=526, unchanged=387, early_stops=8/8
26 - INFO - chord#: 48 In build_straw_man_chord_sa. tolerance = 1, sa_iterations = 1000, initial_temperature = 3.0, cooling_rate = 0.999
26 - INFO - chord#: 54 done. best_score=27.0, changed=531, unchanged=453, early_stops=8/8
26 - INFO - chord#: 55 In build_straw_man_chord_sa. tolerance = 1, sa_iterations = 1000, initial_temperature = 3.0, cooling_rate = 0.999
26 - INFO - chord#: 54 done. best_score=27.0, changed=530, unchanged=377, early_stops=8/8
26 - INFO - chord#: 55 In build_straw_man_chord_sa. tolerance = 1, sa_iterations = 1000, initial_temperature = 3.0, cooling_rate = 0.999
26 - INFO - chord#: 54 done. best_score=27.0, changed=525, unchanged=375, early_stops=8/8
26 - INFO - chord#: 55 In build_straw_man_chord_sa. tolerance = 1, sa_iterations = 1000, initial_temperature = 3.0, cooling_rate = 0.999
26 - INFO - chord#: 42 done. best_score=36.0, changed=527, unchanged=555, early_stops=8/8
26 - INFO - chord#: 44 In build_straw_man_chord_sa. tolerance = 1, sa_iterations = 1000, initial_temperature = 3.0, cooling_rate = 0.999
26 - INFO - chord#: 44 done. best_score=27.0, changed=526, unchanged=370, early_stops=8/8
26 - INFO - chord#: 46 In build_straw_man_chord_sa. tolerance = 1, sa_iterations = 1000, initial_temperature = 3.0, cooling_rate = 0.999
26 - INFO - chord#: 48 done. best_score=64.0, changed=611, unchanged=224, early_stops=8/8
26 - INFO - chord#: 50 In build_straw_man_chord_sa. tolerance = 1, sa_iterations = 1000, initial_temperature = 3.0, cooling_rate = 0.999
26 - INFO - chord#: 44 done. best_score=27.0, changed=531, unchanged=392, early_stops=8/8
26 - INFO - chord#: 46 In build_straw_man_chord_sa. tolerance = 1, sa_iterations = 1000, initial_temperature = 3.0, cooling_rate = 0.999
26 - INFO - chord#: 42 done. best_score=36.0, changed=520, unchanged=547, early_stops=8/8
26 - INFO - chord#: 44 In build_straw_man_chord_sa. tolerance = 1, sa_iterations = 1000, initial_temperature = 3.0, cooling_rate = 0.999
26 - INFO - chord#: 44 done. best_score=27.0, changed=526, unchanged=341, early_stops=8/8
26 - INFO - chord#: 46 In build_straw_man_chord_sa. tolerance = 1, sa_iterations = 1000, initial_temperature = 3.0, cooling_rate = 0.999
26 - INFO - chord#: 50 done. best_score=37.0, changed=520, unchanged=423, early_stops=8/8
26 - INFO - chord#: 52 In build_straw_man_chord_sa. tolerance = 1, sa_iterations = 1000, initial_temperature = 3.0, cooling_rate = 0.999
26 - INFO - chord#: 46 done. best_score=27.0, changed=534, unchanged=306, early_stops=8/8
26 - INFO - chord#: 48 In build_straw_man_chord_sa. tolerance = 1, sa_iterations = 1000, initial_temperature = 3.0, cooling_rate = 0.999
26 - INFO - chord#: 55 done. best_score=67.0, changed=614, unchanged=305, early_stops=8/8
26 - INFO - chord#: 56 In build_straw_man_chord_sa. tolerance = 1, sa_iterations = 1000, initial_temperature = 3.0, cooling_rate = 0.999
26 - INFO - chord#: 44 done. best_score=27.0, changed=534, unchanged=416, early_stops=8/8
26 - INFO - chord#: 46 In build_straw_man_chord_sa. tolerance = 1, sa_iterations = 1000, initial_temperature = 3.0, cooling_rate = 0.999
26 - INFO - chord#: 46 done. best_score=27.0, changed=532, unchanged=368, early_stops=8/8
26 - INFO - chord#: 48 In build_straw_man_chord_sa. tolerance = 1, sa_iterations = 1000, initial_temperature = 3.0, cooling_rate = 0.999
26 - INFO - chord#: 46 done. best_score=27.0, changed=522, unchanged=326, early_stops=8/8
26 - INFO - chord#: 48 In build_straw_man_chord_sa. tolerance = 1, sa_iterations = 1000, initial_temperature = 3.0, cooling_rate = 0.999
26 - INFO - chord#: 44 done. best_score=27.0, changed=529, unchanged=322, early_stops=8/8
26 - INFO - chord#: 46 In build_straw_man_chord_sa. tolerance = 1, sa_iterations = 1000, initial_temperature = 3.0, cooling_rate = 0.999
26 - INFO - chord#: 55 done. best_score=67.0, changed=614, unchanged=570, early_stops=8/8
26 - INFO - chord#: 56 In build_straw_man_chord_sa. tolerance = 1, sa_iterations = 1000, initial_temperature = 3.0, cooling_rate = 0.999
26 - INFO - chord#: 55 done. best_score=67.0, changed=616, unchanged=356, early_stops=8/8
26 - INFO - chord#: 56 In build_straw_man_chord_sa. tolerance = 1, sa_iterations = 1000, initial_temperature = 3.0, cooling_rate = 0.999
26 - INFO - chord#: 52 done. best_score=27.0, changed=516, unchanged=372, early_stops=8/8
26 - INFO - chord#: 54 In build_straw_man_chord_sa. tolerance = 1, sa_iterations = 1000, initial_temperature = 3.0, cooling_rate = 0.999
26 - INFO - chord#: 56 done. best_score=27.0, changed=523, unchanged=407, early_stops=8/8
26 - INFO - chord#: 64 In build_straw_man_chord_sa. tolerance = 1, sa_iterations = 1000, initial_temperature = 3.0, cooling_rate = 0.999
26 - INFO - chord#: 46 done. best_score=27.0, changed=527, unchanged=330, early_stops=8/8
26 - INFO - chord#: 48 In build_straw_man_chord_sa. tolerance = 1, sa_iterations = 1000, initial_temperature = 3.0, cooling_rate = 0.999
26 - INFO - chord#: 46 done. best_score=27.0, changed=533, unchanged=384, early_stops=8/8
26 - INFO - chord#: 48 In build_straw_man_chord_sa. tolerance = 1, sa_iterations = 1000, initial_temperature = 3.0, cooling_rate = 0.999
26 - INFO - chord#: 55 done. best_score=67.0, changed=613, unchanged=382, early_stops=8/8
26 - INFO - chord#: 56 In build_straw_man_chord_sa. tolerance = 1, sa_iterations = 1000, initial_temperature = 3.0, cooling_rate = 0.999
26 - INFO - chord#: 48 done. best_score=96.0, changed=612, unchanged=471, early_stops=8/8
26 - INFO - chord#: 50 In build_straw_man_chord_sa. tolerance = 1, sa_iterations = 1000, initial_temperature = 3.0, cooling_rate = 0.999
26 - INFO - chord#: 56 done. best_score=27.0, changed=515, unchanged=332, early_stops=8/8
26 - INFO - chord#: 64 In build_straw_man_chord_sa. tolerance = 1, sa_iterations = 1000, initial_temperature = 3.0, cooling_rate = 0.999
26 - INFO - chord#: 56 done. best_score=27.0, changed=530, unchanged=456, early_stops=8/8
26 - INFO - chord#: 64 In build_straw_man_chord_sa. tolerance = 1, sa_iterations = 1000, initial_temperature = 3.0, cooling_rate = 0.999
26 - INFO - chord#: 55 done. best_score=67.0, changed=618, unchanged=508, early_stops=8/8
26 - INFO - chord#: 56 In build_straw_man_chord_sa. tolerance = 1, sa_iterations = 1000, initial_temperature = 3.0, cooling_rate = 0.999
26 - INFO - chord#: 54 done. best_score=27.0, changed=529, unchanged=390, early_stops=8/8
26 - INFO - chord#: 55 In build_straw_man_chord_sa. tolerance = 1, sa_iterations = 1000, initial_temperature = 3.0, cooling_rate = 0.999
26 - INFO - chord#: 64 done. best_score=27.0, changed=521, unchanged=432, early_stops=8/8
26 - INFO - chord#: 66 In build_straw_man_chord_sa. tolerance = 1, sa_iterations = 1000, initial_temperature = 3.0, cooling_rate = 0.999
26 - INFO - chord#: 64 done. best_score=27.0, changed=513, unchanged=322, early_stops=8/8
26 - INFO - chord#: 66 In build_straw_man_chord_sa. tolerance = 1, sa_iterations = 1000, initial_temperature = 3.0, cooling_rate = 0.999
26 - INFO - chord#: 50 done. best_score=37.0, changed=556, unchanged=257, early_stops=8/8
26 - INFO - chord#: 52 In build_straw_man_chord_sa. tolerance = 1, sa_iterations = 1000, initial_temperature = 3.0, cooling_rate = 0.999
26 - INFO - chord#: 56 done. best_score=27.0, changed=537, unchanged=468, early_stops=8/8
26 - INFO - chord#: 64 In build_straw_man_chord_sa. tolerance = 1, sa_iterations = 1000, initial_temperature = 3.0, cooling_rate = 0.999
26 - INFO - chord#: 56 done. best_score=27.0, changed=520, unchanged=359, early_stops=8/8
26 - INFO - chord#: 64 In build_straw_man_chord_sa. tolerance = 1, sa_iterations = 1000, initial_temperature = 3.0, cooling_rate = 0.999
26 - INFO - chord#: 64 done. best_score=27.0, changed=532, unchanged=443, early_stops=8/8
26 - INFO - chord#: 66 In build_straw_man_chord_sa. tolerance = 1, sa_iterations = 1000, initial_temperature = 3.0, cooling_rate = 0.999
26 - INFO - chord#: 48 done. best_score=193.0, changed=611, unchanged=256, early_stops=8/8
26 - INFO - chord#: 50 In build_straw_man_chord_sa. tolerance = 1, sa_iterations = 1000, initial_temperature = 3.0, cooling_rate = 0.999
26 - INFO - chord#: 48 done. best_score=64.0, changed=615, unchanged=303, early_stops=8/8
26 - INFO - chord#: 50 In build_straw_man_chord_sa. tolerance = 1, sa_iterations = 1000, initial_temperature = 3.0, cooling_rate = 0.999
26 - INFO - chord#: 48 done. best_score=64.0, changed=615, unchanged=374, early_stops=8/8
26 - INFO - chord#: 50 In build_straw_man_chord_sa. tolerance = 1, sa_iterations = 1000, initial_temperature = 3.0, cooling_rate = 0.999
26 - INFO - chord#: 64 done. best_score=27.0, changed=514, unchanged=442, early_stops=8/8
26 - INFO - chord#: 66 In build_straw_man_chord_sa. tolerance = 1, sa_iterations = 1000, initial_temperature = 3.0, cooling_rate = 0.999
26 - INFO - chord#: 64 done. best_score=27.0, changed=527, unchanged=431, early_stops=8/8
26 - INFO - chord#: 66 In build_straw_man_chord_sa. tolerance = 1, sa_iterations = 1000, initial_temperature = 3.0, cooling_rate = 0.999
26 - INFO - chord#: 50 done. best_score=61.0, changed=516, unchanged=350, early_stops=8/8
26 - INFO - chord#: 52 In build_straw_man_chord_sa. tolerance = 1, sa_iterations = 1000, initial_temperature = 3.0, cooling_rate = 0.999
26 - INFO - chord#: 48 done. best_score=157.0, changed=609, unchanged=212, early_stops=8/8
26 - INFO - chord#: 50 In build_straw_man_chord_sa. tolerance = 1, sa_iterations = 1000, initial_temperature = 3.0, cooling_rate = 0.999
26 - INFO - chord#: 52 done. best_score=27.0, changed=523, unchanged=502, early_stops=8/8
26 - INFO - chord#: 54 In build_straw_man_chord_sa. tolerance = 1, sa_iterations = 1000, initial_temperature = 3.0, cooling_rate = 0.999
26 - INFO - chord#: 48 done. best_score=157.0, changed=614, unchanged=335, early_stops=8/8
26 - INFO - chord#: 50 In build_straw_man_chord_sa. tolerance = 1, sa_iterations = 1000, initial_temperature = 3.0, cooling_rate = 0.999
26 - INFO - chord#: 66 done. best_score=70.0, changed=613, unchanged=362, early_stops=8/8
26 - INFO - chord#: 68 In build_straw_man_chord_sa. tolerance = 1, sa_iterations = 1000, initial_temperature = 3.0, cooling_rate = 0.999
26 - INFO - chord#: 50 done. best_score=37.0, changed=528, unchanged=388, early_stops=8/8
26 - INFO - chord#: 52 In build_straw_man_chord_sa. tolerance = 1, sa_iterations = 1000, initial_temperature = 3.0, cooling_rate = 0.999
26 - INFO - chord#: 55 done. best_score=67.0, changed=614, unchanged=331, early_stops=8/8
26 - INFO - chord#: 56 In build_straw_man_chord_sa. tolerance = 1, sa_iterations = 1000, initial_temperature = 3.0, cooling_rate = 0.999
26 - INFO - chord#: 50 done. best_score=35.0, changed=532, unchanged=376, early_stops=8/8
26 - INFO - chord#: 52 In build_straw_man_chord_sa. tolerance = 1, sa_iterations = 1000, initial_temperature = 3.0, cooling_rate = 0.999
26 - INFO - chord#: 66 done. best_score=70.0, changed=612, unchanged=315, early_stops=8/8
26 - INFO - chord#: 68 In build_straw_man_chord_sa. tolerance = 1, sa_iterations = 1000, initial_temperature = 3.0, cooling_rate = 0.999
26 - INFO - chord#: 50 done. best_score=37.0, changed=533, unchanged=337, early_stops=8/8
26 - INFO - chord#: 52 In build_straw_man_chord_sa. tolerance = 1, sa_iterations = 1000, initial_temperature = 3.0, cooling_rate = 0.999
26 - INFO - chord#: 66 done. best_score=70.0, changed=612, unchanged=357, early_stops=8/8
26 - INFO - chord#: 68 In build_straw_man_chord_sa. tolerance = 1, sa_iterations = 1000, initial_temperature = 3.0, cooling_rate = 0.999
26 - INFO - chord#: 68 done. best_score=31.0, changed=525, unchanged=335, early_stops=8/8
26 - INFO - chord#: 70 In build_straw_man_chord_sa. tolerance = 1, sa_iterations = 1000, initial_temperature = 3.0, cooling_rate = 0.999
26 - INFO - chord#: 52 done. best_score=27.0, changed=516, unchanged=420, early_stops=8/8
26 - INFO - chord#: 54 In build_straw_man_chord_sa. tolerance = 1, sa_iterations = 1000, initial_temperature = 3.0, cooling_rate = 0.999
26 - INFO - chord#: 54 done. best_score=27.0, changed=519, unchanged=445, early_stops=8/8
26 - INFO - chord#: 55 In build_straw_man_chord_sa. tolerance = 1, sa_iterations = 1000, initial_temperature = 3.0, cooling_rate = 0.999
26 - INFO - chord#: 56 done. best_score=27.0, changed=530, unchanged=438, early_stops=8/8
26 - INFO - chord#: 64 In build_straw_man_chord_sa. tolerance = 1, sa_iterations = 1000, initial_temperature = 3.0, cooling_rate = 0.999
26 - INFO - chord#: 68 done. best_score=31.0, changed=521, unchanged=337, early_stops=8/8
26 - INFO - chord#: 70 In build_straw_man_chord_sa. tolerance = 1, sa_iterations = 1000, initial_temperature = 3.0, cooling_rate = 0.999
26 - INFO - chord#: 50 done. best_score=37.0, changed=526, unchanged=394, early_stops=8/8
26 - INFO - chord#: 52 In build_straw_man_chord_sa. tolerance = 1, sa_iterations = 1000, initial_temperature = 3.0, cooling_rate = 0.999
26 - INFO - chord#: 52 done. best_score=27.0, changed=524, unchanged=353, early_stops=8/8
26 - INFO - chord#: 54 In build_straw_man_chord_sa. tolerance = 1, sa_iterations = 1000, initial_temperature = 3.0, cooling_rate = 0.999
26 - INFO - chord#: 68 done. best_score=31.0, changed=516, unchanged=327, early_stops=8/8
26 - INFO - chord#: 70 In build_straw_man_chord_sa. tolerance = 1, sa_iterations = 1000, initial_temperature = 3.0, cooling_rate = 0.999
26 - INFO - chord#: 66 done. best_score=70.0, changed=614, unchanged=338, early_stops=8/8
26 - INFO - chord#: 68 In build_straw_man_chord_sa. tolerance = 1, sa_iterations = 1000, initial_temperature = 3.0, cooling_rate = 0.999
26 - INFO - chord#: 52 done. best_score=27.0, changed=522, unchanged=383, early_stops=8/8
26 - INFO - chord#: 54 In build_straw_man_chord_sa. tolerance = 1, sa_iterations = 1000, initial_temperature = 3.0, cooling_rate = 0.999
26 - INFO - chord#: 66 done. best_score=70.0, changed=613, unchanged=380, early_stops=8/8
26 - INFO - chord#: 68 In build_straw_man_chord_sa. tolerance = 1, sa_iterations = 1000, initial_temperature = 3.0, cooling_rate = 0.999
26 - INFO - chord#: 70 done. best_score=27.0, changed=521, unchanged=357, early_stops=8/8
26 - INFO - chord#: 72 In build_straw_man_chord_sa. tolerance = 1, sa_iterations = 1000, initial_temperature = 3.0, cooling_rate = 0.999
26 - INFO - chord#: 54 done. best_score=27.0, changed=524, unchanged=422, early_stops=8/8
26 - INFO - chord#: 55 In build_straw_man_chord_sa. tolerance = 1, sa_iterations = 1000, initial_temperature = 3.0, cooling_rate = 0.999
26 - INFO - chord#: 52 done. best_score=27.0, changed=523, unchanged=524, early_stops=8/8
26 - INFO - chord#: 54 In build_straw_man_chord_sa. tolerance = 1, sa_iterations = 1000, initial_temperature = 3.0, cooling_rate = 0.999
26 - INFO - chord#: 64 done. best_score=27.0, changed=514, unchanged=323, early_stops=8/8
26 - INFO - chord#: 66 In build_straw_man_chord_sa. tolerance = 1, sa_iterations = 1000, initial_temperature = 3.0, cooling_rate = 0.999
26 - INFO - chord#: 70 done. best_score=27.0, changed=520, unchanged=393, early_stops=8/8
26 - INFO - chord#: 72 In build_straw_man_chord_sa. tolerance = 1, sa_iterations = 1000, initial_temperature = 3.0, cooling_rate = 0.999
26 - INFO - chord#: 70 done. best_score=27.0, changed=519, unchanged=403, early_stops=8/8
26 - INFO - chord#: 72 In build_straw_man_chord_sa. tolerance = 1, sa_iterations = 1000, initial_temperature = 3.0, cooling_rate = 0.999
26 - INFO - chord#: 68 done. best_score=31.0, changed=525, unchanged=319, early_stops=8/8
26 - INFO - chord#: 70 In build_straw_man_chord_sa. tolerance = 1, sa_iterations = 1000, initial_temperature = 3.0, cooling_rate = 0.999
26 - INFO - chord#: 54 done. best_score=27.0, changed=520, unchanged=341, early_stops=8/8
26 - INFO - chord#: 55 In build_straw_man_chord_sa. tolerance = 1, sa_iterations = 1000, initial_temperature = 3.0, cooling_rate = 0.999
26 - INFO - chord#: 68 done. best_score=31.0, changed=524, unchanged=394, early_stops=8/8
26 - INFO - chord#: 70 In build_straw_man_chord_sa. tolerance = 1, sa_iterations = 1000, initial_temperature = 3.0, cooling_rate = 0.999
26 - INFO - chord#: 54 done. best_score=27.0, changed=513, unchanged=302, early_stops=8/8
26 - INFO - chord#: 55 In build_straw_man_chord_sa. tolerance = 1, sa_iterations = 1000, initial_temperature = 3.0, cooling_rate = 0.999
26 - INFO - chord#: 52 done. best_score=27.0, changed=522, unchanged=516, early_stops=8/8
26 - INFO - chord#: 54 In build_straw_man_chord_sa. tolerance = 1, sa_iterations = 1000, initial_temperature = 3.0, cooling_rate = 0.999
26 - INFO - chord#: 72 done. best_score=47.0, changed=523, unchanged=456, early_stops=8/8
26 - INFO - chord#: 74 In build_straw_man_chord_sa. tolerance = 1, sa_iterations = 1000, initial_temperature = 3.0, cooling_rate = 0.999
26 - INFO - chord#: 54 done. best_score=27.0, changed=527, unchanged=378, early_stops=8/8
26 - INFO - chord#: 55 In build_straw_man_chord_sa. tolerance = 1, sa_iterations = 1000, initial_temperature = 3.0, cooling_rate = 0.999
26 - INFO - chord#: 72 done. best_score=36.0, changed=522, unchanged=402, early_stops=8/8
26 - INFO - chord#: 74 In build_straw_man_chord_sa. tolerance = 1, sa_iterations = 1000, initial_temperature = 3.0, cooling_rate = 0.999
26 - INFO - chord#: 70 done. best_score=27.0, changed=524, unchanged=401, early_stops=8/8
26 - INFO - chord#: 72 In build_straw_man_chord_sa. tolerance = 1, sa_iterations = 1000, initial_temperature = 3.0, cooling_rate = 0.999
26 - INFO - chord#: 70 done. best_score=27.0, changed=524, unchanged=443, early_stops=8/8
26 - INFO - chord#: 72 In build_straw_man_chord_sa. tolerance = 1, sa_iterations = 1000, initial_temperature = 3.0, cooling_rate = 0.999
26 - INFO - chord#: 55 done. best_score=137.0, changed=614, unchanged=263, early_stops=8/8
26 - INFO - chord#: 56 In build_straw_man_chord_sa. tolerance = 1, sa_iterations = 1000, initial_temperature = 3.0, cooling_rate = 0.999
26 - INFO - chord#: 72 done. best_score=36.0, changed=528, unchanged=507, early_stops=8/8
26 - INFO - chord#: 74 In build_straw_man_chord_sa. tolerance = 1, sa_iterations = 1000, initial_temperature = 3.0, cooling_rate = 0.999
26 - INFO - chord#: 54 done. best_score=27.0, changed=513, unchanged=318, early_stops=8/8
26 - INFO - chord#: 55 In build_straw_man_chord_sa. tolerance = 1, sa_iterations = 1000, initial_temperature = 3.0, cooling_rate = 0.999
26 - INFO - chord#: 66 done. best_score=149.0, changed=610, unchanged=304, early_stops=8/8
26 - INFO - chord#: 68 In build_straw_man_chord_sa. tolerance = 1, sa_iterations = 1000, initial_temperature = 3.0, cooling_rate = 0.999
26 - INFO - chord#: 72 done. best_score=36.0, changed=527, unchanged=486, early_stops=8/8
26 - INFO - chord#: 74 In build_straw_man_chord_sa. tolerance = 1, sa_iterations = 1000, initial_temperature = 3.0, cooling_rate = 0.999
26 - INFO - chord#: 55 done. best_score=137.0, changed=609, unchanged=225, early_stops=8/8
26 - INFO - chord#: 56 In build_straw_man_chord_sa. tolerance = 1, sa_iterations = 1000, initial_temperature = 3.0, cooling_rate = 0.999
26 - INFO - chord#: 72 done. best_score=36.0, changed=534, unchanged=383, early_stops=8/8
26 - INFO - chord#: 74 In build_straw_man_chord_sa. tolerance = 1, sa_iterations = 1000, initial_temperature = 3.0, cooling_rate = 0.999
26 - INFO - chord#: 56 done. best_score=27.0, changed=531, unchanged=428, early_stops=8/8
26 - INFO - chord#: 64 In build_straw_man_chord_sa. tolerance = 1, sa_iterations = 1000, initial_temperature = 3.0, cooling_rate = 0.999
26 - INFO - chord#: 68 done. best_score=31.0, changed=530, unchanged=373, early_stops=8/8
26 - INFO - chord#: 70 In build_straw_man_chord_sa. tolerance = 1, sa_iterations = 1000, initial_temperature = 3.0, cooling_rate = 0.999
26 - INFO - chord#: 74 done. best_score=104.0, changed=606, unchanged=258, early_stops=8/8
26 - INFO - chord#: 75 In build_straw_man_chord_sa. tolerance = 1, sa_iterations = 1000, initial_temperature = 3.0, cooling_rate = 0.999
26 - INFO - chord#: 55 done. best_score=67.0, changed=613, unchanged=271, early_stops=8/8
26 - INFO - chord#: 56 In build_straw_man_chord_sa. tolerance = 1, sa_iterations = 1000, initial_temperature = 3.0, cooling_rate = 0.999
26 - INFO - chord#: 74 done. best_score=124.0, changed=621, unchanged=442, early_stops=8/8
26 - INFO - chord#: 75 In build_straw_man_chord_sa. tolerance = 1, sa_iterations = 1000, initial_temperature = 3.0, cooling_rate = 0.999
26 - INFO - chord#: 56 done. best_score=27.0, changed=520, unchanged=378, early_stops=8/8
26 - INFO - chord#: 64 In build_straw_man_chord_sa. tolerance = 1, sa_iterations = 1000, initial_temperature = 3.0, cooling_rate = 0.999
26 - INFO - chord#: 55 done. best_score=67.0, changed=619, unchanged=397, early_stops=8/8
26 - INFO - chord#: 56 In build_straw_man_chord_sa. tolerance = 1, sa_iterations = 1000, initial_temperature = 3.0, cooling_rate = 0.999
26 - INFO - chord#: 70 done. best_score=27.0, changed=516, unchanged=415, early_stops=8/8
26 - INFO - chord#: 72 In build_straw_man_chord_sa. tolerance = 1, sa_iterations = 1000, initial_temperature = 3.0, cooling_rate = 0.999
26 - INFO - chord#: 64 done. best_score=27.0, changed=526, unchanged=483, early_stops=8/8
26 - INFO - chord#: 66 In build_straw_man_chord_sa. tolerance = 1, sa_iterations = 1000, initial_temperature = 3.0, cooling_rate = 0.999
26 - INFO - chord#: 55 done. best_score=145.0, changed=609, unchanged=237, early_stops=8/8
26 - INFO - chord#: 56 In build_straw_man_chord_sa. tolerance = 1, sa_iterations = 1000, initial_temperature = 3.0, cooling_rate = 0.999
26 - INFO - chord#: 75 done. best_score=27.0, changed=528, unchanged=320, early_stops=8/8
26 - INFO - chord#: 76 In build_straw_man_chord_sa. tolerance = 1, sa_iterations = 1000, initial_temperature = 3.0, cooling_rate = 0.999
26 - INFO - chord#: 55 done. best_score=137.0, changed=616, unchanged=421, early_stops=8/8
26 - INFO - chord#: 56 In build_straw_man_chord_sa. tolerance = 1, sa_iterations = 1000, initial_temperature = 3.0, cooling_rate = 0.999
26 - INFO - chord#: 75 done. best_score=36.0, changed=538, unchanged=320, early_stops=8/8
26 - INFO - chord#: 76 In build_straw_man_chord_sa. tolerance = 1, sa_iterations = 1000, initial_temperature = 3.0, cooling_rate = 0.999
26 - INFO - chord#: 74 done. best_score=104.0, changed=613, unchanged=392, early_stops=8/8
26 - INFO - chord#: 75 In build_straw_man_chord_sa. tolerance = 1, sa_iterations = 1000, initial_temperature = 3.0, cooling_rate = 0.999
26 - INFO - chord#: 74 done. best_score=141.0, changed=606, unchanged=211, early_stops=8/8
26 - INFO - chord#: 75 In build_straw_man_chord_sa. tolerance = 1, sa_iterations = 1000, initial_temperature = 3.0, cooling_rate = 0.999
26 - INFO - chord#: 56 done. best_score=27.0, changed=528, unchanged=379, early_stops=8/8
26 - INFO - chord#: 64 In build_straw_man_chord_sa. tolerance = 1, sa_iterations = 1000, initial_temperature = 3.0, cooling_rate = 0.999
26 - INFO - chord#: 64 done. best_score=27.0, changed=517, unchanged=354, early_stops=8/8
26 - INFO - chord#: 66 In build_straw_man_chord_sa. tolerance = 1, sa_iterations = 1000, initial_temperature = 3.0, cooling_rate = 0.999
26 - INFO - chord#: 56 done. best_score=27.0, changed=518, unchanged=414, early_stops=8/8
26 - INFO - chord#: 64 In build_straw_man_chord_sa. tolerance = 1, sa_iterations = 1000, initial_temperature = 3.0, cooling_rate = 0.999
26 - INFO - chord#: 76 done. best_score=27.0, changed=518, unchanged=355, early_stops=8/8
26 - INFO - chord#: 78 In build_straw_man_chord_sa. tolerance = 1, sa_iterations = 1000, initial_temperature = 3.0, cooling_rate = 0.999
26 - INFO - chord#: 72 done. best_score=36.0, changed=523, unchanged=485, early_stops=8/8
26 - INFO - chord#: 74 In build_straw_man_chord_sa. tolerance = 1, sa_iterations = 1000, initial_temperature = 3.0, cooling_rate = 0.999
26 - INFO - chord#: 74 done. best_score=141.0, changed=615, unchanged=354, early_stops=8/8
26 - INFO - chord#: 75 In build_straw_man_chord_sa. tolerance = 1, sa_iterations = 1000, initial_temperature = 3.0, cooling_rate = 0.999
26 - INFO - chord#: 75 done. best_score=27.0, changed=519, unchanged=329, early_stops=8/8
26 - INFO - chord#: 76 In build_straw_man_chord_sa. tolerance = 1, sa_iterations = 1000, initial_temperature = 3.0, cooling_rate = 0.999
26 - INFO - chord#: 75 done. best_score=27.0, changed=523, unchanged=385, early_stops=8/8
26 - INFO - chord#: 76 In build_straw_man_chord_sa. tolerance = 1, sa_iterations = 1000, initial_temperature = 3.0, cooling_rate = 0.999
26 - INFO - chord#: 76 done. best_score=27.0, changed=531, unchanged=394, early_stops=8/8
26 - INFO - chord#: 78 In build_straw_man_chord_sa. tolerance = 1, sa_iterations = 1000, initial_temperature = 3.0, cooling_rate = 0.999
26 - INFO - chord#: 56 done. best_score=27.0, changed=528, unchanged=431, early_stops=8/8
26 - INFO - chord#: 64 In build_straw_man_chord_sa. tolerance = 1, sa_iterations = 1000, initial_temperature = 3.0, cooling_rate = 0.999
26 - INFO - chord#: 56 done. best_score=27.0, changed=525, unchanged=475, early_stops=8/8
26 - INFO - chord#: 64 In build_straw_man_chord_sa. tolerance = 1, sa_iterations = 1000, initial_temperature = 3.0, cooling_rate = 0.999
26 - INFO - chord#: 64 done. best_score=27.0, changed=522, unchanged=351, early_stops=8/8
26 - INFO - chord#: 66 In build_straw_man_chord_sa. tolerance = 1, sa_iterations = 1000, initial_temperature = 3.0, cooling_rate = 0.999
26 - INFO - chord#: 75 done. best_score=27.0, changed=514, unchanged=308, early_stops=8/8
26 - INFO - chord#: 76 In build_straw_man_chord_sa. tolerance = 1, sa_iterations = 1000, initial_temperature = 3.0, cooling_rate = 0.999
26 - INFO - chord#: 78 done. best_score=27.0, changed=518, unchanged=385, early_stops=8/8
26 - INFO - chord#: 79 In build_straw_man_chord_sa. tolerance = 1, sa_iterations = 1000, initial_temperature = 3.0, cooling_rate = 0.999
26 - INFO - chord#: 64 done. best_score=27.0, changed=518, unchanged=460, early_stops=8/8
26 - INFO - chord#: 66 In build_straw_man_chord_sa. tolerance = 1, sa_iterations = 1000, initial_temperature = 3.0, cooling_rate = 0.999
26 - INFO - chord#: 76 done. best_score=27.0, changed=520, unchanged=365, early_stops=8/8
26 - INFO - chord#: 78 In build_straw_man_chord_sa. tolerance = 1, sa_iterations = 1000, initial_temperature = 3.0, cooling_rate = 0.999
26 - INFO - chord#: 76 done. best_score=27.0, changed=515, unchanged=407, early_stops=8/8
26 - INFO - chord#: 78 In build_straw_man_chord_sa. tolerance = 1, sa_iterations = 1000, initial_temperature = 3.0, cooling_rate = 0.999
26 - INFO - chord#: 78 done. best_score=27.0, changed=527, unchanged=498, early_stops=8/8
26 - INFO - chord#: 79 In build_straw_man_chord_sa. tolerance = 1, sa_iterations = 1000, initial_temperature = 3.0, cooling_rate = 0.999
26 - INFO - chord#: 66 done. best_score=70.0, changed=609, unchanged=290, early_stops=8/8
26 - INFO - chord#: 68 In build_straw_man_chord_sa. tolerance = 1, sa_iterations = 1000, initial_temperature = 3.0, cooling_rate = 0.999
26 - INFO - chord#: 64 done. best_score=27.0, changed=513, unchanged=446, early_stops=8/8
26 - INFO - chord#: 66 In build_straw_man_chord_sa. tolerance = 1, sa_iterations = 1000, initial_temperature = 3.0, cooling_rate = 0.999
26 - INFO - chord#: 64 done. best_score=27.0, changed=525, unchanged=453, early_stops=8/8
26 - INFO - chord#: 66 In build_straw_man_chord_sa. tolerance = 1, sa_iterations = 1000, initial_temperature = 3.0, cooling_rate = 0.999
26 - INFO - chord#: 78 done. best_score=27.0, changed=520, unchanged=332, early_stops=8/8
26 - INFO - chord#: 79 In build_straw_man_chord_sa. tolerance = 1, sa_iterations = 1000, initial_temperature = 3.0, cooling_rate = 0.999
26 - INFO - chord#: 79 done. best_score=27.0, changed=524, unchanged=471, early_stops=8/8
26 - INFO - chord#: 80 In build_straw_man_chord_sa. tolerance = 1, sa_iterations = 1000, initial_temperature = 3.0, cooling_rate = 0.999
26 - INFO - chord#: 78 done. best_score=27.0, changed=523, unchanged=370, early_stops=8/8
26 - INFO - chord#: 79 In build_straw_man_chord_sa. tolerance = 1, sa_iterations = 1000, initial_temperature = 3.0, cooling_rate = 0.999
26 - INFO - chord#: 76 done. best_score=27.0, changed=527, unchanged=551, early_stops=8/8
26 - INFO - chord#: 78 In build_straw_man_chord_sa. tolerance = 1, sa_iterations = 1000, initial_temperature = 3.0, cooling_rate = 0.999
26 - INFO - chord#: 79 done. best_score=27.0, changed=521, unchanged=398, early_stops=8/8
26 - INFO - chord#: 80 In build_straw_man_chord_sa. tolerance = 1, sa_iterations = 1000, initial_temperature = 3.0, cooling_rate = 0.999
26 - INFO - chord#: 68 done. best_score=31.0, changed=520, unchanged=321, early_stops=8/8
26 - INFO - chord#: 70 In build_straw_man_chord_sa. tolerance = 1, sa_iterations = 1000, initial_temperature = 3.0, cooling_rate = 0.999
26 - INFO - chord#: 66 done. best_score=149.0, changed=611, unchanged=406, early_stops=8/8
26 - INFO - chord#: 68 In build_straw_man_chord_sa. tolerance = 1, sa_iterations = 1000, initial_temperature = 3.0, cooling_rate = 0.999
26 - INFO - chord#: 74 done. best_score=104.0, changed=613, unchanged=359, early_stops=8/8
26 - INFO - chord#: 75 In build_straw_man_chord_sa. tolerance = 1, sa_iterations = 1000, initial_temperature = 3.0, cooling_rate = 0.999
26 - INFO - chord#: 79 done. best_score=27.0, changed=519, unchanged=418, early_stops=8/8
26 - INFO - chord#: 80 In build_straw_man_chord_sa. tolerance = 1, sa_iterations = 1000, initial_temperature = 3.0, cooling_rate = 0.999
26 - INFO - chord#: 79 done. best_score=27.0, changed=518, unchanged=432, early_stops=8/8
26 - INFO - chord#: 80 In build_straw_man_chord_sa. tolerance = 1, sa_iterations = 1000, initial_temperature = 3.0, cooling_rate = 0.999
26 - INFO - chord#: 78 done. best_score=27.0, changed=525, unchanged=654, early_stops=8/8
26 - INFO - chord#: 79 In build_straw_man_chord_sa. tolerance = 1, sa_iterations = 1000, initial_temperature = 3.0, cooling_rate = 0.999
26 - INFO - chord#: 66 done. best_score=70.0, changed=614, unchanged=326, early_stops=8/8
26 - INFO - chord#: 68 In build_straw_man_chord_sa. tolerance = 1, sa_iterations = 1000, initial_temperature = 3.0, cooling_rate = 0.999
26 - INFO - chord#: 75 done. best_score=27.0, changed=522, unchanged=359, early_stops=8/8
26 - INFO - chord#: 76 In build_straw_man_chord_sa. tolerance = 1, sa_iterations = 1000, initial_temperature = 3.0, cooling_rate = 0.999
26 - INFO - chord#: 68 done. best_score=31.0, changed=519, unchanged=337, early_stops=8/8
26 - INFO - chord#: 70 In build_straw_man_chord_sa. tolerance = 1, sa_iterations = 1000, initial_temperature = 3.0, cooling_rate = 0.999
26 - INFO - chord#: 70 done. best_score=27.0, changed=518, unchanged=332, early_stops=8/8
26 - INFO - chord#: 72 In build_straw_man_chord_sa. tolerance = 1, sa_iterations = 1000, initial_temperature = 3.0, cooling_rate = 0.999
26 - INFO - chord#: 66 done. best_score=70.0, changed=614, unchanged=323, early_stops=8/8
26 - INFO - chord#: 68 In build_straw_man_chord_sa. tolerance = 1, sa_iterations = 1000, initial_temperature = 3.0, cooling_rate = 0.999
26 - INFO - chord#: 79 done. best_score=27.0, changed=515, unchanged=387, early_stops=8/8
26 - INFO - chord#: 80 In build_straw_man_chord_sa. tolerance = 1, sa_iterations = 1000, initial_temperature = 3.0, cooling_rate = 0.999
26 - INFO - chord#: 66 done. best_score=75.0, changed=612, unchanged=301, early_stops=8/8
26 - INFO - chord#: 68 In build_straw_man_chord_sa. tolerance = 1, sa_iterations = 1000, initial_temperature = 3.0, cooling_rate = 0.999
26 - INFO - chord#: 66 done. best_score=103.0, changed=612, unchanged=252, early_stops=8/8
26 - INFO - chord#: 68 In build_straw_man_chord_sa. tolerance = 1, sa_iterations = 1000, initial_temperature = 3.0, cooling_rate = 0.999
26 - INFO - chord#: 68 done. best_score=31.0, changed=527, unchanged=348, early_stops=8/8
26 - INFO - chord#: 70 In build_straw_man_chord_sa. tolerance = 1, sa_iterations = 1000, initial_temperature = 3.0, cooling_rate = 0.999
26 - INFO - chord#: 80 done. best_score=78.0, changed=612, unchanged=312, early_stops=8/8
26 - INFO - chord#: 82 In build_straw_man_chord_sa. tolerance = 1, sa_iterations = 1000, initial_temperature = 3.0, cooling_rate = 0.999
26 - INFO - chord#: 76 done. best_score=27.0, changed=519, unchanged=387, early_stops=8/8
26 - INFO - chord#: 78 In build_straw_man_chord_sa. tolerance = 1, sa_iterations = 1000, initial_temperature = 3.0, cooling_rate = 0.999
26 - INFO - chord#: 70 done. best_score=27.0, changed=517, unchanged=380, early_stops=8/8
26 - INFO - chord#: 72 In build_straw_man_chord_sa. tolerance = 1, sa_iterations = 1000, initial_temperature = 3.0, cooling_rate = 0.999
26 - INFO - chord#: 68 done. best_score=31.0, changed=522, unchanged=318, early_stops=8/8
26 - INFO - chord#: 70 In build_straw_man_chord_sa. tolerance = 1, sa_iterations = 1000, initial_temperature = 3.0, cooling_rate = 0.999
26 - INFO - chord#: 80 done. best_score=67.0, changed=614, unchanged=375, early_stops=8/8
26 - INFO - chord#: 82 In build_straw_man_chord_sa. tolerance = 1, sa_iterations = 1000, initial_temperature = 3.0, cooling_rate = 0.999
26 - INFO - chord#: 72 done. best_score=36.0, changed=516, unchanged=337, early_stops=8/8
26 - INFO - chord#: 74 In build_straw_man_chord_sa. tolerance = 1, sa_iterations = 1000, initial_temperature = 3.0, cooling_rate = 0.999
26 - INFO - chord#: 68 done. best_score=31.0, changed=518, unchanged=328, early_stops=8/8
26 - INFO - chord#: 70 In build_straw_man_chord_sa. tolerance = 1, sa_iterations = 1000, initial_temperature = 3.0, cooling_rate = 0.999
26 - INFO - chord#: 68 done. best_score=31.0, changed=535, unchanged=365, early_stops=8/8
26 - INFO - chord#: 70 In build_straw_man_chord_sa. tolerance = 1, sa_iterations = 1000, initial_temperature = 3.0, cooling_rate = 0.999
26 - INFO - chord#: 80 done. best_score=67.0, changed=608, unchanged=254, early_stops=8/8
26 - INFO - chord#: 82 In build_straw_man_chord_sa. tolerance = 1, sa_iterations = 1000, initial_temperature = 3.0, cooling_rate = 0.999
26 - INFO - chord#: 82 done. best_score=35.0, changed=519, unchanged=383, early_stops=8/8
26 - INFO - chord#: 84 In build_straw_man_chord_sa. tolerance = 1, sa_iterations = 1000, initial_temperature = 3.0, cooling_rate = 0.999
26 - INFO - chord#: 70 done. best_score=27.0, changed=521, unchanged=376, early_stops=8/8
26 - INFO - chord#: 72 In build_straw_man_chord_sa. tolerance = 1, sa_iterations = 1000, initial_temperature = 3.0, cooling_rate = 0.999
26 - INFO - chord#: 82 done. best_score=35.0, changed=555, unchanged=271, early_stops=8/8
26 - INFO - chord#: 84 In build_straw_man_chord_sa. tolerance = 1, sa_iterations = 1000, initial_temperature = 3.0, cooling_rate = 0.999
26 - INFO - chord#: 78 done. best_score=27.0, changed=531, unchanged=493, early_stops=8/8
26 - INFO - chord#: 79 In build_straw_man_chord_sa. tolerance = 1, sa_iterations = 1000, initial_temperature = 3.0, cooling_rate = 0.999
26 - INFO - chord#: 80 done. best_score=137.0, changed=616, unchanged=352, early_stops=8/8
26 - INFO - chord#: 82 In build_straw_man_chord_sa. tolerance = 1, sa_iterations = 1000, initial_temperature = 3.0, cooling_rate = 0.999
26 - INFO - chord#: 70 done. best_score=27.0, changed=524, unchanged=320, early_stops=8/8
26 - INFO - chord#: 72 In build_straw_man_chord_sa. tolerance = 1, sa_iterations = 1000, initial_temperature = 3.0, cooling_rate = 0.999
26 - INFO - chord#: 82 done. best_score=35.0, changed=533, unchanged=282, early_stops=8/8
26 - INFO - chord#: 84 In build_straw_man_chord_sa. tolerance = 1, sa_iterations = 1000, initial_temperature = 3.0, cooling_rate = 0.999
26 - INFO - chord#: 72 done. best_score=36.0, changed=515, unchanged=373, early_stops=8/8
26 - INFO - chord#: 74 In build_straw_man_chord_sa. tolerance = 1, sa_iterations = 1000, initial_temperature = 3.0, cooling_rate = 0.999
26 - INFO - chord#: 70 done. best_score=27.0, changed=521, unchanged=357, early_stops=8/8
26 - INFO - chord#: 72 In build_straw_man_chord_sa. tolerance = 1, sa_iterations = 1000, initial_temperature = 3.0, cooling_rate = 0.999
26 - INFO - chord#: 70 done. best_score=27.0, changed=523, unchanged=367, early_stops=8/8
26 - INFO - chord#: 72 In build_straw_man_chord_sa. tolerance = 1, sa_iterations = 1000, initial_temperature = 3.0, cooling_rate = 0.999
26 - INFO - chord#: 84 done. best_score=27.0, changed=521, unchanged=438, early_stops=8/8
26 - INFO - chord#: 82 done. best_score=35.0, changed=537, unchanged=301, early_stops=8/8
26 - INFO - chord#: 86 In build_straw_man_chord_sa. tolerance = 1, sa_iterations = 1000, initial_temperature = 3.0, cooling_rate = 0.999
26 - INFO - chord#: 84 In build_straw_man_chord_sa. tolerance = 1, sa_iterations = 1000, initial_temperature = 3.0, cooling_rate = 0.999
26 - INFO - chord#: 84 done. best_score=27.0, changed=515, unchanged=335, early_stops=8/8
26 - INFO - chord#: 86 In build_straw_man_chord_sa. tolerance = 1, sa_iterations = 1000, initial_temperature = 3.0, cooling_rate = 0.999
26 - INFO - chord#: 79 done. best_score=27.0, changed=521, unchanged=414, early_stops=8/8
26 - INFO - chord#: 80 In build_straw_man_chord_sa. tolerance = 1, sa_iterations = 1000, initial_temperature = 3.0, cooling_rate = 0.999
26 - INFO - chord#: 72 done. best_score=47.0, changed=524, unchanged=433, early_stops=8/8
26 - INFO - chord#: 74 In build_straw_man_chord_sa. tolerance = 1, sa_iterations = 1000, initial_temperature = 3.0, cooling_rate = 0.999
26 - INFO - chord#: 80 done. best_score=157.0, changed=618, unchanged=494, early_stops=8/8
26 - INFO - chord#: 82 In build_straw_man_chord_sa. tolerance = 1, sa_iterations = 1000, initial_temperature = 3.0, cooling_rate = 0.999
26 - INFO - chord#: 84 done. best_score=27.0, changed=531, unchanged=450, early_stops=8/8
26 - INFO - chord#: 86 In build_straw_man_chord_sa. tolerance = 1, sa_iterations = 1000, initial_temperature = 3.0, cooling_rate = 0.999
26 - INFO - chord#: 86 done. best_score=27.0, changed=531, unchanged=371, early_stops=8/8
26 - INFO - chord#: 87 In build_straw_man_chord_sa. tolerance = 1, sa_iterations = 1000, initial_temperature = 3.0, cooling_rate = 0.999
26 - INFO - chord#: 72 done. best_score=36.0, changed=535, unchanged=499, early_stops=8/8
26 - INFO - chord#: 74 In build_straw_man_chord_sa. tolerance = 1, sa_iterations = 1000, initial_temperature = 3.0, cooling_rate = 0.999
26 - INFO - chord#: 84 done. best_score=27.0, changed=524, unchanged=380, early_stops=8/8
26 - INFO - chord#: 86 In build_straw_man_chord_sa. tolerance = 1, sa_iterations = 1000, initial_temperature = 3.0, cooling_rate = 0.999
26 - INFO - chord#: 86 done. best_score=27.0, changed=523, unchanged=377, early_stops=8/8
26 - INFO - chord#: 87 In build_straw_man_chord_sa. tolerance = 1, sa_iterations = 1000, initial_temperature = 3.0, cooling_rate = 0.999
26 - INFO - chord#: 72 done. best_score=36.0, changed=517, unchanged=428, early_stops=8/8
26 - INFO - chord#: 74 In build_straw_man_chord_sa. tolerance = 1, sa_iterations = 1000, initial_temperature = 3.0, cooling_rate = 0.999
26 - INFO - chord#: 72 done. best_score=47.0, changed=524, unchanged=386, early_stops=8/8
26 - INFO - chord#: 74 In build_straw_man_chord_sa. tolerance = 1, sa_iterations = 1000, initial_temperature = 3.0, cooling_rate = 0.999
26 - INFO - chord#: 86 done. best_score=27.0, changed=525, unchanged=346, early_stops=8/8
26 - INFO - chord#: 87 In build_straw_man_chord_sa. tolerance = 1, sa_iterations = 1000, initial_temperature = 3.0, cooling_rate = 0.999
26 - INFO - chord#: 82 done. best_score=35.0, changed=521, unchanged=307, early_stops=8/8
26 - INFO - chord#: 84 In build_straw_man_chord_sa. tolerance = 1, sa_iterations = 1000, initial_temperature = 3.0, cooling_rate = 0.999
26 - INFO - chord#: 86 done. best_score=27.0, changed=519, unchanged=322, early_stops=8/8
26 - INFO - chord#: 87 In build_straw_man_chord_sa. tolerance = 1, sa_iterations = 1000, initial_temperature = 3.0, cooling_rate = 0.999
26 - INFO - chord#: 80 done. best_score=67.0, changed=611, unchanged=309, early_stops=8/8
26 - INFO - chord#: 82 In build_straw_man_chord_sa. tolerance = 1, sa_iterations = 1000, initial_temperature = 3.0, cooling_rate = 0.999
26 - INFO - chord#: 74 done. best_score=143.0, changed=612, unchanged=334, early_stops=8/8
26 - INFO - chord#: 75 In build_straw_man_chord_sa. tolerance = 1, sa_iterations = 1000, initial_temperature = 3.0, cooling_rate = 0.999
26 - INFO - chord#: 84 done. best_score=27.0, changed=519, unchanged=407, early_stops=8/8
26 - INFO - chord#: 86 In build_straw_man_chord_sa. tolerance = 1, sa_iterations = 1000, initial_temperature = 3.0, cooling_rate = 0.999
26 - INFO - chord#: 74 done. best_score=104.0, changed=616, unchanged=604, early_stops=8/8
26 - INFO - chord#: 75 In build_straw_man_chord_sa. tolerance = 1, sa_iterations = 1000, initial_temperature = 3.0, cooling_rate = 0.999
26 - INFO - chord#: 82 done. best_score=35.0, changed=551, unchanged=315, early_stops=8/8
26 - INFO - chord#: 84 In build_straw_man_chord_sa. tolerance = 1, sa_iterations = 1000, initial_temperature = 3.0, cooling_rate = 0.999
26 - INFO - chord#: 74 done. best_score=124.0, changed=611, unchanged=294, early_stops=8/8
26 - INFO - chord#: 75 In build_straw_man_chord_sa. tolerance = 1, sa_iterations = 1000, initial_temperature = 3.0, cooling_rate = 0.999
26 - INFO - chord#: 75 done. best_score=27.0, changed=532, unchanged=379, early_stops=8/8
26 - INFO - chord#: 76 In build_straw_man_chord_sa. tolerance = 1, sa_iterations = 1000, initial_temperature = 3.0, cooling_rate = 0.999
26 - INFO - chord#: 86 done. best_score=27.0, changed=532, unchanged=404, early_stops=8/8
26 - INFO - chord#: 87 In build_straw_man_chord_sa. tolerance = 1, sa_iterations = 1000, initial_temperature = 3.0, cooling_rate = 0.999
26 - INFO - chord#: 87 done. best_score=145.0, changed=610, unchanged=310, early_stops=8/8
26 - INFO - chord#: 88 In build_straw_man_chord_sa. tolerance = 1, sa_iterations = 1000, initial_temperature = 3.0, cooling_rate = 0.999
26 - INFO - chord#: 74 done. best_score=161.0, changed=612, unchanged=229, early_stops=8/8
26 - INFO - chord#: 75 In build_straw_man_chord_sa. tolerance = 1, sa_iterations = 1000, initial_temperature = 3.0, cooling_rate = 0.999
26 - INFO - chord#: 87 done. best_score=67.0, changed=616, unchanged=527, early_stops=8/8
26 - INFO - chord#: 88 In build_straw_man_chord_sa. tolerance = 1, sa_iterations = 1000, initial_temperature = 3.0, cooling_rate = 0.999
26 - INFO - chord#: 75 done. best_score=27.0, changed=523, unchanged=346, early_stops=8/8
26 - INFO - chord#: 76 In build_straw_man_chord_sa. tolerance = 1, sa_iterations = 1000, initial_temperature = 3.0, cooling_rate = 0.999
26 - INFO - chord#: 74 done. best_score=145.0, changed=615, unchanged=287, early_stops=8/8
26 - INFO - chord#: 75 In build_straw_man_chord_sa. tolerance = 1, sa_iterations = 1000, initial_temperature = 3.0, cooling_rate = 0.999
26 - INFO - chord#: 84 done. best_score=27.0, changed=514, unchanged=329, early_stops=8/8
26 - INFO - chord#: 86 In build_straw_man_chord_sa. tolerance = 1, sa_iterations = 1000, initial_temperature = 3.0, cooling_rate = 0.999
26 - INFO - chord#: 87 done. best_score=67.0, changed=615, unchanged=454, early_stops=8/8
26 - INFO - chord#: 88 In build_straw_man_chord_sa. tolerance = 1, sa_iterations = 1000, initial_temperature = 3.0, cooling_rate = 0.999
26 - INFO - chord#: 87 done. best_score=96.0, changed=616, unchanged=355, early_stops=8/8
26 - INFO - chord#: 88 In build_straw_man_chord_sa. tolerance = 1, sa_iterations = 1000, initial_temperature = 3.0, cooling_rate = 0.999
26 - INFO - chord#: 75 done. best_score=36.0, changed=521, unchanged=290, early_stops=8/8
26 - INFO - chord#: 76 In build_straw_man_chord_sa. tolerance = 1, sa_iterations = 1000, initial_temperature = 3.0, cooling_rate = 0.999
26 - INFO - chord#: 88 done. best_score=27.0, changed=521, unchanged=322, early_stops=8/8
26 - INFO - chord#: 96 In build_straw_man_chord_sa. tolerance = 1, sa_iterations = 1000, initial_temperature = 3.0, cooling_rate = 0.999
26 - INFO - chord#: 76 done. best_score=27.0, changed=533, unchanged=465, early_stops=8/8
26 - INFO - chord#: 78 In build_straw_man_chord_sa. tolerance = 1, sa_iterations = 1000, initial_temperature = 3.0, cooling_rate = 0.999
26 - INFO - chord#: 75 done. best_score=27.0, changed=521, unchanged=314, early_stops=8/8
26 - INFO - chord#: 76 In build_straw_man_chord_sa. tolerance = 1, sa_iterations = 1000, initial_temperature = 3.0, cooling_rate = 0.999
26 - INFO - chord#: 88 done. best_score=27.0, changed=528, unchanged=477, early_stops=8/8
26 - INFO - chord#: 96 In build_straw_man_chord_sa. tolerance = 1, sa_iterations = 1000, initial_temperature = 3.0, cooling_rate = 0.999
26 - INFO - chord#: 86 done. best_score=27.0, changed=516, unchanged=299, early_stops=8/8
26 - INFO - chord#: 87 In build_straw_man_chord_sa. tolerance = 1, sa_iterations = 1000, initial_temperature = 3.0, cooling_rate = 0.999
26 - INFO - chord#: 88 done. best_score=27.0, changed=520, unchanged=336, early_stops=8/8
26 - INFO - chord#: 96 In build_straw_man_chord_sa. tolerance = 1, sa_iterations = 1000, initial_temperature = 3.0, cooling_rate = 0.999
26 - INFO - chord#: 76 done. best_score=27.0, changed=517, unchanged=354, early_stops=8/8
26 - INFO - chord#: 78 In build_straw_man_chord_sa. tolerance = 1, sa_iterations = 1000, initial_temperature = 3.0, cooling_rate = 0.999
26 - INFO - chord#: 75 done. best_score=36.0, changed=536, unchanged=343, early_stops=8/8
26 - INFO - chord#: 76 In build_straw_man_chord_sa. tolerance = 1, sa_iterations = 1000, initial_temperature = 3.0, cooling_rate = 0.999
26 - INFO - chord#: 88 done. best_score=27.0, changed=527, unchanged=499, early_stops=8/8
26 - INFO - chord#: 96 In build_straw_man_chord_sa. tolerance = 1, sa_iterations = 1000, initial_temperature = 3.0, cooling_rate = 0.999
26 - INFO - chord#: 74 done. best_score=141.0, changed=616, unchanged=550, early_stops=8/8
26 - INFO - chord#: 75 In build_straw_man_chord_sa. tolerance = 1, sa_iterations = 1000, initial_temperature = 3.0, cooling_rate = 0.999
26 - INFO - chord#: 96 done. best_score=27.0, changed=525, unchanged=341, early_stops=8/8
26 - INFO - chord#: 98 In build_straw_man_chord_sa. tolerance = 1, sa_iterations = 1000, initial_temperature = 3.0, cooling_rate = 0.999
26 - INFO - chord#: 87 done. best_score=67.0, changed=608, unchanged=219, early_stops=8/8
26 - INFO - chord#: 88 In build_straw_man_chord_sa. tolerance = 1, sa_iterations = 1000, initial_temperature = 3.0, cooling_rate = 0.999
26 - INFO - chord#: 78 done. best_score=27.0, changed=532, unchanged=421, early_stops=8/8
26 - INFO - chord#: 76 done. best_score=27.0, changed=530, unchanged=408, early_stops=8/8
26 - INFO - chord#: 79 In build_straw_man_chord_sa. tolerance = 1, sa_iterations = 1000, initial_temperature = 3.0, cooling_rate = 0.999
26 - INFO - chord#: 78 In build_straw_man_chord_sa. tolerance = 1, sa_iterations = 1000, initial_temperature = 3.0, cooling_rate = 0.999
26 - INFO - chord#: 96 done. best_score=27.0, changed=516, unchanged=421, early_stops=8/8
26 - INFO - chord#: 98 In build_straw_man_chord_sa. tolerance = 1, sa_iterations = 1000, initial_temperature = 3.0, cooling_rate = 0.999
26 - INFO - chord#: 96 done. best_score=27.0, changed=534, unchanged=397, early_stops=8/8
26 - INFO - chord#: 98 In build_straw_man_chord_sa. tolerance = 1, sa_iterations = 1000, initial_temperature = 3.0, cooling_rate = 0.999
26 - INFO - chord#: 76 done. best_score=27.0, changed=522, unchanged=458, early_stops=8/8
26 - INFO - chord#: 78 In build_straw_man_chord_sa. tolerance = 1, sa_iterations = 1000, initial_temperature = 3.0, cooling_rate = 0.999
26 - INFO - chord#: 96 done. best_score=27.0, changed=514, unchanged=450, early_stops=8/8
26 - INFO - chord#: 98 In build_straw_man_chord_sa. tolerance = 1, sa_iterations = 1000, initial_temperature = 3.0, cooling_rate = 0.999
26 - INFO - chord#: 76 done. best_score=27.0, changed=522, unchanged=425, early_stops=8/8
26 - INFO - chord#: 78 In build_straw_man_chord_sa. tolerance = 1, sa_iterations = 1000, initial_temperature = 3.0, cooling_rate = 0.999
26 - INFO - chord#: 78 done. best_score=27.0, changed=528, unchanged=408, early_stops=8/8
26 - INFO - chord#: 79 In build_straw_man_chord_sa. tolerance = 1, sa_iterations = 1000, initial_temperature = 3.0, cooling_rate = 0.999
26 - INFO - chord#: 75 done. best_score=27.0, changed=528, unchanged=363, early_stops=8/8
26 - INFO - chord#: 76 In build_straw_man_chord_sa. tolerance = 1, sa_iterations = 1000, initial_temperature = 3.0, cooling_rate = 0.999
26 - INFO - chord#: 88 done. best_score=27.0, changed=519, unchanged=325, early_stops=8/8
26 - INFO - chord#: 96 In build_straw_man_chord_sa. tolerance = 1, sa_iterations = 1000, initial_temperature = 3.0, cooling_rate = 0.999
26 - INFO - chord#: 78 done. best_score=27.0, changed=518, unchanged=390, early_stops=8/8
26 - INFO - chord#: 79 In build_straw_man_chord_sa. tolerance = 1, sa_iterations = 1000, initial_temperature = 3.0, cooling_rate = 0.999
26 - INFO - chord#: 79 done. best_score=27.0, changed=516, unchanged=371, early_stops=8/8
26 - INFO - chord#: 80 In build_straw_man_chord_sa. tolerance = 1, sa_iterations = 1000, initial_temperature = 3.0, cooling_rate = 0.999
26 - INFO - chord#: 78 done. best_score=27.0, changed=522, unchanged=445, early_stops=8/8
26 - INFO - chord#: 79 In build_straw_man_chord_sa. tolerance = 1, sa_iterations = 1000, initial_temperature = 3.0, cooling_rate = 0.999
26 - INFO - chord#: 78 done. best_score=27.0, changed=519, unchanged=370, early_stops=8/8
26 - INFO - chord#: 79 In build_straw_man_chord_sa. tolerance = 1, sa_iterations = 1000, initial_temperature = 3.0, cooling_rate = 0.999
26 - INFO - chord#: 76 done. best_score=27.0, changed=511, unchanged=320, early_stops=8/8
26 - INFO - chord#: 78 In build_straw_man_chord_sa. tolerance = 1, sa_iterations = 1000, initial_temperature = 3.0, cooling_rate = 0.999
26 - INFO - chord#: 87 done. best_score=67.0, changed=611, unchanged=425, early_stops=8/8
26 - INFO - chord#: 88 In build_straw_man_chord_sa. tolerance = 1, sa_iterations = 1000, initial_temperature = 3.0, cooling_rate = 0.999
26 - INFO - chord#: 79 done. best_score=27.0, changed=524, unchanged=378, early_stops=8/8
26 - INFO - chord#: 80 In build_straw_man_chord_sa. tolerance = 1, sa_iterations = 1000, initial_temperature = 3.0, cooling_rate = 0.999
26 - INFO - chord#: 98 done. best_score=97.0, changed=612, unchanged=422, early_stops=8/8
26 - INFO - chord#: 100 In build_straw_man_chord_sa. tolerance = 1, sa_iterations = 1000, initial_temperature = 3.0, cooling_rate = 0.999
26 - INFO - chord#: 96 done. best_score=27.0, changed=522, unchanged=380, early_stops=8/8
26 - INFO - chord#: 98 In build_straw_man_chord_sa. tolerance = 1, sa_iterations = 1000, initial_temperature = 3.0, cooling_rate = 0.999
26 - INFO - chord#: 98 done. best_score=82.0, changed=610, unchanged=262, early_stops=8/8
26 - INFO - chord#: 100 In build_straw_man_chord_sa. tolerance = 1, sa_iterations = 1000, initial_temperature = 3.0, cooling_rate = 0.999
26 - INFO - chord#: 79 done. best_score=27.0, changed=520, unchanged=340, early_stops=8/8
26 - INFO - chord#: 80 In build_straw_man_chord_sa. tolerance = 1, sa_iterations = 1000, initial_temperature = 3.0, cooling_rate = 0.999
26 - INFO - chord#: 79 done. best_score=27.0, changed=526, unchanged=510, early_stops=8/8
26 - INFO - chord#: 80 In build_straw_man_chord_sa. tolerance = 1, sa_iterations = 1000, initial_temperature = 3.0, cooling_rate = 0.999
26 - INFO - chord#: 98 done. best_score=120.0, changed=616, unchanged=345, early_stops=8/8
26 - INFO - chord#: 100 In build_straw_man_chord_sa. tolerance = 1, sa_iterations = 1000, initial_temperature = 3.0, cooling_rate = 0.999
26 - INFO - chord#: 88 done. best_score=27.0, changed=534, unchanged=405, early_stops=8/8
26 - INFO - chord#: 96 In build_straw_man_chord_sa. tolerance = 1, sa_iterations = 1000, initial_temperature = 3.0, cooling_rate = 0.999
26 - INFO - chord#: 98 done. best_score=82.0, changed=614, unchanged=320, early_stops=8/8
26 - INFO - chord#: 100 In build_straw_man_chord_sa. tolerance = 1, sa_iterations = 1000, initial_temperature = 3.0, cooling_rate = 0.999
26 - INFO - chord#: 78 done. best_score=27.0, changed=511, unchanged=363, early_stops=8/8
26 - INFO - chord#: 79 In build_straw_man_chord_sa. tolerance = 1, sa_iterations = 1000, initial_temperature = 3.0, cooling_rate = 0.999
26 - INFO - chord#: 79 done. best_score=27.0, changed=527, unchanged=462, early_stops=8/8
26 - INFO - chord#: 80 In build_straw_man_chord_sa. tolerance = 1, sa_iterations = 1000, initial_temperature = 3.0, cooling_rate = 0.999
26 - INFO - chord#: 100 done. best_score=27.0, changed=527, unchanged=342, early_stops=8/8
26 - INFO - chord#: 102 In build_straw_man_chord_sa. tolerance = 1, sa_iterations = 1000, initial_temperature = 3.0, cooling_rate = 0.999
26 - INFO - chord#: 100 done. best_score=27.0, changed=536, unchanged=525, early_stops=8/8
26 - INFO - chord#: 102 In build_straw_man_chord_sa. tolerance = 1, sa_iterations = 1000, initial_temperature = 3.0, cooling_rate = 0.999
26 - INFO - chord#: 100 done. best_score=27.0, changed=529, unchanged=342, early_stops=8/8
26 - INFO - chord#: 102 In build_straw_man_chord_sa. tolerance = 1, sa_iterations = 1000, initial_temperature = 3.0, cooling_rate = 0.999
26 - INFO - chord#: 96 done. best_score=27.0, changed=522, unchanged=340, early_stops=8/8
26 - INFO - chord#: 98 In build_straw_man_chord_sa. tolerance = 1, sa_iterations = 1000, initial_temperature = 3.0, cooling_rate = 0.999
26 - INFO - chord#: 100 done. best_score=27.0, changed=517, unchanged=430, early_stops=8/8
26 - INFO - chord#: 102 In build_straw_man_chord_sa. tolerance = 1, sa_iterations = 1000, initial_temperature = 3.0, cooling_rate = 0.999
26 - INFO - chord#: 80 done. best_score=145.0, changed=608, unchanged=272, early_stops=8/8
26 - INFO - chord#: 82 In build_straw_man_chord_sa. tolerance = 1, sa_iterations = 1000, initial_temperature = 3.0, cooling_rate = 0.999
26 - INFO - chord#: 79 done. best_score=27.0, changed=532, unchanged=524, early_stops=8/8
26 - INFO - chord#: 80 In build_straw_man_chord_sa. tolerance = 1, sa_iterations = 1000, initial_temperature = 3.0, cooling_rate = 0.999
26 - INFO - chord#: 80 done. best_score=67.0, changed=611, unchanged=288, early_stops=8/8
26 - INFO - chord#: 82 In build_straw_man_chord_sa. tolerance = 1, sa_iterations = 1000, initial_temperature = 3.0, cooling_rate = 0.999
26 - INFO - chord#: 82 done. best_score=35.0, changed=522, unchanged=317, early_stops=8/8
26 - INFO - chord#: 84 In build_straw_man_chord_sa. tolerance = 1, sa_iterations = 1000, initial_temperature = 3.0, cooling_rate = 0.999
26 - INFO - chord#: 98 done. best_score=82.0, changed=614, unchanged=393, early_stops=8/8
26 - INFO - chord#: 100 In build_straw_man_chord_sa. tolerance = 1, sa_iterations = 1000, initial_temperature = 3.0, cooling_rate = 0.999
26 - INFO - chord#: 102 done. best_score=149.0, changed=609, unchanged=296, early_stops=8/8
26 - INFO - chord#: 104 In build_straw_man_chord_sa. tolerance = 1, sa_iterations = 1000, initial_temperature = 3.0, cooling_rate = 0.999
26 - INFO - chord#: 80 done. best_score=157.0, changed=614, unchanged=456, early_stops=8/8
26 - INFO - chord#: 82 In build_straw_man_chord_sa. tolerance = 1, sa_iterations = 1000, initial_temperature = 3.0, cooling_rate = 0.999
26 - INFO - chord#: 102 done. best_score=70.0, changed=605, unchanged=210, early_stops=8/8
26 - INFO - chord#: 104 In build_straw_man_chord_sa. tolerance = 1, sa_iterations = 1000, initial_temperature = 3.0, cooling_rate = 0.999
26 - INFO - chord#: 98 done. best_score=82.0, changed=607, unchanged=263, early_stops=8/8
26 - INFO - chord#: 100 In build_straw_man_chord_sa. tolerance = 1, sa_iterations = 1000, initial_temperature = 3.0, cooling_rate = 0.999
26 - INFO - chord#: 82 done. best_score=35.0, changed=541, unchanged=297, early_stops=8/8
26 - INFO - chord#: 84 In build_straw_man_chord_sa. tolerance = 1, sa_iterations = 1000, initial_temperature = 3.0, cooling_rate = 0.999
26 - INFO - chord#: 102 done. best_score=70.0, changed=621, unchanged=407, early_stops=8/8
26 - INFO - chord#: 104 In build_straw_man_chord_sa. tolerance = 1, sa_iterations = 1000, initial_temperature = 3.0, cooling_rate = 0.999
26 - INFO - chord#: 80 done. best_score=140.0, changed=613, unchanged=365, early_stops=8/8
26 - INFO - chord#: 82 In build_straw_man_chord_sa. tolerance = 1, sa_iterations = 1000, initial_temperature = 3.0, cooling_rate = 0.999
26 - INFO - chord#: 102 done. best_score=70.0, changed=611, unchanged=433, early_stops=8/8
26 - INFO - chord#: 104 In build_straw_man_chord_sa. tolerance = 1, sa_iterations = 1000, initial_temperature = 3.0, cooling_rate = 0.999
26 - INFO - chord#: 104 done. best_score=27.0, changed=519, unchanged=338, early_stops=8/8
26 - INFO - chord#: 106 In build_straw_man_chord_sa. tolerance = 1, sa_iterations = 1000, initial_temperature = 3.0, cooling_rate = 0.999
26 - INFO - chord#: 100 done. best_score=27.0, changed=523, unchanged=325, early_stops=8/8
26 - INFO - chord#: 102 In build_straw_man_chord_sa. tolerance = 1, sa_iterations = 1000, initial_temperature = 3.0, cooling_rate = 0.999
26 - INFO - chord#: 82 done. best_score=35.0, changed=529, unchanged=423, early_stops=8/8
26 - INFO - chord#: 84 In build_straw_man_chord_sa. tolerance = 1, sa_iterations = 1000, initial_temperature = 3.0, cooling_rate = 0.999
26 - INFO - chord#: 84 done. best_score=27.0, changed=509, unchanged=373, early_stops=8/8
26 - INFO - chord#: 86 In build_straw_man_chord_sa. tolerance = 1, sa_iterations = 1000, initial_temperature = 3.0, cooling_rate = 0.999
26 - INFO - chord#: 104 done. best_score=27.0, changed=528, unchanged=458, early_stops=8/8
26 - INFO - chord#: 106 In build_straw_man_chord_sa. tolerance = 1, sa_iterations = 1000, initial_temperature = 3.0, cooling_rate = 0.999
26 - INFO - chord#: 100 done. best_score=27.0, changed=530, unchanged=517, early_stops=8/8
26 - INFO - chord#: 102 In build_straw_man_chord_sa. tolerance = 1, sa_iterations = 1000, initial_temperature = 3.0, cooling_rate = 0.999
26 - INFO - chord#: 80 done. best_score=78.0, changed=617, unchanged=508, early_stops=8/8
26 - INFO - chord#: 82 In build_straw_man_chord_sa. tolerance = 1, sa_iterations = 1000, initial_temperature = 3.0, cooling_rate = 0.999
26 - INFO - chord#: 104 done. best_score=27.0, changed=522, unchanged=360, early_stops=8/8
26 - INFO - chord#: 106 In build_straw_man_chord_sa. tolerance = 1, sa_iterations = 1000, initial_temperature = 3.0, cooling_rate = 0.999
26 - INFO - chord#: 104 done. best_score=27.0, changed=521, unchanged=355, early_stops=8/8
26 - INFO - chord#: 106 In build_straw_man_chord_sa. tolerance = 1, sa_iterations = 1000, initial_temperature = 3.0, cooling_rate = 0.999
26 - INFO - chord#: 82 done. best_score=37.0, changed=531, unchanged=371, early_stops=8/8
26 - INFO - chord#: 84 In build_straw_man_chord_sa. tolerance = 1, sa_iterations = 1000, initial_temperature = 3.0, cooling_rate = 0.999
26 - INFO - chord#: 84 done. best_score=27.0, changed=516, unchanged=429, early_stops=8/8
26 - INFO - chord#: 86 In build_straw_man_chord_sa. tolerance = 1, sa_iterations = 1000, initial_temperature = 3.0, cooling_rate = 0.999
26 - INFO - chord#: 80 done. best_score=67.0, changed=610, unchanged=312, early_stops=8/8
26 - INFO - chord#: 82 In build_straw_man_chord_sa. tolerance = 1, sa_iterations = 1000, initial_temperature = 3.0, cooling_rate = 0.999
26 - INFO - chord#: 84 done. best_score=27.0, changed=514, unchanged=360, early_stops=8/8
26 - INFO - chord#: 86 In build_straw_man_chord_sa. tolerance = 1, sa_iterations = 1000, initial_temperature = 3.0, cooling_rate = 0.999
26 - INFO - chord#: 86 done. best_score=27.0, changed=526, unchanged=374, early_stops=8/8
26 - INFO - chord#: 87 In build_straw_man_chord_sa. tolerance = 1, sa_iterations = 1000, initial_temperature = 3.0, cooling_rate = 0.999
26 - INFO - chord#: 82 done. best_score=37.0, changed=527, unchanged=358, early_stops=8/8
26 - INFO - chord#: 84 In build_straw_man_chord_sa. tolerance = 1, sa_iterations = 1000, initial_temperature = 3.0, cooling_rate = 0.999
26 - INFO - chord#: 86 done. best_score=27.0, changed=524, unchanged=357, early_stops=8/8
26 - INFO - chord#: 87 In build_straw_man_chord_sa. tolerance = 1, sa_iterations = 1000, initial_temperature = 3.0, cooling_rate = 0.999
26 - INFO - chord#: 86 done. best_score=27.0, changed=519, unchanged=337, early_stops=8/8
26 - INFO - chord#: 87 In build_straw_man_chord_sa. tolerance = 1, sa_iterations = 1000, initial_temperature = 3.0, cooling_rate = 0.999
26 - INFO - chord#: 82 done. best_score=35.0, changed=526, unchanged=353, early_stops=8/8
26 - INFO - chord#: 84 In build_straw_man_chord_sa. tolerance = 1, sa_iterations = 1000, initial_temperature = 3.0, cooling_rate = 0.999
26 - INFO - chord#: 106 done. best_score=97.0, changed=613, unchanged=275, early_stops=8/8
26 - INFO - chord#: 108 In build_straw_man_chord_sa. tolerance = 1, sa_iterations = 1000, initial_temperature = 3.0, cooling_rate = 0.999
26 - INFO - chord#: 84 done. best_score=27.0, changed=518, unchanged=448, early_stops=8/8
26 - INFO - chord#: 86 In build_straw_man_chord_sa. tolerance = 1, sa_iterations = 1000, initial_temperature = 3.0, cooling_rate = 0.999
26 - INFO - chord#: 102 done. best_score=70.0, changed=604, unchanged=206, early_stops=8/8
26 - INFO - chord#: 104 In build_straw_man_chord_sa. tolerance = 1, sa_iterations = 1000, initial_temperature = 3.0, cooling_rate = 0.999
26 - INFO - chord#: 106 done. best_score=120.0, changed=609, unchanged=253, early_stops=8/8
26 - INFO - chord#: 108 In build_straw_man_chord_sa. tolerance = 1, sa_iterations = 1000, initial_temperature = 3.0, cooling_rate = 0.999
26 - INFO - chord#: 106 done. best_score=82.0, changed=615, unchanged=303, early_stops=8/8
26 - INFO - chord#: 108 In build_straw_man_chord_sa. tolerance = 1, sa_iterations = 1000, initial_temperature = 3.0, cooling_rate = 0.999
26 - INFO - chord#: 102 done. best_score=70.0, changed=615, unchanged=297, early_stops=8/8
26 - INFO - chord#: 104 In build_straw_man_chord_sa. tolerance = 1, sa_iterations = 1000, initial_temperature = 3.0, cooling_rate = 0.999
26 - INFO - chord#: 106 done. best_score=82.0, changed=608, unchanged=231, early_stops=8/8
26 - INFO - chord#: 108 In build_straw_man_chord_sa. tolerance = 1, sa_iterations = 1000, initial_temperature = 3.0, cooling_rate = 0.999
26 - INFO - chord#: 108 done. best_score=27.0, changed=526, unchanged=380, early_stops=8/8
26 - INFO - chord#: 110 In build_straw_man_chord_sa. tolerance = 1, sa_iterations = 1000, initial_temperature = 3.0, cooling_rate = 0.999
26 - INFO - chord#: 84 done. best_score=27.0, changed=520, unchanged=506, early_stops=8/8
26 - INFO - chord#: 86 In build_straw_man_chord_sa. tolerance = 1, sa_iterations = 1000, initial_temperature = 3.0, cooling_rate = 0.999
26 - INFO - chord#: 86 done. best_score=27.0, changed=516, unchanged=318, early_stops=8/8
26 - INFO - chord#: 87 In build_straw_man_chord_sa. tolerance = 1, sa_iterations = 1000, initial_temperature = 3.0, cooling_rate = 0.999
26 - INFO - chord#: 108 done. best_score=27.0, changed=517, unchanged=336, early_stops=8/8
26 - INFO - chord#: 110 In build_straw_man_chord_sa. tolerance = 1, sa_iterations = 1000, initial_temperature = 3.0, cooling_rate = 0.999
26 - INFO - chord#: 104 done. best_score=27.0, changed=522, unchanged=445, early_stops=8/8
26 - INFO - chord#: 106 In build_straw_man_chord_sa. tolerance = 1, sa_iterations = 1000, initial_temperature = 3.0, cooling_rate = 0.999
26 - INFO - chord#: 84 done. best_score=27.0, changed=522, unchanged=435, early_stops=8/8
26 - INFO - chord#: 86 In build_straw_man_chord_sa. tolerance = 1, sa_iterations = 1000, initial_temperature = 3.0, cooling_rate = 0.999
26 - INFO - chord#: 108 done. best_score=27.0, changed=521, unchanged=307, early_stops=8/8
26 - INFO - chord#: 110 In build_straw_man_chord_sa. tolerance = 1, sa_iterations = 1000, initial_temperature = 3.0, cooling_rate = 0.999
26 - INFO - chord#: 108 done. best_score=27.0, changed=523, unchanged=497, early_stops=8/8
26 - INFO - chord#: 110 In build_straw_man_chord_sa. tolerance = 1, sa_iterations = 1000, initial_temperature = 3.0, cooling_rate = 0.999
26 - INFO - chord#: 110 done. best_score=27.0, changed=535, unchanged=365, early_stops=8/8
26 - INFO - chord#: 112 In build_straw_man_chord_sa. tolerance = 1, sa_iterations = 1000, initial_temperature = 3.0, cooling_rate = 0.999
26 - INFO - chord#: 104 done. best_score=36.0, changed=517, unchanged=396, early_stops=8/8
26 - INFO - chord#: 106 In build_straw_man_chord_sa. tolerance = 1, sa_iterations = 1000, initial_temperature = 3.0, cooling_rate = 0.999
26 - INFO - chord#: 87 done. best_score=67.0, changed=614, unchanged=328, early_stops=8/8
26 - INFO - chord#: 88 In build_straw_man_chord_sa. tolerance = 1, sa_iterations = 1000, initial_temperature = 3.0, cooling_rate = 0.999
26 - INFO - chord#: 110 done. best_score=27.0, changed=531, unchanged=340, early_stops=8/8
26 - INFO - chord#: 112 In build_straw_man_chord_sa. tolerance = 1, sa_iterations = 1000, initial_temperature = 3.0, cooling_rate = 0.999
26 - INFO - chord#: 86 done. best_score=27.0, changed=531, unchanged=506, early_stops=8/8
26 - INFO - chord#: 87 In build_straw_man_chord_sa. tolerance = 1, sa_iterations = 1000, initial_temperature = 3.0, cooling_rate = 0.999
26 - INFO - chord#: 87 done. best_score=67.0, changed=609, unchanged=352, early_stops=8/8
26 - INFO - chord#: 88 In build_straw_man_chord_sa. tolerance = 1, sa_iterations = 1000, initial_temperature = 3.0, cooling_rate = 0.999
26 - INFO - chord#: 86 done. best_score=27.0, changed=522, unchanged=356, early_stops=8/8
26 - INFO - chord#: 87 In build_straw_man_chord_sa. tolerance = 1, sa_iterations = 1000, initial_temperature = 3.0, cooling_rate = 0.999
26 - INFO - chord#: 110 done. best_score=27.0, changed=525, unchanged=304, early_stops=8/8
26 - INFO - chord#: 112 In build_straw_man_chord_sa. tolerance = 1, sa_iterations = 1000, initial_temperature = 3.0, cooling_rate = 0.999
26 - INFO - chord#: 87 done. best_score=96.0, changed=609, unchanged=279, early_stops=8/8
26 - INFO - chord#: 88 In build_straw_man_chord_sa. tolerance = 1, sa_iterations = 1000, initial_temperature = 3.0, cooling_rate = 0.999
26 - INFO - chord#: 110 done. best_score=27.0, changed=527, unchanged=300, early_stops=8/8
26 - INFO - chord#: 112 In build_straw_man_chord_sa. tolerance = 1, sa_iterations = 1000, initial_temperature = 3.0, cooling_rate = 0.999
26 - INFO - chord#: 88 done. best_score=27.0, changed=530, unchanged=432, early_stops=8/8
26 - INFO - chord#: 96 In build_straw_man_chord_sa. tolerance = 1, sa_iterations = 1000, initial_temperature = 3.0, cooling_rate = 0.999
26 - INFO - chord#: 88 done. best_score=27.0, changed=517, unchanged=313, early_stops=8/8
26 - INFO - chord#: 96 In build_straw_man_chord_sa. tolerance = 1, sa_iterations = 1000, initial_temperature = 3.0, cooling_rate = 0.999
26 - INFO - chord#: 88 done. best_score=27.0, changed=524, unchanged=406, early_stops=8/8
26 - INFO - chord#: 96 In build_straw_man_chord_sa. tolerance = 1, sa_iterations = 1000, initial_temperature = 3.0, cooling_rate = 0.999
26 - INFO - chord#: 106 done. best_score=82.0, changed=608, unchanged=286, early_stops=8/8
26 - INFO - chord#: 108 In build_straw_man_chord_sa. tolerance = 1, sa_iterations = 1000, initial_temperature = 3.0, cooling_rate = 0.999
26 - INFO - chord#: 96 done. best_score=27.0, changed=540, unchanged=493, early_stops=8/8
26 - INFO - chord#: 98 In build_straw_man_chord_sa. tolerance = 1, sa_iterations = 1000, initial_temperature = 3.0, cooling_rate = 0.999
26 - INFO - chord#: 96 done. best_score=27.0, changed=518, unchanged=345, early_stops=8/8
26 - INFO - chord#: 98 In build_straw_man_chord_sa. tolerance = 1, sa_iterations = 1000, initial_temperature = 3.0, cooling_rate = 0.999
26 - INFO - chord#: 87 done. best_score=67.0, changed=612, unchanged=333, early_stops=8/8
26 - INFO - chord#: 88 In build_straw_man_chord_sa. tolerance = 1, sa_iterations = 1000, initial_temperature = 3.0, cooling_rate = 0.999
26 - INFO - chord#: 106 done. best_score=119.0, changed=611, unchanged=278, early_stops=8/8
26 - INFO - chord#: 108 In build_straw_man_chord_sa. tolerance = 1, sa_iterations = 1000, initial_temperature = 3.0, cooling_rate = 0.999
26 - INFO - chord#: 87 done. best_score=67.0, changed=612, unchanged=247, early_stops=8/8
26 - INFO - chord#: 88 In build_straw_man_chord_sa. tolerance = 1, sa_iterations = 1000, initial_temperature = 3.0, cooling_rate = 0.999
26 - INFO - chord#: 108 done. best_score=27.0, changed=539, unchanged=410, early_stops=8/8
26 - INFO - chord#: 110 In build_straw_man_chord_sa. tolerance = 1, sa_iterations = 1000, initial_temperature = 3.0, cooling_rate = 0.999
26 - INFO - chord#: 96 done. best_score=27.0, changed=536, unchanged=580, early_stops=8/8
26 - INFO - chord#: 98 In build_straw_man_chord_sa. tolerance = 1, sa_iterations = 1000, initial_temperature = 3.0, cooling_rate = 0.999
26 - INFO - chord#: 112 done. best_score=119.0, changed=623, unchanged=408, early_stops=8/8
26 - INFO - chord#: 114 In build_straw_man_chord_sa. tolerance = 1, sa_iterations = 1000, initial_temperature = 3.0, cooling_rate = 0.999
26 - INFO - chord#: 87 done. best_score=145.0, changed=610, unchanged=271, early_stops=8/8
26 - INFO - chord#: 88 In build_straw_man_chord_sa. tolerance = 1, sa_iterations = 1000, initial_temperature = 3.0, cooling_rate = 0.999
26 - INFO - chord#: 112 done. best_score=67.0, changed=607, unchanged=270, early_stops=8/8
26 - INFO - chord#: 114 In build_straw_man_chord_sa. tolerance = 1, sa_iterations = 1000, initial_temperature = 3.0, cooling_rate = 0.999
26 - INFO - chord#: 88 done. best_score=27.0, changed=527, unchanged=319, early_stops=8/8
26 - INFO - chord#: 96 In build_straw_man_chord_sa. tolerance = 1, sa_iterations = 1000, initial_temperature = 3.0, cooling_rate = 0.999
26 - INFO - chord#: 112 done. best_score=67.0, changed=615, unchanged=409, early_stops=8/8
26 - INFO - chord#: 114 In build_straw_man_chord_sa. tolerance = 1, sa_iterations = 1000, initial_temperature = 3.0, cooling_rate = 0.999
26 - INFO - chord#: 88 done. best_score=27.0, changed=523, unchanged=354, early_stops=8/8
26 - INFO - chord#: 96 In build_straw_man_chord_sa. tolerance = 1, sa_iterations = 1000, initial_temperature = 3.0, cooling_rate = 0.999
26 - INFO - chord#: 112 done. best_score=67.0, changed=607, unchanged=212, early_stops=8/8
26 - INFO - chord#: 114 In build_straw_man_chord_sa. tolerance = 1, sa_iterations = 1000, initial_temperature = 3.0, cooling_rate = 0.999
26 - INFO - chord#: 110 done. best_score=27.0, changed=514, unchanged=295, early_stops=8/8
26 - INFO - chord#: 112 In build_straw_man_chord_sa. tolerance = 1, sa_iterations = 1000, initial_temperature = 3.0, cooling_rate = 0.999
26 - INFO - chord#: 108 done. best_score=36.0, changed=531, unchanged=348, early_stops=8/8
26 - INFO - chord#: 110 In build_straw_man_chord_sa. tolerance = 1, sa_iterations = 1000, initial_temperature = 3.0, cooling_rate = 0.999
26 - INFO - chord#: 114 done. best_score=47.0, changed=527, unchanged=355, early_stops=8/8
26 - INFO - chord#: 116 In build_straw_man_chord_sa. tolerance = 1, sa_iterations = 1000, initial_temperature = 3.0, cooling_rate = 0.999
26 - INFO - chord#: 98 done. best_score=82.0, changed=609, unchanged=272, early_stops=8/8
26 - INFO - chord#: 100 In build_straw_man_chord_sa. tolerance = 1, sa_iterations = 1000, initial_temperature = 3.0, cooling_rate = 0.999
26 - INFO - chord#: 88 done. best_score=27.0, changed=513, unchanged=327, early_stops=8/8
26 - INFO - chord#: 96 In build_straw_man_chord_sa. tolerance = 1, sa_iterations = 1000, initial_temperature = 3.0, cooling_rate = 0.999
26 - INFO - chord#: 114 done. best_score=36.0, changed=530, unchanged=317, early_stops=8/8
26 - INFO - chord#: 116 In build_straw_man_chord_sa. tolerance = 1, sa_iterations = 1000, initial_temperature = 3.0, cooling_rate = 0.999
26 - INFO - chord#: 96 done. best_score=27.0, changed=513, unchanged=340, early_stops=8/8
26 - INFO - chord#: 98 In build_straw_man_chord_sa. tolerance = 1, sa_iterations = 1000, initial_temperature = 3.0, cooling_rate = 0.999
26 - INFO - chord#: 96 done. best_score=27.0, changed=533, unchanged=442, early_stops=8/8
26 - INFO - chord#: 98 In build_straw_man_chord_sa. tolerance = 1, sa_iterations = 1000, initial_temperature = 3.0, cooling_rate = 0.999
26 - INFO - chord#: 110 done. best_score=36.0, changed=539, unchanged=305, early_stops=8/8
26 - INFO - chord#: 112 In build_straw_man_chord_sa. tolerance = 1, sa_iterations = 1000, initial_temperature = 3.0, cooling_rate = 0.999
26 - INFO - chord#: 114 done. best_score=36.0, changed=520, unchanged=369, early_stops=8/8
26 - INFO - chord#: 116 In build_straw_man_chord_sa. tolerance = 1, sa_iterations = 1000, initial_temperature = 3.0, cooling_rate = 0.999
26 - INFO - chord#: 98 done. best_score=90.0, changed=606, unchanged=235, early_stops=8/8
26 - INFO - chord#: 100 In build_straw_man_chord_sa. tolerance = 1, sa_iterations = 1000, initial_temperature = 3.0, cooling_rate = 0.999
26 - INFO - chord#: 98 done. best_score=82.0, changed=615, unchanged=439, early_stops=8/8
26 - INFO - chord#: 100 In build_straw_man_chord_sa. tolerance = 1, sa_iterations = 1000, initial_temperature = 3.0, cooling_rate = 0.999
26 - INFO - chord#: 114 done. best_score=36.0, changed=528, unchanged=439, early_stops=8/8
26 - INFO - chord#: 116 In build_straw_man_chord_sa. tolerance = 1, sa_iterations = 1000, initial_temperature = 3.0, cooling_rate = 0.999
26 - INFO - chord#: 116 done. best_score=31.0, changed=527, unchanged=395, early_stops=8/8
26 - INFO - chord#: 118 In build_straw_man_chord_sa. tolerance = 1, sa_iterations = 1000, initial_temperature = 3.0, cooling_rate = 0.999
26 - INFO - chord#: 100 done. best_score=27.0, changed=518, unchanged=329, early_stops=8/8
26 - INFO - chord#: 102 In build_straw_man_chord_sa. tolerance = 1, sa_iterations = 1000, initial_temperature = 3.0, cooling_rate = 0.999
26 - INFO - chord#: 96 done. best_score=27.0, changed=523, unchanged=346, early_stops=8/8
26 - INFO - chord#: 98 In build_straw_man_chord_sa. tolerance = 1, sa_iterations = 1000, initial_temperature = 3.0, cooling_rate = 0.999
26 - INFO - chord#: 116 done. best_score=31.0, changed=526, unchanged=318, early_stops=8/8
26 - INFO - chord#: 118 In build_straw_man_chord_sa. tolerance = 1, sa_iterations = 1000, initial_temperature = 3.0, cooling_rate = 0.999
26 - INFO - chord#: 100 done. best_score=27.0, changed=530, unchanged=409, early_stops=8/8
26 - INFO - chord#: 102 In build_straw_man_chord_sa. tolerance = 1, sa_iterations = 1000, initial_temperature = 3.0, cooling_rate = 0.999
26 - INFO - chord#: 100 done. best_score=27.0, changed=526, unchanged=368, early_stops=8/8
26 - INFO - chord#: 102 In build_straw_man_chord_sa. tolerance = 1, sa_iterations = 1000, initial_temperature = 3.0, cooling_rate = 0.999
26 - INFO - chord#: 116 done. best_score=31.0, changed=532, unchanged=380, early_stops=8/8
26 - INFO - chord#: 118 In build_straw_man_chord_sa. tolerance = 1, sa_iterations = 1000, initial_temperature = 3.0, cooling_rate = 0.999
26 - INFO - chord#: 118 done. best_score=27.0, changed=522, unchanged=403, early_stops=8/8
26 - INFO - chord#: 120 In build_straw_man_chord_sa. tolerance = 1, sa_iterations = 1000, initial_temperature = 3.0, cooling_rate = 0.999
26 - INFO - chord#: 112 done. best_score=67.0, changed=614, unchanged=325, early_stops=8/8
26 - INFO - chord#: 114 In build_straw_man_chord_sa. tolerance = 1, sa_iterations = 1000, initial_temperature = 3.0, cooling_rate = 0.999
26 - INFO - chord#: 116 done. best_score=31.0, changed=534, unchanged=328, early_stops=8/8
26 - INFO - chord#: 118 In build_straw_man_chord_sa. tolerance = 1, sa_iterations = 1000, initial_temperature = 3.0, cooling_rate = 0.999
26 - INFO - chord#: 118 done. best_score=27.0, changed=520, unchanged=374, early_stops=8/8
26 - INFO - chord#: 120 In build_straw_man_chord_sa. tolerance = 1, sa_iterations = 1000, initial_temperature = 3.0, cooling_rate = 0.999
26 - INFO - chord#: 120 done. best_score=27.0, changed=516, unchanged=332, early_stops=8/8
26 - INFO - chord#: 128 In build_straw_man_chord_sa. tolerance = 1, sa_iterations = 1000, initial_temperature = 3.0, cooling_rate = 0.999
26 - INFO - chord#: 98 done. best_score=82.0, changed=610, unchanged=367, early_stops=8/8
26 - INFO - chord#: 100 In build_straw_man_chord_sa. tolerance = 1, sa_iterations = 1000, initial_temperature = 3.0, cooling_rate = 0.999
26 - INFO - chord#: 114 done. best_score=36.0, changed=526, unchanged=330, early_stops=8/8
26 - INFO - chord#: 116 In build_straw_man_chord_sa. tolerance = 1, sa_iterations = 1000, initial_temperature = 3.0, cooling_rate = 0.999
26 - INFO - chord#: 112 done. best_score=125.0, changed=608, unchanged=229, early_stops=8/8
26 - INFO - chord#: 114 In build_straw_man_chord_sa. tolerance = 1, sa_iterations = 1000, initial_temperature = 3.0, cooling_rate = 0.999
26 - INFO - chord#: 118 done. best_score=27.0, changed=527, unchanged=518, early_stops=8/8
26 - INFO - chord#: 120 In build_straw_man_chord_sa. tolerance = 1, sa_iterations = 1000, initial_temperature = 3.0, cooling_rate = 0.999
26 - INFO - chord#: 118 done. best_score=27.0, changed=527, unchanged=381, early_stops=8/8
26 - INFO - chord#: 120 In build_straw_man_chord_sa. tolerance = 1, sa_iterations = 1000, initial_temperature = 3.0, cooling_rate = 0.999
26 - INFO - chord#: 102 done. best_score=103.0, changed=613, unchanged=350, early_stops=8/8
26 - INFO - chord#: 104 In build_straw_man_chord_sa. tolerance = 1, sa_iterations = 1000, initial_temperature = 3.0, cooling_rate = 0.999
26 - INFO - chord#: 128 done. best_score=27.0, changed=528, unchanged=327, early_stops=8/8
26 - INFO - chord#: 130 In build_straw_man_chord_sa. tolerance = 1, sa_iterations = 1000, initial_temperature = 3.0, cooling_rate = 0.999
26 - INFO - chord#: 102 done. best_score=160.0, changed=611, unchanged=239, early_stops=8/8
26 - INFO - chord#: 98 done. best_score=97.0, changed=613, unchanged=453, early_stops=8/8
26 - INFO - chord#: 104 In build_straw_man_chord_sa. tolerance = 1, sa_iterations = 1000, initial_temperature = 3.0, cooling_rate = 0.999
26 - INFO - chord#: 100 In build_straw_man_chord_sa. tolerance = 1, sa_iterations = 1000, initial_temperature = 3.0, cooling_rate = 0.999
26 - INFO - chord#: 100 done. best_score=27.0, changed=524, unchanged=360, early_stops=8/8
26 - INFO - chord#: 102 In build_straw_man_chord_sa. tolerance = 1, sa_iterations = 1000, initial_temperature = 3.0, cooling_rate = 0.999
26 - INFO - chord#: 120 done. best_score=27.0, changed=521, unchanged=408, early_stops=8/8
26 - INFO - chord#: 128 In build_straw_man_chord_sa. tolerance = 1, sa_iterations = 1000, initial_temperature = 3.0, cooling_rate = 0.999
26 - INFO - chord#: 116 done. best_score=31.0, changed=522, unchanged=336, early_stops=8/8
26 - INFO - chord#: 118 In build_straw_man_chord_sa. tolerance = 1, sa_iterations = 1000, initial_temperature = 3.0, cooling_rate = 0.999
26 - INFO - chord#: 98 done. best_score=82.0, changed=608, unchanged=249, early_stops=8/8
26 - INFO - chord#: 100 In build_straw_man_chord_sa. tolerance = 1, sa_iterations = 1000, initial_temperature = 3.0, cooling_rate = 0.999
26 - INFO - chord#: 102 done. best_score=70.0, changed=619, unchanged=400, early_stops=8/8
26 - INFO - chord#: 104 In build_straw_man_chord_sa. tolerance = 1, sa_iterations = 1000, initial_temperature = 3.0, cooling_rate = 0.999
26 - INFO - chord#: 120 done. best_score=27.0, changed=514, unchanged=309, early_stops=8/8
26 - INFO - chord#: 128 In build_straw_man_chord_sa. tolerance = 1, sa_iterations = 1000, initial_temperature = 3.0, cooling_rate = 0.999
26 - INFO - chord#: 114 done. best_score=49.0, changed=535, unchanged=327, early_stops=8/8
26 - INFO - chord#: 116 In build_straw_man_chord_sa. tolerance = 1, sa_iterations = 1000, initial_temperature = 3.0, cooling_rate = 0.999
26 - INFO - chord#: 120 done. best_score=27.0, changed=519, unchanged=380, early_stops=8/8
26 - INFO - chord#: 128 In build_straw_man_chord_sa. tolerance = 1, sa_iterations = 1000, initial_temperature = 3.0, cooling_rate = 0.999
26 - INFO - chord#: 104 done. best_score=27.0, changed=520, unchanged=330, early_stops=8/8
26 - INFO - chord#: 106 In build_straw_man_chord_sa. tolerance = 1, sa_iterations = 1000, initial_temperature = 3.0, cooling_rate = 0.999
26 - INFO - chord#: 100 done. best_score=27.0, changed=514, unchanged=323, early_stops=8/8
26 - INFO - chord#: 102 In build_straw_man_chord_sa. tolerance = 1, sa_iterations = 1000, initial_temperature = 3.0, cooling_rate = 0.999
26 - INFO - chord#: 118 done. best_score=27.0, changed=537, unchanged=429, early_stops=8/8
26 - INFO - chord#: 120 In build_straw_man_chord_sa. tolerance = 1, sa_iterations = 1000, initial_temperature = 3.0, cooling_rate = 0.999
26 - INFO - chord#: 104 done. best_score=27.0, changed=519, unchanged=476, early_stops=8/8
26 - INFO - chord#: 106 In build_straw_man_chord_sa. tolerance = 1, sa_iterations = 1000, initial_temperature = 3.0, cooling_rate = 0.999
26 - INFO - chord#: 100 done. best_score=27.0, changed=513, unchanged=402, early_stops=8/8
26 - INFO - chord#: 102 In build_straw_man_chord_sa. tolerance = 1, sa_iterations = 1000, initial_temperature = 3.0, cooling_rate = 0.999
26 - INFO - chord#: 128 done. best_score=27.0, changed=522, unchanged=369, early_stops=8/8
26 - INFO - chord#: 130 In build_straw_man_chord_sa. tolerance = 1, sa_iterations = 1000, initial_temperature = 3.0, cooling_rate = 0.999
26 - INFO - chord#: 104 done. best_score=27.0, changed=522, unchanged=340, early_stops=8/8
26 - INFO - chord#: 106 In build_straw_man_chord_sa. tolerance = 1, sa_iterations = 1000, initial_temperature = 3.0, cooling_rate = 0.999
26 - INFO - chord#: 128 done. best_score=27.0, changed=518, unchanged=344, early_stops=8/8
26 - INFO - chord#: 130 In build_straw_man_chord_sa. tolerance = 1, sa_iterations = 1000, initial_temperature = 3.0, cooling_rate = 0.999
26 - INFO - chord#: 116 done. best_score=31.0, changed=530, unchanged=370, early_stops=8/8
26 - INFO - chord#: 118 In build_straw_man_chord_sa. tolerance = 1, sa_iterations = 1000, initial_temperature = 3.0, cooling_rate = 0.999
26 - INFO - chord#: 130 done. best_score=145.0, changed=613, unchanged=294, early_stops=8/8
26 - INFO - chord#: 132 In build_straw_man_chord_sa. tolerance = 1, sa_iterations = 1000, initial_temperature = 3.0, cooling_rate = 0.999
26 - INFO - chord#: 120 done. best_score=27.0, changed=519, unchanged=458, early_stops=8/8
26 - INFO - chord#: 128 In build_straw_man_chord_sa. tolerance = 1, sa_iterations = 1000, initial_temperature = 3.0, cooling_rate = 0.999
26 - INFO - chord#: 128 done. best_score=27.0, changed=526, unchanged=384, early_stops=8/8
26 - INFO - chord#: 130 In build_straw_man_chord_sa. tolerance = 1, sa_iterations = 1000, initial_temperature = 3.0, cooling_rate = 0.999
26 - INFO - chord#: 102 done. best_score=70.0, changed=616, unchanged=491, early_stops=8/8
26 - INFO - chord#: 104 In build_straw_man_chord_sa. tolerance = 1, sa_iterations = 1000, initial_temperature = 3.0, cooling_rate = 0.999
26 - INFO - chord#: 118 done. best_score=27.0, changed=525, unchanged=397, early_stops=8/8
26 - INFO - chord#: 120 In build_straw_man_chord_sa. tolerance = 1, sa_iterations = 1000, initial_temperature = 3.0, cooling_rate = 0.999
26 - INFO - chord#: 106 done. best_score=82.0, changed=609, unchanged=319, early_stops=8/8
26 - INFO - chord#: 108 In build_straw_man_chord_sa. tolerance = 1, sa_iterations = 1000, initial_temperature = 3.0, cooling_rate = 0.999
26 - INFO - chord#: 128 done. best_score=27.0, changed=527, unchanged=355, early_stops=8/8
26 - INFO - chord#: 130 In build_straw_man_chord_sa. tolerance = 1, sa_iterations = 1000, initial_temperature = 3.0, cooling_rate = 0.999
26 - INFO - chord#: 132 done. best_score=27.0, changed=518, unchanged=488, early_stops=8/8
26 - INFO - chord#: 134 In build_straw_man_chord_sa. tolerance = 1, sa_iterations = 1000, initial_temperature = 3.0, cooling_rate = 0.999
26 - INFO - chord#: 106 done. best_score=82.0, changed=614, unchanged=305, early_stops=8/8
26 - INFO - chord#: 108 In build_straw_man_chord_sa. tolerance = 1, sa_iterations = 1000, initial_temperature = 3.0, cooling_rate = 0.999
26 - INFO - chord#: 106 done. best_score=120.0, changed=615, unchanged=433, early_stops=8/8
26 - INFO - chord#: 108 In build_straw_man_chord_sa. tolerance = 1, sa_iterations = 1000, initial_temperature = 3.0, cooling_rate = 0.999
26 - INFO - chord#: 108 done. best_score=27.0, changed=527, unchanged=371, early_stops=8/8
26 - INFO - chord#: 110 In build_straw_man_chord_sa. tolerance = 1, sa_iterations = 1000, initial_temperature = 3.0, cooling_rate = 0.999
26 - INFO - chord#: 104 done. best_score=27.0, changed=530, unchanged=354, early_stops=8/8
26 - INFO - chord#: 106 In build_straw_man_chord_sa. tolerance = 1, sa_iterations = 1000, initial_temperature = 3.0, cooling_rate = 0.999
26 - INFO - chord#: 102 done. best_score=70.0, changed=613, unchanged=327, early_stops=8/8
26 - INFO - chord#: 104 In build_straw_man_chord_sa. tolerance = 1, sa_iterations = 1000, initial_temperature = 3.0, cooling_rate = 0.999
26 - INFO - chord#: 120 done. best_score=36.0, changed=526, unchanged=371, early_stops=8/8
26 - INFO - chord#: 128 In build_straw_man_chord_sa. tolerance = 1, sa_iterations = 1000, initial_temperature = 3.0, cooling_rate = 0.999
26 - INFO - chord#: 130 done. best_score=96.0, changed=609, unchanged=266, early_stops=8/8
26 - INFO - chord#: 132 In build_straw_man_chord_sa. tolerance = 1, sa_iterations = 1000, initial_temperature = 3.0, cooling_rate = 0.999
26 - INFO - chord#: 108 done. best_score=27.0, changed=527, unchanged=320, early_stops=8/8
26 - INFO - chord#: 110 In build_straw_man_chord_sa. tolerance = 1, sa_iterations = 1000, initial_temperature = 3.0, cooling_rate = 0.999
26 - INFO - chord#: 108 done. best_score=27.0, changed=522, unchanged=332, early_stops=8/8
26 - INFO - chord#: 110 In build_straw_man_chord_sa. tolerance = 1, sa_iterations = 1000, initial_temperature = 3.0, cooling_rate = 0.999
26 - INFO - chord#: 110 done. best_score=27.0, changed=527, unchanged=338, early_stops=8/8
26 - INFO - chord#: 112 In build_straw_man_chord_sa. tolerance = 1, sa_iterations = 1000, initial_temperature = 3.0, cooling_rate = 0.999
26 - INFO - chord#: 102 done. best_score=103.0, changed=619, unchanged=576, early_stops=8/8
26 - INFO - chord#: 104 In build_straw_man_chord_sa. tolerance = 1, sa_iterations = 1000, initial_temperature = 3.0, cooling_rate = 0.999
26 - INFO - chord#: 130 done. best_score=67.0, changed=609, unchanged=334, early_stops=8/8
26 - INFO - chord#: 132 In build_straw_man_chord_sa. tolerance = 1, sa_iterations = 1000, initial_temperature = 3.0, cooling_rate = 0.999
26 - INFO - chord#: 104 done. best_score=27.0, changed=515, unchanged=316, early_stops=8/8
26 - INFO - chord#: 106 In build_straw_man_chord_sa. tolerance = 1, sa_iterations = 1000, initial_temperature = 3.0, cooling_rate = 0.999
26 - INFO - chord#: 128 done. best_score=27.0, changed=520, unchanged=349, early_stops=8/8
26 - INFO - chord#: 130 In build_straw_man_chord_sa. tolerance = 1, sa_iterations = 1000, initial_temperature = 3.0, cooling_rate = 0.999
26 - INFO - chord#: 134 done. best_score=74.0, changed=613, unchanged=285, early_stops=8/8
26 - INFO - chord#: 136 In build_straw_man_chord_sa. tolerance = 1, sa_iterations = 1000, initial_temperature = 3.0, cooling_rate = 0.999
26 - INFO - chord#: 130 done. best_score=101.0, changed=614, unchanged=511, early_stops=8/8
26 - INFO - chord#: 132 In build_straw_man_chord_sa. tolerance = 1, sa_iterations = 1000, initial_temperature = 3.0, cooling_rate = 0.999
26 - INFO - chord#: 130 done. best_score=140.0, changed=611, unchanged=335, early_stops=8/8
26 - INFO - chord#: 132 In build_straw_man_chord_sa. tolerance = 1, sa_iterations = 1000, initial_temperature = 3.0, cooling_rate = 0.999
26 - INFO - chord#: 132 done. best_score=36.0, changed=518, unchanged=353, early_stops=8/8
26 - INFO - chord#: 134 In build_straw_man_chord_sa. tolerance = 1, sa_iterations = 1000, initial_temperature = 3.0, cooling_rate = 0.999
26 - INFO - chord#: 110 done. best_score=27.0, changed=523, unchanged=367, early_stops=8/8
26 - INFO - chord#: 112 In build_straw_man_chord_sa. tolerance = 1, sa_iterations = 1000, initial_temperature = 3.0, cooling_rate = 0.999
26 - INFO - chord#: 110 done. best_score=27.0, changed=534, unchanged=342, early_stops=8/8
26 - INFO - chord#: 112 In build_straw_man_chord_sa. tolerance = 1, sa_iterations = 1000, initial_temperature = 3.0, cooling_rate = 0.999
26 - INFO - chord#: 136 done. best_score=27.0, changed=527, unchanged=376, early_stops=8/8
26 - INFO - chord#: 138 In build_straw_man_chord_sa. tolerance = 1, sa_iterations = 1000, initial_temperature = 3.0, cooling_rate = 0.999
26 - INFO - chord#: 106 done. best_score=120.0, changed=609, unchanged=293, early_stops=8/8
26 - INFO - chord#: 132 done. best_score=27.0, changed=518, unchanged=399, early_stops=8/8
26 - INFO - chord#: 108 In build_straw_man_chord_sa. tolerance = 1, sa_iterations = 1000, initial_temperature = 3.0, cooling_rate = 0.999
26 - INFO - chord#: 134 In build_straw_man_chord_sa. tolerance = 1, sa_iterations = 1000, initial_temperature = 3.0, cooling_rate = 0.999
26 - INFO - chord#: 104 done. best_score=36.0, changed=527, unchanged=348, early_stops=8/8
26 - INFO - chord#: 106 In build_straw_man_chord_sa. tolerance = 1, sa_iterations = 1000, initial_temperature = 3.0, cooling_rate = 0.999
26 - INFO - chord#: 132 done. best_score=27.0, changed=530, unchanged=414, early_stops=8/8
26 - INFO - chord#: 134 In build_straw_man_chord_sa. tolerance = 1, sa_iterations = 1000, initial_temperature = 3.0, cooling_rate = 0.999
26 - INFO - chord#: 132 done. best_score=27.0, changed=522, unchanged=497, early_stops=8/8
26 - INFO - chord#: 134 In build_straw_man_chord_sa. tolerance = 1, sa_iterations = 1000, initial_temperature = 3.0, cooling_rate = 0.999
26 - INFO - chord#: 108 done. best_score=27.0, changed=531, unchanged=392, early_stops=8/8
26 - INFO - chord#: 110 In build_straw_man_chord_sa. tolerance = 1, sa_iterations = 1000, initial_temperature = 3.0, cooling_rate = 0.999
26 - INFO - chord#: 112 done. best_score=137.0, changed=614, unchanged=437, early_stops=8/8
26 - INFO - chord#: 114 In build_straw_man_chord_sa. tolerance = 1, sa_iterations = 1000, initial_temperature = 3.0, cooling_rate = 0.999
26 - INFO - chord#: 134 done. best_score=149.0, changed=608, unchanged=212, early_stops=8/8
26 - INFO - chord#: 136 In build_straw_man_chord_sa. tolerance = 1, sa_iterations = 1000, initial_temperature = 3.0, cooling_rate = 0.999
26 - INFO - chord#: 130 done. best_score=140.0, changed=613, unchanged=313, early_stops=8/8
26 - INFO - chord#: 132 In build_straw_man_chord_sa. tolerance = 1, sa_iterations = 1000, initial_temperature = 3.0, cooling_rate = 0.999
26 - INFO - chord#: 112 done. best_score=67.0, changed=619, unchanged=335, early_stops=8/8
26 - INFO - chord#: 114 In build_straw_man_chord_sa. tolerance = 1, sa_iterations = 1000, initial_temperature = 3.0, cooling_rate = 0.999
26 - INFO - chord#: 112 done. best_score=78.0, changed=614, unchanged=420, early_stops=8/8
26 - INFO - chord#: 114 In build_straw_man_chord_sa. tolerance = 1, sa_iterations = 1000, initial_temperature = 3.0, cooling_rate = 0.999
26 - INFO - chord#: 106 done. best_score=146.0, changed=609, unchanged=232, early_stops=8/8
26 - INFO - chord#: 108 In build_straw_man_chord_sa. tolerance = 1, sa_iterations = 1000, initial_temperature = 3.0, cooling_rate = 0.999
26 - INFO - chord#: 106 done. best_score=82.0, changed=617, unchanged=455, early_stops=8/8
26 - INFO - chord#: 108 In build_straw_man_chord_sa. tolerance = 1, sa_iterations = 1000, initial_temperature = 3.0, cooling_rate = 0.999
26 - INFO - chord#: 134 done. best_score=74.0, changed=608, unchanged=219, early_stops=8/8
26 - INFO - chord#: 136 In build_straw_man_chord_sa. tolerance = 1, sa_iterations = 1000, initial_temperature = 3.0, cooling_rate = 0.999
26 - INFO - chord#: 134 done. best_score=74.0, changed=616, unchanged=239, early_stops=8/8
26 - INFO - chord#: 136 In build_straw_man_chord_sa. tolerance = 1, sa_iterations = 1000, initial_temperature = 3.0, cooling_rate = 0.999
26 - INFO - chord#: 114 done. best_score=36.0, changed=520, unchanged=418, early_stops=8/8
26 - INFO - chord#: 116 In build_straw_man_chord_sa. tolerance = 1, sa_iterations = 1000, initial_temperature = 3.0, cooling_rate = 0.999
26 - INFO - chord#: 110 done. best_score=27.0, changed=528, unchanged=425, early_stops=8/8
26 - INFO - chord#: 112 In build_straw_man_chord_sa. tolerance = 1, sa_iterations = 1000, initial_temperature = 3.0, cooling_rate = 0.999
26 - INFO - chord#: 136 done. best_score=27.0, changed=521, unchanged=339, early_stops=8/8
26 - INFO - chord#: 138 In build_straw_man_chord_sa. tolerance = 1, sa_iterations = 1000, initial_temperature = 3.0, cooling_rate = 0.999
26 - INFO - chord#: 114 done. best_score=36.0, changed=522, unchanged=296, early_stops=8/8
26 - INFO - chord#: 116 In build_straw_man_chord_sa. tolerance = 1, sa_iterations = 1000, initial_temperature = 3.0, cooling_rate = 0.999
26 - INFO - chord#: 134 done. best_score=74.0, changed=615, unchanged=437, early_stops=8/8
26 - INFO - chord#: 136 In build_straw_man_chord_sa. tolerance = 1, sa_iterations = 1000, initial_temperature = 3.0, cooling_rate = 0.999
26 - INFO - chord#: 108 done. best_score=27.0, changed=525, unchanged=300, early_stops=8/8
26 - INFO - chord#: 110 In build_straw_man_chord_sa. tolerance = 1, sa_iterations = 1000, initial_temperature = 3.0, cooling_rate = 0.999
26 - INFO - chord#: 136 done. best_score=27.0, changed=520, unchanged=364, early_stops=8/8
26 - INFO - chord#: 138 In build_straw_man_chord_sa. tolerance = 1, sa_iterations = 1000, initial_temperature = 3.0, cooling_rate = 0.999
26 - INFO - chord#: 114 done. best_score=36.0, changed=535, unchanged=428, early_stops=8/8
26 - INFO - chord#: 116 In build_straw_man_chord_sa. tolerance = 1, sa_iterations = 1000, initial_temperature = 3.0, cooling_rate = 0.999
26 - INFO - chord#: 132 done. best_score=27.0, changed=520, unchanged=383, early_stops=8/8
26 - INFO - chord#: 134 In build_straw_man_chord_sa. tolerance = 1, sa_iterations = 1000, initial_temperature = 3.0, cooling_rate = 0.999
26 - INFO - chord#: 108 done. best_score=27.0, changed=529, unchanged=332, early_stops=8/8
26 - INFO - chord#: 110 In build_straw_man_chord_sa. tolerance = 1, sa_iterations = 1000, initial_temperature = 3.0, cooling_rate = 0.999
26 - INFO - chord#: 138 done. best_score=78.0, changed=614, unchanged=430, early_stops=8/8
26 - INFO - chord#: 140 In build_straw_man_chord_sa. tolerance = 1, sa_iterations = 1000, initial_temperature = 3.0, cooling_rate = 0.999
26 - INFO - chord#: 116 done. best_score=58.0, changed=567, unchanged=326, early_stops=8/8
26 - INFO - chord#: 118 In build_straw_man_chord_sa. tolerance = 1, sa_iterations = 1000, initial_temperature = 3.0, cooling_rate = 0.999
26 - INFO - chord#: 116 done. best_score=31.0, changed=532, unchanged=319, early_stops=8/8
26 - INFO - chord#: 118 In build_straw_man_chord_sa. tolerance = 1, sa_iterations = 1000, initial_temperature = 3.0, cooling_rate = 0.999
26 - INFO - chord#: 136 done. best_score=27.0, changed=522, unchanged=422, early_stops=8/8
26 - INFO - chord#: 138 In build_straw_man_chord_sa. tolerance = 1, sa_iterations = 1000, initial_temperature = 3.0, cooling_rate = 0.999
26 - INFO - chord#: 136 done. best_score=27.0, changed=529, unchanged=445, early_stops=8/8
26 - INFO - chord#: 138 In build_straw_man_chord_sa. tolerance = 1, sa_iterations = 1000, initial_temperature = 3.0, cooling_rate = 0.999
26 - INFO - chord#: 110 done. best_score=27.0, changed=529, unchanged=353, early_stops=8/8
26 - INFO - chord#: 112 In build_straw_man_chord_sa. tolerance = 1, sa_iterations = 1000, initial_temperature = 3.0, cooling_rate = 0.999
26 - INFO - chord#: 116 done. best_score=31.0, changed=530, unchanged=319, early_stops=8/8
26 - INFO - chord#: 118 In build_straw_man_chord_sa. tolerance = 1, sa_iterations = 1000, initial_temperature = 3.0, cooling_rate = 0.999
26 - INFO - chord#: 110 done. best_score=27.0, changed=536, unchanged=311, early_stops=8/8
26 - INFO - chord#: 112 In build_straw_man_chord_sa. tolerance = 1, sa_iterations = 1000, initial_temperature = 3.0, cooling_rate = 0.999
26 - INFO - chord#: 118 done. best_score=27.0, changed=528, unchanged=391, early_stops=8/8
26 - INFO - chord#: 120 In build_straw_man_chord_sa. tolerance = 1, sa_iterations = 1000, initial_temperature = 3.0, cooling_rate = 0.999
26 - INFO - chord#: 118 done. best_score=27.0, changed=525, unchanged=414, early_stops=8/8
26 - INFO - chord#: 120 In build_straw_man_chord_sa. tolerance = 1, sa_iterations = 1000, initial_temperature = 3.0, cooling_rate = 0.999
26 - INFO - chord#: 118 done. best_score=27.0, changed=523, unchanged=500, early_stops=8/8
26 - INFO - chord#: 120 In build_straw_man_chord_sa. tolerance = 1, sa_iterations = 1000, initial_temperature = 3.0, cooling_rate = 0.999
26 - INFO - chord#: 120 done. best_score=27.0, changed=522, unchanged=331, early_stops=8/8
26 - INFO - chord#: 128 In build_straw_man_chord_sa. tolerance = 1, sa_iterations = 1000, initial_temperature = 3.0, cooling_rate = 0.999
26 - INFO - chord#: 138 done. best_score=78.0, changed=609, unchanged=273, early_stops=8/8
26 - INFO - chord#: 140 In build_straw_man_chord_sa. tolerance = 1, sa_iterations = 1000, initial_temperature = 3.0, cooling_rate = 0.999
26 - INFO - chord#: 120 done. best_score=27.0, changed=527, unchanged=437, early_stops=8/8
26 - INFO - chord#: 128 In build_straw_man_chord_sa. tolerance = 1, sa_iterations = 1000, initial_temperature = 3.0, cooling_rate = 0.999
26 - INFO - chord#: 134 done. best_score=121.0, changed=613, unchanged=345, early_stops=8/8
26 - INFO - chord#: 136 In build_straw_man_chord_sa. tolerance = 1, sa_iterations = 1000, initial_temperature = 3.0, cooling_rate = 0.999
26 - INFO - chord#: 120 done. best_score=27.0, changed=519, unchanged=361, early_stops=8/8
26 - INFO - chord#: 128 In build_straw_man_chord_sa. tolerance = 1, sa_iterations = 1000, initial_temperature = 3.0, cooling_rate = 0.999
26 - INFO - chord#: 138 done. best_score=140.0, changed=612, unchanged=434, early_stops=8/8
26 - INFO - chord#: 140 In build_straw_man_chord_sa. tolerance = 1, sa_iterations = 1000, initial_temperature = 3.0, cooling_rate = 0.999
26 - INFO - chord#: 128 done. best_score=27.0, changed=525, unchanged=361, early_stops=8/8
26 - INFO - chord#: 130 In build_straw_man_chord_sa. tolerance = 1, sa_iterations = 1000, initial_temperature = 3.0, cooling_rate = 0.999
26 - INFO - chord#: 138 done. best_score=78.0, changed=610, unchanged=400, early_stops=8/8
26 - INFO - chord#: 140 In build_straw_man_chord_sa. tolerance = 1, sa_iterations = 1000, initial_temperature = 3.0, cooling_rate = 0.999
26 - INFO - chord#: 128 done. best_score=27.0, changed=517, unchanged=362, early_stops=8/8
26 - INFO - chord#: 130 In build_straw_man_chord_sa. tolerance = 1, sa_iterations = 1000, initial_temperature = 3.0, cooling_rate = 0.999
26 - INFO - chord#: 140 done. best_score=75.0, changed=615, unchanged=317, early_stops=8/8
26 - INFO - chord#: 142 In build_straw_man_chord_sa. tolerance = 1, sa_iterations = 1000, initial_temperature = 3.0, cooling_rate = 0.999
26 - INFO - chord#: 112 done. best_score=137.0, changed=614, unchanged=364, early_stops=8/8
26 - INFO - chord#: 114 In build_straw_man_chord_sa. tolerance = 1, sa_iterations = 1000, initial_temperature = 3.0, cooling_rate = 0.999
26 - INFO - chord#: 138 done. best_score=93.0, changed=613, unchanged=306, early_stops=8/8
26 - INFO - chord#: 140 In build_straw_man_chord_sa. tolerance = 1, sa_iterations = 1000, initial_temperature = 3.0, cooling_rate = 0.999
26 - INFO - chord#: 112 done. best_score=67.0, changed=625, unchanged=635, early_stops=8/8
26 - INFO - chord#: 114 In build_straw_man_chord_sa. tolerance = 1, sa_iterations = 1000, initial_temperature = 3.0, cooling_rate = 0.999
26 - INFO - chord#: 128 done. best_score=27.0, changed=519, unchanged=297, early_stops=8/8
26 - INFO - chord#: 130 In build_straw_man_chord_sa. tolerance = 1, sa_iterations = 1000, initial_temperature = 3.0, cooling_rate = 0.999
26 - INFO - chord#: 136 done. best_score=27.0, changed=524, unchanged=392, early_stops=8/8
26 - INFO - chord#: 138 In build_straw_man_chord_sa. tolerance = 1, sa_iterations = 1000, initial_temperature = 3.0, cooling_rate = 0.999
26 - INFO - chord#: 140 done. best_score=105.0, changed=609, unchanged=205, early_stops=8/8
26 - INFO - chord#: 142 In build_straw_man_chord_sa. tolerance = 1, sa_iterations = 1000, initial_temperature = 3.0, cooling_rate = 0.999
26 - INFO - chord#: 114 done. best_score=36.0, changed=522, unchanged=341, early_stops=8/8
26 - INFO - chord#: 116 In build_straw_man_chord_sa. tolerance = 1, sa_iterations = 1000, initial_temperature = 3.0, cooling_rate = 0.999
26 - INFO - chord#: 142 done. best_score=36.0, changed=530, unchanged=404, early_stops=8/8
26 - INFO - chord#: 144 In build_straw_man_chord_sa. tolerance = 1, sa_iterations = 1000, initial_temperature = 3.0, cooling_rate = 0.999
26 - INFO - chord#: 114 done. best_score=36.0, changed=532, unchanged=424, early_stops=8/8
26 - INFO - chord#: 116 In build_straw_man_chord_sa. tolerance = 1, sa_iterations = 1000, initial_temperature = 3.0, cooling_rate = 0.999
26 - INFO - chord#: 112 done. best_score=137.0, changed=615, unchanged=496, early_stops=8/8
26 - INFO - chord#: 114 In build_straw_man_chord_sa. tolerance = 1, sa_iterations = 1000, initial_temperature = 3.0, cooling_rate = 0.999
26 - INFO - chord#: 142 done. best_score=36.0, changed=536, unchanged=407, early_stops=8/8
26 - INFO - chord#: 144 In build_straw_man_chord_sa. tolerance = 1, sa_iterations = 1000, initial_temperature = 3.0, cooling_rate = 0.999
26 - INFO - chord#: 116 done. best_score=31.0, changed=523, unchanged=337, early_stops=8/8
26 - INFO - chord#: 118 In build_straw_man_chord_sa. tolerance = 1, sa_iterations = 1000, initial_temperature = 3.0, cooling_rate = 0.999
26 - INFO - chord#: 140 done. best_score=75.0, changed=615, unchanged=247, early_stops=8/8
26 - INFO - chord#: 142 In build_straw_man_chord_sa. tolerance = 1, sa_iterations = 1000, initial_temperature = 3.0, cooling_rate = 0.999
26 - INFO - chord#: 140 done. best_score=105.0, changed=613, unchanged=378, early_stops=8/8
26 - INFO - chord#: 142 In build_straw_man_chord_sa. tolerance = 1, sa_iterations = 1000, initial_temperature = 3.0, cooling_rate = 0.999
26 - INFO - chord#: 130 done. best_score=165.0, changed=614, unchanged=341, early_stops=8/8
26 - INFO - chord#: 132 In build_straw_man_chord_sa. tolerance = 1, sa_iterations = 1000, initial_temperature = 3.0, cooling_rate = 0.999
26 - INFO - chord#: 130 done. best_score=96.0, changed=613, unchanged=413, early_stops=8/8
26 - INFO - chord#: 132 In build_straw_man_chord_sa. tolerance = 1, sa_iterations = 1000, initial_temperature = 3.0, cooling_rate = 0.999
26 - INFO - chord#: 140 done. best_score=70.0, changed=614, unchanged=336, early_stops=8/8
26 - INFO - chord#: 142 In build_straw_man_chord_sa. tolerance = 1, sa_iterations = 1000, initial_temperature = 3.0, cooling_rate = 0.999
26 - INFO - chord#: 130 done. best_score=67.0, changed=614, unchanged=295, early_stops=8/8
26 - INFO - chord#: 132 In build_straw_man_chord_sa. tolerance = 1, sa_iterations = 1000, initial_temperature = 3.0, cooling_rate = 0.999
26 - INFO - chord#: 116 done. best_score=31.0, changed=522, unchanged=342, early_stops=8/8
26 - INFO - chord#: 118 In build_straw_man_chord_sa. tolerance = 1, sa_iterations = 1000, initial_temperature = 3.0, cooling_rate = 0.999
26 - INFO - chord#: 114 done. best_score=36.0, changed=524, unchanged=414, early_stops=8/8
26 - INFO - chord#: 116 In build_straw_man_chord_sa. tolerance = 1, sa_iterations = 1000, initial_temperature = 3.0, cooling_rate = 0.999
26 - INFO - chord#: 118 done. best_score=27.0, changed=523, unchanged=377, early_stops=8/8
26 - INFO - chord#: 120 In build_straw_man_chord_sa. tolerance = 1, sa_iterations = 1000, initial_temperature = 3.0, cooling_rate = 0.999
26 - INFO - chord#: 142 done. best_score=36.0, changed=521, unchanged=339, early_stops=8/8
26 - INFO - chord#: 144 In build_straw_man_chord_sa. tolerance = 1, sa_iterations = 1000, initial_temperature = 3.0, cooling_rate = 0.999
26 - INFO - chord#: 142 done. best_score=27.0, changed=520, unchanged=341, early_stops=8/8
26 - INFO - chord#: 144 In build_straw_man_chord_sa. tolerance = 1, sa_iterations = 1000, initial_temperature = 3.0, cooling_rate = 0.999
26 - INFO - chord#: 132 done. best_score=27.0, changed=519, unchanged=500, early_stops=8/8
26 - INFO - chord#: 134 In build_straw_man_chord_sa. tolerance = 1, sa_iterations = 1000, initial_temperature = 3.0, cooling_rate = 0.999
26 - INFO - chord#: 132 done. best_score=27.0, changed=523, unchanged=565, early_stops=8/8
26 - INFO - chord#: 134 In build_straw_man_chord_sa. tolerance = 1, sa_iterations = 1000, initial_temperature = 3.0, cooling_rate = 0.999
26 - INFO - chord#: 138 done. best_score=67.0, changed=610, unchanged=382, early_stops=8/8
26 - INFO - chord#: 140 In build_straw_man_chord_sa. tolerance = 1, sa_iterations = 1000, initial_temperature = 3.0, cooling_rate = 0.999
26 - INFO - chord#: 142 done. best_score=27.0, changed=524, unchanged=432, early_stops=8/8
26 - INFO - chord#: 144 In build_straw_man_chord_sa. tolerance = 1, sa_iterations = 1000, initial_temperature = 3.0, cooling_rate = 0.999
26 - INFO - chord#: 132 done. best_score=27.0, changed=524, unchanged=410, early_stops=8/8
26 - INFO - chord#: 134 In build_straw_man_chord_sa. tolerance = 1, sa_iterations = 1000, initial_temperature = 3.0, cooling_rate = 0.999
26 - INFO - chord#: 120 done. best_score=27.0, changed=522, unchanged=354, early_stops=8/8
26 - INFO - chord#: 128 In build_straw_man_chord_sa. tolerance = 1, sa_iterations = 1000, initial_temperature = 3.0, cooling_rate = 0.999
26 - INFO - chord#: 118 done. best_score=27.0, changed=527, unchanged=374, early_stops=8/8
26 - INFO - chord#: 120 In build_straw_man_chord_sa. tolerance = 1, sa_iterations = 1000, initial_temperature = 3.0, cooling_rate = 0.999
26 - INFO - chord#: 144 done. best_score=71.0, changed=617, unchanged=363, early_stops=8/8
26 - INFO - chord#: 146 In build_straw_man_chord_sa. tolerance = 1, sa_iterations = 1000, initial_temperature = 3.0, cooling_rate = 0.999
26 - INFO - chord#: 116 done. best_score=31.0, changed=525, unchanged=437, early_stops=8/8
26 - INFO - chord#: 118 In build_straw_man_chord_sa. tolerance = 1, sa_iterations = 1000, initial_temperature = 3.0, cooling_rate = 0.999
26 - INFO - chord#: 144 done. best_score=71.0, changed=619, unchanged=508, early_stops=8/8
26 - INFO - chord#: 146 In build_straw_man_chord_sa. tolerance = 1, sa_iterations = 1000, initial_temperature = 3.0, cooling_rate = 0.999
26 - INFO - chord#: 128 done. best_score=27.0, changed=525, unchanged=306, early_stops=8/8
26 - INFO - chord#: 130 In build_straw_man_chord_sa. tolerance = 1, sa_iterations = 1000, initial_temperature = 3.0, cooling_rate = 0.999
26 - INFO - chord#: 146 done. best_score=35.0, changed=519, unchanged=363, early_stops=8/8
26 - INFO - chord#: 148 In build_straw_man_chord_sa. tolerance = 1, sa_iterations = 1000, initial_temperature = 3.0, cooling_rate = 0.999
26 - INFO - chord#: 120 done. best_score=27.0, changed=512, unchanged=370, early_stops=8/8
26 - INFO - chord#: 128 In build_straw_man_chord_sa. tolerance = 1, sa_iterations = 1000, initial_temperature = 3.0, cooling_rate = 0.999
26 - INFO - chord#: 144 done. best_score=71.0, changed=610, unchanged=325, early_stops=8/8
26 - INFO - chord#: 146 In build_straw_man_chord_sa. tolerance = 1, sa_iterations = 1000, initial_temperature = 3.0, cooling_rate = 0.999
26 - INFO - chord#: 146 done. best_score=35.0, changed=528, unchanged=293, early_stops=8/8
26 - INFO - chord#: 148 In build_straw_man_chord_sa. tolerance = 1, sa_iterations = 1000, initial_temperature = 3.0, cooling_rate = 0.999
26 - INFO - chord#: 118 done. best_score=27.0, changed=531, unchanged=431, early_stops=8/8
26 - INFO - chord#: 120 In build_straw_man_chord_sa. tolerance = 1, sa_iterations = 1000, initial_temperature = 3.0, cooling_rate = 0.999
26 - INFO - chord#: 134 done. best_score=121.0, changed=611, unchanged=283, early_stops=8/8
26 - INFO - chord#: 136 In build_straw_man_chord_sa. tolerance = 1, sa_iterations = 1000, initial_temperature = 3.0, cooling_rate = 0.999
26 - INFO - chord#: 134 done. best_score=74.0, changed=619, unchanged=317, early_stops=8/8
26 - INFO - chord#: 136 In build_straw_man_chord_sa. tolerance = 1, sa_iterations = 1000, initial_temperature = 3.0, cooling_rate = 0.999
26 - INFO - chord#: 134 done. best_score=74.0, changed=611, unchanged=292, early_stops=8/8
26 - INFO - chord#: 136 In build_straw_man_chord_sa. tolerance = 1, sa_iterations = 1000, initial_temperature = 3.0, cooling_rate = 0.999
26 - INFO - chord#: 148 done. best_score=27.0, changed=521, unchanged=437, early_stops=8/8
26 - INFO - chord#: 150 In build_straw_man_chord_sa. tolerance = 1, sa_iterations = 1000, initial_temperature = 3.0, cooling_rate = 0.999
26 - INFO - chord#: 140 done. best_score=70.0, changed=618, unchanged=254, early_stops=8/8
26 - INFO - chord#: 142 In build_straw_man_chord_sa. tolerance = 1, sa_iterations = 1000, initial_temperature = 3.0, cooling_rate = 0.999
26 - INFO - chord#: 144 done. best_score=172.0, changed=610, unchanged=314, early_stops=8/8
26 - INFO - chord#: 146 In build_straw_man_chord_sa. tolerance = 1, sa_iterations = 1000, initial_temperature = 3.0, cooling_rate = 0.999
26 - INFO - chord#: 146 done. best_score=35.0, changed=534, unchanged=389, early_stops=8/8
26 - INFO - chord#: 148 In build_straw_man_chord_sa. tolerance = 1, sa_iterations = 1000, initial_temperature = 3.0, cooling_rate = 0.999
26 - INFO - chord#: 144 done. best_score=157.0, changed=606, unchanged=260, early_stops=8/8
26 - INFO - chord#: 146 In build_straw_man_chord_sa. tolerance = 1, sa_iterations = 1000, initial_temperature = 3.0, cooling_rate = 0.999
26 - INFO - chord#: 128 done. best_score=27.0, changed=521, unchanged=342, early_stops=8/8
26 - INFO - chord#: 130 In build_straw_man_chord_sa. tolerance = 1, sa_iterations = 1000, initial_temperature = 3.0, cooling_rate = 0.999
26 - INFO - chord#: 136 done. best_score=27.0, changed=528, unchanged=328, early_stops=8/8
26 - INFO - chord#: 138 In build_straw_man_chord_sa. tolerance = 1, sa_iterations = 1000, initial_temperature = 3.0, cooling_rate = 0.999
26 - INFO - chord#: 148 done. best_score=27.0, changed=526, unchanged=451, early_stops=8/8
26 - INFO - chord#: 150 In build_straw_man_chord_sa. tolerance = 1, sa_iterations = 1000, initial_temperature = 3.0, cooling_rate = 0.999
26 - INFO - chord#: 136 done. best_score=27.0, changed=517, unchanged=309, early_stops=8/8
26 - INFO - chord#: 138 In build_straw_man_chord_sa. tolerance = 1, sa_iterations = 1000, initial_temperature = 3.0, cooling_rate = 0.999
26 - INFO - chord#: 136 done. best_score=27.0, changed=518, unchanged=381, early_stops=8/8
26 - INFO - chord#: 138 In build_straw_man_chord_sa. tolerance = 1, sa_iterations = 1000, initial_temperature = 3.0, cooling_rate = 0.999
26 - INFO - chord#: 120 done. best_score=27.0, changed=533, unchanged=429, early_stops=8/8
26 - INFO - chord#: 128 In build_straw_man_chord_sa. tolerance = 1, sa_iterations = 1000, initial_temperature = 3.0, cooling_rate = 0.999
26 - INFO - chord#: 150 done. best_score=27.0, changed=521, unchanged=379, early_stops=8/8
26 - INFO - chord#: 151 In build_straw_man_chord_sa. tolerance = 1, sa_iterations = 1000, initial_temperature = 3.0, cooling_rate = 0.999
26 - INFO - chord#: 130 done. best_score=67.0, changed=606, unchanged=269, early_stops=8/8
26 - INFO - chord#: 132 In build_straw_man_chord_sa. tolerance = 1, sa_iterations = 1000, initial_temperature = 3.0, cooling_rate = 0.999
26 - INFO - chord#: 142 done. best_score=27.0, changed=523, unchanged=442, early_stops=8/8
26 - INFO - chord#: 144 In build_straw_man_chord_sa. tolerance = 1, sa_iterations = 1000, initial_temperature = 3.0, cooling_rate = 0.999
26 - INFO - chord#: 148 done. best_score=27.0, changed=519, unchanged=354, early_stops=8/8
26 - INFO - chord#: 150 In build_straw_man_chord_sa. tolerance = 1, sa_iterations = 1000, initial_temperature = 3.0, cooling_rate = 0.999
26 - INFO - chord#: 146 done. best_score=48.0, changed=531, unchanged=457, early_stops=8/8
26 - INFO - chord#: 148 In build_straw_man_chord_sa. tolerance = 1, sa_iterations = 1000, initial_temperature = 3.0, cooling_rate = 0.999
26 - INFO - chord#: 146 done. best_score=37.0, changed=528, unchanged=379, early_stops=8/8
26 - INFO - chord#: 148 In build_straw_man_chord_sa. tolerance = 1, sa_iterations = 1000, initial_temperature = 3.0, cooling_rate = 0.999
26 - INFO - chord#: 150 done. best_score=27.0, changed=523, unchanged=345, early_stops=8/8
26 - INFO - chord#: 151 In build_straw_man_chord_sa. tolerance = 1, sa_iterations = 1000, initial_temperature = 3.0, cooling_rate = 0.999
26 - INFO - chord#: 128 done. best_score=27.0, changed=530, unchanged=451, early_stops=8/8
26 - INFO - chord#: 130 In build_straw_man_chord_sa. tolerance = 1, sa_iterations = 1000, initial_temperature = 3.0, cooling_rate = 0.999
26 - INFO - chord#: 132 done. best_score=27.0, changed=531, unchanged=445, early_stops=8/8
26 - INFO - chord#: 134 In build_straw_man_chord_sa. tolerance = 1, sa_iterations = 1000, initial_temperature = 3.0, cooling_rate = 0.999
26 - INFO - chord#: 150 done. best_score=27.0, changed=527, unchanged=398, early_stops=8/8
26 - INFO - chord#: 151 In build_straw_man_chord_sa. tolerance = 1, sa_iterations = 1000, initial_temperature = 3.0, cooling_rate = 0.999
26 - INFO - chord#: 148 done. best_score=27.0, changed=519, unchanged=422, early_stops=8/8
26 - INFO - chord#: 150 In build_straw_man_chord_sa. tolerance = 1, sa_iterations = 1000, initial_temperature = 3.0, cooling_rate = 0.999
26 - INFO - chord#: 138 done. best_score=78.0, changed=612, unchanged=267, early_stops=8/8
26 - INFO - chord#: 140 In build_straw_man_chord_sa. tolerance = 1, sa_iterations = 1000, initial_temperature = 3.0, cooling_rate = 0.999
26 - INFO - chord#: 151 done. best_score=96.0, changed=608, unchanged=225, early_stops=8/8
26 - INFO - chord#: 152 In build_straw_man_chord_sa. tolerance = 1, sa_iterations = 1000, initial_temperature = 3.0, cooling_rate = 0.999
26 - INFO - chord#: 138 done. best_score=125.0, changed=610, unchanged=300, early_stops=8/8
26 - INFO - chord#: 140 In build_straw_man_chord_sa. tolerance = 1, sa_iterations = 1000, initial_temperature = 3.0, cooling_rate = 0.999
26 - INFO - chord#: 148 done. best_score=27.0, changed=522, unchanged=451, early_stops=8/8
26 - INFO - chord#: 150 In build_straw_man_chord_sa. tolerance = 1, sa_iterations = 1000, initial_temperature = 3.0, cooling_rate = 0.999
26 - INFO - chord#: 138 done. best_score=78.0, changed=615, unchanged=313, early_stops=8/8
26 - INFO - chord#: 140 In build_straw_man_chord_sa. tolerance = 1, sa_iterations = 1000, initial_temperature = 3.0, cooling_rate = 0.999
26 - INFO - chord#: 130 done. best_score=145.0, changed=607, unchanged=356, early_stops=8/8
26 - INFO - chord#: 132 In build_straw_man_chord_sa. tolerance = 1, sa_iterations = 1000, initial_temperature = 3.0, cooling_rate = 0.999
26 - INFO - chord#: 144 done. best_score=64.0, changed=609, unchanged=276, early_stops=8/8
26 - INFO - chord#: 146 In build_straw_man_chord_sa. tolerance = 1, sa_iterations = 1000, initial_temperature = 3.0, cooling_rate = 0.999
26 - INFO - chord#: 152 done. best_score=27.0, changed=524, unchanged=354, early_stops=8/8
26 - INFO - chord#: 160 In build_straw_man_chord_sa. tolerance = 1, sa_iterations = 1000, initial_temperature = 3.0, cooling_rate = 0.999
26 - INFO - chord#: 150 done. best_score=27.0, changed=531, unchanged=449, early_stops=8/8
26 - INFO - chord#: 151 In build_straw_man_chord_sa. tolerance = 1, sa_iterations = 1000, initial_temperature = 3.0, cooling_rate = 0.999
26 - INFO - chord#: 134 done. best_score=74.0, changed=614, unchanged=271, early_stops=8/8
26 - INFO - chord#: 136 In build_straw_man_chord_sa. tolerance = 1, sa_iterations = 1000, initial_temperature = 3.0, cooling_rate = 0.999
26 - INFO - chord#: 150 done. best_score=27.0, changed=534, unchanged=462, early_stops=8/8
26 - INFO - chord#: 151 In build_straw_man_chord_sa. tolerance = 1, sa_iterations = 1000, initial_temperature = 3.0, cooling_rate = 0.999
26 - INFO - chord#: 151 done. best_score=67.0, changed=612, unchanged=308, early_stops=8/8
26 - INFO - chord#: 152 In build_straw_man_chord_sa. tolerance = 1, sa_iterations = 1000, initial_temperature = 3.0, cooling_rate = 0.999
26 - INFO - chord#: 132 done. best_score=27.0, changed=524, unchanged=439, early_stops=8/8
26 - INFO - chord#: 134 In build_straw_man_chord_sa. tolerance = 1, sa_iterations = 1000, initial_temperature = 3.0, cooling_rate = 0.999
26 - INFO - chord#: 140 done. best_score=70.0, changed=611, unchanged=299, early_stops=8/8
26 - INFO - chord#: 142 In build_straw_man_chord_sa. tolerance = 1, sa_iterations = 1000, initial_temperature = 3.0, cooling_rate = 0.999
26 - INFO - chord#: 151 done. best_score=137.0, changed=614, unchanged=359, early_stops=8/8
26 - INFO - chord#: 152 In build_straw_man_chord_sa. tolerance = 1, sa_iterations = 1000, initial_temperature = 3.0, cooling_rate = 0.999
26 - INFO - chord#: 140 done. best_score=70.0, changed=607, unchanged=219, early_stops=8/8
26 - INFO - chord#: 142 In build_straw_man_chord_sa. tolerance = 1, sa_iterations = 1000, initial_temperature = 3.0, cooling_rate = 0.999
26 - INFO - chord#: 136 done. best_score=27.0, changed=523, unchanged=417, early_stops=8/8
26 - INFO - chord#: 138 In build_straw_man_chord_sa. tolerance = 1, sa_iterations = 1000, initial_temperature = 3.0, cooling_rate = 0.999
26 - INFO - chord#: 130 done. best_score=137.0, changed=617, unchanged=319, early_stops=8/8
26 - INFO - chord#: 132 In build_straw_man_chord_sa. tolerance = 1, sa_iterations = 1000, initial_temperature = 3.0, cooling_rate = 0.999
26 - INFO - chord#: 146 done. best_score=37.0, changed=532, unchanged=402, early_stops=8/8
26 - INFO - chord#: 148 In build_straw_man_chord_sa. tolerance = 1, sa_iterations = 1000, initial_temperature = 3.0, cooling_rate = 0.999
26 - INFO - chord#: 140 done. best_score=75.0, changed=608, unchanged=245, early_stops=8/8
26 - INFO - chord#: 142 In build_straw_man_chord_sa. tolerance = 1, sa_iterations = 1000, initial_temperature = 3.0, cooling_rate = 0.999
26 - INFO - chord#: 152 done. best_score=27.0, changed=527, unchanged=320, early_stops=8/8
26 - INFO - chord#: 160 In build_straw_man_chord_sa. tolerance = 1, sa_iterations = 1000, initial_temperature = 3.0, cooling_rate = 0.999
26 - INFO - chord#: 142 done. best_score=27.0, changed=527, unchanged=386, early_stops=8/8
26 - INFO - chord#: 144 In build_straw_man_chord_sa. tolerance = 1, sa_iterations = 1000, initial_temperature = 3.0, cooling_rate = 0.999
26 - INFO - chord#: 142 done. best_score=36.0, changed=524, unchanged=334, early_stops=8/8
26 - INFO - chord#: 144 In build_straw_man_chord_sa. tolerance = 1, sa_iterations = 1000, initial_temperature = 3.0, cooling_rate = 0.999
26 - INFO - chord#: 152 done. best_score=27.0, changed=513, unchanged=307, early_stops=8/8
26 - INFO - chord#: 160 In build_straw_man_chord_sa. tolerance = 1, sa_iterations = 1000, initial_temperature = 3.0, cooling_rate = 0.999
26 - INFO - chord#: 142 done. best_score=27.0, changed=528, unchanged=530, early_stops=8/8
26 - INFO - chord#: 144 In build_straw_man_chord_sa. tolerance = 1, sa_iterations = 1000, initial_temperature = 3.0, cooling_rate = 0.999
26 - INFO - chord#: 132 done. best_score=27.0, changed=513, unchanged=341, early_stops=8/8
26 - INFO - chord#: 134 In build_straw_man_chord_sa. tolerance = 1, sa_iterations = 1000, initial_temperature = 3.0, cooling_rate = 0.999
26 - INFO - chord#: 148 done. best_score=27.0, changed=526, unchanged=512, early_stops=8/8
26 - INFO - chord#: 150 In build_straw_man_chord_sa. tolerance = 1, sa_iterations = 1000, initial_temperature = 3.0, cooling_rate = 0.999
26 - INFO - chord#: 160 done. best_score=96.0, changed=612, unchanged=416, early_stops=8/8
26 - INFO - chord#: 164 In build_straw_man_chord_sa. tolerance = 1, sa_iterations = 1000, initial_temperature = 3.0, cooling_rate = 0.999
26 - INFO - chord#: 151 done. best_score=137.0, changed=615, unchanged=277, early_stops=8/8
26 - INFO - chord#: 152 In build_straw_man_chord_sa. tolerance = 1, sa_iterations = 1000, initial_temperature = 3.0, cooling_rate = 0.999
26 - INFO - chord#: 138 done. best_score=93.0, changed=610, unchanged=245, early_stops=8/8
26 - INFO - chord#: 140 In build_straw_man_chord_sa. tolerance = 1, sa_iterations = 1000, initial_temperature = 3.0, cooling_rate = 0.999
26 - INFO - chord#: 134 done. best_score=164.0, changed=606, unchanged=243, early_stops=8/8
26 - INFO - chord#: 136 In build_straw_man_chord_sa. tolerance = 1, sa_iterations = 1000, initial_temperature = 3.0, cooling_rate = 0.999
26 - INFO - chord#: 164 done. best_score=27.0, changed=520, unchanged=459, early_stops=8/8
26 - INFO - chord#: 166 In build_straw_man_chord_sa. tolerance = 1, sa_iterations = 1000, initial_temperature = 3.0, cooling_rate = 0.999
26 - INFO - chord#: 151 done. best_score=67.0, changed=612, unchanged=446, early_stops=8/8
26 - INFO - chord#: 152 In build_straw_man_chord_sa. tolerance = 1, sa_iterations = 1000, initial_temperature = 3.0, cooling_rate = 0.999
26 - INFO - chord#: 144 done. best_score=157.0, changed=609, unchanged=257, early_stops=8/8
26 - INFO - chord#: 146 In build_straw_man_chord_sa. tolerance = 1, sa_iterations = 1000, initial_temperature = 3.0, cooling_rate = 0.999
26 - INFO - chord#: 150 done. best_score=27.0, changed=525, unchanged=459, early_stops=8/8
26 - INFO - chord#: 151 In build_straw_man_chord_sa. tolerance = 1, sa_iterations = 1000, initial_temperature = 3.0, cooling_rate = 0.999
26 - INFO - chord#: 144 done. best_score=172.0, changed=607, unchanged=224, early_stops=8/8
26 - INFO - chord#: 146 In build_straw_man_chord_sa. tolerance = 1, sa_iterations = 1000, initial_temperature = 3.0, cooling_rate = 0.999
26 - INFO - chord#: 152 done. best_score=27.0, changed=533, unchanged=519, early_stops=8/8
26 - INFO - chord#: 160 In build_straw_man_chord_sa. tolerance = 1, sa_iterations = 1000, initial_temperature = 3.0, cooling_rate = 0.999
26 - INFO - chord#: 136 done. best_score=27.0, changed=521, unchanged=391, early_stops=8/8
26 - INFO - chord#: 138 In build_straw_man_chord_sa. tolerance = 1, sa_iterations = 1000, initial_temperature = 3.0, cooling_rate = 0.999
26 - INFO - chord#: 144 done. best_score=146.0, changed=616, unchanged=438, early_stops=8/8
26 - INFO - chord#: 146 In build_straw_man_chord_sa. tolerance = 1, sa_iterations = 1000, initial_temperature = 3.0, cooling_rate = 0.999
26 - INFO - chord#: 160 done. best_score=145.0, changed=619, unchanged=508, early_stops=8/8
26 - INFO - chord#: 164 In build_straw_man_chord_sa. tolerance = 1, sa_iterations = 1000, initial_temperature = 3.0, cooling_rate = 0.999
26 - INFO - chord#: 134 done. best_score=121.0, changed=610, unchanged=227, early_stops=8/8
26 - INFO - chord#: 136 In build_straw_man_chord_sa. tolerance = 1, sa_iterations = 1000, initial_temperature = 3.0, cooling_rate = 0.999
26 - INFO - chord#: 146 done. best_score=37.0, changed=535, unchanged=378, early_stops=8/8
26 - INFO - chord#: 148 In build_straw_man_chord_sa. tolerance = 1, sa_iterations = 1000, initial_temperature = 3.0, cooling_rate = 0.999
26 - INFO - chord#: 140 done. best_score=75.0, changed=627, unchanged=244, early_stops=8/8
26 - INFO - chord#: 142 In build_straw_man_chord_sa. tolerance = 1, sa_iterations = 1000, initial_temperature = 3.0, cooling_rate = 0.999
26 - INFO - chord#: 146 done. best_score=61.0, changed=539, unchanged=445, early_stops=8/8
26 - INFO - chord#: 148 In build_straw_man_chord_sa. tolerance = 1, sa_iterations = 1000, initial_temperature = 3.0, cooling_rate = 0.999
26 - INFO - chord#: 152 done. best_score=27.0, changed=526, unchanged=339, early_stops=8/8
26 - INFO - chord#: 160 In build_straw_man_chord_sa. tolerance = 1, sa_iterations = 1000, initial_temperature = 3.0, cooling_rate = 0.999
26 - INFO - chord#: 146 done. best_score=35.0, changed=520, unchanged=356, early_stops=8/8
26 - INFO - chord#: 148 In build_straw_man_chord_sa. tolerance = 1, sa_iterations = 1000, initial_temperature = 3.0, cooling_rate = 0.999
26 - INFO - chord#: 164 done. best_score=27.0, changed=522, unchanged=431, early_stops=8/8
26 - INFO - chord#: 166 In build_straw_man_chord_sa. tolerance = 1, sa_iterations = 1000, initial_temperature = 3.0, cooling_rate = 0.999
26 - INFO - chord#: 148 done. best_score=27.0, changed=518, unchanged=342, early_stops=8/8
26 - INFO - chord#: 150 In build_straw_man_chord_sa. tolerance = 1, sa_iterations = 1000, initial_temperature = 3.0, cooling_rate = 0.999
26 - INFO - chord#: 142 done. best_score=36.0, changed=522, unchanged=353, early_stops=8/8
26 - INFO - chord#: 144 In build_straw_man_chord_sa. tolerance = 1, sa_iterations = 1000, initial_temperature = 3.0, cooling_rate = 0.999
26 - INFO - chord#: 166 done. best_score=96.0, changed=608, unchanged=369, early_stops=8/8
26 - INFO - chord#: 168 In build_straw_man_chord_sa. tolerance = 1, sa_iterations = 1000, initial_temperature = 3.0, cooling_rate = 0.999
26 - INFO - chord#: 136 done. best_score=27.0, changed=522, unchanged=330, early_stops=8/8
26 - INFO - chord#: 138 In build_straw_man_chord_sa. tolerance = 1, sa_iterations = 1000, initial_temperature = 3.0, cooling_rate = 0.999
26 - INFO - chord#: 148 done. best_score=27.0, changed=524, unchanged=383, early_stops=8/8
26 - INFO - chord#: 150 In build_straw_man_chord_sa. tolerance = 1, sa_iterations = 1000, initial_temperature = 3.0, cooling_rate = 0.999
26 - INFO - chord#: 160 done. best_score=78.0, changed=615, unchanged=530, early_stops=8/8
26 - INFO - chord#: 164 In build_straw_man_chord_sa. tolerance = 1, sa_iterations = 1000, initial_temperature = 3.0, cooling_rate = 0.999
26 - INFO - chord#: 148 done. best_score=27.0, changed=521, unchanged=411, early_stops=8/8
26 - INFO - chord#: 150 In build_straw_man_chord_sa. tolerance = 1, sa_iterations = 1000, initial_temperature = 3.0, cooling_rate = 0.999
26 - INFO - chord#: 150 done. best_score=27.0, changed=516, unchanged=315, early_stops=8/8
26 - INFO - chord#: 151 In build_straw_man_chord_sa. tolerance = 1, sa_iterations = 1000, initial_temperature = 3.0, cooling_rate = 0.999
26 - INFO - chord#: 151 done. best_score=145.0, changed=609, unchanged=330, early_stops=8/8
26 - INFO - chord#: 152 In build_straw_man_chord_sa. tolerance = 1, sa_iterations = 1000, initial_temperature = 3.0, cooling_rate = 0.999
26 - INFO - chord#: 168 done. best_score=57.0, changed=528, unchanged=395, early_stops=8/8
26 - INFO - chord#: 172 In build_straw_man_chord_sa. tolerance = 1, sa_iterations = 1000, initial_temperature = 3.0, cooling_rate = 0.999
26 - INFO - chord#: 150 done. best_score=27.0, changed=527, unchanged=423, early_stops=8/8
26 - INFO - chord#: 151 In build_straw_man_chord_sa. tolerance = 1, sa_iterations = 1000, initial_temperature = 3.0, cooling_rate = 0.999
26 - INFO - chord#: 150 done. best_score=27.0, changed=520, unchanged=404, early_stops=8/8
26 - INFO - chord#: 151 In build_straw_man_chord_sa. tolerance = 1, sa_iterations = 1000, initial_temperature = 3.0, cooling_rate = 0.999
26 - INFO - chord#: 164 done. best_score=27.0, changed=522, unchanged=351, early_stops=8/8
26 - INFO - chord#: 166 In build_straw_man_chord_sa. tolerance = 1, sa_iterations = 1000, initial_temperature = 3.0, cooling_rate = 0.999
26 - INFO - chord#: 160 done. best_score=67.0, changed=617, unchanged=370, early_stops=8/8
26 - INFO - chord#: 164 In build_straw_man_chord_sa. tolerance = 1, sa_iterations = 1000, initial_temperature = 3.0, cooling_rate = 0.999
26 - INFO - chord#: 138 done. best_score=67.0, changed=614, unchanged=377, early_stops=8/8
26 - INFO - chord#: 140 In build_straw_man_chord_sa. tolerance = 1, sa_iterations = 1000, initial_temperature = 3.0, cooling_rate = 0.999
26 - INFO - chord#: 144 done. best_score=71.0, changed=612, unchanged=311, early_stops=8/8
26 - INFO - chord#: 146 In build_straw_man_chord_sa. tolerance = 1, sa_iterations = 1000, initial_temperature = 3.0, cooling_rate = 0.999
26 - INFO - chord#: 152 done. best_score=27.0, changed=531, unchanged=357, early_stops=8/8
26 - INFO - chord#: 160 In build_straw_man_chord_sa. tolerance = 1, sa_iterations = 1000, initial_temperature = 3.0, cooling_rate = 0.999
26 - INFO - chord#: 166 done. best_score=137.0, changed=612, unchanged=395, early_stops=8/8
26 - INFO - chord#: 168 In build_straw_man_chord_sa. tolerance = 1, sa_iterations = 1000, initial_temperature = 3.0, cooling_rate = 0.999
26 - INFO - chord#: 160 done. best_score=78.0, changed=615, unchanged=325, early_stops=8/8
26 - INFO - chord#: 164 In build_straw_man_chord_sa. tolerance = 1, sa_iterations = 1000, initial_temperature = 3.0, cooling_rate = 0.999
26 - INFO - chord#: 138 done. best_score=137.0, changed=608, unchanged=295, early_stops=8/8
26 - INFO - chord#: 140 In build_straw_man_chord_sa. tolerance = 1, sa_iterations = 1000, initial_temperature = 3.0, cooling_rate = 0.999
26 - INFO - chord#: 164 done. best_score=27.0, changed=516, unchanged=368, early_stops=8/8
26 - INFO - chord#: 166 In build_straw_man_chord_sa. tolerance = 1, sa_iterations = 1000, initial_temperature = 3.0, cooling_rate = 0.999
26 - INFO - chord#: 146 done. best_score=35.0, changed=543, unchanged=266, early_stops=8/8
26 - INFO - chord#: 148 In build_straw_man_chord_sa. tolerance = 1, sa_iterations = 1000, initial_temperature = 3.0, cooling_rate = 0.999
26 - INFO - chord#: 168 done. best_score=27.0, changed=520, unchanged=390, early_stops=8/8
26 - INFO - chord#: 172 In build_straw_man_chord_sa. tolerance = 1, sa_iterations = 1000, initial_temperature = 3.0, cooling_rate = 0.999
26 - INFO - chord#: 172 done. best_score=82.0, changed=613, unchanged=482, early_stops=8/8
26 - INFO - chord#: 174 In build_straw_man_chord_sa. tolerance = 1, sa_iterations = 1000, initial_temperature = 3.0, cooling_rate = 0.999
26 - INFO - chord#: 151 done. best_score=67.0, changed=614, unchanged=461, early_stops=8/8
26 - INFO - chord#: 152 In build_straw_man_chord_sa. tolerance = 1, sa_iterations = 1000, initial_temperature = 3.0, cooling_rate = 0.999
26 - INFO - chord#: 151 done. best_score=137.0, changed=615, unchanged=360, early_stops=8/8
26 - INFO - chord#: 152 In build_straw_man_chord_sa. tolerance = 1, sa_iterations = 1000, initial_temperature = 3.0, cooling_rate = 0.999
26 - INFO - chord#: 164 done. best_score=27.0, changed=524, unchanged=404, early_stops=8/8
26 - INFO - chord#: 166 In build_straw_man_chord_sa. tolerance = 1, sa_iterations = 1000, initial_temperature = 3.0, cooling_rate = 0.999
26 - INFO - chord#: 151 done. best_score=137.0, changed=616, unchanged=321, early_stops=8/8
26 - INFO - chord#: 152 In build_straw_man_chord_sa. tolerance = 1, sa_iterations = 1000, initial_temperature = 3.0, cooling_rate = 0.999
26 - INFO - chord#: 174 done. best_score=27.0, changed=524, unchanged=366, early_stops=8/8
26 - INFO - chord#: 176 In build_straw_man_chord_sa. tolerance = 1, sa_iterations = 1000, initial_temperature = 3.0, cooling_rate = 0.999
26 - INFO - chord#: 152 done. best_score=27.0, changed=528, unchanged=381, early_stops=8/8
26 - INFO - chord#: 160 In build_straw_man_chord_sa. tolerance = 1, sa_iterations = 1000, initial_temperature = 3.0, cooling_rate = 0.999
26 - INFO - chord#: 148 done. best_score=27.0, changed=517, unchanged=424, early_stops=8/8
26 - INFO - chord#: 150 In build_straw_man_chord_sa. tolerance = 1, sa_iterations = 1000, initial_temperature = 3.0, cooling_rate = 0.999
26 - INFO - chord#: 152 done. best_score=27.0, changed=527, unchanged=415, early_stops=8/8
26 - INFO - chord#: 160 In build_straw_man_chord_sa. tolerance = 1, sa_iterations = 1000, initial_temperature = 3.0, cooling_rate = 0.999
26 - INFO - chord#: 140 done. best_score=154.0, changed=607, unchanged=249, early_stops=8/8
26 - INFO - chord#: 142 In build_straw_man_chord_sa. tolerance = 1, sa_iterations = 1000, initial_temperature = 3.0, cooling_rate = 0.999
26 - INFO - chord#: 166 done. best_score=78.0, changed=611, unchanged=387, early_stops=8/8
26 - INFO - chord#: 168 In build_straw_man_chord_sa. tolerance = 1, sa_iterations = 1000, initial_temperature = 3.0, cooling_rate = 0.999
26 - INFO - chord#: 152 done. best_score=27.0, changed=514, unchanged=308, early_stops=8/8
26 - INFO - chord#: 160 In build_straw_man_chord_sa. tolerance = 1, sa_iterations = 1000, initial_temperature = 3.0, cooling_rate = 0.999
26 - INFO - chord#: 166 done. best_score=78.0, changed=609, unchanged=274, early_stops=8/8
26 - INFO - chord#: 168 In build_straw_man_chord_sa. tolerance = 1, sa_iterations = 1000, initial_temperature = 3.0, cooling_rate = 0.999
26 - INFO - chord#: 172 done. best_score=120.0, changed=613, unchanged=298, early_stops=8/8
26 - INFO - chord#: 174 In build_straw_man_chord_sa. tolerance = 1, sa_iterations = 1000, initial_temperature = 3.0, cooling_rate = 0.999
26 - INFO - chord#: 160 done. best_score=67.0, changed=612, unchanged=381, early_stops=8/8
26 - INFO - chord#: 164 In build_straw_man_chord_sa. tolerance = 1, sa_iterations = 1000, initial_temperature = 3.0, cooling_rate = 0.999
26 - INFO - chord#: 150 done. best_score=27.0, changed=528, unchanged=478, early_stops=8/8
26 - INFO - chord#: 151 In build_straw_man_chord_sa. tolerance = 1, sa_iterations = 1000, initial_temperature = 3.0, cooling_rate = 0.999
26 - INFO - chord#: 142 done. best_score=36.0, changed=521, unchanged=343, early_stops=8/8
26 - INFO - chord#: 144 In build_straw_man_chord_sa. tolerance = 1, sa_iterations = 1000, initial_temperature = 3.0, cooling_rate = 0.999
26 - INFO - chord#: 140 done. best_score=70.0, changed=619, unchanged=613, early_stops=8/8
26 - INFO - chord#: 142 In build_straw_man_chord_sa. tolerance = 1, sa_iterations = 1000, initial_temperature = 3.0, cooling_rate = 0.999
26 - INFO - chord#: 168 done. best_score=27.0, changed=522, unchanged=329, early_stops=8/8
26 - INFO - chord#: 172 In build_straw_man_chord_sa. tolerance = 1, sa_iterations = 1000, initial_temperature = 3.0, cooling_rate = 0.999
26 - INFO - chord#: 166 done. best_score=188.0, changed=607, unchanged=245, early_stops=8/8
26 - INFO - chord#: 168 In build_straw_man_chord_sa. tolerance = 1, sa_iterations = 1000, initial_temperature = 3.0, cooling_rate = 0.999
26 - INFO - chord#: 174 done. best_score=27.0, changed=530, unchanged=479, early_stops=8/8
26 - INFO - chord#: 176 In build_straw_man_chord_sa. tolerance = 1, sa_iterations = 1000, initial_temperature = 3.0, cooling_rate = 0.999
26 - INFO - chord#: 168 done. best_score=27.0, changed=518, unchanged=390, early_stops=8/8
26 - INFO - chord#: 172 In build_straw_man_chord_sa. tolerance = 1, sa_iterations = 1000, initial_temperature = 3.0, cooling_rate = 0.999
26 - INFO - chord#: 142 done. best_score=27.0, changed=520, unchanged=407, early_stops=8/8
26 - INFO - chord#: 144 In build_straw_man_chord_sa. tolerance = 1, sa_iterations = 1000, initial_temperature = 3.0, cooling_rate = 0.999
26 - INFO - chord#: 176 done. best_score=142.0, changed=615, unchanged=442, early_stops=8/8
26 - INFO - chord#: 178 In build_straw_man_chord_sa. tolerance = 1, sa_iterations = 1000, initial_temperature = 3.0, cooling_rate = 0.999
26 - INFO - chord#: 164 done. best_score=27.0, changed=515, unchanged=412, early_stops=8/8
26 - INFO - chord#: 166 In build_straw_man_chord_sa. tolerance = 1, sa_iterations = 1000, initial_temperature = 3.0, cooling_rate = 0.999
26 - INFO - chord#: 160 done. best_score=140.0, changed=610, unchanged=358, early_stops=8/8
26 - INFO - chord#: 164 In build_straw_man_chord_sa. tolerance = 1, sa_iterations = 1000, initial_temperature = 3.0, cooling_rate = 0.999
26 - INFO - chord#: 160 done. best_score=96.0, changed=610, unchanged=341, early_stops=8/8
26 - INFO - chord#: 164 In build_straw_man_chord_sa. tolerance = 1, sa_iterations = 1000, initial_temperature = 3.0, cooling_rate = 0.999
26 - INFO - chord#: 168 done. best_score=27.0, changed=517, unchanged=307, early_stops=8/8
26 - INFO - chord#: 172 In build_straw_man_chord_sa. tolerance = 1, sa_iterations = 1000, initial_temperature = 3.0, cooling_rate = 0.999
26 - INFO - chord#: 160 done. best_score=78.0, changed=607, unchanged=321, early_stops=8/8
26 - INFO - chord#: 164 In build_straw_man_chord_sa. tolerance = 1, sa_iterations = 1000, initial_temperature = 3.0, cooling_rate = 0.999
26 - INFO - chord#: 178 done. best_score=70.0, changed=528, unchanged=336, early_stops=8/8
26 - INFO - chord#: 180 In build_straw_man_chord_sa. tolerance = 1, sa_iterations = 1000, initial_temperature = 3.0, cooling_rate = 0.999
26 - INFO - chord#: 164 done. best_score=27.0, changed=512, unchanged=337, early_stops=8/8
26 - INFO - chord#: 166 In build_straw_man_chord_sa. tolerance = 1, sa_iterations = 1000, initial_temperature = 3.0, cooling_rate = 0.999
26 - INFO - chord#: 144 done. best_score=71.0, changed=610, unchanged=223, early_stops=8/8
26 - INFO - chord#: 146 In build_straw_man_chord_sa. tolerance = 1, sa_iterations = 1000, initial_temperature = 3.0, cooling_rate = 0.999
26 - INFO - chord#: 164 done. best_score=27.0, changed=516, unchanged=490, early_stops=8/8
26 - INFO - chord#: 166 In build_straw_man_chord_sa. tolerance = 1, sa_iterations = 1000, initial_temperature = 3.0, cooling_rate = 0.999
26 - INFO - chord#: 151 done. best_score=67.0, changed=613, unchanged=298, early_stops=8/8
26 - INFO - chord#: 152 In build_straw_man_chord_sa. tolerance = 1, sa_iterations = 1000, initial_temperature = 3.0, cooling_rate = 0.999
26 - INFO - chord#: 164 done. best_score=27.0, changed=517, unchanged=451, early_stops=8/8
26 - INFO - chord#: 166 In build_straw_man_chord_sa. tolerance = 1, sa_iterations = 1000, initial_temperature = 3.0, cooling_rate = 0.999
26 - INFO - chord#: 176 done. best_score=145.0, changed=611, unchanged=324, early_stops=8/8
26 - INFO - chord#: 178 In build_straw_man_chord_sa. tolerance = 1, sa_iterations = 1000, initial_temperature = 3.0, cooling_rate = 0.999
26 - INFO - chord#: 180 done. best_score=27.0, changed=516, unchanged=353, early_stops=8/8
26 - INFO - chord#: 182 In build_straw_man_chord_sa. tolerance = 1, sa_iterations = 1000, initial_temperature = 3.0, cooling_rate = 0.999
26 - INFO - chord#: 172 done. best_score=120.0, changed=617, unchanged=344, early_stops=8/8
26 - INFO - chord#: 174 In build_straw_man_chord_sa. tolerance = 1, sa_iterations = 1000, initial_temperature = 3.0, cooling_rate = 0.999
26 - INFO - chord#: 144 done. best_score=64.0, changed=608, unchanged=347, early_stops=8/8
26 - INFO - chord#: 146 In build_straw_man_chord_sa. tolerance = 1, sa_iterations = 1000, initial_temperature = 3.0, cooling_rate = 0.999
26 - INFO - chord#: 146 done. best_score=35.0, changed=527, unchanged=401, early_stops=8/8
26 - INFO - chord#: 148 In build_straw_man_chord_sa. tolerance = 1, sa_iterations = 1000, initial_temperature = 3.0, cooling_rate = 0.999
26 - INFO - chord#: 152 done. best_score=27.0, changed=529, unchanged=448, early_stops=8/8
26 - INFO - chord#: 160 In build_straw_man_chord_sa. tolerance = 1, sa_iterations = 1000, initial_temperature = 3.0, cooling_rate = 0.999
26 - INFO - chord#: 178 done. best_score=35.0, changed=545, unchanged=320, early_stops=8/8
26 - INFO - chord#: 180 In build_straw_man_chord_sa. tolerance = 1, sa_iterations = 1000, initial_temperature = 3.0, cooling_rate = 0.999
26 - INFO - chord#: 166 done. best_score=96.0, changed=615, unchanged=314, early_stops=8/8
26 - INFO - chord#: 168 In build_straw_man_chord_sa. tolerance = 1, sa_iterations = 1000, initial_temperature = 3.0, cooling_rate = 0.999
26 - INFO - chord#: 182 done. best_score=27.0, changed=530, unchanged=406, early_stops=8/8
26 - INFO - chord#: 183 In build_straw_man_chord_sa. tolerance = 1, sa_iterations = 1000, initial_temperature = 3.0, cooling_rate = 0.999
26 - INFO - chord#: 172 done. best_score=82.0, changed=612, unchanged=283, early_stops=8/8
26 - INFO - chord#: 174 In build_straw_man_chord_sa. tolerance = 1, sa_iterations = 1000, initial_temperature = 3.0, cooling_rate = 0.999
26 - INFO - chord#: 172 done. best_score=82.0, changed=611, unchanged=428, early_stops=8/8
26 - INFO - chord#: 174 In build_straw_man_chord_sa. tolerance = 1, sa_iterations = 1000, initial_temperature = 3.0, cooling_rate = 0.999
26 - INFO - chord#: 146 done. best_score=37.0, changed=532, unchanged=499, early_stops=8/8
26 - INFO - chord#: 148 In build_straw_man_chord_sa. tolerance = 1, sa_iterations = 1000, initial_temperature = 3.0, cooling_rate = 0.999
26 - INFO - chord#: 174 done. best_score=27.0, changed=523, unchanged=456, early_stops=8/8
26 - INFO - chord#: 176 In build_straw_man_chord_sa. tolerance = 1, sa_iterations = 1000, initial_temperature = 3.0, cooling_rate = 0.999
26 - INFO - chord#: 166 done. best_score=67.0, changed=617, unchanged=391, early_stops=8/8
26 - INFO - chord#: 168 In build_straw_man_chord_sa. tolerance = 1, sa_iterations = 1000, initial_temperature = 3.0, cooling_rate = 0.999
26 - INFO - chord#: 148 done. best_score=27.0, changed=531, unchanged=368, early_stops=8/8
26 - INFO - chord#: 150 In build_straw_man_chord_sa. tolerance = 1, sa_iterations = 1000, initial_temperature = 3.0, cooling_rate = 0.999
26 - INFO - chord#: 180 done. best_score=27.0, changed=527, unchanged=452, early_stops=8/8
26 - INFO - chord#: 182 In build_straw_man_chord_sa. tolerance = 1, sa_iterations = 1000, initial_temperature = 3.0, cooling_rate = 0.999
26 - INFO - chord#: 166 done. best_score=78.0, changed=608, unchanged=319, early_stops=8/8
26 - INFO - chord#: 168 In build_straw_man_chord_sa. tolerance = 1, sa_iterations = 1000, initial_temperature = 3.0, cooling_rate = 0.999
26 - INFO - chord#: 168 done. best_score=57.0, changed=529, unchanged=391, early_stops=8/8
26 - INFO - chord#: 172 In build_straw_man_chord_sa. tolerance = 1, sa_iterations = 1000, initial_temperature = 3.0, cooling_rate = 0.999
26 - INFO - chord#: 166 done. best_score=78.0, changed=610, unchanged=472, early_stops=8/8
26 - INFO - chord#: 168 In build_straw_man_chord_sa. tolerance = 1, sa_iterations = 1000, initial_temperature = 3.0, cooling_rate = 0.999
26 - INFO - chord#: 148 done. best_score=27.0, changed=510, unchanged=318, early_stops=8/8
26 - INFO - chord#: 150 In build_straw_man_chord_sa. tolerance = 1, sa_iterations = 1000, initial_temperature = 3.0, cooling_rate = 0.999
26 - INFO - chord#: 174 done. best_score=27.0, changed=513, unchanged=312, early_stops=8/8
26 - INFO - chord#: 176 In build_straw_man_chord_sa. tolerance = 1, sa_iterations = 1000, initial_temperature = 3.0, cooling_rate = 0.999
26 - INFO - chord#: 174 done. best_score=27.0, changed=525, unchanged=435, early_stops=8/8
26 - INFO - chord#: 176 In build_straw_man_chord_sa. tolerance = 1, sa_iterations = 1000, initial_temperature = 3.0, cooling_rate = 0.999
26 - INFO - chord#: 168 done. best_score=27.0, changed=519, unchanged=448, early_stops=8/8
26 - INFO - chord#: 172 In build_straw_man_chord_sa. tolerance = 1, sa_iterations = 1000, initial_temperature = 3.0, cooling_rate = 0.999
26 - INFO - chord#: 182 done. best_score=27.0, changed=525, unchanged=481, early_stops=8/8
26 - INFO - chord#: 183 In build_straw_man_chord_sa. tolerance = 1, sa_iterations = 1000, initial_temperature = 3.0, cooling_rate = 0.999
26 - INFO - chord#: 168 done. best_score=27.0, changed=522, unchanged=382, early_stops=8/8
26 - INFO - chord#: 172 In build_straw_man_chord_sa. tolerance = 1, sa_iterations = 1000, initial_temperature = 3.0, cooling_rate = 0.999
26 - INFO - chord#: 150 done. best_score=27.0, changed=519, unchanged=374, early_stops=8/8
26 - INFO - chord#: 151 In build_straw_man_chord_sa. tolerance = 1, sa_iterations = 1000, initial_temperature = 3.0, cooling_rate = 0.999
26 - INFO - chord#: 168 done. best_score=27.0, changed=519, unchanged=433, early_stops=8/8
26 - INFO - chord#: 172 In build_straw_man_chord_sa. tolerance = 1, sa_iterations = 1000, initial_temperature = 3.0, cooling_rate = 0.999
26 - INFO - chord#: 183 done. best_score=96.0, changed=607, unchanged=293, early_stops=8/8
26 - INFO - chord#: 184 In build_straw_man_chord_sa. tolerance = 1, sa_iterations = 1000, initial_temperature = 3.0, cooling_rate = 0.999
26 - INFO - chord#: 150 done. best_score=27.0, changed=525, unchanged=399, early_stops=8/8
26 - INFO - chord#: 151 In build_straw_man_chord_sa. tolerance = 1, sa_iterations = 1000, initial_temperature = 3.0, cooling_rate = 0.999
26 - INFO - chord#: 176 done. best_score=67.0, changed=606, unchanged=204, early_stops=8/8
26 - INFO - chord#: 178 In build_straw_man_chord_sa. tolerance = 1, sa_iterations = 1000, initial_temperature = 3.0, cooling_rate = 0.999
26 - INFO - chord#: 184 done. best_score=27.0, changed=518, unchanged=453, early_stops=8/8
26 - INFO - chord#: 172 done. best_score=161.0, changed=609, unchanged=261, early_stops=8/8
26 - INFO - chord#: 174 In build_straw_man_chord_sa. tolerance = 1, sa_iterations = 1000, initial_temperature = 3.0, cooling_rate = 0.999
26 - INFO - chord#: 178 done. best_score=35.0, changed=536, unchanged=300, early_stops=8/8
26 - INFO - chord#: 180 In build_straw_man_chord_sa. tolerance = 1, sa_iterations = 1000, initial_temperature = 3.0, cooling_rate = 0.999
26 - INFO - chord#: 172 done. best_score=82.0, changed=610, unchanged=332, early_stops=8/8
26 - INFO - chord#: 174 In build_straw_man_chord_sa. tolerance = 1, sa_iterations = 1000, initial_temperature = 3.0, cooling_rate = 0.999
26 - INFO - chord#: 176 done. best_score=67.0, changed=611, unchanged=231, early_stops=8/8
26 - INFO - chord#: 178 In build_straw_man_chord_sa. tolerance = 1, sa_iterations = 1000, initial_temperature = 3.0, cooling_rate = 0.999
26 - INFO - chord#: 160 done. best_score=67.0, changed=620, unchanged=595, early_stops=8/8
26 - INFO - chord#: 164 In build_straw_man_chord_sa. tolerance = 1, sa_iterations = 1000, initial_temperature = 3.0, cooling_rate = 0.999
26 - INFO - chord#: 176 done. best_score=142.0, changed=612, unchanged=302, early_stops=8/8
26 - INFO - chord#: 178 In build_straw_man_chord_sa. tolerance = 1, sa_iterations = 1000, initial_temperature = 3.0, cooling_rate = 0.999
26 - INFO - chord#: 172 done. best_score=82.0, changed=609, unchanged=338, early_stops=8/8
26 - INFO - chord#: 174 In build_straw_man_chord_sa. tolerance = 1, sa_iterations = 1000, initial_temperature = 3.0, cooling_rate = 0.999
26 - INFO - chord#: 183 done. best_score=67.0, changed=615, unchanged=402, early_stops=8/8
26 - INFO - chord#: 184 In build_straw_man_chord_sa. tolerance = 1, sa_iterations = 1000, initial_temperature = 3.0, cooling_rate = 0.999
26 - INFO - chord#: 174 done. best_score=27.0, changed=515, unchanged=305, early_stops=8/8
26 - INFO - chord#: 176 In build_straw_man_chord_sa. tolerance = 1, sa_iterations = 1000, initial_temperature = 3.0, cooling_rate = 0.999
26 - INFO - chord#: 172 done. best_score=124.0, changed=610, unchanged=355, early_stops=8/8
26 - INFO - chord#: 174 In build_straw_man_chord_sa. tolerance = 1, sa_iterations = 1000, initial_temperature = 3.0, cooling_rate = 0.999
26 - INFO - chord#: 180 done. best_score=27.0, changed=513, unchanged=325, early_stops=8/8
26 - INFO - chord#: 182 In build_straw_man_chord_sa. tolerance = 1, sa_iterations = 1000, initial_temperature = 3.0, cooling_rate = 0.999
26 - INFO - chord#: 174 done. best_score=27.0, changed=519, unchanged=342, early_stops=8/8
26 - INFO - chord#: 176 In build_straw_man_chord_sa. tolerance = 1, sa_iterations = 1000, initial_temperature = 3.0, cooling_rate = 0.999
26 - INFO - chord#: 178 done. best_score=35.0, changed=526, unchanged=343, early_stops=8/8
26 - INFO - chord#: 180 In build_straw_man_chord_sa. tolerance = 1, sa_iterations = 1000, initial_temperature = 3.0, cooling_rate = 0.999
26 - INFO - chord#: 174 done. best_score=27.0, changed=529, unchanged=392, early_stops=8/8
26 - INFO - chord#: 176 In build_straw_man_chord_sa. tolerance = 1, sa_iterations = 1000, initial_temperature = 3.0, cooling_rate = 0.999
26 - INFO - chord#: 151 done. best_score=67.0, changed=619, unchanged=482, early_stops=8/8
26 - INFO - chord#: 152 In build_straw_man_chord_sa. tolerance = 1, sa_iterations = 1000, initial_temperature = 3.0, cooling_rate = 0.999
26 - INFO - chord#: 178 done. best_score=70.0, changed=523, unchanged=299, early_stops=8/8
26 - INFO - chord#: 180 In build_straw_man_chord_sa. tolerance = 1, sa_iterations = 1000, initial_temperature = 3.0, cooling_rate = 0.999
26 - INFO - chord#: 151 done. best_score=67.0, changed=615, unchanged=451, early_stops=8/8
26 - INFO - chord#: 152 In build_straw_man_chord_sa. tolerance = 1, sa_iterations = 1000, initial_temperature = 3.0, cooling_rate = 0.999
26 - INFO - chord#: 184 done. best_score=27.0, changed=523, unchanged=377, early_stops=8/8
26 - INFO - chord#: 174 done. best_score=27.0, changed=529, unchanged=402, early_stops=8/8
26 - INFO - chord#: 164 done. best_score=27.0, changed=523, unchanged=488, early_stops=8/8
26 - INFO - chord#: 176 In build_straw_man_chord_sa. tolerance = 1, sa_iterations = 1000, initial_temperature = 3.0, cooling_rate = 0.999
26 - INFO - chord#: 166 In build_straw_man_chord_sa. tolerance = 1, sa_iterations = 1000, initial_temperature = 3.0, cooling_rate = 0.999
26 - INFO - chord#: 182 done. best_score=27.0, changed=513, unchanged=378, early_stops=8/8
26 - INFO - chord#: 183 In build_straw_man_chord_sa. tolerance = 1, sa_iterations = 1000, initial_temperature = 3.0, cooling_rate = 0.999
26 - INFO - chord#: 152 done. best_score=27.0, changed=519, unchanged=358, early_stops=8/8
26 - INFO - chord#: 160 In build_straw_man_chord_sa. tolerance = 1, sa_iterations = 1000, initial_temperature = 3.0, cooling_rate = 0.999
26 - INFO - chord#: 180 done. best_score=27.0, changed=520, unchanged=380, early_stops=8/8
26 - INFO - chord#: 182 In build_straw_man_chord_sa. tolerance = 1, sa_iterations = 1000, initial_temperature = 3.0, cooling_rate = 0.999
26 - INFO - chord#: 152 done. best_score=27.0, changed=527, unchanged=381, early_stops=8/8
26 - INFO - chord#: 160 In build_straw_man_chord_sa. tolerance = 1, sa_iterations = 1000, initial_temperature = 3.0, cooling_rate = 0.999
26 - INFO - chord#: 180 done. best_score=27.0, changed=525, unchanged=410, early_stops=8/8
26 - INFO - chord#: 182 In build_straw_man_chord_sa. tolerance = 1, sa_iterations = 1000, initial_temperature = 3.0, cooling_rate = 0.999
26 - INFO - chord#: 176 done. best_score=157.0, changed=608, unchanged=324, early_stops=8/8
26 - INFO - chord#: 178 In build_straw_man_chord_sa. tolerance = 1, sa_iterations = 1000, initial_temperature = 3.0, cooling_rate = 0.999
26 - INFO - chord#: 176 done. best_score=78.0, changed=608, unchanged=274, early_stops=8/8
26 - INFO - chord#: 178 In build_straw_man_chord_sa. tolerance = 1, sa_iterations = 1000, initial_temperature = 3.0, cooling_rate = 0.999
26 - INFO - chord#: 182 done. best_score=27.0, changed=519, unchanged=391, early_stops=8/8
26 - INFO - chord#: 183 In build_straw_man_chord_sa. tolerance = 1, sa_iterations = 1000, initial_temperature = 3.0, cooling_rate = 0.999
26 - INFO - chord#: 166 done. best_score=78.0, changed=610, unchanged=273, early_stops=8/8
26 - INFO - chord#: 168 In build_straw_man_chord_sa. tolerance = 1, sa_iterations = 1000, initial_temperature = 3.0, cooling_rate = 0.999
26 - INFO - chord#: 183 done. best_score=67.0, changed=608, unchanged=235, early_stops=8/8
26 - INFO - chord#: 184 In build_straw_man_chord_sa. tolerance = 1, sa_iterations = 1000, initial_temperature = 3.0, cooling_rate = 0.999
26 - INFO - chord#: 178 done. best_score=35.0, changed=530, unchanged=416, early_stops=8/8
26 - INFO - chord#: 180 In build_straw_man_chord_sa. tolerance = 1, sa_iterations = 1000, initial_temperature = 3.0, cooling_rate = 0.999
26 - INFO - chord#: 182 done. best_score=27.0, changed=520, unchanged=321, early_stops=8/8
26 - INFO - chord#: 183 In build_straw_man_chord_sa. tolerance = 1, sa_iterations = 1000, initial_temperature = 3.0, cooling_rate = 0.999
26 - INFO - chord#: 176 done. best_score=67.0, changed=611, unchanged=358, early_stops=8/8
26 - INFO - chord#: 178 In build_straw_man_chord_sa. tolerance = 1, sa_iterations = 1000, initial_temperature = 3.0, cooling_rate = 0.999
26 - INFO - chord#: 176 done. best_score=67.0, changed=613, unchanged=421, early_stops=8/8
26 - INFO - chord#: 178 In build_straw_man_chord_sa. tolerance = 1, sa_iterations = 1000, initial_temperature = 3.0, cooling_rate = 0.999
26 - INFO - chord#: 178 done. best_score=37.0, changed=529, unchanged=458, early_stops=8/8
26 - INFO - chord#: 180 In build_straw_man_chord_sa. tolerance = 1, sa_iterations = 1000, initial_temperature = 3.0, cooling_rate = 0.999
26 - INFO - chord#: 160 done. best_score=67.0, changed=612, unchanged=268, early_stops=8/8
26 - INFO - chord#: 164 In build_straw_man_chord_sa. tolerance = 1, sa_iterations = 1000, initial_temperature = 3.0, cooling_rate = 0.999
26 - INFO - chord#: 184 done. best_score=27.0, changed=523, unchanged=346, early_stops=8/8
26 - INFO - chord#: 178 done. best_score=35.0, changed=551, unchanged=255, early_stops=8/8
26 - INFO - chord#: 180 In build_straw_man_chord_sa. tolerance = 1, sa_iterations = 1000, initial_temperature = 3.0, cooling_rate = 0.999
26 - INFO - chord#: 168 done. best_score=27.0, changed=526, unchanged=466, early_stops=8/8
26 - INFO - chord#: 172 In build_straw_man_chord_sa. tolerance = 1, sa_iterations = 1000, initial_temperature = 3.0, cooling_rate = 0.999
26 - INFO - chord#: 180 done. best_score=27.0, changed=518, unchanged=366, early_stops=8/8
26 - INFO - chord#: 182 In build_straw_man_chord_sa. tolerance = 1, sa_iterations = 1000, initial_temperature = 3.0, cooling_rate = 0.999
26 - INFO - chord#: 178 done. best_score=35.0, changed=534, unchanged=303, early_stops=8/8
26 - INFO - chord#: 180 In build_straw_man_chord_sa. tolerance = 1, sa_iterations = 1000, initial_temperature = 3.0, cooling_rate = 0.999
26 - INFO - chord#: 160 done. best_score=125.0, changed=604, unchanged=203, early_stops=8/8
26 - INFO - chord#: 164 In build_straw_man_chord_sa. tolerance = 1, sa_iterations = 1000, initial_temperature = 3.0, cooling_rate = 0.999
26 - INFO - chord#: 180 done. best_score=27.0, changed=515, unchanged=385, early_stops=8/8
26 - INFO - chord#: 182 In build_straw_man_chord_sa. tolerance = 1, sa_iterations = 1000, initial_temperature = 3.0, cooling_rate = 0.999
26 - INFO - chord#: 164 done. best_score=27.0, changed=521, unchanged=349, early_stops=8/8
26 - INFO - chord#: 166 In build_straw_man_chord_sa. tolerance = 1, sa_iterations = 1000, initial_temperature = 3.0, cooling_rate = 0.999
26 - INFO - chord#: 182 done. best_score=27.0, changed=525, unchanged=421, early_stops=8/8
26 - INFO - chord#: 183 In build_straw_man_chord_sa. tolerance = 1, sa_iterations = 1000, initial_temperature = 3.0, cooling_rate = 0.999
26 - INFO - chord#: 180 done. best_score=27.0, changed=527, unchanged=485, early_stops=8/8
26 - INFO - chord#: 182 In build_straw_man_chord_sa. tolerance = 1, sa_iterations = 1000, initial_temperature = 3.0, cooling_rate = 0.999
26 - INFO - chord#: 180 done. best_score=27.0, changed=517, unchanged=404, early_stops=8/8
26 - INFO - chord#: 182 In build_straw_man_chord_sa. tolerance = 1, sa_iterations = 1000, initial_temperature = 3.0, cooling_rate = 0.999
26 - INFO - chord#: 183 done. best_score=96.0, changed=612, unchanged=331, early_stops=8/8
26 - INFO - chord#: 184 In build_straw_man_chord_sa. tolerance = 1, sa_iterations = 1000, initial_temperature = 3.0, cooling_rate = 0.999
26 - INFO - chord#: 182 done. best_score=27.0, changed=523, unchanged=357, early_stops=8/8
26 - INFO - chord#: 183 In build_straw_man_chord_sa. tolerance = 1, sa_iterations = 1000, initial_temperature = 3.0, cooling_rate = 0.999
26 - INFO - chord#: 164 done. best_score=27.0, changed=523, unchanged=457, early_stops=8/8
26 - INFO - chord#: 166 In build_straw_man_chord_sa. tolerance = 1, sa_iterations = 1000, initial_temperature = 3.0, cooling_rate = 0.999
26 - INFO - chord#: 183 done. best_score=67.0, changed=608, unchanged=297, early_stops=8/8
26 - INFO - chord#: 184 In build_straw_man_chord_sa. tolerance = 1, sa_iterations = 1000, initial_temperature = 3.0, cooling_rate = 0.999
26 - INFO - chord#: 182 done. best_score=27.0, changed=527, unchanged=360, early_stops=8/8
26 - INFO - chord#: 183 In build_straw_man_chord_sa. tolerance = 1, sa_iterations = 1000, initial_temperature = 3.0, cooling_rate = 0.999
26 - INFO - chord#: 182 done. best_score=27.0, changed=535, unchanged=382, early_stops=8/8
26 - INFO - chord#: 183 In build_straw_man_chord_sa. tolerance = 1, sa_iterations = 1000, initial_temperature = 3.0, cooling_rate = 0.999
26 - INFO - chord#: 172 done. best_score=146.0, changed=614, unchanged=358, early_stops=8/8
26 - INFO - chord#: 174 In build_straw_man_chord_sa. tolerance = 1, sa_iterations = 1000, initial_temperature = 3.0, cooling_rate = 0.999
26 - INFO - chord#: 184 done. best_score=27.0, changed=513, unchanged=311, early_stops=8/8
26 - INFO - chord#: 184 done. best_score=27.0, changed=530, unchanged=439, early_stops=8/8
26 - INFO - chord#: 166 done. best_score=67.0, changed=614, unchanged=427, early_stops=8/8
26 - INFO - chord#: 168 In build_straw_man_chord_sa. tolerance = 1, sa_iterations = 1000, initial_temperature = 3.0, cooling_rate = 0.999
26 - INFO - chord#: 174 done. best_score=27.0, changed=522, unchanged=367, early_stops=8/8
26 - INFO - chord#: 176 In build_straw_man_chord_sa. tolerance = 1, sa_iterations = 1000, initial_temperature = 3.0, cooling_rate = 0.999
26 - INFO - chord#: 183 done. best_score=67.0, changed=612, unchanged=406, early_stops=8/8
26 - INFO - chord#: 184 In build_straw_man_chord_sa. tolerance = 1, sa_iterations = 1000, initial_temperature = 3.0, cooling_rate = 0.999
26 - INFO - chord#: 183 done. best_score=67.0, changed=611, unchanged=366, early_stops=8/8
26 - INFO - chord#: 184 In build_straw_man_chord_sa. tolerance = 1, sa_iterations = 1000, initial_temperature = 3.0, cooling_rate = 0.999
26 - INFO - chord#: 166 done. best_score=137.0, changed=607, unchanged=235, early_stops=8/8
26 - INFO - chord#: 168 In build_straw_man_chord_sa. tolerance = 1, sa_iterations = 1000, initial_temperature = 3.0, cooling_rate = 0.999
26 - INFO - chord#: 168 done. best_score=27.0, changed=527, unchanged=450, early_stops=8/8
26 - INFO - chord#: 172 In build_straw_man_chord_sa. tolerance = 1, sa_iterations = 1000, initial_temperature = 3.0, cooling_rate = 0.999
26 - INFO - chord#: 183 done. best_score=137.0, changed=608, unchanged=363, early_stops=8/8
26 - INFO - chord#: 184 In build_straw_man_chord_sa. tolerance = 1, sa_iterations = 1000, initial_temperature = 3.0, cooling_rate = 0.999
26 - INFO - chord#: 184 done. best_score=27.0, changed=512, unchanged=322, early_stops=8/8
26 - INFO - chord#: 183 done. best_score=137.0, changed=619, unchanged=464, early_stops=8/8
26 - INFO - chord#: 184 In build_straw_man_chord_sa. tolerance = 1, sa_iterations = 1000, initial_temperature = 3.0, cooling_rate = 0.999
26 - INFO - chord#: 184 done. best_score=27.0, changed=530, unchanged=368, early_stops=8/8
26 - INFO - chord#: 176 done. best_score=181.0, changed=609, unchanged=215, early_stops=8/8
26 - INFO - chord#: 178 In build_straw_man_chord_sa. tolerance = 1, sa_iterations = 1000, initial_temperature = 3.0, cooling_rate = 0.999
26 - INFO - chord#: 184 done. best_score=27.0, changed=523, unchanged=356, early_stops=8/8
26 - INFO - chord#: 168 done. best_score=27.0, changed=533, unchanged=567, early_stops=8/8
26 - INFO - chord#: 172 In build_straw_man_chord_sa. tolerance = 1, sa_iterations = 1000, initial_temperature = 3.0, cooling_rate = 0.999
26 - INFO - chord#: 184 done. best_score=27.0, changed=519, unchanged=342, early_stops=8/8
26 - INFO - chord#: 178 done. best_score=37.0, changed=519, unchanged=303, early_stops=8/8
26 - INFO - chord#: 180 In build_straw_man_chord_sa. tolerance = 1, sa_iterations = 1000, initial_temperature = 3.0, cooling_rate = 0.999
26 - INFO - chord#: 180 done. best_score=27.0, changed=519, unchanged=427, early_stops=8/8
26 - INFO - chord#: 182 In build_straw_man_chord_sa. tolerance = 1, sa_iterations = 1000, initial_temperature = 3.0, cooling_rate = 0.999
26 - INFO - chord#: 172 done. best_score=82.0, changed=615, unchanged=476, early_stops=8/8
26 - INFO - chord#: 174 In build_straw_man_chord_sa. tolerance = 1, sa_iterations = 1000, initial_temperature = 3.0, cooling_rate = 0.999
26 - INFO - chord#: 172 done. best_score=127.0, changed=611, unchanged=279, early_stops=8/8
26 - INFO - chord#: 174 In build_straw_man_chord_sa. tolerance = 1, sa_iterations = 1000, initial_temperature = 3.0, cooling_rate = 0.999
26 - INFO - chord#: 182 done. best_score=27.0, changed=529, unchanged=414, early_stops=8/8
26 - INFO - chord#: 183 In build_straw_man_chord_sa. tolerance = 1, sa_iterations = 1000, initial_temperature = 3.0, cooling_rate = 0.999
26 - INFO - chord#: 174 done. best_score=27.0, changed=524, unchanged=419, early_stops=8/8
26 - INFO - chord#: 176 In build_straw_man_chord_sa. tolerance = 1, sa_iterations = 1000, initial_temperature = 3.0, cooling_rate = 0.999
26 - INFO - chord#: 174 done. best_score=27.0, changed=522, unchanged=329, early_stops=8/8
26 - INFO - chord#: 176 In build_straw_man_chord_sa. tolerance = 1, sa_iterations = 1000, initial_temperature = 3.0, cooling_rate = 0.999
26 - INFO - chord#: 183 done. best_score=67.0, changed=610, unchanged=278, early_stops=8/8
26 - INFO - chord#: 184 In build_straw_man_chord_sa. tolerance = 1, sa_iterations = 1000, initial_temperature = 3.0, cooling_rate = 0.999
26 - INFO - chord#: 176 done. best_score=137.0, changed=614, unchanged=320, early_stops=8/8
26 - INFO - chord#: 178 In build_straw_man_chord_sa. tolerance = 1, sa_iterations = 1000, initial_temperature = 3.0, cooling_rate = 0.999
26 - INFO - chord#: 176 done. best_score=67.0, changed=612, unchanged=325, early_stops=8/8
26 - INFO - chord#: 178 In build_straw_man_chord_sa. tolerance = 1, sa_iterations = 1000, initial_temperature = 3.0, cooling_rate = 0.999
26 - INFO - chord#: 184 done. best_score=27.0, changed=525, unchanged=395, early_stops=8/8
26 - INFO - chord#: 178 done. best_score=35.0, changed=531, unchanged=396, early_stops=8/8
26 - INFO - chord#: 180 In build_straw_man_chord_sa. tolerance = 1, sa_iterations = 1000, initial_temperature = 3.0, cooling_rate = 0.999
26 - INFO - chord#: 178 done. best_score=35.0, changed=538, unchanged=364, early_stops=8/8
26 - INFO - chord#: 180 In build_straw_man_chord_sa. tolerance = 1, sa_iterations = 1000, initial_temperature = 3.0, cooling_rate = 0.999
26 - INFO - chord#: 180 done. best_score=27.0, changed=524, unchanged=494, early_stops=8/8
26 - INFO - chord#: 182 In build_straw_man_chord_sa. tolerance = 1, sa_iterations = 1000, initial_temperature = 3.0, cooling_rate = 0.999
26 - INFO - chord#: 180 done. best_score=27.0, changed=523, unchanged=446, early_stops=8/8
26 - INFO - chord#: 182 In build_straw_man_chord_sa. tolerance = 1, sa_iterations = 1000, initial_temperature = 3.0, cooling_rate = 0.999
26 - INFO - chord#: 182 done. best_score=27.0, changed=516, unchanged=372, early_stops=8/8
26 - INFO - chord#: 183 In build_straw_man_chord_sa. tolerance = 1, sa_iterations = 1000, initial_temperature = 3.0, cooling_rate = 0.999
26 - INFO - chord#: 182 done. best_score=27.0, changed=519, unchanged=305, early_stops=8/8
26 - INFO - chord#: 183 In build_straw_man_chord_sa. tolerance = 1, sa_iterations = 1000, initial_temperature = 3.0, cooling_rate = 0.999
26 - INFO - chord#: 183 done. best_score=67.0, changed=620, unchanged=399, early_stops=8/8
26 - INFO - chord#: 184 In build_straw_man_chord_sa. tolerance = 1, sa_iterations = 1000, initial_temperature = 3.0, cooling_rate = 0.999
26 - INFO - chord#: 183 done. best_score=67.0, changed=620, unchanged=496, early_stops=8/8
26 - INFO - chord#: 184 In build_straw_man_chord_sa. tolerance = 1, sa_iterations = 1000, initial_temperature = 3.0, cooling_rate = 0.999
26 - INFO - chord#: 184 done. best_score=27.0, changed=517, unchanged=369, early_stops=8/8
26 - INFO - chord#: 184 done. best_score=27.0, changed=517, unchanged=469, early_stops=8/8
26 - INFO - chord#: 0 In build_straw_man_chord_sa. tolerance = 1, sa_iterations = 1000, initial_temperature = 3.0, cooling_rate = 0.999
26 - INFO - chord#: 0 In build_straw_man_chord_sa. tolerance = 1, sa_iterations = 1000, initial_temperature = 3.0, cooling_rate = 0.999
26 - INFO - chord#: 0 In build_straw_man_chord_sa. tolerance = 1, sa_iterations = 1000, initial_temperature = 3.0, cooling_rate = 0.999
26 - INFO - chord#: 0 In build_straw_man_chord_sa. tolerance = 1, sa_iterations = 1000, initial_temperature = 3.0, cooling_rate = 0.999
26 - INFO - chord#: 0 In build_straw_man_chord_sa. tolerance = 1, sa_iterations = 1000, initial_temperature = 3.0, cooling_rate = 0.999
26 - INFO - chord#: 0 In build_straw_man_chord_sa. tolerance = 1, sa_iterations = 1000, initial_temperature = 3.0, cooling_rate = 0.999
26 - INFO - chord#: 0 In build_straw_man_chord_sa. tolerance = 1, sa_iterations = 1000, initial_temperature = 3.0, cooling_rate = 0.999
26 - INFO - chord#: 0 In build_straw_man_chord_sa. tolerance = 1, sa_iterations = 1000, initial_temperature = 3.0, cooling_rate = 0.999
26 - INFO - chord#: 0 In build_straw_man_chord_sa. tolerance = 1, sa_iterations = 1000, initial_temperature = 3.0, cooling_rate = 0.999
26 - INFO - chord#: 0 In build_straw_man_chord_sa. tolerance = 1, sa_iterations = 1000, initial_temperature = 3.0, cooling_rate = 0.999
26 - INFO - chord#: 0 In build_straw_man_chord_sa. tolerance = 1, sa_iterations = 1000, initial_temperature = 3.0, cooling_rate = 0.999
26 - INFO - chord#: 0 In build_straw_man_chord_sa. tolerance = 1, sa_iterations = 1000, initial_temperature = 3.0, cooling_rate = 0.999
26 - INFO - chord#: 0 done. best_score=27.0, changed=520, unchanged=437, early_stops=8/8
26 - INFO - chord#: 2 In build_straw_man_chord_sa. tolerance = 1, sa_iterations = 1000, initial_temperature = 3.0, cooling_rate = 0.999
26 - INFO - chord#: 0 done. best_score=27.0, changed=521, unchanged=446, early_stops=8/8
26 - INFO - chord#: 2 In build_straw_man_chord_sa. tolerance = 1, sa_iterations = 1000, initial_temperature = 3.0, cooling_rate = 0.999
26 - INFO - chord#: 0 done. best_score=27.0, changed=525, unchanged=464, early_stops=8/8
26 - INFO - chord#: 2 In build_straw_man_chord_sa. tolerance = 1, sa_iterations = 1000, initial_temperature = 3.0, cooling_rate = 0.999
26 - INFO - chord#: 0 done. best_score=27.0, changed=522, unchanged=494, early_stops=8/8
26 - INFO - chord#: 2 In build_straw_man_chord_sa. tolerance = 1, sa_iterations = 1000, initial_temperature = 3.0, cooling_rate = 0.999
26 - INFO - chord#: 0 done. best_score=27.0, changed=527, unchanged=456, early_stops=8/8
26 - INFO - chord#: 2 In build_straw_man_chord_sa. tolerance = 1, sa_iterations = 1000, initial_temperature = 3.0, cooling_rate = 0.999
26 - INFO - chord#: 0 done. best_score=27.0, changed=517, unchanged=475, early_stops=8/8
26 - INFO - chord#: 2 In build_straw_man_chord_sa. tolerance = 1, sa_iterations = 1000, initial_temperature = 3.0, cooling_rate = 0.999
26 - INFO - chord#: 0 done. best_score=27.0, changed=519, unchanged=409, early_stops=8/8
26 - INFO - chord#: 2 In build_straw_man_chord_sa. tolerance = 1, sa_iterations = 1000, initial_temperature = 3.0, cooling_rate = 0.999
26 - INFO - chord#: 0 done. best_score=27.0, changed=520, unchanged=436, early_stops=8/8
26 - INFO - chord#: 2 In build_straw_man_chord_sa. tolerance = 1, sa_iterations = 1000, initial_temperature = 3.0, cooling_rate = 0.999
26 - INFO - chord#: 0 done. best_score=27.0, changed=526, unchanged=410, early_stops=8/8
26 - INFO - chord#: 2 In build_straw_man_chord_sa. tolerance = 1, sa_iterations = 1000, initial_temperature = 3.0, cooling_rate = 0.999
26 - INFO - chord#: 0 done. best_score=27.0, changed=517, unchanged=474, early_stops=8/8
26 - INFO - chord#: 0 done. best_score=27.0, changed=527, unchanged=508, early_stops=8/8
26 - INFO - chord#: 2 In build_straw_man_chord_sa. tolerance = 1, sa_iterations = 1000, initial_temperature = 3.0, cooling_rate = 0.999
26 - INFO - chord#: 2 In build_straw_man_chord_sa. tolerance = 1, sa_iterations = 1000, initial_temperature = 3.0, cooling_rate = 0.999
26 - INFO - chord#: 0 done. best_score=27.0, changed=523, unchanged=525, early_stops=8/8
26 - INFO - chord#: 2 In build_straw_man_chord_sa. tolerance = 1, sa_iterations = 1000, initial_temperature = 3.0, cooling_rate = 0.999
26 - INFO - chord#: 2 done. best_score=82.0, changed=607, unchanged=254, early_stops=8/8
26 - INFO - chord#: 4 In build_straw_man_chord_sa. tolerance = 1, sa_iterations = 1000, initial_temperature = 3.0, cooling_rate = 0.999
26 - INFO - chord#: 2 done. best_score=120.0, changed=609, unchanged=344, early_stops=8/8
26 - INFO - chord#: 4 In build_straw_man_chord_sa. tolerance = 1, sa_iterations = 1000, initial_temperature = 3.0, cooling_rate = 0.999
26 - INFO - chord#: 2 done. best_score=82.0, changed=614, unchanged=316, early_stops=8/8
26 - INFO - chord#: 4 In build_straw_man_chord_sa. tolerance = 1, sa_iterations = 1000, initial_temperature = 3.0, cooling_rate = 0.999
26 - INFO - chord#: 2 done. best_score=82.0, changed=614, unchanged=394, early_stops=8/8
26 - INFO - chord#: 4 In build_straw_man_chord_sa. tolerance = 1, sa_iterations = 1000, initial_temperature = 3.0, cooling_rate = 0.999
26 - INFO - chord#: 2 done. best_score=97.0, changed=609, unchanged=292, early_stops=8/8
26 - INFO - chord#: 4 In build_straw_man_chord_sa. tolerance = 1, sa_iterations = 1000, initial_temperature = 3.0, cooling_rate = 0.999
26 - INFO - chord#: 2 done. best_score=82.0, changed=617, unchanged=436, early_stops=8/8
26 - INFO - chord#: 4 In build_straw_man_chord_sa. tolerance = 1, sa_iterations = 1000, initial_temperature = 3.0, cooling_rate = 0.999
26 - INFO - chord#: 2 done. best_score=160.0, changed=611, unchanged=239, early_stops=8/8
26 - INFO - chord#: 4 In build_straw_man_chord_sa. tolerance = 1, sa_iterations = 1000, initial_temperature = 3.0, cooling_rate = 0.999
26 - INFO - chord#: 2 done. best_score=82.0, changed=613, unchanged=255, early_stops=8/8
26 - INFO - chord#: 4 In build_straw_man_chord_sa. tolerance = 1, sa_iterations = 1000, initial_temperature = 3.0, cooling_rate = 0.999
26 - INFO - chord#: 2 done. best_score=97.0, changed=608, unchanged=301, early_stops=8/8
26 - INFO - chord#: 4 In build_straw_man_chord_sa. tolerance = 1, sa_iterations = 1000, initial_temperature = 3.0, cooling_rate = 0.999
26 - INFO - chord#: 2 done. best_score=82.0, changed=609, unchanged=336, early_stops=8/8
26 - INFO - chord#: 4 In build_straw_man_chord_sa. tolerance = 1, sa_iterations = 1000, initial_temperature = 3.0, cooling_rate = 0.999
26 - INFO - chord#: 2 done. best_score=82.0, changed=615, unchanged=334, early_stops=8/8
26 - INFO - chord#: 4 In build_straw_man_chord_sa. tolerance = 1, sa_iterations = 1000, initial_temperature = 3.0, cooling_rate = 0.999
26 - INFO - chord#: 4 done. best_score=27.0, changed=515, unchanged=307, early_stops=8/8
26 - INFO - chord#: 6 In build_straw_man_chord_sa. tolerance = 1, sa_iterations = 1000, initial_temperature = 3.0, cooling_rate = 0.999
26 - INFO - chord#: 2 done. best_score=136.0, changed=615, unchanged=326, early_stops=8/8
26 - INFO - chord#: 4 In build_straw_man_chord_sa. tolerance = 1, sa_iterations = 1000, initial_temperature = 3.0, cooling_rate = 0.999
26 - INFO - chord#: 4 done. best_score=27.0, changed=527, unchanged=349, early_stops=8/8
26 - INFO - chord#: 6 In build_straw_man_chord_sa. tolerance = 1, sa_iterations = 1000, initial_temperature = 3.0, cooling_rate = 0.999
26 - INFO - chord#: 4 done. best_score=27.0, changed=517, unchanged=328, early_stops=8/8
26 - INFO - chord#: 6 In build_straw_man_chord_sa. tolerance = 1, sa_iterations = 1000, initial_temperature = 3.0, cooling_rate = 0.999
26 - INFO - chord#: 4 done. best_score=27.0, changed=528, unchanged=360, early_stops=8/8
26 - INFO - chord#: 6 In build_straw_man_chord_sa. tolerance = 1, sa_iterations = 1000, initial_temperature = 3.0, cooling_rate = 0.999
26 - INFO - chord#: 4 done. best_score=27.0, changed=527, unchanged=315, early_stops=8/8
26 - INFO - chord#: 6 In build_straw_man_chord_sa. tolerance = 1, sa_iterations = 1000, initial_temperature = 3.0, cooling_rate = 0.999
26 - INFO - chord#: 4 done. best_score=27.0, changed=528, unchanged=373, early_stops=8/8
26 - INFO - chord#: 6 In build_straw_man_chord_sa. tolerance = 1, sa_iterations = 1000, initial_temperature = 3.0, cooling_rate = 0.999
26 - INFO - chord#: 4 done. best_score=27.0, changed=529, unchanged=378, early_stops=8/8
26 - INFO - chord#: 6 In build_straw_man_chord_sa. tolerance = 1, sa_iterations = 1000, initial_temperature = 3.0, cooling_rate = 0.999
26 - INFO - chord#: 4 done. best_score=27.0, changed=520, unchanged=358, early_stops=8/8
26 - INFO - chord#: 6 In build_straw_man_chord_sa. tolerance = 1, sa_iterations = 1000, initial_temperature = 3.0, cooling_rate = 0.999
26 - INFO - chord#: 4 done. best_score=27.0, changed=525, unchanged=337, early_stops=8/8
26 - INFO - chord#: 6 In build_straw_man_chord_sa. tolerance = 1, sa_iterations = 1000, initial_temperature = 3.0, cooling_rate = 0.999
26 - INFO - chord#: 4 done. best_score=27.0, changed=532, unchanged=381, early_stops=8/8
26 - INFO - chord#: 6 In build_straw_man_chord_sa. tolerance = 1, sa_iterations = 1000, initial_temperature = 3.0, cooling_rate = 0.999
26 - INFO - chord#: 4 done. best_score=27.0, changed=530, unchanged=392, early_stops=8/8
26 - INFO - chord#: 6 In build_straw_man_chord_sa. tolerance = 1, sa_iterations = 1000, initial_temperature = 3.0, cooling_rate = 0.999
26 - INFO - chord#: 4 done. best_score=27.0, changed=538, unchanged=396, early_stops=8/8
26 - INFO - chord#: 6 In build_straw_man_chord_sa. tolerance = 1, sa_iterations = 1000, initial_temperature = 3.0, cooling_rate = 0.999
26 - INFO - chord#: 6 done. best_score=82.0, changed=610, unchanged=323, early_stops=8/8
26 - INFO - chord#: 8 In build_straw_man_chord_sa. tolerance = 1, sa_iterations = 1000, initial_temperature = 3.0, cooling_rate = 0.999
26 - INFO - chord#: 6 done. best_score=82.0, changed=615, unchanged=315, early_stops=8/8
26 - INFO - chord#: 8 In build_straw_man_chord_sa. tolerance = 1, sa_iterations = 1000, initial_temperature = 3.0, cooling_rate = 0.999
26 - INFO - chord#: 6 done. best_score=108.0, changed=608, unchanged=242, early_stops=8/8
26 - INFO - chord#: 8 In build_straw_man_chord_sa. tolerance = 1, sa_iterations = 1000, initial_temperature = 3.0, cooling_rate = 0.999
26 - INFO - chord#: 6 done. best_score=146.0, changed=611, unchanged=326, early_stops=8/8
26 - INFO - chord#: 8 In build_straw_man_chord_sa. tolerance = 1, sa_iterations = 1000, initial_temperature = 3.0, cooling_rate = 0.999
26 - INFO - chord#: 6 done. best_score=82.0, changed=610, unchanged=271, early_stops=8/8
26 - INFO - chord#: 8 In build_straw_man_chord_sa. tolerance = 1, sa_iterations = 1000, initial_temperature = 3.0, cooling_rate = 0.999
26 - INFO - chord#: 6 done. best_score=82.0, changed=611, unchanged=256, early_stops=8/8
26 - INFO - chord#: 8 In build_straw_man_chord_sa. tolerance = 1, sa_iterations = 1000, initial_temperature = 3.0, cooling_rate = 0.999
26 - INFO - chord#: 6 done. best_score=146.0, changed=616, unchanged=295, early_stops=8/8
26 - INFO - chord#: 8 In build_straw_man_chord_sa. tolerance = 1, sa_iterations = 1000, initial_temperature = 3.0, cooling_rate = 0.999
26 - INFO - chord#: 8 done. best_score=27.0, changed=537, unchanged=359, early_stops=8/8
26 - INFO - chord#: 10 In build_straw_man_chord_sa. tolerance = 1, sa_iterations = 1000, initial_temperature = 3.0, cooling_rate = 0.999
26 - INFO - chord#: 8 done. best_score=27.0, changed=519, unchanged=351, early_stops=8/8
26 - INFO - chord#: 10 In build_straw_man_chord_sa. tolerance = 1, sa_iterations = 1000, initial_temperature = 3.0, cooling_rate = 0.999
26 - INFO - chord#: 8 done. best_score=27.0, changed=528, unchanged=355, early_stops=8/8
26 - INFO - chord#: 10 In build_straw_man_chord_sa. tolerance = 1, sa_iterations = 1000, initial_temperature = 3.0, cooling_rate = 0.999
26 - INFO - chord#: 8 done. best_score=27.0, changed=523, unchanged=347, early_stops=8/8
26 - INFO - chord#: 10 In build_straw_man_chord_sa. tolerance = 1, sa_iterations = 1000, initial_temperature = 3.0, cooling_rate = 0.999
26 - INFO - chord#: 8 done. best_score=27.0, changed=520, unchanged=319, early_stops=8/8
26 - INFO - chord#: 10 In build_straw_man_chord_sa. tolerance = 1, sa_iterations = 1000, initial_temperature = 3.0, cooling_rate = 0.999
26 - INFO - chord#: 6 done. best_score=82.0, changed=607, unchanged=269, early_stops=8/8
26 - INFO - chord#: 8 In build_straw_man_chord_sa. tolerance = 1, sa_iterations = 1000, initial_temperature = 3.0, cooling_rate = 0.999
26 - INFO - chord#: 6 done. best_score=108.0, changed=610, unchanged=304, early_stops=8/8
26 - INFO - chord#: 8 In build_straw_man_chord_sa. tolerance = 1, sa_iterations = 1000, initial_temperature = 3.0, cooling_rate = 0.999
26 - INFO - chord#: 6 done. best_score=82.0, changed=613, unchanged=267, early_stops=8/8
26 - INFO - chord#: 8 In build_straw_man_chord_sa. tolerance = 1, sa_iterations = 1000, initial_temperature = 3.0, cooling_rate = 0.999
26 - INFO - chord#: 8 done. best_score=27.0, changed=517, unchanged=292, early_stops=8/8
26 - INFO - chord#: 10 In build_straw_man_chord_sa. tolerance = 1, sa_iterations = 1000, initial_temperature = 3.0, cooling_rate = 0.999
26 - INFO - chord#: 6 done. best_score=82.0, changed=610, unchanged=251, early_stops=8/8
26 - INFO - chord#: 8 In build_straw_man_chord_sa. tolerance = 1, sa_iterations = 1000, initial_temperature = 3.0, cooling_rate = 0.999
26 - INFO - chord#: 6 done. best_score=82.0, changed=614, unchanged=339, early_stops=8/8
26 - INFO - chord#: 8 In build_straw_man_chord_sa. tolerance = 1, sa_iterations = 1000, initial_temperature = 3.0, cooling_rate = 0.999
26 - INFO - chord#: 8 done. best_score=27.0, changed=526, unchanged=348, early_stops=8/8
26 - INFO - chord#: 10 In build_straw_man_chord_sa. tolerance = 1, sa_iterations = 1000, initial_temperature = 3.0, cooling_rate = 0.999
26 - INFO - chord#: 8 done. best_score=27.0, changed=527, unchanged=352, early_stops=8/8
26 - INFO - chord#: 10 In build_straw_man_chord_sa. tolerance = 1, sa_iterations = 1000, initial_temperature = 3.0, cooling_rate = 0.999
26 - INFO - chord#: 8 done. best_score=27.0, changed=527, unchanged=346, early_stops=8/8
26 - INFO - chord#: 10 In build_straw_man_chord_sa. tolerance = 1, sa_iterations = 1000, initial_temperature = 3.0, cooling_rate = 0.999
26 - INFO - chord#: 8 done. best_score=27.0, changed=520, unchanged=323, early_stops=8/8
26 - INFO - chord#: 10 In build_straw_man_chord_sa. tolerance = 1, sa_iterations = 1000, initial_temperature = 3.0, cooling_rate = 0.999
26 - INFO - chord#: 8 done. best_score=27.0, changed=516, unchanged=304, early_stops=8/8
26 - INFO - chord#: 10 In build_straw_man_chord_sa. tolerance = 1, sa_iterations = 1000, initial_temperature = 3.0, cooling_rate = 0.999
26 - INFO - chord#: 8 done. best_score=27.0, changed=526, unchanged=324, early_stops=8/8
26 - INFO - chord#: 10 In build_straw_man_chord_sa. tolerance = 1, sa_iterations = 1000, initial_temperature = 3.0, cooling_rate = 0.999
26 - INFO - chord#: 10 done. best_score=64.0, changed=606, unchanged=216, early_stops=8/8
26 - INFO - chord#: 12 In build_straw_man_chord_sa. tolerance = 1, sa_iterations = 1000, initial_temperature = 3.0, cooling_rate = 0.999
26 - INFO - chord#: 10 done. best_score=104.0, changed=610, unchanged=218, early_stops=8/8
26 - INFO - chord#: 12 In build_straw_man_chord_sa. tolerance = 1, sa_iterations = 1000, initial_temperature = 3.0, cooling_rate = 0.999
26 - INFO - chord#: 10 done. best_score=64.0, changed=610, unchanged=247, early_stops=8/8
26 - INFO - chord#: 12 In build_straw_man_chord_sa. tolerance = 1, sa_iterations = 1000, initial_temperature = 3.0, cooling_rate = 0.999
26 - INFO - chord#: 10 done. best_score=64.0, changed=612, unchanged=245, early_stops=8/8
26 - INFO - chord#: 12 In build_straw_man_chord_sa. tolerance = 1, sa_iterations = 1000, initial_temperature = 3.0, cooling_rate = 0.999
26 - INFO - chord#: 10 done. best_score=64.0, changed=614, unchanged=304, early_stops=8/8
26 - INFO - chord#: 12 In build_straw_man_chord_sa. tolerance = 1, sa_iterations = 1000, initial_temperature = 3.0, cooling_rate = 0.999
26 - INFO - chord#: 10 done. best_score=64.0, changed=611, unchanged=266, early_stops=8/8
26 - INFO - chord#: 12 In build_straw_man_chord_sa. tolerance = 1, sa_iterations = 1000, initial_temperature = 3.0, cooling_rate = 0.999
26 - INFO - chord#: 10 done. best_score=64.0, changed=610, unchanged=243, early_stops=8/8
26 - INFO - chord#: 12 In build_straw_man_chord_sa. tolerance = 1, sa_iterations = 1000, initial_temperature = 3.0, cooling_rate = 0.999
26 - INFO - chord#: 12 done. best_score=174.0, changed=616, unchanged=255, early_stops=8/8
26 - INFO - chord#: 14 In build_straw_man_chord_sa. tolerance = 1, sa_iterations = 1000, initial_temperature = 3.0, cooling_rate = 0.999
26 - INFO - chord#: 10 done. best_score=64.0, changed=612, unchanged=297, early_stops=8/8
26 - INFO - chord#: 12 In build_straw_man_chord_sa. tolerance = 1, sa_iterations = 1000, initial_temperature = 3.0, cooling_rate = 0.999
26 - INFO - chord#: 12 done. best_score=74.0, changed=611, unchanged=258, early_stops=8/8
26 - INFO - chord#: 14 In build_straw_man_chord_sa. tolerance = 1, sa_iterations = 1000, initial_temperature = 3.0, cooling_rate = 0.999
26 - INFO - chord#: 10 done. best_score=64.0, changed=612, unchanged=256, early_stops=8/8
26 - INFO - chord#: 12 In build_straw_man_chord_sa. tolerance = 1, sa_iterations = 1000, initial_temperature = 3.0, cooling_rate = 0.999
26 - INFO - chord#: 10 done. best_score=64.0, changed=610, unchanged=361, early_stops=8/8
26 - INFO - chord#: 12 In build_straw_man_chord_sa. tolerance = 1, sa_iterations = 1000, initial_temperature = 3.0, cooling_rate = 0.999
26 - INFO - chord#: 12 done. best_score=74.0, changed=615, unchanged=258, early_stops=8/8
26 - INFO - chord#: 14 In build_straw_man_chord_sa. tolerance = 1, sa_iterations = 1000, initial_temperature = 3.0, cooling_rate = 0.999
26 - INFO - chord#: 12 done. best_score=74.0, changed=612, unchanged=325, early_stops=8/8
26 - INFO - chord#: 14 In build_straw_man_chord_sa. tolerance = 1, sa_iterations = 1000, initial_temperature = 3.0, cooling_rate = 0.999
26 - INFO - chord#: 10 done. best_score=64.0, changed=613, unchanged=457, early_stops=8/8
26 - INFO - chord#: 12 In build_straw_man_chord_sa. tolerance = 1, sa_iterations = 1000, initial_temperature = 3.0, cooling_rate = 0.999
26 - INFO - chord#: 10 done. best_score=64.0, changed=613, unchanged=373, early_stops=8/8
26 - INFO - chord#: 12 In build_straw_man_chord_sa. tolerance = 1, sa_iterations = 1000, initial_temperature = 3.0, cooling_rate = 0.999
26 - INFO - chord#: 12 done. best_score=162.0, changed=615, unchanged=448, early_stops=8/8
26 - INFO - chord#: 14 In build_straw_man_chord_sa. tolerance = 1, sa_iterations = 1000, initial_temperature = 3.0, cooling_rate = 0.999
26 - INFO - chord#: 14 done. best_score=27.0, changed=529, unchanged=308, early_stops=8/8
26 - INFO - chord#: 16 In build_straw_man_chord_sa. tolerance = 1, sa_iterations = 1000, initial_temperature = 3.0, cooling_rate = 0.999
26 - INFO - chord#: 12 done. best_score=74.0, changed=610, unchanged=291, early_stops=8/8
26 - INFO - chord#: 14 In build_straw_man_chord_sa. tolerance = 1, sa_iterations = 1000, initial_temperature = 3.0, cooling_rate = 0.999
26 - INFO - chord#: 14 done. best_score=27.0, changed=523, unchanged=358, early_stops=8/8
26 - INFO - chord#: 16 In build_straw_man_chord_sa. tolerance = 1, sa_iterations = 1000, initial_temperature = 3.0, cooling_rate = 0.999
26 - INFO - chord#: 14 done. best_score=27.0, changed=523, unchanged=330, early_stops=8/8
26 - INFO - chord#: 16 In build_straw_man_chord_sa. tolerance = 1, sa_iterations = 1000, initial_temperature = 3.0, cooling_rate = 0.999
26 - INFO - chord#: 14 done. best_score=27.0, changed=537, unchanged=323, early_stops=8/8
26 - INFO - chord#: 16 In build_straw_man_chord_sa. tolerance = 1, sa_iterations = 1000, initial_temperature = 3.0, cooling_rate = 0.999
26 - INFO - chord#: 14 done. best_score=27.0, changed=548, unchanged=286, early_stops=8/8
26 - INFO - chord#: 16 In build_straw_man_chord_sa. tolerance = 1, sa_iterations = 1000, initial_temperature = 3.0, cooling_rate = 0.999
26 - INFO - chord#: 16 done. best_score=27.0, changed=520, unchanged=424, early_stops=8/8
26 - INFO - chord#: 18 In build_straw_man_chord_sa. tolerance = 1, sa_iterations = 1000, initial_temperature = 3.0, cooling_rate = 0.999
26 - INFO - chord#: 14 done. best_score=27.0, changed=542, unchanged=325, early_stops=8/8
26 - INFO - chord#: 16 In build_straw_man_chord_sa. tolerance = 1, sa_iterations = 1000, initial_temperature = 3.0, cooling_rate = 0.999
26 - INFO - chord#: 16 done. best_score=27.0, changed=526, unchanged=417, early_stops=8/8
26 - INFO - chord#: 18 In build_straw_man_chord_sa. tolerance = 1, sa_iterations = 1000, initial_temperature = 3.0, cooling_rate = 0.999
26 - INFO - chord#: 16 done. best_score=27.0, changed=528, unchanged=533, early_stops=8/8
26 - INFO - chord#: 18 In build_straw_man_chord_sa. tolerance = 1, sa_iterations = 1000, initial_temperature = 3.0, cooling_rate = 0.999
26 - INFO - chord#: 16 done. best_score=27.0, changed=535, unchanged=412, early_stops=8/8
26 - INFO - chord#: 18 In build_straw_man_chord_sa. tolerance = 1, sa_iterations = 1000, initial_temperature = 3.0, cooling_rate = 0.999
26 - INFO - chord#: 16 done. best_score=27.0, changed=523, unchanged=455, early_stops=8/8
26 - INFO - chord#: 18 In build_straw_man_chord_sa. tolerance = 1, sa_iterations = 1000, initial_temperature = 3.0, cooling_rate = 0.999
26 - INFO - chord#: 12 done. best_score=96.0, changed=618, unchanged=396, early_stops=8/8
26 - INFO - chord#: 14 In build_straw_man_chord_sa. tolerance = 1, sa_iterations = 1000, initial_temperature = 3.0, cooling_rate = 0.999
26 - INFO - chord#: 16 done. best_score=27.0, changed=531, unchanged=383, early_stops=8/8
26 - INFO - chord#: 18 In build_straw_man_chord_sa. tolerance = 1, sa_iterations = 1000, initial_temperature = 3.0, cooling_rate = 0.999
26 - INFO - chord#: 12 done. best_score=167.0, changed=613, unchanged=367, early_stops=8/8
26 - INFO - chord#: 14 In build_straw_man_chord_sa. tolerance = 1, sa_iterations = 1000, initial_temperature = 3.0, cooling_rate = 0.999
26 - INFO - chord#: 12 done. best_score=74.0, changed=611, unchanged=239, early_stops=8/8
26 - INFO - chord#: 14 In build_straw_man_chord_sa. tolerance = 1, sa_iterations = 1000, initial_temperature = 3.0, cooling_rate = 0.999
26 - INFO - chord#: 12 done. best_score=96.0, changed=613, unchanged=379, early_stops=8/8
26 - INFO - chord#: 14 In build_straw_man_chord_sa. tolerance = 1, sa_iterations = 1000, initial_temperature = 3.0, cooling_rate = 0.999
26 - INFO - chord#: 12 done. best_score=96.0, changed=613, unchanged=429, early_stops=8/8
26 - INFO - chord#: 14 In build_straw_man_chord_sa. tolerance = 1, sa_iterations = 1000, initial_temperature = 3.0, cooling_rate = 0.999
26 - INFO - chord#: 14 done. best_score=27.0, changed=523, unchanged=376, early_stops=8/8
26 - INFO - chord#: 16 In build_straw_man_chord_sa. tolerance = 1, sa_iterations = 1000, initial_temperature = 3.0, cooling_rate = 0.999
26 - INFO - chord#: 14 done. best_score=27.0, changed=532, unchanged=323, early_stops=8/8
26 - INFO - chord#: 16 In build_straw_man_chord_sa. tolerance = 1, sa_iterations = 1000, initial_temperature = 3.0, cooling_rate = 0.999
26 - INFO - chord#: 12 done. best_score=162.0, changed=610, unchanged=463, early_stops=8/8
26 - INFO - chord#: 14 In build_straw_man_chord_sa. tolerance = 1, sa_iterations = 1000, initial_temperature = 3.0, cooling_rate = 0.999
26 - INFO - chord#: 18 done. best_score=64.0, changed=612, unchanged=360, early_stops=8/8
26 - INFO - chord#: 20 In build_straw_man_chord_sa. tolerance = 1, sa_iterations = 1000, initial_temperature = 3.0, cooling_rate = 0.999
26 - INFO - chord#: 14 done. best_score=27.0, changed=529, unchanged=307, early_stops=8/8
26 - INFO - chord#: 16 In build_straw_man_chord_sa. tolerance = 1, sa_iterations = 1000, initial_temperature = 3.0, cooling_rate = 0.999
26 - INFO - chord#: 18 done. best_score=64.0, changed=609, unchanged=221, early_stops=8/8
26 - INFO - chord#: 20 In build_straw_man_chord_sa. tolerance = 1, sa_iterations = 1000, initial_temperature = 3.0, cooling_rate = 0.999
26 - INFO - chord#: 18 done. best_score=146.0, changed=616, unchanged=460, early_stops=8/8
26 - INFO - chord#: 20 In build_straw_man_chord_sa. tolerance = 1, sa_iterations = 1000, initial_temperature = 3.0, cooling_rate = 0.999
26 - INFO - chord#: 14 done. best_score=27.0, changed=536, unchanged=439, early_stops=8/8
26 - INFO - chord#: 16 In build_straw_man_chord_sa. tolerance = 1, sa_iterations = 1000, initial_temperature = 3.0, cooling_rate = 0.999
26 - INFO - chord#: 18 done. best_score=64.0, changed=612, unchanged=327, early_stops=8/8
26 - INFO - chord#: 20 In build_straw_man_chord_sa. tolerance = 1, sa_iterations = 1000, initial_temperature = 3.0, cooling_rate = 0.999
26 - INFO - chord#: 14 done. best_score=27.0, changed=525, unchanged=377, early_stops=8/8
26 - INFO - chord#: 16 In build_straw_man_chord_sa. tolerance = 1, sa_iterations = 1000, initial_temperature = 3.0, cooling_rate = 0.999
26 - INFO - chord#: 18 done. best_score=64.0, changed=611, unchanged=258, early_stops=8/8
26 - INFO - chord#: 20 In build_straw_man_chord_sa. tolerance = 1, sa_iterations = 1000, initial_temperature = 3.0, cooling_rate = 0.999
26 - INFO - chord#: 16 done. best_score=27.0, changed=518, unchanged=353, early_stops=8/8
26 - INFO - chord#: 18 In build_straw_man_chord_sa. tolerance = 1, sa_iterations = 1000, initial_temperature = 3.0, cooling_rate = 0.999
26 - INFO - chord#: 14 done. best_score=27.0, changed=534, unchanged=309, early_stops=8/8
26 - INFO - chord#: 16 In build_straw_man_chord_sa. tolerance = 1, sa_iterations = 1000, initial_temperature = 3.0, cooling_rate = 0.999
26 - INFO - chord#: 18 done. best_score=146.0, changed=613, unchanged=419, early_stops=8/8
26 - INFO - chord#: 20 In build_straw_man_chord_sa. tolerance = 1, sa_iterations = 1000, initial_temperature = 3.0, cooling_rate = 0.999
26 - INFO - chord#: 16 done. best_score=27.0, changed=527, unchanged=406, early_stops=8/8
26 - INFO - chord#: 18 In build_straw_man_chord_sa. tolerance = 1, sa_iterations = 1000, initial_temperature = 3.0, cooling_rate = 0.999
26 - INFO - chord#: 20 done. best_score=27.0, changed=519, unchanged=409, early_stops=8/8
26 - INFO - chord#: 22 In build_straw_man_chord_sa. tolerance = 1, sa_iterations = 1000, initial_temperature = 3.0, cooling_rate = 0.999
26 - INFO - chord#: 16 done. best_score=27.0, changed=518, unchanged=325, early_stops=8/8
26 - INFO - chord#: 18 In build_straw_man_chord_sa. tolerance = 1, sa_iterations = 1000, initial_temperature = 3.0, cooling_rate = 0.999
26 - INFO - chord#: 20 done. best_score=27.0, changed=516, unchanged=371, early_stops=8/8
26 - INFO - chord#: 22 In build_straw_man_chord_sa. tolerance = 1, sa_iterations = 1000, initial_temperature = 3.0, cooling_rate = 0.999
26 - INFO - chord#: 16 done. best_score=27.0, changed=515, unchanged=334, early_stops=8/8
26 - INFO - chord#: 20 done. best_score=27.0, changed=514, unchanged=424, early_stops=8/8
26 - INFO - chord#: 18 In build_straw_man_chord_sa. tolerance = 1, sa_iterations = 1000, initial_temperature = 3.0, cooling_rate = 0.999
26 - INFO - chord#: 22 In build_straw_man_chord_sa. tolerance = 1, sa_iterations = 1000, initial_temperature = 3.0, cooling_rate = 0.999
26 - INFO - chord#: 20 done. best_score=27.0, changed=521, unchanged=502, early_stops=8/8
26 - INFO - chord#: 22 In build_straw_man_chord_sa. tolerance = 1, sa_iterations = 1000, initial_temperature = 3.0, cooling_rate = 0.999
26 - INFO - chord#: 16 done. best_score=27.0, changed=536, unchanged=445, early_stops=8/8
26 - INFO - chord#: 18 In build_straw_man_chord_sa. tolerance = 1, sa_iterations = 1000, initial_temperature = 3.0, cooling_rate = 0.999
26 - INFO - chord#: 20 done. best_score=27.0, changed=520, unchanged=442, early_stops=8/8
26 - INFO - chord#: 22 In build_straw_man_chord_sa. tolerance = 1, sa_iterations = 1000, initial_temperature = 3.0, cooling_rate = 0.999
26 - INFO - chord#: 20 done. best_score=27.0, changed=518, unchanged=396, early_stops=8/8
26 - INFO - chord#: 22 In build_straw_man_chord_sa. tolerance = 1, sa_iterations = 1000, initial_temperature = 3.0, cooling_rate = 0.999
26 - INFO - chord#: 16 done. best_score=27.0, changed=517, unchanged=358, early_stops=8/8
26 - INFO - chord#: 18 In build_straw_man_chord_sa. tolerance = 1, sa_iterations = 1000, initial_temperature = 3.0, cooling_rate = 0.999
26 - INFO - chord#: 22 done. best_score=27.0, changed=516, unchanged=364, early_stops=8/8
26 - INFO - chord#: 24 In build_straw_man_chord_sa. tolerance = 1, sa_iterations = 1000, initial_temperature = 3.0, cooling_rate = 0.999
26 - INFO - chord#: 22 done. best_score=27.0, changed=534, unchanged=455, early_stops=8/8
26 - INFO - chord#: 24 In build_straw_man_chord_sa. tolerance = 1, sa_iterations = 1000, initial_temperature = 3.0, cooling_rate = 0.999
26 - INFO - chord#: 22 done. best_score=27.0, changed=534, unchanged=436, early_stops=8/8
26 - INFO - chord#: 24 In build_straw_man_chord_sa. tolerance = 1, sa_iterations = 1000, initial_temperature = 3.0, cooling_rate = 0.999
26 - INFO - chord#: 22 done. best_score=27.0, changed=528, unchanged=405, early_stops=8/8
26 - INFO - chord#: 24 In build_straw_man_chord_sa. tolerance = 1, sa_iterations = 1000, initial_temperature = 3.0, cooling_rate = 0.999
26 - INFO - chord#: 22 done. best_score=27.0, changed=529, unchanged=445, early_stops=8/8
26 - INFO - chord#: 24 In build_straw_man_chord_sa. tolerance = 1, sa_iterations = 1000, initial_temperature = 3.0, cooling_rate = 0.999
26 - INFO - chord#: 22 done. best_score=27.0, changed=519, unchanged=422, early_stops=8/8
26 - INFO - chord#: 24 In build_straw_man_chord_sa. tolerance = 1, sa_iterations = 1000, initial_temperature = 3.0, cooling_rate = 0.999
26 - INFO - chord#: 24 done. best_score=27.0, changed=521, unchanged=354, early_stops=8/8
26 - INFO - chord#: 28 In build_straw_man_chord_sa. tolerance = 1, sa_iterations = 1000, initial_temperature = 3.0, cooling_rate = 0.999
26 - INFO - chord#: 24 done. best_score=27.0, changed=519, unchanged=330, early_stops=8/8
26 - INFO - chord#: 28 In build_straw_man_chord_sa. tolerance = 1, sa_iterations = 1000, initial_temperature = 3.0, cooling_rate = 0.999
26 - INFO - chord#: 24 done. best_score=27.0, changed=519, unchanged=406, early_stops=8/8
26 - INFO - chord#: 28 In build_straw_man_chord_sa. tolerance = 1, sa_iterations = 1000, initial_temperature = 3.0, cooling_rate = 0.999
26 - INFO - chord#: 18 done. best_score=155.0, changed=616, unchanged=295, early_stops=8/8
26 - INFO - chord#: 20 In build_straw_man_chord_sa. tolerance = 1, sa_iterations = 1000, initial_temperature = 3.0, cooling_rate = 0.999
26 - INFO - chord#: 18 done. best_score=146.0, changed=612, unchanged=257, early_stops=8/8
26 - INFO - chord#: 20 In build_straw_man_chord_sa. tolerance = 1, sa_iterations = 1000, initial_temperature = 3.0, cooling_rate = 0.999
26 - INFO - chord#: 24 done. best_score=27.0, changed=522, unchanged=426, early_stops=8/8
26 - INFO - chord#: 28 In build_straw_man_chord_sa. tolerance = 1, sa_iterations = 1000, initial_temperature = 3.0, cooling_rate = 0.999
26 - INFO - chord#: 18 done. best_score=146.0, changed=613, unchanged=270, early_stops=8/8
26 - INFO - chord#: 20 In build_straw_man_chord_sa. tolerance = 1, sa_iterations = 1000, initial_temperature = 3.0, cooling_rate = 0.999
26 - INFO - chord#: 24 done. best_score=27.0, changed=526, unchanged=490, early_stops=8/8
26 - INFO - chord#: 28 In build_straw_man_chord_sa. tolerance = 1, sa_iterations = 1000, initial_temperature = 3.0, cooling_rate = 0.999
26 - INFO - chord#: 24 done. best_score=27.0, changed=522, unchanged=342, early_stops=8/8
26 - INFO - chord#: 28 In build_straw_man_chord_sa. tolerance = 1, sa_iterations = 1000, initial_temperature = 3.0, cooling_rate = 0.999
26 - INFO - chord#: 28 done. best_score=27.0, changed=520, unchanged=336, early_stops=8/8
26 - INFO - chord#: 32 In build_straw_man_chord_sa. tolerance = 1, sa_iterations = 1000, initial_temperature = 3.0, cooling_rate = 0.999
26 - INFO - chord#: 28 done. best_score=27.0, changed=525, unchanged=316, early_stops=8/8
26 - INFO - chord#: 32 In build_straw_man_chord_sa. tolerance = 1, sa_iterations = 1000, initial_temperature = 3.0, cooling_rate = 0.999
26 - INFO - chord#: 18 done. best_score=64.0, changed=619, unchanged=431, early_stops=8/8
26 - INFO - chord#: 20 In build_straw_man_chord_sa. tolerance = 1, sa_iterations = 1000, initial_temperature = 3.0, cooling_rate = 0.999
26 - INFO - chord#: 28 done. best_score=27.0, changed=526, unchanged=387, early_stops=8/8
26 - INFO - chord#: 32 In build_straw_man_chord_sa. tolerance = 1, sa_iterations = 1000, initial_temperature = 3.0, cooling_rate = 0.999
26 - INFO - chord#: 18 done. best_score=64.0, changed=611, unchanged=336, early_stops=8/8
26 - INFO - chord#: 20 In build_straw_man_chord_sa. tolerance = 1, sa_iterations = 1000, initial_temperature = 3.0, cooling_rate = 0.999
26 - INFO - chord#: 28 done. best_score=27.0, changed=521, unchanged=350, early_stops=8/8
26 - INFO - chord#: 32 In build_straw_man_chord_sa. tolerance = 1, sa_iterations = 1000, initial_temperature = 3.0, cooling_rate = 0.999
26 - INFO - chord#: 18 done. best_score=64.0, changed=617, unchanged=267, early_stops=8/8
26 - INFO - chord#: 20 In build_straw_man_chord_sa. tolerance = 1, sa_iterations = 1000, initial_temperature = 3.0, cooling_rate = 0.999
26 - INFO - chord#: 20 done. best_score=27.0, changed=524, unchanged=468, early_stops=8/8
26 - INFO - chord#: 22 In build_straw_man_chord_sa. tolerance = 1, sa_iterations = 1000, initial_temperature = 3.0, cooling_rate = 0.999
26 - INFO - chord#: 28 done. best_score=27.0, changed=529, unchanged=298, early_stops=8/8
26 - INFO - chord#: 32 In build_straw_man_chord_sa. tolerance = 1, sa_iterations = 1000, initial_temperature = 3.0, cooling_rate = 0.999
26 - INFO - chord#: 20 done. best_score=27.0, changed=518, unchanged=388, early_stops=8/8
26 - INFO - chord#: 22 In build_straw_man_chord_sa. tolerance = 1, sa_iterations = 1000, initial_temperature = 3.0, cooling_rate = 0.999
26 - INFO - chord#: 32 done. best_score=27.0, changed=523, unchanged=315, early_stops=8/8
26 - INFO - chord#: 34 In build_straw_man_chord_sa. tolerance = 1, sa_iterations = 1000, initial_temperature = 3.0, cooling_rate = 0.999
26 - INFO - chord#: 28 done. best_score=27.0, changed=532, unchanged=417, early_stops=8/8
26 - INFO - chord#: 32 In build_straw_man_chord_sa. tolerance = 1, sa_iterations = 1000, initial_temperature = 3.0, cooling_rate = 0.999
26 - INFO - chord#: 20 done. best_score=27.0, changed=518, unchanged=485, early_stops=8/8
26 - INFO - chord#: 22 In build_straw_man_chord_sa. tolerance = 1, sa_iterations = 1000, initial_temperature = 3.0, cooling_rate = 0.999
26 - INFO - chord#: 32 done. best_score=27.0, changed=539, unchanged=399, early_stops=8/8
26 - INFO - chord#: 34 In build_straw_man_chord_sa. tolerance = 1, sa_iterations = 1000, initial_temperature = 3.0, cooling_rate = 0.999
26 - INFO - chord#: 32 done. best_score=27.0, changed=525, unchanged=321, early_stops=8/8
26 - INFO - chord#: 34 In build_straw_man_chord_sa. tolerance = 1, sa_iterations = 1000, initial_temperature = 3.0, cooling_rate = 0.999
26 - INFO - chord#: 32 done. best_score=27.0, changed=547, unchanged=439, early_stops=8/8
26 - INFO - chord#: 34 In build_straw_man_chord_sa. tolerance = 1, sa_iterations = 1000, initial_temperature = 3.0, cooling_rate = 0.999
26 - INFO - chord#: 20 done. best_score=27.0, changed=523, unchanged=348, early_stops=8/8
26 - INFO - chord#: 22 In build_straw_man_chord_sa. tolerance = 1, sa_iterations = 1000, initial_temperature = 3.0, cooling_rate = 0.999
26 - INFO - chord#: 20 done. best_score=27.0, changed=514, unchanged=349, early_stops=8/8
26 - INFO - chord#: 22 In build_straw_man_chord_sa. tolerance = 1, sa_iterations = 1000, initial_temperature = 3.0, cooling_rate = 0.999
26 - INFO - chord#: 32 done. best_score=27.0, changed=537, unchanged=297, early_stops=8/8
26 - INFO - chord#: 34 In build_straw_man_chord_sa. tolerance = 1, sa_iterations = 1000, initial_temperature = 3.0, cooling_rate = 0.999
26 - INFO - chord#: 20 done. best_score=27.0, changed=516, unchanged=331, early_stops=8/8
26 - INFO - chord#: 22 In build_straw_man_chord_sa. tolerance = 1, sa_iterations = 1000, initial_temperature = 3.0, cooling_rate = 0.999
26 - INFO - chord#: 32 done. best_score=27.0, changed=534, unchanged=324, early_stops=8/8
26 - INFO - chord#: 34 In build_straw_man_chord_sa. tolerance = 1, sa_iterations = 1000, initial_temperature = 3.0, cooling_rate = 0.999
26 - INFO - chord#: 22 done. best_score=27.0, changed=523, unchanged=346, early_stops=8/8
26 - INFO - chord#: 24 In build_straw_man_chord_sa. tolerance = 1, sa_iterations = 1000, initial_temperature = 3.0, cooling_rate = 0.999
26 - INFO - chord#: 22 done. best_score=27.0, changed=531, unchanged=401, early_stops=8/8
26 - INFO - chord#: 24 In build_straw_man_chord_sa. tolerance = 1, sa_iterations = 1000, initial_temperature = 3.0, cooling_rate = 0.999
26 - INFO - chord#: 22 done. best_score=27.0, changed=531, unchanged=436, early_stops=8/8
26 - INFO - chord#: 24 In build_straw_man_chord_sa. tolerance = 1, sa_iterations = 1000, initial_temperature = 3.0, cooling_rate = 0.999
26 - INFO - chord#: 22 done. best_score=27.0, changed=528, unchanged=398, early_stops=8/8
26 - INFO - chord#: 24 In build_straw_man_chord_sa. tolerance = 1, sa_iterations = 1000, initial_temperature = 3.0, cooling_rate = 0.999
26 - INFO - chord#: 22 done. best_score=27.0, changed=517, unchanged=409, early_stops=8/8
26 - INFO - chord#: 24 In build_straw_man_chord_sa. tolerance = 1, sa_iterations = 1000, initial_temperature = 3.0, cooling_rate = 0.999
26 - INFO - chord#: 22 done. best_score=27.0, changed=520, unchanged=327, early_stops=8/8
26 - INFO - chord#: 24 In build_straw_man_chord_sa. tolerance = 1, sa_iterations = 1000, initial_temperature = 3.0, cooling_rate = 0.999
26 - INFO - chord#: 24 done. best_score=27.0, changed=517, unchanged=330, early_stops=8/8
26 - INFO - chord#: 28 In build_straw_man_chord_sa. tolerance = 1, sa_iterations = 1000, initial_temperature = 3.0, cooling_rate = 0.999
26 - INFO - chord#: 24 done. best_score=27.0, changed=529, unchanged=421, early_stops=8/8
26 - INFO - chord#: 28 In build_straw_man_chord_sa. tolerance = 1, sa_iterations = 1000, initial_temperature = 3.0, cooling_rate = 0.999
26 - INFO - chord#: 34 done. best_score=70.0, changed=612, unchanged=374, early_stops=8/8
26 - INFO - chord#: 36 In build_straw_man_chord_sa. tolerance = 1, sa_iterations = 1000, initial_temperature = 3.0, cooling_rate = 0.999
26 - INFO - chord#: 34 done. best_score=70.0, changed=610, unchanged=294, early_stops=8/8
26 - INFO - chord#: 36 In build_straw_man_chord_sa. tolerance = 1, sa_iterations = 1000, initial_temperature = 3.0, cooling_rate = 0.999
26 - INFO - chord#: 34 done. best_score=70.0, changed=621, unchanged=329, early_stops=8/8
26 - INFO - chord#: 36 In build_straw_man_chord_sa. tolerance = 1, sa_iterations = 1000, initial_temperature = 3.0, cooling_rate = 0.999
26 - INFO - chord#: 34 done. best_score=70.0, changed=609, unchanged=250, early_stops=8/8
26 - INFO - chord#: 36 In build_straw_man_chord_sa. tolerance = 1, sa_iterations = 1000, initial_temperature = 3.0, cooling_rate = 0.999
26 - INFO - chord#: 24 done. best_score=27.0, changed=523, unchanged=401, early_stops=8/8
26 - INFO - chord#: 28 In build_straw_man_chord_sa. tolerance = 1, sa_iterations = 1000, initial_temperature = 3.0, cooling_rate = 0.999
26 - INFO - chord#: 34 done. best_score=70.0, changed=611, unchanged=264, early_stops=8/8
26 - INFO - chord#: 36 In build_straw_man_chord_sa. tolerance = 1, sa_iterations = 1000, initial_temperature = 3.0, cooling_rate = 0.999
26 - INFO - chord#: 24 done. best_score=27.0, changed=521, unchanged=376, early_stops=8/8
26 - INFO - chord#: 28 In build_straw_man_chord_sa. tolerance = 1, sa_iterations = 1000, initial_temperature = 3.0, cooling_rate = 0.999
26 - INFO - chord#: 24 done. best_score=27.0, changed=525, unchanged=312, early_stops=8/8
26 - INFO - chord#: 28 In build_straw_man_chord_sa. tolerance = 1, sa_iterations = 1000, initial_temperature = 3.0, cooling_rate = 0.999
26 - INFO - chord#: 24 done. best_score=27.0, changed=519, unchanged=393, early_stops=8/8
26 - INFO - chord#: 28 In build_straw_man_chord_sa. tolerance = 1, sa_iterations = 1000, initial_temperature = 3.0, cooling_rate = 0.999
26 - INFO - chord#: 28 done. best_score=27.0, changed=530, unchanged=365, early_stops=8/8
26 - INFO - chord#: 32 In build_straw_man_chord_sa. tolerance = 1, sa_iterations = 1000, initial_temperature = 3.0, cooling_rate = 0.999
26 - INFO - chord#: 36 done. best_score=27.0, changed=528, unchanged=394, early_stops=8/8
26 - INFO - chord#: 38 In build_straw_man_chord_sa. tolerance = 1, sa_iterations = 1000, initial_temperature = 3.0, cooling_rate = 0.999
26 - INFO - chord#: 34 done. best_score=70.0, changed=618, unchanged=361, early_stops=8/8
26 - INFO - chord#: 36 In build_straw_man_chord_sa. tolerance = 1, sa_iterations = 1000, initial_temperature = 3.0, cooling_rate = 0.999
26 - INFO - chord#: 36 done. best_score=27.0, changed=530, unchanged=463, early_stops=8/8
26 - INFO - chord#: 38 In build_straw_man_chord_sa. tolerance = 1, sa_iterations = 1000, initial_temperature = 3.0, cooling_rate = 0.999
26 - INFO - chord#: 36 done. best_score=27.0, changed=522, unchanged=355, early_stops=8/8
26 - INFO - chord#: 38 In build_straw_man_chord_sa. tolerance = 1, sa_iterations = 1000, initial_temperature = 3.0, cooling_rate = 0.999
26 - INFO - chord#: 36 done. best_score=27.0, changed=532, unchanged=460, early_stops=8/8
26 - INFO - chord#: 38 In build_straw_man_chord_sa. tolerance = 1, sa_iterations = 1000, initial_temperature = 3.0, cooling_rate = 0.999
26 - INFO - chord#: 28 done. best_score=27.0, changed=531, unchanged=377, early_stops=8/8
26 - INFO - chord#: 32 In build_straw_man_chord_sa. tolerance = 1, sa_iterations = 1000, initial_temperature = 3.0, cooling_rate = 0.999
26 - INFO - chord#: 36 done. best_score=27.0, changed=527, unchanged=408, early_stops=8/8
26 - INFO - chord#: 38 In build_straw_man_chord_sa. tolerance = 1, sa_iterations = 1000, initial_temperature = 3.0, cooling_rate = 0.999
26 - INFO - chord#: 28 done. best_score=27.0, changed=532, unchanged=382, early_stops=8/8
26 - INFO - chord#: 32 In build_straw_man_chord_sa. tolerance = 1, sa_iterations = 1000, initial_temperature = 3.0, cooling_rate = 0.999
26 - INFO - chord#: 28 done. best_score=27.0, changed=525, unchanged=325, early_stops=8/8
26 - INFO - chord#: 32 In build_straw_man_chord_sa. tolerance = 1, sa_iterations = 1000, initial_temperature = 3.0, cooling_rate = 0.999
26 - INFO - chord#: 28 done. best_score=27.0, changed=524, unchanged=332, early_stops=8/8
26 - INFO - chord#: 32 In build_straw_man_chord_sa. tolerance = 1, sa_iterations = 1000, initial_temperature = 3.0, cooling_rate = 0.999
26 - INFO - chord#: 28 done. best_score=27.0, changed=521, unchanged=369, early_stops=8/8
26 - INFO - chord#: 32 In build_straw_man_chord_sa. tolerance = 1, sa_iterations = 1000, initial_temperature = 3.0, cooling_rate = 0.999
26 - INFO - chord#: 36 done. best_score=27.0, changed=516, unchanged=318, early_stops=8/8
26 - INFO - chord#: 38 In build_straw_man_chord_sa. tolerance = 1, sa_iterations = 1000, initial_temperature = 3.0, cooling_rate = 0.999
26 - INFO - chord#: 32 done. best_score=27.0, changed=526, unchanged=306, early_stops=8/8
26 - INFO - chord#: 34 In build_straw_man_chord_sa. tolerance = 1, sa_iterations = 1000, initial_temperature = 3.0, cooling_rate = 0.999
26 - INFO - chord#: 32 done. best_score=27.0, changed=533, unchanged=448, early_stops=8/8
26 - INFO - chord#: 34 In build_straw_man_chord_sa. tolerance = 1, sa_iterations = 1000, initial_temperature = 3.0, cooling_rate = 0.999
26 - INFO - chord#: 32 done. best_score=27.0, changed=535, unchanged=340, early_stops=8/8
26 - INFO - chord#: 34 In build_straw_man_chord_sa. tolerance = 1, sa_iterations = 1000, initial_temperature = 3.0, cooling_rate = 0.999
26 - INFO - chord#: 32 done. best_score=27.0, changed=519, unchanged=312, early_stops=8/8
26 - INFO - chord#: 34 In build_straw_man_chord_sa. tolerance = 1, sa_iterations = 1000, initial_temperature = 3.0, cooling_rate = 0.999
26 - INFO - chord#: 32 done. best_score=27.0, changed=518, unchanged=294, early_stops=8/8
26 - INFO - chord#: 34 In build_straw_man_chord_sa. tolerance = 1, sa_iterations = 1000, initial_temperature = 3.0, cooling_rate = 0.999
26 - INFO - chord#: 38 done. best_score=64.0, changed=616, unchanged=228, early_stops=8/8
26 - INFO - chord#: 40 In build_straw_man_chord_sa. tolerance = 1, sa_iterations = 1000, initial_temperature = 3.0, cooling_rate = 0.999
26 - INFO - chord#: 32 done. best_score=27.0, changed=526, unchanged=355, early_stops=8/8
26 - INFO - chord#: 34 In build_straw_man_chord_sa. tolerance = 1, sa_iterations = 1000, initial_temperature = 3.0, cooling_rate = 0.999
26 - INFO - chord#: 38 done. best_score=64.0, changed=614, unchanged=263, early_stops=8/8
26 - INFO - chord#: 40 In build_straw_man_chord_sa. tolerance = 1, sa_iterations = 1000, initial_temperature = 3.0, cooling_rate = 0.999
26 - INFO - chord#: 38 done. best_score=64.0, changed=611, unchanged=396, early_stops=8/8
26 - INFO - chord#: 40 In build_straw_man_chord_sa. tolerance = 1, sa_iterations = 1000, initial_temperature = 3.0, cooling_rate = 0.999
26 - INFO - chord#: 38 done. best_score=64.0, changed=616, unchanged=329, early_stops=8/8
26 - INFO - chord#: 40 In build_straw_man_chord_sa. tolerance = 1, sa_iterations = 1000, initial_temperature = 3.0, cooling_rate = 0.999
26 - INFO - chord#: 38 done. best_score=146.0, changed=613, unchanged=376, early_stops=8/8
26 - INFO - chord#: 40 In build_straw_man_chord_sa. tolerance = 1, sa_iterations = 1000, initial_temperature = 3.0, cooling_rate = 0.999
26 - INFO - chord#: 40 done. best_score=35.0, changed=530, unchanged=407, early_stops=8/8
26 - INFO - chord#: 42 In build_straw_man_chord_sa. tolerance = 1, sa_iterations = 1000, initial_temperature = 3.0, cooling_rate = 0.999
26 - INFO - chord#: 40 done. best_score=35.0, changed=526, unchanged=404, early_stops=8/8
26 - INFO - chord#: 42 In build_straw_man_chord_sa. tolerance = 1, sa_iterations = 1000, initial_temperature = 3.0, cooling_rate = 0.999
26 - INFO - chord#: 38 done. best_score=146.0, changed=608, unchanged=352, early_stops=8/8
26 - INFO - chord#: 40 In build_straw_man_chord_sa. tolerance = 1, sa_iterations = 1000, initial_temperature = 3.0, cooling_rate = 0.999
26 - INFO - chord#: 40 done. best_score=35.0, changed=513, unchanged=347, early_stops=8/8
26 - INFO - chord#: 42 In build_straw_man_chord_sa. tolerance = 1, sa_iterations = 1000, initial_temperature = 3.0, cooling_rate = 0.999
26 - INFO - chord#: 40 done. best_score=35.0, changed=519, unchanged=344, early_stops=8/8
26 - INFO - chord#: 42 In build_straw_man_chord_sa. tolerance = 1, sa_iterations = 1000, initial_temperature = 3.0, cooling_rate = 0.999
26 - INFO - chord#: 40 done. best_score=35.0, changed=525, unchanged=395, early_stops=8/8
26 - INFO - chord#: 42 In build_straw_man_chord_sa. tolerance = 1, sa_iterations = 1000, initial_temperature = 3.0, cooling_rate = 0.999
26 - INFO - chord#: 40 done. best_score=35.0, changed=529, unchanged=418, early_stops=8/8
26 - INFO - chord#: 42 In build_straw_man_chord_sa. tolerance = 1, sa_iterations = 1000, initial_temperature = 3.0, cooling_rate = 0.999
26 - INFO - chord#: 42 done. best_score=36.0, changed=518, unchanged=345, early_stops=8/8
26 - INFO - chord#: 44 In build_straw_man_chord_sa. tolerance = 1, sa_iterations = 1000, initial_temperature = 3.0, cooling_rate = 0.999
26 - INFO - chord#: 34 done. best_score=105.0, changed=612, unchanged=338, early_stops=8/8
26 - INFO - chord#: 36 In build_straw_man_chord_sa. tolerance = 1, sa_iterations = 1000, initial_temperature = 3.0, cooling_rate = 0.999
26 - INFO - chord#: 34 done. best_score=70.0, changed=613, unchanged=256, early_stops=8/8
26 - INFO - chord#: 36 In build_straw_man_chord_sa. tolerance = 1, sa_iterations = 1000, initial_temperature = 3.0, cooling_rate = 0.999
26 - INFO - chord#: 42 done. best_score=36.0, changed=525, unchanged=387, early_stops=8/8
26 - INFO - chord#: 44 In build_straw_man_chord_sa. tolerance = 1, sa_iterations = 1000, initial_temperature = 3.0, cooling_rate = 0.999
26 - INFO - chord#: 34 done. best_score=70.0, changed=613, unchanged=247, early_stops=8/8
26 - INFO - chord#: 36 In build_straw_man_chord_sa. tolerance = 1, sa_iterations = 1000, initial_temperature = 3.0, cooling_rate = 0.999
26 - INFO - chord#: 42 done. best_score=36.0, changed=526, unchanged=366, early_stops=8/8
26 - INFO - chord#: 44 In build_straw_man_chord_sa. tolerance = 1, sa_iterations = 1000, initial_temperature = 3.0, cooling_rate = 0.999
26 - INFO - chord#: 42 done. best_score=36.0, changed=524, unchanged=643, early_stops=8/8
26 - INFO - chord#: 44 In build_straw_man_chord_sa. tolerance = 1, sa_iterations = 1000, initial_temperature = 3.0, cooling_rate = 0.999
26 - INFO - chord#: 34 done. best_score=111.0, changed=613, unchanged=401, early_stops=8/8
26 - INFO - chord#: 36 In build_straw_man_chord_sa. tolerance = 1, sa_iterations = 1000, initial_temperature = 3.0, cooling_rate = 0.999
26 - INFO - chord#: 42 done. best_score=36.0, changed=516, unchanged=388, early_stops=8/8
26 - INFO - chord#: 44 In build_straw_man_chord_sa. tolerance = 1, sa_iterations = 1000, initial_temperature = 3.0, cooling_rate = 0.999
26 - INFO - chord#: 34 done. best_score=70.0, changed=611, unchanged=312, early_stops=8/8
26 - INFO - chord#: 36 In build_straw_man_chord_sa. tolerance = 1, sa_iterations = 1000, initial_temperature = 3.0, cooling_rate = 0.999
26 - INFO - chord#: 44 done. best_score=27.0, changed=537, unchanged=327, early_stops=8/8
26 - INFO - chord#: 46 In build_straw_man_chord_sa. tolerance = 1, sa_iterations = 1000, initial_temperature = 3.0, cooling_rate = 0.999
26 - INFO - chord#: 34 done. best_score=70.0, changed=610, unchanged=488, early_stops=8/8
26 - INFO - chord#: 36 In build_straw_man_chord_sa. tolerance = 1, sa_iterations = 1000, initial_temperature = 3.0, cooling_rate = 0.999
26 - INFO - chord#: 36 done. best_score=88.0, changed=537, unchanged=321, early_stops=8/8
26 - INFO - chord#: 38 In build_straw_man_chord_sa. tolerance = 1, sa_iterations = 1000, initial_temperature = 3.0, cooling_rate = 0.999
26 - INFO - chord#: 44 done. best_score=27.0, changed=522, unchanged=304, early_stops=8/8
26 - INFO - chord#: 46 In build_straw_man_chord_sa. tolerance = 1, sa_iterations = 1000, initial_temperature = 3.0, cooling_rate = 0.999
26 - INFO - chord#: 42 done. best_score=36.0, changed=531, unchanged=444, early_stops=8/8
26 - INFO - chord#: 44 In build_straw_man_chord_sa. tolerance = 1, sa_iterations = 1000, initial_temperature = 3.0, cooling_rate = 0.999
26 - INFO - chord#: 44 done. best_score=27.0, changed=530, unchanged=331, early_stops=8/8
26 - INFO - chord#: 44 done. best_score=27.0, changed=529, unchanged=328, early_stops=8/8
26 - INFO - chord#: 46 In build_straw_man_chord_sa. tolerance = 1, sa_iterations = 1000, initial_temperature = 3.0, cooling_rate = 0.999
26 - INFO - chord#: 46 In build_straw_man_chord_sa. tolerance = 1, sa_iterations = 1000, initial_temperature = 3.0, cooling_rate = 0.999
26 - INFO - chord#: 36 done. best_score=27.0, changed=519, unchanged=352, early_stops=8/8
26 - INFO - chord#: 38 In build_straw_man_chord_sa. tolerance = 1, sa_iterations = 1000, initial_temperature = 3.0, cooling_rate = 0.999
26 - INFO - chord#: 36 done. best_score=27.0, changed=523, unchanged=310, early_stops=8/8
26 - INFO - chord#: 38 In build_straw_man_chord_sa. tolerance = 1, sa_iterations = 1000, initial_temperature = 3.0, cooling_rate = 0.999
26 - INFO - chord#: 36 done. best_score=27.0, changed=525, unchanged=368, early_stops=8/8
26 - INFO - chord#: 38 In build_straw_man_chord_sa. tolerance = 1, sa_iterations = 1000, initial_temperature = 3.0, cooling_rate = 0.999
26 - INFO - chord#: 44 done. best_score=27.0, changed=524, unchanged=349, early_stops=8/8
26 - INFO - chord#: 46 In build_straw_man_chord_sa. tolerance = 1, sa_iterations = 1000, initial_temperature = 3.0, cooling_rate = 0.999
26 - INFO - chord#: 36 done. best_score=27.0, changed=521, unchanged=384, early_stops=8/8
26 - INFO - chord#: 38 In build_straw_man_chord_sa. tolerance = 1, sa_iterations = 1000, initial_temperature = 3.0, cooling_rate = 0.999
26 - INFO - chord#: 46 done. best_score=27.0, changed=522, unchanged=339, early_stops=8/8
26 - INFO - chord#: 48 In build_straw_man_chord_sa. tolerance = 1, sa_iterations = 1000, initial_temperature = 3.0, cooling_rate = 0.999
26 - INFO - chord#: 36 done. best_score=27.0, changed=526, unchanged=364, early_stops=8/8
26 - INFO - chord#: 38 In build_straw_man_chord_sa. tolerance = 1, sa_iterations = 1000, initial_temperature = 3.0, cooling_rate = 0.999
26 - INFO - chord#: 46 done. best_score=27.0, changed=527, unchanged=472, early_stops=8/8
26 - INFO - chord#: 48 In build_straw_man_chord_sa. tolerance = 1, sa_iterations = 1000, initial_temperature = 3.0, cooling_rate = 0.999
26 - INFO - chord#: 46 done. best_score=27.0, changed=518, unchanged=339, early_stops=8/8
26 - INFO - chord#: 48 In build_straw_man_chord_sa. tolerance = 1, sa_iterations = 1000, initial_temperature = 3.0, cooling_rate = 0.999
26 - INFO - chord#: 46 done. best_score=27.0, changed=521, unchanged=300, early_stops=8/8
26 - INFO - chord#: 48 In build_straw_man_chord_sa. tolerance = 1, sa_iterations = 1000, initial_temperature = 3.0, cooling_rate = 0.999
26 - INFO - chord#: 44 done. best_score=27.0, changed=522, unchanged=348, early_stops=8/8
26 - INFO - chord#: 46 In build_straw_man_chord_sa. tolerance = 1, sa_iterations = 1000, initial_temperature = 3.0, cooling_rate = 0.999
26 - INFO - chord#: 46 done. best_score=27.0, changed=530, unchanged=408, early_stops=8/8
26 - INFO - chord#: 48 In build_straw_man_chord_sa. tolerance = 1, sa_iterations = 1000, initial_temperature = 3.0, cooling_rate = 0.999
26 - INFO - chord#: 46 done. best_score=27.0, changed=523, unchanged=320, early_stops=8/8
26 - INFO - chord#: 48 In build_straw_man_chord_sa. tolerance = 1, sa_iterations = 1000, initial_temperature = 3.0, cooling_rate = 0.999
26 - INFO - chord#: 38 done. best_score=155.0, changed=620, unchanged=282, early_stops=8/8
26 - INFO - chord#: 40 In build_straw_man_chord_sa. tolerance = 1, sa_iterations = 1000, initial_temperature = 3.0, cooling_rate = 0.999
26 - INFO - chord#: 38 done. best_score=64.0, changed=616, unchanged=250, early_stops=8/8
26 - INFO - chord#: 40 In build_straw_man_chord_sa. tolerance = 1, sa_iterations = 1000, initial_temperature = 3.0, cooling_rate = 0.999
26 - INFO - chord#: 38 done. best_score=64.0, changed=614, unchanged=348, early_stops=8/8
26 - INFO - chord#: 40 In build_straw_man_chord_sa. tolerance = 1, sa_iterations = 1000, initial_temperature = 3.0, cooling_rate = 0.999
26 - INFO - chord#: 38 done. best_score=64.0, changed=610, unchanged=198, early_stops=8/8
26 - INFO - chord#: 40 In build_straw_man_chord_sa. tolerance = 1, sa_iterations = 1000, initial_temperature = 3.0, cooling_rate = 0.999
26 - INFO - chord#: 38 done. best_score=64.0, changed=614, unchanged=298, early_stops=8/8
26 - INFO - chord#: 40 In build_straw_man_chord_sa. tolerance = 1, sa_iterations = 1000, initial_temperature = 3.0, cooling_rate = 0.999
26 - INFO - chord#: 48 done. best_score=64.0, changed=606, unchanged=203, early_stops=8/8
26 - INFO - chord#: 50 In build_straw_man_chord_sa. tolerance = 1, sa_iterations = 1000, initial_temperature = 3.0, cooling_rate = 0.999
26 - INFO - chord#: 48 done. best_score=104.0, changed=613, unchanged=333, early_stops=8/8
26 - INFO - chord#: 50 In build_straw_man_chord_sa. tolerance = 1, sa_iterations = 1000, initial_temperature = 3.0, cooling_rate = 0.999
26 - INFO - chord#: 48 done. best_score=71.0, changed=608, unchanged=276, early_stops=8/8
26 - INFO - chord#: 50 In build_straw_man_chord_sa. tolerance = 1, sa_iterations = 1000, initial_temperature = 3.0, cooling_rate = 0.999
26 - INFO - chord#: 48 done. best_score=146.0, changed=613, unchanged=431, early_stops=8/8
26 - INFO - chord#: 50 In build_straw_man_chord_sa. tolerance = 1, sa_iterations = 1000, initial_temperature = 3.0, cooling_rate = 0.999
26 - INFO - chord#: 40 done. best_score=35.0, changed=525, unchanged=333, early_stops=8/8
26 - INFO - chord#: 42 In build_straw_man_chord_sa. tolerance = 1, sa_iterations = 1000, initial_temperature = 3.0, cooling_rate = 0.999
26 - INFO - chord#: 40 done. best_score=35.0, changed=532, unchanged=369, early_stops=8/8
26 - INFO - chord#: 42 In build_straw_man_chord_sa. tolerance = 1, sa_iterations = 1000, initial_temperature = 3.0, cooling_rate = 0.999
26 - INFO - chord#: 50 done. best_score=61.0, changed=531, unchanged=288, early_stops=8/8
26 - INFO - chord#: 52 In build_straw_man_chord_sa. tolerance = 1, sa_iterations = 1000, initial_temperature = 3.0, cooling_rate = 0.999
26 - INFO - chord#: 38 done. best_score=64.0, changed=616, unchanged=404, early_stops=8/8
26 - INFO - chord#: 40 In build_straw_man_chord_sa. tolerance = 1, sa_iterations = 1000, initial_temperature = 3.0, cooling_rate = 0.999
26 - INFO - chord#: 40 done. best_score=35.0, changed=527, unchanged=470, early_stops=8/8
26 - INFO - chord#: 42 In build_straw_man_chord_sa. tolerance = 1, sa_iterations = 1000, initial_temperature = 3.0, cooling_rate = 0.999
26 - INFO - chord#: 40 done. best_score=35.0, changed=527, unchanged=373, early_stops=8/8
26 - INFO - chord#: 42 In build_straw_man_chord_sa. tolerance = 1, sa_iterations = 1000, initial_temperature = 3.0, cooling_rate = 0.999
26 - INFO - chord#: 40 done. best_score=35.0, changed=524, unchanged=369, early_stops=8/8
26 - INFO - chord#: 42 In build_straw_man_chord_sa. tolerance = 1, sa_iterations = 1000, initial_temperature = 3.0, cooling_rate = 0.999
26 - INFO - chord#: 50 done. best_score=37.0, changed=527, unchanged=471, early_stops=8/8
26 - INFO - chord#: 52 In build_straw_man_chord_sa. tolerance = 1, sa_iterations = 1000, initial_temperature = 3.0, cooling_rate = 0.999
26 - INFO - chord#: 50 done. best_score=35.0, changed=535, unchanged=426, early_stops=8/8
26 - INFO - chord#: 52 In build_straw_man_chord_sa. tolerance = 1, sa_iterations = 1000, initial_temperature = 3.0, cooling_rate = 0.999
26 - INFO - chord#: 48 done. best_score=64.0, changed=615, unchanged=645, early_stops=8/8
26 - INFO - chord#: 50 In build_straw_man_chord_sa. tolerance = 1, sa_iterations = 1000, initial_temperature = 3.0, cooling_rate = 0.999
26 - INFO - chord#: 50 done. best_score=35.0, changed=538, unchanged=475, early_stops=8/8
26 - INFO - chord#: 52 In build_straw_man_chord_sa. tolerance = 1, sa_iterations = 1000, initial_temperature = 3.0, cooling_rate = 0.999
26 - INFO - chord#: 42 done. best_score=36.0, changed=515, unchanged=430, early_stops=8/8
26 - INFO - chord#: 44 In build_straw_man_chord_sa. tolerance = 1, sa_iterations = 1000, initial_temperature = 3.0, cooling_rate = 0.999
26 - INFO - chord#: 52 done. best_score=27.0, changed=528, unchanged=488, early_stops=8/8
26 - INFO - chord#: 54 In build_straw_man_chord_sa. tolerance = 1, sa_iterations = 1000, initial_temperature = 3.0, cooling_rate = 0.999
26 - INFO - chord#: 42 done. best_score=36.0, changed=514, unchanged=332, early_stops=8/8
26 - INFO - chord#: 44 In build_straw_man_chord_sa. tolerance = 1, sa_iterations = 1000, initial_temperature = 3.0, cooling_rate = 0.999
26 - INFO - chord#: 40 done. best_score=35.0, changed=536, unchanged=425, early_stops=8/8
26 - INFO - chord#: 42 In build_straw_man_chord_sa. tolerance = 1, sa_iterations = 1000, initial_temperature = 3.0, cooling_rate = 0.999
26 - INFO - chord#: 52 done. best_score=27.0, changed=531, unchanged=626, early_stops=8/8
26 - INFO - chord#: 54 In build_straw_man_chord_sa. tolerance = 1, sa_iterations = 1000, initial_temperature = 3.0, cooling_rate = 0.999
26 - INFO - chord#: 48 done. best_score=154.0, changed=618, unchanged=358, early_stops=8/8
26 - INFO - chord#: 50 In build_straw_man_chord_sa. tolerance = 1, sa_iterations = 1000, initial_temperature = 3.0, cooling_rate = 0.999
26 - INFO - chord#: 52 done. best_score=27.0, changed=516, unchanged=458, early_stops=8/8
26 - INFO - chord#: 54 In build_straw_man_chord_sa. tolerance = 1, sa_iterations = 1000, initial_temperature = 3.0, cooling_rate = 0.999
26 - INFO - chord#: 50 done. best_score=37.0, changed=513, unchanged=329, early_stops=8/8
26 - INFO - chord#: 52 In build_straw_man_chord_sa. tolerance = 1, sa_iterations = 1000, initial_temperature = 3.0, cooling_rate = 0.999
26 - INFO - chord#: 42 done. best_score=36.0, changed=524, unchanged=396, early_stops=8/8
26 - INFO - chord#: 44 In build_straw_man_chord_sa. tolerance = 1, sa_iterations = 1000, initial_temperature = 3.0, cooling_rate = 0.999
26 - INFO - chord#: 42 done. best_score=36.0, changed=520, unchanged=454, early_stops=8/8
26 - INFO - chord#: 44 In build_straw_man_chord_sa. tolerance = 1, sa_iterations = 1000, initial_temperature = 3.0, cooling_rate = 0.999
26 - INFO - chord#: 52 done. best_score=27.0, changed=524, unchanged=401, early_stops=8/8
26 - INFO - chord#: 54 In build_straw_man_chord_sa. tolerance = 1, sa_iterations = 1000, initial_temperature = 3.0, cooling_rate = 0.999
26 - INFO - chord#: 44 done. best_score=27.0, changed=523, unchanged=320, early_stops=8/8
26 - INFO - chord#: 46 In build_straw_man_chord_sa. tolerance = 1, sa_iterations = 1000, initial_temperature = 3.0, cooling_rate = 0.999
26 - INFO - chord#: 42 done. best_score=36.0, changed=531, unchanged=617, early_stops=8/8
26 - INFO - chord#: 44 In build_straw_man_chord_sa. tolerance = 1, sa_iterations = 1000, initial_temperature = 3.0, cooling_rate = 0.999
26 - INFO - chord#: 54 done. best_score=27.0, changed=517, unchanged=317, early_stops=8/8
26 - INFO - chord#: 55 In build_straw_man_chord_sa. tolerance = 1, sa_iterations = 1000, initial_temperature = 3.0, cooling_rate = 0.999
26 - INFO - chord#: 54 done. best_score=27.0, changed=520, unchanged=380, early_stops=8/8
26 - INFO - chord#: 55 In build_straw_man_chord_sa. tolerance = 1, sa_iterations = 1000, initial_temperature = 3.0, cooling_rate = 0.999
26 - INFO - chord#: 54 done. best_score=27.0, changed=527, unchanged=409, early_stops=8/8
26 - INFO - chord#: 55 In build_straw_man_chord_sa. tolerance = 1, sa_iterations = 1000, initial_temperature = 3.0, cooling_rate = 0.999
26 - INFO - chord#: 44 done. best_score=27.0, changed=531, unchanged=352, early_stops=8/8
26 - INFO - chord#: 46 In build_straw_man_chord_sa. tolerance = 1, sa_iterations = 1000, initial_temperature = 3.0, cooling_rate = 0.999
26 - INFO - chord#: 50 done. best_score=61.0, changed=522, unchanged=353, early_stops=8/8
26 - INFO - chord#: 52 In build_straw_man_chord_sa. tolerance = 1, sa_iterations = 1000, initial_temperature = 3.0, cooling_rate = 0.999
26 - INFO - chord#: 52 done. best_score=27.0, changed=517, unchanged=393, early_stops=8/8
26 - INFO - chord#: 54 In build_straw_man_chord_sa. tolerance = 1, sa_iterations = 1000, initial_temperature = 3.0, cooling_rate = 0.999
26 - INFO - chord#: 42 done. best_score=36.0, changed=514, unchanged=376, early_stops=8/8
26 - INFO - chord#: 44 In build_straw_man_chord_sa. tolerance = 1, sa_iterations = 1000, initial_temperature = 3.0, cooling_rate = 0.999
26 - INFO - chord#: 44 done. best_score=27.0, changed=520, unchanged=393, early_stops=8/8
26 - INFO - chord#: 46 In build_straw_man_chord_sa. tolerance = 1, sa_iterations = 1000, initial_temperature = 3.0, cooling_rate = 0.999
26 - INFO - chord#: 54 done. best_score=27.0, changed=518, unchanged=365, early_stops=8/8
26 - INFO - chord#: 55 In build_straw_man_chord_sa. tolerance = 1, sa_iterations = 1000, initial_temperature = 3.0, cooling_rate = 0.999
26 - INFO - chord#: 46 done. best_score=27.0, changed=528, unchanged=432, early_stops=8/8
26 - INFO - chord#: 48 In build_straw_man_chord_sa. tolerance = 1, sa_iterations = 1000, initial_temperature = 3.0, cooling_rate = 0.999
26 - INFO - chord#: 44 done. best_score=27.0, changed=525, unchanged=394, early_stops=8/8
26 - INFO - chord#: 46 In build_straw_man_chord_sa. tolerance = 1, sa_iterations = 1000, initial_temperature = 3.0, cooling_rate = 0.999
26 - INFO - chord#: 44 done. best_score=27.0, changed=547, unchanged=553, early_stops=8/8
26 - INFO - chord#: 46 In build_straw_man_chord_sa. tolerance = 1, sa_iterations = 1000, initial_temperature = 3.0, cooling_rate = 0.999
26 - INFO - chord#: 46 done. best_score=27.0, changed=527, unchanged=316, early_stops=8/8
26 - INFO - chord#: 48 In build_straw_man_chord_sa. tolerance = 1, sa_iterations = 1000, initial_temperature = 3.0, cooling_rate = 0.999
26 - INFO - chord#: 54 done. best_score=27.0, changed=521, unchanged=375, early_stops=8/8
26 - INFO - chord#: 55 In build_straw_man_chord_sa. tolerance = 1, sa_iterations = 1000, initial_temperature = 3.0, cooling_rate = 0.999
26 - INFO - chord#: 52 done. best_score=27.0, changed=513, unchanged=322, early_stops=8/8
26 - INFO - chord#: 54 In build_straw_man_chord_sa. tolerance = 1, sa_iterations = 1000, initial_temperature = 3.0, cooling_rate = 0.999
26 - INFO - chord#: 44 done. best_score=27.0, changed=521, unchanged=377, early_stops=8/8
26 - INFO - chord#: 46 In build_straw_man_chord_sa. tolerance = 1, sa_iterations = 1000, initial_temperature = 3.0, cooling_rate = 0.999
26 - INFO - chord#: 46 done. best_score=27.0, changed=528, unchanged=360, early_stops=8/8
26 - INFO - chord#: 48 In build_straw_man_chord_sa. tolerance = 1, sa_iterations = 1000, initial_temperature = 3.0, cooling_rate = 0.999
26 - INFO - chord#: 46 done. best_score=27.0, changed=527, unchanged=370, early_stops=8/8
26 - INFO - chord#: 48 In build_straw_man_chord_sa. tolerance = 1, sa_iterations = 1000, initial_temperature = 3.0, cooling_rate = 0.999
26 - INFO - chord#: 55 done. best_score=137.0, changed=609, unchanged=258, early_stops=8/8
26 - INFO - chord#: 56 In build_straw_man_chord_sa. tolerance = 1, sa_iterations = 1000, initial_temperature = 3.0, cooling_rate = 0.999
26 - INFO - chord#: 46 done. best_score=27.0, changed=526, unchanged=518, early_stops=8/8
26 - INFO - chord#: 48 In build_straw_man_chord_sa. tolerance = 1, sa_iterations = 1000, initial_temperature = 3.0, cooling_rate = 0.999
26 - INFO - chord#: 46 done. best_score=27.0, changed=528, unchanged=436, early_stops=8/8
26 - INFO - chord#: 48 In build_straw_man_chord_sa. tolerance = 1, sa_iterations = 1000, initial_temperature = 3.0, cooling_rate = 0.999
26 - INFO - chord#: 55 done. best_score=67.0, changed=613, unchanged=327, early_stops=8/8
26 - INFO - chord#: 56 In build_straw_man_chord_sa. tolerance = 1, sa_iterations = 1000, initial_temperature = 3.0, cooling_rate = 0.999
26 - INFO - chord#: 55 done. best_score=67.0, changed=619, unchanged=454, early_stops=8/8
26 - INFO - chord#: 56 In build_straw_man_chord_sa. tolerance = 1, sa_iterations = 1000, initial_temperature = 3.0, cooling_rate = 0.999
26 - INFO - chord#: 54 done. best_score=27.0, changed=523, unchanged=355, early_stops=8/8
26 - INFO - chord#: 55 In build_straw_man_chord_sa. tolerance = 1, sa_iterations = 1000, initial_temperature = 3.0, cooling_rate = 0.999
26 - INFO - chord#: 56 done. best_score=27.0, changed=521, unchanged=411, early_stops=8/8
26 - INFO - chord#: 64 In build_straw_man_chord_sa. tolerance = 1, sa_iterations = 1000, initial_temperature = 3.0, cooling_rate = 0.999
26 - INFO - chord#: 55 done. best_score=67.0, changed=610, unchanged=245, early_stops=8/8
26 - INFO - chord#: 56 In build_straw_man_chord_sa. tolerance = 1, sa_iterations = 1000, initial_temperature = 3.0, cooling_rate = 0.999
26 - INFO - chord#: 56 done. best_score=27.0, changed=518, unchanged=329, early_stops=8/8
26 - INFO - chord#: 64 In build_straw_man_chord_sa. tolerance = 1, sa_iterations = 1000, initial_temperature = 3.0, cooling_rate = 0.999
26 - INFO - chord#: 56 done. best_score=27.0, changed=530, unchanged=408, early_stops=8/8
26 - INFO - chord#: 64 In build_straw_man_chord_sa. tolerance = 1, sa_iterations = 1000, initial_temperature = 3.0, cooling_rate = 0.999
26 - INFO - chord#: 48 done. best_score=64.0, changed=610, unchanged=442, early_stops=8/8
26 - INFO - chord#: 50 In build_straw_man_chord_sa. tolerance = 1, sa_iterations = 1000, initial_temperature = 3.0, cooling_rate = 0.999
26 - INFO - chord#: 48 done. best_score=96.0, changed=605, unchanged=211, early_stops=8/8
26 - INFO - chord#: 50 In build_straw_man_chord_sa. tolerance = 1, sa_iterations = 1000, initial_temperature = 3.0, cooling_rate = 0.999
26 - INFO - chord#: 55 done. best_score=67.0, changed=616, unchanged=347, early_stops=8/8
26 - INFO - chord#: 56 In build_straw_man_chord_sa. tolerance = 1, sa_iterations = 1000, initial_temperature = 3.0, cooling_rate = 0.999
26 - INFO - chord#: 64 done. best_score=27.0, changed=524, unchanged=388, early_stops=8/8
26 - INFO - chord#: 66 In build_straw_man_chord_sa. tolerance = 1, sa_iterations = 1000, initial_temperature = 3.0, cooling_rate = 0.999
26 - INFO - chord#: 48 done. best_score=157.0, changed=609, unchanged=318, early_stops=8/8
26 - INFO - chord#: 50 In build_straw_man_chord_sa. tolerance = 1, sa_iterations = 1000, initial_temperature = 3.0, cooling_rate = 0.999
26 - INFO - chord#: 56 done. best_score=27.0, changed=517, unchanged=378, early_stops=8/8
26 - INFO - chord#: 64 In build_straw_man_chord_sa. tolerance = 1, sa_iterations = 1000, initial_temperature = 3.0, cooling_rate = 0.999
26 - INFO - chord#: 50 done. best_score=37.0, changed=575, unchanged=238, early_stops=8/8
26 - INFO - chord#: 52 In build_straw_man_chord_sa. tolerance = 1, sa_iterations = 1000, initial_temperature = 3.0, cooling_rate = 0.999
26 - INFO - chord#: 64 done. best_score=27.0, changed=528, unchanged=461, early_stops=8/8
26 - INFO - chord#: 66 In build_straw_man_chord_sa. tolerance = 1, sa_iterations = 1000, initial_temperature = 3.0, cooling_rate = 0.999
26 - INFO - chord#: 64 done. best_score=27.0, changed=517, unchanged=376, early_stops=8/8
26 - INFO - chord#: 66 In build_straw_man_chord_sa. tolerance = 1, sa_iterations = 1000, initial_temperature = 3.0, cooling_rate = 0.999
26 - INFO - chord#: 50 done. best_score=37.0, changed=526, unchanged=446, early_stops=8/8
26 - INFO - chord#: 52 In build_straw_man_chord_sa. tolerance = 1, sa_iterations = 1000, initial_temperature = 3.0, cooling_rate = 0.999
26 - INFO - chord#: 56 done. best_score=27.0, changed=520, unchanged=329, early_stops=8/8
26 - INFO - chord#: 64 In build_straw_man_chord_sa. tolerance = 1, sa_iterations = 1000, initial_temperature = 3.0, cooling_rate = 0.999
26 - INFO - chord#: 48 done. best_score=104.0, changed=612, unchanged=366, early_stops=8/8
26 - INFO - chord#: 50 In build_straw_man_chord_sa. tolerance = 1, sa_iterations = 1000, initial_temperature = 3.0, cooling_rate = 0.999
26 - INFO - chord#: 48 done. best_score=64.0, changed=614, unchanged=301, early_stops=8/8
26 - INFO - chord#: 50 In build_straw_man_chord_sa. tolerance = 1, sa_iterations = 1000, initial_temperature = 3.0, cooling_rate = 0.999
26 - INFO - chord#: 64 done. best_score=27.0, changed=520, unchanged=359, early_stops=8/8
26 - INFO - chord#: 66 In build_straw_man_chord_sa. tolerance = 1, sa_iterations = 1000, initial_temperature = 3.0, cooling_rate = 0.999
26 - INFO - chord#: 48 done. best_score=64.0, changed=614, unchanged=424, early_stops=8/8
26 - INFO - chord#: 50 In build_straw_man_chord_sa. tolerance = 1, sa_iterations = 1000, initial_temperature = 3.0, cooling_rate = 0.999
26 - INFO - chord#: 50 done. best_score=37.0, changed=519, unchanged=389, early_stops=8/8
26 - INFO - chord#: 52 In build_straw_man_chord_sa. tolerance = 1, sa_iterations = 1000, initial_temperature = 3.0, cooling_rate = 0.999
26 - INFO - chord#: 52 done. best_score=27.0, changed=515, unchanged=372, early_stops=8/8
26 - INFO - chord#: 54 In build_straw_man_chord_sa. tolerance = 1, sa_iterations = 1000, initial_temperature = 3.0, cooling_rate = 0.999
26 - INFO - chord#: 50 done. best_score=61.0, changed=525, unchanged=364, early_stops=8/8
26 - INFO - chord#: 52 In build_straw_man_chord_sa. tolerance = 1, sa_iterations = 1000, initial_temperature = 3.0, cooling_rate = 0.999
26 - INFO - chord#: 52 done. best_score=27.0, changed=523, unchanged=388, early_stops=8/8
26 - INFO - chord#: 54 In build_straw_man_chord_sa. tolerance = 1, sa_iterations = 1000, initial_temperature = 3.0, cooling_rate = 0.999
26 - INFO - chord#: 64 done. best_score=27.0, changed=515, unchanged=334, early_stops=8/8
26 - INFO - chord#: 66 In build_straw_man_chord_sa. tolerance = 1, sa_iterations = 1000, initial_temperature = 3.0, cooling_rate = 0.999
26 - INFO - chord#: 55 done. best_score=67.0, changed=618, unchanged=478, early_stops=8/8
26 - INFO - chord#: 56 In build_straw_man_chord_sa. tolerance = 1, sa_iterations = 1000, initial_temperature = 3.0, cooling_rate = 0.999
26 - INFO - chord#: 50 done. best_score=37.0, changed=536, unchanged=426, early_stops=8/8
26 - INFO - chord#: 52 In build_straw_man_chord_sa. tolerance = 1, sa_iterations = 1000, initial_temperature = 3.0, cooling_rate = 0.999
26 - INFO - chord#: 54 done. best_score=27.0, changed=519, unchanged=415, early_stops=8/8
26 - INFO - chord#: 55 In build_straw_man_chord_sa. tolerance = 1, sa_iterations = 1000, initial_temperature = 3.0, cooling_rate = 0.999
26 - INFO - chord#: 66 done. best_score=70.0, changed=615, unchanged=428, early_stops=8/8
26 - INFO - chord#: 68 In build_straw_man_chord_sa. tolerance = 1, sa_iterations = 1000, initial_temperature = 3.0, cooling_rate = 0.999
26 - INFO - chord#: 66 done. best_score=103.0, changed=607, unchanged=308, early_stops=8/8
26 - INFO - chord#: 68 In build_straw_man_chord_sa. tolerance = 1, sa_iterations = 1000, initial_temperature = 3.0, cooling_rate = 0.999
26 - INFO - chord#: 50 done. best_score=37.0, changed=528, unchanged=378, early_stops=8/8
26 - INFO - chord#: 52 In build_straw_man_chord_sa. tolerance = 1, sa_iterations = 1000, initial_temperature = 3.0, cooling_rate = 0.999
26 - INFO - chord#: 66 done. best_score=70.0, changed=617, unchanged=356, early_stops=8/8
26 - INFO - chord#: 68 In build_straw_man_chord_sa. tolerance = 1, sa_iterations = 1000, initial_temperature = 3.0, cooling_rate = 0.999
26 - INFO - chord#: 52 done. best_score=27.0, changed=529, unchanged=495, early_stops=8/8
26 - INFO - chord#: 54 In build_straw_man_chord_sa. tolerance = 1, sa_iterations = 1000, initial_temperature = 3.0, cooling_rate = 0.999
26 - INFO - chord#: 52 done. best_score=27.0, changed=522, unchanged=434, early_stops=8/8
26 - INFO - chord#: 54 In build_straw_man_chord_sa. tolerance = 1, sa_iterations = 1000, initial_temperature = 3.0, cooling_rate = 0.999
26 - INFO - chord#: 54 done. best_score=27.0, changed=520, unchanged=357, early_stops=8/8
26 - INFO - chord#: 55 In build_straw_man_chord_sa. tolerance = 1, sa_iterations = 1000, initial_temperature = 3.0, cooling_rate = 0.999
26 - INFO - chord#: 56 done. best_score=27.0, changed=515, unchanged=327, early_stops=8/8
26 - INFO - chord#: 64 In build_straw_man_chord_sa. tolerance = 1, sa_iterations = 1000, initial_temperature = 3.0, cooling_rate = 0.999
26 - INFO - chord#: 68 done. best_score=31.0, changed=527, unchanged=331, early_stops=8/8
26 - INFO - chord#: 70 In build_straw_man_chord_sa. tolerance = 1, sa_iterations = 1000, initial_temperature = 3.0, cooling_rate = 0.999
26 - INFO - chord#: 68 done. best_score=31.0, changed=530, unchanged=332, early_stops=8/8
26 - INFO - chord#: 70 In build_straw_man_chord_sa. tolerance = 1, sa_iterations = 1000, initial_temperature = 3.0, cooling_rate = 0.999
26 - INFO - chord#: 66 done. best_score=70.0, changed=614, unchanged=335, early_stops=8/8
26 - INFO - chord#: 68 In build_straw_man_chord_sa. tolerance = 1, sa_iterations = 1000, initial_temperature = 3.0, cooling_rate = 0.999
26 - INFO - chord#: 68 done. best_score=31.0, changed=526, unchanged=357, early_stops=8/8
26 - INFO - chord#: 70 In build_straw_man_chord_sa. tolerance = 1, sa_iterations = 1000, initial_temperature = 3.0, cooling_rate = 0.999
26 - INFO - chord#: 54 done. best_score=27.0, changed=515, unchanged=351, early_stops=8/8
26 - INFO - chord#: 55 In build_straw_man_chord_sa. tolerance = 1, sa_iterations = 1000, initial_temperature = 3.0, cooling_rate = 0.999
26 - INFO - chord#: 52 done. best_score=27.0, changed=516, unchanged=386, early_stops=8/8
26 - INFO - chord#: 54 In build_straw_man_chord_sa. tolerance = 1, sa_iterations = 1000, initial_temperature = 3.0, cooling_rate = 0.999
26 - INFO - chord#: 54 done. best_score=27.0, changed=524, unchanged=332, early_stops=8/8
26 - INFO - chord#: 55 In build_straw_man_chord_sa. tolerance = 1, sa_iterations = 1000, initial_temperature = 3.0, cooling_rate = 0.999
26 - INFO - chord#: 52 done. best_score=27.0, changed=514, unchanged=406, early_stops=8/8
26 - INFO - chord#: 54 In build_straw_man_chord_sa. tolerance = 1, sa_iterations = 1000, initial_temperature = 3.0, cooling_rate = 0.999
26 - INFO - chord#: 70 done. best_score=27.0, changed=524, unchanged=396, early_stops=8/8
26 - INFO - chord#: 72 In build_straw_man_chord_sa. tolerance = 1, sa_iterations = 1000, initial_temperature = 3.0, cooling_rate = 0.999
26 - INFO - chord#: 70 done. best_score=27.0, changed=516, unchanged=353, early_stops=8/8
26 - INFO - chord#: 72 In build_straw_man_chord_sa. tolerance = 1, sa_iterations = 1000, initial_temperature = 3.0, cooling_rate = 0.999
26 - INFO - chord#: 64 done. best_score=27.0, changed=519, unchanged=408, early_stops=8/8
26 - INFO - chord#: 66 In build_straw_man_chord_sa. tolerance = 1, sa_iterations = 1000, initial_temperature = 3.0, cooling_rate = 0.999
26 - INFO - chord#: 68 done. best_score=31.0, changed=531, unchanged=361, early_stops=8/8
26 - INFO - chord#: 70 In build_straw_man_chord_sa. tolerance = 1, sa_iterations = 1000, initial_temperature = 3.0, cooling_rate = 0.999
26 - INFO - chord#: 70 done. best_score=27.0, changed=519, unchanged=408, early_stops=8/8
26 - INFO - chord#: 72 In build_straw_man_chord_sa. tolerance = 1, sa_iterations = 1000, initial_temperature = 3.0, cooling_rate = 0.999
26 - INFO - chord#: 54 done. best_score=27.0, changed=517, unchanged=371, early_stops=8/8
26 - INFO - chord#: 55 In build_straw_man_chord_sa. tolerance = 1, sa_iterations = 1000, initial_temperature = 3.0, cooling_rate = 0.999
26 - INFO - chord#: 66 done. best_score=70.0, changed=611, unchanged=345, early_stops=8/8
26 - INFO - chord#: 68 In build_straw_man_chord_sa. tolerance = 1, sa_iterations = 1000, initial_temperature = 3.0, cooling_rate = 0.999
26 - INFO - chord#: 55 done. best_score=157.0, changed=608, unchanged=312, early_stops=8/8
26 - INFO - chord#: 56 In build_straw_man_chord_sa. tolerance = 1, sa_iterations = 1000, initial_temperature = 3.0, cooling_rate = 0.999
26 - INFO - chord#: 54 done. best_score=27.0, changed=520, unchanged=339, early_stops=8/8
26 - INFO - chord#: 55 In build_straw_man_chord_sa. tolerance = 1, sa_iterations = 1000, initial_temperature = 3.0, cooling_rate = 0.999
26 - INFO - chord#: 70 done. best_score=27.0, changed=513, unchanged=333, early_stops=8/8
26 - INFO - chord#: 72 In build_straw_man_chord_sa. tolerance = 1, sa_iterations = 1000, initial_temperature = 3.0, cooling_rate = 0.999
26 - INFO - chord#: 72 done. best_score=36.0, changed=516, unchanged=414, early_stops=8/8
26 - INFO - chord#: 74 In build_straw_man_chord_sa. tolerance = 1, sa_iterations = 1000, initial_temperature = 3.0, cooling_rate = 0.999
26 - INFO - chord#: 72 done. best_score=36.0, changed=527, unchanged=450, early_stops=8/8
26 - INFO - chord#: 74 In build_straw_man_chord_sa. tolerance = 1, sa_iterations = 1000, initial_temperature = 3.0, cooling_rate = 0.999
26 - INFO - chord#: 55 done. best_score=67.0, changed=607, unchanged=270, early_stops=8/8
26 - INFO - chord#: 56 In build_straw_man_chord_sa. tolerance = 1, sa_iterations = 1000, initial_temperature = 3.0, cooling_rate = 0.999
26 - INFO - chord#: 72 done. best_score=36.0, changed=515, unchanged=447, early_stops=8/8
26 - INFO - chord#: 74 In build_straw_man_chord_sa. tolerance = 1, sa_iterations = 1000, initial_temperature = 3.0, cooling_rate = 0.999
26 - INFO - chord#: 68 done. best_score=31.0, changed=527, unchanged=370, early_stops=8/8
26 - INFO - chord#: 70 In build_straw_man_chord_sa. tolerance = 1, sa_iterations = 1000, initial_temperature = 3.0, cooling_rate = 0.999
26 - INFO - chord#: 56 done. best_score=27.0, changed=527, unchanged=494, early_stops=8/8
26 - INFO - chord#: 64 In build_straw_man_chord_sa. tolerance = 1, sa_iterations = 1000, initial_temperature = 3.0, cooling_rate = 0.999
26 - INFO - chord#: 55 done. best_score=137.0, changed=611, unchanged=372, early_stops=8/8
26 - INFO - chord#: 56 In build_straw_man_chord_sa. tolerance = 1, sa_iterations = 1000, initial_temperature = 3.0, cooling_rate = 0.999
26 - INFO - chord#: 72 done. best_score=36.0, changed=513, unchanged=323, early_stops=8/8
26 - INFO - chord#: 74 In build_straw_man_chord_sa. tolerance = 1, sa_iterations = 1000, initial_temperature = 3.0, cooling_rate = 0.999
26 - INFO - chord#: 56 done. best_score=27.0, changed=522, unchanged=414, early_stops=8/8
26 - INFO - chord#: 64 In build_straw_man_chord_sa. tolerance = 1, sa_iterations = 1000, initial_temperature = 3.0, cooling_rate = 0.999
26 - INFO - chord#: 64 done. best_score=27.0, changed=523, unchanged=462, early_stops=8/8
26 - INFO - chord#: 66 In build_straw_man_chord_sa. tolerance = 1, sa_iterations = 1000, initial_temperature = 3.0, cooling_rate = 0.999
26 - INFO - chord#: 70 done. best_score=27.0, changed=523, unchanged=355, early_stops=8/8
26 - INFO - chord#: 72 In build_straw_man_chord_sa. tolerance = 1, sa_iterations = 1000, initial_temperature = 3.0, cooling_rate = 0.999
26 - INFO - chord#: 55 done. best_score=157.0, changed=611, unchanged=362, early_stops=8/8
26 - INFO - chord#: 56 In build_straw_man_chord_sa. tolerance = 1, sa_iterations = 1000, initial_temperature = 3.0, cooling_rate = 0.999
26 - INFO - chord#: 56 done. best_score=27.0, changed=523, unchanged=416, early_stops=8/8
26 - INFO - chord#: 64 In build_straw_man_chord_sa. tolerance = 1, sa_iterations = 1000, initial_temperature = 3.0, cooling_rate = 0.999
26 - INFO - chord#: 66 done. best_score=141.0, changed=614, unchanged=320, early_stops=8/8
26 - INFO - chord#: 68 In build_straw_man_chord_sa. tolerance = 1, sa_iterations = 1000, initial_temperature = 3.0, cooling_rate = 0.999
26 - INFO - chord#: 55 done. best_score=96.0, changed=615, unchanged=249, early_stops=8/8
26 - INFO - chord#: 56 In build_straw_man_chord_sa. tolerance = 1, sa_iterations = 1000, initial_temperature = 3.0, cooling_rate = 0.999
26 - INFO - chord#: 74 done. best_score=125.0, changed=610, unchanged=223, early_stops=8/8
26 - INFO - chord#: 75 In build_straw_man_chord_sa. tolerance = 1, sa_iterations = 1000, initial_temperature = 3.0, cooling_rate = 0.999
26 - INFO - chord#: 64 done. best_score=27.0, changed=525, unchanged=446, early_stops=8/8
26 - INFO - chord#: 66 In build_straw_man_chord_sa. tolerance = 1, sa_iterations = 1000, initial_temperature = 3.0, cooling_rate = 0.999
26 - INFO - chord#: 55 done. best_score=167.0, changed=609, unchanged=321, early_stops=8/8
26 - INFO - chord#: 56 In build_straw_man_chord_sa. tolerance = 1, sa_iterations = 1000, initial_temperature = 3.0, cooling_rate = 0.999
26 - INFO - chord#: 74 done. best_score=141.0, changed=608, unchanged=341, early_stops=8/8
26 - INFO - chord#: 75 In build_straw_man_chord_sa. tolerance = 1, sa_iterations = 1000, initial_temperature = 3.0, cooling_rate = 0.999
26 - INFO - chord#: 68 done. best_score=31.0, changed=514, unchanged=300, early_stops=8/8
26 - INFO - chord#: 70 In build_straw_man_chord_sa. tolerance = 1, sa_iterations = 1000, initial_temperature = 3.0, cooling_rate = 0.999
26 - INFO - chord#: 56 done. best_score=27.0, changed=530, unchanged=395, early_stops=8/8
26 - INFO - chord#: 64 In build_straw_man_chord_sa. tolerance = 1, sa_iterations = 1000, initial_temperature = 3.0, cooling_rate = 0.999
26 - INFO - chord#: 75 done. best_score=72.0, changed=517, unchanged=355, early_stops=8/8
26 - INFO - chord#: 76 In build_straw_man_chord_sa. tolerance = 1, sa_iterations = 1000, initial_temperature = 3.0, cooling_rate = 0.999
26 - INFO - chord#: 74 done. best_score=141.0, changed=617, unchanged=324, early_stops=8/8
26 - INFO - chord#: 75 In build_straw_man_chord_sa. tolerance = 1, sa_iterations = 1000, initial_temperature = 3.0, cooling_rate = 0.999
26 - INFO - chord#: 72 done. best_score=47.0, changed=520, unchanged=406, early_stops=8/8
26 - INFO - chord#: 74 In build_straw_man_chord_sa. tolerance = 1, sa_iterations = 1000, initial_temperature = 3.0, cooling_rate = 0.999
26 - INFO - chord#: 56 done. best_score=27.0, changed=521, unchanged=325, early_stops=8/8
26 - INFO - chord#: 64 In build_straw_man_chord_sa. tolerance = 1, sa_iterations = 1000, initial_temperature = 3.0, cooling_rate = 0.999
26 - INFO - chord#: 64 done. best_score=27.0, changed=526, unchanged=471, early_stops=8/8
26 - INFO - chord#: 66 In build_straw_man_chord_sa. tolerance = 1, sa_iterations = 1000, initial_temperature = 3.0, cooling_rate = 0.999
26 - INFO - chord#: 74 done. best_score=127.0, changed=611, unchanged=277, early_stops=8/8
26 - INFO - chord#: 75 In build_straw_man_chord_sa. tolerance = 1, sa_iterations = 1000, initial_temperature = 3.0, cooling_rate = 0.999
26 - INFO - chord#: 75 done. best_score=27.0, changed=543, unchanged=457, early_stops=8/8
26 - INFO - chord#: 76 In build_straw_man_chord_sa. tolerance = 1, sa_iterations = 1000, initial_temperature = 3.0, cooling_rate = 0.999
26 - INFO - chord#: 56 done. best_score=27.0, changed=523, unchanged=381, early_stops=8/8
26 - INFO - chord#: 64 In build_straw_man_chord_sa. tolerance = 1, sa_iterations = 1000, initial_temperature = 3.0, cooling_rate = 0.999
26 - INFO - chord#: 70 done. best_score=27.0, changed=515, unchanged=320, early_stops=8/8
26 - INFO - chord#: 72 In build_straw_man_chord_sa. tolerance = 1, sa_iterations = 1000, initial_temperature = 3.0, cooling_rate = 0.999
26 - INFO - chord#: 75 done. best_score=27.0, changed=524, unchanged=389, early_stops=8/8
26 - INFO - chord#: 76 In build_straw_man_chord_sa. tolerance = 1, sa_iterations = 1000, initial_temperature = 3.0, cooling_rate = 0.999
26 - INFO - chord#: 76 done. best_score=27.0, changed=516, unchanged=368, early_stops=8/8
26 - INFO - chord#: 78 In build_straw_man_chord_sa. tolerance = 1, sa_iterations = 1000, initial_temperature = 3.0, cooling_rate = 0.999
26 - INFO - chord#: 66 done. best_score=70.0, changed=614, unchanged=392, early_stops=8/8
26 - INFO - chord#: 68 In build_straw_man_chord_sa. tolerance = 1, sa_iterations = 1000, initial_temperature = 3.0, cooling_rate = 0.999
26 - INFO - chord#: 64 done. best_score=27.0, changed=520, unchanged=327, early_stops=8/8
26 - INFO - chord#: 66 In build_straw_man_chord_sa. tolerance = 1, sa_iterations = 1000, initial_temperature = 3.0, cooling_rate = 0.999
26 - INFO - chord#: 75 done. best_score=27.0, changed=527, unchanged=312, early_stops=8/8
26 - INFO - chord#: 76 In build_straw_man_chord_sa. tolerance = 1, sa_iterations = 1000, initial_temperature = 3.0, cooling_rate = 0.999
26 - INFO - chord#: 66 done. best_score=70.0, changed=612, unchanged=282, early_stops=8/8
26 - INFO - chord#: 68 In build_straw_man_chord_sa. tolerance = 1, sa_iterations = 1000, initial_temperature = 3.0, cooling_rate = 0.999
26 - INFO - chord#: 64 done. best_score=27.0, changed=516, unchanged=361, early_stops=8/8
26 - INFO - chord#: 66 In build_straw_man_chord_sa. tolerance = 1, sa_iterations = 1000, initial_temperature = 3.0, cooling_rate = 0.999
26 - INFO - chord#: 76 done. best_score=27.0, changed=515, unchanged=316, early_stops=8/8
26 - INFO - chord#: 78 In build_straw_man_chord_sa. tolerance = 1, sa_iterations = 1000, initial_temperature = 3.0, cooling_rate = 0.999
26 - INFO - chord#: 78 done. best_score=27.0, changed=523, unchanged=393, early_stops=8/8
26 - INFO - chord#: 79 In build_straw_man_chord_sa. tolerance = 1, sa_iterations = 1000, initial_temperature = 3.0, cooling_rate = 0.999
26 - INFO - chord#: 76 done. best_score=27.0, changed=519, unchanged=453, early_stops=8/8
26 - INFO - chord#: 78 In build_straw_man_chord_sa. tolerance = 1, sa_iterations = 1000, initial_temperature = 3.0, cooling_rate = 0.999
26 - INFO - chord#: 68 done. best_score=31.0, changed=533, unchanged=450, early_stops=8/8
26 - INFO - chord#: 70 In build_straw_man_chord_sa. tolerance = 1, sa_iterations = 1000, initial_temperature = 3.0, cooling_rate = 0.999
26 - INFO - chord#: 64 done. best_score=27.0, changed=524, unchanged=430, early_stops=8/8
26 - INFO - chord#: 66 In build_straw_man_chord_sa. tolerance = 1, sa_iterations = 1000, initial_temperature = 3.0, cooling_rate = 0.999
26 - INFO - chord#: 68 done. best_score=31.0, changed=520, unchanged=302, early_stops=8/8
26 - INFO - chord#: 70 In build_straw_man_chord_sa. tolerance = 1, sa_iterations = 1000, initial_temperature = 3.0, cooling_rate = 0.999
26 - INFO - chord#: 76 done. best_score=27.0, changed=516, unchanged=319, early_stops=8/8
26 - INFO - chord#: 78 In build_straw_man_chord_sa. tolerance = 1, sa_iterations = 1000, initial_temperature = 3.0, cooling_rate = 0.999
26 - INFO - chord#: 72 done. best_score=36.0, changed=515, unchanged=396, early_stops=8/8
26 - INFO - chord#: 74 In build_straw_man_chord_sa. tolerance = 1, sa_iterations = 1000, initial_temperature = 3.0, cooling_rate = 0.999
26 - INFO - chord#: 78 done. best_score=27.0, changed=514, unchanged=318, early_stops=8/8
26 - INFO - chord#: 79 In build_straw_man_chord_sa. tolerance = 1, sa_iterations = 1000, initial_temperature = 3.0, cooling_rate = 0.999
26 - INFO - chord#: 66 done. best_score=104.0, changed=611, unchanged=246, early_stops=8/8
26 - INFO - chord#: 68 In build_straw_man_chord_sa. tolerance = 1, sa_iterations = 1000, initial_temperature = 3.0, cooling_rate = 0.999
26 - INFO - chord#: 74 done. best_score=124.0, changed=611, unchanged=231, early_stops=8/8
26 - INFO - chord#: 75 In build_straw_man_chord_sa. tolerance = 1, sa_iterations = 1000, initial_temperature = 3.0, cooling_rate = 0.999
26 - INFO - chord#: 70 done. best_score=27.0, changed=517, unchanged=339, early_stops=8/8
26 - INFO - chord#: 72 In build_straw_man_chord_sa. tolerance = 1, sa_iterations = 1000, initial_temperature = 3.0, cooling_rate = 0.999
26 - INFO - chord#: 70 done. best_score=27.0, changed=510, unchanged=311, early_stops=8/8
26 - INFO - chord#: 72 In build_straw_man_chord_sa. tolerance = 1, sa_iterations = 1000, initial_temperature = 3.0, cooling_rate = 0.999
26 - INFO - chord#: 79 done. best_score=27.0, changed=528, unchanged=339, early_stops=8/8
26 - INFO - chord#: 80 In build_straw_man_chord_sa. tolerance = 1, sa_iterations = 1000, initial_temperature = 3.0, cooling_rate = 0.999
26 - INFO - chord#: 78 done. best_score=27.0, changed=523, unchanged=434, early_stops=8/8
26 - INFO - chord#: 79 In build_straw_man_chord_sa. tolerance = 1, sa_iterations = 1000, initial_temperature = 3.0, cooling_rate = 0.999
26 - INFO - chord#: 78 done. best_score=27.0, changed=527, unchanged=477, early_stops=8/8
26 - INFO - chord#: 79 In build_straw_man_chord_sa. tolerance = 1, sa_iterations = 1000, initial_temperature = 3.0, cooling_rate = 0.999
26 - INFO - chord#: 79 done. best_score=27.0, changed=528, unchanged=561, early_stops=8/8
26 - INFO - chord#: 80 In build_straw_man_chord_sa. tolerance = 1, sa_iterations = 1000, initial_temperature = 3.0, cooling_rate = 0.999
26 - INFO - chord#: 66 done. best_score=103.0, changed=607, unchanged=255, early_stops=8/8
26 - INFO - chord#: 68 In build_straw_man_chord_sa. tolerance = 1, sa_iterations = 1000, initial_temperature = 3.0, cooling_rate = 0.999
26 - INFO - chord#: 68 done. best_score=31.0, changed=520, unchanged=383, early_stops=8/8
26 - INFO - chord#: 70 In build_straw_man_chord_sa. tolerance = 1, sa_iterations = 1000, initial_temperature = 3.0, cooling_rate = 0.999
26 - INFO - chord#: 75 done. best_score=36.0, changed=541, unchanged=339, early_stops=8/8
26 - INFO - chord#: 76 In build_straw_man_chord_sa. tolerance = 1, sa_iterations = 1000, initial_temperature = 3.0, cooling_rate = 0.999
26 - INFO - chord#: 79 done. best_score=27.0, changed=527, unchanged=367, early_stops=8/8
26 - INFO - chord#: 80 In build_straw_man_chord_sa. tolerance = 1, sa_iterations = 1000, initial_temperature = 3.0, cooling_rate = 0.999
26 - INFO - chord#: 72 done. best_score=36.0, changed=517, unchanged=340, early_stops=8/8
26 - INFO - chord#: 74 In build_straw_man_chord_sa. tolerance = 1, sa_iterations = 1000, initial_temperature = 3.0, cooling_rate = 0.999
26 - INFO - chord#: 79 done. best_score=27.0, changed=528, unchanged=416, early_stops=8/8
26 - INFO - chord#: 80 In build_straw_man_chord_sa. tolerance = 1, sa_iterations = 1000, initial_temperature = 3.0, cooling_rate = 0.999
26 - INFO - chord#: 72 done. best_score=36.0, changed=517, unchanged=555, early_stops=8/8
26 - INFO - chord#: 74 In build_straw_man_chord_sa. tolerance = 1, sa_iterations = 1000, initial_temperature = 3.0, cooling_rate = 0.999
26 - INFO - chord#: 66 done. best_score=70.0, changed=612, unchanged=399, early_stops=8/8
26 - INFO - chord#: 68 In build_straw_man_chord_sa. tolerance = 1, sa_iterations = 1000, initial_temperature = 3.0, cooling_rate = 0.999
26 - INFO - chord#: 68 done. best_score=31.0, changed=541, unchanged=375, early_stops=8/8
26 - INFO - chord#: 70 In build_straw_man_chord_sa. tolerance = 1, sa_iterations = 1000, initial_temperature = 3.0, cooling_rate = 0.999
26 - INFO - chord#: 70 done. best_score=27.0, changed=524, unchanged=410, early_stops=8/8
26 - INFO - chord#: 72 In build_straw_man_chord_sa. tolerance = 1, sa_iterations = 1000, initial_temperature = 3.0, cooling_rate = 0.999
26 - INFO - chord#: 66 done. best_score=70.0, changed=614, unchanged=374, early_stops=8/8
26 - INFO - chord#: 68 In build_straw_man_chord_sa. tolerance = 1, sa_iterations = 1000, initial_temperature = 3.0, cooling_rate = 0.999
26 - INFO - chord#: 76 done. best_score=27.0, changed=523, unchanged=388, early_stops=8/8
26 - INFO - chord#: 78 In build_straw_man_chord_sa. tolerance = 1, sa_iterations = 1000, initial_temperature = 3.0, cooling_rate = 0.999
26 - INFO - chord#: 68 done. best_score=31.0, changed=525, unchanged=305, early_stops=8/8
26 - INFO - chord#: 70 In build_straw_man_chord_sa. tolerance = 1, sa_iterations = 1000, initial_temperature = 3.0, cooling_rate = 0.999
26 - INFO - chord#: 80 done. best_score=137.0, changed=609, unchanged=326, early_stops=8/8
26 - INFO - chord#: 82 In build_straw_man_chord_sa. tolerance = 1, sa_iterations = 1000, initial_temperature = 3.0, cooling_rate = 0.999
26 - INFO - chord#: 70 done. best_score=27.0, changed=528, unchanged=458, early_stops=8/8
26 - INFO - chord#: 72 In build_straw_man_chord_sa. tolerance = 1, sa_iterations = 1000, initial_temperature = 3.0, cooling_rate = 0.999
26 - INFO - chord#: 74 done. best_score=127.0, changed=620, unchanged=461, early_stops=8/8
26 - INFO - chord#: 75 In build_straw_man_chord_sa. tolerance = 1, sa_iterations = 1000, initial_temperature = 3.0, cooling_rate = 0.999
26 - INFO - chord#: 68 done. best_score=31.0, changed=523, unchanged=375, early_stops=8/8
26 - INFO - chord#: 70 In build_straw_man_chord_sa. tolerance = 1, sa_iterations = 1000, initial_temperature = 3.0, cooling_rate = 0.999
26 - INFO - chord#: 78 done. best_score=27.0, changed=519, unchanged=346, early_stops=8/8
26 - INFO - chord#: 79 In build_straw_man_chord_sa. tolerance = 1, sa_iterations = 1000, initial_temperature = 3.0, cooling_rate = 0.999
26 - INFO - chord#: 72 done. best_score=36.0, changed=516, unchanged=363, early_stops=8/8
26 - INFO - chord#: 74 In build_straw_man_chord_sa. tolerance = 1, sa_iterations = 1000, initial_temperature = 3.0, cooling_rate = 0.999
26 - INFO - chord#: 80 done. best_score=67.0, changed=611, unchanged=275, early_stops=8/8
26 - INFO - chord#: 82 In build_straw_man_chord_sa. tolerance = 1, sa_iterations = 1000, initial_temperature = 3.0, cooling_rate = 0.999
26 - INFO - chord#: 82 done. best_score=35.0, changed=529, unchanged=371, early_stops=8/8
26 - INFO - chord#: 84 In build_straw_man_chord_sa. tolerance = 1, sa_iterations = 1000, initial_temperature = 3.0, cooling_rate = 0.999
26 - INFO - chord#: 80 done. best_score=78.0, changed=616, unchanged=421, early_stops=8/8
26 - INFO - chord#: 82 In build_straw_man_chord_sa. tolerance = 1, sa_iterations = 1000, initial_temperature = 3.0, cooling_rate = 0.999
26 - INFO - chord#: 74 done. best_score=161.0, changed=607, unchanged=259, early_stops=8/8
26 - INFO - chord#: 75 In build_straw_man_chord_sa. tolerance = 1, sa_iterations = 1000, initial_temperature = 3.0, cooling_rate = 0.999
26 - INFO - chord#: 70 done. best_score=27.0, changed=529, unchanged=477, early_stops=8/8
26 - INFO - chord#: 72 In build_straw_man_chord_sa. tolerance = 1, sa_iterations = 1000, initial_temperature = 3.0, cooling_rate = 0.999
26 - INFO - chord#: 80 done. best_score=67.0, changed=614, unchanged=375, early_stops=8/8
26 - INFO - chord#: 82 In build_straw_man_chord_sa. tolerance = 1, sa_iterations = 1000, initial_temperature = 3.0, cooling_rate = 0.999
26 - INFO - chord#: 74 done. best_score=125.0, changed=609, unchanged=399, early_stops=8/8
26 - INFO - chord#: 75 In build_straw_man_chord_sa. tolerance = 1, sa_iterations = 1000, initial_temperature = 3.0, cooling_rate = 0.999
26 - INFO - chord#: 75 done. best_score=27.0, changed=531, unchanged=299, early_stops=8/8
26 - INFO - chord#: 76 In build_straw_man_chord_sa. tolerance = 1, sa_iterations = 1000, initial_temperature = 3.0, cooling_rate = 0.999
26 - INFO - chord#: 82 done. best_score=35.0, changed=556, unchanged=299, early_stops=8/8
26 - INFO - chord#: 84 In build_straw_man_chord_sa. tolerance = 1, sa_iterations = 1000, initial_temperature = 3.0, cooling_rate = 0.999
26 - INFO - chord#: 82 done. best_score=37.0, changed=521, unchanged=366, early_stops=8/8
26 - INFO - chord#: 84 In build_straw_man_chord_sa. tolerance = 1, sa_iterations = 1000, initial_temperature = 3.0, cooling_rate = 0.999
26 - INFO - chord#: 70 done. best_score=27.0, changed=525, unchanged=448, early_stops=8/8
26 - INFO - chord#: 72 In build_straw_man_chord_sa. tolerance = 1, sa_iterations = 1000, initial_temperature = 3.0, cooling_rate = 0.999
26 - INFO - chord#: 75 done. best_score=59.0, changed=521, unchanged=382, early_stops=8/8
26 - INFO - chord#: 76 In build_straw_man_chord_sa. tolerance = 1, sa_iterations = 1000, initial_temperature = 3.0, cooling_rate = 0.999
26 - INFO - chord#: 72 done. best_score=47.0, changed=527, unchanged=437, early_stops=8/8
26 - INFO - chord#: 74 In build_straw_man_chord_sa. tolerance = 1, sa_iterations = 1000, initial_temperature = 3.0, cooling_rate = 0.999
26 - INFO - chord#: 79 done. best_score=27.0, changed=516, unchanged=469, early_stops=8/8
26 - INFO - chord#: 80 In build_straw_man_chord_sa. tolerance = 1, sa_iterations = 1000, initial_temperature = 3.0, cooling_rate = 0.999
26 - INFO - chord#: 82 done. best_score=35.0, changed=531, unchanged=320, early_stops=8/8
26 - INFO - chord#: 84 In build_straw_man_chord_sa. tolerance = 1, sa_iterations = 1000, initial_temperature = 3.0, cooling_rate = 0.999
26 - INFO - chord#: 84 done. best_score=27.0, changed=536, unchanged=533, early_stops=8/8
26 - INFO - chord#: 86 In build_straw_man_chord_sa. tolerance = 1, sa_iterations = 1000, initial_temperature = 3.0, cooling_rate = 0.999
26 - INFO - chord#: 75 done. best_score=57.0, changed=529, unchanged=336, early_stops=8/8
26 - INFO - chord#: 76 In build_straw_man_chord_sa. tolerance = 1, sa_iterations = 1000, initial_temperature = 3.0, cooling_rate = 0.999
26 - INFO - chord#: 72 done. best_score=36.0, changed=517, unchanged=418, early_stops=8/8
26 - INFO - chord#: 74 In build_straw_man_chord_sa. tolerance = 1, sa_iterations = 1000, initial_temperature = 3.0, cooling_rate = 0.999
26 - INFO - chord#: 84 done. best_score=27.0, changed=522, unchanged=437, early_stops=8/8
26 - INFO - chord#: 86 In build_straw_man_chord_sa. tolerance = 1, sa_iterations = 1000, initial_temperature = 3.0, cooling_rate = 0.999
26 - INFO - chord#: 76 done. best_score=27.0, changed=521, unchanged=314, early_stops=8/8
26 - INFO - chord#: 78 In build_straw_man_chord_sa. tolerance = 1, sa_iterations = 1000, initial_temperature = 3.0, cooling_rate = 0.999
26 - INFO - chord#: 84 done. best_score=27.0, changed=522, unchanged=425, early_stops=8/8
26 - INFO - chord#: 86 In build_straw_man_chord_sa. tolerance = 1, sa_iterations = 1000, initial_temperature = 3.0, cooling_rate = 0.999
26 - INFO - chord#: 76 done. best_score=27.0, changed=523, unchanged=404, early_stops=8/8
26 - INFO - chord#: 78 In build_straw_man_chord_sa. tolerance = 1, sa_iterations = 1000, initial_temperature = 3.0, cooling_rate = 0.999
26 - INFO - chord#: 86 done. best_score=27.0, changed=524, unchanged=396, early_stops=8/8
26 - INFO - chord#: 87 In build_straw_man_chord_sa. tolerance = 1, sa_iterations = 1000, initial_temperature = 3.0, cooling_rate = 0.999
26 - INFO - chord#: 76 done. best_score=27.0, changed=529, unchanged=429, early_stops=8/8
26 - INFO - chord#: 78 In build_straw_man_chord_sa. tolerance = 1, sa_iterations = 1000, initial_temperature = 3.0, cooling_rate = 0.999
26 - INFO - chord#: 72 done. best_score=47.0, changed=524, unchanged=409, early_stops=8/8
26 - INFO - chord#: 74 In build_straw_man_chord_sa. tolerance = 1, sa_iterations = 1000, initial_temperature = 3.0, cooling_rate = 0.999
26 - INFO - chord#: 84 done. best_score=27.0, changed=531, unchanged=622, early_stops=8/8
26 - INFO - chord#: 86 In build_straw_man_chord_sa. tolerance = 1, sa_iterations = 1000, initial_temperature = 3.0, cooling_rate = 0.999
26 - INFO - chord#: 86 done. best_score=27.0, changed=529, unchanged=449, early_stops=8/8
26 - INFO - chord#: 87 In build_straw_man_chord_sa. tolerance = 1, sa_iterations = 1000, initial_temperature = 3.0, cooling_rate = 0.999
26 - INFO - chord#: 86 done. best_score=27.0, changed=516, unchanged=303, early_stops=8/8
26 - INFO - chord#: 87 In build_straw_man_chord_sa. tolerance = 1, sa_iterations = 1000, initial_temperature = 3.0, cooling_rate = 0.999
26 - INFO - chord#: 78 done. best_score=27.0, changed=518, unchanged=411, early_stops=8/8
26 - INFO - chord#: 79 In build_straw_man_chord_sa. tolerance = 1, sa_iterations = 1000, initial_temperature = 3.0, cooling_rate = 0.999
26 - INFO - chord#: 78 done. best_score=27.0, changed=517, unchanged=469, early_stops=8/8
26 - INFO - chord#: 79 In build_straw_man_chord_sa. tolerance = 1, sa_iterations = 1000, initial_temperature = 3.0, cooling_rate = 0.999
26 - INFO - chord#: 78 done. best_score=27.0, changed=520, unchanged=449, early_stops=8/8
26 - INFO - chord#: 79 In build_straw_man_chord_sa. tolerance = 1, sa_iterations = 1000, initial_temperature = 3.0, cooling_rate = 0.999
26 - INFO - chord#: 86 done. best_score=27.0, changed=520, unchanged=318, early_stops=8/8
26 - INFO - chord#: 87 In build_straw_man_chord_sa. tolerance = 1, sa_iterations = 1000, initial_temperature = 3.0, cooling_rate = 0.999
26 - INFO - chord#: 74 done. best_score=150.0, changed=614, unchanged=418, early_stops=8/8
26 - INFO - chord#: 75 In build_straw_man_chord_sa. tolerance = 1, sa_iterations = 1000, initial_temperature = 3.0, cooling_rate = 0.999
26 - INFO - chord#: 79 done. best_score=27.0, changed=518, unchanged=429, early_stops=8/8
26 - INFO - chord#: 80 In build_straw_man_chord_sa. tolerance = 1, sa_iterations = 1000, initial_temperature = 3.0, cooling_rate = 0.999
26 - INFO - chord#: 79 done. best_score=27.0, changed=529, unchanged=467, early_stops=8/8
26 - INFO - chord#: 80 In build_straw_man_chord_sa. tolerance = 1, sa_iterations = 1000, initial_temperature = 3.0, cooling_rate = 0.999
26 - INFO - chord#: 79 done. best_score=27.0, changed=522, unchanged=359, early_stops=8/8
26 - INFO - chord#: 80 In build_straw_man_chord_sa. tolerance = 1, sa_iterations = 1000, initial_temperature = 3.0, cooling_rate = 0.999
26 - INFO - chord#: 87 done. best_score=137.0, changed=618, unchanged=367, early_stops=8/8
26 - INFO - chord#: 88 In build_straw_man_chord_sa. tolerance = 1, sa_iterations = 1000, initial_temperature = 3.0, cooling_rate = 0.999
26 - INFO - chord#: 74 done. best_score=141.0, changed=618, unchanged=428, early_stops=8/8
26 - INFO - chord#: 75 In build_straw_man_chord_sa. tolerance = 1, sa_iterations = 1000, initial_temperature = 3.0, cooling_rate = 0.999
26 - INFO - chord#: 87 done. best_score=162.0, changed=611, unchanged=251, early_stops=8/8
26 - INFO - chord#: 88 In build_straw_man_chord_sa. tolerance = 1, sa_iterations = 1000, initial_temperature = 3.0, cooling_rate = 0.999
26 - INFO - chord#: 75 done. best_score=61.0, changed=534, unchanged=369, early_stops=8/8
26 - INFO - chord#: 76 In build_straw_man_chord_sa. tolerance = 1, sa_iterations = 1000, initial_temperature = 3.0, cooling_rate = 0.999
26 - INFO - chord#: 74 done. best_score=127.0, changed=610, unchanged=354, early_stops=8/8
26 - INFO - chord#: 75 In build_straw_man_chord_sa. tolerance = 1, sa_iterations = 1000, initial_temperature = 3.0, cooling_rate = 0.999
26 - INFO - chord#: 87 done. best_score=145.0, changed=614, unchanged=371, early_stops=8/8
26 - INFO - chord#: 88 In build_straw_man_chord_sa. tolerance = 1, sa_iterations = 1000, initial_temperature = 3.0, cooling_rate = 0.999
26 - INFO - chord#: 80 done. best_score=78.0, changed=615, unchanged=549, early_stops=8/8
26 - INFO - chord#: 82 In build_straw_man_chord_sa. tolerance = 1, sa_iterations = 1000, initial_temperature = 3.0, cooling_rate = 0.999
26 - INFO - chord#: 87 done. best_score=157.0, changed=607, unchanged=214, early_stops=8/8
26 - INFO - chord#: 88 In build_straw_man_chord_sa. tolerance = 1, sa_iterations = 1000, initial_temperature = 3.0, cooling_rate = 0.999
26 - INFO - chord#: 88 done. best_score=27.0, changed=519, unchanged=327, early_stops=8/8
26 - INFO - chord#: 96 In build_straw_man_chord_sa. tolerance = 1, sa_iterations = 1000, initial_temperature = 3.0, cooling_rate = 0.999
26 - INFO - chord#: 75 done. best_score=27.0, changed=524, unchanged=327, early_stops=8/8
26 - INFO - chord#: 76 In build_straw_man_chord_sa. tolerance = 1, sa_iterations = 1000, initial_temperature = 3.0, cooling_rate = 0.999
26 - INFO - chord#: 88 done. best_score=27.0, changed=525, unchanged=494, early_stops=8/8
26 - INFO - chord#: 96 In build_straw_man_chord_sa. tolerance = 1, sa_iterations = 1000, initial_temperature = 3.0, cooling_rate = 0.999
26 - INFO - chord#: 75 done. best_score=27.0, changed=525, unchanged=311, early_stops=8/8
26 - INFO - chord#: 76 In build_straw_man_chord_sa. tolerance = 1, sa_iterations = 1000, initial_temperature = 3.0, cooling_rate = 0.999
26 - INFO - chord#: 88 done. best_score=27.0, changed=516, unchanged=319, early_stops=8/8
26 - INFO - chord#: 96 In build_straw_man_chord_sa. tolerance = 1, sa_iterations = 1000, initial_temperature = 3.0, cooling_rate = 0.999
26 - INFO - chord#: 74 done. best_score=159.0, changed=617, unchanged=432, early_stops=8/8
26 - INFO - chord#: 75 In build_straw_man_chord_sa. tolerance = 1, sa_iterations = 1000, initial_temperature = 3.0, cooling_rate = 0.999
26 - INFO - chord#: 76 done. best_score=27.0, changed=523, unchanged=348, early_stops=8/8
26 - INFO - chord#: 78 In build_straw_man_chord_sa. tolerance = 1, sa_iterations = 1000, initial_temperature = 3.0, cooling_rate = 0.999
26 - INFO - chord#: 88 done. best_score=27.0, changed=518, unchanged=359, early_stops=8/8
26 - INFO - chord#: 96 In build_straw_man_chord_sa. tolerance = 1, sa_iterations = 1000, initial_temperature = 3.0, cooling_rate = 0.999
26 - INFO - chord#: 80 done. best_score=78.0, changed=609, unchanged=277, early_stops=8/8
26 - INFO - chord#: 82 In build_straw_man_chord_sa. tolerance = 1, sa_iterations = 1000, initial_temperature = 3.0, cooling_rate = 0.999
26 - INFO - chord#: 82 done. best_score=37.0, changed=522, unchanged=345, early_stops=8/8
26 - INFO - chord#: 84 In build_straw_man_chord_sa. tolerance = 1, sa_iterations = 1000, initial_temperature = 3.0, cooling_rate = 0.999
26 - INFO - chord#: 96 done. best_score=27.0, changed=526, unchanged=414, early_stops=8/8
26 - INFO - chord#: 98 In build_straw_man_chord_sa. tolerance = 1, sa_iterations = 1000, initial_temperature = 3.0, cooling_rate = 0.999
26 - INFO - chord#: 80 done. best_score=168.0, changed=611, unchanged=290, early_stops=8/8
26 - INFO - chord#: 82 In build_straw_man_chord_sa. tolerance = 1, sa_iterations = 1000, initial_temperature = 3.0, cooling_rate = 0.999
26 - INFO - chord#: 96 done. best_score=27.0, changed=521, unchanged=332, early_stops=8/8
26 - INFO - chord#: 98 In build_straw_man_chord_sa. tolerance = 1, sa_iterations = 1000, initial_temperature = 3.0, cooling_rate = 0.999
26 - INFO - chord#: 96 done. best_score=27.0, changed=520, unchanged=332, early_stops=8/8
26 - INFO - chord#: 98 In build_straw_man_chord_sa. tolerance = 1, sa_iterations = 1000, initial_temperature = 3.0, cooling_rate = 0.999
26 - INFO - chord#: 76 done. best_score=27.0, changed=516, unchanged=387, early_stops=8/8
26 - INFO - chord#: 78 In build_straw_man_chord_sa. tolerance = 1, sa_iterations = 1000, initial_temperature = 3.0, cooling_rate = 0.999
26 - INFO - chord#: 75 done. best_score=27.0, changed=512, unchanged=315, early_stops=8/8
26 - INFO - chord#: 76 In build_straw_man_chord_sa. tolerance = 1, sa_iterations = 1000, initial_temperature = 3.0, cooling_rate = 0.999
26 - INFO - chord#: 96 done. best_score=27.0, changed=514, unchanged=305, early_stops=8/8
26 - INFO - chord#: 98 In build_straw_man_chord_sa. tolerance = 1, sa_iterations = 1000, initial_temperature = 3.0, cooling_rate = 0.999
26 - INFO - chord#: 82 done. best_score=37.0, changed=523, unchanged=294, early_stops=8/8
26 - INFO - chord#: 84 In build_straw_man_chord_sa. tolerance = 1, sa_iterations = 1000, initial_temperature = 3.0, cooling_rate = 0.999
26 - INFO - chord#: 76 done. best_score=27.0, changed=532, unchanged=453, early_stops=8/8
26 - INFO - chord#: 78 In build_straw_man_chord_sa. tolerance = 1, sa_iterations = 1000, initial_temperature = 3.0, cooling_rate = 0.999
26 - INFO - chord#: 80 done. best_score=67.0, changed=608, unchanged=304, early_stops=8/8
26 - INFO - chord#: 82 In build_straw_man_chord_sa. tolerance = 1, sa_iterations = 1000, initial_temperature = 3.0, cooling_rate = 0.999
26 - INFO - chord#: 78 done. best_score=27.0, changed=523, unchanged=378, early_stops=8/8
26 - INFO - chord#: 79 In build_straw_man_chord_sa. tolerance = 1, sa_iterations = 1000, initial_temperature = 3.0, cooling_rate = 0.999
26 - INFO - chord#: 82 done. best_score=35.0, changed=522, unchanged=335, early_stops=8/8
26 - INFO - chord#: 84 In build_straw_man_chord_sa. tolerance = 1, sa_iterations = 1000, initial_temperature = 3.0, cooling_rate = 0.999
26 - INFO - chord#: 84 done. best_score=27.0, changed=518, unchanged=408, early_stops=8/8
26 - INFO - chord#: 86 In build_straw_man_chord_sa. tolerance = 1, sa_iterations = 1000, initial_temperature = 3.0, cooling_rate = 0.999
26 - INFO - chord#: 78 done. best_score=27.0, changed=522, unchanged=336, early_stops=8/8
26 - INFO - chord#: 79 In build_straw_man_chord_sa. tolerance = 1, sa_iterations = 1000, initial_temperature = 3.0, cooling_rate = 0.999
26 - INFO - chord#: 82 done. best_score=35.0, changed=553, unchanged=290, early_stops=8/8
26 - INFO - chord#: 84 In build_straw_man_chord_sa. tolerance = 1, sa_iterations = 1000, initial_temperature = 3.0, cooling_rate = 0.999
26 - INFO - chord#: 76 done. best_score=27.0, changed=531, unchanged=416, early_stops=8/8
26 - INFO - chord#: 78 In build_straw_man_chord_sa. tolerance = 1, sa_iterations = 1000, initial_temperature = 3.0, cooling_rate = 0.999
26 - INFO - chord#: 78 done. best_score=27.0, changed=524, unchanged=376, early_stops=8/8
26 - INFO - chord#: 79 In build_straw_man_chord_sa. tolerance = 1, sa_iterations = 1000, initial_temperature = 3.0, cooling_rate = 0.999
26 - INFO - chord#: 84 done. best_score=27.0, changed=520, unchanged=635, early_stops=8/8
26 - INFO - chord#: 86 In build_straw_man_chord_sa. tolerance = 1, sa_iterations = 1000, initial_temperature = 3.0, cooling_rate = 0.999
26 - INFO - chord#: 79 done. best_score=27.0, changed=514, unchanged=390, early_stops=8/8
26 - INFO - chord#: 80 In build_straw_man_chord_sa. tolerance = 1, sa_iterations = 1000, initial_temperature = 3.0, cooling_rate = 0.999
26 - INFO - chord#: 98 done. best_score=82.0, changed=607, unchanged=240, early_stops=8/8
26 - INFO - chord#: 100 In build_straw_man_chord_sa. tolerance = 1, sa_iterations = 1000, initial_temperature = 3.0, cooling_rate = 0.999
26 - INFO - chord#: 86 done. best_score=27.0, changed=515, unchanged=356, early_stops=8/8
26 - INFO - chord#: 87 In build_straw_man_chord_sa. tolerance = 1, sa_iterations = 1000, initial_temperature = 3.0, cooling_rate = 0.999
26 - INFO - chord#: 98 done. best_score=82.0, changed=613, unchanged=357, early_stops=8/8
26 - INFO - chord#: 100 In build_straw_man_chord_sa. tolerance = 1, sa_iterations = 1000, initial_temperature = 3.0, cooling_rate = 0.999
26 - INFO - chord#: 84 done. best_score=27.0, changed=532, unchanged=525, early_stops=8/8
26 - INFO - chord#: 86 In build_straw_man_chord_sa. tolerance = 1, sa_iterations = 1000, initial_temperature = 3.0, cooling_rate = 0.999
26 - INFO - chord#: 98 done. best_score=82.0, changed=614, unchanged=241, early_stops=8/8
26 - INFO - chord#: 100 In build_straw_man_chord_sa. tolerance = 1, sa_iterations = 1000, initial_temperature = 3.0, cooling_rate = 0.999
26 - INFO - chord#: 98 done. best_score=82.0, changed=614, unchanged=410, early_stops=8/8
26 - INFO - chord#: 100 In build_straw_man_chord_sa. tolerance = 1, sa_iterations = 1000, initial_temperature = 3.0, cooling_rate = 0.999
26 - INFO - chord#: 86 done. best_score=27.0, changed=530, unchanged=395, early_stops=8/8
26 - INFO - chord#: 87 In build_straw_man_chord_sa. tolerance = 1, sa_iterations = 1000, initial_temperature = 3.0, cooling_rate = 0.999
26 - INFO - chord#: 79 done. best_score=27.0, changed=511, unchanged=316, early_stops=8/8
26 - INFO - chord#: 80 In build_straw_man_chord_sa. tolerance = 1, sa_iterations = 1000, initial_temperature = 3.0, cooling_rate = 0.999
26 - INFO - chord#: 78 done. best_score=27.0, changed=534, unchanged=372, early_stops=8/8
26 - INFO - chord#: 79 In build_straw_man_chord_sa. tolerance = 1, sa_iterations = 1000, initial_temperature = 3.0, cooling_rate = 0.999
26 - INFO - chord#: 79 done. best_score=27.0, changed=511, unchanged=371, early_stops=8/8
26 - INFO - chord#: 80 In build_straw_man_chord_sa. tolerance = 1, sa_iterations = 1000, initial_temperature = 3.0, cooling_rate = 0.999
26 - INFO - chord#: 100 done. best_score=27.0, changed=527, unchanged=427, early_stops=8/8
26 - INFO - chord#: 102 In build_straw_man_chord_sa. tolerance = 1, sa_iterations = 1000, initial_temperature = 3.0, cooling_rate = 0.999
26 - INFO - chord#: 86 done. best_score=27.0, changed=515, unchanged=371, early_stops=8/8
26 - INFO - chord#: 87 In build_straw_man_chord_sa. tolerance = 1, sa_iterations = 1000, initial_temperature = 3.0, cooling_rate = 0.999
26 - INFO - chord#: 100 done. best_score=27.0, changed=531, unchanged=414, early_stops=8/8
26 - INFO - chord#: 102 In build_straw_man_chord_sa. tolerance = 1, sa_iterations = 1000, initial_temperature = 3.0, cooling_rate = 0.999
26 - INFO - chord#: 84 done. best_score=27.0, changed=531, unchanged=485, early_stops=8/8
26 - INFO - chord#: 86 In build_straw_man_chord_sa. tolerance = 1, sa_iterations = 1000, initial_temperature = 3.0, cooling_rate = 0.999
26 - INFO - chord#: 100 done. best_score=27.0, changed=522, unchanged=428, early_stops=8/8
26 - INFO - chord#: 102 In build_straw_man_chord_sa. tolerance = 1, sa_iterations = 1000, initial_temperature = 3.0, cooling_rate = 0.999
26 - INFO - chord#: 100 done. best_score=27.0, changed=521, unchanged=316, early_stops=8/8
26 - INFO - chord#: 102 In build_straw_man_chord_sa. tolerance = 1, sa_iterations = 1000, initial_temperature = 3.0, cooling_rate = 0.999
26 - INFO - chord#: 79 done. best_score=27.0, changed=519, unchanged=386, early_stops=8/8
26 - INFO - chord#: 80 In build_straw_man_chord_sa. tolerance = 1, sa_iterations = 1000, initial_temperature = 3.0, cooling_rate = 0.999
26 - INFO - chord#: 86 done. best_score=27.0, changed=524, unchanged=357, early_stops=8/8
26 - INFO - chord#: 87 In build_straw_man_chord_sa. tolerance = 1, sa_iterations = 1000, initial_temperature = 3.0, cooling_rate = 0.999
26 - INFO - chord#: 102 done. best_score=70.0, changed=604, unchanged=201, early_stops=8/8
26 - INFO - chord#: 104 In build_straw_man_chord_sa. tolerance = 1, sa_iterations = 1000, initial_temperature = 3.0, cooling_rate = 0.999
26 - INFO - chord#: 87 done. best_score=67.0, changed=612, unchanged=310, early_stops=8/8
26 - INFO - chord#: 88 In build_straw_man_chord_sa. tolerance = 1, sa_iterations = 1000, initial_temperature = 3.0, cooling_rate = 0.999
26 - INFO - chord#: 102 done. best_score=173.0, changed=610, unchanged=223, early_stops=8/8
26 - INFO - chord#: 104 In build_straw_man_chord_sa. tolerance = 1, sa_iterations = 1000, initial_temperature = 3.0, cooling_rate = 0.999
26 - INFO - chord#: 87 done. best_score=145.0, changed=610, unchanged=254, early_stops=8/8
26 - INFO - chord#: 88 In build_straw_man_chord_sa. tolerance = 1, sa_iterations = 1000, initial_temperature = 3.0, cooling_rate = 0.999
26 - INFO - chord#: 80 done. best_score=67.0, changed=618, unchanged=391, early_stops=8/8
26 - INFO - chord#: 82 In build_straw_man_chord_sa. tolerance = 1, sa_iterations = 1000, initial_temperature = 3.0, cooling_rate = 0.999
26 - INFO - chord#: 87 done. best_score=96.0, changed=614, unchanged=475, early_stops=8/8
26 - INFO - chord#: 88 In build_straw_man_chord_sa. tolerance = 1, sa_iterations = 1000, initial_temperature = 3.0, cooling_rate = 0.999
26 - INFO - chord#: 102 done. best_score=103.0, changed=612, unchanged=369, early_stops=8/8
26 - INFO - chord#: 104 In build_straw_man_chord_sa. tolerance = 1, sa_iterations = 1000, initial_temperature = 3.0, cooling_rate = 0.999
26 - INFO - chord#: 80 done. best_score=67.0, changed=608, unchanged=278, early_stops=8/8
26 - INFO - chord#: 82 In build_straw_man_chord_sa. tolerance = 1, sa_iterations = 1000, initial_temperature = 3.0, cooling_rate = 0.999
26 - INFO - chord#: 88 done. best_score=27.0, changed=530, unchanged=472, early_stops=8/8
26 - INFO - chord#: 96 In build_straw_man_chord_sa. tolerance = 1, sa_iterations = 1000, initial_temperature = 3.0, cooling_rate = 0.999
26 - INFO - chord#: 80 done. best_score=137.0, changed=612, unchanged=335, early_stops=8/8
26 - INFO - chord#: 82 In build_straw_man_chord_sa. tolerance = 1, sa_iterations = 1000, initial_temperature = 3.0, cooling_rate = 0.999
26 - INFO - chord#: 104 done. best_score=27.0, changed=521, unchanged=401, early_stops=8/8
26 - INFO - chord#: 106 In build_straw_man_chord_sa. tolerance = 1, sa_iterations = 1000, initial_temperature = 3.0, cooling_rate = 0.999
26 - INFO - chord#: 102 done. best_score=103.0, changed=611, unchanged=461, early_stops=8/8
26 - INFO - chord#: 104 In build_straw_man_chord_sa. tolerance = 1, sa_iterations = 1000, initial_temperature = 3.0, cooling_rate = 0.999
26 - INFO - chord#: 88 done. best_score=27.0, changed=524, unchanged=382, early_stops=8/8
26 - INFO - chord#: 96 In build_straw_man_chord_sa. tolerance = 1, sa_iterations = 1000, initial_temperature = 3.0, cooling_rate = 0.999
26 - INFO - chord#: 104 done. best_score=27.0, changed=518, unchanged=358, early_stops=8/8
26 - INFO - chord#: 106 In build_straw_man_chord_sa. tolerance = 1, sa_iterations = 1000, initial_temperature = 3.0, cooling_rate = 0.999
26 - INFO - chord#: 82 done. best_score=35.0, changed=526, unchanged=326, early_stops=8/8
26 - INFO - chord#: 84 In build_straw_man_chord_sa. tolerance = 1, sa_iterations = 1000, initial_temperature = 3.0, cooling_rate = 0.999
26 - INFO - chord#: 88 done. best_score=27.0, changed=521, unchanged=379, early_stops=8/8
26 - INFO - chord#: 96 In build_straw_man_chord_sa. tolerance = 1, sa_iterations = 1000, initial_temperature = 3.0, cooling_rate = 0.999
26 - INFO - chord#: 96 done. best_score=27.0, changed=523, unchanged=386, early_stops=8/8
26 - INFO - chord#: 98 In build_straw_man_chord_sa. tolerance = 1, sa_iterations = 1000, initial_temperature = 3.0, cooling_rate = 0.999
26 - INFO - chord#: 82 done. best_score=35.0, changed=551, unchanged=293, early_stops=8/8
26 - INFO - chord#: 84 In build_straw_man_chord_sa. tolerance = 1, sa_iterations = 1000, initial_temperature = 3.0, cooling_rate = 0.999
26 - INFO - chord#: 104 done. best_score=27.0, changed=523, unchanged=382, early_stops=8/8
26 - INFO - chord#: 106 In build_straw_man_chord_sa. tolerance = 1, sa_iterations = 1000, initial_temperature = 3.0, cooling_rate = 0.999
26 - INFO - chord#: 96 done. best_score=27.0, changed=518, unchanged=386, early_stops=8/8
26 - INFO - chord#: 98 In build_straw_man_chord_sa. tolerance = 1, sa_iterations = 1000, initial_temperature = 3.0, cooling_rate = 0.999
26 - INFO - chord#: 82 done. best_score=35.0, changed=523, unchanged=394, early_stops=8/8
26 - INFO - chord#: 84 In build_straw_man_chord_sa. tolerance = 1, sa_iterations = 1000, initial_temperature = 3.0, cooling_rate = 0.999
26 - INFO - chord#: 104 done. best_score=27.0, changed=527, unchanged=407, early_stops=8/8
26 - INFO - chord#: 106 In build_straw_man_chord_sa. tolerance = 1, sa_iterations = 1000, initial_temperature = 3.0, cooling_rate = 0.999
26 - INFO - chord#: 87 done. best_score=67.0, changed=615, unchanged=272, early_stops=8/8
26 - INFO - chord#: 88 In build_straw_man_chord_sa. tolerance = 1, sa_iterations = 1000, initial_temperature = 3.0, cooling_rate = 0.999
26 - INFO - chord#: 80 done. best_score=67.0, changed=611, unchanged=388, early_stops=8/8
26 - INFO - chord#: 82 In build_straw_man_chord_sa. tolerance = 1, sa_iterations = 1000, initial_temperature = 3.0, cooling_rate = 0.999
26 - INFO - chord#: 96 done. best_score=27.0, changed=525, unchanged=366, early_stops=8/8
26 - INFO - chord#: 98 In build_straw_man_chord_sa. tolerance = 1, sa_iterations = 1000, initial_temperature = 3.0, cooling_rate = 0.999
26 - INFO - chord#: 84 done. best_score=27.0, changed=526, unchanged=549, early_stops=8/8
26 - INFO - chord#: 86 In build_straw_man_chord_sa. tolerance = 1, sa_iterations = 1000, initial_temperature = 3.0, cooling_rate = 0.999
26 - INFO - chord#: 106 done. best_score=82.0, changed=607, unchanged=272, early_stops=8/8
26 - INFO - chord#: 108 In build_straw_man_chord_sa. tolerance = 1, sa_iterations = 1000, initial_temperature = 3.0, cooling_rate = 0.999
26 - INFO - chord#: 106 done. best_score=120.0, changed=610, unchanged=353, early_stops=8/8
26 - INFO - chord#: 108 In build_straw_man_chord_sa. tolerance = 1, sa_iterations = 1000, initial_temperature = 3.0, cooling_rate = 0.999
26 - INFO - chord#: 84 done. best_score=27.0, changed=518, unchanged=520, early_stops=8/8
26 - INFO - chord#: 86 In build_straw_man_chord_sa. tolerance = 1, sa_iterations = 1000, initial_temperature = 3.0, cooling_rate = 0.999
26 - INFO - chord#: 82 done. best_score=35.0, changed=530, unchanged=319, early_stops=8/8
26 - INFO - chord#: 84 In build_straw_man_chord_sa. tolerance = 1, sa_iterations = 1000, initial_temperature = 3.0, cooling_rate = 0.999
26 - INFO - chord#: 88 done. best_score=27.0, changed=528, unchanged=435, early_stops=8/8
26 - INFO - chord#: 96 In build_straw_man_chord_sa. tolerance = 1, sa_iterations = 1000, initial_temperature = 3.0, cooling_rate = 0.999
26 - INFO - chord#: 84 done. best_score=27.0, changed=523, unchanged=605, early_stops=8/8
26 - INFO - chord#: 86 In build_straw_man_chord_sa. tolerance = 1, sa_iterations = 1000, initial_temperature = 3.0, cooling_rate = 0.999
26 - INFO - chord#: 98 done. best_score=90.0, changed=617, unchanged=233, early_stops=8/8
26 - INFO - chord#: 100 In build_straw_man_chord_sa. tolerance = 1, sa_iterations = 1000, initial_temperature = 3.0, cooling_rate = 0.999
26 - INFO - chord#: 98 done. best_score=82.0, changed=613, unchanged=352, early_stops=8/8
26 - INFO - chord#: 100 In build_straw_man_chord_sa. tolerance = 1, sa_iterations = 1000, initial_temperature = 3.0, cooling_rate = 0.999
26 - INFO - chord#: 108 done. best_score=27.0, changed=527, unchanged=334, early_stops=8/8
26 - INFO - chord#: 110 In build_straw_man_chord_sa. tolerance = 1, sa_iterations = 1000, initial_temperature = 3.0, cooling_rate = 0.999
26 - INFO - chord#: 106 done. best_score=82.0, changed=610, unchanged=311, early_stops=8/8
26 - INFO - chord#: 108 In build_straw_man_chord_sa. tolerance = 1, sa_iterations = 1000, initial_temperature = 3.0, cooling_rate = 0.999
26 - INFO - chord#: 108 done. best_score=27.0, changed=536, unchanged=364, early_stops=8/8
26 - INFO - chord#: 110 In build_straw_man_chord_sa. tolerance = 1, sa_iterations = 1000, initial_temperature = 3.0, cooling_rate = 0.999
26 - INFO - chord#: 86 done. best_score=27.0, changed=529, unchanged=432, early_stops=8/8
26 - INFO - chord#: 87 In build_straw_man_chord_sa. tolerance = 1, sa_iterations = 1000, initial_temperature = 3.0, cooling_rate = 0.999
26 - INFO - chord#: 106 done. best_score=82.0, changed=608, unchanged=302, early_stops=8/8
26 - INFO - chord#: 108 In build_straw_man_chord_sa. tolerance = 1, sa_iterations = 1000, initial_temperature = 3.0, cooling_rate = 0.999
26 - INFO - chord#: 96 done. best_score=27.0, changed=518, unchanged=313, early_stops=8/8
26 - INFO - chord#: 98 In build_straw_man_chord_sa. tolerance = 1, sa_iterations = 1000, initial_temperature = 3.0, cooling_rate = 0.999
26 - INFO - chord#: 86 done. best_score=27.0, changed=532, unchanged=437, early_stops=8/8
26 - INFO - chord#: 87 In build_straw_man_chord_sa. tolerance = 1, sa_iterations = 1000, initial_temperature = 3.0, cooling_rate = 0.999
26 - INFO - chord#: 86 done. best_score=27.0, changed=530, unchanged=344, early_stops=8/8
26 - INFO - chord#: 87 In build_straw_man_chord_sa. tolerance = 1, sa_iterations = 1000, initial_temperature = 3.0, cooling_rate = 0.999
26 - INFO - chord#: 84 done. best_score=27.0, changed=525, unchanged=515, early_stops=8/8
26 - INFO - chord#: 86 In build_straw_man_chord_sa. tolerance = 1, sa_iterations = 1000, initial_temperature = 3.0, cooling_rate = 0.999
26 - INFO - chord#: 100 done. best_score=27.0, changed=514, unchanged=295, early_stops=8/8
26 - INFO - chord#: 102 In build_straw_man_chord_sa. tolerance = 1, sa_iterations = 1000, initial_temperature = 3.0, cooling_rate = 0.999
26 - INFO - chord#: 100 done. best_score=27.0, changed=519, unchanged=326, early_stops=8/8
26 - INFO - chord#: 102 In build_straw_man_chord_sa. tolerance = 1, sa_iterations = 1000, initial_temperature = 3.0, cooling_rate = 0.999
26 - INFO - chord#: 108 done. best_score=27.0, changed=526, unchanged=359, early_stops=8/8
26 - INFO - chord#: 110 In build_straw_man_chord_sa. tolerance = 1, sa_iterations = 1000, initial_temperature = 3.0, cooling_rate = 0.999
26 - INFO - chord#: 110 done. best_score=27.0, changed=519, unchanged=324, early_stops=8/8
26 - INFO - chord#: 112 In build_straw_man_chord_sa. tolerance = 1, sa_iterations = 1000, initial_temperature = 3.0, cooling_rate = 0.999
26 - INFO - chord#: 108 done. best_score=27.0, changed=532, unchanged=294, early_stops=8/8
26 - INFO - chord#: 110 In build_straw_man_chord_sa. tolerance = 1, sa_iterations = 1000, initial_temperature = 3.0, cooling_rate = 0.999
26 - INFO - chord#: 110 done. best_score=27.0, changed=532, unchanged=417, early_stops=8/8
26 - INFO - chord#: 112 In build_straw_man_chord_sa. tolerance = 1, sa_iterations = 1000, initial_temperature = 3.0, cooling_rate = 0.999
26 - INFO - chord#: 98 done. best_score=82.0, changed=614, unchanged=337, early_stops=8/8
26 - INFO - chord#: 100 In build_straw_man_chord_sa. tolerance = 1, sa_iterations = 1000, initial_temperature = 3.0, cooling_rate = 0.999
26 - INFO - chord#: 110 done. best_score=27.0, changed=523, unchanged=289, early_stops=8/8
26 - INFO - chord#: 112 In build_straw_man_chord_sa. tolerance = 1, sa_iterations = 1000, initial_temperature = 3.0, cooling_rate = 0.999
26 - INFO - chord#: 110 done. best_score=27.0, changed=521, unchanged=306, early_stops=8/8
26 - INFO - chord#: 112 In build_straw_man_chord_sa. tolerance = 1, sa_iterations = 1000, initial_temperature = 3.0, cooling_rate = 0.999
26 - INFO - chord#: 86 done. best_score=27.0, changed=527, unchanged=405, early_stops=8/8
26 - INFO - chord#: 87 In build_straw_man_chord_sa. tolerance = 1, sa_iterations = 1000, initial_temperature = 3.0, cooling_rate = 0.999
26 - INFO - chord#: 100 done. best_score=27.0, changed=540, unchanged=364, early_stops=8/8
26 - INFO - chord#: 102 In build_straw_man_chord_sa. tolerance = 1, sa_iterations = 1000, initial_temperature = 3.0, cooling_rate = 0.999
26 - INFO - chord#: 87 done. best_score=137.0, changed=612, unchanged=296, early_stops=8/8
26 - INFO - chord#: 88 In build_straw_man_chord_sa. tolerance = 1, sa_iterations = 1000, initial_temperature = 3.0, cooling_rate = 0.999
26 - INFO - chord#: 102 done. best_score=141.0, changed=606, unchanged=335, early_stops=8/8
26 - INFO - chord#: 104 In build_straw_man_chord_sa. tolerance = 1, sa_iterations = 1000, initial_temperature = 3.0, cooling_rate = 0.999
26 - INFO - chord#: 98 done. best_score=82.0, changed=607, unchanged=268, early_stops=8/8
26 - INFO - chord#: 100 In build_straw_man_chord_sa. tolerance = 1, sa_iterations = 1000, initial_temperature = 3.0, cooling_rate = 0.999
26 - INFO - chord#: 112 done. best_score=78.0, changed=612, unchanged=266, early_stops=8/8
26 - INFO - chord#: 114 In build_straw_man_chord_sa. tolerance = 1, sa_iterations = 1000, initial_temperature = 3.0, cooling_rate = 0.999
26 - INFO - chord#: 112 done. best_score=140.0, changed=609, unchanged=318, early_stops=8/8
26 - INFO - chord#: 114 In build_straw_man_chord_sa. tolerance = 1, sa_iterations = 1000, initial_temperature = 3.0, cooling_rate = 0.999
26 - INFO - chord#: 87 done. best_score=67.0, changed=607, unchanged=290, early_stops=8/8
26 - INFO - chord#: 88 In build_straw_man_chord_sa. tolerance = 1, sa_iterations = 1000, initial_temperature = 3.0, cooling_rate = 0.999
26 - INFO - chord#: 87 done. best_score=137.0, changed=607, unchanged=243, early_stops=8/8
26 - INFO - chord#: 88 In build_straw_man_chord_sa. tolerance = 1, sa_iterations = 1000, initial_temperature = 3.0, cooling_rate = 0.999
26 - INFO - chord#: 102 done. best_score=103.0, changed=613, unchanged=422, early_stops=8/8
26 - INFO - chord#: 104 In build_straw_man_chord_sa. tolerance = 1, sa_iterations = 1000, initial_temperature = 3.0, cooling_rate = 0.999
26 - INFO - chord#: 112 done. best_score=157.0, changed=610, unchanged=319, early_stops=8/8
26 - INFO - chord#: 114 In build_straw_man_chord_sa. tolerance = 1, sa_iterations = 1000, initial_temperature = 3.0, cooling_rate = 0.999
26 - INFO - chord#: 112 done. best_score=137.0, changed=615, unchanged=345, early_stops=8/8
26 - INFO - chord#: 114 In build_straw_man_chord_sa. tolerance = 1, sa_iterations = 1000, initial_temperature = 3.0, cooling_rate = 0.999
26 - INFO - chord#: 114 done. best_score=36.0, changed=521, unchanged=307, early_stops=8/8
26 - INFO - chord#: 116 In build_straw_man_chord_sa. tolerance = 1, sa_iterations = 1000, initial_temperature = 3.0, cooling_rate = 0.999
26 - INFO - chord#: 104 done. best_score=27.0, changed=519, unchanged=379, early_stops=8/8
26 - INFO - chord#: 106 In build_straw_man_chord_sa. tolerance = 1, sa_iterations = 1000, initial_temperature = 3.0, cooling_rate = 0.999
26 - INFO - chord#: 88 done. best_score=27.0, changed=525, unchanged=384, early_stops=8/8
26 - INFO - chord#: 96 In build_straw_man_chord_sa. tolerance = 1, sa_iterations = 1000, initial_temperature = 3.0, cooling_rate = 0.999
26 - INFO - chord#: 114 done. best_score=70.0, changed=519, unchanged=350, early_stops=8/8
26 - INFO - chord#: 116 In build_straw_man_chord_sa. tolerance = 1, sa_iterations = 1000, initial_temperature = 3.0, cooling_rate = 0.999
26 - INFO - chord#: 100 done. best_score=27.0, changed=525, unchanged=476, early_stops=8/8
26 - INFO - chord#: 102 In build_straw_man_chord_sa. tolerance = 1, sa_iterations = 1000, initial_temperature = 3.0, cooling_rate = 0.999
26 - INFO - chord#: 88 done. best_score=27.0, changed=519, unchanged=332, early_stops=8/8
26 - INFO - chord#: 96 In build_straw_man_chord_sa. tolerance = 1, sa_iterations = 1000, initial_temperature = 3.0, cooling_rate = 0.999
26 - INFO - chord#: 104 done. best_score=27.0, changed=520, unchanged=413, early_stops=8/8
26 - INFO - chord#: 106 In build_straw_man_chord_sa. tolerance = 1, sa_iterations = 1000, initial_temperature = 3.0, cooling_rate = 0.999
26 - INFO - chord#: 88 done. best_score=27.0, changed=532, unchanged=507, early_stops=8/8
26 - INFO - chord#: 96 In build_straw_man_chord_sa. tolerance = 1, sa_iterations = 1000, initial_temperature = 3.0, cooling_rate = 0.999
26 - INFO - chord#: 87 done. best_score=96.0, changed=611, unchanged=244, early_stops=8/8
26 - INFO - chord#: 88 In build_straw_man_chord_sa. tolerance = 1, sa_iterations = 1000, initial_temperature = 3.0, cooling_rate = 0.999
26 - INFO - chord#: 102 done. best_score=70.0, changed=607, unchanged=238, early_stops=8/8
26 - INFO - chord#: 104 In build_straw_man_chord_sa. tolerance = 1, sa_iterations = 1000, initial_temperature = 3.0, cooling_rate = 0.999
26 - INFO - chord#: 114 done. best_score=36.0, changed=531, unchanged=371, early_stops=8/8
26 - INFO - chord#: 116 In build_straw_man_chord_sa. tolerance = 1, sa_iterations = 1000, initial_temperature = 3.0, cooling_rate = 0.999
26 - INFO - chord#: 114 done. best_score=36.0, changed=537, unchanged=425, early_stops=8/8
26 - INFO - chord#: 116 In build_straw_man_chord_sa. tolerance = 1, sa_iterations = 1000, initial_temperature = 3.0, cooling_rate = 0.999
26 - INFO - chord#: 116 done. best_score=31.0, changed=520, unchanged=378, early_stops=8/8
26 - INFO - chord#: 118 In build_straw_man_chord_sa. tolerance = 1, sa_iterations = 1000, initial_temperature = 3.0, cooling_rate = 0.999
26 - INFO - chord#: 96 done. best_score=27.0, changed=517, unchanged=343, early_stops=8/8
26 - INFO - chord#: 116 done. best_score=31.0, changed=544, unchanged=341, early_stops=8/8
26 - INFO - chord#: 98 In build_straw_man_chord_sa. tolerance = 1, sa_iterations = 1000, initial_temperature = 3.0, cooling_rate = 0.999
26 - INFO - chord#: 118 In build_straw_man_chord_sa. tolerance = 1, sa_iterations = 1000, initial_temperature = 3.0, cooling_rate = 0.999
26 - INFO - chord#: 96 done. best_score=27.0, changed=523, unchanged=398, early_stops=8/8
26 - INFO - chord#: 98 In build_straw_man_chord_sa. tolerance = 1, sa_iterations = 1000, initial_temperature = 3.0, cooling_rate = 0.999
26 - INFO - chord#: 96 done. best_score=27.0, changed=523, unchanged=362, early_stops=8/8
26 - INFO - chord#: 98 In build_straw_man_chord_sa. tolerance = 1, sa_iterations = 1000, initial_temperature = 3.0, cooling_rate = 0.999
26 - INFO - chord#: 88 done. best_score=27.0, changed=519, unchanged=381, early_stops=8/8
26 - INFO - chord#: 96 In build_straw_man_chord_sa. tolerance = 1, sa_iterations = 1000, initial_temperature = 3.0, cooling_rate = 0.999
26 - INFO - chord#: 116 done. best_score=58.0, changed=570, unchanged=274, early_stops=8/8
26 - INFO - chord#: 118 In build_straw_man_chord_sa. tolerance = 1, sa_iterations = 1000, initial_temperature = 3.0, cooling_rate = 0.999
26 - INFO - chord#: 116 done. best_score=31.0, changed=531, unchanged=373, early_stops=8/8
26 - INFO - chord#: 118 In build_straw_man_chord_sa. tolerance = 1, sa_iterations = 1000, initial_temperature = 3.0, cooling_rate = 0.999
26 - INFO - chord#: 118 done. best_score=27.0, changed=516, unchanged=488, early_stops=8/8
26 - INFO - chord#: 120 In build_straw_man_chord_sa. tolerance = 1, sa_iterations = 1000, initial_temperature = 3.0, cooling_rate = 0.999
26 - INFO - chord#: 104 done. best_score=27.0, changed=523, unchanged=314, early_stops=8/8
26 - INFO - chord#: 106 In build_straw_man_chord_sa. tolerance = 1, sa_iterations = 1000, initial_temperature = 3.0, cooling_rate = 0.999
26 - INFO - chord#: 118 done. best_score=27.0, changed=525, unchanged=411, early_stops=8/8
26 - INFO - chord#: 120 In build_straw_man_chord_sa. tolerance = 1, sa_iterations = 1000, initial_temperature = 3.0, cooling_rate = 0.999
26 - INFO - chord#: 106 done. best_score=82.0, changed=613, unchanged=378, early_stops=8/8
26 - INFO - chord#: 108 In build_straw_man_chord_sa. tolerance = 1, sa_iterations = 1000, initial_temperature = 3.0, cooling_rate = 0.999
26 - INFO - chord#: 106 done. best_score=82.0, changed=614, unchanged=331, early_stops=8/8
26 - INFO - chord#: 108 In build_straw_man_chord_sa. tolerance = 1, sa_iterations = 1000, initial_temperature = 3.0, cooling_rate = 0.999
26 - INFO - chord#: 118 done. best_score=27.0, changed=516, unchanged=350, early_stops=8/8
26 - INFO - chord#: 120 In build_straw_man_chord_sa. tolerance = 1, sa_iterations = 1000, initial_temperature = 3.0, cooling_rate = 0.999
26 - INFO - chord#: 96 done. best_score=27.0, changed=516, unchanged=410, early_stops=8/8
26 - INFO - chord#: 98 In build_straw_man_chord_sa. tolerance = 1, sa_iterations = 1000, initial_temperature = 3.0, cooling_rate = 0.999
26 - INFO - chord#: 102 done. best_score=70.0, changed=609, unchanged=349, early_stops=8/8
26 - INFO - chord#: 104 In build_straw_man_chord_sa. tolerance = 1, sa_iterations = 1000, initial_temperature = 3.0, cooling_rate = 0.999
26 - INFO - chord#: 120 done. best_score=27.0, changed=536, unchanged=446, early_stops=8/8
26 - INFO - chord#: 128 In build_straw_man_chord_sa. tolerance = 1, sa_iterations = 1000, initial_temperature = 3.0, cooling_rate = 0.999
26 - INFO - chord#: 118 done. best_score=27.0, changed=535, unchanged=439, early_stops=8/8
26 - INFO - chord#: 120 In build_straw_man_chord_sa. tolerance = 1, sa_iterations = 1000, initial_temperature = 3.0, cooling_rate = 0.999
26 - INFO - chord#: 98 done. best_score=90.0, changed=611, unchanged=274, early_stops=8/8
26 - INFO - chord#: 100 In build_straw_man_chord_sa. tolerance = 1, sa_iterations = 1000, initial_temperature = 3.0, cooling_rate = 0.999
26 - INFO - chord#: 120 done. best_score=27.0, changed=520, unchanged=384, early_stops=8/8
26 - INFO - chord#: 128 In build_straw_man_chord_sa. tolerance = 1, sa_iterations = 1000, initial_temperature = 3.0, cooling_rate = 0.999
26 - INFO - chord#: 108 done. best_score=27.0, changed=524, unchanged=409, early_stops=8/8
26 - INFO - chord#: 110 In build_straw_man_chord_sa. tolerance = 1, sa_iterations = 1000, initial_temperature = 3.0, cooling_rate = 0.999
26 - INFO - chord#: 108 done. best_score=27.0, changed=523, unchanged=294, early_stops=8/8
26 - INFO - chord#: 110 In build_straw_man_chord_sa. tolerance = 1, sa_iterations = 1000, initial_temperature = 3.0, cooling_rate = 0.999
26 - INFO - chord#: 120 done. best_score=27.0, changed=526, unchanged=348, early_stops=8/8
26 - INFO - chord#: 128 In build_straw_man_chord_sa. tolerance = 1, sa_iterations = 1000, initial_temperature = 3.0, cooling_rate = 0.999
26 - INFO - chord#: 128 done. best_score=27.0, changed=520, unchanged=347, early_stops=8/8
26 - INFO - chord#: 130 In build_straw_man_chord_sa. tolerance = 1, sa_iterations = 1000, initial_temperature = 3.0, cooling_rate = 0.999
26 - INFO - chord#: 120 done. best_score=27.0, changed=531, unchanged=360, early_stops=8/8
26 - INFO - chord#: 128 In build_straw_man_chord_sa. tolerance = 1, sa_iterations = 1000, initial_temperature = 3.0, cooling_rate = 0.999
26 - INFO - chord#: 100 done. best_score=27.0, changed=519, unchanged=415, early_stops=8/8
26 - INFO - chord#: 102 In build_straw_man_chord_sa. tolerance = 1, sa_iterations = 1000, initial_temperature = 3.0, cooling_rate = 0.999
26 - INFO - chord#: 98 done. best_score=97.0, changed=611, unchanged=286, early_stops=8/8
26 - INFO - chord#: 100 In build_straw_man_chord_sa. tolerance = 1, sa_iterations = 1000, initial_temperature = 3.0, cooling_rate = 0.999
26 - INFO - chord#: 98 done. best_score=82.0, changed=611, unchanged=313, early_stops=8/8
26 - INFO - chord#: 100 In build_straw_man_chord_sa. tolerance = 1, sa_iterations = 1000, initial_temperature = 3.0, cooling_rate = 0.999
26 - INFO - chord#: 104 done. best_score=27.0, changed=532, unchanged=356, early_stops=8/8
26 - INFO - chord#: 106 In build_straw_man_chord_sa. tolerance = 1, sa_iterations = 1000, initial_temperature = 3.0, cooling_rate = 0.999
26 - INFO - chord#: 110 done. best_score=27.0, changed=529, unchanged=385, early_stops=8/8
26 - INFO - chord#: 112 In build_straw_man_chord_sa. tolerance = 1, sa_iterations = 1000, initial_temperature = 3.0, cooling_rate = 0.999
26 - INFO - chord#: 128 done. best_score=27.0, changed=519, unchanged=327, early_stops=8/8
26 - INFO - chord#: 130 In build_straw_man_chord_sa. tolerance = 1, sa_iterations = 1000, initial_temperature = 3.0, cooling_rate = 0.999
26 - INFO - chord#: 110 done. best_score=27.0, changed=545, unchanged=368, early_stops=8/8
26 - INFO - chord#: 112 In build_straw_man_chord_sa. tolerance = 1, sa_iterations = 1000, initial_temperature = 3.0, cooling_rate = 0.999
26 - INFO - chord#: 128 done. best_score=27.0, changed=523, unchanged=401, early_stops=8/8
26 - INFO - chord#: 130 In build_straw_man_chord_sa. tolerance = 1, sa_iterations = 1000, initial_temperature = 3.0, cooling_rate = 0.999
26 - INFO - chord#: 106 done. best_score=82.0, changed=612, unchanged=299, early_stops=8/8
26 - INFO - chord#: 108 In build_straw_man_chord_sa. tolerance = 1, sa_iterations = 1000, initial_temperature = 3.0, cooling_rate = 0.999
26 - INFO - chord#: 128 done. best_score=27.0, changed=529, unchanged=379, early_stops=8/8
26 - INFO - chord#: 130 In build_straw_man_chord_sa. tolerance = 1, sa_iterations = 1000, initial_temperature = 3.0, cooling_rate = 0.999
26 - INFO - chord#: 100 done. best_score=27.0, changed=526, unchanged=403, early_stops=8/8
26 - INFO - chord#: 102 In build_straw_man_chord_sa. tolerance = 1, sa_iterations = 1000, initial_temperature = 3.0, cooling_rate = 0.999
26 - INFO - chord#: 100 done. best_score=27.0, changed=520, unchanged=352, early_stops=8/8
26 - INFO - chord#: 102 In build_straw_man_chord_sa. tolerance = 1, sa_iterations = 1000, initial_temperature = 3.0, cooling_rate = 0.999
26 - INFO - chord#: 98 done. best_score=82.0, changed=611, unchanged=325, early_stops=8/8
26 - INFO - chord#: 100 In build_straw_man_chord_sa. tolerance = 1, sa_iterations = 1000, initial_temperature = 3.0, cooling_rate = 0.999
26 - INFO - chord#: 108 done. best_score=27.0, changed=522, unchanged=340, early_stops=8/8
26 - INFO - chord#: 110 In build_straw_man_chord_sa. tolerance = 1, sa_iterations = 1000, initial_temperature = 3.0, cooling_rate = 0.999
26 - INFO - chord#: 102 done. best_score=70.0, changed=610, unchanged=312, early_stops=8/8
26 - INFO - chord#: 104 In build_straw_man_chord_sa. tolerance = 1, sa_iterations = 1000, initial_temperature = 3.0, cooling_rate = 0.999
26 - INFO - chord#: 130 done. best_score=101.0, changed=611, unchanged=282, early_stops=8/8
26 - INFO - chord#: 132 In build_straw_man_chord_sa. tolerance = 1, sa_iterations = 1000, initial_temperature = 3.0, cooling_rate = 0.999
26 - INFO - chord#: 112 done. best_score=78.0, changed=612, unchanged=346, early_stops=8/8
26 - INFO - chord#: 112 done. best_score=140.0, changed=612, unchanged=280, early_stops=8/8
26 - INFO - chord#: 114 In build_straw_man_chord_sa. tolerance = 1, sa_iterations = 1000, initial_temperature = 3.0, cooling_rate = 0.999
26 - INFO - chord#: 114 In build_straw_man_chord_sa. tolerance = 1, sa_iterations = 1000, initial_temperature = 3.0, cooling_rate = 0.999
26 - INFO - chord#: 100 done. best_score=27.0, changed=523, unchanged=353, early_stops=8/8
26 - INFO - chord#: 102 In build_straw_man_chord_sa. tolerance = 1, sa_iterations = 1000, initial_temperature = 3.0, cooling_rate = 0.999
26 - INFO - chord#: 130 done. best_score=137.0, changed=612, unchanged=287, early_stops=8/8
26 - INFO - chord#: 132 In build_straw_man_chord_sa. tolerance = 1, sa_iterations = 1000, initial_temperature = 3.0, cooling_rate = 0.999
26 - INFO - chord#: 130 done. best_score=67.0, changed=609, unchanged=390, early_stops=8/8
26 - INFO - chord#: 132 In build_straw_man_chord_sa. tolerance = 1, sa_iterations = 1000, initial_temperature = 3.0, cooling_rate = 0.999
26 - INFO - chord#: 104 done. best_score=27.0, changed=516, unchanged=361, early_stops=8/8
26 - INFO - chord#: 106 In build_straw_man_chord_sa. tolerance = 1, sa_iterations = 1000, initial_temperature = 3.0, cooling_rate = 0.999
26 - INFO - chord#: 132 done. best_score=27.0, changed=520, unchanged=465, early_stops=8/8
26 - INFO - chord#: 134 In build_straw_man_chord_sa. tolerance = 1, sa_iterations = 1000, initial_temperature = 3.0, cooling_rate = 0.999
26 - INFO - chord#: 110 done. best_score=27.0, changed=525, unchanged=411, early_stops=8/8
26 - INFO - chord#: 112 In build_straw_man_chord_sa. tolerance = 1, sa_iterations = 1000, initial_temperature = 3.0, cooling_rate = 0.999
26 - INFO - chord#: 106 done. best_score=82.0, changed=620, unchanged=396, early_stops=8/8
26 - INFO - chord#: 108 In build_straw_man_chord_sa. tolerance = 1, sa_iterations = 1000, initial_temperature = 3.0, cooling_rate = 0.999
26 - INFO - chord#: 114 done. best_score=56.0, changed=529, unchanged=353, early_stops=8/8
26 - INFO - chord#: 116 In build_straw_man_chord_sa. tolerance = 1, sa_iterations = 1000, initial_temperature = 3.0, cooling_rate = 0.999
26 - INFO - chord#: 114 done. best_score=36.0, changed=526, unchanged=410, early_stops=8/8
26 - INFO - chord#: 116 In build_straw_man_chord_sa. tolerance = 1, sa_iterations = 1000, initial_temperature = 3.0, cooling_rate = 0.999
26 - INFO - chord#: 130 done. best_score=96.0, changed=613, unchanged=420, early_stops=8/8
26 - INFO - chord#: 132 In build_straw_man_chord_sa. tolerance = 1, sa_iterations = 1000, initial_temperature = 3.0, cooling_rate = 0.999
26 - INFO - chord#: 132 done. best_score=27.0, changed=520, unchanged=409, early_stops=8/8
26 - INFO - chord#: 134 In build_straw_man_chord_sa. tolerance = 1, sa_iterations = 1000, initial_temperature = 3.0, cooling_rate = 0.999
26 - INFO - chord#: 132 done. best_score=27.0, changed=523, unchanged=441, early_stops=8/8
26 - INFO - chord#: 134 In build_straw_man_chord_sa. tolerance = 1, sa_iterations = 1000, initial_temperature = 3.0, cooling_rate = 0.999
26 - INFO - chord#: 102 done. best_score=141.0, changed=611, unchanged=452, early_stops=8/8
26 - INFO - chord#: 104 In build_straw_man_chord_sa. tolerance = 1, sa_iterations = 1000, initial_temperature = 3.0, cooling_rate = 0.999
26 - INFO - chord#: 102 done. best_score=70.0, changed=619, unchanged=473, early_stops=8/8
26 - INFO - chord#: 104 In build_straw_man_chord_sa. tolerance = 1, sa_iterations = 1000, initial_temperature = 3.0, cooling_rate = 0.999
26 - INFO - chord#: 108 done. best_score=27.0, changed=522, unchanged=315, early_stops=8/8
26 - INFO - chord#: 110 In build_straw_man_chord_sa. tolerance = 1, sa_iterations = 1000, initial_temperature = 3.0, cooling_rate = 0.999
26 - INFO - chord#: 116 done. best_score=31.0, changed=532, unchanged=327, early_stops=8/8
26 - INFO - chord#: 118 In build_straw_man_chord_sa. tolerance = 1, sa_iterations = 1000, initial_temperature = 3.0, cooling_rate = 0.999
26 - INFO - chord#: 116 done. best_score=31.0, changed=529, unchanged=459, early_stops=8/8
26 - INFO - chord#: 118 In build_straw_man_chord_sa. tolerance = 1, sa_iterations = 1000, initial_temperature = 3.0, cooling_rate = 0.999
26 - INFO - chord#: 132 done. best_score=27.0, changed=531, unchanged=470, early_stops=8/8
26 - INFO - chord#: 134 In build_straw_man_chord_sa. tolerance = 1, sa_iterations = 1000, initial_temperature = 3.0, cooling_rate = 0.999
26 - INFO - chord#: 134 done. best_score=74.0, changed=611, unchanged=318, early_stops=8/8
26 - INFO - chord#: 136 In build_straw_man_chord_sa. tolerance = 1, sa_iterations = 1000, initial_temperature = 3.0, cooling_rate = 0.999
26 - INFO - chord#: 102 done. best_score=141.0, changed=613, unchanged=297, early_stops=8/8
26 - INFO - chord#: 104 In build_straw_man_chord_sa. tolerance = 1, sa_iterations = 1000, initial_temperature = 3.0, cooling_rate = 0.999
26 - INFO - chord#: 110 done. best_score=27.0, changed=536, unchanged=406, early_stops=8/8
26 - INFO - chord#: 112 In build_straw_man_chord_sa. tolerance = 1, sa_iterations = 1000, initial_temperature = 3.0, cooling_rate = 0.999
26 - INFO - chord#: 118 done. best_score=27.0, changed=525, unchanged=403, early_stops=8/8
26 - INFO - chord#: 120 In build_straw_man_chord_sa. tolerance = 1, sa_iterations = 1000, initial_temperature = 3.0, cooling_rate = 0.999
26 - INFO - chord#: 106 done. best_score=82.0, changed=611, unchanged=422, early_stops=8/8
26 - INFO - chord#: 108 In build_straw_man_chord_sa. tolerance = 1, sa_iterations = 1000, initial_temperature = 3.0, cooling_rate = 0.999
26 - INFO - chord#: 104 done. best_score=27.0, changed=523, unchanged=464, early_stops=8/8
26 - INFO - chord#: 106 In build_straw_man_chord_sa. tolerance = 1, sa_iterations = 1000, initial_temperature = 3.0, cooling_rate = 0.999
26 - INFO - chord#: 112 done. best_score=181.0, changed=615, unchanged=274, early_stops=8/8
26 - INFO - chord#: 114 In build_straw_man_chord_sa. tolerance = 1, sa_iterations = 1000, initial_temperature = 3.0, cooling_rate = 0.999
26 - INFO - chord#: 104 done. best_score=27.0, changed=538, unchanged=523, early_stops=8/8
26 - INFO - chord#: 106 In build_straw_man_chord_sa. tolerance = 1, sa_iterations = 1000, initial_temperature = 3.0, cooling_rate = 0.999
26 - INFO - chord#: 118 done. best_score=27.0, changed=523, unchanged=395, early_stops=8/8
26 - INFO - chord#: 120 In build_straw_man_chord_sa. tolerance = 1, sa_iterations = 1000, initial_temperature = 3.0, cooling_rate = 0.999
26 - INFO - chord#: 134 done. best_score=148.0, changed=619, unchanged=268, early_stops=8/8
26 - INFO - chord#: 136 In build_straw_man_chord_sa. tolerance = 1, sa_iterations = 1000, initial_temperature = 3.0, cooling_rate = 0.999
26 - INFO - chord#: 136 done. best_score=27.0, changed=529, unchanged=497, early_stops=8/8
26 - INFO - chord#: 138 In build_straw_man_chord_sa. tolerance = 1, sa_iterations = 1000, initial_temperature = 3.0, cooling_rate = 0.999
26 - INFO - chord#: 134 done. best_score=74.0, changed=611, unchanged=367, early_stops=8/8
26 - INFO - chord#: 136 In build_straw_man_chord_sa. tolerance = 1, sa_iterations = 1000, initial_temperature = 3.0, cooling_rate = 0.999
26 - INFO - chord#: 104 done. best_score=27.0, changed=514, unchanged=317, early_stops=8/8
26 - INFO - chord#: 106 In build_straw_man_chord_sa. tolerance = 1, sa_iterations = 1000, initial_temperature = 3.0, cooling_rate = 0.999
26 - INFO - chord#: 114 done. best_score=47.0, changed=524, unchanged=390, early_stops=8/8
26 - INFO - chord#: 116 In build_straw_man_chord_sa. tolerance = 1, sa_iterations = 1000, initial_temperature = 3.0, cooling_rate = 0.999
26 - INFO - chord#: 120 done. best_score=27.0, changed=527, unchanged=418, early_stops=8/8
26 - INFO - chord#: 128 In build_straw_man_chord_sa. tolerance = 1, sa_iterations = 1000, initial_temperature = 3.0, cooling_rate = 0.999
26 - INFO - chord#: 108 done. best_score=27.0, changed=523, unchanged=340, early_stops=8/8
26 - INFO - chord#: 110 In build_straw_man_chord_sa. tolerance = 1, sa_iterations = 1000, initial_temperature = 3.0, cooling_rate = 0.999
26 - INFO - chord#: 120 done. best_score=27.0, changed=525, unchanged=410, early_stops=8/8
26 - INFO - chord#: 128 In build_straw_man_chord_sa. tolerance = 1, sa_iterations = 1000, initial_temperature = 3.0, cooling_rate = 0.999
26 - INFO - chord#: 136 done. best_score=27.0, changed=527, unchanged=425, early_stops=8/8
26 - INFO - chord#: 138 In build_straw_man_chord_sa. tolerance = 1, sa_iterations = 1000, initial_temperature = 3.0, cooling_rate = 0.999
26 - INFO - chord#: 134 done. best_score=96.0, changed=612, unchanged=301, early_stops=8/8
26 - INFO - chord#: 136 In build_straw_man_chord_sa. tolerance = 1, sa_iterations = 1000, initial_temperature = 3.0, cooling_rate = 0.999
26 - INFO - chord#: 136 done. best_score=27.0, changed=517, unchanged=348, early_stops=8/8
26 - INFO - chord#: 138 In build_straw_man_chord_sa. tolerance = 1, sa_iterations = 1000, initial_temperature = 3.0, cooling_rate = 0.999
26 - INFO - chord#: 116 done. best_score=31.0, changed=522, unchanged=343, early_stops=8/8
26 - INFO - chord#: 118 In build_straw_man_chord_sa. tolerance = 1, sa_iterations = 1000, initial_temperature = 3.0, cooling_rate = 0.999
26 - INFO - chord#: 128 done. best_score=27.0, changed=525, unchanged=300, early_stops=8/8
26 - INFO - chord#: 130 In build_straw_man_chord_sa. tolerance = 1, sa_iterations = 1000, initial_temperature = 3.0, cooling_rate = 0.999
26 - INFO - chord#: 128 done. best_score=27.0, changed=519, unchanged=364, early_stops=8/8
26 - INFO - chord#: 130 In build_straw_man_chord_sa. tolerance = 1, sa_iterations = 1000, initial_temperature = 3.0, cooling_rate = 0.999
26 - INFO - chord#: 112 done. best_score=145.0, changed=616, unchanged=408, early_stops=8/8
26 - INFO - chord#: 114 In build_straw_man_chord_sa. tolerance = 1, sa_iterations = 1000, initial_temperature = 3.0, cooling_rate = 0.999
26 - INFO - chord#: 136 done. best_score=27.0, changed=517, unchanged=360, early_stops=8/8
26 - INFO - chord#: 138 In build_straw_man_chord_sa. tolerance = 1, sa_iterations = 1000, initial_temperature = 3.0, cooling_rate = 0.999
26 - INFO - chord#: 110 done. best_score=27.0, changed=531, unchanged=429, early_stops=8/8
26 - INFO - chord#: 112 In build_straw_man_chord_sa. tolerance = 1, sa_iterations = 1000, initial_temperature = 3.0, cooling_rate = 0.999
26 - INFO - chord#: 106 done. best_score=82.0, changed=608, unchanged=295, early_stops=8/8
26 - INFO - chord#: 108 In build_straw_man_chord_sa. tolerance = 1, sa_iterations = 1000, initial_temperature = 3.0, cooling_rate = 0.999
26 - INFO - chord#: 106 done. best_score=97.0, changed=613, unchanged=291, early_stops=8/8
26 - INFO - chord#: 108 In build_straw_man_chord_sa. tolerance = 1, sa_iterations = 1000, initial_temperature = 3.0, cooling_rate = 0.999
26 - INFO - chord#: 118 done. best_score=27.0, changed=528, unchanged=348, early_stops=8/8
26 - INFO - chord#: 120 In build_straw_man_chord_sa. tolerance = 1, sa_iterations = 1000, initial_temperature = 3.0, cooling_rate = 0.999
26 - INFO - chord#: 138 done. best_score=137.0, changed=606, unchanged=230, early_stops=8/8
26 - INFO - chord#: 140 In build_straw_man_chord_sa. tolerance = 1, sa_iterations = 1000, initial_temperature = 3.0, cooling_rate = 0.999
26 - INFO - chord#: 114 done. best_score=36.0, changed=527, unchanged=361, early_stops=8/8
26 - INFO - chord#: 116 In build_straw_man_chord_sa. tolerance = 1, sa_iterations = 1000, initial_temperature = 3.0, cooling_rate = 0.999
26 - INFO - chord#: 106 done. best_score=82.0, changed=609, unchanged=244, early_stops=8/8
26 - INFO - chord#: 108 In build_straw_man_chord_sa. tolerance = 1, sa_iterations = 1000, initial_temperature = 3.0, cooling_rate = 0.999
26 - INFO - chord#: 138 done. best_score=93.0, changed=617, unchanged=527, early_stops=8/8
26 - INFO - chord#: 140 In build_straw_man_chord_sa. tolerance = 1, sa_iterations = 1000, initial_temperature = 3.0, cooling_rate = 0.999
26 - INFO - chord#: 138 done. best_score=119.0, changed=606, unchanged=316, early_stops=8/8
26 - INFO - chord#: 140 In build_straw_man_chord_sa. tolerance = 1, sa_iterations = 1000, initial_temperature = 3.0, cooling_rate = 0.999
26 - INFO - chord#: 120 done. best_score=27.0, changed=522, unchanged=465, early_stops=8/8
26 - INFO - chord#: 128 In build_straw_man_chord_sa. tolerance = 1, sa_iterations = 1000, initial_temperature = 3.0, cooling_rate = 0.999
26 - INFO - chord#: 108 done. best_score=27.0, changed=522, unchanged=351, early_stops=8/8
26 - INFO - chord#: 110 In build_straw_man_chord_sa. tolerance = 1, sa_iterations = 1000, initial_temperature = 3.0, cooling_rate = 0.999
26 - INFO - chord#: 108 done. best_score=27.0, changed=532, unchanged=458, early_stops=8/8
26 - INFO - chord#: 110 In build_straw_man_chord_sa. tolerance = 1, sa_iterations = 1000, initial_temperature = 3.0, cooling_rate = 0.999
26 - INFO - chord#: 138 done. best_score=161.0, changed=612, unchanged=234, early_stops=8/8
26 - INFO - chord#: 140 In build_straw_man_chord_sa. tolerance = 1, sa_iterations = 1000, initial_temperature = 3.0, cooling_rate = 0.999
26 - INFO - chord#: 116 done. best_score=31.0, changed=527, unchanged=422, early_stops=8/8
26 - INFO - chord#: 118 In build_straw_man_chord_sa. tolerance = 1, sa_iterations = 1000, initial_temperature = 3.0, cooling_rate = 0.999
26 - INFO - chord#: 108 done. best_score=27.0, changed=520, unchanged=348, early_stops=8/8
26 - INFO - chord#: 110 In build_straw_man_chord_sa. tolerance = 1, sa_iterations = 1000, initial_temperature = 3.0, cooling_rate = 0.999
26 - INFO - chord#: 128 done. best_score=27.0, changed=530, unchanged=336, early_stops=8/8
26 - INFO - chord#: 130 In build_straw_man_chord_sa. tolerance = 1, sa_iterations = 1000, initial_temperature = 3.0, cooling_rate = 0.999
26 - INFO - chord#: 130 done. best_score=145.0, changed=610, unchanged=268, early_stops=8/8
26 - INFO - chord#: 132 In build_straw_man_chord_sa. tolerance = 1, sa_iterations = 1000, initial_temperature = 3.0, cooling_rate = 0.999
26 - INFO - chord#: 110 done. best_score=27.0, changed=521, unchanged=329, early_stops=8/8
26 - INFO - chord#: 112 In build_straw_man_chord_sa. tolerance = 1, sa_iterations = 1000, initial_temperature = 3.0, cooling_rate = 0.999
26 - INFO - chord#: 110 done. best_score=27.0, changed=521, unchanged=326, early_stops=8/8
26 - INFO - chord#: 112 In build_straw_man_chord_sa. tolerance = 1, sa_iterations = 1000, initial_temperature = 3.0, cooling_rate = 0.999
26 - INFO - chord#: 140 done. best_score=75.0, changed=620, unchanged=265, early_stops=8/8
26 - INFO - chord#: 142 In build_straw_man_chord_sa. tolerance = 1, sa_iterations = 1000, initial_temperature = 3.0, cooling_rate = 0.999
26 - INFO - chord#: 130 done. best_score=137.0, changed=617, unchanged=384, early_stops=8/8
26 - INFO - chord#: 132 In build_straw_man_chord_sa. tolerance = 1, sa_iterations = 1000, initial_temperature = 3.0, cooling_rate = 0.999
26 - INFO - chord#: 118 done. best_score=27.0, changed=522, unchanged=364, early_stops=8/8
26 - INFO - chord#: 120 In build_straw_man_chord_sa. tolerance = 1, sa_iterations = 1000, initial_temperature = 3.0, cooling_rate = 0.999
26 - INFO - chord#: 110 done. best_score=27.0, changed=530, unchanged=340, early_stops=8/8
26 - INFO - chord#: 112 In build_straw_man_chord_sa. tolerance = 1, sa_iterations = 1000, initial_temperature = 3.0, cooling_rate = 0.999
26 - INFO - chord#: 140 done. best_score=70.0, changed=605, unchanged=243, early_stops=8/8
26 - INFO - chord#: 142 In build_straw_man_chord_sa. tolerance = 1, sa_iterations = 1000, initial_temperature = 3.0, cooling_rate = 0.999
26 - INFO - chord#: 112 done. best_score=67.0, changed=620, unchanged=425, early_stops=8/8
26 - INFO - chord#: 114 In build_straw_man_chord_sa. tolerance = 1, sa_iterations = 1000, initial_temperature = 3.0, cooling_rate = 0.999
26 - INFO - chord#: 140 done. best_score=70.0, changed=617, unchanged=486, early_stops=8/8
26 - INFO - chord#: 142 In build_straw_man_chord_sa. tolerance = 1, sa_iterations = 1000, initial_temperature = 3.0, cooling_rate = 0.999
26 - INFO - chord#: 132 done. best_score=27.0, changed=512, unchanged=442, early_stops=8/8
26 - INFO - chord#: 134 In build_straw_man_chord_sa. tolerance = 1, sa_iterations = 1000, initial_temperature = 3.0, cooling_rate = 0.999
26 - INFO - chord#: 120 done. best_score=27.0, changed=521, unchanged=394, early_stops=8/8
26 - INFO - chord#: 128 In build_straw_man_chord_sa. tolerance = 1, sa_iterations = 1000, initial_temperature = 3.0, cooling_rate = 0.999
26 - INFO - chord#: 142 done. best_score=36.0, changed=529, unchanged=500, early_stops=8/8
26 - INFO - chord#: 144 In build_straw_man_chord_sa. tolerance = 1, sa_iterations = 1000, initial_temperature = 3.0, cooling_rate = 0.999
26 - INFO - chord#: 140 done. best_score=173.0, changed=611, unchanged=227, early_stops=8/8
26 - INFO - chord#: 142 In build_straw_man_chord_sa. tolerance = 1, sa_iterations = 1000, initial_temperature = 3.0, cooling_rate = 0.999
26 - INFO - chord#: 132 done. best_score=27.0, changed=511, unchanged=399, early_stops=8/8
26 - INFO - chord#: 134 In build_straw_man_chord_sa. tolerance = 1, sa_iterations = 1000, initial_temperature = 3.0, cooling_rate = 0.999
26 - INFO - chord#: 142 done. best_score=27.0, changed=515, unchanged=362, early_stops=8/8
26 - INFO - chord#: 144 In build_straw_man_chord_sa. tolerance = 1, sa_iterations = 1000, initial_temperature = 3.0, cooling_rate = 0.999
26 - INFO - chord#: 142 done. best_score=27.0, changed=519, unchanged=390, early_stops=8/8
26 - INFO - chord#: 144 In build_straw_man_chord_sa. tolerance = 1, sa_iterations = 1000, initial_temperature = 3.0, cooling_rate = 0.999
26 - INFO - chord#: 114 done. best_score=36.0, changed=528, unchanged=416, early_stops=8/8
26 - INFO - chord#: 116 In build_straw_man_chord_sa. tolerance = 1, sa_iterations = 1000, initial_temperature = 3.0, cooling_rate = 0.999
26 - INFO - chord#: 128 done. best_score=27.0, changed=521, unchanged=346, early_stops=8/8
26 - INFO - chord#: 130 done. best_score=140.0, changed=623, unchanged=381, early_stops=8/8
26 - INFO - chord#: 130 In build_straw_man_chord_sa. tolerance = 1, sa_iterations = 1000, initial_temperature = 3.0, cooling_rate = 0.999
26 - INFO - chord#: 132 In build_straw_man_chord_sa. tolerance = 1, sa_iterations = 1000, initial_temperature = 3.0, cooling_rate = 0.999
26 - INFO - chord#: 142 done. best_score=27.0, changed=516, unchanged=327, early_stops=8/8
26 - INFO - chord#: 144 In build_straw_man_chord_sa. tolerance = 1, sa_iterations = 1000, initial_temperature = 3.0, cooling_rate = 0.999
26 - INFO - chord#: 112 done. best_score=137.0, changed=607, unchanged=324, early_stops=8/8
26 - INFO - chord#: 114 In build_straw_man_chord_sa. tolerance = 1, sa_iterations = 1000, initial_temperature = 3.0, cooling_rate = 0.999
26 - INFO - chord#: 144 done. best_score=71.0, changed=612, unchanged=304, early_stops=8/8
26 - INFO - chord#: 146 In build_straw_man_chord_sa. tolerance = 1, sa_iterations = 1000, initial_temperature = 3.0, cooling_rate = 0.999
26 - INFO - chord#: 132 done. best_score=27.0, changed=525, unchanged=432, early_stops=8/8
26 - INFO - chord#: 134 In build_straw_man_chord_sa. tolerance = 1, sa_iterations = 1000, initial_temperature = 3.0, cooling_rate = 0.999
26 - INFO - chord#: 112 done. best_score=119.0, changed=612, unchanged=397, early_stops=8/8
26 - INFO - chord#: 114 In build_straw_man_chord_sa. tolerance = 1, sa_iterations = 1000, initial_temperature = 3.0, cooling_rate = 0.999
26 - INFO - chord#: 116 done. best_score=31.0, changed=534, unchanged=387, early_stops=8/8
26 - INFO - chord#: 118 In build_straw_man_chord_sa. tolerance = 1, sa_iterations = 1000, initial_temperature = 3.0, cooling_rate = 0.999
26 - INFO - chord#: 112 done. best_score=67.0, changed=608, unchanged=312, early_stops=8/8
26 - INFO - chord#: 114 In build_straw_man_chord_sa. tolerance = 1, sa_iterations = 1000, initial_temperature = 3.0, cooling_rate = 0.999
26 - INFO - chord#: 144 done. best_score=146.0, changed=620, unchanged=289, early_stops=8/8
26 - INFO - chord#: 146 In build_straw_man_chord_sa. tolerance = 1, sa_iterations = 1000, initial_temperature = 3.0, cooling_rate = 0.999
26 - INFO - chord#: 134 done. best_score=74.0, changed=613, unchanged=329, early_stops=8/8
26 - INFO - chord#: 136 In build_straw_man_chord_sa. tolerance = 1, sa_iterations = 1000, initial_temperature = 3.0, cooling_rate = 0.999
26 - INFO - chord#: 144 done. best_score=157.0, changed=612, unchanged=311, early_stops=8/8
26 - INFO - chord#: 146 In build_straw_man_chord_sa. tolerance = 1, sa_iterations = 1000, initial_temperature = 3.0, cooling_rate = 0.999
26 - INFO - chord#: 146 done. best_score=35.0, changed=529, unchanged=301, early_stops=8/8
26 - INFO - chord#: 148 In build_straw_man_chord_sa. tolerance = 1, sa_iterations = 1000, initial_temperature = 3.0, cooling_rate = 0.999
26 - INFO - chord#: 134 done. best_score=74.0, changed=611, unchanged=370, early_stops=8/8
26 - INFO - chord#: 136 In build_straw_man_chord_sa. tolerance = 1, sa_iterations = 1000, initial_temperature = 3.0, cooling_rate = 0.999
26 - INFO - chord#: 114 done. best_score=36.0, changed=528, unchanged=390, early_stops=8/8
26 - INFO - chord#: 116 In build_straw_man_chord_sa. tolerance = 1, sa_iterations = 1000, initial_temperature = 3.0, cooling_rate = 0.999
26 - INFO - chord#: 144 done. best_score=64.0, changed=612, unchanged=341, early_stops=8/8
26 - INFO - chord#: 146 In build_straw_man_chord_sa. tolerance = 1, sa_iterations = 1000, initial_temperature = 3.0, cooling_rate = 0.999
26 - INFO - chord#: 114 done. best_score=47.0, changed=527, unchanged=351, early_stops=8/8
26 - INFO - chord#: 116 In build_straw_man_chord_sa. tolerance = 1, sa_iterations = 1000, initial_temperature = 3.0, cooling_rate = 0.999
26 - INFO - chord#: 118 done. best_score=27.0, changed=518, unchanged=347, early_stops=8/8
26 - INFO - chord#: 120 In build_straw_man_chord_sa. tolerance = 1, sa_iterations = 1000, initial_temperature = 3.0, cooling_rate = 0.999
26 - INFO - chord#: 130 done. best_score=67.0, changed=612, unchanged=351, early_stops=8/8
26 - INFO - chord#: 132 In build_straw_man_chord_sa. tolerance = 1, sa_iterations = 1000, initial_temperature = 3.0, cooling_rate = 0.999
26 - INFO - chord#: 114 done. best_score=36.0, changed=520, unchanged=301, early_stops=8/8
26 - INFO - chord#: 116 In build_straw_man_chord_sa. tolerance = 1, sa_iterations = 1000, initial_temperature = 3.0, cooling_rate = 0.999
26 - INFO - chord#: 146 done. best_score=35.0, changed=529, unchanged=356, early_stops=8/8
26 - INFO - chord#: 148 In build_straw_man_chord_sa. tolerance = 1, sa_iterations = 1000, initial_temperature = 3.0, cooling_rate = 0.999
26 - INFO - chord#: 146 done. best_score=37.0, changed=526, unchanged=337, early_stops=8/8
26 - INFO - chord#: 148 In build_straw_man_chord_sa. tolerance = 1, sa_iterations = 1000, initial_temperature = 3.0, cooling_rate = 0.999
26 - INFO - chord#: 148 done. best_score=27.0, changed=523, unchanged=466, early_stops=8/8
26 - INFO - chord#: 150 In build_straw_man_chord_sa. tolerance = 1, sa_iterations = 1000, initial_temperature = 3.0, cooling_rate = 0.999
26 - INFO - chord#: 136 done. best_score=27.0, changed=523, unchanged=486, early_stops=8/8
26 - INFO - chord#: 138 In build_straw_man_chord_sa. tolerance = 1, sa_iterations = 1000, initial_temperature = 3.0, cooling_rate = 0.999
26 - INFO - chord#: 136 done. best_score=27.0, changed=521, unchanged=333, early_stops=8/8
26 - INFO - chord#: 138 In build_straw_man_chord_sa. tolerance = 1, sa_iterations = 1000, initial_temperature = 3.0, cooling_rate = 0.999
26 - INFO - chord#: 134 done. best_score=121.0, changed=616, unchanged=311, early_stops=8/8
26 - INFO - chord#: 136 In build_straw_man_chord_sa. tolerance = 1, sa_iterations = 1000, initial_temperature = 3.0, cooling_rate = 0.999
26 - INFO - chord#: 146 done. best_score=37.0, changed=522, unchanged=306, early_stops=8/8
26 - INFO - chord#: 148 In build_straw_man_chord_sa. tolerance = 1, sa_iterations = 1000, initial_temperature = 3.0, cooling_rate = 0.999
26 - INFO - chord#: 132 done. best_score=27.0, changed=515, unchanged=353, early_stops=8/8
26 - INFO - chord#: 134 In build_straw_man_chord_sa. tolerance = 1, sa_iterations = 1000, initial_temperature = 3.0, cooling_rate = 0.999
26 - INFO - chord#: 120 done. best_score=27.0, changed=533, unchanged=437, early_stops=8/8
26 - INFO - chord#: 128 In build_straw_man_chord_sa. tolerance = 1, sa_iterations = 1000, initial_temperature = 3.0, cooling_rate = 0.999
26 - INFO - chord#: 148 done. best_score=27.0, changed=517, unchanged=418, early_stops=8/8
26 - INFO - chord#: 150 In build_straw_man_chord_sa. tolerance = 1, sa_iterations = 1000, initial_temperature = 3.0, cooling_rate = 0.999
26 - INFO - chord#: 116 done. best_score=31.0, changed=536, unchanged=375, early_stops=8/8
26 - INFO - chord#: 118 In build_straw_man_chord_sa. tolerance = 1, sa_iterations = 1000, initial_temperature = 3.0, cooling_rate = 0.999
26 - INFO - chord#: 148 done. best_score=27.0, changed=516, unchanged=435, early_stops=8/8
26 - INFO - chord#: 150 In build_straw_man_chord_sa. tolerance = 1, sa_iterations = 1000, initial_temperature = 3.0, cooling_rate = 0.999
26 - INFO - chord#: 116 done. best_score=31.0, changed=533, unchanged=394, early_stops=8/8
26 - INFO - chord#: 118 In build_straw_man_chord_sa. tolerance = 1, sa_iterations = 1000, initial_temperature = 3.0, cooling_rate = 0.999
26 - INFO - chord#: 116 done. best_score=31.0, changed=523, unchanged=443, early_stops=8/8
26 - INFO - chord#: 118 In build_straw_man_chord_sa. tolerance = 1, sa_iterations = 1000, initial_temperature = 3.0, cooling_rate = 0.999
26 - INFO - chord#: 150 done. best_score=27.0, changed=515, unchanged=339, early_stops=8/8
26 - INFO - chord#: 151 In build_straw_man_chord_sa. tolerance = 1, sa_iterations = 1000, initial_temperature = 3.0, cooling_rate = 0.999
26 - INFO - chord#: 148 done. best_score=27.0, changed=519, unchanged=389, early_stops=8/8
26 - INFO - chord#: 150 In build_straw_man_chord_sa. tolerance = 1, sa_iterations = 1000, initial_temperature = 3.0, cooling_rate = 0.999
26 - INFO - chord#: 136 done. best_score=27.0, changed=535, unchanged=463, early_stops=8/8
26 - INFO - chord#: 138 In build_straw_man_chord_sa. tolerance = 1, sa_iterations = 1000, initial_temperature = 3.0, cooling_rate = 0.999
26 - INFO - chord#: 150 done. best_score=27.0, changed=520, unchanged=450, early_stops=8/8
26 - INFO - chord#: 151 In build_straw_man_chord_sa. tolerance = 1, sa_iterations = 1000, initial_temperature = 3.0, cooling_rate = 0.999
26 - INFO - chord#: 150 done. best_score=27.0, changed=520, unchanged=359, early_stops=8/8
26 - INFO - chord#: 151 In build_straw_man_chord_sa. tolerance = 1, sa_iterations = 1000, initial_temperature = 3.0, cooling_rate = 0.999
26 - INFO - chord#: 118 done. best_score=27.0, changed=520, unchanged=396, early_stops=8/8
26 - INFO - chord#: 120 In build_straw_man_chord_sa. tolerance = 1, sa_iterations = 1000, initial_temperature = 3.0, cooling_rate = 0.999
26 - INFO - chord#: 128 done. best_score=27.0, changed=529, unchanged=412, early_stops=8/8
26 - INFO - chord#: 130 In build_straw_man_chord_sa. tolerance = 1, sa_iterations = 1000, initial_temperature = 3.0, cooling_rate = 0.999
26 - INFO - chord#: 118 done. best_score=27.0, changed=531, unchanged=385, early_stops=8/8
26 - INFO - chord#: 120 In build_straw_man_chord_sa. tolerance = 1, sa_iterations = 1000, initial_temperature = 3.0, cooling_rate = 0.999
26 - INFO - chord#: 118 done. best_score=27.0, changed=519, unchanged=395, early_stops=8/8
26 - INFO - chord#: 120 In build_straw_man_chord_sa. tolerance = 1, sa_iterations = 1000, initial_temperature = 3.0, cooling_rate = 0.999
26 - INFO - chord#: 150 done. best_score=27.0, changed=528, unchanged=358, early_stops=8/8
26 - INFO - chord#: 151 In build_straw_man_chord_sa. tolerance = 1, sa_iterations = 1000, initial_temperature = 3.0, cooling_rate = 0.999
26 - INFO - chord#: 134 done. best_score=96.0, changed=612, unchanged=309, early_stops=8/8
26 - INFO - chord#: 136 In build_straw_man_chord_sa. tolerance = 1, sa_iterations = 1000, initial_temperature = 3.0, cooling_rate = 0.999
26 - INFO - chord#: 120 done. best_score=27.0, changed=529, unchanged=430, early_stops=8/8
26 - INFO - chord#: 128 In build_straw_man_chord_sa. tolerance = 1, sa_iterations = 1000, initial_temperature = 3.0, cooling_rate = 0.999
26 - INFO - chord#: 151 done. best_score=67.0, changed=613, unchanged=272, early_stops=8/8
26 - INFO - chord#: 152 In build_straw_man_chord_sa. tolerance = 1, sa_iterations = 1000, initial_temperature = 3.0, cooling_rate = 0.999
26 - INFO - chord#: 138 done. best_score=131.0, changed=610, unchanged=334, early_stops=8/8
26 - INFO - chord#: 140 In build_straw_man_chord_sa. tolerance = 1, sa_iterations = 1000, initial_temperature = 3.0, cooling_rate = 0.999
26 - INFO - chord#: 120 done. best_score=27.0, changed=523, unchanged=433, early_stops=8/8
26 - INFO - chord#: 128 In build_straw_man_chord_sa. tolerance = 1, sa_iterations = 1000, initial_temperature = 3.0, cooling_rate = 0.999
26 - INFO - chord#: 120 done. best_score=27.0, changed=520, unchanged=409, early_stops=8/8
26 - INFO - chord#: 128 In build_straw_man_chord_sa. tolerance = 1, sa_iterations = 1000, initial_temperature = 3.0, cooling_rate = 0.999
26 - INFO - chord#: 138 done. best_score=119.0, changed=614, unchanged=387, early_stops=8/8
26 - INFO - chord#: 140 In build_straw_man_chord_sa. tolerance = 1, sa_iterations = 1000, initial_temperature = 3.0, cooling_rate = 0.999
26 - INFO - chord#: 136 done. best_score=27.0, changed=537, unchanged=509, early_stops=8/8
26 - INFO - chord#: 138 In build_straw_man_chord_sa. tolerance = 1, sa_iterations = 1000, initial_temperature = 3.0, cooling_rate = 0.999
26 - INFO - chord#: 138 done. best_score=119.0, changed=610, unchanged=321, early_stops=8/8
26 - INFO - chord#: 140 In build_straw_man_chord_sa. tolerance = 1, sa_iterations = 1000, initial_temperature = 3.0, cooling_rate = 0.999
26 - INFO - chord#: 151 done. best_score=137.0, changed=611, unchanged=268, early_stops=8/8
26 - INFO - chord#: 152 In build_straw_man_chord_sa. tolerance = 1, sa_iterations = 1000, initial_temperature = 3.0, cooling_rate = 0.999
26 - INFO - chord#: 151 done. best_score=183.0, changed=614, unchanged=282, early_stops=8/8
26 - INFO - chord#: 152 In build_straw_man_chord_sa. tolerance = 1, sa_iterations = 1000, initial_temperature = 3.0, cooling_rate = 0.999
26 - INFO - chord#: 152 done. best_score=27.0, changed=527, unchanged=379, early_stops=8/8
26 - INFO - chord#: 160 In build_straw_man_chord_sa. tolerance = 1, sa_iterations = 1000, initial_temperature = 3.0, cooling_rate = 0.999
26 - INFO - chord#: 128 done. best_score=27.0, changed=527, unchanged=330, early_stops=8/8
26 - INFO - chord#: 130 In build_straw_man_chord_sa. tolerance = 1, sa_iterations = 1000, initial_temperature = 3.0, cooling_rate = 0.999
26 - INFO - chord#: 130 done. best_score=67.0, changed=608, unchanged=273, early_stops=8/8
26 - INFO - chord#: 132 In build_straw_man_chord_sa. tolerance = 1, sa_iterations = 1000, initial_temperature = 3.0, cooling_rate = 0.999
26 - INFO - chord#: 152 done. best_score=27.0, changed=522, unchanged=325, early_stops=8/8
26 - INFO - chord#: 160 In build_straw_man_chord_sa. tolerance = 1, sa_iterations = 1000, initial_temperature = 3.0, cooling_rate = 0.999
26 - INFO - chord#: 128 done. best_score=27.0, changed=530, unchanged=392, early_stops=8/8
26 - INFO - chord#: 130 In build_straw_man_chord_sa. tolerance = 1, sa_iterations = 1000, initial_temperature = 3.0, cooling_rate = 0.999
26 - INFO - chord#: 128 done. best_score=27.0, changed=527, unchanged=421, early_stops=8/8
26 - INFO - chord#: 130 In build_straw_man_chord_sa. tolerance = 1, sa_iterations = 1000, initial_temperature = 3.0, cooling_rate = 0.999
26 - INFO - chord#: 152 done. best_score=27.0, changed=532, unchanged=462, early_stops=8/8
26 - INFO - chord#: 160 In build_straw_man_chord_sa. tolerance = 1, sa_iterations = 1000, initial_temperature = 3.0, cooling_rate = 0.999
26 - INFO - chord#: 151 done. best_score=145.0, changed=616, unchanged=512, early_stops=8/8
26 - INFO - chord#: 152 In build_straw_man_chord_sa. tolerance = 1, sa_iterations = 1000, initial_temperature = 3.0, cooling_rate = 0.999
26 - INFO - chord#: 132 done. best_score=27.0, changed=523, unchanged=481, early_stops=8/8
26 - INFO - chord#: 134 In build_straw_man_chord_sa. tolerance = 1, sa_iterations = 1000, initial_temperature = 3.0, cooling_rate = 0.999
26 - INFO - chord#: 140 done. best_score=75.0, changed=615, unchanged=449, early_stops=8/8
26 - INFO - chord#: 142 In build_straw_man_chord_sa. tolerance = 1, sa_iterations = 1000, initial_temperature = 3.0, cooling_rate = 0.999
26 - INFO - chord#: 152 done. best_score=27.0, changed=535, unchanged=442, early_stops=8/8
26 - INFO - chord#: 160 In build_straw_man_chord_sa. tolerance = 1, sa_iterations = 1000, initial_temperature = 3.0, cooling_rate = 0.999
26 - INFO - chord#: 138 done. best_score=78.0, changed=608, unchanged=381, early_stops=8/8
26 - INFO - chord#: 140 In build_straw_man_chord_sa. tolerance = 1, sa_iterations = 1000, initial_temperature = 3.0, cooling_rate = 0.999
26 - INFO - chord#: 140 done. best_score=75.0, changed=611, unchanged=458, early_stops=8/8
26 - INFO - chord#: 142 In build_straw_man_chord_sa. tolerance = 1, sa_iterations = 1000, initial_temperature = 3.0, cooling_rate = 0.999
26 - INFO - chord#: 160 done. best_score=78.0, changed=611, unchanged=282, early_stops=8/8
26 - INFO - chord#: 164 In build_straw_man_chord_sa. tolerance = 1, sa_iterations = 1000, initial_temperature = 3.0, cooling_rate = 0.999
26 - INFO - chord#: 160 done. best_score=145.0, changed=608, unchanged=262, early_stops=8/8
26 - INFO - chord#: 164 In build_straw_man_chord_sa. tolerance = 1, sa_iterations = 1000, initial_temperature = 3.0, cooling_rate = 0.999
26 - INFO - chord#: 130 done. best_score=101.0, changed=608, unchanged=229, early_stops=8/8
26 - INFO - chord#: 132 In build_straw_man_chord_sa. tolerance = 1, sa_iterations = 1000, initial_temperature = 3.0, cooling_rate = 0.999
26 - INFO - chord#: 140 done. best_score=70.0, changed=613, unchanged=490, early_stops=8/8
26 - INFO - chord#: 142 In build_straw_man_chord_sa. tolerance = 1, sa_iterations = 1000, initial_temperature = 3.0, cooling_rate = 0.999
26 - INFO - chord#: 130 done. best_score=125.0, changed=611, unchanged=248, early_stops=8/8
26 - INFO - chord#: 132 In build_straw_man_chord_sa. tolerance = 1, sa_iterations = 1000, initial_temperature = 3.0, cooling_rate = 0.999
26 - INFO - chord#: 142 done. best_score=36.0, changed=530, unchanged=447, early_stops=8/8
26 - INFO - chord#: 144 In build_straw_man_chord_sa. tolerance = 1, sa_iterations = 1000, initial_temperature = 3.0, cooling_rate = 0.999
26 - INFO - chord#: 160 done. best_score=67.0, changed=612, unchanged=341, early_stops=8/8
26 - INFO - chord#: 164 In build_straw_man_chord_sa. tolerance = 1, sa_iterations = 1000, initial_temperature = 3.0, cooling_rate = 0.999
26 - INFO - chord#: 164 done. best_score=27.0, changed=521, unchanged=358, early_stops=8/8
26 - INFO - chord#: 166 In build_straw_man_chord_sa. tolerance = 1, sa_iterations = 1000, initial_temperature = 3.0, cooling_rate = 0.999
26 - INFO - chord#: 142 done. best_score=36.0, changed=526, unchanged=438, early_stops=8/8
26 - INFO - chord#: 144 In build_straw_man_chord_sa. tolerance = 1, sa_iterations = 1000, initial_temperature = 3.0, cooling_rate = 0.999
26 - INFO - chord#: 130 done. best_score=145.0, changed=614, unchanged=357, early_stops=8/8
26 - INFO - chord#: 132 In build_straw_man_chord_sa. tolerance = 1, sa_iterations = 1000, initial_temperature = 3.0, cooling_rate = 0.999
26 - INFO - chord#: 142 done. best_score=27.0, changed=529, unchanged=550, early_stops=8/8
26 - INFO - chord#: 144 In build_straw_man_chord_sa. tolerance = 1, sa_iterations = 1000, initial_temperature = 3.0, cooling_rate = 0.999
26 - INFO - chord#: 132 done. best_score=27.0, changed=525, unchanged=407, early_stops=8/8
26 - INFO - chord#: 134 In build_straw_man_chord_sa. tolerance = 1, sa_iterations = 1000, initial_temperature = 3.0, cooling_rate = 0.999
26 - INFO - chord#: 164 done. best_score=27.0, changed=518, unchanged=439, early_stops=8/8
26 - INFO - chord#: 166 In build_straw_man_chord_sa. tolerance = 1, sa_iterations = 1000, initial_temperature = 3.0, cooling_rate = 0.999
26 - INFO - chord#: 132 done. best_score=27.0, changed=510, unchanged=363, early_stops=8/8
26 - INFO - chord#: 134 In build_straw_man_chord_sa. tolerance = 1, sa_iterations = 1000, initial_temperature = 3.0, cooling_rate = 0.999
26 - INFO - chord#: 164 done. best_score=27.0, changed=521, unchanged=484, early_stops=8/8
26 - INFO - chord#: 166 In build_straw_man_chord_sa. tolerance = 1, sa_iterations = 1000, initial_temperature = 3.0, cooling_rate = 0.999
26 - INFO - chord#: 140 done. best_score=104.0, changed=611, unchanged=314, early_stops=8/8
26 - INFO - chord#: 142 In build_straw_man_chord_sa. tolerance = 1, sa_iterations = 1000, initial_temperature = 3.0, cooling_rate = 0.999
26 - INFO - chord#: 134 done. best_score=121.0, changed=615, unchanged=302, early_stops=8/8
26 - INFO - chord#: 136 In build_straw_man_chord_sa. tolerance = 1, sa_iterations = 1000, initial_temperature = 3.0, cooling_rate = 0.999
26 - INFO - chord#: 160 done. best_score=78.0, changed=613, unchanged=391, early_stops=8/8
26 - INFO - chord#: 164 In build_straw_man_chord_sa. tolerance = 1, sa_iterations = 1000, initial_temperature = 3.0, cooling_rate = 0.999
26 - INFO - chord#: 144 done. best_score=71.0, changed=612, unchanged=272, early_stops=8/8
26 - INFO - chord#: 146 In build_straw_man_chord_sa. tolerance = 1, sa_iterations = 1000, initial_temperature = 3.0, cooling_rate = 0.999
26 - INFO - chord#: 132 done. best_score=27.0, changed=521, unchanged=622, early_stops=8/8
26 - INFO - chord#: 134 In build_straw_man_chord_sa. tolerance = 1, sa_iterations = 1000, initial_temperature = 3.0, cooling_rate = 0.999
26 - INFO - chord#: 142 done. best_score=27.0, changed=528, unchanged=402, early_stops=8/8
26 - INFO - chord#: 144 In build_straw_man_chord_sa. tolerance = 1, sa_iterations = 1000, initial_temperature = 3.0, cooling_rate = 0.999
26 - INFO - chord#: 146 done. best_score=35.0, changed=536, unchanged=292, early_stops=8/8
26 - INFO - chord#: 148 In build_straw_man_chord_sa. tolerance = 1, sa_iterations = 1000, initial_temperature = 3.0, cooling_rate = 0.999
26 - INFO - chord#: 136 done. best_score=27.0, changed=516, unchanged=395, early_stops=8/8
26 - INFO - chord#: 138 In build_straw_man_chord_sa. tolerance = 1, sa_iterations = 1000, initial_temperature = 3.0, cooling_rate = 0.999
26 - INFO - chord#: 144 done. best_score=71.0, changed=609, unchanged=236, early_stops=8/8
26 - INFO - chord#: 146 In build_straw_man_chord_sa. tolerance = 1, sa_iterations = 1000, initial_temperature = 3.0, cooling_rate = 0.999
26 - INFO - chord#: 164 done. best_score=27.0, changed=514, unchanged=390, early_stops=8/8
26 - INFO - chord#: 166 In build_straw_man_chord_sa. tolerance = 1, sa_iterations = 1000, initial_temperature = 3.0, cooling_rate = 0.999
26 - INFO - chord#: 166 done. best_score=157.0, changed=617, unchanged=485, early_stops=8/8
26 - INFO - chord#: 168 In build_straw_man_chord_sa. tolerance = 1, sa_iterations = 1000, initial_temperature = 3.0, cooling_rate = 0.999
26 - INFO - chord#: 144 done. best_score=71.0, changed=617, unchanged=419, early_stops=8/8
26 - INFO - chord#: 146 In build_straw_man_chord_sa. tolerance = 1, sa_iterations = 1000, initial_temperature = 3.0, cooling_rate = 0.999
26 - INFO - chord#: 134 done. best_score=74.0, changed=610, unchanged=301, early_stops=8/8
26 - INFO - chord#: 136 In build_straw_man_chord_sa. tolerance = 1, sa_iterations = 1000, initial_temperature = 3.0, cooling_rate = 0.999
26 - INFO - chord#: 134 done. best_score=74.0, changed=610, unchanged=314, early_stops=8/8
26 - INFO - chord#: 136 In build_straw_man_chord_sa. tolerance = 1, sa_iterations = 1000, initial_temperature = 3.0, cooling_rate = 0.999
26 - INFO - chord#: 146 done. best_score=35.0, changed=533, unchanged=276, early_stops=8/8
26 - INFO - chord#: 148 In build_straw_man_chord_sa. tolerance = 1, sa_iterations = 1000, initial_temperature = 3.0, cooling_rate = 0.999
26 - INFO - chord#: 166 done. best_score=78.0, changed=609, unchanged=427, early_stops=8/8
26 - INFO - chord#: 168 In build_straw_man_chord_sa. tolerance = 1, sa_iterations = 1000, initial_temperature = 3.0, cooling_rate = 0.999
26 - INFO - chord#: 148 done. best_score=27.0, changed=518, unchanged=531, early_stops=8/8
26 - INFO - chord#: 150 In build_straw_man_chord_sa. tolerance = 1, sa_iterations = 1000, initial_temperature = 3.0, cooling_rate = 0.999
26 - INFO - chord#: 168 done. best_score=27.0, changed=522, unchanged=365, early_stops=8/8
26 - INFO - chord#: 172 In build_straw_man_chord_sa. tolerance = 1, sa_iterations = 1000, initial_temperature = 3.0, cooling_rate = 0.999
26 - INFO - chord#: 144 done. best_score=64.0, changed=610, unchanged=321, early_stops=8/8
26 - INFO - chord#: 146 In build_straw_man_chord_sa. tolerance = 1, sa_iterations = 1000, initial_temperature = 3.0, cooling_rate = 0.999
26 - INFO - chord#: 166 done. best_score=119.0, changed=611, unchanged=428, early_stops=8/8
26 - INFO - chord#: 168 In build_straw_man_chord_sa. tolerance = 1, sa_iterations = 1000, initial_temperature = 3.0, cooling_rate = 0.999
26 - INFO - chord#: 146 done. best_score=35.0, changed=531, unchanged=363, early_stops=8/8
26 - INFO - chord#: 148 In build_straw_man_chord_sa. tolerance = 1, sa_iterations = 1000, initial_temperature = 3.0, cooling_rate = 0.999
26 - INFO - chord#: 134 done. best_score=121.0, changed=612, unchanged=240, early_stops=8/8
26 - INFO - chord#: 136 In build_straw_man_chord_sa. tolerance = 1, sa_iterations = 1000, initial_temperature = 3.0, cooling_rate = 0.999
26 - INFO - chord#: 136 done. best_score=27.0, changed=524, unchanged=360, early_stops=8/8
26 - INFO - chord#: 138 In build_straw_man_chord_sa. tolerance = 1, sa_iterations = 1000, initial_temperature = 3.0, cooling_rate = 0.999
26 - INFO - chord#: 136 done. best_score=27.0, changed=528, unchanged=372, early_stops=8/8
26 - INFO - chord#: 138 In build_straw_man_chord_sa. tolerance = 1, sa_iterations = 1000, initial_temperature = 3.0, cooling_rate = 0.999
26 - INFO - chord#: 168 done. best_score=27.0, changed=516, unchanged=402, early_stops=8/8
26 - INFO - chord#: 172 In build_straw_man_chord_sa. tolerance = 1, sa_iterations = 1000, initial_temperature = 3.0, cooling_rate = 0.999
26 - INFO - chord#: 150 done. best_score=27.0, changed=521, unchanged=383, early_stops=8/8
26 - INFO - chord#: 151 In build_straw_man_chord_sa. tolerance = 1, sa_iterations = 1000, initial_temperature = 3.0, cooling_rate = 0.999
26 - INFO - chord#: 166 done. best_score=188.0, changed=607, unchanged=301, early_stops=8/8
26 - INFO - chord#: 168 In build_straw_man_chord_sa. tolerance = 1, sa_iterations = 1000, initial_temperature = 3.0, cooling_rate = 0.999
26 - INFO - chord#: 148 done. best_score=27.0, changed=519, unchanged=364, early_stops=8/8
26 - INFO - chord#: 150 In build_straw_man_chord_sa. tolerance = 1, sa_iterations = 1000, initial_temperature = 3.0, cooling_rate = 0.999
26 - INFO - chord#: 146 done. best_score=37.0, changed=519, unchanged=340, early_stops=8/8
26 - INFO - chord#: 148 In build_straw_man_chord_sa. tolerance = 1, sa_iterations = 1000, initial_temperature = 3.0, cooling_rate = 0.999
26 - INFO - chord#: 148 done. best_score=27.0, changed=529, unchanged=537, early_stops=8/8
26 - INFO - chord#: 150 In build_straw_man_chord_sa. tolerance = 1, sa_iterations = 1000, initial_temperature = 3.0, cooling_rate = 0.999
26 - INFO - chord#: 168 done. best_score=27.0, changed=542, unchanged=513, early_stops=8/8
26 - INFO - chord#: 172 In build_straw_man_chord_sa. tolerance = 1, sa_iterations = 1000, initial_temperature = 3.0, cooling_rate = 0.999
26 - INFO - chord#: 136 done. best_score=27.0, changed=521, unchanged=362, early_stops=8/8
26 - INFO - chord#: 138 In build_straw_man_chord_sa. tolerance = 1, sa_iterations = 1000, initial_temperature = 3.0, cooling_rate = 0.999
26 - INFO - chord#: 168 done. best_score=27.0, changed=520, unchanged=348, early_stops=8/8
26 - INFO - chord#: 172 In build_straw_man_chord_sa. tolerance = 1, sa_iterations = 1000, initial_temperature = 3.0, cooling_rate = 0.999
26 - INFO - chord#: 138 done. best_score=119.0, changed=612, unchanged=379, early_stops=8/8
26 - INFO - chord#: 140 In build_straw_man_chord_sa. tolerance = 1, sa_iterations = 1000, initial_temperature = 3.0, cooling_rate = 0.999
26 - INFO - chord#: 148 done. best_score=27.0, changed=525, unchanged=434, early_stops=8/8
26 - INFO - chord#: 150 In build_straw_man_chord_sa. tolerance = 1, sa_iterations = 1000, initial_temperature = 3.0, cooling_rate = 0.999
26 - INFO - chord#: 150 done. best_score=27.0, changed=528, unchanged=377, early_stops=8/8
26 - INFO - chord#: 151 In build_straw_man_chord_sa. tolerance = 1, sa_iterations = 1000, initial_temperature = 3.0, cooling_rate = 0.999
26 - INFO - chord#: 150 done. best_score=27.0, changed=532, unchanged=436, early_stops=8/8
26 - INFO - chord#: 151 In build_straw_man_chord_sa. tolerance = 1, sa_iterations = 1000, initial_temperature = 3.0, cooling_rate = 0.999
26 - INFO - chord#: 172 done. best_score=82.0, changed=615, unchanged=419, early_stops=8/8
26 - INFO - chord#: 174 In build_straw_man_chord_sa. tolerance = 1, sa_iterations = 1000, initial_temperature = 3.0, cooling_rate = 0.999
26 - INFO - chord#: 151 done. best_score=67.0, changed=608, unchanged=336, early_stops=8/8
26 - INFO - chord#: 152 In build_straw_man_chord_sa. tolerance = 1, sa_iterations = 1000, initial_temperature = 3.0, cooling_rate = 0.999
26 - INFO - chord#: 150 done. best_score=27.0, changed=521, unchanged=330, early_stops=8/8
26 - INFO - chord#: 151 In build_straw_man_chord_sa. tolerance = 1, sa_iterations = 1000, initial_temperature = 3.0, cooling_rate = 0.999
26 - INFO - chord#: 172 done. best_score=82.0, changed=615, unchanged=353, early_stops=8/8
26 - INFO - chord#: 174 In build_straw_man_chord_sa. tolerance = 1, sa_iterations = 1000, initial_temperature = 3.0, cooling_rate = 0.999
26 - INFO - chord#: 138 done. best_score=119.0, changed=609, unchanged=352, early_stops=8/8
26 - INFO - chord#: 140 In build_straw_man_chord_sa. tolerance = 1, sa_iterations = 1000, initial_temperature = 3.0, cooling_rate = 0.999
26 - INFO - chord#: 174 done. best_score=27.0, changed=526, unchanged=507, early_stops=8/8
26 - INFO - chord#: 176 In build_straw_man_chord_sa. tolerance = 1, sa_iterations = 1000, initial_temperature = 3.0, cooling_rate = 0.999
26 - INFO - chord#: 152 done. best_score=27.0, changed=528, unchanged=344, early_stops=8/8
26 - INFO - chord#: 160 In build_straw_man_chord_sa. tolerance = 1, sa_iterations = 1000, initial_temperature = 3.0, cooling_rate = 0.999
26 - INFO - chord#: 174 done. best_score=27.0, changed=517, unchanged=344, early_stops=8/8
26 - INFO - chord#: 176 In build_straw_man_chord_sa. tolerance = 1, sa_iterations = 1000, initial_temperature = 3.0, cooling_rate = 0.999
26 - INFO - chord#: 138 done. best_score=67.0, changed=617, unchanged=412, early_stops=8/8
26 - INFO - chord#: 140 In build_straw_man_chord_sa. tolerance = 1, sa_iterations = 1000, initial_temperature = 3.0, cooling_rate = 0.999
26 - INFO - chord#: 138 done. best_score=158.0, changed=607, unchanged=230, early_stops=8/8
26 - INFO - chord#: 140 In build_straw_man_chord_sa. tolerance = 1, sa_iterations = 1000, initial_temperature = 3.0, cooling_rate = 0.999
26 - INFO - chord#: 172 done. best_score=82.0, changed=615, unchanged=331, early_stops=8/8
26 - INFO - chord#: 174 In build_straw_man_chord_sa. tolerance = 1, sa_iterations = 1000, initial_temperature = 3.0, cooling_rate = 0.999
26 - INFO - chord#: 140 done. best_score=75.0, changed=608, unchanged=222, early_stops=8/8
26 - INFO - chord#: 142 In build_straw_man_chord_sa. tolerance = 1, sa_iterations = 1000, initial_temperature = 3.0, cooling_rate = 0.999
26 - INFO - chord#: 151 done. best_score=67.0, changed=616, unchanged=377, early_stops=8/8
26 - INFO - chord#: 152 In build_straw_man_chord_sa. tolerance = 1, sa_iterations = 1000, initial_temperature = 3.0, cooling_rate = 0.999
26 - INFO - chord#: 174 done. best_score=27.0, changed=513, unchanged=322, early_stops=8/8
26 - INFO - chord#: 176 In build_straw_man_chord_sa. tolerance = 1, sa_iterations = 1000, initial_temperature = 3.0, cooling_rate = 0.999
26 - INFO - chord#: 172 done. best_score=82.0, changed=621, unchanged=478, early_stops=8/8
26 - INFO - chord#: 174 In build_straw_man_chord_sa. tolerance = 1, sa_iterations = 1000, initial_temperature = 3.0, cooling_rate = 0.999
26 - INFO - chord#: 151 done. best_score=96.0, changed=615, unchanged=342, early_stops=8/8
26 - INFO - chord#: 152 In build_straw_man_chord_sa. tolerance = 1, sa_iterations = 1000, initial_temperature = 3.0, cooling_rate = 0.999
26 - INFO - chord#: 151 done. best_score=67.0, changed=608, unchanged=321, early_stops=8/8
26 - INFO - chord#: 152 In build_straw_man_chord_sa. tolerance = 1, sa_iterations = 1000, initial_temperature = 3.0, cooling_rate = 0.999
26 - INFO - chord#: 142 done. best_score=36.0, changed=524, unchanged=338, early_stops=8/8
26 - INFO - chord#: 144 In build_straw_man_chord_sa. tolerance = 1, sa_iterations = 1000, initial_temperature = 3.0, cooling_rate = 0.999
26 - INFO - chord#: 152 done. best_score=27.0, changed=547, unchanged=447, early_stops=8/8
26 - INFO - chord#: 160 In build_straw_man_chord_sa. tolerance = 1, sa_iterations = 1000, initial_temperature = 3.0, cooling_rate = 0.999
26 - INFO - chord#: 174 done. best_score=27.0, changed=518, unchanged=346, early_stops=8/8
26 - INFO - chord#: 176 In build_straw_man_chord_sa. tolerance = 1, sa_iterations = 1000, initial_temperature = 3.0, cooling_rate = 0.999
26 - INFO - chord#: 152 done. best_score=27.0, changed=523, unchanged=318, early_stops=8/8
26 - INFO - chord#: 160 In build_straw_man_chord_sa. tolerance = 1, sa_iterations = 1000, initial_temperature = 3.0, cooling_rate = 0.999
26 - INFO - chord#: 176 done. best_score=67.0, changed=613, unchanged=466, early_stops=8/8
26 - INFO - chord#: 178 In build_straw_man_chord_sa. tolerance = 1, sa_iterations = 1000, initial_temperature = 3.0, cooling_rate = 0.999
26 - INFO - chord#: 152 done. best_score=27.0, changed=519, unchanged=339, early_stops=8/8
26 - INFO - chord#: 160 In build_straw_man_chord_sa. tolerance = 1, sa_iterations = 1000, initial_temperature = 3.0, cooling_rate = 0.999
26 - INFO - chord#: 176 done. best_score=78.0, changed=618, unchanged=392, early_stops=8/8
26 - INFO - chord#: 178 In build_straw_man_chord_sa. tolerance = 1, sa_iterations = 1000, initial_temperature = 3.0, cooling_rate = 0.999
26 - INFO - chord#: 140 done. best_score=111.0, changed=613, unchanged=353, early_stops=8/8
26 - INFO - chord#: 142 In build_straw_man_chord_sa. tolerance = 1, sa_iterations = 1000, initial_temperature = 3.0, cooling_rate = 0.999
26 - INFO - chord#: 140 done. best_score=75.0, changed=614, unchanged=398, early_stops=8/8
26 - INFO - chord#: 142 In build_straw_man_chord_sa. tolerance = 1, sa_iterations = 1000, initial_temperature = 3.0, cooling_rate = 0.999
26 - INFO - chord#: 176 done. best_score=137.0, changed=605, unchanged=206, early_stops=8/8
26 - INFO - chord#: 178 In build_straw_man_chord_sa. tolerance = 1, sa_iterations = 1000, initial_temperature = 3.0, cooling_rate = 0.999
26 - INFO - chord#: 140 done. best_score=70.0, changed=613, unchanged=333, early_stops=8/8
26 - INFO - chord#: 142 In build_straw_man_chord_sa. tolerance = 1, sa_iterations = 1000, initial_temperature = 3.0, cooling_rate = 0.999
26 - INFO - chord#: 178 done. best_score=35.0, changed=550, unchanged=265, early_stops=8/8
26 - INFO - chord#: 180 In build_straw_man_chord_sa. tolerance = 1, sa_iterations = 1000, initial_temperature = 3.0, cooling_rate = 0.999
26 - INFO - chord#: 160 done. best_score=78.0, changed=622, unchanged=572, early_stops=8/8
26 - INFO - chord#: 164 In build_straw_man_chord_sa. tolerance = 1, sa_iterations = 1000, initial_temperature = 3.0, cooling_rate = 0.999
26 - INFO - chord#: 178 done. best_score=37.0, changed=520, unchanged=351, early_stops=8/8
26 - INFO - chord#: 180 In build_straw_man_chord_sa. tolerance = 1, sa_iterations = 1000, initial_temperature = 3.0, cooling_rate = 0.999
26 - INFO - chord#: 142 done. best_score=27.0, changed=526, unchanged=370, early_stops=8/8
26 - INFO - chord#: 144 In build_straw_man_chord_sa. tolerance = 1, sa_iterations = 1000, initial_temperature = 3.0, cooling_rate = 0.999
26 - INFO - chord#: 178 done. best_score=35.0, changed=531, unchanged=318, early_stops=8/8
26 - INFO - chord#: 180 In build_straw_man_chord_sa. tolerance = 1, sa_iterations = 1000, initial_temperature = 3.0, cooling_rate = 0.999
26 - INFO - chord#: 142 done. best_score=36.0, changed=530, unchanged=349, early_stops=8/8
26 - INFO - chord#: 144 In build_straw_man_chord_sa. tolerance = 1, sa_iterations = 1000, initial_temperature = 3.0, cooling_rate = 0.999
26 - INFO - chord#: 180 done. best_score=27.0, changed=514, unchanged=358, early_stops=8/8
26 - INFO - chord#: 182 In build_straw_man_chord_sa. tolerance = 1, sa_iterations = 1000, initial_temperature = 3.0, cooling_rate = 0.999
26 - INFO - chord#: 160 done. best_score=78.0, changed=611, unchanged=279, early_stops=8/8
26 - INFO - chord#: 164 In build_straw_man_chord_sa. tolerance = 1, sa_iterations = 1000, initial_temperature = 3.0, cooling_rate = 0.999
26 - INFO - chord#: 144 done. best_score=71.0, changed=608, unchanged=340, early_stops=8/8
26 - INFO - chord#: 146 In build_straw_man_chord_sa. tolerance = 1, sa_iterations = 1000, initial_temperature = 3.0, cooling_rate = 0.999
26 - INFO - chord#: 142 done. best_score=27.0, changed=527, unchanged=371, early_stops=8/8
26 - INFO - chord#: 144 In build_straw_man_chord_sa. tolerance = 1, sa_iterations = 1000, initial_temperature = 3.0, cooling_rate = 0.999
26 - INFO - chord#: 164 done. best_score=27.0, changed=524, unchanged=323, early_stops=8/8
26 - INFO - chord#: 166 In build_straw_man_chord_sa. tolerance = 1, sa_iterations = 1000, initial_temperature = 3.0, cooling_rate = 0.999
26 - INFO - chord#: 180 done. best_score=27.0, changed=518, unchanged=340, early_stops=8/8
26 - INFO - chord#: 182 In build_straw_man_chord_sa. tolerance = 1, sa_iterations = 1000, initial_temperature = 3.0, cooling_rate = 0.999
26 - INFO - chord#: 160 done. best_score=78.0, changed=608, unchanged=312, early_stops=8/8
26 - INFO - chord#: 164 In build_straw_man_chord_sa. tolerance = 1, sa_iterations = 1000, initial_temperature = 3.0, cooling_rate = 0.999
26 - INFO - chord#: 182 done. best_score=27.0, changed=524, unchanged=365, early_stops=8/8
26 - INFO - chord#: 183 In build_straw_man_chord_sa. tolerance = 1, sa_iterations = 1000, initial_temperature = 3.0, cooling_rate = 0.999
26 - INFO - chord#: 180 done. best_score=27.0, changed=521, unchanged=493, early_stops=8/8
26 - INFO - chord#: 182 In build_straw_man_chord_sa. tolerance = 1, sa_iterations = 1000, initial_temperature = 3.0, cooling_rate = 0.999
26 - INFO - chord#: 164 done. best_score=27.0, changed=519, unchanged=352, early_stops=8/8
26 - INFO - chord#: 166 In build_straw_man_chord_sa. tolerance = 1, sa_iterations = 1000, initial_temperature = 3.0, cooling_rate = 0.999
26 - INFO - chord#: 146 done. best_score=35.0, changed=544, unchanged=328, early_stops=8/8
26 - INFO - chord#: 148 In build_straw_man_chord_sa. tolerance = 1, sa_iterations = 1000, initial_temperature = 3.0, cooling_rate = 0.999
26 - INFO - chord#: 176 done. best_score=140.0, changed=619, unchanged=357, early_stops=8/8
26 - INFO - chord#: 178 In build_straw_man_chord_sa. tolerance = 1, sa_iterations = 1000, initial_temperature = 3.0, cooling_rate = 0.999
26 - INFO - chord#: 160 done. best_score=78.0, changed=607, unchanged=305, early_stops=8/8
26 - INFO - chord#: 164 In build_straw_man_chord_sa. tolerance = 1, sa_iterations = 1000, initial_temperature = 3.0, cooling_rate = 0.999
26 - INFO - chord#: 182 done. best_score=27.0, changed=528, unchanged=426, early_stops=8/8
26 - INFO - chord#: 183 In build_straw_man_chord_sa. tolerance = 1, sa_iterations = 1000, initial_temperature = 3.0, cooling_rate = 0.999
26 - INFO - chord#: 164 done. best_score=27.0, changed=518, unchanged=403, early_stops=8/8
26 - INFO - chord#: 166 In build_straw_man_chord_sa. tolerance = 1, sa_iterations = 1000, initial_temperature = 3.0, cooling_rate = 0.999
26 - INFO - chord#: 182 done. best_score=27.0, changed=520, unchanged=397, early_stops=8/8
26 - INFO - chord#: 183 In build_straw_man_chord_sa. tolerance = 1, sa_iterations = 1000, initial_temperature = 3.0, cooling_rate = 0.999
26 - INFO - chord#: 144 done. best_score=172.0, changed=608, unchanged=234, early_stops=8/8
26 - INFO - chord#: 146 In build_straw_man_chord_sa. tolerance = 1, sa_iterations = 1000, initial_temperature = 3.0, cooling_rate = 0.999
26 - INFO - chord#: 178 done. best_score=37.0, changed=522, unchanged=329, early_stops=8/8
26 - INFO - chord#: 180 In build_straw_man_chord_sa. tolerance = 1, sa_iterations = 1000, initial_temperature = 3.0, cooling_rate = 0.999
26 - INFO - chord#: 144 done. best_score=71.0, changed=606, unchanged=284, early_stops=8/8
26 - INFO - chord#: 146 In build_straw_man_chord_sa. tolerance = 1, sa_iterations = 1000, initial_temperature = 3.0, cooling_rate = 0.999
26 - INFO - chord#: 148 done. best_score=27.0, changed=520, unchanged=360, early_stops=8/8
26 - INFO - chord#: 150 In build_straw_man_chord_sa. tolerance = 1, sa_iterations = 1000, initial_temperature = 3.0, cooling_rate = 0.999
26 - INFO - chord#: 166 done. best_score=125.0, changed=614, unchanged=272, early_stops=8/8
26 - INFO - chord#: 168 In build_straw_man_chord_sa. tolerance = 1, sa_iterations = 1000, initial_temperature = 3.0, cooling_rate = 0.999
26 - INFO - chord#: 164 done. best_score=27.0, changed=523, unchanged=442, early_stops=8/8
26 - INFO - chord#: 166 In build_straw_man_chord_sa. tolerance = 1, sa_iterations = 1000, initial_temperature = 3.0, cooling_rate = 0.999
26 - INFO - chord#: 144 done. best_score=174.0, changed=613, unchanged=291, early_stops=8/8
26 - INFO - chord#: 146 In build_straw_man_chord_sa. tolerance = 1, sa_iterations = 1000, initial_temperature = 3.0, cooling_rate = 0.999
26 - INFO - chord#: 183 done. best_score=145.0, changed=609, unchanged=270, early_stops=8/8
26 - INFO - chord#: 184 In build_straw_man_chord_sa. tolerance = 1, sa_iterations = 1000, initial_temperature = 3.0, cooling_rate = 0.999
26 - INFO - chord#: 166 done. best_score=96.0, changed=611, unchanged=304, early_stops=8/8
26 - INFO - chord#: 168 In build_straw_man_chord_sa. tolerance = 1, sa_iterations = 1000, initial_temperature = 3.0, cooling_rate = 0.999
26 - INFO - chord#: 146 done. best_score=68.0, changed=527, unchanged=329, early_stops=8/8
26 - INFO - chord#: 148 In build_straw_man_chord_sa. tolerance = 1, sa_iterations = 1000, initial_temperature = 3.0, cooling_rate = 0.999
26 - INFO - chord#: 168 done. best_score=27.0, changed=531, unchanged=512, early_stops=8/8
26 - INFO - chord#: 172 In build_straw_man_chord_sa. tolerance = 1, sa_iterations = 1000, initial_temperature = 3.0, cooling_rate = 0.999
26 - INFO - chord#: 146 done. best_score=35.0, changed=535, unchanged=375, early_stops=8/8
26 - INFO - chord#: 148 In build_straw_man_chord_sa. tolerance = 1, sa_iterations = 1000, initial_temperature = 3.0, cooling_rate = 0.999
26 - INFO - chord#: 150 done. best_score=27.0, changed=530, unchanged=432, early_stops=8/8
26 - INFO - chord#: 151 In build_straw_man_chord_sa. tolerance = 1, sa_iterations = 1000, initial_temperature = 3.0, cooling_rate = 0.999
26 - INFO - chord#: 166 done. best_score=157.0, changed=616, unchanged=221, early_stops=8/8
26 - INFO - chord#: 168 In build_straw_man_chord_sa. tolerance = 1, sa_iterations = 1000, initial_temperature = 3.0, cooling_rate = 0.999
26 - INFO - chord#: 180 done. best_score=27.0, changed=520, unchanged=479, early_stops=8/8
26 - INFO - chord#: 182 In build_straw_man_chord_sa. tolerance = 1, sa_iterations = 1000, initial_temperature = 3.0, cooling_rate = 0.999
26 - INFO - chord#: 183 done. best_score=96.0, changed=609, unchanged=235, early_stops=8/8
26 - INFO - chord#: 184 In build_straw_man_chord_sa. tolerance = 1, sa_iterations = 1000, initial_temperature = 3.0, cooling_rate = 0.999
26 - INFO - chord#: 146 done. best_score=61.0, changed=540, unchanged=352, early_stops=8/8
26 - INFO - chord#: 148 In build_straw_man_chord_sa. tolerance = 1, sa_iterations = 1000, initial_temperature = 3.0, cooling_rate = 0.999
26 - INFO - chord#: 184 done. best_score=27.0, changed=525, unchanged=436, early_stops=8/8
26 - INFO - chord#: 168 done. best_score=57.0, changed=525, unchanged=331, early_stops=8/8
26 - INFO - chord#: 172 In build_straw_man_chord_sa. tolerance = 1, sa_iterations = 1000, initial_temperature = 3.0, cooling_rate = 0.999
26 - INFO - chord#: 183 done. best_score=67.0, changed=619, unchanged=433, early_stops=8/8
26 - INFO - chord#: 184 In build_straw_man_chord_sa. tolerance = 1, sa_iterations = 1000, initial_temperature = 3.0, cooling_rate = 0.999
26 - INFO - chord#: 168 done. best_score=27.0, changed=526, unchanged=352, early_stops=8/8
26 - INFO - chord#: 172 In build_straw_man_chord_sa. tolerance = 1, sa_iterations = 1000, initial_temperature = 3.0, cooling_rate = 0.999
26 - INFO - chord#: 148 done. best_score=27.0, changed=512, unchanged=434, early_stops=8/8
26 - INFO - chord#: 150 In build_straw_man_chord_sa. tolerance = 1, sa_iterations = 1000, initial_temperature = 3.0, cooling_rate = 0.999
26 - INFO - chord#: 184 done. best_score=27.0, changed=521, unchanged=345, early_stops=8/8
26 - INFO - chord#: 182 done. best_score=27.0, changed=522, unchanged=364, early_stops=8/8
26 - INFO - chord#: 183 In build_straw_man_chord_sa. tolerance = 1, sa_iterations = 1000, initial_temperature = 3.0, cooling_rate = 0.999
26 - INFO - chord#: 148 done. best_score=27.0, changed=530, unchanged=493, early_stops=8/8
26 - INFO - chord#: 150 In build_straw_man_chord_sa. tolerance = 1, sa_iterations = 1000, initial_temperature = 3.0, cooling_rate = 0.999
26 - INFO - chord#: 184 done. best_score=27.0, changed=521, unchanged=357, early_stops=8/8
26 - INFO - chord#: 166 done. best_score=78.0, changed=617, unchanged=354, early_stops=8/8
26 - INFO - chord#: 168 In build_straw_man_chord_sa. tolerance = 1, sa_iterations = 1000, initial_temperature = 3.0, cooling_rate = 0.999
26 - INFO - chord#: 148 done. best_score=27.0, changed=525, unchanged=612, early_stops=8/8
26 - INFO - chord#: 150 In build_straw_man_chord_sa. tolerance = 1, sa_iterations = 1000, initial_temperature = 3.0, cooling_rate = 0.999
26 - INFO - chord#: 150 done. best_score=27.0, changed=530, unchanged=480, early_stops=8/8
26 - INFO - chord#: 151 In build_straw_man_chord_sa. tolerance = 1, sa_iterations = 1000, initial_temperature = 3.0, cooling_rate = 0.999
26 - INFO - chord#: 172 done. best_score=146.0, changed=608, unchanged=363, early_stops=8/8
26 - INFO - chord#: 174 In build_straw_man_chord_sa. tolerance = 1, sa_iterations = 1000, initial_temperature = 3.0, cooling_rate = 0.999
26 - INFO - chord#: 172 done. best_score=82.0, changed=613, unchanged=219, early_stops=8/8
26 - INFO - chord#: 174 In build_straw_man_chord_sa. tolerance = 1, sa_iterations = 1000, initial_temperature = 3.0, cooling_rate = 0.999
26 - INFO - chord#: 150 done. best_score=27.0, changed=526, unchanged=330, early_stops=8/8
26 - INFO - chord#: 151 In build_straw_man_chord_sa. tolerance = 1, sa_iterations = 1000, initial_temperature = 3.0, cooling_rate = 0.999
26 - INFO - chord#: 150 done. best_score=27.0, changed=529, unchanged=337, early_stops=8/8
26 - INFO - chord#: 151 In build_straw_man_chord_sa. tolerance = 1, sa_iterations = 1000, initial_temperature = 3.0, cooling_rate = 0.999
26 - INFO - chord#: 168 done. best_score=27.0, changed=527, unchanged=394, early_stops=8/8
26 - INFO - chord#: 172 In build_straw_man_chord_sa. tolerance = 1, sa_iterations = 1000, initial_temperature = 3.0, cooling_rate = 0.999
26 - INFO - chord#: 174 done. best_score=27.0, changed=519, unchanged=364, early_stops=8/8
26 - INFO - chord#: 176 In build_straw_man_chord_sa. tolerance = 1, sa_iterations = 1000, initial_temperature = 3.0, cooling_rate = 0.999
26 - INFO - chord#: 172 done. best_score=82.0, changed=608, unchanged=302, early_stops=8/8
26 - INFO - chord#: 174 In build_straw_man_chord_sa. tolerance = 1, sa_iterations = 1000, initial_temperature = 3.0, cooling_rate = 0.999
26 - INFO - chord#: 174 done. best_score=27.0, changed=526, unchanged=409, early_stops=8/8
26 - INFO - chord#: 176 In build_straw_man_chord_sa. tolerance = 1, sa_iterations = 1000, initial_temperature = 3.0, cooling_rate = 0.999
26 - INFO - chord#: 183 done. best_score=137.0, changed=613, unchanged=289, early_stops=8/8
26 - INFO - chord#: 184 In build_straw_man_chord_sa. tolerance = 1, sa_iterations = 1000, initial_temperature = 3.0, cooling_rate = 0.999
26 - INFO - chord#: 151 done. best_score=67.0, changed=614, unchanged=520, early_stops=8/8
26 - INFO - chord#: 152 In build_straw_man_chord_sa. tolerance = 1, sa_iterations = 1000, initial_temperature = 3.0, cooling_rate = 0.999
26 - INFO - chord#: 174 done. best_score=27.0, changed=522, unchanged=380, early_stops=8/8
26 - INFO - chord#: 176 In build_straw_man_chord_sa. tolerance = 1, sa_iterations = 1000, initial_temperature = 3.0, cooling_rate = 0.999
26 - INFO - chord#: 184 done. best_score=27.0, changed=523, unchanged=399, early_stops=8/8
26 - INFO - chord#: 152 done. best_score=27.0, changed=525, unchanged=326, early_stops=8/8
26 - INFO - chord#: 160 In build_straw_man_chord_sa. tolerance = 1, sa_iterations = 1000, initial_temperature = 3.0, cooling_rate = 0.999
26 - INFO - chord#: 151 done. best_score=96.0, changed=612, unchanged=323, early_stops=8/8
26 - INFO - chord#: 152 In build_straw_man_chord_sa. tolerance = 1, sa_iterations = 1000, initial_temperature = 3.0, cooling_rate = 0.999
26 - INFO - chord#: 151 done. best_score=78.0, changed=615, unchanged=302, early_stops=8/8
26 - INFO - chord#: 152 In build_straw_man_chord_sa. tolerance = 1, sa_iterations = 1000, initial_temperature = 3.0, cooling_rate = 0.999
26 - INFO - chord#: 151 done. best_score=67.0, changed=615, unchanged=369, early_stops=8/8
26 - INFO - chord#: 152 In build_straw_man_chord_sa. tolerance = 1, sa_iterations = 1000, initial_temperature = 3.0, cooling_rate = 0.999
26 - INFO - chord#: 172 done. best_score=82.0, changed=610, unchanged=359, early_stops=8/8
26 - INFO - chord#: 174 In build_straw_man_chord_sa. tolerance = 1, sa_iterations = 1000, initial_temperature = 3.0, cooling_rate = 0.999
26 - INFO - chord#: 176 done. best_score=67.0, changed=609, unchanged=271, early_stops=8/8
26 - INFO - chord#: 178 In build_straw_man_chord_sa. tolerance = 1, sa_iterations = 1000, initial_temperature = 3.0, cooling_rate = 0.999
26 - INFO - chord#: 176 done. best_score=67.0, changed=614, unchanged=395, early_stops=8/8
26 - INFO - chord#: 178 In build_straw_man_chord_sa. tolerance = 1, sa_iterations = 1000, initial_temperature = 3.0, cooling_rate = 0.999
26 - INFO - chord#: 152 done. best_score=27.0, changed=514, unchanged=308, early_stops=8/8
26 - INFO - chord#: 160 In build_straw_man_chord_sa. tolerance = 1, sa_iterations = 1000, initial_temperature = 3.0, cooling_rate = 0.999
26 - INFO - chord#: 152 done. best_score=27.0, changed=526, unchanged=420, early_stops=8/8
26 - INFO - chord#: 160 In build_straw_man_chord_sa. tolerance = 1, sa_iterations = 1000, initial_temperature = 3.0, cooling_rate = 0.999
26 - INFO - chord#: 174 done. best_score=27.0, changed=520, unchanged=328, early_stops=8/8
26 - INFO - chord#: 176 In build_straw_man_chord_sa. tolerance = 1, sa_iterations = 1000, initial_temperature = 3.0, cooling_rate = 0.999
26 - INFO - chord#: 152 done. best_score=27.0, changed=521, unchanged=421, early_stops=8/8
26 - INFO - chord#: 160 In build_straw_man_chord_sa. tolerance = 1, sa_iterations = 1000, initial_temperature = 3.0, cooling_rate = 0.999
26 - INFO - chord#: 178 done. best_score=35.0, changed=528, unchanged=329, early_stops=8/8
26 - INFO - chord#: 180 In build_straw_man_chord_sa. tolerance = 1, sa_iterations = 1000, initial_temperature = 3.0, cooling_rate = 0.999
26 - INFO - chord#: 176 done. best_score=67.0, changed=609, unchanged=337, early_stops=8/8
26 - INFO - chord#: 178 In build_straw_man_chord_sa. tolerance = 1, sa_iterations = 1000, initial_temperature = 3.0, cooling_rate = 0.999
26 - INFO - chord#: 178 done. best_score=35.0, changed=526, unchanged=371, early_stops=8/8
26 - INFO - chord#: 180 In build_straw_man_chord_sa. tolerance = 1, sa_iterations = 1000, initial_temperature = 3.0, cooling_rate = 0.999
26 - INFO - chord#: 178 done. best_score=35.0, changed=556, unchanged=261, early_stops=8/8
26 - INFO - chord#: 180 In build_straw_man_chord_sa. tolerance = 1, sa_iterations = 1000, initial_temperature = 3.0, cooling_rate = 0.999
26 - INFO - chord#: 180 done. best_score=27.0, changed=527, unchanged=444, early_stops=8/8
26 - INFO - chord#: 182 In build_straw_man_chord_sa. tolerance = 1, sa_iterations = 1000, initial_temperature = 3.0, cooling_rate = 0.999
26 - INFO - chord#: 180 done. best_score=27.0, changed=520, unchanged=451, early_stops=8/8
26 - INFO - chord#: 182 In build_straw_man_chord_sa. tolerance = 1, sa_iterations = 1000, initial_temperature = 3.0, cooling_rate = 0.999
26 - INFO - chord#: 160 done. best_score=125.0, changed=613, unchanged=324, early_stops=8/8
26 - INFO - chord#: 164 In build_straw_man_chord_sa. tolerance = 1, sa_iterations = 1000, initial_temperature = 3.0, cooling_rate = 0.999
26 - INFO - chord#: 182 done. best_score=27.0, changed=529, unchanged=391, early_stops=8/8
26 - INFO - chord#: 183 In build_straw_man_chord_sa. tolerance = 1, sa_iterations = 1000, initial_temperature = 3.0, cooling_rate = 0.999
26 - INFO - chord#: 180 done. best_score=27.0, changed=517, unchanged=577, early_stops=8/8
26 - INFO - chord#: 182 In build_straw_man_chord_sa. tolerance = 1, sa_iterations = 1000, initial_temperature = 3.0, cooling_rate = 0.999
26 - INFO - chord#: 160 done. best_score=101.0, changed=612, unchanged=232, early_stops=8/8
26 - INFO - chord#: 164 In build_straw_man_chord_sa. tolerance = 1, sa_iterations = 1000, initial_temperature = 3.0, cooling_rate = 0.999
26 - INFO - chord#: 176 done. best_score=78.0, changed=616, unchanged=329, early_stops=8/8
26 - INFO - chord#: 178 In build_straw_man_chord_sa. tolerance = 1, sa_iterations = 1000, initial_temperature = 3.0, cooling_rate = 0.999
26 - INFO - chord#: 160 done. best_score=78.0, changed=615, unchanged=299, early_stops=8/8
26 - INFO - chord#: 164 In build_straw_man_chord_sa. tolerance = 1, sa_iterations = 1000, initial_temperature = 3.0, cooling_rate = 0.999
26 - INFO - chord#: 182 done. best_score=27.0, changed=521, unchanged=305, early_stops=8/8
26 - INFO - chord#: 183 In build_straw_man_chord_sa. tolerance = 1, sa_iterations = 1000, initial_temperature = 3.0, cooling_rate = 0.999
26 - INFO - chord#: 182 done. best_score=27.0, changed=524, unchanged=428, early_stops=8/8
26 - INFO - chord#: 183 In build_straw_man_chord_sa. tolerance = 1, sa_iterations = 1000, initial_temperature = 3.0, cooling_rate = 0.999
26 - INFO - chord#: 160 done. best_score=67.0, changed=614, unchanged=422, early_stops=8/8
26 - INFO - chord#: 164 In build_straw_man_chord_sa. tolerance = 1, sa_iterations = 1000, initial_temperature = 3.0, cooling_rate = 0.999
26 - INFO - chord#: 178 done. best_score=37.0, changed=516, unchanged=360, early_stops=8/8
26 - INFO - chord#: 180 In build_straw_man_chord_sa. tolerance = 1, sa_iterations = 1000, initial_temperature = 3.0, cooling_rate = 0.999
26 - INFO - chord#: 164 done. best_score=27.0, changed=527, unchanged=391, early_stops=8/8
26 - INFO - chord#: 166 In build_straw_man_chord_sa. tolerance = 1, sa_iterations = 1000, initial_temperature = 3.0, cooling_rate = 0.999
26 - INFO - chord#: 164 done. best_score=27.0, changed=519, unchanged=493, early_stops=8/8
26 - INFO - chord#: 166 In build_straw_man_chord_sa. tolerance = 1, sa_iterations = 1000, initial_temperature = 3.0, cooling_rate = 0.999
26 - INFO - chord#: 164 done. best_score=27.0, changed=522, unchanged=402, early_stops=8/8
26 - INFO - chord#: 166 In build_straw_man_chord_sa. tolerance = 1, sa_iterations = 1000, initial_temperature = 3.0, cooling_rate = 0.999
26 - INFO - chord#: 164 done. best_score=27.0, changed=519, unchanged=468, early_stops=8/8
26 - INFO - chord#: 166 In build_straw_man_chord_sa. tolerance = 1, sa_iterations = 1000, initial_temperature = 3.0, cooling_rate = 0.999
26 - INFO - chord#: 180 done. best_score=27.0, changed=521, unchanged=403, early_stops=8/8
26 - INFO - chord#: 182 In build_straw_man_chord_sa. tolerance = 1, sa_iterations = 1000, initial_temperature = 3.0, cooling_rate = 0.999
26 - INFO - chord#: 183 done. best_score=67.0, changed=613, unchanged=325, early_stops=8/8
26 - INFO - chord#: 184 In build_straw_man_chord_sa. tolerance = 1, sa_iterations = 1000, initial_temperature = 3.0, cooling_rate = 0.999
26 - INFO - chord#: 182 done. best_score=27.0, changed=518, unchanged=379, early_stops=8/8
26 - INFO - chord#: 183 In build_straw_man_chord_sa. tolerance = 1, sa_iterations = 1000, initial_temperature = 3.0, cooling_rate = 0.999
26 - INFO - chord#: 166 done. best_score=125.0, changed=613, unchanged=258, early_stops=8/8
26 - INFO - chord#: 168 In build_straw_man_chord_sa. tolerance = 1, sa_iterations = 1000, initial_temperature = 3.0, cooling_rate = 0.999
26 - INFO - chord#: 184 done. best_score=27.0, changed=526, unchanged=349, early_stops=8/8
26 - INFO - chord#: 166 done. best_score=96.0, changed=609, unchanged=239, early_stops=8/8
26 - INFO - chord#: 168 In build_straw_man_chord_sa. tolerance = 1, sa_iterations = 1000, initial_temperature = 3.0, cooling_rate = 0.999
26 - INFO - chord#: 183 done. best_score=67.0, changed=612, unchanged=404, early_stops=8/8
26 - INFO - chord#: 184 In build_straw_man_chord_sa. tolerance = 1, sa_iterations = 1000, initial_temperature = 3.0, cooling_rate = 0.999
26 - INFO - chord#: 166 done. best_score=137.0, changed=612, unchanged=230, early_stops=8/8
26 - INFO - chord#: 168 In build_straw_man_chord_sa. tolerance = 1, sa_iterations = 1000, initial_temperature = 3.0, cooling_rate = 0.999
26 - INFO - chord#: 183 done. best_score=67.0, changed=618, unchanged=444, early_stops=8/8
26 - INFO - chord#: 184 In build_straw_man_chord_sa. tolerance = 1, sa_iterations = 1000, initial_temperature = 3.0, cooling_rate = 0.999
26 - INFO - chord#: 168 done. best_score=57.0, changed=522, unchanged=376, early_stops=8/8
26 - INFO - chord#: 172 In build_straw_man_chord_sa. tolerance = 1, sa_iterations = 1000, initial_temperature = 3.0, cooling_rate = 0.999
26 - INFO - chord#: 168 done. best_score=27.0, changed=527, unchanged=564, early_stops=8/8
26 - INFO - chord#: 172 In build_straw_man_chord_sa. tolerance = 1, sa_iterations = 1000, initial_temperature = 3.0, cooling_rate = 0.999
26 - INFO - chord#: 184 done. best_score=27.0, changed=535, unchanged=519, early_stops=8/8
26 - INFO - chord#: 184 done. best_score=27.0, changed=515, unchanged=351, early_stops=8/8
26 - INFO - chord#: 168 done. best_score=27.0, changed=527, unchanged=409, early_stops=8/8
26 - INFO - chord#: 172 In build_straw_man_chord_sa. tolerance = 1, sa_iterations = 1000, initial_temperature = 3.0, cooling_rate = 0.999
26 - INFO - chord#: 166 done. best_score=125.0, changed=624, unchanged=566, early_stops=8/8
26 - INFO - chord#: 168 In build_straw_man_chord_sa. tolerance = 1, sa_iterations = 1000, initial_temperature = 3.0, cooling_rate = 0.999
26 - INFO - chord#: 183 done. best_score=67.0, changed=611, unchanged=386, early_stops=8/8
26 - INFO - chord#: 184 In build_straw_man_chord_sa. tolerance = 1, sa_iterations = 1000, initial_temperature = 3.0, cooling_rate = 0.999
26 - INFO - chord#: 168 done. best_score=27.0, changed=527, unchanged=425, early_stops=8/8
26 - INFO - chord#: 172 In build_straw_man_chord_sa. tolerance = 1, sa_iterations = 1000, initial_temperature = 3.0, cooling_rate = 0.999
26 - INFO - chord#: 172 done. best_score=146.0, changed=605, unchanged=219, early_stops=8/8
26 - INFO - chord#: 174 In build_straw_man_chord_sa. tolerance = 1, sa_iterations = 1000, initial_temperature = 3.0, cooling_rate = 0.999
26 - INFO - chord#: 184 done. best_score=27.0, changed=524, unchanged=318, early_stops=8/8
26 - INFO - chord#: 172 done. best_score=120.0, changed=612, unchanged=360, early_stops=8/8
26 - INFO - chord#: 174 In build_straw_man_chord_sa. tolerance = 1, sa_iterations = 1000, initial_temperature = 3.0, cooling_rate = 0.999
26 - INFO - chord#: 174 done. best_score=36.0, changed=528, unchanged=354, early_stops=8/8
26 - INFO - chord#: 176 In build_straw_man_chord_sa. tolerance = 1, sa_iterations = 1000, initial_temperature = 3.0, cooling_rate = 0.999
26 - INFO - chord#: 172 done. best_score=127.0, changed=614, unchanged=303, early_stops=8/8
26 - INFO - chord#: 174 In build_straw_man_chord_sa. tolerance = 1, sa_iterations = 1000, initial_temperature = 3.0, cooling_rate = 0.999
26 - INFO - chord#: 174 done. best_score=27.0, changed=520, unchanged=363, early_stops=8/8
26 - INFO - chord#: 176 In build_straw_man_chord_sa. tolerance = 1, sa_iterations = 1000, initial_temperature = 3.0, cooling_rate = 0.999
26 - INFO - chord#: 174 done. best_score=27.0, changed=521, unchanged=315, early_stops=8/8
26 - INFO - chord#: 176 In build_straw_man_chord_sa. tolerance = 1, sa_iterations = 1000, initial_temperature = 3.0, cooling_rate = 0.999
26 - INFO - chord#: 172 done. best_score=120.0, changed=609, unchanged=301, early_stops=8/8
26 - INFO - chord#: 174 In build_straw_man_chord_sa. tolerance = 1, sa_iterations = 1000, initial_temperature = 3.0, cooling_rate = 0.999
26 - INFO - chord#: 176 done. best_score=78.0, changed=609, unchanged=253, early_stops=8/8
26 - INFO - chord#: 178 In build_straw_man_chord_sa. tolerance = 1, sa_iterations = 1000, initial_temperature = 3.0, cooling_rate = 0.999
26 - INFO - chord#: 174 done. best_score=27.0, changed=524, unchanged=441, early_stops=8/8
26 - INFO - chord#: 176 In build_straw_man_chord_sa. tolerance = 1, sa_iterations = 1000, initial_temperature = 3.0, cooling_rate = 0.999
26 - INFO - chord#: 176 done. best_score=78.0, changed=611, unchanged=295, early_stops=8/8
26 - INFO - chord#: 178 In build_straw_man_chord_sa. tolerance = 1, sa_iterations = 1000, initial_temperature = 3.0, cooling_rate = 0.999
26 - INFO - chord#: 178 done. best_score=37.0, changed=533, unchanged=434, early_stops=8/8
26 - INFO - chord#: 180 In build_straw_man_chord_sa. tolerance = 1, sa_iterations = 1000, initial_temperature = 3.0, cooling_rate = 0.999
26 - INFO - chord#: 176 done. best_score=78.0, changed=611, unchanged=298, early_stops=8/8
26 - INFO - chord#: 178 In build_straw_man_chord_sa. tolerance = 1, sa_iterations = 1000, initial_temperature = 3.0, cooling_rate = 0.999
26 - INFO - chord#: 178 done. best_score=35.0, changed=521, unchanged=330, early_stops=8/8
26 - INFO - chord#: 180 In build_straw_man_chord_sa. tolerance = 1, sa_iterations = 1000, initial_temperature = 3.0, cooling_rate = 0.999
26 - INFO - chord#: 180 done. best_score=27.0, changed=519, unchanged=413, early_stops=8/8
26 - INFO - chord#: 182 In build_straw_man_chord_sa. tolerance = 1, sa_iterations = 1000, initial_temperature = 3.0, cooling_rate = 0.999
26 - INFO - chord#: 178 done. best_score=35.0, changed=527, unchanged=378, early_stops=8/8
26 - INFO - chord#: 180 In build_straw_man_chord_sa. tolerance = 1, sa_iterations = 1000, initial_temperature = 3.0, cooling_rate = 0.999
26 - INFO - chord#: 180 done. best_score=27.0, changed=519, unchanged=485, early_stops=8/8
26 - INFO - chord#: 182 In build_straw_man_chord_sa. tolerance = 1, sa_iterations = 1000, initial_temperature = 3.0, cooling_rate = 0.999
26 - INFO - chord#: 182 done. best_score=27.0, changed=522, unchanged=325, early_stops=8/8
26 - INFO - chord#: 183 In build_straw_man_chord_sa. tolerance = 1, sa_iterations = 1000, initial_temperature = 3.0, cooling_rate = 0.999
26 - INFO - chord#: 176 done. best_score=67.0, changed=615, unchanged=447, early_stops=8/8
26 - INFO - chord#: 178 In build_straw_man_chord_sa. tolerance = 1, sa_iterations = 1000, initial_temperature = 3.0, cooling_rate = 0.999
26 - INFO - chord#: 180 done. best_score=27.0, changed=519, unchanged=467, early_stops=8/8
26 - INFO - chord#: 182 In build_straw_man_chord_sa. tolerance = 1, sa_iterations = 1000, initial_temperature = 3.0, cooling_rate = 0.999
26 - INFO - chord#: 182 done. best_score=27.0, changed=526, unchanged=376, early_stops=8/8
26 - INFO - chord#: 183 In build_straw_man_chord_sa. tolerance = 1, sa_iterations = 1000, initial_temperature = 3.0, cooling_rate = 0.999
26 - INFO - chord#: 178 done. best_score=35.0, changed=525, unchanged=313, early_stops=8/8
26 - INFO - chord#: 180 In build_straw_man_chord_sa. tolerance = 1, sa_iterations = 1000, initial_temperature = 3.0, cooling_rate = 0.999
26 - INFO - chord#: 182 done. best_score=27.0, changed=524, unchanged=409, early_stops=8/8
26 - INFO - chord#: 183 In build_straw_man_chord_sa. tolerance = 1, sa_iterations = 1000, initial_temperature = 3.0, cooling_rate = 0.999
26 - INFO - chord#: 180 done. best_score=27.0, changed=522, unchanged=464, early_stops=8/8
26 - INFO - chord#: 182 In build_straw_man_chord_sa. tolerance = 1, sa_iterations = 1000, initial_temperature = 3.0, cooling_rate = 0.999
26 - INFO - chord#: 183 done. best_score=78.0, changed=616, unchanged=368, early_stops=8/8
26 - INFO - chord#: 184 In build_straw_man_chord_sa. tolerance = 1, sa_iterations = 1000, initial_temperature = 3.0, cooling_rate = 0.999
26 - INFO - chord#: 182 done. best_score=27.0, changed=518, unchanged=355, early_stops=8/8
26 - INFO - chord#: 183 In build_straw_man_chord_sa. tolerance = 1, sa_iterations = 1000, initial_temperature = 3.0, cooling_rate = 0.999
26 - INFO - chord#: 183 done. best_score=96.0, changed=614, unchanged=320, early_stops=8/8
26 - INFO - chord#: 184 In build_straw_man_chord_sa. tolerance = 1, sa_iterations = 1000, initial_temperature = 3.0, cooling_rate = 0.999
26 - INFO - chord#: 184 done. best_score=27.0, changed=538, unchanged=416, early_stops=8/8
26 - INFO - chord#: 183 done. best_score=125.0, changed=610, unchanged=299, early_stops=8/8
26 - INFO - chord#: 184 In build_straw_man_chord_sa. tolerance = 1, sa_iterations = 1000, initial_temperature = 3.0, cooling_rate = 0.999
26 - INFO - chord#: 184 done. best_score=27.0, changed=526, unchanged=449, early_stops=8/8
26 - INFO - chord#: 184 done. best_score=57.0, changed=527, unchanged=375, early_stops=8/8
26 - INFO - chord#: 183 done. best_score=145.0, changed=607, unchanged=232, early_stops=8/8
26 - INFO - chord#: 184 In build_straw_man_chord_sa. tolerance = 1, sa_iterations = 1000, initial_temperature = 3.0, cooling_rate = 0.999
26 - INFO - chord#: 184 done. best_score=27.0, changed=548, unchanged=535, early_stops=8/8
26 - INFO - chord#: 0 In build_straw_man_chord_sa. tolerance = 1, sa_iterations = 1000, initial_temperature = 3.0, cooling_rate = 0.999
26 - INFO - chord#: 0 In build_straw_man_chord_sa. tolerance = 1, sa_iterations = 1000, initial_temperature = 3.0, cooling_rate = 0.999
26 - INFO - chord#: 0 In build_straw_man_chord_sa. tolerance = 1, sa_iterations = 1000, initial_temperature = 3.0, cooling_rate = 0.999
26 - INFO - chord#: 0 In build_straw_man_chord_sa. tolerance = 1, sa_iterations = 1000, initial_temperature = 3.0, cooling_rate = 0.999
26 - INFO - chord#: 0 In build_straw_man_chord_sa. tolerance = 1, sa_iterations = 1000, initial_temperature = 3.0, cooling_rate = 0.999
26 - INFO - chord#: 0 In build_straw_man_chord_sa. tolerance = 1, sa_iterations = 1000, initial_temperature = 3.0, cooling_rate = 0.999
26 - INFO - chord#: 0 In build_straw_man_chord_sa. tolerance = 1, sa_iterations = 1000, initial_temperature = 3.0, cooling_rate = 0.999
26 - INFO - chord#: 0 In build_straw_man_chord_sa. tolerance = 1, sa_iterations = 1000, initial_temperature = 3.0, cooling_rate = 0.999
26 - INFO - chord#: 0 In build_straw_man_chord_sa. tolerance = 1, sa_iterations = 1000, initial_temperature = 3.0, cooling_rate = 0.999
26 - INFO - chord#: 0 In build_straw_man_chord_sa. tolerance = 1, sa_iterations = 1000, initial_temperature = 3.0, cooling_rate = 0.999
26 - INFO - chord#: 0 In build_straw_man_chord_sa. tolerance = 1, sa_iterations = 1000, initial_temperature = 3.0, cooling_rate = 0.999
26 - INFO - chord#: 0 In build_straw_man_chord_sa. tolerance = 1, sa_iterations = 1000, initial_temperature = 3.0, cooling_rate = 0.999
26 - INFO - chord#: 0 done. best_score=27.0, changed=517, unchanged=334, early_stops=8/8
26 - INFO - chord#: 2 In build_straw_man_chord_sa. tolerance = 1, sa_iterations = 1000, initial_temperature = 3.0, cooling_rate = 0.999
26 - INFO - chord#: 0 done. best_score=27.0, changed=511, unchanged=337, early_stops=8/8
26 - INFO - chord#: 2 In build_straw_man_chord_sa. tolerance = 1, sa_iterations = 1000, initial_temperature = 3.0, cooling_rate = 0.999
26 - INFO - chord#: 0 done. best_score=27.0, changed=524, unchanged=397, early_stops=8/8
26 - INFO - chord#: 2 In build_straw_man_chord_sa. tolerance = 1, sa_iterations = 1000, initial_temperature = 3.0, cooling_rate = 0.999
26 - INFO - chord#: 0 done. best_score=27.0, changed=516, unchanged=420, early_stops=8/8
26 - INFO - chord#: 2 In build_straw_man_chord_sa. tolerance = 1, sa_iterations = 1000, initial_temperature = 3.0, cooling_rate = 0.999
26 - INFO - chord#: 0 done. best_score=27.0, changed=517, unchanged=451, early_stops=8/8
26 - INFO - chord#: 2 In build_straw_man_chord_sa. tolerance = 1, sa_iterations = 1000, initial_temperature = 3.0, cooling_rate = 0.999
26 - INFO - chord#: 0 done. best_score=27.0, changed=527, unchanged=389, early_stops=8/8
26 - INFO - chord#: 2 In build_straw_man_chord_sa. tolerance = 1, sa_iterations = 1000, initial_temperature = 3.0, cooling_rate = 0.999
26 - INFO - chord#: 0 done. best_score=27.0, changed=519, unchanged=329, early_stops=8/8
26 - INFO - chord#: 2 In build_straw_man_chord_sa. tolerance = 1, sa_iterations = 1000, initial_temperature = 3.0, cooling_rate = 0.999
26 - INFO - chord#: 0 done. best_score=27.0, changed=520, unchanged=367, early_stops=8/8
26 - INFO - chord#: 2 In build_straw_man_chord_sa. tolerance = 1, sa_iterations = 1000, initial_temperature = 3.0, cooling_rate = 0.999
26 - INFO - chord#: 0 done. best_score=27.0, changed=523, unchanged=400, early_stops=8/8
26 - INFO - chord#: 2 In build_straw_man_chord_sa. tolerance = 1, sa_iterations = 1000, initial_temperature = 3.0, cooling_rate = 0.999
26 - INFO - chord#: 0 done. best_score=27.0, changed=518, unchanged=512, early_stops=8/8
26 - INFO - chord#: 2 In build_straw_man_chord_sa. tolerance = 1, sa_iterations = 1000, initial_temperature = 3.0, cooling_rate = 0.999
26 - INFO - chord#: 0 done. best_score=27.0, changed=521, unchanged=409, early_stops=8/8
26 - INFO - chord#: 2 In build_straw_man_chord_sa. tolerance = 1, sa_iterations = 1000, initial_temperature = 3.0, cooling_rate = 0.999
26 - INFO - chord#: 0 done. best_score=27.0, changed=530, unchanged=429, early_stops=8/8
26 - INFO - chord#: 2 In build_straw_man_chord_sa. tolerance = 1, sa_iterations = 1000, initial_temperature = 3.0, cooling_rate = 0.999
26 - INFO - chord#: 2 done. best_score=82.0, changed=608, unchanged=294, early_stops=8/8
26 - INFO - chord#: 4 In build_straw_man_chord_sa. tolerance = 1, sa_iterations = 1000, initial_temperature = 3.0, cooling_rate = 0.999
26 - INFO - chord#: 2 done. best_score=82.0, changed=618, unchanged=424, early_stops=8/8
26 - INFO - chord#: 4 In build_straw_man_chord_sa. tolerance = 1, sa_iterations = 1000, initial_temperature = 3.0, cooling_rate = 0.999
26 - INFO - chord#: 2 done. best_score=82.0, changed=614, unchanged=369, early_stops=8/8
26 - INFO - chord#: 4 In build_straw_man_chord_sa. tolerance = 1, sa_iterations = 1000, initial_temperature = 3.0, cooling_rate = 0.999
26 - INFO - chord#: 2 done. best_score=120.0, changed=614, unchanged=466, early_stops=8/8
26 - INFO - chord#: 4 In build_straw_man_chord_sa. tolerance = 1, sa_iterations = 1000, initial_temperature = 3.0, cooling_rate = 0.999
26 - INFO - chord#: 2 done. best_score=120.0, changed=613, unchanged=448, early_stops=8/8
26 - INFO - chord#: 4 In build_straw_man_chord_sa. tolerance = 1, sa_iterations = 1000, initial_temperature = 3.0, cooling_rate = 0.999
26 - INFO - chord#: 2 done. best_score=97.0, changed=612, unchanged=251, early_stops=8/8
26 - INFO - chord#: 4 In build_straw_man_chord_sa. tolerance = 1, sa_iterations = 1000, initial_temperature = 3.0, cooling_rate = 0.999
26 - INFO - chord#: 2 done. best_score=82.0, changed=612, unchanged=261, early_stops=8/8
26 - INFO - chord#: 4 In build_straw_man_chord_sa. tolerance = 1, sa_iterations = 1000, initial_temperature = 3.0, cooling_rate = 0.999
26 - INFO - chord#: 4 done. best_score=27.0, changed=528, unchanged=366, early_stops=8/8
26 - INFO - chord#: 6 In build_straw_man_chord_sa. tolerance = 1, sa_iterations = 1000, initial_temperature = 3.0, cooling_rate = 0.999
26 - INFO - chord#: 2 done. best_score=90.0, changed=611, unchanged=310, early_stops=8/8
26 - INFO - chord#: 4 In build_straw_man_chord_sa. tolerance = 1, sa_iterations = 1000, initial_temperature = 3.0, cooling_rate = 0.999
26 - INFO - chord#: 2 done. best_score=82.0, changed=609, unchanged=355, early_stops=8/8
26 - INFO - chord#: 4 In build_straw_man_chord_sa. tolerance = 1, sa_iterations = 1000, initial_temperature = 3.0, cooling_rate = 0.999
26 - INFO - chord#: 2 done. best_score=82.0, changed=613, unchanged=451, early_stops=8/8
26 - INFO - chord#: 4 In build_straw_man_chord_sa. tolerance = 1, sa_iterations = 1000, initial_temperature = 3.0, cooling_rate = 0.999
26 - INFO - chord#: 4 done. best_score=27.0, changed=527, unchanged=375, early_stops=8/8
26 - INFO - chord#: 6 In build_straw_man_chord_sa. tolerance = 1, sa_iterations = 1000, initial_temperature = 3.0, cooling_rate = 0.999
26 - INFO - chord#: 2 done. best_score=120.0, changed=619, unchanged=420, early_stops=8/8
26 - INFO - chord#: 4 In build_straw_man_chord_sa. tolerance = 1, sa_iterations = 1000, initial_temperature = 3.0, cooling_rate = 0.999
26 - INFO - chord#: 4 done. best_score=27.0, changed=530, unchanged=372, early_stops=8/8
26 - INFO - chord#: 6 In build_straw_man_chord_sa. tolerance = 1, sa_iterations = 1000, initial_temperature = 3.0, cooling_rate = 0.999
26 - INFO - chord#: 4 done. best_score=27.0, changed=520, unchanged=339, early_stops=8/8
26 - INFO - chord#: 6 In build_straw_man_chord_sa. tolerance = 1, sa_iterations = 1000, initial_temperature = 3.0, cooling_rate = 0.999
26 - INFO - chord#: 4 done. best_score=27.0, changed=536, unchanged=455, early_stops=8/8
26 - INFO - chord#: 6 In build_straw_man_chord_sa. tolerance = 1, sa_iterations = 1000, initial_temperature = 3.0, cooling_rate = 0.999
26 - INFO - chord#: 2 done. best_score=82.0, changed=612, unchanged=412, early_stops=8/8
26 - INFO - chord#: 4 In build_straw_man_chord_sa. tolerance = 1, sa_iterations = 1000, initial_temperature = 3.0, cooling_rate = 0.999
26 - INFO - chord#: 4 done. best_score=27.0, changed=524, unchanged=303, early_stops=8/8
26 - INFO - chord#: 6 In build_straw_man_chord_sa. tolerance = 1, sa_iterations = 1000, initial_temperature = 3.0, cooling_rate = 0.999
26 - INFO - chord#: 4 done. best_score=27.0, changed=526, unchanged=374, early_stops=8/8
26 - INFO - chord#: 6 In build_straw_man_chord_sa. tolerance = 1, sa_iterations = 1000, initial_temperature = 3.0, cooling_rate = 0.999
26 - INFO - chord#: 4 done. best_score=27.0, changed=522, unchanged=301, early_stops=8/8
26 - INFO - chord#: 6 In build_straw_man_chord_sa. tolerance = 1, sa_iterations = 1000, initial_temperature = 3.0, cooling_rate = 0.999
26 - INFO - chord#: 4 done. best_score=27.0, changed=518, unchanged=416, early_stops=8/8
26 - INFO - chord#: 6 In build_straw_man_chord_sa. tolerance = 1, sa_iterations = 1000, initial_temperature = 3.0, cooling_rate = 0.999
26 - INFO - chord#: 4 done. best_score=27.0, changed=525, unchanged=333, early_stops=8/8
26 - INFO - chord#: 6 In build_straw_man_chord_sa. tolerance = 1, sa_iterations = 1000, initial_temperature = 3.0, cooling_rate = 0.999
26 - INFO - chord#: 4 done. best_score=27.0, changed=541, unchanged=445, early_stops=8/8
26 - INFO - chord#: 6 In build_straw_man_chord_sa. tolerance = 1, sa_iterations = 1000, initial_temperature = 3.0, cooling_rate = 0.999
26 - INFO - chord#: 4 done. best_score=27.0, changed=533, unchanged=329, early_stops=8/8
26 - INFO - chord#: 6 In build_straw_man_chord_sa. tolerance = 1, sa_iterations = 1000, initial_temperature = 3.0, cooling_rate = 0.999
26 - INFO - chord#: 6 done. best_score=82.0, changed=621, unchanged=493, early_stops=8/8
26 - INFO - chord#: 8 In build_straw_man_chord_sa. tolerance = 1, sa_iterations = 1000, initial_temperature = 3.0, cooling_rate = 0.999
26 - INFO - chord#: 6 done. best_score=136.0, changed=607, unchanged=213, early_stops=8/8
26 - INFO - chord#: 8 In build_straw_man_chord_sa. tolerance = 1, sa_iterations = 1000, initial_temperature = 3.0, cooling_rate = 0.999
26 - INFO - chord#: 6 done. best_score=82.0, changed=614, unchanged=258, early_stops=8/8
26 - INFO - chord#: 8 In build_straw_man_chord_sa. tolerance = 1, sa_iterations = 1000, initial_temperature = 3.0, cooling_rate = 0.999
26 - INFO - chord#: 6 done. best_score=82.0, changed=614, unchanged=292, early_stops=8/8
26 - INFO - chord#: 8 In build_straw_man_chord_sa. tolerance = 1, sa_iterations = 1000, initial_temperature = 3.0, cooling_rate = 0.999
26 - INFO - chord#: 6 done. best_score=82.0, changed=612, unchanged=407, early_stops=8/8
26 - INFO - chord#: 8 In build_straw_man_chord_sa. tolerance = 1, sa_iterations = 1000, initial_temperature = 3.0, cooling_rate = 0.999
26 - INFO - chord#: 8 done. best_score=27.0, changed=536, unchanged=438, early_stops=8/8
26 - INFO - chord#: 10 In build_straw_man_chord_sa. tolerance = 1, sa_iterations = 1000, initial_temperature = 3.0, cooling_rate = 0.999
26 - INFO - chord#: 6 done. best_score=120.0, changed=614, unchanged=275, early_stops=8/8
26 - INFO - chord#: 8 In build_straw_man_chord_sa. tolerance = 1, sa_iterations = 1000, initial_temperature = 3.0, cooling_rate = 0.999
26 - INFO - chord#: 8 done. best_score=27.0, changed=516, unchanged=321, early_stops=8/8
26 - INFO - chord#: 10 In build_straw_man_chord_sa. tolerance = 1, sa_iterations = 1000, initial_temperature = 3.0, cooling_rate = 0.999
26 - INFO - chord#: 8 done. best_score=27.0, changed=524, unchanged=379, early_stops=8/8
26 - INFO - chord#: 10 In build_straw_man_chord_sa. tolerance = 1, sa_iterations = 1000, initial_temperature = 3.0, cooling_rate = 0.999
26 - INFO - chord#: 8 done. best_score=27.0, changed=533, unchanged=360, early_stops=8/8
26 - INFO - chord#: 10 In build_straw_man_chord_sa. tolerance = 1, sa_iterations = 1000, initial_temperature = 3.0, cooling_rate = 0.999
26 - INFO - chord#: 6 done. best_score=82.0, changed=614, unchanged=255, early_stops=8/8
26 - INFO - chord#: 8 In build_straw_man_chord_sa. tolerance = 1, sa_iterations = 1000, initial_temperature = 3.0, cooling_rate = 0.999
26 - INFO - chord#: 6 done. best_score=82.0, changed=610, unchanged=229, early_stops=8/8
26 - INFO - chord#: 8 In build_straw_man_chord_sa. tolerance = 1, sa_iterations = 1000, initial_temperature = 3.0, cooling_rate = 0.999
26 - INFO - chord#: 6 done. best_score=97.0, changed=606, unchanged=229, early_stops=8/8
26 - INFO - chord#: 8 In build_straw_man_chord_sa. tolerance = 1, sa_iterations = 1000, initial_temperature = 3.0, cooling_rate = 0.999
26 - INFO - chord#: 8 done. best_score=27.0, changed=529, unchanged=459, early_stops=8/8
26 - INFO - chord#: 10 In build_straw_man_chord_sa. tolerance = 1, sa_iterations = 1000, initial_temperature = 3.0, cooling_rate = 0.999
26 - INFO - chord#: 6 done. best_score=82.0, changed=619, unchanged=432, early_stops=8/8
26 - INFO - chord#: 8 In build_straw_man_chord_sa. tolerance = 1, sa_iterations = 1000, initial_temperature = 3.0, cooling_rate = 0.999
26 - INFO - chord#: 8 done. best_score=27.0, changed=527, unchanged=377, early_stops=8/8
26 - INFO - chord#: 10 In build_straw_man_chord_sa. tolerance = 1, sa_iterations = 1000, initial_temperature = 3.0, cooling_rate = 0.999
26 - INFO - chord#: 6 done. best_score=82.0, changed=615, unchanged=374, early_stops=8/8
26 - INFO - chord#: 8 In build_straw_man_chord_sa. tolerance = 1, sa_iterations = 1000, initial_temperature = 3.0, cooling_rate = 0.999
26 - INFO - chord#: 6 done. best_score=82.0, changed=613, unchanged=421, early_stops=8/8
26 - INFO - chord#: 8 In build_straw_man_chord_sa. tolerance = 1, sa_iterations = 1000, initial_temperature = 3.0, cooling_rate = 0.999
26 - INFO - chord#: 8 done. best_score=27.0, changed=532, unchanged=316, early_stops=8/8
26 - INFO - chord#: 10 In build_straw_man_chord_sa. tolerance = 1, sa_iterations = 1000, initial_temperature = 3.0, cooling_rate = 0.999
26 - INFO - chord#: 8 done. best_score=27.0, changed=520, unchanged=363, early_stops=8/8
26 - INFO - chord#: 10 In build_straw_man_chord_sa. tolerance = 1, sa_iterations = 1000, initial_temperature = 3.0, cooling_rate = 0.999
26 - INFO - chord#: 8 done. best_score=27.0, changed=528, unchanged=429, early_stops=8/8
26 - INFO - chord#: 10 In build_straw_man_chord_sa. tolerance = 1, sa_iterations = 1000, initial_temperature = 3.0, cooling_rate = 0.999
26 - INFO - chord#: 10 done. best_score=104.0, changed=608, unchanged=230, early_stops=8/8
26 - INFO - chord#: 12 In build_straw_man_chord_sa. tolerance = 1, sa_iterations = 1000, initial_temperature = 3.0, cooling_rate = 0.999
26 - INFO - chord#: 8 done. best_score=27.0, changed=524, unchanged=472, early_stops=8/8
26 - INFO - chord#: 10 In build_straw_man_chord_sa. tolerance = 1, sa_iterations = 1000, initial_temperature = 3.0, cooling_rate = 0.999
26 - INFO - chord#: 10 done. best_score=64.0, changed=611, unchanged=308, early_stops=8/8
26 - INFO - chord#: 12 In build_straw_man_chord_sa. tolerance = 1, sa_iterations = 1000, initial_temperature = 3.0, cooling_rate = 0.999
26 - INFO - chord#: 8 done. best_score=27.0, changed=520, unchanged=307, early_stops=8/8
26 - INFO - chord#: 10 In build_straw_man_chord_sa. tolerance = 1, sa_iterations = 1000, initial_temperature = 3.0, cooling_rate = 0.999
26 - INFO - chord#: 8 done. best_score=27.0, changed=535, unchanged=408, early_stops=8/8
26 - INFO - chord#: 10 In build_straw_man_chord_sa. tolerance = 1, sa_iterations = 1000, initial_temperature = 3.0, cooling_rate = 0.999
26 - INFO - chord#: 10 done. best_score=64.0, changed=615, unchanged=304, early_stops=8/8
26 - INFO - chord#: 12 In build_straw_man_chord_sa. tolerance = 1, sa_iterations = 1000, initial_temperature = 3.0, cooling_rate = 0.999
26 - INFO - chord#: 10 done. best_score=64.0, changed=619, unchanged=342, early_stops=8/8
26 - INFO - chord#: 12 In build_straw_man_chord_sa. tolerance = 1, sa_iterations = 1000, initial_temperature = 3.0, cooling_rate = 0.999
26 - INFO - chord#: 10 done. best_score=104.0, changed=615, unchanged=291, early_stops=8/8
26 - INFO - chord#: 12 In build_straw_man_chord_sa. tolerance = 1, sa_iterations = 1000, initial_temperature = 3.0, cooling_rate = 0.999
26 - INFO - chord#: 10 done. best_score=64.0, changed=625, unchanged=516, early_stops=8/8
26 - INFO - chord#: 12 In build_straw_man_chord_sa. tolerance = 1, sa_iterations = 1000, initial_temperature = 3.0, cooling_rate = 0.999
26 - INFO - chord#: 10 done. best_score=104.0, changed=608, unchanged=243, early_stops=8/8
26 - INFO - chord#: 12 In build_straw_man_chord_sa. tolerance = 1, sa_iterations = 1000, initial_temperature = 3.0, cooling_rate = 0.999
26 - INFO - chord#: 10 done. best_score=104.0, changed=612, unchanged=325, early_stops=8/8
26 - INFO - chord#: 12 In build_straw_man_chord_sa. tolerance = 1, sa_iterations = 1000, initial_temperature = 3.0, cooling_rate = 0.999
26 - INFO - chord#: 12 done. best_score=74.0, changed=609, unchanged=305, early_stops=8/8
26 - INFO - chord#: 14 In build_straw_man_chord_sa. tolerance = 1, sa_iterations = 1000, initial_temperature = 3.0, cooling_rate = 0.999
26 - INFO - chord#: 12 done. best_score=96.0, changed=609, unchanged=306, early_stops=8/8
26 - INFO - chord#: 14 In build_straw_man_chord_sa. tolerance = 1, sa_iterations = 1000, initial_temperature = 3.0, cooling_rate = 0.999
26 - INFO - chord#: 12 done. best_score=162.0, changed=615, unchanged=338, early_stops=8/8
26 - INFO - chord#: 14 In build_straw_man_chord_sa. tolerance = 1, sa_iterations = 1000, initial_temperature = 3.0, cooling_rate = 0.999
26 - INFO - chord#: 12 done. best_score=74.0, changed=615, unchanged=280, early_stops=8/8
26 - INFO - chord#: 14 In build_straw_man_chord_sa. tolerance = 1, sa_iterations = 1000, initial_temperature = 3.0, cooling_rate = 0.999
26 - INFO - chord#: 10 done. best_score=104.0, changed=613, unchanged=338, early_stops=8/8
26 - INFO - chord#: 12 In build_straw_man_chord_sa. tolerance = 1, sa_iterations = 1000, initial_temperature = 3.0, cooling_rate = 0.999
26 - INFO - chord#: 10 done. best_score=104.0, changed=616, unchanged=260, early_stops=8/8
26 - INFO - chord#: 12 In build_straw_man_chord_sa. tolerance = 1, sa_iterations = 1000, initial_temperature = 3.0, cooling_rate = 0.999
26 - INFO - chord#: 10 done. best_score=104.0, changed=615, unchanged=431, early_stops=8/8
26 - INFO - chord#: 12 In build_straw_man_chord_sa. tolerance = 1, sa_iterations = 1000, initial_temperature = 3.0, cooling_rate = 0.999
26 - INFO - chord#: 14 done. best_score=27.0, changed=592, unchanged=227, early_stops=8/8
26 - INFO - chord#: 10 done. best_score=64.0, changed=611, unchanged=352, early_stops=8/8
26 - INFO - chord#: 16 In build_straw_man_chord_sa. tolerance = 1, sa_iterations = 1000, initial_temperature = 3.0, cooling_rate = 0.999
26 - INFO - chord#: 12 In build_straw_man_chord_sa. tolerance = 1, sa_iterations = 1000, initial_temperature = 3.0, cooling_rate = 0.999
26 - INFO - chord#: 14 done. best_score=27.0, changed=534, unchanged=394, early_stops=8/8
26 - INFO - chord#: 16 In build_straw_man_chord_sa. tolerance = 1, sa_iterations = 1000, initial_temperature = 3.0, cooling_rate = 0.999
26 - INFO - chord#: 14 done. best_score=27.0, changed=531, unchanged=347, early_stops=8/8
26 - INFO - chord#: 16 In build_straw_man_chord_sa. tolerance = 1, sa_iterations = 1000, initial_temperature = 3.0, cooling_rate = 0.999
26 - INFO - chord#: 14 done. best_score=27.0, changed=526, unchanged=395, early_stops=8/8
26 - INFO - chord#: 16 In build_straw_man_chord_sa. tolerance = 1, sa_iterations = 1000, initial_temperature = 3.0, cooling_rate = 0.999
26 - INFO - chord#: 12 done. best_score=74.0, changed=610, unchanged=338, early_stops=8/8
26 - INFO - chord#: 14 In build_straw_man_chord_sa. tolerance = 1, sa_iterations = 1000, initial_temperature = 3.0, cooling_rate = 0.999
26 - INFO - chord#: 12 done. best_score=96.0, changed=615, unchanged=283, early_stops=8/8
26 - INFO - chord#: 14 In build_straw_man_chord_sa. tolerance = 1, sa_iterations = 1000, initial_temperature = 3.0, cooling_rate = 0.999
26 - INFO - chord#: 16 done. best_score=27.0, changed=517, unchanged=335, early_stops=8/8
26 - INFO - chord#: 18 In build_straw_man_chord_sa. tolerance = 1, sa_iterations = 1000, initial_temperature = 3.0, cooling_rate = 0.999
26 - INFO - chord#: 16 done. best_score=27.0, changed=520, unchanged=385, early_stops=8/8
26 - INFO - chord#: 18 In build_straw_man_chord_sa. tolerance = 1, sa_iterations = 1000, initial_temperature = 3.0, cooling_rate = 0.999
26 - INFO - chord#: 12 done. best_score=74.0, changed=615, unchanged=260, early_stops=8/8
26 - INFO - chord#: 14 In build_straw_man_chord_sa. tolerance = 1, sa_iterations = 1000, initial_temperature = 3.0, cooling_rate = 0.999
26 - INFO - chord#: 16 done. best_score=27.0, changed=521, unchanged=374, early_stops=8/8
26 - INFO - chord#: 18 In build_straw_man_chord_sa. tolerance = 1, sa_iterations = 1000, initial_temperature = 3.0, cooling_rate = 0.999
26 - INFO - chord#: 16 done. best_score=27.0, changed=519, unchanged=333, early_stops=8/8
26 - INFO - chord#: 18 In build_straw_man_chord_sa. tolerance = 1, sa_iterations = 1000, initial_temperature = 3.0, cooling_rate = 0.999
26 - INFO - chord#: 14 done. best_score=27.0, changed=518, unchanged=299, early_stops=8/8
26 - INFO - chord#: 16 In build_straw_man_chord_sa. tolerance = 1, sa_iterations = 1000, initial_temperature = 3.0, cooling_rate = 0.999
26 - INFO - chord#: 12 done. best_score=74.0, changed=612, unchanged=344, early_stops=8/8
26 - INFO - chord#: 14 In build_straw_man_chord_sa. tolerance = 1, sa_iterations = 1000, initial_temperature = 3.0, cooling_rate = 0.999
26 - INFO - chord#: 12 done. best_score=74.0, changed=609, unchanged=340, early_stops=8/8
26 - INFO - chord#: 14 In build_straw_man_chord_sa. tolerance = 1, sa_iterations = 1000, initial_temperature = 3.0, cooling_rate = 0.999
26 - INFO - chord#: 14 done. best_score=27.0, changed=525, unchanged=349, early_stops=8/8
26 - INFO - chord#: 16 In build_straw_man_chord_sa. tolerance = 1, sa_iterations = 1000, initial_temperature = 3.0, cooling_rate = 0.999
26 - INFO - chord#: 12 done. best_score=74.0, changed=614, unchanged=301, early_stops=8/8
26 - INFO - chord#: 14 In build_straw_man_chord_sa. tolerance = 1, sa_iterations = 1000, initial_temperature = 3.0, cooling_rate = 0.999
26 - INFO - chord#: 14 done. best_score=27.0, changed=528, unchanged=348, early_stops=8/8
26 - INFO - chord#: 16 In build_straw_man_chord_sa. tolerance = 1, sa_iterations = 1000, initial_temperature = 3.0, cooling_rate = 0.999
26 - INFO - chord#: 12 done. best_score=127.0, changed=611, unchanged=332, early_stops=8/8
26 - INFO - chord#: 14 In build_straw_man_chord_sa. tolerance = 1, sa_iterations = 1000, initial_temperature = 3.0, cooling_rate = 0.999
26 - INFO - chord#: 14 done. best_score=27.0, changed=516, unchanged=328, early_stops=8/8
26 - INFO - chord#: 16 In build_straw_man_chord_sa. tolerance = 1, sa_iterations = 1000, initial_temperature = 3.0, cooling_rate = 0.999
26 - INFO - chord#: 16 done. best_score=27.0, changed=531, unchanged=490, early_stops=8/8
26 - INFO - chord#: 18 In build_straw_man_chord_sa. tolerance = 1, sa_iterations = 1000, initial_temperature = 3.0, cooling_rate = 0.999
26 - INFO - chord#: 14 done. best_score=27.0, changed=526, unchanged=367, early_stops=8/8
26 - INFO - chord#: 16 In build_straw_man_chord_sa. tolerance = 1, sa_iterations = 1000, initial_temperature = 3.0, cooling_rate = 0.999
26 - INFO - chord#: 14 done. best_score=27.0, changed=522, unchanged=307, early_stops=8/8
26 - INFO - chord#: 16 In build_straw_man_chord_sa. tolerance = 1, sa_iterations = 1000, initial_temperature = 3.0, cooling_rate = 0.999
26 - INFO - chord#: 12 done. best_score=74.0, changed=614, unchanged=384, early_stops=8/8
26 - INFO - chord#: 14 In build_straw_man_chord_sa. tolerance = 1, sa_iterations = 1000, initial_temperature = 3.0, cooling_rate = 0.999
26 - INFO - chord#: 16 done. best_score=27.0, changed=530, unchanged=538, early_stops=8/8
26 - INFO - chord#: 18 In build_straw_man_chord_sa. tolerance = 1, sa_iterations = 1000, initial_temperature = 3.0, cooling_rate = 0.999
26 - INFO - chord#: 18 done. best_score=64.0, changed=614, unchanged=389, early_stops=8/8
26 - INFO - chord#: 20 In build_straw_man_chord_sa. tolerance = 1, sa_iterations = 1000, initial_temperature = 3.0, cooling_rate = 0.999
26 - INFO - chord#: 16 done. best_score=27.0, changed=522, unchanged=340, early_stops=8/8
26 - INFO - chord#: 18 In build_straw_man_chord_sa. tolerance = 1, sa_iterations = 1000, initial_temperature = 3.0, cooling_rate = 0.999
26 - INFO - chord#: 16 done. best_score=27.0, changed=526, unchanged=409, early_stops=8/8
26 - INFO - chord#: 18 In build_straw_man_chord_sa. tolerance = 1, sa_iterations = 1000, initial_temperature = 3.0, cooling_rate = 0.999
26 - INFO - chord#: 14 done. best_score=74.0, changed=533, unchanged=345, early_stops=8/8
26 - INFO - chord#: 16 In build_straw_man_chord_sa. tolerance = 1, sa_iterations = 1000, initial_temperature = 3.0, cooling_rate = 0.999
26 - INFO - chord#: 18 done. best_score=104.0, changed=618, unchanged=453, early_stops=8/8
26 - INFO - chord#: 20 In build_straw_man_chord_sa. tolerance = 1, sa_iterations = 1000, initial_temperature = 3.0, cooling_rate = 0.999
26 - INFO - chord#: 18 done. best_score=64.0, changed=622, unchanged=335, early_stops=8/8
26 - INFO - chord#: 20 In build_straw_man_chord_sa. tolerance = 1, sa_iterations = 1000, initial_temperature = 3.0, cooling_rate = 0.999
26 - INFO - chord#: 18 done. best_score=64.0, changed=608, unchanged=256, early_stops=8/8
26 - INFO - chord#: 20 In build_straw_man_chord_sa. tolerance = 1, sa_iterations = 1000, initial_temperature = 3.0, cooling_rate = 0.999
26 - INFO - chord#: 16 done. best_score=27.0, changed=517, unchanged=423, early_stops=8/8
26 - INFO - chord#: 18 In build_straw_man_chord_sa. tolerance = 1, sa_iterations = 1000, initial_temperature = 3.0, cooling_rate = 0.999
26 - INFO - chord#: 16 done. best_score=27.0, changed=533, unchanged=542, early_stops=8/8
26 - INFO - chord#: 18 In build_straw_man_chord_sa. tolerance = 1, sa_iterations = 1000, initial_temperature = 3.0, cooling_rate = 0.999
26 - INFO - chord#: 14 done. best_score=27.0, changed=533, unchanged=382, early_stops=8/8
26 - INFO - chord#: 16 In build_straw_man_chord_sa. tolerance = 1, sa_iterations = 1000, initial_temperature = 3.0, cooling_rate = 0.999
26 - INFO - chord#: 18 done. best_score=64.0, changed=612, unchanged=238, early_stops=8/8
26 - INFO - chord#: 20 In build_straw_man_chord_sa. tolerance = 1, sa_iterations = 1000, initial_temperature = 3.0, cooling_rate = 0.999
26 - INFO - chord#: 20 done. best_score=27.0, changed=520, unchanged=403, early_stops=8/8
26 - INFO - chord#: 22 In build_straw_man_chord_sa. tolerance = 1, sa_iterations = 1000, initial_temperature = 3.0, cooling_rate = 0.999
26 - INFO - chord#: 20 done. best_score=27.0, changed=520, unchanged=366, early_stops=8/8
26 - INFO - chord#: 22 In build_straw_man_chord_sa. tolerance = 1, sa_iterations = 1000, initial_temperature = 3.0, cooling_rate = 0.999
26 - INFO - chord#: 16 done. best_score=57.0, changed=525, unchanged=411, early_stops=8/8
26 - INFO - chord#: 18 In build_straw_man_chord_sa. tolerance = 1, sa_iterations = 1000, initial_temperature = 3.0, cooling_rate = 0.999
26 - INFO - chord#: 20 done. best_score=27.0, changed=515, unchanged=468, early_stops=8/8
26 - INFO - chord#: 22 In build_straw_man_chord_sa. tolerance = 1, sa_iterations = 1000, initial_temperature = 3.0, cooling_rate = 0.999
26 - INFO - chord#: 20 done. best_score=27.0, changed=527, unchanged=460, early_stops=8/8
26 - INFO - chord#: 22 In build_straw_man_chord_sa. tolerance = 1, sa_iterations = 1000, initial_temperature = 3.0, cooling_rate = 0.999
26 - INFO - chord#: 22 done. best_score=27.0, changed=522, unchanged=364, early_stops=8/8
26 - INFO - chord#: 24 In build_straw_man_chord_sa. tolerance = 1, sa_iterations = 1000, initial_temperature = 3.0, cooling_rate = 0.999
26 - INFO - chord#: 22 done. best_score=27.0, changed=524, unchanged=353, early_stops=8/8
26 - INFO - chord#: 24 In build_straw_man_chord_sa. tolerance = 1, sa_iterations = 1000, initial_temperature = 3.0, cooling_rate = 0.999
26 - INFO - chord#: 20 done. best_score=27.0, changed=527, unchanged=422, early_stops=8/8
26 - INFO - chord#: 22 In build_straw_man_chord_sa. tolerance = 1, sa_iterations = 1000, initial_temperature = 3.0, cooling_rate = 0.999
26 - INFO - chord#: 16 done. best_score=27.0, changed=540, unchanged=405, early_stops=8/8
26 - INFO - chord#: 18 In build_straw_man_chord_sa. tolerance = 1, sa_iterations = 1000, initial_temperature = 3.0, cooling_rate = 0.999
26 - INFO - chord#: 22 done. best_score=27.0, changed=527, unchanged=379, early_stops=8/8
26 - INFO - chord#: 24 In build_straw_man_chord_sa. tolerance = 1, sa_iterations = 1000, initial_temperature = 3.0, cooling_rate = 0.999
26 - INFO - chord#: 18 done. best_score=64.0, changed=614, unchanged=423, early_stops=8/8
26 - INFO - chord#: 20 In build_straw_man_chord_sa. tolerance = 1, sa_iterations = 1000, initial_temperature = 3.0, cooling_rate = 0.999
26 - INFO - chord#: 18 done. best_score=146.0, changed=610, unchanged=253, early_stops=8/8
26 - INFO - chord#: 20 In build_straw_man_chord_sa. tolerance = 1, sa_iterations = 1000, initial_temperature = 3.0, cooling_rate = 0.999
26 - INFO - chord#: 18 done. best_score=64.0, changed=613, unchanged=334, early_stops=8/8
26 - INFO - chord#: 20 In build_straw_man_chord_sa. tolerance = 1, sa_iterations = 1000, initial_temperature = 3.0, cooling_rate = 0.999
26 - INFO - chord#: 18 done. best_score=64.0, changed=615, unchanged=391, early_stops=8/8
26 - INFO - chord#: 20 In build_straw_man_chord_sa. tolerance = 1, sa_iterations = 1000, initial_temperature = 3.0, cooling_rate = 0.999
26 - INFO - chord#: 22 done. best_score=27.0, changed=517, unchanged=384, early_stops=8/8
26 - INFO - chord#: 24 In build_straw_man_chord_sa. tolerance = 1, sa_iterations = 1000, initial_temperature = 3.0, cooling_rate = 0.999
26 - INFO - chord#: 22 done. best_score=27.0, changed=520, unchanged=368, early_stops=8/8
26 - INFO - chord#: 24 In build_straw_man_chord_sa. tolerance = 1, sa_iterations = 1000, initial_temperature = 3.0, cooling_rate = 0.999
26 - INFO - chord#: 24 done. best_score=27.0, changed=533, unchanged=388, early_stops=8/8
26 - INFO - chord#: 28 In build_straw_man_chord_sa. tolerance = 1, sa_iterations = 1000, initial_temperature = 3.0, cooling_rate = 0.999
26 - INFO - chord#: 24 done. best_score=27.0, changed=527, unchanged=428, early_stops=8/8
26 - INFO - chord#: 28 In build_straw_man_chord_sa. tolerance = 1, sa_iterations = 1000, initial_temperature = 3.0, cooling_rate = 0.999
26 - INFO - chord#: 24 done. best_score=27.0, changed=527, unchanged=428, early_stops=8/8
26 - INFO - chord#: 28 In build_straw_man_chord_sa. tolerance = 1, sa_iterations = 1000, initial_temperature = 3.0, cooling_rate = 0.999
26 - INFO - chord#: 20 done. best_score=27.0, changed=521, unchanged=400, early_stops=8/8
26 - INFO - chord#: 22 In build_straw_man_chord_sa. tolerance = 1, sa_iterations = 1000, initial_temperature = 3.0, cooling_rate = 0.999
26 - INFO - chord#: 18 done. best_score=64.0, changed=610, unchanged=297, early_stops=8/8
26 - INFO - chord#: 20 In build_straw_man_chord_sa. tolerance = 1, sa_iterations = 1000, initial_temperature = 3.0, cooling_rate = 0.999
26 - INFO - chord#: 20 done. best_score=27.0, changed=514, unchanged=336, early_stops=8/8
26 - INFO - chord#: 22 In build_straw_man_chord_sa. tolerance = 1, sa_iterations = 1000, initial_temperature = 3.0, cooling_rate = 0.999
26 - INFO - chord#: 18 done. best_score=125.0, changed=612, unchanged=279, early_stops=8/8
26 - INFO - chord#: 20 In build_straw_man_chord_sa. tolerance = 1, sa_iterations = 1000, initial_temperature = 3.0, cooling_rate = 0.999
26 - INFO - chord#: 20 done. best_score=27.0, changed=514, unchanged=466, early_stops=8/8
26 - INFO - chord#: 22 In build_straw_man_chord_sa. tolerance = 1, sa_iterations = 1000, initial_temperature = 3.0, cooling_rate = 0.999
26 - INFO - chord#: 28 done. best_score=27.0, changed=522, unchanged=323, early_stops=8/8
26 - INFO - chord#: 32 In build_straw_man_chord_sa. tolerance = 1, sa_iterations = 1000, initial_temperature = 3.0, cooling_rate = 0.999
26 - INFO - chord#: 24 done. best_score=27.0, changed=526, unchanged=315, early_stops=8/8
26 - INFO - chord#: 28 In build_straw_man_chord_sa. tolerance = 1, sa_iterations = 1000, initial_temperature = 3.0, cooling_rate = 0.999
26 - INFO - chord#: 20 done. best_score=27.0, changed=529, unchanged=572, early_stops=8/8
26 - INFO - chord#: 22 In build_straw_man_chord_sa. tolerance = 1, sa_iterations = 1000, initial_temperature = 3.0, cooling_rate = 0.999
26 - INFO - chord#: 28 done. best_score=27.0, changed=528, unchanged=389, early_stops=8/8
26 - INFO - chord#: 32 In build_straw_man_chord_sa. tolerance = 1, sa_iterations = 1000, initial_temperature = 3.0, cooling_rate = 0.999
26 - INFO - chord#: 28 done. best_score=27.0, changed=528, unchanged=324, early_stops=8/8
26 - INFO - chord#: 32 In build_straw_man_chord_sa. tolerance = 1, sa_iterations = 1000, initial_temperature = 3.0, cooling_rate = 0.999
26 - INFO - chord#: 24 done. best_score=27.0, changed=530, unchanged=442, early_stops=8/8
26 - INFO - chord#: 28 In build_straw_man_chord_sa. tolerance = 1, sa_iterations = 1000, initial_temperature = 3.0, cooling_rate = 0.999
26 - INFO - chord#: 22 done. best_score=27.0, changed=534, unchanged=471, early_stops=8/8
26 - INFO - chord#: 24 In build_straw_man_chord_sa. tolerance = 1, sa_iterations = 1000, initial_temperature = 3.0, cooling_rate = 0.999
26 - INFO - chord#: 18 done. best_score=64.0, changed=609, unchanged=253, early_stops=8/8
26 - INFO - chord#: 20 In build_straw_man_chord_sa. tolerance = 1, sa_iterations = 1000, initial_temperature = 3.0, cooling_rate = 0.999
26 - INFO - chord#: 22 done. best_score=27.0, changed=525, unchanged=360, early_stops=8/8
26 - INFO - chord#: 24 In build_straw_man_chord_sa. tolerance = 1, sa_iterations = 1000, initial_temperature = 3.0, cooling_rate = 0.999
26 - INFO - chord#: 20 done. best_score=27.0, changed=526, unchanged=458, early_stops=8/8
26 - INFO - chord#: 22 In build_straw_man_chord_sa. tolerance = 1, sa_iterations = 1000, initial_temperature = 3.0, cooling_rate = 0.999
26 - INFO - chord#: 32 done. best_score=27.0, changed=517, unchanged=313, early_stops=8/8
26 - INFO - chord#: 34 In build_straw_man_chord_sa. tolerance = 1, sa_iterations = 1000, initial_temperature = 3.0, cooling_rate = 0.999
26 - INFO - chord#: 22 done. best_score=27.0, changed=532, unchanged=424, early_stops=8/8
26 - INFO - chord#: 24 In build_straw_man_chord_sa. tolerance = 1, sa_iterations = 1000, initial_temperature = 3.0, cooling_rate = 0.999
26 - INFO - chord#: 32 done. best_score=27.0, changed=524, unchanged=313, early_stops=8/8
26 - INFO - chord#: 34 In build_straw_man_chord_sa. tolerance = 1, sa_iterations = 1000, initial_temperature = 3.0, cooling_rate = 0.999
26 - INFO - chord#: 28 done. best_score=27.0, changed=537, unchanged=431, early_stops=8/8
26 - INFO - chord#: 32 In build_straw_man_chord_sa. tolerance = 1, sa_iterations = 1000, initial_temperature = 3.0, cooling_rate = 0.999
26 - INFO - chord#: 22 done. best_score=27.0, changed=521, unchanged=318, early_stops=8/8
26 - INFO - chord#: 24 In build_straw_man_chord_sa. tolerance = 1, sa_iterations = 1000, initial_temperature = 3.0, cooling_rate = 0.999
26 - INFO - chord#: 32 done. best_score=27.0, changed=521, unchanged=367, early_stops=8/8
26 - INFO - chord#: 34 In build_straw_man_chord_sa. tolerance = 1, sa_iterations = 1000, initial_temperature = 3.0, cooling_rate = 0.999
26 - INFO - chord#: 20 done. best_score=27.0, changed=518, unchanged=464, early_stops=8/8
26 - INFO - chord#: 22 In build_straw_man_chord_sa. tolerance = 1, sa_iterations = 1000, initial_temperature = 3.0, cooling_rate = 0.999
26 - INFO - chord#: 24 done. best_score=27.0, changed=530, unchanged=509, early_stops=8/8
26 - INFO - chord#: 28 In build_straw_man_chord_sa. tolerance = 1, sa_iterations = 1000, initial_temperature = 3.0, cooling_rate = 0.999
26 - INFO - chord#: 28 done. best_score=27.0, changed=517, unchanged=386, early_stops=8/8
26 - INFO - chord#: 32 In build_straw_man_chord_sa. tolerance = 1, sa_iterations = 1000, initial_temperature = 3.0, cooling_rate = 0.999
26 - INFO - chord#: 24 done. best_score=27.0, changed=518, unchanged=337, early_stops=8/8
26 - INFO - chord#: 28 In build_straw_man_chord_sa. tolerance = 1, sa_iterations = 1000, initial_temperature = 3.0, cooling_rate = 0.999
26 - INFO - chord#: 22 done. best_score=27.0, changed=519, unchanged=363, early_stops=8/8
26 - INFO - chord#: 24 In build_straw_man_chord_sa. tolerance = 1, sa_iterations = 1000, initial_temperature = 3.0, cooling_rate = 0.999
26 - INFO - chord#: 20 done. best_score=27.0, changed=526, unchanged=518, early_stops=8/8
26 - INFO - chord#: 22 In build_straw_man_chord_sa. tolerance = 1, sa_iterations = 1000, initial_temperature = 3.0, cooling_rate = 0.999
26 - INFO - chord#: 32 done. best_score=27.0, changed=528, unchanged=350, early_stops=8/8
26 - INFO - chord#: 34 In build_straw_man_chord_sa. tolerance = 1, sa_iterations = 1000, initial_temperature = 3.0, cooling_rate = 0.999
26 - INFO - chord#: 24 done. best_score=27.0, changed=522, unchanged=416, early_stops=8/8
26 - INFO - chord#: 28 In build_straw_man_chord_sa. tolerance = 1, sa_iterations = 1000, initial_temperature = 3.0, cooling_rate = 0.999
26 - INFO - chord#: 24 done. best_score=27.0, changed=524, unchanged=348, early_stops=8/8
26 - INFO - chord#: 28 In build_straw_man_chord_sa. tolerance = 1, sa_iterations = 1000, initial_temperature = 3.0, cooling_rate = 0.999
26 - INFO - chord#: 28 done. best_score=27.0, changed=525, unchanged=365, early_stops=8/8
26 - INFO - chord#: 32 In build_straw_man_chord_sa. tolerance = 1, sa_iterations = 1000, initial_temperature = 3.0, cooling_rate = 0.999
26 - INFO - chord#: 22 done. best_score=27.0, changed=528, unchanged=433, early_stops=8/8
26 - INFO - chord#: 24 In build_straw_man_chord_sa. tolerance = 1, sa_iterations = 1000, initial_temperature = 3.0, cooling_rate = 0.999
26 - INFO - chord#: 32 done. best_score=27.0, changed=522, unchanged=359, early_stops=8/8
26 - INFO - chord#: 34 In build_straw_man_chord_sa. tolerance = 1, sa_iterations = 1000, initial_temperature = 3.0, cooling_rate = 0.999
26 - INFO - chord#: 28 done. best_score=27.0, changed=515, unchanged=319, early_stops=8/8
26 - INFO - chord#: 32 In build_straw_man_chord_sa. tolerance = 1, sa_iterations = 1000, initial_temperature = 3.0, cooling_rate = 0.999
26 - INFO - chord#: 34 done. best_score=70.0, changed=610, unchanged=330, early_stops=8/8
26 - INFO - chord#: 36 In build_straw_man_chord_sa. tolerance = 1, sa_iterations = 1000, initial_temperature = 3.0, cooling_rate = 0.999
26 - INFO - chord#: 34 done. best_score=70.0, changed=616, unchanged=334, early_stops=8/8
26 - INFO - chord#: 36 In build_straw_man_chord_sa. tolerance = 1, sa_iterations = 1000, initial_temperature = 3.0, cooling_rate = 0.999
26 - INFO - chord#: 22 done. best_score=27.0, changed=528, unchanged=397, early_stops=8/8
26 - INFO - chord#: 24 In build_straw_man_chord_sa. tolerance = 1, sa_iterations = 1000, initial_temperature = 3.0, cooling_rate = 0.999
26 - INFO - chord#: 24 done. best_score=27.0, changed=522, unchanged=334, early_stops=8/8
26 - INFO - chord#: 28 In build_straw_man_chord_sa. tolerance = 1, sa_iterations = 1000, initial_temperature = 3.0, cooling_rate = 0.999
26 - INFO - chord#: 28 done. best_score=27.0, changed=526, unchanged=317, early_stops=8/8
26 - INFO - chord#: 32 In build_straw_man_chord_sa. tolerance = 1, sa_iterations = 1000, initial_temperature = 3.0, cooling_rate = 0.999
26 - INFO - chord#: 28 done. best_score=27.0, changed=526, unchanged=328, early_stops=8/8
26 - INFO - chord#: 32 In build_straw_man_chord_sa. tolerance = 1, sa_iterations = 1000, initial_temperature = 3.0, cooling_rate = 0.999
26 - INFO - chord#: 34 done. best_score=75.0, changed=615, unchanged=321, early_stops=8/8
26 - INFO - chord#: 36 In build_straw_man_chord_sa. tolerance = 1, sa_iterations = 1000, initial_temperature = 3.0, cooling_rate = 0.999
26 - INFO - chord#: 32 done. best_score=27.0, changed=520, unchanged=301, early_stops=8/8
26 - INFO - chord#: 34 In build_straw_man_chord_sa. tolerance = 1, sa_iterations = 1000, initial_temperature = 3.0, cooling_rate = 0.999
26 - INFO - chord#: 32 done. best_score=27.0, changed=522, unchanged=309, early_stops=8/8
26 - INFO - chord#: 34 In build_straw_man_chord_sa. tolerance = 1, sa_iterations = 1000, initial_temperature = 3.0, cooling_rate = 0.999
26 - INFO - chord#: 24 done. best_score=27.0, changed=522, unchanged=380, early_stops=8/8
26 - INFO - chord#: 28 In build_straw_man_chord_sa. tolerance = 1, sa_iterations = 1000, initial_temperature = 3.0, cooling_rate = 0.999
26 - INFO - chord#: 36 done. best_score=27.0, changed=524, unchanged=377, early_stops=8/8
26 - INFO - chord#: 36 done. best_score=27.0, changed=527, unchanged=404, early_stops=8/8
26 - INFO - chord#: 38 In build_straw_man_chord_sa. tolerance = 1, sa_iterations = 1000, initial_temperature = 3.0, cooling_rate = 0.999
26 - INFO - chord#: 38 In build_straw_man_chord_sa. tolerance = 1, sa_iterations = 1000, initial_temperature = 3.0, cooling_rate = 0.999
26 - INFO - chord#: 36 done. best_score=27.0, changed=529, unchanged=385, early_stops=8/8
26 - INFO - chord#: 28 done. best_score=27.0, changed=524, unchanged=327, early_stops=8/8
26 - INFO - chord#: 38 In build_straw_man_chord_sa. tolerance = 1, sa_iterations = 1000, initial_temperature = 3.0, cooling_rate = 0.999
26 - INFO - chord#: 32 In build_straw_man_chord_sa. tolerance = 1, sa_iterations = 1000, initial_temperature = 3.0, cooling_rate = 0.999
26 - INFO - chord#: 24 done. best_score=27.0, changed=523, unchanged=320, early_stops=8/8
26 - INFO - chord#: 28 In build_straw_man_chord_sa. tolerance = 1, sa_iterations = 1000, initial_temperature = 3.0, cooling_rate = 0.999
26 - INFO - chord#: 34 done. best_score=70.0, changed=616, unchanged=367, early_stops=8/8
26 - INFO - chord#: 36 In build_straw_man_chord_sa. tolerance = 1, sa_iterations = 1000, initial_temperature = 3.0, cooling_rate = 0.999
26 - INFO - chord#: 32 done. best_score=27.0, changed=524, unchanged=325, early_stops=8/8
26 - INFO - chord#: 34 In build_straw_man_chord_sa. tolerance = 1, sa_iterations = 1000, initial_temperature = 3.0, cooling_rate = 0.999
26 - INFO - chord#: 32 done. best_score=27.0, changed=525, unchanged=375, early_stops=8/8
26 - INFO - chord#: 34 In build_straw_man_chord_sa. tolerance = 1, sa_iterations = 1000, initial_temperature = 3.0, cooling_rate = 0.999
26 - INFO - chord#: 28 done. best_score=27.0, changed=540, unchanged=308, early_stops=8/8
26 - INFO - chord#: 32 In build_straw_man_chord_sa. tolerance = 1, sa_iterations = 1000, initial_temperature = 3.0, cooling_rate = 0.999
26 - INFO - chord#: 36 done. best_score=27.0, changed=530, unchanged=371, early_stops=8/8
26 - INFO - chord#: 38 In build_straw_man_chord_sa. tolerance = 1, sa_iterations = 1000, initial_temperature = 3.0, cooling_rate = 0.999
26 - INFO - chord#: 34 done. best_score=70.0, changed=610, unchanged=308, early_stops=8/8
26 - INFO - chord#: 36 In build_straw_man_chord_sa. tolerance = 1, sa_iterations = 1000, initial_temperature = 3.0, cooling_rate = 0.999
26 - INFO - chord#: 34 done. best_score=70.0, changed=607, unchanged=277, early_stops=8/8
26 - INFO - chord#: 36 In build_straw_man_chord_sa. tolerance = 1, sa_iterations = 1000, initial_temperature = 3.0, cooling_rate = 0.999
26 - INFO - chord#: 32 done. best_score=27.0, changed=524, unchanged=341, early_stops=8/8
26 - INFO - chord#: 34 In build_straw_man_chord_sa. tolerance = 1, sa_iterations = 1000, initial_temperature = 3.0, cooling_rate = 0.999
26 - INFO - chord#: 34 done. best_score=70.0, changed=613, unchanged=297, early_stops=8/8
26 - INFO - chord#: 36 In build_straw_man_chord_sa. tolerance = 1, sa_iterations = 1000, initial_temperature = 3.0, cooling_rate = 0.999
26 - INFO - chord#: 28 done. best_score=27.0, changed=541, unchanged=441, early_stops=8/8
26 - INFO - chord#: 32 In build_straw_man_chord_sa. tolerance = 1, sa_iterations = 1000, initial_temperature = 3.0, cooling_rate = 0.999
26 - INFO - chord#: 38 done. best_score=64.0, changed=611, unchanged=251, early_stops=8/8
26 - INFO - chord#: 40 In build_straw_man_chord_sa. tolerance = 1, sa_iterations = 1000, initial_temperature = 3.0, cooling_rate = 0.999
26 - INFO - chord#: 32 done. best_score=27.0, changed=512, unchanged=315, early_stops=8/8
26 - INFO - chord#: 34 In build_straw_man_chord_sa. tolerance = 1, sa_iterations = 1000, initial_temperature = 3.0, cooling_rate = 0.999
26 - INFO - chord#: 36 done. best_score=27.0, changed=518, unchanged=349, early_stops=8/8
26 - INFO - chord#: 38 In build_straw_man_chord_sa. tolerance = 1, sa_iterations = 1000, initial_temperature = 3.0, cooling_rate = 0.999
26 - INFO - chord#: 38 done. best_score=64.0, changed=615, unchanged=334, early_stops=8/8
26 - INFO - chord#: 38 done. best_score=64.0, changed=616, unchanged=464, early_stops=8/8
26 - INFO - chord#: 40 In build_straw_man_chord_sa. tolerance = 1, sa_iterations = 1000, initial_temperature = 3.0, cooling_rate = 0.999
26 - INFO - chord#: 40 In build_straw_man_chord_sa. tolerance = 1, sa_iterations = 1000, initial_temperature = 3.0, cooling_rate = 0.999
26 - INFO - chord#: 36 done. best_score=27.0, changed=521, unchanged=370, early_stops=8/8
26 - INFO - chord#: 38 In build_straw_man_chord_sa. tolerance = 1, sa_iterations = 1000, initial_temperature = 3.0, cooling_rate = 0.999
26 - INFO - chord#: 36 done. best_score=27.0, changed=520, unchanged=337, early_stops=8/8
26 - INFO - chord#: 38 In build_straw_man_chord_sa. tolerance = 1, sa_iterations = 1000, initial_temperature = 3.0, cooling_rate = 0.999
26 - INFO - chord#: 32 done. best_score=27.0, changed=519, unchanged=296, early_stops=8/8
26 - INFO - chord#: 34 In build_straw_man_chord_sa. tolerance = 1, sa_iterations = 1000, initial_temperature = 3.0, cooling_rate = 0.999
26 - INFO - chord#: 40 done. best_score=35.0, changed=525, unchanged=392, early_stops=8/8
26 - INFO - chord#: 42 In build_straw_man_chord_sa. tolerance = 1, sa_iterations = 1000, initial_temperature = 3.0, cooling_rate = 0.999
26 - INFO - chord#: 40 done. best_score=35.0, changed=519, unchanged=381, early_stops=8/8
26 - INFO - chord#: 42 In build_straw_man_chord_sa. tolerance = 1, sa_iterations = 1000, initial_temperature = 3.0, cooling_rate = 0.999
26 - INFO - chord#: 40 done. best_score=35.0, changed=529, unchanged=398, early_stops=8/8
26 - INFO - chord#: 42 In build_straw_man_chord_sa. tolerance = 1, sa_iterations = 1000, initial_temperature = 3.0, cooling_rate = 0.999
26 - INFO - chord#: 34 done. best_score=111.0, changed=612, unchanged=302, early_stops=8/8
26 - INFO - chord#: 36 In build_straw_man_chord_sa. tolerance = 1, sa_iterations = 1000, initial_temperature = 3.0, cooling_rate = 0.999
26 - INFO - chord#: 38 done. best_score=64.0, changed=612, unchanged=314, early_stops=8/8
26 - INFO - chord#: 40 In build_straw_man_chord_sa. tolerance = 1, sa_iterations = 1000, initial_temperature = 3.0, cooling_rate = 0.999
26 - INFO - chord#: 34 done. best_score=111.0, changed=612, unchanged=303, early_stops=8/8
26 - INFO - chord#: 36 In build_straw_man_chord_sa. tolerance = 1, sa_iterations = 1000, initial_temperature = 3.0, cooling_rate = 0.999
26 - INFO - chord#: 42 done. best_score=36.0, changed=525, unchanged=516, early_stops=8/8
26 - INFO - chord#: 44 In build_straw_man_chord_sa. tolerance = 1, sa_iterations = 1000, initial_temperature = 3.0, cooling_rate = 0.999
26 - INFO - chord#: 42 done. best_score=36.0, changed=518, unchanged=367, early_stops=8/8
26 - INFO - chord#: 44 In build_straw_man_chord_sa. tolerance = 1, sa_iterations = 1000, initial_temperature = 3.0, cooling_rate = 0.999
26 - INFO - chord#: 38 done. best_score=64.0, changed=609, unchanged=294, early_stops=8/8
26 - INFO - chord#: 40 In build_straw_man_chord_sa. tolerance = 1, sa_iterations = 1000, initial_temperature = 3.0, cooling_rate = 0.999
26 - INFO - chord#: 38 done. best_score=64.0, changed=608, unchanged=241, early_stops=8/8
26 - INFO - chord#: 40 In build_straw_man_chord_sa. tolerance = 1, sa_iterations = 1000, initial_temperature = 3.0, cooling_rate = 0.999
26 - INFO - chord#: 40 done. best_score=35.0, changed=525, unchanged=392, early_stops=8/8
26 - INFO - chord#: 42 In build_straw_man_chord_sa. tolerance = 1, sa_iterations = 1000, initial_temperature = 3.0, cooling_rate = 0.999
26 - INFO - chord#: 36 done. best_score=27.0, changed=519, unchanged=368, early_stops=8/8
26 - INFO - chord#: 38 In build_straw_man_chord_sa. tolerance = 1, sa_iterations = 1000, initial_temperature = 3.0, cooling_rate = 0.999
26 - INFO - chord#: 42 done. best_score=36.0, changed=519, unchanged=465, early_stops=8/8
26 - INFO - chord#: 44 In build_straw_man_chord_sa. tolerance = 1, sa_iterations = 1000, initial_temperature = 3.0, cooling_rate = 0.999
26 - INFO - chord#: 34 done. best_score=70.0, changed=611, unchanged=331, early_stops=8/8
26 - INFO - chord#: 36 In build_straw_man_chord_sa. tolerance = 1, sa_iterations = 1000, initial_temperature = 3.0, cooling_rate = 0.999
26 - INFO - chord#: 36 done. best_score=27.0, changed=523, unchanged=354, early_stops=8/8
26 - INFO - chord#: 38 In build_straw_man_chord_sa. tolerance = 1, sa_iterations = 1000, initial_temperature = 3.0, cooling_rate = 0.999
26 - INFO - chord#: 34 done. best_score=70.0, changed=611, unchanged=295, early_stops=8/8
26 - INFO - chord#: 36 In build_straw_man_chord_sa. tolerance = 1, sa_iterations = 1000, initial_temperature = 3.0, cooling_rate = 0.999
26 - INFO - chord#: 44 done. best_score=27.0, changed=519, unchanged=312, early_stops=8/8
26 - INFO - chord#: 46 In build_straw_man_chord_sa. tolerance = 1, sa_iterations = 1000, initial_temperature = 3.0, cooling_rate = 0.999
26 - INFO - chord#: 44 done. best_score=27.0, changed=524, unchanged=328, early_stops=8/8
26 - INFO - chord#: 46 In build_straw_man_chord_sa. tolerance = 1, sa_iterations = 1000, initial_temperature = 3.0, cooling_rate = 0.999
26 - INFO - chord#: 40 done. best_score=35.0, changed=522, unchanged=335, early_stops=8/8
26 - INFO - chord#: 42 In build_straw_man_chord_sa. tolerance = 1, sa_iterations = 1000, initial_temperature = 3.0, cooling_rate = 0.999
26 - INFO - chord#: 40 done. best_score=35.0, changed=533, unchanged=417, early_stops=8/8
26 - INFO - chord#: 42 In build_straw_man_chord_sa. tolerance = 1, sa_iterations = 1000, initial_temperature = 3.0, cooling_rate = 0.999
26 - INFO - chord#: 38 done. best_score=146.0, changed=611, unchanged=355, early_stops=8/8
26 - INFO - chord#: 40 In build_straw_man_chord_sa. tolerance = 1, sa_iterations = 1000, initial_temperature = 3.0, cooling_rate = 0.999
26 - INFO - chord#: 44 done. best_score=27.0, changed=525, unchanged=378, early_stops=8/8
26 - INFO - chord#: 46 In build_straw_man_chord_sa. tolerance = 1, sa_iterations = 1000, initial_temperature = 3.0, cooling_rate = 0.999
26 - INFO - chord#: 42 done. best_score=36.0, changed=517, unchanged=483, early_stops=8/8
26 - INFO - chord#: 44 In build_straw_man_chord_sa. tolerance = 1, sa_iterations = 1000, initial_temperature = 3.0, cooling_rate = 0.999
26 - INFO - chord#: 36 done. best_score=27.0, changed=525, unchanged=366, early_stops=8/8
26 - INFO - chord#: 38 In build_straw_man_chord_sa. tolerance = 1, sa_iterations = 1000, initial_temperature = 3.0, cooling_rate = 0.999
26 - INFO - chord#: 46 done. best_score=27.0, changed=518, unchanged=295, early_stops=8/8
26 - INFO - chord#: 48 In build_straw_man_chord_sa. tolerance = 1, sa_iterations = 1000, initial_temperature = 3.0, cooling_rate = 0.999
26 - INFO - chord#: 34 done. best_score=141.0, changed=612, unchanged=323, early_stops=8/8
26 - INFO - chord#: 36 In build_straw_man_chord_sa. tolerance = 1, sa_iterations = 1000, initial_temperature = 3.0, cooling_rate = 0.999
26 - INFO - chord#: 36 done. best_score=27.0, changed=528, unchanged=325, early_stops=8/8
26 - INFO - chord#: 38 In build_straw_man_chord_sa. tolerance = 1, sa_iterations = 1000, initial_temperature = 3.0, cooling_rate = 0.999
26 - INFO - chord#: 46 done. best_score=27.0, changed=534, unchanged=303, early_stops=8/8
26 - INFO - chord#: 48 In build_straw_man_chord_sa. tolerance = 1, sa_iterations = 1000, initial_temperature = 3.0, cooling_rate = 0.999
26 - INFO - chord#: 42 done. best_score=36.0, changed=517, unchanged=408, early_stops=8/8
26 - INFO - chord#: 44 In build_straw_man_chord_sa. tolerance = 1, sa_iterations = 1000, initial_temperature = 3.0, cooling_rate = 0.999
26 - INFO - chord#: 46 done. best_score=27.0, changed=526, unchanged=356, early_stops=8/8
26 - INFO - chord#: 48 In build_straw_man_chord_sa. tolerance = 1, sa_iterations = 1000, initial_temperature = 3.0, cooling_rate = 0.999
26 - INFO - chord#: 44 done. best_score=27.0, changed=533, unchanged=320, early_stops=8/8
26 - INFO - chord#: 46 In build_straw_man_chord_sa. tolerance = 1, sa_iterations = 1000, initial_temperature = 3.0, cooling_rate = 0.999
26 - INFO - chord#: 42 done. best_score=36.0, changed=521, unchanged=446, early_stops=8/8
26 - INFO - chord#: 44 In build_straw_man_chord_sa. tolerance = 1, sa_iterations = 1000, initial_temperature = 3.0, cooling_rate = 0.999
26 - INFO - chord#: 40 done. best_score=35.0, changed=519, unchanged=396, early_stops=8/8
26 - INFO - chord#: 42 In build_straw_man_chord_sa. tolerance = 1, sa_iterations = 1000, initial_temperature = 3.0, cooling_rate = 0.999
26 - INFO - chord#: 38 done. best_score=64.0, changed=610, unchanged=284, early_stops=8/8
26 - INFO - chord#: 40 In build_straw_man_chord_sa. tolerance = 1, sa_iterations = 1000, initial_temperature = 3.0, cooling_rate = 0.999
26 - INFO - chord#: 36 done. best_score=27.0, changed=519, unchanged=347, early_stops=8/8
26 - INFO - chord#: 38 In build_straw_man_chord_sa. tolerance = 1, sa_iterations = 1000, initial_temperature = 3.0, cooling_rate = 0.999
26 - INFO - chord#: 44 done. best_score=27.0, changed=523, unchanged=366, early_stops=8/8
26 - INFO - chord#: 46 In build_straw_man_chord_sa. tolerance = 1, sa_iterations = 1000, initial_temperature = 3.0, cooling_rate = 0.999
26 - INFO - chord#: 44 done. best_score=27.0, changed=537, unchanged=345, early_stops=8/8
26 - INFO - chord#: 46 In build_straw_man_chord_sa. tolerance = 1, sa_iterations = 1000, initial_temperature = 3.0, cooling_rate = 0.999
26 - INFO - chord#: 46 done. best_score=27.0, changed=528, unchanged=306, early_stops=8/8
26 - INFO - chord#: 48 In build_straw_man_chord_sa. tolerance = 1, sa_iterations = 1000, initial_temperature = 3.0, cooling_rate = 0.999
26 - INFO - chord#: 38 done. best_score=104.0, changed=613, unchanged=351, early_stops=8/8
26 - INFO - chord#: 40 In build_straw_man_chord_sa. tolerance = 1, sa_iterations = 1000, initial_temperature = 3.0, cooling_rate = 0.999
26 - INFO - chord#: 40 done. best_score=35.0, changed=523, unchanged=404, early_stops=8/8
26 - INFO - chord#: 42 In build_straw_man_chord_sa. tolerance = 1, sa_iterations = 1000, initial_temperature = 3.0, cooling_rate = 0.999
26 - INFO - chord#: 42 done. best_score=36.0, changed=518, unchanged=395, early_stops=8/8
26 - INFO - chord#: 44 In build_straw_man_chord_sa. tolerance = 1, sa_iterations = 1000, initial_temperature = 3.0, cooling_rate = 0.999
26 - INFO - chord#: 38 done. best_score=64.0, changed=606, unchanged=244, early_stops=8/8
26 - INFO - chord#: 40 In build_straw_man_chord_sa. tolerance = 1, sa_iterations = 1000, initial_temperature = 3.0, cooling_rate = 0.999
26 - INFO - chord#: 46 done. best_score=27.0, changed=532, unchanged=307, early_stops=8/8
26 - INFO - chord#: 48 In build_straw_man_chord_sa. tolerance = 1, sa_iterations = 1000, initial_temperature = 3.0, cooling_rate = 0.999
26 - INFO - chord#: 38 done. best_score=64.0, changed=608, unchanged=220, early_stops=8/8
26 - INFO - chord#: 40 In build_straw_man_chord_sa. tolerance = 1, sa_iterations = 1000, initial_temperature = 3.0, cooling_rate = 0.999
26 - INFO - chord#: 46 done. best_score=27.0, changed=524, unchanged=330, early_stops=8/8
26 - INFO - chord#: 48 In build_straw_man_chord_sa. tolerance = 1, sa_iterations = 1000, initial_temperature = 3.0, cooling_rate = 0.999
26 - INFO - chord#: 48 done. best_score=145.0, changed=614, unchanged=423, early_stops=8/8
26 - INFO - chord#: 50 In build_straw_man_chord_sa. tolerance = 1, sa_iterations = 1000, initial_temperature = 3.0, cooling_rate = 0.999
26 - INFO - chord#: 40 done. best_score=35.0, changed=522, unchanged=397, early_stops=8/8
26 - INFO - chord#: 42 In build_straw_man_chord_sa. tolerance = 1, sa_iterations = 1000, initial_temperature = 3.0, cooling_rate = 0.999
26 - INFO - chord#: 42 done. best_score=36.0, changed=517, unchanged=445, early_stops=8/8
26 - INFO - chord#: 44 In build_straw_man_chord_sa. tolerance = 1, sa_iterations = 1000, initial_temperature = 3.0, cooling_rate = 0.999
26 - INFO - chord#: 48 done. best_score=125.0, changed=614, unchanged=373, early_stops=8/8
26 - INFO - chord#: 50 In build_straw_man_chord_sa. tolerance = 1, sa_iterations = 1000, initial_temperature = 3.0, cooling_rate = 0.999
26 - INFO - chord#: 48 done. best_score=157.0, changed=612, unchanged=296, early_stops=8/8
26 - INFO - chord#: 50 In build_straw_man_chord_sa. tolerance = 1, sa_iterations = 1000, initial_temperature = 3.0, cooling_rate = 0.999
26 - INFO - chord#: 40 done. best_score=35.0, changed=533, unchanged=346, early_stops=8/8
26 - INFO - chord#: 42 In build_straw_man_chord_sa. tolerance = 1, sa_iterations = 1000, initial_temperature = 3.0, cooling_rate = 0.999
26 - INFO - chord#: 44 done. best_score=27.0, changed=531, unchanged=351, early_stops=8/8
26 - INFO - chord#: 46 In build_straw_man_chord_sa. tolerance = 1, sa_iterations = 1000, initial_temperature = 3.0, cooling_rate = 0.999
26 - INFO - chord#: 50 done. best_score=37.0, changed=523, unchanged=285, early_stops=8/8
26 - INFO - chord#: 52 In build_straw_man_chord_sa. tolerance = 1, sa_iterations = 1000, initial_temperature = 3.0, cooling_rate = 0.999
26 - INFO - chord#: 40 done. best_score=35.0, changed=541, unchanged=537, early_stops=8/8
26 - INFO - chord#: 42 In build_straw_man_chord_sa. tolerance = 1, sa_iterations = 1000, initial_temperature = 3.0, cooling_rate = 0.999
26 - INFO - chord#: 44 done. best_score=27.0, changed=534, unchanged=367, early_stops=8/8
26 - INFO - chord#: 46 In build_straw_man_chord_sa. tolerance = 1, sa_iterations = 1000, initial_temperature = 3.0, cooling_rate = 0.999
26 - INFO - chord#: 50 done. best_score=37.0, changed=530, unchanged=334, early_stops=8/8
26 - INFO - chord#: 52 In build_straw_man_chord_sa. tolerance = 1, sa_iterations = 1000, initial_temperature = 3.0, cooling_rate = 0.999
26 - INFO - chord#: 38 done. best_score=64.0, changed=618, unchanged=367, early_stops=8/8
26 - INFO - chord#: 40 In build_straw_man_chord_sa. tolerance = 1, sa_iterations = 1000, initial_temperature = 3.0, cooling_rate = 0.999
26 - INFO - chord#: 48 done. best_score=125.0, changed=611, unchanged=403, early_stops=8/8
26 - INFO - chord#: 50 In build_straw_man_chord_sa. tolerance = 1, sa_iterations = 1000, initial_temperature = 3.0, cooling_rate = 0.999
26 - INFO - chord#: 42 done. best_score=36.0, changed=519, unchanged=426, early_stops=8/8
26 - INFO - chord#: 44 In build_straw_man_chord_sa. tolerance = 1, sa_iterations = 1000, initial_temperature = 3.0, cooling_rate = 0.999
26 - INFO - chord#: 50 done. best_score=35.0, changed=544, unchanged=285, early_stops=8/8
26 - INFO - chord#: 52 In build_straw_man_chord_sa. tolerance = 1, sa_iterations = 1000, initial_temperature = 3.0, cooling_rate = 0.999
26 - INFO - chord#: 48 done. best_score=64.0, changed=615, unchanged=253, early_stops=8/8
26 - INFO - chord#: 50 In build_straw_man_chord_sa. tolerance = 1, sa_iterations = 1000, initial_temperature = 3.0, cooling_rate = 0.999
26 - INFO - chord#: 46 done. best_score=27.0, changed=521, unchanged=346, early_stops=8/8
26 - INFO - chord#: 48 In build_straw_man_chord_sa. tolerance = 1, sa_iterations = 1000, initial_temperature = 3.0, cooling_rate = 0.999
26 - INFO - chord#: 52 done. best_score=27.0, changed=526, unchanged=482, early_stops=8/8
26 - INFO - chord#: 54 In build_straw_man_chord_sa. tolerance = 1, sa_iterations = 1000, initial_temperature = 3.0, cooling_rate = 0.999
26 - INFO - chord#: 48 done. best_score=64.0, changed=612, unchanged=313, early_stops=8/8
26 - INFO - chord#: 50 In build_straw_man_chord_sa. tolerance = 1, sa_iterations = 1000, initial_temperature = 3.0, cooling_rate = 0.999
26 - INFO - chord#: 42 done. best_score=36.0, changed=518, unchanged=406, early_stops=8/8
26 - INFO - chord#: 44 In build_straw_man_chord_sa. tolerance = 1, sa_iterations = 1000, initial_temperature = 3.0, cooling_rate = 0.999
26 - INFO - chord#: 46 done. best_score=27.0, changed=528, unchanged=381, early_stops=8/8
26 - INFO - chord#: 48 In build_straw_man_chord_sa. tolerance = 1, sa_iterations = 1000, initial_temperature = 3.0, cooling_rate = 0.999
26 - INFO - chord#: 50 done. best_score=37.0, changed=522, unchanged=331, early_stops=8/8
26 - INFO - chord#: 52 In build_straw_man_chord_sa. tolerance = 1, sa_iterations = 1000, initial_temperature = 3.0, cooling_rate = 0.999
26 - INFO - chord#: 52 done. best_score=27.0, changed=522, unchanged=425, early_stops=8/8
26 - INFO - chord#: 54 In build_straw_man_chord_sa. tolerance = 1, sa_iterations = 1000, initial_temperature = 3.0, cooling_rate = 0.999
26 - INFO - chord#: 40 done. best_score=35.0, changed=532, unchanged=414, early_stops=8/8
26 - INFO - chord#: 42 In build_straw_man_chord_sa. tolerance = 1, sa_iterations = 1000, initial_temperature = 3.0, cooling_rate = 0.999
26 - INFO - chord#: 42 done. best_score=36.0, changed=525, unchanged=463, early_stops=8/8
26 - INFO - chord#: 44 In build_straw_man_chord_sa. tolerance = 1, sa_iterations = 1000, initial_temperature = 3.0, cooling_rate = 0.999
26 - INFO - chord#: 54 done. best_score=27.0, changed=521, unchanged=327, early_stops=8/8
26 - INFO - chord#: 55 In build_straw_man_chord_sa. tolerance = 1, sa_iterations = 1000, initial_temperature = 3.0, cooling_rate = 0.999
26 - INFO - chord#: 50 done. best_score=37.0, changed=530, unchanged=346, early_stops=8/8
26 - INFO - chord#: 52 In build_straw_man_chord_sa. tolerance = 1, sa_iterations = 1000, initial_temperature = 3.0, cooling_rate = 0.999
26 - INFO - chord#: 50 done. best_score=37.0, changed=526, unchanged=451, early_stops=8/8
26 - INFO - chord#: 52 In build_straw_man_chord_sa. tolerance = 1, sa_iterations = 1000, initial_temperature = 3.0, cooling_rate = 0.999
26 - INFO - chord#: 44 done. best_score=27.0, changed=534, unchanged=411, early_stops=8/8
26 - INFO - chord#: 46 In build_straw_man_chord_sa. tolerance = 1, sa_iterations = 1000, initial_temperature = 3.0, cooling_rate = 0.999
26 - INFO - chord#: 52 done. best_score=27.0, changed=524, unchanged=572, early_stops=8/8
26 - INFO - chord#: 54 In build_straw_man_chord_sa. tolerance = 1, sa_iterations = 1000, initial_temperature = 3.0, cooling_rate = 0.999
26 - INFO - chord#: 44 done. best_score=27.0, changed=522, unchanged=328, early_stops=8/8
26 - INFO - chord#: 46 In build_straw_man_chord_sa. tolerance = 1, sa_iterations = 1000, initial_temperature = 3.0, cooling_rate = 0.999
26 - INFO - chord#: 54 done. best_score=27.0, changed=522, unchanged=370, early_stops=8/8
26 - INFO - chord#: 55 In build_straw_man_chord_sa. tolerance = 1, sa_iterations = 1000, initial_temperature = 3.0, cooling_rate = 0.999
26 - INFO - chord#: 52 done. best_score=27.0, changed=525, unchanged=469, early_stops=8/8
26 - INFO - chord#: 54 In build_straw_man_chord_sa. tolerance = 1, sa_iterations = 1000, initial_temperature = 3.0, cooling_rate = 0.999
26 - INFO - chord#: 44 done. best_score=27.0, changed=524, unchanged=383, early_stops=8/8
26 - INFO - chord#: 46 In build_straw_man_chord_sa. tolerance = 1, sa_iterations = 1000, initial_temperature = 3.0, cooling_rate = 0.999
26 - INFO - chord#: 42 done. best_score=36.0, changed=530, unchanged=421, early_stops=8/8
26 - INFO - chord#: 44 In build_straw_man_chord_sa. tolerance = 1, sa_iterations = 1000, initial_temperature = 3.0, cooling_rate = 0.999
26 - INFO - chord#: 52 done. best_score=27.0, changed=518, unchanged=475, early_stops=8/8
26 - INFO - chord#: 54 In build_straw_man_chord_sa. tolerance = 1, sa_iterations = 1000, initial_temperature = 3.0, cooling_rate = 0.999
26 - INFO - chord#: 52 done. best_score=27.0, changed=519, unchanged=505, early_stops=8/8
26 - INFO - chord#: 54 In build_straw_man_chord_sa. tolerance = 1, sa_iterations = 1000, initial_temperature = 3.0, cooling_rate = 0.999
26 - INFO - chord#: 54 done. best_score=27.0, changed=519, unchanged=345, early_stops=8/8
26 - INFO - chord#: 55 In build_straw_man_chord_sa. tolerance = 1, sa_iterations = 1000, initial_temperature = 3.0, cooling_rate = 0.999
26 - INFO - chord#: 46 done. best_score=27.0, changed=526, unchanged=406, early_stops=8/8
26 - INFO - chord#: 48 In build_straw_man_chord_sa. tolerance = 1, sa_iterations = 1000, initial_temperature = 3.0, cooling_rate = 0.999
26 - INFO - chord#: 54 done. best_score=27.0, changed=523, unchanged=433, early_stops=8/8
26 - INFO - chord#: 55 In build_straw_man_chord_sa. tolerance = 1, sa_iterations = 1000, initial_temperature = 3.0, cooling_rate = 0.999
26 - INFO - chord#: 48 done. best_score=162.0, changed=613, unchanged=309, early_stops=8/8
26 - INFO - chord#: 50 In build_straw_man_chord_sa. tolerance = 1, sa_iterations = 1000, initial_temperature = 3.0, cooling_rate = 0.999
26 - INFO - chord#: 46 done. best_score=27.0, changed=532, unchanged=346, early_stops=8/8
26 - INFO - chord#: 48 In build_straw_man_chord_sa. tolerance = 1, sa_iterations = 1000, initial_temperature = 3.0, cooling_rate = 0.999
26 - INFO - chord#: 55 done. best_score=137.0, changed=608, unchanged=216, early_stops=8/8
26 - INFO - chord#: 56 In build_straw_man_chord_sa. tolerance = 1, sa_iterations = 1000, initial_temperature = 3.0, cooling_rate = 0.999
26 - INFO - chord#: 48 done. best_score=96.0, changed=608, unchanged=337, early_stops=8/8
26 - INFO - chord#: 50 In build_straw_man_chord_sa. tolerance = 1, sa_iterations = 1000, initial_temperature = 3.0, cooling_rate = 0.999
26 - INFO - chord#: 54 done. best_score=27.0, changed=525, unchanged=412, early_stops=8/8
26 - INFO - chord#: 55 In build_straw_man_chord_sa. tolerance = 1, sa_iterations = 1000, initial_temperature = 3.0, cooling_rate = 0.999
26 - INFO - chord#: 46 done. best_score=27.0, changed=516, unchanged=380, early_stops=8/8
26 - INFO - chord#: 48 In build_straw_man_chord_sa. tolerance = 1, sa_iterations = 1000, initial_temperature = 3.0, cooling_rate = 0.999
26 - INFO - chord#: 54 done. best_score=27.0, changed=526, unchanged=364, early_stops=8/8
26 - INFO - chord#: 55 In build_straw_man_chord_sa. tolerance = 1, sa_iterations = 1000, initial_temperature = 3.0, cooling_rate = 0.999
26 - INFO - chord#: 44 done. best_score=27.0, changed=521, unchanged=386, early_stops=8/8
26 - INFO - chord#: 46 In build_straw_man_chord_sa. tolerance = 1, sa_iterations = 1000, initial_temperature = 3.0, cooling_rate = 0.999
26 - INFO - chord#: 50 done. best_score=37.0, changed=524, unchanged=370, early_stops=8/8
26 - INFO - chord#: 52 In build_straw_man_chord_sa. tolerance = 1, sa_iterations = 1000, initial_temperature = 3.0, cooling_rate = 0.999
26 - INFO - chord#: 56 done. best_score=27.0, changed=529, unchanged=434, early_stops=8/8
26 - INFO - chord#: 64 In build_straw_man_chord_sa. tolerance = 1, sa_iterations = 1000, initial_temperature = 3.0, cooling_rate = 0.999
26 - INFO - chord#: 50 done. best_score=37.0, changed=549, unchanged=310, early_stops=8/8
26 - INFO - chord#: 52 In build_straw_man_chord_sa. tolerance = 1, sa_iterations = 1000, initial_temperature = 3.0, cooling_rate = 0.999
26 - INFO - chord#: 55 done. best_score=67.0, changed=618, unchanged=368, early_stops=8/8
26 - INFO - chord#: 56 In build_straw_man_chord_sa. tolerance = 1, sa_iterations = 1000, initial_temperature = 3.0, cooling_rate = 0.999
26 - INFO - chord#: 46 done. best_score=27.0, changed=518, unchanged=385, early_stops=8/8
26 - INFO - chord#: 48 In build_straw_man_chord_sa. tolerance = 1, sa_iterations = 1000, initial_temperature = 3.0, cooling_rate = 0.999
26 - INFO - chord#: 55 done. best_score=96.0, changed=610, unchanged=282, early_stops=8/8
26 - INFO - chord#: 56 In build_straw_man_chord_sa. tolerance = 1, sa_iterations = 1000, initial_temperature = 3.0, cooling_rate = 0.999
26 - INFO - chord#: 52 done. best_score=27.0, changed=521, unchanged=394, early_stops=8/8
26 - INFO - chord#: 54 In build_straw_man_chord_sa. tolerance = 1, sa_iterations = 1000, initial_temperature = 3.0, cooling_rate = 0.999
26 - INFO - chord#: 64 done. best_score=27.0, changed=528, unchanged=445, early_stops=8/8
26 - INFO - chord#: 66 In build_straw_man_chord_sa. tolerance = 1, sa_iterations = 1000, initial_temperature = 3.0, cooling_rate = 0.999
26 - INFO - chord#: 56 done. best_score=27.0, changed=525, unchanged=372, early_stops=8/8
26 - INFO - chord#: 64 In build_straw_man_chord_sa. tolerance = 1, sa_iterations = 1000, initial_temperature = 3.0, cooling_rate = 0.999
26 - INFO - chord#: 48 done. best_score=157.0, changed=611, unchanged=288, early_stops=8/8
26 - INFO - chord#: 50 In build_straw_man_chord_sa. tolerance = 1, sa_iterations = 1000, initial_temperature = 3.0, cooling_rate = 0.999
26 - INFO - chord#: 56 done. best_score=27.0, changed=523, unchanged=370, early_stops=8/8
26 - INFO - chord#: 64 In build_straw_man_chord_sa. tolerance = 1, sa_iterations = 1000, initial_temperature = 3.0, cooling_rate = 0.999
26 - INFO - chord#: 52 done. best_score=27.0, changed=529, unchanged=545, early_stops=8/8
26 - INFO - chord#: 54 In build_straw_man_chord_sa. tolerance = 1, sa_iterations = 1000, initial_temperature = 3.0, cooling_rate = 0.999
26 - INFO - chord#: 54 done. best_score=27.0, changed=518, unchanged=338, early_stops=8/8
26 - INFO - chord#: 55 In build_straw_man_chord_sa. tolerance = 1, sa_iterations = 1000, initial_temperature = 3.0, cooling_rate = 0.999
26 - INFO - chord#: 55 done. best_score=201.0, changed=610, unchanged=289, early_stops=8/8
26 - INFO - chord#: 56 In build_straw_man_chord_sa. tolerance = 1, sa_iterations = 1000, initial_temperature = 3.0, cooling_rate = 0.999
26 - INFO - chord#: 55 done. best_score=67.0, changed=609, unchanged=404, early_stops=8/8
26 - INFO - chord#: 56 In build_straw_man_chord_sa. tolerance = 1, sa_iterations = 1000, initial_temperature = 3.0, cooling_rate = 0.999
26 - INFO - chord#: 48 done. best_score=96.0, changed=610, unchanged=389, early_stops=8/8
26 - INFO - chord#: 50 In build_straw_man_chord_sa. tolerance = 1, sa_iterations = 1000, initial_temperature = 3.0, cooling_rate = 0.999
26 - INFO - chord#: 55 done. best_score=96.0, changed=615, unchanged=450, early_stops=8/8
26 - INFO - chord#: 56 In build_straw_man_chord_sa. tolerance = 1, sa_iterations = 1000, initial_temperature = 3.0, cooling_rate = 0.999
26 - INFO - chord#: 64 done. best_score=27.0, changed=515, unchanged=355, early_stops=8/8
26 - INFO - chord#: 66 In build_straw_man_chord_sa. tolerance = 1, sa_iterations = 1000, initial_temperature = 3.0, cooling_rate = 0.999
26 - INFO - chord#: 48 done. best_score=64.0, changed=611, unchanged=337, early_stops=8/8
26 - INFO - chord#: 50 In build_straw_man_chord_sa. tolerance = 1, sa_iterations = 1000, initial_temperature = 3.0, cooling_rate = 0.999
26 - INFO - chord#: 50 done. best_score=35.0, changed=539, unchanged=290, early_stops=8/8
26 - INFO - chord#: 52 In build_straw_man_chord_sa. tolerance = 1, sa_iterations = 1000, initial_temperature = 3.0, cooling_rate = 0.999
26 - INFO - chord#: 64 done. best_score=27.0, changed=513, unchanged=320, early_stops=8/8
26 - INFO - chord#: 66 In build_straw_man_chord_sa. tolerance = 1, sa_iterations = 1000, initial_temperature = 3.0, cooling_rate = 0.999
26 - INFO - chord#: 50 done. best_score=37.0, changed=555, unchanged=257, early_stops=8/8
26 - INFO - chord#: 52 In build_straw_man_chord_sa. tolerance = 1, sa_iterations = 1000, initial_temperature = 3.0, cooling_rate = 0.999
26 - INFO - chord#: 56 done. best_score=27.0, changed=530, unchanged=414, early_stops=8/8
26 - INFO - chord#: 64 In build_straw_man_chord_sa. tolerance = 1, sa_iterations = 1000, initial_temperature = 3.0, cooling_rate = 0.999
26 - INFO - chord#: 54 done. best_score=27.0, changed=528, unchanged=462, early_stops=8/8
26 - INFO - chord#: 55 In build_straw_man_chord_sa. tolerance = 1, sa_iterations = 1000, initial_temperature = 3.0, cooling_rate = 0.999
26 - INFO - chord#: 56 done. best_score=27.0, changed=522, unchanged=388, early_stops=8/8
26 - INFO - chord#: 64 In build_straw_man_chord_sa. tolerance = 1, sa_iterations = 1000, initial_temperature = 3.0, cooling_rate = 0.999
26 - INFO - chord#: 56 done. best_score=27.0, changed=523, unchanged=333, early_stops=8/8
26 - INFO - chord#: 64 In build_straw_man_chord_sa. tolerance = 1, sa_iterations = 1000, initial_temperature = 3.0, cooling_rate = 0.999
26 - INFO - chord#: 66 done. best_score=70.0, changed=608, unchanged=278, early_stops=8/8
26 - INFO - chord#: 68 In build_straw_man_chord_sa. tolerance = 1, sa_iterations = 1000, initial_temperature = 3.0, cooling_rate = 0.999
26 - INFO - chord#: 50 done. best_score=37.0, changed=529, unchanged=332, early_stops=8/8
26 - INFO - chord#: 52 In build_straw_man_chord_sa. tolerance = 1, sa_iterations = 1000, initial_temperature = 3.0, cooling_rate = 0.999
26 - INFO - chord#: 48 done. best_score=64.0, changed=612, unchanged=290, early_stops=8/8
26 - INFO - chord#: 50 In build_straw_man_chord_sa. tolerance = 1, sa_iterations = 1000, initial_temperature = 3.0, cooling_rate = 0.999
26 - INFO - chord#: 64 done. best_score=27.0, changed=522, unchanged=408, early_stops=8/8
26 - INFO - chord#: 66 In build_straw_man_chord_sa. tolerance = 1, sa_iterations = 1000, initial_temperature = 3.0, cooling_rate = 0.999
26 - INFO - chord#: 55 done. best_score=157.0, changed=610, unchanged=246, early_stops=8/8
26 - INFO - chord#: 56 In build_straw_man_chord_sa. tolerance = 1, sa_iterations = 1000, initial_temperature = 3.0, cooling_rate = 0.999
26 - INFO - chord#: 52 done. best_score=27.0, changed=518, unchanged=441, early_stops=8/8
26 - INFO - chord#: 54 In build_straw_man_chord_sa. tolerance = 1, sa_iterations = 1000, initial_temperature = 3.0, cooling_rate = 0.999
26 - INFO - chord#: 64 done. best_score=27.0, changed=515, unchanged=341, early_stops=8/8
26 - INFO - chord#: 66 In build_straw_man_chord_sa. tolerance = 1, sa_iterations = 1000, initial_temperature = 3.0, cooling_rate = 0.999
26 - INFO - chord#: 68 done. best_score=31.0, changed=529, unchanged=385, early_stops=8/8
26 - INFO - chord#: 70 In build_straw_man_chord_sa. tolerance = 1, sa_iterations = 1000, initial_temperature = 3.0, cooling_rate = 0.999
26 - INFO - chord#: 52 done. best_score=27.0, changed=526, unchanged=450, early_stops=8/8
26 - INFO - chord#: 54 In build_straw_man_chord_sa. tolerance = 1, sa_iterations = 1000, initial_temperature = 3.0, cooling_rate = 0.999
26 - INFO - chord#: 66 done. best_score=103.0, changed=614, unchanged=249, early_stops=8/8
26 - INFO - chord#: 68 In build_straw_man_chord_sa. tolerance = 1, sa_iterations = 1000, initial_temperature = 3.0, cooling_rate = 0.999
26 - INFO - chord#: 64 done. best_score=27.0, changed=526, unchanged=496, early_stops=8/8
26 - INFO - chord#: 66 In build_straw_man_chord_sa. tolerance = 1, sa_iterations = 1000, initial_temperature = 3.0, cooling_rate = 0.999
26 - INFO - chord#: 50 done. best_score=37.0, changed=521, unchanged=291, early_stops=8/8
26 - INFO - chord#: 52 In build_straw_man_chord_sa. tolerance = 1, sa_iterations = 1000, initial_temperature = 3.0, cooling_rate = 0.999
26 - INFO - chord#: 52 done. best_score=27.0, changed=514, unchanged=353, early_stops=8/8
26 - INFO - chord#: 54 In build_straw_man_chord_sa. tolerance = 1, sa_iterations = 1000, initial_temperature = 3.0, cooling_rate = 0.999
26 - INFO - chord#: 56 done. best_score=27.0, changed=523, unchanged=450, early_stops=8/8
26 - INFO - chord#: 64 In build_straw_man_chord_sa. tolerance = 1, sa_iterations = 1000, initial_temperature = 3.0, cooling_rate = 0.999
26 - INFO - chord#: 70 done. best_score=27.0, changed=519, unchanged=343, early_stops=8/8
26 - INFO - chord#: 72 In build_straw_man_chord_sa. tolerance = 1, sa_iterations = 1000, initial_temperature = 3.0, cooling_rate = 0.999
26 - INFO - chord#: 68 done. best_score=58.0, changed=526, unchanged=360, early_stops=8/8
26 - INFO - chord#: 70 In build_straw_man_chord_sa. tolerance = 1, sa_iterations = 1000, initial_temperature = 3.0, cooling_rate = 0.999
26 - INFO - chord#: 66 done. best_score=141.0, changed=612, unchanged=432, early_stops=8/8
26 - INFO - chord#: 68 In build_straw_man_chord_sa. tolerance = 1, sa_iterations = 1000, initial_temperature = 3.0, cooling_rate = 0.999
26 - INFO - chord#: 54 done. best_score=27.0, changed=523, unchanged=415, early_stops=8/8
26 - INFO - chord#: 55 In build_straw_man_chord_sa. tolerance = 1, sa_iterations = 1000, initial_temperature = 3.0, cooling_rate = 0.999
26 - INFO - chord#: 54 done. best_score=27.0, changed=528, unchanged=369, early_stops=8/8
26 - INFO - chord#: 55 In build_straw_man_chord_sa. tolerance = 1, sa_iterations = 1000, initial_temperature = 3.0, cooling_rate = 0.999
26 - INFO - chord#: 68 done. best_score=31.0, changed=523, unchanged=305, early_stops=8/8
26 - INFO - chord#: 70 In build_straw_man_chord_sa. tolerance = 1, sa_iterations = 1000, initial_temperature = 3.0, cooling_rate = 0.999
26 - INFO - chord#: 54 done. best_score=27.0, changed=516, unchanged=331, early_stops=8/8
26 - INFO - chord#: 55 In build_straw_man_chord_sa. tolerance = 1, sa_iterations = 1000, initial_temperature = 3.0, cooling_rate = 0.999
26 - INFO - chord#: 64 done. best_score=27.0, changed=522, unchanged=387, early_stops=8/8
26 - INFO - chord#: 66 In build_straw_man_chord_sa. tolerance = 1, sa_iterations = 1000, initial_temperature = 3.0, cooling_rate = 0.999
26 - INFO - chord#: 70 done. best_score=61.0, changed=532, unchanged=433, early_stops=8/8
26 - INFO - chord#: 72 In build_straw_man_chord_sa. tolerance = 1, sa_iterations = 1000, initial_temperature = 3.0, cooling_rate = 0.999
26 - INFO - chord#: 66 done. best_score=104.0, changed=607, unchanged=253, early_stops=8/8
26 - INFO - chord#: 68 In build_straw_man_chord_sa. tolerance = 1, sa_iterations = 1000, initial_temperature = 3.0, cooling_rate = 0.999
26 - INFO - chord#: 52 done. best_score=27.0, changed=518, unchanged=468, early_stops=8/8
26 - INFO - chord#: 54 In build_straw_man_chord_sa. tolerance = 1, sa_iterations = 1000, initial_temperature = 3.0, cooling_rate = 0.999
26 - INFO - chord#: 66 done. best_score=70.0, changed=612, unchanged=342, early_stops=8/8
26 - INFO - chord#: 68 In build_straw_man_chord_sa. tolerance = 1, sa_iterations = 1000, initial_temperature = 3.0, cooling_rate = 0.999
26 - INFO - chord#: 55 done. best_score=96.0, changed=610, unchanged=426, early_stops=8/8
26 - INFO - chord#: 56 In build_straw_man_chord_sa. tolerance = 1, sa_iterations = 1000, initial_temperature = 3.0, cooling_rate = 0.999
26 - INFO - chord#: 72 done. best_score=36.0, changed=525, unchanged=450, early_stops=8/8
26 - INFO - chord#: 74 In build_straw_man_chord_sa. tolerance = 1, sa_iterations = 1000, initial_temperature = 3.0, cooling_rate = 0.999
26 - INFO - chord#: 70 done. best_score=27.0, changed=521, unchanged=446, early_stops=8/8
26 - INFO - chord#: 72 In build_straw_man_chord_sa. tolerance = 1, sa_iterations = 1000, initial_temperature = 3.0, cooling_rate = 0.999
26 - INFO - chord#: 68 done. best_score=31.0, changed=525, unchanged=297, early_stops=8/8
26 - INFO - chord#: 70 In build_straw_man_chord_sa. tolerance = 1, sa_iterations = 1000, initial_temperature = 3.0, cooling_rate = 0.999
26 - INFO - chord#: 68 done. best_score=31.0, changed=526, unchanged=335, early_stops=8/8
26 - INFO - chord#: 70 In build_straw_man_chord_sa. tolerance = 1, sa_iterations = 1000, initial_temperature = 3.0, cooling_rate = 0.999
26 - INFO - chord#: 66 done. best_score=103.0, changed=610, unchanged=242, early_stops=8/8
26 - INFO - chord#: 68 In build_straw_man_chord_sa. tolerance = 1, sa_iterations = 1000, initial_temperature = 3.0, cooling_rate = 0.999
26 - INFO - chord#: 54 done. best_score=27.0, changed=522, unchanged=344, early_stops=8/8
26 - INFO - chord#: 55 In build_straw_man_chord_sa. tolerance = 1, sa_iterations = 1000, initial_temperature = 3.0, cooling_rate = 0.999
26 - INFO - chord#: 72 done. best_score=36.0, changed=519, unchanged=423, early_stops=8/8
26 - INFO - chord#: 74 In build_straw_man_chord_sa. tolerance = 1, sa_iterations = 1000, initial_temperature = 3.0, cooling_rate = 0.999
26 - INFO - chord#: 56 done. best_score=27.0, changed=533, unchanged=393, early_stops=8/8
26 - INFO - chord#: 64 In build_straw_man_chord_sa. tolerance = 1, sa_iterations = 1000, initial_temperature = 3.0, cooling_rate = 0.999
26 - INFO - chord#: 70 done. best_score=27.0, changed=523, unchanged=396, early_stops=8/8
26 - INFO - chord#: 72 In build_straw_man_chord_sa. tolerance = 1, sa_iterations = 1000, initial_temperature = 3.0, cooling_rate = 0.999
26 - INFO - chord#: 70 done. best_score=27.0, changed=519, unchanged=400, early_stops=8/8
26 - INFO - chord#: 72 In build_straw_man_chord_sa. tolerance = 1, sa_iterations = 1000, initial_temperature = 3.0, cooling_rate = 0.999
26 - INFO - chord#: 72 done. best_score=36.0, changed=522, unchanged=385, early_stops=8/8
26 - INFO - chord#: 74 In build_straw_man_chord_sa. tolerance = 1, sa_iterations = 1000, initial_temperature = 3.0, cooling_rate = 0.999
26 - INFO - chord#: 68 done. best_score=58.0, changed=529, unchanged=362, early_stops=8/8
26 - INFO - chord#: 70 In build_straw_man_chord_sa. tolerance = 1, sa_iterations = 1000, initial_temperature = 3.0, cooling_rate = 0.999
26 - INFO - chord#: 55 done. best_score=67.0, changed=611, unchanged=370, early_stops=8/8
26 - INFO - chord#: 56 In build_straw_man_chord_sa. tolerance = 1, sa_iterations = 1000, initial_temperature = 3.0, cooling_rate = 0.999
26 - INFO - chord#: 66 done. best_score=70.0, changed=608, unchanged=362, early_stops=8/8
26 - INFO - chord#: 68 In build_straw_man_chord_sa. tolerance = 1, sa_iterations = 1000, initial_temperature = 3.0, cooling_rate = 0.999
26 - INFO - chord#: 55 done. best_score=67.0, changed=613, unchanged=273, early_stops=8/8
26 - INFO - chord#: 56 In build_straw_man_chord_sa. tolerance = 1, sa_iterations = 1000, initial_temperature = 3.0, cooling_rate = 0.999
26 - INFO - chord#: 72 done. best_score=36.0, changed=516, unchanged=343, early_stops=8/8
26 - INFO - chord#: 74 In build_straw_man_chord_sa. tolerance = 1, sa_iterations = 1000, initial_temperature = 3.0, cooling_rate = 0.999
26 - INFO - chord#: 64 done. best_score=27.0, changed=523, unchanged=389, early_stops=8/8
26 - INFO - chord#: 66 In build_straw_man_chord_sa. tolerance = 1, sa_iterations = 1000, initial_temperature = 3.0, cooling_rate = 0.999
26 - INFO - chord#: 55 done. best_score=96.0, changed=611, unchanged=460, early_stops=8/8
26 - INFO - chord#: 56 In build_straw_man_chord_sa. tolerance = 1, sa_iterations = 1000, initial_temperature = 3.0, cooling_rate = 0.999
26 - INFO - chord#: 72 done. best_score=36.0, changed=527, unchanged=400, early_stops=8/8
26 - INFO - chord#: 74 In build_straw_man_chord_sa. tolerance = 1, sa_iterations = 1000, initial_temperature = 3.0, cooling_rate = 0.999
26 - INFO - chord#: 68 done. best_score=31.0, changed=528, unchanged=341, early_stops=8/8
26 - INFO - chord#: 70 In build_straw_man_chord_sa. tolerance = 1, sa_iterations = 1000, initial_temperature = 3.0, cooling_rate = 0.999
26 - INFO - chord#: 70 done. best_score=88.0, changed=541, unchanged=381, early_stops=8/8
26 - INFO - chord#: 72 In build_straw_man_chord_sa. tolerance = 1, sa_iterations = 1000, initial_temperature = 3.0, cooling_rate = 0.999
26 - INFO - chord#: 74 done. best_score=104.0, changed=611, unchanged=452, early_stops=8/8
26 - INFO - chord#: 75 In build_straw_man_chord_sa. tolerance = 1, sa_iterations = 1000, initial_temperature = 3.0, cooling_rate = 0.999
26 - INFO - chord#: 56 done. best_score=27.0, changed=520, unchanged=396, early_stops=8/8
26 - INFO - chord#: 64 In build_straw_man_chord_sa. tolerance = 1, sa_iterations = 1000, initial_temperature = 3.0, cooling_rate = 0.999
26 - INFO - chord#: 74 done. best_score=104.0, changed=611, unchanged=289, early_stops=8/8
26 - INFO - chord#: 75 In build_straw_man_chord_sa. tolerance = 1, sa_iterations = 1000, initial_temperature = 3.0, cooling_rate = 0.999
26 - INFO - chord#: 56 done. best_score=27.0, changed=528, unchanged=455, early_stops=8/8
26 - INFO - chord#: 64 In build_straw_man_chord_sa. tolerance = 1, sa_iterations = 1000, initial_temperature = 3.0, cooling_rate = 0.999
26 - INFO - chord#: 55 done. best_score=137.0, changed=610, unchanged=335, early_stops=8/8
26 - INFO - chord#: 56 In build_straw_man_chord_sa. tolerance = 1, sa_iterations = 1000, initial_temperature = 3.0, cooling_rate = 0.999
26 - INFO - chord#: 70 done. best_score=27.0, changed=518, unchanged=397, early_stops=8/8
26 - INFO - chord#: 72 In build_straw_man_chord_sa. tolerance = 1, sa_iterations = 1000, initial_temperature = 3.0, cooling_rate = 0.999
26 - INFO - chord#: 56 done. best_score=27.0, changed=527, unchanged=478, early_stops=8/8
26 - INFO - chord#: 64 In build_straw_man_chord_sa. tolerance = 1, sa_iterations = 1000, initial_temperature = 3.0, cooling_rate = 0.999
26 - INFO - chord#: 75 done. best_score=27.0, changed=529, unchanged=385, early_stops=8/8
26 - INFO - chord#: 76 In build_straw_man_chord_sa. tolerance = 1, sa_iterations = 1000, initial_temperature = 3.0, cooling_rate = 0.999
26 - INFO - chord#: 75 done. best_score=27.0, changed=515, unchanged=348, early_stops=8/8
26 - INFO - chord#: 76 In build_straw_man_chord_sa. tolerance = 1, sa_iterations = 1000, initial_temperature = 3.0, cooling_rate = 0.999
26 - INFO - chord#: 74 done. best_score=143.0, changed=615, unchanged=309, early_stops=8/8
26 - INFO - chord#: 75 In build_straw_man_chord_sa. tolerance = 1, sa_iterations = 1000, initial_temperature = 3.0, cooling_rate = 0.999
26 - INFO - chord#: 72 done. best_score=47.0, changed=516, unchanged=454, early_stops=8/8
26 - INFO - chord#: 74 In build_straw_man_chord_sa. tolerance = 1, sa_iterations = 1000, initial_temperature = 3.0, cooling_rate = 0.999
26 - INFO - chord#: 64 done. best_score=27.0, changed=523, unchanged=374, early_stops=8/8
26 - INFO - chord#: 66 In build_straw_man_chord_sa. tolerance = 1, sa_iterations = 1000, initial_temperature = 3.0, cooling_rate = 0.999
26 - INFO - chord#: 64 done. best_score=27.0, changed=521, unchanged=400, early_stops=8/8
26 - INFO - chord#: 66 In build_straw_man_chord_sa. tolerance = 1, sa_iterations = 1000, initial_temperature = 3.0, cooling_rate = 0.999
26 - INFO - chord#: 66 done. best_score=141.0, changed=609, unchanged=207, early_stops=8/8
26 - INFO - chord#: 68 In build_straw_man_chord_sa. tolerance = 1, sa_iterations = 1000, initial_temperature = 3.0, cooling_rate = 0.999
26 - INFO - chord#: 56 done. best_score=27.0, changed=526, unchanged=439, early_stops=8/8
26 - INFO - chord#: 64 In build_straw_man_chord_sa. tolerance = 1, sa_iterations = 1000, initial_temperature = 3.0, cooling_rate = 0.999
26 - INFO - chord#: 72 done. best_score=36.0, changed=527, unchanged=457, early_stops=8/8
26 - INFO - chord#: 74 In build_straw_man_chord_sa. tolerance = 1, sa_iterations = 1000, initial_temperature = 3.0, cooling_rate = 0.999
26 - INFO - chord#: 76 done. best_score=27.0, changed=525, unchanged=445, early_stops=8/8
26 - INFO - chord#: 78 In build_straw_man_chord_sa. tolerance = 1, sa_iterations = 1000, initial_temperature = 3.0, cooling_rate = 0.999
26 - INFO - chord#: 76 done. best_score=27.0, changed=522, unchanged=308, early_stops=8/8
26 - INFO - chord#: 78 In build_straw_man_chord_sa. tolerance = 1, sa_iterations = 1000, initial_temperature = 3.0, cooling_rate = 0.999
26 - INFO - chord#: 75 done. best_score=27.0, changed=525, unchanged=321, early_stops=8/8
26 - INFO - chord#: 76 In build_straw_man_chord_sa. tolerance = 1, sa_iterations = 1000, initial_temperature = 3.0, cooling_rate = 0.999
26 - INFO - chord#: 74 done. best_score=104.0, changed=613, unchanged=398, early_stops=8/8
26 - INFO - chord#: 75 In build_straw_man_chord_sa. tolerance = 1, sa_iterations = 1000, initial_temperature = 3.0, cooling_rate = 0.999
26 - INFO - chord#: 64 done. best_score=27.0, changed=519, unchanged=416, early_stops=8/8
26 - INFO - chord#: 66 In build_straw_man_chord_sa. tolerance = 1, sa_iterations = 1000, initial_temperature = 3.0, cooling_rate = 0.999
26 - INFO - chord#: 74 done. best_score=141.0, changed=614, unchanged=416, early_stops=8/8
26 - INFO - chord#: 75 In build_straw_man_chord_sa. tolerance = 1, sa_iterations = 1000, initial_temperature = 3.0, cooling_rate = 0.999
26 - INFO - chord#: 68 done. best_score=31.0, changed=531, unchanged=330, early_stops=8/8
26 - INFO - chord#: 70 In build_straw_man_chord_sa. tolerance = 1, sa_iterations = 1000, initial_temperature = 3.0, cooling_rate = 0.999
26 - INFO - chord#: 75 done. best_score=27.0, changed=535, unchanged=383, early_stops=8/8
26 - INFO - chord#: 76 In build_straw_man_chord_sa. tolerance = 1, sa_iterations = 1000, initial_temperature = 3.0, cooling_rate = 0.999
26 - INFO - chord#: 78 done. best_score=27.0, changed=523, unchanged=322, early_stops=8/8
26 - INFO - chord#: 79 In build_straw_man_chord_sa. tolerance = 1, sa_iterations = 1000, initial_temperature = 3.0, cooling_rate = 0.999
26 - INFO - chord#: 78 done. best_score=27.0, changed=517, unchanged=322, early_stops=8/8
26 - INFO - chord#: 79 In build_straw_man_chord_sa. tolerance = 1, sa_iterations = 1000, initial_temperature = 3.0, cooling_rate = 0.999
26 - INFO - chord#: 76 done. best_score=27.0, changed=521, unchanged=361, early_stops=8/8
26 - INFO - chord#: 78 In build_straw_man_chord_sa. tolerance = 1, sa_iterations = 1000, initial_temperature = 3.0, cooling_rate = 0.999
26 - INFO - chord#: 64 done. best_score=27.0, changed=516, unchanged=438, early_stops=8/8
26 - INFO - chord#: 66 In build_straw_man_chord_sa. tolerance = 1, sa_iterations = 1000, initial_temperature = 3.0, cooling_rate = 0.999
26 - INFO - chord#: 75 done. best_score=27.0, changed=529, unchanged=322, early_stops=8/8
26 - INFO - chord#: 76 In build_straw_man_chord_sa. tolerance = 1, sa_iterations = 1000, initial_temperature = 3.0, cooling_rate = 0.999
26 - INFO - chord#: 78 done. best_score=27.0, changed=522, unchanged=339, early_stops=8/8
26 - INFO - chord#: 79 In build_straw_man_chord_sa. tolerance = 1, sa_iterations = 1000, initial_temperature = 3.0, cooling_rate = 0.999
26 - INFO - chord#: 70 done. best_score=27.0, changed=521, unchanged=369, early_stops=8/8
26 - INFO - chord#: 72 In build_straw_man_chord_sa. tolerance = 1, sa_iterations = 1000, initial_temperature = 3.0, cooling_rate = 0.999
26 - INFO - chord#: 76 done. best_score=27.0, changed=529, unchanged=337, early_stops=8/8
26 - INFO - chord#: 78 In build_straw_man_chord_sa. tolerance = 1, sa_iterations = 1000, initial_temperature = 3.0, cooling_rate = 0.999
26 - INFO - chord#: 79 done. best_score=27.0, changed=521, unchanged=480, early_stops=8/8
26 - INFO - chord#: 80 In build_straw_man_chord_sa. tolerance = 1, sa_iterations = 1000, initial_temperature = 3.0, cooling_rate = 0.999
26 - INFO - chord#: 79 done. best_score=27.0, changed=524, unchanged=541, early_stops=8/8
26 - INFO - chord#: 80 In build_straw_man_chord_sa. tolerance = 1, sa_iterations = 1000, initial_temperature = 3.0, cooling_rate = 0.999
26 - INFO - chord#: 76 done. best_score=27.0, changed=518, unchanged=414, early_stops=8/8
26 - INFO - chord#: 78 In build_straw_man_chord_sa. tolerance = 1, sa_iterations = 1000, initial_temperature = 3.0, cooling_rate = 0.999
26 - INFO - chord#: 66 done. best_score=70.0, changed=615, unchanged=332, early_stops=8/8
26 - INFO - chord#: 68 In build_straw_man_chord_sa. tolerance = 1, sa_iterations = 1000, initial_temperature = 3.0, cooling_rate = 0.999
26 - INFO - chord#: 74 done. best_score=168.0, changed=615, unchanged=449, early_stops=8/8
26 - INFO - chord#: 75 In build_straw_man_chord_sa. tolerance = 1, sa_iterations = 1000, initial_temperature = 3.0, cooling_rate = 0.999
26 - INFO - chord#: 66 done. best_score=149.0, changed=611, unchanged=290, early_stops=8/8
26 - INFO - chord#: 68 In build_straw_man_chord_sa. tolerance = 1, sa_iterations = 1000, initial_temperature = 3.0, cooling_rate = 0.999
26 - INFO - chord#: 78 done. best_score=27.0, changed=519, unchanged=391, early_stops=8/8
26 - INFO - chord#: 79 In build_straw_man_chord_sa. tolerance = 1, sa_iterations = 1000, initial_temperature = 3.0, cooling_rate = 0.999
26 - INFO - chord#: 79 done. best_score=27.0, changed=522, unchanged=425, early_stops=8/8
26 - INFO - chord#: 80 In build_straw_man_chord_sa. tolerance = 1, sa_iterations = 1000, initial_temperature = 3.0, cooling_rate = 0.999
26 - INFO - chord#: 74 done. best_score=104.0, changed=611, unchanged=355, early_stops=8/8
26 - INFO - chord#: 75 In build_straw_man_chord_sa. tolerance = 1, sa_iterations = 1000, initial_temperature = 3.0, cooling_rate = 0.999
26 - INFO - chord#: 66 done. best_score=156.0, changed=611, unchanged=246, early_stops=8/8
26 - INFO - chord#: 68 In build_straw_man_chord_sa. tolerance = 1, sa_iterations = 1000, initial_temperature = 3.0, cooling_rate = 0.999
26 - INFO - chord#: 78 done. best_score=27.0, changed=526, unchanged=414, early_stops=8/8
26 - INFO - chord#: 79 In build_straw_man_chord_sa. tolerance = 1, sa_iterations = 1000, initial_temperature = 3.0, cooling_rate = 0.999
26 - INFO - chord#: 75 done. best_score=27.0, changed=527, unchanged=361, early_stops=8/8
26 - INFO - chord#: 76 In build_straw_man_chord_sa. tolerance = 1, sa_iterations = 1000, initial_temperature = 3.0, cooling_rate = 0.999
26 - INFO - chord#: 72 done. best_score=47.0, changed=522, unchanged=362, early_stops=8/8
26 - INFO - chord#: 74 In build_straw_man_chord_sa. tolerance = 1, sa_iterations = 1000, initial_temperature = 3.0, cooling_rate = 0.999
26 - INFO - chord#: 68 done. best_score=31.0, changed=521, unchanged=327, early_stops=8/8
26 - INFO - chord#: 70 In build_straw_man_chord_sa. tolerance = 1, sa_iterations = 1000, initial_temperature = 3.0, cooling_rate = 0.999
26 - INFO - chord#: 68 done. best_score=31.0, changed=521, unchanged=337, early_stops=8/8
26 - INFO - chord#: 70 In build_straw_man_chord_sa. tolerance = 1, sa_iterations = 1000, initial_temperature = 3.0, cooling_rate = 0.999
26 - INFO - chord#: 79 done. best_score=27.0, changed=524, unchanged=356, early_stops=8/8
26 - INFO - chord#: 80 In build_straw_man_chord_sa. tolerance = 1, sa_iterations = 1000, initial_temperature = 3.0, cooling_rate = 0.999
26 - INFO - chord#: 68 done. best_score=31.0, changed=520, unchanged=324, early_stops=8/8
26 - INFO - chord#: 70 In build_straw_man_chord_sa. tolerance = 1, sa_iterations = 1000, initial_temperature = 3.0, cooling_rate = 0.999
26 - INFO - chord#: 66 done. best_score=149.0, changed=612, unchanged=379, early_stops=8/8
26 - INFO - chord#: 68 In build_straw_man_chord_sa. tolerance = 1, sa_iterations = 1000, initial_temperature = 3.0, cooling_rate = 0.999
26 - INFO - chord#: 75 done. best_score=27.0, changed=528, unchanged=374, early_stops=8/8
26 - INFO - chord#: 76 In build_straw_man_chord_sa. tolerance = 1, sa_iterations = 1000, initial_temperature = 3.0, cooling_rate = 0.999
26 - INFO - chord#: 79 done. best_score=27.0, changed=509, unchanged=316, early_stops=8/8
26 - INFO - chord#: 80 In build_straw_man_chord_sa. tolerance = 1, sa_iterations = 1000, initial_temperature = 3.0, cooling_rate = 0.999
26 - INFO - chord#: 76 done. best_score=27.0, changed=516, unchanged=321, early_stops=8/8
26 - INFO - chord#: 78 In build_straw_man_chord_sa. tolerance = 1, sa_iterations = 1000, initial_temperature = 3.0, cooling_rate = 0.999
26 - INFO - chord#: 70 done. best_score=27.0, changed=525, unchanged=334, early_stops=8/8
26 - INFO - chord#: 72 In build_straw_man_chord_sa. tolerance = 1, sa_iterations = 1000, initial_temperature = 3.0, cooling_rate = 0.999
26 - INFO - chord#: 80 done. best_score=67.0, changed=611, unchanged=333, early_stops=8/8
26 - INFO - chord#: 82 In build_straw_man_chord_sa. tolerance = 1, sa_iterations = 1000, initial_temperature = 3.0, cooling_rate = 0.999
26 - INFO - chord#: 70 done. best_score=27.0, changed=521, unchanged=409, early_stops=8/8
26 - INFO - chord#: 72 In build_straw_man_chord_sa. tolerance = 1, sa_iterations = 1000, initial_temperature = 3.0, cooling_rate = 0.999
26 - INFO - chord#: 80 done. best_score=67.0, changed=611, unchanged=389, early_stops=8/8
26 - INFO - chord#: 82 In build_straw_man_chord_sa. tolerance = 1, sa_iterations = 1000, initial_temperature = 3.0, cooling_rate = 0.999
26 - INFO - chord#: 80 done. best_score=158.0, changed=613, unchanged=246, early_stops=8/8
26 - INFO - chord#: 82 In build_straw_man_chord_sa. tolerance = 1, sa_iterations = 1000, initial_temperature = 3.0, cooling_rate = 0.999
26 - INFO - chord#: 70 done. best_score=27.0, changed=517, unchanged=347, early_stops=8/8
26 - INFO - chord#: 72 In build_straw_man_chord_sa. tolerance = 1, sa_iterations = 1000, initial_temperature = 3.0, cooling_rate = 0.999
26 - INFO - chord#: 68 done. best_score=31.0, changed=524, unchanged=318, early_stops=8/8
26 - INFO - chord#: 70 In build_straw_man_chord_sa. tolerance = 1, sa_iterations = 1000, initial_temperature = 3.0, cooling_rate = 0.999
26 - INFO - chord#: 78 done. best_score=27.0, changed=516, unchanged=416, early_stops=8/8
26 - INFO - chord#: 79 In build_straw_man_chord_sa. tolerance = 1, sa_iterations = 1000, initial_temperature = 3.0, cooling_rate = 0.999
26 - INFO - chord#: 82 done. best_score=35.0, changed=537, unchanged=302, early_stops=8/8
26 - INFO - chord#: 84 In build_straw_man_chord_sa. tolerance = 1, sa_iterations = 1000, initial_temperature = 3.0, cooling_rate = 0.999
26 - INFO - chord#: 76 done. best_score=27.0, changed=518, unchanged=437, early_stops=8/8
26 - INFO - chord#: 78 In build_straw_man_chord_sa. tolerance = 1, sa_iterations = 1000, initial_temperature = 3.0, cooling_rate = 0.999
26 - INFO - chord#: 82 done. best_score=35.0, changed=534, unchanged=423, early_stops=8/8
26 - INFO - chord#: 84 In build_straw_man_chord_sa. tolerance = 1, sa_iterations = 1000, initial_temperature = 3.0, cooling_rate = 0.999
26 - INFO - chord#: 82 done. best_score=37.0, changed=528, unchanged=323, early_stops=8/8
26 - INFO - chord#: 84 In build_straw_man_chord_sa. tolerance = 1, sa_iterations = 1000, initial_temperature = 3.0, cooling_rate = 0.999
26 - INFO - chord#: 72 done. best_score=36.0, changed=515, unchanged=348, early_stops=8/8
26 - INFO - chord#: 74 In build_straw_man_chord_sa. tolerance = 1, sa_iterations = 1000, initial_temperature = 3.0, cooling_rate = 0.999
26 - INFO - chord#: 74 done. best_score=124.0, changed=607, unchanged=228, early_stops=8/8
26 - INFO - chord#: 75 In build_straw_man_chord_sa. tolerance = 1, sa_iterations = 1000, initial_temperature = 3.0, cooling_rate = 0.999
26 - INFO - chord#: 72 done. best_score=47.0, changed=518, unchanged=324, early_stops=8/8
26 - INFO - chord#: 74 In build_straw_man_chord_sa. tolerance = 1, sa_iterations = 1000, initial_temperature = 3.0, cooling_rate = 0.999
26 - INFO - chord#: 79 done. best_score=27.0, changed=526, unchanged=358, early_stops=8/8
26 - INFO - chord#: 80 In build_straw_man_chord_sa. tolerance = 1, sa_iterations = 1000, initial_temperature = 3.0, cooling_rate = 0.999
26 - INFO - chord#: 70 done. best_score=27.0, changed=525, unchanged=378, early_stops=8/8
26 - INFO - chord#: 72 In build_straw_man_chord_sa. tolerance = 1, sa_iterations = 1000, initial_temperature = 3.0, cooling_rate = 0.999
26 - INFO - chord#: 80 done. best_score=78.0, changed=610, unchanged=294, early_stops=8/8
26 - INFO - chord#: 82 In build_straw_man_chord_sa. tolerance = 1, sa_iterations = 1000, initial_temperature = 3.0, cooling_rate = 0.999
26 - INFO - chord#: 72 done. best_score=36.0, changed=523, unchanged=388, early_stops=8/8
26 - INFO - chord#: 74 In build_straw_man_chord_sa. tolerance = 1, sa_iterations = 1000, initial_temperature = 3.0, cooling_rate = 0.999
26 - INFO - chord#: 84 done. best_score=27.0, changed=515, unchanged=433, early_stops=8/8
26 - INFO - chord#: 86 In build_straw_man_chord_sa. tolerance = 1, sa_iterations = 1000, initial_temperature = 3.0, cooling_rate = 0.999
26 - INFO - chord#: 84 done. best_score=27.0, changed=518, unchanged=330, early_stops=8/8
26 - INFO - chord#: 86 In build_straw_man_chord_sa. tolerance = 1, sa_iterations = 1000, initial_temperature = 3.0, cooling_rate = 0.999
26 - INFO - chord#: 80 done. best_score=67.0, changed=616, unchanged=465, early_stops=8/8
26 - INFO - chord#: 82 In build_straw_man_chord_sa. tolerance = 1, sa_iterations = 1000, initial_temperature = 3.0, cooling_rate = 0.999
26 - INFO - chord#: 78 done. best_score=27.0, changed=530, unchanged=505, early_stops=8/8
26 - INFO - chord#: 79 In build_straw_man_chord_sa. tolerance = 1, sa_iterations = 1000, initial_temperature = 3.0, cooling_rate = 0.999
26 - INFO - chord#: 75 done. best_score=27.0, changed=533, unchanged=387, early_stops=8/8
26 - INFO - chord#: 76 In build_straw_man_chord_sa. tolerance = 1, sa_iterations = 1000, initial_temperature = 3.0, cooling_rate = 0.999
26 - INFO - chord#: 84 done. best_score=27.0, changed=529, unchanged=536, early_stops=8/8
26 - INFO - chord#: 86 In build_straw_man_chord_sa. tolerance = 1, sa_iterations = 1000, initial_temperature = 3.0, cooling_rate = 0.999
26 - INFO - chord#: 86 done. best_score=27.0, changed=521, unchanged=304, early_stops=8/8
26 - INFO - chord#: 87 In build_straw_man_chord_sa. tolerance = 1, sa_iterations = 1000, initial_temperature = 3.0, cooling_rate = 0.999
26 - INFO - chord#: 86 done. best_score=27.0, changed=518, unchanged=325, early_stops=8/8
26 - INFO - chord#: 87 In build_straw_man_chord_sa. tolerance = 1, sa_iterations = 1000, initial_temperature = 3.0, cooling_rate = 0.999
26 - INFO - chord#: 82 done. best_score=37.0, changed=524, unchanged=381, early_stops=8/8
26 - INFO - chord#: 84 In build_straw_man_chord_sa. tolerance = 1, sa_iterations = 1000, initial_temperature = 3.0, cooling_rate = 0.999
26 - INFO - chord#: 82 done. best_score=35.0, changed=528, unchanged=325, early_stops=8/8
26 - INFO - chord#: 84 In build_straw_man_chord_sa. tolerance = 1, sa_iterations = 1000, initial_temperature = 3.0, cooling_rate = 0.999
26 - INFO - chord#: 72 done. best_score=36.0, changed=515, unchanged=349, early_stops=8/8
26 - INFO - chord#: 74 In build_straw_man_chord_sa. tolerance = 1, sa_iterations = 1000, initial_temperature = 3.0, cooling_rate = 0.999
26 - INFO - chord#: 86 done. best_score=27.0, changed=520, unchanged=324, early_stops=8/8
26 - INFO - chord#: 87 In build_straw_man_chord_sa. tolerance = 1, sa_iterations = 1000, initial_temperature = 3.0, cooling_rate = 0.999
26 - INFO - chord#: 76 done. best_score=27.0, changed=512, unchanged=333, early_stops=8/8
26 - INFO - chord#: 78 In build_straw_man_chord_sa. tolerance = 1, sa_iterations = 1000, initial_temperature = 3.0, cooling_rate = 0.999
26 - INFO - chord#: 79 done. best_score=27.0, changed=529, unchanged=546, early_stops=8/8
26 - INFO - chord#: 80 In build_straw_man_chord_sa. tolerance = 1, sa_iterations = 1000, initial_temperature = 3.0, cooling_rate = 0.999
26 - INFO - chord#: 80 done. best_score=78.0, changed=610, unchanged=294, early_stops=8/8
26 - INFO - chord#: 82 In build_straw_man_chord_sa. tolerance = 1, sa_iterations = 1000, initial_temperature = 3.0, cooling_rate = 0.999
26 - INFO - chord#: 84 done. best_score=27.0, changed=520, unchanged=459, early_stops=8/8
26 - INFO - chord#: 86 In build_straw_man_chord_sa. tolerance = 1, sa_iterations = 1000, initial_temperature = 3.0, cooling_rate = 0.999
26 - INFO - chord#: 74 done. best_score=143.0, changed=611, unchanged=246, early_stops=8/8
26 - INFO - chord#: 75 In build_straw_man_chord_sa. tolerance = 1, sa_iterations = 1000, initial_temperature = 3.0, cooling_rate = 0.999
26 - INFO - chord#: 74 done. best_score=124.0, changed=609, unchanged=292, early_stops=8/8
26 - INFO - chord#: 75 In build_straw_man_chord_sa. tolerance = 1, sa_iterations = 1000, initial_temperature = 3.0, cooling_rate = 0.999
26 - INFO - chord#: 84 done. best_score=27.0, changed=523, unchanged=516, early_stops=8/8
26 - INFO - chord#: 86 In build_straw_man_chord_sa. tolerance = 1, sa_iterations = 1000, initial_temperature = 3.0, cooling_rate = 0.999
26 - INFO - chord#: 87 done. best_score=67.0, changed=604, unchanged=200, early_stops=8/8
26 - INFO - chord#: 74 done. best_score=125.0, changed=607, unchanged=224, early_stops=8/8
26 - INFO - chord#: 88 In build_straw_man_chord_sa. tolerance = 1, sa_iterations = 1000, initial_temperature = 3.0, cooling_rate = 0.999
26 - INFO - chord#: 75 In build_straw_man_chord_sa. tolerance = 1, sa_iterations = 1000, initial_temperature = 3.0, cooling_rate = 0.999
26 - INFO - chord#: 87 done. best_score=145.0, changed=609, unchanged=214, early_stops=8/8
26 - INFO - chord#: 88 In build_straw_man_chord_sa. tolerance = 1, sa_iterations = 1000, initial_temperature = 3.0, cooling_rate = 0.999
26 - INFO - chord#: 78 done. best_score=27.0, changed=517, unchanged=377, early_stops=8/8
26 - INFO - chord#: 79 In build_straw_man_chord_sa. tolerance = 1, sa_iterations = 1000, initial_temperature = 3.0, cooling_rate = 0.999
26 - INFO - chord#: 86 done. best_score=27.0, changed=520, unchanged=360, early_stops=8/8
26 - INFO - chord#: 87 In build_straw_man_chord_sa. tolerance = 1, sa_iterations = 1000, initial_temperature = 3.0, cooling_rate = 0.999
26 - INFO - chord#: 82 done. best_score=35.0, changed=536, unchanged=389, early_stops=8/8
26 - INFO - chord#: 84 In build_straw_man_chord_sa. tolerance = 1, sa_iterations = 1000, initial_temperature = 3.0, cooling_rate = 0.999
26 - INFO - chord#: 75 done. best_score=27.0, changed=537, unchanged=368, early_stops=8/8
26 - INFO - chord#: 76 In build_straw_man_chord_sa. tolerance = 1, sa_iterations = 1000, initial_temperature = 3.0, cooling_rate = 0.999
26 - INFO - chord#: 86 done. best_score=27.0, changed=516, unchanged=401, early_stops=8/8
26 - INFO - chord#: 87 In build_straw_man_chord_sa. tolerance = 1, sa_iterations = 1000, initial_temperature = 3.0, cooling_rate = 0.999
26 - INFO - chord#: 75 done. best_score=27.0, changed=541, unchanged=377, early_stops=8/8
26 - INFO - chord#: 76 In build_straw_man_chord_sa. tolerance = 1, sa_iterations = 1000, initial_temperature = 3.0, cooling_rate = 0.999
26 - INFO - chord#: 88 done. best_score=27.0, changed=523, unchanged=335, early_stops=8/8
26 - INFO - chord#: 96 In build_straw_man_chord_sa. tolerance = 1, sa_iterations = 1000, initial_temperature = 3.0, cooling_rate = 0.999
26 - INFO - chord#: 87 done. best_score=137.0, changed=614, unchanged=269, early_stops=8/8
26 - INFO - chord#: 88 In build_straw_man_chord_sa. tolerance = 1, sa_iterations = 1000, initial_temperature = 3.0, cooling_rate = 0.999
26 - INFO - chord#: 75 done. best_score=57.0, changed=523, unchanged=318, early_stops=8/8
26 - INFO - chord#: 76 In build_straw_man_chord_sa. tolerance = 1, sa_iterations = 1000, initial_temperature = 3.0, cooling_rate = 0.999
26 - INFO - chord#: 88 done. best_score=27.0, changed=534, unchanged=452, early_stops=8/8
26 - INFO - chord#: 96 In build_straw_man_chord_sa. tolerance = 1, sa_iterations = 1000, initial_temperature = 3.0, cooling_rate = 0.999
26 - INFO - chord#: 79 done. best_score=27.0, changed=520, unchanged=346, early_stops=8/8
26 - INFO - chord#: 80 In build_straw_man_chord_sa. tolerance = 1, sa_iterations = 1000, initial_temperature = 3.0, cooling_rate = 0.999
26 - INFO - chord#: 84 done. best_score=27.0, changed=527, unchanged=477, early_stops=8/8
26 - INFO - chord#: 86 In build_straw_man_chord_sa. tolerance = 1, sa_iterations = 1000, initial_temperature = 3.0, cooling_rate = 0.999
26 - INFO - chord#: 88 done. best_score=27.0, changed=523, unchanged=393, early_stops=8/8
26 - INFO - chord#: 96 In build_straw_man_chord_sa. tolerance = 1, sa_iterations = 1000, initial_temperature = 3.0, cooling_rate = 0.999
26 - INFO - chord#: 96 done. best_score=27.0, changed=532, unchanged=477, early_stops=8/8
26 - INFO - chord#: 98 In build_straw_man_chord_sa. tolerance = 1, sa_iterations = 1000, initial_temperature = 3.0, cooling_rate = 0.999
26 - INFO - chord#: 76 done. best_score=27.0, changed=522, unchanged=443, early_stops=8/8
26 - INFO - chord#: 78 In build_straw_man_chord_sa. tolerance = 1, sa_iterations = 1000, initial_temperature = 3.0, cooling_rate = 0.999
26 - INFO - chord#: 76 done. best_score=27.0, changed=516, unchanged=358, early_stops=8/8
26 - INFO - chord#: 78 In build_straw_man_chord_sa. tolerance = 1, sa_iterations = 1000, initial_temperature = 3.0, cooling_rate = 0.999
26 - INFO - chord#: 96 done. best_score=27.0, changed=523, unchanged=378, early_stops=8/8
26 - INFO - chord#: 98 In build_straw_man_chord_sa. tolerance = 1, sa_iterations = 1000, initial_temperature = 3.0, cooling_rate = 0.999
26 - INFO - chord#: 74 done. best_score=104.0, changed=611, unchanged=433, early_stops=8/8
26 - INFO - chord#: 75 In build_straw_man_chord_sa. tolerance = 1, sa_iterations = 1000, initial_temperature = 3.0, cooling_rate = 0.999
26 - INFO - chord#: 80 done. best_score=67.0, changed=611, unchanged=434, early_stops=8/8
26 - INFO - chord#: 82 In build_straw_man_chord_sa. tolerance = 1, sa_iterations = 1000, initial_temperature = 3.0, cooling_rate = 0.999
26 - INFO - chord#: 76 done. best_score=27.0, changed=524, unchanged=437, early_stops=8/8
26 - INFO - chord#: 78 In build_straw_man_chord_sa. tolerance = 1, sa_iterations = 1000, initial_temperature = 3.0, cooling_rate = 0.999
26 - INFO - chord#: 86 done. best_score=27.0, changed=528, unchanged=439, early_stops=8/8
26 - INFO - chord#: 87 In build_straw_man_chord_sa. tolerance = 1, sa_iterations = 1000, initial_temperature = 3.0, cooling_rate = 0.999
26 - INFO - chord#: 96 done. best_score=27.0, changed=526, unchanged=391, early_stops=8/8
26 - INFO - chord#: 98 In build_straw_man_chord_sa. tolerance = 1, sa_iterations = 1000, initial_temperature = 3.0, cooling_rate = 0.999
26 - INFO - chord#: 87 done. best_score=67.0, changed=609, unchanged=279, early_stops=8/8
26 - INFO - chord#: 88 In build_straw_man_chord_sa. tolerance = 1, sa_iterations = 1000, initial_temperature = 3.0, cooling_rate = 0.999
26 - INFO - chord#: 87 done. best_score=67.0, changed=611, unchanged=387, early_stops=8/8
26 - INFO - chord#: 88 In build_straw_man_chord_sa. tolerance = 1, sa_iterations = 1000, initial_temperature = 3.0, cooling_rate = 0.999
26 - INFO - chord#: 78 done. best_score=27.0, changed=516, unchanged=392, early_stops=8/8
26 - INFO - chord#: 79 In build_straw_man_chord_sa. tolerance = 1, sa_iterations = 1000, initial_temperature = 3.0, cooling_rate = 0.999
26 - INFO - chord#: 75 done. best_score=27.0, changed=524, unchanged=338, early_stops=8/8
26 - INFO - chord#: 76 In build_straw_man_chord_sa. tolerance = 1, sa_iterations = 1000, initial_temperature = 3.0, cooling_rate = 0.999
26 - INFO - chord#: 82 done. best_score=35.0, changed=555, unchanged=283, early_stops=8/8
26 - INFO - chord#: 84 In build_straw_man_chord_sa. tolerance = 1, sa_iterations = 1000, initial_temperature = 3.0, cooling_rate = 0.999
26 - INFO - chord#: 78 done. best_score=27.0, changed=526, unchanged=422, early_stops=8/8
26 - INFO - chord#: 79 In build_straw_man_chord_sa. tolerance = 1, sa_iterations = 1000, initial_temperature = 3.0, cooling_rate = 0.999
26 - INFO - chord#: 78 done. best_score=27.0, changed=518, unchanged=402, early_stops=8/8
26 - INFO - chord#: 79 In build_straw_man_chord_sa. tolerance = 1, sa_iterations = 1000, initial_temperature = 3.0, cooling_rate = 0.999
26 - INFO - chord#: 88 done. best_score=27.0, changed=517, unchanged=320, early_stops=8/8
26 - INFO - chord#: 96 In build_straw_man_chord_sa. tolerance = 1, sa_iterations = 1000, initial_temperature = 3.0, cooling_rate = 0.999
26 - INFO - chord#: 98 done. best_score=90.0, changed=611, unchanged=236, early_stops=8/8
26 - INFO - chord#: 100 In build_straw_man_chord_sa. tolerance = 1, sa_iterations = 1000, initial_temperature = 3.0, cooling_rate = 0.999
26 - INFO - chord#: 88 done. best_score=27.0, changed=518, unchanged=456, early_stops=8/8
26 - INFO - chord#: 96 In build_straw_man_chord_sa. tolerance = 1, sa_iterations = 1000, initial_temperature = 3.0, cooling_rate = 0.999
26 - INFO - chord#: 80 done. best_score=145.0, changed=615, unchanged=351, early_stops=8/8
26 - INFO - chord#: 82 In build_straw_man_chord_sa. tolerance = 1, sa_iterations = 1000, initial_temperature = 3.0, cooling_rate = 0.999
26 - INFO - chord#: 76 done. best_score=27.0, changed=516, unchanged=337, early_stops=8/8
26 - INFO - chord#: 78 In build_straw_man_chord_sa. tolerance = 1, sa_iterations = 1000, initial_temperature = 3.0, cooling_rate = 0.999
26 - INFO - chord#: 98 done. best_score=82.0, changed=613, unchanged=376, early_stops=8/8
26 - INFO - chord#: 100 In build_straw_man_chord_sa. tolerance = 1, sa_iterations = 1000, initial_temperature = 3.0, cooling_rate = 0.999
26 - INFO - chord#: 79 done. best_score=27.0, changed=520, unchanged=354, early_stops=8/8
26 - INFO - chord#: 80 In build_straw_man_chord_sa. tolerance = 1, sa_iterations = 1000, initial_temperature = 3.0, cooling_rate = 0.999
26 - INFO - chord#: 84 done. best_score=27.0, changed=514, unchanged=325, early_stops=8/8
26 - INFO - chord#: 86 In build_straw_man_chord_sa. tolerance = 1, sa_iterations = 1000, initial_temperature = 3.0, cooling_rate = 0.999
26 - INFO - chord#: 96 done. best_score=27.0, changed=522, unchanged=314, early_stops=8/8
26 - INFO - chord#: 98 In build_straw_man_chord_sa. tolerance = 1, sa_iterations = 1000, initial_temperature = 3.0, cooling_rate = 0.999
26 - INFO - chord#: 79 done. best_score=27.0, changed=520, unchanged=406, early_stops=8/8
26 - INFO - chord#: 80 In build_straw_man_chord_sa. tolerance = 1, sa_iterations = 1000, initial_temperature = 3.0, cooling_rate = 0.999
26 - INFO - chord#: 87 done. best_score=145.0, changed=614, unchanged=274, early_stops=8/8
26 - INFO - chord#: 88 In build_straw_man_chord_sa. tolerance = 1, sa_iterations = 1000, initial_temperature = 3.0, cooling_rate = 0.999
26 - INFO - chord#: 96 done. best_score=27.0, changed=518, unchanged=342, early_stops=8/8
26 - INFO - chord#: 98 In build_straw_man_chord_sa. tolerance = 1, sa_iterations = 1000, initial_temperature = 3.0, cooling_rate = 0.999
26 - INFO - chord#: 100 done. best_score=27.0, changed=520, unchanged=410, early_stops=8/8
26 - INFO - chord#: 102 In build_straw_man_chord_sa. tolerance = 1, sa_iterations = 1000, initial_temperature = 3.0, cooling_rate = 0.999
26 - INFO - chord#: 79 done. best_score=27.0, changed=523, unchanged=464, early_stops=8/8
26 - INFO - chord#: 80 In build_straw_man_chord_sa. tolerance = 1, sa_iterations = 1000, initial_temperature = 3.0, cooling_rate = 0.999
26 - INFO - chord#: 82 done. best_score=35.0, changed=548, unchanged=362, early_stops=8/8
26 - INFO - chord#: 84 In build_straw_man_chord_sa. tolerance = 1, sa_iterations = 1000, initial_temperature = 3.0, cooling_rate = 0.999
26 - INFO - chord#: 98 done. best_score=97.0, changed=609, unchanged=260, early_stops=8/8
26 - INFO - chord#: 100 In build_straw_man_chord_sa. tolerance = 1, sa_iterations = 1000, initial_temperature = 3.0, cooling_rate = 0.999
26 - INFO - chord#: 100 done. best_score=27.0, changed=535, unchanged=359, early_stops=8/8
26 - INFO - chord#: 102 In build_straw_man_chord_sa. tolerance = 1, sa_iterations = 1000, initial_temperature = 3.0, cooling_rate = 0.999
26 - INFO - chord#: 78 done. best_score=27.0, changed=516, unchanged=333, early_stops=8/8
26 - INFO - chord#: 79 In build_straw_man_chord_sa. tolerance = 1, sa_iterations = 1000, initial_temperature = 3.0, cooling_rate = 0.999
26 - INFO - chord#: 88 done. best_score=27.0, changed=525, unchanged=461, early_stops=8/8
26 - INFO - chord#: 96 In build_straw_man_chord_sa. tolerance = 1, sa_iterations = 1000, initial_temperature = 3.0, cooling_rate = 0.999
26 - INFO - chord#: 86 done. best_score=27.0, changed=526, unchanged=424, early_stops=8/8
26 - INFO - chord#: 87 In build_straw_man_chord_sa. tolerance = 1, sa_iterations = 1000, initial_temperature = 3.0, cooling_rate = 0.999
26 - INFO - chord#: 84 done. best_score=27.0, changed=528, unchanged=463, early_stops=8/8
26 - INFO - chord#: 86 In build_straw_man_chord_sa. tolerance = 1, sa_iterations = 1000, initial_temperature = 3.0, cooling_rate = 0.999
26 - INFO - chord#: 100 done. best_score=27.0, changed=530, unchanged=494, early_stops=8/8
26 - INFO - chord#: 98 done. best_score=90.0, changed=612, unchanged=280, early_stops=8/8
26 - INFO - chord#: 100 In build_straw_man_chord_sa. tolerance = 1, sa_iterations = 1000, initial_temperature = 3.0, cooling_rate = 0.999
26 - INFO - chord#: 102 In build_straw_man_chord_sa. tolerance = 1, sa_iterations = 1000, initial_temperature = 3.0, cooling_rate = 0.999
26 - INFO - chord#: 96 done. best_score=27.0, changed=522, unchanged=368, early_stops=8/8
26 - INFO - chord#: 98 In build_straw_man_chord_sa. tolerance = 1, sa_iterations = 1000, initial_temperature = 3.0, cooling_rate = 0.999
26 - INFO - chord#: 98 done. best_score=82.0, changed=612, unchanged=269, early_stops=8/8
26 - INFO - chord#: 100 In build_straw_man_chord_sa. tolerance = 1, sa_iterations = 1000, initial_temperature = 3.0, cooling_rate = 0.999
26 - INFO - chord#: 79 done. best_score=27.0, changed=521, unchanged=497, early_stops=8/8
26 - INFO - chord#: 80 In build_straw_man_chord_sa. tolerance = 1, sa_iterations = 1000, initial_temperature = 3.0, cooling_rate = 0.999
26 - INFO - chord#: 102 done. best_score=141.0, changed=613, unchanged=322, early_stops=8/8
26 - INFO - chord#: 104 In build_straw_man_chord_sa. tolerance = 1, sa_iterations = 1000, initial_temperature = 3.0, cooling_rate = 0.999
26 - INFO - chord#: 80 done. best_score=67.0, changed=611, unchanged=254, early_stops=8/8
26 - INFO - chord#: 82 In build_straw_man_chord_sa. tolerance = 1, sa_iterations = 1000, initial_temperature = 3.0, cooling_rate = 0.999
26 - INFO - chord#: 86 done. best_score=27.0, changed=521, unchanged=442, early_stops=8/8
26 - INFO - chord#: 87 In build_straw_man_chord_sa. tolerance = 1, sa_iterations = 1000, initial_temperature = 3.0, cooling_rate = 0.999
26 - INFO - chord#: 100 done. best_score=27.0, changed=523, unchanged=329, early_stops=8/8
26 - INFO - chord#: 102 In build_straw_man_chord_sa. tolerance = 1, sa_iterations = 1000, initial_temperature = 3.0, cooling_rate = 0.999
26 - INFO - chord#: 102 done. best_score=70.0, changed=613, unchanged=368, early_stops=8/8
26 - INFO - chord#: 104 In build_straw_man_chord_sa. tolerance = 1, sa_iterations = 1000, initial_temperature = 3.0, cooling_rate = 0.999
26 - INFO - chord#: 80 done. best_score=137.0, changed=609, unchanged=256, early_stops=8/8
26 - INFO - chord#: 82 In build_straw_man_chord_sa. tolerance = 1, sa_iterations = 1000, initial_temperature = 3.0, cooling_rate = 0.999
26 - INFO - chord#: 100 done. best_score=27.0, changed=519, unchanged=429, early_stops=8/8
26 - INFO - chord#: 102 In build_straw_man_chord_sa. tolerance = 1, sa_iterations = 1000, initial_temperature = 3.0, cooling_rate = 0.999
26 - INFO - chord#: 80 done. best_score=67.0, changed=615, unchanged=450, early_stops=8/8
26 - INFO - chord#: 82 In build_straw_man_chord_sa. tolerance = 1, sa_iterations = 1000, initial_temperature = 3.0, cooling_rate = 0.999
26 - INFO - chord#: 104 done. best_score=27.0, changed=523, unchanged=396, early_stops=8/8
26 - INFO - chord#: 106 In build_straw_man_chord_sa. tolerance = 1, sa_iterations = 1000, initial_temperature = 3.0, cooling_rate = 0.999
26 - INFO - chord#: 82 done. best_score=35.0, changed=528, unchanged=280, early_stops=8/8
26 - INFO - chord#: 84 In build_straw_man_chord_sa. tolerance = 1, sa_iterations = 1000, initial_temperature = 3.0, cooling_rate = 0.999
26 - INFO - chord#: 98 done. best_score=90.0, changed=611, unchanged=293, early_stops=8/8
26 - INFO - chord#: 100 In build_straw_man_chord_sa. tolerance = 1, sa_iterations = 1000, initial_temperature = 3.0, cooling_rate = 0.999
26 - INFO - chord#: 87 done. best_score=67.0, changed=617, unchanged=523, early_stops=8/8
26 - INFO - chord#: 88 In build_straw_man_chord_sa. tolerance = 1, sa_iterations = 1000, initial_temperature = 3.0, cooling_rate = 0.999
26 - INFO - chord#: 104 done. best_score=27.0, changed=528, unchanged=539, early_stops=8/8
26 - INFO - chord#: 106 In build_straw_man_chord_sa. tolerance = 1, sa_iterations = 1000, initial_temperature = 3.0, cooling_rate = 0.999
26 - INFO - chord#: 82 done. best_score=35.0, changed=530, unchanged=380, early_stops=8/8
26 - INFO - chord#: 84 In build_straw_man_chord_sa. tolerance = 1, sa_iterations = 1000, initial_temperature = 3.0, cooling_rate = 0.999
26 - INFO - chord#: 82 done. best_score=35.0, changed=537, unchanged=299, early_stops=8/8
26 - INFO - chord#: 84 In build_straw_man_chord_sa. tolerance = 1, sa_iterations = 1000, initial_temperature = 3.0, cooling_rate = 0.999
26 - INFO - chord#: 84 done. best_score=27.0, changed=518, unchanged=347, early_stops=8/8
26 - INFO - chord#: 86 In build_straw_man_chord_sa. tolerance = 1, sa_iterations = 1000, initial_temperature = 3.0, cooling_rate = 0.999
26 - INFO - chord#: 87 done. best_score=137.0, changed=614, unchanged=367, early_stops=8/8
26 - INFO - chord#: 88 In build_straw_man_chord_sa. tolerance = 1, sa_iterations = 1000, initial_temperature = 3.0, cooling_rate = 0.999
26 - INFO - chord#: 100 done. best_score=27.0, changed=532, unchanged=448, early_stops=8/8
26 - INFO - chord#: 102 In build_straw_man_chord_sa. tolerance = 1, sa_iterations = 1000, initial_temperature = 3.0, cooling_rate = 0.999
26 - INFO - chord#: 102 done. best_score=70.0, changed=614, unchanged=463, early_stops=8/8
26 - INFO - chord#: 104 In build_straw_man_chord_sa. tolerance = 1, sa_iterations = 1000, initial_temperature = 3.0, cooling_rate = 0.999
26 - INFO - chord#: 88 done. best_score=27.0, changed=531, unchanged=479, early_stops=8/8
26 - INFO - chord#: 96 In build_straw_man_chord_sa. tolerance = 1, sa_iterations = 1000, initial_temperature = 3.0, cooling_rate = 0.999
26 - INFO - chord#: 102 done. best_score=70.0, changed=614, unchanged=384, early_stops=8/8
26 - INFO - chord#: 104 In build_straw_man_chord_sa. tolerance = 1, sa_iterations = 1000, initial_temperature = 3.0, cooling_rate = 0.999
26 - INFO - chord#: 102 done. best_score=103.0, changed=617, unchanged=485, early_stops=8/8
26 - INFO - chord#: 104 In build_straw_man_chord_sa. tolerance = 1, sa_iterations = 1000, initial_temperature = 3.0, cooling_rate = 0.999
26 - INFO - chord#: 80 done. best_score=67.0, changed=613, unchanged=385, early_stops=8/8
26 - INFO - chord#: 82 In build_straw_man_chord_sa. tolerance = 1, sa_iterations = 1000, initial_temperature = 3.0, cooling_rate = 0.999
26 - INFO - chord#: 84 done. best_score=27.0, changed=513, unchanged=374, early_stops=8/8
26 - INFO - chord#: 86 In build_straw_man_chord_sa. tolerance = 1, sa_iterations = 1000, initial_temperature = 3.0, cooling_rate = 0.999
26 - INFO - chord#: 106 done. best_score=127.0, changed=616, unchanged=375, early_stops=8/8
26 - INFO - chord#: 108 In build_straw_man_chord_sa. tolerance = 1, sa_iterations = 1000, initial_temperature = 3.0, cooling_rate = 0.999
26 - INFO - chord#: 88 done. best_score=27.0, changed=521, unchanged=369, early_stops=8/8
26 - INFO - chord#: 96 In build_straw_man_chord_sa. tolerance = 1, sa_iterations = 1000, initial_temperature = 3.0, cooling_rate = 0.999
26 - INFO - chord#: 86 done. best_score=27.0, changed=521, unchanged=335, early_stops=8/8
26 - INFO - chord#: 87 In build_straw_man_chord_sa. tolerance = 1, sa_iterations = 1000, initial_temperature = 3.0, cooling_rate = 0.999
26 - INFO - chord#: 84 done. best_score=27.0, changed=517, unchanged=422, early_stops=8/8
26 - INFO - chord#: 86 In build_straw_man_chord_sa. tolerance = 1, sa_iterations = 1000, initial_temperature = 3.0, cooling_rate = 0.999
26 - INFO - chord#: 104 done. best_score=27.0, changed=529, unchanged=350, early_stops=8/8
26 - INFO - chord#: 106 In build_straw_man_chord_sa. tolerance = 1, sa_iterations = 1000, initial_temperature = 3.0, cooling_rate = 0.999
26 - INFO - chord#: 104 done. best_score=27.0, changed=523, unchanged=320, early_stops=8/8
26 - INFO - chord#: 106 In build_straw_man_chord_sa. tolerance = 1, sa_iterations = 1000, initial_temperature = 3.0, cooling_rate = 0.999
26 - INFO - chord#: 104 done. best_score=27.0, changed=518, unchanged=429, early_stops=8/8
26 - INFO - chord#: 106 In build_straw_man_chord_sa. tolerance = 1, sa_iterations = 1000, initial_temperature = 3.0, cooling_rate = 0.999
26 - INFO - chord#: 96 done. best_score=27.0, changed=524, unchanged=431, early_stops=8/8
26 - INFO - chord#: 98 In build_straw_man_chord_sa. tolerance = 1, sa_iterations = 1000, initial_temperature = 3.0, cooling_rate = 0.999
26 - INFO - chord#: 82 done. best_score=35.0, changed=531, unchanged=285, early_stops=8/8
26 - INFO - chord#: 84 In build_straw_man_chord_sa. tolerance = 1, sa_iterations = 1000, initial_temperature = 3.0, cooling_rate = 0.999
26 - INFO - chord#: 108 done. best_score=27.0, changed=516, unchanged=350, early_stops=8/8
26 - INFO - chord#: 110 In build_straw_man_chord_sa. tolerance = 1, sa_iterations = 1000, initial_temperature = 3.0, cooling_rate = 0.999
26 - INFO - chord#: 86 done. best_score=27.0, changed=525, unchanged=391, early_stops=8/8
26 - INFO - chord#: 87 In build_straw_man_chord_sa. tolerance = 1, sa_iterations = 1000, initial_temperature = 3.0, cooling_rate = 0.999
26 - INFO - chord#: 96 done. best_score=27.0, changed=529, unchanged=386, early_stops=8/8
26 - INFO - chord#: 98 In build_straw_man_chord_sa. tolerance = 1, sa_iterations = 1000, initial_temperature = 3.0, cooling_rate = 0.999
26 - INFO - chord#: 106 done. best_score=82.0, changed=617, unchanged=509, early_stops=8/8
26 - INFO - chord#: 108 In build_straw_man_chord_sa. tolerance = 1, sa_iterations = 1000, initial_temperature = 3.0, cooling_rate = 0.999
26 - INFO - chord#: 102 done. best_score=70.0, changed=607, unchanged=237, early_stops=8/8
26 - INFO - chord#: 104 In build_straw_man_chord_sa. tolerance = 1, sa_iterations = 1000, initial_temperature = 3.0, cooling_rate = 0.999
26 - INFO - chord#: 86 done. best_score=27.0, changed=522, unchanged=465, early_stops=8/8
26 - INFO - chord#: 87 In build_straw_man_chord_sa. tolerance = 1, sa_iterations = 1000, initial_temperature = 3.0, cooling_rate = 0.999
26 - INFO - chord#: 110 done. best_score=27.0, changed=532, unchanged=410, early_stops=8/8
26 - INFO - chord#: 112 In build_straw_man_chord_sa. tolerance = 1, sa_iterations = 1000, initial_temperature = 3.0, cooling_rate = 0.999
26 - INFO - chord#: 108 done. best_score=27.0, changed=529, unchanged=350, early_stops=8/8
26 - INFO - chord#: 110 In build_straw_man_chord_sa. tolerance = 1, sa_iterations = 1000, initial_temperature = 3.0, cooling_rate = 0.999
26 - INFO - chord#: 84 done. best_score=27.0, changed=529, unchanged=523, early_stops=8/8
26 - INFO - chord#: 86 In build_straw_man_chord_sa. tolerance = 1, sa_iterations = 1000, initial_temperature = 3.0, cooling_rate = 0.999
26 - INFO - chord#: 104 done. best_score=27.0, changed=527, unchanged=541, early_stops=8/8
26 - INFO - chord#: 106 In build_straw_man_chord_sa. tolerance = 1, sa_iterations = 1000, initial_temperature = 3.0, cooling_rate = 0.999
26 - INFO - chord#: 106 done. best_score=82.0, changed=607, unchanged=228, early_stops=8/8
26 - INFO - chord#: 108 In build_straw_man_chord_sa. tolerance = 1, sa_iterations = 1000, initial_temperature = 3.0, cooling_rate = 0.999
26 - INFO - chord#: 87 done. best_score=137.0, changed=613, unchanged=293, early_stops=8/8
26 - INFO - chord#: 88 In build_straw_man_chord_sa. tolerance = 1, sa_iterations = 1000, initial_temperature = 3.0, cooling_rate = 0.999
26 - INFO - chord#: 110 done. best_score=27.0, changed=530, unchanged=299, early_stops=8/8
26 - INFO - chord#: 112 In build_straw_man_chord_sa. tolerance = 1, sa_iterations = 1000, initial_temperature = 3.0, cooling_rate = 0.999
26 - INFO - chord#: 106 done. best_score=120.0, changed=610, unchanged=289, early_stops=8/8
26 - INFO - chord#: 108 In build_straw_man_chord_sa. tolerance = 1, sa_iterations = 1000, initial_temperature = 3.0, cooling_rate = 0.999
26 - INFO - chord#: 98 done. best_score=90.0, changed=611, unchanged=326, early_stops=8/8
26 - INFO - chord#: 100 In build_straw_man_chord_sa. tolerance = 1, sa_iterations = 1000, initial_temperature = 3.0, cooling_rate = 0.999
26 - INFO - chord#: 86 done. best_score=27.0, changed=517, unchanged=340, early_stops=8/8
26 - INFO - chord#: 87 In build_straw_man_chord_sa. tolerance = 1, sa_iterations = 1000, initial_temperature = 3.0, cooling_rate = 0.999
26 - INFO - chord#: 98 done. best_score=160.0, changed=609, unchanged=297, early_stops=8/8
26 - INFO - chord#: 100 In build_straw_man_chord_sa. tolerance = 1, sa_iterations = 1000, initial_temperature = 3.0, cooling_rate = 0.999
26 - INFO - chord#: 87 done. best_score=67.0, changed=609, unchanged=248, early_stops=8/8
26 - INFO - chord#: 88 In build_straw_man_chord_sa. tolerance = 1, sa_iterations = 1000, initial_temperature = 3.0, cooling_rate = 0.999
26 - INFO - chord#: 106 done. best_score=82.0, changed=612, unchanged=361, early_stops=8/8
26 - INFO - chord#: 108 In build_straw_man_chord_sa. tolerance = 1, sa_iterations = 1000, initial_temperature = 3.0, cooling_rate = 0.999
26 - INFO - chord#: 108 done. best_score=27.0, changed=533, unchanged=443, early_stops=8/8
26 - INFO - chord#: 110 In build_straw_man_chord_sa. tolerance = 1, sa_iterations = 1000, initial_temperature = 3.0, cooling_rate = 0.999
26 - INFO - chord#: 108 done. best_score=27.0, changed=529, unchanged=312, early_stops=8/8
26 - INFO - chord#: 110 In build_straw_man_chord_sa. tolerance = 1, sa_iterations = 1000, initial_temperature = 3.0, cooling_rate = 0.999
26 - INFO - chord#: 88 done. best_score=27.0, changed=526, unchanged=454, early_stops=8/8
26 - INFO - chord#: 96 In build_straw_man_chord_sa. tolerance = 1, sa_iterations = 1000, initial_temperature = 3.0, cooling_rate = 0.999
26 - INFO - chord#: 112 done. best_score=67.0, changed=611, unchanged=400, early_stops=8/8
26 - INFO - chord#: 114 In build_straw_man_chord_sa. tolerance = 1, sa_iterations = 1000, initial_temperature = 3.0, cooling_rate = 0.999
26 - INFO - chord#: 87 done. best_score=162.0, changed=614, unchanged=263, early_stops=8/8
26 - INFO - chord#: 88 In build_straw_man_chord_sa. tolerance = 1, sa_iterations = 1000, initial_temperature = 3.0, cooling_rate = 0.999
26 - INFO - chord#: 100 done. best_score=27.0, changed=545, unchanged=517, early_stops=8/8
26 - INFO - chord#: 102 In build_straw_man_chord_sa. tolerance = 1, sa_iterations = 1000, initial_temperature = 3.0, cooling_rate = 0.999
26 - INFO - chord#: 106 done. best_score=82.0, changed=612, unchanged=263, early_stops=8/8
26 - INFO - chord#: 108 In build_straw_man_chord_sa. tolerance = 1, sa_iterations = 1000, initial_temperature = 3.0, cooling_rate = 0.999
26 - INFO - chord#: 100 done. best_score=27.0, changed=525, unchanged=422, early_stops=8/8
26 - INFO - chord#: 102 In build_straw_man_chord_sa. tolerance = 1, sa_iterations = 1000, initial_temperature = 3.0, cooling_rate = 0.999
26 - INFO - chord#: 88 done. best_score=27.0, changed=519, unchanged=307, early_stops=8/8
26 - INFO - chord#: 96 In build_straw_man_chord_sa. tolerance = 1, sa_iterations = 1000, initial_temperature = 3.0, cooling_rate = 0.999
26 - INFO - chord#: 110 done. best_score=27.0, changed=533, unchanged=391, early_stops=8/8
26 - INFO - chord#: 112 In build_straw_man_chord_sa. tolerance = 1, sa_iterations = 1000, initial_temperature = 3.0, cooling_rate = 0.999
26 - INFO - chord#: 108 done. best_score=27.0, changed=530, unchanged=319, early_stops=8/8
26 - INFO - chord#: 110 In build_straw_man_chord_sa. tolerance = 1, sa_iterations = 1000, initial_temperature = 3.0, cooling_rate = 0.999
26 - INFO - chord#: 110 done. best_score=27.0, changed=536, unchanged=393, early_stops=8/8
26 - INFO - chord#: 112 In build_straw_man_chord_sa. tolerance = 1, sa_iterations = 1000, initial_temperature = 3.0, cooling_rate = 0.999
26 - INFO - chord#: 114 done. best_score=36.0, changed=517, unchanged=354, early_stops=8/8
26 - INFO - chord#: 116 In build_straw_man_chord_sa. tolerance = 1, sa_iterations = 1000, initial_temperature = 3.0, cooling_rate = 0.999
26 - INFO - chord#: 88 done. best_score=27.0, changed=517, unchanged=408, early_stops=8/8
26 - INFO - chord#: 96 In build_straw_man_chord_sa. tolerance = 1, sa_iterations = 1000, initial_temperature = 3.0, cooling_rate = 0.999
26 - INFO - chord#: 96 done. best_score=27.0, changed=526, unchanged=384, early_stops=8/8
26 - INFO - chord#: 98 In build_straw_man_chord_sa. tolerance = 1, sa_iterations = 1000, initial_temperature = 3.0, cooling_rate = 0.999
26 - INFO - chord#: 112 done. best_score=78.0, changed=619, unchanged=392, early_stops=8/8
26 - INFO - chord#: 114 In build_straw_man_chord_sa. tolerance = 1, sa_iterations = 1000, initial_temperature = 3.0, cooling_rate = 0.999
26 - INFO - chord#: 108 done. best_score=27.0, changed=533, unchanged=332, early_stops=8/8
26 - INFO - chord#: 110 In build_straw_man_chord_sa. tolerance = 1, sa_iterations = 1000, initial_temperature = 3.0, cooling_rate = 0.999
26 - INFO - chord#: 96 done. best_score=27.0, changed=522, unchanged=351, early_stops=8/8
26 - INFO - chord#: 98 In build_straw_man_chord_sa. tolerance = 1, sa_iterations = 1000, initial_temperature = 3.0, cooling_rate = 0.999
26 - INFO - chord#: 110 done. best_score=27.0, changed=518, unchanged=301, early_stops=8/8
26 - INFO - chord#: 112 In build_straw_man_chord_sa. tolerance = 1, sa_iterations = 1000, initial_temperature = 3.0, cooling_rate = 0.999
26 - INFO - chord#: 102 done. best_score=104.0, changed=612, unchanged=244, early_stops=8/8
26 - INFO - chord#: 104 In build_straw_man_chord_sa. tolerance = 1, sa_iterations = 1000, initial_temperature = 3.0, cooling_rate = 0.999
26 - INFO - chord#: 116 done. best_score=31.0, changed=530, unchanged=315, early_stops=8/8
26 - INFO - chord#: 118 In build_straw_man_chord_sa. tolerance = 1, sa_iterations = 1000, initial_temperature = 3.0, cooling_rate = 0.999
26 - INFO - chord#: 96 done. best_score=27.0, changed=528, unchanged=422, early_stops=8/8
26 - INFO - chord#: 98 In build_straw_man_chord_sa. tolerance = 1, sa_iterations = 1000, initial_temperature = 3.0, cooling_rate = 0.999
26 - INFO - chord#: 114 done. best_score=47.0, changed=525, unchanged=446, early_stops=8/8
26 - INFO - chord#: 116 In build_straw_man_chord_sa. tolerance = 1, sa_iterations = 1000, initial_temperature = 3.0, cooling_rate = 0.999
26 - INFO - chord#: 87 done. best_score=67.0, changed=614, unchanged=361, early_stops=8/8
26 - INFO - chord#: 88 In build_straw_man_chord_sa. tolerance = 1, sa_iterations = 1000, initial_temperature = 3.0, cooling_rate = 0.999
26 - INFO - chord#: 110 done. best_score=27.0, changed=520, unchanged=306, early_stops=8/8
26 - INFO - chord#: 112 In build_straw_man_chord_sa. tolerance = 1, sa_iterations = 1000, initial_temperature = 3.0, cooling_rate = 0.999
26 - INFO - chord#: 112 done. best_score=137.0, changed=610, unchanged=275, early_stops=8/8
26 - INFO - chord#: 114 In build_straw_man_chord_sa. tolerance = 1, sa_iterations = 1000, initial_temperature = 3.0, cooling_rate = 0.999
26 - INFO - chord#: 118 done. best_score=27.0, changed=518, unchanged=394, early_stops=8/8
26 - INFO - chord#: 120 In build_straw_man_chord_sa. tolerance = 1, sa_iterations = 1000, initial_temperature = 3.0, cooling_rate = 0.999
26 - INFO - chord#: 104 done. best_score=27.0, changed=525, unchanged=446, early_stops=8/8
26 - INFO - chord#: 106 In build_straw_man_chord_sa. tolerance = 1, sa_iterations = 1000, initial_temperature = 3.0, cooling_rate = 0.999
26 - INFO - chord#: 102 done. best_score=70.0, changed=616, unchanged=443, early_stops=8/8
26 - INFO - chord#: 104 In build_straw_man_chord_sa. tolerance = 1, sa_iterations = 1000, initial_temperature = 3.0, cooling_rate = 0.999
26 - INFO - chord#: 116 done. best_score=31.0, changed=520, unchanged=357, early_stops=8/8
26 - INFO - chord#: 118 In build_straw_man_chord_sa. tolerance = 1, sa_iterations = 1000, initial_temperature = 3.0, cooling_rate = 0.999
26 - INFO - chord#: 88 done. best_score=27.0, changed=520, unchanged=354, early_stops=8/8
26 - INFO - chord#: 96 In build_straw_man_chord_sa. tolerance = 1, sa_iterations = 1000, initial_temperature = 3.0, cooling_rate = 0.999
26 - INFO - chord#: 112 done. best_score=67.0, changed=611, unchanged=498, early_stops=8/8
26 - INFO - chord#: 114 In build_straw_man_chord_sa. tolerance = 1, sa_iterations = 1000, initial_temperature = 3.0, cooling_rate = 0.999
26 - INFO - chord#: 120 done. best_score=27.0, changed=515, unchanged=320, early_stops=8/8
26 - INFO - chord#: 128 In build_straw_man_chord_sa. tolerance = 1, sa_iterations = 1000, initial_temperature = 3.0, cooling_rate = 0.999
26 - INFO - chord#: 114 done. best_score=36.0, changed=520, unchanged=370, early_stops=8/8
26 - INFO - chord#: 116 In build_straw_man_chord_sa. tolerance = 1, sa_iterations = 1000, initial_temperature = 3.0, cooling_rate = 0.999
26 - INFO - chord#: 98 done. best_score=82.0, changed=623, unchanged=310, early_stops=8/8
26 - INFO - chord#: 100 In build_straw_man_chord_sa. tolerance = 1, sa_iterations = 1000, initial_temperature = 3.0, cooling_rate = 0.999
26 - INFO - chord#: 104 done. best_score=27.0, changed=524, unchanged=440, early_stops=8/8
26 - INFO - chord#: 118 done. best_score=27.0, changed=522, unchanged=329, early_stops=8/8
26 - INFO - chord#: 106 In build_straw_man_chord_sa. tolerance = 1, sa_iterations = 1000, initial_temperature = 3.0, cooling_rate = 0.999
26 - INFO - chord#: 120 In build_straw_man_chord_sa. tolerance = 1, sa_iterations = 1000, initial_temperature = 3.0, cooling_rate = 0.999
26 - INFO - chord#: 98 done. best_score=82.0, changed=613, unchanged=347, early_stops=8/8
26 - INFO - chord#: 100 In build_straw_man_chord_sa. tolerance = 1, sa_iterations = 1000, initial_temperature = 3.0, cooling_rate = 0.999
26 - INFO - chord#: 114 done. best_score=36.0, changed=525, unchanged=370, early_stops=8/8
26 - INFO - chord#: 116 In build_straw_man_chord_sa. tolerance = 1, sa_iterations = 1000, initial_temperature = 3.0, cooling_rate = 0.999
26 - INFO - chord#: 128 done. best_score=27.0, changed=525, unchanged=346, early_stops=8/8
26 - INFO - chord#: 130 In build_straw_man_chord_sa. tolerance = 1, sa_iterations = 1000, initial_temperature = 3.0, cooling_rate = 0.999
26 - INFO - chord#: 116 done. best_score=31.0, changed=507, unchanged=311, early_stops=8/8
26 - INFO - chord#: 118 In build_straw_man_chord_sa. tolerance = 1, sa_iterations = 1000, initial_temperature = 3.0, cooling_rate = 0.999
26 - INFO - chord#: 96 done. best_score=27.0, changed=521, unchanged=352, early_stops=8/8
26 - INFO - chord#: 98 In build_straw_man_chord_sa. tolerance = 1, sa_iterations = 1000, initial_temperature = 3.0, cooling_rate = 0.999
26 - INFO - chord#: 98 done. best_score=97.0, changed=615, unchanged=290, early_stops=8/8
26 - INFO - chord#: 100 In build_straw_man_chord_sa. tolerance = 1, sa_iterations = 1000, initial_temperature = 3.0, cooling_rate = 0.999
26 - INFO - chord#: 100 done. best_score=27.0, changed=523, unchanged=391, early_stops=8/8
26 - INFO - chord#: 102 In build_straw_man_chord_sa. tolerance = 1, sa_iterations = 1000, initial_temperature = 3.0, cooling_rate = 0.999
26 - INFO - chord#: 112 done. best_score=67.0, changed=616, unchanged=353, early_stops=8/8
26 - INFO - chord#: 114 In build_straw_man_chord_sa. tolerance = 1, sa_iterations = 1000, initial_temperature = 3.0, cooling_rate = 0.999
26 - INFO - chord#: 120 done. best_score=27.0, changed=517, unchanged=318, early_stops=8/8
26 - INFO - chord#: 128 In build_straw_man_chord_sa. tolerance = 1, sa_iterations = 1000, initial_temperature = 3.0, cooling_rate = 0.999
26 - INFO - chord#: 106 done. best_score=82.0, changed=611, unchanged=318, early_stops=8/8
26 - INFO - chord#: 108 In build_straw_man_chord_sa. tolerance = 1, sa_iterations = 1000, initial_temperature = 3.0, cooling_rate = 0.999
26 - INFO - chord#: 116 done. best_score=31.0, changed=539, unchanged=290, early_stops=8/8
26 - INFO - chord#: 118 In build_straw_man_chord_sa. tolerance = 1, sa_iterations = 1000, initial_temperature = 3.0, cooling_rate = 0.999
26 - INFO - chord#: 118 done. best_score=27.0, changed=520, unchanged=393, early_stops=8/8
26 - INFO - chord#: 120 In build_straw_man_chord_sa. tolerance = 1, sa_iterations = 1000, initial_temperature = 3.0, cooling_rate = 0.999
26 - INFO - chord#: 100 done. best_score=27.0, changed=531, unchanged=464, early_stops=8/8
26 - INFO - chord#: 102 In build_straw_man_chord_sa. tolerance = 1, sa_iterations = 1000, initial_temperature = 3.0, cooling_rate = 0.999
26 - INFO - chord#: 100 done. best_score=27.0, changed=513, unchanged=347, early_stops=8/8
26 - INFO - chord#: 102 In build_straw_man_chord_sa. tolerance = 1, sa_iterations = 1000, initial_temperature = 3.0, cooling_rate = 0.999
26 - INFO - chord#: 108 done. best_score=27.0, changed=523, unchanged=307, early_stops=8/8
26 - INFO - chord#: 110 In build_straw_man_chord_sa. tolerance = 1, sa_iterations = 1000, initial_temperature = 3.0, cooling_rate = 0.999
26 - INFO - chord#: 128 done. best_score=27.0, changed=526, unchanged=430, early_stops=8/8
26 - INFO - chord#: 130 In build_straw_man_chord_sa. tolerance = 1, sa_iterations = 1000, initial_temperature = 3.0, cooling_rate = 0.999
26 - INFO - chord#: 106 done. best_score=82.0, changed=608, unchanged=228, early_stops=8/8
26 - INFO - chord#: 108 In build_straw_man_chord_sa. tolerance = 1, sa_iterations = 1000, initial_temperature = 3.0, cooling_rate = 0.999
26 - INFO - chord#: 112 done. best_score=67.0, changed=611, unchanged=476, early_stops=8/8
26 - INFO - chord#: 114 In build_straw_man_chord_sa. tolerance = 1, sa_iterations = 1000, initial_temperature = 3.0, cooling_rate = 0.999
26 - INFO - chord#: 114 done. best_score=36.0, changed=527, unchanged=351, early_stops=8/8
26 - INFO - chord#: 116 In build_straw_man_chord_sa. tolerance = 1, sa_iterations = 1000, initial_temperature = 3.0, cooling_rate = 0.999
26 - INFO - chord#: 118 done. best_score=27.0, changed=520, unchanged=329, early_stops=8/8
26 - INFO - chord#: 120 In build_straw_man_chord_sa. tolerance = 1, sa_iterations = 1000, initial_temperature = 3.0, cooling_rate = 0.999
26 - INFO - chord#: 120 done. best_score=27.0, changed=529, unchanged=380, early_stops=8/8
26 - INFO - chord#: 128 In build_straw_man_chord_sa. tolerance = 1, sa_iterations = 1000, initial_temperature = 3.0, cooling_rate = 0.999
26 - INFO - chord#: 130 done. best_score=137.0, changed=613, unchanged=254, early_stops=8/8
26 - INFO - chord#: 132 In build_straw_man_chord_sa. tolerance = 1, sa_iterations = 1000, initial_temperature = 3.0, cooling_rate = 0.999
26 - INFO - chord#: 110 done. best_score=27.0, changed=520, unchanged=326, early_stops=8/8
26 - INFO - chord#: 112 In build_straw_man_chord_sa. tolerance = 1, sa_iterations = 1000, initial_temperature = 3.0, cooling_rate = 0.999
26 - INFO - chord#: 108 done. best_score=27.0, changed=527, unchanged=335, early_stops=8/8
26 - INFO - chord#: 110 In build_straw_man_chord_sa. tolerance = 1, sa_iterations = 1000, initial_temperature = 3.0, cooling_rate = 0.999
26 - INFO - chord#: 114 done. best_score=36.0, changed=529, unchanged=346, early_stops=8/8
26 - INFO - chord#: 116 In build_straw_man_chord_sa. tolerance = 1, sa_iterations = 1000, initial_temperature = 3.0, cooling_rate = 0.999
26 - INFO - chord#: 120 done. best_score=27.0, changed=521, unchanged=382, early_stops=8/8
26 - INFO - chord#: 128 In build_straw_man_chord_sa. tolerance = 1, sa_iterations = 1000, initial_temperature = 3.0, cooling_rate = 0.999
26 - INFO - chord#: 116 done. best_score=31.0, changed=538, unchanged=365, early_stops=8/8
26 - INFO - chord#: 118 In build_straw_man_chord_sa. tolerance = 1, sa_iterations = 1000, initial_temperature = 3.0, cooling_rate = 0.999
26 - INFO - chord#: 128 done. best_score=27.0, changed=518, unchanged=381, early_stops=8/8
26 - INFO - chord#: 130 In build_straw_man_chord_sa. tolerance = 1, sa_iterations = 1000, initial_temperature = 3.0, cooling_rate = 0.999
26 - INFO - chord#: 102 done. best_score=70.0, changed=612, unchanged=290, early_stops=8/8
26 - INFO - chord#: 104 In build_straw_man_chord_sa. tolerance = 1, sa_iterations = 1000, initial_temperature = 3.0, cooling_rate = 0.999
26 - INFO - chord#: 98 done. best_score=82.0, changed=615, unchanged=384, early_stops=8/8
26 - INFO - chord#: 100 In build_straw_man_chord_sa. tolerance = 1, sa_iterations = 1000, initial_temperature = 3.0, cooling_rate = 0.999
26 - INFO - chord#: 132 done. best_score=27.0, changed=525, unchanged=430, early_stops=8/8
26 - INFO - chord#: 134 In build_straw_man_chord_sa. tolerance = 1, sa_iterations = 1000, initial_temperature = 3.0, cooling_rate = 0.999
26 - INFO - chord#: 110 done. best_score=27.0, changed=532, unchanged=351, early_stops=8/8
26 - INFO - chord#: 112 In build_straw_man_chord_sa. tolerance = 1, sa_iterations = 1000, initial_temperature = 3.0, cooling_rate = 0.999
26 - INFO - chord#: 128 done. best_score=27.0, changed=521, unchanged=416, early_stops=8/8
26 - INFO - chord#: 130 In build_straw_man_chord_sa. tolerance = 1, sa_iterations = 1000, initial_temperature = 3.0, cooling_rate = 0.999
26 - INFO - chord#: 116 done. best_score=31.0, changed=519, unchanged=303, early_stops=8/8
26 - INFO - chord#: 118 In build_straw_man_chord_sa. tolerance = 1, sa_iterations = 1000, initial_temperature = 3.0, cooling_rate = 0.999
26 - INFO - chord#: 102 done. best_score=70.0, changed=607, unchanged=222, early_stops=8/8
26 - INFO - chord#: 104 In build_straw_man_chord_sa. tolerance = 1, sa_iterations = 1000, initial_temperature = 3.0, cooling_rate = 0.999
26 - INFO - chord#: 102 done. best_score=70.0, changed=612, unchanged=369, early_stops=8/8
26 - INFO - chord#: 104 In build_straw_man_chord_sa. tolerance = 1, sa_iterations = 1000, initial_temperature = 3.0, cooling_rate = 0.999
26 - INFO - chord#: 118 done. best_score=27.0, changed=523, unchanged=394, early_stops=8/8
26 - INFO - chord#: 120 In build_straw_man_chord_sa. tolerance = 1, sa_iterations = 1000, initial_temperature = 3.0, cooling_rate = 0.999
26 - INFO - chord#: 100 done. best_score=27.0, changed=518, unchanged=436, early_stops=8/8
26 - INFO - chord#: 102 In build_straw_man_chord_sa. tolerance = 1, sa_iterations = 1000, initial_temperature = 3.0, cooling_rate = 0.999
26 - INFO - chord#: 104 done. best_score=27.0, changed=522, unchanged=367, early_stops=8/8
26 - INFO - chord#: 106 In build_straw_man_chord_sa. tolerance = 1, sa_iterations = 1000, initial_temperature = 3.0, cooling_rate = 0.999
26 - INFO - chord#: 130 done. best_score=101.0, changed=616, unchanged=539, early_stops=8/8
26 - INFO - chord#: 132 In build_straw_man_chord_sa. tolerance = 1, sa_iterations = 1000, initial_temperature = 3.0, cooling_rate = 0.999
26 - INFO - chord#: 112 done. best_score=137.0, changed=610, unchanged=349, early_stops=8/8
26 - INFO - chord#: 114 In build_straw_man_chord_sa. tolerance = 1, sa_iterations = 1000, initial_temperature = 3.0, cooling_rate = 0.999
26 - INFO - chord#: 118 done. best_score=27.0, changed=521, unchanged=410, early_stops=8/8
26 - INFO - chord#: 120 In build_straw_man_chord_sa. tolerance = 1, sa_iterations = 1000, initial_temperature = 3.0, cooling_rate = 0.999
26 - INFO - chord#: 104 done. best_score=27.0, changed=517, unchanged=358, early_stops=8/8
26 - INFO - chord#: 106 In build_straw_man_chord_sa. tolerance = 1, sa_iterations = 1000, initial_temperature = 3.0, cooling_rate = 0.999
26 - INFO - chord#: 120 done. best_score=27.0, changed=522, unchanged=347, early_stops=8/8
26 - INFO - chord#: 128 In build_straw_man_chord_sa. tolerance = 1, sa_iterations = 1000, initial_temperature = 3.0, cooling_rate = 0.999
26 - INFO - chord#: 104 done. best_score=27.0, changed=522, unchanged=448, early_stops=8/8
26 - INFO - chord#: 106 In build_straw_man_chord_sa. tolerance = 1, sa_iterations = 1000, initial_temperature = 3.0, cooling_rate = 0.999
26 - INFO - chord#: 134 done. best_score=96.0, changed=609, unchanged=359, early_stops=8/8
26 - INFO - chord#: 136 In build_straw_man_chord_sa. tolerance = 1, sa_iterations = 1000, initial_temperature = 3.0, cooling_rate = 0.999
26 - INFO - chord#: 130 done. best_score=96.0, changed=615, unchanged=373, early_stops=8/8
26 - INFO - chord#: 132 In build_straw_man_chord_sa. tolerance = 1, sa_iterations = 1000, initial_temperature = 3.0, cooling_rate = 0.999
26 - INFO - chord#: 132 done. best_score=27.0, changed=515, unchanged=307, early_stops=8/8
26 - INFO - chord#: 134 In build_straw_man_chord_sa. tolerance = 1, sa_iterations = 1000, initial_temperature = 3.0, cooling_rate = 0.999
26 - INFO - chord#: 112 done. best_score=145.0, changed=610, unchanged=321, early_stops=8/8
26 - INFO - chord#: 114 In build_straw_man_chord_sa. tolerance = 1, sa_iterations = 1000, initial_temperature = 3.0, cooling_rate = 0.999
26 - INFO - chord#: 114 done. best_score=36.0, changed=524, unchanged=432, early_stops=8/8
26 - INFO - chord#: 116 In build_straw_man_chord_sa. tolerance = 1, sa_iterations = 1000, initial_temperature = 3.0, cooling_rate = 0.999
26 - INFO - chord#: 128 done. best_score=27.0, changed=525, unchanged=378, early_stops=8/8
26 - INFO - chord#: 130 In build_straw_man_chord_sa. tolerance = 1, sa_iterations = 1000, initial_temperature = 3.0, cooling_rate = 0.999
26 - INFO - chord#: 120 done. best_score=27.0, changed=536, unchanged=586, early_stops=8/8
26 - INFO - chord#: 128 In build_straw_man_chord_sa. tolerance = 1, sa_iterations = 1000, initial_temperature = 3.0, cooling_rate = 0.999
26 - INFO - chord#: 130 done. best_score=67.0, changed=623, unchanged=450, early_stops=8/8
26 - INFO - chord#: 132 In build_straw_man_chord_sa. tolerance = 1, sa_iterations = 1000, initial_temperature = 3.0, cooling_rate = 0.999
26 - INFO - chord#: 136 done. best_score=27.0, changed=530, unchanged=416, early_stops=8/8
26 - INFO - chord#: 138 In build_straw_man_chord_sa. tolerance = 1, sa_iterations = 1000, initial_temperature = 3.0, cooling_rate = 0.999
26 - INFO - chord#: 132 done. best_score=27.0, changed=518, unchanged=389, early_stops=8/8
26 - INFO - chord#: 134 In build_straw_man_chord_sa. tolerance = 1, sa_iterations = 1000, initial_temperature = 3.0, cooling_rate = 0.999
26 - INFO - chord#: 114 done. best_score=36.0, changed=529, unchanged=359, early_stops=8/8
26 - INFO - chord#: 116 In build_straw_man_chord_sa. tolerance = 1, sa_iterations = 1000, initial_temperature = 3.0, cooling_rate = 0.999
26 - INFO - chord#: 116 done. best_score=31.0, changed=535, unchanged=404, early_stops=8/8
26 - INFO - chord#: 118 In build_straw_man_chord_sa. tolerance = 1, sa_iterations = 1000, initial_temperature = 3.0, cooling_rate = 0.999
26 - INFO - chord#: 102 done. best_score=128.0, changed=613, unchanged=291, early_stops=8/8
26 - INFO - chord#: 104 In build_straw_man_chord_sa. tolerance = 1, sa_iterations = 1000, initial_temperature = 3.0, cooling_rate = 0.999
26 - INFO - chord#: 106 done. best_score=82.0, changed=612, unchanged=322, early_stops=8/8
26 - INFO - chord#: 108 In build_straw_man_chord_sa. tolerance = 1, sa_iterations = 1000, initial_temperature = 3.0, cooling_rate = 0.999
26 - INFO - chord#: 128 done. best_score=27.0, changed=514, unchanged=329, early_stops=8/8
26 - INFO - chord#: 130 In build_straw_man_chord_sa. tolerance = 1, sa_iterations = 1000, initial_temperature = 3.0, cooling_rate = 0.999
26 - INFO - chord#: 132 done. best_score=27.0, changed=519, unchanged=452, early_stops=8/8
26 - INFO - chord#: 134 In build_straw_man_chord_sa. tolerance = 1, sa_iterations = 1000, initial_temperature = 3.0, cooling_rate = 0.999
26 - INFO - chord#: 116 done. best_score=31.0, changed=519, unchanged=342, early_stops=8/8
26 - INFO - chord#: 118 In build_straw_man_chord_sa. tolerance = 1, sa_iterations = 1000, initial_temperature = 3.0, cooling_rate = 0.999
26 - INFO - chord#: 134 done. best_score=74.0, changed=614, unchanged=342, early_stops=8/8
26 - INFO - chord#: 136 In build_straw_man_chord_sa. tolerance = 1, sa_iterations = 1000, initial_temperature = 3.0, cooling_rate = 0.999
26 - INFO - chord#: 106 done. best_score=82.0, changed=612, unchanged=218, early_stops=8/8
26 - INFO - chord#: 108 In build_straw_man_chord_sa. tolerance = 1, sa_iterations = 1000, initial_temperature = 3.0, cooling_rate = 0.999
26 - INFO - chord#: 118 done. best_score=27.0, changed=527, unchanged=443, early_stops=8/8
26 - INFO - chord#: 120 In build_straw_man_chord_sa. tolerance = 1, sa_iterations = 1000, initial_temperature = 3.0, cooling_rate = 0.999
26 - INFO - chord#: 104 done. best_score=36.0, changed=530, unchanged=380, early_stops=8/8
26 - INFO - chord#: 106 In build_straw_man_chord_sa. tolerance = 1, sa_iterations = 1000, initial_temperature = 3.0, cooling_rate = 0.999
26 - INFO - chord#: 106 done. best_score=120.0, changed=613, unchanged=324, early_stops=8/8
26 - INFO - chord#: 108 In build_straw_man_chord_sa. tolerance = 1, sa_iterations = 1000, initial_temperature = 3.0, cooling_rate = 0.999
26 - INFO - chord#: 108 done. best_score=27.0, changed=532, unchanged=366, early_stops=8/8
26 - INFO - chord#: 110 In build_straw_man_chord_sa. tolerance = 1, sa_iterations = 1000, initial_temperature = 3.0, cooling_rate = 0.999
26 - INFO - chord#: 118 done. best_score=27.0, changed=524, unchanged=388, early_stops=8/8
26 - INFO - chord#: 120 In build_straw_man_chord_sa. tolerance = 1, sa_iterations = 1000, initial_temperature = 3.0, cooling_rate = 0.999
26 - INFO - chord#: 136 done. best_score=27.0, changed=522, unchanged=412, early_stops=8/8
26 - INFO - chord#: 138 In build_straw_man_chord_sa. tolerance = 1, sa_iterations = 1000, initial_temperature = 3.0, cooling_rate = 0.999
26 - INFO - chord#: 138 done. best_score=67.0, changed=610, unchanged=287, early_stops=8/8
26 - INFO - chord#: 140 In build_straw_man_chord_sa. tolerance = 1, sa_iterations = 1000, initial_temperature = 3.0, cooling_rate = 0.999
26 - INFO - chord#: 120 done. best_score=27.0, changed=525, unchanged=416, early_stops=8/8
26 - INFO - chord#: 128 In build_straw_man_chord_sa. tolerance = 1, sa_iterations = 1000, initial_temperature = 3.0, cooling_rate = 0.999
26 - INFO - chord#: 134 done. best_score=74.0, changed=618, unchanged=433, early_stops=8/8
26 - INFO - chord#: 136 In build_straw_man_chord_sa. tolerance = 1, sa_iterations = 1000, initial_temperature = 3.0, cooling_rate = 0.999
26 - INFO - chord#: 108 done. best_score=27.0, changed=523, unchanged=331, early_stops=8/8
26 - INFO - chord#: 110 In build_straw_man_chord_sa. tolerance = 1, sa_iterations = 1000, initial_temperature = 3.0, cooling_rate = 0.999
26 - INFO - chord#: 120 done. best_score=27.0, changed=510, unchanged=318, early_stops=8/8
26 - INFO - chord#: 128 In build_straw_man_chord_sa. tolerance = 1, sa_iterations = 1000, initial_temperature = 3.0, cooling_rate = 0.999
26 - INFO - chord#: 130 done. best_score=67.0, changed=617, unchanged=375, early_stops=8/8
26 - INFO - chord#: 132 In build_straw_man_chord_sa. tolerance = 1, sa_iterations = 1000, initial_temperature = 3.0, cooling_rate = 0.999
26 - INFO - chord#: 134 done. best_score=74.0, changed=608, unchanged=236, early_stops=8/8
26 - INFO - chord#: 136 In build_straw_man_chord_sa. tolerance = 1, sa_iterations = 1000, initial_temperature = 3.0, cooling_rate = 0.999
26 - INFO - chord#: 110 done. best_score=27.0, changed=517, unchanged=289, early_stops=8/8
26 - INFO - chord#: 112 In build_straw_man_chord_sa. tolerance = 1, sa_iterations = 1000, initial_temperature = 3.0, cooling_rate = 0.999
26 - INFO - chord#: 108 done. best_score=27.0, changed=519, unchanged=372, early_stops=8/8
26 - INFO - chord#: 110 In build_straw_man_chord_sa. tolerance = 1, sa_iterations = 1000, initial_temperature = 3.0, cooling_rate = 0.999
26 - INFO - chord#: 128 done. best_score=27.0, changed=517, unchanged=301, early_stops=8/8
26 - INFO - chord#: 130 In build_straw_man_chord_sa. tolerance = 1, sa_iterations = 1000, initial_temperature = 3.0, cooling_rate = 0.999
26 - INFO - chord#: 136 done. best_score=27.0, changed=533, unchanged=350, early_stops=8/8
26 - INFO - chord#: 138 In build_straw_man_chord_sa. tolerance = 1, sa_iterations = 1000, initial_temperature = 3.0, cooling_rate = 0.999
26 - INFO - chord#: 110 done. best_score=27.0, changed=518, unchanged=326, early_stops=8/8
26 - INFO - chord#: 112 In build_straw_man_chord_sa. tolerance = 1, sa_iterations = 1000, initial_temperature = 3.0, cooling_rate = 0.999
26 - INFO - chord#: 130 done. best_score=157.0, changed=608, unchanged=246, early_stops=8/8
26 - INFO - chord#: 132 In build_straw_man_chord_sa. tolerance = 1, sa_iterations = 1000, initial_temperature = 3.0, cooling_rate = 0.999
26 - INFO - chord#: 128 done. best_score=27.0, changed=516, unchanged=307, early_stops=8/8
26 - INFO - chord#: 130 In build_straw_man_chord_sa. tolerance = 1, sa_iterations = 1000, initial_temperature = 3.0, cooling_rate = 0.999
26 - INFO - chord#: 136 done. best_score=27.0, changed=519, unchanged=342, early_stops=8/8
26 - INFO - chord#: 138 In build_straw_man_chord_sa. tolerance = 1, sa_iterations = 1000, initial_temperature = 3.0, cooling_rate = 0.999
26 - INFO - chord#: 106 done. best_score=119.0, changed=609, unchanged=226, early_stops=8/8
26 - INFO - chord#: 108 In build_straw_man_chord_sa. tolerance = 1, sa_iterations = 1000, initial_temperature = 3.0, cooling_rate = 0.999
26 - INFO - chord#: 110 done. best_score=27.0, changed=522, unchanged=363, early_stops=8/8
26 - INFO - chord#: 112 In build_straw_man_chord_sa. tolerance = 1, sa_iterations = 1000, initial_temperature = 3.0, cooling_rate = 0.999
26 - INFO - chord#: 140 done. best_score=70.0, changed=612, unchanged=273, early_stops=8/8
26 - INFO - chord#: 142 In build_straw_man_chord_sa. tolerance = 1, sa_iterations = 1000, initial_temperature = 3.0, cooling_rate = 0.999
26 - INFO - chord#: 132 done. best_score=27.0, changed=521, unchanged=454, early_stops=8/8
26 - INFO - chord#: 134 In build_straw_man_chord_sa. tolerance = 1, sa_iterations = 1000, initial_temperature = 3.0, cooling_rate = 0.999
26 - INFO - chord#: 132 done. best_score=27.0, changed=520, unchanged=427, early_stops=8/8
26 - INFO - chord#: 134 In build_straw_man_chord_sa. tolerance = 1, sa_iterations = 1000, initial_temperature = 3.0, cooling_rate = 0.999
26 - INFO - chord#: 138 done. best_score=78.0, changed=613, unchanged=534, early_stops=8/8
26 - INFO - chord#: 140 In build_straw_man_chord_sa. tolerance = 1, sa_iterations = 1000, initial_temperature = 3.0, cooling_rate = 0.999
26 - INFO - chord#: 108 done. best_score=27.0, changed=524, unchanged=432, early_stops=8/8
26 - INFO - chord#: 110 In build_straw_man_chord_sa. tolerance = 1, sa_iterations = 1000, initial_temperature = 3.0, cooling_rate = 0.999
26 - INFO - chord#: 138 done. best_score=137.0, changed=604, unchanged=232, early_stops=8/8
26 - INFO - chord#: 140 In build_straw_man_chord_sa. tolerance = 1, sa_iterations = 1000, initial_temperature = 3.0, cooling_rate = 0.999
26 - INFO - chord#: 142 done. best_score=27.0, changed=523, unchanged=495, early_stops=8/8
26 - INFO - chord#: 144 In build_straw_man_chord_sa. tolerance = 1, sa_iterations = 1000, initial_temperature = 3.0, cooling_rate = 0.999
26 - INFO - chord#: 112 done. best_score=125.0, changed=606, unchanged=238, early_stops=8/8
26 - INFO - chord#: 114 In build_straw_man_chord_sa. tolerance = 1, sa_iterations = 1000, initial_temperature = 3.0, cooling_rate = 0.999
26 - INFO - chord#: 130 done. best_score=67.0, changed=616, unchanged=397, early_stops=8/8
26 - INFO - chord#: 132 In build_straw_man_chord_sa. tolerance = 1, sa_iterations = 1000, initial_temperature = 3.0, cooling_rate = 0.999
26 - INFO - chord#: 130 done. best_score=145.0, changed=611, unchanged=240, early_stops=8/8
26 - INFO - chord#: 132 In build_straw_man_chord_sa. tolerance = 1, sa_iterations = 1000, initial_temperature = 3.0, cooling_rate = 0.999
26 - INFO - chord#: 112 done. best_score=145.0, changed=604, unchanged=202, early_stops=8/8
26 - INFO - chord#: 114 In build_straw_man_chord_sa. tolerance = 1, sa_iterations = 1000, initial_temperature = 3.0, cooling_rate = 0.999
26 - INFO - chord#: 138 done. best_score=67.0, changed=610, unchanged=292, early_stops=8/8
26 - INFO - chord#: 140 In build_straw_man_chord_sa. tolerance = 1, sa_iterations = 1000, initial_temperature = 3.0, cooling_rate = 0.999
26 - INFO - chord#: 110 done. best_score=27.0, changed=530, unchanged=324, early_stops=8/8
26 - INFO - chord#: 112 In build_straw_man_chord_sa. tolerance = 1, sa_iterations = 1000, initial_temperature = 3.0, cooling_rate = 0.999
26 - INFO - chord#: 114 done. best_score=49.0, changed=524, unchanged=360, early_stops=8/8
26 - INFO - chord#: 116 In build_straw_man_chord_sa. tolerance = 1, sa_iterations = 1000, initial_temperature = 3.0, cooling_rate = 0.999
26 - INFO - chord#: 134 done. best_score=74.0, changed=613, unchanged=243, early_stops=8/8
26 - INFO - chord#: 136 In build_straw_man_chord_sa. tolerance = 1, sa_iterations = 1000, initial_temperature = 3.0, cooling_rate = 0.999
26 - INFO - chord#: 132 done. best_score=27.0, changed=520, unchanged=445, early_stops=8/8
26 - INFO - chord#: 134 In build_straw_man_chord_sa. tolerance = 1, sa_iterations = 1000, initial_temperature = 3.0, cooling_rate = 0.999
26 - INFO - chord#: 132 done. best_score=27.0, changed=531, unchanged=515, early_stops=8/8
26 - INFO - chord#: 134 In build_straw_man_chord_sa. tolerance = 1, sa_iterations = 1000, initial_temperature = 3.0, cooling_rate = 0.999
26 - INFO - chord#: 140 done. best_score=70.0, changed=605, unchanged=212, early_stops=8/8
26 - INFO - chord#: 142 In build_straw_man_chord_sa. tolerance = 1, sa_iterations = 1000, initial_temperature = 3.0, cooling_rate = 0.999
26 - INFO - chord#: 140 done. best_score=75.0, changed=613, unchanged=285, early_stops=8/8
26 - INFO - chord#: 142 In build_straw_man_chord_sa. tolerance = 1, sa_iterations = 1000, initial_temperature = 3.0, cooling_rate = 0.999
26 - INFO - chord#: 114 done. best_score=36.0, changed=520, unchanged=368, early_stops=8/8
26 - INFO - chord#: 116 In build_straw_man_chord_sa. tolerance = 1, sa_iterations = 1000, initial_temperature = 3.0, cooling_rate = 0.999
26 - INFO - chord#: 144 done. best_score=64.0, changed=605, unchanged=234, early_stops=8/8
26 - INFO - chord#: 146 In build_straw_man_chord_sa. tolerance = 1, sa_iterations = 1000, initial_temperature = 3.0, cooling_rate = 0.999
26 - INFO - chord#: 134 done. best_score=74.0, changed=611, unchanged=231, early_stops=8/8
26 - INFO - chord#: 136 In build_straw_man_chord_sa. tolerance = 1, sa_iterations = 1000, initial_temperature = 3.0, cooling_rate = 0.999
26 - INFO - chord#: 112 done. best_score=140.0, changed=620, unchanged=453, early_stops=8/8
26 - INFO - chord#: 114 In build_straw_man_chord_sa. tolerance = 1, sa_iterations = 1000, initial_temperature = 3.0, cooling_rate = 0.999
26 - INFO - chord#: 140 done. best_score=70.0, changed=607, unchanged=227, early_stops=8/8
26 - INFO - chord#: 142 In build_straw_man_chord_sa. tolerance = 1, sa_iterations = 1000, initial_temperature = 3.0, cooling_rate = 0.999
26 - INFO - chord#: 116 done. best_score=49.0, changed=535, unchanged=295, early_stops=8/8
26 - INFO - chord#: 118 In build_straw_man_chord_sa. tolerance = 1, sa_iterations = 1000, initial_temperature = 3.0, cooling_rate = 0.999
26 - INFO - chord#: 142 done. best_score=36.0, changed=527, unchanged=391, early_stops=8/8
26 - INFO - chord#: 144 In build_straw_man_chord_sa. tolerance = 1, sa_iterations = 1000, initial_temperature = 3.0, cooling_rate = 0.999
26 - INFO - chord#: 136 done. best_score=27.0, changed=523, unchanged=522, early_stops=8/8
26 - INFO - chord#: 138 In build_straw_man_chord_sa. tolerance = 1, sa_iterations = 1000, initial_temperature = 3.0, cooling_rate = 0.999
26 - INFO - chord#: 142 done. best_score=27.0, changed=515, unchanged=408, early_stops=8/8
26 - INFO - chord#: 144 In build_straw_man_chord_sa. tolerance = 1, sa_iterations = 1000, initial_temperature = 3.0, cooling_rate = 0.999
26 - INFO - chord#: 146 done. best_score=37.0, changed=539, unchanged=367, early_stops=8/8
26 - INFO - chord#: 148 In build_straw_man_chord_sa. tolerance = 1, sa_iterations = 1000, initial_temperature = 3.0, cooling_rate = 0.999
26 - INFO - chord#: 136 done. best_score=27.0, changed=518, unchanged=341, early_stops=8/8
26 - INFO - chord#: 138 In build_straw_man_chord_sa. tolerance = 1, sa_iterations = 1000, initial_temperature = 3.0, cooling_rate = 0.999
26 - INFO - chord#: 116 done. best_score=31.0, changed=524, unchanged=394, early_stops=8/8
26 - INFO - chord#: 118 In build_straw_man_chord_sa. tolerance = 1, sa_iterations = 1000, initial_temperature = 3.0, cooling_rate = 0.999
26 - INFO - chord#: 142 done. best_score=27.0, changed=522, unchanged=336, early_stops=8/8
26 - INFO - chord#: 144 In build_straw_man_chord_sa. tolerance = 1, sa_iterations = 1000, initial_temperature = 3.0, cooling_rate = 0.999
26 - INFO - chord#: 134 done. best_score=96.0, changed=619, unchanged=288, early_stops=8/8
26 - INFO - chord#: 136 In build_straw_man_chord_sa. tolerance = 1, sa_iterations = 1000, initial_temperature = 3.0, cooling_rate = 0.999
26 - INFO - chord#: 118 done. best_score=57.0, changed=535, unchanged=347, early_stops=8/8
26 - INFO - chord#: 120 In build_straw_man_chord_sa. tolerance = 1, sa_iterations = 1000, initial_temperature = 3.0, cooling_rate = 0.999
26 - INFO - chord#: 114 done. best_score=49.0, changed=526, unchanged=444, early_stops=8/8
26 - INFO - chord#: 116 In build_straw_man_chord_sa. tolerance = 1, sa_iterations = 1000, initial_temperature = 3.0, cooling_rate = 0.999
26 - INFO - chord#: 112 done. best_score=67.0, changed=607, unchanged=281, early_stops=8/8
26 - INFO - chord#: 114 In build_straw_man_chord_sa. tolerance = 1, sa_iterations = 1000, initial_temperature = 3.0, cooling_rate = 0.999
26 - INFO - chord#: 148 done. best_score=27.0, changed=516, unchanged=408, early_stops=8/8
26 - INFO - chord#: 150 In build_straw_man_chord_sa. tolerance = 1, sa_iterations = 1000, initial_temperature = 3.0, cooling_rate = 0.999
26 - INFO - chord#: 134 done. best_score=74.0, changed=620, unchanged=500, early_stops=8/8
26 - INFO - chord#: 136 In build_straw_man_chord_sa. tolerance = 1, sa_iterations = 1000, initial_temperature = 3.0, cooling_rate = 0.999
26 - INFO - chord#: 118 done. best_score=27.0, changed=524, unchanged=326, early_stops=8/8
26 - INFO - chord#: 120 In build_straw_man_chord_sa. tolerance = 1, sa_iterations = 1000, initial_temperature = 3.0, cooling_rate = 0.999
26 - INFO - chord#: 136 done. best_score=27.0, changed=528, unchanged=417, early_stops=8/8
26 - INFO - chord#: 138 In build_straw_man_chord_sa. tolerance = 1, sa_iterations = 1000, initial_temperature = 3.0, cooling_rate = 0.999
26 - INFO - chord#: 150 done. best_score=27.0, changed=530, unchanged=370, early_stops=8/8
26 - INFO - chord#: 151 In build_straw_man_chord_sa. tolerance = 1, sa_iterations = 1000, initial_temperature = 3.0, cooling_rate = 0.999
26 - INFO - chord#: 120 done. best_score=27.0, changed=531, unchanged=412, early_stops=8/8
26 - INFO - chord#: 128 In build_straw_man_chord_sa. tolerance = 1, sa_iterations = 1000, initial_temperature = 3.0, cooling_rate = 0.999
26 - INFO - chord#: 114 done. best_score=36.0, changed=533, unchanged=340, early_stops=8/8
26 - INFO - chord#: 116 In build_straw_man_chord_sa. tolerance = 1, sa_iterations = 1000, initial_temperature = 3.0, cooling_rate = 0.999
26 - INFO - chord#: 144 done. best_score=71.0, changed=619, unchanged=410, early_stops=8/8
26 - INFO - chord#: 146 In build_straw_man_chord_sa. tolerance = 1, sa_iterations = 1000, initial_temperature = 3.0, cooling_rate = 0.999
26 - INFO - chord#: 144 done. best_score=64.0, changed=612, unchanged=387, early_stops=8/8
26 - INFO - chord#: 146 In build_straw_man_chord_sa. tolerance = 1, sa_iterations = 1000, initial_temperature = 3.0, cooling_rate = 0.999
26 - INFO - chord#: 136 done. best_score=27.0, changed=535, unchanged=384, early_stops=8/8
26 - INFO - chord#: 138 In build_straw_man_chord_sa. tolerance = 1, sa_iterations = 1000, initial_temperature = 3.0, cooling_rate = 0.999
26 - INFO - chord#: 116 done. best_score=31.0, changed=521, unchanged=445, early_stops=8/8
26 - INFO - chord#: 118 In build_straw_man_chord_sa. tolerance = 1, sa_iterations = 1000, initial_temperature = 3.0, cooling_rate = 0.999
26 - INFO - chord#: 144 done. best_score=172.0, changed=612, unchanged=260, early_stops=8/8
26 - INFO - chord#: 146 In build_straw_man_chord_sa. tolerance = 1, sa_iterations = 1000, initial_temperature = 3.0, cooling_rate = 0.999
26 - INFO - chord#: 120 done. best_score=27.0, changed=525, unchanged=549, early_stops=8/8
26 - INFO - chord#: 128 In build_straw_man_chord_sa. tolerance = 1, sa_iterations = 1000, initial_temperature = 3.0, cooling_rate = 0.999
26 - INFO - chord#: 146 done. best_score=35.0, changed=548, unchanged=267, early_stops=8/8
26 - INFO - chord#: 148 In build_straw_man_chord_sa. tolerance = 1, sa_iterations = 1000, initial_temperature = 3.0, cooling_rate = 0.999
26 - INFO - chord#: 146 done. best_score=37.0, changed=514, unchanged=298, early_stops=8/8
26 - INFO - chord#: 148 In build_straw_man_chord_sa. tolerance = 1, sa_iterations = 1000, initial_temperature = 3.0, cooling_rate = 0.999
26 - INFO - chord#: 138 done. best_score=78.0, changed=609, unchanged=358, early_stops=8/8
26 - INFO - chord#: 140 In build_straw_man_chord_sa. tolerance = 1, sa_iterations = 1000, initial_temperature = 3.0, cooling_rate = 0.999
26 - INFO - chord#: 128 done. best_score=27.0, changed=512, unchanged=317, early_stops=8/8
26 - INFO - chord#: 130 In build_straw_man_chord_sa. tolerance = 1, sa_iterations = 1000, initial_temperature = 3.0, cooling_rate = 0.999
26 - INFO - chord#: 146 done. best_score=61.0, changed=522, unchanged=356, early_stops=8/8
26 - INFO - chord#: 148 In build_straw_man_chord_sa. tolerance = 1, sa_iterations = 1000, initial_temperature = 3.0, cooling_rate = 0.999
26 - INFO - chord#: 116 done. best_score=31.0, changed=538, unchanged=352, early_stops=8/8
26 - INFO - chord#: 118 In build_straw_man_chord_sa. tolerance = 1, sa_iterations = 1000, initial_temperature = 3.0, cooling_rate = 0.999
26 - INFO - chord#: 138 done. best_score=140.0, changed=613, unchanged=356, early_stops=8/8
26 - INFO - chord#: 140 In build_straw_man_chord_sa. tolerance = 1, sa_iterations = 1000, initial_temperature = 3.0, cooling_rate = 0.999
26 - INFO - chord#: 118 done. best_score=27.0, changed=519, unchanged=353, early_stops=8/8
26 - INFO - chord#: 120 In build_straw_man_chord_sa. tolerance = 1, sa_iterations = 1000, initial_temperature = 3.0, cooling_rate = 0.999
26 - INFO - chord#: 148 done. best_score=27.0, changed=518, unchanged=345, early_stops=8/8
26 - INFO - chord#: 150 In build_straw_man_chord_sa. tolerance = 1, sa_iterations = 1000, initial_temperature = 3.0, cooling_rate = 0.999
26 - INFO - chord#: 128 done. best_score=27.0, changed=523, unchanged=361, early_stops=8/8
26 - INFO - chord#: 130 In build_straw_man_chord_sa. tolerance = 1, sa_iterations = 1000, initial_temperature = 3.0, cooling_rate = 0.999
26 - INFO - chord#: 148 done. best_score=27.0, changed=519, unchanged=392, early_stops=8/8
26 - INFO - chord#: 150 In build_straw_man_chord_sa. tolerance = 1, sa_iterations = 1000, initial_temperature = 3.0, cooling_rate = 0.999
26 - INFO - chord#: 151 done. best_score=96.0, changed=612, unchanged=301, early_stops=8/8
26 - INFO - chord#: 152 In build_straw_man_chord_sa. tolerance = 1, sa_iterations = 1000, initial_temperature = 3.0, cooling_rate = 0.999
26 - INFO - chord#: 148 done. best_score=27.0, changed=517, unchanged=472, early_stops=8/8
26 - INFO - chord#: 150 In build_straw_man_chord_sa. tolerance = 1, sa_iterations = 1000, initial_temperature = 3.0, cooling_rate = 0.999
26 - INFO - chord#: 138 done. best_score=140.0, changed=615, unchanged=462, early_stops=8/8
26 - INFO - chord#: 140 In build_straw_man_chord_sa. tolerance = 1, sa_iterations = 1000, initial_temperature = 3.0, cooling_rate = 0.999
26 - INFO - chord#: 118 done. best_score=27.0, changed=522, unchanged=346, early_stops=8/8
26 - INFO - chord#: 120 In build_straw_man_chord_sa. tolerance = 1, sa_iterations = 1000, initial_temperature = 3.0, cooling_rate = 0.999
26 - INFO - chord#: 120 done. best_score=27.0, changed=524, unchanged=417, early_stops=8/8
26 - INFO - chord#: 128 In build_straw_man_chord_sa. tolerance = 1, sa_iterations = 1000, initial_temperature = 3.0, cooling_rate = 0.999
26 - INFO - chord#: 150 done. best_score=27.0, changed=517, unchanged=361, early_stops=8/8
26 - INFO - chord#: 151 In build_straw_man_chord_sa. tolerance = 1, sa_iterations = 1000, initial_temperature = 3.0, cooling_rate = 0.999
26 - INFO - chord#: 138 done. best_score=67.0, changed=611, unchanged=361, early_stops=8/8
26 - INFO - chord#: 140 In build_straw_man_chord_sa. tolerance = 1, sa_iterations = 1000, initial_temperature = 3.0, cooling_rate = 0.999
26 - INFO - chord#: 150 done. best_score=27.0, changed=519, unchanged=368, early_stops=8/8
26 - INFO - chord#: 151 In build_straw_man_chord_sa. tolerance = 1, sa_iterations = 1000, initial_temperature = 3.0, cooling_rate = 0.999
26 - INFO - chord#: 152 done. best_score=27.0, changed=520, unchanged=394, early_stops=8/8
26 - INFO - chord#: 160 In build_straw_man_chord_sa. tolerance = 1, sa_iterations = 1000, initial_temperature = 3.0, cooling_rate = 0.999
26 - INFO - chord#: 150 done. best_score=27.0, changed=517, unchanged=331, early_stops=8/8
26 - INFO - chord#: 151 In build_straw_man_chord_sa. tolerance = 1, sa_iterations = 1000, initial_temperature = 3.0, cooling_rate = 0.999
26 - INFO - chord#: 120 done. best_score=27.0, changed=518, unchanged=416, early_stops=8/8
26 - INFO - chord#: 128 In build_straw_man_chord_sa. tolerance = 1, sa_iterations = 1000, initial_temperature = 3.0, cooling_rate = 0.999
26 - INFO - chord#: 140 done. best_score=75.0, changed=613, unchanged=398, early_stops=8/8
26 - INFO - chord#: 142 In build_straw_man_chord_sa. tolerance = 1, sa_iterations = 1000, initial_temperature = 3.0, cooling_rate = 0.999
26 - INFO - chord#: 140 done. best_score=154.0, changed=609, unchanged=248, early_stops=8/8
26 - INFO - chord#: 142 In build_straw_man_chord_sa. tolerance = 1, sa_iterations = 1000, initial_temperature = 3.0, cooling_rate = 0.999
26 - INFO - chord#: 128 done. best_score=27.0, changed=529, unchanged=380, early_stops=8/8
26 - INFO - chord#: 130 In build_straw_man_chord_sa. tolerance = 1, sa_iterations = 1000, initial_temperature = 3.0, cooling_rate = 0.999
26 - INFO - chord#: 130 done. best_score=137.0, changed=608, unchanged=350, early_stops=8/8
26 - INFO - chord#: 132 In build_straw_man_chord_sa. tolerance = 1, sa_iterations = 1000, initial_temperature = 3.0, cooling_rate = 0.999
26 - INFO - chord#: 128 done. best_score=27.0, changed=524, unchanged=394, early_stops=8/8
26 - INFO - chord#: 130 In build_straw_man_chord_sa. tolerance = 1, sa_iterations = 1000, initial_temperature = 3.0, cooling_rate = 0.999
26 - INFO - chord#: 130 done. best_score=67.0, changed=615, unchanged=281, early_stops=8/8
26 - INFO - chord#: 132 In build_straw_man_chord_sa. tolerance = 1, sa_iterations = 1000, initial_temperature = 3.0, cooling_rate = 0.999
26 - INFO - chord#: 140 done. best_score=70.0, changed=615, unchanged=282, early_stops=8/8
26 - INFO - chord#: 142 In build_straw_man_chord_sa. tolerance = 1, sa_iterations = 1000, initial_temperature = 3.0, cooling_rate = 0.999
26 - INFO - chord#: 142 done. best_score=36.0, changed=528, unchanged=416, early_stops=8/8
26 - INFO - chord#: 144 In build_straw_man_chord_sa. tolerance = 1, sa_iterations = 1000, initial_temperature = 3.0, cooling_rate = 0.999
26 - INFO - chord#: 140 done. best_score=70.0, changed=610, unchanged=273, early_stops=8/8
26 - INFO - chord#: 142 In build_straw_man_chord_sa. tolerance = 1, sa_iterations = 1000, initial_temperature = 3.0, cooling_rate = 0.999
26 - INFO - chord#: 142 done. best_score=36.0, changed=535, unchanged=450, early_stops=8/8
26 - INFO - chord#: 144 In build_straw_man_chord_sa. tolerance = 1, sa_iterations = 1000, initial_temperature = 3.0, cooling_rate = 0.999
26 - INFO - chord#: 151 done. best_score=96.0, changed=611, unchanged=405, early_stops=8/8
26 - INFO - chord#: 152 In build_straw_man_chord_sa. tolerance = 1, sa_iterations = 1000, initial_temperature = 3.0, cooling_rate = 0.999
26 - INFO - chord#: 151 done. best_score=145.0, changed=610, unchanged=310, early_stops=8/8
26 - INFO - chord#: 152 In build_straw_man_chord_sa. tolerance = 1, sa_iterations = 1000, initial_temperature = 3.0, cooling_rate = 0.999
26 - INFO - chord#: 132 done. best_score=27.0, changed=509, unchanged=376, early_stops=8/8
26 - INFO - chord#: 134 In build_straw_man_chord_sa. tolerance = 1, sa_iterations = 1000, initial_temperature = 3.0, cooling_rate = 0.999
26 - INFO - chord#: 160 done. best_score=137.0, changed=609, unchanged=251, early_stops=8/8
26 - INFO - chord#: 164 In build_straw_man_chord_sa. tolerance = 1, sa_iterations = 1000, initial_temperature = 3.0, cooling_rate = 0.999
26 - INFO - chord#: 151 done. best_score=67.0, changed=614, unchanged=298, early_stops=8/8
26 - INFO - chord#: 152 In build_straw_man_chord_sa. tolerance = 1, sa_iterations = 1000, initial_temperature = 3.0, cooling_rate = 0.999
26 - INFO - chord#: 142 done. best_score=27.0, changed=530, unchanged=367, early_stops=8/8
26 - INFO - chord#: 144 In build_straw_man_chord_sa. tolerance = 1, sa_iterations = 1000, initial_temperature = 3.0, cooling_rate = 0.999
26 - INFO - chord#: 142 done. best_score=27.0, changed=524, unchanged=412, early_stops=8/8
26 - INFO - chord#: 132 done. best_score=27.0, changed=522, unchanged=478, early_stops=8/8
26 - INFO - chord#: 134 In build_straw_man_chord_sa. tolerance = 1, sa_iterations = 1000, initial_temperature = 3.0, cooling_rate = 0.999
26 - INFO - chord#: 144 In build_straw_man_chord_sa. tolerance = 1, sa_iterations = 1000, initial_temperature = 3.0, cooling_rate = 0.999
26 - INFO - chord#: 152 done. best_score=27.0, changed=521, unchanged=350, early_stops=8/8
26 - INFO - chord#: 160 In build_straw_man_chord_sa. tolerance = 1, sa_iterations = 1000, initial_temperature = 3.0, cooling_rate = 0.999
26 - INFO - chord#: 152 done. best_score=27.0, changed=526, unchanged=361, early_stops=8/8
26 - INFO - chord#: 160 In build_straw_man_chord_sa. tolerance = 1, sa_iterations = 1000, initial_temperature = 3.0, cooling_rate = 0.999
26 - INFO - chord#: 152 done. best_score=27.0, changed=529, unchanged=371, early_stops=8/8
26 - INFO - chord#: 160 In build_straw_man_chord_sa. tolerance = 1, sa_iterations = 1000, initial_temperature = 3.0, cooling_rate = 0.999
26 - INFO - chord#: 164 done. best_score=27.0, changed=529, unchanged=546, early_stops=8/8
26 - INFO - chord#: 166 In build_straw_man_chord_sa. tolerance = 1, sa_iterations = 1000, initial_temperature = 3.0, cooling_rate = 0.999
26 - INFO - chord#: 130 done. best_score=67.0, changed=613, unchanged=296, early_stops=8/8
26 - INFO - chord#: 132 In build_straw_man_chord_sa. tolerance = 1, sa_iterations = 1000, initial_temperature = 3.0, cooling_rate = 0.999
26 - INFO - chord#: 130 done. best_score=96.0, changed=614, unchanged=331, early_stops=8/8
26 - INFO - chord#: 132 In build_straw_man_chord_sa. tolerance = 1, sa_iterations = 1000, initial_temperature = 3.0, cooling_rate = 0.999
26 - INFO - chord#: 144 done. best_score=155.0, changed=614, unchanged=318, early_stops=8/8
26 - INFO - chord#: 146 In build_straw_man_chord_sa. tolerance = 1, sa_iterations = 1000, initial_temperature = 3.0, cooling_rate = 0.999
26 - INFO - chord#: 134 done. best_score=74.0, changed=606, unchanged=207, early_stops=8/8
26 - INFO - chord#: 136 In build_straw_man_chord_sa. tolerance = 1, sa_iterations = 1000, initial_temperature = 3.0, cooling_rate = 0.999
26 - INFO - chord#: 144 done. best_score=157.0, changed=612, unchanged=332, early_stops=8/8
26 - INFO - chord#: 146 In build_straw_man_chord_sa. tolerance = 1, sa_iterations = 1000, initial_temperature = 3.0, cooling_rate = 0.999
26 - INFO - chord#: 144 done. best_score=146.0, changed=617, unchanged=454, early_stops=8/8
26 - INFO - chord#: 146 In build_straw_man_chord_sa. tolerance = 1, sa_iterations = 1000, initial_temperature = 3.0, cooling_rate = 0.999
26 - INFO - chord#: 132 done. best_score=27.0, changed=522, unchanged=358, early_stops=8/8
26 - INFO - chord#: 134 In build_straw_man_chord_sa. tolerance = 1, sa_iterations = 1000, initial_temperature = 3.0, cooling_rate = 0.999
26 - INFO - chord#: 132 done. best_score=27.0, changed=525, unchanged=528, early_stops=8/8
26 - INFO - chord#: 134 In build_straw_man_chord_sa. tolerance = 1, sa_iterations = 1000, initial_temperature = 3.0, cooling_rate = 0.999
26 - INFO - chord#: 146 done. best_score=36.0, changed=542, unchanged=365, early_stops=8/8
26 - INFO - chord#: 148 In build_straw_man_chord_sa. tolerance = 1, sa_iterations = 1000, initial_temperature = 3.0, cooling_rate = 0.999
26 - INFO - chord#: 134 done. best_score=121.0, changed=607, unchanged=269, early_stops=8/8
26 - INFO - chord#: 136 In build_straw_man_chord_sa. tolerance = 1, sa_iterations = 1000, initial_temperature = 3.0, cooling_rate = 0.999
26 - INFO - chord#: 160 done. best_score=137.0, changed=607, unchanged=292, early_stops=8/8
26 - INFO - chord#: 164 In build_straw_man_chord_sa. tolerance = 1, sa_iterations = 1000, initial_temperature = 3.0, cooling_rate = 0.999
26 - INFO - chord#: 146 done. best_score=37.0, changed=542, unchanged=292, early_stops=8/8
26 - INFO - chord#: 148 In build_straw_man_chord_sa. tolerance = 1, sa_iterations = 1000, initial_temperature = 3.0, cooling_rate = 0.999
26 - INFO - chord#: 136 done. best_score=27.0, changed=516, unchanged=307, early_stops=8/8
26 - INFO - chord#: 138 In build_straw_man_chord_sa. tolerance = 1, sa_iterations = 1000, initial_temperature = 3.0, cooling_rate = 0.999
26 - INFO - chord#: 166 done. best_score=137.0, changed=606, unchanged=284, early_stops=8/8
26 - INFO - chord#: 168 In build_straw_man_chord_sa. tolerance = 1, sa_iterations = 1000, initial_temperature = 3.0, cooling_rate = 0.999
26 - INFO - chord#: 146 done. best_score=35.0, changed=535, unchanged=311, early_stops=8/8
26 - INFO - chord#: 148 In build_straw_man_chord_sa. tolerance = 1, sa_iterations = 1000, initial_temperature = 3.0, cooling_rate = 0.999
26 - INFO - chord#: 160 done. best_score=166.0, changed=611, unchanged=432, early_stops=8/8
26 - INFO - chord#: 164 In build_straw_man_chord_sa. tolerance = 1, sa_iterations = 1000, initial_temperature = 3.0, cooling_rate = 0.999
26 - INFO - chord#: 144 done. best_score=64.0, changed=615, unchanged=458, early_stops=8/8
26 - INFO - chord#: 146 In build_straw_man_chord_sa. tolerance = 1, sa_iterations = 1000, initial_temperature = 3.0, cooling_rate = 0.999
26 - INFO - chord#: 160 done. best_score=78.0, changed=616, unchanged=438, early_stops=8/8
26 - INFO - chord#: 164 In build_straw_man_chord_sa. tolerance = 1, sa_iterations = 1000, initial_temperature = 3.0, cooling_rate = 0.999
26 - INFO - chord#: 148 done. best_score=27.0, changed=513, unchanged=430, early_stops=8/8
26 - INFO - chord#: 150 In build_straw_man_chord_sa. tolerance = 1, sa_iterations = 1000, initial_temperature = 3.0, cooling_rate = 0.999
26 - INFO - chord#: 164 done. best_score=27.0, changed=528, unchanged=547, early_stops=8/8
26 - INFO - chord#: 166 In build_straw_man_chord_sa. tolerance = 1, sa_iterations = 1000, initial_temperature = 3.0, cooling_rate = 0.999
26 - INFO - chord#: 168 done. best_score=27.0, changed=518, unchanged=327, early_stops=8/8
26 - INFO - chord#: 172 In build_straw_man_chord_sa. tolerance = 1, sa_iterations = 1000, initial_temperature = 3.0, cooling_rate = 0.999
26 - INFO - chord#: 136 done. best_score=27.0, changed=517, unchanged=348, early_stops=8/8
26 - INFO - chord#: 138 In build_straw_man_chord_sa. tolerance = 1, sa_iterations = 1000, initial_temperature = 3.0, cooling_rate = 0.999
26 - INFO - chord#: 148 done. best_score=27.0, changed=517, unchanged=392, early_stops=8/8
26 - INFO - chord#: 150 In build_straw_man_chord_sa. tolerance = 1, sa_iterations = 1000, initial_temperature = 3.0, cooling_rate = 0.999
26 - INFO - chord#: 134 done. best_score=74.0, changed=609, unchanged=261, early_stops=8/8
26 - INFO - chord#: 136 In build_straw_man_chord_sa. tolerance = 1, sa_iterations = 1000, initial_temperature = 3.0, cooling_rate = 0.999
26 - INFO - chord#: 164 done. best_score=27.0, changed=522, unchanged=462, early_stops=8/8
26 - INFO - chord#: 166 In build_straw_man_chord_sa. tolerance = 1, sa_iterations = 1000, initial_temperature = 3.0, cooling_rate = 0.999
26 - INFO - chord#: 148 done. best_score=27.0, changed=521, unchanged=424, early_stops=8/8
26 - INFO - chord#: 150 In build_straw_man_chord_sa. tolerance = 1, sa_iterations = 1000, initial_temperature = 3.0, cooling_rate = 0.999
26 - INFO - chord#: 164 done. best_score=27.0, changed=522, unchanged=366, early_stops=8/8
26 - INFO - chord#: 166 In build_straw_man_chord_sa. tolerance = 1, sa_iterations = 1000, initial_temperature = 3.0, cooling_rate = 0.999
26 - INFO - chord#: 146 done. best_score=37.0, changed=517, unchanged=348, early_stops=8/8
26 - INFO - chord#: 148 In build_straw_man_chord_sa. tolerance = 1, sa_iterations = 1000, initial_temperature = 3.0, cooling_rate = 0.999
26 - INFO - chord#: 150 done. best_score=27.0, changed=529, unchanged=377, early_stops=8/8
26 - INFO - chord#: 151 In build_straw_man_chord_sa. tolerance = 1, sa_iterations = 1000, initial_temperature = 3.0, cooling_rate = 0.999
26 - INFO - chord#: 136 done. best_score=27.0, changed=524, unchanged=353, early_stops=8/8
26 - INFO - chord#: 138 In build_straw_man_chord_sa. tolerance = 1, sa_iterations = 1000, initial_temperature = 3.0, cooling_rate = 0.999
26 - INFO - chord#: 134 done. best_score=74.0, changed=613, unchanged=295, early_stops=8/8
26 - INFO - chord#: 136 In build_straw_man_chord_sa. tolerance = 1, sa_iterations = 1000, initial_temperature = 3.0, cooling_rate = 0.999
26 - INFO - chord#: 150 done. best_score=27.0, changed=518, unchanged=318, early_stops=8/8
26 - INFO - chord#: 151 In build_straw_man_chord_sa. tolerance = 1, sa_iterations = 1000, initial_temperature = 3.0, cooling_rate = 0.999
26 - INFO - chord#: 138 done. best_score=137.0, changed=604, unchanged=199, early_stops=8/8
26 - INFO - chord#: 140 In build_straw_man_chord_sa. tolerance = 1, sa_iterations = 1000, initial_temperature = 3.0, cooling_rate = 0.999
26 - INFO - chord#: 150 done. best_score=27.0, changed=536, unchanged=409, early_stops=8/8
26 - INFO - chord#: 151 In build_straw_man_chord_sa. tolerance = 1, sa_iterations = 1000, initial_temperature = 3.0, cooling_rate = 0.999
26 - INFO - chord#: 148 done. best_score=27.0, changed=529, unchanged=486, early_stops=8/8
26 - INFO - chord#: 150 In build_straw_man_chord_sa. tolerance = 1, sa_iterations = 1000, initial_temperature = 3.0, cooling_rate = 0.999
26 - INFO - chord#: 136 done. best_score=27.0, changed=523, unchanged=403, early_stops=8/8
26 - INFO - chord#: 138 In build_straw_man_chord_sa. tolerance = 1, sa_iterations = 1000, initial_temperature = 3.0, cooling_rate = 0.999
26 - INFO - chord#: 166 done. best_score=78.0, changed=612, unchanged=361, early_stops=8/8
26 - INFO - chord#: 168 In build_straw_man_chord_sa. tolerance = 1, sa_iterations = 1000, initial_temperature = 3.0, cooling_rate = 0.999
26 - INFO - chord#: 172 done. best_score=82.0, changed=613, unchanged=501, early_stops=8/8
26 - INFO - chord#: 174 In build_straw_man_chord_sa. tolerance = 1, sa_iterations = 1000, initial_temperature = 3.0, cooling_rate = 0.999
26 - INFO - chord#: 166 done. best_score=78.0, changed=617, unchanged=379, early_stops=8/8
26 - INFO - chord#: 168 In build_straw_man_chord_sa. tolerance = 1, sa_iterations = 1000, initial_temperature = 3.0, cooling_rate = 0.999
26 - INFO - chord#: 138 done. best_score=162.0, changed=613, unchanged=266, early_stops=8/8
26 - INFO - chord#: 140 In build_straw_man_chord_sa. tolerance = 1, sa_iterations = 1000, initial_temperature = 3.0, cooling_rate = 0.999
26 - INFO - chord#: 151 done. best_score=67.0, changed=612, unchanged=284, early_stops=8/8
26 - INFO - chord#: 152 In build_straw_man_chord_sa. tolerance = 1, sa_iterations = 1000, initial_temperature = 3.0, cooling_rate = 0.999
26 - INFO - chord#: 166 done. best_score=157.0, changed=613, unchanged=386, early_stops=8/8
26 - INFO - chord#: 168 In build_straw_man_chord_sa. tolerance = 1, sa_iterations = 1000, initial_temperature = 3.0, cooling_rate = 0.999
26 - INFO - chord#: 150 done. best_score=27.0, changed=528, unchanged=392, early_stops=8/8
26 - INFO - chord#: 151 In build_straw_man_chord_sa. tolerance = 1, sa_iterations = 1000, initial_temperature = 3.0, cooling_rate = 0.999
26 - INFO - chord#: 168 done. best_score=27.0, changed=531, unchanged=456, early_stops=8/8
26 - INFO - chord#: 172 In build_straw_man_chord_sa. tolerance = 1, sa_iterations = 1000, initial_temperature = 3.0, cooling_rate = 0.999
26 - INFO - chord#: 174 done. best_score=27.0, changed=525, unchanged=355, early_stops=8/8
26 - INFO - chord#: 176 In build_straw_man_chord_sa. tolerance = 1, sa_iterations = 1000, initial_temperature = 3.0, cooling_rate = 0.999
26 - INFO - chord#: 138 done. best_score=67.0, changed=615, unchanged=396, early_stops=8/8
26 - INFO - chord#: 140 In build_straw_man_chord_sa. tolerance = 1, sa_iterations = 1000, initial_temperature = 3.0, cooling_rate = 0.999
26 - INFO - chord#: 168 done. best_score=27.0, changed=511, unchanged=352, early_stops=8/8
26 - INFO - chord#: 172 In build_straw_man_chord_sa. tolerance = 1, sa_iterations = 1000, initial_temperature = 3.0, cooling_rate = 0.999
26 - INFO - chord#: 152 done. best_score=27.0, changed=519, unchanged=347, early_stops=8/8
26 - INFO - chord#: 160 In build_straw_man_chord_sa. tolerance = 1, sa_iterations = 1000, initial_temperature = 3.0, cooling_rate = 0.999
26 - INFO - chord#: 140 done. best_score=70.0, changed=610, unchanged=244, early_stops=8/8
26 - INFO - chord#: 142 In build_straw_man_chord_sa. tolerance = 1, sa_iterations = 1000, initial_temperature = 3.0, cooling_rate = 0.999
26 - INFO - chord#: 168 done. best_score=27.0, changed=533, unchanged=418, early_stops=8/8
26 - INFO - chord#: 172 In build_straw_man_chord_sa. tolerance = 1, sa_iterations = 1000, initial_temperature = 3.0, cooling_rate = 0.999
26 - INFO - chord#: 151 done. best_score=67.0, changed=610, unchanged=362, early_stops=8/8
26 - INFO - chord#: 152 In build_straw_man_chord_sa. tolerance = 1, sa_iterations = 1000, initial_temperature = 3.0, cooling_rate = 0.999
26 - INFO - chord#: 151 done. best_score=157.0, changed=613, unchanged=290, early_stops=8/8
26 - INFO - chord#: 152 In build_straw_man_chord_sa. tolerance = 1, sa_iterations = 1000, initial_temperature = 3.0, cooling_rate = 0.999
26 - INFO - chord#: 142 done. best_score=27.0, changed=526, unchanged=351, early_stops=8/8
26 - INFO - chord#: 144 In build_straw_man_chord_sa. tolerance = 1, sa_iterations = 1000, initial_temperature = 3.0, cooling_rate = 0.999
26 - INFO - chord#: 152 done. best_score=27.0, changed=528, unchanged=378, early_stops=8/8
26 - INFO - chord#: 160 In build_straw_man_chord_sa. tolerance = 1, sa_iterations = 1000, initial_temperature = 3.0, cooling_rate = 0.999
26 - INFO - chord#: 140 done. best_score=70.0, changed=615, unchanged=391, early_stops=8/8
26 - INFO - chord#: 142 In build_straw_man_chord_sa. tolerance = 1, sa_iterations = 1000, initial_temperature = 3.0, cooling_rate = 0.999
26 - INFO - chord#: 172 done. best_score=120.0, changed=610, unchanged=315, early_stops=8/8
26 - INFO - chord#: 174 In build_straw_man_chord_sa. tolerance = 1, sa_iterations = 1000, initial_temperature = 3.0, cooling_rate = 0.999
26 - INFO - chord#: 152 done. best_score=27.0, changed=533, unchanged=454, early_stops=8/8
26 - INFO - chord#: 160 In build_straw_man_chord_sa. tolerance = 1, sa_iterations = 1000, initial_temperature = 3.0, cooling_rate = 0.999
26 - INFO - chord#: 176 done. best_score=78.0, changed=614, unchanged=368, early_stops=8/8
26 - INFO - chord#: 178 In build_straw_man_chord_sa. tolerance = 1, sa_iterations = 1000, initial_temperature = 3.0, cooling_rate = 0.999
26 - INFO - chord#: 140 done. best_score=70.0, changed=613, unchanged=413, early_stops=8/8
26 - INFO - chord#: 142 In build_straw_man_chord_sa. tolerance = 1, sa_iterations = 1000, initial_temperature = 3.0, cooling_rate = 0.999
26 - INFO - chord#: 160 done. best_score=67.0, changed=606, unchanged=258, early_stops=8/8
26 - INFO - chord#: 164 In build_straw_man_chord_sa. tolerance = 1, sa_iterations = 1000, initial_temperature = 3.0, cooling_rate = 0.999
26 - INFO - chord#: 138 done. best_score=78.0, changed=614, unchanged=544, early_stops=8/8
26 - INFO - chord#: 140 In build_straw_man_chord_sa. tolerance = 1, sa_iterations = 1000, initial_temperature = 3.0, cooling_rate = 0.999
26 - INFO - chord#: 172 done. best_score=82.0, changed=608, unchanged=363, early_stops=8/8
26 - INFO - chord#: 174 In build_straw_man_chord_sa. tolerance = 1, sa_iterations = 1000, initial_temperature = 3.0, cooling_rate = 0.999
26 - INFO - chord#: 151 done. best_score=67.0, changed=609, unchanged=335, early_stops=8/8
26 - INFO - chord#: 152 In build_straw_man_chord_sa. tolerance = 1, sa_iterations = 1000, initial_temperature = 3.0, cooling_rate = 0.999
26 - INFO - chord#: 142 done. best_score=27.0, changed=526, unchanged=360, early_stops=8/8
26 - INFO - chord#: 144 In build_straw_man_chord_sa. tolerance = 1, sa_iterations = 1000, initial_temperature = 3.0, cooling_rate = 0.999
26 - INFO - chord#: 172 done. best_score=120.0, changed=615, unchanged=352, early_stops=8/8
26 - INFO - chord#: 174 In build_straw_man_chord_sa. tolerance = 1, sa_iterations = 1000, initial_temperature = 3.0, cooling_rate = 0.999
26 - INFO - chord#: 174 done. best_score=27.0, changed=523, unchanged=412, early_stops=8/8
26 - INFO - chord#: 176 In build_straw_man_chord_sa. tolerance = 1, sa_iterations = 1000, initial_temperature = 3.0, cooling_rate = 0.999
26 - INFO - chord#: 164 done. best_score=27.0, changed=516, unchanged=340, early_stops=8/8
26 - INFO - chord#: 166 In build_straw_man_chord_sa. tolerance = 1, sa_iterations = 1000, initial_temperature = 3.0, cooling_rate = 0.999
26 - INFO - chord#: 178 done. best_score=35.0, changed=530, unchanged=363, early_stops=8/8
26 - INFO - chord#: 180 In build_straw_man_chord_sa. tolerance = 1, sa_iterations = 1000, initial_temperature = 3.0, cooling_rate = 0.999
26 - INFO - chord#: 174 done. best_score=27.0, changed=518, unchanged=387, early_stops=8/8
26 - INFO - chord#: 176 In build_straw_man_chord_sa. tolerance = 1, sa_iterations = 1000, initial_temperature = 3.0, cooling_rate = 0.999
26 - INFO - chord#: 142 done. best_score=27.0, changed=514, unchanged=349, early_stops=8/8
26 - INFO - chord#: 144 In build_straw_man_chord_sa. tolerance = 1, sa_iterations = 1000, initial_temperature = 3.0, cooling_rate = 0.999
26 - INFO - chord#: 152 done. best_score=27.0, changed=517, unchanged=345, early_stops=8/8
26 - INFO - chord#: 160 In build_straw_man_chord_sa. tolerance = 1, sa_iterations = 1000, initial_temperature = 3.0, cooling_rate = 0.999
26 - INFO - chord#: 174 done. best_score=27.0, changed=520, unchanged=429, early_stops=8/8
26 - INFO - chord#: 176 In build_straw_man_chord_sa. tolerance = 1, sa_iterations = 1000, initial_temperature = 3.0, cooling_rate = 0.999
26 - INFO - chord#: 144 done. best_score=104.0, changed=611, unchanged=265, early_stops=8/8
26 - INFO - chord#: 146 In build_straw_man_chord_sa. tolerance = 1, sa_iterations = 1000, initial_temperature = 3.0, cooling_rate = 0.999
26 - INFO - chord#: 180 done. best_score=27.0, changed=523, unchanged=499, early_stops=8/8
26 - INFO - chord#: 182 In build_straw_man_chord_sa. tolerance = 1, sa_iterations = 1000, initial_temperature = 3.0, cooling_rate = 0.999
26 - INFO - chord#: 160 done. best_score=67.0, changed=611, unchanged=293, early_stops=8/8
26 - INFO - chord#: 164 In build_straw_man_chord_sa. tolerance = 1, sa_iterations = 1000, initial_temperature = 3.0, cooling_rate = 0.999
26 - INFO - chord#: 144 done. best_score=64.0, changed=613, unchanged=254, early_stops=8/8
26 - INFO - chord#: 146 In build_straw_man_chord_sa. tolerance = 1, sa_iterations = 1000, initial_temperature = 3.0, cooling_rate = 0.999
26 - INFO - chord#: 176 done. best_score=142.0, changed=612, unchanged=232, early_stops=8/8
26 - INFO - chord#: 178 In build_straw_man_chord_sa. tolerance = 1, sa_iterations = 1000, initial_temperature = 3.0, cooling_rate = 0.999
26 - INFO - chord#: 146 done. best_score=61.0, changed=533, unchanged=316, early_stops=8/8
26 - INFO - chord#: 148 In build_straw_man_chord_sa. tolerance = 1, sa_iterations = 1000, initial_temperature = 3.0, cooling_rate = 0.999
26 - INFO - chord#: 176 done. best_score=137.0, changed=608, unchanged=225, early_stops=8/8
26 - INFO - chord#: 178 In build_straw_man_chord_sa. tolerance = 1, sa_iterations = 1000, initial_temperature = 3.0, cooling_rate = 0.999
26 - INFO - chord#: 182 done. best_score=27.0, changed=524, unchanged=346, early_stops=8/8
26 - INFO - chord#: 183 In build_straw_man_chord_sa. tolerance = 1, sa_iterations = 1000, initial_temperature = 3.0, cooling_rate = 0.999
26 - INFO - chord#: 166 done. best_score=137.0, changed=612, unchanged=357, early_stops=8/8
26 - INFO - chord#: 168 In build_straw_man_chord_sa. tolerance = 1, sa_iterations = 1000, initial_temperature = 3.0, cooling_rate = 0.999
26 - INFO - chord#: 140 done. best_score=70.0, changed=613, unchanged=435, early_stops=8/8
26 - INFO - chord#: 142 In build_straw_man_chord_sa. tolerance = 1, sa_iterations = 1000, initial_temperature = 3.0, cooling_rate = 0.999
26 - INFO - chord#: 144 done. best_score=64.0, changed=603, unchanged=216, early_stops=8/8
26 - INFO - chord#: 146 In build_straw_man_chord_sa. tolerance = 1, sa_iterations = 1000, initial_temperature = 3.0, cooling_rate = 0.999
26 - INFO - chord#: 178 done. best_score=56.0, changed=534, unchanged=346, early_stops=8/8
26 - INFO - chord#: 180 In build_straw_man_chord_sa. tolerance = 1, sa_iterations = 1000, initial_temperature = 3.0, cooling_rate = 0.999
26 - INFO - chord#: 146 done. best_score=37.0, changed=521, unchanged=347, early_stops=8/8
26 - INFO - chord#: 148 In build_straw_man_chord_sa. tolerance = 1, sa_iterations = 1000, initial_temperature = 3.0, cooling_rate = 0.999
26 - INFO - chord#: 164 done. best_score=27.0, changed=516, unchanged=355, early_stops=8/8
26 - INFO - chord#: 166 In build_straw_man_chord_sa. tolerance = 1, sa_iterations = 1000, initial_temperature = 3.0, cooling_rate = 0.999
26 - INFO - chord#: 178 done. best_score=35.0, changed=546, unchanged=294, early_stops=8/8
26 - INFO - chord#: 180 In build_straw_man_chord_sa. tolerance = 1, sa_iterations = 1000, initial_temperature = 3.0, cooling_rate = 0.999
26 - INFO - chord#: 160 done. best_score=78.0, changed=617, unchanged=531, early_stops=8/8
26 - INFO - chord#: 164 In build_straw_man_chord_sa. tolerance = 1, sa_iterations = 1000, initial_temperature = 3.0, cooling_rate = 0.999
26 - INFO - chord#: 176 done. best_score=78.0, changed=612, unchanged=371, early_stops=8/8
26 - INFO - chord#: 178 In build_straw_man_chord_sa. tolerance = 1, sa_iterations = 1000, initial_temperature = 3.0, cooling_rate = 0.999
26 - INFO - chord#: 148 done. best_score=27.0, changed=518, unchanged=451, early_stops=8/8
26 - INFO - chord#: 150 In build_straw_man_chord_sa. tolerance = 1, sa_iterations = 1000, initial_temperature = 3.0, cooling_rate = 0.999
26 - INFO - chord#: 168 done. best_score=27.0, changed=521, unchanged=372, early_stops=8/8
26 - INFO - chord#: 172 In build_straw_man_chord_sa. tolerance = 1, sa_iterations = 1000, initial_temperature = 3.0, cooling_rate = 0.999
26 - INFO - chord#: 180 done. best_score=27.0, changed=518, unchanged=441, early_stops=8/8
26 - INFO - chord#: 182 In build_straw_man_chord_sa. tolerance = 1, sa_iterations = 1000, initial_temperature = 3.0, cooling_rate = 0.999
26 - INFO - chord#: 148 done. best_score=27.0, changed=526, unchanged=440, early_stops=8/8
26 - INFO - chord#: 150 In build_straw_man_chord_sa. tolerance = 1, sa_iterations = 1000, initial_temperature = 3.0, cooling_rate = 0.999
26 - INFO - chord#: 146 done. best_score=37.0, changed=530, unchanged=350, early_stops=8/8
26 - INFO - chord#: 148 In build_straw_man_chord_sa. tolerance = 1, sa_iterations = 1000, initial_temperature = 3.0, cooling_rate = 0.999
26 - INFO - chord#: 142 done. best_score=27.0, changed=526, unchanged=586, early_stops=8/8
26 - INFO - chord#: 144 In build_straw_man_chord_sa. tolerance = 1, sa_iterations = 1000, initial_temperature = 3.0, cooling_rate = 0.999
26 - INFO - chord#: 180 done. best_score=27.0, changed=522, unchanged=444, early_stops=8/8
26 - INFO - chord#: 182 In build_straw_man_chord_sa. tolerance = 1, sa_iterations = 1000, initial_temperature = 3.0, cooling_rate = 0.999
26 - INFO - chord#: 178 done. best_score=37.0, changed=536, unchanged=509, early_stops=8/8
26 - INFO - chord#: 180 In build_straw_man_chord_sa. tolerance = 1, sa_iterations = 1000, initial_temperature = 3.0, cooling_rate = 0.999
26 - INFO - chord#: 164 done. best_score=27.0, changed=516, unchanged=503, early_stops=8/8
26 - INFO - chord#: 166 In build_straw_man_chord_sa. tolerance = 1, sa_iterations = 1000, initial_temperature = 3.0, cooling_rate = 0.999
26 - INFO - chord#: 150 done. best_score=27.0, changed=525, unchanged=310, early_stops=8/8
26 - INFO - chord#: 151 In build_straw_man_chord_sa. tolerance = 1, sa_iterations = 1000, initial_temperature = 3.0, cooling_rate = 0.999
26 - INFO - chord#: 160 done. best_score=78.0, changed=617, unchanged=492, early_stops=8/8
26 - INFO - chord#: 164 In build_straw_man_chord_sa. tolerance = 1, sa_iterations = 1000, initial_temperature = 3.0, cooling_rate = 0.999
26 - INFO - chord#: 182 done. best_score=27.0, changed=516, unchanged=312, early_stops=8/8
26 - INFO - chord#: 183 In build_straw_man_chord_sa. tolerance = 1, sa_iterations = 1000, initial_temperature = 3.0, cooling_rate = 0.999
26 - INFO - chord#: 150 done. best_score=27.0, changed=525, unchanged=481, early_stops=8/8
26 - INFO - chord#: 151 In build_straw_man_chord_sa. tolerance = 1, sa_iterations = 1000, initial_temperature = 3.0, cooling_rate = 0.999
26 - INFO - chord#: 183 done. best_score=96.0, changed=616, unchanged=376, early_stops=8/8
26 - INFO - chord#: 184 In build_straw_man_chord_sa. tolerance = 1, sa_iterations = 1000, initial_temperature = 3.0, cooling_rate = 0.999
26 - INFO - chord#: 182 done. best_score=27.0, changed=525, unchanged=349, early_stops=8/8
26 - INFO - chord#: 183 In build_straw_man_chord_sa. tolerance = 1, sa_iterations = 1000, initial_temperature = 3.0, cooling_rate = 0.999
26 - INFO - chord#: 180 done. best_score=27.0, changed=527, unchanged=514, early_stops=8/8
26 - INFO - chord#: 182 In build_straw_man_chord_sa. tolerance = 1, sa_iterations = 1000, initial_temperature = 3.0, cooling_rate = 0.999
26 - INFO - chord#: 148 done. best_score=27.0, changed=523, unchanged=476, early_stops=8/8
26 - INFO - chord#: 150 In build_straw_man_chord_sa. tolerance = 1, sa_iterations = 1000, initial_temperature = 3.0, cooling_rate = 0.999
26 - INFO - chord#: 164 done. best_score=27.0, changed=520, unchanged=407, early_stops=8/8
26 - INFO - chord#: 166 In build_straw_man_chord_sa. tolerance = 1, sa_iterations = 1000, initial_temperature = 3.0, cooling_rate = 0.999
26 - INFO - chord#: 172 done. best_score=146.0, changed=610, unchanged=275, early_stops=8/8
26 - INFO - chord#: 174 In build_straw_man_chord_sa. tolerance = 1, sa_iterations = 1000, initial_temperature = 3.0, cooling_rate = 0.999
26 - INFO - chord#: 184 done. best_score=27.0, changed=517, unchanged=433, early_stops=8/8
26 - INFO - chord#: 166 done. best_score=67.0, changed=615, unchanged=474, early_stops=8/8
26 - INFO - chord#: 168 In build_straw_man_chord_sa. tolerance = 1, sa_iterations = 1000, initial_temperature = 3.0, cooling_rate = 0.999
26 - INFO - chord#: 182 done. best_score=27.0, changed=525, unchanged=339, early_stops=8/8
26 - INFO - chord#: 183 In build_straw_man_chord_sa. tolerance = 1, sa_iterations = 1000, initial_temperature = 3.0, cooling_rate = 0.999
26 - INFO - chord#: 174 done. best_score=36.0, changed=518, unchanged=335, early_stops=8/8
26 - INFO - chord#: 176 In build_straw_man_chord_sa. tolerance = 1, sa_iterations = 1000, initial_temperature = 3.0, cooling_rate = 0.999
26 - INFO - chord#: 150 done. best_score=27.0, changed=525, unchanged=503, early_stops=8/8
26 - INFO - chord#: 151 In build_straw_man_chord_sa. tolerance = 1, sa_iterations = 1000, initial_temperature = 3.0, cooling_rate = 0.999
26 - INFO - chord#: 183 done. best_score=67.0, changed=610, unchanged=274, early_stops=8/8
26 - INFO - chord#: 184 In build_straw_man_chord_sa. tolerance = 1, sa_iterations = 1000, initial_temperature = 3.0, cooling_rate = 0.999
26 - INFO - chord#: 166 done. best_score=162.0, changed=616, unchanged=307, early_stops=8/8
26 - INFO - chord#: 168 In build_straw_man_chord_sa. tolerance = 1, sa_iterations = 1000, initial_temperature = 3.0, cooling_rate = 0.999
26 - INFO - chord#: 168 done. best_score=27.0, changed=523, unchanged=395, early_stops=8/8
26 - INFO - chord#: 172 In build_straw_man_chord_sa. tolerance = 1, sa_iterations = 1000, initial_temperature = 3.0, cooling_rate = 0.999
26 - INFO - chord#: 151 done. best_score=96.0, changed=609, unchanged=292, early_stops=8/8
26 - INFO - chord#: 152 In build_straw_man_chord_sa. tolerance = 1, sa_iterations = 1000, initial_temperature = 3.0, cooling_rate = 0.999
26 - INFO - chord#: 144 done. best_score=64.0, changed=615, unchanged=499, early_stops=8/8
26 - INFO - chord#: 146 In build_straw_man_chord_sa. tolerance = 1, sa_iterations = 1000, initial_temperature = 3.0, cooling_rate = 0.999
26 - INFO - chord#: 183 done. best_score=67.0, changed=612, unchanged=303, early_stops=8/8
26 - INFO - chord#: 184 In build_straw_man_chord_sa. tolerance = 1, sa_iterations = 1000, initial_temperature = 3.0, cooling_rate = 0.999
26 - INFO - chord#: 151 done. best_score=137.0, changed=616, unchanged=381, early_stops=8/8
26 - INFO - chord#: 152 In build_straw_man_chord_sa. tolerance = 1, sa_iterations = 1000, initial_temperature = 3.0, cooling_rate = 0.999
26 - INFO - chord#: 184 done. best_score=27.0, changed=523, unchanged=317, early_stops=8/8
26 - INFO - chord#: 152 done. best_score=27.0, changed=519, unchanged=309, early_stops=8/8
26 - INFO - chord#: 160 In build_straw_man_chord_sa. tolerance = 1, sa_iterations = 1000, initial_temperature = 3.0, cooling_rate = 0.999
26 - INFO - chord#: 152 done. best_score=27.0, changed=513, unchanged=294, early_stops=8/8
26 - INFO - chord#: 160 In build_straw_man_chord_sa. tolerance = 1, sa_iterations = 1000, initial_temperature = 3.0, cooling_rate = 0.999
26 - INFO - chord#: 168 done. best_score=27.0, changed=524, unchanged=365, early_stops=8/8
26 - INFO - chord#: 172 In build_straw_man_chord_sa. tolerance = 1, sa_iterations = 1000, initial_temperature = 3.0, cooling_rate = 0.999
26 - INFO - chord#: 184 done. best_score=27.0, changed=524, unchanged=397, early_stops=8/8
26 - INFO - chord#: 183 done. best_score=96.0, changed=612, unchanged=300, early_stops=8/8
26 - INFO - chord#: 184 In build_straw_man_chord_sa. tolerance = 1, sa_iterations = 1000, initial_temperature = 3.0, cooling_rate = 0.999
26 - INFO - chord#: 146 done. best_score=37.0, changed=527, unchanged=421, early_stops=8/8
26 - INFO - chord#: 148 In build_straw_man_chord_sa. tolerance = 1, sa_iterations = 1000, initial_temperature = 3.0, cooling_rate = 0.999
26 - INFO - chord#: 166 done. best_score=78.0, changed=617, unchanged=419, early_stops=8/8
26 - INFO - chord#: 168 In build_straw_man_chord_sa. tolerance = 1, sa_iterations = 1000, initial_temperature = 3.0, cooling_rate = 0.999
26 - INFO - chord#: 176 done. best_score=165.0, changed=618, unchanged=363, early_stops=8/8
26 - INFO - chord#: 178 In build_straw_man_chord_sa. tolerance = 1, sa_iterations = 1000, initial_temperature = 3.0, cooling_rate = 0.999
26 - INFO - chord#: 151 done. best_score=67.0, changed=611, unchanged=264, early_stops=8/8
26 - INFO - chord#: 152 In build_straw_man_chord_sa. tolerance = 1, sa_iterations = 1000, initial_temperature = 3.0, cooling_rate = 0.999
26 - INFO - chord#: 184 done. best_score=27.0, changed=519, unchanged=342, early_stops=8/8
26 - INFO - chord#: 172 done. best_score=150.0, changed=610, unchanged=292, early_stops=8/8
26 - INFO - chord#: 174 In build_straw_man_chord_sa. tolerance = 1, sa_iterations = 1000, initial_temperature = 3.0, cooling_rate = 0.999
26 - INFO - chord#: 178 done. best_score=61.0, changed=525, unchanged=379, early_stops=8/8
26 - INFO - chord#: 180 In build_straw_man_chord_sa. tolerance = 1, sa_iterations = 1000, initial_temperature = 3.0, cooling_rate = 0.999
26 - INFO - chord#: 168 done. best_score=27.0, changed=525, unchanged=455, early_stops=8/8
26 - INFO - chord#: 172 In build_straw_man_chord_sa. tolerance = 1, sa_iterations = 1000, initial_temperature = 3.0, cooling_rate = 0.999
26 - INFO - chord#: 148 done. best_score=27.0, changed=518, unchanged=413, early_stops=8/8
26 - INFO - chord#: 150 In build_straw_man_chord_sa. tolerance = 1, sa_iterations = 1000, initial_temperature = 3.0, cooling_rate = 0.999
26 - INFO - chord#: 152 done. best_score=27.0, changed=524, unchanged=401, early_stops=8/8
26 - INFO - chord#: 160 In build_straw_man_chord_sa. tolerance = 1, sa_iterations = 1000, initial_temperature = 3.0, cooling_rate = 0.999
26 - INFO - chord#: 174 done. best_score=36.0, changed=515, unchanged=315, early_stops=8/8
26 - INFO - chord#: 176 In build_straw_man_chord_sa. tolerance = 1, sa_iterations = 1000, initial_temperature = 3.0, cooling_rate = 0.999
26 - INFO - chord#: 160 done. best_score=125.0, changed=606, unchanged=238, early_stops=8/8
26 - INFO - chord#: 164 In build_straw_man_chord_sa. tolerance = 1, sa_iterations = 1000, initial_temperature = 3.0, cooling_rate = 0.999
26 - INFO - chord#: 180 done. best_score=27.0, changed=524, unchanged=578, early_stops=8/8
26 - INFO - chord#: 182 In build_straw_man_chord_sa. tolerance = 1, sa_iterations = 1000, initial_temperature = 3.0, cooling_rate = 0.999
26 - INFO - chord#: 150 done. best_score=27.0, changed=528, unchanged=432, early_stops=8/8
26 - INFO - chord#: 151 In build_straw_man_chord_sa. tolerance = 1, sa_iterations = 1000, initial_temperature = 3.0, cooling_rate = 0.999
26 - INFO - chord#: 172 done. best_score=124.0, changed=620, unchanged=378, early_stops=8/8
26 - INFO - chord#: 174 In build_straw_man_chord_sa. tolerance = 1, sa_iterations = 1000, initial_temperature = 3.0, cooling_rate = 0.999
26 - INFO - chord#: 164 done. best_score=27.0, changed=522, unchanged=316, early_stops=8/8
26 - INFO - chord#: 166 In build_straw_man_chord_sa. tolerance = 1, sa_iterations = 1000, initial_temperature = 3.0, cooling_rate = 0.999
26 - INFO - chord#: 160 done. best_score=137.0, changed=611, unchanged=319, early_stops=8/8
26 - INFO - chord#: 164 In build_straw_man_chord_sa. tolerance = 1, sa_iterations = 1000, initial_temperature = 3.0, cooling_rate = 0.999
26 - INFO - chord#: 182 done. best_score=27.0, changed=524, unchanged=397, early_stops=8/8
26 - INFO - chord#: 183 In build_straw_man_chord_sa. tolerance = 1, sa_iterations = 1000, initial_temperature = 3.0, cooling_rate = 0.999
26 - INFO - chord#: 172 done. best_score=124.0, changed=611, unchanged=258, early_stops=8/8
26 - INFO - chord#: 174 In build_straw_man_chord_sa. tolerance = 1, sa_iterations = 1000, initial_temperature = 3.0, cooling_rate = 0.999
26 - INFO - chord#: 174 done. best_score=27.0, changed=533, unchanged=381, early_stops=8/8
26 - INFO - chord#: 176 In build_straw_man_chord_sa. tolerance = 1, sa_iterations = 1000, initial_temperature = 3.0, cooling_rate = 0.999
26 - INFO - chord#: 176 done. best_score=125.0, changed=617, unchanged=325, early_stops=8/8
26 - INFO - chord#: 178 In build_straw_man_chord_sa. tolerance = 1, sa_iterations = 1000, initial_temperature = 3.0, cooling_rate = 0.999
26 - INFO - chord#: 160 done. best_score=78.0, changed=613, unchanged=332, early_stops=8/8
26 - INFO - chord#: 164 In build_straw_man_chord_sa. tolerance = 1, sa_iterations = 1000, initial_temperature = 3.0, cooling_rate = 0.999
26 - INFO - chord#: 174 done. best_score=27.0, changed=516, unchanged=354, early_stops=8/8
26 - INFO - chord#: 176 In build_straw_man_chord_sa. tolerance = 1, sa_iterations = 1000, initial_temperature = 3.0, cooling_rate = 0.999
26 - INFO - chord#: 164 done. best_score=27.0, changed=537, unchanged=724, early_stops=8/8
26 - INFO - chord#: 166 In build_straw_man_chord_sa. tolerance = 1, sa_iterations = 1000, initial_temperature = 3.0, cooling_rate = 0.999
26 - INFO - chord#: 178 done. best_score=37.0, changed=524, unchanged=325, early_stops=8/8
26 - INFO - chord#: 180 In build_straw_man_chord_sa. tolerance = 1, sa_iterations = 1000, initial_temperature = 3.0, cooling_rate = 0.999
26 - INFO - chord#: 164 done. best_score=27.0, changed=519, unchanged=413, early_stops=8/8
26 - INFO - chord#: 166 In build_straw_man_chord_sa. tolerance = 1, sa_iterations = 1000, initial_temperature = 3.0, cooling_rate = 0.999
26 - INFO - chord#: 166 done. best_score=137.0, changed=612, unchanged=273, early_stops=8/8
26 - INFO - chord#: 168 In build_straw_man_chord_sa. tolerance = 1, sa_iterations = 1000, initial_temperature = 3.0, cooling_rate = 0.999
26 - INFO - chord#: 151 done. best_score=137.0, changed=612, unchanged=364, early_stops=8/8
26 - INFO - chord#: 152 In build_straw_man_chord_sa. tolerance = 1, sa_iterations = 1000, initial_temperature = 3.0, cooling_rate = 0.999
26 - INFO - chord#: 183 done. best_score=67.0, changed=613, unchanged=336, early_stops=8/8
26 - INFO - chord#: 184 In build_straw_man_chord_sa. tolerance = 1, sa_iterations = 1000, initial_temperature = 3.0, cooling_rate = 0.999
26 - INFO - chord#: 168 done. best_score=27.0, changed=518, unchanged=445, early_stops=8/8
26 - INFO - chord#: 172 In build_straw_man_chord_sa. tolerance = 1, sa_iterations = 1000, initial_temperature = 3.0, cooling_rate = 0.999
26 - INFO - chord#: 176 done. best_score=67.0, changed=611, unchanged=425, early_stops=8/8
26 - INFO - chord#: 178 In build_straw_man_chord_sa. tolerance = 1, sa_iterations = 1000, initial_temperature = 3.0, cooling_rate = 0.999
26 - INFO - chord#: 180 done. best_score=27.0, changed=526, unchanged=545, early_stops=8/8
26 - INFO - chord#: 182 In build_straw_man_chord_sa. tolerance = 1, sa_iterations = 1000, initial_temperature = 3.0, cooling_rate = 0.999
26 - INFO - chord#: 184 done. best_score=27.0, changed=529, unchanged=404, early_stops=8/8
26 - INFO - chord#: 176 done. best_score=67.0, changed=616, unchanged=412, early_stops=8/8
26 - INFO - chord#: 178 In build_straw_man_chord_sa. tolerance = 1, sa_iterations = 1000, initial_temperature = 3.0, cooling_rate = 0.999
26 - INFO - chord#: 152 done. best_score=27.0, changed=514, unchanged=384, early_stops=8/8
26 - INFO - chord#: 160 In build_straw_man_chord_sa. tolerance = 1, sa_iterations = 1000, initial_temperature = 3.0, cooling_rate = 0.999
26 - INFO - chord#: 178 done. best_score=35.0, changed=526, unchanged=296, early_stops=8/8
26 - INFO - chord#: 180 In build_straw_man_chord_sa. tolerance = 1, sa_iterations = 1000, initial_temperature = 3.0, cooling_rate = 0.999
26 - INFO - chord#: 182 done. best_score=27.0, changed=518, unchanged=350, early_stops=8/8
26 - INFO - chord#: 183 In build_straw_man_chord_sa. tolerance = 1, sa_iterations = 1000, initial_temperature = 3.0, cooling_rate = 0.999
26 - INFO - chord#: 166 done. best_score=157.0, changed=612, unchanged=278, early_stops=8/8
26 - INFO - chord#: 168 In build_straw_man_chord_sa. tolerance = 1, sa_iterations = 1000, initial_temperature = 3.0, cooling_rate = 0.999
26 - INFO - chord#: 178 done. best_score=35.0, changed=555, unchanged=277, early_stops=8/8
26 - INFO - chord#: 180 In build_straw_man_chord_sa. tolerance = 1, sa_iterations = 1000, initial_temperature = 3.0, cooling_rate = 0.999
26 - INFO - chord#: 166 done. best_score=140.0, changed=616, unchanged=369, early_stops=8/8
26 - INFO - chord#: 168 In build_straw_man_chord_sa. tolerance = 1, sa_iterations = 1000, initial_temperature = 3.0, cooling_rate = 0.999
26 - INFO - chord#: 180 done. best_score=27.0, changed=511, unchanged=441, early_stops=8/8
26 - INFO - chord#: 182 In build_straw_man_chord_sa. tolerance = 1, sa_iterations = 1000, initial_temperature = 3.0, cooling_rate = 0.999
26 - INFO - chord#: 168 done. best_score=27.0, changed=528, unchanged=395, early_stops=8/8
26 - INFO - chord#: 172 In build_straw_man_chord_sa. tolerance = 1, sa_iterations = 1000, initial_temperature = 3.0, cooling_rate = 0.999
26 - INFO - chord#: 180 done. best_score=27.0, changed=518, unchanged=382, early_stops=8/8
26 - INFO - chord#: 182 In build_straw_man_chord_sa. tolerance = 1, sa_iterations = 1000, initial_temperature = 3.0, cooling_rate = 0.999
26 - INFO - chord#: 172 done. best_score=120.0, changed=612, unchanged=344, early_stops=8/8
26 - INFO - chord#: 174 In build_straw_man_chord_sa. tolerance = 1, sa_iterations = 1000, initial_temperature = 3.0, cooling_rate = 0.999
26 - INFO - chord#: 182 done. best_score=27.0, changed=515, unchanged=349, early_stops=8/8
26 - INFO - chord#: 183 In build_straw_man_chord_sa. tolerance = 1, sa_iterations = 1000, initial_temperature = 3.0, cooling_rate = 0.999
26 - INFO - chord#: 168 done. best_score=57.0, changed=529, unchanged=398, early_stops=8/8
26 - INFO - chord#: 172 In build_straw_man_chord_sa. tolerance = 1, sa_iterations = 1000, initial_temperature = 3.0, cooling_rate = 0.999
26 - INFO - chord#: 183 done. best_score=145.0, changed=610, unchanged=234, early_stops=8/8
26 - INFO - chord#: 184 In build_straw_man_chord_sa. tolerance = 1, sa_iterations = 1000, initial_temperature = 3.0, cooling_rate = 0.999
26 - INFO - chord#: 182 done. best_score=27.0, changed=519, unchanged=347, early_stops=8/8
26 - INFO - chord#: 183 In build_straw_man_chord_sa. tolerance = 1, sa_iterations = 1000, initial_temperature = 3.0, cooling_rate = 0.999
26 - INFO - chord#: 174 done. best_score=27.0, changed=527, unchanged=427, early_stops=8/8
26 - INFO - chord#: 176 In build_straw_man_chord_sa. tolerance = 1, sa_iterations = 1000, initial_temperature = 3.0, cooling_rate = 0.999
26 - INFO - chord#: 160 done. best_score=78.0, changed=616, unchanged=410, early_stops=8/8
26 - INFO - chord#: 164 In build_straw_man_chord_sa. tolerance = 1, sa_iterations = 1000, initial_temperature = 3.0, cooling_rate = 0.999
26 - INFO - chord#: 184 done. best_score=27.0, changed=522, unchanged=364, early_stops=8/8
26 - INFO - chord#: 172 done. best_score=82.0, changed=611, unchanged=262, early_stops=8/8
26 - INFO - chord#: 174 In build_straw_man_chord_sa. tolerance = 1, sa_iterations = 1000, initial_temperature = 3.0, cooling_rate = 0.999
26 - INFO - chord#: 164 done. best_score=27.0, changed=533, unchanged=541, early_stops=8/8
26 - INFO - chord#: 166 In build_straw_man_chord_sa. tolerance = 1, sa_iterations = 1000, initial_temperature = 3.0, cooling_rate = 0.999
26 - INFO - chord#: 172 done. best_score=82.0, changed=610, unchanged=271, early_stops=8/8
26 - INFO - chord#: 174 In build_straw_man_chord_sa. tolerance = 1, sa_iterations = 1000, initial_temperature = 3.0, cooling_rate = 0.999
26 - INFO - chord#: 183 done. best_score=67.0, changed=609, unchanged=357, early_stops=8/8
26 - INFO - chord#: 184 In build_straw_man_chord_sa. tolerance = 1, sa_iterations = 1000, initial_temperature = 3.0, cooling_rate = 0.999
26 - INFO - chord#: 174 done. best_score=27.0, changed=520, unchanged=454, early_stops=8/8
26 - INFO - chord#: 176 In build_straw_man_chord_sa. tolerance = 1, sa_iterations = 1000, initial_temperature = 3.0, cooling_rate = 0.999
26 - INFO - chord#: 183 done. best_score=67.0, changed=613, unchanged=406, early_stops=8/8
26 - INFO - chord#: 184 In build_straw_man_chord_sa. tolerance = 1, sa_iterations = 1000, initial_temperature = 3.0, cooling_rate = 0.999
26 - INFO - chord#: 184 done. best_score=27.0, changed=517, unchanged=319, early_stops=8/8
26 - INFO - chord#: 174 done. best_score=27.0, changed=529, unchanged=443, early_stops=8/8
26 - INFO - chord#: 176 In build_straw_man_chord_sa. tolerance = 1, sa_iterations = 1000, initial_temperature = 3.0, cooling_rate = 0.999
26 - INFO - chord#: 176 done. best_score=67.0, changed=615, unchanged=502, early_stops=8/8
26 - INFO - chord#: 178 In build_straw_man_chord_sa. tolerance = 1, sa_iterations = 1000, initial_temperature = 3.0, cooling_rate = 0.999
26 - INFO - chord#: 184 done. best_score=27.0, changed=534, unchanged=417, early_stops=8/8
26 - INFO - chord#: 166 done. best_score=78.0, changed=614, unchanged=443, early_stops=8/8
26 - INFO - chord#: 168 In build_straw_man_chord_sa. tolerance = 1, sa_iterations = 1000, initial_temperature = 3.0, cooling_rate = 0.999
26 - INFO - chord#: 178 done. best_score=35.0, changed=526, unchanged=300, early_stops=8/8
26 - INFO - chord#: 180 In build_straw_man_chord_sa. tolerance = 1, sa_iterations = 1000, initial_temperature = 3.0, cooling_rate = 0.999
26 - INFO - chord#: 176 done. best_score=67.0, changed=609, unchanged=331, early_stops=8/8
26 - INFO - chord#: 178 In build_straw_man_chord_sa. tolerance = 1, sa_iterations = 1000, initial_temperature = 3.0, cooling_rate = 0.999
26 - INFO - chord#: 180 done. best_score=27.0, changed=517, unchanged=468, early_stops=8/8
26 - INFO - chord#: 182 In build_straw_man_chord_sa. tolerance = 1, sa_iterations = 1000, initial_temperature = 3.0, cooling_rate = 0.999
26 - INFO - chord#: 168 done. best_score=27.0, changed=519, unchanged=444, early_stops=8/8
26 - INFO - chord#: 172 In build_straw_man_chord_sa. tolerance = 1, sa_iterations = 1000, initial_temperature = 3.0, cooling_rate = 0.999
26 - INFO - chord#: 178 done. best_score=35.0, changed=520, unchanged=314, early_stops=8/8
26 - INFO - chord#: 180 In build_straw_man_chord_sa. tolerance = 1, sa_iterations = 1000, initial_temperature = 3.0, cooling_rate = 0.999
26 - INFO - chord#: 176 done. best_score=67.0, changed=611, unchanged=409, early_stops=8/8
26 - INFO - chord#: 178 In build_straw_man_chord_sa. tolerance = 1, sa_iterations = 1000, initial_temperature = 3.0, cooling_rate = 0.999
26 - INFO - chord#: 182 done. best_score=27.0, changed=528, unchanged=401, early_stops=8/8
26 - INFO - chord#: 183 In build_straw_man_chord_sa. tolerance = 1, sa_iterations = 1000, initial_temperature = 3.0, cooling_rate = 0.999
26 - INFO - chord#: 180 done. best_score=27.0, changed=524, unchanged=382, early_stops=8/8
26 - INFO - chord#: 182 In build_straw_man_chord_sa. tolerance = 1, sa_iterations = 1000, initial_temperature = 3.0, cooling_rate = 0.999
26 - INFO - chord#: 178 done. best_score=35.0, changed=530, unchanged=320, early_stops=8/8
26 - INFO - chord#: 180 In build_straw_man_chord_sa. tolerance = 1, sa_iterations = 1000, initial_temperature = 3.0, cooling_rate = 0.999
26 - INFO - chord#: 182 done. best_score=27.0, changed=520, unchanged=311, early_stops=8/8
26 - INFO - chord#: 183 In build_straw_man_chord_sa. tolerance = 1, sa_iterations = 1000, initial_temperature = 3.0, cooling_rate = 0.999
26 - INFO - chord#: 172 done. best_score=82.0, changed=606, unchanged=210, early_stops=8/8
26 - INFO - chord#: 174 In build_straw_man_chord_sa. tolerance = 1, sa_iterations = 1000, initial_temperature = 3.0, cooling_rate = 0.999
26 - INFO - chord#: 180 done. best_score=27.0, changed=523, unchanged=445, early_stops=8/8
26 - INFO - chord#: 182 In build_straw_man_chord_sa. tolerance = 1, sa_iterations = 1000, initial_temperature = 3.0, cooling_rate = 0.999
26 - INFO - chord#: 174 done. best_score=57.0, changed=524, unchanged=372, early_stops=8/8
26 - INFO - chord#: 176 In build_straw_man_chord_sa. tolerance = 1, sa_iterations = 1000, initial_temperature = 3.0, cooling_rate = 0.999
26 - INFO - chord#: 182 done. best_score=27.0, changed=522, unchanged=390, early_stops=8/8
26 - INFO - chord#: 183 In build_straw_man_chord_sa. tolerance = 1, sa_iterations = 1000, initial_temperature = 3.0, cooling_rate = 0.999
26 - INFO - chord#: 183 done. best_score=67.0, changed=618, unchanged=470, early_stops=8/8
26 - INFO - chord#: 184 In build_straw_man_chord_sa. tolerance = 1, sa_iterations = 1000, initial_temperature = 3.0, cooling_rate = 0.999
26 - INFO - chord#: 183 done. best_score=78.0, changed=605, unchanged=211, early_stops=8/8
26 - INFO - chord#: 184 In build_straw_man_chord_sa. tolerance = 1, sa_iterations = 1000, initial_temperature = 3.0, cooling_rate = 0.999
26 - INFO - chord#: 184 done. best_score=27.0, changed=522, unchanged=330, early_stops=8/8
26 - INFO - chord#: 184 done. best_score=27.0, changed=528, unchanged=450, early_stops=8/8
26 - INFO - chord#: 176 done. best_score=145.0, changed=611, unchanged=321, early_stops=8/8
26 - INFO - chord#: 178 In build_straw_man_chord_sa. tolerance = 1, sa_iterations = 1000, initial_temperature = 3.0, cooling_rate = 0.999
26 - INFO - chord#: 183 done. best_score=67.0, changed=610, unchanged=218, early_stops=8/8
26 - INFO - chord#: 184 In build_straw_man_chord_sa. tolerance = 1, sa_iterations = 1000, initial_temperature = 3.0, cooling_rate = 0.999
26 - INFO - chord#: 178 done. best_score=35.0, changed=529, unchanged=305, early_stops=8/8
26 - INFO - chord#: 180 In build_straw_man_chord_sa. tolerance = 1, sa_iterations = 1000, initial_temperature = 3.0, cooling_rate = 0.999
26 - INFO - chord#: 184 done. best_score=27.0, changed=527, unchanged=445, early_stops=8/8
26 - INFO - chord#: 180 done. best_score=27.0, changed=514, unchanged=337, early_stops=8/8
26 - INFO - chord#: 182 In build_straw_man_chord_sa. tolerance = 1, sa_iterations = 1000, initial_temperature = 3.0, cooling_rate = 0.999
26 - INFO - chord#: 182 done. best_score=27.0, changed=525, unchanged=489, early_stops=8/8
26 - INFO - chord#: 183 In build_straw_man_chord_sa. tolerance = 1, sa_iterations = 1000, initial_temperature = 3.0, cooling_rate = 0.999
26 - INFO - chord#: 183 done. best_score=157.0, changed=614, unchanged=268, early_stops=8/8
26 - INFO - chord#: 184 In build_straw_man_chord_sa. tolerance = 1, sa_iterations = 1000, initial_temperature = 3.0, cooling_rate = 0.999
26 - INFO - chord#: 184 done. best_score=27.0, changed=527, unchanged=362, early_stops=8/8
26 - INFO - chord#: 0 In build_straw_man_chord_sa. tolerance = 1, sa_iterations = 1000, initial_temperature = 3.0, cooling_rate = 0.999
26 - INFO - chord#: 0 In build_straw_man_chord_sa. tolerance = 1, sa_iterations = 1000, initial_temperature = 3.0, cooling_rate = 0.999
26 - INFO - chord#: 0 In build_straw_man_chord_sa. tolerance = 1, sa_iterations = 1000, initial_temperature = 3.0, cooling_rate = 0.999
26 - INFO - chord#: 0 In build_straw_man_chord_sa. tolerance = 1, sa_iterations = 1000, initial_temperature = 3.0, cooling_rate = 0.999
26 - INFO - chord#: 0 In build_straw_man_chord_sa. tolerance = 1, sa_iterations = 1000, initial_temperature = 3.0, cooling_rate = 0.999
26 - INFO - chord#: 0 In build_straw_man_chord_sa. tolerance = 1, sa_iterations = 1000, initial_temperature = 3.0, cooling_rate = 0.999
26 - INFO - chord#: 0 In build_straw_man_chord_sa. tolerance = 1, sa_iterations = 1000, initial_temperature = 3.0, cooling_rate = 0.999
26 - INFO - chord#: 0 In build_straw_man_chord_sa. tolerance = 1, sa_iterations = 1000, initial_temperature = 3.0, cooling_rate = 0.999
26 - INFO - chord#: 0 In build_straw_man_chord_sa. tolerance = 1, sa_iterations = 1000, initial_temperature = 3.0, cooling_rate = 0.999
26 - INFO - chord#: 0 In build_straw_man_chord_sa. tolerance = 1, sa_iterations = 1000, initial_temperature = 3.0, cooling_rate = 0.999
26 - INFO - chord#: 0 In build_straw_man_chord_sa. tolerance = 1, sa_iterations = 1000, initial_temperature = 3.0, cooling_rate = 0.999
26 - INFO - chord#: 0 In build_straw_man_chord_sa. tolerance = 1, sa_iterations = 1000, initial_temperature = 3.0, cooling_rate = 0.999
26 - INFO - chord#: 0 done. best_score=27.0, changed=527, unchanged=410, early_stops=8/8
26 - INFO - chord#: 2 In build_straw_man_chord_sa. tolerance = 1, sa_iterations = 1000, initial_temperature = 3.0, cooling_rate = 0.999
26 - INFO - chord#: 0 done. best_score=27.0, changed=516, unchanged=394, early_stops=8/8
26 - INFO - chord#: 2 In build_straw_man_chord_sa. tolerance = 1, sa_iterations = 1000, initial_temperature = 3.0, cooling_rate = 0.999
26 - INFO - chord#: 0 done. best_score=27.0, changed=516, unchanged=337, early_stops=8/8
26 - INFO - chord#: 2 In build_straw_man_chord_sa. tolerance = 1, sa_iterations = 1000, initial_temperature = 3.0, cooling_rate = 0.999
26 - INFO - chord#: 0 done. best_score=27.0, changed=525, unchanged=517, early_stops=8/8
26 - INFO - chord#: 2 In build_straw_man_chord_sa. tolerance = 1, sa_iterations = 1000, initial_temperature = 3.0, cooling_rate = 0.999
26 - INFO - chord#: 0 done. best_score=27.0, changed=520, unchanged=534, early_stops=8/8
26 - INFO - chord#: 2 In build_straw_man_chord_sa. tolerance = 1, sa_iterations = 1000, initial_temperature = 3.0, cooling_rate = 0.999
26 - INFO - chord#: 0 done. best_score=27.0, changed=517, unchanged=318, early_stops=8/8
26 - INFO - chord#: 2 In build_straw_man_chord_sa. tolerance = 1, sa_iterations = 1000, initial_temperature = 3.0, cooling_rate = 0.999
26 - INFO - chord#: 0 done. best_score=27.0, changed=517, unchanged=335, early_stops=8/8
26 - INFO - chord#: 2 In build_straw_man_chord_sa. tolerance = 1, sa_iterations = 1000, initial_temperature = 3.0, cooling_rate = 0.999
26 - INFO - chord#: 0 done. best_score=27.0, changed=520, unchanged=535, early_stops=8/8
26 - INFO - chord#: 2 In build_straw_man_chord_sa. tolerance = 1, sa_iterations = 1000, initial_temperature = 3.0, cooling_rate = 0.999
26 - INFO - chord#: 0 done. best_score=27.0, changed=529, unchanged=641, early_stops=8/8
26 - INFO - chord#: 2 In build_straw_man_chord_sa. tolerance = 1, sa_iterations = 1000, initial_temperature = 3.0, cooling_rate = 0.999
26 - INFO - chord#: 0 done. best_score=27.0, changed=516, unchanged=469, early_stops=8/8
26 - INFO - chord#: 2 In build_straw_man_chord_sa. tolerance = 1, sa_iterations = 1000, initial_temperature = 3.0, cooling_rate = 0.999
26 - INFO - chord#: 0 done. best_score=27.0, changed=520, unchanged=593, early_stops=8/8
26 - INFO - chord#: 2 In build_straw_man_chord_sa. tolerance = 1, sa_iterations = 1000, initial_temperature = 3.0, cooling_rate = 0.999
26 - INFO - chord#: 0 done. best_score=27.0, changed=524, unchanged=559, early_stops=8/8
26 - INFO - chord#: 2 In build_straw_man_chord_sa. tolerance = 1, sa_iterations = 1000, initial_temperature = 3.0, cooling_rate = 0.999
26 - INFO - chord#: 2 done. best_score=97.0, changed=611, unchanged=306, early_stops=8/8
26 - INFO - chord#: 4 In build_straw_man_chord_sa. tolerance = 1, sa_iterations = 1000, initial_temperature = 3.0, cooling_rate = 0.999
26 - INFO - chord#: 2 done. best_score=82.0, changed=610, unchanged=254, early_stops=8/8
26 - INFO - chord#: 4 In build_straw_man_chord_sa. tolerance = 1, sa_iterations = 1000, initial_temperature = 3.0, cooling_rate = 0.999
26 - INFO - chord#: 2 done. best_score=82.0, changed=610, unchanged=390, early_stops=8/8
26 - INFO - chord#: 4 In build_straw_man_chord_sa. tolerance = 1, sa_iterations = 1000, initial_temperature = 3.0, cooling_rate = 0.999
26 - INFO - chord#: 2 done. best_score=82.0, changed=615, unchanged=403, early_stops=8/8
26 - INFO - chord#: 4 In build_straw_man_chord_sa. tolerance = 1, sa_iterations = 1000, initial_temperature = 3.0, cooling_rate = 0.999
26 - INFO - chord#: 2 done. best_score=82.0, changed=607, unchanged=323, early_stops=8/8
26 - INFO - chord#: 4 In build_straw_man_chord_sa. tolerance = 1, sa_iterations = 1000, initial_temperature = 3.0, cooling_rate = 0.999
26 - INFO - chord#: 2 done. best_score=146.0, changed=615, unchanged=357, early_stops=8/8
26 - INFO - chord#: 4 In build_straw_man_chord_sa. tolerance = 1, sa_iterations = 1000, initial_temperature = 3.0, cooling_rate = 0.999
26 - INFO - chord#: 2 done. best_score=82.0, changed=615, unchanged=414, early_stops=8/8
26 - INFO - chord#: 4 In build_straw_man_chord_sa. tolerance = 1, sa_iterations = 1000, initial_temperature = 3.0, cooling_rate = 0.999
26 - INFO - chord#: 4 done. best_score=27.0, changed=522, unchanged=322, early_stops=8/8
26 - INFO - chord#: 6 In build_straw_man_chord_sa. tolerance = 1, sa_iterations = 1000, initial_temperature = 3.0, cooling_rate = 0.999
26 - INFO - chord#: 4 done. best_score=27.0, changed=526, unchanged=306, early_stops=8/8
26 - INFO - chord#: 6 In build_straw_man_chord_sa. tolerance = 1, sa_iterations = 1000, initial_temperature = 3.0, cooling_rate = 0.999
26 - INFO - chord#: 2 done. best_score=147.0, changed=606, unchanged=281, early_stops=8/8
26 - INFO - chord#: 4 In build_straw_man_chord_sa. tolerance = 1, sa_iterations = 1000, initial_temperature = 3.0, cooling_rate = 0.999
26 - INFO - chord#: 4 done. best_score=27.0, changed=523, unchanged=326, early_stops=8/8
26 - INFO - chord#: 6 In build_straw_man_chord_sa. tolerance = 1, sa_iterations = 1000, initial_temperature = 3.0, cooling_rate = 0.999
26 - INFO - chord#: 4 done. best_score=27.0, changed=528, unchanged=320, early_stops=8/8
26 - INFO - chord#: 6 In build_straw_man_chord_sa. tolerance = 1, sa_iterations = 1000, initial_temperature = 3.0, cooling_rate = 0.999
26 - INFO - chord#: 2 done. best_score=82.0, changed=610, unchanged=438, early_stops=8/8
26 - INFO - chord#: 4 In build_straw_man_chord_sa. tolerance = 1, sa_iterations = 1000, initial_temperature = 3.0, cooling_rate = 0.999
26 - INFO - chord#: 4 done. best_score=27.0, changed=529, unchanged=448, early_stops=8/8
26 - INFO - chord#: 6 In build_straw_man_chord_sa. tolerance = 1, sa_iterations = 1000, initial_temperature = 3.0, cooling_rate = 0.999
26 - INFO - chord#: 2 done. best_score=82.0, changed=615, unchanged=313, early_stops=8/8
26 - INFO - chord#: 4 In build_straw_man_chord_sa. tolerance = 1, sa_iterations = 1000, initial_temperature = 3.0, cooling_rate = 0.999
26 - INFO - chord#: 2 done. best_score=82.0, changed=615, unchanged=399, early_stops=8/8
26 - INFO - chord#: 4 In build_straw_man_chord_sa. tolerance = 1, sa_iterations = 1000, initial_temperature = 3.0, cooling_rate = 0.999
26 - INFO - chord#: 2 done. best_score=82.0, changed=612, unchanged=414, early_stops=8/8
26 - INFO - chord#: 4 In build_straw_man_chord_sa. tolerance = 1, sa_iterations = 1000, initial_temperature = 3.0, cooling_rate = 0.999
26 - INFO - chord#: 4 done. best_score=27.0, changed=525, unchanged=365, early_stops=8/8
26 - INFO - chord#: 6 In build_straw_man_chord_sa. tolerance = 1, sa_iterations = 1000, initial_temperature = 3.0, cooling_rate = 0.999
26 - INFO - chord#: 4 done. best_score=27.0, changed=528, unchanged=333, early_stops=8/8
26 - INFO - chord#: 6 In build_straw_man_chord_sa. tolerance = 1, sa_iterations = 1000, initial_temperature = 3.0, cooling_rate = 0.999
26 - INFO - chord#: 4 done. best_score=27.0, changed=525, unchanged=338, early_stops=8/8
26 - INFO - chord#: 6 In build_straw_man_chord_sa. tolerance = 1, sa_iterations = 1000, initial_temperature = 3.0, cooling_rate = 0.999
26 - INFO - chord#: 4 done. best_score=27.0, changed=518, unchanged=317, early_stops=8/8
26 - INFO - chord#: 6 In build_straw_man_chord_sa. tolerance = 1, sa_iterations = 1000, initial_temperature = 3.0, cooling_rate = 0.999
26 - INFO - chord#: 4 done. best_score=27.0, changed=528, unchanged=396, early_stops=8/8
26 - INFO - chord#: 6 In build_straw_man_chord_sa. tolerance = 1, sa_iterations = 1000, initial_temperature = 3.0, cooling_rate = 0.999
26 - INFO - chord#: 4 done. best_score=27.0, changed=522, unchanged=419, early_stops=8/8
26 - INFO - chord#: 6 In build_straw_man_chord_sa. tolerance = 1, sa_iterations = 1000, initial_temperature = 3.0, cooling_rate = 0.999
26 - INFO - chord#: 4 done. best_score=27.0, changed=528, unchanged=367, early_stops=8/8
26 - INFO - chord#: 6 In build_straw_man_chord_sa. tolerance = 1, sa_iterations = 1000, initial_temperature = 3.0, cooling_rate = 0.999
26 - INFO - chord#: 6 done. best_score=82.0, changed=614, unchanged=309, early_stops=8/8
26 - INFO - chord#: 8 In build_straw_man_chord_sa. tolerance = 1, sa_iterations = 1000, initial_temperature = 3.0, cooling_rate = 0.999
26 - INFO - chord#: 6 done. best_score=120.0, changed=616, unchanged=272, early_stops=8/8
26 - INFO - chord#: 8 In build_straw_man_chord_sa. tolerance = 1, sa_iterations = 1000, initial_temperature = 3.0, cooling_rate = 0.999
26 - INFO - chord#: 6 done. best_score=82.0, changed=613, unchanged=446, early_stops=8/8
26 - INFO - chord#: 8 In build_straw_man_chord_sa. tolerance = 1, sa_iterations = 1000, initial_temperature = 3.0, cooling_rate = 0.999
26 - INFO - chord#: 6 done. best_score=82.0, changed=614, unchanged=350, early_stops=8/8
26 - INFO - chord#: 8 In build_straw_man_chord_sa. tolerance = 1, sa_iterations = 1000, initial_temperature = 3.0, cooling_rate = 0.999
26 - INFO - chord#: 6 done. best_score=82.0, changed=619, unchanged=446, early_stops=8/8
26 - INFO - chord#: 8 In build_straw_man_chord_sa. tolerance = 1, sa_iterations = 1000, initial_temperature = 3.0, cooling_rate = 0.999
26 - INFO - chord#: 8 done. best_score=27.0, changed=527, unchanged=351, early_stops=8/8
26 - INFO - chord#: 10 In build_straw_man_chord_sa. tolerance = 1, sa_iterations = 1000, initial_temperature = 3.0, cooling_rate = 0.999
26 - INFO - chord#: 6 done. best_score=120.0, changed=616, unchanged=490, early_stops=8/8
26 - INFO - chord#: 8 In build_straw_man_chord_sa. tolerance = 1, sa_iterations = 1000, initial_temperature = 3.0, cooling_rate = 0.999
26 - INFO - chord#: 8 done. best_score=27.0, changed=525, unchanged=359, early_stops=8/8
26 - INFO - chord#: 10 In build_straw_man_chord_sa. tolerance = 1, sa_iterations = 1000, initial_temperature = 3.0, cooling_rate = 0.999
26 - INFO - chord#: 8 done. best_score=27.0, changed=529, unchanged=366, early_stops=8/8
26 - INFO - chord#: 10 In build_straw_man_chord_sa. tolerance = 1, sa_iterations = 1000, initial_temperature = 3.0, cooling_rate = 0.999
26 - INFO - chord#: 6 done. best_score=120.0, changed=613, unchanged=247, early_stops=8/8
26 - INFO - chord#: 8 In build_straw_man_chord_sa. tolerance = 1, sa_iterations = 1000, initial_temperature = 3.0, cooling_rate = 0.999
26 - INFO - chord#: 8 done. best_score=27.0, changed=529, unchanged=409, early_stops=8/8
26 - INFO - chord#: 10 In build_straw_man_chord_sa. tolerance = 1, sa_iterations = 1000, initial_temperature = 3.0, cooling_rate = 0.999
26 - INFO - chord#: 8 done. best_score=27.0, changed=522, unchanged=377, early_stops=8/8
26 - INFO - chord#: 10 In build_straw_man_chord_sa. tolerance = 1, sa_iterations = 1000, initial_temperature = 3.0, cooling_rate = 0.999
26 - INFO - chord#: 6 done. best_score=90.0, changed=612, unchanged=266, early_stops=8/8
26 - INFO - chord#: 8 In build_straw_man_chord_sa. tolerance = 1, sa_iterations = 1000, initial_temperature = 3.0, cooling_rate = 0.999
26 - INFO - chord#: 8 done. best_score=27.0, changed=522, unchanged=312, early_stops=8/8
26 - INFO - chord#: 10 In build_straw_man_chord_sa. tolerance = 1, sa_iterations = 1000, initial_temperature = 3.0, cooling_rate = 0.999
26 - INFO - chord#: 6 done. best_score=82.0, changed=608, unchanged=313, early_stops=8/8
26 - INFO - chord#: 8 In build_straw_man_chord_sa. tolerance = 1, sa_iterations = 1000, initial_temperature = 3.0, cooling_rate = 0.999
26 - INFO - chord#: 6 done. best_score=82.0, changed=612, unchanged=396, early_stops=8/8
26 - INFO - chord#: 8 In build_straw_man_chord_sa. tolerance = 1, sa_iterations = 1000, initial_temperature = 3.0, cooling_rate = 0.999
26 - INFO - chord#: 6 done. best_score=82.0, changed=612, unchanged=416, early_stops=8/8
26 - INFO - chord#: 8 In build_straw_man_chord_sa. tolerance = 1, sa_iterations = 1000, initial_temperature = 3.0, cooling_rate = 0.999
26 - INFO - chord#: 8 done. best_score=27.0, changed=519, unchanged=324, early_stops=8/8
26 - INFO - chord#: 10 In build_straw_man_chord_sa. tolerance = 1, sa_iterations = 1000, initial_temperature = 3.0, cooling_rate = 0.999
26 - INFO - chord#: 6 done. best_score=82.0, changed=613, unchanged=488, early_stops=8/8
26 - INFO - chord#: 8 In build_straw_man_chord_sa. tolerance = 1, sa_iterations = 1000, initial_temperature = 3.0, cooling_rate = 0.999
26 - INFO - chord#: 10 done. best_score=157.0, changed=612, unchanged=284, early_stops=8/8
26 - INFO - chord#: 12 In build_straw_man_chord_sa. tolerance = 1, sa_iterations = 1000, initial_temperature = 3.0, cooling_rate = 0.999
26 - INFO - chord#: 8 done. best_score=27.0, changed=530, unchanged=369, early_stops=8/8
26 - INFO - chord#: 10 In build_straw_man_chord_sa. tolerance = 1, sa_iterations = 1000, initial_temperature = 3.0, cooling_rate = 0.999
26 - INFO - chord#: 8 done. best_score=27.0, changed=527, unchanged=340, early_stops=8/8
26 - INFO - chord#: 10 In build_straw_man_chord_sa. tolerance = 1, sa_iterations = 1000, initial_temperature = 3.0, cooling_rate = 0.999
26 - INFO - chord#: 8 done. best_score=27.0, changed=521, unchanged=340, early_stops=8/8
26 - INFO - chord#: 10 In build_straw_man_chord_sa. tolerance = 1, sa_iterations = 1000, initial_temperature = 3.0, cooling_rate = 0.999
26 - INFO - chord#: 10 done. best_score=104.0, changed=608, unchanged=244, early_stops=8/8
26 - INFO - chord#: 12 In build_straw_man_chord_sa. tolerance = 1, sa_iterations = 1000, initial_temperature = 3.0, cooling_rate = 0.999
26 - INFO - chord#: 10 done. best_score=64.0, changed=609, unchanged=305, early_stops=8/8
26 - INFO - chord#: 12 In build_straw_man_chord_sa. tolerance = 1, sa_iterations = 1000, initial_temperature = 3.0, cooling_rate = 0.999
26 - INFO - chord#: 10 done. best_score=64.0, changed=613, unchanged=281, early_stops=8/8
26 - INFO - chord#: 12 In build_straw_man_chord_sa. tolerance = 1, sa_iterations = 1000, initial_temperature = 3.0, cooling_rate = 0.999
26 - INFO - chord#: 8 done. best_score=27.0, changed=532, unchanged=364, early_stops=8/8
26 - INFO - chord#: 10 In build_straw_man_chord_sa. tolerance = 1, sa_iterations = 1000, initial_temperature = 3.0, cooling_rate = 0.999
26 - INFO - chord#: 10 done. best_score=64.0, changed=612, unchanged=380, early_stops=8/8
26 - INFO - chord#: 12 In build_straw_man_chord_sa. tolerance = 1, sa_iterations = 1000, initial_temperature = 3.0, cooling_rate = 0.999
26 - INFO - chord#: 8 done. best_score=27.0, changed=516, unchanged=348, early_stops=8/8
26 - INFO - chord#: 10 In build_straw_man_chord_sa. tolerance = 1, sa_iterations = 1000, initial_temperature = 3.0, cooling_rate = 0.999
26 - INFO - chord#: 10 done. best_score=64.0, changed=621, unchanged=346, early_stops=8/8
26 - INFO - chord#: 12 In build_straw_man_chord_sa. tolerance = 1, sa_iterations = 1000, initial_temperature = 3.0, cooling_rate = 0.999
26 - INFO - chord#: 10 done. best_score=146.0, changed=612, unchanged=280, early_stops=8/8
26 - INFO - chord#: 12 In build_straw_man_chord_sa. tolerance = 1, sa_iterations = 1000, initial_temperature = 3.0, cooling_rate = 0.999
26 - INFO - chord#: 12 done. best_score=74.0, changed=612, unchanged=408, early_stops=8/8
26 - INFO - chord#: 14 In build_straw_man_chord_sa. tolerance = 1, sa_iterations = 1000, initial_temperature = 3.0, cooling_rate = 0.999
26 - INFO - chord#: 12 done. best_score=167.0, changed=611, unchanged=248, early_stops=8/8
26 - INFO - chord#: 14 In build_straw_man_chord_sa. tolerance = 1, sa_iterations = 1000, initial_temperature = 3.0, cooling_rate = 0.999
26 - INFO - chord#: 10 done. best_score=64.0, changed=609, unchanged=236, early_stops=8/8
26 - INFO - chord#: 12 In build_straw_man_chord_sa. tolerance = 1, sa_iterations = 1000, initial_temperature = 3.0, cooling_rate = 0.999
26 - INFO - chord#: 12 done. best_score=74.0, changed=612, unchanged=406, early_stops=8/8
26 - INFO - chord#: 14 In build_straw_man_chord_sa. tolerance = 1, sa_iterations = 1000, initial_temperature = 3.0, cooling_rate = 0.999
26 - INFO - chord#: 10 done. best_score=64.0, changed=614, unchanged=302, early_stops=8/8
26 - INFO - chord#: 12 In build_straw_man_chord_sa. tolerance = 1, sa_iterations = 1000, initial_temperature = 3.0, cooling_rate = 0.999
26 - INFO - chord#: 12 done. best_score=74.0, changed=611, unchanged=266, early_stops=8/8
26 - INFO - chord#: 14 In build_straw_man_chord_sa. tolerance = 1, sa_iterations = 1000, initial_temperature = 3.0, cooling_rate = 0.999
26 - INFO - chord#: 12 done. best_score=74.0, changed=620, unchanged=439, early_stops=8/8
26 - INFO - chord#: 14 In build_straw_man_chord_sa. tolerance = 1, sa_iterations = 1000, initial_temperature = 3.0, cooling_rate = 0.999
26 - INFO - chord#: 14 done. best_score=27.0, changed=528, unchanged=358, early_stops=8/8
26 - INFO - chord#: 16 In build_straw_man_chord_sa. tolerance = 1, sa_iterations = 1000, initial_temperature = 3.0, cooling_rate = 0.999
26 - INFO - chord#: 14 done. best_score=27.0, changed=526, unchanged=312, early_stops=8/8
26 - INFO - chord#: 16 In build_straw_man_chord_sa. tolerance = 1, sa_iterations = 1000, initial_temperature = 3.0, cooling_rate = 0.999
26 - INFO - chord#: 10 done. best_score=64.0, changed=614, unchanged=316, early_stops=8/8
26 - INFO - chord#: 12 In build_straw_man_chord_sa. tolerance = 1, sa_iterations = 1000, initial_temperature = 3.0, cooling_rate = 0.999
26 - INFO - chord#: 12 done. best_score=74.0, changed=610, unchanged=261, early_stops=8/8
26 - INFO - chord#: 14 In build_straw_man_chord_sa. tolerance = 1, sa_iterations = 1000, initial_temperature = 3.0, cooling_rate = 0.999
26 - INFO - chord#: 10 done. best_score=64.0, changed=614, unchanged=363, early_stops=8/8
26 - INFO - chord#: 12 In build_straw_man_chord_sa. tolerance = 1, sa_iterations = 1000, initial_temperature = 3.0, cooling_rate = 0.999
26 - INFO - chord#: 14 done. best_score=27.0, changed=526, unchanged=313, early_stops=8/8
26 - INFO - chord#: 16 In build_straw_man_chord_sa. tolerance = 1, sa_iterations = 1000, initial_temperature = 3.0, cooling_rate = 0.999
26 - INFO - chord#: 10 done. best_score=64.0, changed=619, unchanged=602, early_stops=8/8
26 - INFO - chord#: 12 In build_straw_man_chord_sa. tolerance = 1, sa_iterations = 1000, initial_temperature = 3.0, cooling_rate = 0.999
26 - INFO - chord#: 14 done. best_score=27.0, changed=525, unchanged=371, early_stops=8/8
26 - INFO - chord#: 16 In build_straw_man_chord_sa. tolerance = 1, sa_iterations = 1000, initial_temperature = 3.0, cooling_rate = 0.999
26 - INFO - chord#: 16 done. best_score=27.0, changed=524, unchanged=369, early_stops=8/8
26 - INFO - chord#: 18 In build_straw_man_chord_sa. tolerance = 1, sa_iterations = 1000, initial_temperature = 3.0, cooling_rate = 0.999
26 - INFO - chord#: 16 done. best_score=27.0, changed=520, unchanged=385, early_stops=8/8
26 - INFO - chord#: 18 In build_straw_man_chord_sa. tolerance = 1, sa_iterations = 1000, initial_temperature = 3.0, cooling_rate = 0.999
26 - INFO - chord#: 14 done. best_score=27.0, changed=521, unchanged=313, early_stops=8/8
26 - INFO - chord#: 16 In build_straw_man_chord_sa. tolerance = 1, sa_iterations = 1000, initial_temperature = 3.0, cooling_rate = 0.999
26 - INFO - chord#: 14 done. best_score=27.0, changed=534, unchanged=341, early_stops=8/8
26 - INFO - chord#: 16 In build_straw_man_chord_sa. tolerance = 1, sa_iterations = 1000, initial_temperature = 3.0, cooling_rate = 0.999
26 - INFO - chord#: 16 done. best_score=27.0, changed=531, unchanged=476, early_stops=8/8
26 - INFO - chord#: 18 In build_straw_man_chord_sa. tolerance = 1, sa_iterations = 1000, initial_temperature = 3.0, cooling_rate = 0.999
26 - INFO - chord#: 16 done. best_score=27.0, changed=527, unchanged=461, early_stops=8/8
26 - INFO - chord#: 18 In build_straw_man_chord_sa. tolerance = 1, sa_iterations = 1000, initial_temperature = 3.0, cooling_rate = 0.999
26 - INFO - chord#: 12 done. best_score=168.0, changed=613, unchanged=441, early_stops=8/8
26 - INFO - chord#: 14 In build_straw_man_chord_sa. tolerance = 1, sa_iterations = 1000, initial_temperature = 3.0, cooling_rate = 0.999
26 - INFO - chord#: 16 done. best_score=27.0, changed=524, unchanged=318, early_stops=8/8
26 - INFO - chord#: 18 In build_straw_man_chord_sa. tolerance = 1, sa_iterations = 1000, initial_temperature = 3.0, cooling_rate = 0.999
26 - INFO - chord#: 16 done. best_score=27.0, changed=527, unchanged=361, early_stops=8/8
26 - INFO - chord#: 18 In build_straw_man_chord_sa. tolerance = 1, sa_iterations = 1000, initial_temperature = 3.0, cooling_rate = 0.999
26 - INFO - chord#: 12 done. best_score=74.0, changed=614, unchanged=345, early_stops=8/8
26 - INFO - chord#: 14 In build_straw_man_chord_sa. tolerance = 1, sa_iterations = 1000, initial_temperature = 3.0, cooling_rate = 0.999
26 - INFO - chord#: 12 done. best_score=96.0, changed=613, unchanged=419, early_stops=8/8
26 - INFO - chord#: 14 In build_straw_man_chord_sa. tolerance = 1, sa_iterations = 1000, initial_temperature = 3.0, cooling_rate = 0.999
26 - INFO - chord#: 18 done. best_score=64.0, changed=611, unchanged=321, early_stops=8/8
26 - INFO - chord#: 20 In build_straw_man_chord_sa. tolerance = 1, sa_iterations = 1000, initial_temperature = 3.0, cooling_rate = 0.999
26 - INFO - chord#: 18 done. best_score=64.0, changed=609, unchanged=328, early_stops=8/8
26 - INFO - chord#: 20 In build_straw_man_chord_sa. tolerance = 1, sa_iterations = 1000, initial_temperature = 3.0, cooling_rate = 0.999
26 - INFO - chord#: 14 done. best_score=27.0, changed=525, unchanged=361, early_stops=8/8
26 - INFO - chord#: 16 In build_straw_man_chord_sa. tolerance = 1, sa_iterations = 1000, initial_temperature = 3.0, cooling_rate = 0.999
26 - INFO - chord#: 12 done. best_score=74.0, changed=613, unchanged=344, early_stops=8/8
26 - INFO - chord#: 14 In build_straw_man_chord_sa. tolerance = 1, sa_iterations = 1000, initial_temperature = 3.0, cooling_rate = 0.999
26 - INFO - chord#: 12 done. best_score=96.0, changed=612, unchanged=354, early_stops=8/8
26 - INFO - chord#: 14 In build_straw_man_chord_sa. tolerance = 1, sa_iterations = 1000, initial_temperature = 3.0, cooling_rate = 0.999
26 - INFO - chord#: 12 done. best_score=74.0, changed=613, unchanged=273, early_stops=8/8
26 - INFO - chord#: 14 In build_straw_man_chord_sa. tolerance = 1, sa_iterations = 1000, initial_temperature = 3.0, cooling_rate = 0.999
26 - INFO - chord#: 14 done. best_score=27.0, changed=521, unchanged=320, early_stops=8/8
26 - INFO - chord#: 16 In build_straw_man_chord_sa. tolerance = 1, sa_iterations = 1000, initial_temperature = 3.0, cooling_rate = 0.999
26 - INFO - chord#: 14 done. best_score=27.0, changed=521, unchanged=346, early_stops=8/8
26 - INFO - chord#: 16 In build_straw_man_chord_sa. tolerance = 1, sa_iterations = 1000, initial_temperature = 3.0, cooling_rate = 0.999
26 - INFO - chord#: 18 done. best_score=64.0, changed=613, unchanged=348, early_stops=8/8
26 - INFO - chord#: 20 In build_straw_man_chord_sa. tolerance = 1, sa_iterations = 1000, initial_temperature = 3.0, cooling_rate = 0.999
26 - INFO - chord#: 18 done. best_score=140.0, changed=608, unchanged=236, early_stops=8/8
26 - INFO - chord#: 20 In build_straw_man_chord_sa. tolerance = 1, sa_iterations = 1000, initial_temperature = 3.0, cooling_rate = 0.999
26 - INFO - chord#: 20 done. best_score=27.0, changed=517, unchanged=395, early_stops=8/8
26 - INFO - chord#: 22 In build_straw_man_chord_sa. tolerance = 1, sa_iterations = 1000, initial_temperature = 3.0, cooling_rate = 0.999
26 - INFO - chord#: 20 done. best_score=27.0, changed=523, unchanged=412, early_stops=8/8
26 - INFO - chord#: 22 In build_straw_man_chord_sa. tolerance = 1, sa_iterations = 1000, initial_temperature = 3.0, cooling_rate = 0.999
26 - INFO - chord#: 16 done. best_score=27.0, changed=525, unchanged=402, early_stops=8/8
26 - INFO - chord#: 18 done. best_score=146.0, changed=617, unchanged=348, early_stops=8/8
26 - INFO - chord#: 20 In build_straw_man_chord_sa. tolerance = 1, sa_iterations = 1000, initial_temperature = 3.0, cooling_rate = 0.999
26 - INFO - chord#: 18 In build_straw_man_chord_sa. tolerance = 1, sa_iterations = 1000, initial_temperature = 3.0, cooling_rate = 0.999
26 - INFO - chord#: 14 done. best_score=27.0, changed=525, unchanged=313, early_stops=8/8
26 - INFO - chord#: 16 In build_straw_man_chord_sa. tolerance = 1, sa_iterations = 1000, initial_temperature = 3.0, cooling_rate = 0.999
26 - INFO - chord#: 14 done. best_score=27.0, changed=523, unchanged=393, early_stops=8/8
26 - INFO - chord#: 16 In build_straw_man_chord_sa. tolerance = 1, sa_iterations = 1000, initial_temperature = 3.0, cooling_rate = 0.999
26 - INFO - chord#: 14 done. best_score=27.0, changed=526, unchanged=444, early_stops=8/8
26 - INFO - chord#: 16 In build_straw_man_chord_sa. tolerance = 1, sa_iterations = 1000, initial_temperature = 3.0, cooling_rate = 0.999
26 - INFO - chord#: 16 done. best_score=27.0, changed=526, unchanged=397, early_stops=8/8
26 - INFO - chord#: 18 In build_straw_man_chord_sa. tolerance = 1, sa_iterations = 1000, initial_temperature = 3.0, cooling_rate = 0.999
26 - INFO - chord#: 16 done. best_score=27.0, changed=524, unchanged=437, early_stops=8/8
26 - INFO - chord#: 18 In build_straw_man_chord_sa. tolerance = 1, sa_iterations = 1000, initial_temperature = 3.0, cooling_rate = 0.999
26 - INFO - chord#: 20 done. best_score=27.0, changed=515, unchanged=336, early_stops=8/8
26 - INFO - chord#: 22 In build_straw_man_chord_sa. tolerance = 1, sa_iterations = 1000, initial_temperature = 3.0, cooling_rate = 0.999
26 - INFO - chord#: 18 done. best_score=146.0, changed=610, unchanged=328, early_stops=8/8
26 - INFO - chord#: 20 In build_straw_man_chord_sa. tolerance = 1, sa_iterations = 1000, initial_temperature = 3.0, cooling_rate = 0.999
26 - INFO - chord#: 20 done. best_score=27.0, changed=528, unchanged=429, early_stops=8/8
26 - INFO - chord#: 22 In build_straw_man_chord_sa. tolerance = 1, sa_iterations = 1000, initial_temperature = 3.0, cooling_rate = 0.999
26 - INFO - chord#: 22 done. best_score=27.0, changed=526, unchanged=364, early_stops=8/8
26 - INFO - chord#: 24 In build_straw_man_chord_sa. tolerance = 1, sa_iterations = 1000, initial_temperature = 3.0, cooling_rate = 0.999
26 - INFO - chord#: 22 done. best_score=27.0, changed=520, unchanged=376, early_stops=8/8
26 - INFO - chord#: 24 In build_straw_man_chord_sa. tolerance = 1, sa_iterations = 1000, initial_temperature = 3.0, cooling_rate = 0.999
26 - INFO - chord#: 20 done. best_score=27.0, changed=512, unchanged=396, early_stops=8/8
26 - INFO - chord#: 22 In build_straw_man_chord_sa. tolerance = 1, sa_iterations = 1000, initial_temperature = 3.0, cooling_rate = 0.999
26 - INFO - chord#: 16 done. best_score=27.0, changed=523, unchanged=345, early_stops=8/8
26 - INFO - chord#: 18 In build_straw_man_chord_sa. tolerance = 1, sa_iterations = 1000, initial_temperature = 3.0, cooling_rate = 0.999
26 - INFO - chord#: 22 done. best_score=27.0, changed=520, unchanged=436, early_stops=8/8
26 - INFO - chord#: 24 In build_straw_man_chord_sa. tolerance = 1, sa_iterations = 1000, initial_temperature = 3.0, cooling_rate = 0.999
26 - INFO - chord#: 16 done. best_score=27.0, changed=521, unchanged=380, early_stops=8/8
26 - INFO - chord#: 18 In build_straw_man_chord_sa. tolerance = 1, sa_iterations = 1000, initial_temperature = 3.0, cooling_rate = 0.999
26 - INFO - chord#: 22 done. best_score=27.0, changed=527, unchanged=383, early_stops=8/8
26 - INFO - chord#: 24 In build_straw_man_chord_sa. tolerance = 1, sa_iterations = 1000, initial_temperature = 3.0, cooling_rate = 0.999
26 - INFO - chord#: 16 done. best_score=27.0, changed=531, unchanged=468, early_stops=8/8
26 - INFO - chord#: 18 In build_straw_man_chord_sa. tolerance = 1, sa_iterations = 1000, initial_temperature = 3.0, cooling_rate = 0.999
26 - INFO - chord#: 24 done. best_score=27.0, changed=527, unchanged=420, early_stops=8/8
26 - INFO - chord#: 28 In build_straw_man_chord_sa. tolerance = 1, sa_iterations = 1000, initial_temperature = 3.0, cooling_rate = 0.999
26 - INFO - chord#: 24 done. best_score=27.0, changed=519, unchanged=384, early_stops=8/8
26 - INFO - chord#: 28 In build_straw_man_chord_sa. tolerance = 1, sa_iterations = 1000, initial_temperature = 3.0, cooling_rate = 0.999
26 - INFO - chord#: 22 done. best_score=27.0, changed=519, unchanged=369, early_stops=8/8
26 - INFO - chord#: 24 In build_straw_man_chord_sa. tolerance = 1, sa_iterations = 1000, initial_temperature = 3.0, cooling_rate = 0.999
26 - INFO - chord#: 20 done. best_score=27.0, changed=526, unchanged=502, early_stops=8/8
26 - INFO - chord#: 22 In build_straw_man_chord_sa. tolerance = 1, sa_iterations = 1000, initial_temperature = 3.0, cooling_rate = 0.999
26 - INFO - chord#: 24 done. best_score=27.0, changed=524, unchanged=401, early_stops=8/8
26 - INFO - chord#: 28 In build_straw_man_chord_sa. tolerance = 1, sa_iterations = 1000, initial_temperature = 3.0, cooling_rate = 0.999
26 - INFO - chord#: 18 done. best_score=64.0, changed=615, unchanged=296, early_stops=8/8
26 - INFO - chord#: 20 In build_straw_man_chord_sa. tolerance = 1, sa_iterations = 1000, initial_temperature = 3.0, cooling_rate = 0.999
26 - INFO - chord#: 28 done. best_score=27.0, changed=523, unchanged=316, early_stops=8/8
26 - INFO - chord#: 32 In build_straw_man_chord_sa. tolerance = 1, sa_iterations = 1000, initial_temperature = 3.0, cooling_rate = 0.999
26 - INFO - chord#: 24 done. best_score=27.0, changed=530, unchanged=450, early_stops=8/8
26 - INFO - chord#: 28 In build_straw_man_chord_sa. tolerance = 1, sa_iterations = 1000, initial_temperature = 3.0, cooling_rate = 0.999
26 - INFO - chord#: 28 done. best_score=27.0, changed=524, unchanged=356, early_stops=8/8
26 - INFO - chord#: 32 In build_straw_man_chord_sa. tolerance = 1, sa_iterations = 1000, initial_temperature = 3.0, cooling_rate = 0.999
26 - INFO - chord#: 18 done. best_score=157.0, changed=614, unchanged=315, early_stops=8/8
26 - INFO - chord#: 20 In build_straw_man_chord_sa. tolerance = 1, sa_iterations = 1000, initial_temperature = 3.0, cooling_rate = 0.999
26 - INFO - chord#: 18 done. best_score=146.0, changed=609, unchanged=242, early_stops=8/8
26 - INFO - chord#: 20 In build_straw_man_chord_sa. tolerance = 1, sa_iterations = 1000, initial_temperature = 3.0, cooling_rate = 0.999
26 - INFO - chord#: 24 done. best_score=27.0, changed=512, unchanged=337, early_stops=8/8
26 - INFO - chord#: 28 In build_straw_man_chord_sa. tolerance = 1, sa_iterations = 1000, initial_temperature = 3.0, cooling_rate = 0.999
26 - INFO - chord#: 22 done. best_score=27.0, changed=528, unchanged=368, early_stops=8/8
26 - INFO - chord#: 24 In build_straw_man_chord_sa. tolerance = 1, sa_iterations = 1000, initial_temperature = 3.0, cooling_rate = 0.999
26 - INFO - chord#: 32 done. best_score=27.0, changed=517, unchanged=311, early_stops=8/8
26 - INFO - chord#: 34 In build_straw_man_chord_sa. tolerance = 1, sa_iterations = 1000, initial_temperature = 3.0, cooling_rate = 0.999
26 - INFO - chord#: 28 done. best_score=27.0, changed=525, unchanged=392, early_stops=8/8
26 - INFO - chord#: 32 In build_straw_man_chord_sa. tolerance = 1, sa_iterations = 1000, initial_temperature = 3.0, cooling_rate = 0.999
26 - INFO - chord#: 28 done. best_score=27.0, changed=520, unchanged=315, early_stops=8/8
26 - INFO - chord#: 32 In build_straw_man_chord_sa. tolerance = 1, sa_iterations = 1000, initial_temperature = 3.0, cooling_rate = 0.999
26 - INFO - chord#: 20 done. best_score=27.0, changed=516, unchanged=470, early_stops=8/8
26 - INFO - chord#: 22 In build_straw_man_chord_sa. tolerance = 1, sa_iterations = 1000, initial_temperature = 3.0, cooling_rate = 0.999
26 - INFO - chord#: 32 done. best_score=27.0, changed=527, unchanged=374, early_stops=8/8
26 - INFO - chord#: 34 In build_straw_man_chord_sa. tolerance = 1, sa_iterations = 1000, initial_temperature = 3.0, cooling_rate = 0.999
26 - INFO - chord#: 28 done. best_score=27.0, changed=526, unchanged=412, early_stops=8/8
26 - INFO - chord#: 32 In build_straw_man_chord_sa. tolerance = 1, sa_iterations = 1000, initial_temperature = 3.0, cooling_rate = 0.999
26 - INFO - chord#: 18 done. best_score=64.0, changed=616, unchanged=256, early_stops=8/8
26 - INFO - chord#: 20 In build_straw_man_chord_sa. tolerance = 1, sa_iterations = 1000, initial_temperature = 3.0, cooling_rate = 0.999
26 - INFO - chord#: 18 done. best_score=64.0, changed=612, unchanged=346, early_stops=8/8
26 - INFO - chord#: 20 In build_straw_man_chord_sa. tolerance = 1, sa_iterations = 1000, initial_temperature = 3.0, cooling_rate = 0.999
26 - INFO - chord#: 20 done. best_score=27.0, changed=522, unchanged=466, early_stops=8/8
26 - INFO - chord#: 22 In build_straw_man_chord_sa. tolerance = 1, sa_iterations = 1000, initial_temperature = 3.0, cooling_rate = 0.999
26 - INFO - chord#: 18 done. best_score=146.0, changed=618, unchanged=358, early_stops=8/8
26 - INFO - chord#: 20 In build_straw_man_chord_sa. tolerance = 1, sa_iterations = 1000, initial_temperature = 3.0, cooling_rate = 0.999
26 - INFO - chord#: 20 done. best_score=27.0, changed=516, unchanged=415, early_stops=8/8
26 - INFO - chord#: 22 In build_straw_man_chord_sa. tolerance = 1, sa_iterations = 1000, initial_temperature = 3.0, cooling_rate = 0.999
26 - INFO - chord#: 32 done. best_score=27.0, changed=525, unchanged=340, early_stops=8/8
26 - INFO - chord#: 34 In build_straw_man_chord_sa. tolerance = 1, sa_iterations = 1000, initial_temperature = 3.0, cooling_rate = 0.999
26 - INFO - chord#: 32 done. best_score=27.0, changed=521, unchanged=346, early_stops=8/8
26 - INFO - chord#: 34 In build_straw_man_chord_sa. tolerance = 1, sa_iterations = 1000, initial_temperature = 3.0, cooling_rate = 0.999
26 - INFO - chord#: 22 done. best_score=27.0, changed=518, unchanged=326, early_stops=8/8
26 - INFO - chord#: 24 In build_straw_man_chord_sa. tolerance = 1, sa_iterations = 1000, initial_temperature = 3.0, cooling_rate = 0.999
26 - INFO - chord#: 24 done. best_score=27.0, changed=520, unchanged=452, early_stops=8/8
26 - INFO - chord#: 28 In build_straw_man_chord_sa. tolerance = 1, sa_iterations = 1000, initial_temperature = 3.0, cooling_rate = 0.999
26 - INFO - chord#: 32 done. best_score=27.0, changed=520, unchanged=354, early_stops=8/8
26 - INFO - chord#: 34 In build_straw_man_chord_sa. tolerance = 1, sa_iterations = 1000, initial_temperature = 3.0, cooling_rate = 0.999
26 - INFO - chord#: 22 done. best_score=27.0, changed=525, unchanged=409, early_stops=8/8
26 - INFO - chord#: 24 In build_straw_man_chord_sa. tolerance = 1, sa_iterations = 1000, initial_temperature = 3.0, cooling_rate = 0.999
26 - INFO - chord#: 20 done. best_score=27.0, changed=512, unchanged=324, early_stops=8/8
26 - INFO - chord#: 22 In build_straw_man_chord_sa. tolerance = 1, sa_iterations = 1000, initial_temperature = 3.0, cooling_rate = 0.999
26 - INFO - chord#: 22 done. best_score=27.0, changed=531, unchanged=413, early_stops=8/8
26 - INFO - chord#: 24 In build_straw_man_chord_sa. tolerance = 1, sa_iterations = 1000, initial_temperature = 3.0, cooling_rate = 0.999
26 - INFO - chord#: 34 done. best_score=70.0, changed=610, unchanged=306, early_stops=8/8
26 - INFO - chord#: 36 In build_straw_man_chord_sa. tolerance = 1, sa_iterations = 1000, initial_temperature = 3.0, cooling_rate = 0.999
26 - INFO - chord#: 20 done. best_score=27.0, changed=523, unchanged=558, early_stops=8/8
26 - INFO - chord#: 22 In build_straw_man_chord_sa. tolerance = 1, sa_iterations = 1000, initial_temperature = 3.0, cooling_rate = 0.999
26 - INFO - chord#: 24 done. best_score=27.0, changed=517, unchanged=367, early_stops=8/8
26 - INFO - chord#: 28 In build_straw_man_chord_sa. tolerance = 1, sa_iterations = 1000, initial_temperature = 3.0, cooling_rate = 0.999
26 - INFO - chord#: 20 done. best_score=27.0, changed=529, unchanged=479, early_stops=8/8
26 - INFO - chord#: 22 In build_straw_man_chord_sa. tolerance = 1, sa_iterations = 1000, initial_temperature = 3.0, cooling_rate = 0.999
26 - INFO - chord#: 28 done. best_score=27.0, changed=535, unchanged=384, early_stops=8/8
26 - INFO - chord#: 32 In build_straw_man_chord_sa. tolerance = 1, sa_iterations = 1000, initial_temperature = 3.0, cooling_rate = 0.999
26 - INFO - chord#: 34 done. best_score=70.0, changed=616, unchanged=319, early_stops=8/8
26 - INFO - chord#: 36 In build_straw_man_chord_sa. tolerance = 1, sa_iterations = 1000, initial_temperature = 3.0, cooling_rate = 0.999
26 - INFO - chord#: 36 done. best_score=27.0, changed=526, unchanged=324, early_stops=8/8
26 - INFO - chord#: 38 In build_straw_man_chord_sa. tolerance = 1, sa_iterations = 1000, initial_temperature = 3.0, cooling_rate = 0.999
26 - INFO - chord#: 22 done. best_score=27.0, changed=514, unchanged=368, early_stops=8/8
26 - INFO - chord#: 24 In build_straw_man_chord_sa. tolerance = 1, sa_iterations = 1000, initial_temperature = 3.0, cooling_rate = 0.999
26 - INFO - chord#: 28 done. best_score=27.0, changed=519, unchanged=333, early_stops=8/8
26 - INFO - chord#: 32 In build_straw_man_chord_sa. tolerance = 1, sa_iterations = 1000, initial_temperature = 3.0, cooling_rate = 0.999
26 - INFO - chord#: 34 done. best_score=70.0, changed=614, unchanged=249, early_stops=8/8
26 - INFO - chord#: 36 In build_straw_man_chord_sa. tolerance = 1, sa_iterations = 1000, initial_temperature = 3.0, cooling_rate = 0.999
26 - INFO - chord#: 22 done. best_score=27.0, changed=514, unchanged=327, early_stops=8/8
26 - INFO - chord#: 24 In build_straw_man_chord_sa. tolerance = 1, sa_iterations = 1000, initial_temperature = 3.0, cooling_rate = 0.999
26 - INFO - chord#: 22 done. best_score=27.0, changed=517, unchanged=312, early_stops=8/8
26 - INFO - chord#: 24 In build_straw_man_chord_sa. tolerance = 1, sa_iterations = 1000, initial_temperature = 3.0, cooling_rate = 0.999
26 - INFO - chord#: 34 done. best_score=141.0, changed=611, unchanged=309, early_stops=8/8
26 - INFO - chord#: 36 In build_straw_man_chord_sa. tolerance = 1, sa_iterations = 1000, initial_temperature = 3.0, cooling_rate = 0.999
26 - INFO - chord#: 24 done. best_score=27.0, changed=525, unchanged=362, early_stops=8/8
26 - INFO - chord#: 28 In build_straw_man_chord_sa. tolerance = 1, sa_iterations = 1000, initial_temperature = 3.0, cooling_rate = 0.999
26 - INFO - chord#: 24 done. best_score=27.0, changed=526, unchanged=380, early_stops=8/8
26 - INFO - chord#: 28 In build_straw_man_chord_sa. tolerance = 1, sa_iterations = 1000, initial_temperature = 3.0, cooling_rate = 0.999
26 - INFO - chord#: 34 done. best_score=141.0, changed=609, unchanged=209, early_stops=8/8
26 - INFO - chord#: 36 In build_straw_man_chord_sa. tolerance = 1, sa_iterations = 1000, initial_temperature = 3.0, cooling_rate = 0.999
26 - INFO - chord#: 36 done. best_score=27.0, changed=526, unchanged=345, early_stops=8/8
26 - INFO - chord#: 38 In build_straw_man_chord_sa. tolerance = 1, sa_iterations = 1000, initial_temperature = 3.0, cooling_rate = 0.999
26 - INFO - chord#: 32 done. best_score=27.0, changed=529, unchanged=401, early_stops=8/8
26 - INFO - chord#: 34 In build_straw_man_chord_sa. tolerance = 1, sa_iterations = 1000, initial_temperature = 3.0, cooling_rate = 0.999
26 - INFO - chord#: 36 done. best_score=27.0, changed=516, unchanged=301, early_stops=8/8
26 - INFO - chord#: 38 In build_straw_man_chord_sa. tolerance = 1, sa_iterations = 1000, initial_temperature = 3.0, cooling_rate = 0.999
26 - INFO - chord#: 32 done. best_score=27.0, changed=525, unchanged=365, early_stops=8/8
26 - INFO - chord#: 34 In build_straw_man_chord_sa. tolerance = 1, sa_iterations = 1000, initial_temperature = 3.0, cooling_rate = 0.999
26 - INFO - chord#: 36 done. best_score=27.0, changed=518, unchanged=403, early_stops=8/8
26 - INFO - chord#: 38 In build_straw_man_chord_sa. tolerance = 1, sa_iterations = 1000, initial_temperature = 3.0, cooling_rate = 0.999
26 - INFO - chord#: 28 done. best_score=27.0, changed=532, unchanged=370, early_stops=8/8
26 - INFO - chord#: 36 done. best_score=27.0, changed=520, unchanged=355, early_stops=8/8
26 - INFO - chord#: 32 In build_straw_man_chord_sa. tolerance = 1, sa_iterations = 1000, initial_temperature = 3.0, cooling_rate = 0.999
26 - INFO - chord#: 38 In build_straw_man_chord_sa. tolerance = 1, sa_iterations = 1000, initial_temperature = 3.0, cooling_rate = 0.999
26 - INFO - chord#: 24 done. best_score=27.0, changed=515, unchanged=363, early_stops=8/8
26 - INFO - chord#: 28 In build_straw_man_chord_sa. tolerance = 1, sa_iterations = 1000, initial_temperature = 3.0, cooling_rate = 0.999
26 - INFO - chord#: 24 done. best_score=27.0, changed=523, unchanged=450, early_stops=8/8
26 - INFO - chord#: 28 In build_straw_man_chord_sa. tolerance = 1, sa_iterations = 1000, initial_temperature = 3.0, cooling_rate = 0.999
26 - INFO - chord#: 28 done. best_score=27.0, changed=521, unchanged=348, early_stops=8/8
26 - INFO - chord#: 32 In build_straw_man_chord_sa. tolerance = 1, sa_iterations = 1000, initial_temperature = 3.0, cooling_rate = 0.999
26 - INFO - chord#: 24 done. best_score=27.0, changed=524, unchanged=364, early_stops=8/8
26 - INFO - chord#: 28 In build_straw_man_chord_sa. tolerance = 1, sa_iterations = 1000, initial_temperature = 3.0, cooling_rate = 0.999
26 - INFO - chord#: 38 done. best_score=64.0, changed=617, unchanged=415, early_stops=8/8
26 - INFO - chord#: 40 In build_straw_man_chord_sa. tolerance = 1, sa_iterations = 1000, initial_temperature = 3.0, cooling_rate = 0.999
26 - INFO - chord#: 38 done. best_score=64.0, changed=609, unchanged=228, early_stops=8/8
26 - INFO - chord#: 40 In build_straw_man_chord_sa. tolerance = 1, sa_iterations = 1000, initial_temperature = 3.0, cooling_rate = 0.999
26 - INFO - chord#: 28 done. best_score=27.0, changed=523, unchanged=314, early_stops=8/8
26 - INFO - chord#: 32 In build_straw_man_chord_sa. tolerance = 1, sa_iterations = 1000, initial_temperature = 3.0, cooling_rate = 0.999
26 - INFO - chord#: 32 done. best_score=27.0, changed=525, unchanged=408, early_stops=8/8
26 - INFO - chord#: 34 In build_straw_man_chord_sa. tolerance = 1, sa_iterations = 1000, initial_temperature = 3.0, cooling_rate = 0.999
26 - INFO - chord#: 28 done. best_score=27.0, changed=522, unchanged=369, early_stops=8/8
26 - INFO - chord#: 32 In build_straw_man_chord_sa. tolerance = 1, sa_iterations = 1000, initial_temperature = 3.0, cooling_rate = 0.999
26 - INFO - chord#: 32 done. best_score=27.0, changed=527, unchanged=373, early_stops=8/8
26 - INFO - chord#: 34 In build_straw_man_chord_sa. tolerance = 1, sa_iterations = 1000, initial_temperature = 3.0, cooling_rate = 0.999
26 - INFO - chord#: 28 done. best_score=27.0, changed=517, unchanged=350, early_stops=8/8
26 - INFO - chord#: 32 In build_straw_man_chord_sa. tolerance = 1, sa_iterations = 1000, initial_temperature = 3.0, cooling_rate = 0.999
26 - INFO - chord#: 38 done. best_score=64.0, changed=609, unchanged=230, early_stops=8/8
26 - INFO - chord#: 40 In build_straw_man_chord_sa. tolerance = 1, sa_iterations = 1000, initial_temperature = 3.0, cooling_rate = 0.999
26 - INFO - chord#: 34 done. best_score=70.0, changed=610, unchanged=276, early_stops=8/8
26 - INFO - chord#: 36 In build_straw_man_chord_sa. tolerance = 1, sa_iterations = 1000, initial_temperature = 3.0, cooling_rate = 0.999
26 - INFO - chord#: 38 done. best_score=146.0, changed=613, unchanged=286, early_stops=8/8
26 - INFO - chord#: 40 In build_straw_man_chord_sa. tolerance = 1, sa_iterations = 1000, initial_temperature = 3.0, cooling_rate = 0.999
26 - INFO - chord#: 40 done. best_score=35.0, changed=528, unchanged=483, early_stops=8/8
26 - INFO - chord#: 42 In build_straw_man_chord_sa. tolerance = 1, sa_iterations = 1000, initial_temperature = 3.0, cooling_rate = 0.999
26 - INFO - chord#: 38 done. best_score=64.0, changed=615, unchanged=424, early_stops=8/8
26 - INFO - chord#: 40 In build_straw_man_chord_sa. tolerance = 1, sa_iterations = 1000, initial_temperature = 3.0, cooling_rate = 0.999
26 - INFO - chord#: 40 done. best_score=35.0, changed=530, unchanged=440, early_stops=8/8
26 - INFO - chord#: 42 In build_straw_man_chord_sa. tolerance = 1, sa_iterations = 1000, initial_temperature = 3.0, cooling_rate = 0.999
26 - INFO - chord#: 32 done. best_score=27.0, changed=513, unchanged=300, early_stops=8/8
26 - INFO - chord#: 34 In build_straw_man_chord_sa. tolerance = 1, sa_iterations = 1000, initial_temperature = 3.0, cooling_rate = 0.999
26 - INFO - chord#: 34 done. best_score=70.0, changed=614, unchanged=391, early_stops=8/8
26 - INFO - chord#: 36 In build_straw_man_chord_sa. tolerance = 1, sa_iterations = 1000, initial_temperature = 3.0, cooling_rate = 0.999
26 - INFO - chord#: 32 done. best_score=27.0, changed=528, unchanged=347, early_stops=8/8
26 - INFO - chord#: 34 In build_straw_man_chord_sa. tolerance = 1, sa_iterations = 1000, initial_temperature = 3.0, cooling_rate = 0.999
26 - INFO - chord#: 32 done. best_score=27.0, changed=535, unchanged=343, early_stops=8/8
26 - INFO - chord#: 34 In build_straw_man_chord_sa. tolerance = 1, sa_iterations = 1000, initial_temperature = 3.0, cooling_rate = 0.999
26 - INFO - chord#: 40 done. best_score=35.0, changed=523, unchanged=301, early_stops=8/8
26 - INFO - chord#: 42 In build_straw_man_chord_sa. tolerance = 1, sa_iterations = 1000, initial_temperature = 3.0, cooling_rate = 0.999
26 - INFO - chord#: 36 done. best_score=27.0, changed=524, unchanged=343, early_stops=8/8
26 - INFO - chord#: 38 In build_straw_man_chord_sa. tolerance = 1, sa_iterations = 1000, initial_temperature = 3.0, cooling_rate = 0.999
26 - INFO - chord#: 40 done. best_score=35.0, changed=524, unchanged=402, early_stops=8/8
26 - INFO - chord#: 42 In build_straw_man_chord_sa. tolerance = 1, sa_iterations = 1000, initial_temperature = 3.0, cooling_rate = 0.999
26 - INFO - chord#: 40 done. best_score=35.0, changed=517, unchanged=389, early_stops=8/8
26 - INFO - chord#: 42 In build_straw_man_chord_sa. tolerance = 1, sa_iterations = 1000, initial_temperature = 3.0, cooling_rate = 0.999
26 - INFO - chord#: 42 done. best_score=36.0, changed=524, unchanged=488, early_stops=8/8
26 - INFO - chord#: 44 In build_straw_man_chord_sa. tolerance = 1, sa_iterations = 1000, initial_temperature = 3.0, cooling_rate = 0.999
26 - INFO - chord#: 42 done. best_score=36.0, changed=528, unchanged=605, early_stops=8/8
26 - INFO - chord#: 44 In build_straw_man_chord_sa. tolerance = 1, sa_iterations = 1000, initial_temperature = 3.0, cooling_rate = 0.999
26 - INFO - chord#: 36 done. best_score=27.0, changed=521, unchanged=322, early_stops=8/8
26 - INFO - chord#: 38 In build_straw_man_chord_sa. tolerance = 1, sa_iterations = 1000, initial_temperature = 3.0, cooling_rate = 0.999
26 - INFO - chord#: 34 done. best_score=70.0, changed=617, unchanged=234, early_stops=8/8
26 - INFO - chord#: 36 In build_straw_man_chord_sa. tolerance = 1, sa_iterations = 1000, initial_temperature = 3.0, cooling_rate = 0.999
26 - INFO - chord#: 42 done. best_score=36.0, changed=516, unchanged=422, early_stops=8/8
26 - INFO - chord#: 44 In build_straw_man_chord_sa. tolerance = 1, sa_iterations = 1000, initial_temperature = 3.0, cooling_rate = 0.999
26 - INFO - chord#: 42 done. best_score=36.0, changed=527, unchanged=552, early_stops=8/8
26 - INFO - chord#: 44 In build_straw_man_chord_sa. tolerance = 1, sa_iterations = 1000, initial_temperature = 3.0, cooling_rate = 0.999
26 - INFO - chord#: 42 done. best_score=36.0, changed=528, unchanged=705, early_stops=8/8
26 - INFO - chord#: 44 In build_straw_man_chord_sa. tolerance = 1, sa_iterations = 1000, initial_temperature = 3.0, cooling_rate = 0.999
26 - INFO - chord#: 44 done. best_score=27.0, changed=522, unchanged=313, early_stops=8/8
26 - INFO - chord#: 46 In build_straw_man_chord_sa. tolerance = 1, sa_iterations = 1000, initial_temperature = 3.0, cooling_rate = 0.999
26 - INFO - chord#: 44 done. best_score=27.0, changed=532, unchanged=338, early_stops=8/8
26 - INFO - chord#: 46 In build_straw_man_chord_sa. tolerance = 1, sa_iterations = 1000, initial_temperature = 3.0, cooling_rate = 0.999
26 - INFO - chord#: 34 done. best_score=70.0, changed=612, unchanged=451, early_stops=8/8
26 - INFO - chord#: 36 In build_straw_man_chord_sa. tolerance = 1, sa_iterations = 1000, initial_temperature = 3.0, cooling_rate = 0.999
26 - INFO - chord#: 38 done. best_score=155.0, changed=609, unchanged=209, early_stops=8/8
26 - INFO - chord#: 40 In build_straw_man_chord_sa. tolerance = 1, sa_iterations = 1000, initial_temperature = 3.0, cooling_rate = 0.999
26 - INFO - chord#: 34 done. best_score=70.0, changed=613, unchanged=329, early_stops=8/8
26 - INFO - chord#: 36 In build_straw_man_chord_sa. tolerance = 1, sa_iterations = 1000, initial_temperature = 3.0, cooling_rate = 0.999
26 - INFO - chord#: 36 done. best_score=27.0, changed=521, unchanged=351, early_stops=8/8
26 - INFO - chord#: 38 In build_straw_man_chord_sa. tolerance = 1, sa_iterations = 1000, initial_temperature = 3.0, cooling_rate = 0.999
26 - INFO - chord#: 44 done. best_score=27.0, changed=518, unchanged=318, early_stops=8/8
26 - INFO - chord#: 46 In build_straw_man_chord_sa. tolerance = 1, sa_iterations = 1000, initial_temperature = 3.0, cooling_rate = 0.999
26 - INFO - chord#: 34 done. best_score=70.0, changed=610, unchanged=253, early_stops=8/8
26 - INFO - chord#: 36 In build_straw_man_chord_sa. tolerance = 1, sa_iterations = 1000, initial_temperature = 3.0, cooling_rate = 0.999
26 - INFO - chord#: 44 done. best_score=27.0, changed=524, unchanged=320, early_stops=8/8
26 - INFO - chord#: 46 In build_straw_man_chord_sa. tolerance = 1, sa_iterations = 1000, initial_temperature = 3.0, cooling_rate = 0.999
26 - INFO - chord#: 44 done. best_score=27.0, changed=532, unchanged=311, early_stops=8/8
26 - INFO - chord#: 46 In build_straw_man_chord_sa. tolerance = 1, sa_iterations = 1000, initial_temperature = 3.0, cooling_rate = 0.999
26 - INFO - chord#: 46 done. best_score=27.0, changed=525, unchanged=367, early_stops=8/8
26 - INFO - chord#: 48 In build_straw_man_chord_sa. tolerance = 1, sa_iterations = 1000, initial_temperature = 3.0, cooling_rate = 0.999
26 - INFO - chord#: 34 done. best_score=70.0, changed=612, unchanged=268, early_stops=8/8
26 - INFO - chord#: 36 In build_straw_man_chord_sa. tolerance = 1, sa_iterations = 1000, initial_temperature = 3.0, cooling_rate = 0.999
26 - INFO - chord#: 46 done. best_score=27.0, changed=526, unchanged=382, early_stops=8/8
26 - INFO - chord#: 48 In build_straw_man_chord_sa. tolerance = 1, sa_iterations = 1000, initial_temperature = 3.0, cooling_rate = 0.999
26 - INFO - chord#: 36 done. best_score=27.0, changed=517, unchanged=308, early_stops=8/8
26 - INFO - chord#: 38 In build_straw_man_chord_sa. tolerance = 1, sa_iterations = 1000, initial_temperature = 3.0, cooling_rate = 0.999
26 - INFO - chord#: 40 done. best_score=35.0, changed=524, unchanged=340, early_stops=8/8
26 - INFO - chord#: 42 In build_straw_man_chord_sa. tolerance = 1, sa_iterations = 1000, initial_temperature = 3.0, cooling_rate = 0.999
26 - INFO - chord#: 36 done. best_score=27.0, changed=519, unchanged=306, early_stops=8/8
26 - INFO - chord#: 38 In build_straw_man_chord_sa. tolerance = 1, sa_iterations = 1000, initial_temperature = 3.0, cooling_rate = 0.999
26 - INFO - chord#: 46 done. best_score=27.0, changed=525, unchanged=310, early_stops=8/8
26 - INFO - chord#: 48 In build_straw_man_chord_sa. tolerance = 1, sa_iterations = 1000, initial_temperature = 3.0, cooling_rate = 0.999
26 - INFO - chord#: 46 done. best_score=27.0, changed=523, unchanged=334, early_stops=8/8
26 - INFO - chord#: 48 In build_straw_man_chord_sa. tolerance = 1, sa_iterations = 1000, initial_temperature = 3.0, cooling_rate = 0.999
26 - INFO - chord#: 38 done. best_score=64.0, changed=614, unchanged=294, early_stops=8/8
26 - INFO - chord#: 40 In build_straw_man_chord_sa. tolerance = 1, sa_iterations = 1000, initial_temperature = 3.0, cooling_rate = 0.999
26 - INFO - chord#: 46 done. best_score=27.0, changed=523, unchanged=370, early_stops=8/8
26 - INFO - chord#: 48 In build_straw_man_chord_sa. tolerance = 1, sa_iterations = 1000, initial_temperature = 3.0, cooling_rate = 0.999
26 - INFO - chord#: 36 done. best_score=27.0, changed=522, unchanged=421, early_stops=8/8
26 - INFO - chord#: 38 In build_straw_man_chord_sa. tolerance = 1, sa_iterations = 1000, initial_temperature = 3.0, cooling_rate = 0.999
26 - INFO - chord#: 36 done. best_score=27.0, changed=531, unchanged=399, early_stops=8/8
26 - INFO - chord#: 38 In build_straw_man_chord_sa. tolerance = 1, sa_iterations = 1000, initial_temperature = 3.0, cooling_rate = 0.999
26 - INFO - chord#: 48 done. best_score=157.0, changed=607, unchanged=230, early_stops=8/8
26 - INFO - chord#: 50 In build_straw_man_chord_sa. tolerance = 1, sa_iterations = 1000, initial_temperature = 3.0, cooling_rate = 0.999
26 - INFO - chord#: 40 done. best_score=35.0, changed=518, unchanged=370, early_stops=8/8
26 - INFO - chord#: 42 In build_straw_man_chord_sa. tolerance = 1, sa_iterations = 1000, initial_temperature = 3.0, cooling_rate = 0.999
26 - INFO - chord#: 38 done. best_score=155.0, changed=610, unchanged=242, early_stops=8/8
26 - INFO - chord#: 40 In build_straw_man_chord_sa. tolerance = 1, sa_iterations = 1000, initial_temperature = 3.0, cooling_rate = 0.999
26 - INFO - chord#: 42 done. best_score=36.0, changed=531, unchanged=705, early_stops=8/8
26 - INFO - chord#: 44 In build_straw_man_chord_sa. tolerance = 1, sa_iterations = 1000, initial_temperature = 3.0, cooling_rate = 0.999
26 - INFO - chord#: 48 done. best_score=96.0, changed=609, unchanged=292, early_stops=8/8
26 - INFO - chord#: 50 In build_straw_man_chord_sa. tolerance = 1, sa_iterations = 1000, initial_temperature = 3.0, cooling_rate = 0.999
26 - INFO - chord#: 38 done. best_score=146.0, changed=618, unchanged=245, early_stops=8/8
26 - INFO - chord#: 40 In build_straw_man_chord_sa. tolerance = 1, sa_iterations = 1000, initial_temperature = 3.0, cooling_rate = 0.999
26 - INFO - chord#: 48 done. best_score=189.0, changed=604, unchanged=223, early_stops=8/8
26 - INFO - chord#: 50 In build_straw_man_chord_sa. tolerance = 1, sa_iterations = 1000, initial_temperature = 3.0, cooling_rate = 0.999
26 - INFO - chord#: 48 done. best_score=145.0, changed=606, unchanged=292, early_stops=8/8
26 - INFO - chord#: 50 In build_straw_man_chord_sa. tolerance = 1, sa_iterations = 1000, initial_temperature = 3.0, cooling_rate = 0.999
26 - INFO - chord#: 50 done. best_score=37.0, changed=522, unchanged=305, early_stops=8/8
26 - INFO - chord#: 52 In build_straw_man_chord_sa. tolerance = 1, sa_iterations = 1000, initial_temperature = 3.0, cooling_rate = 0.999
26 - INFO - chord#: 48 done. best_score=104.0, changed=611, unchanged=257, early_stops=8/8
26 - INFO - chord#: 50 In build_straw_man_chord_sa. tolerance = 1, sa_iterations = 1000, initial_temperature = 3.0, cooling_rate = 0.999
26 - INFO - chord#: 50 done. best_score=37.0, changed=533, unchanged=278, early_stops=8/8
26 - INFO - chord#: 52 In build_straw_man_chord_sa. tolerance = 1, sa_iterations = 1000, initial_temperature = 3.0, cooling_rate = 0.999
26 - INFO - chord#: 38 done. best_score=64.0, changed=609, unchanged=279, early_stops=8/8
26 - INFO - chord#: 40 In build_straw_man_chord_sa. tolerance = 1, sa_iterations = 1000, initial_temperature = 3.0, cooling_rate = 0.999
26 - INFO - chord#: 40 done. best_score=35.0, changed=529, unchanged=403, early_stops=8/8
26 - INFO - chord#: 42 In build_straw_man_chord_sa. tolerance = 1, sa_iterations = 1000, initial_temperature = 3.0, cooling_rate = 0.999
26 - INFO - chord#: 40 done. best_score=35.0, changed=532, unchanged=461, early_stops=8/8
26 - INFO - chord#: 42 In build_straw_man_chord_sa. tolerance = 1, sa_iterations = 1000, initial_temperature = 3.0, cooling_rate = 0.999
26 - INFO - chord#: 44 done. best_score=27.0, changed=524, unchanged=368, early_stops=8/8
26 - INFO - chord#: 46 In build_straw_man_chord_sa. tolerance = 1, sa_iterations = 1000, initial_temperature = 3.0, cooling_rate = 0.999
26 - INFO - chord#: 42 done. best_score=36.0, changed=517, unchanged=432, early_stops=8/8
26 - INFO - chord#: 44 In build_straw_man_chord_sa. tolerance = 1, sa_iterations = 1000, initial_temperature = 3.0, cooling_rate = 0.999
26 - INFO - chord#: 38 done. best_score=64.0, changed=606, unchanged=255, early_stops=8/8
26 - INFO - chord#: 40 In build_straw_man_chord_sa. tolerance = 1, sa_iterations = 1000, initial_temperature = 3.0, cooling_rate = 0.999
26 - INFO - chord#: 50 done. best_score=37.0, changed=543, unchanged=325, early_stops=8/8
26 - INFO - chord#: 52 In build_straw_man_chord_sa. tolerance = 1, sa_iterations = 1000, initial_temperature = 3.0, cooling_rate = 0.999
26 - INFO - chord#: 38 done. best_score=64.0, changed=611, unchanged=351, early_stops=8/8
26 - INFO - chord#: 40 In build_straw_man_chord_sa. tolerance = 1, sa_iterations = 1000, initial_temperature = 3.0, cooling_rate = 0.999
26 - INFO - chord#: 50 done. best_score=37.0, changed=521, unchanged=299, early_stops=8/8
26 - INFO - chord#: 52 In build_straw_man_chord_sa. tolerance = 1, sa_iterations = 1000, initial_temperature = 3.0, cooling_rate = 0.999
26 - INFO - chord#: 50 done. best_score=37.0, changed=528, unchanged=298, early_stops=8/8
26 - INFO - chord#: 52 In build_straw_man_chord_sa. tolerance = 1, sa_iterations = 1000, initial_temperature = 3.0, cooling_rate = 0.999
26 - INFO - chord#: 52 done. best_score=27.0, changed=519, unchanged=358, early_stops=8/8
26 - INFO - chord#: 54 In build_straw_man_chord_sa. tolerance = 1, sa_iterations = 1000, initial_temperature = 3.0, cooling_rate = 0.999
26 - INFO - chord#: 52 done. best_score=27.0, changed=519, unchanged=414, early_stops=8/8
26 - INFO - chord#: 54 In build_straw_man_chord_sa. tolerance = 1, sa_iterations = 1000, initial_temperature = 3.0, cooling_rate = 0.999
26 - INFO - chord#: 40 done. best_score=35.0, changed=525, unchanged=336, early_stops=8/8
26 - INFO - chord#: 42 In build_straw_man_chord_sa. tolerance = 1, sa_iterations = 1000, initial_temperature = 3.0, cooling_rate = 0.999
26 - INFO - chord#: 46 done. best_score=27.0, changed=525, unchanged=329, early_stops=8/8
26 - INFO - chord#: 48 In build_straw_man_chord_sa. tolerance = 1, sa_iterations = 1000, initial_temperature = 3.0, cooling_rate = 0.999
26 - INFO - chord#: 42 done. best_score=36.0, changed=524, unchanged=460, early_stops=8/8
26 - INFO - chord#: 44 In build_straw_man_chord_sa. tolerance = 1, sa_iterations = 1000, initial_temperature = 3.0, cooling_rate = 0.999
26 - INFO - chord#: 42 done. best_score=36.0, changed=524, unchanged=391, early_stops=8/8
26 - INFO - chord#: 44 In build_straw_man_chord_sa. tolerance = 1, sa_iterations = 1000, initial_temperature = 3.0, cooling_rate = 0.999
26 - INFO - chord#: 44 done. best_score=27.0, changed=533, unchanged=430, early_stops=8/8
26 - INFO - chord#: 46 In build_straw_man_chord_sa. tolerance = 1, sa_iterations = 1000, initial_temperature = 3.0, cooling_rate = 0.999
26 - INFO - chord#: 52 done. best_score=27.0, changed=519, unchanged=353, early_stops=8/8
26 - INFO - chord#: 54 In build_straw_man_chord_sa. tolerance = 1, sa_iterations = 1000, initial_temperature = 3.0, cooling_rate = 0.999
26 - INFO - chord#: 40 done. best_score=35.0, changed=532, unchanged=393, early_stops=8/8
26 - INFO - chord#: 42 In build_straw_man_chord_sa. tolerance = 1, sa_iterations = 1000, initial_temperature = 3.0, cooling_rate = 0.999
26 - INFO - chord#: 40 done. best_score=35.0, changed=526, unchanged=391, early_stops=8/8
26 - INFO - chord#: 42 In build_straw_man_chord_sa. tolerance = 1, sa_iterations = 1000, initial_temperature = 3.0, cooling_rate = 0.999
26 - INFO - chord#: 54 done. best_score=27.0, changed=523, unchanged=347, early_stops=8/8
26 - INFO - chord#: 55 In build_straw_man_chord_sa. tolerance = 1, sa_iterations = 1000, initial_temperature = 3.0, cooling_rate = 0.999
26 - INFO - chord#: 52 done. best_score=27.0, changed=526, unchanged=503, early_stops=8/8
26 - INFO - chord#: 54 In build_straw_man_chord_sa. tolerance = 1, sa_iterations = 1000, initial_temperature = 3.0, cooling_rate = 0.999
26 - INFO - chord#: 54 done. best_score=27.0, changed=529, unchanged=453, early_stops=8/8
26 - INFO - chord#: 55 In build_straw_man_chord_sa. tolerance = 1, sa_iterations = 1000, initial_temperature = 3.0, cooling_rate = 0.999
26 - INFO - chord#: 52 done. best_score=27.0, changed=517, unchanged=488, early_stops=8/8
26 - INFO - chord#: 54 In build_straw_man_chord_sa. tolerance = 1, sa_iterations = 1000, initial_temperature = 3.0, cooling_rate = 0.999
26 - INFO - chord#: 42 done. best_score=36.0, changed=514, unchanged=394, early_stops=8/8
26 - INFO - chord#: 44 In build_straw_man_chord_sa. tolerance = 1, sa_iterations = 1000, initial_temperature = 3.0, cooling_rate = 0.999
26 - INFO - chord#: 44 done. best_score=27.0, changed=531, unchanged=327, early_stops=8/8
26 - INFO - chord#: 46 In build_straw_man_chord_sa. tolerance = 1, sa_iterations = 1000, initial_temperature = 3.0, cooling_rate = 0.999
26 - INFO - chord#: 54 done. best_score=27.0, changed=532, unchanged=457, early_stops=8/8
26 - INFO - chord#: 55 In build_straw_man_chord_sa. tolerance = 1, sa_iterations = 1000, initial_temperature = 3.0, cooling_rate = 0.999
26 - INFO - chord#: 54 done. best_score=27.0, changed=529, unchanged=379, early_stops=8/8
26 - INFO - chord#: 55 In build_straw_man_chord_sa. tolerance = 1, sa_iterations = 1000, initial_temperature = 3.0, cooling_rate = 0.999
26 - INFO - chord#: 54 done. best_score=27.0, changed=523, unchanged=320, early_stops=8/8
26 - INFO - chord#: 55 In build_straw_man_chord_sa. tolerance = 1, sa_iterations = 1000, initial_temperature = 3.0, cooling_rate = 0.999
26 - INFO - chord#: 46 done. best_score=27.0, changed=534, unchanged=405, early_stops=8/8
26 - INFO - chord#: 48 In build_straw_man_chord_sa. tolerance = 1, sa_iterations = 1000, initial_temperature = 3.0, cooling_rate = 0.999
26 - INFO - chord#: 44 done. best_score=27.0, changed=527, unchanged=418, early_stops=8/8
26 - INFO - chord#: 46 In build_straw_man_chord_sa. tolerance = 1, sa_iterations = 1000, initial_temperature = 3.0, cooling_rate = 0.999
26 - INFO - chord#: 42 done. best_score=36.0, changed=528, unchanged=395, early_stops=8/8
26 - INFO - chord#: 44 In build_straw_man_chord_sa. tolerance = 1, sa_iterations = 1000, initial_temperature = 3.0, cooling_rate = 0.999
26 - INFO - chord#: 42 done. best_score=36.0, changed=527, unchanged=430, early_stops=8/8
26 - INFO - chord#: 44 In build_straw_man_chord_sa. tolerance = 1, sa_iterations = 1000, initial_temperature = 3.0, cooling_rate = 0.999
26 - INFO - chord#: 46 done. best_score=27.0, changed=529, unchanged=363, early_stops=8/8
26 - INFO - chord#: 48 In build_straw_man_chord_sa. tolerance = 1, sa_iterations = 1000, initial_temperature = 3.0, cooling_rate = 0.999
26 - INFO - chord#: 44 done. best_score=27.0, changed=534, unchanged=346, early_stops=8/8
26 - INFO - chord#: 46 In build_straw_man_chord_sa. tolerance = 1, sa_iterations = 1000, initial_temperature = 3.0, cooling_rate = 0.999
26 - INFO - chord#: 55 done. best_score=96.0, changed=608, unchanged=231, early_stops=8/8
26 - INFO - chord#: 56 In build_straw_man_chord_sa. tolerance = 1, sa_iterations = 1000, initial_temperature = 3.0, cooling_rate = 0.999
26 - INFO - chord#: 48 done. best_score=64.0, changed=609, unchanged=236, early_stops=8/8
26 - INFO - chord#: 50 In build_straw_man_chord_sa. tolerance = 1, sa_iterations = 1000, initial_temperature = 3.0, cooling_rate = 0.999
26 - INFO - chord#: 46 done. best_score=27.0, changed=523, unchanged=399, early_stops=8/8
26 - INFO - chord#: 48 In build_straw_man_chord_sa. tolerance = 1, sa_iterations = 1000, initial_temperature = 3.0, cooling_rate = 0.999
26 - INFO - chord#: 55 done. best_score=67.0, changed=614, unchanged=364, early_stops=8/8
26 - INFO - chord#: 56 In build_straw_man_chord_sa. tolerance = 1, sa_iterations = 1000, initial_temperature = 3.0, cooling_rate = 0.999
26 - INFO - chord#: 44 done. best_score=27.0, changed=529, unchanged=350, early_stops=8/8
26 - INFO - chord#: 46 In build_straw_man_chord_sa. tolerance = 1, sa_iterations = 1000, initial_temperature = 3.0, cooling_rate = 0.999
26 - INFO - chord#: 44 done. best_score=27.0, changed=530, unchanged=387, early_stops=8/8
26 - INFO - chord#: 46 In build_straw_man_chord_sa. tolerance = 1, sa_iterations = 1000, initial_temperature = 3.0, cooling_rate = 0.999
26 - INFO - chord#: 55 done. best_score=67.0, changed=608, unchanged=217, early_stops=8/8
26 - INFO - chord#: 56 In build_straw_man_chord_sa. tolerance = 1, sa_iterations = 1000, initial_temperature = 3.0, cooling_rate = 0.999
26 - INFO - chord#: 56 done. best_score=27.0, changed=524, unchanged=370, early_stops=8/8
26 - INFO - chord#: 64 In build_straw_man_chord_sa. tolerance = 1, sa_iterations = 1000, initial_temperature = 3.0, cooling_rate = 0.999
26 - INFO - chord#: 46 done. best_score=27.0, changed=533, unchanged=310, early_stops=8/8
26 - INFO - chord#: 48 In build_straw_man_chord_sa. tolerance = 1, sa_iterations = 1000, initial_temperature = 3.0, cooling_rate = 0.999
26 - INFO - chord#: 55 done. best_score=67.0, changed=609, unchanged=327, early_stops=8/8
26 - INFO - chord#: 56 In build_straw_man_chord_sa. tolerance = 1, sa_iterations = 1000, initial_temperature = 3.0, cooling_rate = 0.999
26 - INFO - chord#: 55 done. best_score=67.0, changed=613, unchanged=372, early_stops=8/8
26 - INFO - chord#: 56 In build_straw_man_chord_sa. tolerance = 1, sa_iterations = 1000, initial_temperature = 3.0, cooling_rate = 0.999
26 - INFO - chord#: 50 done. best_score=35.0, changed=524, unchanged=358, early_stops=8/8
26 - INFO - chord#: 52 In build_straw_man_chord_sa. tolerance = 1, sa_iterations = 1000, initial_temperature = 3.0, cooling_rate = 0.999
26 - INFO - chord#: 56 done. best_score=27.0, changed=526, unchanged=518, early_stops=8/8
26 - INFO - chord#: 64 In build_straw_man_chord_sa. tolerance = 1, sa_iterations = 1000, initial_temperature = 3.0, cooling_rate = 0.999
26 - INFO - chord#: 46 done. best_score=27.0, changed=528, unchanged=407, early_stops=8/8
26 - INFO - chord#: 48 In build_straw_man_chord_sa. tolerance = 1, sa_iterations = 1000, initial_temperature = 3.0, cooling_rate = 0.999
26 - INFO - chord#: 56 done. best_score=27.0, changed=519, unchanged=425, early_stops=8/8
26 - INFO - chord#: 64 In build_straw_man_chord_sa. tolerance = 1, sa_iterations = 1000, initial_temperature = 3.0, cooling_rate = 0.999
26 - INFO - chord#: 64 done. best_score=27.0, changed=519, unchanged=329, early_stops=8/8
26 - INFO - chord#: 66 In build_straw_man_chord_sa. tolerance = 1, sa_iterations = 1000, initial_temperature = 3.0, cooling_rate = 0.999
26 - INFO - chord#: 46 done. best_score=27.0, changed=535, unchanged=447, early_stops=8/8
26 - INFO - chord#: 48 In build_straw_man_chord_sa. tolerance = 1, sa_iterations = 1000, initial_temperature = 3.0, cooling_rate = 0.999
26 - INFO - chord#: 48 done. best_score=96.0, changed=611, unchanged=390, early_stops=8/8
26 - INFO - chord#: 50 In build_straw_man_chord_sa. tolerance = 1, sa_iterations = 1000, initial_temperature = 3.0, cooling_rate = 0.999
26 - INFO - chord#: 48 done. best_score=64.0, changed=614, unchanged=385, early_stops=8/8
26 - INFO - chord#: 50 In build_straw_man_chord_sa. tolerance = 1, sa_iterations = 1000, initial_temperature = 3.0, cooling_rate = 0.999
26 - INFO - chord#: 56 done. best_score=27.0, changed=525, unchanged=419, early_stops=8/8
26 - INFO - chord#: 64 In build_straw_man_chord_sa. tolerance = 1, sa_iterations = 1000, initial_temperature = 3.0, cooling_rate = 0.999
26 - INFO - chord#: 56 done. best_score=27.0, changed=527, unchanged=374, early_stops=8/8
26 - INFO - chord#: 64 In build_straw_man_chord_sa. tolerance = 1, sa_iterations = 1000, initial_temperature = 3.0, cooling_rate = 0.999
26 - INFO - chord#: 64 done. best_score=27.0, changed=522, unchanged=343, early_stops=8/8
26 - INFO - chord#: 66 In build_straw_man_chord_sa. tolerance = 1, sa_iterations = 1000, initial_temperature = 3.0, cooling_rate = 0.999
26 - INFO - chord#: 52 done. best_score=27.0, changed=528, unchanged=447, early_stops=8/8
26 - INFO - chord#: 54 In build_straw_man_chord_sa. tolerance = 1, sa_iterations = 1000, initial_temperature = 3.0, cooling_rate = 0.999
26 - INFO - chord#: 64 done. best_score=27.0, changed=522, unchanged=448, early_stops=8/8
26 - INFO - chord#: 66 In build_straw_man_chord_sa. tolerance = 1, sa_iterations = 1000, initial_temperature = 3.0, cooling_rate = 0.999
26 - INFO - chord#: 50 done. best_score=37.0, changed=547, unchanged=383, early_stops=8/8
26 - INFO - chord#: 52 In build_straw_man_chord_sa. tolerance = 1, sa_iterations = 1000, initial_temperature = 3.0, cooling_rate = 0.999
26 - INFO - chord#: 64 done. best_score=27.0, changed=514, unchanged=315, early_stops=8/8
26 - INFO - chord#: 66 In build_straw_man_chord_sa. tolerance = 1, sa_iterations = 1000, initial_temperature = 3.0, cooling_rate = 0.999
26 - INFO - chord#: 48 done. best_score=96.0, changed=613, unchanged=310, early_stops=8/8
26 - INFO - chord#: 50 In build_straw_man_chord_sa. tolerance = 1, sa_iterations = 1000, initial_temperature = 3.0, cooling_rate = 0.999
26 - INFO - chord#: 50 done. best_score=37.0, changed=519, unchanged=338, early_stops=8/8
26 - INFO - chord#: 52 In build_straw_man_chord_sa. tolerance = 1, sa_iterations = 1000, initial_temperature = 3.0, cooling_rate = 0.999
26 - INFO - chord#: 64 done. best_score=27.0, changed=528, unchanged=557, early_stops=8/8
26 - INFO - chord#: 66 In build_straw_man_chord_sa. tolerance = 1, sa_iterations = 1000, initial_temperature = 3.0, cooling_rate = 0.999
26 - INFO - chord#: 66 done. best_score=70.0, changed=614, unchanged=258, early_stops=8/8
26 - INFO - chord#: 68 In build_straw_man_chord_sa. tolerance = 1, sa_iterations = 1000, initial_temperature = 3.0, cooling_rate = 0.999
26 - INFO - chord#: 54 done. best_score=27.0, changed=522, unchanged=428, early_stops=8/8
26 - INFO - chord#: 55 In build_straw_man_chord_sa. tolerance = 1, sa_iterations = 1000, initial_temperature = 3.0, cooling_rate = 0.999
26 - INFO - chord#: 48 done. best_score=64.0, changed=610, unchanged=417, early_stops=8/8
26 - INFO - chord#: 50 In build_straw_man_chord_sa. tolerance = 1, sa_iterations = 1000, initial_temperature = 3.0, cooling_rate = 0.999
26 - INFO - chord#: 50 done. best_score=37.0, changed=542, unchanged=365, early_stops=8/8
26 - INFO - chord#: 52 In build_straw_man_chord_sa. tolerance = 1, sa_iterations = 1000, initial_temperature = 3.0, cooling_rate = 0.999
26 - INFO - chord#: 52 done. best_score=27.0, changed=518, unchanged=490, early_stops=8/8
26 - INFO - chord#: 54 In build_straw_man_chord_sa. tolerance = 1, sa_iterations = 1000, initial_temperature = 3.0, cooling_rate = 0.999
26 - INFO - chord#: 48 done. best_score=154.0, changed=608, unchanged=286, early_stops=8/8
26 - INFO - chord#: 50 In build_straw_man_chord_sa. tolerance = 1, sa_iterations = 1000, initial_temperature = 3.0, cooling_rate = 0.999
26 - INFO - chord#: 52 done. best_score=27.0, changed=511, unchanged=474, early_stops=8/8
26 - INFO - chord#: 54 In build_straw_man_chord_sa. tolerance = 1, sa_iterations = 1000, initial_temperature = 3.0, cooling_rate = 0.999
26 - INFO - chord#: 68 done. best_score=31.0, changed=526, unchanged=343, early_stops=8/8
26 - INFO - chord#: 70 In build_straw_man_chord_sa. tolerance = 1, sa_iterations = 1000, initial_temperature = 3.0, cooling_rate = 0.999
26 - INFO - chord#: 66 done. best_score=70.0, changed=617, unchanged=435, early_stops=8/8
26 - INFO - chord#: 68 In build_straw_man_chord_sa. tolerance = 1, sa_iterations = 1000, initial_temperature = 3.0, cooling_rate = 0.999
26 - INFO - chord#: 48 done. best_score=64.0, changed=614, unchanged=366, early_stops=8/8
26 - INFO - chord#: 50 In build_straw_man_chord_sa. tolerance = 1, sa_iterations = 1000, initial_temperature = 3.0, cooling_rate = 0.999
26 - INFO - chord#: 50 done. best_score=37.0, changed=527, unchanged=323, early_stops=8/8
26 - INFO - chord#: 54 done. best_score=27.0, changed=529, unchanged=430, early_stops=8/8
26 - INFO - chord#: 52 In build_straw_man_chord_sa. tolerance = 1, sa_iterations = 1000, initial_temperature = 3.0, cooling_rate = 0.999
26 - INFO - chord#: 55 In build_straw_man_chord_sa. tolerance = 1, sa_iterations = 1000, initial_temperature = 3.0, cooling_rate = 0.999
26 - INFO - chord#: 66 done. best_score=70.0, changed=614, unchanged=380, early_stops=8/8
26 - INFO - chord#: 68 In build_straw_man_chord_sa. tolerance = 1, sa_iterations = 1000, initial_temperature = 3.0, cooling_rate = 0.999
26 - INFO - chord#: 66 done. best_score=141.0, changed=617, unchanged=353, early_stops=8/8
26 - INFO - chord#: 68 In build_straw_man_chord_sa. tolerance = 1, sa_iterations = 1000, initial_temperature = 3.0, cooling_rate = 0.999
26 - INFO - chord#: 50 done. best_score=61.0, changed=515, unchanged=307, early_stops=8/8
26 - INFO - chord#: 52 In build_straw_man_chord_sa. tolerance = 1, sa_iterations = 1000, initial_temperature = 3.0, cooling_rate = 0.999
26 - INFO - chord#: 52 done. best_score=27.0, changed=527, unchanged=544, early_stops=8/8
26 - INFO - chord#: 54 In build_straw_man_chord_sa. tolerance = 1, sa_iterations = 1000, initial_temperature = 3.0, cooling_rate = 0.999
26 - INFO - chord#: 68 done. best_score=31.0, changed=523, unchanged=344, early_stops=8/8
26 - INFO - chord#: 70 In build_straw_man_chord_sa. tolerance = 1, sa_iterations = 1000, initial_temperature = 3.0, cooling_rate = 0.999
26 - INFO - chord#: 70 done. best_score=27.0, changed=516, unchanged=411, early_stops=8/8
26 - INFO - chord#: 72 In build_straw_man_chord_sa. tolerance = 1, sa_iterations = 1000, initial_temperature = 3.0, cooling_rate = 0.999
26 - INFO - chord#: 54 done. best_score=27.0, changed=521, unchanged=385, early_stops=8/8
26 - INFO - chord#: 55 In build_straw_man_chord_sa. tolerance = 1, sa_iterations = 1000, initial_temperature = 3.0, cooling_rate = 0.999
26 - INFO - chord#: 66 done. best_score=168.0, changed=611, unchanged=333, early_stops=8/8
26 - INFO - chord#: 68 In build_straw_man_chord_sa. tolerance = 1, sa_iterations = 1000, initial_temperature = 3.0, cooling_rate = 0.999
26 - INFO - chord#: 68 done. best_score=31.0, changed=527, unchanged=368, early_stops=8/8
26 - INFO - chord#: 70 In build_straw_man_chord_sa. tolerance = 1, sa_iterations = 1000, initial_temperature = 3.0, cooling_rate = 0.999
26 - INFO - chord#: 68 done. best_score=31.0, changed=525, unchanged=401, early_stops=8/8
26 - INFO - chord#: 70 In build_straw_man_chord_sa. tolerance = 1, sa_iterations = 1000, initial_temperature = 3.0, cooling_rate = 0.999
26 - INFO - chord#: 50 done. best_score=37.0, changed=525, unchanged=383, early_stops=8/8
26 - INFO - chord#: 52 In build_straw_man_chord_sa. tolerance = 1, sa_iterations = 1000, initial_temperature = 3.0, cooling_rate = 0.999
26 - INFO - chord#: 52 done. best_score=27.0, changed=520, unchanged=469, early_stops=8/8
26 - INFO - chord#: 54 In build_straw_man_chord_sa. tolerance = 1, sa_iterations = 1000, initial_temperature = 3.0, cooling_rate = 0.999
26 - INFO - chord#: 70 done. best_score=27.0, changed=517, unchanged=327, early_stops=8/8
26 - INFO - chord#: 72 In build_straw_man_chord_sa. tolerance = 1, sa_iterations = 1000, initial_temperature = 3.0, cooling_rate = 0.999
26 - INFO - chord#: 68 done. best_score=54.0, changed=524, unchanged=319, early_stops=8/8
26 - INFO - chord#: 70 In build_straw_man_chord_sa. tolerance = 1, sa_iterations = 1000, initial_temperature = 3.0, cooling_rate = 0.999
26 - INFO - chord#: 52 done. best_score=27.0, changed=522, unchanged=364, early_stops=8/8
26 - INFO - chord#: 54 In build_straw_man_chord_sa. tolerance = 1, sa_iterations = 1000, initial_temperature = 3.0, cooling_rate = 0.999
26 - INFO - chord#: 54 done. best_score=27.0, changed=523, unchanged=378, early_stops=8/8
26 - INFO - chord#: 55 In build_straw_man_chord_sa. tolerance = 1, sa_iterations = 1000, initial_temperature = 3.0, cooling_rate = 0.999
26 - INFO - chord#: 72 done. best_score=36.0, changed=534, unchanged=441, early_stops=8/8
26 - INFO - chord#: 74 In build_straw_man_chord_sa. tolerance = 1, sa_iterations = 1000, initial_temperature = 3.0, cooling_rate = 0.999
26 - INFO - chord#: 70 done. best_score=27.0, changed=520, unchanged=408, early_stops=8/8
26 - INFO - chord#: 72 In build_straw_man_chord_sa. tolerance = 1, sa_iterations = 1000, initial_temperature = 3.0, cooling_rate = 0.999
26 - INFO - chord#: 55 done. best_score=137.0, changed=607, unchanged=230, early_stops=8/8
26 - INFO - chord#: 56 In build_straw_man_chord_sa. tolerance = 1, sa_iterations = 1000, initial_temperature = 3.0, cooling_rate = 0.999
26 - INFO - chord#: 70 done. best_score=27.0, changed=527, unchanged=465, early_stops=8/8
26 - INFO - chord#: 72 In build_straw_man_chord_sa. tolerance = 1, sa_iterations = 1000, initial_temperature = 3.0, cooling_rate = 0.999
26 - INFO - chord#: 55 done. best_score=67.0, changed=625, unchanged=444, early_stops=8/8
26 - INFO - chord#: 56 In build_straw_man_chord_sa. tolerance = 1, sa_iterations = 1000, initial_temperature = 3.0, cooling_rate = 0.999
26 - INFO - chord#: 70 done. best_score=27.0, changed=527, unchanged=365, early_stops=8/8
26 - INFO - chord#: 72 In build_straw_man_chord_sa. tolerance = 1, sa_iterations = 1000, initial_temperature = 3.0, cooling_rate = 0.999
26 - INFO - chord#: 52 done. best_score=27.0, changed=520, unchanged=488, early_stops=8/8
26 - INFO - chord#: 54 In build_straw_man_chord_sa. tolerance = 1, sa_iterations = 1000, initial_temperature = 3.0, cooling_rate = 0.999
26 - INFO - chord#: 54 done. best_score=27.0, changed=524, unchanged=400, early_stops=8/8
26 - INFO - chord#: 55 In build_straw_man_chord_sa. tolerance = 1, sa_iterations = 1000, initial_temperature = 3.0, cooling_rate = 0.999
26 - INFO - chord#: 72 done. best_score=36.0, changed=529, unchanged=544, early_stops=8/8
26 - INFO - chord#: 74 In build_straw_man_chord_sa. tolerance = 1, sa_iterations = 1000, initial_temperature = 3.0, cooling_rate = 0.999
26 - INFO - chord#: 54 done. best_score=27.0, changed=531, unchanged=387, early_stops=8/8
26 - INFO - chord#: 55 In build_straw_man_chord_sa. tolerance = 1, sa_iterations = 1000, initial_temperature = 3.0, cooling_rate = 0.999
26 - INFO - chord#: 56 done. best_score=27.0, changed=517, unchanged=327, early_stops=8/8
26 - INFO - chord#: 64 In build_straw_man_chord_sa. tolerance = 1, sa_iterations = 1000, initial_temperature = 3.0, cooling_rate = 0.999
26 - INFO - chord#: 72 done. best_score=36.0, changed=517, unchanged=348, early_stops=8/8
26 - INFO - chord#: 74 In build_straw_man_chord_sa. tolerance = 1, sa_iterations = 1000, initial_temperature = 3.0, cooling_rate = 0.999
26 - INFO - chord#: 72 done. best_score=36.0, changed=521, unchanged=484, early_stops=8/8
26 - INFO - chord#: 74 In build_straw_man_chord_sa. tolerance = 1, sa_iterations = 1000, initial_temperature = 3.0, cooling_rate = 0.999
26 - INFO - chord#: 72 done. best_score=36.0, changed=505, unchanged=321, early_stops=8/8
26 - INFO - chord#: 74 In build_straw_man_chord_sa. tolerance = 1, sa_iterations = 1000, initial_temperature = 3.0, cooling_rate = 0.999
26 - INFO - chord#: 56 done. best_score=27.0, changed=523, unchanged=345, early_stops=8/8
26 - INFO - chord#: 64 In build_straw_man_chord_sa. tolerance = 1, sa_iterations = 1000, initial_temperature = 3.0, cooling_rate = 0.999
26 - INFO - chord#: 54 done. best_score=27.0, changed=528, unchanged=370, early_stops=8/8
26 - INFO - chord#: 55 In build_straw_man_chord_sa. tolerance = 1, sa_iterations = 1000, initial_temperature = 3.0, cooling_rate = 0.999
26 - INFO - chord#: 55 done. best_score=162.0, changed=611, unchanged=335, early_stops=8/8
26 - INFO - chord#: 56 In build_straw_man_chord_sa. tolerance = 1, sa_iterations = 1000, initial_temperature = 3.0, cooling_rate = 0.999
26 - INFO - chord#: 64 done. best_score=27.0, changed=518, unchanged=419, early_stops=8/8
26 - INFO - chord#: 66 In build_straw_man_chord_sa. tolerance = 1, sa_iterations = 1000, initial_temperature = 3.0, cooling_rate = 0.999
26 - INFO - chord#: 74 done. best_score=141.0, changed=613, unchanged=260, early_stops=8/8
26 - INFO - chord#: 75 In build_straw_man_chord_sa. tolerance = 1, sa_iterations = 1000, initial_temperature = 3.0, cooling_rate = 0.999
26 - INFO - chord#: 55 done. best_score=67.0, changed=612, unchanged=267, early_stops=8/8
26 - INFO - chord#: 56 In build_straw_man_chord_sa. tolerance = 1, sa_iterations = 1000, initial_temperature = 3.0, cooling_rate = 0.999
26 - INFO - chord#: 64 done. best_score=27.0, changed=516, unchanged=393, early_stops=8/8
26 - INFO - chord#: 66 In build_straw_man_chord_sa. tolerance = 1, sa_iterations = 1000, initial_temperature = 3.0, cooling_rate = 0.999
26 - INFO - chord#: 56 done. best_score=27.0, changed=527, unchanged=352, early_stops=8/8
26 - INFO - chord#: 64 In build_straw_man_chord_sa. tolerance = 1, sa_iterations = 1000, initial_temperature = 3.0, cooling_rate = 0.999
26 - INFO - chord#: 75 done. best_score=27.0, changed=518, unchanged=349, early_stops=8/8
26 - INFO - chord#: 76 In build_straw_man_chord_sa. tolerance = 1, sa_iterations = 1000, initial_temperature = 3.0, cooling_rate = 0.999
26 - INFO - chord#: 74 done. best_score=150.0, changed=611, unchanged=287, early_stops=8/8
26 - INFO - chord#: 75 In build_straw_man_chord_sa. tolerance = 1, sa_iterations = 1000, initial_temperature = 3.0, cooling_rate = 0.999
26 - INFO - chord#: 74 done. best_score=104.0, changed=612, unchanged=350, early_stops=8/8
26 - INFO - chord#: 75 In build_straw_man_chord_sa. tolerance = 1, sa_iterations = 1000, initial_temperature = 3.0, cooling_rate = 0.999
26 - INFO - chord#: 56 done. best_score=27.0, changed=522, unchanged=383, early_stops=8/8
26 - INFO - chord#: 64 In build_straw_man_chord_sa. tolerance = 1, sa_iterations = 1000, initial_temperature = 3.0, cooling_rate = 0.999
26 - INFO - chord#: 74 done. best_score=143.0, changed=608, unchanged=255, early_stops=8/8
26 - INFO - chord#: 75 In build_straw_man_chord_sa. tolerance = 1, sa_iterations = 1000, initial_temperature = 3.0, cooling_rate = 0.999
26 - INFO - chord#: 55 done. best_score=157.0, changed=611, unchanged=346, early_stops=8/8
26 - INFO - chord#: 56 In build_straw_man_chord_sa. tolerance = 1, sa_iterations = 1000, initial_temperature = 3.0, cooling_rate = 0.999
26 - INFO - chord#: 55 done. best_score=78.0, changed=615, unchanged=363, early_stops=8/8
26 - INFO - chord#: 56 In build_straw_man_chord_sa. tolerance = 1, sa_iterations = 1000, initial_temperature = 3.0, cooling_rate = 0.999
26 - INFO - chord#: 75 done. best_score=27.0, changed=530, unchanged=323, early_stops=8/8
26 - INFO - chord#: 76 In build_straw_man_chord_sa. tolerance = 1, sa_iterations = 1000, initial_temperature = 3.0, cooling_rate = 0.999
26 - INFO - chord#: 76 done. best_score=27.0, changed=523, unchanged=439, early_stops=8/8
26 - INFO - chord#: 78 In build_straw_man_chord_sa. tolerance = 1, sa_iterations = 1000, initial_temperature = 3.0, cooling_rate = 0.999
26 - INFO - chord#: 64 done. best_score=27.0, changed=519, unchanged=498, early_stops=8/8
26 - INFO - chord#: 66 In build_straw_man_chord_sa. tolerance = 1, sa_iterations = 1000, initial_temperature = 3.0, cooling_rate = 0.999
26 - INFO - chord#: 74 done. best_score=124.0, changed=616, unchanged=395, early_stops=8/8
26 - INFO - chord#: 75 In build_straw_man_chord_sa. tolerance = 1, sa_iterations = 1000, initial_temperature = 3.0, cooling_rate = 0.999
26 - INFO - chord#: 66 done. best_score=141.0, changed=615, unchanged=390, early_stops=8/8
26 - INFO - chord#: 68 In build_straw_man_chord_sa. tolerance = 1, sa_iterations = 1000, initial_temperature = 3.0, cooling_rate = 0.999
26 - INFO - chord#: 75 done. best_score=27.0, changed=524, unchanged=353, early_stops=8/8
26 - INFO - chord#: 76 In build_straw_man_chord_sa. tolerance = 1, sa_iterations = 1000, initial_temperature = 3.0, cooling_rate = 0.999
26 - INFO - chord#: 75 done. best_score=27.0, changed=526, unchanged=342, early_stops=8/8
26 - INFO - chord#: 76 In build_straw_man_chord_sa. tolerance = 1, sa_iterations = 1000, initial_temperature = 3.0, cooling_rate = 0.999
26 - INFO - chord#: 55 done. best_score=67.0, changed=615, unchanged=344, early_stops=8/8
26 - INFO - chord#: 56 In build_straw_man_chord_sa. tolerance = 1, sa_iterations = 1000, initial_temperature = 3.0, cooling_rate = 0.999
26 - INFO - chord#: 78 done. best_score=27.0, changed=514, unchanged=311, early_stops=8/8
26 - INFO - chord#: 79 In build_straw_man_chord_sa. tolerance = 1, sa_iterations = 1000, initial_temperature = 3.0, cooling_rate = 0.999
26 - INFO - chord#: 64 done. best_score=27.0, changed=522, unchanged=426, early_stops=8/8
26 - INFO - chord#: 66 In build_straw_man_chord_sa. tolerance = 1, sa_iterations = 1000, initial_temperature = 3.0, cooling_rate = 0.999
26 - INFO - chord#: 76 done. best_score=27.0, changed=525, unchanged=410, early_stops=8/8
26 - INFO - chord#: 78 In build_straw_man_chord_sa. tolerance = 1, sa_iterations = 1000, initial_temperature = 3.0, cooling_rate = 0.999
26 - INFO - chord#: 75 done. best_score=27.0, changed=527, unchanged=318, early_stops=8/8
26 - INFO - chord#: 76 In build_straw_man_chord_sa. tolerance = 1, sa_iterations = 1000, initial_temperature = 3.0, cooling_rate = 0.999
26 - INFO - chord#: 56 done. best_score=27.0, changed=519, unchanged=366, early_stops=8/8
26 - INFO - chord#: 64 In build_straw_man_chord_sa. tolerance = 1, sa_iterations = 1000, initial_temperature = 3.0, cooling_rate = 0.999
26 - INFO - chord#: 56 done. best_score=27.0, changed=519, unchanged=415, early_stops=8/8
26 - INFO - chord#: 64 In build_straw_man_chord_sa. tolerance = 1, sa_iterations = 1000, initial_temperature = 3.0, cooling_rate = 0.999
26 - INFO - chord#: 68 done. best_score=31.0, changed=520, unchanged=294, early_stops=8/8
26 - INFO - chord#: 70 In build_straw_man_chord_sa. tolerance = 1, sa_iterations = 1000, initial_temperature = 3.0, cooling_rate = 0.999
26 - INFO - chord#: 76 done. best_score=27.0, changed=514, unchanged=334, early_stops=8/8
26 - INFO - chord#: 78 In build_straw_man_chord_sa. tolerance = 1, sa_iterations = 1000, initial_temperature = 3.0, cooling_rate = 0.999
26 - INFO - chord#: 76 done. best_score=27.0, changed=528, unchanged=430, early_stops=8/8
26 - INFO - chord#: 78 In build_straw_man_chord_sa. tolerance = 1, sa_iterations = 1000, initial_temperature = 3.0, cooling_rate = 0.999
26 - INFO - chord#: 66 done. best_score=70.0, changed=611, unchanged=322, early_stops=8/8
26 - INFO - chord#: 68 In build_straw_man_chord_sa. tolerance = 1, sa_iterations = 1000, initial_temperature = 3.0, cooling_rate = 0.999
26 - INFO - chord#: 56 done. best_score=27.0, changed=527, unchanged=470, early_stops=8/8
26 - INFO - chord#: 64 In build_straw_man_chord_sa. tolerance = 1, sa_iterations = 1000, initial_temperature = 3.0, cooling_rate = 0.999
26 - INFO - chord#: 78 done. best_score=27.0, changed=521, unchanged=370, early_stops=8/8
26 - INFO - chord#: 79 In build_straw_man_chord_sa. tolerance = 1, sa_iterations = 1000, initial_temperature = 3.0, cooling_rate = 0.999
26 - INFO - chord#: 79 done. best_score=27.0, changed=521, unchanged=496, early_stops=8/8
26 - INFO - chord#: 80 In build_straw_man_chord_sa. tolerance = 1, sa_iterations = 1000, initial_temperature = 3.0, cooling_rate = 0.999
26 - INFO - chord#: 70 done. best_score=27.0, changed=525, unchanged=354, early_stops=8/8
26 - INFO - chord#: 72 In build_straw_man_chord_sa. tolerance = 1, sa_iterations = 1000, initial_temperature = 3.0, cooling_rate = 0.999
26 - INFO - chord#: 76 done. best_score=27.0, changed=530, unchanged=487, early_stops=8/8
26 - INFO - chord#: 78 In build_straw_man_chord_sa. tolerance = 1, sa_iterations = 1000, initial_temperature = 3.0, cooling_rate = 0.999
26 - INFO - chord#: 78 done. best_score=27.0, changed=518, unchanged=352, early_stops=8/8
26 - INFO - chord#: 79 In build_straw_man_chord_sa. tolerance = 1, sa_iterations = 1000, initial_temperature = 3.0, cooling_rate = 0.999
26 - INFO - chord#: 78 done. best_score=27.0, changed=531, unchanged=433, early_stops=8/8
26 - INFO - chord#: 79 In build_straw_man_chord_sa. tolerance = 1, sa_iterations = 1000, initial_temperature = 3.0, cooling_rate = 0.999
26 - INFO - chord#: 64 done. best_score=27.0, changed=532, unchanged=445, early_stops=8/8
26 - INFO - chord#: 66 In build_straw_man_chord_sa. tolerance = 1, sa_iterations = 1000, initial_temperature = 3.0, cooling_rate = 0.999
26 - INFO - chord#: 64 done. best_score=27.0, changed=519, unchanged=454, early_stops=8/8
26 - INFO - chord#: 66 In build_straw_man_chord_sa. tolerance = 1, sa_iterations = 1000, initial_temperature = 3.0, cooling_rate = 0.999
26 - INFO - chord#: 66 done. best_score=70.0, changed=609, unchanged=280, early_stops=8/8
26 - INFO - chord#: 68 In build_straw_man_chord_sa. tolerance = 1, sa_iterations = 1000, initial_temperature = 3.0, cooling_rate = 0.999
26 - INFO - chord#: 68 done. best_score=31.0, changed=527, unchanged=406, early_stops=8/8
26 - INFO - chord#: 70 In build_straw_man_chord_sa. tolerance = 1, sa_iterations = 1000, initial_temperature = 3.0, cooling_rate = 0.999
26 - INFO - chord#: 79 done. best_score=27.0, changed=524, unchanged=403, early_stops=8/8
26 - INFO - chord#: 80 In build_straw_man_chord_sa. tolerance = 1, sa_iterations = 1000, initial_temperature = 3.0, cooling_rate = 0.999
26 - INFO - chord#: 72 done. best_score=36.0, changed=519, unchanged=339, early_stops=8/8
26 - INFO - chord#: 74 In build_straw_man_chord_sa. tolerance = 1, sa_iterations = 1000, initial_temperature = 3.0, cooling_rate = 0.999
26 - INFO - chord#: 64 done. best_score=27.0, changed=517, unchanged=524, early_stops=8/8
26 - INFO - chord#: 66 In build_straw_man_chord_sa. tolerance = 1, sa_iterations = 1000, initial_temperature = 3.0, cooling_rate = 0.999
26 - INFO - chord#: 78 done. best_score=27.0, changed=528, unchanged=605, early_stops=8/8
26 - INFO - chord#: 79 In build_straw_man_chord_sa. tolerance = 1, sa_iterations = 1000, initial_temperature = 3.0, cooling_rate = 0.999
26 - INFO - chord#: 79 done. best_score=27.0, changed=518, unchanged=421, early_stops=8/8
26 - INFO - chord#: 80 In build_straw_man_chord_sa. tolerance = 1, sa_iterations = 1000, initial_temperature = 3.0, cooling_rate = 0.999
26 - INFO - chord#: 79 done. best_score=27.0, changed=527, unchanged=459, early_stops=8/8
26 - INFO - chord#: 80 In build_straw_man_chord_sa. tolerance = 1, sa_iterations = 1000, initial_temperature = 3.0, cooling_rate = 0.999
26 - INFO - chord#: 66 done. best_score=103.0, changed=612, unchanged=317, early_stops=8/8
26 - INFO - chord#: 68 In build_straw_man_chord_sa. tolerance = 1, sa_iterations = 1000, initial_temperature = 3.0, cooling_rate = 0.999
26 - INFO - chord#: 68 done. best_score=31.0, changed=527, unchanged=378, early_stops=8/8
26 - INFO - chord#: 70 In build_straw_man_chord_sa. tolerance = 1, sa_iterations = 1000, initial_temperature = 3.0, cooling_rate = 0.999
26 - INFO - chord#: 70 done. best_score=27.0, changed=524, unchanged=444, early_stops=8/8
26 - INFO - chord#: 72 In build_straw_man_chord_sa. tolerance = 1, sa_iterations = 1000, initial_temperature = 3.0, cooling_rate = 0.999
26 - INFO - chord#: 79 done. best_score=27.0, changed=522, unchanged=527, early_stops=8/8
26 - INFO - chord#: 80 In build_straw_man_chord_sa. tolerance = 1, sa_iterations = 1000, initial_temperature = 3.0, cooling_rate = 0.999
26 - INFO - chord#: 80 done. best_score=137.0, changed=617, unchanged=360, early_stops=8/8
26 - INFO - chord#: 82 In build_straw_man_chord_sa. tolerance = 1, sa_iterations = 1000, initial_temperature = 3.0, cooling_rate = 0.999
26 - INFO - chord#: 68 done. best_score=31.0, changed=545, unchanged=377, early_stops=8/8
26 - INFO - chord#: 70 In build_straw_man_chord_sa. tolerance = 1, sa_iterations = 1000, initial_temperature = 3.0, cooling_rate = 0.999
26 - INFO - chord#: 70 done. best_score=27.0, changed=524, unchanged=391, early_stops=8/8
26 - INFO - chord#: 72 In build_straw_man_chord_sa. tolerance = 1, sa_iterations = 1000, initial_temperature = 3.0, cooling_rate = 0.999
26 - INFO - chord#: 66 done. best_score=70.0, changed=609, unchanged=258, early_stops=8/8
26 - INFO - chord#: 68 In build_straw_man_chord_sa. tolerance = 1, sa_iterations = 1000, initial_temperature = 3.0, cooling_rate = 0.999
26 - INFO - chord#: 66 done. best_score=103.0, changed=608, unchanged=293, early_stops=8/8
26 - INFO - chord#: 68 In build_straw_man_chord_sa. tolerance = 1, sa_iterations = 1000, initial_temperature = 3.0, cooling_rate = 0.999
26 - INFO - chord#: 72 done. best_score=36.0, changed=523, unchanged=383, early_stops=8/8
26 - INFO - chord#: 74 In build_straw_man_chord_sa. tolerance = 1, sa_iterations = 1000, initial_temperature = 3.0, cooling_rate = 0.999
26 - INFO - chord#: 74 done. best_score=143.0, changed=608, unchanged=254, early_stops=8/8
26 - INFO - chord#: 75 In build_straw_man_chord_sa. tolerance = 1, sa_iterations = 1000, initial_temperature = 3.0, cooling_rate = 0.999
26 - INFO - chord#: 82 done. best_score=35.0, changed=541, unchanged=341, early_stops=8/8
26 - INFO - chord#: 84 In build_straw_man_chord_sa. tolerance = 1, sa_iterations = 1000, initial_temperature = 3.0, cooling_rate = 0.999
26 - INFO - chord#: 70 done. best_score=27.0, changed=528, unchanged=353, early_stops=8/8
26 - INFO - chord#: 72 In build_straw_man_chord_sa. tolerance = 1, sa_iterations = 1000, initial_temperature = 3.0, cooling_rate = 0.999
26 - INFO - chord#: 80 done. best_score=67.0, changed=614, unchanged=434, early_stops=8/8
26 - INFO - chord#: 82 In build_straw_man_chord_sa. tolerance = 1, sa_iterations = 1000, initial_temperature = 3.0, cooling_rate = 0.999
26 - INFO - chord#: 80 done. best_score=119.0, changed=615, unchanged=324, early_stops=8/8
26 - INFO - chord#: 82 In build_straw_man_chord_sa. tolerance = 1, sa_iterations = 1000, initial_temperature = 3.0, cooling_rate = 0.999
26 - INFO - chord#: 66 done. best_score=70.0, changed=617, unchanged=260, early_stops=8/8
26 - INFO - chord#: 68 In build_straw_man_chord_sa. tolerance = 1, sa_iterations = 1000, initial_temperature = 3.0, cooling_rate = 0.999
26 - INFO - chord#: 68 done. best_score=31.0, changed=539, unchanged=465, early_stops=8/8
26 - INFO - chord#: 70 In build_straw_man_chord_sa. tolerance = 1, sa_iterations = 1000, initial_temperature = 3.0, cooling_rate = 0.999
26 - INFO - chord#: 80 done. best_score=67.0, changed=613, unchanged=432, early_stops=8/8
26 - INFO - chord#: 82 In build_straw_man_chord_sa. tolerance = 1, sa_iterations = 1000, initial_temperature = 3.0, cooling_rate = 0.999
26 - INFO - chord#: 75 done. best_score=27.0, changed=521, unchanged=326, early_stops=8/8
26 - INFO - chord#: 76 In build_straw_man_chord_sa. tolerance = 1, sa_iterations = 1000, initial_temperature = 3.0, cooling_rate = 0.999
26 - INFO - chord#: 68 done. best_score=58.0, changed=526, unchanged=348, early_stops=8/8
26 - INFO - chord#: 70 In build_straw_man_chord_sa. tolerance = 1, sa_iterations = 1000, initial_temperature = 3.0, cooling_rate = 0.999
26 - INFO - chord#: 72 done. best_score=36.0, changed=516, unchanged=385, early_stops=8/8
26 - INFO - chord#: 74 In build_straw_man_chord_sa. tolerance = 1, sa_iterations = 1000, initial_temperature = 3.0, cooling_rate = 0.999
26 - INFO - chord#: 82 done. best_score=35.0, changed=560, unchanged=260, early_stops=8/8
26 - INFO - chord#: 84 In build_straw_man_chord_sa. tolerance = 1, sa_iterations = 1000, initial_temperature = 3.0, cooling_rate = 0.999
26 - INFO - chord#: 80 done. best_score=145.0, changed=611, unchanged=240, early_stops=8/8
26 - INFO - chord#: 82 In build_straw_man_chord_sa. tolerance = 1, sa_iterations = 1000, initial_temperature = 3.0, cooling_rate = 0.999
26 - INFO - chord#: 82 done. best_score=37.0, changed=539, unchanged=361, early_stops=8/8
26 - INFO - chord#: 84 In build_straw_man_chord_sa. tolerance = 1, sa_iterations = 1000, initial_temperature = 3.0, cooling_rate = 0.999
26 - INFO - chord#: 84 done. best_score=27.0, changed=523, unchanged=471, early_stops=8/8
26 - INFO - chord#: 86 In build_straw_man_chord_sa. tolerance = 1, sa_iterations = 1000, initial_temperature = 3.0, cooling_rate = 0.999
26 - INFO - chord#: 68 done. best_score=31.0, changed=524, unchanged=350, early_stops=8/8
26 - INFO - chord#: 70 In build_straw_man_chord_sa. tolerance = 1, sa_iterations = 1000, initial_temperature = 3.0, cooling_rate = 0.999
26 - INFO - chord#: 82 done. best_score=35.0, changed=528, unchanged=395, early_stops=8/8
26 - INFO - chord#: 84 In build_straw_man_chord_sa. tolerance = 1, sa_iterations = 1000, initial_temperature = 3.0, cooling_rate = 0.999
26 - INFO - chord#: 76 done. best_score=27.0, changed=524, unchanged=429, early_stops=8/8
26 - INFO - chord#: 78 In build_straw_man_chord_sa. tolerance = 1, sa_iterations = 1000, initial_temperature = 3.0, cooling_rate = 0.999
26 - INFO - chord#: 72 done. best_score=47.0, changed=519, unchanged=378, early_stops=8/8
26 - INFO - chord#: 74 In build_straw_man_chord_sa. tolerance = 1, sa_iterations = 1000, initial_temperature = 3.0, cooling_rate = 0.999
26 - INFO - chord#: 70 done. best_score=27.0, changed=531, unchanged=454, early_stops=8/8
26 - INFO - chord#: 72 In build_straw_man_chord_sa. tolerance = 1, sa_iterations = 1000, initial_temperature = 3.0, cooling_rate = 0.999
26 - INFO - chord#: 70 done. best_score=88.0, changed=534, unchanged=418, early_stops=8/8
26 - INFO - chord#: 72 In build_straw_man_chord_sa. tolerance = 1, sa_iterations = 1000, initial_temperature = 3.0, cooling_rate = 0.999
26 - INFO - chord#: 82 done. best_score=35.0, changed=541, unchanged=264, early_stops=8/8
26 - INFO - chord#: 84 In build_straw_man_chord_sa. tolerance = 1, sa_iterations = 1000, initial_temperature = 3.0, cooling_rate = 0.999
26 - INFO - chord#: 84 done. best_score=27.0, changed=520, unchanged=523, early_stops=8/8
26 - INFO - chord#: 86 In build_straw_man_chord_sa. tolerance = 1, sa_iterations = 1000, initial_temperature = 3.0, cooling_rate = 0.999
26 - INFO - chord#: 86 done. best_score=27.0, changed=527, unchanged=402, early_stops=8/8
26 - INFO - chord#: 87 In build_straw_man_chord_sa. tolerance = 1, sa_iterations = 1000, initial_temperature = 3.0, cooling_rate = 0.999
26 - INFO - chord#: 84 done. best_score=27.0, changed=519, unchanged=514, early_stops=8/8
26 - INFO - chord#: 86 In build_straw_man_chord_sa. tolerance = 1, sa_iterations = 1000, initial_temperature = 3.0, cooling_rate = 0.999
26 - INFO - chord#: 70 done. best_score=27.0, changed=520, unchanged=320, early_stops=8/8
26 - INFO - chord#: 72 In build_straw_man_chord_sa. tolerance = 1, sa_iterations = 1000, initial_temperature = 3.0, cooling_rate = 0.999
26 - INFO - chord#: 84 done. best_score=27.0, changed=515, unchanged=352, early_stops=8/8
26 - INFO - chord#: 86 In build_straw_man_chord_sa. tolerance = 1, sa_iterations = 1000, initial_temperature = 3.0, cooling_rate = 0.999
26 - INFO - chord#: 78 done. best_score=27.0, changed=524, unchanged=468, early_stops=8/8
26 - INFO - chord#: 79 In build_straw_man_chord_sa. tolerance = 1, sa_iterations = 1000, initial_temperature = 3.0, cooling_rate = 0.999
26 - INFO - chord#: 74 done. best_score=150.0, changed=609, unchanged=287, early_stops=8/8
26 - INFO - chord#: 75 In build_straw_man_chord_sa. tolerance = 1, sa_iterations = 1000, initial_temperature = 3.0, cooling_rate = 0.999
26 - INFO - chord#: 84 done. best_score=27.0, changed=513, unchanged=349, early_stops=8/8
26 - INFO - chord#: 86 In build_straw_man_chord_sa. tolerance = 1, sa_iterations = 1000, initial_temperature = 3.0, cooling_rate = 0.999
26 - INFO - chord#: 72 done. best_score=36.0, changed=520, unchanged=338, early_stops=8/8
26 - INFO - chord#: 74 In build_straw_man_chord_sa. tolerance = 1, sa_iterations = 1000, initial_temperature = 3.0, cooling_rate = 0.999
26 - INFO - chord#: 86 done. best_score=27.0, changed=526, unchanged=411, early_stops=8/8
26 - INFO - chord#: 87 In build_straw_man_chord_sa. tolerance = 1, sa_iterations = 1000, initial_temperature = 3.0, cooling_rate = 0.999
26 - INFO - chord#: 72 done. best_score=47.0, changed=528, unchanged=357, early_stops=8/8
26 - INFO - chord#: 74 In build_straw_man_chord_sa. tolerance = 1, sa_iterations = 1000, initial_temperature = 3.0, cooling_rate = 0.999
26 - INFO - chord#: 86 done. best_score=27.0, changed=520, unchanged=368, early_stops=8/8
26 - INFO - chord#: 87 In build_straw_man_chord_sa. tolerance = 1, sa_iterations = 1000, initial_temperature = 3.0, cooling_rate = 0.999
26 - INFO - chord#: 86 done. best_score=27.0, changed=520, unchanged=318, early_stops=8/8
26 - INFO - chord#: 87 In build_straw_man_chord_sa. tolerance = 1, sa_iterations = 1000, initial_temperature = 3.0, cooling_rate = 0.999
26 - INFO - chord#: 75 done. best_score=85.0, changed=571, unchanged=252, early_stops=8/8
26 - INFO - chord#: 76 In build_straw_man_chord_sa. tolerance = 1, sa_iterations = 1000, initial_temperature = 3.0, cooling_rate = 0.999
26 - INFO - chord#: 86 done. best_score=27.0, changed=526, unchanged=410, early_stops=8/8
26 - INFO - chord#: 87 In build_straw_man_chord_sa. tolerance = 1, sa_iterations = 1000, initial_temperature = 3.0, cooling_rate = 0.999
26 - INFO - chord#: 72 done. best_score=36.0, changed=514, unchanged=352, early_stops=8/8
26 - INFO - chord#: 74 In build_straw_man_chord_sa. tolerance = 1, sa_iterations = 1000, initial_temperature = 3.0, cooling_rate = 0.999
26 - INFO - chord#: 74 done. best_score=143.0, changed=610, unchanged=297, early_stops=8/8
26 - INFO - chord#: 75 In build_straw_man_chord_sa. tolerance = 1, sa_iterations = 1000, initial_temperature = 3.0, cooling_rate = 0.999
26 - INFO - chord#: 79 done. best_score=27.0, changed=523, unchanged=520, early_stops=8/8
26 - INFO - chord#: 80 In build_straw_man_chord_sa. tolerance = 1, sa_iterations = 1000, initial_temperature = 3.0, cooling_rate = 0.999
26 - INFO - chord#: 87 done. best_score=145.0, changed=605, unchanged=266, early_stops=8/8
26 - INFO - chord#: 88 In build_straw_man_chord_sa. tolerance = 1, sa_iterations = 1000, initial_temperature = 3.0, cooling_rate = 0.999
26 - INFO - chord#: 74 done. best_score=150.0, changed=610, unchanged=282, early_stops=8/8
26 - INFO - chord#: 75 In build_straw_man_chord_sa. tolerance = 1, sa_iterations = 1000, initial_temperature = 3.0, cooling_rate = 0.999
26 - INFO - chord#: 76 done. best_score=27.0, changed=521, unchanged=403, early_stops=8/8
26 - INFO - chord#: 78 In build_straw_man_chord_sa. tolerance = 1, sa_iterations = 1000, initial_temperature = 3.0, cooling_rate = 0.999
26 - INFO - chord#: 75 done. best_score=27.0, changed=528, unchanged=355, early_stops=8/8
26 - INFO - chord#: 76 In build_straw_man_chord_sa. tolerance = 1, sa_iterations = 1000, initial_temperature = 3.0, cooling_rate = 0.999
26 - INFO - chord#: 88 done. best_score=27.0, changed=519, unchanged=418, early_stops=8/8
26 - INFO - chord#: 96 In build_straw_man_chord_sa. tolerance = 1, sa_iterations = 1000, initial_temperature = 3.0, cooling_rate = 0.999
26 - INFO - chord#: 87 done. best_score=67.0, changed=610, unchanged=270, early_stops=8/8
26 - INFO - chord#: 88 In build_straw_man_chord_sa. tolerance = 1, sa_iterations = 1000, initial_temperature = 3.0, cooling_rate = 0.999
26 - INFO - chord#: 75 done. best_score=59.0, changed=537, unchanged=286, early_stops=8/8
26 - INFO - chord#: 76 In build_straw_man_chord_sa. tolerance = 1, sa_iterations = 1000, initial_temperature = 3.0, cooling_rate = 0.999
26 - INFO - chord#: 87 done. best_score=145.0, changed=606, unchanged=300, early_stops=8/8
26 - INFO - chord#: 88 In build_straw_man_chord_sa. tolerance = 1, sa_iterations = 1000, initial_temperature = 3.0, cooling_rate = 0.999
26 - INFO - chord#: 87 done. best_score=125.0, changed=611, unchanged=336, early_stops=8/8
26 - INFO - chord#: 87 done. best_score=145.0, changed=608, unchanged=280, early_stops=8/8
26 - INFO - chord#: 88 In build_straw_man_chord_sa. tolerance = 1, sa_iterations = 1000, initial_temperature = 3.0, cooling_rate = 0.999
26 - INFO - chord#: 88 In build_straw_man_chord_sa. tolerance = 1, sa_iterations = 1000, initial_temperature = 3.0, cooling_rate = 0.999
26 - INFO - chord#: 74 done. best_score=121.0, changed=609, unchanged=234, early_stops=8/8
26 - INFO - chord#: 75 In build_straw_man_chord_sa. tolerance = 1, sa_iterations = 1000, initial_temperature = 3.0, cooling_rate = 0.999
26 - INFO - chord#: 78 done. best_score=27.0, changed=516, unchanged=363, early_stops=8/8
26 - INFO - chord#: 79 In build_straw_man_chord_sa. tolerance = 1, sa_iterations = 1000, initial_temperature = 3.0, cooling_rate = 0.999
26 - INFO - chord#: 96 done. best_score=27.0, changed=515, unchanged=323, early_stops=8/8
26 - INFO - chord#: 88 done. best_score=27.0, changed=520, unchanged=357, early_stops=8/8
26 - INFO - chord#: 98 In build_straw_man_chord_sa. tolerance = 1, sa_iterations = 1000, initial_temperature = 3.0, cooling_rate = 0.999
26 - INFO - chord#: 96 In build_straw_man_chord_sa. tolerance = 1, sa_iterations = 1000, initial_temperature = 3.0, cooling_rate = 0.999
26 - INFO - chord#: 76 done. best_score=27.0, changed=517, unchanged=332, early_stops=8/8
26 - INFO - chord#: 78 In build_straw_man_chord_sa. tolerance = 1, sa_iterations = 1000, initial_temperature = 3.0, cooling_rate = 0.999
26 - INFO - chord#: 88 done. best_score=27.0, changed=524, unchanged=351, early_stops=8/8
26 - INFO - chord#: 96 In build_straw_man_chord_sa. tolerance = 1, sa_iterations = 1000, initial_temperature = 3.0, cooling_rate = 0.999
26 - INFO - chord#: 74 done. best_score=104.0, changed=613, unchanged=393, early_stops=8/8
26 - INFO - chord#: 75 In build_straw_man_chord_sa. tolerance = 1, sa_iterations = 1000, initial_temperature = 3.0, cooling_rate = 0.999
26 - INFO - chord#: 80 done. best_score=67.0, changed=609, unchanged=458, early_stops=8/8
26 - INFO - chord#: 82 In build_straw_man_chord_sa. tolerance = 1, sa_iterations = 1000, initial_temperature = 3.0, cooling_rate = 0.999
26 - INFO - chord#: 88 done. best_score=57.0, changed=530, unchanged=406, early_stops=8/8
26 - INFO - chord#: 96 In build_straw_man_chord_sa. tolerance = 1, sa_iterations = 1000, initial_temperature = 3.0, cooling_rate = 0.999
26 - INFO - chord#: 76 done. best_score=36.0, changed=520, unchanged=368, early_stops=8/8
26 - INFO - chord#: 78 In build_straw_man_chord_sa. tolerance = 1, sa_iterations = 1000, initial_temperature = 3.0, cooling_rate = 0.999
26 - INFO - chord#: 88 done. best_score=27.0, changed=534, unchanged=502, early_stops=8/8
26 - INFO - chord#: 96 In build_straw_man_chord_sa. tolerance = 1, sa_iterations = 1000, initial_temperature = 3.0, cooling_rate = 0.999
26 - INFO - chord#: 75 done. best_score=36.0, changed=527, unchanged=287, early_stops=8/8
26 - INFO - chord#: 76 In build_straw_man_chord_sa. tolerance = 1, sa_iterations = 1000, initial_temperature = 3.0, cooling_rate = 0.999
26 - INFO - chord#: 96 done. best_score=27.0, changed=522, unchanged=342, early_stops=8/8
26 - INFO - chord#: 98 In build_straw_man_chord_sa. tolerance = 1, sa_iterations = 1000, initial_temperature = 3.0, cooling_rate = 0.999
26 - INFO - chord#: 74 done. best_score=141.0, changed=613, unchanged=340, early_stops=8/8
26 - INFO - chord#: 75 In build_straw_man_chord_sa. tolerance = 1, sa_iterations = 1000, initial_temperature = 3.0, cooling_rate = 0.999
26 - INFO - chord#: 79 done. best_score=27.0, changed=523, unchanged=504, early_stops=8/8
26 - INFO - chord#: 80 In build_straw_man_chord_sa. tolerance = 1, sa_iterations = 1000, initial_temperature = 3.0, cooling_rate = 0.999
26 - INFO - chord#: 78 done. best_score=27.0, changed=525, unchanged=483, early_stops=8/8
26 - INFO - chord#: 79 In build_straw_man_chord_sa. tolerance = 1, sa_iterations = 1000, initial_temperature = 3.0, cooling_rate = 0.999
26 - INFO - chord#: 82 done. best_score=35.0, changed=528, unchanged=318, early_stops=8/8
26 - INFO - chord#: 84 In build_straw_man_chord_sa. tolerance = 1, sa_iterations = 1000, initial_temperature = 3.0, cooling_rate = 0.999
26 - INFO - chord#: 96 done. best_score=27.0, changed=535, unchanged=465, early_stops=8/8
26 - INFO - chord#: 98 In build_straw_man_chord_sa. tolerance = 1, sa_iterations = 1000, initial_temperature = 3.0, cooling_rate = 0.999
26 - INFO - chord#: 96 done. best_score=27.0, changed=528, unchanged=316, early_stops=8/8
26 - INFO - chord#: 98 In build_straw_man_chord_sa. tolerance = 1, sa_iterations = 1000, initial_temperature = 3.0, cooling_rate = 0.999
26 - INFO - chord#: 75 done. best_score=27.0, changed=521, unchanged=362, early_stops=8/8
26 - INFO - chord#: 76 In build_straw_man_chord_sa. tolerance = 1, sa_iterations = 1000, initial_temperature = 3.0, cooling_rate = 0.999
26 - INFO - chord#: 96 done. best_score=27.0, changed=523, unchanged=390, early_stops=8/8
26 - INFO - chord#: 98 In build_straw_man_chord_sa. tolerance = 1, sa_iterations = 1000, initial_temperature = 3.0, cooling_rate = 0.999
26 - INFO - chord#: 78 done. best_score=36.0, changed=517, unchanged=359, early_stops=8/8
26 - INFO - chord#: 79 In build_straw_man_chord_sa. tolerance = 1, sa_iterations = 1000, initial_temperature = 3.0, cooling_rate = 0.999
26 - INFO - chord#: 76 done. best_score=27.0, changed=517, unchanged=468, early_stops=8/8
26 - INFO - chord#: 78 In build_straw_man_chord_sa. tolerance = 1, sa_iterations = 1000, initial_temperature = 3.0, cooling_rate = 0.999
26 - INFO - chord#: 98 done. best_score=82.0, changed=610, unchanged=257, early_stops=8/8
26 - INFO - chord#: 100 In build_straw_man_chord_sa. tolerance = 1, sa_iterations = 1000, initial_temperature = 3.0, cooling_rate = 0.999
26 - INFO - chord#: 75 done. best_score=27.0, changed=531, unchanged=340, early_stops=8/8
26 - INFO - chord#: 76 In build_straw_man_chord_sa. tolerance = 1, sa_iterations = 1000, initial_temperature = 3.0, cooling_rate = 0.999
26 - INFO - chord#: 84 done. best_score=27.0, changed=524, unchanged=520, early_stops=8/8
26 - INFO - chord#: 86 In build_straw_man_chord_sa. tolerance = 1, sa_iterations = 1000, initial_temperature = 3.0, cooling_rate = 0.999
26 - INFO - chord#: 76 done. best_score=27.0, changed=521, unchanged=354, early_stops=8/8
26 - INFO - chord#: 78 In build_straw_man_chord_sa. tolerance = 1, sa_iterations = 1000, initial_temperature = 3.0, cooling_rate = 0.999
26 - INFO - chord#: 98 done. best_score=82.0, changed=615, unchanged=254, early_stops=8/8
26 - INFO - chord#: 100 In build_straw_man_chord_sa. tolerance = 1, sa_iterations = 1000, initial_temperature = 3.0, cooling_rate = 0.999
26 - INFO - chord#: 100 done. best_score=27.0, changed=522, unchanged=399, early_stops=8/8
26 - INFO - chord#: 79 done. best_score=27.0, changed=537, unchanged=619, early_stops=8/8
26 - INFO - chord#: 102 In build_straw_man_chord_sa. tolerance = 1, sa_iterations = 1000, initial_temperature = 3.0, cooling_rate = 0.999
26 - INFO - chord#: 80 In build_straw_man_chord_sa. tolerance = 1, sa_iterations = 1000, initial_temperature = 3.0, cooling_rate = 0.999
26 - INFO - chord#: 79 done. best_score=27.0, changed=514, unchanged=417, early_stops=8/8
26 - INFO - chord#: 80 In build_straw_man_chord_sa. tolerance = 1, sa_iterations = 1000, initial_temperature = 3.0, cooling_rate = 0.999
26 - INFO - chord#: 78 done. best_score=27.0, changed=515, unchanged=365, early_stops=8/8
26 - INFO - chord#: 79 In build_straw_man_chord_sa. tolerance = 1, sa_iterations = 1000, initial_temperature = 3.0, cooling_rate = 0.999
26 - INFO - chord#: 76 done. best_score=27.0, changed=524, unchanged=358, early_stops=8/8
26 - INFO - chord#: 78 In build_straw_man_chord_sa. tolerance = 1, sa_iterations = 1000, initial_temperature = 3.0, cooling_rate = 0.999
26 - INFO - chord#: 98 done. best_score=97.0, changed=607, unchanged=238, early_stops=8/8
26 - INFO - chord#: 100 In build_straw_man_chord_sa. tolerance = 1, sa_iterations = 1000, initial_temperature = 3.0, cooling_rate = 0.999
26 - INFO - chord#: 86 done. best_score=27.0, changed=526, unchanged=439, early_stops=8/8
26 - INFO - chord#: 87 In build_straw_man_chord_sa. tolerance = 1, sa_iterations = 1000, initial_temperature = 3.0, cooling_rate = 0.999
26 - INFO - chord#: 98 done. best_score=82.0, changed=611, unchanged=346, early_stops=8/8
26 - INFO - chord#: 100 In build_straw_man_chord_sa. tolerance = 1, sa_iterations = 1000, initial_temperature = 3.0, cooling_rate = 0.999
26 - INFO - chord#: 100 done. best_score=27.0, changed=527, unchanged=398, early_stops=8/8
26 - INFO - chord#: 102 In build_straw_man_chord_sa. tolerance = 1, sa_iterations = 1000, initial_temperature = 3.0, cooling_rate = 0.999
26 - INFO - chord#: 78 done. best_score=27.0, changed=514, unchanged=360, early_stops=8/8
26 - INFO - chord#: 79 In build_straw_man_chord_sa. tolerance = 1, sa_iterations = 1000, initial_temperature = 3.0, cooling_rate = 0.999
26 - INFO - chord#: 98 done. best_score=90.0, changed=615, unchanged=384, early_stops=8/8
26 - INFO - chord#: 100 In build_straw_man_chord_sa. tolerance = 1, sa_iterations = 1000, initial_temperature = 3.0, cooling_rate = 0.999
26 - INFO - chord#: 100 done. best_score=27.0, changed=527, unchanged=402, early_stops=8/8
26 - INFO - chord#: 102 In build_straw_man_chord_sa. tolerance = 1, sa_iterations = 1000, initial_temperature = 3.0, cooling_rate = 0.999
26 - INFO - chord#: 78 done. best_score=27.0, changed=522, unchanged=389, early_stops=8/8
26 - INFO - chord#: 79 In build_straw_man_chord_sa. tolerance = 1, sa_iterations = 1000, initial_temperature = 3.0, cooling_rate = 0.999
26 - INFO - chord#: 79 done. best_score=27.0, changed=525, unchanged=496, early_stops=8/8
26 - INFO - chord#: 80 In build_straw_man_chord_sa. tolerance = 1, sa_iterations = 1000, initial_temperature = 3.0, cooling_rate = 0.999
26 - INFO - chord#: 100 done. best_score=27.0, changed=522, unchanged=366, early_stops=8/8
26 - INFO - chord#: 102 In build_straw_man_chord_sa. tolerance = 1, sa_iterations = 1000, initial_temperature = 3.0, cooling_rate = 0.999
26 - INFO - chord#: 100 done. best_score=27.0, changed=521, unchanged=394, early_stops=8/8
26 - INFO - chord#: 102 In build_straw_man_chord_sa. tolerance = 1, sa_iterations = 1000, initial_temperature = 3.0, cooling_rate = 0.999
26 - INFO - chord#: 102 done. best_score=70.0, changed=608, unchanged=259, early_stops=8/8
26 - INFO - chord#: 104 In build_straw_man_chord_sa. tolerance = 1, sa_iterations = 1000, initial_temperature = 3.0, cooling_rate = 0.999
26 - INFO - chord#: 79 done. best_score=27.0, changed=518, unchanged=428, early_stops=8/8
26 - INFO - chord#: 80 In build_straw_man_chord_sa. tolerance = 1, sa_iterations = 1000, initial_temperature = 3.0, cooling_rate = 0.999
26 - INFO - chord#: 80 done. best_score=67.0, changed=616, unchanged=544, early_stops=8/8
26 - INFO - chord#: 82 In build_straw_man_chord_sa. tolerance = 1, sa_iterations = 1000, initial_temperature = 3.0, cooling_rate = 0.999
26 - INFO - chord#: 87 done. best_score=67.0, changed=611, unchanged=241, early_stops=8/8
26 - INFO - chord#: 88 In build_straw_man_chord_sa. tolerance = 1, sa_iterations = 1000, initial_temperature = 3.0, cooling_rate = 0.999
26 - INFO - chord#: 79 done. best_score=27.0, changed=527, unchanged=413, early_stops=8/8
26 - INFO - chord#: 80 In build_straw_man_chord_sa. tolerance = 1, sa_iterations = 1000, initial_temperature = 3.0, cooling_rate = 0.999
26 - INFO - chord#: 102 done. best_score=103.0, changed=608, unchanged=240, early_stops=8/8
26 - INFO - chord#: 104 In build_straw_man_chord_sa. tolerance = 1, sa_iterations = 1000, initial_temperature = 3.0, cooling_rate = 0.999
26 - INFO - chord#: 104 done. best_score=27.0, changed=516, unchanged=345, early_stops=8/8
26 - INFO - chord#: 106 In build_straw_man_chord_sa. tolerance = 1, sa_iterations = 1000, initial_temperature = 3.0, cooling_rate = 0.999
26 - INFO - chord#: 80 done. best_score=78.0, changed=610, unchanged=327, early_stops=8/8
26 - INFO - chord#: 82 In build_straw_man_chord_sa. tolerance = 1, sa_iterations = 1000, initial_temperature = 3.0, cooling_rate = 0.999
26 - INFO - chord#: 80 done. best_score=119.0, changed=614, unchanged=348, early_stops=8/8
26 - INFO - chord#: 82 In build_straw_man_chord_sa. tolerance = 1, sa_iterations = 1000, initial_temperature = 3.0, cooling_rate = 0.999
26 - INFO - chord#: 82 done. best_score=35.0, changed=529, unchanged=365, early_stops=8/8
26 - INFO - chord#: 84 In build_straw_man_chord_sa. tolerance = 1, sa_iterations = 1000, initial_temperature = 3.0, cooling_rate = 0.999
26 - INFO - chord#: 102 done. best_score=70.0, changed=608, unchanged=228, early_stops=8/8
26 - INFO - chord#: 104 In build_straw_man_chord_sa. tolerance = 1, sa_iterations = 1000, initial_temperature = 3.0, cooling_rate = 0.999
26 - INFO - chord#: 102 done. best_score=70.0, changed=610, unchanged=388, early_stops=8/8
26 - INFO - chord#: 104 In build_straw_man_chord_sa. tolerance = 1, sa_iterations = 1000, initial_temperature = 3.0, cooling_rate = 0.999
26 - INFO - chord#: 88 done. best_score=27.0, changed=525, unchanged=470, early_stops=8/8
26 - INFO - chord#: 96 In build_straw_man_chord_sa. tolerance = 1, sa_iterations = 1000, initial_temperature = 3.0, cooling_rate = 0.999
26 - INFO - chord#: 104 done. best_score=27.0, changed=512, unchanged=313, early_stops=8/8
26 - INFO - chord#: 106 In build_straw_man_chord_sa. tolerance = 1, sa_iterations = 1000, initial_temperature = 3.0, cooling_rate = 0.999
26 - INFO - chord#: 80 done. best_score=78.0, changed=608, unchanged=212, early_stops=8/8
26 - INFO - chord#: 82 In build_straw_man_chord_sa. tolerance = 1, sa_iterations = 1000, initial_temperature = 3.0, cooling_rate = 0.999
26 - INFO - chord#: 82 done. best_score=35.0, changed=518, unchanged=330, early_stops=8/8
26 - INFO - chord#: 84 In build_straw_man_chord_sa. tolerance = 1, sa_iterations = 1000, initial_temperature = 3.0, cooling_rate = 0.999
26 - INFO - chord#: 102 done. best_score=104.0, changed=615, unchanged=371, early_stops=8/8
26 - INFO - chord#: 104 In build_straw_man_chord_sa. tolerance = 1, sa_iterations = 1000, initial_temperature = 3.0, cooling_rate = 0.999
26 - INFO - chord#: 82 done. best_score=37.0, changed=531, unchanged=409, early_stops=8/8
26 - INFO - chord#: 84 In build_straw_man_chord_sa. tolerance = 1, sa_iterations = 1000, initial_temperature = 3.0, cooling_rate = 0.999
26 - INFO - chord#: 84 done. best_score=27.0, changed=517, unchanged=339, early_stops=8/8
26 - INFO - chord#: 86 In build_straw_man_chord_sa. tolerance = 1, sa_iterations = 1000, initial_temperature = 3.0, cooling_rate = 0.999
26 - INFO - chord#: 96 done. best_score=27.0, changed=519, unchanged=470, early_stops=8/8
26 - INFO - chord#: 98 In build_straw_man_chord_sa. tolerance = 1, sa_iterations = 1000, initial_temperature = 3.0, cooling_rate = 0.999
26 - INFO - chord#: 104 done. best_score=27.0, changed=523, unchanged=434, early_stops=8/8
26 - INFO - chord#: 106 In build_straw_man_chord_sa. tolerance = 1, sa_iterations = 1000, initial_temperature = 3.0, cooling_rate = 0.999
26 - INFO - chord#: 104 done. best_score=27.0, changed=521, unchanged=533, early_stops=8/8
26 - INFO - chord#: 106 In build_straw_man_chord_sa. tolerance = 1, sa_iterations = 1000, initial_temperature = 3.0, cooling_rate = 0.999
26 - INFO - chord#: 80 done. best_score=67.0, changed=607, unchanged=262, early_stops=8/8
26 - INFO - chord#: 82 In build_straw_man_chord_sa. tolerance = 1, sa_iterations = 1000, initial_temperature = 3.0, cooling_rate = 0.999
26 - INFO - chord#: 106 done. best_score=82.0, changed=611, unchanged=246, early_stops=8/8
26 - INFO - chord#: 108 In build_straw_man_chord_sa. tolerance = 1, sa_iterations = 1000, initial_temperature = 3.0, cooling_rate = 0.999
26 - INFO - chord#: 104 done. best_score=27.0, changed=520, unchanged=347, early_stops=8/8
26 - INFO - chord#: 106 In build_straw_man_chord_sa. tolerance = 1, sa_iterations = 1000, initial_temperature = 3.0, cooling_rate = 0.999
26 - INFO - chord#: 82 done. best_score=37.0, changed=523, unchanged=308, early_stops=8/8
26 - INFO - chord#: 84 In build_straw_man_chord_sa. tolerance = 1, sa_iterations = 1000, initial_temperature = 3.0, cooling_rate = 0.999
26 - INFO - chord#: 82 done. best_score=35.0, changed=574, unchanged=250, early_stops=8/8
26 - INFO - chord#: 84 In build_straw_man_chord_sa. tolerance = 1, sa_iterations = 1000, initial_temperature = 3.0, cooling_rate = 0.999
26 - INFO - chord#: 84 done. best_score=27.0, changed=531, unchanged=530, early_stops=8/8
26 - INFO - chord#: 86 In build_straw_man_chord_sa. tolerance = 1, sa_iterations = 1000, initial_temperature = 3.0, cooling_rate = 0.999
26 - INFO - chord#: 86 done. best_score=27.0, changed=529, unchanged=405, early_stops=8/8
26 - INFO - chord#: 87 In build_straw_man_chord_sa. tolerance = 1, sa_iterations = 1000, initial_temperature = 3.0, cooling_rate = 0.999
26 - INFO - chord#: 80 done. best_score=137.0, changed=610, unchanged=319, early_stops=8/8
26 - INFO - chord#: 82 In build_straw_man_chord_sa. tolerance = 1, sa_iterations = 1000, initial_temperature = 3.0, cooling_rate = 0.999
26 - INFO - chord#: 84 done. best_score=27.0, changed=528, unchanged=546, early_stops=8/8
26 - INFO - chord#: 86 In build_straw_man_chord_sa. tolerance = 1, sa_iterations = 1000, initial_temperature = 3.0, cooling_rate = 0.999
26 - INFO - chord#: 108 done. best_score=27.0, changed=521, unchanged=293, early_stops=8/8
26 - INFO - chord#: 110 In build_straw_man_chord_sa. tolerance = 1, sa_iterations = 1000, initial_temperature = 3.0, cooling_rate = 0.999
26 - INFO - chord#: 106 done. best_score=82.0, changed=608, unchanged=301, early_stops=8/8
26 - INFO - chord#: 108 In build_straw_man_chord_sa. tolerance = 1, sa_iterations = 1000, initial_temperature = 3.0, cooling_rate = 0.999
26 - INFO - chord#: 86 done. best_score=27.0, changed=517, unchanged=313, early_stops=8/8
26 - INFO - chord#: 87 In build_straw_man_chord_sa. tolerance = 1, sa_iterations = 1000, initial_temperature = 3.0, cooling_rate = 0.999
26 - INFO - chord#: 84 done. best_score=27.0, changed=526, unchanged=514, early_stops=8/8
26 - INFO - chord#: 86 In build_straw_man_chord_sa. tolerance = 1, sa_iterations = 1000, initial_temperature = 3.0, cooling_rate = 0.999
26 - INFO - chord#: 106 done. best_score=82.0, changed=614, unchanged=294, early_stops=8/8
26 - INFO - chord#: 108 In build_straw_man_chord_sa. tolerance = 1, sa_iterations = 1000, initial_temperature = 3.0, cooling_rate = 0.999
26 - INFO - chord#: 98 done. best_score=82.0, changed=618, unchanged=308, early_stops=8/8
26 - INFO - chord#: 100 In build_straw_man_chord_sa. tolerance = 1, sa_iterations = 1000, initial_temperature = 3.0, cooling_rate = 0.999
26 - INFO - chord#: 110 done. best_score=27.0, changed=521, unchanged=385, early_stops=8/8
26 - INFO - chord#: 112 In build_straw_man_chord_sa. tolerance = 1, sa_iterations = 1000, initial_temperature = 3.0, cooling_rate = 0.999
26 - INFO - chord#: 82 done. best_score=35.0, changed=532, unchanged=329, early_stops=8/8
26 - INFO - chord#: 84 In build_straw_man_chord_sa. tolerance = 1, sa_iterations = 1000, initial_temperature = 3.0, cooling_rate = 0.999
26 - INFO - chord#: 108 done. best_score=27.0, changed=528, unchanged=361, early_stops=8/8
26 - INFO - chord#: 110 In build_straw_man_chord_sa. tolerance = 1, sa_iterations = 1000, initial_temperature = 3.0, cooling_rate = 0.999
26 - INFO - chord#: 84 done. best_score=27.0, changed=520, unchanged=394, early_stops=8/8
26 - INFO - chord#: 86 In build_straw_man_chord_sa. tolerance = 1, sa_iterations = 1000, initial_temperature = 3.0, cooling_rate = 0.999
26 - INFO - chord#: 86 done. best_score=27.0, changed=529, unchanged=314, early_stops=8/8
26 - INFO - chord#: 87 In build_straw_man_chord_sa. tolerance = 1, sa_iterations = 1000, initial_temperature = 3.0, cooling_rate = 0.999
26 - INFO - chord#: 106 done. best_score=82.0, changed=614, unchanged=328, early_stops=8/8
26 - INFO - chord#: 108 In build_straw_man_chord_sa. tolerance = 1, sa_iterations = 1000, initial_temperature = 3.0, cooling_rate = 0.999
26 - INFO - chord#: 106 done. best_score=97.0, changed=614, unchanged=531, early_stops=8/8
26 - INFO - chord#: 108 In build_straw_man_chord_sa. tolerance = 1, sa_iterations = 1000, initial_temperature = 3.0, cooling_rate = 0.999
26 - INFO - chord#: 108 done. best_score=27.0, changed=520, unchanged=318, early_stops=8/8
26 - INFO - chord#: 110 In build_straw_man_chord_sa. tolerance = 1, sa_iterations = 1000, initial_temperature = 3.0, cooling_rate = 0.999
26 - INFO - chord#: 100 done. best_score=27.0, changed=528, unchanged=378, early_stops=8/8
26 - INFO - chord#: 102 In build_straw_man_chord_sa. tolerance = 1, sa_iterations = 1000, initial_temperature = 3.0, cooling_rate = 0.999
26 - INFO - chord#: 86 done. best_score=27.0, changed=520, unchanged=321, early_stops=8/8
26 - INFO - chord#: 87 In build_straw_man_chord_sa. tolerance = 1, sa_iterations = 1000, initial_temperature = 3.0, cooling_rate = 0.999
26 - INFO - chord#: 110 done. best_score=27.0, changed=523, unchanged=451, early_stops=8/8
26 - INFO - chord#: 112 In build_straw_man_chord_sa. tolerance = 1, sa_iterations = 1000, initial_temperature = 3.0, cooling_rate = 0.999
26 - INFO - chord#: 84 done. best_score=27.0, changed=513, unchanged=334, early_stops=8/8
26 - INFO - chord#: 86 In build_straw_man_chord_sa. tolerance = 1, sa_iterations = 1000, initial_temperature = 3.0, cooling_rate = 0.999
26 - INFO - chord#: 86 done. best_score=27.0, changed=522, unchanged=432, early_stops=8/8
26 - INFO - chord#: 87 In build_straw_man_chord_sa. tolerance = 1, sa_iterations = 1000, initial_temperature = 3.0, cooling_rate = 0.999
26 - INFO - chord#: 108 done. best_score=27.0, changed=542, unchanged=307, early_stops=8/8
26 - INFO - chord#: 110 In build_straw_man_chord_sa. tolerance = 1, sa_iterations = 1000, initial_temperature = 3.0, cooling_rate = 0.999
26 - INFO - chord#: 108 done. best_score=27.0, changed=516, unchanged=291, early_stops=8/8
26 - INFO - chord#: 110 In build_straw_man_chord_sa. tolerance = 1, sa_iterations = 1000, initial_temperature = 3.0, cooling_rate = 0.999
26 - INFO - chord#: 110 done. best_score=27.0, changed=523, unchanged=382, early_stops=8/8
26 - INFO - chord#: 87 done. best_score=67.0, changed=610, unchanged=308, early_stops=8/8
26 - INFO - chord#: 112 In build_straw_man_chord_sa. tolerance = 1, sa_iterations = 1000, initial_temperature = 3.0, cooling_rate = 0.999
26 - INFO - chord#: 88 In build_straw_man_chord_sa. tolerance = 1, sa_iterations = 1000, initial_temperature = 3.0, cooling_rate = 0.999
26 - INFO - chord#: 112 done. best_score=142.0, changed=607, unchanged=313, early_stops=8/8
26 - INFO - chord#: 114 In build_straw_man_chord_sa. tolerance = 1, sa_iterations = 1000, initial_temperature = 3.0, cooling_rate = 0.999
26 - INFO - chord#: 110 done. best_score=27.0, changed=525, unchanged=351, early_stops=8/8
26 - INFO - chord#: 112 In build_straw_man_chord_sa. tolerance = 1, sa_iterations = 1000, initial_temperature = 3.0, cooling_rate = 0.999
26 - INFO - chord#: 86 done. best_score=27.0, changed=536, unchanged=462, early_stops=8/8
26 - INFO - chord#: 87 In build_straw_man_chord_sa. tolerance = 1, sa_iterations = 1000, initial_temperature = 3.0, cooling_rate = 0.999
26 - INFO - chord#: 110 done. best_score=27.0, changed=520, unchanged=321, early_stops=8/8
26 - INFO - chord#: 112 In build_straw_man_chord_sa. tolerance = 1, sa_iterations = 1000, initial_temperature = 3.0, cooling_rate = 0.999
26 - INFO - chord#: 87 done. best_score=96.0, changed=611, unchanged=259, early_stops=8/8
26 - INFO - chord#: 88 In build_straw_man_chord_sa. tolerance = 1, sa_iterations = 1000, initial_temperature = 3.0, cooling_rate = 0.999
26 - INFO - chord#: 102 done. best_score=70.0, changed=610, unchanged=220, early_stops=8/8
26 - INFO - chord#: 104 In build_straw_man_chord_sa. tolerance = 1, sa_iterations = 1000, initial_temperature = 3.0, cooling_rate = 0.999
26 - INFO - chord#: 87 done. best_score=67.0, changed=613, unchanged=471, early_stops=8/8
26 - INFO - chord#: 88 In build_straw_man_chord_sa. tolerance = 1, sa_iterations = 1000, initial_temperature = 3.0, cooling_rate = 0.999
26 - INFO - chord#: 88 done. best_score=27.0, changed=525, unchanged=384, early_stops=8/8
26 - INFO - chord#: 96 In build_straw_man_chord_sa. tolerance = 1, sa_iterations = 1000, initial_temperature = 3.0, cooling_rate = 0.999
26 - INFO - chord#: 114 done. best_score=36.0, changed=523, unchanged=366, early_stops=8/8
26 - INFO - chord#: 116 In build_straw_man_chord_sa. tolerance = 1, sa_iterations = 1000, initial_temperature = 3.0, cooling_rate = 0.999
26 - INFO - chord#: 112 done. best_score=67.0, changed=616, unchanged=358, early_stops=8/8
26 - INFO - chord#: 114 In build_straw_man_chord_sa. tolerance = 1, sa_iterations = 1000, initial_temperature = 3.0, cooling_rate = 0.999
26 - INFO - chord#: 87 done. best_score=78.0, changed=610, unchanged=328, early_stops=8/8
26 - INFO - chord#: 88 In build_straw_man_chord_sa. tolerance = 1, sa_iterations = 1000, initial_temperature = 3.0, cooling_rate = 0.999
26 - INFO - chord#: 104 done. best_score=27.0, changed=531, unchanged=352, early_stops=8/8
26 - INFO - chord#: 106 In build_straw_man_chord_sa. tolerance = 1, sa_iterations = 1000, initial_temperature = 3.0, cooling_rate = 0.999
26 - INFO - chord#: 88 done. best_score=27.0, changed=513, unchanged=447, early_stops=8/8
26 - INFO - chord#: 96 In build_straw_man_chord_sa. tolerance = 1, sa_iterations = 1000, initial_temperature = 3.0, cooling_rate = 0.999
26 - INFO - chord#: 112 done. best_score=67.0, changed=610, unchanged=271, early_stops=8/8
26 - INFO - chord#: 114 In build_straw_man_chord_sa. tolerance = 1, sa_iterations = 1000, initial_temperature = 3.0, cooling_rate = 0.999
26 - INFO - chord#: 87 done. best_score=67.0, changed=613, unchanged=278, early_stops=8/8
26 - INFO - chord#: 88 In build_straw_man_chord_sa. tolerance = 1, sa_iterations = 1000, initial_temperature = 3.0, cooling_rate = 0.999
26 - INFO - chord#: 88 done. best_score=27.0, changed=536, unchanged=413, early_stops=8/8
26 - INFO - chord#: 96 In build_straw_man_chord_sa. tolerance = 1, sa_iterations = 1000, initial_temperature = 3.0, cooling_rate = 0.999
26 - INFO - chord#: 116 done. best_score=31.0, changed=531, unchanged=401, early_stops=8/8
26 - INFO - chord#: 118 In build_straw_man_chord_sa. tolerance = 1, sa_iterations = 1000, initial_temperature = 3.0, cooling_rate = 0.999
26 - INFO - chord#: 112 done. best_score=67.0, changed=606, unchanged=214, early_stops=8/8
26 - INFO - chord#: 114 In build_straw_man_chord_sa. tolerance = 1, sa_iterations = 1000, initial_temperature = 3.0, cooling_rate = 0.999
26 - INFO - chord#: 96 done. best_score=27.0, changed=528, unchanged=334, early_stops=8/8
26 - INFO - chord#: 98 In build_straw_man_chord_sa. tolerance = 1, sa_iterations = 1000, initial_temperature = 3.0, cooling_rate = 0.999
26 - INFO - chord#: 114 done. best_score=36.0, changed=521, unchanged=372, early_stops=8/8
26 - INFO - chord#: 116 In build_straw_man_chord_sa. tolerance = 1, sa_iterations = 1000, initial_temperature = 3.0, cooling_rate = 0.999
26 - INFO - chord#: 112 done. best_score=78.0, changed=612, unchanged=277, early_stops=8/8
26 - INFO - chord#: 114 In build_straw_man_chord_sa. tolerance = 1, sa_iterations = 1000, initial_temperature = 3.0, cooling_rate = 0.999
26 - INFO - chord#: 114 done. best_score=36.0, changed=529, unchanged=357, early_stops=8/8
26 - INFO - chord#: 116 In build_straw_man_chord_sa. tolerance = 1, sa_iterations = 1000, initial_temperature = 3.0, cooling_rate = 0.999
26 - INFO - chord#: 88 done. best_score=27.0, changed=521, unchanged=384, early_stops=8/8
26 - INFO - chord#: 96 In build_straw_man_chord_sa. tolerance = 1, sa_iterations = 1000, initial_temperature = 3.0, cooling_rate = 0.999
26 - INFO - chord#: 96 done. best_score=27.0, changed=524, unchanged=341, early_stops=8/8
26 - INFO - chord#: 98 In build_straw_man_chord_sa. tolerance = 1, sa_iterations = 1000, initial_temperature = 3.0, cooling_rate = 0.999
26 - INFO - chord#: 118 done. best_score=27.0, changed=516, unchanged=428, early_stops=8/8
26 - INFO - chord#: 120 In build_straw_man_chord_sa. tolerance = 1, sa_iterations = 1000, initial_temperature = 3.0, cooling_rate = 0.999
26 - INFO - chord#: 96 done. best_score=27.0, changed=517, unchanged=310, early_stops=8/8
26 - INFO - chord#: 98 In build_straw_man_chord_sa. tolerance = 1, sa_iterations = 1000, initial_temperature = 3.0, cooling_rate = 0.999
26 - INFO - chord#: 114 done. best_score=36.0, changed=530, unchanged=347, early_stops=8/8
26 - INFO - chord#: 88 done. best_score=27.0, changed=522, unchanged=409, early_stops=8/8
26 - INFO - chord#: 116 In build_straw_man_chord_sa. tolerance = 1, sa_iterations = 1000, initial_temperature = 3.0, cooling_rate = 0.999
26 - INFO - chord#: 96 In build_straw_man_chord_sa. tolerance = 1, sa_iterations = 1000, initial_temperature = 3.0, cooling_rate = 0.999
26 - INFO - chord#: 116 done. best_score=31.0, changed=522, unchanged=402, early_stops=8/8
26 - INFO - chord#: 118 In build_straw_man_chord_sa. tolerance = 1, sa_iterations = 1000, initial_temperature = 3.0, cooling_rate = 0.999
26 - INFO - chord#: 87 done. best_score=157.0, changed=612, unchanged=387, early_stops=8/8
26 - INFO - chord#: 88 In build_straw_man_chord_sa. tolerance = 1, sa_iterations = 1000, initial_temperature = 3.0, cooling_rate = 0.999
26 - INFO - chord#: 114 done. best_score=47.0, changed=516, unchanged=346, early_stops=8/8
26 - INFO - chord#: 116 In build_straw_man_chord_sa. tolerance = 1, sa_iterations = 1000, initial_temperature = 3.0, cooling_rate = 0.999
26 - INFO - chord#: 116 done. best_score=58.0, changed=577, unchanged=330, early_stops=8/8
26 - INFO - chord#: 118 In build_straw_man_chord_sa. tolerance = 1, sa_iterations = 1000, initial_temperature = 3.0, cooling_rate = 0.999
26 - INFO - chord#: 96 done. best_score=27.0, changed=522, unchanged=387, early_stops=8/8
26 - INFO - chord#: 98 In build_straw_man_chord_sa. tolerance = 1, sa_iterations = 1000, initial_temperature = 3.0, cooling_rate = 0.999
26 - INFO - chord#: 116 done. best_score=31.0, changed=538, unchanged=296, early_stops=8/8
26 - INFO - chord#: 118 In build_straw_man_chord_sa. tolerance = 1, sa_iterations = 1000, initial_temperature = 3.0, cooling_rate = 0.999
26 - INFO - chord#: 120 done. best_score=27.0, changed=520, unchanged=483, early_stops=8/8
26 - INFO - chord#: 128 In build_straw_man_chord_sa. tolerance = 1, sa_iterations = 1000, initial_temperature = 3.0, cooling_rate = 0.999
26 - INFO - chord#: 106 done. best_score=82.0, changed=611, unchanged=349, early_stops=8/8
26 - INFO - chord#: 108 In build_straw_man_chord_sa. tolerance = 1, sa_iterations = 1000, initial_temperature = 3.0, cooling_rate = 0.999
26 - INFO - chord#: 96 done. best_score=27.0, changed=519, unchanged=374, early_stops=8/8
26 - INFO - chord#: 98 In build_straw_man_chord_sa. tolerance = 1, sa_iterations = 1000, initial_temperature = 3.0, cooling_rate = 0.999
26 - INFO - chord#: 118 done. best_score=27.0, changed=527, unchanged=393, early_stops=8/8
26 - INFO - chord#: 120 In build_straw_man_chord_sa. tolerance = 1, sa_iterations = 1000, initial_temperature = 3.0, cooling_rate = 0.999
26 - INFO - chord#: 118 done. best_score=85.0, changed=540, unchanged=327, early_stops=8/8
26 - INFO - chord#: 120 In build_straw_man_chord_sa. tolerance = 1, sa_iterations = 1000, initial_temperature = 3.0, cooling_rate = 0.999
26 - INFO - chord#: 116 done. best_score=31.0, changed=517, unchanged=314, early_stops=8/8
26 - INFO - chord#: 118 In build_straw_man_chord_sa. tolerance = 1, sa_iterations = 1000, initial_temperature = 3.0, cooling_rate = 0.999
26 - INFO - chord#: 88 done. best_score=27.0, changed=511, unchanged=326, early_stops=8/8
26 - INFO - chord#: 96 In build_straw_man_chord_sa. tolerance = 1, sa_iterations = 1000, initial_temperature = 3.0, cooling_rate = 0.999
26 - INFO - chord#: 118 done. best_score=27.0, changed=527, unchanged=513, early_stops=8/8
26 - INFO - chord#: 120 In build_straw_man_chord_sa. tolerance = 1, sa_iterations = 1000, initial_temperature = 3.0, cooling_rate = 0.999
26 - INFO - chord#: 128 done. best_score=27.0, changed=526, unchanged=390, early_stops=8/8
26 - INFO - chord#: 130 In build_straw_man_chord_sa. tolerance = 1, sa_iterations = 1000, initial_temperature = 3.0, cooling_rate = 0.999
26 - INFO - chord#: 108 done. best_score=27.0, changed=527, unchanged=425, early_stops=8/8
26 - INFO - chord#: 110 In build_straw_man_chord_sa. tolerance = 1, sa_iterations = 1000, initial_temperature = 3.0, cooling_rate = 0.999
26 - INFO - chord#: 120 done. best_score=27.0, changed=529, unchanged=420, early_stops=8/8
26 - INFO - chord#: 128 In build_straw_man_chord_sa. tolerance = 1, sa_iterations = 1000, initial_temperature = 3.0, cooling_rate = 0.999
26 - INFO - chord#: 98 done. best_score=82.0, changed=613, unchanged=336, early_stops=8/8
26 - INFO - chord#: 100 In build_straw_man_chord_sa. tolerance = 1, sa_iterations = 1000, initial_temperature = 3.0, cooling_rate = 0.999
26 - INFO - chord#: 120 done. best_score=27.0, changed=529, unchanged=383, early_stops=8/8
26 - INFO - chord#: 128 In build_straw_man_chord_sa. tolerance = 1, sa_iterations = 1000, initial_temperature = 3.0, cooling_rate = 0.999
26 - INFO - chord#: 118 done. best_score=27.0, changed=530, unchanged=330, early_stops=8/8
26 - INFO - chord#: 120 In build_straw_man_chord_sa. tolerance = 1, sa_iterations = 1000, initial_temperature = 3.0, cooling_rate = 0.999
26 - INFO - chord#: 98 done. best_score=82.0, changed=608, unchanged=304, early_stops=8/8
26 - INFO - chord#: 100 In build_straw_man_chord_sa. tolerance = 1, sa_iterations = 1000, initial_temperature = 3.0, cooling_rate = 0.999
26 - INFO - chord#: 96 done. best_score=27.0, changed=527, unchanged=418, early_stops=8/8
26 - INFO - chord#: 98 In build_straw_man_chord_sa. tolerance = 1, sa_iterations = 1000, initial_temperature = 3.0, cooling_rate = 0.999
26 - INFO - chord#: 98 done. best_score=82.0, changed=609, unchanged=330, early_stops=8/8
26 - INFO - chord#: 100 In build_straw_man_chord_sa. tolerance = 1, sa_iterations = 1000, initial_temperature = 3.0, cooling_rate = 0.999
26 - INFO - chord#: 120 done. best_score=27.0, changed=517, unchanged=385, early_stops=8/8
26 - INFO - chord#: 128 In build_straw_man_chord_sa. tolerance = 1, sa_iterations = 1000, initial_temperature = 3.0, cooling_rate = 0.999
26 - INFO - chord#: 110 done. best_score=27.0, changed=524, unchanged=325, early_stops=8/8
26 - INFO - chord#: 112 In build_straw_man_chord_sa. tolerance = 1, sa_iterations = 1000, initial_temperature = 3.0, cooling_rate = 0.999
26 - INFO - chord#: 128 done. best_score=27.0, changed=516, unchanged=317, early_stops=8/8
26 - INFO - chord#: 130 In build_straw_man_chord_sa. tolerance = 1, sa_iterations = 1000, initial_temperature = 3.0, cooling_rate = 0.999
26 - INFO - chord#: 128 done. best_score=27.0, changed=531, unchanged=432, early_stops=8/8
26 - INFO - chord#: 130 In build_straw_man_chord_sa. tolerance = 1, sa_iterations = 1000, initial_temperature = 3.0, cooling_rate = 0.999
26 - INFO - chord#: 100 done. best_score=27.0, changed=516, unchanged=391, early_stops=8/8
26 - INFO - chord#: 102 In build_straw_man_chord_sa. tolerance = 1, sa_iterations = 1000, initial_temperature = 3.0, cooling_rate = 0.999
26 - INFO - chord#: 120 done. best_score=27.0, changed=522, unchanged=444, early_stops=8/8
26 - INFO - chord#: 128 In build_straw_man_chord_sa. tolerance = 1, sa_iterations = 1000, initial_temperature = 3.0, cooling_rate = 0.999
26 - INFO - chord#: 100 done. best_score=27.0, changed=526, unchanged=357, early_stops=8/8
26 - INFO - chord#: 102 In build_straw_man_chord_sa. tolerance = 1, sa_iterations = 1000, initial_temperature = 3.0, cooling_rate = 0.999
26 - INFO - chord#: 128 done. best_score=27.0, changed=523, unchanged=321, early_stops=8/8
26 - INFO - chord#: 130 In build_straw_man_chord_sa. tolerance = 1, sa_iterations = 1000, initial_temperature = 3.0, cooling_rate = 0.999
26 - INFO - chord#: 100 done. best_score=27.0, changed=521, unchanged=331, early_stops=8/8
26 - INFO - chord#: 102 In build_straw_man_chord_sa. tolerance = 1, sa_iterations = 1000, initial_temperature = 3.0, cooling_rate = 0.999
26 - INFO - chord#: 98 done. best_score=120.0, changed=612, unchanged=309, early_stops=8/8
26 - INFO - chord#: 100 In build_straw_man_chord_sa. tolerance = 1, sa_iterations = 1000, initial_temperature = 3.0, cooling_rate = 0.999
26 - INFO - chord#: 98 done. best_score=82.0, changed=613, unchanged=430, early_stops=8/8
26 - INFO - chord#: 100 In build_straw_man_chord_sa. tolerance = 1, sa_iterations = 1000, initial_temperature = 3.0, cooling_rate = 0.999
26 - INFO - chord#: 130 done. best_score=67.0, changed=608, unchanged=270, early_stops=8/8
26 - INFO - chord#: 132 In build_straw_man_chord_sa. tolerance = 1, sa_iterations = 1000, initial_temperature = 3.0, cooling_rate = 0.999
26 - INFO - chord#: 128 done. best_score=27.0, changed=532, unchanged=344, early_stops=8/8
26 - INFO - chord#: 130 In build_straw_man_chord_sa. tolerance = 1, sa_iterations = 1000, initial_temperature = 3.0, cooling_rate = 0.999
26 - INFO - chord#: 100 done. best_score=27.0, changed=525, unchanged=389, early_stops=8/8
26 - INFO - chord#: 102 In build_straw_man_chord_sa. tolerance = 1, sa_iterations = 1000, initial_temperature = 3.0, cooling_rate = 0.999
26 - INFO - chord#: 132 done. best_score=27.0, changed=513, unchanged=370, early_stops=8/8
26 - INFO - chord#: 134 In build_straw_man_chord_sa. tolerance = 1, sa_iterations = 1000, initial_temperature = 3.0, cooling_rate = 0.999
26 - INFO - chord#: 130 done. best_score=137.0, changed=613, unchanged=328, early_stops=8/8
26 - INFO - chord#: 132 In build_straw_man_chord_sa. tolerance = 1, sa_iterations = 1000, initial_temperature = 3.0, cooling_rate = 0.999
26 - INFO - chord#: 112 done. best_score=67.0, changed=607, unchanged=299, early_stops=8/8
26 - INFO - chord#: 114 In build_straw_man_chord_sa. tolerance = 1, sa_iterations = 1000, initial_temperature = 3.0, cooling_rate = 0.999
26 - INFO - chord#: 100 done. best_score=27.0, changed=526, unchanged=432, early_stops=8/8
26 - INFO - chord#: 102 In build_straw_man_chord_sa. tolerance = 1, sa_iterations = 1000, initial_temperature = 3.0, cooling_rate = 0.999
26 - INFO - chord#: 98 done. best_score=82.0, changed=607, unchanged=336, early_stops=8/8
26 - INFO - chord#: 100 In build_straw_man_chord_sa. tolerance = 1, sa_iterations = 1000, initial_temperature = 3.0, cooling_rate = 0.999
26 - INFO - chord#: 130 done. best_score=96.0, changed=610, unchanged=291, early_stops=8/8
26 - INFO - chord#: 132 In build_straw_man_chord_sa. tolerance = 1, sa_iterations = 1000, initial_temperature = 3.0, cooling_rate = 0.999
26 - INFO - chord#: 130 done. best_score=145.0, changed=614, unchanged=274, early_stops=8/8
26 - INFO - chord#: 132 In build_straw_man_chord_sa. tolerance = 1, sa_iterations = 1000, initial_temperature = 3.0, cooling_rate = 0.999
26 - INFO - chord#: 114 done. best_score=36.0, changed=522, unchanged=345, early_stops=8/8
26 - INFO - chord#: 116 In build_straw_man_chord_sa. tolerance = 1, sa_iterations = 1000, initial_temperature = 3.0, cooling_rate = 0.999
26 - INFO - chord#: 102 done. best_score=70.0, changed=613, unchanged=267, early_stops=8/8
26 - INFO - chord#: 104 In build_straw_man_chord_sa. tolerance = 1, sa_iterations = 1000, initial_temperature = 3.0, cooling_rate = 0.999
26 - INFO - chord#: 132 done. best_score=27.0, changed=522, unchanged=447, early_stops=8/8
26 - INFO - chord#: 134 In build_straw_man_chord_sa. tolerance = 1, sa_iterations = 1000, initial_temperature = 3.0, cooling_rate = 0.999
26 - INFO - chord#: 102 done. best_score=103.0, changed=614, unchanged=345, early_stops=8/8
26 - INFO - chord#: 104 In build_straw_man_chord_sa. tolerance = 1, sa_iterations = 1000, initial_temperature = 3.0, cooling_rate = 0.999
26 - INFO - chord#: 100 done. best_score=27.0, changed=514, unchanged=311, early_stops=8/8
26 - INFO - chord#: 102 In build_straw_man_chord_sa. tolerance = 1, sa_iterations = 1000, initial_temperature = 3.0, cooling_rate = 0.999
26 - INFO - chord#: 102 done. best_score=103.0, changed=609, unchanged=259, early_stops=8/8
26 - INFO - chord#: 104 In build_straw_man_chord_sa. tolerance = 1, sa_iterations = 1000, initial_temperature = 3.0, cooling_rate = 0.999
26 - INFO - chord#: 130 done. best_score=67.0, changed=614, unchanged=256, early_stops=8/8
26 - INFO - chord#: 132 In build_straw_man_chord_sa. tolerance = 1, sa_iterations = 1000, initial_temperature = 3.0, cooling_rate = 0.999
26 - INFO - chord#: 132 done. best_score=27.0, changed=522, unchanged=486, early_stops=8/8
26 - INFO - chord#: 134 In build_straw_man_chord_sa. tolerance = 1, sa_iterations = 1000, initial_temperature = 3.0, cooling_rate = 0.999
26 - INFO - chord#: 116 done. best_score=31.0, changed=523, unchanged=339, early_stops=8/8
26 - INFO - chord#: 118 In build_straw_man_chord_sa. tolerance = 1, sa_iterations = 1000, initial_temperature = 3.0, cooling_rate = 0.999
26 - INFO - chord#: 132 done. best_score=27.0, changed=525, unchanged=535, early_stops=8/8
26 - INFO - chord#: 134 In build_straw_man_chord_sa. tolerance = 1, sa_iterations = 1000, initial_temperature = 3.0, cooling_rate = 0.999
26 - INFO - chord#: 134 done. best_score=74.0, changed=618, unchanged=381, early_stops=8/8
26 - INFO - chord#: 136 In build_straw_man_chord_sa. tolerance = 1, sa_iterations = 1000, initial_temperature = 3.0, cooling_rate = 0.999
26 - INFO - chord#: 104 done. best_score=27.0, changed=522, unchanged=460, early_stops=8/8
26 - INFO - chord#: 106 In build_straw_man_chord_sa. tolerance = 1, sa_iterations = 1000, initial_temperature = 3.0, cooling_rate = 0.999
26 - INFO - chord#: 132 done. best_score=27.0, changed=526, unchanged=597, early_stops=8/8
26 - INFO - chord#: 134 In build_straw_man_chord_sa. tolerance = 1, sa_iterations = 1000, initial_temperature = 3.0, cooling_rate = 0.999
26 - INFO - chord#: 104 done. best_score=27.0, changed=530, unchanged=452, early_stops=8/8
26 - INFO - chord#: 106 In build_straw_man_chord_sa. tolerance = 1, sa_iterations = 1000, initial_temperature = 3.0, cooling_rate = 0.999
26 - INFO - chord#: 104 done. best_score=27.0, changed=528, unchanged=572, early_stops=8/8
26 - INFO - chord#: 106 In build_straw_man_chord_sa. tolerance = 1, sa_iterations = 1000, initial_temperature = 3.0, cooling_rate = 0.999
26 - INFO - chord#: 102 done. best_score=70.0, changed=614, unchanged=356, early_stops=8/8
26 - INFO - chord#: 104 In build_straw_man_chord_sa. tolerance = 1, sa_iterations = 1000, initial_temperature = 3.0, cooling_rate = 0.999
26 - INFO - chord#: 118 done. best_score=27.0, changed=524, unchanged=438, early_stops=8/8
26 - INFO - chord#: 120 In build_straw_man_chord_sa. tolerance = 1, sa_iterations = 1000, initial_temperature = 3.0, cooling_rate = 0.999
26 - INFO - chord#: 102 done. best_score=70.0, changed=615, unchanged=353, early_stops=8/8
26 - INFO - chord#: 104 In build_straw_man_chord_sa. tolerance = 1, sa_iterations = 1000, initial_temperature = 3.0, cooling_rate = 0.999
26 - INFO - chord#: 136 done. best_score=27.0, changed=517, unchanged=371, early_stops=8/8
26 - INFO - chord#: 138 In build_straw_man_chord_sa. tolerance = 1, sa_iterations = 1000, initial_temperature = 3.0, cooling_rate = 0.999
26 - INFO - chord#: 134 done. best_score=74.0, changed=619, unchanged=523, early_stops=8/8
26 - INFO - chord#: 136 In build_straw_man_chord_sa. tolerance = 1, sa_iterations = 1000, initial_temperature = 3.0, cooling_rate = 0.999
26 - INFO - chord#: 120 done. best_score=27.0, changed=522, unchanged=361, early_stops=8/8
26 - INFO - chord#: 128 In build_straw_man_chord_sa. tolerance = 1, sa_iterations = 1000, initial_temperature = 3.0, cooling_rate = 0.999
26 - INFO - chord#: 102 done. best_score=103.0, changed=613, unchanged=356, early_stops=8/8
26 - INFO - chord#: 104 In build_straw_man_chord_sa. tolerance = 1, sa_iterations = 1000, initial_temperature = 3.0, cooling_rate = 0.999
26 - INFO - chord#: 134 done. best_score=121.0, changed=615, unchanged=387, early_stops=8/8
26 - INFO - chord#: 136 In build_straw_man_chord_sa. tolerance = 1, sa_iterations = 1000, initial_temperature = 3.0, cooling_rate = 0.999
26 - INFO - chord#: 104 done. best_score=27.0, changed=520, unchanged=343, early_stops=8/8
26 - INFO - chord#: 106 In build_straw_man_chord_sa. tolerance = 1, sa_iterations = 1000, initial_temperature = 3.0, cooling_rate = 0.999
26 - INFO - chord#: 134 done. best_score=74.0, changed=611, unchanged=288, early_stops=8/8
26 - INFO - chord#: 136 In build_straw_man_chord_sa. tolerance = 1, sa_iterations = 1000, initial_temperature = 3.0, cooling_rate = 0.999
26 - INFO - chord#: 104 done. best_score=27.0, changed=522, unchanged=408, early_stops=8/8
26 - INFO - chord#: 106 In build_straw_man_chord_sa. tolerance = 1, sa_iterations = 1000, initial_temperature = 3.0, cooling_rate = 0.999
26 - INFO - chord#: 134 done. best_score=74.0, changed=608, unchanged=246, early_stops=8/8
26 - INFO - chord#: 136 In build_straw_man_chord_sa. tolerance = 1, sa_iterations = 1000, initial_temperature = 3.0, cooling_rate = 0.999
26 - INFO - chord#: 136 done. best_score=27.0, changed=526, unchanged=375, early_stops=8/8
26 - INFO - chord#: 138 In build_straw_man_chord_sa. tolerance = 1, sa_iterations = 1000, initial_temperature = 3.0, cooling_rate = 0.999
26 - INFO - chord#: 136 done. best_score=27.0, changed=526, unchanged=322, early_stops=8/8
26 - INFO - chord#: 138 In build_straw_man_chord_sa. tolerance = 1, sa_iterations = 1000, initial_temperature = 3.0, cooling_rate = 0.999
26 - INFO - chord#: 128 done. best_score=27.0, changed=527, unchanged=345, early_stops=8/8
26 - INFO - chord#: 130 In build_straw_man_chord_sa. tolerance = 1, sa_iterations = 1000, initial_temperature = 3.0, cooling_rate = 0.999
26 - INFO - chord#: 136 done. best_score=27.0, changed=526, unchanged=364, early_stops=8/8
26 - INFO - chord#: 138 In build_straw_man_chord_sa. tolerance = 1, sa_iterations = 1000, initial_temperature = 3.0, cooling_rate = 0.999
26 - INFO - chord#: 104 done. best_score=27.0, changed=521, unchanged=408, early_stops=8/8
26 - INFO - chord#: 106 In build_straw_man_chord_sa. tolerance = 1, sa_iterations = 1000, initial_temperature = 3.0, cooling_rate = 0.999
26 - INFO - chord#: 136 done. best_score=27.0, changed=523, unchanged=361, early_stops=8/8
26 - INFO - chord#: 138 In build_straw_man_chord_sa. tolerance = 1, sa_iterations = 1000, initial_temperature = 3.0, cooling_rate = 0.999
26 - INFO - chord#: 106 done. best_score=97.0, changed=612, unchanged=315, early_stops=8/8
26 - INFO - chord#: 108 In build_straw_man_chord_sa. tolerance = 1, sa_iterations = 1000, initial_temperature = 3.0, cooling_rate = 0.999
26 - INFO - chord#: 106 done. best_score=82.0, changed=612, unchanged=303, early_stops=8/8
26 - INFO - chord#: 108 In build_straw_man_chord_sa. tolerance = 1, sa_iterations = 1000, initial_temperature = 3.0, cooling_rate = 0.999
26 - INFO - chord#: 106 done. best_score=82.0, changed=615, unchanged=434, early_stops=8/8
26 - INFO - chord#: 108 In build_straw_man_chord_sa. tolerance = 1, sa_iterations = 1000, initial_temperature = 3.0, cooling_rate = 0.999
26 - INFO - chord#: 138 done. best_score=78.0, changed=615, unchanged=399, early_stops=8/8
26 - INFO - chord#: 140 In build_straw_man_chord_sa. tolerance = 1, sa_iterations = 1000, initial_temperature = 3.0, cooling_rate = 0.999
26 - INFO - chord#: 108 done. best_score=27.0, changed=527, unchanged=332, early_stops=8/8
26 - INFO - chord#: 110 In build_straw_man_chord_sa. tolerance = 1, sa_iterations = 1000, initial_temperature = 3.0, cooling_rate = 0.999
26 - INFO - chord#: 108 done. best_score=27.0, changed=532, unchanged=405, early_stops=8/8
26 - INFO - chord#: 110 In build_straw_man_chord_sa. tolerance = 1, sa_iterations = 1000, initial_temperature = 3.0, cooling_rate = 0.999
26 - INFO - chord#: 106 done. best_score=82.0, changed=611, unchanged=306, early_stops=8/8
26 - INFO - chord#: 108 In build_straw_man_chord_sa. tolerance = 1, sa_iterations = 1000, initial_temperature = 3.0, cooling_rate = 0.999
26 - INFO - chord#: 106 done. best_score=120.0, changed=609, unchanged=231, early_stops=8/8
26 - INFO - chord#: 108 In build_straw_man_chord_sa. tolerance = 1, sa_iterations = 1000, initial_temperature = 3.0, cooling_rate = 0.999
26 - INFO - chord#: 108 done. best_score=27.0, changed=525, unchanged=362, early_stops=8/8
26 - INFO - chord#: 110 In build_straw_man_chord_sa. tolerance = 1, sa_iterations = 1000, initial_temperature = 3.0, cooling_rate = 0.999
26 - INFO - chord#: 138 done. best_score=78.0, changed=613, unchanged=398, early_stops=8/8
26 - INFO - chord#: 140 In build_straw_man_chord_sa. tolerance = 1, sa_iterations = 1000, initial_temperature = 3.0, cooling_rate = 0.999
26 - INFO - chord#: 130 done. best_score=174.0, changed=614, unchanged=338, early_stops=8/8
26 - INFO - chord#: 132 In build_straw_man_chord_sa. tolerance = 1, sa_iterations = 1000, initial_temperature = 3.0, cooling_rate = 0.999
26 - INFO - chord#: 138 done. best_score=137.0, changed=614, unchanged=268, early_stops=8/8
26 - INFO - chord#: 140 In build_straw_man_chord_sa. tolerance = 1, sa_iterations = 1000, initial_temperature = 3.0, cooling_rate = 0.999
26 - INFO - chord#: 138 done. best_score=67.0, changed=613, unchanged=468, early_stops=8/8
26 - INFO - chord#: 140 In build_straw_man_chord_sa. tolerance = 1, sa_iterations = 1000, initial_temperature = 3.0, cooling_rate = 0.999
26 - INFO - chord#: 138 done. best_score=78.0, changed=610, unchanged=280, early_stops=8/8
26 - INFO - chord#: 140 In build_straw_man_chord_sa. tolerance = 1, sa_iterations = 1000, initial_temperature = 3.0, cooling_rate = 0.999
26 - INFO - chord#: 110 done. best_score=27.0, changed=529, unchanged=329, early_stops=8/8
26 - INFO - chord#: 112 In build_straw_man_chord_sa. tolerance = 1, sa_iterations = 1000, initial_temperature = 3.0, cooling_rate = 0.999
26 - INFO - chord#: 110 done. best_score=27.0, changed=523, unchanged=319, early_stops=8/8
26 - INFO - chord#: 112 In build_straw_man_chord_sa. tolerance = 1, sa_iterations = 1000, initial_temperature = 3.0, cooling_rate = 0.999
26 - INFO - chord#: 140 done. best_score=75.0, changed=608, unchanged=414, early_stops=8/8
26 - INFO - chord#: 142 In build_straw_man_chord_sa. tolerance = 1, sa_iterations = 1000, initial_temperature = 3.0, cooling_rate = 0.999
26 - INFO - chord#: 108 done. best_score=27.0, changed=534, unchanged=391, early_stops=8/8
26 - INFO - chord#: 110 In build_straw_man_chord_sa. tolerance = 1, sa_iterations = 1000, initial_temperature = 3.0, cooling_rate = 0.999
26 - INFO - chord#: 108 done. best_score=27.0, changed=526, unchanged=370, early_stops=8/8
26 - INFO - chord#: 110 In build_straw_man_chord_sa. tolerance = 1, sa_iterations = 1000, initial_temperature = 3.0, cooling_rate = 0.999
26 - INFO - chord#: 110 done. best_score=27.0, changed=528, unchanged=402, early_stops=8/8
26 - INFO - chord#: 112 In build_straw_man_chord_sa. tolerance = 1, sa_iterations = 1000, initial_temperature = 3.0, cooling_rate = 0.999
26 - INFO - chord#: 132 done. best_score=27.0, changed=517, unchanged=463, early_stops=8/8
26 - INFO - chord#: 134 In build_straw_man_chord_sa. tolerance = 1, sa_iterations = 1000, initial_temperature = 3.0, cooling_rate = 0.999
26 - INFO - chord#: 106 done. best_score=82.0, changed=615, unchanged=483, early_stops=8/8
26 - INFO - chord#: 108 In build_straw_man_chord_sa. tolerance = 1, sa_iterations = 1000, initial_temperature = 3.0, cooling_rate = 0.999
26 - INFO - chord#: 142 done. best_score=36.0, changed=516, unchanged=325, early_stops=8/8
26 - INFO - chord#: 144 In build_straw_man_chord_sa. tolerance = 1, sa_iterations = 1000, initial_temperature = 3.0, cooling_rate = 0.999
26 - INFO - chord#: 110 done. best_score=27.0, changed=527, unchanged=313, early_stops=8/8
26 - INFO - chord#: 112 In build_straw_man_chord_sa. tolerance = 1, sa_iterations = 1000, initial_temperature = 3.0, cooling_rate = 0.999
26 - INFO - chord#: 110 done. best_score=27.0, changed=518, unchanged=333, early_stops=8/8
26 - INFO - chord#: 112 In build_straw_man_chord_sa. tolerance = 1, sa_iterations = 1000, initial_temperature = 3.0, cooling_rate = 0.999
26 - INFO - chord#: 140 done. best_score=70.0, changed=618, unchanged=337, early_stops=8/8
26 - INFO - chord#: 142 In build_straw_man_chord_sa. tolerance = 1, sa_iterations = 1000, initial_temperature = 3.0, cooling_rate = 0.999
26 - INFO - chord#: 140 done. best_score=70.0, changed=612, unchanged=356, early_stops=8/8
26 - INFO - chord#: 142 In build_straw_man_chord_sa. tolerance = 1, sa_iterations = 1000, initial_temperature = 3.0, cooling_rate = 0.999
26 - INFO - chord#: 140 done. best_score=75.0, changed=607, unchanged=268, early_stops=8/8
26 - INFO - chord#: 142 In build_straw_man_chord_sa. tolerance = 1, sa_iterations = 1000, initial_temperature = 3.0, cooling_rate = 0.999
26 - INFO - chord#: 108 done. best_score=27.0, changed=526, unchanged=316, early_stops=8/8
26 - INFO - chord#: 110 In build_straw_man_chord_sa. tolerance = 1, sa_iterations = 1000, initial_temperature = 3.0, cooling_rate = 0.999
26 - INFO - chord#: 140 done. best_score=70.0, changed=611, unchanged=338, early_stops=8/8
26 - INFO - chord#: 142 In build_straw_man_chord_sa. tolerance = 1, sa_iterations = 1000, initial_temperature = 3.0, cooling_rate = 0.999
26 - INFO - chord#: 112 done. best_score=67.0, changed=606, unchanged=311, early_stops=8/8
26 - INFO - chord#: 114 In build_straw_man_chord_sa. tolerance = 1, sa_iterations = 1000, initial_temperature = 3.0, cooling_rate = 0.999
26 - INFO - chord#: 134 done. best_score=74.0, changed=614, unchanged=266, early_stops=8/8
26 - INFO - chord#: 136 In build_straw_man_chord_sa. tolerance = 1, sa_iterations = 1000, initial_temperature = 3.0, cooling_rate = 0.999
26 - INFO - chord#: 142 done. best_score=27.0, changed=522, unchanged=388, early_stops=8/8
26 - INFO - chord#: 144 In build_straw_man_chord_sa. tolerance = 1, sa_iterations = 1000, initial_temperature = 3.0, cooling_rate = 0.999
26 - INFO - chord#: 142 done. best_score=27.0, changed=520, unchanged=420, early_stops=8/8
26 - INFO - chord#: 142 done. best_score=36.0, changed=526, unchanged=419, early_stops=8/8
26 - INFO - chord#: 144 In build_straw_man_chord_sa. tolerance = 1, sa_iterations = 1000, initial_temperature = 3.0, cooling_rate = 0.999
26 - INFO - chord#: 144 In build_straw_man_chord_sa. tolerance = 1, sa_iterations = 1000, initial_temperature = 3.0, cooling_rate = 0.999
26 - INFO - chord#: 112 done. best_score=67.0, changed=606, unchanged=215, early_stops=8/8
26 - INFO - chord#: 114 In build_straw_man_chord_sa. tolerance = 1, sa_iterations = 1000, initial_temperature = 3.0, cooling_rate = 0.999
26 - INFO - chord#: 142 done. best_score=27.0, changed=531, unchanged=489, early_stops=8/8
26 - INFO - chord#: 144 In build_straw_man_chord_sa. tolerance = 1, sa_iterations = 1000, initial_temperature = 3.0, cooling_rate = 0.999
26 - INFO - chord#: 110 done. best_score=27.0, changed=528, unchanged=362, early_stops=8/8
26 - INFO - chord#: 112 In build_straw_man_chord_sa. tolerance = 1, sa_iterations = 1000, initial_temperature = 3.0, cooling_rate = 0.999
26 - INFO - chord#: 112 done. best_score=67.0, changed=613, unchanged=374, early_stops=8/8
26 - INFO - chord#: 114 In build_straw_man_chord_sa. tolerance = 1, sa_iterations = 1000, initial_temperature = 3.0, cooling_rate = 0.999
26 - INFO - chord#: 144 done. best_score=71.0, changed=612, unchanged=396, early_stops=8/8
26 - INFO - chord#: 146 In build_straw_man_chord_sa. tolerance = 1, sa_iterations = 1000, initial_temperature = 3.0, cooling_rate = 0.999
26 - INFO - chord#: 136 done. best_score=27.0, changed=523, unchanged=405, early_stops=8/8
26 - INFO - chord#: 138 In build_straw_man_chord_sa. tolerance = 1, sa_iterations = 1000, initial_temperature = 3.0, cooling_rate = 0.999
26 - INFO - chord#: 114 done. best_score=36.0, changed=523, unchanged=295, early_stops=8/8
26 - INFO - chord#: 116 In build_straw_man_chord_sa. tolerance = 1, sa_iterations = 1000, initial_temperature = 3.0, cooling_rate = 0.999
26 - INFO - chord#: 114 done. best_score=36.0, changed=529, unchanged=393, early_stops=8/8
26 - INFO - chord#: 116 In build_straw_man_chord_sa. tolerance = 1, sa_iterations = 1000, initial_temperature = 3.0, cooling_rate = 0.999
26 - INFO - chord#: 146 done. best_score=35.0, changed=533, unchanged=394, early_stops=8/8
26 - INFO - chord#: 148 In build_straw_man_chord_sa. tolerance = 1, sa_iterations = 1000, initial_temperature = 3.0, cooling_rate = 0.999
26 - INFO - chord#: 112 done. best_score=137.0, changed=612, unchanged=274, early_stops=8/8
26 - INFO - chord#: 114 In build_straw_man_chord_sa. tolerance = 1, sa_iterations = 1000, initial_temperature = 3.0, cooling_rate = 0.999
26 - INFO - chord#: 112 done. best_score=119.0, changed=610, unchanged=313, early_stops=8/8
26 - INFO - chord#: 114 In build_straw_man_chord_sa. tolerance = 1, sa_iterations = 1000, initial_temperature = 3.0, cooling_rate = 0.999
26 - INFO - chord#: 114 done. best_score=36.0, changed=532, unchanged=383, early_stops=8/8
26 - INFO - chord#: 116 In build_straw_man_chord_sa. tolerance = 1, sa_iterations = 1000, initial_temperature = 3.0, cooling_rate = 0.999
26 - INFO - chord#: 144 done. best_score=64.0, changed=606, unchanged=254, early_stops=8/8
26 - INFO - chord#: 146 In build_straw_man_chord_sa. tolerance = 1, sa_iterations = 1000, initial_temperature = 3.0, cooling_rate = 0.999
26 - INFO - chord#: 144 done. best_score=154.0, changed=610, unchanged=298, early_stops=8/8
26 - INFO - chord#: 146 In build_straw_man_chord_sa. tolerance = 1, sa_iterations = 1000, initial_temperature = 3.0, cooling_rate = 0.999
26 - INFO - chord#: 116 done. best_score=31.0, changed=525, unchanged=368, early_stops=8/8
26 - INFO - chord#: 118 In build_straw_man_chord_sa. tolerance = 1, sa_iterations = 1000, initial_temperature = 3.0, cooling_rate = 0.999
26 - INFO - chord#: 144 done. best_score=195.0, changed=607, unchanged=282, early_stops=8/8
26 - INFO - chord#: 146 In build_straw_man_chord_sa. tolerance = 1, sa_iterations = 1000, initial_temperature = 3.0, cooling_rate = 0.999
26 - INFO - chord#: 144 done. best_score=146.0, changed=614, unchanged=414, early_stops=8/8
26 - INFO - chord#: 146 In build_straw_man_chord_sa. tolerance = 1, sa_iterations = 1000, initial_temperature = 3.0, cooling_rate = 0.999
26 - INFO - chord#: 148 done. best_score=27.0, changed=521, unchanged=457, early_stops=8/8
26 - INFO - chord#: 150 In build_straw_man_chord_sa. tolerance = 1, sa_iterations = 1000, initial_temperature = 3.0, cooling_rate = 0.999
26 - INFO - chord#: 116 done. best_score=31.0, changed=530, unchanged=429, early_stops=8/8
26 - INFO - chord#: 118 In build_straw_man_chord_sa. tolerance = 1, sa_iterations = 1000, initial_temperature = 3.0, cooling_rate = 0.999
26 - INFO - chord#: 114 done. best_score=47.0, changed=525, unchanged=333, early_stops=8/8
26 - INFO - chord#: 116 In build_straw_man_chord_sa. tolerance = 1, sa_iterations = 1000, initial_temperature = 3.0, cooling_rate = 0.999
26 - INFO - chord#: 114 done. best_score=36.0, changed=526, unchanged=395, early_stops=8/8
26 - INFO - chord#: 116 In build_straw_man_chord_sa. tolerance = 1, sa_iterations = 1000, initial_temperature = 3.0, cooling_rate = 0.999
26 - INFO - chord#: 138 done. best_score=137.0, changed=608, unchanged=249, early_stops=8/8
26 - INFO - chord#: 140 In build_straw_man_chord_sa. tolerance = 1, sa_iterations = 1000, initial_temperature = 3.0, cooling_rate = 0.999
26 - INFO - chord#: 146 done. best_score=67.0, changed=518, unchanged=333, early_stops=8/8
26 - INFO - chord#: 148 In build_straw_man_chord_sa. tolerance = 1, sa_iterations = 1000, initial_temperature = 3.0, cooling_rate = 0.999
26 - INFO - chord#: 146 done. best_score=37.0, changed=532, unchanged=300, early_stops=8/8
26 - INFO - chord#: 148 In build_straw_man_chord_sa. tolerance = 1, sa_iterations = 1000, initial_temperature = 3.0, cooling_rate = 0.999
26 - INFO - chord#: 112 done. best_score=67.0, changed=610, unchanged=247, early_stops=8/8
26 - INFO - chord#: 114 In build_straw_man_chord_sa. tolerance = 1, sa_iterations = 1000, initial_temperature = 3.0, cooling_rate = 0.999
26 - INFO - chord#: 146 done. best_score=37.0, changed=534, unchanged=318, early_stops=8/8
26 - INFO - chord#: 148 In build_straw_man_chord_sa. tolerance = 1, sa_iterations = 1000, initial_temperature = 3.0, cooling_rate = 0.999
26 - INFO - chord#: 116 done. best_score=31.0, changed=523, unchanged=394, early_stops=8/8
26 - INFO - chord#: 118 In build_straw_man_chord_sa. tolerance = 1, sa_iterations = 1000, initial_temperature = 3.0, cooling_rate = 0.999
26 - INFO - chord#: 118 done. best_score=27.0, changed=527, unchanged=412, early_stops=8/8
26 - INFO - chord#: 120 In build_straw_man_chord_sa. tolerance = 1, sa_iterations = 1000, initial_temperature = 3.0, cooling_rate = 0.999
26 - INFO - chord#: 146 done. best_score=35.0, changed=521, unchanged=376, early_stops=8/8
26 - INFO - chord#: 148 In build_straw_man_chord_sa. tolerance = 1, sa_iterations = 1000, initial_temperature = 3.0, cooling_rate = 0.999
26 - INFO - chord#: 150 done. best_score=27.0, changed=520, unchanged=341, early_stops=8/8
26 - INFO - chord#: 151 In build_straw_man_chord_sa. tolerance = 1, sa_iterations = 1000, initial_temperature = 3.0, cooling_rate = 0.999
26 - INFO - chord#: 118 done. best_score=27.0, changed=525, unchanged=394, early_stops=8/8
26 - INFO - chord#: 120 In build_straw_man_chord_sa. tolerance = 1, sa_iterations = 1000, initial_temperature = 3.0, cooling_rate = 0.999
26 - INFO - chord#: 116 done. best_score=58.0, changed=543, unchanged=268, early_stops=8/8
26 - INFO - chord#: 118 In build_straw_man_chord_sa. tolerance = 1, sa_iterations = 1000, initial_temperature = 3.0, cooling_rate = 0.999
26 - INFO - chord#: 148 done. best_score=27.0, changed=516, unchanged=398, early_stops=8/8
26 - INFO - chord#: 150 In build_straw_man_chord_sa. tolerance = 1, sa_iterations = 1000, initial_temperature = 3.0, cooling_rate = 0.999
26 - INFO - chord#: 114 done. best_score=36.0, changed=528, unchanged=326, early_stops=8/8
26 - INFO - chord#: 116 In build_straw_man_chord_sa. tolerance = 1, sa_iterations = 1000, initial_temperature = 3.0, cooling_rate = 0.999
26 - INFO - chord#: 148 done. best_score=27.0, changed=518, unchanged=388, early_stops=8/8
26 - INFO - chord#: 150 In build_straw_man_chord_sa. tolerance = 1, sa_iterations = 1000, initial_temperature = 3.0, cooling_rate = 0.999
26 - INFO - chord#: 148 done. best_score=27.0, changed=525, unchanged=549, early_stops=8/8
26 - INFO - chord#: 150 In build_straw_man_chord_sa. tolerance = 1, sa_iterations = 1000, initial_temperature = 3.0, cooling_rate = 0.999
26 - INFO - chord#: 118 done. best_score=27.0, changed=522, unchanged=312, early_stops=8/8
26 - INFO - chord#: 120 In build_straw_man_chord_sa. tolerance = 1, sa_iterations = 1000, initial_temperature = 3.0, cooling_rate = 0.999
26 - INFO - chord#: 116 done. best_score=31.0, changed=525, unchanged=407, early_stops=8/8
26 - INFO - chord#: 118 In build_straw_man_chord_sa. tolerance = 1, sa_iterations = 1000, initial_temperature = 3.0, cooling_rate = 0.999
26 - INFO - chord#: 120 done. best_score=27.0, changed=530, unchanged=383, early_stops=8/8
26 - INFO - chord#: 128 In build_straw_man_chord_sa. tolerance = 1, sa_iterations = 1000, initial_temperature = 3.0, cooling_rate = 0.999
26 - INFO - chord#: 148 done. best_score=27.0, changed=518, unchanged=372, early_stops=8/8
26 - INFO - chord#: 150 In build_straw_man_chord_sa. tolerance = 1, sa_iterations = 1000, initial_temperature = 3.0, cooling_rate = 0.999
26 - INFO - chord#: 150 done. best_score=27.0, changed=523, unchanged=387, early_stops=8/8
26 - INFO - chord#: 151 In build_straw_man_chord_sa. tolerance = 1, sa_iterations = 1000, initial_temperature = 3.0, cooling_rate = 0.999
26 - INFO - chord#: 150 done. best_score=27.0, changed=520, unchanged=354, early_stops=8/8
26 - INFO - chord#: 151 In build_straw_man_chord_sa. tolerance = 1, sa_iterations = 1000, initial_temperature = 3.0, cooling_rate = 0.999
26 - INFO - chord#: 140 done. best_score=70.0, changed=607, unchanged=236, early_stops=8/8
26 - INFO - chord#: 142 In build_straw_man_chord_sa. tolerance = 1, sa_iterations = 1000, initial_temperature = 3.0, cooling_rate = 0.999
26 - INFO - chord#: 120 done. best_score=27.0, changed=526, unchanged=413, early_stops=8/8
26 - INFO - chord#: 128 In build_straw_man_chord_sa. tolerance = 1, sa_iterations = 1000, initial_temperature = 3.0, cooling_rate = 0.999
26 - INFO - chord#: 150 done. best_score=27.0, changed=534, unchanged=404, early_stops=8/8
26 - INFO - chord#: 151 In build_straw_man_chord_sa. tolerance = 1, sa_iterations = 1000, initial_temperature = 3.0, cooling_rate = 0.999
26 - INFO - chord#: 116 done. best_score=31.0, changed=561, unchanged=270, early_stops=8/8
26 - INFO - chord#: 118 In build_straw_man_chord_sa. tolerance = 1, sa_iterations = 1000, initial_temperature = 3.0, cooling_rate = 0.999
26 - INFO - chord#: 118 done. best_score=27.0, changed=527, unchanged=413, early_stops=8/8
26 - INFO - chord#: 120 In build_straw_man_chord_sa. tolerance = 1, sa_iterations = 1000, initial_temperature = 3.0, cooling_rate = 0.999
26 - INFO - chord#: 120 done. best_score=27.0, changed=518, unchanged=361, early_stops=8/8
26 - INFO - chord#: 128 In build_straw_man_chord_sa. tolerance = 1, sa_iterations = 1000, initial_temperature = 3.0, cooling_rate = 0.999
26 - INFO - chord#: 118 done. best_score=27.0, changed=521, unchanged=310, early_stops=8/8
26 - INFO - chord#: 120 In build_straw_man_chord_sa. tolerance = 1, sa_iterations = 1000, initial_temperature = 3.0, cooling_rate = 0.999
26 - INFO - chord#: 150 done. best_score=27.0, changed=524, unchanged=371, early_stops=8/8
26 - INFO - chord#: 151 In build_straw_man_chord_sa. tolerance = 1, sa_iterations = 1000, initial_temperature = 3.0, cooling_rate = 0.999
26 - INFO - chord#: 128 done. best_score=27.0, changed=526, unchanged=353, early_stops=8/8
26 - INFO - chord#: 130 In build_straw_man_chord_sa. tolerance = 1, sa_iterations = 1000, initial_temperature = 3.0, cooling_rate = 0.999
26 - INFO - chord#: 151 done. best_score=137.0, changed=614, unchanged=327, early_stops=8/8
26 - INFO - chord#: 152 In build_straw_man_chord_sa. tolerance = 1, sa_iterations = 1000, initial_temperature = 3.0, cooling_rate = 0.999
26 - INFO - chord#: 142 done. best_score=27.0, changed=523, unchanged=481, early_stops=8/8
26 - INFO - chord#: 144 In build_straw_man_chord_sa. tolerance = 1, sa_iterations = 1000, initial_temperature = 3.0, cooling_rate = 0.999
26 - INFO - chord#: 128 done. best_score=27.0, changed=520, unchanged=338, early_stops=8/8
26 - INFO - chord#: 130 In build_straw_man_chord_sa. tolerance = 1, sa_iterations = 1000, initial_temperature = 3.0, cooling_rate = 0.999
26 - INFO - chord#: 118 done. best_score=27.0, changed=524, unchanged=456, early_stops=8/8
26 - INFO - chord#: 120 In build_straw_man_chord_sa. tolerance = 1, sa_iterations = 1000, initial_temperature = 3.0, cooling_rate = 0.999
26 - INFO - chord#: 120 done. best_score=27.0, changed=529, unchanged=461, early_stops=8/8
26 - INFO - chord#: 128 In build_straw_man_chord_sa. tolerance = 1, sa_iterations = 1000, initial_temperature = 3.0, cooling_rate = 0.999
26 - INFO - chord#: 128 done. best_score=27.0, changed=521, unchanged=350, early_stops=8/8
26 - INFO - chord#: 130 In build_straw_man_chord_sa. tolerance = 1, sa_iterations = 1000, initial_temperature = 3.0, cooling_rate = 0.999
26 - INFO - chord#: 120 done. best_score=27.0, changed=527, unchanged=433, early_stops=8/8
26 - INFO - chord#: 128 In build_straw_man_chord_sa. tolerance = 1, sa_iterations = 1000, initial_temperature = 3.0, cooling_rate = 0.999
26 - INFO - chord#: 152 done. best_score=27.0, changed=524, unchanged=356, early_stops=8/8
26 - INFO - chord#: 160 In build_straw_man_chord_sa. tolerance = 1, sa_iterations = 1000, initial_temperature = 3.0, cooling_rate = 0.999
26 - INFO - chord#: 151 done. best_score=67.0, changed=613, unchanged=334, early_stops=8/8
26 - INFO - chord#: 152 In build_straw_man_chord_sa. tolerance = 1, sa_iterations = 1000, initial_temperature = 3.0, cooling_rate = 0.999
26 - INFO - chord#: 151 done. best_score=67.0, changed=612, unchanged=296, early_stops=8/8
26 - INFO - chord#: 152 In build_straw_man_chord_sa. tolerance = 1, sa_iterations = 1000, initial_temperature = 3.0, cooling_rate = 0.999
26 - INFO - chord#: 151 done. best_score=67.0, changed=605, unchanged=218, early_stops=8/8
26 - INFO - chord#: 152 In build_straw_man_chord_sa. tolerance = 1, sa_iterations = 1000, initial_temperature = 3.0, cooling_rate = 0.999
26 - INFO - chord#: 151 done. best_score=67.0, changed=609, unchanged=331, early_stops=8/8
26 - INFO - chord#: 152 In build_straw_man_chord_sa. tolerance = 1, sa_iterations = 1000, initial_temperature = 3.0, cooling_rate = 0.999
26 - INFO - chord#: 128 done. best_score=27.0, changed=518, unchanged=340, early_stops=8/8
26 - INFO - chord#: 130 In build_straw_man_chord_sa. tolerance = 1, sa_iterations = 1000, initial_temperature = 3.0, cooling_rate = 0.999
26 - INFO - chord#: 120 done. best_score=27.0, changed=519, unchanged=365, early_stops=8/8
26 - INFO - chord#: 128 In build_straw_man_chord_sa. tolerance = 1, sa_iterations = 1000, initial_temperature = 3.0, cooling_rate = 0.999
26 - INFO - chord#: 128 done. best_score=27.0, changed=526, unchanged=415, early_stops=8/8
26 - INFO - chord#: 130 In build_straw_man_chord_sa. tolerance = 1, sa_iterations = 1000, initial_temperature = 3.0, cooling_rate = 0.999
26 - INFO - chord#: 152 done. best_score=27.0, changed=520, unchanged=309, early_stops=8/8
26 - INFO - chord#: 160 In build_straw_man_chord_sa. tolerance = 1, sa_iterations = 1000, initial_temperature = 3.0, cooling_rate = 0.999
26 - INFO - chord#: 144 done. best_score=64.0, changed=609, unchanged=277, early_stops=8/8
26 - INFO - chord#: 146 In build_straw_man_chord_sa. tolerance = 1, sa_iterations = 1000, initial_temperature = 3.0, cooling_rate = 0.999
26 - INFO - chord#: 152 done. best_score=27.0, changed=524, unchanged=325, early_stops=8/8
26 - INFO - chord#: 160 In build_straw_man_chord_sa. tolerance = 1, sa_iterations = 1000, initial_temperature = 3.0, cooling_rate = 0.999
26 - INFO - chord#: 152 done. best_score=27.0, changed=522, unchanged=329, early_stops=8/8
26 - INFO - chord#: 160 In build_straw_man_chord_sa. tolerance = 1, sa_iterations = 1000, initial_temperature = 3.0, cooling_rate = 0.999
26 - INFO - chord#: 152 done. best_score=27.0, changed=524, unchanged=400, early_stops=8/8
26 - INFO - chord#: 160 In build_straw_man_chord_sa. tolerance = 1, sa_iterations = 1000, initial_temperature = 3.0, cooling_rate = 0.999
26 - INFO - chord#: 128 done. best_score=27.0, changed=523, unchanged=367, early_stops=8/8
26 - INFO - chord#: 130 In build_straw_man_chord_sa. tolerance = 1, sa_iterations = 1000, initial_temperature = 3.0, cooling_rate = 0.999
26 - INFO - chord#: 130 done. best_score=137.0, changed=618, unchanged=384, early_stops=8/8
26 - INFO - chord#: 132 In build_straw_man_chord_sa. tolerance = 1, sa_iterations = 1000, initial_temperature = 3.0, cooling_rate = 0.999
26 - INFO - chord#: 146 done. best_score=37.0, changed=520, unchanged=310, early_stops=8/8
26 - INFO - chord#: 148 In build_straw_man_chord_sa. tolerance = 1, sa_iterations = 1000, initial_temperature = 3.0, cooling_rate = 0.999
26 - INFO - chord#: 130 done. best_score=67.0, changed=618, unchanged=324, early_stops=8/8
26 - INFO - chord#: 132 In build_straw_man_chord_sa. tolerance = 1, sa_iterations = 1000, initial_temperature = 3.0, cooling_rate = 0.999
26 - INFO - chord#: 130 done. best_score=67.0, changed=612, unchanged=291, early_stops=8/8
26 - INFO - chord#: 132 In build_straw_man_chord_sa. tolerance = 1, sa_iterations = 1000, initial_temperature = 3.0, cooling_rate = 0.999
26 - INFO - chord#: 160 done. best_score=67.0, changed=613, unchanged=395, early_stops=8/8
26 - INFO - chord#: 164 In build_straw_man_chord_sa. tolerance = 1, sa_iterations = 1000, initial_temperature = 3.0, cooling_rate = 0.999
26 - INFO - chord#: 148 done. best_score=27.0, changed=523, unchanged=443, early_stops=8/8
26 - INFO - chord#: 150 In build_straw_man_chord_sa. tolerance = 1, sa_iterations = 1000, initial_temperature = 3.0, cooling_rate = 0.999
26 - INFO - chord#: 130 done. best_score=140.0, changed=610, unchanged=220, early_stops=8/8
26 - INFO - chord#: 132 In build_straw_man_chord_sa. tolerance = 1, sa_iterations = 1000, initial_temperature = 3.0, cooling_rate = 0.999
26 - INFO - chord#: 132 done. best_score=27.0, changed=517, unchanged=391, early_stops=8/8
26 - INFO - chord#: 134 In build_straw_man_chord_sa. tolerance = 1, sa_iterations = 1000, initial_temperature = 3.0, cooling_rate = 0.999
26 - INFO - chord#: 160 done. best_score=157.0, changed=607, unchanged=234, early_stops=8/8
26 - INFO - chord#: 164 In build_straw_man_chord_sa. tolerance = 1, sa_iterations = 1000, initial_temperature = 3.0, cooling_rate = 0.999
26 - INFO - chord#: 160 done. best_score=125.0, changed=608, unchanged=321, early_stops=8/8
26 - INFO - chord#: 164 In build_straw_man_chord_sa. tolerance = 1, sa_iterations = 1000, initial_temperature = 3.0, cooling_rate = 0.999
26 - INFO - chord#: 132 done. best_score=27.0, changed=520, unchanged=433, early_stops=8/8
26 - INFO - chord#: 134 In build_straw_man_chord_sa. tolerance = 1, sa_iterations = 1000, initial_temperature = 3.0, cooling_rate = 0.999
26 - INFO - chord#: 160 done. best_score=157.0, changed=610, unchanged=262, early_stops=8/8
26 - INFO - chord#: 164 In build_straw_man_chord_sa. tolerance = 1, sa_iterations = 1000, initial_temperature = 3.0, cooling_rate = 0.999
26 - INFO - chord#: 132 done. best_score=27.0, changed=523, unchanged=539, early_stops=8/8
26 - INFO - chord#: 134 In build_straw_man_chord_sa. tolerance = 1, sa_iterations = 1000, initial_temperature = 3.0, cooling_rate = 0.999
26 - INFO - chord#: 164 done. best_score=27.0, changed=523, unchanged=506, early_stops=8/8
26 - INFO - chord#: 166 In build_straw_man_chord_sa. tolerance = 1, sa_iterations = 1000, initial_temperature = 3.0, cooling_rate = 0.999
26 - INFO - chord#: 160 done. best_score=157.0, changed=609, unchanged=388, early_stops=8/8
26 - INFO - chord#: 164 In build_straw_man_chord_sa. tolerance = 1, sa_iterations = 1000, initial_temperature = 3.0, cooling_rate = 0.999
26 - INFO - chord#: 130 done. best_score=67.0, changed=621, unchanged=333, early_stops=8/8
26 - INFO - chord#: 132 In build_straw_man_chord_sa. tolerance = 1, sa_iterations = 1000, initial_temperature = 3.0, cooling_rate = 0.999
26 - INFO - chord#: 150 done. best_score=27.0, changed=530, unchanged=375, early_stops=8/8
26 - INFO - chord#: 151 In build_straw_man_chord_sa. tolerance = 1, sa_iterations = 1000, initial_temperature = 3.0, cooling_rate = 0.999
26 - INFO - chord#: 164 done. best_score=27.0, changed=519, unchanged=480, early_stops=8/8
26 - INFO - chord#: 166 In build_straw_man_chord_sa. tolerance = 1, sa_iterations = 1000, initial_temperature = 3.0, cooling_rate = 0.999
26 - INFO - chord#: 132 done. best_score=27.0, changed=521, unchanged=410, early_stops=8/8
26 - INFO - chord#: 134 In build_straw_man_chord_sa. tolerance = 1, sa_iterations = 1000, initial_temperature = 3.0, cooling_rate = 0.999
26 - INFO - chord#: 164 done. best_score=27.0, changed=519, unchanged=614, early_stops=8/8
26 - INFO - chord#: 166 In build_straw_man_chord_sa. tolerance = 1, sa_iterations = 1000, initial_temperature = 3.0, cooling_rate = 0.999
26 - INFO - chord#: 164 done. best_score=27.0, changed=522, unchanged=468, early_stops=8/8
26 - INFO - chord#: 166 In build_straw_man_chord_sa. tolerance = 1, sa_iterations = 1000, initial_temperature = 3.0, cooling_rate = 0.999
26 - INFO - chord#: 164 done. best_score=27.0, changed=516, unchanged=311, early_stops=8/8
26 - INFO - chord#: 166 In build_straw_man_chord_sa. tolerance = 1, sa_iterations = 1000, initial_temperature = 3.0, cooling_rate = 0.999
26 - INFO - chord#: 130 done. best_score=67.0, changed=613, unchanged=332, early_stops=8/8
26 - INFO - chord#: 132 In build_straw_man_chord_sa. tolerance = 1, sa_iterations = 1000, initial_temperature = 3.0, cooling_rate = 0.999
26 - INFO - chord#: 132 done. best_score=27.0, changed=522, unchanged=406, early_stops=8/8
26 - INFO - chord#: 134 In build_straw_man_chord_sa. tolerance = 1, sa_iterations = 1000, initial_temperature = 3.0, cooling_rate = 0.999
26 - INFO - chord#: 134 done. best_score=74.0, changed=611, unchanged=286, early_stops=8/8
26 - INFO - chord#: 136 In build_straw_man_chord_sa. tolerance = 1, sa_iterations = 1000, initial_temperature = 3.0, cooling_rate = 0.999
26 - INFO - chord#: 166 done. best_score=78.0, changed=606, unchanged=373, early_stops=8/8
26 - INFO - chord#: 168 In build_straw_man_chord_sa. tolerance = 1, sa_iterations = 1000, initial_temperature = 3.0, cooling_rate = 0.999
26 - INFO - chord#: 132 done. best_score=27.0, changed=516, unchanged=411, early_stops=8/8
26 - INFO - chord#: 134 In build_straw_man_chord_sa. tolerance = 1, sa_iterations = 1000, initial_temperature = 3.0, cooling_rate = 0.999
26 - INFO - chord#: 151 done. best_score=96.0, changed=617, unchanged=308, early_stops=8/8
26 - INFO - chord#: 152 In build_straw_man_chord_sa. tolerance = 1, sa_iterations = 1000, initial_temperature = 3.0, cooling_rate = 0.999
26 - INFO - chord#: 134 done. best_score=74.0, changed=614, unchanged=319, early_stops=8/8
26 - INFO - chord#: 136 In build_straw_man_chord_sa. tolerance = 1, sa_iterations = 1000, initial_temperature = 3.0, cooling_rate = 0.999
26 - INFO - chord#: 134 done. best_score=74.0, changed=614, unchanged=322, early_stops=8/8
26 - INFO - chord#: 136 In build_straw_man_chord_sa. tolerance = 1, sa_iterations = 1000, initial_temperature = 3.0, cooling_rate = 0.999
26 - INFO - chord#: 134 done. best_score=121.0, changed=610, unchanged=222, early_stops=8/8
26 - INFO - chord#: 136 In build_straw_man_chord_sa. tolerance = 1, sa_iterations = 1000, initial_temperature = 3.0, cooling_rate = 0.999
26 - INFO - chord#: 166 done. best_score=78.0, changed=613, unchanged=356, early_stops=8/8
26 - INFO - chord#: 168 In build_straw_man_chord_sa. tolerance = 1, sa_iterations = 1000, initial_temperature = 3.0, cooling_rate = 0.999
26 - INFO - chord#: 166 done. best_score=137.0, changed=612, unchanged=337, early_stops=8/8
26 - INFO - chord#: 168 In build_straw_man_chord_sa. tolerance = 1, sa_iterations = 1000, initial_temperature = 3.0, cooling_rate = 0.999
26 - INFO - chord#: 136 done. best_score=27.0, changed=523, unchanged=428, early_stops=8/8
26 - INFO - chord#: 138 In build_straw_man_chord_sa. tolerance = 1, sa_iterations = 1000, initial_temperature = 3.0, cooling_rate = 0.999
26 - INFO - chord#: 166 done. best_score=78.0, changed=620, unchanged=476, early_stops=8/8
26 - INFO - chord#: 168 In build_straw_man_chord_sa. tolerance = 1, sa_iterations = 1000, initial_temperature = 3.0, cooling_rate = 0.999
26 - INFO - chord#: 152 done. best_score=27.0, changed=518, unchanged=334, early_stops=8/8
26 - INFO - chord#: 160 In build_straw_man_chord_sa. tolerance = 1, sa_iterations = 1000, initial_temperature = 3.0, cooling_rate = 0.999
26 - INFO - chord#: 166 done. best_score=119.0, changed=612, unchanged=291, early_stops=8/8
26 - INFO - chord#: 168 In build_straw_man_chord_sa. tolerance = 1, sa_iterations = 1000, initial_temperature = 3.0, cooling_rate = 0.999
26 - INFO - chord#: 168 done. best_score=27.0, changed=534, unchanged=402, early_stops=8/8
26 - INFO - chord#: 172 In build_straw_man_chord_sa. tolerance = 1, sa_iterations = 1000, initial_temperature = 3.0, cooling_rate = 0.999
26 - INFO - chord#: 136 done. best_score=27.0, changed=517, unchanged=396, early_stops=8/8
26 - INFO - chord#: 138 In build_straw_man_chord_sa. tolerance = 1, sa_iterations = 1000, initial_temperature = 3.0, cooling_rate = 0.999
26 - INFO - chord#: 134 done. best_score=74.0, changed=608, unchanged=228, early_stops=8/8
26 - INFO - chord#: 136 In build_straw_man_chord_sa. tolerance = 1, sa_iterations = 1000, initial_temperature = 3.0, cooling_rate = 0.999
26 - INFO - chord#: 136 done. best_score=27.0, changed=518, unchanged=344, early_stops=8/8
26 - INFO - chord#: 138 In build_straw_man_chord_sa. tolerance = 1, sa_iterations = 1000, initial_temperature = 3.0, cooling_rate = 0.999
26 - INFO - chord#: 168 done. best_score=27.0, changed=512, unchanged=304, early_stops=8/8
26 - INFO - chord#: 168 done. best_score=27.0, changed=522, unchanged=357, early_stops=8/8
26 - INFO - chord#: 172 In build_straw_man_chord_sa. tolerance = 1, sa_iterations = 1000, initial_temperature = 3.0, cooling_rate = 0.999
26 - INFO - chord#: 172 In build_straw_man_chord_sa. tolerance = 1, sa_iterations = 1000, initial_temperature = 3.0, cooling_rate = 0.999
26 - INFO - chord#: 168 done. best_score=27.0, changed=523, unchanged=442, early_stops=8/8
26 - INFO - chord#: 172 In build_straw_man_chord_sa. tolerance = 1, sa_iterations = 1000, initial_temperature = 3.0, cooling_rate = 0.999
26 - INFO - chord#: 136 done. best_score=27.0, changed=517, unchanged=385, early_stops=8/8
26 - INFO - chord#: 138 In build_straw_man_chord_sa. tolerance = 1, sa_iterations = 1000, initial_temperature = 3.0, cooling_rate = 0.999
26 - INFO - chord#: 168 done. best_score=27.0, changed=524, unchanged=464, early_stops=8/8
26 - INFO - chord#: 172 In build_straw_man_chord_sa. tolerance = 1, sa_iterations = 1000, initial_temperature = 3.0, cooling_rate = 0.999
26 - INFO - chord#: 134 done. best_score=96.0, changed=614, unchanged=305, early_stops=8/8
26 - INFO - chord#: 136 In build_straw_man_chord_sa. tolerance = 1, sa_iterations = 1000, initial_temperature = 3.0, cooling_rate = 0.999
26 - INFO - chord#: 136 done. best_score=27.0, changed=523, unchanged=499, early_stops=8/8
26 - INFO - chord#: 138 In build_straw_man_chord_sa. tolerance = 1, sa_iterations = 1000, initial_temperature = 3.0, cooling_rate = 0.999
26 - INFO - chord#: 160 done. best_score=67.0, changed=618, unchanged=332, early_stops=8/8
26 - INFO - chord#: 164 In build_straw_man_chord_sa. tolerance = 1, sa_iterations = 1000, initial_temperature = 3.0, cooling_rate = 0.999
26 - INFO - chord#: 138 done. best_score=67.0, changed=606, unchanged=296, early_stops=8/8
26 - INFO - chord#: 140 In build_straw_man_chord_sa. tolerance = 1, sa_iterations = 1000, initial_temperature = 3.0, cooling_rate = 0.999
26 - INFO - chord#: 172 done. best_score=146.0, changed=614, unchanged=443, early_stops=8/8
26 - INFO - chord#: 174 In build_straw_man_chord_sa. tolerance = 1, sa_iterations = 1000, initial_temperature = 3.0, cooling_rate = 0.999
26 - INFO - chord#: 136 done. best_score=27.0, changed=523, unchanged=336, early_stops=8/8
26 - INFO - chord#: 138 In build_straw_man_chord_sa. tolerance = 1, sa_iterations = 1000, initial_temperature = 3.0, cooling_rate = 0.999
26 - INFO - chord#: 172 done. best_score=82.0, changed=610, unchanged=357, early_stops=8/8
26 - INFO - chord#: 174 In build_straw_man_chord_sa. tolerance = 1, sa_iterations = 1000, initial_temperature = 3.0, cooling_rate = 0.999
26 - INFO - chord#: 172 done. best_score=82.0, changed=613, unchanged=350, early_stops=8/8
26 - INFO - chord#: 174 In build_straw_man_chord_sa. tolerance = 1, sa_iterations = 1000, initial_temperature = 3.0, cooling_rate = 0.999
26 - INFO - chord#: 172 done. best_score=82.0, changed=611, unchanged=379, early_stops=8/8
26 - INFO - chord#: 174 In build_straw_man_chord_sa. tolerance = 1, sa_iterations = 1000, initial_temperature = 3.0, cooling_rate = 0.999
26 - INFO - chord#: 172 done. best_score=120.0, changed=616, unchanged=401, early_stops=8/8
26 - INFO - chord#: 174 In build_straw_man_chord_sa. tolerance = 1, sa_iterations = 1000, initial_temperature = 3.0, cooling_rate = 0.999
26 - INFO - chord#: 164 done. best_score=27.0, changed=518, unchanged=348, early_stops=8/8
26 - INFO - chord#: 166 In build_straw_man_chord_sa. tolerance = 1, sa_iterations = 1000, initial_temperature = 3.0, cooling_rate = 0.999
26 - INFO - chord#: 138 done. best_score=125.0, changed=611, unchanged=302, early_stops=8/8
26 - INFO - chord#: 140 In build_straw_man_chord_sa. tolerance = 1, sa_iterations = 1000, initial_temperature = 3.0, cooling_rate = 0.999
26 - INFO - chord#: 174 done. best_score=27.0, changed=517, unchanged=418, early_stops=8/8
26 - INFO - chord#: 176 In build_straw_man_chord_sa. tolerance = 1, sa_iterations = 1000, initial_temperature = 3.0, cooling_rate = 0.999
26 - INFO - chord#: 138 done. best_score=78.0, changed=613, unchanged=305, early_stops=8/8
26 - INFO - chord#: 140 In build_straw_man_chord_sa. tolerance = 1, sa_iterations = 1000, initial_temperature = 3.0, cooling_rate = 0.999
26 - INFO - chord#: 174 done. best_score=27.0, changed=528, unchanged=446, early_stops=8/8
26 - INFO - chord#: 176 In build_straw_man_chord_sa. tolerance = 1, sa_iterations = 1000, initial_temperature = 3.0, cooling_rate = 0.999
26 - INFO - chord#: 174 done. best_score=27.0, changed=514, unchanged=370, early_stops=8/8
26 - INFO - chord#: 176 In build_straw_man_chord_sa. tolerance = 1, sa_iterations = 1000, initial_temperature = 3.0, cooling_rate = 0.999
26 - INFO - chord#: 174 done. best_score=27.0, changed=520, unchanged=384, early_stops=8/8
26 - INFO - chord#: 176 In build_straw_man_chord_sa. tolerance = 1, sa_iterations = 1000, initial_temperature = 3.0, cooling_rate = 0.999
26 - INFO - chord#: 138 done. best_score=78.0, changed=607, unchanged=213, early_stops=8/8
26 - INFO - chord#: 140 In build_straw_man_chord_sa. tolerance = 1, sa_iterations = 1000, initial_temperature = 3.0, cooling_rate = 0.999
26 - INFO - chord#: 174 done. best_score=27.0, changed=523, unchanged=383, early_stops=8/8
26 - INFO - chord#: 176 In build_straw_man_chord_sa. tolerance = 1, sa_iterations = 1000, initial_temperature = 3.0, cooling_rate = 0.999
26 - INFO - chord#: 138 done. best_score=67.0, changed=619, unchanged=664, early_stops=8/8
26 - INFO - chord#: 140 In build_straw_man_chord_sa. tolerance = 1, sa_iterations = 1000, initial_temperature = 3.0, cooling_rate = 0.999
26 - INFO - chord#: 138 done. best_score=140.0, changed=614, unchanged=221, early_stops=8/8
26 - INFO - chord#: 140 In build_straw_man_chord_sa. tolerance = 1, sa_iterations = 1000, initial_temperature = 3.0, cooling_rate = 0.999
26 - INFO - chord#: 176 done. best_score=67.0, changed=607, unchanged=205, early_stops=8/8
26 - INFO - chord#: 178 In build_straw_man_chord_sa. tolerance = 1, sa_iterations = 1000, initial_temperature = 3.0, cooling_rate = 0.999
26 - INFO - chord#: 166 done. best_score=96.0, changed=610, unchanged=279, early_stops=8/8
26 - INFO - chord#: 168 In build_straw_man_chord_sa. tolerance = 1, sa_iterations = 1000, initial_temperature = 3.0, cooling_rate = 0.999
26 - INFO - chord#: 140 done. best_score=70.0, changed=619, unchanged=462, early_stops=8/8
26 - INFO - chord#: 142 In build_straw_man_chord_sa. tolerance = 1, sa_iterations = 1000, initial_temperature = 3.0, cooling_rate = 0.999
26 - INFO - chord#: 176 done. best_score=137.0, changed=608, unchanged=298, early_stops=8/8
26 - INFO - chord#: 178 In build_straw_man_chord_sa. tolerance = 1, sa_iterations = 1000, initial_temperature = 3.0, cooling_rate = 0.999
26 - INFO - chord#: 176 done. best_score=67.0, changed=610, unchanged=314, early_stops=8/8
26 - INFO - chord#: 178 In build_straw_man_chord_sa. tolerance = 1, sa_iterations = 1000, initial_temperature = 3.0, cooling_rate = 0.999
26 - INFO - chord#: 176 done. best_score=67.0, changed=614, unchanged=312, early_stops=8/8
26 - INFO - chord#: 178 In build_straw_man_chord_sa. tolerance = 1, sa_iterations = 1000, initial_temperature = 3.0, cooling_rate = 0.999
26 - INFO - chord#: 178 done. best_score=35.0, changed=520, unchanged=341, early_stops=8/8
26 - INFO - chord#: 180 In build_straw_man_chord_sa. tolerance = 1, sa_iterations = 1000, initial_temperature = 3.0, cooling_rate = 0.999
26 - INFO - chord#: 140 done. best_score=138.0, changed=614, unchanged=235, early_stops=8/8
26 - INFO - chord#: 142 In build_straw_man_chord_sa. tolerance = 1, sa_iterations = 1000, initial_temperature = 3.0, cooling_rate = 0.999
26 - INFO - chord#: 176 done. best_score=67.0, changed=608, unchanged=276, early_stops=8/8
26 - INFO - chord#: 178 In build_straw_man_chord_sa. tolerance = 1, sa_iterations = 1000, initial_temperature = 3.0, cooling_rate = 0.999
26 - INFO - chord#: 140 done. best_score=105.0, changed=614, unchanged=369, early_stops=8/8
26 - INFO - chord#: 142 In build_straw_man_chord_sa. tolerance = 1, sa_iterations = 1000, initial_temperature = 3.0, cooling_rate = 0.999
26 - INFO - chord#: 168 done. best_score=57.0, changed=524, unchanged=365, early_stops=8/8
26 - INFO - chord#: 172 In build_straw_man_chord_sa. tolerance = 1, sa_iterations = 1000, initial_temperature = 3.0, cooling_rate = 0.999
26 - INFO - chord#: 140 done. best_score=75.0, changed=609, unchanged=248, early_stops=8/8
26 - INFO - chord#: 142 In build_straw_man_chord_sa. tolerance = 1, sa_iterations = 1000, initial_temperature = 3.0, cooling_rate = 0.999
26 - INFO - chord#: 178 done. best_score=35.0, changed=528, unchanged=317, early_stops=8/8
26 - INFO - chord#: 180 In build_straw_man_chord_sa. tolerance = 1, sa_iterations = 1000, initial_temperature = 3.0, cooling_rate = 0.999
26 - INFO - chord#: 140 done. best_score=70.0, changed=620, unchanged=367, early_stops=8/8
26 - INFO - chord#: 142 In build_straw_man_chord_sa. tolerance = 1, sa_iterations = 1000, initial_temperature = 3.0, cooling_rate = 0.999
26 - INFO - chord#: 178 done. best_score=35.0, changed=528, unchanged=319, early_stops=8/8
26 - INFO - chord#: 180 In build_straw_man_chord_sa. tolerance = 1, sa_iterations = 1000, initial_temperature = 3.0, cooling_rate = 0.999
26 - INFO - chord#: 178 done. best_score=35.0, changed=552, unchanged=339, early_stops=8/8
26 - INFO - chord#: 180 In build_straw_man_chord_sa. tolerance = 1, sa_iterations = 1000, initial_temperature = 3.0, cooling_rate = 0.999
26 - INFO - chord#: 178 done. best_score=35.0, changed=529, unchanged=510, early_stops=8/8
26 - INFO - chord#: 180 In build_straw_man_chord_sa. tolerance = 1, sa_iterations = 1000, initial_temperature = 3.0, cooling_rate = 0.999
26 - INFO - chord#: 142 done. best_score=27.0, changed=521, unchanged=420, early_stops=8/8
26 - INFO - chord#: 144 In build_straw_man_chord_sa. tolerance = 1, sa_iterations = 1000, initial_temperature = 3.0, cooling_rate = 0.999
26 - INFO - chord#: 180 done. best_score=27.0, changed=514, unchanged=419, early_stops=8/8
26 - INFO - chord#: 182 In build_straw_man_chord_sa. tolerance = 1, sa_iterations = 1000, initial_temperature = 3.0, cooling_rate = 0.999
26 - INFO - chord#: 142 done. best_score=27.0, changed=520, unchanged=427, early_stops=8/8
26 - INFO - chord#: 144 In build_straw_man_chord_sa. tolerance = 1, sa_iterations = 1000, initial_temperature = 3.0, cooling_rate = 0.999
26 - INFO - chord#: 142 done. best_score=36.0, changed=527, unchanged=394, early_stops=8/8
26 - INFO - chord#: 144 In build_straw_man_chord_sa. tolerance = 1, sa_iterations = 1000, initial_temperature = 3.0, cooling_rate = 0.999
26 - INFO - chord#: 140 done. best_score=70.0, changed=612, unchanged=308, early_stops=8/8
26 - INFO - chord#: 142 In build_straw_man_chord_sa. tolerance = 1, sa_iterations = 1000, initial_temperature = 3.0, cooling_rate = 0.999
26 - INFO - chord#: 142 done. best_score=36.0, changed=541, unchanged=460, early_stops=8/8
26 - INFO - chord#: 144 In build_straw_man_chord_sa. tolerance = 1, sa_iterations = 1000, initial_temperature = 3.0, cooling_rate = 0.999
26 - INFO - chord#: 180 done. best_score=27.0, changed=515, unchanged=359, early_stops=8/8
26 - INFO - chord#: 182 In build_straw_man_chord_sa. tolerance = 1, sa_iterations = 1000, initial_temperature = 3.0, cooling_rate = 0.999
26 - INFO - chord#: 180 done. best_score=27.0, changed=515, unchanged=406, early_stops=8/8
26 - INFO - chord#: 182 In build_straw_man_chord_sa. tolerance = 1, sa_iterations = 1000, initial_temperature = 3.0, cooling_rate = 0.999
26 - INFO - chord#: 182 done. best_score=27.0, changed=527, unchanged=432, early_stops=8/8
26 - INFO - chord#: 183 In build_straw_man_chord_sa. tolerance = 1, sa_iterations = 1000, initial_temperature = 3.0, cooling_rate = 0.999
26 - INFO - chord#: 180 done. best_score=27.0, changed=517, unchanged=477, early_stops=8/8
26 - INFO - chord#: 182 In build_straw_man_chord_sa. tolerance = 1, sa_iterations = 1000, initial_temperature = 3.0, cooling_rate = 0.999
26 - INFO - chord#: 180 done. best_score=27.0, changed=509, unchanged=470, early_stops=8/8
26 - INFO - chord#: 182 In build_straw_man_chord_sa. tolerance = 1, sa_iterations = 1000, initial_temperature = 3.0, cooling_rate = 0.999
26 - INFO - chord#: 142 done. best_score=27.0, changed=521, unchanged=354, early_stops=8/8
26 - INFO - chord#: 144 In build_straw_man_chord_sa. tolerance = 1, sa_iterations = 1000, initial_temperature = 3.0, cooling_rate = 0.999
26 - INFO - chord#: 172 done. best_score=146.0, changed=613, unchanged=355, early_stops=8/8
26 - INFO - chord#: 174 In build_straw_man_chord_sa. tolerance = 1, sa_iterations = 1000, initial_temperature = 3.0, cooling_rate = 0.999
26 - INFO - chord#: 182 done. best_score=27.0, changed=519, unchanged=349, early_stops=8/8
26 - INFO - chord#: 183 In build_straw_man_chord_sa. tolerance = 1, sa_iterations = 1000, initial_temperature = 3.0, cooling_rate = 0.999
26 - INFO - chord#: 142 done. best_score=27.0, changed=526, unchanged=469, early_stops=8/8
26 - INFO - chord#: 144 In build_straw_man_chord_sa. tolerance = 1, sa_iterations = 1000, initial_temperature = 3.0, cooling_rate = 0.999
26 - INFO - chord#: 182 done. best_score=27.0, changed=521, unchanged=364, early_stops=8/8
26 - INFO - chord#: 183 In build_straw_man_chord_sa. tolerance = 1, sa_iterations = 1000, initial_temperature = 3.0, cooling_rate = 0.999
26 - INFO - chord#: 182 done. best_score=27.0, changed=530, unchanged=446, early_stops=8/8
26 - INFO - chord#: 183 In build_straw_man_chord_sa. tolerance = 1, sa_iterations = 1000, initial_temperature = 3.0, cooling_rate = 0.999
26 - INFO - chord#: 182 done. best_score=27.0, changed=541, unchanged=509, early_stops=8/8
26 - INFO - chord#: 183 In build_straw_man_chord_sa. tolerance = 1, sa_iterations = 1000, initial_temperature = 3.0, cooling_rate = 0.999
26 - INFO - chord#: 174 done. best_score=27.0, changed=519, unchanged=424, early_stops=8/8
26 - INFO - chord#: 176 In build_straw_man_chord_sa. tolerance = 1, sa_iterations = 1000, initial_temperature = 3.0, cooling_rate = 0.999
26 - INFO - chord#: 144 done. best_score=195.0, changed=616, unchanged=267, early_stops=8/8
26 - INFO - chord#: 146 In build_straw_man_chord_sa. tolerance = 1, sa_iterations = 1000, initial_temperature = 3.0, cooling_rate = 0.999
26 - INFO - chord#: 183 done. best_score=96.0, changed=612, unchanged=242, early_stops=8/8
26 - INFO - chord#: 184 In build_straw_man_chord_sa. tolerance = 1, sa_iterations = 1000, initial_temperature = 3.0, cooling_rate = 0.999
26 - INFO - chord#: 144 done. best_score=64.0, changed=611, unchanged=410, early_stops=8/8
26 - INFO - chord#: 146 In build_straw_man_chord_sa. tolerance = 1, sa_iterations = 1000, initial_temperature = 3.0, cooling_rate = 0.999
26 - INFO - chord#: 144 done. best_score=146.0, changed=612, unchanged=243, early_stops=8/8
26 - INFO - chord#: 146 In build_straw_man_chord_sa. tolerance = 1, sa_iterations = 1000, initial_temperature = 3.0, cooling_rate = 0.999
26 - INFO - chord#: 144 done. best_score=146.0, changed=611, unchanged=384, early_stops=8/8
26 - INFO - chord#: 146 In build_straw_man_chord_sa. tolerance = 1, sa_iterations = 1000, initial_temperature = 3.0, cooling_rate = 0.999
26 - INFO - chord#: 184 done. best_score=27.0, changed=525, unchanged=384, early_stops=8/8
26 - INFO - chord#: 144 done. best_score=64.0, changed=611, unchanged=379, early_stops=8/8
26 - INFO - chord#: 146 In build_straw_man_chord_sa. tolerance = 1, sa_iterations = 1000, initial_temperature = 3.0, cooling_rate = 0.999
26 - INFO - chord#: 146 done. best_score=37.0, changed=532, unchanged=344, early_stops=8/8
26 - INFO - chord#: 148 In build_straw_man_chord_sa. tolerance = 1, sa_iterations = 1000, initial_temperature = 3.0, cooling_rate = 0.999
26 - INFO - chord#: 183 done. best_score=125.0, changed=607, unchanged=216, early_stops=8/8
26 - INFO - chord#: 184 In build_straw_man_chord_sa. tolerance = 1, sa_iterations = 1000, initial_temperature = 3.0, cooling_rate = 0.999
26 - INFO - chord#: 146 done. best_score=37.0, changed=531, unchanged=338, early_stops=8/8
26 - INFO - chord#: 148 In build_straw_man_chord_sa. tolerance = 1, sa_iterations = 1000, initial_temperature = 3.0, cooling_rate = 0.999
26 - INFO - chord#: 146 done. best_score=35.0, changed=523, unchanged=318, early_stops=8/8
26 - INFO - chord#: 148 In build_straw_man_chord_sa. tolerance = 1, sa_iterations = 1000, initial_temperature = 3.0, cooling_rate = 0.999
26 - INFO - chord#: 146 done. best_score=35.0, changed=530, unchanged=411, early_stops=8/8
26 - INFO - chord#: 148 In build_straw_man_chord_sa. tolerance = 1, sa_iterations = 1000, initial_temperature = 3.0, cooling_rate = 0.999
26 - INFO - chord#: 144 done. best_score=157.0, changed=614, unchanged=314, early_stops=8/8
26 - INFO - chord#: 146 In build_straw_man_chord_sa. tolerance = 1, sa_iterations = 1000, initial_temperature = 3.0, cooling_rate = 0.999
26 - INFO - chord#: 183 done. best_score=67.0, changed=615, unchanged=476, early_stops=8/8
26 - INFO - chord#: 184 In build_straw_man_chord_sa. tolerance = 1, sa_iterations = 1000, initial_temperature = 3.0, cooling_rate = 0.999
26 - INFO - chord#: 183 done. best_score=67.0, changed=615, unchanged=377, early_stops=8/8
26 - INFO - chord#: 184 In build_straw_man_chord_sa. tolerance = 1, sa_iterations = 1000, initial_temperature = 3.0, cooling_rate = 0.999
26 - INFO - chord#: 183 done. best_score=67.0, changed=617, unchanged=521, early_stops=8/8
26 - INFO - chord#: 184 In build_straw_man_chord_sa. tolerance = 1, sa_iterations = 1000, initial_temperature = 3.0, cooling_rate = 0.999
26 - INFO - chord#: 176 done. best_score=67.0, changed=615, unchanged=350, early_stops=8/8
26 - INFO - chord#: 178 In build_straw_man_chord_sa. tolerance = 1, sa_iterations = 1000, initial_temperature = 3.0, cooling_rate = 0.999
26 - INFO - chord#: 184 done. best_score=27.0, changed=525, unchanged=350, early_stops=8/8
26 - INFO - chord#: 146 done. best_score=37.0, changed=522, unchanged=312, early_stops=8/8
26 - INFO - chord#: 148 In build_straw_man_chord_sa. tolerance = 1, sa_iterations = 1000, initial_temperature = 3.0, cooling_rate = 0.999
26 - INFO - chord#: 148 done. best_score=27.0, changed=519, unchanged=407, early_stops=8/8
26 - INFO - chord#: 150 In build_straw_man_chord_sa. tolerance = 1, sa_iterations = 1000, initial_temperature = 3.0, cooling_rate = 0.999
26 - INFO - chord#: 184 done. best_score=27.0, changed=515, unchanged=345, early_stops=8/8
26 - INFO - chord#: 148 done. best_score=27.0, changed=527, unchanged=454, early_stops=8/8
26 - INFO - chord#: 150 In build_straw_man_chord_sa. tolerance = 1, sa_iterations = 1000, initial_temperature = 3.0, cooling_rate = 0.999
26 - INFO - chord#: 146 done. best_score=37.0, changed=542, unchanged=287, early_stops=8/8
26 - INFO - chord#: 148 In build_straw_man_chord_sa. tolerance = 1, sa_iterations = 1000, initial_temperature = 3.0, cooling_rate = 0.999
26 - INFO - chord#: 184 done. best_score=27.0, changed=515, unchanged=371, early_stops=8/8
26 - INFO - chord#: 148 done. best_score=27.0, changed=514, unchanged=392, early_stops=8/8
26 - INFO - chord#: 148 done. best_score=27.0, changed=520, unchanged=390, early_stops=8/8
26 - INFO - chord#: 150 In build_straw_man_chord_sa. tolerance = 1, sa_iterations = 1000, initial_temperature = 3.0, cooling_rate = 0.999
26 - INFO - chord#: 150 In build_straw_man_chord_sa. tolerance = 1, sa_iterations = 1000, initial_temperature = 3.0, cooling_rate = 0.999
26 - INFO - chord#: 184 done. best_score=27.0, changed=531, unchanged=467, early_stops=8/8
26 - INFO - chord#: 178 done. best_score=35.0, changed=544, unchanged=368, early_stops=8/8
26 - INFO - chord#: 180 In build_straw_man_chord_sa. tolerance = 1, sa_iterations = 1000, initial_temperature = 3.0, cooling_rate = 0.999
26 - INFO - chord#: 150 done. best_score=27.0, changed=522, unchanged=418, early_stops=8/8
26 - INFO - chord#: 151 In build_straw_man_chord_sa. tolerance = 1, sa_iterations = 1000, initial_temperature = 3.0, cooling_rate = 0.999
26 - INFO - chord#: 148 done. best_score=27.0, changed=515, unchanged=371, early_stops=8/8
26 - INFO - chord#: 150 In build_straw_man_chord_sa. tolerance = 1, sa_iterations = 1000, initial_temperature = 3.0, cooling_rate = 0.999
26 - INFO - chord#: 150 done. best_score=27.0, changed=522, unchanged=396, early_stops=8/8
26 - INFO - chord#: 151 In build_straw_man_chord_sa. tolerance = 1, sa_iterations = 1000, initial_temperature = 3.0, cooling_rate = 0.999
26 - INFO - chord#: 150 done. best_score=27.0, changed=516, unchanged=418, early_stops=8/8
26 - INFO - chord#: 151 In build_straw_man_chord_sa. tolerance = 1, sa_iterations = 1000, initial_temperature = 3.0, cooling_rate = 0.999
26 - INFO - chord#: 150 done. best_score=27.0, changed=527, unchanged=408, early_stops=8/8
26 - INFO - chord#: 151 In build_straw_man_chord_sa. tolerance = 1, sa_iterations = 1000, initial_temperature = 3.0, cooling_rate = 0.999
26 - INFO - chord#: 148 done. best_score=27.0, changed=528, unchanged=495, early_stops=8/8
26 - INFO - chord#: 150 In build_straw_man_chord_sa. tolerance = 1, sa_iterations = 1000, initial_temperature = 3.0, cooling_rate = 0.999
26 - INFO - chord#: 180 done. best_score=27.0, changed=521, unchanged=482, early_stops=8/8
26 - INFO - chord#: 182 In build_straw_man_chord_sa. tolerance = 1, sa_iterations = 1000, initial_temperature = 3.0, cooling_rate = 0.999
26 - INFO - chord#: 150 done. best_score=27.0, changed=527, unchanged=437, early_stops=8/8
26 - INFO - chord#: 151 In build_straw_man_chord_sa. tolerance = 1, sa_iterations = 1000, initial_temperature = 3.0, cooling_rate = 0.999
26 - INFO - chord#: 150 done. best_score=27.0, changed=518, unchanged=338, early_stops=8/8
26 - INFO - chord#: 151 In build_straw_man_chord_sa. tolerance = 1, sa_iterations = 1000, initial_temperature = 3.0, cooling_rate = 0.999
26 - INFO - chord#: 182 done. best_score=27.0, changed=530, unchanged=448, early_stops=8/8
26 - INFO - chord#: 183 In build_straw_man_chord_sa. tolerance = 1, sa_iterations = 1000, initial_temperature = 3.0, cooling_rate = 0.999
26 - INFO - chord#: 151 done. best_score=96.0, changed=616, unchanged=517, early_stops=8/8
26 - INFO - chord#: 152 In build_straw_man_chord_sa. tolerance = 1, sa_iterations = 1000, initial_temperature = 3.0, cooling_rate = 0.999
26 - INFO - chord#: 151 done. best_score=137.0, changed=613, unchanged=360, early_stops=8/8
26 - INFO - chord#: 152 In build_straw_man_chord_sa. tolerance = 1, sa_iterations = 1000, initial_temperature = 3.0, cooling_rate = 0.999
26 - INFO - chord#: 151 done. best_score=96.0, changed=613, unchanged=499, early_stops=8/8
26 - INFO - chord#: 152 In build_straw_man_chord_sa. tolerance = 1, sa_iterations = 1000, initial_temperature = 3.0, cooling_rate = 0.999
26 - INFO - chord#: 151 done. best_score=125.0, changed=616, unchanged=450, early_stops=8/8
26 - INFO - chord#: 152 In build_straw_man_chord_sa. tolerance = 1, sa_iterations = 1000, initial_temperature = 3.0, cooling_rate = 0.999
26 - INFO - chord#: 151 done. best_score=67.0, changed=616, unchanged=398, early_stops=8/8
26 - INFO - chord#: 152 In build_straw_man_chord_sa. tolerance = 1, sa_iterations = 1000, initial_temperature = 3.0, cooling_rate = 0.999
26 - INFO - chord#: 152 done. best_score=27.0, changed=523, unchanged=340, early_stops=8/8
26 - INFO - chord#: 160 In build_straw_man_chord_sa. tolerance = 1, sa_iterations = 1000, initial_temperature = 3.0, cooling_rate = 0.999
26 - INFO - chord#: 152 done. best_score=27.0, changed=522, unchanged=367, early_stops=8/8
26 - INFO - chord#: 160 In build_straw_man_chord_sa. tolerance = 1, sa_iterations = 1000, initial_temperature = 3.0, cooling_rate = 0.999
26 - INFO - chord#: 151 done. best_score=67.0, changed=613, unchanged=348, early_stops=8/8
26 - INFO - chord#: 152 In build_straw_man_chord_sa. tolerance = 1, sa_iterations = 1000, initial_temperature = 3.0, cooling_rate = 0.999
26 - INFO - chord#: 152 done. best_score=27.0, changed=513, unchanged=369, early_stops=8/8
26 - INFO - chord#: 160 In build_straw_man_chord_sa. tolerance = 1, sa_iterations = 1000, initial_temperature = 3.0, cooling_rate = 0.999
26 - INFO - chord#: 152 done. best_score=59.0, changed=524, unchanged=443, early_stops=8/8
26 - INFO - chord#: 160 In build_straw_man_chord_sa. tolerance = 1, sa_iterations = 1000, initial_temperature = 3.0, cooling_rate = 0.999
26 - INFO - chord#: 152 done. best_score=27.0, changed=527, unchanged=455, early_stops=8/8
26 - INFO - chord#: 160 In build_straw_man_chord_sa. tolerance = 1, sa_iterations = 1000, initial_temperature = 3.0, cooling_rate = 0.999
26 - INFO - chord#: 152 done. best_score=27.0, changed=522, unchanged=400, early_stops=8/8
26 - INFO - chord#: 160 In build_straw_man_chord_sa. tolerance = 1, sa_iterations = 1000, initial_temperature = 3.0, cooling_rate = 0.999
26 - INFO - chord#: 183 done. best_score=96.0, changed=612, unchanged=319, early_stops=8/8
26 - INFO - chord#: 184 In build_straw_man_chord_sa. tolerance = 1, sa_iterations = 1000, initial_temperature = 3.0, cooling_rate = 0.999
26 - INFO - chord#: 160 done. best_score=67.0, changed=609, unchanged=232, early_stops=8/8
26 - INFO - chord#: 164 In build_straw_man_chord_sa. tolerance = 1, sa_iterations = 1000, initial_temperature = 3.0, cooling_rate = 0.999
26 - INFO - chord#: 160 done. best_score=137.0, changed=613, unchanged=407, early_stops=8/8
26 - INFO - chord#: 164 In build_straw_man_chord_sa. tolerance = 1, sa_iterations = 1000, initial_temperature = 3.0, cooling_rate = 0.999
26 - INFO - chord#: 184 done. best_score=27.0, changed=525, unchanged=410, early_stops=8/8
26 - INFO - chord#: 160 done. best_score=67.0, changed=612, unchanged=301, early_stops=8/8
26 - INFO - chord#: 164 In build_straw_man_chord_sa. tolerance = 1, sa_iterations = 1000, initial_temperature = 3.0, cooling_rate = 0.999
26 - INFO - chord#: 160 done. best_score=78.0, changed=608, unchanged=233, early_stops=8/8
26 - INFO - chord#: 164 In build_straw_man_chord_sa. tolerance = 1, sa_iterations = 1000, initial_temperature = 3.0, cooling_rate = 0.999
26 - INFO - chord#: 164 done. best_score=27.0, changed=517, unchanged=395, early_stops=8/8
26 - INFO - chord#: 166 In build_straw_man_chord_sa. tolerance = 1, sa_iterations = 1000, initial_temperature = 3.0, cooling_rate = 0.999
26 - INFO - chord#: 164 done. best_score=27.0, changed=516, unchanged=355, early_stops=8/8
26 - INFO - chord#: 166 In build_straw_man_chord_sa. tolerance = 1, sa_iterations = 1000, initial_temperature = 3.0, cooling_rate = 0.999
26 - INFO - chord#: 160 done. best_score=78.0, changed=611, unchanged=415, early_stops=8/8
26 - INFO - chord#: 164 In build_straw_man_chord_sa. tolerance = 1, sa_iterations = 1000, initial_temperature = 3.0, cooling_rate = 0.999
26 - INFO - chord#: 164 done. best_score=27.0, changed=525, unchanged=442, early_stops=8/8
26 - INFO - chord#: 166 In build_straw_man_chord_sa. tolerance = 1, sa_iterations = 1000, initial_temperature = 3.0, cooling_rate = 0.999
26 - INFO - chord#: 160 done. best_score=137.0, changed=621, unchanged=492, early_stops=8/8
26 - INFO - chord#: 164 In build_straw_man_chord_sa. tolerance = 1, sa_iterations = 1000, initial_temperature = 3.0, cooling_rate = 0.999
26 - INFO - chord#: 164 done. best_score=27.0, changed=524, unchanged=467, early_stops=8/8
26 - INFO - chord#: 166 In build_straw_man_chord_sa. tolerance = 1, sa_iterations = 1000, initial_temperature = 3.0, cooling_rate = 0.999
26 - INFO - chord#: 164 done. best_score=27.0, changed=528, unchanged=387, early_stops=8/8
26 - INFO - chord#: 166 In build_straw_man_chord_sa. tolerance = 1, sa_iterations = 1000, initial_temperature = 3.0, cooling_rate = 0.999
26 - INFO - chord#: 164 done. best_score=27.0, changed=512, unchanged=375, early_stops=8/8
26 - INFO - chord#: 166 In build_straw_man_chord_sa. tolerance = 1, sa_iterations = 1000, initial_temperature = 3.0, cooling_rate = 0.999
26 - INFO - chord#: 166 done. best_score=78.0, changed=610, unchanged=266, early_stops=8/8
26 - INFO - chord#: 168 In build_straw_man_chord_sa. tolerance = 1, sa_iterations = 1000, initial_temperature = 3.0, cooling_rate = 0.999
26 - INFO - chord#: 166 done. best_score=140.0, changed=615, unchanged=295, early_stops=8/8
26 - INFO - chord#: 168 In build_straw_man_chord_sa. tolerance = 1, sa_iterations = 1000, initial_temperature = 3.0, cooling_rate = 0.999
26 - INFO - chord#: 166 done. best_score=119.0, changed=615, unchanged=372, early_stops=8/8
26 - INFO - chord#: 168 In build_straw_man_chord_sa. tolerance = 1, sa_iterations = 1000, initial_temperature = 3.0, cooling_rate = 0.999
26 - INFO - chord#: 168 done. best_score=27.0, changed=519, unchanged=361, early_stops=8/8
26 - INFO - chord#: 172 In build_straw_man_chord_sa. tolerance = 1, sa_iterations = 1000, initial_temperature = 3.0, cooling_rate = 0.999
26 - INFO - chord#: 168 done. best_score=27.0, changed=518, unchanged=313, early_stops=8/8
26 - INFO - chord#: 172 In build_straw_man_chord_sa. tolerance = 1, sa_iterations = 1000, initial_temperature = 3.0, cooling_rate = 0.999
26 - INFO - chord#: 166 done. best_score=96.0, changed=612, unchanged=306, early_stops=8/8
26 - INFO - chord#: 168 In build_straw_man_chord_sa. tolerance = 1, sa_iterations = 1000, initial_temperature = 3.0, cooling_rate = 0.999
26 - INFO - chord#: 166 done. best_score=78.0, changed=612, unchanged=320, early_stops=8/8
26 - INFO - chord#: 168 In build_straw_man_chord_sa. tolerance = 1, sa_iterations = 1000, initial_temperature = 3.0, cooling_rate = 0.999
26 - INFO - chord#: 168 done. best_score=27.0, changed=527, unchanged=456, early_stops=8/8
26 - INFO - chord#: 172 In build_straw_man_chord_sa. tolerance = 1, sa_iterations = 1000, initial_temperature = 3.0, cooling_rate = 0.999
26 - INFO - chord#: 166 done. best_score=140.0, changed=612, unchanged=330, early_stops=8/8
26 - INFO - chord#: 168 In build_straw_man_chord_sa. tolerance = 1, sa_iterations = 1000, initial_temperature = 3.0, cooling_rate = 0.999
26 - INFO - chord#: 168 done. best_score=57.0, changed=528, unchanged=334, early_stops=8/8
26 - INFO - chord#: 172 In build_straw_man_chord_sa. tolerance = 1, sa_iterations = 1000, initial_temperature = 3.0, cooling_rate = 0.999
26 - INFO - chord#: 168 done. best_score=36.0, changed=513, unchanged=310, early_stops=8/8
26 - INFO - chord#: 172 In build_straw_man_chord_sa. tolerance = 1, sa_iterations = 1000, initial_temperature = 3.0, cooling_rate = 0.999
26 - INFO - chord#: 168 done. best_score=27.0, changed=517, unchanged=317, early_stops=8/8
26 - INFO - chord#: 172 In build_straw_man_chord_sa. tolerance = 1, sa_iterations = 1000, initial_temperature = 3.0, cooling_rate = 0.999
26 - INFO - chord#: 172 done. best_score=124.0, changed=610, unchanged=373, early_stops=8/8
26 - INFO - chord#: 174 In build_straw_man_chord_sa. tolerance = 1, sa_iterations = 1000, initial_temperature = 3.0, cooling_rate = 0.999
26 - INFO - chord#: 172 done. best_score=120.0, changed=612, unchanged=503, early_stops=8/8
26 - INFO - chord#: 174 In build_straw_man_chord_sa. tolerance = 1, sa_iterations = 1000, initial_temperature = 3.0, cooling_rate = 0.999
26 - INFO - chord#: 172 done. best_score=97.0, changed=609, unchanged=322, early_stops=8/8
26 - INFO - chord#: 174 In build_straw_man_chord_sa. tolerance = 1, sa_iterations = 1000, initial_temperature = 3.0, cooling_rate = 0.999
26 - INFO - chord#: 174 done. best_score=27.0, changed=527, unchanged=473, early_stops=8/8
26 - INFO - chord#: 176 In build_straw_man_chord_sa. tolerance = 1, sa_iterations = 1000, initial_temperature = 3.0, cooling_rate = 0.999
26 - INFO - chord#: 172 done. best_score=82.0, changed=614, unchanged=411, early_stops=8/8
26 - INFO - chord#: 174 In build_straw_man_chord_sa. tolerance = 1, sa_iterations = 1000, initial_temperature = 3.0, cooling_rate = 0.999
26 - INFO - chord#: 172 done. best_score=82.0, changed=614, unchanged=326, early_stops=8/8
26 - INFO - chord#: 174 In build_straw_man_chord_sa. tolerance = 1, sa_iterations = 1000, initial_temperature = 3.0, cooling_rate = 0.999
26 - INFO - chord#: 174 done. best_score=27.0, changed=525, unchanged=378, early_stops=8/8
26 - INFO - chord#: 176 In build_straw_man_chord_sa. tolerance = 1, sa_iterations = 1000, initial_temperature = 3.0, cooling_rate = 0.999
26 - INFO - chord#: 174 done. best_score=27.0, changed=517, unchanged=347, early_stops=8/8
26 - INFO - chord#: 176 In build_straw_man_chord_sa. tolerance = 1, sa_iterations = 1000, initial_temperature = 3.0, cooling_rate = 0.999
26 - INFO - chord#: 172 done. best_score=82.0, changed=609, unchanged=300, early_stops=8/8
26 - INFO - chord#: 174 In build_straw_man_chord_sa. tolerance = 1, sa_iterations = 1000, initial_temperature = 3.0, cooling_rate = 0.999
26 - INFO - chord#: 174 done. best_score=27.0, changed=528, unchanged=467, early_stops=8/8
26 - INFO - chord#: 176 In build_straw_man_chord_sa. tolerance = 1, sa_iterations = 1000, initial_temperature = 3.0, cooling_rate = 0.999
26 - INFO - chord#: 174 done. best_score=27.0, changed=519, unchanged=430, early_stops=8/8
26 - INFO - chord#: 176 In build_straw_man_chord_sa. tolerance = 1, sa_iterations = 1000, initial_temperature = 3.0, cooling_rate = 0.999
26 - INFO - chord#: 174 done. best_score=27.0, changed=520, unchanged=415, early_stops=8/8
26 - INFO - chord#: 176 In build_straw_man_chord_sa. tolerance = 1, sa_iterations = 1000, initial_temperature = 3.0, cooling_rate = 0.999
26 - INFO - chord#: 176 done. best_score=67.0, changed=608, unchanged=381, early_stops=8/8
26 - INFO - chord#: 178 In build_straw_man_chord_sa. tolerance = 1, sa_iterations = 1000, initial_temperature = 3.0, cooling_rate = 0.999
26 - INFO - chord#: 176 done. best_score=137.0, changed=609, unchanged=315, early_stops=8/8
26 - INFO - chord#: 178 In build_straw_man_chord_sa. tolerance = 1, sa_iterations = 1000, initial_temperature = 3.0, cooling_rate = 0.999
26 - INFO - chord#: 176 done. best_score=67.0, changed=610, unchanged=266, early_stops=8/8
26 - INFO - chord#: 178 In build_straw_man_chord_sa. tolerance = 1, sa_iterations = 1000, initial_temperature = 3.0, cooling_rate = 0.999
26 - INFO - chord#: 178 done. best_score=35.0, changed=543, unchanged=277, early_stops=8/8
26 - INFO - chord#: 180 In build_straw_man_chord_sa. tolerance = 1, sa_iterations = 1000, initial_temperature = 3.0, cooling_rate = 0.999
26 - INFO - chord#: 178 done. best_score=35.0, changed=526, unchanged=327, early_stops=8/8
26 - INFO - chord#: 176 done. best_score=137.0, changed=617, unchanged=471, early_stops=8/8
26 - INFO - chord#: 180 In build_straw_man_chord_sa. tolerance = 1, sa_iterations = 1000, initial_temperature = 3.0, cooling_rate = 0.999
26 - INFO - chord#: 178 In build_straw_man_chord_sa. tolerance = 1, sa_iterations = 1000, initial_temperature = 3.0, cooling_rate = 0.999
26 - INFO - chord#: 176 done. best_score=67.0, changed=614, unchanged=428, early_stops=8/8
26 - INFO - chord#: 178 In build_straw_man_chord_sa. tolerance = 1, sa_iterations = 1000, initial_temperature = 3.0, cooling_rate = 0.999
26 - INFO - chord#: 178 done. best_score=35.0, changed=524, unchanged=298, early_stops=8/8
26 - INFO - chord#: 180 In build_straw_man_chord_sa. tolerance = 1, sa_iterations = 1000, initial_temperature = 3.0, cooling_rate = 0.999
26 - INFO - chord#: 176 done. best_score=67.0, changed=616, unchanged=409, early_stops=8/8
26 - INFO - chord#: 178 In build_straw_man_chord_sa. tolerance = 1, sa_iterations = 1000, initial_temperature = 3.0, cooling_rate = 0.999
26 - INFO - chord#: 180 done. best_score=27.0, changed=520, unchanged=404, early_stops=8/8
26 - INFO - chord#: 182 In build_straw_man_chord_sa. tolerance = 1, sa_iterations = 1000, initial_temperature = 3.0, cooling_rate = 0.999
26 - INFO - chord#: 178 done. best_score=35.0, changed=542, unchanged=334, early_stops=8/8
26 - INFO - chord#: 180 In build_straw_man_chord_sa. tolerance = 1, sa_iterations = 1000, initial_temperature = 3.0, cooling_rate = 0.999
26 - INFO - chord#: 180 done. best_score=27.0, changed=513, unchanged=457, early_stops=8/8
26 - INFO - chord#: 182 In build_straw_man_chord_sa. tolerance = 1, sa_iterations = 1000, initial_temperature = 3.0, cooling_rate = 0.999
26 - INFO - chord#: 178 done. best_score=35.0, changed=542, unchanged=308, early_stops=8/8
26 - INFO - chord#: 180 In build_straw_man_chord_sa. tolerance = 1, sa_iterations = 1000, initial_temperature = 3.0, cooling_rate = 0.999
26 - INFO - chord#: 178 done. best_score=35.0, changed=549, unchanged=257, early_stops=8/8
26 - INFO - chord#: 180 In build_straw_man_chord_sa. tolerance = 1, sa_iterations = 1000, initial_temperature = 3.0, cooling_rate = 0.999
26 - INFO - chord#: 180 done. best_score=27.0, changed=519, unchanged=442, early_stops=8/8
26 - INFO - chord#: 182 In build_straw_man_chord_sa. tolerance = 1, sa_iterations = 1000, initial_temperature = 3.0, cooling_rate = 0.999
26 - INFO - chord#: 182 done. best_score=27.0, changed=520, unchanged=385, early_stops=8/8
26 - INFO - chord#: 183 In build_straw_man_chord_sa. tolerance = 1, sa_iterations = 1000, initial_temperature = 3.0, cooling_rate = 0.999
26 - INFO - chord#: 180 done. best_score=27.0, changed=514, unchanged=375, early_stops=8/8
26 - INFO - chord#: 182 In build_straw_man_chord_sa. tolerance = 1, sa_iterations = 1000, initial_temperature = 3.0, cooling_rate = 0.999
26 - INFO - chord#: 182 done. best_score=27.0, changed=531, unchanged=452, early_stops=8/8
26 - INFO - chord#: 183 In build_straw_man_chord_sa. tolerance = 1, sa_iterations = 1000, initial_temperature = 3.0, cooling_rate = 0.999
26 - INFO - chord#: 180 done. best_score=27.0, changed=521, unchanged=396, early_stops=8/8
26 - INFO - chord#: 182 In build_straw_man_chord_sa. tolerance = 1, sa_iterations = 1000, initial_temperature = 3.0, cooling_rate = 0.999
26 - INFO - chord#: 180 done. best_score=27.0, changed=516, unchanged=442, early_stops=8/8
26 - INFO - chord#: 182 In build_straw_man_chord_sa. tolerance = 1, sa_iterations = 1000, initial_temperature = 3.0, cooling_rate = 0.999
26 - INFO - chord#: 182 done. best_score=27.0, changed=531, unchanged=374, early_stops=8/8
26 - INFO - chord#: 183 In build_straw_man_chord_sa. tolerance = 1, sa_iterations = 1000, initial_temperature = 3.0, cooling_rate = 0.999
26 - INFO - chord#: 182 done. best_score=27.0, changed=515, unchanged=399, early_stops=8/8
26 - INFO - chord#: 183 In build_straw_man_chord_sa. tolerance = 1, sa_iterations = 1000, initial_temperature = 3.0, cooling_rate = 0.999
26 - INFO - chord#: 182 done. best_score=27.0, changed=527, unchanged=425, early_stops=8/8
26 - INFO - chord#: 183 In build_straw_man_chord_sa. tolerance = 1, sa_iterations = 1000, initial_temperature = 3.0, cooling_rate = 0.999
26 - INFO - chord#: 182 done. best_score=27.0, changed=524, unchanged=301, early_stops=8/8
26 - INFO - chord#: 183 In build_straw_man_chord_sa. tolerance = 1, sa_iterations = 1000, initial_temperature = 3.0, cooling_rate = 0.999
26 - INFO - chord#: 183 done. best_score=67.0, changed=610, unchanged=263, early_stops=8/8
26 - INFO - chord#: 184 In build_straw_man_chord_sa. tolerance = 1, sa_iterations = 1000, initial_temperature = 3.0, cooling_rate = 0.999
26 - INFO - chord#: 183 done. best_score=162.0, changed=609, unchanged=235, early_stops=8/8
26 - INFO - chord#: 184 In build_straw_man_chord_sa. tolerance = 1, sa_iterations = 1000, initial_temperature = 3.0, cooling_rate = 0.999
26 - INFO - chord#: 184 done. best_score=27.0, changed=532, unchanged=450, early_stops=8/8
26 - INFO - chord#: 184 done. best_score=27.0, changed=514, unchanged=331, early_stops=8/8
26 - INFO - chord#: 183 done. best_score=67.0, changed=615, unchanged=290, early_stops=8/8
26 - INFO - chord#: 184 In build_straw_man_chord_sa. tolerance = 1, sa_iterations = 1000, initial_temperature = 3.0, cooling_rate = 0.999
26 - INFO - chord#: 183 done. best_score=137.0, changed=616, unchanged=446, early_stops=8/8
26 - INFO - chord#: 184 In build_straw_man_chord_sa. tolerance = 1, sa_iterations = 1000, initial_temperature = 3.0, cooling_rate = 0.999
26 - INFO - chord#: 183 done. best_score=214.0, changed=609, unchanged=300, early_stops=8/8
26 - INFO - chord#: 184 In build_straw_man_chord_sa. tolerance = 1, sa_iterations = 1000, initial_temperature = 3.0, cooling_rate = 0.999
26 - INFO - chord#: 183 done. best_score=67.0, changed=613, unchanged=296, early_stops=8/8
26 - INFO - chord#: 184 In build_straw_man_chord_sa. tolerance = 1, sa_iterations = 1000, initial_temperature = 3.0, cooling_rate = 0.999
26 - INFO - chord#: 184 done. best_score=27.0, changed=521, unchanged=361, early_stops=8/8
26 - INFO - chord#: 184 done. best_score=27.0, changed=522, unchanged=449, early_stops=8/8
26 - INFO - chord#: 184 done. best_score=27.0, changed=532, unchanged=386, early_stops=8/8
26 - INFO - chord#: 184 done. best_score=27.0, changed=519, unchanged=496, early_stops=8/8
26 - INFO - chord#: 0 In build_straw_man_chord_sa. tolerance = 1, sa_iterations = 1000, initial_temperature = 3.0, cooling_rate = 0.999
26 - INFO - chord#: 0 In build_straw_man_chord_sa. tolerance = 1, sa_iterations = 1000, initial_temperature = 3.0, cooling_rate = 0.999
26 - INFO - chord#: 0 In build_straw_man_chord_sa. tolerance = 1, sa_iterations = 1000, initial_temperature = 3.0, cooling_rate = 0.999
26 - INFO - chord#: 0 In build_straw_man_chord_sa. tolerance = 1, sa_iterations = 1000, initial_temperature = 3.0, cooling_rate = 0.999
26 - INFO - chord#: 0 In build_straw_man_chord_sa. tolerance = 1, sa_iterations = 1000, initial_temperature = 3.0, cooling_rate = 0.999
26 - INFO - chord#: 0 In build_straw_man_chord_sa. tolerance = 1, sa_iterations = 1000, initial_temperature = 3.0, cooling_rate = 0.999
26 - INFO - chord#: 0 In build_straw_man_chord_sa. tolerance = 1, sa_iterations = 1000, initial_temperature = 3.0, cooling_rate = 0.999
26 - INFO - chord#: 0 In build_straw_man_chord_sa. tolerance = 1, sa_iterations = 1000, initial_temperature = 3.0, cooling_rate = 0.999
26 - INFO - chord#: 0 In build_straw_man_chord_sa. tolerance = 1, sa_iterations = 1000, initial_temperature = 3.0, cooling_rate = 0.999
26 - INFO - chord#: 0 In build_straw_man_chord_sa. tolerance = 1, sa_iterations = 1000, initial_temperature = 3.0, cooling_rate = 0.999
26 - INFO - chord#: 0 In build_straw_man_chord_sa. tolerance = 1, sa_iterations = 1000, initial_temperature = 3.0, cooling_rate = 0.999
26 - INFO - chord#: 0 In build_straw_man_chord_sa. tolerance = 1, sa_iterations = 1000, initial_temperature = 3.0, cooling_rate = 0.999
26 - INFO - chord#: 0 done. best_score=36.0, changed=518, unchanged=360, early_stops=8/8
26 - INFO - chord#: 2 In build_straw_man_chord_sa. tolerance = 1, sa_iterations = 1000, initial_temperature = 3.0, cooling_rate = 0.999
26 - INFO - chord#: 0 done. best_score=27.0, changed=519, unchanged=406, early_stops=8/8
26 - INFO - chord#: 2 In build_straw_man_chord_sa. tolerance = 1, sa_iterations = 1000, initial_temperature = 3.0, cooling_rate = 0.999
26 - INFO - chord#: 0 done. best_score=27.0, changed=517, unchanged=448, early_stops=8/8
26 - INFO - chord#: 2 In build_straw_man_chord_sa. tolerance = 1, sa_iterations = 1000, initial_temperature = 3.0, cooling_rate = 0.999
26 - INFO - chord#: 0 done. best_score=27.0, changed=521, unchanged=449, early_stops=8/8
26 - INFO - chord#: 2 In build_straw_man_chord_sa. tolerance = 1, sa_iterations = 1000, initial_temperature = 3.0, cooling_rate = 0.999
26 - INFO - chord#: 0 done. best_score=27.0, changed=516, unchanged=439, early_stops=8/8
26 - INFO - chord#: 2 In build_straw_man_chord_sa. tolerance = 1, sa_iterations = 1000, initial_temperature = 3.0, cooling_rate = 0.999
26 - INFO - chord#: 0 done. best_score=27.0, changed=520, unchanged=337, early_stops=8/8
26 - INFO - chord#: 2 In build_straw_man_chord_sa. tolerance = 1, sa_iterations = 1000, initial_temperature = 3.0, cooling_rate = 0.999
26 - INFO - chord#: 0 done. best_score=27.0, changed=520, unchanged=417, early_stops=8/8
26 - INFO - chord#: 2 In build_straw_man_chord_sa. tolerance = 1, sa_iterations = 1000, initial_temperature = 3.0, cooling_rate = 0.999
26 - INFO - chord#: 0 done. best_score=27.0, changed=529, unchanged=601, early_stops=8/8
26 - INFO - chord#: 2 In build_straw_man_chord_sa. tolerance = 1, sa_iterations = 1000, initial_temperature = 3.0, cooling_rate = 0.999
26 - INFO - chord#: 0 done. best_score=27.0, changed=522, unchanged=431, early_stops=8/8
26 - INFO - chord#: 2 In build_straw_man_chord_sa. tolerance = 1, sa_iterations = 1000, initial_temperature = 3.0, cooling_rate = 0.999
26 - INFO - chord#: 0 done. best_score=27.0, changed=522, unchanged=477, early_stops=8/8
26 - INFO - chord#: 2 In build_straw_man_chord_sa. tolerance = 1, sa_iterations = 1000, initial_temperature = 3.0, cooling_rate = 0.999
26 - INFO - chord#: 0 done. best_score=27.0, changed=521, unchanged=534, early_stops=8/8
26 - INFO - chord#: 2 In build_straw_man_chord_sa. tolerance = 1, sa_iterations = 1000, initial_temperature = 3.0, cooling_rate = 0.999
26 - INFO - chord#: 0 done. best_score=27.0, changed=530, unchanged=541, early_stops=8/8
26 - INFO - chord#: 2 In build_straw_man_chord_sa. tolerance = 1, sa_iterations = 1000, initial_temperature = 3.0, cooling_rate = 0.999
26 - INFO - chord#: 2 done. best_score=173.0, changed=612, unchanged=254, early_stops=8/8
26 - INFO - chord#: 4 In build_straw_man_chord_sa. tolerance = 1, sa_iterations = 1000, initial_temperature = 3.0, cooling_rate = 0.999
26 - INFO - chord#: 2 done. best_score=82.0, changed=610, unchanged=250, early_stops=8/8
26 - INFO - chord#: 4 In build_straw_man_chord_sa. tolerance = 1, sa_iterations = 1000, initial_temperature = 3.0, cooling_rate = 0.999
26 - INFO - chord#: 2 done. best_score=97.0, changed=613, unchanged=305, early_stops=8/8
26 - INFO - chord#: 4 In build_straw_man_chord_sa. tolerance = 1, sa_iterations = 1000, initial_temperature = 3.0, cooling_rate = 0.999
26 - INFO - chord#: 2 done. best_score=82.0, changed=609, unchanged=336, early_stops=8/8
26 - INFO - chord#: 4 In build_straw_man_chord_sa. tolerance = 1, sa_iterations = 1000, initial_temperature = 3.0, cooling_rate = 0.999
26 - INFO - chord#: 2 done. best_score=97.0, changed=616, unchanged=415, early_stops=8/8
26 - INFO - chord#: 4 In build_straw_man_chord_sa. tolerance = 1, sa_iterations = 1000, initial_temperature = 3.0, cooling_rate = 0.999
26 - INFO - chord#: 2 done. best_score=82.0, changed=611, unchanged=249, early_stops=8/8
26 - INFO - chord#: 4 In build_straw_man_chord_sa. tolerance = 1, sa_iterations = 1000, initial_temperature = 3.0, cooling_rate = 0.999
26 - INFO - chord#: 2 done. best_score=82.0, changed=611, unchanged=298, early_stops=8/8
26 - INFO - chord#: 4 In build_straw_man_chord_sa. tolerance = 1, sa_iterations = 1000, initial_temperature = 3.0, cooling_rate = 0.999
26 - INFO - chord#: 4 done. best_score=36.0, changed=531, unchanged=391, early_stops=8/8
26 - INFO - chord#: 6 In build_straw_man_chord_sa. tolerance = 1, sa_iterations = 1000, initial_temperature = 3.0, cooling_rate = 0.999
26 - INFO - chord#: 2 done. best_score=82.0, changed=611, unchanged=266, early_stops=8/8
26 - INFO - chord#: 4 In build_straw_man_chord_sa. tolerance = 1, sa_iterations = 1000, initial_temperature = 3.0, cooling_rate = 0.999
26 - INFO - chord#: 4 done. best_score=27.0, changed=525, unchanged=402, early_stops=8/8
26 - INFO - chord#: 6 In build_straw_man_chord_sa. tolerance = 1, sa_iterations = 1000, initial_temperature = 3.0, cooling_rate = 0.999
26 - INFO - chord#: 2 done. best_score=90.0, changed=612, unchanged=368, early_stops=8/8
26 - INFO - chord#: 4 In build_straw_man_chord_sa. tolerance = 1, sa_iterations = 1000, initial_temperature = 3.0, cooling_rate = 0.999
26 - INFO - chord#: 2 done. best_score=97.0, changed=611, unchanged=302, early_stops=8/8
26 - INFO - chord#: 4 In build_straw_man_chord_sa. tolerance = 1, sa_iterations = 1000, initial_temperature = 3.0, cooling_rate = 0.999
26 - INFO - chord#: 2 done. best_score=82.0, changed=611, unchanged=346, early_stops=8/8
26 - INFO - chord#: 4 In build_straw_man_chord_sa. tolerance = 1, sa_iterations = 1000, initial_temperature = 3.0, cooling_rate = 0.999
26 - INFO - chord#: 4 done. best_score=27.0, changed=528, unchanged=359, early_stops=8/8
26 - INFO - chord#: 6 In build_straw_man_chord_sa. tolerance = 1, sa_iterations = 1000, initial_temperature = 3.0, cooling_rate = 0.999
26 - INFO - chord#: 4 done. best_score=27.0, changed=530, unchanged=376, early_stops=8/8
26 - INFO - chord#: 4 done. best_score=27.0, changed=522, unchanged=313, early_stops=8/8
26 - INFO - chord#: 6 In build_straw_man_chord_sa. tolerance = 1, sa_iterations = 1000, initial_temperature = 3.0, cooling_rate = 0.999
26 - INFO - chord#: 6 In build_straw_man_chord_sa. tolerance = 1, sa_iterations = 1000, initial_temperature = 3.0, cooling_rate = 0.999
26 - INFO - chord#: 2 done. best_score=82.0, changed=614, unchanged=393, early_stops=8/8
26 - INFO - chord#: 4 In build_straw_man_chord_sa. tolerance = 1, sa_iterations = 1000, initial_temperature = 3.0, cooling_rate = 0.999
26 - INFO - chord#: 4 done. best_score=27.0, changed=522, unchanged=448, early_stops=8/8
26 - INFO - chord#: 6 In build_straw_man_chord_sa. tolerance = 1, sa_iterations = 1000, initial_temperature = 3.0, cooling_rate = 0.999
26 - INFO - chord#: 4 done. best_score=27.0, changed=532, unchanged=338, early_stops=8/8
26 - INFO - chord#: 6 In build_straw_man_chord_sa. tolerance = 1, sa_iterations = 1000, initial_temperature = 3.0, cooling_rate = 0.999
26 - INFO - chord#: 4 done. best_score=27.0, changed=530, unchanged=384, early_stops=8/8
26 - INFO - chord#: 6 In build_straw_man_chord_sa. tolerance = 1, sa_iterations = 1000, initial_temperature = 3.0, cooling_rate = 0.999
26 - INFO - chord#: 4 done. best_score=27.0, changed=526, unchanged=376, early_stops=8/8
26 - INFO - chord#: 6 In build_straw_man_chord_sa. tolerance = 1, sa_iterations = 1000, initial_temperature = 3.0, cooling_rate = 0.999
26 - INFO - chord#: 4 done. best_score=27.0, changed=530, unchanged=311, early_stops=8/8
26 - INFO - chord#: 6 In build_straw_man_chord_sa. tolerance = 1, sa_iterations = 1000, initial_temperature = 3.0, cooling_rate = 0.999
26 - INFO - chord#: 4 done. best_score=27.0, changed=529, unchanged=396, early_stops=8/8
26 - INFO - chord#: 6 In build_straw_man_chord_sa. tolerance = 1, sa_iterations = 1000, initial_temperature = 3.0, cooling_rate = 0.999
26 - INFO - chord#: 4 done. best_score=27.0, changed=530, unchanged=322, early_stops=8/8
26 - INFO - chord#: 6 In build_straw_man_chord_sa. tolerance = 1, sa_iterations = 1000, initial_temperature = 3.0, cooling_rate = 0.999
26 - INFO - chord#: 6 done. best_score=82.0, changed=611, unchanged=287, early_stops=8/8
26 - INFO - chord#: 8 In build_straw_man_chord_sa. tolerance = 1, sa_iterations = 1000, initial_temperature = 3.0, cooling_rate = 0.999
26 - INFO - chord#: 6 done. best_score=146.0, changed=611, unchanged=324, early_stops=8/8
26 - INFO - chord#: 8 In build_straw_man_chord_sa. tolerance = 1, sa_iterations = 1000, initial_temperature = 3.0, cooling_rate = 0.999
26 - INFO - chord#: 6 done. best_score=82.0, changed=610, unchanged=339, early_stops=8/8
26 - INFO - chord#: 8 In build_straw_man_chord_sa. tolerance = 1, sa_iterations = 1000, initial_temperature = 3.0, cooling_rate = 0.999
26 - INFO - chord#: 6 done. best_score=82.0, changed=611, unchanged=282, early_stops=8/8
26 - INFO - chord#: 8 In build_straw_man_chord_sa. tolerance = 1, sa_iterations = 1000, initial_temperature = 3.0, cooling_rate = 0.999
26 - INFO - chord#: 6 done. best_score=82.0, changed=615, unchanged=359, early_stops=8/8
26 - INFO - chord#: 8 In build_straw_man_chord_sa. tolerance = 1, sa_iterations = 1000, initial_temperature = 3.0, cooling_rate = 0.999
26 - INFO - chord#: 8 done. best_score=27.0, changed=523, unchanged=316, early_stops=8/8
26 - INFO - chord#: 10 In build_straw_man_chord_sa. tolerance = 1, sa_iterations = 1000, initial_temperature = 3.0, cooling_rate = 0.999
26 - INFO - chord#: 8 done. best_score=27.0, changed=529, unchanged=350, early_stops=8/8
26 - INFO - chord#: 10 In build_straw_man_chord_sa. tolerance = 1, sa_iterations = 1000, initial_temperature = 3.0, cooling_rate = 0.999
26 - INFO - chord#: 8 done. best_score=27.0, changed=522, unchanged=308, early_stops=8/8
26 - INFO - chord#: 10 In build_straw_man_chord_sa. tolerance = 1, sa_iterations = 1000, initial_temperature = 3.0, cooling_rate = 0.999
26 - INFO - chord#: 6 done. best_score=82.0, changed=617, unchanged=411, early_stops=8/8
26 - INFO - chord#: 8 In build_straw_man_chord_sa. tolerance = 1, sa_iterations = 1000, initial_temperature = 3.0, cooling_rate = 0.999
26 - INFO - chord#: 6 done. best_score=82.0, changed=615, unchanged=238, early_stops=8/8
26 - INFO - chord#: 8 In build_straw_man_chord_sa. tolerance = 1, sa_iterations = 1000, initial_temperature = 3.0, cooling_rate = 0.999
26 - INFO - chord#: 8 done. best_score=27.0, changed=530, unchanged=345, early_stops=8/8
26 - INFO - chord#: 10 In build_straw_man_chord_sa. tolerance = 1, sa_iterations = 1000, initial_temperature = 3.0, cooling_rate = 0.999
26 - INFO - chord#: 8 done. best_score=27.0, changed=538, unchanged=364, early_stops=8/8
26 - INFO - chord#: 10 In build_straw_man_chord_sa. tolerance = 1, sa_iterations = 1000, initial_temperature = 3.0, cooling_rate = 0.999
26 - INFO - chord#: 6 done. best_score=90.0, changed=610, unchanged=266, early_stops=8/8
26 - INFO - chord#: 8 In build_straw_man_chord_sa. tolerance = 1, sa_iterations = 1000, initial_temperature = 3.0, cooling_rate = 0.999
26 - INFO - chord#: 6 done. best_score=82.0, changed=610, unchanged=244, early_stops=8/8
26 - INFO - chord#: 8 In build_straw_man_chord_sa. tolerance = 1, sa_iterations = 1000, initial_temperature = 3.0, cooling_rate = 0.999
26 - INFO - chord#: 6 done. best_score=97.0, changed=612, unchanged=379, early_stops=8/8
26 - INFO - chord#: 8 In build_straw_man_chord_sa. tolerance = 1, sa_iterations = 1000, initial_temperature = 3.0, cooling_rate = 0.999
26 - INFO - chord#: 8 done. best_score=27.0, changed=522, unchanged=331, early_stops=8/8
26 - INFO - chord#: 10 In build_straw_man_chord_sa. tolerance = 1, sa_iterations = 1000, initial_temperature = 3.0, cooling_rate = 0.999
26 - INFO - chord#: 6 done. best_score=82.0, changed=617, unchanged=379, early_stops=8/8
26 - INFO - chord#: 8 In build_straw_man_chord_sa. tolerance = 1, sa_iterations = 1000, initial_temperature = 3.0, cooling_rate = 0.999
26 - INFO - chord#: 6 done. best_score=82.0, changed=616, unchanged=423, early_stops=8/8
26 - INFO - chord#: 8 In build_straw_man_chord_sa. tolerance = 1, sa_iterations = 1000, initial_temperature = 3.0, cooling_rate = 0.999
26 - INFO - chord#: 8 done. best_score=27.0, changed=519, unchanged=295, early_stops=8/8
26 - INFO - chord#: 10 In build_straw_man_chord_sa. tolerance = 1, sa_iterations = 1000, initial_temperature = 3.0, cooling_rate = 0.999
26 - INFO - chord#: 8 done. best_score=27.0, changed=540, unchanged=377, early_stops=8/8
26 - INFO - chord#: 10 In build_straw_man_chord_sa. tolerance = 1, sa_iterations = 1000, initial_temperature = 3.0, cooling_rate = 0.999
26 - INFO - chord#: 8 done. best_score=27.0, changed=521, unchanged=328, early_stops=8/8
26 - INFO - chord#: 10 In build_straw_man_chord_sa. tolerance = 1, sa_iterations = 1000, initial_temperature = 3.0, cooling_rate = 0.999
26 - INFO - chord#: 8 done. best_score=27.0, changed=525, unchanged=328, early_stops=8/8
26 - INFO - chord#: 10 In build_straw_man_chord_sa. tolerance = 1, sa_iterations = 1000, initial_temperature = 3.0, cooling_rate = 0.999
26 - INFO - chord#: 10 done. best_score=104.0, changed=607, unchanged=309, early_stops=8/8
26 - INFO - chord#: 12 In build_straw_man_chord_sa. tolerance = 1, sa_iterations = 1000, initial_temperature = 3.0, cooling_rate = 0.999
26 - INFO - chord#: 8 done. best_score=27.0, changed=526, unchanged=337, early_stops=8/8
26 - INFO - chord#: 10 In build_straw_man_chord_sa. tolerance = 1, sa_iterations = 1000, initial_temperature = 3.0, cooling_rate = 0.999
26 - INFO - chord#: 10 done. best_score=64.0, changed=617, unchanged=253, early_stops=8/8
26 - INFO - chord#: 12 In build_straw_man_chord_sa. tolerance = 1, sa_iterations = 1000, initial_temperature = 3.0, cooling_rate = 0.999
26 - INFO - chord#: 10 done. best_score=64.0, changed=613, unchanged=337, early_stops=8/8
26 - INFO - chord#: 10 done. best_score=104.0, changed=614, unchanged=417, early_stops=8/8
26 - INFO - chord#: 12 In build_straw_man_chord_sa. tolerance = 1, sa_iterations = 1000, initial_temperature = 3.0, cooling_rate = 0.999
26 - INFO - chord#: 12 In build_straw_man_chord_sa. tolerance = 1, sa_iterations = 1000, initial_temperature = 3.0, cooling_rate = 0.999
26 - INFO - chord#: 8 done. best_score=27.0, changed=517, unchanged=396, early_stops=8/8
26 - INFO - chord#: 10 In build_straw_man_chord_sa. tolerance = 1, sa_iterations = 1000, initial_temperature = 3.0, cooling_rate = 0.999
26 - INFO - chord#: 10 done. best_score=64.0, changed=616, unchanged=477, early_stops=8/8
26 - INFO - chord#: 12 In build_straw_man_chord_sa. tolerance = 1, sa_iterations = 1000, initial_temperature = 3.0, cooling_rate = 0.999
26 - INFO - chord#: 10 done. best_score=64.0, changed=609, unchanged=257, early_stops=8/8
26 - INFO - chord#: 12 In build_straw_man_chord_sa. tolerance = 1, sa_iterations = 1000, initial_temperature = 3.0, cooling_rate = 0.999
26 - INFO - chord#: 12 done. best_score=74.0, changed=609, unchanged=247, early_stops=8/8
26 - INFO - chord#: 14 In build_straw_man_chord_sa. tolerance = 1, sa_iterations = 1000, initial_temperature = 3.0, cooling_rate = 0.999
26 - INFO - chord#: 10 done. best_score=64.0, changed=610, unchanged=224, early_stops=8/8
26 - INFO - chord#: 12 In build_straw_man_chord_sa. tolerance = 1, sa_iterations = 1000, initial_temperature = 3.0, cooling_rate = 0.999
26 - INFO - chord#: 12 done. best_score=74.0, changed=612, unchanged=211, early_stops=8/8
26 - INFO - chord#: 14 In build_straw_man_chord_sa. tolerance = 1, sa_iterations = 1000, initial_temperature = 3.0, cooling_rate = 0.999
26 - INFO - chord#: 12 done. best_score=74.0, changed=612, unchanged=288, early_stops=8/8
26 - INFO - chord#: 14 In build_straw_man_chord_sa. tolerance = 1, sa_iterations = 1000, initial_temperature = 3.0, cooling_rate = 0.999
26 - INFO - chord#: 10 done. best_score=146.0, changed=615, unchanged=226, early_stops=8/8
26 - INFO - chord#: 12 In build_straw_man_chord_sa. tolerance = 1, sa_iterations = 1000, initial_temperature = 3.0, cooling_rate = 0.999
26 - INFO - chord#: 10 done. best_score=64.0, changed=609, unchanged=242, early_stops=8/8
26 - INFO - chord#: 12 In build_straw_man_chord_sa. tolerance = 1, sa_iterations = 1000, initial_temperature = 3.0, cooling_rate = 0.999
26 - INFO - chord#: 10 done. best_score=64.0, changed=620, unchanged=474, early_stops=8/8
26 - INFO - chord#: 12 In build_straw_man_chord_sa. tolerance = 1, sa_iterations = 1000, initial_temperature = 3.0, cooling_rate = 0.999
26 - INFO - chord#: 10 done. best_score=104.0, changed=607, unchanged=227, early_stops=8/8
26 - INFO - chord#: 12 In build_straw_man_chord_sa. tolerance = 1, sa_iterations = 1000, initial_temperature = 3.0, cooling_rate = 0.999
26 - INFO - chord#: 12 done. best_score=74.0, changed=612, unchanged=283, early_stops=8/8
26 - INFO - chord#: 14 In build_straw_man_chord_sa. tolerance = 1, sa_iterations = 1000, initial_temperature = 3.0, cooling_rate = 0.999
26 - INFO - chord#: 12 done. best_score=168.0, changed=606, unchanged=236, early_stops=8/8
26 - INFO - chord#: 14 In build_straw_man_chord_sa. tolerance = 1, sa_iterations = 1000, initial_temperature = 3.0, cooling_rate = 0.999
26 - INFO - chord#: 12 done. best_score=74.0, changed=616, unchanged=490, early_stops=8/8
26 - INFO - chord#: 14 In build_straw_man_chord_sa. tolerance = 1, sa_iterations = 1000, initial_temperature = 3.0, cooling_rate = 0.999
26 - INFO - chord#: 14 done. best_score=27.0, changed=516, unchanged=296, early_stops=8/8
26 - INFO - chord#: 16 In build_straw_man_chord_sa. tolerance = 1, sa_iterations = 1000, initial_temperature = 3.0, cooling_rate = 0.999
26 - INFO - chord#: 10 done. best_score=64.0, changed=611, unchanged=405, early_stops=8/8
26 - INFO - chord#: 12 In build_straw_man_chord_sa. tolerance = 1, sa_iterations = 1000, initial_temperature = 3.0, cooling_rate = 0.999
26 - INFO - chord#: 14 done. best_score=27.0, changed=528, unchanged=364, early_stops=8/8
26 - INFO - chord#: 16 In build_straw_man_chord_sa. tolerance = 1, sa_iterations = 1000, initial_temperature = 3.0, cooling_rate = 0.999
26 - INFO - chord#: 14 done. best_score=27.0, changed=537, unchanged=294, early_stops=8/8
26 - INFO - chord#: 16 In build_straw_man_chord_sa. tolerance = 1, sa_iterations = 1000, initial_temperature = 3.0, cooling_rate = 0.999
26 - INFO - chord#: 14 done. best_score=27.0, changed=532, unchanged=301, early_stops=8/8
26 - INFO - chord#: 16 In build_straw_man_chord_sa. tolerance = 1, sa_iterations = 1000, initial_temperature = 3.0, cooling_rate = 0.999
26 - INFO - chord#: 14 done. best_score=27.0, changed=528, unchanged=371, early_stops=8/8
26 - INFO - chord#: 16 In build_straw_man_chord_sa. tolerance = 1, sa_iterations = 1000, initial_temperature = 3.0, cooling_rate = 0.999
26 - INFO - chord#: 14 done. best_score=27.0, changed=516, unchanged=314, early_stops=8/8
26 - INFO - chord#: 16 In build_straw_man_chord_sa. tolerance = 1, sa_iterations = 1000, initial_temperature = 3.0, cooling_rate = 0.999
26 - INFO - chord#: 16 done. best_score=27.0, changed=523, unchanged=397, early_stops=8/8
26 - INFO - chord#: 18 In build_straw_man_chord_sa. tolerance = 1, sa_iterations = 1000, initial_temperature = 3.0, cooling_rate = 0.999
26 - INFO - chord#: 16 done. best_score=27.0, changed=525, unchanged=440, early_stops=8/8
26 - INFO - chord#: 18 In build_straw_man_chord_sa. tolerance = 1, sa_iterations = 1000, initial_temperature = 3.0, cooling_rate = 0.999
26 - INFO - chord#: 16 done. best_score=27.0, changed=527, unchanged=449, early_stops=8/8
26 - INFO - chord#: 18 In build_straw_man_chord_sa. tolerance = 1, sa_iterations = 1000, initial_temperature = 3.0, cooling_rate = 0.999
26 - INFO - chord#: 16 done. best_score=27.0, changed=512, unchanged=399, early_stops=8/8
26 - INFO - chord#: 18 In build_straw_man_chord_sa. tolerance = 1, sa_iterations = 1000, initial_temperature = 3.0, cooling_rate = 0.999
26 - INFO - chord#: 16 done. best_score=27.0, changed=523, unchanged=326, early_stops=8/8
26 - INFO - chord#: 18 In build_straw_man_chord_sa. tolerance = 1, sa_iterations = 1000, initial_temperature = 3.0, cooling_rate = 0.999
26 - INFO - chord#: 16 done. best_score=27.0, changed=524, unchanged=465, early_stops=8/8
26 - INFO - chord#: 18 In build_straw_man_chord_sa. tolerance = 1, sa_iterations = 1000, initial_temperature = 3.0, cooling_rate = 0.999
26 - INFO - chord#: 12 done. best_score=74.0, changed=607, unchanged=248, early_stops=8/8
26 - INFO - chord#: 14 In build_straw_man_chord_sa. tolerance = 1, sa_iterations = 1000, initial_temperature = 3.0, cooling_rate = 0.999
26 - INFO - chord#: 12 done. best_score=74.0, changed=611, unchanged=300, early_stops=8/8
26 - INFO - chord#: 14 In build_straw_man_chord_sa. tolerance = 1, sa_iterations = 1000, initial_temperature = 3.0, cooling_rate = 0.999
26 - INFO - chord#: 12 done. best_score=74.0, changed=614, unchanged=392, early_stops=8/8
26 - INFO - chord#: 14 In build_straw_man_chord_sa. tolerance = 1, sa_iterations = 1000, initial_temperature = 3.0, cooling_rate = 0.999
26 - INFO - chord#: 12 done. best_score=74.0, changed=614, unchanged=485, early_stops=8/8
26 - INFO - chord#: 14 In build_straw_man_chord_sa. tolerance = 1, sa_iterations = 1000, initial_temperature = 3.0, cooling_rate = 0.999
26 - INFO - chord#: 18 done. best_score=64.0, changed=614, unchanged=241, early_stops=8/8
26 - INFO - chord#: 20 In build_straw_man_chord_sa. tolerance = 1, sa_iterations = 1000, initial_temperature = 3.0, cooling_rate = 0.999
26 - INFO - chord#: 12 done. best_score=74.0, changed=610, unchanged=338, early_stops=8/8
26 - INFO - chord#: 14 In build_straw_man_chord_sa. tolerance = 1, sa_iterations = 1000, initial_temperature = 3.0, cooling_rate = 0.999
26 - INFO - chord#: 12 done. best_score=96.0, changed=616, unchanged=444, early_stops=8/8
26 - INFO - chord#: 14 In build_straw_man_chord_sa. tolerance = 1, sa_iterations = 1000, initial_temperature = 3.0, cooling_rate = 0.999
26 - INFO - chord#: 14 done. best_score=27.0, changed=525, unchanged=300, early_stops=8/8
26 - INFO - chord#: 16 In build_straw_man_chord_sa. tolerance = 1, sa_iterations = 1000, initial_temperature = 3.0, cooling_rate = 0.999
26 - INFO - chord#: 14 done. best_score=27.0, changed=536, unchanged=326, early_stops=8/8
26 - INFO - chord#: 16 In build_straw_man_chord_sa. tolerance = 1, sa_iterations = 1000, initial_temperature = 3.0, cooling_rate = 0.999
26 - INFO - chord#: 18 done. best_score=64.0, changed=607, unchanged=282, early_stops=8/8
26 - INFO - chord#: 20 In build_straw_man_chord_sa. tolerance = 1, sa_iterations = 1000, initial_temperature = 3.0, cooling_rate = 0.999
26 - INFO - chord#: 14 done. best_score=27.0, changed=531, unchanged=302, early_stops=8/8
26 - INFO - chord#: 16 In build_straw_man_chord_sa. tolerance = 1, sa_iterations = 1000, initial_temperature = 3.0, cooling_rate = 0.999
26 - INFO - chord#: 18 done. best_score=104.0, changed=612, unchanged=255, early_stops=8/8
26 - INFO - chord#: 20 In build_straw_man_chord_sa. tolerance = 1, sa_iterations = 1000, initial_temperature = 3.0, cooling_rate = 0.999
26 - INFO - chord#: 18 done. best_score=64.0, changed=610, unchanged=218, early_stops=8/8
26 - INFO - chord#: 20 In build_straw_man_chord_sa. tolerance = 1, sa_iterations = 1000, initial_temperature = 3.0, cooling_rate = 0.999
26 - INFO - chord#: 18 done. best_score=64.0, changed=612, unchanged=303, early_stops=8/8
26 - INFO - chord#: 20 In build_straw_man_chord_sa. tolerance = 1, sa_iterations = 1000, initial_temperature = 3.0, cooling_rate = 0.999
26 - INFO - chord#: 18 done. best_score=64.0, changed=609, unchanged=312, early_stops=8/8
26 - INFO - chord#: 20 In build_straw_man_chord_sa. tolerance = 1, sa_iterations = 1000, initial_temperature = 3.0, cooling_rate = 0.999
26 - INFO - chord#: 20 done. best_score=27.0, changed=516, unchanged=340, early_stops=8/8
26 - INFO - chord#: 22 In build_straw_man_chord_sa. tolerance = 1, sa_iterations = 1000, initial_temperature = 3.0, cooling_rate = 0.999
26 - INFO - chord#: 14 done. best_score=27.0, changed=525, unchanged=318, early_stops=8/8
26 - INFO - chord#: 16 In build_straw_man_chord_sa. tolerance = 1, sa_iterations = 1000, initial_temperature = 3.0, cooling_rate = 0.999
26 - INFO - chord#: 14 done. best_score=27.0, changed=540, unchanged=344, early_stops=8/8
26 - INFO - chord#: 16 In build_straw_man_chord_sa. tolerance = 1, sa_iterations = 1000, initial_temperature = 3.0, cooling_rate = 0.999
26 - INFO - chord#: 14 done. best_score=27.0, changed=527, unchanged=335, early_stops=8/8
26 - INFO - chord#: 16 In build_straw_man_chord_sa. tolerance = 1, sa_iterations = 1000, initial_temperature = 3.0, cooling_rate = 0.999
26 - INFO - chord#: 16 done. best_score=27.0, changed=532, unchanged=475, early_stops=8/8
26 - INFO - chord#: 18 In build_straw_man_chord_sa. tolerance = 1, sa_iterations = 1000, initial_temperature = 3.0, cooling_rate = 0.999
26 - INFO - chord#: 16 done. best_score=27.0, changed=521, unchanged=310, early_stops=8/8
26 - INFO - chord#: 18 In build_straw_man_chord_sa. tolerance = 1, sa_iterations = 1000, initial_temperature = 3.0, cooling_rate = 0.999
26 - INFO - chord#: 16 done. best_score=27.0, changed=521, unchanged=452, early_stops=8/8
26 - INFO - chord#: 18 In build_straw_man_chord_sa. tolerance = 1, sa_iterations = 1000, initial_temperature = 3.0, cooling_rate = 0.999
26 - INFO - chord#: 20 done. best_score=27.0, changed=529, unchanged=558, early_stops=8/8
26 - INFO - chord#: 22 In build_straw_man_chord_sa. tolerance = 1, sa_iterations = 1000, initial_temperature = 3.0, cooling_rate = 0.999
26 - INFO - chord#: 20 done. best_score=27.0, changed=525, unchanged=499, early_stops=8/8
26 - INFO - chord#: 22 In build_straw_man_chord_sa. tolerance = 1, sa_iterations = 1000, initial_temperature = 3.0, cooling_rate = 0.999
26 - INFO - chord#: 20 done. best_score=27.0, changed=512, unchanged=368, early_stops=8/8
26 - INFO - chord#: 22 In build_straw_man_chord_sa. tolerance = 1, sa_iterations = 1000, initial_temperature = 3.0, cooling_rate = 0.999
26 - INFO - chord#: 20 done. best_score=27.0, changed=517, unchanged=415, early_stops=8/8
26 - INFO - chord#: 22 In build_straw_man_chord_sa. tolerance = 1, sa_iterations = 1000, initial_temperature = 3.0, cooling_rate = 0.999
26 - INFO - chord#: 22 done. best_score=27.0, changed=535, unchanged=464, early_stops=8/8
26 - INFO - chord#: 24 In build_straw_man_chord_sa. tolerance = 1, sa_iterations = 1000, initial_temperature = 3.0, cooling_rate = 0.999
26 - INFO - chord#: 20 done. best_score=27.0, changed=533, unchanged=730, early_stops=8/8
26 - INFO - chord#: 22 In build_straw_man_chord_sa. tolerance = 1, sa_iterations = 1000, initial_temperature = 3.0, cooling_rate = 0.999
26 - INFO - chord#: 16 done. best_score=27.0, changed=521, unchanged=312, early_stops=8/8
26 - INFO - chord#: 18 In build_straw_man_chord_sa. tolerance = 1, sa_iterations = 1000, initial_temperature = 3.0, cooling_rate = 0.999
26 - INFO - chord#: 16 done. best_score=27.0, changed=518, unchanged=465, early_stops=8/8
26 - INFO - chord#: 18 In build_straw_man_chord_sa. tolerance = 1, sa_iterations = 1000, initial_temperature = 3.0, cooling_rate = 0.999
26 - INFO - chord#: 16 done. best_score=27.0, changed=522, unchanged=390, early_stops=8/8
26 - INFO - chord#: 18 In build_straw_man_chord_sa. tolerance = 1, sa_iterations = 1000, initial_temperature = 3.0, cooling_rate = 0.999
26 - INFO - chord#: 22 done. best_score=27.0, changed=523, unchanged=297, early_stops=8/8
26 - INFO - chord#: 24 In build_straw_man_chord_sa. tolerance = 1, sa_iterations = 1000, initial_temperature = 3.0, cooling_rate = 0.999
26 - INFO - chord#: 22 done. best_score=27.0, changed=524, unchanged=342, early_stops=8/8
26 - INFO - chord#: 24 In build_straw_man_chord_sa. tolerance = 1, sa_iterations = 1000, initial_temperature = 3.0, cooling_rate = 0.999
26 - INFO - chord#: 22 done. best_score=27.0, changed=516, unchanged=347, early_stops=8/8
26 - INFO - chord#: 24 In build_straw_man_chord_sa. tolerance = 1, sa_iterations = 1000, initial_temperature = 3.0, cooling_rate = 0.999
26 - INFO - chord#: 22 done. best_score=27.0, changed=526, unchanged=397, early_stops=8/8
26 - INFO - chord#: 24 In build_straw_man_chord_sa. tolerance = 1, sa_iterations = 1000, initial_temperature = 3.0, cooling_rate = 0.999
26 - INFO - chord#: 24 done. best_score=27.0, changed=520, unchanged=335, early_stops=8/8
26 - INFO - chord#: 28 In build_straw_man_chord_sa. tolerance = 1, sa_iterations = 1000, initial_temperature = 3.0, cooling_rate = 0.999
26 - INFO - chord#: 22 done. best_score=27.0, changed=529, unchanged=402, early_stops=8/8
26 - INFO - chord#: 24 In build_straw_man_chord_sa. tolerance = 1, sa_iterations = 1000, initial_temperature = 3.0, cooling_rate = 0.999
26 - INFO - chord#: 24 done. best_score=27.0, changed=524, unchanged=404, early_stops=8/8
26 - INFO - chord#: 28 In build_straw_man_chord_sa. tolerance = 1, sa_iterations = 1000, initial_temperature = 3.0, cooling_rate = 0.999
26 - INFO - chord#: 18 done. best_score=64.0, changed=607, unchanged=217, early_stops=8/8
26 - INFO - chord#: 20 In build_straw_man_chord_sa. tolerance = 1, sa_iterations = 1000, initial_temperature = 3.0, cooling_rate = 0.999
26 - INFO - chord#: 24 done. best_score=27.0, changed=514, unchanged=416, early_stops=8/8
26 - INFO - chord#: 28 In build_straw_man_chord_sa. tolerance = 1, sa_iterations = 1000, initial_temperature = 3.0, cooling_rate = 0.999
26 - INFO - chord#: 24 done. best_score=27.0, changed=530, unchanged=495, early_stops=8/8
26 - INFO - chord#: 28 In build_straw_man_chord_sa. tolerance = 1, sa_iterations = 1000, initial_temperature = 3.0, cooling_rate = 0.999
26 - INFO - chord#: 24 done. best_score=27.0, changed=528, unchanged=463, early_stops=8/8
26 - INFO - chord#: 28 done. best_score=27.0, changed=517, unchanged=319, early_stops=8/8
26 - INFO - chord#: 28 In build_straw_man_chord_sa. tolerance = 1, sa_iterations = 1000, initial_temperature = 3.0, cooling_rate = 0.999
26 - INFO - chord#: 32 In build_straw_man_chord_sa. tolerance = 1, sa_iterations = 1000, initial_temperature = 3.0, cooling_rate = 0.999
26 - INFO - chord#: 24 done. best_score=27.0, changed=518, unchanged=338, early_stops=8/8
26 - INFO - chord#: 28 In build_straw_man_chord_sa. tolerance = 1, sa_iterations = 1000, initial_temperature = 3.0, cooling_rate = 0.999
26 - INFO - chord#: 18 done. best_score=64.0, changed=614, unchanged=395, early_stops=8/8
26 - INFO - chord#: 20 In build_straw_man_chord_sa. tolerance = 1, sa_iterations = 1000, initial_temperature = 3.0, cooling_rate = 0.999
26 - INFO - chord#: 28 done. best_score=27.0, changed=523, unchanged=318, early_stops=8/8
26 - INFO - chord#: 32 In build_straw_man_chord_sa. tolerance = 1, sa_iterations = 1000, initial_temperature = 3.0, cooling_rate = 0.999
26 - INFO - chord#: 18 done. best_score=64.0, changed=615, unchanged=382, early_stops=8/8
26 - INFO - chord#: 20 In build_straw_man_chord_sa. tolerance = 1, sa_iterations = 1000, initial_temperature = 3.0, cooling_rate = 0.999
26 - INFO - chord#: 28 done. best_score=27.0, changed=528, unchanged=357, early_stops=8/8
26 - INFO - chord#: 32 In build_straw_man_chord_sa. tolerance = 1, sa_iterations = 1000, initial_temperature = 3.0, cooling_rate = 0.999
26 - INFO - chord#: 28 done. best_score=27.0, changed=540, unchanged=410, early_stops=8/8
26 - INFO - chord#: 32 In build_straw_man_chord_sa. tolerance = 1, sa_iterations = 1000, initial_temperature = 3.0, cooling_rate = 0.999
26 - INFO - chord#: 32 done. best_score=27.0, changed=527, unchanged=356, early_stops=8/8
26 - INFO - chord#: 34 In build_straw_man_chord_sa. tolerance = 1, sa_iterations = 1000, initial_temperature = 3.0, cooling_rate = 0.999
26 - INFO - chord#: 28 done. best_score=27.0, changed=532, unchanged=359, early_stops=8/8
26 - INFO - chord#: 32 In build_straw_man_chord_sa. tolerance = 1, sa_iterations = 1000, initial_temperature = 3.0, cooling_rate = 0.999
26 - INFO - chord#: 20 done. best_score=27.0, changed=523, unchanged=404, early_stops=8/8
26 - INFO - chord#: 22 In build_straw_man_chord_sa. tolerance = 1, sa_iterations = 1000, initial_temperature = 3.0, cooling_rate = 0.999
26 - INFO - chord#: 18 done. best_score=64.0, changed=612, unchanged=356, early_stops=8/8
26 - INFO - chord#: 20 In build_straw_man_chord_sa. tolerance = 1, sa_iterations = 1000, initial_temperature = 3.0, cooling_rate = 0.999
26 - INFO - chord#: 28 done. best_score=27.0, changed=533, unchanged=363, early_stops=8/8
26 - INFO - chord#: 32 In build_straw_man_chord_sa. tolerance = 1, sa_iterations = 1000, initial_temperature = 3.0, cooling_rate = 0.999
26 - INFO - chord#: 18 done. best_score=64.0, changed=614, unchanged=397, early_stops=8/8
26 - INFO - chord#: 20 In build_straw_man_chord_sa. tolerance = 1, sa_iterations = 1000, initial_temperature = 3.0, cooling_rate = 0.999
26 - INFO - chord#: 32 done. best_score=27.0, changed=536, unchanged=292, early_stops=8/8
26 - INFO - chord#: 34 In build_straw_man_chord_sa. tolerance = 1, sa_iterations = 1000, initial_temperature = 3.0, cooling_rate = 0.999
26 - INFO - chord#: 18 done. best_score=64.0, changed=612, unchanged=379, early_stops=8/8
26 - INFO - chord#: 20 In build_straw_man_chord_sa. tolerance = 1, sa_iterations = 1000, initial_temperature = 3.0, cooling_rate = 0.999
26 - INFO - chord#: 32 done. best_score=27.0, changed=520, unchanged=378, early_stops=8/8
26 - INFO - chord#: 34 In build_straw_man_chord_sa. tolerance = 1, sa_iterations = 1000, initial_temperature = 3.0, cooling_rate = 0.999
26 - INFO - chord#: 32 done. best_score=27.0, changed=522, unchanged=342, early_stops=8/8
26 - INFO - chord#: 34 In build_straw_man_chord_sa. tolerance = 1, sa_iterations = 1000, initial_temperature = 3.0, cooling_rate = 0.999
26 - INFO - chord#: 32 done. best_score=27.0, changed=531, unchanged=372, early_stops=8/8
26 - INFO - chord#: 34 In build_straw_man_chord_sa. tolerance = 1, sa_iterations = 1000, initial_temperature = 3.0, cooling_rate = 0.999
26 - INFO - chord#: 20 done. best_score=27.0, changed=510, unchanged=421, early_stops=8/8
26 - INFO - chord#: 22 In build_straw_man_chord_sa. tolerance = 1, sa_iterations = 1000, initial_temperature = 3.0, cooling_rate = 0.999
26 - INFO - chord#: 32 done. best_score=27.0, changed=539, unchanged=430, early_stops=8/8
26 - INFO - chord#: 34 In build_straw_man_chord_sa. tolerance = 1, sa_iterations = 1000, initial_temperature = 3.0, cooling_rate = 0.999
26 - INFO - chord#: 20 done. best_score=27.0, changed=532, unchanged=614, early_stops=8/8
26 - INFO - chord#: 22 In build_straw_man_chord_sa. tolerance = 1, sa_iterations = 1000, initial_temperature = 3.0, cooling_rate = 0.999
26 - INFO - chord#: 22 done. best_score=27.0, changed=518, unchanged=479, early_stops=8/8
26 - INFO - chord#: 24 In build_straw_man_chord_sa. tolerance = 1, sa_iterations = 1000, initial_temperature = 3.0, cooling_rate = 0.999
26 - INFO - chord#: 20 done. best_score=27.0, changed=526, unchanged=575, early_stops=8/8
26 - INFO - chord#: 22 In build_straw_man_chord_sa. tolerance = 1, sa_iterations = 1000, initial_temperature = 3.0, cooling_rate = 0.999
26 - INFO - chord#: 20 done. best_score=27.0, changed=523, unchanged=385, early_stops=8/8
26 - INFO - chord#: 22 In build_straw_man_chord_sa. tolerance = 1, sa_iterations = 1000, initial_temperature = 3.0, cooling_rate = 0.999
26 - INFO - chord#: 20 done. best_score=27.0, changed=519, unchanged=549, early_stops=8/8
26 - INFO - chord#: 22 In build_straw_man_chord_sa. tolerance = 1, sa_iterations = 1000, initial_temperature = 3.0, cooling_rate = 0.999
26 - INFO - chord#: 22 done. best_score=27.0, changed=527, unchanged=381, early_stops=8/8
26 - INFO - chord#: 24 In build_straw_man_chord_sa. tolerance = 1, sa_iterations = 1000, initial_temperature = 3.0, cooling_rate = 0.999
26 - INFO - chord#: 34 done. best_score=70.0, changed=617, unchanged=439, early_stops=8/8
26 - INFO - chord#: 36 In build_straw_man_chord_sa. tolerance = 1, sa_iterations = 1000, initial_temperature = 3.0, cooling_rate = 0.999
26 - INFO - chord#: 22 done. best_score=27.0, changed=531, unchanged=418, early_stops=8/8
26 - INFO - chord#: 24 In build_straw_man_chord_sa. tolerance = 1, sa_iterations = 1000, initial_temperature = 3.0, cooling_rate = 0.999
26 - INFO - chord#: 24 done. best_score=27.0, changed=519, unchanged=359, early_stops=8/8
26 - INFO - chord#: 28 In build_straw_man_chord_sa. tolerance = 1, sa_iterations = 1000, initial_temperature = 3.0, cooling_rate = 0.999
26 - INFO - chord#: 22 done. best_score=27.0, changed=527, unchanged=365, early_stops=8/8
26 - INFO - chord#: 24 In build_straw_man_chord_sa. tolerance = 1, sa_iterations = 1000, initial_temperature = 3.0, cooling_rate = 0.999
26 - INFO - chord#: 22 done. best_score=27.0, changed=523, unchanged=397, early_stops=8/8
26 - INFO - chord#: 24 In build_straw_man_chord_sa. tolerance = 1, sa_iterations = 1000, initial_temperature = 3.0, cooling_rate = 0.999
26 - INFO - chord#: 34 done. best_score=70.0, changed=616, unchanged=475, early_stops=8/8
26 - INFO - chord#: 36 In build_straw_man_chord_sa. tolerance = 1, sa_iterations = 1000, initial_temperature = 3.0, cooling_rate = 0.999
26 - INFO - chord#: 22 done. best_score=27.0, changed=518, unchanged=365, early_stops=8/8
26 - INFO - chord#: 24 In build_straw_man_chord_sa. tolerance = 1, sa_iterations = 1000, initial_temperature = 3.0, cooling_rate = 0.999
26 - INFO - chord#: 34 done. best_score=70.0, changed=606, unchanged=311, early_stops=8/8
26 - INFO - chord#: 36 In build_straw_man_chord_sa. tolerance = 1, sa_iterations = 1000, initial_temperature = 3.0, cooling_rate = 0.999
26 - INFO - chord#: 34 done. best_score=70.0, changed=613, unchanged=315, early_stops=8/8
26 - INFO - chord#: 36 In build_straw_man_chord_sa. tolerance = 1, sa_iterations = 1000, initial_temperature = 3.0, cooling_rate = 0.999
26 - INFO - chord#: 36 done. best_score=27.0, changed=534, unchanged=418, early_stops=8/8
26 - INFO - chord#: 38 In build_straw_man_chord_sa. tolerance = 1, sa_iterations = 1000, initial_temperature = 3.0, cooling_rate = 0.999
26 - INFO - chord#: 34 done. best_score=70.0, changed=616, unchanged=396, early_stops=8/8
26 - INFO - chord#: 36 In build_straw_man_chord_sa. tolerance = 1, sa_iterations = 1000, initial_temperature = 3.0, cooling_rate = 0.999
26 - INFO - chord#: 24 done. best_score=27.0, changed=527, unchanged=506, early_stops=8/8
26 - INFO - chord#: 28 In build_straw_man_chord_sa. tolerance = 1, sa_iterations = 1000, initial_temperature = 3.0, cooling_rate = 0.999
26 - INFO - chord#: 34 done. best_score=70.0, changed=615, unchanged=412, early_stops=8/8
26 - INFO - chord#: 36 In build_straw_man_chord_sa. tolerance = 1, sa_iterations = 1000, initial_temperature = 3.0, cooling_rate = 0.999
26 - INFO - chord#: 24 done. best_score=27.0, changed=520, unchanged=460, early_stops=8/8
26 - INFO - chord#: 28 In build_straw_man_chord_sa. tolerance = 1, sa_iterations = 1000, initial_temperature = 3.0, cooling_rate = 0.999
26 - INFO - chord#: 28 done. best_score=27.0, changed=523, unchanged=308, early_stops=8/8
26 - INFO - chord#: 32 In build_straw_man_chord_sa. tolerance = 1, sa_iterations = 1000, initial_temperature = 3.0, cooling_rate = 0.999
26 - INFO - chord#: 36 done. best_score=27.0, changed=528, unchanged=327, early_stops=8/8
26 - INFO - chord#: 38 In build_straw_man_chord_sa. tolerance = 1, sa_iterations = 1000, initial_temperature = 3.0, cooling_rate = 0.999
26 - INFO - chord#: 24 done. best_score=27.0, changed=524, unchanged=411, early_stops=8/8
26 - INFO - chord#: 28 In build_straw_man_chord_sa. tolerance = 1, sa_iterations = 1000, initial_temperature = 3.0, cooling_rate = 0.999
26 - INFO - chord#: 36 done. best_score=27.0, changed=524, unchanged=390, early_stops=8/8
26 - INFO - chord#: 38 In build_straw_man_chord_sa. tolerance = 1, sa_iterations = 1000, initial_temperature = 3.0, cooling_rate = 0.999
26 - INFO - chord#: 36 done. best_score=27.0, changed=522, unchanged=411, early_stops=8/8
26 - INFO - chord#: 38 In build_straw_man_chord_sa. tolerance = 1, sa_iterations = 1000, initial_temperature = 3.0, cooling_rate = 0.999
26 - INFO - chord#: 24 done. best_score=27.0, changed=518, unchanged=342, early_stops=8/8
26 - INFO - chord#: 28 In build_straw_man_chord_sa. tolerance = 1, sa_iterations = 1000, initial_temperature = 3.0, cooling_rate = 0.999
26 - INFO - chord#: 36 done. best_score=27.0, changed=526, unchanged=338, early_stops=8/8
26 - INFO - chord#: 38 In build_straw_man_chord_sa. tolerance = 1, sa_iterations = 1000, initial_temperature = 3.0, cooling_rate = 0.999
26 - INFO - chord#: 24 done. best_score=27.0, changed=525, unchanged=473, early_stops=8/8
26 - INFO - chord#: 28 In build_straw_man_chord_sa. tolerance = 1, sa_iterations = 1000, initial_temperature = 3.0, cooling_rate = 0.999
26 - INFO - chord#: 36 done. best_score=27.0, changed=536, unchanged=431, early_stops=8/8
26 - INFO - chord#: 38 In build_straw_man_chord_sa. tolerance = 1, sa_iterations = 1000, initial_temperature = 3.0, cooling_rate = 0.999
26 - INFO - chord#: 28 done. best_score=27.0, changed=537, unchanged=313, early_stops=8/8
26 - INFO - chord#: 32 In build_straw_man_chord_sa. tolerance = 1, sa_iterations = 1000, initial_temperature = 3.0, cooling_rate = 0.999
26 - INFO - chord#: 28 done. best_score=27.0, changed=528, unchanged=332, early_stops=8/8
26 - INFO - chord#: 32 In build_straw_man_chord_sa. tolerance = 1, sa_iterations = 1000, initial_temperature = 3.0, cooling_rate = 0.999
26 - INFO - chord#: 32 done. best_score=27.0, changed=530, unchanged=389, early_stops=8/8
26 - INFO - chord#: 34 In build_straw_man_chord_sa. tolerance = 1, sa_iterations = 1000, initial_temperature = 3.0, cooling_rate = 0.999
26 - INFO - chord#: 38 done. best_score=64.0, changed=607, unchanged=216, early_stops=8/8
26 - INFO - chord#: 40 In build_straw_man_chord_sa. tolerance = 1, sa_iterations = 1000, initial_temperature = 3.0, cooling_rate = 0.999
26 - INFO - chord#: 28 done. best_score=27.0, changed=518, unchanged=333, early_stops=8/8
26 - INFO - chord#: 32 In build_straw_man_chord_sa. tolerance = 1, sa_iterations = 1000, initial_temperature = 3.0, cooling_rate = 0.999
26 - INFO - chord#: 28 done. best_score=27.0, changed=532, unchanged=366, early_stops=8/8
26 - INFO - chord#: 32 In build_straw_man_chord_sa. tolerance = 1, sa_iterations = 1000, initial_temperature = 3.0, cooling_rate = 0.999
26 - INFO - chord#: 28 done. best_score=27.0, changed=525, unchanged=323, early_stops=8/8
26 - INFO - chord#: 32 In build_straw_man_chord_sa. tolerance = 1, sa_iterations = 1000, initial_temperature = 3.0, cooling_rate = 0.999
26 - INFO - chord#: 32 done. best_score=27.0, changed=520, unchanged=313, early_stops=8/8
26 - INFO - chord#: 34 In build_straw_man_chord_sa. tolerance = 1, sa_iterations = 1000, initial_temperature = 3.0, cooling_rate = 0.999
26 - INFO - chord#: 40 done. best_score=35.0, changed=523, unchanged=337, early_stops=8/8
26 - INFO - chord#: 42 In build_straw_man_chord_sa. tolerance = 1, sa_iterations = 1000, initial_temperature = 3.0, cooling_rate = 0.999
26 - INFO - chord#: 32 done. best_score=27.0, changed=526, unchanged=373, early_stops=8/8
26 - INFO - chord#: 34 In build_straw_man_chord_sa. tolerance = 1, sa_iterations = 1000, initial_temperature = 3.0, cooling_rate = 0.999
26 - INFO - chord#: 38 done. best_score=64.0, changed=620, unchanged=310, early_stops=8/8
26 - INFO - chord#: 40 In build_straw_man_chord_sa. tolerance = 1, sa_iterations = 1000, initial_temperature = 3.0, cooling_rate = 0.999
26 - INFO - chord#: 38 done. best_score=64.0, changed=619, unchanged=296, early_stops=8/8
26 - INFO - chord#: 40 In build_straw_man_chord_sa. tolerance = 1, sa_iterations = 1000, initial_temperature = 3.0, cooling_rate = 0.999
26 - INFO - chord#: 38 done. best_score=64.0, changed=614, unchanged=333, early_stops=8/8
26 - INFO - chord#: 40 In build_straw_man_chord_sa. tolerance = 1, sa_iterations = 1000, initial_temperature = 3.0, cooling_rate = 0.999
26 - INFO - chord#: 32 done. best_score=27.0, changed=529, unchanged=345, early_stops=8/8
26 - INFO - chord#: 34 In build_straw_man_chord_sa. tolerance = 1, sa_iterations = 1000, initial_temperature = 3.0, cooling_rate = 0.999
26 - INFO - chord#: 38 done. best_score=64.0, changed=610, unchanged=245, early_stops=8/8
26 - INFO - chord#: 40 In build_straw_man_chord_sa. tolerance = 1, sa_iterations = 1000, initial_temperature = 3.0, cooling_rate = 0.999
26 - INFO - chord#: 38 done. best_score=64.0, changed=611, unchanged=347, early_stops=8/8
26 - INFO - chord#: 40 In build_straw_man_chord_sa. tolerance = 1, sa_iterations = 1000, initial_temperature = 3.0, cooling_rate = 0.999
26 - INFO - chord#: 32 done. best_score=27.0, changed=523, unchanged=334, early_stops=8/8
26 - INFO - chord#: 34 In build_straw_man_chord_sa. tolerance = 1, sa_iterations = 1000, initial_temperature = 3.0, cooling_rate = 0.999
26 - INFO - chord#: 32 done. best_score=27.0, changed=518, unchanged=334, early_stops=8/8
26 - INFO - chord#: 34 In build_straw_man_chord_sa. tolerance = 1, sa_iterations = 1000, initial_temperature = 3.0, cooling_rate = 0.999
26 - INFO - chord#: 40 done. best_score=35.0, changed=518, unchanged=345, early_stops=8/8
26 - INFO - chord#: 42 In build_straw_man_chord_sa. tolerance = 1, sa_iterations = 1000, initial_temperature = 3.0, cooling_rate = 0.999
26 - INFO - chord#: 42 done. best_score=36.0, changed=527, unchanged=443, early_stops=8/8
26 - INFO - chord#: 44 In build_straw_man_chord_sa. tolerance = 1, sa_iterations = 1000, initial_temperature = 3.0, cooling_rate = 0.999
26 - INFO - chord#: 40 done. best_score=35.0, changed=520, unchanged=375, early_stops=8/8
26 - INFO - chord#: 42 In build_straw_man_chord_sa. tolerance = 1, sa_iterations = 1000, initial_temperature = 3.0, cooling_rate = 0.999
26 - INFO - chord#: 40 done. best_score=35.0, changed=523, unchanged=361, early_stops=8/8
26 - INFO - chord#: 42 In build_straw_man_chord_sa. tolerance = 1, sa_iterations = 1000, initial_temperature = 3.0, cooling_rate = 0.999
26 - INFO - chord#: 40 done. best_score=35.0, changed=526, unchanged=320, early_stops=8/8
26 - INFO - chord#: 40 done. best_score=35.0, changed=527, unchanged=410, early_stops=8/8
26 - INFO - chord#: 42 In build_straw_man_chord_sa. tolerance = 1, sa_iterations = 1000, initial_temperature = 3.0, cooling_rate = 0.999
26 - INFO - chord#: 42 In build_straw_man_chord_sa. tolerance = 1, sa_iterations = 1000, initial_temperature = 3.0, cooling_rate = 0.999
26 - INFO - chord#: 34 done. best_score=70.0, changed=610, unchanged=252, early_stops=8/8
26 - INFO - chord#: 36 In build_straw_man_chord_sa. tolerance = 1, sa_iterations = 1000, initial_temperature = 3.0, cooling_rate = 0.999
26 - INFO - chord#: 44 done. best_score=27.0, changed=529, unchanged=288, early_stops=8/8
26 - INFO - chord#: 46 In build_straw_man_chord_sa. tolerance = 1, sa_iterations = 1000, initial_temperature = 3.0, cooling_rate = 0.999
26 - INFO - chord#: 42 done. best_score=36.0, changed=521, unchanged=457, early_stops=8/8
26 - INFO - chord#: 44 In build_straw_man_chord_sa. tolerance = 1, sa_iterations = 1000, initial_temperature = 3.0, cooling_rate = 0.999
26 - INFO - chord#: 42 done. best_score=36.0, changed=528, unchanged=476, early_stops=8/8
26 - INFO - chord#: 44 In build_straw_man_chord_sa. tolerance = 1, sa_iterations = 1000, initial_temperature = 3.0, cooling_rate = 0.999
26 - INFO - chord#: 42 done. best_score=36.0, changed=513, unchanged=371, early_stops=8/8
26 - INFO - chord#: 44 In build_straw_man_chord_sa. tolerance = 1, sa_iterations = 1000, initial_temperature = 3.0, cooling_rate = 0.999
26 - INFO - chord#: 42 done. best_score=36.0, changed=522, unchanged=464, early_stops=8/8
26 - INFO - chord#: 44 In build_straw_man_chord_sa. tolerance = 1, sa_iterations = 1000, initial_temperature = 3.0, cooling_rate = 0.999
26 - INFO - chord#: 42 done. best_score=36.0, changed=523, unchanged=498, early_stops=8/8
26 - INFO - chord#: 44 In build_straw_man_chord_sa. tolerance = 1, sa_iterations = 1000, initial_temperature = 3.0, cooling_rate = 0.999
26 - INFO - chord#: 34 done. best_score=70.0, changed=609, unchanged=292, early_stops=8/8
26 - INFO - chord#: 36 In build_straw_man_chord_sa. tolerance = 1, sa_iterations = 1000, initial_temperature = 3.0, cooling_rate = 0.999
26 - INFO - chord#: 46 done. best_score=27.0, changed=530, unchanged=328, early_stops=8/8
26 - INFO - chord#: 48 In build_straw_man_chord_sa. tolerance = 1, sa_iterations = 1000, initial_temperature = 3.0, cooling_rate = 0.999
26 - INFO - chord#: 34 done. best_score=70.0, changed=611, unchanged=256, early_stops=8/8
26 - INFO - chord#: 36 In build_straw_man_chord_sa. tolerance = 1, sa_iterations = 1000, initial_temperature = 3.0, cooling_rate = 0.999
26 - INFO - chord#: 36 done. best_score=27.0, changed=518, unchanged=309, early_stops=8/8
26 - INFO - chord#: 38 In build_straw_man_chord_sa. tolerance = 1, sa_iterations = 1000, initial_temperature = 3.0, cooling_rate = 0.999
26 - INFO - chord#: 44 done. best_score=27.0, changed=533, unchanged=308, early_stops=8/8
26 - INFO - chord#: 46 In build_straw_man_chord_sa. tolerance = 1, sa_iterations = 1000, initial_temperature = 3.0, cooling_rate = 0.999
26 - INFO - chord#: 34 done. best_score=70.0, changed=614, unchanged=270, early_stops=8/8
26 - INFO - chord#: 36 In build_straw_man_chord_sa. tolerance = 1, sa_iterations = 1000, initial_temperature = 3.0, cooling_rate = 0.999
26 - INFO - chord#: 44 done. best_score=27.0, changed=523, unchanged=347, early_stops=8/8
26 - INFO - chord#: 46 In build_straw_man_chord_sa. tolerance = 1, sa_iterations = 1000, initial_temperature = 3.0, cooling_rate = 0.999
26 - INFO - chord#: 44 done. best_score=27.0, changed=528, unchanged=468, early_stops=8/8
26 - INFO - chord#: 46 In build_straw_man_chord_sa. tolerance = 1, sa_iterations = 1000, initial_temperature = 3.0, cooling_rate = 0.999
26 - INFO - chord#: 44 done. best_score=27.0, changed=526, unchanged=356, early_stops=8/8
26 - INFO - chord#: 46 In build_straw_man_chord_sa. tolerance = 1, sa_iterations = 1000, initial_temperature = 3.0, cooling_rate = 0.999
26 - INFO - chord#: 44 done. best_score=27.0, changed=520, unchanged=453, early_stops=8/8
26 - INFO - chord#: 46 In build_straw_man_chord_sa. tolerance = 1, sa_iterations = 1000, initial_temperature = 3.0, cooling_rate = 0.999
26 - INFO - chord#: 34 done. best_score=70.0, changed=616, unchanged=388, early_stops=8/8
26 - INFO - chord#: 36 In build_straw_man_chord_sa. tolerance = 1, sa_iterations = 1000, initial_temperature = 3.0, cooling_rate = 0.999
26 - INFO - chord#: 36 done. best_score=27.0, changed=524, unchanged=321, early_stops=8/8
26 - INFO - chord#: 38 In build_straw_man_chord_sa. tolerance = 1, sa_iterations = 1000, initial_temperature = 3.0, cooling_rate = 0.999
26 - INFO - chord#: 36 done. best_score=27.0, changed=520, unchanged=321, early_stops=8/8
26 - INFO - chord#: 38 In build_straw_man_chord_sa. tolerance = 1, sa_iterations = 1000, initial_temperature = 3.0, cooling_rate = 0.999
26 - INFO - chord#: 46 done. best_score=27.0, changed=522, unchanged=337, early_stops=8/8
26 - INFO - chord#: 48 In build_straw_man_chord_sa. tolerance = 1, sa_iterations = 1000, initial_temperature = 3.0, cooling_rate = 0.999
26 - INFO - chord#: 34 done. best_score=70.0, changed=613, unchanged=491, early_stops=8/8
26 - INFO - chord#: 36 In build_straw_man_chord_sa. tolerance = 1, sa_iterations = 1000, initial_temperature = 3.0, cooling_rate = 0.999
26 - INFO - chord#: 36 done. best_score=27.0, changed=524, unchanged=381, early_stops=8/8
26 - INFO - chord#: 38 In build_straw_man_chord_sa. tolerance = 1, sa_iterations = 1000, initial_temperature = 3.0, cooling_rate = 0.999
26 - INFO - chord#: 46 done. best_score=27.0, changed=526, unchanged=378, early_stops=8/8
26 - INFO - chord#: 48 In build_straw_man_chord_sa. tolerance = 1, sa_iterations = 1000, initial_temperature = 3.0, cooling_rate = 0.999
26 - INFO - chord#: 46 done. best_score=27.0, changed=531, unchanged=365, early_stops=8/8
26 - INFO - chord#: 48 In build_straw_man_chord_sa. tolerance = 1, sa_iterations = 1000, initial_temperature = 3.0, cooling_rate = 0.999
26 - INFO - chord#: 46 done. best_score=27.0, changed=516, unchanged=319, early_stops=8/8
26 - INFO - chord#: 48 In build_straw_man_chord_sa. tolerance = 1, sa_iterations = 1000, initial_temperature = 3.0, cooling_rate = 0.999
26 - INFO - chord#: 46 done. best_score=27.0, changed=516, unchanged=325, early_stops=8/8
26 - INFO - chord#: 48 In build_straw_man_chord_sa. tolerance = 1, sa_iterations = 1000, initial_temperature = 3.0, cooling_rate = 0.999
26 - INFO - chord#: 36 done. best_score=27.0, changed=518, unchanged=335, early_stops=8/8
26 - INFO - chord#: 38 In build_straw_man_chord_sa. tolerance = 1, sa_iterations = 1000, initial_temperature = 3.0, cooling_rate = 0.999
26 - INFO - chord#: 36 done. best_score=27.0, changed=528, unchanged=471, early_stops=8/8
26 - INFO - chord#: 38 In build_straw_man_chord_sa. tolerance = 1, sa_iterations = 1000, initial_temperature = 3.0, cooling_rate = 0.999
26 - INFO - chord#: 38 done. best_score=155.0, changed=615, unchanged=238, early_stops=8/8
26 - INFO - chord#: 40 In build_straw_man_chord_sa. tolerance = 1, sa_iterations = 1000, initial_temperature = 3.0, cooling_rate = 0.999
26 - INFO - chord#: 38 done. best_score=146.0, changed=610, unchanged=214, early_stops=8/8
26 - INFO - chord#: 40 In build_straw_man_chord_sa. tolerance = 1, sa_iterations = 1000, initial_temperature = 3.0, cooling_rate = 0.999
26 - INFO - chord#: 48 done. best_score=64.0, changed=616, unchanged=735, early_stops=8/8
26 - INFO - chord#: 50 In build_straw_man_chord_sa. tolerance = 1, sa_iterations = 1000, initial_temperature = 3.0, cooling_rate = 0.999
26 - INFO - chord#: 40 done. best_score=35.0, changed=519, unchanged=320, early_stops=8/8
26 - INFO - chord#: 42 In build_straw_man_chord_sa. tolerance = 1, sa_iterations = 1000, initial_temperature = 3.0, cooling_rate = 0.999
26 - INFO - chord#: 38 done. best_score=146.0, changed=609, unchanged=230, early_stops=8/8
26 - INFO - chord#: 40 In build_straw_man_chord_sa. tolerance = 1, sa_iterations = 1000, initial_temperature = 3.0, cooling_rate = 0.999
26 - INFO - chord#: 48 done. best_score=64.0, changed=615, unchanged=347, early_stops=8/8
26 - INFO - chord#: 50 In build_straw_man_chord_sa. tolerance = 1, sa_iterations = 1000, initial_temperature = 3.0, cooling_rate = 0.999
26 - INFO - chord#: 48 done. best_score=167.0, changed=609, unchanged=284, early_stops=8/8
26 - INFO - chord#: 50 In build_straw_man_chord_sa. tolerance = 1, sa_iterations = 1000, initial_temperature = 3.0, cooling_rate = 0.999
26 - INFO - chord#: 48 done. best_score=145.0, changed=615, unchanged=395, early_stops=8/8
26 - INFO - chord#: 50 In build_straw_man_chord_sa. tolerance = 1, sa_iterations = 1000, initial_temperature = 3.0, cooling_rate = 0.999
26 - INFO - chord#: 38 done. best_score=64.0, changed=617, unchanged=450, early_stops=8/8
26 - INFO - chord#: 40 In build_straw_man_chord_sa. tolerance = 1, sa_iterations = 1000, initial_temperature = 3.0, cooling_rate = 0.999
26 - INFO - chord#: 38 done. best_score=64.0, changed=615, unchanged=340, early_stops=8/8
26 - INFO - chord#: 40 In build_straw_man_chord_sa. tolerance = 1, sa_iterations = 1000, initial_temperature = 3.0, cooling_rate = 0.999
26 - INFO - chord#: 48 done. best_score=64.0, changed=612, unchanged=435, early_stops=8/8
26 - INFO - chord#: 50 In build_straw_man_chord_sa. tolerance = 1, sa_iterations = 1000, initial_temperature = 3.0, cooling_rate = 0.999
26 - INFO - chord#: 50 done. best_score=37.0, changed=517, unchanged=360, early_stops=8/8
26 - INFO - chord#: 52 In build_straw_man_chord_sa. tolerance = 1, sa_iterations = 1000, initial_temperature = 3.0, cooling_rate = 0.999
26 - INFO - chord#: 48 done. best_score=96.0, changed=622, unchanged=620, early_stops=8/8
26 - INFO - chord#: 50 In build_straw_man_chord_sa. tolerance = 1, sa_iterations = 1000, initial_temperature = 3.0, cooling_rate = 0.999
26 - INFO - chord#: 40 done. best_score=35.0, changed=531, unchanged=512, early_stops=8/8
26 - INFO - chord#: 42 In build_straw_man_chord_sa. tolerance = 1, sa_iterations = 1000, initial_temperature = 3.0, cooling_rate = 0.999
26 - INFO - chord#: 50 done. best_score=37.0, changed=538, unchanged=276, early_stops=8/8
26 - INFO - chord#: 52 In build_straw_man_chord_sa. tolerance = 1, sa_iterations = 1000, initial_temperature = 3.0, cooling_rate = 0.999
26 - INFO - chord#: 42 done. best_score=36.0, changed=519, unchanged=436, early_stops=8/8
26 - INFO - chord#: 44 In build_straw_man_chord_sa. tolerance = 1, sa_iterations = 1000, initial_temperature = 3.0, cooling_rate = 0.999
26 - INFO - chord#: 50 done. best_score=35.0, changed=530, unchanged=484, early_stops=8/8
26 - INFO - chord#: 52 In build_straw_man_chord_sa. tolerance = 1, sa_iterations = 1000, initial_temperature = 3.0, cooling_rate = 0.999
26 - INFO - chord#: 50 done. best_score=37.0, changed=533, unchanged=287, early_stops=8/8
26 - INFO - chord#: 52 In build_straw_man_chord_sa. tolerance = 1, sa_iterations = 1000, initial_temperature = 3.0, cooling_rate = 0.999
26 - INFO - chord#: 40 done. best_score=35.0, changed=527, unchanged=445, early_stops=8/8
26 - INFO - chord#: 42 In build_straw_man_chord_sa. tolerance = 1, sa_iterations = 1000, initial_temperature = 3.0, cooling_rate = 0.999
26 - INFO - chord#: 38 done. best_score=146.0, changed=621, unchanged=432, early_stops=8/8
26 - INFO - chord#: 40 In build_straw_man_chord_sa. tolerance = 1, sa_iterations = 1000, initial_temperature = 3.0, cooling_rate = 0.999
26 - INFO - chord#: 40 done. best_score=35.0, changed=519, unchanged=386, early_stops=8/8
26 - INFO - chord#: 42 In build_straw_man_chord_sa. tolerance = 1, sa_iterations = 1000, initial_temperature = 3.0, cooling_rate = 0.999
26 - INFO - chord#: 40 done. best_score=35.0, changed=525, unchanged=446, early_stops=8/8
26 - INFO - chord#: 42 In build_straw_man_chord_sa. tolerance = 1, sa_iterations = 1000, initial_temperature = 3.0, cooling_rate = 0.999
26 - INFO - chord#: 50 done. best_score=37.0, changed=528, unchanged=387, early_stops=8/8
26 - INFO - chord#: 52 In build_straw_man_chord_sa. tolerance = 1, sa_iterations = 1000, initial_temperature = 3.0, cooling_rate = 0.999
26 - INFO - chord#: 50 done. best_score=37.0, changed=543, unchanged=290, early_stops=8/8
26 - INFO - chord#: 52 In build_straw_man_chord_sa. tolerance = 1, sa_iterations = 1000, initial_temperature = 3.0, cooling_rate = 0.999
26 - INFO - chord#: 52 done. best_score=27.0, changed=525, unchanged=448, early_stops=8/8
26 - INFO - chord#: 54 In build_straw_man_chord_sa. tolerance = 1, sa_iterations = 1000, initial_temperature = 3.0, cooling_rate = 0.999
26 - INFO - chord#: 42 done. best_score=36.0, changed=520, unchanged=331, early_stops=8/8
26 - INFO - chord#: 44 In build_straw_man_chord_sa. tolerance = 1, sa_iterations = 1000, initial_temperature = 3.0, cooling_rate = 0.999
26 - INFO - chord#: 52 done. best_score=27.0, changed=522, unchanged=479, early_stops=8/8
26 - INFO - chord#: 54 In build_straw_man_chord_sa. tolerance = 1, sa_iterations = 1000, initial_temperature = 3.0, cooling_rate = 0.999
26 - INFO - chord#: 44 done. best_score=27.0, changed=527, unchanged=364, early_stops=8/8
26 - INFO - chord#: 46 In build_straw_man_chord_sa. tolerance = 1, sa_iterations = 1000, initial_temperature = 3.0, cooling_rate = 0.999
26 - INFO - chord#: 52 done. best_score=27.0, changed=532, unchanged=559, early_stops=8/8
26 - INFO - chord#: 54 In build_straw_man_chord_sa. tolerance = 1, sa_iterations = 1000, initial_temperature = 3.0, cooling_rate = 0.999
26 - INFO - chord#: 52 done. best_score=27.0, changed=526, unchanged=484, early_stops=8/8
26 - INFO - chord#: 54 In build_straw_man_chord_sa. tolerance = 1, sa_iterations = 1000, initial_temperature = 3.0, cooling_rate = 0.999
26 - INFO - chord#: 40 done. best_score=35.0, changed=529, unchanged=441, early_stops=8/8
26 - INFO - chord#: 42 In build_straw_man_chord_sa. tolerance = 1, sa_iterations = 1000, initial_temperature = 3.0, cooling_rate = 0.999
26 - INFO - chord#: 42 done. best_score=36.0, changed=521, unchanged=360, early_stops=8/8
26 - INFO - chord#: 44 In build_straw_man_chord_sa. tolerance = 1, sa_iterations = 1000, initial_temperature = 3.0, cooling_rate = 0.999
26 - INFO - chord#: 52 done. best_score=27.0, changed=531, unchanged=449, early_stops=8/8
26 - INFO - chord#: 54 In build_straw_man_chord_sa. tolerance = 1, sa_iterations = 1000, initial_temperature = 3.0, cooling_rate = 0.999
26 - INFO - chord#: 42 done. best_score=36.0, changed=520, unchanged=488, early_stops=8/8
26 - INFO - chord#: 44 In build_straw_man_chord_sa. tolerance = 1, sa_iterations = 1000, initial_temperature = 3.0, cooling_rate = 0.999
26 - INFO - chord#: 52 done. best_score=27.0, changed=517, unchanged=338, early_stops=8/8
26 - INFO - chord#: 54 In build_straw_man_chord_sa. tolerance = 1, sa_iterations = 1000, initial_temperature = 3.0, cooling_rate = 0.999
26 - INFO - chord#: 54 done. best_score=27.0, changed=524, unchanged=360, early_stops=8/8
26 - INFO - chord#: 55 In build_straw_man_chord_sa. tolerance = 1, sa_iterations = 1000, initial_temperature = 3.0, cooling_rate = 0.999
26 - INFO - chord#: 54 done. best_score=27.0, changed=520, unchanged=317, early_stops=8/8
26 - INFO - chord#: 55 In build_straw_man_chord_sa. tolerance = 1, sa_iterations = 1000, initial_temperature = 3.0, cooling_rate = 0.999
26 - INFO - chord#: 42 done. best_score=36.0, changed=524, unchanged=628, early_stops=8/8
26 - INFO - chord#: 44 In build_straw_man_chord_sa. tolerance = 1, sa_iterations = 1000, initial_temperature = 3.0, cooling_rate = 0.999
26 - INFO - chord#: 54 done. best_score=27.0, changed=515, unchanged=379, early_stops=8/8
26 - INFO - chord#: 55 In build_straw_man_chord_sa. tolerance = 1, sa_iterations = 1000, initial_temperature = 3.0, cooling_rate = 0.999
26 - INFO - chord#: 44 done. best_score=27.0, changed=521, unchanged=319, early_stops=8/8
26 - INFO - chord#: 46 In build_straw_man_chord_sa. tolerance = 1, sa_iterations = 1000, initial_temperature = 3.0, cooling_rate = 0.999
26 - INFO - chord#: 54 done. best_score=27.0, changed=527, unchanged=427, early_stops=8/8
26 - INFO - chord#: 55 In build_straw_man_chord_sa. tolerance = 1, sa_iterations = 1000, initial_temperature = 3.0, cooling_rate = 0.999
26 - INFO - chord#: 54 done. best_score=27.0, changed=514, unchanged=398, early_stops=8/8
26 - INFO - chord#: 55 In build_straw_man_chord_sa. tolerance = 1, sa_iterations = 1000, initial_temperature = 3.0, cooling_rate = 0.999
26 - INFO - chord#: 46 done. best_score=27.0, changed=531, unchanged=345, early_stops=8/8
26 - INFO - chord#: 48 In build_straw_man_chord_sa. tolerance = 1, sa_iterations = 1000, initial_temperature = 3.0, cooling_rate = 0.999
26 - INFO - chord#: 44 done. best_score=27.0, changed=524, unchanged=410, early_stops=8/8
26 - INFO - chord#: 46 In build_straw_man_chord_sa. tolerance = 1, sa_iterations = 1000, initial_temperature = 3.0, cooling_rate = 0.999
26 - INFO - chord#: 44 done. best_score=27.0, changed=525, unchanged=319, early_stops=8/8
26 - INFO - chord#: 46 In build_straw_man_chord_sa. tolerance = 1, sa_iterations = 1000, initial_temperature = 3.0, cooling_rate = 0.999
26 - INFO - chord#: 54 done. best_score=27.0, changed=524, unchanged=459, early_stops=8/8
26 - INFO - chord#: 55 In build_straw_man_chord_sa. tolerance = 1, sa_iterations = 1000, initial_temperature = 3.0, cooling_rate = 0.999
26 - INFO - chord#: 42 done. best_score=36.0, changed=528, unchanged=507, early_stops=8/8
26 - INFO - chord#: 44 In build_straw_man_chord_sa. tolerance = 1, sa_iterations = 1000, initial_temperature = 3.0, cooling_rate = 0.999
26 - INFO - chord#: 46 done. best_score=27.0, changed=526, unchanged=306, early_stops=8/8
26 - INFO - chord#: 48 In build_straw_man_chord_sa. tolerance = 1, sa_iterations = 1000, initial_temperature = 3.0, cooling_rate = 0.999
26 - INFO - chord#: 44 done. best_score=27.0, changed=530, unchanged=361, early_stops=8/8
26 - INFO - chord#: 46 In build_straw_man_chord_sa. tolerance = 1, sa_iterations = 1000, initial_temperature = 3.0, cooling_rate = 0.999
26 - INFO - chord#: 46 done. best_score=27.0, changed=524, unchanged=346, early_stops=8/8
26 - INFO - chord#: 48 In build_straw_man_chord_sa. tolerance = 1, sa_iterations = 1000, initial_temperature = 3.0, cooling_rate = 0.999
26 - INFO - chord#: 55 done. best_score=67.0, changed=610, unchanged=289, early_stops=8/8
26 - INFO - chord#: 56 In build_straw_man_chord_sa. tolerance = 1, sa_iterations = 1000, initial_temperature = 3.0, cooling_rate = 0.999
26 - INFO - chord#: 46 done. best_score=27.0, changed=526, unchanged=360, early_stops=8/8
26 - INFO - chord#: 48 In build_straw_man_chord_sa. tolerance = 1, sa_iterations = 1000, initial_temperature = 3.0, cooling_rate = 0.999
26 - INFO - chord#: 55 done. best_score=96.0, changed=607, unchanged=215, early_stops=8/8
26 - INFO - chord#: 56 In build_straw_man_chord_sa. tolerance = 1, sa_iterations = 1000, initial_temperature = 3.0, cooling_rate = 0.999
26 - INFO - chord#: 44 done. best_score=27.0, changed=531, unchanged=323, early_stops=8/8
26 - INFO - chord#: 46 In build_straw_man_chord_sa. tolerance = 1, sa_iterations = 1000, initial_temperature = 3.0, cooling_rate = 0.999
26 - INFO - chord#: 46 done. best_score=27.0, changed=528, unchanged=397, early_stops=8/8
26 - INFO - chord#: 48 In build_straw_man_chord_sa. tolerance = 1, sa_iterations = 1000, initial_temperature = 3.0, cooling_rate = 0.999
26 - INFO - chord#: 56 done. best_score=27.0, changed=523, unchanged=319, early_stops=8/8
26 - INFO - chord#: 64 In build_straw_man_chord_sa. tolerance = 1, sa_iterations = 1000, initial_temperature = 3.0, cooling_rate = 0.999
26 - INFO - chord#: 55 done. best_score=165.0, changed=612, unchanged=300, early_stops=8/8
26 - INFO - chord#: 56 In build_straw_man_chord_sa. tolerance = 1, sa_iterations = 1000, initial_temperature = 3.0, cooling_rate = 0.999
26 - INFO - chord#: 55 done. best_score=137.0, changed=615, unchanged=454, early_stops=8/8
26 - INFO - chord#: 56 In build_straw_man_chord_sa. tolerance = 1, sa_iterations = 1000, initial_temperature = 3.0, cooling_rate = 0.999
26 - INFO - chord#: 56 done. best_score=27.0, changed=518, unchanged=291, early_stops=8/8
26 - INFO - chord#: 64 In build_straw_man_chord_sa. tolerance = 1, sa_iterations = 1000, initial_temperature = 3.0, cooling_rate = 0.999
26 - INFO - chord#: 55 done. best_score=67.0, changed=612, unchanged=424, early_stops=8/8
26 - INFO - chord#: 56 In build_straw_man_chord_sa. tolerance = 1, sa_iterations = 1000, initial_temperature = 3.0, cooling_rate = 0.999
26 - INFO - chord#: 46 done. best_score=27.0, changed=521, unchanged=306, early_stops=8/8
26 - INFO - chord#: 48 In build_straw_man_chord_sa. tolerance = 1, sa_iterations = 1000, initial_temperature = 3.0, cooling_rate = 0.999
26 - INFO - chord#: 48 done. best_score=145.0, changed=605, unchanged=222, early_stops=8/8
26 - INFO - chord#: 50 In build_straw_man_chord_sa. tolerance = 1, sa_iterations = 1000, initial_temperature = 3.0, cooling_rate = 0.999
26 - INFO - chord#: 64 done. best_score=27.0, changed=518, unchanged=401, early_stops=8/8
26 - INFO - chord#: 66 In build_straw_man_chord_sa. tolerance = 1, sa_iterations = 1000, initial_temperature = 3.0, cooling_rate = 0.999
26 - INFO - chord#: 56 done. best_score=27.0, changed=521, unchanged=430, early_stops=8/8
26 - INFO - chord#: 64 In build_straw_man_chord_sa. tolerance = 1, sa_iterations = 1000, initial_temperature = 3.0, cooling_rate = 0.999
26 - INFO - chord#: 56 done. best_score=57.0, changed=545, unchanged=621, early_stops=8/8
26 - INFO - chord#: 64 In build_straw_man_chord_sa. tolerance = 1, sa_iterations = 1000, initial_temperature = 3.0, cooling_rate = 0.999
26 - INFO - chord#: 64 done. best_score=27.0, changed=516, unchanged=423, early_stops=8/8
26 - INFO - chord#: 66 In build_straw_man_chord_sa. tolerance = 1, sa_iterations = 1000, initial_temperature = 3.0, cooling_rate = 0.999
26 - INFO - chord#: 48 done. best_score=145.0, changed=613, unchanged=444, early_stops=8/8
26 - INFO - chord#: 50 In build_straw_man_chord_sa. tolerance = 1, sa_iterations = 1000, initial_temperature = 3.0, cooling_rate = 0.999
26 - INFO - chord#: 55 done. best_score=96.0, changed=613, unchanged=426, early_stops=8/8
26 - INFO - chord#: 56 In build_straw_man_chord_sa. tolerance = 1, sa_iterations = 1000, initial_temperature = 3.0, cooling_rate = 0.999
26 - INFO - chord#: 56 done. best_score=27.0, changed=524, unchanged=370, early_stops=8/8
26 - INFO - chord#: 64 In build_straw_man_chord_sa. tolerance = 1, sa_iterations = 1000, initial_temperature = 3.0, cooling_rate = 0.999
26 - INFO - chord#: 50 done. best_score=37.0, changed=531, unchanged=347, early_stops=8/8
26 - INFO - chord#: 52 In build_straw_man_chord_sa. tolerance = 1, sa_iterations = 1000, initial_temperature = 3.0, cooling_rate = 0.999
26 - INFO - chord#: 48 done. best_score=154.0, changed=608, unchanged=284, early_stops=8/8
26 - INFO - chord#: 50 In build_straw_man_chord_sa. tolerance = 1, sa_iterations = 1000, initial_temperature = 3.0, cooling_rate = 0.999
26 - INFO - chord#: 64 done. best_score=27.0, changed=526, unchanged=499, early_stops=8/8
26 - INFO - chord#: 66 In build_straw_man_chord_sa. tolerance = 1, sa_iterations = 1000, initial_temperature = 3.0, cooling_rate = 0.999
26 - INFO - chord#: 48 done. best_score=64.0, changed=611, unchanged=358, early_stops=8/8
26 - INFO - chord#: 50 In build_straw_man_chord_sa. tolerance = 1, sa_iterations = 1000, initial_temperature = 3.0, cooling_rate = 0.999
26 - INFO - chord#: 64 done. best_score=27.0, changed=520, unchanged=294, early_stops=8/8
26 - INFO - chord#: 66 In build_straw_man_chord_sa. tolerance = 1, sa_iterations = 1000, initial_temperature = 3.0, cooling_rate = 0.999
26 - INFO - chord#: 64 done. best_score=27.0, changed=529, unchanged=612, early_stops=8/8
26 - INFO - chord#: 66 In build_straw_man_chord_sa. tolerance = 1, sa_iterations = 1000, initial_temperature = 3.0, cooling_rate = 0.999
26 - INFO - chord#: 50 done. best_score=37.0, changed=526, unchanged=301, early_stops=8/8
26 - INFO - chord#: 52 In build_straw_man_chord_sa. tolerance = 1, sa_iterations = 1000, initial_temperature = 3.0, cooling_rate = 0.999
26 - INFO - chord#: 56 done. best_score=27.0, changed=535, unchanged=410, early_stops=8/8
26 - INFO - chord#: 64 In build_straw_man_chord_sa. tolerance = 1, sa_iterations = 1000, initial_temperature = 3.0, cooling_rate = 0.999
26 - INFO - chord#: 48 done. best_score=64.0, changed=608, unchanged=300, early_stops=8/8
26 - INFO - chord#: 50 In build_straw_man_chord_sa. tolerance = 1, sa_iterations = 1000, initial_temperature = 3.0, cooling_rate = 0.999
26 - INFO - chord#: 52 done. best_score=27.0, changed=526, unchanged=432, early_stops=8/8
26 - INFO - chord#: 54 In build_straw_man_chord_sa. tolerance = 1, sa_iterations = 1000, initial_temperature = 3.0, cooling_rate = 0.999
26 - INFO - chord#: 50 done. best_score=67.0, changed=534, unchanged=404, early_stops=8/8
26 - INFO - chord#: 52 In build_straw_man_chord_sa. tolerance = 1, sa_iterations = 1000, initial_temperature = 3.0, cooling_rate = 0.999
26 - INFO - chord#: 66 done. best_score=103.0, changed=614, unchanged=307, early_stops=8/8
26 - INFO - chord#: 68 In build_straw_man_chord_sa. tolerance = 1, sa_iterations = 1000, initial_temperature = 3.0, cooling_rate = 0.999
26 - INFO - chord#: 50 done. best_score=37.0, changed=519, unchanged=367, early_stops=8/8
26 - INFO - chord#: 52 In build_straw_man_chord_sa. tolerance = 1, sa_iterations = 1000, initial_temperature = 3.0, cooling_rate = 0.999
26 - INFO - chord#: 48 done. best_score=64.0, changed=611, unchanged=323, early_stops=8/8
26 - INFO - chord#: 50 In build_straw_man_chord_sa. tolerance = 1, sa_iterations = 1000, initial_temperature = 3.0, cooling_rate = 0.999
26 - INFO - chord#: 66 done. best_score=75.0, changed=609, unchanged=340, early_stops=8/8
26 - INFO - chord#: 68 In build_straw_man_chord_sa. tolerance = 1, sa_iterations = 1000, initial_temperature = 3.0, cooling_rate = 0.999
26 - INFO - chord#: 54 done. best_score=27.0, changed=515, unchanged=329, early_stops=8/8
26 - INFO - chord#: 55 In build_straw_man_chord_sa. tolerance = 1, sa_iterations = 1000, initial_temperature = 3.0, cooling_rate = 0.999
26 - INFO - chord#: 64 done. best_score=27.0, changed=517, unchanged=402, early_stops=8/8
26 - INFO - chord#: 66 In build_straw_man_chord_sa. tolerance = 1, sa_iterations = 1000, initial_temperature = 3.0, cooling_rate = 0.999
26 - INFO - chord#: 50 done. best_score=35.0, changed=525, unchanged=372, early_stops=8/8
26 - INFO - chord#: 52 In build_straw_man_chord_sa. tolerance = 1, sa_iterations = 1000, initial_temperature = 3.0, cooling_rate = 0.999
26 - INFO - chord#: 52 done. best_score=27.0, changed=519, unchanged=393, early_stops=8/8
26 - INFO - chord#: 54 In build_straw_man_chord_sa. tolerance = 1, sa_iterations = 1000, initial_temperature = 3.0, cooling_rate = 0.999
26 - INFO - chord#: 68 done. best_score=58.0, changed=532, unchanged=304, early_stops=8/8
26 - INFO - chord#: 70 In build_straw_man_chord_sa. tolerance = 1, sa_iterations = 1000, initial_temperature = 3.0, cooling_rate = 0.999
26 - INFO - chord#: 66 done. best_score=70.0, changed=613, unchanged=233, early_stops=8/8
26 - INFO - chord#: 68 In build_straw_man_chord_sa. tolerance = 1, sa_iterations = 1000, initial_temperature = 3.0, cooling_rate = 0.999
26 - INFO - chord#: 52 done. best_score=27.0, changed=511, unchanged=421, early_stops=8/8
26 - INFO - chord#: 54 In build_straw_man_chord_sa. tolerance = 1, sa_iterations = 1000, initial_temperature = 3.0, cooling_rate = 0.999
26 - INFO - chord#: 68 done. best_score=31.0, changed=517, unchanged=327, early_stops=8/8
26 - INFO - chord#: 70 In build_straw_man_chord_sa. tolerance = 1, sa_iterations = 1000, initial_temperature = 3.0, cooling_rate = 0.999
26 - INFO - chord#: 66 done. best_score=103.0, changed=613, unchanged=309, early_stops=8/8
26 - INFO - chord#: 68 In build_straw_man_chord_sa. tolerance = 1, sa_iterations = 1000, initial_temperature = 3.0, cooling_rate = 0.999
26 - INFO - chord#: 50 done. best_score=35.0, changed=527, unchanged=390, early_stops=8/8
26 - INFO - chord#: 52 In build_straw_man_chord_sa. tolerance = 1, sa_iterations = 1000, initial_temperature = 3.0, cooling_rate = 0.999
26 - INFO - chord#: 66 done. best_score=141.0, changed=610, unchanged=356, early_stops=8/8
26 - INFO - chord#: 68 In build_straw_man_chord_sa. tolerance = 1, sa_iterations = 1000, initial_temperature = 3.0, cooling_rate = 0.999
26 - INFO - chord#: 52 done. best_score=27.0, changed=516, unchanged=473, early_stops=8/8
26 - INFO - chord#: 54 In build_straw_man_chord_sa. tolerance = 1, sa_iterations = 1000, initial_temperature = 3.0, cooling_rate = 0.999
26 - INFO - chord#: 54 done. best_score=27.0, changed=523, unchanged=397, early_stops=8/8
26 - INFO - chord#: 55 In build_straw_man_chord_sa. tolerance = 1, sa_iterations = 1000, initial_temperature = 3.0, cooling_rate = 0.999
26 - INFO - chord#: 70 done. best_score=27.0, changed=531, unchanged=370, early_stops=8/8
26 - INFO - chord#: 72 In build_straw_man_chord_sa. tolerance = 1, sa_iterations = 1000, initial_temperature = 3.0, cooling_rate = 0.999
26 - INFO - chord#: 68 done. best_score=31.0, changed=540, unchanged=439, early_stops=8/8
26 - INFO - chord#: 70 In build_straw_man_chord_sa. tolerance = 1, sa_iterations = 1000, initial_temperature = 3.0, cooling_rate = 0.999
26 - INFO - chord#: 52 done. best_score=27.0, changed=516, unchanged=367, early_stops=8/8
26 - INFO - chord#: 54 In build_straw_man_chord_sa. tolerance = 1, sa_iterations = 1000, initial_temperature = 3.0, cooling_rate = 0.999
26 - INFO - chord#: 70 done. best_score=27.0, changed=520, unchanged=316, early_stops=8/8
26 - INFO - chord#: 72 In build_straw_man_chord_sa. tolerance = 1, sa_iterations = 1000, initial_temperature = 3.0, cooling_rate = 0.999
26 - INFO - chord#: 68 done. best_score=58.0, changed=527, unchanged=382, early_stops=8/8
26 - INFO - chord#: 70 In build_straw_man_chord_sa. tolerance = 1, sa_iterations = 1000, initial_temperature = 3.0, cooling_rate = 0.999
26 - INFO - chord#: 54 done. best_score=27.0, changed=518, unchanged=343, early_stops=8/8
26 - INFO - chord#: 55 In build_straw_man_chord_sa. tolerance = 1, sa_iterations = 1000, initial_temperature = 3.0, cooling_rate = 0.999
26 - INFO - chord#: 68 done. best_score=31.0, changed=522, unchanged=379, early_stops=8/8
26 - INFO - chord#: 70 In build_straw_man_chord_sa. tolerance = 1, sa_iterations = 1000, initial_temperature = 3.0, cooling_rate = 0.999
26 - INFO - chord#: 70 done. best_score=27.0, changed=522, unchanged=373, early_stops=8/8
26 - INFO - chord#: 72 In build_straw_man_chord_sa. tolerance = 1, sa_iterations = 1000, initial_temperature = 3.0, cooling_rate = 0.999
26 - INFO - chord#: 54 done. best_score=27.0, changed=531, unchanged=375, early_stops=8/8
26 - INFO - chord#: 55 In build_straw_man_chord_sa. tolerance = 1, sa_iterations = 1000, initial_temperature = 3.0, cooling_rate = 0.999
26 - INFO - chord#: 52 done. best_score=27.0, changed=513, unchanged=318, early_stops=8/8
26 - INFO - chord#: 54 In build_straw_man_chord_sa. tolerance = 1, sa_iterations = 1000, initial_temperature = 3.0, cooling_rate = 0.999
26 - INFO - chord#: 72 done. best_score=47.0, changed=527, unchanged=411, early_stops=8/8
26 - INFO - chord#: 74 In build_straw_man_chord_sa. tolerance = 1, sa_iterations = 1000, initial_temperature = 3.0, cooling_rate = 0.999
26 - INFO - chord#: 54 done. best_score=27.0, changed=522, unchanged=398, early_stops=8/8
26 - INFO - chord#: 55 In build_straw_man_chord_sa. tolerance = 1, sa_iterations = 1000, initial_temperature = 3.0, cooling_rate = 0.999
26 - INFO - chord#: 55 done. best_score=67.0, changed=613, unchanged=408, early_stops=8/8
26 - INFO - chord#: 56 In build_straw_man_chord_sa. tolerance = 1, sa_iterations = 1000, initial_temperature = 3.0, cooling_rate = 0.999
26 - INFO - chord#: 70 done. best_score=27.0, changed=532, unchanged=375, early_stops=8/8
26 - INFO - chord#: 72 In build_straw_man_chord_sa. tolerance = 1, sa_iterations = 1000, initial_temperature = 3.0, cooling_rate = 0.999
26 - INFO - chord#: 66 done. best_score=141.0, changed=610, unchanged=270, early_stops=8/8
26 - INFO - chord#: 68 In build_straw_man_chord_sa. tolerance = 1, sa_iterations = 1000, initial_temperature = 3.0, cooling_rate = 0.999
26 - INFO - chord#: 70 done. best_score=27.0, changed=519, unchanged=344, early_stops=8/8
26 - INFO - chord#: 72 In build_straw_man_chord_sa. tolerance = 1, sa_iterations = 1000, initial_temperature = 3.0, cooling_rate = 0.999
26 - INFO - chord#: 72 done. best_score=47.0, changed=526, unchanged=574, early_stops=8/8
26 - INFO - chord#: 74 In build_straw_man_chord_sa. tolerance = 1, sa_iterations = 1000, initial_temperature = 3.0, cooling_rate = 0.999
26 - INFO - chord#: 72 done. best_score=36.0, changed=521, unchanged=295, early_stops=8/8
26 - INFO - chord#: 74 In build_straw_man_chord_sa. tolerance = 1, sa_iterations = 1000, initial_temperature = 3.0, cooling_rate = 0.999
26 - INFO - chord#: 54 done. best_score=27.0, changed=522, unchanged=352, early_stops=8/8
26 - INFO - chord#: 55 In build_straw_man_chord_sa. tolerance = 1, sa_iterations = 1000, initial_temperature = 3.0, cooling_rate = 0.999
26 - INFO - chord#: 56 done. best_score=27.0, changed=526, unchanged=377, early_stops=8/8
26 - INFO - chord#: 64 In build_straw_man_chord_sa. tolerance = 1, sa_iterations = 1000, initial_temperature = 3.0, cooling_rate = 0.999
26 - INFO - chord#: 68 done. best_score=31.0, changed=525, unchanged=395, early_stops=8/8
26 - INFO - chord#: 70 In build_straw_man_chord_sa. tolerance = 1, sa_iterations = 1000, initial_temperature = 3.0, cooling_rate = 0.999
26 - INFO - chord#: 72 done. best_score=47.0, changed=522, unchanged=440, early_stops=8/8
26 - INFO - chord#: 74 In build_straw_man_chord_sa. tolerance = 1, sa_iterations = 1000, initial_temperature = 3.0, cooling_rate = 0.999
26 - INFO - chord#: 55 done. best_score=67.0, changed=613, unchanged=288, early_stops=8/8
26 - INFO - chord#: 56 In build_straw_man_chord_sa. tolerance = 1, sa_iterations = 1000, initial_temperature = 3.0, cooling_rate = 0.999
26 - INFO - chord#: 72 done. best_score=47.0, changed=526, unchanged=506, early_stops=8/8
26 - INFO - chord#: 74 In build_straw_man_chord_sa. tolerance = 1, sa_iterations = 1000, initial_temperature = 3.0, cooling_rate = 0.999
26 - INFO - chord#: 64 done. best_score=27.0, changed=517, unchanged=320, early_stops=8/8
26 - INFO - chord#: 66 In build_straw_man_chord_sa. tolerance = 1, sa_iterations = 1000, initial_temperature = 3.0, cooling_rate = 0.999
26 - INFO - chord#: 55 done. best_score=96.0, changed=611, unchanged=289, early_stops=8/8
26 - INFO - chord#: 56 In build_straw_man_chord_sa. tolerance = 1, sa_iterations = 1000, initial_temperature = 3.0, cooling_rate = 0.999
26 - INFO - chord#: 74 done. best_score=145.0, changed=613, unchanged=300, early_stops=8/8
26 - INFO - chord#: 75 In build_straw_man_chord_sa. tolerance = 1, sa_iterations = 1000, initial_temperature = 3.0, cooling_rate = 0.999
26 - INFO - chord#: 70 done. best_score=27.0, changed=525, unchanged=513, early_stops=8/8
26 - INFO - chord#: 72 In build_straw_man_chord_sa. tolerance = 1, sa_iterations = 1000, initial_temperature = 3.0, cooling_rate = 0.999
26 - INFO - chord#: 56 done. best_score=27.0, changed=522, unchanged=321, early_stops=8/8
26 - INFO - chord#: 64 In build_straw_man_chord_sa. tolerance = 1, sa_iterations = 1000, initial_temperature = 3.0, cooling_rate = 0.999
26 - INFO - chord#: 55 done. best_score=96.0, changed=609, unchanged=314, early_stops=8/8
26 - INFO - chord#: 56 In build_straw_man_chord_sa. tolerance = 1, sa_iterations = 1000, initial_temperature = 3.0, cooling_rate = 0.999
26 - INFO - chord#: 74 done. best_score=104.0, changed=610, unchanged=283, early_stops=8/8
26 - INFO - chord#: 75 In build_straw_man_chord_sa. tolerance = 1, sa_iterations = 1000, initial_temperature = 3.0, cooling_rate = 0.999
26 - INFO - chord#: 75 done. best_score=36.0, changed=542, unchanged=320, early_stops=8/8
26 - INFO - chord#: 76 In build_straw_man_chord_sa. tolerance = 1, sa_iterations = 1000, initial_temperature = 3.0, cooling_rate = 0.999
26 - INFO - chord#: 56 done. best_score=27.0, changed=526, unchanged=350, early_stops=8/8
26 - INFO - chord#: 64 In build_straw_man_chord_sa. tolerance = 1, sa_iterations = 1000, initial_temperature = 3.0, cooling_rate = 0.999
26 - INFO - chord#: 74 done. best_score=121.0, changed=607, unchanged=222, early_stops=8/8
26 - INFO - chord#: 75 In build_straw_man_chord_sa. tolerance = 1, sa_iterations = 1000, initial_temperature = 3.0, cooling_rate = 0.999
26 - INFO - chord#: 55 done. best_score=67.0, changed=617, unchanged=615, early_stops=8/8
26 - INFO - chord#: 56 In build_straw_man_chord_sa. tolerance = 1, sa_iterations = 1000, initial_temperature = 3.0, cooling_rate = 0.999
26 - INFO - chord#: 74 done. best_score=124.0, changed=627, unchanged=653, early_stops=8/8
26 - INFO - chord#: 75 In build_straw_man_chord_sa. tolerance = 1, sa_iterations = 1000, initial_temperature = 3.0, cooling_rate = 0.999
26 - INFO - chord#: 72 done. best_score=47.0, changed=522, unchanged=378, early_stops=8/8
26 - INFO - chord#: 74 In build_straw_man_chord_sa. tolerance = 1, sa_iterations = 1000, initial_temperature = 3.0, cooling_rate = 0.999
26 - INFO - chord#: 64 done. best_score=27.0, changed=512, unchanged=357, early_stops=8/8
26 - INFO - chord#: 66 In build_straw_man_chord_sa. tolerance = 1, sa_iterations = 1000, initial_temperature = 3.0, cooling_rate = 0.999
26 - INFO - chord#: 55 done. best_score=96.0, changed=609, unchanged=418, early_stops=8/8
26 - INFO - chord#: 56 In build_straw_man_chord_sa. tolerance = 1, sa_iterations = 1000, initial_temperature = 3.0, cooling_rate = 0.999
26 - INFO - chord#: 66 done. best_score=141.0, changed=608, unchanged=254, early_stops=8/8
26 - INFO - chord#: 68 In build_straw_man_chord_sa. tolerance = 1, sa_iterations = 1000, initial_temperature = 3.0, cooling_rate = 0.999
26 - INFO - chord#: 75 done. best_score=27.0, changed=534, unchanged=394, early_stops=8/8
26 - INFO - chord#: 76 In build_straw_man_chord_sa. tolerance = 1, sa_iterations = 1000, initial_temperature = 3.0, cooling_rate = 0.999
26 - INFO - chord#: 76 done. best_score=27.0, changed=527, unchanged=424, early_stops=8/8
26 - INFO - chord#: 78 In build_straw_man_chord_sa. tolerance = 1, sa_iterations = 1000, initial_temperature = 3.0, cooling_rate = 0.999
26 - INFO - chord#: 56 done. best_score=27.0, changed=525, unchanged=338, early_stops=8/8
26 - INFO - chord#: 64 In build_straw_man_chord_sa. tolerance = 1, sa_iterations = 1000, initial_temperature = 3.0, cooling_rate = 0.999
26 - INFO - chord#: 75 done. best_score=36.0, changed=533, unchanged=354, early_stops=8/8
26 - INFO - chord#: 76 In build_straw_man_chord_sa. tolerance = 1, sa_iterations = 1000, initial_temperature = 3.0, cooling_rate = 0.999
26 - INFO - chord#: 74 done. best_score=145.0, changed=611, unchanged=398, early_stops=8/8
26 - INFO - chord#: 75 In build_straw_man_chord_sa. tolerance = 1, sa_iterations = 1000, initial_temperature = 3.0, cooling_rate = 0.999
26 - INFO - chord#: 75 done. best_score=36.0, changed=531, unchanged=282, early_stops=8/8
26 - INFO - chord#: 76 In build_straw_man_chord_sa. tolerance = 1, sa_iterations = 1000, initial_temperature = 3.0, cooling_rate = 0.999
26 - INFO - chord#: 64 done. best_score=27.0, changed=521, unchanged=400, early_stops=8/8
26 - INFO - chord#: 66 In build_straw_man_chord_sa. tolerance = 1, sa_iterations = 1000, initial_temperature = 3.0, cooling_rate = 0.999
26 - INFO - chord#: 56 done. best_score=27.0, changed=524, unchanged=368, early_stops=8/8
26 - INFO - chord#: 64 In build_straw_man_chord_sa. tolerance = 1, sa_iterations = 1000, initial_temperature = 3.0, cooling_rate = 0.999
26 - INFO - chord#: 68 done. best_score=31.0, changed=522, unchanged=338, early_stops=8/8
26 - INFO - chord#: 70 In build_straw_man_chord_sa. tolerance = 1, sa_iterations = 1000, initial_temperature = 3.0, cooling_rate = 0.999
26 - INFO - chord#: 76 done. best_score=27.0, changed=524, unchanged=346, early_stops=8/8
26 - INFO - chord#: 78 In build_straw_man_chord_sa. tolerance = 1, sa_iterations = 1000, initial_temperature = 3.0, cooling_rate = 0.999
26 - INFO - chord#: 56 done. best_score=27.0, changed=518, unchanged=326, early_stops=8/8
26 - INFO - chord#: 64 In build_straw_man_chord_sa. tolerance = 1, sa_iterations = 1000, initial_temperature = 3.0, cooling_rate = 0.999
26 - INFO - chord#: 78 done. best_score=27.0, changed=519, unchanged=393, early_stops=8/8
26 - INFO - chord#: 79 In build_straw_man_chord_sa. tolerance = 1, sa_iterations = 1000, initial_temperature = 3.0, cooling_rate = 0.999
26 - INFO - chord#: 75 done. best_score=36.0, changed=524, unchanged=293, early_stops=8/8
26 - INFO - chord#: 76 In build_straw_man_chord_sa. tolerance = 1, sa_iterations = 1000, initial_temperature = 3.0, cooling_rate = 0.999
26 - INFO - chord#: 76 done. best_score=27.0, changed=520, unchanged=342, early_stops=8/8
26 - INFO - chord#: 78 In build_straw_man_chord_sa. tolerance = 1, sa_iterations = 1000, initial_temperature = 3.0, cooling_rate = 0.999
26 - INFO - chord#: 76 done. best_score=27.0, changed=523, unchanged=364, early_stops=8/8
26 - INFO - chord#: 78 In build_straw_man_chord_sa. tolerance = 1, sa_iterations = 1000, initial_temperature = 3.0, cooling_rate = 0.999
26 - INFO - chord#: 64 done. best_score=27.0, changed=522, unchanged=396, early_stops=8/8
26 - INFO - chord#: 66 In build_straw_man_chord_sa. tolerance = 1, sa_iterations = 1000, initial_temperature = 3.0, cooling_rate = 0.999
26 - INFO - chord#: 70 done. best_score=27.0, changed=526, unchanged=355, early_stops=8/8
26 - INFO - chord#: 72 In build_straw_man_chord_sa. tolerance = 1, sa_iterations = 1000, initial_temperature = 3.0, cooling_rate = 0.999
26 - INFO - chord#: 78 done. best_score=27.0, changed=519, unchanged=421, early_stops=8/8
26 - INFO - chord#: 79 In build_straw_man_chord_sa. tolerance = 1, sa_iterations = 1000, initial_temperature = 3.0, cooling_rate = 0.999
26 - INFO - chord#: 64 done. best_score=27.0, changed=525, unchanged=360, early_stops=8/8
26 - INFO - chord#: 66 In build_straw_man_chord_sa. tolerance = 1, sa_iterations = 1000, initial_temperature = 3.0, cooling_rate = 0.999
26 - INFO - chord#: 78 done. best_score=27.0, changed=513, unchanged=327, early_stops=8/8
26 - INFO - chord#: 79 In build_straw_man_chord_sa. tolerance = 1, sa_iterations = 1000, initial_temperature = 3.0, cooling_rate = 0.999
26 - INFO - chord#: 76 done. best_score=27.0, changed=517, unchanged=366, early_stops=8/8
26 - INFO - chord#: 78 In build_straw_man_chord_sa. tolerance = 1, sa_iterations = 1000, initial_temperature = 3.0, cooling_rate = 0.999
26 - INFO - chord#: 79 done. best_score=27.0, changed=521, unchanged=427, early_stops=8/8
26 - INFO - chord#: 80 In build_straw_man_chord_sa. tolerance = 1, sa_iterations = 1000, initial_temperature = 3.0, cooling_rate = 0.999
26 - INFO - chord#: 64 done. best_score=27.0, changed=526, unchanged=415, early_stops=8/8
26 - INFO - chord#: 66 In build_straw_man_chord_sa. tolerance = 1, sa_iterations = 1000, initial_temperature = 3.0, cooling_rate = 0.999
26 - INFO - chord#: 66 done. best_score=141.0, changed=609, unchanged=262, early_stops=8/8
26 - INFO - chord#: 68 In build_straw_man_chord_sa. tolerance = 1, sa_iterations = 1000, initial_temperature = 3.0, cooling_rate = 0.999
26 - INFO - chord#: 78 done. best_score=27.0, changed=517, unchanged=479, early_stops=8/8
26 - INFO - chord#: 79 In build_straw_man_chord_sa. tolerance = 1, sa_iterations = 1000, initial_temperature = 3.0, cooling_rate = 0.999
26 - INFO - chord#: 72 done. best_score=36.0, changed=513, unchanged=322, early_stops=8/8
26 - INFO - chord#: 74 In build_straw_man_chord_sa. tolerance = 1, sa_iterations = 1000, initial_temperature = 3.0, cooling_rate = 0.999
26 - INFO - chord#: 78 done. best_score=27.0, changed=532, unchanged=357, early_stops=8/8
26 - INFO - chord#: 79 In build_straw_man_chord_sa. tolerance = 1, sa_iterations = 1000, initial_temperature = 3.0, cooling_rate = 0.999
26 - INFO - chord#: 79 done. best_score=27.0, changed=526, unchanged=596, early_stops=8/8
26 - INFO - chord#: 80 In build_straw_man_chord_sa. tolerance = 1, sa_iterations = 1000, initial_temperature = 3.0, cooling_rate = 0.999
26 - INFO - chord#: 79 done. best_score=27.0, changed=526, unchanged=523, early_stops=8/8
26 - INFO - chord#: 80 In build_straw_man_chord_sa. tolerance = 1, sa_iterations = 1000, initial_temperature = 3.0, cooling_rate = 0.999
26 - INFO - chord#: 66 done. best_score=70.0, changed=614, unchanged=299, early_stops=8/8
26 - INFO - chord#: 68 In build_straw_man_chord_sa. tolerance = 1, sa_iterations = 1000, initial_temperature = 3.0, cooling_rate = 0.999
26 - INFO - chord#: 68 done. best_score=31.0, changed=523, unchanged=361, early_stops=8/8
26 - INFO - chord#: 70 In build_straw_man_chord_sa. tolerance = 1, sa_iterations = 1000, initial_temperature = 3.0, cooling_rate = 0.999
26 - INFO - chord#: 79 done. best_score=27.0, changed=517, unchanged=376, early_stops=8/8
26 - INFO - chord#: 80 In build_straw_man_chord_sa. tolerance = 1, sa_iterations = 1000, initial_temperature = 3.0, cooling_rate = 0.999
26 - INFO - chord#: 74 done. best_score=124.0, changed=617, unchanged=528, early_stops=8/8
26 - INFO - chord#: 75 In build_straw_man_chord_sa. tolerance = 1, sa_iterations = 1000, initial_temperature = 3.0, cooling_rate = 0.999
26 - INFO - chord#: 79 done. best_score=27.0, changed=523, unchanged=422, early_stops=8/8
26 - INFO - chord#: 80 In build_straw_man_chord_sa. tolerance = 1, sa_iterations = 1000, initial_temperature = 3.0, cooling_rate = 0.999
26 - INFO - chord#: 66 done. best_score=141.0, changed=609, unchanged=312, early_stops=8/8
26 - INFO - chord#: 68 In build_straw_man_chord_sa. tolerance = 1, sa_iterations = 1000, initial_temperature = 3.0, cooling_rate = 0.999
26 - INFO - chord#: 68 done. best_score=31.0, changed=525, unchanged=349, early_stops=8/8
26 - INFO - chord#: 70 In build_straw_man_chord_sa. tolerance = 1, sa_iterations = 1000, initial_temperature = 3.0, cooling_rate = 0.999
26 - INFO - chord#: 75 done. best_score=36.0, changed=517, unchanged=315, early_stops=8/8
26 - INFO - chord#: 76 In build_straw_man_chord_sa. tolerance = 1, sa_iterations = 1000, initial_temperature = 3.0, cooling_rate = 0.999
26 - INFO - chord#: 70 done. best_score=27.0, changed=533, unchanged=491, early_stops=8/8
26 - INFO - chord#: 72 In build_straw_man_chord_sa. tolerance = 1, sa_iterations = 1000, initial_temperature = 3.0, cooling_rate = 0.999
26 - INFO - chord#: 66 done. best_score=70.0, changed=612, unchanged=340, early_stops=8/8
26 - INFO - chord#: 68 In build_straw_man_chord_sa. tolerance = 1, sa_iterations = 1000, initial_temperature = 3.0, cooling_rate = 0.999
26 - INFO - chord#: 80 done. best_score=67.0, changed=616, unchanged=466, early_stops=8/8
26 - INFO - chord#: 82 In build_straw_man_chord_sa. tolerance = 1, sa_iterations = 1000, initial_temperature = 3.0, cooling_rate = 0.999
26 - INFO - chord#: 74 done. best_score=143.0, changed=609, unchanged=286, early_stops=8/8
26 - INFO - chord#: 75 In build_straw_man_chord_sa. tolerance = 1, sa_iterations = 1000, initial_temperature = 3.0, cooling_rate = 0.999
26 - INFO - chord#: 68 done. best_score=31.0, changed=527, unchanged=365, early_stops=8/8
26 - INFO - chord#: 70 In build_straw_man_chord_sa. tolerance = 1, sa_iterations = 1000, initial_temperature = 3.0, cooling_rate = 0.999
26 - INFO - chord#: 80 done. best_score=67.0, changed=613, unchanged=246, early_stops=8/8
26 - INFO - chord#: 82 In build_straw_man_chord_sa. tolerance = 1, sa_iterations = 1000, initial_temperature = 3.0, cooling_rate = 0.999
26 - INFO - chord#: 80 done. best_score=145.0, changed=611, unchanged=242, early_stops=8/8
26 - INFO - chord#: 82 In build_straw_man_chord_sa. tolerance = 1, sa_iterations = 1000, initial_temperature = 3.0, cooling_rate = 0.999
26 - INFO - chord#: 66 done. best_score=103.0, changed=613, unchanged=344, early_stops=8/8
26 - INFO - chord#: 68 In build_straw_man_chord_sa. tolerance = 1, sa_iterations = 1000, initial_temperature = 3.0, cooling_rate = 0.999
26 - INFO - chord#: 70 done. best_score=27.0, changed=527, unchanged=378, early_stops=8/8
26 - INFO - chord#: 72 In build_straw_man_chord_sa. tolerance = 1, sa_iterations = 1000, initial_temperature = 3.0, cooling_rate = 0.999
26 - INFO - chord#: 82 done. best_score=35.0, changed=578, unchanged=245, early_stops=8/8
26 - INFO - chord#: 84 In build_straw_man_chord_sa. tolerance = 1, sa_iterations = 1000, initial_temperature = 3.0, cooling_rate = 0.999
26 - INFO - chord#: 80 done. best_score=119.0, changed=611, unchanged=276, early_stops=8/8
26 - INFO - chord#: 82 In build_straw_man_chord_sa. tolerance = 1, sa_iterations = 1000, initial_temperature = 3.0, cooling_rate = 0.999
26 - INFO - chord#: 68 done. best_score=31.0, changed=513, unchanged=296, early_stops=8/8
26 - INFO - chord#: 70 In build_straw_man_chord_sa. tolerance = 1, sa_iterations = 1000, initial_temperature = 3.0, cooling_rate = 0.999
26 - INFO - chord#: 76 done. best_score=27.0, changed=523, unchanged=417, early_stops=8/8
26 - INFO - chord#: 78 In build_straw_man_chord_sa. tolerance = 1, sa_iterations = 1000, initial_temperature = 3.0, cooling_rate = 0.999
26 - INFO - chord#: 75 done. best_score=27.0, changed=534, unchanged=354, early_stops=8/8
26 - INFO - chord#: 76 In build_straw_man_chord_sa. tolerance = 1, sa_iterations = 1000, initial_temperature = 3.0, cooling_rate = 0.999
26 - INFO - chord#: 72 done. best_score=47.0, changed=524, unchanged=351, early_stops=8/8
26 - INFO - chord#: 74 In build_straw_man_chord_sa. tolerance = 1, sa_iterations = 1000, initial_temperature = 3.0, cooling_rate = 0.999
26 - INFO - chord#: 82 done. best_score=35.0, changed=520, unchanged=306, early_stops=8/8
26 - INFO - chord#: 84 In build_straw_man_chord_sa. tolerance = 1, sa_iterations = 1000, initial_temperature = 3.0, cooling_rate = 0.999
26 - INFO - chord#: 82 done. best_score=35.0, changed=533, unchanged=373, early_stops=8/8
26 - INFO - chord#: 84 In build_straw_man_chord_sa. tolerance = 1, sa_iterations = 1000, initial_temperature = 3.0, cooling_rate = 0.999
26 - INFO - chord#: 70 done. best_score=27.0, changed=523, unchanged=335, early_stops=8/8
26 - INFO - chord#: 72 In build_straw_man_chord_sa. tolerance = 1, sa_iterations = 1000, initial_temperature = 3.0, cooling_rate = 0.999
26 - INFO - chord#: 68 done. best_score=58.0, changed=526, unchanged=372, early_stops=8/8
26 - INFO - chord#: 70 In build_straw_man_chord_sa. tolerance = 1, sa_iterations = 1000, initial_temperature = 3.0, cooling_rate = 0.999
26 - INFO - chord#: 84 done. best_score=27.0, changed=514, unchanged=329, early_stops=8/8
26 - INFO - chord#: 86 In build_straw_man_chord_sa. tolerance = 1, sa_iterations = 1000, initial_temperature = 3.0, cooling_rate = 0.999
26 - INFO - chord#: 70 done. best_score=27.0, changed=513, unchanged=343, early_stops=8/8
26 - INFO - chord#: 72 In build_straw_man_chord_sa. tolerance = 1, sa_iterations = 1000, initial_temperature = 3.0, cooling_rate = 0.999
26 - INFO - chord#: 82 done. best_score=37.0, changed=528, unchanged=472, early_stops=8/8
26 - INFO - chord#: 84 In build_straw_man_chord_sa. tolerance = 1, sa_iterations = 1000, initial_temperature = 3.0, cooling_rate = 0.999
26 - INFO - chord#: 76 done. best_score=27.0, changed=522, unchanged=387, early_stops=8/8
26 - INFO - chord#: 78 In build_straw_man_chord_sa. tolerance = 1, sa_iterations = 1000, initial_temperature = 3.0, cooling_rate = 0.999
26 - INFO - chord#: 80 done. best_score=137.0, changed=612, unchanged=505, early_stops=8/8
26 - INFO - chord#: 82 In build_straw_man_chord_sa. tolerance = 1, sa_iterations = 1000, initial_temperature = 3.0, cooling_rate = 0.999
26 - INFO - chord#: 72 done. best_score=36.0, changed=530, unchanged=477, early_stops=8/8
26 - INFO - chord#: 74 In build_straw_man_chord_sa. tolerance = 1, sa_iterations = 1000, initial_temperature = 3.0, cooling_rate = 0.999
26 - INFO - chord#: 78 done. best_score=27.0, changed=514, unchanged=385, early_stops=8/8
26 - INFO - chord#: 79 In build_straw_man_chord_sa. tolerance = 1, sa_iterations = 1000, initial_temperature = 3.0, cooling_rate = 0.999
26 - INFO - chord#: 84 done. best_score=27.0, changed=523, unchanged=431, early_stops=8/8
26 - INFO - chord#: 86 In build_straw_man_chord_sa. tolerance = 1, sa_iterations = 1000, initial_temperature = 3.0, cooling_rate = 0.999
26 - INFO - chord#: 84 done. best_score=27.0, changed=521, unchanged=473, early_stops=8/8
26 - INFO - chord#: 86 In build_straw_man_chord_sa. tolerance = 1, sa_iterations = 1000, initial_temperature = 3.0, cooling_rate = 0.999
26 - INFO - chord#: 70 done. best_score=85.0, changed=537, unchanged=309, early_stops=8/8
26 - INFO - chord#: 72 In build_straw_man_chord_sa. tolerance = 1, sa_iterations = 1000, initial_temperature = 3.0, cooling_rate = 0.999
26 - INFO - chord#: 86 done. best_score=27.0, changed=532, unchanged=415, early_stops=8/8
26 - INFO - chord#: 87 In build_straw_man_chord_sa. tolerance = 1, sa_iterations = 1000, initial_temperature = 3.0, cooling_rate = 0.999
26 - INFO - chord#: 72 done. best_score=36.0, changed=524, unchanged=401, early_stops=8/8
26 - INFO - chord#: 74 In build_straw_man_chord_sa. tolerance = 1, sa_iterations = 1000, initial_temperature = 3.0, cooling_rate = 0.999
26 - INFO - chord#: 82 done. best_score=35.0, changed=527, unchanged=286, early_stops=8/8
26 - INFO - chord#: 84 In build_straw_man_chord_sa. tolerance = 1, sa_iterations = 1000, initial_temperature = 3.0, cooling_rate = 0.999
26 - INFO - chord#: 84 done. best_score=27.0, changed=521, unchanged=461, early_stops=8/8
26 - INFO - chord#: 86 In build_straw_man_chord_sa. tolerance = 1, sa_iterations = 1000, initial_temperature = 3.0, cooling_rate = 0.999
26 - INFO - chord#: 78 done. best_score=27.0, changed=525, unchanged=483, early_stops=8/8
26 - INFO - chord#: 79 In build_straw_man_chord_sa. tolerance = 1, sa_iterations = 1000, initial_temperature = 3.0, cooling_rate = 0.999
26 - INFO - chord#: 86 done. best_score=27.0, changed=520, unchanged=390, early_stops=8/8
26 - INFO - chord#: 87 In build_straw_man_chord_sa. tolerance = 1, sa_iterations = 1000, initial_temperature = 3.0, cooling_rate = 0.999
26 - INFO - chord#: 72 done. best_score=47.0, changed=526, unchanged=349, early_stops=8/8
26 - INFO - chord#: 74 In build_straw_man_chord_sa. tolerance = 1, sa_iterations = 1000, initial_temperature = 3.0, cooling_rate = 0.999
26 - INFO - chord#: 86 done. best_score=27.0, changed=519, unchanged=338, early_stops=8/8
26 - INFO - chord#: 87 In build_straw_man_chord_sa. tolerance = 1, sa_iterations = 1000, initial_temperature = 3.0, cooling_rate = 0.999
26 - INFO - chord#: 79 done. best_score=27.0, changed=518, unchanged=362, early_stops=8/8
26 - INFO - chord#: 80 In build_straw_man_chord_sa. tolerance = 1, sa_iterations = 1000, initial_temperature = 3.0, cooling_rate = 0.999
26 - INFO - chord#: 86 done. best_score=27.0, changed=522, unchanged=341, early_stops=8/8
26 - INFO - chord#: 87 In build_straw_man_chord_sa. tolerance = 1, sa_iterations = 1000, initial_temperature = 3.0, cooling_rate = 0.999
26 - INFO - chord#: 72 done. best_score=36.0, changed=519, unchanged=371, early_stops=8/8
26 - INFO - chord#: 74 In build_straw_man_chord_sa. tolerance = 1, sa_iterations = 1000, initial_temperature = 3.0, cooling_rate = 0.999
26 - INFO - chord#: 84 done. best_score=27.0, changed=527, unchanged=494, early_stops=8/8
26 - INFO - chord#: 86 In build_straw_man_chord_sa. tolerance = 1, sa_iterations = 1000, initial_temperature = 3.0, cooling_rate = 0.999
26 - INFO - chord#: 79 done. best_score=27.0, changed=526, unchanged=572, early_stops=8/8
26 - INFO - chord#: 80 In build_straw_man_chord_sa. tolerance = 1, sa_iterations = 1000, initial_temperature = 3.0, cooling_rate = 0.999
26 - INFO - chord#: 74 done. best_score=124.0, changed=618, unchanged=409, early_stops=8/8
26 - INFO - chord#: 75 In build_straw_man_chord_sa. tolerance = 1, sa_iterations = 1000, initial_temperature = 3.0, cooling_rate = 0.999
26 - INFO - chord#: 87 done. best_score=67.0, changed=609, unchanged=264, early_stops=8/8
26 - INFO - chord#: 88 In build_straw_man_chord_sa. tolerance = 1, sa_iterations = 1000, initial_temperature = 3.0, cooling_rate = 0.999
26 - INFO - chord#: 86 done. best_score=27.0, changed=520, unchanged=377, early_stops=8/8
26 - INFO - chord#: 87 In build_straw_man_chord_sa. tolerance = 1, sa_iterations = 1000, initial_temperature = 3.0, cooling_rate = 0.999
26 - INFO - chord#: 87 done. best_score=67.0, changed=607, unchanged=249, early_stops=8/8
26 - INFO - chord#: 88 In build_straw_man_chord_sa. tolerance = 1, sa_iterations = 1000, initial_temperature = 3.0, cooling_rate = 0.999
26 - INFO - chord#: 87 done. best_score=137.0, changed=608, unchanged=273, early_stops=8/8
26 - INFO - chord#: 88 In build_straw_man_chord_sa. tolerance = 1, sa_iterations = 1000, initial_temperature = 3.0, cooling_rate = 0.999
26 - INFO - chord#: 75 done. best_score=27.0, changed=527, unchanged=302, early_stops=8/8
26 - INFO - chord#: 76 In build_straw_man_chord_sa. tolerance = 1, sa_iterations = 1000, initial_temperature = 3.0, cooling_rate = 0.999
26 - INFO - chord#: 88 done. best_score=27.0, changed=514, unchanged=315, early_stops=8/8
26 - INFO - chord#: 96 In build_straw_man_chord_sa. tolerance = 1, sa_iterations = 1000, initial_temperature = 3.0, cooling_rate = 0.999
26 - INFO - chord#: 74 done. best_score=141.0, changed=611, unchanged=392, early_stops=8/8
26 - INFO - chord#: 75 In build_straw_man_chord_sa. tolerance = 1, sa_iterations = 1000, initial_temperature = 3.0, cooling_rate = 0.999
26 - INFO - chord#: 74 done. best_score=121.0, changed=608, unchanged=221, early_stops=8/8
26 - INFO - chord#: 75 In build_straw_man_chord_sa. tolerance = 1, sa_iterations = 1000, initial_temperature = 3.0, cooling_rate = 0.999
26 - INFO - chord#: 74 done. best_score=154.0, changed=613, unchanged=302, early_stops=8/8
26 - INFO - chord#: 75 In build_straw_man_chord_sa. tolerance = 1, sa_iterations = 1000, initial_temperature = 3.0, cooling_rate = 0.999
26 - INFO - chord#: 87 done. best_score=162.0, changed=613, unchanged=297, early_stops=8/8
26 - INFO - chord#: 88 In build_straw_man_chord_sa. tolerance = 1, sa_iterations = 1000, initial_temperature = 3.0, cooling_rate = 0.999
26 - INFO - chord#: 80 done. best_score=119.0, changed=613, unchanged=266, early_stops=8/8
26 - INFO - chord#: 82 In build_straw_man_chord_sa. tolerance = 1, sa_iterations = 1000, initial_temperature = 3.0, cooling_rate = 0.999
26 - INFO - chord#: 88 done. best_score=27.0, changed=524, unchanged=360, early_stops=8/8
26 - INFO - chord#: 96 In build_straw_man_chord_sa. tolerance = 1, sa_iterations = 1000, initial_temperature = 3.0, cooling_rate = 0.999
26 - INFO - chord#: 88 done. best_score=27.0, changed=526, unchanged=394, early_stops=8/8
26 - INFO - chord#: 96 In build_straw_man_chord_sa. tolerance = 1, sa_iterations = 1000, initial_temperature = 3.0, cooling_rate = 0.999
26 - INFO - chord#: 80 done. best_score=137.0, changed=607, unchanged=308, early_stops=8/8
26 - INFO - chord#: 82 In build_straw_man_chord_sa. tolerance = 1, sa_iterations = 1000, initial_temperature = 3.0, cooling_rate = 0.999
26 - INFO - chord#: 96 done. best_score=27.0, changed=527, unchanged=460, early_stops=8/8
26 - INFO - chord#: 98 In build_straw_man_chord_sa. tolerance = 1, sa_iterations = 1000, initial_temperature = 3.0, cooling_rate = 0.999
26 - INFO - chord#: 75 done. best_score=27.0, changed=519, unchanged=319, early_stops=8/8
26 - INFO - chord#: 76 In build_straw_man_chord_sa. tolerance = 1, sa_iterations = 1000, initial_temperature = 3.0, cooling_rate = 0.999
26 - INFO - chord#: 76 done. best_score=27.0, changed=529, unchanged=438, early_stops=8/8
26 - INFO - chord#: 78 In build_straw_man_chord_sa. tolerance = 1, sa_iterations = 1000, initial_temperature = 3.0, cooling_rate = 0.999
26 - INFO - chord#: 74 done. best_score=141.0, changed=610, unchanged=287, early_stops=8/8
26 - INFO - chord#: 75 In build_straw_man_chord_sa. tolerance = 1, sa_iterations = 1000, initial_temperature = 3.0, cooling_rate = 0.999
26 - INFO - chord#: 75 done. best_score=27.0, changed=537, unchanged=369, early_stops=8/8
26 - INFO - chord#: 76 In build_straw_man_chord_sa. tolerance = 1, sa_iterations = 1000, initial_temperature = 3.0, cooling_rate = 0.999
26 - INFO - chord#: 75 done. best_score=36.0, changed=532, unchanged=392, early_stops=8/8
26 - INFO - chord#: 76 In build_straw_man_chord_sa. tolerance = 1, sa_iterations = 1000, initial_temperature = 3.0, cooling_rate = 0.999
26 - INFO - chord#: 88 done. best_score=27.0, changed=526, unchanged=390, early_stops=8/8
26 - INFO - chord#: 96 In build_straw_man_chord_sa. tolerance = 1, sa_iterations = 1000, initial_temperature = 3.0, cooling_rate = 0.999
26 - INFO - chord#: 87 done. best_score=137.0, changed=609, unchanged=268, early_stops=8/8
26 - INFO - chord#: 88 In build_straw_man_chord_sa. tolerance = 1, sa_iterations = 1000, initial_temperature = 3.0, cooling_rate = 0.999
26 - INFO - chord#: 96 done. best_score=27.0, changed=532, unchanged=361, early_stops=8/8
26 - INFO - chord#: 98 In build_straw_man_chord_sa. tolerance = 1, sa_iterations = 1000, initial_temperature = 3.0, cooling_rate = 0.999
26 - INFO - chord#: 96 done. best_score=27.0, changed=526, unchanged=349, early_stops=8/8
26 - INFO - chord#: 98 In build_straw_man_chord_sa. tolerance = 1, sa_iterations = 1000, initial_temperature = 3.0, cooling_rate = 0.999
26 - INFO - chord#: 82 done. best_score=35.0, changed=527, unchanged=313, early_stops=8/8
26 - INFO - chord#: 84 In build_straw_man_chord_sa. tolerance = 1, sa_iterations = 1000, initial_temperature = 3.0, cooling_rate = 0.999
26 - INFO - chord#: 82 done. best_score=37.0, changed=518, unchanged=316, early_stops=8/8
26 - INFO - chord#: 84 In build_straw_man_chord_sa. tolerance = 1, sa_iterations = 1000, initial_temperature = 3.0, cooling_rate = 0.999
26 - INFO - chord#: 76 done. best_score=27.0, changed=527, unchanged=340, early_stops=8/8
26 - INFO - chord#: 78 In build_straw_man_chord_sa. tolerance = 1, sa_iterations = 1000, initial_temperature = 3.0, cooling_rate = 0.999
26 - INFO - chord#: 75 done. best_score=27.0, changed=519, unchanged=330, early_stops=8/8
26 - INFO - chord#: 76 In build_straw_man_chord_sa. tolerance = 1, sa_iterations = 1000, initial_temperature = 3.0, cooling_rate = 0.999
26 - INFO - chord#: 96 done. best_score=27.0, changed=520, unchanged=480, early_stops=8/8
26 - INFO - chord#: 98 In build_straw_man_chord_sa. tolerance = 1, sa_iterations = 1000, initial_temperature = 3.0, cooling_rate = 0.999
26 - INFO - chord#: 78 done. best_score=27.0, changed=534, unchanged=462, early_stops=8/8
26 - INFO - chord#: 79 In build_straw_man_chord_sa. tolerance = 1, sa_iterations = 1000, initial_temperature = 3.0, cooling_rate = 0.999
26 - INFO - chord#: 88 done. best_score=27.0, changed=521, unchanged=490, early_stops=8/8
26 - INFO - chord#: 96 In build_straw_man_chord_sa. tolerance = 1, sa_iterations = 1000, initial_temperature = 3.0, cooling_rate = 0.999
26 - INFO - chord#: 76 done. best_score=27.0, changed=523, unchanged=366, early_stops=8/8
26 - INFO - chord#: 78 In build_straw_man_chord_sa. tolerance = 1, sa_iterations = 1000, initial_temperature = 3.0, cooling_rate = 0.999
26 - INFO - chord#: 76 done. best_score=27.0, changed=538, unchanged=451, early_stops=8/8
26 - INFO - chord#: 78 In build_straw_man_chord_sa. tolerance = 1, sa_iterations = 1000, initial_temperature = 3.0, cooling_rate = 0.999
26 - INFO - chord#: 84 done. best_score=27.0, changed=515, unchanged=554, early_stops=8/8
26 - INFO - chord#: 86 In build_straw_man_chord_sa. tolerance = 1, sa_iterations = 1000, initial_temperature = 3.0, cooling_rate = 0.999
26 - INFO - chord#: 84 done. best_score=27.0, changed=517, unchanged=349, early_stops=8/8
26 - INFO - chord#: 86 In build_straw_man_chord_sa. tolerance = 1, sa_iterations = 1000, initial_temperature = 3.0, cooling_rate = 0.999
26 - INFO - chord#: 98 done. best_score=82.0, changed=606, unchanged=314, early_stops=8/8
26 - INFO - chord#: 100 In build_straw_man_chord_sa. tolerance = 1, sa_iterations = 1000, initial_temperature = 3.0, cooling_rate = 0.999
26 - INFO - chord#: 98 done. best_score=90.0, changed=610, unchanged=225, early_stops=8/8
26 - INFO - chord#: 100 In build_straw_man_chord_sa. tolerance = 1, sa_iterations = 1000, initial_temperature = 3.0, cooling_rate = 0.999
26 - INFO - chord#: 76 done. best_score=27.0, changed=520, unchanged=309, early_stops=8/8
26 - INFO - chord#: 78 In build_straw_man_chord_sa. tolerance = 1, sa_iterations = 1000, initial_temperature = 3.0, cooling_rate = 0.999
26 - INFO - chord#: 96 done. best_score=27.0, changed=523, unchanged=392, early_stops=8/8
26 - INFO - chord#: 98 In build_straw_man_chord_sa. tolerance = 1, sa_iterations = 1000, initial_temperature = 3.0, cooling_rate = 0.999
26 - INFO - chord#: 78 done. best_score=27.0, changed=530, unchanged=494, early_stops=8/8
26 - INFO - chord#: 79 In build_straw_man_chord_sa. tolerance = 1, sa_iterations = 1000, initial_temperature = 3.0, cooling_rate = 0.999
26 - INFO - chord#: 86 done. best_score=27.0, changed=522, unchanged=335, early_stops=8/8
26 - INFO - chord#: 87 In build_straw_man_chord_sa. tolerance = 1, sa_iterations = 1000, initial_temperature = 3.0, cooling_rate = 0.999
26 - INFO - chord#: 98 done. best_score=90.0, changed=612, unchanged=297, early_stops=8/8
26 - INFO - chord#: 100 In build_straw_man_chord_sa. tolerance = 1, sa_iterations = 1000, initial_temperature = 3.0, cooling_rate = 0.999
26 - INFO - chord#: 79 done. best_score=27.0, changed=520, unchanged=397, early_stops=8/8
26 - INFO - chord#: 80 In build_straw_man_chord_sa. tolerance = 1, sa_iterations = 1000, initial_temperature = 3.0, cooling_rate = 0.999
26 - INFO - chord#: 78 done. best_score=27.0, changed=529, unchanged=424, early_stops=8/8
26 - INFO - chord#: 79 In build_straw_man_chord_sa. tolerance = 1, sa_iterations = 1000, initial_temperature = 3.0, cooling_rate = 0.999
26 - INFO - chord#: 100 done. best_score=27.0, changed=518, unchanged=362, early_stops=8/8
26 - INFO - chord#: 102 In build_straw_man_chord_sa. tolerance = 1, sa_iterations = 1000, initial_temperature = 3.0, cooling_rate = 0.999
26 - INFO - chord#: 78 done. best_score=27.0, changed=533, unchanged=504, early_stops=8/8
26 - INFO - chord#: 79 In build_straw_man_chord_sa. tolerance = 1, sa_iterations = 1000, initial_temperature = 3.0, cooling_rate = 0.999
26 - INFO - chord#: 86 done. best_score=27.0, changed=521, unchanged=354, early_stops=8/8
26 - INFO - chord#: 87 In build_straw_man_chord_sa. tolerance = 1, sa_iterations = 1000, initial_temperature = 3.0, cooling_rate = 0.999
26 - INFO - chord#: 100 done. best_score=27.0, changed=528, unchanged=380, early_stops=8/8
26 - INFO - chord#: 102 In build_straw_man_chord_sa. tolerance = 1, sa_iterations = 1000, initial_temperature = 3.0, cooling_rate = 0.999
26 - INFO - chord#: 98 done. best_score=90.0, changed=612, unchanged=291, early_stops=8/8
26 - INFO - chord#: 100 In build_straw_man_chord_sa. tolerance = 1, sa_iterations = 1000, initial_temperature = 3.0, cooling_rate = 0.999
26 - INFO - chord#: 100 done. best_score=27.0, changed=520, unchanged=392, early_stops=8/8
26 - INFO - chord#: 102 In build_straw_man_chord_sa. tolerance = 1, sa_iterations = 1000, initial_temperature = 3.0, cooling_rate = 0.999
26 - INFO - chord#: 78 done. best_score=27.0, changed=521, unchanged=444, early_stops=8/8
26 - INFO - chord#: 79 In build_straw_man_chord_sa. tolerance = 1, sa_iterations = 1000, initial_temperature = 3.0, cooling_rate = 0.999
26 - INFO - chord#: 79 done. best_score=27.0, changed=528, unchanged=461, early_stops=8/8
26 - INFO - chord#: 80 In build_straw_man_chord_sa. tolerance = 1, sa_iterations = 1000, initial_temperature = 3.0, cooling_rate = 0.999
26 - INFO - chord#: 79 done. best_score=27.0, changed=524, unchanged=403, early_stops=8/8
26 - INFO - chord#: 80 In build_straw_man_chord_sa. tolerance = 1, sa_iterations = 1000, initial_temperature = 3.0, cooling_rate = 0.999
26 - INFO - chord#: 79 done. best_score=27.0, changed=522, unchanged=390, early_stops=8/8
26 - INFO - chord#: 80 In build_straw_man_chord_sa. tolerance = 1, sa_iterations = 1000, initial_temperature = 3.0, cooling_rate = 0.999
26 - INFO - chord#: 100 done. best_score=27.0, changed=528, unchanged=316, early_stops=8/8
26 - INFO - chord#: 102 In build_straw_man_chord_sa. tolerance = 1, sa_iterations = 1000, initial_temperature = 3.0, cooling_rate = 0.999
26 - INFO - chord#: 98 done. best_score=82.0, changed=616, unchanged=300, early_stops=8/8
26 - INFO - chord#: 100 In build_straw_man_chord_sa. tolerance = 1, sa_iterations = 1000, initial_temperature = 3.0, cooling_rate = 0.999
26 - INFO - chord#: 79 done. best_score=27.0, changed=521, unchanged=385, early_stops=8/8
26 - INFO - chord#: 80 In build_straw_man_chord_sa. tolerance = 1, sa_iterations = 1000, initial_temperature = 3.0, cooling_rate = 0.999
26 - INFO - chord#: 87 done. best_score=167.0, changed=614, unchanged=368, early_stops=8/8
26 - INFO - chord#: 88 In build_straw_man_chord_sa. tolerance = 1, sa_iterations = 1000, initial_temperature = 3.0, cooling_rate = 0.999
26 - INFO - chord#: 102 done. best_score=104.0, changed=614, unchanged=384, early_stops=8/8
26 - INFO - chord#: 104 In build_straw_man_chord_sa. tolerance = 1, sa_iterations = 1000, initial_temperature = 3.0, cooling_rate = 0.999
26 - INFO - chord#: 102 done. best_score=70.0, changed=608, unchanged=307, early_stops=8/8
26 - INFO - chord#: 104 In build_straw_man_chord_sa. tolerance = 1, sa_iterations = 1000, initial_temperature = 3.0, cooling_rate = 0.999
26 - INFO - chord#: 100 done. best_score=27.0, changed=518, unchanged=313, early_stops=8/8
26 - INFO - chord#: 102 In build_straw_man_chord_sa. tolerance = 1, sa_iterations = 1000, initial_temperature = 3.0, cooling_rate = 0.999
26 - INFO - chord#: 80 done. best_score=67.0, changed=611, unchanged=322, early_stops=8/8
26 - INFO - chord#: 82 In build_straw_man_chord_sa. tolerance = 1, sa_iterations = 1000, initial_temperature = 3.0, cooling_rate = 0.999
26 - INFO - chord#: 87 done. best_score=183.0, changed=610, unchanged=276, early_stops=8/8
26 - INFO - chord#: 88 In build_straw_man_chord_sa. tolerance = 1, sa_iterations = 1000, initial_temperature = 3.0, cooling_rate = 0.999
26 - INFO - chord#: 88 done. best_score=27.0, changed=524, unchanged=371, early_stops=8/8
26 - INFO - chord#: 96 In build_straw_man_chord_sa. tolerance = 1, sa_iterations = 1000, initial_temperature = 3.0, cooling_rate = 0.999
26 - INFO - chord#: 104 done. best_score=27.0, changed=533, unchanged=357, early_stops=8/8
26 - INFO - chord#: 106 In build_straw_man_chord_sa. tolerance = 1, sa_iterations = 1000, initial_temperature = 3.0, cooling_rate = 0.999
26 - INFO - chord#: 102 done. best_score=70.0, changed=614, unchanged=310, early_stops=8/8
26 - INFO - chord#: 104 In build_straw_man_chord_sa. tolerance = 1, sa_iterations = 1000, initial_temperature = 3.0, cooling_rate = 0.999
26 - INFO - chord#: 102 done. best_score=70.0, changed=615, unchanged=525, early_stops=8/8
26 - INFO - chord#: 104 In build_straw_man_chord_sa. tolerance = 1, sa_iterations = 1000, initial_temperature = 3.0, cooling_rate = 0.999
26 - INFO - chord#: 104 done. best_score=27.0, changed=523, unchanged=453, early_stops=8/8
26 - INFO - chord#: 106 In build_straw_man_chord_sa. tolerance = 1, sa_iterations = 1000, initial_temperature = 3.0, cooling_rate = 0.999
26 - INFO - chord#: 82 done. best_score=35.0, changed=547, unchanged=307, early_stops=8/8
26 - INFO - chord#: 84 In build_straw_man_chord_sa. tolerance = 1, sa_iterations = 1000, initial_temperature = 3.0, cooling_rate = 0.999
26 - INFO - chord#: 88 done. best_score=27.0, changed=523, unchanged=347, early_stops=8/8
26 - INFO - chord#: 96 In build_straw_man_chord_sa. tolerance = 1, sa_iterations = 1000, initial_temperature = 3.0, cooling_rate = 0.999
26 - INFO - chord#: 96 done. best_score=27.0, changed=520, unchanged=377, early_stops=8/8
26 - INFO - chord#: 98 In build_straw_man_chord_sa. tolerance = 1, sa_iterations = 1000, initial_temperature = 3.0, cooling_rate = 0.999
26 - INFO - chord#: 80 done. best_score=145.0, changed=608, unchanged=307, early_stops=8/8
26 - INFO - chord#: 82 In build_straw_man_chord_sa. tolerance = 1, sa_iterations = 1000, initial_temperature = 3.0, cooling_rate = 0.999
26 - INFO - chord#: 102 done. best_score=70.0, changed=606, unchanged=218, early_stops=8/8
26 - INFO - chord#: 104 In build_straw_man_chord_sa. tolerance = 1, sa_iterations = 1000, initial_temperature = 3.0, cooling_rate = 0.999
26 - INFO - chord#: 104 done. best_score=27.0, changed=522, unchanged=372, early_stops=8/8
26 - INFO - chord#: 106 In build_straw_man_chord_sa. tolerance = 1, sa_iterations = 1000, initial_temperature = 3.0, cooling_rate = 0.999
26 - INFO - chord#: 104 done. best_score=27.0, changed=529, unchanged=386, early_stops=8/8
26 - INFO - chord#: 106 In build_straw_man_chord_sa. tolerance = 1, sa_iterations = 1000, initial_temperature = 3.0, cooling_rate = 0.999
26 - INFO - chord#: 84 done. best_score=27.0, changed=517, unchanged=352, early_stops=8/8
26 - INFO - chord#: 86 In build_straw_man_chord_sa. tolerance = 1, sa_iterations = 1000, initial_temperature = 3.0, cooling_rate = 0.999
26 - INFO - chord#: 80 done. best_score=78.0, changed=612, unchanged=511, early_stops=8/8
26 - INFO - chord#: 82 In build_straw_man_chord_sa. tolerance = 1, sa_iterations = 1000, initial_temperature = 3.0, cooling_rate = 0.999
26 - INFO - chord#: 80 done. best_score=78.0, changed=613, unchanged=613, early_stops=8/8
26 - INFO - chord#: 82 In build_straw_man_chord_sa. tolerance = 1, sa_iterations = 1000, initial_temperature = 3.0, cooling_rate = 0.999
26 - INFO - chord#: 96 done. best_score=27.0, changed=523, unchanged=410, early_stops=8/8
26 - INFO - chord#: 98 In build_straw_man_chord_sa. tolerance = 1, sa_iterations = 1000, initial_temperature = 3.0, cooling_rate = 0.999
26 - INFO - chord#: 80 done. best_score=78.0, changed=613, unchanged=346, early_stops=8/8
26 - INFO - chord#: 82 In build_straw_man_chord_sa. tolerance = 1, sa_iterations = 1000, initial_temperature = 3.0, cooling_rate = 0.999
26 - INFO - chord#: 82 done. best_score=35.0, changed=520, unchanged=307, early_stops=8/8
26 - INFO - chord#: 84 In build_straw_man_chord_sa. tolerance = 1, sa_iterations = 1000, initial_temperature = 3.0, cooling_rate = 0.999
26 - INFO - chord#: 106 done. best_score=162.0, changed=610, unchanged=267, early_stops=8/8
26 - INFO - chord#: 108 In build_straw_man_chord_sa. tolerance = 1, sa_iterations = 1000, initial_temperature = 3.0, cooling_rate = 0.999
26 - INFO - chord#: 104 done. best_score=27.0, changed=529, unchanged=422, early_stops=8/8
26 - INFO - chord#: 106 In build_straw_man_chord_sa. tolerance = 1, sa_iterations = 1000, initial_temperature = 3.0, cooling_rate = 0.999
26 - INFO - chord#: 106 done. best_score=82.0, changed=610, unchanged=257, early_stops=8/8
26 - INFO - chord#: 108 In build_straw_man_chord_sa. tolerance = 1, sa_iterations = 1000, initial_temperature = 3.0, cooling_rate = 0.999
26 - INFO - chord#: 86 done. best_score=27.0, changed=526, unchanged=416, early_stops=8/8
26 - INFO - chord#: 87 In build_straw_man_chord_sa. tolerance = 1, sa_iterations = 1000, initial_temperature = 3.0, cooling_rate = 0.999
26 - INFO - chord#: 98 done. best_score=82.0, changed=609, unchanged=296, early_stops=8/8
26 - INFO - chord#: 100 In build_straw_man_chord_sa. tolerance = 1, sa_iterations = 1000, initial_temperature = 3.0, cooling_rate = 0.999
26 - INFO - chord#: 82 done. best_score=37.0, changed=529, unchanged=325, early_stops=8/8
26 - INFO - chord#: 84 In build_straw_man_chord_sa. tolerance = 1, sa_iterations = 1000, initial_temperature = 3.0, cooling_rate = 0.999
26 - INFO - chord#: 82 done. best_score=37.0, changed=531, unchanged=347, early_stops=8/8
26 - INFO - chord#: 84 In build_straw_man_chord_sa. tolerance = 1, sa_iterations = 1000, initial_temperature = 3.0, cooling_rate = 0.999
26 - INFO - chord#: 82 done. best_score=37.0, changed=529, unchanged=357, early_stops=8/8
26 - INFO - chord#: 84 In build_straw_man_chord_sa. tolerance = 1, sa_iterations = 1000, initial_temperature = 3.0, cooling_rate = 0.999
26 - INFO - chord#: 108 done. best_score=27.0, changed=527, unchanged=358, early_stops=8/8
26 - INFO - chord#: 110 In build_straw_man_chord_sa. tolerance = 1, sa_iterations = 1000, initial_temperature = 3.0, cooling_rate = 0.999
26 - INFO - chord#: 106 done. best_score=82.0, changed=615, unchanged=260, early_stops=8/8
26 - INFO - chord#: 108 In build_straw_man_chord_sa. tolerance = 1, sa_iterations = 1000, initial_temperature = 3.0, cooling_rate = 0.999
26 - INFO - chord#: 108 done. best_score=27.0, changed=534, unchanged=394, early_stops=8/8
26 - INFO - chord#: 110 In build_straw_man_chord_sa. tolerance = 1, sa_iterations = 1000, initial_temperature = 3.0, cooling_rate = 0.999
26 - INFO - chord#: 106 done. best_score=136.0, changed=616, unchanged=281, early_stops=8/8
26 - INFO - chord#: 108 In build_straw_man_chord_sa. tolerance = 1, sa_iterations = 1000, initial_temperature = 3.0, cooling_rate = 0.999
26 - INFO - chord#: 84 done. best_score=27.0, changed=519, unchanged=459, early_stops=8/8
26 - INFO - chord#: 86 In build_straw_man_chord_sa. tolerance = 1, sa_iterations = 1000, initial_temperature = 3.0, cooling_rate = 0.999
26 - INFO - chord#: 100 done. best_score=27.0, changed=514, unchanged=311, early_stops=8/8
26 - INFO - chord#: 102 In build_straw_man_chord_sa. tolerance = 1, sa_iterations = 1000, initial_temperature = 3.0, cooling_rate = 0.999
26 - INFO - chord#: 108 done. best_score=27.0, changed=562, unchanged=257, early_stops=8/8
26 - INFO - chord#: 110 In build_straw_man_chord_sa. tolerance = 1, sa_iterations = 1000, initial_temperature = 3.0, cooling_rate = 0.999
26 - INFO - chord#: 110 done. best_score=27.0, changed=531, unchanged=363, early_stops=8/8
26 - INFO - chord#: 112 In build_straw_man_chord_sa. tolerance = 1, sa_iterations = 1000, initial_temperature = 3.0, cooling_rate = 0.999
26 - INFO - chord#: 108 done. best_score=27.0, changed=521, unchanged=334, early_stops=8/8
26 - INFO - chord#: 110 In build_straw_man_chord_sa. tolerance = 1, sa_iterations = 1000, initial_temperature = 3.0, cooling_rate = 0.999
26 - INFO - chord#: 110 done. best_score=27.0, changed=523, unchanged=403, early_stops=8/8
26 - INFO - chord#: 112 In build_straw_man_chord_sa. tolerance = 1, sa_iterations = 1000, initial_temperature = 3.0, cooling_rate = 0.999
26 - INFO - chord#: 84 done. best_score=27.0, changed=516, unchanged=442, early_stops=8/8
26 - INFO - chord#: 86 In build_straw_man_chord_sa. tolerance = 1, sa_iterations = 1000, initial_temperature = 3.0, cooling_rate = 0.999
26 - INFO - chord#: 84 done. best_score=27.0, changed=522, unchanged=433, early_stops=8/8
26 - INFO - chord#: 86 In build_straw_man_chord_sa. tolerance = 1, sa_iterations = 1000, initial_temperature = 3.0, cooling_rate = 0.999
26 - INFO - chord#: 84 done. best_score=27.0, changed=522, unchanged=458, early_stops=8/8
26 - INFO - chord#: 86 In build_straw_man_chord_sa. tolerance = 1, sa_iterations = 1000, initial_temperature = 3.0, cooling_rate = 0.999
26 - INFO - chord#: 106 done. best_score=82.0, changed=612, unchanged=291, early_stops=8/8
26 - INFO - chord#: 108 In build_straw_man_chord_sa. tolerance = 1, sa_iterations = 1000, initial_temperature = 3.0, cooling_rate = 0.999
26 - INFO - chord#: 86 done. best_score=27.0, changed=522, unchanged=374, early_stops=8/8
26 - INFO - chord#: 87 In build_straw_man_chord_sa. tolerance = 1, sa_iterations = 1000, initial_temperature = 3.0, cooling_rate = 0.999
26 - INFO - chord#: 98 done. best_score=90.0, changed=612, unchanged=357, early_stops=8/8
26 - INFO - chord#: 100 In build_straw_man_chord_sa. tolerance = 1, sa_iterations = 1000, initial_temperature = 3.0, cooling_rate = 0.999
26 - INFO - chord#: 110 done. best_score=27.0, changed=521, unchanged=313, early_stops=8/8
26 - INFO - chord#: 112 In build_straw_man_chord_sa. tolerance = 1, sa_iterations = 1000, initial_temperature = 3.0, cooling_rate = 0.999
26 - INFO - chord#: 110 done. best_score=27.0, changed=533, unchanged=400, early_stops=8/8
26 - INFO - chord#: 112 In build_straw_man_chord_sa. tolerance = 1, sa_iterations = 1000, initial_temperature = 3.0, cooling_rate = 0.999
26 - INFO - chord#: 108 done. best_score=27.0, changed=540, unchanged=346, early_stops=8/8
26 - INFO - chord#: 110 In build_straw_man_chord_sa. tolerance = 1, sa_iterations = 1000, initial_temperature = 3.0, cooling_rate = 0.999
26 - INFO - chord#: 87 done. best_score=137.0, changed=613, unchanged=243, early_stops=8/8
26 - INFO - chord#: 88 In build_straw_man_chord_sa. tolerance = 1, sa_iterations = 1000, initial_temperature = 3.0, cooling_rate = 0.999
26 - INFO - chord#: 86 done. best_score=27.0, changed=516, unchanged=410, early_stops=8/8
26 - INFO - chord#: 87 In build_straw_man_chord_sa. tolerance = 1, sa_iterations = 1000, initial_temperature = 3.0, cooling_rate = 0.999
26 - INFO - chord#: 86 done. best_score=27.0, changed=523, unchanged=470, early_stops=8/8
26 - INFO - chord#: 87 In build_straw_man_chord_sa. tolerance = 1, sa_iterations = 1000, initial_temperature = 3.0, cooling_rate = 0.999
26 - INFO - chord#: 86 done. best_score=27.0, changed=523, unchanged=383, early_stops=8/8
26 - INFO - chord#: 87 In build_straw_man_chord_sa. tolerance = 1, sa_iterations = 1000, initial_temperature = 3.0, cooling_rate = 0.999
26 - INFO - chord#: 102 done. best_score=156.0, changed=615, unchanged=250, early_stops=8/8
26 - INFO - chord#: 104 In build_straw_man_chord_sa. tolerance = 1, sa_iterations = 1000, initial_temperature = 3.0, cooling_rate = 0.999
26 - INFO - chord#: 100 done. best_score=27.0, changed=526, unchanged=347, early_stops=8/8
26 - INFO - chord#: 102 In build_straw_man_chord_sa. tolerance = 1, sa_iterations = 1000, initial_temperature = 3.0, cooling_rate = 0.999
26 - INFO - chord#: 112 done. best_score=142.0, changed=605, unchanged=282, early_stops=8/8
26 - INFO - chord#: 114 In build_straw_man_chord_sa. tolerance = 1, sa_iterations = 1000, initial_temperature = 3.0, cooling_rate = 0.999
26 - INFO - chord#: 110 done. best_score=27.0, changed=528, unchanged=318, early_stops=8/8
26 - INFO - chord#: 112 In build_straw_man_chord_sa. tolerance = 1, sa_iterations = 1000, initial_temperature = 3.0, cooling_rate = 0.999
26 - INFO - chord#: 88 done. best_score=27.0, changed=517, unchanged=345, early_stops=8/8
26 - INFO - chord#: 96 In build_straw_man_chord_sa. tolerance = 1, sa_iterations = 1000, initial_temperature = 3.0, cooling_rate = 0.999
26 - INFO - chord#: 112 done. best_score=67.0, changed=610, unchanged=271, early_stops=8/8
26 - INFO - chord#: 114 In build_straw_man_chord_sa. tolerance = 1, sa_iterations = 1000, initial_temperature = 3.0, cooling_rate = 0.999
26 - INFO - chord#: 104 done. best_score=27.0, changed=525, unchanged=338, early_stops=8/8
26 - INFO - chord#: 106 In build_straw_man_chord_sa. tolerance = 1, sa_iterations = 1000, initial_temperature = 3.0, cooling_rate = 0.999
26 - INFO - chord#: 87 done. best_score=67.0, changed=607, unchanged=251, early_stops=8/8
26 - INFO - chord#: 88 In build_straw_man_chord_sa. tolerance = 1, sa_iterations = 1000, initial_temperature = 3.0, cooling_rate = 0.999
26 - INFO - chord#: 114 done. best_score=36.0, changed=530, unchanged=350, early_stops=8/8
26 - INFO - chord#: 116 In build_straw_man_chord_sa. tolerance = 1, sa_iterations = 1000, initial_temperature = 3.0, cooling_rate = 0.999
26 - INFO - chord#: 112 done. best_score=137.0, changed=616, unchanged=218, early_stops=8/8
26 - INFO - chord#: 114 In build_straw_man_chord_sa. tolerance = 1, sa_iterations = 1000, initial_temperature = 3.0, cooling_rate = 0.999
26 - INFO - chord#: 96 done. best_score=27.0, changed=511, unchanged=307, early_stops=8/8
26 - INFO - chord#: 98 In build_straw_man_chord_sa. tolerance = 1, sa_iterations = 1000, initial_temperature = 3.0, cooling_rate = 0.999
26 - INFO - chord#: 114 done. best_score=36.0, changed=537, unchanged=432, early_stops=8/8
26 - INFO - chord#: 116 In build_straw_man_chord_sa. tolerance = 1, sa_iterations = 1000, initial_temperature = 3.0, cooling_rate = 0.999
26 - INFO - chord#: 112 done. best_score=78.0, changed=614, unchanged=397, early_stops=8/8
26 - INFO - chord#: 114 In build_straw_man_chord_sa. tolerance = 1, sa_iterations = 1000, initial_temperature = 3.0, cooling_rate = 0.999
26 - INFO - chord#: 116 done. best_score=31.0, changed=522, unchanged=318, early_stops=8/8
26 - INFO - chord#: 118 In build_straw_man_chord_sa. tolerance = 1, sa_iterations = 1000, initial_temperature = 3.0, cooling_rate = 0.999
26 - INFO - chord#: 114 done. best_score=36.0, changed=535, unchanged=398, early_stops=8/8
26 - INFO - chord#: 116 In build_straw_man_chord_sa. tolerance = 1, sa_iterations = 1000, initial_temperature = 3.0, cooling_rate = 0.999
26 - INFO - chord#: 102 done. best_score=104.0, changed=609, unchanged=234, early_stops=8/8
26 - INFO - chord#: 104 In build_straw_man_chord_sa. tolerance = 1, sa_iterations = 1000, initial_temperature = 3.0, cooling_rate = 0.999
26 - INFO - chord#: 112 done. best_score=67.0, changed=604, unchanged=225, early_stops=8/8
26 - INFO - chord#: 114 In build_straw_man_chord_sa. tolerance = 1, sa_iterations = 1000, initial_temperature = 3.0, cooling_rate = 0.999
26 - INFO - chord#: 88 done. best_score=27.0, changed=525, unchanged=462, early_stops=8/8
26 - INFO - chord#: 96 In build_straw_man_chord_sa. tolerance = 1, sa_iterations = 1000, initial_temperature = 3.0, cooling_rate = 0.999
26 - INFO - chord#: 87 done. best_score=157.0, changed=608, unchanged=302, early_stops=8/8
26 - INFO - chord#: 88 In build_straw_man_chord_sa. tolerance = 1, sa_iterations = 1000, initial_temperature = 3.0, cooling_rate = 0.999
26 - INFO - chord#: 116 done. best_score=31.0, changed=537, unchanged=324, early_stops=8/8
26 - INFO - chord#: 118 In build_straw_man_chord_sa. tolerance = 1, sa_iterations = 1000, initial_temperature = 3.0, cooling_rate = 0.999
26 - INFO - chord#: 87 done. best_score=96.0, changed=615, unchanged=310, early_stops=8/8
26 - INFO - chord#: 88 In build_straw_man_chord_sa. tolerance = 1, sa_iterations = 1000, initial_temperature = 3.0, cooling_rate = 0.999
26 - INFO - chord#: 114 done. best_score=36.0, changed=515, unchanged=340, early_stops=8/8
26 - INFO - chord#: 116 In build_straw_man_chord_sa. tolerance = 1, sa_iterations = 1000, initial_temperature = 3.0, cooling_rate = 0.999
26 - INFO - chord#: 87 done. best_score=67.0, changed=616, unchanged=353, early_stops=8/8
26 - INFO - chord#: 88 In build_straw_man_chord_sa. tolerance = 1, sa_iterations = 1000, initial_temperature = 3.0, cooling_rate = 0.999
26 - INFO - chord#: 118 done. best_score=27.0, changed=532, unchanged=385, early_stops=8/8
26 - INFO - chord#: 120 In build_straw_man_chord_sa. tolerance = 1, sa_iterations = 1000, initial_temperature = 3.0, cooling_rate = 0.999
26 - INFO - chord#: 106 done. best_score=82.0, changed=616, unchanged=341, early_stops=8/8
26 - INFO - chord#: 108 In build_straw_man_chord_sa. tolerance = 1, sa_iterations = 1000, initial_temperature = 3.0, cooling_rate = 0.999
26 - INFO - chord#: 114 done. best_score=36.0, changed=523, unchanged=373, early_stops=8/8
26 - INFO - chord#: 116 In build_straw_man_chord_sa. tolerance = 1, sa_iterations = 1000, initial_temperature = 3.0, cooling_rate = 0.999
26 - INFO - chord#: 116 done. best_score=31.0, changed=526, unchanged=359, early_stops=8/8
26 - INFO - chord#: 118 In build_straw_man_chord_sa. tolerance = 1, sa_iterations = 1000, initial_temperature = 3.0, cooling_rate = 0.999
26 - INFO - chord#: 118 done. best_score=27.0, changed=518, unchanged=369, early_stops=8/8
26 - INFO - chord#: 120 In build_straw_man_chord_sa. tolerance = 1, sa_iterations = 1000, initial_temperature = 3.0, cooling_rate = 0.999
26 - INFO - chord#: 96 done. best_score=27.0, changed=523, unchanged=362, early_stops=8/8
26 - INFO - chord#: 98 In build_straw_man_chord_sa. tolerance = 1, sa_iterations = 1000, initial_temperature = 3.0, cooling_rate = 0.999
26 - INFO - chord#: 104 done. best_score=27.0, changed=521, unchanged=352, early_stops=8/8
26 - INFO - chord#: 106 In build_straw_man_chord_sa. tolerance = 1, sa_iterations = 1000, initial_temperature = 3.0, cooling_rate = 0.999
26 - INFO - chord#: 88 done. best_score=27.0, changed=534, unchanged=423, early_stops=8/8
26 - INFO - chord#: 96 In build_straw_man_chord_sa. tolerance = 1, sa_iterations = 1000, initial_temperature = 3.0, cooling_rate = 0.999
26 - INFO - chord#: 88 done. best_score=27.0, changed=528, unchanged=496, early_stops=8/8
26 - INFO - chord#: 96 In build_straw_man_chord_sa. tolerance = 1, sa_iterations = 1000, initial_temperature = 3.0, cooling_rate = 0.999
26 - INFO - chord#: 116 done. best_score=31.0, changed=539, unchanged=377, early_stops=8/8
26 - INFO - chord#: 118 In build_straw_man_chord_sa. tolerance = 1, sa_iterations = 1000, initial_temperature = 3.0, cooling_rate = 0.999
26 - INFO - chord#: 88 done. best_score=27.0, changed=526, unchanged=447, early_stops=8/8
26 - INFO - chord#: 96 In build_straw_man_chord_sa. tolerance = 1, sa_iterations = 1000, initial_temperature = 3.0, cooling_rate = 0.999
26 - INFO - chord#: 120 done. best_score=27.0, changed=515, unchanged=379, early_stops=8/8
26 - INFO - chord#: 128 In build_straw_man_chord_sa. tolerance = 1, sa_iterations = 1000, initial_temperature = 3.0, cooling_rate = 0.999
26 - INFO - chord#: 108 done. best_score=27.0, changed=516, unchanged=332, early_stops=8/8
26 - INFO - chord#: 110 In build_straw_man_chord_sa. tolerance = 1, sa_iterations = 1000, initial_temperature = 3.0, cooling_rate = 0.999
26 - INFO - chord#: 118 done. best_score=27.0, changed=527, unchanged=341, early_stops=8/8
26 - INFO - chord#: 120 In build_straw_man_chord_sa. tolerance = 1, sa_iterations = 1000, initial_temperature = 3.0, cooling_rate = 0.999
26 - INFO - chord#: 116 done. best_score=31.0, changed=526, unchanged=344, early_stops=8/8
26 - INFO - chord#: 118 In build_straw_man_chord_sa. tolerance = 1, sa_iterations = 1000, initial_temperature = 3.0, cooling_rate = 0.999
26 - INFO - chord#: 120 done. best_score=27.0, changed=523, unchanged=459, early_stops=8/8
26 - INFO - chord#: 128 In build_straw_man_chord_sa. tolerance = 1, sa_iterations = 1000, initial_temperature = 3.0, cooling_rate = 0.999
26 - INFO - chord#: 98 done. best_score=82.0, changed=613, unchanged=344, early_stops=8/8
26 - INFO - chord#: 100 In build_straw_man_chord_sa. tolerance = 1, sa_iterations = 1000, initial_temperature = 3.0, cooling_rate = 0.999
26 - INFO - chord#: 96 done. best_score=27.0, changed=515, unchanged=309, early_stops=8/8
26 - INFO - chord#: 98 In build_straw_man_chord_sa. tolerance = 1, sa_iterations = 1000, initial_temperature = 3.0, cooling_rate = 0.999
26 - INFO - chord#: 96 done. best_score=27.0, changed=527, unchanged=412, early_stops=8/8
26 - INFO - chord#: 98 In build_straw_man_chord_sa. tolerance = 1, sa_iterations = 1000, initial_temperature = 3.0, cooling_rate = 0.999
26 - INFO - chord#: 118 done. best_score=27.0, changed=527, unchanged=485, early_stops=8/8
26 - INFO - chord#: 120 In build_straw_man_chord_sa. tolerance = 1, sa_iterations = 1000, initial_temperature = 3.0, cooling_rate = 0.999
26 - INFO - chord#: 110 done. best_score=27.0, changed=529, unchanged=352, early_stops=8/8
26 - INFO - chord#: 112 In build_straw_man_chord_sa. tolerance = 1, sa_iterations = 1000, initial_temperature = 3.0, cooling_rate = 0.999
26 - INFO - chord#: 96 done. best_score=27.0, changed=533, unchanged=378, early_stops=8/8
26 - INFO - chord#: 98 In build_straw_man_chord_sa. tolerance = 1, sa_iterations = 1000, initial_temperature = 3.0, cooling_rate = 0.999
26 - INFO - chord#: 128 done. best_score=27.0, changed=530, unchanged=428, early_stops=8/8
26 - INFO - chord#: 130 In build_straw_man_chord_sa. tolerance = 1, sa_iterations = 1000, initial_temperature = 3.0, cooling_rate = 0.999
26 - INFO - chord#: 118 done. best_score=27.0, changed=527, unchanged=371, early_stops=8/8
26 - INFO - chord#: 120 In build_straw_man_chord_sa. tolerance = 1, sa_iterations = 1000, initial_temperature = 3.0, cooling_rate = 0.999
26 - INFO - chord#: 120 done. best_score=27.0, changed=535, unchanged=440, early_stops=8/8
26 - INFO - chord#: 128 In build_straw_man_chord_sa. tolerance = 1, sa_iterations = 1000, initial_temperature = 3.0, cooling_rate = 0.999
26 - INFO - chord#: 128 done. best_score=27.0, changed=527, unchanged=481, early_stops=8/8
26 - INFO - chord#: 130 In build_straw_man_chord_sa. tolerance = 1, sa_iterations = 1000, initial_temperature = 3.0, cooling_rate = 0.999
26 - INFO - chord#: 100 done. best_score=27.0, changed=526, unchanged=431, early_stops=8/8
26 - INFO - chord#: 102 In build_straw_man_chord_sa. tolerance = 1, sa_iterations = 1000, initial_temperature = 3.0, cooling_rate = 0.999
26 - INFO - chord#: 120 done. best_score=27.0, changed=526, unchanged=483, early_stops=8/8
26 - INFO - chord#: 128 In build_straw_man_chord_sa. tolerance = 1, sa_iterations = 1000, initial_temperature = 3.0, cooling_rate = 0.999
26 - INFO - chord#: 120 done. best_score=27.0, changed=525, unchanged=355, early_stops=8/8
26 - INFO - chord#: 128 In build_straw_man_chord_sa. tolerance = 1, sa_iterations = 1000, initial_temperature = 3.0, cooling_rate = 0.999
26 - INFO - chord#: 128 done. best_score=27.0, changed=527, unchanged=371, early_stops=8/8
26 - INFO - chord#: 130 In build_straw_man_chord_sa. tolerance = 1, sa_iterations = 1000, initial_temperature = 3.0, cooling_rate = 0.999
26 - INFO - chord#: 106 done. best_score=120.0, changed=613, unchanged=246, early_stops=8/8
26 - INFO - chord#: 108 In build_straw_man_chord_sa. tolerance = 1, sa_iterations = 1000, initial_temperature = 3.0, cooling_rate = 0.999
26 - INFO - chord#: 98 done. best_score=82.0, changed=614, unchanged=398, early_stops=8/8
26 - INFO - chord#: 100 In build_straw_man_chord_sa. tolerance = 1, sa_iterations = 1000, initial_temperature = 3.0, cooling_rate = 0.999
26 - INFO - chord#: 128 done. best_score=27.0, changed=524, unchanged=337, early_stops=8/8
26 - INFO - chord#: 130 In build_straw_man_chord_sa. tolerance = 1, sa_iterations = 1000, initial_temperature = 3.0, cooling_rate = 0.999
26 - INFO - chord#: 128 done. best_score=27.0, changed=525, unchanged=297, early_stops=8/8
26 - INFO - chord#: 130 In build_straw_man_chord_sa. tolerance = 1, sa_iterations = 1000, initial_temperature = 3.0, cooling_rate = 0.999
26 - INFO - chord#: 130 done. best_score=78.0, changed=616, unchanged=267, early_stops=8/8
26 - INFO - chord#: 132 In build_straw_man_chord_sa. tolerance = 1, sa_iterations = 1000, initial_temperature = 3.0, cooling_rate = 0.999
26 - INFO - chord#: 108 done. best_score=27.0, changed=531, unchanged=352, early_stops=8/8
26 - INFO - chord#: 110 In build_straw_man_chord_sa. tolerance = 1, sa_iterations = 1000, initial_temperature = 3.0, cooling_rate = 0.999
26 - INFO - chord#: 112 done. best_score=119.0, changed=613, unchanged=320, early_stops=8/8
26 - INFO - chord#: 114 In build_straw_man_chord_sa. tolerance = 1, sa_iterations = 1000, initial_temperature = 3.0, cooling_rate = 0.999
26 - INFO - chord#: 98 done. best_score=90.0, changed=609, unchanged=260, early_stops=8/8
26 - INFO - chord#: 100 In build_straw_man_chord_sa. tolerance = 1, sa_iterations = 1000, initial_temperature = 3.0, cooling_rate = 0.999
26 - INFO - chord#: 130 done. best_score=137.0, changed=613, unchanged=284, early_stops=8/8
26 - INFO - chord#: 132 In build_straw_man_chord_sa. tolerance = 1, sa_iterations = 1000, initial_temperature = 3.0, cooling_rate = 0.999
26 - INFO - chord#: 100 done. best_score=27.0, changed=521, unchanged=310, early_stops=8/8
26 - INFO - chord#: 102 In build_straw_man_chord_sa. tolerance = 1, sa_iterations = 1000, initial_temperature = 3.0, cooling_rate = 0.999
26 - INFO - chord#: 98 done. best_score=90.0, changed=614, unchanged=388, early_stops=8/8
26 - INFO - chord#: 100 In build_straw_man_chord_sa. tolerance = 1, sa_iterations = 1000, initial_temperature = 3.0, cooling_rate = 0.999
26 - INFO - chord#: 98 done. best_score=82.0, changed=613, unchanged=423, early_stops=8/8
26 - INFO - chord#: 100 In build_straw_man_chord_sa. tolerance = 1, sa_iterations = 1000, initial_temperature = 3.0, cooling_rate = 0.999
26 - INFO - chord#: 114 done. best_score=47.0, changed=526, unchanged=359, early_stops=8/8
26 - INFO - chord#: 116 In build_straw_man_chord_sa. tolerance = 1, sa_iterations = 1000, initial_temperature = 3.0, cooling_rate = 0.999
26 - INFO - chord#: 132 done. best_score=27.0, changed=518, unchanged=437, early_stops=8/8
26 - INFO - chord#: 134 In build_straw_man_chord_sa. tolerance = 1, sa_iterations = 1000, initial_temperature = 3.0, cooling_rate = 0.999
26 - INFO - chord#: 130 done. best_score=140.0, changed=611, unchanged=334, early_stops=8/8
26 - INFO - chord#: 132 In build_straw_man_chord_sa. tolerance = 1, sa_iterations = 1000, initial_temperature = 3.0, cooling_rate = 0.999
26 - INFO - chord#: 110 done. best_score=27.0, changed=521, unchanged=312, early_stops=8/8
26 - INFO - chord#: 112 In build_straw_man_chord_sa. tolerance = 1, sa_iterations = 1000, initial_temperature = 3.0, cooling_rate = 0.999
26 - INFO - chord#: 100 done. best_score=27.0, changed=517, unchanged=393, early_stops=8/8
26 - INFO - chord#: 102 In build_straw_man_chord_sa. tolerance = 1, sa_iterations = 1000, initial_temperature = 3.0, cooling_rate = 0.999
26 - INFO - chord#: 132 done. best_score=27.0, changed=530, unchanged=586, early_stops=8/8
26 - INFO - chord#: 134 In build_straw_man_chord_sa. tolerance = 1, sa_iterations = 1000, initial_temperature = 3.0, cooling_rate = 0.999
26 - INFO - chord#: 100 done. best_score=27.0, changed=520, unchanged=357, early_stops=8/8
26 - INFO - chord#: 102 In build_straw_man_chord_sa. tolerance = 1, sa_iterations = 1000, initial_temperature = 3.0, cooling_rate = 0.999
26 - INFO - chord#: 100 done. best_score=27.0, changed=525, unchanged=346, early_stops=8/8
26 - INFO - chord#: 102 In build_straw_man_chord_sa. tolerance = 1, sa_iterations = 1000, initial_temperature = 3.0, cooling_rate = 0.999
26 - INFO - chord#: 130 done. best_score=96.0, changed=616, unchanged=328, early_stops=8/8
26 - INFO - chord#: 132 In build_straw_man_chord_sa. tolerance = 1, sa_iterations = 1000, initial_temperature = 3.0, cooling_rate = 0.999
26 - INFO - chord#: 116 done. best_score=31.0, changed=522, unchanged=311, early_stops=8/8
26 - INFO - chord#: 118 In build_straw_man_chord_sa. tolerance = 1, sa_iterations = 1000, initial_temperature = 3.0, cooling_rate = 0.999
26 - INFO - chord#: 102 done. best_score=103.0, changed=615, unchanged=525, early_stops=8/8
26 - INFO - chord#: 104 In build_straw_man_chord_sa. tolerance = 1, sa_iterations = 1000, initial_temperature = 3.0, cooling_rate = 0.999
26 - INFO - chord#: 130 done. best_score=67.0, changed=610, unchanged=489, early_stops=8/8
26 - INFO - chord#: 132 In build_straw_man_chord_sa. tolerance = 1, sa_iterations = 1000, initial_temperature = 3.0, cooling_rate = 0.999
26 - INFO - chord#: 132 done. best_score=27.0, changed=525, unchanged=447, early_stops=8/8
26 - INFO - chord#: 134 In build_straw_man_chord_sa. tolerance = 1, sa_iterations = 1000, initial_temperature = 3.0, cooling_rate = 0.999
26 - INFO - chord#: 118 done. best_score=27.0, changed=518, unchanged=357, early_stops=8/8
26 - INFO - chord#: 120 In build_straw_man_chord_sa. tolerance = 1, sa_iterations = 1000, initial_temperature = 3.0, cooling_rate = 0.999
26 - INFO - chord#: 102 done. best_score=70.0, changed=610, unchanged=218, early_stops=8/8
26 - INFO - chord#: 104 In build_straw_man_chord_sa. tolerance = 1, sa_iterations = 1000, initial_temperature = 3.0, cooling_rate = 0.999
26 - INFO - chord#: 132 done. best_score=27.0, changed=524, unchanged=491, early_stops=8/8
26 - INFO - chord#: 134 In build_straw_man_chord_sa. tolerance = 1, sa_iterations = 1000, initial_temperature = 3.0, cooling_rate = 0.999
26 - INFO - chord#: 134 done. best_score=74.0, changed=612, unchanged=358, early_stops=8/8
26 - INFO - chord#: 136 In build_straw_man_chord_sa. tolerance = 1, sa_iterations = 1000, initial_temperature = 3.0, cooling_rate = 0.999
26 - INFO - chord#: 104 done. best_score=27.0, changed=522, unchanged=342, early_stops=8/8
26 - INFO - chord#: 106 In build_straw_man_chord_sa. tolerance = 1, sa_iterations = 1000, initial_temperature = 3.0, cooling_rate = 0.999
26 - INFO - chord#: 132 done. best_score=27.0, changed=529, unchanged=419, early_stops=8/8
26 - INFO - chord#: 134 In build_straw_man_chord_sa. tolerance = 1, sa_iterations = 1000, initial_temperature = 3.0, cooling_rate = 0.999
26 - INFO - chord#: 134 done. best_score=74.0, changed=611, unchanged=261, early_stops=8/8
26 - INFO - chord#: 136 In build_straw_man_chord_sa. tolerance = 1, sa_iterations = 1000, initial_temperature = 3.0, cooling_rate = 0.999
26 - INFO - chord#: 120 done. best_score=27.0, changed=541, unchanged=557, early_stops=8/8
26 - INFO - chord#: 128 In build_straw_man_chord_sa. tolerance = 1, sa_iterations = 1000, initial_temperature = 3.0, cooling_rate = 0.999
26 - INFO - chord#: 112 done. best_score=67.0, changed=610, unchanged=307, early_stops=8/8
26 - INFO - chord#: 114 In build_straw_man_chord_sa. tolerance = 1, sa_iterations = 1000, initial_temperature = 3.0, cooling_rate = 0.999
26 - INFO - chord#: 136 done. best_score=27.0, changed=518, unchanged=362, early_stops=8/8
26 - INFO - chord#: 138 In build_straw_man_chord_sa. tolerance = 1, sa_iterations = 1000, initial_temperature = 3.0, cooling_rate = 0.999
26 - INFO - chord#: 102 done. best_score=104.0, changed=609, unchanged=246, early_stops=8/8
26 - INFO - chord#: 104 In build_straw_man_chord_sa. tolerance = 1, sa_iterations = 1000, initial_temperature = 3.0, cooling_rate = 0.999
26 - INFO - chord#: 136 done. best_score=27.0, changed=529, unchanged=411, early_stops=8/8
26 - INFO - chord#: 138 In build_straw_man_chord_sa. tolerance = 1, sa_iterations = 1000, initial_temperature = 3.0, cooling_rate = 0.999
26 - INFO - chord#: 134 done. best_score=74.0, changed=613, unchanged=304, early_stops=8/8
26 - INFO - chord#: 136 In build_straw_man_chord_sa. tolerance = 1, sa_iterations = 1000, initial_temperature = 3.0, cooling_rate = 0.999
26 - INFO - chord#: 104 done. best_score=27.0, changed=521, unchanged=510, early_stops=8/8
26 - INFO - chord#: 106 In build_straw_man_chord_sa. tolerance = 1, sa_iterations = 1000, initial_temperature = 3.0, cooling_rate = 0.999
26 - INFO - chord#: 102 done. best_score=70.0, changed=606, unchanged=301, early_stops=8/8
26 - INFO - chord#: 104 In build_straw_man_chord_sa. tolerance = 1, sa_iterations = 1000, initial_temperature = 3.0, cooling_rate = 0.999
26 - INFO - chord#: 102 done. best_score=70.0, changed=617, unchanged=444, early_stops=8/8
26 - INFO - chord#: 104 In build_straw_man_chord_sa. tolerance = 1, sa_iterations = 1000, initial_temperature = 3.0, cooling_rate = 0.999
26 - INFO - chord#: 128 done. best_score=27.0, changed=516, unchanged=297, early_stops=8/8
26 - INFO - chord#: 130 In build_straw_man_chord_sa. tolerance = 1, sa_iterations = 1000, initial_temperature = 3.0, cooling_rate = 0.999
26 - INFO - chord#: 136 done. best_score=27.0, changed=516, unchanged=349, early_stops=8/8
26 - INFO - chord#: 138 In build_straw_man_chord_sa. tolerance = 1, sa_iterations = 1000, initial_temperature = 3.0, cooling_rate = 0.999
26 - INFO - chord#: 134 done. best_score=96.0, changed=607, unchanged=245, early_stops=8/8
26 - INFO - chord#: 136 In build_straw_man_chord_sa. tolerance = 1, sa_iterations = 1000, initial_temperature = 3.0, cooling_rate = 0.999
26 - INFO - chord#: 114 done. best_score=36.0, changed=527, unchanged=377, early_stops=8/8
26 - INFO - chord#: 116 In build_straw_man_chord_sa. tolerance = 1, sa_iterations = 1000, initial_temperature = 3.0, cooling_rate = 0.999
26 - INFO - chord#: 104 done. best_score=27.0, changed=530, unchanged=345, early_stops=8/8
26 - INFO - chord#: 106 In build_straw_man_chord_sa. tolerance = 1, sa_iterations = 1000, initial_temperature = 3.0, cooling_rate = 0.999
26 - INFO - chord#: 104 done. best_score=27.0, changed=515, unchanged=370, early_stops=8/8
26 - INFO - chord#: 106 In build_straw_man_chord_sa. tolerance = 1, sa_iterations = 1000, initial_temperature = 3.0, cooling_rate = 0.999
26 - INFO - chord#: 104 done. best_score=27.0, changed=523, unchanged=415, early_stops=8/8
26 - INFO - chord#: 106 In build_straw_man_chord_sa. tolerance = 1, sa_iterations = 1000, initial_temperature = 3.0, cooling_rate = 0.999
26 - INFO - chord#: 134 done. best_score=74.0, changed=619, unchanged=578, early_stops=8/8
26 - INFO - chord#: 136 In build_straw_man_chord_sa. tolerance = 1, sa_iterations = 1000, initial_temperature = 3.0, cooling_rate = 0.999
26 - INFO - chord#: 136 done. best_score=27.0, changed=520, unchanged=337, early_stops=8/8
26 - INFO - chord#: 138 In build_straw_man_chord_sa. tolerance = 1, sa_iterations = 1000, initial_temperature = 3.0, cooling_rate = 0.999
26 - INFO - chord#: 106 done. best_score=82.0, changed=612, unchanged=451, early_stops=8/8
26 - INFO - chord#: 108 In build_straw_man_chord_sa. tolerance = 1, sa_iterations = 1000, initial_temperature = 3.0, cooling_rate = 0.999
26 - INFO - chord#: 116 done. best_score=31.0, changed=526, unchanged=365, early_stops=8/8
26 - INFO - chord#: 118 In build_straw_man_chord_sa. tolerance = 1, sa_iterations = 1000, initial_temperature = 3.0, cooling_rate = 0.999
26 - INFO - chord#: 138 done. best_score=78.0, changed=614, unchanged=334, early_stops=8/8
26 - INFO - chord#: 140 In build_straw_man_chord_sa. tolerance = 1, sa_iterations = 1000, initial_temperature = 3.0, cooling_rate = 0.999
26 - INFO - chord#: 136 done. best_score=27.0, changed=523, unchanged=389, early_stops=8/8
26 - INFO - chord#: 138 In build_straw_man_chord_sa. tolerance = 1, sa_iterations = 1000, initial_temperature = 3.0, cooling_rate = 0.999
26 - INFO - chord#: 130 done. best_score=67.0, changed=607, unchanged=264, early_stops=8/8
26 - INFO - chord#: 132 In build_straw_man_chord_sa. tolerance = 1, sa_iterations = 1000, initial_temperature = 3.0, cooling_rate = 0.999
26 - INFO - chord#: 106 done. best_score=97.0, changed=605, unchanged=236, early_stops=8/8
26 - INFO - chord#: 108 In build_straw_man_chord_sa. tolerance = 1, sa_iterations = 1000, initial_temperature = 3.0, cooling_rate = 0.999
26 - INFO - chord#: 138 done. best_score=119.0, changed=613, unchanged=425, early_stops=8/8
26 - INFO - chord#: 140 In build_straw_man_chord_sa. tolerance = 1, sa_iterations = 1000, initial_temperature = 3.0, cooling_rate = 0.999
26 - INFO - chord#: 108 done. best_score=27.0, changed=544, unchanged=310, early_stops=8/8
26 - INFO - chord#: 110 In build_straw_man_chord_sa. tolerance = 1, sa_iterations = 1000, initial_temperature = 3.0, cooling_rate = 0.999
26 - INFO - chord#: 138 done. best_score=145.0, changed=616, unchanged=318, early_stops=8/8
26 - INFO - chord#: 140 In build_straw_man_chord_sa. tolerance = 1, sa_iterations = 1000, initial_temperature = 3.0, cooling_rate = 0.999
26 - INFO - chord#: 118 done. best_score=27.0, changed=523, unchanged=320, early_stops=8/8
26 - INFO - chord#: 120 In build_straw_man_chord_sa. tolerance = 1, sa_iterations = 1000, initial_temperature = 3.0, cooling_rate = 0.999
26 - INFO - chord#: 132 done. best_score=27.0, changed=523, unchanged=468, early_stops=8/8
26 - INFO - chord#: 134 In build_straw_man_chord_sa. tolerance = 1, sa_iterations = 1000, initial_temperature = 3.0, cooling_rate = 0.999
26 - INFO - chord#: 108 done. best_score=27.0, changed=518, unchanged=336, early_stops=8/8
26 - INFO - chord#: 110 In build_straw_man_chord_sa. tolerance = 1, sa_iterations = 1000, initial_temperature = 3.0, cooling_rate = 0.999
26 - INFO - chord#: 106 done. best_score=82.0, changed=610, unchanged=304, early_stops=8/8
26 - INFO - chord#: 108 In build_straw_man_chord_sa. tolerance = 1, sa_iterations = 1000, initial_temperature = 3.0, cooling_rate = 0.999
26 - INFO - chord#: 140 done. best_score=75.0, changed=610, unchanged=250, early_stops=8/8
26 - INFO - chord#: 142 In build_straw_man_chord_sa. tolerance = 1, sa_iterations = 1000, initial_temperature = 3.0, cooling_rate = 0.999
26 - INFO - chord#: 106 done. best_score=82.0, changed=614, unchanged=311, early_stops=8/8
26 - INFO - chord#: 108 In build_straw_man_chord_sa. tolerance = 1, sa_iterations = 1000, initial_temperature = 3.0, cooling_rate = 0.999
26 - INFO - chord#: 110 done. best_score=27.0, changed=521, unchanged=337, early_stops=8/8
26 - INFO - chord#: 112 In build_straw_man_chord_sa. tolerance = 1, sa_iterations = 1000, initial_temperature = 3.0, cooling_rate = 0.999
26 - INFO - chord#: 138 done. best_score=67.0, changed=619, unchanged=416, early_stops=8/8
26 - INFO - chord#: 140 In build_straw_man_chord_sa. tolerance = 1, sa_iterations = 1000, initial_temperature = 3.0, cooling_rate = 0.999
26 - INFO - chord#: 120 done. best_score=27.0, changed=523, unchanged=341, early_stops=8/8
26 - INFO - chord#: 128 In build_straw_man_chord_sa. tolerance = 1, sa_iterations = 1000, initial_temperature = 3.0, cooling_rate = 0.999
26 - INFO - chord#: 106 done. best_score=82.0, changed=619, unchanged=390, early_stops=8/8
26 - INFO - chord#: 108 In build_straw_man_chord_sa. tolerance = 1, sa_iterations = 1000, initial_temperature = 3.0, cooling_rate = 0.999
26 - INFO - chord#: 110 done. best_score=27.0, changed=519, unchanged=332, early_stops=8/8
26 - INFO - chord#: 112 In build_straw_man_chord_sa. tolerance = 1, sa_iterations = 1000, initial_temperature = 3.0, cooling_rate = 0.999
26 - INFO - chord#: 108 done. best_score=27.0, changed=522, unchanged=332, early_stops=8/8
26 - INFO - chord#: 110 In build_straw_man_chord_sa. tolerance = 1, sa_iterations = 1000, initial_temperature = 3.0, cooling_rate = 0.999
26 - INFO - chord#: 140 done. best_score=70.0, changed=617, unchanged=410, early_stops=8/8
26 - INFO - chord#: 142 In build_straw_man_chord_sa. tolerance = 1, sa_iterations = 1000, initial_temperature = 3.0, cooling_rate = 0.999
26 - INFO - chord#: 142 done. best_score=36.0, changed=520, unchanged=433, early_stops=8/8
26 - INFO - chord#: 144 In build_straw_man_chord_sa. tolerance = 1, sa_iterations = 1000, initial_temperature = 3.0, cooling_rate = 0.999
26 - INFO - chord#: 140 done. best_score=70.0, changed=614, unchanged=320, early_stops=8/8
26 - INFO - chord#: 142 In build_straw_man_chord_sa. tolerance = 1, sa_iterations = 1000, initial_temperature = 3.0, cooling_rate = 0.999
26 - INFO - chord#: 134 done. best_score=148.0, changed=606, unchanged=224, early_stops=8/8
26 - INFO - chord#: 136 In build_straw_man_chord_sa. tolerance = 1, sa_iterations = 1000, initial_temperature = 3.0, cooling_rate = 0.999
26 - INFO - chord#: 138 done. best_score=67.0, changed=617, unchanged=538, early_stops=8/8
26 - INFO - chord#: 140 In build_straw_man_chord_sa. tolerance = 1, sa_iterations = 1000, initial_temperature = 3.0, cooling_rate = 0.999
26 - INFO - chord#: 128 done. best_score=27.0, changed=525, unchanged=321, early_stops=8/8
26 - INFO - chord#: 130 In build_straw_man_chord_sa. tolerance = 1, sa_iterations = 1000, initial_temperature = 3.0, cooling_rate = 0.999
26 - INFO - chord#: 108 done. best_score=27.0, changed=537, unchanged=432, early_stops=8/8
26 - INFO - chord#: 110 In build_straw_man_chord_sa. tolerance = 1, sa_iterations = 1000, initial_temperature = 3.0, cooling_rate = 0.999
26 - INFO - chord#: 108 done. best_score=27.0, changed=539, unchanged=346, early_stops=8/8
26 - INFO - chord#: 110 In build_straw_man_chord_sa. tolerance = 1, sa_iterations = 1000, initial_temperature = 3.0, cooling_rate = 0.999
26 - INFO - chord#: 110 done. best_score=27.0, changed=526, unchanged=335, early_stops=8/8
26 - INFO - chord#: 112 In build_straw_man_chord_sa. tolerance = 1, sa_iterations = 1000, initial_temperature = 3.0, cooling_rate = 0.999
26 - INFO - chord#: 142 done. best_score=27.0, changed=522, unchanged=514, early_stops=8/8
26 - INFO - chord#: 144 In build_straw_man_chord_sa. tolerance = 1, sa_iterations = 1000, initial_temperature = 3.0, cooling_rate = 0.999
26 - INFO - chord#: 142 done. best_score=27.0, changed=522, unchanged=388, early_stops=8/8
26 - INFO - chord#: 144 In build_straw_man_chord_sa. tolerance = 1, sa_iterations = 1000, initial_temperature = 3.0, cooling_rate = 0.999
26 - INFO - chord#: 140 done. best_score=70.0, changed=611, unchanged=321, early_stops=8/8
26 - INFO - chord#: 142 In build_straw_man_chord_sa. tolerance = 1, sa_iterations = 1000, initial_temperature = 3.0, cooling_rate = 0.999
26 - INFO - chord#: 136 done. best_score=27.0, changed=526, unchanged=473, early_stops=8/8
26 - INFO - chord#: 138 In build_straw_man_chord_sa. tolerance = 1, sa_iterations = 1000, initial_temperature = 3.0, cooling_rate = 0.999
26 - INFO - chord#: 110 done. best_score=27.0, changed=523, unchanged=326, early_stops=8/8
26 - INFO - chord#: 112 In build_straw_man_chord_sa. tolerance = 1, sa_iterations = 1000, initial_temperature = 3.0, cooling_rate = 0.999
26 - INFO - chord#: 110 done. best_score=27.0, changed=532, unchanged=340, early_stops=8/8
26 - INFO - chord#: 112 In build_straw_man_chord_sa. tolerance = 1, sa_iterations = 1000, initial_temperature = 3.0, cooling_rate = 0.999
26 - INFO - chord#: 144 done. best_score=140.0, changed=614, unchanged=345, early_stops=8/8
26 - INFO - chord#: 146 In build_straw_man_chord_sa. tolerance = 1, sa_iterations = 1000, initial_temperature = 3.0, cooling_rate = 0.999
26 - INFO - chord#: 112 done. best_score=119.0, changed=612, unchanged=321, early_stops=8/8
26 - INFO - chord#: 114 In build_straw_man_chord_sa. tolerance = 1, sa_iterations = 1000, initial_temperature = 3.0, cooling_rate = 0.999
26 - INFO - chord#: 140 done. best_score=70.0, changed=616, unchanged=286, early_stops=8/8
26 - INFO - chord#: 142 In build_straw_man_chord_sa. tolerance = 1, sa_iterations = 1000, initial_temperature = 3.0, cooling_rate = 0.999
26 - INFO - chord#: 112 done. best_score=67.0, changed=610, unchanged=294, early_stops=8/8
26 - INFO - chord#: 114 In build_straw_man_chord_sa. tolerance = 1, sa_iterations = 1000, initial_temperature = 3.0, cooling_rate = 0.999
26 - INFO - chord#: 142 done. best_score=27.0, changed=524, unchanged=480, early_stops=8/8
26 - INFO - chord#: 144 In build_straw_man_chord_sa. tolerance = 1, sa_iterations = 1000, initial_temperature = 3.0, cooling_rate = 0.999
26 - INFO - chord#: 146 done. best_score=70.0, changed=532, unchanged=347, early_stops=8/8
26 - INFO - chord#: 148 In build_straw_man_chord_sa. tolerance = 1, sa_iterations = 1000, initial_temperature = 3.0, cooling_rate = 0.999
26 - INFO - chord#: 144 done. best_score=154.0, changed=617, unchanged=314, early_stops=8/8
26 - INFO - chord#: 146 In build_straw_man_chord_sa. tolerance = 1, sa_iterations = 1000, initial_temperature = 3.0, cooling_rate = 0.999
26 - INFO - chord#: 142 done. best_score=27.0, changed=516, unchanged=347, early_stops=8/8
26 - INFO - chord#: 144 In build_straw_man_chord_sa. tolerance = 1, sa_iterations = 1000, initial_temperature = 3.0, cooling_rate = 0.999
26 - INFO - chord#: 144 done. best_score=146.0, changed=613, unchanged=331, early_stops=8/8
26 - INFO - chord#: 146 In build_straw_man_chord_sa. tolerance = 1, sa_iterations = 1000, initial_temperature = 3.0, cooling_rate = 0.999
26 - INFO - chord#: 130 done. best_score=78.0, changed=616, unchanged=297, early_stops=8/8
26 - INFO - chord#: 132 In build_straw_man_chord_sa. tolerance = 1, sa_iterations = 1000, initial_temperature = 3.0, cooling_rate = 0.999
26 - INFO - chord#: 114 done. best_score=47.0, changed=515, unchanged=343, early_stops=8/8
26 - INFO - chord#: 116 In build_straw_man_chord_sa. tolerance = 1, sa_iterations = 1000, initial_temperature = 3.0, cooling_rate = 0.999
26 - INFO - chord#: 114 done. best_score=36.0, changed=520, unchanged=378, early_stops=8/8
26 - INFO - chord#: 116 In build_straw_man_chord_sa. tolerance = 1, sa_iterations = 1000, initial_temperature = 3.0, cooling_rate = 0.999
26 - INFO - chord#: 138 done. best_score=145.0, changed=608, unchanged=282, early_stops=8/8
26 - INFO - chord#: 140 In build_straw_man_chord_sa. tolerance = 1, sa_iterations = 1000, initial_temperature = 3.0, cooling_rate = 0.999
26 - INFO - chord#: 112 done. best_score=67.0, changed=608, unchanged=263, early_stops=8/8
26 - INFO - chord#: 114 In build_straw_man_chord_sa. tolerance = 1, sa_iterations = 1000, initial_temperature = 3.0, cooling_rate = 0.999
26 - INFO - chord#: 148 done. best_score=27.0, changed=520, unchanged=357, early_stops=8/8
26 - INFO - chord#: 150 In build_straw_man_chord_sa. tolerance = 1, sa_iterations = 1000, initial_temperature = 3.0, cooling_rate = 0.999
26 - INFO - chord#: 146 done. best_score=61.0, changed=529, unchanged=314, early_stops=8/8
26 - INFO - chord#: 148 In build_straw_man_chord_sa. tolerance = 1, sa_iterations = 1000, initial_temperature = 3.0, cooling_rate = 0.999
26 - INFO - chord#: 146 done. best_score=35.0, changed=530, unchanged=395, early_stops=8/8
26 - INFO - chord#: 148 In build_straw_man_chord_sa. tolerance = 1, sa_iterations = 1000, initial_temperature = 3.0, cooling_rate = 0.999
26 - INFO - chord#: 144 done. best_score=64.0, changed=611, unchanged=250, early_stops=8/8
26 - INFO - chord#: 146 In build_straw_man_chord_sa. tolerance = 1, sa_iterations = 1000, initial_temperature = 3.0, cooling_rate = 0.999
26 - INFO - chord#: 112 done. best_score=67.0, changed=615, unchanged=312, early_stops=8/8
26 - INFO - chord#: 114 In build_straw_man_chord_sa. tolerance = 1, sa_iterations = 1000, initial_temperature = 3.0, cooling_rate = 0.999
26 - INFO - chord#: 116 done. best_score=31.0, changed=528, unchanged=358, early_stops=8/8
26 - INFO - chord#: 118 In build_straw_man_chord_sa. tolerance = 1, sa_iterations = 1000, initial_temperature = 3.0, cooling_rate = 0.999
26 - INFO - chord#: 114 done. best_score=36.0, changed=518, unchanged=302, early_stops=8/8
26 - INFO - chord#: 116 In build_straw_man_chord_sa. tolerance = 1, sa_iterations = 1000, initial_temperature = 3.0, cooling_rate = 0.999
26 - INFO - chord#: 132 done. best_score=27.0, changed=522, unchanged=498, early_stops=8/8
26 - INFO - chord#: 134 In build_straw_man_chord_sa. tolerance = 1, sa_iterations = 1000, initial_temperature = 3.0, cooling_rate = 0.999
26 - INFO - chord#: 150 done. best_score=27.0, changed=526, unchanged=356, early_stops=8/8
26 - INFO - chord#: 151 In build_straw_man_chord_sa. tolerance = 1, sa_iterations = 1000, initial_temperature = 3.0, cooling_rate = 0.999
26 - INFO - chord#: 116 done. best_score=31.0, changed=523, unchanged=298, early_stops=8/8
26 - INFO - chord#: 118 In build_straw_man_chord_sa. tolerance = 1, sa_iterations = 1000, initial_temperature = 3.0, cooling_rate = 0.999
26 - INFO - chord#: 148 done. best_score=27.0, changed=515, unchanged=327, early_stops=8/8
26 - INFO - chord#: 150 In build_straw_man_chord_sa. tolerance = 1, sa_iterations = 1000, initial_temperature = 3.0, cooling_rate = 0.999
26 - INFO - chord#: 112 done. best_score=67.0, changed=611, unchanged=478, early_stops=8/8
26 - INFO - chord#: 114 In build_straw_man_chord_sa. tolerance = 1, sa_iterations = 1000, initial_temperature = 3.0, cooling_rate = 0.999
26 - INFO - chord#: 146 done. best_score=37.0, changed=525, unchanged=325, early_stops=8/8
26 - INFO - chord#: 148 In build_straw_man_chord_sa. tolerance = 1, sa_iterations = 1000, initial_temperature = 3.0, cooling_rate = 0.999
26 - INFO - chord#: 148 done. best_score=27.0, changed=529, unchanged=429, early_stops=8/8
26 - INFO - chord#: 150 In build_straw_man_chord_sa. tolerance = 1, sa_iterations = 1000, initial_temperature = 3.0, cooling_rate = 0.999
26 - INFO - chord#: 144 done. best_score=64.0, changed=619, unchanged=310, early_stops=8/8
26 - INFO - chord#: 146 In build_straw_man_chord_sa. tolerance = 1, sa_iterations = 1000, initial_temperature = 3.0, cooling_rate = 0.999
26 - INFO - chord#: 114 done. best_score=36.0, changed=530, unchanged=295, early_stops=8/8
26 - INFO - chord#: 116 In build_straw_man_chord_sa. tolerance = 1, sa_iterations = 1000, initial_temperature = 3.0, cooling_rate = 0.999
26 - INFO - chord#: 118 done. best_score=27.0, changed=522, unchanged=366, early_stops=8/8
26 - INFO - chord#: 120 In build_straw_man_chord_sa. tolerance = 1, sa_iterations = 1000, initial_temperature = 3.0, cooling_rate = 0.999
26 - INFO - chord#: 150 done. best_score=27.0, changed=520, unchanged=343, early_stops=8/8
26 - INFO - chord#: 151 In build_straw_man_chord_sa. tolerance = 1, sa_iterations = 1000, initial_temperature = 3.0, cooling_rate = 0.999
26 - INFO - chord#: 116 done. best_score=58.0, changed=556, unchanged=292, early_stops=8/8
26 - INFO - chord#: 118 In build_straw_man_chord_sa. tolerance = 1, sa_iterations = 1000, initial_temperature = 3.0, cooling_rate = 0.999
26 - INFO - chord#: 118 done. best_score=27.0, changed=515, unchanged=361, early_stops=8/8
26 - INFO - chord#: 120 In build_straw_man_chord_sa. tolerance = 1, sa_iterations = 1000, initial_temperature = 3.0, cooling_rate = 0.999
26 - INFO - chord#: 140 done. best_score=70.0, changed=611, unchanged=386, early_stops=8/8
26 - INFO - chord#: 142 In build_straw_man_chord_sa. tolerance = 1, sa_iterations = 1000, initial_temperature = 3.0, cooling_rate = 0.999
26 - INFO - chord#: 146 done. best_score=37.0, changed=526, unchanged=398, early_stops=8/8
26 - INFO - chord#: 148 In build_straw_man_chord_sa. tolerance = 1, sa_iterations = 1000, initial_temperature = 3.0, cooling_rate = 0.999
26 - INFO - chord#: 150 done. best_score=27.0, changed=530, unchanged=492, early_stops=8/8
26 - INFO - chord#: 151 In build_straw_man_chord_sa. tolerance = 1, sa_iterations = 1000, initial_temperature = 3.0, cooling_rate = 0.999
26 - INFO - chord#: 148 done. best_score=27.0, changed=521, unchanged=437, early_stops=8/8
26 - INFO - chord#: 150 In build_straw_man_chord_sa. tolerance = 1, sa_iterations = 1000, initial_temperature = 3.0, cooling_rate = 0.999
26 - INFO - chord#: 114 done. best_score=36.0, changed=519, unchanged=313, early_stops=8/8
26 - INFO - chord#: 116 In build_straw_man_chord_sa. tolerance = 1, sa_iterations = 1000, initial_temperature = 3.0, cooling_rate = 0.999
26 - INFO - chord#: 116 done. best_score=31.0, changed=532, unchanged=381, early_stops=8/8
26 - INFO - chord#: 118 In build_straw_man_chord_sa. tolerance = 1, sa_iterations = 1000, initial_temperature = 3.0, cooling_rate = 0.999
26 - INFO - chord#: 120 done. best_score=27.0, changed=524, unchanged=377, early_stops=8/8
26 - INFO - chord#: 128 In build_straw_man_chord_sa. tolerance = 1, sa_iterations = 1000, initial_temperature = 3.0, cooling_rate = 0.999
26 - INFO - chord#: 120 done. best_score=27.0, changed=519, unchanged=330, early_stops=8/8
26 - INFO - chord#: 128 In build_straw_man_chord_sa. tolerance = 1, sa_iterations = 1000, initial_temperature = 3.0, cooling_rate = 0.999
26 - INFO - chord#: 118 done. best_score=27.0, changed=531, unchanged=410, early_stops=8/8
26 - INFO - chord#: 120 In build_straw_man_chord_sa. tolerance = 1, sa_iterations = 1000, initial_temperature = 3.0, cooling_rate = 0.999
26 - INFO - chord#: 151 done. best_score=96.0, changed=609, unchanged=347, early_stops=8/8
26 - INFO - chord#: 152 In build_straw_man_chord_sa. tolerance = 1, sa_iterations = 1000, initial_temperature = 3.0, cooling_rate = 0.999
26 - INFO - chord#: 142 done. best_score=27.0, changed=518, unchanged=473, early_stops=8/8
26 - INFO - chord#: 144 In build_straw_man_chord_sa. tolerance = 1, sa_iterations = 1000, initial_temperature = 3.0, cooling_rate = 0.999
26 - INFO - chord#: 150 done. best_score=27.0, changed=526, unchanged=361, early_stops=8/8
26 - INFO - chord#: 151 In build_straw_man_chord_sa. tolerance = 1, sa_iterations = 1000, initial_temperature = 3.0, cooling_rate = 0.999
26 - INFO - chord#: 148 done. best_score=27.0, changed=527, unchanged=619, early_stops=8/8
26 - INFO - chord#: 150 In build_straw_man_chord_sa. tolerance = 1, sa_iterations = 1000, initial_temperature = 3.0, cooling_rate = 0.999
26 - INFO - chord#: 116 done. best_score=31.0, changed=532, unchanged=306, early_stops=8/8
26 - INFO - chord#: 118 In build_straw_man_chord_sa. tolerance = 1, sa_iterations = 1000, initial_temperature = 3.0, cooling_rate = 0.999
26 - INFO - chord#: 134 done. best_score=121.0, changed=613, unchanged=350, early_stops=8/8
26 - INFO - chord#: 136 In build_straw_man_chord_sa. tolerance = 1, sa_iterations = 1000, initial_temperature = 3.0, cooling_rate = 0.999
26 - INFO - chord#: 151 done. best_score=137.0, changed=611, unchanged=209, early_stops=8/8
26 - INFO - chord#: 152 In build_straw_man_chord_sa. tolerance = 1, sa_iterations = 1000, initial_temperature = 3.0, cooling_rate = 0.999
26 - INFO - chord#: 152 done. best_score=27.0, changed=528, unchanged=347, early_stops=8/8
26 - INFO - chord#: 160 In build_straw_man_chord_sa. tolerance = 1, sa_iterations = 1000, initial_temperature = 3.0, cooling_rate = 0.999
26 - INFO - chord#: 118 done. best_score=27.0, changed=517, unchanged=360, early_stops=8/8
26 - INFO - chord#: 120 In build_straw_man_chord_sa. tolerance = 1, sa_iterations = 1000, initial_temperature = 3.0, cooling_rate = 0.999
26 - INFO - chord#: 128 done. best_score=27.0, changed=526, unchanged=388, early_stops=8/8
26 - INFO - chord#: 130 In build_straw_man_chord_sa. tolerance = 1, sa_iterations = 1000, initial_temperature = 3.0, cooling_rate = 0.999
26 - INFO - chord#: 128 done. best_score=27.0, changed=521, unchanged=308, early_stops=8/8
26 - INFO - chord#: 130 In build_straw_man_chord_sa. tolerance = 1, sa_iterations = 1000, initial_temperature = 3.0, cooling_rate = 0.999
26 - INFO - chord#: 120 done. best_score=27.0, changed=519, unchanged=349, early_stops=8/8
26 - INFO - chord#: 128 In build_straw_man_chord_sa. tolerance = 1, sa_iterations = 1000, initial_temperature = 3.0, cooling_rate = 0.999
26 - INFO - chord#: 150 done. best_score=27.0, changed=529, unchanged=536, early_stops=8/8
26 - INFO - chord#: 151 In build_straw_man_chord_sa. tolerance = 1, sa_iterations = 1000, initial_temperature = 3.0, cooling_rate = 0.999
26 - INFO - chord#: 118 done. best_score=27.0, changed=522, unchanged=372, early_stops=8/8
26 - INFO - chord#: 120 In build_straw_man_chord_sa. tolerance = 1, sa_iterations = 1000, initial_temperature = 3.0, cooling_rate = 0.999
26 - INFO - chord#: 136 done. best_score=27.0, changed=520, unchanged=370, early_stops=8/8
26 - INFO - chord#: 138 In build_straw_man_chord_sa. tolerance = 1, sa_iterations = 1000, initial_temperature = 3.0, cooling_rate = 0.999
26 - INFO - chord#: 151 done. best_score=125.0, changed=612, unchanged=348, early_stops=8/8
26 - INFO - chord#: 152 In build_straw_man_chord_sa. tolerance = 1, sa_iterations = 1000, initial_temperature = 3.0, cooling_rate = 0.999
26 - INFO - chord#: 152 done. best_score=27.0, changed=516, unchanged=352, early_stops=8/8
26 - INFO - chord#: 160 In build_straw_man_chord_sa. tolerance = 1, sa_iterations = 1000, initial_temperature = 3.0, cooling_rate = 0.999
26 - INFO - chord#: 144 done. best_score=154.0, changed=613, unchanged=270, early_stops=8/8
26 - INFO - chord#: 146 In build_straw_man_chord_sa. tolerance = 1, sa_iterations = 1000, initial_temperature = 3.0, cooling_rate = 0.999
26 - INFO - chord#: 120 done. best_score=27.0, changed=528, unchanged=469, early_stops=8/8
26 - INFO - chord#: 128 In build_straw_man_chord_sa. tolerance = 1, sa_iterations = 1000, initial_temperature = 3.0, cooling_rate = 0.999
26 - INFO - chord#: 128 done. best_score=27.0, changed=529, unchanged=346, early_stops=8/8
26 - INFO - chord#: 130 In build_straw_man_chord_sa. tolerance = 1, sa_iterations = 1000, initial_temperature = 3.0, cooling_rate = 0.999
26 - INFO - chord#: 152 done. best_score=57.0, changed=523, unchanged=329, early_stops=8/8
26 - INFO - chord#: 160 In build_straw_man_chord_sa. tolerance = 1, sa_iterations = 1000, initial_temperature = 3.0, cooling_rate = 0.999
26 - INFO - chord#: 120 done. best_score=27.0, changed=515, unchanged=330, early_stops=8/8
26 - INFO - chord#: 128 In build_straw_man_chord_sa. tolerance = 1, sa_iterations = 1000, initial_temperature = 3.0, cooling_rate = 0.999
26 - INFO - chord#: 146 done. best_score=61.0, changed=530, unchanged=354, early_stops=8/8
26 - INFO - chord#: 148 In build_straw_man_chord_sa. tolerance = 1, sa_iterations = 1000, initial_temperature = 3.0, cooling_rate = 0.999
26 - INFO - chord#: 151 done. best_score=96.0, changed=617, unchanged=527, early_stops=8/8
26 - INFO - chord#: 152 In build_straw_man_chord_sa. tolerance = 1, sa_iterations = 1000, initial_temperature = 3.0, cooling_rate = 0.999
26 - INFO - chord#: 160 done. best_score=78.0, changed=614, unchanged=277, early_stops=8/8
26 - INFO - chord#: 164 In build_straw_man_chord_sa. tolerance = 1, sa_iterations = 1000, initial_temperature = 3.0, cooling_rate = 0.999
26 - INFO - chord#: 128 done. best_score=27.0, changed=524, unchanged=323, early_stops=8/8
26 - INFO - chord#: 130 In build_straw_man_chord_sa. tolerance = 1, sa_iterations = 1000, initial_temperature = 3.0, cooling_rate = 0.999
26 - INFO - chord#: 128 done. best_score=27.0, changed=521, unchanged=338, early_stops=8/8
26 - INFO - chord#: 130 In build_straw_man_chord_sa. tolerance = 1, sa_iterations = 1000, initial_temperature = 3.0, cooling_rate = 0.999
26 - INFO - chord#: 152 done. best_score=27.0, changed=521, unchanged=429, early_stops=8/8
26 - INFO - chord#: 160 In build_straw_man_chord_sa. tolerance = 1, sa_iterations = 1000, initial_temperature = 3.0, cooling_rate = 0.999
26 - INFO - chord#: 130 done. best_score=67.0, changed=614, unchanged=376, early_stops=8/8
26 - INFO - chord#: 132 In build_straw_man_chord_sa. tolerance = 1, sa_iterations = 1000, initial_temperature = 3.0, cooling_rate = 0.999
26 - INFO - chord#: 164 done. best_score=27.0, changed=514, unchanged=329, early_stops=8/8
26 - INFO - chord#: 166 In build_straw_man_chord_sa. tolerance = 1, sa_iterations = 1000, initial_temperature = 3.0, cooling_rate = 0.999
26 - INFO - chord#: 148 done. best_score=27.0, changed=516, unchanged=540, early_stops=8/8
26 - INFO - chord#: 150 In build_straw_man_chord_sa. tolerance = 1, sa_iterations = 1000, initial_temperature = 3.0, cooling_rate = 0.999
26 - INFO - chord#: 160 done. best_score=78.0, changed=612, unchanged=348, early_stops=8/8
26 - INFO - chord#: 164 In build_straw_man_chord_sa. tolerance = 1, sa_iterations = 1000, initial_temperature = 3.0, cooling_rate = 0.999
26 - INFO - chord#: 151 done. best_score=67.0, changed=611, unchanged=393, early_stops=8/8
26 - INFO - chord#: 152 In build_straw_man_chord_sa. tolerance = 1, sa_iterations = 1000, initial_temperature = 3.0, cooling_rate = 0.999
26 - INFO - chord#: 130 done. best_score=67.0, changed=616, unchanged=402, early_stops=8/8
26 - INFO - chord#: 132 In build_straw_man_chord_sa. tolerance = 1, sa_iterations = 1000, initial_temperature = 3.0, cooling_rate = 0.999
26 - INFO - chord#: 138 done. best_score=125.0, changed=613, unchanged=383, early_stops=8/8
26 - INFO - chord#: 140 In build_straw_man_chord_sa. tolerance = 1, sa_iterations = 1000, initial_temperature = 3.0, cooling_rate = 0.999
26 - INFO - chord#: 160 done. best_score=119.0, changed=606, unchanged=317, early_stops=8/8
26 - INFO - chord#: 164 In build_straw_man_chord_sa. tolerance = 1, sa_iterations = 1000, initial_temperature = 3.0, cooling_rate = 0.999
26 - INFO - chord#: 150 done. best_score=27.0, changed=525, unchanged=339, early_stops=8/8
26 - INFO - chord#: 151 In build_straw_man_chord_sa. tolerance = 1, sa_iterations = 1000, initial_temperature = 3.0, cooling_rate = 0.999
26 - INFO - chord#: 132 done. best_score=27.0, changed=517, unchanged=371, early_stops=8/8
26 - INFO - chord#: 134 In build_straw_man_chord_sa. tolerance = 1, sa_iterations = 1000, initial_temperature = 3.0, cooling_rate = 0.999
26 - INFO - chord#: 164 done. best_score=27.0, changed=522, unchanged=430, early_stops=8/8
26 - INFO - chord#: 166 In build_straw_man_chord_sa. tolerance = 1, sa_iterations = 1000, initial_temperature = 3.0, cooling_rate = 0.999
26 - INFO - chord#: 130 done. best_score=145.0, changed=612, unchanged=336, early_stops=8/8
26 - INFO - chord#: 132 In build_straw_man_chord_sa. tolerance = 1, sa_iterations = 1000, initial_temperature = 3.0, cooling_rate = 0.999
26 - INFO - chord#: 152 done. best_score=27.0, changed=521, unchanged=341, early_stops=8/8
26 - INFO - chord#: 130 done. best_score=125.0, changed=612, unchanged=257, early_stops=8/8
26 - INFO - chord#: 132 In build_straw_man_chord_sa. tolerance = 1, sa_iterations = 1000, initial_temperature = 3.0, cooling_rate = 0.999
26 - INFO - chord#: 160 In build_straw_man_chord_sa. tolerance = 1, sa_iterations = 1000, initial_temperature = 3.0, cooling_rate = 0.999
26 - INFO - chord#: 132 done. best_score=27.0, changed=516, unchanged=388, early_stops=8/8
26 - INFO - chord#: 134 In build_straw_man_chord_sa. tolerance = 1, sa_iterations = 1000, initial_temperature = 3.0, cooling_rate = 0.999
26 - INFO - chord#: 160 done. best_score=157.0, changed=606, unchanged=208, early_stops=8/8
26 - INFO - chord#: 164 In build_straw_man_chord_sa. tolerance = 1, sa_iterations = 1000, initial_temperature = 3.0, cooling_rate = 0.999
26 - INFO - chord#: 130 done. best_score=167.0, changed=607, unchanged=281, early_stops=8/8
26 - INFO - chord#: 132 In build_straw_man_chord_sa. tolerance = 1, sa_iterations = 1000, initial_temperature = 3.0, cooling_rate = 0.999
26 - INFO - chord#: 164 done. best_score=27.0, changed=521, unchanged=577, early_stops=8/8
26 - INFO - chord#: 166 In build_straw_man_chord_sa. tolerance = 1, sa_iterations = 1000, initial_temperature = 3.0, cooling_rate = 0.999
26 - INFO - chord#: 166 done. best_score=78.0, changed=614, unchanged=371, early_stops=8/8
26 - INFO - chord#: 168 In build_straw_man_chord_sa. tolerance = 1, sa_iterations = 1000, initial_temperature = 3.0, cooling_rate = 0.999
26 - INFO - chord#: 132 done. best_score=27.0, changed=521, unchanged=364, early_stops=8/8
26 - INFO - chord#: 134 In build_straw_man_chord_sa. tolerance = 1, sa_iterations = 1000, initial_temperature = 3.0, cooling_rate = 0.999
26 - INFO - chord#: 132 done. best_score=27.0, changed=518, unchanged=466, early_stops=8/8
26 - INFO - chord#: 134 In build_straw_man_chord_sa. tolerance = 1, sa_iterations = 1000, initial_temperature = 3.0, cooling_rate = 0.999
26 - INFO - chord#: 164 done. best_score=27.0, changed=526, unchanged=384, early_stops=8/8
26 - INFO - chord#: 166 In build_straw_man_chord_sa. tolerance = 1, sa_iterations = 1000, initial_temperature = 3.0, cooling_rate = 0.999
26 - INFO - chord#: 168 done. best_score=27.0, changed=518, unchanged=394, early_stops=8/8
26 - INFO - chord#: 172 In build_straw_man_chord_sa. tolerance = 1, sa_iterations = 1000, initial_temperature = 3.0, cooling_rate = 0.999
26 - INFO - chord#: 166 done. best_score=137.0, changed=613, unchanged=300, early_stops=8/8
26 - INFO - chord#: 168 In build_straw_man_chord_sa. tolerance = 1, sa_iterations = 1000, initial_temperature = 3.0, cooling_rate = 0.999
26 - INFO - chord#: 132 done. best_score=27.0, changed=525, unchanged=410, early_stops=8/8
26 - INFO - chord#: 134 In build_straw_man_chord_sa. tolerance = 1, sa_iterations = 1000, initial_temperature = 3.0, cooling_rate = 0.999
26 - INFO - chord#: 151 done. best_score=137.0, changed=614, unchanged=370, early_stops=8/8
26 - INFO - chord#: 152 In build_straw_man_chord_sa. tolerance = 1, sa_iterations = 1000, initial_temperature = 3.0, cooling_rate = 0.999
26 - INFO - chord#: 134 done. best_score=74.0, changed=612, unchanged=287, early_stops=8/8
26 - INFO - chord#: 136 In build_straw_man_chord_sa. tolerance = 1, sa_iterations = 1000, initial_temperature = 3.0, cooling_rate = 0.999
26 - INFO - chord#: 140 done. best_score=88.0, changed=615, unchanged=458, early_stops=8/8
26 - INFO - chord#: 142 In build_straw_man_chord_sa. tolerance = 1, sa_iterations = 1000, initial_temperature = 3.0, cooling_rate = 0.999
26 - INFO - chord#: 134 done. best_score=74.0, changed=606, unchanged=233, early_stops=8/8
26 - INFO - chord#: 136 In build_straw_man_chord_sa. tolerance = 1, sa_iterations = 1000, initial_temperature = 3.0, cooling_rate = 0.999
26 - INFO - chord#: 168 done. best_score=27.0, changed=522, unchanged=380, early_stops=8/8
26 - INFO - chord#: 172 In build_straw_man_chord_sa. tolerance = 1, sa_iterations = 1000, initial_temperature = 3.0, cooling_rate = 0.999
26 - INFO - chord#: 152 done. best_score=27.0, changed=522, unchanged=372, early_stops=8/8
26 - INFO - chord#: 160 In build_straw_man_chord_sa. tolerance = 1, sa_iterations = 1000, initial_temperature = 3.0, cooling_rate = 0.999
26 - INFO - chord#: 166 done. best_score=67.0, changed=615, unchanged=337, early_stops=8/8
26 - INFO - chord#: 168 In build_straw_man_chord_sa. tolerance = 1, sa_iterations = 1000, initial_temperature = 3.0, cooling_rate = 0.999
26 - INFO - chord#: 160 done. best_score=78.0, changed=616, unchanged=287, early_stops=8/8
26 - INFO - chord#: 164 In build_straw_man_chord_sa. tolerance = 1, sa_iterations = 1000, initial_temperature = 3.0, cooling_rate = 0.999
26 - INFO - chord#: 134 done. best_score=74.0, changed=613, unchanged=213, early_stops=8/8
26 - INFO - chord#: 136 In build_straw_man_chord_sa. tolerance = 1, sa_iterations = 1000, initial_temperature = 3.0, cooling_rate = 0.999
26 - INFO - chord#: 136 done. best_score=27.0, changed=517, unchanged=417, early_stops=8/8
26 - INFO - chord#: 138 In build_straw_man_chord_sa. tolerance = 1, sa_iterations = 1000, initial_temperature = 3.0, cooling_rate = 0.999
26 - INFO - chord#: 134 done. best_score=74.0, changed=615, unchanged=449, early_stops=8/8
26 - INFO - chord#: 136 In build_straw_man_chord_sa. tolerance = 1, sa_iterations = 1000, initial_temperature = 3.0, cooling_rate = 0.999
26 - INFO - chord#: 166 done. best_score=78.0, changed=615, unchanged=429, early_stops=8/8
26 - INFO - chord#: 168 In build_straw_man_chord_sa. tolerance = 1, sa_iterations = 1000, initial_temperature = 3.0, cooling_rate = 0.999
26 - INFO - chord#: 136 done. best_score=27.0, changed=520, unchanged=378, early_stops=8/8
26 - INFO - chord#: 138 In build_straw_man_chord_sa. tolerance = 1, sa_iterations = 1000, initial_temperature = 3.0, cooling_rate = 0.999
26 - INFO - chord#: 172 done. best_score=124.0, changed=609, unchanged=242, early_stops=8/8
26 - INFO - chord#: 174 In build_straw_man_chord_sa. tolerance = 1, sa_iterations = 1000, initial_temperature = 3.0, cooling_rate = 0.999
26 - INFO - chord#: 168 done. best_score=27.0, changed=522, unchanged=393, early_stops=8/8
26 - INFO - chord#: 172 In build_straw_man_chord_sa. tolerance = 1, sa_iterations = 1000, initial_temperature = 3.0, cooling_rate = 0.999
26 - INFO - chord#: 142 done. best_score=27.0, changed=532, unchanged=602, early_stops=8/8
26 - INFO - chord#: 144 In build_straw_man_chord_sa. tolerance = 1, sa_iterations = 1000, initial_temperature = 3.0, cooling_rate = 0.999
26 - INFO - chord#: 164 done. best_score=27.0, changed=515, unchanged=525, early_stops=8/8
26 - INFO - chord#: 166 In build_straw_man_chord_sa. tolerance = 1, sa_iterations = 1000, initial_temperature = 3.0, cooling_rate = 0.999
26 - INFO - chord#: 136 done. best_score=27.0, changed=524, unchanged=353, early_stops=8/8
26 - INFO - chord#: 138 In build_straw_man_chord_sa. tolerance = 1, sa_iterations = 1000, initial_temperature = 3.0, cooling_rate = 0.999
26 - INFO - chord#: 136 done. best_score=27.0, changed=519, unchanged=355, early_stops=8/8
26 - INFO - chord#: 138 In build_straw_man_chord_sa. tolerance = 1, sa_iterations = 1000, initial_temperature = 3.0, cooling_rate = 0.999
26 - INFO - chord#: 134 done. best_score=74.0, changed=612, unchanged=301, early_stops=8/8
26 - INFO - chord#: 136 In build_straw_man_chord_sa. tolerance = 1, sa_iterations = 1000, initial_temperature = 3.0, cooling_rate = 0.999
26 - INFO - chord#: 168 done. best_score=27.0, changed=521, unchanged=335, early_stops=8/8
26 - INFO - chord#: 172 In build_straw_man_chord_sa. tolerance = 1, sa_iterations = 1000, initial_temperature = 3.0, cooling_rate = 0.999
26 - INFO - chord#: 174 done. best_score=27.0, changed=531, unchanged=429, early_stops=8/8
26 - INFO - chord#: 176 In build_straw_man_chord_sa. tolerance = 1, sa_iterations = 1000, initial_temperature = 3.0, cooling_rate = 0.999
26 - INFO - chord#: 172 done. best_score=82.0, changed=609, unchanged=228, early_stops=8/8
26 - INFO - chord#: 174 In build_straw_man_chord_sa. tolerance = 1, sa_iterations = 1000, initial_temperature = 3.0, cooling_rate = 0.999
26 - INFO - chord#: 160 done. best_score=78.0, changed=611, unchanged=295, early_stops=8/8
26 - INFO - chord#: 164 In build_straw_man_chord_sa. tolerance = 1, sa_iterations = 1000, initial_temperature = 3.0, cooling_rate = 0.999
26 - INFO - chord#: 174 done. best_score=27.0, changed=523, unchanged=382, early_stops=8/8
26 - INFO - chord#: 176 In build_straw_man_chord_sa. tolerance = 1, sa_iterations = 1000, initial_temperature = 3.0, cooling_rate = 0.999
26 - INFO - chord#: 136 done. best_score=27.0, changed=532, unchanged=518, early_stops=8/8
26 - INFO - chord#: 138 In build_straw_man_chord_sa. tolerance = 1, sa_iterations = 1000, initial_temperature = 3.0, cooling_rate = 0.999
26 - INFO - chord#: 172 done. best_score=82.0, changed=608, unchanged=233, early_stops=8/8
26 - INFO - chord#: 174 In build_straw_man_chord_sa. tolerance = 1, sa_iterations = 1000, initial_temperature = 3.0, cooling_rate = 0.999
26 - INFO - chord#: 138 done. best_score=137.0, changed=610, unchanged=257, early_stops=8/8
26 - INFO - chord#: 140 In build_straw_man_chord_sa. tolerance = 1, sa_iterations = 1000, initial_temperature = 3.0, cooling_rate = 0.999
26 - INFO - chord#: 164 done. best_score=27.0, changed=520, unchanged=513, early_stops=8/8
26 - INFO - chord#: 166 In build_straw_man_chord_sa. tolerance = 1, sa_iterations = 1000, initial_temperature = 3.0, cooling_rate = 0.999
26 - INFO - chord#: 166 done. best_score=140.0, changed=612, unchanged=238, early_stops=8/8
26 - INFO - chord#: 168 In build_straw_man_chord_sa. tolerance = 1, sa_iterations = 1000, initial_temperature = 3.0, cooling_rate = 0.999
26 - INFO - chord#: 144 done. best_score=64.0, changed=612, unchanged=357, early_stops=8/8
26 - INFO - chord#: 146 In build_straw_man_chord_sa. tolerance = 1, sa_iterations = 1000, initial_temperature = 3.0, cooling_rate = 0.999
26 - INFO - chord#: 138 done. best_score=78.0, changed=615, unchanged=352, early_stops=8/8
26 - INFO - chord#: 140 In build_straw_man_chord_sa. tolerance = 1, sa_iterations = 1000, initial_temperature = 3.0, cooling_rate = 0.999
26 - INFO - chord#: 174 done. best_score=27.0, changed=514, unchanged=322, early_stops=8/8
26 - INFO - chord#: 176 In build_straw_man_chord_sa. tolerance = 1, sa_iterations = 1000, initial_temperature = 3.0, cooling_rate = 0.999
26 - INFO - chord#: 138 done. best_score=119.0, changed=614, unchanged=332, early_stops=8/8
26 - INFO - chord#: 140 In build_straw_man_chord_sa. tolerance = 1, sa_iterations = 1000, initial_temperature = 3.0, cooling_rate = 0.999
26 - INFO - chord#: 172 done. best_score=120.0, changed=610, unchanged=317, early_stops=8/8
26 - INFO - chord#: 174 In build_straw_man_chord_sa. tolerance = 1, sa_iterations = 1000, initial_temperature = 3.0, cooling_rate = 0.999
26 - INFO - chord#: 176 done. best_score=67.0, changed=616, unchanged=358, early_stops=8/8
26 - INFO - chord#: 178 In build_straw_man_chord_sa. tolerance = 1, sa_iterations = 1000, initial_temperature = 3.0, cooling_rate = 0.999
26 - INFO - chord#: 138 done. best_score=137.0, changed=612, unchanged=287, early_stops=8/8
26 - INFO - chord#: 140 In build_straw_man_chord_sa. tolerance = 1, sa_iterations = 1000, initial_temperature = 3.0, cooling_rate = 0.999
26 - INFO - chord#: 178 done. best_score=35.0, changed=540, unchanged=310, early_stops=8/8
26 - INFO - chord#: 180 In build_straw_man_chord_sa. tolerance = 1, sa_iterations = 1000, initial_temperature = 3.0, cooling_rate = 0.999
26 - INFO - chord#: 168 done. best_score=27.0, changed=515, unchanged=404, early_stops=8/8
26 - INFO - chord#: 172 In build_straw_man_chord_sa. tolerance = 1, sa_iterations = 1000, initial_temperature = 3.0, cooling_rate = 0.999
26 - INFO - chord#: 174 done. best_score=27.0, changed=526, unchanged=370, early_stops=8/8
26 - INFO - chord#: 176 In build_straw_man_chord_sa. tolerance = 1, sa_iterations = 1000, initial_temperature = 3.0, cooling_rate = 0.999
26 - INFO - chord#: 146 done. best_score=37.0, changed=526, unchanged=365, early_stops=8/8
26 - INFO - chord#: 148 In build_straw_man_chord_sa. tolerance = 1, sa_iterations = 1000, initial_temperature = 3.0, cooling_rate = 0.999
26 - INFO - chord#: 176 done. best_score=67.0, changed=611, unchanged=441, early_stops=8/8
26 - INFO - chord#: 178 In build_straw_man_chord_sa. tolerance = 1, sa_iterations = 1000, initial_temperature = 3.0, cooling_rate = 0.999
26 - INFO - chord#: 166 done. best_score=78.0, changed=606, unchanged=245, early_stops=8/8
26 - INFO - chord#: 168 In build_straw_man_chord_sa. tolerance = 1, sa_iterations = 1000, initial_temperature = 3.0, cooling_rate = 0.999
26 - INFO - chord#: 140 done. best_score=75.0, changed=610, unchanged=287, early_stops=8/8
26 - INFO - chord#: 142 In build_straw_man_chord_sa. tolerance = 1, sa_iterations = 1000, initial_temperature = 3.0, cooling_rate = 0.999
26 - INFO - chord#: 180 done. best_score=27.0, changed=518, unchanged=504, early_stops=8/8
26 - INFO - chord#: 182 In build_straw_man_chord_sa. tolerance = 1, sa_iterations = 1000, initial_temperature = 3.0, cooling_rate = 0.999
26 - INFO - chord#: 176 done. best_score=78.0, changed=611, unchanged=352, early_stops=8/8
26 - INFO - chord#: 178 In build_straw_man_chord_sa. tolerance = 1, sa_iterations = 1000, initial_temperature = 3.0, cooling_rate = 0.999
26 - INFO - chord#: 138 done. best_score=67.0, changed=613, unchanged=401, early_stops=8/8
26 - INFO - chord#: 140 In build_straw_man_chord_sa. tolerance = 1, sa_iterations = 1000, initial_temperature = 3.0, cooling_rate = 0.999
26 - INFO - chord#: 140 done. best_score=70.0, changed=624, unchanged=536, early_stops=8/8
26 - INFO - chord#: 142 In build_straw_man_chord_sa. tolerance = 1, sa_iterations = 1000, initial_temperature = 3.0, cooling_rate = 0.999
26 - INFO - chord#: 148 done. best_score=27.0, changed=517, unchanged=409, early_stops=8/8
26 - INFO - chord#: 150 In build_straw_man_chord_sa. tolerance = 1, sa_iterations = 1000, initial_temperature = 3.0, cooling_rate = 0.999
26 - INFO - chord#: 178 done. best_score=35.0, changed=524, unchanged=399, early_stops=8/8
26 - INFO - chord#: 180 In build_straw_man_chord_sa. tolerance = 1, sa_iterations = 1000, initial_temperature = 3.0, cooling_rate = 0.999
26 - INFO - chord#: 168 done. best_score=27.0, changed=524, unchanged=374, early_stops=8/8
26 - INFO - chord#: 172 In build_straw_man_chord_sa. tolerance = 1, sa_iterations = 1000, initial_temperature = 3.0, cooling_rate = 0.999
26 - INFO - chord#: 140 done. best_score=75.0, changed=615, unchanged=336, early_stops=8/8
26 - INFO - chord#: 142 In build_straw_man_chord_sa. tolerance = 1, sa_iterations = 1000, initial_temperature = 3.0, cooling_rate = 0.999
26 - INFO - chord#: 142 done. best_score=36.0, changed=521, unchanged=380, early_stops=8/8
26 - INFO - chord#: 144 In build_straw_man_chord_sa. tolerance = 1, sa_iterations = 1000, initial_temperature = 3.0, cooling_rate = 0.999
26 - INFO - chord#: 182 done. best_score=27.0, changed=521, unchanged=351, early_stops=8/8
26 - INFO - chord#: 183 In build_straw_man_chord_sa. tolerance = 1, sa_iterations = 1000, initial_temperature = 3.0, cooling_rate = 0.999
26 - INFO - chord#: 176 done. best_score=67.0, changed=611, unchanged=356, early_stops=8/8
26 - INFO - chord#: 178 In build_straw_man_chord_sa. tolerance = 1, sa_iterations = 1000, initial_temperature = 3.0, cooling_rate = 0.999
26 - INFO - chord#: 178 done. best_score=37.0, changed=525, unchanged=364, early_stops=8/8
26 - INFO - chord#: 180 In build_straw_man_chord_sa. tolerance = 1, sa_iterations = 1000, initial_temperature = 3.0, cooling_rate = 0.999
26 - INFO - chord#: 140 done. best_score=70.0, changed=612, unchanged=415, early_stops=8/8
26 - INFO - chord#: 142 In build_straw_man_chord_sa. tolerance = 1, sa_iterations = 1000, initial_temperature = 3.0, cooling_rate = 0.999
26 - INFO - chord#: 180 done. best_score=27.0, changed=527, unchanged=489, early_stops=8/8
26 - INFO - chord#: 182 In build_straw_man_chord_sa. tolerance = 1, sa_iterations = 1000, initial_temperature = 3.0, cooling_rate = 0.999
26 - INFO - chord#: 150 done. best_score=27.0, changed=519, unchanged=364, early_stops=8/8
26 - INFO - chord#: 151 In build_straw_man_chord_sa. tolerance = 1, sa_iterations = 1000, initial_temperature = 3.0, cooling_rate = 0.999
26 - INFO - chord#: 142 done. best_score=27.0, changed=519, unchanged=414, early_stops=8/8
26 - INFO - chord#: 144 In build_straw_man_chord_sa. tolerance = 1, sa_iterations = 1000, initial_temperature = 3.0, cooling_rate = 0.999
26 - INFO - chord#: 178 done. best_score=35.0, changed=558, unchanged=275, early_stops=8/8
26 - INFO - chord#: 180 In build_straw_man_chord_sa. tolerance = 1, sa_iterations = 1000, initial_temperature = 3.0, cooling_rate = 0.999
26 - INFO - chord#: 142 done. best_score=36.0, changed=522, unchanged=389, early_stops=8/8
26 - INFO - chord#: 144 In build_straw_man_chord_sa. tolerance = 1, sa_iterations = 1000, initial_temperature = 3.0, cooling_rate = 0.999
26 - INFO - chord#: 172 done. best_score=82.0, changed=610, unchanged=335, early_stops=8/8
26 - INFO - chord#: 174 In build_straw_man_chord_sa. tolerance = 1, sa_iterations = 1000, initial_temperature = 3.0, cooling_rate = 0.999
26 - INFO - chord#: 180 done. best_score=27.0, changed=525, unchanged=504, early_stops=8/8
26 - INFO - chord#: 182 In build_straw_man_chord_sa. tolerance = 1, sa_iterations = 1000, initial_temperature = 3.0, cooling_rate = 0.999
26 - INFO - chord#: 182 done. best_score=27.0, changed=516, unchanged=318, early_stops=8/8
26 - INFO - chord#: 183 In build_straw_man_chord_sa. tolerance = 1, sa_iterations = 1000, initial_temperature = 3.0, cooling_rate = 0.999
26 - INFO - chord#: 142 done. best_score=27.0, changed=521, unchanged=456, early_stops=8/8
26 - INFO - chord#: 144 In build_straw_man_chord_sa. tolerance = 1, sa_iterations = 1000, initial_temperature = 3.0, cooling_rate = 0.999
26 - INFO - chord#: 180 done. best_score=27.0, changed=522, unchanged=401, early_stops=8/8
26 - INFO - chord#: 144 done. best_score=71.0, changed=611, unchanged=352, early_stops=8/8
26 - INFO - chord#: 182 In build_straw_man_chord_sa. tolerance = 1, sa_iterations = 1000, initial_temperature = 3.0, cooling_rate = 0.999
26 - INFO - chord#: 146 In build_straw_man_chord_sa. tolerance = 1, sa_iterations = 1000, initial_temperature = 3.0, cooling_rate = 0.999
26 - INFO - chord#: 140 done. best_score=70.0, changed=615, unchanged=352, early_stops=8/8
26 - INFO - chord#: 142 In build_straw_man_chord_sa. tolerance = 1, sa_iterations = 1000, initial_temperature = 3.0, cooling_rate = 0.999
26 - INFO - chord#: 174 done. best_score=27.0, changed=524, unchanged=352, early_stops=8/8
26 - INFO - chord#: 176 In build_straw_man_chord_sa. tolerance = 1, sa_iterations = 1000, initial_temperature = 3.0, cooling_rate = 0.999
26 - INFO - chord#: 182 done. best_score=27.0, changed=517, unchanged=322, early_stops=8/8
26 - INFO - chord#: 183 In build_straw_man_chord_sa. tolerance = 1, sa_iterations = 1000, initial_temperature = 3.0, cooling_rate = 0.999
26 - INFO - chord#: 172 done. best_score=82.0, changed=610, unchanged=397, early_stops=8/8
26 - INFO - chord#: 174 In build_straw_man_chord_sa. tolerance = 1, sa_iterations = 1000, initial_temperature = 3.0, cooling_rate = 0.999
26 - INFO - chord#: 183 done. best_score=67.0, changed=615, unchanged=314, early_stops=8/8
26 - INFO - chord#: 184 In build_straw_man_chord_sa. tolerance = 1, sa_iterations = 1000, initial_temperature = 3.0, cooling_rate = 0.999
26 - INFO - chord#: 146 done. best_score=35.0, changed=572, unchanged=246, early_stops=8/8
26 - INFO - chord#: 148 In build_straw_man_chord_sa. tolerance = 1, sa_iterations = 1000, initial_temperature = 3.0, cooling_rate = 0.999
26 - INFO - chord#: 182 done. best_score=27.0, changed=525, unchanged=558, early_stops=8/8
26 - INFO - chord#: 183 In build_straw_man_chord_sa. tolerance = 1, sa_iterations = 1000, initial_temperature = 3.0, cooling_rate = 0.999
26 - INFO - chord#: 174 done. best_score=27.0, changed=523, unchanged=368, early_stops=8/8
26 - INFO - chord#: 176 In build_straw_man_chord_sa. tolerance = 1, sa_iterations = 1000, initial_temperature = 3.0, cooling_rate = 0.999
26 - INFO - chord#: 184 done. best_score=27.0, changed=518, unchanged=326, early_stops=8/8
26 - INFO - chord#: 142 done. best_score=27.0, changed=519, unchanged=369, early_stops=8/8
26 - INFO - chord#: 144 In build_straw_man_chord_sa. tolerance = 1, sa_iterations = 1000, initial_temperature = 3.0, cooling_rate = 0.999
26 - INFO - chord#: 151 done. best_score=67.0, changed=613, unchanged=321, early_stops=8/8
26 - INFO - chord#: 152 In build_straw_man_chord_sa. tolerance = 1, sa_iterations = 1000, initial_temperature = 3.0, cooling_rate = 0.999
26 - INFO - chord#: 148 done. best_score=27.0, changed=524, unchanged=396, early_stops=8/8
26 - INFO - chord#: 150 In build_straw_man_chord_sa. tolerance = 1, sa_iterations = 1000, initial_temperature = 3.0, cooling_rate = 0.999
26 - INFO - chord#: 183 done. best_score=67.0, changed=619, unchanged=320, early_stops=8/8
26 - INFO - chord#: 184 In build_straw_man_chord_sa. tolerance = 1, sa_iterations = 1000, initial_temperature = 3.0, cooling_rate = 0.999
26 - INFO - chord#: 144 done. best_score=71.0, changed=617, unchanged=374, early_stops=8/8
26 - INFO - chord#: 146 In build_straw_man_chord_sa. tolerance = 1, sa_iterations = 1000, initial_temperature = 3.0, cooling_rate = 0.999
26 - INFO - chord#: 144 done. best_score=154.0, changed=617, unchanged=500, early_stops=8/8
26 - INFO - chord#: 146 In build_straw_man_chord_sa. tolerance = 1, sa_iterations = 1000, initial_temperature = 3.0, cooling_rate = 0.999
26 - INFO - chord#: 183 done. best_score=145.0, changed=610, unchanged=220, early_stops=8/8
26 - INFO - chord#: 184 In build_straw_man_chord_sa. tolerance = 1, sa_iterations = 1000, initial_temperature = 3.0, cooling_rate = 0.999
26 - INFO - chord#: 144 done. best_score=1100.0, changed=612, unchanged=259, early_stops=8/8
26 - INFO - chord#: 146 In build_straw_man_chord_sa. tolerance = 1, sa_iterations = 1000, initial_temperature = 3.0, cooling_rate = 0.999
26 - INFO - chord#: 150 done. best_score=27.0, changed=527, unchanged=412, early_stops=8/8
26 - INFO - chord#: 151 In build_straw_man_chord_sa. tolerance = 1, sa_iterations = 1000, initial_temperature = 3.0, cooling_rate = 0.999
26 - INFO - chord#: 184 done. best_score=27.0, changed=520, unchanged=352, early_stops=8/8
26 - INFO - chord#: 152 done. best_score=27.0, changed=533, unchanged=316, early_stops=8/8
26 - INFO - chord#: 160 In build_straw_man_chord_sa. tolerance = 1, sa_iterations = 1000, initial_temperature = 3.0, cooling_rate = 0.999
26 - INFO - chord#: 176 done. best_score=137.0, changed=608, unchanged=294, early_stops=8/8
26 - INFO - chord#: 178 In build_straw_man_chord_sa. tolerance = 1, sa_iterations = 1000, initial_temperature = 3.0, cooling_rate = 0.999
26 - INFO - chord#: 146 done. best_score=61.0, changed=526, unchanged=355, early_stops=8/8
26 - INFO - chord#: 148 In build_straw_man_chord_sa. tolerance = 1, sa_iterations = 1000, initial_temperature = 3.0, cooling_rate = 0.999
26 - INFO - chord#: 146 done. best_score=35.0, changed=535, unchanged=405, early_stops=8/8
26 - INFO - chord#: 148 In build_straw_man_chord_sa. tolerance = 1, sa_iterations = 1000, initial_temperature = 3.0, cooling_rate = 0.999
26 - INFO - chord#: 184 done. best_score=27.0, changed=520, unchanged=325, early_stops=8/8
26 - INFO - chord#: 176 done. best_score=137.0, changed=616, unchanged=270, early_stops=8/8
26 - INFO - chord#: 178 In build_straw_man_chord_sa. tolerance = 1, sa_iterations = 1000, initial_temperature = 3.0, cooling_rate = 0.999
26 - INFO - chord#: 146 done. best_score=37.0, changed=555, unchanged=252, early_stops=8/8
26 - INFO - chord#: 148 In build_straw_man_chord_sa. tolerance = 1, sa_iterations = 1000, initial_temperature = 3.0, cooling_rate = 0.999
26 - INFO - chord#: 144 done. best_score=205.0, changed=607, unchanged=231, early_stops=8/8
26 - INFO - chord#: 146 In build_straw_man_chord_sa. tolerance = 1, sa_iterations = 1000, initial_temperature = 3.0, cooling_rate = 0.999
26 - INFO - chord#: 183 done. best_score=67.0, changed=620, unchanged=326, early_stops=8/8
26 - INFO - chord#: 184 In build_straw_man_chord_sa. tolerance = 1, sa_iterations = 1000, initial_temperature = 3.0, cooling_rate = 0.999
26 - INFO - chord#: 178 done. best_score=35.0, changed=532, unchanged=309, early_stops=8/8
26 - INFO - chord#: 180 In build_straw_man_chord_sa. tolerance = 1, sa_iterations = 1000, initial_temperature = 3.0, cooling_rate = 0.999
26 - INFO - chord#: 178 done. best_score=35.0, changed=532, unchanged=289, early_stops=8/8
26 - INFO - chord#: 180 In build_straw_man_chord_sa. tolerance = 1, sa_iterations = 1000, initial_temperature = 3.0, cooling_rate = 0.999
26 - INFO - chord#: 146 done. best_score=37.0, changed=536, unchanged=300, early_stops=8/8
26 - INFO - chord#: 148 In build_straw_man_chord_sa. tolerance = 1, sa_iterations = 1000, initial_temperature = 3.0, cooling_rate = 0.999
26 - INFO - chord#: 148 done. best_score=27.0, changed=519, unchanged=338, early_stops=8/8
26 - INFO - chord#: 150 In build_straw_man_chord_sa. tolerance = 1, sa_iterations = 1000, initial_temperature = 3.0, cooling_rate = 0.999
26 - INFO - chord#: 184 done. best_score=27.0, changed=518, unchanged=317, early_stops=8/8
26 - INFO - chord#: 148 done. best_score=27.0, changed=521, unchanged=397, early_stops=8/8
26 - INFO - chord#: 150 In build_straw_man_chord_sa. tolerance = 1, sa_iterations = 1000, initial_temperature = 3.0, cooling_rate = 0.999
26 - INFO - chord#: 148 done. best_score=27.0, changed=522, unchanged=502, early_stops=8/8
26 - INFO - chord#: 150 In build_straw_man_chord_sa. tolerance = 1, sa_iterations = 1000, initial_temperature = 3.0, cooling_rate = 0.999
26 - INFO - chord#: 151 done. best_score=67.0, changed=615, unchanged=250, early_stops=8/8
26 - INFO - chord#: 152 In build_straw_man_chord_sa. tolerance = 1, sa_iterations = 1000, initial_temperature = 3.0, cooling_rate = 0.999
26 - INFO - chord#: 180 done. best_score=27.0, changed=523, unchanged=477, early_stops=8/8
26 - INFO - chord#: 182 In build_straw_man_chord_sa. tolerance = 1, sa_iterations = 1000, initial_temperature = 3.0, cooling_rate = 0.999
26 - INFO - chord#: 180 done. best_score=27.0, changed=523, unchanged=356, early_stops=8/8
26 - INFO - chord#: 182 In build_straw_man_chord_sa. tolerance = 1, sa_iterations = 1000, initial_temperature = 3.0, cooling_rate = 0.999
26 - INFO - chord#: 150 done. best_score=27.0, changed=520, unchanged=355, early_stops=8/8
26 - INFO - chord#: 151 In build_straw_man_chord_sa. tolerance = 1, sa_iterations = 1000, initial_temperature = 3.0, cooling_rate = 0.999
26 - INFO - chord#: 148 done. best_score=27.0, changed=533, unchanged=634, early_stops=8/8
26 - INFO - chord#: 150 In build_straw_man_chord_sa. tolerance = 1, sa_iterations = 1000, initial_temperature = 3.0, cooling_rate = 0.999
26 - INFO - chord#: 150 done. best_score=27.0, changed=518, unchanged=375, early_stops=8/8
26 - INFO - chord#: 151 In build_straw_man_chord_sa. tolerance = 1, sa_iterations = 1000, initial_temperature = 3.0, cooling_rate = 0.999
26 - INFO - chord#: 150 done. best_score=27.0, changed=517, unchanged=337, early_stops=8/8
26 - INFO - chord#: 151 In build_straw_man_chord_sa. tolerance = 1, sa_iterations = 1000, initial_temperature = 3.0, cooling_rate = 0.999
26 - INFO - chord#: 152 done. best_score=27.0, changed=521, unchanged=367, early_stops=8/8
26 - INFO - chord#: 160 In build_straw_man_chord_sa. tolerance = 1, sa_iterations = 1000, initial_temperature = 3.0, cooling_rate = 0.999
26 - INFO - chord#: 182 done. best_score=27.0, changed=515, unchanged=320, early_stops=8/8
26 - INFO - chord#: 183 In build_straw_man_chord_sa. tolerance = 1, sa_iterations = 1000, initial_temperature = 3.0, cooling_rate = 0.999
26 - INFO - chord#: 182 done. best_score=27.0, changed=528, unchanged=472, early_stops=8/8
26 - INFO - chord#: 183 In build_straw_man_chord_sa. tolerance = 1, sa_iterations = 1000, initial_temperature = 3.0, cooling_rate = 0.999
26 - INFO - chord#: 160 done. best_score=78.0, changed=608, unchanged=395, early_stops=8/8
26 - INFO - chord#: 164 In build_straw_man_chord_sa. tolerance = 1, sa_iterations = 1000, initial_temperature = 3.0, cooling_rate = 0.999
26 - INFO - chord#: 150 done. best_score=27.0, changed=524, unchanged=332, early_stops=8/8
26 - INFO - chord#: 151 In build_straw_man_chord_sa. tolerance = 1, sa_iterations = 1000, initial_temperature = 3.0, cooling_rate = 0.999
26 - INFO - chord#: 164 done. best_score=27.0, changed=512, unchanged=358, early_stops=8/8
26 - INFO - chord#: 166 In build_straw_man_chord_sa. tolerance = 1, sa_iterations = 1000, initial_temperature = 3.0, cooling_rate = 0.999
26 - INFO - chord#: 151 done. best_score=183.0, changed=617, unchanged=367, early_stops=8/8
26 - INFO - chord#: 152 In build_straw_man_chord_sa. tolerance = 1, sa_iterations = 1000, initial_temperature = 3.0, cooling_rate = 0.999
26 - INFO - chord#: 151 done. best_score=162.0, changed=610, unchanged=245, early_stops=8/8
26 - INFO - chord#: 152 In build_straw_man_chord_sa. tolerance = 1, sa_iterations = 1000, initial_temperature = 3.0, cooling_rate = 0.999
26 - INFO - chord#: 183 done. best_score=96.0, changed=612, unchanged=262, early_stops=8/8
26 - INFO - chord#: 184 In build_straw_man_chord_sa. tolerance = 1, sa_iterations = 1000, initial_temperature = 3.0, cooling_rate = 0.999
26 - INFO - chord#: 183 done. best_score=96.0, changed=610, unchanged=306, early_stops=8/8
26 - INFO - chord#: 184 In build_straw_man_chord_sa. tolerance = 1, sa_iterations = 1000, initial_temperature = 3.0, cooling_rate = 0.999
26 - INFO - chord#: 152 done. best_score=27.0, changed=522, unchanged=337, early_stops=8/8
26 - INFO - chord#: 160 In build_straw_man_chord_sa. tolerance = 1, sa_iterations = 1000, initial_temperature = 3.0, cooling_rate = 0.999
26 - INFO - chord#: 151 done. best_score=67.0, changed=615, unchanged=537, early_stops=8/8
26 - INFO - chord#: 152 In build_straw_man_chord_sa. tolerance = 1, sa_iterations = 1000, initial_temperature = 3.0, cooling_rate = 0.999
26 - INFO - chord#: 160 done. best_score=78.0, changed=614, unchanged=410, early_stops=8/8
26 - INFO - chord#: 164 In build_straw_man_chord_sa. tolerance = 1, sa_iterations = 1000, initial_temperature = 3.0, cooling_rate = 0.999
26 - INFO - chord#: 151 done. best_score=67.0, changed=611, unchanged=397, early_stops=8/8
26 - INFO - chord#: 152 In build_straw_man_chord_sa. tolerance = 1, sa_iterations = 1000, initial_temperature = 3.0, cooling_rate = 0.999
26 - INFO - chord#: 184 done. best_score=27.0, changed=525, unchanged=374, early_stops=8/8
26 - INFO - chord#: 152 done. best_score=27.0, changed=516, unchanged=377, early_stops=8/8
26 - INFO - chord#: 160 In build_straw_man_chord_sa. tolerance = 1, sa_iterations = 1000, initial_temperature = 3.0, cooling_rate = 0.999
26 - INFO - chord#: 184 done. best_score=27.0, changed=521, unchanged=402, early_stops=8/8
26 - INFO - chord#: 152 done. best_score=27.0, changed=534, unchanged=441, early_stops=8/8
26 - INFO - chord#: 160 In build_straw_man_chord_sa. tolerance = 1, sa_iterations = 1000, initial_temperature = 3.0, cooling_rate = 0.999
26 - INFO - chord#: 152 done. best_score=27.0, changed=523, unchanged=403, early_stops=8/8
26 - INFO - chord#: 160 In build_straw_man_chord_sa. tolerance = 1, sa_iterations = 1000, initial_temperature = 3.0, cooling_rate = 0.999
26 - INFO - chord#: 164 done. best_score=27.0, changed=523, unchanged=492, early_stops=8/8
26 - INFO - chord#: 166 In build_straw_man_chord_sa. tolerance = 1, sa_iterations = 1000, initial_temperature = 3.0, cooling_rate = 0.999
26 - INFO - chord#: 166 done. best_score=67.0, changed=614, unchanged=370, early_stops=8/8
26 - INFO - chord#: 168 In build_straw_man_chord_sa. tolerance = 1, sa_iterations = 1000, initial_temperature = 3.0, cooling_rate = 0.999
26 - INFO - chord#: 168 done. best_score=27.0, changed=521, unchanged=391, early_stops=8/8
26 - INFO - chord#: 172 In build_straw_man_chord_sa. tolerance = 1, sa_iterations = 1000, initial_temperature = 3.0, cooling_rate = 0.999
26 - INFO - chord#: 160 done. best_score=67.0, changed=614, unchanged=502, early_stops=8/8
26 - INFO - chord#: 164 In build_straw_man_chord_sa. tolerance = 1, sa_iterations = 1000, initial_temperature = 3.0, cooling_rate = 0.999
26 - INFO - chord#: 160 done. best_score=96.0, changed=612, unchanged=341, early_stops=8/8
26 - INFO - chord#: 164 In build_straw_man_chord_sa. tolerance = 1, sa_iterations = 1000, initial_temperature = 3.0, cooling_rate = 0.999
26 - INFO - chord#: 166 done. best_score=96.0, changed=608, unchanged=246, early_stops=8/8
26 - INFO - chord#: 168 In build_straw_man_chord_sa. tolerance = 1, sa_iterations = 1000, initial_temperature = 3.0, cooling_rate = 0.999
26 - INFO - chord#: 160 done. best_score=78.0, changed=619, unchanged=322, early_stops=8/8
26 - INFO - chord#: 164 In build_straw_man_chord_sa. tolerance = 1, sa_iterations = 1000, initial_temperature = 3.0, cooling_rate = 0.999
26 - INFO - chord#: 160 done. best_score=96.0, changed=611, unchanged=386, early_stops=8/8
26 - INFO - chord#: 164 In build_straw_man_chord_sa. tolerance = 1, sa_iterations = 1000, initial_temperature = 3.0, cooling_rate = 0.999
26 - INFO - chord#: 164 done. best_score=27.0, changed=518, unchanged=390, early_stops=8/8
26 - INFO - chord#: 166 In build_straw_man_chord_sa. tolerance = 1, sa_iterations = 1000, initial_temperature = 3.0, cooling_rate = 0.999
26 - INFO - chord#: 168 done. best_score=57.0, changed=533, unchanged=356, early_stops=8/8
26 - INFO - chord#: 172 In build_straw_man_chord_sa. tolerance = 1, sa_iterations = 1000, initial_temperature = 3.0, cooling_rate = 0.999
26 - INFO - chord#: 164 done. best_score=27.0, changed=516, unchanged=427, early_stops=8/8
26 - INFO - chord#: 166 In build_straw_man_chord_sa. tolerance = 1, sa_iterations = 1000, initial_temperature = 3.0, cooling_rate = 0.999
26 - INFO - chord#: 172 done. best_score=82.0, changed=607, unchanged=256, early_stops=8/8
26 - INFO - chord#: 174 In build_straw_man_chord_sa. tolerance = 1, sa_iterations = 1000, initial_temperature = 3.0, cooling_rate = 0.999
26 - INFO - chord#: 164 done. best_score=27.0, changed=517, unchanged=321, early_stops=8/8
26 - INFO - chord#: 166 In build_straw_man_chord_sa. tolerance = 1, sa_iterations = 1000, initial_temperature = 3.0, cooling_rate = 0.999
26 - INFO - chord#: 164 done. best_score=27.0, changed=526, unchanged=461, early_stops=8/8
26 - INFO - chord#: 166 In build_straw_man_chord_sa. tolerance = 1, sa_iterations = 1000, initial_temperature = 3.0, cooling_rate = 0.999
26 - INFO - chord#: 174 done. best_score=27.0, changed=521, unchanged=410, early_stops=8/8
26 - INFO - chord#: 176 In build_straw_man_chord_sa. tolerance = 1, sa_iterations = 1000, initial_temperature = 3.0, cooling_rate = 0.999
26 - INFO - chord#: 172 done. best_score=82.0, changed=614, unchanged=291, early_stops=8/8
26 - INFO - chord#: 174 In build_straw_man_chord_sa. tolerance = 1, sa_iterations = 1000, initial_temperature = 3.0, cooling_rate = 0.999
26 - INFO - chord#: 166 done. best_score=78.0, changed=610, unchanged=310, early_stops=8/8
26 - INFO - chord#: 168 In build_straw_man_chord_sa. tolerance = 1, sa_iterations = 1000, initial_temperature = 3.0, cooling_rate = 0.999
26 - INFO - chord#: 166 done. best_score=96.0, changed=610, unchanged=226, early_stops=8/8
26 - INFO - chord#: 168 In build_straw_man_chord_sa. tolerance = 1, sa_iterations = 1000, initial_temperature = 3.0, cooling_rate = 0.999
26 - INFO - chord#: 174 done. best_score=27.0, changed=520, unchanged=535, early_stops=8/8
26 - INFO - chord#: 176 In build_straw_man_chord_sa. tolerance = 1, sa_iterations = 1000, initial_temperature = 3.0, cooling_rate = 0.999
26 - INFO - chord#: 168 done. best_score=27.0, changed=517, unchanged=359, early_stops=8/8
26 - INFO - chord#: 172 In build_straw_man_chord_sa. tolerance = 1, sa_iterations = 1000, initial_temperature = 3.0, cooling_rate = 0.999
26 - INFO - chord#: 168 done. best_score=57.0, changed=529, unchanged=351, early_stops=8/8
26 - INFO - chord#: 172 In build_straw_man_chord_sa. tolerance = 1, sa_iterations = 1000, initial_temperature = 3.0, cooling_rate = 0.999
26 - INFO - chord#: 176 done. best_score=145.0, changed=609, unchanged=236, early_stops=8/8
26 - INFO - chord#: 178 In build_straw_man_chord_sa. tolerance = 1, sa_iterations = 1000, initial_temperature = 3.0, cooling_rate = 0.999
26 - INFO - chord#: 166 done. best_score=140.0, changed=612, unchanged=450, early_stops=8/8
26 - INFO - chord#: 168 In build_straw_man_chord_sa. tolerance = 1, sa_iterations = 1000, initial_temperature = 3.0, cooling_rate = 0.999
26 - INFO - chord#: 166 done. best_score=119.0, changed=615, unchanged=497, early_stops=8/8
26 - INFO - chord#: 168 In build_straw_man_chord_sa. tolerance = 1, sa_iterations = 1000, initial_temperature = 3.0, cooling_rate = 0.999
26 - INFO - chord#: 178 done. best_score=35.0, changed=520, unchanged=379, early_stops=8/8
26 - INFO - chord#: 180 In build_straw_man_chord_sa. tolerance = 1, sa_iterations = 1000, initial_temperature = 3.0, cooling_rate = 0.999
26 - INFO - chord#: 168 done. best_score=57.0, changed=533, unchanged=422, early_stops=8/8
26 - INFO - chord#: 172 In build_straw_man_chord_sa. tolerance = 1, sa_iterations = 1000, initial_temperature = 3.0, cooling_rate = 0.999
26 - INFO - chord#: 168 done. best_score=27.0, changed=530, unchanged=413, early_stops=8/8
26 - INFO - chord#: 172 In build_straw_man_chord_sa. tolerance = 1, sa_iterations = 1000, initial_temperature = 3.0, cooling_rate = 0.999
26 - INFO - chord#: 176 done. best_score=137.0, changed=611, unchanged=266, early_stops=8/8
26 - INFO - chord#: 178 In build_straw_man_chord_sa. tolerance = 1, sa_iterations = 1000, initial_temperature = 3.0, cooling_rate = 0.999
26 - INFO - chord#: 172 done. best_score=82.0, changed=609, unchanged=218, early_stops=8/8
26 - INFO - chord#: 174 In build_straw_man_chord_sa. tolerance = 1, sa_iterations = 1000, initial_temperature = 3.0, cooling_rate = 0.999
26 - INFO - chord#: 172 done. best_score=82.0, changed=611, unchanged=251, early_stops=8/8
26 - INFO - chord#: 174 In build_straw_man_chord_sa. tolerance = 1, sa_iterations = 1000, initial_temperature = 3.0, cooling_rate = 0.999
26 - INFO - chord#: 180 done. best_score=27.0, changed=523, unchanged=584, early_stops=8/8
26 - INFO - chord#: 182 In build_straw_man_chord_sa. tolerance = 1, sa_iterations = 1000, initial_temperature = 3.0, cooling_rate = 0.999
26 - INFO - chord#: 178 done. best_score=35.0, changed=531, unchanged=297, early_stops=8/8
26 - INFO - chord#: 180 In build_straw_man_chord_sa. tolerance = 1, sa_iterations = 1000, initial_temperature = 3.0, cooling_rate = 0.999
26 - INFO - chord#: 174 done. best_score=27.0, changed=532, unchanged=451, early_stops=8/8
26 - INFO - chord#: 176 In build_straw_man_chord_sa. tolerance = 1, sa_iterations = 1000, initial_temperature = 3.0, cooling_rate = 0.999
26 - INFO - chord#: 174 done. best_score=27.0, changed=522, unchanged=427, early_stops=8/8
26 - INFO - chord#: 176 In build_straw_man_chord_sa. tolerance = 1, sa_iterations = 1000, initial_temperature = 3.0, cooling_rate = 0.999
26 - INFO - chord#: 182 done. best_score=27.0, changed=526, unchanged=407, early_stops=8/8
26 - INFO - chord#: 183 In build_straw_man_chord_sa. tolerance = 1, sa_iterations = 1000, initial_temperature = 3.0, cooling_rate = 0.999
26 - INFO - chord#: 180 done. best_score=27.0, changed=520, unchanged=333, early_stops=8/8
26 - INFO - chord#: 182 In build_straw_man_chord_sa. tolerance = 1, sa_iterations = 1000, initial_temperature = 3.0, cooling_rate = 0.999
26 - INFO - chord#: 172 done. best_score=82.0, changed=615, unchanged=338, early_stops=8/8
26 - INFO - chord#: 174 In build_straw_man_chord_sa. tolerance = 1, sa_iterations = 1000, initial_temperature = 3.0, cooling_rate = 0.999
26 - INFO - chord#: 172 done. best_score=82.0, changed=614, unchanged=408, early_stops=8/8
26 - INFO - chord#: 174 In build_straw_man_chord_sa. tolerance = 1, sa_iterations = 1000, initial_temperature = 3.0, cooling_rate = 0.999
26 - INFO - chord#: 182 done. best_score=27.0, changed=511, unchanged=332, early_stops=8/8
26 - INFO - chord#: 183 In build_straw_man_chord_sa. tolerance = 1, sa_iterations = 1000, initial_temperature = 3.0, cooling_rate = 0.999
26 - INFO - chord#: 174 done. best_score=27.0, changed=517, unchanged=323, early_stops=8/8
26 - INFO - chord#: 176 In build_straw_man_chord_sa. tolerance = 1, sa_iterations = 1000, initial_temperature = 3.0, cooling_rate = 0.999
26 - INFO - chord#: 174 done. best_score=27.0, changed=525, unchanged=407, early_stops=8/8
26 - INFO - chord#: 176 In build_straw_man_chord_sa. tolerance = 1, sa_iterations = 1000, initial_temperature = 3.0, cooling_rate = 0.999
26 - INFO - chord#: 176 done. best_score=137.0, changed=612, unchanged=376, early_stops=8/8
26 - INFO - chord#: 178 In build_straw_man_chord_sa. tolerance = 1, sa_iterations = 1000, initial_temperature = 3.0, cooling_rate = 0.999
26 - INFO - chord#: 183 done. best_score=157.0, changed=611, unchanged=229, early_stops=8/8
26 - INFO - chord#: 184 In build_straw_man_chord_sa. tolerance = 1, sa_iterations = 1000, initial_temperature = 3.0, cooling_rate = 0.999
26 - INFO - chord#: 176 done. best_score=67.0, changed=610, unchanged=339, early_stops=8/8
26 - INFO - chord#: 178 In build_straw_man_chord_sa. tolerance = 1, sa_iterations = 1000, initial_temperature = 3.0, cooling_rate = 0.999
26 - INFO - chord#: 178 done. best_score=35.0, changed=568, unchanged=256, early_stops=8/8
26 - INFO - chord#: 180 In build_straw_man_chord_sa. tolerance = 1, sa_iterations = 1000, initial_temperature = 3.0, cooling_rate = 0.999
26 - INFO - chord#: 178 done. best_score=35.0, changed=530, unchanged=400, early_stops=8/8
26 - INFO - chord#: 180 In build_straw_man_chord_sa. tolerance = 1, sa_iterations = 1000, initial_temperature = 3.0, cooling_rate = 0.999
26 - INFO - chord#: 184 done. best_score=27.0, changed=534, unchanged=425, early_stops=8/8
26 - INFO - chord#: 176 done. best_score=181.0, changed=610, unchanged=212, early_stops=8/8
26 - INFO - chord#: 178 In build_straw_man_chord_sa. tolerance = 1, sa_iterations = 1000, initial_temperature = 3.0, cooling_rate = 0.999
26 - INFO - chord#: 183 done. best_score=157.0, changed=610, unchanged=336, early_stops=8/8
26 - INFO - chord#: 184 In build_straw_man_chord_sa. tolerance = 1, sa_iterations = 1000, initial_temperature = 3.0, cooling_rate = 0.999
26 - INFO - chord#: 176 done. best_score=67.0, changed=607, unchanged=230, early_stops=8/8
26 - INFO - chord#: 178 In build_straw_man_chord_sa. tolerance = 1, sa_iterations = 1000, initial_temperature = 3.0, cooling_rate = 0.999
26 - INFO - chord#: 180 done. best_score=27.0, changed=521, unchanged=358, early_stops=8/8
26 - INFO - chord#: 182 In build_straw_man_chord_sa. tolerance = 1, sa_iterations = 1000, initial_temperature = 3.0, cooling_rate = 0.999
26 - INFO - chord#: 178 done. best_score=37.0, changed=528, unchanged=297, early_stops=8/8
26 - INFO - chord#: 180 In build_straw_man_chord_sa. tolerance = 1, sa_iterations = 1000, initial_temperature = 3.0, cooling_rate = 0.999
26 - INFO - chord#: 180 done. best_score=27.0, changed=523, unchanged=480, early_stops=8/8
26 - INFO - chord#: 182 In build_straw_man_chord_sa. tolerance = 1, sa_iterations = 1000, initial_temperature = 3.0, cooling_rate = 0.999
26 - INFO - chord#: 184 done. best_score=27.0, changed=519, unchanged=320, early_stops=8/8
26 - INFO - chord#: 178 done. best_score=35.0, changed=535, unchanged=292, early_stops=8/8
26 - INFO - chord#: 180 In build_straw_man_chord_sa. tolerance = 1, sa_iterations = 1000, initial_temperature = 3.0, cooling_rate = 0.999
26 - INFO - chord#: 182 done. best_score=27.0, changed=524, unchanged=370, early_stops=8/8
26 - INFO - chord#: 183 In build_straw_man_chord_sa. tolerance = 1, sa_iterations = 1000, initial_temperature = 3.0, cooling_rate = 0.999
26 - INFO - chord#: 180 done. best_score=27.0, changed=522, unchanged=430, early_stops=8/8
26 - INFO - chord#: 182 In build_straw_man_chord_sa. tolerance = 1, sa_iterations = 1000, initial_temperature = 3.0, cooling_rate = 0.999
26 - INFO - chord#: 182 done. best_score=27.0, changed=518, unchanged=335, early_stops=8/8
26 - INFO - chord#: 183 In build_straw_man_chord_sa. tolerance = 1, sa_iterations = 1000, initial_temperature = 3.0, cooling_rate = 0.999
26 - INFO - chord#: 180 done. best_score=27.0, changed=524, unchanged=579, early_stops=8/8
26 - INFO - chord#: 182 In build_straw_man_chord_sa. tolerance = 1, sa_iterations = 1000, initial_temperature = 3.0, cooling_rate = 0.999
26 - INFO - chord#: 182 done. best_score=27.0, changed=518, unchanged=386, early_stops=8/8
26 - INFO - chord#: 183 In build_straw_man_chord_sa. tolerance = 1, sa_iterations = 1000, initial_temperature = 3.0, cooling_rate = 0.999
26 - INFO - chord#: 182 done. best_score=27.0, changed=517, unchanged=366, early_stops=8/8
26 - INFO - chord#: 183 In build_straw_man_chord_sa. tolerance = 1, sa_iterations = 1000, initial_temperature = 3.0, cooling_rate = 0.999
26 - INFO - chord#: 183 done. best_score=137.0, changed=612, unchanged=293, early_stops=8/8
26 - INFO - chord#: 184 In build_straw_man_chord_sa. tolerance = 1, sa_iterations = 1000, initial_temperature = 3.0, cooling_rate = 0.999
26 - INFO - chord#: 183 done. best_score=67.0, changed=610, unchanged=309, early_stops=8/8
26 - INFO - chord#: 184 In build_straw_man_chord_sa. tolerance = 1, sa_iterations = 1000, initial_temperature = 3.0, cooling_rate = 0.999
26 - INFO - chord#: 184 done. best_score=27.0, changed=527, unchanged=417, early_stops=8/8
26 - INFO - chord#: 183 done. best_score=67.0, changed=611, unchanged=311, early_stops=8/8
26 - INFO - chord#: 184 done. best_score=27.0, changed=526, unchanged=393, early_stops=8/8
26 - INFO - chord#: 184 In build_straw_man_chord_sa. tolerance = 1, sa_iterations = 1000, initial_temperature = 3.0, cooling_rate = 0.999
26 - INFO - chord#: 183 done. best_score=67.0, changed=612, unchanged=341, early_stops=8/8
26 - INFO - chord#: 184 In build_straw_man_chord_sa. tolerance = 1, sa_iterations = 1000, initial_temperature = 3.0, cooling_rate = 0.999
26 - INFO - chord#: 184 done. best_score=27.0, changed=530, unchanged=352, early_stops=8/8
26 - INFO - chord#: 184 done. best_score=27.0, changed=530, unchanged=385, early_stops=8/8
26 - INFO - chord#: 0 In build_straw_man_chord_sa. tolerance = 1, sa_iterations = 1000, initial_temperature = 3.0, cooling_rate = 0.999
26 - INFO - chord#: 0 In build_straw_man_chord_sa. tolerance = 1, sa_iterations = 1000, initial_temperature = 3.0, cooling_rate = 0.999
26 - INFO - chord#: 0 In build_straw_man_chord_sa. tolerance = 1, sa_iterations = 1000, initial_temperature = 3.0, cooling_rate = 0.999
26 - INFO - chord#: 0 In build_straw_man_chord_sa. tolerance = 1, sa_iterations = 1000, initial_temperature = 3.0, cooling_rate = 0.999
26 - INFO - chord#: 0 In build_straw_man_chord_sa. tolerance = 1, sa_iterations = 1000, initial_temperature = 3.0, cooling_rate = 0.999
26 - INFO - chord#: 0 In build_straw_man_chord_sa. tolerance = 1, sa_iterations = 1000, initial_temperature = 3.0, cooling_rate = 0.999
26 - INFO - chord#: 0 In build_straw_man_chord_sa. tolerance = 1, sa_iterations = 1000, initial_temperature = 3.0, cooling_rate = 0.999
26 - INFO - chord#: 0 In build_straw_man_chord_sa. tolerance = 1, sa_iterations = 1000, initial_temperature = 3.0, cooling_rate = 0.999
26 - INFO - chord#: 0 In build_straw_man_chord_sa. tolerance = 1, sa_iterations = 1000, initial_temperature = 3.0, cooling_rate = 0.999
26 - INFO - chord#: 0 In build_straw_man_chord_sa. tolerance = 1, sa_iterations = 1000, initial_temperature = 3.0, cooling_rate = 0.999
26 - INFO - chord#: 0 In build_straw_man_chord_sa. tolerance = 1, sa_iterations = 1000, initial_temperature = 3.0, cooling_rate = 0.999
26 - INFO - chord#: 0 In build_straw_man_chord_sa. tolerance = 1, sa_iterations = 1000, initial_temperature = 3.0, cooling_rate = 0.999
26 - INFO - chord#: 0 done. best_score=27.0, changed=515, unchanged=414, early_stops=8/8
26 - INFO - chord#: 2 In build_straw_man_chord_sa. tolerance = 1, sa_iterations = 1000, initial_temperature = 3.0, cooling_rate = 0.999
26 - INFO - chord#: 0 done. best_score=27.0, changed=522, unchanged=398, early_stops=8/8
26 - INFO - chord#: 2 In build_straw_man_chord_sa. tolerance = 1, sa_iterations = 1000, initial_temperature = 3.0, cooling_rate = 0.999
26 - INFO - chord#: 0 done. best_score=27.0, changed=530, unchanged=452, early_stops=8/8
26 - INFO - chord#: 0 done. best_score=27.0, changed=524, unchanged=471, early_stops=8/8
26 - INFO - chord#: 2 In build_straw_man_chord_sa. tolerance = 1, sa_iterations = 1000, initial_temperature = 3.0, cooling_rate = 0.999
26 - INFO - chord#: 2 In build_straw_man_chord_sa. tolerance = 1, sa_iterations = 1000, initial_temperature = 3.0, cooling_rate = 0.999
26 - INFO - chord#: 0 done. best_score=27.0, changed=521, unchanged=481, early_stops=8/8
26 - INFO - chord#: 2 In build_straw_man_chord_sa. tolerance = 1, sa_iterations = 1000, initial_temperature = 3.0, cooling_rate = 0.999
26 - INFO - chord#: 0 done. best_score=27.0, changed=517, unchanged=360, early_stops=8/8
26 - INFO - chord#: 2 In build_straw_man_chord_sa. tolerance = 1, sa_iterations = 1000, initial_temperature = 3.0, cooling_rate = 0.999
26 - INFO - chord#: 0 done. best_score=27.0, changed=514, unchanged=345, early_stops=8/8
26 - INFO - chord#: 2 In build_straw_man_chord_sa. tolerance = 1, sa_iterations = 1000, initial_temperature = 3.0, cooling_rate = 0.999
26 - INFO - chord#: 0 done. best_score=27.0, changed=521, unchanged=362, early_stops=8/8
26 - INFO - chord#: 2 In build_straw_man_chord_sa. tolerance = 1, sa_iterations = 1000, initial_temperature = 3.0, cooling_rate = 0.999
26 - INFO - chord#: 0 done. best_score=27.0, changed=512, unchanged=376, early_stops=8/8
26 - INFO - chord#: 2 In build_straw_man_chord_sa. tolerance = 1, sa_iterations = 1000, initial_temperature = 3.0, cooling_rate = 0.999
26 - INFO - chord#: 0 done. best_score=27.0, changed=529, unchanged=568, early_stops=8/8
26 - INFO - chord#: 2 In build_straw_man_chord_sa. tolerance = 1, sa_iterations = 1000, initial_temperature = 3.0, cooling_rate = 0.999
26 - INFO - chord#: 0 done. best_score=27.0, changed=523, unchanged=446, early_stops=8/8
26 - INFO - chord#: 2 In build_straw_man_chord_sa. tolerance = 1, sa_iterations = 1000, initial_temperature = 3.0, cooling_rate = 0.999
26 - INFO - chord#: 0 done. best_score=27.0, changed=520, unchanged=497, early_stops=8/8
26 - INFO - chord#: 2 In build_straw_man_chord_sa. tolerance = 1, sa_iterations = 1000, initial_temperature = 3.0, cooling_rate = 0.999
26 - INFO - chord#: 2 done. best_score=97.0, changed=611, unchanged=276, early_stops=8/8
26 - INFO - chord#: 4 In build_straw_man_chord_sa. tolerance = 1, sa_iterations = 1000, initial_temperature = 3.0, cooling_rate = 0.999
26 - INFO - chord#: 2 done. best_score=82.0, changed=616, unchanged=353, early_stops=8/8
26 - INFO - chord#: 4 In build_straw_man_chord_sa. tolerance = 1, sa_iterations = 1000, initial_temperature = 3.0, cooling_rate = 0.999
26 - INFO - chord#: 2 done. best_score=82.0, changed=610, unchanged=402, early_stops=8/8
26 - INFO - chord#: 4 In build_straw_man_chord_sa. tolerance = 1, sa_iterations = 1000, initial_temperature = 3.0, cooling_rate = 0.999
26 - INFO - chord#: 2 done. best_score=82.0, changed=621, unchanged=463, early_stops=8/8
26 - INFO - chord#: 4 In build_straw_man_chord_sa. tolerance = 1, sa_iterations = 1000, initial_temperature = 3.0, cooling_rate = 0.999
26 - INFO - chord#: 2 done. best_score=82.0, changed=617, unchanged=392, early_stops=8/8
26 - INFO - chord#: 4 In build_straw_man_chord_sa. tolerance = 1, sa_iterations = 1000, initial_temperature = 3.0, cooling_rate = 0.999
26 - INFO - chord#: 2 done. best_score=90.0, changed=606, unchanged=208, early_stops=8/8
26 - INFO - chord#: 4 In build_straw_man_chord_sa. tolerance = 1, sa_iterations = 1000, initial_temperature = 3.0, cooling_rate = 0.999
26 - INFO - chord#: 2 done. best_score=82.0, changed=608, unchanged=293, early_stops=8/8
26 - INFO - chord#: 4 In build_straw_man_chord_sa. tolerance = 1, sa_iterations = 1000, initial_temperature = 3.0, cooling_rate = 0.999
26 - INFO - chord#: 2 done. best_score=82.0, changed=615, unchanged=257, early_stops=8/8
26 - INFO - chord#: 4 In build_straw_man_chord_sa. tolerance = 1, sa_iterations = 1000, initial_temperature = 3.0, cooling_rate = 0.999
26 - INFO - chord#: 4 done. best_score=27.0, changed=514, unchanged=321, early_stops=8/8
26 - INFO - chord#: 6 In build_straw_man_chord_sa. tolerance = 1, sa_iterations = 1000, initial_temperature = 3.0, cooling_rate = 0.999
26 - INFO - chord#: 2 done. best_score=82.0, changed=618, unchanged=445, early_stops=8/8
26 - INFO - chord#: 4 In build_straw_man_chord_sa. tolerance = 1, sa_iterations = 1000, initial_temperature = 3.0, cooling_rate = 0.999
26 - INFO - chord#: 4 done. best_score=27.0, changed=532, unchanged=351, early_stops=8/8
26 - INFO - chord#: 6 In build_straw_man_chord_sa. tolerance = 1, sa_iterations = 1000, initial_temperature = 3.0, cooling_rate = 0.999
26 - INFO - chord#: 2 done. best_score=82.0, changed=612, unchanged=348, early_stops=8/8
26 - INFO - chord#: 4 In build_straw_man_chord_sa. tolerance = 1, sa_iterations = 1000, initial_temperature = 3.0, cooling_rate = 0.999
26 - INFO - chord#: 4 done. best_score=27.0, changed=520, unchanged=292, early_stops=8/8
26 - INFO - chord#: 6 In build_straw_man_chord_sa. tolerance = 1, sa_iterations = 1000, initial_temperature = 3.0, cooling_rate = 0.999
26 - INFO - chord#: 4 done. best_score=27.0, changed=532, unchanged=413, early_stops=8/8
26 - INFO - chord#: 6 In build_straw_man_chord_sa. tolerance = 1, sa_iterations = 1000, initial_temperature = 3.0, cooling_rate = 0.999
26 - INFO - chord#: 2 done. best_score=146.0, changed=610, unchanged=386, early_stops=8/8
26 - INFO - chord#: 4 In build_straw_man_chord_sa. tolerance = 1, sa_iterations = 1000, initial_temperature = 3.0, cooling_rate = 0.999
26 - INFO - chord#: 2 done. best_score=97.0, changed=612, unchanged=436, early_stops=8/8
26 - INFO - chord#: 4 In build_straw_man_chord_sa. tolerance = 1, sa_iterations = 1000, initial_temperature = 3.0, cooling_rate = 0.999
26 - INFO - chord#: 4 done. best_score=27.0, changed=520, unchanged=353, early_stops=8/8
26 - INFO - chord#: 6 In build_straw_man_chord_sa. tolerance = 1, sa_iterations = 1000, initial_temperature = 3.0, cooling_rate = 0.999
26 - INFO - chord#: 4 done. best_score=27.0, changed=532, unchanged=426, early_stops=8/8
26 - INFO - chord#: 6 In build_straw_man_chord_sa. tolerance = 1, sa_iterations = 1000, initial_temperature = 3.0, cooling_rate = 0.999
26 - INFO - chord#: 4 done. best_score=27.0, changed=528, unchanged=354, early_stops=8/8
26 - INFO - chord#: 6 In build_straw_man_chord_sa. tolerance = 1, sa_iterations = 1000, initial_temperature = 3.0, cooling_rate = 0.999
26 - INFO - chord#: 4 done. best_score=27.0, changed=529, unchanged=405, early_stops=8/8
26 - INFO - chord#: 6 In build_straw_man_chord_sa. tolerance = 1, sa_iterations = 1000, initial_temperature = 3.0, cooling_rate = 0.999
26 - INFO - chord#: 4 done. best_score=27.0, changed=528, unchanged=386, early_stops=8/8
26 - INFO - chord#: 6 In build_straw_man_chord_sa. tolerance = 1, sa_iterations = 1000, initial_temperature = 3.0, cooling_rate = 0.999
26 - INFO - chord#: 4 done. best_score=27.0, changed=524, unchanged=314, early_stops=8/8
26 - INFO - chord#: 6 In build_straw_man_chord_sa. tolerance = 1, sa_iterations = 1000, initial_temperature = 3.0, cooling_rate = 0.999
26 - INFO - chord#: 4 done. best_score=27.0, changed=530, unchanged=340, early_stops=8/8
26 - INFO - chord#: 6 In build_straw_man_chord_sa. tolerance = 1, sa_iterations = 1000, initial_temperature = 3.0, cooling_rate = 0.999
26 - INFO - chord#: 4 done. best_score=27.0, changed=520, unchanged=353, early_stops=8/8
26 - INFO - chord#: 6 In build_straw_man_chord_sa. tolerance = 1, sa_iterations = 1000, initial_temperature = 3.0, cooling_rate = 0.999
26 - INFO - chord#: 6 done. best_score=97.0, changed=615, unchanged=378, early_stops=8/8
26 - INFO - chord#: 8 In build_straw_man_chord_sa. tolerance = 1, sa_iterations = 1000, initial_temperature = 3.0, cooling_rate = 0.999
26 - INFO - chord#: 6 done. best_score=90.0, changed=614, unchanged=278, early_stops=8/8
26 - INFO - chord#: 8 In build_straw_man_chord_sa. tolerance = 1, sa_iterations = 1000, initial_temperature = 3.0, cooling_rate = 0.999
26 - INFO - chord#: 6 done. best_score=82.0, changed=614, unchanged=365, early_stops=8/8
26 - INFO - chord#: 8 In build_straw_man_chord_sa. tolerance = 1, sa_iterations = 1000, initial_temperature = 3.0, cooling_rate = 0.999
26 - INFO - chord#: 6 done. best_score=108.0, changed=609, unchanged=255, early_stops=8/8
26 - INFO - chord#: 8 In build_straw_man_chord_sa. tolerance = 1, sa_iterations = 1000, initial_temperature = 3.0, cooling_rate = 0.999
26 - INFO - chord#: 6 done. best_score=82.0, changed=607, unchanged=268, early_stops=8/8
26 - INFO - chord#: 8 In build_straw_man_chord_sa. tolerance = 1, sa_iterations = 1000, initial_temperature = 3.0, cooling_rate = 0.999
26 - INFO - chord#: 6 done. best_score=82.0, changed=609, unchanged=376, early_stops=8/8
26 - INFO - chord#: 8 In build_straw_man_chord_sa. tolerance = 1, sa_iterations = 1000, initial_temperature = 3.0, cooling_rate = 0.999
26 - INFO - chord#: 8 done. best_score=27.0, changed=526, unchanged=366, early_stops=8/8
26 - INFO - chord#: 10 In build_straw_man_chord_sa. tolerance = 1, sa_iterations = 1000, initial_temperature = 3.0, cooling_rate = 0.999
26 - INFO - chord#: 6 done. best_score=82.0, changed=609, unchanged=250, early_stops=8/8
26 - INFO - chord#: 8 In build_straw_man_chord_sa. tolerance = 1, sa_iterations = 1000, initial_temperature = 3.0, cooling_rate = 0.999
26 - INFO - chord#: 8 done. best_score=27.0, changed=517, unchanged=301, early_stops=8/8
26 - INFO - chord#: 10 In build_straw_man_chord_sa. tolerance = 1, sa_iterations = 1000, initial_temperature = 3.0, cooling_rate = 0.999
26 - INFO - chord#: 8 done. best_score=27.0, changed=533, unchanged=422, early_stops=8/8
26 - INFO - chord#: 10 In build_straw_man_chord_sa. tolerance = 1, sa_iterations = 1000, initial_temperature = 3.0, cooling_rate = 0.999
26 - INFO - chord#: 8 done. best_score=27.0, changed=524, unchanged=382, early_stops=8/8
26 - INFO - chord#: 10 In build_straw_man_chord_sa. tolerance = 1, sa_iterations = 1000, initial_temperature = 3.0, cooling_rate = 0.999
26 - INFO - chord#: 6 done. best_score=82.0, changed=616, unchanged=412, early_stops=8/8
26 - INFO - chord#: 8 In build_straw_man_chord_sa. tolerance = 1, sa_iterations = 1000, initial_temperature = 3.0, cooling_rate = 0.999
26 - INFO - chord#: 6 done. best_score=82.0, changed=612, unchanged=357, early_stops=8/8
26 - INFO - chord#: 8 In build_straw_man_chord_sa. tolerance = 1, sa_iterations = 1000, initial_temperature = 3.0, cooling_rate = 0.999
26 - INFO - chord#: 8 done. best_score=27.0, changed=517, unchanged=330, early_stops=8/8
26 - INFO - chord#: 10 In build_straw_man_chord_sa. tolerance = 1, sa_iterations = 1000, initial_temperature = 3.0, cooling_rate = 0.999
26 - INFO - chord#: 6 done. best_score=97.0, changed=611, unchanged=259, early_stops=8/8
26 - INFO - chord#: 8 In build_straw_man_chord_sa. tolerance = 1, sa_iterations = 1000, initial_temperature = 3.0, cooling_rate = 0.999
26 - INFO - chord#: 6 done. best_score=82.0, changed=613, unchanged=360, early_stops=8/8
26 - INFO - chord#: 8 In build_straw_man_chord_sa. tolerance = 1, sa_iterations = 1000, initial_temperature = 3.0, cooling_rate = 0.999
26 - INFO - chord#: 8 done. best_score=27.0, changed=527, unchanged=458, early_stops=8/8
26 - INFO - chord#: 10 In build_straw_man_chord_sa. tolerance = 1, sa_iterations = 1000, initial_temperature = 3.0, cooling_rate = 0.999
26 - INFO - chord#: 8 done. best_score=27.0, changed=524, unchanged=378, early_stops=8/8
26 - INFO - chord#: 10 In build_straw_man_chord_sa. tolerance = 1, sa_iterations = 1000, initial_temperature = 3.0, cooling_rate = 0.999
26 - INFO - chord#: 6 done. best_score=82.0, changed=611, unchanged=344, early_stops=8/8
26 - INFO - chord#: 8 In build_straw_man_chord_sa. tolerance = 1, sa_iterations = 1000, initial_temperature = 3.0, cooling_rate = 0.999
26 - INFO - chord#: 8 done. best_score=27.0, changed=513, unchanged=449, early_stops=8/8
26 - INFO - chord#: 10 In build_straw_man_chord_sa. tolerance = 1, sa_iterations = 1000, initial_temperature = 3.0, cooling_rate = 0.999
26 - INFO - chord#: 8 done. best_score=27.0, changed=523, unchanged=314, early_stops=8/8
26 - INFO - chord#: 10 In build_straw_man_chord_sa. tolerance = 1, sa_iterations = 1000, initial_temperature = 3.0, cooling_rate = 0.999
26 - INFO - chord#: 8 done. best_score=27.0, changed=542, unchanged=402, early_stops=8/8
26 - INFO - chord#: 10 In build_straw_man_chord_sa. tolerance = 1, sa_iterations = 1000, initial_temperature = 3.0, cooling_rate = 0.999
26 - INFO - chord#: 10 done. best_score=64.0, changed=614, unchanged=297, early_stops=8/8
26 - INFO - chord#: 12 In build_straw_man_chord_sa. tolerance = 1, sa_iterations = 1000, initial_temperature = 3.0, cooling_rate = 0.999
26 - INFO - chord#: 8 done. best_score=27.0, changed=529, unchanged=446, early_stops=8/8
26 - INFO - chord#: 10 In build_straw_man_chord_sa. tolerance = 1, sa_iterations = 1000, initial_temperature = 3.0, cooling_rate = 0.999
26 - INFO - chord#: 10 done. best_score=64.0, changed=608, unchanged=298, early_stops=8/8
26 - INFO - chord#: 12 In build_straw_man_chord_sa. tolerance = 1, sa_iterations = 1000, initial_temperature = 3.0, cooling_rate = 0.999
26 - INFO - chord#: 10 done. best_score=150.0, changed=611, unchanged=296, early_stops=8/8
26 - INFO - chord#: 12 In build_straw_man_chord_sa. tolerance = 1, sa_iterations = 1000, initial_temperature = 3.0, cooling_rate = 0.999
26 - INFO - chord#: 8 done. best_score=27.0, changed=528, unchanged=362, early_stops=8/8
26 - INFO - chord#: 10 In build_straw_man_chord_sa. tolerance = 1, sa_iterations = 1000, initial_temperature = 3.0, cooling_rate = 0.999
26 - INFO - chord#: 10 done. best_score=64.0, changed=619, unchanged=329, early_stops=8/8
26 - INFO - chord#: 12 In build_straw_man_chord_sa. tolerance = 1, sa_iterations = 1000, initial_temperature = 3.0, cooling_rate = 0.999
26 - INFO - chord#: 10 done. best_score=64.0, changed=615, unchanged=252, early_stops=8/8
26 - INFO - chord#: 12 In build_straw_man_chord_sa. tolerance = 1, sa_iterations = 1000, initial_temperature = 3.0, cooling_rate = 0.999
26 - INFO - chord#: 10 done. best_score=64.0, changed=611, unchanged=248, early_stops=8/8
26 - INFO - chord#: 12 In build_straw_man_chord_sa. tolerance = 1, sa_iterations = 1000, initial_temperature = 3.0, cooling_rate = 0.999
26 - INFO - chord#: 10 done. best_score=157.0, changed=609, unchanged=256, early_stops=8/8
26 - INFO - chord#: 12 In build_straw_man_chord_sa. tolerance = 1, sa_iterations = 1000, initial_temperature = 3.0, cooling_rate = 0.999
26 - INFO - chord#: 12 done. best_score=74.0, changed=609, unchanged=207, early_stops=8/8
26 - INFO - chord#: 14 In build_straw_man_chord_sa. tolerance = 1, sa_iterations = 1000, initial_temperature = 3.0, cooling_rate = 0.999
26 - INFO - chord#: 10 done. best_score=157.0, changed=608, unchanged=207, early_stops=8/8
26 - INFO - chord#: 12 In build_straw_man_chord_sa. tolerance = 1, sa_iterations = 1000, initial_temperature = 3.0, cooling_rate = 0.999
26 - INFO - chord#: 12 done. best_score=74.0, changed=607, unchanged=252, early_stops=8/8
26 - INFO - chord#: 14 In build_straw_man_chord_sa. tolerance = 1, sa_iterations = 1000, initial_temperature = 3.0, cooling_rate = 0.999
26 - INFO - chord#: 12 done. best_score=74.0, changed=610, unchanged=260, early_stops=8/8
26 - INFO - chord#: 14 In build_straw_man_chord_sa. tolerance = 1, sa_iterations = 1000, initial_temperature = 3.0, cooling_rate = 0.999
26 - INFO - chord#: 10 done. best_score=64.0, changed=617, unchanged=261, early_stops=8/8
26 - INFO - chord#: 12 In build_straw_man_chord_sa. tolerance = 1, sa_iterations = 1000, initial_temperature = 3.0, cooling_rate = 0.999
26 - INFO - chord#: 12 done. best_score=96.0, changed=612, unchanged=326, early_stops=8/8
26 - INFO - chord#: 14 In build_straw_man_chord_sa. tolerance = 1, sa_iterations = 1000, initial_temperature = 3.0, cooling_rate = 0.999
26 - INFO - chord#: 10 done. best_score=64.0, changed=605, unchanged=301, early_stops=8/8
26 - INFO - chord#: 12 In build_straw_man_chord_sa. tolerance = 1, sa_iterations = 1000, initial_temperature = 3.0, cooling_rate = 0.999
26 - INFO - chord#: 14 done. best_score=27.0, changed=515, unchanged=303, early_stops=8/8
26 - INFO - chord#: 16 In build_straw_man_chord_sa. tolerance = 1, sa_iterations = 1000, initial_temperature = 3.0, cooling_rate = 0.999
26 - INFO - chord#: 10 done. best_score=64.0, changed=609, unchanged=349, early_stops=8/8
26 - INFO - chord#: 12 In build_straw_man_chord_sa. tolerance = 1, sa_iterations = 1000, initial_temperature = 3.0, cooling_rate = 0.999
26 - INFO - chord#: 14 done. best_score=27.0, changed=520, unchanged=375, early_stops=8/8
26 - INFO - chord#: 16 In build_straw_man_chord_sa. tolerance = 1, sa_iterations = 1000, initial_temperature = 3.0, cooling_rate = 0.999
26 - INFO - chord#: 12 done. best_score=172.0, changed=613, unchanged=256, early_stops=8/8
26 - INFO - chord#: 14 In build_straw_man_chord_sa. tolerance = 1, sa_iterations = 1000, initial_temperature = 3.0, cooling_rate = 0.999
26 - INFO - chord#: 14 done. best_score=27.0, changed=521, unchanged=348, early_stops=8/8
26 - INFO - chord#: 16 In build_straw_man_chord_sa. tolerance = 1, sa_iterations = 1000, initial_temperature = 3.0, cooling_rate = 0.999
26 - INFO - chord#: 12 done. best_score=96.0, changed=616, unchanged=351, early_stops=8/8
26 - INFO - chord#: 14 In build_straw_man_chord_sa. tolerance = 1, sa_iterations = 1000, initial_temperature = 3.0, cooling_rate = 0.999
26 - INFO - chord#: 14 done. best_score=27.0, changed=527, unchanged=334, early_stops=8/8
26 - INFO - chord#: 16 In build_straw_man_chord_sa. tolerance = 1, sa_iterations = 1000, initial_temperature = 3.0, cooling_rate = 0.999
26 - INFO - chord#: 16 done. best_score=27.0, changed=524, unchanged=455, early_stops=8/8
26 - INFO - chord#: 18 In build_straw_man_chord_sa. tolerance = 1, sa_iterations = 1000, initial_temperature = 3.0, cooling_rate = 0.999
26 - INFO - chord#: 10 done. best_score=64.0, changed=618, unchanged=568, early_stops=8/8
26 - INFO - chord#: 12 In build_straw_man_chord_sa. tolerance = 1, sa_iterations = 1000, initial_temperature = 3.0, cooling_rate = 0.999
26 - INFO - chord#: 16 done. best_score=27.0, changed=519, unchanged=331, early_stops=8/8
26 - INFO - chord#: 18 In build_straw_man_chord_sa. tolerance = 1, sa_iterations = 1000, initial_temperature = 3.0, cooling_rate = 0.999
26 - INFO - chord#: 14 done. best_score=27.0, changed=527, unchanged=318, early_stops=8/8
26 - INFO - chord#: 16 In build_straw_man_chord_sa. tolerance = 1, sa_iterations = 1000, initial_temperature = 3.0, cooling_rate = 0.999
26 - INFO - chord#: 14 done. best_score=27.0, changed=520, unchanged=382, early_stops=8/8
26 - INFO - chord#: 16 In build_straw_man_chord_sa. tolerance = 1, sa_iterations = 1000, initial_temperature = 3.0, cooling_rate = 0.999
26 - INFO - chord#: 12 done. best_score=74.0, changed=611, unchanged=365, early_stops=8/8
26 - INFO - chord#: 14 In build_straw_man_chord_sa. tolerance = 1, sa_iterations = 1000, initial_temperature = 3.0, cooling_rate = 0.999
26 - INFO - chord#: 12 done. best_score=74.0, changed=614, unchanged=371, early_stops=8/8
26 - INFO - chord#: 14 In build_straw_man_chord_sa. tolerance = 1, sa_iterations = 1000, initial_temperature = 3.0, cooling_rate = 0.999
26 - INFO - chord#: 16 done. best_score=27.0, changed=531, unchanged=449, early_stops=8/8
26 - INFO - chord#: 18 In build_straw_man_chord_sa. tolerance = 1, sa_iterations = 1000, initial_temperature = 3.0, cooling_rate = 0.999
26 - INFO - chord#: 16 done. best_score=27.0, changed=517, unchanged=368, early_stops=8/8
26 - INFO - chord#: 18 In build_straw_man_chord_sa. tolerance = 1, sa_iterations = 1000, initial_temperature = 3.0, cooling_rate = 0.999
26 - INFO - chord#: 12 done. best_score=168.0, changed=612, unchanged=299, early_stops=8/8
26 - INFO - chord#: 14 In build_straw_man_chord_sa. tolerance = 1, sa_iterations = 1000, initial_temperature = 3.0, cooling_rate = 0.999
26 - INFO - chord#: 14 done. best_score=27.0, changed=524, unchanged=348, early_stops=8/8
26 - INFO - chord#: 16 In build_straw_man_chord_sa. tolerance = 1, sa_iterations = 1000, initial_temperature = 3.0, cooling_rate = 0.999
26 - INFO - chord#: 16 done. best_score=27.0, changed=527, unchanged=451, early_stops=8/8
26 - INFO - chord#: 18 In build_straw_man_chord_sa. tolerance = 1, sa_iterations = 1000, initial_temperature = 3.0, cooling_rate = 0.999
26 - INFO - chord#: 16 done. best_score=27.0, changed=520, unchanged=447, early_stops=8/8
26 - INFO - chord#: 18 In build_straw_man_chord_sa. tolerance = 1, sa_iterations = 1000, initial_temperature = 3.0, cooling_rate = 0.999
26 - INFO - chord#: 12 done. best_score=74.0, changed=616, unchanged=332, early_stops=8/8
26 - INFO - chord#: 14 In build_straw_man_chord_sa. tolerance = 1, sa_iterations = 1000, initial_temperature = 3.0, cooling_rate = 0.999
26 - INFO - chord#: 14 done. best_score=27.0, changed=529, unchanged=397, early_stops=8/8
26 - INFO - chord#: 16 In build_straw_man_chord_sa. tolerance = 1, sa_iterations = 1000, initial_temperature = 3.0, cooling_rate = 0.999
26 - INFO - chord#: 18 done. best_score=157.0, changed=611, unchanged=256, early_stops=8/8
26 - INFO - chord#: 20 In build_straw_man_chord_sa. tolerance = 1, sa_iterations = 1000, initial_temperature = 3.0, cooling_rate = 0.999
26 - INFO - chord#: 18 done. best_score=71.0, changed=608, unchanged=216, early_stops=8/8
26 - INFO - chord#: 20 In build_straw_man_chord_sa. tolerance = 1, sa_iterations = 1000, initial_temperature = 3.0, cooling_rate = 0.999
26 - INFO - chord#: 12 done. best_score=74.0, changed=614, unchanged=336, early_stops=8/8
26 - INFO - chord#: 14 In build_straw_man_chord_sa. tolerance = 1, sa_iterations = 1000, initial_temperature = 3.0, cooling_rate = 0.999
26 - INFO - chord#: 16 done. best_score=27.0, changed=512, unchanged=331, early_stops=8/8
26 - INFO - chord#: 18 In build_straw_man_chord_sa. tolerance = 1, sa_iterations = 1000, initial_temperature = 3.0, cooling_rate = 0.999
26 - INFO - chord#: 12 done. best_score=96.0, changed=606, unchanged=253, early_stops=8/8
26 - INFO - chord#: 14 In build_straw_man_chord_sa. tolerance = 1, sa_iterations = 1000, initial_temperature = 3.0, cooling_rate = 0.999
26 - INFO - chord#: 14 done. best_score=27.0, changed=532, unchanged=354, early_stops=8/8
26 - INFO - chord#: 16 In build_straw_man_chord_sa. tolerance = 1, sa_iterations = 1000, initial_temperature = 3.0, cooling_rate = 0.999
26 - INFO - chord#: 18 done. best_score=64.0, changed=612, unchanged=250, early_stops=8/8
26 - INFO - chord#: 20 In build_straw_man_chord_sa. tolerance = 1, sa_iterations = 1000, initial_temperature = 3.0, cooling_rate = 0.999
26 - INFO - chord#: 14 done. best_score=27.0, changed=517, unchanged=319, early_stops=8/8
26 - INFO - chord#: 16 In build_straw_man_chord_sa. tolerance = 1, sa_iterations = 1000, initial_temperature = 3.0, cooling_rate = 0.999
26 - INFO - chord#: 16 done. best_score=27.0, changed=524, unchanged=369, early_stops=8/8
26 - INFO - chord#: 18 In build_straw_man_chord_sa. tolerance = 1, sa_iterations = 1000, initial_temperature = 3.0, cooling_rate = 0.999
26 - INFO - chord#: 20 done. best_score=27.0, changed=518, unchanged=408, early_stops=8/8
26 - INFO - chord#: 22 In build_straw_man_chord_sa. tolerance = 1, sa_iterations = 1000, initial_temperature = 3.0, cooling_rate = 0.999
26 - INFO - chord#: 20 done. best_score=27.0, changed=526, unchanged=485, early_stops=8/8
26 - INFO - chord#: 22 In build_straw_man_chord_sa. tolerance = 1, sa_iterations = 1000, initial_temperature = 3.0, cooling_rate = 0.999
26 - INFO - chord#: 18 done. best_score=64.0, changed=610, unchanged=266, early_stops=8/8
26 - INFO - chord#: 20 In build_straw_man_chord_sa. tolerance = 1, sa_iterations = 1000, initial_temperature = 3.0, cooling_rate = 0.999
26 - INFO - chord#: 14 done. best_score=27.0, changed=533, unchanged=303, early_stops=8/8
26 - INFO - chord#: 16 In build_straw_man_chord_sa. tolerance = 1, sa_iterations = 1000, initial_temperature = 3.0, cooling_rate = 0.999
26 - INFO - chord#: 14 done. best_score=27.0, changed=534, unchanged=383, early_stops=8/8
26 - INFO - chord#: 16 In build_straw_man_chord_sa. tolerance = 1, sa_iterations = 1000, initial_temperature = 3.0, cooling_rate = 0.999
26 - INFO - chord#: 16 done. best_score=27.0, changed=516, unchanged=386, early_stops=8/8
26 - INFO - chord#: 18 In build_straw_man_chord_sa. tolerance = 1, sa_iterations = 1000, initial_temperature = 3.0, cooling_rate = 0.999
26 - INFO - chord#: 18 done. best_score=64.0, changed=620, unchanged=374, early_stops=8/8
26 - INFO - chord#: 20 In build_straw_man_chord_sa. tolerance = 1, sa_iterations = 1000, initial_temperature = 3.0, cooling_rate = 0.999
26 - INFO - chord#: 20 done. best_score=27.0, changed=520, unchanged=484, early_stops=8/8
26 - INFO - chord#: 22 In build_straw_man_chord_sa. tolerance = 1, sa_iterations = 1000, initial_temperature = 3.0, cooling_rate = 0.999
26 - INFO - chord#: 22 done. best_score=27.0, changed=525, unchanged=353, early_stops=8/8
26 - INFO - chord#: 24 In build_straw_man_chord_sa. tolerance = 1, sa_iterations = 1000, initial_temperature = 3.0, cooling_rate = 0.999
26 - INFO - chord#: 22 done. best_score=27.0, changed=524, unchanged=380, early_stops=8/8
26 - INFO - chord#: 24 In build_straw_man_chord_sa. tolerance = 1, sa_iterations = 1000, initial_temperature = 3.0, cooling_rate = 0.999
26 - INFO - chord#: 16 done. best_score=27.0, changed=517, unchanged=412, early_stops=8/8
26 - INFO - chord#: 18 In build_straw_man_chord_sa. tolerance = 1, sa_iterations = 1000, initial_temperature = 3.0, cooling_rate = 0.999
26 - INFO - chord#: 16 done. best_score=27.0, changed=517, unchanged=323, early_stops=8/8
26 - INFO - chord#: 18 In build_straw_man_chord_sa. tolerance = 1, sa_iterations = 1000, initial_temperature = 3.0, cooling_rate = 0.999
26 - INFO - chord#: 18 done. best_score=64.0, changed=619, unchanged=323, early_stops=8/8
26 - INFO - chord#: 20 In build_straw_man_chord_sa. tolerance = 1, sa_iterations = 1000, initial_temperature = 3.0, cooling_rate = 0.999
26 - INFO - chord#: 20 done. best_score=27.0, changed=520, unchanged=359, early_stops=8/8
26 - INFO - chord#: 22 In build_straw_man_chord_sa. tolerance = 1, sa_iterations = 1000, initial_temperature = 3.0, cooling_rate = 0.999
26 - INFO - chord#: 16 done. best_score=27.0, changed=517, unchanged=441, early_stops=8/8
26 - INFO - chord#: 18 In build_straw_man_chord_sa. tolerance = 1, sa_iterations = 1000, initial_temperature = 3.0, cooling_rate = 0.999
26 - INFO - chord#: 18 done. best_score=146.0, changed=613, unchanged=413, early_stops=8/8
26 - INFO - chord#: 20 In build_straw_man_chord_sa. tolerance = 1, sa_iterations = 1000, initial_temperature = 3.0, cooling_rate = 0.999
26 - INFO - chord#: 22 done. best_score=27.0, changed=519, unchanged=316, early_stops=8/8
26 - INFO - chord#: 24 In build_straw_man_chord_sa. tolerance = 1, sa_iterations = 1000, initial_temperature = 3.0, cooling_rate = 0.999
26 - INFO - chord#: 20 done. best_score=27.0, changed=523, unchanged=456, early_stops=8/8
26 - INFO - chord#: 22 In build_straw_man_chord_sa. tolerance = 1, sa_iterations = 1000, initial_temperature = 3.0, cooling_rate = 0.999
26 - INFO - chord#: 24 done. best_score=27.0, changed=522, unchanged=370, early_stops=8/8
26 - INFO - chord#: 28 In build_straw_man_chord_sa. tolerance = 1, sa_iterations = 1000, initial_temperature = 3.0, cooling_rate = 0.999
26 - INFO - chord#: 24 done. best_score=27.0, changed=531, unchanged=455, early_stops=8/8
26 - INFO - chord#: 28 In build_straw_man_chord_sa. tolerance = 1, sa_iterations = 1000, initial_temperature = 3.0, cooling_rate = 0.999
26 - INFO - chord#: 20 done. best_score=27.0, changed=520, unchanged=402, early_stops=8/8
26 - INFO - chord#: 22 In build_straw_man_chord_sa. tolerance = 1, sa_iterations = 1000, initial_temperature = 3.0, cooling_rate = 0.999
26 - INFO - chord#: 18 done. best_score=146.0, changed=608, unchanged=269, early_stops=8/8
26 - INFO - chord#: 20 In build_straw_man_chord_sa. tolerance = 1, sa_iterations = 1000, initial_temperature = 3.0, cooling_rate = 0.999
26 - INFO - chord#: 22 done. best_score=27.0, changed=519, unchanged=354, early_stops=8/8
26 - INFO - chord#: 24 In build_straw_man_chord_sa. tolerance = 1, sa_iterations = 1000, initial_temperature = 3.0, cooling_rate = 0.999
26 - INFO - chord#: 20 done. best_score=27.0, changed=522, unchanged=401, early_stops=8/8
26 - INFO - chord#: 22 In build_straw_man_chord_sa. tolerance = 1, sa_iterations = 1000, initial_temperature = 3.0, cooling_rate = 0.999
26 - INFO - chord#: 24 done. best_score=27.0, changed=544, unchanged=557, early_stops=8/8
26 - INFO - chord#: 28 In build_straw_man_chord_sa. tolerance = 1, sa_iterations = 1000, initial_temperature = 3.0, cooling_rate = 0.999
26 - INFO - chord#: 22 done. best_score=27.0, changed=529, unchanged=515, early_stops=8/8
26 - INFO - chord#: 24 In build_straw_man_chord_sa. tolerance = 1, sa_iterations = 1000, initial_temperature = 3.0, cooling_rate = 0.999
26 - INFO - chord#: 28 done. best_score=27.0, changed=532, unchanged=348, early_stops=8/8
26 - INFO - chord#: 32 In build_straw_man_chord_sa. tolerance = 1, sa_iterations = 1000, initial_temperature = 3.0, cooling_rate = 0.999
26 - INFO - chord#: 28 done. best_score=27.0, changed=535, unchanged=362, early_stops=8/8
26 - INFO - chord#: 32 In build_straw_man_chord_sa. tolerance = 1, sa_iterations = 1000, initial_temperature = 3.0, cooling_rate = 0.999
26 - INFO - chord#: 22 done. best_score=27.0, changed=516, unchanged=358, early_stops=8/8
26 - INFO - chord#: 24 In build_straw_man_chord_sa. tolerance = 1, sa_iterations = 1000, initial_temperature = 3.0, cooling_rate = 0.999
26 - INFO - chord#: 18 done. best_score=64.0, changed=615, unchanged=414, early_stops=8/8
26 - INFO - chord#: 20 In build_straw_man_chord_sa. tolerance = 1, sa_iterations = 1000, initial_temperature = 3.0, cooling_rate = 0.999
26 - INFO - chord#: 18 done. best_score=64.0, changed=614, unchanged=415, early_stops=8/8
26 - INFO - chord#: 20 In build_straw_man_chord_sa. tolerance = 1, sa_iterations = 1000, initial_temperature = 3.0, cooling_rate = 0.999
26 - INFO - chord#: 18 done. best_score=64.0, changed=617, unchanged=313, early_stops=8/8
26 - INFO - chord#: 20 In build_straw_man_chord_sa. tolerance = 1, sa_iterations = 1000, initial_temperature = 3.0, cooling_rate = 0.999
26 - INFO - chord#: 24 done. best_score=27.0, changed=520, unchanged=372, early_stops=8/8
26 - INFO - chord#: 28 In build_straw_man_chord_sa. tolerance = 1, sa_iterations = 1000, initial_temperature = 3.0, cooling_rate = 0.999
26 - INFO - chord#: 24 done. best_score=27.0, changed=515, unchanged=324, early_stops=8/8
26 - INFO - chord#: 28 In build_straw_man_chord_sa. tolerance = 1, sa_iterations = 1000, initial_temperature = 3.0, cooling_rate = 0.999
26 - INFO - chord#: 28 done. best_score=27.0, changed=535, unchanged=384, early_stops=8/8
26 - INFO - chord#: 32 In build_straw_man_chord_sa. tolerance = 1, sa_iterations = 1000, initial_temperature = 3.0, cooling_rate = 0.999
26 - INFO - chord#: 20 done. best_score=27.0, changed=517, unchanged=458, early_stops=8/8
26 - INFO - chord#: 22 In build_straw_man_chord_sa. tolerance = 1, sa_iterations = 1000, initial_temperature = 3.0, cooling_rate = 0.999
26 - INFO - chord#: 18 done. best_score=64.0, changed=608, unchanged=285, early_stops=8/8
26 - INFO - chord#: 20 In build_straw_man_chord_sa. tolerance = 1, sa_iterations = 1000, initial_temperature = 3.0, cooling_rate = 0.999
26 - INFO - chord#: 32 done. best_score=27.0, changed=540, unchanged=470, early_stops=8/8
26 - INFO - chord#: 34 In build_straw_man_chord_sa. tolerance = 1, sa_iterations = 1000, initial_temperature = 3.0, cooling_rate = 0.999
26 - INFO - chord#: 22 done. best_score=27.0, changed=527, unchanged=414, early_stops=8/8
26 - INFO - chord#: 24 In build_straw_man_chord_sa. tolerance = 1, sa_iterations = 1000, initial_temperature = 3.0, cooling_rate = 0.999
26 - INFO - chord#: 32 done. best_score=27.0, changed=535, unchanged=458, early_stops=8/8
26 - INFO - chord#: 34 In build_straw_man_chord_sa. tolerance = 1, sa_iterations = 1000, initial_temperature = 3.0, cooling_rate = 0.999
26 - INFO - chord#: 24 done. best_score=27.0, changed=519, unchanged=390, early_stops=8/8
26 - INFO - chord#: 28 In build_straw_man_chord_sa. tolerance = 1, sa_iterations = 1000, initial_temperature = 3.0, cooling_rate = 0.999
26 - INFO - chord#: 20 done. best_score=27.0, changed=514, unchanged=411, early_stops=8/8
26 - INFO - chord#: 22 In build_straw_man_chord_sa. tolerance = 1, sa_iterations = 1000, initial_temperature = 3.0, cooling_rate = 0.999
26 - INFO - chord#: 20 done. best_score=27.0, changed=521, unchanged=439, early_stops=8/8
26 - INFO - chord#: 22 In build_straw_man_chord_sa. tolerance = 1, sa_iterations = 1000, initial_temperature = 3.0, cooling_rate = 0.999
26 - INFO - chord#: 28 done. best_score=27.0, changed=522, unchanged=396, early_stops=8/8
26 - INFO - chord#: 32 done. best_score=27.0, changed=529, unchanged=354, early_stops=8/8
26 - INFO - chord#: 34 In build_straw_man_chord_sa. tolerance = 1, sa_iterations = 1000, initial_temperature = 3.0, cooling_rate = 0.999
26 - INFO - chord#: 32 In build_straw_man_chord_sa. tolerance = 1, sa_iterations = 1000, initial_temperature = 3.0, cooling_rate = 0.999
26 - INFO - chord#: 22 done. best_score=27.0, changed=520, unchanged=332, early_stops=8/8
26 - INFO - chord#: 24 In build_straw_man_chord_sa. tolerance = 1, sa_iterations = 1000, initial_temperature = 3.0, cooling_rate = 0.999
26 - INFO - chord#: 28 done. best_score=27.0, changed=524, unchanged=351, early_stops=8/8
26 - INFO - chord#: 32 In build_straw_man_chord_sa. tolerance = 1, sa_iterations = 1000, initial_temperature = 3.0, cooling_rate = 0.999
26 - INFO - chord#: 20 done. best_score=27.0, changed=524, unchanged=386, early_stops=8/8
26 - INFO - chord#: 22 In build_straw_man_chord_sa. tolerance = 1, sa_iterations = 1000, initial_temperature = 3.0, cooling_rate = 0.999
26 - INFO - chord#: 28 done. best_score=27.0, changed=536, unchanged=302, early_stops=8/8
26 - INFO - chord#: 32 In build_straw_man_chord_sa. tolerance = 1, sa_iterations = 1000, initial_temperature = 3.0, cooling_rate = 0.999
26 - INFO - chord#: 20 done. best_score=27.0, changed=520, unchanged=532, early_stops=8/8
26 - INFO - chord#: 22 In build_straw_man_chord_sa. tolerance = 1, sa_iterations = 1000, initial_temperature = 3.0, cooling_rate = 0.999
26 - INFO - chord#: 24 done. best_score=27.0, changed=530, unchanged=459, early_stops=8/8
26 - INFO - chord#: 28 In build_straw_man_chord_sa. tolerance = 1, sa_iterations = 1000, initial_temperature = 3.0, cooling_rate = 0.999
26 - INFO - chord#: 22 done. best_score=27.0, changed=529, unchanged=351, early_stops=8/8
26 - INFO - chord#: 24 In build_straw_man_chord_sa. tolerance = 1, sa_iterations = 1000, initial_temperature = 3.0, cooling_rate = 0.999
26 - INFO - chord#: 32 done. best_score=27.0, changed=528, unchanged=365, early_stops=8/8
26 - INFO - chord#: 34 In build_straw_man_chord_sa. tolerance = 1, sa_iterations = 1000, initial_temperature = 3.0, cooling_rate = 0.999
26 - INFO - chord#: 22 done. best_score=27.0, changed=527, unchanged=453, early_stops=8/8
26 - INFO - chord#: 24 In build_straw_man_chord_sa. tolerance = 1, sa_iterations = 1000, initial_temperature = 3.0, cooling_rate = 0.999
26 - INFO - chord#: 34 done. best_score=149.0, changed=609, unchanged=217, early_stops=8/8
26 - INFO - chord#: 36 In build_straw_man_chord_sa. tolerance = 1, sa_iterations = 1000, initial_temperature = 3.0, cooling_rate = 0.999
26 - INFO - chord#: 32 done. best_score=27.0, changed=536, unchanged=365, early_stops=8/8
26 - INFO - chord#: 34 In build_straw_man_chord_sa. tolerance = 1, sa_iterations = 1000, initial_temperature = 3.0, cooling_rate = 0.999
26 - INFO - chord#: 32 done. best_score=27.0, changed=524, unchanged=351, early_stops=8/8
26 - INFO - chord#: 34 In build_straw_man_chord_sa. tolerance = 1, sa_iterations = 1000, initial_temperature = 3.0, cooling_rate = 0.999
26 - INFO - chord#: 22 done. best_score=27.0, changed=532, unchanged=355, early_stops=8/8
26 - INFO - chord#: 24 In build_straw_man_chord_sa. tolerance = 1, sa_iterations = 1000, initial_temperature = 3.0, cooling_rate = 0.999
26 - INFO - chord#: 34 done. best_score=70.0, changed=616, unchanged=327, early_stops=8/8
26 - INFO - chord#: 36 In build_straw_man_chord_sa. tolerance = 1, sa_iterations = 1000, initial_temperature = 3.0, cooling_rate = 0.999
26 - INFO - chord#: 24 done. best_score=27.0, changed=522, unchanged=455, early_stops=8/8
26 - INFO - chord#: 28 In build_straw_man_chord_sa. tolerance = 1, sa_iterations = 1000, initial_temperature = 3.0, cooling_rate = 0.999
26 - INFO - chord#: 28 done. best_score=27.0, changed=516, unchanged=345, early_stops=8/8
26 - INFO - chord#: 32 In build_straw_man_chord_sa. tolerance = 1, sa_iterations = 1000, initial_temperature = 3.0, cooling_rate = 0.999
26 - INFO - chord#: 22 done. best_score=27.0, changed=532, unchanged=391, early_stops=8/8
26 - INFO - chord#: 24 In build_straw_man_chord_sa. tolerance = 1, sa_iterations = 1000, initial_temperature = 3.0, cooling_rate = 0.999
26 - INFO - chord#: 24 done. best_score=27.0, changed=518, unchanged=398, early_stops=8/8
26 - INFO - chord#: 28 In build_straw_man_chord_sa. tolerance = 1, sa_iterations = 1000, initial_temperature = 3.0, cooling_rate = 0.999
26 - INFO - chord#: 36 done. best_score=27.0, changed=536, unchanged=456, early_stops=8/8
26 - INFO - chord#: 38 In build_straw_man_chord_sa. tolerance = 1, sa_iterations = 1000, initial_temperature = 3.0, cooling_rate = 0.999
26 - INFO - chord#: 36 done. best_score=27.0, changed=524, unchanged=327, early_stops=8/8
26 - INFO - chord#: 38 In build_straw_man_chord_sa. tolerance = 1, sa_iterations = 1000, initial_temperature = 3.0, cooling_rate = 0.999
26 - INFO - chord#: 24 done. best_score=27.0, changed=516, unchanged=347, early_stops=8/8
26 - INFO - chord#: 28 In build_straw_man_chord_sa. tolerance = 1, sa_iterations = 1000, initial_temperature = 3.0, cooling_rate = 0.999
26 - INFO - chord#: 34 done. best_score=70.0, changed=618, unchanged=402, early_stops=8/8
26 - INFO - chord#: 36 In build_straw_man_chord_sa. tolerance = 1, sa_iterations = 1000, initial_temperature = 3.0, cooling_rate = 0.999
26 - INFO - chord#: 28 done. best_score=27.0, changed=534, unchanged=334, early_stops=8/8
26 - INFO - chord#: 32 In build_straw_man_chord_sa. tolerance = 1, sa_iterations = 1000, initial_temperature = 3.0, cooling_rate = 0.999
26 - INFO - chord#: 28 done. best_score=27.0, changed=526, unchanged=314, early_stops=8/8
26 - INFO - chord#: 32 In build_straw_man_chord_sa. tolerance = 1, sa_iterations = 1000, initial_temperature = 3.0, cooling_rate = 0.999
26 - INFO - chord#: 24 done. best_score=36.0, changed=524, unchanged=368, early_stops=8/8
26 - INFO - chord#: 28 In build_straw_man_chord_sa. tolerance = 1, sa_iterations = 1000, initial_temperature = 3.0, cooling_rate = 0.999
26 - INFO - chord#: 24 done. best_score=27.0, changed=520, unchanged=337, early_stops=8/8
26 - INFO - chord#: 28 In build_straw_man_chord_sa. tolerance = 1, sa_iterations = 1000, initial_temperature = 3.0, cooling_rate = 0.999
26 - INFO - chord#: 32 done. best_score=27.0, changed=526, unchanged=352, early_stops=8/8
26 - INFO - chord#: 34 In build_straw_man_chord_sa. tolerance = 1, sa_iterations = 1000, initial_temperature = 3.0, cooling_rate = 0.999
26 - INFO - chord#: 34 done. best_score=141.0, changed=613, unchanged=303, early_stops=8/8
26 - INFO - chord#: 36 In build_straw_man_chord_sa. tolerance = 1, sa_iterations = 1000, initial_temperature = 3.0, cooling_rate = 0.999
26 - INFO - chord#: 36 done. best_score=27.0, changed=518, unchanged=348, early_stops=8/8
26 - INFO - chord#: 38 In build_straw_man_chord_sa. tolerance = 1, sa_iterations = 1000, initial_temperature = 3.0, cooling_rate = 0.999
26 - INFO - chord#: 34 done. best_score=70.0, changed=614, unchanged=333, early_stops=8/8
26 - INFO - chord#: 36 In build_straw_man_chord_sa. tolerance = 1, sa_iterations = 1000, initial_temperature = 3.0, cooling_rate = 0.999
26 - INFO - chord#: 28 done. best_score=27.0, changed=540, unchanged=361, early_stops=8/8
26 - INFO - chord#: 32 In build_straw_man_chord_sa. tolerance = 1, sa_iterations = 1000, initial_temperature = 3.0, cooling_rate = 0.999
26 - INFO - chord#: 32 done. best_score=27.0, changed=531, unchanged=349, early_stops=8/8
26 - INFO - chord#: 34 In build_straw_man_chord_sa. tolerance = 1, sa_iterations = 1000, initial_temperature = 3.0, cooling_rate = 0.999
26 - INFO - chord#: 28 done. best_score=36.0, changed=523, unchanged=291, early_stops=8/8
26 - INFO - chord#: 32 In build_straw_man_chord_sa. tolerance = 1, sa_iterations = 1000, initial_temperature = 3.0, cooling_rate = 0.999
26 - INFO - chord#: 32 done. best_score=27.0, changed=533, unchanged=438, early_stops=8/8
26 - INFO - chord#: 34 In build_straw_man_chord_sa. tolerance = 1, sa_iterations = 1000, initial_temperature = 3.0, cooling_rate = 0.999
26 - INFO - chord#: 36 done. best_score=27.0, changed=522, unchanged=326, early_stops=8/8
26 - INFO - chord#: 38 In build_straw_man_chord_sa. tolerance = 1, sa_iterations = 1000, initial_temperature = 3.0, cooling_rate = 0.999
26 - INFO - chord#: 28 done. best_score=27.0, changed=530, unchanged=391, early_stops=8/8
26 - INFO - chord#: 32 In build_straw_man_chord_sa. tolerance = 1, sa_iterations = 1000, initial_temperature = 3.0, cooling_rate = 0.999
26 - INFO - chord#: 38 done. best_score=64.0, changed=609, unchanged=295, early_stops=8/8
26 - INFO - chord#: 40 In build_straw_man_chord_sa. tolerance = 1, sa_iterations = 1000, initial_temperature = 3.0, cooling_rate = 0.999
26 - INFO - chord#: 36 done. best_score=27.0, changed=523, unchanged=329, early_stops=8/8
26 - INFO - chord#: 38 In build_straw_man_chord_sa. tolerance = 1, sa_iterations = 1000, initial_temperature = 3.0, cooling_rate = 0.999
26 - INFO - chord#: 38 done. best_score=64.0, changed=618, unchanged=505, early_stops=8/8
26 - INFO - chord#: 40 In build_straw_man_chord_sa. tolerance = 1, sa_iterations = 1000, initial_temperature = 3.0, cooling_rate = 0.999
26 - INFO - chord#: 32 done. best_score=36.0, changed=529, unchanged=292, early_stops=8/8
26 - INFO - chord#: 34 In build_straw_man_chord_sa. tolerance = 1, sa_iterations = 1000, initial_temperature = 3.0, cooling_rate = 0.999
26 - INFO - chord#: 32 done. best_score=27.0, changed=523, unchanged=398, early_stops=8/8
26 - INFO - chord#: 34 In build_straw_man_chord_sa. tolerance = 1, sa_iterations = 1000, initial_temperature = 3.0, cooling_rate = 0.999
26 - INFO - chord#: 34 done. best_score=70.0, changed=617, unchanged=539, early_stops=8/8
26 - INFO - chord#: 36 In build_straw_man_chord_sa. tolerance = 1, sa_iterations = 1000, initial_temperature = 3.0, cooling_rate = 0.999
26 - INFO - chord#: 40 done. best_score=35.0, changed=527, unchanged=449, early_stops=8/8
26 - INFO - chord#: 42 In build_straw_man_chord_sa. tolerance = 1, sa_iterations = 1000, initial_temperature = 3.0, cooling_rate = 0.999
26 - INFO - chord#: 38 done. best_score=140.0, changed=615, unchanged=295, early_stops=8/8
26 - INFO - chord#: 40 In build_straw_man_chord_sa. tolerance = 1, sa_iterations = 1000, initial_temperature = 3.0, cooling_rate = 0.999
26 - INFO - chord#: 32 done. best_score=27.0, changed=536, unchanged=356, early_stops=8/8
26 - INFO - chord#: 34 In build_straw_man_chord_sa. tolerance = 1, sa_iterations = 1000, initial_temperature = 3.0, cooling_rate = 0.999
26 - INFO - chord#: 40 done. best_score=35.0, changed=530, unchanged=462, early_stops=8/8
26 - INFO - chord#: 42 In build_straw_man_chord_sa. tolerance = 1, sa_iterations = 1000, initial_temperature = 3.0, cooling_rate = 0.999
26 - INFO - chord#: 34 done. best_score=70.0, changed=609, unchanged=270, early_stops=8/8
26 - INFO - chord#: 36 In build_straw_man_chord_sa. tolerance = 1, sa_iterations = 1000, initial_temperature = 3.0, cooling_rate = 0.999
26 - INFO - chord#: 36 done. best_score=27.0, changed=520, unchanged=362, early_stops=8/8
26 - INFO - chord#: 38 In build_straw_man_chord_sa. tolerance = 1, sa_iterations = 1000, initial_temperature = 3.0, cooling_rate = 0.999
26 - INFO - chord#: 34 done. best_score=70.0, changed=615, unchanged=368, early_stops=8/8
26 - INFO - chord#: 36 In build_straw_man_chord_sa. tolerance = 1, sa_iterations = 1000, initial_temperature = 3.0, cooling_rate = 0.999
26 - INFO - chord#: 38 done. best_score=64.0, changed=610, unchanged=336, early_stops=8/8
26 - INFO - chord#: 40 In build_straw_man_chord_sa. tolerance = 1, sa_iterations = 1000, initial_temperature = 3.0, cooling_rate = 0.999
26 - INFO - chord#: 38 done. best_score=146.0, changed=610, unchanged=225, early_stops=8/8
26 - INFO - chord#: 40 In build_straw_man_chord_sa. tolerance = 1, sa_iterations = 1000, initial_temperature = 3.0, cooling_rate = 0.999
26 - INFO - chord#: 40 done. best_score=35.0, changed=530, unchanged=351, early_stops=8/8
26 - INFO - chord#: 42 In build_straw_man_chord_sa. tolerance = 1, sa_iterations = 1000, initial_temperature = 3.0, cooling_rate = 0.999
26 - INFO - chord#: 42 done. best_score=36.0, changed=522, unchanged=354, early_stops=8/8
26 - INFO - chord#: 44 In build_straw_man_chord_sa. tolerance = 1, sa_iterations = 1000, initial_temperature = 3.0, cooling_rate = 0.999
26 - INFO - chord#: 36 done. best_score=27.0, changed=523, unchanged=386, early_stops=8/8
26 - INFO - chord#: 38 In build_straw_man_chord_sa. tolerance = 1, sa_iterations = 1000, initial_temperature = 3.0, cooling_rate = 0.999
26 - INFO - chord#: 34 done. best_score=70.0, changed=608, unchanged=369, early_stops=8/8
26 - INFO - chord#: 36 In build_straw_man_chord_sa. tolerance = 1, sa_iterations = 1000, initial_temperature = 3.0, cooling_rate = 0.999
26 - INFO - chord#: 42 done. best_score=36.0, changed=528, unchanged=520, early_stops=8/8
26 - INFO - chord#: 44 In build_straw_man_chord_sa. tolerance = 1, sa_iterations = 1000, initial_temperature = 3.0, cooling_rate = 0.999
26 - INFO - chord#: 40 done. best_score=35.0, changed=521, unchanged=364, early_stops=8/8
26 - INFO - chord#: 42 In build_straw_man_chord_sa. tolerance = 1, sa_iterations = 1000, initial_temperature = 3.0, cooling_rate = 0.999
26 - INFO - chord#: 40 done. best_score=35.0, changed=531, unchanged=378, early_stops=8/8
26 - INFO - chord#: 42 In build_straw_man_chord_sa. tolerance = 1, sa_iterations = 1000, initial_temperature = 3.0, cooling_rate = 0.999
26 - INFO - chord#: 44 done. best_score=27.0, changed=521, unchanged=301, early_stops=8/8
26 - INFO - chord#: 46 In build_straw_man_chord_sa. tolerance = 1, sa_iterations = 1000, initial_temperature = 3.0, cooling_rate = 0.999
26 - INFO - chord#: 36 done. best_score=27.0, changed=515, unchanged=349, early_stops=8/8
26 - INFO - chord#: 38 In build_straw_man_chord_sa. tolerance = 1, sa_iterations = 1000, initial_temperature = 3.0, cooling_rate = 0.999
26 - INFO - chord#: 34 done. best_score=75.0, changed=611, unchanged=342, early_stops=8/8
26 - INFO - chord#: 36 In build_straw_man_chord_sa. tolerance = 1, sa_iterations = 1000, initial_temperature = 3.0, cooling_rate = 0.999
26 - INFO - chord#: 42 done. best_score=36.0, changed=520, unchanged=445, early_stops=8/8
26 - INFO - chord#: 44 In build_straw_man_chord_sa. tolerance = 1, sa_iterations = 1000, initial_temperature = 3.0, cooling_rate = 0.999
26 - INFO - chord#: 34 done. best_score=70.0, changed=612, unchanged=279, early_stops=8/8
26 - INFO - chord#: 36 In build_straw_man_chord_sa. tolerance = 1, sa_iterations = 1000, initial_temperature = 3.0, cooling_rate = 0.999
26 - INFO - chord#: 44 done. best_score=27.0, changed=529, unchanged=332, early_stops=8/8
26 - INFO - chord#: 46 In build_straw_man_chord_sa. tolerance = 1, sa_iterations = 1000, initial_temperature = 3.0, cooling_rate = 0.999
26 - INFO - chord#: 36 done. best_score=27.0, changed=527, unchanged=366, early_stops=8/8
26 - INFO - chord#: 38 In build_straw_man_chord_sa. tolerance = 1, sa_iterations = 1000, initial_temperature = 3.0, cooling_rate = 0.999
26 - INFO - chord#: 34 done. best_score=70.0, changed=608, unchanged=229, early_stops=8/8
26 - INFO - chord#: 36 In build_straw_man_chord_sa. tolerance = 1, sa_iterations = 1000, initial_temperature = 3.0, cooling_rate = 0.999
26 - INFO - chord#: 42 done. best_score=36.0, changed=516, unchanged=376, early_stops=8/8
26 - INFO - chord#: 44 In build_straw_man_chord_sa. tolerance = 1, sa_iterations = 1000, initial_temperature = 3.0, cooling_rate = 0.999
26 - INFO - chord#: 44 done. best_score=27.0, changed=528, unchanged=348, early_stops=8/8
26 - INFO - chord#: 46 In build_straw_man_chord_sa. tolerance = 1, sa_iterations = 1000, initial_temperature = 3.0, cooling_rate = 0.999
26 - INFO - chord#: 42 done. best_score=36.0, changed=519, unchanged=432, early_stops=8/8
26 - INFO - chord#: 44 In build_straw_man_chord_sa. tolerance = 1, sa_iterations = 1000, initial_temperature = 3.0, cooling_rate = 0.999
26 - INFO - chord#: 46 done. best_score=27.0, changed=524, unchanged=329, early_stops=8/8
26 - INFO - chord#: 48 In build_straw_man_chord_sa. tolerance = 1, sa_iterations = 1000, initial_temperature = 3.0, cooling_rate = 0.999
26 - INFO - chord#: 46 done. best_score=27.0, changed=529, unchanged=281, early_stops=8/8
26 - INFO - chord#: 48 In build_straw_man_chord_sa. tolerance = 1, sa_iterations = 1000, initial_temperature = 3.0, cooling_rate = 0.999
26 - INFO - chord#: 38 done. best_score=64.0, changed=614, unchanged=300, early_stops=8/8
26 - INFO - chord#: 40 In build_straw_man_chord_sa. tolerance = 1, sa_iterations = 1000, initial_temperature = 3.0, cooling_rate = 0.999
26 - INFO - chord#: 36 done. best_score=27.0, changed=528, unchanged=453, early_stops=8/8
26 - INFO - chord#: 38 In build_straw_man_chord_sa. tolerance = 1, sa_iterations = 1000, initial_temperature = 3.0, cooling_rate = 0.999
26 - INFO - chord#: 38 done. best_score=125.0, changed=615, unchanged=295, early_stops=8/8
26 - INFO - chord#: 40 In build_straw_man_chord_sa. tolerance = 1, sa_iterations = 1000, initial_temperature = 3.0, cooling_rate = 0.999
26 - INFO - chord#: 36 done. best_score=27.0, changed=522, unchanged=406, early_stops=8/8
26 - INFO - chord#: 38 In build_straw_man_chord_sa. tolerance = 1, sa_iterations = 1000, initial_temperature = 3.0, cooling_rate = 0.999
26 - INFO - chord#: 36 done. best_score=27.0, changed=521, unchanged=339, early_stops=8/8
26 - INFO - chord#: 38 In build_straw_man_chord_sa. tolerance = 1, sa_iterations = 1000, initial_temperature = 3.0, cooling_rate = 0.999
26 - INFO - chord#: 44 done. best_score=27.0, changed=518, unchanged=336, early_stops=8/8
26 - INFO - chord#: 46 In build_straw_man_chord_sa. tolerance = 1, sa_iterations = 1000, initial_temperature = 3.0, cooling_rate = 0.999
26 - INFO - chord#: 46 done. best_score=27.0, changed=526, unchanged=332, early_stops=8/8
26 - INFO - chord#: 48 In build_straw_man_chord_sa. tolerance = 1, sa_iterations = 1000, initial_temperature = 3.0, cooling_rate = 0.999
26 - INFO - chord#: 44 done. best_score=27.0, changed=534, unchanged=371, early_stops=8/8
26 - INFO - chord#: 46 In build_straw_man_chord_sa. tolerance = 1, sa_iterations = 1000, initial_temperature = 3.0, cooling_rate = 0.999
26 - INFO - chord#: 40 done. best_score=35.0, changed=521, unchanged=326, early_stops=8/8
26 - INFO - chord#: 42 In build_straw_man_chord_sa. tolerance = 1, sa_iterations = 1000, initial_temperature = 3.0, cooling_rate = 0.999
26 - INFO - chord#: 40 done. best_score=35.0, changed=519, unchanged=345, early_stops=8/8
26 - INFO - chord#: 42 In build_straw_man_chord_sa. tolerance = 1, sa_iterations = 1000, initial_temperature = 3.0, cooling_rate = 0.999
26 - INFO - chord#: 38 done. best_score=64.0, changed=610, unchanged=239, early_stops=8/8
26 - INFO - chord#: 40 In build_straw_man_chord_sa. tolerance = 1, sa_iterations = 1000, initial_temperature = 3.0, cooling_rate = 0.999
26 - INFO - chord#: 46 done. best_score=27.0, changed=533, unchanged=305, early_stops=8/8
26 - INFO - chord#: 48 In build_straw_man_chord_sa. tolerance = 1, sa_iterations = 1000, initial_temperature = 3.0, cooling_rate = 0.999
26 - INFO - chord#: 46 done. best_score=27.0, changed=528, unchanged=394, early_stops=8/8
26 - INFO - chord#: 48 In build_straw_man_chord_sa. tolerance = 1, sa_iterations = 1000, initial_temperature = 3.0, cooling_rate = 0.999
26 - INFO - chord#: 38 done. best_score=64.0, changed=614, unchanged=350, early_stops=8/8
26 - INFO - chord#: 40 In build_straw_man_chord_sa. tolerance = 1, sa_iterations = 1000, initial_temperature = 3.0, cooling_rate = 0.999
26 - INFO - chord#: 42 done. best_score=36.0, changed=518, unchanged=354, early_stops=8/8
26 - INFO - chord#: 44 In build_straw_man_chord_sa. tolerance = 1, sa_iterations = 1000, initial_temperature = 3.0, cooling_rate = 0.999
26 - INFO - chord#: 42 done. best_score=36.0, changed=519, unchanged=422, early_stops=8/8
26 - INFO - chord#: 44 In build_straw_man_chord_sa. tolerance = 1, sa_iterations = 1000, initial_temperature = 3.0, cooling_rate = 0.999
26 - INFO - chord#: 40 done. best_score=35.0, changed=529, unchanged=383, early_stops=8/8
26 - INFO - chord#: 42 In build_straw_man_chord_sa. tolerance = 1, sa_iterations = 1000, initial_temperature = 3.0, cooling_rate = 0.999
26 - INFO - chord#: 48 done. best_score=64.0, changed=617, unchanged=384, early_stops=8/8
26 - INFO - chord#: 50 In build_straw_man_chord_sa. tolerance = 1, sa_iterations = 1000, initial_temperature = 3.0, cooling_rate = 0.999
26 - INFO - chord#: 38 done. best_score=64.0, changed=613, unchanged=270, early_stops=8/8
26 - INFO - chord#: 40 In build_straw_man_chord_sa. tolerance = 1, sa_iterations = 1000, initial_temperature = 3.0, cooling_rate = 0.999
26 - INFO - chord#: 48 done. best_score=64.0, changed=613, unchanged=270, early_stops=8/8
26 - INFO - chord#: 50 In build_straw_man_chord_sa. tolerance = 1, sa_iterations = 1000, initial_temperature = 3.0, cooling_rate = 0.999
26 - INFO - chord#: 48 done. best_score=64.0, changed=613, unchanged=289, early_stops=8/8
26 - INFO - chord#: 50 In build_straw_man_chord_sa. tolerance = 1, sa_iterations = 1000, initial_temperature = 3.0, cooling_rate = 0.999
26 - INFO - chord#: 38 done. best_score=140.0, changed=617, unchanged=292, early_stops=8/8
26 - INFO - chord#: 40 In build_straw_man_chord_sa. tolerance = 1, sa_iterations = 1000, initial_temperature = 3.0, cooling_rate = 0.999
26 - INFO - chord#: 44 done. best_score=27.0, changed=520, unchanged=322, early_stops=8/8
26 - INFO - chord#: 46 In build_straw_man_chord_sa. tolerance = 1, sa_iterations = 1000, initial_temperature = 3.0, cooling_rate = 0.999
26 - INFO - chord#: 44 done. best_score=27.0, changed=530, unchanged=327, early_stops=8/8
26 - INFO - chord#: 46 In build_straw_man_chord_sa. tolerance = 1, sa_iterations = 1000, initial_temperature = 3.0, cooling_rate = 0.999
26 - INFO - chord#: 40 done. best_score=35.0, changed=524, unchanged=533, early_stops=8/8
26 - INFO - chord#: 42 In build_straw_man_chord_sa. tolerance = 1, sa_iterations = 1000, initial_temperature = 3.0, cooling_rate = 0.999
26 - INFO - chord#: 50 done. best_score=35.0, changed=519, unchanged=342, early_stops=8/8
26 - INFO - chord#: 52 In build_straw_man_chord_sa. tolerance = 1, sa_iterations = 1000, initial_temperature = 3.0, cooling_rate = 0.999
26 - INFO - chord#: 40 done. best_score=35.0, changed=521, unchanged=345, early_stops=8/8
26 - INFO - chord#: 42 In build_straw_man_chord_sa. tolerance = 1, sa_iterations = 1000, initial_temperature = 3.0, cooling_rate = 0.999
26 - INFO - chord#: 38 done. best_score=64.0, changed=618, unchanged=500, early_stops=8/8
26 - INFO - chord#: 40 In build_straw_man_chord_sa. tolerance = 1, sa_iterations = 1000, initial_temperature = 3.0, cooling_rate = 0.999
26 - INFO - chord#: 42 done. best_score=36.0, changed=517, unchanged=357, early_stops=8/8
26 - INFO - chord#: 44 In build_straw_man_chord_sa. tolerance = 1, sa_iterations = 1000, initial_temperature = 3.0, cooling_rate = 0.999
26 - INFO - chord#: 50 done. best_score=37.0, changed=518, unchanged=312, early_stops=8/8
26 - INFO - chord#: 52 In build_straw_man_chord_sa. tolerance = 1, sa_iterations = 1000, initial_temperature = 3.0, cooling_rate = 0.999
26 - INFO - chord#: 50 done. best_score=35.0, changed=524, unchanged=316, early_stops=8/8
26 - INFO - chord#: 52 In build_straw_man_chord_sa. tolerance = 1, sa_iterations = 1000, initial_temperature = 3.0, cooling_rate = 0.999
26 - INFO - chord#: 46 done. best_score=27.0, changed=525, unchanged=322, early_stops=8/8
26 - INFO - chord#: 48 In build_straw_man_chord_sa. tolerance = 1, sa_iterations = 1000, initial_temperature = 3.0, cooling_rate = 0.999
26 - INFO - chord#: 40 done. best_score=59.0, changed=522, unchanged=405, early_stops=8/8
26 - INFO - chord#: 42 In build_straw_man_chord_sa. tolerance = 1, sa_iterations = 1000, initial_temperature = 3.0, cooling_rate = 0.999
26 - INFO - chord#: 46 done. best_score=27.0, changed=522, unchanged=357, early_stops=8/8
26 - INFO - chord#: 48 In build_straw_man_chord_sa. tolerance = 1, sa_iterations = 1000, initial_temperature = 3.0, cooling_rate = 0.999
26 - INFO - chord#: 52 done. best_score=27.0, changed=513, unchanged=309, early_stops=8/8
26 - INFO - chord#: 54 In build_straw_man_chord_sa. tolerance = 1, sa_iterations = 1000, initial_temperature = 3.0, cooling_rate = 0.999
26 - INFO - chord#: 48 done. best_score=125.0, changed=613, unchanged=362, early_stops=8/8
26 - INFO - chord#: 50 In build_straw_man_chord_sa. tolerance = 1, sa_iterations = 1000, initial_temperature = 3.0, cooling_rate = 0.999
26 - INFO - chord#: 42 done. best_score=36.0, changed=524, unchanged=371, early_stops=8/8
26 - INFO - chord#: 44 In build_straw_man_chord_sa. tolerance = 1, sa_iterations = 1000, initial_temperature = 3.0, cooling_rate = 0.999
26 - INFO - chord#: 40 done. best_score=35.0, changed=522, unchanged=355, early_stops=8/8
26 - INFO - chord#: 42 In build_straw_man_chord_sa. tolerance = 1, sa_iterations = 1000, initial_temperature = 3.0, cooling_rate = 0.999
26 - INFO - chord#: 48 done. best_score=64.0, changed=618, unchanged=375, early_stops=8/8
26 - INFO - chord#: 50 In build_straw_man_chord_sa. tolerance = 1, sa_iterations = 1000, initial_temperature = 3.0, cooling_rate = 0.999
26 - INFO - chord#: 52 done. best_score=27.0, changed=523, unchanged=437, early_stops=8/8
26 - INFO - chord#: 54 In build_straw_man_chord_sa. tolerance = 1, sa_iterations = 1000, initial_temperature = 3.0, cooling_rate = 0.999
26 - INFO - chord#: 42 done. best_score=36.0, changed=527, unchanged=506, early_stops=8/8
26 - INFO - chord#: 44 In build_straw_man_chord_sa. tolerance = 1, sa_iterations = 1000, initial_temperature = 3.0, cooling_rate = 0.999
26 - INFO - chord#: 44 done. best_score=27.0, changed=519, unchanged=335, early_stops=8/8
26 - INFO - chord#: 46 In build_straw_man_chord_sa. tolerance = 1, sa_iterations = 1000, initial_temperature = 3.0, cooling_rate = 0.999
26 - INFO - chord#: 52 done. best_score=27.0, changed=519, unchanged=336, early_stops=8/8
26 - INFO - chord#: 54 In build_straw_man_chord_sa. tolerance = 1, sa_iterations = 1000, initial_temperature = 3.0, cooling_rate = 0.999
26 - INFO - chord#: 50 done. best_score=37.0, changed=528, unchanged=364, early_stops=8/8
26 - INFO - chord#: 52 In build_straw_man_chord_sa. tolerance = 1, sa_iterations = 1000, initial_temperature = 3.0, cooling_rate = 0.999
26 - INFO - chord#: 54 done. best_score=27.0, changed=522, unchanged=363, early_stops=8/8
26 - INFO - chord#: 55 In build_straw_man_chord_sa. tolerance = 1, sa_iterations = 1000, initial_temperature = 3.0, cooling_rate = 0.999
26 - INFO - chord#: 44 done. best_score=27.0, changed=525, unchanged=434, early_stops=8/8
26 - INFO - chord#: 46 In build_straw_man_chord_sa. tolerance = 1, sa_iterations = 1000, initial_temperature = 3.0, cooling_rate = 0.999
26 - INFO - chord#: 42 done. best_score=36.0, changed=524, unchanged=486, early_stops=8/8
26 - INFO - chord#: 44 In build_straw_man_chord_sa. tolerance = 1, sa_iterations = 1000, initial_temperature = 3.0, cooling_rate = 0.999
26 - INFO - chord#: 54 done. best_score=27.0, changed=518, unchanged=350, early_stops=8/8
26 - INFO - chord#: 55 In build_straw_man_chord_sa. tolerance = 1, sa_iterations = 1000, initial_temperature = 3.0, cooling_rate = 0.999
26 - INFO - chord#: 42 done. best_score=36.0, changed=520, unchanged=493, early_stops=8/8
26 - INFO - chord#: 44 In build_straw_man_chord_sa. tolerance = 1, sa_iterations = 1000, initial_temperature = 3.0, cooling_rate = 0.999
26 - INFO - chord#: 50 done. best_score=37.0, changed=526, unchanged=338, early_stops=8/8
26 - INFO - chord#: 52 In build_straw_man_chord_sa. tolerance = 1, sa_iterations = 1000, initial_temperature = 3.0, cooling_rate = 0.999
26 - INFO - chord#: 44 done. best_score=27.0, changed=540, unchanged=341, early_stops=8/8
26 - INFO - chord#: 46 In build_straw_man_chord_sa. tolerance = 1, sa_iterations = 1000, initial_temperature = 3.0, cooling_rate = 0.999
26 - INFO - chord#: 54 done. best_score=27.0, changed=525, unchanged=421, early_stops=8/8
26 - INFO - chord#: 55 In build_straw_man_chord_sa. tolerance = 1, sa_iterations = 1000, initial_temperature = 3.0, cooling_rate = 0.999
26 - INFO - chord#: 46 done. best_score=27.0, changed=527, unchanged=364, early_stops=8/8
26 - INFO - chord#: 48 In build_straw_man_chord_sa. tolerance = 1, sa_iterations = 1000, initial_temperature = 3.0, cooling_rate = 0.999
26 - INFO - chord#: 48 done. best_score=154.0, changed=610, unchanged=403, early_stops=8/8
26 - INFO - chord#: 50 In build_straw_man_chord_sa. tolerance = 1, sa_iterations = 1000, initial_temperature = 3.0, cooling_rate = 0.999
26 - INFO - chord#: 52 done. best_score=27.0, changed=527, unchanged=593, early_stops=8/8
26 - INFO - chord#: 54 In build_straw_man_chord_sa. tolerance = 1, sa_iterations = 1000, initial_temperature = 3.0, cooling_rate = 0.999
26 - INFO - chord#: 46 done. best_score=27.0, changed=527, unchanged=342, early_stops=8/8
26 - INFO - chord#: 48 done. best_score=64.0, changed=614, unchanged=349, early_stops=8/8
26 - INFO - chord#: 48 In build_straw_man_chord_sa. tolerance = 1, sa_iterations = 1000, initial_temperature = 3.0, cooling_rate = 0.999
26 - INFO - chord#: 50 In build_straw_man_chord_sa. tolerance = 1, sa_iterations = 1000, initial_temperature = 3.0, cooling_rate = 0.999
26 - INFO - chord#: 44 done. best_score=27.0, changed=515, unchanged=310, early_stops=8/8
26 - INFO - chord#: 46 In build_straw_man_chord_sa. tolerance = 1, sa_iterations = 1000, initial_temperature = 3.0, cooling_rate = 0.999
26 - INFO - chord#: 50 done. best_score=37.0, changed=518, unchanged=363, early_stops=8/8
26 - INFO - chord#: 52 In build_straw_man_chord_sa. tolerance = 1, sa_iterations = 1000, initial_temperature = 3.0, cooling_rate = 0.999
26 - INFO - chord#: 55 done. best_score=137.0, changed=614, unchanged=231, early_stops=8/8
26 - INFO - chord#: 56 In build_straw_man_chord_sa. tolerance = 1, sa_iterations = 1000, initial_temperature = 3.0, cooling_rate = 0.999
26 - INFO - chord#: 46 done. best_score=27.0, changed=524, unchanged=413, early_stops=8/8
26 - INFO - chord#: 48 In build_straw_man_chord_sa. tolerance = 1, sa_iterations = 1000, initial_temperature = 3.0, cooling_rate = 0.999
26 - INFO - chord#: 54 done. best_score=27.0, changed=519, unchanged=395, early_stops=8/8
26 - INFO - chord#: 55 In build_straw_man_chord_sa. tolerance = 1, sa_iterations = 1000, initial_temperature = 3.0, cooling_rate = 0.999
26 - INFO - chord#: 44 done. best_score=27.0, changed=530, unchanged=336, early_stops=8/8
26 - INFO - chord#: 46 In build_straw_man_chord_sa. tolerance = 1, sa_iterations = 1000, initial_temperature = 3.0, cooling_rate = 0.999
26 - INFO - chord#: 52 done. best_score=27.0, changed=513, unchanged=380, early_stops=8/8
26 - INFO - chord#: 54 In build_straw_man_chord_sa. tolerance = 1, sa_iterations = 1000, initial_temperature = 3.0, cooling_rate = 0.999
26 - INFO - chord#: 50 done. best_score=37.0, changed=535, unchanged=288, early_stops=8/8
26 - INFO - chord#: 52 In build_straw_man_chord_sa. tolerance = 1, sa_iterations = 1000, initial_temperature = 3.0, cooling_rate = 0.999
26 - INFO - chord#: 46 done. best_score=27.0, changed=528, unchanged=428, early_stops=8/8
26 - INFO - chord#: 48 In build_straw_man_chord_sa. tolerance = 1, sa_iterations = 1000, initial_temperature = 3.0, cooling_rate = 0.999
26 - INFO - chord#: 56 done. best_score=27.0, changed=520, unchanged=337, early_stops=8/8
26 - INFO - chord#: 64 In build_straw_man_chord_sa. tolerance = 1, sa_iterations = 1000, initial_temperature = 3.0, cooling_rate = 0.999
26 - INFO - chord#: 52 done. best_score=27.0, changed=516, unchanged=405, early_stops=8/8
26 - INFO - chord#: 54 In build_straw_man_chord_sa. tolerance = 1, sa_iterations = 1000, initial_temperature = 3.0, cooling_rate = 0.999
26 - INFO - chord#: 55 done. best_score=67.0, changed=611, unchanged=411, early_stops=8/8
26 - INFO - chord#: 56 In build_straw_man_chord_sa. tolerance = 1, sa_iterations = 1000, initial_temperature = 3.0, cooling_rate = 0.999
26 - INFO - chord#: 46 done. best_score=27.0, changed=515, unchanged=307, early_stops=8/8
26 - INFO - chord#: 48 In build_straw_man_chord_sa. tolerance = 1, sa_iterations = 1000, initial_temperature = 3.0, cooling_rate = 0.999
26 - INFO - chord#: 54 done. best_score=27.0, changed=521, unchanged=300, early_stops=8/8
26 - INFO - chord#: 55 In build_straw_man_chord_sa. tolerance = 1, sa_iterations = 1000, initial_temperature = 3.0, cooling_rate = 0.999
26 - INFO - chord#: 48 done. best_score=104.0, changed=607, unchanged=206, early_stops=8/8
26 - INFO - chord#: 50 In build_straw_man_chord_sa. tolerance = 1, sa_iterations = 1000, initial_temperature = 3.0, cooling_rate = 0.999
26 - INFO - chord#: 55 done. best_score=96.0, changed=606, unchanged=208, early_stops=8/8
26 - INFO - chord#: 56 In build_straw_man_chord_sa. tolerance = 1, sa_iterations = 1000, initial_temperature = 3.0, cooling_rate = 0.999
26 - INFO - chord#: 52 done. best_score=27.0, changed=534, unchanged=509, early_stops=8/8
26 - INFO - chord#: 54 In build_straw_man_chord_sa. tolerance = 1, sa_iterations = 1000, initial_temperature = 3.0, cooling_rate = 0.999
26 - INFO - chord#: 64 done. best_score=27.0, changed=520, unchanged=388, early_stops=8/8
26 - INFO - chord#: 66 In build_straw_man_chord_sa. tolerance = 1, sa_iterations = 1000, initial_temperature = 3.0, cooling_rate = 0.999
26 - INFO - chord#: 48 done. best_score=71.0, changed=614, unchanged=416, early_stops=8/8
26 - INFO - chord#: 50 In build_straw_man_chord_sa. tolerance = 1, sa_iterations = 1000, initial_temperature = 3.0, cooling_rate = 0.999
26 - INFO - chord#: 50 done. best_score=68.0, changed=517, unchanged=294, early_stops=8/8
26 - INFO - chord#: 52 In build_straw_man_chord_sa. tolerance = 1, sa_iterations = 1000, initial_temperature = 3.0, cooling_rate = 0.999
26 - INFO - chord#: 54 done. best_score=27.0, changed=531, unchanged=451, early_stops=8/8
26 - INFO - chord#: 55 In build_straw_man_chord_sa. tolerance = 1, sa_iterations = 1000, initial_temperature = 3.0, cooling_rate = 0.999
26 - INFO - chord#: 56 done. best_score=27.0, changed=522, unchanged=391, early_stops=8/8
26 - INFO - chord#: 64 In build_straw_man_chord_sa. tolerance = 1, sa_iterations = 1000, initial_temperature = 3.0, cooling_rate = 0.999
26 - INFO - chord#: 54 done. best_score=27.0, changed=521, unchanged=370, early_stops=8/8
26 - INFO - chord#: 55 In build_straw_man_chord_sa. tolerance = 1, sa_iterations = 1000, initial_temperature = 3.0, cooling_rate = 0.999
26 - INFO - chord#: 55 done. best_score=67.0, changed=611, unchanged=362, early_stops=8/8
26 - INFO - chord#: 56 In build_straw_man_chord_sa. tolerance = 1, sa_iterations = 1000, initial_temperature = 3.0, cooling_rate = 0.999
26 - INFO - chord#: 56 done. best_score=27.0, changed=525, unchanged=412, early_stops=8/8
26 - INFO - chord#: 64 In build_straw_man_chord_sa. tolerance = 1, sa_iterations = 1000, initial_temperature = 3.0, cooling_rate = 0.999
26 - INFO - chord#: 48 done. best_score=64.0, changed=612, unchanged=273, early_stops=8/8
26 - INFO - chord#: 50 In build_straw_man_chord_sa. tolerance = 1, sa_iterations = 1000, initial_temperature = 3.0, cooling_rate = 0.999
26 - INFO - chord#: 50 done. best_score=35.0, changed=519, unchanged=342, early_stops=8/8
26 - INFO - chord#: 52 In build_straw_man_chord_sa. tolerance = 1, sa_iterations = 1000, initial_temperature = 3.0, cooling_rate = 0.999
26 - INFO - chord#: 52 done. best_score=27.0, changed=526, unchanged=486, early_stops=8/8
26 - INFO - chord#: 54 In build_straw_man_chord_sa. tolerance = 1, sa_iterations = 1000, initial_temperature = 3.0, cooling_rate = 0.999
26 - INFO - chord#: 64 done. best_score=27.0, changed=525, unchanged=555, early_stops=8/8
26 - INFO - chord#: 66 In build_straw_man_chord_sa. tolerance = 1, sa_iterations = 1000, initial_temperature = 3.0, cooling_rate = 0.999
26 - INFO - chord#: 56 done. best_score=27.0, changed=522, unchanged=357, early_stops=8/8
26 - INFO - chord#: 64 In build_straw_man_chord_sa. tolerance = 1, sa_iterations = 1000, initial_temperature = 3.0, cooling_rate = 0.999
26 - INFO - chord#: 48 done. best_score=64.0, changed=609, unchanged=285, early_stops=8/8
26 - INFO - chord#: 50 In build_straw_man_chord_sa. tolerance = 1, sa_iterations = 1000, initial_temperature = 3.0, cooling_rate = 0.999
26 - INFO - chord#: 64 done. best_score=27.0, changed=523, unchanged=437, early_stops=8/8
26 - INFO - chord#: 66 In build_straw_man_chord_sa. tolerance = 1, sa_iterations = 1000, initial_temperature = 3.0, cooling_rate = 0.999
26 - INFO - chord#: 50 done. best_score=35.0, changed=529, unchanged=348, early_stops=8/8
26 - INFO - chord#: 52 In build_straw_man_chord_sa. tolerance = 1, sa_iterations = 1000, initial_temperature = 3.0, cooling_rate = 0.999
26 - INFO - chord#: 55 done. best_score=67.0, changed=610, unchanged=298, early_stops=8/8
26 - INFO - chord#: 56 In build_straw_man_chord_sa. tolerance = 1, sa_iterations = 1000, initial_temperature = 3.0, cooling_rate = 0.999
26 - INFO - chord#: 48 done. best_score=157.0, changed=613, unchanged=431, early_stops=8/8
26 - INFO - chord#: 50 In build_straw_man_chord_sa. tolerance = 1, sa_iterations = 1000, initial_temperature = 3.0, cooling_rate = 0.999
26 - INFO - chord#: 54 done. best_score=27.0, changed=518, unchanged=339, early_stops=8/8
26 - INFO - chord#: 55 In build_straw_man_chord_sa. tolerance = 1, sa_iterations = 1000, initial_temperature = 3.0, cooling_rate = 0.999
26 - INFO - chord#: 66 done. best_score=141.0, changed=611, unchanged=403, early_stops=8/8
26 - INFO - chord#: 68 In build_straw_man_chord_sa. tolerance = 1, sa_iterations = 1000, initial_temperature = 3.0, cooling_rate = 0.999
26 - INFO - chord#: 52 done. best_score=27.0, changed=518, unchanged=450, early_stops=8/8
26 - INFO - chord#: 54 In build_straw_man_chord_sa. tolerance = 1, sa_iterations = 1000, initial_temperature = 3.0, cooling_rate = 0.999
26 - INFO - chord#: 55 done. best_score=67.0, changed=616, unchanged=320, early_stops=8/8
26 - INFO - chord#: 56 In build_straw_man_chord_sa. tolerance = 1, sa_iterations = 1000, initial_temperature = 3.0, cooling_rate = 0.999
26 - INFO - chord#: 64 done. best_score=27.0, changed=522, unchanged=416, early_stops=8/8
26 - INFO - chord#: 66 In build_straw_man_chord_sa. tolerance = 1, sa_iterations = 1000, initial_temperature = 3.0, cooling_rate = 0.999
26 - INFO - chord#: 55 done. best_score=145.0, changed=612, unchanged=376, early_stops=8/8
26 - INFO - chord#: 56 In build_straw_man_chord_sa. tolerance = 1, sa_iterations = 1000, initial_temperature = 3.0, cooling_rate = 0.999
26 - INFO - chord#: 50 done. best_score=37.0, changed=520, unchanged=372, early_stops=8/8
26 - INFO - chord#: 52 In build_straw_man_chord_sa. tolerance = 1, sa_iterations = 1000, initial_temperature = 3.0, cooling_rate = 0.999
26 - INFO - chord#: 68 done. best_score=31.0, changed=531, unchanged=403, early_stops=8/8
26 - INFO - chord#: 70 In build_straw_man_chord_sa. tolerance = 1, sa_iterations = 1000, initial_temperature = 3.0, cooling_rate = 0.999
26 - INFO - chord#: 56 done. best_score=27.0, changed=522, unchanged=336, early_stops=8/8
26 - INFO - chord#: 64 In build_straw_man_chord_sa. tolerance = 1, sa_iterations = 1000, initial_temperature = 3.0, cooling_rate = 0.999
26 - INFO - chord#: 66 done. best_score=141.0, changed=610, unchanged=224, early_stops=8/8
26 - INFO - chord#: 68 In build_straw_man_chord_sa. tolerance = 1, sa_iterations = 1000, initial_temperature = 3.0, cooling_rate = 0.999
26 - INFO - chord#: 50 done. best_score=35.0, changed=538, unchanged=346, early_stops=8/8
26 - INFO - chord#: 52 In build_straw_man_chord_sa. tolerance = 1, sa_iterations = 1000, initial_temperature = 3.0, cooling_rate = 0.999
26 - INFO - chord#: 56 done. best_score=27.0, changed=528, unchanged=435, early_stops=8/8
26 - INFO - chord#: 64 In build_straw_man_chord_sa. tolerance = 1, sa_iterations = 1000, initial_temperature = 3.0, cooling_rate = 0.999
26 - INFO - chord#: 54 done. best_score=27.0, changed=518, unchanged=323, early_stops=8/8
26 - INFO - chord#: 55 In build_straw_man_chord_sa. tolerance = 1, sa_iterations = 1000, initial_temperature = 3.0, cooling_rate = 0.999
26 - INFO - chord#: 52 done. best_score=27.0, changed=525, unchanged=525, early_stops=8/8
26 - INFO - chord#: 54 In build_straw_man_chord_sa. tolerance = 1, sa_iterations = 1000, initial_temperature = 3.0, cooling_rate = 0.999
26 - INFO - chord#: 56 done. best_score=27.0, changed=518, unchanged=311, early_stops=8/8
26 - INFO - chord#: 64 In build_straw_man_chord_sa. tolerance = 1, sa_iterations = 1000, initial_temperature = 3.0, cooling_rate = 0.999
26 - INFO - chord#: 70 done. best_score=27.0, changed=520, unchanged=355, early_stops=8/8
26 - INFO - chord#: 72 In build_straw_man_chord_sa. tolerance = 1, sa_iterations = 1000, initial_temperature = 3.0, cooling_rate = 0.999
26 - INFO - chord#: 68 done. best_score=31.0, changed=538, unchanged=399, early_stops=8/8
26 - INFO - chord#: 70 In build_straw_man_chord_sa. tolerance = 1, sa_iterations = 1000, initial_temperature = 3.0, cooling_rate = 0.999
26 - INFO - chord#: 55 done. best_score=96.0, changed=609, unchanged=263, early_stops=8/8
26 - INFO - chord#: 56 In build_straw_man_chord_sa. tolerance = 1, sa_iterations = 1000, initial_temperature = 3.0, cooling_rate = 0.999
26 - INFO - chord#: 64 done. best_score=27.0, changed=524, unchanged=447, early_stops=8/8
26 - INFO - chord#: 66 In build_straw_man_chord_sa. tolerance = 1, sa_iterations = 1000, initial_temperature = 3.0, cooling_rate = 0.999
26 - INFO - chord#: 54 done. best_score=27.0, changed=524, unchanged=317, early_stops=8/8
26 - INFO - chord#: 55 In build_straw_man_chord_sa. tolerance = 1, sa_iterations = 1000, initial_temperature = 3.0, cooling_rate = 0.999
26 - INFO - chord#: 66 done. best_score=70.0, changed=608, unchanged=258, early_stops=8/8
26 - INFO - chord#: 68 In build_straw_man_chord_sa. tolerance = 1, sa_iterations = 1000, initial_temperature = 3.0, cooling_rate = 0.999
26 - INFO - chord#: 52 done. best_score=27.0, changed=524, unchanged=568, early_stops=8/8
26 - INFO - chord#: 54 In build_straw_man_chord_sa. tolerance = 1, sa_iterations = 1000, initial_temperature = 3.0, cooling_rate = 0.999
26 - INFO - chord#: 64 done. best_score=27.0, changed=525, unchanged=458, early_stops=8/8
26 - INFO - chord#: 66 In build_straw_man_chord_sa. tolerance = 1, sa_iterations = 1000, initial_temperature = 3.0, cooling_rate = 0.999
26 - INFO - chord#: 52 done. best_score=27.0, changed=518, unchanged=456, early_stops=8/8
26 - INFO - chord#: 54 In build_straw_man_chord_sa. tolerance = 1, sa_iterations = 1000, initial_temperature = 3.0, cooling_rate = 0.999
26 - INFO - chord#: 64 done. best_score=27.0, changed=518, unchanged=461, early_stops=8/8
26 - INFO - chord#: 66 In build_straw_man_chord_sa. tolerance = 1, sa_iterations = 1000, initial_temperature = 3.0, cooling_rate = 0.999
26 - INFO - chord#: 70 done. best_score=27.0, changed=521, unchanged=389, early_stops=8/8
26 - INFO - chord#: 72 In build_straw_man_chord_sa. tolerance = 1, sa_iterations = 1000, initial_temperature = 3.0, cooling_rate = 0.999
26 - INFO - chord#: 72 done. best_score=47.0, changed=518, unchanged=406, early_stops=8/8
26 - INFO - chord#: 74 In build_straw_man_chord_sa. tolerance = 1, sa_iterations = 1000, initial_temperature = 3.0, cooling_rate = 0.999
26 - INFO - chord#: 56 done. best_score=27.0, changed=526, unchanged=357, early_stops=8/8
26 - INFO - chord#: 64 In build_straw_man_chord_sa. tolerance = 1, sa_iterations = 1000, initial_temperature = 3.0, cooling_rate = 0.999
26 - INFO - chord#: 66 done. best_score=70.0, changed=615, unchanged=467, early_stops=8/8
26 - INFO - chord#: 68 In build_straw_man_chord_sa. tolerance = 1, sa_iterations = 1000, initial_temperature = 3.0, cooling_rate = 0.999
26 - INFO - chord#: 68 done. best_score=31.0, changed=524, unchanged=342, early_stops=8/8
26 - INFO - chord#: 70 In build_straw_man_chord_sa. tolerance = 1, sa_iterations = 1000, initial_temperature = 3.0, cooling_rate = 0.999
26 - INFO - chord#: 54 done. best_score=27.0, changed=520, unchanged=370, early_stops=8/8
26 - INFO - chord#: 55 In build_straw_man_chord_sa. tolerance = 1, sa_iterations = 1000, initial_temperature = 3.0, cooling_rate = 0.999
26 - INFO - chord#: 54 done. best_score=27.0, changed=526, unchanged=464, early_stops=8/8
26 - INFO - chord#: 55 In build_straw_man_chord_sa. tolerance = 1, sa_iterations = 1000, initial_temperature = 3.0, cooling_rate = 0.999
26 - INFO - chord#: 64 done. best_score=27.0, changed=519, unchanged=345, early_stops=8/8
26 - INFO - chord#: 66 In build_straw_man_chord_sa. tolerance = 1, sa_iterations = 1000, initial_temperature = 3.0, cooling_rate = 0.999
26 - INFO - chord#: 55 done. best_score=67.0, changed=616, unchanged=304, early_stops=8/8
26 - INFO - chord#: 56 In build_straw_man_chord_sa. tolerance = 1, sa_iterations = 1000, initial_temperature = 3.0, cooling_rate = 0.999
26 - INFO - chord#: 72 done. best_score=36.0, changed=515, unchanged=409, early_stops=8/8
26 - INFO - chord#: 74 In build_straw_man_chord_sa. tolerance = 1, sa_iterations = 1000, initial_temperature = 3.0, cooling_rate = 0.999
26 - INFO - chord#: 68 done. best_score=31.0, changed=532, unchanged=353, early_stops=8/8
26 - INFO - chord#: 70 In build_straw_man_chord_sa. tolerance = 1, sa_iterations = 1000, initial_temperature = 3.0, cooling_rate = 0.999
26 - INFO - chord#: 70 done. best_score=27.0, changed=520, unchanged=391, early_stops=8/8
26 - INFO - chord#: 72 In build_straw_man_chord_sa. tolerance = 1, sa_iterations = 1000, initial_temperature = 3.0, cooling_rate = 0.999
26 - INFO - chord#: 66 done. best_score=156.0, changed=612, unchanged=336, early_stops=8/8
26 - INFO - chord#: 68 In build_straw_man_chord_sa. tolerance = 1, sa_iterations = 1000, initial_temperature = 3.0, cooling_rate = 0.999
26 - INFO - chord#: 66 done. best_score=141.0, changed=614, unchanged=317, early_stops=8/8
26 - INFO - chord#: 68 In build_straw_man_chord_sa. tolerance = 1, sa_iterations = 1000, initial_temperature = 3.0, cooling_rate = 0.999
26 - INFO - chord#: 55 done. best_score=224.0, changed=607, unchanged=202, early_stops=8/8
26 - INFO - chord#: 56 In build_straw_man_chord_sa. tolerance = 1, sa_iterations = 1000, initial_temperature = 3.0, cooling_rate = 0.999
26 - INFO - chord#: 68 done. best_score=58.0, changed=535, unchanged=367, early_stops=8/8
26 - INFO - chord#: 70 In build_straw_man_chord_sa. tolerance = 1, sa_iterations = 1000, initial_temperature = 3.0, cooling_rate = 0.999
26 - INFO - chord#: 56 done. best_score=27.0, changed=524, unchanged=403, early_stops=8/8
26 - INFO - chord#: 64 In build_straw_man_chord_sa. tolerance = 1, sa_iterations = 1000, initial_temperature = 3.0, cooling_rate = 0.999
26 - INFO - chord#: 74 done. best_score=124.0, changed=606, unchanged=283, early_stops=8/8
26 - INFO - chord#: 75 In build_straw_man_chord_sa. tolerance = 1, sa_iterations = 1000, initial_temperature = 3.0, cooling_rate = 0.999
26 - INFO - chord#: 70 done. best_score=27.0, changed=538, unchanged=490, early_stops=8/8
26 - INFO - chord#: 72 In build_straw_man_chord_sa. tolerance = 1, sa_iterations = 1000, initial_temperature = 3.0, cooling_rate = 0.999
26 - INFO - chord#: 72 done. best_score=36.0, changed=525, unchanged=543, early_stops=8/8
26 - INFO - chord#: 74 In build_straw_man_chord_sa. tolerance = 1, sa_iterations = 1000, initial_temperature = 3.0, cooling_rate = 0.999
26 - INFO - chord#: 66 done. best_score=70.0, changed=614, unchanged=404, early_stops=8/8
26 - INFO - chord#: 68 In build_straw_man_chord_sa. tolerance = 1, sa_iterations = 1000, initial_temperature = 3.0, cooling_rate = 0.999
26 - INFO - chord#: 68 done. best_score=31.0, changed=514, unchanged=356, early_stops=8/8
26 - INFO - chord#: 70 In build_straw_man_chord_sa. tolerance = 1, sa_iterations = 1000, initial_temperature = 3.0, cooling_rate = 0.999
26 - INFO - chord#: 66 done. best_score=70.0, changed=607, unchanged=254, early_stops=8/8
26 - INFO - chord#: 68 In build_straw_man_chord_sa. tolerance = 1, sa_iterations = 1000, initial_temperature = 3.0, cooling_rate = 0.999
26 - INFO - chord#: 56 done. best_score=27.0, changed=520, unchanged=435, early_stops=8/8
26 - INFO - chord#: 64 In build_straw_man_chord_sa. tolerance = 1, sa_iterations = 1000, initial_temperature = 3.0, cooling_rate = 0.999
26 - INFO - chord#: 75 done. best_score=36.0, changed=528, unchanged=325, early_stops=8/8
26 - INFO - chord#: 76 In build_straw_man_chord_sa. tolerance = 1, sa_iterations = 1000, initial_temperature = 3.0, cooling_rate = 0.999
26 - INFO - chord#: 70 done. best_score=88.0, changed=527, unchanged=333, early_stops=8/8
26 - INFO - chord#: 72 In build_straw_man_chord_sa. tolerance = 1, sa_iterations = 1000, initial_temperature = 3.0, cooling_rate = 0.999
26 - INFO - chord#: 55 done. best_score=67.0, changed=610, unchanged=272, early_stops=8/8
26 - INFO - chord#: 56 In build_straw_man_chord_sa. tolerance = 1, sa_iterations = 1000, initial_temperature = 3.0, cooling_rate = 0.999
26 - INFO - chord#: 68 done. best_score=31.0, changed=530, unchanged=351, early_stops=8/8
26 - INFO - chord#: 70 In build_straw_man_chord_sa. tolerance = 1, sa_iterations = 1000, initial_temperature = 3.0, cooling_rate = 0.999
26 - INFO - chord#: 64 done. best_score=27.0, changed=528, unchanged=453, early_stops=8/8
26 - INFO - chord#: 66 In build_straw_man_chord_sa. tolerance = 1, sa_iterations = 1000, initial_temperature = 3.0, cooling_rate = 0.999
26 - INFO - chord#: 70 done. best_score=27.0, changed=523, unchanged=395, early_stops=8/8
26 - INFO - chord#: 72 In build_straw_man_chord_sa. tolerance = 1, sa_iterations = 1000, initial_temperature = 3.0, cooling_rate = 0.999
26 - INFO - chord#: 68 done. best_score=31.0, changed=528, unchanged=305, early_stops=8/8
26 - INFO - chord#: 70 In build_straw_man_chord_sa. tolerance = 1, sa_iterations = 1000, initial_temperature = 3.0, cooling_rate = 0.999
26 - INFO - chord#: 55 done. best_score=67.0, changed=616, unchanged=365, early_stops=8/8
26 - INFO - chord#: 56 In build_straw_man_chord_sa. tolerance = 1, sa_iterations = 1000, initial_temperature = 3.0, cooling_rate = 0.999
26 - INFO - chord#: 72 done. best_score=36.0, changed=521, unchanged=448, early_stops=8/8
26 - INFO - chord#: 74 In build_straw_man_chord_sa. tolerance = 1, sa_iterations = 1000, initial_temperature = 3.0, cooling_rate = 0.999
26 - INFO - chord#: 74 done. best_score=179.0, changed=614, unchanged=478, early_stops=8/8
26 - INFO - chord#: 75 In build_straw_man_chord_sa. tolerance = 1, sa_iterations = 1000, initial_temperature = 3.0, cooling_rate = 0.999
26 - INFO - chord#: 76 done. best_score=27.0, changed=524, unchanged=410, early_stops=8/8
26 - INFO - chord#: 78 In build_straw_man_chord_sa. tolerance = 1, sa_iterations = 1000, initial_temperature = 3.0, cooling_rate = 0.999
26 - INFO - chord#: 72 done. best_score=47.0, changed=522, unchanged=360, early_stops=8/8
26 - INFO - chord#: 74 In build_straw_man_chord_sa. tolerance = 1, sa_iterations = 1000, initial_temperature = 3.0, cooling_rate = 0.999
26 - INFO - chord#: 64 done. best_score=27.0, changed=521, unchanged=453, early_stops=8/8
26 - INFO - chord#: 66 In build_straw_man_chord_sa. tolerance = 1, sa_iterations = 1000, initial_temperature = 3.0, cooling_rate = 0.999
26 - INFO - chord#: 56 done. best_score=27.0, changed=527, unchanged=428, early_stops=8/8
26 - INFO - chord#: 64 In build_straw_man_chord_sa. tolerance = 1, sa_iterations = 1000, initial_temperature = 3.0, cooling_rate = 0.999
26 - INFO - chord#: 74 done. best_score=141.0, changed=607, unchanged=215, early_stops=8/8
26 - INFO - chord#: 75 In build_straw_man_chord_sa. tolerance = 1, sa_iterations = 1000, initial_temperature = 3.0, cooling_rate = 0.999
26 - INFO - chord#: 70 done. best_score=27.0, changed=517, unchanged=318, early_stops=8/8
26 - INFO - chord#: 72 In build_straw_man_chord_sa. tolerance = 1, sa_iterations = 1000, initial_temperature = 3.0, cooling_rate = 0.999
26 - INFO - chord#: 70 done. best_score=27.0, changed=520, unchanged=391, early_stops=8/8
26 - INFO - chord#: 72 In build_straw_man_chord_sa. tolerance = 1, sa_iterations = 1000, initial_temperature = 3.0, cooling_rate = 0.999
26 - INFO - chord#: 72 done. best_score=36.0, changed=528, unchanged=458, early_stops=8/8
26 - INFO - chord#: 74 In build_straw_man_chord_sa. tolerance = 1, sa_iterations = 1000, initial_temperature = 3.0, cooling_rate = 0.999
26 - INFO - chord#: 56 done. best_score=27.0, changed=516, unchanged=339, early_stops=8/8
26 - INFO - chord#: 64 In build_straw_man_chord_sa. tolerance = 1, sa_iterations = 1000, initial_temperature = 3.0, cooling_rate = 0.999
26 - INFO - chord#: 75 done. best_score=27.0, changed=528, unchanged=340, early_stops=8/8
26 - INFO - chord#: 76 In build_straw_man_chord_sa. tolerance = 1, sa_iterations = 1000, initial_temperature = 3.0, cooling_rate = 0.999
26 - INFO - chord#: 78 done. best_score=27.0, changed=523, unchanged=474, early_stops=8/8
26 - INFO - chord#: 79 In build_straw_man_chord_sa. tolerance = 1, sa_iterations = 1000, initial_temperature = 3.0, cooling_rate = 0.999
26 - INFO - chord#: 75 done. best_score=27.0, changed=537, unchanged=345, early_stops=8/8
26 - INFO - chord#: 76 In build_straw_man_chord_sa. tolerance = 1, sa_iterations = 1000, initial_temperature = 3.0, cooling_rate = 0.999
26 - INFO - chord#: 72 done. best_score=36.0, changed=521, unchanged=328, early_stops=8/8
26 - INFO - chord#: 74 In build_straw_man_chord_sa. tolerance = 1, sa_iterations = 1000, initial_temperature = 3.0, cooling_rate = 0.999
26 - INFO - chord#: 64 done. best_score=27.0, changed=516, unchanged=385, early_stops=8/8
26 - INFO - chord#: 66 In build_straw_man_chord_sa. tolerance = 1, sa_iterations = 1000, initial_temperature = 3.0, cooling_rate = 0.999
26 - INFO - chord#: 76 done. best_score=27.0, changed=515, unchanged=352, early_stops=8/8
26 - INFO - chord#: 78 In build_straw_man_chord_sa. tolerance = 1, sa_iterations = 1000, initial_temperature = 3.0, cooling_rate = 0.999
26 - INFO - chord#: 66 done. best_score=70.0, changed=609, unchanged=223, early_stops=8/8
26 - INFO - chord#: 68 In build_straw_man_chord_sa. tolerance = 1, sa_iterations = 1000, initial_temperature = 3.0, cooling_rate = 0.999
26 - INFO - chord#: 72 done. best_score=36.0, changed=516, unchanged=349, early_stops=8/8
26 - INFO - chord#: 74 In build_straw_man_chord_sa. tolerance = 1, sa_iterations = 1000, initial_temperature = 3.0, cooling_rate = 0.999
26 - INFO - chord#: 64 done. best_score=27.0, changed=522, unchanged=361, early_stops=8/8
26 - INFO - chord#: 66 In build_straw_man_chord_sa. tolerance = 1, sa_iterations = 1000, initial_temperature = 3.0, cooling_rate = 0.999
26 - INFO - chord#: 79 done. best_score=27.0, changed=526, unchanged=540, early_stops=8/8
26 - INFO - chord#: 80 In build_straw_man_chord_sa. tolerance = 1, sa_iterations = 1000, initial_temperature = 3.0, cooling_rate = 0.999
26 - INFO - chord#: 76 done. best_score=27.0, changed=516, unchanged=353, early_stops=8/8
26 - INFO - chord#: 78 In build_straw_man_chord_sa. tolerance = 1, sa_iterations = 1000, initial_temperature = 3.0, cooling_rate = 0.999
26 - INFO - chord#: 74 done. best_score=104.0, changed=613, unchanged=300, early_stops=8/8
26 - INFO - chord#: 75 In build_straw_man_chord_sa. tolerance = 1, sa_iterations = 1000, initial_temperature = 3.0, cooling_rate = 0.999
26 - INFO - chord#: 78 done. best_score=27.0, changed=512, unchanged=313, early_stops=8/8
26 - INFO - chord#: 79 In build_straw_man_chord_sa. tolerance = 1, sa_iterations = 1000, initial_temperature = 3.0, cooling_rate = 0.999
26 - INFO - chord#: 74 done. best_score=143.0, changed=606, unchanged=231, early_stops=8/8
26 - INFO - chord#: 75 In build_straw_man_chord_sa. tolerance = 1, sa_iterations = 1000, initial_temperature = 3.0, cooling_rate = 0.999
26 - INFO - chord#: 68 done. best_score=31.0, changed=526, unchanged=376, early_stops=8/8
26 - INFO - chord#: 70 In build_straw_man_chord_sa. tolerance = 1, sa_iterations = 1000, initial_temperature = 3.0, cooling_rate = 0.999
26 - INFO - chord#: 66 done. best_score=70.0, changed=614, unchanged=324, early_stops=8/8
26 - INFO - chord#: 68 In build_straw_man_chord_sa. tolerance = 1, sa_iterations = 1000, initial_temperature = 3.0, cooling_rate = 0.999
26 - INFO - chord#: 78 done. best_score=27.0, changed=520, unchanged=524, early_stops=8/8
26 - INFO - chord#: 79 In build_straw_man_chord_sa. tolerance = 1, sa_iterations = 1000, initial_temperature = 3.0, cooling_rate = 0.999
26 - INFO - chord#: 75 done. best_score=27.0, changed=540, unchanged=379, early_stops=8/8
26 - INFO - chord#: 76 In build_straw_man_chord_sa. tolerance = 1, sa_iterations = 1000, initial_temperature = 3.0, cooling_rate = 0.999
26 - INFO - chord#: 74 done. best_score=143.0, changed=618, unchanged=389, early_stops=8/8
26 - INFO - chord#: 75 In build_straw_man_chord_sa. tolerance = 1, sa_iterations = 1000, initial_temperature = 3.0, cooling_rate = 0.999
26 - INFO - chord#: 79 done. best_score=27.0, changed=523, unchanged=404, early_stops=8/8
26 - INFO - chord#: 80 In build_straw_man_chord_sa. tolerance = 1, sa_iterations = 1000, initial_temperature = 3.0, cooling_rate = 0.999
26 - INFO - chord#: 74 done. best_score=150.0, changed=610, unchanged=238, early_stops=8/8
26 - INFO - chord#: 75 In build_straw_man_chord_sa. tolerance = 1, sa_iterations = 1000, initial_temperature = 3.0, cooling_rate = 0.999
26 - INFO - chord#: 75 done. best_score=27.0, changed=522, unchanged=380, early_stops=8/8
26 - INFO - chord#: 76 In build_straw_man_chord_sa. tolerance = 1, sa_iterations = 1000, initial_temperature = 3.0, cooling_rate = 0.999
26 - INFO - chord#: 70 done. best_score=27.0, changed=528, unchanged=361, early_stops=8/8
26 - INFO - chord#: 68 done. best_score=31.0, changed=519, unchanged=398, early_stops=8/8
26 - INFO - chord#: 76 done. best_score=27.0, changed=523, unchanged=336, early_stops=8/8
26 - INFO - chord#: 70 In build_straw_man_chord_sa. tolerance = 1, sa_iterations = 1000, initial_temperature = 3.0, cooling_rate = 0.999
26 - INFO - chord#: 72 In build_straw_man_chord_sa. tolerance = 1, sa_iterations = 1000, initial_temperature = 3.0, cooling_rate = 0.999
26 - INFO - chord#: 66 done. best_score=70.0, changed=610, unchanged=335, early_stops=8/8
26 - INFO - chord#: 78 In build_straw_man_chord_sa. tolerance = 1, sa_iterations = 1000, initial_temperature = 3.0, cooling_rate = 0.999
26 - INFO - chord#: 68 In build_straw_man_chord_sa. tolerance = 1, sa_iterations = 1000, initial_temperature = 3.0, cooling_rate = 0.999
26 - INFO - chord#: 80 done. best_score=145.0, changed=608, unchanged=294, early_stops=8/8
26 - INFO - chord#: 79 done. best_score=27.0, changed=519, unchanged=446, early_stops=8/8
26 - INFO - chord#: 82 In build_straw_man_chord_sa. tolerance = 1, sa_iterations = 1000, initial_temperature = 3.0, cooling_rate = 0.999
26 - INFO - chord#: 80 In build_straw_man_chord_sa. tolerance = 1, sa_iterations = 1000, initial_temperature = 3.0, cooling_rate = 0.999
26 - INFO - chord#: 75 done. best_score=27.0, changed=524, unchanged=342, early_stops=8/8
26 - INFO - chord#: 76 In build_straw_man_chord_sa. tolerance = 1, sa_iterations = 1000, initial_temperature = 3.0, cooling_rate = 0.999
26 - INFO - chord#: 75 done. best_score=27.0, changed=526, unchanged=315, early_stops=8/8
26 - INFO - chord#: 76 In build_straw_man_chord_sa. tolerance = 1, sa_iterations = 1000, initial_temperature = 3.0, cooling_rate = 0.999
26 - INFO - chord#: 76 done. best_score=27.0, changed=535, unchanged=447, early_stops=8/8
26 - INFO - chord#: 78 In build_straw_man_chord_sa. tolerance = 1, sa_iterations = 1000, initial_temperature = 3.0, cooling_rate = 0.999
26 - INFO - chord#: 66 done. best_score=103.0, changed=607, unchanged=351, early_stops=8/8
26 - INFO - chord#: 68 In build_straw_man_chord_sa. tolerance = 1, sa_iterations = 1000, initial_temperature = 3.0, cooling_rate = 0.999
26 - INFO - chord#: 74 done. best_score=125.0, changed=610, unchanged=294, early_stops=8/8
26 - INFO - chord#: 75 In build_straw_man_chord_sa. tolerance = 1, sa_iterations = 1000, initial_temperature = 3.0, cooling_rate = 0.999
26 - INFO - chord#: 82 done. best_score=35.0, changed=527, unchanged=300, early_stops=8/8
26 - INFO - chord#: 84 In build_straw_man_chord_sa. tolerance = 1, sa_iterations = 1000, initial_temperature = 3.0, cooling_rate = 0.999
26 - INFO - chord#: 78 done. best_score=27.0, changed=530, unchanged=458, early_stops=8/8
26 - INFO - chord#: 79 In build_straw_man_chord_sa. tolerance = 1, sa_iterations = 1000, initial_temperature = 3.0, cooling_rate = 0.999
26 - INFO - chord#: 68 done. best_score=31.0, changed=520, unchanged=370, early_stops=8/8
26 - INFO - chord#: 70 In build_straw_man_chord_sa. tolerance = 1, sa_iterations = 1000, initial_temperature = 3.0, cooling_rate = 0.999
26 - INFO - chord#: 70 done. best_score=27.0, changed=522, unchanged=381, early_stops=8/8
26 - INFO - chord#: 72 In build_straw_man_chord_sa. tolerance = 1, sa_iterations = 1000, initial_temperature = 3.0, cooling_rate = 0.999
26 - INFO - chord#: 76 done. best_score=36.0, changed=522, unchanged=445, early_stops=8/8
26 - INFO - chord#: 78 In build_straw_man_chord_sa. tolerance = 1, sa_iterations = 1000, initial_temperature = 3.0, cooling_rate = 0.999
26 - INFO - chord#: 76 done. best_score=27.0, changed=521, unchanged=437, early_stops=8/8
26 - INFO - chord#: 78 In build_straw_man_chord_sa. tolerance = 1, sa_iterations = 1000, initial_temperature = 3.0, cooling_rate = 0.999
26 - INFO - chord#: 78 done. best_score=27.0, changed=529, unchanged=440, early_stops=8/8
26 - INFO - chord#: 79 In build_straw_man_chord_sa. tolerance = 1, sa_iterations = 1000, initial_temperature = 3.0, cooling_rate = 0.999
26 - INFO - chord#: 68 done. best_score=31.0, changed=535, unchanged=341, early_stops=8/8
26 - INFO - chord#: 70 In build_straw_man_chord_sa. tolerance = 1, sa_iterations = 1000, initial_temperature = 3.0, cooling_rate = 0.999
26 - INFO - chord#: 72 done. best_score=36.0, changed=522, unchanged=501, early_stops=8/8
26 - INFO - chord#: 74 In build_straw_man_chord_sa. tolerance = 1, sa_iterations = 1000, initial_temperature = 3.0, cooling_rate = 0.999
26 - INFO - chord#: 75 done. best_score=57.0, changed=549, unchanged=295, early_stops=8/8
26 - INFO - chord#: 76 In build_straw_man_chord_sa. tolerance = 1, sa_iterations = 1000, initial_temperature = 3.0, cooling_rate = 0.999
26 - INFO - chord#: 80 done. best_score=166.0, changed=613, unchanged=412, early_stops=8/8
26 - INFO - chord#: 82 In build_straw_man_chord_sa. tolerance = 1, sa_iterations = 1000, initial_temperature = 3.0, cooling_rate = 0.999
26 - INFO - chord#: 79 done. best_score=27.0, changed=522, unchanged=329, early_stops=8/8
26 - INFO - chord#: 80 In build_straw_man_chord_sa. tolerance = 1, sa_iterations = 1000, initial_temperature = 3.0, cooling_rate = 0.999
26 - INFO - chord#: 84 done. best_score=27.0, changed=522, unchanged=418, early_stops=8/8
26 - INFO - chord#: 86 In build_straw_man_chord_sa. tolerance = 1, sa_iterations = 1000, initial_temperature = 3.0, cooling_rate = 0.999
26 - INFO - chord#: 70 done. best_score=27.0, changed=515, unchanged=393, early_stops=8/8
26 - INFO - chord#: 72 In build_straw_man_chord_sa. tolerance = 1, sa_iterations = 1000, initial_temperature = 3.0, cooling_rate = 0.999
26 - INFO - chord#: 78 done. best_score=36.0, changed=525, unchanged=466, early_stops=8/8
26 - INFO - chord#: 79 In build_straw_man_chord_sa. tolerance = 1, sa_iterations = 1000, initial_temperature = 3.0, cooling_rate = 0.999
26 - INFO - chord#: 79 done. best_score=27.0, changed=521, unchanged=512, early_stops=8/8
26 - INFO - chord#: 80 In build_straw_man_chord_sa. tolerance = 1, sa_iterations = 1000, initial_temperature = 3.0, cooling_rate = 0.999
26 - INFO - chord#: 72 done. best_score=36.0, changed=523, unchanged=478, early_stops=8/8
26 - INFO - chord#: 74 In build_straw_man_chord_sa. tolerance = 1, sa_iterations = 1000, initial_temperature = 3.0, cooling_rate = 0.999
26 - INFO - chord#: 80 done. best_score=78.0, changed=613, unchanged=385, early_stops=8/8
26 - INFO - chord#: 82 In build_straw_man_chord_sa. tolerance = 1, sa_iterations = 1000, initial_temperature = 3.0, cooling_rate = 0.999
26 - INFO - chord#: 70 done. best_score=27.0, changed=522, unchanged=360, early_stops=8/8
26 - INFO - chord#: 72 In build_straw_man_chord_sa. tolerance = 1, sa_iterations = 1000, initial_temperature = 3.0, cooling_rate = 0.999
26 - INFO - chord#: 78 done. best_score=27.0, changed=525, unchanged=491, early_stops=8/8
26 - INFO - chord#: 79 In build_straw_man_chord_sa. tolerance = 1, sa_iterations = 1000, initial_temperature = 3.0, cooling_rate = 0.999
26 - INFO - chord#: 82 done. best_score=35.0, changed=539, unchanged=359, early_stops=8/8
26 - INFO - chord#: 84 In build_straw_man_chord_sa. tolerance = 1, sa_iterations = 1000, initial_temperature = 3.0, cooling_rate = 0.999
26 - INFO - chord#: 86 done. best_score=27.0, changed=535, unchanged=461, early_stops=8/8
26 - INFO - chord#: 87 In build_straw_man_chord_sa. tolerance = 1, sa_iterations = 1000, initial_temperature = 3.0, cooling_rate = 0.999
26 - INFO - chord#: 76 done. best_score=27.0, changed=527, unchanged=464, early_stops=8/8
26 - INFO - chord#: 78 In build_straw_man_chord_sa. tolerance = 1, sa_iterations = 1000, initial_temperature = 3.0, cooling_rate = 0.999
26 - INFO - chord#: 79 done. best_score=27.0, changed=516, unchanged=350, early_stops=8/8
26 - INFO - chord#: 80 In build_straw_man_chord_sa. tolerance = 1, sa_iterations = 1000, initial_temperature = 3.0, cooling_rate = 0.999
26 - INFO - chord#: 72 done. best_score=36.0, changed=530, unchanged=452, early_stops=8/8
26 - INFO - chord#: 74 In build_straw_man_chord_sa. tolerance = 1, sa_iterations = 1000, initial_temperature = 3.0, cooling_rate = 0.999
26 - INFO - chord#: 82 done. best_score=37.0, changed=520, unchanged=346, early_stops=8/8
26 - INFO - chord#: 84 In build_straw_man_chord_sa. tolerance = 1, sa_iterations = 1000, initial_temperature = 3.0, cooling_rate = 0.999
26 - INFO - chord#: 84 done. best_score=27.0, changed=519, unchanged=324, early_stops=8/8
26 - INFO - chord#: 86 In build_straw_man_chord_sa. tolerance = 1, sa_iterations = 1000, initial_temperature = 3.0, cooling_rate = 0.999
26 - INFO - chord#: 79 done. best_score=27.0, changed=525, unchanged=405, early_stops=8/8
26 - INFO - chord#: 80 In build_straw_man_chord_sa. tolerance = 1, sa_iterations = 1000, initial_temperature = 3.0, cooling_rate = 0.999
26 - INFO - chord#: 72 done. best_score=36.0, changed=519, unchanged=403, early_stops=8/8
26 - INFO - chord#: 74 In build_straw_man_chord_sa. tolerance = 1, sa_iterations = 1000, initial_temperature = 3.0, cooling_rate = 0.999
26 - INFO - chord#: 78 done. best_score=27.0, changed=517, unchanged=390, early_stops=8/8
26 - INFO - chord#: 79 In build_straw_man_chord_sa. tolerance = 1, sa_iterations = 1000, initial_temperature = 3.0, cooling_rate = 0.999
26 - INFO - chord#: 80 done. best_score=78.0, changed=609, unchanged=355, early_stops=8/8
26 - INFO - chord#: 82 In build_straw_man_chord_sa. tolerance = 1, sa_iterations = 1000, initial_temperature = 3.0, cooling_rate = 0.999
26 - INFO - chord#: 84 done. best_score=27.0, changed=527, unchanged=347, early_stops=8/8
26 - INFO - chord#: 86 In build_straw_man_chord_sa. tolerance = 1, sa_iterations = 1000, initial_temperature = 3.0, cooling_rate = 0.999
26 - INFO - chord#: 86 done. best_score=27.0, changed=524, unchanged=417, early_stops=8/8
26 - INFO - chord#: 87 In build_straw_man_chord_sa. tolerance = 1, sa_iterations = 1000, initial_temperature = 3.0, cooling_rate = 0.999
26 - INFO - chord#: 87 done. best_score=167.0, changed=605, unchanged=208, early_stops=8/8
26 - INFO - chord#: 88 In build_straw_man_chord_sa. tolerance = 1, sa_iterations = 1000, initial_temperature = 3.0, cooling_rate = 0.999
26 - INFO - chord#: 74 done. best_score=150.0, changed=618, unchanged=448, early_stops=8/8
26 - INFO - chord#: 75 In build_straw_man_chord_sa. tolerance = 1, sa_iterations = 1000, initial_temperature = 3.0, cooling_rate = 0.999
26 - INFO - chord#: 74 done. best_score=127.0, changed=604, unchanged=231, early_stops=8/8
26 - INFO - chord#: 75 In build_straw_man_chord_sa. tolerance = 1, sa_iterations = 1000, initial_temperature = 3.0, cooling_rate = 0.999
26 - INFO - chord#: 80 done. best_score=140.0, changed=623, unchanged=476, early_stops=8/8
26 - INFO - chord#: 82 In build_straw_man_chord_sa. tolerance = 1, sa_iterations = 1000, initial_temperature = 3.0, cooling_rate = 0.999
26 - INFO - chord#: 82 done. best_score=37.0, changed=522, unchanged=357, early_stops=8/8
26 - INFO - chord#: 84 In build_straw_man_chord_sa. tolerance = 1, sa_iterations = 1000, initial_temperature = 3.0, cooling_rate = 0.999
26 - INFO - chord#: 86 done. best_score=27.0, changed=523, unchanged=372, early_stops=8/8
26 - INFO - chord#: 87 In build_straw_man_chord_sa. tolerance = 1, sa_iterations = 1000, initial_temperature = 3.0, cooling_rate = 0.999
26 - INFO - chord#: 79 done. best_score=27.0, changed=523, unchanged=390, early_stops=8/8
26 - INFO - chord#: 80 In build_straw_man_chord_sa. tolerance = 1, sa_iterations = 1000, initial_temperature = 3.0, cooling_rate = 0.999
26 - INFO - chord#: 88 done. best_score=27.0, changed=525, unchanged=354, early_stops=8/8
26 - INFO - chord#: 96 In build_straw_man_chord_sa. tolerance = 1, sa_iterations = 1000, initial_temperature = 3.0, cooling_rate = 0.999
26 - INFO - chord#: 80 done. best_score=78.0, changed=619, unchanged=410, early_stops=8/8
26 - INFO - chord#: 82 In build_straw_man_chord_sa. tolerance = 1, sa_iterations = 1000, initial_temperature = 3.0, cooling_rate = 0.999
26 - INFO - chord#: 75 done. best_score=27.0, changed=566, unchanged=273, early_stops=8/8
26 - INFO - chord#: 76 In build_straw_man_chord_sa. tolerance = 1, sa_iterations = 1000, initial_temperature = 3.0, cooling_rate = 0.999
26 - INFO - chord#: 75 done. best_score=61.0, changed=544, unchanged=294, early_stops=8/8
26 - INFO - chord#: 76 In build_straw_man_chord_sa. tolerance = 1, sa_iterations = 1000, initial_temperature = 3.0, cooling_rate = 0.999
26 - INFO - chord#: 82 done. best_score=70.0, changed=528, unchanged=427, early_stops=8/8
26 - INFO - chord#: 84 In build_straw_man_chord_sa. tolerance = 1, sa_iterations = 1000, initial_temperature = 3.0, cooling_rate = 0.999
26 - INFO - chord#: 74 done. best_score=141.0, changed=615, unchanged=239, early_stops=8/8
26 - INFO - chord#: 75 In build_straw_man_chord_sa. tolerance = 1, sa_iterations = 1000, initial_temperature = 3.0, cooling_rate = 0.999
26 - INFO - chord#: 84 done. best_score=27.0, changed=515, unchanged=448, early_stops=8/8
26 - INFO - chord#: 86 In build_straw_man_chord_sa. tolerance = 1, sa_iterations = 1000, initial_temperature = 3.0, cooling_rate = 0.999
26 - INFO - chord#: 96 done. best_score=27.0, changed=523, unchanged=313, early_stops=8/8
26 - INFO - chord#: 98 In build_straw_man_chord_sa. tolerance = 1, sa_iterations = 1000, initial_temperature = 3.0, cooling_rate = 0.999
26 - INFO - chord#: 82 done. best_score=37.0, changed=522, unchanged=376, early_stops=8/8
26 - INFO - chord#: 84 In build_straw_man_chord_sa. tolerance = 1, sa_iterations = 1000, initial_temperature = 3.0, cooling_rate = 0.999
26 - INFO - chord#: 87 done. best_score=67.0, changed=607, unchanged=367, early_stops=8/8
26 - INFO - chord#: 88 In build_straw_man_chord_sa. tolerance = 1, sa_iterations = 1000, initial_temperature = 3.0, cooling_rate = 0.999
26 - INFO - chord#: 80 done. best_score=67.0, changed=618, unchanged=381, early_stops=8/8
26 - INFO - chord#: 82 In build_straw_man_chord_sa. tolerance = 1, sa_iterations = 1000, initial_temperature = 3.0, cooling_rate = 0.999
26 - INFO - chord#: 76 done. best_score=27.0, changed=521, unchanged=384, early_stops=8/8
26 - INFO - chord#: 78 In build_straw_man_chord_sa. tolerance = 1, sa_iterations = 1000, initial_temperature = 3.0, cooling_rate = 0.999
26 - INFO - chord#: 75 done. best_score=27.0, changed=522, unchanged=345, early_stops=8/8
26 - INFO - chord#: 76 In build_straw_man_chord_sa. tolerance = 1, sa_iterations = 1000, initial_temperature = 3.0, cooling_rate = 0.999
26 - INFO - chord#: 86 done. best_score=27.0, changed=513, unchanged=338, early_stops=8/8
26 - INFO - chord#: 87 In build_straw_man_chord_sa. tolerance = 1, sa_iterations = 1000, initial_temperature = 3.0, cooling_rate = 0.999
26 - INFO - chord#: 84 done. best_score=27.0, changed=521, unchanged=425, early_stops=8/8
26 - INFO - chord#: 86 In build_straw_man_chord_sa. tolerance = 1, sa_iterations = 1000, initial_temperature = 3.0, cooling_rate = 0.999
26 - INFO - chord#: 76 done. best_score=27.0, changed=524, unchanged=393, early_stops=8/8
26 - INFO - chord#: 78 In build_straw_man_chord_sa. tolerance = 1, sa_iterations = 1000, initial_temperature = 3.0, cooling_rate = 0.999
26 - INFO - chord#: 74 done. best_score=125.0, changed=612, unchanged=417, early_stops=8/8
26 - INFO - chord#: 75 In build_straw_man_chord_sa. tolerance = 1, sa_iterations = 1000, initial_temperature = 3.0, cooling_rate = 0.999
26 - INFO - chord#: 87 done. best_score=67.0, changed=611, unchanged=270, early_stops=8/8
26 - INFO - chord#: 88 In build_straw_man_chord_sa. tolerance = 1, sa_iterations = 1000, initial_temperature = 3.0, cooling_rate = 0.999
26 - INFO - chord#: 84 done. best_score=27.0, changed=519, unchanged=380, early_stops=8/8
26 - INFO - chord#: 86 In build_straw_man_chord_sa. tolerance = 1, sa_iterations = 1000, initial_temperature = 3.0, cooling_rate = 0.999
26 - INFO - chord#: 88 done. best_score=27.0, changed=528, unchanged=564, early_stops=8/8
26 - INFO - chord#: 96 In build_straw_man_chord_sa. tolerance = 1, sa_iterations = 1000, initial_temperature = 3.0, cooling_rate = 0.999
26 - INFO - chord#: 82 done. best_score=35.0, changed=529, unchanged=317, early_stops=8/8
26 - INFO - chord#: 84 In build_straw_man_chord_sa. tolerance = 1, sa_iterations = 1000, initial_temperature = 3.0, cooling_rate = 0.999
26 - INFO - chord#: 86 done. best_score=27.0, changed=519, unchanged=393, early_stops=8/8
26 - INFO - chord#: 87 In build_straw_man_chord_sa. tolerance = 1, sa_iterations = 1000, initial_temperature = 3.0, cooling_rate = 0.999
26 - INFO - chord#: 75 done. best_score=57.0, changed=526, unchanged=280, early_stops=8/8
26 - INFO - chord#: 78 done. best_score=27.0, changed=517, unchanged=395, early_stops=8/8
26 - INFO - chord#: 76 In build_straw_man_chord_sa. tolerance = 1, sa_iterations = 1000, initial_temperature = 3.0, cooling_rate = 0.999
26 - INFO - chord#: 79 In build_straw_man_chord_sa. tolerance = 1, sa_iterations = 1000, initial_temperature = 3.0, cooling_rate = 0.999
26 - INFO - chord#: 88 done. best_score=27.0, changed=526, unchanged=431, early_stops=8/8
26 - INFO - chord#: 96 In build_straw_man_chord_sa. tolerance = 1, sa_iterations = 1000, initial_temperature = 3.0, cooling_rate = 0.999
26 - INFO - chord#: 76 done. best_score=27.0, changed=513, unchanged=376, early_stops=8/8
26 - INFO - chord#: 78 In build_straw_man_chord_sa. tolerance = 1, sa_iterations = 1000, initial_temperature = 3.0, cooling_rate = 0.999
26 - INFO - chord#: 78 done. best_score=27.0, changed=528, unchanged=540, early_stops=8/8
26 - INFO - chord#: 79 In build_straw_man_chord_sa. tolerance = 1, sa_iterations = 1000, initial_temperature = 3.0, cooling_rate = 0.999
26 - INFO - chord#: 98 done. best_score=97.0, changed=616, unchanged=319, early_stops=8/8
26 - INFO - chord#: 100 In build_straw_man_chord_sa. tolerance = 1, sa_iterations = 1000, initial_temperature = 3.0, cooling_rate = 0.999
26 - INFO - chord#: 86 done. best_score=27.0, changed=526, unchanged=358, early_stops=8/8
26 - INFO - chord#: 87 In build_straw_man_chord_sa. tolerance = 1, sa_iterations = 1000, initial_temperature = 3.0, cooling_rate = 0.999
26 - INFO - chord#: 96 done. best_score=27.0, changed=521, unchanged=397, early_stops=8/8
26 - INFO - chord#: 98 In build_straw_man_chord_sa. tolerance = 1, sa_iterations = 1000, initial_temperature = 3.0, cooling_rate = 0.999
26 - INFO - chord#: 80 done. best_score=67.0, changed=619, unchanged=499, early_stops=8/8
26 - INFO - chord#: 82 In build_straw_man_chord_sa. tolerance = 1, sa_iterations = 1000, initial_temperature = 3.0, cooling_rate = 0.999
26 - INFO - chord#: 87 done. best_score=96.0, changed=610, unchanged=239, early_stops=8/8
26 - INFO - chord#: 88 In build_straw_man_chord_sa. tolerance = 1, sa_iterations = 1000, initial_temperature = 3.0, cooling_rate = 0.999
26 - INFO - chord#: 96 done. best_score=27.0, changed=518, unchanged=417, early_stops=8/8
26 - INFO - chord#: 98 In build_straw_man_chord_sa. tolerance = 1, sa_iterations = 1000, initial_temperature = 3.0, cooling_rate = 0.999
26 - INFO - chord#: 79 done. best_score=27.0, changed=519, unchanged=314, early_stops=8/8
26 - INFO - chord#: 80 In build_straw_man_chord_sa. tolerance = 1, sa_iterations = 1000, initial_temperature = 3.0, cooling_rate = 0.999
26 - INFO - chord#: 76 done. best_score=27.0, changed=525, unchanged=383, early_stops=8/8
26 - INFO - chord#: 78 In build_straw_man_chord_sa. tolerance = 1, sa_iterations = 1000, initial_temperature = 3.0, cooling_rate = 0.999
26 - INFO - chord#: 100 done. best_score=27.0, changed=526, unchanged=400, early_stops=8/8
26 - INFO - chord#: 102 In build_straw_man_chord_sa. tolerance = 1, sa_iterations = 1000, initial_temperature = 3.0, cooling_rate = 0.999
26 - INFO - chord#: 78 done. best_score=27.0, changed=524, unchanged=413, early_stops=8/8
26 - INFO - chord#: 79 In build_straw_man_chord_sa. tolerance = 1, sa_iterations = 1000, initial_temperature = 3.0, cooling_rate = 0.999
26 - INFO - chord#: 84 done. best_score=27.0, changed=523, unchanged=568, early_stops=8/8
26 - INFO - chord#: 86 In build_straw_man_chord_sa. tolerance = 1, sa_iterations = 1000, initial_temperature = 3.0, cooling_rate = 0.999
26 - INFO - chord#: 79 done. best_score=27.0, changed=515, unchanged=386, early_stops=8/8
26 - INFO - chord#: 80 In build_straw_man_chord_sa. tolerance = 1, sa_iterations = 1000, initial_temperature = 3.0, cooling_rate = 0.999
26 - INFO - chord#: 82 done. best_score=35.0, changed=524, unchanged=299, early_stops=8/8
26 - INFO - chord#: 84 In build_straw_man_chord_sa. tolerance = 1, sa_iterations = 1000, initial_temperature = 3.0, cooling_rate = 0.999
26 - INFO - chord#: 88 done. best_score=27.0, changed=524, unchanged=481, early_stops=8/8
26 - INFO - chord#: 96 In build_straw_man_chord_sa. tolerance = 1, sa_iterations = 1000, initial_temperature = 3.0, cooling_rate = 0.999
26 - INFO - chord#: 87 done. best_score=67.0, changed=608, unchanged=308, early_stops=8/8
26 - INFO - chord#: 88 In build_straw_man_chord_sa. tolerance = 1, sa_iterations = 1000, initial_temperature = 3.0, cooling_rate = 0.999
26 - INFO - chord#: 78 done. best_score=27.0, changed=518, unchanged=338, early_stops=8/8
26 - INFO - chord#: 79 In build_straw_man_chord_sa. tolerance = 1, sa_iterations = 1000, initial_temperature = 3.0, cooling_rate = 0.999
26 - INFO - chord#: 86 done. best_score=27.0, changed=531, unchanged=433, early_stops=8/8
26 - INFO - chord#: 87 In build_straw_man_chord_sa. tolerance = 1, sa_iterations = 1000, initial_temperature = 3.0, cooling_rate = 0.999
26 - INFO - chord#: 98 done. best_score=82.0, changed=614, unchanged=292, early_stops=8/8
26 - INFO - chord#: 100 In build_straw_man_chord_sa. tolerance = 1, sa_iterations = 1000, initial_temperature = 3.0, cooling_rate = 0.999
26 - INFO - chord#: 79 done. best_score=27.0, changed=531, unchanged=524, early_stops=8/8
26 - INFO - chord#: 80 In build_straw_man_chord_sa. tolerance = 1, sa_iterations = 1000, initial_temperature = 3.0, cooling_rate = 0.999
26 - INFO - chord#: 96 done. best_score=27.0, changed=515, unchanged=331, early_stops=8/8
26 - INFO - chord#: 98 In build_straw_man_chord_sa. tolerance = 1, sa_iterations = 1000, initial_temperature = 3.0, cooling_rate = 0.999
26 - INFO - chord#: 88 done. best_score=27.0, changed=515, unchanged=310, early_stops=8/8
26 - INFO - chord#: 96 In build_straw_man_chord_sa. tolerance = 1, sa_iterations = 1000, initial_temperature = 3.0, cooling_rate = 0.999
26 - INFO - chord#: 84 done. best_score=27.0, changed=515, unchanged=433, early_stops=8/8
26 - INFO - chord#: 86 In build_straw_man_chord_sa. tolerance = 1, sa_iterations = 1000, initial_temperature = 3.0, cooling_rate = 0.999
26 - INFO - chord#: 87 done. best_score=145.0, changed=615, unchanged=493, early_stops=8/8
26 - INFO - chord#: 88 In build_straw_man_chord_sa. tolerance = 1, sa_iterations = 1000, initial_temperature = 3.0, cooling_rate = 0.999
26 - INFO - chord#: 98 done. best_score=82.0, changed=610, unchanged=367, early_stops=8/8
26 - INFO - chord#: 100 In build_straw_man_chord_sa. tolerance = 1, sa_iterations = 1000, initial_temperature = 3.0, cooling_rate = 0.999
26 - INFO - chord#: 102 done. best_score=141.0, changed=613, unchanged=332, early_stops=8/8
26 - INFO - chord#: 104 In build_straw_man_chord_sa. tolerance = 1, sa_iterations = 1000, initial_temperature = 3.0, cooling_rate = 0.999
26 - INFO - chord#: 79 done. best_score=27.0, changed=514, unchanged=331, early_stops=8/8
26 - INFO - chord#: 80 In build_straw_man_chord_sa. tolerance = 1, sa_iterations = 1000, initial_temperature = 3.0, cooling_rate = 0.999
26 - INFO - chord#: 100 done. best_score=27.0, changed=531, unchanged=354, early_stops=8/8
26 - INFO - chord#: 102 In build_straw_man_chord_sa. tolerance = 1, sa_iterations = 1000, initial_temperature = 3.0, cooling_rate = 0.999
26 - INFO - chord#: 96 done. best_score=27.0, changed=536, unchanged=413, early_stops=8/8
26 - INFO - chord#: 98 In build_straw_man_chord_sa. tolerance = 1, sa_iterations = 1000, initial_temperature = 3.0, cooling_rate = 0.999
26 - INFO - chord#: 88 done. best_score=27.0, changed=519, unchanged=393, early_stops=8/8
26 - INFO - chord#: 96 In build_straw_man_chord_sa. tolerance = 1, sa_iterations = 1000, initial_temperature = 3.0, cooling_rate = 0.999
26 - INFO - chord#: 86 done. best_score=27.0, changed=526, unchanged=352, early_stops=8/8
26 - INFO - chord#: 87 In build_straw_man_chord_sa. tolerance = 1, sa_iterations = 1000, initial_temperature = 3.0, cooling_rate = 0.999
26 - INFO - chord#: 100 done. best_score=27.0, changed=524, unchanged=401, early_stops=8/8
26 - INFO - chord#: 102 In build_straw_man_chord_sa. tolerance = 1, sa_iterations = 1000, initial_temperature = 3.0, cooling_rate = 0.999
26 - INFO - chord#: 80 done. best_score=78.0, changed=609, unchanged=302, early_stops=8/8
26 - INFO - chord#: 82 In build_straw_man_chord_sa. tolerance = 1, sa_iterations = 1000, initial_temperature = 3.0, cooling_rate = 0.999
26 - INFO - chord#: 80 done. best_score=78.0, changed=618, unchanged=354, early_stops=8/8
26 - INFO - chord#: 82 In build_straw_man_chord_sa. tolerance = 1, sa_iterations = 1000, initial_temperature = 3.0, cooling_rate = 0.999
26 - INFO - chord#: 104 done. best_score=27.0, changed=515, unchanged=318, early_stops=8/8
26 - INFO - chord#: 106 In build_straw_man_chord_sa. tolerance = 1, sa_iterations = 1000, initial_temperature = 3.0, cooling_rate = 0.999
26 - INFO - chord#: 96 done. best_score=27.0, changed=519, unchanged=324, early_stops=8/8
26 - INFO - chord#: 98 In build_straw_man_chord_sa. tolerance = 1, sa_iterations = 1000, initial_temperature = 3.0, cooling_rate = 0.999
26 - INFO - chord#: 98 done. best_score=108.0, changed=615, unchanged=361, early_stops=8/8
26 - INFO - chord#: 100 In build_straw_man_chord_sa. tolerance = 1, sa_iterations = 1000, initial_temperature = 3.0, cooling_rate = 0.999
26 - INFO - chord#: 80 done. best_score=166.0, changed=606, unchanged=205, early_stops=8/8
26 - INFO - chord#: 82 In build_straw_man_chord_sa. tolerance = 1, sa_iterations = 1000, initial_temperature = 3.0, cooling_rate = 0.999
26 - INFO - chord#: 87 done. best_score=67.0, changed=606, unchanged=304, early_stops=8/8
26 - INFO - chord#: 88 In build_straw_man_chord_sa. tolerance = 1, sa_iterations = 1000, initial_temperature = 3.0, cooling_rate = 0.999
26 - INFO - chord#: 82 done. best_score=37.0, changed=511, unchanged=332, early_stops=8/8
26 - INFO - chord#: 84 In build_straw_man_chord_sa. tolerance = 1, sa_iterations = 1000, initial_temperature = 3.0, cooling_rate = 0.999
26 - INFO - chord#: 102 done. best_score=165.0, changed=610, unchanged=257, early_stops=8/8
26 - INFO - chord#: 104 In build_straw_man_chord_sa. tolerance = 1, sa_iterations = 1000, initial_temperature = 3.0, cooling_rate = 0.999
26 - INFO - chord#: 82 done. best_score=37.0, changed=523, unchanged=359, early_stops=8/8
26 - INFO - chord#: 84 In build_straw_man_chord_sa. tolerance = 1, sa_iterations = 1000, initial_temperature = 3.0, cooling_rate = 0.999
26 - INFO - chord#: 98 done. best_score=97.0, changed=604, unchanged=211, early_stops=8/8
26 - INFO - chord#: 100 In build_straw_man_chord_sa. tolerance = 1, sa_iterations = 1000, initial_temperature = 3.0, cooling_rate = 0.999
26 - INFO - chord#: 100 done. best_score=57.0, changed=526, unchanged=349, early_stops=8/8
26 - INFO - chord#: 102 In build_straw_man_chord_sa. tolerance = 1, sa_iterations = 1000, initial_temperature = 3.0, cooling_rate = 0.999
26 - INFO - chord#: 102 done. best_score=70.0, changed=615, unchanged=243, early_stops=8/8
26 - INFO - chord#: 104 In build_straw_man_chord_sa. tolerance = 1, sa_iterations = 1000, initial_temperature = 3.0, cooling_rate = 0.999
26 - INFO - chord#: 82 done. best_score=37.0, changed=516, unchanged=305, early_stops=8/8
26 - INFO - chord#: 84 In build_straw_man_chord_sa. tolerance = 1, sa_iterations = 1000, initial_temperature = 3.0, cooling_rate = 0.999
26 - INFO - chord#: 80 done. best_score=137.0, changed=613, unchanged=326, early_stops=8/8
26 - INFO - chord#: 82 In build_straw_man_chord_sa. tolerance = 1, sa_iterations = 1000, initial_temperature = 3.0, cooling_rate = 0.999
26 - INFO - chord#: 100 done. best_score=27.0, changed=523, unchanged=394, early_stops=8/8
26 - INFO - chord#: 102 In build_straw_man_chord_sa. tolerance = 1, sa_iterations = 1000, initial_temperature = 3.0, cooling_rate = 0.999
26 - INFO - chord#: 88 done. best_score=27.0, changed=525, unchanged=465, early_stops=8/8
26 - INFO - chord#: 96 In build_straw_man_chord_sa. tolerance = 1, sa_iterations = 1000, initial_temperature = 3.0, cooling_rate = 0.999
26 - INFO - chord#: 106 done. best_score=82.0, changed=613, unchanged=296, early_stops=8/8
26 - INFO - chord#: 108 In build_straw_man_chord_sa. tolerance = 1, sa_iterations = 1000, initial_temperature = 3.0, cooling_rate = 0.999
26 - INFO - chord#: 104 done. best_score=27.0, changed=518, unchanged=414, early_stops=8/8
26 - INFO - chord#: 106 In build_straw_man_chord_sa. tolerance = 1, sa_iterations = 1000, initial_temperature = 3.0, cooling_rate = 0.999
26 - INFO - chord#: 84 done. best_score=27.0, changed=516, unchanged=321, early_stops=8/8
26 - INFO - chord#: 86 In build_straw_man_chord_sa. tolerance = 1, sa_iterations = 1000, initial_temperature = 3.0, cooling_rate = 0.999
26 - INFO - chord#: 87 done. best_score=67.0, changed=613, unchanged=251, early_stops=8/8
26 - INFO - chord#: 88 In build_straw_man_chord_sa. tolerance = 1, sa_iterations = 1000, initial_temperature = 3.0, cooling_rate = 0.999
26 - INFO - chord#: 98 done. best_score=82.0, changed=610, unchanged=253, early_stops=8/8
26 - INFO - chord#: 100 In build_straw_man_chord_sa. tolerance = 1, sa_iterations = 1000, initial_temperature = 3.0, cooling_rate = 0.999
26 - INFO - chord#: 84 done. best_score=27.0, changed=526, unchanged=414, early_stops=8/8
26 - INFO - chord#: 86 In build_straw_man_chord_sa. tolerance = 1, sa_iterations = 1000, initial_temperature = 3.0, cooling_rate = 0.999
26 - INFO - chord#: 104 done. best_score=27.0, changed=520, unchanged=390, early_stops=8/8
26 - INFO - chord#: 106 In build_straw_man_chord_sa. tolerance = 1, sa_iterations = 1000, initial_temperature = 3.0, cooling_rate = 0.999
26 - INFO - chord#: 108 done. best_score=27.0, changed=528, unchanged=344, early_stops=8/8
26 - INFO - chord#: 110 In build_straw_man_chord_sa. tolerance = 1, sa_iterations = 1000, initial_temperature = 3.0, cooling_rate = 0.999
26 - INFO - chord#: 84 done. best_score=27.0, changed=518, unchanged=401, early_stops=8/8
26 - INFO - chord#: 86 In build_straw_man_chord_sa. tolerance = 1, sa_iterations = 1000, initial_temperature = 3.0, cooling_rate = 0.999
26 - INFO - chord#: 102 done. best_score=104.0, changed=608, unchanged=227, early_stops=8/8
26 - INFO - chord#: 104 In build_straw_man_chord_sa. tolerance = 1, sa_iterations = 1000, initial_temperature = 3.0, cooling_rate = 0.999
26 - INFO - chord#: 100 done. best_score=27.0, changed=517, unchanged=384, early_stops=8/8
26 - INFO - chord#: 102 In build_straw_man_chord_sa. tolerance = 1, sa_iterations = 1000, initial_temperature = 3.0, cooling_rate = 0.999
26 - INFO - chord#: 96 done. best_score=27.0, changed=521, unchanged=394, early_stops=8/8
26 - INFO - chord#: 98 In build_straw_man_chord_sa. tolerance = 1, sa_iterations = 1000, initial_temperature = 3.0, cooling_rate = 0.999
26 - INFO - chord#: 82 done. best_score=35.0, changed=529, unchanged=410, early_stops=8/8
26 - INFO - chord#: 84 In build_straw_man_chord_sa. tolerance = 1, sa_iterations = 1000, initial_temperature = 3.0, cooling_rate = 0.999
26 - INFO - chord#: 88 done. best_score=27.0, changed=519, unchanged=323, early_stops=8/8
26 - INFO - chord#: 96 In build_straw_man_chord_sa. tolerance = 1, sa_iterations = 1000, initial_temperature = 3.0, cooling_rate = 0.999
26 - INFO - chord#: 86 done. best_score=27.0, changed=526, unchanged=503, early_stops=8/8
26 - INFO - chord#: 87 In build_straw_man_chord_sa. tolerance = 1, sa_iterations = 1000, initial_temperature = 3.0, cooling_rate = 0.999
26 - INFO - chord#: 86 done. best_score=27.0, changed=519, unchanged=405, early_stops=8/8
26 - INFO - chord#: 87 In build_straw_man_chord_sa. tolerance = 1, sa_iterations = 1000, initial_temperature = 3.0, cooling_rate = 0.999
26 - INFO - chord#: 110 done. best_score=27.0, changed=530, unchanged=282, early_stops=8/8
26 - INFO - chord#: 112 In build_straw_man_chord_sa. tolerance = 1, sa_iterations = 1000, initial_temperature = 3.0, cooling_rate = 0.999
26 - INFO - chord#: 104 done. best_score=27.0, changed=520, unchanged=320, early_stops=8/8
26 - INFO - chord#: 106 In build_straw_man_chord_sa. tolerance = 1, sa_iterations = 1000, initial_temperature = 3.0, cooling_rate = 0.999
26 - INFO - chord#: 86 done. best_score=27.0, changed=532, unchanged=471, early_stops=8/8
26 - INFO - chord#: 87 In build_straw_man_chord_sa. tolerance = 1, sa_iterations = 1000, initial_temperature = 3.0, cooling_rate = 0.999
26 - INFO - chord#: 102 done. best_score=70.0, changed=612, unchanged=338, early_stops=8/8
26 - INFO - chord#: 104 In build_straw_man_chord_sa. tolerance = 1, sa_iterations = 1000, initial_temperature = 3.0, cooling_rate = 0.999
26 - INFO - chord#: 106 done. best_score=97.0, changed=615, unchanged=325, early_stops=8/8
26 - INFO - chord#: 108 In build_straw_man_chord_sa. tolerance = 1, sa_iterations = 1000, initial_temperature = 3.0, cooling_rate = 0.999
26 - INFO - chord#: 96 done. best_score=27.0, changed=521, unchanged=373, early_stops=8/8
26 - INFO - chord#: 98 In build_straw_man_chord_sa. tolerance = 1, sa_iterations = 1000, initial_temperature = 3.0, cooling_rate = 0.999
26 - INFO - chord#: 84 done. best_score=27.0, changed=519, unchanged=455, early_stops=8/8
26 - INFO - chord#: 86 In build_straw_man_chord_sa. tolerance = 1, sa_iterations = 1000, initial_temperature = 3.0, cooling_rate = 0.999
26 - INFO - chord#: 106 done. best_score=82.0, changed=612, unchanged=313, early_stops=8/8
26 - INFO - chord#: 108 In build_straw_man_chord_sa. tolerance = 1, sa_iterations = 1000, initial_temperature = 3.0, cooling_rate = 0.999
26 - INFO - chord#: 108 done. best_score=27.0, changed=522, unchanged=330, early_stops=8/8
26 - INFO - chord#: 110 In build_straw_man_chord_sa. tolerance = 1, sa_iterations = 1000, initial_temperature = 3.0, cooling_rate = 0.999
26 - INFO - chord#: 102 done. best_score=70.0, changed=608, unchanged=330, early_stops=8/8
26 - INFO - chord#: 104 In build_straw_man_chord_sa. tolerance = 1, sa_iterations = 1000, initial_temperature = 3.0, cooling_rate = 0.999
26 - INFO - chord#: 104 done. best_score=27.0, changed=522, unchanged=513, early_stops=8/8
26 - INFO - chord#: 106 In build_straw_man_chord_sa. tolerance = 1, sa_iterations = 1000, initial_temperature = 3.0, cooling_rate = 0.999
26 - INFO - chord#: 86 done. best_score=27.0, changed=524, unchanged=392, early_stops=8/8
26 - INFO - chord#: 87 In build_straw_man_chord_sa. tolerance = 1, sa_iterations = 1000, initial_temperature = 3.0, cooling_rate = 0.999
26 - INFO - chord#: 108 done. best_score=27.0, changed=518, unchanged=317, early_stops=8/8
26 - INFO - chord#: 110 In build_straw_man_chord_sa. tolerance = 1, sa_iterations = 1000, initial_temperature = 3.0, cooling_rate = 0.999
26 - INFO - chord#: 98 done. best_score=82.0, changed=608, unchanged=342, early_stops=8/8
26 - INFO - chord#: 100 In build_straw_man_chord_sa. tolerance = 1, sa_iterations = 1000, initial_temperature = 3.0, cooling_rate = 0.999
26 - INFO - chord#: 112 done. best_score=67.0, changed=617, unchanged=319, early_stops=8/8
26 - INFO - chord#: 114 In build_straw_man_chord_sa. tolerance = 1, sa_iterations = 1000, initial_temperature = 3.0, cooling_rate = 0.999
26 - INFO - chord#: 110 done. best_score=27.0, changed=521, unchanged=321, early_stops=8/8
26 - INFO - chord#: 112 In build_straw_man_chord_sa. tolerance = 1, sa_iterations = 1000, initial_temperature = 3.0, cooling_rate = 0.999
26 - INFO - chord#: 87 done. best_score=96.0, changed=613, unchanged=302, early_stops=8/8
26 - INFO - chord#: 88 In build_straw_man_chord_sa. tolerance = 1, sa_iterations = 1000, initial_temperature = 3.0, cooling_rate = 0.999
26 - INFO - chord#: 106 done. best_score=97.0, changed=618, unchanged=300, early_stops=8/8
26 - INFO - chord#: 108 In build_straw_man_chord_sa. tolerance = 1, sa_iterations = 1000, initial_temperature = 3.0, cooling_rate = 0.999
26 - INFO - chord#: 87 done. best_score=78.0, changed=611, unchanged=283, early_stops=8/8
26 - INFO - chord#: 88 In build_straw_man_chord_sa. tolerance = 1, sa_iterations = 1000, initial_temperature = 3.0, cooling_rate = 0.999
26 - INFO - chord#: 104 done. best_score=27.0, changed=529, unchanged=357, early_stops=8/8
26 - INFO - chord#: 106 In build_straw_man_chord_sa. tolerance = 1, sa_iterations = 1000, initial_temperature = 3.0, cooling_rate = 0.999
26 - INFO - chord#: 110 done. best_score=27.0, changed=526, unchanged=305, early_stops=8/8
26 - INFO - chord#: 112 In build_straw_man_chord_sa. tolerance = 1, sa_iterations = 1000, initial_temperature = 3.0, cooling_rate = 0.999
26 - INFO - chord#: 114 done. best_score=36.0, changed=527, unchanged=323, early_stops=8/8
26 - INFO - chord#: 116 In build_straw_man_chord_sa. tolerance = 1, sa_iterations = 1000, initial_temperature = 3.0, cooling_rate = 0.999
26 - INFO - chord#: 108 done. best_score=27.0, changed=526, unchanged=310, early_stops=8/8
26 - INFO - chord#: 110 In build_straw_man_chord_sa. tolerance = 1, sa_iterations = 1000, initial_temperature = 3.0, cooling_rate = 0.999
26 - INFO - chord#: 87 done. best_score=96.0, changed=617, unchanged=331, early_stops=8/8
26 - INFO - chord#: 88 In build_straw_man_chord_sa. tolerance = 1, sa_iterations = 1000, initial_temperature = 3.0, cooling_rate = 0.999
26 - INFO - chord#: 98 done. best_score=82.0, changed=611, unchanged=317, early_stops=8/8
26 - INFO - chord#: 100 In build_straw_man_chord_sa. tolerance = 1, sa_iterations = 1000, initial_temperature = 3.0, cooling_rate = 0.999
26 - INFO - chord#: 88 done. best_score=27.0, changed=517, unchanged=338, early_stops=8/8
26 - INFO - chord#: 96 In build_straw_man_chord_sa. tolerance = 1, sa_iterations = 1000, initial_temperature = 3.0, cooling_rate = 0.999
26 - INFO - chord#: 100 done. best_score=27.0, changed=535, unchanged=515, early_stops=8/8
26 - INFO - chord#: 102 In build_straw_man_chord_sa. tolerance = 1, sa_iterations = 1000, initial_temperature = 3.0, cooling_rate = 0.999
26 - INFO - chord#: 88 done. best_score=27.0, changed=521, unchanged=377, early_stops=8/8
26 - INFO - chord#: 96 In build_straw_man_chord_sa. tolerance = 1, sa_iterations = 1000, initial_temperature = 3.0, cooling_rate = 0.999
26 - INFO - chord#: 106 done. best_score=82.0, changed=615, unchanged=361, early_stops=8/8
26 - INFO - chord#: 108 In build_straw_man_chord_sa. tolerance = 1, sa_iterations = 1000, initial_temperature = 3.0, cooling_rate = 0.999
26 - INFO - chord#: 116 done. best_score=31.0, changed=526, unchanged=316, early_stops=8/8
26 - INFO - chord#: 118 In build_straw_man_chord_sa. tolerance = 1, sa_iterations = 1000, initial_temperature = 3.0, cooling_rate = 0.999
26 - INFO - chord#: 110 done. best_score=27.0, changed=533, unchanged=332, early_stops=8/8
26 - INFO - chord#: 112 In build_straw_man_chord_sa. tolerance = 1, sa_iterations = 1000, initial_temperature = 3.0, cooling_rate = 0.999
26 - INFO - chord#: 88 done. best_score=27.0, changed=517, unchanged=309, early_stops=8/8
26 - INFO - chord#: 96 In build_straw_man_chord_sa. tolerance = 1, sa_iterations = 1000, initial_temperature = 3.0, cooling_rate = 0.999
26 - INFO - chord#: 87 done. best_score=67.0, changed=608, unchanged=234, early_stops=8/8
26 - INFO - chord#: 88 In build_straw_man_chord_sa. tolerance = 1, sa_iterations = 1000, initial_temperature = 3.0, cooling_rate = 0.999
26 - INFO - chord#: 96 done. best_score=27.0, changed=515, unchanged=329, early_stops=8/8
26 - INFO - chord#: 98 In build_straw_man_chord_sa. tolerance = 1, sa_iterations = 1000, initial_temperature = 3.0, cooling_rate = 0.999
26 - INFO - chord#: 96 done. best_score=27.0, changed=515, unchanged=329, early_stops=8/8
26 - INFO - chord#: 98 In build_straw_man_chord_sa. tolerance = 1, sa_iterations = 1000, initial_temperature = 3.0, cooling_rate = 0.999
26 - INFO - chord#: 100 done. best_score=27.0, changed=523, unchanged=350, early_stops=8/8
26 - INFO - chord#: 102 In build_straw_man_chord_sa. tolerance = 1, sa_iterations = 1000, initial_temperature = 3.0, cooling_rate = 0.999
26 - INFO - chord#: 108 done. best_score=27.0, changed=521, unchanged=388, early_stops=8/8
26 - INFO - chord#: 110 In build_straw_man_chord_sa. tolerance = 1, sa_iterations = 1000, initial_temperature = 3.0, cooling_rate = 0.999
26 - INFO - chord#: 112 done. best_score=67.0, changed=610, unchanged=419, early_stops=8/8
26 - INFO - chord#: 114 In build_straw_man_chord_sa. tolerance = 1, sa_iterations = 1000, initial_temperature = 3.0, cooling_rate = 0.999
26 - INFO - chord#: 118 done. best_score=27.0, changed=530, unchanged=375, early_stops=8/8
26 - INFO - chord#: 120 In build_straw_man_chord_sa. tolerance = 1, sa_iterations = 1000, initial_temperature = 3.0, cooling_rate = 0.999
26 - INFO - chord#: 112 done. best_score=67.0, changed=613, unchanged=273, early_stops=8/8
26 - INFO - chord#: 114 In build_straw_man_chord_sa. tolerance = 1, sa_iterations = 1000, initial_temperature = 3.0, cooling_rate = 0.999
26 - INFO - chord#: 106 done. best_score=82.0, changed=614, unchanged=347, early_stops=8/8
26 - INFO - chord#: 108 In build_straw_man_chord_sa. tolerance = 1, sa_iterations = 1000, initial_temperature = 3.0, cooling_rate = 0.999
26 - INFO - chord#: 96 done. best_score=27.0, changed=517, unchanged=359, early_stops=8/8
26 - INFO - chord#: 98 In build_straw_man_chord_sa. tolerance = 1, sa_iterations = 1000, initial_temperature = 3.0, cooling_rate = 0.999
26 - INFO - chord#: 88 done. best_score=27.0, changed=524, unchanged=342, early_stops=8/8
26 - INFO - chord#: 96 In build_straw_man_chord_sa. tolerance = 1, sa_iterations = 1000, initial_temperature = 3.0, cooling_rate = 0.999
26 - INFO - chord#: 110 done. best_score=27.0, changed=526, unchanged=367, early_stops=8/8
26 - INFO - chord#: 112 In build_straw_man_chord_sa. tolerance = 1, sa_iterations = 1000, initial_temperature = 3.0, cooling_rate = 0.999
26 - INFO - chord#: 114 done. best_score=36.0, changed=519, unchanged=359, early_stops=8/8
26 - INFO - chord#: 116 In build_straw_man_chord_sa. tolerance = 1, sa_iterations = 1000, initial_temperature = 3.0, cooling_rate = 0.999
26 - INFO - chord#: 114 done. best_score=36.0, changed=523, unchanged=309, early_stops=8/8
26 - INFO - chord#: 116 In build_straw_man_chord_sa. tolerance = 1, sa_iterations = 1000, initial_temperature = 3.0, cooling_rate = 0.999
26 - INFO - chord#: 120 done. best_score=27.0, changed=523, unchanged=438, early_stops=8/8
26 - INFO - chord#: 128 In build_straw_man_chord_sa. tolerance = 1, sa_iterations = 1000, initial_temperature = 3.0, cooling_rate = 0.999
26 - INFO - chord#: 108 done. best_score=27.0, changed=519, unchanged=301, early_stops=8/8
26 - INFO - chord#: 110 In build_straw_man_chord_sa. tolerance = 1, sa_iterations = 1000, initial_temperature = 3.0, cooling_rate = 0.999
26 - INFO - chord#: 102 done. best_score=70.0, changed=611, unchanged=313, early_stops=8/8
26 - INFO - chord#: 104 In build_straw_man_chord_sa. tolerance = 1, sa_iterations = 1000, initial_temperature = 3.0, cooling_rate = 0.999
26 - INFO - chord#: 112 done. best_score=137.0, changed=608, unchanged=231, early_stops=8/8
26 - INFO - chord#: 114 In build_straw_man_chord_sa. tolerance = 1, sa_iterations = 1000, initial_temperature = 3.0, cooling_rate = 0.999
26 - INFO - chord#: 116 done. best_score=31.0, changed=530, unchanged=307, early_stops=8/8
26 - INFO - chord#: 118 In build_straw_man_chord_sa. tolerance = 1, sa_iterations = 1000, initial_temperature = 3.0, cooling_rate = 0.999
26 - INFO - chord#: 116 done. best_score=31.0, changed=532, unchanged=337, early_stops=8/8
26 - INFO - chord#: 118 In build_straw_man_chord_sa. tolerance = 1, sa_iterations = 1000, initial_temperature = 3.0, cooling_rate = 0.999
26 - INFO - chord#: 96 done. best_score=27.0, changed=519, unchanged=392, early_stops=8/8
26 - INFO - chord#: 98 In build_straw_man_chord_sa. tolerance = 1, sa_iterations = 1000, initial_temperature = 3.0, cooling_rate = 0.999
26 - INFO - chord#: 128 done. best_score=27.0, changed=522, unchanged=325, early_stops=8/8
26 - INFO - chord#: 130 In build_straw_man_chord_sa. tolerance = 1, sa_iterations = 1000, initial_temperature = 3.0, cooling_rate = 0.999
26 - INFO - chord#: 110 done. best_score=27.0, changed=524, unchanged=437, early_stops=8/8
26 - INFO - chord#: 112 In build_straw_man_chord_sa. tolerance = 1, sa_iterations = 1000, initial_temperature = 3.0, cooling_rate = 0.999
26 - INFO - chord#: 98 done. best_score=82.0, changed=613, unchanged=329, early_stops=8/8
26 - INFO - chord#: 100 In build_straw_man_chord_sa. tolerance = 1, sa_iterations = 1000, initial_temperature = 3.0, cooling_rate = 0.999
26 - INFO - chord#: 104 done. best_score=27.0, changed=517, unchanged=384, early_stops=8/8
26 - INFO - chord#: 106 In build_straw_man_chord_sa. tolerance = 1, sa_iterations = 1000, initial_temperature = 3.0, cooling_rate = 0.999
26 - INFO - chord#: 114 done. best_score=36.0, changed=529, unchanged=372, early_stops=8/8
26 - INFO - chord#: 116 In build_straw_man_chord_sa. tolerance = 1, sa_iterations = 1000, initial_temperature = 3.0, cooling_rate = 0.999
26 - INFO - chord#: 118 done. best_score=27.0, changed=511, unchanged=309, early_stops=8/8
26 - INFO - chord#: 120 In build_straw_man_chord_sa. tolerance = 1, sa_iterations = 1000, initial_temperature = 3.0, cooling_rate = 0.999
26 - INFO - chord#: 118 done. best_score=27.0, changed=517, unchanged=379, early_stops=8/8
26 - INFO - chord#: 120 In build_straw_man_chord_sa. tolerance = 1, sa_iterations = 1000, initial_temperature = 3.0, cooling_rate = 0.999
26 - INFO - chord#: 98 done. best_score=90.0, changed=613, unchanged=370, early_stops=8/8
26 - INFO - chord#: 100 In build_straw_man_chord_sa. tolerance = 1, sa_iterations = 1000, initial_temperature = 3.0, cooling_rate = 0.999
26 - INFO - chord#: 112 done. best_score=119.0, changed=611, unchanged=281, early_stops=8/8
26 - INFO - chord#: 114 In build_straw_man_chord_sa. tolerance = 1, sa_iterations = 1000, initial_temperature = 3.0, cooling_rate = 0.999
26 - INFO - chord#: 98 done. best_score=90.0, changed=609, unchanged=275, early_stops=8/8
26 - INFO - chord#: 100 In build_straw_man_chord_sa. tolerance = 1, sa_iterations = 1000, initial_temperature = 3.0, cooling_rate = 0.999
26 - INFO - chord#: 102 done. best_score=103.0, changed=618, unchanged=532, early_stops=8/8
26 - INFO - chord#: 104 In build_straw_man_chord_sa. tolerance = 1, sa_iterations = 1000, initial_temperature = 3.0, cooling_rate = 0.999
26 - INFO - chord#: 116 done. best_score=31.0, changed=531, unchanged=407, early_stops=8/8
26 - INFO - chord#: 118 In build_straw_man_chord_sa. tolerance = 1, sa_iterations = 1000, initial_temperature = 3.0, cooling_rate = 0.999
26 - INFO - chord#: 100 done. best_score=27.0, changed=530, unchanged=463, early_stops=8/8
26 - INFO - chord#: 102 In build_straw_man_chord_sa. tolerance = 1, sa_iterations = 1000, initial_temperature = 3.0, cooling_rate = 0.999
26 - INFO - chord#: 120 done. best_score=27.0, changed=524, unchanged=322, early_stops=8/8
26 - INFO - chord#: 128 In build_straw_man_chord_sa. tolerance = 1, sa_iterations = 1000, initial_temperature = 3.0, cooling_rate = 0.999
26 - INFO - chord#: 120 done. best_score=27.0, changed=525, unchanged=383, early_stops=8/8
26 - INFO - chord#: 128 In build_straw_man_chord_sa. tolerance = 1, sa_iterations = 1000, initial_temperature = 3.0, cooling_rate = 0.999
26 - INFO - chord#: 100 done. best_score=27.0, changed=519, unchanged=330, early_stops=8/8
26 - INFO - chord#: 102 In build_straw_man_chord_sa. tolerance = 1, sa_iterations = 1000, initial_temperature = 3.0, cooling_rate = 0.999
26 - INFO - chord#: 114 done. best_score=47.0, changed=529, unchanged=349, early_stops=8/8
26 - INFO - chord#: 116 In build_straw_man_chord_sa. tolerance = 1, sa_iterations = 1000, initial_temperature = 3.0, cooling_rate = 0.999
26 - INFO - chord#: 130 done. best_score=67.0, changed=608, unchanged=262, early_stops=8/8
26 - INFO - chord#: 132 In build_straw_man_chord_sa. tolerance = 1, sa_iterations = 1000, initial_temperature = 3.0, cooling_rate = 0.999
26 - INFO - chord#: 100 done. best_score=27.0, changed=519, unchanged=309, early_stops=8/8
26 - INFO - chord#: 102 In build_straw_man_chord_sa. tolerance = 1, sa_iterations = 1000, initial_temperature = 3.0, cooling_rate = 0.999
26 - INFO - chord#: 118 done. best_score=27.0, changed=516, unchanged=357, early_stops=8/8
26 - INFO - chord#: 120 In build_straw_man_chord_sa. tolerance = 1, sa_iterations = 1000, initial_temperature = 3.0, cooling_rate = 0.999
26 - INFO - chord#: 112 done. best_score=67.0, changed=609, unchanged=280, early_stops=8/8
26 - INFO - chord#: 114 In build_straw_man_chord_sa. tolerance = 1, sa_iterations = 1000, initial_temperature = 3.0, cooling_rate = 0.999
26 - INFO - chord#: 128 done. best_score=27.0, changed=526, unchanged=308, early_stops=8/8
26 - INFO - chord#: 130 In build_straw_man_chord_sa. tolerance = 1, sa_iterations = 1000, initial_temperature = 3.0, cooling_rate = 0.999
26 - INFO - chord#: 104 done. best_score=27.0, changed=517, unchanged=399, early_stops=8/8
26 - INFO - chord#: 106 In build_straw_man_chord_sa. tolerance = 1, sa_iterations = 1000, initial_temperature = 3.0, cooling_rate = 0.999
26 - INFO - chord#: 128 done. best_score=27.0, changed=530, unchanged=353, early_stops=8/8
26 - INFO - chord#: 130 In build_straw_man_chord_sa. tolerance = 1, sa_iterations = 1000, initial_temperature = 3.0, cooling_rate = 0.999
26 - INFO - chord#: 98 done. best_score=82.0, changed=614, unchanged=408, early_stops=8/8
26 - INFO - chord#: 100 In build_straw_man_chord_sa. tolerance = 1, sa_iterations = 1000, initial_temperature = 3.0, cooling_rate = 0.999
26 - INFO - chord#: 116 done. best_score=31.0, changed=521, unchanged=348, early_stops=8/8
26 - INFO - chord#: 118 In build_straw_man_chord_sa. tolerance = 1, sa_iterations = 1000, initial_temperature = 3.0, cooling_rate = 0.999
26 - INFO - chord#: 132 done. best_score=27.0, changed=516, unchanged=370, early_stops=8/8
26 - INFO - chord#: 134 In build_straw_man_chord_sa. tolerance = 1, sa_iterations = 1000, initial_temperature = 3.0, cooling_rate = 0.999
26 - INFO - chord#: 106 done. best_score=82.0, changed=610, unchanged=334, early_stops=8/8
26 - INFO - chord#: 108 In build_straw_man_chord_sa. tolerance = 1, sa_iterations = 1000, initial_temperature = 3.0, cooling_rate = 0.999
26 - INFO - chord#: 120 done. best_score=27.0, changed=518, unchanged=361, early_stops=8/8
26 - INFO - chord#: 128 In build_straw_man_chord_sa. tolerance = 1, sa_iterations = 1000, initial_temperature = 3.0, cooling_rate = 0.999
26 - INFO - chord#: 114 done. best_score=36.0, changed=527, unchanged=441, early_stops=8/8
26 - INFO - chord#: 116 In build_straw_man_chord_sa. tolerance = 1, sa_iterations = 1000, initial_temperature = 3.0, cooling_rate = 0.999
26 - INFO - chord#: 118 done. best_score=27.0, changed=529, unchanged=390, early_stops=8/8
26 - INFO - chord#: 120 In build_straw_man_chord_sa. tolerance = 1, sa_iterations = 1000, initial_temperature = 3.0, cooling_rate = 0.999
26 - INFO - chord#: 100 done. best_score=27.0, changed=524, unchanged=329, early_stops=8/8
26 - INFO - chord#: 102 In build_straw_man_chord_sa. tolerance = 1, sa_iterations = 1000, initial_temperature = 3.0, cooling_rate = 0.999
26 - INFO - chord#: 128 done. best_score=27.0, changed=523, unchanged=319, early_stops=8/8
26 - INFO - chord#: 130 In build_straw_man_chord_sa. tolerance = 1, sa_iterations = 1000, initial_temperature = 3.0, cooling_rate = 0.999
26 - INFO - chord#: 116 done. best_score=31.0, changed=547, unchanged=317, early_stops=8/8
26 - INFO - chord#: 118 In build_straw_man_chord_sa. tolerance = 1, sa_iterations = 1000, initial_temperature = 3.0, cooling_rate = 0.999
26 - INFO - chord#: 102 done. best_score=103.0, changed=610, unchanged=267, early_stops=8/8
26 - INFO - chord#: 104 In build_straw_man_chord_sa. tolerance = 1, sa_iterations = 1000, initial_temperature = 3.0, cooling_rate = 0.999
26 - INFO - chord#: 108 done. best_score=27.0, changed=524, unchanged=358, early_stops=8/8
26 - INFO - chord#: 110 In build_straw_man_chord_sa. tolerance = 1, sa_iterations = 1000, initial_temperature = 3.0, cooling_rate = 0.999
26 - INFO - chord#: 102 done. best_score=141.0, changed=609, unchanged=374, early_stops=8/8
26 - INFO - chord#: 104 In build_straw_man_chord_sa. tolerance = 1, sa_iterations = 1000, initial_temperature = 3.0, cooling_rate = 0.999
26 - INFO - chord#: 130 done. best_score=67.0, changed=612, unchanged=249, early_stops=8/8
26 - INFO - chord#: 132 In build_straw_man_chord_sa. tolerance = 1, sa_iterations = 1000, initial_temperature = 3.0, cooling_rate = 0.999
26 - INFO - chord#: 106 done. best_score=97.0, changed=605, unchanged=201, early_stops=8/8
26 - INFO - chord#: 108 In build_straw_man_chord_sa. tolerance = 1, sa_iterations = 1000, initial_temperature = 3.0, cooling_rate = 0.999
26 - INFO - chord#: 130 done. best_score=67.0, changed=609, unchanged=394, early_stops=8/8
26 - INFO - chord#: 132 In build_straw_man_chord_sa. tolerance = 1, sa_iterations = 1000, initial_temperature = 3.0, cooling_rate = 0.999
26 - INFO - chord#: 120 done. best_score=27.0, changed=534, unchanged=463, early_stops=8/8
26 - INFO - chord#: 128 In build_straw_man_chord_sa. tolerance = 1, sa_iterations = 1000, initial_temperature = 3.0, cooling_rate = 0.999
26 - INFO - chord#: 134 done. best_score=150.0, changed=613, unchanged=342, early_stops=8/8
26 - INFO - chord#: 136 In build_straw_man_chord_sa. tolerance = 1, sa_iterations = 1000, initial_temperature = 3.0, cooling_rate = 0.999
26 - INFO - chord#: 118 done. best_score=27.0, changed=530, unchanged=464, early_stops=8/8
26 - INFO - chord#: 120 In build_straw_man_chord_sa. tolerance = 1, sa_iterations = 1000, initial_temperature = 3.0, cooling_rate = 0.999
26 - INFO - chord#: 102 done. best_score=70.0, changed=611, unchanged=428, early_stops=8/8
26 - INFO - chord#: 104 In build_straw_man_chord_sa. tolerance = 1, sa_iterations = 1000, initial_temperature = 3.0, cooling_rate = 0.999
26 - INFO - chord#: 110 done. best_score=27.0, changed=529, unchanged=366, early_stops=8/8
26 - INFO - chord#: 112 In build_straw_man_chord_sa. tolerance = 1, sa_iterations = 1000, initial_temperature = 3.0, cooling_rate = 0.999
26 - INFO - chord#: 104 done. best_score=27.0, changed=516, unchanged=353, early_stops=8/8
26 - INFO - chord#: 106 In build_straw_man_chord_sa. tolerance = 1, sa_iterations = 1000, initial_temperature = 3.0, cooling_rate = 0.999
26 - INFO - chord#: 132 done. best_score=27.0, changed=522, unchanged=427, early_stops=8/8
26 - INFO - chord#: 134 In build_straw_man_chord_sa. tolerance = 1, sa_iterations = 1000, initial_temperature = 3.0, cooling_rate = 0.999
26 - INFO - chord#: 104 done. best_score=27.0, changed=518, unchanged=466, early_stops=8/8
26 - INFO - chord#: 106 In build_straw_man_chord_sa. tolerance = 1, sa_iterations = 1000, initial_temperature = 3.0, cooling_rate = 0.999
26 - INFO - chord#: 108 done. best_score=27.0, changed=520, unchanged=332, early_stops=8/8
26 - INFO - chord#: 110 In build_straw_man_chord_sa. tolerance = 1, sa_iterations = 1000, initial_temperature = 3.0, cooling_rate = 0.999
26 - INFO - chord#: 128 done. best_score=27.0, changed=541, unchanged=477, early_stops=8/8
26 - INFO - chord#: 130 In build_straw_man_chord_sa. tolerance = 1, sa_iterations = 1000, initial_temperature = 3.0, cooling_rate = 0.999
26 - INFO - chord#: 132 done. best_score=27.0, changed=521, unchanged=402, early_stops=8/8
26 - INFO - chord#: 134 In build_straw_man_chord_sa. tolerance = 1, sa_iterations = 1000, initial_temperature = 3.0, cooling_rate = 0.999
26 - INFO - chord#: 130 done. best_score=67.0, changed=607, unchanged=207, early_stops=8/8
26 - INFO - chord#: 132 In build_straw_man_chord_sa. tolerance = 1, sa_iterations = 1000, initial_temperature = 3.0, cooling_rate = 0.999
26 - INFO - chord#: 136 done. best_score=27.0, changed=518, unchanged=304, early_stops=8/8
26 - INFO - chord#: 138 In build_straw_man_chord_sa. tolerance = 1, sa_iterations = 1000, initial_temperature = 3.0, cooling_rate = 0.999
26 - INFO - chord#: 120 done. best_score=27.0, changed=521, unchanged=391, early_stops=8/8
26 - INFO - chord#: 128 In build_straw_man_chord_sa. tolerance = 1, sa_iterations = 1000, initial_temperature = 3.0, cooling_rate = 0.999
26 - INFO - chord#: 104 done. best_score=27.0, changed=523, unchanged=360, early_stops=8/8
26 - INFO - chord#: 106 In build_straw_man_chord_sa. tolerance = 1, sa_iterations = 1000, initial_temperature = 3.0, cooling_rate = 0.999
26 - INFO - chord#: 110 done. best_score=27.0, changed=519, unchanged=323, early_stops=8/8
26 - INFO - chord#: 112 In build_straw_man_chord_sa. tolerance = 1, sa_iterations = 1000, initial_temperature = 3.0, cooling_rate = 0.999
26 - INFO - chord#: 132 done. best_score=27.0, changed=515, unchanged=329, early_stops=8/8
26 - INFO - chord#: 134 In build_straw_man_chord_sa. tolerance = 1, sa_iterations = 1000, initial_temperature = 3.0, cooling_rate = 0.999
26 - INFO - chord#: 128 done. best_score=27.0, changed=525, unchanged=325, early_stops=8/8
26 - INFO - chord#: 130 In build_straw_man_chord_sa. tolerance = 1, sa_iterations = 1000, initial_temperature = 3.0, cooling_rate = 0.999
26 - INFO - chord#: 102 done. best_score=70.0, changed=617, unchanged=476, early_stops=8/8
26 - INFO - chord#: 104 In build_straw_man_chord_sa. tolerance = 1, sa_iterations = 1000, initial_temperature = 3.0, cooling_rate = 0.999
26 - INFO - chord#: 134 done. best_score=96.0, changed=607, unchanged=250, early_stops=8/8
26 - INFO - chord#: 136 In build_straw_man_chord_sa. tolerance = 1, sa_iterations = 1000, initial_temperature = 3.0, cooling_rate = 0.999
26 - INFO - chord#: 134 done. best_score=96.0, changed=613, unchanged=226, early_stops=8/8
26 - INFO - chord#: 136 In build_straw_man_chord_sa. tolerance = 1, sa_iterations = 1000, initial_temperature = 3.0, cooling_rate = 0.999
26 - INFO - chord#: 136 done. best_score=27.0, changed=523, unchanged=334, early_stops=8/8
26 - INFO - chord#: 138 In build_straw_man_chord_sa. tolerance = 1, sa_iterations = 1000, initial_temperature = 3.0, cooling_rate = 0.999
26 - INFO - chord#: 106 done. best_score=82.0, changed=613, unchanged=292, early_stops=8/8
26 - INFO - chord#: 108 In build_straw_man_chord_sa. tolerance = 1, sa_iterations = 1000, initial_temperature = 3.0, cooling_rate = 0.999
26 - INFO - chord#: 130 done. best_score=137.0, changed=612, unchanged=410, early_stops=8/8
26 - INFO - chord#: 132 In build_straw_man_chord_sa. tolerance = 1, sa_iterations = 1000, initial_temperature = 3.0, cooling_rate = 0.999
26 - INFO - chord#: 104 done. best_score=27.0, changed=527, unchanged=435, early_stops=8/8
26 - INFO - chord#: 106 In build_straw_man_chord_sa. tolerance = 1, sa_iterations = 1000, initial_temperature = 3.0, cooling_rate = 0.999
26 - INFO - chord#: 106 done. best_score=82.0, changed=613, unchanged=351, early_stops=8/8
26 - INFO - chord#: 108 In build_straw_man_chord_sa. tolerance = 1, sa_iterations = 1000, initial_temperature = 3.0, cooling_rate = 0.999
26 - INFO - chord#: 136 done. best_score=27.0, changed=521, unchanged=335, early_stops=8/8
26 - INFO - chord#: 138 In build_straw_man_chord_sa. tolerance = 1, sa_iterations = 1000, initial_temperature = 3.0, cooling_rate = 0.999
26 - INFO - chord#: 112 done. best_score=67.0, changed=609, unchanged=379, early_stops=8/8
26 - INFO - chord#: 114 In build_straw_man_chord_sa. tolerance = 1, sa_iterations = 1000, initial_temperature = 3.0, cooling_rate = 0.999
26 - INFO - chord#: 134 done. best_score=96.0, changed=609, unchanged=251, early_stops=8/8
26 - INFO - chord#: 136 In build_straw_man_chord_sa. tolerance = 1, sa_iterations = 1000, initial_temperature = 3.0, cooling_rate = 0.999
26 - INFO - chord#: 130 done. best_score=67.0, changed=607, unchanged=225, early_stops=8/8
26 - INFO - chord#: 132 In build_straw_man_chord_sa. tolerance = 1, sa_iterations = 1000, initial_temperature = 3.0, cooling_rate = 0.999
26 - INFO - chord#: 138 done. best_score=67.0, changed=616, unchanged=623, early_stops=8/8
26 - INFO - chord#: 140 In build_straw_man_chord_sa. tolerance = 1, sa_iterations = 1000, initial_temperature = 3.0, cooling_rate = 0.999
26 - INFO - chord#: 108 done. best_score=27.0, changed=538, unchanged=321, early_stops=8/8
26 - INFO - chord#: 110 In build_straw_man_chord_sa. tolerance = 1, sa_iterations = 1000, initial_temperature = 3.0, cooling_rate = 0.999
26 - INFO - chord#: 106 done. best_score=82.0, changed=612, unchanged=332, early_stops=8/8
26 - INFO - chord#: 108 In build_straw_man_chord_sa. tolerance = 1, sa_iterations = 1000, initial_temperature = 3.0, cooling_rate = 0.999
26 - INFO - chord#: 132 done. best_score=27.0, changed=528, unchanged=501, early_stops=8/8
26 - INFO - chord#: 134 In build_straw_man_chord_sa. tolerance = 1, sa_iterations = 1000, initial_temperature = 3.0, cooling_rate = 0.999
26 - INFO - chord#: 108 done. best_score=27.0, changed=521, unchanged=307, early_stops=8/8
26 - INFO - chord#: 110 In build_straw_man_chord_sa. tolerance = 1, sa_iterations = 1000, initial_temperature = 3.0, cooling_rate = 0.999
26 - INFO - chord#: 136 done. best_score=27.0, changed=520, unchanged=314, early_stops=8/8
26 - INFO - chord#: 138 In build_straw_man_chord_sa. tolerance = 1, sa_iterations = 1000, initial_temperature = 3.0, cooling_rate = 0.999
26 - INFO - chord#: 114 done. best_score=36.0, changed=530, unchanged=382, early_stops=8/8
26 - INFO - chord#: 116 In build_straw_man_chord_sa. tolerance = 1, sa_iterations = 1000, initial_temperature = 3.0, cooling_rate = 0.999
26 - INFO - chord#: 112 done. best_score=140.0, changed=612, unchanged=352, early_stops=8/8
26 - INFO - chord#: 114 In build_straw_man_chord_sa. tolerance = 1, sa_iterations = 1000, initial_temperature = 3.0, cooling_rate = 0.999
26 - INFO - chord#: 132 done. best_score=27.0, changed=520, unchanged=399, early_stops=8/8
26 - INFO - chord#: 134 In build_straw_man_chord_sa. tolerance = 1, sa_iterations = 1000, initial_temperature = 3.0, cooling_rate = 0.999
26 - INFO - chord#: 110 done. best_score=27.0, changed=540, unchanged=387, early_stops=8/8
26 - INFO - chord#: 112 In build_straw_man_chord_sa. tolerance = 1, sa_iterations = 1000, initial_temperature = 3.0, cooling_rate = 0.999
26 - INFO - chord#: 138 done. best_score=78.0, changed=613, unchanged=290, early_stops=8/8
26 - INFO - chord#: 140 In build_straw_man_chord_sa. tolerance = 1, sa_iterations = 1000, initial_temperature = 3.0, cooling_rate = 0.999
26 - INFO - chord#: 108 done. best_score=27.0, changed=534, unchanged=463, early_stops=8/8
26 - INFO - chord#: 110 In build_straw_man_chord_sa. tolerance = 1, sa_iterations = 1000, initial_temperature = 3.0, cooling_rate = 0.999
26 - INFO - chord#: 110 done. best_score=27.0, changed=531, unchanged=370, early_stops=8/8
26 - INFO - chord#: 112 In build_straw_man_chord_sa. tolerance = 1, sa_iterations = 1000, initial_temperature = 3.0, cooling_rate = 0.999
26 - INFO - chord#: 114 done. best_score=56.0, changed=521, unchanged=292, early_stops=8/8
26 - INFO - chord#: 116 In build_straw_man_chord_sa. tolerance = 1, sa_iterations = 1000, initial_temperature = 3.0, cooling_rate = 0.999
26 - INFO - chord#: 116 done. best_score=58.0, changed=565, unchanged=273, early_stops=8/8
26 - INFO - chord#: 118 In build_straw_man_chord_sa. tolerance = 1, sa_iterations = 1000, initial_temperature = 3.0, cooling_rate = 0.999
26 - INFO - chord#: 138 done. best_score=78.0, changed=612, unchanged=337, early_stops=8/8
26 - INFO - chord#: 140 In build_straw_man_chord_sa. tolerance = 1, sa_iterations = 1000, initial_temperature = 3.0, cooling_rate = 0.999
26 - INFO - chord#: 106 done. best_score=97.0, changed=608, unchanged=291, early_stops=8/8
26 - INFO - chord#: 108 In build_straw_man_chord_sa. tolerance = 1, sa_iterations = 1000, initial_temperature = 3.0, cooling_rate = 0.999
26 - INFO - chord#: 140 done. best_score=104.0, changed=611, unchanged=247, early_stops=8/8
26 - INFO - chord#: 142 In build_straw_man_chord_sa. tolerance = 1, sa_iterations = 1000, initial_temperature = 3.0, cooling_rate = 0.999
26 - INFO - chord#: 110 done. best_score=27.0, changed=530, unchanged=382, early_stops=8/8
26 - INFO - chord#: 112 In build_straw_man_chord_sa. tolerance = 1, sa_iterations = 1000, initial_temperature = 3.0, cooling_rate = 0.999
26 - INFO - chord#: 134 done. best_score=74.0, changed=610, unchanged=398, early_stops=8/8
26 - INFO - chord#: 136 In build_straw_man_chord_sa. tolerance = 1, sa_iterations = 1000, initial_temperature = 3.0, cooling_rate = 0.999
26 - INFO - chord#: 118 done. best_score=27.0, changed=523, unchanged=316, early_stops=8/8
26 - INFO - chord#: 120 In build_straw_man_chord_sa. tolerance = 1, sa_iterations = 1000, initial_temperature = 3.0, cooling_rate = 0.999
26 - INFO - chord#: 138 done. best_score=67.0, changed=612, unchanged=305, early_stops=8/8
26 - INFO - chord#: 140 In build_straw_man_chord_sa. tolerance = 1, sa_iterations = 1000, initial_temperature = 3.0, cooling_rate = 0.999
26 - INFO - chord#: 134 done. best_score=74.0, changed=610, unchanged=278, early_stops=8/8
26 - INFO - chord#: 136 In build_straw_man_chord_sa. tolerance = 1, sa_iterations = 1000, initial_temperature = 3.0, cooling_rate = 0.999
26 - INFO - chord#: 142 done. best_score=27.0, changed=513, unchanged=321, early_stops=8/8
26 - INFO - chord#: 144 In build_straw_man_chord_sa. tolerance = 1, sa_iterations = 1000, initial_temperature = 3.0, cooling_rate = 0.999
26 - INFO - chord#: 116 done. best_score=31.0, changed=526, unchanged=369, early_stops=8/8
26 - INFO - chord#: 118 In build_straw_man_chord_sa. tolerance = 1, sa_iterations = 1000, initial_temperature = 3.0, cooling_rate = 0.999
26 - INFO - chord#: 108 done. best_score=27.0, changed=522, unchanged=336, early_stops=8/8
26 - INFO - chord#: 110 In build_straw_man_chord_sa. tolerance = 1, sa_iterations = 1000, initial_temperature = 3.0, cooling_rate = 0.999
26 - INFO - chord#: 136 done. best_score=27.0, changed=524, unchanged=434, early_stops=8/8
26 - INFO - chord#: 138 In build_straw_man_chord_sa. tolerance = 1, sa_iterations = 1000, initial_temperature = 3.0, cooling_rate = 0.999
26 - INFO - chord#: 136 done. best_score=27.0, changed=522, unchanged=302, early_stops=8/8
26 - INFO - chord#: 138 In build_straw_man_chord_sa. tolerance = 1, sa_iterations = 1000, initial_temperature = 3.0, cooling_rate = 0.999
26 - INFO - chord#: 140 done. best_score=70.0, changed=620, unchanged=356, early_stops=8/8
26 - INFO - chord#: 142 In build_straw_man_chord_sa. tolerance = 1, sa_iterations = 1000, initial_temperature = 3.0, cooling_rate = 0.999
26 - INFO - chord#: 120 done. best_score=27.0, changed=526, unchanged=409, early_stops=8/8
26 - INFO - chord#: 128 In build_straw_man_chord_sa. tolerance = 1, sa_iterations = 1000, initial_temperature = 3.0, cooling_rate = 0.999
26 - INFO - chord#: 140 done. best_score=70.0, changed=614, unchanged=344, early_stops=8/8
26 - INFO - chord#: 142 In build_straw_man_chord_sa. tolerance = 1, sa_iterations = 1000, initial_temperature = 3.0, cooling_rate = 0.999
26 - INFO - chord#: 118 done. best_score=27.0, changed=518, unchanged=366, early_stops=8/8
26 - INFO - chord#: 120 In build_straw_man_chord_sa. tolerance = 1, sa_iterations = 1000, initial_temperature = 3.0, cooling_rate = 0.999
26 - INFO - chord#: 112 done. best_score=78.0, changed=617, unchanged=262, early_stops=8/8
26 - INFO - chord#: 114 In build_straw_man_chord_sa. tolerance = 1, sa_iterations = 1000, initial_temperature = 3.0, cooling_rate = 0.999
26 - INFO - chord#: 110 done. best_score=27.0, changed=522, unchanged=333, early_stops=8/8
26 - INFO - chord#: 112 In build_straw_man_chord_sa. tolerance = 1, sa_iterations = 1000, initial_temperature = 3.0, cooling_rate = 0.999
26 - INFO - chord#: 112 done. best_score=67.0, changed=617, unchanged=369, early_stops=8/8
26 - INFO - chord#: 114 In build_straw_man_chord_sa. tolerance = 1, sa_iterations = 1000, initial_temperature = 3.0, cooling_rate = 0.999
26 - INFO - chord#: 142 done. best_score=27.0, changed=522, unchanged=375, early_stops=8/8
26 - INFO - chord#: 144 In build_straw_man_chord_sa. tolerance = 1, sa_iterations = 1000, initial_temperature = 3.0, cooling_rate = 0.999
26 - INFO - chord#: 140 done. best_score=70.0, changed=609, unchanged=258, early_stops=8/8
26 - INFO - chord#: 142 In build_straw_man_chord_sa. tolerance = 1, sa_iterations = 1000, initial_temperature = 3.0, cooling_rate = 0.999
26 - INFO - chord#: 142 done. best_score=27.0, changed=520, unchanged=505, early_stops=8/8
26 - INFO - chord#: 144 In build_straw_man_chord_sa. tolerance = 1, sa_iterations = 1000, initial_temperature = 3.0, cooling_rate = 0.999
26 - INFO - chord#: 120 done. best_score=27.0, changed=523, unchanged=389, early_stops=8/8
26 - INFO - chord#: 128 In build_straw_man_chord_sa. tolerance = 1, sa_iterations = 1000, initial_temperature = 3.0, cooling_rate = 0.999
26 - INFO - chord#: 112 done. best_score=67.0, changed=612, unchanged=258, early_stops=8/8
26 - INFO - chord#: 114 In build_straw_man_chord_sa. tolerance = 1, sa_iterations = 1000, initial_temperature = 3.0, cooling_rate = 0.999
26 - INFO - chord#: 128 done. best_score=27.0, changed=530, unchanged=386, early_stops=8/8
26 - INFO - chord#: 130 In build_straw_man_chord_sa. tolerance = 1, sa_iterations = 1000, initial_temperature = 3.0, cooling_rate = 0.999
26 - INFO - chord#: 144 done. best_score=157.0, changed=614, unchanged=450, early_stops=8/8
26 - INFO - chord#: 146 In build_straw_man_chord_sa. tolerance = 1, sa_iterations = 1000, initial_temperature = 3.0, cooling_rate = 0.999
26 - INFO - chord#: 114 done. best_score=47.0, changed=527, unchanged=445, early_stops=8/8
26 - INFO - chord#: 116 In build_straw_man_chord_sa. tolerance = 1, sa_iterations = 1000, initial_temperature = 3.0, cooling_rate = 0.999
26 - INFO - chord#: 142 done. best_score=27.0, changed=527, unchanged=363, early_stops=8/8
26 - INFO - chord#: 144 In build_straw_man_chord_sa. tolerance = 1, sa_iterations = 1000, initial_temperature = 3.0, cooling_rate = 0.999
26 - INFO - chord#: 114 done. best_score=36.0, changed=530, unchanged=462, early_stops=8/8
26 - INFO - chord#: 116 In build_straw_man_chord_sa. tolerance = 1, sa_iterations = 1000, initial_temperature = 3.0, cooling_rate = 0.999
26 - INFO - chord#: 138 done. best_score=137.0, changed=615, unchanged=235, early_stops=8/8
26 - INFO - chord#: 140 In build_straw_man_chord_sa. tolerance = 1, sa_iterations = 1000, initial_temperature = 3.0, cooling_rate = 0.999
26 - INFO - chord#: 128 done. best_score=27.0, changed=515, unchanged=306, early_stops=8/8
26 - INFO - chord#: 130 In build_straw_man_chord_sa. tolerance = 1, sa_iterations = 1000, initial_temperature = 3.0, cooling_rate = 0.999
26 - INFO - chord#: 138 done. best_score=78.0, changed=614, unchanged=398, early_stops=8/8
26 - INFO - chord#: 140 In build_straw_man_chord_sa. tolerance = 1, sa_iterations = 1000, initial_temperature = 3.0, cooling_rate = 0.999
26 - INFO - chord#: 146 done. best_score=37.0, changed=517, unchanged=336, early_stops=8/8
26 - INFO - chord#: 148 In build_straw_man_chord_sa. tolerance = 1, sa_iterations = 1000, initial_temperature = 3.0, cooling_rate = 0.999
26 - INFO - chord#: 114 done. best_score=36.0, changed=517, unchanged=353, early_stops=8/8
26 - INFO - chord#: 116 In build_straw_man_chord_sa. tolerance = 1, sa_iterations = 1000, initial_temperature = 3.0, cooling_rate = 0.999
26 - INFO - chord#: 144 done. best_score=64.0, changed=612, unchanged=285, early_stops=8/8
26 - INFO - chord#: 146 In build_straw_man_chord_sa. tolerance = 1, sa_iterations = 1000, initial_temperature = 3.0, cooling_rate = 0.999
26 - INFO - chord#: 116 done. best_score=31.0, changed=544, unchanged=314, early_stops=8/8
26 - INFO - chord#: 118 In build_straw_man_chord_sa. tolerance = 1, sa_iterations = 1000, initial_temperature = 3.0, cooling_rate = 0.999
26 - INFO - chord#: 116 done. best_score=31.0, changed=535, unchanged=439, early_stops=8/8
26 - INFO - chord#: 118 In build_straw_man_chord_sa. tolerance = 1, sa_iterations = 1000, initial_temperature = 3.0, cooling_rate = 0.999
26 - INFO - chord#: 112 done. best_score=67.0, changed=613, unchanged=333, early_stops=8/8
26 - INFO - chord#: 114 In build_straw_man_chord_sa. tolerance = 1, sa_iterations = 1000, initial_temperature = 3.0, cooling_rate = 0.999
26 - INFO - chord#: 144 done. best_score=157.0, changed=614, unchanged=326, early_stops=8/8
26 - INFO - chord#: 146 In build_straw_man_chord_sa. tolerance = 1, sa_iterations = 1000, initial_temperature = 3.0, cooling_rate = 0.999
26 - INFO - chord#: 148 done. best_score=27.0, changed=519, unchanged=425, early_stops=8/8
26 - INFO - chord#: 150 In build_straw_man_chord_sa. tolerance = 1, sa_iterations = 1000, initial_temperature = 3.0, cooling_rate = 0.999
26 - INFO - chord#: 116 done. best_score=31.0, changed=518, unchanged=355, early_stops=8/8
26 - INFO - chord#: 118 In build_straw_man_chord_sa. tolerance = 1, sa_iterations = 1000, initial_temperature = 3.0, cooling_rate = 0.999
26 - INFO - chord#: 146 done. best_score=37.0, changed=530, unchanged=401, early_stops=8/8
26 - INFO - chord#: 148 In build_straw_man_chord_sa. tolerance = 1, sa_iterations = 1000, initial_temperature = 3.0, cooling_rate = 0.999
26 - INFO - chord#: 130 done. best_score=157.0, changed=608, unchanged=274, early_stops=8/8
26 - INFO - chord#: 132 In build_straw_man_chord_sa. tolerance = 1, sa_iterations = 1000, initial_temperature = 3.0, cooling_rate = 0.999
26 - INFO - chord#: 118 done. best_score=27.0, changed=525, unchanged=342, early_stops=8/8
26 - INFO - chord#: 120 In build_straw_man_chord_sa. tolerance = 1, sa_iterations = 1000, initial_temperature = 3.0, cooling_rate = 0.999
26 - INFO - chord#: 118 done. best_score=27.0, changed=520, unchanged=348, early_stops=8/8
26 - INFO - chord#: 120 In build_straw_man_chord_sa. tolerance = 1, sa_iterations = 1000, initial_temperature = 3.0, cooling_rate = 0.999
26 - INFO - chord#: 144 done. best_score=157.0, changed=618, unchanged=463, early_stops=8/8
26 - INFO - chord#: 146 In build_straw_man_chord_sa. tolerance = 1, sa_iterations = 1000, initial_temperature = 3.0, cooling_rate = 0.999
26 - INFO - chord#: 140 done. best_score=70.0, changed=613, unchanged=379, early_stops=8/8
26 - INFO - chord#: 142 In build_straw_man_chord_sa. tolerance = 1, sa_iterations = 1000, initial_temperature = 3.0, cooling_rate = 0.999
26 - INFO - chord#: 146 done. best_score=37.0, changed=546, unchanged=282, early_stops=8/8
26 - INFO - chord#: 148 In build_straw_man_chord_sa. tolerance = 1, sa_iterations = 1000, initial_temperature = 3.0, cooling_rate = 0.999
26 - INFO - chord#: 150 done. best_score=27.0, changed=533, unchanged=471, early_stops=8/8
26 - INFO - chord#: 151 In build_straw_man_chord_sa. tolerance = 1, sa_iterations = 1000, initial_temperature = 3.0, cooling_rate = 0.999
26 - INFO - chord#: 140 done. best_score=75.0, changed=613, unchanged=349, early_stops=8/8
26 - INFO - chord#: 142 In build_straw_man_chord_sa. tolerance = 1, sa_iterations = 1000, initial_temperature = 3.0, cooling_rate = 0.999
26 - INFO - chord#: 114 done. best_score=36.0, changed=533, unchanged=488, early_stops=8/8
26 - INFO - chord#: 116 In build_straw_man_chord_sa. tolerance = 1, sa_iterations = 1000, initial_temperature = 3.0, cooling_rate = 0.999
26 - INFO - chord#: 130 done. best_score=67.0, changed=613, unchanged=244, early_stops=8/8
26 - INFO - chord#: 132 In build_straw_man_chord_sa. tolerance = 1, sa_iterations = 1000, initial_temperature = 3.0, cooling_rate = 0.999
26 - INFO - chord#: 118 done. best_score=27.0, changed=531, unchanged=437, early_stops=8/8
26 - INFO - chord#: 120 In build_straw_man_chord_sa. tolerance = 1, sa_iterations = 1000, initial_temperature = 3.0, cooling_rate = 0.999
26 - INFO - chord#: 148 done. best_score=27.0, changed=520, unchanged=397, early_stops=8/8
26 - INFO - chord#: 150 In build_straw_man_chord_sa. tolerance = 1, sa_iterations = 1000, initial_temperature = 3.0, cooling_rate = 0.999
26 - INFO - chord#: 120 done. best_score=27.0, changed=526, unchanged=338, early_stops=8/8
26 - INFO - chord#: 128 In build_straw_man_chord_sa. tolerance = 1, sa_iterations = 1000, initial_temperature = 3.0, cooling_rate = 0.999
26 - INFO - chord#: 142 done. best_score=27.0, changed=518, unchanged=312, early_stops=8/8
26 - INFO - chord#: 144 In build_straw_man_chord_sa. tolerance = 1, sa_iterations = 1000, initial_temperature = 3.0, cooling_rate = 0.999
26 - INFO - chord#: 120 done. best_score=27.0, changed=519, unchanged=315, early_stops=8/8
26 - INFO - chord#: 128 In build_straw_man_chord_sa. tolerance = 1, sa_iterations = 1000, initial_temperature = 3.0, cooling_rate = 0.999
26 - INFO - chord#: 146 done. best_score=37.0, changed=529, unchanged=440, early_stops=8/8
26 - INFO - chord#: 148 In build_straw_man_chord_sa. tolerance = 1, sa_iterations = 1000, initial_temperature = 3.0, cooling_rate = 0.999
26 - INFO - chord#: 148 done. best_score=27.0, changed=522, unchanged=335, early_stops=8/8
26 - INFO - chord#: 150 In build_straw_man_chord_sa. tolerance = 1, sa_iterations = 1000, initial_temperature = 3.0, cooling_rate = 0.999
26 - INFO - chord#: 132 done. best_score=27.0, changed=523, unchanged=362, early_stops=8/8
26 - INFO - chord#: 134 In build_straw_man_chord_sa. tolerance = 1, sa_iterations = 1000, initial_temperature = 3.0, cooling_rate = 0.999
26 - INFO - chord#: 142 done. best_score=36.0, changed=526, unchanged=334, early_stops=8/8
26 - INFO - chord#: 144 In build_straw_man_chord_sa. tolerance = 1, sa_iterations = 1000, initial_temperature = 3.0, cooling_rate = 0.999
26 - INFO - chord#: 116 done. best_score=31.0, changed=526, unchanged=400, early_stops=8/8
26 - INFO - chord#: 118 In build_straw_man_chord_sa. tolerance = 1, sa_iterations = 1000, initial_temperature = 3.0, cooling_rate = 0.999
26 - INFO - chord#: 150 done. best_score=27.0, changed=531, unchanged=466, early_stops=8/8
26 - INFO - chord#: 151 In build_straw_man_chord_sa. tolerance = 1, sa_iterations = 1000, initial_temperature = 3.0, cooling_rate = 0.999
26 - INFO - chord#: 120 done. best_score=27.0, changed=526, unchanged=406, early_stops=8/8
26 - INFO - chord#: 128 In build_straw_man_chord_sa. tolerance = 1, sa_iterations = 1000, initial_temperature = 3.0, cooling_rate = 0.999
26 - INFO - chord#: 132 done. best_score=27.0, changed=522, unchanged=330, early_stops=8/8
26 - INFO - chord#: 134 In build_straw_man_chord_sa. tolerance = 1, sa_iterations = 1000, initial_temperature = 3.0, cooling_rate = 0.999
26 - INFO - chord#: 150 done. best_score=27.0, changed=528, unchanged=372, early_stops=8/8
26 - INFO - chord#: 151 In build_straw_man_chord_sa. tolerance = 1, sa_iterations = 1000, initial_temperature = 3.0, cooling_rate = 0.999
26 - INFO - chord#: 128 done. best_score=27.0, changed=516, unchanged=329, early_stops=8/8
26 - INFO - chord#: 130 In build_straw_man_chord_sa. tolerance = 1, sa_iterations = 1000, initial_temperature = 3.0, cooling_rate = 0.999
26 - INFO - chord#: 128 done. best_score=27.0, changed=517, unchanged=298, early_stops=8/8
26 - INFO - chord#: 130 In build_straw_man_chord_sa. tolerance = 1, sa_iterations = 1000, initial_temperature = 3.0, cooling_rate = 0.999
26 - INFO - chord#: 148 done. best_score=27.0, changed=519, unchanged=406, early_stops=8/8
26 - INFO - chord#: 150 In build_straw_man_chord_sa. tolerance = 1, sa_iterations = 1000, initial_temperature = 3.0, cooling_rate = 0.999
26 - INFO - chord#: 151 done. best_score=67.0, changed=612, unchanged=302, early_stops=8/8
26 - INFO - chord#: 152 In build_straw_man_chord_sa. tolerance = 1, sa_iterations = 1000, initial_temperature = 3.0, cooling_rate = 0.999
26 - INFO - chord#: 118 done. best_score=27.0, changed=526, unchanged=401, early_stops=8/8
26 - INFO - chord#: 120 In build_straw_man_chord_sa. tolerance = 1, sa_iterations = 1000, initial_temperature = 3.0, cooling_rate = 0.999
26 - INFO - chord#: 128 done. best_score=27.0, changed=527, unchanged=406, early_stops=8/8
26 - INFO - chord#: 130 In build_straw_man_chord_sa. tolerance = 1, sa_iterations = 1000, initial_temperature = 3.0, cooling_rate = 0.999
26 - INFO - chord#: 150 done. best_score=27.0, changed=511, unchanged=323, early_stops=8/8
26 - INFO - chord#: 151 In build_straw_man_chord_sa. tolerance = 1, sa_iterations = 1000, initial_temperature = 3.0, cooling_rate = 0.999
26 - INFO - chord#: 144 done. best_score=71.0, changed=610, unchanged=305, early_stops=8/8
26 - INFO - chord#: 146 In build_straw_man_chord_sa. tolerance = 1, sa_iterations = 1000, initial_temperature = 3.0, cooling_rate = 0.999
26 - INFO - chord#: 144 done. best_score=64.0, changed=622, unchanged=435, early_stops=8/8
26 - INFO - chord#: 152 done. best_score=27.0, changed=528, unchanged=413, early_stops=8/8
26 - INFO - chord#: 146 In build_straw_man_chord_sa. tolerance = 1, sa_iterations = 1000, initial_temperature = 3.0, cooling_rate = 0.999
26 - INFO - chord#: 160 In build_straw_man_chord_sa. tolerance = 1, sa_iterations = 1000, initial_temperature = 3.0, cooling_rate = 0.999
26 - INFO - chord#: 134 done. best_score=148.0, changed=611, unchanged=280, early_stops=8/8
26 - INFO - chord#: 136 In build_straw_man_chord_sa. tolerance = 1, sa_iterations = 1000, initial_temperature = 3.0, cooling_rate = 0.999
26 - INFO - chord#: 151 done. best_score=67.0, changed=610, unchanged=264, early_stops=8/8
26 - INFO - chord#: 152 In build_straw_man_chord_sa. tolerance = 1, sa_iterations = 1000, initial_temperature = 3.0, cooling_rate = 0.999
26 - INFO - chord#: 120 done. best_score=27.0, changed=520, unchanged=444, early_stops=8/8
26 - INFO - chord#: 128 In build_straw_man_chord_sa. tolerance = 1, sa_iterations = 1000, initial_temperature = 3.0, cooling_rate = 0.999
26 - INFO - chord#: 146 done. best_score=35.0, changed=527, unchanged=375, early_stops=8/8
26 - INFO - chord#: 148 In build_straw_man_chord_sa. tolerance = 1, sa_iterations = 1000, initial_temperature = 3.0, cooling_rate = 0.999
26 - INFO - chord#: 134 done. best_score=74.0, changed=613, unchanged=315, early_stops=8/8
26 - INFO - chord#: 136 In build_straw_man_chord_sa. tolerance = 1, sa_iterations = 1000, initial_temperature = 3.0, cooling_rate = 0.999
26 - INFO - chord#: 146 done. best_score=37.0, changed=533, unchanged=464, early_stops=8/8
26 - INFO - chord#: 148 In build_straw_man_chord_sa. tolerance = 1, sa_iterations = 1000, initial_temperature = 3.0, cooling_rate = 0.999
26 - INFO - chord#: 152 done. best_score=27.0, changed=521, unchanged=352, early_stops=8/8
26 - INFO - chord#: 160 In build_straw_man_chord_sa. tolerance = 1, sa_iterations = 1000, initial_temperature = 3.0, cooling_rate = 0.999
26 - INFO - chord#: 136 done. best_score=27.0, changed=517, unchanged=333, early_stops=8/8
26 - INFO - chord#: 138 In build_straw_man_chord_sa. tolerance = 1, sa_iterations = 1000, initial_temperature = 3.0, cooling_rate = 0.999
26 - INFO - chord#: 151 done. best_score=67.0, changed=613, unchanged=368, early_stops=8/8
26 - INFO - chord#: 152 In build_straw_man_chord_sa. tolerance = 1, sa_iterations = 1000, initial_temperature = 3.0, cooling_rate = 0.999
26 - INFO - chord#: 128 done. best_score=27.0, changed=521, unchanged=393, early_stops=8/8
26 - INFO - chord#: 130 In build_straw_man_chord_sa. tolerance = 1, sa_iterations = 1000, initial_temperature = 3.0, cooling_rate = 0.999
26 - INFO - chord#: 130 done. best_score=101.0, changed=618, unchanged=367, early_stops=8/8
26 - INFO - chord#: 132 In build_straw_man_chord_sa. tolerance = 1, sa_iterations = 1000, initial_temperature = 3.0, cooling_rate = 0.999
26 - INFO - chord#: 151 done. best_score=145.0, changed=609, unchanged=321, early_stops=8/8
26 - INFO - chord#: 152 In build_straw_man_chord_sa. tolerance = 1, sa_iterations = 1000, initial_temperature = 3.0, cooling_rate = 0.999
26 - INFO - chord#: 130 done. best_score=140.0, changed=621, unchanged=541, early_stops=8/8
26 - INFO - chord#: 132 In build_straw_man_chord_sa. tolerance = 1, sa_iterations = 1000, initial_temperature = 3.0, cooling_rate = 0.999
26 - INFO - chord#: 148 done. best_score=27.0, changed=525, unchanged=545, early_stops=8/8
26 - INFO - chord#: 150 In build_straw_man_chord_sa. tolerance = 1, sa_iterations = 1000, initial_temperature = 3.0, cooling_rate = 0.999
26 - INFO - chord#: 148 done. best_score=27.0, changed=531, unchanged=483, early_stops=8/8
26 - INFO - chord#: 150 In build_straw_man_chord_sa. tolerance = 1, sa_iterations = 1000, initial_temperature = 3.0, cooling_rate = 0.999
26 - INFO - chord#: 160 done. best_score=78.0, changed=608, unchanged=241, early_stops=8/8
26 - INFO - chord#: 164 In build_straw_man_chord_sa. tolerance = 1, sa_iterations = 1000, initial_temperature = 3.0, cooling_rate = 0.999
26 - INFO - chord#: 136 done. best_score=27.0, changed=521, unchanged=441, early_stops=8/8
26 - INFO - chord#: 138 In build_straw_man_chord_sa. tolerance = 1, sa_iterations = 1000, initial_temperature = 3.0, cooling_rate = 0.999
26 - INFO - chord#: 130 done. best_score=67.0, changed=609, unchanged=367, early_stops=8/8
26 - INFO - chord#: 132 In build_straw_man_chord_sa. tolerance = 1, sa_iterations = 1000, initial_temperature = 3.0, cooling_rate = 0.999
26 - INFO - chord#: 152 done. best_score=27.0, changed=527, unchanged=428, early_stops=8/8
26 - INFO - chord#: 160 In build_straw_man_chord_sa. tolerance = 1, sa_iterations = 1000, initial_temperature = 3.0, cooling_rate = 0.999
26 - INFO - chord#: 152 done. best_score=27.0, changed=520, unchanged=379, early_stops=8/8
26 - INFO - chord#: 160 In build_straw_man_chord_sa. tolerance = 1, sa_iterations = 1000, initial_temperature = 3.0, cooling_rate = 0.999
26 - INFO - chord#: 150 done. best_score=27.0, changed=520, unchanged=339, early_stops=8/8
26 - INFO - chord#: 151 In build_straw_man_chord_sa. tolerance = 1, sa_iterations = 1000, initial_temperature = 3.0, cooling_rate = 0.999
26 - INFO - chord#: 132 done. best_score=27.0, changed=528, unchanged=470, early_stops=8/8
26 - INFO - chord#: 134 In build_straw_man_chord_sa. tolerance = 1, sa_iterations = 1000, initial_temperature = 3.0, cooling_rate = 0.999
26 - INFO - chord#: 132 done. best_score=27.0, changed=516, unchanged=497, early_stops=8/8
26 - INFO - chord#: 134 In build_straw_man_chord_sa. tolerance = 1, sa_iterations = 1000, initial_temperature = 3.0, cooling_rate = 0.999
26 - INFO - chord#: 150 done. best_score=27.0, changed=533, unchanged=509, early_stops=8/8
26 - INFO - chord#: 151 In build_straw_man_chord_sa. tolerance = 1, sa_iterations = 1000, initial_temperature = 3.0, cooling_rate = 0.999
26 - INFO - chord#: 160 done. best_score=67.0, changed=607, unchanged=209, early_stops=8/8
26 - INFO - chord#: 164 In build_straw_man_chord_sa. tolerance = 1, sa_iterations = 1000, initial_temperature = 3.0, cooling_rate = 0.999
26 - INFO - chord#: 164 done. best_score=27.0, changed=522, unchanged=475, early_stops=8/8
26 - INFO - chord#: 166 In build_straw_man_chord_sa. tolerance = 1, sa_iterations = 1000, initial_temperature = 3.0, cooling_rate = 0.999
26 - INFO - chord#: 132 done. best_score=27.0, changed=516, unchanged=369, early_stops=8/8
26 - INFO - chord#: 134 In build_straw_man_chord_sa. tolerance = 1, sa_iterations = 1000, initial_temperature = 3.0, cooling_rate = 0.999
26 - INFO - chord#: 138 done. best_score=67.0, changed=607, unchanged=299, early_stops=8/8
26 - INFO - chord#: 140 In build_straw_man_chord_sa. tolerance = 1, sa_iterations = 1000, initial_temperature = 3.0, cooling_rate = 0.999
26 - INFO - chord#: 164 done. best_score=27.0, changed=523, unchanged=367, early_stops=8/8
26 - INFO - chord#: 166 In build_straw_man_chord_sa. tolerance = 1, sa_iterations = 1000, initial_temperature = 3.0, cooling_rate = 0.999
26 - INFO - chord#: 130 done. best_score=140.0, changed=611, unchanged=266, early_stops=8/8
26 - INFO - chord#: 132 In build_straw_man_chord_sa. tolerance = 1, sa_iterations = 1000, initial_temperature = 3.0, cooling_rate = 0.999
26 - INFO - chord#: 160 done. best_score=67.0, changed=609, unchanged=235, early_stops=8/8
26 - INFO - chord#: 164 In build_straw_man_chord_sa. tolerance = 1, sa_iterations = 1000, initial_temperature = 3.0, cooling_rate = 0.999
26 - INFO - chord#: 134 done. best_score=74.0, changed=609, unchanged=239, early_stops=8/8
26 - INFO - chord#: 136 In build_straw_man_chord_sa. tolerance = 1, sa_iterations = 1000, initial_temperature = 3.0, cooling_rate = 0.999
26 - INFO - chord#: 134 done. best_score=168.0, changed=611, unchanged=200, early_stops=8/8
26 - INFO - chord#: 136 In build_straw_man_chord_sa. tolerance = 1, sa_iterations = 1000, initial_temperature = 3.0, cooling_rate = 0.999
26 - INFO - chord#: 166 done. best_score=119.0, changed=613, unchanged=363, early_stops=8/8
26 - INFO - chord#: 168 In build_straw_man_chord_sa. tolerance = 1, sa_iterations = 1000, initial_temperature = 3.0, cooling_rate = 0.999
26 - INFO - chord#: 151 done. best_score=67.0, changed=619, unchanged=376, early_stops=8/8
26 - INFO - chord#: 152 In build_straw_man_chord_sa. tolerance = 1, sa_iterations = 1000, initial_temperature = 3.0, cooling_rate = 0.999
26 - INFO - chord#: 138 done. best_score=67.0, changed=612, unchanged=367, early_stops=8/8
26 - INFO - chord#: 140 In build_straw_man_chord_sa. tolerance = 1, sa_iterations = 1000, initial_temperature = 3.0, cooling_rate = 0.999
26 - INFO - chord#: 151 done. best_score=67.0, changed=612, unchanged=513, early_stops=8/8
26 - INFO - chord#: 152 In build_straw_man_chord_sa. tolerance = 1, sa_iterations = 1000, initial_temperature = 3.0, cooling_rate = 0.999
26 - INFO - chord#: 132 done. best_score=27.0, changed=524, unchanged=424, early_stops=8/8
26 - INFO - chord#: 134 In build_straw_man_chord_sa. tolerance = 1, sa_iterations = 1000, initial_temperature = 3.0, cooling_rate = 0.999
26 - INFO - chord#: 164 done. best_score=27.0, changed=510, unchanged=417, early_stops=8/8
26 - INFO - chord#: 166 In build_straw_man_chord_sa. tolerance = 1, sa_iterations = 1000, initial_temperature = 3.0, cooling_rate = 0.999
26 - INFO - chord#: 136 done. best_score=27.0, changed=527, unchanged=314, early_stops=8/8
26 - INFO - chord#: 138 In build_straw_man_chord_sa. tolerance = 1, sa_iterations = 1000, initial_temperature = 3.0, cooling_rate = 0.999
26 - INFO - chord#: 166 done. best_score=78.0, changed=607, unchanged=258, early_stops=8/8
26 - INFO - chord#: 168 In build_straw_man_chord_sa. tolerance = 1, sa_iterations = 1000, initial_temperature = 3.0, cooling_rate = 0.999
26 - INFO - chord#: 160 done. best_score=78.0, changed=612, unchanged=401, early_stops=8/8
26 - INFO - chord#: 164 In build_straw_man_chord_sa. tolerance = 1, sa_iterations = 1000, initial_temperature = 3.0, cooling_rate = 0.999
26 - INFO - chord#: 140 done. best_score=70.0, changed=614, unchanged=262, early_stops=8/8
26 - INFO - chord#: 142 In build_straw_man_chord_sa. tolerance = 1, sa_iterations = 1000, initial_temperature = 3.0, cooling_rate = 0.999
26 - INFO - chord#: 168 done. best_score=27.0, changed=525, unchanged=357, early_stops=8/8
26 - INFO - chord#: 172 In build_straw_man_chord_sa. tolerance = 1, sa_iterations = 1000, initial_temperature = 3.0, cooling_rate = 0.999
26 - INFO - chord#: 152 done. best_score=27.0, changed=523, unchanged=334, early_stops=8/8
26 - INFO - chord#: 160 In build_straw_man_chord_sa. tolerance = 1, sa_iterations = 1000, initial_temperature = 3.0, cooling_rate = 0.999
26 - INFO - chord#: 134 done. best_score=74.0, changed=621, unchanged=360, early_stops=8/8
26 - INFO - chord#: 136 In build_straw_man_chord_sa. tolerance = 1, sa_iterations = 1000, initial_temperature = 3.0, cooling_rate = 0.999
26 - INFO - chord#: 136 done. best_score=57.0, changed=545, unchanged=384, early_stops=8/8
26 - INFO - chord#: 138 In build_straw_man_chord_sa. tolerance = 1, sa_iterations = 1000, initial_temperature = 3.0, cooling_rate = 0.999
26 - INFO - chord#: 152 done. best_score=27.0, changed=521, unchanged=320, early_stops=8/8
26 - INFO - chord#: 160 In build_straw_man_chord_sa. tolerance = 1, sa_iterations = 1000, initial_temperature = 3.0, cooling_rate = 0.999
26 - INFO - chord#: 168 done. best_score=27.0, changed=516, unchanged=371, early_stops=8/8
26 - INFO - chord#: 172 In build_straw_man_chord_sa. tolerance = 1, sa_iterations = 1000, initial_temperature = 3.0, cooling_rate = 0.999
26 - INFO - chord#: 142 done. best_score=27.0, changed=524, unchanged=417, early_stops=8/8
26 - INFO - chord#: 144 In build_straw_man_chord_sa. tolerance = 1, sa_iterations = 1000, initial_temperature = 3.0, cooling_rate = 0.999
26 - INFO - chord#: 164 done. best_score=27.0, changed=516, unchanged=408, early_stops=8/8
26 - INFO - chord#: 166 In build_straw_man_chord_sa. tolerance = 1, sa_iterations = 1000, initial_temperature = 3.0, cooling_rate = 0.999
26 - INFO - chord#: 136 done. best_score=27.0, changed=522, unchanged=345, early_stops=8/8
26 - INFO - chord#: 138 In build_straw_man_chord_sa. tolerance = 1, sa_iterations = 1000, initial_temperature = 3.0, cooling_rate = 0.999
26 - INFO - chord#: 138 done. best_score=137.0, changed=611, unchanged=253, early_stops=8/8
26 - INFO - chord#: 140 In build_straw_man_chord_sa. tolerance = 1, sa_iterations = 1000, initial_temperature = 3.0, cooling_rate = 0.999
26 - INFO - chord#: 140 done. best_score=70.0, changed=606, unchanged=296, early_stops=8/8
26 - INFO - chord#: 142 In build_straw_man_chord_sa. tolerance = 1, sa_iterations = 1000, initial_temperature = 3.0, cooling_rate = 0.999
26 - INFO - chord#: 166 done. best_score=78.0, changed=608, unchanged=356, early_stops=8/8
26 - INFO - chord#: 168 In build_straw_man_chord_sa. tolerance = 1, sa_iterations = 1000, initial_temperature = 3.0, cooling_rate = 0.999
26 - INFO - chord#: 134 done. best_score=96.0, changed=610, unchanged=310, early_stops=8/8
26 - INFO - chord#: 136 In build_straw_man_chord_sa. tolerance = 1, sa_iterations = 1000, initial_temperature = 3.0, cooling_rate = 0.999
26 - INFO - chord#: 160 done. best_score=67.0, changed=609, unchanged=267, early_stops=8/8
26 - INFO - chord#: 164 In build_straw_man_chord_sa. tolerance = 1, sa_iterations = 1000, initial_temperature = 3.0, cooling_rate = 0.999
26 - INFO - chord#: 172 done. best_score=82.0, changed=611, unchanged=277, early_stops=8/8
26 - INFO - chord#: 174 In build_straw_man_chord_sa. tolerance = 1, sa_iterations = 1000, initial_temperature = 3.0, cooling_rate = 0.999
26 - INFO - chord#: 138 done. best_score=119.0, changed=604, unchanged=201, early_stops=8/8
26 - INFO - chord#: 140 In build_straw_man_chord_sa. tolerance = 1, sa_iterations = 1000, initial_temperature = 3.0, cooling_rate = 0.999
26 - INFO - chord#: 168 done. best_score=27.0, changed=530, unchanged=377, early_stops=8/8
26 - INFO - chord#: 172 In build_straw_man_chord_sa. tolerance = 1, sa_iterations = 1000, initial_temperature = 3.0, cooling_rate = 0.999
26 - INFO - chord#: 160 done. best_score=137.0, changed=608, unchanged=347, early_stops=8/8
26 - INFO - chord#: 164 In build_straw_man_chord_sa. tolerance = 1, sa_iterations = 1000, initial_temperature = 3.0, cooling_rate = 0.999
26 - INFO - chord#: 142 done. best_score=27.0, changed=526, unchanged=389, early_stops=8/8
26 - INFO - chord#: 144 In build_straw_man_chord_sa. tolerance = 1, sa_iterations = 1000, initial_temperature = 3.0, cooling_rate = 0.999
26 - INFO - chord#: 136 done. best_score=27.0, changed=518, unchanged=328, early_stops=8/8
26 - INFO - chord#: 138 In build_straw_man_chord_sa. tolerance = 1, sa_iterations = 1000, initial_temperature = 3.0, cooling_rate = 0.999
26 - INFO - chord#: 164 done. best_score=27.0, changed=518, unchanged=377, early_stops=8/8
26 - INFO - chord#: 166 In build_straw_man_chord_sa. tolerance = 1, sa_iterations = 1000, initial_temperature = 3.0, cooling_rate = 0.999
26 - INFO - chord#: 174 done. best_score=27.0, changed=518, unchanged=494, early_stops=8/8
26 - INFO - chord#: 176 In build_straw_man_chord_sa. tolerance = 1, sa_iterations = 1000, initial_temperature = 3.0, cooling_rate = 0.999
26 - INFO - chord#: 172 done. best_score=82.0, changed=610, unchanged=425, early_stops=8/8
26 - INFO - chord#: 174 In build_straw_man_chord_sa. tolerance = 1, sa_iterations = 1000, initial_temperature = 3.0, cooling_rate = 0.999
26 - INFO - chord#: 144 done. best_score=64.0, changed=610, unchanged=222, early_stops=8/8
26 - INFO - chord#: 146 In build_straw_man_chord_sa. tolerance = 1, sa_iterations = 1000, initial_temperature = 3.0, cooling_rate = 0.999
26 - INFO - chord#: 164 done. best_score=27.0, changed=525, unchanged=393, early_stops=8/8
26 - INFO - chord#: 166 In build_straw_man_chord_sa. tolerance = 1, sa_iterations = 1000, initial_temperature = 3.0, cooling_rate = 0.999
26 - INFO - chord#: 140 done. best_score=70.0, changed=614, unchanged=366, early_stops=8/8
26 - INFO - chord#: 142 In build_straw_man_chord_sa. tolerance = 1, sa_iterations = 1000, initial_temperature = 3.0, cooling_rate = 0.999
26 - INFO - chord#: 166 done. best_score=78.0, changed=613, unchanged=320, early_stops=8/8
26 - INFO - chord#: 168 In build_straw_man_chord_sa. tolerance = 1, sa_iterations = 1000, initial_temperature = 3.0, cooling_rate = 0.999
26 - INFO - chord#: 174 done. best_score=27.0, changed=523, unchanged=397, early_stops=8/8
26 - INFO - chord#: 176 In build_straw_man_chord_sa. tolerance = 1, sa_iterations = 1000, initial_temperature = 3.0, cooling_rate = 0.999
26 - INFO - chord#: 138 done. best_score=145.0, changed=614, unchanged=363, early_stops=8/8
26 - INFO - chord#: 140 In build_straw_man_chord_sa. tolerance = 1, sa_iterations = 1000, initial_temperature = 3.0, cooling_rate = 0.999
26 - INFO - chord#: 146 done. best_score=37.0, changed=520, unchanged=302, early_stops=8/8
26 - INFO - chord#: 148 In build_straw_man_chord_sa. tolerance = 1, sa_iterations = 1000, initial_temperature = 3.0, cooling_rate = 0.999
26 - INFO - chord#: 172 done. best_score=82.0, changed=609, unchanged=215, early_stops=8/8
26 - INFO - chord#: 174 In build_straw_man_chord_sa. tolerance = 1, sa_iterations = 1000, initial_temperature = 3.0, cooling_rate = 0.999
26 - INFO - chord#: 142 done. best_score=27.0, changed=523, unchanged=388, early_stops=8/8
26 - INFO - chord#: 144 In build_straw_man_chord_sa. tolerance = 1, sa_iterations = 1000, initial_temperature = 3.0, cooling_rate = 0.999
26 - INFO - chord#: 140 done. best_score=75.0, changed=609, unchanged=257, early_stops=8/8
26 - INFO - chord#: 142 In build_straw_man_chord_sa. tolerance = 1, sa_iterations = 1000, initial_temperature = 3.0, cooling_rate = 0.999
26 - INFO - chord#: 168 done. best_score=27.0, changed=522, unchanged=412, early_stops=8/8
26 - INFO - chord#: 172 In build_straw_man_chord_sa. tolerance = 1, sa_iterations = 1000, initial_temperature = 3.0, cooling_rate = 0.999
26 - INFO - chord#: 166 done. best_score=78.0, changed=612, unchanged=324, early_stops=8/8
26 - INFO - chord#: 168 In build_straw_man_chord_sa. tolerance = 1, sa_iterations = 1000, initial_temperature = 3.0, cooling_rate = 0.999
26 - INFO - chord#: 176 done. best_score=67.0, changed=610, unchanged=292, early_stops=8/8
26 - INFO - chord#: 178 In build_straw_man_chord_sa. tolerance = 1, sa_iterations = 1000, initial_temperature = 3.0, cooling_rate = 0.999
26 - INFO - chord#: 144 done. best_score=154.0, changed=611, unchanged=268, early_stops=8/8
26 - INFO - chord#: 146 In build_straw_man_chord_sa. tolerance = 1, sa_iterations = 1000, initial_temperature = 3.0, cooling_rate = 0.999
26 - INFO - chord#: 174 done. best_score=27.0, changed=520, unchanged=426, early_stops=8/8
26 - INFO - chord#: 176 In build_straw_man_chord_sa. tolerance = 1, sa_iterations = 1000, initial_temperature = 3.0, cooling_rate = 0.999
26 - INFO - chord#: 148 done. best_score=27.0, changed=527, unchanged=473, early_stops=8/8
26 - INFO - chord#: 150 In build_straw_man_chord_sa. tolerance = 1, sa_iterations = 1000, initial_temperature = 3.0, cooling_rate = 0.999
26 - INFO - chord#: 138 done. best_score=67.0, changed=613, unchanged=318, early_stops=8/8
26 - INFO - chord#: 140 In build_straw_man_chord_sa. tolerance = 1, sa_iterations = 1000, initial_temperature = 3.0, cooling_rate = 0.999
26 - INFO - chord#: 178 done. best_score=35.0, changed=527, unchanged=334, early_stops=8/8
26 - INFO - chord#: 180 In build_straw_man_chord_sa. tolerance = 1, sa_iterations = 1000, initial_temperature = 3.0, cooling_rate = 0.999
26 - INFO - chord#: 168 done. best_score=27.0, changed=524, unchanged=346, early_stops=8/8
26 - INFO - chord#: 172 In build_straw_man_chord_sa. tolerance = 1, sa_iterations = 1000, initial_temperature = 3.0, cooling_rate = 0.999
26 - INFO - chord#: 142 done. best_score=36.0, changed=521, unchanged=323, early_stops=8/8
26 - INFO - chord#: 144 In build_straw_man_chord_sa. tolerance = 1, sa_iterations = 1000, initial_temperature = 3.0, cooling_rate = 0.999
26 - INFO - chord#: 176 done. best_score=157.0, changed=610, unchanged=240, early_stops=8/8
26 - INFO - chord#: 178 In build_straw_man_chord_sa. tolerance = 1, sa_iterations = 1000, initial_temperature = 3.0, cooling_rate = 0.999
26 - INFO - chord#: 166 done. best_score=78.0, changed=615, unchanged=409, early_stops=8/8
26 - INFO - chord#: 168 In build_straw_man_chord_sa. tolerance = 1, sa_iterations = 1000, initial_temperature = 3.0, cooling_rate = 0.999
26 - INFO - chord#: 146 done. best_score=61.0, changed=533, unchanged=330, early_stops=8/8
26 - INFO - chord#: 148 In build_straw_man_chord_sa. tolerance = 1, sa_iterations = 1000, initial_temperature = 3.0, cooling_rate = 0.999
26 - INFO - chord#: 150 done. best_score=27.0, changed=516, unchanged=323, early_stops=8/8
26 - INFO - chord#: 151 In build_straw_man_chord_sa. tolerance = 1, sa_iterations = 1000, initial_temperature = 3.0, cooling_rate = 0.999
26 - INFO - chord#: 180 done. best_score=27.0, changed=514, unchanged=369, early_stops=8/8
26 - INFO - chord#: 182 In build_straw_man_chord_sa. tolerance = 1, sa_iterations = 1000, initial_temperature = 3.0, cooling_rate = 0.999
26 - INFO - chord#: 140 done. best_score=111.0, changed=617, unchanged=411, early_stops=8/8
26 - INFO - chord#: 142 In build_straw_man_chord_sa. tolerance = 1, sa_iterations = 1000, initial_temperature = 3.0, cooling_rate = 0.999
26 - INFO - chord#: 178 done. best_score=35.0, changed=530, unchanged=356, early_stops=8/8
26 - INFO - chord#: 180 In build_straw_man_chord_sa. tolerance = 1, sa_iterations = 1000, initial_temperature = 3.0, cooling_rate = 0.999
26 - INFO - chord#: 168 done. best_score=27.0, changed=525, unchanged=467, early_stops=8/8
26 - INFO - chord#: 172 In build_straw_man_chord_sa. tolerance = 1, sa_iterations = 1000, initial_temperature = 3.0, cooling_rate = 0.999
26 - INFO - chord#: 144 done. best_score=64.0, changed=616, unchanged=428, early_stops=8/8
26 - INFO - chord#: 146 In build_straw_man_chord_sa. tolerance = 1, sa_iterations = 1000, initial_temperature = 3.0, cooling_rate = 0.999
26 - INFO - chord#: 176 done. best_score=67.0, changed=613, unchanged=268, early_stops=8/8
26 - INFO - chord#: 178 In build_straw_man_chord_sa. tolerance = 1, sa_iterations = 1000, initial_temperature = 3.0, cooling_rate = 0.999
26 - INFO - chord#: 172 done. best_score=120.0, changed=606, unchanged=208, early_stops=8/8
26 - INFO - chord#: 174 In build_straw_man_chord_sa. tolerance = 1, sa_iterations = 1000, initial_temperature = 3.0, cooling_rate = 0.999
26 - INFO - chord#: 148 done. best_score=27.0, changed=509, unchanged=309, early_stops=8/8
26 - INFO - chord#: 150 In build_straw_man_chord_sa. tolerance = 1, sa_iterations = 1000, initial_temperature = 3.0, cooling_rate = 0.999
26 - INFO - chord#: 182 done. best_score=27.0, changed=524, unchanged=398, early_stops=8/8
26 - INFO - chord#: 183 In build_straw_man_chord_sa. tolerance = 1, sa_iterations = 1000, initial_temperature = 3.0, cooling_rate = 0.999
26 - INFO - chord#: 180 done. best_score=27.0, changed=520, unchanged=481, early_stops=8/8
26 - INFO - chord#: 182 In build_straw_man_chord_sa. tolerance = 1, sa_iterations = 1000, initial_temperature = 3.0, cooling_rate = 0.999
26 - INFO - chord#: 172 done. best_score=82.0, changed=608, unchanged=258, early_stops=8/8
26 - INFO - chord#: 174 In build_straw_man_chord_sa. tolerance = 1, sa_iterations = 1000, initial_temperature = 3.0, cooling_rate = 0.999
26 - INFO - chord#: 146 done. best_score=37.0, changed=521, unchanged=358, early_stops=8/8
26 - INFO - chord#: 148 In build_straw_man_chord_sa. tolerance = 1, sa_iterations = 1000, initial_temperature = 3.0, cooling_rate = 0.999
26 - INFO - chord#: 142 done. best_score=27.0, changed=531, unchanged=367, early_stops=8/8
26 - INFO - chord#: 144 In build_straw_man_chord_sa. tolerance = 1, sa_iterations = 1000, initial_temperature = 3.0, cooling_rate = 0.999
26 - INFO - chord#: 144 done. best_score=146.0, changed=609, unchanged=201, early_stops=8/8
26 - INFO - chord#: 146 In build_straw_man_chord_sa. tolerance = 1, sa_iterations = 1000, initial_temperature = 3.0, cooling_rate = 0.999
26 - INFO - chord#: 178 done. best_score=35.0, changed=540, unchanged=392, early_stops=8/8
26 - INFO - chord#: 180 In build_straw_man_chord_sa. tolerance = 1, sa_iterations = 1000, initial_temperature = 3.0, cooling_rate = 0.999
26 - INFO - chord#: 174 done. best_score=27.0, changed=520, unchanged=426, early_stops=8/8
26 - INFO - chord#: 176 In build_straw_man_chord_sa. tolerance = 1, sa_iterations = 1000, initial_temperature = 3.0, cooling_rate = 0.999
26 - INFO - chord#: 150 done. best_score=27.0, changed=522, unchanged=382, early_stops=8/8
26 - INFO - chord#: 151 In build_straw_man_chord_sa. tolerance = 1, sa_iterations = 1000, initial_temperature = 3.0, cooling_rate = 0.999
26 - INFO - chord#: 140 done. best_score=70.0, changed=623, unchanged=465, early_stops=8/8
26 - INFO - chord#: 142 In build_straw_man_chord_sa. tolerance = 1, sa_iterations = 1000, initial_temperature = 3.0, cooling_rate = 0.999
26 - INFO - chord#: 182 done. best_score=27.0, changed=520, unchanged=349, early_stops=8/8
26 - INFO - chord#: 183 In build_straw_man_chord_sa. tolerance = 1, sa_iterations = 1000, initial_temperature = 3.0, cooling_rate = 0.999
26 - INFO - chord#: 174 done. best_score=27.0, changed=527, unchanged=312, early_stops=8/8
26 - INFO - chord#: 176 In build_straw_man_chord_sa. tolerance = 1, sa_iterations = 1000, initial_temperature = 3.0, cooling_rate = 0.999
26 - INFO - chord#: 148 done. best_score=27.0, changed=520, unchanged=396, early_stops=8/8
26 - INFO - chord#: 150 In build_straw_man_chord_sa. tolerance = 1, sa_iterations = 1000, initial_temperature = 3.0, cooling_rate = 0.999
26 - INFO - chord#: 172 done. best_score=120.0, changed=607, unchanged=234, early_stops=8/8
26 - INFO - chord#: 174 In build_straw_man_chord_sa. tolerance = 1, sa_iterations = 1000, initial_temperature = 3.0, cooling_rate = 0.999
26 - INFO - chord#: 180 done. best_score=27.0, changed=513, unchanged=396, early_stops=8/8
26 - INFO - chord#: 182 In build_straw_man_chord_sa. tolerance = 1, sa_iterations = 1000, initial_temperature = 3.0, cooling_rate = 0.999
26 - INFO - chord#: 146 done. best_score=35.0, changed=534, unchanged=399, early_stops=8/8
26 - INFO - chord#: 148 In build_straw_man_chord_sa. tolerance = 1, sa_iterations = 1000, initial_temperature = 3.0, cooling_rate = 0.999
26 - INFO - chord#: 151 done. best_score=67.0, changed=608, unchanged=294, early_stops=8/8
26 - INFO - chord#: 152 In build_straw_man_chord_sa. tolerance = 1, sa_iterations = 1000, initial_temperature = 3.0, cooling_rate = 0.999
26 - INFO - chord#: 150 done. best_score=27.0, changed=527, unchanged=436, early_stops=8/8
26 - INFO - chord#: 151 In build_straw_man_chord_sa. tolerance = 1, sa_iterations = 1000, initial_temperature = 3.0, cooling_rate = 0.999
26 - INFO - chord#: 174 done. best_score=27.0, changed=525, unchanged=505, early_stops=8/8
26 - INFO - chord#: 176 In build_straw_man_chord_sa. tolerance = 1, sa_iterations = 1000, initial_temperature = 3.0, cooling_rate = 0.999
26 - INFO - chord#: 182 done. best_score=27.0, changed=521, unchanged=409, early_stops=8/8
26 - INFO - chord#: 183 In build_straw_man_chord_sa. tolerance = 1, sa_iterations = 1000, initial_temperature = 3.0, cooling_rate = 0.999
26 - INFO - chord#: 183 done. best_score=67.0, changed=614, unchanged=350, early_stops=8/8
26 - INFO - chord#: 184 In build_straw_man_chord_sa. tolerance = 1, sa_iterations = 1000, initial_temperature = 3.0, cooling_rate = 0.999
26 - INFO - chord#: 142 done. best_score=27.0, changed=534, unchanged=508, early_stops=8/8
26 - INFO - chord#: 144 In build_straw_man_chord_sa. tolerance = 1, sa_iterations = 1000, initial_temperature = 3.0, cooling_rate = 0.999
26 - INFO - chord#: 152 done. best_score=27.0, changed=524, unchanged=380, early_stops=8/8
26 - INFO - chord#: 160 In build_straw_man_chord_sa. tolerance = 1, sa_iterations = 1000, initial_temperature = 3.0, cooling_rate = 0.999
26 - INFO - chord#: 144 done. best_score=154.0, changed=612, unchanged=241, early_stops=8/8
26 - INFO - chord#: 146 In build_straw_man_chord_sa. tolerance = 1, sa_iterations = 1000, initial_temperature = 3.0, cooling_rate = 0.999
26 - INFO - chord#: 148 done. best_score=27.0, changed=525, unchanged=460, early_stops=8/8
26 - INFO - chord#: 150 In build_straw_man_chord_sa. tolerance = 1, sa_iterations = 1000, initial_temperature = 3.0, cooling_rate = 0.999
26 - INFO - chord#: 183 done. best_score=167.0, changed=606, unchanged=230, early_stops=8/8
26 - INFO - chord#: 184 In build_straw_man_chord_sa. tolerance = 1, sa_iterations = 1000, initial_temperature = 3.0, cooling_rate = 0.999
26 - INFO - chord#: 184 done. best_score=27.0, changed=522, unchanged=307, early_stops=8/8
26 - INFO - chord#: 176 done. best_score=67.0, changed=615, unchanged=275, early_stops=8/8
26 - INFO - chord#: 178 In build_straw_man_chord_sa. tolerance = 1, sa_iterations = 1000, initial_temperature = 3.0, cooling_rate = 0.999
26 - INFO - chord#: 151 done. best_score=137.0, changed=612, unchanged=292, early_stops=8/8
26 - INFO - chord#: 152 In build_straw_man_chord_sa. tolerance = 1, sa_iterations = 1000, initial_temperature = 3.0, cooling_rate = 0.999
26 - INFO - chord#: 176 done. best_score=137.0, changed=611, unchanged=510, early_stops=8/8
26 - INFO - chord#: 178 In build_straw_man_chord_sa. tolerance = 1, sa_iterations = 1000, initial_temperature = 3.0, cooling_rate = 0.999
26 - INFO - chord#: 146 done. best_score=61.0, changed=539, unchanged=368, early_stops=8/8
26 - INFO - chord#: 148 In build_straw_man_chord_sa. tolerance = 1, sa_iterations = 1000, initial_temperature = 3.0, cooling_rate = 0.999
26 - INFO - chord#: 150 done. best_score=27.0, changed=522, unchanged=352, early_stops=8/8
26 - INFO - chord#: 151 In build_straw_man_chord_sa. tolerance = 1, sa_iterations = 1000, initial_temperature = 3.0, cooling_rate = 0.999
26 - INFO - chord#: 184 done. best_score=27.0, changed=515, unchanged=369, early_stops=8/8
26 - INFO - chord#: 176 done. best_score=142.0, changed=606, unchanged=241, early_stops=8/8
26 - INFO - chord#: 178 In build_straw_man_chord_sa. tolerance = 1, sa_iterations = 1000, initial_temperature = 3.0, cooling_rate = 0.999
26 - INFO - chord#: 183 done. best_score=145.0, changed=608, unchanged=232, early_stops=8/8
26 - INFO - chord#: 184 In build_straw_man_chord_sa. tolerance = 1, sa_iterations = 1000, initial_temperature = 3.0, cooling_rate = 0.999
26 - INFO - chord#: 178 done. best_score=35.0, changed=519, unchanged=296, early_stops=8/8
26 - INFO - chord#: 180 In build_straw_man_chord_sa. tolerance = 1, sa_iterations = 1000, initial_temperature = 3.0, cooling_rate = 0.999
26 - INFO - chord#: 152 done. best_score=27.0, changed=534, unchanged=509, early_stops=8/8
26 - INFO - chord#: 160 In build_straw_man_chord_sa. tolerance = 1, sa_iterations = 1000, initial_temperature = 3.0, cooling_rate = 0.999
26 - INFO - chord#: 144 done. best_score=154.0, changed=608, unchanged=219, early_stops=8/8
26 - INFO - chord#: 146 In build_straw_man_chord_sa. tolerance = 1, sa_iterations = 1000, initial_temperature = 3.0, cooling_rate = 0.999
26 - INFO - chord#: 178 done. best_score=35.0, changed=528, unchanged=360, early_stops=8/8
26 - INFO - chord#: 180 In build_straw_man_chord_sa. tolerance = 1, sa_iterations = 1000, initial_temperature = 3.0, cooling_rate = 0.999
26 - INFO - chord#: 178 done. best_score=56.0, changed=538, unchanged=385, early_stops=8/8
26 - INFO - chord#: 180 In build_straw_man_chord_sa. tolerance = 1, sa_iterations = 1000, initial_temperature = 3.0, cooling_rate = 0.999
26 - INFO - chord#: 148 done. best_score=27.0, changed=516, unchanged=385, early_stops=8/8
26 - INFO - chord#: 150 In build_straw_man_chord_sa. tolerance = 1, sa_iterations = 1000, initial_temperature = 3.0, cooling_rate = 0.999
26 - INFO - chord#: 184 done. best_score=27.0, changed=524, unchanged=360, early_stops=8/8
26 - INFO - chord#: 160 done. best_score=67.0, changed=611, unchanged=310, early_stops=8/8
26 - INFO - chord#: 164 In build_straw_man_chord_sa. tolerance = 1, sa_iterations = 1000, initial_temperature = 3.0, cooling_rate = 0.999
26 - INFO - chord#: 151 done. best_score=67.0, changed=620, unchanged=659, early_stops=8/8
26 - INFO - chord#: 152 In build_straw_man_chord_sa. tolerance = 1, sa_iterations = 1000, initial_temperature = 3.0, cooling_rate = 0.999
26 - INFO - chord#: 180 done. best_score=27.0, changed=518, unchanged=361, early_stops=8/8
26 - INFO - chord#: 182 In build_straw_man_chord_sa. tolerance = 1, sa_iterations = 1000, initial_temperature = 3.0, cooling_rate = 0.999
26 - INFO - chord#: 146 done. best_score=61.0, changed=534, unchanged=408, early_stops=8/8
26 - INFO - chord#: 148 In build_straw_man_chord_sa. tolerance = 1, sa_iterations = 1000, initial_temperature = 3.0, cooling_rate = 0.999
26 - INFO - chord#: 180 done. best_score=27.0, changed=527, unchanged=457, early_stops=8/8
26 - INFO - chord#: 182 In build_straw_man_chord_sa. tolerance = 1, sa_iterations = 1000, initial_temperature = 3.0, cooling_rate = 0.999
26 - INFO - chord#: 150 done. best_score=27.0, changed=534, unchanged=388, early_stops=8/8
26 - INFO - chord#: 151 In build_straw_man_chord_sa. tolerance = 1, sa_iterations = 1000, initial_temperature = 3.0, cooling_rate = 0.999
26 - INFO - chord#: 180 done. best_score=27.0, changed=520, unchanged=594, early_stops=8/8
26 - INFO - chord#: 182 In build_straw_man_chord_sa. tolerance = 1, sa_iterations = 1000, initial_temperature = 3.0, cooling_rate = 0.999
26 - INFO - chord#: 164 done. best_score=27.0, changed=518, unchanged=393, early_stops=8/8
26 - INFO - chord#: 166 In build_straw_man_chord_sa. tolerance = 1, sa_iterations = 1000, initial_temperature = 3.0, cooling_rate = 0.999
26 - INFO - chord#: 151 done. best_score=145.0, changed=608, unchanged=252, early_stops=8/8
26 - INFO - chord#: 152 In build_straw_man_chord_sa. tolerance = 1, sa_iterations = 1000, initial_temperature = 3.0, cooling_rate = 0.999
26 - INFO - chord#: 182 done. best_score=27.0, changed=524, unchanged=335, early_stops=8/8
26 - INFO - chord#: 183 In build_straw_man_chord_sa. tolerance = 1, sa_iterations = 1000, initial_temperature = 3.0, cooling_rate = 0.999
26 - INFO - chord#: 152 done. best_score=27.0, changed=528, unchanged=482, early_stops=8/8
26 - INFO - chord#: 160 In build_straw_man_chord_sa. tolerance = 1, sa_iterations = 1000, initial_temperature = 3.0, cooling_rate = 0.999
26 - INFO - chord#: 160 done. best_score=78.0, changed=607, unchanged=311, early_stops=8/8
26 - INFO - chord#: 182 done. best_score=27.0, changed=521, unchanged=424, early_stops=8/8
26 - INFO - chord#: 164 In build_straw_man_chord_sa. tolerance = 1, sa_iterations = 1000, initial_temperature = 3.0, cooling_rate = 0.999
26 - INFO - chord#: 183 In build_straw_man_chord_sa. tolerance = 1, sa_iterations = 1000, initial_temperature = 3.0, cooling_rate = 0.999
26 - INFO - chord#: 148 done. best_score=27.0, changed=520, unchanged=397, early_stops=8/8
26 - INFO - chord#: 150 In build_straw_man_chord_sa. tolerance = 1, sa_iterations = 1000, initial_temperature = 3.0, cooling_rate = 0.999
26 - INFO - chord#: 182 done. best_score=27.0, changed=522, unchanged=479, early_stops=8/8
26 - INFO - chord#: 183 In build_straw_man_chord_sa. tolerance = 1, sa_iterations = 1000, initial_temperature = 3.0, cooling_rate = 0.999
26 - INFO - chord#: 152 done. best_score=27.0, changed=527, unchanged=387, early_stops=8/8
26 - INFO - chord#: 160 In build_straw_man_chord_sa. tolerance = 1, sa_iterations = 1000, initial_temperature = 3.0, cooling_rate = 0.999
26 - INFO - chord#: 164 done. best_score=27.0, changed=510, unchanged=324, early_stops=8/8
26 - INFO - chord#: 166 In build_straw_man_chord_sa. tolerance = 1, sa_iterations = 1000, initial_temperature = 3.0, cooling_rate = 0.999
26 - INFO - chord#: 150 done. best_score=27.0, changed=519, unchanged=385, early_stops=8/8
26 - INFO - chord#: 151 In build_straw_man_chord_sa. tolerance = 1, sa_iterations = 1000, initial_temperature = 3.0, cooling_rate = 0.999
26 - INFO - chord#: 183 done. best_score=67.0, changed=613, unchanged=368, early_stops=8/8
26 - INFO - chord#: 184 In build_straw_man_chord_sa. tolerance = 1, sa_iterations = 1000, initial_temperature = 3.0, cooling_rate = 0.999
26 - INFO - chord#: 166 done. best_score=67.0, changed=617, unchanged=444, early_stops=8/8
26 - INFO - chord#: 168 In build_straw_man_chord_sa. tolerance = 1, sa_iterations = 1000, initial_temperature = 3.0, cooling_rate = 0.999
26 - INFO - chord#: 183 done. best_score=157.0, changed=610, unchanged=271, early_stops=8/8
26 - INFO - chord#: 184 In build_straw_man_chord_sa. tolerance = 1, sa_iterations = 1000, initial_temperature = 3.0, cooling_rate = 0.999
26 - INFO - chord#: 151 done. best_score=67.0, changed=617, unchanged=344, early_stops=8/8
26 - INFO - chord#: 152 In build_straw_man_chord_sa. tolerance = 1, sa_iterations = 1000, initial_temperature = 3.0, cooling_rate = 0.999
26 - INFO - chord#: 160 done. best_score=78.0, changed=613, unchanged=457, early_stops=8/8
26 - INFO - chord#: 164 In build_straw_man_chord_sa. tolerance = 1, sa_iterations = 1000, initial_temperature = 3.0, cooling_rate = 0.999
26 - INFO - chord#: 183 done. best_score=96.0, changed=608, unchanged=362, early_stops=8/8
26 - INFO - chord#: 184 In build_straw_man_chord_sa. tolerance = 1, sa_iterations = 1000, initial_temperature = 3.0, cooling_rate = 0.999
26 - INFO - chord#: 166 done. best_score=129.0, changed=612, unchanged=327, early_stops=8/8
26 - INFO - chord#: 168 In build_straw_man_chord_sa. tolerance = 1, sa_iterations = 1000, initial_temperature = 3.0, cooling_rate = 0.999
26 - INFO - chord#: 184 done. best_score=27.0, changed=531, unchanged=425, early_stops=8/8
26 - INFO - chord#: 168 done. best_score=27.0, changed=521, unchanged=331, early_stops=8/8
26 - INFO - chord#: 172 In build_straw_man_chord_sa. tolerance = 1, sa_iterations = 1000, initial_temperature = 3.0, cooling_rate = 0.999
26 - INFO - chord#: 184 done. best_score=27.0, changed=514, unchanged=351, early_stops=8/8
26 - INFO - chord#: 152 done. best_score=27.0, changed=526, unchanged=412, early_stops=8/8
26 - INFO - chord#: 164 done. best_score=27.0, changed=511, unchanged=421, early_stops=8/8
26 - INFO - chord#: 160 In build_straw_man_chord_sa. tolerance = 1, sa_iterations = 1000, initial_temperature = 3.0, cooling_rate = 0.999
26 - INFO - chord#: 166 In build_straw_man_chord_sa. tolerance = 1, sa_iterations = 1000, initial_temperature = 3.0, cooling_rate = 0.999
26 - INFO - chord#: 184 done. best_score=27.0, changed=524, unchanged=362, early_stops=8/8
26 - INFO - chord#: 160 done. best_score=67.0, changed=610, unchanged=395, early_stops=8/8
26 - INFO - chord#: 164 In build_straw_man_chord_sa. tolerance = 1, sa_iterations = 1000, initial_temperature = 3.0, cooling_rate = 0.999
26 - INFO - chord#: 168 done. best_score=27.0, changed=533, unchanged=416, early_stops=8/8
26 - INFO - chord#: 172 In build_straw_man_chord_sa. tolerance = 1, sa_iterations = 1000, initial_temperature = 3.0, cooling_rate = 0.999
26 - INFO - chord#: 151 done. best_score=137.0, changed=616, unchanged=434, early_stops=8/8
26 - INFO - chord#: 152 In build_straw_man_chord_sa. tolerance = 1, sa_iterations = 1000, initial_temperature = 3.0, cooling_rate = 0.999
26 - INFO - chord#: 164 done. best_score=27.0, changed=518, unchanged=325, early_stops=8/8
26 - INFO - chord#: 166 In build_straw_man_chord_sa. tolerance = 1, sa_iterations = 1000, initial_temperature = 3.0, cooling_rate = 0.999
26 - INFO - chord#: 152 done. best_score=27.0, changed=526, unchanged=427, early_stops=8/8
26 - INFO - chord#: 160 In build_straw_man_chord_sa. tolerance = 1, sa_iterations = 1000, initial_temperature = 3.0, cooling_rate = 0.999
26 - INFO - chord#: 172 done. best_score=120.0, changed=603, unchanged=205, early_stops=8/8
26 - INFO - chord#: 174 In build_straw_man_chord_sa. tolerance = 1, sa_iterations = 1000, initial_temperature = 3.0, cooling_rate = 0.999
26 - INFO - chord#: 166 done. best_score=140.0, changed=608, unchanged=251, early_stops=8/8
26 - INFO - chord#: 168 In build_straw_man_chord_sa. tolerance = 1, sa_iterations = 1000, initial_temperature = 3.0, cooling_rate = 0.999
26 - INFO - chord#: 160 done. best_score=78.0, changed=611, unchanged=293, early_stops=8/8
26 - INFO - chord#: 164 In build_straw_man_chord_sa. tolerance = 1, sa_iterations = 1000, initial_temperature = 3.0, cooling_rate = 0.999
26 - INFO - chord#: 174 done. best_score=27.0, changed=519, unchanged=406, early_stops=8/8
26 - INFO - chord#: 176 In build_straw_man_chord_sa. tolerance = 1, sa_iterations = 1000, initial_temperature = 3.0, cooling_rate = 0.999
26 - INFO - chord#: 172 done. best_score=82.0, changed=614, unchanged=254, early_stops=8/8
26 - INFO - chord#: 174 In build_straw_man_chord_sa. tolerance = 1, sa_iterations = 1000, initial_temperature = 3.0, cooling_rate = 0.999
26 - INFO - chord#: 168 done. best_score=57.0, changed=526, unchanged=377, early_stops=8/8
26 - INFO - chord#: 172 In build_straw_man_chord_sa. tolerance = 1, sa_iterations = 1000, initial_temperature = 3.0, cooling_rate = 0.999
26 - INFO - chord#: 164 done. best_score=27.0, changed=518, unchanged=399, early_stops=8/8
26 - INFO - chord#: 166 In build_straw_man_chord_sa. tolerance = 1, sa_iterations = 1000, initial_temperature = 3.0, cooling_rate = 0.999
26 - INFO - chord#: 174 done. best_score=27.0, changed=518, unchanged=388, early_stops=8/8
26 - INFO - chord#: 176 In build_straw_man_chord_sa. tolerance = 1, sa_iterations = 1000, initial_temperature = 3.0, cooling_rate = 0.999
26 - INFO - chord#: 166 done. best_score=96.0, changed=615, unchanged=570, early_stops=8/8
26 - INFO - chord#: 168 In build_straw_man_chord_sa. tolerance = 1, sa_iterations = 1000, initial_temperature = 3.0, cooling_rate = 0.999
26 - INFO - chord#: 160 done. best_score=78.0, changed=606, unchanged=327, early_stops=8/8
26 - INFO - chord#: 164 In build_straw_man_chord_sa. tolerance = 1, sa_iterations = 1000, initial_temperature = 3.0, cooling_rate = 0.999
26 - INFO - chord#: 176 done. best_score=67.0, changed=608, unchanged=243, early_stops=8/8
26 - INFO - chord#: 178 In build_straw_man_chord_sa. tolerance = 1, sa_iterations = 1000, initial_temperature = 3.0, cooling_rate = 0.999
26 - INFO - chord#: 172 done. best_score=146.0, changed=613, unchanged=246, early_stops=8/8
26 - INFO - chord#: 174 In build_straw_man_chord_sa. tolerance = 1, sa_iterations = 1000, initial_temperature = 3.0, cooling_rate = 0.999
26 - INFO - chord#: 168 done. best_score=57.0, changed=518, unchanged=329, early_stops=8/8
26 - INFO - chord#: 172 In build_straw_man_chord_sa. tolerance = 1, sa_iterations = 1000, initial_temperature = 3.0, cooling_rate = 0.999
26 - INFO - chord#: 164 done. best_score=27.0, changed=521, unchanged=382, early_stops=8/8
26 - INFO - chord#: 166 In build_straw_man_chord_sa. tolerance = 1, sa_iterations = 1000, initial_temperature = 3.0, cooling_rate = 0.999
26 - INFO - chord#: 178 done. best_score=35.0, changed=524, unchanged=303, early_stops=8/8
26 - INFO - chord#: 180 In build_straw_man_chord_sa. tolerance = 1, sa_iterations = 1000, initial_temperature = 3.0, cooling_rate = 0.999
26 - INFO - chord#: 166 done. best_score=119.0, changed=609, unchanged=302, early_stops=8/8
26 - INFO - chord#: 168 In build_straw_man_chord_sa. tolerance = 1, sa_iterations = 1000, initial_temperature = 3.0, cooling_rate = 0.999
26 - INFO - chord#: 176 done. best_score=145.0, changed=611, unchanged=237, early_stops=8/8
26 - INFO - chord#: 178 In build_straw_man_chord_sa. tolerance = 1, sa_iterations = 1000, initial_temperature = 3.0, cooling_rate = 0.999
26 - INFO - chord#: 174 done. best_score=27.0, changed=525, unchanged=380, early_stops=8/8
26 - INFO - chord#: 176 In build_straw_man_chord_sa. tolerance = 1, sa_iterations = 1000, initial_temperature = 3.0, cooling_rate = 0.999
26 - INFO - chord#: 178 done. best_score=35.0, changed=518, unchanged=307, early_stops=8/8
26 - INFO - chord#: 180 In build_straw_man_chord_sa. tolerance = 1, sa_iterations = 1000, initial_temperature = 3.0, cooling_rate = 0.999
26 - INFO - chord#: 180 done. best_score=27.0, changed=518, unchanged=549, early_stops=8/8
26 - INFO - chord#: 182 In build_straw_man_chord_sa. tolerance = 1, sa_iterations = 1000, initial_temperature = 3.0, cooling_rate = 0.999
26 - INFO - chord#: 168 done. best_score=27.0, changed=528, unchanged=423, early_stops=8/8
26 - INFO - chord#: 172 In build_straw_man_chord_sa. tolerance = 1, sa_iterations = 1000, initial_temperature = 3.0, cooling_rate = 0.999
26 - INFO - chord#: 172 done. best_score=82.0, changed=611, unchanged=281, early_stops=8/8
26 - INFO - chord#: 174 In build_straw_man_chord_sa. tolerance = 1, sa_iterations = 1000, initial_temperature = 3.0, cooling_rate = 0.999
26 - INFO - chord#: 166 done. best_score=137.0, changed=611, unchanged=226, early_stops=8/8
26 - INFO - chord#: 168 In build_straw_man_chord_sa. tolerance = 1, sa_iterations = 1000, initial_temperature = 3.0, cooling_rate = 0.999
26 - INFO - chord#: 182 done. best_score=27.0, changed=547, unchanged=546, early_stops=8/8
26 - INFO - chord#: 183 In build_straw_man_chord_sa. tolerance = 1, sa_iterations = 1000, initial_temperature = 3.0, cooling_rate = 0.999
26 - INFO - chord#: 176 done. best_score=137.0, changed=612, unchanged=315, early_stops=8/8
26 - INFO - chord#: 178 In build_straw_man_chord_sa. tolerance = 1, sa_iterations = 1000, initial_temperature = 3.0, cooling_rate = 0.999
26 - INFO - chord#: 180 done. best_score=27.0, changed=519, unchanged=512, early_stops=8/8
26 - INFO - chord#: 182 In build_straw_man_chord_sa. tolerance = 1, sa_iterations = 1000, initial_temperature = 3.0, cooling_rate = 0.999
26 - INFO - chord#: 174 done. best_score=27.0, changed=520, unchanged=424, early_stops=8/8
26 - INFO - chord#: 176 In build_straw_man_chord_sa. tolerance = 1, sa_iterations = 1000, initial_temperature = 3.0, cooling_rate = 0.999
26 - INFO - chord#: 168 done. best_score=27.0, changed=520, unchanged=356, early_stops=8/8
26 - INFO - chord#: 172 In build_straw_man_chord_sa. tolerance = 1, sa_iterations = 1000, initial_temperature = 3.0, cooling_rate = 0.999
26 - INFO - chord#: 178 done. best_score=35.0, changed=524, unchanged=397, early_stops=8/8
26 - INFO - chord#: 180 In build_straw_man_chord_sa. tolerance = 1, sa_iterations = 1000, initial_temperature = 3.0, cooling_rate = 0.999
26 - INFO - chord#: 182 done. best_score=27.0, changed=519, unchanged=365, early_stops=8/8
26 - INFO - chord#: 183 In build_straw_man_chord_sa. tolerance = 1, sa_iterations = 1000, initial_temperature = 3.0, cooling_rate = 0.999
26 - INFO - chord#: 172 done. best_score=82.0, changed=606, unchanged=365, early_stops=8/8
26 - INFO - chord#: 174 In build_straw_man_chord_sa. tolerance = 1, sa_iterations = 1000, initial_temperature = 3.0, cooling_rate = 0.999
26 - INFO - chord#: 180 done. best_score=27.0, changed=518, unchanged=431, early_stops=8/8
26 - INFO - chord#: 182 In build_straw_man_chord_sa. tolerance = 1, sa_iterations = 1000, initial_temperature = 3.0, cooling_rate = 0.999
26 - INFO - chord#: 174 done. best_score=27.0, changed=514, unchanged=383, early_stops=8/8
26 - INFO - chord#: 176 In build_straw_man_chord_sa. tolerance = 1, sa_iterations = 1000, initial_temperature = 3.0, cooling_rate = 0.999
26 - INFO - chord#: 183 done. best_score=96.0, changed=611, unchanged=343, early_stops=8/8
26 - INFO - chord#: 184 In build_straw_man_chord_sa. tolerance = 1, sa_iterations = 1000, initial_temperature = 3.0, cooling_rate = 0.999
26 - INFO - chord#: 176 done. best_score=67.0, changed=616, unchanged=406, early_stops=8/8
26 - INFO - chord#: 178 In build_straw_man_chord_sa. tolerance = 1, sa_iterations = 1000, initial_temperature = 3.0, cooling_rate = 0.999
26 - INFO - chord#: 172 done. best_score=124.0, changed=614, unchanged=375, early_stops=8/8
26 - INFO - chord#: 174 In build_straw_man_chord_sa. tolerance = 1, sa_iterations = 1000, initial_temperature = 3.0, cooling_rate = 0.999
26 - INFO - chord#: 182 done. best_score=27.0, changed=527, unchanged=420, early_stops=8/8
26 - INFO - chord#: 183 In build_straw_man_chord_sa. tolerance = 1, sa_iterations = 1000, initial_temperature = 3.0, cooling_rate = 0.999
26 - INFO - chord#: 178 done. best_score=35.0, changed=569, unchanged=252, early_stops=8/8
26 - INFO - chord#: 180 In build_straw_man_chord_sa. tolerance = 1, sa_iterations = 1000, initial_temperature = 3.0, cooling_rate = 0.999
26 - INFO - chord#: 184 done. best_score=27.0, changed=519, unchanged=343, early_stops=8/8
26 - INFO - chord#: 183 done. best_score=67.0, changed=614, unchanged=421, early_stops=8/8
26 - INFO - chord#: 184 In build_straw_man_chord_sa. tolerance = 1, sa_iterations = 1000, initial_temperature = 3.0, cooling_rate = 0.999
26 - INFO - chord#: 174 done. best_score=27.0, changed=517, unchanged=391, early_stops=8/8
26 - INFO - chord#: 176 In build_straw_man_chord_sa. tolerance = 1, sa_iterations = 1000, initial_temperature = 3.0, cooling_rate = 0.999
26 - INFO - chord#: 176 done. best_score=67.0, changed=610, unchanged=288, early_stops=8/8
26 - INFO - chord#: 178 In build_straw_man_chord_sa. tolerance = 1, sa_iterations = 1000, initial_temperature = 3.0, cooling_rate = 0.999
26 - INFO - chord#: 180 done. best_score=27.0, changed=522, unchanged=550, early_stops=8/8
26 - INFO - chord#: 182 In build_straw_man_chord_sa. tolerance = 1, sa_iterations = 1000, initial_temperature = 3.0, cooling_rate = 0.999
26 - INFO - chord#: 184 done. best_score=27.0, changed=519, unchanged=333, early_stops=8/8
26 - INFO - chord#: 178 done. best_score=35.0, changed=564, unchanged=242, early_stops=8/8
26 - INFO - chord#: 180 In build_straw_man_chord_sa. tolerance = 1, sa_iterations = 1000, initial_temperature = 3.0, cooling_rate = 0.999
26 - INFO - chord#: 182 done. best_score=27.0, changed=517, unchanged=335, early_stops=8/8
26 - INFO - chord#: 183 In build_straw_man_chord_sa. tolerance = 1, sa_iterations = 1000, initial_temperature = 3.0, cooling_rate = 0.999
26 - INFO - chord#: 176 done. best_score=137.0, changed=608, unchanged=323, early_stops=8/8
26 - INFO - chord#: 178 In build_straw_man_chord_sa. tolerance = 1, sa_iterations = 1000, initial_temperature = 3.0, cooling_rate = 0.999
26 - INFO - chord#: 183 done. best_score=145.0, changed=618, unchanged=467, early_stops=8/8
26 - INFO - chord#: 184 In build_straw_man_chord_sa. tolerance = 1, sa_iterations = 1000, initial_temperature = 3.0, cooling_rate = 0.999
26 - INFO - chord#: 180 done. best_score=27.0, changed=517, unchanged=543, early_stops=8/8
26 - INFO - chord#: 182 In build_straw_man_chord_sa. tolerance = 1, sa_iterations = 1000, initial_temperature = 3.0, cooling_rate = 0.999
26 - INFO - chord#: 184 done. best_score=27.0, changed=518, unchanged=396, early_stops=8/8
26 - INFO - chord#: 178 done. best_score=35.0, changed=524, unchanged=367, early_stops=8/8
26 - INFO - chord#: 180 In build_straw_man_chord_sa. tolerance = 1, sa_iterations = 1000, initial_temperature = 3.0, cooling_rate = 0.999
26 - INFO - chord#: 182 done. best_score=27.0, changed=517, unchanged=309, early_stops=8/8
26 - INFO - chord#: 183 In build_straw_man_chord_sa. tolerance = 1, sa_iterations = 1000, initial_temperature = 3.0, cooling_rate = 0.999
26 - INFO - chord#: 183 done. best_score=67.0, changed=610, unchanged=236, early_stops=8/8
26 - INFO - chord#: 184 In build_straw_man_chord_sa. tolerance = 1, sa_iterations = 1000, initial_temperature = 3.0, cooling_rate = 0.999
26 - INFO - chord#: 180 done. best_score=27.0, changed=516, unchanged=347, early_stops=8/8
26 - INFO - chord#: 182 In build_straw_man_chord_sa. tolerance = 1, sa_iterations = 1000, initial_temperature = 3.0, cooling_rate = 0.999
26 - INFO - chord#: 184 done. best_score=27.0, changed=535, unchanged=432, early_stops=8/8
26 - INFO - chord#: 182 done. best_score=27.0, changed=521, unchanged=380, early_stops=8/8
26 - INFO - chord#: 183 In build_straw_man_chord_sa. tolerance = 1, sa_iterations = 1000, initial_temperature = 3.0, cooling_rate = 0.999
26 - INFO - chord#: 183 done. best_score=67.0, changed=614, unchanged=509, early_stops=8/8
26 - INFO - chord#: 184 In build_straw_man_chord_sa. tolerance = 1, sa_iterations = 1000, initial_temperature = 3.0, cooling_rate = 0.999
26 - INFO - chord#: 184 done. best_score=27.0, changed=529, unchanged=322, early_stops=8/8
26 - INFO - chord#: 183 done. best_score=96.0, changed=616, unchanged=278, early_stops=8/8
26 - INFO - chord#: 184 In build_straw_man_chord_sa. tolerance = 1, sa_iterations = 1000, initial_temperature = 3.0, cooling_rate = 0.999
26 - INFO - chord#: 184 done. best_score=27.0, changed=514, unchanged=308, early_stops=8/8
26 - INFO - save_midi_file = False, 
26 - INFO - version = 'bwv260', chorale.shape = (4, 160), root = 7, keys[root] = 'G♮', mode = 'major', time_sig = '4/4'
26 - INFO - In load_chorale_in_cents. About to load top_notes from file_name = '/home/prent/Repos/One-footed-bride-tuning/Archive/straw-man/t1_r1.50_s0_md33_sn0/bwv260top-notes.npy'
26 - INFO - Loaded top_notes from /home/prent/Repos/One-footed-bride-tuning/Archive/straw-man/t1_r1.50_s0_md33_sn0/bwv260top-notes.npy, re-ordered by chorale frequency
26 - INFO - chorale_in_cents.shape = (4, 160), chorale.shape = (4, 160)
26 - INFO - cent value based on top_notes
26 - INFO - Chord 0: [ 700  200 1100  700]
26 - INFO - Chord 1: [ 700  200 1100  700]
26 - INFO - Chord 2: [900 200   0 700]
26 - INFO - Chord 3: [900 200   0 700]
26 - INFO - Chord 4: [1100  700  200  700]
26 - INFO - Chord 5: [1100  700  200  700]
26 - INFO - Chord 6: [1100  700  200  600]
26 - INFO - Chord 7: [1100  700  200  600]
26 - INFO - Chord 8: [  0 700 400 400]
26 - INFO - Chord 9: [  0 700 400 400]
26 - INFO - cent_value_chorale.shape = (4, 160), chorale.shape = (4, 160), G♮ major
26 - INFO - cent value based on 12 TET
26 - INFO - Chord 0: [ 700  200 1100  700]
26 - INFO - Chord 1: [ 700  200 1100  700]
26 - INFO - Chord 2: [900 200   0 700]
26 - INFO - Chord 3: [900 200   0 700]
26 - INFO - Chord 4: [1100  700  200  700]
26 - INFO - Chord 5: [1100  700  200  700]
26 - INFO - Chord 6: [1100  700  200  600]
26 - INFO - Chord 7: [1100  700  200  600]
26 - INFO - Chord 8: [  0 700 400 400]
26 - INFO - Chord 9: [  0 700 400 400]
26 - INFO - cent_value_chorale.shape = (4, 160), chorale.shape = (4, 160), G♮ major
26 - INFO - Current top_notes:
26 - INFO -    0    1    2    3    4    5    6    7    8    9   10   11
26 - INFO -   B♮   G♮   D♮   A♮   E♮   C♮   F♯   D♯   F♮   G♯   C♯   A♯
26 - INFO -   11    7    2    9    4    0    6    3    5    8    1   10
26 - INFO - 1100  700  200  900  400    0  600  300  500  800  100 1000
26 - INFO - chord#: 0 In build_straw_man_chord_sa. tolerance = 1, sa_iterations = 1000, initial_temperature = 3.0, cooling_rate = 0.999
26 - INFO - chord#: 0 In build_straw_man_chord_sa. tolerance = 1, sa_iterations = 1000, initial_temperature = 3.0, cooling_rate = 0.999
26 - INFO - chord#: 0 In build_straw_man_chord_sa. tolerance = 1, sa_iterations = 1000, initial_temperature = 3.0, cooling_rate = 0.999
26 - INFO - chord#: 0 In build_straw_man_chord_sa. tolerance = 1, sa_iterations = 1000, initial_temperature = 3.0, cooling_rate = 0.999
26 - INFO - chord#: 0 In build_straw_man_chord_sa. tolerance = 1, sa_iterations = 1000, initial_temperature = 3.0, cooling_rate = 0.999
26 - INFO - chord#: 0 In build_straw_man_chord_sa. tolerance = 1, sa_iterations = 1000, initial_temperature = 3.0, cooling_rate = 0.999
26 - INFO - chord#: 0 In build_straw_man_chord_sa. tolerance = 1, sa_iterations = 1000, initial_temperature = 3.0, cooling_rate = 0.999
26 - INFO - chord#: 0 In build_straw_man_chord_sa. tolerance = 1, sa_iterations = 1000, initial_temperature = 3.0, cooling_rate = 0.999
26 - INFO - chord#: 0 In build_straw_man_chord_sa. tolerance = 1, sa_iterations = 1000, initial_temperature = 3.0, cooling_rate = 0.999
26 - INFO - chord#: 0 In build_straw_man_chord_sa. tolerance = 1, sa_iterations = 1000, initial_temperature = 3.0, cooling_rate = 0.999
26 - INFO - chord#: 0 In build_straw_man_chord_sa. tolerance = 1, sa_iterations = 1000, initial_temperature = 3.0, cooling_rate = 0.999
26 - INFO - chord#: 0 In build_straw_man_chord_sa. tolerance = 1, sa_iterations = 1000, initial_temperature = 3.0, cooling_rate = 0.999
26 - INFO - chord#: 0 done. best_score=27.0, changed=513, unchanged=390, early_stops=8/8
26 - INFO - chord#: 2 In build_straw_man_chord_sa. tolerance = 1, sa_iterations = 1000, initial_temperature = 3.0, cooling_rate = 0.999
26 - INFO - chord#: 0 done. best_score=27.0, changed=516, unchanged=382, early_stops=8/8
26 - INFO - chord#: 2 In build_straw_man_chord_sa. tolerance = 1, sa_iterations = 1000, initial_temperature = 3.0, cooling_rate = 0.999
26 - INFO - chord#: 0 done. best_score=27.0, changed=517, unchanged=395, early_stops=8/8
26 - INFO - chord#: 2 In build_straw_man_chord_sa. tolerance = 1, sa_iterations = 1000, initial_temperature = 3.0, cooling_rate = 0.999
26 - INFO - chord#: 0 done. best_score=27.0, changed=530, unchanged=511, early_stops=8/8
26 - INFO - chord#: 2 In build_straw_man_chord_sa. tolerance = 1, sa_iterations = 1000, initial_temperature = 3.0, cooling_rate = 0.999
26 - INFO - chord#: 0 done. best_score=27.0, changed=526, unchanged=333, early_stops=8/8
26 - INFO - chord#: 2 In build_straw_man_chord_sa. tolerance = 1, sa_iterations = 1000, initial_temperature = 3.0, cooling_rate = 0.999
26 - INFO - chord#: 0 done. best_score=27.0, changed=515, unchanged=364, early_stops=8/8
26 - INFO - chord#: 2 In build_straw_man_chord_sa. tolerance = 1, sa_iterations = 1000, initial_temperature = 3.0, cooling_rate = 0.999
26 - INFO - chord#: 0 done. best_score=27.0, changed=542, unchanged=627, early_stops=8/8
26 - INFO - chord#: 2 In build_straw_man_chord_sa. tolerance = 1, sa_iterations = 1000, initial_temperature = 3.0, cooling_rate = 0.999
26 - INFO - chord#: 0 done. best_score=27.0, changed=512, unchanged=359, early_stops=8/8
26 - INFO - chord#: 2 In build_straw_man_chord_sa. tolerance = 1, sa_iterations = 1000, initial_temperature = 3.0, cooling_rate = 0.999
26 - INFO - chord#: 0 done. best_score=27.0, changed=520, unchanged=361, early_stops=8/8
26 - INFO - chord#: 2 In build_straw_man_chord_sa. tolerance = 1, sa_iterations = 1000, initial_temperature = 3.0, cooling_rate = 0.999
26 - INFO - chord#: 0 done. best_score=27.0, changed=540, unchanged=528, early_stops=8/8
26 - INFO - chord#: 2 In build_straw_man_chord_sa. tolerance = 1, sa_iterations = 1000, initial_temperature = 3.0, cooling_rate = 0.999
26 - INFO - chord#: 0 done. best_score=27.0, changed=519, unchanged=432, early_stops=8/8
26 - INFO - chord#: 2 In build_straw_man_chord_sa. tolerance = 1, sa_iterations = 1000, initial_temperature = 3.0, cooling_rate = 0.999
26 - INFO - chord#: 0 done. best_score=27.0, changed=526, unchanged=516, early_stops=8/8
26 - INFO - chord#: 2 In build_straw_man_chord_sa. tolerance = 1, sa_iterations = 1000, initial_temperature = 3.0, cooling_rate = 0.999
26 - INFO - chord#: 2 done. best_score=94.0, changed=611, unchanged=234, early_stops=8/8
26 - INFO - chord#: 4 In build_straw_man_chord_sa. tolerance = 1, sa_iterations = 1000, initial_temperature = 3.0, cooling_rate = 0.999
26 - INFO - chord#: 2 done. best_score=96.0, changed=614, unchanged=278, early_stops=8/8
26 - INFO - chord#: 4 In build_straw_man_chord_sa. tolerance = 1, sa_iterations = 1000, initial_temperature = 3.0, cooling_rate = 0.999
26 - INFO - chord#: 2 done. best_score=93.0, changed=605, unchanged=317, early_stops=8/8
26 - INFO - chord#: 4 In build_straw_man_chord_sa. tolerance = 1, sa_iterations = 1000, initial_temperature = 3.0, cooling_rate = 0.999
26 - INFO - chord#: 2 done. best_score=94.0, changed=616, unchanged=358, early_stops=8/8
26 - INFO - chord#: 4 In build_straw_man_chord_sa. tolerance = 1, sa_iterations = 1000, initial_temperature = 3.0, cooling_rate = 0.999
26 - INFO - chord#: 2 done. best_score=94.0, changed=616, unchanged=341, early_stops=8/8
26 - INFO - chord#: 4 In build_straw_man_chord_sa. tolerance = 1, sa_iterations = 1000, initial_temperature = 3.0, cooling_rate = 0.999
26 - INFO - chord#: 2 done. best_score=96.0, changed=616, unchanged=218, early_stops=8/8
26 - INFO - chord#: 4 In build_straw_man_chord_sa. tolerance = 1, sa_iterations = 1000, initial_temperature = 3.0, cooling_rate = 0.999
26 - INFO - chord#: 2 done. best_score=96.0, changed=608, unchanged=219, early_stops=8/8
26 - INFO - chord#: 4 In build_straw_man_chord_sa. tolerance = 1, sa_iterations = 1000, initial_temperature = 3.0, cooling_rate = 0.999
26 - INFO - chord#: 4 done. best_score=27.0, changed=521, unchanged=370, early_stops=8/8
26 - INFO - chord#: 6 In build_straw_man_chord_sa. tolerance = 1, sa_iterations = 1000, initial_temperature = 3.0, cooling_rate = 0.999
26 - INFO - chord#: 2 done. best_score=96.0, changed=612, unchanged=311, early_stops=8/8
26 - INFO - chord#: 4 In build_straw_man_chord_sa. tolerance = 1, sa_iterations = 1000, initial_temperature = 3.0, cooling_rate = 0.999
26 - INFO - chord#: 2 done. best_score=94.0, changed=608, unchanged=281, early_stops=8/8
26 - INFO - chord#: 4 In build_straw_man_chord_sa. tolerance = 1, sa_iterations = 1000, initial_temperature = 3.0, cooling_rate = 0.999
26 - INFO - chord#: 4 done. best_score=36.0, changed=530, unchanged=348, early_stops=8/8
26 - INFO - chord#: 6 In build_straw_man_chord_sa. tolerance = 1, sa_iterations = 1000, initial_temperature = 3.0, cooling_rate = 0.999
26 - INFO - chord#: 4 done. best_score=27.0, changed=530, unchanged=415, early_stops=8/8
26 - INFO - chord#: 6 In build_straw_man_chord_sa. tolerance = 1, sa_iterations = 1000, initial_temperature = 3.0, cooling_rate = 0.999
26 - INFO - chord#: 2 done. best_score=93.0, changed=615, unchanged=407, early_stops=8/8
26 - INFO - chord#: 4 In build_straw_man_chord_sa. tolerance = 1, sa_iterations = 1000, initial_temperature = 3.0, cooling_rate = 0.999
26 - INFO - chord#: 2 done. best_score=99.0, changed=609, unchanged=437, early_stops=8/8
26 - INFO - chord#: 4 In build_straw_man_chord_sa. tolerance = 1, sa_iterations = 1000, initial_temperature = 3.0, cooling_rate = 0.999
26 - INFO - chord#: 4 done. best_score=36.0, changed=524, unchanged=360, early_stops=8/8
26 - INFO - chord#: 6 In build_straw_man_chord_sa. tolerance = 1, sa_iterations = 1000, initial_temperature = 3.0, cooling_rate = 0.999
26 - INFO - chord#: 4 done. best_score=36.0, changed=520, unchanged=355, early_stops=8/8
26 - INFO - chord#: 6 In build_straw_man_chord_sa. tolerance = 1, sa_iterations = 1000, initial_temperature = 3.0, cooling_rate = 0.999
26 - INFO - chord#: 2 done. best_score=93.0, changed=609, unchanged=330, early_stops=8/8
26 - INFO - chord#: 4 In build_straw_man_chord_sa. tolerance = 1, sa_iterations = 1000, initial_temperature = 3.0, cooling_rate = 0.999
26 - INFO - chord#: 4 done. best_score=27.0, changed=536, unchanged=383, early_stops=8/8
26 - INFO - chord#: 6 In build_straw_man_chord_sa. tolerance = 1, sa_iterations = 1000, initial_temperature = 3.0, cooling_rate = 0.999
26 - INFO - chord#: 4 done. best_score=27.0, changed=527, unchanged=369, early_stops=8/8
26 - INFO - chord#: 6 In build_straw_man_chord_sa. tolerance = 1, sa_iterations = 1000, initial_temperature = 3.0, cooling_rate = 0.999
26 - INFO - chord#: 4 done. best_score=27.0, changed=521, unchanged=354, early_stops=8/8
26 - INFO - chord#: 6 In build_straw_man_chord_sa. tolerance = 1, sa_iterations = 1000, initial_temperature = 3.0, cooling_rate = 0.999
26 - INFO - chord#: 4 done. best_score=27.0, changed=524, unchanged=370, early_stops=8/8
26 - INFO - chord#: 6 In build_straw_man_chord_sa. tolerance = 1, sa_iterations = 1000, initial_temperature = 3.0, cooling_rate = 0.999
26 - INFO - chord#: 4 done. best_score=36.0, changed=524, unchanged=390, early_stops=8/8
26 - INFO - chord#: 6 In build_straw_man_chord_sa. tolerance = 1, sa_iterations = 1000, initial_temperature = 3.0, cooling_rate = 0.999
26 - INFO - chord#: 4 done. best_score=27.0, changed=525, unchanged=330, early_stops=8/8
26 - INFO - chord#: 6 In build_straw_man_chord_sa. tolerance = 1, sa_iterations = 1000, initial_temperature = 3.0, cooling_rate = 0.999
26 - INFO - chord#: 4 done. best_score=27.0, changed=526, unchanged=377, early_stops=8/8
26 - INFO - chord#: 6 In build_straw_man_chord_sa. tolerance = 1, sa_iterations = 1000, initial_temperature = 3.0, cooling_rate = 0.999
26 - INFO - chord#: 6 done. best_score=149.0, changed=611, unchanged=226, early_stops=8/8
26 - INFO - chord#: 8 In build_straw_man_chord_sa. tolerance = 1, sa_iterations = 1000, initial_temperature = 3.0, cooling_rate = 0.999
26 - INFO - chord#: 6 done. best_score=96.0, changed=617, unchanged=372, early_stops=8/8
26 - INFO - chord#: 8 In build_straw_man_chord_sa. tolerance = 1, sa_iterations = 1000, initial_temperature = 3.0, cooling_rate = 0.999
26 - INFO - chord#: 6 done. best_score=149.0, changed=609, unchanged=207, early_stops=8/8
26 - INFO - chord#: 8 In build_straw_man_chord_sa. tolerance = 1, sa_iterations = 1000, initial_temperature = 3.0, cooling_rate = 0.999
26 - INFO - chord#: 6 done. best_score=149.0, changed=609, unchanged=261, early_stops=8/8
26 - INFO - chord#: 8 In build_straw_man_chord_sa. tolerance = 1, sa_iterations = 1000, initial_temperature = 3.0, cooling_rate = 0.999
26 - INFO - chord#: 6 done. best_score=96.0, changed=616, unchanged=411, early_stops=8/8
26 - INFO - chord#: 8 In build_straw_man_chord_sa. tolerance = 1, sa_iterations = 1000, initial_temperature = 3.0, cooling_rate = 0.999
26 - INFO - chord#: 6 done. best_score=74.0, changed=611, unchanged=277, early_stops=8/8
26 - INFO - chord#: 8 In build_straw_man_chord_sa. tolerance = 1, sa_iterations = 1000, initial_temperature = 3.0, cooling_rate = 0.999
26 - INFO - chord#: 8 done. best_score=27.0, changed=525, unchanged=397, early_stops=8/8
26 - INFO - chord#: 10 In build_straw_man_chord_sa. tolerance = 1, sa_iterations = 1000, initial_temperature = 3.0, cooling_rate = 0.999
26 - INFO - chord#: 8 done. best_score=27.0, changed=518, unchanged=326, early_stops=8/8
26 - INFO - chord#: 10 In build_straw_man_chord_sa. tolerance = 1, sa_iterations = 1000, initial_temperature = 3.0, cooling_rate = 0.999
26 - INFO - chord#: 6 done. best_score=74.0, changed=611, unchanged=367, early_stops=8/8
26 - INFO - chord#: 8 In build_straw_man_chord_sa. tolerance = 1, sa_iterations = 1000, initial_temperature = 3.0, cooling_rate = 0.999
26 - INFO - chord#: 6 done. best_score=74.0, changed=614, unchanged=373, early_stops=8/8
26 - INFO - chord#: 8 In build_straw_man_chord_sa. tolerance = 1, sa_iterations = 1000, initial_temperature = 3.0, cooling_rate = 0.999
26 - INFO - chord#: 6 done. best_score=74.0, changed=615, unchanged=270, early_stops=8/8
26 - INFO - chord#: 8 In build_straw_man_chord_sa. tolerance = 1, sa_iterations = 1000, initial_temperature = 3.0, cooling_rate = 0.999
26 - INFO - chord#: 6 done. best_score=149.0, changed=615, unchanged=245, early_stops=8/8
26 - INFO - chord#: 8 In build_straw_man_chord_sa. tolerance = 1, sa_iterations = 1000, initial_temperature = 3.0, cooling_rate = 0.999
26 - INFO - chord#: 8 done. best_score=27.0, changed=521, unchanged=343, early_stops=8/8
26 - INFO - chord#: 10 In build_straw_man_chord_sa. tolerance = 1, sa_iterations = 1000, initial_temperature = 3.0, cooling_rate = 0.999
26 - INFO - chord#: 8 done. best_score=27.0, changed=518, unchanged=328, early_stops=8/8
26 - INFO - chord#: 10 In build_straw_man_chord_sa. tolerance = 1, sa_iterations = 1000, initial_temperature = 3.0, cooling_rate = 0.999
26 - INFO - chord#: 10 done. best_score=27.0, changed=519, unchanged=302, early_stops=8/8
26 - INFO - chord#: 12 In build_straw_man_chord_sa. tolerance = 1, sa_iterations = 1000, initial_temperature = 3.0, cooling_rate = 0.999
26 - INFO - chord#: 8 done. best_score=57.0, changed=529, unchanged=407, early_stops=8/8
26 - INFO - chord#: 10 In build_straw_man_chord_sa. tolerance = 1, sa_iterations = 1000, initial_temperature = 3.0, cooling_rate = 0.999
26 - INFO - chord#: 8 done. best_score=27.0, changed=524, unchanged=433, early_stops=8/8
26 - INFO - chord#: 10 In build_straw_man_chord_sa. tolerance = 1, sa_iterations = 1000, initial_temperature = 3.0, cooling_rate = 0.999
26 - INFO - chord#: 6 done. best_score=74.0, changed=611, unchanged=288, early_stops=8/8
26 - INFO - chord#: 8 In build_straw_man_chord_sa. tolerance = 1, sa_iterations = 1000, initial_temperature = 3.0, cooling_rate = 0.999
26 - INFO - chord#: 10 done. best_score=27.0, changed=522, unchanged=383, early_stops=8/8
26 - INFO - chord#: 12 In build_straw_man_chord_sa. tolerance = 1, sa_iterations = 1000, initial_temperature = 3.0, cooling_rate = 0.999
26 - INFO - chord#: 8 done. best_score=27.0, changed=521, unchanged=421, early_stops=8/8
26 - INFO - chord#: 10 In build_straw_man_chord_sa. tolerance = 1, sa_iterations = 1000, initial_temperature = 3.0, cooling_rate = 0.999
26 - INFO - chord#: 8 done. best_score=27.0, changed=522, unchanged=311, early_stops=8/8
26 - INFO - chord#: 10 In build_straw_man_chord_sa. tolerance = 1, sa_iterations = 1000, initial_temperature = 3.0, cooling_rate = 0.999
26 - INFO - chord#: 6 done. best_score=148.0, changed=606, unchanged=292, early_stops=8/8
26 - INFO - chord#: 8 In build_straw_man_chord_sa. tolerance = 1, sa_iterations = 1000, initial_temperature = 3.0, cooling_rate = 0.999
26 - INFO - chord#: 10 done. best_score=27.0, changed=521, unchanged=390, early_stops=8/8
26 - INFO - chord#: 12 In build_straw_man_chord_sa. tolerance = 1, sa_iterations = 1000, initial_temperature = 3.0, cooling_rate = 0.999
26 - INFO - chord#: 8 done. best_score=27.0, changed=523, unchanged=435, early_stops=8/8
26 - INFO - chord#: 10 In build_straw_man_chord_sa. tolerance = 1, sa_iterations = 1000, initial_temperature = 3.0, cooling_rate = 0.999
26 - INFO - chord#: 10 done. best_score=27.0, changed=537, unchanged=418, early_stops=8/8
26 - INFO - chord#: 12 In build_straw_man_chord_sa. tolerance = 1, sa_iterations = 1000, initial_temperature = 3.0, cooling_rate = 0.999
26 - INFO - chord#: 8 done. best_score=27.0, changed=522, unchanged=403, early_stops=8/8
26 - INFO - chord#: 10 In build_straw_man_chord_sa. tolerance = 1, sa_iterations = 1000, initial_temperature = 3.0, cooling_rate = 0.999
26 - INFO - chord#: 10 done. best_score=27.0, changed=525, unchanged=327, early_stops=8/8
26 - INFO - chord#: 12 In build_straw_man_chord_sa. tolerance = 1, sa_iterations = 1000, initial_temperature = 3.0, cooling_rate = 0.999
26 - INFO - chord#: 10 done. best_score=27.0, changed=531, unchanged=377, early_stops=8/8
26 - INFO - chord#: 12 In build_straw_man_chord_sa. tolerance = 1, sa_iterations = 1000, initial_temperature = 3.0, cooling_rate = 0.999
26 - INFO - chord#: 12 done. best_score=27.0, changed=523, unchanged=480, early_stops=8/8
26 - INFO - chord#: 14 In build_straw_man_chord_sa. tolerance = 1, sa_iterations = 1000, initial_temperature = 3.0, cooling_rate = 0.999
26 - INFO - chord#: 10 done. best_score=27.0, changed=529, unchanged=324, early_stops=8/8
26 - INFO - chord#: 12 In build_straw_man_chord_sa. tolerance = 1, sa_iterations = 1000, initial_temperature = 3.0, cooling_rate = 0.999
26 - INFO - chord#: 10 done. best_score=27.0, changed=542, unchanged=386, early_stops=8/8
26 - INFO - chord#: 12 In build_straw_man_chord_sa. tolerance = 1, sa_iterations = 1000, initial_temperature = 3.0, cooling_rate = 0.999
26 - INFO - chord#: 8 done. best_score=27.0, changed=522, unchanged=308, early_stops=8/8
26 - INFO - chord#: 10 In build_straw_man_chord_sa. tolerance = 1, sa_iterations = 1000, initial_temperature = 3.0, cooling_rate = 0.999
26 - INFO - chord#: 12 done. best_score=27.0, changed=524, unchanged=438, early_stops=8/8
26 - INFO - chord#: 14 In build_straw_man_chord_sa. tolerance = 1, sa_iterations = 1000, initial_temperature = 3.0, cooling_rate = 0.999
26 - INFO - chord#: 8 done. best_score=27.0, changed=528, unchanged=377, early_stops=8/8
26 - INFO - chord#: 10 In build_straw_man_chord_sa. tolerance = 1, sa_iterations = 1000, initial_temperature = 3.0, cooling_rate = 0.999
26 - INFO - chord#: 12 done. best_score=27.0, changed=516, unchanged=402, early_stops=8/8
26 - INFO - chord#: 14 In build_straw_man_chord_sa. tolerance = 1, sa_iterations = 1000, initial_temperature = 3.0, cooling_rate = 0.999
26 - INFO - chord#: 12 done. best_score=27.0, changed=517, unchanged=380, early_stops=8/8
26 - INFO - chord#: 14 In build_straw_man_chord_sa. tolerance = 1, sa_iterations = 1000, initial_temperature = 3.0, cooling_rate = 0.999
26 - INFO - chord#: 10 done. best_score=27.0, changed=525, unchanged=319, early_stops=8/8
26 - INFO - chord#: 12 In build_straw_man_chord_sa. tolerance = 1, sa_iterations = 1000, initial_temperature = 3.0, cooling_rate = 0.999
26 - INFO - chord#: 10 done. best_score=27.0, changed=528, unchanged=349, early_stops=8/8
26 - INFO - chord#: 12 In build_straw_man_chord_sa. tolerance = 1, sa_iterations = 1000, initial_temperature = 3.0, cooling_rate = 0.999
26 - INFO - chord#: 14 done. best_score=27.0, changed=526, unchanged=452, early_stops=8/8
26 - INFO - chord#: 16 In build_straw_man_chord_sa. tolerance = 1, sa_iterations = 1000, initial_temperature = 3.0, cooling_rate = 0.999
26 - INFO - chord#: 12 done. best_score=27.0, changed=521, unchanged=353, early_stops=8/8
26 - INFO - chord#: 12 done. best_score=27.0, changed=517, unchanged=368, early_stops=8/8
26 - INFO - chord#: 14 In build_straw_man_chord_sa. tolerance = 1, sa_iterations = 1000, initial_temperature = 3.0, cooling_rate = 0.999
26 - INFO - chord#: 14 In build_straw_man_chord_sa. tolerance = 1, sa_iterations = 1000, initial_temperature = 3.0, cooling_rate = 0.999
26 - INFO - chord#: 10 done. best_score=27.0, changed=519, unchanged=338, early_stops=8/8
26 - INFO - chord#: 12 In build_straw_man_chord_sa. tolerance = 1, sa_iterations = 1000, initial_temperature = 3.0, cooling_rate = 0.999
26 - INFO - chord#: 14 done. best_score=27.0, changed=523, unchanged=360, early_stops=8/8
26 - INFO - chord#: 16 In build_straw_man_chord_sa. tolerance = 1, sa_iterations = 1000, initial_temperature = 3.0, cooling_rate = 0.999
26 - INFO - chord#: 12 done. best_score=27.0, changed=522, unchanged=529, early_stops=8/8
26 - INFO - chord#: 14 In build_straw_man_chord_sa. tolerance = 1, sa_iterations = 1000, initial_temperature = 3.0, cooling_rate = 0.999
26 - INFO - chord#: 12 done. best_score=27.0, changed=520, unchanged=404, early_stops=8/8
26 - INFO - chord#: 14 In build_straw_man_chord_sa. tolerance = 1, sa_iterations = 1000, initial_temperature = 3.0, cooling_rate = 0.999
26 - INFO - chord#: 10 done. best_score=27.0, changed=519, unchanged=324, early_stops=8/8
26 - INFO - chord#: 12 In build_straw_man_chord_sa. tolerance = 1, sa_iterations = 1000, initial_temperature = 3.0, cooling_rate = 0.999
26 - INFO - chord#: 14 done. best_score=27.0, changed=521, unchanged=435, early_stops=8/8
26 - INFO - chord#: 16 In build_straw_man_chord_sa. tolerance = 1, sa_iterations = 1000, initial_temperature = 3.0, cooling_rate = 0.999
26 - INFO - chord#: 14 done. best_score=27.0, changed=524, unchanged=350, early_stops=8/8
26 - INFO - chord#: 16 In build_straw_man_chord_sa. tolerance = 1, sa_iterations = 1000, initial_temperature = 3.0, cooling_rate = 0.999
26 - INFO - chord#: 16 done. best_score=27.0, changed=513, unchanged=337, early_stops=8/8
26 - INFO - chord#: 18 In build_straw_man_chord_sa. tolerance = 1, sa_iterations = 1000, initial_temperature = 3.0, cooling_rate = 0.999
26 - INFO - chord#: 12 done. best_score=27.0, changed=523, unchanged=374, early_stops=8/8
26 - INFO - chord#: 14 In build_straw_man_chord_sa. tolerance = 1, sa_iterations = 1000, initial_temperature = 3.0, cooling_rate = 0.999
26 - INFO - chord#: 12 done. best_score=27.0, changed=528, unchanged=409, early_stops=8/8
26 - INFO - chord#: 14 In build_straw_man_chord_sa. tolerance = 1, sa_iterations = 1000, initial_temperature = 3.0, cooling_rate = 0.999
26 - INFO - chord#: 14 done. best_score=27.0, changed=524, unchanged=435, early_stops=8/8
26 - INFO - chord#: 16 In build_straw_man_chord_sa. tolerance = 1, sa_iterations = 1000, initial_temperature = 3.0, cooling_rate = 0.999
26 - INFO - chord#: 14 done. best_score=27.0, changed=523, unchanged=412, early_stops=8/8
26 - INFO - chord#: 16 In build_straw_man_chord_sa. tolerance = 1, sa_iterations = 1000, initial_temperature = 3.0, cooling_rate = 0.999
26 - INFO - chord#: 16 done. best_score=27.0, changed=511, unchanged=360, early_stops=8/8
26 - INFO - chord#: 18 In build_straw_man_chord_sa. tolerance = 1, sa_iterations = 1000, initial_temperature = 3.0, cooling_rate = 0.999
26 - INFO - chord#: 14 done. best_score=27.0, changed=517, unchanged=355, early_stops=8/8
26 - INFO - chord#: 16 In build_straw_man_chord_sa. tolerance = 1, sa_iterations = 1000, initial_temperature = 3.0, cooling_rate = 0.999
26 - INFO - chord#: 14 done. best_score=27.0, changed=527, unchanged=426, early_stops=8/8
26 - INFO - chord#: 16 In build_straw_man_chord_sa. tolerance = 1, sa_iterations = 1000, initial_temperature = 3.0, cooling_rate = 0.999
26 - INFO - chord#: 12 done. best_score=27.0, changed=523, unchanged=529, early_stops=8/8
26 - INFO - chord#: 14 In build_straw_man_chord_sa. tolerance = 1, sa_iterations = 1000, initial_temperature = 3.0, cooling_rate = 0.999
26 - INFO - chord#: 16 done. best_score=27.0, changed=518, unchanged=446, early_stops=8/8
26 - INFO - chord#: 18 In build_straw_man_chord_sa. tolerance = 1, sa_iterations = 1000, initial_temperature = 3.0, cooling_rate = 0.999
26 - INFO - chord#: 16 done. best_score=27.0, changed=534, unchanged=529, early_stops=8/8
26 - INFO - chord#: 18 In build_straw_man_chord_sa. tolerance = 1, sa_iterations = 1000, initial_temperature = 3.0, cooling_rate = 0.999
26 - INFO - chord#: 12 done. best_score=27.0, changed=526, unchanged=455, early_stops=8/8
26 - INFO - chord#: 14 In build_straw_man_chord_sa. tolerance = 1, sa_iterations = 1000, initial_temperature = 3.0, cooling_rate = 0.999
26 - INFO - chord#: 16 done. best_score=27.0, changed=517, unchanged=389, early_stops=8/8
26 - INFO - chord#: 18 In build_straw_man_chord_sa. tolerance = 1, sa_iterations = 1000, initial_temperature = 3.0, cooling_rate = 0.999
26 - INFO - chord#: 14 done. best_score=27.0, changed=518, unchanged=340, early_stops=8/8
26 - INFO - chord#: 16 In build_straw_man_chord_sa. tolerance = 1, sa_iterations = 1000, initial_temperature = 3.0, cooling_rate = 0.999
26 - INFO - chord#: 14 done. best_score=27.0, changed=524, unchanged=375, early_stops=8/8
26 - INFO - chord#: 16 In build_straw_man_chord_sa. tolerance = 1, sa_iterations = 1000, initial_temperature = 3.0, cooling_rate = 0.999
26 - INFO - chord#: 16 done. best_score=27.0, changed=521, unchanged=430, early_stops=8/8
26 - INFO - chord#: 18 In build_straw_man_chord_sa. tolerance = 1, sa_iterations = 1000, initial_temperature = 3.0, cooling_rate = 0.999
26 - INFO - chord#: 16 done. best_score=27.0, changed=519, unchanged=321, early_stops=8/8
26 - INFO - chord#: 18 In build_straw_man_chord_sa. tolerance = 1, sa_iterations = 1000, initial_temperature = 3.0, cooling_rate = 0.999
26 - INFO - chord#: 14 done. best_score=27.0, changed=513, unchanged=397, early_stops=8/8
26 - INFO - chord#: 16 In build_straw_man_chord_sa. tolerance = 1, sa_iterations = 1000, initial_temperature = 3.0, cooling_rate = 0.999
26 - INFO - chord#: 16 done. best_score=27.0, changed=526, unchanged=431, early_stops=8/8
26 - INFO - chord#: 18 In build_straw_man_chord_sa. tolerance = 1, sa_iterations = 1000, initial_temperature = 3.0, cooling_rate = 0.999
26 - INFO - chord#: 14 done. best_score=27.0, changed=526, unchanged=396, early_stops=8/8
26 - INFO - chord#: 16 In build_straw_man_chord_sa. tolerance = 1, sa_iterations = 1000, initial_temperature = 3.0, cooling_rate = 0.999
26 - INFO - chord#: 18 done. best_score=78.0, changed=616, unchanged=416, early_stops=8/8
26 - INFO - chord#: 20 In build_straw_man_chord_sa. tolerance = 1, sa_iterations = 1000, initial_temperature = 3.0, cooling_rate = 0.999
26 - INFO - chord#: 16 done. best_score=27.0, changed=528, unchanged=558, early_stops=8/8
26 - INFO - chord#: 18 In build_straw_man_chord_sa. tolerance = 1, sa_iterations = 1000, initial_temperature = 3.0, cooling_rate = 0.999
26 - INFO - chord#: 18 done. best_score=119.0, changed=611, unchanged=348, early_stops=8/8
26 - INFO - chord#: 20 In build_straw_man_chord_sa. tolerance = 1, sa_iterations = 1000, initial_temperature = 3.0, cooling_rate = 0.999
26 - INFO - chord#: 16 done. best_score=27.0, changed=525, unchanged=505, early_stops=8/8
26 - INFO - chord#: 18 In build_straw_man_chord_sa. tolerance = 1, sa_iterations = 1000, initial_temperature = 3.0, cooling_rate = 0.999
26 - INFO - chord#: 18 done. best_score=78.0, changed=607, unchanged=241, early_stops=8/8
26 - INFO - chord#: 20 In build_straw_man_chord_sa. tolerance = 1, sa_iterations = 1000, initial_temperature = 3.0, cooling_rate = 0.999
26 - INFO - chord#: 18 done. best_score=137.0, changed=609, unchanged=319, early_stops=8/8
26 - INFO - chord#: 20 In build_straw_man_chord_sa. tolerance = 1, sa_iterations = 1000, initial_temperature = 3.0, cooling_rate = 0.999
26 - INFO - chord#: 16 done. best_score=27.0, changed=523, unchanged=421, early_stops=8/8
26 - INFO - chord#: 18 In build_straw_man_chord_sa. tolerance = 1, sa_iterations = 1000, initial_temperature = 3.0, cooling_rate = 0.999
26 - INFO - chord#: 18 done. best_score=78.0, changed=608, unchanged=281, early_stops=8/8
26 - INFO - chord#: 20 In build_straw_man_chord_sa. tolerance = 1, sa_iterations = 1000, initial_temperature = 3.0, cooling_rate = 0.999
26 - INFO - chord#: 16 done. best_score=27.0, changed=521, unchanged=523, early_stops=8/8
26 - INFO - chord#: 18 In build_straw_man_chord_sa. tolerance = 1, sa_iterations = 1000, initial_temperature = 3.0, cooling_rate = 0.999
26 - INFO - chord#: 20 done. best_score=27.0, changed=519, unchanged=381, early_stops=8/8
26 - INFO - chord#: 22 In build_straw_man_chord_sa. tolerance = 1, sa_iterations = 1000, initial_temperature = 3.0, cooling_rate = 0.999
26 - INFO - chord#: 20 done. best_score=27.0, changed=524, unchanged=413, early_stops=8/8
26 - INFO - chord#: 22 In build_straw_man_chord_sa. tolerance = 1, sa_iterations = 1000, initial_temperature = 3.0, cooling_rate = 0.999
26 - INFO - chord#: 20 done. best_score=27.0, changed=522, unchanged=568, early_stops=8/8
26 - INFO - chord#: 22 In build_straw_man_chord_sa. tolerance = 1, sa_iterations = 1000, initial_temperature = 3.0, cooling_rate = 0.999
26 - INFO - chord#: 20 done. best_score=27.0, changed=516, unchanged=398, early_stops=8/8
26 - INFO - chord#: 22 In build_straw_man_chord_sa. tolerance = 1, sa_iterations = 1000, initial_temperature = 3.0, cooling_rate = 0.999
26 - INFO - chord#: 20 done. best_score=27.0, changed=527, unchanged=536, early_stops=8/8
26 - INFO - chord#: 22 In build_straw_man_chord_sa. tolerance = 1, sa_iterations = 1000, initial_temperature = 3.0, cooling_rate = 0.999
26 - INFO - chord#: 18 done. best_score=119.0, changed=614, unchanged=356, early_stops=8/8
26 - INFO - chord#: 20 In build_straw_man_chord_sa. tolerance = 1, sa_iterations = 1000, initial_temperature = 3.0, cooling_rate = 0.999
26 - INFO - chord#: 18 done. best_score=78.0, changed=611, unchanged=398, early_stops=8/8
26 - INFO - chord#: 20 In build_straw_man_chord_sa. tolerance = 1, sa_iterations = 1000, initial_temperature = 3.0, cooling_rate = 0.999
26 - INFO - chord#: 22 done. best_score=27.0, changed=524, unchanged=431, early_stops=8/8
26 - INFO - chord#: 24 In build_straw_man_chord_sa. tolerance = 1, sa_iterations = 1000, initial_temperature = 3.0, cooling_rate = 0.999
26 - INFO - chord#: 18 done. best_score=78.0, changed=611, unchanged=294, early_stops=8/8
26 - INFO - chord#: 20 In build_straw_man_chord_sa. tolerance = 1, sa_iterations = 1000, initial_temperature = 3.0, cooling_rate = 0.999
26 - INFO - chord#: 22 done. best_score=27.0, changed=521, unchanged=554, early_stops=8/8
26 - INFO - chord#: 24 In build_straw_man_chord_sa. tolerance = 1, sa_iterations = 1000, initial_temperature = 3.0, cooling_rate = 0.999
26 - INFO - chord#: 22 done. best_score=36.0, changed=528, unchanged=470, early_stops=8/8
26 - INFO - chord#: 24 In build_straw_man_chord_sa. tolerance = 1, sa_iterations = 1000, initial_temperature = 3.0, cooling_rate = 0.999
26 - INFO - chord#: 22 done. best_score=27.0, changed=516, unchanged=441, early_stops=8/8
26 - INFO - chord#: 24 In build_straw_man_chord_sa. tolerance = 1, sa_iterations = 1000, initial_temperature = 3.0, cooling_rate = 0.999
26 - INFO - chord#: 18 done. best_score=119.0, changed=611, unchanged=271, early_stops=8/8
26 - INFO - chord#: 20 In build_straw_man_chord_sa. tolerance = 1, sa_iterations = 1000, initial_temperature = 3.0, cooling_rate = 0.999
26 - INFO - chord#: 18 done. best_score=78.0, changed=608, unchanged=293, early_stops=8/8
26 - INFO - chord#: 20 In build_straw_man_chord_sa. tolerance = 1, sa_iterations = 1000, initial_temperature = 3.0, cooling_rate = 0.999
26 - INFO - chord#: 22 done. best_score=27.0, changed=528, unchanged=513, early_stops=8/8
26 - INFO - chord#: 24 In build_straw_man_chord_sa. tolerance = 1, sa_iterations = 1000, initial_temperature = 3.0, cooling_rate = 0.999
26 - INFO - chord#: 24 done. best_score=27.0, changed=514, unchanged=330, early_stops=8/8
26 - INFO - chord#: 28 In build_straw_man_chord_sa. tolerance = 1, sa_iterations = 1000, initial_temperature = 3.0, cooling_rate = 0.999
26 - INFO - chord#: 20 done. best_score=27.0, changed=524, unchanged=492, early_stops=8/8
26 - INFO - chord#: 22 In build_straw_man_chord_sa. tolerance = 1, sa_iterations = 1000, initial_temperature = 3.0, cooling_rate = 0.999
26 - INFO - chord#: 20 done. best_score=27.0, changed=521, unchanged=426, early_stops=8/8
26 - INFO - chord#: 22 In build_straw_man_chord_sa. tolerance = 1, sa_iterations = 1000, initial_temperature = 3.0, cooling_rate = 0.999
26 - INFO - chord#: 24 done. best_score=27.0, changed=516, unchanged=346, early_stops=8/8
26 - INFO - chord#: 28 In build_straw_man_chord_sa. tolerance = 1, sa_iterations = 1000, initial_temperature = 3.0, cooling_rate = 0.999
26 - INFO - chord#: 20 done. best_score=27.0, changed=526, unchanged=370, early_stops=8/8
26 - INFO - chord#: 22 In build_straw_man_chord_sa. tolerance = 1, sa_iterations = 1000, initial_temperature = 3.0, cooling_rate = 0.999
26 - INFO - chord#: 24 done. best_score=27.0, changed=521, unchanged=419, early_stops=8/8
26 - INFO - chord#: 28 In build_straw_man_chord_sa. tolerance = 1, sa_iterations = 1000, initial_temperature = 3.0, cooling_rate = 0.999
26 - INFO - chord#: 24 done. best_score=27.0, changed=528, unchanged=413, early_stops=8/8
26 - INFO - chord#: 28 In build_straw_man_chord_sa. tolerance = 1, sa_iterations = 1000, initial_temperature = 3.0, cooling_rate = 0.999
26 - INFO - chord#: 18 done. best_score=78.0, changed=612, unchanged=434, early_stops=8/8
26 - INFO - chord#: 20 In build_straw_man_chord_sa. tolerance = 1, sa_iterations = 1000, initial_temperature = 3.0, cooling_rate = 0.999
26 - INFO - chord#: 24 done. best_score=27.0, changed=522, unchanged=352, early_stops=8/8
26 - INFO - chord#: 28 In build_straw_man_chord_sa. tolerance = 1, sa_iterations = 1000, initial_temperature = 3.0, cooling_rate = 0.999
26 - INFO - chord#: 22 done. best_score=27.0, changed=516, unchanged=334, early_stops=8/8
26 - INFO - chord#: 24 In build_straw_man_chord_sa. tolerance = 1, sa_iterations = 1000, initial_temperature = 3.0, cooling_rate = 0.999
26 - INFO - chord#: 20 done. best_score=27.0, changed=529, unchanged=447, early_stops=8/8
26 - INFO - chord#: 22 In build_straw_man_chord_sa. tolerance = 1, sa_iterations = 1000, initial_temperature = 3.0, cooling_rate = 0.999
26 - INFO - chord#: 28 done. best_score=27.0, changed=528, unchanged=584, early_stops=8/8
26 - INFO - chord#: 32 In build_straw_man_chord_sa. tolerance = 1, sa_iterations = 1000, initial_temperature = 3.0, cooling_rate = 0.999
26 - INFO - chord#: 28 done. best_score=27.0, changed=515, unchanged=400, early_stops=8/8
26 - INFO - chord#: 32 In build_straw_man_chord_sa. tolerance = 1, sa_iterations = 1000, initial_temperature = 3.0, cooling_rate = 0.999
26 - INFO - chord#: 20 done. best_score=27.0, changed=520, unchanged=609, early_stops=8/8
26 - INFO - chord#: 22 In build_straw_man_chord_sa. tolerance = 1, sa_iterations = 1000, initial_temperature = 3.0, cooling_rate = 0.999
26 - INFO - chord#: 22 done. best_score=27.0, changed=519, unchanged=380, early_stops=8/8
26 - INFO - chord#: 24 In build_straw_man_chord_sa. tolerance = 1, sa_iterations = 1000, initial_temperature = 3.0, cooling_rate = 0.999
26 - INFO - chord#: 28 done. best_score=27.0, changed=524, unchanged=458, early_stops=8/8
26 - INFO - chord#: 32 In build_straw_man_chord_sa. tolerance = 1, sa_iterations = 1000, initial_temperature = 3.0, cooling_rate = 0.999
26 - INFO - chord#: 22 done. best_score=27.0, changed=519, unchanged=394, early_stops=8/8
26 - INFO - chord#: 24 In build_straw_man_chord_sa. tolerance = 1, sa_iterations = 1000, initial_temperature = 3.0, cooling_rate = 0.999
26 - INFO - chord#: 28 done. best_score=27.0, changed=513, unchanged=393, early_stops=8/8
26 - INFO - chord#: 32 In build_straw_man_chord_sa. tolerance = 1, sa_iterations = 1000, initial_temperature = 3.0, cooling_rate = 0.999
26 - INFO - chord#: 18 done. best_score=78.0, changed=617, unchanged=497, early_stops=8/8
26 - INFO - chord#: 20 In build_straw_man_chord_sa. tolerance = 1, sa_iterations = 1000, initial_temperature = 3.0, cooling_rate = 0.999
26 - INFO - chord#: 28 done. best_score=27.0, changed=527, unchanged=419, early_stops=8/8
26 - INFO - chord#: 32 In build_straw_man_chord_sa. tolerance = 1, sa_iterations = 1000, initial_temperature = 3.0, cooling_rate = 0.999
26 - INFO - chord#: 24 done. best_score=27.0, changed=520, unchanged=440, early_stops=8/8
26 - INFO - chord#: 28 In build_straw_man_chord_sa. tolerance = 1, sa_iterations = 1000, initial_temperature = 3.0, cooling_rate = 0.999
26 - INFO - chord#: 32 done. best_score=27.0, changed=515, unchanged=352, early_stops=8/8
26 - INFO - chord#: 34 In build_straw_man_chord_sa. tolerance = 1, sa_iterations = 1000, initial_temperature = 3.0, cooling_rate = 0.999
26 - INFO - chord#: 20 done. best_score=27.0, changed=528, unchanged=421, early_stops=8/8
26 - INFO - chord#: 22 In build_straw_man_chord_sa. tolerance = 1, sa_iterations = 1000, initial_temperature = 3.0, cooling_rate = 0.999
26 - INFO - chord#: 32 done. best_score=27.0, changed=522, unchanged=457, early_stops=8/8
26 - INFO - chord#: 34 In build_straw_man_chord_sa. tolerance = 1, sa_iterations = 1000, initial_temperature = 3.0, cooling_rate = 0.999
26 - INFO - chord#: 22 done. best_score=27.0, changed=531, unchanged=409, early_stops=8/8
26 - INFO - chord#: 32 done. best_score=27.0, changed=520, unchanged=378, early_stops=8/8
26 - INFO - chord#: 24 In build_straw_man_chord_sa. tolerance = 1, sa_iterations = 1000, initial_temperature = 3.0, cooling_rate = 0.999
26 - INFO - chord#: 34 In build_straw_man_chord_sa. tolerance = 1, sa_iterations = 1000, initial_temperature = 3.0, cooling_rate = 0.999
26 - INFO - chord#: 32 done. best_score=27.0, changed=514, unchanged=433, early_stops=8/8
26 - INFO - chord#: 34 In build_straw_man_chord_sa. tolerance = 1, sa_iterations = 1000, initial_temperature = 3.0, cooling_rate = 0.999
26 - INFO - chord#: 24 done. best_score=27.0, changed=523, unchanged=539, early_stops=8/8
26 - INFO - chord#: 28 In build_straw_man_chord_sa. tolerance = 1, sa_iterations = 1000, initial_temperature = 3.0, cooling_rate = 0.999
26 - INFO - chord#: 22 done. best_score=27.0, changed=531, unchanged=525, early_stops=8/8
26 - INFO - chord#: 24 In build_straw_man_chord_sa. tolerance = 1, sa_iterations = 1000, initial_temperature = 3.0, cooling_rate = 0.999
26 - INFO - chord#: 24 done. best_score=27.0, changed=522, unchanged=470, early_stops=8/8
26 - INFO - chord#: 28 In build_straw_man_chord_sa. tolerance = 1, sa_iterations = 1000, initial_temperature = 3.0, cooling_rate = 0.999
26 - INFO - chord#: 28 done. best_score=27.0, changed=525, unchanged=460, early_stops=8/8
26 - INFO - chord#: 32 In build_straw_man_chord_sa. tolerance = 1, sa_iterations = 1000, initial_temperature = 3.0, cooling_rate = 0.999
26 - INFO - chord#: 32 done. best_score=27.0, changed=523, unchanged=427, early_stops=8/8
26 - INFO - chord#: 34 In build_straw_man_chord_sa. tolerance = 1, sa_iterations = 1000, initial_temperature = 3.0, cooling_rate = 0.999
26 - INFO - chord#: 20 done. best_score=27.0, changed=524, unchanged=550, early_stops=8/8
26 - INFO - chord#: 22 In build_straw_man_chord_sa. tolerance = 1, sa_iterations = 1000, initial_temperature = 3.0, cooling_rate = 0.999
26 - INFO - chord#: 22 done. best_score=27.0, changed=517, unchanged=427, early_stops=8/8
26 - INFO - chord#: 24 In build_straw_man_chord_sa. tolerance = 1, sa_iterations = 1000, initial_temperature = 3.0, cooling_rate = 0.999
26 - INFO - chord#: 24 done. best_score=27.0, changed=522, unchanged=359, early_stops=8/8
26 - INFO - chord#: 28 In build_straw_man_chord_sa. tolerance = 1, sa_iterations = 1000, initial_temperature = 3.0, cooling_rate = 0.999
26 - INFO - chord#: 28 done. best_score=27.0, changed=520, unchanged=337, early_stops=8/8
26 - INFO - chord#: 32 In build_straw_man_chord_sa. tolerance = 1, sa_iterations = 1000, initial_temperature = 3.0, cooling_rate = 0.999
26 - INFO - chord#: 28 done. best_score=27.0, changed=510, unchanged=328, early_stops=8/8
26 - INFO - chord#: 32 In build_straw_man_chord_sa. tolerance = 1, sa_iterations = 1000, initial_temperature = 3.0, cooling_rate = 0.999
26 - INFO - chord#: 32 done. best_score=27.0, changed=521, unchanged=407, early_stops=8/8
26 - INFO - chord#: 34 In build_straw_man_chord_sa. tolerance = 1, sa_iterations = 1000, initial_temperature = 3.0, cooling_rate = 0.999
26 - INFO - chord#: 24 done. best_score=27.0, changed=521, unchanged=438, early_stops=8/8
26 - INFO - chord#: 28 In build_straw_man_chord_sa. tolerance = 1, sa_iterations = 1000, initial_temperature = 3.0, cooling_rate = 0.999
26 - INFO - chord#: 34 done. best_score=93.0, changed=614, unchanged=327, early_stops=8/8
26 - INFO - chord#: 36 In build_straw_man_chord_sa. tolerance = 1, sa_iterations = 1000, initial_temperature = 3.0, cooling_rate = 0.999
26 - INFO - chord#: 34 done. best_score=96.0, changed=606, unchanged=229, early_stops=8/8
26 - INFO - chord#: 36 In build_straw_man_chord_sa. tolerance = 1, sa_iterations = 1000, initial_temperature = 3.0, cooling_rate = 0.999
26 - INFO - chord#: 34 done. best_score=96.0, changed=609, unchanged=283, early_stops=8/8
26 - INFO - chord#: 36 In build_straw_man_chord_sa. tolerance = 1, sa_iterations = 1000, initial_temperature = 3.0, cooling_rate = 0.999
26 - INFO - chord#: 34 done. best_score=75.0, changed=610, unchanged=349, early_stops=8/8
26 - INFO - chord#: 36 In build_straw_man_chord_sa. tolerance = 1, sa_iterations = 1000, initial_temperature = 3.0, cooling_rate = 0.999
26 - INFO - chord#: 22 done. best_score=27.0, changed=527, unchanged=592, early_stops=8/8
26 - INFO - chord#: 24 In build_straw_man_chord_sa. tolerance = 1, sa_iterations = 1000, initial_temperature = 3.0, cooling_rate = 0.999
26 - INFO - chord#: 24 done. best_score=27.0, changed=522, unchanged=397, early_stops=8/8
26 - INFO - chord#: 28 In build_straw_man_chord_sa. tolerance = 1, sa_iterations = 1000, initial_temperature = 3.0, cooling_rate = 0.999
26 - INFO - chord#: 28 done. best_score=27.0, changed=520, unchanged=442, early_stops=8/8
26 - INFO - chord#: 32 In build_straw_man_chord_sa. tolerance = 1, sa_iterations = 1000, initial_temperature = 3.0, cooling_rate = 0.999
26 - INFO - chord#: 34 done. best_score=94.0, changed=613, unchanged=332, early_stops=8/8
26 - INFO - chord#: 36 In build_straw_man_chord_sa. tolerance = 1, sa_iterations = 1000, initial_temperature = 3.0, cooling_rate = 0.999
26 - INFO - chord#: 36 done. best_score=27.0, changed=522, unchanged=399, early_stops=8/8
26 - INFO - chord#: 38 In build_straw_man_chord_sa. tolerance = 1, sa_iterations = 1000, initial_temperature = 3.0, cooling_rate = 0.999
26 - INFO - chord#: 36 done. best_score=27.0, changed=521, unchanged=352, early_stops=8/8
26 - INFO - chord#: 38 In build_straw_man_chord_sa. tolerance = 1, sa_iterations = 1000, initial_temperature = 3.0, cooling_rate = 0.999
26 - INFO - chord#: 36 done. best_score=27.0, changed=511, unchanged=351, early_stops=8/8
26 - INFO - chord#: 38 In build_straw_man_chord_sa. tolerance = 1, sa_iterations = 1000, initial_temperature = 3.0, cooling_rate = 0.999
26 - INFO - chord#: 28 done. best_score=27.0, changed=518, unchanged=328, early_stops=8/8
26 - INFO - chord#: 32 In build_straw_man_chord_sa. tolerance = 1, sa_iterations = 1000, initial_temperature = 3.0, cooling_rate = 0.999
26 - INFO - chord#: 32 done. best_score=27.0, changed=520, unchanged=438, early_stops=8/8
26 - INFO - chord#: 34 In build_straw_man_chord_sa. tolerance = 1, sa_iterations = 1000, initial_temperature = 3.0, cooling_rate = 0.999
26 - INFO - chord#: 32 done. best_score=27.0, changed=519, unchanged=584, early_stops=8/8
26 - INFO - chord#: 34 In build_straw_man_chord_sa. tolerance = 1, sa_iterations = 1000, initial_temperature = 3.0, cooling_rate = 0.999
26 - INFO - chord#: 36 done. best_score=27.0, changed=518, unchanged=502, early_stops=8/8
26 - INFO - chord#: 38 In build_straw_man_chord_sa. tolerance = 1, sa_iterations = 1000, initial_temperature = 3.0, cooling_rate = 0.999
26 - INFO - chord#: 28 done. best_score=27.0, changed=513, unchanged=364, early_stops=8/8
26 - INFO - chord#: 32 In build_straw_man_chord_sa. tolerance = 1, sa_iterations = 1000, initial_temperature = 3.0, cooling_rate = 0.999
26 - INFO - chord#: 36 done. best_score=27.0, changed=514, unchanged=407, early_stops=8/8
26 - INFO - chord#: 38 In build_straw_man_chord_sa. tolerance = 1, sa_iterations = 1000, initial_temperature = 3.0, cooling_rate = 0.999
26 - INFO - chord#: 24 done. best_score=27.0, changed=526, unchanged=576, early_stops=8/8
26 - INFO - chord#: 28 In build_straw_man_chord_sa. tolerance = 1, sa_iterations = 1000, initial_temperature = 3.0, cooling_rate = 0.999
26 - INFO - chord#: 34 done. best_score=96.0, changed=618, unchanged=350, early_stops=8/8
26 - INFO - chord#: 36 In build_straw_man_chord_sa. tolerance = 1, sa_iterations = 1000, initial_temperature = 3.0, cooling_rate = 0.999
26 - INFO - chord#: 32 done. best_score=27.0, changed=525, unchanged=579, early_stops=8/8
26 - INFO - chord#: 34 In build_straw_man_chord_sa. tolerance = 1, sa_iterations = 1000, initial_temperature = 3.0, cooling_rate = 0.999
26 - INFO - chord#: 32 done. best_score=27.0, changed=523, unchanged=506, early_stops=8/8
26 - INFO - chord#: 34 In build_straw_man_chord_sa. tolerance = 1, sa_iterations = 1000, initial_temperature = 3.0, cooling_rate = 0.999
26 - INFO - chord#: 32 done. best_score=27.0, changed=511, unchanged=356, early_stops=8/8
26 - INFO - chord#: 34 In build_straw_man_chord_sa. tolerance = 1, sa_iterations = 1000, initial_temperature = 3.0, cooling_rate = 0.999
26 - INFO - chord#: 36 done. best_score=27.0, changed=530, unchanged=508, early_stops=8/8
26 - INFO - chord#: 38 In build_straw_man_chord_sa. tolerance = 1, sa_iterations = 1000, initial_temperature = 3.0, cooling_rate = 0.999
26 - INFO - chord#: 28 done. best_score=27.0, changed=526, unchanged=524, early_stops=8/8
26 - INFO - chord#: 32 In build_straw_man_chord_sa. tolerance = 1, sa_iterations = 1000, initial_temperature = 3.0, cooling_rate = 0.999
26 - INFO - chord#: 34 done. best_score=94.0, changed=613, unchanged=275, early_stops=8/8
26 - INFO - chord#: 36 In build_straw_man_chord_sa. tolerance = 1, sa_iterations = 1000, initial_temperature = 3.0, cooling_rate = 0.999
26 - INFO - chord#: 38 done. best_score=96.0, changed=613, unchanged=310, early_stops=8/8
26 - INFO - chord#: 40 In build_straw_man_chord_sa. tolerance = 1, sa_iterations = 1000, initial_temperature = 3.0, cooling_rate = 0.999
26 - INFO - chord#: 38 done. best_score=74.0, changed=611, unchanged=429, early_stops=8/8
26 - INFO - chord#: 40 In build_straw_man_chord_sa. tolerance = 1, sa_iterations = 1000, initial_temperature = 3.0, cooling_rate = 0.999
26 - INFO - chord#: 34 done. best_score=93.0, changed=616, unchanged=350, early_stops=8/8
26 - INFO - chord#: 36 In build_straw_man_chord_sa. tolerance = 1, sa_iterations = 1000, initial_temperature = 3.0, cooling_rate = 0.999
26 - INFO - chord#: 38 done. best_score=104.0, changed=610, unchanged=486, early_stops=8/8
26 - INFO - chord#: 40 In build_straw_man_chord_sa. tolerance = 1, sa_iterations = 1000, initial_temperature = 3.0, cooling_rate = 0.999
26 - INFO - chord#: 38 done. best_score=74.0, changed=616, unchanged=490, early_stops=8/8
26 - INFO - chord#: 40 In build_straw_man_chord_sa. tolerance = 1, sa_iterations = 1000, initial_temperature = 3.0, cooling_rate = 0.999
26 - INFO - chord#: 38 done. best_score=74.0, changed=609, unchanged=275, early_stops=8/8
26 - INFO - chord#: 40 In build_straw_man_chord_sa. tolerance = 1, sa_iterations = 1000, initial_temperature = 3.0, cooling_rate = 0.999
26 - INFO - chord#: 40 done. best_score=27.0, changed=518, unchanged=461, early_stops=8/8
26 - INFO - chord#: 42 In build_straw_man_chord_sa. tolerance = 1, sa_iterations = 1000, initial_temperature = 3.0, cooling_rate = 0.999
26 - INFO - chord#: 32 done. best_score=27.0, changed=522, unchanged=443, early_stops=8/8
26 - INFO - chord#: 34 In build_straw_man_chord_sa. tolerance = 1, sa_iterations = 1000, initial_temperature = 3.0, cooling_rate = 0.999
26 - INFO - chord#: 36 done. best_score=27.0, changed=524, unchanged=374, early_stops=8/8
26 - INFO - chord#: 38 In build_straw_man_chord_sa. tolerance = 1, sa_iterations = 1000, initial_temperature = 3.0, cooling_rate = 0.999
26 - INFO - chord#: 40 done. best_score=27.0, changed=518, unchanged=433, early_stops=8/8
26 - INFO - chord#: 42 In build_straw_man_chord_sa. tolerance = 1, sa_iterations = 1000, initial_temperature = 3.0, cooling_rate = 0.999
26 - INFO - chord#: 40 done. best_score=27.0, changed=512, unchanged=369, early_stops=8/8
26 - INFO - chord#: 42 In build_straw_man_chord_sa. tolerance = 1, sa_iterations = 1000, initial_temperature = 3.0, cooling_rate = 0.999
26 - INFO - chord#: 34 done. best_score=93.0, changed=611, unchanged=364, early_stops=8/8
26 - INFO - chord#: 36 In build_straw_man_chord_sa. tolerance = 1, sa_iterations = 1000, initial_temperature = 3.0, cooling_rate = 0.999
26 - INFO - chord#: 36 done. best_score=27.0, changed=527, unchanged=500, early_stops=8/8
26 - INFO - chord#: 38 In build_straw_man_chord_sa. tolerance = 1, sa_iterations = 1000, initial_temperature = 3.0, cooling_rate = 0.999
26 - INFO - chord#: 40 done. best_score=27.0, changed=523, unchanged=517, early_stops=8/8
26 - INFO - chord#: 42 In build_straw_man_chord_sa. tolerance = 1, sa_iterations = 1000, initial_temperature = 3.0, cooling_rate = 0.999
26 - INFO - chord#: 40 done. best_score=27.0, changed=523, unchanged=417, early_stops=8/8
26 - INFO - chord#: 42 In build_straw_man_chord_sa. tolerance = 1, sa_iterations = 1000, initial_temperature = 3.0, cooling_rate = 0.999
26 - INFO - chord#: 38 done. best_score=146.0, changed=614, unchanged=280, early_stops=8/8
26 - INFO - chord#: 40 In build_straw_man_chord_sa. tolerance = 1, sa_iterations = 1000, initial_temperature = 3.0, cooling_rate = 0.999
26 - INFO - chord#: 42 done. best_score=27.0, changed=525, unchanged=373, early_stops=8/8
26 - INFO - chord#: 44 In build_straw_man_chord_sa. tolerance = 1, sa_iterations = 1000, initial_temperature = 3.0, cooling_rate = 0.999
26 - INFO - chord#: 42 done. best_score=27.0, changed=521, unchanged=411, early_stops=8/8
26 - INFO - chord#: 44 In build_straw_man_chord_sa. tolerance = 1, sa_iterations = 1000, initial_temperature = 3.0, cooling_rate = 0.999
26 - INFO - chord#: 34 done. best_score=93.0, changed=616, unchanged=507, early_stops=8/8
26 - INFO - chord#: 36 In build_straw_man_chord_sa. tolerance = 1, sa_iterations = 1000, initial_temperature = 3.0, cooling_rate = 0.999
26 - INFO - chord#: 42 done. best_score=27.0, changed=529, unchanged=428, early_stops=8/8
26 - INFO - chord#: 44 In build_straw_man_chord_sa. tolerance = 1, sa_iterations = 1000, initial_temperature = 3.0, cooling_rate = 0.999
26 - INFO - chord#: 34 done. best_score=94.0, changed=615, unchanged=332, early_stops=8/8
26 - INFO - chord#: 36 In build_straw_man_chord_sa. tolerance = 1, sa_iterations = 1000, initial_temperature = 3.0, cooling_rate = 0.999
26 - INFO - chord#: 42 done. best_score=27.0, changed=520, unchanged=319, early_stops=8/8
26 - INFO - chord#: 44 In build_straw_man_chord_sa. tolerance = 1, sa_iterations = 1000, initial_temperature = 3.0, cooling_rate = 0.999
26 - INFO - chord#: 36 done. best_score=27.0, changed=527, unchanged=418, early_stops=8/8
26 - INFO - chord#: 38 In build_straw_man_chord_sa. tolerance = 1, sa_iterations = 1000, initial_temperature = 3.0, cooling_rate = 0.999
26 - INFO - chord#: 42 done. best_score=27.0, changed=531, unchanged=342, early_stops=8/8
26 - INFO - chord#: 44 In build_straw_man_chord_sa. tolerance = 1, sa_iterations = 1000, initial_temperature = 3.0, cooling_rate = 0.999
26 - INFO - chord#: 40 done. best_score=27.0, changed=511, unchanged=380, early_stops=8/8
26 - INFO - chord#: 42 In build_straw_man_chord_sa. tolerance = 1, sa_iterations = 1000, initial_temperature = 3.0, cooling_rate = 0.999
26 - INFO - chord#: 44 done. best_score=27.0, changed=520, unchanged=405, early_stops=8/8
26 - INFO - chord#: 46 In build_straw_man_chord_sa. tolerance = 1, sa_iterations = 1000, initial_temperature = 3.0, cooling_rate = 0.999
26 - INFO - chord#: 44 done. best_score=27.0, changed=520, unchanged=452, early_stops=8/8
26 - INFO - chord#: 46 In build_straw_man_chord_sa. tolerance = 1, sa_iterations = 1000, initial_temperature = 3.0, cooling_rate = 0.999
26 - INFO - chord#: 44 done. best_score=27.0, changed=519, unchanged=399, early_stops=8/8
26 - INFO - chord#: 46 In build_straw_man_chord_sa. tolerance = 1, sa_iterations = 1000, initial_temperature = 3.0, cooling_rate = 0.999
26 - INFO - chord#: 36 done. best_score=27.0, changed=522, unchanged=429, early_stops=8/8
26 - INFO - chord#: 38 In build_straw_man_chord_sa. tolerance = 1, sa_iterations = 1000, initial_temperature = 3.0, cooling_rate = 0.999
26 - INFO - chord#: 44 done. best_score=27.0, changed=518, unchanged=459, early_stops=8/8
26 - INFO - chord#: 46 In build_straw_man_chord_sa. tolerance = 1, sa_iterations = 1000, initial_temperature = 3.0, cooling_rate = 0.999
26 - INFO - chord#: 34 done. best_score=93.0, changed=613, unchanged=282, early_stops=8/8
26 - INFO - chord#: 36 In build_straw_man_chord_sa. tolerance = 1, sa_iterations = 1000, initial_temperature = 3.0, cooling_rate = 0.999
26 - INFO - chord#: 36 done. best_score=27.0, changed=531, unchanged=477, early_stops=8/8
26 - INFO - chord#: 38 In build_straw_man_chord_sa. tolerance = 1, sa_iterations = 1000, initial_temperature = 3.0, cooling_rate = 0.999
26 - INFO - chord#: 42 done. best_score=27.0, changed=521, unchanged=409, early_stops=8/8
26 - INFO - chord#: 44 In build_straw_man_chord_sa. tolerance = 1, sa_iterations = 1000, initial_temperature = 3.0, cooling_rate = 0.999
26 - INFO - chord#: 38 done. best_score=96.0, changed=614, unchanged=333, early_stops=8/8
26 - INFO - chord#: 40 In build_straw_man_chord_sa. tolerance = 1, sa_iterations = 1000, initial_temperature = 3.0, cooling_rate = 0.999
26 - INFO - chord#: 44 done. best_score=27.0, changed=525, unchanged=467, early_stops=8/8
26 - INFO - chord#: 46 In build_straw_man_chord_sa. tolerance = 1, sa_iterations = 1000, initial_temperature = 3.0, cooling_rate = 0.999
26 - INFO - chord#: 38 done. best_score=74.0, changed=615, unchanged=379, early_stops=8/8
26 - INFO - chord#: 40 In build_straw_man_chord_sa. tolerance = 1, sa_iterations = 1000, initial_temperature = 3.0, cooling_rate = 0.999
26 - INFO - chord#: 44 done. best_score=27.0, changed=519, unchanged=458, early_stops=8/8
26 - INFO - chord#: 46 In build_straw_man_chord_sa. tolerance = 1, sa_iterations = 1000, initial_temperature = 3.0, cooling_rate = 0.999
26 - INFO - chord#: 36 done. best_score=27.0, changed=517, unchanged=326, early_stops=8/8
26 - INFO - chord#: 38 In build_straw_man_chord_sa. tolerance = 1, sa_iterations = 1000, initial_temperature = 3.0, cooling_rate = 0.999
26 - INFO - chord#: 40 done. best_score=27.0, changed=524, unchanged=409, early_stops=8/8
26 - INFO - chord#: 42 In build_straw_man_chord_sa. tolerance = 1, sa_iterations = 1000, initial_temperature = 3.0, cooling_rate = 0.999
26 - INFO - chord#: 46 done. best_score=64.0, changed=609, unchanged=270, early_stops=8/8
26 - INFO - chord#: 48 In build_straw_man_chord_sa. tolerance = 1, sa_iterations = 1000, initial_temperature = 3.0, cooling_rate = 0.999
26 - INFO - chord#: 46 done. best_score=104.0, changed=611, unchanged=288, early_stops=8/8
26 - INFO - chord#: 48 In build_straw_man_chord_sa. tolerance = 1, sa_iterations = 1000, initial_temperature = 3.0, cooling_rate = 0.999
26 - INFO - chord#: 46 done. best_score=64.0, changed=611, unchanged=303, early_stops=8/8
26 - INFO - chord#: 48 In build_straw_man_chord_sa. tolerance = 1, sa_iterations = 1000, initial_temperature = 3.0, cooling_rate = 0.999
26 - INFO - chord#: 46 done. best_score=64.0, changed=612, unchanged=346, early_stops=8/8
26 - INFO - chord#: 48 In build_straw_man_chord_sa. tolerance = 1, sa_iterations = 1000, initial_temperature = 3.0, cooling_rate = 0.999
26 - INFO - chord#: 42 done. best_score=27.0, changed=524, unchanged=336, early_stops=8/8
26 - INFO - chord#: 44 In build_straw_man_chord_sa. tolerance = 1, sa_iterations = 1000, initial_temperature = 3.0, cooling_rate = 0.999
26 - INFO - chord#: 40 done. best_score=27.0, changed=520, unchanged=510, early_stops=8/8
26 - INFO - chord#: 42 In build_straw_man_chord_sa. tolerance = 1, sa_iterations = 1000, initial_temperature = 3.0, cooling_rate = 0.999
26 - INFO - chord#: 38 done. best_score=74.0, changed=616, unchanged=408, early_stops=8/8
26 - INFO - chord#: 40 In build_straw_man_chord_sa. tolerance = 1, sa_iterations = 1000, initial_temperature = 3.0, cooling_rate = 0.999
26 - INFO - chord#: 46 done. best_score=201.0, changed=614, unchanged=263, early_stops=8/8
26 - INFO - chord#: 48 In build_straw_man_chord_sa. tolerance = 1, sa_iterations = 1000, initial_temperature = 3.0, cooling_rate = 0.999
26 - INFO - chord#: 38 done. best_score=74.0, changed=615, unchanged=346, early_stops=8/8
26 - INFO - chord#: 40 In build_straw_man_chord_sa. tolerance = 1, sa_iterations = 1000, initial_temperature = 3.0, cooling_rate = 0.999
26 - INFO - chord#: 46 done. best_score=146.0, changed=614, unchanged=232, early_stops=8/8
26 - INFO - chord#: 48 In build_straw_man_chord_sa. tolerance = 1, sa_iterations = 1000, initial_temperature = 3.0, cooling_rate = 0.999
26 - INFO - chord#: 38 done. best_score=96.0, changed=612, unchanged=327, early_stops=8/8
26 - INFO - chord#: 40 In build_straw_man_chord_sa. tolerance = 1, sa_iterations = 1000, initial_temperature = 3.0, cooling_rate = 0.999
26 - INFO - chord#: 44 done. best_score=27.0, changed=524, unchanged=440, early_stops=8/8
26 - INFO - chord#: 46 In build_straw_man_chord_sa. tolerance = 1, sa_iterations = 1000, initial_temperature = 3.0, cooling_rate = 0.999
26 - INFO - chord#: 48 done. best_score=157.0, changed=617, unchanged=240, early_stops=8/8
26 - INFO - chord#: 50 In build_straw_man_chord_sa. tolerance = 1, sa_iterations = 1000, initial_temperature = 3.0, cooling_rate = 0.999
26 - INFO - chord#: 48 done. best_score=125.0, changed=608, unchanged=305, early_stops=8/8
26 - INFO - chord#: 50 In build_straw_man_chord_sa. tolerance = 1, sa_iterations = 1000, initial_temperature = 3.0, cooling_rate = 0.999
26 - INFO - chord#: 42 done. best_score=27.0, changed=528, unchanged=329, early_stops=8/8
26 - INFO - chord#: 44 In build_straw_man_chord_sa. tolerance = 1, sa_iterations = 1000, initial_temperature = 3.0, cooling_rate = 0.999
26 - INFO - chord#: 40 done. best_score=36.0, changed=516, unchanged=388, early_stops=8/8
26 - INFO - chord#: 42 In build_straw_man_chord_sa. tolerance = 1, sa_iterations = 1000, initial_temperature = 3.0, cooling_rate = 0.999
26 - INFO - chord#: 48 done. best_score=172.0, changed=612, unchanged=336, early_stops=8/8
26 - INFO - chord#: 50 In build_straw_man_chord_sa. tolerance = 1, sa_iterations = 1000, initial_temperature = 3.0, cooling_rate = 0.999
26 - INFO - chord#: 40 done. best_score=27.0, changed=521, unchanged=356, early_stops=8/8
26 - INFO - chord#: 42 In build_straw_man_chord_sa. tolerance = 1, sa_iterations = 1000, initial_temperature = 3.0, cooling_rate = 0.999
26 - INFO - chord#: 38 done. best_score=74.0, changed=611, unchanged=323, early_stops=8/8
26 - INFO - chord#: 40 In build_straw_man_chord_sa. tolerance = 1, sa_iterations = 1000, initial_temperature = 3.0, cooling_rate = 0.999
26 - INFO - chord#: 50 done. best_score=27.0, changed=517, unchanged=412, early_stops=8/8
26 - INFO - chord#: 51 In build_straw_man_chord_sa. tolerance = 1, sa_iterations = 1000, initial_temperature = 3.0, cooling_rate = 0.999
26 - INFO - chord#: 50 done. best_score=27.0, changed=513, unchanged=339, early_stops=8/8
26 - INFO - chord#: 51 In build_straw_man_chord_sa. tolerance = 1, sa_iterations = 1000, initial_temperature = 3.0, cooling_rate = 0.999
26 - INFO - chord#: 48 done. best_score=154.0, changed=616, unchanged=355, early_stops=8/8
26 - INFO - chord#: 50 In build_straw_man_chord_sa. tolerance = 1, sa_iterations = 1000, initial_temperature = 3.0, cooling_rate = 0.999
26 - INFO - chord#: 50 done. best_score=27.0, changed=513, unchanged=397, early_stops=8/8
26 - INFO - chord#: 51 In build_straw_man_chord_sa. tolerance = 1, sa_iterations = 1000, initial_temperature = 3.0, cooling_rate = 0.999
26 - INFO - chord#: 42 done. best_score=27.0, changed=529, unchanged=368, early_stops=8/8
26 - INFO - chord#: 44 In build_straw_man_chord_sa. tolerance = 1, sa_iterations = 1000, initial_temperature = 3.0, cooling_rate = 0.999
26 - INFO - chord#: 44 done. best_score=27.0, changed=521, unchanged=392, early_stops=8/8
26 - INFO - chord#: 46 In build_straw_man_chord_sa. tolerance = 1, sa_iterations = 1000, initial_temperature = 3.0, cooling_rate = 0.999
26 - INFO - chord#: 40 done. best_score=27.0, changed=525, unchanged=630, early_stops=8/8
26 - INFO - chord#: 42 In build_straw_man_chord_sa. tolerance = 1, sa_iterations = 1000, initial_temperature = 3.0, cooling_rate = 0.999
26 - INFO - chord#: 46 done. best_score=104.0, changed=609, unchanged=271, early_stops=8/8
26 - INFO - chord#: 48 In build_straw_man_chord_sa. tolerance = 1, sa_iterations = 1000, initial_temperature = 3.0, cooling_rate = 0.999
26 - INFO - chord#: 51 done. best_score=36.0, changed=523, unchanged=380, early_stops=8/8
26 - INFO - chord#: 52 In build_straw_man_chord_sa. tolerance = 1, sa_iterations = 1000, initial_temperature = 3.0, cooling_rate = 0.999
26 - INFO - chord#: 42 done. best_score=27.0, changed=530, unchanged=350, early_stops=8/8
26 - INFO - chord#: 44 In build_straw_man_chord_sa. tolerance = 1, sa_iterations = 1000, initial_temperature = 3.0, cooling_rate = 0.999
26 - INFO - chord#: 48 done. best_score=157.0, changed=617, unchanged=364, early_stops=8/8
26 - INFO - chord#: 50 In build_straw_man_chord_sa. tolerance = 1, sa_iterations = 1000, initial_temperature = 3.0, cooling_rate = 0.999
26 - INFO - chord#: 51 done. best_score=36.0, changed=527, unchanged=536, early_stops=8/8
26 - INFO - chord#: 52 In build_straw_man_chord_sa. tolerance = 1, sa_iterations = 1000, initial_temperature = 3.0, cooling_rate = 0.999
26 - INFO - chord#: 50 done. best_score=27.0, changed=523, unchanged=417, early_stops=8/8
26 - INFO - chord#: 51 In build_straw_man_chord_sa. tolerance = 1, sa_iterations = 1000, initial_temperature = 3.0, cooling_rate = 0.999
26 - INFO - chord#: 40 done. best_score=27.0, changed=529, unchanged=451, early_stops=8/8
26 - INFO - chord#: 42 In build_straw_man_chord_sa. tolerance = 1, sa_iterations = 1000, initial_temperature = 3.0, cooling_rate = 0.999
26 - INFO - chord#: 51 done. best_score=36.0, changed=524, unchanged=481, early_stops=8/8
26 - INFO - chord#: 52 In build_straw_man_chord_sa. tolerance = 1, sa_iterations = 1000, initial_temperature = 3.0, cooling_rate = 0.999
26 - INFO - chord#: 42 done. best_score=27.0, changed=523, unchanged=337, early_stops=8/8
26 - INFO - chord#: 44 In build_straw_man_chord_sa. tolerance = 1, sa_iterations = 1000, initial_temperature = 3.0, cooling_rate = 0.999
26 - INFO - chord#: 44 done. best_score=27.0, changed=517, unchanged=440, early_stops=8/8
26 - INFO - chord#: 46 In build_straw_man_chord_sa. tolerance = 1, sa_iterations = 1000, initial_temperature = 3.0, cooling_rate = 0.999
26 - INFO - chord#: 48 done. best_score=140.0, changed=609, unchanged=487, early_stops=8/8
26 - INFO - chord#: 50 In build_straw_man_chord_sa. tolerance = 1, sa_iterations = 1000, initial_temperature = 3.0, cooling_rate = 0.999
26 - INFO - chord#: 52 done. best_score=27.0, changed=531, unchanged=519, early_stops=8/8
26 - INFO - chord#: 54 In build_straw_man_chord_sa. tolerance = 1, sa_iterations = 1000, initial_temperature = 3.0, cooling_rate = 0.999
26 - INFO - chord#: 50 done. best_score=27.0, changed=517, unchanged=421, early_stops=8/8
26 - INFO - chord#: 51 In build_straw_man_chord_sa. tolerance = 1, sa_iterations = 1000, initial_temperature = 3.0, cooling_rate = 0.999
26 - INFO - chord#: 51 done. best_score=36.0, changed=525, unchanged=483, early_stops=8/8
26 - INFO - chord#: 52 In build_straw_man_chord_sa. tolerance = 1, sa_iterations = 1000, initial_temperature = 3.0, cooling_rate = 0.999
26 - INFO - chord#: 52 done. best_score=27.0, changed=525, unchanged=454, early_stops=8/8
26 - INFO - chord#: 54 In build_straw_man_chord_sa. tolerance = 1, sa_iterations = 1000, initial_temperature = 3.0, cooling_rate = 0.999
26 - INFO - chord#: 44 done. best_score=27.0, changed=516, unchanged=417, early_stops=8/8
26 - INFO - chord#: 46 In build_straw_man_chord_sa. tolerance = 1, sa_iterations = 1000, initial_temperature = 3.0, cooling_rate = 0.999
26 - INFO - chord#: 42 done. best_score=27.0, changed=519, unchanged=404, early_stops=8/8
26 - INFO - chord#: 44 In build_straw_man_chord_sa. tolerance = 1, sa_iterations = 1000, initial_temperature = 3.0, cooling_rate = 0.999
26 - INFO - chord#: 52 done. best_score=27.0, changed=523, unchanged=386, early_stops=8/8
26 - INFO - chord#: 54 In build_straw_man_chord_sa. tolerance = 1, sa_iterations = 1000, initial_temperature = 3.0, cooling_rate = 0.999
26 - INFO - chord#: 48 done. best_score=154.0, changed=608, unchanged=247, early_stops=8/8
26 - INFO - chord#: 50 In build_straw_man_chord_sa. tolerance = 1, sa_iterations = 1000, initial_temperature = 3.0, cooling_rate = 0.999
26 - INFO - chord#: 46 done. best_score=146.0, changed=616, unchanged=288, early_stops=8/8
26 - INFO - chord#: 48 In build_straw_man_chord_sa. tolerance = 1, sa_iterations = 1000, initial_temperature = 3.0, cooling_rate = 0.999
26 - INFO - chord#: 54 done. best_score=27.0, changed=518, unchanged=401, early_stops=8/8
26 - INFO - chord#: 55 In build_straw_man_chord_sa. tolerance = 1, sa_iterations = 1000, initial_temperature = 3.0, cooling_rate = 0.999
26 - INFO - chord#: 54 done. best_score=27.0, changed=514, unchanged=305, early_stops=8/8
26 - INFO - chord#: 55 In build_straw_man_chord_sa. tolerance = 1, sa_iterations = 1000, initial_temperature = 3.0, cooling_rate = 0.999
26 - INFO - chord#: 44 done. best_score=27.0, changed=537, unchanged=545, early_stops=8/8
26 - INFO - chord#: 46 In build_straw_man_chord_sa. tolerance = 1, sa_iterations = 1000, initial_temperature = 3.0, cooling_rate = 0.999
26 - INFO - chord#: 50 done. best_score=27.0, changed=528, unchanged=507, early_stops=8/8
26 - INFO - chord#: 51 In build_straw_man_chord_sa. tolerance = 1, sa_iterations = 1000, initial_temperature = 3.0, cooling_rate = 0.999
26 - INFO - chord#: 52 done. best_score=27.0, changed=524, unchanged=346, early_stops=8/8
26 - INFO - chord#: 54 In build_straw_man_chord_sa. tolerance = 1, sa_iterations = 1000, initial_temperature = 3.0, cooling_rate = 0.999
26 - INFO - chord#: 51 done. best_score=36.0, changed=523, unchanged=453, early_stops=8/8
26 - INFO - chord#: 52 In build_straw_man_chord_sa. tolerance = 1, sa_iterations = 1000, initial_temperature = 3.0, cooling_rate = 0.999
26 - INFO - chord#: 54 done. best_score=27.0, changed=531, unchanged=453, early_stops=8/8
26 - INFO - chord#: 55 In build_straw_man_chord_sa. tolerance = 1, sa_iterations = 1000, initial_temperature = 3.0, cooling_rate = 0.999
26 - INFO - chord#: 50 done. best_score=27.0, changed=514, unchanged=398, early_stops=8/8
26 - INFO - chord#: 44 done. best_score=27.0, changed=522, unchanged=531, early_stops=8/8
26 - INFO - chord#: 46 In build_straw_man_chord_sa. tolerance = 1, sa_iterations = 1000, initial_temperature = 3.0, cooling_rate = 0.999
26 - INFO - chord#: 51 In build_straw_man_chord_sa. tolerance = 1, sa_iterations = 1000, initial_temperature = 3.0, cooling_rate = 0.999
26 - INFO - chord#: 46 done. best_score=171.0, changed=611, unchanged=235, early_stops=8/8
26 - INFO - chord#: 48 In build_straw_man_chord_sa. tolerance = 1, sa_iterations = 1000, initial_temperature = 3.0, cooling_rate = 0.999
26 - INFO - chord#: 54 done. best_score=27.0, changed=521, unchanged=333, early_stops=8/8
26 - INFO - chord#: 55 In build_straw_man_chord_sa. tolerance = 1, sa_iterations = 1000, initial_temperature = 3.0, cooling_rate = 0.999
26 - INFO - chord#: 51 done. best_score=36.0, changed=524, unchanged=412, early_stops=8/8
26 - INFO - chord#: 52 In build_straw_man_chord_sa. tolerance = 1, sa_iterations = 1000, initial_temperature = 3.0, cooling_rate = 0.999
26 - INFO - chord#: 52 done. best_score=27.0, changed=531, unchanged=614, early_stops=8/8
26 - INFO - chord#: 54 In build_straw_man_chord_sa. tolerance = 1, sa_iterations = 1000, initial_temperature = 3.0, cooling_rate = 0.999
26 - INFO - chord#: 51 done. best_score=36.0, changed=521, unchanged=331, early_stops=8/8
26 - INFO - chord#: 52 In build_straw_man_chord_sa. tolerance = 1, sa_iterations = 1000, initial_temperature = 3.0, cooling_rate = 0.999
26 - INFO - chord#: 55 done. best_score=149.0, changed=607, unchanged=233, early_stops=8/8
26 - INFO - chord#: 56 In build_straw_man_chord_sa. tolerance = 1, sa_iterations = 1000, initial_temperature = 3.0, cooling_rate = 0.999
26 - INFO - chord#: 46 done. best_score=64.0, changed=613, unchanged=398, early_stops=8/8
26 - INFO - chord#: 48 In build_straw_man_chord_sa. tolerance = 1, sa_iterations = 1000, initial_temperature = 3.0, cooling_rate = 0.999
26 - INFO - chord#: 55 done. best_score=96.0, changed=610, unchanged=312, early_stops=8/8
26 - INFO - chord#: 56 In build_straw_man_chord_sa. tolerance = 1, sa_iterations = 1000, initial_temperature = 3.0, cooling_rate = 0.999
26 - INFO - chord#: 54 done. best_score=27.0, changed=525, unchanged=412, early_stops=8/8
26 - INFO - chord#: 55 In build_straw_man_chord_sa. tolerance = 1, sa_iterations = 1000, initial_temperature = 3.0, cooling_rate = 0.999
26 - INFO - chord#: 52 done. best_score=27.0, changed=517, unchanged=444, early_stops=8/8
26 - INFO - chord#: 54 In build_straw_man_chord_sa. tolerance = 1, sa_iterations = 1000, initial_temperature = 3.0, cooling_rate = 0.999
26 - INFO - chord#: 52 done. best_score=27.0, changed=516, unchanged=405, early_stops=8/8
26 - INFO - chord#: 54 In build_straw_man_chord_sa. tolerance = 1, sa_iterations = 1000, initial_temperature = 3.0, cooling_rate = 0.999
26 - INFO - chord#: 48 done. best_score=146.0, changed=619, unchanged=349, early_stops=8/8
26 - INFO - chord#: 50 In build_straw_man_chord_sa. tolerance = 1, sa_iterations = 1000, initial_temperature = 3.0, cooling_rate = 0.999
26 - INFO - chord#: 55 done. best_score=96.0, changed=614, unchanged=285, early_stops=8/8
26 - INFO - chord#: 56 In build_straw_man_chord_sa. tolerance = 1, sa_iterations = 1000, initial_temperature = 3.0, cooling_rate = 0.999
26 - INFO - chord#: 56 done. best_score=27.0, changed=517, unchanged=322, early_stops=8/8
26 - INFO - chord#: 60 In build_straw_man_chord_sa. tolerance = 1, sa_iterations = 1000, initial_temperature = 3.0, cooling_rate = 0.999
26 - INFO - chord#: 46 done. best_score=64.0, changed=616, unchanged=447, early_stops=8/8
26 - INFO - chord#: 48 In build_straw_man_chord_sa. tolerance = 1, sa_iterations = 1000, initial_temperature = 3.0, cooling_rate = 0.999
26 - INFO - chord#: 46 done. best_score=146.0, changed=614, unchanged=300, early_stops=8/8
26 - INFO - chord#: 48 In build_straw_man_chord_sa. tolerance = 1, sa_iterations = 1000, initial_temperature = 3.0, cooling_rate = 0.999
26 - INFO - chord#: 54 done. best_score=27.0, changed=519, unchanged=398, early_stops=8/8
26 - INFO - chord#: 55 In build_straw_man_chord_sa. tolerance = 1, sa_iterations = 1000, initial_temperature = 3.0, cooling_rate = 0.999
26 - INFO - chord#: 56 done. best_score=27.0, changed=524, unchanged=507, early_stops=8/8
26 - INFO - chord#: 60 In build_straw_man_chord_sa. tolerance = 1, sa_iterations = 1000, initial_temperature = 3.0, cooling_rate = 0.999
26 - INFO - chord#: 55 done. best_score=121.0, changed=611, unchanged=382, early_stops=8/8
26 - INFO - chord#: 56 In build_straw_man_chord_sa. tolerance = 1, sa_iterations = 1000, initial_temperature = 3.0, cooling_rate = 0.999
26 - INFO - chord#: 56 done. best_score=27.0, changed=524, unchanged=341, early_stops=8/8
26 - INFO - chord#: 60 In build_straw_man_chord_sa. tolerance = 1, sa_iterations = 1000, initial_temperature = 3.0, cooling_rate = 0.999
26 - INFO - chord#: 54 done. best_score=27.0, changed=528, unchanged=397, early_stops=8/8
26 - INFO - chord#: 55 In build_straw_man_chord_sa. tolerance = 1, sa_iterations = 1000, initial_temperature = 3.0, cooling_rate = 0.999
26 - INFO - chord#: 60 done. best_score=27.0, changed=517, unchanged=305, early_stops=8/8
26 - INFO - chord#: 64 In build_straw_man_chord_sa. tolerance = 1, sa_iterations = 1000, initial_temperature = 3.0, cooling_rate = 0.999
26 - INFO - chord#: 48 done. best_score=157.0, changed=616, unchanged=398, early_stops=8/8
26 - INFO - chord#: 50 In build_straw_man_chord_sa. tolerance = 1, sa_iterations = 1000, initial_temperature = 3.0, cooling_rate = 0.999
26 - INFO - chord#: 50 done. best_score=27.0, changed=530, unchanged=364, early_stops=8/8
26 - INFO - chord#: 51 In build_straw_man_chord_sa. tolerance = 1, sa_iterations = 1000, initial_temperature = 3.0, cooling_rate = 0.999
26 - INFO - chord#: 60 done. best_score=27.0, changed=526, unchanged=456, early_stops=8/8
26 - INFO - chord#: 64 In build_straw_man_chord_sa. tolerance = 1, sa_iterations = 1000, initial_temperature = 3.0, cooling_rate = 0.999
26 - INFO - chord#: 60 done. best_score=27.0, changed=527, unchanged=410, early_stops=8/8
26 - INFO - chord#: 64 In build_straw_man_chord_sa. tolerance = 1, sa_iterations = 1000, initial_temperature = 3.0, cooling_rate = 0.999
26 - INFO - chord#: 48 done. best_score=64.0, changed=607, unchanged=223, early_stops=8/8
26 - INFO - chord#: 50 In build_straw_man_chord_sa. tolerance = 1, sa_iterations = 1000, initial_temperature = 3.0, cooling_rate = 0.999
26 - INFO - chord#: 64 done. best_score=27.0, changed=530, unchanged=336, early_stops=8/8
26 - INFO - chord#: 66 In build_straw_man_chord_sa. tolerance = 1, sa_iterations = 1000, initial_temperature = 3.0, cooling_rate = 0.999
26 - INFO - chord#: 55 done. best_score=96.0, changed=610, unchanged=288, early_stops=8/8
26 - INFO - chord#: 56 In build_straw_man_chord_sa. tolerance = 1, sa_iterations = 1000, initial_temperature = 3.0, cooling_rate = 0.999
26 - INFO - chord#: 56 done. best_score=27.0, changed=521, unchanged=480, early_stops=8/8
26 - INFO - chord#: 60 In build_straw_man_chord_sa. tolerance = 1, sa_iterations = 1000, initial_temperature = 3.0, cooling_rate = 0.999
26 - INFO - chord#: 51 done. best_score=36.0, changed=521, unchanged=332, early_stops=8/8
26 - INFO - chord#: 52 In build_straw_man_chord_sa. tolerance = 1, sa_iterations = 1000, initial_temperature = 3.0, cooling_rate = 0.999
26 - INFO - chord#: 50 done. best_score=27.0, changed=515, unchanged=480, early_stops=8/8
26 - INFO - chord#: 51 In build_straw_man_chord_sa. tolerance = 1, sa_iterations = 1000, initial_temperature = 3.0, cooling_rate = 0.999
26 - INFO - chord#: 64 done. best_score=27.0, changed=518, unchanged=322, early_stops=8/8
26 - INFO - chord#: 66 In build_straw_man_chord_sa. tolerance = 1, sa_iterations = 1000, initial_temperature = 3.0, cooling_rate = 0.999
26 - INFO - chord#: 64 done. best_score=27.0, changed=520, unchanged=345, early_stops=8/8
26 - INFO - chord#: 66 In build_straw_man_chord_sa. tolerance = 1, sa_iterations = 1000, initial_temperature = 3.0, cooling_rate = 0.999
26 - INFO - chord#: 55 done. best_score=96.0, changed=611, unchanged=250, early_stops=8/8
26 - INFO - chord#: 56 In build_straw_man_chord_sa. tolerance = 1, sa_iterations = 1000, initial_temperature = 3.0, cooling_rate = 0.999
26 - INFO - chord#: 60 done. best_score=27.0, changed=529, unchanged=336, early_stops=8/8
26 - INFO - chord#: 64 In build_straw_man_chord_sa. tolerance = 1, sa_iterations = 1000, initial_temperature = 3.0, cooling_rate = 0.999
26 - INFO - chord#: 66 done. best_score=27.0, changed=522, unchanged=440, early_stops=8/8
26 - INFO - chord#: 68 In build_straw_man_chord_sa. tolerance = 1, sa_iterations = 1000, initial_temperature = 3.0, cooling_rate = 0.999
26 - INFO - chord#: 50 done. best_score=27.0, changed=512, unchanged=378, early_stops=8/8
26 - INFO - chord#: 51 In build_straw_man_chord_sa. tolerance = 1, sa_iterations = 1000, initial_temperature = 3.0, cooling_rate = 0.999
26 - INFO - chord#: 56 done. best_score=27.0, changed=524, unchanged=466, early_stops=8/8
26 - INFO - chord#: 60 In build_straw_man_chord_sa. tolerance = 1, sa_iterations = 1000, initial_temperature = 3.0, cooling_rate = 0.999
26 - INFO - chord#: 48 done. best_score=64.0, changed=617, unchanged=317, early_stops=8/8
26 - INFO - chord#: 50 In build_straw_man_chord_sa. tolerance = 1, sa_iterations = 1000, initial_temperature = 3.0, cooling_rate = 0.999
26 - INFO - chord#: 48 done. best_score=64.0, changed=612, unchanged=306, early_stops=8/8
26 - INFO - chord#: 50 In build_straw_man_chord_sa. tolerance = 1, sa_iterations = 1000, initial_temperature = 3.0, cooling_rate = 0.999
26 - INFO - chord#: 66 done. best_score=27.0, changed=523, unchanged=345, early_stops=8/8
26 - INFO - chord#: 68 In build_straw_man_chord_sa. tolerance = 1, sa_iterations = 1000, initial_temperature = 3.0, cooling_rate = 0.999
26 - INFO - chord#: 51 done. best_score=36.0, changed=524, unchanged=388, early_stops=8/8
26 - INFO - chord#: 66 done. best_score=27.0, changed=518, unchanged=359, early_stops=8/8
26 - INFO - chord#: 52 In build_straw_man_chord_sa. tolerance = 1, sa_iterations = 1000, initial_temperature = 3.0, cooling_rate = 0.999
26 - INFO - chord#: 68 In build_straw_man_chord_sa. tolerance = 1, sa_iterations = 1000, initial_temperature = 3.0, cooling_rate = 0.999
26 - INFO - chord#: 52 done. best_score=27.0, changed=517, unchanged=396, early_stops=8/8
26 - INFO - chord#: 54 In build_straw_man_chord_sa. tolerance = 1, sa_iterations = 1000, initial_temperature = 3.0, cooling_rate = 0.999
26 - INFO - chord#: 64 done. best_score=27.0, changed=528, unchanged=367, early_stops=8/8
26 - INFO - chord#: 66 In build_straw_man_chord_sa. tolerance = 1, sa_iterations = 1000, initial_temperature = 3.0, cooling_rate = 0.999
26 - INFO - chord#: 56 done. best_score=27.0, changed=524, unchanged=432, early_stops=8/8
26 - INFO - chord#: 60 In build_straw_man_chord_sa. tolerance = 1, sa_iterations = 1000, initial_temperature = 3.0, cooling_rate = 0.999
26 - INFO - chord#: 60 done. best_score=27.0, changed=516, unchanged=385, early_stops=8/8
26 - INFO - chord#: 64 In build_straw_man_chord_sa. tolerance = 1, sa_iterations = 1000, initial_temperature = 3.0, cooling_rate = 0.999
26 - INFO - chord#: 68 done. best_score=27.0, changed=524, unchanged=431, early_stops=8/8
26 - INFO - chord#: 70 In build_straw_man_chord_sa. tolerance = 1, sa_iterations = 1000, initial_temperature = 3.0, cooling_rate = 0.999
26 - INFO - chord#: 55 done. best_score=74.0, changed=613, unchanged=395, early_stops=8/8
26 - INFO - chord#: 56 In build_straw_man_chord_sa. tolerance = 1, sa_iterations = 1000, initial_temperature = 3.0, cooling_rate = 0.999
26 - INFO - chord#: 51 done. best_score=36.0, changed=523, unchanged=403, early_stops=8/8
26 - INFO - chord#: 52 In build_straw_man_chord_sa. tolerance = 1, sa_iterations = 1000, initial_temperature = 3.0, cooling_rate = 0.999
26 - INFO - chord#: 50 done. best_score=27.0, changed=518, unchanged=385, early_stops=8/8
26 - INFO - chord#: 51 In build_straw_man_chord_sa. tolerance = 1, sa_iterations = 1000, initial_temperature = 3.0, cooling_rate = 0.999
26 - INFO - chord#: 68 done. best_score=27.0, changed=530, unchanged=529, early_stops=8/8
26 - INFO - chord#: 70 In build_straw_man_chord_sa. tolerance = 1, sa_iterations = 1000, initial_temperature = 3.0, cooling_rate = 0.999
26 - INFO - chord#: 68 done. best_score=27.0, changed=518, unchanged=422, early_stops=8/8
26 - INFO - chord#: 70 In build_straw_man_chord_sa. tolerance = 1, sa_iterations = 1000, initial_temperature = 3.0, cooling_rate = 0.999
26 - INFO - chord#: 50 done. best_score=27.0, changed=530, unchanged=531, early_stops=8/8
26 - INFO - chord#: 51 In build_straw_man_chord_sa. tolerance = 1, sa_iterations = 1000, initial_temperature = 3.0, cooling_rate = 0.999
26 - INFO - chord#: 66 done. best_score=27.0, changed=514, unchanged=371, early_stops=8/8
26 - INFO - chord#: 68 In build_straw_man_chord_sa. tolerance = 1, sa_iterations = 1000, initial_temperature = 3.0, cooling_rate = 0.999
26 - INFO - chord#: 60 done. best_score=27.0, changed=528, unchanged=430, early_stops=8/8
26 - INFO - chord#: 64 In build_straw_man_chord_sa. tolerance = 1, sa_iterations = 1000, initial_temperature = 3.0, cooling_rate = 0.999
26 - INFO - chord#: 64 done. best_score=27.0, changed=523, unchanged=344, early_stops=8/8
26 - INFO - chord#: 66 In build_straw_man_chord_sa. tolerance = 1, sa_iterations = 1000, initial_temperature = 3.0, cooling_rate = 0.999
26 - INFO - chord#: 54 done. best_score=27.0, changed=523, unchanged=390, early_stops=8/8
26 - INFO - chord#: 55 In build_straw_man_chord_sa. tolerance = 1, sa_iterations = 1000, initial_temperature = 3.0, cooling_rate = 0.999
26 - INFO - chord#: 70 done. best_score=27.0, changed=533, unchanged=377, early_stops=8/8
26 - INFO - chord#: 72 In build_straw_man_chord_sa. tolerance = 1, sa_iterations = 1000, initial_temperature = 3.0, cooling_rate = 0.999
26 - INFO - chord#: 52 done. best_score=27.0, changed=517, unchanged=377, early_stops=8/8
26 - INFO - chord#: 54 In build_straw_man_chord_sa. tolerance = 1, sa_iterations = 1000, initial_temperature = 3.0, cooling_rate = 0.999
26 - INFO - chord#: 70 done. best_score=27.0, changed=518, unchanged=314, early_stops=8/8
26 - INFO - chord#: 72 In build_straw_man_chord_sa. tolerance = 1, sa_iterations = 1000, initial_temperature = 3.0, cooling_rate = 0.999
26 - INFO - chord#: 56 done. best_score=27.0, changed=524, unchanged=395, early_stops=8/8
26 - INFO - chord#: 60 In build_straw_man_chord_sa. tolerance = 1, sa_iterations = 1000, initial_temperature = 3.0, cooling_rate = 0.999
26 - INFO - chord#: 64 done. best_score=27.0, changed=524, unchanged=344, early_stops=8/8
26 - INFO - chord#: 66 In build_straw_man_chord_sa. tolerance = 1, sa_iterations = 1000, initial_temperature = 3.0, cooling_rate = 0.999
26 - INFO - chord#: 52 done. best_score=27.0, changed=518, unchanged=370, early_stops=8/8
26 - INFO - chord#: 54 In build_straw_man_chord_sa. tolerance = 1, sa_iterations = 1000, initial_temperature = 3.0, cooling_rate = 0.999
26 - INFO - chord#: 70 done. best_score=27.0, changed=529, unchanged=390, early_stops=8/8
26 - INFO - chord#: 72 In build_straw_man_chord_sa. tolerance = 1, sa_iterations = 1000, initial_temperature = 3.0, cooling_rate = 0.999
26 - INFO - chord#: 68 done. best_score=27.0, changed=516, unchanged=334, early_stops=8/8
26 - INFO - chord#: 70 In build_straw_man_chord_sa. tolerance = 1, sa_iterations = 1000, initial_temperature = 3.0, cooling_rate = 0.999
26 - INFO - chord#: 51 done. best_score=36.0, changed=521, unchanged=443, early_stops=8/8
26 - INFO - chord#: 52 In build_straw_man_chord_sa. tolerance = 1, sa_iterations = 1000, initial_temperature = 3.0, cooling_rate = 0.999
26 - INFO - chord#: 66 done. best_score=27.0, changed=523, unchanged=377, early_stops=8/8
26 - INFO - chord#: 68 In build_straw_man_chord_sa. tolerance = 1, sa_iterations = 1000, initial_temperature = 3.0, cooling_rate = 0.999
26 - INFO - chord#: 51 done. best_score=36.0, changed=519, unchanged=411, early_stops=8/8
26 - INFO - chord#: 52 In build_straw_man_chord_sa. tolerance = 1, sa_iterations = 1000, initial_temperature = 3.0, cooling_rate = 0.999
26 - INFO - chord#: 54 done. best_score=27.0, changed=537, unchanged=421, early_stops=8/8
26 - INFO - chord#: 55 In build_straw_man_chord_sa. tolerance = 1, sa_iterations = 1000, initial_temperature = 3.0, cooling_rate = 0.999
26 - INFO - chord#: 70 done. best_score=27.0, changed=520, unchanged=383, early_stops=8/8
26 - INFO - chord#: 72 In build_straw_man_chord_sa. tolerance = 1, sa_iterations = 1000, initial_temperature = 3.0, cooling_rate = 0.999
26 - INFO - chord#: 66 done. best_score=27.0, changed=530, unchanged=337, early_stops=8/8
26 - INFO - chord#: 68 In build_straw_man_chord_sa. tolerance = 1, sa_iterations = 1000, initial_temperature = 3.0, cooling_rate = 0.999
26 - INFO - chord#: 60 done. best_score=27.0, changed=522, unchanged=332, early_stops=8/8
26 - INFO - chord#: 64 In build_straw_man_chord_sa. tolerance = 1, sa_iterations = 1000, initial_temperature = 3.0, cooling_rate = 0.999
26 - INFO - chord#: 68 done. best_score=27.0, changed=529, unchanged=407, early_stops=8/8
26 - INFO - chord#: 70 In build_straw_man_chord_sa. tolerance = 1, sa_iterations = 1000, initial_temperature = 3.0, cooling_rate = 0.999
26 - INFO - chord#: 54 done. best_score=27.0, changed=532, unchanged=504, early_stops=8/8
26 - INFO - chord#: 55 In build_straw_man_chord_sa. tolerance = 1, sa_iterations = 1000, initial_temperature = 3.0, cooling_rate = 0.999
26 - INFO - chord#: 72 done. best_score=111.0, changed=606, unchanged=269, early_stops=8/8
26 - INFO - chord#: 74 In build_straw_man_chord_sa. tolerance = 1, sa_iterations = 1000, initial_temperature = 3.0, cooling_rate = 0.999
26 - INFO - chord#: 52 done. best_score=27.0, changed=521, unchanged=398, early_stops=8/8
26 - INFO - chord#: 54 In build_straw_man_chord_sa. tolerance = 1, sa_iterations = 1000, initial_temperature = 3.0, cooling_rate = 0.999
26 - INFO - chord#: 52 done. best_score=27.0, changed=521, unchanged=331, early_stops=8/8
26 - INFO - chord#: 54 In build_straw_man_chord_sa. tolerance = 1, sa_iterations = 1000, initial_temperature = 3.0, cooling_rate = 0.999
26 - INFO - chord#: 68 done. best_score=27.0, changed=525, unchanged=510, early_stops=8/8
26 - INFO - chord#: 70 In build_straw_man_chord_sa. tolerance = 1, sa_iterations = 1000, initial_temperature = 3.0, cooling_rate = 0.999
26 - INFO - chord#: 64 done. best_score=27.0, changed=523, unchanged=367, early_stops=8/8
26 - INFO - chord#: 66 In build_straw_man_chord_sa. tolerance = 1, sa_iterations = 1000, initial_temperature = 3.0, cooling_rate = 0.999
26 - INFO - chord#: 70 done. best_score=27.0, changed=531, unchanged=377, early_stops=8/8
26 - INFO - chord#: 72 In build_straw_man_chord_sa. tolerance = 1, sa_iterations = 1000, initial_temperature = 3.0, cooling_rate = 0.999
26 - INFO - chord#: 55 done. best_score=121.0, changed=612, unchanged=356, early_stops=8/8
26 - INFO - chord#: 74 done. best_score=36.0, changed=524, unchanged=323, early_stops=8/8
26 - INFO - chord#: 56 In build_straw_man_chord_sa. tolerance = 1, sa_iterations = 1000, initial_temperature = 3.0, cooling_rate = 0.999
26 - INFO - chord#: 76 In build_straw_man_chord_sa. tolerance = 1, sa_iterations = 1000, initial_temperature = 3.0, cooling_rate = 0.999
26 - INFO - chord#: 72 done. best_score=105.0, changed=613, unchanged=391, early_stops=8/8
26 - INFO - chord#: 74 In build_straw_man_chord_sa. tolerance = 1, sa_iterations = 1000, initial_temperature = 3.0, cooling_rate = 0.999
26 - INFO - chord#: 72 done. best_score=108.0, changed=610, unchanged=411, early_stops=8/8
26 - INFO - chord#: 74 In build_straw_man_chord_sa. tolerance = 1, sa_iterations = 1000, initial_temperature = 3.0, cooling_rate = 0.999
26 - INFO - chord#: 54 done. best_score=27.0, changed=520, unchanged=355, early_stops=8/8
26 - INFO - chord#: 55 In build_straw_man_chord_sa. tolerance = 1, sa_iterations = 1000, initial_temperature = 3.0, cooling_rate = 0.999
26 - INFO - chord#: 70 done. best_score=27.0, changed=526, unchanged=357, early_stops=8/8
26 - INFO - chord#: 72 In build_straw_man_chord_sa. tolerance = 1, sa_iterations = 1000, initial_temperature = 3.0, cooling_rate = 0.999
26 - INFO - chord#: 54 done. best_score=27.0, changed=536, unchanged=544, early_stops=8/8
26 - INFO - chord#: 55 In build_straw_man_chord_sa. tolerance = 1, sa_iterations = 1000, initial_temperature = 3.0, cooling_rate = 0.999
26 - INFO - chord#: 74 done. best_score=36.0, changed=524, unchanged=338, early_stops=8/8
26 - INFO - chord#: 76 In build_straw_man_chord_sa. tolerance = 1, sa_iterations = 1000, initial_temperature = 3.0, cooling_rate = 0.999
26 - INFO - chord#: 66 done. best_score=27.0, changed=527, unchanged=300, early_stops=8/8
26 - INFO - chord#: 68 In build_straw_man_chord_sa. tolerance = 1, sa_iterations = 1000, initial_temperature = 3.0, cooling_rate = 0.999
26 - INFO - chord#: 55 done. best_score=74.0, changed=610, unchanged=252, early_stops=8/8
26 - INFO - chord#: 56 In build_straw_man_chord_sa. tolerance = 1, sa_iterations = 1000, initial_temperature = 3.0, cooling_rate = 0.999
26 - INFO - chord#: 74 done. best_score=57.0, changed=540, unchanged=402, early_stops=8/8
26 - INFO - chord#: 76 In build_straw_man_chord_sa. tolerance = 1, sa_iterations = 1000, initial_temperature = 3.0, cooling_rate = 0.999
26 - INFO - chord#: 72 done. best_score=184.0, changed=617, unchanged=327, early_stops=8/8
26 - INFO - chord#: 74 In build_straw_man_chord_sa. tolerance = 1, sa_iterations = 1000, initial_temperature = 3.0, cooling_rate = 0.999
26 - INFO - chord#: 76 done. best_score=27.0, changed=527, unchanged=491, early_stops=8/8
26 - INFO - chord#: 78 In build_straw_man_chord_sa. tolerance = 1, sa_iterations = 1000, initial_temperature = 3.0, cooling_rate = 0.999
26 - INFO - chord#: 56 done. best_score=27.0, changed=517, unchanged=408, early_stops=8/8
26 - INFO - chord#: 60 In build_straw_man_chord_sa. tolerance = 1, sa_iterations = 1000, initial_temperature = 3.0, cooling_rate = 0.999
26 - INFO - chord#: 74 done. best_score=36.0, changed=526, unchanged=352, early_stops=8/8
26 - INFO - chord#: 76 In build_straw_man_chord_sa. tolerance = 1, sa_iterations = 1000, initial_temperature = 3.0, cooling_rate = 0.999
26 - INFO - chord#: 76 done. best_score=27.0, changed=524, unchanged=358, early_stops=8/8
26 - INFO - chord#: 78 In build_straw_man_chord_sa. tolerance = 1, sa_iterations = 1000, initial_temperature = 3.0, cooling_rate = 0.999
26 - INFO - chord#: 76 done. best_score=27.0, changed=514, unchanged=347, early_stops=8/8
26 - INFO - chord#: 78 In build_straw_man_chord_sa. tolerance = 1, sa_iterations = 1000, initial_temperature = 3.0, cooling_rate = 0.999
26 - INFO - chord#: 78 done. best_score=27.0, changed=516, unchanged=353, early_stops=8/8
26 - INFO - chord#: 80 In build_straw_man_chord_sa. tolerance = 1, sa_iterations = 1000, initial_temperature = 3.0, cooling_rate = 0.999
26 - INFO - chord#: 68 done. best_score=27.0, changed=517, unchanged=441, early_stops=8/8
26 - INFO - chord#: 70 In build_straw_man_chord_sa. tolerance = 1, sa_iterations = 1000, initial_temperature = 3.0, cooling_rate = 0.999
26 - INFO - chord#: 56 done. best_score=27.0, changed=518, unchanged=368, early_stops=8/8
26 - INFO - chord#: 60 In build_straw_man_chord_sa. tolerance = 1, sa_iterations = 1000, initial_temperature = 3.0, cooling_rate = 0.999
26 - INFO - chord#: 60 done. best_score=27.0, changed=528, unchanged=431, early_stops=8/8
26 - INFO - chord#: 64 In build_straw_man_chord_sa. tolerance = 1, sa_iterations = 1000, initial_temperature = 3.0, cooling_rate = 0.999
26 - INFO - chord#: 55 done. best_score=96.0, changed=616, unchanged=501, early_stops=8/8
26 - INFO - chord#: 56 In build_straw_man_chord_sa. tolerance = 1, sa_iterations = 1000, initial_temperature = 3.0, cooling_rate = 0.999
26 - INFO - chord#: 72 done. best_score=105.0, changed=615, unchanged=404, early_stops=8/8
26 - INFO - chord#: 74 In build_straw_man_chord_sa. tolerance = 1, sa_iterations = 1000, initial_temperature = 3.0, cooling_rate = 0.999
26 - INFO - chord#: 72 done. best_score=150.0, changed=613, unchanged=277, early_stops=8/8
26 - INFO - chord#: 74 In build_straw_man_chord_sa. tolerance = 1, sa_iterations = 1000, initial_temperature = 3.0, cooling_rate = 0.999
26 - INFO - chord#: 76 done. best_score=27.0, changed=515, unchanged=396, early_stops=8/8
26 - INFO - chord#: 78 In build_straw_man_chord_sa. tolerance = 1, sa_iterations = 1000, initial_temperature = 3.0, cooling_rate = 0.999
26 - INFO - chord#: 78 done. best_score=27.0, changed=517, unchanged=336, early_stops=8/8
26 - INFO - chord#: 80 In build_straw_man_chord_sa. tolerance = 1, sa_iterations = 1000, initial_temperature = 3.0, cooling_rate = 0.999
26 - INFO - chord#: 78 done. best_score=27.0, changed=520, unchanged=388, early_stops=8/8
26 - INFO - chord#: 80 In build_straw_man_chord_sa. tolerance = 1, sa_iterations = 1000, initial_temperature = 3.0, cooling_rate = 0.999
26 - INFO - chord#: 55 done. best_score=74.0, changed=609, unchanged=303, early_stops=8/8
26 - INFO - chord#: 56 In build_straw_man_chord_sa. tolerance = 1, sa_iterations = 1000, initial_temperature = 3.0, cooling_rate = 0.999
26 - INFO - chord#: 60 done. best_score=27.0, changed=519, unchanged=313, early_stops=8/8
26 - INFO - chord#: 64 In build_straw_man_chord_sa. tolerance = 1, sa_iterations = 1000, initial_temperature = 3.0, cooling_rate = 0.999
26 - INFO - chord#: 70 done. best_score=27.0, changed=517, unchanged=345, early_stops=8/8
26 - INFO - chord#: 72 In build_straw_man_chord_sa. tolerance = 1, sa_iterations = 1000, initial_temperature = 3.0, cooling_rate = 0.999
26 - INFO - chord#: 74 done. best_score=36.0, changed=525, unchanged=292, early_stops=8/8
26 - INFO - chord#: 76 In build_straw_man_chord_sa. tolerance = 1, sa_iterations = 1000, initial_temperature = 3.0, cooling_rate = 0.999
26 - INFO - chord#: 74 done. best_score=36.0, changed=535, unchanged=364, early_stops=8/8
26 - INFO - chord#: 76 In build_straw_man_chord_sa. tolerance = 1, sa_iterations = 1000, initial_temperature = 3.0, cooling_rate = 0.999
26 - INFO - chord#: 64 done. best_score=27.0, changed=536, unchanged=394, early_stops=8/8
26 - INFO - chord#: 66 In build_straw_man_chord_sa. tolerance = 1, sa_iterations = 1000, initial_temperature = 3.0, cooling_rate = 0.999
26 - INFO - chord#: 55 done. best_score=96.0, changed=613, unchanged=331, early_stops=8/8
26 - INFO - chord#: 56 In build_straw_man_chord_sa. tolerance = 1, sa_iterations = 1000, initial_temperature = 3.0, cooling_rate = 0.999
26 - INFO - chord#: 78 done. best_score=27.0, changed=525, unchanged=564, early_stops=8/8
26 - INFO - chord#: 80 In build_straw_man_chord_sa. tolerance = 1, sa_iterations = 1000, initial_temperature = 3.0, cooling_rate = 0.999
26 - INFO - chord#: 56 done. best_score=27.0, changed=530, unchanged=652, early_stops=8/8
26 - INFO - chord#: 60 In build_straw_man_chord_sa. tolerance = 1, sa_iterations = 1000, initial_temperature = 3.0, cooling_rate = 0.999
26 - INFO - chord#: 80 done. best_score=137.0, changed=614, unchanged=259, early_stops=8/8
26 - INFO - chord#: 82 In build_straw_man_chord_sa. tolerance = 1, sa_iterations = 1000, initial_temperature = 3.0, cooling_rate = 0.999
26 - INFO - chord#: 64 done. best_score=27.0, changed=529, unchanged=340, early_stops=8/8
26 - INFO - chord#: 66 In build_straw_man_chord_sa. tolerance = 1, sa_iterations = 1000, initial_temperature = 3.0, cooling_rate = 0.999
26 - INFO - chord#: 56 done. best_score=27.0, changed=516, unchanged=432, early_stops=8/8
26 - INFO - chord#: 60 In build_straw_man_chord_sa. tolerance = 1, sa_iterations = 1000, initial_temperature = 3.0, cooling_rate = 0.999
26 - INFO - chord#: 76 done. best_score=27.0, changed=518, unchanged=389, early_stops=8/8
26 - INFO - chord#: 78 In build_straw_man_chord_sa. tolerance = 1, sa_iterations = 1000, initial_temperature = 3.0, cooling_rate = 0.999
26 - INFO - chord#: 76 done. best_score=27.0, changed=525, unchanged=590, early_stops=8/8
26 - INFO - chord#: 78 In build_straw_man_chord_sa. tolerance = 1, sa_iterations = 1000, initial_temperature = 3.0, cooling_rate = 0.999
26 - INFO - chord#: 56 done. best_score=27.0, changed=526, unchanged=355, early_stops=8/8
26 - INFO - chord#: 60 In build_straw_man_chord_sa. tolerance = 1, sa_iterations = 1000, initial_temperature = 3.0, cooling_rate = 0.999
26 - INFO - chord#: 82 done. best_score=36.0, changed=520, unchanged=340, early_stops=8/8
26 - INFO - chord#: 84 In build_straw_man_chord_sa. tolerance = 1, sa_iterations = 1000, initial_temperature = 3.0, cooling_rate = 0.999
26 - INFO - chord#: 80 done. best_score=143.0, changed=612, unchanged=326, early_stops=8/8
26 - INFO - chord#: 82 In build_straw_man_chord_sa. tolerance = 1, sa_iterations = 1000, initial_temperature = 3.0, cooling_rate = 0.999
26 - INFO - chord#: 66 done. best_score=27.0, changed=533, unchanged=461, early_stops=8/8
26 - INFO - chord#: 68 In build_straw_man_chord_sa. tolerance = 1, sa_iterations = 1000, initial_temperature = 3.0, cooling_rate = 0.999
26 - INFO - chord#: 80 done. best_score=78.0, changed=608, unchanged=317, early_stops=8/8
26 - INFO - chord#: 82 In build_straw_man_chord_sa. tolerance = 1, sa_iterations = 1000, initial_temperature = 3.0, cooling_rate = 0.999
26 - INFO - chord#: 60 done. best_score=27.0, changed=524, unchanged=420, early_stops=8/8
26 - INFO - chord#: 64 In build_straw_man_chord_sa. tolerance = 1, sa_iterations = 1000, initial_temperature = 3.0, cooling_rate = 0.999
26 - INFO - chord#: 78 done. best_score=27.0, changed=521, unchanged=445, early_stops=8/8
26 - INFO - chord#: 80 In build_straw_man_chord_sa. tolerance = 1, sa_iterations = 1000, initial_temperature = 3.0, cooling_rate = 0.999
26 - INFO - chord#: 60 done. best_score=27.0, changed=522, unchanged=366, early_stops=8/8
26 - INFO - chord#: 64 In build_straw_man_chord_sa. tolerance = 1, sa_iterations = 1000, initial_temperature = 3.0, cooling_rate = 0.999
26 - INFO - chord#: 66 done. best_score=27.0, changed=520, unchanged=369, early_stops=8/8
26 - INFO - chord#: 68 In build_straw_man_chord_sa. tolerance = 1, sa_iterations = 1000, initial_temperature = 3.0, cooling_rate = 0.999
26 - INFO - chord#: 78 done. best_score=27.0, changed=518, unchanged=370, early_stops=8/8
26 - INFO - chord#: 80 In build_straw_man_chord_sa. tolerance = 1, sa_iterations = 1000, initial_temperature = 3.0, cooling_rate = 0.999
26 - INFO - chord#: 82 done. best_score=27.0, changed=519, unchanged=293, early_stops=8/8
26 - INFO - chord#: 84 In build_straw_man_chord_sa. tolerance = 1, sa_iterations = 1000, initial_temperature = 3.0, cooling_rate = 0.999
26 - INFO - chord#: 60 done. best_score=27.0, changed=526, unchanged=381, early_stops=8/8
26 - INFO - chord#: 64 In build_straw_man_chord_sa. tolerance = 1, sa_iterations = 1000, initial_temperature = 3.0, cooling_rate = 0.999
26 - INFO - chord#: 82 done. best_score=27.0, changed=518, unchanged=334, early_stops=8/8
26 - INFO - chord#: 84 In build_straw_man_chord_sa. tolerance = 1, sa_iterations = 1000, initial_temperature = 3.0, cooling_rate = 0.999
26 - INFO - chord#: 84 done. best_score=47.0, changed=525, unchanged=506, early_stops=8/8
26 - INFO - chord#: 85 In build_straw_man_chord_sa. tolerance = 1, sa_iterations = 1000, initial_temperature = 3.0, cooling_rate = 0.999
26 - INFO - chord#: 80 done. best_score=67.0, changed=611, unchanged=259, early_stops=8/8
26 - INFO - chord#: 82 In build_straw_man_chord_sa. tolerance = 1, sa_iterations = 1000, initial_temperature = 3.0, cooling_rate = 0.999
26 - INFO - chord#: 64 done. best_score=27.0, changed=534, unchanged=386, early_stops=8/8
26 - INFO - chord#: 66 In build_straw_man_chord_sa. tolerance = 1, sa_iterations = 1000, initial_temperature = 3.0, cooling_rate = 0.999
26 - INFO - chord#: 72 done. best_score=111.0, changed=609, unchanged=294, early_stops=8/8
26 - INFO - chord#: 74 In build_straw_man_chord_sa. tolerance = 1, sa_iterations = 1000, initial_temperature = 3.0, cooling_rate = 0.999
26 - INFO - chord#: 68 done. best_score=27.0, changed=528, unchanged=508, early_stops=8/8
26 - INFO - chord#: 70 In build_straw_man_chord_sa. tolerance = 1, sa_iterations = 1000, initial_temperature = 3.0, cooling_rate = 0.999
26 - INFO - chord#: 64 done. best_score=27.0, changed=530, unchanged=350, early_stops=8/8
26 - INFO - chord#: 66 In build_straw_man_chord_sa. tolerance = 1, sa_iterations = 1000, initial_temperature = 3.0, cooling_rate = 0.999
26 - INFO - chord#: 68 done. best_score=27.0, changed=526, unchanged=415, early_stops=8/8
26 - INFO - chord#: 70 In build_straw_man_chord_sa. tolerance = 1, sa_iterations = 1000, initial_temperature = 3.0, cooling_rate = 0.999
26 - INFO - chord#: 84 done. best_score=47.0, changed=519, unchanged=366, early_stops=8/8
26 - INFO - chord#: 85 In build_straw_man_chord_sa. tolerance = 1, sa_iterations = 1000, initial_temperature = 3.0, cooling_rate = 0.999
26 - INFO - chord#: 84 done. best_score=47.0, changed=523, unchanged=351, early_stops=8/8
26 - INFO - chord#: 85 In build_straw_man_chord_sa. tolerance = 1, sa_iterations = 1000, initial_temperature = 3.0, cooling_rate = 0.999
26 - INFO - chord#: 64 done. best_score=27.0, changed=538, unchanged=353, early_stops=8/8
26 - INFO - chord#: 66 In build_straw_man_chord_sa. tolerance = 1, sa_iterations = 1000, initial_temperature = 3.0, cooling_rate = 0.999
26 - INFO - chord#: 85 done. best_score=27.0, changed=518, unchanged=461, early_stops=8/8
26 - INFO - chord#: 86 In build_straw_man_chord_sa. tolerance = 1, sa_iterations = 1000, initial_temperature = 3.0, cooling_rate = 0.999
26 - INFO - chord#: 82 done. best_score=27.0, changed=532, unchanged=489, early_stops=8/8
26 - INFO - chord#: 84 In build_straw_man_chord_sa. tolerance = 1, sa_iterations = 1000, initial_temperature = 3.0, cooling_rate = 0.999
26 - INFO - chord#: 74 done. best_score=36.0, changed=516, unchanged=309, early_stops=8/8
26 - INFO - chord#: 76 In build_straw_man_chord_sa. tolerance = 1, sa_iterations = 1000, initial_temperature = 3.0, cooling_rate = 0.999
26 - INFO - chord#: 70 done. best_score=27.0, changed=519, unchanged=347, early_stops=8/8
26 - INFO - chord#: 72 In build_straw_man_chord_sa. tolerance = 1, sa_iterations = 1000, initial_temperature = 3.0, cooling_rate = 0.999
26 - INFO - chord#: 80 done. best_score=137.0, changed=609, unchanged=301, early_stops=8/8
26 - INFO - chord#: 82 In build_straw_man_chord_sa. tolerance = 1, sa_iterations = 1000, initial_temperature = 3.0, cooling_rate = 0.999
26 - INFO - chord#: 66 done. best_score=27.0, changed=515, unchanged=331, early_stops=8/8
26 - INFO - chord#: 68 In build_straw_man_chord_sa. tolerance = 1, sa_iterations = 1000, initial_temperature = 3.0, cooling_rate = 0.999
26 - INFO - chord#: 66 done. best_score=27.0, changed=526, unchanged=370, early_stops=8/8
26 - INFO - chord#: 68 In build_straw_man_chord_sa. tolerance = 1, sa_iterations = 1000, initial_temperature = 3.0, cooling_rate = 0.999
26 - INFO - chord#: 70 done. best_score=27.0, changed=532, unchanged=349, early_stops=8/8
26 - INFO - chord#: 72 In build_straw_man_chord_sa. tolerance = 1, sa_iterations = 1000, initial_temperature = 3.0, cooling_rate = 0.999
26 - INFO - chord#: 85 done. best_score=27.0, changed=526, unchanged=436, early_stops=8/8
26 - INFO - chord#: 86 In build_straw_man_chord_sa. tolerance = 1, sa_iterations = 1000, initial_temperature = 3.0, cooling_rate = 0.999
26 - INFO - chord#: 85 done. best_score=27.0, changed=523, unchanged=361, early_stops=8/8
26 - INFO - chord#: 86 In build_straw_man_chord_sa. tolerance = 1, sa_iterations = 1000, initial_temperature = 3.0, cooling_rate = 0.999
26 - INFO - chord#: 80 done. best_score=67.0, changed=612, unchanged=375, early_stops=8/8
26 - INFO - chord#: 82 In build_straw_man_chord_sa. tolerance = 1, sa_iterations = 1000, initial_temperature = 3.0, cooling_rate = 0.999
26 - INFO - chord#: 86 done. best_score=27.0, changed=520, unchanged=449, early_stops=8/8
26 - INFO - chord#: 87 In build_straw_man_chord_sa. tolerance = 1, sa_iterations = 1000, initial_temperature = 3.0, cooling_rate = 0.999
26 - INFO - chord#: 84 done. best_score=47.0, changed=521, unchanged=316, early_stops=8/8
26 - INFO - chord#: 85 In build_straw_man_chord_sa. tolerance = 1, sa_iterations = 1000, initial_temperature = 3.0, cooling_rate = 0.999
26 - INFO - chord#: 66 done. best_score=27.0, changed=531, unchanged=413, early_stops=8/8
26 - INFO - chord#: 68 In build_straw_man_chord_sa. tolerance = 1, sa_iterations = 1000, initial_temperature = 3.0, cooling_rate = 0.999
26 - INFO - chord#: 82 done. best_score=27.0, changed=522, unchanged=381, early_stops=8/8
26 - INFO - chord#: 84 In build_straw_man_chord_sa. tolerance = 1, sa_iterations = 1000, initial_temperature = 3.0, cooling_rate = 0.999
26 - INFO - chord#: 76 done. best_score=27.0, changed=526, unchanged=503, early_stops=8/8
26 - INFO - chord#: 78 In build_straw_man_chord_sa. tolerance = 1, sa_iterations = 1000, initial_temperature = 3.0, cooling_rate = 0.999
26 - INFO - chord#: 68 done. best_score=27.0, changed=520, unchanged=426, early_stops=8/8
26 - INFO - chord#: 70 In build_straw_man_chord_sa. tolerance = 1, sa_iterations = 1000, initial_temperature = 3.0, cooling_rate = 0.999
26 - INFO - chord#: 86 done. best_score=27.0, changed=525, unchanged=431, early_stops=8/8
26 - INFO - chord#: 87 In build_straw_man_chord_sa. tolerance = 1, sa_iterations = 1000, initial_temperature = 3.0, cooling_rate = 0.999
26 - INFO - chord#: 68 done. best_score=27.0, changed=521, unchanged=398, early_stops=8/8
26 - INFO - chord#: 70 In build_straw_man_chord_sa. tolerance = 1, sa_iterations = 1000, initial_temperature = 3.0, cooling_rate = 0.999
26 - INFO - chord#: 82 done. best_score=27.0, changed=522, unchanged=375, early_stops=8/8
26 - INFO - chord#: 84 In build_straw_man_chord_sa. tolerance = 1, sa_iterations = 1000, initial_temperature = 3.0, cooling_rate = 0.999
26 - INFO - chord#: 86 done. best_score=27.0, changed=528, unchanged=510, early_stops=8/8
26 - INFO - chord#: 87 In build_straw_man_chord_sa. tolerance = 1, sa_iterations = 1000, initial_temperature = 3.0, cooling_rate = 0.999
26 - INFO - chord#: 68 done. best_score=27.0, changed=520, unchanged=386, early_stops=8/8
26 - INFO - chord#: 70 In build_straw_man_chord_sa. tolerance = 1, sa_iterations = 1000, initial_temperature = 3.0, cooling_rate = 0.999
26 - INFO - chord#: 85 done. best_score=27.0, changed=529, unchanged=554, early_stops=8/8
26 - INFO - chord#: 86 In build_straw_man_chord_sa. tolerance = 1, sa_iterations = 1000, initial_temperature = 3.0, cooling_rate = 0.999
26 - INFO - chord#: 84 done. best_score=47.0, changed=518, unchanged=385, early_stops=8/8
26 - INFO - chord#: 85 In build_straw_man_chord_sa. tolerance = 1, sa_iterations = 1000, initial_temperature = 3.0, cooling_rate = 0.999
26 - INFO - chord#: 70 done. best_score=27.0, changed=526, unchanged=324, early_stops=8/8
26 - INFO - chord#: 72 In build_straw_man_chord_sa. tolerance = 1, sa_iterations = 1000, initial_temperature = 3.0, cooling_rate = 0.999
26 - INFO - chord#: 78 done. best_score=27.0, changed=517, unchanged=432, early_stops=8/8
26 - INFO - chord#: 80 In build_straw_man_chord_sa. tolerance = 1, sa_iterations = 1000, initial_temperature = 3.0, cooling_rate = 0.999
26 - INFO - chord#: 84 done. best_score=47.0, changed=522, unchanged=348, early_stops=8/8
26 - INFO - chord#: 85 In build_straw_man_chord_sa. tolerance = 1, sa_iterations = 1000, initial_temperature = 3.0, cooling_rate = 0.999
26 - INFO - chord#: 70 done. best_score=27.0, changed=523, unchanged=410, early_stops=8/8
26 - INFO - chord#: 72 In build_straw_man_chord_sa. tolerance = 1, sa_iterations = 1000, initial_temperature = 3.0, cooling_rate = 0.999
26 - INFO - chord#: 85 done. best_score=27.0, changed=516, unchanged=344, early_stops=8/8
26 - INFO - chord#: 86 In build_straw_man_chord_sa. tolerance = 1, sa_iterations = 1000, initial_temperature = 3.0, cooling_rate = 0.999
26 - INFO - chord#: 70 done. best_score=27.0, changed=530, unchanged=441, early_stops=8/8
26 - INFO - chord#: 72 In build_straw_man_chord_sa. tolerance = 1, sa_iterations = 1000, initial_temperature = 3.0, cooling_rate = 0.999
26 - INFO - chord#: 72 done. best_score=135.0, changed=616, unchanged=341, early_stops=8/8
26 - INFO - chord#: 74 In build_straw_man_chord_sa. tolerance = 1, sa_iterations = 1000, initial_temperature = 3.0, cooling_rate = 0.999
26 - INFO - chord#: 86 done. best_score=27.0, changed=516, unchanged=587, early_stops=8/8
26 - INFO - chord#: 87 In build_straw_man_chord_sa. tolerance = 1, sa_iterations = 1000, initial_temperature = 3.0, cooling_rate = 0.999
26 - INFO - chord#: 87 done. best_score=82.0, changed=612, unchanged=400, early_stops=8/8
26 - INFO - chord#: 88 In build_straw_man_chord_sa. tolerance = 1, sa_iterations = 1000, initial_temperature = 3.0, cooling_rate = 0.999
26 - INFO - chord#: 72 done. best_score=135.0, changed=607, unchanged=297, early_stops=8/8
26 - INFO - chord#: 74 In build_straw_man_chord_sa. tolerance = 1, sa_iterations = 1000, initial_temperature = 3.0, cooling_rate = 0.999
26 - INFO - chord#: 85 done. best_score=27.0, changed=524, unchanged=385, early_stops=8/8
26 - INFO - chord#: 86 In build_straw_man_chord_sa. tolerance = 1, sa_iterations = 1000, initial_temperature = 3.0, cooling_rate = 0.999
26 - INFO - chord#: 87 done. best_score=97.0, changed=618, unchanged=294, early_stops=8/8
26 - INFO - chord#: 88 In build_straw_man_chord_sa. tolerance = 1, sa_iterations = 1000, initial_temperature = 3.0, cooling_rate = 0.999
26 - INFO - chord#: 87 done. best_score=97.0, changed=611, unchanged=360, early_stops=8/8
26 - INFO - chord#: 88 In build_straw_man_chord_sa. tolerance = 1, sa_iterations = 1000, initial_temperature = 3.0, cooling_rate = 0.999
26 - INFO - chord#: 86 done. best_score=27.0, changed=520, unchanged=498, early_stops=8/8
26 - INFO - chord#: 87 In build_straw_man_chord_sa. tolerance = 1, sa_iterations = 1000, initial_temperature = 3.0, cooling_rate = 0.999
26 - INFO - chord#: 74 done. best_score=36.0, changed=529, unchanged=391, early_stops=8/8
26 - INFO - chord#: 76 In build_straw_man_chord_sa. tolerance = 1, sa_iterations = 1000, initial_temperature = 3.0, cooling_rate = 0.999
26 - INFO - chord#: 74 done. best_score=36.0, changed=525, unchanged=335, early_stops=8/8
26 - INFO - chord#: 76 In build_straw_man_chord_sa. tolerance = 1, sa_iterations = 1000, initial_temperature = 3.0, cooling_rate = 0.999
26 - INFO - chord#: 86 done. best_score=27.0, changed=518, unchanged=378, early_stops=8/8
26 - INFO - chord#: 87 In build_straw_man_chord_sa. tolerance = 1, sa_iterations = 1000, initial_temperature = 3.0, cooling_rate = 0.999
26 - INFO - chord#: 80 done. best_score=142.0, changed=606, unchanged=224, early_stops=8/8
26 - INFO - chord#: 82 In build_straw_man_chord_sa. tolerance = 1, sa_iterations = 1000, initial_temperature = 3.0, cooling_rate = 0.999
26 - INFO - chord#: 88 done. best_score=119.0, changed=609, unchanged=215, early_stops=8/8
26 - INFO - chord#: 90 In build_straw_man_chord_sa. tolerance = 1, sa_iterations = 1000, initial_temperature = 3.0, cooling_rate = 0.999
26 - INFO - chord#: 87 done. best_score=82.0, changed=613, unchanged=361, early_stops=8/8
26 - INFO - chord#: 88 In build_straw_man_chord_sa. tolerance = 1, sa_iterations = 1000, initial_temperature = 3.0, cooling_rate = 0.999
26 - INFO - chord#: 76 done. best_score=27.0, changed=529, unchanged=403, early_stops=8/8
26 - INFO - chord#: 78 In build_straw_man_chord_sa. tolerance = 1, sa_iterations = 1000, initial_temperature = 3.0, cooling_rate = 0.999
26 - INFO - chord#: 76 done. best_score=27.0, changed=516, unchanged=412, early_stops=8/8
26 - INFO - chord#: 78 In build_straw_man_chord_sa. tolerance = 1, sa_iterations = 1000, initial_temperature = 3.0, cooling_rate = 0.999
26 - INFO - chord#: 82 done. best_score=27.0, changed=524, unchanged=329, early_stops=8/8
26 - INFO - chord#: 84 In build_straw_man_chord_sa. tolerance = 1, sa_iterations = 1000, initial_temperature = 3.0, cooling_rate = 0.999
26 - INFO - chord#: 72 done. best_score=135.0, changed=615, unchanged=413, early_stops=8/8
26 - INFO - chord#: 74 In build_straw_man_chord_sa. tolerance = 1, sa_iterations = 1000, initial_temperature = 3.0, cooling_rate = 0.999
26 - INFO - chord#: 72 done. best_score=105.0, changed=617, unchanged=399, early_stops=8/8
26 - INFO - chord#: 88 done. best_score=119.0, changed=610, unchanged=266, early_stops=8/8
26 - INFO - chord#: 74 In build_straw_man_chord_sa. tolerance = 1, sa_iterations = 1000, initial_temperature = 3.0, cooling_rate = 0.999
26 - INFO - chord#: 90 In build_straw_man_chord_sa. tolerance = 1, sa_iterations = 1000, initial_temperature = 3.0, cooling_rate = 0.999
26 - INFO - chord#: 87 done. best_score=82.0, changed=612, unchanged=293, early_stops=8/8
26 - INFO - chord#: 88 In build_straw_man_chord_sa. tolerance = 1, sa_iterations = 1000, initial_temperature = 3.0, cooling_rate = 0.999
26 - INFO - chord#: 88 done. best_score=165.0, changed=613, unchanged=414, early_stops=8/8
26 - INFO - chord#: 90 In build_straw_man_chord_sa. tolerance = 1, sa_iterations = 1000, initial_temperature = 3.0, cooling_rate = 0.999
26 - INFO - chord#: 90 done. best_score=27.0, changed=527, unchanged=665, early_stops=8/8
26 - INFO - chord#: 91 In build_straw_man_chord_sa. tolerance = 1, sa_iterations = 1000, initial_temperature = 3.0, cooling_rate = 0.999
26 - INFO - chord#: 72 done. best_score=111.0, changed=618, unchanged=393, early_stops=8/8
26 - INFO - chord#: 74 In build_straw_man_chord_sa. tolerance = 1, sa_iterations = 1000, initial_temperature = 3.0, cooling_rate = 0.999
26 - INFO - chord#: 78 done. best_score=27.0, changed=519, unchanged=390, early_stops=8/8
26 - INFO - chord#: 80 In build_straw_man_chord_sa. tolerance = 1, sa_iterations = 1000, initial_temperature = 3.0, cooling_rate = 0.999
26 - INFO - chord#: 90 done. best_score=27.0, changed=523, unchanged=362, early_stops=8/8
26 - INFO - chord#: 91 In build_straw_man_chord_sa. tolerance = 1, sa_iterations = 1000, initial_temperature = 3.0, cooling_rate = 0.999
26 - INFO - chord#: 78 done. best_score=27.0, changed=517, unchanged=355, early_stops=8/8
26 - INFO - chord#: 80 In build_straw_man_chord_sa. tolerance = 1, sa_iterations = 1000, initial_temperature = 3.0, cooling_rate = 0.999
26 - INFO - chord#: 74 done. best_score=36.0, changed=534, unchanged=345, early_stops=8/8
26 - INFO - chord#: 76 In build_straw_man_chord_sa. tolerance = 1, sa_iterations = 1000, initial_temperature = 3.0, cooling_rate = 0.999
26 - INFO - chord#: 84 done. best_score=47.0, changed=523, unchanged=343, early_stops=8/8
26 - INFO - chord#: 85 In build_straw_man_chord_sa. tolerance = 1, sa_iterations = 1000, initial_temperature = 3.0, cooling_rate = 0.999
26 - INFO - chord#: 74 done. best_score=36.0, changed=530, unchanged=353, early_stops=8/8
26 - INFO - chord#: 76 In build_straw_man_chord_sa. tolerance = 1, sa_iterations = 1000, initial_temperature = 3.0, cooling_rate = 0.999
26 - INFO - chord#: 87 done. best_score=82.0, changed=614, unchanged=406, early_stops=8/8
26 - INFO - chord#: 88 In build_straw_man_chord_sa. tolerance = 1, sa_iterations = 1000, initial_temperature = 3.0, cooling_rate = 0.999
26 - INFO - chord#: 88 done. best_score=145.0, changed=610, unchanged=221, early_stops=8/8
26 - INFO - chord#: 90 In build_straw_man_chord_sa. tolerance = 1, sa_iterations = 1000, initial_temperature = 3.0, cooling_rate = 0.999
26 - INFO - chord#: 74 done. best_score=36.0, changed=518, unchanged=324, early_stops=8/8
26 - INFO - chord#: 76 In build_straw_man_chord_sa. tolerance = 1, sa_iterations = 1000, initial_temperature = 3.0, cooling_rate = 0.999
26 - INFO - chord#: 90 done. best_score=27.0, changed=519, unchanged=488, early_stops=8/8
26 - INFO - chord#: 91 In build_straw_man_chord_sa. tolerance = 1, sa_iterations = 1000, initial_temperature = 3.0, cooling_rate = 0.999
26 - INFO - chord#: 85 done. best_score=27.0, changed=525, unchanged=339, early_stops=8/8
26 - INFO - chord#: 86 In build_straw_man_chord_sa. tolerance = 1, sa_iterations = 1000, initial_temperature = 3.0, cooling_rate = 0.999
26 - INFO - chord#: 90 done. best_score=27.0, changed=518, unchanged=508, early_stops=8/8
26 - INFO - chord#: 91 In build_straw_man_chord_sa. tolerance = 1, sa_iterations = 1000, initial_temperature = 3.0, cooling_rate = 0.999
26 - INFO - chord#: 76 done. best_score=27.0, changed=527, unchanged=444, early_stops=8/8
26 - INFO - chord#: 78 In build_straw_man_chord_sa. tolerance = 1, sa_iterations = 1000, initial_temperature = 3.0, cooling_rate = 0.999
26 - INFO - chord#: 76 done. best_score=27.0, changed=527, unchanged=505, early_stops=8/8
26 - INFO - chord#: 78 In build_straw_man_chord_sa. tolerance = 1, sa_iterations = 1000, initial_temperature = 3.0, cooling_rate = 0.999
26 - INFO - chord#: 88 done. best_score=78.0, changed=612, unchanged=368, early_stops=8/8
26 - INFO - chord#: 90 In build_straw_man_chord_sa. tolerance = 1, sa_iterations = 1000, initial_temperature = 3.0, cooling_rate = 0.999
26 - INFO - chord#: 76 done. best_score=27.0, changed=519, unchanged=428, early_stops=8/8
26 - INFO - chord#: 78 In build_straw_man_chord_sa. tolerance = 1, sa_iterations = 1000, initial_temperature = 3.0, cooling_rate = 0.999
26 - INFO - chord#: 91 done. best_score=67.0, changed=614, unchanged=364, early_stops=8/8
26 - INFO - chord#: 92 In build_straw_man_chord_sa. tolerance = 1, sa_iterations = 1000, initial_temperature = 3.0, cooling_rate = 0.999
26 - INFO - chord#: 91 done. best_score=96.0, changed=608, unchanged=353, early_stops=8/8
26 - INFO - chord#: 92 In build_straw_man_chord_sa. tolerance = 1, sa_iterations = 1000, initial_temperature = 3.0, cooling_rate = 0.999
26 - INFO - chord#: 88 done. best_score=78.0, changed=612, unchanged=269, early_stops=8/8
26 - INFO - chord#: 90 In build_straw_man_chord_sa. tolerance = 1, sa_iterations = 1000, initial_temperature = 3.0, cooling_rate = 0.999
26 - INFO - chord#: 90 done. best_score=27.0, changed=510, unchanged=297, early_stops=8/8
26 - INFO - chord#: 86 done. best_score=27.0, changed=513, unchanged=399, early_stops=8/8
26 - INFO - chord#: 91 In build_straw_man_chord_sa. tolerance = 1, sa_iterations = 1000, initial_temperature = 3.0, cooling_rate = 0.999
26 - INFO - chord#: 78 done. best_score=27.0, changed=520, unchanged=420, early_stops=8/8
26 - INFO - chord#: 87 In build_straw_man_chord_sa. tolerance = 1, sa_iterations = 1000, initial_temperature = 3.0, cooling_rate = 0.999
26 - INFO - chord#: 80 In build_straw_man_chord_sa. tolerance = 1, sa_iterations = 1000, initial_temperature = 3.0, cooling_rate = 0.999
26 - INFO - chord#: 80 done. best_score=137.0, changed=612, unchanged=328, early_stops=8/8
26 - INFO - chord#: 82 In build_straw_man_chord_sa. tolerance = 1, sa_iterations = 1000, initial_temperature = 3.0, cooling_rate = 0.999
26 - INFO - chord#: 92 done. best_score=27.0, changed=527, unchanged=400, early_stops=8/8
26 - INFO - chord#: 96 In build_straw_man_chord_sa. tolerance = 1, sa_iterations = 1000, initial_temperature = 3.0, cooling_rate = 0.999
26 - INFO - chord#: 78 done. best_score=27.0, changed=516, unchanged=359, early_stops=8/8
26 - INFO - chord#: 80 In build_straw_man_chord_sa. tolerance = 1, sa_iterations = 1000, initial_temperature = 3.0, cooling_rate = 0.999
26 - INFO - chord#: 91 done. best_score=67.0, changed=613, unchanged=374, early_stops=8/8
26 - INFO - chord#: 92 In build_straw_man_chord_sa. tolerance = 1, sa_iterations = 1000, initial_temperature = 3.0, cooling_rate = 0.999
26 - INFO - chord#: 92 done. best_score=27.0, changed=522, unchanged=335, early_stops=8/8
26 - INFO - chord#: 96 In build_straw_man_chord_sa. tolerance = 1, sa_iterations = 1000, initial_temperature = 3.0, cooling_rate = 0.999
26 - INFO - chord#: 78 done. best_score=27.0, changed=521, unchanged=370, early_stops=8/8
26 - INFO - chord#: 80 In build_straw_man_chord_sa. tolerance = 1, sa_iterations = 1000, initial_temperature = 3.0, cooling_rate = 0.999
26 - INFO - chord#: 80 done. best_score=137.0, changed=614, unchanged=398, early_stops=8/8
26 - INFO - chord#: 82 In build_straw_man_chord_sa. tolerance = 1, sa_iterations = 1000, initial_temperature = 3.0, cooling_rate = 0.999
26 - INFO - chord#: 91 done. best_score=67.0, changed=612, unchanged=237, early_stops=8/8
26 - INFO - chord#: 92 In build_straw_man_chord_sa. tolerance = 1, sa_iterations = 1000, initial_temperature = 3.0, cooling_rate = 0.999
26 - INFO - chord#: 90 done. best_score=27.0, changed=521, unchanged=593, early_stops=8/8
26 - INFO - chord#: 91 In build_straw_man_chord_sa. tolerance = 1, sa_iterations = 1000, initial_temperature = 3.0, cooling_rate = 0.999
26 - INFO - chord#: 96 done. best_score=27.0, changed=516, unchanged=357, early_stops=8/8
26 - INFO - chord#: 100 In build_straw_man_chord_sa. tolerance = 1, sa_iterations = 1000, initial_temperature = 3.0, cooling_rate = 0.999
26 - INFO - chord#: 82 done. best_score=36.0, changed=513, unchanged=307, early_stops=8/8
26 - INFO - chord#: 84 In build_straw_man_chord_sa. tolerance = 1, sa_iterations = 1000, initial_temperature = 3.0, cooling_rate = 0.999
26 - INFO - chord#: 92 done. best_score=27.0, changed=519, unchanged=383, early_stops=8/8
26 - INFO - chord#: 96 In build_straw_man_chord_sa. tolerance = 1, sa_iterations = 1000, initial_temperature = 3.0, cooling_rate = 0.999
26 - INFO - chord#: 96 done. best_score=27.0, changed=513, unchanged=372, early_stops=8/8
26 - INFO - chord#: 100 In build_straw_man_chord_sa. tolerance = 1, sa_iterations = 1000, initial_temperature = 3.0, cooling_rate = 0.999
26 - INFO - chord#: 92 done. best_score=27.0, changed=527, unchanged=341, early_stops=8/8
26 - INFO - chord#: 96 In build_straw_man_chord_sa. tolerance = 1, sa_iterations = 1000, initial_temperature = 3.0, cooling_rate = 0.999
26 - INFO - chord#: 82 done. best_score=27.0, changed=522, unchanged=380, early_stops=8/8
26 - INFO - chord#: 84 In build_straw_man_chord_sa. tolerance = 1, sa_iterations = 1000, initial_temperature = 3.0, cooling_rate = 0.999
26 - INFO - chord#: 100 done. best_score=27.0, changed=524, unchanged=404, early_stops=8/8
26 - INFO - chord#: 102 In build_straw_man_chord_sa. tolerance = 1, sa_iterations = 1000, initial_temperature = 3.0, cooling_rate = 0.999
26 - INFO - chord#: 96 done. best_score=27.0, changed=514, unchanged=414, early_stops=8/8
26 - INFO - chord#: 100 In build_straw_man_chord_sa. tolerance = 1, sa_iterations = 1000, initial_temperature = 3.0, cooling_rate = 0.999
26 - INFO - chord#: 100 done. best_score=27.0, changed=527, unchanged=356, early_stops=8/8
26 - INFO - chord#: 102 In build_straw_man_chord_sa. tolerance = 1, sa_iterations = 1000, initial_temperature = 3.0, cooling_rate = 0.999
26 - INFO - chord#: 91 done. best_score=137.0, changed=612, unchanged=321, early_stops=8/8
26 - INFO - chord#: 92 In build_straw_man_chord_sa. tolerance = 1, sa_iterations = 1000, initial_temperature = 3.0, cooling_rate = 0.999
26 - INFO - chord#: 84 done. best_score=47.0, changed=521, unchanged=418, early_stops=8/8
26 - INFO - chord#: 85 In build_straw_man_chord_sa. tolerance = 1, sa_iterations = 1000, initial_temperature = 3.0, cooling_rate = 0.999
26 - INFO - chord#: 80 done. best_score=125.0, changed=609, unchanged=245, early_stops=8/8
26 - INFO - chord#: 82 In build_straw_man_chord_sa. tolerance = 1, sa_iterations = 1000, initial_temperature = 3.0, cooling_rate = 0.999
26 - INFO - chord#: 96 done. best_score=27.0, changed=516, unchanged=323, early_stops=8/8
26 - INFO - chord#: 100 In build_straw_man_chord_sa. tolerance = 1, sa_iterations = 1000, initial_temperature = 3.0, cooling_rate = 0.999
26 - INFO - chord#: 87 done. best_score=82.0, changed=610, unchanged=281, early_stops=8/8
26 - INFO - chord#: 88 In build_straw_man_chord_sa. tolerance = 1, sa_iterations = 1000, initial_temperature = 3.0, cooling_rate = 0.999
26 - INFO - chord#: 80 done. best_score=78.0, changed=614, unchanged=273, early_stops=8/8
26 - INFO - chord#: 82 In build_straw_man_chord_sa. tolerance = 1, sa_iterations = 1000, initial_temperature = 3.0, cooling_rate = 0.999
26 - INFO - chord#: 100 done. best_score=27.0, changed=522, unchanged=322, early_stops=8/8
26 - INFO - chord#: 102 In build_straw_man_chord_sa. tolerance = 1, sa_iterations = 1000, initial_temperature = 3.0, cooling_rate = 0.999
26 - INFO - chord#: 91 done. best_score=96.0, changed=608, unchanged=283, early_stops=8/8
26 - INFO - chord#: 84 done. best_score=47.0, changed=533, unchanged=416, early_stops=8/8
26 - INFO - chord#: 92 In build_straw_man_chord_sa. tolerance = 1, sa_iterations = 1000, initial_temperature = 3.0, cooling_rate = 0.999
26 - INFO - chord#: 85 In build_straw_man_chord_sa. tolerance = 1, sa_iterations = 1000, initial_temperature = 3.0, cooling_rate = 0.999
26 - INFO - chord#: 92 done. best_score=27.0, changed=525, unchanged=404, early_stops=8/8
26 - INFO - chord#: 96 In build_straw_man_chord_sa. tolerance = 1, sa_iterations = 1000, initial_temperature = 3.0, cooling_rate = 0.999
26 - INFO - chord#: 100 done. best_score=27.0, changed=522, unchanged=373, early_stops=8/8
26 - INFO - chord#: 102 In build_straw_man_chord_sa. tolerance = 1, sa_iterations = 1000, initial_temperature = 3.0, cooling_rate = 0.999
26 - INFO - chord#: 80 done. best_score=67.0, changed=612, unchanged=350, early_stops=8/8
26 - INFO - chord#: 82 In build_straw_man_chord_sa. tolerance = 1, sa_iterations = 1000, initial_temperature = 3.0, cooling_rate = 0.999
26 - INFO - chord#: 85 done. best_score=27.0, changed=517, unchanged=330, early_stops=8/8
26 - INFO - chord#: 86 In build_straw_man_chord_sa. tolerance = 1, sa_iterations = 1000, initial_temperature = 3.0, cooling_rate = 0.999
26 - INFO - chord#: 82 done. best_score=27.0, changed=520, unchanged=327, early_stops=8/8
26 - INFO - chord#: 84 In build_straw_man_chord_sa. tolerance = 1, sa_iterations = 1000, initial_temperature = 3.0, cooling_rate = 0.999
26 - INFO - chord#: 92 done. best_score=27.0, changed=516, unchanged=325, early_stops=8/8
26 - INFO - chord#: 96 In build_straw_man_chord_sa. tolerance = 1, sa_iterations = 1000, initial_temperature = 3.0, cooling_rate = 0.999
26 - INFO - chord#: 102 done. best_score=74.0, changed=612, unchanged=268, early_stops=8/8
26 - INFO - chord#: 104 In build_straw_man_chord_sa. tolerance = 1, sa_iterations = 1000, initial_temperature = 3.0, cooling_rate = 0.999
26 - INFO - chord#: 82 done. best_score=36.0, changed=522, unchanged=489, early_stops=8/8
26 - INFO - chord#: 84 In build_straw_man_chord_sa. tolerance = 1, sa_iterations = 1000, initial_temperature = 3.0, cooling_rate = 0.999
26 - INFO - chord#: 96 done. best_score=27.0, changed=530, unchanged=519, early_stops=8/8
26 - INFO - chord#: 100 In build_straw_man_chord_sa. tolerance = 1, sa_iterations = 1000, initial_temperature = 3.0, cooling_rate = 0.999
26 - INFO - chord#: 85 done. best_score=27.0, changed=520, unchanged=347, early_stops=8/8
26 - INFO - chord#: 86 In build_straw_man_chord_sa. tolerance = 1, sa_iterations = 1000, initial_temperature = 3.0, cooling_rate = 0.999
26 - INFO - chord#: 82 done. best_score=27.0, changed=522, unchanged=396, early_stops=8/8
26 - INFO - chord#: 84 In build_straw_man_chord_sa. tolerance = 1, sa_iterations = 1000, initial_temperature = 3.0, cooling_rate = 0.999
26 - INFO - chord#: 86 done. best_score=27.0, changed=519, unchanged=453, early_stops=8/8
26 - INFO - chord#: 87 In build_straw_man_chord_sa. tolerance = 1, sa_iterations = 1000, initial_temperature = 3.0, cooling_rate = 0.999
26 - INFO - chord#: 104 done. best_score=27.0, changed=520, unchanged=361, early_stops=8/8
26 - INFO - chord#: 106 In build_straw_man_chord_sa. tolerance = 1, sa_iterations = 1000, initial_temperature = 3.0, cooling_rate = 0.999
26 - INFO - chord#: 84 done. best_score=47.0, changed=529, unchanged=424, early_stops=8/8
26 - INFO - chord#: 85 In build_straw_man_chord_sa. tolerance = 1, sa_iterations = 1000, initial_temperature = 3.0, cooling_rate = 0.999
26 - INFO - chord#: 96 done. best_score=27.0, changed=522, unchanged=491, early_stops=8/8
26 - INFO - chord#: 100 In build_straw_man_chord_sa. tolerance = 1, sa_iterations = 1000, initial_temperature = 3.0, cooling_rate = 0.999
26 - INFO - chord#: 100 done. best_score=27.0, changed=516, unchanged=335, early_stops=8/8
26 - INFO - chord#: 102 In build_straw_man_chord_sa. tolerance = 1, sa_iterations = 1000, initial_temperature = 3.0, cooling_rate = 0.999
26 - INFO - chord#: 102 done. best_score=74.0, changed=610, unchanged=314, early_stops=8/8
26 - INFO - chord#: 104 In build_straw_man_chord_sa. tolerance = 1, sa_iterations = 1000, initial_temperature = 3.0, cooling_rate = 0.999
26 - INFO - chord#: 102 done. best_score=74.0, changed=619, unchanged=680, early_stops=8/8
26 - INFO - chord#: 104 In build_straw_man_chord_sa. tolerance = 1, sa_iterations = 1000, initial_temperature = 3.0, cooling_rate = 0.999
26 - INFO - chord#: 84 done. best_score=47.0, changed=524, unchanged=410, early_stops=8/8
26 - INFO - chord#: 85 In build_straw_man_chord_sa. tolerance = 1, sa_iterations = 1000, initial_temperature = 3.0, cooling_rate = 0.999
26 - INFO - chord#: 86 done. best_score=27.0, changed=529, unchanged=484, early_stops=8/8
26 - INFO - chord#: 87 In build_straw_man_chord_sa. tolerance = 1, sa_iterations = 1000, initial_temperature = 3.0, cooling_rate = 0.999
26 - INFO - chord#: 84 done. best_score=47.0, changed=518, unchanged=387, early_stops=8/8
26 - INFO - chord#: 85 In build_straw_man_chord_sa. tolerance = 1, sa_iterations = 1000, initial_temperature = 3.0, cooling_rate = 0.999
26 - INFO - chord#: 102 done. best_score=74.0, changed=620, unchanged=447, early_stops=8/8
26 - INFO - chord#: 104 In build_straw_man_chord_sa. tolerance = 1, sa_iterations = 1000, initial_temperature = 3.0, cooling_rate = 0.999
26 - INFO - chord#: 88 done. best_score=78.0, changed=617, unchanged=449, early_stops=8/8
26 - INFO - chord#: 90 In build_straw_man_chord_sa. tolerance = 1, sa_iterations = 1000, initial_temperature = 3.0, cooling_rate = 0.999
26 - INFO - chord#: 100 done. best_score=27.0, changed=524, unchanged=405, early_stops=8/8
26 - INFO - chord#: 102 In build_straw_man_chord_sa. tolerance = 1, sa_iterations = 1000, initial_temperature = 3.0, cooling_rate = 0.999
26 - INFO - chord#: 104 done. best_score=27.0, changed=517, unchanged=412, early_stops=8/8
26 - INFO - chord#: 106 In build_straw_man_chord_sa. tolerance = 1, sa_iterations = 1000, initial_temperature = 3.0, cooling_rate = 0.999
26 - INFO - chord#: 104 done. best_score=27.0, changed=522, unchanged=391, early_stops=8/8
26 - INFO - chord#: 106 In build_straw_man_chord_sa. tolerance = 1, sa_iterations = 1000, initial_temperature = 3.0, cooling_rate = 0.999
26 - INFO - chord#: 85 done. best_score=27.0, changed=528, unchanged=373, early_stops=8/8
26 - INFO - chord#: 86 In build_straw_man_chord_sa. tolerance = 1, sa_iterations = 1000, initial_temperature = 3.0, cooling_rate = 0.999
26 - INFO - chord#: 85 done. best_score=27.0, changed=521, unchanged=365, early_stops=8/8
26 - INFO - chord#: 86 In build_straw_man_chord_sa. tolerance = 1, sa_iterations = 1000, initial_temperature = 3.0, cooling_rate = 0.999
26 - INFO - chord#: 104 done. best_score=27.0, changed=528, unchanged=472, early_stops=8/8
26 - INFO - chord#: 106 In build_straw_man_chord_sa. tolerance = 1, sa_iterations = 1000, initial_temperature = 3.0, cooling_rate = 0.999
26 - INFO - chord#: 85 done. best_score=27.0, changed=526, unchanged=399, early_stops=8/8
26 - INFO - chord#: 86 In build_straw_man_chord_sa. tolerance = 1, sa_iterations = 1000, initial_temperature = 3.0, cooling_rate = 0.999
26 - INFO - chord#: 106 done. best_score=64.0, changed=612, unchanged=367, early_stops=8/8
26 - INFO - chord#: 108 In build_straw_man_chord_sa. tolerance = 1, sa_iterations = 1000, initial_temperature = 3.0, cooling_rate = 0.999
26 - INFO - chord#: 90 done. best_score=27.0, changed=524, unchanged=453, early_stops=8/8
26 - INFO - chord#: 91 In build_straw_man_chord_sa. tolerance = 1, sa_iterations = 1000, initial_temperature = 3.0, cooling_rate = 0.999
26 - INFO - chord#: 86 done. best_score=27.0, changed=524, unchanged=372, early_stops=8/8
26 - INFO - chord#: 87 In build_straw_man_chord_sa. tolerance = 1, sa_iterations = 1000, initial_temperature = 3.0, cooling_rate = 0.999
26 - INFO - chord#: 102 done. best_score=74.0, changed=617, unchanged=497, early_stops=8/8
26 - INFO - chord#: 104 In build_straw_man_chord_sa. tolerance = 1, sa_iterations = 1000, initial_temperature = 3.0, cooling_rate = 0.999
26 - INFO - chord#: 87 done. best_score=82.0, changed=614, unchanged=402, early_stops=8/8
26 - INFO - chord#: 88 In build_straw_man_chord_sa. tolerance = 1, sa_iterations = 1000, initial_temperature = 3.0, cooling_rate = 0.999
26 - INFO - chord#: 86 done. best_score=27.0, changed=526, unchanged=530, early_stops=8/8
26 - INFO - chord#: 87 In build_straw_man_chord_sa. tolerance = 1, sa_iterations = 1000, initial_temperature = 3.0, cooling_rate = 0.999
26 - INFO - chord#: 106 done. best_score=64.0, changed=620, unchanged=289, early_stops=8/8
26 - INFO - chord#: 108 In build_straw_man_chord_sa. tolerance = 1, sa_iterations = 1000, initial_temperature = 3.0, cooling_rate = 0.999
26 - INFO - chord#: 102 done. best_score=96.0, changed=609, unchanged=345, early_stops=8/8
26 - INFO - chord#: 104 In build_straw_man_chord_sa. tolerance = 1, sa_iterations = 1000, initial_temperature = 3.0, cooling_rate = 0.999
26 - INFO - chord#: 108 done. best_score=27.0, changed=519, unchanged=406, early_stops=8/8
26 - INFO - chord#: 110 In build_straw_man_chord_sa. tolerance = 1, sa_iterations = 1000, initial_temperature = 3.0, cooling_rate = 0.999
26 - INFO - chord#: 86 done. best_score=27.0, changed=525, unchanged=503, early_stops=8/8
26 - INFO - chord#: 87 In build_straw_man_chord_sa. tolerance = 1, sa_iterations = 1000, initial_temperature = 3.0, cooling_rate = 0.999
26 - INFO - chord#: 104 done. best_score=27.0, changed=520, unchanged=389, early_stops=8/8
26 - INFO - chord#: 106 In build_straw_man_chord_sa. tolerance = 1, sa_iterations = 1000, initial_temperature = 3.0, cooling_rate = 0.999
26 - INFO - chord#: 87 done. best_score=82.0, changed=620, unchanged=501, early_stops=8/8
26 - INFO - chord#: 88 In build_straw_man_chord_sa. tolerance = 1, sa_iterations = 1000, initial_temperature = 3.0, cooling_rate = 0.999
26 - INFO - chord#: 106 done. best_score=64.0, changed=612, unchanged=292, early_stops=8/8
26 - INFO - chord#: 108 In build_straw_man_chord_sa. tolerance = 1, sa_iterations = 1000, initial_temperature = 3.0, cooling_rate = 0.999
26 - INFO - chord#: 108 done. best_score=27.0, changed=520, unchanged=351, early_stops=8/8
26 - INFO - chord#: 110 In build_straw_man_chord_sa. tolerance = 1, sa_iterations = 1000, initial_temperature = 3.0, cooling_rate = 0.999
26 - INFO - chord#: 106 done. best_score=64.0, changed=626, unchanged=536, early_stops=8/8
26 - INFO - chord#: 108 In build_straw_man_chord_sa. tolerance = 1, sa_iterations = 1000, initial_temperature = 3.0, cooling_rate = 0.999
26 - INFO - chord#: 104 done. best_score=27.0, changed=528, unchanged=534, early_stops=8/8
26 - INFO - chord#: 106 In build_straw_man_chord_sa. tolerance = 1, sa_iterations = 1000, initial_temperature = 3.0, cooling_rate = 0.999
26 - INFO - chord#: 110 done. best_score=36.0, changed=521, unchanged=425, early_stops=8/8
26 - INFO - chord#: 112 In build_straw_man_chord_sa. tolerance = 1, sa_iterations = 1000, initial_temperature = 3.0, cooling_rate = 0.999
26 - INFO - chord#: 110 done. best_score=36.0, changed=512, unchanged=317, early_stops=8/8
26 - INFO - chord#: 112 In build_straw_man_chord_sa. tolerance = 1, sa_iterations = 1000, initial_temperature = 3.0, cooling_rate = 0.999
26 - INFO - chord#: 108 done. best_score=27.0, changed=521, unchanged=429, early_stops=8/8
26 - INFO - chord#: 110 In build_straw_man_chord_sa. tolerance = 1, sa_iterations = 1000, initial_temperature = 3.0, cooling_rate = 0.999
26 - INFO - chord#: 108 done. best_score=27.0, changed=522, unchanged=414, early_stops=8/8
26 - INFO - chord#: 110 In build_straw_man_chord_sa. tolerance = 1, sa_iterations = 1000, initial_temperature = 3.0, cooling_rate = 0.999
26 - INFO - chord#: 112 done. best_score=27.0, changed=527, unchanged=357, early_stops=8/8
26 - INFO - chord#: 114 In build_straw_man_chord_sa. tolerance = 1, sa_iterations = 1000, initial_temperature = 3.0, cooling_rate = 0.999
26 - INFO - chord#: 91 done. best_score=137.0, changed=613, unchanged=423, early_stops=8/8
26 - INFO - chord#: 92 In build_straw_man_chord_sa. tolerance = 1, sa_iterations = 1000, initial_temperature = 3.0, cooling_rate = 0.999
26 - INFO - chord#: 106 done. best_score=64.0, changed=609, unchanged=302, early_stops=8/8
26 - INFO - chord#: 108 In build_straw_man_chord_sa. tolerance = 1, sa_iterations = 1000, initial_temperature = 3.0, cooling_rate = 0.999
26 - INFO - chord#: 87 done. best_score=82.0, changed=621, unchanged=451, early_stops=8/8
26 - INFO - chord#: 88 In build_straw_man_chord_sa. tolerance = 1, sa_iterations = 1000, initial_temperature = 3.0, cooling_rate = 0.999
26 - INFO - chord#: 87 done. best_score=82.0, changed=611, unchanged=348, early_stops=8/8
26 - INFO - chord#: 88 In build_straw_man_chord_sa. tolerance = 1, sa_iterations = 1000, initial_temperature = 3.0, cooling_rate = 0.999
26 - INFO - chord#: 110 done. best_score=36.0, changed=515, unchanged=335, early_stops=8/8
26 - INFO - chord#: 112 In build_straw_man_chord_sa. tolerance = 1, sa_iterations = 1000, initial_temperature = 3.0, cooling_rate = 0.999
26 - INFO - chord#: 87 done. best_score=82.0, changed=611, unchanged=234, early_stops=8/8
26 - INFO - chord#: 88 In build_straw_man_chord_sa. tolerance = 1, sa_iterations = 1000, initial_temperature = 3.0, cooling_rate = 0.999
26 - INFO - chord#: 112 done. best_score=27.0, changed=532, unchanged=476, early_stops=8/8
26 - INFO - chord#: 114 In build_straw_man_chord_sa. tolerance = 1, sa_iterations = 1000, initial_temperature = 3.0, cooling_rate = 0.999
26 - INFO - chord#: 110 done. best_score=36.0, changed=520, unchanged=461, early_stops=8/8
26 - INFO - chord#: 112 In build_straw_man_chord_sa. tolerance = 1, sa_iterations = 1000, initial_temperature = 3.0, cooling_rate = 0.999
26 - INFO - chord#: 88 done. best_score=67.0, changed=615, unchanged=433, early_stops=8/8
26 - INFO - chord#: 90 In build_straw_man_chord_sa. tolerance = 1, sa_iterations = 1000, initial_temperature = 3.0, cooling_rate = 0.999
26 - INFO - chord#: 88 done. best_score=67.0, changed=614, unchanged=299, early_stops=8/8
26 - INFO - chord#: 90 In build_straw_man_chord_sa. tolerance = 1, sa_iterations = 1000, initial_temperature = 3.0, cooling_rate = 0.999
26 - INFO - chord#: 106 done. best_score=146.0, changed=615, unchanged=331, early_stops=8/8
26 - INFO - chord#: 108 In build_straw_man_chord_sa. tolerance = 1, sa_iterations = 1000, initial_temperature = 3.0, cooling_rate = 0.999
26 - INFO - chord#: 92 done. best_score=27.0, changed=529, unchanged=442, early_stops=8/8
26 - INFO - chord#: 96 In build_straw_man_chord_sa. tolerance = 1, sa_iterations = 1000, initial_temperature = 3.0, cooling_rate = 0.999
26 - INFO - chord#: 108 done. best_score=27.0, changed=518, unchanged=430, early_stops=8/8
26 - INFO - chord#: 110 In build_straw_man_chord_sa. tolerance = 1, sa_iterations = 1000, initial_temperature = 3.0, cooling_rate = 0.999
26 - INFO - chord#: 112 done. best_score=36.0, changed=524, unchanged=398, early_stops=8/8
26 - INFO - chord#: 114 In build_straw_man_chord_sa. tolerance = 1, sa_iterations = 1000, initial_temperature = 3.0, cooling_rate = 0.999
26 - INFO - chord#: 112 done. best_score=27.0, changed=523, unchanged=371, early_stops=8/8
26 - INFO - chord#: 114 In build_straw_man_chord_sa. tolerance = 1, sa_iterations = 1000, initial_temperature = 3.0, cooling_rate = 0.999
26 - INFO - chord#: 114 done. best_score=70.0, changed=610, unchanged=283, early_stops=8/8
26 - INFO - chord#: 116 In build_straw_man_chord_sa. tolerance = 1, sa_iterations = 1000, initial_temperature = 3.0, cooling_rate = 0.999
26 - INFO - chord#: 90 done. best_score=27.0, changed=514, unchanged=374, early_stops=8/8
26 - INFO - chord#: 91 In build_straw_man_chord_sa. tolerance = 1, sa_iterations = 1000, initial_temperature = 3.0, cooling_rate = 0.999
26 - INFO - chord#: 108 done. best_score=27.0, changed=525, unchanged=439, early_stops=8/8
26 - INFO - chord#: 110 In build_straw_man_chord_sa. tolerance = 1, sa_iterations = 1000, initial_temperature = 3.0, cooling_rate = 0.999
26 - INFO - chord#: 90 done. best_score=27.0, changed=516, unchanged=453, early_stops=8/8
26 - INFO - chord#: 91 In build_straw_man_chord_sa. tolerance = 1, sa_iterations = 1000, initial_temperature = 3.0, cooling_rate = 0.999
26 - INFO - chord#: 110 done. best_score=36.0, changed=530, unchanged=428, early_stops=8/8
26 - INFO - chord#: 112 In build_straw_man_chord_sa. tolerance = 1, sa_iterations = 1000, initial_temperature = 3.0, cooling_rate = 0.999
26 - INFO - chord#: 96 done. best_score=27.0, changed=521, unchanged=459, early_stops=8/8
26 - INFO - chord#: 100 In build_straw_man_chord_sa. tolerance = 1, sa_iterations = 1000, initial_temperature = 3.0, cooling_rate = 0.999
26 - INFO - chord#: 114 done. best_score=70.0, changed=609, unchanged=285, early_stops=8/8
26 - INFO - chord#: 116 In build_straw_man_chord_sa. tolerance = 1, sa_iterations = 1000, initial_temperature = 3.0, cooling_rate = 0.999
26 - INFO - chord#: 88 done. best_score=78.0, changed=609, unchanged=253, early_stops=8/8
26 - INFO - chord#: 90 In build_straw_man_chord_sa. tolerance = 1, sa_iterations = 1000, initial_temperature = 3.0, cooling_rate = 0.999
26 - INFO - chord#: 116 done. best_score=27.0, changed=522, unchanged=413, early_stops=8/8
26 - INFO - chord#: 118 In build_straw_man_chord_sa. tolerance = 1, sa_iterations = 1000, initial_temperature = 3.0, cooling_rate = 0.999
26 - INFO - chord#: 110 done. best_score=36.0, changed=520, unchanged=333, early_stops=8/8
26 - INFO - chord#: 112 In build_straw_man_chord_sa. tolerance = 1, sa_iterations = 1000, initial_temperature = 3.0, cooling_rate = 0.999
26 - INFO - chord#: 88 done. best_score=140.0, changed=616, unchanged=329, early_stops=8/8
26 - INFO - chord#: 90 In build_straw_man_chord_sa. tolerance = 1, sa_iterations = 1000, initial_temperature = 3.0, cooling_rate = 0.999
26 - INFO - chord#: 112 done. best_score=27.0, changed=522, unchanged=408, early_stops=8/8
26 - INFO - chord#: 114 In build_straw_man_chord_sa. tolerance = 1, sa_iterations = 1000, initial_temperature = 3.0, cooling_rate = 0.999
26 - INFO - chord#: 114 done. best_score=151.0, changed=620, unchanged=416, early_stops=8/8
26 - INFO - chord#: 116 In build_straw_man_chord_sa. tolerance = 1, sa_iterations = 1000, initial_temperature = 3.0, cooling_rate = 0.999
26 - INFO - chord#: 100 done. best_score=27.0, changed=532, unchanged=435, early_stops=8/8
26 - INFO - chord#: 102 In build_straw_man_chord_sa. tolerance = 1, sa_iterations = 1000, initial_temperature = 3.0, cooling_rate = 0.999
26 - INFO - chord#: 116 done. best_score=27.0, changed=528, unchanged=505, early_stops=8/8
26 - INFO - chord#: 118 In build_straw_man_chord_sa. tolerance = 1, sa_iterations = 1000, initial_temperature = 3.0, cooling_rate = 0.999
26 - INFO - chord#: 118 done. best_score=27.0, changed=522, unchanged=408, early_stops=8/8
26 - INFO - chord#: 120 In build_straw_man_chord_sa. tolerance = 1, sa_iterations = 1000, initial_temperature = 3.0, cooling_rate = 0.999
26 - INFO - chord#: 88 done. best_score=78.0, changed=617, unchanged=535, early_stops=8/8
26 - INFO - chord#: 90 In build_straw_man_chord_sa. tolerance = 1, sa_iterations = 1000, initial_temperature = 3.0, cooling_rate = 0.999
26 - INFO - chord#: 114 done. best_score=104.0, changed=617, unchanged=451, early_stops=8/8
26 - INFO - chord#: 116 In build_straw_man_chord_sa. tolerance = 1, sa_iterations = 1000, initial_temperature = 3.0, cooling_rate = 0.999
26 - INFO - chord#: 90 done. best_score=36.0, changed=519, unchanged=440, early_stops=8/8
26 - INFO - chord#: 91 In build_straw_man_chord_sa. tolerance = 1, sa_iterations = 1000, initial_temperature = 3.0, cooling_rate = 0.999
26 - INFO - chord#: 112 done. best_score=27.0, changed=522, unchanged=490, early_stops=8/8
26 - INFO - chord#: 114 In build_straw_man_chord_sa. tolerance = 1, sa_iterations = 1000, initial_temperature = 3.0, cooling_rate = 0.999
26 - INFO - chord#: 118 done. best_score=27.0, changed=517, unchanged=349, early_stops=8/8
26 - INFO - chord#: 120 In build_straw_man_chord_sa. tolerance = 1, sa_iterations = 1000, initial_temperature = 3.0, cooling_rate = 0.999
26 - INFO - chord#: 116 done. best_score=27.0, changed=526, unchanged=427, early_stops=8/8
26 - INFO - chord#: 118 In build_straw_man_chord_sa. tolerance = 1, sa_iterations = 1000, initial_temperature = 3.0, cooling_rate = 0.999
26 - INFO - chord#: 90 done. best_score=27.0, changed=521, unchanged=454, early_stops=8/8
26 - INFO - chord#: 91 In build_straw_man_chord_sa. tolerance = 1, sa_iterations = 1000, initial_temperature = 3.0, cooling_rate = 0.999
26 - INFO - chord#: 120 done. best_score=27.0, changed=517, unchanged=460, early_stops=8/8
26 - INFO - chord#: 124 In build_straw_man_chord_sa. tolerance = 1, sa_iterations = 1000, initial_temperature = 3.0, cooling_rate = 0.999
26 - INFO - chord#: 116 done. best_score=27.0, changed=513, unchanged=320, early_stops=8/8
26 - INFO - chord#: 118 In build_straw_man_chord_sa. tolerance = 1, sa_iterations = 1000, initial_temperature = 3.0, cooling_rate = 0.999
26 - INFO - chord#: 91 done. best_score=145.0, changed=610, unchanged=324, early_stops=8/8
26 - INFO - chord#: 92 In build_straw_man_chord_sa. tolerance = 1, sa_iterations = 1000, initial_temperature = 3.0, cooling_rate = 0.999
26 - INFO - chord#: 90 done. best_score=27.0, changed=510, unchanged=343, early_stops=8/8
26 - INFO - chord#: 91 In build_straw_man_chord_sa. tolerance = 1, sa_iterations = 1000, initial_temperature = 3.0, cooling_rate = 0.999
26 - INFO - chord#: 91 done. best_score=67.0, changed=616, unchanged=420, early_stops=8/8
26 - INFO - chord#: 92 In build_straw_man_chord_sa. tolerance = 1, sa_iterations = 1000, initial_temperature = 3.0, cooling_rate = 0.999
26 - INFO - chord#: 114 done. best_score=70.0, changed=611, unchanged=367, early_stops=8/8
26 - INFO - chord#: 116 In build_straw_man_chord_sa. tolerance = 1, sa_iterations = 1000, initial_temperature = 3.0, cooling_rate = 0.999
26 - INFO - chord#: 120 done. best_score=27.0, changed=521, unchanged=534, early_stops=8/8
26 - INFO - chord#: 124 In build_straw_man_chord_sa. tolerance = 1, sa_iterations = 1000, initial_temperature = 3.0, cooling_rate = 0.999
26 - INFO - chord#: 118 done. best_score=27.0, changed=524, unchanged=410, early_stops=8/8
26 - INFO - chord#: 120 In build_straw_man_chord_sa. tolerance = 1, sa_iterations = 1000, initial_temperature = 3.0, cooling_rate = 0.999
26 - INFO - chord#: 124 done. best_score=27.0, changed=523, unchanged=429, early_stops=8/8
26 - INFO - chord#: 128 In build_straw_man_chord_sa. tolerance = 1, sa_iterations = 1000, initial_temperature = 3.0, cooling_rate = 0.999
26 - INFO - chord#: 118 done. best_score=27.0, changed=525, unchanged=386, early_stops=8/8
26 - INFO - chord#: 120 In build_straw_man_chord_sa. tolerance = 1, sa_iterations = 1000, initial_temperature = 3.0, cooling_rate = 0.999
26 - INFO - chord#: 102 done. best_score=74.0, changed=608, unchanged=270, early_stops=8/8
26 - INFO - chord#: 104 In build_straw_man_chord_sa. tolerance = 1, sa_iterations = 1000, initial_temperature = 3.0, cooling_rate = 0.999
26 - INFO - chord#: 92 done. best_score=27.0, changed=528, unchanged=391, early_stops=8/8
26 - INFO - chord#: 96 In build_straw_man_chord_sa. tolerance = 1, sa_iterations = 1000, initial_temperature = 3.0, cooling_rate = 0.999
26 - INFO - chord#: 114 done. best_score=75.0, changed=612, unchanged=301, early_stops=8/8
26 - INFO - chord#: 116 In build_straw_man_chord_sa. tolerance = 1, sa_iterations = 1000, initial_temperature = 3.0, cooling_rate = 0.999
26 - INFO - chord#: 92 done. best_score=27.0, changed=529, unchanged=406, early_stops=8/8
26 - INFO - chord#: 96 In build_straw_man_chord_sa. tolerance = 1, sa_iterations = 1000, initial_temperature = 3.0, cooling_rate = 0.999
26 - INFO - chord#: 116 done. best_score=36.0, changed=521, unchanged=460, early_stops=8/8
26 - INFO - chord#: 118 In build_straw_man_chord_sa. tolerance = 1, sa_iterations = 1000, initial_temperature = 3.0, cooling_rate = 0.999
26 - INFO - chord#: 120 done. best_score=27.0, changed=518, unchanged=425, early_stops=8/8
26 - INFO - chord#: 124 In build_straw_man_chord_sa. tolerance = 1, sa_iterations = 1000, initial_temperature = 3.0, cooling_rate = 0.999
26 - INFO - chord#: 128 done. best_score=27.0, changed=525, unchanged=354, early_stops=8/8
26 - INFO - chord#: 130 In build_straw_man_chord_sa. tolerance = 1, sa_iterations = 1000, initial_temperature = 3.0, cooling_rate = 0.999
26 - INFO - chord#: 120 done. best_score=27.0, changed=522, unchanged=326, early_stops=8/8
26 - INFO - chord#: 124 In build_straw_man_chord_sa. tolerance = 1, sa_iterations = 1000, initial_temperature = 3.0, cooling_rate = 0.999
26 - INFO - chord#: 124 done. best_score=27.0, changed=527, unchanged=656, early_stops=8/8
26 - INFO - chord#: 128 In build_straw_man_chord_sa. tolerance = 1, sa_iterations = 1000, initial_temperature = 3.0, cooling_rate = 0.999
26 - INFO - chord#: 116 done. best_score=27.0, changed=534, unchanged=343, early_stops=8/8
26 - INFO - chord#: 118 In build_straw_man_chord_sa. tolerance = 1, sa_iterations = 1000, initial_temperature = 3.0, cooling_rate = 0.999
26 - INFO - chord#: 91 done. best_score=78.0, changed=613, unchanged=456, early_stops=8/8
26 - INFO - chord#: 92 In build_straw_man_chord_sa. tolerance = 1, sa_iterations = 1000, initial_temperature = 3.0, cooling_rate = 0.999
26 - INFO - chord#: 104 done. best_score=27.0, changed=529, unchanged=453, early_stops=8/8
26 - INFO - chord#: 106 In build_straw_man_chord_sa. tolerance = 1, sa_iterations = 1000, initial_temperature = 3.0, cooling_rate = 0.999
26 - INFO - chord#: 118 done. best_score=27.0, changed=519, unchanged=362, early_stops=8/8
26 - INFO - chord#: 120 In build_straw_man_chord_sa. tolerance = 1, sa_iterations = 1000, initial_temperature = 3.0, cooling_rate = 0.999
26 - INFO - chord#: 96 done. best_score=27.0, changed=515, unchanged=442, early_stops=8/8
26 - INFO - chord#: 100 In build_straw_man_chord_sa. tolerance = 1, sa_iterations = 1000, initial_temperature = 3.0, cooling_rate = 0.999
26 - INFO - chord#: 96 done. best_score=27.0, changed=521, unchanged=398, early_stops=8/8
26 - INFO - chord#: 100 In build_straw_man_chord_sa. tolerance = 1, sa_iterations = 1000, initial_temperature = 3.0, cooling_rate = 0.999
26 - INFO - chord#: 91 done. best_score=145.0, changed=610, unchanged=343, early_stops=8/8
26 - INFO - chord#: 92 In build_straw_man_chord_sa. tolerance = 1, sa_iterations = 1000, initial_temperature = 3.0, cooling_rate = 0.999
26 - INFO - chord#: 124 done. best_score=27.0, changed=521, unchanged=378, early_stops=8/8
26 - INFO - chord#: 128 In build_straw_man_chord_sa. tolerance = 1, sa_iterations = 1000, initial_temperature = 3.0, cooling_rate = 0.999
26 - INFO - chord#: 130 done. best_score=36.0, changed=522, unchanged=464, early_stops=8/8
26 - INFO - chord#: 132 In build_straw_man_chord_sa. tolerance = 1, sa_iterations = 1000, initial_temperature = 3.0, cooling_rate = 0.999
26 - INFO - chord#: 128 done. best_score=27.0, changed=518, unchanged=394, early_stops=8/8
26 - INFO - chord#: 130 In build_straw_man_chord_sa. tolerance = 1, sa_iterations = 1000, initial_temperature = 3.0, cooling_rate = 0.999
26 - INFO - chord#: 124 done. best_score=27.0, changed=520, unchanged=429, early_stops=8/8
26 - INFO - chord#: 128 In build_straw_man_chord_sa. tolerance = 1, sa_iterations = 1000, initial_temperature = 3.0, cooling_rate = 0.999
26 - INFO - chord#: 118 done. best_score=27.0, changed=521, unchanged=363, early_stops=8/8
26 - INFO - chord#: 120 In build_straw_man_chord_sa. tolerance = 1, sa_iterations = 1000, initial_temperature = 3.0, cooling_rate = 0.999
26 - INFO - chord#: 91 done. best_score=137.0, changed=612, unchanged=337, early_stops=8/8
26 - INFO - chord#: 92 In build_straw_man_chord_sa. tolerance = 1, sa_iterations = 1000, initial_temperature = 3.0, cooling_rate = 0.999
26 - INFO - chord#: 92 done. best_score=27.0, changed=521, unchanged=325, early_stops=8/8
26 - INFO - chord#: 96 In build_straw_man_chord_sa. tolerance = 1, sa_iterations = 1000, initial_temperature = 3.0, cooling_rate = 0.999
26 - INFO - chord#: 120 done. best_score=27.0, changed=518, unchanged=386, early_stops=8/8
26 - INFO - chord#: 124 In build_straw_man_chord_sa. tolerance = 1, sa_iterations = 1000, initial_temperature = 3.0, cooling_rate = 0.999
26 - INFO - chord#: 100 done. best_score=27.0, changed=516, unchanged=337, early_stops=8/8
26 - INFO - chord#: 102 In build_straw_man_chord_sa. tolerance = 1, sa_iterations = 1000, initial_temperature = 3.0, cooling_rate = 0.999
26 - INFO - chord#: 92 done. best_score=27.0, changed=517, unchanged=348, early_stops=8/8
26 - INFO - chord#: 96 In build_straw_man_chord_sa. tolerance = 1, sa_iterations = 1000, initial_temperature = 3.0, cooling_rate = 0.999
26 - INFO - chord#: 128 done. best_score=27.0, changed=525, unchanged=429, early_stops=8/8
26 - INFO - chord#: 130 In build_straw_man_chord_sa. tolerance = 1, sa_iterations = 1000, initial_temperature = 3.0, cooling_rate = 0.999
26 - INFO - chord#: 132 done. best_score=27.0, changed=525, unchanged=360, early_stops=8/8
26 - INFO - chord#: 134 In build_straw_man_chord_sa. tolerance = 1, sa_iterations = 1000, initial_temperature = 3.0, cooling_rate = 0.999
26 - INFO - chord#: 130 done. best_score=36.0, changed=513, unchanged=314, early_stops=8/8
26 - INFO - chord#: 132 In build_straw_man_chord_sa. tolerance = 1, sa_iterations = 1000, initial_temperature = 3.0, cooling_rate = 0.999
26 - INFO - chord#: 100 done. best_score=27.0, changed=532, unchanged=566, early_stops=8/8
26 - INFO - chord#: 102 In build_straw_man_chord_sa. tolerance = 1, sa_iterations = 1000, initial_temperature = 3.0, cooling_rate = 0.999
26 - INFO - chord#: 128 done. best_score=27.0, changed=524, unchanged=388, early_stops=8/8
26 - INFO - chord#: 120 done. best_score=27.0, changed=527, unchanged=474, early_stops=8/8
26 - INFO - chord#: 130 In build_straw_man_chord_sa. tolerance = 1, sa_iterations = 1000, initial_temperature = 3.0, cooling_rate = 0.999
26 - INFO - chord#: 124 In build_straw_man_chord_sa. tolerance = 1, sa_iterations = 1000, initial_temperature = 3.0, cooling_rate = 0.999
26 - INFO - chord#: 92 done. best_score=27.0, changed=521, unchanged=441, early_stops=8/8
26 - INFO - chord#: 96 In build_straw_man_chord_sa. tolerance = 1, sa_iterations = 1000, initial_temperature = 3.0, cooling_rate = 0.999
26 - INFO - chord#: 124 done. best_score=27.0, changed=510, unchanged=399, early_stops=8/8
26 - INFO - chord#: 128 In build_straw_man_chord_sa. tolerance = 1, sa_iterations = 1000, initial_temperature = 3.0, cooling_rate = 0.999
26 - INFO - chord#: 106 done. best_score=64.0, changed=606, unchanged=217, early_stops=8/8
26 - INFO - chord#: 108 In build_straw_man_chord_sa. tolerance = 1, sa_iterations = 1000, initial_temperature = 3.0, cooling_rate = 0.999
26 - INFO - chord#: 96 done. best_score=27.0, changed=519, unchanged=407, early_stops=8/8
26 - INFO - chord#: 100 In build_straw_man_chord_sa. tolerance = 1, sa_iterations = 1000, initial_temperature = 3.0, cooling_rate = 0.999
26 - INFO - chord#: 96 done. best_score=27.0, changed=516, unchanged=374, early_stops=8/8
26 - INFO - chord#: 100 In build_straw_man_chord_sa. tolerance = 1, sa_iterations = 1000, initial_temperature = 3.0, cooling_rate = 0.999
26 - INFO - chord#: 130 done. best_score=36.0, changed=516, unchanged=421, early_stops=8/8
26 - INFO - chord#: 132 In build_straw_man_chord_sa. tolerance = 1, sa_iterations = 1000, initial_temperature = 3.0, cooling_rate = 0.999
26 - INFO - chord#: 132 done. best_score=27.0, changed=532, unchanged=455, early_stops=8/8
26 - INFO - chord#: 134 In build_straw_man_chord_sa. tolerance = 1, sa_iterations = 1000, initial_temperature = 3.0, cooling_rate = 0.999
26 - INFO - chord#: 128 done. best_score=27.0, changed=523, unchanged=466, early_stops=8/8
26 - INFO - chord#: 130 In build_straw_man_chord_sa. tolerance = 1, sa_iterations = 1000, initial_temperature = 3.0, cooling_rate = 0.999
26 - INFO - chord#: 130 done. best_score=36.0, changed=524, unchanged=492, early_stops=8/8
26 - INFO - chord#: 132 In build_straw_man_chord_sa. tolerance = 1, sa_iterations = 1000, initial_temperature = 3.0, cooling_rate = 0.999
26 - INFO - chord#: 96 done. best_score=27.0, changed=520, unchanged=396, early_stops=8/8
26 - INFO - chord#: 100 In build_straw_man_chord_sa. tolerance = 1, sa_iterations = 1000, initial_temperature = 3.0, cooling_rate = 0.999
26 - INFO - chord#: 108 done. best_score=27.0, changed=525, unchanged=449, early_stops=8/8
26 - INFO - chord#: 110 In build_straw_man_chord_sa. tolerance = 1, sa_iterations = 1000, initial_temperature = 3.0, cooling_rate = 0.999
26 - INFO - chord#: 100 done. best_score=27.0, changed=522, unchanged=337, early_stops=8/8
26 - INFO - chord#: 102 In build_straw_man_chord_sa. tolerance = 1, sa_iterations = 1000, initial_temperature = 3.0, cooling_rate = 0.999
26 - INFO - chord#: 124 done. best_score=27.0, changed=524, unchanged=586, early_stops=8/8
26 - INFO - chord#: 128 In build_straw_man_chord_sa. tolerance = 1, sa_iterations = 1000, initial_temperature = 3.0, cooling_rate = 0.999
26 - INFO - chord#: 100 done. best_score=27.0, changed=517, unchanged=366, early_stops=8/8
26 - INFO - chord#: 102 In build_straw_man_chord_sa. tolerance = 1, sa_iterations = 1000, initial_temperature = 3.0, cooling_rate = 0.999
26 - INFO - chord#: 132 done. best_score=27.0, changed=516, unchanged=358, early_stops=8/8
26 - INFO - chord#: 134 In build_straw_man_chord_sa. tolerance = 1, sa_iterations = 1000, initial_temperature = 3.0, cooling_rate = 0.999
26 - INFO - chord#: 102 done. best_score=74.0, changed=614, unchanged=316, early_stops=8/8
26 - INFO - chord#: 104 In build_straw_man_chord_sa. tolerance = 1, sa_iterations = 1000, initial_temperature = 3.0, cooling_rate = 0.999
26 - INFO - chord#: 134 done. best_score=70.0, changed=612, unchanged=342, early_stops=8/8
26 - INFO - chord#: 136 In build_straw_man_chord_sa. tolerance = 1, sa_iterations = 1000, initial_temperature = 3.0, cooling_rate = 0.999
26 - INFO - chord#: 130 done. best_score=36.0, changed=540, unchanged=448, early_stops=8/8
26 - INFO - chord#: 132 In build_straw_man_chord_sa. tolerance = 1, sa_iterations = 1000, initial_temperature = 3.0, cooling_rate = 0.999
26 - INFO - chord#: 110 done. best_score=36.0, changed=522, unchanged=384, early_stops=8/8
26 - INFO - chord#: 112 In build_straw_man_chord_sa. tolerance = 1, sa_iterations = 1000, initial_temperature = 3.0, cooling_rate = 0.999
26 - INFO - chord#: 102 done. best_score=74.0, changed=606, unchanged=252, early_stops=8/8
26 - INFO - chord#: 104 In build_straw_man_chord_sa. tolerance = 1, sa_iterations = 1000, initial_temperature = 3.0, cooling_rate = 0.999
26 - INFO - chord#: 132 done. best_score=27.0, changed=521, unchanged=435, early_stops=8/8
26 - INFO - chord#: 100 done. best_score=27.0, changed=527, unchanged=398, early_stops=8/8
26 - INFO - chord#: 134 In build_straw_man_chord_sa. tolerance = 1, sa_iterations = 1000, initial_temperature = 3.0, cooling_rate = 0.999
26 - INFO - chord#: 102 In build_straw_man_chord_sa. tolerance = 1, sa_iterations = 1000, initial_temperature = 3.0, cooling_rate = 0.999
26 - INFO - chord#: 128 done. best_score=27.0, changed=528, unchanged=480, early_stops=8/8
26 - INFO - chord#: 130 In build_straw_man_chord_sa. tolerance = 1, sa_iterations = 1000, initial_temperature = 3.0, cooling_rate = 0.999
26 - INFO - chord#: 104 done. best_score=27.0, changed=527, unchanged=422, early_stops=8/8
26 - INFO - chord#: 106 In build_straw_man_chord_sa. tolerance = 1, sa_iterations = 1000, initial_temperature = 3.0, cooling_rate = 0.999
26 - INFO - chord#: 134 done. best_score=70.0, changed=608, unchanged=296, early_stops=8/8
26 - INFO - chord#: 136 In build_straw_man_chord_sa. tolerance = 1, sa_iterations = 1000, initial_temperature = 3.0, cooling_rate = 0.999
26 - INFO - chord#: 136 done. best_score=27.0, changed=524, unchanged=468, early_stops=8/8
26 - INFO - chord#: 138 In build_straw_man_chord_sa. tolerance = 1, sa_iterations = 1000, initial_temperature = 3.0, cooling_rate = 0.999
26 - INFO - chord#: 132 done. best_score=27.0, changed=532, unchanged=377, early_stops=8/8
26 - INFO - chord#: 134 In build_straw_man_chord_sa. tolerance = 1, sa_iterations = 1000, initial_temperature = 3.0, cooling_rate = 0.999
26 - INFO - chord#: 112 done. best_score=27.0, changed=521, unchanged=410, early_stops=8/8
26 - INFO - chord#: 114 In build_straw_man_chord_sa. tolerance = 1, sa_iterations = 1000, initial_temperature = 3.0, cooling_rate = 0.999
26 - INFO - chord#: 104 done. best_score=27.0, changed=531, unchanged=463, early_stops=8/8
26 - INFO - chord#: 106 In build_straw_man_chord_sa. tolerance = 1, sa_iterations = 1000, initial_temperature = 3.0, cooling_rate = 0.999
26 - INFO - chord#: 134 done. best_score=103.0, changed=609, unchanged=231, early_stops=8/8
26 - INFO - chord#: 136 In build_straw_man_chord_sa. tolerance = 1, sa_iterations = 1000, initial_temperature = 3.0, cooling_rate = 0.999
26 - INFO - chord#: 102 done. best_score=74.0, changed=614, unchanged=505, early_stops=8/8
26 - INFO - chord#: 104 In build_straw_man_chord_sa. tolerance = 1, sa_iterations = 1000, initial_temperature = 3.0, cooling_rate = 0.999
26 - INFO - chord#: 136 done. best_score=27.0, changed=522, unchanged=415, early_stops=8/8
26 - INFO - chord#: 138 In build_straw_man_chord_sa. tolerance = 1, sa_iterations = 1000, initial_temperature = 3.0, cooling_rate = 0.999
26 - INFO - chord#: 130 done. best_score=36.0, changed=518, unchanged=364, early_stops=8/8
26 - INFO - chord#: 132 In build_straw_man_chord_sa. tolerance = 1, sa_iterations = 1000, initial_temperature = 3.0, cooling_rate = 0.999
26 - INFO - chord#: 102 done. best_score=74.0, changed=617, unchanged=458, early_stops=8/8
26 - INFO - chord#: 104 In build_straw_man_chord_sa. tolerance = 1, sa_iterations = 1000, initial_temperature = 3.0, cooling_rate = 0.999
26 - INFO - chord#: 136 done. best_score=27.0, changed=521, unchanged=376, early_stops=8/8
26 - INFO - chord#: 138 In build_straw_man_chord_sa. tolerance = 1, sa_iterations = 1000, initial_temperature = 3.0, cooling_rate = 0.999
26 - INFO - chord#: 104 done. best_score=27.0, changed=516, unchanged=335, early_stops=8/8
26 - INFO - chord#: 106 In build_straw_man_chord_sa. tolerance = 1, sa_iterations = 1000, initial_temperature = 3.0, cooling_rate = 0.999
26 - INFO - chord#: 134 done. best_score=103.0, changed=612, unchanged=206, early_stops=8/8
26 - INFO - chord#: 136 In build_straw_man_chord_sa. tolerance = 1, sa_iterations = 1000, initial_temperature = 3.0, cooling_rate = 0.999
26 - INFO - chord#: 132 done. best_score=27.0, changed=514, unchanged=327, early_stops=8/8
26 - INFO - chord#: 134 In build_straw_man_chord_sa. tolerance = 1, sa_iterations = 1000, initial_temperature = 3.0, cooling_rate = 0.999
26 - INFO - chord#: 138 done. best_score=67.0, changed=610, unchanged=287, early_stops=8/8
26 - INFO - chord#: 140 In build_straw_man_chord_sa. tolerance = 1, sa_iterations = 1000, initial_temperature = 3.0, cooling_rate = 0.999
26 - INFO - chord#: 114 done. best_score=111.0, changed=607, unchanged=214, early_stops=8/8
26 - INFO - chord#: 116 In build_straw_man_chord_sa. tolerance = 1, sa_iterations = 1000, initial_temperature = 3.0, cooling_rate = 0.999
26 - INFO - chord#: 102 done. best_score=74.0, changed=612, unchanged=389, early_stops=8/8
26 - INFO - chord#: 104 In build_straw_man_chord_sa. tolerance = 1, sa_iterations = 1000, initial_temperature = 3.0, cooling_rate = 0.999
26 - INFO - chord#: 106 done. best_score=64.0, changed=611, unchanged=291, early_stops=8/8
26 - INFO - chord#: 108 In build_straw_man_chord_sa. tolerance = 1, sa_iterations = 1000, initial_temperature = 3.0, cooling_rate = 0.999
26 - INFO - chord#: 134 done. best_score=70.0, changed=615, unchanged=394, early_stops=8/8
26 - INFO - chord#: 136 In build_straw_man_chord_sa. tolerance = 1, sa_iterations = 1000, initial_temperature = 3.0, cooling_rate = 0.999
26 - INFO - chord#: 104 done. best_score=27.0, changed=518, unchanged=366, early_stops=8/8
26 - INFO - chord#: 106 In build_straw_man_chord_sa. tolerance = 1, sa_iterations = 1000, initial_temperature = 3.0, cooling_rate = 0.999
26 - INFO - chord#: 136 done. best_score=27.0, changed=522, unchanged=412, early_stops=8/8
26 - INFO - chord#: 138 In build_straw_man_chord_sa. tolerance = 1, sa_iterations = 1000, initial_temperature = 3.0, cooling_rate = 0.999
26 - INFO - chord#: 138 done. best_score=67.0, changed=616, unchanged=334, early_stops=8/8
26 - INFO - chord#: 140 In build_straw_man_chord_sa. tolerance = 1, sa_iterations = 1000, initial_temperature = 3.0, cooling_rate = 0.999
26 - INFO - chord#: 106 done. best_score=64.0, changed=611, unchanged=340, early_stops=8/8
26 - INFO - chord#: 108 In build_straw_man_chord_sa. tolerance = 1, sa_iterations = 1000, initial_temperature = 3.0, cooling_rate = 0.999
26 - INFO - chord#: 140 done. best_score=27.0, changed=521, unchanged=499, early_stops=8/8
26 - INFO - chord#: 142 In build_straw_man_chord_sa. tolerance = 1, sa_iterations = 1000, initial_temperature = 3.0, cooling_rate = 0.999
26 - INFO - chord#: 116 done. best_score=27.0, changed=532, unchanged=547, early_stops=8/8
26 - INFO - chord#: 118 In build_straw_man_chord_sa. tolerance = 1, sa_iterations = 1000, initial_temperature = 3.0, cooling_rate = 0.999
26 - INFO - chord#: 136 done. best_score=27.0, changed=533, unchanged=344, early_stops=8/8
26 - INFO - chord#: 138 In build_straw_man_chord_sa. tolerance = 1, sa_iterations = 1000, initial_temperature = 3.0, cooling_rate = 0.999
26 - INFO - chord#: 104 done. best_score=27.0, changed=525, unchanged=437, early_stops=8/8
26 - INFO - chord#: 106 In build_straw_man_chord_sa. tolerance = 1, sa_iterations = 1000, initial_temperature = 3.0, cooling_rate = 0.999
26 - INFO - chord#: 106 done. best_score=140.0, changed=615, unchanged=273, early_stops=8/8
26 - INFO - chord#: 108 In build_straw_man_chord_sa. tolerance = 1, sa_iterations = 1000, initial_temperature = 3.0, cooling_rate = 0.999
26 - INFO - chord#: 138 done. best_score=67.0, changed=615, unchanged=352, early_stops=8/8
26 - INFO - chord#: 140 In build_straw_man_chord_sa. tolerance = 1, sa_iterations = 1000, initial_temperature = 3.0, cooling_rate = 0.999
26 - INFO - chord#: 108 done. best_score=27.0, changed=517, unchanged=481, early_stops=8/8
26 - INFO - chord#: 110 In build_straw_man_chord_sa. tolerance = 1, sa_iterations = 1000, initial_temperature = 3.0, cooling_rate = 0.999
26 - INFO - chord#: 140 done. best_score=27.0, changed=519, unchanged=480, early_stops=8/8
26 - INFO - chord#: 142 In build_straw_man_chord_sa. tolerance = 1, sa_iterations = 1000, initial_temperature = 3.0, cooling_rate = 0.999
26 - INFO - chord#: 108 done. best_score=27.0, changed=523, unchanged=363, early_stops=8/8
26 - INFO - chord#: 110 In build_straw_man_chord_sa. tolerance = 1, sa_iterations = 1000, initial_temperature = 3.0, cooling_rate = 0.999
26 - INFO - chord#: 118 done. best_score=27.0, changed=525, unchanged=569, early_stops=8/8
26 - INFO - chord#: 120 In build_straw_man_chord_sa. tolerance = 1, sa_iterations = 1000, initial_temperature = 3.0, cooling_rate = 0.999
26 - INFO - chord#: 134 done. best_score=149.0, changed=612, unchanged=285, early_stops=8/8
26 - INFO - chord#: 136 In build_straw_man_chord_sa. tolerance = 1, sa_iterations = 1000, initial_temperature = 3.0, cooling_rate = 0.999
26 - INFO - chord#: 108 done. best_score=27.0, changed=529, unchanged=459, early_stops=8/8
26 - INFO - chord#: 110 In build_straw_man_chord_sa. tolerance = 1, sa_iterations = 1000, initial_temperature = 3.0, cooling_rate = 0.999
26 - INFO - chord#: 140 done. best_score=27.0, changed=516, unchanged=525, early_stops=8/8
26 - INFO - chord#: 142 In build_straw_man_chord_sa. tolerance = 1, sa_iterations = 1000, initial_temperature = 3.0, cooling_rate = 0.999
26 - INFO - chord#: 106 done. best_score=146.0, changed=610, unchanged=267, early_stops=8/8
26 - INFO - chord#: 108 In build_straw_man_chord_sa. tolerance = 1, sa_iterations = 1000, initial_temperature = 3.0, cooling_rate = 0.999
26 - INFO - chord#: 110 done. best_score=36.0, changed=518, unchanged=324, early_stops=8/8
26 - INFO - chord#: 112 In build_straw_man_chord_sa. tolerance = 1, sa_iterations = 1000, initial_temperature = 3.0, cooling_rate = 0.999
26 - INFO - chord#: 142 done. best_score=64.0, changed=609, unchanged=287, early_stops=8/8
26 - INFO - chord#: 144 In build_straw_man_chord_sa. tolerance = 1, sa_iterations = 1000, initial_temperature = 3.0, cooling_rate = 0.999
26 - INFO - chord#: 120 done. best_score=27.0, changed=523, unchanged=524, early_stops=8/8
26 - INFO - chord#: 124 In build_straw_man_chord_sa. tolerance = 1, sa_iterations = 1000, initial_temperature = 3.0, cooling_rate = 0.999
26 - INFO - chord#: 110 done. best_score=36.0, changed=523, unchanged=396, early_stops=8/8
26 - INFO - chord#: 112 In build_straw_man_chord_sa. tolerance = 1, sa_iterations = 1000, initial_temperature = 3.0, cooling_rate = 0.999
26 - INFO - chord#: 138 done. best_score=67.0, changed=608, unchanged=397, early_stops=8/8
26 - INFO - chord#: 140 In build_straw_man_chord_sa. tolerance = 1, sa_iterations = 1000, initial_temperature = 3.0, cooling_rate = 0.999
26 - INFO - chord#: 136 done. best_score=27.0, changed=522, unchanged=426, early_stops=8/8
26 - INFO - chord#: 138 In build_straw_man_chord_sa. tolerance = 1, sa_iterations = 1000, initial_temperature = 3.0, cooling_rate = 0.999
26 - INFO - chord#: 110 done. best_score=36.0, changed=521, unchanged=349, early_stops=8/8
26 - INFO - chord#: 112 In build_straw_man_chord_sa. tolerance = 1, sa_iterations = 1000, initial_temperature = 3.0, cooling_rate = 0.999
26 - INFO - chord#: 138 done. best_score=67.0, changed=617, unchanged=374, early_stops=8/8
26 - INFO - chord#: 140 In build_straw_man_chord_sa. tolerance = 1, sa_iterations = 1000, initial_temperature = 3.0, cooling_rate = 0.999
26 - INFO - chord#: 106 done. best_score=104.0, changed=612, unchanged=246, early_stops=8/8
26 - INFO - chord#: 108 In build_straw_man_chord_sa. tolerance = 1, sa_iterations = 1000, initial_temperature = 3.0, cooling_rate = 0.999
26 - INFO - chord#: 124 done. best_score=27.0, changed=519, unchanged=347, early_stops=8/8
26 - INFO - chord#: 128 In build_straw_man_chord_sa. tolerance = 1, sa_iterations = 1000, initial_temperature = 3.0, cooling_rate = 0.999
26 - INFO - chord#: 142 done. best_score=64.0, changed=611, unchanged=381, early_stops=8/8
26 - INFO - chord#: 144 In build_straw_man_chord_sa. tolerance = 1, sa_iterations = 1000, initial_temperature = 3.0, cooling_rate = 0.999
26 - INFO - chord#: 108 done. best_score=27.0, changed=521, unchanged=508, early_stops=8/8
26 - INFO - chord#: 110 In build_straw_man_chord_sa. tolerance = 1, sa_iterations = 1000, initial_temperature = 3.0, cooling_rate = 0.999
26 - INFO - chord#: 112 done. best_score=27.0, changed=522, unchanged=538, early_stops=8/8
26 - INFO - chord#: 114 In build_straw_man_chord_sa. tolerance = 1, sa_iterations = 1000, initial_temperature = 3.0, cooling_rate = 0.999
26 - INFO - chord#: 140 done. best_score=27.0, changed=523, unchanged=410, early_stops=8/8
26 - INFO - chord#: 142 In build_straw_man_chord_sa. tolerance = 1, sa_iterations = 1000, initial_temperature = 3.0, cooling_rate = 0.999
26 - INFO - chord#: 112 done. best_score=27.0, changed=510, unchanged=325, early_stops=8/8
26 - INFO - chord#: 114 In build_straw_man_chord_sa. tolerance = 1, sa_iterations = 1000, initial_temperature = 3.0, cooling_rate = 0.999
26 - INFO - chord#: 112 done. best_score=27.0, changed=515, unchanged=436, early_stops=8/8
26 - INFO - chord#: 114 In build_straw_man_chord_sa. tolerance = 1, sa_iterations = 1000, initial_temperature = 3.0, cooling_rate = 0.999
26 - INFO - chord#: 142 done. best_score=64.0, changed=610, unchanged=367, early_stops=8/8
26 - INFO - chord#: 144 In build_straw_man_chord_sa. tolerance = 1, sa_iterations = 1000, initial_temperature = 3.0, cooling_rate = 0.999
26 - INFO - chord#: 128 done. best_score=27.0, changed=519, unchanged=401, early_stops=8/8
26 - INFO - chord#: 130 In build_straw_man_chord_sa. tolerance = 1, sa_iterations = 1000, initial_temperature = 3.0, cooling_rate = 0.999
26 - INFO - chord#: 144 done. best_score=64.0, changed=614, unchanged=318, early_stops=8/8
26 - INFO - chord#: 146 In build_straw_man_chord_sa. tolerance = 1, sa_iterations = 1000, initial_temperature = 3.0, cooling_rate = 0.999
26 - INFO - chord#: 108 done. best_score=27.0, changed=524, unchanged=454, early_stops=8/8
26 - INFO - chord#: 110 In build_straw_man_chord_sa. tolerance = 1, sa_iterations = 1000, initial_temperature = 3.0, cooling_rate = 0.999
26 - INFO - chord#: 140 done. best_score=27.0, changed=523, unchanged=445, early_stops=8/8
26 - INFO - chord#: 142 In build_straw_man_chord_sa. tolerance = 1, sa_iterations = 1000, initial_temperature = 3.0, cooling_rate = 0.999
26 - INFO - chord#: 110 done. best_score=36.0, changed=530, unchanged=421, early_stops=8/8
26 - INFO - chord#: 112 In build_straw_man_chord_sa. tolerance = 1, sa_iterations = 1000, initial_temperature = 3.0, cooling_rate = 0.999
26 - INFO - chord#: 146 done. best_score=27.0, changed=513, unchanged=417, early_stops=8/8
26 - INFO - chord#: 147 In build_straw_man_chord_sa. tolerance = 1, sa_iterations = 1000, initial_temperature = 3.0, cooling_rate = 0.999
26 - INFO - chord#: 110 done. best_score=36.0, changed=522, unchanged=348, early_stops=8/8
26 - INFO - chord#: 112 In build_straw_man_chord_sa. tolerance = 1, sa_iterations = 1000, initial_temperature = 3.0, cooling_rate = 0.999
26 - INFO - chord#: 138 done. best_score=67.0, changed=613, unchanged=293, early_stops=8/8
26 - INFO - chord#: 140 In build_straw_man_chord_sa. tolerance = 1, sa_iterations = 1000, initial_temperature = 3.0, cooling_rate = 0.999
26 - INFO - chord#: 130 done. best_score=36.0, changed=526, unchanged=496, early_stops=8/8
26 - INFO - chord#: 132 In build_straw_man_chord_sa. tolerance = 1, sa_iterations = 1000, initial_temperature = 3.0, cooling_rate = 0.999
26 - INFO - chord#: 142 done. best_score=64.0, changed=617, unchanged=392, early_stops=8/8
26 - INFO - chord#: 144 In build_straw_man_chord_sa. tolerance = 1, sa_iterations = 1000, initial_temperature = 3.0, cooling_rate = 0.999
26 - INFO - chord#: 144 done. best_score=64.0, changed=615, unchanged=311, early_stops=8/8
26 - INFO - chord#: 146 In build_straw_man_chord_sa. tolerance = 1, sa_iterations = 1000, initial_temperature = 3.0, cooling_rate = 0.999
26 - INFO - chord#: 144 done. best_score=104.0, changed=616, unchanged=462, early_stops=8/8
26 - INFO - chord#: 146 In build_straw_man_chord_sa. tolerance = 1, sa_iterations = 1000, initial_temperature = 3.0, cooling_rate = 0.999
26 - INFO - chord#: 112 done. best_score=27.0, changed=521, unchanged=388, early_stops=8/8
26 - INFO - chord#: 114 In build_straw_man_chord_sa. tolerance = 1, sa_iterations = 1000, initial_temperature = 3.0, cooling_rate = 0.999
26 - INFO - chord#: 114 done. best_score=70.0, changed=606, unchanged=242, early_stops=8/8
26 - INFO - chord#: 116 In build_straw_man_chord_sa. tolerance = 1, sa_iterations = 1000, initial_temperature = 3.0, cooling_rate = 0.999
26 - INFO - chord#: 114 done. best_score=70.0, changed=615, unchanged=371, early_stops=8/8
26 - INFO - chord#: 116 In build_straw_man_chord_sa. tolerance = 1, sa_iterations = 1000, initial_temperature = 3.0, cooling_rate = 0.999
26 - INFO - chord#: 147 done. best_score=36.0, changed=519, unchanged=327, early_stops=8/8
26 - INFO - chord#: 148 In build_straw_man_chord_sa. tolerance = 1, sa_iterations = 1000, initial_temperature = 3.0, cooling_rate = 0.999
26 - INFO - chord#: 112 done. best_score=27.0, changed=526, unchanged=397, early_stops=8/8
26 - INFO - chord#: 114 In build_straw_man_chord_sa. tolerance = 1, sa_iterations = 1000, initial_temperature = 3.0, cooling_rate = 0.999
26 - INFO - chord#: 114 done. best_score=149.0, changed=615, unchanged=374, early_stops=8/8
26 - INFO - chord#: 116 In build_straw_man_chord_sa. tolerance = 1, sa_iterations = 1000, initial_temperature = 3.0, cooling_rate = 0.999
26 - INFO - chord#: 132 done. best_score=27.0, changed=521, unchanged=501, early_stops=8/8
26 - INFO - chord#: 134 In build_straw_man_chord_sa. tolerance = 1, sa_iterations = 1000, initial_temperature = 3.0, cooling_rate = 0.999
26 - INFO - chord#: 140 done. best_score=27.0, changed=515, unchanged=445, early_stops=8/8
26 - INFO - chord#: 142 In build_straw_man_chord_sa. tolerance = 1, sa_iterations = 1000, initial_temperature = 3.0, cooling_rate = 0.999
26 - INFO - chord#: 146 done. best_score=27.0, changed=517, unchanged=319, early_stops=8/8
26 - INFO - chord#: 147 In build_straw_man_chord_sa. tolerance = 1, sa_iterations = 1000, initial_temperature = 3.0, cooling_rate = 0.999
26 - INFO - chord#: 148 done. best_score=27.0, changed=519, unchanged=358, early_stops=8/8
26 - INFO - chord#: 150 In build_straw_man_chord_sa. tolerance = 1, sa_iterations = 1000, initial_temperature = 3.0, cooling_rate = 0.999
26 - INFO - chord#: 116 done. best_score=27.0, changed=518, unchanged=368, early_stops=8/8
26 - INFO - chord#: 118 In build_straw_man_chord_sa. tolerance = 1, sa_iterations = 1000, initial_temperature = 3.0, cooling_rate = 0.999
26 - INFO - chord#: 142 done. best_score=64.0, changed=615, unchanged=339, early_stops=8/8
26 - INFO - chord#: 144 In build_straw_man_chord_sa. tolerance = 1, sa_iterations = 1000, initial_temperature = 3.0, cooling_rate = 0.999
26 - INFO - chord#: 146 done. best_score=27.0, changed=531, unchanged=431, early_stops=8/8
26 - INFO - chord#: 147 In build_straw_man_chord_sa. tolerance = 1, sa_iterations = 1000, initial_temperature = 3.0, cooling_rate = 0.999
26 - INFO - chord#: 116 done. best_score=27.0, changed=523, unchanged=368, early_stops=8/8
26 - INFO - chord#: 118 In build_straw_man_chord_sa. tolerance = 1, sa_iterations = 1000, initial_temperature = 3.0, cooling_rate = 0.999
26 - INFO - chord#: 147 done. best_score=36.0, changed=516, unchanged=308, early_stops=8/8
26 - INFO - chord#: 148 In build_straw_man_chord_sa. tolerance = 1, sa_iterations = 1000, initial_temperature = 3.0, cooling_rate = 0.999
26 - INFO - chord#: 116 done. best_score=27.0, changed=523, unchanged=524, early_stops=8/8
26 - INFO - chord#: 118 In build_straw_man_chord_sa. tolerance = 1, sa_iterations = 1000, initial_temperature = 3.0, cooling_rate = 0.999
26 - INFO - chord#: 144 done. best_score=64.0, changed=615, unchanged=336, early_stops=8/8
26 - INFO - chord#: 146 In build_straw_man_chord_sa. tolerance = 1, sa_iterations = 1000, initial_temperature = 3.0, cooling_rate = 0.999
26 - INFO - chord#: 150 done. best_score=27.0, changed=519, unchanged=458, early_stops=8/8
26 - INFO - chord#: 151 In build_straw_man_chord_sa. tolerance = 1, sa_iterations = 1000, initial_temperature = 3.0, cooling_rate = 0.999
26 - INFO - chord#: 118 done. best_score=27.0, changed=523, unchanged=483, early_stops=8/8
26 - INFO - chord#: 120 In build_straw_man_chord_sa. tolerance = 1, sa_iterations = 1000, initial_temperature = 3.0, cooling_rate = 0.999
26 - INFO - chord#: 114 done. best_score=70.0, changed=610, unchanged=292, early_stops=8/8
26 - INFO - chord#: 116 In build_straw_man_chord_sa. tolerance = 1, sa_iterations = 1000, initial_temperature = 3.0, cooling_rate = 0.999
26 - INFO - chord#: 147 done. best_score=36.0, changed=519, unchanged=415, early_stops=8/8
26 - INFO - chord#: 148 In build_straw_man_chord_sa. tolerance = 1, sa_iterations = 1000, initial_temperature = 3.0, cooling_rate = 0.999
26 - INFO - chord#: 118 done. best_score=36.0, changed=526, unchanged=435, early_stops=8/8
26 - INFO - chord#: 120 In build_straw_man_chord_sa. tolerance = 1, sa_iterations = 1000, initial_temperature = 3.0, cooling_rate = 0.999
26 - INFO - chord#: 114 done. best_score=70.0, changed=610, unchanged=278, early_stops=8/8
26 - INFO - chord#: 116 In build_straw_man_chord_sa. tolerance = 1, sa_iterations = 1000, initial_temperature = 3.0, cooling_rate = 0.999
26 - INFO - chord#: 148 done. best_score=27.0, changed=523, unchanged=524, early_stops=8/8
26 - INFO - chord#: 150 In build_straw_man_chord_sa. tolerance = 1, sa_iterations = 1000, initial_temperature = 3.0, cooling_rate = 0.999
26 - INFO - chord#: 146 done. best_score=27.0, changed=527, unchanged=541, early_stops=8/8
26 - INFO - chord#: 147 In build_straw_man_chord_sa. tolerance = 1, sa_iterations = 1000, initial_temperature = 3.0, cooling_rate = 0.999
26 - INFO - chord#: 134 done. best_score=70.0, changed=619, unchanged=371, early_stops=8/8
26 - INFO - chord#: 136 In build_straw_man_chord_sa. tolerance = 1, sa_iterations = 1000, initial_temperature = 3.0, cooling_rate = 0.999
26 - INFO - chord#: 120 done. best_score=27.0, changed=525, unchanged=386, early_stops=8/8
26 - INFO - chord#: 124 In build_straw_man_chord_sa. tolerance = 1, sa_iterations = 1000, initial_temperature = 3.0, cooling_rate = 0.999
26 - INFO - chord#: 118 done. best_score=27.0, changed=526, unchanged=540, early_stops=8/8
26 - INFO - chord#: 120 In build_straw_man_chord_sa. tolerance = 1, sa_iterations = 1000, initial_temperature = 3.0, cooling_rate = 0.999
26 - INFO - chord#: 116 done. best_score=27.0, changed=514, unchanged=439, early_stops=8/8
26 - INFO - chord#: 118 In build_straw_man_chord_sa. tolerance = 1, sa_iterations = 1000, initial_temperature = 3.0, cooling_rate = 0.999
26 - INFO - chord#: 150 done. best_score=27.0, changed=526, unchanged=452, early_stops=8/8
26 - INFO - chord#: 151 In build_straw_man_chord_sa. tolerance = 1, sa_iterations = 1000, initial_temperature = 3.0, cooling_rate = 0.999
26 - INFO - chord#: 142 done. best_score=64.0, changed=609, unchanged=445, early_stops=8/8
26 - INFO - chord#: 144 In build_straw_man_chord_sa. tolerance = 1, sa_iterations = 1000, initial_temperature = 3.0, cooling_rate = 0.999
26 - INFO - chord#: 148 done. best_score=27.0, changed=521, unchanged=361, early_stops=8/8
26 - INFO - chord#: 150 In build_straw_man_chord_sa. tolerance = 1, sa_iterations = 1000, initial_temperature = 3.0, cooling_rate = 0.999
26 - INFO - chord#: 144 done. best_score=154.0, changed=612, unchanged=351, early_stops=8/8
26 - INFO - chord#: 146 In build_straw_man_chord_sa. tolerance = 1, sa_iterations = 1000, initial_temperature = 3.0, cooling_rate = 0.999
26 - INFO - chord#: 120 done. best_score=27.0, changed=508, unchanged=441, early_stops=8/8
26 - INFO - chord#: 124 In build_straw_man_chord_sa. tolerance = 1, sa_iterations = 1000, initial_temperature = 3.0, cooling_rate = 0.999
26 - INFO - chord#: 151 done. best_score=96.0, changed=610, unchanged=242, early_stops=8/8
26 - INFO - chord#: 152 In build_straw_man_chord_sa. tolerance = 1, sa_iterations = 1000, initial_temperature = 3.0, cooling_rate = 0.999
26 - INFO - chord#: 136 done. best_score=27.0, changed=529, unchanged=334, early_stops=8/8
26 - INFO - chord#: 138 In build_straw_man_chord_sa. tolerance = 1, sa_iterations = 1000, initial_temperature = 3.0, cooling_rate = 0.999
26 - INFO - chord#: 116 done. best_score=27.0, changed=531, unchanged=485, early_stops=8/8
26 - INFO - chord#: 118 In build_straw_man_chord_sa. tolerance = 1, sa_iterations = 1000, initial_temperature = 3.0, cooling_rate = 0.999
26 - INFO - chord#: 147 done. best_score=36.0, changed=527, unchanged=479, early_stops=8/8
26 - INFO - chord#: 148 In build_straw_man_chord_sa. tolerance = 1, sa_iterations = 1000, initial_temperature = 3.0, cooling_rate = 0.999
26 - INFO - chord#: 120 done. best_score=27.0, changed=508, unchanged=322, early_stops=8/8
26 - INFO - chord#: 124 In build_straw_man_chord_sa. tolerance = 1, sa_iterations = 1000, initial_temperature = 3.0, cooling_rate = 0.999
26 - INFO - chord#: 118 done. best_score=27.0, changed=512, unchanged=406, early_stops=8/8
26 - INFO - chord#: 120 In build_straw_man_chord_sa. tolerance = 1, sa_iterations = 1000, initial_temperature = 3.0, cooling_rate = 0.999
26 - INFO - chord#: 124 done. best_score=27.0, changed=526, unchanged=535, early_stops=8/8
26 - INFO - chord#: 128 In build_straw_man_chord_sa. tolerance = 1, sa_iterations = 1000, initial_temperature = 3.0, cooling_rate = 0.999
26 - INFO - chord#: 150 done. best_score=27.0, changed=528, unchanged=401, early_stops=8/8
26 - INFO - chord#: 151 In build_straw_man_chord_sa. tolerance = 1, sa_iterations = 1000, initial_temperature = 3.0, cooling_rate = 0.999
26 - INFO - chord#: 118 done. best_score=27.0, changed=524, unchanged=344, early_stops=8/8
26 - INFO - chord#: 120 In build_straw_man_chord_sa. tolerance = 1, sa_iterations = 1000, initial_temperature = 3.0, cooling_rate = 0.999
26 - INFO - chord#: 146 done. best_score=27.0, changed=520, unchanged=491, early_stops=8/8
26 - INFO - chord#: 147 In build_straw_man_chord_sa. tolerance = 1, sa_iterations = 1000, initial_temperature = 3.0, cooling_rate = 0.999
26 - INFO - chord#: 152 done. best_score=27.0, changed=528, unchanged=598, early_stops=8/8
26 - INFO - chord#: 156 In build_straw_man_chord_sa. tolerance = 1, sa_iterations = 1000, initial_temperature = 3.0, cooling_rate = 0.999
26 - INFO - chord#: 148 done. best_score=27.0, changed=523, unchanged=535, early_stops=8/8
26 - INFO - chord#: 128 done. best_score=27.0, changed=525, unchanged=407, early_stops=8/8
26 - INFO - chord#: 150 In build_straw_man_chord_sa. tolerance = 1, sa_iterations = 1000, initial_temperature = 3.0, cooling_rate = 0.999
26 - INFO - chord#: 130 In build_straw_man_chord_sa. tolerance = 1, sa_iterations = 1000, initial_temperature = 3.0, cooling_rate = 0.999
26 - INFO - chord#: 124 done. best_score=27.0, changed=519, unchanged=530, early_stops=8/8
26 - INFO - chord#: 128 In build_straw_man_chord_sa. tolerance = 1, sa_iterations = 1000, initial_temperature = 3.0, cooling_rate = 0.999
26 - INFO - chord#: 120 done. best_score=27.0, changed=527, unchanged=661, early_stops=8/8
26 - INFO - chord#: 124 In build_straw_man_chord_sa. tolerance = 1, sa_iterations = 1000, initial_temperature = 3.0, cooling_rate = 0.999
26 - INFO - chord#: 124 done. best_score=27.0, changed=518, unchanged=399, early_stops=8/8
26 - INFO - chord#: 128 In build_straw_man_chord_sa. tolerance = 1, sa_iterations = 1000, initial_temperature = 3.0, cooling_rate = 0.999
26 - INFO - chord#: 151 done. best_score=168.0, changed=611, unchanged=232, early_stops=8/8
26 - INFO - chord#: 152 In build_straw_man_chord_sa. tolerance = 1, sa_iterations = 1000, initial_temperature = 3.0, cooling_rate = 0.999
26 - INFO - chord#: 138 done. best_score=96.0, changed=610, unchanged=242, early_stops=8/8
26 - INFO - chord#: 140 In build_straw_man_chord_sa. tolerance = 1, sa_iterations = 1000, initial_temperature = 3.0, cooling_rate = 0.999
26 - INFO - chord#: 120 done. best_score=27.0, changed=519, unchanged=437, early_stops=8/8
26 - INFO - chord#: 124 In build_straw_man_chord_sa. tolerance = 1, sa_iterations = 1000, initial_temperature = 3.0, cooling_rate = 0.999
26 - INFO - chord#: 156 done. best_score=27.0, changed=519, unchanged=423, early_stops=8/8
26 - INFO - chord#: 150 done. best_score=27.0, changed=527, unchanged=450, early_stops=8/8
26 - INFO - chord#: 151 In build_straw_man_chord_sa. tolerance = 1, sa_iterations = 1000, initial_temperature = 3.0, cooling_rate = 0.999
26 - INFO - chord#: 130 done. best_score=36.0, changed=521, unchanged=383, early_stops=8/8
26 - INFO - chord#: 132 In build_straw_man_chord_sa. tolerance = 1, sa_iterations = 1000, initial_temperature = 3.0, cooling_rate = 0.999
26 - INFO - chord#: 144 done. best_score=64.0, changed=616, unchanged=314, early_stops=8/8
26 - INFO - chord#: 146 In build_straw_man_chord_sa. tolerance = 1, sa_iterations = 1000, initial_temperature = 3.0, cooling_rate = 0.999
26 - INFO - chord#: 147 done. best_score=36.0, changed=523, unchanged=413, early_stops=8/8
26 - INFO - chord#: 148 In build_straw_man_chord_sa. tolerance = 1, sa_iterations = 1000, initial_temperature = 3.0, cooling_rate = 0.999
26 - INFO - chord#: 124 done. best_score=27.0, changed=524, unchanged=389, early_stops=8/8
26 - INFO - chord#: 128 In build_straw_man_chord_sa. tolerance = 1, sa_iterations = 1000, initial_temperature = 3.0, cooling_rate = 0.999
26 - INFO - chord#: 152 done. best_score=27.0, changed=517, unchanged=329, early_stops=8/8
26 - INFO - chord#: 156 In build_straw_man_chord_sa. tolerance = 1, sa_iterations = 1000, initial_temperature = 3.0, cooling_rate = 0.999
26 - INFO - chord#: 128 done. best_score=27.0, changed=521, unchanged=523, early_stops=8/8
26 - INFO - chord#: 130 In build_straw_man_chord_sa. tolerance = 1, sa_iterations = 1000, initial_temperature = 3.0, cooling_rate = 0.999
26 - INFO - chord#: 128 done. best_score=27.0, changed=522, unchanged=462, early_stops=8/8
26 - INFO - chord#: 130 In build_straw_man_chord_sa. tolerance = 1, sa_iterations = 1000, initial_temperature = 3.0, cooling_rate = 0.999
26 - INFO - chord#: 140 done. best_score=27.0, changed=517, unchanged=446, early_stops=8/8
26 - INFO - chord#: 142 In build_straw_man_chord_sa. tolerance = 1, sa_iterations = 1000, initial_temperature = 3.0, cooling_rate = 0.999
26 - INFO - chord#: 124 done. best_score=27.0, changed=515, unchanged=325, early_stops=8/8
26 - INFO - chord#: 128 In build_straw_man_chord_sa. tolerance = 1, sa_iterations = 1000, initial_temperature = 3.0, cooling_rate = 0.999
26 - INFO - chord#: 132 done. best_score=27.0, changed=517, unchanged=380, early_stops=8/8
26 - INFO - chord#: 134 In build_straw_man_chord_sa. tolerance = 1, sa_iterations = 1000, initial_temperature = 3.0, cooling_rate = 0.999
26 - INFO - chord#: 128 done. best_score=27.0, changed=522, unchanged=417, early_stops=8/8
26 - INFO - chord#: 130 In build_straw_man_chord_sa. tolerance = 1, sa_iterations = 1000, initial_temperature = 3.0, cooling_rate = 0.999
26 - INFO - chord#: 156 done. best_score=27.0, changed=532, unchanged=462, early_stops=8/8
26 - INFO - chord#: 148 done. best_score=27.0, changed=520, unchanged=455, early_stops=8/8
26 - INFO - chord#: 150 In build_straw_man_chord_sa. tolerance = 1, sa_iterations = 1000, initial_temperature = 3.0, cooling_rate = 0.999
26 - INFO - chord#: 146 done. best_score=27.0, changed=531, unchanged=501, early_stops=8/8
26 - INFO - chord#: 147 In build_straw_man_chord_sa. tolerance = 1, sa_iterations = 1000, initial_temperature = 3.0, cooling_rate = 0.999
26 - INFO - chord#: 130 done. best_score=36.0, changed=529, unchanged=525, early_stops=8/8
26 - INFO - chord#: 132 In build_straw_man_chord_sa. tolerance = 1, sa_iterations = 1000, initial_temperature = 3.0, cooling_rate = 0.999
26 - INFO - chord#: 151 done. best_score=74.0, changed=611, unchanged=344, early_stops=8/8
26 - INFO - chord#: 152 In build_straw_man_chord_sa. tolerance = 1, sa_iterations = 1000, initial_temperature = 3.0, cooling_rate = 0.999
26 - INFO - chord#: 130 done. best_score=36.0, changed=523, unchanged=356, early_stops=8/8
26 - INFO - chord#: 132 In build_straw_man_chord_sa. tolerance = 1, sa_iterations = 1000, initial_temperature = 3.0, cooling_rate = 0.999
26 - INFO - chord#: 128 done. best_score=27.0, changed=517, unchanged=362, early_stops=8/8
26 - INFO - chord#: 151 done. best_score=96.0, changed=612, unchanged=329, early_stops=8/8
26 - INFO - chord#: 130 In build_straw_man_chord_sa. tolerance = 1, sa_iterations = 1000, initial_temperature = 3.0, cooling_rate = 0.999
26 - INFO - chord#: 152 In build_straw_man_chord_sa. tolerance = 1, sa_iterations = 1000, initial_temperature = 3.0, cooling_rate = 0.999
26 - INFO - chord#: 130 done. best_score=36.0, changed=533, unchanged=419, early_stops=8/8
26 - INFO - chord#: 132 In build_straw_man_chord_sa. tolerance = 1, sa_iterations = 1000, initial_temperature = 3.0, cooling_rate = 0.999
26 - INFO - chord#: 150 done. best_score=27.0, changed=525, unchanged=431, early_stops=8/8
26 - INFO - chord#: 151 In build_straw_man_chord_sa. tolerance = 1, sa_iterations = 1000, initial_temperature = 3.0, cooling_rate = 0.999
26 - INFO - chord#: 132 done. best_score=27.0, changed=517, unchanged=447, early_stops=8/8
26 - INFO - chord#: 134 In build_straw_man_chord_sa. tolerance = 1, sa_iterations = 1000, initial_temperature = 3.0, cooling_rate = 0.999
26 - INFO - chord#: 147 done. best_score=36.0, changed=527, unchanged=375, early_stops=8/8
26 - INFO - chord#: 148 In build_straw_man_chord_sa. tolerance = 1, sa_iterations = 1000, initial_temperature = 3.0, cooling_rate = 0.999
26 - INFO - chord#: 142 done. best_score=64.0, changed=611, unchanged=333, early_stops=8/8
26 - INFO - chord#: 144 In build_straw_man_chord_sa. tolerance = 1, sa_iterations = 1000, initial_temperature = 3.0, cooling_rate = 0.999
26 - INFO - chord#: 152 done. best_score=27.0, changed=522, unchanged=503, early_stops=8/8
26 - INFO - chord#: 156 In build_straw_man_chord_sa. tolerance = 1, sa_iterations = 1000, initial_temperature = 3.0, cooling_rate = 0.999
26 - INFO - chord#: 152 done. best_score=27.0, changed=522, unchanged=496, early_stops=8/8
26 - INFO - chord#: 156 In build_straw_man_chord_sa. tolerance = 1, sa_iterations = 1000, initial_temperature = 3.0, cooling_rate = 0.999
26 - INFO - chord#: 132 done. best_score=27.0, changed=521, unchanged=429, early_stops=8/8
26 - INFO - chord#: 134 In build_straw_man_chord_sa. tolerance = 1, sa_iterations = 1000, initial_temperature = 3.0, cooling_rate = 0.999
26 - INFO - chord#: 132 done. best_score=27.0, changed=513, unchanged=360, early_stops=8/8
26 - INFO - chord#: 134 In build_straw_man_chord_sa. tolerance = 1, sa_iterations = 1000, initial_temperature = 3.0, cooling_rate = 0.999
26 - INFO - chord#: 130 done. best_score=36.0, changed=513, unchanged=302, early_stops=8/8
26 - INFO - chord#: 132 In build_straw_man_chord_sa. tolerance = 1, sa_iterations = 1000, initial_temperature = 3.0, cooling_rate = 0.999
26 - INFO - chord#: 134 done. best_score=70.0, changed=610, unchanged=370, early_stops=8/8
26 - INFO - chord#: 136 In build_straw_man_chord_sa. tolerance = 1, sa_iterations = 1000, initial_temperature = 3.0, cooling_rate = 0.999
26 - INFO - chord#: 156 done. best_score=27.0, changed=519, unchanged=332, early_stops=8/8
26 - INFO - chord#: 156 done. best_score=27.0, changed=522, unchanged=372, early_stops=8/8
26 - INFO - chord#: 148 done. best_score=27.0, changed=521, unchanged=439, early_stops=8/8
26 - INFO - chord#: 150 In build_straw_man_chord_sa. tolerance = 1, sa_iterations = 1000, initial_temperature = 3.0, cooling_rate = 0.999
26 - INFO - chord#: 151 done. best_score=148.0, changed=608, unchanged=273, early_stops=8/8
26 - INFO - chord#: 152 In build_straw_man_chord_sa. tolerance = 1, sa_iterations = 1000, initial_temperature = 3.0, cooling_rate = 0.999
26 - INFO - chord#: 136 done. best_score=27.0, changed=530, unchanged=354, early_stops=8/8
26 - INFO - chord#: 138 In build_straw_man_chord_sa. tolerance = 1, sa_iterations = 1000, initial_temperature = 3.0, cooling_rate = 0.999
26 - INFO - chord#: 134 done. best_score=156.0, changed=608, unchanged=211, early_stops=8/8
26 - INFO - chord#: 136 In build_straw_man_chord_sa. tolerance = 1, sa_iterations = 1000, initial_temperature = 3.0, cooling_rate = 0.999
26 - INFO - chord#: 132 done. best_score=27.0, changed=524, unchanged=379, early_stops=8/8
26 - INFO - chord#: 134 In build_straw_man_chord_sa. tolerance = 1, sa_iterations = 1000, initial_temperature = 3.0, cooling_rate = 0.999
26 - INFO - chord#: 144 done. best_score=154.0, changed=611, unchanged=396, early_stops=8/8
26 - INFO - chord#: 146 In build_straw_man_chord_sa. tolerance = 1, sa_iterations = 1000, initial_temperature = 3.0, cooling_rate = 0.999
26 - INFO - chord#: 136 done. best_score=57.0, changed=521, unchanged=296, early_stops=8/8
26 - INFO - chord#: 138 In build_straw_man_chord_sa. tolerance = 1, sa_iterations = 1000, initial_temperature = 3.0, cooling_rate = 0.999
26 - INFO - chord#: 150 done. best_score=27.0, changed=523, unchanged=393, early_stops=8/8
26 - INFO - chord#: 151 In build_straw_man_chord_sa. tolerance = 1, sa_iterations = 1000, initial_temperature = 3.0, cooling_rate = 0.999
26 - INFO - chord#: 134 done. best_score=174.0, changed=605, unchanged=245, early_stops=8/8
26 - INFO - chord#: 136 In build_straw_man_chord_sa. tolerance = 1, sa_iterations = 1000, initial_temperature = 3.0, cooling_rate = 0.999
26 - INFO - chord#: 152 done. best_score=27.0, changed=526, unchanged=427, early_stops=8/8
26 - INFO - chord#: 156 In build_straw_man_chord_sa. tolerance = 1, sa_iterations = 1000, initial_temperature = 3.0, cooling_rate = 0.999
26 - INFO - chord#: 134 done. best_score=70.0, changed=611, unchanged=299, early_stops=8/8
26 - INFO - chord#: 136 In build_straw_man_chord_sa. tolerance = 1, sa_iterations = 1000, initial_temperature = 3.0, cooling_rate = 0.999
26 - INFO - chord#: 146 done. best_score=27.0, changed=530, unchanged=530, early_stops=8/8
26 - INFO - chord#: 147 In build_straw_man_chord_sa. tolerance = 1, sa_iterations = 1000, initial_temperature = 3.0, cooling_rate = 0.999
26 - INFO - chord#: 156 done. best_score=27.0, changed=526, unchanged=490, early_stops=8/8
26 - INFO - chord#: 136 done. best_score=27.0, changed=523, unchanged=482, early_stops=8/8
26 - INFO - chord#: 138 In build_straw_man_chord_sa. tolerance = 1, sa_iterations = 1000, initial_temperature = 3.0, cooling_rate = 0.999
26 - INFO - chord#: 136 done. best_score=27.0, changed=521, unchanged=378, early_stops=8/8
26 - INFO - chord#: 138 In build_straw_man_chord_sa. tolerance = 1, sa_iterations = 1000, initial_temperature = 3.0, cooling_rate = 0.999
26 - INFO - chord#: 138 done. best_score=137.0, changed=619, unchanged=434, early_stops=8/8
26 - INFO - chord#: 140 In build_straw_man_chord_sa. tolerance = 1, sa_iterations = 1000, initial_temperature = 3.0, cooling_rate = 0.999
26 - INFO - chord#: 138 done. best_score=67.0, changed=608, unchanged=235, early_stops=8/8
26 - INFO - chord#: 140 In build_straw_man_chord_sa. tolerance = 1, sa_iterations = 1000, initial_temperature = 3.0, cooling_rate = 0.999
26 - INFO - chord#: 147 done. best_score=36.0, changed=517, unchanged=390, early_stops=8/8
26 - INFO - chord#: 148 In build_straw_man_chord_sa. tolerance = 1, sa_iterations = 1000, initial_temperature = 3.0, cooling_rate = 0.999
26 - INFO - chord#: 134 done. best_score=70.0, changed=616, unchanged=393, early_stops=8/8
26 - INFO - chord#: 136 In build_straw_man_chord_sa. tolerance = 1, sa_iterations = 1000, initial_temperature = 3.0, cooling_rate = 0.999
26 - INFO - chord#: 140 done. best_score=27.0, changed=522, unchanged=426, early_stops=8/8
26 - INFO - chord#: 142 In build_straw_man_chord_sa. tolerance = 1, sa_iterations = 1000, initial_temperature = 3.0, cooling_rate = 0.999
26 - INFO - chord#: 151 done. best_score=74.0, changed=609, unchanged=297, early_stops=8/8
26 - INFO - chord#: 152 In build_straw_man_chord_sa. tolerance = 1, sa_iterations = 1000, initial_temperature = 3.0, cooling_rate = 0.999
26 - INFO - chord#: 140 done. best_score=27.0, changed=521, unchanged=424, early_stops=8/8
26 - INFO - chord#: 142 In build_straw_man_chord_sa. tolerance = 1, sa_iterations = 1000, initial_temperature = 3.0, cooling_rate = 0.999
26 - INFO - chord#: 148 done. best_score=27.0, changed=521, unchanged=459, early_stops=8/8
26 - INFO - chord#: 150 In build_straw_man_chord_sa. tolerance = 1, sa_iterations = 1000, initial_temperature = 3.0, cooling_rate = 0.999
26 - INFO - chord#: 136 done. best_score=27.0, changed=517, unchanged=345, early_stops=8/8
26 - INFO - chord#: 138 In build_straw_man_chord_sa. tolerance = 1, sa_iterations = 1000, initial_temperature = 3.0, cooling_rate = 0.999
26 - INFO - chord#: 138 done. best_score=67.0, changed=619, unchanged=449, early_stops=8/8
26 - INFO - chord#: 140 In build_straw_man_chord_sa. tolerance = 1, sa_iterations = 1000, initial_temperature = 3.0, cooling_rate = 0.999
26 - INFO - chord#: 150 done. best_score=27.0, changed=523, unchanged=485, early_stops=8/8
26 - INFO - chord#: 151 In build_straw_man_chord_sa. tolerance = 1, sa_iterations = 1000, initial_temperature = 3.0, cooling_rate = 0.999
26 - INFO - chord#: 138 done. best_score=137.0, changed=612, unchanged=535, early_stops=8/8
26 - INFO - chord#: 140 In build_straw_man_chord_sa. tolerance = 1, sa_iterations = 1000, initial_temperature = 3.0, cooling_rate = 0.999
26 - INFO - chord#: 152 done. best_score=27.0, changed=524, unchanged=583, early_stops=8/8
26 - INFO - chord#: 156 In build_straw_man_chord_sa. tolerance = 1, sa_iterations = 1000, initial_temperature = 3.0, cooling_rate = 0.999
26 - INFO - chord#: 140 done. best_score=27.0, changed=516, unchanged=438, early_stops=8/8
26 - INFO - chord#: 142 In build_straw_man_chord_sa. tolerance = 1, sa_iterations = 1000, initial_temperature = 3.0, cooling_rate = 0.999
26 - INFO - chord#: 142 done. best_score=64.0, changed=610, unchanged=306, early_stops=8/8
26 - INFO - chord#: 144 In build_straw_man_chord_sa. tolerance = 1, sa_iterations = 1000, initial_temperature = 3.0, cooling_rate = 0.999
26 - INFO - chord#: 142 done. best_score=71.0, changed=614, unchanged=339, early_stops=8/8
26 - INFO - chord#: 144 In build_straw_man_chord_sa. tolerance = 1, sa_iterations = 1000, initial_temperature = 3.0, cooling_rate = 0.999
26 - INFO - chord#: 140 done. best_score=27.0, changed=523, unchanged=633, early_stops=8/8
26 - INFO - chord#: 142 In build_straw_man_chord_sa. tolerance = 1, sa_iterations = 1000, initial_temperature = 3.0, cooling_rate = 0.999
26 - INFO - chord#: 156 done. best_score=27.0, changed=518, unchanged=382, early_stops=8/8
26 - INFO - chord#: 138 done. best_score=96.0, changed=616, unchanged=407, early_stops=8/8
26 - INFO - chord#: 140 In build_straw_man_chord_sa. tolerance = 1, sa_iterations = 1000, initial_temperature = 3.0, cooling_rate = 0.999
26 - INFO - chord#: 140 done. best_score=27.0, changed=518, unchanged=463, early_stops=8/8
26 - INFO - chord#: 142 In build_straw_man_chord_sa. tolerance = 1, sa_iterations = 1000, initial_temperature = 3.0, cooling_rate = 0.999
26 - INFO - chord#: 144 done. best_score=146.0, changed=609, unchanged=228, early_stops=8/8
26 - INFO - chord#: 146 In build_straw_man_chord_sa. tolerance = 1, sa_iterations = 1000, initial_temperature = 3.0, cooling_rate = 0.999
26 - INFO - chord#: 151 done. best_score=74.0, changed=623, unchanged=512, early_stops=8/8
26 - INFO - chord#: 152 In build_straw_man_chord_sa. tolerance = 1, sa_iterations = 1000, initial_temperature = 3.0, cooling_rate = 0.999
26 - INFO - chord#: 144 done. best_score=64.0, changed=617, unchanged=355, early_stops=8/8
26 - INFO - chord#: 146 In build_straw_man_chord_sa. tolerance = 1, sa_iterations = 1000, initial_temperature = 3.0, cooling_rate = 0.999
26 - INFO - chord#: 142 done. best_score=71.0, changed=616, unchanged=486, early_stops=8/8
26 - INFO - chord#: 144 In build_straw_man_chord_sa. tolerance = 1, sa_iterations = 1000, initial_temperature = 3.0, cooling_rate = 0.999
26 - INFO - chord#: 142 done. best_score=64.0, changed=613, unchanged=338, early_stops=8/8
26 - INFO - chord#: 144 In build_straw_man_chord_sa. tolerance = 1, sa_iterations = 1000, initial_temperature = 3.0, cooling_rate = 0.999
26 - INFO - chord#: 146 done. best_score=27.0, changed=522, unchanged=417, early_stops=8/8
26 - INFO - chord#: 147 In build_straw_man_chord_sa. tolerance = 1, sa_iterations = 1000, initial_temperature = 3.0, cooling_rate = 0.999
26 - INFO - chord#: 152 done. best_score=27.0, changed=519, unchanged=356, early_stops=8/8
26 - INFO - chord#: 156 In build_straw_man_chord_sa. tolerance = 1, sa_iterations = 1000, initial_temperature = 3.0, cooling_rate = 0.999
26 - INFO - chord#: 146 done. best_score=27.0, changed=526, unchanged=509, early_stops=8/8
26 - INFO - chord#: 147 In build_straw_man_chord_sa. tolerance = 1, sa_iterations = 1000, initial_temperature = 3.0, cooling_rate = 0.999
26 - INFO - chord#: 142 done. best_score=64.0, changed=608, unchanged=256, early_stops=8/8
26 - INFO - chord#: 144 In build_straw_man_chord_sa. tolerance = 1, sa_iterations = 1000, initial_temperature = 3.0, cooling_rate = 0.999
26 - INFO - chord#: 147 done. best_score=36.0, changed=521, unchanged=379, early_stops=8/8
26 - INFO - chord#: 148 In build_straw_man_chord_sa. tolerance = 1, sa_iterations = 1000, initial_temperature = 3.0, cooling_rate = 0.999
26 - INFO - chord#: 156 done. best_score=27.0, changed=516, unchanged=431, early_stops=8/8
26 - INFO - chord#: 147 done. best_score=36.0, changed=519, unchanged=372, early_stops=8/8
26 - INFO - chord#: 148 In build_straw_man_chord_sa. tolerance = 1, sa_iterations = 1000, initial_temperature = 3.0, cooling_rate = 0.999
26 - INFO - chord#: 144 done. best_score=157.0, changed=609, unchanged=265, early_stops=8/8
26 - INFO - chord#: 146 In build_straw_man_chord_sa. tolerance = 1, sa_iterations = 1000, initial_temperature = 3.0, cooling_rate = 0.999
26 - INFO - chord#: 144 done. best_score=64.0, changed=617, unchanged=350, early_stops=8/8
26 - INFO - chord#: 146 In build_straw_man_chord_sa. tolerance = 1, sa_iterations = 1000, initial_temperature = 3.0, cooling_rate = 0.999
26 - INFO - chord#: 148 done. best_score=27.0, changed=518, unchanged=461, early_stops=8/8
26 - INFO - chord#: 150 In build_straw_man_chord_sa. tolerance = 1, sa_iterations = 1000, initial_temperature = 3.0, cooling_rate = 0.999
26 - INFO - chord#: 146 done. best_score=27.0, changed=516, unchanged=308, early_stops=8/8
26 - INFO - chord#: 147 In build_straw_man_chord_sa. tolerance = 1, sa_iterations = 1000, initial_temperature = 3.0, cooling_rate = 0.999
26 - INFO - chord#: 148 done. best_score=27.0, changed=528, unchanged=452, early_stops=8/8
26 - INFO - chord#: 150 In build_straw_man_chord_sa. tolerance = 1, sa_iterations = 1000, initial_temperature = 3.0, cooling_rate = 0.999
26 - INFO - chord#: 150 done. best_score=27.0, changed=527, unchanged=412, early_stops=8/8
26 - INFO - chord#: 151 In build_straw_man_chord_sa. tolerance = 1, sa_iterations = 1000, initial_temperature = 3.0, cooling_rate = 0.999
26 - INFO - chord#: 146 done. best_score=27.0, changed=521, unchanged=436, early_stops=8/8
26 - INFO - chord#: 147 In build_straw_man_chord_sa. tolerance = 1, sa_iterations = 1000, initial_temperature = 3.0, cooling_rate = 0.999
26 - INFO - chord#: 144 done. best_score=64.0, changed=612, unchanged=326, early_stops=8/8
26 - INFO - chord#: 146 In build_straw_man_chord_sa. tolerance = 1, sa_iterations = 1000, initial_temperature = 3.0, cooling_rate = 0.999
26 - INFO - chord#: 150 done. best_score=27.0, changed=524, unchanged=347, early_stops=8/8
26 - INFO - chord#: 151 In build_straw_man_chord_sa. tolerance = 1, sa_iterations = 1000, initial_temperature = 3.0, cooling_rate = 0.999
26 - INFO - chord#: 147 done. best_score=36.0, changed=516, unchanged=339, early_stops=8/8
26 - INFO - chord#: 148 In build_straw_man_chord_sa. tolerance = 1, sa_iterations = 1000, initial_temperature = 3.0, cooling_rate = 0.999
26 - INFO - chord#: 146 done. best_score=27.0, changed=513, unchanged=432, early_stops=8/8
26 - INFO - chord#: 147 In build_straw_man_chord_sa. tolerance = 1, sa_iterations = 1000, initial_temperature = 3.0, cooling_rate = 0.999
26 - INFO - chord#: 147 done. best_score=36.0, changed=528, unchanged=536, early_stops=8/8
26 - INFO - chord#: 148 In build_straw_man_chord_sa. tolerance = 1, sa_iterations = 1000, initial_temperature = 3.0, cooling_rate = 0.999
26 - INFO - chord#: 148 done. best_score=27.0, changed=522, unchanged=456, early_stops=8/8
26 - INFO - chord#: 150 In build_straw_man_chord_sa. tolerance = 1, sa_iterations = 1000, initial_temperature = 3.0, cooling_rate = 0.999
26 - INFO - chord#: 147 done. best_score=36.0, changed=515, unchanged=404, early_stops=8/8
26 - INFO - chord#: 148 In build_straw_man_chord_sa. tolerance = 1, sa_iterations = 1000, initial_temperature = 3.0, cooling_rate = 0.999
26 - INFO - chord#: 148 done. best_score=27.0, changed=523, unchanged=385, early_stops=8/8
26 - INFO - chord#: 150 In build_straw_man_chord_sa. tolerance = 1, sa_iterations = 1000, initial_temperature = 3.0, cooling_rate = 0.999
26 - INFO - chord#: 151 done. best_score=96.0, changed=614, unchanged=362, early_stops=8/8
26 - INFO - chord#: 152 In build_straw_man_chord_sa. tolerance = 1, sa_iterations = 1000, initial_temperature = 3.0, cooling_rate = 0.999
26 - INFO - chord#: 150 done. best_score=27.0, changed=519, unchanged=338, early_stops=8/8
26 - INFO - chord#: 151 In build_straw_man_chord_sa. tolerance = 1, sa_iterations = 1000, initial_temperature = 3.0, cooling_rate = 0.999
26 - INFO - chord#: 151 done. best_score=121.0, changed=613, unchanged=327, early_stops=8/8
26 - INFO - chord#: 152 In build_straw_man_chord_sa. tolerance = 1, sa_iterations = 1000, initial_temperature = 3.0, cooling_rate = 0.999
26 - INFO - chord#: 148 done. best_score=27.0, changed=516, unchanged=322, early_stops=8/8
26 - INFO - chord#: 150 In build_straw_man_chord_sa. tolerance = 1, sa_iterations = 1000, initial_temperature = 3.0, cooling_rate = 0.999
26 - INFO - chord#: 150 done. best_score=27.0, changed=524, unchanged=336, early_stops=8/8
26 - INFO - chord#: 151 In build_straw_man_chord_sa. tolerance = 1, sa_iterations = 1000, initial_temperature = 3.0, cooling_rate = 0.999
26 - INFO - chord#: 152 done. best_score=27.0, changed=527, unchanged=429, early_stops=8/8
26 - INFO - chord#: 156 In build_straw_man_chord_sa. tolerance = 1, sa_iterations = 1000, initial_temperature = 3.0, cooling_rate = 0.999
26 - INFO - chord#: 152 done. best_score=27.0, changed=532, unchanged=492, early_stops=8/8
26 - INFO - chord#: 156 In build_straw_man_chord_sa. tolerance = 1, sa_iterations = 1000, initial_temperature = 3.0, cooling_rate = 0.999
26 - INFO - chord#: 150 done. best_score=27.0, changed=527, unchanged=413, early_stops=8/8
26 - INFO - chord#: 151 In build_straw_man_chord_sa. tolerance = 1, sa_iterations = 1000, initial_temperature = 3.0, cooling_rate = 0.999
26 - INFO - chord#: 156 done. best_score=27.0, changed=515, unchanged=350, early_stops=8/8
26 - INFO - chord#: 156 done. best_score=27.0, changed=521, unchanged=399, early_stops=8/8
26 - INFO - chord#: 151 done. best_score=96.0, changed=609, unchanged=328, early_stops=8/8
26 - INFO - chord#: 152 In build_straw_man_chord_sa. tolerance = 1, sa_iterations = 1000, initial_temperature = 3.0, cooling_rate = 0.999
26 - INFO - chord#: 151 done. best_score=74.0, changed=619, unchanged=406, early_stops=8/8
26 - INFO - chord#: 152 In build_straw_man_chord_sa. tolerance = 1, sa_iterations = 1000, initial_temperature = 3.0, cooling_rate = 0.999
26 - INFO - chord#: 152 done. best_score=27.0, changed=522, unchanged=410, early_stops=8/8
26 - INFO - chord#: 156 In build_straw_man_chord_sa. tolerance = 1, sa_iterations = 1000, initial_temperature = 3.0, cooling_rate = 0.999
26 - INFO - chord#: 152 done. best_score=27.0, changed=511, unchanged=347, early_stops=8/8
26 - INFO - chord#: 156 In build_straw_man_chord_sa. tolerance = 1, sa_iterations = 1000, initial_temperature = 3.0, cooling_rate = 0.999
26 - INFO - chord#: 151 done. best_score=96.0, changed=612, unchanged=459, early_stops=8/8
26 - INFO - chord#: 152 In build_straw_man_chord_sa. tolerance = 1, sa_iterations = 1000, initial_temperature = 3.0, cooling_rate = 0.999
26 - INFO - chord#: 156 done. best_score=27.0, changed=524, unchanged=480, early_stops=8/8
26 - INFO - chord#: 156 done. best_score=27.0, changed=520, unchanged=459, early_stops=8/8
26 - INFO - chord#: 152 done. best_score=27.0, changed=522, unchanged=334, early_stops=8/8
26 - INFO - chord#: 156 In build_straw_man_chord_sa. tolerance = 1, sa_iterations = 1000, initial_temperature = 3.0, cooling_rate = 0.999
26 - INFO - chord#: 156 done. best_score=27.0, changed=532, unchanged=355, early_stops=8/8
26 - INFO - chord#: 0 In build_straw_man_chord_sa. tolerance = 1, sa_iterations = 1000, initial_temperature = 3.0, cooling_rate = 0.999
26 - INFO - chord#: 0 In build_straw_man_chord_sa. tolerance = 1, sa_iterations = 1000, initial_temperature = 3.0, cooling_rate = 0.999
26 - INFO - chord#: 0 In build_straw_man_chord_sa. tolerance = 1, sa_iterations = 1000, initial_temperature = 3.0, cooling_rate = 0.999
26 - INFO - chord#: 0 In build_straw_man_chord_sa. tolerance = 1, sa_iterations = 1000, initial_temperature = 3.0, cooling_rate = 0.999
26 - INFO - chord#: 0 In build_straw_man_chord_sa. tolerance = 1, sa_iterations = 1000, initial_temperature = 3.0, cooling_rate = 0.999
26 - INFO - chord#: 0 In build_straw_man_chord_sa. tolerance = 1, sa_iterations = 1000, initial_temperature = 3.0, cooling_rate = 0.999
26 - INFO - chord#: 0 In build_straw_man_chord_sa. tolerance = 1, sa_iterations = 1000, initial_temperature = 3.0, cooling_rate = 0.999
26 - INFO - chord#: 0 In build_straw_man_chord_sa. tolerance = 1, sa_iterations = 1000, initial_temperature = 3.0, cooling_rate = 0.999
26 - INFO - chord#: 0 In build_straw_man_chord_sa. tolerance = 1, sa_iterations = 1000, initial_temperature = 3.0, cooling_rate = 0.999
26 - INFO - chord#: 0 In build_straw_man_chord_sa. tolerance = 1, sa_iterations = 1000, initial_temperature = 3.0, cooling_rate = 0.999
26 - INFO - chord#: 0 In build_straw_man_chord_sa. tolerance = 1, sa_iterations = 1000, initial_temperature = 3.0, cooling_rate = 0.999
26 - INFO - chord#: 0 In build_straw_man_chord_sa. tolerance = 1, sa_iterations = 1000, initial_temperature = 3.0, cooling_rate = 0.999
26 - INFO - chord#: 0 done. best_score=27.0, changed=515, unchanged=356, early_stops=8/8
26 - INFO - chord#: 2 In build_straw_man_chord_sa. tolerance = 1, sa_iterations = 1000, initial_temperature = 3.0, cooling_rate = 0.999
26 - INFO - chord#: 0 done. best_score=27.0, changed=512, unchanged=326, early_stops=8/8
26 - INFO - chord#: 2 In build_straw_man_chord_sa. tolerance = 1, sa_iterations = 1000, initial_temperature = 3.0, cooling_rate = 0.999
26 - INFO - chord#: 0 done. best_score=27.0, changed=523, unchanged=532, early_stops=8/8
26 - INFO - chord#: 2 In build_straw_man_chord_sa. tolerance = 1, sa_iterations = 1000, initial_temperature = 3.0, cooling_rate = 0.999
26 - INFO - chord#: 0 done. best_score=27.0, changed=533, unchanged=556, early_stops=8/8
26 - INFO - chord#: 2 In build_straw_man_chord_sa. tolerance = 1, sa_iterations = 1000, initial_temperature = 3.0, cooling_rate = 0.999
26 - INFO - chord#: 0 done. best_score=27.0, changed=519, unchanged=593, early_stops=8/8
26 - INFO - chord#: 2 In build_straw_man_chord_sa. tolerance = 1, sa_iterations = 1000, initial_temperature = 3.0, cooling_rate = 0.999
26 - INFO - chord#: 0 done. best_score=27.0, changed=513, unchanged=378, early_stops=8/8
26 - INFO - chord#: 2 In build_straw_man_chord_sa. tolerance = 1, sa_iterations = 1000, initial_temperature = 3.0, cooling_rate = 0.999
26 - INFO - chord#: 0 done. best_score=27.0, changed=526, unchanged=612, early_stops=8/8
26 - INFO - chord#: 2 In build_straw_man_chord_sa. tolerance = 1, sa_iterations = 1000, initial_temperature = 3.0, cooling_rate = 0.999
26 - INFO - chord#: 0 done. best_score=27.0, changed=524, unchanged=470, early_stops=8/8
26 - INFO - chord#: 2 In build_straw_man_chord_sa. tolerance = 1, sa_iterations = 1000, initial_temperature = 3.0, cooling_rate = 0.999
26 - INFO - chord#: 0 done. best_score=27.0, changed=518, unchanged=396, early_stops=8/8
26 - INFO - chord#: 2 In build_straw_man_chord_sa. tolerance = 1, sa_iterations = 1000, initial_temperature = 3.0, cooling_rate = 0.999
26 - INFO - chord#: 0 done. best_score=27.0, changed=518, unchanged=408, early_stops=8/8
26 - INFO - chord#: 2 In build_straw_man_chord_sa. tolerance = 1, sa_iterations = 1000, initial_temperature = 3.0, cooling_rate = 0.999
26 - INFO - chord#: 0 done. best_score=27.0, changed=527, unchanged=477, early_stops=8/8
26 - INFO - chord#: 2 In build_straw_man_chord_sa. tolerance = 1, sa_iterations = 1000, initial_temperature = 3.0, cooling_rate = 0.999
26 - INFO - chord#: 0 done. best_score=27.0, changed=523, unchanged=524, early_stops=8/8
26 - INFO - chord#: 2 In build_straw_man_chord_sa. tolerance = 1, sa_iterations = 1000, initial_temperature = 3.0, cooling_rate = 0.999
26 - INFO - chord#: 2 done. best_score=129.0, changed=612, unchanged=330, early_stops=8/8
26 - INFO - chord#: 2 done. best_score=96.0, changed=611, unchanged=264, early_stops=8/8
26 - INFO - chord#: 4 In build_straw_man_chord_sa. tolerance = 1, sa_iterations = 1000, initial_temperature = 3.0, cooling_rate = 0.999
26 - INFO - chord#: 4 In build_straw_man_chord_sa. tolerance = 1, sa_iterations = 1000, initial_temperature = 3.0, cooling_rate = 0.999
26 - INFO - chord#: 2 done. best_score=96.0, changed=612, unchanged=305, early_stops=8/8
26 - INFO - chord#: 4 In build_straw_man_chord_sa. tolerance = 1, sa_iterations = 1000, initial_temperature = 3.0, cooling_rate = 0.999
26 - INFO - chord#: 2 done. best_score=96.0, changed=613, unchanged=280, early_stops=8/8
26 - INFO - chord#: 4 In build_straw_man_chord_sa. tolerance = 1, sa_iterations = 1000, initial_temperature = 3.0, cooling_rate = 0.999
26 - INFO - chord#: 2 done. best_score=129.0, changed=606, unchanged=203, early_stops=8/8
26 - INFO - chord#: 4 In build_straw_man_chord_sa. tolerance = 1, sa_iterations = 1000, initial_temperature = 3.0, cooling_rate = 0.999
26 - INFO - chord#: 2 done. best_score=94.0, changed=609, unchanged=202, early_stops=8/8
26 - INFO - chord#: 4 In build_straw_man_chord_sa. tolerance = 1, sa_iterations = 1000, initial_temperature = 3.0, cooling_rate = 0.999
26 - INFO - chord#: 2 done. best_score=93.0, changed=612, unchanged=217, early_stops=8/8
26 - INFO - chord#: 4 In build_straw_man_chord_sa. tolerance = 1, sa_iterations = 1000, initial_temperature = 3.0, cooling_rate = 0.999
26 - INFO - chord#: 2 done. best_score=93.0, changed=612, unchanged=306, early_stops=8/8
26 - INFO - chord#: 4 In build_straw_man_chord_sa. tolerance = 1, sa_iterations = 1000, initial_temperature = 3.0, cooling_rate = 0.999
26 - INFO - chord#: 2 done. best_score=94.0, changed=616, unchanged=577, early_stops=8/8
26 - INFO - chord#: 4 In build_straw_man_chord_sa. tolerance = 1, sa_iterations = 1000, initial_temperature = 3.0, cooling_rate = 0.999
26 - INFO - chord#: 4 done. best_score=27.0, changed=526, unchanged=307, early_stops=8/8
26 - INFO - chord#: 6 In build_straw_man_chord_sa. tolerance = 1, sa_iterations = 1000, initial_temperature = 3.0, cooling_rate = 0.999
26 - INFO - chord#: 4 done. best_score=36.0, changed=535, unchanged=315, early_stops=8/8
26 - INFO - chord#: 6 In build_straw_man_chord_sa. tolerance = 1, sa_iterations = 1000, initial_temperature = 3.0, cooling_rate = 0.999
26 - INFO - chord#: 2 done. best_score=94.0, changed=616, unchanged=336, early_stops=8/8
26 - INFO - chord#: 4 In build_straw_man_chord_sa. tolerance = 1, sa_iterations = 1000, initial_temperature = 3.0, cooling_rate = 0.999
26 - INFO - chord#: 2 done. best_score=157.0, changed=612, unchanged=304, early_stops=8/8
26 - INFO - chord#: 4 In build_straw_man_chord_sa. tolerance = 1, sa_iterations = 1000, initial_temperature = 3.0, cooling_rate = 0.999
26 - INFO - chord#: 4 done. best_score=27.0, changed=523, unchanged=337, early_stops=8/8
26 - INFO - chord#: 6 In build_straw_man_chord_sa. tolerance = 1, sa_iterations = 1000, initial_temperature = 3.0, cooling_rate = 0.999
26 - INFO - chord#: 4 done. best_score=27.0, changed=550, unchanged=270, early_stops=8/8
26 - INFO - chord#: 6 In build_straw_man_chord_sa. tolerance = 1, sa_iterations = 1000, initial_temperature = 3.0, cooling_rate = 0.999
26 - INFO - chord#: 4 done. best_score=27.0, changed=542, unchanged=501, early_stops=8/8
26 - INFO - chord#: 6 In build_straw_man_chord_sa. tolerance = 1, sa_iterations = 1000, initial_temperature = 3.0, cooling_rate = 0.999
26 - INFO - chord#: 4 done. best_score=27.0, changed=573, unchanged=248, early_stops=8/8
26 - INFO - chord#: 6 In build_straw_man_chord_sa. tolerance = 1, sa_iterations = 1000, initial_temperature = 3.0, cooling_rate = 0.999
26 - INFO - chord#: 2 done. best_score=93.0, changed=621, unchanged=562, early_stops=8/8
26 - INFO - chord#: 4 In build_straw_man_chord_sa. tolerance = 1, sa_iterations = 1000, initial_temperature = 3.0, cooling_rate = 0.999
26 - INFO - chord#: 4 done. best_score=27.0, changed=523, unchanged=335, early_stops=8/8
26 - INFO - chord#: 6 In build_straw_man_chord_sa. tolerance = 1, sa_iterations = 1000, initial_temperature = 3.0, cooling_rate = 0.999
26 - INFO - chord#: 4 done. best_score=36.0, changed=524, unchanged=383, early_stops=8/8
26 - INFO - chord#: 6 In build_straw_man_chord_sa. tolerance = 1, sa_iterations = 1000, initial_temperature = 3.0, cooling_rate = 0.999
26 - INFO - chord#: 4 done. best_score=36.0, changed=516, unchanged=326, early_stops=8/8
26 - INFO - chord#: 6 In build_straw_man_chord_sa. tolerance = 1, sa_iterations = 1000, initial_temperature = 3.0, cooling_rate = 0.999
26 - INFO - chord#: 4 done. best_score=36.0, changed=522, unchanged=293, early_stops=8/8
26 - INFO - chord#: 6 In build_straw_man_chord_sa. tolerance = 1, sa_iterations = 1000, initial_temperature = 3.0, cooling_rate = 0.999
26 - INFO - chord#: 4 done. best_score=74.0, changed=531, unchanged=408, early_stops=8/8
26 - INFO - chord#: 6 In build_straw_man_chord_sa. tolerance = 1, sa_iterations = 1000, initial_temperature = 3.0, cooling_rate = 0.999
26 - INFO - chord#: 4 done. best_score=27.0, changed=520, unchanged=331, early_stops=8/8
26 - INFO - chord#: 6 In build_straw_man_chord_sa. tolerance = 1, sa_iterations = 1000, initial_temperature = 3.0, cooling_rate = 0.999
26 - INFO - chord#: 6 done. best_score=74.0, changed=618, unchanged=360, early_stops=8/8
26 - INFO - chord#: 8 In build_straw_man_chord_sa. tolerance = 1, sa_iterations = 1000, initial_temperature = 3.0, cooling_rate = 0.999
26 - INFO - chord#: 6 done. best_score=96.0, changed=611, unchanged=300, early_stops=8/8
26 - INFO - chord#: 8 In build_straw_man_chord_sa. tolerance = 1, sa_iterations = 1000, initial_temperature = 3.0, cooling_rate = 0.999
26 - INFO - chord#: 6 done. best_score=74.0, changed=620, unchanged=326, early_stops=8/8
26 - INFO - chord#: 8 In build_straw_man_chord_sa. tolerance = 1, sa_iterations = 1000, initial_temperature = 3.0, cooling_rate = 0.999
26 - INFO - chord#: 6 done. best_score=74.0, changed=615, unchanged=359, early_stops=8/8
26 - INFO - chord#: 8 In build_straw_man_chord_sa. tolerance = 1, sa_iterations = 1000, initial_temperature = 3.0, cooling_rate = 0.999
26 - INFO - chord#: 6 done. best_score=149.0, changed=611, unchanged=241, early_stops=8/8
26 - INFO - chord#: 8 In build_straw_man_chord_sa. tolerance = 1, sa_iterations = 1000, initial_temperature = 3.0, cooling_rate = 0.999
26 - INFO - chord#: 6 done. best_score=74.0, changed=613, unchanged=272, early_stops=8/8
26 - INFO - chord#: 8 In build_straw_man_chord_sa. tolerance = 1, sa_iterations = 1000, initial_temperature = 3.0, cooling_rate = 0.999
26 - INFO - chord#: 6 done. best_score=149.0, changed=615, unchanged=362, early_stops=8/8
26 - INFO - chord#: 8 In build_straw_man_chord_sa. tolerance = 1, sa_iterations = 1000, initial_temperature = 3.0, cooling_rate = 0.999
26 - INFO - chord#: 6 done. best_score=149.0, changed=618, unchanged=262, early_stops=8/8
26 - INFO - chord#: 8 In build_straw_man_chord_sa. tolerance = 1, sa_iterations = 1000, initial_temperature = 3.0, cooling_rate = 0.999
26 - INFO - chord#: 8 done. best_score=27.0, changed=515, unchanged=405, early_stops=8/8
26 - INFO - chord#: 10 In build_straw_man_chord_sa. tolerance = 1, sa_iterations = 1000, initial_temperature = 3.0, cooling_rate = 0.999
26 - INFO - chord#: 8 done. best_score=27.0, changed=516, unchanged=346, early_stops=8/8
26 - INFO - chord#: 8 done. best_score=27.0, changed=533, unchanged=465, early_stops=8/8
26 - INFO - chord#: 10 In build_straw_man_chord_sa. tolerance = 1, sa_iterations = 1000, initial_temperature = 3.0, cooling_rate = 0.999
26 - INFO - chord#: 10 In build_straw_man_chord_sa. tolerance = 1, sa_iterations = 1000, initial_temperature = 3.0, cooling_rate = 0.999
26 - INFO - chord#: 6 done. best_score=149.0, changed=613, unchanged=209, early_stops=8/8
26 - INFO - chord#: 8 In build_straw_man_chord_sa. tolerance = 1, sa_iterations = 1000, initial_temperature = 3.0, cooling_rate = 0.999
26 - INFO - chord#: 6 done. best_score=168.0, changed=611, unchanged=246, early_stops=8/8
26 - INFO - chord#: 8 In build_straw_man_chord_sa. tolerance = 1, sa_iterations = 1000, initial_temperature = 3.0, cooling_rate = 0.999
26 - INFO - chord#: 8 done. best_score=27.0, changed=518, unchanged=437, early_stops=8/8
26 - INFO - chord#: 10 In build_straw_man_chord_sa. tolerance = 1, sa_iterations = 1000, initial_temperature = 3.0, cooling_rate = 0.999
26 - INFO - chord#: 6 done. best_score=96.0, changed=609, unchanged=321, early_stops=8/8
26 - INFO - chord#: 8 In build_straw_man_chord_sa. tolerance = 1, sa_iterations = 1000, initial_temperature = 3.0, cooling_rate = 0.999
26 - INFO - chord#: 8 done. best_score=27.0, changed=522, unchanged=458, early_stops=8/8
26 - INFO - chord#: 10 In build_straw_man_chord_sa. tolerance = 1, sa_iterations = 1000, initial_temperature = 3.0, cooling_rate = 0.999
26 - INFO - chord#: 8 done. best_score=27.0, changed=514, unchanged=324, early_stops=8/8
26 - INFO - chord#: 10 In build_straw_man_chord_sa. tolerance = 1, sa_iterations = 1000, initial_temperature = 3.0, cooling_rate = 0.999
26 - INFO - chord#: 8 done. best_score=27.0, changed=527, unchanged=373, early_stops=8/8
26 - INFO - chord#: 10 In build_straw_man_chord_sa. tolerance = 1, sa_iterations = 1000, initial_temperature = 3.0, cooling_rate = 0.999
26 - INFO - chord#: 6 done. best_score=74.0, changed=609, unchanged=232, early_stops=8/8
26 - INFO - chord#: 8 In build_straw_man_chord_sa. tolerance = 1, sa_iterations = 1000, initial_temperature = 3.0, cooling_rate = 0.999
26 - INFO - chord#: 8 done. best_score=27.0, changed=523, unchanged=315, early_stops=8/8
26 - INFO - chord#: 10 In build_straw_man_chord_sa. tolerance = 1, sa_iterations = 1000, initial_temperature = 3.0, cooling_rate = 0.999
26 - INFO - chord#: 10 done. best_score=27.0, changed=533, unchanged=309, early_stops=8/8
26 - INFO - chord#: 12 In build_straw_man_chord_sa. tolerance = 1, sa_iterations = 1000, initial_temperature = 3.0, cooling_rate = 0.999
26 - INFO - chord#: 10 done. best_score=27.0, changed=523, unchanged=383, early_stops=8/8
26 - INFO - chord#: 12 In build_straw_man_chord_sa. tolerance = 1, sa_iterations = 1000, initial_temperature = 3.0, cooling_rate = 0.999
26 - INFO - chord#: 10 done. best_score=27.0, changed=529, unchanged=371, early_stops=8/8
26 - INFO - chord#: 12 In build_straw_man_chord_sa. tolerance = 1, sa_iterations = 1000, initial_temperature = 3.0, cooling_rate = 0.999
26 - INFO - chord#: 10 done. best_score=27.0, changed=520, unchanged=303, early_stops=8/8
26 - INFO - chord#: 12 In build_straw_man_chord_sa. tolerance = 1, sa_iterations = 1000, initial_temperature = 3.0, cooling_rate = 0.999
26 - INFO - chord#: 10 done. best_score=27.0, changed=524, unchanged=320, early_stops=8/8
26 - INFO - chord#: 12 In build_straw_man_chord_sa. tolerance = 1, sa_iterations = 1000, initial_temperature = 3.0, cooling_rate = 0.999
26 - INFO - chord#: 8 done. best_score=27.0, changed=532, unchanged=475, early_stops=8/8
26 - INFO - chord#: 10 In build_straw_man_chord_sa. tolerance = 1, sa_iterations = 1000, initial_temperature = 3.0, cooling_rate = 0.999
26 - INFO - chord#: 8 done. best_score=57.0, changed=529, unchanged=361, early_stops=8/8
26 - INFO - chord#: 10 In build_straw_man_chord_sa. tolerance = 1, sa_iterations = 1000, initial_temperature = 3.0, cooling_rate = 0.999
26 - INFO - chord#: 10 done. best_score=27.0, changed=537, unchanged=353, early_stops=8/8
26 - INFO - chord#: 12 In build_straw_man_chord_sa. tolerance = 1, sa_iterations = 1000, initial_temperature = 3.0, cooling_rate = 0.999
26 - INFO - chord#: 8 done. best_score=27.0, changed=529, unchanged=502, early_stops=8/8
26 - INFO - chord#: 10 In build_straw_man_chord_sa. tolerance = 1, sa_iterations = 1000, initial_temperature = 3.0, cooling_rate = 0.999
26 - INFO - chord#: 10 done. best_score=27.0, changed=516, unchanged=311, early_stops=8/8
26 - INFO - chord#: 12 In build_straw_man_chord_sa. tolerance = 1, sa_iterations = 1000, initial_temperature = 3.0, cooling_rate = 0.999
26 - INFO - chord#: 10 done. best_score=27.0, changed=520, unchanged=348, early_stops=8/8
26 - INFO - chord#: 12 In build_straw_man_chord_sa. tolerance = 1, sa_iterations = 1000, initial_temperature = 3.0, cooling_rate = 0.999
26 - INFO - chord#: 8 done. best_score=27.0, changed=517, unchanged=353, early_stops=8/8
26 - INFO - chord#: 10 In build_straw_man_chord_sa. tolerance = 1, sa_iterations = 1000, initial_temperature = 3.0, cooling_rate = 0.999
26 - INFO - chord#: 12 done. best_score=27.0, changed=514, unchanged=424, early_stops=8/8
26 - INFO - chord#: 14 In build_straw_man_chord_sa. tolerance = 1, sa_iterations = 1000, initial_temperature = 3.0, cooling_rate = 0.999
26 - INFO - chord#: 10 done. best_score=27.0, changed=517, unchanged=302, early_stops=8/8
26 - INFO - chord#: 12 In build_straw_man_chord_sa. tolerance = 1, sa_iterations = 1000, initial_temperature = 3.0, cooling_rate = 0.999
26 - INFO - chord#: 12 done. best_score=36.0, changed=522, unchanged=428, early_stops=8/8
26 - INFO - chord#: 14 In build_straw_man_chord_sa. tolerance = 1, sa_iterations = 1000, initial_temperature = 3.0, cooling_rate = 0.999
26 - INFO - chord#: 12 done. best_score=27.0, changed=518, unchanged=339, early_stops=8/8
26 - INFO - chord#: 14 In build_straw_man_chord_sa. tolerance = 1, sa_iterations = 1000, initial_temperature = 3.0, cooling_rate = 0.999
26 - INFO - chord#: 12 done. best_score=27.0, changed=522, unchanged=486, early_stops=8/8
26 - INFO - chord#: 14 In build_straw_man_chord_sa. tolerance = 1, sa_iterations = 1000, initial_temperature = 3.0, cooling_rate = 0.999
26 - INFO - chord#: 10 done. best_score=27.0, changed=520, unchanged=316, early_stops=8/8
26 - INFO - chord#: 12 In build_straw_man_chord_sa. tolerance = 1, sa_iterations = 1000, initial_temperature = 3.0, cooling_rate = 0.999
26 - INFO - chord#: 12 done. best_score=27.0, changed=523, unchanged=339, early_stops=8/8
26 - INFO - chord#: 14 In build_straw_man_chord_sa. tolerance = 1, sa_iterations = 1000, initial_temperature = 3.0, cooling_rate = 0.999
26 - INFO - chord#: 12 done. best_score=27.0, changed=513, unchanged=321, early_stops=8/8
26 - INFO - chord#: 14 In build_straw_man_chord_sa. tolerance = 1, sa_iterations = 1000, initial_temperature = 3.0, cooling_rate = 0.999
26 - INFO - chord#: 10 done. best_score=27.0, changed=525, unchanged=410, early_stops=8/8
26 - INFO - chord#: 12 In build_straw_man_chord_sa. tolerance = 1, sa_iterations = 1000, initial_temperature = 3.0, cooling_rate = 0.999
26 - INFO - chord#: 14 done. best_score=27.0, changed=521, unchanged=321, early_stops=8/8
26 - INFO - chord#: 16 In build_straw_man_chord_sa. tolerance = 1, sa_iterations = 1000, initial_temperature = 3.0, cooling_rate = 0.999
26 - INFO - chord#: 10 done. best_score=27.0, changed=527, unchanged=368, early_stops=8/8
26 - INFO - chord#: 12 In build_straw_man_chord_sa. tolerance = 1, sa_iterations = 1000, initial_temperature = 3.0, cooling_rate = 0.999
26 - INFO - chord#: 14 done. best_score=36.0, changed=527, unchanged=447, early_stops=8/8
26 - INFO - chord#: 16 In build_straw_man_chord_sa. tolerance = 1, sa_iterations = 1000, initial_temperature = 3.0, cooling_rate = 0.999
26 - INFO - chord#: 12 done. best_score=27.0, changed=520, unchanged=400, early_stops=8/8
26 - INFO - chord#: 14 In build_straw_man_chord_sa. tolerance = 1, sa_iterations = 1000, initial_temperature = 3.0, cooling_rate = 0.999
26 - INFO - chord#: 14 done. best_score=27.0, changed=525, unchanged=378, early_stops=8/8
26 - INFO - chord#: 16 In build_straw_man_chord_sa. tolerance = 1, sa_iterations = 1000, initial_temperature = 3.0, cooling_rate = 0.999
26 - INFO - chord#: 14 done. best_score=27.0, changed=517, unchanged=488, early_stops=8/8
26 - INFO - chord#: 16 In build_straw_man_chord_sa. tolerance = 1, sa_iterations = 1000, initial_temperature = 3.0, cooling_rate = 0.999
26 - INFO - chord#: 12 done. best_score=27.0, changed=521, unchanged=364, early_stops=8/8
26 - INFO - chord#: 14 In build_straw_man_chord_sa. tolerance = 1, sa_iterations = 1000, initial_temperature = 3.0, cooling_rate = 0.999
26 - INFO - chord#: 12 done. best_score=27.0, changed=521, unchanged=336, early_stops=8/8
26 - INFO - chord#: 14 In build_straw_man_chord_sa. tolerance = 1, sa_iterations = 1000, initial_temperature = 3.0, cooling_rate = 0.999
26 - INFO - chord#: 14 done. best_score=27.0, changed=534, unchanged=522, early_stops=8/8
26 - INFO - chord#: 16 In build_straw_man_chord_sa. tolerance = 1, sa_iterations = 1000, initial_temperature = 3.0, cooling_rate = 0.999
26 - INFO - chord#: 12 done. best_score=27.0, changed=514, unchanged=381, early_stops=8/8
26 - INFO - chord#: 14 In build_straw_man_chord_sa. tolerance = 1, sa_iterations = 1000, initial_temperature = 3.0, cooling_rate = 0.999
26 - INFO - chord#: 16 done. best_score=27.0, changed=517, unchanged=394, early_stops=8/8
26 - INFO - chord#: 18 In build_straw_man_chord_sa. tolerance = 1, sa_iterations = 1000, initial_temperature = 3.0, cooling_rate = 0.999
26 - INFO - chord#: 14 done. best_score=27.0, changed=535, unchanged=450, early_stops=8/8
26 - INFO - chord#: 16 In build_straw_man_chord_sa. tolerance = 1, sa_iterations = 1000, initial_temperature = 3.0, cooling_rate = 0.999
26 - INFO - chord#: 14 done. best_score=27.0, changed=521, unchanged=320, early_stops=8/8
26 - INFO - chord#: 16 In build_straw_man_chord_sa. tolerance = 1, sa_iterations = 1000, initial_temperature = 3.0, cooling_rate = 0.999
26 - INFO - chord#: 16 done. best_score=27.0, changed=525, unchanged=471, early_stops=8/8
26 - INFO - chord#: 18 In build_straw_man_chord_sa. tolerance = 1, sa_iterations = 1000, initial_temperature = 3.0, cooling_rate = 0.999
26 - INFO - chord#: 12 done. best_score=27.0, changed=524, unchanged=479, early_stops=8/8
26 - INFO - chord#: 14 In build_straw_man_chord_sa. tolerance = 1, sa_iterations = 1000, initial_temperature = 3.0, cooling_rate = 0.999
26 - INFO - chord#: 16 done. best_score=27.0, changed=522, unchanged=426, early_stops=8/8
26 - INFO - chord#: 18 In build_straw_man_chord_sa. tolerance = 1, sa_iterations = 1000, initial_temperature = 3.0, cooling_rate = 0.999
26 - INFO - chord#: 16 done. best_score=27.0, changed=516, unchanged=434, early_stops=8/8
26 - INFO - chord#: 18 In build_straw_man_chord_sa. tolerance = 1, sa_iterations = 1000, initial_temperature = 3.0, cooling_rate = 0.999
26 - INFO - chord#: 14 done. best_score=27.0, changed=514, unchanged=330, early_stops=8/8
26 - INFO - chord#: 16 done. best_score=27.0, changed=518, unchanged=361, early_stops=8/8
26 - INFO - chord#: 16 In build_straw_man_chord_sa. tolerance = 1, sa_iterations = 1000, initial_temperature = 3.0, cooling_rate = 0.999
26 - INFO - chord#: 18 In build_straw_man_chord_sa. tolerance = 1, sa_iterations = 1000, initial_temperature = 3.0, cooling_rate = 0.999
26 - INFO - chord#: 14 done. best_score=27.0, changed=520, unchanged=404, early_stops=8/8
26 - INFO - chord#: 16 In build_straw_man_chord_sa. tolerance = 1, sa_iterations = 1000, initial_temperature = 3.0, cooling_rate = 0.999
26 - INFO - chord#: 12 done. best_score=27.0, changed=524, unchanged=544, early_stops=8/8
26 - INFO - chord#: 14 In build_straw_man_chord_sa. tolerance = 1, sa_iterations = 1000, initial_temperature = 3.0, cooling_rate = 0.999
26 - INFO - chord#: 14 done. best_score=27.0, changed=527, unchanged=414, early_stops=8/8
26 - INFO - chord#: 16 In build_straw_man_chord_sa. tolerance = 1, sa_iterations = 1000, initial_temperature = 3.0, cooling_rate = 0.999
26 - INFO - chord#: 16 done. best_score=27.0, changed=524, unchanged=355, early_stops=8/8
26 - INFO - chord#: 18 In build_straw_man_chord_sa. tolerance = 1, sa_iterations = 1000, initial_temperature = 3.0, cooling_rate = 0.999
26 - INFO - chord#: 14 done. best_score=27.0, changed=522, unchanged=428, early_stops=8/8
26 - INFO - chord#: 16 In build_straw_man_chord_sa. tolerance = 1, sa_iterations = 1000, initial_temperature = 3.0, cooling_rate = 0.999
26 - INFO - chord#: 14 done. best_score=27.0, changed=513, unchanged=309, early_stops=8/8
26 - INFO - chord#: 16 In build_straw_man_chord_sa. tolerance = 1, sa_iterations = 1000, initial_temperature = 3.0, cooling_rate = 0.999
26 - INFO - chord#: 16 done. best_score=27.0, changed=518, unchanged=460, early_stops=8/8
26 - INFO - chord#: 18 In build_straw_man_chord_sa. tolerance = 1, sa_iterations = 1000, initial_temperature = 3.0, cooling_rate = 0.999
26 - INFO - chord#: 16 done. best_score=27.0, changed=521, unchanged=520, early_stops=8/8
26 - INFO - chord#: 18 In build_straw_man_chord_sa. tolerance = 1, sa_iterations = 1000, initial_temperature = 3.0, cooling_rate = 0.999
26 - INFO - chord#: 16 done. best_score=27.0, changed=530, unchanged=471, early_stops=8/8
26 - INFO - chord#: 18 In build_straw_man_chord_sa. tolerance = 1, sa_iterations = 1000, initial_temperature = 3.0, cooling_rate = 0.999
26 - INFO - chord#: 16 done. best_score=27.0, changed=519, unchanged=454, early_stops=8/8
26 - INFO - chord#: 18 In build_straw_man_chord_sa. tolerance = 1, sa_iterations = 1000, initial_temperature = 3.0, cooling_rate = 0.999
26 - INFO - chord#: 18 done. best_score=78.0, changed=609, unchanged=207, early_stops=8/8
26 - INFO - chord#: 20 In build_straw_man_chord_sa. tolerance = 1, sa_iterations = 1000, initial_temperature = 3.0, cooling_rate = 0.999
26 - INFO - chord#: 18 done. best_score=140.0, changed=611, unchanged=225, early_stops=8/8
26 - INFO - chord#: 20 In build_straw_man_chord_sa. tolerance = 1, sa_iterations = 1000, initial_temperature = 3.0, cooling_rate = 0.999
26 - INFO - chord#: 18 done. best_score=78.0, changed=607, unchanged=242, early_stops=8/8
26 - INFO - chord#: 20 In build_straw_man_chord_sa. tolerance = 1, sa_iterations = 1000, initial_temperature = 3.0, cooling_rate = 0.999
26 - INFO - chord#: 16 done. best_score=27.0, changed=514, unchanged=350, early_stops=8/8
26 - INFO - chord#: 18 In build_straw_man_chord_sa. tolerance = 1, sa_iterations = 1000, initial_temperature = 3.0, cooling_rate = 0.999
26 - INFO - chord#: 16 done. best_score=27.0, changed=514, unchanged=324, early_stops=8/8
26 - INFO - chord#: 18 In build_straw_man_chord_sa. tolerance = 1, sa_iterations = 1000, initial_temperature = 3.0, cooling_rate = 0.999
26 - INFO - chord#: 18 done. best_score=78.0, changed=612, unchanged=359, early_stops=8/8
26 - INFO - chord#: 20 In build_straw_man_chord_sa. tolerance = 1, sa_iterations = 1000, initial_temperature = 3.0, cooling_rate = 0.999
26 - INFO - chord#: 18 done. best_score=78.0, changed=612, unchanged=357, early_stops=8/8
26 - INFO - chord#: 20 In build_straw_man_chord_sa. tolerance = 1, sa_iterations = 1000, initial_temperature = 3.0, cooling_rate = 0.999
26 - INFO - chord#: 20 done. best_score=27.0, changed=518, unchanged=397, early_stops=8/8
26 - INFO - chord#: 22 In build_straw_man_chord_sa. tolerance = 1, sa_iterations = 1000, initial_temperature = 3.0, cooling_rate = 0.999
26 - INFO - chord#: 20 done. best_score=27.0, changed=516, unchanged=338, early_stops=8/8
26 - INFO - chord#: 22 In build_straw_man_chord_sa. tolerance = 1, sa_iterations = 1000, initial_temperature = 3.0, cooling_rate = 0.999
26 - INFO - chord#: 20 done. best_score=27.0, changed=514, unchanged=468, early_stops=8/8
26 - INFO - chord#: 22 In build_straw_man_chord_sa. tolerance = 1, sa_iterations = 1000, initial_temperature = 3.0, cooling_rate = 0.999
26 - INFO - chord#: 20 done. best_score=36.0, changed=515, unchanged=328, early_stops=8/8
26 - INFO - chord#: 22 In build_straw_man_chord_sa. tolerance = 1, sa_iterations = 1000, initial_temperature = 3.0, cooling_rate = 0.999
26 - INFO - chord#: 20 done. best_score=27.0, changed=525, unchanged=370, early_stops=8/8
26 - INFO - chord#: 22 In build_straw_man_chord_sa. tolerance = 1, sa_iterations = 1000, initial_temperature = 3.0, cooling_rate = 0.999
26 - INFO - chord#: 22 done. best_score=27.0, changed=522, unchanged=542, early_stops=8/8
26 - INFO - chord#: 24 In build_straw_man_chord_sa. tolerance = 1, sa_iterations = 1000, initial_temperature = 3.0, cooling_rate = 0.999
26 - INFO - chord#: 22 done. best_score=27.0, changed=525, unchanged=604, early_stops=8/8
26 - INFO - chord#: 24 In build_straw_man_chord_sa. tolerance = 1, sa_iterations = 1000, initial_temperature = 3.0, cooling_rate = 0.999
26 - INFO - chord#: 18 done. best_score=78.0, changed=619, unchanged=372, early_stops=8/8
26 - INFO - chord#: 20 In build_straw_man_chord_sa. tolerance = 1, sa_iterations = 1000, initial_temperature = 3.0, cooling_rate = 0.999
26 - INFO - chord#: 18 done. best_score=67.0, changed=613, unchanged=447, early_stops=8/8
26 - INFO - chord#: 20 In build_straw_man_chord_sa. tolerance = 1, sa_iterations = 1000, initial_temperature = 3.0, cooling_rate = 0.999
26 - INFO - chord#: 22 done. best_score=27.0, changed=516, unchanged=375, early_stops=8/8
26 - INFO - chord#: 24 In build_straw_man_chord_sa. tolerance = 1, sa_iterations = 1000, initial_temperature = 3.0, cooling_rate = 0.999
26 - INFO - chord#: 22 done. best_score=27.0, changed=521, unchanged=422, early_stops=8/8
26 - INFO - chord#: 24 In build_straw_man_chord_sa. tolerance = 1, sa_iterations = 1000, initial_temperature = 3.0, cooling_rate = 0.999
26 - INFO - chord#: 18 done. best_score=78.0, changed=609, unchanged=284, early_stops=8/8
26 - INFO - chord#: 20 In build_straw_man_chord_sa. tolerance = 1, sa_iterations = 1000, initial_temperature = 3.0, cooling_rate = 0.999
26 - INFO - chord#: 22 done. best_score=27.0, changed=524, unchanged=434, early_stops=8/8
26 - INFO - chord#: 24 In build_straw_man_chord_sa. tolerance = 1, sa_iterations = 1000, initial_temperature = 3.0, cooling_rate = 0.999
26 - INFO - chord#: 18 done. best_score=119.0, changed=611, unchanged=336, early_stops=8/8
26 - INFO - chord#: 20 In build_straw_man_chord_sa. tolerance = 1, sa_iterations = 1000, initial_temperature = 3.0, cooling_rate = 0.999
26 - INFO - chord#: 18 done. best_score=78.0, changed=614, unchanged=389, early_stops=8/8
26 - INFO - chord#: 20 In build_straw_man_chord_sa. tolerance = 1, sa_iterations = 1000, initial_temperature = 3.0, cooling_rate = 0.999
26 - INFO - chord#: 24 done. best_score=27.0, changed=518, unchanged=325, early_stops=8/8
26 - INFO - chord#: 28 In build_straw_man_chord_sa. tolerance = 1, sa_iterations = 1000, initial_temperature = 3.0, cooling_rate = 0.999
26 - INFO - chord#: 24 done. best_score=27.0, changed=524, unchanged=509, early_stops=8/8
26 - INFO - chord#: 28 In build_straw_man_chord_sa. tolerance = 1, sa_iterations = 1000, initial_temperature = 3.0, cooling_rate = 0.999
26 - INFO - chord#: 24 done. best_score=27.0, changed=514, unchanged=337, early_stops=8/8
26 - INFO - chord#: 28 In build_straw_man_chord_sa. tolerance = 1, sa_iterations = 1000, initial_temperature = 3.0, cooling_rate = 0.999
26 - INFO - chord#: 24 done. best_score=27.0, changed=517, unchanged=372, early_stops=8/8
26 - INFO - chord#: 28 In build_straw_man_chord_sa. tolerance = 1, sa_iterations = 1000, initial_temperature = 3.0, cooling_rate = 0.999
26 - INFO - chord#: 20 done. best_score=27.0, changed=514, unchanged=331, early_stops=8/8
26 - INFO - chord#: 22 In build_straw_man_chord_sa. tolerance = 1, sa_iterations = 1000, initial_temperature = 3.0, cooling_rate = 0.999
26 - INFO - chord#: 20 done. best_score=36.0, changed=529, unchanged=464, early_stops=8/8
26 - INFO - chord#: 22 In build_straw_man_chord_sa. tolerance = 1, sa_iterations = 1000, initial_temperature = 3.0, cooling_rate = 0.999
26 - INFO - chord#: 24 done. best_score=27.0, changed=515, unchanged=385, early_stops=8/8
26 - INFO - chord#: 28 In build_straw_man_chord_sa. tolerance = 1, sa_iterations = 1000, initial_temperature = 3.0, cooling_rate = 0.999
26 - INFO - chord#: 18 done. best_score=78.0, changed=610, unchanged=373, early_stops=8/8
26 - INFO - chord#: 20 In build_straw_man_chord_sa. tolerance = 1, sa_iterations = 1000, initial_temperature = 3.0, cooling_rate = 0.999
26 - INFO - chord#: 18 done. best_score=78.0, changed=618, unchanged=417, early_stops=8/8
26 - INFO - chord#: 20 In build_straw_man_chord_sa. tolerance = 1, sa_iterations = 1000, initial_temperature = 3.0, cooling_rate = 0.999
26 - INFO - chord#: 20 done. best_score=36.0, changed=523, unchanged=517, early_stops=8/8
26 - INFO - chord#: 22 In build_straw_man_chord_sa. tolerance = 1, sa_iterations = 1000, initial_temperature = 3.0, cooling_rate = 0.999
26 - INFO - chord#: 28 done. best_score=27.0, changed=522, unchanged=393, early_stops=8/8
26 - INFO - chord#: 32 In build_straw_man_chord_sa. tolerance = 1, sa_iterations = 1000, initial_temperature = 3.0, cooling_rate = 0.999
26 - INFO - chord#: 20 done. best_score=27.0, changed=520, unchanged=414, early_stops=8/8
26 - INFO - chord#: 22 In build_straw_man_chord_sa. tolerance = 1, sa_iterations = 1000, initial_temperature = 3.0, cooling_rate = 0.999
26 - INFO - chord#: 28 done. best_score=27.0, changed=528, unchanged=562, early_stops=8/8
26 - INFO - chord#: 32 In build_straw_man_chord_sa. tolerance = 1, sa_iterations = 1000, initial_temperature = 3.0, cooling_rate = 0.999
26 - INFO - chord#: 28 done. best_score=27.0, changed=514, unchanged=352, early_stops=8/8
26 - INFO - chord#: 32 In build_straw_man_chord_sa. tolerance = 1, sa_iterations = 1000, initial_temperature = 3.0, cooling_rate = 0.999
26 - INFO - chord#: 20 done. best_score=27.0, changed=531, unchanged=603, early_stops=8/8
26 - INFO - chord#: 22 In build_straw_man_chord_sa. tolerance = 1, sa_iterations = 1000, initial_temperature = 3.0, cooling_rate = 0.999
26 - INFO - chord#: 28 done. best_score=27.0, changed=516, unchanged=400, early_stops=8/8
26 - INFO - chord#: 32 In build_straw_man_chord_sa. tolerance = 1, sa_iterations = 1000, initial_temperature = 3.0, cooling_rate = 0.999
26 - INFO - chord#: 22 done. best_score=27.0, changed=520, unchanged=410, early_stops=8/8
26 - INFO - chord#: 24 In build_straw_man_chord_sa. tolerance = 1, sa_iterations = 1000, initial_temperature = 3.0, cooling_rate = 0.999
26 - INFO - chord#: 28 done. best_score=27.0, changed=518, unchanged=393, early_stops=8/8
26 - INFO - chord#: 32 In build_straw_man_chord_sa. tolerance = 1, sa_iterations = 1000, initial_temperature = 3.0, cooling_rate = 0.999
26 - INFO - chord#: 22 done. best_score=27.0, changed=523, unchanged=503, early_stops=8/8
26 - INFO - chord#: 24 In build_straw_man_chord_sa. tolerance = 1, sa_iterations = 1000, initial_temperature = 3.0, cooling_rate = 0.999
26 - INFO - chord#: 20 done. best_score=27.0, changed=517, unchanged=342, early_stops=8/8
26 - INFO - chord#: 22 In build_straw_man_chord_sa. tolerance = 1, sa_iterations = 1000, initial_temperature = 3.0, cooling_rate = 0.999
26 - INFO - chord#: 20 done. best_score=27.0, changed=509, unchanged=329, early_stops=8/8
26 - INFO - chord#: 22 In build_straw_man_chord_sa. tolerance = 1, sa_iterations = 1000, initial_temperature = 3.0, cooling_rate = 0.999
26 - INFO - chord#: 22 done. best_score=27.0, changed=524, unchanged=517, early_stops=8/8
26 - INFO - chord#: 24 In build_straw_man_chord_sa. tolerance = 1, sa_iterations = 1000, initial_temperature = 3.0, cooling_rate = 0.999
26 - INFO - chord#: 32 done. best_score=27.0, changed=518, unchanged=418, early_stops=8/8
26 - INFO - chord#: 34 In build_straw_man_chord_sa. tolerance = 1, sa_iterations = 1000, initial_temperature = 3.0, cooling_rate = 0.999
26 - INFO - chord#: 32 done. best_score=27.0, changed=527, unchanged=423, early_stops=8/8
26 - INFO - chord#: 34 In build_straw_man_chord_sa. tolerance = 1, sa_iterations = 1000, initial_temperature = 3.0, cooling_rate = 0.999
26 - INFO - chord#: 32 done. best_score=27.0, changed=523, unchanged=480, early_stops=8/8
26 - INFO - chord#: 34 In build_straw_man_chord_sa. tolerance = 1, sa_iterations = 1000, initial_temperature = 3.0, cooling_rate = 0.999
26 - INFO - chord#: 32 done. best_score=27.0, changed=517, unchanged=448, early_stops=8/8
26 - INFO - chord#: 34 In build_straw_man_chord_sa. tolerance = 1, sa_iterations = 1000, initial_temperature = 3.0, cooling_rate = 0.999
26 - INFO - chord#: 24 done. best_score=27.0, changed=515, unchanged=393, early_stops=8/8
26 - INFO - chord#: 28 In build_straw_man_chord_sa. tolerance = 1, sa_iterations = 1000, initial_temperature = 3.0, cooling_rate = 0.999
26 - INFO - chord#: 22 done. best_score=27.0, changed=521, unchanged=437, early_stops=8/8
26 - INFO - chord#: 24 In build_straw_man_chord_sa. tolerance = 1, sa_iterations = 1000, initial_temperature = 3.0, cooling_rate = 0.999
26 - INFO - chord#: 32 done. best_score=27.0, changed=518, unchanged=358, early_stops=8/8
26 - INFO - chord#: 34 In build_straw_man_chord_sa. tolerance = 1, sa_iterations = 1000, initial_temperature = 3.0, cooling_rate = 0.999
26 - INFO - chord#: 22 done. best_score=27.0, changed=523, unchanged=490, early_stops=8/8
26 - INFO - chord#: 24 In build_straw_man_chord_sa. tolerance = 1, sa_iterations = 1000, initial_temperature = 3.0, cooling_rate = 0.999
26 - INFO - chord#: 24 done. best_score=27.0, changed=513, unchanged=372, early_stops=8/8
26 - INFO - chord#: 28 In build_straw_man_chord_sa. tolerance = 1, sa_iterations = 1000, initial_temperature = 3.0, cooling_rate = 0.999
26 - INFO - chord#: 22 done. best_score=36.0, changed=518, unchanged=319, early_stops=8/8
26 - INFO - chord#: 24 In build_straw_man_chord_sa. tolerance = 1, sa_iterations = 1000, initial_temperature = 3.0, cooling_rate = 0.999
26 - INFO - chord#: 22 done. best_score=27.0, changed=510, unchanged=309, early_stops=8/8
26 - INFO - chord#: 24 In build_straw_man_chord_sa. tolerance = 1, sa_iterations = 1000, initial_temperature = 3.0, cooling_rate = 0.999
26 - INFO - chord#: 24 done. best_score=27.0, changed=529, unchanged=507, early_stops=8/8
26 - INFO - chord#: 28 In build_straw_man_chord_sa. tolerance = 1, sa_iterations = 1000, initial_temperature = 3.0, cooling_rate = 0.999
26 - INFO - chord#: 28 done. best_score=27.0, changed=520, unchanged=547, early_stops=8/8
26 - INFO - chord#: 32 In build_straw_man_chord_sa. tolerance = 1, sa_iterations = 1000, initial_temperature = 3.0, cooling_rate = 0.999
26 - INFO - chord#: 24 done. best_score=27.0, changed=528, unchanged=560, early_stops=8/8
26 - INFO - chord#: 28 In build_straw_man_chord_sa. tolerance = 1, sa_iterations = 1000, initial_temperature = 3.0, cooling_rate = 0.999
26 - INFO - chord#: 24 done. best_score=27.0, changed=524, unchanged=401, early_stops=8/8
26 - INFO - chord#: 28 In build_straw_man_chord_sa. tolerance = 1, sa_iterations = 1000, initial_temperature = 3.0, cooling_rate = 0.999
26 - INFO - chord#: 34 done. best_score=96.0, changed=611, unchanged=218, early_stops=8/8
26 - INFO - chord#: 36 In build_straw_man_chord_sa. tolerance = 1, sa_iterations = 1000, initial_temperature = 3.0, cooling_rate = 0.999
26 - INFO - chord#: 34 done. best_score=93.0, changed=612, unchanged=245, early_stops=8/8
26 - INFO - chord#: 36 In build_straw_man_chord_sa. tolerance = 1, sa_iterations = 1000, initial_temperature = 3.0, cooling_rate = 0.999
26 - INFO - chord#: 24 done. best_score=27.0, changed=520, unchanged=329, early_stops=8/8
26 - INFO - chord#: 28 In build_straw_man_chord_sa. tolerance = 1, sa_iterations = 1000, initial_temperature = 3.0, cooling_rate = 0.999
26 - INFO - chord#: 28 done. best_score=27.0, changed=521, unchanged=373, early_stops=8/8
26 - INFO - chord#: 32 In build_straw_man_chord_sa. tolerance = 1, sa_iterations = 1000, initial_temperature = 3.0, cooling_rate = 0.999
26 - INFO - chord#: 34 done. best_score=93.0, changed=613, unchanged=292, early_stops=8/8
26 - INFO - chord#: 36 In build_straw_man_chord_sa. tolerance = 1, sa_iterations = 1000, initial_temperature = 3.0, cooling_rate = 0.999
26 - INFO - chord#: 24 done. best_score=27.0, changed=516, unchanged=456, early_stops=8/8
26 - INFO - chord#: 28 In build_straw_man_chord_sa. tolerance = 1, sa_iterations = 1000, initial_temperature = 3.0, cooling_rate = 0.999
26 - INFO - chord#: 34 done. best_score=93.0, changed=614, unchanged=436, early_stops=8/8
26 - INFO - chord#: 36 In build_straw_man_chord_sa. tolerance = 1, sa_iterations = 1000, initial_temperature = 3.0, cooling_rate = 0.999
26 - INFO - chord#: 34 done. best_score=93.0, changed=612, unchanged=296, early_stops=8/8
26 - INFO - chord#: 36 In build_straw_man_chord_sa. tolerance = 1, sa_iterations = 1000, initial_temperature = 3.0, cooling_rate = 0.999
26 - INFO - chord#: 32 done. best_score=27.0, changed=522, unchanged=396, early_stops=8/8
26 - INFO - chord#: 34 In build_straw_man_chord_sa. tolerance = 1, sa_iterations = 1000, initial_temperature = 3.0, cooling_rate = 0.999
26 - INFO - chord#: 28 done. best_score=27.0, changed=529, unchanged=489, early_stops=8/8
26 - INFO - chord#: 32 In build_straw_man_chord_sa. tolerance = 1, sa_iterations = 1000, initial_temperature = 3.0, cooling_rate = 0.999
26 - INFO - chord#: 36 done. best_score=27.0, changed=521, unchanged=365, early_stops=8/8
26 - INFO - chord#: 38 In build_straw_man_chord_sa. tolerance = 1, sa_iterations = 1000, initial_temperature = 3.0, cooling_rate = 0.999
26 - INFO - chord#: 36 done. best_score=27.0, changed=522, unchanged=476, early_stops=8/8
26 - INFO - chord#: 38 In build_straw_man_chord_sa. tolerance = 1, sa_iterations = 1000, initial_temperature = 3.0, cooling_rate = 0.999
26 - INFO - chord#: 36 done. best_score=27.0, changed=512, unchanged=373, early_stops=8/8
26 - INFO - chord#: 38 In build_straw_man_chord_sa. tolerance = 1, sa_iterations = 1000, initial_temperature = 3.0, cooling_rate = 0.999
26 - INFO - chord#: 28 done. best_score=27.0, changed=521, unchanged=511, early_stops=8/8
26 - INFO - chord#: 32 In build_straw_man_chord_sa. tolerance = 1, sa_iterations = 1000, initial_temperature = 3.0, cooling_rate = 0.999
26 - INFO - chord#: 28 done. best_score=27.0, changed=529, unchanged=616, early_stops=8/8
26 - INFO - chord#: 32 In build_straw_man_chord_sa. tolerance = 1, sa_iterations = 1000, initial_temperature = 3.0, cooling_rate = 0.999
26 - INFO - chord#: 36 done. best_score=27.0, changed=528, unchanged=475, early_stops=8/8
26 - INFO - chord#: 38 In build_straw_man_chord_sa. tolerance = 1, sa_iterations = 1000, initial_temperature = 3.0, cooling_rate = 0.999
26 - INFO - chord#: 28 done. best_score=27.0, changed=520, unchanged=327, early_stops=8/8
26 - INFO - chord#: 32 In build_straw_man_chord_sa. tolerance = 1, sa_iterations = 1000, initial_temperature = 3.0, cooling_rate = 0.999
26 - INFO - chord#: 28 done. best_score=27.0, changed=521, unchanged=463, early_stops=8/8
26 - INFO - chord#: 32 In build_straw_man_chord_sa. tolerance = 1, sa_iterations = 1000, initial_temperature = 3.0, cooling_rate = 0.999
26 - INFO - chord#: 36 done. best_score=27.0, changed=519, unchanged=490, early_stops=8/8
26 - INFO - chord#: 38 In build_straw_man_chord_sa. tolerance = 1, sa_iterations = 1000, initial_temperature = 3.0, cooling_rate = 0.999
26 - INFO - chord#: 32 done. best_score=27.0, changed=517, unchanged=416, early_stops=8/8
26 - INFO - chord#: 34 In build_straw_man_chord_sa. tolerance = 1, sa_iterations = 1000, initial_temperature = 3.0, cooling_rate = 0.999
26 - INFO - chord#: 32 done. best_score=27.0, changed=521, unchanged=348, early_stops=8/8
26 - INFO - chord#: 34 In build_straw_man_chord_sa. tolerance = 1, sa_iterations = 1000, initial_temperature = 3.0, cooling_rate = 0.999
26 - INFO - chord#: 34 done. best_score=94.0, changed=608, unchanged=350, early_stops=8/8
26 - INFO - chord#: 36 In build_straw_man_chord_sa. tolerance = 1, sa_iterations = 1000, initial_temperature = 3.0, cooling_rate = 0.999
26 - INFO - chord#: 32 done. best_score=27.0, changed=524, unchanged=368, early_stops=8/8
26 - INFO - chord#: 34 In build_straw_man_chord_sa. tolerance = 1, sa_iterations = 1000, initial_temperature = 3.0, cooling_rate = 0.999
26 - INFO - chord#: 32 done. best_score=27.0, changed=519, unchanged=334, early_stops=8/8
26 - INFO - chord#: 34 In build_straw_man_chord_sa. tolerance = 1, sa_iterations = 1000, initial_temperature = 3.0, cooling_rate = 0.999
26 - INFO - chord#: 32 done. best_score=27.0, changed=527, unchanged=580, early_stops=8/8
26 - INFO - chord#: 34 In build_straw_man_chord_sa. tolerance = 1, sa_iterations = 1000, initial_temperature = 3.0, cooling_rate = 0.999
26 - INFO - chord#: 32 done. best_score=27.0, changed=519, unchanged=502, early_stops=8/8
26 - INFO - chord#: 34 In build_straw_man_chord_sa. tolerance = 1, sa_iterations = 1000, initial_temperature = 3.0, cooling_rate = 0.999
26 - INFO - chord#: 38 done. best_score=96.0, changed=606, unchanged=220, early_stops=8/8
26 - INFO - chord#: 40 In build_straw_man_chord_sa. tolerance = 1, sa_iterations = 1000, initial_temperature = 3.0, cooling_rate = 0.999
26 - INFO - chord#: 38 done. best_score=96.0, changed=615, unchanged=303, early_stops=8/8
26 - INFO - chord#: 40 In build_straw_man_chord_sa. tolerance = 1, sa_iterations = 1000, initial_temperature = 3.0, cooling_rate = 0.999
26 - INFO - chord#: 36 done. best_score=27.0, changed=519, unchanged=357, early_stops=8/8
26 - INFO - chord#: 38 In build_straw_man_chord_sa. tolerance = 1, sa_iterations = 1000, initial_temperature = 3.0, cooling_rate = 0.999
26 - INFO - chord#: 38 done. best_score=104.0, changed=613, unchanged=278, early_stops=8/8
26 - INFO - chord#: 40 In build_straw_man_chord_sa. tolerance = 1, sa_iterations = 1000, initial_temperature = 3.0, cooling_rate = 0.999
26 - INFO - chord#: 38 done. best_score=74.0, changed=614, unchanged=427, early_stops=8/8
26 - INFO - chord#: 40 In build_straw_man_chord_sa. tolerance = 1, sa_iterations = 1000, initial_temperature = 3.0, cooling_rate = 0.999
26 - INFO - chord#: 34 done. best_score=93.0, changed=609, unchanged=286, early_stops=8/8
26 - INFO - chord#: 36 In build_straw_man_chord_sa. tolerance = 1, sa_iterations = 1000, initial_temperature = 3.0, cooling_rate = 0.999
26 - INFO - chord#: 38 done. best_score=74.0, changed=612, unchanged=363, early_stops=8/8
26 - INFO - chord#: 40 In build_straw_man_chord_sa. tolerance = 1, sa_iterations = 1000, initial_temperature = 3.0, cooling_rate = 0.999
26 - INFO - chord#: 40 done. best_score=27.0, changed=520, unchanged=362, early_stops=8/8
26 - INFO - chord#: 42 In build_straw_man_chord_sa. tolerance = 1, sa_iterations = 1000, initial_temperature = 3.0, cooling_rate = 0.999
26 - INFO - chord#: 40 done. best_score=27.0, changed=522, unchanged=399, early_stops=8/8
26 - INFO - chord#: 42 In build_straw_man_chord_sa. tolerance = 1, sa_iterations = 1000, initial_temperature = 3.0, cooling_rate = 0.999
26 - INFO - chord#: 40 done. best_score=27.0, changed=525, unchanged=518, early_stops=8/8
26 - INFO - chord#: 42 In build_straw_man_chord_sa. tolerance = 1, sa_iterations = 1000, initial_temperature = 3.0, cooling_rate = 0.999
26 - INFO - chord#: 40 done. best_score=27.0, changed=527, unchanged=542, early_stops=8/8
26 - INFO - chord#: 42 In build_straw_man_chord_sa. tolerance = 1, sa_iterations = 1000, initial_temperature = 3.0, cooling_rate = 0.999
26 - INFO - chord#: 42 done. best_score=27.0, changed=533, unchanged=375, early_stops=8/8
26 - INFO - chord#: 44 In build_straw_man_chord_sa. tolerance = 1, sa_iterations = 1000, initial_temperature = 3.0, cooling_rate = 0.999
26 - INFO - chord#: 34 done. best_score=93.0, changed=616, unchanged=509, early_stops=8/8
26 - INFO - chord#: 36 In build_straw_man_chord_sa. tolerance = 1, sa_iterations = 1000, initial_temperature = 3.0, cooling_rate = 0.999
26 - INFO - chord#: 40 done. best_score=27.0, changed=528, unchanged=524, early_stops=8/8
26 - INFO - chord#: 42 In build_straw_man_chord_sa. tolerance = 1, sa_iterations = 1000, initial_temperature = 3.0, cooling_rate = 0.999
26 - INFO - chord#: 34 done. best_score=93.0, changed=614, unchanged=293, early_stops=8/8
26 - INFO - chord#: 36 In build_straw_man_chord_sa. tolerance = 1, sa_iterations = 1000, initial_temperature = 3.0, cooling_rate = 0.999
26 - INFO - chord#: 34 done. best_score=93.0, changed=610, unchanged=256, early_stops=8/8
26 - INFO - chord#: 36 In build_straw_man_chord_sa. tolerance = 1, sa_iterations = 1000, initial_temperature = 3.0, cooling_rate = 0.999
26 - INFO - chord#: 34 done. best_score=93.0, changed=612, unchanged=307, early_stops=8/8
26 - INFO - chord#: 36 In build_straw_man_chord_sa. tolerance = 1, sa_iterations = 1000, initial_temperature = 3.0, cooling_rate = 0.999
26 - INFO - chord#: 36 done. best_score=27.0, changed=521, unchanged=599, early_stops=8/8
26 - INFO - chord#: 38 In build_straw_man_chord_sa. tolerance = 1, sa_iterations = 1000, initial_temperature = 3.0, cooling_rate = 0.999
26 - INFO - chord#: 42 done. best_score=27.0, changed=527, unchanged=339, early_stops=8/8
26 - INFO - chord#: 44 In build_straw_man_chord_sa. tolerance = 1, sa_iterations = 1000, initial_temperature = 3.0, cooling_rate = 0.999
26 - INFO - chord#: 34 done. best_score=93.0, changed=617, unchanged=364, early_stops=8/8
26 - INFO - chord#: 36 In build_straw_man_chord_sa. tolerance = 1, sa_iterations = 1000, initial_temperature = 3.0, cooling_rate = 0.999
26 - INFO - chord#: 42 done. best_score=27.0, changed=521, unchanged=338, early_stops=8/8
26 - INFO - chord#: 44 In build_straw_man_chord_sa. tolerance = 1, sa_iterations = 1000, initial_temperature = 3.0, cooling_rate = 0.999
26 - INFO - chord#: 42 done. best_score=27.0, changed=528, unchanged=341, early_stops=8/8
26 - INFO - chord#: 44 In build_straw_man_chord_sa. tolerance = 1, sa_iterations = 1000, initial_temperature = 3.0, cooling_rate = 0.999
26 - INFO - chord#: 44 done. best_score=27.0, changed=521, unchanged=437, early_stops=8/8
26 - INFO - chord#: 46 In build_straw_man_chord_sa. tolerance = 1, sa_iterations = 1000, initial_temperature = 3.0, cooling_rate = 0.999
26 - INFO - chord#: 42 done. best_score=27.0, changed=527, unchanged=329, early_stops=8/8
26 - INFO - chord#: 44 In build_straw_man_chord_sa. tolerance = 1, sa_iterations = 1000, initial_temperature = 3.0, cooling_rate = 0.999
26 - INFO - chord#: 36 done. best_score=27.0, changed=517, unchanged=357, early_stops=8/8
26 - INFO - chord#: 38 In build_straw_man_chord_sa. tolerance = 1, sa_iterations = 1000, initial_temperature = 3.0, cooling_rate = 0.999
26 - INFO - chord#: 44 done. best_score=27.0, changed=521, unchanged=505, early_stops=8/8
26 - INFO - chord#: 46 In build_straw_man_chord_sa. tolerance = 1, sa_iterations = 1000, initial_temperature = 3.0, cooling_rate = 0.999
26 - INFO - chord#: 36 done. best_score=27.0, changed=516, unchanged=369, early_stops=8/8
26 - INFO - chord#: 38 In build_straw_man_chord_sa. tolerance = 1, sa_iterations = 1000, initial_temperature = 3.0, cooling_rate = 0.999
26 - INFO - chord#: 44 done. best_score=27.0, changed=510, unchanged=332, early_stops=8/8
26 - INFO - chord#: 46 In build_straw_man_chord_sa. tolerance = 1, sa_iterations = 1000, initial_temperature = 3.0, cooling_rate = 0.999
26 - INFO - chord#: 36 done. best_score=27.0, changed=513, unchanged=429, early_stops=8/8
26 - INFO - chord#: 38 In build_straw_man_chord_sa. tolerance = 1, sa_iterations = 1000, initial_temperature = 3.0, cooling_rate = 0.999
26 - INFO - chord#: 36 done. best_score=27.0, changed=523, unchanged=572, early_stops=8/8
26 - INFO - chord#: 38 In build_straw_man_chord_sa. tolerance = 1, sa_iterations = 1000, initial_temperature = 3.0, cooling_rate = 0.999
26 - INFO - chord#: 36 done. best_score=27.0, changed=518, unchanged=395, early_stops=8/8
26 - INFO - chord#: 38 In build_straw_man_chord_sa. tolerance = 1, sa_iterations = 1000, initial_temperature = 3.0, cooling_rate = 0.999
26 - INFO - chord#: 44 done. best_score=27.0, changed=522, unchanged=453, early_stops=8/8
26 - INFO - chord#: 46 In build_straw_man_chord_sa. tolerance = 1, sa_iterations = 1000, initial_temperature = 3.0, cooling_rate = 0.999
26 - INFO - chord#: 38 done. best_score=96.0, changed=618, unchanged=580, early_stops=8/8
26 - INFO - chord#: 40 In build_straw_man_chord_sa. tolerance = 1, sa_iterations = 1000, initial_temperature = 3.0, cooling_rate = 0.999
26 - INFO - chord#: 44 done. best_score=36.0, changed=517, unchanged=328, early_stops=8/8
26 - INFO - chord#: 46 In build_straw_man_chord_sa. tolerance = 1, sa_iterations = 1000, initial_temperature = 3.0, cooling_rate = 0.999
26 - INFO - chord#: 40 done. best_score=27.0, changed=510, unchanged=341, early_stops=8/8
26 - INFO - chord#: 42 In build_straw_man_chord_sa. tolerance = 1, sa_iterations = 1000, initial_temperature = 3.0, cooling_rate = 0.999
26 - INFO - chord#: 46 done. best_score=201.0, changed=612, unchanged=208, early_stops=8/8
26 - INFO - chord#: 48 In build_straw_man_chord_sa. tolerance = 1, sa_iterations = 1000, initial_temperature = 3.0, cooling_rate = 0.999
26 - INFO - chord#: 46 done. best_score=104.0, changed=607, unchanged=263, early_stops=8/8
26 - INFO - chord#: 48 In build_straw_man_chord_sa. tolerance = 1, sa_iterations = 1000, initial_temperature = 3.0, cooling_rate = 0.999
26 - INFO - chord#: 46 done. best_score=64.0, changed=608, unchanged=265, early_stops=8/8
26 - INFO - chord#: 48 In build_straw_man_chord_sa. tolerance = 1, sa_iterations = 1000, initial_temperature = 3.0, cooling_rate = 0.999
26 - INFO - chord#: 42 done. best_score=27.0, changed=526, unchanged=313, early_stops=8/8
26 - INFO - chord#: 44 In build_straw_man_chord_sa. tolerance = 1, sa_iterations = 1000, initial_temperature = 3.0, cooling_rate = 0.999
26 - INFO - chord#: 38 done. best_score=104.0, changed=612, unchanged=411, early_stops=8/8
26 - INFO - chord#: 40 In build_straw_man_chord_sa. tolerance = 1, sa_iterations = 1000, initial_temperature = 3.0, cooling_rate = 0.999
26 - INFO - chord#: 46 done. best_score=64.0, changed=609, unchanged=302, early_stops=8/8
26 - INFO - chord#: 48 In build_straw_man_chord_sa. tolerance = 1, sa_iterations = 1000, initial_temperature = 3.0, cooling_rate = 0.999
26 - INFO - chord#: 46 done. best_score=154.0, changed=610, unchanged=371, early_stops=8/8
26 - INFO - chord#: 48 In build_straw_man_chord_sa. tolerance = 1, sa_iterations = 1000, initial_temperature = 3.0, cooling_rate = 0.999
26 - INFO - chord#: 38 done. best_score=121.0, changed=608, unchanged=254, early_stops=8/8
26 - INFO - chord#: 40 In build_straw_man_chord_sa. tolerance = 1, sa_iterations = 1000, initial_temperature = 3.0, cooling_rate = 0.999
26 - INFO - chord#: 44 done. best_score=27.0, changed=522, unchanged=461, early_stops=8/8
26 - INFO - chord#: 46 In build_straw_man_chord_sa. tolerance = 1, sa_iterations = 1000, initial_temperature = 3.0, cooling_rate = 0.999
26 - INFO - chord#: 48 done. best_score=146.0, changed=612, unchanged=263, early_stops=8/8
26 - INFO - chord#: 50 In build_straw_man_chord_sa. tolerance = 1, sa_iterations = 1000, initial_temperature = 3.0, cooling_rate = 0.999
26 - INFO - chord#: 38 done. best_score=74.0, changed=615, unchanged=322, early_stops=8/8
26 - INFO - chord#: 40 In build_straw_man_chord_sa. tolerance = 1, sa_iterations = 1000, initial_temperature = 3.0, cooling_rate = 0.999
26 - INFO - chord#: 38 done. best_score=96.0, changed=617, unchanged=374, early_stops=8/8
26 - INFO - chord#: 40 In build_straw_man_chord_sa. tolerance = 1, sa_iterations = 1000, initial_temperature = 3.0, cooling_rate = 0.999
26 - INFO - chord#: 38 done. best_score=137.0, changed=615, unchanged=389, early_stops=8/8
26 - INFO - chord#: 40 In build_straw_man_chord_sa. tolerance = 1, sa_iterations = 1000, initial_temperature = 3.0, cooling_rate = 0.999
26 - INFO - chord#: 38 done. best_score=137.0, changed=617, unchanged=338, early_stops=8/8
26 - INFO - chord#: 40 In build_straw_man_chord_sa. tolerance = 1, sa_iterations = 1000, initial_temperature = 3.0, cooling_rate = 0.999
26 - INFO - chord#: 40 done. best_score=27.0, changed=522, unchanged=454, early_stops=8/8
26 - INFO - chord#: 42 In build_straw_man_chord_sa. tolerance = 1, sa_iterations = 1000, initial_temperature = 3.0, cooling_rate = 0.999
26 - INFO - chord#: 40 done. best_score=27.0, changed=521, unchanged=513, early_stops=8/8
26 - INFO - chord#: 42 In build_straw_man_chord_sa. tolerance = 1, sa_iterations = 1000, initial_temperature = 3.0, cooling_rate = 0.999
26 - INFO - chord#: 50 done. best_score=27.0, changed=524, unchanged=413, early_stops=8/8
26 - INFO - chord#: 51 In build_straw_man_chord_sa. tolerance = 1, sa_iterations = 1000, initial_temperature = 3.0, cooling_rate = 0.999
26 - INFO - chord#: 48 done. best_score=71.0, changed=613, unchanged=379, early_stops=8/8
26 - INFO - chord#: 50 In build_straw_man_chord_sa. tolerance = 1, sa_iterations = 1000, initial_temperature = 3.0, cooling_rate = 0.999
26 - INFO - chord#: 48 done. best_score=104.0, changed=611, unchanged=328, early_stops=8/8
26 - INFO - chord#: 50 In build_straw_man_chord_sa. tolerance = 1, sa_iterations = 1000, initial_temperature = 3.0, cooling_rate = 0.999
26 - INFO - chord#: 40 done. best_score=27.0, changed=514, unchanged=369, early_stops=8/8
26 - INFO - chord#: 42 In build_straw_man_chord_sa. tolerance = 1, sa_iterations = 1000, initial_temperature = 3.0, cooling_rate = 0.999
26 - INFO - chord#: 40 done. best_score=27.0, changed=516, unchanged=437, early_stops=8/8
26 - INFO - chord#: 42 In build_straw_man_chord_sa. tolerance = 1, sa_iterations = 1000, initial_temperature = 3.0, cooling_rate = 0.999
26 - INFO - chord#: 40 done. best_score=27.0, changed=520, unchanged=420, early_stops=8/8
26 - INFO - chord#: 42 In build_straw_man_chord_sa. tolerance = 1, sa_iterations = 1000, initial_temperature = 3.0, cooling_rate = 0.999
26 - INFO - chord#: 48 done. best_score=64.0, changed=618, unchanged=556, early_stops=8/8
26 - INFO - chord#: 50 In build_straw_man_chord_sa. tolerance = 1, sa_iterations = 1000, initial_temperature = 3.0, cooling_rate = 0.999
26 - INFO - chord#: 42 done. best_score=27.0, changed=533, unchanged=424, early_stops=8/8
26 - INFO - chord#: 44 In build_straw_man_chord_sa. tolerance = 1, sa_iterations = 1000, initial_temperature = 3.0, cooling_rate = 0.999
26 - INFO - chord#: 48 done. best_score=64.0, changed=612, unchanged=382, early_stops=8/8
26 - INFO - chord#: 50 In build_straw_man_chord_sa. tolerance = 1, sa_iterations = 1000, initial_temperature = 3.0, cooling_rate = 0.999
26 - INFO - chord#: 40 done. best_score=27.0, changed=520, unchanged=567, early_stops=8/8
26 - INFO - chord#: 42 In build_straw_man_chord_sa. tolerance = 1, sa_iterations = 1000, initial_temperature = 3.0, cooling_rate = 0.999
26 - INFO - chord#: 50 done. best_score=27.0, changed=526, unchanged=434, early_stops=8/8
26 - INFO - chord#: 51 In build_straw_man_chord_sa. tolerance = 1, sa_iterations = 1000, initial_temperature = 3.0, cooling_rate = 0.999
26 - INFO - chord#: 42 done. best_score=27.0, changed=529, unchanged=359, early_stops=8/8
26 - INFO - chord#: 44 In build_straw_man_chord_sa. tolerance = 1, sa_iterations = 1000, initial_temperature = 3.0, cooling_rate = 0.999
26 - INFO - chord#: 51 done. best_score=36.0, changed=522, unchanged=406, early_stops=8/8
26 - INFO - chord#: 52 In build_straw_man_chord_sa. tolerance = 1, sa_iterations = 1000, initial_temperature = 3.0, cooling_rate = 0.999
26 - INFO - chord#: 50 done. best_score=27.0, changed=523, unchanged=512, early_stops=8/8
26 - INFO - chord#: 51 In build_straw_man_chord_sa. tolerance = 1, sa_iterations = 1000, initial_temperature = 3.0, cooling_rate = 0.999
26 - INFO - chord#: 46 done. best_score=155.0, changed=609, unchanged=346, early_stops=8/8
26 - INFO - chord#: 48 In build_straw_man_chord_sa. tolerance = 1, sa_iterations = 1000, initial_temperature = 3.0, cooling_rate = 0.999
26 - INFO - chord#: 50 done. best_score=27.0, changed=522, unchanged=411, early_stops=8/8
26 - INFO - chord#: 51 In build_straw_man_chord_sa. tolerance = 1, sa_iterations = 1000, initial_temperature = 3.0, cooling_rate = 0.999
26 - INFO - chord#: 50 done. best_score=27.0, changed=517, unchanged=385, early_stops=8/8
26 - INFO - chord#: 51 In build_straw_man_chord_sa. tolerance = 1, sa_iterations = 1000, initial_temperature = 3.0, cooling_rate = 0.999
26 - INFO - chord#: 42 done. best_score=27.0, changed=528, unchanged=406, early_stops=8/8
26 - INFO - chord#: 44 In build_straw_man_chord_sa. tolerance = 1, sa_iterations = 1000, initial_temperature = 3.0, cooling_rate = 0.999
26 - INFO - chord#: 42 done. best_score=27.0, changed=543, unchanged=421, early_stops=8/8
26 - INFO - chord#: 44 In build_straw_man_chord_sa. tolerance = 1, sa_iterations = 1000, initial_temperature = 3.0, cooling_rate = 0.999
26 - INFO - chord#: 42 done. best_score=27.0, changed=527, unchanged=382, early_stops=8/8
26 - INFO - chord#: 44 In build_straw_man_chord_sa. tolerance = 1, sa_iterations = 1000, initial_temperature = 3.0, cooling_rate = 0.999
26 - INFO - chord#: 42 done. best_score=27.0, changed=517, unchanged=337, early_stops=8/8
26 - INFO - chord#: 44 In build_straw_man_chord_sa. tolerance = 1, sa_iterations = 1000, initial_temperature = 3.0, cooling_rate = 0.999
26 - INFO - chord#: 44 done. best_score=27.0, changed=525, unchanged=443, early_stops=8/8
26 - INFO - chord#: 46 In build_straw_man_chord_sa. tolerance = 1, sa_iterations = 1000, initial_temperature = 3.0, cooling_rate = 0.999
26 - INFO - chord#: 51 done. best_score=36.0, changed=515, unchanged=357, early_stops=8/8
26 - INFO - chord#: 52 In build_straw_man_chord_sa. tolerance = 1, sa_iterations = 1000, initial_temperature = 3.0, cooling_rate = 0.999
26 - INFO - chord#: 52 done. best_score=27.0, changed=522, unchanged=571, early_stops=8/8
26 - INFO - chord#: 54 In build_straw_man_chord_sa. tolerance = 1, sa_iterations = 1000, initial_temperature = 3.0, cooling_rate = 0.999
26 - INFO - chord#: 51 done. best_score=36.0, changed=522, unchanged=462, early_stops=8/8
26 - INFO - chord#: 52 In build_straw_man_chord_sa. tolerance = 1, sa_iterations = 1000, initial_temperature = 3.0, cooling_rate = 0.999
26 - INFO - chord#: 44 done. best_score=27.0, changed=525, unchanged=415, early_stops=8/8
26 - INFO - chord#: 46 In build_straw_man_chord_sa. tolerance = 1, sa_iterations = 1000, initial_temperature = 3.0, cooling_rate = 0.999
26 - INFO - chord#: 51 done. best_score=36.0, changed=518, unchanged=389, early_stops=8/8
26 - INFO - chord#: 52 In build_straw_man_chord_sa. tolerance = 1, sa_iterations = 1000, initial_temperature = 3.0, cooling_rate = 0.999
26 - INFO - chord#: 51 done. best_score=36.0, changed=528, unchanged=473, early_stops=8/8
26 - INFO - chord#: 52 In build_straw_man_chord_sa. tolerance = 1, sa_iterations = 1000, initial_temperature = 3.0, cooling_rate = 0.999
26 - INFO - chord#: 44 done. best_score=27.0, changed=517, unchanged=328, early_stops=8/8
26 - INFO - chord#: 46 In build_straw_man_chord_sa. tolerance = 1, sa_iterations = 1000, initial_temperature = 3.0, cooling_rate = 0.999
26 - INFO - chord#: 44 done. best_score=27.0, changed=523, unchanged=408, early_stops=8/8
26 - INFO - chord#: 46 In build_straw_man_chord_sa. tolerance = 1, sa_iterations = 1000, initial_temperature = 3.0, cooling_rate = 0.999
26 - INFO - chord#: 44 done. best_score=27.0, changed=517, unchanged=421, early_stops=8/8
26 - INFO - chord#: 46 In build_straw_man_chord_sa. tolerance = 1, sa_iterations = 1000, initial_temperature = 3.0, cooling_rate = 0.999
26 - INFO - chord#: 52 done. best_score=27.0, changed=523, unchanged=428, early_stops=8/8
26 - INFO - chord#: 54 In build_straw_man_chord_sa. tolerance = 1, sa_iterations = 1000, initial_temperature = 3.0, cooling_rate = 0.999
26 - INFO - chord#: 48 done. best_score=172.0, changed=609, unchanged=254, early_stops=8/8
26 - INFO - chord#: 50 In build_straw_man_chord_sa. tolerance = 1, sa_iterations = 1000, initial_temperature = 3.0, cooling_rate = 0.999
26 - INFO - chord#: 54 done. best_score=27.0, changed=523, unchanged=402, early_stops=8/8
26 - INFO - chord#: 55 In build_straw_man_chord_sa. tolerance = 1, sa_iterations = 1000, initial_temperature = 3.0, cooling_rate = 0.999
26 - INFO - chord#: 44 done. best_score=27.0, changed=527, unchanged=435, early_stops=8/8
26 - INFO - chord#: 46 In build_straw_man_chord_sa. tolerance = 1, sa_iterations = 1000, initial_temperature = 3.0, cooling_rate = 0.999
26 - INFO - chord#: 52 done. best_score=27.0, changed=532, unchanged=440, early_stops=8/8
26 - INFO - chord#: 54 In build_straw_man_chord_sa. tolerance = 1, sa_iterations = 1000, initial_temperature = 3.0, cooling_rate = 0.999
26 - INFO - chord#: 52 done. best_score=27.0, changed=518, unchanged=410, early_stops=8/8
26 - INFO - chord#: 54 In build_straw_man_chord_sa. tolerance = 1, sa_iterations = 1000, initial_temperature = 3.0, cooling_rate = 0.999
26 - INFO - chord#: 52 done. best_score=27.0, changed=530, unchanged=408, early_stops=8/8
26 - INFO - chord#: 54 In build_straw_man_chord_sa. tolerance = 1, sa_iterations = 1000, initial_temperature = 3.0, cooling_rate = 0.999
26 - INFO - chord#: 54 done. best_score=27.0, changed=517, unchanged=326, early_stops=8/8
26 - INFO - chord#: 55 In build_straw_man_chord_sa. tolerance = 1, sa_iterations = 1000, initial_temperature = 3.0, cooling_rate = 0.999
26 - INFO - chord#: 50 done. best_score=27.0, changed=524, unchanged=391, early_stops=8/8
26 - INFO - chord#: 51 In build_straw_man_chord_sa. tolerance = 1, sa_iterations = 1000, initial_temperature = 3.0, cooling_rate = 0.999
26 - INFO - chord#: 54 done. best_score=27.0, changed=525, unchanged=372, early_stops=8/8
26 - INFO - chord#: 55 In build_straw_man_chord_sa. tolerance = 1, sa_iterations = 1000, initial_temperature = 3.0, cooling_rate = 0.999
26 - INFO - chord#: 54 done. best_score=27.0, changed=541, unchanged=469, early_stops=8/8
26 - INFO - chord#: 55 In build_straw_man_chord_sa. tolerance = 1, sa_iterations = 1000, initial_temperature = 3.0, cooling_rate = 0.999
26 - INFO - chord#: 54 done. best_score=27.0, changed=520, unchanged=429, early_stops=8/8
26 - INFO - chord#: 55 In build_straw_man_chord_sa. tolerance = 1, sa_iterations = 1000, initial_temperature = 3.0, cooling_rate = 0.999
26 - INFO - chord#: 46 done. best_score=64.0, changed=615, unchanged=414, early_stops=8/8
26 - INFO - chord#: 48 In build_straw_man_chord_sa. tolerance = 1, sa_iterations = 1000, initial_temperature = 3.0, cooling_rate = 0.999
26 - INFO - chord#: 46 done. best_score=64.0, changed=612, unchanged=287, early_stops=8/8
26 - INFO - chord#: 48 In build_straw_man_chord_sa. tolerance = 1, sa_iterations = 1000, initial_temperature = 3.0, cooling_rate = 0.999
26 - INFO - chord#: 51 done. best_score=36.0, changed=520, unchanged=368, early_stops=8/8
26 - INFO - chord#: 52 In build_straw_man_chord_sa. tolerance = 1, sa_iterations = 1000, initial_temperature = 3.0, cooling_rate = 0.999
26 - INFO - chord#: 46 done. best_score=155.0, changed=609, unchanged=266, early_stops=8/8
26 - INFO - chord#: 48 In build_straw_man_chord_sa. tolerance = 1, sa_iterations = 1000, initial_temperature = 3.0, cooling_rate = 0.999
26 - INFO - chord#: 46 done. best_score=64.0, changed=610, unchanged=283, early_stops=8/8
26 - INFO - chord#: 48 In build_straw_man_chord_sa. tolerance = 1, sa_iterations = 1000, initial_temperature = 3.0, cooling_rate = 0.999
26 - INFO - chord#: 55 done. best_score=96.0, changed=611, unchanged=360, early_stops=8/8
26 - INFO - chord#: 56 In build_straw_man_chord_sa. tolerance = 1, sa_iterations = 1000, initial_temperature = 3.0, cooling_rate = 0.999
26 - INFO - chord#: 46 done. best_score=64.0, changed=617, unchanged=346, early_stops=8/8
26 - INFO - chord#: 48 In build_straw_man_chord_sa. tolerance = 1, sa_iterations = 1000, initial_temperature = 3.0, cooling_rate = 0.999
26 - INFO - chord#: 46 done. best_score=155.0, changed=611, unchanged=294, early_stops=8/8
26 - INFO - chord#: 48 In build_straw_man_chord_sa. tolerance = 1, sa_iterations = 1000, initial_temperature = 3.0, cooling_rate = 0.999
26 - INFO - chord#: 52 done. best_score=27.0, changed=519, unchanged=403, early_stops=8/8
26 - INFO - chord#: 54 In build_straw_man_chord_sa. tolerance = 1, sa_iterations = 1000, initial_temperature = 3.0, cooling_rate = 0.999
26 - INFO - chord#: 55 done. best_score=164.0, changed=617, unchanged=367, early_stops=8/8
26 - INFO - chord#: 56 In build_straw_man_chord_sa. tolerance = 1, sa_iterations = 1000, initial_temperature = 3.0, cooling_rate = 0.999
26 - INFO - chord#: 56 done. best_score=27.0, changed=515, unchanged=313, early_stops=8/8
26 - INFO - chord#: 60 In build_straw_man_chord_sa. tolerance = 1, sa_iterations = 1000, initial_temperature = 3.0, cooling_rate = 0.999
26 - INFO - chord#: 55 done. best_score=96.0, changed=610, unchanged=386, early_stops=8/8
26 - INFO - chord#: 56 In build_straw_man_chord_sa. tolerance = 1, sa_iterations = 1000, initial_temperature = 3.0, cooling_rate = 0.999
26 - INFO - chord#: 54 done. best_score=27.0, changed=518, unchanged=314, early_stops=8/8
26 - INFO - chord#: 55 In build_straw_man_chord_sa. tolerance = 1, sa_iterations = 1000, initial_temperature = 3.0, cooling_rate = 0.999
26 - INFO - chord#: 55 done. best_score=74.0, changed=615, unchanged=371, early_stops=8/8
26 - INFO - chord#: 56 In build_straw_man_chord_sa. tolerance = 1, sa_iterations = 1000, initial_temperature = 3.0, cooling_rate = 0.999
26 - INFO - chord#: 55 done. best_score=74.0, changed=624, unchanged=482, early_stops=8/8
26 - INFO - chord#: 56 In build_straw_man_chord_sa. tolerance = 1, sa_iterations = 1000, initial_temperature = 3.0, cooling_rate = 0.999
26 - INFO - chord#: 60 done. best_score=27.0, changed=520, unchanged=382, early_stops=8/8
26 - INFO - chord#: 64 In build_straw_man_chord_sa. tolerance = 1, sa_iterations = 1000, initial_temperature = 3.0, cooling_rate = 0.999
26 - INFO - chord#: 56 done. best_score=27.0, changed=523, unchanged=455, early_stops=8/8
26 - INFO - chord#: 60 In build_straw_man_chord_sa. tolerance = 1, sa_iterations = 1000, initial_temperature = 3.0, cooling_rate = 0.999
26 - INFO - chord#: 56 done. best_score=27.0, changed=521, unchanged=344, early_stops=8/8
26 - INFO - chord#: 60 In build_straw_man_chord_sa. tolerance = 1, sa_iterations = 1000, initial_temperature = 3.0, cooling_rate = 0.999
26 - INFO - chord#: 48 done. best_score=174.0, changed=609, unchanged=229, early_stops=8/8
26 - INFO - chord#: 50 In build_straw_man_chord_sa. tolerance = 1, sa_iterations = 1000, initial_temperature = 3.0, cooling_rate = 0.999
26 - INFO - chord#: 48 done. best_score=64.0, changed=616, unchanged=363, early_stops=8/8
26 - INFO - chord#: 50 In build_straw_man_chord_sa. tolerance = 1, sa_iterations = 1000, initial_temperature = 3.0, cooling_rate = 0.999
26 - INFO - chord#: 48 done. best_score=146.0, changed=611, unchanged=341, early_stops=8/8
26 - INFO - chord#: 50 In build_straw_man_chord_sa. tolerance = 1, sa_iterations = 1000, initial_temperature = 3.0, cooling_rate = 0.999
26 - INFO - chord#: 48 done. best_score=64.0, changed=612, unchanged=326, early_stops=8/8
26 - INFO - chord#: 50 In build_straw_man_chord_sa. tolerance = 1, sa_iterations = 1000, initial_temperature = 3.0, cooling_rate = 0.999
26 - INFO - chord#: 48 done. best_score=96.0, changed=611, unchanged=249, early_stops=8/8
26 - INFO - chord#: 50 In build_straw_man_chord_sa. tolerance = 1, sa_iterations = 1000, initial_temperature = 3.0, cooling_rate = 0.999
26 - INFO - chord#: 48 done. best_score=64.0, changed=613, unchanged=266, early_stops=8/8
26 - INFO - chord#: 50 In build_straw_man_chord_sa. tolerance = 1, sa_iterations = 1000, initial_temperature = 3.0, cooling_rate = 0.999
26 - INFO - chord#: 64 done. best_score=27.0, changed=519, unchanged=289, early_stops=8/8
26 - INFO - chord#: 66 In build_straw_man_chord_sa. tolerance = 1, sa_iterations = 1000, initial_temperature = 3.0, cooling_rate = 0.999
26 - INFO - chord#: 56 done. best_score=27.0, changed=529, unchanged=402, early_stops=8/8
26 - INFO - chord#: 60 In build_straw_man_chord_sa. tolerance = 1, sa_iterations = 1000, initial_temperature = 3.0, cooling_rate = 0.999
26 - INFO - chord#: 60 done. best_score=27.0, changed=518, unchanged=370, early_stops=8/8
26 - INFO - chord#: 64 In build_straw_man_chord_sa. tolerance = 1, sa_iterations = 1000, initial_temperature = 3.0, cooling_rate = 0.999
26 - INFO - chord#: 56 done. best_score=27.0, changed=519, unchanged=490, early_stops=8/8
26 - INFO - chord#: 60 In build_straw_man_chord_sa. tolerance = 1, sa_iterations = 1000, initial_temperature = 3.0, cooling_rate = 0.999
26 - INFO - chord#: 60 done. best_score=27.0, changed=530, unchanged=467, early_stops=8/8
26 - INFO - chord#: 64 In build_straw_man_chord_sa. tolerance = 1, sa_iterations = 1000, initial_temperature = 3.0, cooling_rate = 0.999
26 - INFO - chord#: 55 done. best_score=74.0, changed=606, unchanged=317, early_stops=8/8
26 - INFO - chord#: 56 In build_straw_man_chord_sa. tolerance = 1, sa_iterations = 1000, initial_temperature = 3.0, cooling_rate = 0.999
26 - INFO - chord#: 50 done. best_score=27.0, changed=522, unchanged=372, early_stops=8/8
26 - INFO - chord#: 51 In build_straw_man_chord_sa. tolerance = 1, sa_iterations = 1000, initial_temperature = 3.0, cooling_rate = 0.999
26 - INFO - chord#: 66 done. best_score=27.0, changed=523, unchanged=350, early_stops=8/8
26 - INFO - chord#: 68 In build_straw_man_chord_sa. tolerance = 1, sa_iterations = 1000, initial_temperature = 3.0, cooling_rate = 0.999
26 - INFO - chord#: 60 done. best_score=27.0, changed=525, unchanged=513, early_stops=8/8
26 - INFO - chord#: 64 In build_straw_man_chord_sa. tolerance = 1, sa_iterations = 1000, initial_temperature = 3.0, cooling_rate = 0.999
26 - INFO - chord#: 50 done. best_score=27.0, changed=529, unchanged=395, early_stops=8/8
26 - INFO - chord#: 51 In build_straw_man_chord_sa. tolerance = 1, sa_iterations = 1000, initial_temperature = 3.0, cooling_rate = 0.999
26 - INFO - chord#: 50 done. best_score=27.0, changed=521, unchanged=415, early_stops=8/8
26 - INFO - chord#: 51 In build_straw_man_chord_sa. tolerance = 1, sa_iterations = 1000, initial_temperature = 3.0, cooling_rate = 0.999
26 - INFO - chord#: 60 done. best_score=27.0, changed=525, unchanged=323, early_stops=8/8
26 - INFO - chord#: 64 In build_straw_man_chord_sa. tolerance = 1, sa_iterations = 1000, initial_temperature = 3.0, cooling_rate = 0.999
26 - INFO - chord#: 64 done. best_score=27.0, changed=520, unchanged=408, early_stops=8/8
26 - INFO - chord#: 66 In build_straw_man_chord_sa. tolerance = 1, sa_iterations = 1000, initial_temperature = 3.0, cooling_rate = 0.999
26 - INFO - chord#: 50 done. best_score=27.0, changed=527, unchanged=417, early_stops=8/8
26 - INFO - chord#: 51 In build_straw_man_chord_sa. tolerance = 1, sa_iterations = 1000, initial_temperature = 3.0, cooling_rate = 0.999
26 - INFO - chord#: 50 done. best_score=27.0, changed=530, unchanged=522, early_stops=8/8
26 - INFO - chord#: 51 In build_straw_man_chord_sa. tolerance = 1, sa_iterations = 1000, initial_temperature = 3.0, cooling_rate = 0.999
26 - INFO - chord#: 64 done. best_score=27.0, changed=534, unchanged=331, early_stops=8/8
26 - INFO - chord#: 66 In build_straw_man_chord_sa. tolerance = 1, sa_iterations = 1000, initial_temperature = 3.0, cooling_rate = 0.999
26 - INFO - chord#: 50 done. best_score=27.0, changed=527, unchanged=544, early_stops=8/8
26 - INFO - chord#: 51 In build_straw_man_chord_sa. tolerance = 1, sa_iterations = 1000, initial_temperature = 3.0, cooling_rate = 0.999
26 - INFO - chord#: 64 done. best_score=27.0, changed=529, unchanged=363, early_stops=8/8
26 - INFO - chord#: 66 In build_straw_man_chord_sa. tolerance = 1, sa_iterations = 1000, initial_temperature = 3.0, cooling_rate = 0.999
26 - INFO - chord#: 64 done. best_score=27.0, changed=517, unchanged=324, early_stops=8/8
26 - INFO - chord#: 66 In build_straw_man_chord_sa. tolerance = 1, sa_iterations = 1000, initial_temperature = 3.0, cooling_rate = 0.999
26 - INFO - chord#: 68 done. best_score=27.0, changed=523, unchanged=504, early_stops=8/8
26 - INFO - chord#: 70 In build_straw_man_chord_sa. tolerance = 1, sa_iterations = 1000, initial_temperature = 3.0, cooling_rate = 0.999
26 - INFO - chord#: 56 done. best_score=27.0, changed=519, unchanged=568, early_stops=8/8
26 - INFO - chord#: 60 In build_straw_man_chord_sa. tolerance = 1, sa_iterations = 1000, initial_temperature = 3.0, cooling_rate = 0.999
26 - INFO - chord#: 51 done. best_score=36.0, changed=527, unchanged=315, early_stops=8/8
26 - INFO - chord#: 52 In build_straw_man_chord_sa. tolerance = 1, sa_iterations = 1000, initial_temperature = 3.0, cooling_rate = 0.999
26 - INFO - chord#: 51 done. best_score=36.0, changed=524, unchanged=390, early_stops=8/8
26 - INFO - chord#: 52 In build_straw_man_chord_sa. tolerance = 1, sa_iterations = 1000, initial_temperature = 3.0, cooling_rate = 0.999
26 - INFO - chord#: 66 done. best_score=27.0, changed=530, unchanged=435, early_stops=8/8
26 - INFO - chord#: 68 In build_straw_man_chord_sa. tolerance = 1, sa_iterations = 1000, initial_temperature = 3.0, cooling_rate = 0.999
26 - INFO - chord#: 51 done. best_score=36.0, changed=522, unchanged=467, early_stops=8/8
26 - INFO - chord#: 52 In build_straw_man_chord_sa. tolerance = 1, sa_iterations = 1000, initial_temperature = 3.0, cooling_rate = 0.999
26 - INFO - chord#: 66 done. best_score=27.0, changed=515, unchanged=325, early_stops=8/8
26 - INFO - chord#: 68 In build_straw_man_chord_sa. tolerance = 1, sa_iterations = 1000, initial_temperature = 3.0, cooling_rate = 0.999
26 - INFO - chord#: 51 done. best_score=36.0, changed=520, unchanged=359, early_stops=8/8
26 - INFO - chord#: 52 In build_straw_man_chord_sa. tolerance = 1, sa_iterations = 1000, initial_temperature = 3.0, cooling_rate = 0.999
26 - INFO - chord#: 51 done. best_score=36.0, changed=517, unchanged=427, early_stops=8/8
26 - INFO - chord#: 52 In build_straw_man_chord_sa. tolerance = 1, sa_iterations = 1000, initial_temperature = 3.0, cooling_rate = 0.999
26 - INFO - chord#: 51 done. best_score=36.0, changed=521, unchanged=421, early_stops=8/8
26 - INFO - chord#: 52 In build_straw_man_chord_sa. tolerance = 1, sa_iterations = 1000, initial_temperature = 3.0, cooling_rate = 0.999
26 - INFO - chord#: 66 done. best_score=27.0, changed=526, unchanged=390, early_stops=8/8
26 - INFO - chord#: 68 In build_straw_man_chord_sa. tolerance = 1, sa_iterations = 1000, initial_temperature = 3.0, cooling_rate = 0.999
26 - INFO - chord#: 60 done. best_score=27.0, changed=526, unchanged=322, early_stops=8/8
26 - INFO - chord#: 64 In build_straw_man_chord_sa. tolerance = 1, sa_iterations = 1000, initial_temperature = 3.0, cooling_rate = 0.999
26 - INFO - chord#: 70 done. best_score=27.0, changed=520, unchanged=426, early_stops=8/8
26 - INFO - chord#: 72 In build_straw_man_chord_sa. tolerance = 1, sa_iterations = 1000, initial_temperature = 3.0, cooling_rate = 0.999
26 - INFO - chord#: 66 done. best_score=27.0, changed=524, unchanged=351, early_stops=8/8
26 - INFO - chord#: 68 In build_straw_man_chord_sa. tolerance = 1, sa_iterations = 1000, initial_temperature = 3.0, cooling_rate = 0.999
26 - INFO - chord#: 68 done. best_score=27.0, changed=519, unchanged=411, early_stops=8/8
26 - INFO - chord#: 70 In build_straw_man_chord_sa. tolerance = 1, sa_iterations = 1000, initial_temperature = 3.0, cooling_rate = 0.999
26 - INFO - chord#: 68 done. best_score=27.0, changed=513, unchanged=363, early_stops=8/8
26 - INFO - chord#: 70 In build_straw_man_chord_sa. tolerance = 1, sa_iterations = 1000, initial_temperature = 3.0, cooling_rate = 0.999
26 - INFO - chord#: 52 done. best_score=27.0, changed=523, unchanged=423, early_stops=8/8
26 - INFO - chord#: 54 In build_straw_man_chord_sa. tolerance = 1, sa_iterations = 1000, initial_temperature = 3.0, cooling_rate = 0.999
26 - INFO - chord#: 52 done. best_score=27.0, changed=525, unchanged=459, early_stops=8/8
26 - INFO - chord#: 54 In build_straw_man_chord_sa. tolerance = 1, sa_iterations = 1000, initial_temperature = 3.0, cooling_rate = 0.999
26 - INFO - chord#: 52 done. best_score=27.0, changed=527, unchanged=604, early_stops=8/8
26 - INFO - chord#: 54 In build_straw_man_chord_sa. tolerance = 1, sa_iterations = 1000, initial_temperature = 3.0, cooling_rate = 0.999
26 - INFO - chord#: 64 done. best_score=27.0, changed=525, unchanged=349, early_stops=8/8
26 - INFO - chord#: 66 In build_straw_man_chord_sa. tolerance = 1, sa_iterations = 1000, initial_temperature = 3.0, cooling_rate = 0.999
26 - INFO - chord#: 52 done. best_score=27.0, changed=512, unchanged=356, early_stops=8/8
26 - INFO - chord#: 54 In build_straw_man_chord_sa. tolerance = 1, sa_iterations = 1000, initial_temperature = 3.0, cooling_rate = 0.999
26 - INFO - chord#: 68 done. best_score=27.0, changed=523, unchanged=379, early_stops=8/8
26 - INFO - chord#: 70 In build_straw_man_chord_sa. tolerance = 1, sa_iterations = 1000, initial_temperature = 3.0, cooling_rate = 0.999
26 - INFO - chord#: 52 done. best_score=27.0, changed=519, unchanged=438, early_stops=8/8
26 - INFO - chord#: 54 In build_straw_man_chord_sa. tolerance = 1, sa_iterations = 1000, initial_temperature = 3.0, cooling_rate = 0.999
26 - INFO - chord#: 68 done. best_score=27.0, changed=519, unchanged=367, early_stops=8/8
26 - INFO - chord#: 70 In build_straw_man_chord_sa. tolerance = 1, sa_iterations = 1000, initial_temperature = 3.0, cooling_rate = 0.999
26 - INFO - chord#: 70 done. best_score=27.0, changed=516, unchanged=326, early_stops=8/8
26 - INFO - chord#: 72 In build_straw_man_chord_sa. tolerance = 1, sa_iterations = 1000, initial_temperature = 3.0, cooling_rate = 0.999
26 - INFO - chord#: 52 done. best_score=27.0, changed=524, unchanged=457, early_stops=8/8
26 - INFO - chord#: 54 In build_straw_man_chord_sa. tolerance = 1, sa_iterations = 1000, initial_temperature = 3.0, cooling_rate = 0.999
26 - INFO - chord#: 70 done. best_score=27.0, changed=519, unchanged=344, early_stops=8/8
26 - INFO - chord#: 72 In build_straw_man_chord_sa. tolerance = 1, sa_iterations = 1000, initial_temperature = 3.0, cooling_rate = 0.999
26 - INFO - chord#: 70 done. best_score=27.0, changed=525, unchanged=395, early_stops=8/8
26 - INFO - chord#: 72 In build_straw_man_chord_sa. tolerance = 1, sa_iterations = 1000, initial_temperature = 3.0, cooling_rate = 0.999
26 - INFO - chord#: 54 done. best_score=27.0, changed=523, unchanged=375, early_stops=8/8
26 - INFO - chord#: 55 In build_straw_man_chord_sa. tolerance = 1, sa_iterations = 1000, initial_temperature = 3.0, cooling_rate = 0.999
26 - INFO - chord#: 70 done. best_score=27.0, changed=525, unchanged=350, early_stops=8/8
26 - INFO - chord#: 72 In build_straw_man_chord_sa. tolerance = 1, sa_iterations = 1000, initial_temperature = 3.0, cooling_rate = 0.999
26 - INFO - chord#: 54 done. best_score=27.0, changed=538, unchanged=496, early_stops=8/8
26 - INFO - chord#: 55 In build_straw_man_chord_sa. tolerance = 1, sa_iterations = 1000, initial_temperature = 3.0, cooling_rate = 0.999
26 - INFO - chord#: 54 done. best_score=27.0, changed=523, unchanged=474, early_stops=8/8
26 - INFO - chord#: 55 In build_straw_man_chord_sa. tolerance = 1, sa_iterations = 1000, initial_temperature = 3.0, cooling_rate = 0.999
26 - INFO - chord#: 66 done. best_score=27.0, changed=530, unchanged=585, early_stops=8/8
26 - INFO - chord#: 68 In build_straw_man_chord_sa. tolerance = 1, sa_iterations = 1000, initial_temperature = 3.0, cooling_rate = 0.999
26 - INFO - chord#: 54 done. best_score=27.0, changed=531, unchanged=461, early_stops=8/8
26 - INFO - chord#: 55 In build_straw_man_chord_sa. tolerance = 1, sa_iterations = 1000, initial_temperature = 3.0, cooling_rate = 0.999
26 - INFO - chord#: 54 done. best_score=27.0, changed=532, unchanged=520, early_stops=8/8
26 - INFO - chord#: 55 In build_straw_man_chord_sa. tolerance = 1, sa_iterations = 1000, initial_temperature = 3.0, cooling_rate = 0.999
26 - INFO - chord#: 54 done. best_score=27.0, changed=527, unchanged=385, early_stops=8/8
26 - INFO - chord#: 72 done. best_score=135.0, changed=612, unchanged=316, early_stops=8/8
26 - INFO - chord#: 55 In build_straw_man_chord_sa. tolerance = 1, sa_iterations = 1000, initial_temperature = 3.0, cooling_rate = 0.999
26 - INFO - chord#: 74 In build_straw_man_chord_sa. tolerance = 1, sa_iterations = 1000, initial_temperature = 3.0, cooling_rate = 0.999
26 - INFO - chord#: 74 done. best_score=36.0, changed=528, unchanged=379, early_stops=8/8
26 - INFO - chord#: 76 In build_straw_man_chord_sa. tolerance = 1, sa_iterations = 1000, initial_temperature = 3.0, cooling_rate = 0.999
26 - INFO - chord#: 68 done. best_score=27.0, changed=521, unchanged=465, early_stops=8/8
26 - INFO - chord#: 70 In build_straw_man_chord_sa. tolerance = 1, sa_iterations = 1000, initial_temperature = 3.0, cooling_rate = 0.999
26 - INFO - chord#: 72 done. best_score=137.0, changed=608, unchanged=268, early_stops=8/8
26 - INFO - chord#: 74 In build_straw_man_chord_sa. tolerance = 1, sa_iterations = 1000, initial_temperature = 3.0, cooling_rate = 0.999
26 - INFO - chord#: 72 done. best_score=111.0, changed=617, unchanged=340, early_stops=8/8
26 - INFO - chord#: 74 In build_straw_man_chord_sa. tolerance = 1, sa_iterations = 1000, initial_temperature = 3.0, cooling_rate = 0.999
26 - INFO - chord#: 72 done. best_score=147.0, changed=613, unchanged=259, early_stops=8/8
26 - INFO - chord#: 74 In build_straw_man_chord_sa. tolerance = 1, sa_iterations = 1000, initial_temperature = 3.0, cooling_rate = 0.999
26 - INFO - chord#: 70 done. best_score=27.0, changed=522, unchanged=404, early_stops=8/8
26 - INFO - chord#: 72 In build_straw_man_chord_sa. tolerance = 1, sa_iterations = 1000, initial_temperature = 3.0, cooling_rate = 0.999
26 - INFO - chord#: 74 done. best_score=36.0, changed=534, unchanged=367, early_stops=8/8
26 - INFO - chord#: 76 In build_straw_man_chord_sa. tolerance = 1, sa_iterations = 1000, initial_temperature = 3.0, cooling_rate = 0.999
26 - INFO - chord#: 76 done. best_score=27.0, changed=517, unchanged=484, early_stops=8/8
26 - INFO - chord#: 78 In build_straw_man_chord_sa. tolerance = 1, sa_iterations = 1000, initial_temperature = 3.0, cooling_rate = 0.999
26 - INFO - chord#: 74 done. best_score=36.0, changed=526, unchanged=312, early_stops=8/8
26 - INFO - chord#: 76 In build_straw_man_chord_sa. tolerance = 1, sa_iterations = 1000, initial_temperature = 3.0, cooling_rate = 0.999
26 - INFO - chord#: 55 done. best_score=121.0, changed=612, unchanged=336, early_stops=8/8
26 - INFO - chord#: 56 In build_straw_man_chord_sa. tolerance = 1, sa_iterations = 1000, initial_temperature = 3.0, cooling_rate = 0.999
26 - INFO - chord#: 55 done. best_score=96.0, changed=615, unchanged=296, early_stops=8/8
26 - INFO - chord#: 56 In build_straw_man_chord_sa. tolerance = 1, sa_iterations = 1000, initial_temperature = 3.0, cooling_rate = 0.999
26 - INFO - chord#: 74 done. best_score=36.0, changed=528, unchanged=345, early_stops=8/8
26 - INFO - chord#: 76 In build_straw_man_chord_sa. tolerance = 1, sa_iterations = 1000, initial_temperature = 3.0, cooling_rate = 0.999
26 - INFO - chord#: 72 done. best_score=141.0, changed=612, unchanged=549, early_stops=8/8
26 - INFO - chord#: 74 In build_straw_man_chord_sa. tolerance = 1, sa_iterations = 1000, initial_temperature = 3.0, cooling_rate = 0.999
26 - INFO - chord#: 55 done. best_score=74.0, changed=611, unchanged=322, early_stops=8/8
26 - INFO - chord#: 56 In build_straw_man_chord_sa. tolerance = 1, sa_iterations = 1000, initial_temperature = 3.0, cooling_rate = 0.999
26 - INFO - chord#: 55 done. best_score=74.0, changed=609, unchanged=352, early_stops=8/8
26 - INFO - chord#: 56 In build_straw_man_chord_sa. tolerance = 1, sa_iterations = 1000, initial_temperature = 3.0, cooling_rate = 0.999
26 - INFO - chord#: 55 done. best_score=74.0, changed=615, unchanged=316, early_stops=8/8
26 - INFO - chord#: 56 In build_straw_man_chord_sa. tolerance = 1, sa_iterations = 1000, initial_temperature = 3.0, cooling_rate = 0.999
26 - INFO - chord#: 76 done. best_score=27.0, changed=521, unchanged=396, early_stops=8/8
26 - INFO - chord#: 78 In build_straw_man_chord_sa. tolerance = 1, sa_iterations = 1000, initial_temperature = 3.0, cooling_rate = 0.999
26 - INFO - chord#: 78 done. best_score=27.0, changed=522, unchanged=446, early_stops=8/8
26 - INFO - chord#: 80 In build_straw_man_chord_sa. tolerance = 1, sa_iterations = 1000, initial_temperature = 3.0, cooling_rate = 0.999
26 - INFO - chord#: 55 done. best_score=74.0, changed=615, unchanged=562, early_stops=8/8
26 - INFO - chord#: 56 In build_straw_man_chord_sa. tolerance = 1, sa_iterations = 1000, initial_temperature = 3.0, cooling_rate = 0.999
26 - INFO - chord#: 76 done. best_score=36.0, changed=521, unchanged=369, early_stops=8/8
26 - INFO - chord#: 78 In build_straw_man_chord_sa. tolerance = 1, sa_iterations = 1000, initial_temperature = 3.0, cooling_rate = 0.999
26 - INFO - chord#: 74 done. best_score=36.0, changed=531, unchanged=341, early_stops=8/8
26 - INFO - chord#: 76 In build_straw_man_chord_sa. tolerance = 1, sa_iterations = 1000, initial_temperature = 3.0, cooling_rate = 0.999
26 - INFO - chord#: 76 done. best_score=27.0, changed=524, unchanged=443, early_stops=8/8
26 - INFO - chord#: 78 In build_straw_man_chord_sa. tolerance = 1, sa_iterations = 1000, initial_temperature = 3.0, cooling_rate = 0.999
26 - INFO - chord#: 56 done. best_score=27.0, changed=530, unchanged=572, early_stops=8/8
26 - INFO - chord#: 60 In build_straw_man_chord_sa. tolerance = 1, sa_iterations = 1000, initial_temperature = 3.0, cooling_rate = 0.999
26 - INFO - chord#: 78 done. best_score=36.0, changed=530, unchanged=343, early_stops=8/8
26 - INFO - chord#: 80 In build_straw_man_chord_sa. tolerance = 1, sa_iterations = 1000, initial_temperature = 3.0, cooling_rate = 0.999
26 - INFO - chord#: 78 done. best_score=27.0, changed=536, unchanged=547, early_stops=8/8
26 - INFO - chord#: 80 In build_straw_man_chord_sa. tolerance = 1, sa_iterations = 1000, initial_temperature = 3.0, cooling_rate = 0.999
26 - INFO - chord#: 56 done. best_score=27.0, changed=517, unchanged=367, early_stops=8/8
26 - INFO - chord#: 60 In build_straw_man_chord_sa. tolerance = 1, sa_iterations = 1000, initial_temperature = 3.0, cooling_rate = 0.999
26 - INFO - chord#: 56 done. best_score=27.0, changed=528, unchanged=425, early_stops=8/8
26 - INFO - chord#: 60 In build_straw_man_chord_sa. tolerance = 1, sa_iterations = 1000, initial_temperature = 3.0, cooling_rate = 0.999
26 - INFO - chord#: 56 done. best_score=27.0, changed=534, unchanged=638, early_stops=8/8
26 - INFO - chord#: 60 In build_straw_man_chord_sa. tolerance = 1, sa_iterations = 1000, initial_temperature = 3.0, cooling_rate = 0.999
26 - INFO - chord#: 56 done. best_score=27.0, changed=520, unchanged=386, early_stops=8/8
26 - INFO - chord#: 60 In build_straw_man_chord_sa. tolerance = 1, sa_iterations = 1000, initial_temperature = 3.0, cooling_rate = 0.999
26 - INFO - chord#: 76 done. best_score=27.0, changed=512, unchanged=319, early_stops=8/8
26 - INFO - chord#: 78 In build_straw_man_chord_sa. tolerance = 1, sa_iterations = 1000, initial_temperature = 3.0, cooling_rate = 0.999
26 - INFO - chord#: 72 done. best_score=111.0, changed=613, unchanged=437, early_stops=8/8
26 - INFO - chord#: 74 In build_straw_man_chord_sa. tolerance = 1, sa_iterations = 1000, initial_temperature = 3.0, cooling_rate = 0.999
26 - INFO - chord#: 56 done. best_score=27.0, changed=518, unchanged=435, early_stops=8/8
26 - INFO - chord#: 60 In build_straw_man_chord_sa. tolerance = 1, sa_iterations = 1000, initial_temperature = 3.0, cooling_rate = 0.999
26 - INFO - chord#: 78 done. best_score=27.0, changed=524, unchanged=434, early_stops=8/8
26 - INFO - chord#: 80 In build_straw_man_chord_sa. tolerance = 1, sa_iterations = 1000, initial_temperature = 3.0, cooling_rate = 0.999
26 - INFO - chord#: 60 done. best_score=27.0, changed=520, unchanged=399, early_stops=8/8
26 - INFO - chord#: 64 In build_straw_man_chord_sa. tolerance = 1, sa_iterations = 1000, initial_temperature = 3.0, cooling_rate = 0.999
26 - INFO - chord#: 80 done. best_score=137.0, changed=609, unchanged=270, early_stops=8/8
26 - INFO - chord#: 82 In build_straw_man_chord_sa. tolerance = 1, sa_iterations = 1000, initial_temperature = 3.0, cooling_rate = 0.999
26 - INFO - chord#: 60 done. best_score=27.0, changed=524, unchanged=380, early_stops=8/8
26 - INFO - chord#: 64 In build_straw_man_chord_sa. tolerance = 1, sa_iterations = 1000, initial_temperature = 3.0, cooling_rate = 0.999
26 - INFO - chord#: 60 done. best_score=27.0, changed=523, unchanged=458, early_stops=8/8
26 - INFO - chord#: 64 In build_straw_man_chord_sa. tolerance = 1, sa_iterations = 1000, initial_temperature = 3.0, cooling_rate = 0.999
26 - INFO - chord#: 60 done. best_score=27.0, changed=517, unchanged=396, early_stops=8/8
26 - INFO - chord#: 64 In build_straw_man_chord_sa. tolerance = 1, sa_iterations = 1000, initial_temperature = 3.0, cooling_rate = 0.999
26 - INFO - chord#: 60 done. best_score=61.0, changed=521, unchanged=349, early_stops=8/8
26 - INFO - chord#: 64 In build_straw_man_chord_sa. tolerance = 1, sa_iterations = 1000, initial_temperature = 3.0, cooling_rate = 0.999
26 - INFO - chord#: 78 done. best_score=27.0, changed=516, unchanged=396, early_stops=8/8
26 - INFO - chord#: 80 In build_straw_man_chord_sa. tolerance = 1, sa_iterations = 1000, initial_temperature = 3.0, cooling_rate = 0.999
26 - INFO - chord#: 74 done. best_score=36.0, changed=537, unchanged=400, early_stops=8/8
26 - INFO - chord#: 76 In build_straw_man_chord_sa. tolerance = 1, sa_iterations = 1000, initial_temperature = 3.0, cooling_rate = 0.999
26 - INFO - chord#: 60 done. best_score=27.0, changed=529, unchanged=429, early_stops=8/8
26 - INFO - chord#: 64 In build_straw_man_chord_sa. tolerance = 1, sa_iterations = 1000, initial_temperature = 3.0, cooling_rate = 0.999
26 - INFO - chord#: 80 done. best_score=67.0, changed=615, unchanged=264, early_stops=8/8
26 - INFO - chord#: 82 In build_straw_man_chord_sa. tolerance = 1, sa_iterations = 1000, initial_temperature = 3.0, cooling_rate = 0.999
26 - INFO - chord#: 80 done. best_score=78.0, changed=607, unchanged=263, early_stops=8/8
26 - INFO - chord#: 82 In build_straw_man_chord_sa. tolerance = 1, sa_iterations = 1000, initial_temperature = 3.0, cooling_rate = 0.999
26 - INFO - chord#: 82 done. best_score=27.0, changed=520, unchanged=346, early_stops=8/8
26 - INFO - chord#: 84 In build_straw_man_chord_sa. tolerance = 1, sa_iterations = 1000, initial_temperature = 3.0, cooling_rate = 0.999
26 - INFO - chord#: 64 done. best_score=27.0, changed=531, unchanged=400, early_stops=8/8
26 - INFO - chord#: 66 In build_straw_man_chord_sa. tolerance = 1, sa_iterations = 1000, initial_temperature = 3.0, cooling_rate = 0.999
26 - INFO - chord#: 76 done. best_score=27.0, changed=516, unchanged=323, early_stops=8/8
26 - INFO - chord#: 78 In build_straw_man_chord_sa. tolerance = 1, sa_iterations = 1000, initial_temperature = 3.0, cooling_rate = 0.999
26 - INFO - chord#: 64 done. best_score=27.0, changed=528, unchanged=309, early_stops=8/8
26 - INFO - chord#: 66 In build_straw_man_chord_sa. tolerance = 1, sa_iterations = 1000, initial_temperature = 3.0, cooling_rate = 0.999
26 - INFO - chord#: 64 done. best_score=27.0, changed=531, unchanged=340, early_stops=8/8
26 - INFO - chord#: 66 In build_straw_man_chord_sa. tolerance = 1, sa_iterations = 1000, initial_temperature = 3.0, cooling_rate = 0.999
26 - INFO - chord#: 64 done. best_score=27.0, changed=531, unchanged=361, early_stops=8/8
26 - INFO - chord#: 66 In build_straw_man_chord_sa. tolerance = 1, sa_iterations = 1000, initial_temperature = 3.0, cooling_rate = 0.999
26 - INFO - chord#: 64 done. best_score=27.0, changed=540, unchanged=405, early_stops=8/8
26 - INFO - chord#: 66 In build_straw_man_chord_sa. tolerance = 1, sa_iterations = 1000, initial_temperature = 3.0, cooling_rate = 0.999
26 - INFO - chord#: 64 done. best_score=27.0, changed=532, unchanged=345, early_stops=8/8
26 - INFO - chord#: 66 In build_straw_man_chord_sa. tolerance = 1, sa_iterations = 1000, initial_temperature = 3.0, cooling_rate = 0.999
26 - INFO - chord#: 82 done. best_score=27.0, changed=517, unchanged=393, early_stops=8/8
26 - INFO - chord#: 84 In build_straw_man_chord_sa. tolerance = 1, sa_iterations = 1000, initial_temperature = 3.0, cooling_rate = 0.999
26 - INFO - chord#: 84 done. best_score=47.0, changed=526, unchanged=370, early_stops=8/8
26 - INFO - chord#: 85 In build_straw_man_chord_sa. tolerance = 1, sa_iterations = 1000, initial_temperature = 3.0, cooling_rate = 0.999
26 - INFO - chord#: 82 done. best_score=36.0, changed=520, unchanged=398, early_stops=8/8
26 - INFO - chord#: 84 In build_straw_man_chord_sa. tolerance = 1, sa_iterations = 1000, initial_temperature = 3.0, cooling_rate = 0.999
26 - INFO - chord#: 80 done. best_score=78.0, changed=610, unchanged=375, early_stops=8/8
26 - INFO - chord#: 82 In build_straw_man_chord_sa. tolerance = 1, sa_iterations = 1000, initial_temperature = 3.0, cooling_rate = 0.999
26 - INFO - chord#: 78 done. best_score=27.0, changed=525, unchanged=379, early_stops=8/8
26 - INFO - chord#: 80 In build_straw_man_chord_sa. tolerance = 1, sa_iterations = 1000, initial_temperature = 3.0, cooling_rate = 0.999
26 - INFO - chord#: 66 done. best_score=27.0, changed=510, unchanged=311, early_stops=8/8
26 - INFO - chord#: 68 In build_straw_man_chord_sa. tolerance = 1, sa_iterations = 1000, initial_temperature = 3.0, cooling_rate = 0.999
26 - INFO - chord#: 66 done. best_score=27.0, changed=514, unchanged=367, early_stops=8/8
26 - INFO - chord#: 68 In build_straw_man_chord_sa. tolerance = 1, sa_iterations = 1000, initial_temperature = 3.0, cooling_rate = 0.999
26 - INFO - chord#: 66 done. best_score=27.0, changed=522, unchanged=317, early_stops=8/8
26 - INFO - chord#: 68 In build_straw_man_chord_sa. tolerance = 1, sa_iterations = 1000, initial_temperature = 3.0, cooling_rate = 0.999
26 - INFO - chord#: 80 done. best_score=78.0, changed=611, unchanged=372, early_stops=8/8
26 - INFO - chord#: 82 In build_straw_man_chord_sa. tolerance = 1, sa_iterations = 1000, initial_temperature = 3.0, cooling_rate = 0.999
26 - INFO - chord#: 66 done. best_score=27.0, changed=530, unchanged=395, early_stops=8/8
26 - INFO - chord#: 68 In build_straw_man_chord_sa. tolerance = 1, sa_iterations = 1000, initial_temperature = 3.0, cooling_rate = 0.999
26 - INFO - chord#: 66 done. best_score=27.0, changed=526, unchanged=500, early_stops=8/8
26 - INFO - chord#: 68 In build_straw_man_chord_sa. tolerance = 1, sa_iterations = 1000, initial_temperature = 3.0, cooling_rate = 0.999
26 - INFO - chord#: 84 done. best_score=47.0, changed=521, unchanged=342, early_stops=8/8
26 - INFO - chord#: 85 In build_straw_man_chord_sa. tolerance = 1, sa_iterations = 1000, initial_temperature = 3.0, cooling_rate = 0.999
26 - INFO - chord#: 84 done. best_score=47.0, changed=527, unchanged=496, early_stops=8/8
26 - INFO - chord#: 85 In build_straw_man_chord_sa. tolerance = 1, sa_iterations = 1000, initial_temperature = 3.0, cooling_rate = 0.999
26 - INFO - chord#: 66 done. best_score=27.0, changed=524, unchanged=417, early_stops=8/8
26 - INFO - chord#: 68 In build_straw_man_chord_sa. tolerance = 1, sa_iterations = 1000, initial_temperature = 3.0, cooling_rate = 0.999
26 - INFO - chord#: 82 done. best_score=36.0, changed=521, unchanged=428, early_stops=8/8
26 - INFO - chord#: 84 In build_straw_man_chord_sa. tolerance = 1, sa_iterations = 1000, initial_temperature = 3.0, cooling_rate = 0.999
26 - INFO - chord#: 85 done. best_score=27.0, changed=534, unchanged=554, early_stops=8/8
26 - INFO - chord#: 86 In build_straw_man_chord_sa. tolerance = 1, sa_iterations = 1000, initial_temperature = 3.0, cooling_rate = 0.999
26 - INFO - chord#: 68 done. best_score=27.0, changed=513, unchanged=353, early_stops=8/8
26 - INFO - chord#: 70 In build_straw_man_chord_sa. tolerance = 1, sa_iterations = 1000, initial_temperature = 3.0, cooling_rate = 0.999
26 - INFO - chord#: 82 done. best_score=36.0, changed=535, unchanged=482, early_stops=8/8
26 - INFO - chord#: 84 In build_straw_man_chord_sa. tolerance = 1, sa_iterations = 1000, initial_temperature = 3.0, cooling_rate = 0.999
26 - INFO - chord#: 68 done. best_score=27.0, changed=519, unchanged=403, early_stops=8/8
26 - INFO - chord#: 70 In build_straw_man_chord_sa. tolerance = 1, sa_iterations = 1000, initial_temperature = 3.0, cooling_rate = 0.999
26 - INFO - chord#: 68 done. best_score=27.0, changed=519, unchanged=410, early_stops=8/8
26 - INFO - chord#: 70 In build_straw_man_chord_sa. tolerance = 1, sa_iterations = 1000, initial_temperature = 3.0, cooling_rate = 0.999
26 - INFO - chord#: 68 done. best_score=27.0, changed=529, unchanged=380, early_stops=8/8
26 - INFO - chord#: 70 In build_straw_man_chord_sa. tolerance = 1, sa_iterations = 1000, initial_temperature = 3.0, cooling_rate = 0.999
26 - INFO - chord#: 68 done. best_score=27.0, changed=525, unchanged=471, early_stops=8/8
26 - INFO - chord#: 70 In build_straw_man_chord_sa. tolerance = 1, sa_iterations = 1000, initial_temperature = 3.0, cooling_rate = 0.999
26 - INFO - chord#: 85 done. best_score=27.0, changed=523, unchanged=422, early_stops=8/8
26 - INFO - chord#: 86 In build_straw_man_chord_sa. tolerance = 1, sa_iterations = 1000, initial_temperature = 3.0, cooling_rate = 0.999
26 - INFO - chord#: 84 done. best_score=47.0, changed=526, unchanged=372, early_stops=8/8
26 - INFO - chord#: 68 done. best_score=27.0, changed=524, unchanged=404, early_stops=8/8
26 - INFO - chord#: 85 In build_straw_man_chord_sa. tolerance = 1, sa_iterations = 1000, initial_temperature = 3.0, cooling_rate = 0.999
26 - INFO - chord#: 70 In build_straw_man_chord_sa. tolerance = 1, sa_iterations = 1000, initial_temperature = 3.0, cooling_rate = 0.999
26 - INFO - chord#: 85 done. best_score=27.0, changed=534, unchanged=466, early_stops=8/8
26 - INFO - chord#: 86 In build_straw_man_chord_sa. tolerance = 1, sa_iterations = 1000, initial_temperature = 3.0, cooling_rate = 0.999
26 - INFO - chord#: 86 done. best_score=27.0, changed=523, unchanged=430, early_stops=8/8
26 - INFO - chord#: 87 In build_straw_man_chord_sa. tolerance = 1, sa_iterations = 1000, initial_temperature = 3.0, cooling_rate = 0.999
26 - INFO - chord#: 80 done. best_score=78.0, changed=608, unchanged=342, early_stops=8/8
26 - INFO - chord#: 82 In build_straw_man_chord_sa. tolerance = 1, sa_iterations = 1000, initial_temperature = 3.0, cooling_rate = 0.999
26 - INFO - chord#: 84 done. best_score=47.0, changed=520, unchanged=415, early_stops=8/8
26 - INFO - chord#: 85 In build_straw_man_chord_sa. tolerance = 1, sa_iterations = 1000, initial_temperature = 3.0, cooling_rate = 0.999
26 - INFO - chord#: 70 done. best_score=27.0, changed=517, unchanged=357, early_stops=8/8
26 - INFO - chord#: 72 In build_straw_man_chord_sa. tolerance = 1, sa_iterations = 1000, initial_temperature = 3.0, cooling_rate = 0.999
26 - INFO - chord#: 70 done. best_score=27.0, changed=521, unchanged=366, early_stops=8/8
26 - INFO - chord#: 72 In build_straw_man_chord_sa. tolerance = 1, sa_iterations = 1000, initial_temperature = 3.0, cooling_rate = 0.999
26 - INFO - chord#: 86 done. best_score=27.0, changed=514, unchanged=347, early_stops=8/8
26 - INFO - chord#: 87 In build_straw_man_chord_sa. tolerance = 1, sa_iterations = 1000, initial_temperature = 3.0, cooling_rate = 0.999
26 - INFO - chord#: 70 done. best_score=27.0, changed=513, unchanged=338, early_stops=8/8
26 - INFO - chord#: 72 In build_straw_man_chord_sa. tolerance = 1, sa_iterations = 1000, initial_temperature = 3.0, cooling_rate = 0.999
26 - INFO - chord#: 70 done. best_score=27.0, changed=528, unchanged=358, early_stops=8/8
26 - INFO - chord#: 72 In build_straw_man_chord_sa. tolerance = 1, sa_iterations = 1000, initial_temperature = 3.0, cooling_rate = 0.999
26 - INFO - chord#: 70 done. best_score=27.0, changed=518, unchanged=350, early_stops=8/8
26 - INFO - chord#: 72 In build_straw_man_chord_sa. tolerance = 1, sa_iterations = 1000, initial_temperature = 3.0, cooling_rate = 0.999
26 - INFO - chord#: 86 done. best_score=27.0, changed=523, unchanged=396, early_stops=8/8
26 - INFO - chord#: 87 In build_straw_man_chord_sa. tolerance = 1, sa_iterations = 1000, initial_temperature = 3.0, cooling_rate = 0.999
26 - INFO - chord#: 70 done. best_score=27.0, changed=520, unchanged=341, early_stops=8/8
26 - INFO - chord#: 72 In build_straw_man_chord_sa. tolerance = 1, sa_iterations = 1000, initial_temperature = 3.0, cooling_rate = 0.999
26 - INFO - chord#: 85 done. best_score=27.0, changed=526, unchanged=451, early_stops=8/8
26 - INFO - chord#: 86 In build_straw_man_chord_sa. tolerance = 1, sa_iterations = 1000, initial_temperature = 3.0, cooling_rate = 0.999
26 - INFO - chord#: 82 done. best_score=36.0, changed=526, unchanged=316, early_stops=8/8
26 - INFO - chord#: 84 In build_straw_man_chord_sa. tolerance = 1, sa_iterations = 1000, initial_temperature = 3.0, cooling_rate = 0.999
26 - INFO - chord#: 85 done. best_score=27.0, changed=522, unchanged=419, early_stops=8/8
26 - INFO - chord#: 86 In build_straw_man_chord_sa. tolerance = 1, sa_iterations = 1000, initial_temperature = 3.0, cooling_rate = 0.999
26 - INFO - chord#: 84 done. best_score=47.0, changed=530, unchanged=341, early_stops=8/8
26 - INFO - chord#: 85 In build_straw_man_chord_sa. tolerance = 1, sa_iterations = 1000, initial_temperature = 3.0, cooling_rate = 0.999
26 - INFO - chord#: 87 done. best_score=82.0, changed=611, unchanged=247, early_stops=8/8
26 - INFO - chord#: 88 In build_straw_man_chord_sa. tolerance = 1, sa_iterations = 1000, initial_temperature = 3.0, cooling_rate = 0.999
26 - INFO - chord#: 86 done. best_score=27.0, changed=525, unchanged=628, early_stops=8/8
26 - INFO - chord#: 87 In build_straw_man_chord_sa. tolerance = 1, sa_iterations = 1000, initial_temperature = 3.0, cooling_rate = 0.999
26 - INFO - chord#: 86 done. best_score=27.0, changed=522, unchanged=514, early_stops=8/8
26 - INFO - chord#: 87 In build_straw_man_chord_sa. tolerance = 1, sa_iterations = 1000, initial_temperature = 3.0, cooling_rate = 0.999
26 - INFO - chord#: 87 done. best_score=120.0, changed=610, unchanged=214, early_stops=8/8
26 - INFO - chord#: 88 In build_straw_man_chord_sa. tolerance = 1, sa_iterations = 1000, initial_temperature = 3.0, cooling_rate = 0.999
26 - INFO - chord#: 85 done. best_score=27.0, changed=530, unchanged=444, early_stops=8/8
26 - INFO - chord#: 86 In build_straw_man_chord_sa. tolerance = 1, sa_iterations = 1000, initial_temperature = 3.0, cooling_rate = 0.999
26 - INFO - chord#: 72 done. best_score=147.0, changed=614, unchanged=266, early_stops=8/8
26 - INFO - chord#: 74 In build_straw_man_chord_sa. tolerance = 1, sa_iterations = 1000, initial_temperature = 3.0, cooling_rate = 0.999
26 - INFO - chord#: 72 done. best_score=150.0, changed=607, unchanged=229, early_stops=8/8
26 - INFO - chord#: 74 In build_straw_man_chord_sa. tolerance = 1, sa_iterations = 1000, initial_temperature = 3.0, cooling_rate = 0.999
26 - INFO - chord#: 87 done. best_score=82.0, changed=614, unchanged=418, early_stops=8/8
26 - INFO - chord#: 88 In build_straw_man_chord_sa. tolerance = 1, sa_iterations = 1000, initial_temperature = 3.0, cooling_rate = 0.999
26 - INFO - chord#: 72 done. best_score=111.0, changed=613, unchanged=348, early_stops=8/8
26 - INFO - chord#: 74 In build_straw_man_chord_sa. tolerance = 1, sa_iterations = 1000, initial_temperature = 3.0, cooling_rate = 0.999
26 - INFO - chord#: 72 done. best_score=108.0, changed=613, unchanged=330, early_stops=8/8
26 - INFO - chord#: 74 In build_straw_man_chord_sa. tolerance = 1, sa_iterations = 1000, initial_temperature = 3.0, cooling_rate = 0.999
26 - INFO - chord#: 86 done. best_score=27.0, changed=521, unchanged=420, early_stops=8/8
26 - INFO - chord#: 87 In build_straw_man_chord_sa. tolerance = 1, sa_iterations = 1000, initial_temperature = 3.0, cooling_rate = 0.999
26 - INFO - chord#: 74 done. best_score=36.0, changed=519, unchanged=320, early_stops=8/8
26 - INFO - chord#: 76 In build_straw_man_chord_sa. tolerance = 1, sa_iterations = 1000, initial_temperature = 3.0, cooling_rate = 0.999
26 - INFO - chord#: 88 done. best_score=78.0, changed=614, unchanged=307, early_stops=8/8
26 - INFO - chord#: 90 In build_straw_man_chord_sa. tolerance = 1, sa_iterations = 1000, initial_temperature = 3.0, cooling_rate = 0.999
26 - INFO - chord#: 72 done. best_score=150.0, changed=621, unchanged=546, early_stops=8/8
26 - INFO - chord#: 74 In build_straw_man_chord_sa. tolerance = 1, sa_iterations = 1000, initial_temperature = 3.0, cooling_rate = 0.999
26 - INFO - chord#: 74 done. best_score=36.0, changed=524, unchanged=363, early_stops=8/8
26 - INFO - chord#: 76 In build_straw_man_chord_sa. tolerance = 1, sa_iterations = 1000, initial_temperature = 3.0, cooling_rate = 0.999
26 - INFO - chord#: 87 done. best_score=82.0, changed=608, unchanged=308, early_stops=8/8
26 - INFO - chord#: 88 In build_straw_man_chord_sa. tolerance = 1, sa_iterations = 1000, initial_temperature = 3.0, cooling_rate = 0.999
26 - INFO - chord#: 72 done. best_score=111.0, changed=618, unchanged=494, early_stops=8/8
26 - INFO - chord#: 74 In build_straw_man_chord_sa. tolerance = 1, sa_iterations = 1000, initial_temperature = 3.0, cooling_rate = 0.999
26 - INFO - chord#: 88 done. best_score=140.0, changed=612, unchanged=295, early_stops=8/8
26 - INFO - chord#: 90 In build_straw_man_chord_sa. tolerance = 1, sa_iterations = 1000, initial_temperature = 3.0, cooling_rate = 0.999
26 - INFO - chord#: 74 done. best_score=36.0, changed=524, unchanged=314, early_stops=8/8
26 - INFO - chord#: 76 In build_straw_man_chord_sa. tolerance = 1, sa_iterations = 1000, initial_temperature = 3.0, cooling_rate = 0.999
26 - INFO - chord#: 74 done. best_score=57.0, changed=533, unchanged=285, early_stops=8/8
26 - INFO - chord#: 76 In build_straw_man_chord_sa. tolerance = 1, sa_iterations = 1000, initial_temperature = 3.0, cooling_rate = 0.999
26 - INFO - chord#: 87 done. best_score=82.0, changed=614, unchanged=334, early_stops=8/8
26 - INFO - chord#: 88 In build_straw_man_chord_sa. tolerance = 1, sa_iterations = 1000, initial_temperature = 3.0, cooling_rate = 0.999
26 - INFO - chord#: 74 done. best_score=36.0, changed=520, unchanged=307, early_stops=8/8
26 - INFO - chord#: 76 In build_straw_man_chord_sa. tolerance = 1, sa_iterations = 1000, initial_temperature = 3.0, cooling_rate = 0.999
26 - INFO - chord#: 90 done. best_score=27.0, changed=531, unchanged=611, early_stops=8/8
26 - INFO - chord#: 91 In build_straw_man_chord_sa. tolerance = 1, sa_iterations = 1000, initial_temperature = 3.0, cooling_rate = 0.999
26 - INFO - chord#: 76 done. best_score=27.0, changed=516, unchanged=434, early_stops=8/8
26 - INFO - chord#: 78 In build_straw_man_chord_sa. tolerance = 1, sa_iterations = 1000, initial_temperature = 3.0, cooling_rate = 0.999
26 - INFO - chord#: 74 done. best_score=36.0, changed=519, unchanged=334, early_stops=8/8
26 - INFO - chord#: 76 In build_straw_man_chord_sa. tolerance = 1, sa_iterations = 1000, initial_temperature = 3.0, cooling_rate = 0.999
26 - INFO - chord#: 88 done. best_score=131.0, changed=616, unchanged=311, early_stops=8/8
26 - INFO - chord#: 90 In build_straw_man_chord_sa. tolerance = 1, sa_iterations = 1000, initial_temperature = 3.0, cooling_rate = 0.999
26 - INFO - chord#: 76 done. best_score=27.0, changed=518, unchanged=354, early_stops=8/8
26 - INFO - chord#: 78 In build_straw_man_chord_sa. tolerance = 1, sa_iterations = 1000, initial_temperature = 3.0, cooling_rate = 0.999
26 - INFO - chord#: 90 done. best_score=27.0, changed=522, unchanged=552, early_stops=8/8
26 - INFO - chord#: 91 In build_straw_man_chord_sa. tolerance = 1, sa_iterations = 1000, initial_temperature = 3.0, cooling_rate = 0.999
26 - INFO - chord#: 76 done. best_score=27.0, changed=514, unchanged=326, early_stops=8/8
26 - INFO - chord#: 78 In build_straw_man_chord_sa. tolerance = 1, sa_iterations = 1000, initial_temperature = 3.0, cooling_rate = 0.999
26 - INFO - chord#: 76 done. best_score=27.0, changed=521, unchanged=528, early_stops=8/8
26 - INFO - chord#: 78 In build_straw_man_chord_sa. tolerance = 1, sa_iterations = 1000, initial_temperature = 3.0, cooling_rate = 0.999
26 - INFO - chord#: 87 done. best_score=82.0, changed=612, unchanged=336, early_stops=8/8
26 - INFO - chord#: 88 In build_straw_man_chord_sa. tolerance = 1, sa_iterations = 1000, initial_temperature = 3.0, cooling_rate = 0.999
26 - INFO - chord#: 88 done. best_score=78.0, changed=614, unchanged=270, early_stops=8/8
26 - INFO - chord#: 90 In build_straw_man_chord_sa. tolerance = 1, sa_iterations = 1000, initial_temperature = 3.0, cooling_rate = 0.999
26 - INFO - chord#: 90 done. best_score=27.0, changed=522, unchanged=362, early_stops=8/8
26 - INFO - chord#: 91 In build_straw_man_chord_sa. tolerance = 1, sa_iterations = 1000, initial_temperature = 3.0, cooling_rate = 0.999
26 - INFO - chord#: 76 done. best_score=27.0, changed=519, unchanged=394, early_stops=8/8
26 - INFO - chord#: 78 In build_straw_man_chord_sa. tolerance = 1, sa_iterations = 1000, initial_temperature = 3.0, cooling_rate = 0.999
26 - INFO - chord#: 78 done. best_score=27.0, changed=520, unchanged=502, early_stops=8/8
26 - INFO - chord#: 80 In build_straw_man_chord_sa. tolerance = 1, sa_iterations = 1000, initial_temperature = 3.0, cooling_rate = 0.999
26 - INFO - chord#: 78 done. best_score=27.0, changed=520, unchanged=421, early_stops=8/8
26 - INFO - chord#: 80 In build_straw_man_chord_sa. tolerance = 1, sa_iterations = 1000, initial_temperature = 3.0, cooling_rate = 0.999
26 - INFO - chord#: 88 done. best_score=145.0, changed=612, unchanged=349, early_stops=8/8
26 - INFO - chord#: 90 In build_straw_man_chord_sa. tolerance = 1, sa_iterations = 1000, initial_temperature = 3.0, cooling_rate = 0.999
26 - INFO - chord#: 78 done. best_score=27.0, changed=513, unchanged=419, early_stops=8/8
26 - INFO - chord#: 80 In build_straw_man_chord_sa. tolerance = 1, sa_iterations = 1000, initial_temperature = 3.0, cooling_rate = 0.999
26 - INFO - chord#: 76 done. best_score=27.0, changed=521, unchanged=537, early_stops=8/8
26 - INFO - chord#: 78 In build_straw_man_chord_sa. tolerance = 1, sa_iterations = 1000, initial_temperature = 3.0, cooling_rate = 0.999
26 - INFO - chord#: 78 done. best_score=27.0, changed=521, unchanged=412, early_stops=8/8
26 - INFO - chord#: 80 In build_straw_man_chord_sa. tolerance = 1, sa_iterations = 1000, initial_temperature = 3.0, cooling_rate = 0.999
26 - INFO - chord#: 90 done. best_score=27.0, changed=516, unchanged=464, early_stops=8/8
26 - INFO - chord#: 91 In build_straw_man_chord_sa. tolerance = 1, sa_iterations = 1000, initial_temperature = 3.0, cooling_rate = 0.999
26 - INFO - chord#: 78 done. best_score=27.0, changed=517, unchanged=345, early_stops=8/8
26 - INFO - chord#: 80 In build_straw_man_chord_sa. tolerance = 1, sa_iterations = 1000, initial_temperature = 3.0, cooling_rate = 0.999
26 - INFO - chord#: 91 done. best_score=145.0, changed=615, unchanged=384, early_stops=8/8
26 - INFO - chord#: 92 In build_straw_man_chord_sa. tolerance = 1, sa_iterations = 1000, initial_temperature = 3.0, cooling_rate = 0.999
26 - INFO - chord#: 90 done. best_score=27.0, changed=515, unchanged=373, early_stops=8/8
26 - INFO - chord#: 91 In build_straw_man_chord_sa. tolerance = 1, sa_iterations = 1000, initial_temperature = 3.0, cooling_rate = 0.999
26 - INFO - chord#: 88 done. best_score=67.0, changed=613, unchanged=223, early_stops=8/8
26 - INFO - chord#: 90 In build_straw_man_chord_sa. tolerance = 1, sa_iterations = 1000, initial_temperature = 3.0, cooling_rate = 0.999
26 - INFO - chord#: 78 done. best_score=27.0, changed=522, unchanged=443, early_stops=8/8
26 - INFO - chord#: 80 In build_straw_man_chord_sa. tolerance = 1, sa_iterations = 1000, initial_temperature = 3.0, cooling_rate = 0.999
26 - INFO - chord#: 91 done. best_score=67.0, changed=610, unchanged=305, early_stops=8/8
26 - INFO - chord#: 92 In build_straw_man_chord_sa. tolerance = 1, sa_iterations = 1000, initial_temperature = 3.0, cooling_rate = 0.999
26 - INFO - chord#: 91 done. best_score=67.0, changed=619, unchanged=509, early_stops=8/8
26 - INFO - chord#: 92 In build_straw_man_chord_sa. tolerance = 1, sa_iterations = 1000, initial_temperature = 3.0, cooling_rate = 0.999
26 - INFO - chord#: 92 done. best_score=27.0, changed=524, unchanged=395, early_stops=8/8
26 - INFO - chord#: 96 In build_straw_man_chord_sa. tolerance = 1, sa_iterations = 1000, initial_temperature = 3.0, cooling_rate = 0.999
26 - INFO - chord#: 90 done. best_score=27.0, changed=513, unchanged=332, early_stops=8/8
26 - INFO - chord#: 91 In build_straw_man_chord_sa. tolerance = 1, sa_iterations = 1000, initial_temperature = 3.0, cooling_rate = 0.999
26 - INFO - chord#: 80 done. best_score=67.0, changed=617, unchanged=286, early_stops=8/8
26 - INFO - chord#: 82 In build_straw_man_chord_sa. tolerance = 1, sa_iterations = 1000, initial_temperature = 3.0, cooling_rate = 0.999
26 - INFO - chord#: 92 done. best_score=27.0, changed=529, unchanged=426, early_stops=8/8
26 - INFO - chord#: 96 In build_straw_man_chord_sa. tolerance = 1, sa_iterations = 1000, initial_temperature = 3.0, cooling_rate = 0.999
26 - INFO - chord#: 92 done. best_score=27.0, changed=532, unchanged=476, early_stops=8/8
26 - INFO - chord#: 96 In build_straw_man_chord_sa. tolerance = 1, sa_iterations = 1000, initial_temperature = 3.0, cooling_rate = 0.999
26 - INFO - chord#: 96 done. best_score=27.0, changed=521, unchanged=367, early_stops=8/8
26 - INFO - chord#: 100 In build_straw_man_chord_sa. tolerance = 1, sa_iterations = 1000, initial_temperature = 3.0, cooling_rate = 0.999
26 - INFO - chord#: 91 done. best_score=96.0, changed=610, unchanged=221, early_stops=8/8
26 - INFO - chord#: 92 In build_straw_man_chord_sa. tolerance = 1, sa_iterations = 1000, initial_temperature = 3.0, cooling_rate = 0.999
26 - INFO - chord#: 91 done. best_score=67.0, changed=616, unchanged=320, early_stops=8/8
26 - INFO - chord#: 92 In build_straw_man_chord_sa. tolerance = 1, sa_iterations = 1000, initial_temperature = 3.0, cooling_rate = 0.999
26 - INFO - chord#: 80 done. best_score=67.0, changed=611, unchanged=409, early_stops=8/8
26 - INFO - chord#: 82 In build_straw_man_chord_sa. tolerance = 1, sa_iterations = 1000, initial_temperature = 3.0, cooling_rate = 0.999
26 - INFO - chord#: 80 done. best_score=67.0, changed=609, unchanged=287, early_stops=8/8
26 - INFO - chord#: 82 In build_straw_man_chord_sa. tolerance = 1, sa_iterations = 1000, initial_temperature = 3.0, cooling_rate = 0.999
26 - INFO - chord#: 80 done. best_score=78.0, changed=614, unchanged=430, early_stops=8/8
26 - INFO - chord#: 82 In build_straw_man_chord_sa. tolerance = 1, sa_iterations = 1000, initial_temperature = 3.0, cooling_rate = 0.999
26 - INFO - chord#: 96 done. best_score=27.0, changed=524, unchanged=442, early_stops=8/8
26 - INFO - chord#: 100 In build_straw_man_chord_sa. tolerance = 1, sa_iterations = 1000, initial_temperature = 3.0, cooling_rate = 0.999
26 - INFO - chord#: 100 done. best_score=27.0, changed=528, unchanged=388, early_stops=8/8
26 - INFO - chord#: 102 In build_straw_man_chord_sa. tolerance = 1, sa_iterations = 1000, initial_temperature = 3.0, cooling_rate = 0.999
26 - INFO - chord#: 96 done. best_score=27.0, changed=520, unchanged=448, early_stops=8/8
26 - INFO - chord#: 82 done. best_score=27.0, changed=515, unchanged=327, early_stops=8/8
26 - INFO - chord#: 100 In build_straw_man_chord_sa. tolerance = 1, sa_iterations = 1000, initial_temperature = 3.0, cooling_rate = 0.999
26 - INFO - chord#: 84 In build_straw_man_chord_sa. tolerance = 1, sa_iterations = 1000, initial_temperature = 3.0, cooling_rate = 0.999
26 - INFO - chord#: 92 done. best_score=27.0, changed=520, unchanged=352, early_stops=8/8
26 - INFO - chord#: 96 In build_straw_man_chord_sa. tolerance = 1, sa_iterations = 1000, initial_temperature = 3.0, cooling_rate = 0.999
26 - INFO - chord#: 80 done. best_score=67.0, changed=615, unchanged=466, early_stops=8/8
26 - INFO - chord#: 82 In build_straw_man_chord_sa. tolerance = 1, sa_iterations = 1000, initial_temperature = 3.0, cooling_rate = 0.999
26 - INFO - chord#: 92 done. best_score=27.0, changed=522, unchanged=482, early_stops=8/8
26 - INFO - chord#: 96 In build_straw_man_chord_sa. tolerance = 1, sa_iterations = 1000, initial_temperature = 3.0, cooling_rate = 0.999
26 - INFO - chord#: 80 done. best_score=67.0, changed=617, unchanged=311, early_stops=8/8
26 - INFO - chord#: 82 In build_straw_man_chord_sa. tolerance = 1, sa_iterations = 1000, initial_temperature = 3.0, cooling_rate = 0.999
26 - INFO - chord#: 82 done. best_score=27.0, changed=533, unchanged=482, early_stops=8/8
26 - INFO - chord#: 84 In build_straw_man_chord_sa. tolerance = 1, sa_iterations = 1000, initial_temperature = 3.0, cooling_rate = 0.999
26 - INFO - chord#: 100 done. best_score=27.0, changed=525, unchanged=327, early_stops=8/8
26 - INFO - chord#: 102 In build_straw_man_chord_sa. tolerance = 1, sa_iterations = 1000, initial_temperature = 3.0, cooling_rate = 0.999
26 - INFO - chord#: 91 done. best_score=67.0, changed=618, unchanged=322, early_stops=8/8
26 - INFO - chord#: 92 In build_straw_man_chord_sa. tolerance = 1, sa_iterations = 1000, initial_temperature = 3.0, cooling_rate = 0.999
26 - INFO - chord#: 100 done. best_score=27.0, changed=520, unchanged=405, early_stops=8/8
26 - INFO - chord#: 102 In build_straw_man_chord_sa. tolerance = 1, sa_iterations = 1000, initial_temperature = 3.0, cooling_rate = 0.999
26 - INFO - chord#: 82 done. best_score=36.0, changed=525, unchanged=341, early_stops=8/8
26 - INFO - chord#: 84 In build_straw_man_chord_sa. tolerance = 1, sa_iterations = 1000, initial_temperature = 3.0, cooling_rate = 0.999
26 - INFO - chord#: 82 done. best_score=27.0, changed=518, unchanged=335, early_stops=8/8
26 - INFO - chord#: 84 In build_straw_man_chord_sa. tolerance = 1, sa_iterations = 1000, initial_temperature = 3.0, cooling_rate = 0.999
26 - INFO - chord#: 84 done. best_score=47.0, changed=515, unchanged=296, early_stops=8/8
26 - INFO - chord#: 85 In build_straw_man_chord_sa. tolerance = 1, sa_iterations = 1000, initial_temperature = 3.0, cooling_rate = 0.999
26 - INFO - chord#: 96 done. best_score=27.0, changed=519, unchanged=435, early_stops=8/8
26 - INFO - chord#: 100 In build_straw_man_chord_sa. tolerance = 1, sa_iterations = 1000, initial_temperature = 3.0, cooling_rate = 0.999
26 - INFO - chord#: 96 done. best_score=27.0, changed=520, unchanged=330, early_stops=8/8
26 - INFO - chord#: 100 In build_straw_man_chord_sa. tolerance = 1, sa_iterations = 1000, initial_temperature = 3.0, cooling_rate = 0.999
26 - INFO - chord#: 82 done. best_score=27.0, changed=517, unchanged=421, early_stops=8/8
26 - INFO - chord#: 84 In build_straw_man_chord_sa. tolerance = 1, sa_iterations = 1000, initial_temperature = 3.0, cooling_rate = 0.999
26 - INFO - chord#: 84 done. best_score=47.0, changed=512, unchanged=336, early_stops=8/8
26 - INFO - chord#: 85 In build_straw_man_chord_sa. tolerance = 1, sa_iterations = 1000, initial_temperature = 3.0, cooling_rate = 0.999
26 - INFO - chord#: 92 done. best_score=27.0, changed=524, unchanged=447, early_stops=8/8
26 - INFO - chord#: 96 In build_straw_man_chord_sa. tolerance = 1, sa_iterations = 1000, initial_temperature = 3.0, cooling_rate = 0.999
26 - INFO - chord#: 82 done. best_score=27.0, changed=513, unchanged=439, early_stops=8/8
26 - INFO - chord#: 84 In build_straw_man_chord_sa. tolerance = 1, sa_iterations = 1000, initial_temperature = 3.0, cooling_rate = 0.999
26 - INFO - chord#: 84 done. best_score=47.0, changed=526, unchanged=397, early_stops=8/8
26 - INFO - chord#: 85 In build_straw_man_chord_sa. tolerance = 1, sa_iterations = 1000, initial_temperature = 3.0, cooling_rate = 0.999
26 - INFO - chord#: 100 done. best_score=27.0, changed=522, unchanged=353, early_stops=8/8
26 - INFO - chord#: 84 done. best_score=47.0, changed=518, unchanged=320, early_stops=8/8
26 - INFO - chord#: 102 In build_straw_man_chord_sa. tolerance = 1, sa_iterations = 1000, initial_temperature = 3.0, cooling_rate = 0.999
26 - INFO - chord#: 85 In build_straw_man_chord_sa. tolerance = 1, sa_iterations = 1000, initial_temperature = 3.0, cooling_rate = 0.999
26 - INFO - chord#: 102 done. best_score=74.0, changed=618, unchanged=390, early_stops=8/8
26 - INFO - chord#: 104 In build_straw_man_chord_sa. tolerance = 1, sa_iterations = 1000, initial_temperature = 3.0, cooling_rate = 0.999
26 - INFO - chord#: 100 done. best_score=27.0, changed=518, unchanged=336, early_stops=8/8
26 - INFO - chord#: 102 In build_straw_man_chord_sa. tolerance = 1, sa_iterations = 1000, initial_temperature = 3.0, cooling_rate = 0.999
26 - INFO - chord#: 85 done. best_score=27.0, changed=515, unchanged=346, early_stops=8/8
26 - INFO - chord#: 86 In build_straw_man_chord_sa. tolerance = 1, sa_iterations = 1000, initial_temperature = 3.0, cooling_rate = 0.999
26 - INFO - chord#: 84 done. best_score=47.0, changed=524, unchanged=361, early_stops=8/8
26 - INFO - chord#: 85 In build_straw_man_chord_sa. tolerance = 1, sa_iterations = 1000, initial_temperature = 3.0, cooling_rate = 0.999
26 - INFO - chord#: 102 done. best_score=74.0, changed=606, unchanged=262, early_stops=8/8
26 - INFO - chord#: 104 In build_straw_man_chord_sa. tolerance = 1, sa_iterations = 1000, initial_temperature = 3.0, cooling_rate = 0.999
26 - INFO - chord#: 102 done. best_score=74.0, changed=612, unchanged=326, early_stops=8/8
26 - INFO - chord#: 104 In build_straw_man_chord_sa. tolerance = 1, sa_iterations = 1000, initial_temperature = 3.0, cooling_rate = 0.999
26 - INFO - chord#: 104 done. best_score=27.0, changed=512, unchanged=325, early_stops=8/8
26 - INFO - chord#: 106 In build_straw_man_chord_sa. tolerance = 1, sa_iterations = 1000, initial_temperature = 3.0, cooling_rate = 0.999
26 - INFO - chord#: 85 done. best_score=27.0, changed=523, unchanged=373, early_stops=8/8
26 - INFO - chord#: 86 In build_straw_man_chord_sa. tolerance = 1, sa_iterations = 1000, initial_temperature = 3.0, cooling_rate = 0.999
26 - INFO - chord#: 96 done. best_score=27.0, changed=524, unchanged=535, early_stops=8/8
26 - INFO - chord#: 100 In build_straw_man_chord_sa. tolerance = 1, sa_iterations = 1000, initial_temperature = 3.0, cooling_rate = 0.999
26 - INFO - chord#: 84 done. best_score=47.0, changed=521, unchanged=322, early_stops=8/8
26 - INFO - chord#: 85 In build_straw_man_chord_sa. tolerance = 1, sa_iterations = 1000, initial_temperature = 3.0, cooling_rate = 0.999
26 - INFO - chord#: 86 done. best_score=27.0, changed=521, unchanged=343, early_stops=8/8
26 - INFO - chord#: 87 In build_straw_man_chord_sa. tolerance = 1, sa_iterations = 1000, initial_temperature = 3.0, cooling_rate = 0.999
26 - INFO - chord#: 85 done. best_score=27.0, changed=527, unchanged=452, early_stops=8/8
26 - INFO - chord#: 86 In build_straw_man_chord_sa. tolerance = 1, sa_iterations = 1000, initial_temperature = 3.0, cooling_rate = 0.999
26 - INFO - chord#: 85 done. best_score=27.0, changed=526, unchanged=445, early_stops=8/8
26 - INFO - chord#: 86 In build_straw_man_chord_sa. tolerance = 1, sa_iterations = 1000, initial_temperature = 3.0, cooling_rate = 0.999
26 - INFO - chord#: 104 done. best_score=27.0, changed=528, unchanged=366, early_stops=8/8
26 - INFO - chord#: 106 In build_straw_man_chord_sa. tolerance = 1, sa_iterations = 1000, initial_temperature = 3.0, cooling_rate = 0.999
26 - INFO - chord#: 104 done. best_score=27.0, changed=521, unchanged=470, early_stops=8/8
26 - INFO - chord#: 106 In build_straw_man_chord_sa. tolerance = 1, sa_iterations = 1000, initial_temperature = 3.0, cooling_rate = 0.999
26 - INFO - chord#: 100 done. best_score=27.0, changed=525, unchanged=426, early_stops=8/8
26 - INFO - chord#: 102 In build_straw_man_chord_sa. tolerance = 1, sa_iterations = 1000, initial_temperature = 3.0, cooling_rate = 0.999
26 - INFO - chord#: 102 done. best_score=96.0, changed=607, unchanged=234, early_stops=8/8
26 - INFO - chord#: 104 In build_straw_man_chord_sa. tolerance = 1, sa_iterations = 1000, initial_temperature = 3.0, cooling_rate = 0.999
26 - INFO - chord#: 86 done. best_score=27.0, changed=524, unchanged=335, early_stops=8/8
26 - INFO - chord#: 87 In build_straw_man_chord_sa. tolerance = 1, sa_iterations = 1000, initial_temperature = 3.0, cooling_rate = 0.999
26 - INFO - chord#: 85 done. best_score=27.0, changed=527, unchanged=557, early_stops=8/8
26 - INFO - chord#: 86 In build_straw_man_chord_sa. tolerance = 1, sa_iterations = 1000, initial_temperature = 3.0, cooling_rate = 0.999
26 - INFO - chord#: 85 done. best_score=27.0, changed=520, unchanged=366, early_stops=8/8
26 - INFO - chord#: 86 In build_straw_man_chord_sa. tolerance = 1, sa_iterations = 1000, initial_temperature = 3.0, cooling_rate = 0.999
26 - INFO - chord#: 102 done. best_score=74.0, changed=613, unchanged=334, early_stops=8/8
26 - INFO - chord#: 104 In build_straw_man_chord_sa. tolerance = 1, sa_iterations = 1000, initial_temperature = 3.0, cooling_rate = 0.999
26 - INFO - chord#: 86 done. best_score=27.0, changed=512, unchanged=319, early_stops=8/8
26 - INFO - chord#: 87 In build_straw_man_chord_sa. tolerance = 1, sa_iterations = 1000, initial_temperature = 3.0, cooling_rate = 0.999
26 - INFO - chord#: 86 done. best_score=27.0, changed=525, unchanged=594, early_stops=8/8
26 - INFO - chord#: 87 In build_straw_man_chord_sa. tolerance = 1, sa_iterations = 1000, initial_temperature = 3.0, cooling_rate = 0.999
26 - INFO - chord#: 104 done. best_score=27.0, changed=526, unchanged=350, early_stops=8/8
26 - INFO - chord#: 106 In build_straw_man_chord_sa. tolerance = 1, sa_iterations = 1000, initial_temperature = 3.0, cooling_rate = 0.999
26 - INFO - chord#: 106 done. best_score=64.0, changed=615, unchanged=340, early_stops=8/8
26 - INFO - chord#: 108 In build_straw_man_chord_sa. tolerance = 1, sa_iterations = 1000, initial_temperature = 3.0, cooling_rate = 0.999
26 - INFO - chord#: 104 done. best_score=27.0, changed=524, unchanged=419, early_stops=8/8
26 - INFO - chord#: 106 In build_straw_man_chord_sa. tolerance = 1, sa_iterations = 1000, initial_temperature = 3.0, cooling_rate = 0.999
26 - INFO - chord#: 86 done. best_score=27.0, changed=517, unchanged=363, early_stops=8/8
26 - INFO - chord#: 87 In build_straw_man_chord_sa. tolerance = 1, sa_iterations = 1000, initial_temperature = 3.0, cooling_rate = 0.999
26 - INFO - chord#: 86 done. best_score=27.0, changed=517, unchanged=388, early_stops=8/8
26 - INFO - chord#: 87 In build_straw_man_chord_sa. tolerance = 1, sa_iterations = 1000, initial_temperature = 3.0, cooling_rate = 0.999
26 - INFO - chord#: 106 done. best_score=64.0, changed=610, unchanged=256, early_stops=8/8
26 - INFO - chord#: 108 In build_straw_man_chord_sa. tolerance = 1, sa_iterations = 1000, initial_temperature = 3.0, cooling_rate = 0.999
26 - INFO - chord#: 106 done. best_score=104.0, changed=611, unchanged=256, early_stops=8/8
26 - INFO - chord#: 108 In build_straw_man_chord_sa. tolerance = 1, sa_iterations = 1000, initial_temperature = 3.0, cooling_rate = 0.999
26 - INFO - chord#: 102 done. best_score=74.0, changed=608, unchanged=252, early_stops=8/8
26 - INFO - chord#: 104 In build_straw_man_chord_sa. tolerance = 1, sa_iterations = 1000, initial_temperature = 3.0, cooling_rate = 0.999
26 - INFO - chord#: 108 done. best_score=27.0, changed=520, unchanged=369, early_stops=8/8
26 - INFO - chord#: 110 In build_straw_man_chord_sa. tolerance = 1, sa_iterations = 1000, initial_temperature = 3.0, cooling_rate = 0.999
26 - INFO - chord#: 87 done. best_score=82.0, changed=610, unchanged=357, early_stops=8/8
26 - INFO - chord#: 88 In build_straw_man_chord_sa. tolerance = 1, sa_iterations = 1000, initial_temperature = 3.0, cooling_rate = 0.999
26 - INFO - chord#: 108 done. best_score=27.0, changed=521, unchanged=488, early_stops=8/8
26 - INFO - chord#: 110 In build_straw_man_chord_sa. tolerance = 1, sa_iterations = 1000, initial_temperature = 3.0, cooling_rate = 0.999
26 - INFO - chord#: 104 done. best_score=27.0, changed=520, unchanged=337, early_stops=8/8
26 - INFO - chord#: 106 In build_straw_man_chord_sa. tolerance = 1, sa_iterations = 1000, initial_temperature = 3.0, cooling_rate = 0.999
26 - INFO - chord#: 106 done. best_score=146.0, changed=612, unchanged=264, early_stops=8/8
26 - INFO - chord#: 108 In build_straw_man_chord_sa. tolerance = 1, sa_iterations = 1000, initial_temperature = 3.0, cooling_rate = 0.999
26 - INFO - chord#: 108 done. best_score=27.0, changed=521, unchanged=421, early_stops=8/8
26 - INFO - chord#: 110 In build_straw_man_chord_sa. tolerance = 1, sa_iterations = 1000, initial_temperature = 3.0, cooling_rate = 0.999
26 - INFO - chord#: 87 done. best_score=82.0, changed=611, unchanged=391, early_stops=8/8
26 - INFO - chord#: 88 In build_straw_man_chord_sa. tolerance = 1, sa_iterations = 1000, initial_temperature = 3.0, cooling_rate = 0.999
26 - INFO - chord#: 110 done. best_score=36.0, changed=525, unchanged=429, early_stops=8/8
26 - INFO - chord#: 112 In build_straw_man_chord_sa. tolerance = 1, sa_iterations = 1000, initial_temperature = 3.0, cooling_rate = 0.999
26 - INFO - chord#: 87 done. best_score=108.0, changed=612, unchanged=258, early_stops=8/8
26 - INFO - chord#: 88 In build_straw_man_chord_sa. tolerance = 1, sa_iterations = 1000, initial_temperature = 3.0, cooling_rate = 0.999
26 - INFO - chord#: 106 done. best_score=64.0, changed=613, unchanged=271, early_stops=8/8
26 - INFO - chord#: 108 In build_straw_man_chord_sa. tolerance = 1, sa_iterations = 1000, initial_temperature = 3.0, cooling_rate = 0.999
26 - INFO - chord#: 87 done. best_score=82.0, changed=611, unchanged=379, early_stops=8/8
26 - INFO - chord#: 88 In build_straw_man_chord_sa. tolerance = 1, sa_iterations = 1000, initial_temperature = 3.0, cooling_rate = 0.999
26 - INFO - chord#: 108 done. best_score=27.0, changed=518, unchanged=372, early_stops=8/8
26 - INFO - chord#: 110 In build_straw_man_chord_sa. tolerance = 1, sa_iterations = 1000, initial_temperature = 3.0, cooling_rate = 0.999
26 - INFO - chord#: 110 done. best_score=36.0, changed=526, unchanged=457, early_stops=8/8
26 - INFO - chord#: 112 In build_straw_man_chord_sa. tolerance = 1, sa_iterations = 1000, initial_temperature = 3.0, cooling_rate = 0.999
26 - INFO - chord#: 110 done. best_score=36.0, changed=524, unchanged=442, early_stops=8/8
26 - INFO - chord#: 112 In build_straw_man_chord_sa. tolerance = 1, sa_iterations = 1000, initial_temperature = 3.0, cooling_rate = 0.999
26 - INFO - chord#: 112 done. best_score=27.0, changed=515, unchanged=396, early_stops=8/8
26 - INFO - chord#: 114 In build_straw_man_chord_sa. tolerance = 1, sa_iterations = 1000, initial_temperature = 3.0, cooling_rate = 0.999
26 - INFO - chord#: 108 done. best_score=27.0, changed=517, unchanged=388, early_stops=8/8
26 - INFO - chord#: 110 In build_straw_man_chord_sa. tolerance = 1, sa_iterations = 1000, initial_temperature = 3.0, cooling_rate = 0.999
26 - INFO - chord#: 87 done. best_score=82.0, changed=613, unchanged=363, early_stops=8/8
26 - INFO - chord#: 88 In build_straw_man_chord_sa. tolerance = 1, sa_iterations = 1000, initial_temperature = 3.0, cooling_rate = 0.999
26 - INFO - chord#: 88 done. best_score=78.0, changed=608, unchanged=237, early_stops=8/8
26 - INFO - chord#: 90 In build_straw_man_chord_sa. tolerance = 1, sa_iterations = 1000, initial_temperature = 3.0, cooling_rate = 0.999
26 - INFO - chord#: 87 done. best_score=82.0, changed=615, unchanged=396, early_stops=8/8
26 - INFO - chord#: 88 In build_straw_man_chord_sa. tolerance = 1, sa_iterations = 1000, initial_temperature = 3.0, cooling_rate = 0.999
26 - INFO - chord#: 110 done. best_score=36.0, changed=523, unchanged=352, early_stops=8/8
26 - INFO - chord#: 112 In build_straw_man_chord_sa. tolerance = 1, sa_iterations = 1000, initial_temperature = 3.0, cooling_rate = 0.999
26 - INFO - chord#: 106 done. best_score=64.0, changed=613, unchanged=341, early_stops=8/8
26 - INFO - chord#: 108 In build_straw_man_chord_sa. tolerance = 1, sa_iterations = 1000, initial_temperature = 3.0, cooling_rate = 0.999
26 - INFO - chord#: 112 done. best_score=27.0, changed=523, unchanged=437, early_stops=8/8
26 - INFO - chord#: 114 In build_straw_man_chord_sa. tolerance = 1, sa_iterations = 1000, initial_temperature = 3.0, cooling_rate = 0.999
26 - INFO - chord#: 112 done. best_score=27.0, changed=518, unchanged=359, early_stops=8/8
26 - INFO - chord#: 114 In build_straw_man_chord_sa. tolerance = 1, sa_iterations = 1000, initial_temperature = 3.0, cooling_rate = 0.999
26 - INFO - chord#: 110 done. best_score=36.0, changed=521, unchanged=368, early_stops=8/8
26 - INFO - chord#: 112 In build_straw_man_chord_sa. tolerance = 1, sa_iterations = 1000, initial_temperature = 3.0, cooling_rate = 0.999
26 - INFO - chord#: 108 done. best_score=27.0, changed=517, unchanged=345, early_stops=8/8
26 - INFO - chord#: 88 done. best_score=140.0, changed=606, unchanged=311, early_stops=8/8
26 - INFO - chord#: 90 In build_straw_man_chord_sa. tolerance = 1, sa_iterations = 1000, initial_temperature = 3.0, cooling_rate = 0.999
26 - INFO - chord#: 110 In build_straw_man_chord_sa. tolerance = 1, sa_iterations = 1000, initial_temperature = 3.0, cooling_rate = 0.999
26 - INFO - chord#: 88 done. best_score=78.0, changed=610, unchanged=226, early_stops=8/8
26 - INFO - chord#: 90 In build_straw_man_chord_sa. tolerance = 1, sa_iterations = 1000, initial_temperature = 3.0, cooling_rate = 0.999
26 - INFO - chord#: 112 done. best_score=27.0, changed=532, unchanged=558, early_stops=8/8
26 - INFO - chord#: 114 In build_straw_man_chord_sa. tolerance = 1, sa_iterations = 1000, initial_temperature = 3.0, cooling_rate = 0.999
26 - INFO - chord#: 114 done. best_score=70.0, changed=610, unchanged=246, early_stops=8/8
26 - INFO - chord#: 88 done. best_score=125.0, changed=612, unchanged=312, early_stops=8/8
26 - INFO - chord#: 116 In build_straw_man_chord_sa. tolerance = 1, sa_iterations = 1000, initial_temperature = 3.0, cooling_rate = 0.999
26 - INFO - chord#: 90 In build_straw_man_chord_sa. tolerance = 1, sa_iterations = 1000, initial_temperature = 3.0, cooling_rate = 0.999
26 - INFO - chord#: 90 done. best_score=27.0, changed=522, unchanged=540, early_stops=8/8
26 - INFO - chord#: 91 In build_straw_man_chord_sa. tolerance = 1, sa_iterations = 1000, initial_temperature = 3.0, cooling_rate = 0.999
26 - INFO - chord#: 112 done. best_score=27.0, changed=512, unchanged=416, early_stops=8/8
26 - INFO - chord#: 114 In build_straw_man_chord_sa. tolerance = 1, sa_iterations = 1000, initial_temperature = 3.0, cooling_rate = 0.999
26 - INFO - chord#: 114 done. best_score=145.0, changed=609, unchanged=222, early_stops=8/8
26 - INFO - chord#: 116 In build_straw_man_chord_sa. tolerance = 1, sa_iterations = 1000, initial_temperature = 3.0, cooling_rate = 0.999
26 - INFO - chord#: 110 done. best_score=36.0, changed=524, unchanged=363, early_stops=8/8
26 - INFO - chord#: 112 In build_straw_man_chord_sa. tolerance = 1, sa_iterations = 1000, initial_temperature = 3.0, cooling_rate = 0.999
26 - INFO - chord#: 116 done. best_score=27.0, changed=525, unchanged=422, early_stops=8/8
26 - INFO - chord#: 118 In build_straw_man_chord_sa. tolerance = 1, sa_iterations = 1000, initial_temperature = 3.0, cooling_rate = 0.999
26 - INFO - chord#: 88 done. best_score=67.0, changed=609, unchanged=209, early_stops=8/8
26 - INFO - chord#: 90 In build_straw_man_chord_sa. tolerance = 1, sa_iterations = 1000, initial_temperature = 3.0, cooling_rate = 0.999
26 - INFO - chord#: 114 done. best_score=70.0, changed=615, unchanged=378, early_stops=8/8
26 - INFO - chord#: 116 In build_straw_man_chord_sa. tolerance = 1, sa_iterations = 1000, initial_temperature = 3.0, cooling_rate = 0.999
26 - INFO - chord#: 90 done. best_score=27.0, changed=522, unchanged=401, early_stops=8/8
26 - INFO - chord#: 91 In build_straw_man_chord_sa. tolerance = 1, sa_iterations = 1000, initial_temperature = 3.0, cooling_rate = 0.999
26 - INFO - chord#: 90 done. best_score=27.0, changed=522, unchanged=504, early_stops=8/8
26 - INFO - chord#: 91 In build_straw_man_chord_sa. tolerance = 1, sa_iterations = 1000, initial_temperature = 3.0, cooling_rate = 0.999
26 - INFO - chord#: 90 done. best_score=27.0, changed=526, unchanged=522, early_stops=8/8
26 - INFO - chord#: 91 In build_straw_man_chord_sa. tolerance = 1, sa_iterations = 1000, initial_temperature = 3.0, cooling_rate = 0.999
26 - INFO - chord#: 116 done. best_score=61.0, changed=521, unchanged=302, early_stops=8/8
26 - INFO - chord#: 118 In build_straw_man_chord_sa. tolerance = 1, sa_iterations = 1000, initial_temperature = 3.0, cooling_rate = 0.999
26 - INFO - chord#: 88 done. best_score=67.0, changed=613, unchanged=478, early_stops=8/8
26 - INFO - chord#: 90 In build_straw_man_chord_sa. tolerance = 1, sa_iterations = 1000, initial_temperature = 3.0, cooling_rate = 0.999
26 - INFO - chord#: 112 done. best_score=27.0, changed=522, unchanged=446, early_stops=8/8
26 - INFO - chord#: 114 In build_straw_man_chord_sa. tolerance = 1, sa_iterations = 1000, initial_temperature = 3.0, cooling_rate = 0.999
26 - INFO - chord#: 116 done. best_score=27.0, changed=520, unchanged=355, early_stops=8/8
26 - INFO - chord#: 118 In build_straw_man_chord_sa. tolerance = 1, sa_iterations = 1000, initial_temperature = 3.0, cooling_rate = 0.999
26 - INFO - chord#: 118 done. best_score=27.0, changed=517, unchanged=402, early_stops=8/8
26 - INFO - chord#: 120 In build_straw_man_chord_sa. tolerance = 1, sa_iterations = 1000, initial_temperature = 3.0, cooling_rate = 0.999
26 - INFO - chord#: 114 done. best_score=70.0, changed=615, unchanged=323, early_stops=8/8
26 - INFO - chord#: 116 In build_straw_man_chord_sa. tolerance = 1, sa_iterations = 1000, initial_temperature = 3.0, cooling_rate = 0.999
26 - INFO - chord#: 118 done. best_score=27.0, changed=527, unchanged=471, early_stops=8/8
26 - INFO - chord#: 120 In build_straw_man_chord_sa. tolerance = 1, sa_iterations = 1000, initial_temperature = 3.0, cooling_rate = 0.999
26 - INFO - chord#: 114 done. best_score=70.0, changed=618, unchanged=535, early_stops=8/8
26 - INFO - chord#: 116 In build_straw_man_chord_sa. tolerance = 1, sa_iterations = 1000, initial_temperature = 3.0, cooling_rate = 0.999
26 - INFO - chord#: 90 done. best_score=27.0, changed=524, unchanged=659, early_stops=8/8
26 - INFO - chord#: 91 In build_straw_man_chord_sa. tolerance = 1, sa_iterations = 1000, initial_temperature = 3.0, cooling_rate = 0.999
26 - INFO - chord#: 90 done. best_score=27.0, changed=517, unchanged=326, early_stops=8/8
26 - INFO - chord#: 91 In build_straw_man_chord_sa. tolerance = 1, sa_iterations = 1000, initial_temperature = 3.0, cooling_rate = 0.999
26 - INFO - chord#: 120 done. best_score=36.0, changed=522, unchanged=433, early_stops=8/8
26 - INFO - chord#: 124 In build_straw_man_chord_sa. tolerance = 1, sa_iterations = 1000, initial_temperature = 3.0, cooling_rate = 0.999
26 - INFO - chord#: 91 done. best_score=67.0, changed=612, unchanged=297, early_stops=8/8
26 - INFO - chord#: 92 In build_straw_man_chord_sa. tolerance = 1, sa_iterations = 1000, initial_temperature = 3.0, cooling_rate = 0.999
26 - INFO - chord#: 118 done. best_score=27.0, changed=526, unchanged=579, early_stops=8/8
26 - INFO - chord#: 120 In build_straw_man_chord_sa. tolerance = 1, sa_iterations = 1000, initial_temperature = 3.0, cooling_rate = 0.999
26 - INFO - chord#: 116 done. best_score=27.0, changed=520, unchanged=371, early_stops=8/8
26 - INFO - chord#: 118 In build_straw_man_chord_sa. tolerance = 1, sa_iterations = 1000, initial_temperature = 3.0, cooling_rate = 0.999
26 - INFO - chord#: 120 done. best_score=27.0, changed=521, unchanged=407, early_stops=8/8
26 - INFO - chord#: 124 In build_straw_man_chord_sa. tolerance = 1, sa_iterations = 1000, initial_temperature = 3.0, cooling_rate = 0.999
26 - INFO - chord#: 116 done. best_score=27.0, changed=522, unchanged=428, early_stops=8/8
26 - INFO - chord#: 118 In build_straw_man_chord_sa. tolerance = 1, sa_iterations = 1000, initial_temperature = 3.0, cooling_rate = 0.999
26 - INFO - chord#: 91 done. best_score=167.0, changed=611, unchanged=272, early_stops=8/8
26 - INFO - chord#: 92 In build_straw_man_chord_sa. tolerance = 1, sa_iterations = 1000, initial_temperature = 3.0, cooling_rate = 0.999
26 - INFO - chord#: 124 done. best_score=27.0, changed=517, unchanged=420, early_stops=8/8
26 - INFO - chord#: 128 In build_straw_man_chord_sa. tolerance = 1, sa_iterations = 1000, initial_temperature = 3.0, cooling_rate = 0.999
26 - INFO - chord#: 92 done. best_score=27.0, changed=528, unchanged=447, early_stops=8/8
26 - INFO - chord#: 96 In build_straw_man_chord_sa. tolerance = 1, sa_iterations = 1000, initial_temperature = 3.0, cooling_rate = 0.999
26 - INFO - chord#: 120 done. best_score=27.0, changed=520, unchanged=380, early_stops=8/8
26 - INFO - chord#: 124 In build_straw_man_chord_sa. tolerance = 1, sa_iterations = 1000, initial_temperature = 3.0, cooling_rate = 0.999
26 - INFO - chord#: 114 done. best_score=70.0, changed=613, unchanged=389, early_stops=8/8
26 - INFO - chord#: 116 In build_straw_man_chord_sa. tolerance = 1, sa_iterations = 1000, initial_temperature = 3.0, cooling_rate = 0.999
26 - INFO - chord#: 91 done. best_score=67.0, changed=613, unchanged=345, early_stops=8/8
26 - INFO - chord#: 92 In build_straw_man_chord_sa. tolerance = 1, sa_iterations = 1000, initial_temperature = 3.0, cooling_rate = 0.999
26 - INFO - chord#: 91 done. best_score=145.0, changed=611, unchanged=326, early_stops=8/8
26 - INFO - chord#: 92 In build_straw_man_chord_sa. tolerance = 1, sa_iterations = 1000, initial_temperature = 3.0, cooling_rate = 0.999
26 - INFO - chord#: 118 done. best_score=27.0, changed=524, unchanged=453, early_stops=8/8
26 - INFO - chord#: 120 In build_straw_man_chord_sa. tolerance = 1, sa_iterations = 1000, initial_temperature = 3.0, cooling_rate = 0.999
26 - INFO - chord#: 124 done. best_score=27.0, changed=523, unchanged=477, early_stops=8/8
26 - INFO - chord#: 128 In build_straw_man_chord_sa. tolerance = 1, sa_iterations = 1000, initial_temperature = 3.0, cooling_rate = 0.999
26 - INFO - chord#: 118 done. best_score=27.0, changed=534, unchanged=642, early_stops=8/8
26 - INFO - chord#: 120 In build_straw_man_chord_sa. tolerance = 1, sa_iterations = 1000, initial_temperature = 3.0, cooling_rate = 0.999
26 - INFO - chord#: 128 done. best_score=27.0, changed=516, unchanged=322, early_stops=8/8
26 - INFO - chord#: 130 In build_straw_man_chord_sa. tolerance = 1, sa_iterations = 1000, initial_temperature = 3.0, cooling_rate = 0.999
26 - INFO - chord#: 92 done. best_score=27.0, changed=526, unchanged=421, early_stops=8/8
26 - INFO - chord#: 96 In build_straw_man_chord_sa. tolerance = 1, sa_iterations = 1000, initial_temperature = 3.0, cooling_rate = 0.999
26 - INFO - chord#: 96 done. best_score=27.0, changed=523, unchanged=322, early_stops=8/8
26 - INFO - chord#: 100 In build_straw_man_chord_sa. tolerance = 1, sa_iterations = 1000, initial_temperature = 3.0, cooling_rate = 0.999
26 - INFO - chord#: 116 done. best_score=27.0, changed=523, unchanged=439, early_stops=8/8
26 - INFO - chord#: 118 In build_straw_man_chord_sa. tolerance = 1, sa_iterations = 1000, initial_temperature = 3.0, cooling_rate = 0.999
26 - INFO - chord#: 124 done. best_score=27.0, changed=516, unchanged=469, early_stops=8/8
26 - INFO - chord#: 128 In build_straw_man_chord_sa. tolerance = 1, sa_iterations = 1000, initial_temperature = 3.0, cooling_rate = 0.999
26 - INFO - chord#: 92 done. best_score=27.0, changed=521, unchanged=326, early_stops=8/8
26 - INFO - chord#: 96 In build_straw_man_chord_sa. tolerance = 1, sa_iterations = 1000, initial_temperature = 3.0, cooling_rate = 0.999
26 - INFO - chord#: 120 done. best_score=27.0, changed=510, unchanged=324, early_stops=8/8
26 - INFO - chord#: 124 In build_straw_man_chord_sa. tolerance = 1, sa_iterations = 1000, initial_temperature = 3.0, cooling_rate = 0.999
26 - INFO - chord#: 91 done. best_score=67.0, changed=614, unchanged=230, early_stops=8/8
26 - INFO - chord#: 92 In build_straw_man_chord_sa. tolerance = 1, sa_iterations = 1000, initial_temperature = 3.0, cooling_rate = 0.999
26 - INFO - chord#: 128 done. best_score=27.0, changed=529, unchanged=399, early_stops=8/8
26 - INFO - chord#: 130 In build_straw_man_chord_sa. tolerance = 1, sa_iterations = 1000, initial_temperature = 3.0, cooling_rate = 0.999
26 - INFO - chord#: 92 done. best_score=27.0, changed=524, unchanged=533, early_stops=8/8
26 - INFO - chord#: 96 In build_straw_man_chord_sa. tolerance = 1, sa_iterations = 1000, initial_temperature = 3.0, cooling_rate = 0.999
26 - INFO - chord#: 120 done. best_score=27.0, changed=528, unchanged=424, early_stops=8/8
26 - INFO - chord#: 124 In build_straw_man_chord_sa. tolerance = 1, sa_iterations = 1000, initial_temperature = 3.0, cooling_rate = 0.999
26 - INFO - chord#: 91 done. best_score=137.0, changed=615, unchanged=403, early_stops=8/8
26 - INFO - chord#: 92 In build_straw_man_chord_sa. tolerance = 1, sa_iterations = 1000, initial_temperature = 3.0, cooling_rate = 0.999
26 - INFO - chord#: 130 done. best_score=36.0, changed=525, unchanged=424, early_stops=8/8
26 - INFO - chord#: 132 In build_straw_man_chord_sa. tolerance = 1, sa_iterations = 1000, initial_temperature = 3.0, cooling_rate = 0.999
26 - INFO - chord#: 96 done. best_score=36.0, changed=523, unchanged=392, early_stops=8/8
26 - INFO - chord#: 100 In build_straw_man_chord_sa. tolerance = 1, sa_iterations = 1000, initial_temperature = 3.0, cooling_rate = 0.999
26 - INFO - chord#: 128 done. best_score=27.0, changed=519, unchanged=431, early_stops=8/8
26 - INFO - chord#: 130 In build_straw_man_chord_sa. tolerance = 1, sa_iterations = 1000, initial_temperature = 3.0, cooling_rate = 0.999
26 - INFO - chord#: 118 done. best_score=27.0, changed=518, unchanged=416, early_stops=8/8
26 - INFO - chord#: 120 In build_straw_man_chord_sa. tolerance = 1, sa_iterations = 1000, initial_temperature = 3.0, cooling_rate = 0.999
26 - INFO - chord#: 124 done. best_score=27.0, changed=525, unchanged=494, early_stops=8/8
26 - INFO - chord#: 128 In build_straw_man_chord_sa. tolerance = 1, sa_iterations = 1000, initial_temperature = 3.0, cooling_rate = 0.999
26 - INFO - chord#: 100 done. best_score=27.0, changed=523, unchanged=396, early_stops=8/8
26 - INFO - chord#: 102 In build_straw_man_chord_sa. tolerance = 1, sa_iterations = 1000, initial_temperature = 3.0, cooling_rate = 0.999
26 - INFO - chord#: 92 done. best_score=27.0, changed=521, unchanged=381, early_stops=8/8
26 - INFO - chord#: 96 In build_straw_man_chord_sa. tolerance = 1, sa_iterations = 1000, initial_temperature = 3.0, cooling_rate = 0.999
26 - INFO - chord#: 130 done. best_score=36.0, changed=514, unchanged=324, early_stops=8/8
26 - INFO - chord#: 132 In build_straw_man_chord_sa. tolerance = 1, sa_iterations = 1000, initial_temperature = 3.0, cooling_rate = 0.999
26 - INFO - chord#: 124 done. best_score=27.0, changed=525, unchanged=409, early_stops=8/8
26 - INFO - chord#: 128 In build_straw_man_chord_sa. tolerance = 1, sa_iterations = 1000, initial_temperature = 3.0, cooling_rate = 0.999
26 - INFO - chord#: 96 done. best_score=27.0, changed=528, unchanged=499, early_stops=8/8
26 - INFO - chord#: 100 In build_straw_man_chord_sa. tolerance = 1, sa_iterations = 1000, initial_temperature = 3.0, cooling_rate = 0.999
26 - INFO - chord#: 132 done. best_score=27.0, changed=524, unchanged=381, early_stops=8/8
26 - INFO - chord#: 134 In build_straw_man_chord_sa. tolerance = 1, sa_iterations = 1000, initial_temperature = 3.0, cooling_rate = 0.999
26 - INFO - chord#: 92 done. best_score=27.0, changed=528, unchanged=418, early_stops=8/8
26 - INFO - chord#: 96 In build_straw_man_chord_sa. tolerance = 1, sa_iterations = 1000, initial_temperature = 3.0, cooling_rate = 0.999
26 - INFO - chord#: 96 done. best_score=27.0, changed=528, unchanged=434, early_stops=8/8
26 - INFO - chord#: 100 In build_straw_man_chord_sa. tolerance = 1, sa_iterations = 1000, initial_temperature = 3.0, cooling_rate = 0.999
26 - INFO - chord#: 120 done. best_score=27.0, changed=523, unchanged=489, early_stops=8/8
26 - INFO - chord#: 124 In build_straw_man_chord_sa. tolerance = 1, sa_iterations = 1000, initial_temperature = 3.0, cooling_rate = 0.999
26 - INFO - chord#: 130 done. best_score=36.0, changed=513, unchanged=342, early_stops=8/8
26 - INFO - chord#: 132 In build_straw_man_chord_sa. tolerance = 1, sa_iterations = 1000, initial_temperature = 3.0, cooling_rate = 0.999
26 - INFO - chord#: 128 done. best_score=27.0, changed=515, unchanged=326, early_stops=8/8
26 - INFO - chord#: 130 In build_straw_man_chord_sa. tolerance = 1, sa_iterations = 1000, initial_temperature = 3.0, cooling_rate = 0.999
26 - INFO - chord#: 100 done. best_score=27.0, changed=522, unchanged=491, early_stops=8/8
26 - INFO - chord#: 102 In build_straw_man_chord_sa. tolerance = 1, sa_iterations = 1000, initial_temperature = 3.0, cooling_rate = 0.999
26 - INFO - chord#: 132 done. best_score=27.0, changed=519, unchanged=380, early_stops=8/8
26 - INFO - chord#: 134 In build_straw_man_chord_sa. tolerance = 1, sa_iterations = 1000, initial_temperature = 3.0, cooling_rate = 0.999
26 - INFO - chord#: 128 done. best_score=27.0, changed=517, unchanged=312, early_stops=8/8
26 - INFO - chord#: 130 In build_straw_man_chord_sa. tolerance = 1, sa_iterations = 1000, initial_temperature = 3.0, cooling_rate = 0.999
26 - INFO - chord#: 100 done. best_score=27.0, changed=518, unchanged=384, early_stops=8/8
26 - INFO - chord#: 102 In build_straw_man_chord_sa. tolerance = 1, sa_iterations = 1000, initial_temperature = 3.0, cooling_rate = 0.999
26 - INFO - chord#: 96 done. best_score=27.0, changed=524, unchanged=399, early_stops=8/8
26 - INFO - chord#: 100 In build_straw_man_chord_sa. tolerance = 1, sa_iterations = 1000, initial_temperature = 3.0, cooling_rate = 0.999
26 - INFO - chord#: 96 done. best_score=27.0, changed=515, unchanged=387, early_stops=8/8
26 - INFO - chord#: 100 In build_straw_man_chord_sa. tolerance = 1, sa_iterations = 1000, initial_temperature = 3.0, cooling_rate = 0.999
26 - INFO - chord#: 100 done. best_score=27.0, changed=527, unchanged=411, early_stops=8/8
26 - INFO - chord#: 102 In build_straw_man_chord_sa. tolerance = 1, sa_iterations = 1000, initial_temperature = 3.0, cooling_rate = 0.999
26 - INFO - chord#: 124 done. best_score=27.0, changed=512, unchanged=376, early_stops=8/8
26 - INFO - chord#: 128 In build_straw_man_chord_sa. tolerance = 1, sa_iterations = 1000, initial_temperature = 3.0, cooling_rate = 0.999
26 - INFO - chord#: 132 done. best_score=27.0, changed=525, unchanged=372, early_stops=8/8
26 - INFO - chord#: 134 In build_straw_man_chord_sa. tolerance = 1, sa_iterations = 1000, initial_temperature = 3.0, cooling_rate = 0.999
26 - INFO - chord#: 130 done. best_score=36.0, changed=522, unchanged=306, early_stops=8/8
26 - INFO - chord#: 132 In build_straw_man_chord_sa. tolerance = 1, sa_iterations = 1000, initial_temperature = 3.0, cooling_rate = 0.999
26 - INFO - chord#: 130 done. best_score=36.0, changed=511, unchanged=371, early_stops=8/8
26 - INFO - chord#: 132 In build_straw_man_chord_sa. tolerance = 1, sa_iterations = 1000, initial_temperature = 3.0, cooling_rate = 0.999
26 - INFO - chord#: 100 done. best_score=27.0, changed=534, unchanged=422, early_stops=8/8
26 - INFO - chord#: 102 In build_straw_man_chord_sa. tolerance = 1, sa_iterations = 1000, initial_temperature = 3.0, cooling_rate = 0.999
26 - INFO - chord#: 100 done. best_score=27.0, changed=519, unchanged=400, early_stops=8/8
26 - INFO - chord#: 102 In build_straw_man_chord_sa. tolerance = 1, sa_iterations = 1000, initial_temperature = 3.0, cooling_rate = 0.999
26 - INFO - chord#: 128 done. best_score=27.0, changed=529, unchanged=435, early_stops=8/8
26 - INFO - chord#: 130 In build_straw_man_chord_sa. tolerance = 1, sa_iterations = 1000, initial_temperature = 3.0, cooling_rate = 0.999
26 - INFO - chord#: 132 done. best_score=27.0, changed=516, unchanged=374, early_stops=8/8
26 - INFO - chord#: 134 In build_straw_man_chord_sa. tolerance = 1, sa_iterations = 1000, initial_temperature = 3.0, cooling_rate = 0.999
26 - INFO - chord#: 102 done. best_score=96.0, changed=611, unchanged=304, early_stops=8/8
26 - INFO - chord#: 104 In build_straw_man_chord_sa. tolerance = 1, sa_iterations = 1000, initial_temperature = 3.0, cooling_rate = 0.999
26 - INFO - chord#: 134 done. best_score=70.0, changed=609, unchanged=387, early_stops=8/8
26 - INFO - chord#: 136 In build_straw_man_chord_sa. tolerance = 1, sa_iterations = 1000, initial_temperature = 3.0, cooling_rate = 0.999
26 - INFO - chord#: 134 done. best_score=149.0, changed=607, unchanged=308, early_stops=8/8
26 - INFO - chord#: 136 In build_straw_man_chord_sa. tolerance = 1, sa_iterations = 1000, initial_temperature = 3.0, cooling_rate = 0.999
26 - INFO - chord#: 102 done. best_score=74.0, changed=607, unchanged=222, early_stops=8/8
26 - INFO - chord#: 104 In build_straw_man_chord_sa. tolerance = 1, sa_iterations = 1000, initial_temperature = 3.0, cooling_rate = 0.999
26 - INFO - chord#: 132 done. best_score=27.0, changed=527, unchanged=438, early_stops=8/8
26 - INFO - chord#: 134 In build_straw_man_chord_sa. tolerance = 1, sa_iterations = 1000, initial_temperature = 3.0, cooling_rate = 0.999
26 - INFO - chord#: 136 done. best_score=27.0, changed=519, unchanged=309, early_stops=8/8
26 - INFO - chord#: 138 In build_straw_man_chord_sa. tolerance = 1, sa_iterations = 1000, initial_temperature = 3.0, cooling_rate = 0.999
26 - INFO - chord#: 130 done. best_score=36.0, changed=524, unchanged=372, early_stops=8/8
26 - INFO - chord#: 132 In build_straw_man_chord_sa. tolerance = 1, sa_iterations = 1000, initial_temperature = 3.0, cooling_rate = 0.999
26 - INFO - chord#: 104 done. best_score=27.0, changed=517, unchanged=415, early_stops=8/8
26 - INFO - chord#: 106 In build_straw_man_chord_sa. tolerance = 1, sa_iterations = 1000, initial_temperature = 3.0, cooling_rate = 0.999
26 - INFO - chord#: 136 done. best_score=27.0, changed=521, unchanged=447, early_stops=8/8
26 - INFO - chord#: 138 In build_straw_man_chord_sa. tolerance = 1, sa_iterations = 1000, initial_temperature = 3.0, cooling_rate = 0.999
26 - INFO - chord#: 104 done. best_score=27.0, changed=521, unchanged=366, early_stops=8/8
26 - INFO - chord#: 106 In build_straw_man_chord_sa. tolerance = 1, sa_iterations = 1000, initial_temperature = 3.0, cooling_rate = 0.999
26 - INFO - chord#: 134 done. best_score=104.0, changed=611, unchanged=403, early_stops=8/8
26 - INFO - chord#: 136 In build_straw_man_chord_sa. tolerance = 1, sa_iterations = 1000, initial_temperature = 3.0, cooling_rate = 0.999
26 - INFO - chord#: 102 done. best_score=74.0, changed=618, unchanged=454, early_stops=8/8
26 - INFO - chord#: 104 In build_straw_man_chord_sa. tolerance = 1, sa_iterations = 1000, initial_temperature = 3.0, cooling_rate = 0.999
26 - INFO - chord#: 132 done. best_score=27.0, changed=516, unchanged=390, early_stops=8/8
26 - INFO - chord#: 134 In build_straw_man_chord_sa. tolerance = 1, sa_iterations = 1000, initial_temperature = 3.0, cooling_rate = 0.999
26 - INFO - chord#: 102 done. best_score=74.0, changed=615, unchanged=472, early_stops=8/8
26 - INFO - chord#: 104 In build_straw_man_chord_sa. tolerance = 1, sa_iterations = 1000, initial_temperature = 3.0, cooling_rate = 0.999
26 - INFO - chord#: 102 done. best_score=74.0, changed=609, unchanged=249, early_stops=8/8
26 - INFO - chord#: 104 In build_straw_man_chord_sa. tolerance = 1, sa_iterations = 1000, initial_temperature = 3.0, cooling_rate = 0.999
26 - INFO - chord#: 102 done. best_score=74.0, changed=610, unchanged=258, early_stops=8/8
26 - INFO - chord#: 104 In build_straw_man_chord_sa. tolerance = 1, sa_iterations = 1000, initial_temperature = 3.0, cooling_rate = 0.999
26 - INFO - chord#: 136 done. best_score=27.0, changed=525, unchanged=476, early_stops=8/8
26 - INFO - chord#: 138 In build_straw_man_chord_sa. tolerance = 1, sa_iterations = 1000, initial_temperature = 3.0, cooling_rate = 0.999
26 - INFO - chord#: 104 done. best_score=27.0, changed=523, unchanged=454, early_stops=8/8
26 - INFO - chord#: 106 In build_straw_man_chord_sa. tolerance = 1, sa_iterations = 1000, initial_temperature = 3.0, cooling_rate = 0.999
26 - INFO - chord#: 138 done. best_score=67.0, changed=611, unchanged=290, early_stops=8/8
26 - INFO - chord#: 140 In build_straw_man_chord_sa. tolerance = 1, sa_iterations = 1000, initial_temperature = 3.0, cooling_rate = 0.999
26 - INFO - chord#: 134 done. best_score=70.0, changed=616, unchanged=550, early_stops=8/8
26 - INFO - chord#: 136 In build_straw_man_chord_sa. tolerance = 1, sa_iterations = 1000, initial_temperature = 3.0, cooling_rate = 0.999
26 - INFO - chord#: 104 done. best_score=27.0, changed=525, unchanged=434, early_stops=8/8
26 - INFO - chord#: 106 In build_straw_man_chord_sa. tolerance = 1, sa_iterations = 1000, initial_temperature = 3.0, cooling_rate = 0.999
26 - INFO - chord#: 104 done. best_score=27.0, changed=522, unchanged=463, early_stops=8/8
26 - INFO - chord#: 106 In build_straw_man_chord_sa. tolerance = 1, sa_iterations = 1000, initial_temperature = 3.0, cooling_rate = 0.999
26 - INFO - chord#: 104 done. best_score=27.0, changed=520, unchanged=341, early_stops=8/8
26 - INFO - chord#: 106 In build_straw_man_chord_sa. tolerance = 1, sa_iterations = 1000, initial_temperature = 3.0, cooling_rate = 0.999
26 - INFO - chord#: 134 done. best_score=70.0, changed=614, unchanged=473, early_stops=8/8
26 - INFO - chord#: 136 In build_straw_man_chord_sa. tolerance = 1, sa_iterations = 1000, initial_temperature = 3.0, cooling_rate = 0.999
26 - INFO - chord#: 106 done. best_score=64.0, changed=609, unchanged=227, early_stops=8/8
26 - INFO - chord#: 108 In build_straw_man_chord_sa. tolerance = 1, sa_iterations = 1000, initial_temperature = 3.0, cooling_rate = 0.999
26 - INFO - chord#: 138 done. best_score=67.0, changed=615, unchanged=430, early_stops=8/8
26 - INFO - chord#: 140 In build_straw_man_chord_sa. tolerance = 1, sa_iterations = 1000, initial_temperature = 3.0, cooling_rate = 0.999
26 - INFO - chord#: 140 done. best_score=27.0, changed=515, unchanged=442, early_stops=8/8
26 - INFO - chord#: 142 In build_straw_man_chord_sa. tolerance = 1, sa_iterations = 1000, initial_temperature = 3.0, cooling_rate = 0.999
26 - INFO - chord#: 136 done. best_score=27.0, changed=520, unchanged=392, early_stops=8/8
26 - INFO - chord#: 138 In build_straw_man_chord_sa. tolerance = 1, sa_iterations = 1000, initial_temperature = 3.0, cooling_rate = 0.999
26 - INFO - chord#: 106 done. best_score=64.0, changed=617, unchanged=359, early_stops=8/8
26 - INFO - chord#: 108 In build_straw_man_chord_sa. tolerance = 1, sa_iterations = 1000, initial_temperature = 3.0, cooling_rate = 0.999
26 - INFO - chord#: 136 done. best_score=27.0, changed=524, unchanged=381, early_stops=8/8
26 - INFO - chord#: 138 In build_straw_man_chord_sa. tolerance = 1, sa_iterations = 1000, initial_temperature = 3.0, cooling_rate = 0.999
26 - INFO - chord#: 134 done. best_score=149.0, changed=613, unchanged=404, early_stops=8/8
26 - INFO - chord#: 136 In build_straw_man_chord_sa. tolerance = 1, sa_iterations = 1000, initial_temperature = 3.0, cooling_rate = 0.999
26 - INFO - chord#: 138 done. best_score=67.0, changed=616, unchanged=246, early_stops=8/8
26 - INFO - chord#: 140 In build_straw_man_chord_sa. tolerance = 1, sa_iterations = 1000, initial_temperature = 3.0, cooling_rate = 0.999
26 - INFO - chord#: 140 done. best_score=27.0, changed=528, unchanged=475, early_stops=8/8
26 - INFO - chord#: 142 In build_straw_man_chord_sa. tolerance = 1, sa_iterations = 1000, initial_temperature = 3.0, cooling_rate = 0.999
26 - INFO - chord#: 108 done. best_score=27.0, changed=520, unchanged=395, early_stops=8/8
26 - INFO - chord#: 110 In build_straw_man_chord_sa. tolerance = 1, sa_iterations = 1000, initial_temperature = 3.0, cooling_rate = 0.999
26 - INFO - chord#: 108 done. best_score=27.0, changed=522, unchanged=461, early_stops=8/8
26 - INFO - chord#: 110 In build_straw_man_chord_sa. tolerance = 1, sa_iterations = 1000, initial_temperature = 3.0, cooling_rate = 0.999
26 - INFO - chord#: 136 done. best_score=27.0, changed=521, unchanged=353, early_stops=8/8
26 - INFO - chord#: 138 In build_straw_man_chord_sa. tolerance = 1, sa_iterations = 1000, initial_temperature = 3.0, cooling_rate = 0.999
26 - INFO - chord#: 140 done. best_score=27.0, changed=511, unchanged=349, early_stops=8/8
26 - INFO - chord#: 142 In build_straw_man_chord_sa. tolerance = 1, sa_iterations = 1000, initial_temperature = 3.0, cooling_rate = 0.999
26 - INFO - chord#: 106 done. best_score=64.0, changed=613, unchanged=284, early_stops=8/8
26 - INFO - chord#: 108 In build_straw_man_chord_sa. tolerance = 1, sa_iterations = 1000, initial_temperature = 3.0, cooling_rate = 0.999
26 - INFO - chord#: 106 done. best_score=146.0, changed=611, unchanged=320, early_stops=8/8
26 - INFO - chord#: 108 In build_straw_man_chord_sa. tolerance = 1, sa_iterations = 1000, initial_temperature = 3.0, cooling_rate = 0.999
26 - INFO - chord#: 142 done. best_score=64.0, changed=610, unchanged=292, early_stops=8/8
26 - INFO - chord#: 144 In build_straw_man_chord_sa. tolerance = 1, sa_iterations = 1000, initial_temperature = 3.0, cooling_rate = 0.999
26 - INFO - chord#: 106 done. best_score=146.0, changed=610, unchanged=252, early_stops=8/8
26 - INFO - chord#: 108 In build_straw_man_chord_sa. tolerance = 1, sa_iterations = 1000, initial_temperature = 3.0, cooling_rate = 0.999
26 - INFO - chord#: 106 done. best_score=64.0, changed=618, unchanged=568, early_stops=8/8
26 - INFO - chord#: 108 In build_straw_man_chord_sa. tolerance = 1, sa_iterations = 1000, initial_temperature = 3.0, cooling_rate = 0.999
26 - INFO - chord#: 110 done. best_score=36.0, changed=521, unchanged=357, early_stops=8/8
26 - INFO - chord#: 112 In build_straw_man_chord_sa. tolerance = 1, sa_iterations = 1000, initial_temperature = 3.0, cooling_rate = 0.999
26 - INFO - chord#: 138 done. best_score=67.0, changed=615, unchanged=389, early_stops=8/8
26 - INFO - chord#: 140 In build_straw_man_chord_sa. tolerance = 1, sa_iterations = 1000, initial_temperature = 3.0, cooling_rate = 0.999
26 - INFO - chord#: 138 done. best_score=67.0, changed=611, unchanged=259, early_stops=8/8
26 - INFO - chord#: 140 In build_straw_man_chord_sa. tolerance = 1, sa_iterations = 1000, initial_temperature = 3.0, cooling_rate = 0.999
26 - INFO - chord#: 110 done. best_score=36.0, changed=522, unchanged=369, early_stops=8/8
26 - INFO - chord#: 112 In build_straw_man_chord_sa. tolerance = 1, sa_iterations = 1000, initial_temperature = 3.0, cooling_rate = 0.999
26 - INFO - chord#: 108 done. best_score=27.0, changed=518, unchanged=346, early_stops=8/8
26 - INFO - chord#: 110 In build_straw_man_chord_sa. tolerance = 1, sa_iterations = 1000, initial_temperature = 3.0, cooling_rate = 0.999
26 - INFO - chord#: 142 done. best_score=146.0, changed=611, unchanged=374, early_stops=8/8
26 - INFO - chord#: 144 In build_straw_man_chord_sa. tolerance = 1, sa_iterations = 1000, initial_temperature = 3.0, cooling_rate = 0.999
26 - INFO - chord#: 108 done. best_score=27.0, changed=518, unchanged=387, early_stops=8/8
26 - INFO - chord#: 110 In build_straw_man_chord_sa. tolerance = 1, sa_iterations = 1000, initial_temperature = 3.0, cooling_rate = 0.999
26 - INFO - chord#: 108 done. best_score=27.0, changed=519, unchanged=434, early_stops=8/8
26 - INFO - chord#: 110 In build_straw_man_chord_sa. tolerance = 1, sa_iterations = 1000, initial_temperature = 3.0, cooling_rate = 0.999
26 - INFO - chord#: 108 done. best_score=27.0, changed=521, unchanged=382, early_stops=8/8
26 - INFO - chord#: 110 In build_straw_man_chord_sa. tolerance = 1, sa_iterations = 1000, initial_temperature = 3.0, cooling_rate = 0.999
26 - INFO - chord#: 142 done. best_score=64.0, changed=612, unchanged=285, early_stops=8/8
26 - INFO - chord#: 144 In build_straw_man_chord_sa. tolerance = 1, sa_iterations = 1000, initial_temperature = 3.0, cooling_rate = 0.999
26 - INFO - chord#: 140 done. best_score=27.0, changed=518, unchanged=446, early_stops=8/8
26 - INFO - chord#: 142 In build_straw_man_chord_sa. tolerance = 1, sa_iterations = 1000, initial_temperature = 3.0, cooling_rate = 0.999
26 - INFO - chord#: 140 done. best_score=27.0, changed=522, unchanged=438, early_stops=8/8
26 - INFO - chord#: 142 In build_straw_man_chord_sa. tolerance = 1, sa_iterations = 1000, initial_temperature = 3.0, cooling_rate = 0.999
26 - INFO - chord#: 144 done. best_score=64.0, changed=609, unchanged=234, early_stops=8/8
26 - INFO - chord#: 146 In build_straw_man_chord_sa. tolerance = 1, sa_iterations = 1000, initial_temperature = 3.0, cooling_rate = 0.999
26 - INFO - chord#: 112 done. best_score=27.0, changed=522, unchanged=500, early_stops=8/8
26 - INFO - chord#: 114 In build_straw_man_chord_sa. tolerance = 1, sa_iterations = 1000, initial_temperature = 3.0, cooling_rate = 0.999
26 - INFO - chord#: 112 done. best_score=27.0, changed=523, unchanged=376, early_stops=8/8
26 - INFO - chord#: 114 In build_straw_man_chord_sa. tolerance = 1, sa_iterations = 1000, initial_temperature = 3.0, cooling_rate = 0.999
26 - INFO - chord#: 138 done. best_score=67.0, changed=621, unchanged=480, early_stops=8/8
26 - INFO - chord#: 140 In build_straw_man_chord_sa. tolerance = 1, sa_iterations = 1000, initial_temperature = 3.0, cooling_rate = 0.999
26 - INFO - chord#: 110 done. best_score=36.0, changed=527, unchanged=482, early_stops=8/8
26 - INFO - chord#: 112 In build_straw_man_chord_sa. tolerance = 1, sa_iterations = 1000, initial_temperature = 3.0, cooling_rate = 0.999
26 - INFO - chord#: 110 done. best_score=36.0, changed=525, unchanged=398, early_stops=8/8
26 - INFO - chord#: 112 In build_straw_man_chord_sa. tolerance = 1, sa_iterations = 1000, initial_temperature = 3.0, cooling_rate = 0.999
26 - INFO - chord#: 110 done. best_score=36.0, changed=529, unchanged=437, early_stops=8/8
26 - INFO - chord#: 112 In build_straw_man_chord_sa. tolerance = 1, sa_iterations = 1000, initial_temperature = 3.0, cooling_rate = 0.999
26 - INFO - chord#: 110 done. best_score=36.0, changed=528, unchanged=526, early_stops=8/8
26 - INFO - chord#: 112 In build_straw_man_chord_sa. tolerance = 1, sa_iterations = 1000, initial_temperature = 3.0, cooling_rate = 0.999
26 - INFO - chord#: 146 done. best_score=27.0, changed=521, unchanged=362, early_stops=8/8
26 - INFO - chord#: 147 In build_straw_man_chord_sa. tolerance = 1, sa_iterations = 1000, initial_temperature = 3.0, cooling_rate = 0.999
26 - INFO - chord#: 144 done. best_score=146.0, changed=614, unchanged=286, early_stops=8/8
26 - INFO - chord#: 146 In build_straw_man_chord_sa. tolerance = 1, sa_iterations = 1000, initial_temperature = 3.0, cooling_rate = 0.999
26 - INFO - chord#: 140 done. best_score=27.0, changed=522, unchanged=445, early_stops=8/8
26 - INFO - chord#: 142 In build_straw_man_chord_sa. tolerance = 1, sa_iterations = 1000, initial_temperature = 3.0, cooling_rate = 0.999
26 - INFO - chord#: 144 done. best_score=64.0, changed=615, unchanged=319, early_stops=8/8
26 - INFO - chord#: 146 In build_straw_man_chord_sa. tolerance = 1, sa_iterations = 1000, initial_temperature = 3.0, cooling_rate = 0.999
26 - INFO - chord#: 142 done. best_score=64.0, changed=614, unchanged=377, early_stops=8/8
26 - INFO - chord#: 144 In build_straw_man_chord_sa. tolerance = 1, sa_iterations = 1000, initial_temperature = 3.0, cooling_rate = 0.999
26 - INFO - chord#: 147 done. best_score=36.0, changed=525, unchanged=469, early_stops=8/8
26 - INFO - chord#: 148 In build_straw_man_chord_sa. tolerance = 1, sa_iterations = 1000, initial_temperature = 3.0, cooling_rate = 0.999
26 - INFO - chord#: 112 done. best_score=27.0, changed=530, unchanged=441, early_stops=8/8
26 - INFO - chord#: 114 In build_straw_man_chord_sa. tolerance = 1, sa_iterations = 1000, initial_temperature = 3.0, cooling_rate = 0.999
26 - INFO - chord#: 142 done. best_score=64.0, changed=615, unchanged=503, early_stops=8/8
26 - INFO - chord#: 144 In build_straw_man_chord_sa. tolerance = 1, sa_iterations = 1000, initial_temperature = 3.0, cooling_rate = 0.999
26 - INFO - chord#: 112 done. best_score=27.0, changed=528, unchanged=435, early_stops=8/8
26 - INFO - chord#: 114 In build_straw_man_chord_sa. tolerance = 1, sa_iterations = 1000, initial_temperature = 3.0, cooling_rate = 0.999
26 - INFO - chord#: 112 done. best_score=27.0, changed=518, unchanged=445, early_stops=8/8
26 - INFO - chord#: 114 In build_straw_man_chord_sa. tolerance = 1, sa_iterations = 1000, initial_temperature = 3.0, cooling_rate = 0.999
26 - INFO - chord#: 146 done. best_score=27.0, changed=518, unchanged=420, early_stops=8/8
26 - INFO - chord#: 147 In build_straw_man_chord_sa. tolerance = 1, sa_iterations = 1000, initial_temperature = 3.0, cooling_rate = 0.999
26 - INFO - chord#: 112 done. best_score=27.0, changed=527, unchanged=517, early_stops=8/8
26 - INFO - chord#: 114 In build_straw_man_chord_sa. tolerance = 1, sa_iterations = 1000, initial_temperature = 3.0, cooling_rate = 0.999
26 - INFO - chord#: 146 done. best_score=27.0, changed=514, unchanged=364, early_stops=8/8
26 - INFO - chord#: 147 In build_straw_man_chord_sa. tolerance = 1, sa_iterations = 1000, initial_temperature = 3.0, cooling_rate = 0.999
26 - INFO - chord#: 114 done. best_score=70.0, changed=612, unchanged=404, early_stops=8/8
26 - INFO - chord#: 116 In build_straw_man_chord_sa. tolerance = 1, sa_iterations = 1000, initial_temperature = 3.0, cooling_rate = 0.999
26 - INFO - chord#: 114 done. best_score=149.0, changed=611, unchanged=328, early_stops=8/8
26 - INFO - chord#: 116 In build_straw_man_chord_sa. tolerance = 1, sa_iterations = 1000, initial_temperature = 3.0, cooling_rate = 0.999
26 - INFO - chord#: 148 done. best_score=27.0, changed=515, unchanged=407, early_stops=8/8
26 - INFO - chord#: 150 In build_straw_man_chord_sa. tolerance = 1, sa_iterations = 1000, initial_temperature = 3.0, cooling_rate = 0.999
26 - INFO - chord#: 147 done. best_score=36.0, changed=526, unchanged=373, early_stops=8/8
26 - INFO - chord#: 148 In build_straw_man_chord_sa. tolerance = 1, sa_iterations = 1000, initial_temperature = 3.0, cooling_rate = 0.999
26 - INFO - chord#: 142 done. best_score=146.0, changed=613, unchanged=326, early_stops=8/8
26 - INFO - chord#: 144 In build_straw_man_chord_sa. tolerance = 1, sa_iterations = 1000, initial_temperature = 3.0, cooling_rate = 0.999
26 - INFO - chord#: 147 done. best_score=36.0, changed=524, unchanged=461, early_stops=8/8
26 - INFO - chord#: 148 In build_straw_man_chord_sa. tolerance = 1, sa_iterations = 1000, initial_temperature = 3.0, cooling_rate = 0.999
26 - INFO - chord#: 144 done. best_score=64.0, changed=612, unchanged=272, early_stops=8/8
26 - INFO - chord#: 146 In build_straw_man_chord_sa. tolerance = 1, sa_iterations = 1000, initial_temperature = 3.0, cooling_rate = 0.999
26 - INFO - chord#: 150 done. best_score=27.0, changed=522, unchanged=483, early_stops=8/8
26 - INFO - chord#: 151 In build_straw_man_chord_sa. tolerance = 1, sa_iterations = 1000, initial_temperature = 3.0, cooling_rate = 0.999
26 - INFO - chord#: 116 done. best_score=27.0, changed=519, unchanged=410, early_stops=8/8
26 - INFO - chord#: 118 In build_straw_man_chord_sa. tolerance = 1, sa_iterations = 1000, initial_temperature = 3.0, cooling_rate = 0.999
26 - INFO - chord#: 144 done. best_score=64.0, changed=616, unchanged=414, early_stops=8/8
26 - INFO - chord#: 146 In build_straw_man_chord_sa. tolerance = 1, sa_iterations = 1000, initial_temperature = 3.0, cooling_rate = 0.999
26 - INFO - chord#: 148 done. best_score=27.0, changed=522, unchanged=376, early_stops=8/8
26 - INFO - chord#: 150 In build_straw_man_chord_sa. tolerance = 1, sa_iterations = 1000, initial_temperature = 3.0, cooling_rate = 0.999
26 - INFO - chord#: 148 done. best_score=27.0, changed=521, unchanged=418, early_stops=8/8
26 - INFO - chord#: 150 In build_straw_man_chord_sa. tolerance = 1, sa_iterations = 1000, initial_temperature = 3.0, cooling_rate = 0.999
26 - INFO - chord#: 116 done. best_score=27.0, changed=524, unchanged=546, early_stops=8/8
26 - INFO - chord#: 118 In build_straw_man_chord_sa. tolerance = 1, sa_iterations = 1000, initial_temperature = 3.0, cooling_rate = 0.999
26 - INFO - chord#: 114 done. best_score=70.0, changed=608, unchanged=249, early_stops=8/8
26 - INFO - chord#: 116 In build_straw_man_chord_sa. tolerance = 1, sa_iterations = 1000, initial_temperature = 3.0, cooling_rate = 0.999
26 - INFO - chord#: 114 done. best_score=70.0, changed=617, unchanged=321, early_stops=8/8
26 - INFO - chord#: 116 In build_straw_man_chord_sa. tolerance = 1, sa_iterations = 1000, initial_temperature = 3.0, cooling_rate = 0.999
26 - INFO - chord#: 146 done. best_score=27.0, changed=516, unchanged=449, early_stops=8/8
26 - INFO - chord#: 147 In build_straw_man_chord_sa. tolerance = 1, sa_iterations = 1000, initial_temperature = 3.0, cooling_rate = 0.999
26 - INFO - chord#: 114 done. best_score=70.0, changed=609, unchanged=346, early_stops=8/8
26 - INFO - chord#: 116 In build_straw_man_chord_sa. tolerance = 1, sa_iterations = 1000, initial_temperature = 3.0, cooling_rate = 0.999
26 - INFO - chord#: 114 done. best_score=70.0, changed=616, unchanged=392, early_stops=8/8
26 - INFO - chord#: 116 In build_straw_man_chord_sa. tolerance = 1, sa_iterations = 1000, initial_temperature = 3.0, cooling_rate = 0.999
26 - INFO - chord#: 144 done. best_score=64.0, changed=612, unchanged=287, early_stops=8/8
26 - INFO - chord#: 146 In build_straw_man_chord_sa. tolerance = 1, sa_iterations = 1000, initial_temperature = 3.0, cooling_rate = 0.999
26 - INFO - chord#: 150 done. best_score=27.0, changed=524, unchanged=467, early_stops=8/8
26 - INFO - chord#: 151 In build_straw_man_chord_sa. tolerance = 1, sa_iterations = 1000, initial_temperature = 3.0, cooling_rate = 0.999
26 - INFO - chord#: 118 done. best_score=27.0, changed=521, unchanged=351, early_stops=8/8
26 - INFO - chord#: 120 In build_straw_man_chord_sa. tolerance = 1, sa_iterations = 1000, initial_temperature = 3.0, cooling_rate = 0.999
26 - INFO - chord#: 146 done. best_score=27.0, changed=520, unchanged=404, early_stops=8/8
26 - INFO - chord#: 147 In build_straw_man_chord_sa. tolerance = 1, sa_iterations = 1000, initial_temperature = 3.0, cooling_rate = 0.999
26 - INFO - chord#: 150 done. best_score=27.0, changed=523, unchanged=410, early_stops=8/8
26 - INFO - chord#: 151 In build_straw_man_chord_sa. tolerance = 1, sa_iterations = 1000, initial_temperature = 3.0, cooling_rate = 0.999
26 - INFO - chord#: 118 done. best_score=27.0, changed=516, unchanged=392, early_stops=8/8
26 - INFO - chord#: 120 In build_straw_man_chord_sa. tolerance = 1, sa_iterations = 1000, initial_temperature = 3.0, cooling_rate = 0.999
26 - INFO - chord#: 116 done. best_score=27.0, changed=521, unchanged=431, early_stops=8/8
26 - INFO - chord#: 118 In build_straw_man_chord_sa. tolerance = 1, sa_iterations = 1000, initial_temperature = 3.0, cooling_rate = 0.999
26 - INFO - chord#: 147 done. best_score=36.0, changed=522, unchanged=376, early_stops=8/8
26 - INFO - chord#: 148 In build_straw_man_chord_sa. tolerance = 1, sa_iterations = 1000, initial_temperature = 3.0, cooling_rate = 0.999
26 - INFO - chord#: 116 done. best_score=27.0, changed=518, unchanged=379, early_stops=8/8
26 - INFO - chord#: 118 In build_straw_man_chord_sa. tolerance = 1, sa_iterations = 1000, initial_temperature = 3.0, cooling_rate = 0.999
26 - INFO - chord#: 146 done. best_score=27.0, changed=525, unchanged=416, early_stops=8/8
26 - INFO - chord#: 147 In build_straw_man_chord_sa. tolerance = 1, sa_iterations = 1000, initial_temperature = 3.0, cooling_rate = 0.999
26 - INFO - chord#: 116 done. best_score=27.0, changed=526, unchanged=409, early_stops=8/8
26 - INFO - chord#: 118 In build_straw_man_chord_sa. tolerance = 1, sa_iterations = 1000, initial_temperature = 3.0, cooling_rate = 0.999
26 - INFO - chord#: 116 done. best_score=27.0, changed=530, unchanged=479, early_stops=8/8
26 - INFO - chord#: 118 In build_straw_man_chord_sa. tolerance = 1, sa_iterations = 1000, initial_temperature = 3.0, cooling_rate = 0.999
26 - INFO - chord#: 151 done. best_score=96.0, changed=611, unchanged=372, early_stops=8/8
26 - INFO - chord#: 152 In build_straw_man_chord_sa. tolerance = 1, sa_iterations = 1000, initial_temperature = 3.0, cooling_rate = 0.999
26 - INFO - chord#: 120 done. best_score=27.0, changed=517, unchanged=405, early_stops=8/8
26 - INFO - chord#: 124 In build_straw_man_chord_sa. tolerance = 1, sa_iterations = 1000, initial_temperature = 3.0, cooling_rate = 0.999
26 - INFO - chord#: 147 done. best_score=36.0, changed=531, unchanged=598, early_stops=8/8
26 - INFO - chord#: 148 In build_straw_man_chord_sa. tolerance = 1, sa_iterations = 1000, initial_temperature = 3.0, cooling_rate = 0.999
26 - INFO - chord#: 120 done. best_score=27.0, changed=528, unchanged=479, early_stops=8/8
26 - INFO - chord#: 124 In build_straw_man_chord_sa. tolerance = 1, sa_iterations = 1000, initial_temperature = 3.0, cooling_rate = 0.999
26 - INFO - chord#: 147 done. best_score=36.0, changed=521, unchanged=403, early_stops=8/8
26 - INFO - chord#: 148 In build_straw_man_chord_sa. tolerance = 1, sa_iterations = 1000, initial_temperature = 3.0, cooling_rate = 0.999
26 - INFO - chord#: 118 done. best_score=27.0, changed=523, unchanged=412, early_stops=8/8
26 - INFO - chord#: 120 In build_straw_man_chord_sa. tolerance = 1, sa_iterations = 1000, initial_temperature = 3.0, cooling_rate = 0.999
26 - INFO - chord#: 118 done. best_score=27.0, changed=532, unchanged=567, early_stops=8/8
26 - INFO - chord#: 120 In build_straw_man_chord_sa. tolerance = 1, sa_iterations = 1000, initial_temperature = 3.0, cooling_rate = 0.999
26 - INFO - chord#: 148 done. best_score=27.0, changed=523, unchanged=572, early_stops=8/8
26 - INFO - chord#: 150 In build_straw_man_chord_sa. tolerance = 1, sa_iterations = 1000, initial_temperature = 3.0, cooling_rate = 0.999
26 - INFO - chord#: 148 done. best_score=27.0, changed=522, unchanged=417, early_stops=8/8
26 - INFO - chord#: 150 In build_straw_man_chord_sa. tolerance = 1, sa_iterations = 1000, initial_temperature = 3.0, cooling_rate = 0.999
26 - INFO - chord#: 152 done. best_score=27.0, changed=519, unchanged=421, early_stops=8/8
26 - INFO - chord#: 156 In build_straw_man_chord_sa. tolerance = 1, sa_iterations = 1000, initial_temperature = 3.0, cooling_rate = 0.999
26 - INFO - chord#: 118 done. best_score=27.0, changed=519, unchanged=409, early_stops=8/8
26 - INFO - chord#: 120 In build_straw_man_chord_sa. tolerance = 1, sa_iterations = 1000, initial_temperature = 3.0, cooling_rate = 0.999
26 - INFO - chord#: 118 done. best_score=27.0, changed=523, unchanged=412, early_stops=8/8
26 - INFO - chord#: 120 In build_straw_man_chord_sa. tolerance = 1, sa_iterations = 1000, initial_temperature = 3.0, cooling_rate = 0.999
26 - INFO - chord#: 151 done. best_score=74.0, changed=612, unchanged=332, early_stops=8/8
26 - INFO - chord#: 152 In build_straw_man_chord_sa. tolerance = 1, sa_iterations = 1000, initial_temperature = 3.0, cooling_rate = 0.999
26 - INFO - chord#: 124 done. best_score=27.0, changed=528, unchanged=405, early_stops=8/8
26 - INFO - chord#: 128 In build_straw_man_chord_sa. tolerance = 1, sa_iterations = 1000, initial_temperature = 3.0, cooling_rate = 0.999
26 - INFO - chord#: 148 done. best_score=27.0, changed=513, unchanged=330, early_stops=8/8
26 - INFO - chord#: 150 In build_straw_man_chord_sa. tolerance = 1, sa_iterations = 1000, initial_temperature = 3.0, cooling_rate = 0.999
26 - INFO - chord#: 151 done. best_score=167.0, changed=614, unchanged=511, early_stops=8/8
26 - INFO - chord#: 152 In build_straw_man_chord_sa. tolerance = 1, sa_iterations = 1000, initial_temperature = 3.0, cooling_rate = 0.999
26 - INFO - chord#: 124 done. best_score=27.0, changed=519, unchanged=412, early_stops=8/8
26 - INFO - chord#: 128 In build_straw_man_chord_sa. tolerance = 1, sa_iterations = 1000, initial_temperature = 3.0, cooling_rate = 0.999
26 - INFO - chord#: 150 done. best_score=27.0, changed=528, unchanged=434, early_stops=8/8
26 - INFO - chord#: 151 In build_straw_man_chord_sa. tolerance = 1, sa_iterations = 1000, initial_temperature = 3.0, cooling_rate = 0.999
26 - INFO - chord#: 156 done. best_score=27.0, changed=522, unchanged=329, early_stops=8/8
26 - INFO - chord#: 120 done. best_score=27.0, changed=511, unchanged=310, early_stops=8/8
26 - INFO - chord#: 124 In build_straw_man_chord_sa. tolerance = 1, sa_iterations = 1000, initial_temperature = 3.0, cooling_rate = 0.999
26 - INFO - chord#: 150 done. best_score=27.0, changed=524, unchanged=384, early_stops=8/8
26 - INFO - chord#: 151 In build_straw_man_chord_sa. tolerance = 1, sa_iterations = 1000, initial_temperature = 3.0, cooling_rate = 0.999
26 - INFO - chord#: 120 done. best_score=27.0, changed=520, unchanged=420, early_stops=8/8
26 - INFO - chord#: 124 In build_straw_man_chord_sa. tolerance = 1, sa_iterations = 1000, initial_temperature = 3.0, cooling_rate = 0.999
26 - INFO - chord#: 120 done. best_score=27.0, changed=522, unchanged=504, early_stops=8/8
26 - INFO - chord#: 124 In build_straw_man_chord_sa. tolerance = 1, sa_iterations = 1000, initial_temperature = 3.0, cooling_rate = 0.999
26 - INFO - chord#: 152 done. best_score=27.0, changed=521, unchanged=557, early_stops=8/8
26 - INFO - chord#: 156 In build_straw_man_chord_sa. tolerance = 1, sa_iterations = 1000, initial_temperature = 3.0, cooling_rate = 0.999
26 - INFO - chord#: 150 done. best_score=27.0, changed=524, unchanged=334, early_stops=8/8
26 - INFO - chord#: 151 In build_straw_man_chord_sa. tolerance = 1, sa_iterations = 1000, initial_temperature = 3.0, cooling_rate = 0.999
26 - INFO - chord#: 120 done. best_score=27.0, changed=525, unchanged=531, early_stops=8/8
26 - INFO - chord#: 128 done. best_score=27.0, changed=519, unchanged=361, early_stops=8/8
26 - INFO - chord#: 124 In build_straw_man_chord_sa. tolerance = 1, sa_iterations = 1000, initial_temperature = 3.0, cooling_rate = 0.999
26 - INFO - chord#: 130 In build_straw_man_chord_sa. tolerance = 1, sa_iterations = 1000, initial_temperature = 3.0, cooling_rate = 0.999
26 - INFO - chord#: 152 done. best_score=27.0, changed=516, unchanged=402, early_stops=8/8
26 - INFO - chord#: 156 In build_straw_man_chord_sa. tolerance = 1, sa_iterations = 1000, initial_temperature = 3.0, cooling_rate = 0.999
26 - INFO - chord#: 128 done. best_score=27.0, changed=525, unchanged=445, early_stops=8/8
26 - INFO - chord#: 130 In build_straw_man_chord_sa. tolerance = 1, sa_iterations = 1000, initial_temperature = 3.0, cooling_rate = 0.999
26 - INFO - chord#: 124 done. best_score=27.0, changed=521, unchanged=477, early_stops=8/8
26 - INFO - chord#: 128 In build_straw_man_chord_sa. tolerance = 1, sa_iterations = 1000, initial_temperature = 3.0, cooling_rate = 0.999
26 - INFO - chord#: 156 done. best_score=27.0, changed=536, unchanged=487, early_stops=8/8
26 - INFO - chord#: 156 done. best_score=27.0, changed=513, unchanged=311, early_stops=8/8
26 - INFO - chord#: 124 done. best_score=27.0, changed=516, unchanged=432, early_stops=8/8
26 - INFO - chord#: 128 In build_straw_man_chord_sa. tolerance = 1, sa_iterations = 1000, initial_temperature = 3.0, cooling_rate = 0.999
26 - INFO - chord#: 124 done. best_score=27.0, changed=521, unchanged=514, early_stops=8/8
26 - INFO - chord#: 128 In build_straw_man_chord_sa. tolerance = 1, sa_iterations = 1000, initial_temperature = 3.0, cooling_rate = 0.999
26 - INFO - chord#: 130 done. best_score=36.0, changed=520, unchanged=456, early_stops=8/8
26 - INFO - chord#: 132 In build_straw_man_chord_sa. tolerance = 1, sa_iterations = 1000, initial_temperature = 3.0, cooling_rate = 0.999
26 - INFO - chord#: 151 done. best_score=74.0, changed=609, unchanged=260, early_stops=8/8
26 - INFO - chord#: 152 In build_straw_man_chord_sa. tolerance = 1, sa_iterations = 1000, initial_temperature = 3.0, cooling_rate = 0.999
26 - INFO - chord#: 124 done. best_score=27.0, changed=524, unchanged=503, early_stops=8/8
26 - INFO - chord#: 128 In build_straw_man_chord_sa. tolerance = 1, sa_iterations = 1000, initial_temperature = 3.0, cooling_rate = 0.999
26 - INFO - chord#: 128 done. best_score=27.0, changed=518, unchanged=418, early_stops=8/8
26 - INFO - chord#: 130 In build_straw_man_chord_sa. tolerance = 1, sa_iterations = 1000, initial_temperature = 3.0, cooling_rate = 0.999
26 - INFO - chord#: 151 done. best_score=96.0, changed=617, unchanged=340, early_stops=8/8
26 - INFO - chord#: 152 In build_straw_man_chord_sa. tolerance = 1, sa_iterations = 1000, initial_temperature = 3.0, cooling_rate = 0.999
26 - INFO - chord#: 128 done. best_score=27.0, changed=524, unchanged=422, early_stops=8/8
26 - INFO - chord#: 130 In build_straw_man_chord_sa. tolerance = 1, sa_iterations = 1000, initial_temperature = 3.0, cooling_rate = 0.999
26 - INFO - chord#: 130 done. best_score=36.0, changed=531, unchanged=440, early_stops=8/8
26 - INFO - chord#: 132 In build_straw_man_chord_sa. tolerance = 1, sa_iterations = 1000, initial_temperature = 3.0, cooling_rate = 0.999
26 - INFO - chord#: 128 done. best_score=27.0, changed=523, unchanged=461, early_stops=8/8
26 - INFO - chord#: 130 In build_straw_man_chord_sa. tolerance = 1, sa_iterations = 1000, initial_temperature = 3.0, cooling_rate = 0.999
26 - INFO - chord#: 152 done. best_score=27.0, changed=509, unchanged=314, early_stops=8/8
26 - INFO - chord#: 156 In build_straw_man_chord_sa. tolerance = 1, sa_iterations = 1000, initial_temperature = 3.0, cooling_rate = 0.999
26 - INFO - chord#: 130 done. best_score=36.0, changed=520, unchanged=326, early_stops=8/8
26 - INFO - chord#: 132 In build_straw_man_chord_sa. tolerance = 1, sa_iterations = 1000, initial_temperature = 3.0, cooling_rate = 0.999
26 - INFO - chord#: 151 done. best_score=74.0, changed=611, unchanged=516, early_stops=8/8
26 - INFO - chord#: 152 In build_straw_man_chord_sa. tolerance = 1, sa_iterations = 1000, initial_temperature = 3.0, cooling_rate = 0.999
26 - INFO - chord#: 152 done. best_score=27.0, changed=520, unchanged=422, early_stops=8/8
26 - INFO - chord#: 156 In build_straw_man_chord_sa. tolerance = 1, sa_iterations = 1000, initial_temperature = 3.0, cooling_rate = 0.999
26 - INFO - chord#: 128 done. best_score=27.0, changed=522, unchanged=439, early_stops=8/8
26 - INFO - chord#: 132 done. best_score=27.0, changed=525, unchanged=430, early_stops=8/8
26 - INFO - chord#: 130 In build_straw_man_chord_sa. tolerance = 1, sa_iterations = 1000, initial_temperature = 3.0, cooling_rate = 0.999
26 - INFO - chord#: 134 In build_straw_man_chord_sa. tolerance = 1, sa_iterations = 1000, initial_temperature = 3.0, cooling_rate = 0.999
26 - INFO - chord#: 130 done. best_score=36.0, changed=522, unchanged=354, early_stops=8/8
26 - INFO - chord#: 132 In build_straw_man_chord_sa. tolerance = 1, sa_iterations = 1000, initial_temperature = 3.0, cooling_rate = 0.999
26 - INFO - chord#: 132 done. best_score=27.0, changed=513, unchanged=358, early_stops=8/8
26 - INFO - chord#: 134 In build_straw_man_chord_sa. tolerance = 1, sa_iterations = 1000, initial_temperature = 3.0, cooling_rate = 0.999
26 - INFO - chord#: 130 done. best_score=36.0, changed=518, unchanged=306, early_stops=8/8
26 - INFO - chord#: 132 In build_straw_man_chord_sa. tolerance = 1, sa_iterations = 1000, initial_temperature = 3.0, cooling_rate = 0.999
26 - INFO - chord#: 156 done. best_score=27.0, changed=524, unchanged=381, early_stops=8/8
26 - INFO - chord#: 156 done. best_score=27.0, changed=520, unchanged=400, early_stops=8/8
26 - INFO - chord#: 132 done. best_score=27.0, changed=524, unchanged=464, early_stops=8/8
26 - INFO - chord#: 134 In build_straw_man_chord_sa. tolerance = 1, sa_iterations = 1000, initial_temperature = 3.0, cooling_rate = 0.999
26 - INFO - chord#: 152 done. best_score=27.0, changed=519, unchanged=380, early_stops=8/8
26 - INFO - chord#: 156 In build_straw_man_chord_sa. tolerance = 1, sa_iterations = 1000, initial_temperature = 3.0, cooling_rate = 0.999
26 - INFO - chord#: 130 done. best_score=36.0, changed=524, unchanged=403, early_stops=8/8
26 - INFO - chord#: 132 In build_straw_man_chord_sa. tolerance = 1, sa_iterations = 1000, initial_temperature = 3.0, cooling_rate = 0.999
26 - INFO - chord#: 132 done. best_score=27.0, changed=522, unchanged=435, early_stops=8/8
26 - INFO - chord#: 134 In build_straw_man_chord_sa. tolerance = 1, sa_iterations = 1000, initial_temperature = 3.0, cooling_rate = 0.999
26 - INFO - chord#: 132 done. best_score=27.0, changed=532, unchanged=577, early_stops=8/8
26 - INFO - chord#: 134 In build_straw_man_chord_sa. tolerance = 1, sa_iterations = 1000, initial_temperature = 3.0, cooling_rate = 0.999
26 - INFO - chord#: 156 done. best_score=27.0, changed=530, unchanged=519, early_stops=8/8
26 - INFO - chord#: 134 done. best_score=75.0, changed=607, unchanged=216, early_stops=8/8
26 - INFO - chord#: 136 In build_straw_man_chord_sa. tolerance = 1, sa_iterations = 1000, initial_temperature = 3.0, cooling_rate = 0.999
26 - INFO - chord#: 132 done. best_score=27.0, changed=528, unchanged=495, early_stops=8/8
26 - INFO - chord#: 134 In build_straw_man_chord_sa. tolerance = 1, sa_iterations = 1000, initial_temperature = 3.0, cooling_rate = 0.999
26 - INFO - chord#: 134 done. best_score=103.0, changed=613, unchanged=419, early_stops=8/8
26 - INFO - chord#: 136 In build_straw_man_chord_sa. tolerance = 1, sa_iterations = 1000, initial_temperature = 3.0, cooling_rate = 0.999
26 - INFO - chord#: 136 done. best_score=27.0, changed=530, unchanged=395, early_stops=8/8
26 - INFO - chord#: 138 In build_straw_man_chord_sa. tolerance = 1, sa_iterations = 1000, initial_temperature = 3.0, cooling_rate = 0.999
26 - INFO - chord#: 134 done. best_score=103.0, changed=611, unchanged=382, early_stops=8/8
26 - INFO - chord#: 136 In build_straw_man_chord_sa. tolerance = 1, sa_iterations = 1000, initial_temperature = 3.0, cooling_rate = 0.999
26 - INFO - chord#: 136 done. best_score=27.0, changed=520, unchanged=386, early_stops=8/8
26 - INFO - chord#: 138 In build_straw_man_chord_sa. tolerance = 1, sa_iterations = 1000, initial_temperature = 3.0, cooling_rate = 0.999
26 - INFO - chord#: 134 done. best_score=70.0, changed=617, unchanged=405, early_stops=8/8
26 - INFO - chord#: 136 In build_straw_man_chord_sa. tolerance = 1, sa_iterations = 1000, initial_temperature = 3.0, cooling_rate = 0.999
26 - INFO - chord#: 134 done. best_score=70.0, changed=620, unchanged=394, early_stops=8/8
26 - INFO - chord#: 136 In build_straw_man_chord_sa. tolerance = 1, sa_iterations = 1000, initial_temperature = 3.0, cooling_rate = 0.999
26 - INFO - chord#: 136 done. best_score=27.0, changed=524, unchanged=348, early_stops=8/8
26 - INFO - chord#: 138 In build_straw_man_chord_sa. tolerance = 1, sa_iterations = 1000, initial_temperature = 3.0, cooling_rate = 0.999
26 - INFO - chord#: 134 done. best_score=149.0, changed=614, unchanged=334, early_stops=8/8
26 - INFO - chord#: 136 In build_straw_man_chord_sa. tolerance = 1, sa_iterations = 1000, initial_temperature = 3.0, cooling_rate = 0.999
26 - INFO - chord#: 136 done. best_score=27.0, changed=522, unchanged=374, early_stops=8/8
26 - INFO - chord#: 138 In build_straw_man_chord_sa. tolerance = 1, sa_iterations = 1000, initial_temperature = 3.0, cooling_rate = 0.999
26 - INFO - chord#: 138 done. best_score=125.0, changed=607, unchanged=258, early_stops=8/8
26 - INFO - chord#: 140 In build_straw_man_chord_sa. tolerance = 1, sa_iterations = 1000, initial_temperature = 3.0, cooling_rate = 0.999
26 - INFO - chord#: 136 done. best_score=27.0, changed=536, unchanged=460, early_stops=8/8
26 - INFO - chord#: 138 In build_straw_man_chord_sa. tolerance = 1, sa_iterations = 1000, initial_temperature = 3.0, cooling_rate = 0.999
26 - INFO - chord#: 136 done. best_score=27.0, changed=524, unchanged=452, early_stops=8/8
26 - INFO - chord#: 138 In build_straw_man_chord_sa. tolerance = 1, sa_iterations = 1000, initial_temperature = 3.0, cooling_rate = 0.999
26 - INFO - chord#: 138 done. best_score=67.0, changed=618, unchanged=383, early_stops=8/8
26 - INFO - chord#: 140 In build_straw_man_chord_sa. tolerance = 1, sa_iterations = 1000, initial_temperature = 3.0, cooling_rate = 0.999
26 - INFO - chord#: 140 done. best_score=27.0, changed=518, unchanged=467, early_stops=8/8
26 - INFO - chord#: 142 In build_straw_man_chord_sa. tolerance = 1, sa_iterations = 1000, initial_temperature = 3.0, cooling_rate = 0.999
26 - INFO - chord#: 138 done. best_score=96.0, changed=608, unchanged=253, early_stops=8/8
26 - INFO - chord#: 140 In build_straw_man_chord_sa. tolerance = 1, sa_iterations = 1000, initial_temperature = 3.0, cooling_rate = 0.999
26 - INFO - chord#: 138 done. best_score=137.0, changed=611, unchanged=379, early_stops=8/8
26 - INFO - chord#: 140 In build_straw_man_chord_sa. tolerance = 1, sa_iterations = 1000, initial_temperature = 3.0, cooling_rate = 0.999
26 - INFO - chord#: 140 done. best_score=27.0, changed=521, unchanged=410, early_stops=8/8
26 - INFO - chord#: 142 In build_straw_man_chord_sa. tolerance = 1, sa_iterations = 1000, initial_temperature = 3.0, cooling_rate = 0.999
26 - INFO - chord#: 140 done. best_score=27.0, changed=519, unchanged=387, early_stops=8/8
26 - INFO - chord#: 142 In build_straw_man_chord_sa. tolerance = 1, sa_iterations = 1000, initial_temperature = 3.0, cooling_rate = 0.999
26 - INFO - chord#: 138 done. best_score=67.0, changed=612, unchanged=350, early_stops=8/8
26 - INFO - chord#: 140 In build_straw_man_chord_sa. tolerance = 1, sa_iterations = 1000, initial_temperature = 3.0, cooling_rate = 0.999
26 - INFO - chord#: 138 done. best_score=67.0, changed=612, unchanged=317, early_stops=8/8
26 - INFO - chord#: 140 In build_straw_man_chord_sa. tolerance = 1, sa_iterations = 1000, initial_temperature = 3.0, cooling_rate = 0.999
26 - INFO - chord#: 140 done. best_score=27.0, changed=520, unchanged=473, early_stops=8/8
26 - INFO - chord#: 142 In build_straw_man_chord_sa. tolerance = 1, sa_iterations = 1000, initial_temperature = 3.0, cooling_rate = 0.999
26 - INFO - chord#: 142 done. best_score=64.0, changed=611, unchanged=243, early_stops=8/8
26 - INFO - chord#: 144 In build_straw_man_chord_sa. tolerance = 1, sa_iterations = 1000, initial_temperature = 3.0, cooling_rate = 0.999
26 - INFO - chord#: 140 done. best_score=27.0, changed=513, unchanged=346, early_stops=8/8
26 - INFO - chord#: 142 In build_straw_man_chord_sa. tolerance = 1, sa_iterations = 1000, initial_temperature = 3.0, cooling_rate = 0.999
26 - INFO - chord#: 142 done. best_score=64.0, changed=605, unchanged=211, early_stops=8/8
26 - INFO - chord#: 144 In build_straw_man_chord_sa. tolerance = 1, sa_iterations = 1000, initial_temperature = 3.0, cooling_rate = 0.999
26 - INFO - chord#: 140 done. best_score=27.0, changed=520, unchanged=420, early_stops=8/8
26 - INFO - chord#: 142 In build_straw_man_chord_sa. tolerance = 1, sa_iterations = 1000, initial_temperature = 3.0, cooling_rate = 0.999
26 - INFO - chord#: 142 done. best_score=104.0, changed=611, unchanged=228, early_stops=8/8
26 - INFO - chord#: 144 In build_straw_man_chord_sa. tolerance = 1, sa_iterations = 1000, initial_temperature = 3.0, cooling_rate = 0.999
26 - INFO - chord#: 144 done. best_score=64.0, changed=615, unchanged=337, early_stops=8/8
26 - INFO - chord#: 146 In build_straw_man_chord_sa. tolerance = 1, sa_iterations = 1000, initial_temperature = 3.0, cooling_rate = 0.999
26 - INFO - chord#: 142 done. best_score=146.0, changed=616, unchanged=331, early_stops=8/8
26 - INFO - chord#: 144 In build_straw_man_chord_sa. tolerance = 1, sa_iterations = 1000, initial_temperature = 3.0, cooling_rate = 0.999
26 - INFO - chord#: 142 done. best_score=171.0, changed=617, unchanged=221, early_stops=8/8
26 - INFO - chord#: 144 In build_straw_man_chord_sa. tolerance = 1, sa_iterations = 1000, initial_temperature = 3.0, cooling_rate = 0.999
26 - INFO - chord#: 144 done. best_score=64.0, changed=614, unchanged=338, early_stops=8/8
26 - INFO - chord#: 146 In build_straw_man_chord_sa. tolerance = 1, sa_iterations = 1000, initial_temperature = 3.0, cooling_rate = 0.999
26 - INFO - chord#: 144 done. best_score=157.0, changed=608, unchanged=309, early_stops=8/8
26 - INFO - chord#: 146 In build_straw_man_chord_sa. tolerance = 1, sa_iterations = 1000, initial_temperature = 3.0, cooling_rate = 0.999
26 - INFO - chord#: 146 done. best_score=27.0, changed=524, unchanged=484, early_stops=8/8
26 - INFO - chord#: 147 In build_straw_man_chord_sa. tolerance = 1, sa_iterations = 1000, initial_temperature = 3.0, cooling_rate = 0.999
26 - INFO - chord#: 142 done. best_score=64.0, changed=618, unchanged=390, early_stops=8/8
26 - INFO - chord#: 144 In build_straw_man_chord_sa. tolerance = 1, sa_iterations = 1000, initial_temperature = 3.0, cooling_rate = 0.999
26 - INFO - chord#: 146 done. best_score=27.0, changed=527, unchanged=452, early_stops=8/8
26 - INFO - chord#: 147 In build_straw_man_chord_sa. tolerance = 1, sa_iterations = 1000, initial_temperature = 3.0, cooling_rate = 0.999
26 - INFO - chord#: 144 done. best_score=64.0, changed=607, unchanged=225, early_stops=8/8
26 - INFO - chord#: 146 In build_straw_man_chord_sa. tolerance = 1, sa_iterations = 1000, initial_temperature = 3.0, cooling_rate = 0.999
26 - INFO - chord#: 146 done. best_score=27.0, changed=524, unchanged=370, early_stops=8/8
26 - INFO - chord#: 147 In build_straw_man_chord_sa. tolerance = 1, sa_iterations = 1000, initial_temperature = 3.0, cooling_rate = 0.999
26 - INFO - chord#: 144 done. best_score=146.0, changed=610, unchanged=333, early_stops=8/8
26 - INFO - chord#: 146 In build_straw_man_chord_sa. tolerance = 1, sa_iterations = 1000, initial_temperature = 3.0, cooling_rate = 0.999
26 - INFO - chord#: 147 done. best_score=36.0, changed=525, unchanged=468, early_stops=8/8
26 - INFO - chord#: 148 In build_straw_man_chord_sa. tolerance = 1, sa_iterations = 1000, initial_temperature = 3.0, cooling_rate = 0.999
26 - INFO - chord#: 146 done. best_score=27.0, changed=526, unchanged=414, early_stops=8/8
26 - INFO - chord#: 147 In build_straw_man_chord_sa. tolerance = 1, sa_iterations = 1000, initial_temperature = 3.0, cooling_rate = 0.999
26 - INFO - chord#: 147 done. best_score=36.0, changed=517, unchanged=307, early_stops=8/8
26 - INFO - chord#: 148 In build_straw_man_chord_sa. tolerance = 1, sa_iterations = 1000, initial_temperature = 3.0, cooling_rate = 0.999
26 - INFO - chord#: 147 done. best_score=36.0, changed=533, unchanged=589, early_stops=8/8
26 - INFO - chord#: 148 In build_straw_man_chord_sa. tolerance = 1, sa_iterations = 1000, initial_temperature = 3.0, cooling_rate = 0.999
26 - INFO - chord#: 148 done. best_score=27.0, changed=523, unchanged=408, early_stops=8/8
26 - INFO - chord#: 150 In build_straw_man_chord_sa. tolerance = 1, sa_iterations = 1000, initial_temperature = 3.0, cooling_rate = 0.999
26 - INFO - chord#: 144 done. best_score=157.0, changed=608, unchanged=347, early_stops=8/8
26 - INFO - chord#: 146 In build_straw_man_chord_sa. tolerance = 1, sa_iterations = 1000, initial_temperature = 3.0, cooling_rate = 0.999
26 - INFO - chord#: 146 done. best_score=27.0, changed=520, unchanged=423, early_stops=8/8
26 - INFO - chord#: 147 In build_straw_man_chord_sa. tolerance = 1, sa_iterations = 1000, initial_temperature = 3.0, cooling_rate = 0.999
26 - INFO - chord#: 148 done. best_score=27.0, changed=518, unchanged=425, early_stops=8/8
26 - INFO - chord#: 150 In build_straw_man_chord_sa. tolerance = 1, sa_iterations = 1000, initial_temperature = 3.0, cooling_rate = 0.999
26 - INFO - chord#: 148 done. best_score=27.0, changed=520, unchanged=363, early_stops=8/8
26 - INFO - chord#: 150 In build_straw_man_chord_sa. tolerance = 1, sa_iterations = 1000, initial_temperature = 3.0, cooling_rate = 0.999
26 - INFO - chord#: 147 done. best_score=36.0, changed=522, unchanged=400, early_stops=8/8
26 - INFO - chord#: 148 In build_straw_man_chord_sa. tolerance = 1, sa_iterations = 1000, initial_temperature = 3.0, cooling_rate = 0.999
26 - INFO - chord#: 150 done. best_score=27.0, changed=529, unchanged=471, early_stops=8/8
26 - INFO - chord#: 151 In build_straw_man_chord_sa. tolerance = 1, sa_iterations = 1000, initial_temperature = 3.0, cooling_rate = 0.999
26 - INFO - chord#: 146 done. best_score=27.0, changed=524, unchanged=605, early_stops=8/8
26 - INFO - chord#: 147 In build_straw_man_chord_sa. tolerance = 1, sa_iterations = 1000, initial_temperature = 3.0, cooling_rate = 0.999
26 - INFO - chord#: 147 done. best_score=36.0, changed=519, unchanged=480, early_stops=8/8
26 - INFO - chord#: 148 In build_straw_man_chord_sa. tolerance = 1, sa_iterations = 1000, initial_temperature = 3.0, cooling_rate = 0.999
26 - INFO - chord#: 150 done. best_score=27.0, changed=522, unchanged=381, early_stops=8/8
26 - INFO - chord#: 151 In build_straw_man_chord_sa. tolerance = 1, sa_iterations = 1000, initial_temperature = 3.0, cooling_rate = 0.999
26 - INFO - chord#: 150 done. best_score=27.0, changed=533, unchanged=462, early_stops=8/8
26 - INFO - chord#: 151 In build_straw_man_chord_sa. tolerance = 1, sa_iterations = 1000, initial_temperature = 3.0, cooling_rate = 0.999
26 - INFO - chord#: 148 done. best_score=27.0, changed=522, unchanged=534, early_stops=8/8
26 - INFO - chord#: 150 In build_straw_man_chord_sa. tolerance = 1, sa_iterations = 1000, initial_temperature = 3.0, cooling_rate = 0.999
26 - INFO - chord#: 148 done. best_score=27.0, changed=517, unchanged=431, early_stops=8/8
26 - INFO - chord#: 150 In build_straw_man_chord_sa. tolerance = 1, sa_iterations = 1000, initial_temperature = 3.0, cooling_rate = 0.999
26 - INFO - chord#: 147 done. best_score=36.0, changed=524, unchanged=455, early_stops=8/8
26 - INFO - chord#: 148 In build_straw_man_chord_sa. tolerance = 1, sa_iterations = 1000, initial_temperature = 3.0, cooling_rate = 0.999
26 - INFO - chord#: 150 done. best_score=27.0, changed=528, unchanged=378, early_stops=8/8
26 - INFO - chord#: 151 In build_straw_man_chord_sa. tolerance = 1, sa_iterations = 1000, initial_temperature = 3.0, cooling_rate = 0.999
26 - INFO - chord#: 150 done. best_score=27.0, changed=526, unchanged=372, early_stops=8/8
26 - INFO - chord#: 151 In build_straw_man_chord_sa. tolerance = 1, sa_iterations = 1000, initial_temperature = 3.0, cooling_rate = 0.999
26 - INFO - chord#: 151 done. best_score=74.0, changed=613, unchanged=310, early_stops=8/8
26 - INFO - chord#: 152 In build_straw_man_chord_sa. tolerance = 1, sa_iterations = 1000, initial_temperature = 3.0, cooling_rate = 0.999
26 - INFO - chord#: 148 done. best_score=27.0, changed=536, unchanged=512, early_stops=8/8
26 - INFO - chord#: 150 In build_straw_man_chord_sa. tolerance = 1, sa_iterations = 1000, initial_temperature = 3.0, cooling_rate = 0.999
26 - INFO - chord#: 151 done. best_score=74.0, changed=608, unchanged=241, early_stops=8/8
26 - INFO - chord#: 152 In build_straw_man_chord_sa. tolerance = 1, sa_iterations = 1000, initial_temperature = 3.0, cooling_rate = 0.999
26 - INFO - chord#: 151 done. best_score=96.0, changed=610, unchanged=216, early_stops=8/8
26 - INFO - chord#: 152 In build_straw_man_chord_sa. tolerance = 1, sa_iterations = 1000, initial_temperature = 3.0, cooling_rate = 0.999
26 - INFO - chord#: 152 done. best_score=27.0, changed=531, unchanged=467, early_stops=8/8
26 - INFO - chord#: 156 In build_straw_man_chord_sa. tolerance = 1, sa_iterations = 1000, initial_temperature = 3.0, cooling_rate = 0.999
26 - INFO - chord#: 150 done. best_score=27.0, changed=527, unchanged=495, early_stops=8/8
26 - INFO - chord#: 151 In build_straw_man_chord_sa. tolerance = 1, sa_iterations = 1000, initial_temperature = 3.0, cooling_rate = 0.999
26 - INFO - chord#: 152 done. best_score=27.0, changed=518, unchanged=332, early_stops=8/8
26 - INFO - chord#: 156 In build_straw_man_chord_sa. tolerance = 1, sa_iterations = 1000, initial_temperature = 3.0, cooling_rate = 0.999
26 - INFO - chord#: 151 done. best_score=74.0, changed=607, unchanged=207, early_stops=8/8
26 - INFO - chord#: 152 In build_straw_man_chord_sa. tolerance = 1, sa_iterations = 1000, initial_temperature = 3.0, cooling_rate = 0.999
26 - INFO - chord#: 152 done. best_score=27.0, changed=517, unchanged=414, early_stops=8/8
26 - INFO - chord#: 156 In build_straw_man_chord_sa. tolerance = 1, sa_iterations = 1000, initial_temperature = 3.0, cooling_rate = 0.999
26 - INFO - chord#: 151 done. best_score=74.0, changed=608, unchanged=222, early_stops=8/8
26 - INFO - chord#: 152 In build_straw_man_chord_sa. tolerance = 1, sa_iterations = 1000, initial_temperature = 3.0, cooling_rate = 0.999
26 - INFO - chord#: 156 done. best_score=27.0, changed=528, unchanged=409, early_stops=8/8
26 - INFO - chord#: 156 done. best_score=27.0, changed=525, unchanged=362, early_stops=8/8
26 - INFO - chord#: 156 done. best_score=27.0, changed=526, unchanged=348, early_stops=8/8
26 - INFO - chord#: 152 done. best_score=27.0, changed=518, unchanged=359, early_stops=8/8
26 - INFO - chord#: 156 In build_straw_man_chord_sa. tolerance = 1, sa_iterations = 1000, initial_temperature = 3.0, cooling_rate = 0.999
26 - INFO - chord#: 152 done. best_score=27.0, changed=522, unchanged=468, early_stops=8/8
26 - INFO - chord#: 156 In build_straw_man_chord_sa. tolerance = 1, sa_iterations = 1000, initial_temperature = 3.0, cooling_rate = 0.999
26 - INFO - chord#: 151 done. best_score=74.0, changed=606, unchanged=233, early_stops=8/8
26 - INFO - chord#: 152 In build_straw_man_chord_sa. tolerance = 1, sa_iterations = 1000, initial_temperature = 3.0, cooling_rate = 0.999
26 - INFO - chord#: 156 done. best_score=27.0, changed=521, unchanged=374, early_stops=8/8
26 - INFO - chord#: 156 done. best_score=27.0, changed=517, unchanged=422, early_stops=8/8
26 - INFO - chord#: 152 done. best_score=27.0, changed=522, unchanged=482, early_stops=8/8
26 - INFO - chord#: 156 In build_straw_man_chord_sa. tolerance = 1, sa_iterations = 1000, initial_temperature = 3.0, cooling_rate = 0.999
26 - INFO - chord#: 156 done. best_score=27.0, changed=525, unchanged=420, early_stops=8/8
26 - INFO - chord#: 0 In build_straw_man_chord_sa. tolerance = 1, sa_iterations = 1000, initial_temperature = 3.0, cooling_rate = 0.999
26 - INFO - chord#: 0 In build_straw_man_chord_sa. tolerance = 1, sa_iterations = 1000, initial_temperature = 3.0, cooling_rate = 0.999
26 - INFO - chord#: 0 In build_straw_man_chord_sa. tolerance = 1, sa_iterations = 1000, initial_temperature = 3.0, cooling_rate = 0.999
26 - INFO - chord#: 0 In build_straw_man_chord_sa. tolerance = 1, sa_iterations = 1000, initial_temperature = 3.0, cooling_rate = 0.999
26 - INFO - chord#: 0 In build_straw_man_chord_sa. tolerance = 1, sa_iterations = 1000, initial_temperature = 3.0, cooling_rate = 0.999
26 - INFO - chord#: 0 In build_straw_man_chord_sa. tolerance = 1, sa_iterations = 1000, initial_temperature = 3.0, cooling_rate = 0.999
26 - INFO - chord#: 0 In build_straw_man_chord_sa. tolerance = 1, sa_iterations = 1000, initial_temperature = 3.0, cooling_rate = 0.999
26 - INFO - chord#: 0 In build_straw_man_chord_sa. tolerance = 1, sa_iterations = 1000, initial_temperature = 3.0, cooling_rate = 0.999
26 - INFO - chord#: 0 In build_straw_man_chord_sa. tolerance = 1, sa_iterations = 1000, initial_temperature = 3.0, cooling_rate = 0.999
26 - INFO - chord#: 0 In build_straw_man_chord_sa. tolerance = 1, sa_iterations = 1000, initial_temperature = 3.0, cooling_rate = 0.999
26 - INFO - chord#: 0 In build_straw_man_chord_sa. tolerance = 1, sa_iterations = 1000, initial_temperature = 3.0, cooling_rate = 0.999
26 - INFO - chord#: 0 In build_straw_man_chord_sa. tolerance = 1, sa_iterations = 1000, initial_temperature = 3.0, cooling_rate = 0.999
26 - INFO - chord#: 0 done. best_score=27.0, changed=516, unchanged=374, early_stops=8/8
26 - INFO - chord#: 2 In build_straw_man_chord_sa. tolerance = 1, sa_iterations = 1000, initial_temperature = 3.0, cooling_rate = 0.999
26 - INFO - chord#: 0 done. best_score=27.0, changed=520, unchanged=378, early_stops=8/8
26 - INFO - chord#: 2 In build_straw_man_chord_sa. tolerance = 1, sa_iterations = 1000, initial_temperature = 3.0, cooling_rate = 0.999
26 - INFO - chord#: 0 done. best_score=27.0, changed=521, unchanged=413, early_stops=8/8
26 - INFO - chord#: 2 In build_straw_man_chord_sa. tolerance = 1, sa_iterations = 1000, initial_temperature = 3.0, cooling_rate = 0.999
26 - INFO - chord#: 0 done. best_score=27.0, changed=525, unchanged=432, early_stops=8/8
26 - INFO - chord#: 2 In build_straw_man_chord_sa. tolerance = 1, sa_iterations = 1000, initial_temperature = 3.0, cooling_rate = 0.999
26 - INFO - chord#: 0 done. best_score=27.0, changed=519, unchanged=333, early_stops=8/8
26 - INFO - chord#: 2 In build_straw_man_chord_sa. tolerance = 1, sa_iterations = 1000, initial_temperature = 3.0, cooling_rate = 0.999
26 - INFO - chord#: 0 done. best_score=27.0, changed=528, unchanged=504, early_stops=8/8
26 - INFO - chord#: 2 In build_straw_man_chord_sa. tolerance = 1, sa_iterations = 1000, initial_temperature = 3.0, cooling_rate = 0.999
26 - INFO - chord#: 0 done. best_score=27.0, changed=519, unchanged=405, early_stops=8/8
26 - INFO - chord#: 2 In build_straw_man_chord_sa. tolerance = 1, sa_iterations = 1000, initial_temperature = 3.0, cooling_rate = 0.999
26 - INFO - chord#: 0 done. best_score=27.0, changed=517, unchanged=387, early_stops=8/8
26 - INFO - chord#: 2 In build_straw_man_chord_sa. tolerance = 1, sa_iterations = 1000, initial_temperature = 3.0, cooling_rate = 0.999
26 - INFO - chord#: 0 done. best_score=27.0, changed=522, unchanged=514, early_stops=8/8
26 - INFO - chord#: 2 In build_straw_man_chord_sa. tolerance = 1, sa_iterations = 1000, initial_temperature = 3.0, cooling_rate = 0.999
26 - INFO - chord#: 0 done. best_score=27.0, changed=517, unchanged=489, early_stops=8/8
26 - INFO - chord#: 2 In build_straw_man_chord_sa. tolerance = 1, sa_iterations = 1000, initial_temperature = 3.0, cooling_rate = 0.999
26 - INFO - chord#: 0 done. best_score=27.0, changed=525, unchanged=466, early_stops=8/8
26 - INFO - chord#: 2 In build_straw_man_chord_sa. tolerance = 1, sa_iterations = 1000, initial_temperature = 3.0, cooling_rate = 0.999
26 - INFO - chord#: 0 done. best_score=27.0, changed=527, unchanged=607, early_stops=8/8
26 - INFO - chord#: 2 In build_straw_man_chord_sa. tolerance = 1, sa_iterations = 1000, initial_temperature = 3.0, cooling_rate = 0.999
26 - INFO - chord#: 2 done. best_score=96.0, changed=608, unchanged=257, early_stops=8/8
26 - INFO - chord#: 4 In build_straw_man_chord_sa. tolerance = 1, sa_iterations = 1000, initial_temperature = 3.0, cooling_rate = 0.999
26 - INFO - chord#: 2 done. best_score=129.0, changed=611, unchanged=285, early_stops=8/8
26 - INFO - chord#: 4 In build_straw_man_chord_sa. tolerance = 1, sa_iterations = 1000, initial_temperature = 3.0, cooling_rate = 0.999
26 - INFO - chord#: 2 done. best_score=96.0, changed=612, unchanged=393, early_stops=8/8
26 - INFO - chord#: 4 In build_straw_man_chord_sa. tolerance = 1, sa_iterations = 1000, initial_temperature = 3.0, cooling_rate = 0.999
26 - INFO - chord#: 2 done. best_score=93.0, changed=610, unchanged=259, early_stops=8/8
26 - INFO - chord#: 4 In build_straw_man_chord_sa. tolerance = 1, sa_iterations = 1000, initial_temperature = 3.0, cooling_rate = 0.999
26 - INFO - chord#: 2 done. best_score=93.0, changed=618, unchanged=432, early_stops=8/8
26 - INFO - chord#: 4 In build_straw_man_chord_sa. tolerance = 1, sa_iterations = 1000, initial_temperature = 3.0, cooling_rate = 0.999
26 - INFO - chord#: 2 done. best_score=94.0, changed=612, unchanged=247, early_stops=8/8
26 - INFO - chord#: 4 In build_straw_man_chord_sa. tolerance = 1, sa_iterations = 1000, initial_temperature = 3.0, cooling_rate = 0.999
26 - INFO - chord#: 2 done. best_score=96.0, changed=608, unchanged=233, early_stops=8/8
26 - INFO - chord#: 4 In build_straw_man_chord_sa. tolerance = 1, sa_iterations = 1000, initial_temperature = 3.0, cooling_rate = 0.999
26 - INFO - chord#: 2 done. best_score=96.0, changed=611, unchanged=231, early_stops=8/8
26 - INFO - chord#: 4 In build_straw_man_chord_sa. tolerance = 1, sa_iterations = 1000, initial_temperature = 3.0, cooling_rate = 0.999
26 - INFO - chord#: 2 done. best_score=96.0, changed=607, unchanged=234, early_stops=8/8
26 - INFO - chord#: 4 In build_straw_man_chord_sa. tolerance = 1, sa_iterations = 1000, initial_temperature = 3.0, cooling_rate = 0.999
26 - INFO - chord#: 4 done. best_score=27.0, changed=530, unchanged=324, early_stops=8/8
26 - INFO - chord#: 6 In build_straw_man_chord_sa. tolerance = 1, sa_iterations = 1000, initial_temperature = 3.0, cooling_rate = 0.999
26 - INFO - chord#: 2 done. best_score=96.0, changed=610, unchanged=375, early_stops=8/8
26 - INFO - chord#: 4 In build_straw_man_chord_sa. tolerance = 1, sa_iterations = 1000, initial_temperature = 3.0, cooling_rate = 0.999
26 - INFO - chord#: 2 done. best_score=93.0, changed=614, unchanged=341, early_stops=8/8
26 - INFO - chord#: 4 done. best_score=27.0, changed=524, unchanged=351, early_stops=8/8
26 - INFO - chord#: 4 In build_straw_man_chord_sa. tolerance = 1, sa_iterations = 1000, initial_temperature = 3.0, cooling_rate = 0.999
26 - INFO - chord#: 6 In build_straw_man_chord_sa. tolerance = 1, sa_iterations = 1000, initial_temperature = 3.0, cooling_rate = 0.999
26 - INFO - chord#: 4 done. best_score=27.0, changed=532, unchanged=301, early_stops=8/8
26 - INFO - chord#: 4 done. best_score=27.0, changed=526, unchanged=413, early_stops=8/8
26 - INFO - chord#: 6 In build_straw_man_chord_sa. tolerance = 1, sa_iterations = 1000, initial_temperature = 3.0, cooling_rate = 0.999
26 - INFO - chord#: 6 In build_straw_man_chord_sa. tolerance = 1, sa_iterations = 1000, initial_temperature = 3.0, cooling_rate = 0.999
26 - INFO - chord#: 4 done. best_score=27.0, changed=524, unchanged=380, early_stops=8/8
26 - INFO - chord#: 6 In build_straw_man_chord_sa. tolerance = 1, sa_iterations = 1000, initial_temperature = 3.0, cooling_rate = 0.999
26 - INFO - chord#: 4 done. best_score=27.0, changed=527, unchanged=306, early_stops=8/8
26 - INFO - chord#: 6 In build_straw_man_chord_sa. tolerance = 1, sa_iterations = 1000, initial_temperature = 3.0, cooling_rate = 0.999
26 - INFO - chord#: 2 done. best_score=94.0, changed=621, unchanged=472, early_stops=8/8
26 - INFO - chord#: 4 In build_straw_man_chord_sa. tolerance = 1, sa_iterations = 1000, initial_temperature = 3.0, cooling_rate = 0.999
26 - INFO - chord#: 4 done. best_score=36.0, changed=536, unchanged=381, early_stops=8/8
26 - INFO - chord#: 6 In build_straw_man_chord_sa. tolerance = 1, sa_iterations = 1000, initial_temperature = 3.0, cooling_rate = 0.999
26 - INFO - chord#: 4 done. best_score=27.0, changed=533, unchanged=378, early_stops=8/8
26 - INFO - chord#: 6 In build_straw_man_chord_sa. tolerance = 1, sa_iterations = 1000, initial_temperature = 3.0, cooling_rate = 0.999
26 - INFO - chord#: 4 done. best_score=36.0, changed=539, unchanged=386, early_stops=8/8
26 - INFO - chord#: 6 In build_straw_man_chord_sa. tolerance = 1, sa_iterations = 1000, initial_temperature = 3.0, cooling_rate = 0.999
26 - INFO - chord#: 4 done. best_score=27.0, changed=515, unchanged=375, early_stops=8/8
26 - INFO - chord#: 6 In build_straw_man_chord_sa. tolerance = 1, sa_iterations = 1000, initial_temperature = 3.0, cooling_rate = 0.999
26 - INFO - chord#: 4 done. best_score=27.0, changed=524, unchanged=389, early_stops=8/8
26 - INFO - chord#: 6 In build_straw_man_chord_sa. tolerance = 1, sa_iterations = 1000, initial_temperature = 3.0, cooling_rate = 0.999
26 - INFO - chord#: 4 done. best_score=36.0, changed=518, unchanged=306, early_stops=8/8
26 - INFO - chord#: 6 In build_straw_man_chord_sa. tolerance = 1, sa_iterations = 1000, initial_temperature = 3.0, cooling_rate = 0.999
26 - INFO - chord#: 6 done. best_score=74.0, changed=610, unchanged=261, early_stops=8/8
26 - INFO - chord#: 8 In build_straw_man_chord_sa. tolerance = 1, sa_iterations = 1000, initial_temperature = 3.0, cooling_rate = 0.999
26 - INFO - chord#: 6 done. best_score=74.0, changed=616, unchanged=307, early_stops=8/8
26 - INFO - chord#: 8 In build_straw_man_chord_sa. tolerance = 1, sa_iterations = 1000, initial_temperature = 3.0, cooling_rate = 0.999
26 - INFO - chord#: 6 done. best_score=74.0, changed=610, unchanged=335, early_stops=8/8
26 - INFO - chord#: 8 In build_straw_man_chord_sa. tolerance = 1, sa_iterations = 1000, initial_temperature = 3.0, cooling_rate = 0.999
26 - INFO - chord#: 6 done. best_score=149.0, changed=611, unchanged=272, early_stops=8/8
26 - INFO - chord#: 8 In build_straw_man_chord_sa. tolerance = 1, sa_iterations = 1000, initial_temperature = 3.0, cooling_rate = 0.999
26 - INFO - chord#: 6 done. best_score=74.0, changed=612, unchanged=364, early_stops=8/8
26 - INFO - chord#: 8 In build_straw_man_chord_sa. tolerance = 1, sa_iterations = 1000, initial_temperature = 3.0, cooling_rate = 0.999
26 - INFO - chord#: 6 done. best_score=164.0, changed=615, unchanged=263, early_stops=8/8
26 - INFO - chord#: 8 In build_straw_man_chord_sa. tolerance = 1, sa_iterations = 1000, initial_temperature = 3.0, cooling_rate = 0.999
26 - INFO - chord#: 6 done. best_score=121.0, changed=611, unchanged=279, early_stops=8/8
26 - INFO - chord#: 8 In build_straw_man_chord_sa. tolerance = 1, sa_iterations = 1000, initial_temperature = 3.0, cooling_rate = 0.999
26 - INFO - chord#: 8 done. best_score=27.0, changed=526, unchanged=418, early_stops=8/8
26 - INFO - chord#: 10 In build_straw_man_chord_sa. tolerance = 1, sa_iterations = 1000, initial_temperature = 3.0, cooling_rate = 0.999
26 - INFO - chord#: 8 done. best_score=27.0, changed=521, unchanged=357, early_stops=8/8
26 - INFO - chord#: 10 In build_straw_man_chord_sa. tolerance = 1, sa_iterations = 1000, initial_temperature = 3.0, cooling_rate = 0.999
26 - INFO - chord#: 8 done. best_score=27.0, changed=521, unchanged=347, early_stops=8/8
26 - INFO - chord#: 10 In build_straw_man_chord_sa. tolerance = 1, sa_iterations = 1000, initial_temperature = 3.0, cooling_rate = 0.999
26 - INFO - chord#: 8 done. best_score=27.0, changed=527, unchanged=376, early_stops=8/8
26 - INFO - chord#: 10 In build_straw_man_chord_sa. tolerance = 1, sa_iterations = 1000, initial_temperature = 3.0, cooling_rate = 0.999
26 - INFO - chord#: 8 done. best_score=27.0, changed=524, unchanged=459, early_stops=8/8
26 - INFO - chord#: 10 In build_straw_man_chord_sa. tolerance = 1, sa_iterations = 1000, initial_temperature = 3.0, cooling_rate = 0.999
26 - INFO - chord#: 6 done. best_score=74.0, changed=612, unchanged=329, early_stops=8/8
26 - INFO - chord#: 8 In build_straw_man_chord_sa. tolerance = 1, sa_iterations = 1000, initial_temperature = 3.0, cooling_rate = 0.999
26 - INFO - chord#: 6 done. best_score=149.0, changed=619, unchanged=309, early_stops=8/8
26 - INFO - chord#: 8 In build_straw_man_chord_sa. tolerance = 1, sa_iterations = 1000, initial_temperature = 3.0, cooling_rate = 0.999
26 - INFO - chord#: 8 done. best_score=27.0, changed=527, unchanged=444, early_stops=8/8
26 - INFO - chord#: 10 In build_straw_man_chord_sa. tolerance = 1, sa_iterations = 1000, initial_temperature = 3.0, cooling_rate = 0.999
26 - INFO - chord#: 6 done. best_score=74.0, changed=613, unchanged=241, early_stops=8/8
26 - INFO - chord#: 8 In build_straw_man_chord_sa. tolerance = 1, sa_iterations = 1000, initial_temperature = 3.0, cooling_rate = 0.999
26 - INFO - chord#: 8 done. best_score=61.0, changed=530, unchanged=294, early_stops=8/8
26 - INFO - chord#: 10 In build_straw_man_chord_sa. tolerance = 1, sa_iterations = 1000, initial_temperature = 3.0, cooling_rate = 0.999
26 - INFO - chord#: 6 done. best_score=74.0, changed=611, unchanged=287, early_stops=8/8
26 - INFO - chord#: 8 In build_straw_man_chord_sa. tolerance = 1, sa_iterations = 1000, initial_temperature = 3.0, cooling_rate = 0.999
26 - INFO - chord#: 10 done. best_score=27.0, changed=526, unchanged=371, early_stops=8/8
26 - INFO - chord#: 12 In build_straw_man_chord_sa. tolerance = 1, sa_iterations = 1000, initial_temperature = 3.0, cooling_rate = 0.999
26 - INFO - chord#: 10 done. best_score=27.0, changed=540, unchanged=383, early_stops=8/8
26 - INFO - chord#: 12 In build_straw_man_chord_sa. tolerance = 1, sa_iterations = 1000, initial_temperature = 3.0, cooling_rate = 0.999
26 - INFO - chord#: 6 done. best_score=149.0, changed=613, unchanged=308, early_stops=8/8
26 - INFO - chord#: 8 In build_straw_man_chord_sa. tolerance = 1, sa_iterations = 1000, initial_temperature = 3.0, cooling_rate = 0.999
26 - INFO - chord#: 10 done. best_score=27.0, changed=525, unchanged=321, early_stops=8/8
26 - INFO - chord#: 12 In build_straw_man_chord_sa. tolerance = 1, sa_iterations = 1000, initial_temperature = 3.0, cooling_rate = 0.999
26 - INFO - chord#: 10 done. best_score=27.0, changed=519, unchanged=352, early_stops=8/8
26 - INFO - chord#: 12 In build_straw_man_chord_sa. tolerance = 1, sa_iterations = 1000, initial_temperature = 3.0, cooling_rate = 0.999
26 - INFO - chord#: 10 done. best_score=27.0, changed=532, unchanged=347, early_stops=8/8
26 - INFO - chord#: 12 In build_straw_man_chord_sa. tolerance = 1, sa_iterations = 1000, initial_temperature = 3.0, cooling_rate = 0.999
26 - INFO - chord#: 10 done. best_score=27.0, changed=527, unchanged=354, early_stops=8/8
26 - INFO - chord#: 12 In build_straw_man_chord_sa. tolerance = 1, sa_iterations = 1000, initial_temperature = 3.0, cooling_rate = 0.999
26 - INFO - chord#: 8 done. best_score=27.0, changed=517, unchanged=312, early_stops=8/8
26 - INFO - chord#: 10 In build_straw_man_chord_sa. tolerance = 1, sa_iterations = 1000, initial_temperature = 3.0, cooling_rate = 0.999
26 - INFO - chord#: 8 done. best_score=27.0, changed=525, unchanged=381, early_stops=8/8
26 - INFO - chord#: 10 In build_straw_man_chord_sa. tolerance = 1, sa_iterations = 1000, initial_temperature = 3.0, cooling_rate = 0.999
26 - INFO - chord#: 8 done. best_score=27.0, changed=518, unchanged=366, early_stops=8/8
26 - INFO - chord#: 10 In build_straw_man_chord_sa. tolerance = 1, sa_iterations = 1000, initial_temperature = 3.0, cooling_rate = 0.999
26 - INFO - chord#: 10 done. best_score=61.0, changed=540, unchanged=322, early_stops=8/8
26 - INFO - chord#: 12 In build_straw_man_chord_sa. tolerance = 1, sa_iterations = 1000, initial_temperature = 3.0, cooling_rate = 0.999
26 - INFO - chord#: 8 done. best_score=27.0, changed=526, unchanged=409, early_stops=8/8
26 - INFO - chord#: 10 In build_straw_man_chord_sa. tolerance = 1, sa_iterations = 1000, initial_temperature = 3.0, cooling_rate = 0.999
26 - INFO - chord#: 12 done. best_score=27.0, changed=516, unchanged=402, early_stops=8/8
26 - INFO - chord#: 14 In build_straw_man_chord_sa. tolerance = 1, sa_iterations = 1000, initial_temperature = 3.0, cooling_rate = 0.999
26 - INFO - chord#: 8 done. best_score=27.0, changed=524, unchanged=359, early_stops=8/8
26 - INFO - chord#: 10 In build_straw_man_chord_sa. tolerance = 1, sa_iterations = 1000, initial_temperature = 3.0, cooling_rate = 0.999
26 - INFO - chord#: 12 done. best_score=27.0, changed=522, unchanged=486, early_stops=8/8
26 - INFO - chord#: 14 In build_straw_man_chord_sa. tolerance = 1, sa_iterations = 1000, initial_temperature = 3.0, cooling_rate = 0.999
26 - INFO - chord#: 12 done. best_score=27.0, changed=523, unchanged=561, early_stops=8/8
26 - INFO - chord#: 14 In build_straw_man_chord_sa. tolerance = 1, sa_iterations = 1000, initial_temperature = 3.0, cooling_rate = 0.999
26 - INFO - chord#: 12 done. best_score=27.0, changed=520, unchanged=422, early_stops=8/8
26 - INFO - chord#: 14 In build_straw_man_chord_sa. tolerance = 1, sa_iterations = 1000, initial_temperature = 3.0, cooling_rate = 0.999
26 - INFO - chord#: 12 done. best_score=27.0, changed=522, unchanged=503, early_stops=8/8
26 - INFO - chord#: 14 In build_straw_man_chord_sa. tolerance = 1, sa_iterations = 1000, initial_temperature = 3.0, cooling_rate = 0.999
26 - INFO - chord#: 12 done. best_score=27.0, changed=519, unchanged=523, early_stops=8/8
26 - INFO - chord#: 14 In build_straw_man_chord_sa. tolerance = 1, sa_iterations = 1000, initial_temperature = 3.0, cooling_rate = 0.999
26 - INFO - chord#: 10 done. best_score=27.0, changed=527, unchanged=366, early_stops=8/8
26 - INFO - chord#: 12 In build_straw_man_chord_sa. tolerance = 1, sa_iterations = 1000, initial_temperature = 3.0, cooling_rate = 0.999
26 - INFO - chord#: 10 done. best_score=27.0, changed=527, unchanged=298, early_stops=8/8
26 - INFO - chord#: 12 In build_straw_man_chord_sa. tolerance = 1, sa_iterations = 1000, initial_temperature = 3.0, cooling_rate = 0.999
26 - INFO - chord#: 10 done. best_score=27.0, changed=549, unchanged=472, early_stops=8/8
26 - INFO - chord#: 12 In build_straw_man_chord_sa. tolerance = 1, sa_iterations = 1000, initial_temperature = 3.0, cooling_rate = 0.999
26 - INFO - chord#: 14 done. best_score=27.0, changed=521, unchanged=395, early_stops=8/8
26 - INFO - chord#: 16 In build_straw_man_chord_sa. tolerance = 1, sa_iterations = 1000, initial_temperature = 3.0, cooling_rate = 0.999
26 - INFO - chord#: 10 done. best_score=27.0, changed=532, unchanged=349, early_stops=8/8
26 - INFO - chord#: 12 In build_straw_man_chord_sa. tolerance = 1, sa_iterations = 1000, initial_temperature = 3.0, cooling_rate = 0.999
26 - INFO - chord#: 12 done. best_score=27.0, changed=527, unchanged=496, early_stops=8/8
26 - INFO - chord#: 14 In build_straw_man_chord_sa. tolerance = 1, sa_iterations = 1000, initial_temperature = 3.0, cooling_rate = 0.999
26 - INFO - chord#: 14 done. best_score=27.0, changed=522, unchanged=327, early_stops=8/8
26 - INFO - chord#: 16 In build_straw_man_chord_sa. tolerance = 1, sa_iterations = 1000, initial_temperature = 3.0, cooling_rate = 0.999
26 - INFO - chord#: 10 done. best_score=27.0, changed=532, unchanged=366, early_stops=8/8
26 - INFO - chord#: 12 In build_straw_man_chord_sa. tolerance = 1, sa_iterations = 1000, initial_temperature = 3.0, cooling_rate = 0.999
26 - INFO - chord#: 14 done. best_score=27.0, changed=518, unchanged=353, early_stops=8/8
26 - INFO - chord#: 16 In build_straw_man_chord_sa. tolerance = 1, sa_iterations = 1000, initial_temperature = 3.0, cooling_rate = 0.999
26 - INFO - chord#: 14 done. best_score=27.0, changed=530, unchanged=425, early_stops=8/8
26 - INFO - chord#: 16 In build_straw_man_chord_sa. tolerance = 1, sa_iterations = 1000, initial_temperature = 3.0, cooling_rate = 0.999
26 - INFO - chord#: 14 done. best_score=27.0, changed=518, unchanged=388, early_stops=8/8
26 - INFO - chord#: 16 In build_straw_man_chord_sa. tolerance = 1, sa_iterations = 1000, initial_temperature = 3.0, cooling_rate = 0.999
26 - INFO - chord#: 12 done. best_score=27.0, changed=520, unchanged=343, early_stops=8/8
26 - INFO - chord#: 14 In build_straw_man_chord_sa. tolerance = 1, sa_iterations = 1000, initial_temperature = 3.0, cooling_rate = 0.999
26 - INFO - chord#: 14 done. best_score=27.0, changed=519, unchanged=391, early_stops=8/8
26 - INFO - chord#: 16 In build_straw_man_chord_sa. tolerance = 1, sa_iterations = 1000, initial_temperature = 3.0, cooling_rate = 0.999
26 - INFO - chord#: 12 done. best_score=27.0, changed=523, unchanged=512, early_stops=8/8
26 - INFO - chord#: 14 In build_straw_man_chord_sa. tolerance = 1, sa_iterations = 1000, initial_temperature = 3.0, cooling_rate = 0.999
26 - INFO - chord#: 16 done. best_score=27.0, changed=518, unchanged=393, early_stops=8/8
26 - INFO - chord#: 18 In build_straw_man_chord_sa. tolerance = 1, sa_iterations = 1000, initial_temperature = 3.0, cooling_rate = 0.999
26 - INFO - chord#: 12 done. best_score=27.0, changed=516, unchanged=483, early_stops=8/8
26 - INFO - chord#: 14 In build_straw_man_chord_sa. tolerance = 1, sa_iterations = 1000, initial_temperature = 3.0, cooling_rate = 0.999
26 - INFO - chord#: 12 done. best_score=27.0, changed=513, unchanged=364, early_stops=8/8
26 - INFO - chord#: 14 In build_straw_man_chord_sa. tolerance = 1, sa_iterations = 1000, initial_temperature = 3.0, cooling_rate = 0.999
26 - INFO - chord#: 16 done. best_score=27.0, changed=530, unchanged=482, early_stops=8/8
26 - INFO - chord#: 18 In build_straw_man_chord_sa. tolerance = 1, sa_iterations = 1000, initial_temperature = 3.0, cooling_rate = 0.999
26 - INFO - chord#: 16 done. best_score=27.0, changed=519, unchanged=357, early_stops=8/8
26 - INFO - chord#: 18 In build_straw_man_chord_sa. tolerance = 1, sa_iterations = 1000, initial_temperature = 3.0, cooling_rate = 0.999
26 - INFO - chord#: 16 done. best_score=27.0, changed=530, unchanged=557, early_stops=8/8
26 - INFO - chord#: 18 In build_straw_man_chord_sa. tolerance = 1, sa_iterations = 1000, initial_temperature = 3.0, cooling_rate = 0.999
26 - INFO - chord#: 14 done. best_score=27.0, changed=533, unchanged=397, early_stops=8/8
26 - INFO - chord#: 16 In build_straw_man_chord_sa. tolerance = 1, sa_iterations = 1000, initial_temperature = 3.0, cooling_rate = 0.999
26 - INFO - chord#: 16 done. best_score=27.0, changed=527, unchanged=547, early_stops=8/8
26 - INFO - chord#: 18 In build_straw_man_chord_sa. tolerance = 1, sa_iterations = 1000, initial_temperature = 3.0, cooling_rate = 0.999
26 - INFO - chord#: 12 done. best_score=27.0, changed=514, unchanged=353, early_stops=8/8
26 - INFO - chord#: 14 In build_straw_man_chord_sa. tolerance = 1, sa_iterations = 1000, initial_temperature = 3.0, cooling_rate = 0.999
26 - INFO - chord#: 14 done. best_score=27.0, changed=524, unchanged=353, early_stops=8/8
26 - INFO - chord#: 16 In build_straw_man_chord_sa. tolerance = 1, sa_iterations = 1000, initial_temperature = 3.0, cooling_rate = 0.999
26 - INFO - chord#: 14 done. best_score=27.0, changed=531, unchanged=443, early_stops=8/8
26 - INFO - chord#: 16 In build_straw_man_chord_sa. tolerance = 1, sa_iterations = 1000, initial_temperature = 3.0, cooling_rate = 0.999
26 - INFO - chord#: 16 done. best_score=27.0, changed=522, unchanged=510, early_stops=8/8
26 - INFO - chord#: 18 In build_straw_man_chord_sa. tolerance = 1, sa_iterations = 1000, initial_temperature = 3.0, cooling_rate = 0.999
26 - INFO - chord#: 14 done. best_score=27.0, changed=525, unchanged=393, early_stops=8/8
26 - INFO - chord#: 16 In build_straw_man_chord_sa. tolerance = 1, sa_iterations = 1000, initial_temperature = 3.0, cooling_rate = 0.999
26 - INFO - chord#: 14 done. best_score=27.0, changed=523, unchanged=351, early_stops=8/8
26 - INFO - chord#: 16 In build_straw_man_chord_sa. tolerance = 1, sa_iterations = 1000, initial_temperature = 3.0, cooling_rate = 0.999
26 - INFO - chord#: 14 done. best_score=27.0, changed=520, unchanged=344, early_stops=8/8
26 - INFO - chord#: 16 In build_straw_man_chord_sa. tolerance = 1, sa_iterations = 1000, initial_temperature = 3.0, cooling_rate = 0.999
26 - INFO - chord#: 16 done. best_score=27.0, changed=520, unchanged=461, early_stops=8/8
26 - INFO - chord#: 18 In build_straw_man_chord_sa. tolerance = 1, sa_iterations = 1000, initial_temperature = 3.0, cooling_rate = 0.999
26 - INFO - chord#: 16 done. best_score=27.0, changed=521, unchanged=417, early_stops=8/8
26 - INFO - chord#: 18 In build_straw_man_chord_sa. tolerance = 1, sa_iterations = 1000, initial_temperature = 3.0, cooling_rate = 0.999
26 - INFO - chord#: 16 done. best_score=27.0, changed=518, unchanged=459, early_stops=8/8
26 - INFO - chord#: 18 In build_straw_man_chord_sa. tolerance = 1, sa_iterations = 1000, initial_temperature = 3.0, cooling_rate = 0.999
26 - INFO - chord#: 18 done. best_score=140.0, changed=605, unchanged=207, early_stops=8/8
26 - INFO - chord#: 20 In build_straw_man_chord_sa. tolerance = 1, sa_iterations = 1000, initial_temperature = 3.0, cooling_rate = 0.999
26 - INFO - chord#: 18 done. best_score=165.0, changed=607, unchanged=267, early_stops=8/8
26 - INFO - chord#: 20 In build_straw_man_chord_sa. tolerance = 1, sa_iterations = 1000, initial_temperature = 3.0, cooling_rate = 0.999
26 - INFO - chord#: 16 done. best_score=27.0, changed=513, unchanged=328, early_stops=8/8
26 - INFO - chord#: 18 In build_straw_man_chord_sa. tolerance = 1, sa_iterations = 1000, initial_temperature = 3.0, cooling_rate = 0.999
26 - INFO - chord#: 18 done. best_score=78.0, changed=609, unchanged=349, early_stops=8/8
26 - INFO - chord#: 20 In build_straw_man_chord_sa. tolerance = 1, sa_iterations = 1000, initial_temperature = 3.0, cooling_rate = 0.999
26 - INFO - chord#: 18 done. best_score=78.0, changed=611, unchanged=283, early_stops=8/8
26 - INFO - chord#: 20 In build_straw_man_chord_sa. tolerance = 1, sa_iterations = 1000, initial_temperature = 3.0, cooling_rate = 0.999
26 - INFO - chord#: 18 done. best_score=78.0, changed=611, unchanged=307, early_stops=8/8
26 - INFO - chord#: 20 In build_straw_man_chord_sa. tolerance = 1, sa_iterations = 1000, initial_temperature = 3.0, cooling_rate = 0.999
26 - INFO - chord#: 16 done. best_score=27.0, changed=515, unchanged=456, early_stops=8/8
26 - INFO - chord#: 18 In build_straw_man_chord_sa. tolerance = 1, sa_iterations = 1000, initial_temperature = 3.0, cooling_rate = 0.999
26 - INFO - chord#: 16 done. best_score=27.0, changed=522, unchanged=518, early_stops=8/8
26 - INFO - chord#: 18 In build_straw_man_chord_sa. tolerance = 1, sa_iterations = 1000, initial_temperature = 3.0, cooling_rate = 0.999
26 - INFO - chord#: 20 done. best_score=27.0, changed=515, unchanged=417, early_stops=8/8
26 - INFO - chord#: 22 In build_straw_man_chord_sa. tolerance = 1, sa_iterations = 1000, initial_temperature = 3.0, cooling_rate = 0.999
26 - INFO - chord#: 20 done. best_score=27.0, changed=513, unchanged=395, early_stops=8/8
26 - INFO - chord#: 22 In build_straw_man_chord_sa. tolerance = 1, sa_iterations = 1000, initial_temperature = 3.0, cooling_rate = 0.999
26 - INFO - chord#: 20 done. best_score=27.0, changed=523, unchanged=517, early_stops=8/8
26 - INFO - chord#: 22 In build_straw_man_chord_sa. tolerance = 1, sa_iterations = 1000, initial_temperature = 3.0, cooling_rate = 0.999
26 - INFO - chord#: 20 done. best_score=27.0, changed=521, unchanged=526, early_stops=8/8
26 - INFO - chord#: 22 In build_straw_man_chord_sa. tolerance = 1, sa_iterations = 1000, initial_temperature = 3.0, cooling_rate = 0.999
26 - INFO - chord#: 20 done. best_score=27.0, changed=520, unchanged=533, early_stops=8/8
26 - INFO - chord#: 22 In build_straw_man_chord_sa. tolerance = 1, sa_iterations = 1000, initial_temperature = 3.0, cooling_rate = 0.999
26 - INFO - chord#: 22 done. best_score=27.0, changed=518, unchanged=386, early_stops=8/8
26 - INFO - chord#: 24 In build_straw_man_chord_sa. tolerance = 1, sa_iterations = 1000, initial_temperature = 3.0, cooling_rate = 0.999
26 - INFO - chord#: 22 done. best_score=27.0, changed=536, unchanged=575, early_stops=8/8
26 - INFO - chord#: 24 In build_straw_man_chord_sa. tolerance = 1, sa_iterations = 1000, initial_temperature = 3.0, cooling_rate = 0.999
26 - INFO - chord#: 22 done. best_score=27.0, changed=519, unchanged=445, early_stops=8/8
26 - INFO - chord#: 24 In build_straw_man_chord_sa. tolerance = 1, sa_iterations = 1000, initial_temperature = 3.0, cooling_rate = 0.999
26 - INFO - chord#: 18 done. best_score=78.0, changed=606, unchanged=334, early_stops=8/8
26 - INFO - chord#: 20 In build_straw_man_chord_sa. tolerance = 1, sa_iterations = 1000, initial_temperature = 3.0, cooling_rate = 0.999
26 - INFO - chord#: 18 done. best_score=78.0, changed=612, unchanged=497, early_stops=8/8
26 - INFO - chord#: 20 In build_straw_man_chord_sa. tolerance = 1, sa_iterations = 1000, initial_temperature = 3.0, cooling_rate = 0.999
26 - INFO - chord#: 22 done. best_score=27.0, changed=518, unchanged=430, early_stops=8/8
26 - INFO - chord#: 24 In build_straw_man_chord_sa. tolerance = 1, sa_iterations = 1000, initial_temperature = 3.0, cooling_rate = 0.999
26 - INFO - chord#: 22 done. best_score=27.0, changed=521, unchanged=377, early_stops=8/8
26 - INFO - chord#: 24 In build_straw_man_chord_sa. tolerance = 1, sa_iterations = 1000, initial_temperature = 3.0, cooling_rate = 0.999
26 - INFO - chord#: 18 done. best_score=78.0, changed=617, unchanged=409, early_stops=8/8
26 - INFO - chord#: 20 In build_straw_man_chord_sa. tolerance = 1, sa_iterations = 1000, initial_temperature = 3.0, cooling_rate = 0.999
26 - INFO - chord#: 18 done. best_score=78.0, changed=608, unchanged=204, early_stops=8/8
26 - INFO - chord#: 20 In build_straw_man_chord_sa. tolerance = 1, sa_iterations = 1000, initial_temperature = 3.0, cooling_rate = 0.999
26 - INFO - chord#: 18 done. best_score=140.0, changed=618, unchanged=318, early_stops=8/8
26 - INFO - chord#: 20 In build_straw_man_chord_sa. tolerance = 1, sa_iterations = 1000, initial_temperature = 3.0, cooling_rate = 0.999
26 - INFO - chord#: 24 done. best_score=27.0, changed=513, unchanged=353, early_stops=8/8
26 - INFO - chord#: 28 In build_straw_man_chord_sa. tolerance = 1, sa_iterations = 1000, initial_temperature = 3.0, cooling_rate = 0.999
26 - INFO - chord#: 24 done. best_score=27.0, changed=512, unchanged=336, early_stops=8/8
26 - INFO - chord#: 28 In build_straw_man_chord_sa. tolerance = 1, sa_iterations = 1000, initial_temperature = 3.0, cooling_rate = 0.999
26 - INFO - chord#: 24 done. best_score=27.0, changed=522, unchanged=345, early_stops=8/8
26 - INFO - chord#: 28 In build_straw_man_chord_sa. tolerance = 1, sa_iterations = 1000, initial_temperature = 3.0, cooling_rate = 0.999
26 - INFO - chord#: 24 done. best_score=27.0, changed=518, unchanged=345, early_stops=8/8
26 - INFO - chord#: 28 In build_straw_man_chord_sa. tolerance = 1, sa_iterations = 1000, initial_temperature = 3.0, cooling_rate = 0.999
26 - INFO - chord#: 18 done. best_score=78.0, changed=606, unchanged=241, early_stops=8/8
26 - INFO - chord#: 20 In build_straw_man_chord_sa. tolerance = 1, sa_iterations = 1000, initial_temperature = 3.0, cooling_rate = 0.999
26 - INFO - chord#: 24 done. best_score=27.0, changed=527, unchanged=514, early_stops=8/8
26 - INFO - chord#: 18 done. best_score=78.0, changed=615, unchanged=416, early_stops=8/8
26 - INFO - chord#: 20 In build_straw_man_chord_sa. tolerance = 1, sa_iterations = 1000, initial_temperature = 3.0, cooling_rate = 0.999
26 - INFO - chord#: 28 In build_straw_man_chord_sa. tolerance = 1, sa_iterations = 1000, initial_temperature = 3.0, cooling_rate = 0.999
26 - INFO - chord#: 20 done. best_score=27.0, changed=516, unchanged=380, early_stops=8/8
26 - INFO - chord#: 22 In build_straw_man_chord_sa. tolerance = 1, sa_iterations = 1000, initial_temperature = 3.0, cooling_rate = 0.999
26 - INFO - chord#: 20 done. best_score=27.0, changed=525, unchanged=425, early_stops=8/8
26 - INFO - chord#: 22 In build_straw_man_chord_sa. tolerance = 1, sa_iterations = 1000, initial_temperature = 3.0, cooling_rate = 0.999
26 - INFO - chord#: 20 done. best_score=27.0, changed=513, unchanged=412, early_stops=8/8
26 - INFO - chord#: 22 In build_straw_man_chord_sa. tolerance = 1, sa_iterations = 1000, initial_temperature = 3.0, cooling_rate = 0.999
26 - INFO - chord#: 28 done. best_score=27.0, changed=524, unchanged=541, early_stops=8/8
26 - INFO - chord#: 20 done. best_score=27.0, changed=521, unchanged=422, early_stops=8/8
26 - INFO - chord#: 32 In build_straw_man_chord_sa. tolerance = 1, sa_iterations = 1000, initial_temperature = 3.0, cooling_rate = 0.999
26 - INFO - chord#: 22 In build_straw_man_chord_sa. tolerance = 1, sa_iterations = 1000, initial_temperature = 3.0, cooling_rate = 0.999
26 - INFO - chord#: 28 done. best_score=36.0, changed=527, unchanged=553, early_stops=8/8
26 - INFO - chord#: 32 In build_straw_man_chord_sa. tolerance = 1, sa_iterations = 1000, initial_temperature = 3.0, cooling_rate = 0.999
26 - INFO - chord#: 28 done. best_score=27.0, changed=516, unchanged=440, early_stops=8/8
26 - INFO - chord#: 32 In build_straw_man_chord_sa. tolerance = 1, sa_iterations = 1000, initial_temperature = 3.0, cooling_rate = 0.999
26 - INFO - chord#: 20 done. best_score=27.0, changed=527, unchanged=522, early_stops=8/8
26 - INFO - chord#: 22 In build_straw_man_chord_sa. tolerance = 1, sa_iterations = 1000, initial_temperature = 3.0, cooling_rate = 0.999
26 - INFO - chord#: 28 done. best_score=27.0, changed=516, unchanged=464, early_stops=8/8
26 - INFO - chord#: 32 In build_straw_man_chord_sa. tolerance = 1, sa_iterations = 1000, initial_temperature = 3.0, cooling_rate = 0.999
26 - INFO - chord#: 28 done. best_score=27.0, changed=522, unchanged=366, early_stops=8/8
26 - INFO - chord#: 32 In build_straw_man_chord_sa. tolerance = 1, sa_iterations = 1000, initial_temperature = 3.0, cooling_rate = 0.999
26 - INFO - chord#: 22 done. best_score=27.0, changed=515, unchanged=398, early_stops=8/8
26 - INFO - chord#: 24 In build_straw_man_chord_sa. tolerance = 1, sa_iterations = 1000, initial_temperature = 3.0, cooling_rate = 0.999
26 - INFO - chord#: 20 done. best_score=27.0, changed=508, unchanged=337, early_stops=8/8
26 - INFO - chord#: 22 In build_straw_man_chord_sa. tolerance = 1, sa_iterations = 1000, initial_temperature = 3.0, cooling_rate = 0.999
26 - INFO - chord#: 20 done. best_score=27.0, changed=517, unchanged=506, early_stops=8/8
26 - INFO - chord#: 22 In build_straw_man_chord_sa. tolerance = 1, sa_iterations = 1000, initial_temperature = 3.0, cooling_rate = 0.999
26 - INFO - chord#: 22 done. best_score=27.0, changed=516, unchanged=353, early_stops=8/8
26 - INFO - chord#: 24 In build_straw_man_chord_sa. tolerance = 1, sa_iterations = 1000, initial_temperature = 3.0, cooling_rate = 0.999
26 - INFO - chord#: 22 done. best_score=27.0, changed=522, unchanged=472, early_stops=8/8
26 - INFO - chord#: 24 In build_straw_man_chord_sa. tolerance = 1, sa_iterations = 1000, initial_temperature = 3.0, cooling_rate = 0.999
26 - INFO - chord#: 32 done. best_score=27.0, changed=516, unchanged=355, early_stops=8/8
26 - INFO - chord#: 34 In build_straw_man_chord_sa. tolerance = 1, sa_iterations = 1000, initial_temperature = 3.0, cooling_rate = 0.999
26 - INFO - chord#: 32 done. best_score=27.0, changed=521, unchanged=360, early_stops=8/8
26 - INFO - chord#: 34 In build_straw_man_chord_sa. tolerance = 1, sa_iterations = 1000, initial_temperature = 3.0, cooling_rate = 0.999
26 - INFO - chord#: 32 done. best_score=27.0, changed=524, unchanged=443, early_stops=8/8
26 - INFO - chord#: 34 In build_straw_man_chord_sa. tolerance = 1, sa_iterations = 1000, initial_temperature = 3.0, cooling_rate = 0.999
26 - INFO - chord#: 32 done. best_score=27.0, changed=522, unchanged=415, early_stops=8/8
26 - INFO - chord#: 34 In build_straw_man_chord_sa. tolerance = 1, sa_iterations = 1000, initial_temperature = 3.0, cooling_rate = 0.999
26 - INFO - chord#: 32 done. best_score=27.0, changed=524, unchanged=393, early_stops=8/8
26 - INFO - chord#: 34 In build_straw_man_chord_sa. tolerance = 1, sa_iterations = 1000, initial_temperature = 3.0, cooling_rate = 0.999
26 - INFO - chord#: 22 done. best_score=27.0, changed=532, unchanged=483, early_stops=8/8
26 - INFO - chord#: 24 In build_straw_man_chord_sa. tolerance = 1, sa_iterations = 1000, initial_temperature = 3.0, cooling_rate = 0.999
26 - INFO - chord#: 24 done. best_score=27.0, changed=522, unchanged=504, early_stops=8/8
26 - INFO - chord#: 28 In build_straw_man_chord_sa. tolerance = 1, sa_iterations = 1000, initial_temperature = 3.0, cooling_rate = 0.999
26 - INFO - chord#: 22 done. best_score=27.0, changed=529, unchanged=417, early_stops=8/8
26 - INFO - chord#: 24 In build_straw_man_chord_sa. tolerance = 1, sa_iterations = 1000, initial_temperature = 3.0, cooling_rate = 0.999
26 - INFO - chord#: 22 done. best_score=27.0, changed=518, unchanged=369, early_stops=8/8
26 - INFO - chord#: 24 In build_straw_man_chord_sa. tolerance = 1, sa_iterations = 1000, initial_temperature = 3.0, cooling_rate = 0.999
26 - INFO - chord#: 24 done. best_score=27.0, changed=517, unchanged=387, early_stops=8/8
26 - INFO - chord#: 28 In build_straw_man_chord_sa. tolerance = 1, sa_iterations = 1000, initial_temperature = 3.0, cooling_rate = 0.999
26 - INFO - chord#: 22 done. best_score=27.0, changed=524, unchanged=420, early_stops=8/8
26 - INFO - chord#: 24 In build_straw_man_chord_sa. tolerance = 1, sa_iterations = 1000, initial_temperature = 3.0, cooling_rate = 0.999
26 - INFO - chord#: 24 done. best_score=27.0, changed=522, unchanged=587, early_stops=8/8
26 - INFO - chord#: 28 In build_straw_man_chord_sa. tolerance = 1, sa_iterations = 1000, initial_temperature = 3.0, cooling_rate = 0.999
26 - INFO - chord#: 28 done. best_score=27.0, changed=512, unchanged=324, early_stops=8/8
26 - INFO - chord#: 32 In build_straw_man_chord_sa. tolerance = 1, sa_iterations = 1000, initial_temperature = 3.0, cooling_rate = 0.999
26 - INFO - chord#: 24 done. best_score=27.0, changed=517, unchanged=332, early_stops=8/8
26 - INFO - chord#: 28 In build_straw_man_chord_sa. tolerance = 1, sa_iterations = 1000, initial_temperature = 3.0, cooling_rate = 0.999
26 - INFO - chord#: 24 done. best_score=27.0, changed=521, unchanged=359, early_stops=8/8
26 - INFO - chord#: 28 In build_straw_man_chord_sa. tolerance = 1, sa_iterations = 1000, initial_temperature = 3.0, cooling_rate = 0.999
26 - INFO - chord#: 34 done. best_score=94.0, changed=613, unchanged=330, early_stops=8/8
26 - INFO - chord#: 36 In build_straw_man_chord_sa. tolerance = 1, sa_iterations = 1000, initial_temperature = 3.0, cooling_rate = 0.999
26 - INFO - chord#: 24 done. best_score=27.0, changed=526, unchanged=513, early_stops=8/8
26 - INFO - chord#: 28 In build_straw_man_chord_sa. tolerance = 1, sa_iterations = 1000, initial_temperature = 3.0, cooling_rate = 0.999
26 - INFO - chord#: 28 done. best_score=27.0, changed=520, unchanged=451, early_stops=8/8
26 - INFO - chord#: 32 In build_straw_man_chord_sa. tolerance = 1, sa_iterations = 1000, initial_temperature = 3.0, cooling_rate = 0.999
26 - INFO - chord#: 34 done. best_score=93.0, changed=616, unchanged=371, early_stops=8/8
26 - INFO - chord#: 36 In build_straw_man_chord_sa. tolerance = 1, sa_iterations = 1000, initial_temperature = 3.0, cooling_rate = 0.999
26 - INFO - chord#: 34 done. best_score=94.0, changed=615, unchanged=416, early_stops=8/8
26 - INFO - chord#: 36 In build_straw_man_chord_sa. tolerance = 1, sa_iterations = 1000, initial_temperature = 3.0, cooling_rate = 0.999
26 - INFO - chord#: 32 done. best_score=27.0, changed=526, unchanged=458, early_stops=8/8
26 - INFO - chord#: 34 In build_straw_man_chord_sa. tolerance = 1, sa_iterations = 1000, initial_temperature = 3.0, cooling_rate = 0.999
26 - INFO - chord#: 24 done. best_score=27.0, changed=527, unchanged=620, early_stops=8/8
26 - INFO - chord#: 28 In build_straw_man_chord_sa. tolerance = 1, sa_iterations = 1000, initial_temperature = 3.0, cooling_rate = 0.999
26 - INFO - chord#: 34 done. best_score=93.0, changed=614, unchanged=364, early_stops=8/8
26 - INFO - chord#: 36 In build_straw_man_chord_sa. tolerance = 1, sa_iterations = 1000, initial_temperature = 3.0, cooling_rate = 0.999
26 - INFO - chord#: 28 done. best_score=27.0, changed=533, unchanged=526, early_stops=8/8
26 - INFO - chord#: 32 In build_straw_man_chord_sa. tolerance = 1, sa_iterations = 1000, initial_temperature = 3.0, cooling_rate = 0.999
26 - INFO - chord#: 34 done. best_score=96.0, changed=623, unchanged=592, early_stops=8/8
26 - INFO - chord#: 36 In build_straw_man_chord_sa. tolerance = 1, sa_iterations = 1000, initial_temperature = 3.0, cooling_rate = 0.999
26 - INFO - chord#: 28 done. best_score=27.0, changed=518, unchanged=440, early_stops=8/8
26 - INFO - chord#: 32 In build_straw_man_chord_sa. tolerance = 1, sa_iterations = 1000, initial_temperature = 3.0, cooling_rate = 0.999
26 - INFO - chord#: 28 done. best_score=27.0, changed=521, unchanged=434, early_stops=8/8
26 - INFO - chord#: 32 In build_straw_man_chord_sa. tolerance = 1, sa_iterations = 1000, initial_temperature = 3.0, cooling_rate = 0.999
26 - INFO - chord#: 36 done. best_score=27.0, changed=523, unchanged=486, early_stops=8/8
26 - INFO - chord#: 38 In build_straw_man_chord_sa. tolerance = 1, sa_iterations = 1000, initial_temperature = 3.0, cooling_rate = 0.999
26 - INFO - chord#: 36 done. best_score=27.0, changed=515, unchanged=330, early_stops=8/8
26 - INFO - chord#: 38 In build_straw_man_chord_sa. tolerance = 1, sa_iterations = 1000, initial_temperature = 3.0, cooling_rate = 0.999
26 - INFO - chord#: 36 done. best_score=27.0, changed=521, unchanged=407, early_stops=8/8
26 - INFO - chord#: 38 In build_straw_man_chord_sa. tolerance = 1, sa_iterations = 1000, initial_temperature = 3.0, cooling_rate = 0.999
26 - INFO - chord#: 28 done. best_score=27.0, changed=512, unchanged=356, early_stops=8/8
26 - INFO - chord#: 32 In build_straw_man_chord_sa. tolerance = 1, sa_iterations = 1000, initial_temperature = 3.0, cooling_rate = 0.999
26 - INFO - chord#: 36 done. best_score=27.0, changed=516, unchanged=415, early_stops=8/8
26 - INFO - chord#: 38 In build_straw_man_chord_sa. tolerance = 1, sa_iterations = 1000, initial_temperature = 3.0, cooling_rate = 0.999
26 - INFO - chord#: 32 done. best_score=27.0, changed=519, unchanged=504, early_stops=8/8
26 - INFO - chord#: 34 In build_straw_man_chord_sa. tolerance = 1, sa_iterations = 1000, initial_temperature = 3.0, cooling_rate = 0.999
26 - INFO - chord#: 28 done. best_score=27.0, changed=519, unchanged=442, early_stops=8/8
26 - INFO - chord#: 32 In build_straw_man_chord_sa. tolerance = 1, sa_iterations = 1000, initial_temperature = 3.0, cooling_rate = 0.999
26 - INFO - chord#: 36 done. best_score=27.0, changed=524, unchanged=331, early_stops=8/8
26 - INFO - chord#: 38 In build_straw_man_chord_sa. tolerance = 1, sa_iterations = 1000, initial_temperature = 3.0, cooling_rate = 0.999
26 - INFO - chord#: 32 done. best_score=27.0, changed=523, unchanged=517, early_stops=8/8
26 - INFO - chord#: 34 In build_straw_man_chord_sa. tolerance = 1, sa_iterations = 1000, initial_temperature = 3.0, cooling_rate = 0.999
26 - INFO - chord#: 32 done. best_score=27.0, changed=520, unchanged=461, early_stops=8/8
26 - INFO - chord#: 34 In build_straw_man_chord_sa. tolerance = 1, sa_iterations = 1000, initial_temperature = 3.0, cooling_rate = 0.999
26 - INFO - chord#: 32 done. best_score=36.0, changed=515, unchanged=405, early_stops=8/8
26 - INFO - chord#: 34 In build_straw_man_chord_sa. tolerance = 1, sa_iterations = 1000, initial_temperature = 3.0, cooling_rate = 0.999
26 - INFO - chord#: 32 done. best_score=27.0, changed=521, unchanged=470, early_stops=8/8
26 - INFO - chord#: 34 In build_straw_man_chord_sa. tolerance = 1, sa_iterations = 1000, initial_temperature = 3.0, cooling_rate = 0.999
26 - INFO - chord#: 34 done. best_score=105.0, changed=619, unchanged=402, early_stops=8/8
26 - INFO - chord#: 36 In build_straw_man_chord_sa. tolerance = 1, sa_iterations = 1000, initial_temperature = 3.0, cooling_rate = 0.999
26 - INFO - chord#: 32 done. best_score=27.0, changed=516, unchanged=422, early_stops=8/8
26 - INFO - chord#: 34 In build_straw_man_chord_sa. tolerance = 1, sa_iterations = 1000, initial_temperature = 3.0, cooling_rate = 0.999
26 - INFO - chord#: 38 done. best_score=137.0, changed=608, unchanged=297, early_stops=8/8
26 - INFO - chord#: 40 In build_straw_man_chord_sa. tolerance = 1, sa_iterations = 1000, initial_temperature = 3.0, cooling_rate = 0.999
26 - INFO - chord#: 38 done. best_score=74.0, changed=610, unchanged=256, early_stops=8/8
26 - INFO - chord#: 40 In build_straw_man_chord_sa. tolerance = 1, sa_iterations = 1000, initial_temperature = 3.0, cooling_rate = 0.999
26 - INFO - chord#: 38 done. best_score=74.0, changed=615, unchanged=302, early_stops=8/8
26 - INFO - chord#: 40 In build_straw_man_chord_sa. tolerance = 1, sa_iterations = 1000, initial_temperature = 3.0, cooling_rate = 0.999
26 - INFO - chord#: 36 done. best_score=27.0, changed=523, unchanged=471, early_stops=8/8
26 - INFO - chord#: 38 In build_straw_man_chord_sa. tolerance = 1, sa_iterations = 1000, initial_temperature = 3.0, cooling_rate = 0.999
26 - INFO - chord#: 38 done. best_score=74.0, changed=613, unchanged=443, early_stops=8/8
26 - INFO - chord#: 40 In build_straw_man_chord_sa. tolerance = 1, sa_iterations = 1000, initial_temperature = 3.0, cooling_rate = 0.999
26 - INFO - chord#: 38 done. best_score=104.0, changed=612, unchanged=331, early_stops=8/8
26 - INFO - chord#: 40 In build_straw_man_chord_sa. tolerance = 1, sa_iterations = 1000, initial_temperature = 3.0, cooling_rate = 0.999
26 - INFO - chord#: 40 done. best_score=27.0, changed=532, unchanged=451, early_stops=8/8
26 - INFO - chord#: 42 In build_straw_man_chord_sa. tolerance = 1, sa_iterations = 1000, initial_temperature = 3.0, cooling_rate = 0.999
26 - INFO - chord#: 40 done. best_score=27.0, changed=515, unchanged=352, early_stops=8/8
26 - INFO - chord#: 42 In build_straw_man_chord_sa. tolerance = 1, sa_iterations = 1000, initial_temperature = 3.0, cooling_rate = 0.999
26 - INFO - chord#: 40 done. best_score=27.0, changed=524, unchanged=498, early_stops=8/8
26 - INFO - chord#: 42 In build_straw_man_chord_sa. tolerance = 1, sa_iterations = 1000, initial_temperature = 3.0, cooling_rate = 0.999
26 - INFO - chord#: 34 done. best_score=168.0, changed=607, unchanged=308, early_stops=8/8
26 - INFO - chord#: 36 In build_straw_man_chord_sa. tolerance = 1, sa_iterations = 1000, initial_temperature = 3.0, cooling_rate = 0.999
26 - INFO - chord#: 34 done. best_score=93.0, changed=617, unchanged=335, early_stops=8/8
26 - INFO - chord#: 36 In build_straw_man_chord_sa. tolerance = 1, sa_iterations = 1000, initial_temperature = 3.0, cooling_rate = 0.999
26 - INFO - chord#: 34 done. best_score=93.0, changed=620, unchanged=478, early_stops=8/8
26 - INFO - chord#: 36 In build_straw_man_chord_sa. tolerance = 1, sa_iterations = 1000, initial_temperature = 3.0, cooling_rate = 0.999
26 - INFO - chord#: 34 done. best_score=93.0, changed=614, unchanged=435, early_stops=8/8
26 - INFO - chord#: 36 In build_straw_man_chord_sa. tolerance = 1, sa_iterations = 1000, initial_temperature = 3.0, cooling_rate = 0.999
26 - INFO - chord#: 34 done. best_score=94.0, changed=615, unchanged=302, early_stops=8/8
26 - INFO - chord#: 36 In build_straw_man_chord_sa. tolerance = 1, sa_iterations = 1000, initial_temperature = 3.0, cooling_rate = 0.999
26 - INFO - chord#: 40 done. best_score=27.0, changed=521, unchanged=494, early_stops=8/8
26 - INFO - chord#: 42 In build_straw_man_chord_sa. tolerance = 1, sa_iterations = 1000, initial_temperature = 3.0, cooling_rate = 0.999
26 - INFO - chord#: 42 done. best_score=27.0, changed=525, unchanged=347, early_stops=8/8
26 - INFO - chord#: 44 In build_straw_man_chord_sa. tolerance = 1, sa_iterations = 1000, initial_temperature = 3.0, cooling_rate = 0.999
26 - INFO - chord#: 40 done. best_score=27.0, changed=529, unchanged=394, early_stops=8/8
26 - INFO - chord#: 42 In build_straw_man_chord_sa. tolerance = 1, sa_iterations = 1000, initial_temperature = 3.0, cooling_rate = 0.999
26 - INFO - chord#: 42 done. best_score=27.0, changed=539, unchanged=365, early_stops=8/8
26 - INFO - chord#: 44 In build_straw_man_chord_sa. tolerance = 1, sa_iterations = 1000, initial_temperature = 3.0, cooling_rate = 0.999
26 - INFO - chord#: 42 done. best_score=27.0, changed=526, unchanged=483, early_stops=8/8
26 - INFO - chord#: 44 In build_straw_man_chord_sa. tolerance = 1, sa_iterations = 1000, initial_temperature = 3.0, cooling_rate = 0.999
26 - INFO - chord#: 34 done. best_score=93.0, changed=614, unchanged=352, early_stops=8/8
26 - INFO - chord#: 36 In build_straw_man_chord_sa. tolerance = 1, sa_iterations = 1000, initial_temperature = 3.0, cooling_rate = 0.999
26 - INFO - chord#: 42 done. best_score=27.0, changed=526, unchanged=321, early_stops=8/8
26 - INFO - chord#: 44 In build_straw_man_chord_sa. tolerance = 1, sa_iterations = 1000, initial_temperature = 3.0, cooling_rate = 0.999
26 - INFO - chord#: 36 done. best_score=27.0, changed=528, unchanged=417, early_stops=8/8
26 - INFO - chord#: 38 In build_straw_man_chord_sa. tolerance = 1, sa_iterations = 1000, initial_temperature = 3.0, cooling_rate = 0.999
26 - INFO - chord#: 42 done. best_score=27.0, changed=519, unchanged=331, early_stops=8/8
26 - INFO - chord#: 44 In build_straw_man_chord_sa. tolerance = 1, sa_iterations = 1000, initial_temperature = 3.0, cooling_rate = 0.999
26 - INFO - chord#: 36 done. best_score=27.0, changed=517, unchanged=390, early_stops=8/8
26 - INFO - chord#: 38 In build_straw_man_chord_sa. tolerance = 1, sa_iterations = 1000, initial_temperature = 3.0, cooling_rate = 0.999
26 - INFO - chord#: 44 done. best_score=27.0, changed=523, unchanged=466, early_stops=8/8
26 - INFO - chord#: 46 In build_straw_man_chord_sa. tolerance = 1, sa_iterations = 1000, initial_temperature = 3.0, cooling_rate = 0.999
26 - INFO - chord#: 36 done. best_score=27.0, changed=526, unchanged=499, early_stops=8/8
26 - INFO - chord#: 38 In build_straw_man_chord_sa. tolerance = 1, sa_iterations = 1000, initial_temperature = 3.0, cooling_rate = 0.999
26 - INFO - chord#: 38 done. best_score=74.0, changed=614, unchanged=380, early_stops=8/8
26 - INFO - chord#: 40 In build_straw_man_chord_sa. tolerance = 1, sa_iterations = 1000, initial_temperature = 3.0, cooling_rate = 0.999
26 - INFO - chord#: 36 done. best_score=27.0, changed=512, unchanged=348, early_stops=8/8
26 - INFO - chord#: 38 In build_straw_man_chord_sa. tolerance = 1, sa_iterations = 1000, initial_temperature = 3.0, cooling_rate = 0.999
26 - INFO - chord#: 44 done. best_score=27.0, changed=520, unchanged=344, early_stops=8/8
26 - INFO - chord#: 46 In build_straw_man_chord_sa. tolerance = 1, sa_iterations = 1000, initial_temperature = 3.0, cooling_rate = 0.999
26 - INFO - chord#: 36 done. best_score=27.0, changed=524, unchanged=402, early_stops=8/8
26 - INFO - chord#: 38 In build_straw_man_chord_sa. tolerance = 1, sa_iterations = 1000, initial_temperature = 3.0, cooling_rate = 0.999
26 - INFO - chord#: 44 done. best_score=27.0, changed=519, unchanged=457, early_stops=8/8
26 - INFO - chord#: 46 In build_straw_man_chord_sa. tolerance = 1, sa_iterations = 1000, initial_temperature = 3.0, cooling_rate = 0.999
26 - INFO - chord#: 44 done. best_score=27.0, changed=520, unchanged=380, early_stops=8/8
26 - INFO - chord#: 46 In build_straw_man_chord_sa. tolerance = 1, sa_iterations = 1000, initial_temperature = 3.0, cooling_rate = 0.999
26 - INFO - chord#: 44 done. best_score=27.0, changed=516, unchanged=403, early_stops=8/8
26 - INFO - chord#: 46 In build_straw_man_chord_sa. tolerance = 1, sa_iterations = 1000, initial_temperature = 3.0, cooling_rate = 0.999
26 - INFO - chord#: 36 done. best_score=27.0, changed=522, unchanged=392, early_stops=8/8
26 - INFO - chord#: 38 In build_straw_man_chord_sa. tolerance = 1, sa_iterations = 1000, initial_temperature = 3.0, cooling_rate = 0.999
26 - INFO - chord#: 40 done. best_score=27.0, changed=513, unchanged=330, early_stops=8/8
26 - INFO - chord#: 42 In build_straw_man_chord_sa. tolerance = 1, sa_iterations = 1000, initial_temperature = 3.0, cooling_rate = 0.999
26 - INFO - chord#: 42 done. best_score=27.0, changed=525, unchanged=342, early_stops=8/8
26 - INFO - chord#: 44 In build_straw_man_chord_sa. tolerance = 1, sa_iterations = 1000, initial_temperature = 3.0, cooling_rate = 0.999
26 - INFO - chord#: 46 done. best_score=104.0, changed=610, unchanged=274, early_stops=8/8
26 - INFO - chord#: 48 In build_straw_man_chord_sa. tolerance = 1, sa_iterations = 1000, initial_temperature = 3.0, cooling_rate = 0.999
26 - INFO - chord#: 46 done. best_score=71.0, changed=606, unchanged=276, early_stops=8/8
26 - INFO - chord#: 48 In build_straw_man_chord_sa. tolerance = 1, sa_iterations = 1000, initial_temperature = 3.0, cooling_rate = 0.999
26 - INFO - chord#: 38 done. best_score=74.0, changed=610, unchanged=210, early_stops=8/8
26 - INFO - chord#: 40 In build_straw_man_chord_sa. tolerance = 1, sa_iterations = 1000, initial_temperature = 3.0, cooling_rate = 0.999
26 - INFO - chord#: 38 done. best_score=74.0, changed=607, unchanged=256, early_stops=8/8
26 - INFO - chord#: 40 In build_straw_man_chord_sa. tolerance = 1, sa_iterations = 1000, initial_temperature = 3.0, cooling_rate = 0.999
26 - INFO - chord#: 46 done. best_score=71.0, changed=616, unchanged=489, early_stops=8/8
26 - INFO - chord#: 48 In build_straw_man_chord_sa. tolerance = 1, sa_iterations = 1000, initial_temperature = 3.0, cooling_rate = 0.999
26 - INFO - chord#: 46 done. best_score=146.0, changed=614, unchanged=339, early_stops=8/8
26 - INFO - chord#: 48 In build_straw_man_chord_sa. tolerance = 1, sa_iterations = 1000, initial_temperature = 3.0, cooling_rate = 0.999
26 - INFO - chord#: 38 done. best_score=96.0, changed=609, unchanged=324, early_stops=8/8
26 - INFO - chord#: 40 In build_straw_man_chord_sa. tolerance = 1, sa_iterations = 1000, initial_temperature = 3.0, cooling_rate = 0.999
26 - INFO - chord#: 44 done. best_score=27.0, changed=518, unchanged=512, early_stops=8/8
26 - INFO - chord#: 46 In build_straw_man_chord_sa. tolerance = 1, sa_iterations = 1000, initial_temperature = 3.0, cooling_rate = 0.999
26 - INFO - chord#: 46 done. best_score=64.0, changed=608, unchanged=369, early_stops=8/8
26 - INFO - chord#: 48 In build_straw_man_chord_sa. tolerance = 1, sa_iterations = 1000, initial_temperature = 3.0, cooling_rate = 0.999
26 - INFO - chord#: 38 done. best_score=74.0, changed=610, unchanged=314, early_stops=8/8
26 - INFO - chord#: 40 In build_straw_man_chord_sa. tolerance = 1, sa_iterations = 1000, initial_temperature = 3.0, cooling_rate = 0.999
26 - INFO - chord#: 38 done. best_score=121.0, changed=611, unchanged=348, early_stops=8/8
26 - INFO - chord#: 40 In build_straw_man_chord_sa. tolerance = 1, sa_iterations = 1000, initial_temperature = 3.0, cooling_rate = 0.999
26 - INFO - chord#: 40 done. best_score=27.0, changed=521, unchanged=457, early_stops=8/8
26 - INFO - chord#: 42 In build_straw_man_chord_sa. tolerance = 1, sa_iterations = 1000, initial_temperature = 3.0, cooling_rate = 0.999
26 - INFO - chord#: 38 done. best_score=74.0, changed=609, unchanged=281, early_stops=8/8
26 - INFO - chord#: 40 In build_straw_man_chord_sa. tolerance = 1, sa_iterations = 1000, initial_temperature = 3.0, cooling_rate = 0.999
26 - INFO - chord#: 48 done. best_score=125.0, changed=612, unchanged=300, early_stops=8/8
26 - INFO - chord#: 50 In build_straw_man_chord_sa. tolerance = 1, sa_iterations = 1000, initial_temperature = 3.0, cooling_rate = 0.999
26 - INFO - chord#: 40 done. best_score=27.0, changed=519, unchanged=606, early_stops=8/8
26 - INFO - chord#: 42 In build_straw_man_chord_sa. tolerance = 1, sa_iterations = 1000, initial_temperature = 3.0, cooling_rate = 0.999
26 - INFO - chord#: 40 done. best_score=27.0, changed=517, unchanged=390, early_stops=8/8
26 - INFO - chord#: 42 In build_straw_man_chord_sa. tolerance = 1, sa_iterations = 1000, initial_temperature = 3.0, cooling_rate = 0.999
26 - INFO - chord#: 48 done. best_score=71.0, changed=615, unchanged=259, early_stops=8/8
26 - INFO - chord#: 50 In build_straw_man_chord_sa. tolerance = 1, sa_iterations = 1000, initial_temperature = 3.0, cooling_rate = 0.999
26 - INFO - chord#: 40 done. best_score=27.0, changed=525, unchanged=459, early_stops=8/8
26 - INFO - chord#: 42 In build_straw_man_chord_sa. tolerance = 1, sa_iterations = 1000, initial_temperature = 3.0, cooling_rate = 0.999
26 - INFO - chord#: 48 done. best_score=64.0, changed=611, unchanged=281, early_stops=8/8
26 - INFO - chord#: 50 In build_straw_man_chord_sa. tolerance = 1, sa_iterations = 1000, initial_temperature = 3.0, cooling_rate = 0.999
26 - INFO - chord#: 40 done. best_score=27.0, changed=522, unchanged=378, early_stops=8/8
26 - INFO - chord#: 42 In build_straw_man_chord_sa. tolerance = 1, sa_iterations = 1000, initial_temperature = 3.0, cooling_rate = 0.999
26 - INFO - chord#: 48 done. best_score=71.0, changed=607, unchanged=240, early_stops=8/8
26 - INFO - chord#: 50 In build_straw_man_chord_sa. tolerance = 1, sa_iterations = 1000, initial_temperature = 3.0, cooling_rate = 0.999
26 - INFO - chord#: 42 done. best_score=27.0, changed=520, unchanged=381, early_stops=8/8
26 - INFO - chord#: 44 In build_straw_man_chord_sa. tolerance = 1, sa_iterations = 1000, initial_temperature = 3.0, cooling_rate = 0.999
26 - INFO - chord#: 46 done. best_score=155.0, changed=608, unchanged=237, early_stops=8/8
26 - INFO - chord#: 48 In build_straw_man_chord_sa. tolerance = 1, sa_iterations = 1000, initial_temperature = 3.0, cooling_rate = 0.999
26 - INFO - chord#: 50 done. best_score=27.0, changed=524, unchanged=404, early_stops=8/8
26 - INFO - chord#: 51 In build_straw_man_chord_sa. tolerance = 1, sa_iterations = 1000, initial_temperature = 3.0, cooling_rate = 0.999
26 - INFO - chord#: 50 done. best_score=27.0, changed=516, unchanged=392, early_stops=8/8
26 - INFO - chord#: 51 In build_straw_man_chord_sa. tolerance = 1, sa_iterations = 1000, initial_temperature = 3.0, cooling_rate = 0.999
26 - INFO - chord#: 42 done. best_score=27.0, changed=531, unchanged=444, early_stops=8/8
26 - INFO - chord#: 44 In build_straw_man_chord_sa. tolerance = 1, sa_iterations = 1000, initial_temperature = 3.0, cooling_rate = 0.999
26 - INFO - chord#: 40 done. best_score=27.0, changed=515, unchanged=476, early_stops=8/8
26 - INFO - chord#: 42 In build_straw_man_chord_sa. tolerance = 1, sa_iterations = 1000, initial_temperature = 3.0, cooling_rate = 0.999
26 - INFO - chord#: 42 done. best_score=27.0, changed=528, unchanged=351, early_stops=8/8
26 - INFO - chord#: 44 In build_straw_man_chord_sa. tolerance = 1, sa_iterations = 1000, initial_temperature = 3.0, cooling_rate = 0.999
26 - INFO - chord#: 48 done. best_score=64.0, changed=609, unchanged=375, early_stops=8/8
26 - INFO - chord#: 50 In build_straw_man_chord_sa. tolerance = 1, sa_iterations = 1000, initial_temperature = 3.0, cooling_rate = 0.999
26 - INFO - chord#: 50 done. best_score=27.0, changed=515, unchanged=416, early_stops=8/8
26 - INFO - chord#: 51 In build_straw_man_chord_sa. tolerance = 1, sa_iterations = 1000, initial_temperature = 3.0, cooling_rate = 0.999
26 - INFO - chord#: 42 done. best_score=27.0, changed=526, unchanged=354, early_stops=8/8
26 - INFO - chord#: 44 In build_straw_man_chord_sa. tolerance = 1, sa_iterations = 1000, initial_temperature = 3.0, cooling_rate = 0.999
26 - INFO - chord#: 50 done. best_score=27.0, changed=516, unchanged=411, early_stops=8/8
26 - INFO - chord#: 51 In build_straw_man_chord_sa. tolerance = 1, sa_iterations = 1000, initial_temperature = 3.0, cooling_rate = 0.999
26 - INFO - chord#: 42 done. best_score=27.0, changed=527, unchanged=463, early_stops=8/8
26 - INFO - chord#: 44 In build_straw_man_chord_sa. tolerance = 1, sa_iterations = 1000, initial_temperature = 3.0, cooling_rate = 0.999
26 - INFO - chord#: 51 done. best_score=36.0, changed=523, unchanged=393, early_stops=8/8
26 - INFO - chord#: 52 In build_straw_man_chord_sa. tolerance = 1, sa_iterations = 1000, initial_temperature = 3.0, cooling_rate = 0.999
26 - INFO - chord#: 44 done. best_score=27.0, changed=520, unchanged=373, early_stops=8/8
26 - INFO - chord#: 46 In build_straw_man_chord_sa. tolerance = 1, sa_iterations = 1000, initial_temperature = 3.0, cooling_rate = 0.999
26 - INFO - chord#: 51 done. best_score=36.0, changed=522, unchanged=356, early_stops=8/8
26 - INFO - chord#: 52 In build_straw_man_chord_sa. tolerance = 1, sa_iterations = 1000, initial_temperature = 3.0, cooling_rate = 0.999
26 - INFO - chord#: 50 done. best_score=27.0, changed=518, unchanged=469, early_stops=8/8
26 - INFO - chord#: 51 In build_straw_man_chord_sa. tolerance = 1, sa_iterations = 1000, initial_temperature = 3.0, cooling_rate = 0.999
26 - INFO - chord#: 42 done. best_score=27.0, changed=526, unchanged=322, early_stops=8/8
26 - INFO - chord#: 44 In build_straw_man_chord_sa. tolerance = 1, sa_iterations = 1000, initial_temperature = 3.0, cooling_rate = 0.999
26 - INFO - chord#: 44 done. best_score=27.0, changed=510, unchanged=319, early_stops=8/8
26 - INFO - chord#: 46 In build_straw_man_chord_sa. tolerance = 1, sa_iterations = 1000, initial_temperature = 3.0, cooling_rate = 0.999
26 - INFO - chord#: 44 done. best_score=27.0, changed=519, unchanged=405, early_stops=8/8
26 - INFO - chord#: 46 In build_straw_man_chord_sa. tolerance = 1, sa_iterations = 1000, initial_temperature = 3.0, cooling_rate = 0.999
26 - INFO - chord#: 51 done. best_score=36.0, changed=519, unchanged=377, early_stops=8/8
26 - INFO - chord#: 52 In build_straw_man_chord_sa. tolerance = 1, sa_iterations = 1000, initial_temperature = 3.0, cooling_rate = 0.999
26 - INFO - chord#: 51 done. best_score=36.0, changed=513, unchanged=344, early_stops=8/8
26 - INFO - chord#: 52 In build_straw_man_chord_sa. tolerance = 1, sa_iterations = 1000, initial_temperature = 3.0, cooling_rate = 0.999
26 - INFO - chord#: 44 done. best_score=27.0, changed=523, unchanged=417, early_stops=8/8
26 - INFO - chord#: 46 In build_straw_man_chord_sa. tolerance = 1, sa_iterations = 1000, initial_temperature = 3.0, cooling_rate = 0.999
26 - INFO - chord#: 52 done. best_score=27.0, changed=526, unchanged=414, early_stops=8/8
26 - INFO - chord#: 54 In build_straw_man_chord_sa. tolerance = 1, sa_iterations = 1000, initial_temperature = 3.0, cooling_rate = 0.999
26 - INFO - chord#: 52 done. best_score=27.0, changed=520, unchanged=396, early_stops=8/8
26 - INFO - chord#: 54 In build_straw_man_chord_sa. tolerance = 1, sa_iterations = 1000, initial_temperature = 3.0, cooling_rate = 0.999
26 - INFO - chord#: 51 done. best_score=36.0, changed=518, unchanged=409, early_stops=8/8
26 - INFO - chord#: 52 In build_straw_man_chord_sa. tolerance = 1, sa_iterations = 1000, initial_temperature = 3.0, cooling_rate = 0.999
26 - INFO - chord#: 44 done. best_score=27.0, changed=521, unchanged=415, early_stops=8/8
26 - INFO - chord#: 46 In build_straw_man_chord_sa. tolerance = 1, sa_iterations = 1000, initial_temperature = 3.0, cooling_rate = 0.999
26 - INFO - chord#: 44 done. best_score=36.0, changed=520, unchanged=338, early_stops=8/8
26 - INFO - chord#: 46 In build_straw_man_chord_sa. tolerance = 1, sa_iterations = 1000, initial_temperature = 3.0, cooling_rate = 0.999
26 - INFO - chord#: 48 done. best_score=64.0, changed=619, unchanged=514, early_stops=8/8
26 - INFO - chord#: 50 In build_straw_man_chord_sa. tolerance = 1, sa_iterations = 1000, initial_temperature = 3.0, cooling_rate = 0.999
26 - INFO - chord#: 52 done. best_score=27.0, changed=522, unchanged=366, early_stops=8/8
26 - INFO - chord#: 54 In build_straw_man_chord_sa. tolerance = 1, sa_iterations = 1000, initial_temperature = 3.0, cooling_rate = 0.999
26 - INFO - chord#: 52 done. best_score=27.0, changed=524, unchanged=473, early_stops=8/8
26 - INFO - chord#: 54 In build_straw_man_chord_sa. tolerance = 1, sa_iterations = 1000, initial_temperature = 3.0, cooling_rate = 0.999
26 - INFO - chord#: 54 done. best_score=27.0, changed=527, unchanged=419, early_stops=8/8
26 - INFO - chord#: 55 In build_straw_man_chord_sa. tolerance = 1, sa_iterations = 1000, initial_temperature = 3.0, cooling_rate = 0.999
26 - INFO - chord#: 54 done. best_score=27.0, changed=516, unchanged=344, early_stops=8/8
26 - INFO - chord#: 55 In build_straw_man_chord_sa. tolerance = 1, sa_iterations = 1000, initial_temperature = 3.0, cooling_rate = 0.999
26 - INFO - chord#: 52 done. best_score=27.0, changed=522, unchanged=472, early_stops=8/8
26 - INFO - chord#: 54 In build_straw_man_chord_sa. tolerance = 1, sa_iterations = 1000, initial_temperature = 3.0, cooling_rate = 0.999
26 - INFO - chord#: 46 done. best_score=146.0, changed=610, unchanged=271, early_stops=8/8
26 - INFO - chord#: 48 In build_straw_man_chord_sa. tolerance = 1, sa_iterations = 1000, initial_temperature = 3.0, cooling_rate = 0.999
26 - INFO - chord#: 54 done. best_score=27.0, changed=523, unchanged=351, early_stops=8/8
26 - INFO - chord#: 55 In build_straw_man_chord_sa. tolerance = 1, sa_iterations = 1000, initial_temperature = 3.0, cooling_rate = 0.999
26 - INFO - chord#: 50 done. best_score=27.0, changed=523, unchanged=463, early_stops=8/8
26 - INFO - chord#: 51 In build_straw_man_chord_sa. tolerance = 1, sa_iterations = 1000, initial_temperature = 3.0, cooling_rate = 0.999
26 - INFO - chord#: 54 done. best_score=27.0, changed=523, unchanged=445, early_stops=8/8
26 - INFO - chord#: 55 In build_straw_man_chord_sa. tolerance = 1, sa_iterations = 1000, initial_temperature = 3.0, cooling_rate = 0.999
26 - INFO - chord#: 46 done. best_score=71.0, changed=617, unchanged=372, early_stops=8/8
26 - INFO - chord#: 48 In build_straw_man_chord_sa. tolerance = 1, sa_iterations = 1000, initial_temperature = 3.0, cooling_rate = 0.999
26 - INFO - chord#: 54 done. best_score=27.0, changed=529, unchanged=397, early_stops=8/8
26 - INFO - chord#: 55 In build_straw_man_chord_sa. tolerance = 1, sa_iterations = 1000, initial_temperature = 3.0, cooling_rate = 0.999
26 - INFO - chord#: 46 done. best_score=146.0, changed=621, unchanged=403, early_stops=8/8
26 - INFO - chord#: 48 In build_straw_man_chord_sa. tolerance = 1, sa_iterations = 1000, initial_temperature = 3.0, cooling_rate = 0.999
26 - INFO - chord#: 51 done. best_score=36.0, changed=522, unchanged=418, early_stops=8/8
26 - INFO - chord#: 52 In build_straw_man_chord_sa. tolerance = 1, sa_iterations = 1000, initial_temperature = 3.0, cooling_rate = 0.999
26 - INFO - chord#: 46 done. best_score=64.0, changed=618, unchanged=315, early_stops=8/8
26 - INFO - chord#: 48 In build_straw_man_chord_sa. tolerance = 1, sa_iterations = 1000, initial_temperature = 3.0, cooling_rate = 0.999
26 - INFO - chord#: 46 done. best_score=64.0, changed=620, unchanged=470, early_stops=8/8
26 - INFO - chord#: 48 In build_straw_man_chord_sa. tolerance = 1, sa_iterations = 1000, initial_temperature = 3.0, cooling_rate = 0.999
26 - INFO - chord#: 46 done. best_score=155.0, changed=616, unchanged=375, early_stops=8/8
26 - INFO - chord#: 48 In build_straw_man_chord_sa. tolerance = 1, sa_iterations = 1000, initial_temperature = 3.0, cooling_rate = 0.999
26 - INFO - chord#: 55 done. best_score=74.0, changed=611, unchanged=408, early_stops=8/8
26 - INFO - chord#: 56 In build_straw_man_chord_sa. tolerance = 1, sa_iterations = 1000, initial_temperature = 3.0, cooling_rate = 0.999
26 - INFO - chord#: 52 done. best_score=27.0, changed=521, unchanged=336, early_stops=8/8
26 - INFO - chord#: 54 In build_straw_man_chord_sa. tolerance = 1, sa_iterations = 1000, initial_temperature = 3.0, cooling_rate = 0.999
26 - INFO - chord#: 55 done. best_score=96.0, changed=612, unchanged=432, early_stops=8/8
26 - INFO - chord#: 56 In build_straw_man_chord_sa. tolerance = 1, sa_iterations = 1000, initial_temperature = 3.0, cooling_rate = 0.999
26 - INFO - chord#: 55 done. best_score=74.0, changed=607, unchanged=228, early_stops=8/8
26 - INFO - chord#: 56 In build_straw_man_chord_sa. tolerance = 1, sa_iterations = 1000, initial_temperature = 3.0, cooling_rate = 0.999
26 - INFO - chord#: 55 done. best_score=74.0, changed=610, unchanged=414, early_stops=8/8
26 - INFO - chord#: 56 In build_straw_man_chord_sa. tolerance = 1, sa_iterations = 1000, initial_temperature = 3.0, cooling_rate = 0.999
26 - INFO - chord#: 56 done. best_score=27.0, changed=518, unchanged=422, early_stops=8/8
26 - INFO - chord#: 60 In build_straw_man_chord_sa. tolerance = 1, sa_iterations = 1000, initial_temperature = 3.0, cooling_rate = 0.999
26 - INFO - chord#: 54 done. best_score=27.0, changed=526, unchanged=382, early_stops=8/8
26 - INFO - chord#: 55 In build_straw_man_chord_sa. tolerance = 1, sa_iterations = 1000, initial_temperature = 3.0, cooling_rate = 0.999
26 - INFO - chord#: 48 done. best_score=64.0, changed=613, unchanged=437, early_stops=8/8
26 - INFO - chord#: 50 In build_straw_man_chord_sa. tolerance = 1, sa_iterations = 1000, initial_temperature = 3.0, cooling_rate = 0.999
26 - INFO - chord#: 56 done. best_score=27.0, changed=516, unchanged=362, early_stops=8/8
26 - INFO - chord#: 60 In build_straw_man_chord_sa. tolerance = 1, sa_iterations = 1000, initial_temperature = 3.0, cooling_rate = 0.999
26 - INFO - chord#: 55 done. best_score=96.0, changed=617, unchanged=388, early_stops=8/8
26 - INFO - chord#: 56 In build_straw_man_chord_sa. tolerance = 1, sa_iterations = 1000, initial_temperature = 3.0, cooling_rate = 0.999
26 - INFO - chord#: 56 done. best_score=27.0, changed=523, unchanged=368, early_stops=8/8
26 - INFO - chord#: 60 In build_straw_man_chord_sa. tolerance = 1, sa_iterations = 1000, initial_temperature = 3.0, cooling_rate = 0.999
26 - INFO - chord#: 48 done. best_score=71.0, changed=612, unchanged=378, early_stops=8/8
26 - INFO - chord#: 50 In build_straw_man_chord_sa. tolerance = 1, sa_iterations = 1000, initial_temperature = 3.0, cooling_rate = 0.999
26 - INFO - chord#: 56 done. best_score=27.0, changed=518, unchanged=413, early_stops=8/8
26 - INFO - chord#: 60 In build_straw_man_chord_sa. tolerance = 1, sa_iterations = 1000, initial_temperature = 3.0, cooling_rate = 0.999
26 - INFO - chord#: 60 done. best_score=27.0, changed=522, unchanged=393, early_stops=8/8
26 - INFO - chord#: 64 In build_straw_man_chord_sa. tolerance = 1, sa_iterations = 1000, initial_temperature = 3.0, cooling_rate = 0.999
26 - INFO - chord#: 60 done. best_score=27.0, changed=516, unchanged=337, early_stops=8/8
26 - INFO - chord#: 64 In build_straw_man_chord_sa. tolerance = 1, sa_iterations = 1000, initial_temperature = 3.0, cooling_rate = 0.999
26 - INFO - chord#: 48 done. best_score=64.0, changed=611, unchanged=244, early_stops=8/8
26 - INFO - chord#: 50 In build_straw_man_chord_sa. tolerance = 1, sa_iterations = 1000, initial_temperature = 3.0, cooling_rate = 0.999
26 - INFO - chord#: 48 done. best_score=64.0, changed=609, unchanged=406, early_stops=8/8
26 - INFO - chord#: 50 In build_straw_man_chord_sa. tolerance = 1, sa_iterations = 1000, initial_temperature = 3.0, cooling_rate = 0.999
26 - INFO - chord#: 60 done. best_score=27.0, changed=526, unchanged=380, early_stops=8/8
26 - INFO - chord#: 64 In build_straw_man_chord_sa. tolerance = 1, sa_iterations = 1000, initial_temperature = 3.0, cooling_rate = 0.999
26 - INFO - chord#: 48 done. best_score=174.0, changed=615, unchanged=327, early_stops=8/8
26 - INFO - chord#: 50 In build_straw_man_chord_sa. tolerance = 1, sa_iterations = 1000, initial_temperature = 3.0, cooling_rate = 0.999
26 - INFO - chord#: 48 done. best_score=172.0, changed=614, unchanged=256, early_stops=8/8
26 - INFO - chord#: 50 In build_straw_man_chord_sa. tolerance = 1, sa_iterations = 1000, initial_temperature = 3.0, cooling_rate = 0.999
26 - INFO - chord#: 56 done. best_score=27.0, changed=529, unchanged=466, early_stops=8/8
26 - INFO - chord#: 60 In build_straw_man_chord_sa. tolerance = 1, sa_iterations = 1000, initial_temperature = 3.0, cooling_rate = 0.999
26 - INFO - chord#: 64 done. best_score=27.0, changed=522, unchanged=322, early_stops=8/8
26 - INFO - chord#: 66 In build_straw_man_chord_sa. tolerance = 1, sa_iterations = 1000, initial_temperature = 3.0, cooling_rate = 0.999
26 - INFO - chord#: 60 done. best_score=27.0, changed=519, unchanged=332, early_stops=8/8
26 - INFO - chord#: 64 In build_straw_man_chord_sa. tolerance = 1, sa_iterations = 1000, initial_temperature = 3.0, cooling_rate = 0.999
26 - INFO - chord#: 50 done. best_score=27.0, changed=521, unchanged=547, early_stops=8/8
26 - INFO - chord#: 51 In build_straw_man_chord_sa. tolerance = 1, sa_iterations = 1000, initial_temperature = 3.0, cooling_rate = 0.999
26 - INFO - chord#: 50 done. best_score=27.0, changed=516, unchanged=418, early_stops=8/8
26 - INFO - chord#: 51 In build_straw_man_chord_sa. tolerance = 1, sa_iterations = 1000, initial_temperature = 3.0, cooling_rate = 0.999
26 - INFO - chord#: 64 done. best_score=27.0, changed=517, unchanged=358, early_stops=8/8
26 - INFO - chord#: 66 In build_straw_man_chord_sa. tolerance = 1, sa_iterations = 1000, initial_temperature = 3.0, cooling_rate = 0.999
26 - INFO - chord#: 64 done. best_score=27.0, changed=529, unchanged=331, early_stops=8/8
26 - INFO - chord#: 66 In build_straw_man_chord_sa. tolerance = 1, sa_iterations = 1000, initial_temperature = 3.0, cooling_rate = 0.999
26 - INFO - chord#: 50 done. best_score=27.0, changed=514, unchanged=327, early_stops=8/8
26 - INFO - chord#: 51 In build_straw_man_chord_sa. tolerance = 1, sa_iterations = 1000, initial_temperature = 3.0, cooling_rate = 0.999
26 - INFO - chord#: 60 done. best_score=27.0, changed=522, unchanged=393, early_stops=8/8
26 - INFO - chord#: 64 In build_straw_man_chord_sa. tolerance = 1, sa_iterations = 1000, initial_temperature = 3.0, cooling_rate = 0.999
26 - INFO - chord#: 50 done. best_score=27.0, changed=516, unchanged=373, early_stops=8/8
26 - INFO - chord#: 51 In build_straw_man_chord_sa. tolerance = 1, sa_iterations = 1000, initial_temperature = 3.0, cooling_rate = 0.999
26 - INFO - chord#: 50 done. best_score=27.0, changed=525, unchanged=420, early_stops=8/8
26 - INFO - chord#: 51 In build_straw_man_chord_sa. tolerance = 1, sa_iterations = 1000, initial_temperature = 3.0, cooling_rate = 0.999
26 - INFO - chord#: 55 done. best_score=127.0, changed=614, unchanged=291, early_stops=8/8
26 - INFO - chord#: 56 In build_straw_man_chord_sa. tolerance = 1, sa_iterations = 1000, initial_temperature = 3.0, cooling_rate = 0.999
26 - INFO - chord#: 64 done. best_score=27.0, changed=530, unchanged=365, early_stops=8/8
26 - INFO - chord#: 66 In build_straw_man_chord_sa. tolerance = 1, sa_iterations = 1000, initial_temperature = 3.0, cooling_rate = 0.999
26 - INFO - chord#: 50 done. best_score=27.0, changed=520, unchanged=579, early_stops=8/8
26 - INFO - chord#: 51 In build_straw_man_chord_sa. tolerance = 1, sa_iterations = 1000, initial_temperature = 3.0, cooling_rate = 0.999
26 - INFO - chord#: 66 done. best_score=27.0, changed=522, unchanged=439, early_stops=8/8
26 - INFO - chord#: 68 In build_straw_man_chord_sa. tolerance = 1, sa_iterations = 1000, initial_temperature = 3.0, cooling_rate = 0.999
26 - INFO - chord#: 66 done. best_score=27.0, changed=522, unchanged=328, early_stops=8/8
26 - INFO - chord#: 68 In build_straw_man_chord_sa. tolerance = 1, sa_iterations = 1000, initial_temperature = 3.0, cooling_rate = 0.999
26 - INFO - chord#: 51 done. best_score=36.0, changed=521, unchanged=416, early_stops=8/8
26 - INFO - chord#: 52 In build_straw_man_chord_sa. tolerance = 1, sa_iterations = 1000, initial_temperature = 3.0, cooling_rate = 0.999
26 - INFO - chord#: 51 done. best_score=36.0, changed=530, unchanged=412, early_stops=8/8
26 - INFO - chord#: 52 In build_straw_man_chord_sa. tolerance = 1, sa_iterations = 1000, initial_temperature = 3.0, cooling_rate = 0.999
26 - INFO - chord#: 66 done. best_score=27.0, changed=521, unchanged=406, early_stops=8/8
26 - INFO - chord#: 68 In build_straw_man_chord_sa. tolerance = 1, sa_iterations = 1000, initial_temperature = 3.0, cooling_rate = 0.999
26 - INFO - chord#: 64 done. best_score=27.0, changed=524, unchanged=372, early_stops=8/8
26 - INFO - chord#: 66 In build_straw_man_chord_sa. tolerance = 1, sa_iterations = 1000, initial_temperature = 3.0, cooling_rate = 0.999
26 - INFO - chord#: 56 done. best_score=27.0, changed=515, unchanged=327, early_stops=8/8
26 - INFO - chord#: 60 In build_straw_man_chord_sa. tolerance = 1, sa_iterations = 1000, initial_temperature = 3.0, cooling_rate = 0.999
26 - INFO - chord#: 51 done. best_score=36.0, changed=515, unchanged=446, early_stops=8/8
26 - INFO - chord#: 52 In build_straw_man_chord_sa. tolerance = 1, sa_iterations = 1000, initial_temperature = 3.0, cooling_rate = 0.999
26 - INFO - chord#: 51 done. best_score=36.0, changed=516, unchanged=354, early_stops=8/8
26 - INFO - chord#: 52 In build_straw_man_chord_sa. tolerance = 1, sa_iterations = 1000, initial_temperature = 3.0, cooling_rate = 0.999
26 - INFO - chord#: 51 done. best_score=36.0, changed=523, unchanged=389, early_stops=8/8
26 - INFO - chord#: 52 In build_straw_man_chord_sa. tolerance = 1, sa_iterations = 1000, initial_temperature = 3.0, cooling_rate = 0.999
26 - INFO - chord#: 68 done. best_score=27.0, changed=521, unchanged=459, early_stops=8/8
26 - INFO - chord#: 70 In build_straw_man_chord_sa. tolerance = 1, sa_iterations = 1000, initial_temperature = 3.0, cooling_rate = 0.999
26 - INFO - chord#: 66 done. best_score=27.0, changed=526, unchanged=524, early_stops=8/8
26 - INFO - chord#: 68 In build_straw_man_chord_sa. tolerance = 1, sa_iterations = 1000, initial_temperature = 3.0, cooling_rate = 0.999
26 - INFO - chord#: 68 done. best_score=27.0, changed=517, unchanged=376, early_stops=8/8
26 - INFO - chord#: 70 In build_straw_man_chord_sa. tolerance = 1, sa_iterations = 1000, initial_temperature = 3.0, cooling_rate = 0.999
26 - INFO - chord#: 51 done. best_score=36.0, changed=528, unchanged=540, early_stops=8/8
26 - INFO - chord#: 52 In build_straw_man_chord_sa. tolerance = 1, sa_iterations = 1000, initial_temperature = 3.0, cooling_rate = 0.999
26 - INFO - chord#: 68 done. best_score=27.0, changed=519, unchanged=497, early_stops=8/8
26 - INFO - chord#: 70 In build_straw_man_chord_sa. tolerance = 1, sa_iterations = 1000, initial_temperature = 3.0, cooling_rate = 0.999
26 - INFO - chord#: 52 done. best_score=27.0, changed=521, unchanged=419, early_stops=8/8
26 - INFO - chord#: 54 In build_straw_man_chord_sa. tolerance = 1, sa_iterations = 1000, initial_temperature = 3.0, cooling_rate = 0.999
26 - INFO - chord#: 66 done. best_score=27.0, changed=522, unchanged=370, early_stops=8/8
26 - INFO - chord#: 68 In build_straw_man_chord_sa. tolerance = 1, sa_iterations = 1000, initial_temperature = 3.0, cooling_rate = 0.999
26 - INFO - chord#: 60 done. best_score=27.0, changed=521, unchanged=330, early_stops=8/8
26 - INFO - chord#: 64 In build_straw_man_chord_sa. tolerance = 1, sa_iterations = 1000, initial_temperature = 3.0, cooling_rate = 0.999
26 - INFO - chord#: 52 done. best_score=27.0, changed=516, unchanged=398, early_stops=8/8
26 - INFO - chord#: 54 In build_straw_man_chord_sa. tolerance = 1, sa_iterations = 1000, initial_temperature = 3.0, cooling_rate = 0.999
26 - INFO - chord#: 70 done. best_score=27.0, changed=522, unchanged=321, early_stops=8/8
26 - INFO - chord#: 72 In build_straw_man_chord_sa. tolerance = 1, sa_iterations = 1000, initial_temperature = 3.0, cooling_rate = 0.999
26 - INFO - chord#: 68 done. best_score=27.0, changed=515, unchanged=422, early_stops=8/8
26 - INFO - chord#: 70 In build_straw_man_chord_sa. tolerance = 1, sa_iterations = 1000, initial_temperature = 3.0, cooling_rate = 0.999
26 - INFO - chord#: 70 done. best_score=27.0, changed=523, unchanged=458, early_stops=8/8
26 - INFO - chord#: 72 In build_straw_man_chord_sa. tolerance = 1, sa_iterations = 1000, initial_temperature = 3.0, cooling_rate = 0.999
26 - INFO - chord#: 52 done. best_score=27.0, changed=520, unchanged=368, early_stops=8/8
26 - INFO - chord#: 54 In build_straw_man_chord_sa. tolerance = 1, sa_iterations = 1000, initial_temperature = 3.0, cooling_rate = 0.999
26 - INFO - chord#: 52 done. best_score=27.0, changed=519, unchanged=364, early_stops=8/8
26 - INFO - chord#: 54 In build_straw_man_chord_sa. tolerance = 1, sa_iterations = 1000, initial_temperature = 3.0, cooling_rate = 0.999
26 - INFO - chord#: 70 done. best_score=27.0, changed=521, unchanged=374, early_stops=8/8
26 - INFO - chord#: 72 In build_straw_man_chord_sa. tolerance = 1, sa_iterations = 1000, initial_temperature = 3.0, cooling_rate = 0.999
26 - INFO - chord#: 52 done. best_score=27.0, changed=522, unchanged=513, early_stops=8/8
26 - INFO - chord#: 54 In build_straw_man_chord_sa. tolerance = 1, sa_iterations = 1000, initial_temperature = 3.0, cooling_rate = 0.999
26 - INFO - chord#: 64 done. best_score=27.0, changed=523, unchanged=303, early_stops=8/8
26 - INFO - chord#: 66 In build_straw_man_chord_sa. tolerance = 1, sa_iterations = 1000, initial_temperature = 3.0, cooling_rate = 0.999
26 - INFO - chord#: 68 done. best_score=27.0, changed=518, unchanged=396, early_stops=8/8
26 - INFO - chord#: 70 In build_straw_man_chord_sa. tolerance = 1, sa_iterations = 1000, initial_temperature = 3.0, cooling_rate = 0.999
26 - INFO - chord#: 54 done. best_score=27.0, changed=517, unchanged=323, early_stops=8/8
26 - INFO - chord#: 55 In build_straw_man_chord_sa. tolerance = 1, sa_iterations = 1000, initial_temperature = 3.0, cooling_rate = 0.999
26 - INFO - chord#: 54 done. best_score=27.0, changed=524, unchanged=481, early_stops=8/8
26 - INFO - chord#: 55 In build_straw_man_chord_sa. tolerance = 1, sa_iterations = 1000, initial_temperature = 3.0, cooling_rate = 0.999
26 - INFO - chord#: 52 done. best_score=27.0, changed=527, unchanged=492, early_stops=8/8
26 - INFO - chord#: 54 In build_straw_man_chord_sa. tolerance = 1, sa_iterations = 1000, initial_temperature = 3.0, cooling_rate = 0.999
26 - INFO - chord#: 70 done. best_score=27.0, changed=527, unchanged=443, early_stops=8/8
26 - INFO - chord#: 72 In build_straw_man_chord_sa. tolerance = 1, sa_iterations = 1000, initial_temperature = 3.0, cooling_rate = 0.999
26 - INFO - chord#: 54 done. best_score=27.0, changed=522, unchanged=358, early_stops=8/8
26 - INFO - chord#: 55 In build_straw_man_chord_sa. tolerance = 1, sa_iterations = 1000, initial_temperature = 3.0, cooling_rate = 0.999
26 - INFO - chord#: 54 done. best_score=27.0, changed=516, unchanged=309, early_stops=8/8
26 - INFO - chord#: 55 In build_straw_man_chord_sa. tolerance = 1, sa_iterations = 1000, initial_temperature = 3.0, cooling_rate = 0.999
26 - INFO - chord#: 70 done. best_score=27.0, changed=518, unchanged=334, early_stops=8/8
26 - INFO - chord#: 72 In build_straw_man_chord_sa. tolerance = 1, sa_iterations = 1000, initial_temperature = 3.0, cooling_rate = 0.999
26 - INFO - chord#: 54 done. best_score=27.0, changed=532, unchanged=449, early_stops=8/8
26 - INFO - chord#: 55 In build_straw_man_chord_sa. tolerance = 1, sa_iterations = 1000, initial_temperature = 3.0, cooling_rate = 0.999
26 - INFO - chord#: 66 done. best_score=27.0, changed=521, unchanged=381, early_stops=8/8
26 - INFO - chord#: 68 In build_straw_man_chord_sa. tolerance = 1, sa_iterations = 1000, initial_temperature = 3.0, cooling_rate = 0.999
26 - INFO - chord#: 54 done. best_score=27.0, changed=520, unchanged=356, early_stops=8/8
26 - INFO - chord#: 55 In build_straw_man_chord_sa. tolerance = 1, sa_iterations = 1000, initial_temperature = 3.0, cooling_rate = 0.999
26 - INFO - chord#: 72 done. best_score=105.0, changed=611, unchanged=257, early_stops=8/8
26 - INFO - chord#: 74 In build_straw_man_chord_sa. tolerance = 1, sa_iterations = 1000, initial_temperature = 3.0, cooling_rate = 0.999
26 - INFO - chord#: 68 done. best_score=27.0, changed=526, unchanged=538, early_stops=8/8
26 - INFO - chord#: 70 In build_straw_man_chord_sa. tolerance = 1, sa_iterations = 1000, initial_temperature = 3.0, cooling_rate = 0.999
26 - INFO - chord#: 72 done. best_score=137.0, changed=610, unchanged=486, early_stops=8/8
26 - INFO - chord#: 74 In build_straw_man_chord_sa. tolerance = 1, sa_iterations = 1000, initial_temperature = 3.0, cooling_rate = 0.999
26 - INFO - chord#: 72 done. best_score=137.0, changed=615, unchanged=523, early_stops=8/8
26 - INFO - chord#: 74 In build_straw_man_chord_sa. tolerance = 1, sa_iterations = 1000, initial_temperature = 3.0, cooling_rate = 0.999
26 - INFO - chord#: 74 done. best_score=36.0, changed=517, unchanged=293, early_stops=8/8
26 - INFO - chord#: 76 In build_straw_man_chord_sa. tolerance = 1, sa_iterations = 1000, initial_temperature = 3.0, cooling_rate = 0.999
26 - INFO - chord#: 70 done. best_score=27.0, changed=523, unchanged=327, early_stops=8/8
26 - INFO - chord#: 72 In build_straw_man_chord_sa. tolerance = 1, sa_iterations = 1000, initial_temperature = 3.0, cooling_rate = 0.999
26 - INFO - chord#: 74 done. best_score=36.0, changed=521, unchanged=305, early_stops=8/8
26 - INFO - chord#: 76 In build_straw_man_chord_sa. tolerance = 1, sa_iterations = 1000, initial_temperature = 3.0, cooling_rate = 0.999
26 - INFO - chord#: 72 done. best_score=111.0, changed=609, unchanged=320, early_stops=8/8
26 - INFO - chord#: 74 In build_straw_man_chord_sa. tolerance = 1, sa_iterations = 1000, initial_temperature = 3.0, cooling_rate = 0.999
26 - INFO - chord#: 74 done. best_score=36.0, changed=526, unchanged=341, early_stops=8/8
26 - INFO - chord#: 76 In build_straw_man_chord_sa. tolerance = 1, sa_iterations = 1000, initial_temperature = 3.0, cooling_rate = 0.999
26 - INFO - chord#: 55 done. best_score=96.0, changed=612, unchanged=409, early_stops=8/8
26 - INFO - chord#: 56 In build_straw_man_chord_sa. tolerance = 1, sa_iterations = 1000, initial_temperature = 3.0, cooling_rate = 0.999
26 - INFO - chord#: 72 done. best_score=105.0, changed=619, unchanged=595, early_stops=8/8
26 - INFO - chord#: 74 In build_straw_man_chord_sa. tolerance = 1, sa_iterations = 1000, initial_temperature = 3.0, cooling_rate = 0.999
26 - INFO - chord#: 55 done. best_score=121.0, changed=612, unchanged=329, early_stops=8/8
26 - INFO - chord#: 56 In build_straw_man_chord_sa. tolerance = 1, sa_iterations = 1000, initial_temperature = 3.0, cooling_rate = 0.999
26 - INFO - chord#: 76 done. best_score=27.0, changed=517, unchanged=313, early_stops=8/8
26 - INFO - chord#: 78 In build_straw_man_chord_sa. tolerance = 1, sa_iterations = 1000, initial_temperature = 3.0, cooling_rate = 0.999
26 - INFO - chord#: 76 done. best_score=27.0, changed=526, unchanged=393, early_stops=8/8
26 - INFO - chord#: 78 In build_straw_man_chord_sa. tolerance = 1, sa_iterations = 1000, initial_temperature = 3.0, cooling_rate = 0.999
26 - INFO - chord#: 74 done. best_score=36.0, changed=531, unchanged=345, early_stops=8/8
26 - INFO - chord#: 76 In build_straw_man_chord_sa. tolerance = 1, sa_iterations = 1000, initial_temperature = 3.0, cooling_rate = 0.999
26 - INFO - chord#: 55 done. best_score=96.0, changed=622, unchanged=530, early_stops=8/8
26 - INFO - chord#: 56 In build_straw_man_chord_sa. tolerance = 1, sa_iterations = 1000, initial_temperature = 3.0, cooling_rate = 0.999
26 - INFO - chord#: 55 done. best_score=74.0, changed=610, unchanged=382, early_stops=8/8
26 - INFO - chord#: 56 In build_straw_man_chord_sa. tolerance = 1, sa_iterations = 1000, initial_temperature = 3.0, cooling_rate = 0.999
26 - INFO - chord#: 55 done. best_score=121.0, changed=609, unchanged=244, early_stops=8/8
26 - INFO - chord#: 56 In build_straw_man_chord_sa. tolerance = 1, sa_iterations = 1000, initial_temperature = 3.0, cooling_rate = 0.999
26 - INFO - chord#: 55 done. best_score=74.0, changed=617, unchanged=399, early_stops=8/8
26 - INFO - chord#: 56 In build_straw_man_chord_sa. tolerance = 1, sa_iterations = 1000, initial_temperature = 3.0, cooling_rate = 0.999
26 - INFO - chord#: 76 done. best_score=27.0, changed=527, unchanged=520, early_stops=8/8
26 - INFO - chord#: 78 In build_straw_man_chord_sa. tolerance = 1, sa_iterations = 1000, initial_temperature = 3.0, cooling_rate = 0.999
26 - INFO - chord#: 74 done. best_score=36.0, changed=525, unchanged=305, early_stops=8/8
26 - INFO - chord#: 76 In build_straw_man_chord_sa. tolerance = 1, sa_iterations = 1000, initial_temperature = 3.0, cooling_rate = 0.999
26 - INFO - chord#: 56 done. best_score=27.0, changed=512, unchanged=318, early_stops=8/8
26 - INFO - chord#: 60 In build_straw_man_chord_sa. tolerance = 1, sa_iterations = 1000, initial_temperature = 3.0, cooling_rate = 0.999
26 - INFO - chord#: 78 done. best_score=27.0, changed=516, unchanged=336, early_stops=8/8
26 - INFO - chord#: 80 In build_straw_man_chord_sa. tolerance = 1, sa_iterations = 1000, initial_temperature = 3.0, cooling_rate = 0.999
26 - INFO - chord#: 56 done. best_score=27.0, changed=521, unchanged=383, early_stops=8/8
26 - INFO - chord#: 60 In build_straw_man_chord_sa. tolerance = 1, sa_iterations = 1000, initial_temperature = 3.0, cooling_rate = 0.999
26 - INFO - chord#: 78 done. best_score=27.0, changed=526, unchanged=564, early_stops=8/8
26 - INFO - chord#: 80 In build_straw_man_chord_sa. tolerance = 1, sa_iterations = 1000, initial_temperature = 3.0, cooling_rate = 0.999
26 - INFO - chord#: 76 done. best_score=27.0, changed=526, unchanged=497, early_stops=8/8
26 - INFO - chord#: 78 In build_straw_man_chord_sa. tolerance = 1, sa_iterations = 1000, initial_temperature = 3.0, cooling_rate = 0.999
26 - INFO - chord#: 72 done. best_score=141.0, changed=604, unchanged=201, early_stops=8/8
26 - INFO - chord#: 74 In build_straw_man_chord_sa. tolerance = 1, sa_iterations = 1000, initial_temperature = 3.0, cooling_rate = 0.999
26 - INFO - chord#: 56 done. best_score=27.0, changed=516, unchanged=406, early_stops=8/8
26 - INFO - chord#: 60 In build_straw_man_chord_sa. tolerance = 1, sa_iterations = 1000, initial_temperature = 3.0, cooling_rate = 0.999
26 - INFO - chord#: 56 done. best_score=27.0, changed=520, unchanged=411, early_stops=8/8
26 - INFO - chord#: 60 In build_straw_man_chord_sa. tolerance = 1, sa_iterations = 1000, initial_temperature = 3.0, cooling_rate = 0.999
26 - INFO - chord#: 56 done. best_score=27.0, changed=520, unchanged=335, early_stops=8/8
26 - INFO - chord#: 60 In build_straw_man_chord_sa. tolerance = 1, sa_iterations = 1000, initial_temperature = 3.0, cooling_rate = 0.999
26 - INFO - chord#: 56 done. best_score=27.0, changed=518, unchanged=439, early_stops=8/8
26 - INFO - chord#: 60 In build_straw_man_chord_sa. tolerance = 1, sa_iterations = 1000, initial_temperature = 3.0, cooling_rate = 0.999
26 - INFO - chord#: 78 done. best_score=27.0, changed=531, unchanged=459, early_stops=8/8
26 - INFO - chord#: 80 In build_straw_man_chord_sa. tolerance = 1, sa_iterations = 1000, initial_temperature = 3.0, cooling_rate = 0.999
26 - INFO - chord#: 76 done. best_score=27.0, changed=524, unchanged=444, early_stops=8/8
26 - INFO - chord#: 78 In build_straw_man_chord_sa. tolerance = 1, sa_iterations = 1000, initial_temperature = 3.0, cooling_rate = 0.999
26 - INFO - chord#: 60 done. best_score=27.0, changed=526, unchanged=534, early_stops=8/8
26 - INFO - chord#: 64 In build_straw_man_chord_sa. tolerance = 1, sa_iterations = 1000, initial_temperature = 3.0, cooling_rate = 0.999
26 - INFO - chord#: 78 done. best_score=27.0, changed=516, unchanged=318, early_stops=8/8
26 - INFO - chord#: 80 In build_straw_man_chord_sa. tolerance = 1, sa_iterations = 1000, initial_temperature = 3.0, cooling_rate = 0.999
26 - INFO - chord#: 60 done. best_score=27.0, changed=521, unchanged=447, early_stops=8/8
26 - INFO - chord#: 64 In build_straw_man_chord_sa. tolerance = 1, sa_iterations = 1000, initial_temperature = 3.0, cooling_rate = 0.999
26 - INFO - chord#: 74 done. best_score=36.0, changed=524, unchanged=399, early_stops=8/8
26 - INFO - chord#: 76 In build_straw_man_chord_sa. tolerance = 1, sa_iterations = 1000, initial_temperature = 3.0, cooling_rate = 0.999
26 - INFO - chord#: 60 done. best_score=27.0, changed=533, unchanged=356, early_stops=8/8
26 - INFO - chord#: 64 In build_straw_man_chord_sa. tolerance = 1, sa_iterations = 1000, initial_temperature = 3.0, cooling_rate = 0.999
26 - INFO - chord#: 60 done. best_score=27.0, changed=523, unchanged=411, early_stops=8/8
26 - INFO - chord#: 64 In build_straw_man_chord_sa. tolerance = 1, sa_iterations = 1000, initial_temperature = 3.0, cooling_rate = 0.999
26 - INFO - chord#: 78 done. best_score=27.0, changed=518, unchanged=373, early_stops=8/8
26 - INFO - chord#: 80 In build_straw_man_chord_sa. tolerance = 1, sa_iterations = 1000, initial_temperature = 3.0, cooling_rate = 0.999
26 - INFO - chord#: 64 done. best_score=27.0, changed=527, unchanged=335, early_stops=8/8
26 - INFO - chord#: 66 In build_straw_man_chord_sa. tolerance = 1, sa_iterations = 1000, initial_temperature = 3.0, cooling_rate = 0.999
26 - INFO - chord#: 60 done. best_score=27.0, changed=518, unchanged=331, early_stops=8/8
26 - INFO - chord#: 64 In build_straw_man_chord_sa. tolerance = 1, sa_iterations = 1000, initial_temperature = 3.0, cooling_rate = 0.999
26 - INFO - chord#: 60 done. best_score=27.0, changed=531, unchanged=486, early_stops=8/8
26 - INFO - chord#: 64 In build_straw_man_chord_sa. tolerance = 1, sa_iterations = 1000, initial_temperature = 3.0, cooling_rate = 0.999
26 - INFO - chord#: 64 done. best_score=27.0, changed=520, unchanged=321, early_stops=8/8
26 - INFO - chord#: 66 In build_straw_man_chord_sa. tolerance = 1, sa_iterations = 1000, initial_temperature = 3.0, cooling_rate = 0.999
26 - INFO - chord#: 80 done. best_score=137.0, changed=619, unchanged=405, early_stops=8/8
26 - INFO - chord#: 82 In build_straw_man_chord_sa. tolerance = 1, sa_iterations = 1000, initial_temperature = 3.0, cooling_rate = 0.999
26 - INFO - chord#: 76 done. best_score=27.0, changed=516, unchanged=368, early_stops=8/8
26 - INFO - chord#: 78 In build_straw_man_chord_sa. tolerance = 1, sa_iterations = 1000, initial_temperature = 3.0, cooling_rate = 0.999
26 - INFO - chord#: 64 done. best_score=27.0, changed=524, unchanged=421, early_stops=8/8
26 - INFO - chord#: 66 In build_straw_man_chord_sa. tolerance = 1, sa_iterations = 1000, initial_temperature = 3.0, cooling_rate = 0.999
26 - INFO - chord#: 80 done. best_score=67.0, changed=611, unchanged=419, early_stops=8/8
26 - INFO - chord#: 82 In build_straw_man_chord_sa. tolerance = 1, sa_iterations = 1000, initial_temperature = 3.0, cooling_rate = 0.999
26 - INFO - chord#: 66 done. best_score=27.0, changed=521, unchanged=415, early_stops=8/8
26 - INFO - chord#: 68 In build_straw_man_chord_sa. tolerance = 1, sa_iterations = 1000, initial_temperature = 3.0, cooling_rate = 0.999
26 - INFO - chord#: 64 done. best_score=27.0, changed=539, unchanged=409, early_stops=8/8
26 - INFO - chord#: 66 In build_straw_man_chord_sa. tolerance = 1, sa_iterations = 1000, initial_temperature = 3.0, cooling_rate = 0.999
26 - INFO - chord#: 64 done. best_score=27.0, changed=528, unchanged=426, early_stops=8/8
26 - INFO - chord#: 66 In build_straw_man_chord_sa. tolerance = 1, sa_iterations = 1000, initial_temperature = 3.0, cooling_rate = 0.999
26 - INFO - chord#: 64 done. best_score=27.0, changed=528, unchanged=354, early_stops=8/8
26 - INFO - chord#: 66 In build_straw_man_chord_sa. tolerance = 1, sa_iterations = 1000, initial_temperature = 3.0, cooling_rate = 0.999
26 - INFO - chord#: 80 done. best_score=137.0, changed=606, unchanged=269, early_stops=8/8
26 - INFO - chord#: 82 In build_straw_man_chord_sa. tolerance = 1, sa_iterations = 1000, initial_temperature = 3.0, cooling_rate = 0.999
26 - INFO - chord#: 80 done. best_score=67.0, changed=614, unchanged=400, early_stops=8/8
26 - INFO - chord#: 82 In build_straw_man_chord_sa. tolerance = 1, sa_iterations = 1000, initial_temperature = 3.0, cooling_rate = 0.999
26 - INFO - chord#: 82 done. best_score=27.0, changed=528, unchanged=364, early_stops=8/8
26 - INFO - chord#: 84 In build_straw_man_chord_sa. tolerance = 1, sa_iterations = 1000, initial_temperature = 3.0, cooling_rate = 0.999
26 - INFO - chord#: 66 done. best_score=27.0, changed=524, unchanged=385, early_stops=8/8
26 - INFO - chord#: 68 In build_straw_man_chord_sa. tolerance = 1, sa_iterations = 1000, initial_temperature = 3.0, cooling_rate = 0.999
26 - INFO - chord#: 82 done. best_score=27.0, changed=523, unchanged=384, early_stops=8/8
26 - INFO - chord#: 84 In build_straw_man_chord_sa. tolerance = 1, sa_iterations = 1000, initial_temperature = 3.0, cooling_rate = 0.999
26 - INFO - chord#: 80 done. best_score=137.0, changed=613, unchanged=270, early_stops=8/8
26 - INFO - chord#: 82 In build_straw_man_chord_sa. tolerance = 1, sa_iterations = 1000, initial_temperature = 3.0, cooling_rate = 0.999
26 - INFO - chord#: 78 done. best_score=27.0, changed=513, unchanged=409, early_stops=8/8
26 - INFO - chord#: 80 In build_straw_man_chord_sa. tolerance = 1, sa_iterations = 1000, initial_temperature = 3.0, cooling_rate = 0.999
26 - INFO - chord#: 66 done. best_score=27.0, changed=521, unchanged=322, early_stops=8/8
26 - INFO - chord#: 68 In build_straw_man_chord_sa. tolerance = 1, sa_iterations = 1000, initial_temperature = 3.0, cooling_rate = 0.999
26 - INFO - chord#: 68 done. best_score=27.0, changed=522, unchanged=579, early_stops=8/8
26 - INFO - chord#: 70 In build_straw_man_chord_sa. tolerance = 1, sa_iterations = 1000, initial_temperature = 3.0, cooling_rate = 0.999
26 - INFO - chord#: 66 done. best_score=27.0, changed=520, unchanged=367, early_stops=8/8
26 - INFO - chord#: 68 In build_straw_man_chord_sa. tolerance = 1, sa_iterations = 1000, initial_temperature = 3.0, cooling_rate = 0.999
26 - INFO - chord#: 66 done. best_score=27.0, changed=517, unchanged=393, early_stops=8/8
26 - INFO - chord#: 68 In build_straw_man_chord_sa. tolerance = 1, sa_iterations = 1000, initial_temperature = 3.0, cooling_rate = 0.999
26 - INFO - chord#: 66 done. best_score=27.0, changed=523, unchanged=365, early_stops=8/8
26 - INFO - chord#: 68 In build_straw_man_chord_sa. tolerance = 1, sa_iterations = 1000, initial_temperature = 3.0, cooling_rate = 0.999
26 - INFO - chord#: 84 done. best_score=47.0, changed=521, unchanged=318, early_stops=8/8
26 - INFO - chord#: 85 In build_straw_man_chord_sa. tolerance = 1, sa_iterations = 1000, initial_temperature = 3.0, cooling_rate = 0.999
26 - INFO - chord#: 82 done. best_score=27.0, changed=524, unchanged=405, early_stops=8/8
26 - INFO - chord#: 84 In build_straw_man_chord_sa. tolerance = 1, sa_iterations = 1000, initial_temperature = 3.0, cooling_rate = 0.999
26 - INFO - chord#: 82 done. best_score=27.0, changed=521, unchanged=422, early_stops=8/8
26 - INFO - chord#: 84 In build_straw_man_chord_sa. tolerance = 1, sa_iterations = 1000, initial_temperature = 3.0, cooling_rate = 0.999
26 - INFO - chord#: 84 done. best_score=47.0, changed=525, unchanged=340, early_stops=8/8
26 - INFO - chord#: 85 In build_straw_man_chord_sa. tolerance = 1, sa_iterations = 1000, initial_temperature = 3.0, cooling_rate = 0.999
26 - INFO - chord#: 68 done. best_score=36.0, changed=519, unchanged=325, early_stops=8/8
26 - INFO - chord#: 70 In build_straw_man_chord_sa. tolerance = 1, sa_iterations = 1000, initial_temperature = 3.0, cooling_rate = 0.999
26 - INFO - chord#: 70 done. best_score=27.0, changed=527, unchanged=411, early_stops=8/8
26 - INFO - chord#: 72 In build_straw_man_chord_sa. tolerance = 1, sa_iterations = 1000, initial_temperature = 3.0, cooling_rate = 0.999
26 - INFO - chord#: 82 done. best_score=27.0, changed=515, unchanged=458, early_stops=8/8
26 - INFO - chord#: 84 In build_straw_man_chord_sa. tolerance = 1, sa_iterations = 1000, initial_temperature = 3.0, cooling_rate = 0.999
26 - INFO - chord#: 84 done. best_score=47.0, changed=520, unchanged=385, early_stops=8/8
26 - INFO - chord#: 85 In build_straw_man_chord_sa. tolerance = 1, sa_iterations = 1000, initial_temperature = 3.0, cooling_rate = 0.999
26 - INFO - chord#: 84 done. best_score=47.0, changed=527, unchanged=448, early_stops=8/8
26 - INFO - chord#: 85 In build_straw_man_chord_sa. tolerance = 1, sa_iterations = 1000, initial_temperature = 3.0, cooling_rate = 0.999
26 - INFO - chord#: 68 done. best_score=27.0, changed=524, unchanged=536, early_stops=8/8
26 - INFO - chord#: 70 In build_straw_man_chord_sa. tolerance = 1, sa_iterations = 1000, initial_temperature = 3.0, cooling_rate = 0.999
26 - INFO - chord#: 68 done. best_score=27.0, changed=517, unchanged=405, early_stops=8/8
26 - INFO - chord#: 70 In build_straw_man_chord_sa. tolerance = 1, sa_iterations = 1000, initial_temperature = 3.0, cooling_rate = 0.999
26 - INFO - chord#: 85 done. best_score=27.0, changed=522, unchanged=445, early_stops=8/8
26 - INFO - chord#: 86 In build_straw_man_chord_sa. tolerance = 1, sa_iterations = 1000, initial_temperature = 3.0, cooling_rate = 0.999
26 - INFO - chord#: 68 done. best_score=27.0, changed=520, unchanged=407, early_stops=8/8
26 - INFO - chord#: 70 In build_straw_man_chord_sa. tolerance = 1, sa_iterations = 1000, initial_temperature = 3.0, cooling_rate = 0.999
26 - INFO - chord#: 68 done. best_score=36.0, changed=519, unchanged=380, early_stops=8/8
26 - INFO - chord#: 70 In build_straw_man_chord_sa. tolerance = 1, sa_iterations = 1000, initial_temperature = 3.0, cooling_rate = 0.999
26 - INFO - chord#: 85 done. best_score=27.0, changed=518, unchanged=401, early_stops=8/8
26 - INFO - chord#: 86 In build_straw_man_chord_sa. tolerance = 1, sa_iterations = 1000, initial_temperature = 3.0, cooling_rate = 0.999
26 - INFO - chord#: 70 done. best_score=36.0, changed=526, unchanged=348, early_stops=8/8
26 - INFO - chord#: 72 In build_straw_man_chord_sa. tolerance = 1, sa_iterations = 1000, initial_temperature = 3.0, cooling_rate = 0.999
26 - INFO - chord#: 84 done. best_score=47.0, changed=525, unchanged=373, early_stops=8/8
26 - INFO - chord#: 85 In build_straw_man_chord_sa. tolerance = 1, sa_iterations = 1000, initial_temperature = 3.0, cooling_rate = 0.999
26 - INFO - chord#: 85 done. best_score=27.0, changed=522, unchanged=359, early_stops=8/8
26 - INFO - chord#: 85 done. best_score=27.0, changed=518, unchanged=429, early_stops=8/8
26 - INFO - chord#: 86 In build_straw_man_chord_sa. tolerance = 1, sa_iterations = 1000, initial_temperature = 3.0, cooling_rate = 0.999
26 - INFO - chord#: 86 In build_straw_man_chord_sa. tolerance = 1, sa_iterations = 1000, initial_temperature = 3.0, cooling_rate = 0.999
26 - INFO - chord#: 70 done. best_score=27.0, changed=514, unchanged=322, early_stops=8/8
26 - INFO - chord#: 72 In build_straw_man_chord_sa. tolerance = 1, sa_iterations = 1000, initial_temperature = 3.0, cooling_rate = 0.999
26 - INFO - chord#: 86 done. best_score=27.0, changed=521, unchanged=454, early_stops=8/8
26 - INFO - chord#: 87 In build_straw_man_chord_sa. tolerance = 1, sa_iterations = 1000, initial_temperature = 3.0, cooling_rate = 0.999
26 - INFO - chord#: 70 done. best_score=36.0, changed=518, unchanged=328, early_stops=8/8
26 - INFO - chord#: 72 In build_straw_man_chord_sa. tolerance = 1, sa_iterations = 1000, initial_temperature = 3.0, cooling_rate = 0.999
26 - INFO - chord#: 70 done. best_score=27.0, changed=525, unchanged=457, early_stops=8/8
26 - INFO - chord#: 72 In build_straw_man_chord_sa. tolerance = 1, sa_iterations = 1000, initial_temperature = 3.0, cooling_rate = 0.999
26 - INFO - chord#: 70 done. best_score=27.0, changed=531, unchanged=479, early_stops=8/8
26 - INFO - chord#: 72 In build_straw_man_chord_sa. tolerance = 1, sa_iterations = 1000, initial_temperature = 3.0, cooling_rate = 0.999
26 - INFO - chord#: 80 done. best_score=78.0, changed=613, unchanged=337, early_stops=8/8
26 - INFO - chord#: 82 In build_straw_man_chord_sa. tolerance = 1, sa_iterations = 1000, initial_temperature = 3.0, cooling_rate = 0.999
26 - INFO - chord#: 86 done. best_score=27.0, changed=524, unchanged=521, early_stops=8/8
26 - INFO - chord#: 87 In build_straw_man_chord_sa. tolerance = 1, sa_iterations = 1000, initial_temperature = 3.0, cooling_rate = 0.999
26 - INFO - chord#: 72 done. best_score=141.0, changed=612, unchanged=241, early_stops=8/8
26 - INFO - chord#: 74 In build_straw_man_chord_sa. tolerance = 1, sa_iterations = 1000, initial_temperature = 3.0, cooling_rate = 0.999
26 - INFO - chord#: 85 done. best_score=27.0, changed=522, unchanged=553, early_stops=8/8
26 - INFO - chord#: 86 In build_straw_man_chord_sa. tolerance = 1, sa_iterations = 1000, initial_temperature = 3.0, cooling_rate = 0.999
26 - INFO - chord#: 86 done. best_score=27.0, changed=516, unchanged=377, early_stops=8/8
26 - INFO - chord#: 87 In build_straw_man_chord_sa. tolerance = 1, sa_iterations = 1000, initial_temperature = 3.0, cooling_rate = 0.999
26 - INFO - chord#: 86 done. best_score=27.0, changed=522, unchanged=415, early_stops=8/8
26 - INFO - chord#: 87 In build_straw_man_chord_sa. tolerance = 1, sa_iterations = 1000, initial_temperature = 3.0, cooling_rate = 0.999
26 - INFO - chord#: 74 done. best_score=36.0, changed=520, unchanged=296, early_stops=8/8
26 - INFO - chord#: 76 In build_straw_man_chord_sa. tolerance = 1, sa_iterations = 1000, initial_temperature = 3.0, cooling_rate = 0.999
26 - INFO - chord#: 82 done. best_score=27.0, changed=515, unchanged=338, early_stops=8/8
26 - INFO - chord#: 84 In build_straw_man_chord_sa. tolerance = 1, sa_iterations = 1000, initial_temperature = 3.0, cooling_rate = 0.999
26 - INFO - chord#: 86 done. best_score=27.0, changed=527, unchanged=517, early_stops=8/8
26 - INFO - chord#: 87 In build_straw_man_chord_sa. tolerance = 1, sa_iterations = 1000, initial_temperature = 3.0, cooling_rate = 0.999
26 - INFO - chord#: 87 done. best_score=82.0, changed=612, unchanged=254, early_stops=8/8
26 - INFO - chord#: 88 In build_straw_man_chord_sa. tolerance = 1, sa_iterations = 1000, initial_temperature = 3.0, cooling_rate = 0.999
26 - INFO - chord#: 72 done. best_score=147.0, changed=609, unchanged=267, early_stops=8/8
26 - INFO - chord#: 74 In build_straw_man_chord_sa. tolerance = 1, sa_iterations = 1000, initial_temperature = 3.0, cooling_rate = 0.999
26 - INFO - chord#: 87 done. best_score=82.0, changed=611, unchanged=277, early_stops=8/8
26 - INFO - chord#: 88 In build_straw_man_chord_sa. tolerance = 1, sa_iterations = 1000, initial_temperature = 3.0, cooling_rate = 0.999
26 - INFO - chord#: 76 done. best_score=27.0, changed=520, unchanged=441, early_stops=8/8
26 - INFO - chord#: 78 In build_straw_man_chord_sa. tolerance = 1, sa_iterations = 1000, initial_temperature = 3.0, cooling_rate = 0.999
26 - INFO - chord#: 84 done. best_score=47.0, changed=524, unchanged=419, early_stops=8/8
26 - INFO - chord#: 85 In build_straw_man_chord_sa. tolerance = 1, sa_iterations = 1000, initial_temperature = 3.0, cooling_rate = 0.999
26 - INFO - chord#: 72 done. best_score=150.0, changed=607, unchanged=263, early_stops=8/8
26 - INFO - chord#: 74 In build_straw_man_chord_sa. tolerance = 1, sa_iterations = 1000, initial_temperature = 3.0, cooling_rate = 0.999
26 - INFO - chord#: 72 done. best_score=135.0, changed=611, unchanged=310, early_stops=8/8
26 - INFO - chord#: 74 In build_straw_man_chord_sa. tolerance = 1, sa_iterations = 1000, initial_temperature = 3.0, cooling_rate = 0.999
26 - INFO - chord#: 87 done. best_score=97.0, changed=611, unchanged=237, early_stops=8/8
26 - INFO - chord#: 88 In build_straw_man_chord_sa. tolerance = 1, sa_iterations = 1000, initial_temperature = 3.0, cooling_rate = 0.999
26 - INFO - chord#: 87 done. best_score=82.0, changed=613, unchanged=342, early_stops=8/8
26 - INFO - chord#: 88 In build_straw_man_chord_sa. tolerance = 1, sa_iterations = 1000, initial_temperature = 3.0, cooling_rate = 0.999
26 - INFO - chord#: 72 done. best_score=150.0, changed=613, unchanged=324, early_stops=8/8
26 - INFO - chord#: 74 In build_straw_man_chord_sa. tolerance = 1, sa_iterations = 1000, initial_temperature = 3.0, cooling_rate = 0.999
26 - INFO - chord#: 74 done. best_score=36.0, changed=525, unchanged=398, early_stops=8/8
26 - INFO - chord#: 76 In build_straw_man_chord_sa. tolerance = 1, sa_iterations = 1000, initial_temperature = 3.0, cooling_rate = 0.999
26 - INFO - chord#: 72 done. best_score=135.0, changed=611, unchanged=359, early_stops=8/8
26 - INFO - chord#: 74 In build_straw_man_chord_sa. tolerance = 1, sa_iterations = 1000, initial_temperature = 3.0, cooling_rate = 0.999
26 - INFO - chord#: 78 done. best_score=27.0, changed=527, unchanged=403, early_stops=8/8
26 - INFO - chord#: 80 In build_straw_man_chord_sa. tolerance = 1, sa_iterations = 1000, initial_temperature = 3.0, cooling_rate = 0.999
26 - INFO - chord#: 74 done. best_score=36.0, changed=523, unchanged=309, early_stops=8/8
26 - INFO - chord#: 76 In build_straw_man_chord_sa. tolerance = 1, sa_iterations = 1000, initial_temperature = 3.0, cooling_rate = 0.999
26 - INFO - chord#: 74 done. best_score=36.0, changed=526, unchanged=382, early_stops=8/8
26 - INFO - chord#: 76 In build_straw_man_chord_sa. tolerance = 1, sa_iterations = 1000, initial_temperature = 3.0, cooling_rate = 0.999
26 - INFO - chord#: 85 done. best_score=27.0, changed=530, unchanged=380, early_stops=8/8
26 - INFO - chord#: 86 In build_straw_man_chord_sa. tolerance = 1, sa_iterations = 1000, initial_temperature = 3.0, cooling_rate = 0.999
26 - INFO - chord#: 88 done. best_score=67.0, changed=609, unchanged=264, early_stops=8/8
26 - INFO - chord#: 90 In build_straw_man_chord_sa. tolerance = 1, sa_iterations = 1000, initial_temperature = 3.0, cooling_rate = 0.999
26 - INFO - chord#: 74 done. best_score=36.0, changed=518, unchanged=304, early_stops=8/8
26 - INFO - chord#: 76 In build_straw_man_chord_sa. tolerance = 1, sa_iterations = 1000, initial_temperature = 3.0, cooling_rate = 0.999
26 - INFO - chord#: 74 done. best_score=78.0, changed=522, unchanged=298, early_stops=8/8
26 - INFO - chord#: 76 In build_straw_man_chord_sa. tolerance = 1, sa_iterations = 1000, initial_temperature = 3.0, cooling_rate = 0.999
26 - INFO - chord#: 87 done. best_score=82.0, changed=615, unchanged=381, early_stops=8/8
26 - INFO - chord#: 88 In build_straw_man_chord_sa. tolerance = 1, sa_iterations = 1000, initial_temperature = 3.0, cooling_rate = 0.999
26 - INFO - chord#: 88 done. best_score=145.0, changed=608, unchanged=224, early_stops=8/8
26 - INFO - chord#: 90 In build_straw_man_chord_sa. tolerance = 1, sa_iterations = 1000, initial_temperature = 3.0, cooling_rate = 0.999
26 - INFO - chord#: 76 done. best_score=27.0, changed=517, unchanged=366, early_stops=8/8
26 - INFO - chord#: 78 In build_straw_man_chord_sa. tolerance = 1, sa_iterations = 1000, initial_temperature = 3.0, cooling_rate = 0.999
26 - INFO - chord#: 86 done. best_score=27.0, changed=521, unchanged=376, early_stops=8/8
26 - INFO - chord#: 87 In build_straw_man_chord_sa. tolerance = 1, sa_iterations = 1000, initial_temperature = 3.0, cooling_rate = 0.999
26 - INFO - chord#: 90 done. best_score=27.0, changed=519, unchanged=443, early_stops=8/8
26 - INFO - chord#: 91 In build_straw_man_chord_sa. tolerance = 1, sa_iterations = 1000, initial_temperature = 3.0, cooling_rate = 0.999
26 - INFO - chord#: 88 done. best_score=78.0, changed=608, unchanged=324, early_stops=8/8
26 - INFO - chord#: 90 In build_straw_man_chord_sa. tolerance = 1, sa_iterations = 1000, initial_temperature = 3.0, cooling_rate = 0.999
26 - INFO - chord#: 76 done. best_score=27.0, changed=519, unchanged=397, early_stops=8/8
26 - INFO - chord#: 78 In build_straw_man_chord_sa. tolerance = 1, sa_iterations = 1000, initial_temperature = 3.0, cooling_rate = 0.999
26 - INFO - chord#: 76 done. best_score=27.0, changed=521, unchanged=566, early_stops=8/8
26 - INFO - chord#: 78 In build_straw_man_chord_sa. tolerance = 1, sa_iterations = 1000, initial_temperature = 3.0, cooling_rate = 0.999
26 - INFO - chord#: 76 done. best_score=27.0, changed=519, unchanged=316, early_stops=8/8
26 - INFO - chord#: 78 In build_straw_man_chord_sa. tolerance = 1, sa_iterations = 1000, initial_temperature = 3.0, cooling_rate = 0.999
26 - INFO - chord#: 90 done. best_score=27.0, changed=521, unchanged=372, early_stops=8/8
26 - INFO - chord#: 91 In build_straw_man_chord_sa. tolerance = 1, sa_iterations = 1000, initial_temperature = 3.0, cooling_rate = 0.999
26 - INFO - chord#: 88 done. best_score=119.0, changed=617, unchanged=441, early_stops=8/8
26 - INFO - chord#: 90 In build_straw_man_chord_sa. tolerance = 1, sa_iterations = 1000, initial_temperature = 3.0, cooling_rate = 0.999
26 - INFO - chord#: 78 done. best_score=27.0, changed=515, unchanged=345, early_stops=8/8
26 - INFO - chord#: 80 In build_straw_man_chord_sa. tolerance = 1, sa_iterations = 1000, initial_temperature = 3.0, cooling_rate = 0.999
26 - INFO - chord#: 76 done. best_score=27.0, changed=519, unchanged=448, early_stops=8/8
26 - INFO - chord#: 78 In build_straw_man_chord_sa. tolerance = 1, sa_iterations = 1000, initial_temperature = 3.0, cooling_rate = 0.999
26 - INFO - chord#: 80 done. best_score=67.0, changed=613, unchanged=301, early_stops=8/8
26 - INFO - chord#: 82 In build_straw_man_chord_sa. tolerance = 1, sa_iterations = 1000, initial_temperature = 3.0, cooling_rate = 0.999
26 - INFO - chord#: 90 done. best_score=27.0, changed=520, unchanged=501, early_stops=8/8
26 - INFO - chord#: 91 In build_straw_man_chord_sa. tolerance = 1, sa_iterations = 1000, initial_temperature = 3.0, cooling_rate = 0.999
26 - INFO - chord#: 78 done. best_score=27.0, changed=517, unchanged=390, early_stops=8/8
26 - INFO - chord#: 88 done. best_score=145.0, changed=613, unchanged=308, early_stops=8/8
26 - INFO - chord#: 80 In build_straw_man_chord_sa. tolerance = 1, sa_iterations = 1000, initial_temperature = 3.0, cooling_rate = 0.999
26 - INFO - chord#: 90 In build_straw_man_chord_sa. tolerance = 1, sa_iterations = 1000, initial_temperature = 3.0, cooling_rate = 0.999
26 - INFO - chord#: 78 done. best_score=27.0, changed=522, unchanged=413, early_stops=8/8
26 - INFO - chord#: 80 In build_straw_man_chord_sa. tolerance = 1, sa_iterations = 1000, initial_temperature = 3.0, cooling_rate = 0.999
26 - INFO - chord#: 78 done. best_score=27.0, changed=521, unchanged=504, early_stops=8/8
26 - INFO - chord#: 80 In build_straw_man_chord_sa. tolerance = 1, sa_iterations = 1000, initial_temperature = 3.0, cooling_rate = 0.999
26 - INFO - chord#: 90 done. best_score=27.0, changed=518, unchanged=423, early_stops=8/8
26 - INFO - chord#: 91 In build_straw_man_chord_sa. tolerance = 1, sa_iterations = 1000, initial_temperature = 3.0, cooling_rate = 0.999
26 - INFO - chord#: 82 done. best_score=27.0, changed=516, unchanged=346, early_stops=8/8
26 - INFO - chord#: 84 In build_straw_man_chord_sa. tolerance = 1, sa_iterations = 1000, initial_temperature = 3.0, cooling_rate = 0.999
26 - INFO - chord#: 78 done. best_score=27.0, changed=526, unchanged=470, early_stops=8/8
26 - INFO - chord#: 80 In build_straw_man_chord_sa. tolerance = 1, sa_iterations = 1000, initial_temperature = 3.0, cooling_rate = 0.999
26 - INFO - chord#: 91 done. best_score=67.0, changed=614, unchanged=299, early_stops=8/8
26 - INFO - chord#: 92 In build_straw_man_chord_sa. tolerance = 1, sa_iterations = 1000, initial_temperature = 3.0, cooling_rate = 0.999
26 - INFO - chord#: 90 done. best_score=27.0, changed=519, unchanged=471, early_stops=8/8
26 - INFO - chord#: 91 In build_straw_man_chord_sa. tolerance = 1, sa_iterations = 1000, initial_temperature = 3.0, cooling_rate = 0.999
26 - INFO - chord#: 91 done. best_score=96.0, changed=612, unchanged=351, early_stops=8/8
26 - INFO - chord#: 92 In build_straw_man_chord_sa. tolerance = 1, sa_iterations = 1000, initial_temperature = 3.0, cooling_rate = 0.999
26 - INFO - chord#: 84 done. best_score=47.0, changed=527, unchanged=445, early_stops=8/8
26 - INFO - chord#: 85 In build_straw_man_chord_sa. tolerance = 1, sa_iterations = 1000, initial_temperature = 3.0, cooling_rate = 0.999
26 - INFO - chord#: 87 done. best_score=82.0, changed=609, unchanged=344, early_stops=8/8
26 - INFO - chord#: 88 In build_straw_man_chord_sa. tolerance = 1, sa_iterations = 1000, initial_temperature = 3.0, cooling_rate = 0.999
26 - INFO - chord#: 92 done. best_score=27.0, changed=529, unchanged=475, early_stops=8/8
26 - INFO - chord#: 96 In build_straw_man_chord_sa. tolerance = 1, sa_iterations = 1000, initial_temperature = 3.0, cooling_rate = 0.999
26 - INFO - chord#: 92 done. best_score=27.0, changed=524, unchanged=392, early_stops=8/8
26 - INFO - chord#: 96 In build_straw_man_chord_sa. tolerance = 1, sa_iterations = 1000, initial_temperature = 3.0, cooling_rate = 0.999
26 - INFO - chord#: 91 done. best_score=167.0, changed=612, unchanged=304, early_stops=8/8
26 - INFO - chord#: 92 In build_straw_man_chord_sa. tolerance = 1, sa_iterations = 1000, initial_temperature = 3.0, cooling_rate = 0.999
26 - INFO - chord#: 85 done. best_score=27.0, changed=519, unchanged=383, early_stops=8/8
26 - INFO - chord#: 86 In build_straw_man_chord_sa. tolerance = 1, sa_iterations = 1000, initial_temperature = 3.0, cooling_rate = 0.999
26 - INFO - chord#: 91 done. best_score=96.0, changed=610, unchanged=275, early_stops=8/8
26 - INFO - chord#: 92 In build_straw_man_chord_sa. tolerance = 1, sa_iterations = 1000, initial_temperature = 3.0, cooling_rate = 0.999
26 - INFO - chord#: 80 done. best_score=78.0, changed=617, unchanged=314, early_stops=8/8
26 - INFO - chord#: 82 In build_straw_man_chord_sa. tolerance = 1, sa_iterations = 1000, initial_temperature = 3.0, cooling_rate = 0.999
26 - INFO - chord#: 80 done. best_score=67.0, changed=616, unchanged=497, early_stops=8/8
26 - INFO - chord#: 82 In build_straw_man_chord_sa. tolerance = 1, sa_iterations = 1000, initial_temperature = 3.0, cooling_rate = 0.999
26 - INFO - chord#: 96 done. best_score=27.0, changed=517, unchanged=500, early_stops=8/8
26 - INFO - chord#: 100 In build_straw_man_chord_sa. tolerance = 1, sa_iterations = 1000, initial_temperature = 3.0, cooling_rate = 0.999
26 - INFO - chord#: 92 done. best_score=27.0, changed=528, unchanged=360, early_stops=8/8
26 - INFO - chord#: 96 In build_straw_man_chord_sa. tolerance = 1, sa_iterations = 1000, initial_temperature = 3.0, cooling_rate = 0.999
26 - INFO - chord#: 80 done. best_score=67.0, changed=609, unchanged=346, early_stops=8/8
26 - INFO - chord#: 82 In build_straw_man_chord_sa. tolerance = 1, sa_iterations = 1000, initial_temperature = 3.0, cooling_rate = 0.999
26 - INFO - chord#: 80 done. best_score=161.0, changed=609, unchanged=263, early_stops=8/8
26 - INFO - chord#: 82 In build_straw_man_chord_sa. tolerance = 1, sa_iterations = 1000, initial_temperature = 3.0, cooling_rate = 0.999
26 - INFO - chord#: 92 done. best_score=27.0, changed=522, unchanged=362, early_stops=8/8
26 - INFO - chord#: 96 In build_straw_man_chord_sa. tolerance = 1, sa_iterations = 1000, initial_temperature = 3.0, cooling_rate = 0.999
26 - INFO - chord#: 96 done. best_score=27.0, changed=525, unchanged=494, early_stops=8/8
26 - INFO - chord#: 100 In build_straw_man_chord_sa. tolerance = 1, sa_iterations = 1000, initial_temperature = 3.0, cooling_rate = 0.999
26 - INFO - chord#: 80 done. best_score=67.0, changed=611, unchanged=372, early_stops=8/8
26 - INFO - chord#: 82 In build_straw_man_chord_sa. tolerance = 1, sa_iterations = 1000, initial_temperature = 3.0, cooling_rate = 0.999
26 - INFO - chord#: 86 done. best_score=27.0, changed=530, unchanged=436, early_stops=8/8
26 - INFO - chord#: 87 In build_straw_man_chord_sa. tolerance = 1, sa_iterations = 1000, initial_temperature = 3.0, cooling_rate = 0.999
26 - INFO - chord#: 91 done. best_score=67.0, changed=615, unchanged=396, early_stops=8/8
26 - INFO - chord#: 92 In build_straw_man_chord_sa. tolerance = 1, sa_iterations = 1000, initial_temperature = 3.0, cooling_rate = 0.999
26 - INFO - chord#: 82 done. best_score=27.0, changed=521, unchanged=345, early_stops=8/8
26 - INFO - chord#: 84 In build_straw_man_chord_sa. tolerance = 1, sa_iterations = 1000, initial_temperature = 3.0, cooling_rate = 0.999
26 - INFO - chord#: 96 done. best_score=27.0, changed=518, unchanged=331, early_stops=8/8
26 - INFO - chord#: 100 In build_straw_man_chord_sa. tolerance = 1, sa_iterations = 1000, initial_temperature = 3.0, cooling_rate = 0.999
26 - INFO - chord#: 100 done. best_score=27.0, changed=527, unchanged=376, early_stops=8/8
26 - INFO - chord#: 102 In build_straw_man_chord_sa. tolerance = 1, sa_iterations = 1000, initial_temperature = 3.0, cooling_rate = 0.999
26 - INFO - chord#: 100 done. best_score=27.0, changed=527, unchanged=386, early_stops=8/8
26 - INFO - chord#: 102 In build_straw_man_chord_sa. tolerance = 1, sa_iterations = 1000, initial_temperature = 3.0, cooling_rate = 0.999
26 - INFO - chord#: 82 done. best_score=27.0, changed=527, unchanged=412, early_stops=8/8
26 - INFO - chord#: 84 In build_straw_man_chord_sa. tolerance = 1, sa_iterations = 1000, initial_temperature = 3.0, cooling_rate = 0.999
26 - INFO - chord#: 96 done. best_score=27.0, changed=517, unchanged=392, early_stops=8/8
26 - INFO - chord#: 100 In build_straw_man_chord_sa. tolerance = 1, sa_iterations = 1000, initial_temperature = 3.0, cooling_rate = 0.999
26 - INFO - chord#: 82 done. best_score=27.0, changed=519, unchanged=350, early_stops=8/8
26 - INFO - chord#: 84 In build_straw_man_chord_sa. tolerance = 1, sa_iterations = 1000, initial_temperature = 3.0, cooling_rate = 0.999
26 - INFO - chord#: 82 done. best_score=27.0, changed=523, unchanged=361, early_stops=8/8
26 - INFO - chord#: 84 In build_straw_man_chord_sa. tolerance = 1, sa_iterations = 1000, initial_temperature = 3.0, cooling_rate = 0.999
26 - INFO - chord#: 82 done. best_score=27.0, changed=530, unchanged=417, early_stops=8/8
26 - INFO - chord#: 84 In build_straw_man_chord_sa. tolerance = 1, sa_iterations = 1000, initial_temperature = 3.0, cooling_rate = 0.999
26 - INFO - chord#: 92 done. best_score=27.0, changed=515, unchanged=326, early_stops=8/8
26 - INFO - chord#: 96 In build_straw_man_chord_sa. tolerance = 1, sa_iterations = 1000, initial_temperature = 3.0, cooling_rate = 0.999
26 - INFO - chord#: 100 done. best_score=27.0, changed=525, unchanged=336, early_stops=8/8
26 - INFO - chord#: 102 In build_straw_man_chord_sa. tolerance = 1, sa_iterations = 1000, initial_temperature = 3.0, cooling_rate = 0.999
26 - INFO - chord#: 88 done. best_score=137.0, changed=613, unchanged=440, early_stops=8/8
26 - INFO - chord#: 90 In build_straw_man_chord_sa. tolerance = 1, sa_iterations = 1000, initial_temperature = 3.0, cooling_rate = 0.999
26 - INFO - chord#: 84 done. best_score=47.0, changed=528, unchanged=406, early_stops=8/8
26 - INFO - chord#: 85 In build_straw_man_chord_sa. tolerance = 1, sa_iterations = 1000, initial_temperature = 3.0, cooling_rate = 0.999
26 - INFO - chord#: 100 done. best_score=27.0, changed=524, unchanged=402, early_stops=8/8
26 - INFO - chord#: 102 In build_straw_man_chord_sa. tolerance = 1, sa_iterations = 1000, initial_temperature = 3.0, cooling_rate = 0.999
26 - INFO - chord#: 84 done. best_score=47.0, changed=519, unchanged=347, early_stops=8/8
26 - INFO - chord#: 85 In build_straw_man_chord_sa. tolerance = 1, sa_iterations = 1000, initial_temperature = 3.0, cooling_rate = 0.999
26 - INFO - chord#: 84 done. best_score=47.0, changed=518, unchanged=328, early_stops=8/8
26 - INFO - chord#: 85 In build_straw_man_chord_sa. tolerance = 1, sa_iterations = 1000, initial_temperature = 3.0, cooling_rate = 0.999
26 - INFO - chord#: 84 done. best_score=47.0, changed=519, unchanged=372, early_stops=8/8
26 - INFO - chord#: 85 In build_straw_man_chord_sa. tolerance = 1, sa_iterations = 1000, initial_temperature = 3.0, cooling_rate = 0.999
26 - INFO - chord#: 96 done. best_score=27.0, changed=523, unchanged=488, early_stops=8/8
26 - INFO - chord#: 100 In build_straw_man_chord_sa. tolerance = 1, sa_iterations = 1000, initial_temperature = 3.0, cooling_rate = 0.999
26 - INFO - chord#: 102 done. best_score=74.0, changed=606, unchanged=264, early_stops=8/8
26 - INFO - chord#: 104 In build_straw_man_chord_sa. tolerance = 1, sa_iterations = 1000, initial_temperature = 3.0, cooling_rate = 0.999
26 - INFO - chord#: 84 done. best_score=47.0, changed=528, unchanged=430, early_stops=8/8
26 - INFO - chord#: 85 In build_straw_man_chord_sa. tolerance = 1, sa_iterations = 1000, initial_temperature = 3.0, cooling_rate = 0.999
26 - INFO - chord#: 87 done. best_score=82.0, changed=615, unchanged=361, early_stops=8/8
26 - INFO - chord#: 88 In build_straw_man_chord_sa. tolerance = 1, sa_iterations = 1000, initial_temperature = 3.0, cooling_rate = 0.999
26 - INFO - chord#: 102 done. best_score=96.0, changed=611, unchanged=311, early_stops=8/8
26 - INFO - chord#: 104 In build_straw_man_chord_sa. tolerance = 1, sa_iterations = 1000, initial_temperature = 3.0, cooling_rate = 0.999
26 - INFO - chord#: 90 done. best_score=27.0, changed=517, unchanged=403, early_stops=8/8
26 - INFO - chord#: 91 In build_straw_man_chord_sa. tolerance = 1, sa_iterations = 1000, initial_temperature = 3.0, cooling_rate = 0.999
26 - INFO - chord#: 85 done. best_score=27.0, changed=517, unchanged=413, early_stops=8/8
26 - INFO - chord#: 86 In build_straw_man_chord_sa. tolerance = 1, sa_iterations = 1000, initial_temperature = 3.0, cooling_rate = 0.999
26 - INFO - chord#: 85 done. best_score=27.0, changed=516, unchanged=342, early_stops=8/8
26 - INFO - chord#: 86 In build_straw_man_chord_sa. tolerance = 1, sa_iterations = 1000, initial_temperature = 3.0, cooling_rate = 0.999
26 - INFO - chord#: 104 done. best_score=27.0, changed=518, unchanged=315, early_stops=8/8
26 - INFO - chord#: 106 In build_straw_man_chord_sa. tolerance = 1, sa_iterations = 1000, initial_temperature = 3.0, cooling_rate = 0.999
26 - INFO - chord#: 100 done. best_score=27.0, changed=530, unchanged=465, early_stops=8/8
26 - INFO - chord#: 102 In build_straw_man_chord_sa. tolerance = 1, sa_iterations = 1000, initial_temperature = 3.0, cooling_rate = 0.999
26 - INFO - chord#: 85 done. best_score=27.0, changed=516, unchanged=405, early_stops=8/8
26 - INFO - chord#: 86 In build_straw_man_chord_sa. tolerance = 1, sa_iterations = 1000, initial_temperature = 3.0, cooling_rate = 0.999
26 - INFO - chord#: 85 done. best_score=27.0, changed=519, unchanged=392, early_stops=8/8
26 - INFO - chord#: 86 In build_straw_man_chord_sa. tolerance = 1, sa_iterations = 1000, initial_temperature = 3.0, cooling_rate = 0.999
26 - INFO - chord#: 102 done. best_score=96.0, changed=609, unchanged=268, early_stops=8/8
26 - INFO - chord#: 104 In build_straw_man_chord_sa. tolerance = 1, sa_iterations = 1000, initial_temperature = 3.0, cooling_rate = 0.999
26 - INFO - chord#: 104 done. best_score=27.0, changed=524, unchanged=393, early_stops=8/8
26 - INFO - chord#: 106 In build_straw_man_chord_sa. tolerance = 1, sa_iterations = 1000, initial_temperature = 3.0, cooling_rate = 0.999
26 - INFO - chord#: 85 done. best_score=27.0, changed=524, unchanged=408, early_stops=8/8
26 - INFO - chord#: 86 In build_straw_man_chord_sa. tolerance = 1, sa_iterations = 1000, initial_temperature = 3.0, cooling_rate = 0.999
26 - INFO - chord#: 102 done. best_score=74.0, changed=624, unchanged=424, early_stops=8/8
26 - INFO - chord#: 104 In build_straw_man_chord_sa. tolerance = 1, sa_iterations = 1000, initial_temperature = 3.0, cooling_rate = 0.999
26 - INFO - chord#: 86 done. best_score=27.0, changed=514, unchanged=343, early_stops=8/8
26 - INFO - chord#: 87 In build_straw_man_chord_sa. tolerance = 1, sa_iterations = 1000, initial_temperature = 3.0, cooling_rate = 0.999
26 - INFO - chord#: 86 done. best_score=27.0, changed=524, unchanged=404, early_stops=8/8
26 - INFO - chord#: 87 In build_straw_man_chord_sa. tolerance = 1, sa_iterations = 1000, initial_temperature = 3.0, cooling_rate = 0.999
26 - INFO - chord#: 88 done. best_score=131.0, changed=613, unchanged=263, early_stops=8/8
26 - INFO - chord#: 90 In build_straw_man_chord_sa. tolerance = 1, sa_iterations = 1000, initial_temperature = 3.0, cooling_rate = 0.999
26 - INFO - chord#: 86 done. best_score=27.0, changed=517, unchanged=356, early_stops=8/8
26 - INFO - chord#: 87 In build_straw_man_chord_sa. tolerance = 1, sa_iterations = 1000, initial_temperature = 3.0, cooling_rate = 0.999
26 - INFO - chord#: 104 done. best_score=27.0, changed=528, unchanged=500, early_stops=8/8
26 - INFO - chord#: 106 In build_straw_man_chord_sa. tolerance = 1, sa_iterations = 1000, initial_temperature = 3.0, cooling_rate = 0.999
26 - INFO - chord#: 104 done. best_score=27.0, changed=516, unchanged=303, early_stops=8/8
26 - INFO - chord#: 106 In build_straw_man_chord_sa. tolerance = 1, sa_iterations = 1000, initial_temperature = 3.0, cooling_rate = 0.999
26 - INFO - chord#: 86 done. best_score=27.0, changed=528, unchanged=537, early_stops=8/8
26 - INFO - chord#: 87 In build_straw_man_chord_sa. tolerance = 1, sa_iterations = 1000, initial_temperature = 3.0, cooling_rate = 0.999
26 - INFO - chord#: 86 done. best_score=27.0, changed=525, unchanged=477, early_stops=8/8
26 - INFO - chord#: 87 In build_straw_man_chord_sa. tolerance = 1, sa_iterations = 1000, initial_temperature = 3.0, cooling_rate = 0.999
26 - INFO - chord#: 106 done. best_score=64.0, changed=614, unchanged=325, early_stops=8/8
26 - INFO - chord#: 108 In build_straw_man_chord_sa. tolerance = 1, sa_iterations = 1000, initial_temperature = 3.0, cooling_rate = 0.999
26 - INFO - chord#: 102 done. best_score=74.0, changed=612, unchanged=315, early_stops=8/8
26 - INFO - chord#: 104 In build_straw_man_chord_sa. tolerance = 1, sa_iterations = 1000, initial_temperature = 3.0, cooling_rate = 0.999
26 - INFO - chord#: 90 done. best_score=27.0, changed=520, unchanged=592, early_stops=8/8
26 - INFO - chord#: 91 In build_straw_man_chord_sa. tolerance = 1, sa_iterations = 1000, initial_temperature = 3.0, cooling_rate = 0.999
26 - INFO - chord#: 106 done. best_score=64.0, changed=607, unchanged=241, early_stops=8/8
26 - INFO - chord#: 108 In build_straw_man_chord_sa. tolerance = 1, sa_iterations = 1000, initial_temperature = 3.0, cooling_rate = 0.999
26 - INFO - chord#: 91 done. best_score=67.0, changed=630, unchanged=444, early_stops=8/8
26 - INFO - chord#: 92 In build_straw_man_chord_sa. tolerance = 1, sa_iterations = 1000, initial_temperature = 3.0, cooling_rate = 0.999
26 - INFO - chord#: 108 done. best_score=27.0, changed=519, unchanged=369, early_stops=8/8
26 - INFO - chord#: 110 In build_straw_man_chord_sa. tolerance = 1, sa_iterations = 1000, initial_temperature = 3.0, cooling_rate = 0.999
26 - INFO - chord#: 104 done. best_score=27.0, changed=531, unchanged=378, early_stops=8/8
26 - INFO - chord#: 106 In build_straw_man_chord_sa. tolerance = 1, sa_iterations = 1000, initial_temperature = 3.0, cooling_rate = 0.999
26 - INFO - chord#: 106 done. best_score=140.0, changed=609, unchanged=278, early_stops=8/8
26 - INFO - chord#: 108 In build_straw_man_chord_sa. tolerance = 1, sa_iterations = 1000, initial_temperature = 3.0, cooling_rate = 0.999
26 - INFO - chord#: 87 done. best_score=82.0, changed=612, unchanged=282, early_stops=8/8
26 - INFO - chord#: 88 In build_straw_man_chord_sa. tolerance = 1, sa_iterations = 1000, initial_temperature = 3.0, cooling_rate = 0.999
26 - INFO - chord#: 87 done. best_score=82.0, changed=610, unchanged=211, early_stops=8/8
26 - INFO - chord#: 88 In build_straw_man_chord_sa. tolerance = 1, sa_iterations = 1000, initial_temperature = 3.0, cooling_rate = 0.999
26 - INFO - chord#: 106 done. best_score=64.0, changed=628, unchanged=475, early_stops=8/8
26 - INFO - chord#: 108 In build_straw_man_chord_sa. tolerance = 1, sa_iterations = 1000, initial_temperature = 3.0, cooling_rate = 0.999
26 - INFO - chord#: 108 done. best_score=27.0, changed=518, unchanged=398, early_stops=8/8
26 - INFO - chord#: 110 In build_straw_man_chord_sa. tolerance = 1, sa_iterations = 1000, initial_temperature = 3.0, cooling_rate = 0.999
26 - INFO - chord#: 92 done. best_score=27.0, changed=524, unchanged=424, early_stops=8/8
26 - INFO - chord#: 96 In build_straw_man_chord_sa. tolerance = 1, sa_iterations = 1000, initial_temperature = 3.0, cooling_rate = 0.999
26 - INFO - chord#: 110 done. best_score=36.0, changed=520, unchanged=394, early_stops=8/8
26 - INFO - chord#: 112 In build_straw_man_chord_sa. tolerance = 1, sa_iterations = 1000, initial_temperature = 3.0, cooling_rate = 0.999
26 - INFO - chord#: 87 done. best_score=82.0, changed=612, unchanged=296, early_stops=8/8
26 - INFO - chord#: 88 In build_straw_man_chord_sa. tolerance = 1, sa_iterations = 1000, initial_temperature = 3.0, cooling_rate = 0.999
26 - INFO - chord#: 87 done. best_score=82.0, changed=605, unchanged=199, early_stops=8/8
26 - INFO - chord#: 88 In build_straw_man_chord_sa. tolerance = 1, sa_iterations = 1000, initial_temperature = 3.0, cooling_rate = 0.999
26 - INFO - chord#: 87 done. best_score=82.0, changed=609, unchanged=301, early_stops=8/8
26 - INFO - chord#: 88 In build_straw_man_chord_sa. tolerance = 1, sa_iterations = 1000, initial_temperature = 3.0, cooling_rate = 0.999
26 - INFO - chord#: 108 done. best_score=27.0, changed=531, unchanged=515, early_stops=8/8
26 - INFO - chord#: 91 done. best_score=157.0, changed=611, unchanged=232, early_stops=8/8
26 - INFO - chord#: 92 In build_straw_man_chord_sa. tolerance = 1, sa_iterations = 1000, initial_temperature = 3.0, cooling_rate = 0.999
26 - INFO - chord#: 110 In build_straw_man_chord_sa. tolerance = 1, sa_iterations = 1000, initial_temperature = 3.0, cooling_rate = 0.999
26 - INFO - chord#: 108 done. best_score=27.0, changed=518, unchanged=373, early_stops=8/8
26 - INFO - chord#: 110 In build_straw_man_chord_sa. tolerance = 1, sa_iterations = 1000, initial_temperature = 3.0, cooling_rate = 0.999
26 - INFO - chord#: 112 done. best_score=27.0, changed=519, unchanged=444, early_stops=8/8
26 - INFO - chord#: 114 In build_straw_man_chord_sa. tolerance = 1, sa_iterations = 1000, initial_temperature = 3.0, cooling_rate = 0.999
26 - INFO - chord#: 92 done. best_score=27.0, changed=526, unchanged=343, early_stops=8/8
26 - INFO - chord#: 96 In build_straw_man_chord_sa. tolerance = 1, sa_iterations = 1000, initial_temperature = 3.0, cooling_rate = 0.999
26 - INFO - chord#: 106 done. best_score=146.0, changed=609, unchanged=319, early_stops=8/8
26 - INFO - chord#: 108 In build_straw_man_chord_sa. tolerance = 1, sa_iterations = 1000, initial_temperature = 3.0, cooling_rate = 0.999
26 - INFO - chord#: 110 done. best_score=36.0, changed=524, unchanged=438, early_stops=8/8
26 - INFO - chord#: 112 In build_straw_man_chord_sa. tolerance = 1, sa_iterations = 1000, initial_temperature = 3.0, cooling_rate = 0.999
26 - INFO - chord#: 96 done. best_score=27.0, changed=524, unchanged=470, early_stops=8/8
26 - INFO - chord#: 100 In build_straw_man_chord_sa. tolerance = 1, sa_iterations = 1000, initial_temperature = 3.0, cooling_rate = 0.999
26 - INFO - chord#: 110 done. best_score=36.0, changed=518, unchanged=382, early_stops=8/8
26 - INFO - chord#: 112 In build_straw_man_chord_sa. tolerance = 1, sa_iterations = 1000, initial_temperature = 3.0, cooling_rate = 0.999
26 - INFO - chord#: 88 done. best_score=137.0, changed=614, unchanged=409, early_stops=8/8
26 - INFO - chord#: 90 In build_straw_man_chord_sa. tolerance = 1, sa_iterations = 1000, initial_temperature = 3.0, cooling_rate = 0.999
26 - INFO - chord#: 110 done. best_score=36.0, changed=524, unchanged=468, early_stops=8/8
26 - INFO - chord#: 112 In build_straw_man_chord_sa. tolerance = 1, sa_iterations = 1000, initial_temperature = 3.0, cooling_rate = 0.999
26 - INFO - chord#: 96 done. best_score=27.0, changed=517, unchanged=361, early_stops=8/8
26 - INFO - chord#: 100 In build_straw_man_chord_sa. tolerance = 1, sa_iterations = 1000, initial_temperature = 3.0, cooling_rate = 0.999
26 - INFO - chord#: 108 done. best_score=27.0, changed=519, unchanged=365, early_stops=8/8
26 - INFO - chord#: 110 In build_straw_man_chord_sa. tolerance = 1, sa_iterations = 1000, initial_temperature = 3.0, cooling_rate = 0.999
26 - INFO - chord#: 112 done. best_score=27.0, changed=519, unchanged=341, early_stops=8/8
26 - INFO - chord#: 114 In build_straw_man_chord_sa. tolerance = 1, sa_iterations = 1000, initial_temperature = 3.0, cooling_rate = 0.999
26 - INFO - chord#: 100 done. best_score=27.0, changed=516, unchanged=368, early_stops=8/8
26 - INFO - chord#: 102 In build_straw_man_chord_sa. tolerance = 1, sa_iterations = 1000, initial_temperature = 3.0, cooling_rate = 0.999
26 - INFO - chord#: 88 done. best_score=67.0, changed=611, unchanged=402, early_stops=8/8
26 - INFO - chord#: 90 In build_straw_man_chord_sa. tolerance = 1, sa_iterations = 1000, initial_temperature = 3.0, cooling_rate = 0.999
26 - INFO - chord#: 112 done. best_score=27.0, changed=527, unchanged=430, early_stops=8/8
26 - INFO - chord#: 114 In build_straw_man_chord_sa. tolerance = 1, sa_iterations = 1000, initial_temperature = 3.0, cooling_rate = 0.999
26 - INFO - chord#: 114 done. best_score=149.0, changed=609, unchanged=235, early_stops=8/8
26 - INFO - chord#: 116 In build_straw_man_chord_sa. tolerance = 1, sa_iterations = 1000, initial_temperature = 3.0, cooling_rate = 0.999
26 - INFO - chord#: 90 done. best_score=27.0, changed=514, unchanged=391, early_stops=8/8
26 - INFO - chord#: 91 In build_straw_man_chord_sa. tolerance = 1, sa_iterations = 1000, initial_temperature = 3.0, cooling_rate = 0.999
26 - INFO - chord#: 88 done. best_score=67.0, changed=613, unchanged=340, early_stops=8/8
26 - INFO - chord#: 90 In build_straw_man_chord_sa. tolerance = 1, sa_iterations = 1000, initial_temperature = 3.0, cooling_rate = 0.999
26 - INFO - chord#: 100 done. best_score=27.0, changed=528, unchanged=369, early_stops=8/8
26 - INFO - chord#: 102 In build_straw_man_chord_sa. tolerance = 1, sa_iterations = 1000, initial_temperature = 3.0, cooling_rate = 0.999
26 - INFO - chord#: 88 done. best_score=67.0, changed=612, unchanged=408, early_stops=8/8
26 - INFO - chord#: 90 In build_straw_man_chord_sa. tolerance = 1, sa_iterations = 1000, initial_temperature = 3.0, cooling_rate = 0.999
26 - INFO - chord#: 88 done. best_score=119.0, changed=613, unchanged=356, early_stops=8/8
26 - INFO - chord#: 90 In build_straw_man_chord_sa. tolerance = 1, sa_iterations = 1000, initial_temperature = 3.0, cooling_rate = 0.999
26 - INFO - chord#: 112 done. best_score=27.0, changed=519, unchanged=503, early_stops=8/8
26 - INFO - chord#: 114 In build_straw_man_chord_sa. tolerance = 1, sa_iterations = 1000, initial_temperature = 3.0, cooling_rate = 0.999
26 - INFO - chord#: 110 done. best_score=36.0, changed=522, unchanged=375, early_stops=8/8
26 - INFO - chord#: 112 In build_straw_man_chord_sa. tolerance = 1, sa_iterations = 1000, initial_temperature = 3.0, cooling_rate = 0.999
26 - INFO - chord#: 116 done. best_score=27.0, changed=523, unchanged=352, early_stops=8/8
26 - INFO - chord#: 118 In build_straw_man_chord_sa. tolerance = 1, sa_iterations = 1000, initial_temperature = 3.0, cooling_rate = 0.999
26 - INFO - chord#: 90 done. best_score=27.0, changed=519, unchanged=371, early_stops=8/8
26 - INFO - chord#: 91 In build_straw_man_chord_sa. tolerance = 1, sa_iterations = 1000, initial_temperature = 3.0, cooling_rate = 0.999
26 - INFO - chord#: 90 done. best_score=27.0, changed=516, unchanged=351, early_stops=8/8
26 - INFO - chord#: 91 In build_straw_man_chord_sa. tolerance = 1, sa_iterations = 1000, initial_temperature = 3.0, cooling_rate = 0.999
26 - INFO - chord#: 114 done. best_score=70.0, changed=613, unchanged=299, early_stops=8/8
26 - INFO - chord#: 116 In build_straw_man_chord_sa. tolerance = 1, sa_iterations = 1000, initial_temperature = 3.0, cooling_rate = 0.999
26 - INFO - chord#: 112 done. best_score=27.0, changed=532, unchanged=599, early_stops=8/8
26 - INFO - chord#: 114 In build_straw_man_chord_sa. tolerance = 1, sa_iterations = 1000, initial_temperature = 3.0, cooling_rate = 0.999
26 - INFO - chord#: 90 done. best_score=27.0, changed=526, unchanged=626, early_stops=8/8
26 - INFO - chord#: 91 In build_straw_man_chord_sa. tolerance = 1, sa_iterations = 1000, initial_temperature = 3.0, cooling_rate = 0.999
26 - INFO - chord#: 90 done. best_score=27.0, changed=517, unchanged=562, early_stops=8/8
26 - INFO - chord#: 91 In build_straw_man_chord_sa. tolerance = 1, sa_iterations = 1000, initial_temperature = 3.0, cooling_rate = 0.999
26 - INFO - chord#: 118 done. best_score=27.0, changed=513, unchanged=523, early_stops=8/8
26 - INFO - chord#: 120 In build_straw_man_chord_sa. tolerance = 1, sa_iterations = 1000, initial_temperature = 3.0, cooling_rate = 0.999
26 - INFO - chord#: 102 done. best_score=168.0, changed=609, unchanged=276, early_stops=8/8
26 - INFO - chord#: 104 In build_straw_man_chord_sa. tolerance = 1, sa_iterations = 1000, initial_temperature = 3.0, cooling_rate = 0.999
26 - INFO - chord#: 102 done. best_score=74.0, changed=611, unchanged=263, early_stops=8/8
26 - INFO - chord#: 104 In build_straw_man_chord_sa. tolerance = 1, sa_iterations = 1000, initial_temperature = 3.0, cooling_rate = 0.999
26 - INFO - chord#: 114 done. best_score=145.0, changed=610, unchanged=229, early_stops=8/8
26 - INFO - chord#: 116 In build_straw_man_chord_sa. tolerance = 1, sa_iterations = 1000, initial_temperature = 3.0, cooling_rate = 0.999
26 - INFO - chord#: 91 done. best_score=96.0, changed=610, unchanged=316, early_stops=8/8
26 - INFO - chord#: 92 In build_straw_man_chord_sa. tolerance = 1, sa_iterations = 1000, initial_temperature = 3.0, cooling_rate = 0.999
26 - INFO - chord#: 116 done. best_score=27.0, changed=519, unchanged=387, early_stops=8/8
26 - INFO - chord#: 118 In build_straw_man_chord_sa. tolerance = 1, sa_iterations = 1000, initial_temperature = 3.0, cooling_rate = 0.999
26 - INFO - chord#: 114 done. best_score=70.0, changed=612, unchanged=467, early_stops=8/8
26 - INFO - chord#: 116 In build_straw_man_chord_sa. tolerance = 1, sa_iterations = 1000, initial_temperature = 3.0, cooling_rate = 0.999
26 - INFO - chord#: 120 done. best_score=27.0, changed=518, unchanged=425, early_stops=8/8
26 - INFO - chord#: 124 In build_straw_man_chord_sa. tolerance = 1, sa_iterations = 1000, initial_temperature = 3.0, cooling_rate = 0.999
26 - INFO - chord#: 104 done. best_score=27.0, changed=527, unchanged=405, early_stops=8/8
26 - INFO - chord#: 106 In build_straw_man_chord_sa. tolerance = 1, sa_iterations = 1000, initial_temperature = 3.0, cooling_rate = 0.999
26 - INFO - chord#: 116 done. best_score=61.0, changed=517, unchanged=331, early_stops=8/8
26 - INFO - chord#: 118 In build_straw_man_chord_sa. tolerance = 1, sa_iterations = 1000, initial_temperature = 3.0, cooling_rate = 0.999
26 - INFO - chord#: 92 done. best_score=27.0, changed=529, unchanged=351, early_stops=8/8
26 - INFO - chord#: 96 In build_straw_man_chord_sa. tolerance = 1, sa_iterations = 1000, initial_temperature = 3.0, cooling_rate = 0.999
26 - INFO - chord#: 104 done. best_score=27.0, changed=520, unchanged=417, early_stops=8/8
26 - INFO - chord#: 106 In build_straw_man_chord_sa. tolerance = 1, sa_iterations = 1000, initial_temperature = 3.0, cooling_rate = 0.999
26 - INFO - chord#: 118 done. best_score=27.0, changed=522, unchanged=500, early_stops=8/8
26 - INFO - chord#: 120 In build_straw_man_chord_sa. tolerance = 1, sa_iterations = 1000, initial_temperature = 3.0, cooling_rate = 0.999
26 - INFO - chord#: 114 done. best_score=70.0, changed=618, unchanged=429, early_stops=8/8
26 - INFO - chord#: 116 In build_straw_man_chord_sa. tolerance = 1, sa_iterations = 1000, initial_temperature = 3.0, cooling_rate = 0.999
26 - INFO - chord#: 91 done. best_score=67.0, changed=614, unchanged=334, early_stops=8/8
26 - INFO - chord#: 92 In build_straw_man_chord_sa. tolerance = 1, sa_iterations = 1000, initial_temperature = 3.0, cooling_rate = 0.999
26 - INFO - chord#: 124 done. best_score=27.0, changed=528, unchanged=530, early_stops=8/8
26 - INFO - chord#: 128 In build_straw_man_chord_sa. tolerance = 1, sa_iterations = 1000, initial_temperature = 3.0, cooling_rate = 0.999
26 - INFO - chord#: 91 done. best_score=137.0, changed=609, unchanged=215, early_stops=8/8
26 - INFO - chord#: 92 In build_straw_man_chord_sa. tolerance = 1, sa_iterations = 1000, initial_temperature = 3.0, cooling_rate = 0.999
26 - INFO - chord#: 118 done. best_score=27.0, changed=524, unchanged=406, early_stops=8/8
26 - INFO - chord#: 120 In build_straw_man_chord_sa. tolerance = 1, sa_iterations = 1000, initial_temperature = 3.0, cooling_rate = 0.999
26 - INFO - chord#: 96 done. best_score=27.0, changed=515, unchanged=391, early_stops=8/8
26 - INFO - chord#: 100 In build_straw_man_chord_sa. tolerance = 1, sa_iterations = 1000, initial_temperature = 3.0, cooling_rate = 0.999
26 - INFO - chord#: 91 done. best_score=67.0, changed=616, unchanged=251, early_stops=8/8
26 - INFO - chord#: 92 In build_straw_man_chord_sa. tolerance = 1, sa_iterations = 1000, initial_temperature = 3.0, cooling_rate = 0.999
26 - INFO - chord#: 116 done. best_score=27.0, changed=521, unchanged=452, early_stops=8/8
26 - INFO - chord#: 118 In build_straw_man_chord_sa. tolerance = 1, sa_iterations = 1000, initial_temperature = 3.0, cooling_rate = 0.999
26 - INFO - chord#: 91 done. best_score=67.0, changed=610, unchanged=248, early_stops=8/8
26 - INFO - chord#: 92 In build_straw_man_chord_sa. tolerance = 1, sa_iterations = 1000, initial_temperature = 3.0, cooling_rate = 0.999
26 - INFO - chord#: 120 done. best_score=27.0, changed=531, unchanged=473, early_stops=8/8
26 - INFO - chord#: 124 In build_straw_man_chord_sa. tolerance = 1, sa_iterations = 1000, initial_temperature = 3.0, cooling_rate = 0.999
26 - INFO - chord#: 116 done. best_score=27.0, changed=518, unchanged=374, early_stops=8/8
26 - INFO - chord#: 118 In build_straw_man_chord_sa. tolerance = 1, sa_iterations = 1000, initial_temperature = 3.0, cooling_rate = 0.999
26 - INFO - chord#: 120 done. best_score=27.0, changed=517, unchanged=332, early_stops=8/8
26 - INFO - chord#: 124 In build_straw_man_chord_sa. tolerance = 1, sa_iterations = 1000, initial_temperature = 3.0, cooling_rate = 0.999
26 - INFO - chord#: 128 done. best_score=27.0, changed=522, unchanged=412, early_stops=8/8
26 - INFO - chord#: 130 In build_straw_man_chord_sa. tolerance = 1, sa_iterations = 1000, initial_temperature = 3.0, cooling_rate = 0.999
26 - INFO - chord#: 100 done. best_score=27.0, changed=524, unchanged=419, early_stops=8/8
26 - INFO - chord#: 102 In build_straw_man_chord_sa. tolerance = 1, sa_iterations = 1000, initial_temperature = 3.0, cooling_rate = 0.999
26 - INFO - chord#: 106 done. best_score=64.0, changed=608, unchanged=320, early_stops=8/8
26 - INFO - chord#: 108 In build_straw_man_chord_sa. tolerance = 1, sa_iterations = 1000, initial_temperature = 3.0, cooling_rate = 0.999
26 - INFO - chord#: 92 done. best_score=27.0, changed=519, unchanged=377, early_stops=8/8
26 - INFO - chord#: 92 done. best_score=27.0, changed=517, unchanged=479, early_stops=8/8
26 - INFO - chord#: 96 In build_straw_man_chord_sa. tolerance = 1, sa_iterations = 1000, initial_temperature = 3.0, cooling_rate = 0.999
26 - INFO - chord#: 96 In build_straw_man_chord_sa. tolerance = 1, sa_iterations = 1000, initial_temperature = 3.0, cooling_rate = 0.999
26 - INFO - chord#: 92 done. best_score=27.0, changed=532, unchanged=385, early_stops=8/8
26 - INFO - chord#: 96 In build_straw_man_chord_sa. tolerance = 1, sa_iterations = 1000, initial_temperature = 3.0, cooling_rate = 0.999
26 - INFO - chord#: 118 done. best_score=27.0, changed=520, unchanged=383, early_stops=8/8
26 - INFO - chord#: 120 In build_straw_man_chord_sa. tolerance = 1, sa_iterations = 1000, initial_temperature = 3.0, cooling_rate = 0.999
26 - INFO - chord#: 92 done. best_score=27.0, changed=525, unchanged=390, early_stops=8/8
26 - INFO - chord#: 96 In build_straw_man_chord_sa. tolerance = 1, sa_iterations = 1000, initial_temperature = 3.0, cooling_rate = 0.999
26 - INFO - chord#: 124 done. best_score=27.0, changed=516, unchanged=320, early_stops=8/8
26 - INFO - chord#: 128 In build_straw_man_chord_sa. tolerance = 1, sa_iterations = 1000, initial_temperature = 3.0, cooling_rate = 0.999
26 - INFO - chord#: 118 done. best_score=27.0, changed=515, unchanged=400, early_stops=8/8
26 - INFO - chord#: 120 In build_straw_man_chord_sa. tolerance = 1, sa_iterations = 1000, initial_temperature = 3.0, cooling_rate = 0.999
26 - INFO - chord#: 106 done. best_score=64.0, changed=611, unchanged=280, early_stops=8/8
26 - INFO - chord#: 108 In build_straw_man_chord_sa. tolerance = 1, sa_iterations = 1000, initial_temperature = 3.0, cooling_rate = 0.999
26 - INFO - chord#: 124 done. best_score=27.0, changed=514, unchanged=402, early_stops=8/8
26 - INFO - chord#: 128 In build_straw_man_chord_sa. tolerance = 1, sa_iterations = 1000, initial_temperature = 3.0, cooling_rate = 0.999
26 - INFO - chord#: 130 done. best_score=36.0, changed=525, unchanged=411, early_stops=8/8
26 - INFO - chord#: 132 In build_straw_man_chord_sa. tolerance = 1, sa_iterations = 1000, initial_temperature = 3.0, cooling_rate = 0.999
26 - INFO - chord#: 108 done. best_score=27.0, changed=516, unchanged=374, early_stops=8/8
26 - INFO - chord#: 110 In build_straw_man_chord_sa. tolerance = 1, sa_iterations = 1000, initial_temperature = 3.0, cooling_rate = 0.999
26 - INFO - chord#: 96 done. best_score=27.0, changed=519, unchanged=348, early_stops=8/8
26 - INFO - chord#: 100 In build_straw_man_chord_sa. tolerance = 1, sa_iterations = 1000, initial_temperature = 3.0, cooling_rate = 0.999
26 - INFO - chord#: 96 done. best_score=27.0, changed=517, unchanged=361, early_stops=8/8
26 - INFO - chord#: 100 In build_straw_man_chord_sa. tolerance = 1, sa_iterations = 1000, initial_temperature = 3.0, cooling_rate = 0.999
26 - INFO - chord#: 120 done. best_score=27.0, changed=516, unchanged=355, early_stops=8/8
26 - INFO - chord#: 124 In build_straw_man_chord_sa. tolerance = 1, sa_iterations = 1000, initial_temperature = 3.0, cooling_rate = 0.999
26 - INFO - chord#: 128 done. best_score=27.0, changed=524, unchanged=463, early_stops=8/8
26 - INFO - chord#: 130 In build_straw_man_chord_sa. tolerance = 1, sa_iterations = 1000, initial_temperature = 3.0, cooling_rate = 0.999
26 - INFO - chord#: 96 done. best_score=27.0, changed=526, unchanged=554, early_stops=8/8
26 - INFO - chord#: 100 In build_straw_man_chord_sa. tolerance = 1, sa_iterations = 1000, initial_temperature = 3.0, cooling_rate = 0.999
26 - INFO - chord#: 120 done. best_score=27.0, changed=528, unchanged=523, early_stops=8/8
26 - INFO - chord#: 124 In build_straw_man_chord_sa. tolerance = 1, sa_iterations = 1000, initial_temperature = 3.0, cooling_rate = 0.999
26 - INFO - chord#: 96 done. best_score=27.0, changed=521, unchanged=414, early_stops=8/8
26 - INFO - chord#: 100 In build_straw_man_chord_sa. tolerance = 1, sa_iterations = 1000, initial_temperature = 3.0, cooling_rate = 0.999
26 - INFO - chord#: 128 done. best_score=27.0, changed=528, unchanged=453, early_stops=8/8
26 - INFO - chord#: 130 In build_straw_man_chord_sa. tolerance = 1, sa_iterations = 1000, initial_temperature = 3.0, cooling_rate = 0.999
26 - INFO - chord#: 132 done. best_score=27.0, changed=523, unchanged=384, early_stops=8/8
26 - INFO - chord#: 134 In build_straw_man_chord_sa. tolerance = 1, sa_iterations = 1000, initial_temperature = 3.0, cooling_rate = 0.999
26 - INFO - chord#: 102 done. best_score=74.0, changed=610, unchanged=263, early_stops=8/8
26 - INFO - chord#: 104 In build_straw_man_chord_sa. tolerance = 1, sa_iterations = 1000, initial_temperature = 3.0, cooling_rate = 0.999
26 - INFO - chord#: 108 done. best_score=27.0, changed=517, unchanged=463, early_stops=8/8
26 - INFO - chord#: 110 In build_straw_man_chord_sa. tolerance = 1, sa_iterations = 1000, initial_temperature = 3.0, cooling_rate = 0.999
26 - INFO - chord#: 110 done. best_score=36.0, changed=515, unchanged=388, early_stops=8/8
26 - INFO - chord#: 112 In build_straw_man_chord_sa. tolerance = 1, sa_iterations = 1000, initial_temperature = 3.0, cooling_rate = 0.999
26 - INFO - chord#: 100 done. best_score=27.0, changed=529, unchanged=348, early_stops=8/8
26 - INFO - chord#: 102 In build_straw_man_chord_sa. tolerance = 1, sa_iterations = 1000, initial_temperature = 3.0, cooling_rate = 0.999
26 - INFO - chord#: 100 done. best_score=27.0, changed=513, unchanged=331, early_stops=8/8
26 - INFO - chord#: 102 In build_straw_man_chord_sa. tolerance = 1, sa_iterations = 1000, initial_temperature = 3.0, cooling_rate = 0.999
26 - INFO - chord#: 124 done. best_score=27.0, changed=528, unchanged=425, early_stops=8/8
26 - INFO - chord#: 128 In build_straw_man_chord_sa. tolerance = 1, sa_iterations = 1000, initial_temperature = 3.0, cooling_rate = 0.999
26 - INFO - chord#: 130 done. best_score=36.0, changed=523, unchanged=371, early_stops=8/8
26 - INFO - chord#: 132 In build_straw_man_chord_sa. tolerance = 1, sa_iterations = 1000, initial_temperature = 3.0, cooling_rate = 0.999
26 - INFO - chord#: 100 done. best_score=27.0, changed=528, unchanged=354, early_stops=8/8
26 - INFO - chord#: 102 In build_straw_man_chord_sa. tolerance = 1, sa_iterations = 1000, initial_temperature = 3.0, cooling_rate = 0.999
26 - INFO - chord#: 100 done. best_score=27.0, changed=524, unchanged=373, early_stops=8/8
26 - INFO - chord#: 102 In build_straw_man_chord_sa. tolerance = 1, sa_iterations = 1000, initial_temperature = 3.0, cooling_rate = 0.999
26 - INFO - chord#: 104 done. best_score=27.0, changed=530, unchanged=484, early_stops=8/8
26 - INFO - chord#: 106 In build_straw_man_chord_sa. tolerance = 1, sa_iterations = 1000, initial_temperature = 3.0, cooling_rate = 0.999
26 - INFO - chord#: 124 done. best_score=27.0, changed=516, unchanged=337, early_stops=8/8
26 - INFO - chord#: 128 In build_straw_man_chord_sa. tolerance = 1, sa_iterations = 1000, initial_temperature = 3.0, cooling_rate = 0.999
26 - INFO - chord#: 130 done. best_score=36.0, changed=529, unchanged=381, early_stops=8/8
26 - INFO - chord#: 132 In build_straw_man_chord_sa. tolerance = 1, sa_iterations = 1000, initial_temperature = 3.0, cooling_rate = 0.999
26 - INFO - chord#: 112 done. best_score=27.0, changed=527, unchanged=390, early_stops=8/8
26 - INFO - chord#: 114 In build_straw_man_chord_sa. tolerance = 1, sa_iterations = 1000, initial_temperature = 3.0, cooling_rate = 0.999
26 - INFO - chord#: 110 done. best_score=36.0, changed=525, unchanged=384, early_stops=8/8
26 - INFO - chord#: 112 In build_straw_man_chord_sa. tolerance = 1, sa_iterations = 1000, initial_temperature = 3.0, cooling_rate = 0.999
26 - INFO - chord#: 128 done. best_score=27.0, changed=521, unchanged=448, early_stops=8/8
26 - INFO - chord#: 130 In build_straw_man_chord_sa. tolerance = 1, sa_iterations = 1000, initial_temperature = 3.0, cooling_rate = 0.999
26 - INFO - chord#: 132 done. best_score=27.0, changed=526, unchanged=457, early_stops=8/8
26 - INFO - chord#: 134 In build_straw_man_chord_sa. tolerance = 1, sa_iterations = 1000, initial_temperature = 3.0, cooling_rate = 0.999
26 - INFO - chord#: 132 done. best_score=36.0, changed=522, unchanged=399, early_stops=8/8
26 - INFO - chord#: 134 In build_straw_man_chord_sa. tolerance = 1, sa_iterations = 1000, initial_temperature = 3.0, cooling_rate = 0.999
26 - INFO - chord#: 128 done. best_score=27.0, changed=518, unchanged=349, early_stops=8/8
26 - INFO - chord#: 130 In build_straw_man_chord_sa. tolerance = 1, sa_iterations = 1000, initial_temperature = 3.0, cooling_rate = 0.999
26 - INFO - chord#: 134 done. best_score=165.0, changed=613, unchanged=330, early_stops=8/8
26 - INFO - chord#: 136 In build_straw_man_chord_sa. tolerance = 1, sa_iterations = 1000, initial_temperature = 3.0, cooling_rate = 0.999
26 - INFO - chord#: 130 done. best_score=36.0, changed=524, unchanged=470, early_stops=8/8
26 - INFO - chord#: 132 In build_straw_man_chord_sa. tolerance = 1, sa_iterations = 1000, initial_temperature = 3.0, cooling_rate = 0.999
26 - INFO - chord#: 112 done. best_score=27.0, changed=527, unchanged=528, early_stops=8/8
26 - INFO - chord#: 114 In build_straw_man_chord_sa. tolerance = 1, sa_iterations = 1000, initial_temperature = 3.0, cooling_rate = 0.999
26 - INFO - chord#: 106 done. best_score=64.0, changed=613, unchanged=283, early_stops=8/8
26 - INFO - chord#: 108 In build_straw_man_chord_sa. tolerance = 1, sa_iterations = 1000, initial_temperature = 3.0, cooling_rate = 0.999
26 - INFO - chord#: 114 done. best_score=149.0, changed=610, unchanged=240, early_stops=8/8
26 - INFO - chord#: 116 In build_straw_man_chord_sa. tolerance = 1, sa_iterations = 1000, initial_temperature = 3.0, cooling_rate = 0.999
26 - INFO - chord#: 102 done. best_score=96.0, changed=611, unchanged=296, early_stops=8/8
26 - INFO - chord#: 104 In build_straw_man_chord_sa. tolerance = 1, sa_iterations = 1000, initial_temperature = 3.0, cooling_rate = 0.999
26 - INFO - chord#: 102 done. best_score=74.0, changed=613, unchanged=279, early_stops=8/8
26 - INFO - chord#: 104 In build_straw_man_chord_sa. tolerance = 1, sa_iterations = 1000, initial_temperature = 3.0, cooling_rate = 0.999
26 - INFO - chord#: 130 done. best_score=36.0, changed=513, unchanged=316, early_stops=8/8
26 - INFO - chord#: 132 In build_straw_man_chord_sa. tolerance = 1, sa_iterations = 1000, initial_temperature = 3.0, cooling_rate = 0.999
26 - INFO - chord#: 136 done. best_score=57.0, changed=535, unchanged=456, early_stops=8/8
26 - INFO - chord#: 138 In build_straw_man_chord_sa. tolerance = 1, sa_iterations = 1000, initial_temperature = 3.0, cooling_rate = 0.999
26 - INFO - chord#: 102 done. best_score=74.0, changed=611, unchanged=342, early_stops=8/8
26 - INFO - chord#: 104 In build_straw_man_chord_sa. tolerance = 1, sa_iterations = 1000, initial_temperature = 3.0, cooling_rate = 0.999
26 - INFO - chord#: 102 done. best_score=74.0, changed=610, unchanged=342, early_stops=8/8
26 - INFO - chord#: 104 In build_straw_man_chord_sa. tolerance = 1, sa_iterations = 1000, initial_temperature = 3.0, cooling_rate = 0.999
26 - INFO - chord#: 134 done. best_score=104.0, changed=606, unchanged=258, early_stops=8/8
26 - INFO - chord#: 136 In build_straw_man_chord_sa. tolerance = 1, sa_iterations = 1000, initial_temperature = 3.0, cooling_rate = 0.999
26 - INFO - chord#: 132 done. best_score=27.0, changed=527, unchanged=533, early_stops=8/8
26 - INFO - chord#: 134 In build_straw_man_chord_sa. tolerance = 1, sa_iterations = 1000, initial_temperature = 3.0, cooling_rate = 0.999
26 - INFO - chord#: 116 done. best_score=27.0, changed=510, unchanged=332, early_stops=8/8
26 - INFO - chord#: 118 In build_straw_man_chord_sa. tolerance = 1, sa_iterations = 1000, initial_temperature = 3.0, cooling_rate = 0.999
26 - INFO - chord#: 108 done. best_score=27.0, changed=518, unchanged=399, early_stops=8/8
26 - INFO - chord#: 110 In build_straw_man_chord_sa. tolerance = 1, sa_iterations = 1000, initial_temperature = 3.0, cooling_rate = 0.999
26 - INFO - chord#: 104 done. best_score=61.0, changed=524, unchanged=345, early_stops=8/8
26 - INFO - chord#: 106 In build_straw_man_chord_sa. tolerance = 1, sa_iterations = 1000, initial_temperature = 3.0, cooling_rate = 0.999
26 - INFO - chord#: 104 done. best_score=27.0, changed=530, unchanged=360, early_stops=8/8
26 - INFO - chord#: 106 In build_straw_man_chord_sa. tolerance = 1, sa_iterations = 1000, initial_temperature = 3.0, cooling_rate = 0.999
26 - INFO - chord#: 134 done. best_score=75.0, changed=610, unchanged=486, early_stops=8/8
26 - INFO - chord#: 136 In build_straw_man_chord_sa. tolerance = 1, sa_iterations = 1000, initial_temperature = 3.0, cooling_rate = 0.999
26 - INFO - chord#: 104 done. best_score=27.0, changed=527, unchanged=339, early_stops=8/8
26 - INFO - chord#: 106 In build_straw_man_chord_sa. tolerance = 1, sa_iterations = 1000, initial_temperature = 3.0, cooling_rate = 0.999
26 - INFO - chord#: 132 done. best_score=27.0, changed=517, unchanged=443, early_stops=8/8
26 - INFO - chord#: 134 In build_straw_man_chord_sa. tolerance = 1, sa_iterations = 1000, initial_temperature = 3.0, cooling_rate = 0.999
26 - INFO - chord#: 104 done. best_score=27.0, changed=516, unchanged=336, early_stops=8/8
26 - INFO - chord#: 106 In build_straw_man_chord_sa. tolerance = 1, sa_iterations = 1000, initial_temperature = 3.0, cooling_rate = 0.999
26 - INFO - chord#: 136 done. best_score=27.0, changed=521, unchanged=353, early_stops=8/8
26 - INFO - chord#: 138 In build_straw_man_chord_sa. tolerance = 1, sa_iterations = 1000, initial_temperature = 3.0, cooling_rate = 0.999
26 - INFO - chord#: 118 done. best_score=27.0, changed=526, unchanged=400, early_stops=8/8
26 - INFO - chord#: 120 In build_straw_man_chord_sa. tolerance = 1, sa_iterations = 1000, initial_temperature = 3.0, cooling_rate = 0.999
26 - INFO - chord#: 110 done. best_score=36.0, changed=522, unchanged=421, early_stops=8/8
26 - INFO - chord#: 112 In build_straw_man_chord_sa. tolerance = 1, sa_iterations = 1000, initial_temperature = 3.0, cooling_rate = 0.999
26 - INFO - chord#: 138 done. best_score=96.0, changed=609, unchanged=272, early_stops=8/8
26 - INFO - chord#: 140 In build_straw_man_chord_sa. tolerance = 1, sa_iterations = 1000, initial_temperature = 3.0, cooling_rate = 0.999
26 - INFO - chord#: 136 done. best_score=61.0, changed=526, unchanged=358, early_stops=8/8
26 - INFO - chord#: 138 In build_straw_man_chord_sa. tolerance = 1, sa_iterations = 1000, initial_temperature = 3.0, cooling_rate = 0.999
26 - INFO - chord#: 120 done. best_score=27.0, changed=517, unchanged=355, early_stops=8/8
26 - INFO - chord#: 124 In build_straw_man_chord_sa. tolerance = 1, sa_iterations = 1000, initial_temperature = 3.0, cooling_rate = 0.999
26 - INFO - chord#: 112 done. best_score=27.0, changed=517, unchanged=366, early_stops=8/8
26 - INFO - chord#: 114 In build_straw_man_chord_sa. tolerance = 1, sa_iterations = 1000, initial_temperature = 3.0, cooling_rate = 0.999
26 - INFO - chord#: 134 done. best_score=149.0, changed=610, unchanged=270, early_stops=8/8
26 - INFO - chord#: 136 In build_straw_man_chord_sa. tolerance = 1, sa_iterations = 1000, initial_temperature = 3.0, cooling_rate = 0.999
26 - INFO - chord#: 114 done. best_score=70.0, changed=618, unchanged=513, early_stops=8/8
26 - INFO - chord#: 116 In build_straw_man_chord_sa. tolerance = 1, sa_iterations = 1000, initial_temperature = 3.0, cooling_rate = 0.999
26 - INFO - chord#: 140 done. best_score=27.0, changed=514, unchanged=326, early_stops=8/8
26 - INFO - chord#: 142 In build_straw_man_chord_sa. tolerance = 1, sa_iterations = 1000, initial_temperature = 3.0, cooling_rate = 0.999
26 - INFO - chord#: 106 done. best_score=104.0, changed=616, unchanged=354, early_stops=8/8
26 - INFO - chord#: 108 In build_straw_man_chord_sa. tolerance = 1, sa_iterations = 1000, initial_temperature = 3.0, cooling_rate = 0.999
26 - INFO - chord#: 138 done. best_score=137.0, changed=612, unchanged=312, early_stops=8/8
26 - INFO - chord#: 140 In build_straw_man_chord_sa. tolerance = 1, sa_iterations = 1000, initial_temperature = 3.0, cooling_rate = 0.999
26 - INFO - chord#: 106 done. best_score=146.0, changed=613, unchanged=286, early_stops=8/8
26 - INFO - chord#: 108 In build_straw_man_chord_sa. tolerance = 1, sa_iterations = 1000, initial_temperature = 3.0, cooling_rate = 0.999
26 - INFO - chord#: 136 done. best_score=27.0, changed=520, unchanged=348, early_stops=8/8
26 - INFO - chord#: 138 In build_straw_man_chord_sa. tolerance = 1, sa_iterations = 1000, initial_temperature = 3.0, cooling_rate = 0.999
26 - INFO - chord#: 124 done. best_score=27.0, changed=525, unchanged=563, early_stops=8/8
26 - INFO - chord#: 128 In build_straw_man_chord_sa. tolerance = 1, sa_iterations = 1000, initial_temperature = 3.0, cooling_rate = 0.999
26 - INFO - chord#: 116 done. best_score=27.0, changed=517, unchanged=309, early_stops=8/8
26 - INFO - chord#: 118 In build_straw_man_chord_sa. tolerance = 1, sa_iterations = 1000, initial_temperature = 3.0, cooling_rate = 0.999
26 - INFO - chord#: 106 done. best_score=64.0, changed=606, unchanged=331, early_stops=8/8
26 - INFO - chord#: 108 In build_straw_man_chord_sa. tolerance = 1, sa_iterations = 1000, initial_temperature = 3.0, cooling_rate = 0.999
26 - INFO - chord#: 106 done. best_score=146.0, changed=611, unchanged=449, early_stops=8/8
26 - INFO - chord#: 108 In build_straw_man_chord_sa. tolerance = 1, sa_iterations = 1000, initial_temperature = 3.0, cooling_rate = 0.999
26 - INFO - chord#: 138 done. best_score=125.0, changed=620, unchanged=434, early_stops=8/8
26 - INFO - chord#: 140 In build_straw_man_chord_sa. tolerance = 1, sa_iterations = 1000, initial_temperature = 3.0, cooling_rate = 0.999
26 - INFO - chord#: 108 done. best_score=27.0, changed=520, unchanged=473, early_stops=8/8
26 - INFO - chord#: 110 In build_straw_man_chord_sa. tolerance = 1, sa_iterations = 1000, initial_temperature = 3.0, cooling_rate = 0.999
26 - INFO - chord#: 140 done. best_score=27.0, changed=525, unchanged=483, early_stops=8/8
26 - INFO - chord#: 142 In build_straw_man_chord_sa. tolerance = 1, sa_iterations = 1000, initial_temperature = 3.0, cooling_rate = 0.999
26 - INFO - chord#: 128 done. best_score=27.0, changed=515, unchanged=339, early_stops=8/8
26 - INFO - chord#: 130 In build_straw_man_chord_sa. tolerance = 1, sa_iterations = 1000, initial_temperature = 3.0, cooling_rate = 0.999
26 - INFO - chord#: 114 done. best_score=70.0, changed=608, unchanged=312, early_stops=8/8
26 - INFO - chord#: 116 In build_straw_man_chord_sa. tolerance = 1, sa_iterations = 1000, initial_temperature = 3.0, cooling_rate = 0.999
26 - INFO - chord#: 108 done. best_score=27.0, changed=520, unchanged=430, early_stops=8/8
26 - INFO - chord#: 134 done. best_score=70.0, changed=614, unchanged=481, early_stops=8/8
26 - INFO - chord#: 110 In build_straw_man_chord_sa. tolerance = 1, sa_iterations = 1000, initial_temperature = 3.0, cooling_rate = 0.999
26 - INFO - chord#: 136 In build_straw_man_chord_sa. tolerance = 1, sa_iterations = 1000, initial_temperature = 3.0, cooling_rate = 0.999
26 - INFO - chord#: 142 done. best_score=64.0, changed=606, unchanged=301, early_stops=8/8
26 - INFO - chord#: 144 In build_straw_man_chord_sa. tolerance = 1, sa_iterations = 1000, initial_temperature = 3.0, cooling_rate = 0.999
26 - INFO - chord#: 118 done. best_score=27.0, changed=516, unchanged=338, early_stops=8/8
26 - INFO - chord#: 120 In build_straw_man_chord_sa. tolerance = 1, sa_iterations = 1000, initial_temperature = 3.0, cooling_rate = 0.999
26 - INFO - chord#: 140 done. best_score=27.0, changed=514, unchanged=401, early_stops=8/8
26 - INFO - chord#: 142 In build_straw_man_chord_sa. tolerance = 1, sa_iterations = 1000, initial_temperature = 3.0, cooling_rate = 0.999
26 - INFO - chord#: 108 done. best_score=27.0, changed=523, unchanged=454, early_stops=8/8
26 - INFO - chord#: 110 In build_straw_man_chord_sa. tolerance = 1, sa_iterations = 1000, initial_temperature = 3.0, cooling_rate = 0.999
26 - INFO - chord#: 108 done. best_score=27.0, changed=524, unchanged=408, early_stops=8/8
26 - INFO - chord#: 110 In build_straw_man_chord_sa. tolerance = 1, sa_iterations = 1000, initial_temperature = 3.0, cooling_rate = 0.999
26 - INFO - chord#: 110 done. best_score=36.0, changed=523, unchanged=364, early_stops=8/8
26 - INFO - chord#: 112 In build_straw_man_chord_sa. tolerance = 1, sa_iterations = 1000, initial_temperature = 3.0, cooling_rate = 0.999
26 - INFO - chord#: 116 done. best_score=27.0, changed=523, unchanged=497, early_stops=8/8
26 - INFO - chord#: 118 In build_straw_man_chord_sa. tolerance = 1, sa_iterations = 1000, initial_temperature = 3.0, cooling_rate = 0.999
26 - INFO - chord#: 130 done. best_score=36.0, changed=530, unchanged=446, early_stops=8/8
26 - INFO - chord#: 132 In build_straw_man_chord_sa. tolerance = 1, sa_iterations = 1000, initial_temperature = 3.0, cooling_rate = 0.999
26 - INFO - chord#: 136 done. best_score=27.0, changed=517, unchanged=355, early_stops=8/8
26 - INFO - chord#: 138 In build_straw_man_chord_sa. tolerance = 1, sa_iterations = 1000, initial_temperature = 3.0, cooling_rate = 0.999
26 - INFO - chord#: 138 done. best_score=67.0, changed=614, unchanged=456, early_stops=8/8
26 - INFO - chord#: 140 In build_straw_man_chord_sa. tolerance = 1, sa_iterations = 1000, initial_temperature = 3.0, cooling_rate = 0.999
26 - INFO - chord#: 110 done. best_score=36.0, changed=535, unchanged=437, early_stops=8/8
26 - INFO - chord#: 112 In build_straw_man_chord_sa. tolerance = 1, sa_iterations = 1000, initial_temperature = 3.0, cooling_rate = 0.999
26 - INFO - chord#: 120 done. best_score=27.0, changed=523, unchanged=487, early_stops=8/8
26 - INFO - chord#: 124 In build_straw_man_chord_sa. tolerance = 1, sa_iterations = 1000, initial_temperature = 3.0, cooling_rate = 0.999
26 - INFO - chord#: 110 done. best_score=36.0, changed=519, unchanged=348, early_stops=8/8
26 - INFO - chord#: 112 In build_straw_man_chord_sa. tolerance = 1, sa_iterations = 1000, initial_temperature = 3.0, cooling_rate = 0.999
26 - INFO - chord#: 142 done. best_score=146.0, changed=608, unchanged=303, early_stops=8/8
26 - INFO - chord#: 144 In build_straw_man_chord_sa. tolerance = 1, sa_iterations = 1000, initial_temperature = 3.0, cooling_rate = 0.999
26 - INFO - chord#: 118 done. best_score=27.0, changed=518, unchanged=377, early_stops=8/8
26 - INFO - chord#: 120 In build_straw_man_chord_sa. tolerance = 1, sa_iterations = 1000, initial_temperature = 3.0, cooling_rate = 0.999
26 - INFO - chord#: 132 done. best_score=27.0, changed=517, unchanged=314, early_stops=8/8
26 - INFO - chord#: 134 In build_straw_man_chord_sa. tolerance = 1, sa_iterations = 1000, initial_temperature = 3.0, cooling_rate = 0.999
26 - INFO - chord#: 110 done. best_score=36.0, changed=528, unchanged=434, early_stops=8/8
26 - INFO - chord#: 112 In build_straw_man_chord_sa. tolerance = 1, sa_iterations = 1000, initial_temperature = 3.0, cooling_rate = 0.999
26 - INFO - chord#: 112 done. best_score=27.0, changed=520, unchanged=389, early_stops=8/8
26 - INFO - chord#: 114 In build_straw_man_chord_sa. tolerance = 1, sa_iterations = 1000, initial_temperature = 3.0, cooling_rate = 0.999
26 - INFO - chord#: 144 done. best_score=64.0, changed=620, unchanged=392, early_stops=8/8
26 - INFO - chord#: 146 In build_straw_man_chord_sa. tolerance = 1, sa_iterations = 1000, initial_temperature = 3.0, cooling_rate = 0.999
26 - INFO - chord#: 140 done. best_score=27.0, changed=515, unchanged=400, early_stops=8/8
26 - INFO - chord#: 142 In build_straw_man_chord_sa. tolerance = 1, sa_iterations = 1000, initial_temperature = 3.0, cooling_rate = 0.999
26 - INFO - chord#: 142 done. best_score=71.0, changed=610, unchanged=274, early_stops=8/8
26 - INFO - chord#: 144 In build_straw_man_chord_sa. tolerance = 1, sa_iterations = 1000, initial_temperature = 3.0, cooling_rate = 0.999
26 - INFO - chord#: 112 done. best_score=27.0, changed=516, unchanged=369, early_stops=8/8
26 - INFO - chord#: 114 In build_straw_man_chord_sa. tolerance = 1, sa_iterations = 1000, initial_temperature = 3.0, cooling_rate = 0.999
26 - INFO - chord#: 120 done. best_score=27.0, changed=521, unchanged=403, early_stops=8/8
26 - INFO - chord#: 124 In build_straw_man_chord_sa. tolerance = 1, sa_iterations = 1000, initial_temperature = 3.0, cooling_rate = 0.999
26 - INFO - chord#: 124 done. best_score=27.0, changed=524, unchanged=446, early_stops=8/8
26 - INFO - chord#: 128 In build_straw_man_chord_sa. tolerance = 1, sa_iterations = 1000, initial_temperature = 3.0, cooling_rate = 0.999
26 - INFO - chord#: 146 done. best_score=27.0, changed=524, unchanged=354, early_stops=8/8
26 - INFO - chord#: 147 In build_straw_man_chord_sa. tolerance = 1, sa_iterations = 1000, initial_temperature = 3.0, cooling_rate = 0.999
26 - INFO - chord#: 112 done. best_score=27.0, changed=519, unchanged=457, early_stops=8/8
26 - INFO - chord#: 114 In build_straw_man_chord_sa. tolerance = 1, sa_iterations = 1000, initial_temperature = 3.0, cooling_rate = 0.999
26 - INFO - chord#: 112 done. best_score=27.0, changed=521, unchanged=554, early_stops=8/8
26 - INFO - chord#: 114 In build_straw_man_chord_sa. tolerance = 1, sa_iterations = 1000, initial_temperature = 3.0, cooling_rate = 0.999
26 - INFO - chord#: 124 done. best_score=27.0, changed=516, unchanged=316, early_stops=8/8
26 - INFO - chord#: 128 In build_straw_man_chord_sa. tolerance = 1, sa_iterations = 1000, initial_temperature = 3.0, cooling_rate = 0.999
26 - INFO - chord#: 144 done. best_score=64.0, changed=610, unchanged=304, early_stops=8/8
26 - INFO - chord#: 146 In build_straw_man_chord_sa. tolerance = 1, sa_iterations = 1000, initial_temperature = 3.0, cooling_rate = 0.999
26 - INFO - chord#: 134 done. best_score=70.0, changed=610, unchanged=255, early_stops=8/8
26 - INFO - chord#: 136 In build_straw_man_chord_sa. tolerance = 1, sa_iterations = 1000, initial_temperature = 3.0, cooling_rate = 0.999
26 - INFO - chord#: 128 done. best_score=27.0, changed=520, unchanged=328, early_stops=8/8
26 - INFO - chord#: 130 In build_straw_man_chord_sa. tolerance = 1, sa_iterations = 1000, initial_temperature = 3.0, cooling_rate = 0.999
26 - INFO - chord#: 147 done. best_score=36.0, changed=516, unchanged=406, early_stops=8/8
26 - INFO - chord#: 148 In build_straw_man_chord_sa. tolerance = 1, sa_iterations = 1000, initial_temperature = 3.0, cooling_rate = 0.999
26 - INFO - chord#: 144 done. best_score=146.0, changed=610, unchanged=249, early_stops=8/8
26 - INFO - chord#: 146 In build_straw_man_chord_sa. tolerance = 1, sa_iterations = 1000, initial_temperature = 3.0, cooling_rate = 0.999
26 - INFO - chord#: 138 done. best_score=67.0, changed=616, unchanged=446, early_stops=8/8
26 - INFO - chord#: 140 In build_straw_man_chord_sa. tolerance = 1, sa_iterations = 1000, initial_temperature = 3.0, cooling_rate = 0.999
26 - INFO - chord#: 128 done. best_score=27.0, changed=511, unchanged=299, early_stops=8/8
26 - INFO - chord#: 130 In build_straw_man_chord_sa. tolerance = 1, sa_iterations = 1000, initial_temperature = 3.0, cooling_rate = 0.999
26 - INFO - chord#: 142 done. best_score=64.0, changed=613, unchanged=364, early_stops=8/8
26 - INFO - chord#: 144 In build_straw_man_chord_sa. tolerance = 1, sa_iterations = 1000, initial_temperature = 3.0, cooling_rate = 0.999
26 - INFO - chord#: 146 done. best_score=27.0, changed=515, unchanged=471, early_stops=8/8
26 - INFO - chord#: 147 In build_straw_man_chord_sa. tolerance = 1, sa_iterations = 1000, initial_temperature = 3.0, cooling_rate = 0.999
26 - INFO - chord#: 136 done. best_score=27.0, changed=519, unchanged=335, early_stops=8/8
26 - INFO - chord#: 138 In build_straw_man_chord_sa. tolerance = 1, sa_iterations = 1000, initial_temperature = 3.0, cooling_rate = 0.999
26 - INFO - chord#: 148 done. best_score=27.0, changed=511, unchanged=344, early_stops=8/8
26 - INFO - chord#: 150 In build_straw_man_chord_sa. tolerance = 1, sa_iterations = 1000, initial_temperature = 3.0, cooling_rate = 0.999
26 - INFO - chord#: 114 done. best_score=70.0, changed=608, unchanged=252, early_stops=8/8
26 - INFO - chord#: 116 In build_straw_man_chord_sa. tolerance = 1, sa_iterations = 1000, initial_temperature = 3.0, cooling_rate = 0.999
26 - INFO - chord#: 114 done. best_score=145.0, changed=613, unchanged=410, early_stops=8/8
26 - INFO - chord#: 116 In build_straw_man_chord_sa. tolerance = 1, sa_iterations = 1000, initial_temperature = 3.0, cooling_rate = 0.999
26 - INFO - chord#: 146 done. best_score=27.0, changed=519, unchanged=503, early_stops=8/8
26 - INFO - chord#: 147 In build_straw_man_chord_sa. tolerance = 1, sa_iterations = 1000, initial_temperature = 3.0, cooling_rate = 0.999
26 - INFO - chord#: 130 done. best_score=36.0, changed=536, unchanged=485, early_stops=8/8
26 - INFO - chord#: 132 In build_straw_man_chord_sa. tolerance = 1, sa_iterations = 1000, initial_temperature = 3.0, cooling_rate = 0.999
26 - INFO - chord#: 147 done. best_score=36.0, changed=521, unchanged=445, early_stops=8/8
26 - INFO - chord#: 148 In build_straw_man_chord_sa. tolerance = 1, sa_iterations = 1000, initial_temperature = 3.0, cooling_rate = 0.999
26 - INFO - chord#: 114 done. best_score=70.0, changed=609, unchanged=225, early_stops=8/8
26 - INFO - chord#: 116 In build_straw_man_chord_sa. tolerance = 1, sa_iterations = 1000, initial_temperature = 3.0, cooling_rate = 0.999
26 - INFO - chord#: 150 done. best_score=27.0, changed=525, unchanged=471, early_stops=8/8
26 - INFO - chord#: 151 In build_straw_man_chord_sa. tolerance = 1, sa_iterations = 1000, initial_temperature = 3.0, cooling_rate = 0.999
26 - INFO - chord#: 130 done. best_score=36.0, changed=526, unchanged=357, early_stops=8/8
26 - INFO - chord#: 132 In build_straw_man_chord_sa. tolerance = 1, sa_iterations = 1000, initial_temperature = 3.0, cooling_rate = 0.999
26 - INFO - chord#: 140 done. best_score=27.0, changed=517, unchanged=526, early_stops=8/8
26 - INFO - chord#: 142 In build_straw_man_chord_sa. tolerance = 1, sa_iterations = 1000, initial_temperature = 3.0, cooling_rate = 0.999
26 - INFO - chord#: 147 done. best_score=36.0, changed=518, unchanged=312, early_stops=8/8
26 - INFO - chord#: 148 In build_straw_man_chord_sa. tolerance = 1, sa_iterations = 1000, initial_temperature = 3.0, cooling_rate = 0.999
26 - INFO - chord#: 114 done. best_score=70.0, changed=617, unchanged=438, early_stops=8/8
26 - INFO - chord#: 116 In build_straw_man_chord_sa. tolerance = 1, sa_iterations = 1000, initial_temperature = 3.0, cooling_rate = 0.999
26 - INFO - chord#: 132 done. best_score=27.0, changed=516, unchanged=346, early_stops=8/8
26 - INFO - chord#: 134 In build_straw_man_chord_sa. tolerance = 1, sa_iterations = 1000, initial_temperature = 3.0, cooling_rate = 0.999
26 - INFO - chord#: 116 done. best_score=27.0, changed=516, unchanged=414, early_stops=8/8
26 - INFO - chord#: 118 In build_straw_man_chord_sa. tolerance = 1, sa_iterations = 1000, initial_temperature = 3.0, cooling_rate = 0.999
26 - INFO - chord#: 116 done. best_score=27.0, changed=526, unchanged=486, early_stops=8/8
26 - INFO - chord#: 118 In build_straw_man_chord_sa. tolerance = 1, sa_iterations = 1000, initial_temperature = 3.0, cooling_rate = 0.999
26 - INFO - chord#: 144 done. best_score=64.0, changed=611, unchanged=395, early_stops=8/8
26 - INFO - chord#: 146 In build_straw_man_chord_sa. tolerance = 1, sa_iterations = 1000, initial_temperature = 3.0, cooling_rate = 0.999
26 - INFO - chord#: 138 done. best_score=96.0, changed=609, unchanged=241, early_stops=8/8
26 - INFO - chord#: 140 In build_straw_man_chord_sa. tolerance = 1, sa_iterations = 1000, initial_temperature = 3.0, cooling_rate = 0.999
26 - INFO - chord#: 148 done. best_score=27.0, changed=524, unchanged=450, early_stops=8/8
26 - INFO - chord#: 150 In build_straw_man_chord_sa. tolerance = 1, sa_iterations = 1000, initial_temperature = 3.0, cooling_rate = 0.999
26 - INFO - chord#: 148 done. best_score=27.0, changed=520, unchanged=450, early_stops=8/8
26 - INFO - chord#: 150 In build_straw_man_chord_sa. tolerance = 1, sa_iterations = 1000, initial_temperature = 3.0, cooling_rate = 0.999
26 - INFO - chord#: 132 done. best_score=27.0, changed=525, unchanged=428, early_stops=8/8
26 - INFO - chord#: 134 In build_straw_man_chord_sa. tolerance = 1, sa_iterations = 1000, initial_temperature = 3.0, cooling_rate = 0.999
26 - INFO - chord#: 116 done. best_score=27.0, changed=520, unchanged=418, early_stops=8/8
26 - INFO - chord#: 118 In build_straw_man_chord_sa. tolerance = 1, sa_iterations = 1000, initial_temperature = 3.0, cooling_rate = 0.999
26 - INFO - chord#: 146 done. best_score=36.0, changed=516, unchanged=384, early_stops=8/8
26 - INFO - chord#: 147 In build_straw_man_chord_sa. tolerance = 1, sa_iterations = 1000, initial_temperature = 3.0, cooling_rate = 0.999
26 - INFO - chord#: 116 done. best_score=27.0, changed=518, unchanged=524, early_stops=8/8
26 - INFO - chord#: 118 In build_straw_man_chord_sa. tolerance = 1, sa_iterations = 1000, initial_temperature = 3.0, cooling_rate = 0.999
26 - INFO - chord#: 118 done. best_score=27.0, changed=525, unchanged=344, early_stops=8/8
26 - INFO - chord#: 120 In build_straw_man_chord_sa. tolerance = 1, sa_iterations = 1000, initial_temperature = 3.0, cooling_rate = 0.999
26 - INFO - chord#: 140 done. best_score=27.0, changed=517, unchanged=335, early_stops=8/8
26 - INFO - chord#: 142 In build_straw_man_chord_sa. tolerance = 1, sa_iterations = 1000, initial_temperature = 3.0, cooling_rate = 0.999
26 - INFO - chord#: 118 done. best_score=27.0, changed=522, unchanged=439, early_stops=8/8
26 - INFO - chord#: 120 In build_straw_man_chord_sa. tolerance = 1, sa_iterations = 1000, initial_temperature = 3.0, cooling_rate = 0.999
26 - INFO - chord#: 150 done. best_score=27.0, changed=525, unchanged=461, early_stops=8/8
26 - INFO - chord#: 151 In build_straw_man_chord_sa. tolerance = 1, sa_iterations = 1000, initial_temperature = 3.0, cooling_rate = 0.999
26 - INFO - chord#: 150 done. best_score=27.0, changed=518, unchanged=417, early_stops=8/8
26 - INFO - chord#: 151 In build_straw_man_chord_sa. tolerance = 1, sa_iterations = 1000, initial_temperature = 3.0, cooling_rate = 0.999
26 - INFO - chord#: 151 done. best_score=74.0, changed=615, unchanged=494, early_stops=8/8
26 - INFO - chord#: 152 In build_straw_man_chord_sa. tolerance = 1, sa_iterations = 1000, initial_temperature = 3.0, cooling_rate = 0.999
26 - INFO - chord#: 147 done. best_score=36.0, changed=535, unchanged=310, early_stops=8/8
26 - INFO - chord#: 148 In build_straw_man_chord_sa. tolerance = 1, sa_iterations = 1000, initial_temperature = 3.0, cooling_rate = 0.999
26 - INFO - chord#: 118 done. best_score=27.0, changed=524, unchanged=390, early_stops=8/8
26 - INFO - chord#: 120 In build_straw_man_chord_sa. tolerance = 1, sa_iterations = 1000, initial_temperature = 3.0, cooling_rate = 0.999
26 - INFO - chord#: 142 done. best_score=64.0, changed=611, unchanged=306, early_stops=8/8
26 - INFO - chord#: 144 In build_straw_man_chord_sa. tolerance = 1, sa_iterations = 1000, initial_temperature = 3.0, cooling_rate = 0.999
26 - INFO - chord#: 118 done. best_score=27.0, changed=521, unchanged=338, early_stops=8/8
26 - INFO - chord#: 120 In build_straw_man_chord_sa. tolerance = 1, sa_iterations = 1000, initial_temperature = 3.0, cooling_rate = 0.999
26 - INFO - chord#: 120 done. best_score=27.0, changed=517, unchanged=358, early_stops=8/8
26 - INFO - chord#: 124 In build_straw_man_chord_sa. tolerance = 1, sa_iterations = 1000, initial_temperature = 3.0, cooling_rate = 0.999
26 - INFO - chord#: 134 done. best_score=70.0, changed=618, unchanged=361, early_stops=8/8
26 - INFO - chord#: 136 In build_straw_man_chord_sa. tolerance = 1, sa_iterations = 1000, initial_temperature = 3.0, cooling_rate = 0.999
26 - INFO - chord#: 120 done. best_score=27.0, changed=522, unchanged=454, early_stops=8/8
26 - INFO - chord#: 124 In build_straw_man_chord_sa. tolerance = 1, sa_iterations = 1000, initial_temperature = 3.0, cooling_rate = 0.999
26 - INFO - chord#: 152 done. best_score=27.0, changed=511, unchanged=350, early_stops=8/8
26 - INFO - chord#: 156 In build_straw_man_chord_sa. tolerance = 1, sa_iterations = 1000, initial_temperature = 3.0, cooling_rate = 0.999
26 - INFO - chord#: 148 done. best_score=27.0, changed=527, unchanged=535, early_stops=8/8
26 - INFO - chord#: 150 In build_straw_man_chord_sa. tolerance = 1, sa_iterations = 1000, initial_temperature = 3.0, cooling_rate = 0.999
26 - INFO - chord#: 120 done. best_score=27.0, changed=528, unchanged=415, early_stops=8/8
26 - INFO - chord#: 124 In build_straw_man_chord_sa. tolerance = 1, sa_iterations = 1000, initial_temperature = 3.0, cooling_rate = 0.999
26 - INFO - chord#: 134 done. best_score=70.0, changed=611, unchanged=230, early_stops=8/8
26 - INFO - chord#: 136 In build_straw_man_chord_sa. tolerance = 1, sa_iterations = 1000, initial_temperature = 3.0, cooling_rate = 0.999
26 - INFO - chord#: 136 done. best_score=27.0, changed=528, unchanged=577, early_stops=8/8
26 - INFO - chord#: 138 In build_straw_man_chord_sa. tolerance = 1, sa_iterations = 1000, initial_temperature = 3.0, cooling_rate = 0.999
26 - INFO - chord#: 142 done. best_score=64.0, changed=616, unchanged=375, early_stops=8/8
26 - INFO - chord#: 144 In build_straw_man_chord_sa. tolerance = 1, sa_iterations = 1000, initial_temperature = 3.0, cooling_rate = 0.999
26 - INFO - chord#: 124 done. best_score=27.0, changed=528, unchanged=394, early_stops=8/8
26 - INFO - chord#: 128 In build_straw_man_chord_sa. tolerance = 1, sa_iterations = 1000, initial_temperature = 3.0, cooling_rate = 0.999
26 - INFO - chord#: 120 done. best_score=27.0, changed=522, unchanged=489, early_stops=8/8
26 - INFO - chord#: 124 In build_straw_man_chord_sa. tolerance = 1, sa_iterations = 1000, initial_temperature = 3.0, cooling_rate = 0.999
26 - INFO - chord#: 156 done. best_score=27.0, changed=525, unchanged=378, early_stops=8/8
26 - INFO - chord#: 151 done. best_score=74.0, changed=615, unchanged=301, early_stops=8/8
26 - INFO - chord#: 152 In build_straw_man_chord_sa. tolerance = 1, sa_iterations = 1000, initial_temperature = 3.0, cooling_rate = 0.999
26 - INFO - chord#: 150 done. best_score=27.0, changed=525, unchanged=321, early_stops=8/8
26 - INFO - chord#: 151 In build_straw_man_chord_sa. tolerance = 1, sa_iterations = 1000, initial_temperature = 3.0, cooling_rate = 0.999
26 - INFO - chord#: 151 done. best_score=96.0, changed=613, unchanged=369, early_stops=8/8
26 - INFO - chord#: 152 In build_straw_man_chord_sa. tolerance = 1, sa_iterations = 1000, initial_temperature = 3.0, cooling_rate = 0.999
26 - INFO - chord#: 124 done. best_score=27.0, changed=521, unchanged=551, early_stops=8/8
26 - INFO - chord#: 128 In build_straw_man_chord_sa. tolerance = 1, sa_iterations = 1000, initial_temperature = 3.0, cooling_rate = 0.999
26 - INFO - chord#: 124 done. best_score=27.0, changed=519, unchanged=394, early_stops=8/8
26 - INFO - chord#: 128 In build_straw_man_chord_sa. tolerance = 1, sa_iterations = 1000, initial_temperature = 3.0, cooling_rate = 0.999
26 - INFO - chord#: 136 done. best_score=27.0, changed=535, unchanged=381, early_stops=8/8
26 - INFO - chord#: 138 In build_straw_man_chord_sa. tolerance = 1, sa_iterations = 1000, initial_temperature = 3.0, cooling_rate = 0.999
26 - INFO - chord#: 144 done. best_score=64.0, changed=605, unchanged=278, early_stops=8/8
26 - INFO - chord#: 146 In build_straw_man_chord_sa. tolerance = 1, sa_iterations = 1000, initial_temperature = 3.0, cooling_rate = 0.999
26 - INFO - chord#: 128 done. best_score=27.0, changed=523, unchanged=350, early_stops=8/8
26 - INFO - chord#: 130 In build_straw_man_chord_sa. tolerance = 1, sa_iterations = 1000, initial_temperature = 3.0, cooling_rate = 0.999
26 - INFO - chord#: 152 done. best_score=27.0, changed=512, unchanged=336, early_stops=8/8
26 - INFO - chord#: 156 In build_straw_man_chord_sa. tolerance = 1, sa_iterations = 1000, initial_temperature = 3.0, cooling_rate = 0.999
26 - INFO - chord#: 128 done. best_score=27.0, changed=522, unchanged=444, early_stops=8/8
26 - INFO - chord#: 130 In build_straw_man_chord_sa. tolerance = 1, sa_iterations = 1000, initial_temperature = 3.0, cooling_rate = 0.999
26 - INFO - chord#: 152 done. best_score=27.0, changed=518, unchanged=420, early_stops=8/8
26 - INFO - chord#: 156 In build_straw_man_chord_sa. tolerance = 1, sa_iterations = 1000, initial_temperature = 3.0, cooling_rate = 0.999
26 - INFO - chord#: 124 done. best_score=27.0, changed=526, unchanged=511, early_stops=8/8
26 - INFO - chord#: 128 In build_straw_man_chord_sa. tolerance = 1, sa_iterations = 1000, initial_temperature = 3.0, cooling_rate = 0.999
26 - INFO - chord#: 128 done. best_score=27.0, changed=529, unchanged=395, early_stops=8/8
26 - INFO - chord#: 130 In build_straw_man_chord_sa. tolerance = 1, sa_iterations = 1000, initial_temperature = 3.0, cooling_rate = 0.999
26 - INFO - chord#: 144 done. best_score=64.0, changed=613, unchanged=323, early_stops=8/8
26 - INFO - chord#: 146 In build_straw_man_chord_sa. tolerance = 1, sa_iterations = 1000, initial_temperature = 3.0, cooling_rate = 0.999
26 - INFO - chord#: 146 done. best_score=27.0, changed=516, unchanged=397, early_stops=8/8
26 - INFO - chord#: 147 In build_straw_man_chord_sa. tolerance = 1, sa_iterations = 1000, initial_temperature = 3.0, cooling_rate = 0.999
26 - INFO - chord#: 156 done. best_score=27.0, changed=521, unchanged=329, early_stops=8/8
26 - INFO - chord#: 138 done. best_score=125.0, changed=615, unchanged=311, early_stops=8/8
26 - INFO - chord#: 140 In build_straw_man_chord_sa. tolerance = 1, sa_iterations = 1000, initial_temperature = 3.0, cooling_rate = 0.999
26 - INFO - chord#: 156 done. best_score=27.0, changed=518, unchanged=334, early_stops=8/8
26 - INFO - chord#: 130 done. best_score=36.0, changed=525, unchanged=459, early_stops=8/8
26 - INFO - chord#: 132 In build_straw_man_chord_sa. tolerance = 1, sa_iterations = 1000, initial_temperature = 3.0, cooling_rate = 0.999
26 - INFO - chord#: 130 done. best_score=36.0, changed=528, unchanged=451, early_stops=8/8
26 - INFO - chord#: 132 In build_straw_man_chord_sa. tolerance = 1, sa_iterations = 1000, initial_temperature = 3.0, cooling_rate = 0.999
26 - INFO - chord#: 128 done. best_score=27.0, changed=542, unchanged=558, early_stops=8/8
26 - INFO - chord#: 130 In build_straw_man_chord_sa. tolerance = 1, sa_iterations = 1000, initial_temperature = 3.0, cooling_rate = 0.999
26 - INFO - chord#: 151 done. best_score=96.0, changed=613, unchanged=387, early_stops=8/8
26 - INFO - chord#: 152 In build_straw_man_chord_sa. tolerance = 1, sa_iterations = 1000, initial_temperature = 3.0, cooling_rate = 0.999
26 - INFO - chord#: 146 done. best_score=27.0, changed=513, unchanged=380, early_stops=8/8
26 - INFO - chord#: 147 In build_straw_man_chord_sa. tolerance = 1, sa_iterations = 1000, initial_temperature = 3.0, cooling_rate = 0.999
26 - INFO - chord#: 140 done. best_score=27.0, changed=514, unchanged=343, early_stops=8/8
26 - INFO - chord#: 142 In build_straw_man_chord_sa. tolerance = 1, sa_iterations = 1000, initial_temperature = 3.0, cooling_rate = 0.999
26 - INFO - chord#: 130 done. best_score=36.0, changed=526, unchanged=475, early_stops=8/8
26 - INFO - chord#: 132 In build_straw_man_chord_sa. tolerance = 1, sa_iterations = 1000, initial_temperature = 3.0, cooling_rate = 0.999
26 - INFO - chord#: 147 done. best_score=36.0, changed=522, unchanged=382, early_stops=8/8
26 - INFO - chord#: 148 In build_straw_man_chord_sa. tolerance = 1, sa_iterations = 1000, initial_temperature = 3.0, cooling_rate = 0.999
26 - INFO - chord#: 138 done. best_score=67.0, changed=609, unchanged=309, early_stops=8/8
26 - INFO - chord#: 140 In build_straw_man_chord_sa. tolerance = 1, sa_iterations = 1000, initial_temperature = 3.0, cooling_rate = 0.999
26 - INFO - chord#: 132 done. best_score=27.0, changed=518, unchanged=422, early_stops=8/8
26 - INFO - chord#: 134 In build_straw_man_chord_sa. tolerance = 1, sa_iterations = 1000, initial_temperature = 3.0, cooling_rate = 0.999
26 - INFO - chord#: 132 done. best_score=27.0, changed=522, unchanged=535, early_stops=8/8
26 - INFO - chord#: 134 In build_straw_man_chord_sa. tolerance = 1, sa_iterations = 1000, initial_temperature = 3.0, cooling_rate = 0.999
26 - INFO - chord#: 130 done. best_score=36.0, changed=515, unchanged=324, early_stops=8/8
26 - INFO - chord#: 132 In build_straw_man_chord_sa. tolerance = 1, sa_iterations = 1000, initial_temperature = 3.0, cooling_rate = 0.999
26 - INFO - chord#: 152 done. best_score=27.0, changed=531, unchanged=414, early_stops=8/8
26 - INFO - chord#: 156 In build_straw_man_chord_sa. tolerance = 1, sa_iterations = 1000, initial_temperature = 3.0, cooling_rate = 0.999
26 - INFO - chord#: 147 done. best_score=36.0, changed=521, unchanged=436, early_stops=8/8
26 - INFO - chord#: 148 In build_straw_man_chord_sa. tolerance = 1, sa_iterations = 1000, initial_temperature = 3.0, cooling_rate = 0.999
26 - INFO - chord#: 132 done. best_score=27.0, changed=513, unchanged=339, early_stops=8/8
26 - INFO - chord#: 134 In build_straw_man_chord_sa. tolerance = 1, sa_iterations = 1000, initial_temperature = 3.0, cooling_rate = 0.999
26 - INFO - chord#: 148 done. best_score=27.0, changed=528, unchanged=439, early_stops=8/8
26 - INFO - chord#: 150 In build_straw_man_chord_sa. tolerance = 1, sa_iterations = 1000, initial_temperature = 3.0, cooling_rate = 0.999
26 - INFO - chord#: 140 done. best_score=27.0, changed=516, unchanged=327, early_stops=8/8
26 - INFO - chord#: 142 In build_straw_man_chord_sa. tolerance = 1, sa_iterations = 1000, initial_temperature = 3.0, cooling_rate = 0.999
26 - INFO - chord#: 132 done. best_score=27.0, changed=512, unchanged=361, early_stops=8/8
26 - INFO - chord#: 134 In build_straw_man_chord_sa. tolerance = 1, sa_iterations = 1000, initial_temperature = 3.0, cooling_rate = 0.999
26 - INFO - chord#: 148 done. best_score=27.0, changed=519, unchanged=357, early_stops=8/8
26 - INFO - chord#: 150 In build_straw_man_chord_sa. tolerance = 1, sa_iterations = 1000, initial_temperature = 3.0, cooling_rate = 0.999
26 - INFO - chord#: 156 done. best_score=27.0, changed=530, unchanged=412, early_stops=8/8
26 - INFO - chord#: 142 done. best_score=64.0, changed=612, unchanged=401, early_stops=8/8
26 - INFO - chord#: 144 In build_straw_man_chord_sa. tolerance = 1, sa_iterations = 1000, initial_temperature = 3.0, cooling_rate = 0.999
26 - INFO - chord#: 150 done. best_score=27.0, changed=517, unchanged=322, early_stops=8/8
26 - INFO - chord#: 151 In build_straw_man_chord_sa. tolerance = 1, sa_iterations = 1000, initial_temperature = 3.0, cooling_rate = 0.999
26 - INFO - chord#: 150 done. best_score=27.0, changed=519, unchanged=400, early_stops=8/8
26 - INFO - chord#: 151 In build_straw_man_chord_sa. tolerance = 1, sa_iterations = 1000, initial_temperature = 3.0, cooling_rate = 0.999
26 - INFO - chord#: 134 done. best_score=70.0, changed=613, unchanged=274, early_stops=8/8
26 - INFO - chord#: 136 In build_straw_man_chord_sa. tolerance = 1, sa_iterations = 1000, initial_temperature = 3.0, cooling_rate = 0.999
26 - INFO - chord#: 134 done. best_score=70.0, changed=609, unchanged=336, early_stops=8/8
26 - INFO - chord#: 136 In build_straw_man_chord_sa. tolerance = 1, sa_iterations = 1000, initial_temperature = 3.0, cooling_rate = 0.999
26 - INFO - chord#: 136 done. best_score=27.0, changed=517, unchanged=305, early_stops=8/8
26 - INFO - chord#: 138 In build_straw_man_chord_sa. tolerance = 1, sa_iterations = 1000, initial_temperature = 3.0, cooling_rate = 0.999
26 - INFO - chord#: 136 done. best_score=27.0, changed=531, unchanged=370, early_stops=8/8
26 - INFO - chord#: 138 In build_straw_man_chord_sa. tolerance = 1, sa_iterations = 1000, initial_temperature = 3.0, cooling_rate = 0.999
26 - INFO - chord#: 142 done. best_score=71.0, changed=613, unchanged=362, early_stops=8/8
26 - INFO - chord#: 144 In build_straw_man_chord_sa. tolerance = 1, sa_iterations = 1000, initial_temperature = 3.0, cooling_rate = 0.999
26 - INFO - chord#: 134 done. best_score=75.0, changed=611, unchanged=321, early_stops=8/8
26 - INFO - chord#: 136 In build_straw_man_chord_sa. tolerance = 1, sa_iterations = 1000, initial_temperature = 3.0, cooling_rate = 0.999
26 - INFO - chord#: 144 done. best_score=64.0, changed=623, unchanged=361, early_stops=8/8
26 - INFO - chord#: 146 In build_straw_man_chord_sa. tolerance = 1, sa_iterations = 1000, initial_temperature = 3.0, cooling_rate = 0.999
26 - INFO - chord#: 134 done. best_score=70.0, changed=610, unchanged=399, early_stops=8/8
26 - INFO - chord#: 136 In build_straw_man_chord_sa. tolerance = 1, sa_iterations = 1000, initial_temperature = 3.0, cooling_rate = 0.999
26 - INFO - chord#: 151 done. best_score=74.0, changed=608, unchanged=244, early_stops=8/8
26 - INFO - chord#: 152 In build_straw_man_chord_sa. tolerance = 1, sa_iterations = 1000, initial_temperature = 3.0, cooling_rate = 0.999
26 - INFO - chord#: 136 done. best_score=27.0, changed=520, unchanged=352, early_stops=8/8
26 - INFO - chord#: 138 In build_straw_man_chord_sa. tolerance = 1, sa_iterations = 1000, initial_temperature = 3.0, cooling_rate = 0.999
26 - INFO - chord#: 151 done. best_score=96.0, changed=613, unchanged=235, early_stops=8/8
26 - INFO - chord#: 152 In build_straw_man_chord_sa. tolerance = 1, sa_iterations = 1000, initial_temperature = 3.0, cooling_rate = 0.999
26 - INFO - chord#: 146 done. best_score=27.0, changed=525, unchanged=428, early_stops=8/8
26 - INFO - chord#: 147 In build_straw_man_chord_sa. tolerance = 1, sa_iterations = 1000, initial_temperature = 3.0, cooling_rate = 0.999
26 - INFO - chord#: 138 done. best_score=96.0, changed=610, unchanged=285, early_stops=8/8
26 - INFO - chord#: 140 In build_straw_man_chord_sa. tolerance = 1, sa_iterations = 1000, initial_temperature = 3.0, cooling_rate = 0.999
26 - INFO - chord#: 152 done. best_score=27.0, changed=519, unchanged=386, early_stops=8/8
26 - INFO - chord#: 156 In build_straw_man_chord_sa. tolerance = 1, sa_iterations = 1000, initial_temperature = 3.0, cooling_rate = 0.999
26 - INFO - chord#: 136 done. best_score=27.0, changed=523, unchanged=384, early_stops=8/8
26 - INFO - chord#: 138 In build_straw_man_chord_sa. tolerance = 1, sa_iterations = 1000, initial_temperature = 3.0, cooling_rate = 0.999
26 - INFO - chord#: 144 done. best_score=71.0, changed=608, unchanged=369, early_stops=8/8
26 - INFO - chord#: 146 In build_straw_man_chord_sa. tolerance = 1, sa_iterations = 1000, initial_temperature = 3.0, cooling_rate = 0.999
26 - INFO - chord#: 138 done. best_score=67.0, changed=617, unchanged=445, early_stops=8/8
26 - INFO - chord#: 140 In build_straw_man_chord_sa. tolerance = 1, sa_iterations = 1000, initial_temperature = 3.0, cooling_rate = 0.999
26 - INFO - chord#: 152 done. best_score=27.0, changed=521, unchanged=425, early_stops=8/8
26 - INFO - chord#: 156 In build_straw_man_chord_sa. tolerance = 1, sa_iterations = 1000, initial_temperature = 3.0, cooling_rate = 0.999
26 - INFO - chord#: 156 done. best_score=27.0, changed=533, unchanged=395, early_stops=8/8
26 - INFO - chord#: 147 done. best_score=36.0, changed=523, unchanged=497, early_stops=8/8
26 - INFO - chord#: 148 In build_straw_man_chord_sa. tolerance = 1, sa_iterations = 1000, initial_temperature = 3.0, cooling_rate = 0.999
26 - INFO - chord#: 146 done. best_score=27.0, changed=518, unchanged=426, early_stops=8/8
26 - INFO - chord#: 147 In build_straw_man_chord_sa. tolerance = 1, sa_iterations = 1000, initial_temperature = 3.0, cooling_rate = 0.999
26 - INFO - chord#: 140 done. best_score=27.0, changed=518, unchanged=532, early_stops=8/8
26 - INFO - chord#: 142 In build_straw_man_chord_sa. tolerance = 1, sa_iterations = 1000, initial_temperature = 3.0, cooling_rate = 0.999
26 - INFO - chord#: 140 done. best_score=27.0, changed=512, unchanged=314, early_stops=8/8
26 - INFO - chord#: 142 In build_straw_man_chord_sa. tolerance = 1, sa_iterations = 1000, initial_temperature = 3.0, cooling_rate = 0.999
26 - INFO - chord#: 156 done. best_score=27.0, changed=521, unchanged=341, early_stops=8/8
26 - INFO - chord#: 138 done. best_score=67.0, changed=614, unchanged=424, early_stops=8/8
26 - INFO - chord#: 140 In build_straw_man_chord_sa. tolerance = 1, sa_iterations = 1000, initial_temperature = 3.0, cooling_rate = 0.999
26 - INFO - chord#: 148 done. best_score=27.0, changed=529, unchanged=524, early_stops=8/8
26 - INFO - chord#: 150 In build_straw_man_chord_sa. tolerance = 1, sa_iterations = 1000, initial_temperature = 3.0, cooling_rate = 0.999
26 - INFO - chord#: 147 done. best_score=36.0, changed=520, unchanged=338, early_stops=8/8
26 - INFO - chord#: 148 In build_straw_man_chord_sa. tolerance = 1, sa_iterations = 1000, initial_temperature = 3.0, cooling_rate = 0.999
26 - INFO - chord#: 138 done. best_score=125.0, changed=616, unchanged=312, early_stops=8/8
26 - INFO - chord#: 140 In build_straw_man_chord_sa. tolerance = 1, sa_iterations = 1000, initial_temperature = 3.0, cooling_rate = 0.999
26 - INFO - chord#: 140 done. best_score=27.0, changed=521, unchanged=510, early_stops=8/8
26 - INFO - chord#: 142 In build_straw_man_chord_sa. tolerance = 1, sa_iterations = 1000, initial_temperature = 3.0, cooling_rate = 0.999
26 - INFO - chord#: 150 done. best_score=27.0, changed=522, unchanged=384, early_stops=8/8
26 - INFO - chord#: 151 In build_straw_man_chord_sa. tolerance = 1, sa_iterations = 1000, initial_temperature = 3.0, cooling_rate = 0.999
26 - INFO - chord#: 148 done. best_score=27.0, changed=517, unchanged=350, early_stops=8/8
26 - INFO - chord#: 150 In build_straw_man_chord_sa. tolerance = 1, sa_iterations = 1000, initial_temperature = 3.0, cooling_rate = 0.999
26 - INFO - chord#: 142 done. best_score=64.0, changed=611, unchanged=289, early_stops=8/8
26 - INFO - chord#: 144 In build_straw_man_chord_sa. tolerance = 1, sa_iterations = 1000, initial_temperature = 3.0, cooling_rate = 0.999
26 - INFO - chord#: 142 done. best_score=64.0, changed=612, unchanged=375, early_stops=8/8
26 - INFO - chord#: 144 In build_straw_man_chord_sa. tolerance = 1, sa_iterations = 1000, initial_temperature = 3.0, cooling_rate = 0.999
26 - INFO - chord#: 140 done. best_score=27.0, changed=518, unchanged=512, early_stops=8/8
26 - INFO - chord#: 142 In build_straw_man_chord_sa. tolerance = 1, sa_iterations = 1000, initial_temperature = 3.0, cooling_rate = 0.999
26 - INFO - chord#: 150 done. best_score=27.0, changed=523, unchanged=451, early_stops=8/8
26 - INFO - chord#: 151 In build_straw_man_chord_sa. tolerance = 1, sa_iterations = 1000, initial_temperature = 3.0, cooling_rate = 0.999
26 - INFO - chord#: 151 done. best_score=96.0, changed=615, unchanged=310, early_stops=8/8
26 - INFO - chord#: 152 In build_straw_man_chord_sa. tolerance = 1, sa_iterations = 1000, initial_temperature = 3.0, cooling_rate = 0.999
26 - INFO - chord#: 142 done. best_score=64.0, changed=618, unchanged=494, early_stops=8/8
26 - INFO - chord#: 144 In build_straw_man_chord_sa. tolerance = 1, sa_iterations = 1000, initial_temperature = 3.0, cooling_rate = 0.999
26 - INFO - chord#: 144 done. best_score=64.0, changed=613, unchanged=298, early_stops=8/8
26 - INFO - chord#: 146 In build_straw_man_chord_sa. tolerance = 1, sa_iterations = 1000, initial_temperature = 3.0, cooling_rate = 0.999
26 - INFO - chord#: 144 done. best_score=64.0, changed=621, unchanged=411, early_stops=8/8
26 - INFO - chord#: 146 In build_straw_man_chord_sa. tolerance = 1, sa_iterations = 1000, initial_temperature = 3.0, cooling_rate = 0.999
26 - INFO - chord#: 142 done. best_score=64.0, changed=614, unchanged=294, early_stops=8/8
26 - INFO - chord#: 144 In build_straw_man_chord_sa. tolerance = 1, sa_iterations = 1000, initial_temperature = 3.0, cooling_rate = 0.999
26 - INFO - chord#: 152 done. best_score=27.0, changed=521, unchanged=411, early_stops=8/8
26 - INFO - chord#: 156 In build_straw_man_chord_sa. tolerance = 1, sa_iterations = 1000, initial_temperature = 3.0, cooling_rate = 0.999
26 - INFO - chord#: 146 done. best_score=27.0, changed=522, unchanged=436, early_stops=8/8
26 - INFO - chord#: 147 In build_straw_man_chord_sa. tolerance = 1, sa_iterations = 1000, initial_temperature = 3.0, cooling_rate = 0.999
26 - INFO - chord#: 151 done. best_score=74.0, changed=616, unchanged=386, early_stops=8/8
26 - INFO - chord#: 152 In build_straw_man_chord_sa. tolerance = 1, sa_iterations = 1000, initial_temperature = 3.0, cooling_rate = 0.999
26 - INFO - chord#: 146 done. best_score=27.0, changed=526, unchanged=543, early_stops=8/8
26 - INFO - chord#: 147 In build_straw_man_chord_sa. tolerance = 1, sa_iterations = 1000, initial_temperature = 3.0, cooling_rate = 0.999
26 - INFO - chord#: 156 done. best_score=27.0, changed=527, unchanged=332, early_stops=8/8
26 - INFO - chord#: 144 done. best_score=154.0, changed=609, unchanged=284, early_stops=8/8
26 - INFO - chord#: 146 In build_straw_man_chord_sa. tolerance = 1, sa_iterations = 1000, initial_temperature = 3.0, cooling_rate = 0.999
26 - INFO - chord#: 147 done. best_score=36.0, changed=538, unchanged=517, early_stops=8/8
26 - INFO - chord#: 148 In build_straw_man_chord_sa. tolerance = 1, sa_iterations = 1000, initial_temperature = 3.0, cooling_rate = 0.999
26 - INFO - chord#: 152 done. best_score=27.0, changed=523, unchanged=484, early_stops=8/8
26 - INFO - chord#: 156 In build_straw_man_chord_sa. tolerance = 1, sa_iterations = 1000, initial_temperature = 3.0, cooling_rate = 0.999
26 - INFO - chord#: 144 done. best_score=64.0, changed=611, unchanged=258, early_stops=8/8
26 - INFO - chord#: 146 In build_straw_man_chord_sa. tolerance = 1, sa_iterations = 1000, initial_temperature = 3.0, cooling_rate = 0.999
26 - INFO - chord#: 147 done. best_score=36.0, changed=526, unchanged=396, early_stops=8/8
26 - INFO - chord#: 148 In build_straw_man_chord_sa. tolerance = 1, sa_iterations = 1000, initial_temperature = 3.0, cooling_rate = 0.999
26 - INFO - chord#: 146 done. best_score=27.0, changed=521, unchanged=456, early_stops=8/8
26 - INFO - chord#: 147 In build_straw_man_chord_sa. tolerance = 1, sa_iterations = 1000, initial_temperature = 3.0, cooling_rate = 0.999
26 - INFO - chord#: 148 done. best_score=27.0, changed=525, unchanged=447, early_stops=8/8
26 - INFO - chord#: 150 In build_straw_man_chord_sa. tolerance = 1, sa_iterations = 1000, initial_temperature = 3.0, cooling_rate = 0.999
26 - INFO - chord#: 156 done. best_score=27.0, changed=521, unchanged=427, early_stops=8/8
26 - INFO - chord#: 146 done. best_score=27.0, changed=528, unchanged=529, early_stops=8/8
26 - INFO - chord#: 147 In build_straw_man_chord_sa. tolerance = 1, sa_iterations = 1000, initial_temperature = 3.0, cooling_rate = 0.999
26 - INFO - chord#: 148 done. best_score=27.0, changed=523, unchanged=499, early_stops=8/8
26 - INFO - chord#: 150 In build_straw_man_chord_sa. tolerance = 1, sa_iterations = 1000, initial_temperature = 3.0, cooling_rate = 0.999
26 - INFO - chord#: 147 done. best_score=36.0, changed=528, unchanged=368, early_stops=8/8
26 - INFO - chord#: 148 In build_straw_man_chord_sa. tolerance = 1, sa_iterations = 1000, initial_temperature = 3.0, cooling_rate = 0.999
26 - INFO - chord#: 150 done. best_score=27.0, changed=531, unchanged=414, early_stops=8/8
26 - INFO - chord#: 151 In build_straw_man_chord_sa. tolerance = 1, sa_iterations = 1000, initial_temperature = 3.0, cooling_rate = 0.999
26 - INFO - chord#: 150 done. best_score=27.0, changed=523, unchanged=361, early_stops=8/8
26 - INFO - chord#: 151 In build_straw_man_chord_sa. tolerance = 1, sa_iterations = 1000, initial_temperature = 3.0, cooling_rate = 0.999
26 - INFO - chord#: 147 done. best_score=36.0, changed=522, unchanged=382, early_stops=8/8
26 - INFO - chord#: 148 In build_straw_man_chord_sa. tolerance = 1, sa_iterations = 1000, initial_temperature = 3.0, cooling_rate = 0.999
26 - INFO - chord#: 148 done. best_score=27.0, changed=523, unchanged=399, early_stops=8/8
26 - INFO - chord#: 150 In build_straw_man_chord_sa. tolerance = 1, sa_iterations = 1000, initial_temperature = 3.0, cooling_rate = 0.999
26 - INFO - chord#: 148 done. best_score=27.0, changed=519, unchanged=390, early_stops=8/8
26 - INFO - chord#: 150 In build_straw_man_chord_sa. tolerance = 1, sa_iterations = 1000, initial_temperature = 3.0, cooling_rate = 0.999
26 - INFO - chord#: 150 done. best_score=27.0, changed=522, unchanged=320, early_stops=8/8
26 - INFO - chord#: 151 In build_straw_man_chord_sa. tolerance = 1, sa_iterations = 1000, initial_temperature = 3.0, cooling_rate = 0.999
26 - INFO - chord#: 151 done. best_score=121.0, changed=611, unchanged=240, early_stops=8/8
26 - INFO - chord#: 152 In build_straw_man_chord_sa. tolerance = 1, sa_iterations = 1000, initial_temperature = 3.0, cooling_rate = 0.999
26 - INFO - chord#: 150 done. best_score=27.0, changed=528, unchanged=366, early_stops=8/8
26 - INFO - chord#: 151 In build_straw_man_chord_sa. tolerance = 1, sa_iterations = 1000, initial_temperature = 3.0, cooling_rate = 0.999
26 - INFO - chord#: 152 done. best_score=27.0, changed=517, unchanged=332, early_stops=8/8
26 - INFO - chord#: 156 In build_straw_man_chord_sa. tolerance = 1, sa_iterations = 1000, initial_temperature = 3.0, cooling_rate = 0.999
26 - INFO - chord#: 151 done. best_score=96.0, changed=617, unchanged=437, early_stops=8/8
26 - INFO - chord#: 152 In build_straw_man_chord_sa. tolerance = 1, sa_iterations = 1000, initial_temperature = 3.0, cooling_rate = 0.999
26 - INFO - chord#: 151 done. best_score=96.0, changed=605, unchanged=216, early_stops=8/8
26 - INFO - chord#: 152 In build_straw_man_chord_sa. tolerance = 1, sa_iterations = 1000, initial_temperature = 3.0, cooling_rate = 0.999
26 - INFO - chord#: 156 done. best_score=27.0, changed=521, unchanged=363, early_stops=8/8
26 - INFO - chord#: 152 done. best_score=27.0, changed=514, unchanged=383, early_stops=8/8
26 - INFO - chord#: 156 In build_straw_man_chord_sa. tolerance = 1, sa_iterations = 1000, initial_temperature = 3.0, cooling_rate = 0.999
26 - INFO - chord#: 152 done. best_score=27.0, changed=520, unchanged=428, early_stops=8/8
26 - INFO - chord#: 156 In build_straw_man_chord_sa. tolerance = 1, sa_iterations = 1000, initial_temperature = 3.0, cooling_rate = 0.999
26 - INFO - chord#: 151 done. best_score=74.0, changed=614, unchanged=350, early_stops=8/8
26 - INFO - chord#: 152 In build_straw_man_chord_sa. tolerance = 1, sa_iterations = 1000, initial_temperature = 3.0, cooling_rate = 0.999
26 - INFO - chord#: 156 done. best_score=27.0, changed=522, unchanged=326, early_stops=8/8
26 - INFO - chord#: 156 done. best_score=27.0, changed=518, unchanged=340, early_stops=8/8
26 - INFO - chord#: 152 done. best_score=27.0, changed=523, unchanged=373, early_stops=8/8
26 - INFO - chord#: 156 In build_straw_man_chord_sa. tolerance = 1, sa_iterations = 1000, initial_temperature = 3.0, cooling_rate = 0.999
26 - INFO - chord#: 156 done. best_score=27.0, changed=524, unchanged=365, early_stops=8/8
26 - INFO - chord#: 0 In build_straw_man_chord_sa. tolerance = 1, sa_iterations = 1000, initial_temperature = 3.0, cooling_rate = 0.999
26 - INFO - chord#: 0 In build_straw_man_chord_sa. tolerance = 1, sa_iterations = 1000, initial_temperature = 3.0, cooling_rate = 0.999
26 - INFO - chord#: 0 In build_straw_man_chord_sa. tolerance = 1, sa_iterations = 1000, initial_temperature = 3.0, cooling_rate = 0.999
26 - INFO - chord#: 0 In build_straw_man_chord_sa. tolerance = 1, sa_iterations = 1000, initial_temperature = 3.0, cooling_rate = 0.999
26 - INFO - chord#: 0 In build_straw_man_chord_sa. tolerance = 1, sa_iterations = 1000, initial_temperature = 3.0, cooling_rate = 0.999
26 - INFO - chord#: 0 In build_straw_man_chord_sa. tolerance = 1, sa_iterations = 1000, initial_temperature = 3.0, cooling_rate = 0.999
26 - INFO - chord#: 0 In build_straw_man_chord_sa. tolerance = 1, sa_iterations = 1000, initial_temperature = 3.0, cooling_rate = 0.999
26 - INFO - chord#: 0 In build_straw_man_chord_sa. tolerance = 1, sa_iterations = 1000, initial_temperature = 3.0, cooling_rate = 0.999
26 - INFO - chord#: 0 In build_straw_man_chord_sa. tolerance = 1, sa_iterations = 1000, initial_temperature = 3.0, cooling_rate = 0.999
26 - INFO - chord#: 0 In build_straw_man_chord_sa. tolerance = 1, sa_iterations = 1000, initial_temperature = 3.0, cooling_rate = 0.999
26 - INFO - chord#: 0 In build_straw_man_chord_sa. tolerance = 1, sa_iterations = 1000, initial_temperature = 3.0, cooling_rate = 0.999
26 - INFO - chord#: 0 In build_straw_man_chord_sa. tolerance = 1, sa_iterations = 1000, initial_temperature = 3.0, cooling_rate = 0.999
26 - INFO - chord#: 0 done. best_score=27.0, changed=516, unchanged=418, early_stops=8/8
26 - INFO - chord#: 2 In build_straw_man_chord_sa. tolerance = 1, sa_iterations = 1000, initial_temperature = 3.0, cooling_rate = 0.999
26 - INFO - chord#: 0 done. best_score=27.0, changed=518, unchanged=434, early_stops=8/8
26 - INFO - chord#: 2 In build_straw_man_chord_sa. tolerance = 1, sa_iterations = 1000, initial_temperature = 3.0, cooling_rate = 0.999
26 - INFO - chord#: 0 done. best_score=27.0, changed=519, unchanged=442, early_stops=8/8
26 - INFO - chord#: 2 In build_straw_man_chord_sa. tolerance = 1, sa_iterations = 1000, initial_temperature = 3.0, cooling_rate = 0.999
26 - INFO - chord#: 0 done. best_score=27.0, changed=519, unchanged=321, early_stops=8/8
26 - INFO - chord#: 2 In build_straw_man_chord_sa. tolerance = 1, sa_iterations = 1000, initial_temperature = 3.0, cooling_rate = 0.999
26 - INFO - chord#: 0 done. best_score=27.0, changed=528, unchanged=454, early_stops=8/8
26 - INFO - chord#: 2 In build_straw_man_chord_sa. tolerance = 1, sa_iterations = 1000, initial_temperature = 3.0, cooling_rate = 0.999
26 - INFO - chord#: 0 done. best_score=27.0, changed=523, unchanged=459, early_stops=8/8
26 - INFO - chord#: 2 In build_straw_man_chord_sa. tolerance = 1, sa_iterations = 1000, initial_temperature = 3.0, cooling_rate = 0.999
26 - INFO - chord#: 0 done. best_score=27.0, changed=523, unchanged=363, early_stops=8/8
26 - INFO - chord#: 2 In build_straw_man_chord_sa. tolerance = 1, sa_iterations = 1000, initial_temperature = 3.0, cooling_rate = 0.999
26 - INFO - chord#: 0 done. best_score=27.0, changed=517, unchanged=352, early_stops=8/8
26 - INFO - chord#: 2 In build_straw_man_chord_sa. tolerance = 1, sa_iterations = 1000, initial_temperature = 3.0, cooling_rate = 0.999
26 - INFO - chord#: 0 done. best_score=27.0, changed=519, unchanged=364, early_stops=8/8
26 - INFO - chord#: 2 In build_straw_man_chord_sa. tolerance = 1, sa_iterations = 1000, initial_temperature = 3.0, cooling_rate = 0.999
26 - INFO - chord#: 0 done. best_score=27.0, changed=519, unchanged=394, early_stops=8/8
26 - INFO - chord#: 2 In build_straw_man_chord_sa. tolerance = 1, sa_iterations = 1000, initial_temperature = 3.0, cooling_rate = 0.999
26 - INFO - chord#: 0 done. best_score=27.0, changed=515, unchanged=538, early_stops=8/8
26 - INFO - chord#: 2 In build_straw_man_chord_sa. tolerance = 1, sa_iterations = 1000, initial_temperature = 3.0, cooling_rate = 0.999
26 - INFO - chord#: 0 done. best_score=27.0, changed=518, unchanged=506, early_stops=8/8
26 - INFO - chord#: 2 In build_straw_man_chord_sa. tolerance = 1, sa_iterations = 1000, initial_temperature = 3.0, cooling_rate = 0.999
26 - INFO - chord#: 2 done. best_score=96.0, changed=612, unchanged=244, early_stops=8/8
26 - INFO - chord#: 4 In build_straw_man_chord_sa. tolerance = 1, sa_iterations = 1000, initial_temperature = 3.0, cooling_rate = 0.999
26 - INFO - chord#: 2 done. best_score=129.0, changed=614, unchanged=249, early_stops=8/8
26 - INFO - chord#: 4 In build_straw_man_chord_sa. tolerance = 1, sa_iterations = 1000, initial_temperature = 3.0, cooling_rate = 0.999
26 - INFO - chord#: 2 done. best_score=96.0, changed=611, unchanged=241, early_stops=8/8
26 - INFO - chord#: 4 In build_straw_man_chord_sa. tolerance = 1, sa_iterations = 1000, initial_temperature = 3.0, cooling_rate = 0.999
26 - INFO - chord#: 2 done. best_score=93.0, changed=612, unchanged=341, early_stops=8/8
26 - INFO - chord#: 4 In build_straw_man_chord_sa. tolerance = 1, sa_iterations = 1000, initial_temperature = 3.0, cooling_rate = 0.999
26 - INFO - chord#: 2 done. best_score=96.0, changed=616, unchanged=420, early_stops=8/8
26 - INFO - chord#: 4 In build_straw_man_chord_sa. tolerance = 1, sa_iterations = 1000, initial_temperature = 3.0, cooling_rate = 0.999
26 - INFO - chord#: 2 done. best_score=93.0, changed=613, unchanged=243, early_stops=8/8
26 - INFO - chord#: 4 In build_straw_man_chord_sa. tolerance = 1, sa_iterations = 1000, initial_temperature = 3.0, cooling_rate = 0.999
26 - INFO - chord#: 2 done. best_score=93.0, changed=618, unchanged=294, early_stops=8/8
26 - INFO - chord#: 4 In build_straw_man_chord_sa. tolerance = 1, sa_iterations = 1000, initial_temperature = 3.0, cooling_rate = 0.999
26 - INFO - chord#: 2 done. best_score=93.0, changed=613, unchanged=303, early_stops=8/8
26 - INFO - chord#: 4 In build_straw_man_chord_sa. tolerance = 1, sa_iterations = 1000, initial_temperature = 3.0, cooling_rate = 0.999
26 - INFO - chord#: 2 done. best_score=96.0, changed=613, unchanged=409, early_stops=8/8
26 - INFO - chord#: 4 In build_straw_man_chord_sa. tolerance = 1, sa_iterations = 1000, initial_temperature = 3.0, cooling_rate = 0.999
26 - INFO - chord#: 2 done. best_score=94.0, changed=611, unchanged=300, early_stops=8/8
26 - INFO - chord#: 4 In build_straw_man_chord_sa. tolerance = 1, sa_iterations = 1000, initial_temperature = 3.0, cooling_rate = 0.999
26 - INFO - chord#: 4 done. best_score=27.0, changed=529, unchanged=375, early_stops=8/8
26 - INFO - chord#: 6 In build_straw_man_chord_sa. tolerance = 1, sa_iterations = 1000, initial_temperature = 3.0, cooling_rate = 0.999
26 - INFO - chord#: 4 done. best_score=27.0, changed=524, unchanged=333, early_stops=8/8
26 - INFO - chord#: 6 In build_straw_man_chord_sa. tolerance = 1, sa_iterations = 1000, initial_temperature = 3.0, cooling_rate = 0.999
26 - INFO - chord#: 4 done. best_score=27.0, changed=518, unchanged=323, early_stops=8/8
26 - INFO - chord#: 6 In build_straw_man_chord_sa. tolerance = 1, sa_iterations = 1000, initial_temperature = 3.0, cooling_rate = 0.999
26 - INFO - chord#: 2 done. best_score=93.0, changed=614, unchanged=349, early_stops=8/8
26 - INFO - chord#: 4 In build_straw_man_chord_sa. tolerance = 1, sa_iterations = 1000, initial_temperature = 3.0, cooling_rate = 0.999
26 - INFO - chord#: 4 done. best_score=27.0, changed=527, unchanged=376, early_stops=8/8
26 - INFO - chord#: 6 In build_straw_man_chord_sa. tolerance = 1, sa_iterations = 1000, initial_temperature = 3.0, cooling_rate = 0.999
26 - INFO - chord#: 2 done. best_score=94.0, changed=615, unchanged=442, early_stops=8/8
26 - INFO - chord#: 4 In build_straw_man_chord_sa. tolerance = 1, sa_iterations = 1000, initial_temperature = 3.0, cooling_rate = 0.999
26 - INFO - chord#: 4 done. best_score=27.0, changed=528, unchanged=414, early_stops=8/8
26 - INFO - chord#: 6 In build_straw_man_chord_sa. tolerance = 1, sa_iterations = 1000, initial_temperature = 3.0, cooling_rate = 0.999
26 - INFO - chord#: 4 done. best_score=27.0, changed=519, unchanged=309, early_stops=8/8
26 - INFO - chord#: 6 In build_straw_man_chord_sa. tolerance = 1, sa_iterations = 1000, initial_temperature = 3.0, cooling_rate = 0.999
26 - INFO - chord#: 4 done. best_score=27.0, changed=517, unchanged=366, early_stops=8/8
26 - INFO - chord#: 6 In build_straw_man_chord_sa. tolerance = 1, sa_iterations = 1000, initial_temperature = 3.0, cooling_rate = 0.999
26 - INFO - chord#: 4 done. best_score=27.0, changed=535, unchanged=384, early_stops=8/8
26 - INFO - chord#: 6 In build_straw_man_chord_sa. tolerance = 1, sa_iterations = 1000, initial_temperature = 3.0, cooling_rate = 0.999
26 - INFO - chord#: 4 done. best_score=27.0, changed=521, unchanged=372, early_stops=8/8
26 - INFO - chord#: 6 In build_straw_man_chord_sa. tolerance = 1, sa_iterations = 1000, initial_temperature = 3.0, cooling_rate = 0.999
26 - INFO - chord#: 4 done. best_score=27.0, changed=527, unchanged=359, early_stops=8/8
26 - INFO - chord#: 6 In build_straw_man_chord_sa. tolerance = 1, sa_iterations = 1000, initial_temperature = 3.0, cooling_rate = 0.999
26 - INFO - chord#: 4 done. best_score=27.0, changed=523, unchanged=334, early_stops=8/8
26 - INFO - chord#: 6 In build_straw_man_chord_sa. tolerance = 1, sa_iterations = 1000, initial_temperature = 3.0, cooling_rate = 0.999
26 - INFO - chord#: 4 done. best_score=27.0, changed=530, unchanged=344, early_stops=8/8
26 - INFO - chord#: 6 In build_straw_man_chord_sa. tolerance = 1, sa_iterations = 1000, initial_temperature = 3.0, cooling_rate = 0.999
26 - INFO - chord#: 6 done. best_score=74.0, changed=613, unchanged=300, early_stops=8/8
26 - INFO - chord#: 8 In build_straw_man_chord_sa. tolerance = 1, sa_iterations = 1000, initial_temperature = 3.0, cooling_rate = 0.999
26 - INFO - chord#: 6 done. best_score=74.0, changed=614, unchanged=306, early_stops=8/8
26 - INFO - chord#: 8 In build_straw_man_chord_sa. tolerance = 1, sa_iterations = 1000, initial_temperature = 3.0, cooling_rate = 0.999
26 - INFO - chord#: 6 done. best_score=96.0, changed=610, unchanged=335, early_stops=8/8
26 - INFO - chord#: 8 In build_straw_man_chord_sa. tolerance = 1, sa_iterations = 1000, initial_temperature = 3.0, cooling_rate = 0.999
26 - INFO - chord#: 6 done. best_score=74.0, changed=613, unchanged=347, early_stops=8/8
26 - INFO - chord#: 8 In build_straw_man_chord_sa. tolerance = 1, sa_iterations = 1000, initial_temperature = 3.0, cooling_rate = 0.999
26 - INFO - chord#: 8 done. best_score=27.0, changed=523, unchanged=354, early_stops=8/8
26 - INFO - chord#: 10 In build_straw_man_chord_sa. tolerance = 1, sa_iterations = 1000, initial_temperature = 3.0, cooling_rate = 0.999
26 - INFO - chord#: 6 done. best_score=96.0, changed=609, unchanged=257, early_stops=8/8
26 - INFO - chord#: 8 In build_straw_man_chord_sa. tolerance = 1, sa_iterations = 1000, initial_temperature = 3.0, cooling_rate = 0.999
26 - INFO - chord#: 6 done. best_score=74.0, changed=612, unchanged=386, early_stops=8/8
26 - INFO - chord#: 8 In build_straw_man_chord_sa. tolerance = 1, sa_iterations = 1000, initial_temperature = 3.0, cooling_rate = 0.999
26 - INFO - chord#: 8 done. best_score=27.0, changed=531, unchanged=477, early_stops=8/8
26 - INFO - chord#: 10 In build_straw_man_chord_sa. tolerance = 1, sa_iterations = 1000, initial_temperature = 3.0, cooling_rate = 0.999
26 - INFO - chord#: 8 done. best_score=27.0, changed=526, unchanged=401, early_stops=8/8
26 - INFO - chord#: 10 In build_straw_man_chord_sa. tolerance = 1, sa_iterations = 1000, initial_temperature = 3.0, cooling_rate = 0.999
26 - INFO - chord#: 8 done. best_score=27.0, changed=519, unchanged=384, early_stops=8/8
26 - INFO - chord#: 10 In build_straw_man_chord_sa. tolerance = 1, sa_iterations = 1000, initial_temperature = 3.0, cooling_rate = 0.999
26 - INFO - chord#: 6 done. best_score=74.0, changed=619, unchanged=405, early_stops=8/8
26 - INFO - chord#: 8 In build_straw_man_chord_sa. tolerance = 1, sa_iterations = 1000, initial_temperature = 3.0, cooling_rate = 0.999
26 - INFO - chord#: 6 done. best_score=74.0, changed=611, unchanged=358, early_stops=8/8
26 - INFO - chord#: 8 In build_straw_man_chord_sa. tolerance = 1, sa_iterations = 1000, initial_temperature = 3.0, cooling_rate = 0.999
26 - INFO - chord#: 10 done. best_score=27.0, changed=521, unchanged=318, early_stops=8/8
26 - INFO - chord#: 12 In build_straw_man_chord_sa. tolerance = 1, sa_iterations = 1000, initial_temperature = 3.0, cooling_rate = 0.999
26 - INFO - chord#: 8 done. best_score=27.0, changed=524, unchanged=340, early_stops=8/8
26 - INFO - chord#: 10 In build_straw_man_chord_sa. tolerance = 1, sa_iterations = 1000, initial_temperature = 3.0, cooling_rate = 0.999
26 - INFO - chord#: 6 done. best_score=74.0, changed=613, unchanged=448, early_stops=8/8
26 - INFO - chord#: 8 In build_straw_man_chord_sa. tolerance = 1, sa_iterations = 1000, initial_temperature = 3.0, cooling_rate = 0.999
26 - INFO - chord#: 6 done. best_score=74.0, changed=617, unchanged=385, early_stops=8/8
26 - INFO - chord#: 8 In build_straw_man_chord_sa. tolerance = 1, sa_iterations = 1000, initial_temperature = 3.0, cooling_rate = 0.999
26 - INFO - chord#: 6 done. best_score=74.0, changed=609, unchanged=310, early_stops=8/8
26 - INFO - chord#: 8 In build_straw_man_chord_sa. tolerance = 1, sa_iterations = 1000, initial_temperature = 3.0, cooling_rate = 0.999
26 - INFO - chord#: 6 done. best_score=74.0, changed=610, unchanged=360, early_stops=8/8
26 - INFO - chord#: 8 In build_straw_man_chord_sa. tolerance = 1, sa_iterations = 1000, initial_temperature = 3.0, cooling_rate = 0.999
26 - INFO - chord#: 10 done. best_score=27.0, changed=531, unchanged=345, early_stops=8/8
26 - INFO - chord#: 12 In build_straw_man_chord_sa. tolerance = 1, sa_iterations = 1000, initial_temperature = 3.0, cooling_rate = 0.999
26 - INFO - chord#: 8 done. best_score=27.0, changed=521, unchanged=374, early_stops=8/8
26 - INFO - chord#: 10 In build_straw_man_chord_sa. tolerance = 1, sa_iterations = 1000, initial_temperature = 3.0, cooling_rate = 0.999
26 - INFO - chord#: 10 done. best_score=27.0, changed=533, unchanged=337, early_stops=8/8
26 - INFO - chord#: 12 In build_straw_man_chord_sa. tolerance = 1, sa_iterations = 1000, initial_temperature = 3.0, cooling_rate = 0.999
26 - INFO - chord#: 10 done. best_score=27.0, changed=525, unchanged=373, early_stops=8/8
26 - INFO - chord#: 12 In build_straw_man_chord_sa. tolerance = 1, sa_iterations = 1000, initial_temperature = 3.0, cooling_rate = 0.999
26 - INFO - chord#: 8 done. best_score=27.0, changed=522, unchanged=444, early_stops=8/8
26 - INFO - chord#: 10 In build_straw_man_chord_sa. tolerance = 1, sa_iterations = 1000, initial_temperature = 3.0, cooling_rate = 0.999
26 - INFO - chord#: 12 done. best_score=27.0, changed=517, unchanged=351, early_stops=8/8
26 - INFO - chord#: 14 In build_straw_man_chord_sa. tolerance = 1, sa_iterations = 1000, initial_temperature = 3.0, cooling_rate = 0.999
26 - INFO - chord#: 10 done. best_score=27.0, changed=522, unchanged=346, early_stops=8/8
26 - INFO - chord#: 12 In build_straw_man_chord_sa. tolerance = 1, sa_iterations = 1000, initial_temperature = 3.0, cooling_rate = 0.999
26 - INFO - chord#: 8 done. best_score=27.0, changed=526, unchanged=367, early_stops=8/8
26 - INFO - chord#: 10 In build_straw_man_chord_sa. tolerance = 1, sa_iterations = 1000, initial_temperature = 3.0, cooling_rate = 0.999
26 - INFO - chord#: 8 done. best_score=27.0, changed=529, unchanged=360, early_stops=8/8
26 - INFO - chord#: 12 done. best_score=27.0, changed=515, unchanged=401, early_stops=8/8
26 - INFO - chord#: 10 In build_straw_man_chord_sa. tolerance = 1, sa_iterations = 1000, initial_temperature = 3.0, cooling_rate = 0.999
26 - INFO - chord#: 14 In build_straw_man_chord_sa. tolerance = 1, sa_iterations = 1000, initial_temperature = 3.0, cooling_rate = 0.999
26 - INFO - chord#: 8 done. best_score=27.0, changed=513, unchanged=373, early_stops=8/8
26 - INFO - chord#: 10 In build_straw_man_chord_sa. tolerance = 1, sa_iterations = 1000, initial_temperature = 3.0, cooling_rate = 0.999
26 - INFO - chord#: 8 done. best_score=27.0, changed=529, unchanged=371, early_stops=8/8
26 - INFO - chord#: 10 In build_straw_man_chord_sa. tolerance = 1, sa_iterations = 1000, initial_temperature = 3.0, cooling_rate = 0.999
26 - INFO - chord#: 8 done. best_score=27.0, changed=520, unchanged=458, early_stops=8/8
26 - INFO - chord#: 10 In build_straw_man_chord_sa. tolerance = 1, sa_iterations = 1000, initial_temperature = 3.0, cooling_rate = 0.999
26 - INFO - chord#: 10 done. best_score=27.0, changed=524, unchanged=333, early_stops=8/8
26 - INFO - chord#: 12 In build_straw_man_chord_sa. tolerance = 1, sa_iterations = 1000, initial_temperature = 3.0, cooling_rate = 0.999
26 - INFO - chord#: 12 done. best_score=27.0, changed=521, unchanged=445, early_stops=8/8
26 - INFO - chord#: 14 In build_straw_man_chord_sa. tolerance = 1, sa_iterations = 1000, initial_temperature = 3.0, cooling_rate = 0.999
26 - INFO - chord#: 12 done. best_score=27.0, changed=513, unchanged=303, early_stops=8/8
26 - INFO - chord#: 14 In build_straw_man_chord_sa. tolerance = 1, sa_iterations = 1000, initial_temperature = 3.0, cooling_rate = 0.999
26 - INFO - chord#: 10 done. best_score=27.0, changed=529, unchanged=391, early_stops=8/8
26 - INFO - chord#: 12 In build_straw_man_chord_sa. tolerance = 1, sa_iterations = 1000, initial_temperature = 3.0, cooling_rate = 0.999
26 - INFO - chord#: 14 done. best_score=27.0, changed=525, unchanged=478, early_stops=8/8
26 - INFO - chord#: 16 In build_straw_man_chord_sa. tolerance = 1, sa_iterations = 1000, initial_temperature = 3.0, cooling_rate = 0.999
26 - INFO - chord#: 12 done. best_score=27.0, changed=521, unchanged=406, early_stops=8/8
26 - INFO - chord#: 14 In build_straw_man_chord_sa. tolerance = 1, sa_iterations = 1000, initial_temperature = 3.0, cooling_rate = 0.999
26 - INFO - chord#: 10 done. best_score=27.0, changed=525, unchanged=399, early_stops=8/8
26 - INFO - chord#: 12 In build_straw_man_chord_sa. tolerance = 1, sa_iterations = 1000, initial_temperature = 3.0, cooling_rate = 0.999
26 - INFO - chord#: 10 done. best_score=27.0, changed=524, unchanged=332, early_stops=8/8
26 - INFO - chord#: 12 In build_straw_man_chord_sa. tolerance = 1, sa_iterations = 1000, initial_temperature = 3.0, cooling_rate = 0.999
26 - INFO - chord#: 10 done. best_score=27.0, changed=516, unchanged=307, early_stops=8/8
26 - INFO - chord#: 12 In build_straw_man_chord_sa. tolerance = 1, sa_iterations = 1000, initial_temperature = 3.0, cooling_rate = 0.999
26 - INFO - chord#: 14 done. best_score=27.0, changed=523, unchanged=477, early_stops=8/8
26 - INFO - chord#: 16 In build_straw_man_chord_sa. tolerance = 1, sa_iterations = 1000, initial_temperature = 3.0, cooling_rate = 0.999
26 - INFO - chord#: 10 done. best_score=27.0, changed=530, unchanged=374, early_stops=8/8
26 - INFO - chord#: 12 In build_straw_man_chord_sa. tolerance = 1, sa_iterations = 1000, initial_temperature = 3.0, cooling_rate = 0.999
26 - INFO - chord#: 10 done. best_score=27.0, changed=524, unchanged=379, early_stops=8/8
26 - INFO - chord#: 12 In build_straw_man_chord_sa. tolerance = 1, sa_iterations = 1000, initial_temperature = 3.0, cooling_rate = 0.999
26 - INFO - chord#: 14 done. best_score=27.0, changed=518, unchanged=362, early_stops=8/8
26 - INFO - chord#: 16 In build_straw_man_chord_sa. tolerance = 1, sa_iterations = 1000, initial_temperature = 3.0, cooling_rate = 0.999
26 - INFO - chord#: 14 done. best_score=27.0, changed=519, unchanged=451, early_stops=8/8
26 - INFO - chord#: 16 In build_straw_man_chord_sa. tolerance = 1, sa_iterations = 1000, initial_temperature = 3.0, cooling_rate = 0.999
26 - INFO - chord#: 16 done. best_score=27.0, changed=526, unchanged=393, early_stops=8/8
26 - INFO - chord#: 18 In build_straw_man_chord_sa. tolerance = 1, sa_iterations = 1000, initial_temperature = 3.0, cooling_rate = 0.999
26 - INFO - chord#: 12 done. best_score=27.0, changed=526, unchanged=621, early_stops=8/8
26 - INFO - chord#: 14 In build_straw_man_chord_sa. tolerance = 1, sa_iterations = 1000, initial_temperature = 3.0, cooling_rate = 0.999
26 - INFO - chord#: 12 done. best_score=27.0, changed=529, unchanged=530, early_stops=8/8
26 - INFO - chord#: 14 In build_straw_man_chord_sa. tolerance = 1, sa_iterations = 1000, initial_temperature = 3.0, cooling_rate = 0.999
26 - INFO - chord#: 14 done. best_score=27.0, changed=526, unchanged=414, early_stops=8/8
26 - INFO - chord#: 16 In build_straw_man_chord_sa. tolerance = 1, sa_iterations = 1000, initial_temperature = 3.0, cooling_rate = 0.999
26 - INFO - chord#: 16 done. best_score=27.0, changed=515, unchanged=397, early_stops=8/8
26 - INFO - chord#: 18 In build_straw_man_chord_sa. tolerance = 1, sa_iterations = 1000, initial_temperature = 3.0, cooling_rate = 0.999
26 - INFO - chord#: 12 done. best_score=27.0, changed=520, unchanged=395, early_stops=8/8
26 - INFO - chord#: 14 In build_straw_man_chord_sa. tolerance = 1, sa_iterations = 1000, initial_temperature = 3.0, cooling_rate = 0.999
26 - INFO - chord#: 12 done. best_score=27.0, changed=522, unchanged=433, early_stops=8/8
26 - INFO - chord#: 14 In build_straw_man_chord_sa. tolerance = 1, sa_iterations = 1000, initial_temperature = 3.0, cooling_rate = 0.999
26 - INFO - chord#: 16 done. best_score=27.0, changed=526, unchanged=406, early_stops=8/8
26 - INFO - chord#: 18 In build_straw_man_chord_sa. tolerance = 1, sa_iterations = 1000, initial_temperature = 3.0, cooling_rate = 0.999
26 - INFO - chord#: 16 done. best_score=27.0, changed=527, unchanged=535, early_stops=8/8
26 - INFO - chord#: 18 In build_straw_man_chord_sa. tolerance = 1, sa_iterations = 1000, initial_temperature = 3.0, cooling_rate = 0.999
26 - INFO - chord#: 12 done. best_score=27.0, changed=521, unchanged=339, early_stops=8/8
26 - INFO - chord#: 14 In build_straw_man_chord_sa. tolerance = 1, sa_iterations = 1000, initial_temperature = 3.0, cooling_rate = 0.999
26 - INFO - chord#: 12 done. best_score=27.0, changed=525, unchanged=518, early_stops=8/8
26 - INFO - chord#: 14 In build_straw_man_chord_sa. tolerance = 1, sa_iterations = 1000, initial_temperature = 3.0, cooling_rate = 0.999
26 - INFO - chord#: 12 done. best_score=27.0, changed=522, unchanged=574, early_stops=8/8
26 - INFO - chord#: 14 In build_straw_man_chord_sa. tolerance = 1, sa_iterations = 1000, initial_temperature = 3.0, cooling_rate = 0.999
26 - INFO - chord#: 14 done. best_score=27.0, changed=525, unchanged=466, early_stops=8/8
26 - INFO - chord#: 16 In build_straw_man_chord_sa. tolerance = 1, sa_iterations = 1000, initial_temperature = 3.0, cooling_rate = 0.999
26 - INFO - chord#: 16 done. best_score=27.0, changed=520, unchanged=439, early_stops=8/8
26 - INFO - chord#: 18 In build_straw_man_chord_sa. tolerance = 1, sa_iterations = 1000, initial_temperature = 3.0, cooling_rate = 0.999
26 - INFO - chord#: 14 done. best_score=27.0, changed=525, unchanged=438, early_stops=8/8
26 - INFO - chord#: 16 In build_straw_man_chord_sa. tolerance = 1, sa_iterations = 1000, initial_temperature = 3.0, cooling_rate = 0.999
26 - INFO - chord#: 14 done. best_score=27.0, changed=536, unchanged=495, early_stops=8/8
26 - INFO - chord#: 14 done. best_score=27.0, changed=520, unchanged=469, early_stops=8/8
26 - INFO - chord#: 16 In build_straw_man_chord_sa. tolerance = 1, sa_iterations = 1000, initial_temperature = 3.0, cooling_rate = 0.999
26 - INFO - chord#: 16 In build_straw_man_chord_sa. tolerance = 1, sa_iterations = 1000, initial_temperature = 3.0, cooling_rate = 0.999
26 - INFO - chord#: 16 done. best_score=27.0, changed=520, unchanged=360, early_stops=8/8
26 - INFO - chord#: 18 In build_straw_man_chord_sa. tolerance = 1, sa_iterations = 1000, initial_temperature = 3.0, cooling_rate = 0.999
26 - INFO - chord#: 14 done. best_score=27.0, changed=522, unchanged=368, early_stops=8/8
26 - INFO - chord#: 16 In build_straw_man_chord_sa. tolerance = 1, sa_iterations = 1000, initial_temperature = 3.0, cooling_rate = 0.999
26 - INFO - chord#: 14 done. best_score=27.0, changed=526, unchanged=416, early_stops=8/8
26 - INFO - chord#: 16 In build_straw_man_chord_sa. tolerance = 1, sa_iterations = 1000, initial_temperature = 3.0, cooling_rate = 0.999
26 - INFO - chord#: 14 done. best_score=27.0, changed=526, unchanged=364, early_stops=8/8
26 - INFO - chord#: 16 In build_straw_man_chord_sa. tolerance = 1, sa_iterations = 1000, initial_temperature = 3.0, cooling_rate = 0.999
26 - INFO - chord#: 16 done. best_score=27.0, changed=516, unchanged=408, early_stops=8/8
26 - INFO - chord#: 18 In build_straw_man_chord_sa. tolerance = 1, sa_iterations = 1000, initial_temperature = 3.0, cooling_rate = 0.999
26 - INFO - chord#: 18 done. best_score=78.0, changed=621, unchanged=426, early_stops=8/8
26 - INFO - chord#: 20 In build_straw_man_chord_sa. tolerance = 1, sa_iterations = 1000, initial_temperature = 3.0, cooling_rate = 0.999
26 - INFO - chord#: 18 done. best_score=119.0, changed=608, unchanged=272, early_stops=8/8
26 - INFO - chord#: 20 In build_straw_man_chord_sa. tolerance = 1, sa_iterations = 1000, initial_temperature = 3.0, cooling_rate = 0.999
26 - INFO - chord#: 18 done. best_score=78.0, changed=614, unchanged=328, early_stops=8/8
26 - INFO - chord#: 20 In build_straw_man_chord_sa. tolerance = 1, sa_iterations = 1000, initial_temperature = 3.0, cooling_rate = 0.999
26 - INFO - chord#: 16 done. best_score=27.0, changed=519, unchanged=413, early_stops=8/8
26 - INFO - chord#: 18 In build_straw_man_chord_sa. tolerance = 1, sa_iterations = 1000, initial_temperature = 3.0, cooling_rate = 0.999
26 - INFO - chord#: 16 done. best_score=27.0, changed=520, unchanged=412, early_stops=8/8
26 - INFO - chord#: 18 In build_straw_man_chord_sa. tolerance = 1, sa_iterations = 1000, initial_temperature = 3.0, cooling_rate = 0.999
26 - INFO - chord#: 18 done. best_score=119.0, changed=614, unchanged=455, early_stops=8/8
26 - INFO - chord#: 20 In build_straw_man_chord_sa. tolerance = 1, sa_iterations = 1000, initial_temperature = 3.0, cooling_rate = 0.999
26 - INFO - chord#: 16 done. best_score=27.0, changed=521, unchanged=374, early_stops=8/8
26 - INFO - chord#: 18 In build_straw_man_chord_sa. tolerance = 1, sa_iterations = 1000, initial_temperature = 3.0, cooling_rate = 0.999
26 - INFO - chord#: 16 done. best_score=27.0, changed=528, unchanged=513, early_stops=8/8
26 - INFO - chord#: 18 In build_straw_man_chord_sa. tolerance = 1, sa_iterations = 1000, initial_temperature = 3.0, cooling_rate = 0.999
26 - INFO - chord#: 16 done. best_score=27.0, changed=518, unchanged=554, early_stops=8/8
26 - INFO - chord#: 18 In build_straw_man_chord_sa. tolerance = 1, sa_iterations = 1000, initial_temperature = 3.0, cooling_rate = 0.999
26 - INFO - chord#: 20 done. best_score=27.0, changed=516, unchanged=322, early_stops=8/8
26 - INFO - chord#: 22 In build_straw_man_chord_sa. tolerance = 1, sa_iterations = 1000, initial_temperature = 3.0, cooling_rate = 0.999
26 - INFO - chord#: 18 done. best_score=67.0, changed=612, unchanged=319, early_stops=8/8
26 - INFO - chord#: 20 In build_straw_man_chord_sa. tolerance = 1, sa_iterations = 1000, initial_temperature = 3.0, cooling_rate = 0.999
26 - INFO - chord#: 20 done. best_score=27.0, changed=517, unchanged=342, early_stops=8/8
26 - INFO - chord#: 22 In build_straw_man_chord_sa. tolerance = 1, sa_iterations = 1000, initial_temperature = 3.0, cooling_rate = 0.999
26 - INFO - chord#: 20 done. best_score=27.0, changed=517, unchanged=361, early_stops=8/8
26 - INFO - chord#: 22 In build_straw_man_chord_sa. tolerance = 1, sa_iterations = 1000, initial_temperature = 3.0, cooling_rate = 0.999
26 - INFO - chord#: 18 done. best_score=78.0, changed=616, unchanged=266, early_stops=8/8
26 - INFO - chord#: 20 In build_straw_man_chord_sa. tolerance = 1, sa_iterations = 1000, initial_temperature = 3.0, cooling_rate = 0.999
26 - INFO - chord#: 20 done. best_score=27.0, changed=528, unchanged=535, early_stops=8/8
26 - INFO - chord#: 22 In build_straw_man_chord_sa. tolerance = 1, sa_iterations = 1000, initial_temperature = 3.0, cooling_rate = 0.999
26 - INFO - chord#: 22 done. best_score=27.0, changed=513, unchanged=363, early_stops=8/8
26 - INFO - chord#: 24 In build_straw_man_chord_sa. tolerance = 1, sa_iterations = 1000, initial_temperature = 3.0, cooling_rate = 0.999
26 - INFO - chord#: 20 done. best_score=27.0, changed=518, unchanged=405, early_stops=8/8
26 - INFO - chord#: 22 In build_straw_man_chord_sa. tolerance = 1, sa_iterations = 1000, initial_temperature = 3.0, cooling_rate = 0.999
26 - INFO - chord#: 22 done. best_score=27.0, changed=517, unchanged=398, early_stops=8/8
26 - INFO - chord#: 24 In build_straw_man_chord_sa. tolerance = 1, sa_iterations = 1000, initial_temperature = 3.0, cooling_rate = 0.999
26 - INFO - chord#: 22 done. best_score=27.0, changed=518, unchanged=406, early_stops=8/8
26 - INFO - chord#: 24 In build_straw_man_chord_sa. tolerance = 1, sa_iterations = 1000, initial_temperature = 3.0, cooling_rate = 0.999
26 - INFO - chord#: 18 done. best_score=96.0, changed=615, unchanged=252, early_stops=8/8
26 - INFO - chord#: 20 In build_straw_man_chord_sa. tolerance = 1, sa_iterations = 1000, initial_temperature = 3.0, cooling_rate = 0.999
26 - INFO - chord#: 20 done. best_score=27.0, changed=521, unchanged=454, early_stops=8/8
26 - INFO - chord#: 22 In build_straw_man_chord_sa. tolerance = 1, sa_iterations = 1000, initial_temperature = 3.0, cooling_rate = 0.999
26 - INFO - chord#: 24 done. best_score=27.0, changed=521, unchanged=316, early_stops=8/8
26 - INFO - chord#: 28 In build_straw_man_chord_sa. tolerance = 1, sa_iterations = 1000, initial_temperature = 3.0, cooling_rate = 0.999
26 - INFO - chord#: 22 done. best_score=27.0, changed=519, unchanged=344, early_stops=8/8
26 - INFO - chord#: 24 In build_straw_man_chord_sa. tolerance = 1, sa_iterations = 1000, initial_temperature = 3.0, cooling_rate = 0.999
26 - INFO - chord#: 22 done. best_score=27.0, changed=514, unchanged=342, early_stops=8/8
26 - INFO - chord#: 24 In build_straw_man_chord_sa. tolerance = 1, sa_iterations = 1000, initial_temperature = 3.0, cooling_rate = 0.999
26 - INFO - chord#: 18 done. best_score=119.0, changed=615, unchanged=304, early_stops=8/8
26 - INFO - chord#: 20 In build_straw_man_chord_sa. tolerance = 1, sa_iterations = 1000, initial_temperature = 3.0, cooling_rate = 0.999
26 - INFO - chord#: 24 done. best_score=27.0, changed=511, unchanged=333, early_stops=8/8
26 - INFO - chord#: 28 In build_straw_man_chord_sa. tolerance = 1, sa_iterations = 1000, initial_temperature = 3.0, cooling_rate = 0.999
26 - INFO - chord#: 18 done. best_score=119.0, changed=607, unchanged=286, early_stops=8/8
26 - INFO - chord#: 20 In build_straw_man_chord_sa. tolerance = 1, sa_iterations = 1000, initial_temperature = 3.0, cooling_rate = 0.999
26 - INFO - chord#: 24 done. best_score=27.0, changed=536, unchanged=569, early_stops=8/8
26 - INFO - chord#: 28 In build_straw_man_chord_sa. tolerance = 1, sa_iterations = 1000, initial_temperature = 3.0, cooling_rate = 0.999
26 - INFO - chord#: 18 done. best_score=78.0, changed=615, unchanged=292, early_stops=8/8
26 - INFO - chord#: 20 In build_straw_man_chord_sa. tolerance = 1, sa_iterations = 1000, initial_temperature = 3.0, cooling_rate = 0.999
26 - INFO - chord#: 22 done. best_score=27.0, changed=520, unchanged=360, early_stops=8/8
26 - INFO - chord#: 24 In build_straw_man_chord_sa. tolerance = 1, sa_iterations = 1000, initial_temperature = 3.0, cooling_rate = 0.999
26 - INFO - chord#: 18 done. best_score=78.0, changed=612, unchanged=354, early_stops=8/8
26 - INFO - chord#: 20 In build_straw_man_chord_sa. tolerance = 1, sa_iterations = 1000, initial_temperature = 3.0, cooling_rate = 0.999
26 - INFO - chord#: 20 done. best_score=27.0, changed=519, unchanged=364, early_stops=8/8
26 - INFO - chord#: 22 In build_straw_man_chord_sa. tolerance = 1, sa_iterations = 1000, initial_temperature = 3.0, cooling_rate = 0.999
26 - INFO - chord#: 28 done. best_score=27.0, changed=520, unchanged=465, early_stops=8/8
26 - INFO - chord#: 32 In build_straw_man_chord_sa. tolerance = 1, sa_iterations = 1000, initial_temperature = 3.0, cooling_rate = 0.999
26 - INFO - chord#: 20 done. best_score=27.0, changed=517, unchanged=404, early_stops=8/8
26 - INFO - chord#: 22 In build_straw_man_chord_sa. tolerance = 1, sa_iterations = 1000, initial_temperature = 3.0, cooling_rate = 0.999
26 - INFO - chord#: 24 done. best_score=27.0, changed=522, unchanged=494, early_stops=8/8
26 - INFO - chord#: 28 In build_straw_man_chord_sa. tolerance = 1, sa_iterations = 1000, initial_temperature = 3.0, cooling_rate = 0.999
26 - INFO - chord#: 24 done. best_score=27.0, changed=513, unchanged=341, early_stops=8/8
26 - INFO - chord#: 28 In build_straw_man_chord_sa. tolerance = 1, sa_iterations = 1000, initial_temperature = 3.0, cooling_rate = 0.999
26 - INFO - chord#: 28 done. best_score=27.0, changed=524, unchanged=450, early_stops=8/8
26 - INFO - chord#: 32 In build_straw_man_chord_sa. tolerance = 1, sa_iterations = 1000, initial_temperature = 3.0, cooling_rate = 0.999
26 - INFO - chord#: 18 done. best_score=78.0, changed=615, unchanged=503, early_stops=8/8
26 - INFO - chord#: 20 In build_straw_man_chord_sa. tolerance = 1, sa_iterations = 1000, initial_temperature = 3.0, cooling_rate = 0.999
26 - INFO - chord#: 28 done. best_score=27.0, changed=519, unchanged=406, early_stops=8/8
26 - INFO - chord#: 32 In build_straw_man_chord_sa. tolerance = 1, sa_iterations = 1000, initial_temperature = 3.0, cooling_rate = 0.999
26 - INFO - chord#: 20 done. best_score=27.0, changed=523, unchanged=375, early_stops=8/8
26 - INFO - chord#: 22 In build_straw_man_chord_sa. tolerance = 1, sa_iterations = 1000, initial_temperature = 3.0, cooling_rate = 0.999
26 - INFO - chord#: 24 done. best_score=27.0, changed=520, unchanged=420, early_stops=8/8
26 - INFO - chord#: 28 In build_straw_man_chord_sa. tolerance = 1, sa_iterations = 1000, initial_temperature = 3.0, cooling_rate = 0.999
26 - INFO - chord#: 20 done. best_score=27.0, changed=523, unchanged=399, early_stops=8/8
26 - INFO - chord#: 22 In build_straw_man_chord_sa. tolerance = 1, sa_iterations = 1000, initial_temperature = 3.0, cooling_rate = 0.999
26 - INFO - chord#: 20 done. best_score=27.0, changed=525, unchanged=479, early_stops=8/8
26 - INFO - chord#: 22 In build_straw_man_chord_sa. tolerance = 1, sa_iterations = 1000, initial_temperature = 3.0, cooling_rate = 0.999
26 - INFO - chord#: 32 done. best_score=27.0, changed=522, unchanged=442, early_stops=8/8
26 - INFO - chord#: 34 In build_straw_man_chord_sa. tolerance = 1, sa_iterations = 1000, initial_temperature = 3.0, cooling_rate = 0.999
26 - INFO - chord#: 22 done. best_score=27.0, changed=522, unchanged=373, early_stops=8/8
26 - INFO - chord#: 24 In build_straw_man_chord_sa. tolerance = 1, sa_iterations = 1000, initial_temperature = 3.0, cooling_rate = 0.999
26 - INFO - chord#: 22 done. best_score=27.0, changed=517, unchanged=367, early_stops=8/8
26 - INFO - chord#: 24 In build_straw_man_chord_sa. tolerance = 1, sa_iterations = 1000, initial_temperature = 3.0, cooling_rate = 0.999
26 - INFO - chord#: 28 done. best_score=27.0, changed=525, unchanged=449, early_stops=8/8
26 - INFO - chord#: 32 In build_straw_man_chord_sa. tolerance = 1, sa_iterations = 1000, initial_temperature = 3.0, cooling_rate = 0.999
26 - INFO - chord#: 32 done. best_score=27.0, changed=515, unchanged=372, early_stops=8/8
26 - INFO - chord#: 34 In build_straw_man_chord_sa. tolerance = 1, sa_iterations = 1000, initial_temperature = 3.0, cooling_rate = 0.999
26 - INFO - chord#: 32 done. best_score=27.0, changed=517, unchanged=357, early_stops=8/8
26 - INFO - chord#: 34 In build_straw_man_chord_sa. tolerance = 1, sa_iterations = 1000, initial_temperature = 3.0, cooling_rate = 0.999
26 - INFO - chord#: 28 done. best_score=27.0, changed=523, unchanged=468, early_stops=8/8
26 - INFO - chord#: 32 In build_straw_man_chord_sa. tolerance = 1, sa_iterations = 1000, initial_temperature = 3.0, cooling_rate = 0.999
26 - INFO - chord#: 28 done. best_score=27.0, changed=526, unchanged=470, early_stops=8/8
26 - INFO - chord#: 32 In build_straw_man_chord_sa. tolerance = 1, sa_iterations = 1000, initial_temperature = 3.0, cooling_rate = 0.999
26 - INFO - chord#: 22 done. best_score=27.0, changed=513, unchanged=364, early_stops=8/8
26 - INFO - chord#: 24 In build_straw_man_chord_sa. tolerance = 1, sa_iterations = 1000, initial_temperature = 3.0, cooling_rate = 0.999
26 - INFO - chord#: 20 done. best_score=27.0, changed=526, unchanged=531, early_stops=8/8
26 - INFO - chord#: 22 In build_straw_man_chord_sa. tolerance = 1, sa_iterations = 1000, initial_temperature = 3.0, cooling_rate = 0.999
26 - INFO - chord#: 22 done. best_score=27.0, changed=515, unchanged=353, early_stops=8/8
26 - INFO - chord#: 24 In build_straw_man_chord_sa. tolerance = 1, sa_iterations = 1000, initial_temperature = 3.0, cooling_rate = 0.999
26 - INFO - chord#: 22 done. best_score=27.0, changed=522, unchanged=424, early_stops=8/8
26 - INFO - chord#: 24 In build_straw_man_chord_sa. tolerance = 1, sa_iterations = 1000, initial_temperature = 3.0, cooling_rate = 0.999
26 - INFO - chord#: 32 done. best_score=27.0, changed=523, unchanged=388, early_stops=8/8
26 - INFO - chord#: 34 In build_straw_man_chord_sa. tolerance = 1, sa_iterations = 1000, initial_temperature = 3.0, cooling_rate = 0.999
26 - INFO - chord#: 24 done. best_score=27.0, changed=522, unchanged=427, early_stops=8/8
26 - INFO - chord#: 28 In build_straw_man_chord_sa. tolerance = 1, sa_iterations = 1000, initial_temperature = 3.0, cooling_rate = 0.999
26 - INFO - chord#: 24 done. best_score=27.0, changed=519, unchanged=454, early_stops=8/8
26 - INFO - chord#: 28 In build_straw_man_chord_sa. tolerance = 1, sa_iterations = 1000, initial_temperature = 3.0, cooling_rate = 0.999
26 - INFO - chord#: 32 done. best_score=27.0, changed=529, unchanged=509, early_stops=8/8
26 - INFO - chord#: 32 done. best_score=27.0, changed=516, unchanged=385, early_stops=8/8
26 - INFO - chord#: 34 In build_straw_man_chord_sa. tolerance = 1, sa_iterations = 1000, initial_temperature = 3.0, cooling_rate = 0.999
26 - INFO - chord#: 34 In build_straw_man_chord_sa. tolerance = 1, sa_iterations = 1000, initial_temperature = 3.0, cooling_rate = 0.999
26 - INFO - chord#: 34 done. best_score=93.0, changed=618, unchanged=248, early_stops=8/8
26 - INFO - chord#: 36 In build_straw_man_chord_sa. tolerance = 1, sa_iterations = 1000, initial_temperature = 3.0, cooling_rate = 0.999
26 - INFO - chord#: 24 done. best_score=27.0, changed=525, unchanged=391, early_stops=8/8
26 - INFO - chord#: 28 In build_straw_man_chord_sa. tolerance = 1, sa_iterations = 1000, initial_temperature = 3.0, cooling_rate = 0.999
26 - INFO - chord#: 28 done. best_score=27.0, changed=516, unchanged=451, early_stops=8/8
26 - INFO - chord#: 32 In build_straw_man_chord_sa. tolerance = 1, sa_iterations = 1000, initial_temperature = 3.0, cooling_rate = 0.999
26 - INFO - chord#: 34 done. best_score=93.0, changed=610, unchanged=261, early_stops=8/8
26 - INFO - chord#: 36 In build_straw_man_chord_sa. tolerance = 1, sa_iterations = 1000, initial_temperature = 3.0, cooling_rate = 0.999
26 - INFO - chord#: 22 done. best_score=27.0, changed=524, unchanged=442, early_stops=8/8
26 - INFO - chord#: 24 In build_straw_man_chord_sa. tolerance = 1, sa_iterations = 1000, initial_temperature = 3.0, cooling_rate = 0.999
26 - INFO - chord#: 24 done. best_score=27.0, changed=522, unchanged=437, early_stops=8/8
26 - INFO - chord#: 28 In build_straw_man_chord_sa. tolerance = 1, sa_iterations = 1000, initial_temperature = 3.0, cooling_rate = 0.999
26 - INFO - chord#: 24 done. best_score=27.0, changed=528, unchanged=492, early_stops=8/8
26 - INFO - chord#: 28 In build_straw_man_chord_sa. tolerance = 1, sa_iterations = 1000, initial_temperature = 3.0, cooling_rate = 0.999
26 - INFO - chord#: 34 done. best_score=93.0, changed=609, unchanged=407, early_stops=8/8
26 - INFO - chord#: 36 In build_straw_man_chord_sa. tolerance = 1, sa_iterations = 1000, initial_temperature = 3.0, cooling_rate = 0.999
26 - INFO - chord#: 28 done. best_score=27.0, changed=524, unchanged=420, early_stops=8/8
26 - INFO - chord#: 32 In build_straw_man_chord_sa. tolerance = 1, sa_iterations = 1000, initial_temperature = 3.0, cooling_rate = 0.999
26 - INFO - chord#: 36 done. best_score=27.0, changed=512, unchanged=322, early_stops=8/8
26 - INFO - chord#: 38 In build_straw_man_chord_sa. tolerance = 1, sa_iterations = 1000, initial_temperature = 3.0, cooling_rate = 0.999
26 - INFO - chord#: 32 done. best_score=27.0, changed=517, unchanged=402, early_stops=8/8
26 - INFO - chord#: 36 done. best_score=27.0, changed=520, unchanged=365, early_stops=8/8
26 - INFO - chord#: 34 In build_straw_man_chord_sa. tolerance = 1, sa_iterations = 1000, initial_temperature = 3.0, cooling_rate = 0.999
26 - INFO - chord#: 38 In build_straw_man_chord_sa. tolerance = 1, sa_iterations = 1000, initial_temperature = 3.0, cooling_rate = 0.999
26 - INFO - chord#: 34 done. best_score=93.0, changed=617, unchanged=329, early_stops=8/8
26 - INFO - chord#: 36 In build_straw_man_chord_sa. tolerance = 1, sa_iterations = 1000, initial_temperature = 3.0, cooling_rate = 0.999
26 - INFO - chord#: 24 done. best_score=27.0, changed=518, unchanged=309, early_stops=8/8
26 - INFO - chord#: 28 In build_straw_man_chord_sa. tolerance = 1, sa_iterations = 1000, initial_temperature = 3.0, cooling_rate = 0.999
26 - INFO - chord#: 28 done. best_score=27.0, changed=523, unchanged=535, early_stops=8/8
26 - INFO - chord#: 32 In build_straw_man_chord_sa. tolerance = 1, sa_iterations = 1000, initial_temperature = 3.0, cooling_rate = 0.999
26 - INFO - chord#: 36 done. best_score=27.0, changed=521, unchanged=348, early_stops=8/8
26 - INFO - chord#: 38 In build_straw_man_chord_sa. tolerance = 1, sa_iterations = 1000, initial_temperature = 3.0, cooling_rate = 0.999
26 - INFO - chord#: 34 done. best_score=94.0, changed=613, unchanged=339, early_stops=8/8
26 - INFO - chord#: 36 In build_straw_man_chord_sa. tolerance = 1, sa_iterations = 1000, initial_temperature = 3.0, cooling_rate = 0.999
26 - INFO - chord#: 28 done. best_score=27.0, changed=521, unchanged=426, early_stops=8/8
26 - INFO - chord#: 32 In build_straw_man_chord_sa. tolerance = 1, sa_iterations = 1000, initial_temperature = 3.0, cooling_rate = 0.999
26 - INFO - chord#: 28 done. best_score=27.0, changed=522, unchanged=462, early_stops=8/8
26 - INFO - chord#: 32 In build_straw_man_chord_sa. tolerance = 1, sa_iterations = 1000, initial_temperature = 3.0, cooling_rate = 0.999
26 - INFO - chord#: 34 done. best_score=93.0, changed=610, unchanged=228, early_stops=8/8
26 - INFO - chord#: 36 In build_straw_man_chord_sa. tolerance = 1, sa_iterations = 1000, initial_temperature = 3.0, cooling_rate = 0.999
26 - INFO - chord#: 32 done. best_score=27.0, changed=510, unchanged=454, early_stops=8/8
26 - INFO - chord#: 34 In build_straw_man_chord_sa. tolerance = 1, sa_iterations = 1000, initial_temperature = 3.0, cooling_rate = 0.999
26 - INFO - chord#: 36 done. best_score=27.0, changed=516, unchanged=410, early_stops=8/8
26 - INFO - chord#: 38 In build_straw_man_chord_sa. tolerance = 1, sa_iterations = 1000, initial_temperature = 3.0, cooling_rate = 0.999
26 - INFO - chord#: 32 done. best_score=27.0, changed=515, unchanged=377, early_stops=8/8
26 - INFO - chord#: 34 In build_straw_man_chord_sa. tolerance = 1, sa_iterations = 1000, initial_temperature = 3.0, cooling_rate = 0.999
26 - INFO - chord#: 28 done. best_score=27.0, changed=516, unchanged=394, early_stops=8/8
26 - INFO - chord#: 32 In build_straw_man_chord_sa. tolerance = 1, sa_iterations = 1000, initial_temperature = 3.0, cooling_rate = 0.999
26 - INFO - chord#: 36 done. best_score=27.0, changed=521, unchanged=403, early_stops=8/8
26 - INFO - chord#: 38 In build_straw_man_chord_sa. tolerance = 1, sa_iterations = 1000, initial_temperature = 3.0, cooling_rate = 0.999
26 - INFO - chord#: 34 done. best_score=93.0, changed=613, unchanged=205, early_stops=8/8
26 - INFO - chord#: 36 In build_straw_man_chord_sa. tolerance = 1, sa_iterations = 1000, initial_temperature = 3.0, cooling_rate = 0.999
26 - INFO - chord#: 32 done. best_score=27.0, changed=518, unchanged=400, early_stops=8/8
26 - INFO - chord#: 34 In build_straw_man_chord_sa. tolerance = 1, sa_iterations = 1000, initial_temperature = 3.0, cooling_rate = 0.999
26 - INFO - chord#: 38 done. best_score=74.0, changed=619, unchanged=317, early_stops=8/8
26 - INFO - chord#: 40 In build_straw_man_chord_sa. tolerance = 1, sa_iterations = 1000, initial_temperature = 3.0, cooling_rate = 0.999
26 - INFO - chord#: 36 done. best_score=27.0, changed=522, unchanged=392, early_stops=8/8
26 - INFO - chord#: 38 In build_straw_man_chord_sa. tolerance = 1, sa_iterations = 1000, initial_temperature = 3.0, cooling_rate = 0.999
26 - INFO - chord#: 32 done. best_score=27.0, changed=518, unchanged=488, early_stops=8/8
26 - INFO - chord#: 34 In build_straw_man_chord_sa. tolerance = 1, sa_iterations = 1000, initial_temperature = 3.0, cooling_rate = 0.999
26 - INFO - chord#: 38 done. best_score=74.0, changed=617, unchanged=327, early_stops=8/8
26 - INFO - chord#: 40 In build_straw_man_chord_sa. tolerance = 1, sa_iterations = 1000, initial_temperature = 3.0, cooling_rate = 0.999
26 - INFO - chord#: 36 done. best_score=27.0, changed=524, unchanged=501, early_stops=8/8
26 - INFO - chord#: 38 In build_straw_man_chord_sa. tolerance = 1, sa_iterations = 1000, initial_temperature = 3.0, cooling_rate = 0.999
26 - INFO - chord#: 32 done. best_score=27.0, changed=538, unchanged=472, early_stops=8/8
26 - INFO - chord#: 34 In build_straw_man_chord_sa. tolerance = 1, sa_iterations = 1000, initial_temperature = 3.0, cooling_rate = 0.999
26 - INFO - chord#: 40 done. best_score=27.0, changed=517, unchanged=351, early_stops=8/8
26 - INFO - chord#: 42 In build_straw_man_chord_sa. tolerance = 1, sa_iterations = 1000, initial_temperature = 3.0, cooling_rate = 0.999
26 - INFO - chord#: 38 done. best_score=104.0, changed=617, unchanged=382, early_stops=8/8
26 - INFO - chord#: 40 In build_straw_man_chord_sa. tolerance = 1, sa_iterations = 1000, initial_temperature = 3.0, cooling_rate = 0.999
26 - INFO - chord#: 34 done. best_score=93.0, changed=608, unchanged=273, early_stops=8/8
26 - INFO - chord#: 36 In build_straw_man_chord_sa. tolerance = 1, sa_iterations = 1000, initial_temperature = 3.0, cooling_rate = 0.999
26 - INFO - chord#: 38 done. best_score=74.0, changed=610, unchanged=286, early_stops=8/8
26 - INFO - chord#: 40 In build_straw_man_chord_sa. tolerance = 1, sa_iterations = 1000, initial_temperature = 3.0, cooling_rate = 0.999
26 - INFO - chord#: 40 done. best_score=27.0, changed=524, unchanged=443, early_stops=8/8
26 - INFO - chord#: 42 In build_straw_man_chord_sa. tolerance = 1, sa_iterations = 1000, initial_temperature = 3.0, cooling_rate = 0.999
26 - INFO - chord#: 42 done. best_score=27.0, changed=529, unchanged=392, early_stops=8/8
26 - INFO - chord#: 44 In build_straw_man_chord_sa. tolerance = 1, sa_iterations = 1000, initial_temperature = 3.0, cooling_rate = 0.999
26 - INFO - chord#: 38 done. best_score=74.0, changed=613, unchanged=314, early_stops=8/8
26 - INFO - chord#: 40 In build_straw_man_chord_sa. tolerance = 1, sa_iterations = 1000, initial_temperature = 3.0, cooling_rate = 0.999
26 - INFO - chord#: 40 done. best_score=27.0, changed=519, unchanged=449, early_stops=8/8
26 - INFO - chord#: 42 In build_straw_man_chord_sa. tolerance = 1, sa_iterations = 1000, initial_temperature = 3.0, cooling_rate = 0.999
26 - INFO - chord#: 34 done. best_score=93.0, changed=622, unchanged=439, early_stops=8/8
26 - INFO - chord#: 36 In build_straw_man_chord_sa. tolerance = 1, sa_iterations = 1000, initial_temperature = 3.0, cooling_rate = 0.999
26 - INFO - chord#: 42 done. best_score=27.0, changed=515, unchanged=393, early_stops=8/8
26 - INFO - chord#: 44 In build_straw_man_chord_sa. tolerance = 1, sa_iterations = 1000, initial_temperature = 3.0, cooling_rate = 0.999
26 - INFO - chord#: 36 done. best_score=27.0, changed=520, unchanged=381, early_stops=8/8
26 - INFO - chord#: 38 In build_straw_man_chord_sa. tolerance = 1, sa_iterations = 1000, initial_temperature = 3.0, cooling_rate = 0.999
26 - INFO - chord#: 40 done. best_score=27.0, changed=519, unchanged=459, early_stops=8/8
26 - INFO - chord#: 42 In build_straw_man_chord_sa. tolerance = 1, sa_iterations = 1000, initial_temperature = 3.0, cooling_rate = 0.999
26 - INFO - chord#: 44 done. best_score=27.0, changed=520, unchanged=325, early_stops=8/8
26 - INFO - chord#: 46 In build_straw_man_chord_sa. tolerance = 1, sa_iterations = 1000, initial_temperature = 3.0, cooling_rate = 0.999
26 - INFO - chord#: 34 done. best_score=93.0, changed=617, unchanged=456, early_stops=8/8
26 - INFO - chord#: 36 In build_straw_man_chord_sa. tolerance = 1, sa_iterations = 1000, initial_temperature = 3.0, cooling_rate = 0.999
26 - INFO - chord#: 38 done. best_score=148.0, changed=610, unchanged=248, early_stops=8/8
26 - INFO - chord#: 40 In build_straw_man_chord_sa. tolerance = 1, sa_iterations = 1000, initial_temperature = 3.0, cooling_rate = 0.999
26 - INFO - chord#: 40 done. best_score=27.0, changed=516, unchanged=359, early_stops=8/8
26 - INFO - chord#: 42 In build_straw_man_chord_sa. tolerance = 1, sa_iterations = 1000, initial_temperature = 3.0, cooling_rate = 0.999
26 - INFO - chord#: 34 done. best_score=93.0, changed=616, unchanged=445, early_stops=8/8
26 - INFO - chord#: 36 In build_straw_man_chord_sa. tolerance = 1, sa_iterations = 1000, initial_temperature = 3.0, cooling_rate = 0.999
26 - INFO - chord#: 38 done. best_score=104.0, changed=616, unchanged=300, early_stops=8/8
26 - INFO - chord#: 40 In build_straw_man_chord_sa. tolerance = 1, sa_iterations = 1000, initial_temperature = 3.0, cooling_rate = 0.999
26 - INFO - chord#: 42 done. best_score=27.0, changed=515, unchanged=378, early_stops=8/8
26 - INFO - chord#: 44 In build_straw_man_chord_sa. tolerance = 1, sa_iterations = 1000, initial_temperature = 3.0, cooling_rate = 0.999
26 - INFO - chord#: 42 done. best_score=27.0, changed=535, unchanged=377, early_stops=8/8
26 - INFO - chord#: 44 In build_straw_man_chord_sa. tolerance = 1, sa_iterations = 1000, initial_temperature = 3.0, cooling_rate = 0.999
26 - INFO - chord#: 44 done. best_score=27.0, changed=521, unchanged=501, early_stops=8/8
26 - INFO - chord#: 46 In build_straw_man_chord_sa. tolerance = 1, sa_iterations = 1000, initial_temperature = 3.0, cooling_rate = 0.999
26 - INFO - chord#: 34 done. best_score=96.0, changed=618, unchanged=376, early_stops=8/8
26 - INFO - chord#: 36 In build_straw_man_chord_sa. tolerance = 1, sa_iterations = 1000, initial_temperature = 3.0, cooling_rate = 0.999
26 - INFO - chord#: 42 done. best_score=27.0, changed=525, unchanged=328, early_stops=8/8
26 - INFO - chord#: 44 In build_straw_man_chord_sa. tolerance = 1, sa_iterations = 1000, initial_temperature = 3.0, cooling_rate = 0.999
26 - INFO - chord#: 36 done. best_score=27.0, changed=524, unchanged=493, early_stops=8/8
26 - INFO - chord#: 38 In build_straw_man_chord_sa. tolerance = 1, sa_iterations = 1000, initial_temperature = 3.0, cooling_rate = 0.999
26 - INFO - chord#: 40 done. best_score=27.0, changed=517, unchanged=433, early_stops=8/8
26 - INFO - chord#: 42 In build_straw_man_chord_sa. tolerance = 1, sa_iterations = 1000, initial_temperature = 3.0, cooling_rate = 0.999
26 - INFO - chord#: 36 done. best_score=27.0, changed=521, unchanged=399, early_stops=8/8
26 - INFO - chord#: 38 In build_straw_man_chord_sa. tolerance = 1, sa_iterations = 1000, initial_temperature = 3.0, cooling_rate = 0.999
26 - INFO - chord#: 44 done. best_score=27.0, changed=515, unchanged=364, early_stops=8/8
26 - INFO - chord#: 46 In build_straw_man_chord_sa. tolerance = 1, sa_iterations = 1000, initial_temperature = 3.0, cooling_rate = 0.999
26 - INFO - chord#: 40 done. best_score=27.0, changed=519, unchanged=422, early_stops=8/8
26 - INFO - chord#: 42 In build_straw_man_chord_sa. tolerance = 1, sa_iterations = 1000, initial_temperature = 3.0, cooling_rate = 0.999
26 - INFO - chord#: 36 done. best_score=27.0, changed=520, unchanged=462, early_stops=8/8
26 - INFO - chord#: 38 In build_straw_man_chord_sa. tolerance = 1, sa_iterations = 1000, initial_temperature = 3.0, cooling_rate = 0.999
26 - INFO - chord#: 44 done. best_score=27.0, changed=516, unchanged=420, early_stops=8/8
26 - INFO - chord#: 46 In build_straw_man_chord_sa. tolerance = 1, sa_iterations = 1000, initial_temperature = 3.0, cooling_rate = 0.999
26 - INFO - chord#: 42 done. best_score=27.0, changed=525, unchanged=399, early_stops=8/8
26 - INFO - chord#: 44 In build_straw_man_chord_sa. tolerance = 1, sa_iterations = 1000, initial_temperature = 3.0, cooling_rate = 0.999
26 - INFO - chord#: 36 done. best_score=27.0, changed=521, unchanged=345, early_stops=8/8
26 - INFO - chord#: 38 In build_straw_man_chord_sa. tolerance = 1, sa_iterations = 1000, initial_temperature = 3.0, cooling_rate = 0.999
26 - INFO - chord#: 44 done. best_score=27.0, changed=519, unchanged=602, early_stops=8/8
26 - INFO - chord#: 46 In build_straw_man_chord_sa. tolerance = 1, sa_iterations = 1000, initial_temperature = 3.0, cooling_rate = 0.999
26 - INFO - chord#: 38 done. best_score=74.0, changed=616, unchanged=363, early_stops=8/8
26 - INFO - chord#: 40 In build_straw_man_chord_sa. tolerance = 1, sa_iterations = 1000, initial_temperature = 3.0, cooling_rate = 0.999
26 - INFO - chord#: 46 done. best_score=64.0, changed=616, unchanged=369, early_stops=8/8
26 - INFO - chord#: 48 In build_straw_man_chord_sa. tolerance = 1, sa_iterations = 1000, initial_temperature = 3.0, cooling_rate = 0.999
26 - INFO - chord#: 46 done. best_score=104.0, changed=611, unchanged=245, early_stops=8/8
26 - INFO - chord#: 48 In build_straw_man_chord_sa. tolerance = 1, sa_iterations = 1000, initial_temperature = 3.0, cooling_rate = 0.999
26 - INFO - chord#: 42 done. best_score=27.0, changed=519, unchanged=393, early_stops=8/8
26 - INFO - chord#: 44 In build_straw_man_chord_sa. tolerance = 1, sa_iterations = 1000, initial_temperature = 3.0, cooling_rate = 0.999
26 - INFO - chord#: 44 done. best_score=27.0, changed=526, unchanged=468, early_stops=8/8
26 - INFO - chord#: 46 In build_straw_man_chord_sa. tolerance = 1, sa_iterations = 1000, initial_temperature = 3.0, cooling_rate = 0.999
26 - INFO - chord#: 40 done. best_score=27.0, changed=522, unchanged=428, early_stops=8/8
26 - INFO - chord#: 42 In build_straw_man_chord_sa. tolerance = 1, sa_iterations = 1000, initial_temperature = 3.0, cooling_rate = 0.999
26 - INFO - chord#: 46 done. best_score=71.0, changed=614, unchanged=286, early_stops=8/8
26 - INFO - chord#: 48 In build_straw_man_chord_sa. tolerance = 1, sa_iterations = 1000, initial_temperature = 3.0, cooling_rate = 0.999
26 - INFO - chord#: 38 done. best_score=121.0, changed=609, unchanged=267, early_stops=8/8
26 - INFO - chord#: 40 In build_straw_man_chord_sa. tolerance = 1, sa_iterations = 1000, initial_temperature = 3.0, cooling_rate = 0.999
26 - INFO - chord#: 46 done. best_score=64.0, changed=608, unchanged=220, early_stops=8/8
26 - INFO - chord#: 48 In build_straw_man_chord_sa. tolerance = 1, sa_iterations = 1000, initial_temperature = 3.0, cooling_rate = 0.999
26 - INFO - chord#: 42 done. best_score=27.0, changed=528, unchanged=366, early_stops=8/8
26 - INFO - chord#: 44 In build_straw_man_chord_sa. tolerance = 1, sa_iterations = 1000, initial_temperature = 3.0, cooling_rate = 0.999
26 - INFO - chord#: 44 done. best_score=27.0, changed=523, unchanged=447, early_stops=8/8
26 - INFO - chord#: 46 In build_straw_man_chord_sa. tolerance = 1, sa_iterations = 1000, initial_temperature = 3.0, cooling_rate = 0.999
26 - INFO - chord#: 48 done. best_score=64.0, changed=610, unchanged=293, early_stops=8/8
26 - INFO - chord#: 50 In build_straw_man_chord_sa. tolerance = 1, sa_iterations = 1000, initial_temperature = 3.0, cooling_rate = 0.999
26 - INFO - chord#: 38 done. best_score=137.0, changed=610, unchanged=274, early_stops=8/8
26 - INFO - chord#: 40 In build_straw_man_chord_sa. tolerance = 1, sa_iterations = 1000, initial_temperature = 3.0, cooling_rate = 0.999
26 - INFO - chord#: 46 done. best_score=104.0, changed=608, unchanged=335, early_stops=8/8
26 - INFO - chord#: 48 In build_straw_man_chord_sa. tolerance = 1, sa_iterations = 1000, initial_temperature = 3.0, cooling_rate = 0.999
26 - INFO - chord#: 38 done. best_score=74.0, changed=608, unchanged=305, early_stops=8/8
26 - INFO - chord#: 40 In build_straw_man_chord_sa. tolerance = 1, sa_iterations = 1000, initial_temperature = 3.0, cooling_rate = 0.999
26 - INFO - chord#: 48 done. best_score=96.0, changed=617, unchanged=421, early_stops=8/8
26 - INFO - chord#: 50 In build_straw_man_chord_sa. tolerance = 1, sa_iterations = 1000, initial_temperature = 3.0, cooling_rate = 0.999
26 - INFO - chord#: 40 done. best_score=27.0, changed=522, unchanged=354, early_stops=8/8
26 - INFO - chord#: 44 done. best_score=27.0, changed=518, unchanged=468, early_stops=8/8
26 - INFO - chord#: 46 In build_straw_man_chord_sa. tolerance = 1, sa_iterations = 1000, initial_temperature = 3.0, cooling_rate = 0.999
26 - INFO - chord#: 42 In build_straw_man_chord_sa. tolerance = 1, sa_iterations = 1000, initial_temperature = 3.0, cooling_rate = 0.999
26 - INFO - chord#: 50 done. best_score=27.0, changed=521, unchanged=450, early_stops=8/8
26 - INFO - chord#: 51 In build_straw_man_chord_sa. tolerance = 1, sa_iterations = 1000, initial_temperature = 3.0, cooling_rate = 0.999
26 - INFO - chord#: 48 done. best_score=140.0, changed=610, unchanged=232, early_stops=8/8
26 - INFO - chord#: 50 In build_straw_man_chord_sa. tolerance = 1, sa_iterations = 1000, initial_temperature = 3.0, cooling_rate = 0.999
26 - INFO - chord#: 46 done. best_score=64.0, changed=613, unchanged=395, early_stops=8/8
26 - INFO - chord#: 48 In build_straw_man_chord_sa. tolerance = 1, sa_iterations = 1000, initial_temperature = 3.0, cooling_rate = 0.999
26 - INFO - chord#: 40 done. best_score=27.0, changed=519, unchanged=508, early_stops=8/8
26 - INFO - chord#: 42 In build_straw_man_chord_sa. tolerance = 1, sa_iterations = 1000, initial_temperature = 3.0, cooling_rate = 0.999
26 - INFO - chord#: 38 done. best_score=74.0, changed=614, unchanged=479, early_stops=8/8
26 - INFO - chord#: 40 In build_straw_man_chord_sa. tolerance = 1, sa_iterations = 1000, initial_temperature = 3.0, cooling_rate = 0.999
26 - INFO - chord#: 40 done. best_score=27.0, changed=522, unchanged=464, early_stops=8/8
26 - INFO - chord#: 42 In build_straw_man_chord_sa. tolerance = 1, sa_iterations = 1000, initial_temperature = 3.0, cooling_rate = 0.999
26 - INFO - chord#: 48 done. best_score=64.0, changed=617, unchanged=267, early_stops=8/8
26 - INFO - chord#: 50 In build_straw_man_chord_sa. tolerance = 1, sa_iterations = 1000, initial_temperature = 3.0, cooling_rate = 0.999
26 - INFO - chord#: 50 done. best_score=27.0, changed=525, unchanged=533, early_stops=8/8
26 - INFO - chord#: 51 In build_straw_man_chord_sa. tolerance = 1, sa_iterations = 1000, initial_temperature = 3.0, cooling_rate = 0.999
26 - INFO - chord#: 42 done. best_score=27.0, changed=520, unchanged=368, early_stops=8/8
26 - INFO - chord#: 44 In build_straw_man_chord_sa. tolerance = 1, sa_iterations = 1000, initial_temperature = 3.0, cooling_rate = 0.999
26 - INFO - chord#: 51 done. best_score=36.0, changed=526, unchanged=440, early_stops=8/8
26 - INFO - chord#: 52 In build_straw_man_chord_sa. tolerance = 1, sa_iterations = 1000, initial_temperature = 3.0, cooling_rate = 0.999
26 - INFO - chord#: 50 done. best_score=27.0, changed=518, unchanged=353, early_stops=8/8
26 - INFO - chord#: 51 In build_straw_man_chord_sa. tolerance = 1, sa_iterations = 1000, initial_temperature = 3.0, cooling_rate = 0.999
26 - INFO - chord#: 42 done. best_score=27.0, changed=527, unchanged=357, early_stops=8/8
26 - INFO - chord#: 44 In build_straw_man_chord_sa. tolerance = 1, sa_iterations = 1000, initial_temperature = 3.0, cooling_rate = 0.999
26 - INFO - chord#: 50 done. best_score=27.0, changed=518, unchanged=381, early_stops=8/8
26 - INFO - chord#: 51 In build_straw_man_chord_sa. tolerance = 1, sa_iterations = 1000, initial_temperature = 3.0, cooling_rate = 0.999
26 - INFO - chord#: 42 done. best_score=27.0, changed=534, unchanged=391, early_stops=8/8
26 - INFO - chord#: 44 In build_straw_man_chord_sa. tolerance = 1, sa_iterations = 1000, initial_temperature = 3.0, cooling_rate = 0.999
26 - INFO - chord#: 51 done. best_score=36.0, changed=521, unchanged=378, early_stops=8/8
26 - INFO - chord#: 52 In build_straw_man_chord_sa. tolerance = 1, sa_iterations = 1000, initial_temperature = 3.0, cooling_rate = 0.999
26 - INFO - chord#: 40 done. best_score=27.0, changed=522, unchanged=393, early_stops=8/8
26 - INFO - chord#: 42 In build_straw_man_chord_sa. tolerance = 1, sa_iterations = 1000, initial_temperature = 3.0, cooling_rate = 0.999
26 - INFO - chord#: 46 done. best_score=64.0, changed=614, unchanged=437, early_stops=8/8
26 - INFO - chord#: 48 In build_straw_man_chord_sa. tolerance = 1, sa_iterations = 1000, initial_temperature = 3.0, cooling_rate = 0.999
26 - INFO - chord#: 52 done. best_score=27.0, changed=523, unchanged=367, early_stops=8/8
26 - INFO - chord#: 54 In build_straw_man_chord_sa. tolerance = 1, sa_iterations = 1000, initial_temperature = 3.0, cooling_rate = 0.999
26 - INFO - chord#: 48 done. best_score=71.0, changed=618, unchanged=346, early_stops=8/8
26 - INFO - chord#: 50 In build_straw_man_chord_sa. tolerance = 1, sa_iterations = 1000, initial_temperature = 3.0, cooling_rate = 0.999
26 - INFO - chord#: 51 done. best_score=36.0, changed=520, unchanged=336, early_stops=8/8
26 - INFO - chord#: 52 In build_straw_man_chord_sa. tolerance = 1, sa_iterations = 1000, initial_temperature = 3.0, cooling_rate = 0.999
26 - INFO - chord#: 48 done. best_score=64.0, changed=604, unchanged=209, early_stops=8/8
26 - INFO - chord#: 50 In build_straw_man_chord_sa. tolerance = 1, sa_iterations = 1000, initial_temperature = 3.0, cooling_rate = 0.999
26 - INFO - chord#: 44 done. best_score=27.0, changed=517, unchanged=346, early_stops=8/8
26 - INFO - chord#: 46 In build_straw_man_chord_sa. tolerance = 1, sa_iterations = 1000, initial_temperature = 3.0, cooling_rate = 0.999
26 - INFO - chord#: 46 done. best_score=64.0, changed=611, unchanged=434, early_stops=8/8
26 - INFO - chord#: 48 In build_straw_man_chord_sa. tolerance = 1, sa_iterations = 1000, initial_temperature = 3.0, cooling_rate = 0.999
26 - INFO - chord#: 52 done. best_score=27.0, changed=517, unchanged=317, early_stops=8/8
26 - INFO - chord#: 54 In build_straw_man_chord_sa. tolerance = 1, sa_iterations = 1000, initial_temperature = 3.0, cooling_rate = 0.999
26 - INFO - chord#: 44 done. best_score=27.0, changed=521, unchanged=362, early_stops=8/8
26 - INFO - chord#: 46 In build_straw_man_chord_sa. tolerance = 1, sa_iterations = 1000, initial_temperature = 3.0, cooling_rate = 0.999
26 - INFO - chord#: 51 done. best_score=36.0, changed=518, unchanged=349, early_stops=8/8
26 - INFO - chord#: 52 In build_straw_man_chord_sa. tolerance = 1, sa_iterations = 1000, initial_temperature = 3.0, cooling_rate = 0.999
26 - INFO - chord#: 42 done. best_score=27.0, changed=522, unchanged=321, early_stops=8/8
26 - INFO - chord#: 44 In build_straw_man_chord_sa. tolerance = 1, sa_iterations = 1000, initial_temperature = 3.0, cooling_rate = 0.999
26 - INFO - chord#: 54 done. best_score=27.0, changed=522, unchanged=401, early_stops=8/8
26 - INFO - chord#: 55 In build_straw_man_chord_sa. tolerance = 1, sa_iterations = 1000, initial_temperature = 3.0, cooling_rate = 0.999
26 - INFO - chord#: 50 done. best_score=27.0, changed=523, unchanged=425, early_stops=8/8
26 - INFO - chord#: 51 In build_straw_man_chord_sa. tolerance = 1, sa_iterations = 1000, initial_temperature = 3.0, cooling_rate = 0.999
26 - INFO - chord#: 52 done. best_score=27.0, changed=523, unchanged=455, early_stops=8/8
26 - INFO - chord#: 54 In build_straw_man_chord_sa. tolerance = 1, sa_iterations = 1000, initial_temperature = 3.0, cooling_rate = 0.999
26 - INFO - chord#: 44 done. best_score=27.0, changed=529, unchanged=618, early_stops=8/8
26 - INFO - chord#: 46 In build_straw_man_chord_sa. tolerance = 1, sa_iterations = 1000, initial_temperature = 3.0, cooling_rate = 0.999
26 - INFO - chord#: 50 done. best_score=27.0, changed=514, unchanged=447, early_stops=8/8
26 - INFO - chord#: 51 In build_straw_man_chord_sa. tolerance = 1, sa_iterations = 1000, initial_temperature = 3.0, cooling_rate = 0.999
26 - INFO - chord#: 54 done. best_score=27.0, changed=529, unchanged=394, early_stops=8/8
26 - INFO - chord#: 55 In build_straw_man_chord_sa. tolerance = 1, sa_iterations = 1000, initial_temperature = 3.0, cooling_rate = 0.999
26 - INFO - chord#: 52 done. best_score=27.0, changed=537, unchanged=585, early_stops=8/8
26 - INFO - chord#: 54 In build_straw_man_chord_sa. tolerance = 1, sa_iterations = 1000, initial_temperature = 3.0, cooling_rate = 0.999
26 - INFO - chord#: 51 done. best_score=36.0, changed=522, unchanged=441, early_stops=8/8
26 - INFO - chord#: 52 In build_straw_man_chord_sa. tolerance = 1, sa_iterations = 1000, initial_temperature = 3.0, cooling_rate = 0.999
26 - INFO - chord#: 54 done. best_score=27.0, changed=518, unchanged=421, early_stops=8/8
26 - INFO - chord#: 55 In build_straw_man_chord_sa. tolerance = 1, sa_iterations = 1000, initial_temperature = 3.0, cooling_rate = 0.999
26 - INFO - chord#: 48 done. best_score=64.0, changed=612, unchanged=284, early_stops=8/8
26 - INFO - chord#: 50 In build_straw_man_chord_sa. tolerance = 1, sa_iterations = 1000, initial_temperature = 3.0, cooling_rate = 0.999
26 - INFO - chord#: 44 done. best_score=27.0, changed=521, unchanged=527, early_stops=8/8
26 - INFO - chord#: 46 In build_straw_man_chord_sa. tolerance = 1, sa_iterations = 1000, initial_temperature = 3.0, cooling_rate = 0.999
26 - INFO - chord#: 48 done. best_score=64.0, changed=614, unchanged=346, early_stops=8/8
26 - INFO - chord#: 50 In build_straw_man_chord_sa. tolerance = 1, sa_iterations = 1000, initial_temperature = 3.0, cooling_rate = 0.999
26 - INFO - chord#: 51 done. best_score=36.0, changed=523, unchanged=507, early_stops=8/8
26 - INFO - chord#: 52 In build_straw_man_chord_sa. tolerance = 1, sa_iterations = 1000, initial_temperature = 3.0, cooling_rate = 0.999
26 - INFO - chord#: 54 done. best_score=27.0, changed=516, unchanged=346, early_stops=8/8
26 - INFO - chord#: 55 In build_straw_man_chord_sa. tolerance = 1, sa_iterations = 1000, initial_temperature = 3.0, cooling_rate = 0.999
26 - INFO - chord#: 46 done. best_score=146.0, changed=611, unchanged=361, early_stops=8/8
26 - INFO - chord#: 48 In build_straw_man_chord_sa. tolerance = 1, sa_iterations = 1000, initial_temperature = 3.0, cooling_rate = 0.999
26 - INFO - chord#: 46 done. best_score=64.0, changed=610, unchanged=222, early_stops=8/8
26 - INFO - chord#: 48 In build_straw_man_chord_sa. tolerance = 1, sa_iterations = 1000, initial_temperature = 3.0, cooling_rate = 0.999
26 - INFO - chord#: 52 done. best_score=27.0, changed=520, unchanged=456, early_stops=8/8
26 - INFO - chord#: 54 In build_straw_man_chord_sa. tolerance = 1, sa_iterations = 1000, initial_temperature = 3.0, cooling_rate = 0.999
26 - INFO - chord#: 55 done. best_score=74.0, changed=610, unchanged=328, early_stops=8/8
26 - INFO - chord#: 56 In build_straw_man_chord_sa. tolerance = 1, sa_iterations = 1000, initial_temperature = 3.0, cooling_rate = 0.999
26 - INFO - chord#: 50 done. best_score=27.0, changed=527, unchanged=428, early_stops=8/8
26 - INFO - chord#: 51 In build_straw_man_chord_sa. tolerance = 1, sa_iterations = 1000, initial_temperature = 3.0, cooling_rate = 0.999
26 - INFO - chord#: 46 done. best_score=71.0, changed=608, unchanged=259, early_stops=8/8
26 - INFO - chord#: 48 In build_straw_man_chord_sa. tolerance = 1, sa_iterations = 1000, initial_temperature = 3.0, cooling_rate = 0.999
26 - INFO - chord#: 50 done. best_score=27.0, changed=517, unchanged=420, early_stops=8/8
26 - INFO - chord#: 51 In build_straw_man_chord_sa. tolerance = 1, sa_iterations = 1000, initial_temperature = 3.0, cooling_rate = 0.999
26 - INFO - chord#: 55 done. best_score=74.0, changed=611, unchanged=333, early_stops=8/8
26 - INFO - chord#: 56 In build_straw_man_chord_sa. tolerance = 1, sa_iterations = 1000, initial_temperature = 3.0, cooling_rate = 0.999
26 - INFO - chord#: 54 done. best_score=27.0, changed=511, unchanged=315, early_stops=8/8
26 - INFO - chord#: 55 In build_straw_man_chord_sa. tolerance = 1, sa_iterations = 1000, initial_temperature = 3.0, cooling_rate = 0.999
26 - INFO - chord#: 56 done. best_score=27.0, changed=515, unchanged=475, early_stops=8/8
26 - INFO - chord#: 60 In build_straw_man_chord_sa. tolerance = 1, sa_iterations = 1000, initial_temperature = 3.0, cooling_rate = 0.999
26 - INFO - chord#: 52 done. best_score=27.0, changed=532, unchanged=400, early_stops=8/8
26 - INFO - chord#: 54 In build_straw_man_chord_sa. tolerance = 1, sa_iterations = 1000, initial_temperature = 3.0, cooling_rate = 0.999
26 - INFO - chord#: 51 done. best_score=36.0, changed=516, unchanged=359, early_stops=8/8
26 - INFO - chord#: 52 In build_straw_man_chord_sa. tolerance = 1, sa_iterations = 1000, initial_temperature = 3.0, cooling_rate = 0.999
26 - INFO - chord#: 55 done. best_score=168.0, changed=613, unchanged=263, early_stops=8/8
26 - INFO - chord#: 56 In build_straw_man_chord_sa. tolerance = 1, sa_iterations = 1000, initial_temperature = 3.0, cooling_rate = 0.999
26 - INFO - chord#: 46 done. best_score=71.0, changed=613, unchanged=297, early_stops=8/8
26 - INFO - chord#: 48 In build_straw_man_chord_sa. tolerance = 1, sa_iterations = 1000, initial_temperature = 3.0, cooling_rate = 0.999
26 - INFO - chord#: 56 done. best_score=27.0, changed=521, unchanged=478, early_stops=8/8
26 - INFO - chord#: 60 In build_straw_man_chord_sa. tolerance = 1, sa_iterations = 1000, initial_temperature = 3.0, cooling_rate = 0.999
26 - INFO - chord#: 51 done. best_score=36.0, changed=518, unchanged=425, early_stops=8/8
26 - INFO - chord#: 52 In build_straw_man_chord_sa. tolerance = 1, sa_iterations = 1000, initial_temperature = 3.0, cooling_rate = 0.999
26 - INFO - chord#: 60 done. best_score=27.0, changed=529, unchanged=470, early_stops=8/8
26 - INFO - chord#: 64 In build_straw_man_chord_sa. tolerance = 1, sa_iterations = 1000, initial_temperature = 3.0, cooling_rate = 0.999
26 - INFO - chord#: 52 done. best_score=27.0, changed=516, unchanged=489, early_stops=8/8
26 - INFO - chord#: 54 In build_straw_man_chord_sa. tolerance = 1, sa_iterations = 1000, initial_temperature = 3.0, cooling_rate = 0.999
26 - INFO - chord#: 56 done. best_score=27.0, changed=521, unchanged=474, early_stops=8/8
26 - INFO - chord#: 60 In build_straw_man_chord_sa. tolerance = 1, sa_iterations = 1000, initial_temperature = 3.0, cooling_rate = 0.999
26 - INFO - chord#: 55 done. best_score=121.0, changed=612, unchanged=266, early_stops=8/8
26 - INFO - chord#: 56 In build_straw_man_chord_sa. tolerance = 1, sa_iterations = 1000, initial_temperature = 3.0, cooling_rate = 0.999
26 - INFO - chord#: 54 done. best_score=27.0, changed=518, unchanged=399, early_stops=8/8
26 - INFO - chord#: 55 In build_straw_man_chord_sa. tolerance = 1, sa_iterations = 1000, initial_temperature = 3.0, cooling_rate = 0.999
26 - INFO - chord#: 48 done. best_score=71.0, changed=608, unchanged=266, early_stops=8/8
26 - INFO - chord#: 50 In build_straw_man_chord_sa. tolerance = 1, sa_iterations = 1000, initial_temperature = 3.0, cooling_rate = 0.999
26 - INFO - chord#: 48 done. best_score=64.0, changed=610, unchanged=355, early_stops=8/8
26 - INFO - chord#: 50 In build_straw_man_chord_sa. tolerance = 1, sa_iterations = 1000, initial_temperature = 3.0, cooling_rate = 0.999
26 - INFO - chord#: 60 done. best_score=27.0, changed=531, unchanged=370, early_stops=8/8
26 - INFO - chord#: 64 In build_straw_man_chord_sa. tolerance = 1, sa_iterations = 1000, initial_temperature = 3.0, cooling_rate = 0.999
26 - INFO - chord#: 64 done. best_score=27.0, changed=537, unchanged=383, early_stops=8/8
26 - INFO - chord#: 66 In build_straw_man_chord_sa. tolerance = 1, sa_iterations = 1000, initial_temperature = 3.0, cooling_rate = 0.999
26 - INFO - chord#: 48 done. best_score=64.0, changed=613, unchanged=481, early_stops=8/8
26 - INFO - chord#: 50 In build_straw_man_chord_sa. tolerance = 1, sa_iterations = 1000, initial_temperature = 3.0, cooling_rate = 0.999
26 - INFO - chord#: 60 done. best_score=27.0, changed=514, unchanged=371, early_stops=8/8
26 - INFO - chord#: 64 In build_straw_man_chord_sa. tolerance = 1, sa_iterations = 1000, initial_temperature = 3.0, cooling_rate = 0.999
26 - INFO - chord#: 54 done. best_score=27.0, changed=529, unchanged=412, early_stops=8/8
26 - INFO - chord#: 55 In build_straw_man_chord_sa. tolerance = 1, sa_iterations = 1000, initial_temperature = 3.0, cooling_rate = 0.999
26 - INFO - chord#: 52 done. best_score=27.0, changed=531, unchanged=521, early_stops=8/8
26 - INFO - chord#: 54 In build_straw_man_chord_sa. tolerance = 1, sa_iterations = 1000, initial_temperature = 3.0, cooling_rate = 0.999
26 - INFO - chord#: 50 done. best_score=27.0, changed=522, unchanged=401, early_stops=8/8
26 - INFO - chord#: 51 In build_straw_man_chord_sa. tolerance = 1, sa_iterations = 1000, initial_temperature = 3.0, cooling_rate = 0.999
26 - INFO - chord#: 64 done. best_score=27.0, changed=522, unchanged=339, early_stops=8/8
26 - INFO - chord#: 66 In build_straw_man_chord_sa. tolerance = 1, sa_iterations = 1000, initial_temperature = 3.0, cooling_rate = 0.999
26 - INFO - chord#: 50 done. best_score=36.0, changed=515, unchanged=332, early_stops=8/8
26 - INFO - chord#: 51 In build_straw_man_chord_sa. tolerance = 1, sa_iterations = 1000, initial_temperature = 3.0, cooling_rate = 0.999
26 - INFO - chord#: 56 done. best_score=27.0, changed=517, unchanged=521, early_stops=8/8
26 - INFO - chord#: 60 In build_straw_man_chord_sa. tolerance = 1, sa_iterations = 1000, initial_temperature = 3.0, cooling_rate = 0.999
26 - INFO - chord#: 55 done. best_score=164.0, changed=618, unchanged=557, early_stops=8/8
26 - INFO - chord#: 56 In build_straw_man_chord_sa. tolerance = 1, sa_iterations = 1000, initial_temperature = 3.0, cooling_rate = 0.999
26 - INFO - chord#: 66 done. best_score=27.0, changed=524, unchanged=473, early_stops=8/8
26 - INFO - chord#: 68 In build_straw_man_chord_sa. tolerance = 1, sa_iterations = 1000, initial_temperature = 3.0, cooling_rate = 0.999
26 - INFO - chord#: 64 done. best_score=27.0, changed=524, unchanged=358, early_stops=8/8
26 - INFO - chord#: 66 In build_straw_man_chord_sa. tolerance = 1, sa_iterations = 1000, initial_temperature = 3.0, cooling_rate = 0.999
26 - INFO - chord#: 48 done. best_score=146.0, changed=612, unchanged=282, early_stops=8/8
26 - INFO - chord#: 50 In build_straw_man_chord_sa. tolerance = 1, sa_iterations = 1000, initial_temperature = 3.0, cooling_rate = 0.999
26 - INFO - chord#: 51 done. best_score=36.0, changed=524, unchanged=336, early_stops=8/8
26 - INFO - chord#: 52 In build_straw_man_chord_sa. tolerance = 1, sa_iterations = 1000, initial_temperature = 3.0, cooling_rate = 0.999
26 - INFO - chord#: 50 done. best_score=27.0, changed=526, unchanged=516, early_stops=8/8
26 - INFO - chord#: 54 done. best_score=27.0, changed=523, unchanged=419, early_stops=8/8
26 - INFO - chord#: 51 In build_straw_man_chord_sa. tolerance = 1, sa_iterations = 1000, initial_temperature = 3.0, cooling_rate = 0.999
26 - INFO - chord#: 55 In build_straw_man_chord_sa. tolerance = 1, sa_iterations = 1000, initial_temperature = 3.0, cooling_rate = 0.999
26 - INFO - chord#: 66 done. best_score=27.0, changed=519, unchanged=359, early_stops=8/8
26 - INFO - chord#: 68 In build_straw_man_chord_sa. tolerance = 1, sa_iterations = 1000, initial_temperature = 3.0, cooling_rate = 0.999
26 - INFO - chord#: 56 done. best_score=27.0, changed=518, unchanged=324, early_stops=8/8
26 - INFO - chord#: 60 In build_straw_man_chord_sa. tolerance = 1, sa_iterations = 1000, initial_temperature = 3.0, cooling_rate = 0.999
26 - INFO - chord#: 51 done. best_score=36.0, changed=517, unchanged=373, early_stops=8/8
26 - INFO - chord#: 52 In build_straw_man_chord_sa. tolerance = 1, sa_iterations = 1000, initial_temperature = 3.0, cooling_rate = 0.999
26 - INFO - chord#: 68 done. best_score=27.0, changed=525, unchanged=439, early_stops=8/8
26 - INFO - chord#: 70 In build_straw_man_chord_sa. tolerance = 1, sa_iterations = 1000, initial_temperature = 3.0, cooling_rate = 0.999
26 - INFO - chord#: 60 done. best_score=27.0, changed=523, unchanged=316, early_stops=8/8
26 - INFO - chord#: 64 In build_straw_man_chord_sa. tolerance = 1, sa_iterations = 1000, initial_temperature = 3.0, cooling_rate = 0.999
26 - INFO - chord#: 66 done. best_score=27.0, changed=523, unchanged=430, early_stops=8/8
26 - INFO - chord#: 68 In build_straw_man_chord_sa. tolerance = 1, sa_iterations = 1000, initial_temperature = 3.0, cooling_rate = 0.999
26 - INFO - chord#: 55 done. best_score=121.0, changed=614, unchanged=301, early_stops=8/8
26 - INFO - chord#: 56 In build_straw_man_chord_sa. tolerance = 1, sa_iterations = 1000, initial_temperature = 3.0, cooling_rate = 0.999
26 - INFO - chord#: 52 done. best_score=27.0, changed=517, unchanged=363, early_stops=8/8
26 - INFO - chord#: 54 In build_straw_man_chord_sa. tolerance = 1, sa_iterations = 1000, initial_temperature = 3.0, cooling_rate = 0.999
26 - INFO - chord#: 55 done. best_score=74.0, changed=606, unchanged=322, early_stops=8/8
26 - INFO - chord#: 56 In build_straw_man_chord_sa. tolerance = 1, sa_iterations = 1000, initial_temperature = 3.0, cooling_rate = 0.999
26 - INFO - chord#: 68 done. best_score=27.0, changed=526, unchanged=504, early_stops=8/8
26 - INFO - chord#: 70 In build_straw_man_chord_sa. tolerance = 1, sa_iterations = 1000, initial_temperature = 3.0, cooling_rate = 0.999
26 - INFO - chord#: 51 done. best_score=36.0, changed=514, unchanged=406, early_stops=8/8
26 - INFO - chord#: 52 In build_straw_man_chord_sa. tolerance = 1, sa_iterations = 1000, initial_temperature = 3.0, cooling_rate = 0.999
26 - INFO - chord#: 60 done. best_score=27.0, changed=518, unchanged=344, early_stops=8/8
26 - INFO - chord#: 64 In build_straw_man_chord_sa. tolerance = 1, sa_iterations = 1000, initial_temperature = 3.0, cooling_rate = 0.999
26 - INFO - chord#: 50 done. best_score=27.0, changed=520, unchanged=450, early_stops=8/8
26 - INFO - chord#: 51 In build_straw_man_chord_sa. tolerance = 1, sa_iterations = 1000, initial_temperature = 3.0, cooling_rate = 0.999
26 - INFO - chord#: 70 done. best_score=27.0, changed=520, unchanged=345, early_stops=8/8
26 - INFO - chord#: 72 In build_straw_man_chord_sa. tolerance = 1, sa_iterations = 1000, initial_temperature = 3.0, cooling_rate = 0.999
26 - INFO - chord#: 64 done. best_score=27.0, changed=530, unchanged=318, early_stops=8/8
26 - INFO - chord#: 66 In build_straw_man_chord_sa. tolerance = 1, sa_iterations = 1000, initial_temperature = 3.0, cooling_rate = 0.999
26 - INFO - chord#: 52 done. best_score=27.0, changed=522, unchanged=414, early_stops=8/8
26 - INFO - chord#: 54 In build_straw_man_chord_sa. tolerance = 1, sa_iterations = 1000, initial_temperature = 3.0, cooling_rate = 0.999
26 - INFO - chord#: 68 done. best_score=27.0, changed=519, unchanged=492, early_stops=8/8
26 - INFO - chord#: 70 In build_straw_man_chord_sa. tolerance = 1, sa_iterations = 1000, initial_temperature = 3.0, cooling_rate = 0.999
26 - INFO - chord#: 54 done. best_score=27.0, changed=521, unchanged=485, early_stops=8/8
26 - INFO - chord#: 55 In build_straw_man_chord_sa. tolerance = 1, sa_iterations = 1000, initial_temperature = 3.0, cooling_rate = 0.999
26 - INFO - chord#: 56 done. best_score=27.0, changed=519, unchanged=379, early_stops=8/8
26 - INFO - chord#: 70 done. best_score=27.0, changed=523, unchanged=442, early_stops=8/8
26 - INFO - chord#: 72 In build_straw_man_chord_sa. tolerance = 1, sa_iterations = 1000, initial_temperature = 3.0, cooling_rate = 0.999
26 - INFO - chord#: 60 In build_straw_man_chord_sa. tolerance = 1, sa_iterations = 1000, initial_temperature = 3.0, cooling_rate = 0.999
26 - INFO - chord#: 64 done. best_score=27.0, changed=533, unchanged=408, early_stops=8/8
26 - INFO - chord#: 66 In build_straw_man_chord_sa. tolerance = 1, sa_iterations = 1000, initial_temperature = 3.0, cooling_rate = 0.999
26 - INFO - chord#: 52 done. best_score=27.0, changed=513, unchanged=301, early_stops=8/8
26 - INFO - chord#: 54 In build_straw_man_chord_sa. tolerance = 1, sa_iterations = 1000, initial_temperature = 3.0, cooling_rate = 0.999
26 - INFO - chord#: 56 done. best_score=27.0, changed=525, unchanged=541, early_stops=8/8
26 - INFO - chord#: 60 In build_straw_man_chord_sa. tolerance = 1, sa_iterations = 1000, initial_temperature = 3.0, cooling_rate = 0.999
26 - INFO - chord#: 51 done. best_score=36.0, changed=517, unchanged=350, early_stops=8/8
26 - INFO - chord#: 52 In build_straw_man_chord_sa. tolerance = 1, sa_iterations = 1000, initial_temperature = 3.0, cooling_rate = 0.999
26 - INFO - chord#: 70 done. best_score=27.0, changed=525, unchanged=425, early_stops=8/8
26 - INFO - chord#: 72 In build_straw_man_chord_sa. tolerance = 1, sa_iterations = 1000, initial_temperature = 3.0, cooling_rate = 0.999
26 - INFO - chord#: 66 done. best_score=27.0, changed=527, unchanged=441, early_stops=8/8
26 - INFO - chord#: 68 In build_straw_man_chord_sa. tolerance = 1, sa_iterations = 1000, initial_temperature = 3.0, cooling_rate = 0.999
26 - INFO - chord#: 54 done. best_score=27.0, changed=516, unchanged=337, early_stops=8/8
26 - INFO - chord#: 55 In build_straw_man_chord_sa. tolerance = 1, sa_iterations = 1000, initial_temperature = 3.0, cooling_rate = 0.999
26 - INFO - chord#: 60 done. best_score=27.0, changed=527, unchanged=381, early_stops=8/8
26 - INFO - chord#: 64 In build_straw_man_chord_sa. tolerance = 1, sa_iterations = 1000, initial_temperature = 3.0, cooling_rate = 0.999
26 - INFO - chord#: 55 done. best_score=74.0, changed=614, unchanged=364, early_stops=8/8
26 - INFO - chord#: 66 done. best_score=27.0, changed=529, unchanged=370, early_stops=8/8
26 - INFO - chord#: 56 In build_straw_man_chord_sa. tolerance = 1, sa_iterations = 1000, initial_temperature = 3.0, cooling_rate = 0.999
26 - INFO - chord#: 68 In build_straw_man_chord_sa. tolerance = 1, sa_iterations = 1000, initial_temperature = 3.0, cooling_rate = 0.999
26 - INFO - chord#: 60 done. best_score=27.0, changed=526, unchanged=413, early_stops=8/8
26 - INFO - chord#: 64 In build_straw_man_chord_sa. tolerance = 1, sa_iterations = 1000, initial_temperature = 3.0, cooling_rate = 0.999
26 - INFO - chord#: 54 done. best_score=27.0, changed=531, unchanged=424, early_stops=8/8
26 - INFO - chord#: 55 In build_straw_man_chord_sa. tolerance = 1, sa_iterations = 1000, initial_temperature = 3.0, cooling_rate = 0.999
26 - INFO - chord#: 72 done. best_score=169.0, changed=608, unchanged=311, early_stops=8/8
26 - INFO - chord#: 74 In build_straw_man_chord_sa. tolerance = 1, sa_iterations = 1000, initial_temperature = 3.0, cooling_rate = 0.999
26 - INFO - chord#: 52 done. best_score=27.0, changed=526, unchanged=462, early_stops=8/8
26 - INFO - chord#: 54 In build_straw_man_chord_sa. tolerance = 1, sa_iterations = 1000, initial_temperature = 3.0, cooling_rate = 0.999
26 - INFO - chord#: 68 done. best_score=27.0, changed=522, unchanged=409, early_stops=8/8
26 - INFO - chord#: 70 In build_straw_man_chord_sa. tolerance = 1, sa_iterations = 1000, initial_temperature = 3.0, cooling_rate = 0.999
26 - INFO - chord#: 64 done. best_score=27.0, changed=528, unchanged=338, early_stops=8/8
26 - INFO - chord#: 66 In build_straw_man_chord_sa. tolerance = 1, sa_iterations = 1000, initial_temperature = 3.0, cooling_rate = 0.999
26 - INFO - chord#: 64 done. best_score=27.0, changed=516, unchanged=331, early_stops=8/8
26 - INFO - chord#: 66 In build_straw_man_chord_sa. tolerance = 1, sa_iterations = 1000, initial_temperature = 3.0, cooling_rate = 0.999
26 - INFO - chord#: 68 done. best_score=27.0, changed=526, unchanged=510, early_stops=8/8
26 - INFO - chord#: 70 In build_straw_man_chord_sa. tolerance = 1, sa_iterations = 1000, initial_temperature = 3.0, cooling_rate = 0.999
26 - INFO - chord#: 55 done. best_score=74.0, changed=612, unchanged=373, early_stops=8/8
26 - INFO - chord#: 56 In build_straw_man_chord_sa. tolerance = 1, sa_iterations = 1000, initial_temperature = 3.0, cooling_rate = 0.999
26 - INFO - chord#: 74 done. best_score=36.0, changed=514, unchanged=312, early_stops=8/8
26 - INFO - chord#: 76 In build_straw_man_chord_sa. tolerance = 1, sa_iterations = 1000, initial_temperature = 3.0, cooling_rate = 0.999
26 - INFO - chord#: 72 done. best_score=105.0, changed=609, unchanged=361, early_stops=8/8
26 - INFO - chord#: 74 In build_straw_man_chord_sa. tolerance = 1, sa_iterations = 1000, initial_temperature = 3.0, cooling_rate = 0.999
26 - INFO - chord#: 56 done. best_score=27.0, changed=529, unchanged=509, early_stops=8/8
26 - INFO - chord#: 60 In build_straw_man_chord_sa. tolerance = 1, sa_iterations = 1000, initial_temperature = 3.0, cooling_rate = 0.999
26 - INFO - chord#: 54 done. best_score=27.0, changed=525, unchanged=447, early_stops=8/8
26 - INFO - chord#: 55 In build_straw_man_chord_sa. tolerance = 1, sa_iterations = 1000, initial_temperature = 3.0, cooling_rate = 0.999
26 - INFO - chord#: 72 done. best_score=105.0, changed=608, unchanged=339, early_stops=8/8
26 - INFO - chord#: 74 In build_straw_man_chord_sa. tolerance = 1, sa_iterations = 1000, initial_temperature = 3.0, cooling_rate = 0.999
26 - INFO - chord#: 70 done. best_score=27.0, changed=521, unchanged=373, early_stops=8/8
26 - INFO - chord#: 72 In build_straw_man_chord_sa. tolerance = 1, sa_iterations = 1000, initial_temperature = 3.0, cooling_rate = 0.999
26 - INFO - chord#: 66 done. best_score=27.0, changed=519, unchanged=326, early_stops=8/8
26 - INFO - chord#: 68 In build_straw_man_chord_sa. tolerance = 1, sa_iterations = 1000, initial_temperature = 3.0, cooling_rate = 0.999
26 - INFO - chord#: 70 done. best_score=27.0, changed=528, unchanged=437, early_stops=8/8
26 - INFO - chord#: 72 In build_straw_man_chord_sa. tolerance = 1, sa_iterations = 1000, initial_temperature = 3.0, cooling_rate = 0.999
26 - INFO - chord#: 76 done. best_score=27.0, changed=518, unchanged=389, early_stops=8/8
26 - INFO - chord#: 78 In build_straw_man_chord_sa. tolerance = 1, sa_iterations = 1000, initial_temperature = 3.0, cooling_rate = 0.999
26 - INFO - chord#: 66 done. best_score=27.0, changed=517, unchanged=322, early_stops=8/8
26 - INFO - chord#: 68 In build_straw_man_chord_sa. tolerance = 1, sa_iterations = 1000, initial_temperature = 3.0, cooling_rate = 0.999
26 - INFO - chord#: 56 done. best_score=27.0, changed=527, unchanged=419, early_stops=8/8
26 - INFO - chord#: 60 In build_straw_man_chord_sa. tolerance = 1, sa_iterations = 1000, initial_temperature = 3.0, cooling_rate = 0.999
26 - INFO - chord#: 74 done. best_score=36.0, changed=532, unchanged=398, early_stops=8/8
26 - INFO - chord#: 76 In build_straw_man_chord_sa. tolerance = 1, sa_iterations = 1000, initial_temperature = 3.0, cooling_rate = 0.999
26 - INFO - chord#: 60 done. best_score=27.0, changed=523, unchanged=345, early_stops=8/8
26 - INFO - chord#: 64 In build_straw_man_chord_sa. tolerance = 1, sa_iterations = 1000, initial_temperature = 3.0, cooling_rate = 0.999
26 - INFO - chord#: 68 done. best_score=27.0, changed=514, unchanged=366, early_stops=8/8
26 - INFO - chord#: 70 In build_straw_man_chord_sa. tolerance = 1, sa_iterations = 1000, initial_temperature = 3.0, cooling_rate = 0.999
26 - INFO - chord#: 74 done. best_score=36.0, changed=535, unchanged=394, early_stops=8/8
26 - INFO - chord#: 76 In build_straw_man_chord_sa. tolerance = 1, sa_iterations = 1000, initial_temperature = 3.0, cooling_rate = 0.999
26 - INFO - chord#: 78 done. best_score=27.0, changed=516, unchanged=333, early_stops=8/8
26 - INFO - chord#: 80 In build_straw_man_chord_sa. tolerance = 1, sa_iterations = 1000, initial_temperature = 3.0, cooling_rate = 0.999
26 - INFO - chord#: 60 done. best_score=27.0, changed=525, unchanged=429, early_stops=8/8
26 - INFO - chord#: 64 In build_straw_man_chord_sa. tolerance = 1, sa_iterations = 1000, initial_temperature = 3.0, cooling_rate = 0.999
26 - INFO - chord#: 55 done. best_score=74.0, changed=621, unchanged=551, early_stops=8/8
26 - INFO - chord#: 56 In build_straw_man_chord_sa. tolerance = 1, sa_iterations = 1000, initial_temperature = 3.0, cooling_rate = 0.999
26 - INFO - chord#: 55 done. best_score=74.0, changed=615, unchanged=348, early_stops=8/8
26 - INFO - chord#: 56 In build_straw_man_chord_sa. tolerance = 1, sa_iterations = 1000, initial_temperature = 3.0, cooling_rate = 0.999
26 - INFO - chord#: 76 done. best_score=27.0, changed=522, unchanged=458, early_stops=8/8
26 - INFO - chord#: 78 In build_straw_man_chord_sa. tolerance = 1, sa_iterations = 1000, initial_temperature = 3.0, cooling_rate = 0.999
26 - INFO - chord#: 68 done. best_score=27.0, changed=527, unchanged=464, early_stops=8/8
26 - INFO - chord#: 70 In build_straw_man_chord_sa. tolerance = 1, sa_iterations = 1000, initial_temperature = 3.0, cooling_rate = 0.999
26 - INFO - chord#: 70 done. best_score=27.0, changed=518, unchanged=327, early_stops=8/8
26 - INFO - chord#: 72 In build_straw_man_chord_sa. tolerance = 1, sa_iterations = 1000, initial_temperature = 3.0, cooling_rate = 0.999
26 - INFO - chord#: 64 done. best_score=27.0, changed=527, unchanged=396, early_stops=8/8
26 - INFO - chord#: 66 In build_straw_man_chord_sa. tolerance = 1, sa_iterations = 1000, initial_temperature = 3.0, cooling_rate = 0.999
26 - INFO - chord#: 76 done. best_score=27.0, changed=524, unchanged=452, early_stops=8/8
26 - INFO - chord#: 78 In build_straw_man_chord_sa. tolerance = 1, sa_iterations = 1000, initial_temperature = 3.0, cooling_rate = 0.999
26 - INFO - chord#: 64 done. best_score=27.0, changed=532, unchanged=412, early_stops=8/8
26 - INFO - chord#: 66 In build_straw_man_chord_sa. tolerance = 1, sa_iterations = 1000, initial_temperature = 3.0, cooling_rate = 0.999
26 - INFO - chord#: 72 done. best_score=105.0, changed=614, unchanged=352, early_stops=8/8
26 - INFO - chord#: 74 In build_straw_man_chord_sa. tolerance = 1, sa_iterations = 1000, initial_temperature = 3.0, cooling_rate = 0.999
26 - INFO - chord#: 78 done. best_score=27.0, changed=517, unchanged=374, early_stops=8/8
26 - INFO - chord#: 80 In build_straw_man_chord_sa. tolerance = 1, sa_iterations = 1000, initial_temperature = 3.0, cooling_rate = 0.999
26 - INFO - chord#: 56 done. best_score=27.0, changed=523, unchanged=364, early_stops=8/8
26 - INFO - chord#: 60 In build_straw_man_chord_sa. tolerance = 1, sa_iterations = 1000, initial_temperature = 3.0, cooling_rate = 0.999
26 - INFO - chord#: 70 done. best_score=27.0, changed=523, unchanged=347, early_stops=8/8
26 - INFO - chord#: 72 In build_straw_man_chord_sa. tolerance = 1, sa_iterations = 1000, initial_temperature = 3.0, cooling_rate = 0.999
26 - INFO - chord#: 55 done. best_score=96.0, changed=611, unchanged=333, early_stops=8/8
26 - INFO - chord#: 56 In build_straw_man_chord_sa. tolerance = 1, sa_iterations = 1000, initial_temperature = 3.0, cooling_rate = 0.999
26 - INFO - chord#: 56 done. best_score=27.0, changed=530, unchanged=462, early_stops=8/8
26 - INFO - chord#: 60 In build_straw_man_chord_sa. tolerance = 1, sa_iterations = 1000, initial_temperature = 3.0, cooling_rate = 0.999
26 - INFO - chord#: 72 done. best_score=150.0, changed=616, unchanged=287, early_stops=8/8
26 - INFO - chord#: 74 In build_straw_man_chord_sa. tolerance = 1, sa_iterations = 1000, initial_temperature = 3.0, cooling_rate = 0.999
26 - INFO - chord#: 66 done. best_score=27.0, changed=519, unchanged=321, early_stops=8/8
26 - INFO - chord#: 68 In build_straw_man_chord_sa. tolerance = 1, sa_iterations = 1000, initial_temperature = 3.0, cooling_rate = 0.999
26 - INFO - chord#: 78 done. best_score=27.0, changed=523, unchanged=409, early_stops=8/8
26 - INFO - chord#: 80 In build_straw_man_chord_sa. tolerance = 1, sa_iterations = 1000, initial_temperature = 3.0, cooling_rate = 0.999
26 - INFO - chord#: 80 done. best_score=67.0, changed=609, unchanged=217, early_stops=8/8
26 - INFO - chord#: 82 In build_straw_man_chord_sa. tolerance = 1, sa_iterations = 1000, initial_temperature = 3.0, cooling_rate = 0.999
26 - INFO - chord#: 74 done. best_score=36.0, changed=531, unchanged=395, early_stops=8/8
26 - INFO - chord#: 76 In build_straw_man_chord_sa. tolerance = 1, sa_iterations = 1000, initial_temperature = 3.0, cooling_rate = 0.999
26 - INFO - chord#: 66 done. best_score=27.0, changed=530, unchanged=438, early_stops=8/8
26 - INFO - chord#: 68 In build_straw_man_chord_sa. tolerance = 1, sa_iterations = 1000, initial_temperature = 3.0, cooling_rate = 0.999
26 - INFO - chord#: 72 done. best_score=141.0, changed=606, unchanged=236, early_stops=8/8
26 - INFO - chord#: 74 In build_straw_man_chord_sa. tolerance = 1, sa_iterations = 1000, initial_temperature = 3.0, cooling_rate = 0.999
26 - INFO - chord#: 60 done. best_score=27.0, changed=520, unchanged=437, early_stops=8/8
26 - INFO - chord#: 64 In build_straw_man_chord_sa. tolerance = 1, sa_iterations = 1000, initial_temperature = 3.0, cooling_rate = 0.999
26 - INFO - chord#: 82 done. best_score=27.0, changed=516, unchanged=315, early_stops=8/8
26 - INFO - chord#: 84 In build_straw_man_chord_sa. tolerance = 1, sa_iterations = 1000, initial_temperature = 3.0, cooling_rate = 0.999
26 - INFO - chord#: 56 done. best_score=27.0, changed=514, unchanged=394, early_stops=8/8
26 - INFO - chord#: 60 In build_straw_man_chord_sa. tolerance = 1, sa_iterations = 1000, initial_temperature = 3.0, cooling_rate = 0.999
26 - INFO - chord#: 74 done. best_score=36.0, changed=529, unchanged=337, early_stops=8/8
26 - INFO - chord#: 76 In build_straw_man_chord_sa. tolerance = 1, sa_iterations = 1000, initial_temperature = 3.0, cooling_rate = 0.999
26 - INFO - chord#: 76 done. best_score=27.0, changed=515, unchanged=382, early_stops=8/8
26 - INFO - chord#: 78 In build_straw_man_chord_sa. tolerance = 1, sa_iterations = 1000, initial_temperature = 3.0, cooling_rate = 0.999
26 - INFO - chord#: 60 done. best_score=27.0, changed=527, unchanged=437, early_stops=8/8
26 - INFO - chord#: 64 In build_straw_man_chord_sa. tolerance = 1, sa_iterations = 1000, initial_temperature = 3.0, cooling_rate = 0.999
26 - INFO - chord#: 68 done. best_score=27.0, changed=526, unchanged=493, early_stops=8/8
26 - INFO - chord#: 70 In build_straw_man_chord_sa. tolerance = 1, sa_iterations = 1000, initial_temperature = 3.0, cooling_rate = 0.999
26 - INFO - chord#: 68 done. best_score=27.0, changed=523, unchanged=551, early_stops=8/8
26 - INFO - chord#: 70 In build_straw_man_chord_sa. tolerance = 1, sa_iterations = 1000, initial_temperature = 3.0, cooling_rate = 0.999
26 - INFO - chord#: 74 done. best_score=36.0, changed=521, unchanged=336, early_stops=8/8
26 - INFO - chord#: 76 In build_straw_man_chord_sa. tolerance = 1, sa_iterations = 1000, initial_temperature = 3.0, cooling_rate = 0.999
26 - INFO - chord#: 80 done. best_score=142.0, changed=609, unchanged=301, early_stops=8/8
26 - INFO - chord#: 82 In build_straw_man_chord_sa. tolerance = 1, sa_iterations = 1000, initial_temperature = 3.0, cooling_rate = 0.999
26 - INFO - chord#: 64 done. best_score=27.0, changed=523, unchanged=384, early_stops=8/8
26 - INFO - chord#: 66 In build_straw_man_chord_sa. tolerance = 1, sa_iterations = 1000, initial_temperature = 3.0, cooling_rate = 0.999
26 - INFO - chord#: 78 done. best_score=27.0, changed=517, unchanged=340, early_stops=8/8
26 - INFO - chord#: 80 In build_straw_man_chord_sa. tolerance = 1, sa_iterations = 1000, initial_temperature = 3.0, cooling_rate = 0.999
26 - INFO - chord#: 80 done. best_score=67.0, changed=608, unchanged=248, early_stops=8/8
26 - INFO - chord#: 82 In build_straw_man_chord_sa. tolerance = 1, sa_iterations = 1000, initial_temperature = 3.0, cooling_rate = 0.999
26 - INFO - chord#: 84 done. best_score=47.0, changed=528, unchanged=424, early_stops=8/8
26 - INFO - chord#: 85 In build_straw_man_chord_sa. tolerance = 1, sa_iterations = 1000, initial_temperature = 3.0, cooling_rate = 0.999
26 - INFO - chord#: 60 done. best_score=27.0, changed=519, unchanged=358, early_stops=8/8
26 - INFO - chord#: 64 In build_straw_man_chord_sa. tolerance = 1, sa_iterations = 1000, initial_temperature = 3.0, cooling_rate = 0.999
26 - INFO - chord#: 64 done. best_score=27.0, changed=523, unchanged=330, early_stops=8/8
26 - INFO - chord#: 66 In build_straw_man_chord_sa. tolerance = 1, sa_iterations = 1000, initial_temperature = 3.0, cooling_rate = 0.999
26 - INFO - chord#: 70 done. best_score=27.0, changed=526, unchanged=412, early_stops=8/8
26 - INFO - chord#: 72 In build_straw_man_chord_sa. tolerance = 1, sa_iterations = 1000, initial_temperature = 3.0, cooling_rate = 0.999
26 - INFO - chord#: 70 done. best_score=27.0, changed=521, unchanged=372, early_stops=8/8
26 - INFO - chord#: 72 In build_straw_man_chord_sa. tolerance = 1, sa_iterations = 1000, initial_temperature = 3.0, cooling_rate = 0.999
26 - INFO - chord#: 76 done. best_score=27.0, changed=519, unchanged=493, early_stops=8/8
26 - INFO - chord#: 78 In build_straw_man_chord_sa. tolerance = 1, sa_iterations = 1000, initial_temperature = 3.0, cooling_rate = 0.999
26 - INFO - chord#: 72 done. best_score=167.0, changed=612, unchanged=288, early_stops=8/8
26 - INFO - chord#: 74 In build_straw_man_chord_sa. tolerance = 1, sa_iterations = 1000, initial_temperature = 3.0, cooling_rate = 0.999
26 - INFO - chord#: 76 done. best_score=27.0, changed=514, unchanged=384, early_stops=8/8
26 - INFO - chord#: 78 In build_straw_man_chord_sa. tolerance = 1, sa_iterations = 1000, initial_temperature = 3.0, cooling_rate = 0.999
26 - INFO - chord#: 82 done. best_score=27.0, changed=519, unchanged=325, early_stops=8/8
26 - INFO - chord#: 84 In build_straw_man_chord_sa. tolerance = 1, sa_iterations = 1000, initial_temperature = 3.0, cooling_rate = 0.999
26 - INFO - chord#: 85 done. best_score=27.0, changed=525, unchanged=361, early_stops=8/8
26 - INFO - chord#: 86 In build_straw_man_chord_sa. tolerance = 1, sa_iterations = 1000, initial_temperature = 3.0, cooling_rate = 0.999
26 - INFO - chord#: 82 done. best_score=27.0, changed=521, unchanged=405, early_stops=8/8
26 - INFO - chord#: 84 In build_straw_man_chord_sa. tolerance = 1, sa_iterations = 1000, initial_temperature = 3.0, cooling_rate = 0.999
26 - INFO - chord#: 66 done. best_score=27.0, changed=527, unchanged=402, early_stops=8/8
26 - INFO - chord#: 68 In build_straw_man_chord_sa. tolerance = 1, sa_iterations = 1000, initial_temperature = 3.0, cooling_rate = 0.999
26 - INFO - chord#: 64 done. best_score=27.0, changed=529, unchanged=358, early_stops=8/8
26 - INFO - chord#: 66 In build_straw_man_chord_sa. tolerance = 1, sa_iterations = 1000, initial_temperature = 3.0, cooling_rate = 0.999
26 - INFO - chord#: 66 done. best_score=27.0, changed=524, unchanged=511, early_stops=8/8
26 - INFO - chord#: 68 In build_straw_man_chord_sa. tolerance = 1, sa_iterations = 1000, initial_temperature = 3.0, cooling_rate = 0.999
26 - INFO - chord#: 78 done. best_score=27.0, changed=518, unchanged=331, early_stops=8/8
26 - INFO - chord#: 80 In build_straw_man_chord_sa. tolerance = 1, sa_iterations = 1000, initial_temperature = 3.0, cooling_rate = 0.999
26 - INFO - chord#: 74 done. best_score=36.0, changed=530, unchanged=364, early_stops=8/8
26 - INFO - chord#: 76 In build_straw_man_chord_sa. tolerance = 1, sa_iterations = 1000, initial_temperature = 3.0, cooling_rate = 0.999
26 - INFO - chord#: 84 done. best_score=47.0, changed=531, unchanged=451, early_stops=8/8
26 - INFO - chord#: 85 In build_straw_man_chord_sa. tolerance = 1, sa_iterations = 1000, initial_temperature = 3.0, cooling_rate = 0.999
26 - INFO - chord#: 78 done. best_score=27.0, changed=522, unchanged=513, early_stops=8/8
26 - INFO - chord#: 80 In build_straw_man_chord_sa. tolerance = 1, sa_iterations = 1000, initial_temperature = 3.0, cooling_rate = 0.999
26 - INFO - chord#: 86 done. best_score=27.0, changed=518, unchanged=445, early_stops=8/8
26 - INFO - chord#: 87 In build_straw_man_chord_sa. tolerance = 1, sa_iterations = 1000, initial_temperature = 3.0, cooling_rate = 0.999
26 - INFO - chord#: 84 done. best_score=47.0, changed=522, unchanged=374, early_stops=8/8
26 - INFO - chord#: 85 In build_straw_man_chord_sa. tolerance = 1, sa_iterations = 1000, initial_temperature = 3.0, cooling_rate = 0.999
26 - INFO - chord#: 80 done. best_score=78.0, changed=615, unchanged=372, early_stops=8/8
26 - INFO - chord#: 82 In build_straw_man_chord_sa. tolerance = 1, sa_iterations = 1000, initial_temperature = 3.0, cooling_rate = 0.999
26 - INFO - chord#: 66 done. best_score=27.0, changed=515, unchanged=359, early_stops=8/8
26 - INFO - chord#: 68 In build_straw_man_chord_sa. tolerance = 1, sa_iterations = 1000, initial_temperature = 3.0, cooling_rate = 0.999
26 - INFO - chord#: 68 done. best_score=27.0, changed=532, unchanged=512, early_stops=8/8
26 - INFO - chord#: 70 In build_straw_man_chord_sa. tolerance = 1, sa_iterations = 1000, initial_temperature = 3.0, cooling_rate = 0.999
26 - INFO - chord#: 68 done. best_score=27.0, changed=520, unchanged=388, early_stops=8/8
26 - INFO - chord#: 70 In build_straw_man_chord_sa. tolerance = 1, sa_iterations = 1000, initial_temperature = 3.0, cooling_rate = 0.999
26 - INFO - chord#: 72 done. best_score=111.0, changed=610, unchanged=318, early_stops=8/8
26 - INFO - chord#: 74 In build_straw_man_chord_sa. tolerance = 1, sa_iterations = 1000, initial_temperature = 3.0, cooling_rate = 0.999
26 - INFO - chord#: 85 done. best_score=27.0, changed=524, unchanged=368, early_stops=8/8
26 - INFO - chord#: 86 In build_straw_man_chord_sa. tolerance = 1, sa_iterations = 1000, initial_temperature = 3.0, cooling_rate = 0.999
26 - INFO - chord#: 85 done. best_score=27.0, changed=525, unchanged=485, early_stops=8/8
26 - INFO - chord#: 86 In build_straw_man_chord_sa. tolerance = 1, sa_iterations = 1000, initial_temperature = 3.0, cooling_rate = 0.999
26 - INFO - chord#: 76 done. best_score=27.0, changed=526, unchanged=421, early_stops=8/8
26 - INFO - chord#: 78 In build_straw_man_chord_sa. tolerance = 1, sa_iterations = 1000, initial_temperature = 3.0, cooling_rate = 0.999
26 - INFO - chord#: 72 done. best_score=150.0, changed=612, unchanged=265, early_stops=8/8
26 - INFO - chord#: 74 In build_straw_man_chord_sa. tolerance = 1, sa_iterations = 1000, initial_temperature = 3.0, cooling_rate = 0.999
26 - INFO - chord#: 82 done. best_score=36.0, changed=521, unchanged=368, early_stops=8/8
26 - INFO - chord#: 84 In build_straw_man_chord_sa. tolerance = 1, sa_iterations = 1000, initial_temperature = 3.0, cooling_rate = 0.999
26 - INFO - chord#: 74 done. best_score=36.0, changed=524, unchanged=317, early_stops=8/8
26 - INFO - chord#: 76 In build_straw_man_chord_sa. tolerance = 1, sa_iterations = 1000, initial_temperature = 3.0, cooling_rate = 0.999
26 - INFO - chord#: 70 done. best_score=27.0, changed=523, unchanged=356, early_stops=8/8
26 - INFO - chord#: 72 In build_straw_man_chord_sa. tolerance = 1, sa_iterations = 1000, initial_temperature = 3.0, cooling_rate = 0.999
26 - INFO - chord#: 86 done. best_score=27.0, changed=515, unchanged=304, early_stops=8/8
26 - INFO - chord#: 87 In build_straw_man_chord_sa. tolerance = 1, sa_iterations = 1000, initial_temperature = 3.0, cooling_rate = 0.999
26 - INFO - chord#: 68 done. best_score=27.0, changed=526, unchanged=399, early_stops=8/8
26 - INFO - chord#: 70 In build_straw_man_chord_sa. tolerance = 1, sa_iterations = 1000, initial_temperature = 3.0, cooling_rate = 0.999
26 - INFO - chord#: 70 done. best_score=27.0, changed=526, unchanged=430, early_stops=8/8
26 - INFO - chord#: 72 In build_straw_man_chord_sa. tolerance = 1, sa_iterations = 1000, initial_temperature = 3.0, cooling_rate = 0.999
26 - INFO - chord#: 80 done. best_score=158.0, changed=607, unchanged=312, early_stops=8/8
26 - INFO - chord#: 82 In build_straw_man_chord_sa. tolerance = 1, sa_iterations = 1000, initial_temperature = 3.0, cooling_rate = 0.999
26 - INFO - chord#: 86 done. best_score=27.0, changed=522, unchanged=434, early_stops=8/8
26 - INFO - chord#: 87 In build_straw_man_chord_sa. tolerance = 1, sa_iterations = 1000, initial_temperature = 3.0, cooling_rate = 0.999
26 - INFO - chord#: 84 done. best_score=47.0, changed=525, unchanged=345, early_stops=8/8
26 - INFO - chord#: 85 In build_straw_man_chord_sa. tolerance = 1, sa_iterations = 1000, initial_temperature = 3.0, cooling_rate = 0.999
26 - INFO - chord#: 80 done. best_score=78.0, changed=610, unchanged=219, early_stops=8/8
26 - INFO - chord#: 82 In build_straw_man_chord_sa. tolerance = 1, sa_iterations = 1000, initial_temperature = 3.0, cooling_rate = 0.999
26 - INFO - chord#: 74 done. best_score=36.0, changed=528, unchanged=372, early_stops=8/8
26 - INFO - chord#: 76 In build_straw_man_chord_sa. tolerance = 1, sa_iterations = 1000, initial_temperature = 3.0, cooling_rate = 0.999
26 - INFO - chord#: 78 done. best_score=27.0, changed=518, unchanged=365, early_stops=8/8
26 - INFO - chord#: 80 In build_straw_man_chord_sa. tolerance = 1, sa_iterations = 1000, initial_temperature = 3.0, cooling_rate = 0.999
26 - INFO - chord#: 87 done. best_score=82.0, changed=613, unchanged=415, early_stops=8/8
26 - INFO - chord#: 88 In build_straw_man_chord_sa. tolerance = 1, sa_iterations = 1000, initial_temperature = 3.0, cooling_rate = 0.999
26 - INFO - chord#: 76 done. best_score=27.0, changed=532, unchanged=492, early_stops=8/8
26 - INFO - chord#: 78 In build_straw_man_chord_sa. tolerance = 1, sa_iterations = 1000, initial_temperature = 3.0, cooling_rate = 0.999
26 - INFO - chord#: 70 done. best_score=27.0, changed=520, unchanged=363, early_stops=8/8
26 - INFO - chord#: 72 In build_straw_man_chord_sa. tolerance = 1, sa_iterations = 1000, initial_temperature = 3.0, cooling_rate = 0.999
26 - INFO - chord#: 82 done. best_score=27.0, changed=521, unchanged=389, early_stops=8/8
26 - INFO - chord#: 84 In build_straw_man_chord_sa. tolerance = 1, sa_iterations = 1000, initial_temperature = 3.0, cooling_rate = 0.999
26 - INFO - chord#: 85 done. best_score=27.0, changed=521, unchanged=404, early_stops=8/8
26 - INFO - chord#: 86 In build_straw_man_chord_sa. tolerance = 1, sa_iterations = 1000, initial_temperature = 3.0, cooling_rate = 0.999
26 - INFO - chord#: 78 done. best_score=27.0, changed=518, unchanged=356, early_stops=8/8
26 - INFO - chord#: 80 In build_straw_man_chord_sa. tolerance = 1, sa_iterations = 1000, initial_temperature = 3.0, cooling_rate = 0.999
26 - INFO - chord#: 82 done. best_score=36.0, changed=537, unchanged=521, early_stops=8/8
26 - INFO - chord#: 84 In build_straw_man_chord_sa. tolerance = 1, sa_iterations = 1000, initial_temperature = 3.0, cooling_rate = 0.999
26 - INFO - chord#: 87 done. best_score=82.0, changed=613, unchanged=287, early_stops=8/8
26 - INFO - chord#: 88 In build_straw_man_chord_sa. tolerance = 1, sa_iterations = 1000, initial_temperature = 3.0, cooling_rate = 0.999
26 - INFO - chord#: 76 done. best_score=27.0, changed=524, unchanged=532, early_stops=8/8
26 - INFO - chord#: 78 In build_straw_man_chord_sa. tolerance = 1, sa_iterations = 1000, initial_temperature = 3.0, cooling_rate = 0.999
26 - INFO - chord#: 84 done. best_score=47.0, changed=519, unchanged=400, early_stops=8/8
26 - INFO - chord#: 85 In build_straw_man_chord_sa. tolerance = 1, sa_iterations = 1000, initial_temperature = 3.0, cooling_rate = 0.999
26 - INFO - chord#: 86 done. best_score=27.0, changed=523, unchanged=378, early_stops=8/8
26 - INFO - chord#: 87 In build_straw_man_chord_sa. tolerance = 1, sa_iterations = 1000, initial_temperature = 3.0, cooling_rate = 0.999
26 - INFO - chord#: 72 done. best_score=147.0, changed=615, unchanged=245, early_stops=8/8
26 - INFO - chord#: 74 In build_straw_man_chord_sa. tolerance = 1, sa_iterations = 1000, initial_temperature = 3.0, cooling_rate = 0.999
26 - INFO - chord#: 87 done. best_score=82.0, changed=613, unchanged=338, early_stops=8/8
26 - INFO - chord#: 88 In build_straw_man_chord_sa. tolerance = 1, sa_iterations = 1000, initial_temperature = 3.0, cooling_rate = 0.999
26 - INFO - chord#: 84 done. best_score=47.0, changed=523, unchanged=468, early_stops=8/8
26 - INFO - chord#: 85 In build_straw_man_chord_sa. tolerance = 1, sa_iterations = 1000, initial_temperature = 3.0, cooling_rate = 0.999
26 - INFO - chord#: 72 done. best_score=111.0, changed=618, unchanged=345, early_stops=8/8
26 - INFO - chord#: 74 In build_straw_man_chord_sa. tolerance = 1, sa_iterations = 1000, initial_temperature = 3.0, cooling_rate = 0.999
26 - INFO - chord#: 85 done. best_score=27.0, changed=521, unchanged=440, early_stops=8/8
26 - INFO - chord#: 86 In build_straw_man_chord_sa. tolerance = 1, sa_iterations = 1000, initial_temperature = 3.0, cooling_rate = 0.999
26 - INFO - chord#: 88 done. best_score=67.0, changed=610, unchanged=434, early_stops=8/8
26 - INFO - chord#: 90 In build_straw_man_chord_sa. tolerance = 1, sa_iterations = 1000, initial_temperature = 3.0, cooling_rate = 0.999
26 - INFO - chord#: 78 done. best_score=27.0, changed=527, unchanged=367, early_stops=8/8
26 - INFO - chord#: 80 In build_straw_man_chord_sa. tolerance = 1, sa_iterations = 1000, initial_temperature = 3.0, cooling_rate = 0.999
26 - INFO - chord#: 72 done. best_score=141.0, changed=606, unchanged=216, early_stops=8/8
26 - INFO - chord#: 74 In build_straw_man_chord_sa. tolerance = 1, sa_iterations = 1000, initial_temperature = 3.0, cooling_rate = 0.999
26 - INFO - chord#: 80 done. best_score=142.0, changed=611, unchanged=359, early_stops=8/8
26 - INFO - chord#: 82 In build_straw_man_chord_sa. tolerance = 1, sa_iterations = 1000, initial_temperature = 3.0, cooling_rate = 0.999
26 - INFO - chord#: 74 done. best_score=36.0, changed=526, unchanged=360, early_stops=8/8
26 - INFO - chord#: 76 In build_straw_man_chord_sa. tolerance = 1, sa_iterations = 1000, initial_temperature = 3.0, cooling_rate = 0.999
26 - INFO - chord#: 80 done. best_score=67.0, changed=614, unchanged=368, early_stops=8/8
26 - INFO - chord#: 82 In build_straw_man_chord_sa. tolerance = 1, sa_iterations = 1000, initial_temperature = 3.0, cooling_rate = 0.999
26 - INFO - chord#: 88 done. best_score=78.0, changed=612, unchanged=262, early_stops=8/8
26 - INFO - chord#: 90 In build_straw_man_chord_sa. tolerance = 1, sa_iterations = 1000, initial_temperature = 3.0, cooling_rate = 0.999
26 - INFO - chord#: 86 done. best_score=27.0, changed=515, unchanged=363, early_stops=8/8
26 - INFO - chord#: 87 In build_straw_man_chord_sa. tolerance = 1, sa_iterations = 1000, initial_temperature = 3.0, cooling_rate = 0.999
26 - INFO - chord#: 74 done. best_score=36.0, changed=524, unchanged=407, early_stops=8/8
26 - INFO - chord#: 76 In build_straw_man_chord_sa. tolerance = 1, sa_iterations = 1000, initial_temperature = 3.0, cooling_rate = 0.999
26 - INFO - chord#: 90 done. best_score=27.0, changed=516, unchanged=438, early_stops=8/8
26 - INFO - chord#: 91 In build_straw_man_chord_sa. tolerance = 1, sa_iterations = 1000, initial_temperature = 3.0, cooling_rate = 0.999
26 - INFO - chord#: 87 done. best_score=120.0, changed=610, unchanged=283, early_stops=8/8
26 - INFO - chord#: 88 In build_straw_man_chord_sa. tolerance = 1, sa_iterations = 1000, initial_temperature = 3.0, cooling_rate = 0.999
26 - INFO - chord#: 85 done. best_score=27.0, changed=522, unchanged=421, early_stops=8/8
26 - INFO - chord#: 86 In build_straw_man_chord_sa. tolerance = 1, sa_iterations = 1000, initial_temperature = 3.0, cooling_rate = 0.999
26 - INFO - chord#: 74 done. best_score=36.0, changed=531, unchanged=364, early_stops=8/8
26 - INFO - chord#: 76 In build_straw_man_chord_sa. tolerance = 1, sa_iterations = 1000, initial_temperature = 3.0, cooling_rate = 0.999
26 - INFO - chord#: 88 done. best_score=158.0, changed=607, unchanged=237, early_stops=8/8
26 - INFO - chord#: 90 In build_straw_man_chord_sa. tolerance = 1, sa_iterations = 1000, initial_temperature = 3.0, cooling_rate = 0.999
26 - INFO - chord#: 82 done. best_score=27.0, changed=525, unchanged=395, early_stops=8/8
26 - INFO - chord#: 84 In build_straw_man_chord_sa. tolerance = 1, sa_iterations = 1000, initial_temperature = 3.0, cooling_rate = 0.999
26 - INFO - chord#: 76 done. best_score=27.0, changed=523, unchanged=347, early_stops=8/8
26 - INFO - chord#: 78 In build_straw_man_chord_sa. tolerance = 1, sa_iterations = 1000, initial_temperature = 3.0, cooling_rate = 0.999
26 - INFO - chord#: 82 done. best_score=27.0, changed=532, unchanged=366, early_stops=8/8
26 - INFO - chord#: 84 In build_straw_man_chord_sa. tolerance = 1, sa_iterations = 1000, initial_temperature = 3.0, cooling_rate = 0.999
26 - INFO - chord#: 90 done. best_score=27.0, changed=515, unchanged=476, early_stops=8/8
26 - INFO - chord#: 91 In build_straw_man_chord_sa. tolerance = 1, sa_iterations = 1000, initial_temperature = 3.0, cooling_rate = 0.999
26 - INFO - chord#: 90 done. best_score=27.0, changed=522, unchanged=354, early_stops=8/8
26 - INFO - chord#: 91 In build_straw_man_chord_sa. tolerance = 1, sa_iterations = 1000, initial_temperature = 3.0, cooling_rate = 0.999
26 - INFO - chord#: 76 done. best_score=27.0, changed=518, unchanged=371, early_stops=8/8
26 - INFO - chord#: 78 In build_straw_man_chord_sa. tolerance = 1, sa_iterations = 1000, initial_temperature = 3.0, cooling_rate = 0.999
26 - INFO - chord#: 86 done. best_score=27.0, changed=525, unchanged=371, early_stops=8/8
26 - INFO - chord#: 87 In build_straw_man_chord_sa. tolerance = 1, sa_iterations = 1000, initial_temperature = 3.0, cooling_rate = 0.999
26 - INFO - chord#: 84 done. best_score=47.0, changed=514, unchanged=343, early_stops=8/8
26 - INFO - chord#: 85 In build_straw_man_chord_sa. tolerance = 1, sa_iterations = 1000, initial_temperature = 3.0, cooling_rate = 0.999
26 - INFO - chord#: 84 done. best_score=47.0, changed=522, unchanged=321, early_stops=8/8
26 - INFO - chord#: 85 In build_straw_man_chord_sa. tolerance = 1, sa_iterations = 1000, initial_temperature = 3.0, cooling_rate = 0.999
26 - INFO - chord#: 76 done. best_score=27.0, changed=519, unchanged=416, early_stops=8/8
26 - INFO - chord#: 78 In build_straw_man_chord_sa. tolerance = 1, sa_iterations = 1000, initial_temperature = 3.0, cooling_rate = 0.999
26 - INFO - chord#: 80 done. best_score=78.0, changed=614, unchanged=266, early_stops=8/8
26 - INFO - chord#: 82 In build_straw_man_chord_sa. tolerance = 1, sa_iterations = 1000, initial_temperature = 3.0, cooling_rate = 0.999
26 - INFO - chord#: 87 done. best_score=108.0, changed=610, unchanged=231, early_stops=8/8
26 - INFO - chord#: 88 In build_straw_man_chord_sa. tolerance = 1, sa_iterations = 1000, initial_temperature = 3.0, cooling_rate = 0.999
26 - INFO - chord#: 78 done. best_score=27.0, changed=525, unchanged=430, early_stops=8/8
26 - INFO - chord#: 80 In build_straw_man_chord_sa. tolerance = 1, sa_iterations = 1000, initial_temperature = 3.0, cooling_rate = 0.999
26 - INFO - chord#: 88 done. best_score=166.0, changed=610, unchanged=277, early_stops=8/8
26 - INFO - chord#: 90 In build_straw_man_chord_sa. tolerance = 1, sa_iterations = 1000, initial_temperature = 3.0, cooling_rate = 0.999
26 - INFO - chord#: 85 done. best_score=27.0, changed=519, unchanged=346, early_stops=8/8
26 - INFO - chord#: 86 In build_straw_man_chord_sa. tolerance = 1, sa_iterations = 1000, initial_temperature = 3.0, cooling_rate = 0.999
26 - INFO - chord#: 78 done. best_score=27.0, changed=526, unchanged=420, early_stops=8/8
26 - INFO - chord#: 80 In build_straw_man_chord_sa. tolerance = 1, sa_iterations = 1000, initial_temperature = 3.0, cooling_rate = 0.999
26 - INFO - chord#: 78 done. best_score=27.0, changed=524, unchanged=384, early_stops=8/8
26 - INFO - chord#: 80 In build_straw_man_chord_sa. tolerance = 1, sa_iterations = 1000, initial_temperature = 3.0, cooling_rate = 0.999
26 - INFO - chord#: 85 done. best_score=27.0, changed=516, unchanged=468, early_stops=8/8
26 - INFO - chord#: 86 In build_straw_man_chord_sa. tolerance = 1, sa_iterations = 1000, initial_temperature = 3.0, cooling_rate = 0.999
26 - INFO - chord#: 91 done. best_score=157.0, changed=609, unchanged=271, early_stops=8/8
26 - INFO - chord#: 92 In build_straw_man_chord_sa. tolerance = 1, sa_iterations = 1000, initial_temperature = 3.0, cooling_rate = 0.999
26 - INFO - chord#: 82 done. best_score=36.0, changed=529, unchanged=469, early_stops=8/8
26 - INFO - chord#: 84 In build_straw_man_chord_sa. tolerance = 1, sa_iterations = 1000, initial_temperature = 3.0, cooling_rate = 0.999
26 - INFO - chord#: 91 done. best_score=137.0, changed=612, unchanged=458, early_stops=8/8
26 - INFO - chord#: 92 In build_straw_man_chord_sa. tolerance = 1, sa_iterations = 1000, initial_temperature = 3.0, cooling_rate = 0.999
26 - INFO - chord#: 91 done. best_score=67.0, changed=608, unchanged=228, early_stops=8/8
26 - INFO - chord#: 92 In build_straw_man_chord_sa. tolerance = 1, sa_iterations = 1000, initial_temperature = 3.0, cooling_rate = 0.999
26 - INFO - chord#: 90 done. best_score=27.0, changed=528, unchanged=626, early_stops=8/8
26 - INFO - chord#: 91 In build_straw_man_chord_sa. tolerance = 1, sa_iterations = 1000, initial_temperature = 3.0, cooling_rate = 0.999
26 - INFO - chord#: 86 done. best_score=27.0, changed=522, unchanged=531, early_stops=8/8
26 - INFO - chord#: 87 In build_straw_man_chord_sa. tolerance = 1, sa_iterations = 1000, initial_temperature = 3.0, cooling_rate = 0.999
26 - INFO - chord#: 88 done. best_score=140.0, changed=608, unchanged=245, early_stops=8/8
26 - INFO - chord#: 90 In build_straw_man_chord_sa. tolerance = 1, sa_iterations = 1000, initial_temperature = 3.0, cooling_rate = 0.999
26 - INFO - chord#: 92 done. best_score=27.0, changed=535, unchanged=383, early_stops=8/8
26 - INFO - chord#: 96 In build_straw_man_chord_sa. tolerance = 1, sa_iterations = 1000, initial_temperature = 3.0, cooling_rate = 0.999
26 - INFO - chord#: 87 done. best_score=82.0, changed=614, unchanged=274, early_stops=8/8
26 - INFO - chord#: 88 In build_straw_man_chord_sa. tolerance = 1, sa_iterations = 1000, initial_temperature = 3.0, cooling_rate = 0.999
26 - INFO - chord#: 92 done. best_score=27.0, changed=520, unchanged=335, early_stops=8/8
26 - INFO - chord#: 96 In build_straw_man_chord_sa. tolerance = 1, sa_iterations = 1000, initial_temperature = 3.0, cooling_rate = 0.999
26 - INFO - chord#: 84 done. best_score=47.0, changed=513, unchanged=337, early_stops=8/8
26 - INFO - chord#: 85 In build_straw_man_chord_sa. tolerance = 1, sa_iterations = 1000, initial_temperature = 3.0, cooling_rate = 0.999
26 - INFO - chord#: 92 done. best_score=27.0, changed=531, unchanged=482, early_stops=8/8
26 - INFO - chord#: 96 In build_straw_man_chord_sa. tolerance = 1, sa_iterations = 1000, initial_temperature = 3.0, cooling_rate = 0.999
26 - INFO - chord#: 86 done. best_score=27.0, changed=522, unchanged=397, early_stops=8/8
26 - INFO - chord#: 87 In build_straw_man_chord_sa. tolerance = 1, sa_iterations = 1000, initial_temperature = 3.0, cooling_rate = 0.999
26 - INFO - chord#: 90 done. best_score=27.0, changed=520, unchanged=373, early_stops=8/8
26 - INFO - chord#: 91 In build_straw_man_chord_sa. tolerance = 1, sa_iterations = 1000, initial_temperature = 3.0, cooling_rate = 0.999
26 - INFO - chord#: 96 done. best_score=27.0, changed=522, unchanged=390, early_stops=8/8
26 - INFO - chord#: 100 In build_straw_man_chord_sa. tolerance = 1, sa_iterations = 1000, initial_temperature = 3.0, cooling_rate = 0.999
26 - INFO - chord#: 80 done. best_score=67.0, changed=618, unchanged=339, early_stops=8/8
26 - INFO - chord#: 82 In build_straw_man_chord_sa. tolerance = 1, sa_iterations = 1000, initial_temperature = 3.0, cooling_rate = 0.999
26 - INFO - chord#: 80 done. best_score=140.0, changed=608, unchanged=380, early_stops=8/8
26 - INFO - chord#: 82 In build_straw_man_chord_sa. tolerance = 1, sa_iterations = 1000, initial_temperature = 3.0, cooling_rate = 0.999
26 - INFO - chord#: 80 done. best_score=67.0, changed=610, unchanged=279, early_stops=8/8
26 - INFO - chord#: 82 In build_straw_man_chord_sa. tolerance = 1, sa_iterations = 1000, initial_temperature = 3.0, cooling_rate = 0.999
26 - INFO - chord#: 96 done. best_score=27.0, changed=528, unchanged=536, early_stops=8/8
26 - INFO - chord#: 100 In build_straw_man_chord_sa. tolerance = 1, sa_iterations = 1000, initial_temperature = 3.0, cooling_rate = 0.999
26 - INFO - chord#: 85 done. best_score=27.0, changed=516, unchanged=439, early_stops=8/8
26 - INFO - chord#: 86 In build_straw_man_chord_sa. tolerance = 1, sa_iterations = 1000, initial_temperature = 3.0, cooling_rate = 0.999
26 - INFO - chord#: 96 done. best_score=27.0, changed=515, unchanged=404, early_stops=8/8
26 - INFO - chord#: 100 In build_straw_man_chord_sa. tolerance = 1, sa_iterations = 1000, initial_temperature = 3.0, cooling_rate = 0.999
26 - INFO - chord#: 91 done. best_score=67.0, changed=615, unchanged=270, early_stops=8/8
26 - INFO - chord#: 92 In build_straw_man_chord_sa. tolerance = 1, sa_iterations = 1000, initial_temperature = 3.0, cooling_rate = 0.999
26 - INFO - chord#: 87 done. best_score=82.0, changed=613, unchanged=348, early_stops=8/8
26 - INFO - chord#: 88 In build_straw_man_chord_sa. tolerance = 1, sa_iterations = 1000, initial_temperature = 3.0, cooling_rate = 0.999
26 - INFO - chord#: 100 done. best_score=27.0, changed=527, unchanged=474, early_stops=8/8
26 - INFO - chord#: 102 In build_straw_man_chord_sa. tolerance = 1, sa_iterations = 1000, initial_temperature = 3.0, cooling_rate = 0.999
26 - INFO - chord#: 82 done. best_score=27.0, changed=529, unchanged=444, early_stops=8/8
26 - INFO - chord#: 84 In build_straw_man_chord_sa. tolerance = 1, sa_iterations = 1000, initial_temperature = 3.0, cooling_rate = 0.999
26 - INFO - chord#: 82 done. best_score=27.0, changed=520, unchanged=332, early_stops=8/8
26 - INFO - chord#: 84 In build_straw_man_chord_sa. tolerance = 1, sa_iterations = 1000, initial_temperature = 3.0, cooling_rate = 0.999
26 - INFO - chord#: 100 done. best_score=27.0, changed=531, unchanged=430, early_stops=8/8
26 - INFO - chord#: 102 In build_straw_man_chord_sa. tolerance = 1, sa_iterations = 1000, initial_temperature = 3.0, cooling_rate = 0.999
26 - INFO - chord#: 82 done. best_score=27.0, changed=533, unchanged=429, early_stops=8/8
26 - INFO - chord#: 84 In build_straw_man_chord_sa. tolerance = 1, sa_iterations = 1000, initial_temperature = 3.0, cooling_rate = 0.999
26 - INFO - chord#: 88 done. best_score=67.0, changed=609, unchanged=214, early_stops=8/8
26 - INFO - chord#: 90 In build_straw_man_chord_sa. tolerance = 1, sa_iterations = 1000, initial_temperature = 3.0, cooling_rate = 0.999
26 - INFO - chord#: 92 done. best_score=27.0, changed=523, unchanged=439, early_stops=8/8
26 - INFO - chord#: 96 In build_straw_man_chord_sa. tolerance = 1, sa_iterations = 1000, initial_temperature = 3.0, cooling_rate = 0.999
26 - INFO - chord#: 100 done. best_score=27.0, changed=523, unchanged=385, early_stops=8/8
26 - INFO - chord#: 102 In build_straw_man_chord_sa. tolerance = 1, sa_iterations = 1000, initial_temperature = 3.0, cooling_rate = 0.999
26 - INFO - chord#: 86 done. best_score=27.0, changed=518, unchanged=509, early_stops=8/8
26 - INFO - chord#: 87 In build_straw_man_chord_sa. tolerance = 1, sa_iterations = 1000, initial_temperature = 3.0, cooling_rate = 0.999
26 - INFO - chord#: 87 done. best_score=82.0, changed=611, unchanged=293, early_stops=8/8
26 - INFO - chord#: 88 In build_straw_man_chord_sa. tolerance = 1, sa_iterations = 1000, initial_temperature = 3.0, cooling_rate = 0.999
26 - INFO - chord#: 91 done. best_score=137.0, changed=614, unchanged=324, early_stops=8/8
26 - INFO - chord#: 92 In build_straw_man_chord_sa. tolerance = 1, sa_iterations = 1000, initial_temperature = 3.0, cooling_rate = 0.999
26 - INFO - chord#: 84 done. best_score=47.0, changed=518, unchanged=488, early_stops=8/8
26 - INFO - chord#: 85 In build_straw_man_chord_sa. tolerance = 1, sa_iterations = 1000, initial_temperature = 3.0, cooling_rate = 0.999
26 - INFO - chord#: 84 done. best_score=47.0, changed=524, unchanged=397, early_stops=8/8
26 - INFO - chord#: 85 In build_straw_man_chord_sa. tolerance = 1, sa_iterations = 1000, initial_temperature = 3.0, cooling_rate = 0.999
26 - INFO - chord#: 84 done. best_score=47.0, changed=519, unchanged=400, early_stops=8/8
26 - INFO - chord#: 85 In build_straw_man_chord_sa. tolerance = 1, sa_iterations = 1000, initial_temperature = 3.0, cooling_rate = 0.999
26 - INFO - chord#: 96 done. best_score=27.0, changed=519, unchanged=479, early_stops=8/8
26 - INFO - chord#: 100 In build_straw_man_chord_sa. tolerance = 1, sa_iterations = 1000, initial_temperature = 3.0, cooling_rate = 0.999
26 - INFO - chord#: 90 done. best_score=27.0, changed=523, unchanged=459, early_stops=8/8
26 - INFO - chord#: 91 In build_straw_man_chord_sa. tolerance = 1, sa_iterations = 1000, initial_temperature = 3.0, cooling_rate = 0.999
26 - INFO - chord#: 92 done. best_score=27.0, changed=520, unchanged=440, early_stops=8/8
26 - INFO - chord#: 96 In build_straw_man_chord_sa. tolerance = 1, sa_iterations = 1000, initial_temperature = 3.0, cooling_rate = 0.999
26 - INFO - chord#: 102 done. best_score=74.0, changed=609, unchanged=235, early_stops=8/8
26 - INFO - chord#: 104 In build_straw_man_chord_sa. tolerance = 1, sa_iterations = 1000, initial_temperature = 3.0, cooling_rate = 0.999
26 - INFO - chord#: 85 done. best_score=27.0, changed=524, unchanged=457, early_stops=8/8
26 - INFO - chord#: 86 In build_straw_man_chord_sa. tolerance = 1, sa_iterations = 1000, initial_temperature = 3.0, cooling_rate = 0.999
26 - INFO - chord#: 102 done. best_score=74.0, changed=612, unchanged=427, early_stops=8/8
26 - INFO - chord#: 104 In build_straw_man_chord_sa. tolerance = 1, sa_iterations = 1000, initial_temperature = 3.0, cooling_rate = 0.999
26 - INFO - chord#: 88 done. best_score=78.0, changed=612, unchanged=416, early_stops=8/8
26 - INFO - chord#: 90 In build_straw_man_chord_sa. tolerance = 1, sa_iterations = 1000, initial_temperature = 3.0, cooling_rate = 0.999
26 - INFO - chord#: 100 done. best_score=27.0, changed=528, unchanged=349, early_stops=8/8
26 - INFO - chord#: 102 In build_straw_man_chord_sa. tolerance = 1, sa_iterations = 1000, initial_temperature = 3.0, cooling_rate = 0.999
26 - INFO - chord#: 85 done. best_score=27.0, changed=523, unchanged=394, early_stops=8/8
26 - INFO - chord#: 86 In build_straw_man_chord_sa. tolerance = 1, sa_iterations = 1000, initial_temperature = 3.0, cooling_rate = 0.999
26 - INFO - chord#: 85 done. best_score=27.0, changed=529, unchanged=482, early_stops=8/8
26 - INFO - chord#: 86 In build_straw_man_chord_sa. tolerance = 1, sa_iterations = 1000, initial_temperature = 3.0, cooling_rate = 0.999
26 - INFO - chord#: 96 done. best_score=27.0, changed=517, unchanged=407, early_stops=8/8
26 - INFO - chord#: 100 In build_straw_man_chord_sa. tolerance = 1, sa_iterations = 1000, initial_temperature = 3.0, cooling_rate = 0.999
26 - INFO - chord#: 104 done. best_score=27.0, changed=515, unchanged=359, early_stops=8/8
26 - INFO - chord#: 106 In build_straw_man_chord_sa. tolerance = 1, sa_iterations = 1000, initial_temperature = 3.0, cooling_rate = 0.999
26 - INFO - chord#: 104 done. best_score=27.0, changed=534, unchanged=349, early_stops=8/8
26 - INFO - chord#: 106 In build_straw_man_chord_sa. tolerance = 1, sa_iterations = 1000, initial_temperature = 3.0, cooling_rate = 0.999
26 - INFO - chord#: 86 done. best_score=27.0, changed=525, unchanged=382, early_stops=8/8
26 - INFO - chord#: 87 In build_straw_man_chord_sa. tolerance = 1, sa_iterations = 1000, initial_temperature = 3.0, cooling_rate = 0.999
26 - INFO - chord#: 90 done. best_score=27.0, changed=520, unchanged=435, early_stops=8/8
26 - INFO - chord#: 91 In build_straw_man_chord_sa. tolerance = 1, sa_iterations = 1000, initial_temperature = 3.0, cooling_rate = 0.999
26 - INFO - chord#: 102 done. best_score=74.0, changed=613, unchanged=396, early_stops=8/8
26 - INFO - chord#: 104 In build_straw_man_chord_sa. tolerance = 1, sa_iterations = 1000, initial_temperature = 3.0, cooling_rate = 0.999
26 - INFO - chord#: 88 done. best_score=67.0, changed=611, unchanged=295, early_stops=8/8
26 - INFO - chord#: 90 In build_straw_man_chord_sa. tolerance = 1, sa_iterations = 1000, initial_temperature = 3.0, cooling_rate = 0.999
26 - INFO - chord#: 87 done. best_score=82.0, changed=612, unchanged=313, early_stops=8/8
26 - INFO - chord#: 88 In build_straw_man_chord_sa. tolerance = 1, sa_iterations = 1000, initial_temperature = 3.0, cooling_rate = 0.999
26 - INFO - chord#: 100 done. best_score=27.0, changed=528, unchanged=363, early_stops=8/8
26 - INFO - chord#: 102 In build_straw_man_chord_sa. tolerance = 1, sa_iterations = 1000, initial_temperature = 3.0, cooling_rate = 0.999
26 - INFO - chord#: 86 done. best_score=27.0, changed=518, unchanged=433, early_stops=8/8
26 - INFO - chord#: 87 In build_straw_man_chord_sa. tolerance = 1, sa_iterations = 1000, initial_temperature = 3.0, cooling_rate = 0.999
26 - INFO - chord#: 86 done. best_score=27.0, changed=519, unchanged=423, early_stops=8/8
26 - INFO - chord#: 87 In build_straw_man_chord_sa. tolerance = 1, sa_iterations = 1000, initial_temperature = 3.0, cooling_rate = 0.999
26 - INFO - chord#: 104 done. best_score=27.0, changed=523, unchanged=375, early_stops=8/8
26 - INFO - chord#: 106 In build_straw_man_chord_sa. tolerance = 1, sa_iterations = 1000, initial_temperature = 3.0, cooling_rate = 0.999
26 - INFO - chord#: 102 done. best_score=96.0, changed=606, unchanged=260, early_stops=8/8
26 - INFO - chord#: 104 In build_straw_man_chord_sa. tolerance = 1, sa_iterations = 1000, initial_temperature = 3.0, cooling_rate = 0.999
26 - INFO - chord#: 91 done. best_score=67.0, changed=612, unchanged=301, early_stops=8/8
26 - INFO - chord#: 92 In build_straw_man_chord_sa. tolerance = 1, sa_iterations = 1000, initial_temperature = 3.0, cooling_rate = 0.999
26 - INFO - chord#: 106 done. best_score=64.0, changed=610, unchanged=328, early_stops=8/8
26 - INFO - chord#: 108 In build_straw_man_chord_sa. tolerance = 1, sa_iterations = 1000, initial_temperature = 3.0, cooling_rate = 0.999
26 - INFO - chord#: 90 done. best_score=27.0, changed=515, unchanged=521, early_stops=8/8
26 - INFO - chord#: 91 In build_straw_man_chord_sa. tolerance = 1, sa_iterations = 1000, initial_temperature = 3.0, cooling_rate = 0.999
26 - INFO - chord#: 87 done. best_score=120.0, changed=611, unchanged=288, early_stops=8/8
26 - INFO - chord#: 88 In build_straw_man_chord_sa. tolerance = 1, sa_iterations = 1000, initial_temperature = 3.0, cooling_rate = 0.999
26 - INFO - chord#: 106 done. best_score=64.0, changed=616, unchanged=373, early_stops=8/8
26 - INFO - chord#: 108 In build_straw_man_chord_sa. tolerance = 1, sa_iterations = 1000, initial_temperature = 3.0, cooling_rate = 0.999
26 - INFO - chord#: 104 done. best_score=27.0, changed=527, unchanged=361, early_stops=8/8
26 - INFO - chord#: 106 In build_straw_man_chord_sa. tolerance = 1, sa_iterations = 1000, initial_temperature = 3.0, cooling_rate = 0.999
26 - INFO - chord#: 91 done. best_score=96.0, changed=610, unchanged=254, early_stops=8/8
26 - INFO - chord#: 92 In build_straw_man_chord_sa. tolerance = 1, sa_iterations = 1000, initial_temperature = 3.0, cooling_rate = 0.999
26 - INFO - chord#: 92 done. best_score=27.0, changed=522, unchanged=415, early_stops=8/8
26 - INFO - chord#: 96 In build_straw_man_chord_sa. tolerance = 1, sa_iterations = 1000, initial_temperature = 3.0, cooling_rate = 0.999
26 - INFO - chord#: 92 done. best_score=27.0, changed=525, unchanged=436, early_stops=8/8
26 - INFO - chord#: 96 In build_straw_man_chord_sa. tolerance = 1, sa_iterations = 1000, initial_temperature = 3.0, cooling_rate = 0.999
26 - INFO - chord#: 108 done. best_score=27.0, changed=524, unchanged=601, early_stops=8/8
26 - INFO - chord#: 110 In build_straw_man_chord_sa. tolerance = 1, sa_iterations = 1000, initial_temperature = 3.0, cooling_rate = 0.999
26 - INFO - chord#: 108 done. best_score=27.0, changed=517, unchanged=437, early_stops=8/8
26 - INFO - chord#: 110 In build_straw_man_chord_sa. tolerance = 1, sa_iterations = 1000, initial_temperature = 3.0, cooling_rate = 0.999
26 - INFO - chord#: 88 done. best_score=140.0, changed=611, unchanged=284, early_stops=8/8
26 - INFO - chord#: 90 In build_straw_man_chord_sa. tolerance = 1, sa_iterations = 1000, initial_temperature = 3.0, cooling_rate = 0.999
26 - INFO - chord#: 102 done. best_score=74.0, changed=616, unchanged=447, early_stops=8/8
26 - INFO - chord#: 104 In build_straw_man_chord_sa. tolerance = 1, sa_iterations = 1000, initial_temperature = 3.0, cooling_rate = 0.999
26 - INFO - chord#: 87 done. best_score=82.0, changed=620, unchanged=331, early_stops=8/8
26 - INFO - chord#: 88 In build_straw_man_chord_sa. tolerance = 1, sa_iterations = 1000, initial_temperature = 3.0, cooling_rate = 0.999
26 - INFO - chord#: 106 done. best_score=64.0, changed=616, unchanged=478, early_stops=8/8
26 - INFO - chord#: 108 In build_straw_man_chord_sa. tolerance = 1, sa_iterations = 1000, initial_temperature = 3.0, cooling_rate = 0.999
26 - INFO - chord#: 96 done. best_score=27.0, changed=524, unchanged=441, early_stops=8/8
26 - INFO - chord#: 100 In build_straw_man_chord_sa. tolerance = 1, sa_iterations = 1000, initial_temperature = 3.0, cooling_rate = 0.999
26 - INFO - chord#: 96 done. best_score=27.0, changed=524, unchanged=427, early_stops=8/8
26 - INFO - chord#: 100 In build_straw_man_chord_sa. tolerance = 1, sa_iterations = 1000, initial_temperature = 3.0, cooling_rate = 0.999
26 - INFO - chord#: 87 done. best_score=82.0, changed=617, unchanged=383, early_stops=8/8
26 - INFO - chord#: 88 In build_straw_man_chord_sa. tolerance = 1, sa_iterations = 1000, initial_temperature = 3.0, cooling_rate = 0.999
26 - INFO - chord#: 110 done. best_score=36.0, changed=524, unchanged=388, early_stops=8/8
26 - INFO - chord#: 104 done. best_score=27.0, changed=516, unchanged=312, early_stops=8/8
26 - INFO - chord#: 112 In build_straw_man_chord_sa. tolerance = 1, sa_iterations = 1000, initial_temperature = 3.0, cooling_rate = 0.999
26 - INFO - chord#: 106 In build_straw_man_chord_sa. tolerance = 1, sa_iterations = 1000, initial_temperature = 3.0, cooling_rate = 0.999
26 - INFO - chord#: 88 done. best_score=78.0, changed=610, unchanged=291, early_stops=8/8
26 - INFO - chord#: 90 In build_straw_man_chord_sa. tolerance = 1, sa_iterations = 1000, initial_temperature = 3.0, cooling_rate = 0.999
26 - INFO - chord#: 110 done. best_score=36.0, changed=528, unchanged=453, early_stops=8/8
26 - INFO - chord#: 112 In build_straw_man_chord_sa. tolerance = 1, sa_iterations = 1000, initial_temperature = 3.0, cooling_rate = 0.999
26 - INFO - chord#: 106 done. best_score=64.0, changed=609, unchanged=258, early_stops=8/8
26 - INFO - chord#: 108 In build_straw_man_chord_sa. tolerance = 1, sa_iterations = 1000, initial_temperature = 3.0, cooling_rate = 0.999
26 - INFO - chord#: 90 done. best_score=27.0, changed=519, unchanged=403, early_stops=8/8
26 - INFO - chord#: 91 In build_straw_man_chord_sa. tolerance = 1, sa_iterations = 1000, initial_temperature = 3.0, cooling_rate = 0.999
26 - INFO - chord#: 91 done. best_score=162.0, changed=610, unchanged=323, early_stops=8/8
26 - INFO - chord#: 92 In build_straw_man_chord_sa. tolerance = 1, sa_iterations = 1000, initial_temperature = 3.0, cooling_rate = 0.999
26 - INFO - chord#: 108 done. best_score=27.0, changed=522, unchanged=428, early_stops=8/8
26 - INFO - chord#: 110 In build_straw_man_chord_sa. tolerance = 1, sa_iterations = 1000, initial_temperature = 3.0, cooling_rate = 0.999
26 - INFO - chord#: 100 done. best_score=27.0, changed=519, unchanged=319, early_stops=8/8
26 - INFO - chord#: 102 In build_straw_man_chord_sa. tolerance = 1, sa_iterations = 1000, initial_temperature = 3.0, cooling_rate = 0.999
26 - INFO - chord#: 100 done. best_score=27.0, changed=532, unchanged=445, early_stops=8/8
26 - INFO - chord#: 102 In build_straw_man_chord_sa. tolerance = 1, sa_iterations = 1000, initial_temperature = 3.0, cooling_rate = 0.999
26 - INFO - chord#: 112 done. best_score=27.0, changed=519, unchanged=340, early_stops=8/8
26 - INFO - chord#: 114 In build_straw_man_chord_sa. tolerance = 1, sa_iterations = 1000, initial_temperature = 3.0, cooling_rate = 0.999
26 - INFO - chord#: 90 done. best_score=27.0, changed=516, unchanged=374, early_stops=8/8
26 - INFO - chord#: 91 In build_straw_man_chord_sa. tolerance = 1, sa_iterations = 1000, initial_temperature = 3.0, cooling_rate = 0.999
26 - INFO - chord#: 108 done. best_score=27.0, changed=524, unchanged=422, early_stops=8/8
26 - INFO - chord#: 110 In build_straw_man_chord_sa. tolerance = 1, sa_iterations = 1000, initial_temperature = 3.0, cooling_rate = 0.999
26 - INFO - chord#: 112 done. best_score=27.0, changed=528, unchanged=545, early_stops=8/8
26 - INFO - chord#: 114 In build_straw_man_chord_sa. tolerance = 1, sa_iterations = 1000, initial_temperature = 3.0, cooling_rate = 0.999
26 - INFO - chord#: 110 done. best_score=36.0, changed=516, unchanged=313, early_stops=8/8
26 - INFO - chord#: 112 In build_straw_man_chord_sa. tolerance = 1, sa_iterations = 1000, initial_temperature = 3.0, cooling_rate = 0.999
26 - INFO - chord#: 88 done. best_score=131.0, changed=612, unchanged=236, early_stops=8/8
26 - INFO - chord#: 90 In build_straw_man_chord_sa. tolerance = 1, sa_iterations = 1000, initial_temperature = 3.0, cooling_rate = 0.999
26 - INFO - chord#: 92 done. best_score=27.0, changed=524, unchanged=361, early_stops=8/8
26 - INFO - chord#: 96 In build_straw_man_chord_sa. tolerance = 1, sa_iterations = 1000, initial_temperature = 3.0, cooling_rate = 0.999
26 - INFO - chord#: 110 done. best_score=36.0, changed=525, unchanged=358, early_stops=8/8
26 - INFO - chord#: 112 In build_straw_man_chord_sa. tolerance = 1, sa_iterations = 1000, initial_temperature = 3.0, cooling_rate = 0.999
26 - INFO - chord#: 88 done. best_score=140.0, changed=611, unchanged=237, early_stops=8/8
26 - INFO - chord#: 90 In build_straw_man_chord_sa. tolerance = 1, sa_iterations = 1000, initial_temperature = 3.0, cooling_rate = 0.999
26 - INFO - chord#: 112 done. best_score=27.0, changed=524, unchanged=494, early_stops=8/8
26 - INFO - chord#: 114 In build_straw_man_chord_sa. tolerance = 1, sa_iterations = 1000, initial_temperature = 3.0, cooling_rate = 0.999
26 - INFO - chord#: 106 done. best_score=146.0, changed=611, unchanged=337, early_stops=8/8
26 - INFO - chord#: 108 In build_straw_man_chord_sa. tolerance = 1, sa_iterations = 1000, initial_temperature = 3.0, cooling_rate = 0.999
26 - INFO - chord#: 96 done. best_score=27.0, changed=512, unchanged=312, early_stops=8/8
26 - INFO - chord#: 100 In build_straw_man_chord_sa. tolerance = 1, sa_iterations = 1000, initial_temperature = 3.0, cooling_rate = 0.999
26 - INFO - chord#: 114 done. best_score=145.0, changed=607, unchanged=251, early_stops=8/8
26 - INFO - chord#: 116 In build_straw_man_chord_sa. tolerance = 1, sa_iterations = 1000, initial_temperature = 3.0, cooling_rate = 0.999
26 - INFO - chord#: 90 done. best_score=27.0, changed=522, unchanged=405, early_stops=8/8
26 - INFO - chord#: 91 In build_straw_man_chord_sa. tolerance = 1, sa_iterations = 1000, initial_temperature = 3.0, cooling_rate = 0.999
26 - INFO - chord#: 112 done. best_score=27.0, changed=525, unchanged=370, early_stops=8/8
26 - INFO - chord#: 114 In build_straw_man_chord_sa. tolerance = 1, sa_iterations = 1000, initial_temperature = 3.0, cooling_rate = 0.999
26 - INFO - chord#: 91 done. best_score=67.0, changed=613, unchanged=267, early_stops=8/8
26 - INFO - chord#: 92 In build_straw_man_chord_sa. tolerance = 1, sa_iterations = 1000, initial_temperature = 3.0, cooling_rate = 0.999
26 - INFO - chord#: 102 done. best_score=74.0, changed=612, unchanged=424, early_stops=8/8
26 - INFO - chord#: 104 In build_straw_man_chord_sa. tolerance = 1, sa_iterations = 1000, initial_temperature = 3.0, cooling_rate = 0.999
26 - INFO - chord#: 114 done. best_score=111.0, changed=612, unchanged=306, early_stops=8/8
26 - INFO - chord#: 116 In build_straw_man_chord_sa. tolerance = 1, sa_iterations = 1000, initial_temperature = 3.0, cooling_rate = 0.999
26 - INFO - chord#: 91 done. best_score=67.0, changed=610, unchanged=390, early_stops=8/8
26 - INFO - chord#: 92 In build_straw_man_chord_sa. tolerance = 1, sa_iterations = 1000, initial_temperature = 3.0, cooling_rate = 0.999
26 - INFO - chord#: 102 done. best_score=127.0, changed=612, unchanged=334, early_stops=8/8
26 - INFO - chord#: 104 In build_straw_man_chord_sa. tolerance = 1, sa_iterations = 1000, initial_temperature = 3.0, cooling_rate = 0.999
26 - INFO - chord#: 90 done. best_score=27.0, changed=514, unchanged=355, early_stops=8/8
26 - INFO - chord#: 91 In build_straw_man_chord_sa. tolerance = 1, sa_iterations = 1000, initial_temperature = 3.0, cooling_rate = 0.999
26 - INFO - chord#: 116 done. best_score=61.0, changed=520, unchanged=318, early_stops=8/8
26 - INFO - chord#: 118 In build_straw_man_chord_sa. tolerance = 1, sa_iterations = 1000, initial_temperature = 3.0, cooling_rate = 0.999
26 - INFO - chord#: 92 done. best_score=27.0, changed=518, unchanged=310, early_stops=8/8
26 - INFO - chord#: 96 In build_straw_man_chord_sa. tolerance = 1, sa_iterations = 1000, initial_temperature = 3.0, cooling_rate = 0.999
26 - INFO - chord#: 108 done. best_score=27.0, changed=516, unchanged=310, early_stops=8/8
26 - INFO - chord#: 110 In build_straw_man_chord_sa. tolerance = 1, sa_iterations = 1000, initial_temperature = 3.0, cooling_rate = 0.999
26 - INFO - chord#: 100 done. best_score=27.0, changed=533, unchanged=445, early_stops=8/8
26 - INFO - chord#: 102 In build_straw_man_chord_sa. tolerance = 1, sa_iterations = 1000, initial_temperature = 3.0, cooling_rate = 0.999
26 - INFO - chord#: 104 done. best_score=27.0, changed=527, unchanged=377, early_stops=8/8
26 - INFO - chord#: 106 In build_straw_man_chord_sa. tolerance = 1, sa_iterations = 1000, initial_temperature = 3.0, cooling_rate = 0.999
26 - INFO - chord#: 116 done. best_score=27.0, changed=517, unchanged=458, early_stops=8/8
26 - INFO - chord#: 118 In build_straw_man_chord_sa. tolerance = 1, sa_iterations = 1000, initial_temperature = 3.0, cooling_rate = 0.999
26 - INFO - chord#: 92 done. best_score=27.0, changed=529, unchanged=456, early_stops=8/8
26 - INFO - chord#: 96 In build_straw_man_chord_sa. tolerance = 1, sa_iterations = 1000, initial_temperature = 3.0, cooling_rate = 0.999
26 - INFO - chord#: 104 done. best_score=27.0, changed=515, unchanged=331, early_stops=8/8
26 - INFO - chord#: 106 In build_straw_man_chord_sa. tolerance = 1, sa_iterations = 1000, initial_temperature = 3.0, cooling_rate = 0.999
26 - INFO - chord#: 118 done. best_score=27.0, changed=525, unchanged=397, early_stops=8/8
26 - INFO - chord#: 120 In build_straw_man_chord_sa. tolerance = 1, sa_iterations = 1000, initial_temperature = 3.0, cooling_rate = 0.999
26 - INFO - chord#: 96 done. best_score=27.0, changed=521, unchanged=362, early_stops=8/8
26 - INFO - chord#: 100 In build_straw_man_chord_sa. tolerance = 1, sa_iterations = 1000, initial_temperature = 3.0, cooling_rate = 0.999
26 - INFO - chord#: 114 done. best_score=70.0, changed=616, unchanged=395, early_stops=8/8
26 - INFO - chord#: 116 In build_straw_man_chord_sa. tolerance = 1, sa_iterations = 1000, initial_temperature = 3.0, cooling_rate = 0.999
26 - INFO - chord#: 110 done. best_score=36.0, changed=528, unchanged=399, early_stops=8/8
26 - INFO - chord#: 112 In build_straw_man_chord_sa. tolerance = 1, sa_iterations = 1000, initial_temperature = 3.0, cooling_rate = 0.999
26 - INFO - chord#: 114 done. best_score=70.0, changed=617, unchanged=279, early_stops=8/8
26 - INFO - chord#: 116 In build_straw_man_chord_sa. tolerance = 1, sa_iterations = 1000, initial_temperature = 3.0, cooling_rate = 0.999
26 - INFO - chord#: 118 done. best_score=27.0, changed=526, unchanged=597, early_stops=8/8
26 - INFO - chord#: 120 In build_straw_man_chord_sa. tolerance = 1, sa_iterations = 1000, initial_temperature = 3.0, cooling_rate = 0.999
26 - INFO - chord#: 120 done. best_score=36.0, changed=520, unchanged=348, early_stops=8/8
26 - INFO - chord#: 124 In build_straw_man_chord_sa. tolerance = 1, sa_iterations = 1000, initial_temperature = 3.0, cooling_rate = 0.999
26 - INFO - chord#: 91 done. best_score=67.0, changed=613, unchanged=258, early_stops=8/8
26 - INFO - chord#: 92 In build_straw_man_chord_sa. tolerance = 1, sa_iterations = 1000, initial_temperature = 3.0, cooling_rate = 0.999
26 - INFO - chord#: 100 done. best_score=27.0, changed=525, unchanged=426, early_stops=8/8
26 - INFO - chord#: 102 In build_straw_man_chord_sa. tolerance = 1, sa_iterations = 1000, initial_temperature = 3.0, cooling_rate = 0.999
26 - INFO - chord#: 96 done. best_score=27.0, changed=518, unchanged=445, early_stops=8/8
26 - INFO - chord#: 100 In build_straw_man_chord_sa. tolerance = 1, sa_iterations = 1000, initial_temperature = 3.0, cooling_rate = 0.999
26 - INFO - chord#: 91 done. best_score=67.0, changed=611, unchanged=224, early_stops=8/8
26 - INFO - chord#: 92 In build_straw_man_chord_sa. tolerance = 1, sa_iterations = 1000, initial_temperature = 3.0, cooling_rate = 0.999
26 - INFO - chord#: 116 done. best_score=27.0, changed=522, unchanged=467, early_stops=8/8
26 - INFO - chord#: 118 In build_straw_man_chord_sa. tolerance = 1, sa_iterations = 1000, initial_temperature = 3.0, cooling_rate = 0.999
26 - INFO - chord#: 116 done. best_score=27.0, changed=520, unchanged=354, early_stops=8/8
26 - INFO - chord#: 118 In build_straw_man_chord_sa. tolerance = 1, sa_iterations = 1000, initial_temperature = 3.0, cooling_rate = 0.999
26 - INFO - chord#: 106 done. best_score=157.0, changed=610, unchanged=312, early_stops=8/8
26 - INFO - chord#: 108 In build_straw_man_chord_sa. tolerance = 1, sa_iterations = 1000, initial_temperature = 3.0, cooling_rate = 0.999
26 - INFO - chord#: 124 done. best_score=27.0, changed=513, unchanged=380, early_stops=8/8
26 - INFO - chord#: 128 In build_straw_man_chord_sa. tolerance = 1, sa_iterations = 1000, initial_temperature = 3.0, cooling_rate = 0.999
26 - INFO - chord#: 112 done. best_score=27.0, changed=513, unchanged=376, early_stops=8/8
26 - INFO - chord#: 114 In build_straw_man_chord_sa. tolerance = 1, sa_iterations = 1000, initial_temperature = 3.0, cooling_rate = 0.999
26 - INFO - chord#: 120 done. best_score=27.0, changed=527, unchanged=532, early_stops=8/8
26 - INFO - chord#: 124 In build_straw_man_chord_sa. tolerance = 1, sa_iterations = 1000, initial_temperature = 3.0, cooling_rate = 0.999
26 - INFO - chord#: 92 done. best_score=27.0, changed=521, unchanged=466, early_stops=8/8
26 - INFO - chord#: 96 In build_straw_man_chord_sa. tolerance = 1, sa_iterations = 1000, initial_temperature = 3.0, cooling_rate = 0.999
26 - INFO - chord#: 102 done. best_score=74.0, changed=612, unchanged=293, early_stops=8/8
26 - INFO - chord#: 104 In build_straw_man_chord_sa. tolerance = 1, sa_iterations = 1000, initial_temperature = 3.0, cooling_rate = 0.999
26 - INFO - chord#: 100 done. best_score=27.0, changed=525, unchanged=350, early_stops=8/8
26 - INFO - chord#: 102 In build_straw_man_chord_sa. tolerance = 1, sa_iterations = 1000, initial_temperature = 3.0, cooling_rate = 0.999
26 - INFO - chord#: 92 done. best_score=27.0, changed=520, unchanged=374, early_stops=8/8
26 - INFO - chord#: 96 In build_straw_man_chord_sa. tolerance = 1, sa_iterations = 1000, initial_temperature = 3.0, cooling_rate = 0.999
26 - INFO - chord#: 118 done. best_score=27.0, changed=520, unchanged=481, early_stops=8/8
26 - INFO - chord#: 120 In build_straw_man_chord_sa. tolerance = 1, sa_iterations = 1000, initial_temperature = 3.0, cooling_rate = 0.999
26 - INFO - chord#: 118 done. best_score=27.0, changed=513, unchanged=318, early_stops=8/8
26 - INFO - chord#: 120 In build_straw_man_chord_sa. tolerance = 1, sa_iterations = 1000, initial_temperature = 3.0, cooling_rate = 0.999
26 - INFO - chord#: 106 done. best_score=64.0, changed=614, unchanged=334, early_stops=8/8
26 - INFO - chord#: 108 In build_straw_man_chord_sa. tolerance = 1, sa_iterations = 1000, initial_temperature = 3.0, cooling_rate = 0.999
26 - INFO - chord#: 128 done. best_score=27.0, changed=512, unchanged=366, early_stops=8/8
26 - INFO - chord#: 130 In build_straw_man_chord_sa. tolerance = 1, sa_iterations = 1000, initial_temperature = 3.0, cooling_rate = 0.999
26 - INFO - chord#: 108 done. best_score=27.0, changed=522, unchanged=436, early_stops=8/8
26 - INFO - chord#: 110 In build_straw_man_chord_sa. tolerance = 1, sa_iterations = 1000, initial_temperature = 3.0, cooling_rate = 0.999
26 - INFO - chord#: 124 done. best_score=27.0, changed=519, unchanged=351, early_stops=8/8
26 - INFO - chord#: 128 In build_straw_man_chord_sa. tolerance = 1, sa_iterations = 1000, initial_temperature = 3.0, cooling_rate = 0.999
26 - INFO - chord#: 104 done. best_score=27.0, changed=531, unchanged=414, early_stops=8/8
26 - INFO - chord#: 106 In build_straw_man_chord_sa. tolerance = 1, sa_iterations = 1000, initial_temperature = 3.0, cooling_rate = 0.999
26 - INFO - chord#: 120 done. best_score=27.0, changed=513, unchanged=444, early_stops=8/8
26 - INFO - chord#: 124 In build_straw_man_chord_sa. tolerance = 1, sa_iterations = 1000, initial_temperature = 3.0, cooling_rate = 0.999
26 - INFO - chord#: 96 done. best_score=27.0, changed=531, unchanged=639, early_stops=8/8
26 - INFO - chord#: 100 In build_straw_man_chord_sa. tolerance = 1, sa_iterations = 1000, initial_temperature = 3.0, cooling_rate = 0.999
26 - INFO - chord#: 102 done. best_score=96.0, changed=611, unchanged=378, early_stops=8/8
26 - INFO - chord#: 104 In build_straw_man_chord_sa. tolerance = 1, sa_iterations = 1000, initial_temperature = 3.0, cooling_rate = 0.999
26 - INFO - chord#: 96 done. best_score=27.0, changed=520, unchanged=370, early_stops=8/8
26 - INFO - chord#: 100 In build_straw_man_chord_sa. tolerance = 1, sa_iterations = 1000, initial_temperature = 3.0, cooling_rate = 0.999
26 - INFO - chord#: 120 done. best_score=27.0, changed=527, unchanged=588, early_stops=8/8
26 - INFO - chord#: 124 In build_straw_man_chord_sa. tolerance = 1, sa_iterations = 1000, initial_temperature = 3.0, cooling_rate = 0.999
26 - INFO - chord#: 130 done. best_score=36.0, changed=515, unchanged=378, early_stops=8/8
26 - INFO - chord#: 132 In build_straw_man_chord_sa. tolerance = 1, sa_iterations = 1000, initial_temperature = 3.0, cooling_rate = 0.999
26 - INFO - chord#: 110 done. best_score=36.0, changed=525, unchanged=471, early_stops=8/8
26 - INFO - chord#: 112 In build_straw_man_chord_sa. tolerance = 1, sa_iterations = 1000, initial_temperature = 3.0, cooling_rate = 0.999
26 - INFO - chord#: 128 done. best_score=27.0, changed=527, unchanged=433, early_stops=8/8
26 - INFO - chord#: 130 In build_straw_man_chord_sa. tolerance = 1, sa_iterations = 1000, initial_temperature = 3.0, cooling_rate = 0.999
26 - INFO - chord#: 108 done. best_score=27.0, changed=539, unchanged=477, early_stops=8/8
26 - INFO - chord#: 110 In build_straw_man_chord_sa. tolerance = 1, sa_iterations = 1000, initial_temperature = 3.0, cooling_rate = 0.999
26 - INFO - chord#: 114 done. best_score=70.0, changed=607, unchanged=296, early_stops=8/8
26 - INFO - chord#: 116 In build_straw_man_chord_sa. tolerance = 1, sa_iterations = 1000, initial_temperature = 3.0, cooling_rate = 0.999
26 - INFO - chord#: 124 done. best_score=27.0, changed=516, unchanged=494, early_stops=8/8
26 - INFO - chord#: 128 In build_straw_man_chord_sa. tolerance = 1, sa_iterations = 1000, initial_temperature = 3.0, cooling_rate = 0.999
26 - INFO - chord#: 104 done. best_score=27.0, changed=526, unchanged=382, early_stops=8/8
26 - INFO - chord#: 106 In build_straw_man_chord_sa. tolerance = 1, sa_iterations = 1000, initial_temperature = 3.0, cooling_rate = 0.999
26 - INFO - chord#: 100 done. best_score=27.0, changed=520, unchanged=426, early_stops=8/8
26 - INFO - chord#: 102 In build_straw_man_chord_sa. tolerance = 1, sa_iterations = 1000, initial_temperature = 3.0, cooling_rate = 0.999
26 - INFO - chord#: 102 done. best_score=74.0, changed=610, unchanged=251, early_stops=8/8
26 - INFO - chord#: 104 In build_straw_man_chord_sa. tolerance = 1, sa_iterations = 1000, initial_temperature = 3.0, cooling_rate = 0.999
26 - INFO - chord#: 124 done. best_score=27.0, changed=521, unchanged=432, early_stops=8/8
26 - INFO - chord#: 128 In build_straw_man_chord_sa. tolerance = 1, sa_iterations = 1000, initial_temperature = 3.0, cooling_rate = 0.999
26 - INFO - chord#: 112 done. best_score=27.0, changed=516, unchanged=320, early_stops=8/8
26 - INFO - chord#: 114 In build_straw_man_chord_sa. tolerance = 1, sa_iterations = 1000, initial_temperature = 3.0, cooling_rate = 0.999
26 - INFO - chord#: 132 done. best_score=27.0, changed=518, unchanged=404, early_stops=8/8
26 - INFO - chord#: 134 In build_straw_man_chord_sa. tolerance = 1, sa_iterations = 1000, initial_temperature = 3.0, cooling_rate = 0.999
26 - INFO - chord#: 100 done. best_score=27.0, changed=531, unchanged=468, early_stops=8/8
26 - INFO - chord#: 102 In build_straw_man_chord_sa. tolerance = 1, sa_iterations = 1000, initial_temperature = 3.0, cooling_rate = 0.999
26 - INFO - chord#: 130 done. best_score=36.0, changed=522, unchanged=328, early_stops=8/8
26 - INFO - chord#: 132 In build_straw_man_chord_sa. tolerance = 1, sa_iterations = 1000, initial_temperature = 3.0, cooling_rate = 0.999
26 - INFO - chord#: 106 done. best_score=146.0, changed=607, unchanged=214, early_stops=8/8
26 - INFO - chord#: 108 In build_straw_man_chord_sa. tolerance = 1, sa_iterations = 1000, initial_temperature = 3.0, cooling_rate = 0.999
26 - INFO - chord#: 128 done. best_score=27.0, changed=520, unchanged=364, early_stops=8/8
26 - INFO - chord#: 130 In build_straw_man_chord_sa. tolerance = 1, sa_iterations = 1000, initial_temperature = 3.0, cooling_rate = 0.999
26 - INFO - chord#: 116 done. best_score=27.0, changed=533, unchanged=438, early_stops=8/8
26 - INFO - chord#: 118 In build_straw_man_chord_sa. tolerance = 1, sa_iterations = 1000, initial_temperature = 3.0, cooling_rate = 0.999
26 - INFO - chord#: 104 done. best_score=27.0, changed=523, unchanged=338, early_stops=8/8
26 - INFO - chord#: 106 In build_straw_man_chord_sa. tolerance = 1, sa_iterations = 1000, initial_temperature = 3.0, cooling_rate = 0.999
26 - INFO - chord#: 110 done. best_score=36.0, changed=528, unchanged=605, early_stops=8/8
26 - INFO - chord#: 112 In build_straw_man_chord_sa. tolerance = 1, sa_iterations = 1000, initial_temperature = 3.0, cooling_rate = 0.999
26 - INFO - chord#: 128 done. best_score=27.0, changed=524, unchanged=387, early_stops=8/8
26 - INFO - chord#: 130 In build_straw_man_chord_sa. tolerance = 1, sa_iterations = 1000, initial_temperature = 3.0, cooling_rate = 0.999
26 - INFO - chord#: 132 done. best_score=27.0, changed=517, unchanged=412, early_stops=8/8
26 - INFO - chord#: 134 In build_straw_man_chord_sa. tolerance = 1, sa_iterations = 1000, initial_temperature = 3.0, cooling_rate = 0.999
26 - INFO - chord#: 130 done. best_score=36.0, changed=527, unchanged=376, early_stops=8/8
26 - INFO - chord#: 132 In build_straw_man_chord_sa. tolerance = 1, sa_iterations = 1000, initial_temperature = 3.0, cooling_rate = 0.999
26 - INFO - chord#: 106 done. best_score=64.0, changed=608, unchanged=289, early_stops=8/8
26 - INFO - chord#: 108 In build_straw_man_chord_sa. tolerance = 1, sa_iterations = 1000, initial_temperature = 3.0, cooling_rate = 0.999
26 - INFO - chord#: 108 done. best_score=27.0, changed=516, unchanged=461, early_stops=8/8
26 - INFO - chord#: 110 In build_straw_man_chord_sa. tolerance = 1, sa_iterations = 1000, initial_temperature = 3.0, cooling_rate = 0.999
26 - INFO - chord#: 130 done. best_score=36.0, changed=522, unchanged=345, early_stops=8/8
26 - INFO - chord#: 132 In build_straw_man_chord_sa. tolerance = 1, sa_iterations = 1000, initial_temperature = 3.0, cooling_rate = 0.999
26 - INFO - chord#: 134 done. best_score=75.0, changed=608, unchanged=259, early_stops=8/8
26 - INFO - chord#: 136 In build_straw_man_chord_sa. tolerance = 1, sa_iterations = 1000, initial_temperature = 3.0, cooling_rate = 0.999
26 - INFO - chord#: 114 done. best_score=70.0, changed=611, unchanged=303, early_stops=8/8
26 - INFO - chord#: 116 In build_straw_man_chord_sa. tolerance = 1, sa_iterations = 1000, initial_temperature = 3.0, cooling_rate = 0.999
26 - INFO - chord#: 118 done. best_score=27.0, changed=523, unchanged=347, early_stops=8/8
26 - INFO - chord#: 120 In build_straw_man_chord_sa. tolerance = 1, sa_iterations = 1000, initial_temperature = 3.0, cooling_rate = 0.999
26 - INFO - chord#: 112 done. best_score=27.0, changed=519, unchanged=389, early_stops=8/8
26 - INFO - chord#: 114 In build_straw_man_chord_sa. tolerance = 1, sa_iterations = 1000, initial_temperature = 3.0, cooling_rate = 0.999
26 - INFO - chord#: 102 done. best_score=96.0, changed=607, unchanged=231, early_stops=8/8
26 - INFO - chord#: 104 In build_straw_man_chord_sa. tolerance = 1, sa_iterations = 1000, initial_temperature = 3.0, cooling_rate = 0.999
26 - INFO - chord#: 132 done. best_score=27.0, changed=515, unchanged=466, early_stops=8/8
26 - INFO - chord#: 134 In build_straw_man_chord_sa. tolerance = 1, sa_iterations = 1000, initial_temperature = 3.0, cooling_rate = 0.999
26 - INFO - chord#: 108 done. best_score=27.0, changed=524, unchanged=410, early_stops=8/8
26 - INFO - chord#: 110 In build_straw_man_chord_sa. tolerance = 1, sa_iterations = 1000, initial_temperature = 3.0, cooling_rate = 0.999
26 - INFO - chord#: 132 done. best_score=27.0, changed=514, unchanged=346, early_stops=8/8
26 - INFO - chord#: 134 In build_straw_man_chord_sa. tolerance = 1, sa_iterations = 1000, initial_temperature = 3.0, cooling_rate = 0.999
26 - INFO - chord#: 136 done. best_score=27.0, changed=517, unchanged=310, early_stops=8/8
26 - INFO - chord#: 138 In build_straw_man_chord_sa. tolerance = 1, sa_iterations = 1000, initial_temperature = 3.0, cooling_rate = 0.999
26 - INFO - chord#: 102 done. best_score=74.0, changed=610, unchanged=438, early_stops=8/8
26 - INFO - chord#: 104 In build_straw_man_chord_sa. tolerance = 1, sa_iterations = 1000, initial_temperature = 3.0, cooling_rate = 0.999
26 - INFO - chord#: 116 done. best_score=27.0, changed=513, unchanged=372, early_stops=8/8
26 - INFO - chord#: 118 In build_straw_man_chord_sa. tolerance = 1, sa_iterations = 1000, initial_temperature = 3.0, cooling_rate = 0.999
26 - INFO - chord#: 110 done. best_score=36.0, changed=526, unchanged=383, early_stops=8/8
26 - INFO - chord#: 112 In build_straw_man_chord_sa. tolerance = 1, sa_iterations = 1000, initial_temperature = 3.0, cooling_rate = 0.999
26 - INFO - chord#: 134 done. best_score=70.0, changed=612, unchanged=256, early_stops=8/8
26 - INFO - chord#: 136 In build_straw_man_chord_sa. tolerance = 1, sa_iterations = 1000, initial_temperature = 3.0, cooling_rate = 0.999
26 - INFO - chord#: 120 done. best_score=27.0, changed=527, unchanged=473, early_stops=8/8
26 - INFO - chord#: 124 In build_straw_man_chord_sa. tolerance = 1, sa_iterations = 1000, initial_temperature = 3.0, cooling_rate = 0.999
26 - INFO - chord#: 104 done. best_score=27.0, changed=528, unchanged=433, early_stops=8/8
26 - INFO - chord#: 106 In build_straw_man_chord_sa. tolerance = 1, sa_iterations = 1000, initial_temperature = 3.0, cooling_rate = 0.999
26 - INFO - chord#: 110 done. best_score=36.0, changed=522, unchanged=383, early_stops=8/8
26 - INFO - chord#: 112 In build_straw_man_chord_sa. tolerance = 1, sa_iterations = 1000, initial_temperature = 3.0, cooling_rate = 0.999
26 - INFO - chord#: 106 done. best_score=64.0, changed=614, unchanged=327, early_stops=8/8
26 - INFO - chord#: 108 In build_straw_man_chord_sa. tolerance = 1, sa_iterations = 1000, initial_temperature = 3.0, cooling_rate = 0.999
26 - INFO - chord#: 118 done. best_score=27.0, changed=518, unchanged=405, early_stops=8/8
26 - INFO - chord#: 120 In build_straw_man_chord_sa. tolerance = 1, sa_iterations = 1000, initial_temperature = 3.0, cooling_rate = 0.999
26 - INFO - chord#: 104 done. best_score=27.0, changed=536, unchanged=401, early_stops=8/8
26 - INFO - chord#: 106 In build_straw_man_chord_sa. tolerance = 1, sa_iterations = 1000, initial_temperature = 3.0, cooling_rate = 0.999
26 - INFO - chord#: 136 done. best_score=27.0, changed=525, unchanged=392, early_stops=8/8
26 - INFO - chord#: 138 In build_straw_man_chord_sa. tolerance = 1, sa_iterations = 1000, initial_temperature = 3.0, cooling_rate = 0.999
26 - INFO - chord#: 112 done. best_score=36.0, changed=518, unchanged=338, early_stops=8/8
26 - INFO - chord#: 114 In build_straw_man_chord_sa. tolerance = 1, sa_iterations = 1000, initial_temperature = 3.0, cooling_rate = 0.999
26 - INFO - chord#: 112 done. best_score=27.0, changed=526, unchanged=471, early_stops=8/8
26 - INFO - chord#: 114 In build_straw_man_chord_sa. tolerance = 1, sa_iterations = 1000, initial_temperature = 3.0, cooling_rate = 0.999
26 - INFO - chord#: 114 done. best_score=70.0, changed=608, unchanged=269, early_stops=8/8
26 - INFO - chord#: 116 In build_straw_man_chord_sa. tolerance = 1, sa_iterations = 1000, initial_temperature = 3.0, cooling_rate = 0.999
26 - INFO - chord#: 134 done. best_score=149.0, changed=605, unchanged=283, early_stops=8/8
26 - INFO - chord#: 136 In build_straw_man_chord_sa. tolerance = 1, sa_iterations = 1000, initial_temperature = 3.0, cooling_rate = 0.999
26 - INFO - chord#: 124 done. best_score=27.0, changed=525, unchanged=500, early_stops=8/8
26 - INFO - chord#: 128 In build_straw_man_chord_sa. tolerance = 1, sa_iterations = 1000, initial_temperature = 3.0, cooling_rate = 0.999
26 - INFO - chord#: 120 done. best_score=27.0, changed=523, unchanged=461, early_stops=8/8
26 - INFO - chord#: 124 In build_straw_man_chord_sa. tolerance = 1, sa_iterations = 1000, initial_temperature = 3.0, cooling_rate = 0.999
26 - INFO - chord#: 138 done. best_score=67.0, changed=611, unchanged=290, early_stops=8/8
26 - INFO - chord#: 140 In build_straw_man_chord_sa. tolerance = 1, sa_iterations = 1000, initial_temperature = 3.0, cooling_rate = 0.999
26 - INFO - chord#: 108 done. best_score=27.0, changed=518, unchanged=498, early_stops=8/8
26 - INFO - chord#: 110 In build_straw_man_chord_sa. tolerance = 1, sa_iterations = 1000, initial_temperature = 3.0, cooling_rate = 0.999
26 - INFO - chord#: 134 done. best_score=104.0, changed=612, unchanged=447, early_stops=8/8
26 - INFO - chord#: 136 In build_straw_man_chord_sa. tolerance = 1, sa_iterations = 1000, initial_temperature = 3.0, cooling_rate = 0.999
26 - INFO - chord#: 136 done. best_score=27.0, changed=522, unchanged=394, early_stops=8/8
26 - INFO - chord#: 138 In build_straw_man_chord_sa. tolerance = 1, sa_iterations = 1000, initial_temperature = 3.0, cooling_rate = 0.999
26 - INFO - chord#: 128 done. best_score=27.0, changed=523, unchanged=350, early_stops=8/8
26 - INFO - chord#: 130 In build_straw_man_chord_sa. tolerance = 1, sa_iterations = 1000, initial_temperature = 3.0, cooling_rate = 0.999
26 - INFO - chord#: 124 done. best_score=27.0, changed=519, unchanged=392, early_stops=8/8
26 - INFO - chord#: 128 In build_straw_man_chord_sa. tolerance = 1, sa_iterations = 1000, initial_temperature = 3.0, cooling_rate = 0.999
26 - INFO - chord#: 116 done. best_score=27.0, changed=517, unchanged=367, early_stops=8/8
26 - INFO - chord#: 118 In build_straw_man_chord_sa. tolerance = 1, sa_iterations = 1000, initial_temperature = 3.0, cooling_rate = 0.999
26 - INFO - chord#: 138 done. best_score=67.0, changed=609, unchanged=279, early_stops=8/8
26 - INFO - chord#: 140 In build_straw_man_chord_sa. tolerance = 1, sa_iterations = 1000, initial_temperature = 3.0, cooling_rate = 0.999
26 - INFO - chord#: 140 done. best_score=27.0, changed=524, unchanged=631, early_stops=8/8
26 - INFO - chord#: 142 In build_straw_man_chord_sa. tolerance = 1, sa_iterations = 1000, initial_temperature = 3.0, cooling_rate = 0.999
26 - INFO - chord#: 106 done. best_score=146.0, changed=613, unchanged=285, early_stops=8/8
26 - INFO - chord#: 108 In build_straw_man_chord_sa. tolerance = 1, sa_iterations = 1000, initial_temperature = 3.0, cooling_rate = 0.999
26 - INFO - chord#: 110 done. best_score=36.0, changed=526, unchanged=368, early_stops=8/8
26 - INFO - chord#: 112 In build_straw_man_chord_sa. tolerance = 1, sa_iterations = 1000, initial_temperature = 3.0, cooling_rate = 0.999
26 - INFO - chord#: 136 done. best_score=27.0, changed=519, unchanged=448, early_stops=8/8
26 - INFO - chord#: 138 In build_straw_man_chord_sa. tolerance = 1, sa_iterations = 1000, initial_temperature = 3.0, cooling_rate = 0.999
26 - INFO - chord#: 114 done. best_score=75.0, changed=608, unchanged=254, early_stops=8/8
26 - INFO - chord#: 116 In build_straw_man_chord_sa. tolerance = 1, sa_iterations = 1000, initial_temperature = 3.0, cooling_rate = 0.999
26 - INFO - chord#: 114 done. best_score=104.0, changed=612, unchanged=300, early_stops=8/8
26 - INFO - chord#: 116 In build_straw_man_chord_sa. tolerance = 1, sa_iterations = 1000, initial_temperature = 3.0, cooling_rate = 0.999
26 - INFO - chord#: 128 done. best_score=27.0, changed=526, unchanged=415, early_stops=8/8
26 - INFO - chord#: 130 In build_straw_man_chord_sa. tolerance = 1, sa_iterations = 1000, initial_temperature = 3.0, cooling_rate = 0.999
26 - INFO - chord#: 118 done. best_score=27.0, changed=515, unchanged=343, early_stops=8/8
26 - INFO - chord#: 120 In build_straw_man_chord_sa. tolerance = 1, sa_iterations = 1000, initial_temperature = 3.0, cooling_rate = 0.999
26 - INFO - chord#: 106 done. best_score=64.0, changed=615, unchanged=437, early_stops=8/8
26 - INFO - chord#: 108 In build_straw_man_chord_sa. tolerance = 1, sa_iterations = 1000, initial_temperature = 3.0, cooling_rate = 0.999
26 - INFO - chord#: 140 done. best_score=27.0, changed=530, unchanged=490, early_stops=8/8
26 - INFO - chord#: 142 In build_straw_man_chord_sa. tolerance = 1, sa_iterations = 1000, initial_temperature = 3.0, cooling_rate = 0.999
26 - INFO - chord#: 130 done. best_score=36.0, changed=527, unchanged=444, early_stops=8/8
26 - INFO - chord#: 132 In build_straw_man_chord_sa. tolerance = 1, sa_iterations = 1000, initial_temperature = 3.0, cooling_rate = 0.999
26 - INFO - chord#: 116 done. best_score=27.0, changed=522, unchanged=406, early_stops=8/8
26 - INFO - chord#: 118 In build_straw_man_chord_sa. tolerance = 1, sa_iterations = 1000, initial_temperature = 3.0, cooling_rate = 0.999
26 - INFO - chord#: 112 done. best_score=27.0, changed=516, unchanged=332, early_stops=8/8
26 - INFO - chord#: 114 In build_straw_man_chord_sa. tolerance = 1, sa_iterations = 1000, initial_temperature = 3.0, cooling_rate = 0.999
26 - INFO - chord#: 108 done. best_score=27.0, changed=528, unchanged=621, early_stops=8/8
26 - INFO - chord#: 110 In build_straw_man_chord_sa. tolerance = 1, sa_iterations = 1000, initial_temperature = 3.0, cooling_rate = 0.999
26 - INFO - chord#: 116 done. best_score=57.0, changed=534, unchanged=422, early_stops=8/8
26 - INFO - chord#: 118 In build_straw_man_chord_sa. tolerance = 1, sa_iterations = 1000, initial_temperature = 3.0, cooling_rate = 0.999
26 - INFO - chord#: 130 done. best_score=36.0, changed=522, unchanged=343, early_stops=8/8
26 - INFO - chord#: 132 In build_straw_man_chord_sa. tolerance = 1, sa_iterations = 1000, initial_temperature = 3.0, cooling_rate = 0.999
26 - INFO - chord#: 142 done. best_score=71.0, changed=610, unchanged=334, early_stops=8/8
26 - INFO - chord#: 144 In build_straw_man_chord_sa. tolerance = 1, sa_iterations = 1000, initial_temperature = 3.0, cooling_rate = 0.999
26 - INFO - chord#: 138 done. best_score=67.0, changed=619, unchanged=525, early_stops=8/8
26 - INFO - chord#: 140 In build_straw_man_chord_sa. tolerance = 1, sa_iterations = 1000, initial_temperature = 3.0, cooling_rate = 0.999
26 - INFO - chord#: 120 done. best_score=36.0, changed=510, unchanged=409, early_stops=8/8
26 - INFO - chord#: 124 In build_straw_man_chord_sa. tolerance = 1, sa_iterations = 1000, initial_temperature = 3.0, cooling_rate = 0.999
26 - INFO - chord#: 138 done. best_score=67.0, changed=614, unchanged=231, early_stops=8/8
26 - INFO - chord#: 140 In build_straw_man_chord_sa. tolerance = 1, sa_iterations = 1000, initial_temperature = 3.0, cooling_rate = 0.999
26 - INFO - chord#: 132 done. best_score=27.0, changed=521, unchanged=454, early_stops=8/8
26 - INFO - chord#: 134 In build_straw_man_chord_sa. tolerance = 1, sa_iterations = 1000, initial_temperature = 3.0, cooling_rate = 0.999
26 - INFO - chord#: 108 done. best_score=27.0, changed=518, unchanged=428, early_stops=8/8
26 - INFO - chord#: 110 In build_straw_man_chord_sa. tolerance = 1, sa_iterations = 1000, initial_temperature = 3.0, cooling_rate = 0.999
26 - INFO - chord#: 118 done. best_score=27.0, changed=524, unchanged=376, early_stops=8/8
26 - INFO - chord#: 120 In build_straw_man_chord_sa. tolerance = 1, sa_iterations = 1000, initial_temperature = 3.0, cooling_rate = 0.999
26 - INFO - chord#: 132 done. best_score=27.0, changed=523, unchanged=473, early_stops=8/8
26 - INFO - chord#: 134 In build_straw_man_chord_sa. tolerance = 1, sa_iterations = 1000, initial_temperature = 3.0, cooling_rate = 0.999
26 - INFO - chord#: 118 done. best_score=27.0, changed=520, unchanged=390, early_stops=8/8
26 - INFO - chord#: 120 In build_straw_man_chord_sa. tolerance = 1, sa_iterations = 1000, initial_temperature = 3.0, cooling_rate = 0.999
26 - INFO - chord#: 110 done. best_score=36.0, changed=526, unchanged=424, early_stops=8/8
26 - INFO - chord#: 112 In build_straw_man_chord_sa. tolerance = 1, sa_iterations = 1000, initial_temperature = 3.0, cooling_rate = 0.999
26 - INFO - chord#: 140 done. best_score=27.0, changed=516, unchanged=378, early_stops=8/8
26 - INFO - chord#: 142 In build_straw_man_chord_sa. tolerance = 1, sa_iterations = 1000, initial_temperature = 3.0, cooling_rate = 0.999
26 - INFO - chord#: 140 done. best_score=27.0, changed=513, unchanged=396, early_stops=8/8
26 - INFO - chord#: 142 In build_straw_man_chord_sa. tolerance = 1, sa_iterations = 1000, initial_temperature = 3.0, cooling_rate = 0.999
26 - INFO - chord#: 142 done. best_score=64.0, changed=611, unchanged=327, early_stops=8/8
26 - INFO - chord#: 144 In build_straw_man_chord_sa. tolerance = 1, sa_iterations = 1000, initial_temperature = 3.0, cooling_rate = 0.999
26 - INFO - chord#: 124 done. best_score=27.0, changed=516, unchanged=403, early_stops=8/8
26 - INFO - chord#: 128 In build_straw_man_chord_sa. tolerance = 1, sa_iterations = 1000, initial_temperature = 3.0, cooling_rate = 0.999
26 - INFO - chord#: 120 done. best_score=27.0, changed=527, unchanged=483, early_stops=8/8
26 - INFO - chord#: 124 In build_straw_man_chord_sa. tolerance = 1, sa_iterations = 1000, initial_temperature = 3.0, cooling_rate = 0.999
26 - INFO - chord#: 144 done. best_score=71.0, changed=612, unchanged=289, early_stops=8/8
26 - INFO - chord#: 146 In build_straw_man_chord_sa. tolerance = 1, sa_iterations = 1000, initial_temperature = 3.0, cooling_rate = 0.999
26 - INFO - chord#: 110 done. best_score=36.0, changed=532, unchanged=428, early_stops=8/8
26 - INFO - chord#: 112 In build_straw_man_chord_sa. tolerance = 1, sa_iterations = 1000, initial_temperature = 3.0, cooling_rate = 0.999
26 - INFO - chord#: 114 done. best_score=104.0, changed=608, unchanged=282, early_stops=8/8
26 - INFO - chord#: 116 In build_straw_man_chord_sa. tolerance = 1, sa_iterations = 1000, initial_temperature = 3.0, cooling_rate = 0.999
26 - INFO - chord#: 120 done. best_score=27.0, changed=524, unchanged=365, early_stops=8/8
26 - INFO - chord#: 124 In build_straw_man_chord_sa. tolerance = 1, sa_iterations = 1000, initial_temperature = 3.0, cooling_rate = 0.999
26 - INFO - chord#: 112 done. best_score=27.0, changed=516, unchanged=383, early_stops=8/8
26 - INFO - chord#: 114 In build_straw_man_chord_sa. tolerance = 1, sa_iterations = 1000, initial_temperature = 3.0, cooling_rate = 0.999
26 - INFO - chord#: 124 done. best_score=27.0, changed=522, unchanged=494, early_stops=8/8
26 - INFO - chord#: 128 In build_straw_man_chord_sa. tolerance = 1, sa_iterations = 1000, initial_temperature = 3.0, cooling_rate = 0.999
26 - INFO - chord#: 128 done. best_score=27.0, changed=524, unchanged=368, early_stops=8/8
26 - INFO - chord#: 130 In build_straw_man_chord_sa. tolerance = 1, sa_iterations = 1000, initial_temperature = 3.0, cooling_rate = 0.999
26 - INFO - chord#: 146 done. best_score=27.0, changed=521, unchanged=454, early_stops=8/8
26 - INFO - chord#: 147 In build_straw_man_chord_sa. tolerance = 1, sa_iterations = 1000, initial_temperature = 3.0, cooling_rate = 0.999
26 - INFO - chord#: 134 done. best_score=103.0, changed=613, unchanged=267, early_stops=8/8
26 - INFO - chord#: 136 In build_straw_man_chord_sa. tolerance = 1, sa_iterations = 1000, initial_temperature = 3.0, cooling_rate = 0.999
26 - INFO - chord#: 142 done. best_score=64.0, changed=607, unchanged=230, early_stops=8/8
26 - INFO - chord#: 144 In build_straw_man_chord_sa. tolerance = 1, sa_iterations = 1000, initial_temperature = 3.0, cooling_rate = 0.999
26 - INFO - chord#: 112 done. best_score=27.0, changed=520, unchanged=496, early_stops=8/8
26 - INFO - chord#: 114 In build_straw_man_chord_sa. tolerance = 1, sa_iterations = 1000, initial_temperature = 3.0, cooling_rate = 0.999
26 - INFO - chord#: 144 done. best_score=64.0, changed=611, unchanged=324, early_stops=8/8
26 - INFO - chord#: 146 In build_straw_man_chord_sa. tolerance = 1, sa_iterations = 1000, initial_temperature = 3.0, cooling_rate = 0.999
26 - INFO - chord#: 116 done. best_score=27.0, changed=510, unchanged=343, early_stops=8/8
26 - INFO - chord#: 118 In build_straw_man_chord_sa. tolerance = 1, sa_iterations = 1000, initial_temperature = 3.0, cooling_rate = 0.999
26 - INFO - chord#: 134 done. best_score=103.0, changed=609, unchanged=298, early_stops=8/8
26 - INFO - chord#: 136 In build_straw_man_chord_sa. tolerance = 1, sa_iterations = 1000, initial_temperature = 3.0, cooling_rate = 0.999
26 - INFO - chord#: 124 done. best_score=27.0, changed=513, unchanged=398, early_stops=8/8
26 - INFO - chord#: 128 In build_straw_man_chord_sa. tolerance = 1, sa_iterations = 1000, initial_temperature = 3.0, cooling_rate = 0.999
26 - INFO - chord#: 128 done. best_score=27.0, changed=521, unchanged=331, early_stops=8/8
26 - INFO - chord#: 130 In build_straw_man_chord_sa. tolerance = 1, sa_iterations = 1000, initial_temperature = 3.0, cooling_rate = 0.999
26 - INFO - chord#: 142 done. best_score=64.0, changed=609, unchanged=368, early_stops=8/8
26 - INFO - chord#: 144 In build_straw_man_chord_sa. tolerance = 1, sa_iterations = 1000, initial_temperature = 3.0, cooling_rate = 0.999
26 - INFO - chord#: 130 done. best_score=36.0, changed=515, unchanged=322, early_stops=8/8
26 - INFO - chord#: 132 In build_straw_man_chord_sa. tolerance = 1, sa_iterations = 1000, initial_temperature = 3.0, cooling_rate = 0.999
26 - INFO - chord#: 136 done. best_score=27.0, changed=520, unchanged=365, early_stops=8/8
26 - INFO - chord#: 138 In build_straw_man_chord_sa. tolerance = 1, sa_iterations = 1000, initial_temperature = 3.0, cooling_rate = 0.999
26 - INFO - chord#: 147 done. best_score=36.0, changed=519, unchanged=390, early_stops=8/8
26 - INFO - chord#: 148 In build_straw_man_chord_sa. tolerance = 1, sa_iterations = 1000, initial_temperature = 3.0, cooling_rate = 0.999
26 - INFO - chord#: 146 done. best_score=27.0, changed=516, unchanged=403, early_stops=8/8
26 - INFO - chord#: 147 In build_straw_man_chord_sa. tolerance = 1, sa_iterations = 1000, initial_temperature = 3.0, cooling_rate = 0.999
26 - INFO - chord#: 130 done. best_score=36.0, changed=515, unchanged=312, early_stops=8/8
26 - INFO - chord#: 132 In build_straw_man_chord_sa. tolerance = 1, sa_iterations = 1000, initial_temperature = 3.0, cooling_rate = 0.999
26 - INFO - chord#: 136 done. best_score=27.0, changed=516, unchanged=383, early_stops=8/8
26 - INFO - chord#: 138 In build_straw_man_chord_sa. tolerance = 1, sa_iterations = 1000, initial_temperature = 3.0, cooling_rate = 0.999
26 - INFO - chord#: 128 done. best_score=27.0, changed=522, unchanged=411, early_stops=8/8
26 - INFO - chord#: 130 In build_straw_man_chord_sa. tolerance = 1, sa_iterations = 1000, initial_temperature = 3.0, cooling_rate = 0.999
26 - INFO - chord#: 118 done. best_score=27.0, changed=524, unchanged=459, early_stops=8/8
26 - INFO - chord#: 120 In build_straw_man_chord_sa. tolerance = 1, sa_iterations = 1000, initial_temperature = 3.0, cooling_rate = 0.999
26 - INFO - chord#: 148 done. best_score=27.0, changed=529, unchanged=466, early_stops=8/8
26 - INFO - chord#: 150 In build_straw_man_chord_sa. tolerance = 1, sa_iterations = 1000, initial_temperature = 3.0, cooling_rate = 0.999
26 - INFO - chord#: 114 done. best_score=70.0, changed=611, unchanged=235, early_stops=8/8
26 - INFO - chord#: 116 In build_straw_man_chord_sa. tolerance = 1, sa_iterations = 1000, initial_temperature = 3.0, cooling_rate = 0.999
26 - INFO - chord#: 132 done. best_score=27.0, changed=519, unchanged=393, early_stops=8/8
26 - INFO - chord#: 134 In build_straw_man_chord_sa. tolerance = 1, sa_iterations = 1000, initial_temperature = 3.0, cooling_rate = 0.999
26 - INFO - chord#: 144 done. best_score=64.0, changed=615, unchanged=328, early_stops=8/8
26 - INFO - chord#: 146 In build_straw_man_chord_sa. tolerance = 1, sa_iterations = 1000, initial_temperature = 3.0, cooling_rate = 0.999
26 - INFO - chord#: 132 done. best_score=27.0, changed=519, unchanged=373, early_stops=8/8
26 - INFO - chord#: 134 In build_straw_man_chord_sa. tolerance = 1, sa_iterations = 1000, initial_temperature = 3.0, cooling_rate = 0.999
26 - INFO - chord#: 147 done. best_score=36.0, changed=525, unchanged=409, early_stops=8/8
26 - INFO - chord#: 148 In build_straw_man_chord_sa. tolerance = 1, sa_iterations = 1000, initial_temperature = 3.0, cooling_rate = 0.999
26 - INFO - chord#: 144 done. best_score=64.0, changed=610, unchanged=303, early_stops=8/8
26 - INFO - chord#: 146 In build_straw_man_chord_sa. tolerance = 1, sa_iterations = 1000, initial_temperature = 3.0, cooling_rate = 0.999
26 - INFO - chord#: 114 done. best_score=70.0, changed=614, unchanged=249, early_stops=8/8
26 - INFO - chord#: 116 In build_straw_man_chord_sa. tolerance = 1, sa_iterations = 1000, initial_temperature = 3.0, cooling_rate = 0.999
26 - INFO - chord#: 150 done. best_score=27.0, changed=528, unchanged=430, early_stops=8/8
26 - INFO - chord#: 151 In build_straw_man_chord_sa. tolerance = 1, sa_iterations = 1000, initial_temperature = 3.0, cooling_rate = 0.999
26 - INFO - chord#: 146 done. best_score=27.0, changed=521, unchanged=394, early_stops=8/8
26 - INFO - chord#: 147 In build_straw_man_chord_sa. tolerance = 1, sa_iterations = 1000, initial_temperature = 3.0, cooling_rate = 0.999
26 - INFO - chord#: 138 done. best_score=96.0, changed=610, unchanged=286, early_stops=8/8
26 - INFO - chord#: 140 In build_straw_man_chord_sa. tolerance = 1, sa_iterations = 1000, initial_temperature = 3.0, cooling_rate = 0.999
26 - INFO - chord#: 120 done. best_score=27.0, changed=522, unchanged=478, early_stops=8/8
26 - INFO - chord#: 124 In build_straw_man_chord_sa. tolerance = 1, sa_iterations = 1000, initial_temperature = 3.0, cooling_rate = 0.999
26 - INFO - chord#: 130 done. best_score=36.0, changed=533, unchanged=465, early_stops=8/8
26 - INFO - chord#: 132 In build_straw_man_chord_sa. tolerance = 1, sa_iterations = 1000, initial_temperature = 3.0, cooling_rate = 0.999
26 - INFO - chord#: 116 done. best_score=27.0, changed=530, unchanged=480, early_stops=8/8
26 - INFO - chord#: 118 In build_straw_man_chord_sa. tolerance = 1, sa_iterations = 1000, initial_temperature = 3.0, cooling_rate = 0.999
26 - INFO - chord#: 148 done. best_score=27.0, changed=518, unchanged=365, early_stops=8/8
26 - INFO - chord#: 150 In build_straw_man_chord_sa. tolerance = 1, sa_iterations = 1000, initial_temperature = 3.0, cooling_rate = 0.999
26 - INFO - chord#: 146 done. best_score=27.0, changed=522, unchanged=425, early_stops=8/8
26 - INFO - chord#: 147 In build_straw_man_chord_sa. tolerance = 1, sa_iterations = 1000, initial_temperature = 3.0, cooling_rate = 0.999
26 - INFO - chord#: 116 done. best_score=27.0, changed=518, unchanged=415, early_stops=8/8
26 - INFO - chord#: 118 In build_straw_man_chord_sa. tolerance = 1, sa_iterations = 1000, initial_temperature = 3.0, cooling_rate = 0.999
26 - INFO - chord#: 147 done. best_score=36.0, changed=522, unchanged=362, early_stops=8/8
26 - INFO - chord#: 148 In build_straw_man_chord_sa. tolerance = 1, sa_iterations = 1000, initial_temperature = 3.0, cooling_rate = 0.999
26 - INFO - chord#: 140 done. best_score=27.0, changed=531, unchanged=529, early_stops=8/8
26 - INFO - chord#: 142 In build_straw_man_chord_sa. tolerance = 1, sa_iterations = 1000, initial_temperature = 3.0, cooling_rate = 0.999
26 - INFO - chord#: 132 done. best_score=27.0, changed=514, unchanged=312, early_stops=8/8
26 - INFO - chord#: 134 In build_straw_man_chord_sa. tolerance = 1, sa_iterations = 1000, initial_temperature = 3.0, cooling_rate = 0.999
26 - INFO - chord#: 150 done. best_score=27.0, changed=526, unchanged=381, early_stops=8/8
26 - INFO - chord#: 151 In build_straw_man_chord_sa. tolerance = 1, sa_iterations = 1000, initial_temperature = 3.0, cooling_rate = 0.999
26 - INFO - chord#: 124 done. best_score=27.0, changed=522, unchanged=447, early_stops=8/8
26 - INFO - chord#: 128 In build_straw_man_chord_sa. tolerance = 1, sa_iterations = 1000, initial_temperature = 3.0, cooling_rate = 0.999
26 - INFO - chord#: 138 done. best_score=67.0, changed=613, unchanged=333, early_stops=8/8
26 - INFO - chord#: 140 In build_straw_man_chord_sa. tolerance = 1, sa_iterations = 1000, initial_temperature = 3.0, cooling_rate = 0.999
26 - INFO - chord#: 147 done. best_score=36.0, changed=525, unchanged=481, early_stops=8/8
26 - INFO - chord#: 148 In build_straw_man_chord_sa. tolerance = 1, sa_iterations = 1000, initial_temperature = 3.0, cooling_rate = 0.999
26 - INFO - chord#: 118 done. best_score=27.0, changed=516, unchanged=440, early_stops=8/8
26 - INFO - chord#: 120 In build_straw_man_chord_sa. tolerance = 1, sa_iterations = 1000, initial_temperature = 3.0, cooling_rate = 0.999
26 - INFO - chord#: 134 done. best_score=149.0, changed=612, unchanged=308, early_stops=8/8
26 - INFO - chord#: 134 done. best_score=70.0, changed=612, unchanged=374, early_stops=8/8
26 - INFO - chord#: 136 In build_straw_man_chord_sa. tolerance = 1, sa_iterations = 1000, initial_temperature = 3.0, cooling_rate = 0.999
26 - INFO - chord#: 136 In build_straw_man_chord_sa. tolerance = 1, sa_iterations = 1000, initial_temperature = 3.0, cooling_rate = 0.999
26 - INFO - chord#: 118 done. best_score=27.0, changed=513, unchanged=325, early_stops=8/8
26 - INFO - chord#: 120 In build_straw_man_chord_sa. tolerance = 1, sa_iterations = 1000, initial_temperature = 3.0, cooling_rate = 0.999
26 - INFO - chord#: 148 done. best_score=27.0, changed=522, unchanged=501, early_stops=8/8
26 - INFO - chord#: 150 In build_straw_man_chord_sa. tolerance = 1, sa_iterations = 1000, initial_temperature = 3.0, cooling_rate = 0.999
26 - INFO - chord#: 128 done. best_score=27.0, changed=519, unchanged=354, early_stops=8/8
26 - INFO - chord#: 130 In build_straw_man_chord_sa. tolerance = 1, sa_iterations = 1000, initial_temperature = 3.0, cooling_rate = 0.999
26 - INFO - chord#: 148 done. best_score=27.0, changed=522, unchanged=411, early_stops=8/8
26 - INFO - chord#: 150 In build_straw_man_chord_sa. tolerance = 1, sa_iterations = 1000, initial_temperature = 3.0, cooling_rate = 0.999
26 - INFO - chord#: 151 done. best_score=74.0, changed=616, unchanged=527, early_stops=8/8
26 - INFO - chord#: 152 In build_straw_man_chord_sa. tolerance = 1, sa_iterations = 1000, initial_temperature = 3.0, cooling_rate = 0.999
26 - INFO - chord#: 136 done. best_score=27.0, changed=523, unchanged=367, early_stops=8/8
26 - INFO - chord#: 138 In build_straw_man_chord_sa. tolerance = 1, sa_iterations = 1000, initial_temperature = 3.0, cooling_rate = 0.999
26 - INFO - chord#: 140 done. best_score=27.0, changed=524, unchanged=502, early_stops=8/8
26 - INFO - chord#: 142 In build_straw_man_chord_sa. tolerance = 1, sa_iterations = 1000, initial_temperature = 3.0, cooling_rate = 0.999
26 - INFO - chord#: 136 done. best_score=27.0, changed=518, unchanged=357, early_stops=8/8
26 - INFO - chord#: 138 In build_straw_man_chord_sa. tolerance = 1, sa_iterations = 1000, initial_temperature = 3.0, cooling_rate = 0.999
26 - INFO - chord#: 120 done. best_score=27.0, changed=519, unchanged=511, early_stops=8/8
26 - INFO - chord#: 124 In build_straw_man_chord_sa. tolerance = 1, sa_iterations = 1000, initial_temperature = 3.0, cooling_rate = 0.999
26 - INFO - chord#: 150 done. best_score=27.0, changed=527, unchanged=413, early_stops=8/8
26 - INFO - chord#: 151 In build_straw_man_chord_sa. tolerance = 1, sa_iterations = 1000, initial_temperature = 3.0, cooling_rate = 0.999
26 - INFO - chord#: 142 done. best_score=71.0, changed=621, unchanged=337, early_stops=8/8
26 - INFO - chord#: 144 In build_straw_man_chord_sa. tolerance = 1, sa_iterations = 1000, initial_temperature = 3.0, cooling_rate = 0.999
26 - INFO - chord#: 120 done. best_score=27.0, changed=531, unchanged=386, early_stops=8/8
26 - INFO - chord#: 124 In build_straw_man_chord_sa. tolerance = 1, sa_iterations = 1000, initial_temperature = 3.0, cooling_rate = 0.999
26 - INFO - chord#: 150 done. best_score=27.0, changed=515, unchanged=349, early_stops=8/8
26 - INFO - chord#: 151 In build_straw_man_chord_sa. tolerance = 1, sa_iterations = 1000, initial_temperature = 3.0, cooling_rate = 0.999
26 - INFO - chord#: 151 done. best_score=74.0, changed=611, unchanged=354, early_stops=8/8
26 - INFO - chord#: 152 In build_straw_man_chord_sa. tolerance = 1, sa_iterations = 1000, initial_temperature = 3.0, cooling_rate = 0.999
26 - INFO - chord#: 152 done. best_score=27.0, changed=519, unchanged=451, early_stops=8/8
26 - INFO - chord#: 156 In build_straw_man_chord_sa. tolerance = 1, sa_iterations = 1000, initial_temperature = 3.0, cooling_rate = 0.999
26 - INFO - chord#: 130 done. best_score=36.0, changed=525, unchanged=386, early_stops=8/8
26 - INFO - chord#: 132 In build_straw_man_chord_sa. tolerance = 1, sa_iterations = 1000, initial_temperature = 3.0, cooling_rate = 0.999
26 - INFO - chord#: 134 done. best_score=70.0, changed=616, unchanged=272, early_stops=8/8
26 - INFO - chord#: 136 In build_straw_man_chord_sa. tolerance = 1, sa_iterations = 1000, initial_temperature = 3.0, cooling_rate = 0.999
26 - INFO - chord#: 124 done. best_score=27.0, changed=517, unchanged=368, early_stops=8/8
26 - INFO - chord#: 128 In build_straw_man_chord_sa. tolerance = 1, sa_iterations = 1000, initial_temperature = 3.0, cooling_rate = 0.999
26 - INFO - chord#: 156 done. best_score=27.0, changed=528, unchanged=351, early_stops=8/8
26 - INFO - chord#: 152 done. best_score=27.0, changed=517, unchanged=331, early_stops=8/8
26 - INFO - chord#: 156 In build_straw_man_chord_sa. tolerance = 1, sa_iterations = 1000, initial_temperature = 3.0, cooling_rate = 0.999
26 - INFO - chord#: 138 done. best_score=67.0, changed=608, unchanged=217, early_stops=8/8
26 - INFO - chord#: 140 In build_straw_man_chord_sa. tolerance = 1, sa_iterations = 1000, initial_temperature = 3.0, cooling_rate = 0.999
26 - INFO - chord#: 124 done. best_score=27.0, changed=519, unchanged=451, early_stops=8/8
26 - INFO - chord#: 128 In build_straw_man_chord_sa. tolerance = 1, sa_iterations = 1000, initial_temperature = 3.0, cooling_rate = 0.999
26 - INFO - chord#: 136 done. best_score=27.0, changed=524, unchanged=353, early_stops=8/8
26 - INFO - chord#: 138 In build_straw_man_chord_sa. tolerance = 1, sa_iterations = 1000, initial_temperature = 3.0, cooling_rate = 0.999
26 - INFO - chord#: 142 done. best_score=71.0, changed=612, unchanged=289, early_stops=8/8
26 - INFO - chord#: 144 In build_straw_man_chord_sa. tolerance = 1, sa_iterations = 1000, initial_temperature = 3.0, cooling_rate = 0.999
26 - INFO - chord#: 132 done. best_score=27.0, changed=535, unchanged=477, early_stops=8/8
26 - INFO - chord#: 134 In build_straw_man_chord_sa. tolerance = 1, sa_iterations = 1000, initial_temperature = 3.0, cooling_rate = 0.999
26 - INFO - chord#: 128 done. best_score=27.0, changed=519, unchanged=320, early_stops=8/8
26 - INFO - chord#: 130 In build_straw_man_chord_sa. tolerance = 1, sa_iterations = 1000, initial_temperature = 3.0, cooling_rate = 0.999
26 - INFO - chord#: 144 done. best_score=71.0, changed=616, unchanged=367, early_stops=8/8
26 - INFO - chord#: 146 In build_straw_man_chord_sa. tolerance = 1, sa_iterations = 1000, initial_temperature = 3.0, cooling_rate = 0.999
26 - INFO - chord#: 156 done. best_score=27.0, changed=525, unchanged=356, early_stops=8/8
26 - INFO - chord#: 151 done. best_score=121.0, changed=613, unchanged=380, early_stops=8/8
26 - INFO - chord#: 152 In build_straw_man_chord_sa. tolerance = 1, sa_iterations = 1000, initial_temperature = 3.0, cooling_rate = 0.999
26 - INFO - chord#: 138 done. best_score=96.0, changed=610, unchanged=261, early_stops=8/8
26 - INFO - chord#: 140 In build_straw_man_chord_sa. tolerance = 1, sa_iterations = 1000, initial_temperature = 3.0, cooling_rate = 0.999
26 - INFO - chord#: 140 done. best_score=27.0, changed=519, unchanged=472, early_stops=8/8
26 - INFO - chord#: 142 In build_straw_man_chord_sa. tolerance = 1, sa_iterations = 1000, initial_temperature = 3.0, cooling_rate = 0.999
26 - INFO - chord#: 151 done. best_score=74.0, changed=613, unchanged=430, early_stops=8/8
26 - INFO - chord#: 152 In build_straw_man_chord_sa. tolerance = 1, sa_iterations = 1000, initial_temperature = 3.0, cooling_rate = 0.999
26 - INFO - chord#: 128 done. best_score=27.0, changed=515, unchanged=400, early_stops=8/8
26 - INFO - chord#: 130 In build_straw_man_chord_sa. tolerance = 1, sa_iterations = 1000, initial_temperature = 3.0, cooling_rate = 0.999
26 - INFO - chord#: 146 done. best_score=27.0, changed=522, unchanged=425, early_stops=8/8
26 - INFO - chord#: 147 In build_straw_man_chord_sa. tolerance = 1, sa_iterations = 1000, initial_temperature = 3.0, cooling_rate = 0.999
26 - INFO - chord#: 152 done. best_score=27.0, changed=516, unchanged=336, early_stops=8/8
26 - INFO - chord#: 156 In build_straw_man_chord_sa. tolerance = 1, sa_iterations = 1000, initial_temperature = 3.0, cooling_rate = 0.999
26 - INFO - chord#: 130 done. best_score=36.0, changed=518, unchanged=341, early_stops=8/8
26 - INFO - chord#: 132 In build_straw_man_chord_sa. tolerance = 1, sa_iterations = 1000, initial_temperature = 3.0, cooling_rate = 0.999
26 - INFO - chord#: 140 done. best_score=27.0, changed=526, unchanged=505, early_stops=8/8
26 - INFO - chord#: 142 In build_straw_man_chord_sa. tolerance = 1, sa_iterations = 1000, initial_temperature = 3.0, cooling_rate = 0.999
26 - INFO - chord#: 152 done. best_score=27.0, changed=521, unchanged=507, early_stops=8/8
26 - INFO - chord#: 156 In build_straw_man_chord_sa. tolerance = 1, sa_iterations = 1000, initial_temperature = 3.0, cooling_rate = 0.999
26 - INFO - chord#: 144 done. best_score=71.0, changed=612, unchanged=312, early_stops=8/8
26 - INFO - chord#: 146 In build_straw_man_chord_sa. tolerance = 1, sa_iterations = 1000, initial_temperature = 3.0, cooling_rate = 0.999
26 - INFO - chord#: 130 done. best_score=36.0, changed=521, unchanged=397, early_stops=8/8
26 - INFO - chord#: 132 In build_straw_man_chord_sa. tolerance = 1, sa_iterations = 1000, initial_temperature = 3.0, cooling_rate = 0.999
26 - INFO - chord#: 156 done. best_score=27.0, changed=528, unchanged=416, early_stops=8/8
26 - INFO - chord#: 147 done. best_score=36.0, changed=526, unchanged=366, early_stops=8/8
26 - INFO - chord#: 148 In build_straw_man_chord_sa. tolerance = 1, sa_iterations = 1000, initial_temperature = 3.0, cooling_rate = 0.999
26 - INFO - chord#: 138 done. best_score=67.0, changed=612, unchanged=402, early_stops=8/8
26 - INFO - chord#: 140 In build_straw_man_chord_sa. tolerance = 1, sa_iterations = 1000, initial_temperature = 3.0, cooling_rate = 0.999
26 - INFO - chord#: 132 done. best_score=27.0, changed=521, unchanged=452, early_stops=8/8
26 - INFO - chord#: 134 In build_straw_man_chord_sa. tolerance = 1, sa_iterations = 1000, initial_temperature = 3.0, cooling_rate = 0.999
26 - INFO - chord#: 134 done. best_score=103.0, changed=607, unchanged=241, early_stops=8/8
26 - INFO - chord#: 136 In build_straw_man_chord_sa. tolerance = 1, sa_iterations = 1000, initial_temperature = 3.0, cooling_rate = 0.999
26 - INFO - chord#: 142 done. best_score=64.0, changed=613, unchanged=383, early_stops=8/8
26 - INFO - chord#: 144 In build_straw_man_chord_sa. tolerance = 1, sa_iterations = 1000, initial_temperature = 3.0, cooling_rate = 0.999
26 - INFO - chord#: 156 done. best_score=27.0, changed=526, unchanged=383, early_stops=8/8
26 - INFO - chord#: 146 done. best_score=27.0, changed=517, unchanged=360, early_stops=8/8
26 - INFO - chord#: 147 In build_straw_man_chord_sa. tolerance = 1, sa_iterations = 1000, initial_temperature = 3.0, cooling_rate = 0.999
26 - INFO - chord#: 148 done. best_score=27.0, changed=527, unchanged=459, early_stops=8/8
26 - INFO - chord#: 150 In build_straw_man_chord_sa. tolerance = 1, sa_iterations = 1000, initial_temperature = 3.0, cooling_rate = 0.999
26 - INFO - chord#: 132 done. best_score=27.0, changed=521, unchanged=387, early_stops=8/8
26 - INFO - chord#: 134 In build_straw_man_chord_sa. tolerance = 1, sa_iterations = 1000, initial_temperature = 3.0, cooling_rate = 0.999
26 - INFO - chord#: 140 done. best_score=27.0, changed=518, unchanged=365, early_stops=8/8
26 - INFO - chord#: 142 In build_straw_man_chord_sa. tolerance = 1, sa_iterations = 1000, initial_temperature = 3.0, cooling_rate = 0.999
26 - INFO - chord#: 136 done. best_score=27.0, changed=524, unchanged=397, early_stops=8/8
26 - INFO - chord#: 138 In build_straw_man_chord_sa. tolerance = 1, sa_iterations = 1000, initial_temperature = 3.0, cooling_rate = 0.999
26 - INFO - chord#: 147 done. best_score=36.0, changed=518, unchanged=389, early_stops=8/8
26 - INFO - chord#: 148 In build_straw_man_chord_sa. tolerance = 1, sa_iterations = 1000, initial_temperature = 3.0, cooling_rate = 0.999
26 - INFO - chord#: 150 done. best_score=27.0, changed=529, unchanged=478, early_stops=8/8
26 - INFO - chord#: 151 In build_straw_man_chord_sa. tolerance = 1, sa_iterations = 1000, initial_temperature = 3.0, cooling_rate = 0.999
26 - INFO - chord#: 148 done. best_score=27.0, changed=527, unchanged=425, early_stops=8/8
26 - INFO - chord#: 150 In build_straw_man_chord_sa. tolerance = 1, sa_iterations = 1000, initial_temperature = 3.0, cooling_rate = 0.999
26 - INFO - chord#: 142 done. best_score=64.0, changed=613, unchanged=408, early_stops=8/8
26 - INFO - chord#: 144 In build_straw_man_chord_sa. tolerance = 1, sa_iterations = 1000, initial_temperature = 3.0, cooling_rate = 0.999
26 - INFO - chord#: 144 done. best_score=64.0, changed=613, unchanged=360, early_stops=8/8
26 - INFO - chord#: 146 In build_straw_man_chord_sa. tolerance = 1, sa_iterations = 1000, initial_temperature = 3.0, cooling_rate = 0.999
26 - INFO - chord#: 134 done. best_score=103.0, changed=614, unchanged=336, early_stops=8/8
26 - INFO - chord#: 136 In build_straw_man_chord_sa. tolerance = 1, sa_iterations = 1000, initial_temperature = 3.0, cooling_rate = 0.999
26 - INFO - chord#: 142 done. best_score=64.0, changed=612, unchanged=362, early_stops=8/8
26 - INFO - chord#: 144 In build_straw_man_chord_sa. tolerance = 1, sa_iterations = 1000, initial_temperature = 3.0, cooling_rate = 0.999
26 - INFO - chord#: 150 done. best_score=27.0, changed=528, unchanged=377, early_stops=8/8
26 - INFO - chord#: 151 In build_straw_man_chord_sa. tolerance = 1, sa_iterations = 1000, initial_temperature = 3.0, cooling_rate = 0.999
26 - INFO - chord#: 146 done. best_score=27.0, changed=519, unchanged=370, early_stops=8/8
26 - INFO - chord#: 147 In build_straw_man_chord_sa. tolerance = 1, sa_iterations = 1000, initial_temperature = 3.0, cooling_rate = 0.999
26 - INFO - chord#: 138 done. best_score=67.0, changed=614, unchanged=404, early_stops=8/8
26 - INFO - chord#: 140 In build_straw_man_chord_sa. tolerance = 1, sa_iterations = 1000, initial_temperature = 3.0, cooling_rate = 0.999
26 - INFO - chord#: 134 done. best_score=103.0, changed=614, unchanged=331, early_stops=8/8
26 - INFO - chord#: 136 In build_straw_man_chord_sa. tolerance = 1, sa_iterations = 1000, initial_temperature = 3.0, cooling_rate = 0.999
26 - INFO - chord#: 136 done. best_score=27.0, changed=529, unchanged=423, early_stops=8/8
26 - INFO - chord#: 138 In build_straw_man_chord_sa. tolerance = 1, sa_iterations = 1000, initial_temperature = 3.0, cooling_rate = 0.999
26 - INFO - chord#: 151 done. best_score=96.0, changed=610, unchanged=353, early_stops=8/8
26 - INFO - chord#: 152 In build_straw_man_chord_sa. tolerance = 1, sa_iterations = 1000, initial_temperature = 3.0, cooling_rate = 0.999
26 - INFO - chord#: 147 done. best_score=36.0, changed=526, unchanged=427, early_stops=8/8
26 - INFO - chord#: 148 In build_straw_man_chord_sa. tolerance = 1, sa_iterations = 1000, initial_temperature = 3.0, cooling_rate = 0.999
26 - INFO - chord#: 140 done. best_score=27.0, changed=518, unchanged=401, early_stops=8/8
26 - INFO - chord#: 142 In build_straw_man_chord_sa. tolerance = 1, sa_iterations = 1000, initial_temperature = 3.0, cooling_rate = 0.999
26 - INFO - chord#: 144 done. best_score=154.0, changed=608, unchanged=255, early_stops=8/8
26 - INFO - chord#: 146 In build_straw_man_chord_sa. tolerance = 1, sa_iterations = 1000, initial_temperature = 3.0, cooling_rate = 0.999
26 - INFO - chord#: 136 done. best_score=27.0, changed=527, unchanged=410, early_stops=8/8
26 - INFO - chord#: 138 In build_straw_man_chord_sa. tolerance = 1, sa_iterations = 1000, initial_temperature = 3.0, cooling_rate = 0.999
26 - INFO - chord#: 144 done. best_score=104.0, changed=615, unchanged=292, early_stops=8/8
26 - INFO - chord#: 146 In build_straw_man_chord_sa. tolerance = 1, sa_iterations = 1000, initial_temperature = 3.0, cooling_rate = 0.999
26 - INFO - chord#: 152 done. best_score=27.0, changed=531, unchanged=523, early_stops=8/8
26 - INFO - chord#: 156 In build_straw_man_chord_sa. tolerance = 1, sa_iterations = 1000, initial_temperature = 3.0, cooling_rate = 0.999
26 - INFO - chord#: 148 done. best_score=27.0, changed=522, unchanged=444, early_stops=8/8
26 - INFO - chord#: 150 In build_straw_man_chord_sa. tolerance = 1, sa_iterations = 1000, initial_temperature = 3.0, cooling_rate = 0.999
26 - INFO - chord#: 146 done. best_score=27.0, changed=514, unchanged=399, early_stops=8/8
26 - INFO - chord#: 147 In build_straw_man_chord_sa. tolerance = 1, sa_iterations = 1000, initial_temperature = 3.0, cooling_rate = 0.999
26 - INFO - chord#: 151 done. best_score=74.0, changed=613, unchanged=404, early_stops=8/8
26 - INFO - chord#: 152 In build_straw_man_chord_sa. tolerance = 1, sa_iterations = 1000, initial_temperature = 3.0, cooling_rate = 0.999
26 - INFO - chord#: 138 done. best_score=96.0, changed=615, unchanged=337, early_stops=8/8
26 - INFO - chord#: 140 In build_straw_man_chord_sa. tolerance = 1, sa_iterations = 1000, initial_temperature = 3.0, cooling_rate = 0.999
26 - INFO - chord#: 146 done. best_score=27.0, changed=517, unchanged=370, early_stops=8/8
26 - INFO - chord#: 147 In build_straw_man_chord_sa. tolerance = 1, sa_iterations = 1000, initial_temperature = 3.0, cooling_rate = 0.999
26 - INFO - chord#: 156 done. best_score=27.0, changed=523, unchanged=480, early_stops=8/8
26 - INFO - chord#: 150 done. best_score=27.0, changed=519, unchanged=391, early_stops=8/8
26 - INFO - chord#: 151 In build_straw_man_chord_sa. tolerance = 1, sa_iterations = 1000, initial_temperature = 3.0, cooling_rate = 0.999
26 - INFO - chord#: 142 done. best_score=64.0, changed=613, unchanged=372, early_stops=8/8
26 - INFO - chord#: 144 In build_straw_man_chord_sa. tolerance = 1, sa_iterations = 1000, initial_temperature = 3.0, cooling_rate = 0.999
26 - INFO - chord#: 140 done. best_score=27.0, changed=525, unchanged=466, early_stops=8/8
26 - INFO - chord#: 142 In build_straw_man_chord_sa. tolerance = 1, sa_iterations = 1000, initial_temperature = 3.0, cooling_rate = 0.999
26 - INFO - chord#: 152 done. best_score=27.0, changed=525, unchanged=471, early_stops=8/8
26 - INFO - chord#: 156 In build_straw_man_chord_sa. tolerance = 1, sa_iterations = 1000, initial_temperature = 3.0, cooling_rate = 0.999
26 - INFO - chord#: 147 done. best_score=36.0, changed=519, unchanged=338, early_stops=8/8
26 - INFO - chord#: 148 In build_straw_man_chord_sa. tolerance = 1, sa_iterations = 1000, initial_temperature = 3.0, cooling_rate = 0.999
26 - INFO - chord#: 147 done. best_score=36.0, changed=524, unchanged=443, early_stops=8/8
26 - INFO - chord#: 148 In build_straw_man_chord_sa. tolerance = 1, sa_iterations = 1000, initial_temperature = 3.0, cooling_rate = 0.999
26 - INFO - chord#: 138 done. best_score=67.0, changed=613, unchanged=276, early_stops=8/8
26 - INFO - chord#: 140 In build_straw_man_chord_sa. tolerance = 1, sa_iterations = 1000, initial_temperature = 3.0, cooling_rate = 0.999
26 - INFO - chord#: 156 done. best_score=27.0, changed=526, unchanged=333, early_stops=8/8
26 - INFO - chord#: 148 done. best_score=27.0, changed=515, unchanged=388, early_stops=8/8
26 - INFO - chord#: 150 In build_straw_man_chord_sa. tolerance = 1, sa_iterations = 1000, initial_temperature = 3.0, cooling_rate = 0.999
26 - INFO - chord#: 148 done. best_score=27.0, changed=513, unchanged=353, early_stops=8/8
26 - INFO - chord#: 150 In build_straw_man_chord_sa. tolerance = 1, sa_iterations = 1000, initial_temperature = 3.0, cooling_rate = 0.999
26 - INFO - chord#: 140 done. best_score=27.0, changed=517, unchanged=415, early_stops=8/8
26 - INFO - chord#: 142 In build_straw_man_chord_sa. tolerance = 1, sa_iterations = 1000, initial_temperature = 3.0, cooling_rate = 0.999
26 - INFO - chord#: 151 done. best_score=74.0, changed=607, unchanged=275, early_stops=8/8
26 - INFO - chord#: 152 In build_straw_man_chord_sa. tolerance = 1, sa_iterations = 1000, initial_temperature = 3.0, cooling_rate = 0.999
26 - INFO - chord#: 150 done. best_score=27.0, changed=525, unchanged=386, early_stops=8/8
26 - INFO - chord#: 151 In build_straw_man_chord_sa. tolerance = 1, sa_iterations = 1000, initial_temperature = 3.0, cooling_rate = 0.999
26 - INFO - chord#: 144 done. best_score=64.0, changed=610, unchanged=365, early_stops=8/8
26 - INFO - chord#: 146 In build_straw_man_chord_sa. tolerance = 1, sa_iterations = 1000, initial_temperature = 3.0, cooling_rate = 0.999
26 - INFO - chord#: 150 done. best_score=27.0, changed=528, unchanged=517, early_stops=8/8
26 - INFO - chord#: 151 In build_straw_man_chord_sa. tolerance = 1, sa_iterations = 1000, initial_temperature = 3.0, cooling_rate = 0.999
26 - INFO - chord#: 142 done. best_score=64.0, changed=612, unchanged=349, early_stops=8/8
26 - INFO - chord#: 144 In build_straw_man_chord_sa. tolerance = 1, sa_iterations = 1000, initial_temperature = 3.0, cooling_rate = 0.999
26 - INFO - chord#: 152 done. best_score=27.0, changed=517, unchanged=343, early_stops=8/8
26 - INFO - chord#: 156 In build_straw_man_chord_sa. tolerance = 1, sa_iterations = 1000, initial_temperature = 3.0, cooling_rate = 0.999
26 - INFO - chord#: 146 done. best_score=27.0, changed=518, unchanged=451, early_stops=8/8
26 - INFO - chord#: 147 In build_straw_man_chord_sa. tolerance = 1, sa_iterations = 1000, initial_temperature = 3.0, cooling_rate = 0.999
26 - INFO - chord#: 142 done. best_score=64.0, changed=613, unchanged=394, early_stops=8/8
26 - INFO - chord#: 144 In build_straw_man_chord_sa. tolerance = 1, sa_iterations = 1000, initial_temperature = 3.0, cooling_rate = 0.999
26 - INFO - chord#: 156 done. best_score=27.0, changed=521, unchanged=418, early_stops=8/8
26 - INFO - chord#: 151 done. best_score=162.0, changed=606, unchanged=207, early_stops=8/8
26 - INFO - chord#: 152 In build_straw_man_chord_sa. tolerance = 1, sa_iterations = 1000, initial_temperature = 3.0, cooling_rate = 0.999
26 - INFO - chord#: 147 done. best_score=36.0, changed=522, unchanged=347, early_stops=8/8
26 - INFO - chord#: 148 In build_straw_man_chord_sa. tolerance = 1, sa_iterations = 1000, initial_temperature = 3.0, cooling_rate = 0.999
26 - INFO - chord#: 144 done. best_score=64.0, changed=615, unchanged=306, early_stops=8/8
26 - INFO - chord#: 146 In build_straw_man_chord_sa. tolerance = 1, sa_iterations = 1000, initial_temperature = 3.0, cooling_rate = 0.999
26 - INFO - chord#: 151 done. best_score=96.0, changed=611, unchanged=252, early_stops=8/8
26 - INFO - chord#: 152 In build_straw_man_chord_sa. tolerance = 1, sa_iterations = 1000, initial_temperature = 3.0, cooling_rate = 0.999
26 - INFO - chord#: 152 done. best_score=27.0, changed=526, unchanged=451, early_stops=8/8
26 - INFO - chord#: 156 In build_straw_man_chord_sa. tolerance = 1, sa_iterations = 1000, initial_temperature = 3.0, cooling_rate = 0.999
26 - INFO - chord#: 148 done. best_score=27.0, changed=522, unchanged=424, early_stops=8/8
26 - INFO - chord#: 150 In build_straw_man_chord_sa. tolerance = 1, sa_iterations = 1000, initial_temperature = 3.0, cooling_rate = 0.999
26 - INFO - chord#: 146 done. best_score=27.0, changed=527, unchanged=510, early_stops=8/8
26 - INFO - chord#: 147 In build_straw_man_chord_sa. tolerance = 1, sa_iterations = 1000, initial_temperature = 3.0, cooling_rate = 0.999
26 - INFO - chord#: 144 done. best_score=146.0, changed=610, unchanged=271, early_stops=8/8
26 - INFO - chord#: 146 In build_straw_man_chord_sa. tolerance = 1, sa_iterations = 1000, initial_temperature = 3.0, cooling_rate = 0.999
26 - INFO - chord#: 152 done. best_score=27.0, changed=521, unchanged=425, early_stops=8/8
26 - INFO - chord#: 156 In build_straw_man_chord_sa. tolerance = 1, sa_iterations = 1000, initial_temperature = 3.0, cooling_rate = 0.999
26 - INFO - chord#: 156 done. best_score=27.0, changed=524, unchanged=363, early_stops=8/8
26 - INFO - chord#: 150 done. best_score=27.0, changed=524, unchanged=355, early_stops=8/8
26 - INFO - chord#: 151 In build_straw_man_chord_sa. tolerance = 1, sa_iterations = 1000, initial_temperature = 3.0, cooling_rate = 0.999
26 - INFO - chord#: 146 done. best_score=27.0, changed=522, unchanged=359, early_stops=8/8
26 - INFO - chord#: 147 In build_straw_man_chord_sa. tolerance = 1, sa_iterations = 1000, initial_temperature = 3.0, cooling_rate = 0.999
26 - INFO - chord#: 147 done. best_score=36.0, changed=518, unchanged=340, early_stops=8/8
26 - INFO - chord#: 148 In build_straw_man_chord_sa. tolerance = 1, sa_iterations = 1000, initial_temperature = 3.0, cooling_rate = 0.999
26 - INFO - chord#: 156 done. best_score=27.0, changed=520, unchanged=342, early_stops=8/8
26 - INFO - chord#: 147 done. best_score=36.0, changed=511, unchanged=322, early_stops=8/8
26 - INFO - chord#: 148 In build_straw_man_chord_sa. tolerance = 1, sa_iterations = 1000, initial_temperature = 3.0, cooling_rate = 0.999
26 - INFO - chord#: 148 done. best_score=27.0, changed=523, unchanged=559, early_stops=8/8
26 - INFO - chord#: 150 In build_straw_man_chord_sa. tolerance = 1, sa_iterations = 1000, initial_temperature = 3.0, cooling_rate = 0.999
26 - INFO - chord#: 150 done. best_score=27.0, changed=521, unchanged=408, early_stops=8/8
26 - INFO - chord#: 151 In build_straw_man_chord_sa. tolerance = 1, sa_iterations = 1000, initial_temperature = 3.0, cooling_rate = 0.999
26 - INFO - chord#: 148 done. best_score=27.0, changed=521, unchanged=441, early_stops=8/8
26 - INFO - chord#: 150 In build_straw_man_chord_sa. tolerance = 1, sa_iterations = 1000, initial_temperature = 3.0, cooling_rate = 0.999
26 - INFO - chord#: 151 done. best_score=74.0, changed=612, unchanged=351, early_stops=8/8
26 - INFO - chord#: 152 In build_straw_man_chord_sa. tolerance = 1, sa_iterations = 1000, initial_temperature = 3.0, cooling_rate = 0.999
26 - INFO - chord#: 150 done. best_score=27.0, changed=526, unchanged=377, early_stops=8/8
26 - INFO - chord#: 151 In build_straw_man_chord_sa. tolerance = 1, sa_iterations = 1000, initial_temperature = 3.0, cooling_rate = 0.999
26 - INFO - chord#: 152 done. best_score=27.0, changed=521, unchanged=497, early_stops=8/8
26 - INFO - chord#: 156 In build_straw_man_chord_sa. tolerance = 1, sa_iterations = 1000, initial_temperature = 3.0, cooling_rate = 0.999
26 - INFO - chord#: 151 done. best_score=168.0, changed=613, unchanged=262, early_stops=8/8
26 - INFO - chord#: 152 In build_straw_man_chord_sa. tolerance = 1, sa_iterations = 1000, initial_temperature = 3.0, cooling_rate = 0.999
26 - INFO - chord#: 156 done. best_score=27.0, changed=525, unchanged=474, early_stops=8/8
26 - INFO - chord#: 151 done. best_score=121.0, changed=608, unchanged=289, early_stops=8/8
26 - INFO - chord#: 152 In build_straw_man_chord_sa. tolerance = 1, sa_iterations = 1000, initial_temperature = 3.0, cooling_rate = 0.999
26 - INFO - chord#: 152 done. best_score=27.0, changed=518, unchanged=440, early_stops=8/8
26 - INFO - chord#: 156 In build_straw_man_chord_sa. tolerance = 1, sa_iterations = 1000, initial_temperature = 3.0, cooling_rate = 0.999
26 - INFO - chord#: 156 done. best_score=27.0, changed=521, unchanged=336, early_stops=8/8
26 - INFO - chord#: 152 done. best_score=27.0, changed=519, unchanged=360, early_stops=8/8
26 - INFO - chord#: 156 In build_straw_man_chord_sa. tolerance = 1, sa_iterations = 1000, initial_temperature = 3.0, cooling_rate = 0.999
26 - INFO - chord#: 156 done. best_score=27.0, changed=522, unchanged=305, early_stops=8/8
26 - INFO - chord#: 0 In build_straw_man_chord_sa. tolerance = 1, sa_iterations = 1000, initial_temperature = 3.0, cooling_rate = 0.999
26 - INFO - chord#: 0 In build_straw_man_chord_sa. tolerance = 1, sa_iterations = 1000, initial_temperature = 3.0, cooling_rate = 0.999
26 - INFO - chord#: 0 In build_straw_man_chord_sa. tolerance = 1, sa_iterations = 1000, initial_temperature = 3.0, cooling_rate = 0.999
26 - INFO - chord#: 0 In build_straw_man_chord_sa. tolerance = 1, sa_iterations = 1000, initial_temperature = 3.0, cooling_rate = 0.999
26 - INFO - chord#: 0 In build_straw_man_chord_sa. tolerance = 1, sa_iterations = 1000, initial_temperature = 3.0, cooling_rate = 0.999
26 - INFO - chord#: 0 In build_straw_man_chord_sa. tolerance = 1, sa_iterations = 1000, initial_temperature = 3.0, cooling_rate = 0.999
26 - INFO - chord#: 0 In build_straw_man_chord_sa. tolerance = 1, sa_iterations = 1000, initial_temperature = 3.0, cooling_rate = 0.999
26 - INFO - chord#: 0 In build_straw_man_chord_sa. tolerance = 1, sa_iterations = 1000, initial_temperature = 3.0, cooling_rate = 0.999
26 - INFO - chord#: 0 In build_straw_man_chord_sa. tolerance = 1, sa_iterations = 1000, initial_temperature = 3.0, cooling_rate = 0.999
26 - INFO - chord#: 0 In build_straw_man_chord_sa. tolerance = 1, sa_iterations = 1000, initial_temperature = 3.0, cooling_rate = 0.999
26 - INFO - chord#: 0 In build_straw_man_chord_sa. tolerance = 1, sa_iterations = 1000, initial_temperature = 3.0, cooling_rate = 0.999
26 - INFO - chord#: 0 In build_straw_man_chord_sa. tolerance = 1, sa_iterations = 1000, initial_temperature = 3.0, cooling_rate = 0.999
26 - INFO - chord#: 0 done. best_score=27.0, changed=519, unchanged=375, early_stops=8/8
26 - INFO - chord#: 2 In build_straw_man_chord_sa. tolerance = 1, sa_iterations = 1000, initial_temperature = 3.0, cooling_rate = 0.999
26 - INFO - chord#: 0 done. best_score=27.0, changed=520, unchanged=380, early_stops=8/8
26 - INFO - chord#: 2 In build_straw_man_chord_sa. tolerance = 1, sa_iterations = 1000, initial_temperature = 3.0, cooling_rate = 0.999
26 - INFO - chord#: 0 done. best_score=27.0, changed=521, unchanged=432, early_stops=8/8
26 - INFO - chord#: 2 In build_straw_man_chord_sa. tolerance = 1, sa_iterations = 1000, initial_temperature = 3.0, cooling_rate = 0.999
26 - INFO - chord#: 0 done. best_score=27.0, changed=523, unchanged=474, early_stops=8/8
26 - INFO - chord#: 2 In build_straw_man_chord_sa. tolerance = 1, sa_iterations = 1000, initial_temperature = 3.0, cooling_rate = 0.999
26 - INFO - chord#: 0 done. best_score=27.0, changed=519, unchanged=543, early_stops=8/8
26 - INFO - chord#: 2 In build_straw_man_chord_sa. tolerance = 1, sa_iterations = 1000, initial_temperature = 3.0, cooling_rate = 0.999
26 - INFO - chord#: 0 done. best_score=36.0, changed=517, unchanged=329, early_stops=8/8
26 - INFO - chord#: 2 In build_straw_man_chord_sa. tolerance = 1, sa_iterations = 1000, initial_temperature = 3.0, cooling_rate = 0.999
26 - INFO - chord#: 0 done. best_score=27.0, changed=522, unchanged=431, early_stops=8/8
26 - INFO - chord#: 2 In build_straw_man_chord_sa. tolerance = 1, sa_iterations = 1000, initial_temperature = 3.0, cooling_rate = 0.999
26 - INFO - chord#: 0 done. best_score=27.0, changed=520, unchanged=359, early_stops=8/8
26 - INFO - chord#: 2 In build_straw_man_chord_sa. tolerance = 1, sa_iterations = 1000, initial_temperature = 3.0, cooling_rate = 0.999
26 - INFO - chord#: 0 done. best_score=27.0, changed=515, unchanged=388, early_stops=8/8
26 - INFO - chord#: 2 In build_straw_man_chord_sa. tolerance = 1, sa_iterations = 1000, initial_temperature = 3.0, cooling_rate = 0.999
26 - INFO - chord#: 0 done. best_score=36.0, changed=518, unchanged=383, early_stops=8/8
26 - INFO - chord#: 2 In build_straw_man_chord_sa. tolerance = 1, sa_iterations = 1000, initial_temperature = 3.0, cooling_rate = 0.999
26 - INFO - chord#: 0 done. best_score=27.0, changed=515, unchanged=458, early_stops=8/8
26 - INFO - chord#: 2 In build_straw_man_chord_sa. tolerance = 1, sa_iterations = 1000, initial_temperature = 3.0, cooling_rate = 0.999
26 - INFO - chord#: 0 done. best_score=27.0, changed=528, unchanged=608, early_stops=8/8
26 - INFO - chord#: 2 In build_straw_man_chord_sa. tolerance = 1, sa_iterations = 1000, initial_temperature = 3.0, cooling_rate = 0.999
26 - INFO - chord#: 2 done. best_score=93.0, changed=609, unchanged=231, early_stops=8/8
26 - INFO - chord#: 4 In build_straw_man_chord_sa. tolerance = 1, sa_iterations = 1000, initial_temperature = 3.0, cooling_rate = 0.999
26 - INFO - chord#: 2 done. best_score=93.0, changed=607, unchanged=282, early_stops=8/8
26 - INFO - chord#: 4 In build_straw_man_chord_sa. tolerance = 1, sa_iterations = 1000, initial_temperature = 3.0, cooling_rate = 0.999
26 - INFO - chord#: 2 done. best_score=96.0, changed=611, unchanged=379, early_stops=8/8
26 - INFO - chord#: 4 In build_straw_man_chord_sa. tolerance = 1, sa_iterations = 1000, initial_temperature = 3.0, cooling_rate = 0.999
26 - INFO - chord#: 2 done. best_score=93.0, changed=613, unchanged=323, early_stops=8/8
26 - INFO - chord#: 4 In build_straw_man_chord_sa. tolerance = 1, sa_iterations = 1000, initial_temperature = 3.0, cooling_rate = 0.999
26 - INFO - chord#: 2 done. best_score=96.0, changed=613, unchanged=265, early_stops=8/8
26 - INFO - chord#: 4 In build_straw_man_chord_sa. tolerance = 1, sa_iterations = 1000, initial_temperature = 3.0, cooling_rate = 0.999
26 - INFO - chord#: 2 done. best_score=99.0, changed=611, unchanged=378, early_stops=8/8
26 - INFO - chord#: 4 In build_straw_man_chord_sa. tolerance = 1, sa_iterations = 1000, initial_temperature = 3.0, cooling_rate = 0.999
26 - INFO - chord#: 4 done. best_score=27.0, changed=522, unchanged=334, early_stops=8/8
26 - INFO - chord#: 6 In build_straw_man_chord_sa. tolerance = 1, sa_iterations = 1000, initial_temperature = 3.0, cooling_rate = 0.999
26 - INFO - chord#: 2 done. best_score=93.0, changed=614, unchanged=324, early_stops=8/8
26 - INFO - chord#: 4 In build_straw_man_chord_sa. tolerance = 1, sa_iterations = 1000, initial_temperature = 3.0, cooling_rate = 0.999
26 - INFO - chord#: 2 done. best_score=160.0, changed=611, unchanged=228, early_stops=8/8
26 - INFO - chord#: 4 In build_straw_man_chord_sa. tolerance = 1, sa_iterations = 1000, initial_temperature = 3.0, cooling_rate = 0.999
26 - INFO - chord#: 2 done. best_score=94.0, changed=607, unchanged=346, early_stops=8/8
26 - INFO - chord#: 4 In build_straw_man_chord_sa. tolerance = 1, sa_iterations = 1000, initial_temperature = 3.0, cooling_rate = 0.999
26 - INFO - chord#: 4 done. best_score=27.0, changed=519, unchanged=338, early_stops=8/8
26 - INFO - chord#: 6 In build_straw_man_chord_sa. tolerance = 1, sa_iterations = 1000, initial_temperature = 3.0, cooling_rate = 0.999
26 - INFO - chord#: 4 done. best_score=27.0, changed=528, unchanged=338, early_stops=8/8
26 - INFO - chord#: 6 In build_straw_man_chord_sa. tolerance = 1, sa_iterations = 1000, initial_temperature = 3.0, cooling_rate = 0.999
26 - INFO - chord#: 4 done. best_score=27.0, changed=517, unchanged=363, early_stops=8/8
26 - INFO - chord#: 6 In build_straw_man_chord_sa. tolerance = 1, sa_iterations = 1000, initial_temperature = 3.0, cooling_rate = 0.999
26 - INFO - chord#: 2 done. best_score=94.0, changed=614, unchanged=316, early_stops=8/8
26 - INFO - chord#: 4 In build_straw_man_chord_sa. tolerance = 1, sa_iterations = 1000, initial_temperature = 3.0, cooling_rate = 0.999
26 - INFO - chord#: 4 done. best_score=27.0, changed=518, unchanged=338, early_stops=8/8
26 - INFO - chord#: 6 In build_straw_man_chord_sa. tolerance = 1, sa_iterations = 1000, initial_temperature = 3.0, cooling_rate = 0.999
26 - INFO - chord#: 2 done. best_score=94.0, changed=617, unchanged=445, early_stops=8/8
26 - INFO - chord#: 4 In build_straw_man_chord_sa. tolerance = 1, sa_iterations = 1000, initial_temperature = 3.0, cooling_rate = 0.999
26 - INFO - chord#: 4 done. best_score=27.0, changed=525, unchanged=380, early_stops=8/8
26 - INFO - chord#: 6 In build_straw_man_chord_sa. tolerance = 1, sa_iterations = 1000, initial_temperature = 3.0, cooling_rate = 0.999
26 - INFO - chord#: 4 done. best_score=27.0, changed=521, unchanged=337, early_stops=8/8
26 - INFO - chord#: 6 In build_straw_man_chord_sa. tolerance = 1, sa_iterations = 1000, initial_temperature = 3.0, cooling_rate = 0.999
26 - INFO - chord#: 2 done. best_score=93.0, changed=617, unchanged=575, early_stops=8/8
26 - INFO - chord#: 4 In build_straw_man_chord_sa. tolerance = 1, sa_iterations = 1000, initial_temperature = 3.0, cooling_rate = 0.999
26 - INFO - chord#: 4 done. best_score=27.0, changed=533, unchanged=332, early_stops=8/8
26 - INFO - chord#: 6 In build_straw_man_chord_sa. tolerance = 1, sa_iterations = 1000, initial_temperature = 3.0, cooling_rate = 0.999
26 - INFO - chord#: 4 done. best_score=27.0, changed=524, unchanged=335, early_stops=8/8
26 - INFO - chord#: 6 In build_straw_man_chord_sa. tolerance = 1, sa_iterations = 1000, initial_temperature = 3.0, cooling_rate = 0.999
26 - INFO - chord#: 4 done. best_score=36.0, changed=514, unchanged=316, early_stops=8/8
26 - INFO - chord#: 6 In build_straw_man_chord_sa. tolerance = 1, sa_iterations = 1000, initial_temperature = 3.0, cooling_rate = 0.999
26 - INFO - chord#: 4 done. best_score=36.0, changed=541, unchanged=423, early_stops=8/8
26 - INFO - chord#: 6 In build_straw_man_chord_sa. tolerance = 1, sa_iterations = 1000, initial_temperature = 3.0, cooling_rate = 0.999
26 - INFO - chord#: 4 done. best_score=27.0, changed=526, unchanged=389, early_stops=8/8
26 - INFO - chord#: 6 In build_straw_man_chord_sa. tolerance = 1, sa_iterations = 1000, initial_temperature = 3.0, cooling_rate = 0.999
26 - INFO - chord#: 6 done. best_score=74.0, changed=612, unchanged=347, early_stops=8/8
26 - INFO - chord#: 8 In build_straw_man_chord_sa. tolerance = 1, sa_iterations = 1000, initial_temperature = 3.0, cooling_rate = 0.999
26 - INFO - chord#: 6 done. best_score=148.0, changed=612, unchanged=291, early_stops=8/8
26 - INFO - chord#: 8 In build_straw_man_chord_sa. tolerance = 1, sa_iterations = 1000, initial_temperature = 3.0, cooling_rate = 0.999
26 - INFO - chord#: 6 done. best_score=74.0, changed=613, unchanged=298, early_stops=8/8
26 - INFO - chord#: 8 In build_straw_man_chord_sa. tolerance = 1, sa_iterations = 1000, initial_temperature = 3.0, cooling_rate = 0.999
26 - INFO - chord#: 6 done. best_score=96.0, changed=615, unchanged=369, early_stops=8/8
26 - INFO - chord#: 8 In build_straw_man_chord_sa. tolerance = 1, sa_iterations = 1000, initial_temperature = 3.0, cooling_rate = 0.999
26 - INFO - chord#: 6 done. best_score=96.0, changed=606, unchanged=266, early_stops=8/8
26 - INFO - chord#: 8 In build_straw_man_chord_sa. tolerance = 1, sa_iterations = 1000, initial_temperature = 3.0, cooling_rate = 0.999
26 - INFO - chord#: 6 done. best_score=149.0, changed=615, unchanged=244, early_stops=8/8
26 - INFO - chord#: 8 In build_straw_man_chord_sa. tolerance = 1, sa_iterations = 1000, initial_temperature = 3.0, cooling_rate = 0.999
26 - INFO - chord#: 8 done. best_score=27.0, changed=516, unchanged=385, early_stops=8/8
26 - INFO - chord#: 10 In build_straw_man_chord_sa. tolerance = 1, sa_iterations = 1000, initial_temperature = 3.0, cooling_rate = 0.999
26 - INFO - chord#: 8 done. best_score=27.0, changed=519, unchanged=350, early_stops=8/8
26 - INFO - chord#: 10 In build_straw_man_chord_sa. tolerance = 1, sa_iterations = 1000, initial_temperature = 3.0, cooling_rate = 0.999
26 - INFO - chord#: 6 done. best_score=74.0, changed=607, unchanged=217, early_stops=8/8
26 - INFO - chord#: 8 In build_straw_man_chord_sa. tolerance = 1, sa_iterations = 1000, initial_temperature = 3.0, cooling_rate = 0.999
26 - INFO - chord#: 8 done. best_score=27.0, changed=525, unchanged=375, early_stops=8/8
26 - INFO - chord#: 10 In build_straw_man_chord_sa. tolerance = 1, sa_iterations = 1000, initial_temperature = 3.0, cooling_rate = 0.999
26 - INFO - chord#: 6 done. best_score=74.0, changed=616, unchanged=361, early_stops=8/8
26 - INFO - chord#: 8 In build_straw_man_chord_sa. tolerance = 1, sa_iterations = 1000, initial_temperature = 3.0, cooling_rate = 0.999
26 - INFO - chord#: 8 done. best_score=27.0, changed=531, unchanged=385, early_stops=8/8
26 - INFO - chord#: 10 In build_straw_man_chord_sa. tolerance = 1, sa_iterations = 1000, initial_temperature = 3.0, cooling_rate = 0.999
26 - INFO - chord#: 8 done. best_score=27.0, changed=522, unchanged=377, early_stops=8/8
26 - INFO - chord#: 10 In build_straw_man_chord_sa. tolerance = 1, sa_iterations = 1000, initial_temperature = 3.0, cooling_rate = 0.999
26 - INFO - chord#: 6 done. best_score=96.0, changed=613, unchanged=256, early_stops=8/8
26 - INFO - chord#: 8 In build_straw_man_chord_sa. tolerance = 1, sa_iterations = 1000, initial_temperature = 3.0, cooling_rate = 0.999
26 - INFO - chord#: 10 done. best_score=27.0, changed=535, unchanged=335, early_stops=8/8
26 - INFO - chord#: 12 In build_straw_man_chord_sa. tolerance = 1, sa_iterations = 1000, initial_temperature = 3.0, cooling_rate = 0.999
26 - INFO - chord#: 10 done. best_score=27.0, changed=520, unchanged=303, early_stops=8/8
26 - INFO - chord#: 12 In build_straw_man_chord_sa. tolerance = 1, sa_iterations = 1000, initial_temperature = 3.0, cooling_rate = 0.999
26 - INFO - chord#: 8 done. best_score=27.0, changed=535, unchanged=500, early_stops=8/8
26 - INFO - chord#: 10 done. best_score=27.0, changed=522, unchanged=306, early_stops=8/8
26 - INFO - chord#: 6 done. best_score=149.0, changed=611, unchanged=204, early_stops=8/8
26 - INFO - chord#: 6 done. best_score=74.0, changed=614, unchanged=391, early_stops=8/8
26 - INFO - chord#: 8 In build_straw_man_chord_sa. tolerance = 1, sa_iterations = 1000, initial_temperature = 3.0, cooling_rate = 0.999
26 - INFO - chord#: 10 In build_straw_man_chord_sa. tolerance = 1, sa_iterations = 1000, initial_temperature = 3.0, cooling_rate = 0.999
26 - INFO - chord#: 8 In build_straw_man_chord_sa. tolerance = 1, sa_iterations = 1000, initial_temperature = 3.0, cooling_rate = 0.999
26 - INFO - chord#: 12 In build_straw_man_chord_sa. tolerance = 1, sa_iterations = 1000, initial_temperature = 3.0, cooling_rate = 0.999
26 - INFO - chord#: 8 done. best_score=27.0, changed=516, unchanged=404, early_stops=8/8
26 - INFO - chord#: 10 In build_straw_man_chord_sa. tolerance = 1, sa_iterations = 1000, initial_temperature = 3.0, cooling_rate = 0.999
26 - INFO - chord#: 8 done. best_score=27.0, changed=517, unchanged=317, early_stops=8/8
26 - INFO - chord#: 10 In build_straw_man_chord_sa. tolerance = 1, sa_iterations = 1000, initial_temperature = 3.0, cooling_rate = 0.999
26 - INFO - chord#: 10 done. best_score=27.0, changed=533, unchanged=333, early_stops=8/8
26 - INFO - chord#: 12 In build_straw_man_chord_sa. tolerance = 1, sa_iterations = 1000, initial_temperature = 3.0, cooling_rate = 0.999
26 - INFO - chord#: 10 done. best_score=27.0, changed=525, unchanged=361, early_stops=8/8
26 - INFO - chord#: 12 In build_straw_man_chord_sa. tolerance = 1, sa_iterations = 1000, initial_temperature = 3.0, cooling_rate = 0.999
26 - INFO - chord#: 8 done. best_score=27.0, changed=526, unchanged=356, early_stops=8/8
26 - INFO - chord#: 10 In build_straw_man_chord_sa. tolerance = 1, sa_iterations = 1000, initial_temperature = 3.0, cooling_rate = 0.999
26 - INFO - chord#: 6 done. best_score=162.0, changed=615, unchanged=293, early_stops=8/8
26 - INFO - chord#: 8 In build_straw_man_chord_sa. tolerance = 1, sa_iterations = 1000, initial_temperature = 3.0, cooling_rate = 0.999
26 - INFO - chord#: 12 done. best_score=27.0, changed=522, unchanged=417, early_stops=8/8
26 - INFO - chord#: 14 In build_straw_man_chord_sa. tolerance = 1, sa_iterations = 1000, initial_temperature = 3.0, cooling_rate = 0.999
26 - INFO - chord#: 10 done. best_score=27.0, changed=523, unchanged=338, early_stops=8/8
26 - INFO - chord#: 12 In build_straw_man_chord_sa. tolerance = 1, sa_iterations = 1000, initial_temperature = 3.0, cooling_rate = 0.999
26 - INFO - chord#: 10 done. best_score=27.0, changed=530, unchanged=373, early_stops=8/8
26 - INFO - chord#: 12 In build_straw_man_chord_sa. tolerance = 1, sa_iterations = 1000, initial_temperature = 3.0, cooling_rate = 0.999
26 - INFO - chord#: 10 done. best_score=27.0, changed=531, unchanged=359, early_stops=8/8
26 - INFO - chord#: 12 In build_straw_man_chord_sa. tolerance = 1, sa_iterations = 1000, initial_temperature = 3.0, cooling_rate = 0.999
26 - INFO - chord#: 8 done. best_score=27.0, changed=520, unchanged=379, early_stops=8/8
26 - INFO - chord#: 10 In build_straw_man_chord_sa. tolerance = 1, sa_iterations = 1000, initial_temperature = 3.0, cooling_rate = 0.999
26 - INFO - chord#: 8 done. best_score=27.0, changed=513, unchanged=404, early_stops=8/8
26 - INFO - chord#: 10 In build_straw_man_chord_sa. tolerance = 1, sa_iterations = 1000, initial_temperature = 3.0, cooling_rate = 0.999
26 - INFO - chord#: 12 done. best_score=27.0, changed=519, unchanged=425, early_stops=8/8
26 - INFO - chord#: 14 In build_straw_man_chord_sa. tolerance = 1, sa_iterations = 1000, initial_temperature = 3.0, cooling_rate = 0.999
26 - INFO - chord#: 10 done. best_score=27.0, changed=532, unchanged=375, early_stops=8/8
26 - INFO - chord#: 12 In build_straw_man_chord_sa. tolerance = 1, sa_iterations = 1000, initial_temperature = 3.0, cooling_rate = 0.999
26 - INFO - chord#: 12 done. best_score=27.0, changed=526, unchanged=420, early_stops=8/8
26 - INFO - chord#: 14 In build_straw_man_chord_sa. tolerance = 1, sa_iterations = 1000, initial_temperature = 3.0, cooling_rate = 0.999
26 - INFO - chord#: 12 done. best_score=27.0, changed=520, unchanged=476, early_stops=8/8
26 - INFO - chord#: 14 In build_straw_man_chord_sa. tolerance = 1, sa_iterations = 1000, initial_temperature = 3.0, cooling_rate = 0.999
26 - INFO - chord#: 12 done. best_score=27.0, changed=526, unchanged=532, early_stops=8/8
26 - INFO - chord#: 14 In build_straw_man_chord_sa. tolerance = 1, sa_iterations = 1000, initial_temperature = 3.0, cooling_rate = 0.999
26 - INFO - chord#: 14 done. best_score=27.0, changed=517, unchanged=489, early_stops=8/8
26 - INFO - chord#: 16 In build_straw_man_chord_sa. tolerance = 1, sa_iterations = 1000, initial_temperature = 3.0, cooling_rate = 0.999
26 - INFO - chord#: 8 done. best_score=27.0, changed=519, unchanged=433, early_stops=8/8
26 - INFO - chord#: 10 In build_straw_man_chord_sa. tolerance = 1, sa_iterations = 1000, initial_temperature = 3.0, cooling_rate = 0.999
26 - INFO - chord#: 12 done. best_score=27.0, changed=527, unchanged=478, early_stops=8/8
26 - INFO - chord#: 10 done. best_score=27.0, changed=523, unchanged=311, early_stops=8/8
26 - INFO - chord#: 14 In build_straw_man_chord_sa. tolerance = 1, sa_iterations = 1000, initial_temperature = 3.0, cooling_rate = 0.999
26 - INFO - chord#: 12 In build_straw_man_chord_sa. tolerance = 1, sa_iterations = 1000, initial_temperature = 3.0, cooling_rate = 0.999
26 - INFO - chord#: 12 done. best_score=27.0, changed=520, unchanged=400, early_stops=8/8
26 - INFO - chord#: 14 In build_straw_man_chord_sa. tolerance = 1, sa_iterations = 1000, initial_temperature = 3.0, cooling_rate = 0.999
26 - INFO - chord#: 10 done. best_score=27.0, changed=527, unchanged=381, early_stops=8/8
26 - INFO - chord#: 12 In build_straw_man_chord_sa. tolerance = 1, sa_iterations = 1000, initial_temperature = 3.0, cooling_rate = 0.999
26 - INFO - chord#: 12 done. best_score=27.0, changed=519, unchanged=438, early_stops=8/8
26 - INFO - chord#: 14 In build_straw_man_chord_sa. tolerance = 1, sa_iterations = 1000, initial_temperature = 3.0, cooling_rate = 0.999
26 - INFO - chord#: 12 done. best_score=27.0, changed=516, unchanged=394, early_stops=8/8
26 - INFO - chord#: 14 In build_straw_man_chord_sa. tolerance = 1, sa_iterations = 1000, initial_temperature = 3.0, cooling_rate = 0.999
26 - INFO - chord#: 14 done. best_score=27.0, changed=513, unchanged=415, early_stops=8/8
26 - INFO - chord#: 16 In build_straw_man_chord_sa. tolerance = 1, sa_iterations = 1000, initial_temperature = 3.0, cooling_rate = 0.999
26 - INFO - chord#: 14 done. best_score=27.0, changed=522, unchanged=371, early_stops=8/8
26 - INFO - chord#: 16 In build_straw_man_chord_sa. tolerance = 1, sa_iterations = 1000, initial_temperature = 3.0, cooling_rate = 0.999
26 - INFO - chord#: 14 done. best_score=27.0, changed=526, unchanged=358, early_stops=8/8
26 - INFO - chord#: 16 In build_straw_man_chord_sa. tolerance = 1, sa_iterations = 1000, initial_temperature = 3.0, cooling_rate = 0.999
26 - INFO - chord#: 14 done. best_score=27.0, changed=529, unchanged=376, early_stops=8/8
26 - INFO - chord#: 16 In build_straw_man_chord_sa. tolerance = 1, sa_iterations = 1000, initial_temperature = 3.0, cooling_rate = 0.999
26 - INFO - chord#: 10 done. best_score=27.0, changed=526, unchanged=304, early_stops=8/8
26 - INFO - chord#: 12 In build_straw_man_chord_sa. tolerance = 1, sa_iterations = 1000, initial_temperature = 3.0, cooling_rate = 0.999
26 - INFO - chord#: 16 done. best_score=27.0, changed=520, unchanged=431, early_stops=8/8
26 - INFO - chord#: 18 In build_straw_man_chord_sa. tolerance = 1, sa_iterations = 1000, initial_temperature = 3.0, cooling_rate = 0.999
26 - INFO - chord#: 14 done. best_score=27.0, changed=517, unchanged=331, early_stops=8/8
26 - INFO - chord#: 16 In build_straw_man_chord_sa. tolerance = 1, sa_iterations = 1000, initial_temperature = 3.0, cooling_rate = 0.999
26 - INFO - chord#: 14 done. best_score=27.0, changed=529, unchanged=515, early_stops=8/8
26 - INFO - chord#: 16 In build_straw_man_chord_sa. tolerance = 1, sa_iterations = 1000, initial_temperature = 3.0, cooling_rate = 0.999
26 - INFO - chord#: 14 done. best_score=27.0, changed=526, unchanged=434, early_stops=8/8
26 - INFO - chord#: 16 In build_straw_man_chord_sa. tolerance = 1, sa_iterations = 1000, initial_temperature = 3.0, cooling_rate = 0.999
26 - INFO - chord#: 16 done. best_score=27.0, changed=520, unchanged=333, early_stops=8/8
26 - INFO - chord#: 18 In build_straw_man_chord_sa. tolerance = 1, sa_iterations = 1000, initial_temperature = 3.0, cooling_rate = 0.999
26 - INFO - chord#: 12 done. best_score=27.0, changed=528, unchanged=379, early_stops=8/8
26 - INFO - chord#: 14 In build_straw_man_chord_sa. tolerance = 1, sa_iterations = 1000, initial_temperature = 3.0, cooling_rate = 0.999
26 - INFO - chord#: 12 done. best_score=27.0, changed=511, unchanged=392, early_stops=8/8
26 - INFO - chord#: 14 In build_straw_man_chord_sa. tolerance = 1, sa_iterations = 1000, initial_temperature = 3.0, cooling_rate = 0.999
26 - INFO - chord#: 16 done. best_score=27.0, changed=518, unchanged=429, early_stops=8/8
26 - INFO - chord#: 18 In build_straw_man_chord_sa. tolerance = 1, sa_iterations = 1000, initial_temperature = 3.0, cooling_rate = 0.999
26 - INFO - chord#: 14 done. best_score=27.0, changed=527, unchanged=457, early_stops=8/8
26 - INFO - chord#: 16 In build_straw_man_chord_sa. tolerance = 1, sa_iterations = 1000, initial_temperature = 3.0, cooling_rate = 0.999
26 - INFO - chord#: 16 done. best_score=27.0, changed=523, unchanged=347, early_stops=8/8
26 - INFO - chord#: 18 In build_straw_man_chord_sa. tolerance = 1, sa_iterations = 1000, initial_temperature = 3.0, cooling_rate = 0.999
26 - INFO - chord#: 16 done. best_score=27.0, changed=527, unchanged=425, early_stops=8/8
26 - INFO - chord#: 18 In build_straw_man_chord_sa. tolerance = 1, sa_iterations = 1000, initial_temperature = 3.0, cooling_rate = 0.999
26 - INFO - chord#: 12 done. best_score=27.0, changed=524, unchanged=388, early_stops=8/8
26 - INFO - chord#: 14 In build_straw_man_chord_sa. tolerance = 1, sa_iterations = 1000, initial_temperature = 3.0, cooling_rate = 0.999
26 - INFO - chord#: 16 done. best_score=27.0, changed=514, unchanged=372, early_stops=8/8
26 - INFO - chord#: 18 In build_straw_man_chord_sa. tolerance = 1, sa_iterations = 1000, initial_temperature = 3.0, cooling_rate = 0.999
26 - INFO - chord#: 16 done. best_score=27.0, changed=516, unchanged=349, early_stops=8/8
26 - INFO - chord#: 18 In build_straw_man_chord_sa. tolerance = 1, sa_iterations = 1000, initial_temperature = 3.0, cooling_rate = 0.999
26 - INFO - chord#: 16 done. best_score=27.0, changed=527, unchanged=505, early_stops=8/8
26 - INFO - chord#: 18 In build_straw_man_chord_sa. tolerance = 1, sa_iterations = 1000, initial_temperature = 3.0, cooling_rate = 0.999
26 - INFO - chord#: 14 done. best_score=27.0, changed=516, unchanged=383, early_stops=8/8
26 - INFO - chord#: 16 In build_straw_man_chord_sa. tolerance = 1, sa_iterations = 1000, initial_temperature = 3.0, cooling_rate = 0.999
26 - INFO - chord#: 14 done. best_score=27.0, changed=524, unchanged=372, early_stops=8/8
26 - INFO - chord#: 16 In build_straw_man_chord_sa. tolerance = 1, sa_iterations = 1000, initial_temperature = 3.0, cooling_rate = 0.999
26 - INFO - chord#: 16 done. best_score=27.0, changed=516, unchanged=439, early_stops=8/8
26 - INFO - chord#: 18 In build_straw_man_chord_sa. tolerance = 1, sa_iterations = 1000, initial_temperature = 3.0, cooling_rate = 0.999
26 - INFO - chord#: 18 done. best_score=78.0, changed=613, unchanged=290, early_stops=8/8
26 - INFO - chord#: 20 In build_straw_man_chord_sa. tolerance = 1, sa_iterations = 1000, initial_temperature = 3.0, cooling_rate = 0.999
26 - INFO - chord#: 14 done. best_score=27.0, changed=519, unchanged=513, early_stops=8/8
26 - INFO - chord#: 16 In build_straw_man_chord_sa. tolerance = 1, sa_iterations = 1000, initial_temperature = 3.0, cooling_rate = 0.999
26 - INFO - chord#: 18 done. best_score=78.0, changed=612, unchanged=270, early_stops=8/8
26 - INFO - chord#: 20 In build_straw_man_chord_sa. tolerance = 1, sa_iterations = 1000, initial_temperature = 3.0, cooling_rate = 0.999
26 - INFO - chord#: 16 done. best_score=27.0, changed=523, unchanged=358, early_stops=8/8
26 - INFO - chord#: 18 In build_straw_man_chord_sa. tolerance = 1, sa_iterations = 1000, initial_temperature = 3.0, cooling_rate = 0.999
26 - INFO - chord#: 16 done. best_score=27.0, changed=520, unchanged=493, early_stops=8/8
26 - INFO - chord#: 18 In build_straw_man_chord_sa. tolerance = 1, sa_iterations = 1000, initial_temperature = 3.0, cooling_rate = 0.999
26 - INFO - chord#: 20 done. best_score=27.0, changed=526, unchanged=464, early_stops=8/8
26 - INFO - chord#: 22 In build_straw_man_chord_sa. tolerance = 1, sa_iterations = 1000, initial_temperature = 3.0, cooling_rate = 0.999
26 - INFO - chord#: 18 done. best_score=78.0, changed=609, unchanged=215, early_stops=8/8
26 - INFO - chord#: 20 In build_straw_man_chord_sa. tolerance = 1, sa_iterations = 1000, initial_temperature = 3.0, cooling_rate = 0.999
26 - INFO - chord#: 18 done. best_score=119.0, changed=607, unchanged=203, early_stops=8/8
26 - INFO - chord#: 20 In build_straw_man_chord_sa. tolerance = 1, sa_iterations = 1000, initial_temperature = 3.0, cooling_rate = 0.999
26 - INFO - chord#: 18 done. best_score=67.0, changed=617, unchanged=508, early_stops=8/8
26 - INFO - chord#: 20 In build_straw_man_chord_sa. tolerance = 1, sa_iterations = 1000, initial_temperature = 3.0, cooling_rate = 0.999
26 - INFO - chord#: 20 done. best_score=27.0, changed=517, unchanged=434, early_stops=8/8
26 - INFO - chord#: 22 In build_straw_man_chord_sa. tolerance = 1, sa_iterations = 1000, initial_temperature = 3.0, cooling_rate = 0.999
26 - INFO - chord#: 18 done. best_score=137.0, changed=611, unchanged=280, early_stops=8/8
26 - INFO - chord#: 20 In build_straw_man_chord_sa. tolerance = 1, sa_iterations = 1000, initial_temperature = 3.0, cooling_rate = 0.999
26 - INFO - chord#: 16 done. best_score=27.0, changed=527, unchanged=418, early_stops=8/8
26 - INFO - chord#: 18 In build_straw_man_chord_sa. tolerance = 1, sa_iterations = 1000, initial_temperature = 3.0, cooling_rate = 0.999
26 - INFO - chord#: 18 done. best_score=78.0, changed=611, unchanged=339, early_stops=8/8
26 - INFO - chord#: 20 In build_straw_man_chord_sa. tolerance = 1, sa_iterations = 1000, initial_temperature = 3.0, cooling_rate = 0.999
26 - INFO - chord#: 18 done. best_score=78.0, changed=615, unchanged=392, early_stops=8/8
26 - INFO - chord#: 20 In build_straw_man_chord_sa. tolerance = 1, sa_iterations = 1000, initial_temperature = 3.0, cooling_rate = 0.999
26 - INFO - chord#: 22 done. best_score=27.0, changed=514, unchanged=457, early_stops=8/8
26 - INFO - chord#: 24 In build_straw_man_chord_sa. tolerance = 1, sa_iterations = 1000, initial_temperature = 3.0, cooling_rate = 0.999
26 - INFO - chord#: 20 done. best_score=27.0, changed=527, unchanged=453, early_stops=8/8
26 - INFO - chord#: 22 In build_straw_man_chord_sa. tolerance = 1, sa_iterations = 1000, initial_temperature = 3.0, cooling_rate = 0.999
26 - INFO - chord#: 22 done. best_score=27.0, changed=508, unchanged=403, early_stops=8/8
26 - INFO - chord#: 24 In build_straw_man_chord_sa. tolerance = 1, sa_iterations = 1000, initial_temperature = 3.0, cooling_rate = 0.999
26 - INFO - chord#: 20 done. best_score=27.0, changed=523, unchanged=421, early_stops=8/8
26 - INFO - chord#: 22 In build_straw_man_chord_sa. tolerance = 1, sa_iterations = 1000, initial_temperature = 3.0, cooling_rate = 0.999
26 - INFO - chord#: 20 done. best_score=27.0, changed=525, unchanged=571, early_stops=8/8
26 - INFO - chord#: 22 In build_straw_man_chord_sa. tolerance = 1, sa_iterations = 1000, initial_temperature = 3.0, cooling_rate = 0.999
26 - INFO - chord#: 20 done. best_score=27.0, changed=516, unchanged=439, early_stops=8/8
26 - INFO - chord#: 22 In build_straw_man_chord_sa. tolerance = 1, sa_iterations = 1000, initial_temperature = 3.0, cooling_rate = 0.999
26 - INFO - chord#: 18 done. best_score=158.0, changed=614, unchanged=301, early_stops=8/8
26 - INFO - chord#: 20 In build_straw_man_chord_sa. tolerance = 1, sa_iterations = 1000, initial_temperature = 3.0, cooling_rate = 0.999
26 - INFO - chord#: 20 done. best_score=27.0, changed=517, unchanged=379, early_stops=8/8
26 - INFO - chord#: 22 In build_straw_man_chord_sa. tolerance = 1, sa_iterations = 1000, initial_temperature = 3.0, cooling_rate = 0.999
26 - INFO - chord#: 20 done. best_score=27.0, changed=523, unchanged=470, early_stops=8/8
26 - INFO - chord#: 22 In build_straw_man_chord_sa. tolerance = 1, sa_iterations = 1000, initial_temperature = 3.0, cooling_rate = 0.999
26 - INFO - chord#: 24 done. best_score=27.0, changed=526, unchanged=468, early_stops=8/8
26 - INFO - chord#: 28 In build_straw_man_chord_sa. tolerance = 1, sa_iterations = 1000, initial_temperature = 3.0, cooling_rate = 0.999
26 - INFO - chord#: 22 done. best_score=27.0, changed=526, unchanged=365, early_stops=8/8
26 - INFO - chord#: 24 In build_straw_man_chord_sa. tolerance = 1, sa_iterations = 1000, initial_temperature = 3.0, cooling_rate = 0.999
26 - INFO - chord#: 24 done. best_score=27.0, changed=516, unchanged=375, early_stops=8/8
26 - INFO - chord#: 28 In build_straw_man_chord_sa. tolerance = 1, sa_iterations = 1000, initial_temperature = 3.0, cooling_rate = 0.999
26 - INFO - chord#: 22 done. best_score=27.0, changed=528, unchanged=443, early_stops=8/8
26 - INFO - chord#: 24 In build_straw_man_chord_sa. tolerance = 1, sa_iterations = 1000, initial_temperature = 3.0, cooling_rate = 0.999
26 - INFO - chord#: 22 done. best_score=27.0, changed=519, unchanged=542, early_stops=8/8
26 - INFO - chord#: 24 In build_straw_man_chord_sa. tolerance = 1, sa_iterations = 1000, initial_temperature = 3.0, cooling_rate = 0.999
26 - INFO - chord#: 22 done. best_score=27.0, changed=514, unchanged=448, early_stops=8/8
26 - INFO - chord#: 24 In build_straw_man_chord_sa. tolerance = 1, sa_iterations = 1000, initial_temperature = 3.0, cooling_rate = 0.999
26 - INFO - chord#: 20 done. best_score=27.0, changed=517, unchanged=366, early_stops=8/8
26 - INFO - chord#: 22 In build_straw_man_chord_sa. tolerance = 1, sa_iterations = 1000, initial_temperature = 3.0, cooling_rate = 0.999
26 - INFO - chord#: 18 done. best_score=78.0, changed=613, unchanged=358, early_stops=8/8
26 - INFO - chord#: 20 In build_straw_man_chord_sa. tolerance = 1, sa_iterations = 1000, initial_temperature = 3.0, cooling_rate = 0.999
26 - INFO - chord#: 22 done. best_score=27.0, changed=514, unchanged=389, early_stops=8/8
26 - INFO - chord#: 24 In build_straw_man_chord_sa. tolerance = 1, sa_iterations = 1000, initial_temperature = 3.0, cooling_rate = 0.999
26 - INFO - chord#: 28 done. best_score=27.0, changed=513, unchanged=390, early_stops=8/8
26 - INFO - chord#: 32 In build_straw_man_chord_sa. tolerance = 1, sa_iterations = 1000, initial_temperature = 3.0, cooling_rate = 0.999
26 - INFO - chord#: 18 done. best_score=78.0, changed=615, unchanged=419, early_stops=8/8
26 - INFO - chord#: 20 In build_straw_man_chord_sa. tolerance = 1, sa_iterations = 1000, initial_temperature = 3.0, cooling_rate = 0.999
26 - INFO - chord#: 24 done. best_score=27.0, changed=524, unchanged=401, early_stops=8/8
26 - INFO - chord#: 28 In build_straw_man_chord_sa. tolerance = 1, sa_iterations = 1000, initial_temperature = 3.0, cooling_rate = 0.999
26 - INFO - chord#: 22 done. best_score=27.0, changed=529, unchanged=562, early_stops=8/8
26 - INFO - chord#: 24 In build_straw_man_chord_sa. tolerance = 1, sa_iterations = 1000, initial_temperature = 3.0, cooling_rate = 0.999
26 - INFO - chord#: 28 done. best_score=27.0, changed=521, unchanged=426, early_stops=8/8
26 - INFO - chord#: 32 In build_straw_man_chord_sa. tolerance = 1, sa_iterations = 1000, initial_temperature = 3.0, cooling_rate = 0.999
26 - INFO - chord#: 18 done. best_score=78.0, changed=610, unchanged=324, early_stops=8/8
26 - INFO - chord#: 20 In build_straw_man_chord_sa. tolerance = 1, sa_iterations = 1000, initial_temperature = 3.0, cooling_rate = 0.999
26 - INFO - chord#: 24 done. best_score=27.0, changed=529, unchanged=636, early_stops=8/8
26 - INFO - chord#: 28 In build_straw_man_chord_sa. tolerance = 1, sa_iterations = 1000, initial_temperature = 3.0, cooling_rate = 0.999
26 - INFO - chord#: 24 done. best_score=27.0, changed=520, unchanged=523, early_stops=8/8
26 - INFO - chord#: 28 In build_straw_man_chord_sa. tolerance = 1, sa_iterations = 1000, initial_temperature = 3.0, cooling_rate = 0.999
26 - INFO - chord#: 24 done. best_score=27.0, changed=519, unchanged=384, early_stops=8/8
26 - INFO - chord#: 28 In build_straw_man_chord_sa. tolerance = 1, sa_iterations = 1000, initial_temperature = 3.0, cooling_rate = 0.999
26 - INFO - chord#: 20 done. best_score=27.0, changed=522, unchanged=367, early_stops=8/8
26 - INFO - chord#: 22 In build_straw_man_chord_sa. tolerance = 1, sa_iterations = 1000, initial_temperature = 3.0, cooling_rate = 0.999
26 - INFO - chord#: 22 done. best_score=27.0, changed=521, unchanged=462, early_stops=8/8
26 - INFO - chord#: 24 In build_straw_man_chord_sa. tolerance = 1, sa_iterations = 1000, initial_temperature = 3.0, cooling_rate = 0.999
26 - INFO - chord#: 24 done. best_score=27.0, changed=522, unchanged=483, early_stops=8/8
26 - INFO - chord#: 28 In build_straw_man_chord_sa. tolerance = 1, sa_iterations = 1000, initial_temperature = 3.0, cooling_rate = 0.999
26 - INFO - chord#: 32 done. best_score=27.0, changed=525, unchanged=489, early_stops=8/8
26 - INFO - chord#: 34 In build_straw_man_chord_sa. tolerance = 1, sa_iterations = 1000, initial_temperature = 3.0, cooling_rate = 0.999
26 - INFO - chord#: 28 done. best_score=27.0, changed=524, unchanged=479, early_stops=8/8
26 - INFO - chord#: 32 In build_straw_man_chord_sa. tolerance = 1, sa_iterations = 1000, initial_temperature = 3.0, cooling_rate = 0.999
26 - INFO - chord#: 20 done. best_score=27.0, changed=517, unchanged=356, early_stops=8/8
26 - INFO - chord#: 22 In build_straw_man_chord_sa. tolerance = 1, sa_iterations = 1000, initial_temperature = 3.0, cooling_rate = 0.999
26 - INFO - chord#: 32 done. best_score=27.0, changed=522, unchanged=408, early_stops=8/8
26 - INFO - chord#: 34 In build_straw_man_chord_sa. tolerance = 1, sa_iterations = 1000, initial_temperature = 3.0, cooling_rate = 0.999
26 - INFO - chord#: 28 done. best_score=27.0, changed=528, unchanged=433, early_stops=8/8
26 - INFO - chord#: 32 In build_straw_man_chord_sa. tolerance = 1, sa_iterations = 1000, initial_temperature = 3.0, cooling_rate = 0.999
26 - INFO - chord#: 20 done. best_score=27.0, changed=517, unchanged=538, early_stops=8/8
26 - INFO - chord#: 22 In build_straw_man_chord_sa. tolerance = 1, sa_iterations = 1000, initial_temperature = 3.0, cooling_rate = 0.999
26 - INFO - chord#: 24 done. best_score=27.0, changed=535, unchanged=644, early_stops=8/8
26 - INFO - chord#: 28 In build_straw_man_chord_sa. tolerance = 1, sa_iterations = 1000, initial_temperature = 3.0, cooling_rate = 0.999
26 - INFO - chord#: 28 done. best_score=27.0, changed=518, unchanged=541, early_stops=8/8
26 - INFO - chord#: 32 In build_straw_man_chord_sa. tolerance = 1, sa_iterations = 1000, initial_temperature = 3.0, cooling_rate = 0.999
26 - INFO - chord#: 32 done. best_score=27.0, changed=518, unchanged=390, early_stops=8/8
26 - INFO - chord#: 34 In build_straw_man_chord_sa. tolerance = 1, sa_iterations = 1000, initial_temperature = 3.0, cooling_rate = 0.999
26 - INFO - chord#: 28 done. best_score=27.0, changed=525, unchanged=511, early_stops=8/8
26 - INFO - chord#: 32 In build_straw_man_chord_sa. tolerance = 1, sa_iterations = 1000, initial_temperature = 3.0, cooling_rate = 0.999
26 - INFO - chord#: 22 done. best_score=27.0, changed=521, unchanged=492, early_stops=8/8
26 - INFO - chord#: 24 In build_straw_man_chord_sa. tolerance = 1, sa_iterations = 1000, initial_temperature = 3.0, cooling_rate = 0.999
26 - INFO - chord#: 28 done. best_score=27.0, changed=522, unchanged=441, early_stops=8/8
26 - INFO - chord#: 32 In build_straw_man_chord_sa. tolerance = 1, sa_iterations = 1000, initial_temperature = 3.0, cooling_rate = 0.999
26 - INFO - chord#: 24 done. best_score=27.0, changed=527, unchanged=493, early_stops=8/8
26 - INFO - chord#: 28 In build_straw_man_chord_sa. tolerance = 1, sa_iterations = 1000, initial_temperature = 3.0, cooling_rate = 0.999
26 - INFO - chord#: 32 done. best_score=27.0, changed=518, unchanged=382, early_stops=8/8
26 - INFO - chord#: 22 done. best_score=27.0, changed=520, unchanged=353, early_stops=8/8
26 - INFO - chord#: 34 In build_straw_man_chord_sa. tolerance = 1, sa_iterations = 1000, initial_temperature = 3.0, cooling_rate = 0.999
26 - INFO - chord#: 24 In build_straw_man_chord_sa. tolerance = 1, sa_iterations = 1000, initial_temperature = 3.0, cooling_rate = 0.999
26 - INFO - chord#: 32 done. best_score=27.0, changed=517, unchanged=345, early_stops=8/8
26 - INFO - chord#: 34 In build_straw_man_chord_sa. tolerance = 1, sa_iterations = 1000, initial_temperature = 3.0, cooling_rate = 0.999
26 - INFO - chord#: 28 done. best_score=27.0, changed=516, unchanged=322, early_stops=8/8
26 - INFO - chord#: 32 In build_straw_man_chord_sa. tolerance = 1, sa_iterations = 1000, initial_temperature = 3.0, cooling_rate = 0.999
26 - INFO - chord#: 22 done. best_score=27.0, changed=518, unchanged=368, early_stops=8/8
26 - INFO - chord#: 24 In build_straw_man_chord_sa. tolerance = 1, sa_iterations = 1000, initial_temperature = 3.0, cooling_rate = 0.999
26 - INFO - chord#: 32 done. best_score=27.0, changed=513, unchanged=345, early_stops=8/8
26 - INFO - chord#: 34 In build_straw_man_chord_sa. tolerance = 1, sa_iterations = 1000, initial_temperature = 3.0, cooling_rate = 0.999
26 - INFO - chord#: 34 done. best_score=94.0, changed=613, unchanged=300, early_stops=8/8
26 - INFO - chord#: 36 In build_straw_man_chord_sa. tolerance = 1, sa_iterations = 1000, initial_temperature = 3.0, cooling_rate = 0.999
26 - INFO - chord#: 34 done. best_score=93.0, changed=613, unchanged=426, early_stops=8/8
26 - INFO - chord#: 36 In build_straw_man_chord_sa. tolerance = 1, sa_iterations = 1000, initial_temperature = 3.0, cooling_rate = 0.999
26 - INFO - chord#: 24 done. best_score=27.0, changed=514, unchanged=399, early_stops=8/8
26 - INFO - chord#: 28 In build_straw_man_chord_sa. tolerance = 1, sa_iterations = 1000, initial_temperature = 3.0, cooling_rate = 0.999
26 - INFO - chord#: 32 done. best_score=27.0, changed=514, unchanged=414, early_stops=8/8
26 - INFO - chord#: 34 In build_straw_man_chord_sa. tolerance = 1, sa_iterations = 1000, initial_temperature = 3.0, cooling_rate = 0.999
26 - INFO - chord#: 24 done. best_score=27.0, changed=518, unchanged=398, early_stops=8/8
26 - INFO - chord#: 28 In build_straw_man_chord_sa. tolerance = 1, sa_iterations = 1000, initial_temperature = 3.0, cooling_rate = 0.999
26 - INFO - chord#: 28 done. best_score=27.0, changed=521, unchanged=413, early_stops=8/8
26 - INFO - chord#: 32 In build_straw_man_chord_sa. tolerance = 1, sa_iterations = 1000, initial_temperature = 3.0, cooling_rate = 0.999
26 - INFO - chord#: 32 done. best_score=27.0, changed=527, unchanged=384, early_stops=8/8
26 - INFO - chord#: 34 In build_straw_man_chord_sa. tolerance = 1, sa_iterations = 1000, initial_temperature = 3.0, cooling_rate = 0.999
26 - INFO - chord#: 24 done. best_score=27.0, changed=519, unchanged=432, early_stops=8/8
26 - INFO - chord#: 28 In build_straw_man_chord_sa. tolerance = 1, sa_iterations = 1000, initial_temperature = 3.0, cooling_rate = 0.999
26 - INFO - chord#: 36 done. best_score=27.0, changed=517, unchanged=378, early_stops=8/8
26 - INFO - chord#: 38 In build_straw_man_chord_sa. tolerance = 1, sa_iterations = 1000, initial_temperature = 3.0, cooling_rate = 0.999
26 - INFO - chord#: 34 done. best_score=93.0, changed=612, unchanged=420, early_stops=8/8
26 - INFO - chord#: 36 In build_straw_man_chord_sa. tolerance = 1, sa_iterations = 1000, initial_temperature = 3.0, cooling_rate = 0.999
26 - INFO - chord#: 36 done. best_score=27.0, changed=519, unchanged=517, early_stops=8/8
26 - INFO - chord#: 38 In build_straw_man_chord_sa. tolerance = 1, sa_iterations = 1000, initial_temperature = 3.0, cooling_rate = 0.999
26 - INFO - chord#: 34 done. best_score=153.0, changed=616, unchanged=309, early_stops=8/8
26 - INFO - chord#: 36 In build_straw_man_chord_sa. tolerance = 1, sa_iterations = 1000, initial_temperature = 3.0, cooling_rate = 0.999
26 - INFO - chord#: 28 done. best_score=27.0, changed=522, unchanged=532, early_stops=8/8
26 - INFO - chord#: 32 In build_straw_man_chord_sa. tolerance = 1, sa_iterations = 1000, initial_temperature = 3.0, cooling_rate = 0.999
26 - INFO - chord#: 34 done. best_score=93.0, changed=612, unchanged=364, early_stops=8/8
26 - INFO - chord#: 36 In build_straw_man_chord_sa. tolerance = 1, sa_iterations = 1000, initial_temperature = 3.0, cooling_rate = 0.999
26 - INFO - chord#: 34 done. best_score=93.0, changed=609, unchanged=246, early_stops=8/8
26 - INFO - chord#: 36 In build_straw_man_chord_sa. tolerance = 1, sa_iterations = 1000, initial_temperature = 3.0, cooling_rate = 0.999
26 - INFO - chord#: 32 done. best_score=27.0, changed=518, unchanged=368, early_stops=8/8
26 - INFO - chord#: 34 In build_straw_man_chord_sa. tolerance = 1, sa_iterations = 1000, initial_temperature = 3.0, cooling_rate = 0.999
26 - INFO - chord#: 28 done. best_score=27.0, changed=515, unchanged=474, early_stops=8/8
26 - INFO - chord#: 32 In build_straw_man_chord_sa. tolerance = 1, sa_iterations = 1000, initial_temperature = 3.0, cooling_rate = 0.999
26 - INFO - chord#: 36 done. best_score=27.0, changed=521, unchanged=446, early_stops=8/8
26 - INFO - chord#: 38 In build_straw_man_chord_sa. tolerance = 1, sa_iterations = 1000, initial_temperature = 3.0, cooling_rate = 0.999
26 - INFO - chord#: 36 done. best_score=27.0, changed=520, unchanged=392, early_stops=8/8
26 - INFO - chord#: 38 In build_straw_man_chord_sa. tolerance = 1, sa_iterations = 1000, initial_temperature = 3.0, cooling_rate = 0.999
26 - INFO - chord#: 28 done. best_score=27.0, changed=518, unchanged=374, early_stops=8/8
26 - INFO - chord#: 32 In build_straw_man_chord_sa. tolerance = 1, sa_iterations = 1000, initial_temperature = 3.0, cooling_rate = 0.999
26 - INFO - chord#: 36 done. best_score=27.0, changed=519, unchanged=432, early_stops=8/8
26 - INFO - chord#: 38 In build_straw_man_chord_sa. tolerance = 1, sa_iterations = 1000, initial_temperature = 3.0, cooling_rate = 0.999
26 - INFO - chord#: 34 done. best_score=94.0, changed=610, unchanged=299, early_stops=8/8
26 - INFO - chord#: 36 In build_straw_man_chord_sa. tolerance = 1, sa_iterations = 1000, initial_temperature = 3.0, cooling_rate = 0.999
26 - INFO - chord#: 36 done. best_score=27.0, changed=521, unchanged=434, early_stops=8/8
26 - INFO - chord#: 38 In build_straw_man_chord_sa. tolerance = 1, sa_iterations = 1000, initial_temperature = 3.0, cooling_rate = 0.999
26 - INFO - chord#: 32 done. best_score=27.0, changed=514, unchanged=375, early_stops=8/8
26 - INFO - chord#: 34 In build_straw_man_chord_sa. tolerance = 1, sa_iterations = 1000, initial_temperature = 3.0, cooling_rate = 0.999
26 - INFO - chord#: 32 done. best_score=27.0, changed=528, unchanged=401, early_stops=8/8
26 - INFO - chord#: 34 In build_straw_man_chord_sa. tolerance = 1, sa_iterations = 1000, initial_temperature = 3.0, cooling_rate = 0.999
26 - INFO - chord#: 34 done. best_score=96.0, changed=609, unchanged=315, early_stops=8/8
26 - INFO - chord#: 36 In build_straw_man_chord_sa. tolerance = 1, sa_iterations = 1000, initial_temperature = 3.0, cooling_rate = 0.999
26 - INFO - chord#: 38 done. best_score=74.0, changed=613, unchanged=360, early_stops=8/8
26 - INFO - chord#: 40 In build_straw_man_chord_sa. tolerance = 1, sa_iterations = 1000, initial_temperature = 3.0, cooling_rate = 0.999
26 - INFO - chord#: 32 done. best_score=27.0, changed=524, unchanged=455, early_stops=8/8
26 - INFO - chord#: 34 In build_straw_man_chord_sa. tolerance = 1, sa_iterations = 1000, initial_temperature = 3.0, cooling_rate = 0.999
26 - INFO - chord#: 38 done. best_score=74.0, changed=616, unchanged=396, early_stops=8/8
26 - INFO - chord#: 40 In build_straw_man_chord_sa. tolerance = 1, sa_iterations = 1000, initial_temperature = 3.0, cooling_rate = 0.999
26 - INFO - chord#: 36 done. best_score=27.0, changed=516, unchanged=468, early_stops=8/8
26 - INFO - chord#: 38 In build_straw_man_chord_sa. tolerance = 1, sa_iterations = 1000, initial_temperature = 3.0, cooling_rate = 0.999
26 - INFO - chord#: 38 done. best_score=74.0, changed=610, unchanged=265, early_stops=8/8
26 - INFO - chord#: 40 In build_straw_man_chord_sa. tolerance = 1, sa_iterations = 1000, initial_temperature = 3.0, cooling_rate = 0.999
26 - INFO - chord#: 34 done. best_score=96.0, changed=612, unchanged=385, early_stops=8/8
26 - INFO - chord#: 36 In build_straw_man_chord_sa. tolerance = 1, sa_iterations = 1000, initial_temperature = 3.0, cooling_rate = 0.999
26 - INFO - chord#: 38 done. best_score=104.0, changed=616, unchanged=323, early_stops=8/8
26 - INFO - chord#: 40 In build_straw_man_chord_sa. tolerance = 1, sa_iterations = 1000, initial_temperature = 3.0, cooling_rate = 0.999
26 - INFO - chord#: 40 done. best_score=27.0, changed=520, unchanged=445, early_stops=8/8
26 - INFO - chord#: 42 In build_straw_man_chord_sa. tolerance = 1, sa_iterations = 1000, initial_temperature = 3.0, cooling_rate = 0.999
26 - INFO - chord#: 36 done. best_score=27.0, changed=523, unchanged=443, early_stops=8/8
26 - INFO - chord#: 38 In build_straw_man_chord_sa. tolerance = 1, sa_iterations = 1000, initial_temperature = 3.0, cooling_rate = 0.999
26 - INFO - chord#: 40 done. best_score=27.0, changed=520, unchanged=473, early_stops=8/8
26 - INFO - chord#: 42 In build_straw_man_chord_sa. tolerance = 1, sa_iterations = 1000, initial_temperature = 3.0, cooling_rate = 0.999
26 - INFO - chord#: 38 done. best_score=74.0, changed=616, unchanged=314, early_stops=8/8
26 - INFO - chord#: 40 In build_straw_man_chord_sa. tolerance = 1, sa_iterations = 1000, initial_temperature = 3.0, cooling_rate = 0.999
26 - INFO - chord#: 38 done. best_score=74.0, changed=611, unchanged=384, early_stops=8/8
26 - INFO - chord#: 40 In build_straw_man_chord_sa. tolerance = 1, sa_iterations = 1000, initial_temperature = 3.0, cooling_rate = 0.999
26 - INFO - chord#: 34 done. best_score=93.0, changed=614, unchanged=308, early_stops=8/8
26 - INFO - chord#: 36 In build_straw_man_chord_sa. tolerance = 1, sa_iterations = 1000, initial_temperature = 3.0, cooling_rate = 0.999
26 - INFO - chord#: 42 done. best_score=27.0, changed=521, unchanged=327, early_stops=8/8
26 - INFO - chord#: 44 In build_straw_man_chord_sa. tolerance = 1, sa_iterations = 1000, initial_temperature = 3.0, cooling_rate = 0.999
26 - INFO - chord#: 40 done. best_score=27.0, changed=526, unchanged=611, early_stops=8/8
26 - INFO - chord#: 42 In build_straw_man_chord_sa. tolerance = 1, sa_iterations = 1000, initial_temperature = 3.0, cooling_rate = 0.999
26 - INFO - chord#: 40 done. best_score=27.0, changed=529, unchanged=479, early_stops=8/8
26 - INFO - chord#: 42 In build_straw_man_chord_sa. tolerance = 1, sa_iterations = 1000, initial_temperature = 3.0, cooling_rate = 0.999
26 - INFO - chord#: 42 done. best_score=27.0, changed=530, unchanged=344, early_stops=8/8
26 - INFO - chord#: 44 In build_straw_man_chord_sa. tolerance = 1, sa_iterations = 1000, initial_temperature = 3.0, cooling_rate = 0.999
26 - INFO - chord#: 36 done. best_score=27.0, changed=520, unchanged=396, early_stops=8/8
26 - INFO - chord#: 38 In build_straw_man_chord_sa. tolerance = 1, sa_iterations = 1000, initial_temperature = 3.0, cooling_rate = 0.999
26 - INFO - chord#: 34 done. best_score=93.0, changed=614, unchanged=359, early_stops=8/8
26 - INFO - chord#: 36 In build_straw_man_chord_sa. tolerance = 1, sa_iterations = 1000, initial_temperature = 3.0, cooling_rate = 0.999
26 - INFO - chord#: 40 done. best_score=27.0, changed=523, unchanged=408, early_stops=8/8
26 - INFO - chord#: 42 In build_straw_man_chord_sa. tolerance = 1, sa_iterations = 1000, initial_temperature = 3.0, cooling_rate = 0.999
26 - INFO - chord#: 40 done. best_score=27.0, changed=510, unchanged=341, early_stops=8/8
26 - INFO - chord#: 42 In build_straw_man_chord_sa. tolerance = 1, sa_iterations = 1000, initial_temperature = 3.0, cooling_rate = 0.999
26 - INFO - chord#: 34 done. best_score=93.0, changed=610, unchanged=284, early_stops=8/8
26 - INFO - chord#: 36 In build_straw_man_chord_sa. tolerance = 1, sa_iterations = 1000, initial_temperature = 3.0, cooling_rate = 0.999
26 - INFO - chord#: 44 done. best_score=27.0, changed=517, unchanged=396, early_stops=8/8
26 - INFO - chord#: 46 In build_straw_man_chord_sa. tolerance = 1, sa_iterations = 1000, initial_temperature = 3.0, cooling_rate = 0.999
26 - INFO - chord#: 42 done. best_score=27.0, changed=523, unchanged=323, early_stops=8/8
26 - INFO - chord#: 44 In build_straw_man_chord_sa. tolerance = 1, sa_iterations = 1000, initial_temperature = 3.0, cooling_rate = 0.999
26 - INFO - chord#: 42 done. best_score=27.0, changed=523, unchanged=337, early_stops=8/8
26 - INFO - chord#: 44 In build_straw_man_chord_sa. tolerance = 1, sa_iterations = 1000, initial_temperature = 3.0, cooling_rate = 0.999
26 - INFO - chord#: 36 done. best_score=27.0, changed=514, unchanged=356, early_stops=8/8
26 - INFO - chord#: 38 In build_straw_man_chord_sa. tolerance = 1, sa_iterations = 1000, initial_temperature = 3.0, cooling_rate = 0.999
26 - INFO - chord#: 44 done. best_score=27.0, changed=513, unchanged=409, early_stops=8/8
26 - INFO - chord#: 46 In build_straw_man_chord_sa. tolerance = 1, sa_iterations = 1000, initial_temperature = 3.0, cooling_rate = 0.999
26 - INFO - chord#: 42 done. best_score=27.0, changed=529, unchanged=476, early_stops=8/8
26 - INFO - chord#: 44 In build_straw_man_chord_sa. tolerance = 1, sa_iterations = 1000, initial_temperature = 3.0, cooling_rate = 0.999
26 - INFO - chord#: 42 done. best_score=27.0, changed=522, unchanged=449, early_stops=8/8
26 - INFO - chord#: 44 In build_straw_man_chord_sa. tolerance = 1, sa_iterations = 1000, initial_temperature = 3.0, cooling_rate = 0.999
26 - INFO - chord#: 38 done. best_score=74.0, changed=612, unchanged=220, early_stops=8/8
26 - INFO - chord#: 40 In build_straw_man_chord_sa. tolerance = 1, sa_iterations = 1000, initial_temperature = 3.0, cooling_rate = 0.999
26 - INFO - chord#: 36 done. best_score=27.0, changed=517, unchanged=322, early_stops=8/8
26 - INFO - chord#: 38 In build_straw_man_chord_sa. tolerance = 1, sa_iterations = 1000, initial_temperature = 3.0, cooling_rate = 0.999
26 - INFO - chord#: 36 done. best_score=27.0, changed=519, unchanged=540, early_stops=8/8
26 - INFO - chord#: 38 In build_straw_man_chord_sa. tolerance = 1, sa_iterations = 1000, initial_temperature = 3.0, cooling_rate = 0.999
26 - INFO - chord#: 44 done. best_score=27.0, changed=524, unchanged=398, early_stops=8/8
26 - INFO - chord#: 46 In build_straw_man_chord_sa. tolerance = 1, sa_iterations = 1000, initial_temperature = 3.0, cooling_rate = 0.999
26 - INFO - chord#: 44 done. best_score=27.0, changed=529, unchanged=499, early_stops=8/8
26 - INFO - chord#: 46 In build_straw_man_chord_sa. tolerance = 1, sa_iterations = 1000, initial_temperature = 3.0, cooling_rate = 0.999
26 - INFO - chord#: 44 done. best_score=27.0, changed=518, unchanged=430, early_stops=8/8
26 - INFO - chord#: 46 In build_straw_man_chord_sa. tolerance = 1, sa_iterations = 1000, initial_temperature = 3.0, cooling_rate = 0.999
26 - INFO - chord#: 44 done. best_score=27.0, changed=529, unchanged=405, early_stops=8/8
26 - INFO - chord#: 46 In build_straw_man_chord_sa. tolerance = 1, sa_iterations = 1000, initial_temperature = 3.0, cooling_rate = 0.999
26 - INFO - chord#: 38 done. best_score=96.0, changed=614, unchanged=348, early_stops=8/8
26 - INFO - chord#: 40 In build_straw_man_chord_sa. tolerance = 1, sa_iterations = 1000, initial_temperature = 3.0, cooling_rate = 0.999
26 - INFO - chord#: 40 done. best_score=27.0, changed=520, unchanged=449, early_stops=8/8
26 - INFO - chord#: 42 In build_straw_man_chord_sa. tolerance = 1, sa_iterations = 1000, initial_temperature = 3.0, cooling_rate = 0.999
26 - INFO - chord#: 46 done. best_score=64.0, changed=611, unchanged=296, early_stops=8/8
26 - INFO - chord#: 48 In build_straw_man_chord_sa. tolerance = 1, sa_iterations = 1000, initial_temperature = 3.0, cooling_rate = 0.999
26 - INFO - chord#: 38 done. best_score=96.0, changed=611, unchanged=281, early_stops=8/8
26 - INFO - chord#: 40 In build_straw_man_chord_sa. tolerance = 1, sa_iterations = 1000, initial_temperature = 3.0, cooling_rate = 0.999
26 - INFO - chord#: 46 done. best_score=171.0, changed=610, unchanged=324, early_stops=8/8
26 - INFO - chord#: 48 In build_straw_man_chord_sa. tolerance = 1, sa_iterations = 1000, initial_temperature = 3.0, cooling_rate = 0.999
26 - INFO - chord#: 38 done. best_score=74.0, changed=610, unchanged=275, early_stops=8/8
26 - INFO - chord#: 40 In build_straw_man_chord_sa. tolerance = 1, sa_iterations = 1000, initial_temperature = 3.0, cooling_rate = 0.999
26 - INFO - chord#: 46 done. best_score=104.0, changed=607, unchanged=249, early_stops=8/8
26 - INFO - chord#: 48 In build_straw_man_chord_sa. tolerance = 1, sa_iterations = 1000, initial_temperature = 3.0, cooling_rate = 0.999
26 - INFO - chord#: 42 done. best_score=27.0, changed=531, unchanged=370, early_stops=8/8
26 - INFO - chord#: 44 In build_straw_man_chord_sa. tolerance = 1, sa_iterations = 1000, initial_temperature = 3.0, cooling_rate = 0.999
26 - INFO - chord#: 40 done. best_score=27.0, changed=531, unchanged=505, early_stops=8/8
26 - INFO - chord#: 42 In build_straw_man_chord_sa. tolerance = 1, sa_iterations = 1000, initial_temperature = 3.0, cooling_rate = 0.999
26 - INFO - chord#: 46 done. best_score=64.0, changed=610, unchanged=305, early_stops=8/8
26 - INFO - chord#: 48 In build_straw_man_chord_sa. tolerance = 1, sa_iterations = 1000, initial_temperature = 3.0, cooling_rate = 0.999
26 - INFO - chord#: 38 done. best_score=149.0, changed=616, unchanged=246, early_stops=8/8
26 - INFO - chord#: 40 In build_straw_man_chord_sa. tolerance = 1, sa_iterations = 1000, initial_temperature = 3.0, cooling_rate = 0.999
26 - INFO - chord#: 40 done. best_score=27.0, changed=521, unchanged=499, early_stops=8/8
26 - INFO - chord#: 42 In build_straw_man_chord_sa. tolerance = 1, sa_iterations = 1000, initial_temperature = 3.0, cooling_rate = 0.999
26 - INFO - chord#: 46 done. best_score=64.0, changed=610, unchanged=403, early_stops=8/8
26 - INFO - chord#: 48 In build_straw_man_chord_sa. tolerance = 1, sa_iterations = 1000, initial_temperature = 3.0, cooling_rate = 0.999
26 - INFO - chord#: 38 done. best_score=121.0, changed=614, unchanged=263, early_stops=8/8
26 - INFO - chord#: 40 In build_straw_man_chord_sa. tolerance = 1, sa_iterations = 1000, initial_temperature = 3.0, cooling_rate = 0.999
26 - INFO - chord#: 46 done. best_score=146.0, changed=613, unchanged=456, early_stops=8/8
26 - INFO - chord#: 48 In build_straw_man_chord_sa. tolerance = 1, sa_iterations = 1000, initial_temperature = 3.0, cooling_rate = 0.999
26 - INFO - chord#: 42 done. best_score=27.0, changed=523, unchanged=325, early_stops=8/8
26 - INFO - chord#: 44 In build_straw_man_chord_sa. tolerance = 1, sa_iterations = 1000, initial_temperature = 3.0, cooling_rate = 0.999
26 - INFO - chord#: 40 done. best_score=27.0, changed=517, unchanged=420, early_stops=8/8
26 - INFO - chord#: 42 In build_straw_man_chord_sa. tolerance = 1, sa_iterations = 1000, initial_temperature = 3.0, cooling_rate = 0.999
26 - INFO - chord#: 44 done. best_score=27.0, changed=518, unchanged=388, early_stops=8/8
26 - INFO - chord#: 46 In build_straw_man_chord_sa. tolerance = 1, sa_iterations = 1000, initial_temperature = 3.0, cooling_rate = 0.999
26 - INFO - chord#: 48 done. best_score=71.0, changed=615, unchanged=367, early_stops=8/8
26 - INFO - chord#: 50 In build_straw_man_chord_sa. tolerance = 1, sa_iterations = 1000, initial_temperature = 3.0, cooling_rate = 0.999
26 - INFO - chord#: 48 done. best_score=146.0, changed=616, unchanged=303, early_stops=8/8
26 - INFO - chord#: 50 In build_straw_man_chord_sa. tolerance = 1, sa_iterations = 1000, initial_temperature = 3.0, cooling_rate = 0.999
26 - INFO - chord#: 42 done. best_score=27.0, changed=519, unchanged=348, early_stops=8/8
26 - INFO - chord#: 44 In build_straw_man_chord_sa. tolerance = 1, sa_iterations = 1000, initial_temperature = 3.0, cooling_rate = 0.999
26 - INFO - chord#: 40 done. best_score=27.0, changed=518, unchanged=509, early_stops=8/8
26 - INFO - chord#: 42 In build_straw_man_chord_sa. tolerance = 1, sa_iterations = 1000, initial_temperature = 3.0, cooling_rate = 0.999
26 - INFO - chord#: 44 done. best_score=27.0, changed=520, unchanged=380, early_stops=8/8
26 - INFO - chord#: 46 In build_straw_man_chord_sa. tolerance = 1, sa_iterations = 1000, initial_temperature = 3.0, cooling_rate = 0.999
26 - INFO - chord#: 40 done. best_score=27.0, changed=515, unchanged=512, early_stops=8/8
26 - INFO - chord#: 42 In build_straw_man_chord_sa. tolerance = 1, sa_iterations = 1000, initial_temperature = 3.0, cooling_rate = 0.999
26 - INFO - chord#: 42 done. best_score=27.0, changed=529, unchanged=402, early_stops=8/8
26 - INFO - chord#: 44 In build_straw_man_chord_sa. tolerance = 1, sa_iterations = 1000, initial_temperature = 3.0, cooling_rate = 0.999
26 - INFO - chord#: 50 done. best_score=27.0, changed=524, unchanged=452, early_stops=8/8
26 - INFO - chord#: 51 In build_straw_man_chord_sa. tolerance = 1, sa_iterations = 1000, initial_temperature = 3.0, cooling_rate = 0.999
26 - INFO - chord#: 50 done. best_score=27.0, changed=520, unchanged=572, early_stops=8/8
26 - INFO - chord#: 51 In build_straw_man_chord_sa. tolerance = 1, sa_iterations = 1000, initial_temperature = 3.0, cooling_rate = 0.999
26 - INFO - chord#: 48 done. best_score=125.0, changed=614, unchanged=464, early_stops=8/8
26 - INFO - chord#: 50 In build_straw_man_chord_sa. tolerance = 1, sa_iterations = 1000, initial_temperature = 3.0, cooling_rate = 0.999
26 - INFO - chord#: 48 done. best_score=64.0, changed=611, unchanged=342, early_stops=8/8
26 - INFO - chord#: 50 In build_straw_man_chord_sa. tolerance = 1, sa_iterations = 1000, initial_temperature = 3.0, cooling_rate = 0.999
26 - INFO - chord#: 44 done. best_score=27.0, changed=519, unchanged=373, early_stops=8/8
26 - INFO - chord#: 46 In build_straw_man_chord_sa. tolerance = 1, sa_iterations = 1000, initial_temperature = 3.0, cooling_rate = 0.999
26 - INFO - chord#: 48 done. best_score=64.0, changed=611, unchanged=296, early_stops=8/8
26 - INFO - chord#: 50 In build_straw_man_chord_sa. tolerance = 1, sa_iterations = 1000, initial_temperature = 3.0, cooling_rate = 0.999
26 - INFO - chord#: 42 done. best_score=27.0, changed=527, unchanged=367, early_stops=8/8
26 - INFO - chord#: 44 In build_straw_man_chord_sa. tolerance = 1, sa_iterations = 1000, initial_temperature = 3.0, cooling_rate = 0.999
26 - INFO - chord#: 48 done. best_score=154.0, changed=614, unchanged=392, early_stops=8/8
26 - INFO - chord#: 50 In build_straw_man_chord_sa. tolerance = 1, sa_iterations = 1000, initial_temperature = 3.0, cooling_rate = 0.999
26 - INFO - chord#: 42 done. best_score=27.0, changed=522, unchanged=328, early_stops=8/8
26 - INFO - chord#: 44 In build_straw_man_chord_sa. tolerance = 1, sa_iterations = 1000, initial_temperature = 3.0, cooling_rate = 0.999
26 - INFO - chord#: 50 done. best_score=27.0, changed=514, unchanged=388, early_stops=8/8
26 - INFO - chord#: 51 In build_straw_man_chord_sa. tolerance = 1, sa_iterations = 1000, initial_temperature = 3.0, cooling_rate = 0.999
26 - INFO - chord#: 51 done. best_score=36.0, changed=524, unchanged=398, early_stops=8/8
26 - INFO - chord#: 52 In build_straw_man_chord_sa. tolerance = 1, sa_iterations = 1000, initial_temperature = 3.0, cooling_rate = 0.999
26 - INFO - chord#: 51 done. best_score=36.0, changed=521, unchanged=452, early_stops=8/8
26 - INFO - chord#: 52 In build_straw_man_chord_sa. tolerance = 1, sa_iterations = 1000, initial_temperature = 3.0, cooling_rate = 0.999
26 - INFO - chord#: 50 done. best_score=27.0, changed=522, unchanged=524, early_stops=8/8
26 - INFO - chord#: 51 In build_straw_man_chord_sa. tolerance = 1, sa_iterations = 1000, initial_temperature = 3.0, cooling_rate = 0.999
26 - INFO - chord#: 44 done. best_score=27.0, changed=526, unchanged=413, early_stops=8/8
26 - INFO - chord#: 46 In build_straw_man_chord_sa. tolerance = 1, sa_iterations = 1000, initial_temperature = 3.0, cooling_rate = 0.999
26 - INFO - chord#: 46 done. best_score=104.0, changed=614, unchanged=359, early_stops=8/8
26 - INFO - chord#: 48 In build_straw_man_chord_sa. tolerance = 1, sa_iterations = 1000, initial_temperature = 3.0, cooling_rate = 0.999
26 - INFO - chord#: 50 done. best_score=27.0, changed=520, unchanged=539, early_stops=8/8
26 - INFO - chord#: 51 In build_straw_man_chord_sa. tolerance = 1, sa_iterations = 1000, initial_temperature = 3.0, cooling_rate = 0.999
26 - INFO - chord#: 50 done. best_score=27.0, changed=526, unchanged=494, early_stops=8/8
26 - INFO - chord#: 51 In build_straw_man_chord_sa. tolerance = 1, sa_iterations = 1000, initial_temperature = 3.0, cooling_rate = 0.999
26 - INFO - chord#: 52 done. best_score=27.0, changed=527, unchanged=440, early_stops=8/8
26 - INFO - chord#: 54 In build_straw_man_chord_sa. tolerance = 1, sa_iterations = 1000, initial_temperature = 3.0, cooling_rate = 0.999
26 - INFO - chord#: 51 done. best_score=36.0, changed=521, unchanged=357, early_stops=8/8
26 - INFO - chord#: 52 In build_straw_man_chord_sa. tolerance = 1, sa_iterations = 1000, initial_temperature = 3.0, cooling_rate = 0.999
26 - INFO - chord#: 44 done. best_score=27.0, changed=525, unchanged=474, early_stops=8/8
26 - INFO - chord#: 46 In build_straw_man_chord_sa. tolerance = 1, sa_iterations = 1000, initial_temperature = 3.0, cooling_rate = 0.999
26 - INFO - chord#: 44 done. best_score=27.0, changed=519, unchanged=392, early_stops=8/8
26 - INFO - chord#: 46 In build_straw_man_chord_sa. tolerance = 1, sa_iterations = 1000, initial_temperature = 3.0, cooling_rate = 0.999
26 - INFO - chord#: 51 done. best_score=36.0, changed=519, unchanged=386, early_stops=8/8
26 - INFO - chord#: 52 In build_straw_man_chord_sa. tolerance = 1, sa_iterations = 1000, initial_temperature = 3.0, cooling_rate = 0.999
26 - INFO - chord#: 52 done. best_score=27.0, changed=523, unchanged=518, early_stops=8/8
26 - INFO - chord#: 54 In build_straw_man_chord_sa. tolerance = 1, sa_iterations = 1000, initial_temperature = 3.0, cooling_rate = 0.999
26 - INFO - chord#: 51 done. best_score=36.0, changed=518, unchanged=378, early_stops=8/8
26 - INFO - chord#: 52 In build_straw_man_chord_sa. tolerance = 1, sa_iterations = 1000, initial_temperature = 3.0, cooling_rate = 0.999
26 - INFO - chord#: 54 done. best_score=27.0, changed=516, unchanged=393, early_stops=8/8
26 - INFO - chord#: 55 In build_straw_man_chord_sa. tolerance = 1, sa_iterations = 1000, initial_temperature = 3.0, cooling_rate = 0.999
26 - INFO - chord#: 51 done. best_score=36.0, changed=523, unchanged=499, early_stops=8/8
26 - INFO - chord#: 52 In build_straw_man_chord_sa. tolerance = 1, sa_iterations = 1000, initial_temperature = 3.0, cooling_rate = 0.999
26 - INFO - chord#: 52 done. best_score=27.0, changed=524, unchanged=465, early_stops=8/8
26 - INFO - chord#: 54 In build_straw_man_chord_sa. tolerance = 1, sa_iterations = 1000, initial_temperature = 3.0, cooling_rate = 0.999
26 - INFO - chord#: 46 done. best_score=64.0, changed=611, unchanged=511, early_stops=8/8
26 - INFO - chord#: 48 In build_straw_man_chord_sa. tolerance = 1, sa_iterations = 1000, initial_temperature = 3.0, cooling_rate = 0.999
26 - INFO - chord#: 54 done. best_score=27.0, changed=523, unchanged=348, early_stops=8/8
26 - INFO - chord#: 55 In build_straw_man_chord_sa. tolerance = 1, sa_iterations = 1000, initial_temperature = 3.0, cooling_rate = 0.999
26 - INFO - chord#: 46 done. best_score=146.0, changed=614, unchanged=346, early_stops=8/8
26 - INFO - chord#: 48 In build_straw_man_chord_sa. tolerance = 1, sa_iterations = 1000, initial_temperature = 3.0, cooling_rate = 0.999
26 - INFO - chord#: 52 done. best_score=27.0, changed=526, unchanged=633, early_stops=8/8
26 - INFO - chord#: 54 In build_straw_man_chord_sa. tolerance = 1, sa_iterations = 1000, initial_temperature = 3.0, cooling_rate = 0.999
26 - INFO - chord#: 52 done. best_score=27.0, changed=516, unchanged=432, early_stops=8/8
26 - INFO - chord#: 54 In build_straw_man_chord_sa. tolerance = 1, sa_iterations = 1000, initial_temperature = 3.0, cooling_rate = 0.999
26 - INFO - chord#: 46 done. best_score=64.0, changed=614, unchanged=299, early_stops=8/8
26 - INFO - chord#: 48 In build_straw_man_chord_sa. tolerance = 1, sa_iterations = 1000, initial_temperature = 3.0, cooling_rate = 0.999
26 - INFO - chord#: 52 done. best_score=27.0, changed=515, unchanged=356, early_stops=8/8
26 - INFO - chord#: 54 In build_straw_man_chord_sa. tolerance = 1, sa_iterations = 1000, initial_temperature = 3.0, cooling_rate = 0.999
26 - INFO - chord#: 54 done. best_score=27.0, changed=523, unchanged=339, early_stops=8/8
26 - INFO - chord#: 55 In build_straw_man_chord_sa. tolerance = 1, sa_iterations = 1000, initial_temperature = 3.0, cooling_rate = 0.999
26 - INFO - chord#: 48 done. best_score=64.0, changed=612, unchanged=271, early_stops=8/8
26 - INFO - chord#: 50 In build_straw_man_chord_sa. tolerance = 1, sa_iterations = 1000, initial_temperature = 3.0, cooling_rate = 0.999
26 - INFO - chord#: 54 done. best_score=27.0, changed=521, unchanged=461, early_stops=8/8
26 - INFO - chord#: 55 In build_straw_man_chord_sa. tolerance = 1, sa_iterations = 1000, initial_temperature = 3.0, cooling_rate = 0.999
26 - INFO - chord#: 54 done. best_score=27.0, changed=522, unchanged=300, early_stops=8/8
26 - INFO - chord#: 55 In build_straw_man_chord_sa. tolerance = 1, sa_iterations = 1000, initial_temperature = 3.0, cooling_rate = 0.999
26 - INFO - chord#: 46 done. best_score=146.0, changed=610, unchanged=227, early_stops=8/8
26 - INFO - chord#: 48 In build_straw_man_chord_sa. tolerance = 1, sa_iterations = 1000, initial_temperature = 3.0, cooling_rate = 0.999
26 - INFO - chord#: 54 done. best_score=27.0, changed=513, unchanged=393, early_stops=8/8
26 - INFO - chord#: 55 In build_straw_man_chord_sa. tolerance = 1, sa_iterations = 1000, initial_temperature = 3.0, cooling_rate = 0.999
26 - INFO - chord#: 55 done. best_score=74.0, changed=611, unchanged=283, early_stops=8/8
26 - INFO - chord#: 56 In build_straw_man_chord_sa. tolerance = 1, sa_iterations = 1000, initial_temperature = 3.0, cooling_rate = 0.999
26 - INFO - chord#: 46 done. best_score=71.0, changed=617, unchanged=454, early_stops=8/8
26 - INFO - chord#: 48 In build_straw_man_chord_sa. tolerance = 1, sa_iterations = 1000, initial_temperature = 3.0, cooling_rate = 0.999
26 - INFO - chord#: 50 done. best_score=27.0, changed=521, unchanged=448, early_stops=8/8
26 - INFO - chord#: 51 In build_straw_man_chord_sa. tolerance = 1, sa_iterations = 1000, initial_temperature = 3.0, cooling_rate = 0.999
26 - INFO - chord#: 55 done. best_score=121.0, changed=609, unchanged=380, early_stops=8/8
26 - INFO - chord#: 56 In build_straw_man_chord_sa. tolerance = 1, sa_iterations = 1000, initial_temperature = 3.0, cooling_rate = 0.999
26 - INFO - chord#: 48 done. best_score=146.0, changed=611, unchanged=336, early_stops=8/8
26 - INFO - chord#: 50 In build_straw_man_chord_sa. tolerance = 1, sa_iterations = 1000, initial_temperature = 3.0, cooling_rate = 0.999
26 - INFO - chord#: 48 done. best_score=71.0, changed=612, unchanged=368, early_stops=8/8
26 - INFO - chord#: 50 In build_straw_man_chord_sa. tolerance = 1, sa_iterations = 1000, initial_temperature = 3.0, cooling_rate = 0.999
26 - INFO - chord#: 56 done. best_score=27.0, changed=516, unchanged=511, early_stops=8/8
26 - INFO - chord#: 60 In build_straw_man_chord_sa. tolerance = 1, sa_iterations = 1000, initial_temperature = 3.0, cooling_rate = 0.999
26 - INFO - chord#: 56 done. best_score=27.0, changed=523, unchanged=352, early_stops=8/8
26 - INFO - chord#: 60 In build_straw_man_chord_sa. tolerance = 1, sa_iterations = 1000, initial_temperature = 3.0, cooling_rate = 0.999
26 - INFO - chord#: 55 done. best_score=121.0, changed=613, unchanged=446, early_stops=8/8
26 - INFO - chord#: 56 In build_straw_man_chord_sa. tolerance = 1, sa_iterations = 1000, initial_temperature = 3.0, cooling_rate = 0.999
26 - INFO - chord#: 51 done. best_score=36.0, changed=525, unchanged=411, early_stops=8/8
26 - INFO - chord#: 52 In build_straw_man_chord_sa. tolerance = 1, sa_iterations = 1000, initial_temperature = 3.0, cooling_rate = 0.999
26 - INFO - chord#: 55 done. best_score=150.0, changed=606, unchanged=216, early_stops=8/8
26 - INFO - chord#: 56 In build_straw_man_chord_sa. tolerance = 1, sa_iterations = 1000, initial_temperature = 3.0, cooling_rate = 0.999
26 - INFO - chord#: 55 done. best_score=74.0, changed=615, unchanged=391, early_stops=8/8
26 - INFO - chord#: 56 In build_straw_man_chord_sa. tolerance = 1, sa_iterations = 1000, initial_temperature = 3.0, cooling_rate = 0.999
26 - INFO - chord#: 55 done. best_score=162.0, changed=615, unchanged=341, early_stops=8/8
26 - INFO - chord#: 56 In build_straw_man_chord_sa. tolerance = 1, sa_iterations = 1000, initial_temperature = 3.0, cooling_rate = 0.999
26 - INFO - chord#: 48 done. best_score=154.0, changed=614, unchanged=301, early_stops=8/8
26 - INFO - chord#: 50 In build_straw_man_chord_sa. tolerance = 1, sa_iterations = 1000, initial_temperature = 3.0, cooling_rate = 0.999
26 - INFO - chord#: 50 done. best_score=27.0, changed=527, unchanged=400, early_stops=8/8
26 - INFO - chord#: 51 In build_straw_man_chord_sa. tolerance = 1, sa_iterations = 1000, initial_temperature = 3.0, cooling_rate = 0.999
26 - INFO - chord#: 50 done. best_score=36.0, changed=509, unchanged=315, early_stops=8/8
26 - INFO - chord#: 51 In build_straw_man_chord_sa. tolerance = 1, sa_iterations = 1000, initial_temperature = 3.0, cooling_rate = 0.999
26 - INFO - chord#: 60 done. best_score=27.0, changed=528, unchanged=514, early_stops=8/8
26 - INFO - chord#: 64 In build_straw_man_chord_sa. tolerance = 1, sa_iterations = 1000, initial_temperature = 3.0, cooling_rate = 0.999
26 - INFO - chord#: 48 done. best_score=64.0, changed=620, unchanged=525, early_stops=8/8
26 - INFO - chord#: 50 In build_straw_man_chord_sa. tolerance = 1, sa_iterations = 1000, initial_temperature = 3.0, cooling_rate = 0.999
26 - INFO - chord#: 60 done. best_score=27.0, changed=528, unchanged=448, early_stops=8/8
26 - INFO - chord#: 64 In build_straw_man_chord_sa. tolerance = 1, sa_iterations = 1000, initial_temperature = 3.0, cooling_rate = 0.999
26 - INFO - chord#: 56 done. best_score=27.0, changed=521, unchanged=384, early_stops=8/8
26 - INFO - chord#: 60 In build_straw_man_chord_sa. tolerance = 1, sa_iterations = 1000, initial_temperature = 3.0, cooling_rate = 0.999
26 - INFO - chord#: 56 done. best_score=27.0, changed=520, unchanged=476, early_stops=8/8
26 - INFO - chord#: 60 In build_straw_man_chord_sa. tolerance = 1, sa_iterations = 1000, initial_temperature = 3.0, cooling_rate = 0.999
26 - INFO - chord#: 52 done. best_score=27.0, changed=519, unchanged=366, early_stops=8/8
26 - INFO - chord#: 54 In build_straw_man_chord_sa. tolerance = 1, sa_iterations = 1000, initial_temperature = 3.0, cooling_rate = 0.999
26 - INFO - chord#: 48 done. best_score=71.0, changed=611, unchanged=329, early_stops=8/8
26 - INFO - chord#: 50 In build_straw_man_chord_sa. tolerance = 1, sa_iterations = 1000, initial_temperature = 3.0, cooling_rate = 0.999
26 - INFO - chord#: 56 done. best_score=27.0, changed=524, unchanged=429, early_stops=8/8
26 - INFO - chord#: 60 In build_straw_man_chord_sa. tolerance = 1, sa_iterations = 1000, initial_temperature = 3.0, cooling_rate = 0.999
26 - INFO - chord#: 64 done. best_score=27.0, changed=527, unchanged=350, early_stops=8/8
26 - INFO - chord#: 66 In build_straw_man_chord_sa. tolerance = 1, sa_iterations = 1000, initial_temperature = 3.0, cooling_rate = 0.999
26 - INFO - chord#: 56 done. best_score=27.0, changed=526, unchanged=656, early_stops=8/8
26 - INFO - chord#: 60 In build_straw_man_chord_sa. tolerance = 1, sa_iterations = 1000, initial_temperature = 3.0, cooling_rate = 0.999
26 - INFO - chord#: 51 done. best_score=36.0, changed=518, unchanged=329, early_stops=8/8
26 - INFO - chord#: 52 In build_straw_man_chord_sa. tolerance = 1, sa_iterations = 1000, initial_temperature = 3.0, cooling_rate = 0.999
26 - INFO - chord#: 50 done. best_score=27.0, changed=514, unchanged=322, early_stops=8/8
26 - INFO - chord#: 51 In build_straw_man_chord_sa. tolerance = 1, sa_iterations = 1000, initial_temperature = 3.0, cooling_rate = 0.999
26 - INFO - chord#: 50 done. best_score=27.0, changed=523, unchanged=332, early_stops=8/8
26 - INFO - chord#: 51 In build_straw_man_chord_sa. tolerance = 1, sa_iterations = 1000, initial_temperature = 3.0, cooling_rate = 0.999
26 - INFO - chord#: 64 done. best_score=27.0, changed=521, unchanged=309, early_stops=8/8
26 - INFO - chord#: 66 In build_straw_man_chord_sa. tolerance = 1, sa_iterations = 1000, initial_temperature = 3.0, cooling_rate = 0.999
26 - INFO - chord#: 51 done. best_score=36.0, changed=516, unchanged=390, early_stops=8/8
26 - INFO - chord#: 52 In build_straw_man_chord_sa. tolerance = 1, sa_iterations = 1000, initial_temperature = 3.0, cooling_rate = 0.999
26 - INFO - chord#: 60 done. best_score=27.0, changed=521, unchanged=375, early_stops=8/8
26 - INFO - chord#: 64 In build_straw_man_chord_sa. tolerance = 1, sa_iterations = 1000, initial_temperature = 3.0, cooling_rate = 0.999
26 - INFO - chord#: 60 done. best_score=27.0, changed=523, unchanged=474, early_stops=8/8
26 - INFO - chord#: 64 In build_straw_man_chord_sa. tolerance = 1, sa_iterations = 1000, initial_temperature = 3.0, cooling_rate = 0.999
26 - INFO - chord#: 60 done. best_score=27.0, changed=518, unchanged=342, early_stops=8/8
26 - INFO - chord#: 64 In build_straw_man_chord_sa. tolerance = 1, sa_iterations = 1000, initial_temperature = 3.0, cooling_rate = 0.999
26 - INFO - chord#: 66 done. best_score=27.0, changed=517, unchanged=365, early_stops=8/8
26 - INFO - chord#: 68 In build_straw_man_chord_sa. tolerance = 1, sa_iterations = 1000, initial_temperature = 3.0, cooling_rate = 0.999
26 - INFO - chord#: 50 done. best_score=27.0, changed=515, unchanged=319, early_stops=8/8
26 - INFO - chord#: 51 In build_straw_man_chord_sa. tolerance = 1, sa_iterations = 1000, initial_temperature = 3.0, cooling_rate = 0.999
26 - INFO - chord#: 54 done. best_score=27.0, changed=521, unchanged=390, early_stops=8/8
26 - INFO - chord#: 55 In build_straw_man_chord_sa. tolerance = 1, sa_iterations = 1000, initial_temperature = 3.0, cooling_rate = 0.999
26 - INFO - chord#: 60 done. best_score=27.0, changed=523, unchanged=379, early_stops=8/8
26 - INFO - chord#: 64 In build_straw_man_chord_sa. tolerance = 1, sa_iterations = 1000, initial_temperature = 3.0, cooling_rate = 0.999
26 - INFO - chord#: 66 done. best_score=27.0, changed=526, unchanged=351, early_stops=8/8
26 - INFO - chord#: 68 In build_straw_man_chord_sa. tolerance = 1, sa_iterations = 1000, initial_temperature = 3.0, cooling_rate = 0.999
26 - INFO - chord#: 64 done. best_score=27.0, changed=531, unchanged=362, early_stops=8/8
26 - INFO - chord#: 66 In build_straw_man_chord_sa. tolerance = 1, sa_iterations = 1000, initial_temperature = 3.0, cooling_rate = 0.999
26 - INFO - chord#: 52 done. best_score=27.0, changed=519, unchanged=414, early_stops=8/8
26 - INFO - chord#: 54 In build_straw_man_chord_sa. tolerance = 1, sa_iterations = 1000, initial_temperature = 3.0, cooling_rate = 0.999
26 - INFO - chord#: 51 done. best_score=36.0, changed=528, unchanged=439, early_stops=8/8
26 - INFO - chord#: 52 In build_straw_man_chord_sa. tolerance = 1, sa_iterations = 1000, initial_temperature = 3.0, cooling_rate = 0.999
26 - INFO - chord#: 52 done. best_score=27.0, changed=515, unchanged=354, early_stops=8/8
26 - INFO - chord#: 54 In build_straw_man_chord_sa. tolerance = 1, sa_iterations = 1000, initial_temperature = 3.0, cooling_rate = 0.999
26 - INFO - chord#: 51 done. best_score=36.0, changed=523, unchanged=481, early_stops=8/8
26 - INFO - chord#: 52 In build_straw_man_chord_sa. tolerance = 1, sa_iterations = 1000, initial_temperature = 3.0, cooling_rate = 0.999
26 - INFO - chord#: 64 done. best_score=27.0, changed=526, unchanged=387, early_stops=8/8
26 - INFO - chord#: 66 In build_straw_man_chord_sa. tolerance = 1, sa_iterations = 1000, initial_temperature = 3.0, cooling_rate = 0.999
26 - INFO - chord#: 64 done. best_score=27.0, changed=527, unchanged=338, early_stops=8/8
26 - INFO - chord#: 66 In build_straw_man_chord_sa. tolerance = 1, sa_iterations = 1000, initial_temperature = 3.0, cooling_rate = 0.999
26 - INFO - chord#: 64 done. best_score=27.0, changed=527, unchanged=320, early_stops=8/8
26 - INFO - chord#: 66 In build_straw_man_chord_sa. tolerance = 1, sa_iterations = 1000, initial_temperature = 3.0, cooling_rate = 0.999
26 - INFO - chord#: 68 done. best_score=27.0, changed=522, unchanged=526, early_stops=8/8
26 - INFO - chord#: 70 In build_straw_man_chord_sa. tolerance = 1, sa_iterations = 1000, initial_temperature = 3.0, cooling_rate = 0.999
26 - INFO - chord#: 68 done. best_score=27.0, changed=515, unchanged=384, early_stops=8/8
26 - INFO - chord#: 70 In build_straw_man_chord_sa. tolerance = 1, sa_iterations = 1000, initial_temperature = 3.0, cooling_rate = 0.999
26 - INFO - chord#: 51 done. best_score=36.0, changed=520, unchanged=412, early_stops=8/8
26 - INFO - chord#: 52 In build_straw_man_chord_sa. tolerance = 1, sa_iterations = 1000, initial_temperature = 3.0, cooling_rate = 0.999
26 - INFO - chord#: 66 done. best_score=27.0, changed=516, unchanged=414, early_stops=8/8
26 - INFO - chord#: 68 In build_straw_man_chord_sa. tolerance = 1, sa_iterations = 1000, initial_temperature = 3.0, cooling_rate = 0.999
26 - INFO - chord#: 54 done. best_score=27.0, changed=524, unchanged=395, early_stops=8/8
26 - INFO - chord#: 55 In build_straw_man_chord_sa. tolerance = 1, sa_iterations = 1000, initial_temperature = 3.0, cooling_rate = 0.999
26 - INFO - chord#: 66 done. best_score=27.0, changed=523, unchanged=333, early_stops=8/8
26 - INFO - chord#: 68 In build_straw_man_chord_sa. tolerance = 1, sa_iterations = 1000, initial_temperature = 3.0, cooling_rate = 0.999
26 - INFO - chord#: 66 done. best_score=27.0, changed=524, unchanged=465, early_stops=8/8
26 - INFO - chord#: 68 In build_straw_man_chord_sa. tolerance = 1, sa_iterations = 1000, initial_temperature = 3.0, cooling_rate = 0.999
26 - INFO - chord#: 54 done. best_score=27.0, changed=528, unchanged=409, early_stops=8/8
26 - INFO - chord#: 55 In build_straw_man_chord_sa. tolerance = 1, sa_iterations = 1000, initial_temperature = 3.0, cooling_rate = 0.999
26 - INFO - chord#: 66 done. best_score=27.0, changed=535, unchanged=387, early_stops=8/8
26 - INFO - chord#: 68 In build_straw_man_chord_sa. tolerance = 1, sa_iterations = 1000, initial_temperature = 3.0, cooling_rate = 0.999
26 - INFO - chord#: 52 done. best_score=27.0, changed=516, unchanged=362, early_stops=8/8
26 - INFO - chord#: 54 In build_straw_man_chord_sa. tolerance = 1, sa_iterations = 1000, initial_temperature = 3.0, cooling_rate = 0.999
26 - INFO - chord#: 70 done. best_score=27.0, changed=520, unchanged=362, early_stops=8/8
26 - INFO - chord#: 72 In build_straw_man_chord_sa. tolerance = 1, sa_iterations = 1000, initial_temperature = 3.0, cooling_rate = 0.999
26 - INFO - chord#: 52 done. best_score=27.0, changed=531, unchanged=444, early_stops=8/8
26 - INFO - chord#: 54 In build_straw_man_chord_sa. tolerance = 1, sa_iterations = 1000, initial_temperature = 3.0, cooling_rate = 0.999
26 - INFO - chord#: 70 done. best_score=27.0, changed=528, unchanged=358, early_stops=8/8
26 - INFO - chord#: 72 In build_straw_man_chord_sa. tolerance = 1, sa_iterations = 1000, initial_temperature = 3.0, cooling_rate = 0.999
26 - INFO - chord#: 68 done. best_score=27.0, changed=524, unchanged=336, early_stops=8/8
26 - INFO - chord#: 70 In build_straw_man_chord_sa. tolerance = 1, sa_iterations = 1000, initial_temperature = 3.0, cooling_rate = 0.999
26 - INFO - chord#: 52 done. best_score=27.0, changed=524, unchanged=428, early_stops=8/8
26 - INFO - chord#: 54 In build_straw_man_chord_sa. tolerance = 1, sa_iterations = 1000, initial_temperature = 3.0, cooling_rate = 0.999
26 - INFO - chord#: 55 done. best_score=96.0, changed=608, unchanged=237, early_stops=8/8
26 - INFO - chord#: 56 In build_straw_man_chord_sa. tolerance = 1, sa_iterations = 1000, initial_temperature = 3.0, cooling_rate = 0.999
26 - INFO - chord#: 68 done. best_score=27.0, changed=523, unchanged=382, early_stops=8/8
26 - INFO - chord#: 70 In build_straw_man_chord_sa. tolerance = 1, sa_iterations = 1000, initial_temperature = 3.0, cooling_rate = 0.999
26 - INFO - chord#: 68 done. best_score=27.0, changed=522, unchanged=471, early_stops=8/8
26 - INFO - chord#: 70 In build_straw_man_chord_sa. tolerance = 1, sa_iterations = 1000, initial_temperature = 3.0, cooling_rate = 0.999
26 - INFO - chord#: 68 done. best_score=27.0, changed=524, unchanged=432, early_stops=8/8
26 - INFO - chord#: 70 In build_straw_man_chord_sa. tolerance = 1, sa_iterations = 1000, initial_temperature = 3.0, cooling_rate = 0.999
26 - INFO - chord#: 54 done. best_score=27.0, changed=524, unchanged=439, early_stops=8/8
26 - INFO - chord#: 55 In build_straw_man_chord_sa. tolerance = 1, sa_iterations = 1000, initial_temperature = 3.0, cooling_rate = 0.999
26 - INFO - chord#: 54 done. best_score=27.0, changed=525, unchanged=340, early_stops=8/8
26 - INFO - chord#: 55 In build_straw_man_chord_sa. tolerance = 1, sa_iterations = 1000, initial_temperature = 3.0, cooling_rate = 0.999
26 - INFO - chord#: 70 done. best_score=27.0, changed=530, unchanged=404, early_stops=8/8
26 - INFO - chord#: 72 In build_straw_man_chord_sa. tolerance = 1, sa_iterations = 1000, initial_temperature = 3.0, cooling_rate = 0.999
26 - INFO - chord#: 70 done. best_score=27.0, changed=525, unchanged=406, early_stops=8/8
26 - INFO - chord#: 72 In build_straw_man_chord_sa. tolerance = 1, sa_iterations = 1000, initial_temperature = 3.0, cooling_rate = 0.999
26 - INFO - chord#: 70 done. best_score=27.0, changed=529, unchanged=398, early_stops=8/8
26 - INFO - chord#: 72 In build_straw_man_chord_sa. tolerance = 1, sa_iterations = 1000, initial_temperature = 3.0, cooling_rate = 0.999
26 - INFO - chord#: 54 done. best_score=27.0, changed=521, unchanged=393, early_stops=8/8
26 - INFO - chord#: 55 In build_straw_man_chord_sa. tolerance = 1, sa_iterations = 1000, initial_temperature = 3.0, cooling_rate = 0.999
26 - INFO - chord#: 70 done. best_score=27.0, changed=525, unchanged=368, early_stops=8/8
26 - INFO - chord#: 72 In build_straw_man_chord_sa. tolerance = 1, sa_iterations = 1000, initial_temperature = 3.0, cooling_rate = 0.999
26 - INFO - chord#: 56 done. best_score=27.0, changed=514, unchanged=375, early_stops=8/8
26 - INFO - chord#: 60 In build_straw_man_chord_sa. tolerance = 1, sa_iterations = 1000, initial_temperature = 3.0, cooling_rate = 0.999
26 - INFO - chord#: 55 done. best_score=141.0, changed=610, unchanged=224, early_stops=8/8
26 - INFO - chord#: 56 In build_straw_man_chord_sa. tolerance = 1, sa_iterations = 1000, initial_temperature = 3.0, cooling_rate = 0.999
26 - INFO - chord#: 72 done. best_score=147.0, changed=611, unchanged=269, early_stops=8/8
26 - INFO - chord#: 74 In build_straw_man_chord_sa. tolerance = 1, sa_iterations = 1000, initial_temperature = 3.0, cooling_rate = 0.999
26 - INFO - chord#: 55 done. best_score=121.0, changed=609, unchanged=257, early_stops=8/8
26 - INFO - chord#: 56 In build_straw_man_chord_sa. tolerance = 1, sa_iterations = 1000, initial_temperature = 3.0, cooling_rate = 0.999
26 - INFO - chord#: 72 done. best_score=141.0, changed=613, unchanged=331, early_stops=8/8
26 - INFO - chord#: 74 In build_straw_man_chord_sa. tolerance = 1, sa_iterations = 1000, initial_temperature = 3.0, cooling_rate = 0.999
26 - INFO - chord#: 74 done. best_score=36.0, changed=523, unchanged=336, early_stops=8/8
26 - INFO - chord#: 76 In build_straw_man_chord_sa. tolerance = 1, sa_iterations = 1000, initial_temperature = 3.0, cooling_rate = 0.999
26 - INFO - chord#: 60 done. best_score=27.0, changed=527, unchanged=457, early_stops=8/8
26 - INFO - chord#: 64 In build_straw_man_chord_sa. tolerance = 1, sa_iterations = 1000, initial_temperature = 3.0, cooling_rate = 0.999
26 - INFO - chord#: 74 done. best_score=36.0, changed=523, unchanged=322, early_stops=8/8
26 - INFO - chord#: 76 In build_straw_man_chord_sa. tolerance = 1, sa_iterations = 1000, initial_temperature = 3.0, cooling_rate = 0.999
26 - INFO - chord#: 72 done. best_score=135.0, changed=612, unchanged=232, early_stops=8/8
26 - INFO - chord#: 74 In build_straw_man_chord_sa. tolerance = 1, sa_iterations = 1000, initial_temperature = 3.0, cooling_rate = 0.999
26 - INFO - chord#: 56 done. best_score=27.0, changed=519, unchanged=398, early_stops=8/8
26 - INFO - chord#: 60 In build_straw_man_chord_sa. tolerance = 1, sa_iterations = 1000, initial_temperature = 3.0, cooling_rate = 0.999
26 - INFO - chord#: 72 done. best_score=178.0, changed=607, unchanged=219, early_stops=8/8
26 - INFO - chord#: 74 In build_straw_man_chord_sa. tolerance = 1, sa_iterations = 1000, initial_temperature = 3.0, cooling_rate = 0.999
26 - INFO - chord#: 56 done. best_score=27.0, changed=520, unchanged=420, early_stops=8/8
26 - INFO - chord#: 60 In build_straw_man_chord_sa. tolerance = 1, sa_iterations = 1000, initial_temperature = 3.0, cooling_rate = 0.999
26 - INFO - chord#: 55 done. best_score=96.0, changed=612, unchanged=316, early_stops=8/8
26 - INFO - chord#: 56 In build_straw_man_chord_sa. tolerance = 1, sa_iterations = 1000, initial_temperature = 3.0, cooling_rate = 0.999
26 - INFO - chord#: 76 done. best_score=27.0, changed=516, unchanged=409, early_stops=8/8
26 - INFO - chord#: 78 In build_straw_man_chord_sa. tolerance = 1, sa_iterations = 1000, initial_temperature = 3.0, cooling_rate = 0.999
26 - INFO - chord#: 55 done. best_score=74.0, changed=610, unchanged=292, early_stops=8/8
26 - INFO - chord#: 56 In build_straw_man_chord_sa. tolerance = 1, sa_iterations = 1000, initial_temperature = 3.0, cooling_rate = 0.999
26 - INFO - chord#: 72 done. best_score=150.0, changed=608, unchanged=314, early_stops=8/8
26 - INFO - chord#: 74 In build_straw_man_chord_sa. tolerance = 1, sa_iterations = 1000, initial_temperature = 3.0, cooling_rate = 0.999
26 - INFO - chord#: 74 done. best_score=36.0, changed=522, unchanged=334, early_stops=8/8
26 - INFO - chord#: 76 In build_straw_man_chord_sa. tolerance = 1, sa_iterations = 1000, initial_temperature = 3.0, cooling_rate = 0.999
26 - INFO - chord#: 64 done. best_score=27.0, changed=532, unchanged=386, early_stops=8/8
26 - INFO - chord#: 66 In build_straw_man_chord_sa. tolerance = 1, sa_iterations = 1000, initial_temperature = 3.0, cooling_rate = 0.999
26 - INFO - chord#: 76 done. best_score=27.0, changed=524, unchanged=452, early_stops=8/8
26 - INFO - chord#: 78 In build_straw_man_chord_sa. tolerance = 1, sa_iterations = 1000, initial_temperature = 3.0, cooling_rate = 0.999
26 - INFO - chord#: 74 done. best_score=57.0, changed=531, unchanged=347, early_stops=8/8
26 - INFO - chord#: 76 In build_straw_man_chord_sa. tolerance = 1, sa_iterations = 1000, initial_temperature = 3.0, cooling_rate = 0.999
26 - INFO - chord#: 60 done. best_score=27.0, changed=538, unchanged=451, early_stops=8/8
26 - INFO - chord#: 64 In build_straw_man_chord_sa. tolerance = 1, sa_iterations = 1000, initial_temperature = 3.0, cooling_rate = 0.999
26 - INFO - chord#: 72 done. best_score=168.0, changed=618, unchanged=448, early_stops=8/8
26 - INFO - chord#: 74 In build_straw_man_chord_sa. tolerance = 1, sa_iterations = 1000, initial_temperature = 3.0, cooling_rate = 0.999
26 - INFO - chord#: 60 done. best_score=27.0, changed=521, unchanged=395, early_stops=8/8
26 - INFO - chord#: 64 In build_straw_man_chord_sa. tolerance = 1, sa_iterations = 1000, initial_temperature = 3.0, cooling_rate = 0.999
26 - INFO - chord#: 74 done. best_score=36.0, changed=523, unchanged=324, early_stops=8/8
26 - INFO - chord#: 76 In build_straw_man_chord_sa. tolerance = 1, sa_iterations = 1000, initial_temperature = 3.0, cooling_rate = 0.999
26 - INFO - chord#: 76 done. best_score=27.0, changed=526, unchanged=439, early_stops=8/8
26 - INFO - chord#: 78 In build_straw_man_chord_sa. tolerance = 1, sa_iterations = 1000, initial_temperature = 3.0, cooling_rate = 0.999
26 - INFO - chord#: 78 done. best_score=27.0, changed=527, unchanged=622, early_stops=8/8
26 - INFO - chord#: 80 In build_straw_man_chord_sa. tolerance = 1, sa_iterations = 1000, initial_temperature = 3.0, cooling_rate = 0.999
26 - INFO - chord#: 56 done. best_score=27.0, changed=523, unchanged=376, early_stops=8/8
26 - INFO - chord#: 60 In build_straw_man_chord_sa. tolerance = 1, sa_iterations = 1000, initial_temperature = 3.0, cooling_rate = 0.999
26 - INFO - chord#: 56 done. best_score=27.0, changed=515, unchanged=388, early_stops=8/8
26 - INFO - chord#: 60 In build_straw_man_chord_sa. tolerance = 1, sa_iterations = 1000, initial_temperature = 3.0, cooling_rate = 0.999
26 - INFO - chord#: 66 done. best_score=27.0, changed=522, unchanged=361, early_stops=8/8
26 - INFO - chord#: 68 In build_straw_man_chord_sa. tolerance = 1, sa_iterations = 1000, initial_temperature = 3.0, cooling_rate = 0.999
26 - INFO - chord#: 74 done. best_score=36.0, changed=524, unchanged=344, early_stops=8/8
26 - INFO - chord#: 76 In build_straw_man_chord_sa. tolerance = 1, sa_iterations = 1000, initial_temperature = 3.0, cooling_rate = 0.999
26 - INFO - chord#: 76 done. best_score=27.0, changed=525, unchanged=397, early_stops=8/8
26 - INFO - chord#: 78 In build_straw_man_chord_sa. tolerance = 1, sa_iterations = 1000, initial_temperature = 3.0, cooling_rate = 0.999
26 - INFO - chord#: 78 done. best_score=27.0, changed=524, unchanged=421, early_stops=8/8
26 - INFO - chord#: 80 In build_straw_man_chord_sa. tolerance = 1, sa_iterations = 1000, initial_temperature = 3.0, cooling_rate = 0.999
26 - INFO - chord#: 64 done. best_score=27.0, changed=517, unchanged=331, early_stops=8/8
26 - INFO - chord#: 66 In build_straw_man_chord_sa. tolerance = 1, sa_iterations = 1000, initial_temperature = 3.0, cooling_rate = 0.999
26 - INFO - chord#: 55 done. best_score=96.0, changed=623, unchanged=527, early_stops=8/8
26 - INFO - chord#: 56 In build_straw_man_chord_sa. tolerance = 1, sa_iterations = 1000, initial_temperature = 3.0, cooling_rate = 0.999
26 - INFO - chord#: 64 done. best_score=27.0, changed=519, unchanged=311, early_stops=8/8
26 - INFO - chord#: 66 In build_straw_man_chord_sa. tolerance = 1, sa_iterations = 1000, initial_temperature = 3.0, cooling_rate = 0.999
26 - INFO - chord#: 76 done. best_score=27.0, changed=530, unchanged=451, early_stops=8/8
26 - INFO - chord#: 78 In build_straw_man_chord_sa. tolerance = 1, sa_iterations = 1000, initial_temperature = 3.0, cooling_rate = 0.999
26 - INFO - chord#: 78 done. best_score=27.0, changed=519, unchanged=364, early_stops=8/8
26 - INFO - chord#: 80 In build_straw_man_chord_sa. tolerance = 1, sa_iterations = 1000, initial_temperature = 3.0, cooling_rate = 0.999
26 - INFO - chord#: 60 done. best_score=27.0, changed=526, unchanged=354, early_stops=8/8
26 - INFO - chord#: 64 In build_straw_man_chord_sa. tolerance = 1, sa_iterations = 1000, initial_temperature = 3.0, cooling_rate = 0.999
26 - INFO - chord#: 60 done. best_score=27.0, changed=526, unchanged=486, early_stops=8/8
26 - INFO - chord#: 64 In build_straw_man_chord_sa. tolerance = 1, sa_iterations = 1000, initial_temperature = 3.0, cooling_rate = 0.999
26 - INFO - chord#: 78 done. best_score=27.0, changed=523, unchanged=465, early_stops=8/8
26 - INFO - chord#: 80 In build_straw_man_chord_sa. tolerance = 1, sa_iterations = 1000, initial_temperature = 3.0, cooling_rate = 0.999
26 - INFO - chord#: 68 done. best_score=27.0, changed=520, unchanged=407, early_stops=8/8
26 - INFO - chord#: 70 In build_straw_man_chord_sa. tolerance = 1, sa_iterations = 1000, initial_temperature = 3.0, cooling_rate = 0.999
26 - INFO - chord#: 76 done. best_score=27.0, changed=531, unchanged=587, early_stops=8/8
26 - INFO - chord#: 78 In build_straw_man_chord_sa. tolerance = 1, sa_iterations = 1000, initial_temperature = 3.0, cooling_rate = 0.999
26 - INFO - chord#: 56 done. best_score=27.0, changed=518, unchanged=396, early_stops=8/8
26 - INFO - chord#: 60 In build_straw_man_chord_sa. tolerance = 1, sa_iterations = 1000, initial_temperature = 3.0, cooling_rate = 0.999
26 - INFO - chord#: 78 done. best_score=27.0, changed=517, unchanged=392, early_stops=8/8
26 - INFO - chord#: 80 In build_straw_man_chord_sa. tolerance = 1, sa_iterations = 1000, initial_temperature = 3.0, cooling_rate = 0.999
26 - INFO - chord#: 66 done. best_score=27.0, changed=528, unchanged=407, early_stops=8/8
26 - INFO - chord#: 68 In build_straw_man_chord_sa. tolerance = 1, sa_iterations = 1000, initial_temperature = 3.0, cooling_rate = 0.999
26 - INFO - chord#: 66 done. best_score=27.0, changed=525, unchanged=339, early_stops=8/8
26 - INFO - chord#: 68 In build_straw_man_chord_sa. tolerance = 1, sa_iterations = 1000, initial_temperature = 3.0, cooling_rate = 0.999
26 - INFO - chord#: 64 done. best_score=27.0, changed=524, unchanged=321, early_stops=8/8
26 - INFO - chord#: 66 In build_straw_man_chord_sa. tolerance = 1, sa_iterations = 1000, initial_temperature = 3.0, cooling_rate = 0.999
26 - INFO - chord#: 78 done. best_score=27.0, changed=519, unchanged=346, early_stops=8/8
26 - INFO - chord#: 80 In build_straw_man_chord_sa. tolerance = 1, sa_iterations = 1000, initial_temperature = 3.0, cooling_rate = 0.999
26 - INFO - chord#: 64 done. best_score=27.0, changed=528, unchanged=421, early_stops=8/8
26 - INFO - chord#: 66 In build_straw_man_chord_sa. tolerance = 1, sa_iterations = 1000, initial_temperature = 3.0, cooling_rate = 0.999
26 - INFO - chord#: 70 done. best_score=27.0, changed=518, unchanged=417, early_stops=8/8
26 - INFO - chord#: 72 In build_straw_man_chord_sa. tolerance = 1, sa_iterations = 1000, initial_temperature = 3.0, cooling_rate = 0.999
26 - INFO - chord#: 80 done. best_score=67.0, changed=611, unchanged=352, early_stops=8/8
26 - INFO - chord#: 82 In build_straw_man_chord_sa. tolerance = 1, sa_iterations = 1000, initial_temperature = 3.0, cooling_rate = 0.999
26 - INFO - chord#: 60 done. best_score=27.0, changed=523, unchanged=358, early_stops=8/8
26 - INFO - chord#: 64 In build_straw_man_chord_sa. tolerance = 1, sa_iterations = 1000, initial_temperature = 3.0, cooling_rate = 0.999
26 - INFO - chord#: 80 done. best_score=78.0, changed=617, unchanged=520, early_stops=8/8
26 - INFO - chord#: 82 In build_straw_man_chord_sa. tolerance = 1, sa_iterations = 1000, initial_temperature = 3.0, cooling_rate = 0.999
26 - INFO - chord#: 68 done. best_score=27.0, changed=514, unchanged=364, early_stops=8/8
26 - INFO - chord#: 70 In build_straw_man_chord_sa. tolerance = 1, sa_iterations = 1000, initial_temperature = 3.0, cooling_rate = 0.999
26 - INFO - chord#: 68 done. best_score=27.0, changed=516, unchanged=391, early_stops=8/8
26 - INFO - chord#: 70 In build_straw_man_chord_sa. tolerance = 1, sa_iterations = 1000, initial_temperature = 3.0, cooling_rate = 0.999
26 - INFO - chord#: 80 done. best_score=67.0, changed=608, unchanged=214, early_stops=8/8
26 - INFO - chord#: 82 In build_straw_man_chord_sa. tolerance = 1, sa_iterations = 1000, initial_temperature = 3.0, cooling_rate = 0.999
26 - INFO - chord#: 66 done. best_score=27.0, changed=517, unchanged=319, early_stops=8/8
26 - INFO - chord#: 68 In build_straw_man_chord_sa. tolerance = 1, sa_iterations = 1000, initial_temperature = 3.0, cooling_rate = 0.999
26 - INFO - chord#: 80 done. best_score=67.0, changed=620, unchanged=440, early_stops=8/8
26 - INFO - chord#: 82 In build_straw_man_chord_sa. tolerance = 1, sa_iterations = 1000, initial_temperature = 3.0, cooling_rate = 0.999
26 - INFO - chord#: 82 done. best_score=27.0, changed=529, unchanged=419, early_stops=8/8
26 - INFO - chord#: 84 In build_straw_man_chord_sa. tolerance = 1, sa_iterations = 1000, initial_temperature = 3.0, cooling_rate = 0.999
26 - INFO - chord#: 66 done. best_score=27.0, changed=527, unchanged=336, early_stops=8/8
26 - INFO - chord#: 68 In build_straw_man_chord_sa. tolerance = 1, sa_iterations = 1000, initial_temperature = 3.0, cooling_rate = 0.999
26 - INFO - chord#: 82 done. best_score=36.0, changed=517, unchanged=379, early_stops=8/8
26 - INFO - chord#: 84 In build_straw_man_chord_sa. tolerance = 1, sa_iterations = 1000, initial_temperature = 3.0, cooling_rate = 0.999
26 - INFO - chord#: 80 done. best_score=78.0, changed=612, unchanged=215, early_stops=8/8
26 - INFO - chord#: 82 In build_straw_man_chord_sa. tolerance = 1, sa_iterations = 1000, initial_temperature = 3.0, cooling_rate = 0.999
26 - INFO - chord#: 64 done. best_score=27.0, changed=518, unchanged=328, early_stops=8/8
26 - INFO - chord#: 66 In build_straw_man_chord_sa. tolerance = 1, sa_iterations = 1000, initial_temperature = 3.0, cooling_rate = 0.999
26 - INFO - chord#: 70 done. best_score=27.0, changed=517, unchanged=370, early_stops=8/8
26 - INFO - chord#: 72 In build_straw_man_chord_sa. tolerance = 1, sa_iterations = 1000, initial_temperature = 3.0, cooling_rate = 0.999
26 - INFO - chord#: 70 done. best_score=27.0, changed=524, unchanged=399, early_stops=8/8
26 - INFO - chord#: 72 In build_straw_man_chord_sa. tolerance = 1, sa_iterations = 1000, initial_temperature = 3.0, cooling_rate = 0.999
26 - INFO - chord#: 82 done. best_score=27.0, changed=523, unchanged=401, early_stops=8/8
26 - INFO - chord#: 84 In build_straw_man_chord_sa. tolerance = 1, sa_iterations = 1000, initial_temperature = 3.0, cooling_rate = 0.999
26 - INFO - chord#: 68 done. best_score=27.0, changed=528, unchanged=411, early_stops=8/8
26 - INFO - chord#: 70 In build_straw_man_chord_sa. tolerance = 1, sa_iterations = 1000, initial_temperature = 3.0, cooling_rate = 0.999
26 - INFO - chord#: 82 done. best_score=27.0, changed=525, unchanged=327, early_stops=8/8
26 - INFO - chord#: 84 In build_straw_man_chord_sa. tolerance = 1, sa_iterations = 1000, initial_temperature = 3.0, cooling_rate = 0.999
26 - INFO - chord#: 84 done. best_score=47.0, changed=523, unchanged=475, early_stops=8/8
26 - INFO - chord#: 85 In build_straw_man_chord_sa. tolerance = 1, sa_iterations = 1000, initial_temperature = 3.0, cooling_rate = 0.999
26 - INFO - chord#: 68 done. best_score=27.0, changed=511, unchanged=365, early_stops=8/8
26 - INFO - chord#: 70 In build_straw_man_chord_sa. tolerance = 1, sa_iterations = 1000, initial_temperature = 3.0, cooling_rate = 0.999
26 - INFO - chord#: 80 done. best_score=137.0, changed=607, unchanged=339, early_stops=8/8
26 - INFO - chord#: 82 In build_straw_man_chord_sa. tolerance = 1, sa_iterations = 1000, initial_temperature = 3.0, cooling_rate = 0.999
26 - INFO - chord#: 82 done. best_score=36.0, changed=537, unchanged=425, early_stops=8/8
26 - INFO - chord#: 84 In build_straw_man_chord_sa. tolerance = 1, sa_iterations = 1000, initial_temperature = 3.0, cooling_rate = 0.999
26 - INFO - chord#: 84 done. best_score=47.0, changed=537, unchanged=522, early_stops=8/8
26 - INFO - chord#: 85 In build_straw_man_chord_sa. tolerance = 1, sa_iterations = 1000, initial_temperature = 3.0, cooling_rate = 0.999
26 - INFO - chord#: 66 done. best_score=27.0, changed=523, unchanged=390, early_stops=8/8
26 - INFO - chord#: 68 In build_straw_man_chord_sa. tolerance = 1, sa_iterations = 1000, initial_temperature = 3.0, cooling_rate = 0.999
26 - INFO - chord#: 84 done. best_score=47.0, changed=528, unchanged=363, early_stops=8/8
26 - INFO - chord#: 85 In build_straw_man_chord_sa. tolerance = 1, sa_iterations = 1000, initial_temperature = 3.0, cooling_rate = 0.999
26 - INFO - chord#: 72 done. best_score=147.0, changed=611, unchanged=277, early_stops=8/8
26 - INFO - chord#: 74 In build_straw_man_chord_sa. tolerance = 1, sa_iterations = 1000, initial_temperature = 3.0, cooling_rate = 0.999
26 - INFO - chord#: 84 done. best_score=47.0, changed=520, unchanged=468, early_stops=8/8
26 - INFO - chord#: 85 In build_straw_man_chord_sa. tolerance = 1, sa_iterations = 1000, initial_temperature = 3.0, cooling_rate = 0.999
26 - INFO - chord#: 70 done. best_score=27.0, changed=519, unchanged=343, early_stops=8/8
26 - INFO - chord#: 72 In build_straw_man_chord_sa. tolerance = 1, sa_iterations = 1000, initial_temperature = 3.0, cooling_rate = 0.999
26 - INFO - chord#: 84 done. best_score=47.0, changed=521, unchanged=443, early_stops=8/8
26 - INFO - chord#: 85 In build_straw_man_chord_sa. tolerance = 1, sa_iterations = 1000, initial_temperature = 3.0, cooling_rate = 0.999
26 - INFO - chord#: 85 done. best_score=27.0, changed=526, unchanged=380, early_stops=8/8
26 - INFO - chord#: 86 In build_straw_man_chord_sa. tolerance = 1, sa_iterations = 1000, initial_temperature = 3.0, cooling_rate = 0.999
26 - INFO - chord#: 70 done. best_score=27.0, changed=517, unchanged=337, early_stops=8/8
26 - INFO - chord#: 72 In build_straw_man_chord_sa. tolerance = 1, sa_iterations = 1000, initial_temperature = 3.0, cooling_rate = 0.999
26 - INFO - chord#: 85 done. best_score=27.0, changed=520, unchanged=433, early_stops=8/8
26 - INFO - chord#: 86 In build_straw_man_chord_sa. tolerance = 1, sa_iterations = 1000, initial_temperature = 3.0, cooling_rate = 0.999
26 - INFO - chord#: 82 done. best_score=27.0, changed=535, unchanged=484, early_stops=8/8
26 - INFO - chord#: 84 In build_straw_man_chord_sa. tolerance = 1, sa_iterations = 1000, initial_temperature = 3.0, cooling_rate = 0.999
26 - INFO - chord#: 85 done. best_score=27.0, changed=515, unchanged=324, early_stops=8/8
26 - INFO - chord#: 86 In build_straw_man_chord_sa. tolerance = 1, sa_iterations = 1000, initial_temperature = 3.0, cooling_rate = 0.999
26 - INFO - chord#: 68 done. best_score=27.0, changed=522, unchanged=436, early_stops=8/8
26 - INFO - chord#: 70 In build_straw_man_chord_sa. tolerance = 1, sa_iterations = 1000, initial_temperature = 3.0, cooling_rate = 0.999
26 - INFO - chord#: 74 done. best_score=36.0, changed=523, unchanged=346, early_stops=8/8
26 - INFO - chord#: 76 In build_straw_man_chord_sa. tolerance = 1, sa_iterations = 1000, initial_temperature = 3.0, cooling_rate = 0.999
26 - INFO - chord#: 85 done. best_score=27.0, changed=517, unchanged=412, early_stops=8/8
26 - INFO - chord#: 86 In build_straw_man_chord_sa. tolerance = 1, sa_iterations = 1000, initial_temperature = 3.0, cooling_rate = 0.999
26 - INFO - chord#: 84 done. best_score=47.0, changed=525, unchanged=311, early_stops=8/8
26 - INFO - chord#: 85 In build_straw_man_chord_sa. tolerance = 1, sa_iterations = 1000, initial_temperature = 3.0, cooling_rate = 0.999
26 - INFO - chord#: 85 done. best_score=27.0, changed=525, unchanged=373, early_stops=8/8
26 - INFO - chord#: 86 In build_straw_man_chord_sa. tolerance = 1, sa_iterations = 1000, initial_temperature = 3.0, cooling_rate = 0.999
26 - INFO - chord#: 86 done. best_score=27.0, changed=519, unchanged=459, early_stops=8/8
26 - INFO - chord#: 87 In build_straw_man_chord_sa. tolerance = 1, sa_iterations = 1000, initial_temperature = 3.0, cooling_rate = 0.999
26 - INFO - chord#: 86 done. best_score=27.0, changed=517, unchanged=412, early_stops=8/8
26 - INFO - chord#: 87 In build_straw_man_chord_sa. tolerance = 1, sa_iterations = 1000, initial_temperature = 3.0, cooling_rate = 0.999
26 - INFO - chord#: 86 done. best_score=27.0, changed=520, unchanged=422, early_stops=8/8
26 - INFO - chord#: 87 In build_straw_man_chord_sa. tolerance = 1, sa_iterations = 1000, initial_temperature = 3.0, cooling_rate = 0.999
26 - INFO - chord#: 72 done. best_score=111.0, changed=615, unchanged=397, early_stops=8/8
26 - INFO - chord#: 74 In build_straw_man_chord_sa. tolerance = 1, sa_iterations = 1000, initial_temperature = 3.0, cooling_rate = 0.999
26 - INFO - chord#: 72 done. best_score=111.0, changed=616, unchanged=380, early_stops=8/8
26 - INFO - chord#: 74 In build_straw_man_chord_sa. tolerance = 1, sa_iterations = 1000, initial_temperature = 3.0, cooling_rate = 0.999
26 - INFO - chord#: 70 done. best_score=27.0, changed=525, unchanged=325, early_stops=8/8
26 - INFO - chord#: 72 In build_straw_man_chord_sa. tolerance = 1, sa_iterations = 1000, initial_temperature = 3.0, cooling_rate = 0.999
26 - INFO - chord#: 86 done. best_score=27.0, changed=516, unchanged=380, early_stops=8/8
26 - INFO - chord#: 87 In build_straw_man_chord_sa. tolerance = 1, sa_iterations = 1000, initial_temperature = 3.0, cooling_rate = 0.999
26 - INFO - chord#: 85 done. best_score=27.0, changed=525, unchanged=450, early_stops=8/8
26 - INFO - chord#: 86 In build_straw_man_chord_sa. tolerance = 1, sa_iterations = 1000, initial_temperature = 3.0, cooling_rate = 0.999
26 - INFO - chord#: 86 done. best_score=27.0, changed=523, unchanged=488, early_stops=8/8
26 - INFO - chord#: 87 In build_straw_man_chord_sa. tolerance = 1, sa_iterations = 1000, initial_temperature = 3.0, cooling_rate = 0.999
26 - INFO - chord#: 76 done. best_score=27.0, changed=516, unchanged=441, early_stops=8/8
26 - INFO - chord#: 78 In build_straw_man_chord_sa. tolerance = 1, sa_iterations = 1000, initial_temperature = 3.0, cooling_rate = 0.999
26 - INFO - chord#: 74 done. best_score=36.0, changed=531, unchanged=392, early_stops=8/8
26 - INFO - chord#: 76 In build_straw_man_chord_sa. tolerance = 1, sa_iterations = 1000, initial_temperature = 3.0, cooling_rate = 0.999
26 - INFO - chord#: 74 done. best_score=36.0, changed=535, unchanged=379, early_stops=8/8
26 - INFO - chord#: 76 In build_straw_man_chord_sa. tolerance = 1, sa_iterations = 1000, initial_temperature = 3.0, cooling_rate = 0.999
26 - INFO - chord#: 86 done. best_score=27.0, changed=516, unchanged=464, early_stops=8/8
26 - INFO - chord#: 87 In build_straw_man_chord_sa. tolerance = 1, sa_iterations = 1000, initial_temperature = 3.0, cooling_rate = 0.999
26 - INFO - chord#: 78 done. best_score=27.0, changed=519, unchanged=338, early_stops=8/8
26 - INFO - chord#: 80 In build_straw_man_chord_sa. tolerance = 1, sa_iterations = 1000, initial_temperature = 3.0, cooling_rate = 0.999
26 - INFO - chord#: 87 done. best_score=82.0, changed=612, unchanged=320, early_stops=8/8
26 - INFO - chord#: 88 In build_straw_man_chord_sa. tolerance = 1, sa_iterations = 1000, initial_temperature = 3.0, cooling_rate = 0.999
26 - INFO - chord#: 87 done. best_score=82.0, changed=614, unchanged=359, early_stops=8/8
26 - INFO - chord#: 88 In build_straw_man_chord_sa. tolerance = 1, sa_iterations = 1000, initial_temperature = 3.0, cooling_rate = 0.999
26 - INFO - chord#: 72 done. best_score=135.0, changed=617, unchanged=455, early_stops=8/8
26 - INFO - chord#: 74 In build_straw_man_chord_sa. tolerance = 1, sa_iterations = 1000, initial_temperature = 3.0, cooling_rate = 0.999
26 - INFO - chord#: 72 done. best_score=111.0, changed=615, unchanged=448, early_stops=8/8
26 - INFO - chord#: 74 In build_straw_man_chord_sa. tolerance = 1, sa_iterations = 1000, initial_temperature = 3.0, cooling_rate = 0.999
26 - INFO - chord#: 87 done. best_score=82.0, changed=615, unchanged=368, early_stops=8/8
26 - INFO - chord#: 88 In build_straw_man_chord_sa. tolerance = 1, sa_iterations = 1000, initial_temperature = 3.0, cooling_rate = 0.999
26 - INFO - chord#: 87 done. best_score=82.0, changed=605, unchanged=264, early_stops=8/8
26 - INFO - chord#: 88 In build_straw_man_chord_sa. tolerance = 1, sa_iterations = 1000, initial_temperature = 3.0, cooling_rate = 0.999
26 - INFO - chord#: 76 done. best_score=27.0, changed=523, unchanged=439, early_stops=8/8
26 - INFO - chord#: 78 In build_straw_man_chord_sa. tolerance = 1, sa_iterations = 1000, initial_temperature = 3.0, cooling_rate = 0.999
26 - INFO - chord#: 76 done. best_score=27.0, changed=530, unchanged=560, early_stops=8/8
26 - INFO - chord#: 78 In build_straw_man_chord_sa. tolerance = 1, sa_iterations = 1000, initial_temperature = 3.0, cooling_rate = 0.999
26 - INFO - chord#: 74 done. best_score=78.0, changed=524, unchanged=362, early_stops=8/8
26 - INFO - chord#: 76 In build_straw_man_chord_sa. tolerance = 1, sa_iterations = 1000, initial_temperature = 3.0, cooling_rate = 0.999
26 - INFO - chord#: 74 done. best_score=36.0, changed=518, unchanged=343, early_stops=8/8
26 - INFO - chord#: 76 In build_straw_man_chord_sa. tolerance = 1, sa_iterations = 1000, initial_temperature = 3.0, cooling_rate = 0.999
26 - INFO - chord#: 87 done. best_score=82.0, changed=617, unchanged=451, early_stops=8/8
26 - INFO - chord#: 88 In build_straw_man_chord_sa. tolerance = 1, sa_iterations = 1000, initial_temperature = 3.0, cooling_rate = 0.999
26 - INFO - chord#: 87 done. best_score=136.0, changed=607, unchanged=205, early_stops=8/8
26 - INFO - chord#: 88 In build_straw_man_chord_sa. tolerance = 1, sa_iterations = 1000, initial_temperature = 3.0, cooling_rate = 0.999
26 - INFO - chord#: 72 done. best_score=150.0, changed=613, unchanged=460, early_stops=8/8
26 - INFO - chord#: 74 In build_straw_man_chord_sa. tolerance = 1, sa_iterations = 1000, initial_temperature = 3.0, cooling_rate = 0.999
26 - INFO - chord#: 88 done. best_score=78.0, changed=611, unchanged=249, early_stops=8/8
26 - INFO - chord#: 90 In build_straw_man_chord_sa. tolerance = 1, sa_iterations = 1000, initial_temperature = 3.0, cooling_rate = 0.999
26 - INFO - chord#: 78 done. best_score=27.0, changed=518, unchanged=406, early_stops=8/8
26 - INFO - chord#: 80 In build_straw_man_chord_sa. tolerance = 1, sa_iterations = 1000, initial_temperature = 3.0, cooling_rate = 0.999
26 - INFO - chord#: 88 done. best_score=67.0, changed=609, unchanged=286, early_stops=8/8
26 - INFO - chord#: 90 In build_straw_man_chord_sa. tolerance = 1, sa_iterations = 1000, initial_temperature = 3.0, cooling_rate = 0.999
26 - INFO - chord#: 76 done. best_score=27.0, changed=516, unchanged=311, early_stops=8/8
26 - INFO - chord#: 78 In build_straw_man_chord_sa. tolerance = 1, sa_iterations = 1000, initial_temperature = 3.0, cooling_rate = 0.999
26 - INFO - chord#: 78 done. best_score=27.0, changed=522, unchanged=444, early_stops=8/8
26 - INFO - chord#: 80 In build_straw_man_chord_sa. tolerance = 1, sa_iterations = 1000, initial_temperature = 3.0, cooling_rate = 0.999
26 - INFO - chord#: 88 done. best_score=67.0, changed=615, unchanged=307, early_stops=8/8
26 - INFO - chord#: 90 In build_straw_man_chord_sa. tolerance = 1, sa_iterations = 1000, initial_temperature = 3.0, cooling_rate = 0.999
26 - INFO - chord#: 88 done. best_score=67.0, changed=615, unchanged=364, early_stops=8/8
26 - INFO - chord#: 90 In build_straw_man_chord_sa. tolerance = 1, sa_iterations = 1000, initial_temperature = 3.0, cooling_rate = 0.999
26 - INFO - chord#: 80 done. best_score=137.0, changed=609, unchanged=289, early_stops=8/8
26 - INFO - chord#: 82 In build_straw_man_chord_sa. tolerance = 1, sa_iterations = 1000, initial_temperature = 3.0, cooling_rate = 0.999
26 - INFO - chord#: 90 done. best_score=27.0, changed=516, unchanged=309, early_stops=8/8
26 - INFO - chord#: 91 In build_straw_man_chord_sa. tolerance = 1, sa_iterations = 1000, initial_temperature = 3.0, cooling_rate = 0.999
26 - INFO - chord#: 76 done. best_score=27.0, changed=522, unchanged=547, early_stops=8/8
26 - INFO - chord#: 78 In build_straw_man_chord_sa. tolerance = 1, sa_iterations = 1000, initial_temperature = 3.0, cooling_rate = 0.999
26 - INFO - chord#: 74 done. best_score=36.0, changed=540, unchanged=372, early_stops=8/8
26 - INFO - chord#: 76 In build_straw_man_chord_sa. tolerance = 1, sa_iterations = 1000, initial_temperature = 3.0, cooling_rate = 0.999
26 - INFO - chord#: 90 done. best_score=27.0, changed=510, unchanged=352, early_stops=8/8
26 - INFO - chord#: 91 In build_straw_man_chord_sa. tolerance = 1, sa_iterations = 1000, initial_temperature = 3.0, cooling_rate = 0.999
26 - INFO - chord#: 88 done. best_score=78.0, changed=609, unchanged=251, early_stops=8/8
26 - INFO - chord#: 90 In build_straw_man_chord_sa. tolerance = 1, sa_iterations = 1000, initial_temperature = 3.0, cooling_rate = 0.999
26 - INFO - chord#: 78 done. best_score=27.0, changed=518, unchanged=412, early_stops=8/8
26 - INFO - chord#: 80 In build_straw_man_chord_sa. tolerance = 1, sa_iterations = 1000, initial_temperature = 3.0, cooling_rate = 0.999
26 - INFO - chord#: 90 done. best_score=27.0, changed=516, unchanged=484, early_stops=8/8
26 - INFO - chord#: 91 In build_straw_man_chord_sa. tolerance = 1, sa_iterations = 1000, initial_temperature = 3.0, cooling_rate = 0.999
26 - INFO - chord#: 90 done. best_score=27.0, changed=519, unchanged=423, early_stops=8/8
26 - INFO - chord#: 91 In build_straw_man_chord_sa. tolerance = 1, sa_iterations = 1000, initial_temperature = 3.0, cooling_rate = 0.999
26 - INFO - chord#: 78 done. best_score=27.0, changed=513, unchanged=339, early_stops=8/8
26 - INFO - chord#: 80 In build_straw_man_chord_sa. tolerance = 1, sa_iterations = 1000, initial_temperature = 3.0, cooling_rate = 0.999
26 - INFO - chord#: 82 done. best_score=27.0, changed=520, unchanged=400, early_stops=8/8
26 - INFO - chord#: 84 In build_straw_man_chord_sa. tolerance = 1, sa_iterations = 1000, initial_temperature = 3.0, cooling_rate = 0.999
26 - INFO - chord#: 88 done. best_score=78.0, changed=615, unchanged=395, early_stops=8/8
26 - INFO - chord#: 90 In build_straw_man_chord_sa. tolerance = 1, sa_iterations = 1000, initial_temperature = 3.0, cooling_rate = 0.999
26 - INFO - chord#: 90 done. best_score=27.0, changed=520, unchanged=407, early_stops=8/8
26 - INFO - chord#: 91 In build_straw_man_chord_sa. tolerance = 1, sa_iterations = 1000, initial_temperature = 3.0, cooling_rate = 0.999
26 - INFO - chord#: 76 done. best_score=27.0, changed=529, unchanged=440, early_stops=8/8
26 - INFO - chord#: 78 In build_straw_man_chord_sa. tolerance = 1, sa_iterations = 1000, initial_temperature = 3.0, cooling_rate = 0.999
26 - INFO - chord#: 80 done. best_score=137.0, changed=616, unchanged=323, early_stops=8/8
26 - INFO - chord#: 82 In build_straw_man_chord_sa. tolerance = 1, sa_iterations = 1000, initial_temperature = 3.0, cooling_rate = 0.999
26 - INFO - chord#: 90 done. best_score=27.0, changed=521, unchanged=386, early_stops=8/8
26 - INFO - chord#: 91 In build_straw_man_chord_sa. tolerance = 1, sa_iterations = 1000, initial_temperature = 3.0, cooling_rate = 0.999
26 - INFO - chord#: 91 done. best_score=67.0, changed=609, unchanged=332, early_stops=8/8
26 - INFO - chord#: 92 In build_straw_man_chord_sa. tolerance = 1, sa_iterations = 1000, initial_temperature = 3.0, cooling_rate = 0.999
26 - INFO - chord#: 84 done. best_score=47.0, changed=528, unchanged=445, early_stops=8/8
26 - INFO - chord#: 85 In build_straw_man_chord_sa. tolerance = 1, sa_iterations = 1000, initial_temperature = 3.0, cooling_rate = 0.999
26 - INFO - chord#: 80 done. best_score=78.0, changed=614, unchanged=331, early_stops=8/8
26 - INFO - chord#: 82 In build_straw_man_chord_sa. tolerance = 1, sa_iterations = 1000, initial_temperature = 3.0, cooling_rate = 0.999
26 - INFO - chord#: 91 done. best_score=67.0, changed=614, unchanged=297, early_stops=8/8
26 - INFO - chord#: 92 In build_straw_man_chord_sa. tolerance = 1, sa_iterations = 1000, initial_temperature = 3.0, cooling_rate = 0.999
26 - INFO - chord#: 78 done. best_score=27.0, changed=522, unchanged=464, early_stops=8/8
26 - INFO - chord#: 80 In build_straw_man_chord_sa. tolerance = 1, sa_iterations = 1000, initial_temperature = 3.0, cooling_rate = 0.999
26 - INFO - chord#: 80 done. best_score=140.0, changed=604, unchanged=240, early_stops=8/8
26 - INFO - chord#: 82 In build_straw_man_chord_sa. tolerance = 1, sa_iterations = 1000, initial_temperature = 3.0, cooling_rate = 0.999
26 - INFO - chord#: 92 done. best_score=27.0, changed=522, unchanged=400, early_stops=8/8
26 - INFO - chord#: 96 In build_straw_man_chord_sa. tolerance = 1, sa_iterations = 1000, initial_temperature = 3.0, cooling_rate = 0.999
26 - INFO - chord#: 91 done. best_score=67.0, changed=609, unchanged=356, early_stops=8/8
26 - INFO - chord#: 92 In build_straw_man_chord_sa. tolerance = 1, sa_iterations = 1000, initial_temperature = 3.0, cooling_rate = 0.999
26 - INFO - chord#: 91 done. best_score=96.0, changed=613, unchanged=372, early_stops=8/8
26 - INFO - chord#: 92 In build_straw_man_chord_sa. tolerance = 1, sa_iterations = 1000, initial_temperature = 3.0, cooling_rate = 0.999
26 - INFO - chord#: 92 done. best_score=27.0, changed=527, unchanged=392, early_stops=8/8
26 - INFO - chord#: 96 In build_straw_man_chord_sa. tolerance = 1, sa_iterations = 1000, initial_temperature = 3.0, cooling_rate = 0.999
26 - INFO - chord#: 80 done. best_score=142.0, changed=606, unchanged=220, early_stops=8/8
26 - INFO - chord#: 82 In build_straw_man_chord_sa. tolerance = 1, sa_iterations = 1000, initial_temperature = 3.0, cooling_rate = 0.999
26 - INFO - chord#: 82 done. best_score=27.0, changed=523, unchanged=424, early_stops=8/8
26 - INFO - chord#: 84 In build_straw_man_chord_sa. tolerance = 1, sa_iterations = 1000, initial_temperature = 3.0, cooling_rate = 0.999
26 - INFO - chord#: 82 done. best_score=36.0, changed=525, unchanged=377, early_stops=8/8
26 - INFO - chord#: 84 In build_straw_man_chord_sa. tolerance = 1, sa_iterations = 1000, initial_temperature = 3.0, cooling_rate = 0.999
26 - INFO - chord#: 85 done. best_score=27.0, changed=516, unchanged=361, early_stops=8/8
26 - INFO - chord#: 86 In build_straw_man_chord_sa. tolerance = 1, sa_iterations = 1000, initial_temperature = 3.0, cooling_rate = 0.999
26 - INFO - chord#: 91 done. best_score=195.0, changed=611, unchanged=344, early_stops=8/8
26 - INFO - chord#: 92 In build_straw_man_chord_sa. tolerance = 1, sa_iterations = 1000, initial_temperature = 3.0, cooling_rate = 0.999
26 - INFO - chord#: 92 done. best_score=27.0, changed=526, unchanged=379, early_stops=8/8
26 - INFO - chord#: 96 In build_straw_man_chord_sa. tolerance = 1, sa_iterations = 1000, initial_temperature = 3.0, cooling_rate = 0.999
26 - INFO - chord#: 92 done. best_score=27.0, changed=517, unchanged=414, early_stops=8/8
26 - INFO - chord#: 96 In build_straw_man_chord_sa. tolerance = 1, sa_iterations = 1000, initial_temperature = 3.0, cooling_rate = 0.999
26 - INFO - chord#: 96 done. best_score=27.0, changed=522, unchanged=422, early_stops=8/8
26 - INFO - chord#: 100 In build_straw_man_chord_sa. tolerance = 1, sa_iterations = 1000, initial_temperature = 3.0, cooling_rate = 0.999
26 - INFO - chord#: 82 done. best_score=27.0, changed=521, unchanged=397, early_stops=8/8
26 - INFO - chord#: 84 In build_straw_man_chord_sa. tolerance = 1, sa_iterations = 1000, initial_temperature = 3.0, cooling_rate = 0.999
26 - INFO - chord#: 96 done. best_score=27.0, changed=520, unchanged=382, early_stops=8/8
26 - INFO - chord#: 100 In build_straw_man_chord_sa. tolerance = 1, sa_iterations = 1000, initial_temperature = 3.0, cooling_rate = 0.999
26 - INFO - chord#: 91 done. best_score=157.0, changed=614, unchanged=381, early_stops=8/8
26 - INFO - chord#: 92 In build_straw_man_chord_sa. tolerance = 1, sa_iterations = 1000, initial_temperature = 3.0, cooling_rate = 0.999
26 - INFO - chord#: 92 done. best_score=27.0, changed=517, unchanged=406, early_stops=8/8
26 - INFO - chord#: 82 done. best_score=27.0, changed=517, unchanged=341, early_stops=8/8
26 - INFO - chord#: 96 In build_straw_man_chord_sa. tolerance = 1, sa_iterations = 1000, initial_temperature = 3.0, cooling_rate = 0.999
26 - INFO - chord#: 84 In build_straw_man_chord_sa. tolerance = 1, sa_iterations = 1000, initial_temperature = 3.0, cooling_rate = 0.999
26 - INFO - chord#: 84 done. best_score=47.0, changed=525, unchanged=416, early_stops=8/8
26 - INFO - chord#: 85 In build_straw_man_chord_sa. tolerance = 1, sa_iterations = 1000, initial_temperature = 3.0, cooling_rate = 0.999
26 - INFO - chord#: 84 done. best_score=47.0, changed=527, unchanged=350, early_stops=8/8
26 - INFO - chord#: 85 In build_straw_man_chord_sa. tolerance = 1, sa_iterations = 1000, initial_temperature = 3.0, cooling_rate = 0.999
26 - INFO - chord#: 96 done. best_score=27.0, changed=526, unchanged=420, early_stops=8/8
26 - INFO - chord#: 100 In build_straw_man_chord_sa. tolerance = 1, sa_iterations = 1000, initial_temperature = 3.0, cooling_rate = 0.999
26 - INFO - chord#: 86 done. best_score=27.0, changed=516, unchanged=544, early_stops=8/8
26 - INFO - chord#: 87 In build_straw_man_chord_sa. tolerance = 1, sa_iterations = 1000, initial_temperature = 3.0, cooling_rate = 0.999
26 - INFO - chord#: 96 done. best_score=27.0, changed=516, unchanged=418, early_stops=8/8
26 - INFO - chord#: 100 In build_straw_man_chord_sa. tolerance = 1, sa_iterations = 1000, initial_temperature = 3.0, cooling_rate = 0.999
26 - INFO - chord#: 100 done. best_score=27.0, changed=530, unchanged=435, early_stops=8/8
26 - INFO - chord#: 102 In build_straw_man_chord_sa. tolerance = 1, sa_iterations = 1000, initial_temperature = 3.0, cooling_rate = 0.999
26 - INFO - chord#: 100 done. best_score=27.0, changed=527, unchanged=457, early_stops=8/8
26 - INFO - chord#: 102 In build_straw_man_chord_sa. tolerance = 1, sa_iterations = 1000, initial_temperature = 3.0, cooling_rate = 0.999
26 - INFO - chord#: 80 done. best_score=78.0, changed=606, unchanged=212, early_stops=8/8
26 - INFO - chord#: 82 In build_straw_man_chord_sa. tolerance = 1, sa_iterations = 1000, initial_temperature = 3.0, cooling_rate = 0.999
26 - INFO - chord#: 92 done. best_score=27.0, changed=531, unchanged=431, early_stops=8/8
26 - INFO - chord#: 96 In build_straw_man_chord_sa. tolerance = 1, sa_iterations = 1000, initial_temperature = 3.0, cooling_rate = 0.999
26 - INFO - chord#: 84 done. best_score=47.0, changed=523, unchanged=404, early_stops=8/8
26 - INFO - chord#: 85 In build_straw_man_chord_sa. tolerance = 1, sa_iterations = 1000, initial_temperature = 3.0, cooling_rate = 0.999
26 - INFO - chord#: 96 done. best_score=27.0, changed=518, unchanged=424, early_stops=8/8
26 - INFO - chord#: 100 In build_straw_man_chord_sa. tolerance = 1, sa_iterations = 1000, initial_temperature = 3.0, cooling_rate = 0.999
26 - INFO - chord#: 100 done. best_score=27.0, changed=517, unchanged=386, early_stops=8/8
26 - INFO - chord#: 102 In build_straw_man_chord_sa. tolerance = 1, sa_iterations = 1000, initial_temperature = 3.0, cooling_rate = 0.999
26 - INFO - chord#: 85 done. best_score=27.0, changed=518, unchanged=350, early_stops=8/8
26 - INFO - chord#: 86 In build_straw_man_chord_sa. tolerance = 1, sa_iterations = 1000, initial_temperature = 3.0, cooling_rate = 0.999
26 - INFO - chord#: 84 done. best_score=47.0, changed=525, unchanged=448, early_stops=8/8
26 - INFO - chord#: 85 In build_straw_man_chord_sa. tolerance = 1, sa_iterations = 1000, initial_temperature = 3.0, cooling_rate = 0.999
26 - INFO - chord#: 100 done. best_score=27.0, changed=526, unchanged=361, early_stops=8/8
26 - INFO - chord#: 102 In build_straw_man_chord_sa. tolerance = 1, sa_iterations = 1000, initial_temperature = 3.0, cooling_rate = 0.999
26 - INFO - chord#: 85 done. best_score=27.0, changed=527, unchanged=419, early_stops=8/8
26 - INFO - chord#: 86 In build_straw_man_chord_sa. tolerance = 1, sa_iterations = 1000, initial_temperature = 3.0, cooling_rate = 0.999
26 - INFO - chord#: 82 done. best_score=36.0, changed=524, unchanged=387, early_stops=8/8
26 - INFO - chord#: 84 In build_straw_man_chord_sa. tolerance = 1, sa_iterations = 1000, initial_temperature = 3.0, cooling_rate = 0.999
26 - INFO - chord#: 96 done. best_score=27.0, changed=519, unchanged=512, early_stops=8/8
26 - INFO - chord#: 100 In build_straw_man_chord_sa. tolerance = 1, sa_iterations = 1000, initial_temperature = 3.0, cooling_rate = 0.999
26 - INFO - chord#: 100 done. best_score=27.0, changed=519, unchanged=463, early_stops=8/8
26 - INFO - chord#: 102 In build_straw_man_chord_sa. tolerance = 1, sa_iterations = 1000, initial_temperature = 3.0, cooling_rate = 0.999
26 - INFO - chord#: 85 done. best_score=27.0, changed=525, unchanged=445, early_stops=8/8
26 - INFO - chord#: 86 In build_straw_man_chord_sa. tolerance = 1, sa_iterations = 1000, initial_temperature = 3.0, cooling_rate = 0.999
26 - INFO - chord#: 102 done. best_score=74.0, changed=607, unchanged=241, early_stops=8/8
26 - INFO - chord#: 104 In build_straw_man_chord_sa. tolerance = 1, sa_iterations = 1000, initial_temperature = 3.0, cooling_rate = 0.999
26 - INFO - chord#: 86 done. best_score=27.0, changed=515, unchanged=413, early_stops=8/8
26 - INFO - chord#: 87 In build_straw_man_chord_sa. tolerance = 1, sa_iterations = 1000, initial_temperature = 3.0, cooling_rate = 0.999
26 - INFO - chord#: 85 done. best_score=27.0, changed=512, unchanged=402, early_stops=8/8
26 - INFO - chord#: 86 In build_straw_man_chord_sa. tolerance = 1, sa_iterations = 1000, initial_temperature = 3.0, cooling_rate = 0.999
26 - INFO - chord#: 86 done. best_score=27.0, changed=519, unchanged=407, early_stops=8/8
26 - INFO - chord#: 87 In build_straw_man_chord_sa. tolerance = 1, sa_iterations = 1000, initial_temperature = 3.0, cooling_rate = 0.999
26 - INFO - chord#: 102 done. best_score=96.0, changed=615, unchanged=403, early_stops=8/8
26 - INFO - chord#: 104 In build_straw_man_chord_sa. tolerance = 1, sa_iterations = 1000, initial_temperature = 3.0, cooling_rate = 0.999
26 - INFO - chord#: 87 done. best_score=82.0, changed=608, unchanged=237, early_stops=8/8
26 - INFO - chord#: 88 In build_straw_man_chord_sa. tolerance = 1, sa_iterations = 1000, initial_temperature = 3.0, cooling_rate = 0.999
26 - INFO - chord#: 102 done. best_score=96.0, changed=613, unchanged=232, early_stops=8/8
26 - INFO - chord#: 104 In build_straw_man_chord_sa. tolerance = 1, sa_iterations = 1000, initial_temperature = 3.0, cooling_rate = 0.999
26 - INFO - chord#: 100 done. best_score=27.0, changed=526, unchanged=419, early_stops=8/8
26 - INFO - chord#: 102 In build_straw_man_chord_sa. tolerance = 1, sa_iterations = 1000, initial_temperature = 3.0, cooling_rate = 0.999
26 - INFO - chord#: 84 done. best_score=47.0, changed=521, unchanged=400, early_stops=8/8
26 - INFO - chord#: 85 In build_straw_man_chord_sa. tolerance = 1, sa_iterations = 1000, initial_temperature = 3.0, cooling_rate = 0.999
26 - INFO - chord#: 104 done. best_score=27.0, changed=537, unchanged=440, early_stops=8/8
26 - INFO - chord#: 106 In build_straw_man_chord_sa. tolerance = 1, sa_iterations = 1000, initial_temperature = 3.0, cooling_rate = 0.999
26 - INFO - chord#: 102 done. best_score=74.0, changed=612, unchanged=276, early_stops=8/8
26 - INFO - chord#: 104 In build_straw_man_chord_sa. tolerance = 1, sa_iterations = 1000, initial_temperature = 3.0, cooling_rate = 0.999
26 - INFO - chord#: 86 done. best_score=27.0, changed=520, unchanged=472, early_stops=8/8
26 - INFO - chord#: 87 In build_straw_man_chord_sa. tolerance = 1, sa_iterations = 1000, initial_temperature = 3.0, cooling_rate = 0.999
26 - INFO - chord#: 104 done. best_score=27.0, changed=513, unchanged=310, early_stops=8/8
26 - INFO - chord#: 106 In build_straw_man_chord_sa. tolerance = 1, sa_iterations = 1000, initial_temperature = 3.0, cooling_rate = 0.999
26 - INFO - chord#: 104 done. best_score=27.0, changed=517, unchanged=351, early_stops=8/8
26 - INFO - chord#: 106 In build_straw_man_chord_sa. tolerance = 1, sa_iterations = 1000, initial_temperature = 3.0, cooling_rate = 0.999
26 - INFO - chord#: 86 done. best_score=27.0, changed=527, unchanged=409, early_stops=8/8
26 - INFO - chord#: 87 In build_straw_man_chord_sa. tolerance = 1, sa_iterations = 1000, initial_temperature = 3.0, cooling_rate = 0.999
26 - INFO - chord#: 102 done. best_score=96.0, changed=612, unchanged=293, early_stops=8/8
26 - INFO - chord#: 104 In build_straw_man_chord_sa. tolerance = 1, sa_iterations = 1000, initial_temperature = 3.0, cooling_rate = 0.999
26 - INFO - chord#: 104 done. best_score=27.0, changed=523, unchanged=328, early_stops=8/8
26 - INFO - chord#: 106 In build_straw_man_chord_sa. tolerance = 1, sa_iterations = 1000, initial_temperature = 3.0, cooling_rate = 0.999
26 - INFO - chord#: 85 done. best_score=27.0, changed=522, unchanged=411, early_stops=8/8
26 - INFO - chord#: 86 In build_straw_man_chord_sa. tolerance = 1, sa_iterations = 1000, initial_temperature = 3.0, cooling_rate = 0.999
26 - INFO - chord#: 104 done. best_score=27.0, changed=528, unchanged=317, early_stops=8/8
26 - INFO - chord#: 106 In build_straw_man_chord_sa. tolerance = 1, sa_iterations = 1000, initial_temperature = 3.0, cooling_rate = 0.999
26 - INFO - chord#: 102 done. best_score=96.0, changed=610, unchanged=302, early_stops=8/8
26 - INFO - chord#: 104 In build_straw_man_chord_sa. tolerance = 1, sa_iterations = 1000, initial_temperature = 3.0, cooling_rate = 0.999
26 - INFO - chord#: 87 done. best_score=82.0, changed=612, unchanged=327, early_stops=8/8
26 - INFO - chord#: 88 In build_straw_man_chord_sa. tolerance = 1, sa_iterations = 1000, initial_temperature = 3.0, cooling_rate = 0.999
26 - INFO - chord#: 87 done. best_score=82.0, changed=614, unchanged=330, early_stops=8/8
26 - INFO - chord#: 88 In build_straw_man_chord_sa. tolerance = 1, sa_iterations = 1000, initial_temperature = 3.0, cooling_rate = 0.999
26 - INFO - chord#: 106 done. best_score=64.0, changed=609, unchanged=270, early_stops=8/8
26 - INFO - chord#: 108 In build_straw_man_chord_sa. tolerance = 1, sa_iterations = 1000, initial_temperature = 3.0, cooling_rate = 0.999
26 - INFO - chord#: 86 done. best_score=27.0, changed=527, unchanged=394, early_stops=8/8
26 - INFO - chord#: 87 In build_straw_man_chord_sa. tolerance = 1, sa_iterations = 1000, initial_temperature = 3.0, cooling_rate = 0.999
26 - INFO - chord#: 106 done. best_score=64.0, changed=617, unchanged=361, early_stops=8/8
26 - INFO - chord#: 108 In build_straw_man_chord_sa. tolerance = 1, sa_iterations = 1000, initial_temperature = 3.0, cooling_rate = 0.999
26 - INFO - chord#: 104 done. best_score=27.0, changed=523, unchanged=379, early_stops=8/8
26 - INFO - chord#: 106 In build_straw_man_chord_sa. tolerance = 1, sa_iterations = 1000, initial_temperature = 3.0, cooling_rate = 0.999
26 - INFO - chord#: 87 done. best_score=82.0, changed=609, unchanged=213, early_stops=8/8
26 - INFO - chord#: 88 In build_straw_man_chord_sa. tolerance = 1, sa_iterations = 1000, initial_temperature = 3.0, cooling_rate = 0.999
26 - INFO - chord#: 106 done. best_score=104.0, changed=614, unchanged=365, early_stops=8/8
26 - INFO - chord#: 108 In build_straw_man_chord_sa. tolerance = 1, sa_iterations = 1000, initial_temperature = 3.0, cooling_rate = 0.999
26 - INFO - chord#: 88 done. best_score=67.0, changed=614, unchanged=333, early_stops=8/8
26 - INFO - chord#: 90 In build_straw_man_chord_sa. tolerance = 1, sa_iterations = 1000, initial_temperature = 3.0, cooling_rate = 0.999
26 - INFO - chord#: 106 done. best_score=64.0, changed=611, unchanged=345, early_stops=8/8
26 - INFO - chord#: 108 In build_straw_man_chord_sa. tolerance = 1, sa_iterations = 1000, initial_temperature = 3.0, cooling_rate = 0.999
26 - INFO - chord#: 108 done. best_score=27.0, changed=515, unchanged=320, early_stops=8/8
26 - INFO - chord#: 110 In build_straw_man_chord_sa. tolerance = 1, sa_iterations = 1000, initial_temperature = 3.0, cooling_rate = 0.999
26 - INFO - chord#: 108 done. best_score=27.0, changed=515, unchanged=366, early_stops=8/8
26 - INFO - chord#: 110 In build_straw_man_chord_sa. tolerance = 1, sa_iterations = 1000, initial_temperature = 3.0, cooling_rate = 0.999
26 - INFO - chord#: 87 done. best_score=108.0, changed=612, unchanged=352, early_stops=8/8
26 - INFO - chord#: 88 In build_straw_man_chord_sa. tolerance = 1, sa_iterations = 1000, initial_temperature = 3.0, cooling_rate = 0.999
26 - INFO - chord#: 106 done. best_score=64.0, changed=609, unchanged=279, early_stops=8/8
26 - INFO - chord#: 108 In build_straw_man_chord_sa. tolerance = 1, sa_iterations = 1000, initial_temperature = 3.0, cooling_rate = 0.999
26 - INFO - chord#: 108 done. best_score=27.0, changed=512, unchanged=323, early_stops=8/8
26 - INFO - chord#: 110 In build_straw_man_chord_sa. tolerance = 1, sa_iterations = 1000, initial_temperature = 3.0, cooling_rate = 0.999
26 - INFO - chord#: 110 done. best_score=36.0, changed=519, unchanged=356, early_stops=8/8
26 - INFO - chord#: 112 In build_straw_man_chord_sa. tolerance = 1, sa_iterations = 1000, initial_temperature = 3.0, cooling_rate = 0.999
26 - INFO - chord#: 108 done. best_score=27.0, changed=520, unchanged=429, early_stops=8/8
26 - INFO - chord#: 110 In build_straw_man_chord_sa. tolerance = 1, sa_iterations = 1000, initial_temperature = 3.0, cooling_rate = 0.999
26 - INFO - chord#: 90 done. best_score=27.0, changed=518, unchanged=445, early_stops=8/8
26 - INFO - chord#: 91 In build_straw_man_chord_sa. tolerance = 1, sa_iterations = 1000, initial_temperature = 3.0, cooling_rate = 0.999
26 - INFO - chord#: 110 done. best_score=36.0, changed=524, unchanged=448, early_stops=8/8
26 - INFO - chord#: 112 In build_straw_man_chord_sa. tolerance = 1, sa_iterations = 1000, initial_temperature = 3.0, cooling_rate = 0.999
26 - INFO - chord#: 108 done. best_score=27.0, changed=519, unchanged=369, early_stops=8/8
26 - INFO - chord#: 110 In build_straw_man_chord_sa. tolerance = 1, sa_iterations = 1000, initial_temperature = 3.0, cooling_rate = 0.999
26 - INFO - chord#: 106 done. best_score=64.0, changed=610, unchanged=242, early_stops=8/8
26 - INFO - chord#: 108 In build_straw_man_chord_sa. tolerance = 1, sa_iterations = 1000, initial_temperature = 3.0, cooling_rate = 0.999
26 - INFO - chord#: 87 done. best_score=108.0, changed=607, unchanged=197, early_stops=8/8
26 - INFO - chord#: 88 In build_straw_man_chord_sa. tolerance = 1, sa_iterations = 1000, initial_temperature = 3.0, cooling_rate = 0.999
26 - INFO - chord#: 110 done. best_score=36.0, changed=527, unchanged=507, early_stops=8/8
26 - INFO - chord#: 112 In build_straw_man_chord_sa. tolerance = 1, sa_iterations = 1000, initial_temperature = 3.0, cooling_rate = 0.999
26 - INFO - chord#: 88 done. best_score=137.0, changed=610, unchanged=225, early_stops=8/8
26 - INFO - chord#: 90 In build_straw_man_chord_sa. tolerance = 1, sa_iterations = 1000, initial_temperature = 3.0, cooling_rate = 0.999
26 - INFO - chord#: 112 done. best_score=27.0, changed=518, unchanged=431, early_stops=8/8
26 - INFO - chord#: 114 In build_straw_man_chord_sa. tolerance = 1, sa_iterations = 1000, initial_temperature = 3.0, cooling_rate = 0.999
26 - INFO - chord#: 110 done. best_score=36.0, changed=522, unchanged=367, early_stops=8/8
26 - INFO - chord#: 112 In build_straw_man_chord_sa. tolerance = 1, sa_iterations = 1000, initial_temperature = 3.0, cooling_rate = 0.999
26 - INFO - chord#: 88 done. best_score=119.0, changed=616, unchanged=377, early_stops=8/8
26 - INFO - chord#: 90 In build_straw_man_chord_sa. tolerance = 1, sa_iterations = 1000, initial_temperature = 3.0, cooling_rate = 0.999
26 - INFO - chord#: 108 done. best_score=27.0, changed=514, unchanged=388, early_stops=8/8
26 - INFO - chord#: 110 In build_straw_man_chord_sa. tolerance = 1, sa_iterations = 1000, initial_temperature = 3.0, cooling_rate = 0.999
26 - INFO - chord#: 112 done. best_score=27.0, changed=528, unchanged=517, early_stops=8/8
26 - INFO - chord#: 114 In build_straw_man_chord_sa. tolerance = 1, sa_iterations = 1000, initial_temperature = 3.0, cooling_rate = 0.999
26 - INFO - chord#: 110 done. best_score=36.0, changed=526, unchanged=451, early_stops=8/8
26 - INFO - chord#: 112 In build_straw_man_chord_sa. tolerance = 1, sa_iterations = 1000, initial_temperature = 3.0, cooling_rate = 0.999
26 - INFO - chord#: 88 done. best_score=119.0, changed=614, unchanged=533, early_stops=8/8
26 - INFO - chord#: 90 In build_straw_man_chord_sa. tolerance = 1, sa_iterations = 1000, initial_temperature = 3.0, cooling_rate = 0.999
26 - INFO - chord#: 112 done. best_score=27.0, changed=521, unchanged=417, early_stops=8/8
26 - INFO - chord#: 114 In build_straw_man_chord_sa. tolerance = 1, sa_iterations = 1000, initial_temperature = 3.0, cooling_rate = 0.999
26 - INFO - chord#: 112 done. best_score=27.0, changed=516, unchanged=383, early_stops=8/8
26 - INFO - chord#: 114 In build_straw_man_chord_sa. tolerance = 1, sa_iterations = 1000, initial_temperature = 3.0, cooling_rate = 0.999
26 - INFO - chord#: 88 done. best_score=93.0, changed=616, unchanged=305, early_stops=8/8
26 - INFO - chord#: 90 In build_straw_man_chord_sa. tolerance = 1, sa_iterations = 1000, initial_temperature = 3.0, cooling_rate = 0.999
26 - INFO - chord#: 110 done. best_score=36.0, changed=532, unchanged=437, early_stops=8/8
26 - INFO - chord#: 112 In build_straw_man_chord_sa. tolerance = 1, sa_iterations = 1000, initial_temperature = 3.0, cooling_rate = 0.999
26 - INFO - chord#: 90 done. best_score=27.0, changed=523, unchanged=479, early_stops=8/8
26 - INFO - chord#: 91 In build_straw_man_chord_sa. tolerance = 1, sa_iterations = 1000, initial_temperature = 3.0, cooling_rate = 0.999
26 - INFO - chord#: 90 done. best_score=27.0, changed=517, unchanged=385, early_stops=8/8
26 - INFO - chord#: 91 In build_straw_man_chord_sa. tolerance = 1, sa_iterations = 1000, initial_temperature = 3.0, cooling_rate = 0.999
26 - INFO - chord#: 112 done. best_score=27.0, changed=525, unchanged=454, early_stops=8/8
26 - INFO - chord#: 114 In build_straw_man_chord_sa. tolerance = 1, sa_iterations = 1000, initial_temperature = 3.0, cooling_rate = 0.999
26 - INFO - chord#: 91 done. best_score=67.0, changed=612, unchanged=284, early_stops=8/8
26 - INFO - chord#: 92 In build_straw_man_chord_sa. tolerance = 1, sa_iterations = 1000, initial_temperature = 3.0, cooling_rate = 0.999
26 - INFO - chord#: 90 done. best_score=27.0, changed=518, unchanged=400, early_stops=8/8
26 - INFO - chord#: 91 In build_straw_man_chord_sa. tolerance = 1, sa_iterations = 1000, initial_temperature = 3.0, cooling_rate = 0.999
26 - INFO - chord#: 112 done. best_score=27.0, changed=519, unchanged=326, early_stops=8/8
26 - INFO - chord#: 114 In build_straw_man_chord_sa. tolerance = 1, sa_iterations = 1000, initial_temperature = 3.0, cooling_rate = 0.999
26 - INFO - chord#: 114 done. best_score=70.0, changed=614, unchanged=330, early_stops=8/8
26 - INFO - chord#: 116 In build_straw_man_chord_sa. tolerance = 1, sa_iterations = 1000, initial_temperature = 3.0, cooling_rate = 0.999
26 - INFO - chord#: 88 done. best_score=145.0, changed=610, unchanged=333, early_stops=8/8
26 - INFO - chord#: 90 In build_straw_man_chord_sa. tolerance = 1, sa_iterations = 1000, initial_temperature = 3.0, cooling_rate = 0.999
26 - INFO - chord#: 90 done. best_score=27.0, changed=517, unchanged=358, early_stops=8/8
26 - INFO - chord#: 91 In build_straw_man_chord_sa. tolerance = 1, sa_iterations = 1000, initial_temperature = 3.0, cooling_rate = 0.999
26 - INFO - chord#: 114 done. best_score=70.0, changed=616, unchanged=410, early_stops=8/8
26 - INFO - chord#: 116 In build_straw_man_chord_sa. tolerance = 1, sa_iterations = 1000, initial_temperature = 3.0, cooling_rate = 0.999
26 - INFO - chord#: 92 done. best_score=27.0, changed=521, unchanged=448, early_stops=8/8
26 - INFO - chord#: 96 In build_straw_man_chord_sa. tolerance = 1, sa_iterations = 1000, initial_temperature = 3.0, cooling_rate = 0.999
26 - INFO - chord#: 114 done. best_score=111.0, changed=610, unchanged=338, early_stops=8/8
26 - INFO - chord#: 116 In build_straw_man_chord_sa. tolerance = 1, sa_iterations = 1000, initial_temperature = 3.0, cooling_rate = 0.999
26 - INFO - chord#: 114 done. best_score=155.0, changed=616, unchanged=352, early_stops=8/8
26 - INFO - chord#: 116 In build_straw_man_chord_sa. tolerance = 1, sa_iterations = 1000, initial_temperature = 3.0, cooling_rate = 0.999
26 - INFO - chord#: 116 done. best_score=27.0, changed=525, unchanged=453, early_stops=8/8
26 - INFO - chord#: 118 In build_straw_man_chord_sa. tolerance = 1, sa_iterations = 1000, initial_temperature = 3.0, cooling_rate = 0.999
26 - INFO - chord#: 90 done. best_score=27.0, changed=528, unchanged=442, early_stops=8/8
26 - INFO - chord#: 91 In build_straw_man_chord_sa. tolerance = 1, sa_iterations = 1000, initial_temperature = 3.0, cooling_rate = 0.999
26 - INFO - chord#: 116 done. best_score=27.0, changed=528, unchanged=351, early_stops=8/8
26 - INFO - chord#: 118 In build_straw_man_chord_sa. tolerance = 1, sa_iterations = 1000, initial_temperature = 3.0, cooling_rate = 0.999
26 - INFO - chord#: 91 done. best_score=137.0, changed=610, unchanged=222, early_stops=8/8
26 - INFO - chord#: 92 In build_straw_man_chord_sa. tolerance = 1, sa_iterations = 1000, initial_temperature = 3.0, cooling_rate = 0.999
26 - INFO - chord#: 116 done. best_score=27.0, changed=522, unchanged=434, early_stops=8/8
26 - INFO - chord#: 118 In build_straw_man_chord_sa. tolerance = 1, sa_iterations = 1000, initial_temperature = 3.0, cooling_rate = 0.999
26 - INFO - chord#: 116 done. best_score=27.0, changed=525, unchanged=453, early_stops=8/8
26 - INFO - chord#: 118 In build_straw_man_chord_sa. tolerance = 1, sa_iterations = 1000, initial_temperature = 3.0, cooling_rate = 0.999
26 - INFO - chord#: 114 done. best_score=149.0, changed=620, unchanged=469, early_stops=8/8
26 - INFO - chord#: 116 In build_straw_man_chord_sa. tolerance = 1, sa_iterations = 1000, initial_temperature = 3.0, cooling_rate = 0.999
26 - INFO - chord#: 96 done. best_score=27.0, changed=518, unchanged=392, early_stops=8/8
26 - INFO - chord#: 100 In build_straw_man_chord_sa. tolerance = 1, sa_iterations = 1000, initial_temperature = 3.0, cooling_rate = 0.999
26 - INFO - chord#: 91 done. best_score=137.0, changed=609, unchanged=318, early_stops=8/8
26 - INFO - chord#: 92 In build_straw_man_chord_sa. tolerance = 1, sa_iterations = 1000, initial_temperature = 3.0, cooling_rate = 0.999
26 - INFO - chord#: 114 done. best_score=75.0, changed=615, unchanged=297, early_stops=8/8
26 - INFO - chord#: 116 In build_straw_man_chord_sa. tolerance = 1, sa_iterations = 1000, initial_temperature = 3.0, cooling_rate = 0.999
26 - INFO - chord#: 118 done. best_score=27.0, changed=519, unchanged=377, early_stops=8/8
26 - INFO - chord#: 120 In build_straw_man_chord_sa. tolerance = 1, sa_iterations = 1000, initial_temperature = 3.0, cooling_rate = 0.999
26 - INFO - chord#: 91 done. best_score=67.0, changed=611, unchanged=297, early_stops=8/8
26 - INFO - chord#: 92 In build_straw_man_chord_sa. tolerance = 1, sa_iterations = 1000, initial_temperature = 3.0, cooling_rate = 0.999
26 - INFO - chord#: 118 done. best_score=27.0, changed=522, unchanged=420, early_stops=8/8
26 - INFO - chord#: 120 In build_straw_man_chord_sa. tolerance = 1, sa_iterations = 1000, initial_temperature = 3.0, cooling_rate = 0.999
26 - INFO - chord#: 118 done. best_score=27.0, changed=520, unchanged=419, early_stops=8/8
26 - INFO - chord#: 120 In build_straw_man_chord_sa. tolerance = 1, sa_iterations = 1000, initial_temperature = 3.0, cooling_rate = 0.999
26 - INFO - chord#: 92 done. best_score=27.0, changed=524, unchanged=383, early_stops=8/8
26 - INFO - chord#: 96 In build_straw_man_chord_sa. tolerance = 1, sa_iterations = 1000, initial_temperature = 3.0, cooling_rate = 0.999
26 - INFO - chord#: 116 done. best_score=27.0, changed=513, unchanged=394, early_stops=8/8
26 - INFO - chord#: 118 In build_straw_man_chord_sa. tolerance = 1, sa_iterations = 1000, initial_temperature = 3.0, cooling_rate = 0.999
26 - INFO - chord#: 118 done. best_score=27.0, changed=520, unchanged=425, early_stops=8/8
26 - INFO - chord#: 120 In build_straw_man_chord_sa. tolerance = 1, sa_iterations = 1000, initial_temperature = 3.0, cooling_rate = 0.999
26 - INFO - chord#: 116 done. best_score=27.0, changed=525, unchanged=392, early_stops=8/8
26 - INFO - chord#: 118 In build_straw_man_chord_sa. tolerance = 1, sa_iterations = 1000, initial_temperature = 3.0, cooling_rate = 0.999
26 - INFO - chord#: 92 done. best_score=27.0, changed=524, unchanged=341, early_stops=8/8
26 - INFO - chord#: 96 In build_straw_man_chord_sa. tolerance = 1, sa_iterations = 1000, initial_temperature = 3.0, cooling_rate = 0.999
26 - INFO - chord#: 100 done. best_score=27.0, changed=527, unchanged=460, early_stops=8/8
26 - INFO - chord#: 120 done. best_score=27.0, changed=514, unchanged=345, early_stops=8/8
26 - INFO - chord#: 102 In build_straw_man_chord_sa. tolerance = 1, sa_iterations = 1000, initial_temperature = 3.0, cooling_rate = 0.999
26 - INFO - chord#: 124 In build_straw_man_chord_sa. tolerance = 1, sa_iterations = 1000, initial_temperature = 3.0, cooling_rate = 0.999
26 - INFO - chord#: 91 done. best_score=96.0, changed=620, unchanged=388, early_stops=8/8
26 - INFO - chord#: 92 In build_straw_man_chord_sa. tolerance = 1, sa_iterations = 1000, initial_temperature = 3.0, cooling_rate = 0.999
26 - INFO - chord#: 92 done. best_score=27.0, changed=518, unchanged=324, early_stops=8/8
26 - INFO - chord#: 96 In build_straw_man_chord_sa. tolerance = 1, sa_iterations = 1000, initial_temperature = 3.0, cooling_rate = 0.999
26 - INFO - chord#: 120 done. best_score=27.0, changed=519, unchanged=432, early_stops=8/8
26 - INFO - chord#: 124 In build_straw_man_chord_sa. tolerance = 1, sa_iterations = 1000, initial_temperature = 3.0, cooling_rate = 0.999
26 - INFO - chord#: 120 done. best_score=27.0, changed=519, unchanged=412, early_stops=8/8
26 - INFO - chord#: 124 In build_straw_man_chord_sa. tolerance = 1, sa_iterations = 1000, initial_temperature = 3.0, cooling_rate = 0.999
26 - INFO - chord#: 118 done. best_score=27.0, changed=515, unchanged=471, early_stops=8/8
26 - INFO - chord#: 120 In build_straw_man_chord_sa. tolerance = 1, sa_iterations = 1000, initial_temperature = 3.0, cooling_rate = 0.999
26 - INFO - chord#: 118 done. best_score=27.0, changed=520, unchanged=532, early_stops=8/8
26 - INFO - chord#: 120 In build_straw_man_chord_sa. tolerance = 1, sa_iterations = 1000, initial_temperature = 3.0, cooling_rate = 0.999
26 - INFO - chord#: 120 done. best_score=27.0, changed=519, unchanged=504, early_stops=8/8
26 - INFO - chord#: 124 In build_straw_man_chord_sa. tolerance = 1, sa_iterations = 1000, initial_temperature = 3.0, cooling_rate = 0.999
26 - INFO - chord#: 96 done. best_score=27.0, changed=519, unchanged=432, early_stops=8/8
26 - INFO - chord#: 100 In build_straw_man_chord_sa. tolerance = 1, sa_iterations = 1000, initial_temperature = 3.0, cooling_rate = 0.999
26 - INFO - chord#: 124 done. best_score=27.0, changed=527, unchanged=544, early_stops=8/8
26 - INFO - chord#: 128 In build_straw_man_chord_sa. tolerance = 1, sa_iterations = 1000, initial_temperature = 3.0, cooling_rate = 0.999
26 - INFO - chord#: 92 done. best_score=27.0, changed=519, unchanged=410, early_stops=8/8
26 - INFO - chord#: 96 In build_straw_man_chord_sa. tolerance = 1, sa_iterations = 1000, initial_temperature = 3.0, cooling_rate = 0.999
26 - INFO - chord#: 124 done. best_score=27.0, changed=515, unchanged=400, early_stops=8/8
26 - INFO - chord#: 128 In build_straw_man_chord_sa. tolerance = 1, sa_iterations = 1000, initial_temperature = 3.0, cooling_rate = 0.999
26 - INFO - chord#: 96 done. best_score=27.0, changed=523, unchanged=486, early_stops=8/8
26 - INFO - chord#: 100 In build_straw_man_chord_sa. tolerance = 1, sa_iterations = 1000, initial_temperature = 3.0, cooling_rate = 0.999
26 - INFO - chord#: 124 done. best_score=27.0, changed=522, unchanged=362, early_stops=8/8
26 - INFO - chord#: 128 In build_straw_man_chord_sa. tolerance = 1, sa_iterations = 1000, initial_temperature = 3.0, cooling_rate = 0.999
26 - INFO - chord#: 96 done. best_score=27.0, changed=519, unchanged=447, early_stops=8/8
26 - INFO - chord#: 100 In build_straw_man_chord_sa. tolerance = 1, sa_iterations = 1000, initial_temperature = 3.0, cooling_rate = 0.999
26 - INFO - chord#: 120 done. best_score=27.0, changed=521, unchanged=324, early_stops=8/8
26 - INFO - chord#: 124 In build_straw_man_chord_sa. tolerance = 1, sa_iterations = 1000, initial_temperature = 3.0, cooling_rate = 0.999
26 - INFO - chord#: 120 done. best_score=27.0, changed=522, unchanged=360, early_stops=8/8
26 - INFO - chord#: 124 In build_straw_man_chord_sa. tolerance = 1, sa_iterations = 1000, initial_temperature = 3.0, cooling_rate = 0.999
26 - INFO - chord#: 124 done. best_score=27.0, changed=514, unchanged=324, early_stops=8/8
26 - INFO - chord#: 128 In build_straw_man_chord_sa. tolerance = 1, sa_iterations = 1000, initial_temperature = 3.0, cooling_rate = 0.999
26 - INFO - chord#: 100 done. best_score=27.0, changed=516, unchanged=335, early_stops=8/8
26 - INFO - chord#: 102 In build_straw_man_chord_sa. tolerance = 1, sa_iterations = 1000, initial_temperature = 3.0, cooling_rate = 0.999
26 - INFO - chord#: 128 done. best_score=27.0, changed=521, unchanged=383, early_stops=8/8
26 - INFO - chord#: 130 In build_straw_man_chord_sa. tolerance = 1, sa_iterations = 1000, initial_temperature = 3.0, cooling_rate = 0.999
26 - INFO - chord#: 91 done. best_score=145.0, changed=623, unchanged=582, early_stops=8/8
26 - INFO - chord#: 92 In build_straw_man_chord_sa. tolerance = 1, sa_iterations = 1000, initial_temperature = 3.0, cooling_rate = 0.999
26 - INFO - chord#: 96 done. best_score=27.0, changed=515, unchanged=342, early_stops=8/8
26 - INFO - chord#: 100 In build_straw_man_chord_sa. tolerance = 1, sa_iterations = 1000, initial_temperature = 3.0, cooling_rate = 0.999
26 - INFO - chord#: 128 done. best_score=27.0, changed=521, unchanged=435, early_stops=8/8
26 - INFO - chord#: 130 In build_straw_man_chord_sa. tolerance = 1, sa_iterations = 1000, initial_temperature = 3.0, cooling_rate = 0.999
26 - INFO - chord#: 128 done. best_score=27.0, changed=530, unchanged=408, early_stops=8/8
26 - INFO - chord#: 130 In build_straw_man_chord_sa. tolerance = 1, sa_iterations = 1000, initial_temperature = 3.0, cooling_rate = 0.999
26 - INFO - chord#: 100 done. best_score=27.0, changed=519, unchanged=384, early_stops=8/8
26 - INFO - chord#: 102 In build_straw_man_chord_sa. tolerance = 1, sa_iterations = 1000, initial_temperature = 3.0, cooling_rate = 0.999
26 - INFO - chord#: 100 done. best_score=27.0, changed=520, unchanged=473, early_stops=8/8
26 - INFO - chord#: 102 In build_straw_man_chord_sa. tolerance = 1, sa_iterations = 1000, initial_temperature = 3.0, cooling_rate = 0.999
26 - INFO - chord#: 128 done. best_score=27.0, changed=519, unchanged=336, early_stops=8/8
26 - INFO - chord#: 130 In build_straw_man_chord_sa. tolerance = 1, sa_iterations = 1000, initial_temperature = 3.0, cooling_rate = 0.999
26 - INFO - chord#: 124 done. best_score=27.0, changed=523, unchanged=518, early_stops=8/8
26 - INFO - chord#: 128 In build_straw_man_chord_sa. tolerance = 1, sa_iterations = 1000, initial_temperature = 3.0, cooling_rate = 0.999
26 - INFO - chord#: 102 done. best_score=96.0, changed=607, unchanged=390, early_stops=8/8
26 - INFO - chord#: 104 In build_straw_man_chord_sa. tolerance = 1, sa_iterations = 1000, initial_temperature = 3.0, cooling_rate = 0.999
26 - INFO - chord#: 124 done. best_score=27.0, changed=515, unchanged=404, early_stops=8/8
26 - INFO - chord#: 128 In build_straw_man_chord_sa. tolerance = 1, sa_iterations = 1000, initial_temperature = 3.0, cooling_rate = 0.999
26 - INFO - chord#: 92 done. best_score=27.0, changed=526, unchanged=405, early_stops=8/8
26 - INFO - chord#: 96 In build_straw_man_chord_sa. tolerance = 1, sa_iterations = 1000, initial_temperature = 3.0, cooling_rate = 0.999
26 - INFO - chord#: 130 done. best_score=36.0, changed=533, unchanged=440, early_stops=8/8
26 - INFO - chord#: 132 In build_straw_man_chord_sa. tolerance = 1, sa_iterations = 1000, initial_temperature = 3.0, cooling_rate = 0.999
26 - INFO - chord#: 130 done. best_score=36.0, changed=521, unchanged=344, early_stops=8/8
26 - INFO - chord#: 132 In build_straw_man_chord_sa. tolerance = 1, sa_iterations = 1000, initial_temperature = 3.0, cooling_rate = 0.999
26 - INFO - chord#: 130 done. best_score=36.0, changed=522, unchanged=506, early_stops=8/8
26 - INFO - chord#: 132 In build_straw_man_chord_sa. tolerance = 1, sa_iterations = 1000, initial_temperature = 3.0, cooling_rate = 0.999
26 - INFO - chord#: 100 done. best_score=27.0, changed=524, unchanged=411, early_stops=8/8
26 - INFO - chord#: 102 In build_straw_man_chord_sa. tolerance = 1, sa_iterations = 1000, initial_temperature = 3.0, cooling_rate = 0.999
26 - INFO - chord#: 128 done. best_score=27.0, changed=519, unchanged=353, early_stops=8/8
26 - INFO - chord#: 130 In build_straw_man_chord_sa. tolerance = 1, sa_iterations = 1000, initial_temperature = 3.0, cooling_rate = 0.999
26 - INFO - chord#: 130 done. best_score=36.0, changed=523, unchanged=373, early_stops=8/8
26 - INFO - chord#: 132 In build_straw_man_chord_sa. tolerance = 1, sa_iterations = 1000, initial_temperature = 3.0, cooling_rate = 0.999
26 - INFO - chord#: 104 done. best_score=27.0, changed=535, unchanged=433, early_stops=8/8
26 - INFO - chord#: 106 In build_straw_man_chord_sa. tolerance = 1, sa_iterations = 1000, initial_temperature = 3.0, cooling_rate = 0.999
26 - INFO - chord#: 96 done. best_score=27.0, changed=521, unchanged=355, early_stops=8/8
26 - INFO - chord#: 100 In build_straw_man_chord_sa. tolerance = 1, sa_iterations = 1000, initial_temperature = 3.0, cooling_rate = 0.999
26 - INFO - chord#: 128 done. best_score=27.0, changed=517, unchanged=443, early_stops=8/8
26 - INFO - chord#: 130 In build_straw_man_chord_sa. tolerance = 1, sa_iterations = 1000, initial_temperature = 3.0, cooling_rate = 0.999
26 - INFO - chord#: 102 done. best_score=74.0, changed=606, unchanged=209, early_stops=8/8
26 - INFO - chord#: 104 In build_straw_man_chord_sa. tolerance = 1, sa_iterations = 1000, initial_temperature = 3.0, cooling_rate = 0.999
26 - INFO - chord#: 132 done. best_score=27.0, changed=525, unchanged=462, early_stops=8/8
26 - INFO - chord#: 134 In build_straw_man_chord_sa. tolerance = 1, sa_iterations = 1000, initial_temperature = 3.0, cooling_rate = 0.999
26 - INFO - chord#: 132 done. best_score=27.0, changed=526, unchanged=430, early_stops=8/8
26 - INFO - chord#: 132 done. best_score=27.0, changed=519, unchanged=352, early_stops=8/8
26 - INFO - chord#: 134 In build_straw_man_chord_sa. tolerance = 1, sa_iterations = 1000, initial_temperature = 3.0, cooling_rate = 0.999
26 - INFO - chord#: 134 In build_straw_man_chord_sa. tolerance = 1, sa_iterations = 1000, initial_temperature = 3.0, cooling_rate = 0.999
26 - INFO - chord#: 130 done. best_score=36.0, changed=520, unchanged=381, early_stops=8/8
26 - INFO - chord#: 132 In build_straw_man_chord_sa. tolerance = 1, sa_iterations = 1000, initial_temperature = 3.0, cooling_rate = 0.999
26 - INFO - chord#: 132 done. best_score=27.0, changed=531, unchanged=492, early_stops=8/8
26 - INFO - chord#: 134 In build_straw_man_chord_sa. tolerance = 1, sa_iterations = 1000, initial_temperature = 3.0, cooling_rate = 0.999
26 - INFO - chord#: 100 done. best_score=27.0, changed=523, unchanged=367, early_stops=8/8
26 - INFO - chord#: 102 In build_straw_man_chord_sa. tolerance = 1, sa_iterations = 1000, initial_temperature = 3.0, cooling_rate = 0.999
26 - INFO - chord#: 104 done. best_score=27.0, changed=523, unchanged=439, early_stops=8/8
26 - INFO - chord#: 106 In build_straw_man_chord_sa. tolerance = 1, sa_iterations = 1000, initial_temperature = 3.0, cooling_rate = 0.999
26 - INFO - chord#: 130 done. best_score=36.0, changed=521, unchanged=464, early_stops=8/8
26 - INFO - chord#: 132 In build_straw_man_chord_sa. tolerance = 1, sa_iterations = 1000, initial_temperature = 3.0, cooling_rate = 0.999
26 - INFO - chord#: 102 done. best_score=167.0, changed=612, unchanged=365, early_stops=8/8
26 - INFO - chord#: 104 In build_straw_man_chord_sa. tolerance = 1, sa_iterations = 1000, initial_temperature = 3.0, cooling_rate = 0.999
26 - INFO - chord#: 102 done. best_score=96.0, changed=617, unchanged=405, early_stops=8/8
26 - INFO - chord#: 104 In build_straw_man_chord_sa. tolerance = 1, sa_iterations = 1000, initial_temperature = 3.0, cooling_rate = 0.999
26 - INFO - chord#: 132 done. best_score=27.0, changed=516, unchanged=408, early_stops=8/8
26 - INFO - chord#: 134 In build_straw_man_chord_sa. tolerance = 1, sa_iterations = 1000, initial_temperature = 3.0, cooling_rate = 0.999
26 - INFO - chord#: 106 done. best_score=64.0, changed=611, unchanged=220, early_stops=8/8
26 - INFO - chord#: 108 In build_straw_man_chord_sa. tolerance = 1, sa_iterations = 1000, initial_temperature = 3.0, cooling_rate = 0.999
26 - INFO - chord#: 102 done. best_score=74.0, changed=615, unchanged=341, early_stops=8/8
26 - INFO - chord#: 104 In build_straw_man_chord_sa. tolerance = 1, sa_iterations = 1000, initial_temperature = 3.0, cooling_rate = 0.999
26 - INFO - chord#: 134 done. best_score=70.0, changed=612, unchanged=269, early_stops=8/8
26 - INFO - chord#: 136 In build_straw_man_chord_sa. tolerance = 1, sa_iterations = 1000, initial_temperature = 3.0, cooling_rate = 0.999
26 - INFO - chord#: 134 done. best_score=70.0, changed=614, unchanged=304, early_stops=8/8
26 - INFO - chord#: 136 In build_straw_man_chord_sa. tolerance = 1, sa_iterations = 1000, initial_temperature = 3.0, cooling_rate = 0.999
26 - INFO - chord#: 104 done. best_score=27.0, changed=530, unchanged=328, early_stops=8/8
26 - INFO - chord#: 106 In build_straw_man_chord_sa. tolerance = 1, sa_iterations = 1000, initial_temperature = 3.0, cooling_rate = 0.999
26 - INFO - chord#: 104 done. best_score=27.0, changed=529, unchanged=390, early_stops=8/8
26 - INFO - chord#: 106 In build_straw_man_chord_sa. tolerance = 1, sa_iterations = 1000, initial_temperature = 3.0, cooling_rate = 0.999
26 - INFO - chord#: 132 done. best_score=27.0, changed=527, unchanged=398, early_stops=8/8
26 - INFO - chord#: 134 In build_straw_man_chord_sa. tolerance = 1, sa_iterations = 1000, initial_temperature = 3.0, cooling_rate = 0.999
26 - INFO - chord#: 134 done. best_score=104.0, changed=612, unchanged=385, early_stops=8/8
26 - INFO - chord#: 136 In build_straw_man_chord_sa. tolerance = 1, sa_iterations = 1000, initial_temperature = 3.0, cooling_rate = 0.999
26 - INFO - chord#: 134 done. best_score=149.0, changed=608, unchanged=233, early_stops=8/8
26 - INFO - chord#: 136 In build_straw_man_chord_sa. tolerance = 1, sa_iterations = 1000, initial_temperature = 3.0, cooling_rate = 0.999
26 - INFO - chord#: 108 done. best_score=27.0, changed=524, unchanged=456, early_stops=8/8
26 - INFO - chord#: 110 In build_straw_man_chord_sa. tolerance = 1, sa_iterations = 1000, initial_temperature = 3.0, cooling_rate = 0.999
26 - INFO - chord#: 136 done. best_score=27.0, changed=524, unchanged=378, early_stops=8/8
26 - INFO - chord#: 138 In build_straw_man_chord_sa. tolerance = 1, sa_iterations = 1000, initial_temperature = 3.0, cooling_rate = 0.999
26 - INFO - chord#: 102 done. best_score=74.0, changed=611, unchanged=343, early_stops=8/8
26 - INFO - chord#: 104 In build_straw_man_chord_sa. tolerance = 1, sa_iterations = 1000, initial_temperature = 3.0, cooling_rate = 0.999
26 - INFO - chord#: 136 done. best_score=27.0, changed=524, unchanged=357, early_stops=8/8
26 - INFO - chord#: 106 done. best_score=64.0, changed=616, unchanged=280, early_stops=8/8
26 - INFO - chord#: 108 In build_straw_man_chord_sa. tolerance = 1, sa_iterations = 1000, initial_temperature = 3.0, cooling_rate = 0.999
26 - INFO - chord#: 138 In build_straw_man_chord_sa. tolerance = 1, sa_iterations = 1000, initial_temperature = 3.0, cooling_rate = 0.999
26 - INFO - chord#: 104 done. best_score=27.0, changed=526, unchanged=530, early_stops=8/8
26 - INFO - chord#: 106 In build_straw_man_chord_sa. tolerance = 1, sa_iterations = 1000, initial_temperature = 3.0, cooling_rate = 0.999
26 - INFO - chord#: 136 done. best_score=27.0, changed=541, unchanged=456, early_stops=8/8
26 - INFO - chord#: 138 In build_straw_man_chord_sa. tolerance = 1, sa_iterations = 1000, initial_temperature = 3.0, cooling_rate = 0.999
26 - INFO - chord#: 136 done. best_score=27.0, changed=523, unchanged=401, early_stops=8/8
26 - INFO - chord#: 138 In build_straw_man_chord_sa. tolerance = 1, sa_iterations = 1000, initial_temperature = 3.0, cooling_rate = 0.999
26 - INFO - chord#: 134 done. best_score=70.0, changed=612, unchanged=326, early_stops=8/8
26 - INFO - chord#: 136 In build_straw_man_chord_sa. tolerance = 1, sa_iterations = 1000, initial_temperature = 3.0, cooling_rate = 0.999
26 - INFO - chord#: 110 done. best_score=36.0, changed=529, unchanged=410, early_stops=8/8
26 - INFO - chord#: 112 In build_straw_man_chord_sa. tolerance = 1, sa_iterations = 1000, initial_temperature = 3.0, cooling_rate = 0.999
26 - INFO - chord#: 104 done. best_score=27.0, changed=522, unchanged=327, early_stops=8/8
26 - INFO - chord#: 106 In build_straw_man_chord_sa. tolerance = 1, sa_iterations = 1000, initial_temperature = 3.0, cooling_rate = 0.999
26 - INFO - chord#: 108 done. best_score=27.0, changed=522, unchanged=612, early_stops=8/8
26 - INFO - chord#: 110 In build_straw_man_chord_sa. tolerance = 1, sa_iterations = 1000, initial_temperature = 3.0, cooling_rate = 0.999
26 - INFO - chord#: 136 done. best_score=27.0, changed=524, unchanged=437, early_stops=8/8
26 - INFO - chord#: 138 In build_straw_man_chord_sa. tolerance = 1, sa_iterations = 1000, initial_temperature = 3.0, cooling_rate = 0.999
26 - INFO - chord#: 106 done. best_score=64.0, changed=614, unchanged=328, early_stops=8/8
26 - INFO - chord#: 108 In build_straw_man_chord_sa. tolerance = 1, sa_iterations = 1000, initial_temperature = 3.0, cooling_rate = 0.999
26 - INFO - chord#: 112 done. best_score=27.0, changed=514, unchanged=387, early_stops=8/8
26 - INFO - chord#: 114 In build_straw_man_chord_sa. tolerance = 1, sa_iterations = 1000, initial_temperature = 3.0, cooling_rate = 0.999
26 - INFO - chord#: 106 done. best_score=64.0, changed=613, unchanged=313, early_stops=8/8
26 - INFO - chord#: 108 In build_straw_man_chord_sa. tolerance = 1, sa_iterations = 1000, initial_temperature = 3.0, cooling_rate = 0.999
26 - INFO - chord#: 138 done. best_score=67.0, changed=612, unchanged=332, early_stops=8/8
26 - INFO - chord#: 140 In build_straw_man_chord_sa. tolerance = 1, sa_iterations = 1000, initial_temperature = 3.0, cooling_rate = 0.999
26 - INFO - chord#: 110 done. best_score=36.0, changed=527, unchanged=441, early_stops=8/8
26 - INFO - chord#: 112 In build_straw_man_chord_sa. tolerance = 1, sa_iterations = 1000, initial_temperature = 3.0, cooling_rate = 0.999
26 - INFO - chord#: 134 done. best_score=70.0, changed=616, unchanged=369, early_stops=8/8
26 - INFO - chord#: 136 In build_straw_man_chord_sa. tolerance = 1, sa_iterations = 1000, initial_temperature = 3.0, cooling_rate = 0.999
26 - INFO - chord#: 106 done. best_score=157.0, changed=612, unchanged=242, early_stops=8/8
26 - INFO - chord#: 108 In build_straw_man_chord_sa. tolerance = 1, sa_iterations = 1000, initial_temperature = 3.0, cooling_rate = 0.999
26 - INFO - chord#: 138 done. best_score=67.0, changed=616, unchanged=323, early_stops=8/8
26 - INFO - chord#: 140 In build_straw_man_chord_sa. tolerance = 1, sa_iterations = 1000, initial_temperature = 3.0, cooling_rate = 0.999
26 - INFO - chord#: 138 done. best_score=67.0, changed=617, unchanged=380, early_stops=8/8
26 - INFO - chord#: 140 In build_straw_man_chord_sa. tolerance = 1, sa_iterations = 1000, initial_temperature = 3.0, cooling_rate = 0.999
26 - INFO - chord#: 138 done. best_score=67.0, changed=615, unchanged=388, early_stops=8/8
26 - INFO - chord#: 140 In build_straw_man_chord_sa. tolerance = 1, sa_iterations = 1000, initial_temperature = 3.0, cooling_rate = 0.999
26 - INFO - chord#: 108 done. best_score=27.0, changed=519, unchanged=463, early_stops=8/8
26 - INFO - chord#: 110 In build_straw_man_chord_sa. tolerance = 1, sa_iterations = 1000, initial_temperature = 3.0, cooling_rate = 0.999
26 - INFO - chord#: 140 done. best_score=27.0, changed=518, unchanged=574, early_stops=8/8
26 - INFO - chord#: 142 In build_straw_man_chord_sa. tolerance = 1, sa_iterations = 1000, initial_temperature = 3.0, cooling_rate = 0.999
26 - INFO - chord#: 112 done. best_score=27.0, changed=512, unchanged=394, early_stops=8/8
26 - INFO - chord#: 114 In build_straw_man_chord_sa. tolerance = 1, sa_iterations = 1000, initial_temperature = 3.0, cooling_rate = 0.999
26 - INFO - chord#: 108 done. best_score=27.0, changed=523, unchanged=554, early_stops=8/8
26 - INFO - chord#: 110 In build_straw_man_chord_sa. tolerance = 1, sa_iterations = 1000, initial_temperature = 3.0, cooling_rate = 0.999
26 - INFO - chord#: 136 done. best_score=27.0, changed=525, unchanged=419, early_stops=8/8
26 - INFO - chord#: 138 In build_straw_man_chord_sa. tolerance = 1, sa_iterations = 1000, initial_temperature = 3.0, cooling_rate = 0.999
26 - INFO - chord#: 140 done. best_score=27.0, changed=526, unchanged=373, early_stops=8/8
26 - INFO - chord#: 142 In build_straw_man_chord_sa. tolerance = 1, sa_iterations = 1000, initial_temperature = 3.0, cooling_rate = 0.999
26 - INFO - chord#: 140 done. best_score=27.0, changed=515, unchanged=423, early_stops=8/8
26 - INFO - chord#: 142 In build_straw_man_chord_sa. tolerance = 1, sa_iterations = 1000, initial_temperature = 3.0, cooling_rate = 0.999
26 - INFO - chord#: 108 done. best_score=27.0, changed=517, unchanged=412, early_stops=8/8
26 - INFO - chord#: 110 In build_straw_man_chord_sa. tolerance = 1, sa_iterations = 1000, initial_temperature = 3.0, cooling_rate = 0.999
26 - INFO - chord#: 106 done. best_score=146.0, changed=611, unchanged=350, early_stops=8/8
26 - INFO - chord#: 108 In build_straw_man_chord_sa. tolerance = 1, sa_iterations = 1000, initial_temperature = 3.0, cooling_rate = 0.999
26 - INFO - chord#: 138 done. best_score=137.0, changed=611, unchanged=405, early_stops=8/8
26 - INFO - chord#: 140 In build_straw_man_chord_sa. tolerance = 1, sa_iterations = 1000, initial_temperature = 3.0, cooling_rate = 0.999
26 - INFO - chord#: 114 done. best_score=70.0, changed=614, unchanged=376, early_stops=8/8
26 - INFO - chord#: 116 In build_straw_man_chord_sa. tolerance = 1, sa_iterations = 1000, initial_temperature = 3.0, cooling_rate = 0.999
26 - INFO - chord#: 140 done. best_score=27.0, changed=524, unchanged=442, early_stops=8/8
26 - INFO - chord#: 142 In build_straw_man_chord_sa. tolerance = 1, sa_iterations = 1000, initial_temperature = 3.0, cooling_rate = 0.999
26 - INFO - chord#: 110 done. best_score=36.0, changed=522, unchanged=365, early_stops=8/8
26 - INFO - chord#: 112 In build_straw_man_chord_sa. tolerance = 1, sa_iterations = 1000, initial_temperature = 3.0, cooling_rate = 0.999
26 - INFO - chord#: 110 done. best_score=36.0, changed=515, unchanged=394, early_stops=8/8
26 - INFO - chord#: 112 In build_straw_man_chord_sa. tolerance = 1, sa_iterations = 1000, initial_temperature = 3.0, cooling_rate = 0.999
26 - INFO - chord#: 140 done. best_score=27.0, changed=526, unchanged=404, early_stops=8/8
26 - INFO - chord#: 142 In build_straw_man_chord_sa. tolerance = 1, sa_iterations = 1000, initial_temperature = 3.0, cooling_rate = 0.999
26 - INFO - chord#: 108 done. best_score=27.0, changed=515, unchanged=402, early_stops=8/8
26 - INFO - chord#: 110 In build_straw_man_chord_sa. tolerance = 1, sa_iterations = 1000, initial_temperature = 3.0, cooling_rate = 0.999
26 - INFO - chord#: 116 done. best_score=27.0, changed=512, unchanged=370, early_stops=8/8
26 - INFO - chord#: 118 In build_straw_man_chord_sa. tolerance = 1, sa_iterations = 1000, initial_temperature = 3.0, cooling_rate = 0.999
26 - INFO - chord#: 110 done. best_score=36.0, changed=533, unchanged=446, early_stops=8/8
26 - INFO - chord#: 112 In build_straw_man_chord_sa. tolerance = 1, sa_iterations = 1000, initial_temperature = 3.0, cooling_rate = 0.999
26 - INFO - chord#: 114 done. best_score=70.0, changed=612, unchanged=233, early_stops=8/8
26 - INFO - chord#: 116 In build_straw_man_chord_sa. tolerance = 1, sa_iterations = 1000, initial_temperature = 3.0, cooling_rate = 0.999
26 - INFO - chord#: 142 done. best_score=64.0, changed=610, unchanged=209, early_stops=8/8
26 - INFO - chord#: 144 In build_straw_man_chord_sa. tolerance = 1, sa_iterations = 1000, initial_temperature = 3.0, cooling_rate = 0.999
26 - INFO - chord#: 142 done. best_score=64.0, changed=613, unchanged=372, early_stops=8/8
26 - INFO - chord#: 144 In build_straw_man_chord_sa. tolerance = 1, sa_iterations = 1000, initial_temperature = 3.0, cooling_rate = 0.999
26 - INFO - chord#: 142 done. best_score=64.0, changed=609, unchanged=282, early_stops=8/8
26 - INFO - chord#: 144 In build_straw_man_chord_sa. tolerance = 1, sa_iterations = 1000, initial_temperature = 3.0, cooling_rate = 0.999
26 - INFO - chord#: 112 done. best_score=27.0, changed=517, unchanged=347, early_stops=8/8
26 - INFO - chord#: 114 In build_straw_man_chord_sa. tolerance = 1, sa_iterations = 1000, initial_temperature = 3.0, cooling_rate = 0.999
26 - INFO - chord#: 112 done. best_score=27.0, changed=526, unchanged=503, early_stops=8/8
26 - INFO - chord#: 114 In build_straw_man_chord_sa. tolerance = 1, sa_iterations = 1000, initial_temperature = 3.0, cooling_rate = 0.999
26 - INFO - chord#: 116 done. best_score=27.0, changed=521, unchanged=423, early_stops=8/8
26 - INFO - chord#: 118 In build_straw_man_chord_sa. tolerance = 1, sa_iterations = 1000, initial_temperature = 3.0, cooling_rate = 0.999
26 - INFO - chord#: 118 done. best_score=27.0, changed=519, unchanged=479, early_stops=8/8
26 - INFO - chord#: 120 In build_straw_man_chord_sa. tolerance = 1, sa_iterations = 1000, initial_temperature = 3.0, cooling_rate = 0.999
26 - INFO - chord#: 138 done. best_score=67.0, changed=610, unchanged=330, early_stops=8/8
26 - INFO - chord#: 140 In build_straw_man_chord_sa. tolerance = 1, sa_iterations = 1000, initial_temperature = 3.0, cooling_rate = 0.999
26 - INFO - chord#: 110 done. best_score=36.0, changed=518, unchanged=355, early_stops=8/8
26 - INFO - chord#: 112 In build_straw_man_chord_sa. tolerance = 1, sa_iterations = 1000, initial_temperature = 3.0, cooling_rate = 0.999
26 - INFO - chord#: 112 done. best_score=27.0, changed=523, unchanged=418, early_stops=8/8
26 - INFO - chord#: 114 In build_straw_man_chord_sa. tolerance = 1, sa_iterations = 1000, initial_temperature = 3.0, cooling_rate = 0.999
26 - INFO - chord#: 142 done. best_score=104.0, changed=613, unchanged=281, early_stops=8/8
26 - INFO - chord#: 144 In build_straw_man_chord_sa. tolerance = 1, sa_iterations = 1000, initial_temperature = 3.0, cooling_rate = 0.999
26 - INFO - chord#: 120 done. best_score=27.0, changed=516, unchanged=355, early_stops=8/8
26 - INFO - chord#: 124 In build_straw_man_chord_sa. tolerance = 1, sa_iterations = 1000, initial_temperature = 3.0, cooling_rate = 0.999
26 - INFO - chord#: 118 done. best_score=27.0, changed=521, unchanged=442, early_stops=8/8
26 - INFO - chord#: 120 In build_straw_man_chord_sa. tolerance = 1, sa_iterations = 1000, initial_temperature = 3.0, cooling_rate = 0.999
26 - INFO - chord#: 144 done. best_score=64.0, changed=610, unchanged=218, early_stops=8/8
26 - INFO - chord#: 146 In build_straw_man_chord_sa. tolerance = 1, sa_iterations = 1000, initial_temperature = 3.0, cooling_rate = 0.999
26 - INFO - chord#: 144 done. best_score=157.0, changed=608, unchanged=221, early_stops=8/8
26 - INFO - chord#: 146 In build_straw_man_chord_sa. tolerance = 1, sa_iterations = 1000, initial_temperature = 3.0, cooling_rate = 0.999
26 - INFO - chord#: 142 done. best_score=64.0, changed=617, unchanged=468, early_stops=8/8
26 - INFO - chord#: 144 In build_straw_man_chord_sa. tolerance = 1, sa_iterations = 1000, initial_temperature = 3.0, cooling_rate = 0.999
26 - INFO - chord#: 112 done. best_score=27.0, changed=518, unchanged=344, early_stops=8/8
26 - INFO - chord#: 114 In build_straw_man_chord_sa. tolerance = 1, sa_iterations = 1000, initial_temperature = 3.0, cooling_rate = 0.999
26 - INFO - chord#: 140 done. best_score=27.0, changed=523, unchanged=427, early_stops=8/8
26 - INFO - chord#: 142 In build_straw_man_chord_sa. tolerance = 1, sa_iterations = 1000, initial_temperature = 3.0, cooling_rate = 0.999
26 - INFO - chord#: 144 done. best_score=64.0, changed=614, unchanged=402, early_stops=8/8
26 - INFO - chord#: 146 In build_straw_man_chord_sa. tolerance = 1, sa_iterations = 1000, initial_temperature = 3.0, cooling_rate = 0.999
26 - INFO - chord#: 146 done. best_score=27.0, changed=521, unchanged=442, early_stops=8/8
26 - INFO - chord#: 147 In build_straw_man_chord_sa. tolerance = 1, sa_iterations = 1000, initial_temperature = 3.0, cooling_rate = 0.999
26 - INFO - chord#: 120 done. best_score=27.0, changed=522, unchanged=428, early_stops=8/8
26 - INFO - chord#: 124 In build_straw_man_chord_sa. tolerance = 1, sa_iterations = 1000, initial_temperature = 3.0, cooling_rate = 0.999
26 - INFO - chord#: 124 done. best_score=27.0, changed=522, unchanged=518, early_stops=8/8
26 - INFO - chord#: 128 In build_straw_man_chord_sa. tolerance = 1, sa_iterations = 1000, initial_temperature = 3.0, cooling_rate = 0.999
26 - INFO - chord#: 146 done. best_score=27.0, changed=518, unchanged=511, early_stops=8/8
26 - INFO - chord#: 147 In build_straw_man_chord_sa. tolerance = 1, sa_iterations = 1000, initial_temperature = 3.0, cooling_rate = 0.999
26 - INFO - chord#: 114 done. best_score=70.0, changed=614, unchanged=363, early_stops=8/8
26 - INFO - chord#: 116 In build_straw_man_chord_sa. tolerance = 1, sa_iterations = 1000, initial_temperature = 3.0, cooling_rate = 0.999
26 - INFO - chord#: 146 done. best_score=27.0, changed=519, unchanged=448, early_stops=8/8
26 - INFO - chord#: 147 In build_straw_man_chord_sa. tolerance = 1, sa_iterations = 1000, initial_temperature = 3.0, cooling_rate = 0.999
26 - INFO - chord#: 114 done. best_score=70.0, changed=609, unchanged=248, early_stops=8/8
26 - INFO - chord#: 116 In build_straw_man_chord_sa. tolerance = 1, sa_iterations = 1000, initial_temperature = 3.0, cooling_rate = 0.999
26 - INFO - chord#: 144 done. best_score=71.0, changed=609, unchanged=235, early_stops=8/8
26 - INFO - chord#: 146 In build_straw_man_chord_sa. tolerance = 1, sa_iterations = 1000, initial_temperature = 3.0, cooling_rate = 0.999
26 - INFO - chord#: 144 done. best_score=64.0, changed=609, unchanged=228, early_stops=8/8
26 - INFO - chord#: 146 In build_straw_man_chord_sa. tolerance = 1, sa_iterations = 1000, initial_temperature = 3.0, cooling_rate = 0.999
26 - INFO - chord#: 128 done. best_score=27.0, changed=522, unchanged=394, early_stops=8/8
26 - INFO - chord#: 130 In build_straw_man_chord_sa. tolerance = 1, sa_iterations = 1000, initial_temperature = 3.0, cooling_rate = 0.999
26 - INFO - chord#: 147 done. best_score=36.0, changed=516, unchanged=506, early_stops=8/8
26 - INFO - chord#: 148 In build_straw_man_chord_sa. tolerance = 1, sa_iterations = 1000, initial_temperature = 3.0, cooling_rate = 0.999
26 - INFO - chord#: 124 done. best_score=27.0, changed=522, unchanged=615, early_stops=8/8
26 - INFO - chord#: 128 In build_straw_man_chord_sa. tolerance = 1, sa_iterations = 1000, initial_temperature = 3.0, cooling_rate = 0.999
26 - INFO - chord#: 147 done. best_score=36.0, changed=520, unchanged=372, early_stops=8/8
26 - INFO - chord#: 148 In build_straw_man_chord_sa. tolerance = 1, sa_iterations = 1000, initial_temperature = 3.0, cooling_rate = 0.999
26 - INFO - chord#: 147 done. best_score=36.0, changed=521, unchanged=383, early_stops=8/8
26 - INFO - chord#: 148 In build_straw_man_chord_sa. tolerance = 1, sa_iterations = 1000, initial_temperature = 3.0, cooling_rate = 0.999
26 - INFO - chord#: 116 done. best_score=27.0, changed=522, unchanged=423, early_stops=8/8
26 - INFO - chord#: 118 In build_straw_man_chord_sa. tolerance = 1, sa_iterations = 1000, initial_temperature = 3.0, cooling_rate = 0.999
26 - INFO - chord#: 142 done. best_score=64.0, changed=608, unchanged=258, early_stops=8/8
26 - INFO - chord#: 144 In build_straw_man_chord_sa. tolerance = 1, sa_iterations = 1000, initial_temperature = 3.0, cooling_rate = 0.999
26 - INFO - chord#: 116 done. best_score=27.0, changed=524, unchanged=387, early_stops=8/8
26 - INFO - chord#: 118 In build_straw_man_chord_sa. tolerance = 1, sa_iterations = 1000, initial_temperature = 3.0, cooling_rate = 0.999
26 - INFO - chord#: 114 done. best_score=70.0, changed=615, unchanged=549, early_stops=8/8
26 - INFO - chord#: 116 In build_straw_man_chord_sa. tolerance = 1, sa_iterations = 1000, initial_temperature = 3.0, cooling_rate = 0.999
26 - INFO - chord#: 114 done. best_score=145.0, changed=611, unchanged=336, early_stops=8/8
26 - INFO - chord#: 116 In build_straw_man_chord_sa. tolerance = 1, sa_iterations = 1000, initial_temperature = 3.0, cooling_rate = 0.999
26 - INFO - chord#: 146 done. best_score=27.0, changed=529, unchanged=481, early_stops=8/8
26 - INFO - chord#: 147 In build_straw_man_chord_sa. tolerance = 1, sa_iterations = 1000, initial_temperature = 3.0, cooling_rate = 0.999
26 - INFO - chord#: 130 done. best_score=36.0, changed=515, unchanged=367, early_stops=8/8
26 - INFO - chord#: 132 In build_straw_man_chord_sa. tolerance = 1, sa_iterations = 1000, initial_temperature = 3.0, cooling_rate = 0.999
26 - INFO - chord#: 148 done. best_score=27.0, changed=520, unchanged=463, early_stops=8/8
26 - INFO - chord#: 150 In build_straw_man_chord_sa. tolerance = 1, sa_iterations = 1000, initial_temperature = 3.0, cooling_rate = 0.999
26 - INFO - chord#: 128 done. best_score=27.0, changed=521, unchanged=359, early_stops=8/8
26 - INFO - chord#: 130 In build_straw_man_chord_sa. tolerance = 1, sa_iterations = 1000, initial_temperature = 3.0, cooling_rate = 0.999
26 - INFO - chord#: 146 done. best_score=27.0, changed=517, unchanged=468, early_stops=8/8
26 - INFO - chord#: 147 In build_straw_man_chord_sa. tolerance = 1, sa_iterations = 1000, initial_temperature = 3.0, cooling_rate = 0.999
26 - INFO - chord#: 148 done. best_score=27.0, changed=527, unchanged=580, early_stops=8/8
26 - INFO - chord#: 150 In build_straw_man_chord_sa. tolerance = 1, sa_iterations = 1000, initial_temperature = 3.0, cooling_rate = 0.999
26 - INFO - chord#: 148 done. best_score=27.0, changed=516, unchanged=339, early_stops=8/8
26 - INFO - chord#: 150 In build_straw_man_chord_sa. tolerance = 1, sa_iterations = 1000, initial_temperature = 3.0, cooling_rate = 0.999
26 - INFO - chord#: 116 done. best_score=27.0, changed=527, unchanged=386, early_stops=8/8
26 - INFO - chord#: 118 In build_straw_man_chord_sa. tolerance = 1, sa_iterations = 1000, initial_temperature = 3.0, cooling_rate = 0.999
26 - INFO - chord#: 118 done. best_score=27.0, changed=516, unchanged=332, early_stops=8/8
26 - INFO - chord#: 120 In build_straw_man_chord_sa. tolerance = 1, sa_iterations = 1000, initial_temperature = 3.0, cooling_rate = 0.999
26 - INFO - chord#: 150 done. best_score=27.0, changed=516, unchanged=306, early_stops=8/8
26 - INFO - chord#: 151 In build_straw_man_chord_sa. tolerance = 1, sa_iterations = 1000, initial_temperature = 3.0, cooling_rate = 0.999
26 - INFO - chord#: 147 done. best_score=36.0, changed=519, unchanged=369, early_stops=8/8
26 - INFO - chord#: 148 In build_straw_man_chord_sa. tolerance = 1, sa_iterations = 1000, initial_temperature = 3.0, cooling_rate = 0.999
26 - INFO - chord#: 150 done. best_score=27.0, changed=525, unchanged=426, early_stops=8/8
26 - INFO - chord#: 151 In build_straw_man_chord_sa. tolerance = 1, sa_iterations = 1000, initial_temperature = 3.0, cooling_rate = 0.999
26 - INFO - chord#: 118 done. best_score=27.0, changed=523, unchanged=520, early_stops=8/8
26 - INFO - chord#: 120 In build_straw_man_chord_sa. tolerance = 1, sa_iterations = 1000, initial_temperature = 3.0, cooling_rate = 0.999
26 - INFO - chord#: 132 done. best_score=27.0, changed=516, unchanged=469, early_stops=8/8
26 - INFO - chord#: 134 In build_straw_man_chord_sa. tolerance = 1, sa_iterations = 1000, initial_temperature = 3.0, cooling_rate = 0.999
26 - INFO - chord#: 130 done. best_score=36.0, changed=518, unchanged=437, early_stops=8/8
26 - INFO - chord#: 132 In build_straw_man_chord_sa. tolerance = 1, sa_iterations = 1000, initial_temperature = 3.0, cooling_rate = 0.999
26 - INFO - chord#: 150 done. best_score=27.0, changed=521, unchanged=355, early_stops=8/8
26 - INFO - chord#: 151 In build_straw_man_chord_sa. tolerance = 1, sa_iterations = 1000, initial_temperature = 3.0, cooling_rate = 0.999
26 - INFO - chord#: 116 done. best_score=27.0, changed=529, unchanged=523, early_stops=8/8
26 - INFO - chord#: 118 In build_straw_man_chord_sa. tolerance = 1, sa_iterations = 1000, initial_temperature = 3.0, cooling_rate = 0.999
26 - INFO - chord#: 147 done. best_score=36.0, changed=517, unchanged=366, early_stops=8/8
26 - INFO - chord#: 148 In build_straw_man_chord_sa. tolerance = 1, sa_iterations = 1000, initial_temperature = 3.0, cooling_rate = 0.999
26 - INFO - chord#: 148 done. best_score=27.0, changed=518, unchanged=345, early_stops=8/8
26 - INFO - chord#: 150 In build_straw_man_chord_sa. tolerance = 1, sa_iterations = 1000, initial_temperature = 3.0, cooling_rate = 0.999
26 - INFO - chord#: 144 done. best_score=71.0, changed=607, unchanged=242, early_stops=8/8
26 - INFO - chord#: 146 In build_straw_man_chord_sa. tolerance = 1, sa_iterations = 1000, initial_temperature = 3.0, cooling_rate = 0.999
26 - INFO - chord#: 118 done. best_score=27.0, changed=523, unchanged=434, early_stops=8/8
26 - INFO - chord#: 120 In build_straw_man_chord_sa. tolerance = 1, sa_iterations = 1000, initial_temperature = 3.0, cooling_rate = 0.999
26 - INFO - chord#: 132 done. best_score=27.0, changed=518, unchanged=393, early_stops=8/8
26 - INFO - chord#: 134 In build_straw_man_chord_sa. tolerance = 1, sa_iterations = 1000, initial_temperature = 3.0, cooling_rate = 0.999
26 - INFO - chord#: 120 done. best_score=27.0, changed=524, unchanged=356, early_stops=8/8
26 - INFO - chord#: 124 In build_straw_man_chord_sa. tolerance = 1, sa_iterations = 1000, initial_temperature = 3.0, cooling_rate = 0.999
26 - INFO - chord#: 120 done. best_score=27.0, changed=524, unchanged=520, early_stops=8/8
26 - INFO - chord#: 124 In build_straw_man_chord_sa. tolerance = 1, sa_iterations = 1000, initial_temperature = 3.0, cooling_rate = 0.999
26 - INFO - chord#: 148 done. best_score=27.0, changed=517, unchanged=341, early_stops=8/8
26 - INFO - chord#: 150 In build_straw_man_chord_sa. tolerance = 1, sa_iterations = 1000, initial_temperature = 3.0, cooling_rate = 0.999
26 - INFO - chord#: 118 done. best_score=27.0, changed=521, unchanged=400, early_stops=8/8
26 - INFO - chord#: 120 In build_straw_man_chord_sa. tolerance = 1, sa_iterations = 1000, initial_temperature = 3.0, cooling_rate = 0.999
26 - INFO - chord#: 151 done. best_score=74.0, changed=605, unchanged=253, early_stops=8/8
26 - INFO - chord#: 152 In build_straw_man_chord_sa. tolerance = 1, sa_iterations = 1000, initial_temperature = 3.0, cooling_rate = 0.999
26 - INFO - chord#: 150 done. best_score=27.0, changed=517, unchanged=344, early_stops=8/8
26 - INFO - chord#: 151 In build_straw_man_chord_sa. tolerance = 1, sa_iterations = 1000, initial_temperature = 3.0, cooling_rate = 0.999
26 - INFO - chord#: 146 done. best_score=27.0, changed=516, unchanged=348, early_stops=8/8
26 - INFO - chord#: 147 In build_straw_man_chord_sa. tolerance = 1, sa_iterations = 1000, initial_temperature = 3.0, cooling_rate = 0.999
26 - INFO - chord#: 134 done. best_score=70.0, changed=611, unchanged=265, early_stops=8/8
26 - INFO - chord#: 136 In build_straw_man_chord_sa. tolerance = 1, sa_iterations = 1000, initial_temperature = 3.0, cooling_rate = 0.999
26 - INFO - chord#: 151 done. best_score=148.0, changed=608, unchanged=275, early_stops=8/8
26 - INFO - chord#: 152 In build_straw_man_chord_sa. tolerance = 1, sa_iterations = 1000, initial_temperature = 3.0, cooling_rate = 0.999
26 - INFO - chord#: 124 done. best_score=27.0, changed=522, unchanged=453, early_stops=8/8
26 - INFO - chord#: 128 In build_straw_man_chord_sa. tolerance = 1, sa_iterations = 1000, initial_temperature = 3.0, cooling_rate = 0.999
26 - INFO - chord#: 120 done. best_score=27.0, changed=522, unchanged=445, early_stops=8/8
26 - INFO - chord#: 124 In build_straw_man_chord_sa. tolerance = 1, sa_iterations = 1000, initial_temperature = 3.0, cooling_rate = 0.999
26 - INFO - chord#: 150 done. best_score=27.0, changed=519, unchanged=359, early_stops=8/8
26 - INFO - chord#: 151 In build_straw_man_chord_sa. tolerance = 1, sa_iterations = 1000, initial_temperature = 3.0, cooling_rate = 0.999
26 - INFO - chord#: 124 done. best_score=27.0, changed=517, unchanged=412, early_stops=8/8
26 - INFO - chord#: 128 In build_straw_man_chord_sa. tolerance = 1, sa_iterations = 1000, initial_temperature = 3.0, cooling_rate = 0.999
26 - INFO - chord#: 151 done. best_score=74.0, changed=616, unchanged=407, early_stops=8/8
26 - INFO - chord#: 152 In build_straw_man_chord_sa. tolerance = 1, sa_iterations = 1000, initial_temperature = 3.0, cooling_rate = 0.999
26 - INFO - chord#: 120 done. best_score=27.0, changed=520, unchanged=452, early_stops=8/8
26 - INFO - chord#: 124 In build_straw_man_chord_sa. tolerance = 1, sa_iterations = 1000, initial_temperature = 3.0, cooling_rate = 0.999
26 - INFO - chord#: 152 done. best_score=27.0, changed=524, unchanged=449, early_stops=8/8
26 - INFO - chord#: 156 In build_straw_man_chord_sa. tolerance = 1, sa_iterations = 1000, initial_temperature = 3.0, cooling_rate = 0.999
26 - INFO - chord#: 136 done. best_score=27.0, changed=514, unchanged=305, early_stops=8/8
26 - INFO - chord#: 138 In build_straw_man_chord_sa. tolerance = 1, sa_iterations = 1000, initial_temperature = 3.0, cooling_rate = 0.999
26 - INFO - chord#: 147 done. best_score=36.0, changed=511, unchanged=335, early_stops=8/8
26 - INFO - chord#: 148 In build_straw_man_chord_sa. tolerance = 1, sa_iterations = 1000, initial_temperature = 3.0, cooling_rate = 0.999
26 - INFO - chord#: 128 done. best_score=27.0, changed=521, unchanged=299, early_stops=8/8
26 - INFO - chord#: 130 In build_straw_man_chord_sa. tolerance = 1, sa_iterations = 1000, initial_temperature = 3.0, cooling_rate = 0.999
26 - INFO - chord#: 152 done. best_score=27.0, changed=524, unchanged=413, early_stops=8/8
26 - INFO - chord#: 156 In build_straw_man_chord_sa. tolerance = 1, sa_iterations = 1000, initial_temperature = 3.0, cooling_rate = 0.999
26 - INFO - chord#: 152 done. best_score=27.0, changed=530, unchanged=469, early_stops=8/8
26 - INFO - chord#: 156 In build_straw_man_chord_sa. tolerance = 1, sa_iterations = 1000, initial_temperature = 3.0, cooling_rate = 0.999
26 - INFO - chord#: 156 done. best_score=27.0, changed=519, unchanged=372, early_stops=8/8
26 - INFO - chord#: 128 done. best_score=27.0, changed=530, unchanged=450, early_stops=8/8
26 - INFO - chord#: 130 In build_straw_man_chord_sa. tolerance = 1, sa_iterations = 1000, initial_temperature = 3.0, cooling_rate = 0.999
26 - INFO - chord#: 134 done. best_score=70.0, changed=616, unchanged=477, early_stops=8/8
26 - INFO - chord#: 136 In build_straw_man_chord_sa. tolerance = 1, sa_iterations = 1000, initial_temperature = 3.0, cooling_rate = 0.999
26 - INFO - chord#: 124 done. best_score=27.0, changed=534, unchanged=590, early_stops=8/8
26 - INFO - chord#: 128 In build_straw_man_chord_sa. tolerance = 1, sa_iterations = 1000, initial_temperature = 3.0, cooling_rate = 0.999
26 - INFO - chord#: 151 done. best_score=74.0, changed=607, unchanged=375, early_stops=8/8
26 - INFO - chord#: 152 In build_straw_man_chord_sa. tolerance = 1, sa_iterations = 1000, initial_temperature = 3.0, cooling_rate = 0.999
26 - INFO - chord#: 124 done. best_score=27.0, changed=526, unchanged=503, early_stops=8/8
26 - INFO - chord#: 128 In build_straw_man_chord_sa. tolerance = 1, sa_iterations = 1000, initial_temperature = 3.0, cooling_rate = 0.999
26 - INFO - chord#: 156 done. best_score=27.0, changed=519, unchanged=375, early_stops=8/8
26 - INFO - chord#: 156 done. best_score=27.0, changed=523, unchanged=346, early_stops=8/8
26 - INFO - chord#: 148 done. best_score=27.0, changed=514, unchanged=345, early_stops=8/8
26 - INFO - chord#: 150 In build_straw_man_chord_sa. tolerance = 1, sa_iterations = 1000, initial_temperature = 3.0, cooling_rate = 0.999
26 - INFO - chord#: 130 done. best_score=36.0, changed=521, unchanged=329, early_stops=8/8
26 - INFO - chord#: 132 In build_straw_man_chord_sa. tolerance = 1, sa_iterations = 1000, initial_temperature = 3.0, cooling_rate = 0.999
26 - INFO - chord#: 136 done. best_score=27.0, changed=527, unchanged=354, early_stops=8/8
26 - INFO - chord#: 138 In build_straw_man_chord_sa. tolerance = 1, sa_iterations = 1000, initial_temperature = 3.0, cooling_rate = 0.999
26 - INFO - chord#: 138 done. best_score=67.0, changed=611, unchanged=239, early_stops=8/8
26 - INFO - chord#: 140 In build_straw_man_chord_sa. tolerance = 1, sa_iterations = 1000, initial_temperature = 3.0, cooling_rate = 0.999
26 - INFO - chord#: 128 done. best_score=27.0, changed=523, unchanged=438, early_stops=8/8
26 - INFO - chord#: 130 In build_straw_man_chord_sa. tolerance = 1, sa_iterations = 1000, initial_temperature = 3.0, cooling_rate = 0.999
26 - INFO - chord#: 151 done. best_score=121.0, changed=613, unchanged=354, early_stops=8/8
26 - INFO - chord#: 152 In build_straw_man_chord_sa. tolerance = 1, sa_iterations = 1000, initial_temperature = 3.0, cooling_rate = 0.999
26 - INFO - chord#: 130 done. best_score=36.0, changed=515, unchanged=385, early_stops=8/8
26 - INFO - chord#: 132 In build_straw_man_chord_sa. tolerance = 1, sa_iterations = 1000, initial_temperature = 3.0, cooling_rate = 0.999
26 - INFO - chord#: 152 done. best_score=27.0, changed=526, unchanged=455, early_stops=8/8
26 - INFO - chord#: 156 In build_straw_man_chord_sa. tolerance = 1, sa_iterations = 1000, initial_temperature = 3.0, cooling_rate = 0.999
26 - INFO - chord#: 128 done. best_score=27.0, changed=527, unchanged=339, early_stops=8/8
26 - INFO - chord#: 130 In build_straw_man_chord_sa. tolerance = 1, sa_iterations = 1000, initial_temperature = 3.0, cooling_rate = 0.999
26 - INFO - chord#: 150 done. best_score=27.0, changed=522, unchanged=332, early_stops=8/8
26 - INFO - chord#: 151 In build_straw_man_chord_sa. tolerance = 1, sa_iterations = 1000, initial_temperature = 3.0, cooling_rate = 0.999
26 - INFO - chord#: 132 done. best_score=27.0, changed=531, unchanged=413, early_stops=8/8
26 - INFO - chord#: 134 In build_straw_man_chord_sa. tolerance = 1, sa_iterations = 1000, initial_temperature = 3.0, cooling_rate = 0.999
26 - INFO - chord#: 156 done. best_score=27.0, changed=517, unchanged=424, early_stops=8/8
26 - INFO - chord#: 140 done. best_score=27.0, changed=521, unchanged=468, early_stops=8/8
26 - INFO - chord#: 142 In build_straw_man_chord_sa. tolerance = 1, sa_iterations = 1000, initial_temperature = 3.0, cooling_rate = 0.999
26 - INFO - chord#: 152 done. best_score=27.0, changed=523, unchanged=422, early_stops=8/8
26 - INFO - chord#: 156 In build_straw_man_chord_sa. tolerance = 1, sa_iterations = 1000, initial_temperature = 3.0, cooling_rate = 0.999
26 - INFO - chord#: 130 done. best_score=36.0, changed=521, unchanged=459, early_stops=8/8
26 - INFO - chord#: 132 In build_straw_man_chord_sa. tolerance = 1, sa_iterations = 1000, initial_temperature = 3.0, cooling_rate = 0.999
26 - INFO - chord#: 130 done. best_score=36.0, changed=521, unchanged=316, early_stops=8/8
26 - INFO - chord#: 132 done. best_score=27.0, changed=518, unchanged=327, early_stops=8/8
26 - INFO - chord#: 132 In build_straw_man_chord_sa. tolerance = 1, sa_iterations = 1000, initial_temperature = 3.0, cooling_rate = 0.999
26 - INFO - chord#: 134 In build_straw_man_chord_sa. tolerance = 1, sa_iterations = 1000, initial_temperature = 3.0, cooling_rate = 0.999
26 - INFO - chord#: 156 done. best_score=27.0, changed=527, unchanged=438, early_stops=8/8
26 - INFO - chord#: 138 done. best_score=67.0, changed=615, unchanged=353, early_stops=8/8
26 - INFO - chord#: 140 In build_straw_man_chord_sa. tolerance = 1, sa_iterations = 1000, initial_temperature = 3.0, cooling_rate = 0.999
26 - INFO - chord#: 132 done. best_score=27.0, changed=517, unchanged=399, early_stops=8/8
26 - INFO - chord#: 134 In build_straw_man_chord_sa. tolerance = 1, sa_iterations = 1000, initial_temperature = 3.0, cooling_rate = 0.999
26 - INFO - chord#: 132 done. best_score=27.0, changed=520, unchanged=394, early_stops=8/8
26 - INFO - chord#: 134 In build_straw_man_chord_sa. tolerance = 1, sa_iterations = 1000, initial_temperature = 3.0, cooling_rate = 0.999
26 - INFO - chord#: 142 done. best_score=64.0, changed=610, unchanged=235, early_stops=8/8
26 - INFO - chord#: 144 In build_straw_man_chord_sa. tolerance = 1, sa_iterations = 1000, initial_temperature = 3.0, cooling_rate = 0.999
26 - INFO - chord#: 140 done. best_score=27.0, changed=524, unchanged=427, early_stops=8/8
26 - INFO - chord#: 142 In build_straw_man_chord_sa. tolerance = 1, sa_iterations = 1000, initial_temperature = 3.0, cooling_rate = 0.999
26 - INFO - chord#: 134 done. best_score=70.0, changed=613, unchanged=254, early_stops=8/8
26 - INFO - chord#: 136 In build_straw_man_chord_sa. tolerance = 1, sa_iterations = 1000, initial_temperature = 3.0, cooling_rate = 0.999
26 - INFO - chord#: 134 done. best_score=103.0, changed=612, unchanged=273, early_stops=8/8
26 - INFO - chord#: 136 In build_straw_man_chord_sa. tolerance = 1, sa_iterations = 1000, initial_temperature = 3.0, cooling_rate = 0.999
26 - INFO - chord#: 151 done. best_score=74.0, changed=620, unchanged=467, early_stops=8/8
26 - INFO - chord#: 152 In build_straw_man_chord_sa. tolerance = 1, sa_iterations = 1000, initial_temperature = 3.0, cooling_rate = 0.999
26 - INFO - chord#: 136 done. best_score=27.0, changed=521, unchanged=380, early_stops=8/8
26 - INFO - chord#: 138 In build_straw_man_chord_sa. tolerance = 1, sa_iterations = 1000, initial_temperature = 3.0, cooling_rate = 0.999
26 - INFO - chord#: 134 done. best_score=168.0, changed=611, unchanged=224, early_stops=8/8
26 - INFO - chord#: 136 In build_straw_man_chord_sa. tolerance = 1, sa_iterations = 1000, initial_temperature = 3.0, cooling_rate = 0.999
26 - INFO - chord#: 136 done. best_score=27.0, changed=525, unchanged=425, early_stops=8/8
26 - INFO - chord#: 138 In build_straw_man_chord_sa. tolerance = 1, sa_iterations = 1000, initial_temperature = 3.0, cooling_rate = 0.999
26 - INFO - chord#: 134 done. best_score=149.0, changed=613, unchanged=321, early_stops=8/8
26 - INFO - chord#: 136 In build_straw_man_chord_sa. tolerance = 1, sa_iterations = 1000, initial_temperature = 3.0, cooling_rate = 0.999
26 - INFO - chord#: 144 done. best_score=64.0, changed=617, unchanged=412, early_stops=8/8
26 - INFO - chord#: 146 In build_straw_man_chord_sa. tolerance = 1, sa_iterations = 1000, initial_temperature = 3.0, cooling_rate = 0.999
26 - INFO - chord#: 152 done. best_score=27.0, changed=517, unchanged=348, early_stops=8/8
26 - INFO - chord#: 156 In build_straw_man_chord_sa. tolerance = 1, sa_iterations = 1000, initial_temperature = 3.0, cooling_rate = 0.999
26 - INFO - chord#: 136 done. best_score=27.0, changed=520, unchanged=383, early_stops=8/8
26 - INFO - chord#: 138 In build_straw_man_chord_sa. tolerance = 1, sa_iterations = 1000, initial_temperature = 3.0, cooling_rate = 0.999
26 - INFO - chord#: 142 done. best_score=64.0, changed=613, unchanged=306, early_stops=8/8
26 - INFO - chord#: 144 In build_straw_man_chord_sa. tolerance = 1, sa_iterations = 1000, initial_temperature = 3.0, cooling_rate = 0.999
26 - INFO - chord#: 136 done. best_score=27.0, changed=523, unchanged=398, early_stops=8/8
26 - INFO - chord#: 138 In build_straw_man_chord_sa. tolerance = 1, sa_iterations = 1000, initial_temperature = 3.0, cooling_rate = 0.999
26 - INFO - chord#: 146 done. best_score=27.0, changed=523, unchanged=356, early_stops=8/8
26 - INFO - chord#: 147 In build_straw_man_chord_sa. tolerance = 1, sa_iterations = 1000, initial_temperature = 3.0, cooling_rate = 0.999
26 - INFO - chord#: 138 done. best_score=67.0, changed=610, unchanged=264, early_stops=8/8
26 - INFO - chord#: 140 In build_straw_man_chord_sa. tolerance = 1, sa_iterations = 1000, initial_temperature = 3.0, cooling_rate = 0.999
26 - INFO - chord#: 156 done. best_score=27.0, changed=520, unchanged=350, early_stops=8/8
26 - INFO - chord#: 138 done. best_score=78.0, changed=615, unchanged=373, early_stops=8/8
26 - INFO - chord#: 140 In build_straw_man_chord_sa. tolerance = 1, sa_iterations = 1000, initial_temperature = 3.0, cooling_rate = 0.999
26 - INFO - chord#: 144 done. best_score=64.0, changed=613, unchanged=228, early_stops=8/8
26 - INFO - chord#: 146 In build_straw_man_chord_sa. tolerance = 1, sa_iterations = 1000, initial_temperature = 3.0, cooling_rate = 0.999
26 - INFO - chord#: 147 done. best_score=36.0, changed=521, unchanged=491, early_stops=8/8
26 - INFO - chord#: 148 In build_straw_man_chord_sa. tolerance = 1, sa_iterations = 1000, initial_temperature = 3.0, cooling_rate = 0.999
26 - INFO - chord#: 140 done. best_score=27.0, changed=523, unchanged=481, early_stops=8/8
26 - INFO - chord#: 142 In build_straw_man_chord_sa. tolerance = 1, sa_iterations = 1000, initial_temperature = 3.0, cooling_rate = 0.999
26 - INFO - chord#: 138 done. best_score=67.0, changed=613, unchanged=220, early_stops=8/8
26 - INFO - chord#: 140 In build_straw_man_chord_sa. tolerance = 1, sa_iterations = 1000, initial_temperature = 3.0, cooling_rate = 0.999
26 - INFO - chord#: 138 done. best_score=67.0, changed=615, unchanged=367, early_stops=8/8
26 - INFO - chord#: 140 In build_straw_man_chord_sa. tolerance = 1, sa_iterations = 1000, initial_temperature = 3.0, cooling_rate = 0.999
26 - INFO - chord#: 140 done. best_score=27.0, changed=524, unchanged=477, early_stops=8/8
26 - INFO - chord#: 142 In build_straw_man_chord_sa. tolerance = 1, sa_iterations = 1000, initial_temperature = 3.0, cooling_rate = 0.999
26 - INFO - chord#: 146 done. best_score=27.0, changed=516, unchanged=445, early_stops=8/8
26 - INFO - chord#: 147 In build_straw_man_chord_sa. tolerance = 1, sa_iterations = 1000, initial_temperature = 3.0, cooling_rate = 0.999
26 - INFO - chord#: 148 done. best_score=27.0, changed=523, unchanged=394, early_stops=8/8
26 - INFO - chord#: 150 In build_straw_man_chord_sa. tolerance = 1, sa_iterations = 1000, initial_temperature = 3.0, cooling_rate = 0.999
26 - INFO - chord#: 140 done. best_score=27.0, changed=524, unchanged=429, early_stops=8/8
26 - INFO - chord#: 140 done. best_score=27.0, changed=518, unchanged=355, early_stops=8/8
26 - INFO - chord#: 142 In build_straw_man_chord_sa. tolerance = 1, sa_iterations = 1000, initial_temperature = 3.0, cooling_rate = 0.999
26 - INFO - chord#: 142 In build_straw_man_chord_sa. tolerance = 1, sa_iterations = 1000, initial_temperature = 3.0, cooling_rate = 0.999
26 - INFO - chord#: 150 done. best_score=27.0, changed=521, unchanged=341, early_stops=8/8
26 - INFO - chord#: 151 In build_straw_man_chord_sa. tolerance = 1, sa_iterations = 1000, initial_temperature = 3.0, cooling_rate = 0.999
26 - INFO - chord#: 147 done. best_score=36.0, changed=519, unchanged=355, early_stops=8/8
26 - INFO - chord#: 148 In build_straw_man_chord_sa. tolerance = 1, sa_iterations = 1000, initial_temperature = 3.0, cooling_rate = 0.999
26 - INFO - chord#: 142 done. best_score=64.0, changed=617, unchanged=360, early_stops=8/8
26 - INFO - chord#: 144 In build_straw_man_chord_sa. tolerance = 1, sa_iterations = 1000, initial_temperature = 3.0, cooling_rate = 0.999
26 - INFO - chord#: 148 done. best_score=27.0, changed=520, unchanged=403, early_stops=8/8
26 - INFO - chord#: 150 In build_straw_man_chord_sa. tolerance = 1, sa_iterations = 1000, initial_temperature = 3.0, cooling_rate = 0.999
26 - INFO - chord#: 142 done. best_score=64.0, changed=628, unchanged=461, early_stops=8/8
26 - INFO - chord#: 144 In build_straw_man_chord_sa. tolerance = 1, sa_iterations = 1000, initial_temperature = 3.0, cooling_rate = 0.999
26 - INFO - chord#: 142 done. best_score=71.0, changed=611, unchanged=315, early_stops=8/8
26 - INFO - chord#: 144 In build_straw_man_chord_sa. tolerance = 1, sa_iterations = 1000, initial_temperature = 3.0, cooling_rate = 0.999
26 - INFO - chord#: 142 done. best_score=64.0, changed=617, unchanged=408, early_stops=8/8
26 - INFO - chord#: 144 In build_straw_man_chord_sa. tolerance = 1, sa_iterations = 1000, initial_temperature = 3.0, cooling_rate = 0.999
26 - INFO - chord#: 150 done. best_score=27.0, changed=513, unchanged=367, early_stops=8/8
26 - INFO - chord#: 151 In build_straw_man_chord_sa. tolerance = 1, sa_iterations = 1000, initial_temperature = 3.0, cooling_rate = 0.999
26 - INFO - chord#: 151 done. best_score=74.0, changed=610, unchanged=280, early_stops=8/8
26 - INFO - chord#: 152 In build_straw_man_chord_sa. tolerance = 1, sa_iterations = 1000, initial_temperature = 3.0, cooling_rate = 0.999
26 - INFO - chord#: 144 done. best_score=64.0, changed=609, unchanged=255, early_stops=8/8
26 - INFO - chord#: 146 In build_straw_man_chord_sa. tolerance = 1, sa_iterations = 1000, initial_temperature = 3.0, cooling_rate = 0.999
26 - INFO - chord#: 152 done. best_score=27.0, changed=533, unchanged=453, early_stops=8/8
26 - INFO - chord#: 156 In build_straw_man_chord_sa. tolerance = 1, sa_iterations = 1000, initial_temperature = 3.0, cooling_rate = 0.999
26 - INFO - chord#: 146 done. best_score=27.0, changed=523, unchanged=513, early_stops=8/8
26 - INFO - chord#: 144 done. best_score=64.0, changed=610, unchanged=305, early_stops=8/8
26 - INFO - chord#: 146 In build_straw_man_chord_sa. tolerance = 1, sa_iterations = 1000, initial_temperature = 3.0, cooling_rate = 0.999
26 - INFO - chord#: 147 In build_straw_man_chord_sa. tolerance = 1, sa_iterations = 1000, initial_temperature = 3.0, cooling_rate = 0.999
26 - INFO - chord#: 144 done. best_score=157.0, changed=606, unchanged=221, early_stops=8/8
26 - INFO - chord#: 146 In build_straw_man_chord_sa. tolerance = 1, sa_iterations = 1000, initial_temperature = 3.0, cooling_rate = 0.999
26 - INFO - chord#: 156 done. best_score=27.0, changed=530, unchanged=410, early_stops=8/8
26 - INFO - chord#: 151 done. best_score=96.0, changed=612, unchanged=297, early_stops=8/8
26 - INFO - chord#: 152 In build_straw_man_chord_sa. tolerance = 1, sa_iterations = 1000, initial_temperature = 3.0, cooling_rate = 0.999
26 - INFO - chord#: 144 done. best_score=71.0, changed=616, unchanged=554, early_stops=8/8
26 - INFO - chord#: 146 In build_straw_man_chord_sa. tolerance = 1, sa_iterations = 1000, initial_temperature = 3.0, cooling_rate = 0.999
26 - INFO - chord#: 146 done. best_score=27.0, changed=518, unchanged=399, early_stops=8/8
26 - INFO - chord#: 147 In build_straw_man_chord_sa. tolerance = 1, sa_iterations = 1000, initial_temperature = 3.0, cooling_rate = 0.999
26 - INFO - chord#: 146 done. best_score=27.0, changed=528, unchanged=501, early_stops=8/8
26 - INFO - chord#: 147 In build_straw_man_chord_sa. tolerance = 1, sa_iterations = 1000, initial_temperature = 3.0, cooling_rate = 0.999
26 - INFO - chord#: 147 done. best_score=36.0, changed=520, unchanged=407, early_stops=8/8
26 - INFO - chord#: 148 In build_straw_man_chord_sa. tolerance = 1, sa_iterations = 1000, initial_temperature = 3.0, cooling_rate = 0.999
26 - INFO - chord#: 146 done. best_score=27.0, changed=515, unchanged=340, early_stops=8/8
26 - INFO - chord#: 147 In build_straw_man_chord_sa. tolerance = 1, sa_iterations = 1000, initial_temperature = 3.0, cooling_rate = 0.999
26 - INFO - chord#: 152 done. best_score=27.0, changed=525, unchanged=459, early_stops=8/8
26 - INFO - chord#: 156 In build_straw_man_chord_sa. tolerance = 1, sa_iterations = 1000, initial_temperature = 3.0, cooling_rate = 0.999
26 - INFO - chord#: 147 done. best_score=36.0, changed=522, unchanged=361, early_stops=8/8
26 - INFO - chord#: 148 In build_straw_man_chord_sa. tolerance = 1, sa_iterations = 1000, initial_temperature = 3.0, cooling_rate = 0.999
26 - INFO - chord#: 148 done. best_score=27.0, changed=514, unchanged=383, early_stops=8/8
26 - INFO - chord#: 147 done. best_score=36.0, changed=516, unchanged=428, early_stops=8/8
26 - INFO - chord#: 150 In build_straw_man_chord_sa. tolerance = 1, sa_iterations = 1000, initial_temperature = 3.0, cooling_rate = 0.999
26 - INFO - chord#: 148 In build_straw_man_chord_sa. tolerance = 1, sa_iterations = 1000, initial_temperature = 3.0, cooling_rate = 0.999
26 - INFO - chord#: 147 done. best_score=36.0, changed=526, unchanged=335, early_stops=8/8
26 - INFO - chord#: 148 In build_straw_man_chord_sa. tolerance = 1, sa_iterations = 1000, initial_temperature = 3.0, cooling_rate = 0.999
26 - INFO - chord#: 156 done. best_score=27.0, changed=526, unchanged=444, early_stops=8/8
26 - INFO - chord#: 148 done. best_score=27.0, changed=522, unchanged=431, early_stops=8/8
26 - INFO - chord#: 150 In build_straw_man_chord_sa. tolerance = 1, sa_iterations = 1000, initial_temperature = 3.0, cooling_rate = 0.999
26 - INFO - chord#: 148 done. best_score=27.0, changed=517, unchanged=402, early_stops=8/8
26 - INFO - chord#: 150 In build_straw_man_chord_sa. tolerance = 1, sa_iterations = 1000, initial_temperature = 3.0, cooling_rate = 0.999
26 - INFO - chord#: 150 done. best_score=27.0, changed=519, unchanged=490, early_stops=8/8
26 - INFO - chord#: 151 In build_straw_man_chord_sa. tolerance = 1, sa_iterations = 1000, initial_temperature = 3.0, cooling_rate = 0.999
26 - INFO - chord#: 148 done. best_score=27.0, changed=515, unchanged=415, early_stops=8/8
26 - INFO - chord#: 150 In build_straw_man_chord_sa. tolerance = 1, sa_iterations = 1000, initial_temperature = 3.0, cooling_rate = 0.999
26 - INFO - chord#: 150 done. best_score=27.0, changed=515, unchanged=303, early_stops=8/8
26 - INFO - chord#: 151 In build_straw_man_chord_sa. tolerance = 1, sa_iterations = 1000, initial_temperature = 3.0, cooling_rate = 0.999
26 - INFO - chord#: 150 done. best_score=27.0, changed=524, unchanged=381, early_stops=8/8
26 - INFO - chord#: 151 In build_straw_man_chord_sa. tolerance = 1, sa_iterations = 1000, initial_temperature = 3.0, cooling_rate = 0.999
26 - INFO - chord#: 150 done. best_score=27.0, changed=517, unchanged=340, early_stops=8/8
26 - INFO - chord#: 151 In build_straw_man_chord_sa. tolerance = 1, sa_iterations = 1000, initial_temperature = 3.0, cooling_rate = 0.999
26 - INFO - chord#: 151 done. best_score=74.0, changed=608, unchanged=216, early_stops=8/8
26 - INFO - chord#: 152 In build_straw_man_chord_sa. tolerance = 1, sa_iterations = 1000, initial_temperature = 3.0, cooling_rate = 0.999
26 - INFO - chord#: 151 done. best_score=121.0, changed=611, unchanged=266, early_stops=8/8
26 - INFO - chord#: 152 In build_straw_man_chord_sa. tolerance = 1, sa_iterations = 1000, initial_temperature = 3.0, cooling_rate = 0.999
26 - INFO - chord#: 152 done. best_score=27.0, changed=521, unchanged=464, early_stops=8/8
26 - INFO - chord#: 156 In build_straw_man_chord_sa. tolerance = 1, sa_iterations = 1000, initial_temperature = 3.0, cooling_rate = 0.999
26 - INFO - chord#: 151 done. best_score=74.0, changed=615, unchanged=297, early_stops=8/8
26 - INFO - chord#: 152 In build_straw_man_chord_sa. tolerance = 1, sa_iterations = 1000, initial_temperature = 3.0, cooling_rate = 0.999
26 - INFO - chord#: 152 done. best_score=27.0, changed=520, unchanged=447, early_stops=8/8
26 - INFO - chord#: 156 In build_straw_man_chord_sa. tolerance = 1, sa_iterations = 1000, initial_temperature = 3.0, cooling_rate = 0.999
26 - INFO - chord#: 156 done. best_score=27.0, changed=521, unchanged=404, early_stops=8/8
26 - INFO - chord#: 151 done. best_score=96.0, changed=611, unchanged=418, early_stops=8/8
26 - INFO - chord#: 152 In build_straw_man_chord_sa. tolerance = 1, sa_iterations = 1000, initial_temperature = 3.0, cooling_rate = 0.999
26 - INFO - chord#: 152 done. best_score=27.0, changed=527, unchanged=513, early_stops=8/8
26 - INFO - chord#: 156 In build_straw_man_chord_sa. tolerance = 1, sa_iterations = 1000, initial_temperature = 3.0, cooling_rate = 0.999
26 - INFO - chord#: 156 done. best_score=27.0, changed=522, unchanged=403, early_stops=8/8
26 - INFO - chord#: 156 done. best_score=27.0, changed=522, unchanged=432, early_stops=8/8
26 - INFO - chord#: 152 done. best_score=27.0, changed=525, unchanged=477, early_stops=8/8
26 - INFO - chord#: 156 In build_straw_man_chord_sa. tolerance = 1, sa_iterations = 1000, initial_temperature = 3.0, cooling_rate = 0.999
26 - INFO - chord#: 156 done. best_score=27.0, changed=518, unchanged=331, early_stops=8/8
26 - INFO - chord#: 0 In build_straw_man_chord_sa. tolerance = 1, sa_iterations = 1000, initial_temperature = 3.0, cooling_rate = 0.999
26 - INFO - chord#: 0 In build_straw_man_chord_sa. tolerance = 1, sa_iterations = 1000, initial_temperature = 3.0, cooling_rate = 0.999
26 - INFO - chord#: 0 In build_straw_man_chord_sa. tolerance = 1, sa_iterations = 1000, initial_temperature = 3.0, cooling_rate = 0.999
26 - INFO - chord#: 0 In build_straw_man_chord_sa. tolerance = 1, sa_iterations = 1000, initial_temperature = 3.0, cooling_rate = 0.999
26 - INFO - chord#: 0 In build_straw_man_chord_sa. tolerance = 1, sa_iterations = 1000, initial_temperature = 3.0, cooling_rate = 0.999
26 - INFO - chord#: 0 In build_straw_man_chord_sa. tolerance = 1, sa_iterations = 1000, initial_temperature = 3.0, cooling_rate = 0.999
26 - INFO - chord#: 0 In build_straw_man_chord_sa. tolerance = 1, sa_iterations = 1000, initial_temperature = 3.0, cooling_rate = 0.999
26 - INFO - chord#: 0 In build_straw_man_chord_sa. tolerance = 1, sa_iterations = 1000, initial_temperature = 3.0, cooling_rate = 0.999
26 - INFO - chord#: 0 In build_straw_man_chord_sa. tolerance = 1, sa_iterations = 1000, initial_temperature = 3.0, cooling_rate = 0.999
26 - INFO - chord#: 0 In build_straw_man_chord_sa. tolerance = 1, sa_iterations = 1000, initial_temperature = 3.0, cooling_rate = 0.999
26 - INFO - chord#: 0 In build_straw_man_chord_sa. tolerance = 1, sa_iterations = 1000, initial_temperature = 3.0, cooling_rate = 0.999
26 - INFO - chord#: 0 In build_straw_man_chord_sa. tolerance = 1, sa_iterations = 1000, initial_temperature = 3.0, cooling_rate = 0.999
26 - INFO - chord#: 0 done. best_score=27.0, changed=516, unchanged=334, early_stops=8/8
26 - INFO - chord#: 2 In build_straw_man_chord_sa. tolerance = 1, sa_iterations = 1000, initial_temperature = 3.0, cooling_rate = 0.999
26 - INFO - chord#: 0 done. best_score=27.0, changed=513, unchanged=455, early_stops=8/8
26 - INFO - chord#: 2 In build_straw_man_chord_sa. tolerance = 1, sa_iterations = 1000, initial_temperature = 3.0, cooling_rate = 0.999
26 - INFO - chord#: 0 done. best_score=27.0, changed=523, unchanged=406, early_stops=8/8
26 - INFO - chord#: 2 In build_straw_man_chord_sa. tolerance = 1, sa_iterations = 1000, initial_temperature = 3.0, cooling_rate = 0.999
26 - INFO - chord#: 0 done. best_score=27.0, changed=522, unchanged=414, early_stops=8/8
26 - INFO - chord#: 2 In build_straw_man_chord_sa. tolerance = 1, sa_iterations = 1000, initial_temperature = 3.0, cooling_rate = 0.999
26 - INFO - chord#: 0 done. best_score=27.0, changed=523, unchanged=603, early_stops=8/8
26 - INFO - chord#: 2 In build_straw_man_chord_sa. tolerance = 1, sa_iterations = 1000, initial_temperature = 3.0, cooling_rate = 0.999
26 - INFO - chord#: 0 done. best_score=27.0, changed=520, unchanged=454, early_stops=8/8
26 - INFO - chord#: 2 In build_straw_man_chord_sa. tolerance = 1, sa_iterations = 1000, initial_temperature = 3.0, cooling_rate = 0.999
26 - INFO - chord#: 0 done. best_score=27.0, changed=511, unchanged=379, early_stops=8/8
26 - INFO - chord#: 2 In build_straw_man_chord_sa. tolerance = 1, sa_iterations = 1000, initial_temperature = 3.0, cooling_rate = 0.999
26 - INFO - chord#: 0 done. best_score=27.0, changed=521, unchanged=359, early_stops=8/8
26 - INFO - chord#: 2 In build_straw_man_chord_sa. tolerance = 1, sa_iterations = 1000, initial_temperature = 3.0, cooling_rate = 0.999
26 - INFO - chord#: 0 done. best_score=27.0, changed=521, unchanged=397, early_stops=8/8
26 - INFO - chord#: 2 In build_straw_man_chord_sa. tolerance = 1, sa_iterations = 1000, initial_temperature = 3.0, cooling_rate = 0.999
26 - INFO - chord#: 0 done. best_score=27.0, changed=529, unchanged=441, early_stops=8/8
26 - INFO - chord#: 2 In build_straw_man_chord_sa. tolerance = 1, sa_iterations = 1000, initial_temperature = 3.0, cooling_rate = 0.999
26 - INFO - chord#: 0 done. best_score=27.0, changed=527, unchanged=452, early_stops=8/8
26 - INFO - chord#: 2 In build_straw_man_chord_sa. tolerance = 1, sa_iterations = 1000, initial_temperature = 3.0, cooling_rate = 0.999
26 - INFO - chord#: 0 done. best_score=27.0, changed=524, unchanged=458, early_stops=8/8
26 - INFO - chord#: 2 In build_straw_man_chord_sa. tolerance = 1, sa_iterations = 1000, initial_temperature = 3.0, cooling_rate = 0.999
26 - INFO - chord#: 2 done. best_score=96.0, changed=610, unchanged=223, early_stops=8/8
26 - INFO - chord#: 4 In build_straw_man_chord_sa. tolerance = 1, sa_iterations = 1000, initial_temperature = 3.0, cooling_rate = 0.999
26 - INFO - chord#: 2 done. best_score=93.0, changed=613, unchanged=338, early_stops=8/8
26 - INFO - chord#: 4 In build_straw_man_chord_sa. tolerance = 1, sa_iterations = 1000, initial_temperature = 3.0, cooling_rate = 0.999
26 - INFO - chord#: 2 done. best_score=93.0, changed=608, unchanged=225, early_stops=8/8
26 - INFO - chord#: 4 In build_straw_man_chord_sa. tolerance = 1, sa_iterations = 1000, initial_temperature = 3.0, cooling_rate = 0.999
26 - INFO - chord#: 2 done. best_score=96.0, changed=611, unchanged=303, early_stops=8/8
26 - INFO - chord#: 4 In build_straw_man_chord_sa. tolerance = 1, sa_iterations = 1000, initial_temperature = 3.0, cooling_rate = 0.999
26 - INFO - chord#: 2 done. best_score=94.0, changed=614, unchanged=287, early_stops=8/8
26 - INFO - chord#: 4 In build_straw_man_chord_sa. tolerance = 1, sa_iterations = 1000, initial_temperature = 3.0, cooling_rate = 0.999
26 - INFO - chord#: 2 done. best_score=129.0, changed=612, unchanged=329, early_stops=8/8
26 - INFO - chord#: 4 In build_straw_man_chord_sa. tolerance = 1, sa_iterations = 1000, initial_temperature = 3.0, cooling_rate = 0.999
26 - INFO - chord#: 4 done. best_score=27.0, changed=529, unchanged=389, early_stops=8/8
26 - INFO - chord#: 6 In build_straw_man_chord_sa. tolerance = 1, sa_iterations = 1000, initial_temperature = 3.0, cooling_rate = 0.999
26 - INFO - chord#: 2 done. best_score=94.0, changed=606, unchanged=279, early_stops=8/8
26 - INFO - chord#: 4 In build_straw_man_chord_sa. tolerance = 1, sa_iterations = 1000, initial_temperature = 3.0, cooling_rate = 0.999
26 - INFO - chord#: 2 done. best_score=96.0, changed=611, unchanged=258, early_stops=8/8
26 - INFO - chord#: 4 In build_straw_man_chord_sa. tolerance = 1, sa_iterations = 1000, initial_temperature = 3.0, cooling_rate = 0.999
26 - INFO - chord#: 2 done. best_score=94.0, changed=610, unchanged=286, early_stops=8/8
26 - INFO - chord#: 4 In build_straw_man_chord_sa. tolerance = 1, sa_iterations = 1000, initial_temperature = 3.0, cooling_rate = 0.999
26 - INFO - chord#: 2 done. best_score=94.0, changed=617, unchanged=429, early_stops=8/8
26 - INFO - chord#: 4 In build_straw_man_chord_sa. tolerance = 1, sa_iterations = 1000, initial_temperature = 3.0, cooling_rate = 0.999
26 - INFO - chord#: 4 done. best_score=27.0, changed=526, unchanged=353, early_stops=8/8
26 - INFO - chord#: 6 In build_straw_man_chord_sa. tolerance = 1, sa_iterations = 1000, initial_temperature = 3.0, cooling_rate = 0.999
26 - INFO - chord#: 4 done. best_score=27.0, changed=550, unchanged=260, early_stops=8/8
26 - INFO - chord#: 6 In build_straw_man_chord_sa. tolerance = 1, sa_iterations = 1000, initial_temperature = 3.0, cooling_rate = 0.999
26 - INFO - chord#: 4 done. best_score=27.0, changed=522, unchanged=454, early_stops=8/8
26 - INFO - chord#: 6 In build_straw_man_chord_sa. tolerance = 1, sa_iterations = 1000, initial_temperature = 3.0, cooling_rate = 0.999
26 - INFO - chord#: 4 done. best_score=27.0, changed=516, unchanged=314, early_stops=8/8
26 - INFO - chord#: 6 In build_straw_man_chord_sa. tolerance = 1, sa_iterations = 1000, initial_temperature = 3.0, cooling_rate = 0.999
26 - INFO - chord#: 2 done. best_score=93.0, changed=617, unchanged=431, early_stops=8/8
26 - INFO - chord#: 4 In build_straw_man_chord_sa. tolerance = 1, sa_iterations = 1000, initial_temperature = 3.0, cooling_rate = 0.999
26 - INFO - chord#: 2 done. best_score=93.0, changed=612, unchanged=360, early_stops=8/8
26 - INFO - chord#: 4 In build_straw_man_chord_sa. tolerance = 1, sa_iterations = 1000, initial_temperature = 3.0, cooling_rate = 0.999
26 - INFO - chord#: 4 done. best_score=36.0, changed=514, unchanged=324, early_stops=8/8
26 - INFO - chord#: 6 In build_straw_man_chord_sa. tolerance = 1, sa_iterations = 1000, initial_temperature = 3.0, cooling_rate = 0.999
26 - INFO - chord#: 4 done. best_score=27.0, changed=522, unchanged=327, early_stops=8/8
26 - INFO - chord#: 6 In build_straw_man_chord_sa. tolerance = 1, sa_iterations = 1000, initial_temperature = 3.0, cooling_rate = 0.999
26 - INFO - chord#: 4 done. best_score=36.0, changed=530, unchanged=370, early_stops=8/8
26 - INFO - chord#: 6 In build_straw_man_chord_sa. tolerance = 1, sa_iterations = 1000, initial_temperature = 3.0, cooling_rate = 0.999
26 - INFO - chord#: 4 done. best_score=27.0, changed=517, unchanged=328, early_stops=8/8
26 - INFO - chord#: 6 In build_straw_man_chord_sa. tolerance = 1, sa_iterations = 1000, initial_temperature = 3.0, cooling_rate = 0.999
26 - INFO - chord#: 4 done. best_score=27.0, changed=534, unchanged=417, early_stops=8/8
26 - INFO - chord#: 6 In build_straw_man_chord_sa. tolerance = 1, sa_iterations = 1000, initial_temperature = 3.0, cooling_rate = 0.999
26 - INFO - chord#: 4 done. best_score=27.0, changed=525, unchanged=317, early_stops=8/8
26 - INFO - chord#: 6 In build_straw_man_chord_sa. tolerance = 1, sa_iterations = 1000, initial_temperature = 3.0, cooling_rate = 0.999
26 - INFO - chord#: 4 done. best_score=27.0, changed=533, unchanged=369, early_stops=8/8
26 - INFO - chord#: 6 In build_straw_man_chord_sa. tolerance = 1, sa_iterations = 1000, initial_temperature = 3.0, cooling_rate = 0.999
26 - INFO - chord#: 6 done. best_score=74.0, changed=610, unchanged=277, early_stops=8/8
26 - INFO - chord#: 8 In build_straw_man_chord_sa. tolerance = 1, sa_iterations = 1000, initial_temperature = 3.0, cooling_rate = 0.999
26 - INFO - chord#: 6 done. best_score=74.0, changed=613, unchanged=293, early_stops=8/8
26 - INFO - chord#: 8 In build_straw_man_chord_sa. tolerance = 1, sa_iterations = 1000, initial_temperature = 3.0, cooling_rate = 0.999
26 - INFO - chord#: 6 done. best_score=74.0, changed=610, unchanged=263, early_stops=8/8
26 - INFO - chord#: 8 In build_straw_man_chord_sa. tolerance = 1, sa_iterations = 1000, initial_temperature = 3.0, cooling_rate = 0.999
26 - INFO - chord#: 6 done. best_score=74.0, changed=613, unchanged=309, early_stops=8/8
26 - INFO - chord#: 8 In build_straw_man_chord_sa. tolerance = 1, sa_iterations = 1000, initial_temperature = 3.0, cooling_rate = 0.999
26 - INFO - chord#: 6 done. best_score=121.0, changed=611, unchanged=333, early_stops=8/8
26 - INFO - chord#: 8 In build_straw_man_chord_sa. tolerance = 1, sa_iterations = 1000, initial_temperature = 3.0, cooling_rate = 0.999
26 - INFO - chord#: 6 done. best_score=149.0, changed=608, unchanged=233, early_stops=8/8
26 - INFO - chord#: 8 In build_straw_man_chord_sa. tolerance = 1, sa_iterations = 1000, initial_temperature = 3.0, cooling_rate = 0.999
26 - INFO - chord#: 6 done. best_score=149.0, changed=611, unchanged=231, early_stops=8/8
26 - INFO - chord#: 8 In build_straw_man_chord_sa. tolerance = 1, sa_iterations = 1000, initial_temperature = 3.0, cooling_rate = 0.999
26 - INFO - chord#: 8 done. best_score=27.0, changed=526, unchanged=414, early_stops=8/8
26 - INFO - chord#: 10 In build_straw_man_chord_sa. tolerance = 1, sa_iterations = 1000, initial_temperature = 3.0, cooling_rate = 0.999
26 - INFO - chord#: 8 done. best_score=27.0, changed=523, unchanged=437, early_stops=8/8
26 - INFO - chord#: 10 In build_straw_man_chord_sa. tolerance = 1, sa_iterations = 1000, initial_temperature = 3.0, cooling_rate = 0.999
26 - INFO - chord#: 8 done. best_score=27.0, changed=524, unchanged=433, early_stops=8/8
26 - INFO - chord#: 10 In build_straw_man_chord_sa. tolerance = 1, sa_iterations = 1000, initial_temperature = 3.0, cooling_rate = 0.999
26 - INFO - chord#: 8 done. best_score=27.0, changed=521, unchanged=352, early_stops=8/8
26 - INFO - chord#: 10 In build_straw_man_chord_sa. tolerance = 1, sa_iterations = 1000, initial_temperature = 3.0, cooling_rate = 0.999
26 - INFO - chord#: 8 done. best_score=27.0, changed=518, unchanged=414, early_stops=8/8
26 - INFO - chord#: 10 In build_straw_man_chord_sa. tolerance = 1, sa_iterations = 1000, initial_temperature = 3.0, cooling_rate = 0.999
26 - INFO - chord#: 10 done. best_score=27.0, changed=527, unchanged=315, early_stops=8/8
26 - INFO - chord#: 12 In build_straw_man_chord_sa. tolerance = 1, sa_iterations = 1000, initial_temperature = 3.0, cooling_rate = 0.999
26 - INFO - chord#: 8 done. best_score=57.0, changed=526, unchanged=377, early_stops=8/8
26 - INFO - chord#: 10 In build_straw_man_chord_sa. tolerance = 1, sa_iterations = 1000, initial_temperature = 3.0, cooling_rate = 0.999
26 - INFO - chord#: 6 done. best_score=74.0, changed=609, unchanged=283, early_stops=8/8
26 - INFO - chord#: 8 In build_straw_man_chord_sa. tolerance = 1, sa_iterations = 1000, initial_temperature = 3.0, cooling_rate = 0.999
26 - INFO - chord#: 8 done. best_score=27.0, changed=518, unchanged=335, early_stops=8/8
26 - INFO - chord#: 10 In build_straw_man_chord_sa. tolerance = 1, sa_iterations = 1000, initial_temperature = 3.0, cooling_rate = 0.999
26 - INFO - chord#: 6 done. best_score=96.0, changed=613, unchanged=269, early_stops=8/8
26 - INFO - chord#: 8 In build_straw_man_chord_sa. tolerance = 1, sa_iterations = 1000, initial_temperature = 3.0, cooling_rate = 0.999
26 - INFO - chord#: 6 done. best_score=96.0, changed=611, unchanged=427, early_stops=8/8
26 - INFO - chord#: 8 In build_straw_man_chord_sa. tolerance = 1, sa_iterations = 1000, initial_temperature = 3.0, cooling_rate = 0.999
26 - INFO - chord#: 6 done. best_score=148.0, changed=611, unchanged=303, early_stops=8/8
26 - INFO - chord#: 8 In build_straw_man_chord_sa. tolerance = 1, sa_iterations = 1000, initial_temperature = 3.0, cooling_rate = 0.999
26 - INFO - chord#: 6 done. best_score=74.0, changed=612, unchanged=237, early_stops=8/8
26 - INFO - chord#: 8 In build_straw_man_chord_sa. tolerance = 1, sa_iterations = 1000, initial_temperature = 3.0, cooling_rate = 0.999
26 - INFO - chord#: 10 done. best_score=27.0, changed=522, unchanged=338, early_stops=8/8
26 - INFO - chord#: 12 In build_straw_man_chord_sa. tolerance = 1, sa_iterations = 1000, initial_temperature = 3.0, cooling_rate = 0.999
26 - INFO - chord#: 10 done. best_score=27.0, changed=530, unchanged=425, early_stops=8/8
26 - INFO - chord#: 12 In build_straw_man_chord_sa. tolerance = 1, sa_iterations = 1000, initial_temperature = 3.0, cooling_rate = 0.999
26 - INFO - chord#: 10 done. best_score=27.0, changed=523, unchanged=399, early_stops=8/8
26 - INFO - chord#: 12 In build_straw_man_chord_sa. tolerance = 1, sa_iterations = 1000, initial_temperature = 3.0, cooling_rate = 0.999
26 - INFO - chord#: 10 done. best_score=27.0, changed=529, unchanged=338, early_stops=8/8
26 - INFO - chord#: 12 In build_straw_man_chord_sa. tolerance = 1, sa_iterations = 1000, initial_temperature = 3.0, cooling_rate = 0.999
26 - INFO - chord#: 10 done. best_score=27.0, changed=516, unchanged=338, early_stops=8/8
26 - INFO - chord#: 12 In build_straw_man_chord_sa. tolerance = 1, sa_iterations = 1000, initial_temperature = 3.0, cooling_rate = 0.999
26 - INFO - chord#: 8 done. best_score=27.0, changed=523, unchanged=343, early_stops=8/8
26 - INFO - chord#: 10 In build_straw_man_chord_sa. tolerance = 1, sa_iterations = 1000, initial_temperature = 3.0, cooling_rate = 0.999
26 - INFO - chord#: 12 done. best_score=27.0, changed=517, unchanged=480, early_stops=8/8
26 - INFO - chord#: 14 In build_straw_man_chord_sa. tolerance = 1, sa_iterations = 1000, initial_temperature = 3.0, cooling_rate = 0.999
26 - INFO - chord#: 10 done. best_score=27.0, changed=530, unchanged=360, early_stops=8/8
26 - INFO - chord#: 12 In build_straw_man_chord_sa. tolerance = 1, sa_iterations = 1000, initial_temperature = 3.0, cooling_rate = 0.999
26 - INFO - chord#: 8 done. best_score=27.0, changed=524, unchanged=350, early_stops=8/8
26 - INFO - chord#: 10 In build_straw_man_chord_sa. tolerance = 1, sa_iterations = 1000, initial_temperature = 3.0, cooling_rate = 0.999
26 - INFO - chord#: 8 done. best_score=27.0, changed=521, unchanged=312, early_stops=8/8
26 - INFO - chord#: 10 In build_straw_man_chord_sa. tolerance = 1, sa_iterations = 1000, initial_temperature = 3.0, cooling_rate = 0.999
26 - INFO - chord#: 8 done. best_score=27.0, changed=522, unchanged=420, early_stops=8/8
26 - INFO - chord#: 10 In build_straw_man_chord_sa. tolerance = 1, sa_iterations = 1000, initial_temperature = 3.0, cooling_rate = 0.999
26 - INFO - chord#: 8 done. best_score=27.0, changed=526, unchanged=325, early_stops=8/8
26 - INFO - chord#: 10 In build_straw_man_chord_sa. tolerance = 1, sa_iterations = 1000, initial_temperature = 3.0, cooling_rate = 0.999
26 - INFO - chord#: 12 done. best_score=27.0, changed=521, unchanged=409, early_stops=8/8
26 - INFO - chord#: 14 In build_straw_man_chord_sa. tolerance = 1, sa_iterations = 1000, initial_temperature = 3.0, cooling_rate = 0.999
26 - INFO - chord#: 12 done. best_score=27.0, changed=520, unchanged=462, early_stops=8/8
26 - INFO - chord#: 14 In build_straw_man_chord_sa. tolerance = 1, sa_iterations = 1000, initial_temperature = 3.0, cooling_rate = 0.999
26 - INFO - chord#: 12 done. best_score=27.0, changed=523, unchanged=467, early_stops=8/8
26 - INFO - chord#: 14 In build_straw_man_chord_sa. tolerance = 1, sa_iterations = 1000, initial_temperature = 3.0, cooling_rate = 0.999
26 - INFO - chord#: 12 done. best_score=27.0, changed=524, unchanged=394, early_stops=8/8
26 - INFO - chord#: 14 In build_straw_man_chord_sa. tolerance = 1, sa_iterations = 1000, initial_temperature = 3.0, cooling_rate = 0.999
26 - INFO - chord#: 10 done. best_score=27.0, changed=524, unchanged=318, early_stops=8/8
26 - INFO - chord#: 12 In build_straw_man_chord_sa. tolerance = 1, sa_iterations = 1000, initial_temperature = 3.0, cooling_rate = 0.999
26 - INFO - chord#: 14 done. best_score=27.0, changed=514, unchanged=401, early_stops=8/8
26 - INFO - chord#: 16 In build_straw_man_chord_sa. tolerance = 1, sa_iterations = 1000, initial_temperature = 3.0, cooling_rate = 0.999
26 - INFO - chord#: 12 done. best_score=27.0, changed=510, unchanged=414, early_stops=8/8
26 - INFO - chord#: 14 In build_straw_man_chord_sa. tolerance = 1, sa_iterations = 1000, initial_temperature = 3.0, cooling_rate = 0.999
26 - INFO - chord#: 14 done. best_score=27.0, changed=515, unchanged=341, early_stops=8/8
26 - INFO - chord#: 16 In build_straw_man_chord_sa. tolerance = 1, sa_iterations = 1000, initial_temperature = 3.0, cooling_rate = 0.999
26 - INFO - chord#: 10 done. best_score=27.0, changed=535, unchanged=360, early_stops=8/8
26 - INFO - chord#: 12 In build_straw_man_chord_sa. tolerance = 1, sa_iterations = 1000, initial_temperature = 3.0, cooling_rate = 0.999
26 - INFO - chord#: 14 done. best_score=27.0, changed=516, unchanged=411, early_stops=8/8
26 - INFO - chord#: 16 In build_straw_man_chord_sa. tolerance = 1, sa_iterations = 1000, initial_temperature = 3.0, cooling_rate = 0.999
26 - INFO - chord#: 10 done. best_score=27.0, changed=515, unchanged=357, early_stops=8/8
26 - INFO - chord#: 12 In build_straw_man_chord_sa. tolerance = 1, sa_iterations = 1000, initial_temperature = 3.0, cooling_rate = 0.999
26 - INFO - chord#: 10 done. best_score=27.0, changed=550, unchanged=394, early_stops=8/8
26 - INFO - chord#: 12 In build_straw_man_chord_sa. tolerance = 1, sa_iterations = 1000, initial_temperature = 3.0, cooling_rate = 0.999
26 - INFO - chord#: 10 done. best_score=27.0, changed=524, unchanged=445, early_stops=8/8
26 - INFO - chord#: 12 In build_straw_man_chord_sa. tolerance = 1, sa_iterations = 1000, initial_temperature = 3.0, cooling_rate = 0.999
26 - INFO - chord#: 14 done. best_score=27.0, changed=530, unchanged=356, early_stops=8/8
26 - INFO - chord#: 16 In build_straw_man_chord_sa. tolerance = 1, sa_iterations = 1000, initial_temperature = 3.0, cooling_rate = 0.999
26 - INFO - chord#: 12 done. best_score=27.0, changed=527, unchanged=507, early_stops=8/8
26 - INFO - chord#: 14 In build_straw_man_chord_sa. tolerance = 1, sa_iterations = 1000, initial_temperature = 3.0, cooling_rate = 0.999
26 - INFO - chord#: 14 done. best_score=27.0, changed=533, unchanged=509, early_stops=8/8
26 - INFO - chord#: 16 In build_straw_man_chord_sa. tolerance = 1, sa_iterations = 1000, initial_temperature = 3.0, cooling_rate = 0.999
26 - INFO - chord#: 12 done. best_score=27.0, changed=523, unchanged=382, early_stops=8/8
26 - INFO - chord#: 14 In build_straw_man_chord_sa. tolerance = 1, sa_iterations = 1000, initial_temperature = 3.0, cooling_rate = 0.999
26 - INFO - chord#: 16 done. best_score=27.0, changed=520, unchanged=481, early_stops=8/8
26 - INFO - chord#: 18 In build_straw_man_chord_sa. tolerance = 1, sa_iterations = 1000, initial_temperature = 3.0, cooling_rate = 0.999
26 - INFO - chord#: 14 done. best_score=27.0, changed=517, unchanged=402, early_stops=8/8
26 - INFO - chord#: 16 In build_straw_man_chord_sa. tolerance = 1, sa_iterations = 1000, initial_temperature = 3.0, cooling_rate = 0.999
26 - INFO - chord#: 16 done. best_score=27.0, changed=520, unchanged=492, early_stops=8/8
26 - INFO - chord#: 18 In build_straw_man_chord_sa. tolerance = 1, sa_iterations = 1000, initial_temperature = 3.0, cooling_rate = 0.999
26 - INFO - chord#: 16 done. best_score=27.0, changed=525, unchanged=517, early_stops=8/8
26 - INFO - chord#: 18 In build_straw_man_chord_sa. tolerance = 1, sa_iterations = 1000, initial_temperature = 3.0, cooling_rate = 0.999
26 - INFO - chord#: 16 done. best_score=27.0, changed=537, unchanged=624, early_stops=8/8
26 - INFO - chord#: 18 In build_straw_man_chord_sa. tolerance = 1, sa_iterations = 1000, initial_temperature = 3.0, cooling_rate = 0.999
26 - INFO - chord#: 12 done. best_score=27.0, changed=526, unchanged=401, early_stops=8/8
26 - INFO - chord#: 14 In build_straw_man_chord_sa. tolerance = 1, sa_iterations = 1000, initial_temperature = 3.0, cooling_rate = 0.999
26 - INFO - chord#: 12 done. best_score=27.0, changed=526, unchanged=431, early_stops=8/8
26 - INFO - chord#: 14 In build_straw_man_chord_sa. tolerance = 1, sa_iterations = 1000, initial_temperature = 3.0, cooling_rate = 0.999
26 - INFO - chord#: 12 done. best_score=27.0, changed=520, unchanged=484, early_stops=8/8
26 - INFO - chord#: 14 In build_straw_man_chord_sa. tolerance = 1, sa_iterations = 1000, initial_temperature = 3.0, cooling_rate = 0.999
26 - INFO - chord#: 12 done. best_score=27.0, changed=523, unchanged=415, early_stops=8/8
26 - INFO - chord#: 14 In build_straw_man_chord_sa. tolerance = 1, sa_iterations = 1000, initial_temperature = 3.0, cooling_rate = 0.999
26 - INFO - chord#: 16 done. best_score=27.0, changed=516, unchanged=341, early_stops=8/8
26 - INFO - chord#: 18 In build_straw_man_chord_sa. tolerance = 1, sa_iterations = 1000, initial_temperature = 3.0, cooling_rate = 0.999
26 - INFO - chord#: 14 done. best_score=27.0, changed=524, unchanged=479, early_stops=8/8
26 - INFO - chord#: 16 In build_straw_man_chord_sa. tolerance = 1, sa_iterations = 1000, initial_temperature = 3.0, cooling_rate = 0.999
26 - INFO - chord#: 14 done. best_score=72.0, changed=530, unchanged=445, early_stops=8/8
26 - INFO - chord#: 16 In build_straw_man_chord_sa. tolerance = 1, sa_iterations = 1000, initial_temperature = 3.0, cooling_rate = 0.999
26 - INFO - chord#: 16 done. best_score=27.0, changed=522, unchanged=406, early_stops=8/8
26 - INFO - chord#: 18 In build_straw_man_chord_sa. tolerance = 1, sa_iterations = 1000, initial_temperature = 3.0, cooling_rate = 0.999
26 - INFO - chord#: 14 done. best_score=27.0, changed=525, unchanged=369, early_stops=8/8
26 - INFO - chord#: 16 In build_straw_man_chord_sa. tolerance = 1, sa_iterations = 1000, initial_temperature = 3.0, cooling_rate = 0.999
26 - INFO - chord#: 14 done. best_score=27.0, changed=524, unchanged=406, early_stops=8/8
26 - INFO - chord#: 16 In build_straw_man_chord_sa. tolerance = 1, sa_iterations = 1000, initial_temperature = 3.0, cooling_rate = 0.999
26 - INFO - chord#: 14 done. best_score=27.0, changed=525, unchanged=418, early_stops=8/8
26 - INFO - chord#: 14 done. best_score=27.0, changed=520, unchanged=434, early_stops=8/8
26 - INFO - chord#: 16 In build_straw_man_chord_sa. tolerance = 1, sa_iterations = 1000, initial_temperature = 3.0, cooling_rate = 0.999
26 - INFO - chord#: 16 In build_straw_man_chord_sa. tolerance = 1, sa_iterations = 1000, initial_temperature = 3.0, cooling_rate = 0.999
26 - INFO - chord#: 16 done. best_score=27.0, changed=524, unchanged=401, early_stops=8/8
26 - INFO - chord#: 18 In build_straw_man_chord_sa. tolerance = 1, sa_iterations = 1000, initial_temperature = 3.0, cooling_rate = 0.999
26 - INFO - chord#: 18 done. best_score=78.0, changed=612, unchanged=360, early_stops=8/8
26 - INFO - chord#: 20 In build_straw_man_chord_sa. tolerance = 1, sa_iterations = 1000, initial_temperature = 3.0, cooling_rate = 0.999
26 - INFO - chord#: 16 done. best_score=27.0, changed=522, unchanged=559, early_stops=8/8
26 - INFO - chord#: 18 In build_straw_man_chord_sa. tolerance = 1, sa_iterations = 1000, initial_temperature = 3.0, cooling_rate = 0.999
26 - INFO - chord#: 18 done. best_score=78.0, changed=616, unchanged=387, early_stops=8/8
26 - INFO - chord#: 20 In build_straw_man_chord_sa. tolerance = 1, sa_iterations = 1000, initial_temperature = 3.0, cooling_rate = 0.999
26 - INFO - chord#: 18 done. best_score=125.0, changed=607, unchanged=248, early_stops=8/8
26 - INFO - chord#: 20 In build_straw_man_chord_sa. tolerance = 1, sa_iterations = 1000, initial_temperature = 3.0, cooling_rate = 0.999
26 - INFO - chord#: 18 done. best_score=137.0, changed=607, unchanged=313, early_stops=8/8
26 - INFO - chord#: 20 In build_straw_man_chord_sa. tolerance = 1, sa_iterations = 1000, initial_temperature = 3.0, cooling_rate = 0.999
26 - INFO - chord#: 18 done. best_score=125.0, changed=614, unchanged=375, early_stops=8/8
26 - INFO - chord#: 20 In build_straw_man_chord_sa. tolerance = 1, sa_iterations = 1000, initial_temperature = 3.0, cooling_rate = 0.999
26 - INFO - chord#: 16 done. best_score=27.0, changed=511, unchanged=448, early_stops=8/8
26 - INFO - chord#: 18 In build_straw_man_chord_sa. tolerance = 1, sa_iterations = 1000, initial_temperature = 3.0, cooling_rate = 0.999
26 - INFO - chord#: 16 done. best_score=27.0, changed=523, unchanged=460, early_stops=8/8
26 - INFO - chord#: 18 In build_straw_man_chord_sa. tolerance = 1, sa_iterations = 1000, initial_temperature = 3.0, cooling_rate = 0.999
26 - INFO - chord#: 16 done. best_score=27.0, changed=521, unchanged=533, early_stops=8/8
26 - INFO - chord#: 18 In build_straw_man_chord_sa. tolerance = 1, sa_iterations = 1000, initial_temperature = 3.0, cooling_rate = 0.999
26 - INFO - chord#: 16 done. best_score=27.0, changed=532, unchanged=507, early_stops=8/8
26 - INFO - chord#: 18 In build_straw_man_chord_sa. tolerance = 1, sa_iterations = 1000, initial_temperature = 3.0, cooling_rate = 0.999
26 - INFO - chord#: 20 done. best_score=27.0, changed=522, unchanged=441, early_stops=8/8
26 - INFO - chord#: 22 In build_straw_man_chord_sa. tolerance = 1, sa_iterations = 1000, initial_temperature = 3.0, cooling_rate = 0.999
26 - INFO - chord#: 20 done. best_score=27.0, changed=522, unchanged=537, early_stops=8/8
26 - INFO - chord#: 22 In build_straw_man_chord_sa. tolerance = 1, sa_iterations = 1000, initial_temperature = 3.0, cooling_rate = 0.999
26 - INFO - chord#: 20 done. best_score=27.0, changed=520, unchanged=385, early_stops=8/8
26 - INFO - chord#: 22 In build_straw_man_chord_sa. tolerance = 1, sa_iterations = 1000, initial_temperature = 3.0, cooling_rate = 0.999
26 - INFO - chord#: 20 done. best_score=27.0, changed=521, unchanged=411, early_stops=8/8
26 - INFO - chord#: 22 In build_straw_man_chord_sa. tolerance = 1, sa_iterations = 1000, initial_temperature = 3.0, cooling_rate = 0.999
26 - INFO - chord#: 18 done. best_score=119.0, changed=609, unchanged=262, early_stops=8/8
26 - INFO - chord#: 20 In build_straw_man_chord_sa. tolerance = 1, sa_iterations = 1000, initial_temperature = 3.0, cooling_rate = 0.999
26 - INFO - chord#: 18 done. best_score=78.0, changed=611, unchanged=292, early_stops=8/8
26 - INFO - chord#: 20 In build_straw_man_chord_sa. tolerance = 1, sa_iterations = 1000, initial_temperature = 3.0, cooling_rate = 0.999
26 - INFO - chord#: 20 done. best_score=27.0, changed=521, unchanged=479, early_stops=8/8
26 - INFO - chord#: 22 In build_straw_man_chord_sa. tolerance = 1, sa_iterations = 1000, initial_temperature = 3.0, cooling_rate = 0.999
26 - INFO - chord#: 22 done. best_score=27.0, changed=524, unchanged=575, early_stops=8/8
26 - INFO - chord#: 24 In build_straw_man_chord_sa. tolerance = 1, sa_iterations = 1000, initial_temperature = 3.0, cooling_rate = 0.999
26 - INFO - chord#: 22 done. best_score=27.0, changed=523, unchanged=486, early_stops=8/8
26 - INFO - chord#: 24 In build_straw_man_chord_sa. tolerance = 1, sa_iterations = 1000, initial_temperature = 3.0, cooling_rate = 0.999
26 - INFO - chord#: 22 done. best_score=27.0, changed=522, unchanged=541, early_stops=8/8
26 - INFO - chord#: 24 In build_straw_man_chord_sa. tolerance = 1, sa_iterations = 1000, initial_temperature = 3.0, cooling_rate = 0.999
26 - INFO - chord#: 22 done. best_score=27.0, changed=522, unchanged=419, early_stops=8/8
26 - INFO - chord#: 24 In build_straw_man_chord_sa. tolerance = 1, sa_iterations = 1000, initial_temperature = 3.0, cooling_rate = 0.999
26 - INFO - chord#: 20 done. best_score=27.0, changed=525, unchanged=501, early_stops=8/8
26 - INFO - chord#: 22 In build_straw_man_chord_sa. tolerance = 1, sa_iterations = 1000, initial_temperature = 3.0, cooling_rate = 0.999
26 - INFO - chord#: 20 done. best_score=27.0, changed=513, unchanged=404, early_stops=8/8
26 - INFO - chord#: 22 In build_straw_man_chord_sa. tolerance = 1, sa_iterations = 1000, initial_temperature = 3.0, cooling_rate = 0.999
26 - INFO - chord#: 22 done. best_score=27.0, changed=525, unchanged=539, early_stops=8/8
26 - INFO - chord#: 24 In build_straw_man_chord_sa. tolerance = 1, sa_iterations = 1000, initial_temperature = 3.0, cooling_rate = 0.999
26 - INFO - chord#: 24 done. best_score=27.0, changed=520, unchanged=449, early_stops=8/8
26 - INFO - chord#: 28 In build_straw_man_chord_sa. tolerance = 1, sa_iterations = 1000, initial_temperature = 3.0, cooling_rate = 0.999
26 - INFO - chord#: 18 done. best_score=78.0, changed=618, unchanged=544, early_stops=8/8
26 - INFO - chord#: 20 In build_straw_man_chord_sa. tolerance = 1, sa_iterations = 1000, initial_temperature = 3.0, cooling_rate = 0.999
26 - INFO - chord#: 24 done. best_score=27.0, changed=518, unchanged=342, early_stops=8/8
26 - INFO - chord#: 28 In build_straw_man_chord_sa. tolerance = 1, sa_iterations = 1000, initial_temperature = 3.0, cooling_rate = 0.999
26 - INFO - chord#: 18 done. best_score=119.0, changed=613, unchanged=329, early_stops=8/8
26 - INFO - chord#: 20 In build_straw_man_chord_sa. tolerance = 1, sa_iterations = 1000, initial_temperature = 3.0, cooling_rate = 0.999
26 - INFO - chord#: 24 done. best_score=27.0, changed=518, unchanged=410, early_stops=8/8
26 - INFO - chord#: 28 In build_straw_man_chord_sa. tolerance = 1, sa_iterations = 1000, initial_temperature = 3.0, cooling_rate = 0.999
26 - INFO - chord#: 18 done. best_score=96.0, changed=618, unchanged=341, early_stops=8/8
26 - INFO - chord#: 20 In build_straw_man_chord_sa. tolerance = 1, sa_iterations = 1000, initial_temperature = 3.0, cooling_rate = 0.999
26 - INFO - chord#: 18 done. best_score=67.0, changed=614, unchanged=420, early_stops=8/8
26 - INFO - chord#: 20 In build_straw_man_chord_sa. tolerance = 1, sa_iterations = 1000, initial_temperature = 3.0, cooling_rate = 0.999
26 - INFO - chord#: 22 done. best_score=27.0, changed=524, unchanged=395, early_stops=8/8
26 - INFO - chord#: 24 In build_straw_man_chord_sa. tolerance = 1, sa_iterations = 1000, initial_temperature = 3.0, cooling_rate = 0.999
26 - INFO - chord#: 24 done. best_score=27.0, changed=527, unchanged=373, early_stops=8/8
26 - INFO - chord#: 28 In build_straw_man_chord_sa. tolerance = 1, sa_iterations = 1000, initial_temperature = 3.0, cooling_rate = 0.999
26 - INFO - chord#: 24 done. best_score=27.0, changed=518, unchanged=417, early_stops=8/8
26 - INFO - chord#: 28 In build_straw_man_chord_sa. tolerance = 1, sa_iterations = 1000, initial_temperature = 3.0, cooling_rate = 0.999
26 - INFO - chord#: 18 done. best_score=78.0, changed=611, unchanged=410, early_stops=8/8
26 - INFO - chord#: 20 In build_straw_man_chord_sa. tolerance = 1, sa_iterations = 1000, initial_temperature = 3.0, cooling_rate = 0.999
26 - INFO - chord#: 28 done. best_score=27.0, changed=521, unchanged=419, early_stops=8/8
26 - INFO - chord#: 32 In build_straw_man_chord_sa. tolerance = 1, sa_iterations = 1000, initial_temperature = 3.0, cooling_rate = 0.999
26 - INFO - chord#: 20 done. best_score=27.0, changed=521, unchanged=453, early_stops=8/8
26 - INFO - chord#: 22 In build_straw_man_chord_sa. tolerance = 1, sa_iterations = 1000, initial_temperature = 3.0, cooling_rate = 0.999
26 - INFO - chord#: 22 done. best_score=27.0, changed=528, unchanged=505, early_stops=8/8
26 - INFO - chord#: 24 In build_straw_man_chord_sa. tolerance = 1, sa_iterations = 1000, initial_temperature = 3.0, cooling_rate = 0.999
26 - INFO - chord#: 28 done. best_score=27.0, changed=515, unchanged=421, early_stops=8/8
26 - INFO - chord#: 32 In build_straw_man_chord_sa. tolerance = 1, sa_iterations = 1000, initial_temperature = 3.0, cooling_rate = 0.999
26 - INFO - chord#: 28 done. best_score=27.0, changed=524, unchanged=461, early_stops=8/8
26 - INFO - chord#: 32 In build_straw_man_chord_sa. tolerance = 1, sa_iterations = 1000, initial_temperature = 3.0, cooling_rate = 0.999
26 - INFO - chord#: 20 done. best_score=27.0, changed=512, unchanged=374, early_stops=8/8
26 - INFO - chord#: 22 In build_straw_man_chord_sa. tolerance = 1, sa_iterations = 1000, initial_temperature = 3.0, cooling_rate = 0.999
26 - INFO - chord#: 20 done. best_score=27.0, changed=524, unchanged=452, early_stops=8/8
26 - INFO - chord#: 22 In build_straw_man_chord_sa. tolerance = 1, sa_iterations = 1000, initial_temperature = 3.0, cooling_rate = 0.999
26 - INFO - chord#: 24 done. best_score=27.0, changed=524, unchanged=568, early_stops=8/8
26 - INFO - chord#: 28 In build_straw_man_chord_sa. tolerance = 1, sa_iterations = 1000, initial_temperature = 3.0, cooling_rate = 0.999
26 - INFO - chord#: 20 done. best_score=27.0, changed=521, unchanged=452, early_stops=8/8
26 - INFO - chord#: 22 In build_straw_man_chord_sa. tolerance = 1, sa_iterations = 1000, initial_temperature = 3.0, cooling_rate = 0.999
26 - INFO - chord#: 22 done. best_score=27.0, changed=513, unchanged=364, early_stops=8/8
26 - INFO - chord#: 24 In build_straw_man_chord_sa. tolerance = 1, sa_iterations = 1000, initial_temperature = 3.0, cooling_rate = 0.999
26 - INFO - chord#: 32 done. best_score=27.0, changed=519, unchanged=534, early_stops=8/8
26 - INFO - chord#: 34 In build_straw_man_chord_sa. tolerance = 1, sa_iterations = 1000, initial_temperature = 3.0, cooling_rate = 0.999
26 - INFO - chord#: 28 done. best_score=27.0, changed=522, unchanged=420, early_stops=8/8
26 - INFO - chord#: 32 In build_straw_man_chord_sa. tolerance = 1, sa_iterations = 1000, initial_temperature = 3.0, cooling_rate = 0.999
26 - INFO - chord#: 28 done. best_score=27.0, changed=524, unchanged=548, early_stops=8/8
26 - INFO - chord#: 32 In build_straw_man_chord_sa. tolerance = 1, sa_iterations = 1000, initial_temperature = 3.0, cooling_rate = 0.999
26 - INFO - chord#: 32 done. best_score=27.0, changed=517, unchanged=447, early_stops=8/8
26 - INFO - chord#: 34 In build_straw_man_chord_sa. tolerance = 1, sa_iterations = 1000, initial_temperature = 3.0, cooling_rate = 0.999
26 - INFO - chord#: 32 done. best_score=27.0, changed=521, unchanged=423, early_stops=8/8
26 - INFO - chord#: 34 In build_straw_man_chord_sa. tolerance = 1, sa_iterations = 1000, initial_temperature = 3.0, cooling_rate = 0.999
26 - INFO - chord#: 20 done. best_score=27.0, changed=524, unchanged=541, early_stops=8/8
26 - INFO - chord#: 22 In build_straw_man_chord_sa. tolerance = 1, sa_iterations = 1000, initial_temperature = 3.0, cooling_rate = 0.999
26 - INFO - chord#: 28 done. best_score=27.0, changed=511, unchanged=340, early_stops=8/8
26 - INFO - chord#: 32 In build_straw_man_chord_sa. tolerance = 1, sa_iterations = 1000, initial_temperature = 3.0, cooling_rate = 0.999
26 - INFO - chord#: 24 done. best_score=27.0, changed=527, unchanged=547, early_stops=8/8
26 - INFO - chord#: 28 In build_straw_man_chord_sa. tolerance = 1, sa_iterations = 1000, initial_temperature = 3.0, cooling_rate = 0.999
26 - INFO - chord#: 22 done. best_score=27.0, changed=519, unchanged=397, early_stops=8/8
26 - INFO - chord#: 24 In build_straw_man_chord_sa. tolerance = 1, sa_iterations = 1000, initial_temperature = 3.0, cooling_rate = 0.999
26 - INFO - chord#: 22 done. best_score=27.0, changed=526, unchanged=408, early_stops=8/8
26 - INFO - chord#: 24 In build_straw_man_chord_sa. tolerance = 1, sa_iterations = 1000, initial_temperature = 3.0, cooling_rate = 0.999
26 - INFO - chord#: 22 done. best_score=27.0, changed=525, unchanged=537, early_stops=8/8
26 - INFO - chord#: 24 In build_straw_man_chord_sa. tolerance = 1, sa_iterations = 1000, initial_temperature = 3.0, cooling_rate = 0.999
26 - INFO - chord#: 24 done. best_score=27.0, changed=528, unchanged=482, early_stops=8/8
26 - INFO - chord#: 28 In build_straw_man_chord_sa. tolerance = 1, sa_iterations = 1000, initial_temperature = 3.0, cooling_rate = 0.999
26 - INFO - chord#: 32 done. best_score=27.0, changed=528, unchanged=416, early_stops=8/8
26 - INFO - chord#: 34 In build_straw_man_chord_sa. tolerance = 1, sa_iterations = 1000, initial_temperature = 3.0, cooling_rate = 0.999
26 - INFO - chord#: 22 done. best_score=27.0, changed=516, unchanged=315, early_stops=8/8
26 - INFO - chord#: 24 In build_straw_man_chord_sa. tolerance = 1, sa_iterations = 1000, initial_temperature = 3.0, cooling_rate = 0.999
26 - INFO - chord#: 32 done. best_score=27.0, changed=529, unchanged=514, early_stops=8/8
26 - INFO - chord#: 34 In build_straw_man_chord_sa. tolerance = 1, sa_iterations = 1000, initial_temperature = 3.0, cooling_rate = 0.999
26 - INFO - chord#: 28 done. best_score=27.0, changed=512, unchanged=345, early_stops=8/8
26 - INFO - chord#: 32 done. best_score=27.0, changed=535, unchanged=604, early_stops=8/8
26 - INFO - chord#: 32 In build_straw_man_chord_sa. tolerance = 1, sa_iterations = 1000, initial_temperature = 3.0, cooling_rate = 0.999
26 - INFO - chord#: 34 In build_straw_man_chord_sa. tolerance = 1, sa_iterations = 1000, initial_temperature = 3.0, cooling_rate = 0.999
26 - INFO - chord#: 24 done. best_score=27.0, changed=527, unchanged=558, early_stops=8/8
26 - INFO - chord#: 28 In build_straw_man_chord_sa. tolerance = 1, sa_iterations = 1000, initial_temperature = 3.0, cooling_rate = 0.999
26 - INFO - chord#: 34 done. best_score=93.0, changed=615, unchanged=278, early_stops=8/8
26 - INFO - chord#: 36 In build_straw_man_chord_sa. tolerance = 1, sa_iterations = 1000, initial_temperature = 3.0, cooling_rate = 0.999
26 - INFO - chord#: 28 done. best_score=27.0, changed=522, unchanged=412, early_stops=8/8
26 - INFO - chord#: 32 In build_straw_man_chord_sa. tolerance = 1, sa_iterations = 1000, initial_temperature = 3.0, cooling_rate = 0.999
26 - INFO - chord#: 24 done. best_score=27.0, changed=529, unchanged=440, early_stops=8/8
26 - INFO - chord#: 28 In build_straw_man_chord_sa. tolerance = 1, sa_iterations = 1000, initial_temperature = 3.0, cooling_rate = 0.999
26 - INFO - chord#: 34 done. best_score=96.0, changed=610, unchanged=352, early_stops=8/8
26 - INFO - chord#: 36 In build_straw_man_chord_sa. tolerance = 1, sa_iterations = 1000, initial_temperature = 3.0, cooling_rate = 0.999
26 - INFO - chord#: 24 done. best_score=27.0, changed=523, unchanged=425, early_stops=8/8
26 - INFO - chord#: 28 In build_straw_man_chord_sa. tolerance = 1, sa_iterations = 1000, initial_temperature = 3.0, cooling_rate = 0.999
26 - INFO - chord#: 34 done. best_score=93.0, changed=615, unchanged=426, early_stops=8/8
26 - INFO - chord#: 36 In build_straw_man_chord_sa. tolerance = 1, sa_iterations = 1000, initial_temperature = 3.0, cooling_rate = 0.999
26 - INFO - chord#: 24 done. best_score=27.0, changed=515, unchanged=422, early_stops=8/8
26 - INFO - chord#: 28 In build_straw_man_chord_sa. tolerance = 1, sa_iterations = 1000, initial_temperature = 3.0, cooling_rate = 0.999
26 - INFO - chord#: 28 done. best_score=27.0, changed=521, unchanged=506, early_stops=8/8
26 - INFO - chord#: 32 In build_straw_man_chord_sa. tolerance = 1, sa_iterations = 1000, initial_temperature = 3.0, cooling_rate = 0.999
26 - INFO - chord#: 32 done. best_score=27.0, changed=517, unchanged=358, early_stops=8/8
26 - INFO - chord#: 34 In build_straw_man_chord_sa. tolerance = 1, sa_iterations = 1000, initial_temperature = 3.0, cooling_rate = 0.999
26 - INFO - chord#: 36 done. best_score=27.0, changed=519, unchanged=446, early_stops=8/8
26 - INFO - chord#: 38 In build_straw_man_chord_sa. tolerance = 1, sa_iterations = 1000, initial_temperature = 3.0, cooling_rate = 0.999
26 - INFO - chord#: 32 done. best_score=27.0, changed=528, unchanged=558, early_stops=8/8
26 - INFO - chord#: 34 In build_straw_man_chord_sa. tolerance = 1, sa_iterations = 1000, initial_temperature = 3.0, cooling_rate = 0.999
26 - INFO - chord#: 28 done. best_score=27.0, changed=516, unchanged=369, early_stops=8/8
26 - INFO - chord#: 32 In build_straw_man_chord_sa. tolerance = 1, sa_iterations = 1000, initial_temperature = 3.0, cooling_rate = 0.999
26 - INFO - chord#: 36 done. best_score=27.0, changed=535, unchanged=425, early_stops=8/8
26 - INFO - chord#: 38 In build_straw_man_chord_sa. tolerance = 1, sa_iterations = 1000, initial_temperature = 3.0, cooling_rate = 0.999
26 - INFO - chord#: 36 done. best_score=27.0, changed=517, unchanged=371, early_stops=8/8
26 - INFO - chord#: 38 In build_straw_man_chord_sa. tolerance = 1, sa_iterations = 1000, initial_temperature = 3.0, cooling_rate = 0.999
26 - INFO - chord#: 34 done. best_score=93.0, changed=611, unchanged=340, early_stops=8/8
26 - INFO - chord#: 36 In build_straw_man_chord_sa. tolerance = 1, sa_iterations = 1000, initial_temperature = 3.0, cooling_rate = 0.999
26 - INFO - chord#: 34 done. best_score=96.0, changed=608, unchanged=273, early_stops=8/8
26 - INFO - chord#: 36 In build_straw_man_chord_sa. tolerance = 1, sa_iterations = 1000, initial_temperature = 3.0, cooling_rate = 0.999
26 - INFO - chord#: 28 done. best_score=27.0, changed=523, unchanged=479, early_stops=8/8
26 - INFO - chord#: 32 In build_straw_man_chord_sa. tolerance = 1, sa_iterations = 1000, initial_temperature = 3.0, cooling_rate = 0.999
26 - INFO - chord#: 28 done. best_score=27.0, changed=522, unchanged=396, early_stops=8/8
26 - INFO - chord#: 32 In build_straw_man_chord_sa. tolerance = 1, sa_iterations = 1000, initial_temperature = 3.0, cooling_rate = 0.999
26 - INFO - chord#: 32 done. best_score=27.0, changed=521, unchanged=489, early_stops=8/8
26 - INFO - chord#: 34 In build_straw_man_chord_sa. tolerance = 1, sa_iterations = 1000, initial_temperature = 3.0, cooling_rate = 0.999
26 - INFO - chord#: 34 done. best_score=93.0, changed=609, unchanged=311, early_stops=8/8
26 - INFO - chord#: 36 In build_straw_man_chord_sa. tolerance = 1, sa_iterations = 1000, initial_temperature = 3.0, cooling_rate = 0.999
26 - INFO - chord#: 32 done. best_score=27.0, changed=518, unchanged=382, early_stops=8/8
26 - INFO - chord#: 34 In build_straw_man_chord_sa. tolerance = 1, sa_iterations = 1000, initial_temperature = 3.0, cooling_rate = 0.999
26 - INFO - chord#: 36 done. best_score=27.0, changed=520, unchanged=470, early_stops=8/8
26 - INFO - chord#: 38 In build_straw_man_chord_sa. tolerance = 1, sa_iterations = 1000, initial_temperature = 3.0, cooling_rate = 0.999
26 - INFO - chord#: 32 done. best_score=27.0, changed=523, unchanged=398, early_stops=8/8
26 - INFO - chord#: 34 In build_straw_man_chord_sa. tolerance = 1, sa_iterations = 1000, initial_temperature = 3.0, cooling_rate = 0.999
26 - INFO - chord#: 36 done. best_score=27.0, changed=521, unchanged=460, early_stops=8/8
26 - INFO - chord#: 38 In build_straw_man_chord_sa. tolerance = 1, sa_iterations = 1000, initial_temperature = 3.0, cooling_rate = 0.999
26 - INFO - chord#: 32 done. best_score=27.0, changed=517, unchanged=399, early_stops=8/8
26 - INFO - chord#: 34 In build_straw_man_chord_sa. tolerance = 1, sa_iterations = 1000, initial_temperature = 3.0, cooling_rate = 0.999
26 - INFO - chord#: 38 done. best_score=74.0, changed=611, unchanged=279, early_stops=8/8
26 - INFO - chord#: 40 In build_straw_man_chord_sa. tolerance = 1, sa_iterations = 1000, initial_temperature = 3.0, cooling_rate = 0.999
26 - INFO - chord#: 34 done. best_score=96.0, changed=612, unchanged=344, early_stops=8/8
26 - INFO - chord#: 36 In build_straw_man_chord_sa. tolerance = 1, sa_iterations = 1000, initial_temperature = 3.0, cooling_rate = 0.999
26 - INFO - chord#: 36 done. best_score=27.0, changed=523, unchanged=417, early_stops=8/8
26 - INFO - chord#: 38 In build_straw_man_chord_sa. tolerance = 1, sa_iterations = 1000, initial_temperature = 3.0, cooling_rate = 0.999
26 - INFO - chord#: 38 done. best_score=104.0, changed=606, unchanged=320, early_stops=8/8
26 - INFO - chord#: 40 In build_straw_man_chord_sa. tolerance = 1, sa_iterations = 1000, initial_temperature = 3.0, cooling_rate = 0.999
26 - INFO - chord#: 34 done. best_score=93.0, changed=621, unchanged=442, early_stops=8/8
26 - INFO - chord#: 36 In build_straw_man_chord_sa. tolerance = 1, sa_iterations = 1000, initial_temperature = 3.0, cooling_rate = 0.999
26 - INFO - chord#: 38 done. best_score=121.0, changed=615, unchanged=390, early_stops=8/8
26 - INFO - chord#: 40 In build_straw_man_chord_sa. tolerance = 1, sa_iterations = 1000, initial_temperature = 3.0, cooling_rate = 0.999
26 - INFO - chord#: 34 done. best_score=93.0, changed=610, unchanged=368, early_stops=8/8
26 - INFO - chord#: 36 In build_straw_man_chord_sa. tolerance = 1, sa_iterations = 1000, initial_temperature = 3.0, cooling_rate = 0.999
26 - INFO - chord#: 40 done. best_score=27.0, changed=525, unchanged=452, early_stops=8/8
26 - INFO - chord#: 42 In build_straw_man_chord_sa. tolerance = 1, sa_iterations = 1000, initial_temperature = 3.0, cooling_rate = 0.999
26 - INFO - chord#: 36 done. best_score=27.0, changed=510, unchanged=366, early_stops=8/8
26 - INFO - chord#: 38 In build_straw_man_chord_sa. tolerance = 1, sa_iterations = 1000, initial_temperature = 3.0, cooling_rate = 0.999
26 - INFO - chord#: 40 done. best_score=27.0, changed=522, unchanged=347, early_stops=8/8
26 - INFO - chord#: 42 In build_straw_man_chord_sa. tolerance = 1, sa_iterations = 1000, initial_temperature = 3.0, cooling_rate = 0.999
26 - INFO - chord#: 34 done. best_score=93.0, changed=611, unchanged=212, early_stops=8/8
26 - INFO - chord#: 36 In build_straw_man_chord_sa. tolerance = 1, sa_iterations = 1000, initial_temperature = 3.0, cooling_rate = 0.999
26 - INFO - chord#: 42 done. best_score=27.0, changed=521, unchanged=342, early_stops=8/8
26 - INFO - chord#: 44 In build_straw_man_chord_sa. tolerance = 1, sa_iterations = 1000, initial_temperature = 3.0, cooling_rate = 0.999
26 - INFO - chord#: 36 done. best_score=27.0, changed=517, unchanged=356, early_stops=8/8
26 - INFO - chord#: 38 In build_straw_man_chord_sa. tolerance = 1, sa_iterations = 1000, initial_temperature = 3.0, cooling_rate = 0.999
26 - INFO - chord#: 40 done. best_score=27.0, changed=524, unchanged=468, early_stops=8/8
26 - INFO - chord#: 42 In build_straw_man_chord_sa. tolerance = 1, sa_iterations = 1000, initial_temperature = 3.0, cooling_rate = 0.999
26 - INFO - chord#: 36 done. best_score=27.0, changed=517, unchanged=425, early_stops=8/8
26 - INFO - chord#: 38 In build_straw_man_chord_sa. tolerance = 1, sa_iterations = 1000, initial_temperature = 3.0, cooling_rate = 0.999
26 - INFO - chord#: 34 done. best_score=93.0, changed=608, unchanged=304, early_stops=8/8
26 - INFO - chord#: 36 In build_straw_man_chord_sa. tolerance = 1, sa_iterations = 1000, initial_temperature = 3.0, cooling_rate = 0.999
26 - INFO - chord#: 42 done. best_score=27.0, changed=531, unchanged=367, early_stops=8/8
26 - INFO - chord#: 44 In build_straw_man_chord_sa. tolerance = 1, sa_iterations = 1000, initial_temperature = 3.0, cooling_rate = 0.999
26 - INFO - chord#: 38 done. best_score=121.0, changed=612, unchanged=454, early_stops=8/8
26 - INFO - chord#: 40 In build_straw_man_chord_sa. tolerance = 1, sa_iterations = 1000, initial_temperature = 3.0, cooling_rate = 0.999
26 - INFO - chord#: 34 done. best_score=96.0, changed=611, unchanged=315, early_stops=8/8
26 - INFO - chord#: 36 In build_straw_man_chord_sa. tolerance = 1, sa_iterations = 1000, initial_temperature = 3.0, cooling_rate = 0.999
26 - INFO - chord#: 42 done. best_score=27.0, changed=516, unchanged=329, early_stops=8/8
26 - INFO - chord#: 44 In build_straw_man_chord_sa. tolerance = 1, sa_iterations = 1000, initial_temperature = 3.0, cooling_rate = 0.999
26 - INFO - chord#: 36 done. best_score=27.0, changed=516, unchanged=428, early_stops=8/8
26 - INFO - chord#: 38 In build_straw_man_chord_sa. tolerance = 1, sa_iterations = 1000, initial_temperature = 3.0, cooling_rate = 0.999
26 - INFO - chord#: 44 done. best_score=27.0, changed=521, unchanged=449, early_stops=8/8
26 - INFO - chord#: 46 In build_straw_man_chord_sa. tolerance = 1, sa_iterations = 1000, initial_temperature = 3.0, cooling_rate = 0.999
26 - INFO - chord#: 38 done. best_score=74.0, changed=612, unchanged=427, early_stops=8/8
26 - INFO - chord#: 40 In build_straw_man_chord_sa. tolerance = 1, sa_iterations = 1000, initial_temperature = 3.0, cooling_rate = 0.999
26 - INFO - chord#: 44 done. best_score=27.0, changed=523, unchanged=353, early_stops=8/8
26 - INFO - chord#: 46 In build_straw_man_chord_sa. tolerance = 1, sa_iterations = 1000, initial_temperature = 3.0, cooling_rate = 0.999
26 - INFO - chord#: 38 done. best_score=74.0, changed=614, unchanged=297, early_stops=8/8
26 - INFO - chord#: 40 In build_straw_man_chord_sa. tolerance = 1, sa_iterations = 1000, initial_temperature = 3.0, cooling_rate = 0.999
26 - INFO - chord#: 40 done. best_score=27.0, changed=520, unchanged=457, early_stops=8/8
26 - INFO - chord#: 42 In build_straw_man_chord_sa. tolerance = 1, sa_iterations = 1000, initial_temperature = 3.0, cooling_rate = 0.999
26 - INFO - chord#: 38 done. best_score=104.0, changed=612, unchanged=308, early_stops=8/8
26 - INFO - chord#: 40 In build_straw_man_chord_sa. tolerance = 1, sa_iterations = 1000, initial_temperature = 3.0, cooling_rate = 0.999
26 - INFO - chord#: 36 done. best_score=27.0, changed=521, unchanged=462, early_stops=8/8
26 - INFO - chord#: 38 In build_straw_man_chord_sa. tolerance = 1, sa_iterations = 1000, initial_temperature = 3.0, cooling_rate = 0.999
26 - INFO - chord#: 44 done. best_score=27.0, changed=520, unchanged=390, early_stops=8/8
26 - INFO - chord#: 46 In build_straw_man_chord_sa. tolerance = 1, sa_iterations = 1000, initial_temperature = 3.0, cooling_rate = 0.999
26 - INFO - chord#: 36 done. best_score=27.0, changed=527, unchanged=452, early_stops=8/8
26 - INFO - chord#: 38 In build_straw_man_chord_sa. tolerance = 1, sa_iterations = 1000, initial_temperature = 3.0, cooling_rate = 0.999
26 - INFO - chord#: 42 done. best_score=27.0, changed=518, unchanged=339, early_stops=8/8
26 - INFO - chord#: 44 In build_straw_man_chord_sa. tolerance = 1, sa_iterations = 1000, initial_temperature = 3.0, cooling_rate = 0.999
26 - INFO - chord#: 40 done. best_score=27.0, changed=515, unchanged=347, early_stops=8/8
26 - INFO - chord#: 42 In build_straw_man_chord_sa. tolerance = 1, sa_iterations = 1000, initial_temperature = 3.0, cooling_rate = 0.999
26 - INFO - chord#: 38 done. best_score=121.0, changed=613, unchanged=319, early_stops=8/8
26 - INFO - chord#: 40 In build_straw_man_chord_sa. tolerance = 1, sa_iterations = 1000, initial_temperature = 3.0, cooling_rate = 0.999
26 - INFO - chord#: 40 done. best_score=27.0, changed=523, unchanged=501, early_stops=8/8
26 - INFO - chord#: 42 In build_straw_man_chord_sa. tolerance = 1, sa_iterations = 1000, initial_temperature = 3.0, cooling_rate = 0.999
26 - INFO - chord#: 38 done. best_score=104.0, changed=610, unchanged=242, early_stops=8/8
26 - INFO - chord#: 40 In build_straw_man_chord_sa. tolerance = 1, sa_iterations = 1000, initial_temperature = 3.0, cooling_rate = 0.999
26 - INFO - chord#: 40 done. best_score=27.0, changed=525, unchanged=486, early_stops=8/8
26 - INFO - chord#: 42 In build_straw_man_chord_sa. tolerance = 1, sa_iterations = 1000, initial_temperature = 3.0, cooling_rate = 0.999
26 - INFO - chord#: 46 done. best_score=155.0, changed=610, unchanged=253, early_stops=8/8
26 - INFO - chord#: 48 In build_straw_man_chord_sa. tolerance = 1, sa_iterations = 1000, initial_temperature = 3.0, cooling_rate = 0.999
26 - INFO - chord#: 46 done. best_score=64.0, changed=612, unchanged=279, early_stops=8/8
26 - INFO - chord#: 48 In build_straw_man_chord_sa. tolerance = 1, sa_iterations = 1000, initial_temperature = 3.0, cooling_rate = 0.999
26 - INFO - chord#: 42 done. best_score=27.0, changed=522, unchanged=365, early_stops=8/8
26 - INFO - chord#: 44 In build_straw_man_chord_sa. tolerance = 1, sa_iterations = 1000, initial_temperature = 3.0, cooling_rate = 0.999
26 - INFO - chord#: 40 done. best_score=27.0, changed=516, unchanged=354, early_stops=8/8
26 - INFO - chord#: 42 In build_straw_man_chord_sa. tolerance = 1, sa_iterations = 1000, initial_temperature = 3.0, cooling_rate = 0.999
26 - INFO - chord#: 42 done. best_score=27.0, changed=525, unchanged=342, early_stops=8/8
26 - INFO - chord#: 44 In build_straw_man_chord_sa. tolerance = 1, sa_iterations = 1000, initial_temperature = 3.0, cooling_rate = 0.999
26 - INFO - chord#: 44 done. best_score=27.0, changed=523, unchanged=579, early_stops=8/8
26 - INFO - chord#: 46 In build_straw_man_chord_sa. tolerance = 1, sa_iterations = 1000, initial_temperature = 3.0, cooling_rate = 0.999
26 - INFO - chord#: 38 done. best_score=74.0, changed=612, unchanged=241, early_stops=8/8
26 - INFO - chord#: 40 In build_straw_man_chord_sa. tolerance = 1, sa_iterations = 1000, initial_temperature = 3.0, cooling_rate = 0.999
26 - INFO - chord#: 42 done. best_score=27.0, changed=528, unchanged=321, early_stops=8/8
26 - INFO - chord#: 44 In build_straw_man_chord_sa. tolerance = 1, sa_iterations = 1000, initial_temperature = 3.0, cooling_rate = 0.999
26 - INFO - chord#: 40 done. best_score=27.0, changed=526, unchanged=513, early_stops=8/8
26 - INFO - chord#: 42 In build_straw_man_chord_sa. tolerance = 1, sa_iterations = 1000, initial_temperature = 3.0, cooling_rate = 0.999
26 - INFO - chord#: 46 done. best_score=64.0, changed=616, unchanged=457, early_stops=8/8
26 - INFO - chord#: 48 In build_straw_man_chord_sa. tolerance = 1, sa_iterations = 1000, initial_temperature = 3.0, cooling_rate = 0.999
26 - INFO - chord#: 42 done. best_score=27.0, changed=525, unchanged=314, early_stops=8/8
26 - INFO - chord#: 44 In build_straw_man_chord_sa. tolerance = 1, sa_iterations = 1000, initial_temperature = 3.0, cooling_rate = 0.999
26 - INFO - chord#: 44 done. best_score=27.0, changed=514, unchanged=378, early_stops=8/8
26 - INFO - chord#: 46 In build_straw_man_chord_sa. tolerance = 1, sa_iterations = 1000, initial_temperature = 3.0, cooling_rate = 0.999
26 - INFO - chord#: 44 done. best_score=27.0, changed=524, unchanged=325, early_stops=8/8
26 - INFO - chord#: 46 In build_straw_man_chord_sa. tolerance = 1, sa_iterations = 1000, initial_temperature = 3.0, cooling_rate = 0.999
26 - INFO - chord#: 38 done. best_score=104.0, changed=609, unchanged=301, early_stops=8/8
26 - INFO - chord#: 40 In build_straw_man_chord_sa. tolerance = 1, sa_iterations = 1000, initial_temperature = 3.0, cooling_rate = 0.999
26 - INFO - chord#: 40 done. best_score=27.0, changed=523, unchanged=347, early_stops=8/8
26 - INFO - chord#: 42 In build_straw_man_chord_sa. tolerance = 1, sa_iterations = 1000, initial_temperature = 3.0, cooling_rate = 0.999
26 - INFO - chord#: 48 done. best_score=104.0, changed=609, unchanged=263, early_stops=8/8
26 - INFO - chord#: 50 In build_straw_man_chord_sa. tolerance = 1, sa_iterations = 1000, initial_temperature = 3.0, cooling_rate = 0.999
26 - INFO - chord#: 44 done. best_score=27.0, changed=525, unchanged=416, early_stops=8/8
26 - INFO - chord#: 46 In build_straw_man_chord_sa. tolerance = 1, sa_iterations = 1000, initial_temperature = 3.0, cooling_rate = 0.999
26 - INFO - chord#: 48 done. best_score=174.0, changed=605, unchanged=206, early_stops=8/8
26 - INFO - chord#: 50 In build_straw_man_chord_sa. tolerance = 1, sa_iterations = 1000, initial_temperature = 3.0, cooling_rate = 0.999
26 - INFO - chord#: 42 done. best_score=27.0, changed=523, unchanged=354, early_stops=8/8
26 - INFO - chord#: 44 In build_straw_man_chord_sa. tolerance = 1, sa_iterations = 1000, initial_temperature = 3.0, cooling_rate = 0.999
26 - INFO - chord#: 38 done. best_score=104.0, changed=614, unchanged=401, early_stops=8/8
26 - INFO - chord#: 40 In build_straw_man_chord_sa. tolerance = 1, sa_iterations = 1000, initial_temperature = 3.0, cooling_rate = 0.999
26 - INFO - chord#: 44 done. best_score=27.0, changed=523, unchanged=452, early_stops=8/8
26 - INFO - chord#: 46 In build_straw_man_chord_sa. tolerance = 1, sa_iterations = 1000, initial_temperature = 3.0, cooling_rate = 0.999
26 - INFO - chord#: 50 done. best_score=27.0, changed=520, unchanged=398, early_stops=8/8
26 - INFO - chord#: 51 In build_straw_man_chord_sa. tolerance = 1, sa_iterations = 1000, initial_temperature = 3.0, cooling_rate = 0.999
26 - INFO - chord#: 46 done. best_score=64.0, changed=616, unchanged=344, early_stops=8/8
26 - INFO - chord#: 48 In build_straw_man_chord_sa. tolerance = 1, sa_iterations = 1000, initial_temperature = 3.0, cooling_rate = 0.999
26 - INFO - chord#: 42 done. best_score=27.0, changed=518, unchanged=386, early_stops=8/8
26 - INFO - chord#: 44 In build_straw_man_chord_sa. tolerance = 1, sa_iterations = 1000, initial_temperature = 3.0, cooling_rate = 0.999
26 - INFO - chord#: 40 done. best_score=27.0, changed=519, unchanged=400, early_stops=8/8
26 - INFO - chord#: 42 In build_straw_man_chord_sa. tolerance = 1, sa_iterations = 1000, initial_temperature = 3.0, cooling_rate = 0.999
26 - INFO - chord#: 50 done. best_score=27.0, changed=518, unchanged=341, early_stops=8/8
26 - INFO - chord#: 51 In build_straw_man_chord_sa. tolerance = 1, sa_iterations = 1000, initial_temperature = 3.0, cooling_rate = 0.999
26 - INFO - chord#: 46 done. best_score=157.0, changed=612, unchanged=226, early_stops=8/8
26 - INFO - chord#: 48 In build_straw_man_chord_sa. tolerance = 1, sa_iterations = 1000, initial_temperature = 3.0, cooling_rate = 0.999
26 - INFO - chord#: 48 done. best_score=157.0, changed=615, unchanged=293, early_stops=8/8
26 - INFO - chord#: 50 In build_straw_man_chord_sa. tolerance = 1, sa_iterations = 1000, initial_temperature = 3.0, cooling_rate = 0.999
26 - INFO - chord#: 44 done. best_score=27.0, changed=520, unchanged=376, early_stops=8/8
26 - INFO - chord#: 46 In build_straw_man_chord_sa. tolerance = 1, sa_iterations = 1000, initial_temperature = 3.0, cooling_rate = 0.999
26 - INFO - chord#: 51 done. best_score=36.0, changed=527, unchanged=448, early_stops=8/8
26 - INFO - chord#: 52 In build_straw_man_chord_sa. tolerance = 1, sa_iterations = 1000, initial_temperature = 3.0, cooling_rate = 0.999
26 - INFO - chord#: 40 done. best_score=27.0, changed=526, unchanged=451, early_stops=8/8
26 - INFO - chord#: 42 In build_straw_man_chord_sa. tolerance = 1, sa_iterations = 1000, initial_temperature = 3.0, cooling_rate = 0.999
26 - INFO - chord#: 42 done. best_score=27.0, changed=530, unchanged=304, early_stops=8/8
26 - INFO - chord#: 44 In build_straw_man_chord_sa. tolerance = 1, sa_iterations = 1000, initial_temperature = 3.0, cooling_rate = 0.999
26 - INFO - chord#: 51 done. best_score=36.0, changed=526, unchanged=528, early_stops=8/8
26 - INFO - chord#: 52 In build_straw_man_chord_sa. tolerance = 1, sa_iterations = 1000, initial_temperature = 3.0, cooling_rate = 0.999
26 - INFO - chord#: 44 done. best_score=27.0, changed=524, unchanged=383, early_stops=8/8
26 - INFO - chord#: 46 In build_straw_man_chord_sa. tolerance = 1, sa_iterations = 1000, initial_temperature = 3.0, cooling_rate = 0.999
26 - INFO - chord#: 46 done. best_score=155.0, changed=615, unchanged=290, early_stops=8/8
26 - INFO - chord#: 48 In build_straw_man_chord_sa. tolerance = 1, sa_iterations = 1000, initial_temperature = 3.0, cooling_rate = 0.999
26 - INFO - chord#: 50 done. best_score=27.0, changed=518, unchanged=452, early_stops=8/8
26 - INFO - chord#: 51 In build_straw_man_chord_sa. tolerance = 1, sa_iterations = 1000, initial_temperature = 3.0, cooling_rate = 0.999
26 - INFO - chord#: 46 done. best_score=71.0, changed=611, unchanged=352, early_stops=8/8
26 - INFO - chord#: 48 In build_straw_man_chord_sa. tolerance = 1, sa_iterations = 1000, initial_temperature = 3.0, cooling_rate = 0.999
26 - INFO - chord#: 46 done. best_score=64.0, changed=605, unchanged=257, early_stops=8/8
26 - INFO - chord#: 48 In build_straw_man_chord_sa. tolerance = 1, sa_iterations = 1000, initial_temperature = 3.0, cooling_rate = 0.999
26 - INFO - chord#: 42 done. best_score=27.0, changed=515, unchanged=346, early_stops=8/8
26 - INFO - chord#: 44 In build_straw_man_chord_sa. tolerance = 1, sa_iterations = 1000, initial_temperature = 3.0, cooling_rate = 0.999
26 - INFO - chord#: 48 done. best_score=64.0, changed=611, unchanged=274, early_stops=8/8
26 - INFO - chord#: 50 In build_straw_man_chord_sa. tolerance = 1, sa_iterations = 1000, initial_temperature = 3.0, cooling_rate = 0.999
26 - INFO - chord#: 52 done. best_score=27.0, changed=527, unchanged=563, early_stops=8/8
26 - INFO - chord#: 54 In build_straw_man_chord_sa. tolerance = 1, sa_iterations = 1000, initial_temperature = 3.0, cooling_rate = 0.999
26 - INFO - chord#: 48 done. best_score=157.0, changed=610, unchanged=258, early_stops=8/8
26 - INFO - chord#: 50 In build_straw_man_chord_sa. tolerance = 1, sa_iterations = 1000, initial_temperature = 3.0, cooling_rate = 0.999
26 - INFO - chord#: 44 done. best_score=27.0, changed=507, unchanged=390, early_stops=8/8
26 - INFO - chord#: 46 In build_straw_man_chord_sa. tolerance = 1, sa_iterations = 1000, initial_temperature = 3.0, cooling_rate = 0.999
26 - INFO - chord#: 52 done. best_score=27.0, changed=521, unchanged=547, early_stops=8/8
26 - INFO - chord#: 54 In build_straw_man_chord_sa. tolerance = 1, sa_iterations = 1000, initial_temperature = 3.0, cooling_rate = 0.999
26 - INFO - chord#: 51 done. best_score=36.0, changed=522, unchanged=428, early_stops=8/8
26 - INFO - chord#: 52 In build_straw_man_chord_sa. tolerance = 1, sa_iterations = 1000, initial_temperature = 3.0, cooling_rate = 0.999
26 - INFO - chord#: 54 done. best_score=27.0, changed=514, unchanged=343, early_stops=8/8
26 - INFO - chord#: 55 In build_straw_man_chord_sa. tolerance = 1, sa_iterations = 1000, initial_temperature = 3.0, cooling_rate = 0.999
26 - INFO - chord#: 46 done. best_score=64.0, changed=611, unchanged=264, early_stops=8/8
26 - INFO - chord#: 48 In build_straw_man_chord_sa. tolerance = 1, sa_iterations = 1000, initial_temperature = 3.0, cooling_rate = 0.999
26 - INFO - chord#: 50 done. best_score=27.0, changed=524, unchanged=455, early_stops=8/8
26 - INFO - chord#: 51 In build_straw_man_chord_sa. tolerance = 1, sa_iterations = 1000, initial_temperature = 3.0, cooling_rate = 0.999
26 - INFO - chord#: 44 done. best_score=27.0, changed=530, unchanged=486, early_stops=8/8
26 - INFO - chord#: 46 In build_straw_man_chord_sa. tolerance = 1, sa_iterations = 1000, initial_temperature = 3.0, cooling_rate = 0.999
26 - INFO - chord#: 54 done. best_score=27.0, changed=526, unchanged=391, early_stops=8/8
26 - INFO - chord#: 55 In build_straw_man_chord_sa. tolerance = 1, sa_iterations = 1000, initial_temperature = 3.0, cooling_rate = 0.999
26 - INFO - chord#: 52 done. best_score=27.0, changed=520, unchanged=314, early_stops=8/8
26 - INFO - chord#: 48 done. best_score=64.0, changed=608, unchanged=249, early_stops=8/8
26 - INFO - chord#: 50 In build_straw_man_chord_sa. tolerance = 1, sa_iterations = 1000, initial_temperature = 3.0, cooling_rate = 0.999
26 - INFO - chord#: 54 In build_straw_man_chord_sa. tolerance = 1, sa_iterations = 1000, initial_temperature = 3.0, cooling_rate = 0.999
26 - INFO - chord#: 50 done. best_score=27.0, changed=531, unchanged=442, early_stops=8/8
26 - INFO - chord#: 51 In build_straw_man_chord_sa. tolerance = 1, sa_iterations = 1000, initial_temperature = 3.0, cooling_rate = 0.999
26 - INFO - chord#: 48 done. best_score=146.0, changed=606, unchanged=236, early_stops=8/8
26 - INFO - chord#: 50 In build_straw_man_chord_sa. tolerance = 1, sa_iterations = 1000, initial_temperature = 3.0, cooling_rate = 0.999
26 - INFO - chord#: 46 done. best_score=104.0, changed=610, unchanged=331, early_stops=8/8
26 - INFO - chord#: 48 In build_straw_man_chord_sa. tolerance = 1, sa_iterations = 1000, initial_temperature = 3.0, cooling_rate = 0.999
26 - INFO - chord#: 51 done. best_score=36.0, changed=526, unchanged=476, early_stops=8/8
26 - INFO - chord#: 52 In build_straw_man_chord_sa. tolerance = 1, sa_iterations = 1000, initial_temperature = 3.0, cooling_rate = 0.999
26 - INFO - chord#: 48 done. best_score=154.0, changed=611, unchanged=279, early_stops=8/8
26 - INFO - chord#: 50 In build_straw_man_chord_sa. tolerance = 1, sa_iterations = 1000, initial_temperature = 3.0, cooling_rate = 0.999
26 - INFO - chord#: 51 done. best_score=36.0, changed=523, unchanged=367, early_stops=8/8
26 - INFO - chord#: 52 In build_straw_man_chord_sa. tolerance = 1, sa_iterations = 1000, initial_temperature = 3.0, cooling_rate = 0.999
26 - INFO - chord#: 54 done. best_score=27.0, changed=521, unchanged=434, early_stops=8/8
26 - INFO - chord#: 55 In build_straw_man_chord_sa. tolerance = 1, sa_iterations = 1000, initial_temperature = 3.0, cooling_rate = 0.999
26 - INFO - chord#: 50 done. best_score=27.0, changed=515, unchanged=392, early_stops=8/8
26 - INFO - chord#: 51 In build_straw_man_chord_sa. tolerance = 1, sa_iterations = 1000, initial_temperature = 3.0, cooling_rate = 0.999
26 - INFO - chord#: 50 done. best_score=27.0, changed=520, unchanged=587, early_stops=8/8
26 - INFO - chord#: 51 In build_straw_man_chord_sa. tolerance = 1, sa_iterations = 1000, initial_temperature = 3.0, cooling_rate = 0.999
26 - INFO - chord#: 48 done. best_score=154.0, changed=609, unchanged=289, early_stops=8/8
26 - INFO - chord#: 50 In build_straw_man_chord_sa. tolerance = 1, sa_iterations = 1000, initial_temperature = 3.0, cooling_rate = 0.999
26 - INFO - chord#: 46 done. best_score=104.0, changed=615, unchanged=315, early_stops=8/8
26 - INFO - chord#: 48 In build_straw_man_chord_sa. tolerance = 1, sa_iterations = 1000, initial_temperature = 3.0, cooling_rate = 0.999
26 - INFO - chord#: 52 done. best_score=27.0, changed=518, unchanged=410, early_stops=8/8
26 - INFO - chord#: 54 In build_straw_man_chord_sa. tolerance = 1, sa_iterations = 1000, initial_temperature = 3.0, cooling_rate = 0.999
26 - INFO - chord#: 52 done. best_score=27.0, changed=528, unchanged=422, early_stops=8/8
26 - INFO - chord#: 54 In build_straw_man_chord_sa. tolerance = 1, sa_iterations = 1000, initial_temperature = 3.0, cooling_rate = 0.999
26 - INFO - chord#: 55 done. best_score=96.0, changed=620, unchanged=418, early_stops=8/8
26 - INFO - chord#: 56 In build_straw_man_chord_sa. tolerance = 1, sa_iterations = 1000, initial_temperature = 3.0, cooling_rate = 0.999
26 - INFO - chord#: 55 done. best_score=74.0, changed=611, unchanged=351, early_stops=8/8
26 - INFO - chord#: 56 In build_straw_man_chord_sa. tolerance = 1, sa_iterations = 1000, initial_temperature = 3.0, cooling_rate = 0.999
26 - INFO - chord#: 50 done. best_score=27.0, changed=526, unchanged=534, early_stops=8/8
26 - INFO - chord#: 51 In build_straw_man_chord_sa. tolerance = 1, sa_iterations = 1000, initial_temperature = 3.0, cooling_rate = 0.999
26 - INFO - chord#: 54 done. best_score=27.0, changed=522, unchanged=358, early_stops=8/8
26 - INFO - chord#: 55 In build_straw_man_chord_sa. tolerance = 1, sa_iterations = 1000, initial_temperature = 3.0, cooling_rate = 0.999
26 - INFO - chord#: 46 done. best_score=64.0, changed=613, unchanged=367, early_stops=8/8
26 - INFO - chord#: 48 In build_straw_man_chord_sa. tolerance = 1, sa_iterations = 1000, initial_temperature = 3.0, cooling_rate = 0.999
26 - INFO - chord#: 51 done. best_score=36.0, changed=518, unchanged=348, early_stops=8/8
26 - INFO - chord#: 52 In build_straw_man_chord_sa. tolerance = 1, sa_iterations = 1000, initial_temperature = 3.0, cooling_rate = 0.999
26 - INFO - chord#: 51 done. best_score=36.0, changed=521, unchanged=360, early_stops=8/8
26 - INFO - chord#: 52 In build_straw_man_chord_sa. tolerance = 1, sa_iterations = 1000, initial_temperature = 3.0, cooling_rate = 0.999
26 - INFO - chord#: 50 done. best_score=27.0, changed=523, unchanged=525, early_stops=8/8
26 - INFO - chord#: 51 In build_straw_man_chord_sa. tolerance = 1, sa_iterations = 1000, initial_temperature = 3.0, cooling_rate = 0.999
26 - INFO - chord#: 54 done. best_score=27.0, changed=526, unchanged=390, early_stops=8/8
26 - INFO - chord#: 55 In build_straw_man_chord_sa. tolerance = 1, sa_iterations = 1000, initial_temperature = 3.0, cooling_rate = 0.999
26 - INFO - chord#: 48 done. best_score=96.0, changed=609, unchanged=282, early_stops=8/8
26 - INFO - chord#: 50 In build_straw_man_chord_sa. tolerance = 1, sa_iterations = 1000, initial_temperature = 3.0, cooling_rate = 0.999
26 - INFO - chord#: 56 done. best_score=27.0, changed=516, unchanged=455, early_stops=8/8
26 - INFO - chord#: 60 In build_straw_man_chord_sa. tolerance = 1, sa_iterations = 1000, initial_temperature = 3.0, cooling_rate = 0.999
26 - INFO - chord#: 56 done. best_score=27.0, changed=521, unchanged=532, early_stops=8/8
26 - INFO - chord#: 60 In build_straw_man_chord_sa. tolerance = 1, sa_iterations = 1000, initial_temperature = 3.0, cooling_rate = 0.999
26 - INFO - chord#: 55 done. best_score=121.0, changed=619, unchanged=371, early_stops=8/8
26 - INFO - chord#: 56 In build_straw_man_chord_sa. tolerance = 1, sa_iterations = 1000, initial_temperature = 3.0, cooling_rate = 0.999
26 - INFO - chord#: 51 done. best_score=36.0, changed=521, unchanged=409, early_stops=8/8
26 - INFO - chord#: 52 In build_straw_man_chord_sa. tolerance = 1, sa_iterations = 1000, initial_temperature = 3.0, cooling_rate = 0.999
26 - INFO - chord#: 51 done. best_score=36.0, changed=523, unchanged=405, early_stops=8/8
26 - INFO - chord#: 52 In build_straw_man_chord_sa. tolerance = 1, sa_iterations = 1000, initial_temperature = 3.0, cooling_rate = 0.999
26 - INFO - chord#: 52 done. best_score=27.0, changed=518, unchanged=387, early_stops=8/8
26 - INFO - chord#: 54 In build_straw_man_chord_sa. tolerance = 1, sa_iterations = 1000, initial_temperature = 3.0, cooling_rate = 0.999
26 - INFO - chord#: 60 done. best_score=27.0, changed=527, unchanged=350, early_stops=8/8
26 - INFO - chord#: 64 In build_straw_man_chord_sa. tolerance = 1, sa_iterations = 1000, initial_temperature = 3.0, cooling_rate = 0.999
26 - INFO - chord#: 52 done. best_score=27.0, changed=526, unchanged=452, early_stops=8/8
26 - INFO - chord#: 54 In build_straw_man_chord_sa. tolerance = 1, sa_iterations = 1000, initial_temperature = 3.0, cooling_rate = 0.999
26 - INFO - chord#: 60 done. best_score=27.0, changed=514, unchanged=372, early_stops=8/8
26 - INFO - chord#: 64 In build_straw_man_chord_sa. tolerance = 1, sa_iterations = 1000, initial_temperature = 3.0, cooling_rate = 0.999
26 - INFO - chord#: 48 done. best_score=125.0, changed=616, unchanged=334, early_stops=8/8
26 - INFO - chord#: 50 In build_straw_man_chord_sa. tolerance = 1, sa_iterations = 1000, initial_temperature = 3.0, cooling_rate = 0.999
26 - INFO - chord#: 50 done. best_score=27.0, changed=525, unchanged=449, early_stops=8/8
26 - INFO - chord#: 51 In build_straw_man_chord_sa. tolerance = 1, sa_iterations = 1000, initial_temperature = 3.0, cooling_rate = 0.999
26 - INFO - chord#: 56 done. best_score=27.0, changed=524, unchanged=465, early_stops=8/8
26 - INFO - chord#: 60 In build_straw_man_chord_sa. tolerance = 1, sa_iterations = 1000, initial_temperature = 3.0, cooling_rate = 0.999
26 - INFO - chord#: 64 done. best_score=27.0, changed=522, unchanged=310, early_stops=8/8
26 - INFO - chord#: 66 In build_straw_man_chord_sa. tolerance = 1, sa_iterations = 1000, initial_temperature = 3.0, cooling_rate = 0.999
26 - INFO - chord#: 52 done. best_score=27.0, changed=524, unchanged=458, early_stops=8/8
26 - INFO - chord#: 54 In build_straw_man_chord_sa. tolerance = 1, sa_iterations = 1000, initial_temperature = 3.0, cooling_rate = 0.999
26 - INFO - chord#: 52 done. best_score=27.0, changed=526, unchanged=502, early_stops=8/8
26 - INFO - chord#: 54 In build_straw_man_chord_sa. tolerance = 1, sa_iterations = 1000, initial_temperature = 3.0, cooling_rate = 0.999
26 - INFO - chord#: 54 done. best_score=36.0, changed=524, unchanged=420, early_stops=8/8
26 - INFO - chord#: 55 In build_straw_man_chord_sa. tolerance = 1, sa_iterations = 1000, initial_temperature = 3.0, cooling_rate = 0.999
26 - INFO - chord#: 55 done. best_score=164.0, changed=613, unchanged=429, early_stops=8/8
26 - INFO - chord#: 56 In build_straw_man_chord_sa. tolerance = 1, sa_iterations = 1000, initial_temperature = 3.0, cooling_rate = 0.999
26 - INFO - chord#: 64 done. best_score=27.0, changed=535, unchanged=347, early_stops=8/8
26 - INFO - chord#: 66 In build_straw_man_chord_sa. tolerance = 1, sa_iterations = 1000, initial_temperature = 3.0, cooling_rate = 0.999
26 - INFO - chord#: 60 done. best_score=27.0, changed=527, unchanged=402, early_stops=8/8
26 - INFO - chord#: 64 In build_straw_man_chord_sa. tolerance = 1, sa_iterations = 1000, initial_temperature = 3.0, cooling_rate = 0.999
26 - INFO - chord#: 48 done. best_score=64.0, changed=615, unchanged=369, early_stops=8/8
26 - INFO - chord#: 50 In build_straw_man_chord_sa. tolerance = 1, sa_iterations = 1000, initial_temperature = 3.0, cooling_rate = 0.999
26 - INFO - chord#: 54 done. best_score=27.0, changed=521, unchanged=352, early_stops=8/8
26 - INFO - chord#: 55 In build_straw_man_chord_sa. tolerance = 1, sa_iterations = 1000, initial_temperature = 3.0, cooling_rate = 0.999
26 - INFO - chord#: 50 done. best_score=27.0, changed=522, unchanged=424, early_stops=8/8
26 - INFO - chord#: 51 In build_straw_man_chord_sa. tolerance = 1, sa_iterations = 1000, initial_temperature = 3.0, cooling_rate = 0.999
26 - INFO - chord#: 51 done. best_score=36.0, changed=522, unchanged=364, early_stops=8/8
26 - INFO - chord#: 52 In build_straw_man_chord_sa. tolerance = 1, sa_iterations = 1000, initial_temperature = 3.0, cooling_rate = 0.999
26 - INFO - chord#: 54 done. best_score=27.0, changed=518, unchanged=362, early_stops=8/8
26 - INFO - chord#: 55 In build_straw_man_chord_sa. tolerance = 1, sa_iterations = 1000, initial_temperature = 3.0, cooling_rate = 0.999
26 - INFO - chord#: 55 done. best_score=74.0, changed=609, unchanged=423, early_stops=8/8
26 - INFO - chord#: 56 In build_straw_man_chord_sa. tolerance = 1, sa_iterations = 1000, initial_temperature = 3.0, cooling_rate = 0.999
26 - INFO - chord#: 66 done. best_score=27.0, changed=521, unchanged=466, early_stops=8/8
26 - INFO - chord#: 68 In build_straw_man_chord_sa. tolerance = 1, sa_iterations = 1000, initial_temperature = 3.0, cooling_rate = 0.999
26 - INFO - chord#: 66 done. best_score=27.0, changed=539, unchanged=404, early_stops=8/8
26 - INFO - chord#: 68 In build_straw_man_chord_sa. tolerance = 1, sa_iterations = 1000, initial_temperature = 3.0, cooling_rate = 0.999
26 - INFO - chord#: 56 done. best_score=27.0, changed=517, unchanged=417, early_stops=8/8
26 - INFO - chord#: 60 In build_straw_man_chord_sa. tolerance = 1, sa_iterations = 1000, initial_temperature = 3.0, cooling_rate = 0.999
26 - INFO - chord#: 54 done. best_score=27.0, changed=522, unchanged=365, early_stops=8/8
26 - INFO - chord#: 55 In build_straw_man_chord_sa. tolerance = 1, sa_iterations = 1000, initial_temperature = 3.0, cooling_rate = 0.999
26 - INFO - chord#: 64 done. best_score=27.0, changed=520, unchanged=328, early_stops=8/8
26 - INFO - chord#: 66 In build_straw_man_chord_sa. tolerance = 1, sa_iterations = 1000, initial_temperature = 3.0, cooling_rate = 0.999
26 - INFO - chord#: 68 done. best_score=27.0, changed=524, unchanged=418, early_stops=8/8
26 - INFO - chord#: 70 In build_straw_man_chord_sa. tolerance = 1, sa_iterations = 1000, initial_temperature = 3.0, cooling_rate = 0.999
26 - INFO - chord#: 51 done. best_score=36.0, changed=516, unchanged=377, early_stops=8/8
26 - INFO - chord#: 52 In build_straw_man_chord_sa. tolerance = 1, sa_iterations = 1000, initial_temperature = 3.0, cooling_rate = 0.999
26 - INFO - chord#: 56 done. best_score=27.0, changed=523, unchanged=516, early_stops=8/8
26 - INFO - chord#: 60 In build_straw_man_chord_sa. tolerance = 1, sa_iterations = 1000, initial_temperature = 3.0, cooling_rate = 0.999
26 - INFO - chord#: 52 done. best_score=27.0, changed=519, unchanged=362, early_stops=8/8
26 - INFO - chord#: 54 In build_straw_man_chord_sa. tolerance = 1, sa_iterations = 1000, initial_temperature = 3.0, cooling_rate = 0.999
26 - INFO - chord#: 60 done. best_score=27.0, changed=521, unchanged=389, early_stops=8/8
26 - INFO - chord#: 64 In build_straw_man_chord_sa. tolerance = 1, sa_iterations = 1000, initial_temperature = 3.0, cooling_rate = 0.999
26 - INFO - chord#: 50 done. best_score=27.0, changed=528, unchanged=592, early_stops=8/8
26 - INFO - chord#: 51 In build_straw_man_chord_sa. tolerance = 1, sa_iterations = 1000, initial_temperature = 3.0, cooling_rate = 0.999
26 - INFO - chord#: 68 done. best_score=27.0, changed=518, unchanged=394, early_stops=8/8
26 - INFO - chord#: 70 In build_straw_man_chord_sa. tolerance = 1, sa_iterations = 1000, initial_temperature = 3.0, cooling_rate = 0.999
26 - INFO - chord#: 66 done. best_score=27.0, changed=516, unchanged=329, early_stops=8/8
26 - INFO - chord#: 68 In build_straw_man_chord_sa. tolerance = 1, sa_iterations = 1000, initial_temperature = 3.0, cooling_rate = 0.999
26 - INFO - chord#: 70 done. best_score=27.0, changed=521, unchanged=313, early_stops=8/8
26 - INFO - chord#: 72 In build_straw_man_chord_sa. tolerance = 1, sa_iterations = 1000, initial_temperature = 3.0, cooling_rate = 0.999
26 - INFO - chord#: 55 done. best_score=74.0, changed=607, unchanged=218, early_stops=8/8
26 - INFO - chord#: 56 In build_straw_man_chord_sa. tolerance = 1, sa_iterations = 1000, initial_temperature = 3.0, cooling_rate = 0.999
26 - INFO - chord#: 60 done. best_score=27.0, changed=525, unchanged=432, early_stops=8/8
26 - INFO - chord#: 64 In build_straw_man_chord_sa. tolerance = 1, sa_iterations = 1000, initial_temperature = 3.0, cooling_rate = 0.999
26 - INFO - chord#: 55 done. best_score=149.0, changed=616, unchanged=312, early_stops=8/8
26 - INFO - chord#: 56 In build_straw_man_chord_sa. tolerance = 1, sa_iterations = 1000, initial_temperature = 3.0, cooling_rate = 0.999
26 - INFO - chord#: 52 done. best_score=27.0, changed=522, unchanged=372, early_stops=8/8
26 - INFO - chord#: 54 In build_straw_man_chord_sa. tolerance = 1, sa_iterations = 1000, initial_temperature = 3.0, cooling_rate = 0.999
26 - INFO - chord#: 64 done. best_score=27.0, changed=526, unchanged=322, early_stops=8/8
26 - INFO - chord#: 66 In build_straw_man_chord_sa. tolerance = 1, sa_iterations = 1000, initial_temperature = 3.0, cooling_rate = 0.999
26 - INFO - chord#: 54 done. best_score=27.0, changed=522, unchanged=359, early_stops=8/8
26 - INFO - chord#: 55 In build_straw_man_chord_sa. tolerance = 1, sa_iterations = 1000, initial_temperature = 3.0, cooling_rate = 0.999
26 - INFO - chord#: 70 done. best_score=27.0, changed=521, unchanged=323, early_stops=8/8
26 - INFO - chord#: 72 In build_straw_man_chord_sa. tolerance = 1, sa_iterations = 1000, initial_temperature = 3.0, cooling_rate = 0.999
26 - INFO - chord#: 68 done. best_score=27.0, changed=523, unchanged=385, early_stops=8/8
26 - INFO - chord#: 70 In build_straw_man_chord_sa. tolerance = 1, sa_iterations = 1000, initial_temperature = 3.0, cooling_rate = 0.999
26 - INFO - chord#: 55 done. best_score=96.0, changed=614, unchanged=310, early_stops=8/8
26 - INFO - chord#: 56 In build_straw_man_chord_sa. tolerance = 1, sa_iterations = 1000, initial_temperature = 3.0, cooling_rate = 0.999
26 - INFO - chord#: 51 done. best_score=36.0, changed=531, unchanged=439, early_stops=8/8
26 - INFO - chord#: 52 In build_straw_man_chord_sa. tolerance = 1, sa_iterations = 1000, initial_temperature = 3.0, cooling_rate = 0.999
26 - INFO - chord#: 64 done. best_score=27.0, changed=528, unchanged=450, early_stops=8/8
26 - INFO - chord#: 66 In build_straw_man_chord_sa. tolerance = 1, sa_iterations = 1000, initial_temperature = 3.0, cooling_rate = 0.999
26 - INFO - chord#: 66 done. best_score=27.0, changed=519, unchanged=307, early_stops=8/8
26 - INFO - chord#: 68 In build_straw_man_chord_sa. tolerance = 1, sa_iterations = 1000, initial_temperature = 3.0, cooling_rate = 0.999
26 - INFO - chord#: 54 done. best_score=27.0, changed=525, unchanged=456, early_stops=8/8
26 - INFO - chord#: 55 In build_straw_man_chord_sa. tolerance = 1, sa_iterations = 1000, initial_temperature = 3.0, cooling_rate = 0.999
26 - INFO - chord#: 56 done. best_score=27.0, changed=517, unchanged=371, early_stops=8/8
26 - INFO - chord#: 60 In build_straw_man_chord_sa. tolerance = 1, sa_iterations = 1000, initial_temperature = 3.0, cooling_rate = 0.999
26 - INFO - chord#: 70 done. best_score=27.0, changed=525, unchanged=366, early_stops=8/8
26 - INFO - chord#: 72 In build_straw_man_chord_sa. tolerance = 1, sa_iterations = 1000, initial_temperature = 3.0, cooling_rate = 0.999
26 - INFO - chord#: 56 done. best_score=27.0, changed=518, unchanged=373, early_stops=8/8
26 - INFO - chord#: 60 In build_straw_man_chord_sa. tolerance = 1, sa_iterations = 1000, initial_temperature = 3.0, cooling_rate = 0.999
26 - INFO - chord#: 55 done. best_score=96.0, changed=613, unchanged=332, early_stops=8/8
26 - INFO - chord#: 56 In build_straw_man_chord_sa. tolerance = 1, sa_iterations = 1000, initial_temperature = 3.0, cooling_rate = 0.999
26 - INFO - chord#: 72 done. best_score=108.0, changed=612, unchanged=234, early_stops=8/8
26 - INFO - chord#: 74 In build_straw_man_chord_sa. tolerance = 1, sa_iterations = 1000, initial_temperature = 3.0, cooling_rate = 0.999
26 - INFO - chord#: 56 done. best_score=27.0, changed=521, unchanged=407, early_stops=8/8
26 - INFO - chord#: 60 In build_straw_man_chord_sa. tolerance = 1, sa_iterations = 1000, initial_temperature = 3.0, cooling_rate = 0.999
26 - INFO - chord#: 52 done. best_score=27.0, changed=525, unchanged=483, early_stops=8/8
26 - INFO - chord#: 54 In build_straw_man_chord_sa. tolerance = 1, sa_iterations = 1000, initial_temperature = 3.0, cooling_rate = 0.999
26 - INFO - chord#: 66 done. best_score=27.0, changed=520, unchanged=311, early_stops=8/8
26 - INFO - chord#: 68 In build_straw_man_chord_sa. tolerance = 1, sa_iterations = 1000, initial_temperature = 3.0, cooling_rate = 0.999
26 - INFO - chord#: 68 done. best_score=27.0, changed=527, unchanged=496, early_stops=8/8
26 - INFO - chord#: 70 In build_straw_man_chord_sa. tolerance = 1, sa_iterations = 1000, initial_temperature = 3.0, cooling_rate = 0.999
26 - INFO - chord#: 60 done. best_score=27.0, changed=529, unchanged=346, early_stops=8/8
26 - INFO - chord#: 64 In build_straw_man_chord_sa. tolerance = 1, sa_iterations = 1000, initial_temperature = 3.0, cooling_rate = 0.999
26 - INFO - chord#: 60 done. best_score=27.0, changed=538, unchanged=455, early_stops=8/8
26 - INFO - chord#: 64 In build_straw_man_chord_sa. tolerance = 1, sa_iterations = 1000, initial_temperature = 3.0, cooling_rate = 0.999
26 - INFO - chord#: 74 done. best_score=57.0, changed=523, unchanged=342, early_stops=8/8
26 - INFO - chord#: 76 In build_straw_man_chord_sa. tolerance = 1, sa_iterations = 1000, initial_temperature = 3.0, cooling_rate = 0.999
26 - INFO - chord#: 56 done. best_score=36.0, changed=530, unchanged=398, early_stops=8/8
26 - INFO - chord#: 60 In build_straw_man_chord_sa. tolerance = 1, sa_iterations = 1000, initial_temperature = 3.0, cooling_rate = 0.999
26 - INFO - chord#: 60 done. best_score=27.0, changed=515, unchanged=314, early_stops=8/8
26 - INFO - chord#: 64 In build_straw_man_chord_sa. tolerance = 1, sa_iterations = 1000, initial_temperature = 3.0, cooling_rate = 0.999
26 - INFO - chord#: 72 done. best_score=135.0, changed=611, unchanged=386, early_stops=8/8
26 - INFO - chord#: 74 In build_straw_man_chord_sa. tolerance = 1, sa_iterations = 1000, initial_temperature = 3.0, cooling_rate = 0.999
26 - INFO - chord#: 55 done. best_score=74.0, changed=609, unchanged=298, early_stops=8/8
26 - INFO - chord#: 56 In build_straw_man_chord_sa. tolerance = 1, sa_iterations = 1000, initial_temperature = 3.0, cooling_rate = 0.999
26 - INFO - chord#: 70 done. best_score=27.0, changed=522, unchanged=384, early_stops=8/8
26 - INFO - chord#: 72 In build_straw_man_chord_sa. tolerance = 1, sa_iterations = 1000, initial_temperature = 3.0, cooling_rate = 0.999
26 - INFO - chord#: 68 done. best_score=27.0, changed=520, unchanged=467, early_stops=8/8
26 - INFO - chord#: 70 In build_straw_man_chord_sa. tolerance = 1, sa_iterations = 1000, initial_temperature = 3.0, cooling_rate = 0.999
26 - INFO - chord#: 54 done. best_score=27.0, changed=517, unchanged=363, early_stops=8/8
26 - INFO - chord#: 55 In build_straw_man_chord_sa. tolerance = 1, sa_iterations = 1000, initial_temperature = 3.0, cooling_rate = 0.999
26 - INFO - chord#: 64 done. best_score=27.0, changed=517, unchanged=338, early_stops=8/8
26 - INFO - chord#: 66 In build_straw_man_chord_sa. tolerance = 1, sa_iterations = 1000, initial_temperature = 3.0, cooling_rate = 0.999
26 - INFO - chord#: 72 done. best_score=141.0, changed=610, unchanged=274, early_stops=8/8
26 - INFO - chord#: 74 In build_straw_man_chord_sa. tolerance = 1, sa_iterations = 1000, initial_temperature = 3.0, cooling_rate = 0.999
26 - INFO - chord#: 74 done. best_score=36.0, changed=526, unchanged=381, early_stops=8/8
26 - INFO - chord#: 76 In build_straw_man_chord_sa. tolerance = 1, sa_iterations = 1000, initial_temperature = 3.0, cooling_rate = 0.999
26 - INFO - chord#: 55 done. best_score=96.0, changed=618, unchanged=384, early_stops=8/8
26 - INFO - chord#: 56 In build_straw_man_chord_sa. tolerance = 1, sa_iterations = 1000, initial_temperature = 3.0, cooling_rate = 0.999
26 - INFO - chord#: 76 done. best_score=27.0, changed=517, unchanged=380, early_stops=8/8
26 - INFO - chord#: 78 In build_straw_man_chord_sa. tolerance = 1, sa_iterations = 1000, initial_temperature = 3.0, cooling_rate = 0.999
26 - INFO - chord#: 64 done. best_score=27.0, changed=537, unchanged=456, early_stops=8/8
26 - INFO - chord#: 66 In build_straw_man_chord_sa. tolerance = 1, sa_iterations = 1000, initial_temperature = 3.0, cooling_rate = 0.999
26 - INFO - chord#: 60 done. best_score=57.0, changed=520, unchanged=377, early_stops=8/8
26 - INFO - chord#: 64 In build_straw_man_chord_sa. tolerance = 1, sa_iterations = 1000, initial_temperature = 3.0, cooling_rate = 0.999
26 - INFO - chord#: 70 done. best_score=27.0, changed=522, unchanged=374, early_stops=8/8
26 - INFO - chord#: 72 In build_straw_man_chord_sa. tolerance = 1, sa_iterations = 1000, initial_temperature = 3.0, cooling_rate = 0.999
26 - INFO - chord#: 64 done. best_score=27.0, changed=537, unchanged=488, early_stops=8/8
26 - INFO - chord#: 66 In build_straw_man_chord_sa. tolerance = 1, sa_iterations = 1000, initial_temperature = 3.0, cooling_rate = 0.999
26 - INFO - chord#: 56 done. best_score=27.0, changed=521, unchanged=355, early_stops=8/8
26 - INFO - chord#: 60 In build_straw_man_chord_sa. tolerance = 1, sa_iterations = 1000, initial_temperature = 3.0, cooling_rate = 0.999
26 - INFO - chord#: 74 done. best_score=36.0, changed=527, unchanged=359, early_stops=8/8
26 - INFO - chord#: 76 In build_straw_man_chord_sa. tolerance = 1, sa_iterations = 1000, initial_temperature = 3.0, cooling_rate = 0.999
26 - INFO - chord#: 78 done. best_score=27.0, changed=519, unchanged=325, early_stops=8/8
26 - INFO - chord#: 80 In build_straw_man_chord_sa. tolerance = 1, sa_iterations = 1000, initial_temperature = 3.0, cooling_rate = 0.999
26 - INFO - chord#: 76 done. best_score=27.0, changed=511, unchanged=321, early_stops=8/8
26 - INFO - chord#: 78 In build_straw_man_chord_sa. tolerance = 1, sa_iterations = 1000, initial_temperature = 3.0, cooling_rate = 0.999
26 - INFO - chord#: 66 done. best_score=27.0, changed=530, unchanged=320, early_stops=8/8
26 - INFO - chord#: 68 In build_straw_man_chord_sa. tolerance = 1, sa_iterations = 1000, initial_temperature = 3.0, cooling_rate = 0.999
26 - INFO - chord#: 64 done. best_score=57.0, changed=544, unchanged=320, early_stops=8/8
26 - INFO - chord#: 66 In build_straw_man_chord_sa. tolerance = 1, sa_iterations = 1000, initial_temperature = 3.0, cooling_rate = 0.999
26 - INFO - chord#: 56 done. best_score=27.0, changed=526, unchanged=489, early_stops=8/8
26 - INFO - chord#: 60 In build_straw_man_chord_sa. tolerance = 1, sa_iterations = 1000, initial_temperature = 3.0, cooling_rate = 0.999
26 - INFO - chord#: 66 done. best_score=27.0, changed=530, unchanged=333, early_stops=8/8
26 - INFO - chord#: 68 In build_straw_man_chord_sa. tolerance = 1, sa_iterations = 1000, initial_temperature = 3.0, cooling_rate = 0.999
26 - INFO - chord#: 66 done. best_score=27.0, changed=532, unchanged=417, early_stops=8/8
26 - INFO - chord#: 68 In build_straw_man_chord_sa. tolerance = 1, sa_iterations = 1000, initial_temperature = 3.0, cooling_rate = 0.999
26 - INFO - chord#: 60 done. best_score=27.0, changed=518, unchanged=477, early_stops=8/8
26 - INFO - chord#: 64 In build_straw_man_chord_sa. tolerance = 1, sa_iterations = 1000, initial_temperature = 3.0, cooling_rate = 0.999
26 - INFO - chord#: 76 done. best_score=27.0, changed=525, unchanged=450, early_stops=8/8
26 - INFO - chord#: 78 In build_straw_man_chord_sa. tolerance = 1, sa_iterations = 1000, initial_temperature = 3.0, cooling_rate = 0.999
26 - INFO - chord#: 78 done. best_score=27.0, changed=523, unchanged=485, early_stops=8/8
26 - INFO - chord#: 80 In build_straw_man_chord_sa. tolerance = 1, sa_iterations = 1000, initial_temperature = 3.0, cooling_rate = 0.999
26 - INFO - chord#: 66 done. best_score=57.0, changed=537, unchanged=280, early_stops=8/8
26 - INFO - chord#: 68 In build_straw_man_chord_sa. tolerance = 1, sa_iterations = 1000, initial_temperature = 3.0, cooling_rate = 0.999
26 - INFO - chord#: 72 done. best_score=147.0, changed=616, unchanged=400, early_stops=8/8
26 - INFO - chord#: 74 In build_straw_man_chord_sa. tolerance = 1, sa_iterations = 1000, initial_temperature = 3.0, cooling_rate = 0.999
26 - INFO - chord#: 68 done. best_score=27.0, changed=522, unchanged=386, early_stops=8/8
26 - INFO - chord#: 70 In build_straw_man_chord_sa. tolerance = 1, sa_iterations = 1000, initial_temperature = 3.0, cooling_rate = 0.999
26 - INFO - chord#: 60 done. best_score=27.0, changed=521, unchanged=429, early_stops=8/8
26 - INFO - chord#: 64 In build_straw_man_chord_sa. tolerance = 1, sa_iterations = 1000, initial_temperature = 3.0, cooling_rate = 0.999
26 - INFO - chord#: 68 done. best_score=27.0, changed=514, unchanged=393, early_stops=8/8
26 - INFO - chord#: 70 In build_straw_man_chord_sa. tolerance = 1, sa_iterations = 1000, initial_temperature = 3.0, cooling_rate = 0.999
26 - INFO - chord#: 55 done. best_score=74.0, changed=615, unchanged=363, early_stops=8/8
26 - INFO - chord#: 56 In build_straw_man_chord_sa. tolerance = 1, sa_iterations = 1000, initial_temperature = 3.0, cooling_rate = 0.999
26 - INFO - chord#: 78 done. best_score=27.0, changed=520, unchanged=414, early_stops=8/8
26 - INFO - chord#: 80 In build_straw_man_chord_sa. tolerance = 1, sa_iterations = 1000, initial_temperature = 3.0, cooling_rate = 0.999
26 - INFO - chord#: 64 done. best_score=27.0, changed=531, unchanged=429, early_stops=8/8
26 - INFO - chord#: 66 In build_straw_man_chord_sa. tolerance = 1, sa_iterations = 1000, initial_temperature = 3.0, cooling_rate = 0.999
26 - INFO - chord#: 68 done. best_score=27.0, changed=526, unchanged=549, early_stops=8/8
26 - INFO - chord#: 70 In build_straw_man_chord_sa. tolerance = 1, sa_iterations = 1000, initial_temperature = 3.0, cooling_rate = 0.999
26 - INFO - chord#: 74 done. best_score=36.0, changed=526, unchanged=331, early_stops=8/8
26 - INFO - chord#: 76 In build_straw_man_chord_sa. tolerance = 1, sa_iterations = 1000, initial_temperature = 3.0, cooling_rate = 0.999
26 - INFO - chord#: 64 done. best_score=27.0, changed=521, unchanged=316, early_stops=8/8
26 - INFO - chord#: 66 In build_straw_man_chord_sa. tolerance = 1, sa_iterations = 1000, initial_temperature = 3.0, cooling_rate = 0.999
26 - INFO - chord#: 80 done. best_score=160.0, changed=607, unchanged=251, early_stops=8/8
26 - INFO - chord#: 82 In build_straw_man_chord_sa. tolerance = 1, sa_iterations = 1000, initial_temperature = 3.0, cooling_rate = 0.999
26 - INFO - chord#: 70 done. best_score=27.0, changed=526, unchanged=393, early_stops=8/8
26 - INFO - chord#: 72 In build_straw_man_chord_sa. tolerance = 1, sa_iterations = 1000, initial_temperature = 3.0, cooling_rate = 0.999
26 - INFO - chord#: 68 done. best_score=27.0, changed=523, unchanged=371, early_stops=8/8
26 - INFO - chord#: 70 In build_straw_man_chord_sa. tolerance = 1, sa_iterations = 1000, initial_temperature = 3.0, cooling_rate = 0.999
26 - INFO - chord#: 72 done. best_score=141.0, changed=616, unchanged=609, early_stops=8/8
26 - INFO - chord#: 74 In build_straw_man_chord_sa. tolerance = 1, sa_iterations = 1000, initial_temperature = 3.0, cooling_rate = 0.999
26 - INFO - chord#: 70 done. best_score=27.0, changed=525, unchanged=429, early_stops=8/8
26 - INFO - chord#: 72 In build_straw_man_chord_sa. tolerance = 1, sa_iterations = 1000, initial_temperature = 3.0, cooling_rate = 0.999
26 - INFO - chord#: 56 done. best_score=27.0, changed=516, unchanged=337, early_stops=8/8
26 - INFO - chord#: 60 In build_straw_man_chord_sa. tolerance = 1, sa_iterations = 1000, initial_temperature = 3.0, cooling_rate = 0.999
26 - INFO - chord#: 82 done. best_score=36.0, changed=527, unchanged=356, early_stops=8/8
26 - INFO - chord#: 84 In build_straw_man_chord_sa. tolerance = 1, sa_iterations = 1000, initial_temperature = 3.0, cooling_rate = 0.999
26 - INFO - chord#: 76 done. best_score=27.0, changed=525, unchanged=373, early_stops=8/8
26 - INFO - chord#: 78 In build_straw_man_chord_sa. tolerance = 1, sa_iterations = 1000, initial_temperature = 3.0, cooling_rate = 0.999
26 - INFO - chord#: 66 done. best_score=27.0, changed=517, unchanged=334, early_stops=8/8
26 - INFO - chord#: 68 In build_straw_man_chord_sa. tolerance = 1, sa_iterations = 1000, initial_temperature = 3.0, cooling_rate = 0.999
26 - INFO - chord#: 70 done. best_score=27.0, changed=536, unchanged=374, early_stops=8/8
26 - INFO - chord#: 72 In build_straw_man_chord_sa. tolerance = 1, sa_iterations = 1000, initial_temperature = 3.0, cooling_rate = 0.999
26 - INFO - chord#: 74 done. best_score=36.0, changed=522, unchanged=289, early_stops=8/8
26 - INFO - chord#: 76 In build_straw_man_chord_sa. tolerance = 1, sa_iterations = 1000, initial_temperature = 3.0, cooling_rate = 0.999
26 - INFO - chord#: 66 done. best_score=27.0, changed=529, unchanged=420, early_stops=8/8
26 - INFO - chord#: 68 In build_straw_man_chord_sa. tolerance = 1, sa_iterations = 1000, initial_temperature = 3.0, cooling_rate = 0.999
26 - INFO - chord#: 70 done. best_score=27.0, changed=517, unchanged=365, early_stops=8/8
26 - INFO - chord#: 72 In build_straw_man_chord_sa. tolerance = 1, sa_iterations = 1000, initial_temperature = 3.0, cooling_rate = 0.999
26 - INFO - chord#: 80 done. best_score=67.0, changed=615, unchanged=498, early_stops=8/8
26 - INFO - chord#: 82 In build_straw_man_chord_sa. tolerance = 1, sa_iterations = 1000, initial_temperature = 3.0, cooling_rate = 0.999
26 - INFO - chord#: 80 done. best_score=140.0, changed=609, unchanged=267, early_stops=8/8
26 - INFO - chord#: 82 In build_straw_man_chord_sa. tolerance = 1, sa_iterations = 1000, initial_temperature = 3.0, cooling_rate = 0.999
26 - INFO - chord#: 84 done. best_score=47.0, changed=533, unchanged=533, early_stops=8/8
26 - INFO - chord#: 85 In build_straw_man_chord_sa. tolerance = 1, sa_iterations = 1000, initial_temperature = 3.0, cooling_rate = 0.999
26 - INFO - chord#: 60 done. best_score=27.0, changed=522, unchanged=369, early_stops=8/8
26 - INFO - chord#: 64 In build_straw_man_chord_sa. tolerance = 1, sa_iterations = 1000, initial_temperature = 3.0, cooling_rate = 0.999
26 - INFO - chord#: 78 done. best_score=27.0, changed=521, unchanged=563, early_stops=8/8
26 - INFO - chord#: 80 In build_straw_man_chord_sa. tolerance = 1, sa_iterations = 1000, initial_temperature = 3.0, cooling_rate = 0.999
26 - INFO - chord#: 68 done. best_score=27.0, changed=522, unchanged=544, early_stops=8/8
26 - INFO - chord#: 70 In build_straw_man_chord_sa. tolerance = 1, sa_iterations = 1000, initial_temperature = 3.0, cooling_rate = 0.999
26 - INFO - chord#: 76 done. best_score=27.0, changed=521, unchanged=491, early_stops=8/8
26 - INFO - chord#: 78 In build_straw_man_chord_sa. tolerance = 1, sa_iterations = 1000, initial_temperature = 3.0, cooling_rate = 0.999
26 - INFO - chord#: 68 done. best_score=27.0, changed=523, unchanged=415, early_stops=8/8
26 - INFO - chord#: 70 In build_straw_man_chord_sa. tolerance = 1, sa_iterations = 1000, initial_temperature = 3.0, cooling_rate = 0.999
26 - INFO - chord#: 82 done. best_score=27.0, changed=525, unchanged=472, early_stops=8/8
26 - INFO - chord#: 84 In build_straw_man_chord_sa. tolerance = 1, sa_iterations = 1000, initial_temperature = 3.0, cooling_rate = 0.999
26 - INFO - chord#: 82 done. best_score=27.0, changed=517, unchanged=418, early_stops=8/8
26 - INFO - chord#: 84 In build_straw_man_chord_sa. tolerance = 1, sa_iterations = 1000, initial_temperature = 3.0, cooling_rate = 0.999
26 - INFO - chord#: 72 done. best_score=111.0, changed=612, unchanged=270, early_stops=8/8
26 - INFO - chord#: 74 In build_straw_man_chord_sa. tolerance = 1, sa_iterations = 1000, initial_temperature = 3.0, cooling_rate = 0.999
26 - INFO - chord#: 85 done. best_score=27.0, changed=521, unchanged=437, early_stops=8/8
26 - INFO - chord#: 70 done. best_score=27.0, changed=516, unchanged=341, early_stops=8/8
26 - INFO - chord#: 86 In build_straw_man_chord_sa. tolerance = 1, sa_iterations = 1000, initial_temperature = 3.0, cooling_rate = 0.999
26 - INFO - chord#: 72 In build_straw_man_chord_sa. tolerance = 1, sa_iterations = 1000, initial_temperature = 3.0, cooling_rate = 0.999
26 - INFO - chord#: 64 done. best_score=27.0, changed=534, unchanged=363, early_stops=8/8
26 - INFO - chord#: 66 In build_straw_man_chord_sa. tolerance = 1, sa_iterations = 1000, initial_temperature = 3.0, cooling_rate = 0.999
26 - INFO - chord#: 78 done. best_score=27.0, changed=527, unchanged=413, early_stops=8/8
26 - INFO - chord#: 80 In build_straw_man_chord_sa. tolerance = 1, sa_iterations = 1000, initial_temperature = 3.0, cooling_rate = 0.999
26 - INFO - chord#: 70 done. best_score=27.0, changed=523, unchanged=358, early_stops=8/8
26 - INFO - chord#: 72 In build_straw_man_chord_sa. tolerance = 1, sa_iterations = 1000, initial_temperature = 3.0, cooling_rate = 0.999
26 - INFO - chord#: 72 done. best_score=105.0, changed=611, unchanged=314, early_stops=8/8
26 - INFO - chord#: 74 In build_straw_man_chord_sa. tolerance = 1, sa_iterations = 1000, initial_temperature = 3.0, cooling_rate = 0.999
26 - INFO - chord#: 84 done. best_score=47.0, changed=524, unchanged=316, early_stops=8/8
26 - INFO - chord#: 85 In build_straw_man_chord_sa. tolerance = 1, sa_iterations = 1000, initial_temperature = 3.0, cooling_rate = 0.999
26 - INFO - chord#: 84 done. best_score=47.0, changed=522, unchanged=377, early_stops=8/8
26 - INFO - chord#: 85 In build_straw_man_chord_sa. tolerance = 1, sa_iterations = 1000, initial_temperature = 3.0, cooling_rate = 0.999
26 - INFO - chord#: 72 done. best_score=141.0, changed=609, unchanged=316, early_stops=8/8
26 - INFO - chord#: 74 In build_straw_man_chord_sa. tolerance = 1, sa_iterations = 1000, initial_temperature = 3.0, cooling_rate = 0.999
26 - INFO - chord#: 86 done. best_score=27.0, changed=525, unchanged=420, early_stops=8/8
26 - INFO - chord#: 80 done. best_score=78.0, changed=611, unchanged=255, early_stops=8/8
26 - INFO - chord#: 87 In build_straw_man_chord_sa. tolerance = 1, sa_iterations = 1000, initial_temperature = 3.0, cooling_rate = 0.999
26 - INFO - chord#: 82 In build_straw_man_chord_sa. tolerance = 1, sa_iterations = 1000, initial_temperature = 3.0, cooling_rate = 0.999
26 - INFO - chord#: 74 done. best_score=36.0, changed=530, unchanged=356, early_stops=8/8
26 - INFO - chord#: 76 In build_straw_man_chord_sa. tolerance = 1, sa_iterations = 1000, initial_temperature = 3.0, cooling_rate = 0.999
26 - INFO - chord#: 66 done. best_score=27.0, changed=510, unchanged=310, early_stops=8/8
26 - INFO - chord#: 68 In build_straw_man_chord_sa. tolerance = 1, sa_iterations = 1000, initial_temperature = 3.0, cooling_rate = 0.999
26 - INFO - chord#: 85 done. best_score=27.0, changed=522, unchanged=352, early_stops=8/8
26 - INFO - chord#: 86 In build_straw_man_chord_sa. tolerance = 1, sa_iterations = 1000, initial_temperature = 3.0, cooling_rate = 0.999
26 - INFO - chord#: 74 done. best_score=36.0, changed=523, unchanged=347, early_stops=8/8
26 - INFO - chord#: 76 In build_straw_man_chord_sa. tolerance = 1, sa_iterations = 1000, initial_temperature = 3.0, cooling_rate = 0.999
26 - INFO - chord#: 85 done. best_score=27.0, changed=521, unchanged=486, early_stops=8/8
26 - INFO - chord#: 86 In build_straw_man_chord_sa. tolerance = 1, sa_iterations = 1000, initial_temperature = 3.0, cooling_rate = 0.999
26 - INFO - chord#: 74 done. best_score=36.0, changed=524, unchanged=305, early_stops=8/8
26 - INFO - chord#: 76 In build_straw_man_chord_sa. tolerance = 1, sa_iterations = 1000, initial_temperature = 3.0, cooling_rate = 0.999
26 - INFO - chord#: 72 done. best_score=105.0, changed=616, unchanged=465, early_stops=8/8
26 - INFO - chord#: 74 In build_straw_man_chord_sa. tolerance = 1, sa_iterations = 1000, initial_temperature = 3.0, cooling_rate = 0.999
26 - INFO - chord#: 82 done. best_score=27.0, changed=527, unchanged=455, early_stops=8/8
26 - INFO - chord#: 84 In build_straw_man_chord_sa. tolerance = 1, sa_iterations = 1000, initial_temperature = 3.0, cooling_rate = 0.999
26 - INFO - chord#: 80 done. best_score=137.0, changed=606, unchanged=222, early_stops=8/8
26 - INFO - chord#: 82 In build_straw_man_chord_sa. tolerance = 1, sa_iterations = 1000, initial_temperature = 3.0, cooling_rate = 0.999
26 - INFO - chord#: 76 done. best_score=27.0, changed=520, unchanged=474, early_stops=8/8
26 - INFO - chord#: 78 In build_straw_man_chord_sa. tolerance = 1, sa_iterations = 1000, initial_temperature = 3.0, cooling_rate = 0.999
26 - INFO - chord#: 86 done. best_score=27.0, changed=511, unchanged=390, early_stops=8/8
26 - INFO - chord#: 87 In build_straw_man_chord_sa. tolerance = 1, sa_iterations = 1000, initial_temperature = 3.0, cooling_rate = 0.999
26 - INFO - chord#: 72 done. best_score=105.0, changed=612, unchanged=353, early_stops=8/8
26 - INFO - chord#: 74 In build_straw_man_chord_sa. tolerance = 1, sa_iterations = 1000, initial_temperature = 3.0, cooling_rate = 0.999
26 - INFO - chord#: 68 done. best_score=27.0, changed=525, unchanged=503, early_stops=8/8
26 - INFO - chord#: 70 In build_straw_man_chord_sa. tolerance = 1, sa_iterations = 1000, initial_temperature = 3.0, cooling_rate = 0.999
26 - INFO - chord#: 86 done. best_score=27.0, changed=519, unchanged=394, early_stops=8/8
26 - INFO - chord#: 87 In build_straw_man_chord_sa. tolerance = 1, sa_iterations = 1000, initial_temperature = 3.0, cooling_rate = 0.999
26 - INFO - chord#: 74 done. best_score=36.0, changed=525, unchanged=354, early_stops=8/8
26 - INFO - chord#: 76 In build_straw_man_chord_sa. tolerance = 1, sa_iterations = 1000, initial_temperature = 3.0, cooling_rate = 0.999
26 - INFO - chord#: 72 done. best_score=111.0, changed=609, unchanged=333, early_stops=8/8
26 - INFO - chord#: 74 In build_straw_man_chord_sa. tolerance = 1, sa_iterations = 1000, initial_temperature = 3.0, cooling_rate = 0.999
26 - INFO - chord#: 84 done. best_score=47.0, changed=524, unchanged=479, early_stops=8/8
26 - INFO - chord#: 85 In build_straw_man_chord_sa. tolerance = 1, sa_iterations = 1000, initial_temperature = 3.0, cooling_rate = 0.999
26 - INFO - chord#: 76 done. best_score=27.0, changed=532, unchanged=363, early_stops=8/8
26 - INFO - chord#: 78 In build_straw_man_chord_sa. tolerance = 1, sa_iterations = 1000, initial_temperature = 3.0, cooling_rate = 0.999
26 - INFO - chord#: 82 done. best_score=36.0, changed=526, unchanged=385, early_stops=8/8
26 - INFO - chord#: 84 In build_straw_man_chord_sa. tolerance = 1, sa_iterations = 1000, initial_temperature = 3.0, cooling_rate = 0.999
26 - INFO - chord#: 76 done. best_score=27.0, changed=527, unchanged=434, early_stops=8/8
26 - INFO - chord#: 78 In build_straw_man_chord_sa. tolerance = 1, sa_iterations = 1000, initial_temperature = 3.0, cooling_rate = 0.999
26 - INFO - chord#: 87 done. best_score=82.0, changed=611, unchanged=317, early_stops=8/8
26 - INFO - chord#: 88 In build_straw_man_chord_sa. tolerance = 1, sa_iterations = 1000, initial_temperature = 3.0, cooling_rate = 0.999
26 - INFO - chord#: 74 done. best_score=36.0, changed=520, unchanged=308, early_stops=8/8
26 - INFO - chord#: 76 In build_straw_man_chord_sa. tolerance = 1, sa_iterations = 1000, initial_temperature = 3.0, cooling_rate = 0.999
26 - INFO - chord#: 78 done. best_score=27.0, changed=524, unchanged=387, early_stops=8/8
26 - INFO - chord#: 80 In build_straw_man_chord_sa. tolerance = 1, sa_iterations = 1000, initial_temperature = 3.0, cooling_rate = 0.999
26 - INFO - chord#: 70 done. best_score=27.0, changed=523, unchanged=411, early_stops=8/8
26 - INFO - chord#: 72 In build_straw_man_chord_sa. tolerance = 1, sa_iterations = 1000, initial_temperature = 3.0, cooling_rate = 0.999
26 - INFO - chord#: 85 done. best_score=27.0, changed=523, unchanged=334, early_stops=8/8
26 - INFO - chord#: 86 In build_straw_man_chord_sa. tolerance = 1, sa_iterations = 1000, initial_temperature = 3.0, cooling_rate = 0.999
26 - INFO - chord#: 74 done. best_score=36.0, changed=524, unchanged=335, early_stops=8/8
26 - INFO - chord#: 76 In build_straw_man_chord_sa. tolerance = 1, sa_iterations = 1000, initial_temperature = 3.0, cooling_rate = 0.999
26 - INFO - chord#: 84 done. best_score=47.0, changed=525, unchanged=472, early_stops=8/8
26 - INFO - chord#: 85 In build_straw_man_chord_sa. tolerance = 1, sa_iterations = 1000, initial_temperature = 3.0, cooling_rate = 0.999
26 - INFO - chord#: 78 done. best_score=27.0, changed=512, unchanged=320, early_stops=8/8
26 - INFO - chord#: 80 In build_straw_man_chord_sa. tolerance = 1, sa_iterations = 1000, initial_temperature = 3.0, cooling_rate = 0.999
26 - INFO - chord#: 76 done. best_score=27.0, changed=515, unchanged=394, early_stops=8/8
26 - INFO - chord#: 78 In build_straw_man_chord_sa. tolerance = 1, sa_iterations = 1000, initial_temperature = 3.0, cooling_rate = 0.999
26 - INFO - chord#: 78 done. best_score=27.0, changed=522, unchanged=425, early_stops=8/8
26 - INFO - chord#: 80 In build_straw_man_chord_sa. tolerance = 1, sa_iterations = 1000, initial_temperature = 3.0, cooling_rate = 0.999
26 - INFO - chord#: 76 done. best_score=27.0, changed=523, unchanged=476, early_stops=8/8
26 - INFO - chord#: 78 In build_straw_man_chord_sa. tolerance = 1, sa_iterations = 1000, initial_temperature = 3.0, cooling_rate = 0.999
26 - INFO - chord#: 87 done. best_score=82.0, changed=615, unchanged=392, early_stops=8/8
26 - INFO - chord#: 88 In build_straw_man_chord_sa. tolerance = 1, sa_iterations = 1000, initial_temperature = 3.0, cooling_rate = 0.999
26 - INFO - chord#: 85 done. best_score=27.0, changed=526, unchanged=471, early_stops=8/8
26 - INFO - chord#: 86 In build_straw_man_chord_sa. tolerance = 1, sa_iterations = 1000, initial_temperature = 3.0, cooling_rate = 0.999
26 - INFO - chord#: 86 done. best_score=27.0, changed=524, unchanged=485, early_stops=8/8
26 - INFO - chord#: 87 In build_straw_man_chord_sa. tolerance = 1, sa_iterations = 1000, initial_temperature = 3.0, cooling_rate = 0.999
26 - INFO - chord#: 87 done. best_score=82.0, changed=615, unchanged=499, early_stops=8/8
26 - INFO - chord#: 88 In build_straw_man_chord_sa. tolerance = 1, sa_iterations = 1000, initial_temperature = 3.0, cooling_rate = 0.999
26 - INFO - chord#: 78 done. best_score=27.0, changed=522, unchanged=405, early_stops=8/8
26 - INFO - chord#: 80 In build_straw_man_chord_sa. tolerance = 1, sa_iterations = 1000, initial_temperature = 3.0, cooling_rate = 0.999
26 - INFO - chord#: 76 done. best_score=27.0, changed=528, unchanged=548, early_stops=8/8
26 - INFO - chord#: 78 In build_straw_man_chord_sa. tolerance = 1, sa_iterations = 1000, initial_temperature = 3.0, cooling_rate = 0.999
26 - INFO - chord#: 78 done. best_score=27.0, changed=526, unchanged=433, early_stops=8/8
26 - INFO - chord#: 80 In build_straw_man_chord_sa. tolerance = 1, sa_iterations = 1000, initial_temperature = 3.0, cooling_rate = 0.999
26 - INFO - chord#: 88 done. best_score=78.0, changed=608, unchanged=402, early_stops=8/8
26 - INFO - chord#: 90 In build_straw_man_chord_sa. tolerance = 1, sa_iterations = 1000, initial_temperature = 3.0, cooling_rate = 0.999
26 - INFO - chord#: 86 done. best_score=27.0, changed=522, unchanged=441, early_stops=8/8
26 - INFO - chord#: 87 In build_straw_man_chord_sa. tolerance = 1, sa_iterations = 1000, initial_temperature = 3.0, cooling_rate = 0.999
26 - INFO - chord#: 80 done. best_score=67.0, changed=610, unchanged=327, early_stops=8/8
26 - INFO - chord#: 82 In build_straw_man_chord_sa. tolerance = 1, sa_iterations = 1000, initial_temperature = 3.0, cooling_rate = 0.999
26 - INFO - chord#: 78 done. best_score=27.0, changed=523, unchanged=369, early_stops=8/8
26 - INFO - chord#: 80 In build_straw_man_chord_sa. tolerance = 1, sa_iterations = 1000, initial_temperature = 3.0, cooling_rate = 0.999
26 - INFO - chord#: 72 done. best_score=111.0, changed=608, unchanged=370, early_stops=8/8
26 - INFO - chord#: 74 In build_straw_man_chord_sa. tolerance = 1, sa_iterations = 1000, initial_temperature = 3.0, cooling_rate = 0.999
26 - INFO - chord#: 90 done. best_score=27.0, changed=521, unchanged=517, early_stops=8/8
26 - INFO - chord#: 91 In build_straw_man_chord_sa. tolerance = 1, sa_iterations = 1000, initial_temperature = 3.0, cooling_rate = 0.999
26 - INFO - chord#: 80 done. best_score=78.0, changed=611, unchanged=334, early_stops=8/8
26 - INFO - chord#: 82 In build_straw_man_chord_sa. tolerance = 1, sa_iterations = 1000, initial_temperature = 3.0, cooling_rate = 0.999
26 - INFO - chord#: 88 done. best_score=67.0, changed=610, unchanged=379, early_stops=8/8
26 - INFO - chord#: 90 In build_straw_man_chord_sa. tolerance = 1, sa_iterations = 1000, initial_temperature = 3.0, cooling_rate = 0.999
26 - INFO - chord#: 80 done. best_score=67.0, changed=612, unchanged=457, early_stops=8/8
26 - INFO - chord#: 82 In build_straw_man_chord_sa. tolerance = 1, sa_iterations = 1000, initial_temperature = 3.0, cooling_rate = 0.999
26 - INFO - chord#: 87 done. best_score=82.0, changed=615, unchanged=323, early_stops=8/8
26 - INFO - chord#: 88 In build_straw_man_chord_sa. tolerance = 1, sa_iterations = 1000, initial_temperature = 3.0, cooling_rate = 0.999
26 - INFO - chord#: 88 done. best_score=67.0, changed=608, unchanged=273, early_stops=8/8
26 - INFO - chord#: 90 In build_straw_man_chord_sa. tolerance = 1, sa_iterations = 1000, initial_temperature = 3.0, cooling_rate = 0.999
26 - INFO - chord#: 82 done. best_score=27.0, changed=522, unchanged=378, early_stops=8/8
26 - INFO - chord#: 84 In build_straw_man_chord_sa. tolerance = 1, sa_iterations = 1000, initial_temperature = 3.0, cooling_rate = 0.999
26 - INFO - chord#: 74 done. best_score=36.0, changed=524, unchanged=381, early_stops=8/8
26 - INFO - chord#: 76 In build_straw_man_chord_sa. tolerance = 1, sa_iterations = 1000, initial_temperature = 3.0, cooling_rate = 0.999
26 - INFO - chord#: 80 done. best_score=67.0, changed=615, unchanged=440, early_stops=8/8
26 - INFO - chord#: 82 In build_straw_man_chord_sa. tolerance = 1, sa_iterations = 1000, initial_temperature = 3.0, cooling_rate = 0.999
26 - INFO - chord#: 87 done. best_score=82.0, changed=615, unchanged=248, early_stops=8/8
26 - INFO - chord#: 88 In build_straw_man_chord_sa. tolerance = 1, sa_iterations = 1000, initial_temperature = 3.0, cooling_rate = 0.999
26 - INFO - chord#: 90 done. best_score=27.0, changed=528, unchanged=434, early_stops=8/8
26 - INFO - chord#: 91 In build_straw_man_chord_sa. tolerance = 1, sa_iterations = 1000, initial_temperature = 3.0, cooling_rate = 0.999
26 - INFO - chord#: 80 done. best_score=137.0, changed=609, unchanged=334, early_stops=8/8
26 - INFO - chord#: 82 In build_straw_man_chord_sa. tolerance = 1, sa_iterations = 1000, initial_temperature = 3.0, cooling_rate = 0.999
26 - INFO - chord#: 90 done. best_score=27.0, changed=522, unchanged=416, early_stops=8/8
26 - INFO - chord#: 91 In build_straw_man_chord_sa. tolerance = 1, sa_iterations = 1000, initial_temperature = 3.0, cooling_rate = 0.999
26 - INFO - chord#: 82 done. best_score=36.0, changed=526, unchanged=445, early_stops=8/8
26 - INFO - chord#: 84 In build_straw_man_chord_sa. tolerance = 1, sa_iterations = 1000, initial_temperature = 3.0, cooling_rate = 0.999
26 - INFO - chord#: 82 done. best_score=27.0, changed=511, unchanged=388, early_stops=8/8
26 - INFO - chord#: 84 In build_straw_man_chord_sa. tolerance = 1, sa_iterations = 1000, initial_temperature = 3.0, cooling_rate = 0.999
26 - INFO - chord#: 84 done. best_score=47.0, changed=525, unchanged=408, early_stops=8/8
26 - INFO - chord#: 85 In build_straw_man_chord_sa. tolerance = 1, sa_iterations = 1000, initial_temperature = 3.0, cooling_rate = 0.999
26 - INFO - chord#: 82 done. best_score=27.0, changed=519, unchanged=453, early_stops=8/8
26 - INFO - chord#: 84 In build_straw_man_chord_sa. tolerance = 1, sa_iterations = 1000, initial_temperature = 3.0, cooling_rate = 0.999
26 - INFO - chord#: 91 done. best_score=67.0, changed=610, unchanged=329, early_stops=8/8
26 - INFO - chord#: 92 In build_straw_man_chord_sa. tolerance = 1, sa_iterations = 1000, initial_temperature = 3.0, cooling_rate = 0.999
26 - INFO - chord#: 76 done. best_score=27.0, changed=524, unchanged=508, early_stops=8/8
26 - INFO - chord#: 78 In build_straw_man_chord_sa. tolerance = 1, sa_iterations = 1000, initial_temperature = 3.0, cooling_rate = 0.999
26 - INFO - chord#: 80 done. best_score=67.0, changed=609, unchanged=312, early_stops=8/8
26 - INFO - chord#: 82 In build_straw_man_chord_sa. tolerance = 1, sa_iterations = 1000, initial_temperature = 3.0, cooling_rate = 0.999
26 - INFO - chord#: 82 done. best_score=27.0, changed=514, unchanged=442, early_stops=8/8
26 - INFO - chord#: 84 In build_straw_man_chord_sa. tolerance = 1, sa_iterations = 1000, initial_temperature = 3.0, cooling_rate = 0.999
26 - INFO - chord#: 84 done. best_score=47.0, changed=519, unchanged=433, early_stops=8/8
26 - INFO - chord#: 85 In build_straw_man_chord_sa. tolerance = 1, sa_iterations = 1000, initial_temperature = 3.0, cooling_rate = 0.999
26 - INFO - chord#: 84 done. best_score=47.0, changed=530, unchanged=423, early_stops=8/8
26 - INFO - chord#: 85 In build_straw_man_chord_sa. tolerance = 1, sa_iterations = 1000, initial_temperature = 3.0, cooling_rate = 0.999
26 - INFO - chord#: 88 done. best_score=67.0, changed=610, unchanged=398, early_stops=8/8
26 - INFO - chord#: 90 In build_straw_man_chord_sa. tolerance = 1, sa_iterations = 1000, initial_temperature = 3.0, cooling_rate = 0.999
26 - INFO - chord#: 92 done. best_score=27.0, changed=527, unchanged=447, early_stops=8/8
26 - INFO - chord#: 96 In build_straw_man_chord_sa. tolerance = 1, sa_iterations = 1000, initial_temperature = 3.0, cooling_rate = 0.999
26 - INFO - chord#: 84 done. best_score=47.0, changed=524, unchanged=534, early_stops=8/8
26 - INFO - chord#: 85 In build_straw_man_chord_sa. tolerance = 1, sa_iterations = 1000, initial_temperature = 3.0, cooling_rate = 0.999
26 - INFO - chord#: 85 done. best_score=27.0, changed=532, unchanged=444, early_stops=8/8
26 - INFO - chord#: 86 In build_straw_man_chord_sa. tolerance = 1, sa_iterations = 1000, initial_temperature = 3.0, cooling_rate = 0.999
26 - INFO - chord#: 88 done. best_score=67.0, changed=610, unchanged=251, early_stops=8/8
26 - INFO - chord#: 90 In build_straw_man_chord_sa. tolerance = 1, sa_iterations = 1000, initial_temperature = 3.0, cooling_rate = 0.999
26 - INFO - chord#: 91 done. best_score=67.0, changed=609, unchanged=412, early_stops=8/8
26 - INFO - chord#: 92 In build_straw_man_chord_sa. tolerance = 1, sa_iterations = 1000, initial_temperature = 3.0, cooling_rate = 0.999
26 - INFO - chord#: 78 done. best_score=27.0, changed=514, unchanged=440, early_stops=8/8
26 - INFO - chord#: 80 In build_straw_man_chord_sa. tolerance = 1, sa_iterations = 1000, initial_temperature = 3.0, cooling_rate = 0.999
26 - INFO - chord#: 84 done. best_score=47.0, changed=519, unchanged=318, early_stops=8/8
26 - INFO - chord#: 85 In build_straw_man_chord_sa. tolerance = 1, sa_iterations = 1000, initial_temperature = 3.0, cooling_rate = 0.999
26 - INFO - chord#: 82 done. best_score=27.0, changed=522, unchanged=374, early_stops=8/8
26 - INFO - chord#: 84 In build_straw_man_chord_sa. tolerance = 1, sa_iterations = 1000, initial_temperature = 3.0, cooling_rate = 0.999
26 - INFO - chord#: 90 done. best_score=27.0, changed=516, unchanged=366, early_stops=8/8
26 - INFO - chord#: 91 In build_straw_man_chord_sa. tolerance = 1, sa_iterations = 1000, initial_temperature = 3.0, cooling_rate = 0.999
26 - INFO - chord#: 91 done. best_score=67.0, changed=613, unchanged=386, early_stops=8/8
26 - INFO - chord#: 92 In build_straw_man_chord_sa. tolerance = 1, sa_iterations = 1000, initial_temperature = 3.0, cooling_rate = 0.999
26 - INFO - chord#: 85 done. best_score=27.0, changed=523, unchanged=484, early_stops=8/8
26 - INFO - chord#: 86 In build_straw_man_chord_sa. tolerance = 1, sa_iterations = 1000, initial_temperature = 3.0, cooling_rate = 0.999
26 - INFO - chord#: 96 done. best_score=27.0, changed=527, unchanged=457, early_stops=8/8
26 - INFO - chord#: 100 In build_straw_man_chord_sa. tolerance = 1, sa_iterations = 1000, initial_temperature = 3.0, cooling_rate = 0.999
26 - INFO - chord#: 85 done. best_score=27.0, changed=521, unchanged=423, early_stops=8/8
26 - INFO - chord#: 86 In build_straw_man_chord_sa. tolerance = 1, sa_iterations = 1000, initial_temperature = 3.0, cooling_rate = 0.999
26 - INFO - chord#: 85 done. best_score=27.0, changed=529, unchanged=504, early_stops=8/8
26 - INFO - chord#: 86 In build_straw_man_chord_sa. tolerance = 1, sa_iterations = 1000, initial_temperature = 3.0, cooling_rate = 0.999
26 - INFO - chord#: 92 done. best_score=27.0, changed=530, unchanged=401, early_stops=8/8
26 - INFO - chord#: 96 In build_straw_man_chord_sa. tolerance = 1, sa_iterations = 1000, initial_temperature = 3.0, cooling_rate = 0.999
26 - INFO - chord#: 90 done. best_score=27.0, changed=531, unchanged=519, early_stops=8/8
26 - INFO - chord#: 91 In build_straw_man_chord_sa. tolerance = 1, sa_iterations = 1000, initial_temperature = 3.0, cooling_rate = 0.999
26 - INFO - chord#: 86 done. best_score=27.0, changed=523, unchanged=531, early_stops=8/8
26 - INFO - chord#: 87 In build_straw_man_chord_sa. tolerance = 1, sa_iterations = 1000, initial_temperature = 3.0, cooling_rate = 0.999
26 - INFO - chord#: 84 done. best_score=47.0, changed=518, unchanged=404, early_stops=8/8
26 - INFO - chord#: 85 In build_straw_man_chord_sa. tolerance = 1, sa_iterations = 1000, initial_temperature = 3.0, cooling_rate = 0.999
26 - INFO - chord#: 92 done. best_score=27.0, changed=521, unchanged=428, early_stops=8/8
26 - INFO - chord#: 96 In build_straw_man_chord_sa. tolerance = 1, sa_iterations = 1000, initial_temperature = 3.0, cooling_rate = 0.999
26 - INFO - chord#: 85 done. best_score=27.0, changed=519, unchanged=448, early_stops=8/8
26 - INFO - chord#: 86 In build_straw_man_chord_sa. tolerance = 1, sa_iterations = 1000, initial_temperature = 3.0, cooling_rate = 0.999
26 - INFO - chord#: 86 done. best_score=27.0, changed=520, unchanged=448, early_stops=8/8
26 - INFO - chord#: 87 In build_straw_man_chord_sa. tolerance = 1, sa_iterations = 1000, initial_temperature = 3.0, cooling_rate = 0.999
26 - INFO - chord#: 100 done. best_score=27.0, changed=534, unchanged=518, early_stops=8/8
26 - INFO - chord#: 102 In build_straw_man_chord_sa. tolerance = 1, sa_iterations = 1000, initial_temperature = 3.0, cooling_rate = 0.999
26 - INFO - chord#: 86 done. best_score=27.0, changed=524, unchanged=540, early_stops=8/8
26 - INFO - chord#: 87 In build_straw_man_chord_sa. tolerance = 1, sa_iterations = 1000, initial_temperature = 3.0, cooling_rate = 0.999
26 - INFO - chord#: 86 done. best_score=27.0, changed=513, unchanged=419, early_stops=8/8
26 - INFO - chord#: 87 In build_straw_man_chord_sa. tolerance = 1, sa_iterations = 1000, initial_temperature = 3.0, cooling_rate = 0.999
26 - INFO - chord#: 96 done. best_score=27.0, changed=515, unchanged=391, early_stops=8/8
26 - INFO - chord#: 100 In build_straw_man_chord_sa. tolerance = 1, sa_iterations = 1000, initial_temperature = 3.0, cooling_rate = 0.999
26 - INFO - chord#: 91 done. best_score=96.0, changed=611, unchanged=235, early_stops=8/8
26 - INFO - chord#: 92 In build_straw_man_chord_sa. tolerance = 1, sa_iterations = 1000, initial_temperature = 3.0, cooling_rate = 0.999
26 - INFO - chord#: 85 done. best_score=27.0, changed=517, unchanged=405, early_stops=8/8
26 - INFO - chord#: 86 In build_straw_man_chord_sa. tolerance = 1, sa_iterations = 1000, initial_temperature = 3.0, cooling_rate = 0.999
26 - INFO - chord#: 96 done. best_score=27.0, changed=511, unchanged=399, early_stops=8/8
26 - INFO - chord#: 100 In build_straw_man_chord_sa. tolerance = 1, sa_iterations = 1000, initial_temperature = 3.0, cooling_rate = 0.999
26 - INFO - chord#: 91 done. best_score=96.0, changed=611, unchanged=245, early_stops=8/8
26 - INFO - chord#: 92 In build_straw_man_chord_sa. tolerance = 1, sa_iterations = 1000, initial_temperature = 3.0, cooling_rate = 0.999
26 - INFO - chord#: 100 done. best_score=27.0, changed=520, unchanged=393, early_stops=8/8
26 - INFO - chord#: 102 In build_straw_man_chord_sa. tolerance = 1, sa_iterations = 1000, initial_temperature = 3.0, cooling_rate = 0.999
26 - INFO - chord#: 86 done. best_score=27.0, changed=521, unchanged=458, early_stops=8/8
26 - INFO - chord#: 87 In build_straw_man_chord_sa. tolerance = 1, sa_iterations = 1000, initial_temperature = 3.0, cooling_rate = 0.999
26 - INFO - chord#: 92 done. best_score=27.0, changed=524, unchanged=417, early_stops=8/8
26 - INFO - chord#: 96 In build_straw_man_chord_sa. tolerance = 1, sa_iterations = 1000, initial_temperature = 3.0, cooling_rate = 0.999
26 - INFO - chord#: 86 done. best_score=27.0, changed=521, unchanged=491, early_stops=8/8
26 - INFO - chord#: 87 In build_straw_man_chord_sa. tolerance = 1, sa_iterations = 1000, initial_temperature = 3.0, cooling_rate = 0.999
26 - INFO - chord#: 80 done. best_score=78.0, changed=616, unchanged=413, early_stops=8/8
26 - INFO - chord#: 82 In build_straw_man_chord_sa. tolerance = 1, sa_iterations = 1000, initial_temperature = 3.0, cooling_rate = 0.999
26 - INFO - chord#: 100 done. best_score=27.0, changed=518, unchanged=348, early_stops=8/8
26 - INFO - chord#: 102 In build_straw_man_chord_sa. tolerance = 1, sa_iterations = 1000, initial_temperature = 3.0, cooling_rate = 0.999
26 - INFO - chord#: 87 done. best_score=82.0, changed=610, unchanged=272, early_stops=8/8
26 - INFO - chord#: 88 In build_straw_man_chord_sa. tolerance = 1, sa_iterations = 1000, initial_temperature = 3.0, cooling_rate = 0.999
26 - INFO - chord#: 92 done. best_score=27.0, changed=528, unchanged=453, early_stops=8/8
26 - INFO - chord#: 96 In build_straw_man_chord_sa. tolerance = 1, sa_iterations = 1000, initial_temperature = 3.0, cooling_rate = 0.999
26 - INFO - chord#: 102 done. best_score=162.0, changed=618, unchanged=309, early_stops=8/8
26 - INFO - chord#: 104 In build_straw_man_chord_sa. tolerance = 1, sa_iterations = 1000, initial_temperature = 3.0, cooling_rate = 0.999
26 - INFO - chord#: 96 done. best_score=27.0, changed=525, unchanged=377, early_stops=8/8
26 - INFO - chord#: 100 In build_straw_man_chord_sa. tolerance = 1, sa_iterations = 1000, initial_temperature = 3.0, cooling_rate = 0.999
26 - INFO - chord#: 87 done. best_score=82.0, changed=613, unchanged=361, early_stops=8/8
26 - INFO - chord#: 88 In build_straw_man_chord_sa. tolerance = 1, sa_iterations = 1000, initial_temperature = 3.0, cooling_rate = 0.999
26 - INFO - chord#: 87 done. best_score=82.0, changed=611, unchanged=350, early_stops=8/8
26 - INFO - chord#: 88 In build_straw_man_chord_sa. tolerance = 1, sa_iterations = 1000, initial_temperature = 3.0, cooling_rate = 0.999
26 - INFO - chord#: 87 done. best_score=82.0, changed=612, unchanged=331, early_stops=8/8
26 - INFO - chord#: 88 In build_straw_man_chord_sa. tolerance = 1, sa_iterations = 1000, initial_temperature = 3.0, cooling_rate = 0.999
26 - INFO - chord#: 104 done. best_score=27.0, changed=512, unchanged=332, early_stops=8/8
26 - INFO - chord#: 106 In build_straw_man_chord_sa. tolerance = 1, sa_iterations = 1000, initial_temperature = 3.0, cooling_rate = 0.999
26 - INFO - chord#: 102 done. best_score=74.0, changed=612, unchanged=252, early_stops=8/8
26 - INFO - chord#: 104 In build_straw_man_chord_sa. tolerance = 1, sa_iterations = 1000, initial_temperature = 3.0, cooling_rate = 0.999
26 - INFO - chord#: 96 done. best_score=27.0, changed=521, unchanged=405, early_stops=8/8
26 - INFO - chord#: 100 In build_straw_man_chord_sa. tolerance = 1, sa_iterations = 1000, initial_temperature = 3.0, cooling_rate = 0.999
26 - INFO - chord#: 82 done. best_score=27.0, changed=530, unchanged=550, early_stops=8/8
26 - INFO - chord#: 84 In build_straw_man_chord_sa. tolerance = 1, sa_iterations = 1000, initial_temperature = 3.0, cooling_rate = 0.999
26 - INFO - chord#: 100 done. best_score=27.0, changed=538, unchanged=551, early_stops=8/8
26 - INFO - chord#: 102 In build_straw_man_chord_sa. tolerance = 1, sa_iterations = 1000, initial_temperature = 3.0, cooling_rate = 0.999
26 - INFO - chord#: 87 done. best_score=82.0, changed=613, unchanged=369, early_stops=8/8
26 - INFO - chord#: 88 In build_straw_man_chord_sa. tolerance = 1, sa_iterations = 1000, initial_temperature = 3.0, cooling_rate = 0.999
26 - INFO - chord#: 100 done. best_score=27.0, changed=524, unchanged=403, early_stops=8/8
26 - INFO - chord#: 102 In build_straw_man_chord_sa. tolerance = 1, sa_iterations = 1000, initial_temperature = 3.0, cooling_rate = 0.999
26 - INFO - chord#: 87 done. best_score=120.0, changed=616, unchanged=400, early_stops=8/8
26 - INFO - chord#: 88 In build_straw_man_chord_sa. tolerance = 1, sa_iterations = 1000, initial_temperature = 3.0, cooling_rate = 0.999
26 - INFO - chord#: 104 done. best_score=27.0, changed=523, unchanged=471, early_stops=8/8
26 - INFO - chord#: 106 In build_straw_man_chord_sa. tolerance = 1, sa_iterations = 1000, initial_temperature = 3.0, cooling_rate = 0.999
26 - INFO - chord#: 84 done. best_score=47.0, changed=523, unchanged=419, early_stops=8/8
26 - INFO - chord#: 85 In build_straw_man_chord_sa. tolerance = 1, sa_iterations = 1000, initial_temperature = 3.0, cooling_rate = 0.999
26 - INFO - chord#: 88 done. best_score=78.0, changed=617, unchanged=337, early_stops=8/8
26 - INFO - chord#: 90 In build_straw_man_chord_sa. tolerance = 1, sa_iterations = 1000, initial_temperature = 3.0, cooling_rate = 0.999
26 - INFO - chord#: 102 done. best_score=74.0, changed=613, unchanged=436, early_stops=8/8
26 - INFO - chord#: 104 In build_straw_man_chord_sa. tolerance = 1, sa_iterations = 1000, initial_temperature = 3.0, cooling_rate = 0.999
26 - INFO - chord#: 88 done. best_score=145.0, changed=611, unchanged=218, early_stops=8/8
26 - INFO - chord#: 90 In build_straw_man_chord_sa. tolerance = 1, sa_iterations = 1000, initial_temperature = 3.0, cooling_rate = 0.999
26 - INFO - chord#: 106 done. best_score=64.0, changed=611, unchanged=323, early_stops=8/8
26 - INFO - chord#: 108 In build_straw_man_chord_sa. tolerance = 1, sa_iterations = 1000, initial_temperature = 3.0, cooling_rate = 0.999
26 - INFO - chord#: 85 done. best_score=27.0, changed=523, unchanged=367, early_stops=8/8
26 - INFO - chord#: 86 In build_straw_man_chord_sa. tolerance = 1, sa_iterations = 1000, initial_temperature = 3.0, cooling_rate = 0.999
26 - INFO - chord#: 88 done. best_score=119.0, changed=610, unchanged=311, early_stops=8/8
26 - INFO - chord#: 106 done. best_score=64.0, changed=607, unchanged=214, early_stops=8/8
26 - INFO - chord#: 90 In build_straw_man_chord_sa. tolerance = 1, sa_iterations = 1000, initial_temperature = 3.0, cooling_rate = 0.999
26 - INFO - chord#: 108 In build_straw_man_chord_sa. tolerance = 1, sa_iterations = 1000, initial_temperature = 3.0, cooling_rate = 0.999
26 - INFO - chord#: 88 done. best_score=78.0, changed=611, unchanged=376, early_stops=8/8
26 - INFO - chord#: 90 In build_straw_man_chord_sa. tolerance = 1, sa_iterations = 1000, initial_temperature = 3.0, cooling_rate = 0.999
26 - INFO - chord#: 102 done. best_score=96.0, changed=613, unchanged=416, early_stops=8/8
26 - INFO - chord#: 104 In build_straw_man_chord_sa. tolerance = 1, sa_iterations = 1000, initial_temperature = 3.0, cooling_rate = 0.999
26 - INFO - chord#: 90 done. best_score=27.0, changed=522, unchanged=371, early_stops=8/8
26 - INFO - chord#: 91 In build_straw_man_chord_sa. tolerance = 1, sa_iterations = 1000, initial_temperature = 3.0, cooling_rate = 0.999
26 - INFO - chord#: 102 done. best_score=172.0, changed=616, unchanged=288, early_stops=8/8
26 - INFO - chord#: 104 In build_straw_man_chord_sa. tolerance = 1, sa_iterations = 1000, initial_temperature = 3.0, cooling_rate = 0.999
26 - INFO - chord#: 104 done. best_score=27.0, changed=520, unchanged=341, early_stops=8/8
26 - INFO - chord#: 106 In build_straw_man_chord_sa. tolerance = 1, sa_iterations = 1000, initial_temperature = 3.0, cooling_rate = 0.999
26 - INFO - chord#: 88 done. best_score=67.0, changed=617, unchanged=458, early_stops=8/8
26 - INFO - chord#: 90 In build_straw_man_chord_sa. tolerance = 1, sa_iterations = 1000, initial_temperature = 3.0, cooling_rate = 0.999
26 - INFO - chord#: 108 done. best_score=27.0, changed=521, unchanged=467, early_stops=8/8
26 - INFO - chord#: 110 In build_straw_man_chord_sa. tolerance = 1, sa_iterations = 1000, initial_temperature = 3.0, cooling_rate = 0.999
26 - INFO - chord#: 90 done. best_score=36.0, changed=520, unchanged=380, early_stops=8/8
26 - INFO - chord#: 91 In build_straw_man_chord_sa. tolerance = 1, sa_iterations = 1000, initial_temperature = 3.0, cooling_rate = 0.999
26 - INFO - chord#: 88 done. best_score=67.0, changed=617, unchanged=446, early_stops=8/8
26 - INFO - chord#: 90 In build_straw_man_chord_sa. tolerance = 1, sa_iterations = 1000, initial_temperature = 3.0, cooling_rate = 0.999
26 - INFO - chord#: 104 done. best_score=27.0, changed=516, unchanged=327, early_stops=8/8
26 - INFO - chord#: 106 In build_straw_man_chord_sa. tolerance = 1, sa_iterations = 1000, initial_temperature = 3.0, cooling_rate = 0.999
26 - INFO - chord#: 108 done. best_score=27.0, changed=520, unchanged=429, early_stops=8/8
26 - INFO - chord#: 110 In build_straw_man_chord_sa. tolerance = 1, sa_iterations = 1000, initial_temperature = 3.0, cooling_rate = 0.999
26 - INFO - chord#: 90 done. best_score=27.0, changed=520, unchanged=387, early_stops=8/8
26 - INFO - chord#: 91 In build_straw_man_chord_sa. tolerance = 1, sa_iterations = 1000, initial_temperature = 3.0, cooling_rate = 0.999
26 - INFO - chord#: 104 done. best_score=27.0, changed=529, unchanged=351, early_stops=8/8
26 - INFO - chord#: 106 In build_straw_man_chord_sa. tolerance = 1, sa_iterations = 1000, initial_temperature = 3.0, cooling_rate = 0.999
26 - INFO - chord#: 86 done. best_score=27.0, changed=519, unchanged=407, early_stops=8/8
26 - INFO - chord#: 87 In build_straw_man_chord_sa. tolerance = 1, sa_iterations = 1000, initial_temperature = 3.0, cooling_rate = 0.999
26 - INFO - chord#: 90 done. best_score=27.0, changed=512, unchanged=384, early_stops=8/8
26 - INFO - chord#: 91 In build_straw_man_chord_sa. tolerance = 1, sa_iterations = 1000, initial_temperature = 3.0, cooling_rate = 0.999
26 - INFO - chord#: 110 done. best_score=36.0, changed=526, unchanged=438, early_stops=8/8
26 - INFO - chord#: 112 In build_straw_man_chord_sa. tolerance = 1, sa_iterations = 1000, initial_temperature = 3.0, cooling_rate = 0.999
26 - INFO - chord#: 90 done. best_score=27.0, changed=523, unchanged=502, early_stops=8/8
26 - INFO - chord#: 91 In build_straw_man_chord_sa. tolerance = 1, sa_iterations = 1000, initial_temperature = 3.0, cooling_rate = 0.999
26 - INFO - chord#: 90 done. best_score=27.0, changed=523, unchanged=490, early_stops=8/8
26 - INFO - chord#: 91 In build_straw_man_chord_sa. tolerance = 1, sa_iterations = 1000, initial_temperature = 3.0, cooling_rate = 0.999
26 - INFO - chord#: 110 done. best_score=36.0, changed=517, unchanged=381, early_stops=8/8
26 - INFO - chord#: 112 In build_straw_man_chord_sa. tolerance = 1, sa_iterations = 1000, initial_temperature = 3.0, cooling_rate = 0.999
26 - INFO - chord#: 112 done. best_score=27.0, changed=520, unchanged=363, early_stops=8/8
26 - INFO - chord#: 114 In build_straw_man_chord_sa. tolerance = 1, sa_iterations = 1000, initial_temperature = 3.0, cooling_rate = 0.999
26 - INFO - chord#: 112 done. best_score=27.0, changed=514, unchanged=326, early_stops=8/8
26 - INFO - chord#: 106 done. best_score=64.0, changed=610, unchanged=302, early_stops=8/8
26 - INFO - chord#: 114 In build_straw_man_chord_sa. tolerance = 1, sa_iterations = 1000, initial_temperature = 3.0, cooling_rate = 0.999
26 - INFO - chord#: 108 In build_straw_man_chord_sa. tolerance = 1, sa_iterations = 1000, initial_temperature = 3.0, cooling_rate = 0.999
26 - INFO - chord#: 106 done. best_score=64.0, changed=609, unchanged=259, early_stops=8/8
26 - INFO - chord#: 108 In build_straw_man_chord_sa. tolerance = 1, sa_iterations = 1000, initial_temperature = 3.0, cooling_rate = 0.999
26 - INFO - chord#: 91 done. best_score=78.0, changed=610, unchanged=397, early_stops=8/8
26 - INFO - chord#: 92 In build_straw_man_chord_sa. tolerance = 1, sa_iterations = 1000, initial_temperature = 3.0, cooling_rate = 0.999
26 - INFO - chord#: 91 done. best_score=78.0, changed=610, unchanged=375, early_stops=8/8
26 - INFO - chord#: 92 In build_straw_man_chord_sa. tolerance = 1, sa_iterations = 1000, initial_temperature = 3.0, cooling_rate = 0.999
26 - INFO - chord#: 91 done. best_score=67.0, changed=614, unchanged=347, early_stops=8/8
26 - INFO - chord#: 92 In build_straw_man_chord_sa. tolerance = 1, sa_iterations = 1000, initial_temperature = 3.0, cooling_rate = 0.999
26 - INFO - chord#: 106 done. best_score=64.0, changed=617, unchanged=442, early_stops=8/8
26 - INFO - chord#: 108 In build_straw_man_chord_sa. tolerance = 1, sa_iterations = 1000, initial_temperature = 3.0, cooling_rate = 0.999
26 - INFO - chord#: 108 done. best_score=27.0, changed=511, unchanged=305, early_stops=8/8
26 - INFO - chord#: 110 In build_straw_man_chord_sa. tolerance = 1, sa_iterations = 1000, initial_temperature = 3.0, cooling_rate = 0.999
26 - INFO - chord#: 87 done. best_score=136.0, changed=612, unchanged=300, early_stops=8/8
26 - INFO - chord#: 88 In build_straw_man_chord_sa. tolerance = 1, sa_iterations = 1000, initial_temperature = 3.0, cooling_rate = 0.999
26 - INFO - chord#: 91 done. best_score=67.0, changed=611, unchanged=249, early_stops=8/8
26 - INFO - chord#: 92 In build_straw_man_chord_sa. tolerance = 1, sa_iterations = 1000, initial_temperature = 3.0, cooling_rate = 0.999
26 - INFO - chord#: 108 done. best_score=27.0, changed=520, unchanged=348, early_stops=8/8
26 - INFO - chord#: 110 In build_straw_man_chord_sa. tolerance = 1, sa_iterations = 1000, initial_temperature = 3.0, cooling_rate = 0.999
26 - INFO - chord#: 91 done. best_score=137.0, changed=613, unchanged=347, early_stops=8/8
26 - INFO - chord#: 92 In build_straw_man_chord_sa. tolerance = 1, sa_iterations = 1000, initial_temperature = 3.0, cooling_rate = 0.999
26 - INFO - chord#: 92 done. best_score=27.0, changed=524, unchanged=443, early_stops=8/8
26 - INFO - chord#: 96 In build_straw_man_chord_sa. tolerance = 1, sa_iterations = 1000, initial_temperature = 3.0, cooling_rate = 0.999
26 - INFO - chord#: 91 done. best_score=67.0, changed=612, unchanged=436, early_stops=8/8
26 - INFO - chord#: 92 In build_straw_man_chord_sa. tolerance = 1, sa_iterations = 1000, initial_temperature = 3.0, cooling_rate = 0.999
26 - INFO - chord#: 108 done. best_score=27.0, changed=520, unchanged=383, early_stops=8/8
26 - INFO - chord#: 110 In build_straw_man_chord_sa. tolerance = 1, sa_iterations = 1000, initial_temperature = 3.0, cooling_rate = 0.999
26 - INFO - chord#: 92 done. best_score=27.0, changed=524, unchanged=483, early_stops=8/8
26 - INFO - chord#: 96 In build_straw_man_chord_sa. tolerance = 1, sa_iterations = 1000, initial_temperature = 3.0, cooling_rate = 0.999
26 - INFO - chord#: 92 done. best_score=27.0, changed=525, unchanged=547, early_stops=8/8
26 - INFO - chord#: 96 In build_straw_man_chord_sa. tolerance = 1, sa_iterations = 1000, initial_temperature = 3.0, cooling_rate = 0.999
26 - INFO - chord#: 114 done. best_score=70.0, changed=612, unchanged=397, early_stops=8/8
26 - INFO - chord#: 116 In build_straw_man_chord_sa. tolerance = 1, sa_iterations = 1000, initial_temperature = 3.0, cooling_rate = 0.999
26 - INFO - chord#: 110 done. best_score=36.0, changed=524, unchanged=415, early_stops=8/8
26 - INFO - chord#: 112 In build_straw_man_chord_sa. tolerance = 1, sa_iterations = 1000, initial_temperature = 3.0, cooling_rate = 0.999
26 - INFO - chord#: 92 done. best_score=27.0, changed=518, unchanged=361, early_stops=8/8
26 - INFO - chord#: 96 In build_straw_man_chord_sa. tolerance = 1, sa_iterations = 1000, initial_temperature = 3.0, cooling_rate = 0.999
26 - INFO - chord#: 110 done. best_score=36.0, changed=527, unchanged=348, early_stops=8/8
26 - INFO - chord#: 112 In build_straw_man_chord_sa. tolerance = 1, sa_iterations = 1000, initial_temperature = 3.0, cooling_rate = 0.999
26 - INFO - chord#: 92 done. best_score=27.0, changed=516, unchanged=495, early_stops=8/8
26 - INFO - chord#: 96 In build_straw_man_chord_sa. tolerance = 1, sa_iterations = 1000, initial_temperature = 3.0, cooling_rate = 0.999
26 - INFO - chord#: 114 done. best_score=149.0, changed=613, unchanged=479, early_stops=8/8
26 - INFO - chord#: 116 In build_straw_man_chord_sa. tolerance = 1, sa_iterations = 1000, initial_temperature = 3.0, cooling_rate = 0.999
26 - INFO - chord#: 92 done. best_score=27.0, changed=529, unchanged=404, early_stops=8/8
26 - INFO - chord#: 96 In build_straw_man_chord_sa. tolerance = 1, sa_iterations = 1000, initial_temperature = 3.0, cooling_rate = 0.999
26 - INFO - chord#: 96 done. best_score=27.0, changed=527, unchanged=533, early_stops=8/8
26 - INFO - chord#: 100 In build_straw_man_chord_sa. tolerance = 1, sa_iterations = 1000, initial_temperature = 3.0, cooling_rate = 0.999
26 - INFO - chord#: 110 done. best_score=36.0, changed=519, unchanged=405, early_stops=8/8
26 - INFO - chord#: 112 In build_straw_man_chord_sa. tolerance = 1, sa_iterations = 1000, initial_temperature = 3.0, cooling_rate = 0.999
26 - INFO - chord#: 116 done. best_score=27.0, changed=519, unchanged=511, early_stops=8/8
26 - INFO - chord#: 118 In build_straw_man_chord_sa. tolerance = 1, sa_iterations = 1000, initial_temperature = 3.0, cooling_rate = 0.999
26 - INFO - chord#: 96 done. best_score=27.0, changed=522, unchanged=377, early_stops=8/8
26 - INFO - chord#: 100 In build_straw_man_chord_sa. tolerance = 1, sa_iterations = 1000, initial_temperature = 3.0, cooling_rate = 0.999
26 - INFO - chord#: 112 done. best_score=27.0, changed=519, unchanged=412, early_stops=8/8
26 - INFO - chord#: 114 In build_straw_man_chord_sa. tolerance = 1, sa_iterations = 1000, initial_temperature = 3.0, cooling_rate = 0.999
26 - INFO - chord#: 96 done. best_score=27.0, changed=520, unchanged=496, early_stops=8/8
26 - INFO - chord#: 100 In build_straw_man_chord_sa. tolerance = 1, sa_iterations = 1000, initial_temperature = 3.0, cooling_rate = 0.999
26 - INFO - chord#: 116 done. best_score=27.0, changed=515, unchanged=390, early_stops=8/8
26 - INFO - chord#: 118 In build_straw_man_chord_sa. tolerance = 1, sa_iterations = 1000, initial_temperature = 3.0, cooling_rate = 0.999
26 - INFO - chord#: 100 done. best_score=27.0, changed=519, unchanged=423, early_stops=8/8
26 - INFO - chord#: 102 In build_straw_man_chord_sa. tolerance = 1, sa_iterations = 1000, initial_temperature = 3.0, cooling_rate = 0.999
26 - INFO - chord#: 96 done. best_score=27.0, changed=525, unchanged=533, early_stops=8/8
26 - INFO - chord#: 100 In build_straw_man_chord_sa. tolerance = 1, sa_iterations = 1000, initial_temperature = 3.0, cooling_rate = 0.999
26 - INFO - chord#: 112 done. best_score=27.0, changed=519, unchanged=402, early_stops=8/8
26 - INFO - chord#: 114 In build_straw_man_chord_sa. tolerance = 1, sa_iterations = 1000, initial_temperature = 3.0, cooling_rate = 0.999
26 - INFO - chord#: 96 done. best_score=27.0, changed=524, unchanged=456, early_stops=8/8
26 - INFO - chord#: 100 In build_straw_man_chord_sa. tolerance = 1, sa_iterations = 1000, initial_temperature = 3.0, cooling_rate = 0.999
26 - INFO - chord#: 112 done. best_score=27.0, changed=527, unchanged=438, early_stops=8/8
26 - INFO - chord#: 114 In build_straw_man_chord_sa. tolerance = 1, sa_iterations = 1000, initial_temperature = 3.0, cooling_rate = 0.999
26 - INFO - chord#: 96 done. best_score=27.0, changed=516, unchanged=385, early_stops=8/8
26 - INFO - chord#: 100 In build_straw_man_chord_sa. tolerance = 1, sa_iterations = 1000, initial_temperature = 3.0, cooling_rate = 0.999
26 - INFO - chord#: 118 done. best_score=27.0, changed=526, unchanged=485, early_stops=8/8
26 - INFO - chord#: 120 In build_straw_man_chord_sa. tolerance = 1, sa_iterations = 1000, initial_temperature = 3.0, cooling_rate = 0.999
26 - INFO - chord#: 100 done. best_score=27.0, changed=515, unchanged=315, early_stops=8/8
26 - INFO - chord#: 102 In build_straw_man_chord_sa. tolerance = 1, sa_iterations = 1000, initial_temperature = 3.0, cooling_rate = 0.999
26 - INFO - chord#: 100 done. best_score=27.0, changed=530, unchanged=392, early_stops=8/8
26 - INFO - chord#: 102 In build_straw_man_chord_sa. tolerance = 1, sa_iterations = 1000, initial_temperature = 3.0, cooling_rate = 0.999
26 - INFO - chord#: 88 done. best_score=166.0, changed=610, unchanged=434, early_stops=8/8
26 - INFO - chord#: 90 In build_straw_man_chord_sa. tolerance = 1, sa_iterations = 1000, initial_temperature = 3.0, cooling_rate = 0.999
26 - INFO - chord#: 100 done. best_score=27.0, changed=512, unchanged=400, early_stops=8/8
26 - INFO - chord#: 102 In build_straw_man_chord_sa. tolerance = 1, sa_iterations = 1000, initial_temperature = 3.0, cooling_rate = 0.999
26 - INFO - chord#: 118 done. best_score=27.0, changed=518, unchanged=438, early_stops=8/8
26 - INFO - chord#: 120 In build_straw_man_chord_sa. tolerance = 1, sa_iterations = 1000, initial_temperature = 3.0, cooling_rate = 0.999
26 - INFO - chord#: 100 done. best_score=27.0, changed=524, unchanged=339, early_stops=8/8
26 - INFO - chord#: 102 In build_straw_man_chord_sa. tolerance = 1, sa_iterations = 1000, initial_temperature = 3.0, cooling_rate = 0.999
26 - INFO - chord#: 120 done. best_score=27.0, changed=524, unchanged=410, early_stops=8/8
26 - INFO - chord#: 124 In build_straw_man_chord_sa. tolerance = 1, sa_iterations = 1000, initial_temperature = 3.0, cooling_rate = 0.999
26 - INFO - chord#: 100 done. best_score=27.0, changed=533, unchanged=423, early_stops=8/8
26 - INFO - chord#: 102 In build_straw_man_chord_sa. tolerance = 1, sa_iterations = 1000, initial_temperature = 3.0, cooling_rate = 0.999
26 - INFO - chord#: 114 done. best_score=70.0, changed=611, unchanged=353, early_stops=8/8
26 - INFO - chord#: 116 In build_straw_man_chord_sa. tolerance = 1, sa_iterations = 1000, initial_temperature = 3.0, cooling_rate = 0.999
26 - INFO - chord#: 120 done. best_score=27.0, changed=513, unchanged=373, early_stops=8/8
26 - INFO - chord#: 124 In build_straw_man_chord_sa. tolerance = 1, sa_iterations = 1000, initial_temperature = 3.0, cooling_rate = 0.999
26 - INFO - chord#: 102 done. best_score=74.0, changed=610, unchanged=253, early_stops=8/8
26 - INFO - chord#: 104 In build_straw_man_chord_sa. tolerance = 1, sa_iterations = 1000, initial_temperature = 3.0, cooling_rate = 0.999
26 - INFO - chord#: 90 done. best_score=27.0, changed=519, unchanged=451, early_stops=8/8
26 - INFO - chord#: 91 In build_straw_man_chord_sa. tolerance = 1, sa_iterations = 1000, initial_temperature = 3.0, cooling_rate = 0.999
26 - INFO - chord#: 114 done. best_score=70.0, changed=617, unchanged=373, early_stops=8/8
26 - INFO - chord#: 116 In build_straw_man_chord_sa. tolerance = 1, sa_iterations = 1000, initial_temperature = 3.0, cooling_rate = 0.999
26 - INFO - chord#: 124 done. best_score=27.0, changed=517, unchanged=357, early_stops=8/8
26 - INFO - chord#: 128 In build_straw_man_chord_sa. tolerance = 1, sa_iterations = 1000, initial_temperature = 3.0, cooling_rate = 0.999
26 - INFO - chord#: 116 done. best_score=27.0, changed=515, unchanged=365, early_stops=8/8
26 - INFO - chord#: 118 In build_straw_man_chord_sa. tolerance = 1, sa_iterations = 1000, initial_temperature = 3.0, cooling_rate = 0.999
26 - INFO - chord#: 114 done. best_score=70.0, changed=609, unchanged=295, early_stops=8/8
26 - INFO - chord#: 116 In build_straw_man_chord_sa. tolerance = 1, sa_iterations = 1000, initial_temperature = 3.0, cooling_rate = 0.999
26 - INFO - chord#: 104 done. best_score=27.0, changed=524, unchanged=404, early_stops=8/8
26 - INFO - chord#: 106 In build_straw_man_chord_sa. tolerance = 1, sa_iterations = 1000, initial_temperature = 3.0, cooling_rate = 0.999
26 - INFO - chord#: 102 done. best_score=149.0, changed=612, unchanged=249, early_stops=8/8
26 - INFO - chord#: 104 In build_straw_man_chord_sa. tolerance = 1, sa_iterations = 1000, initial_temperature = 3.0, cooling_rate = 0.999
26 - INFO - chord#: 124 done. best_score=27.0, changed=515, unchanged=485, early_stops=8/8
26 - INFO - chord#: 128 In build_straw_man_chord_sa. tolerance = 1, sa_iterations = 1000, initial_temperature = 3.0, cooling_rate = 0.999
26 - INFO - chord#: 102 done. best_score=96.0, changed=613, unchanged=309, early_stops=8/8
26 - INFO - chord#: 104 In build_straw_man_chord_sa. tolerance = 1, sa_iterations = 1000, initial_temperature = 3.0, cooling_rate = 0.999
26 - INFO - chord#: 116 done. best_score=27.0, changed=518, unchanged=389, early_stops=8/8
26 - INFO - chord#: 118 In build_straw_man_chord_sa. tolerance = 1, sa_iterations = 1000, initial_temperature = 3.0, cooling_rate = 0.999
26 - INFO - chord#: 102 done. best_score=74.0, changed=617, unchanged=349, early_stops=8/8
26 - INFO - chord#: 104 In build_straw_man_chord_sa. tolerance = 1, sa_iterations = 1000, initial_temperature = 3.0, cooling_rate = 0.999
26 - INFO - chord#: 128 done. best_score=27.0, changed=529, unchanged=517, early_stops=8/8
26 - INFO - chord#: 130 In build_straw_man_chord_sa. tolerance = 1, sa_iterations = 1000, initial_temperature = 3.0, cooling_rate = 0.999
26 - INFO - chord#: 118 done. best_score=27.0, changed=526, unchanged=365, early_stops=8/8
26 - INFO - chord#: 120 In build_straw_man_chord_sa. tolerance = 1, sa_iterations = 1000, initial_temperature = 3.0, cooling_rate = 0.999
26 - INFO - chord#: 104 done. best_score=27.0, changed=528, unchanged=445, early_stops=8/8
26 - INFO - chord#: 106 In build_straw_man_chord_sa. tolerance = 1, sa_iterations = 1000, initial_temperature = 3.0, cooling_rate = 0.999
26 - INFO - chord#: 128 done. best_score=27.0, changed=511, unchanged=328, early_stops=8/8
26 - INFO - chord#: 130 In build_straw_man_chord_sa. tolerance = 1, sa_iterations = 1000, initial_temperature = 3.0, cooling_rate = 0.999
26 - INFO - chord#: 116 done. best_score=27.0, changed=528, unchanged=426, early_stops=8/8
26 - INFO - chord#: 118 In build_straw_man_chord_sa. tolerance = 1, sa_iterations = 1000, initial_temperature = 3.0, cooling_rate = 0.999
26 - INFO - chord#: 102 done. best_score=167.0, changed=610, unchanged=264, early_stops=8/8
26 - INFO - chord#: 104 In build_straw_man_chord_sa. tolerance = 1, sa_iterations = 1000, initial_temperature = 3.0, cooling_rate = 0.999
26 - INFO - chord#: 118 done. best_score=27.0, changed=519, unchanged=366, early_stops=8/8
26 - INFO - chord#: 120 In build_straw_man_chord_sa. tolerance = 1, sa_iterations = 1000, initial_temperature = 3.0, cooling_rate = 0.999
26 - INFO - chord#: 104 done. best_score=27.0, changed=524, unchanged=379, early_stops=8/8
26 - INFO - chord#: 106 In build_straw_man_chord_sa. tolerance = 1, sa_iterations = 1000, initial_temperature = 3.0, cooling_rate = 0.999
26 - INFO - chord#: 104 done. best_score=27.0, changed=523, unchanged=372, early_stops=8/8
26 - INFO - chord#: 106 In build_straw_man_chord_sa. tolerance = 1, sa_iterations = 1000, initial_temperature = 3.0, cooling_rate = 0.999
26 - INFO - chord#: 130 done. best_score=36.0, changed=531, unchanged=472, early_stops=8/8
26 - INFO - chord#: 132 In build_straw_man_chord_sa. tolerance = 1, sa_iterations = 1000, initial_temperature = 3.0, cooling_rate = 0.999
26 - INFO - chord#: 120 done. best_score=27.0, changed=516, unchanged=447, early_stops=8/8
26 - INFO - chord#: 124 In build_straw_man_chord_sa. tolerance = 1, sa_iterations = 1000, initial_temperature = 3.0, cooling_rate = 0.999
26 - INFO - chord#: 91 done. best_score=67.0, changed=610, unchanged=248, early_stops=8/8
26 - INFO - chord#: 92 In build_straw_man_chord_sa. tolerance = 1, sa_iterations = 1000, initial_temperature = 3.0, cooling_rate = 0.999
26 - INFO - chord#: 102 done. best_score=74.0, changed=614, unchanged=620, early_stops=8/8
26 - INFO - chord#: 104 In build_straw_man_chord_sa. tolerance = 1, sa_iterations = 1000, initial_temperature = 3.0, cooling_rate = 0.999
26 - INFO - chord#: 106 done. best_score=64.0, changed=611, unchanged=279, early_stops=8/8
26 - INFO - chord#: 108 In build_straw_man_chord_sa. tolerance = 1, sa_iterations = 1000, initial_temperature = 3.0, cooling_rate = 0.999
26 - INFO - chord#: 130 done. best_score=36.0, changed=524, unchanged=463, early_stops=8/8
26 - INFO - chord#: 132 In build_straw_man_chord_sa. tolerance = 1, sa_iterations = 1000, initial_temperature = 3.0, cooling_rate = 0.999
26 - INFO - chord#: 104 done. best_score=27.0, changed=528, unchanged=394, early_stops=8/8
26 - INFO - chord#: 106 In build_straw_man_chord_sa. tolerance = 1, sa_iterations = 1000, initial_temperature = 3.0, cooling_rate = 0.999
26 - INFO - chord#: 120 done. best_score=27.0, changed=525, unchanged=523, early_stops=8/8
26 - INFO - chord#: 124 In build_straw_man_chord_sa. tolerance = 1, sa_iterations = 1000, initial_temperature = 3.0, cooling_rate = 0.999
26 - INFO - chord#: 118 done. best_score=27.0, changed=521, unchanged=532, early_stops=8/8
26 - INFO - chord#: 120 In build_straw_man_chord_sa. tolerance = 1, sa_iterations = 1000, initial_temperature = 3.0, cooling_rate = 0.999
26 - INFO - chord#: 132 done. best_score=27.0, changed=525, unchanged=385, early_stops=8/8
26 - INFO - chord#: 134 In build_straw_man_chord_sa. tolerance = 1, sa_iterations = 1000, initial_temperature = 3.0, cooling_rate = 0.999
26 - INFO - chord#: 124 done. best_score=27.0, changed=518, unchanged=523, early_stops=8/8
26 - INFO - chord#: 128 In build_straw_man_chord_sa. tolerance = 1, sa_iterations = 1000, initial_temperature = 3.0, cooling_rate = 0.999
26 - INFO - chord#: 92 done. best_score=27.0, changed=519, unchanged=351, early_stops=8/8
26 - INFO - chord#: 96 In build_straw_man_chord_sa. tolerance = 1, sa_iterations = 1000, initial_temperature = 3.0, cooling_rate = 0.999
26 - INFO - chord#: 108 done. best_score=27.0, changed=524, unchanged=352, early_stops=8/8
26 - INFO - chord#: 110 In build_straw_man_chord_sa. tolerance = 1, sa_iterations = 1000, initial_temperature = 3.0, cooling_rate = 0.999
26 - INFO - chord#: 132 done. best_score=27.0, changed=516, unchanged=461, early_stops=8/8
26 - INFO - chord#: 134 In build_straw_man_chord_sa. tolerance = 1, sa_iterations = 1000, initial_temperature = 3.0, cooling_rate = 0.999
26 - INFO - chord#: 104 done. best_score=27.0, changed=526, unchanged=550, early_stops=8/8
26 - INFO - chord#: 106 In build_straw_man_chord_sa. tolerance = 1, sa_iterations = 1000, initial_temperature = 3.0, cooling_rate = 0.999
26 - INFO - chord#: 106 done. best_score=64.0, changed=619, unchanged=441, early_stops=8/8
26 - INFO - chord#: 108 In build_straw_man_chord_sa. tolerance = 1, sa_iterations = 1000, initial_temperature = 3.0, cooling_rate = 0.999
26 - INFO - chord#: 124 done. best_score=27.0, changed=520, unchanged=489, early_stops=8/8
26 - INFO - chord#: 128 In build_straw_man_chord_sa. tolerance = 1, sa_iterations = 1000, initial_temperature = 3.0, cooling_rate = 0.999
26 - INFO - chord#: 120 done. best_score=27.0, changed=515, unchanged=384, early_stops=8/8
26 - INFO - chord#: 124 In build_straw_man_chord_sa. tolerance = 1, sa_iterations = 1000, initial_temperature = 3.0, cooling_rate = 0.999
26 - INFO - chord#: 128 done. best_score=27.0, changed=518, unchanged=393, early_stops=8/8
26 - INFO - chord#: 130 In build_straw_man_chord_sa. tolerance = 1, sa_iterations = 1000, initial_temperature = 3.0, cooling_rate = 0.999
26 - INFO - chord#: 106 done. best_score=64.0, changed=612, unchanged=273, early_stops=8/8
26 - INFO - chord#: 108 In build_straw_man_chord_sa. tolerance = 1, sa_iterations = 1000, initial_temperature = 3.0, cooling_rate = 0.999
26 - INFO - chord#: 110 done. best_score=36.0, changed=527, unchanged=381, early_stops=8/8
26 - INFO - chord#: 112 In build_straw_man_chord_sa. tolerance = 1, sa_iterations = 1000, initial_temperature = 3.0, cooling_rate = 0.999
26 - INFO - chord#: 96 done. best_score=27.0, changed=524, unchanged=447, early_stops=8/8
26 - INFO - chord#: 100 In build_straw_man_chord_sa. tolerance = 1, sa_iterations = 1000, initial_temperature = 3.0, cooling_rate = 0.999
26 - INFO - chord#: 108 done. best_score=27.0, changed=515, unchanged=345, early_stops=8/8
26 - INFO - chord#: 110 In build_straw_man_chord_sa. tolerance = 1, sa_iterations = 1000, initial_temperature = 3.0, cooling_rate = 0.999
26 - INFO - chord#: 128 done. best_score=27.0, changed=521, unchanged=401, early_stops=8/8
26 - INFO - chord#: 130 In build_straw_man_chord_sa. tolerance = 1, sa_iterations = 1000, initial_temperature = 3.0, cooling_rate = 0.999
26 - INFO - chord#: 106 done. best_score=146.0, changed=619, unchanged=372, early_stops=8/8
26 - INFO - chord#: 108 In build_straw_man_chord_sa. tolerance = 1, sa_iterations = 1000, initial_temperature = 3.0, cooling_rate = 0.999
26 - INFO - chord#: 134 done. best_score=103.0, changed=608, unchanged=262, early_stops=8/8
26 - INFO - chord#: 136 In build_straw_man_chord_sa. tolerance = 1, sa_iterations = 1000, initial_temperature = 3.0, cooling_rate = 0.999
26 - INFO - chord#: 130 done. best_score=36.0, changed=529, unchanged=403, early_stops=8/8
26 - INFO - chord#: 132 In build_straw_man_chord_sa. tolerance = 1, sa_iterations = 1000, initial_temperature = 3.0, cooling_rate = 0.999
26 - INFO - chord#: 112 done. best_score=27.0, changed=519, unchanged=433, early_stops=8/8
26 - INFO - chord#: 114 In build_straw_man_chord_sa. tolerance = 1, sa_iterations = 1000, initial_temperature = 3.0, cooling_rate = 0.999
26 - INFO - chord#: 124 done. best_score=27.0, changed=521, unchanged=474, early_stops=8/8
26 - INFO - chord#: 128 In build_straw_man_chord_sa. tolerance = 1, sa_iterations = 1000, initial_temperature = 3.0, cooling_rate = 0.999
26 - INFO - chord#: 100 done. best_score=27.0, changed=519, unchanged=371, early_stops=8/8
26 - INFO - chord#: 102 In build_straw_man_chord_sa. tolerance = 1, sa_iterations = 1000, initial_temperature = 3.0, cooling_rate = 0.999
26 - INFO - chord#: 108 done. best_score=27.0, changed=527, unchanged=483, early_stops=8/8
26 - INFO - chord#: 110 In build_straw_man_chord_sa. tolerance = 1, sa_iterations = 1000, initial_temperature = 3.0, cooling_rate = 0.999
26 - INFO - chord#: 130 done. best_score=36.0, changed=518, unchanged=324, early_stops=8/8
26 - INFO - chord#: 132 In build_straw_man_chord_sa. tolerance = 1, sa_iterations = 1000, initial_temperature = 3.0, cooling_rate = 0.999
26 - INFO - chord#: 110 done. best_score=36.0, changed=524, unchanged=408, early_stops=8/8
26 - INFO - chord#: 112 In build_straw_man_chord_sa. tolerance = 1, sa_iterations = 1000, initial_temperature = 3.0, cooling_rate = 0.999
26 - INFO - chord#: 134 done. best_score=75.0, changed=614, unchanged=372, early_stops=8/8
26 - INFO - chord#: 136 In build_straw_man_chord_sa. tolerance = 1, sa_iterations = 1000, initial_temperature = 3.0, cooling_rate = 0.999
26 - INFO - chord#: 106 done. best_score=64.0, changed=617, unchanged=463, early_stops=8/8
26 - INFO - chord#: 108 In build_straw_man_chord_sa. tolerance = 1, sa_iterations = 1000, initial_temperature = 3.0, cooling_rate = 0.999
26 - INFO - chord#: 136 done. best_score=27.0, changed=523, unchanged=426, early_stops=8/8
26 - INFO - chord#: 138 In build_straw_man_chord_sa. tolerance = 1, sa_iterations = 1000, initial_temperature = 3.0, cooling_rate = 0.999
26 - INFO - chord#: 132 done. best_score=27.0, changed=519, unchanged=393, early_stops=8/8
26 - INFO - chord#: 134 In build_straw_man_chord_sa. tolerance = 1, sa_iterations = 1000, initial_temperature = 3.0, cooling_rate = 0.999
26 - INFO - chord#: 108 done. best_score=27.0, changed=528, unchanged=484, early_stops=8/8
26 - INFO - chord#: 110 In build_straw_man_chord_sa. tolerance = 1, sa_iterations = 1000, initial_temperature = 3.0, cooling_rate = 0.999
26 - INFO - chord#: 106 done. best_score=64.0, changed=617, unchanged=374, early_stops=8/8
26 - INFO - chord#: 108 In build_straw_man_chord_sa. tolerance = 1, sa_iterations = 1000, initial_temperature = 3.0, cooling_rate = 0.999
26 - INFO - chord#: 112 done. best_score=27.0, changed=520, unchanged=370, early_stops=8/8
26 - INFO - chord#: 114 In build_straw_man_chord_sa. tolerance = 1, sa_iterations = 1000, initial_temperature = 3.0, cooling_rate = 0.999
26 - INFO - chord#: 128 done. best_score=27.0, changed=530, unchanged=523, early_stops=8/8
26 - INFO - chord#: 130 In build_straw_man_chord_sa. tolerance = 1, sa_iterations = 1000, initial_temperature = 3.0, cooling_rate = 0.999
26 - INFO - chord#: 136 done. best_score=27.0, changed=526, unchanged=324, early_stops=8/8
26 - INFO - chord#: 138 In build_straw_man_chord_sa. tolerance = 1, sa_iterations = 1000, initial_temperature = 3.0, cooling_rate = 0.999
26 - INFO - chord#: 132 done. best_score=27.0, changed=528, unchanged=476, early_stops=8/8
26 - INFO - chord#: 134 In build_straw_man_chord_sa. tolerance = 1, sa_iterations = 1000, initial_temperature = 3.0, cooling_rate = 0.999
26 - INFO - chord#: 110 done. best_score=36.0, changed=517, unchanged=406, early_stops=8/8
26 - INFO - chord#: 112 In build_straw_man_chord_sa. tolerance = 1, sa_iterations = 1000, initial_temperature = 3.0, cooling_rate = 0.999
26 - INFO - chord#: 114 done. best_score=70.0, changed=608, unchanged=216, early_stops=8/8
26 - INFO - chord#: 116 In build_straw_man_chord_sa. tolerance = 1, sa_iterations = 1000, initial_temperature = 3.0, cooling_rate = 0.999
26 - INFO - chord#: 108 done. best_score=27.0, changed=520, unchanged=395, early_stops=8/8
26 - INFO - chord#: 110 In build_straw_man_chord_sa. tolerance = 1, sa_iterations = 1000, initial_temperature = 3.0, cooling_rate = 0.999
26 - INFO - chord#: 110 done. best_score=36.0, changed=530, unchanged=521, early_stops=8/8
26 - INFO - chord#: 112 In build_straw_man_chord_sa. tolerance = 1, sa_iterations = 1000, initial_temperature = 3.0, cooling_rate = 0.999
26 - INFO - chord#: 108 done. best_score=27.0, changed=512, unchanged=339, early_stops=8/8
26 - INFO - chord#: 110 In build_straw_man_chord_sa. tolerance = 1, sa_iterations = 1000, initial_temperature = 3.0, cooling_rate = 0.999
26 - INFO - chord#: 130 done. best_score=36.0, changed=526, unchanged=425, early_stops=8/8
26 - INFO - chord#: 132 In build_straw_man_chord_sa. tolerance = 1, sa_iterations = 1000, initial_temperature = 3.0, cooling_rate = 0.999
26 - INFO - chord#: 116 done. best_score=27.0, changed=513, unchanged=348, early_stops=8/8
26 - INFO - chord#: 118 In build_straw_man_chord_sa. tolerance = 1, sa_iterations = 1000, initial_temperature = 3.0, cooling_rate = 0.999
26 - INFO - chord#: 138 done. best_score=67.0, changed=613, unchanged=343, early_stops=8/8
26 - INFO - chord#: 140 In build_straw_man_chord_sa. tolerance = 1, sa_iterations = 1000, initial_temperature = 3.0, cooling_rate = 0.999
26 - INFO - chord#: 110 done. best_score=36.0, changed=518, unchanged=402, early_stops=8/8
26 - INFO - chord#: 112 In build_straw_man_chord_sa. tolerance = 1, sa_iterations = 1000, initial_temperature = 3.0, cooling_rate = 0.999
26 - INFO - chord#: 112 done. best_score=27.0, changed=526, unchanged=545, early_stops=8/8
26 - INFO - chord#: 114 In build_straw_man_chord_sa. tolerance = 1, sa_iterations = 1000, initial_temperature = 3.0, cooling_rate = 0.999
26 - INFO - chord#: 102 done. best_score=162.0, changed=610, unchanged=318, early_stops=8/8
26 - INFO - chord#: 104 In build_straw_man_chord_sa. tolerance = 1, sa_iterations = 1000, initial_temperature = 3.0, cooling_rate = 0.999
26 - INFO - chord#: 134 done. best_score=70.0, changed=606, unchanged=254, early_stops=8/8
26 - INFO - chord#: 136 In build_straw_man_chord_sa. tolerance = 1, sa_iterations = 1000, initial_temperature = 3.0, cooling_rate = 0.999
26 - INFO - chord#: 112 done. best_score=27.0, changed=516, unchanged=351, early_stops=8/8
26 - INFO - chord#: 114 In build_straw_man_chord_sa. tolerance = 1, sa_iterations = 1000, initial_temperature = 3.0, cooling_rate = 0.999
26 - INFO - chord#: 138 done. best_score=67.0, changed=610, unchanged=371, early_stops=8/8
26 - INFO - chord#: 140 In build_straw_man_chord_sa. tolerance = 1, sa_iterations = 1000, initial_temperature = 3.0, cooling_rate = 0.999
26 - INFO - chord#: 114 done. best_score=70.0, changed=613, unchanged=388, early_stops=8/8
26 - INFO - chord#: 116 In build_straw_man_chord_sa. tolerance = 1, sa_iterations = 1000, initial_temperature = 3.0, cooling_rate = 0.999
26 - INFO - chord#: 118 done. best_score=27.0, changed=518, unchanged=465, early_stops=8/8
26 - INFO - chord#: 120 In build_straw_man_chord_sa. tolerance = 1, sa_iterations = 1000, initial_temperature = 3.0, cooling_rate = 0.999
26 - INFO - chord#: 140 done. best_score=27.0, changed=523, unchanged=455, early_stops=8/8
26 - INFO - chord#: 142 In build_straw_man_chord_sa. tolerance = 1, sa_iterations = 1000, initial_temperature = 3.0, cooling_rate = 0.999
26 - INFO - chord#: 110 done. best_score=36.0, changed=518, unchanged=398, early_stops=8/8
26 - INFO - chord#: 112 In build_straw_man_chord_sa. tolerance = 1, sa_iterations = 1000, initial_temperature = 3.0, cooling_rate = 0.999
26 - INFO - chord#: 134 done. best_score=70.0, changed=620, unchanged=610, early_stops=8/8
26 - INFO - chord#: 136 In build_straw_man_chord_sa. tolerance = 1, sa_iterations = 1000, initial_temperature = 3.0, cooling_rate = 0.999
26 - INFO - chord#: 132 done. best_score=27.0, changed=518, unchanged=455, early_stops=8/8
26 - INFO - chord#: 134 In build_straw_man_chord_sa. tolerance = 1, sa_iterations = 1000, initial_temperature = 3.0, cooling_rate = 0.999
26 - INFO - chord#: 104 done. best_score=61.0, changed=527, unchanged=322, early_stops=8/8
26 - INFO - chord#: 106 In build_straw_man_chord_sa. tolerance = 1, sa_iterations = 1000, initial_temperature = 3.0, cooling_rate = 0.999
26 - INFO - chord#: 136 done. best_score=27.0, changed=512, unchanged=318, early_stops=8/8
26 - INFO - chord#: 138 In build_straw_man_chord_sa. tolerance = 1, sa_iterations = 1000, initial_temperature = 3.0, cooling_rate = 0.999
26 - INFO - chord#: 112 done. best_score=27.0, changed=519, unchanged=419, early_stops=8/8
26 - INFO - chord#: 114 In build_straw_man_chord_sa. tolerance = 1, sa_iterations = 1000, initial_temperature = 3.0, cooling_rate = 0.999
26 - INFO - chord#: 120 done. best_score=27.0, changed=512, unchanged=379, early_stops=8/8
26 - INFO - chord#: 124 In build_straw_man_chord_sa. tolerance = 1, sa_iterations = 1000, initial_temperature = 3.0, cooling_rate = 0.999
26 - INFO - chord#: 140 done. best_score=27.0, changed=521, unchanged=463, early_stops=8/8
26 - INFO - chord#: 142 In build_straw_man_chord_sa. tolerance = 1, sa_iterations = 1000, initial_temperature = 3.0, cooling_rate = 0.999
26 - INFO - chord#: 116 done. best_score=27.0, changed=525, unchanged=444, early_stops=8/8
26 - INFO - chord#: 118 In build_straw_man_chord_sa. tolerance = 1, sa_iterations = 1000, initial_temperature = 3.0, cooling_rate = 0.999
26 - INFO - chord#: 136 done. best_score=27.0, changed=532, unchanged=359, early_stops=8/8
26 - INFO - chord#: 138 In build_straw_man_chord_sa. tolerance = 1, sa_iterations = 1000, initial_temperature = 3.0, cooling_rate = 0.999
26 - INFO - chord#: 112 done. best_score=27.0, changed=519, unchanged=478, early_stops=8/8
26 - INFO - chord#: 114 In build_straw_man_chord_sa. tolerance = 1, sa_iterations = 1000, initial_temperature = 3.0, cooling_rate = 0.999
26 - INFO - chord#: 114 done. best_score=70.0, changed=608, unchanged=261, early_stops=8/8
26 - INFO - chord#: 116 In build_straw_man_chord_sa. tolerance = 1, sa_iterations = 1000, initial_temperature = 3.0, cooling_rate = 0.999
26 - INFO - chord#: 124 done. best_score=27.0, changed=520, unchanged=466, early_stops=8/8
26 - INFO - chord#: 128 In build_straw_man_chord_sa. tolerance = 1, sa_iterations = 1000, initial_temperature = 3.0, cooling_rate = 0.999
26 - INFO - chord#: 118 done. best_score=27.0, changed=513, unchanged=430, early_stops=8/8
26 - INFO - chord#: 120 In build_straw_man_chord_sa. tolerance = 1, sa_iterations = 1000, initial_temperature = 3.0, cooling_rate = 0.999
26 - INFO - chord#: 142 done. best_score=64.0, changed=611, unchanged=420, early_stops=8/8
26 - INFO - chord#: 144 In build_straw_man_chord_sa. tolerance = 1, sa_iterations = 1000, initial_temperature = 3.0, cooling_rate = 0.999
26 - INFO - chord#: 114 done. best_score=70.0, changed=615, unchanged=346, early_stops=8/8
26 - INFO - chord#: 116 In build_straw_man_chord_sa. tolerance = 1, sa_iterations = 1000, initial_temperature = 3.0, cooling_rate = 0.999
26 - INFO - chord#: 138 done. best_score=67.0, changed=609, unchanged=280, early_stops=8/8
26 - INFO - chord#: 140 In build_straw_man_chord_sa. tolerance = 1, sa_iterations = 1000, initial_temperature = 3.0, cooling_rate = 0.999
26 - INFO - chord#: 128 done. best_score=27.0, changed=515, unchanged=337, early_stops=8/8
26 - INFO - chord#: 130 In build_straw_man_chord_sa. tolerance = 1, sa_iterations = 1000, initial_temperature = 3.0, cooling_rate = 0.999
26 - INFO - chord#: 120 done. best_score=27.0, changed=519, unchanged=449, early_stops=8/8
26 - INFO - chord#: 124 In build_straw_man_chord_sa. tolerance = 1, sa_iterations = 1000, initial_temperature = 3.0, cooling_rate = 0.999
26 - INFO - chord#: 114 done. best_score=145.0, changed=608, unchanged=222, early_stops=8/8
26 - INFO - chord#: 116 In build_straw_man_chord_sa. tolerance = 1, sa_iterations = 1000, initial_temperature = 3.0, cooling_rate = 0.999
26 - INFO - chord#: 138 done. best_score=67.0, changed=606, unchanged=287, early_stops=8/8
26 - INFO - chord#: 140 In build_straw_man_chord_sa. tolerance = 1, sa_iterations = 1000, initial_temperature = 3.0, cooling_rate = 0.999
26 - INFO - chord#: 106 done. best_score=64.0, changed=618, unchanged=332, early_stops=8/8
26 - INFO - chord#: 108 In build_straw_man_chord_sa. tolerance = 1, sa_iterations = 1000, initial_temperature = 3.0, cooling_rate = 0.999
26 - INFO - chord#: 116 done. best_score=27.0, changed=518, unchanged=412, early_stops=8/8
26 - INFO - chord#: 118 In build_straw_man_chord_sa. tolerance = 1, sa_iterations = 1000, initial_temperature = 3.0, cooling_rate = 0.999
26 - INFO - chord#: 142 done. best_score=64.0, changed=611, unchanged=479, early_stops=8/8
26 - INFO - chord#: 144 In build_straw_man_chord_sa. tolerance = 1, sa_iterations = 1000, initial_temperature = 3.0, cooling_rate = 0.999
26 - INFO - chord#: 134 done. best_score=103.0, changed=621, unchanged=320, early_stops=8/8
26 - INFO - chord#: 136 In build_straw_man_chord_sa. tolerance = 1, sa_iterations = 1000, initial_temperature = 3.0, cooling_rate = 0.999
26 - INFO - chord#: 140 done. best_score=27.0, changed=525, unchanged=419, early_stops=8/8
26 - INFO - chord#: 142 In build_straw_man_chord_sa. tolerance = 1, sa_iterations = 1000, initial_temperature = 3.0, cooling_rate = 0.999
26 - INFO - chord#: 114 done. best_score=104.0, changed=606, unchanged=211, early_stops=8/8
26 - INFO - chord#: 116 In build_straw_man_chord_sa. tolerance = 1, sa_iterations = 1000, initial_temperature = 3.0, cooling_rate = 0.999
26 - INFO - chord#: 116 done. best_score=27.0, changed=520, unchanged=387, early_stops=8/8
26 - INFO - chord#: 118 In build_straw_man_chord_sa. tolerance = 1, sa_iterations = 1000, initial_temperature = 3.0, cooling_rate = 0.999
26 - INFO - chord#: 130 done. best_score=36.0, changed=521, unchanged=423, early_stops=8/8
26 - INFO - chord#: 132 In build_straw_man_chord_sa. tolerance = 1, sa_iterations = 1000, initial_temperature = 3.0, cooling_rate = 0.999
26 - INFO - chord#: 140 done. best_score=27.0, changed=519, unchanged=512, early_stops=8/8
26 - INFO - chord#: 142 In build_straw_man_chord_sa. tolerance = 1, sa_iterations = 1000, initial_temperature = 3.0, cooling_rate = 0.999
26 - INFO - chord#: 124 done. best_score=27.0, changed=534, unchanged=734, early_stops=8/8
26 - INFO - chord#: 128 In build_straw_man_chord_sa. tolerance = 1, sa_iterations = 1000, initial_temperature = 3.0, cooling_rate = 0.999
26 - INFO - chord#: 116 done. best_score=27.0, changed=536, unchanged=459, early_stops=8/8
26 - INFO - chord#: 118 In build_straw_man_chord_sa. tolerance = 1, sa_iterations = 1000, initial_temperature = 3.0, cooling_rate = 0.999
26 - INFO - chord#: 144 done. best_score=64.0, changed=617, unchanged=311, early_stops=8/8
26 - INFO - chord#: 146 In build_straw_man_chord_sa. tolerance = 1, sa_iterations = 1000, initial_temperature = 3.0, cooling_rate = 0.999
26 - INFO - chord#: 136 done. best_score=27.0, changed=517, unchanged=405, early_stops=8/8
26 - INFO - chord#: 138 In build_straw_man_chord_sa. tolerance = 1, sa_iterations = 1000, initial_temperature = 3.0, cooling_rate = 0.999
26 - INFO - chord#: 118 done. best_score=27.0, changed=524, unchanged=384, early_stops=8/8
26 - INFO - chord#: 120 In build_straw_man_chord_sa. tolerance = 1, sa_iterations = 1000, initial_temperature = 3.0, cooling_rate = 0.999
26 - INFO - chord#: 108 done. best_score=27.0, changed=522, unchanged=569, early_stops=8/8
26 - INFO - chord#: 110 In build_straw_man_chord_sa. tolerance = 1, sa_iterations = 1000, initial_temperature = 3.0, cooling_rate = 0.999
26 - INFO - chord#: 116 done. best_score=27.0, changed=521, unchanged=306, early_stops=8/8
26 - INFO - chord#: 118 In build_straw_man_chord_sa. tolerance = 1, sa_iterations = 1000, initial_temperature = 3.0, cooling_rate = 0.999
26 - INFO - chord#: 132 done. best_score=27.0, changed=521, unchanged=422, early_stops=8/8
26 - INFO - chord#: 134 In build_straw_man_chord_sa. tolerance = 1, sa_iterations = 1000, initial_temperature = 3.0, cooling_rate = 0.999
26 - INFO - chord#: 144 done. best_score=157.0, changed=611, unchanged=233, early_stops=8/8
26 - INFO - chord#: 146 In build_straw_man_chord_sa. tolerance = 1, sa_iterations = 1000, initial_temperature = 3.0, cooling_rate = 0.999
26 - INFO - chord#: 118 done. best_score=27.0, changed=523, unchanged=451, early_stops=8/8
26 - INFO - chord#: 120 In build_straw_man_chord_sa. tolerance = 1, sa_iterations = 1000, initial_temperature = 3.0, cooling_rate = 0.999
26 - INFO - chord#: 146 done. best_score=27.0, changed=524, unchanged=447, early_stops=8/8
26 - INFO - chord#: 147 In build_straw_man_chord_sa. tolerance = 1, sa_iterations = 1000, initial_temperature = 3.0, cooling_rate = 0.999
26 - INFO - chord#: 128 done. best_score=27.0, changed=523, unchanged=462, early_stops=8/8
26 - INFO - chord#: 130 In build_straw_man_chord_sa. tolerance = 1, sa_iterations = 1000, initial_temperature = 3.0, cooling_rate = 0.999
26 - INFO - chord#: 118 done. best_score=27.0, changed=517, unchanged=345, early_stops=8/8
26 - INFO - chord#: 120 In build_straw_man_chord_sa. tolerance = 1, sa_iterations = 1000, initial_temperature = 3.0, cooling_rate = 0.999
26 - INFO - chord#: 142 done. best_score=146.0, changed=613, unchanged=248, early_stops=8/8
26 - INFO - chord#: 144 In build_straw_man_chord_sa. tolerance = 1, sa_iterations = 1000, initial_temperature = 3.0, cooling_rate = 0.999
26 - INFO - chord#: 120 done. best_score=27.0, changed=522, unchanged=426, early_stops=8/8
26 - INFO - chord#: 124 In build_straw_man_chord_sa. tolerance = 1, sa_iterations = 1000, initial_temperature = 3.0, cooling_rate = 0.999
26 - INFO - chord#: 118 done. best_score=27.0, changed=517, unchanged=419, early_stops=8/8
26 - INFO - chord#: 120 In build_straw_man_chord_sa. tolerance = 1, sa_iterations = 1000, initial_temperature = 3.0, cooling_rate = 0.999
26 - INFO - chord#: 110 done. best_score=36.0, changed=521, unchanged=460, early_stops=8/8
26 - INFO - chord#: 112 In build_straw_man_chord_sa. tolerance = 1, sa_iterations = 1000, initial_temperature = 3.0, cooling_rate = 0.999
26 - INFO - chord#: 142 done. best_score=64.0, changed=611, unchanged=320, early_stops=8/8
26 - INFO - chord#: 144 In build_straw_man_chord_sa. tolerance = 1, sa_iterations = 1000, initial_temperature = 3.0, cooling_rate = 0.999
26 - INFO - chord#: 146 done. best_score=27.0, changed=533, unchanged=596, early_stops=8/8
26 - INFO - chord#: 147 In build_straw_man_chord_sa. tolerance = 1, sa_iterations = 1000, initial_temperature = 3.0, cooling_rate = 0.999
26 - INFO - chord#: 147 done. best_score=36.0, changed=522, unchanged=374, early_stops=8/8
26 - INFO - chord#: 148 In build_straw_man_chord_sa. tolerance = 1, sa_iterations = 1000, initial_temperature = 3.0, cooling_rate = 0.999
26 - INFO - chord#: 130 done. best_score=36.0, changed=523, unchanged=355, early_stops=8/8
26 - INFO - chord#: 132 In build_straw_man_chord_sa. tolerance = 1, sa_iterations = 1000, initial_temperature = 3.0, cooling_rate = 0.999
26 - INFO - chord#: 120 done. best_score=27.0, changed=513, unchanged=371, early_stops=8/8
26 - INFO - chord#: 124 In build_straw_man_chord_sa. tolerance = 1, sa_iterations = 1000, initial_temperature = 3.0, cooling_rate = 0.999
26 - INFO - chord#: 120 done. best_score=27.0, changed=522, unchanged=458, early_stops=8/8
26 - INFO - chord#: 124 In build_straw_man_chord_sa. tolerance = 1, sa_iterations = 1000, initial_temperature = 3.0, cooling_rate = 0.999
26 - INFO - chord#: 138 done. best_score=67.0, changed=612, unchanged=249, early_stops=8/8
26 - INFO - chord#: 140 In build_straw_man_chord_sa. tolerance = 1, sa_iterations = 1000, initial_temperature = 3.0, cooling_rate = 0.999
26 - INFO - chord#: 134 done. best_score=149.0, changed=611, unchanged=290, early_stops=8/8
26 - INFO - chord#: 136 In build_straw_man_chord_sa. tolerance = 1, sa_iterations = 1000, initial_temperature = 3.0, cooling_rate = 0.999
26 - INFO - chord#: 120 done. best_score=27.0, changed=518, unchanged=336, early_stops=8/8
26 - INFO - chord#: 124 In build_straw_man_chord_sa. tolerance = 1, sa_iterations = 1000, initial_temperature = 3.0, cooling_rate = 0.999
26 - INFO - chord#: 124 done. best_score=27.0, changed=534, unchanged=602, early_stops=8/8
26 - INFO - chord#: 128 In build_straw_man_chord_sa. tolerance = 1, sa_iterations = 1000, initial_temperature = 3.0, cooling_rate = 0.999
26 - INFO - chord#: 148 done. best_score=27.0, changed=525, unchanged=455, early_stops=8/8
26 - INFO - chord#: 150 In build_straw_man_chord_sa. tolerance = 1, sa_iterations = 1000, initial_temperature = 3.0, cooling_rate = 0.999
26 - INFO - chord#: 147 done. best_score=36.0, changed=528, unchanged=481, early_stops=8/8
26 - INFO - chord#: 148 In build_straw_man_chord_sa. tolerance = 1, sa_iterations = 1000, initial_temperature = 3.0, cooling_rate = 0.999
26 - INFO - chord#: 132 done. best_score=27.0, changed=524, unchanged=372, early_stops=8/8
26 - INFO - chord#: 134 In build_straw_man_chord_sa. tolerance = 1, sa_iterations = 1000, initial_temperature = 3.0, cooling_rate = 0.999
26 - INFO - chord#: 112 done. best_score=27.0, changed=521, unchanged=455, early_stops=8/8
26 - INFO - chord#: 114 In build_straw_man_chord_sa. tolerance = 1, sa_iterations = 1000, initial_temperature = 3.0, cooling_rate = 0.999
26 - INFO - chord#: 144 done. best_score=71.0, changed=610, unchanged=280, early_stops=8/8
26 - INFO - chord#: 146 In build_straw_man_chord_sa. tolerance = 1, sa_iterations = 1000, initial_temperature = 3.0, cooling_rate = 0.999
26 - INFO - chord#: 124 done. best_score=27.0, changed=517, unchanged=332, early_stops=8/8
26 - INFO - chord#: 128 In build_straw_man_chord_sa. tolerance = 1, sa_iterations = 1000, initial_temperature = 3.0, cooling_rate = 0.999
26 - INFO - chord#: 124 done. best_score=27.0, changed=518, unchanged=434, early_stops=8/8
26 - INFO - chord#: 128 In build_straw_man_chord_sa. tolerance = 1, sa_iterations = 1000, initial_temperature = 3.0, cooling_rate = 0.999
26 - INFO - chord#: 136 done. best_score=27.0, changed=520, unchanged=412, early_stops=8/8
26 - INFO - chord#: 138 In build_straw_man_chord_sa. tolerance = 1, sa_iterations = 1000, initial_temperature = 3.0, cooling_rate = 0.999
26 - INFO - chord#: 140 done. best_score=27.0, changed=513, unchanged=401, early_stops=8/8
26 - INFO - chord#: 142 In build_straw_man_chord_sa. tolerance = 1, sa_iterations = 1000, initial_temperature = 3.0, cooling_rate = 0.999
26 - INFO - chord#: 150 done. best_score=27.0, changed=525, unchanged=348, early_stops=8/8
26 - INFO - chord#: 151 In build_straw_man_chord_sa. tolerance = 1, sa_iterations = 1000, initial_temperature = 3.0, cooling_rate = 0.999
26 - INFO - chord#: 124 done. best_score=27.0, changed=517, unchanged=374, early_stops=8/8
26 - INFO - chord#: 128 In build_straw_man_chord_sa. tolerance = 1, sa_iterations = 1000, initial_temperature = 3.0, cooling_rate = 0.999
26 - INFO - chord#: 148 done. best_score=27.0, changed=519, unchanged=489, early_stops=8/8
26 - INFO - chord#: 150 In build_straw_man_chord_sa. tolerance = 1, sa_iterations = 1000, initial_temperature = 3.0, cooling_rate = 0.999
26 - INFO - chord#: 144 done. best_score=154.0, changed=615, unchanged=429, early_stops=8/8
26 - INFO - chord#: 146 In build_straw_man_chord_sa. tolerance = 1, sa_iterations = 1000, initial_temperature = 3.0, cooling_rate = 0.999
26 - INFO - chord#: 128 done. best_score=27.0, changed=520, unchanged=457, early_stops=8/8
26 - INFO - chord#: 130 In build_straw_man_chord_sa. tolerance = 1, sa_iterations = 1000, initial_temperature = 3.0, cooling_rate = 0.999
26 - INFO - chord#: 146 done. best_score=27.0, changed=522, unchanged=394, early_stops=8/8
26 - INFO - chord#: 147 In build_straw_man_chord_sa. tolerance = 1, sa_iterations = 1000, initial_temperature = 3.0, cooling_rate = 0.999
26 - INFO - chord#: 128 done. best_score=27.0, changed=527, unchanged=304, early_stops=8/8
26 - INFO - chord#: 130 In build_straw_man_chord_sa. tolerance = 1, sa_iterations = 1000, initial_temperature = 3.0, cooling_rate = 0.999
26 - INFO - chord#: 128 done. best_score=27.0, changed=523, unchanged=489, early_stops=8/8
26 - INFO - chord#: 130 In build_straw_man_chord_sa. tolerance = 1, sa_iterations = 1000, initial_temperature = 3.0, cooling_rate = 0.999
26 - INFO - chord#: 150 done. best_score=27.0, changed=530, unchanged=412, early_stops=8/8
26 - INFO - chord#: 151 In build_straw_man_chord_sa. tolerance = 1, sa_iterations = 1000, initial_temperature = 3.0, cooling_rate = 0.999
26 - INFO - chord#: 134 done. best_score=70.0, changed=611, unchanged=225, early_stops=8/8
26 - INFO - chord#: 136 In build_straw_man_chord_sa. tolerance = 1, sa_iterations = 1000, initial_temperature = 3.0, cooling_rate = 0.999
26 - INFO - chord#: 128 done. best_score=27.0, changed=527, unchanged=393, early_stops=8/8
26 - INFO - chord#: 130 In build_straw_man_chord_sa. tolerance = 1, sa_iterations = 1000, initial_temperature = 3.0, cooling_rate = 0.999
26 - INFO - chord#: 146 done. best_score=27.0, changed=534, unchanged=613, early_stops=8/8
26 - INFO - chord#: 147 In build_straw_man_chord_sa. tolerance = 1, sa_iterations = 1000, initial_temperature = 3.0, cooling_rate = 0.999
26 - INFO - chord#: 147 done. best_score=36.0, changed=523, unchanged=523, early_stops=8/8
26 - INFO - chord#: 148 In build_straw_man_chord_sa. tolerance = 1, sa_iterations = 1000, initial_temperature = 3.0, cooling_rate = 0.999
26 - INFO - chord#: 130 done. best_score=36.0, changed=519, unchanged=356, early_stops=8/8
26 - INFO - chord#: 132 In build_straw_man_chord_sa. tolerance = 1, sa_iterations = 1000, initial_temperature = 3.0, cooling_rate = 0.999
26 - INFO - chord#: 114 done. best_score=70.0, changed=614, unchanged=228, early_stops=8/8
26 - INFO - chord#: 116 In build_straw_man_chord_sa. tolerance = 1, sa_iterations = 1000, initial_temperature = 3.0, cooling_rate = 0.999
26 - INFO - chord#: 138 done. best_score=67.0, changed=608, unchanged=255, early_stops=8/8
26 - INFO - chord#: 140 In build_straw_man_chord_sa. tolerance = 1, sa_iterations = 1000, initial_temperature = 3.0, cooling_rate = 0.999
26 - INFO - chord#: 130 done. best_score=36.0, changed=522, unchanged=464, early_stops=8/8
26 - INFO - chord#: 132 In build_straw_man_chord_sa. tolerance = 1, sa_iterations = 1000, initial_temperature = 3.0, cooling_rate = 0.999
26 - INFO - chord#: 136 done. best_score=27.0, changed=521, unchanged=314, early_stops=8/8
26 - INFO - chord#: 138 In build_straw_man_chord_sa. tolerance = 1, sa_iterations = 1000, initial_temperature = 3.0, cooling_rate = 0.999
26 - INFO - chord#: 151 done. best_score=96.0, changed=614, unchanged=262, early_stops=8/8
26 - INFO - chord#: 152 In build_straw_man_chord_sa. tolerance = 1, sa_iterations = 1000, initial_temperature = 3.0, cooling_rate = 0.999
26 - INFO - chord#: 130 done. best_score=36.0, changed=522, unchanged=440, early_stops=8/8
26 - INFO - chord#: 132 In build_straw_man_chord_sa. tolerance = 1, sa_iterations = 1000, initial_temperature = 3.0, cooling_rate = 0.999
26 - INFO - chord#: 148 done. best_score=27.0, changed=526, unchanged=513, early_stops=8/8
26 - INFO - chord#: 150 In build_straw_man_chord_sa. tolerance = 1, sa_iterations = 1000, initial_temperature = 3.0, cooling_rate = 0.999
26 - INFO - chord#: 130 done. best_score=36.0, changed=520, unchanged=358, early_stops=8/8
26 - INFO - chord#: 132 In build_straw_man_chord_sa. tolerance = 1, sa_iterations = 1000, initial_temperature = 3.0, cooling_rate = 0.999
26 - INFO - chord#: 147 done. best_score=36.0, changed=514, unchanged=446, early_stops=8/8
26 - INFO - chord#: 148 In build_straw_man_chord_sa. tolerance = 1, sa_iterations = 1000, initial_temperature = 3.0, cooling_rate = 0.999
26 - INFO - chord#: 142 done. best_score=71.0, changed=615, unchanged=337, early_stops=8/8
26 - INFO - chord#: 144 In build_straw_man_chord_sa. tolerance = 1, sa_iterations = 1000, initial_temperature = 3.0, cooling_rate = 0.999
26 - INFO - chord#: 116 done. best_score=27.0, changed=525, unchanged=465, early_stops=8/8
26 - INFO - chord#: 118 In build_straw_man_chord_sa. tolerance = 1, sa_iterations = 1000, initial_temperature = 3.0, cooling_rate = 0.999
26 - INFO - chord#: 132 done. best_score=27.0, changed=528, unchanged=458, early_stops=8/8
26 - INFO - chord#: 134 In build_straw_man_chord_sa. tolerance = 1, sa_iterations = 1000, initial_temperature = 3.0, cooling_rate = 0.999
26 - INFO - chord#: 140 done. best_score=27.0, changed=526, unchanged=536, early_stops=8/8
26 - INFO - chord#: 142 In build_straw_man_chord_sa. tolerance = 1, sa_iterations = 1000, initial_temperature = 3.0, cooling_rate = 0.999
26 - INFO - chord#: 152 done. best_score=27.0, changed=523, unchanged=372, early_stops=8/8
26 - INFO - chord#: 156 In build_straw_man_chord_sa. tolerance = 1, sa_iterations = 1000, initial_temperature = 3.0, cooling_rate = 0.999
26 - INFO - chord#: 132 done. best_score=27.0, changed=516, unchanged=330, early_stops=8/8
26 - INFO - chord#: 134 In build_straw_man_chord_sa. tolerance = 1, sa_iterations = 1000, initial_temperature = 3.0, cooling_rate = 0.999
26 - INFO - chord#: 151 done. best_score=148.0, changed=607, unchanged=281, early_stops=8/8
26 - INFO - chord#: 152 In build_straw_man_chord_sa. tolerance = 1, sa_iterations = 1000, initial_temperature = 3.0, cooling_rate = 0.999
26 - INFO - chord#: 150 done. best_score=27.0, changed=524, unchanged=378, early_stops=8/8
26 - INFO - chord#: 151 In build_straw_man_chord_sa. tolerance = 1, sa_iterations = 1000, initial_temperature = 3.0, cooling_rate = 0.999
26 - INFO - chord#: 148 done. best_score=27.0, changed=524, unchanged=434, early_stops=8/8
26 - INFO - chord#: 150 In build_straw_man_chord_sa. tolerance = 1, sa_iterations = 1000, initial_temperature = 3.0, cooling_rate = 0.999
26 - INFO - chord#: 132 done. best_score=27.0, changed=529, unchanged=492, early_stops=8/8
26 - INFO - chord#: 134 In build_straw_man_chord_sa. tolerance = 1, sa_iterations = 1000, initial_temperature = 3.0, cooling_rate = 0.999
26 - INFO - chord#: 132 done. best_score=27.0, changed=517, unchanged=332, early_stops=8/8
26 - INFO - chord#: 134 In build_straw_man_chord_sa. tolerance = 1, sa_iterations = 1000, initial_temperature = 3.0, cooling_rate = 0.999
26 - INFO - chord#: 156 done. best_score=27.0, changed=527, unchanged=396, early_stops=8/8
26 - INFO - chord#: 118 done. best_score=27.0, changed=515, unchanged=445, early_stops=8/8
26 - INFO - chord#: 120 In build_straw_man_chord_sa. tolerance = 1, sa_iterations = 1000, initial_temperature = 3.0, cooling_rate = 0.999
26 - INFO - chord#: 152 done. best_score=27.0, changed=520, unchanged=352, early_stops=8/8
26 - INFO - chord#: 156 In build_straw_man_chord_sa. tolerance = 1, sa_iterations = 1000, initial_temperature = 3.0, cooling_rate = 0.999
26 - INFO - chord#: 150 done. best_score=27.0, changed=529, unchanged=588, early_stops=8/8
26 - INFO - chord#: 151 In build_straw_man_chord_sa. tolerance = 1, sa_iterations = 1000, initial_temperature = 3.0, cooling_rate = 0.999
26 - INFO - chord#: 138 done. best_score=67.0, changed=611, unchanged=453, early_stops=8/8
26 - INFO - chord#: 140 In build_straw_man_chord_sa. tolerance = 1, sa_iterations = 1000, initial_temperature = 3.0, cooling_rate = 0.999
26 - INFO - chord#: 144 done. best_score=146.0, changed=614, unchanged=260, early_stops=8/8
26 - INFO - chord#: 146 In build_straw_man_chord_sa. tolerance = 1, sa_iterations = 1000, initial_temperature = 3.0, cooling_rate = 0.999
26 - INFO - chord#: 142 done. best_score=64.0, changed=618, unchanged=340, early_stops=8/8
26 - INFO - chord#: 144 In build_straw_man_chord_sa. tolerance = 1, sa_iterations = 1000, initial_temperature = 3.0, cooling_rate = 0.999
26 - INFO - chord#: 156 done. best_score=27.0, changed=521, unchanged=442, early_stops=8/8
26 - INFO - chord#: 120 done. best_score=27.0, changed=516, unchanged=481, early_stops=8/8
26 - INFO - chord#: 124 In build_straw_man_chord_sa. tolerance = 1, sa_iterations = 1000, initial_temperature = 3.0, cooling_rate = 0.999
26 - INFO - chord#: 151 done. best_score=96.0, changed=611, unchanged=342, early_stops=8/8
26 - INFO - chord#: 152 In build_straw_man_chord_sa. tolerance = 1, sa_iterations = 1000, initial_temperature = 3.0, cooling_rate = 0.999
26 - INFO - chord#: 134 done. best_score=70.0, changed=610, unchanged=238, early_stops=8/8
26 - INFO - chord#: 136 In build_straw_man_chord_sa. tolerance = 1, sa_iterations = 1000, initial_temperature = 3.0, cooling_rate = 0.999
26 - INFO - chord#: 140 done. best_score=27.0, changed=527, unchanged=476, early_stops=8/8
26 - INFO - chord#: 142 In build_straw_man_chord_sa. tolerance = 1, sa_iterations = 1000, initial_temperature = 3.0, cooling_rate = 0.999
26 - INFO - chord#: 134 done. best_score=149.0, changed=609, unchanged=351, early_stops=8/8
26 - INFO - chord#: 136 In build_straw_man_chord_sa. tolerance = 1, sa_iterations = 1000, initial_temperature = 3.0, cooling_rate = 0.999
26 - INFO - chord#: 146 done. best_score=27.0, changed=524, unchanged=577, early_stops=8/8
26 - INFO - chord#: 147 In build_straw_man_chord_sa. tolerance = 1, sa_iterations = 1000, initial_temperature = 3.0, cooling_rate = 0.999
26 - INFO - chord#: 134 done. best_score=156.0, changed=614, unchanged=322, early_stops=8/8
26 - INFO - chord#: 136 In build_straw_man_chord_sa. tolerance = 1, sa_iterations = 1000, initial_temperature = 3.0, cooling_rate = 0.999
26 - INFO - chord#: 134 done. best_score=103.0, changed=607, unchanged=309, early_stops=8/8
26 - INFO - chord#: 136 In build_straw_man_chord_sa. tolerance = 1, sa_iterations = 1000, initial_temperature = 3.0, cooling_rate = 0.999
26 - INFO - chord#: 136 done. best_score=27.0, changed=529, unchanged=395, early_stops=8/8
26 - INFO - chord#: 138 In build_straw_man_chord_sa. tolerance = 1, sa_iterations = 1000, initial_temperature = 3.0, cooling_rate = 0.999
26 - INFO - chord#: 152 done. best_score=27.0, changed=518, unchanged=379, early_stops=8/8
26 - INFO - chord#: 156 In build_straw_man_chord_sa. tolerance = 1, sa_iterations = 1000, initial_temperature = 3.0, cooling_rate = 0.999
26 - INFO - chord#: 124 done. best_score=27.0, changed=519, unchanged=535, early_stops=8/8
26 - INFO - chord#: 128 In build_straw_man_chord_sa. tolerance = 1, sa_iterations = 1000, initial_temperature = 3.0, cooling_rate = 0.999
26 - INFO - chord#: 151 done. best_score=74.0, changed=614, unchanged=408, early_stops=8/8
26 - INFO - chord#: 152 In build_straw_man_chord_sa. tolerance = 1, sa_iterations = 1000, initial_temperature = 3.0, cooling_rate = 0.999
26 - INFO - chord#: 136 done. best_score=27.0, changed=520, unchanged=432, early_stops=8/8
26 - INFO - chord#: 138 In build_straw_man_chord_sa. tolerance = 1, sa_iterations = 1000, initial_temperature = 3.0, cooling_rate = 0.999
26 - INFO - chord#: 144 done. best_score=64.0, changed=614, unchanged=369, early_stops=8/8
26 - INFO - chord#: 146 In build_straw_man_chord_sa. tolerance = 1, sa_iterations = 1000, initial_temperature = 3.0, cooling_rate = 0.999
26 - INFO - chord#: 147 done. best_score=36.0, changed=528, unchanged=514, early_stops=8/8
26 - INFO - chord#: 148 In build_straw_man_chord_sa. tolerance = 1, sa_iterations = 1000, initial_temperature = 3.0, cooling_rate = 0.999
26 - INFO - chord#: 136 done. best_score=27.0, changed=529, unchanged=346, early_stops=8/8
26 - INFO - chord#: 138 In build_straw_man_chord_sa. tolerance = 1, sa_iterations = 1000, initial_temperature = 3.0, cooling_rate = 0.999
26 - INFO - chord#: 136 done. best_score=27.0, changed=527, unchanged=338, early_stops=8/8
26 - INFO - chord#: 138 In build_straw_man_chord_sa. tolerance = 1, sa_iterations = 1000, initial_temperature = 3.0, cooling_rate = 0.999
26 - INFO - chord#: 156 done. best_score=27.0, changed=520, unchanged=345, early_stops=8/8
26 - INFO - chord#: 142 done. best_score=64.0, changed=611, unchanged=344, early_stops=8/8
26 - INFO - chord#: 144 In build_straw_man_chord_sa. tolerance = 1, sa_iterations = 1000, initial_temperature = 3.0, cooling_rate = 0.999
26 - INFO - chord#: 146 done. best_score=27.0, changed=525, unchanged=351, early_stops=8/8
26 - INFO - chord#: 147 In build_straw_man_chord_sa. tolerance = 1, sa_iterations = 1000, initial_temperature = 3.0, cooling_rate = 0.999
26 - INFO - chord#: 128 done. best_score=27.0, changed=515, unchanged=372, early_stops=8/8
26 - INFO - chord#: 130 In build_straw_man_chord_sa. tolerance = 1, sa_iterations = 1000, initial_temperature = 3.0, cooling_rate = 0.999
26 - INFO - chord#: 152 done. best_score=27.0, changed=517, unchanged=488, early_stops=8/8
26 - INFO - chord#: 156 In build_straw_man_chord_sa. tolerance = 1, sa_iterations = 1000, initial_temperature = 3.0, cooling_rate = 0.999
26 - INFO - chord#: 148 done. best_score=27.0, changed=514, unchanged=401, early_stops=8/8
26 - INFO - chord#: 150 In build_straw_man_chord_sa. tolerance = 1, sa_iterations = 1000, initial_temperature = 3.0, cooling_rate = 0.999
26 - INFO - chord#: 138 done. best_score=67.0, changed=616, unchanged=294, early_stops=8/8
26 - INFO - chord#: 140 In build_straw_man_chord_sa. tolerance = 1, sa_iterations = 1000, initial_temperature = 3.0, cooling_rate = 0.999
26 - INFO - chord#: 150 done. best_score=27.0, changed=519, unchanged=381, early_stops=8/8
26 - INFO - chord#: 151 In build_straw_man_chord_sa. tolerance = 1, sa_iterations = 1000, initial_temperature = 3.0, cooling_rate = 0.999
26 - INFO - chord#: 147 done. best_score=36.0, changed=524, unchanged=359, early_stops=8/8
26 - INFO - chord#: 148 In build_straw_man_chord_sa. tolerance = 1, sa_iterations = 1000, initial_temperature = 3.0, cooling_rate = 0.999
26 - INFO - chord#: 156 done. best_score=27.0, changed=533, unchanged=472, early_stops=8/8
26 - INFO - chord#: 130 done. best_score=36.0, changed=529, unchanged=332, early_stops=8/8
26 - INFO - chord#: 132 In build_straw_man_chord_sa. tolerance = 1, sa_iterations = 1000, initial_temperature = 3.0, cooling_rate = 0.999
26 - INFO - chord#: 140 done. best_score=27.0, changed=511, unchanged=315, early_stops=8/8
26 - INFO - chord#: 142 In build_straw_man_chord_sa. tolerance = 1, sa_iterations = 1000, initial_temperature = 3.0, cooling_rate = 0.999
26 - INFO - chord#: 138 done. best_score=67.0, changed=617, unchanged=431, early_stops=8/8
26 - INFO - chord#: 140 In build_straw_man_chord_sa. tolerance = 1, sa_iterations = 1000, initial_temperature = 3.0, cooling_rate = 0.999
26 - INFO - chord#: 138 done. best_score=67.0, changed=613, unchanged=366, early_stops=8/8
26 - INFO - chord#: 140 In build_straw_man_chord_sa. tolerance = 1, sa_iterations = 1000, initial_temperature = 3.0, cooling_rate = 0.999
26 - INFO - chord#: 138 done. best_score=67.0, changed=610, unchanged=260, early_stops=8/8
26 - INFO - chord#: 140 In build_straw_man_chord_sa. tolerance = 1, sa_iterations = 1000, initial_temperature = 3.0, cooling_rate = 0.999
26 - INFO - chord#: 144 done. best_score=64.0, changed=612, unchanged=263, early_stops=8/8
26 - INFO - chord#: 146 In build_straw_man_chord_sa. tolerance = 1, sa_iterations = 1000, initial_temperature = 3.0, cooling_rate = 0.999
26 - INFO - chord#: 148 done. best_score=27.0, changed=525, unchanged=493, early_stops=8/8
26 - INFO - chord#: 150 In build_straw_man_chord_sa. tolerance = 1, sa_iterations = 1000, initial_temperature = 3.0, cooling_rate = 0.999
26 - INFO - chord#: 132 done. best_score=27.0, changed=516, unchanged=576, early_stops=8/8
26 - INFO - chord#: 134 In build_straw_man_chord_sa. tolerance = 1, sa_iterations = 1000, initial_temperature = 3.0, cooling_rate = 0.999
26 - INFO - chord#: 140 done. best_score=27.0, changed=517, unchanged=382, early_stops=8/8
26 - INFO - chord#: 142 In build_straw_man_chord_sa. tolerance = 1, sa_iterations = 1000, initial_temperature = 3.0, cooling_rate = 0.999
26 - INFO - chord#: 146 done. best_score=27.0, changed=520, unchanged=454, early_stops=8/8
26 - INFO - chord#: 147 In build_straw_man_chord_sa. tolerance = 1, sa_iterations = 1000, initial_temperature = 3.0, cooling_rate = 0.999
26 - INFO - chord#: 150 done. best_score=27.0, changed=519, unchanged=382, early_stops=8/8
26 - INFO - chord#: 151 In build_straw_man_chord_sa. tolerance = 1, sa_iterations = 1000, initial_temperature = 3.0, cooling_rate = 0.999
26 - INFO - chord#: 140 done. best_score=27.0, changed=517, unchanged=410, early_stops=8/8
26 - INFO - chord#: 142 In build_straw_man_chord_sa. tolerance = 1, sa_iterations = 1000, initial_temperature = 3.0, cooling_rate = 0.999
26 - INFO - chord#: 140 done. best_score=27.0, changed=528, unchanged=451, early_stops=8/8
26 - INFO - chord#: 142 In build_straw_man_chord_sa. tolerance = 1, sa_iterations = 1000, initial_temperature = 3.0, cooling_rate = 0.999
26 - INFO - chord#: 151 done. best_score=74.0, changed=612, unchanged=395, early_stops=8/8
26 - INFO - chord#: 152 In build_straw_man_chord_sa. tolerance = 1, sa_iterations = 1000, initial_temperature = 3.0, cooling_rate = 0.999
26 - INFO - chord#: 142 done. best_score=64.0, changed=612, unchanged=340, early_stops=8/8
26 - INFO - chord#: 144 In build_straw_man_chord_sa. tolerance = 1, sa_iterations = 1000, initial_temperature = 3.0, cooling_rate = 0.999
26 - INFO - chord#: 147 done. best_score=36.0, changed=518, unchanged=369, early_stops=8/8
26 - INFO - chord#: 148 In build_straw_man_chord_sa. tolerance = 1, sa_iterations = 1000, initial_temperature = 3.0, cooling_rate = 0.999
26 - INFO - chord#: 152 done. best_score=27.0, changed=517, unchanged=313, early_stops=8/8
26 - INFO - chord#: 156 In build_straw_man_chord_sa. tolerance = 1, sa_iterations = 1000, initial_temperature = 3.0, cooling_rate = 0.999
26 - INFO - chord#: 134 done. best_score=103.0, changed=612, unchanged=223, early_stops=8/8
26 - INFO - chord#: 136 In build_straw_man_chord_sa. tolerance = 1, sa_iterations = 1000, initial_temperature = 3.0, cooling_rate = 0.999
26 - INFO - chord#: 142 done. best_score=71.0, changed=608, unchanged=359, early_stops=8/8
26 - INFO - chord#: 144 In build_straw_man_chord_sa. tolerance = 1, sa_iterations = 1000, initial_temperature = 3.0, cooling_rate = 0.999
26 - INFO - chord#: 148 done. best_score=27.0, changed=530, unchanged=443, early_stops=8/8
26 - INFO - chord#: 150 In build_straw_man_chord_sa. tolerance = 1, sa_iterations = 1000, initial_temperature = 3.0, cooling_rate = 0.999
26 - INFO - chord#: 151 done. best_score=121.0, changed=604, unchanged=216, early_stops=8/8
26 - INFO - chord#: 152 In build_straw_man_chord_sa. tolerance = 1, sa_iterations = 1000, initial_temperature = 3.0, cooling_rate = 0.999
26 - INFO - chord#: 156 done. best_score=27.0, changed=525, unchanged=342, early_stops=8/8
26 - INFO - chord#: 136 done. best_score=27.0, changed=528, unchanged=392, early_stops=8/8
26 - INFO - chord#: 138 In build_straw_man_chord_sa. tolerance = 1, sa_iterations = 1000, initial_temperature = 3.0, cooling_rate = 0.999
26 - INFO - chord#: 142 done. best_score=64.0, changed=616, unchanged=346, early_stops=8/8
26 - INFO - chord#: 144 In build_straw_man_chord_sa. tolerance = 1, sa_iterations = 1000, initial_temperature = 3.0, cooling_rate = 0.999
26 - INFO - chord#: 150 done. best_score=27.0, changed=520, unchanged=386, early_stops=8/8
26 - INFO - chord#: 151 In build_straw_man_chord_sa. tolerance = 1, sa_iterations = 1000, initial_temperature = 3.0, cooling_rate = 0.999
26 - INFO - chord#: 142 done. best_score=64.0, changed=613, unchanged=422, early_stops=8/8
26 - INFO - chord#: 144 In build_straw_man_chord_sa. tolerance = 1, sa_iterations = 1000, initial_temperature = 3.0, cooling_rate = 0.999
26 - INFO - chord#: 144 done. best_score=64.0, changed=615, unchanged=367, early_stops=8/8
26 - INFO - chord#: 146 In build_straw_man_chord_sa. tolerance = 1, sa_iterations = 1000, initial_temperature = 3.0, cooling_rate = 0.999
26 - INFO - chord#: 152 done. best_score=27.0, changed=513, unchanged=353, early_stops=8/8
26 - INFO - chord#: 156 In build_straw_man_chord_sa. tolerance = 1, sa_iterations = 1000, initial_temperature = 3.0, cooling_rate = 0.999
26 - INFO - chord#: 144 done. best_score=71.0, changed=612, unchanged=282, early_stops=8/8
26 - INFO - chord#: 146 In build_straw_man_chord_sa. tolerance = 1, sa_iterations = 1000, initial_temperature = 3.0, cooling_rate = 0.999
26 - INFO - chord#: 156 done. best_score=27.0, changed=529, unchanged=435, early_stops=8/8
26 - INFO - chord#: 146 done. best_score=27.0, changed=521, unchanged=472, early_stops=8/8
26 - INFO - chord#: 147 In build_straw_man_chord_sa. tolerance = 1, sa_iterations = 1000, initial_temperature = 3.0, cooling_rate = 0.999
26 - INFO - chord#: 138 done. best_score=137.0, changed=607, unchanged=328, early_stops=8/8
26 - INFO - chord#: 140 In build_straw_man_chord_sa. tolerance = 1, sa_iterations = 1000, initial_temperature = 3.0, cooling_rate = 0.999
26 - INFO - chord#: 146 done. best_score=27.0, changed=525, unchanged=419, early_stops=8/8
26 - INFO - chord#: 147 In build_straw_man_chord_sa. tolerance = 1, sa_iterations = 1000, initial_temperature = 3.0, cooling_rate = 0.999
26 - INFO - chord#: 151 done. best_score=96.0, changed=610, unchanged=241, early_stops=8/8
26 - INFO - chord#: 152 In build_straw_man_chord_sa. tolerance = 1, sa_iterations = 1000, initial_temperature = 3.0, cooling_rate = 0.999
26 - INFO - chord#: 144 done. best_score=64.0, changed=609, unchanged=318, early_stops=8/8
26 - INFO - chord#: 146 In build_straw_man_chord_sa. tolerance = 1, sa_iterations = 1000, initial_temperature = 3.0, cooling_rate = 0.999
26 - INFO - chord#: 147 done. best_score=36.0, changed=521, unchanged=497, early_stops=8/8
26 - INFO - chord#: 148 In build_straw_man_chord_sa. tolerance = 1, sa_iterations = 1000, initial_temperature = 3.0, cooling_rate = 0.999
26 - INFO - chord#: 140 done. best_score=27.0, changed=517, unchanged=492, early_stops=8/8
26 - INFO - chord#: 142 In build_straw_man_chord_sa. tolerance = 1, sa_iterations = 1000, initial_temperature = 3.0, cooling_rate = 0.999
26 - INFO - chord#: 144 done. best_score=64.0, changed=618, unchanged=564, early_stops=8/8
26 - INFO - chord#: 146 In build_straw_man_chord_sa. tolerance = 1, sa_iterations = 1000, initial_temperature = 3.0, cooling_rate = 0.999
26 - INFO - chord#: 147 done. best_score=36.0, changed=519, unchanged=381, early_stops=8/8
26 - INFO - chord#: 148 In build_straw_man_chord_sa. tolerance = 1, sa_iterations = 1000, initial_temperature = 3.0, cooling_rate = 0.999
26 - INFO - chord#: 152 done. best_score=27.0, changed=518, unchanged=411, early_stops=8/8
26 - INFO - chord#: 156 In build_straw_man_chord_sa. tolerance = 1, sa_iterations = 1000, initial_temperature = 3.0, cooling_rate = 0.999
26 - INFO - chord#: 148 done. best_score=27.0, changed=525, unchanged=468, early_stops=8/8
26 - INFO - chord#: 150 In build_straw_man_chord_sa. tolerance = 1, sa_iterations = 1000, initial_temperature = 3.0, cooling_rate = 0.999
26 - INFO - chord#: 146 done. best_score=27.0, changed=523, unchanged=623, early_stops=8/8
26 - INFO - chord#: 147 In build_straw_man_chord_sa. tolerance = 1, sa_iterations = 1000, initial_temperature = 3.0, cooling_rate = 0.999
26 - INFO - chord#: 146 done. best_score=27.0, changed=524, unchanged=364, early_stops=8/8
26 - INFO - chord#: 147 In build_straw_man_chord_sa. tolerance = 1, sa_iterations = 1000, initial_temperature = 3.0, cooling_rate = 0.999
26 - INFO - chord#: 156 done. best_score=27.0, changed=526, unchanged=417, early_stops=8/8
26 - INFO - chord#: 148 done. best_score=27.0, changed=517, unchanged=316, early_stops=8/8
26 - INFO - chord#: 150 In build_straw_man_chord_sa. tolerance = 1, sa_iterations = 1000, initial_temperature = 3.0, cooling_rate = 0.999
26 - INFO - chord#: 150 done. best_score=27.0, changed=527, unchanged=374, early_stops=8/8
26 - INFO - chord#: 151 In build_straw_man_chord_sa. tolerance = 1, sa_iterations = 1000, initial_temperature = 3.0, cooling_rate = 0.999
26 - INFO - chord#: 147 done. best_score=36.0, changed=518, unchanged=361, early_stops=8/8
26 - INFO - chord#: 148 In build_straw_man_chord_sa. tolerance = 1, sa_iterations = 1000, initial_temperature = 3.0, cooling_rate = 0.999
26 - INFO - chord#: 142 done. best_score=64.0, changed=607, unchanged=263, early_stops=8/8
26 - INFO - chord#: 144 In build_straw_man_chord_sa. tolerance = 1, sa_iterations = 1000, initial_temperature = 3.0, cooling_rate = 0.999
26 - INFO - chord#: 147 done. best_score=36.0, changed=519, unchanged=387, early_stops=8/8
26 - INFO - chord#: 148 In build_straw_man_chord_sa. tolerance = 1, sa_iterations = 1000, initial_temperature = 3.0, cooling_rate = 0.999
26 - INFO - chord#: 150 done. best_score=27.0, changed=536, unchanged=500, early_stops=8/8
26 - INFO - chord#: 151 In build_straw_man_chord_sa. tolerance = 1, sa_iterations = 1000, initial_temperature = 3.0, cooling_rate = 0.999
26 - INFO - chord#: 148 done. best_score=27.0, changed=518, unchanged=422, early_stops=8/8
26 - INFO - chord#: 150 In build_straw_man_chord_sa. tolerance = 1, sa_iterations = 1000, initial_temperature = 3.0, cooling_rate = 0.999
26 - INFO - chord#: 148 done. best_score=27.0, changed=529, unchanged=430, early_stops=8/8
26 - INFO - chord#: 150 In build_straw_man_chord_sa. tolerance = 1, sa_iterations = 1000, initial_temperature = 3.0, cooling_rate = 0.999
26 - INFO - chord#: 151 done. best_score=74.0, changed=608, unchanged=254, early_stops=8/8
26 - INFO - chord#: 152 In build_straw_man_chord_sa. tolerance = 1, sa_iterations = 1000, initial_temperature = 3.0, cooling_rate = 0.999
26 - INFO - chord#: 150 done. best_score=27.0, changed=513, unchanged=317, early_stops=8/8
26 - INFO - chord#: 151 In build_straw_man_chord_sa. tolerance = 1, sa_iterations = 1000, initial_temperature = 3.0, cooling_rate = 0.999
26 - INFO - chord#: 144 done. best_score=154.0, changed=616, unchanged=254, early_stops=8/8
26 - INFO - chord#: 146 In build_straw_man_chord_sa. tolerance = 1, sa_iterations = 1000, initial_temperature = 3.0, cooling_rate = 0.999
26 - INFO - chord#: 150 done. best_score=27.0, changed=533, unchanged=453, early_stops=8/8
26 - INFO - chord#: 151 In build_straw_man_chord_sa. tolerance = 1, sa_iterations = 1000, initial_temperature = 3.0, cooling_rate = 0.999
26 - INFO - chord#: 152 done. best_score=27.0, changed=517, unchanged=510, early_stops=8/8
26 - INFO - chord#: 156 In build_straw_man_chord_sa. tolerance = 1, sa_iterations = 1000, initial_temperature = 3.0, cooling_rate = 0.999
26 - INFO - chord#: 151 done. best_score=74.0, changed=614, unchanged=325, early_stops=8/8
26 - INFO - chord#: 152 In build_straw_man_chord_sa. tolerance = 1, sa_iterations = 1000, initial_temperature = 3.0, cooling_rate = 0.999
26 - INFO - chord#: 146 done. best_score=27.0, changed=518, unchanged=377, early_stops=8/8
26 - INFO - chord#: 147 In build_straw_man_chord_sa. tolerance = 1, sa_iterations = 1000, initial_temperature = 3.0, cooling_rate = 0.999
26 - INFO - chord#: 156 done. best_score=27.0, changed=525, unchanged=381, early_stops=8/8
26 - INFO - chord#: 152 done. best_score=27.0, changed=518, unchanged=409, early_stops=8/8
26 - INFO - chord#: 156 In build_straw_man_chord_sa. tolerance = 1, sa_iterations = 1000, initial_temperature = 3.0, cooling_rate = 0.999
26 - INFO - chord#: 147 done. best_score=36.0, changed=519, unchanged=319, early_stops=8/8
26 - INFO - chord#: 148 In build_straw_man_chord_sa. tolerance = 1, sa_iterations = 1000, initial_temperature = 3.0, cooling_rate = 0.999
26 - INFO - chord#: 151 done. best_score=74.0, changed=607, unchanged=343, early_stops=8/8
26 - INFO - chord#: 152 In build_straw_man_chord_sa. tolerance = 1, sa_iterations = 1000, initial_temperature = 3.0, cooling_rate = 0.999
26 - INFO - chord#: 151 done. best_score=96.0, changed=613, unchanged=307, early_stops=8/8
26 - INFO - chord#: 152 In build_straw_man_chord_sa. tolerance = 1, sa_iterations = 1000, initial_temperature = 3.0, cooling_rate = 0.999
26 - INFO - chord#: 156 done. best_score=27.0, changed=525, unchanged=381, early_stops=8/8
26 - INFO - chord#: 148 done. best_score=27.0, changed=522, unchanged=431, early_stops=8/8
26 - INFO - chord#: 150 In build_straw_man_chord_sa. tolerance = 1, sa_iterations = 1000, initial_temperature = 3.0, cooling_rate = 0.999
26 - INFO - chord#: 152 done. best_score=27.0, changed=520, unchanged=416, early_stops=8/8
26 - INFO - chord#: 156 In build_straw_man_chord_sa. tolerance = 1, sa_iterations = 1000, initial_temperature = 3.0, cooling_rate = 0.999
26 - INFO - chord#: 152 done. best_score=27.0, changed=520, unchanged=457, early_stops=8/8
26 - INFO - chord#: 156 In build_straw_man_chord_sa. tolerance = 1, sa_iterations = 1000, initial_temperature = 3.0, cooling_rate = 0.999
26 - INFO - chord#: 150 done. best_score=27.0, changed=519, unchanged=314, early_stops=8/8
26 - INFO - chord#: 151 In build_straw_man_chord_sa. tolerance = 1, sa_iterations = 1000, initial_temperature = 3.0, cooling_rate = 0.999
26 - INFO - chord#: 156 done. best_score=27.0, changed=519, unchanged=362, early_stops=8/8
26 - INFO - chord#: 156 done. best_score=27.0, changed=527, unchanged=469, early_stops=8/8
26 - INFO - chord#: 151 done. best_score=121.0, changed=607, unchanged=228, early_stops=8/8
26 - INFO - chord#: 152 In build_straw_man_chord_sa. tolerance = 1, sa_iterations = 1000, initial_temperature = 3.0, cooling_rate = 0.999
26 - INFO - chord#: 152 done. best_score=27.0, changed=519, unchanged=397, early_stops=8/8
26 - INFO - chord#: 156 In build_straw_man_chord_sa. tolerance = 1, sa_iterations = 1000, initial_temperature = 3.0, cooling_rate = 0.999
26 - INFO - chord#: 156 done. best_score=27.0, changed=525, unchanged=350, early_stops=8/8
26 - INFO - save_midi_file = False, 
26 - INFO - version = 'bwv261', chorale.shape = (4, 280), root = 11, keys[root] = 'B♮', mode = 'minor', time_sig = '4/4'
26 - INFO - In load_chorale_in_cents. About to load top_notes from file_name = '/home/prent/Repos/One-footed-bride-tuning/Archive/straw-man/t1_r1.50_s0_md33_sn0/bwv261top-notes.npy'
26 - INFO - Loaded top_notes from /home/prent/Repos/One-footed-bride-tuning/Archive/straw-man/t1_r1.50_s0_md33_sn0/bwv261top-notes.npy, re-ordered by chorale frequency
26 - INFO - chorale_in_cents.shape = (4, 280), chorale.shape = (4, 280)
26 - INFO - cent value based on top_notes
26 - INFO - Chord 0: [200 600 900 200]
26 - INFO - Chord 1: [200 600 900 200]
26 - INFO - Chord 2: [200 700 900 400]
26 - INFO - Chord 3: [200 700 900 400]
26 - INFO - Chord 4: [900 900 200 600]
26 - INFO - Chord 5: [900 900 200 600]
26 - INFO - Chord 6: [900 900 200 600]
26 - INFO - Chord 7: [900 900 200 600]
26 - INFO - Chord 8: [1100  700  200  700]
26 - INFO - Chord 9: [1100  700  200  700]
26 - INFO - cent_value_chorale.shape = (4, 280), chorale.shape = (4, 280), B♮ minor
26 - INFO - cent value based on 12 TET
26 - INFO - Chord 0: [200 600 900 200]
26 - INFO - Chord 1: [200 600 900 200]
26 - INFO - Chord 2: [200 700 900 400]
26 - INFO - Chord 3: [200 700 900 400]
26 - INFO - Chord 4: [900 900 200 600]
26 - INFO - Chord 5: [900 900 200 600]
26 - INFO - Chord 6: [900 900 200 600]
26 - INFO - Chord 7: [900 900 200 600]
26 - INFO - Chord 8: [1100  700  200  700]
26 - INFO - Chord 9: [1100  700  200  700]
26 - INFO - cent_value_chorale.shape = (4, 280), chorale.shape = (4, 280), B♮ minor
26 - INFO - Current top_notes:
26 - INFO -    0    1    2    3    4    5    6    7    8    9   10   11
26 - INFO -   B♮   D♮   F♯   E♮   C♯   A♮   G♮   A♯   D♯   G♯   F♮   C♮
26 - INFO -   11    2    6    4    1    9    7   10    3    8    5    0
26 - INFO - 1100  200  600  400  100  900  700 1000  300  800  500    0
26 - INFO - chord#: 0 In build_straw_man_chord_sa. tolerance = 1, sa_iterations = 1000, initial_temperature = 3.0, cooling_rate = 0.999
26 - INFO - chord#: 0 In build_straw_man_chord_sa. tolerance = 1, sa_iterations = 1000, initial_temperature = 3.0, cooling_rate = 0.999
26 - INFO - chord#: 0 In build_straw_man_chord_sa. tolerance = 1, sa_iterations = 1000, initial_temperature = 3.0, cooling_rate = 0.999
26 - INFO - chord#: 0 In build_straw_man_chord_sa. tolerance = 1, sa_iterations = 1000, initial_temperature = 3.0, cooling_rate = 0.999
26 - INFO - chord#: 0 In build_straw_man_chord_sa. tolerance = 1, sa_iterations = 1000, initial_temperature = 3.0, cooling_rate = 0.999
26 - INFO - chord#: 0 In build_straw_man_chord_sa. tolerance = 1, sa_iterations = 1000, initial_temperature = 3.0, cooling_rate = 0.999
26 - INFO - chord#: 0 In build_straw_man_chord_sa. tolerance = 1, sa_iterations = 1000, initial_temperature = 3.0, cooling_rate = 0.999
26 - INFO - chord#: 0 In build_straw_man_chord_sa. tolerance = 1, sa_iterations = 1000, initial_temperature = 3.0, cooling_rate = 0.999
26 - INFO - chord#: 0 In build_straw_man_chord_sa. tolerance = 1, sa_iterations = 1000, initial_temperature = 3.0, cooling_rate = 0.999
26 - INFO - chord#: 0 In build_straw_man_chord_sa. tolerance = 1, sa_iterations = 1000, initial_temperature = 3.0, cooling_rate = 0.999
26 - INFO - chord#: 0 In build_straw_man_chord_sa. tolerance = 1, sa_iterations = 1000, initial_temperature = 3.0, cooling_rate = 0.999
26 - INFO - chord#: 0 In build_straw_man_chord_sa. tolerance = 1, sa_iterations = 1000, initial_temperature = 3.0, cooling_rate = 0.999
26 - INFO - chord#: 0 done. best_score=27.0, changed=522, unchanged=375, early_stops=8/8
26 - INFO - chord#: 2 In build_straw_man_chord_sa. tolerance = 1, sa_iterations = 1000, initial_temperature = 3.0, cooling_rate = 0.999
26 - INFO - chord#: 0 done. best_score=27.0, changed=514, unchanged=397, early_stops=8/8
26 - INFO - chord#: 2 In build_straw_man_chord_sa. tolerance = 1, sa_iterations = 1000, initial_temperature = 3.0, cooling_rate = 0.999
26 - INFO - chord#: 0 done. best_score=27.0, changed=520, unchanged=394, early_stops=8/8
26 - INFO - chord#: 2 In build_straw_man_chord_sa. tolerance = 1, sa_iterations = 1000, initial_temperature = 3.0, cooling_rate = 0.999
26 - INFO - chord#: 0 done. best_score=27.0, changed=526, unchanged=489, early_stops=8/8
26 - INFO - chord#: 2 In build_straw_man_chord_sa. tolerance = 1, sa_iterations = 1000, initial_temperature = 3.0, cooling_rate = 0.999
26 - INFO - chord#: 0 done. best_score=27.0, changed=519, unchanged=544, early_stops=8/8
26 - INFO - chord#: 2 In build_straw_man_chord_sa. tolerance = 1, sa_iterations = 1000, initial_temperature = 3.0, cooling_rate = 0.999
26 - INFO - chord#: 0 done. best_score=27.0, changed=518, unchanged=478, early_stops=8/8
26 - INFO - chord#: 2 In build_straw_man_chord_sa. tolerance = 1, sa_iterations = 1000, initial_temperature = 3.0, cooling_rate = 0.999
26 - INFO - chord#: 0 done. best_score=27.0, changed=518, unchanged=378, early_stops=8/8
26 - INFO - chord#: 2 In build_straw_man_chord_sa. tolerance = 1, sa_iterations = 1000, initial_temperature = 3.0, cooling_rate = 0.999
26 - INFO - chord#: 0 done. best_score=27.0, changed=515, unchanged=393, early_stops=8/8
26 - INFO - chord#: 2 In build_straw_man_chord_sa. tolerance = 1, sa_iterations = 1000, initial_temperature = 3.0, cooling_rate = 0.999
26 - INFO - chord#: 0 done. best_score=27.0, changed=520, unchanged=471, early_stops=8/8
26 - INFO - chord#: 2 In build_straw_man_chord_sa. tolerance = 1, sa_iterations = 1000, initial_temperature = 3.0, cooling_rate = 0.999
26 - INFO - chord#: 0 done. best_score=27.0, changed=519, unchanged=453, early_stops=8/8
26 - INFO - chord#: 2 In build_straw_man_chord_sa. tolerance = 1, sa_iterations = 1000, initial_temperature = 3.0, cooling_rate = 0.999
26 - INFO - chord#: 0 done. best_score=27.0, changed=525, unchanged=442, early_stops=8/8
26 - INFO - chord#: 2 In build_straw_man_chord_sa. tolerance = 1, sa_iterations = 1000, initial_temperature = 3.0, cooling_rate = 0.999
26 - INFO - chord#: 0 done. best_score=27.0, changed=527, unchanged=471, early_stops=8/8
26 - INFO - chord#: 2 In build_straw_man_chord_sa. tolerance = 1, sa_iterations = 1000, initial_temperature = 3.0, cooling_rate = 0.999
26 - INFO - chord#: 2 done. best_score=129.0, changed=608, unchanged=231, early_stops=8/8
26 - INFO - chord#: 4 In build_straw_man_chord_sa. tolerance = 1, sa_iterations = 1000, initial_temperature = 3.0, cooling_rate = 0.999
26 - INFO - chord#: 2 done. best_score=96.0, changed=607, unchanged=230, early_stops=8/8
26 - INFO - chord#: 4 In build_straw_man_chord_sa. tolerance = 1, sa_iterations = 1000, initial_temperature = 3.0, cooling_rate = 0.999
26 - INFO - chord#: 2 done. best_score=93.0, changed=615, unchanged=353, early_stops=8/8
26 - INFO - chord#: 4 In build_straw_man_chord_sa. tolerance = 1, sa_iterations = 1000, initial_temperature = 3.0, cooling_rate = 0.999
26 - INFO - chord#: 2 done. best_score=93.0, changed=606, unchanged=230, early_stops=8/8
26 - INFO - chord#: 4 In build_straw_man_chord_sa. tolerance = 1, sa_iterations = 1000, initial_temperature = 3.0, cooling_rate = 0.999
26 - INFO - chord#: 2 done. best_score=94.0, changed=617, unchanged=470, early_stops=8/8
26 - INFO - chord#: 4 In build_straw_man_chord_sa. tolerance = 1, sa_iterations = 1000, initial_temperature = 3.0, cooling_rate = 0.999
26 - INFO - chord#: 2 done. best_score=96.0, changed=606, unchanged=212, early_stops=8/8
26 - INFO - chord#: 4 In build_straw_man_chord_sa. tolerance = 1, sa_iterations = 1000, initial_temperature = 3.0, cooling_rate = 0.999
26 - INFO - chord#: 2 done. best_score=93.0, changed=614, unchanged=403, early_stops=8/8
26 - INFO - chord#: 4 In build_straw_man_chord_sa. tolerance = 1, sa_iterations = 1000, initial_temperature = 3.0, cooling_rate = 0.999
26 - INFO - chord#: 2 done. best_score=94.0, changed=612, unchanged=277, early_stops=8/8
26 - INFO - chord#: 4 In build_straw_man_chord_sa. tolerance = 1, sa_iterations = 1000, initial_temperature = 3.0, cooling_rate = 0.999
26 - INFO - chord#: 4 done. best_score=27.0, changed=527, unchanged=419, early_stops=8/8
26 - INFO - chord#: 8 In build_straw_man_chord_sa. tolerance = 1, sa_iterations = 1000, initial_temperature = 3.0, cooling_rate = 0.999
26 - INFO - chord#: 4 done. best_score=27.0, changed=521, unchanged=451, early_stops=8/8
26 - INFO - chord#: 8 In build_straw_man_chord_sa. tolerance = 1, sa_iterations = 1000, initial_temperature = 3.0, cooling_rate = 0.999
26 - INFO - chord#: 2 done. best_score=94.0, changed=611, unchanged=272, early_stops=8/8
26 - INFO - chord#: 4 In build_straw_man_chord_sa. tolerance = 1, sa_iterations = 1000, initial_temperature = 3.0, cooling_rate = 0.999
26 - INFO - chord#: 2 done. best_score=96.0, changed=610, unchanged=341, early_stops=8/8
26 - INFO - chord#: 4 In build_straw_man_chord_sa. tolerance = 1, sa_iterations = 1000, initial_temperature = 3.0, cooling_rate = 0.999
26 - INFO - chord#: 2 done. best_score=94.0, changed=614, unchanged=320, early_stops=8/8
26 - INFO - chord#: 4 In build_straw_man_chord_sa. tolerance = 1, sa_iterations = 1000, initial_temperature = 3.0, cooling_rate = 0.999
26 - INFO - chord#: 4 done. best_score=27.0, changed=516, unchanged=312, early_stops=8/8
26 - INFO - chord#: 8 In build_straw_man_chord_sa. tolerance = 1, sa_iterations = 1000, initial_temperature = 3.0, cooling_rate = 0.999
26 - INFO - chord#: 4 done. best_score=27.0, changed=526, unchanged=478, early_stops=8/8
26 - INFO - chord#: 8 In build_straw_man_chord_sa. tolerance = 1, sa_iterations = 1000, initial_temperature = 3.0, cooling_rate = 0.999
26 - INFO - chord#: 2 done. best_score=93.0, changed=615, unchanged=419, early_stops=8/8
26 - INFO - chord#: 4 In build_straw_man_chord_sa. tolerance = 1, sa_iterations = 1000, initial_temperature = 3.0, cooling_rate = 0.999
26 - INFO - chord#: 4 done. best_score=27.0, changed=518, unchanged=350, early_stops=8/8
26 - INFO - chord#: 8 In build_straw_man_chord_sa. tolerance = 1, sa_iterations = 1000, initial_temperature = 3.0, cooling_rate = 0.999
26 - INFO - chord#: 4 done. best_score=27.0, changed=524, unchanged=383, early_stops=8/8
26 - INFO - chord#: 8 In build_straw_man_chord_sa. tolerance = 1, sa_iterations = 1000, initial_temperature = 3.0, cooling_rate = 0.999
26 - INFO - chord#: 4 done. best_score=27.0, changed=526, unchanged=410, early_stops=8/8
26 - INFO - chord#: 8 In build_straw_man_chord_sa. tolerance = 1, sa_iterations = 1000, initial_temperature = 3.0, cooling_rate = 0.999
26 - INFO - chord#: 8 done. best_score=27.0, changed=520, unchanged=397, early_stops=8/8
26 - INFO - chord#: 10 In build_straw_man_chord_sa. tolerance = 1, sa_iterations = 1000, initial_temperature = 3.0, cooling_rate = 0.999
26 - INFO - chord#: 4 done. best_score=27.0, changed=523, unchanged=469, early_stops=8/8
26 - INFO - chord#: 8 In build_straw_man_chord_sa. tolerance = 1, sa_iterations = 1000, initial_temperature = 3.0, cooling_rate = 0.999
26 - INFO - chord#: 8 done. best_score=36.0, changed=527, unchanged=469, early_stops=8/8
26 - INFO - chord#: 10 In build_straw_man_chord_sa. tolerance = 1, sa_iterations = 1000, initial_temperature = 3.0, cooling_rate = 0.999
26 - INFO - chord#: 4 done. best_score=27.0, changed=515, unchanged=411, early_stops=8/8
26 - INFO - chord#: 8 In build_straw_man_chord_sa. tolerance = 1, sa_iterations = 1000, initial_temperature = 3.0, cooling_rate = 0.999
26 - INFO - chord#: 4 done. best_score=27.0, changed=533, unchanged=443, early_stops=8/8
26 - INFO - chord#: 8 In build_straw_man_chord_sa. tolerance = 1, sa_iterations = 1000, initial_temperature = 3.0, cooling_rate = 0.999
26 - INFO - chord#: 8 done. best_score=27.0, changed=529, unchanged=383, early_stops=8/8
26 - INFO - chord#: 10 In build_straw_man_chord_sa. tolerance = 1, sa_iterations = 1000, initial_temperature = 3.0, cooling_rate = 0.999
26 - INFO - chord#: 4 done. best_score=27.0, changed=520, unchanged=356, early_stops=8/8
26 - INFO - chord#: 8 In build_straw_man_chord_sa. tolerance = 1, sa_iterations = 1000, initial_temperature = 3.0, cooling_rate = 0.999
26 - INFO - chord#: 8 done. best_score=27.0, changed=528, unchanged=390, early_stops=8/8
26 - INFO - chord#: 10 In build_straw_man_chord_sa. tolerance = 1, sa_iterations = 1000, initial_temperature = 3.0, cooling_rate = 0.999
26 - INFO - chord#: 4 done. best_score=27.0, changed=518, unchanged=315, early_stops=8/8
26 - INFO - chord#: 8 In build_straw_man_chord_sa. tolerance = 1, sa_iterations = 1000, initial_temperature = 3.0, cooling_rate = 0.999
26 - INFO - chord#: 8 done. best_score=27.0, changed=522, unchanged=324, early_stops=8/8
26 - INFO - chord#: 10 In build_straw_man_chord_sa. tolerance = 1, sa_iterations = 1000, initial_temperature = 3.0, cooling_rate = 0.999
26 - INFO - chord#: 10 done. best_score=60.0, changed=535, unchanged=296, early_stops=8/8
26 - INFO - chord#: 12 In build_straw_man_chord_sa. tolerance = 1, sa_iterations = 1000, initial_temperature = 3.0, cooling_rate = 0.999
26 - INFO - chord#: 10 done. best_score=48.0, changed=531, unchanged=413, early_stops=8/8
26 - INFO - chord#: 12 In build_straw_man_chord_sa. tolerance = 1, sa_iterations = 1000, initial_temperature = 3.0, cooling_rate = 0.999
26 - INFO - chord#: 8 done. best_score=27.0, changed=520, unchanged=403, early_stops=8/8
26 - INFO - chord#: 10 In build_straw_man_chord_sa. tolerance = 1, sa_iterations = 1000, initial_temperature = 3.0, cooling_rate = 0.999
26 - INFO - chord#: 8 done. best_score=27.0, changed=521, unchanged=521, early_stops=8/8
26 - INFO - chord#: 10 In build_straw_man_chord_sa. tolerance = 1, sa_iterations = 1000, initial_temperature = 3.0, cooling_rate = 0.999
26 - INFO - chord#: 10 done. best_score=48.0, changed=538, unchanged=297, early_stops=8/8
26 - INFO - chord#: 12 In build_straw_man_chord_sa. tolerance = 1, sa_iterations = 1000, initial_temperature = 3.0, cooling_rate = 0.999
26 - INFO - chord#: 8 done. best_score=27.0, changed=518, unchanged=398, early_stops=8/8
26 - INFO - chord#: 10 In build_straw_man_chord_sa. tolerance = 1, sa_iterations = 1000, initial_temperature = 3.0, cooling_rate = 0.999
26 - INFO - chord#: 8 done. best_score=27.0, changed=521, unchanged=336, early_stops=8/8
26 - INFO - chord#: 10 In build_straw_man_chord_sa. tolerance = 1, sa_iterations = 1000, initial_temperature = 3.0, cooling_rate = 0.999
26 - INFO - chord#: 10 done. best_score=48.0, changed=520, unchanged=314, early_stops=8/8
26 - INFO - chord#: 12 In build_straw_man_chord_sa. tolerance = 1, sa_iterations = 1000, initial_temperature = 3.0, cooling_rate = 0.999
26 - INFO - chord#: 10 done. best_score=48.0, changed=532, unchanged=464, early_stops=8/8
26 - INFO - chord#: 12 In build_straw_man_chord_sa. tolerance = 1, sa_iterations = 1000, initial_temperature = 3.0, cooling_rate = 0.999
26 - INFO - chord#: 8 done. best_score=27.0, changed=522, unchanged=383, early_stops=8/8
26 - INFO - chord#: 10 In build_straw_man_chord_sa. tolerance = 1, sa_iterations = 1000, initial_temperature = 3.0, cooling_rate = 0.999
26 - INFO - chord#: 8 done. best_score=27.0, changed=523, unchanged=439, early_stops=8/8
26 - INFO - chord#: 10 In build_straw_man_chord_sa. tolerance = 1, sa_iterations = 1000, initial_temperature = 3.0, cooling_rate = 0.999
26 - INFO - chord#: 8 done. best_score=27.0, changed=533, unchanged=645, early_stops=8/8
26 - INFO - chord#: 10 In build_straw_man_chord_sa. tolerance = 1, sa_iterations = 1000, initial_temperature = 3.0, cooling_rate = 0.999
26 - INFO - chord#: 12 done. best_score=27.0, changed=517, unchanged=390, early_stops=8/8
26 - INFO - chord#: 14 In build_straw_man_chord_sa. tolerance = 1, sa_iterations = 1000, initial_temperature = 3.0, cooling_rate = 0.999
26 - INFO - chord#: 10 done. best_score=48.0, changed=534, unchanged=283, early_stops=8/8
26 - INFO - chord#: 12 In build_straw_man_chord_sa. tolerance = 1, sa_iterations = 1000, initial_temperature = 3.0, cooling_rate = 0.999
26 - INFO - chord#: 12 done. best_score=27.0, changed=523, unchanged=527, early_stops=8/8
26 - INFO - chord#: 14 In build_straw_man_chord_sa. tolerance = 1, sa_iterations = 1000, initial_temperature = 3.0, cooling_rate = 0.999
26 - INFO - chord#: 12 done. best_score=27.0, changed=525, unchanged=367, early_stops=8/8
26 - INFO - chord#: 14 In build_straw_man_chord_sa. tolerance = 1, sa_iterations = 1000, initial_temperature = 3.0, cooling_rate = 0.999
26 - INFO - chord#: 12 done. best_score=27.0, changed=525, unchanged=457, early_stops=8/8
26 - INFO - chord#: 14 In build_straw_man_chord_sa. tolerance = 1, sa_iterations = 1000, initial_temperature = 3.0, cooling_rate = 0.999
26 - INFO - chord#: 10 done. best_score=48.0, changed=523, unchanged=321, early_stops=8/8
26 - INFO - chord#: 12 In build_straw_man_chord_sa. tolerance = 1, sa_iterations = 1000, initial_temperature = 3.0, cooling_rate = 0.999
26 - INFO - chord#: 10 done. best_score=48.0, changed=530, unchanged=335, early_stops=8/8
26 - INFO - chord#: 12 In build_straw_man_chord_sa. tolerance = 1, sa_iterations = 1000, initial_temperature = 3.0, cooling_rate = 0.999
26 - INFO - chord#: 12 done. best_score=27.0, changed=524, unchanged=518, early_stops=8/8
26 - INFO - chord#: 14 In build_straw_man_chord_sa. tolerance = 1, sa_iterations = 1000, initial_temperature = 3.0, cooling_rate = 0.999
26 - INFO - chord#: 10 done. best_score=48.0, changed=525, unchanged=397, early_stops=8/8
26 - INFO - chord#: 12 In build_straw_man_chord_sa. tolerance = 1, sa_iterations = 1000, initial_temperature = 3.0, cooling_rate = 0.999
26 - INFO - chord#: 10 done. best_score=48.0, changed=521, unchanged=368, early_stops=8/8
26 - INFO - chord#: 12 In build_straw_man_chord_sa. tolerance = 1, sa_iterations = 1000, initial_temperature = 3.0, cooling_rate = 0.999
26 - INFO - chord#: 10 done. best_score=48.0, changed=532, unchanged=327, early_stops=8/8
26 - INFO - chord#: 12 In build_straw_man_chord_sa. tolerance = 1, sa_iterations = 1000, initial_temperature = 3.0, cooling_rate = 0.999
26 - INFO - chord#: 10 done. best_score=48.0, changed=528, unchanged=338, early_stops=8/8
26 - INFO - chord#: 12 In build_straw_man_chord_sa. tolerance = 1, sa_iterations = 1000, initial_temperature = 3.0, cooling_rate = 0.999
26 - INFO - chord#: 12 done. best_score=27.0, changed=516, unchanged=373, early_stops=8/8
26 - INFO - chord#: 14 In build_straw_man_chord_sa. tolerance = 1, sa_iterations = 1000, initial_temperature = 3.0, cooling_rate = 0.999
26 - INFO - chord#: 12 done. best_score=27.0, changed=514, unchanged=405, early_stops=8/8
26 - INFO - chord#: 14 In build_straw_man_chord_sa. tolerance = 1, sa_iterations = 1000, initial_temperature = 3.0, cooling_rate = 0.999
26 - INFO - chord#: 14 done. best_score=70.0, changed=606, unchanged=211, early_stops=8/8
26 - INFO - chord#: 16 In build_straw_man_chord_sa. tolerance = 1, sa_iterations = 1000, initial_temperature = 3.0, cooling_rate = 0.999
26 - INFO - chord#: 12 done. best_score=27.0, changed=524, unchanged=459, early_stops=8/8
26 - INFO - chord#: 14 In build_straw_man_chord_sa. tolerance = 1, sa_iterations = 1000, initial_temperature = 3.0, cooling_rate = 0.999
26 - INFO - chord#: 12 done. best_score=27.0, changed=521, unchanged=420, early_stops=8/8
26 - INFO - chord#: 14 In build_straw_man_chord_sa. tolerance = 1, sa_iterations = 1000, initial_temperature = 3.0, cooling_rate = 0.999
26 - INFO - chord#: 12 done. best_score=27.0, changed=528, unchanged=461, early_stops=8/8
26 - INFO - chord#: 14 In build_straw_man_chord_sa. tolerance = 1, sa_iterations = 1000, initial_temperature = 3.0, cooling_rate = 0.999
26 - INFO - chord#: 12 done. best_score=27.0, changed=518, unchanged=438, early_stops=8/8
26 - INFO - chord#: 14 In build_straw_man_chord_sa. tolerance = 1, sa_iterations = 1000, initial_temperature = 3.0, cooling_rate = 0.999
26 - INFO - chord#: 12 done. best_score=27.0, changed=524, unchanged=434, early_stops=8/8
26 - INFO - chord#: 14 In build_straw_man_chord_sa. tolerance = 1, sa_iterations = 1000, initial_temperature = 3.0, cooling_rate = 0.999
26 - INFO - chord#: 14 done. best_score=70.0, changed=614, unchanged=418, early_stops=8/8
26 - INFO - chord#: 16 In build_straw_man_chord_sa. tolerance = 1, sa_iterations = 1000, initial_temperature = 3.0, cooling_rate = 0.999
26 - INFO - chord#: 14 done. best_score=75.0, changed=612, unchanged=326, early_stops=8/8
26 - INFO - chord#: 16 In build_straw_man_chord_sa. tolerance = 1, sa_iterations = 1000, initial_temperature = 3.0, cooling_rate = 0.999
26 - INFO - chord#: 16 done. best_score=61.0, changed=529, unchanged=314, early_stops=8/8
26 - INFO - chord#: 18 In build_straw_man_chord_sa. tolerance = 1, sa_iterations = 1000, initial_temperature = 3.0, cooling_rate = 0.999
26 - INFO - chord#: 14 done. best_score=70.0, changed=612, unchanged=268, early_stops=8/8
26 - INFO - chord#: 16 In build_straw_man_chord_sa. tolerance = 1, sa_iterations = 1000, initial_temperature = 3.0, cooling_rate = 0.999
26 - INFO - chord#: 14 done. best_score=70.0, changed=608, unchanged=225, early_stops=8/8
26 - INFO - chord#: 16 In build_straw_man_chord_sa. tolerance = 1, sa_iterations = 1000, initial_temperature = 3.0, cooling_rate = 0.999
26 - INFO - chord#: 14 done. best_score=70.0, changed=613, unchanged=277, early_stops=8/8
26 - INFO - chord#: 16 In build_straw_man_chord_sa. tolerance = 1, sa_iterations = 1000, initial_temperature = 3.0, cooling_rate = 0.999
26 - INFO - chord#: 16 done. best_score=61.0, changed=530, unchanged=333, early_stops=8/8
26 - INFO - chord#: 18 In build_straw_man_chord_sa. tolerance = 1, sa_iterations = 1000, initial_temperature = 3.0, cooling_rate = 0.999
26 - INFO - chord#: 16 done. best_score=61.0, changed=524, unchanged=332, early_stops=8/8
26 - INFO - chord#: 18 In build_straw_man_chord_sa. tolerance = 1, sa_iterations = 1000, initial_temperature = 3.0, cooling_rate = 0.999
26 - INFO - chord#: 14 done. best_score=70.0, changed=613, unchanged=340, early_stops=8/8
26 - INFO - chord#: 16 In build_straw_man_chord_sa. tolerance = 1, sa_iterations = 1000, initial_temperature = 3.0, cooling_rate = 0.999
26 - INFO - chord#: 16 done. best_score=61.0, changed=534, unchanged=338, early_stops=8/8
26 - INFO - chord#: 18 In build_straw_man_chord_sa. tolerance = 1, sa_iterations = 1000, initial_temperature = 3.0, cooling_rate = 0.999
26 - INFO - chord#: 16 done. best_score=61.0, changed=526, unchanged=316, early_stops=8/8
26 - INFO - chord#: 18 In build_straw_man_chord_sa. tolerance = 1, sa_iterations = 1000, initial_temperature = 3.0, cooling_rate = 0.999
26 - INFO - chord#: 16 done. best_score=61.0, changed=529, unchanged=289, early_stops=8/8
26 - INFO - chord#: 18 In build_straw_man_chord_sa. tolerance = 1, sa_iterations = 1000, initial_temperature = 3.0, cooling_rate = 0.999
26 - INFO - chord#: 14 done. best_score=70.0, changed=614, unchanged=336, early_stops=8/8
26 - INFO - chord#: 16 In build_straw_man_chord_sa. tolerance = 1, sa_iterations = 1000, initial_temperature = 3.0, cooling_rate = 0.999
26 - INFO - chord#: 14 done. best_score=70.0, changed=614, unchanged=269, early_stops=8/8
26 - INFO - chord#: 16 In build_straw_man_chord_sa. tolerance = 1, sa_iterations = 1000, initial_temperature = 3.0, cooling_rate = 0.999
26 - INFO - chord#: 16 done. best_score=61.0, changed=531, unchanged=344, early_stops=8/8
26 - INFO - chord#: 14 done. best_score=70.0, changed=609, unchanged=281, early_stops=8/8
26 - INFO - chord#: 18 In build_straw_man_chord_sa. tolerance = 1, sa_iterations = 1000, initial_temperature = 3.0, cooling_rate = 0.999
26 - INFO - chord#: 16 In build_straw_man_chord_sa. tolerance = 1, sa_iterations = 1000, initial_temperature = 3.0, cooling_rate = 0.999
26 - INFO - chord#: 14 done. best_score=70.0, changed=618, unchanged=361, early_stops=8/8
26 - INFO - chord#: 16 In build_straw_man_chord_sa. tolerance = 1, sa_iterations = 1000, initial_temperature = 3.0, cooling_rate = 0.999
26 - INFO - chord#: 14 done. best_score=70.0, changed=617, unchanged=418, early_stops=8/8
26 - INFO - chord#: 16 In build_straw_man_chord_sa. tolerance = 1, sa_iterations = 1000, initial_temperature = 3.0, cooling_rate = 0.999
26 - INFO - chord#: 18 done. best_score=101.0, changed=613, unchanged=324, early_stops=8/8
26 - INFO - chord#: 20 In build_straw_man_chord_sa. tolerance = 1, sa_iterations = 1000, initial_temperature = 3.0, cooling_rate = 0.999
26 - INFO - chord#: 18 done. best_score=67.0, changed=609, unchanged=243, early_stops=8/8
26 - INFO - chord#: 20 In build_straw_man_chord_sa. tolerance = 1, sa_iterations = 1000, initial_temperature = 3.0, cooling_rate = 0.999
26 - INFO - chord#: 16 done. best_score=61.0, changed=526, unchanged=301, early_stops=8/8
26 - INFO - chord#: 18 In build_straw_man_chord_sa. tolerance = 1, sa_iterations = 1000, initial_temperature = 3.0, cooling_rate = 0.999
26 - INFO - chord#: 18 done. best_score=67.0, changed=611, unchanged=292, early_stops=8/8
26 - INFO - chord#: 20 In build_straw_man_chord_sa. tolerance = 1, sa_iterations = 1000, initial_temperature = 3.0, cooling_rate = 0.999
26 - INFO - chord#: 18 done. best_score=101.0, changed=609, unchanged=335, early_stops=8/8
26 - INFO - chord#: 20 In build_straw_man_chord_sa. tolerance = 1, sa_iterations = 1000, initial_temperature = 3.0, cooling_rate = 0.999
26 - INFO - chord#: 16 done. best_score=61.0, changed=532, unchanged=360, early_stops=8/8
26 - INFO - chord#: 18 In build_straw_man_chord_sa. tolerance = 1, sa_iterations = 1000, initial_temperature = 3.0, cooling_rate = 0.999
26 - INFO - chord#: 20 done. best_score=36.0, changed=521, unchanged=400, early_stops=8/8
26 - INFO - chord#: 24 In build_straw_man_chord_sa. tolerance = 1, sa_iterations = 1000, initial_temperature = 3.0, cooling_rate = 0.999
26 - INFO - chord#: 16 done. best_score=61.0, changed=533, unchanged=311, early_stops=8/8
26 - INFO - chord#: 18 In build_straw_man_chord_sa. tolerance = 1, sa_iterations = 1000, initial_temperature = 3.0, cooling_rate = 0.999
26 - INFO - chord#: 16 done. best_score=61.0, changed=530, unchanged=316, early_stops=8/8
26 - INFO - chord#: 18 In build_straw_man_chord_sa. tolerance = 1, sa_iterations = 1000, initial_temperature = 3.0, cooling_rate = 0.999
26 - INFO - chord#: 16 done. best_score=61.0, changed=532, unchanged=322, early_stops=8/8
26 - INFO - chord#: 18 In build_straw_man_chord_sa. tolerance = 1, sa_iterations = 1000, initial_temperature = 3.0, cooling_rate = 0.999
26 - INFO - chord#: 20 done. best_score=36.0, changed=517, unchanged=312, early_stops=8/8
26 - INFO - chord#: 24 In build_straw_man_chord_sa. tolerance = 1, sa_iterations = 1000, initial_temperature = 3.0, cooling_rate = 0.999
26 - INFO - chord#: 20 done. best_score=36.0, changed=524, unchanged=361, early_stops=8/8
26 - INFO - chord#: 24 In build_straw_man_chord_sa. tolerance = 1, sa_iterations = 1000, initial_temperature = 3.0, cooling_rate = 0.999
26 - INFO - chord#: 24 done. best_score=27.0, changed=518, unchanged=332, early_stops=8/8
26 - INFO - chord#: 26 In build_straw_man_chord_sa. tolerance = 1, sa_iterations = 1000, initial_temperature = 3.0, cooling_rate = 0.999
26 - INFO - chord#: 20 done. best_score=36.0, changed=523, unchanged=490, early_stops=8/8
26 - INFO - chord#: 24 In build_straw_man_chord_sa. tolerance = 1, sa_iterations = 1000, initial_temperature = 3.0, cooling_rate = 0.999
26 - INFO - chord#: 18 done. best_score=151.0, changed=610, unchanged=218, early_stops=8/8
26 - INFO - chord#: 20 In build_straw_man_chord_sa. tolerance = 1, sa_iterations = 1000, initial_temperature = 3.0, cooling_rate = 0.999
26 - INFO - chord#: 18 done. best_score=96.0, changed=617, unchanged=379, early_stops=8/8
26 - INFO - chord#: 20 In build_straw_man_chord_sa. tolerance = 1, sa_iterations = 1000, initial_temperature = 3.0, cooling_rate = 0.999
26 - INFO - chord#: 18 done. best_score=78.0, changed=606, unchanged=222, early_stops=8/8
26 - INFO - chord#: 20 In build_straw_man_chord_sa. tolerance = 1, sa_iterations = 1000, initial_temperature = 3.0, cooling_rate = 0.999
26 - INFO - chord#: 18 done. best_score=78.0, changed=622, unchanged=475, early_stops=8/8
26 - INFO - chord#: 20 In build_straw_man_chord_sa. tolerance = 1, sa_iterations = 1000, initial_temperature = 3.0, cooling_rate = 0.999
26 - INFO - chord#: 24 done. best_score=27.0, changed=529, unchanged=459, early_stops=8/8
26 - INFO - chord#: 26 In build_straw_man_chord_sa. tolerance = 1, sa_iterations = 1000, initial_temperature = 3.0, cooling_rate = 0.999
26 - INFO - chord#: 24 done. best_score=27.0, changed=525, unchanged=433, early_stops=8/8
26 - INFO - chord#: 26 In build_straw_man_chord_sa. tolerance = 1, sa_iterations = 1000, initial_temperature = 3.0, cooling_rate = 0.999
26 - INFO - chord#: 24 done. best_score=27.0, changed=524, unchanged=440, early_stops=8/8
26 - INFO - chord#: 26 In build_straw_man_chord_sa. tolerance = 1, sa_iterations = 1000, initial_temperature = 3.0, cooling_rate = 0.999
26 - INFO - chord#: 20 done. best_score=36.0, changed=510, unchanged=303, early_stops=8/8
26 - INFO - chord#: 24 In build_straw_man_chord_sa. tolerance = 1, sa_iterations = 1000, initial_temperature = 3.0, cooling_rate = 0.999
26 - INFO - chord#: 18 done. best_score=78.0, changed=606, unchanged=223, early_stops=8/8
26 - INFO - chord#: 20 In build_straw_man_chord_sa. tolerance = 1, sa_iterations = 1000, initial_temperature = 3.0, cooling_rate = 0.999
26 - INFO - chord#: 20 done. best_score=36.0, changed=515, unchanged=436, early_stops=8/8
26 - INFO - chord#: 24 In build_straw_man_chord_sa. tolerance = 1, sa_iterations = 1000, initial_temperature = 3.0, cooling_rate = 0.999
26 - INFO - chord#: 20 done. best_score=36.0, changed=522, unchanged=448, early_stops=8/8
26 - INFO - chord#: 24 In build_straw_man_chord_sa. tolerance = 1, sa_iterations = 1000, initial_temperature = 3.0, cooling_rate = 0.999
26 - INFO - chord#: 18 done. best_score=160.0, changed=614, unchanged=317, early_stops=8/8
26 - INFO - chord#: 20 In build_straw_man_chord_sa. tolerance = 1, sa_iterations = 1000, initial_temperature = 3.0, cooling_rate = 0.999
26 - INFO - chord#: 26 done. best_score=148.0, changed=610, unchanged=235, early_stops=8/8
26 - INFO - chord#: 20 done. best_score=36.0, changed=530, unchanged=530, early_stops=8/8
26 - INFO - chord#: 28 In build_straw_man_chord_sa. tolerance = 1, sa_iterations = 1000, initial_temperature = 3.0, cooling_rate = 0.999
26 - INFO - chord#: 24 In build_straw_man_chord_sa. tolerance = 1, sa_iterations = 1000, initial_temperature = 3.0, cooling_rate = 0.999
26 - INFO - chord#: 18 done. best_score=137.0, changed=614, unchanged=339, early_stops=8/8
26 - INFO - chord#: 20 In build_straw_man_chord_sa. tolerance = 1, sa_iterations = 1000, initial_temperature = 3.0, cooling_rate = 0.999
26 - INFO - chord#: 18 done. best_score=137.0, changed=609, unchanged=362, early_stops=8/8
26 - INFO - chord#: 20 In build_straw_man_chord_sa. tolerance = 1, sa_iterations = 1000, initial_temperature = 3.0, cooling_rate = 0.999
26 - INFO - chord#: 24 done. best_score=27.0, changed=533, unchanged=477, early_stops=8/8
26 - INFO - chord#: 26 In build_straw_man_chord_sa. tolerance = 1, sa_iterations = 1000, initial_temperature = 3.0, cooling_rate = 0.999
26 - INFO - chord#: 24 done. best_score=27.0, changed=513, unchanged=303, early_stops=8/8
26 - INFO - chord#: 26 In build_straw_man_chord_sa. tolerance = 1, sa_iterations = 1000, initial_temperature = 3.0, cooling_rate = 0.999
26 - INFO - chord#: 26 done. best_score=74.0, changed=614, unchanged=336, early_stops=8/8
26 - INFO - chord#: 28 In build_straw_man_chord_sa. tolerance = 1, sa_iterations = 1000, initial_temperature = 3.0, cooling_rate = 0.999
26 - INFO - chord#: 20 done. best_score=36.0, changed=526, unchanged=450, early_stops=8/8
26 - INFO - chord#: 24 In build_straw_man_chord_sa. tolerance = 1, sa_iterations = 1000, initial_temperature = 3.0, cooling_rate = 0.999
26 - INFO - chord#: 24 done. best_score=27.0, changed=521, unchanged=446, early_stops=8/8
26 - INFO - chord#: 26 In build_straw_man_chord_sa. tolerance = 1, sa_iterations = 1000, initial_temperature = 3.0, cooling_rate = 0.999
26 - INFO - chord#: 20 done. best_score=36.0, changed=521, unchanged=323, early_stops=8/8
26 - INFO - chord#: 24 In build_straw_man_chord_sa. tolerance = 1, sa_iterations = 1000, initial_temperature = 3.0, cooling_rate = 0.999
26 - INFO - chord#: 26 done. best_score=74.0, changed=610, unchanged=270, early_stops=8/8
26 - INFO - chord#: 28 In build_straw_man_chord_sa. tolerance = 1, sa_iterations = 1000, initial_temperature = 3.0, cooling_rate = 0.999
26 - INFO - chord#: 20 done. best_score=36.0, changed=518, unchanged=455, early_stops=8/8
26 - INFO - chord#: 24 In build_straw_man_chord_sa. tolerance = 1, sa_iterations = 1000, initial_temperature = 3.0, cooling_rate = 0.999
26 - INFO - chord#: 26 done. best_score=74.0, changed=610, unchanged=226, early_stops=8/8
26 - INFO - chord#: 28 In build_straw_man_chord_sa. tolerance = 1, sa_iterations = 1000, initial_temperature = 3.0, cooling_rate = 0.999
26 - INFO - chord#: 20 done. best_score=36.0, changed=520, unchanged=426, early_stops=8/8
26 - INFO - chord#: 24 In build_straw_man_chord_sa. tolerance = 1, sa_iterations = 1000, initial_temperature = 3.0, cooling_rate = 0.999
26 - INFO - chord#: 24 done. best_score=27.0, changed=531, unchanged=514, early_stops=8/8
26 - INFO - chord#: 26 In build_straw_man_chord_sa. tolerance = 1, sa_iterations = 1000, initial_temperature = 3.0, cooling_rate = 0.999
26 - INFO - chord#: 24 done. best_score=27.0, changed=515, unchanged=328, early_stops=8/8
26 - INFO - chord#: 26 In build_straw_man_chord_sa. tolerance = 1, sa_iterations = 1000, initial_temperature = 3.0, cooling_rate = 0.999
26 - INFO - chord#: 24 done. best_score=27.0, changed=529, unchanged=505, early_stops=8/8
26 - INFO - chord#: 26 In build_straw_man_chord_sa. tolerance = 1, sa_iterations = 1000, initial_temperature = 3.0, cooling_rate = 0.999
26 - INFO - chord#: 24 done. best_score=27.0, changed=516, unchanged=399, early_stops=8/8
26 - INFO - chord#: 26 In build_straw_man_chord_sa. tolerance = 1, sa_iterations = 1000, initial_temperature = 3.0, cooling_rate = 0.999
26 - INFO - chord#: 24 done. best_score=27.0, changed=531, unchanged=532, early_stops=8/8
26 - INFO - chord#: 26 In build_straw_man_chord_sa. tolerance = 1, sa_iterations = 1000, initial_temperature = 3.0, cooling_rate = 0.999
26 - INFO - chord#: 28 done. best_score=125.0, changed=612, unchanged=459, early_stops=8/8
26 - INFO - chord#: 32 In build_straw_man_chord_sa. tolerance = 1, sa_iterations = 1000, initial_temperature = 3.0, cooling_rate = 0.999
26 - INFO - chord#: 26 done. best_score=74.0, changed=614, unchanged=472, early_stops=8/8
26 - INFO - chord#: 28 In build_straw_man_chord_sa. tolerance = 1, sa_iterations = 1000, initial_temperature = 3.0, cooling_rate = 0.999
26 - INFO - chord#: 28 done. best_score=67.0, changed=609, unchanged=301, early_stops=8/8
26 - INFO - chord#: 32 In build_straw_man_chord_sa. tolerance = 1, sa_iterations = 1000, initial_temperature = 3.0, cooling_rate = 0.999
26 - INFO - chord#: 26 done. best_score=168.0, changed=612, unchanged=293, early_stops=8/8
26 - INFO - chord#: 28 In build_straw_man_chord_sa. tolerance = 1, sa_iterations = 1000, initial_temperature = 3.0, cooling_rate = 0.999
26 - INFO - chord#: 28 done. best_score=67.0, changed=612, unchanged=326, early_stops=8/8
26 - INFO - chord#: 32 In build_straw_man_chord_sa. tolerance = 1, sa_iterations = 1000, initial_temperature = 3.0, cooling_rate = 0.999
26 - INFO - chord#: 32 done. best_score=27.0, changed=522, unchanged=361, early_stops=8/8
26 - INFO - chord#: 36 In build_straw_man_chord_sa. tolerance = 1, sa_iterations = 1000, initial_temperature = 3.0, cooling_rate = 0.999
26 - INFO - chord#: 32 done. best_score=27.0, changed=522, unchanged=346, early_stops=8/8
26 - INFO - chord#: 36 In build_straw_man_chord_sa. tolerance = 1, sa_iterations = 1000, initial_temperature = 3.0, cooling_rate = 0.999
26 - INFO - chord#: 26 done. best_score=96.0, changed=620, unchanged=521, early_stops=8/8
26 - INFO - chord#: 28 In build_straw_man_chord_sa. tolerance = 1, sa_iterations = 1000, initial_temperature = 3.0, cooling_rate = 0.999
26 - INFO - chord#: 26 done. best_score=121.0, changed=617, unchanged=338, early_stops=8/8
26 - INFO - chord#: 28 In build_straw_man_chord_sa. tolerance = 1, sa_iterations = 1000, initial_temperature = 3.0, cooling_rate = 0.999
26 - INFO - chord#: 28 done. best_score=131.0, changed=612, unchanged=386, early_stops=8/8
26 - INFO - chord#: 32 In build_straw_man_chord_sa. tolerance = 1, sa_iterations = 1000, initial_temperature = 3.0, cooling_rate = 0.999
26 - INFO - chord#: 32 done. best_score=27.0, changed=524, unchanged=438, early_stops=8/8
26 - INFO - chord#: 36 In build_straw_man_chord_sa. tolerance = 1, sa_iterations = 1000, initial_temperature = 3.0, cooling_rate = 0.999
26 - INFO - chord#: 36 done. best_score=27.0, changed=523, unchanged=410, early_stops=8/8
26 - INFO - chord#: 44 In build_straw_man_chord_sa. tolerance = 1, sa_iterations = 1000, initial_temperature = 3.0, cooling_rate = 0.999
26 - INFO - chord#: 26 done. best_score=74.0, changed=615, unchanged=459, early_stops=8/8
26 - INFO - chord#: 28 In build_straw_man_chord_sa. tolerance = 1, sa_iterations = 1000, initial_temperature = 3.0, cooling_rate = 0.999
26 - INFO - chord#: 26 done. best_score=148.0, changed=610, unchanged=228, early_stops=8/8
26 - INFO - chord#: 28 In build_straw_man_chord_sa. tolerance = 1, sa_iterations = 1000, initial_temperature = 3.0, cooling_rate = 0.999
26 - INFO - chord#: 36 done. best_score=27.0, changed=515, unchanged=397, early_stops=8/8
26 - INFO - chord#: 44 In build_straw_man_chord_sa. tolerance = 1, sa_iterations = 1000, initial_temperature = 3.0, cooling_rate = 0.999
26 - INFO - chord#: 28 done. best_score=119.0, changed=610, unchanged=268, early_stops=8/8
26 - INFO - chord#: 32 In build_straw_man_chord_sa. tolerance = 1, sa_iterations = 1000, initial_temperature = 3.0, cooling_rate = 0.999
26 - INFO - chord#: 28 done. best_score=78.0, changed=613, unchanged=245, early_stops=8/8
26 - INFO - chord#: 32 In build_straw_man_chord_sa. tolerance = 1, sa_iterations = 1000, initial_temperature = 3.0, cooling_rate = 0.999
26 - INFO - chord#: 44 done. best_score=27.0, changed=515, unchanged=312, early_stops=8/8
26 - INFO - chord#: 48 In build_straw_man_chord_sa. tolerance = 1, sa_iterations = 1000, initial_temperature = 3.0, cooling_rate = 0.999
26 - INFO - chord#: 26 done. best_score=148.0, changed=611, unchanged=305, early_stops=8/8
26 - INFO - chord#: 28 In build_straw_man_chord_sa. tolerance = 1, sa_iterations = 1000, initial_temperature = 3.0, cooling_rate = 0.999
26 - INFO - chord#: 36 done. best_score=27.0, changed=522, unchanged=422, early_stops=8/8
26 - INFO - chord#: 44 In build_straw_man_chord_sa. tolerance = 1, sa_iterations = 1000, initial_temperature = 3.0, cooling_rate = 0.999
26 - INFO - chord#: 32 done. best_score=27.0, changed=519, unchanged=433, early_stops=8/8
26 - INFO - chord#: 36 In build_straw_man_chord_sa. tolerance = 1, sa_iterations = 1000, initial_temperature = 3.0, cooling_rate = 0.999
26 - INFO - chord#: 44 done. best_score=27.0, changed=528, unchanged=343, early_stops=8/8
26 - INFO - chord#: 26 done. best_score=96.0, changed=612, unchanged=460, early_stops=8/8
26 - INFO - chord#: 28 In build_straw_man_chord_sa. tolerance = 1, sa_iterations = 1000, initial_temperature = 3.0, cooling_rate = 0.999
26 - INFO - chord#: 48 In build_straw_man_chord_sa. tolerance = 1, sa_iterations = 1000, initial_temperature = 3.0, cooling_rate = 0.999
26 - INFO - chord#: 32 done. best_score=27.0, changed=513, unchanged=334, early_stops=8/8
26 - INFO - chord#: 36 In build_straw_man_chord_sa. tolerance = 1, sa_iterations = 1000, initial_temperature = 3.0, cooling_rate = 0.999
26 - INFO - chord#: 32 done. best_score=36.0, changed=526, unchanged=407, early_stops=8/8
26 - INFO - chord#: 36 In build_straw_man_chord_sa. tolerance = 1, sa_iterations = 1000, initial_temperature = 3.0, cooling_rate = 0.999
26 - INFO - chord#: 48 done. best_score=27.0, changed=528, unchanged=421, early_stops=8/8
26 - INFO - chord#: 50 In build_straw_man_chord_sa. tolerance = 1, sa_iterations = 1000, initial_temperature = 3.0, cooling_rate = 0.999
26 - INFO - chord#: 44 done. best_score=27.0, changed=535, unchanged=481, early_stops=8/8
26 - INFO - chord#: 48 In build_straw_man_chord_sa. tolerance = 1, sa_iterations = 1000, initial_temperature = 3.0, cooling_rate = 0.999
26 - INFO - chord#: 48 done. best_score=27.0, changed=515, unchanged=397, early_stops=8/8
26 - INFO - chord#: 50 In build_straw_man_chord_sa. tolerance = 1, sa_iterations = 1000, initial_temperature = 3.0, cooling_rate = 0.999
26 - INFO - chord#: 28 done. best_score=140.0, changed=613, unchanged=259, early_stops=8/8
26 - INFO - chord#: 32 In build_straw_man_chord_sa. tolerance = 1, sa_iterations = 1000, initial_temperature = 3.0, cooling_rate = 0.999
26 - INFO - chord#: 28 done. best_score=142.0, changed=615, unchanged=253, early_stops=8/8
26 - INFO - chord#: 32 In build_straw_man_chord_sa. tolerance = 1, sa_iterations = 1000, initial_temperature = 3.0, cooling_rate = 0.999
26 - INFO - chord#: 36 done. best_score=27.0, changed=514, unchanged=334, early_stops=8/8
26 - INFO - chord#: 44 In build_straw_man_chord_sa. tolerance = 1, sa_iterations = 1000, initial_temperature = 3.0, cooling_rate = 0.999
26 - INFO - chord#: 36 done. best_score=27.0, changed=529, unchanged=584, early_stops=8/8
26 - INFO - chord#: 44 In build_straw_man_chord_sa. tolerance = 1, sa_iterations = 1000, initial_temperature = 3.0, cooling_rate = 0.999
26 - INFO - chord#: 36 done. best_score=57.0, changed=531, unchanged=402, early_stops=8/8
26 - INFO - chord#: 44 In build_straw_man_chord_sa. tolerance = 1, sa_iterations = 1000, initial_temperature = 3.0, cooling_rate = 0.999
26 - INFO - chord#: 48 done. best_score=27.0, changed=529, unchanged=443, early_stops=8/8
26 - INFO - chord#: 50 In build_straw_man_chord_sa. tolerance = 1, sa_iterations = 1000, initial_temperature = 3.0, cooling_rate = 0.999
26 - INFO - chord#: 28 done. best_score=119.0, changed=612, unchanged=382, early_stops=8/8
26 - INFO - chord#: 32 In build_straw_man_chord_sa. tolerance = 1, sa_iterations = 1000, initial_temperature = 3.0, cooling_rate = 0.999
26 - INFO - chord#: 28 done. best_score=157.0, changed=613, unchanged=323, early_stops=8/8
26 - INFO - chord#: 32 In build_straw_man_chord_sa. tolerance = 1, sa_iterations = 1000, initial_temperature = 3.0, cooling_rate = 0.999
26 - INFO - chord#: 32 done. best_score=27.0, changed=524, unchanged=381, early_stops=8/8
26 - INFO - chord#: 36 In build_straw_man_chord_sa. tolerance = 1, sa_iterations = 1000, initial_temperature = 3.0, cooling_rate = 0.999
26 - INFO - chord#: 44 done. best_score=27.0, changed=528, unchanged=441, early_stops=8/8
26 - INFO - chord#: 48 In build_straw_man_chord_sa. tolerance = 1, sa_iterations = 1000, initial_temperature = 3.0, cooling_rate = 0.999
26 - INFO - chord#: 44 done. best_score=72.0, changed=546, unchanged=353, early_stops=8/8
26 - INFO - chord#: 48 In build_straw_man_chord_sa. tolerance = 1, sa_iterations = 1000, initial_temperature = 3.0, cooling_rate = 0.999
26 - INFO - chord#: 32 done. best_score=27.0, changed=533, unchanged=395, early_stops=8/8
26 - INFO - chord#: 36 In build_straw_man_chord_sa. tolerance = 1, sa_iterations = 1000, initial_temperature = 3.0, cooling_rate = 0.999
26 - INFO - chord#: 44 done. best_score=27.0, changed=521, unchanged=364, early_stops=8/8
26 - INFO - chord#: 48 In build_straw_man_chord_sa. tolerance = 1, sa_iterations = 1000, initial_temperature = 3.0, cooling_rate = 0.999
26 - INFO - chord#: 50 done. best_score=67.0, changed=612, unchanged=219, early_stops=8/8
26 - INFO - chord#: 52 In build_straw_man_chord_sa. tolerance = 1, sa_iterations = 1000, initial_temperature = 3.0, cooling_rate = 0.999
26 - INFO - chord#: 36 done. best_score=27.0, changed=515, unchanged=331, early_stops=8/8
26 - INFO - chord#: 44 In build_straw_man_chord_sa. tolerance = 1, sa_iterations = 1000, initial_temperature = 3.0, cooling_rate = 0.999
26 - INFO - chord#: 32 done. best_score=27.0, changed=523, unchanged=418, early_stops=8/8
26 - INFO - chord#: 36 In build_straw_man_chord_sa. tolerance = 1, sa_iterations = 1000, initial_temperature = 3.0, cooling_rate = 0.999
26 - INFO - chord#: 48 done. best_score=27.0, changed=523, unchanged=393, early_stops=8/8
26 - INFO - chord#: 50 In build_straw_man_chord_sa. tolerance = 1, sa_iterations = 1000, initial_temperature = 3.0, cooling_rate = 0.999
26 - INFO - chord#: 48 done. best_score=27.0, changed=518, unchanged=331, early_stops=8/8
26 - INFO - chord#: 50 In build_straw_man_chord_sa. tolerance = 1, sa_iterations = 1000, initial_temperature = 3.0, cooling_rate = 0.999
26 - INFO - chord#: 28 done. best_score=131.0, changed=614, unchanged=448, early_stops=8/8
26 - INFO - chord#: 32 In build_straw_man_chord_sa. tolerance = 1, sa_iterations = 1000, initial_temperature = 3.0, cooling_rate = 0.999
26 - INFO - chord#: 32 done. best_score=27.0, changed=528, unchanged=487, early_stops=8/8
26 - INFO - chord#: 36 In build_straw_man_chord_sa. tolerance = 1, sa_iterations = 1000, initial_temperature = 3.0, cooling_rate = 0.999
26 - INFO - chord#: 50 done. best_score=137.0, changed=616, unchanged=323, early_stops=8/8
26 - INFO - chord#: 52 In build_straw_man_chord_sa. tolerance = 1, sa_iterations = 1000, initial_temperature = 3.0, cooling_rate = 0.999
26 - INFO - chord#: 36 done. best_score=27.0, changed=521, unchanged=401, early_stops=8/8
26 - INFO - chord#: 44 In build_straw_man_chord_sa. tolerance = 1, sa_iterations = 1000, initial_temperature = 3.0, cooling_rate = 0.999
26 - INFO - chord#: 28 done. best_score=119.0, changed=613, unchanged=454, early_stops=8/8
26 - INFO - chord#: 32 In build_straw_man_chord_sa. tolerance = 1, sa_iterations = 1000, initial_temperature = 3.0, cooling_rate = 0.999
26 - INFO - chord#: 52 done. best_score=27.0, changed=515, unchanged=508, early_stops=8/8
26 - INFO - chord#: 56 In build_straw_man_chord_sa. tolerance = 1, sa_iterations = 1000, initial_temperature = 3.0, cooling_rate = 0.999
26 - INFO - chord#: 48 done. best_score=27.0, changed=526, unchanged=542, early_stops=8/8
26 - INFO - chord#: 50 In build_straw_man_chord_sa. tolerance = 1, sa_iterations = 1000, initial_temperature = 3.0, cooling_rate = 0.999
26 - INFO - chord#: 44 done. best_score=27.0, changed=524, unchanged=356, early_stops=8/8
26 - INFO - chord#: 48 In build_straw_man_chord_sa. tolerance = 1, sa_iterations = 1000, initial_temperature = 3.0, cooling_rate = 0.999
26 - INFO - chord#: 52 done. best_score=27.0, changed=515, unchanged=463, early_stops=8/8
26 - INFO - chord#: 56 In build_straw_man_chord_sa. tolerance = 1, sa_iterations = 1000, initial_temperature = 3.0, cooling_rate = 0.999
26 - INFO - chord#: 36 done. best_score=27.0, changed=520, unchanged=457, early_stops=8/8
26 - INFO - chord#: 44 In build_straw_man_chord_sa. tolerance = 1, sa_iterations = 1000, initial_temperature = 3.0, cooling_rate = 0.999
26 - INFO - chord#: 32 done. best_score=27.0, changed=519, unchanged=367, early_stops=8/8
26 - INFO - chord#: 36 In build_straw_man_chord_sa. tolerance = 1, sa_iterations = 1000, initial_temperature = 3.0, cooling_rate = 0.999
26 - INFO - chord#: 50 done. best_score=67.0, changed=619, unchanged=431, early_stops=8/8
26 - INFO - chord#: 52 In build_straw_man_chord_sa. tolerance = 1, sa_iterations = 1000, initial_temperature = 3.0, cooling_rate = 0.999
26 - INFO - chord#: 36 done. best_score=27.0, changed=524, unchanged=397, early_stops=8/8
26 - INFO - chord#: 44 In build_straw_man_chord_sa. tolerance = 1, sa_iterations = 1000, initial_temperature = 3.0, cooling_rate = 0.999
26 - INFO - chord#: 44 done. best_score=27.0, changed=528, unchanged=388, early_stops=8/8
26 - INFO - chord#: 48 In build_straw_man_chord_sa. tolerance = 1, sa_iterations = 1000, initial_temperature = 3.0, cooling_rate = 0.999
26 - INFO - chord#: 56 done. best_score=36.0, changed=522, unchanged=325, early_stops=8/8
26 - INFO - chord#: 58 In build_straw_man_chord_sa. tolerance = 1, sa_iterations = 1000, initial_temperature = 3.0, cooling_rate = 0.999
26 - INFO - chord#: 32 done. best_score=27.0, changed=528, unchanged=399, early_stops=8/8
26 - INFO - chord#: 36 In build_straw_man_chord_sa. tolerance = 1, sa_iterations = 1000, initial_temperature = 3.0, cooling_rate = 0.999
26 - INFO - chord#: 56 done. best_score=36.0, changed=521, unchanged=334, early_stops=8/8
26 - INFO - chord#: 58 In build_straw_man_chord_sa. tolerance = 1, sa_iterations = 1000, initial_temperature = 3.0, cooling_rate = 0.999
26 - INFO - chord#: 48 done. best_score=27.0, changed=520, unchanged=410, early_stops=8/8
26 - INFO - chord#: 50 In build_straw_man_chord_sa. tolerance = 1, sa_iterations = 1000, initial_temperature = 3.0, cooling_rate = 0.999
26 - INFO - chord#: 50 done. best_score=167.0, changed=609, unchanged=280, early_stops=8/8
26 - INFO - chord#: 52 In build_straw_man_chord_sa. tolerance = 1, sa_iterations = 1000, initial_temperature = 3.0, cooling_rate = 0.999
26 - INFO - chord#: 44 done. best_score=27.0, changed=523, unchanged=403, early_stops=8/8
26 - INFO - chord#: 48 In build_straw_man_chord_sa. tolerance = 1, sa_iterations = 1000, initial_temperature = 3.0, cooling_rate = 0.999
26 - INFO - chord#: 50 done. best_score=137.0, changed=609, unchanged=292, early_stops=8/8
26 - INFO - chord#: 52 In build_straw_man_chord_sa. tolerance = 1, sa_iterations = 1000, initial_temperature = 3.0, cooling_rate = 0.999
26 - INFO - chord#: 48 done. best_score=27.0, changed=522, unchanged=496, early_stops=8/8
26 - INFO - chord#: 50 In build_straw_man_chord_sa. tolerance = 1, sa_iterations = 1000, initial_temperature = 3.0, cooling_rate = 0.999
26 - INFO - chord#: 52 done. best_score=27.0, changed=520, unchanged=498, early_stops=8/8
26 - INFO - chord#: 56 In build_straw_man_chord_sa. tolerance = 1, sa_iterations = 1000, initial_temperature = 3.0, cooling_rate = 0.999
26 - INFO - chord#: 44 done. best_score=27.0, changed=537, unchanged=348, early_stops=8/8
26 - INFO - chord#: 48 In build_straw_man_chord_sa. tolerance = 1, sa_iterations = 1000, initial_temperature = 3.0, cooling_rate = 0.999
26 - INFO - chord#: 36 done. best_score=27.0, changed=528, unchanged=528, early_stops=8/8
26 - INFO - chord#: 44 In build_straw_man_chord_sa. tolerance = 1, sa_iterations = 1000, initial_temperature = 3.0, cooling_rate = 0.999
26 - INFO - chord#: 36 done. best_score=27.0, changed=523, unchanged=417, early_stops=8/8
26 - INFO - chord#: 44 In build_straw_man_chord_sa. tolerance = 1, sa_iterations = 1000, initial_temperature = 3.0, cooling_rate = 0.999
26 - INFO - chord#: 52 done. best_score=27.0, changed=520, unchanged=452, early_stops=8/8
26 - INFO - chord#: 56 In build_straw_man_chord_sa. tolerance = 1, sa_iterations = 1000, initial_temperature = 3.0, cooling_rate = 0.999
26 - INFO - chord#: 52 done. best_score=27.0, changed=526, unchanged=535, early_stops=8/8
26 - INFO - chord#: 56 In build_straw_man_chord_sa. tolerance = 1, sa_iterations = 1000, initial_temperature = 3.0, cooling_rate = 0.999
26 - INFO - chord#: 48 done. best_score=27.0, changed=524, unchanged=409, early_stops=8/8
26 - INFO - chord#: 50 In build_straw_man_chord_sa. tolerance = 1, sa_iterations = 1000, initial_temperature = 3.0, cooling_rate = 0.999
26 - INFO - chord#: 56 done. best_score=36.0, changed=517, unchanged=360, early_stops=8/8
26 - INFO - chord#: 58 In build_straw_man_chord_sa. tolerance = 1, sa_iterations = 1000, initial_temperature = 3.0, cooling_rate = 0.999
26 - INFO - chord#: 48 done. best_score=27.0, changed=519, unchanged=357, early_stops=8/8
26 - INFO - chord#: 50 In build_straw_man_chord_sa. tolerance = 1, sa_iterations = 1000, initial_temperature = 3.0, cooling_rate = 0.999
26 - INFO - chord#: 50 done. best_score=67.0, changed=611, unchanged=352, early_stops=8/8
26 - INFO - chord#: 52 In build_straw_man_chord_sa. tolerance = 1, sa_iterations = 1000, initial_temperature = 3.0, cooling_rate = 0.999
26 - INFO - chord#: 44 done. best_score=27.0, changed=520, unchanged=328, early_stops=8/8
26 - INFO - chord#: 48 In build_straw_man_chord_sa. tolerance = 1, sa_iterations = 1000, initial_temperature = 3.0, cooling_rate = 0.999
26 - INFO - chord#: 44 done. best_score=27.0, changed=519, unchanged=364, early_stops=8/8
26 - INFO - chord#: 48 In build_straw_man_chord_sa. tolerance = 1, sa_iterations = 1000, initial_temperature = 3.0, cooling_rate = 0.999
26 - INFO - chord#: 58 done. best_score=64.0, changed=611, unchanged=418, early_stops=8/8
26 - INFO - chord#: 60 In build_straw_man_chord_sa. tolerance = 1, sa_iterations = 1000, initial_temperature = 3.0, cooling_rate = 0.999
26 - INFO - chord#: 58 done. best_score=64.0, changed=610, unchanged=354, early_stops=8/8
26 - INFO - chord#: 60 In build_straw_man_chord_sa. tolerance = 1, sa_iterations = 1000, initial_temperature = 3.0, cooling_rate = 0.999
26 - INFO - chord#: 56 done. best_score=36.0, changed=522, unchanged=374, early_stops=8/8
26 - INFO - chord#: 58 In build_straw_man_chord_sa. tolerance = 1, sa_iterations = 1000, initial_temperature = 3.0, cooling_rate = 0.999
26 - INFO - chord#: 56 done. best_score=36.0, changed=526, unchanged=345, early_stops=8/8
26 - INFO - chord#: 58 In build_straw_man_chord_sa. tolerance = 1, sa_iterations = 1000, initial_temperature = 3.0, cooling_rate = 0.999
26 - INFO - chord#: 48 done. best_score=27.0, changed=522, unchanged=355, early_stops=8/8
26 - INFO - chord#: 50 In build_straw_man_chord_sa. tolerance = 1, sa_iterations = 1000, initial_temperature = 3.0, cooling_rate = 0.999
26 - INFO - chord#: 52 done. best_score=27.0, changed=515, unchanged=434, early_stops=8/8
26 - INFO - chord#: 56 In build_straw_man_chord_sa. tolerance = 1, sa_iterations = 1000, initial_temperature = 3.0, cooling_rate = 0.999
26 - INFO - chord#: 50 done. best_score=96.0, changed=615, unchanged=410, early_stops=8/8
26 - INFO - chord#: 52 In build_straw_man_chord_sa. tolerance = 1, sa_iterations = 1000, initial_temperature = 3.0, cooling_rate = 0.999
26 - INFO - chord#: 48 done. best_score=27.0, changed=533, unchanged=420, early_stops=8/8
26 - INFO - chord#: 50 In build_straw_man_chord_sa. tolerance = 1, sa_iterations = 1000, initial_temperature = 3.0, cooling_rate = 0.999
26 - INFO - chord#: 60 done. best_score=27.0, changed=526, unchanged=418, early_stops=8/8
26 - INFO - chord#: 64 In build_straw_man_chord_sa. tolerance = 1, sa_iterations = 1000, initial_temperature = 3.0, cooling_rate = 0.999
26 - INFO - chord#: 60 done. best_score=27.0, changed=519, unchanged=593, early_stops=8/8
26 - INFO - chord#: 64 In build_straw_man_chord_sa. tolerance = 1, sa_iterations = 1000, initial_temperature = 3.0, cooling_rate = 0.999
26 - INFO - chord#: 50 done. best_score=96.0, changed=606, unchanged=339, early_stops=8/8
26 - INFO - chord#: 52 In build_straw_man_chord_sa. tolerance = 1, sa_iterations = 1000, initial_temperature = 3.0, cooling_rate = 0.999
26 - INFO - chord#: 58 done. best_score=104.0, changed=609, unchanged=250, early_stops=8/8
26 - INFO - chord#: 60 In build_straw_man_chord_sa. tolerance = 1, sa_iterations = 1000, initial_temperature = 3.0, cooling_rate = 0.999
26 - INFO - chord#: 50 done. best_score=67.0, changed=610, unchanged=235, early_stops=8/8
26 - INFO - chord#: 52 In build_straw_man_chord_sa. tolerance = 1, sa_iterations = 1000, initial_temperature = 3.0, cooling_rate = 0.999
26 - INFO - chord#: 52 done. best_score=27.0, changed=520, unchanged=488, early_stops=8/8
26 - INFO - chord#: 56 In build_straw_man_chord_sa. tolerance = 1, sa_iterations = 1000, initial_temperature = 3.0, cooling_rate = 0.999
26 - INFO - chord#: 56 done. best_score=36.0, changed=527, unchanged=372, early_stops=8/8
26 - INFO - chord#: 58 In build_straw_man_chord_sa. tolerance = 1, sa_iterations = 1000, initial_temperature = 3.0, cooling_rate = 0.999
26 - INFO - chord#: 58 done. best_score=172.0, changed=612, unchanged=266, early_stops=8/8
26 - INFO - chord#: 60 In build_straw_man_chord_sa. tolerance = 1, sa_iterations = 1000, initial_temperature = 3.0, cooling_rate = 0.999
26 - INFO - chord#: 60 done. best_score=27.0, changed=519, unchanged=453, early_stops=8/8
26 - INFO - chord#: 64 In build_straw_man_chord_sa. tolerance = 1, sa_iterations = 1000, initial_temperature = 3.0, cooling_rate = 0.999
26 - INFO - chord#: 52 done. best_score=27.0, changed=525, unchanged=597, early_stops=8/8
26 - INFO - chord#: 56 In build_straw_man_chord_sa. tolerance = 1, sa_iterations = 1000, initial_temperature = 3.0, cooling_rate = 0.999
26 - INFO - chord#: 50 done. best_score=137.0, changed=619, unchanged=497, early_stops=8/8
26 - INFO - chord#: 52 In build_straw_man_chord_sa. tolerance = 1, sa_iterations = 1000, initial_temperature = 3.0, cooling_rate = 0.999
26 - INFO - chord#: 60 done. best_score=27.0, changed=515, unchanged=432, early_stops=8/8
26 - INFO - chord#: 64 In build_straw_man_chord_sa. tolerance = 1, sa_iterations = 1000, initial_temperature = 3.0, cooling_rate = 0.999
26 - INFO - chord#: 58 done. best_score=71.0, changed=623, unchanged=619, early_stops=8/8
26 - INFO - chord#: 60 In build_straw_man_chord_sa. tolerance = 1, sa_iterations = 1000, initial_temperature = 3.0, cooling_rate = 0.999
26 - INFO - chord#: 52 done. best_score=27.0, changed=521, unchanged=520, early_stops=8/8
26 - INFO - chord#: 56 In build_straw_man_chord_sa. tolerance = 1, sa_iterations = 1000, initial_temperature = 3.0, cooling_rate = 0.999
26 - INFO - chord#: 56 done. best_score=36.0, changed=530, unchanged=509, early_stops=8/8
26 - INFO - chord#: 58 In build_straw_man_chord_sa. tolerance = 1, sa_iterations = 1000, initial_temperature = 3.0, cooling_rate = 0.999
26 - INFO - chord#: 64 done. best_score=96.0, changed=618, unchanged=378, early_stops=8/8
26 - INFO - chord#: 68 In build_straw_man_chord_sa. tolerance = 1, sa_iterations = 1000, initial_temperature = 3.0, cooling_rate = 0.999
26 - INFO - chord#: 50 done. best_score=67.0, changed=609, unchanged=297, early_stops=8/8
26 - INFO - chord#: 52 In build_straw_man_chord_sa. tolerance = 1, sa_iterations = 1000, initial_temperature = 3.0, cooling_rate = 0.999
26 - INFO - chord#: 52 done. best_score=27.0, changed=517, unchanged=369, early_stops=8/8
26 - INFO - chord#: 56 In build_straw_man_chord_sa. tolerance = 1, sa_iterations = 1000, initial_temperature = 3.0, cooling_rate = 0.999
26 - INFO - chord#: 64 done. best_score=74.0, changed=617, unchanged=477, early_stops=8/8
26 - INFO - chord#: 68 In build_straw_man_chord_sa. tolerance = 1, sa_iterations = 1000, initial_temperature = 3.0, cooling_rate = 0.999
26 - INFO - chord#: 60 done. best_score=27.0, changed=524, unchanged=347, early_stops=8/8
26 - INFO - chord#: 64 In build_straw_man_chord_sa. tolerance = 1, sa_iterations = 1000, initial_temperature = 3.0, cooling_rate = 0.999
26 - INFO - chord#: 56 done. best_score=36.0, changed=526, unchanged=468, early_stops=8/8
26 - INFO - chord#: 58 In build_straw_man_chord_sa. tolerance = 1, sa_iterations = 1000, initial_temperature = 3.0, cooling_rate = 0.999
26 - INFO - chord#: 50 done. best_score=78.0, changed=612, unchanged=349, early_stops=8/8
26 - INFO - chord#: 52 In build_straw_man_chord_sa. tolerance = 1, sa_iterations = 1000, initial_temperature = 3.0, cooling_rate = 0.999
26 - INFO - chord#: 56 done. best_score=36.0, changed=526, unchanged=443, early_stops=8/8
26 - INFO - chord#: 58 In build_straw_man_chord_sa. tolerance = 1, sa_iterations = 1000, initial_temperature = 3.0, cooling_rate = 0.999
26 - INFO - chord#: 64 done. best_score=74.0, changed=612, unchanged=261, early_stops=8/8
26 - INFO - chord#: 68 In build_straw_man_chord_sa. tolerance = 1, sa_iterations = 1000, initial_temperature = 3.0, cooling_rate = 0.999
26 - INFO - chord#: 68 done. best_score=72.0, changed=529, unchanged=351, early_stops=8/8
26 - INFO - chord#: 70 In build_straw_man_chord_sa. tolerance = 1, sa_iterations = 1000, initial_temperature = 3.0, cooling_rate = 0.999
26 - INFO - chord#: 58 done. best_score=104.0, changed=610, unchanged=302, early_stops=8/8
26 - INFO - chord#: 60 In build_straw_man_chord_sa. tolerance = 1, sa_iterations = 1000, initial_temperature = 3.0, cooling_rate = 0.999
26 - INFO - chord#: 56 done. best_score=36.0, changed=519, unchanged=315, early_stops=8/8
26 - INFO - chord#: 58 In build_straw_man_chord_sa. tolerance = 1, sa_iterations = 1000, initial_temperature = 3.0, cooling_rate = 0.999
26 - INFO - chord#: 68 done. best_score=36.0, changed=528, unchanged=370, early_stops=8/8
26 - INFO - chord#: 70 In build_straw_man_chord_sa. tolerance = 1, sa_iterations = 1000, initial_temperature = 3.0, cooling_rate = 0.999
26 - INFO - chord#: 52 done. best_score=27.0, changed=519, unchanged=456, early_stops=8/8
26 - INFO - chord#: 56 In build_straw_man_chord_sa. tolerance = 1, sa_iterations = 1000, initial_temperature = 3.0, cooling_rate = 0.999
26 - INFO - chord#: 70 done. best_score=37.0, changed=517, unchanged=288, early_stops=8/8
26 - INFO - chord#: 72 In build_straw_man_chord_sa. tolerance = 1, sa_iterations = 1000, initial_temperature = 3.0, cooling_rate = 0.999
26 - INFO - chord#: 68 done. best_score=36.0, changed=530, unchanged=357, early_stops=8/8
26 - INFO - chord#: 70 In build_straw_man_chord_sa. tolerance = 1, sa_iterations = 1000, initial_temperature = 3.0, cooling_rate = 0.999
26 - INFO - chord#: 64 done. best_score=74.0, changed=612, unchanged=305, early_stops=8/8
26 - INFO - chord#: 68 In build_straw_man_chord_sa. tolerance = 1, sa_iterations = 1000, initial_temperature = 3.0, cooling_rate = 0.999
26 - INFO - chord#: 52 done. best_score=27.0, changed=519, unchanged=400, early_stops=8/8
26 - INFO - chord#: 56 In build_straw_man_chord_sa. tolerance = 1, sa_iterations = 1000, initial_temperature = 3.0, cooling_rate = 0.999
26 - INFO - chord#: 70 done. best_score=37.0, changed=515, unchanged=305, early_stops=8/8
26 - INFO - chord#: 72 In build_straw_man_chord_sa. tolerance = 1, sa_iterations = 1000, initial_temperature = 3.0, cooling_rate = 0.999
26 - INFO - chord#: 58 done. best_score=71.0, changed=609, unchanged=224, early_stops=8/8
26 - INFO - chord#: 60 In build_straw_man_chord_sa. tolerance = 1, sa_iterations = 1000, initial_temperature = 3.0, cooling_rate = 0.999
26 - INFO - chord#: 60 done. best_score=36.0, changed=515, unchanged=395, early_stops=8/8
26 - INFO - chord#: 64 In build_straw_man_chord_sa. tolerance = 1, sa_iterations = 1000, initial_temperature = 3.0, cooling_rate = 0.999
26 - INFO - chord#: 70 done. best_score=37.0, changed=538, unchanged=328, early_stops=8/8
26 - INFO - chord#: 72 In build_straw_man_chord_sa. tolerance = 1, sa_iterations = 1000, initial_temperature = 3.0, cooling_rate = 0.999
26 - INFO - chord#: 56 done. best_score=36.0, changed=519, unchanged=365, early_stops=8/8
26 - INFO - chord#: 58 In build_straw_man_chord_sa. tolerance = 1, sa_iterations = 1000, initial_temperature = 3.0, cooling_rate = 0.999
26 - INFO - chord#: 64 done. best_score=74.0, changed=607, unchanged=285, early_stops=8/8
26 - INFO - chord#: 68 In build_straw_man_chord_sa. tolerance = 1, sa_iterations = 1000, initial_temperature = 3.0, cooling_rate = 0.999
26 - INFO - chord#: 68 done. best_score=36.0, changed=523, unchanged=303, early_stops=8/8
26 - INFO - chord#: 70 In build_straw_man_chord_sa. tolerance = 1, sa_iterations = 1000, initial_temperature = 3.0, cooling_rate = 0.999
26 - INFO - chord#: 58 done. best_score=157.0, changed=614, unchanged=280, early_stops=8/8
26 - INFO - chord#: 60 In build_straw_man_chord_sa. tolerance = 1, sa_iterations = 1000, initial_temperature = 3.0, cooling_rate = 0.999
26 - INFO - chord#: 58 done. best_score=64.0, changed=610, unchanged=382, early_stops=8/8
26 - INFO - chord#: 60 In build_straw_man_chord_sa. tolerance = 1, sa_iterations = 1000, initial_temperature = 3.0, cooling_rate = 0.999
26 - INFO - chord#: 56 done. best_score=36.0, changed=534, unchanged=426, early_stops=8/8
26 - INFO - chord#: 58 In build_straw_man_chord_sa. tolerance = 1, sa_iterations = 1000, initial_temperature = 3.0, cooling_rate = 0.999
26 - INFO - chord#: 58 done. best_score=71.0, changed=609, unchanged=259, early_stops=8/8
26 - INFO - chord#: 60 In build_straw_man_chord_sa. tolerance = 1, sa_iterations = 1000, initial_temperature = 3.0, cooling_rate = 0.999
26 - INFO - chord#: 70 done. best_score=35.0, changed=523, unchanged=321, early_stops=8/8
26 - INFO - chord#: 72 In build_straw_man_chord_sa. tolerance = 1, sa_iterations = 1000, initial_temperature = 3.0, cooling_rate = 0.999
26 - INFO - chord#: 60 done. best_score=27.0, changed=514, unchanged=399, early_stops=8/8
26 - INFO - chord#: 64 In build_straw_man_chord_sa. tolerance = 1, sa_iterations = 1000, initial_temperature = 3.0, cooling_rate = 0.999
26 - INFO - chord#: 68 done. best_score=57.0, changed=517, unchanged=314, early_stops=8/8
26 - INFO - chord#: 70 In build_straw_man_chord_sa. tolerance = 1, sa_iterations = 1000, initial_temperature = 3.0, cooling_rate = 0.999
26 - INFO - chord#: 72 done. best_score=140.0, changed=612, unchanged=318, early_stops=8/8
26 - INFO - chord#: 74 In build_straw_man_chord_sa. tolerance = 1, sa_iterations = 1000, initial_temperature = 3.0, cooling_rate = 0.999
26 - INFO - chord#: 60 done. best_score=27.0, changed=521, unchanged=524, early_stops=8/8
26 - INFO - chord#: 64 In build_straw_man_chord_sa. tolerance = 1, sa_iterations = 1000, initial_temperature = 3.0, cooling_rate = 0.999
26 - INFO - chord#: 70 done. best_score=56.0, changed=525, unchanged=321, early_stops=8/8
26 - INFO - chord#: 72 In build_straw_man_chord_sa. tolerance = 1, sa_iterations = 1000, initial_temperature = 3.0, cooling_rate = 0.999
26 - INFO - chord#: 60 done. best_score=27.0, changed=514, unchanged=417, early_stops=8/8
26 - INFO - chord#: 64 In build_straw_man_chord_sa. tolerance = 1, sa_iterations = 1000, initial_temperature = 3.0, cooling_rate = 0.999
26 - INFO - chord#: 72 done. best_score=142.0, changed=613, unchanged=266, early_stops=8/8
26 - INFO - chord#: 74 In build_straw_man_chord_sa. tolerance = 1, sa_iterations = 1000, initial_temperature = 3.0, cooling_rate = 0.999
26 - INFO - chord#: 72 done. best_score=140.0, changed=615, unchanged=438, early_stops=8/8
26 - INFO - chord#: 74 In build_straw_man_chord_sa. tolerance = 1, sa_iterations = 1000, initial_temperature = 3.0, cooling_rate = 0.999
26 - INFO - chord#: 74 done. best_score=27.0, changed=525, unchanged=322, early_stops=8/8
26 - INFO - chord#: 76 In build_straw_man_chord_sa. tolerance = 1, sa_iterations = 1000, initial_temperature = 3.0, cooling_rate = 0.999
26 - INFO - chord#: 60 done. best_score=27.0, changed=527, unchanged=425, early_stops=8/8
26 - INFO - chord#: 64 In build_straw_man_chord_sa. tolerance = 1, sa_iterations = 1000, initial_temperature = 3.0, cooling_rate = 0.999
26 - INFO - chord#: 64 done. best_score=96.0, changed=608, unchanged=281, early_stops=8/8
26 - INFO - chord#: 68 In build_straw_man_chord_sa. tolerance = 1, sa_iterations = 1000, initial_temperature = 3.0, cooling_rate = 0.999
26 - INFO - chord#: 74 done. best_score=27.0, changed=518, unchanged=337, early_stops=8/8
26 - INFO - chord#: 76 In build_straw_man_chord_sa. tolerance = 1, sa_iterations = 1000, initial_temperature = 3.0, cooling_rate = 0.999
26 - INFO - chord#: 74 done. best_score=36.0, changed=525, unchanged=418, early_stops=8/8
26 - INFO - chord#: 76 In build_straw_man_chord_sa. tolerance = 1, sa_iterations = 1000, initial_temperature = 3.0, cooling_rate = 0.999
26 - INFO - chord#: 72 done. best_score=140.0, changed=615, unchanged=304, early_stops=8/8
26 - INFO - chord#: 74 In build_straw_man_chord_sa. tolerance = 1, sa_iterations = 1000, initial_temperature = 3.0, cooling_rate = 0.999
26 - INFO - chord#: 58 done. best_score=157.0, changed=616, unchanged=473, early_stops=8/8
26 - INFO - chord#: 60 In build_straw_man_chord_sa. tolerance = 1, sa_iterations = 1000, initial_temperature = 3.0, cooling_rate = 0.999
26 - INFO - chord#: 58 done. best_score=71.0, changed=613, unchanged=300, early_stops=8/8
26 - INFO - chord#: 60 In build_straw_man_chord_sa. tolerance = 1, sa_iterations = 1000, initial_temperature = 3.0, cooling_rate = 0.999
26 - INFO - chord#: 68 done. best_score=72.0, changed=531, unchanged=341, early_stops=8/8
26 - INFO - chord#: 70 In build_straw_man_chord_sa. tolerance = 1, sa_iterations = 1000, initial_temperature = 3.0, cooling_rate = 0.999
26 - INFO - chord#: 64 done. best_score=148.0, changed=612, unchanged=281, early_stops=8/8
26 - INFO - chord#: 68 In build_straw_man_chord_sa. tolerance = 1, sa_iterations = 1000, initial_temperature = 3.0, cooling_rate = 0.999
26 - INFO - chord#: 74 done. best_score=27.0, changed=523, unchanged=373, early_stops=8/8
26 - INFO - chord#: 76 In build_straw_man_chord_sa. tolerance = 1, sa_iterations = 1000, initial_temperature = 3.0, cooling_rate = 0.999
26 - INFO - chord#: 72 done. best_score=140.0, changed=618, unchanged=385, early_stops=8/8
26 - INFO - chord#: 74 In build_straw_man_chord_sa. tolerance = 1, sa_iterations = 1000, initial_temperature = 3.0, cooling_rate = 0.999
26 - INFO - chord#: 64 done. best_score=96.0, changed=610, unchanged=315, early_stops=8/8
26 - INFO - chord#: 68 In build_straw_man_chord_sa. tolerance = 1, sa_iterations = 1000, initial_temperature = 3.0, cooling_rate = 0.999
26 - INFO - chord#: 60 done. best_score=27.0, changed=516, unchanged=405, early_stops=8/8
26 - INFO - chord#: 64 In build_straw_man_chord_sa. tolerance = 1, sa_iterations = 1000, initial_temperature = 3.0, cooling_rate = 0.999
26 - INFO - chord#: 70 done. best_score=49.0, changed=522, unchanged=437, early_stops=8/8
26 - INFO - chord#: 72 In build_straw_man_chord_sa. tolerance = 1, sa_iterations = 1000, initial_temperature = 3.0, cooling_rate = 0.999
26 - INFO - chord#: 76 done. best_score=78.0, changed=618, unchanged=442, early_stops=8/8
26 - INFO - chord#: 78 In build_straw_man_chord_sa. tolerance = 1, sa_iterations = 1000, initial_temperature = 3.0, cooling_rate = 0.999
26 - INFO - chord#: 64 done. best_score=74.0, changed=609, unchanged=271, early_stops=8/8
26 - INFO - chord#: 68 In build_straw_man_chord_sa. tolerance = 1, sa_iterations = 1000, initial_temperature = 3.0, cooling_rate = 0.999
26 - INFO - chord#: 60 done. best_score=27.0, changed=520, unchanged=524, early_stops=8/8
26 - INFO - chord#: 64 In build_straw_man_chord_sa. tolerance = 1, sa_iterations = 1000, initial_temperature = 3.0, cooling_rate = 0.999
26 - INFO - chord#: 76 done. best_score=78.0, changed=612, unchanged=277, early_stops=8/8
26 - INFO - chord#: 78 In build_straw_man_chord_sa. tolerance = 1, sa_iterations = 1000, initial_temperature = 3.0, cooling_rate = 0.999
26 - INFO - chord#: 68 done. best_score=72.0, changed=543, unchanged=469, early_stops=8/8
26 - INFO - chord#: 70 In build_straw_man_chord_sa. tolerance = 1, sa_iterations = 1000, initial_temperature = 3.0, cooling_rate = 0.999
26 - INFO - chord#: 74 done. best_score=27.0, changed=524, unchanged=559, early_stops=8/8
26 - INFO - chord#: 76 In build_straw_man_chord_sa. tolerance = 1, sa_iterations = 1000, initial_temperature = 3.0, cooling_rate = 0.999
26 - INFO - chord#: 76 done. best_score=119.0, changed=613, unchanged=316, early_stops=8/8
26 - INFO - chord#: 78 In build_straw_man_chord_sa. tolerance = 1, sa_iterations = 1000, initial_temperature = 3.0, cooling_rate = 0.999
26 - INFO - chord#: 68 done. best_score=36.0, changed=528, unchanged=389, early_stops=8/8
26 - INFO - chord#: 70 In build_straw_man_chord_sa. tolerance = 1, sa_iterations = 1000, initial_temperature = 3.0, cooling_rate = 0.999
26 - INFO - chord#: 64 done. best_score=96.0, changed=610, unchanged=366, early_stops=8/8
26 - INFO - chord#: 68 In build_straw_man_chord_sa. tolerance = 1, sa_iterations = 1000, initial_temperature = 3.0, cooling_rate = 0.999
26 - INFO - chord#: 76 done. best_score=119.0, changed=605, unchanged=208, early_stops=8/8
26 - INFO - chord#: 78 In build_straw_man_chord_sa. tolerance = 1, sa_iterations = 1000, initial_temperature = 3.0, cooling_rate = 0.999
26 - INFO - chord#: 78 done. best_score=27.0, changed=528, unchanged=430, early_stops=8/8
26 - INFO - chord#: 80 In build_straw_man_chord_sa. tolerance = 1, sa_iterations = 1000, initial_temperature = 3.0, cooling_rate = 0.999
26 - INFO - chord#: 78 done. best_score=27.0, changed=521, unchanged=362, early_stops=8/8
26 - INFO - chord#: 80 In build_straw_man_chord_sa. tolerance = 1, sa_iterations = 1000, initial_temperature = 3.0, cooling_rate = 0.999
26 - INFO - chord#: 68 done. best_score=36.0, changed=529, unchanged=403, early_stops=8/8
26 - INFO - chord#: 70 In build_straw_man_chord_sa. tolerance = 1, sa_iterations = 1000, initial_temperature = 3.0, cooling_rate = 0.999
26 - INFO - chord#: 70 done. best_score=49.0, changed=533, unchanged=283, early_stops=8/8
26 - INFO - chord#: 72 In build_straw_man_chord_sa. tolerance = 1, sa_iterations = 1000, initial_temperature = 3.0, cooling_rate = 0.999
26 - INFO - chord#: 70 done. best_score=35.0, changed=536, unchanged=308, early_stops=8/8
26 - INFO - chord#: 72 In build_straw_man_chord_sa. tolerance = 1, sa_iterations = 1000, initial_temperature = 3.0, cooling_rate = 0.999
26 - INFO - chord#: 78 done. best_score=27.0, changed=528, unchanged=374, early_stops=8/8
26 - INFO - chord#: 80 In build_straw_man_chord_sa. tolerance = 1, sa_iterations = 1000, initial_temperature = 3.0, cooling_rate = 0.999
26 - INFO - chord#: 68 done. best_score=36.0, changed=527, unchanged=389, early_stops=8/8
26 - INFO - chord#: 70 In build_straw_man_chord_sa. tolerance = 1, sa_iterations = 1000, initial_temperature = 3.0, cooling_rate = 0.999
26 - INFO - chord#: 78 done. best_score=27.0, changed=525, unchanged=390, early_stops=8/8
26 - INFO - chord#: 80 In build_straw_man_chord_sa. tolerance = 1, sa_iterations = 1000, initial_temperature = 3.0, cooling_rate = 0.999
26 - INFO - chord#: 70 done. best_score=35.0, changed=526, unchanged=337, early_stops=8/8
26 - INFO - chord#: 72 In build_straw_man_chord_sa. tolerance = 1, sa_iterations = 1000, initial_temperature = 3.0, cooling_rate = 0.999
26 - INFO - chord#: 72 done. best_score=140.0, changed=611, unchanged=295, early_stops=8/8
26 - INFO - chord#: 74 In build_straw_man_chord_sa. tolerance = 1, sa_iterations = 1000, initial_temperature = 3.0, cooling_rate = 0.999
26 - INFO - chord#: 64 done. best_score=74.0, changed=613, unchanged=294, early_stops=8/8
26 - INFO - chord#: 68 In build_straw_man_chord_sa. tolerance = 1, sa_iterations = 1000, initial_temperature = 3.0, cooling_rate = 0.999
26 - INFO - chord#: 64 done. best_score=121.0, changed=608, unchanged=261, early_stops=8/8
26 - INFO - chord#: 68 In build_straw_man_chord_sa. tolerance = 1, sa_iterations = 1000, initial_temperature = 3.0, cooling_rate = 0.999
26 - INFO - chord#: 70 done. best_score=35.0, changed=540, unchanged=390, early_stops=8/8
26 - INFO - chord#: 72 In build_straw_man_chord_sa. tolerance = 1, sa_iterations = 1000, initial_temperature = 3.0, cooling_rate = 0.999
26 - INFO - chord#: 76 done. best_score=67.0, changed=611, unchanged=404, early_stops=8/8
26 - INFO - chord#: 78 In build_straw_man_chord_sa. tolerance = 1, sa_iterations = 1000, initial_temperature = 3.0, cooling_rate = 0.999
26 - INFO - chord#: 72 done. best_score=140.0, changed=612, unchanged=289, early_stops=8/8
26 - INFO - chord#: 74 In build_straw_man_chord_sa. tolerance = 1, sa_iterations = 1000, initial_temperature = 3.0, cooling_rate = 0.999
26 - INFO - chord#: 72 done. best_score=142.0, changed=612, unchanged=246, early_stops=8/8
26 - INFO - chord#: 74 In build_straw_man_chord_sa. tolerance = 1, sa_iterations = 1000, initial_temperature = 3.0, cooling_rate = 0.999
26 - INFO - chord#: 80 done. best_score=78.0, changed=611, unchanged=350, early_stops=8/8
26 - INFO - chord#: 84 In build_straw_man_chord_sa. tolerance = 1, sa_iterations = 1000, initial_temperature = 3.0, cooling_rate = 0.999
26 - INFO - chord#: 74 done. best_score=27.0, changed=520, unchanged=401, early_stops=8/8
26 - INFO - chord#: 76 In build_straw_man_chord_sa. tolerance = 1, sa_iterations = 1000, initial_temperature = 3.0, cooling_rate = 0.999
26 - INFO - chord#: 68 done. best_score=36.0, changed=524, unchanged=337, early_stops=8/8
26 - INFO - chord#: 70 In build_straw_man_chord_sa. tolerance = 1, sa_iterations = 1000, initial_temperature = 3.0, cooling_rate = 0.999
26 - INFO - chord#: 68 done. best_score=36.0, changed=527, unchanged=361, early_stops=8/8
26 - INFO - chord#: 70 In build_straw_man_chord_sa. tolerance = 1, sa_iterations = 1000, initial_temperature = 3.0, cooling_rate = 0.999
26 - INFO - chord#: 80 done. best_score=119.0, changed=616, unchanged=390, early_stops=8/8
26 - INFO - chord#: 84 In build_straw_man_chord_sa. tolerance = 1, sa_iterations = 1000, initial_temperature = 3.0, cooling_rate = 0.999
26 - INFO - chord#: 78 done. best_score=36.0, changed=532, unchanged=461, early_stops=8/8
26 - INFO - chord#: 80 In build_straw_man_chord_sa. tolerance = 1, sa_iterations = 1000, initial_temperature = 3.0, cooling_rate = 0.999
26 - INFO - chord#: 80 done. best_score=67.0, changed=617, unchanged=574, early_stops=8/8
26 - INFO - chord#: 84 In build_straw_man_chord_sa. tolerance = 1, sa_iterations = 1000, initial_temperature = 3.0, cooling_rate = 0.999
26 - INFO - chord#: 74 done. best_score=27.0, changed=525, unchanged=445, early_stops=8/8
26 - INFO - chord#: 76 In build_straw_man_chord_sa. tolerance = 1, sa_iterations = 1000, initial_temperature = 3.0, cooling_rate = 0.999
26 - INFO - chord#: 84 done. best_score=27.0, changed=523, unchanged=326, early_stops=8/8
26 - INFO - chord#: 74 done. best_score=27.0, changed=521, unchanged=312, early_stops=8/8
26 - INFO - chord#: 86 In build_straw_man_chord_sa. tolerance = 1, sa_iterations = 1000, initial_temperature = 3.0, cooling_rate = 0.999
26 - INFO - chord#: 76 In build_straw_man_chord_sa. tolerance = 1, sa_iterations = 1000, initial_temperature = 3.0, cooling_rate = 0.999
26 - INFO - chord#: 70 done. best_score=37.0, changed=531, unchanged=343, early_stops=8/8
26 - INFO - chord#: 72 In build_straw_man_chord_sa. tolerance = 1, sa_iterations = 1000, initial_temperature = 3.0, cooling_rate = 0.999
26 - INFO - chord#: 80 done. best_score=78.0, changed=610, unchanged=477, early_stops=8/8
26 - INFO - chord#: 84 In build_straw_man_chord_sa. tolerance = 1, sa_iterations = 1000, initial_temperature = 3.0, cooling_rate = 0.999
26 - INFO - chord#: 72 done. best_score=142.0, changed=611, unchanged=303, early_stops=8/8
26 - INFO - chord#: 74 In build_straw_man_chord_sa. tolerance = 1, sa_iterations = 1000, initial_temperature = 3.0, cooling_rate = 0.999
26 - INFO - chord#: 84 done. best_score=27.0, changed=516, unchanged=437, early_stops=8/8
26 - INFO - chord#: 86 In build_straw_man_chord_sa. tolerance = 1, sa_iterations = 1000, initial_temperature = 3.0, cooling_rate = 0.999
26 - INFO - chord#: 70 done. best_score=37.0, changed=525, unchanged=380, early_stops=8/8
26 - INFO - chord#: 72 In build_straw_man_chord_sa. tolerance = 1, sa_iterations = 1000, initial_temperature = 3.0, cooling_rate = 0.999
26 - INFO - chord#: 84 done. best_score=27.0, changed=527, unchanged=528, early_stops=8/8
26 - INFO - chord#: 86 In build_straw_man_chord_sa. tolerance = 1, sa_iterations = 1000, initial_temperature = 3.0, cooling_rate = 0.999
26 - INFO - chord#: 72 done. best_score=140.0, changed=612, unchanged=382, early_stops=8/8
26 - INFO - chord#: 74 In build_straw_man_chord_sa. tolerance = 1, sa_iterations = 1000, initial_temperature = 3.0, cooling_rate = 0.999
26 - INFO - chord#: 84 done. best_score=27.0, changed=521, unchanged=370, early_stops=8/8
26 - INFO - chord#: 86 In build_straw_man_chord_sa. tolerance = 1, sa_iterations = 1000, initial_temperature = 3.0, cooling_rate = 0.999
26 - INFO - chord#: 74 done. best_score=27.0, changed=522, unchanged=438, early_stops=8/8
26 - INFO - chord#: 76 In build_straw_man_chord_sa. tolerance = 1, sa_iterations = 1000, initial_temperature = 3.0, cooling_rate = 0.999
26 - INFO - chord#: 80 done. best_score=67.0, changed=608, unchanged=367, early_stops=8/8
26 - INFO - chord#: 84 In build_straw_man_chord_sa. tolerance = 1, sa_iterations = 1000, initial_temperature = 3.0, cooling_rate = 0.999
26 - INFO - chord#: 86 done. best_score=64.0, changed=615, unchanged=276, early_stops=8/8
26 - INFO - chord#: 88 In build_straw_man_chord_sa. tolerance = 1, sa_iterations = 1000, initial_temperature = 3.0, cooling_rate = 0.999
26 - INFO - chord#: 76 done. best_score=67.0, changed=610, unchanged=381, early_stops=8/8
26 - INFO - chord#: 78 In build_straw_man_chord_sa. tolerance = 1, sa_iterations = 1000, initial_temperature = 3.0, cooling_rate = 0.999
26 - INFO - chord#: 74 done. best_score=27.0, changed=514, unchanged=350, early_stops=8/8
26 - INFO - chord#: 76 In build_straw_man_chord_sa. tolerance = 1, sa_iterations = 1000, initial_temperature = 3.0, cooling_rate = 0.999
26 - INFO - chord#: 76 done. best_score=78.0, changed=614, unchanged=380, early_stops=8/8
26 - INFO - chord#: 78 In build_straw_man_chord_sa. tolerance = 1, sa_iterations = 1000, initial_temperature = 3.0, cooling_rate = 0.999
26 - INFO - chord#: 86 done. best_score=64.0, changed=609, unchanged=267, early_stops=8/8
26 - INFO - chord#: 88 In build_straw_man_chord_sa. tolerance = 1, sa_iterations = 1000, initial_temperature = 3.0, cooling_rate = 0.999
26 - INFO - chord#: 72 done. best_score=140.0, changed=609, unchanged=232, early_stops=8/8
26 - INFO - chord#: 74 In build_straw_man_chord_sa. tolerance = 1, sa_iterations = 1000, initial_temperature = 3.0, cooling_rate = 0.999
26 - INFO - chord#: 76 done. best_score=140.0, changed=607, unchanged=272, early_stops=8/8
26 - INFO - chord#: 78 In build_straw_man_chord_sa. tolerance = 1, sa_iterations = 1000, initial_temperature = 3.0, cooling_rate = 0.999
26 - INFO - chord#: 86 done. best_score=104.0, changed=614, unchanged=319, early_stops=8/8
26 - INFO - chord#: 88 In build_straw_man_chord_sa. tolerance = 1, sa_iterations = 1000, initial_temperature = 3.0, cooling_rate = 0.999
26 - INFO - chord#: 84 done. best_score=27.0, changed=528, unchanged=534, early_stops=8/8
26 - INFO - chord#: 86 In build_straw_man_chord_sa. tolerance = 1, sa_iterations = 1000, initial_temperature = 3.0, cooling_rate = 0.999
26 - INFO - chord#: 78 done. best_score=36.0, changed=536, unchanged=296, early_stops=8/8
26 - INFO - chord#: 80 In build_straw_man_chord_sa. tolerance = 1, sa_iterations = 1000, initial_temperature = 3.0, cooling_rate = 0.999
26 - INFO - chord#: 72 done. best_score=142.0, changed=615, unchanged=373, early_stops=8/8
26 - INFO - chord#: 74 In build_straw_man_chord_sa. tolerance = 1, sa_iterations = 1000, initial_temperature = 3.0, cooling_rate = 0.999
26 - INFO - chord#: 78 done. best_score=27.0, changed=520, unchanged=356, early_stops=8/8
26 - INFO - chord#: 80 In build_straw_man_chord_sa. tolerance = 1, sa_iterations = 1000, initial_temperature = 3.0, cooling_rate = 0.999
26 - INFO - chord#: 78 done. best_score=27.0, changed=536, unchanged=281, early_stops=8/8
26 - INFO - chord#: 80 In build_straw_man_chord_sa. tolerance = 1, sa_iterations = 1000, initial_temperature = 3.0, cooling_rate = 0.999
26 - INFO - chord#: 74 done. best_score=27.0, changed=521, unchanged=425, early_stops=8/8
26 - INFO - chord#: 76 In build_straw_man_chord_sa. tolerance = 1, sa_iterations = 1000, initial_temperature = 3.0, cooling_rate = 0.999
26 - INFO - chord#: 86 done. best_score=64.0, changed=611, unchanged=454, early_stops=8/8
26 - INFO - chord#: 88 In build_straw_man_chord_sa. tolerance = 1, sa_iterations = 1000, initial_temperature = 3.0, cooling_rate = 0.999
26 - INFO - chord#: 88 done. best_score=78.0, changed=607, unchanged=316, early_stops=8/8
26 - INFO - chord#: 92 In build_straw_man_chord_sa. tolerance = 1, sa_iterations = 1000, initial_temperature = 3.0, cooling_rate = 0.999
26 - INFO - chord#: 76 done. best_score=137.0, changed=610, unchanged=301, early_stops=8/8
26 - INFO - chord#: 78 In build_straw_man_chord_sa. tolerance = 1, sa_iterations = 1000, initial_temperature = 3.0, cooling_rate = 0.999
26 - INFO - chord#: 74 done. best_score=27.0, changed=522, unchanged=414, early_stops=8/8
26 - INFO - chord#: 76 In build_straw_man_chord_sa. tolerance = 1, sa_iterations = 1000, initial_temperature = 3.0, cooling_rate = 0.999
26 - INFO - chord#: 76 done. best_score=125.0, changed=605, unchanged=212, early_stops=8/8
26 - INFO - chord#: 78 In build_straw_man_chord_sa. tolerance = 1, sa_iterations = 1000, initial_temperature = 3.0, cooling_rate = 0.999
26 - INFO - chord#: 88 done. best_score=137.0, changed=610, unchanged=376, early_stops=8/8
26 - INFO - chord#: 92 In build_straw_man_chord_sa. tolerance = 1, sa_iterations = 1000, initial_temperature = 3.0, cooling_rate = 0.999
26 - INFO - chord#: 86 done. best_score=146.0, changed=607, unchanged=264, early_stops=8/8
26 - INFO - chord#: 88 In build_straw_man_chord_sa. tolerance = 1, sa_iterations = 1000, initial_temperature = 3.0, cooling_rate = 0.999
26 - INFO - chord#: 88 done. best_score=137.0, changed=611, unchanged=349, early_stops=8/8
26 - INFO - chord#: 92 In build_straw_man_chord_sa. tolerance = 1, sa_iterations = 1000, initial_temperature = 3.0, cooling_rate = 0.999
26 - INFO - chord#: 92 done. best_score=27.0, changed=517, unchanged=362, early_stops=8/8
26 - INFO - chord#: 94 In build_straw_man_chord_sa. tolerance = 1, sa_iterations = 1000, initial_temperature = 3.0, cooling_rate = 0.999
26 - INFO - chord#: 78 done. best_score=27.0, changed=534, unchanged=587, early_stops=8/8
26 - INFO - chord#: 80 In build_straw_man_chord_sa. tolerance = 1, sa_iterations = 1000, initial_temperature = 3.0, cooling_rate = 0.999
26 - INFO - chord#: 88 done. best_score=78.0, changed=611, unchanged=231, early_stops=8/8
26 - INFO - chord#: 92 In build_straw_man_chord_sa. tolerance = 1, sa_iterations = 1000, initial_temperature = 3.0, cooling_rate = 0.999
26 - INFO - chord#: 80 done. best_score=78.0, changed=613, unchanged=372, early_stops=8/8
26 - INFO - chord#: 84 In build_straw_man_chord_sa. tolerance = 1, sa_iterations = 1000, initial_temperature = 3.0, cooling_rate = 0.999
26 - INFO - chord#: 92 done. best_score=27.0, changed=521, unchanged=478, early_stops=8/8
26 - INFO - chord#: 94 In build_straw_man_chord_sa. tolerance = 1, sa_iterations = 1000, initial_temperature = 3.0, cooling_rate = 0.999
26 - INFO - chord#: 78 done. best_score=27.0, changed=517, unchanged=407, early_stops=8/8
26 - INFO - chord#: 80 In build_straw_man_chord_sa. tolerance = 1, sa_iterations = 1000, initial_temperature = 3.0, cooling_rate = 0.999
26 - INFO - chord#: 92 done. best_score=27.0, changed=534, unchanged=527, early_stops=8/8
26 - INFO - chord#: 94 In build_straw_man_chord_sa. tolerance = 1, sa_iterations = 1000, initial_temperature = 3.0, cooling_rate = 0.999
26 - INFO - chord#: 80 done. best_score=78.0, changed=609, unchanged=294, early_stops=8/8
26 - INFO - chord#: 84 In build_straw_man_chord_sa. tolerance = 1, sa_iterations = 1000, initial_temperature = 3.0, cooling_rate = 0.999
26 - INFO - chord#: 80 done. best_score=67.0, changed=612, unchanged=492, early_stops=8/8
26 - INFO - chord#: 84 In build_straw_man_chord_sa. tolerance = 1, sa_iterations = 1000, initial_temperature = 3.0, cooling_rate = 0.999
26 - INFO - chord#: 76 done. best_score=67.0, changed=612, unchanged=372, early_stops=8/8
26 - INFO - chord#: 78 In build_straw_man_chord_sa. tolerance = 1, sa_iterations = 1000, initial_temperature = 3.0, cooling_rate = 0.999
26 - INFO - chord#: 92 done. best_score=27.0, changed=521, unchanged=499, early_stops=8/8
26 - INFO - chord#: 94 In build_straw_man_chord_sa. tolerance = 1, sa_iterations = 1000, initial_temperature = 3.0, cooling_rate = 0.999
26 - INFO - chord#: 84 done. best_score=27.0, changed=523, unchanged=474, early_stops=8/8
26 - INFO - chord#: 86 In build_straw_man_chord_sa. tolerance = 1, sa_iterations = 1000, initial_temperature = 3.0, cooling_rate = 0.999
26 - INFO - chord#: 76 done. best_score=67.0, changed=615, unchanged=302, early_stops=8/8
26 - INFO - chord#: 88 done. best_score=78.0, changed=612, unchanged=365, early_stops=8/8
26 - INFO - chord#: 78 In build_straw_man_chord_sa. tolerance = 1, sa_iterations = 1000, initial_temperature = 3.0, cooling_rate = 0.999
26 - INFO - chord#: 92 In build_straw_man_chord_sa. tolerance = 1, sa_iterations = 1000, initial_temperature = 3.0, cooling_rate = 0.999
26 - INFO - chord#: 84 done. best_score=27.0, changed=512, unchanged=324, early_stops=8/8
26 - INFO - chord#: 86 In build_straw_man_chord_sa. tolerance = 1, sa_iterations = 1000, initial_temperature = 3.0, cooling_rate = 0.999
26 - INFO - chord#: 94 done. best_score=67.0, changed=616, unchanged=397, early_stops=8/8
26 - INFO - chord#: 96 In build_straw_man_chord_sa. tolerance = 1, sa_iterations = 1000, initial_temperature = 3.0, cooling_rate = 0.999
26 - INFO - chord#: 78 done. best_score=36.0, changed=539, unchanged=341, early_stops=8/8
26 - INFO - chord#: 80 In build_straw_man_chord_sa. tolerance = 1, sa_iterations = 1000, initial_temperature = 3.0, cooling_rate = 0.999
26 - INFO - chord#: 84 done. best_score=27.0, changed=545, unchanged=543, early_stops=8/8
26 - INFO - chord#: 86 In build_straw_man_chord_sa. tolerance = 1, sa_iterations = 1000, initial_temperature = 3.0, cooling_rate = 0.999
26 - INFO - chord#: 96 done. best_score=11.0, changed=489, unchanged=346, early_stops=8/8
26 - INFO - chord#: 104 In build_straw_man_chord_sa. tolerance = 1, sa_iterations = 1000, initial_temperature = 3.0, cooling_rate = 0.999
26 - INFO - chord#: 94 done. best_score=67.0, changed=614, unchanged=339, early_stops=8/8
26 - INFO - chord#: 96 In build_straw_man_chord_sa. tolerance = 1, sa_iterations = 1000, initial_temperature = 3.0, cooling_rate = 0.999
26 - INFO - chord#: 92 done. best_score=27.0, changed=522, unchanged=396, early_stops=8/8
26 - INFO - chord#: 94 In build_straw_man_chord_sa. tolerance = 1, sa_iterations = 1000, initial_temperature = 3.0, cooling_rate = 0.999
26 - INFO - chord#: 80 done. best_score=125.0, changed=611, unchanged=292, early_stops=8/8
26 - INFO - chord#: 84 In build_straw_man_chord_sa. tolerance = 1, sa_iterations = 1000, initial_temperature = 3.0, cooling_rate = 0.999
26 - INFO - chord#: 96 done. best_score=11.0, changed=485, unchanged=343, early_stops=8/8
26 - INFO - chord#: 104 In build_straw_man_chord_sa. tolerance = 1, sa_iterations = 1000, initial_temperature = 3.0, cooling_rate = 0.999
26 - INFO - chord#: 78 done. best_score=36.0, changed=521, unchanged=398, early_stops=8/8
26 - INFO - chord#: 80 In build_straw_man_chord_sa. tolerance = 1, sa_iterations = 1000, initial_temperature = 3.0, cooling_rate = 0.999
26 - INFO - chord#: 94 done. best_score=67.0, changed=614, unchanged=320, early_stops=8/8
26 - INFO - chord#: 96 In build_straw_man_chord_sa. tolerance = 1, sa_iterations = 1000, initial_temperature = 3.0, cooling_rate = 0.999
26 - INFO - chord#: 94 done. best_score=96.0, changed=608, unchanged=222, early_stops=8/8
26 - INFO - chord#: 96 In build_straw_man_chord_sa. tolerance = 1, sa_iterations = 1000, initial_temperature = 3.0, cooling_rate = 0.999
26 - INFO - chord#: 96 done. best_score=11.0, changed=494, unchanged=355, early_stops=8/8
26 - INFO - chord#: 104 In build_straw_man_chord_sa. tolerance = 1, sa_iterations = 1000, initial_temperature = 3.0, cooling_rate = 0.999
26 - INFO - chord#: 80 done. best_score=119.0, changed=612, unchanged=323, early_stops=8/8
26 - INFO - chord#: 84 In build_straw_man_chord_sa. tolerance = 1, sa_iterations = 1000, initial_temperature = 3.0, cooling_rate = 0.999
26 - INFO - chord#: 104 done. best_score=27.0, changed=527, unchanged=307, early_stops=8/8
26 - INFO - chord#: 108 In build_straw_man_chord_sa. tolerance = 1, sa_iterations = 1000, initial_temperature = 3.0, cooling_rate = 0.999
26 - INFO - chord#: 96 done. best_score=11.0, changed=467, unchanged=347, early_stops=8/8
26 - INFO - chord#: 104 In build_straw_man_chord_sa. tolerance = 1, sa_iterations = 1000, initial_temperature = 3.0, cooling_rate = 0.999
26 - INFO - chord#: 104 done. best_score=27.0, changed=536, unchanged=445, early_stops=8/8
26 - INFO - chord#: 108 In build_straw_man_chord_sa. tolerance = 1, sa_iterations = 1000, initial_temperature = 3.0, cooling_rate = 0.999
26 - INFO - chord#: 86 done. best_score=64.0, changed=609, unchanged=364, early_stops=8/8
26 - INFO - chord#: 88 In build_straw_man_chord_sa. tolerance = 1, sa_iterations = 1000, initial_temperature = 3.0, cooling_rate = 0.999
26 - INFO - chord#: 104 done. best_score=27.0, changed=533, unchanged=396, early_stops=8/8
26 - INFO - chord#: 108 In build_straw_man_chord_sa. tolerance = 1, sa_iterations = 1000, initial_temperature = 3.0, cooling_rate = 0.999
26 - INFO - chord#: 104 done. best_score=27.0, changed=526, unchanged=341, early_stops=8/8
26 - INFO - chord#: 108 In build_straw_man_chord_sa. tolerance = 1, sa_iterations = 1000, initial_temperature = 3.0, cooling_rate = 0.999
26 - INFO - chord#: 84 done. best_score=27.0, changed=520, unchanged=403, early_stops=8/8
26 - INFO - chord#: 86 In build_straw_man_chord_sa. tolerance = 1, sa_iterations = 1000, initial_temperature = 3.0, cooling_rate = 0.999
26 - INFO - chord#: 80 done. best_score=125.0, changed=609, unchanged=217, early_stops=8/8
26 - INFO - chord#: 84 In build_straw_man_chord_sa. tolerance = 1, sa_iterations = 1000, initial_temperature = 3.0, cooling_rate = 0.999
26 - INFO - chord#: 84 done. best_score=27.0, changed=533, unchanged=659, early_stops=8/8
26 - INFO - chord#: 86 In build_straw_man_chord_sa. tolerance = 1, sa_iterations = 1000, initial_temperature = 3.0, cooling_rate = 0.999
26 - INFO - chord#: 94 done. best_score=137.0, changed=609, unchanged=266, early_stops=8/8
26 - INFO - chord#: 96 In build_straw_man_chord_sa. tolerance = 1, sa_iterations = 1000, initial_temperature = 3.0, cooling_rate = 0.999
26 - INFO - chord#: 96 done. best_score=11.0, changed=486, unchanged=369, early_stops=8/8
26 - INFO - chord#: 104 In build_straw_man_chord_sa. tolerance = 1, sa_iterations = 1000, initial_temperature = 3.0, cooling_rate = 0.999
26 - INFO - chord#: 86 done. best_score=154.0, changed=610, unchanged=287, early_stops=8/8
26 - INFO - chord#: 88 In build_straw_man_chord_sa. tolerance = 1, sa_iterations = 1000, initial_temperature = 3.0, cooling_rate = 0.999
26 - INFO - chord#: 108 done. best_score=71.0, changed=612, unchanged=304, early_stops=8/8
26 - INFO - chord#: 110 In build_straw_man_chord_sa. tolerance = 1, sa_iterations = 1000, initial_temperature = 3.0, cooling_rate = 0.999
26 - INFO - chord#: 86 done. best_score=104.0, changed=616, unchanged=484, early_stops=8/8
26 - INFO - chord#: 88 In build_straw_man_chord_sa. tolerance = 1, sa_iterations = 1000, initial_temperature = 3.0, cooling_rate = 0.999
26 - INFO - chord#: 104 done. best_score=27.0, changed=525, unchanged=329, early_stops=8/8
26 - INFO - chord#: 108 In build_straw_man_chord_sa. tolerance = 1, sa_iterations = 1000, initial_temperature = 3.0, cooling_rate = 0.999
26 - INFO - chord#: 84 done. best_score=27.0, changed=521, unchanged=465, early_stops=8/8
26 - INFO - chord#: 86 In build_straw_man_chord_sa. tolerance = 1, sa_iterations = 1000, initial_temperature = 3.0, cooling_rate = 0.999
26 - INFO - chord#: 108 done. best_score=64.0, changed=608, unchanged=263, early_stops=8/8
26 - INFO - chord#: 110 In build_straw_man_chord_sa. tolerance = 1, sa_iterations = 1000, initial_temperature = 3.0, cooling_rate = 0.999
26 - INFO - chord#: 110 done. best_score=36.0, changed=572, unchanged=257, early_stops=8/8
26 - INFO - chord#: 112 In build_straw_man_chord_sa. tolerance = 1, sa_iterations = 1000, initial_temperature = 3.0, cooling_rate = 0.999
26 - INFO - chord#: 80 done. best_score=137.0, changed=613, unchanged=384, early_stops=8/8
26 - INFO - chord#: 84 In build_straw_man_chord_sa. tolerance = 1, sa_iterations = 1000, initial_temperature = 3.0, cooling_rate = 0.999
26 - INFO - chord#: 108 done. best_score=64.0, changed=612, unchanged=545, early_stops=8/8
26 - INFO - chord#: 110 In build_straw_man_chord_sa. tolerance = 1, sa_iterations = 1000, initial_temperature = 3.0, cooling_rate = 0.999
26 - INFO - chord#: 108 done. best_score=104.0, changed=605, unchanged=272, early_stops=8/8
26 - INFO - chord#: 110 In build_straw_man_chord_sa. tolerance = 1, sa_iterations = 1000, initial_temperature = 3.0, cooling_rate = 0.999
26 - INFO - chord#: 88 done. best_score=142.0, changed=608, unchanged=252, early_stops=8/8
26 - INFO - chord#: 92 In build_straw_man_chord_sa. tolerance = 1, sa_iterations = 1000, initial_temperature = 3.0, cooling_rate = 0.999
26 - INFO - chord#: 86 done. best_score=154.0, changed=609, unchanged=341, early_stops=8/8
26 - INFO - chord#: 88 In build_straw_man_chord_sa. tolerance = 1, sa_iterations = 1000, initial_temperature = 3.0, cooling_rate = 0.999
26 - INFO - chord#: 110 done. best_score=27.0, changed=518, unchanged=302, early_stops=8/8
26 - INFO - chord#: 112 In build_straw_man_chord_sa. tolerance = 1, sa_iterations = 1000, initial_temperature = 3.0, cooling_rate = 0.999
26 - INFO - chord#: 110 done. best_score=27.0, changed=529, unchanged=293, early_stops=8/8
26 - INFO - chord#: 112 In build_straw_man_chord_sa. tolerance = 1, sa_iterations = 1000, initial_temperature = 3.0, cooling_rate = 0.999
26 - INFO - chord#: 110 done. best_score=27.0, changed=527, unchanged=410, early_stops=8/8
26 - INFO - chord#: 112 In build_straw_man_chord_sa. tolerance = 1, sa_iterations = 1000, initial_temperature = 3.0, cooling_rate = 0.999
26 - INFO - chord#: 112 done. best_score=27.0, changed=521, unchanged=349, early_stops=8/8
26 - INFO - chord#: 116 In build_straw_man_chord_sa. tolerance = 1, sa_iterations = 1000, initial_temperature = 3.0, cooling_rate = 0.999
26 - INFO - chord#: 84 done. best_score=27.0, changed=524, unchanged=433, early_stops=8/8
26 - INFO - chord#: 86 In build_straw_man_chord_sa. tolerance = 1, sa_iterations = 1000, initial_temperature = 3.0, cooling_rate = 0.999
26 - INFO - chord#: 86 done. best_score=64.0, changed=613, unchanged=300, early_stops=8/8
26 - INFO - chord#: 88 In build_straw_man_chord_sa. tolerance = 1, sa_iterations = 1000, initial_temperature = 3.0, cooling_rate = 0.999
26 - INFO - chord#: 88 done. best_score=67.0, changed=611, unchanged=323, early_stops=8/8
26 - INFO - chord#: 92 In build_straw_man_chord_sa. tolerance = 1, sa_iterations = 1000, initial_temperature = 3.0, cooling_rate = 0.999
26 - INFO - chord#: 92 done. best_score=27.0, changed=525, unchanged=411, early_stops=8/8
26 - INFO - chord#: 94 In build_straw_man_chord_sa. tolerance = 1, sa_iterations = 1000, initial_temperature = 3.0, cooling_rate = 0.999
26 - INFO - chord#: 112 done. best_score=27.0, changed=518, unchanged=464, early_stops=8/8
26 - INFO - chord#: 116 In build_straw_man_chord_sa. tolerance = 1, sa_iterations = 1000, initial_temperature = 3.0, cooling_rate = 0.999
26 - INFO - chord#: 112 done. best_score=27.0, changed=513, unchanged=416, early_stops=8/8
26 - INFO - chord#: 116 In build_straw_man_chord_sa. tolerance = 1, sa_iterations = 1000, initial_temperature = 3.0, cooling_rate = 0.999
26 - INFO - chord#: 112 done. best_score=27.0, changed=523, unchanged=427, early_stops=8/8
26 - INFO - chord#: 116 In build_straw_man_chord_sa. tolerance = 1, sa_iterations = 1000, initial_temperature = 3.0, cooling_rate = 0.999
26 - INFO - chord#: 88 done. best_score=67.0, changed=615, unchanged=402, early_stops=8/8
26 - INFO - chord#: 92 In build_straw_man_chord_sa. tolerance = 1, sa_iterations = 1000, initial_temperature = 3.0, cooling_rate = 0.999
26 - INFO - chord#: 108 done. best_score=64.0, changed=619, unchanged=497, early_stops=8/8
26 - INFO - chord#: 110 In build_straw_man_chord_sa. tolerance = 1, sa_iterations = 1000, initial_temperature = 3.0, cooling_rate = 0.999
26 - INFO - chord#: 88 done. best_score=67.0, changed=614, unchanged=313, early_stops=8/8
26 - INFO - chord#: 92 In build_straw_man_chord_sa. tolerance = 1, sa_iterations = 1000, initial_temperature = 3.0, cooling_rate = 0.999
26 - INFO - chord#: 86 done. best_score=64.0, changed=611, unchanged=359, early_stops=8/8
26 - INFO - chord#: 88 In build_straw_man_chord_sa. tolerance = 1, sa_iterations = 1000, initial_temperature = 3.0, cooling_rate = 0.999
26 - INFO - chord#: 92 done. best_score=27.0, changed=522, unchanged=440, early_stops=8/8
26 - INFO - chord#: 94 In build_straw_man_chord_sa. tolerance = 1, sa_iterations = 1000, initial_temperature = 3.0, cooling_rate = 0.999
26 - INFO - chord#: 116 done. best_score=74.0, changed=616, unchanged=313, early_stops=8/8
26 - INFO - chord#: 118 In build_straw_man_chord_sa. tolerance = 1, sa_iterations = 1000, initial_temperature = 3.0, cooling_rate = 0.999
26 - INFO - chord#: 110 done. best_score=27.0, changed=521, unchanged=358, early_stops=8/8
26 - INFO - chord#: 112 In build_straw_man_chord_sa. tolerance = 1, sa_iterations = 1000, initial_temperature = 3.0, cooling_rate = 0.999
26 - INFO - chord#: 92 done. best_score=27.0, changed=522, unchanged=508, early_stops=8/8
26 - INFO - chord#: 94 In build_straw_man_chord_sa. tolerance = 1, sa_iterations = 1000, initial_temperature = 3.0, cooling_rate = 0.999
26 - INFO - chord#: 92 done. best_score=27.0, changed=516, unchanged=381, early_stops=8/8
26 - INFO - chord#: 94 In build_straw_man_chord_sa. tolerance = 1, sa_iterations = 1000, initial_temperature = 3.0, cooling_rate = 0.999
26 - INFO - chord#: 116 done. best_score=74.0, changed=608, unchanged=263, early_stops=8/8
26 - INFO - chord#: 118 In build_straw_man_chord_sa. tolerance = 1, sa_iterations = 1000, initial_temperature = 3.0, cooling_rate = 0.999
26 - INFO - chord#: 118 done. best_score=27.0, changed=529, unchanged=333, early_stops=8/8
26 - INFO - chord#: 120 In build_straw_man_chord_sa. tolerance = 1, sa_iterations = 1000, initial_temperature = 3.0, cooling_rate = 0.999
26 - INFO - chord#: 116 done. best_score=74.0, changed=608, unchanged=374, early_stops=8/8
26 - INFO - chord#: 118 In build_straw_man_chord_sa. tolerance = 1, sa_iterations = 1000, initial_temperature = 3.0, cooling_rate = 0.999
26 - INFO - chord#: 88 done. best_score=119.0, changed=607, unchanged=238, early_stops=8/8
26 - INFO - chord#: 92 In build_straw_man_chord_sa. tolerance = 1, sa_iterations = 1000, initial_temperature = 3.0, cooling_rate = 0.999
26 - INFO - chord#: 116 done. best_score=74.0, changed=609, unchanged=315, early_stops=8/8
26 - INFO - chord#: 118 In build_straw_man_chord_sa. tolerance = 1, sa_iterations = 1000, initial_temperature = 3.0, cooling_rate = 0.999
26 - INFO - chord#: 112 done. best_score=27.0, changed=524, unchanged=411, early_stops=8/8
26 - INFO - chord#: 116 In build_straw_man_chord_sa. tolerance = 1, sa_iterations = 1000, initial_temperature = 3.0, cooling_rate = 0.999
26 - INFO - chord#: 118 done. best_score=27.0, changed=533, unchanged=316, early_stops=8/8
26 - INFO - chord#: 120 In build_straw_man_chord_sa. tolerance = 1, sa_iterations = 1000, initial_temperature = 3.0, cooling_rate = 0.999
26 - INFO - chord#: 86 done. best_score=64.0, changed=623, unchanged=472, early_stops=8/8
26 - INFO - chord#: 88 In build_straw_man_chord_sa. tolerance = 1, sa_iterations = 1000, initial_temperature = 3.0, cooling_rate = 0.999
26 - INFO - chord#: 118 done. best_score=27.0, changed=526, unchanged=359, early_stops=8/8
26 - INFO - chord#: 120 In build_straw_man_chord_sa. tolerance = 1, sa_iterations = 1000, initial_temperature = 3.0, cooling_rate = 0.999
26 - INFO - chord#: 118 done. best_score=27.0, changed=517, unchanged=322, early_stops=8/8
26 - INFO - chord#: 120 In build_straw_man_chord_sa. tolerance = 1, sa_iterations = 1000, initial_temperature = 3.0, cooling_rate = 0.999
26 - INFO - chord#: 120 done. best_score=27.0, changed=527, unchanged=404, early_stops=8/8
26 - INFO - chord#: 122 In build_straw_man_chord_sa. tolerance = 1, sa_iterations = 1000, initial_temperature = 3.0, cooling_rate = 0.999
26 - INFO - chord#: 94 done. best_score=67.0, changed=611, unchanged=363, early_stops=8/8
26 - INFO - chord#: 96 In build_straw_man_chord_sa. tolerance = 1, sa_iterations = 1000, initial_temperature = 3.0, cooling_rate = 0.999
26 - INFO - chord#: 92 done. best_score=27.0, changed=520, unchanged=374, early_stops=8/8
26 - INFO - chord#: 94 In build_straw_man_chord_sa. tolerance = 1, sa_iterations = 1000, initial_temperature = 3.0, cooling_rate = 0.999
26 - INFO - chord#: 96 done. best_score=11.0, changed=472, unchanged=368, early_stops=8/8
26 - INFO - chord#: 104 In build_straw_man_chord_sa. tolerance = 1, sa_iterations = 1000, initial_temperature = 3.0, cooling_rate = 0.999
26 - INFO - chord#: 88 done. best_score=67.0, changed=613, unchanged=308, early_stops=8/8
26 - INFO - chord#: 92 In build_straw_man_chord_sa. tolerance = 1, sa_iterations = 1000, initial_temperature = 3.0, cooling_rate = 0.999
26 - INFO - chord#: 120 done. best_score=27.0, changed=515, unchanged=383, early_stops=8/8
26 - INFO - chord#: 122 In build_straw_man_chord_sa. tolerance = 1, sa_iterations = 1000, initial_temperature = 3.0, cooling_rate = 0.999
26 - INFO - chord#: 120 done. best_score=27.0, changed=527, unchanged=519, early_stops=8/8
26 - INFO - chord#: 122 In build_straw_man_chord_sa. tolerance = 1, sa_iterations = 1000, initial_temperature = 3.0, cooling_rate = 0.999
26 - INFO - chord#: 120 done. best_score=27.0, changed=524, unchanged=499, early_stops=8/8
26 - INFO - chord#: 122 In build_straw_man_chord_sa. tolerance = 1, sa_iterations = 1000, initial_temperature = 3.0, cooling_rate = 0.999
26 - INFO - chord#: 94 done. best_score=67.0, changed=618, unchanged=420, early_stops=8/8
26 - INFO - chord#: 96 In build_straw_man_chord_sa. tolerance = 1, sa_iterations = 1000, initial_temperature = 3.0, cooling_rate = 0.999
26 - INFO - chord#: 116 done. best_score=96.0, changed=617, unchanged=308, early_stops=8/8
26 - INFO - chord#: 118 In build_straw_man_chord_sa. tolerance = 1, sa_iterations = 1000, initial_temperature = 3.0, cooling_rate = 0.999
26 - INFO - chord#: 104 done. best_score=27.0, changed=537, unchanged=477, early_stops=8/8
26 - INFO - chord#: 108 In build_straw_man_chord_sa. tolerance = 1, sa_iterations = 1000, initial_temperature = 3.0, cooling_rate = 0.999
26 - INFO - chord#: 94 done. best_score=96.0, changed=608, unchanged=430, early_stops=8/8
26 - INFO - chord#: 96 In build_straw_man_chord_sa. tolerance = 1, sa_iterations = 1000, initial_temperature = 3.0, cooling_rate = 0.999
26 - INFO - chord#: 96 done. best_score=11.0, changed=490, unchanged=385, early_stops=8/8
26 - INFO - chord#: 104 In build_straw_man_chord_sa. tolerance = 1, sa_iterations = 1000, initial_temperature = 3.0, cooling_rate = 0.999
26 - INFO - chord#: 92 done. best_score=27.0, changed=520, unchanged=397, early_stops=8/8
26 - INFO - chord#: 94 In build_straw_man_chord_sa. tolerance = 1, sa_iterations = 1000, initial_temperature = 3.0, cooling_rate = 0.999
26 - INFO - chord#: 94 done. best_score=145.0, changed=608, unchanged=345, early_stops=8/8
26 - INFO - chord#: 96 In build_straw_man_chord_sa. tolerance = 1, sa_iterations = 1000, initial_temperature = 3.0, cooling_rate = 0.999
26 - INFO - chord#: 96 done. best_score=11.0, changed=490, unchanged=388, early_stops=8/8
26 - INFO - chord#: 104 In build_straw_man_chord_sa. tolerance = 1, sa_iterations = 1000, initial_temperature = 3.0, cooling_rate = 0.999
26 - INFO - chord#: 122 done. best_score=74.0, changed=616, unchanged=257, early_stops=8/8
26 - INFO - chord#: 124 In build_straw_man_chord_sa. tolerance = 1, sa_iterations = 1000, initial_temperature = 3.0, cooling_rate = 0.999
26 - INFO - chord#: 96 done. best_score=11.0, changed=476, unchanged=345, early_stops=8/8
26 - INFO - chord#: 104 In build_straw_man_chord_sa. tolerance = 1, sa_iterations = 1000, initial_temperature = 3.0, cooling_rate = 0.999
26 - INFO - chord#: 118 done. best_score=27.0, changed=527, unchanged=356, early_stops=8/8
26 - INFO - chord#: 120 In build_straw_man_chord_sa. tolerance = 1, sa_iterations = 1000, initial_temperature = 3.0, cooling_rate = 0.999
26 - INFO - chord#: 88 done. best_score=78.0, changed=610, unchanged=237, early_stops=8/8
26 - INFO - chord#: 92 In build_straw_man_chord_sa. tolerance = 1, sa_iterations = 1000, initial_temperature = 3.0, cooling_rate = 0.999
26 - INFO - chord#: 104 done. best_score=27.0, changed=520, unchanged=323, early_stops=8/8
26 - INFO - chord#: 108 In build_straw_man_chord_sa. tolerance = 1, sa_iterations = 1000, initial_temperature = 3.0, cooling_rate = 0.999
26 - INFO - chord#: 104 done. best_score=27.0, changed=530, unchanged=373, early_stops=8/8
26 - INFO - chord#: 108 In build_straw_man_chord_sa. tolerance = 1, sa_iterations = 1000, initial_temperature = 3.0, cooling_rate = 0.999
26 - INFO - chord#: 124 done. best_score=27.0, changed=515, unchanged=405, early_stops=8/8
26 - INFO - chord#: 128 In build_straw_man_chord_sa. tolerance = 1, sa_iterations = 1000, initial_temperature = 3.0, cooling_rate = 0.999
26 - INFO - chord#: 94 done. best_score=125.0, changed=608, unchanged=267, early_stops=8/8
26 - INFO - chord#: 96 In build_straw_man_chord_sa. tolerance = 1, sa_iterations = 1000, initial_temperature = 3.0, cooling_rate = 0.999
26 - INFO - chord#: 122 done. best_score=74.0, changed=615, unchanged=327, early_stops=8/8
26 - INFO - chord#: 124 In build_straw_man_chord_sa. tolerance = 1, sa_iterations = 1000, initial_temperature = 3.0, cooling_rate = 0.999
26 - INFO - chord#: 104 done. best_score=27.0, changed=529, unchanged=350, early_stops=8/8
26 - INFO - chord#: 108 In build_straw_man_chord_sa. tolerance = 1, sa_iterations = 1000, initial_temperature = 3.0, cooling_rate = 0.999
26 - INFO - chord#: 122 done. best_score=74.0, changed=619, unchanged=432, early_stops=8/8
26 - INFO - chord#: 124 In build_straw_man_chord_sa. tolerance = 1, sa_iterations = 1000, initial_temperature = 3.0, cooling_rate = 0.999
26 - INFO - chord#: 122 done. best_score=74.0, changed=615, unchanged=378, early_stops=8/8
26 - INFO - chord#: 124 In build_straw_man_chord_sa. tolerance = 1, sa_iterations = 1000, initial_temperature = 3.0, cooling_rate = 0.999
26 - INFO - chord#: 96 done. best_score=11.0, changed=492, unchanged=357, early_stops=8/8
26 - INFO - chord#: 104 In build_straw_man_chord_sa. tolerance = 1, sa_iterations = 1000, initial_temperature = 3.0, cooling_rate = 0.999
26 - INFO - chord#: 120 done. best_score=27.0, changed=535, unchanged=481, early_stops=8/8
26 - INFO - chord#: 122 In build_straw_man_chord_sa. tolerance = 1, sa_iterations = 1000, initial_temperature = 3.0, cooling_rate = 0.999
26 - INFO - chord#: 128 done. best_score=27.0, changed=521, unchanged=470, early_stops=8/8
26 - INFO - chord#: 132 In build_straw_man_chord_sa. tolerance = 1, sa_iterations = 1000, initial_temperature = 3.0, cooling_rate = 0.999
26 - INFO - chord#: 92 done. best_score=27.0, changed=531, unchanged=562, early_stops=8/8
26 - INFO - chord#: 94 In build_straw_man_chord_sa. tolerance = 1, sa_iterations = 1000, initial_temperature = 3.0, cooling_rate = 0.999
26 - INFO - chord#: 124 done. best_score=27.0, changed=518, unchanged=341, early_stops=8/8
26 - INFO - chord#: 128 In build_straw_man_chord_sa. tolerance = 1, sa_iterations = 1000, initial_temperature = 3.0, cooling_rate = 0.999
26 - INFO - chord#: 124 done. best_score=27.0, changed=526, unchanged=424, early_stops=8/8
26 - INFO - chord#: 128 In build_straw_man_chord_sa. tolerance = 1, sa_iterations = 1000, initial_temperature = 3.0, cooling_rate = 0.999
26 - INFO - chord#: 108 done. best_score=146.0, changed=607, unchanged=321, early_stops=8/8
26 - INFO - chord#: 110 In build_straw_man_chord_sa. tolerance = 1, sa_iterations = 1000, initial_temperature = 3.0, cooling_rate = 0.999
26 - INFO - chord#: 124 done. best_score=27.0, changed=519, unchanged=352, early_stops=8/8
26 - INFO - chord#: 128 In build_straw_man_chord_sa. tolerance = 1, sa_iterations = 1000, initial_temperature = 3.0, cooling_rate = 0.999
26 - INFO - chord#: 104 done. best_score=27.0, changed=536, unchanged=349, early_stops=8/8
26 - INFO - chord#: 108 In build_straw_man_chord_sa. tolerance = 1, sa_iterations = 1000, initial_temperature = 3.0, cooling_rate = 0.999
26 - INFO - chord#: 108 done. best_score=146.0, changed=609, unchanged=234, early_stops=8/8
26 - INFO - chord#: 110 In build_straw_man_chord_sa. tolerance = 1, sa_iterations = 1000, initial_temperature = 3.0, cooling_rate = 0.999
26 - INFO - chord#: 132 done. best_score=27.0, changed=533, unchanged=408, early_stops=8/8
26 - INFO - chord#: 136 In build_straw_man_chord_sa. tolerance = 1, sa_iterations = 1000, initial_temperature = 3.0, cooling_rate = 0.999
26 - INFO - chord#: 128 done. best_score=27.0, changed=522, unchanged=391, early_stops=8/8
26 - INFO - chord#: 132 In build_straw_man_chord_sa. tolerance = 1, sa_iterations = 1000, initial_temperature = 3.0, cooling_rate = 0.999
26 - INFO - chord#: 128 done. best_score=27.0, changed=517, unchanged=341, early_stops=8/8
26 - INFO - chord#: 132 In build_straw_man_chord_sa. tolerance = 1, sa_iterations = 1000, initial_temperature = 3.0, cooling_rate = 0.999
26 - INFO - chord#: 110 done. best_score=85.0, changed=535, unchanged=351, early_stops=8/8
26 - INFO - chord#: 112 In build_straw_man_chord_sa. tolerance = 1, sa_iterations = 1000, initial_temperature = 3.0, cooling_rate = 0.999
26 - INFO - chord#: 128 done. best_score=27.0, changed=522, unchanged=518, early_stops=8/8
26 - INFO - chord#: 132 In build_straw_man_chord_sa. tolerance = 1, sa_iterations = 1000, initial_temperature = 3.0, cooling_rate = 0.999
26 - INFO - chord#: 122 done. best_score=74.0, changed=608, unchanged=224, early_stops=8/8
26 - INFO - chord#: 124 In build_straw_man_chord_sa. tolerance = 1, sa_iterations = 1000, initial_temperature = 3.0, cooling_rate = 0.999
26 - INFO - chord#: 94 done. best_score=137.0, changed=614, unchanged=459, early_stops=8/8
26 - INFO - chord#: 96 In build_straw_man_chord_sa. tolerance = 1, sa_iterations = 1000, initial_temperature = 3.0, cooling_rate = 0.999
26 - INFO - chord#: 110 done. best_score=36.0, changed=534, unchanged=297, early_stops=8/8
26 - INFO - chord#: 112 In build_straw_man_chord_sa. tolerance = 1, sa_iterations = 1000, initial_temperature = 3.0, cooling_rate = 0.999
26 - INFO - chord#: 96 done. best_score=11.0, changed=475, unchanged=343, early_stops=8/8
26 - INFO - chord#: 104 In build_straw_man_chord_sa. tolerance = 1, sa_iterations = 1000, initial_temperature = 3.0, cooling_rate = 0.999
26 - INFO - chord#: 136 done. best_score=27.0, changed=528, unchanged=385, early_stops=8/8
26 - INFO - chord#: 140 In build_straw_man_chord_sa. tolerance = 1, sa_iterations = 1000, initial_temperature = 3.0, cooling_rate = 0.999
26 - INFO - chord#: 132 done. best_score=27.0, changed=521, unchanged=472, early_stops=8/8
26 - INFO - chord#: 136 In build_straw_man_chord_sa. tolerance = 1, sa_iterations = 1000, initial_temperature = 3.0, cooling_rate = 0.999
26 - INFO - chord#: 108 done. best_score=64.0, changed=614, unchanged=357, early_stops=8/8
26 - INFO - chord#: 110 In build_straw_man_chord_sa. tolerance = 1, sa_iterations = 1000, initial_temperature = 3.0, cooling_rate = 0.999
26 - INFO - chord#: 108 done. best_score=104.0, changed=614, unchanged=478, early_stops=8/8
26 - INFO - chord#: 110 In build_straw_man_chord_sa. tolerance = 1, sa_iterations = 1000, initial_temperature = 3.0, cooling_rate = 0.999
26 - INFO - chord#: 132 done. best_score=27.0, changed=526, unchanged=348, early_stops=8/8
26 - INFO - chord#: 136 In build_straw_man_chord_sa. tolerance = 1, sa_iterations = 1000, initial_temperature = 3.0, cooling_rate = 0.999
26 - INFO - chord#: 132 done. best_score=27.0, changed=528, unchanged=486, early_stops=8/8
26 - INFO - chord#: 136 In build_straw_man_chord_sa. tolerance = 1, sa_iterations = 1000, initial_temperature = 3.0, cooling_rate = 0.999
26 - INFO - chord#: 124 done. best_score=27.0, changed=525, unchanged=376, early_stops=8/8
26 - INFO - chord#: 128 In build_straw_man_chord_sa. tolerance = 1, sa_iterations = 1000, initial_temperature = 3.0, cooling_rate = 0.999
26 - INFO - chord#: 112 done. best_score=27.0, changed=520, unchanged=396, early_stops=8/8
26 - INFO - chord#: 116 In build_straw_man_chord_sa. tolerance = 1, sa_iterations = 1000, initial_temperature = 3.0, cooling_rate = 0.999
26 - INFO - chord#: 112 done. best_score=27.0, changed=519, unchanged=403, early_stops=8/8
26 - INFO - chord#: 116 In build_straw_man_chord_sa. tolerance = 1, sa_iterations = 1000, initial_temperature = 3.0, cooling_rate = 0.999
26 - INFO - chord#: 104 done. best_score=27.0, changed=528, unchanged=347, early_stops=8/8
26 - INFO - chord#: 108 In build_straw_man_chord_sa. tolerance = 1, sa_iterations = 1000, initial_temperature = 3.0, cooling_rate = 0.999
26 - INFO - chord#: 136 done. best_score=27.0, changed=523, unchanged=357, early_stops=8/8
26 - INFO - chord#: 140 In build_straw_man_chord_sa. tolerance = 1, sa_iterations = 1000, initial_temperature = 3.0, cooling_rate = 0.999
26 - INFO - chord#: 108 done. best_score=104.0, changed=614, unchanged=241, early_stops=8/8
26 - INFO - chord#: 110 In build_straw_man_chord_sa. tolerance = 1, sa_iterations = 1000, initial_temperature = 3.0, cooling_rate = 0.999
26 - INFO - chord#: 110 done. best_score=27.0, changed=540, unchanged=302, early_stops=8/8
26 - INFO - chord#: 112 In build_straw_man_chord_sa. tolerance = 1, sa_iterations = 1000, initial_temperature = 3.0, cooling_rate = 0.999
26 - INFO - chord#: 136 done. best_score=27.0, changed=522, unchanged=346, early_stops=8/8
26 - INFO - chord#: 140 In build_straw_man_chord_sa. tolerance = 1, sa_iterations = 1000, initial_temperature = 3.0, cooling_rate = 0.999
26 - INFO - chord#: 136 done. best_score=27.0, changed=526, unchanged=380, early_stops=8/8
26 - INFO - chord#: 140 In build_straw_man_chord_sa. tolerance = 1, sa_iterations = 1000, initial_temperature = 3.0, cooling_rate = 0.999
26 - INFO - chord#: 110 done. best_score=27.0, changed=523, unchanged=328, early_stops=8/8
26 - INFO - chord#: 112 In build_straw_man_chord_sa. tolerance = 1, sa_iterations = 1000, initial_temperature = 3.0, cooling_rate = 0.999
26 - INFO - chord#: 94 done. best_score=137.0, changed=615, unchanged=377, early_stops=8/8
26 - INFO - chord#: 96 In build_straw_man_chord_sa. tolerance = 1, sa_iterations = 1000, initial_temperature = 3.0, cooling_rate = 0.999
26 - INFO - chord#: 128 done. best_score=27.0, changed=521, unchanged=492, early_stops=8/8
26 - INFO - chord#: 132 In build_straw_man_chord_sa. tolerance = 1, sa_iterations = 1000, initial_temperature = 3.0, cooling_rate = 0.999
26 - INFO - chord#: 96 done. best_score=11.0, changed=486, unchanged=333, early_stops=8/8
26 - INFO - chord#: 104 In build_straw_man_chord_sa. tolerance = 1, sa_iterations = 1000, initial_temperature = 3.0, cooling_rate = 0.999
26 - INFO - chord#: 110 done. best_score=27.0, changed=523, unchanged=312, early_stops=8/8
26 - INFO - chord#: 112 In build_straw_man_chord_sa. tolerance = 1, sa_iterations = 1000, initial_temperature = 3.0, cooling_rate = 0.999
26 - INFO - chord#: 140 done. best_score=64.0, changed=616, unchanged=352, early_stops=8/8
26 - INFO - chord#: 144 In build_straw_man_chord_sa. tolerance = 1, sa_iterations = 1000, initial_temperature = 3.0, cooling_rate = 0.999
26 - INFO - chord#: 132 done. best_score=27.0, changed=517, unchanged=371, early_stops=8/8
26 - INFO - chord#: 136 In build_straw_man_chord_sa. tolerance = 1, sa_iterations = 1000, initial_temperature = 3.0, cooling_rate = 0.999
26 - INFO - chord#: 112 done. best_score=27.0, changed=517, unchanged=376, early_stops=8/8
26 - INFO - chord#: 116 In build_straw_man_chord_sa. tolerance = 1, sa_iterations = 1000, initial_temperature = 3.0, cooling_rate = 0.999
26 - INFO - chord#: 112 done. best_score=27.0, changed=527, unchanged=453, early_stops=8/8
26 - INFO - chord#: 116 In build_straw_man_chord_sa. tolerance = 1, sa_iterations = 1000, initial_temperature = 3.0, cooling_rate = 0.999
26 - INFO - chord#: 104 done. best_score=27.0, changed=523, unchanged=353, early_stops=8/8
26 - INFO - chord#: 108 In build_straw_man_chord_sa. tolerance = 1, sa_iterations = 1000, initial_temperature = 3.0, cooling_rate = 0.999
26 - INFO - chord#: 140 done. best_score=71.0, changed=609, unchanged=253, early_stops=8/8
26 - INFO - chord#: 144 In build_straw_man_chord_sa. tolerance = 1, sa_iterations = 1000, initial_temperature = 3.0, cooling_rate = 0.999
26 - INFO - chord#: 136 done. best_score=27.0, changed=528, unchanged=353, early_stops=8/8
26 - INFO - chord#: 140 In build_straw_man_chord_sa. tolerance = 1, sa_iterations = 1000, initial_temperature = 3.0, cooling_rate = 0.999
26 - INFO - chord#: 144 done. best_score=27.0, changed=519, unchanged=440, early_stops=8/8
26 - INFO - chord#: 148 In build_straw_man_chord_sa. tolerance = 1, sa_iterations = 1000, initial_temperature = 3.0, cooling_rate = 0.999
26 - INFO - chord#: 112 done. best_score=27.0, changed=525, unchanged=455, early_stops=8/8
26 - INFO - chord#: 116 In build_straw_man_chord_sa. tolerance = 1, sa_iterations = 1000, initial_temperature = 3.0, cooling_rate = 0.999
26 - INFO - chord#: 108 done. best_score=64.0, changed=608, unchanged=236, early_stops=8/8
26 - INFO - chord#: 110 In build_straw_man_chord_sa. tolerance = 1, sa_iterations = 1000, initial_temperature = 3.0, cooling_rate = 0.999
26 - INFO - chord#: 140 done. best_score=71.0, changed=611, unchanged=328, early_stops=8/8
26 - INFO - chord#: 144 In build_straw_man_chord_sa. tolerance = 1, sa_iterations = 1000, initial_temperature = 3.0, cooling_rate = 0.999
26 - INFO - chord#: 140 done. best_score=64.0, changed=612, unchanged=332, early_stops=8/8
26 - INFO - chord#: 144 In build_straw_man_chord_sa. tolerance = 1, sa_iterations = 1000, initial_temperature = 3.0, cooling_rate = 0.999
26 - INFO - chord#: 116 done. best_score=149.0, changed=615, unchanged=425, early_stops=8/8
26 - INFO - chord#: 118 In build_straw_man_chord_sa. tolerance = 1, sa_iterations = 1000, initial_temperature = 3.0, cooling_rate = 0.999
26 - INFO - chord#: 116 done. best_score=74.0, changed=614, unchanged=332, early_stops=8/8
26 - INFO - chord#: 118 In build_straw_man_chord_sa. tolerance = 1, sa_iterations = 1000, initial_temperature = 3.0, cooling_rate = 0.999
26 - INFO - chord#: 144 done. best_score=27.0, changed=525, unchanged=497, early_stops=8/8
26 - INFO - chord#: 148 In build_straw_man_chord_sa. tolerance = 1, sa_iterations = 1000, initial_temperature = 3.0, cooling_rate = 0.999
26 - INFO - chord#: 110 done. best_score=27.0, changed=533, unchanged=400, early_stops=8/8
26 - INFO - chord#: 112 In build_straw_man_chord_sa. tolerance = 1, sa_iterations = 1000, initial_temperature = 3.0, cooling_rate = 0.999
26 - INFO - chord#: 144 done. best_score=27.0, changed=522, unchanged=400, early_stops=8/8
26 - INFO - chord#: 148 In build_straw_man_chord_sa. tolerance = 1, sa_iterations = 1000, initial_temperature = 3.0, cooling_rate = 0.999
26 - INFO - chord#: 144 done. best_score=27.0, changed=519, unchanged=457, early_stops=8/8
26 - INFO - chord#: 148 In build_straw_man_chord_sa. tolerance = 1, sa_iterations = 1000, initial_temperature = 3.0, cooling_rate = 0.999
26 - INFO - chord#: 118 done. best_score=27.0, changed=529, unchanged=347, early_stops=8/8
26 - INFO - chord#: 120 In build_straw_man_chord_sa. tolerance = 1, sa_iterations = 1000, initial_temperature = 3.0, cooling_rate = 0.999
26 - INFO - chord#: 118 done. best_score=27.0, changed=531, unchanged=356, early_stops=8/8
26 - INFO - chord#: 120 In build_straw_man_chord_sa. tolerance = 1, sa_iterations = 1000, initial_temperature = 3.0, cooling_rate = 0.999
26 - INFO - chord#: 116 done. best_score=149.0, changed=607, unchanged=291, early_stops=8/8
26 - INFO - chord#: 118 In build_straw_man_chord_sa. tolerance = 1, sa_iterations = 1000, initial_temperature = 3.0, cooling_rate = 0.999
26 - INFO - chord#: 116 done. best_score=96.0, changed=619, unchanged=322, early_stops=8/8
26 - INFO - chord#: 118 In build_straw_man_chord_sa. tolerance = 1, sa_iterations = 1000, initial_temperature = 3.0, cooling_rate = 0.999
26 - INFO - chord#: 148 done. best_score=74.0, changed=609, unchanged=304, early_stops=8/8
26 - INFO - chord#: 152 In build_straw_man_chord_sa. tolerance = 1, sa_iterations = 1000, initial_temperature = 3.0, cooling_rate = 0.999
26 - INFO - chord#: 116 done. best_score=74.0, changed=610, unchanged=346, early_stops=8/8
26 - INFO - chord#: 118 In build_straw_man_chord_sa. tolerance = 1, sa_iterations = 1000, initial_temperature = 3.0, cooling_rate = 0.999
26 - INFO - chord#: 140 done. best_score=146.0, changed=617, unchanged=339, early_stops=8/8
26 - INFO - chord#: 144 In build_straw_man_chord_sa. tolerance = 1, sa_iterations = 1000, initial_temperature = 3.0, cooling_rate = 0.999
26 - INFO - chord#: 112 done. best_score=27.0, changed=518, unchanged=379, early_stops=8/8
26 - INFO - chord#: 116 In build_straw_man_chord_sa. tolerance = 1, sa_iterations = 1000, initial_temperature = 3.0, cooling_rate = 0.999
26 - INFO - chord#: 120 done. best_score=27.0, changed=514, unchanged=348, early_stops=8/8
26 - INFO - chord#: 122 In build_straw_man_chord_sa. tolerance = 1, sa_iterations = 1000, initial_temperature = 3.0, cooling_rate = 0.999
26 - INFO - chord#: 118 done. best_score=36.0, changed=525, unchanged=302, early_stops=8/8
26 - INFO - chord#: 120 In build_straw_man_chord_sa. tolerance = 1, sa_iterations = 1000, initial_temperature = 3.0, cooling_rate = 0.999
26 - INFO - chord#: 108 done. best_score=64.0, changed=612, unchanged=480, early_stops=8/8
26 - INFO - chord#: 110 In build_straw_man_chord_sa. tolerance = 1, sa_iterations = 1000, initial_temperature = 3.0, cooling_rate = 0.999
26 - INFO - chord#: 120 done. best_score=27.0, changed=523, unchanged=482, early_stops=8/8
26 - INFO - chord#: 122 In build_straw_man_chord_sa. tolerance = 1, sa_iterations = 1000, initial_temperature = 3.0, cooling_rate = 0.999
26 - INFO - chord#: 118 done. best_score=27.0, changed=525, unchanged=363, early_stops=8/8
26 - INFO - chord#: 120 In build_straw_man_chord_sa. tolerance = 1, sa_iterations = 1000, initial_temperature = 3.0, cooling_rate = 0.999
26 - INFO - chord#: 118 done. best_score=27.0, changed=523, unchanged=411, early_stops=8/8
26 - INFO - chord#: 120 In build_straw_man_chord_sa. tolerance = 1, sa_iterations = 1000, initial_temperature = 3.0, cooling_rate = 0.999
26 - INFO - chord#: 152 done. best_score=27.0, changed=520, unchanged=499, early_stops=8/8
26 - INFO - chord#: 154 In build_straw_man_chord_sa. tolerance = 1, sa_iterations = 1000, initial_temperature = 3.0, cooling_rate = 0.999
26 - INFO - chord#: 144 done. best_score=27.0, changed=519, unchanged=413, early_stops=8/8
26 - INFO - chord#: 148 In build_straw_man_chord_sa. tolerance = 1, sa_iterations = 1000, initial_temperature = 3.0, cooling_rate = 0.999
26 - INFO - chord#: 148 done. best_score=74.0, changed=615, unchanged=490, early_stops=8/8
26 - INFO - chord#: 152 In build_straw_man_chord_sa. tolerance = 1, sa_iterations = 1000, initial_temperature = 3.0, cooling_rate = 0.999
26 - INFO - chord#: 148 done. best_score=168.0, changed=615, unchanged=422, early_stops=8/8
26 - INFO - chord#: 152 In build_straw_man_chord_sa. tolerance = 1, sa_iterations = 1000, initial_temperature = 3.0, cooling_rate = 0.999
26 - INFO - chord#: 148 done. best_score=74.0, changed=621, unchanged=470, early_stops=8/8
26 - INFO - chord#: 152 In build_straw_man_chord_sa. tolerance = 1, sa_iterations = 1000, initial_temperature = 3.0, cooling_rate = 0.999
26 - INFO - chord#: 110 done. best_score=27.0, changed=521, unchanged=341, early_stops=8/8
26 - INFO - chord#: 112 In build_straw_man_chord_sa. tolerance = 1, sa_iterations = 1000, initial_temperature = 3.0, cooling_rate = 0.999
26 - INFO - chord#: 120 done. best_score=27.0, changed=525, unchanged=429, early_stops=8/8
26 - INFO - chord#: 122 In build_straw_man_chord_sa. tolerance = 1, sa_iterations = 1000, initial_temperature = 3.0, cooling_rate = 0.999
26 - INFO - chord#: 120 done. best_score=27.0, changed=516, unchanged=425, early_stops=8/8
26 - INFO - chord#: 122 In build_straw_man_chord_sa. tolerance = 1, sa_iterations = 1000, initial_temperature = 3.0, cooling_rate = 0.999
26 - INFO - chord#: 120 done. best_score=27.0, changed=519, unchanged=314, early_stops=8/8
26 - INFO - chord#: 122 In build_straw_man_chord_sa. tolerance = 1, sa_iterations = 1000, initial_temperature = 3.0, cooling_rate = 0.999
26 - INFO - chord#: 152 done. best_score=27.0, changed=516, unchanged=379, early_stops=8/8
26 - INFO - chord#: 154 In build_straw_man_chord_sa. tolerance = 1, sa_iterations = 1000, initial_temperature = 3.0, cooling_rate = 0.999
26 - INFO - chord#: 152 done. best_score=27.0, changed=520, unchanged=388, early_stops=8/8
26 - INFO - chord#: 154 In build_straw_man_chord_sa. tolerance = 1, sa_iterations = 1000, initial_temperature = 3.0, cooling_rate = 0.999
26 - INFO - chord#: 152 done. best_score=27.0, changed=518, unchanged=470, early_stops=8/8
26 - INFO - chord#: 154 In build_straw_man_chord_sa. tolerance = 1, sa_iterations = 1000, initial_temperature = 3.0, cooling_rate = 0.999
26 - INFO - chord#: 122 done. best_score=74.0, changed=609, unchanged=333, early_stops=8/8
26 - INFO - chord#: 124 In build_straw_man_chord_sa. tolerance = 1, sa_iterations = 1000, initial_temperature = 3.0, cooling_rate = 0.999
26 - INFO - chord#: 116 done. best_score=74.0, changed=611, unchanged=364, early_stops=8/8
26 - INFO - chord#: 118 In build_straw_man_chord_sa. tolerance = 1, sa_iterations = 1000, initial_temperature = 3.0, cooling_rate = 0.999
26 - INFO - chord#: 112 done. best_score=27.0, changed=516, unchanged=428, early_stops=8/8
26 - INFO - chord#: 116 In build_straw_man_chord_sa. tolerance = 1, sa_iterations = 1000, initial_temperature = 3.0, cooling_rate = 0.999
26 - INFO - chord#: 154 done. best_score=172.0, changed=614, unchanged=261, early_stops=8/8
26 - INFO - chord#: 156 In build_straw_man_chord_sa. tolerance = 1, sa_iterations = 1000, initial_temperature = 3.0, cooling_rate = 0.999
26 - INFO - chord#: 148 done. best_score=174.0, changed=619, unchanged=341, early_stops=8/8
26 - INFO - chord#: 152 In build_straw_man_chord_sa. tolerance = 1, sa_iterations = 1000, initial_temperature = 3.0, cooling_rate = 0.999
26 - INFO - chord#: 122 done. best_score=96.0, changed=613, unchanged=314, early_stops=8/8
26 - INFO - chord#: 124 In build_straw_man_chord_sa. tolerance = 1, sa_iterations = 1000, initial_temperature = 3.0, cooling_rate = 0.999
26 - INFO - chord#: 124 done. best_score=27.0, changed=520, unchanged=306, early_stops=8/8
26 - INFO - chord#: 128 In build_straw_man_chord_sa. tolerance = 1, sa_iterations = 1000, initial_temperature = 3.0, cooling_rate = 0.999
26 - INFO - chord#: 122 done. best_score=74.0, changed=605, unchanged=218, early_stops=8/8
26 - INFO - chord#: 124 In build_straw_man_chord_sa. tolerance = 1, sa_iterations = 1000, initial_temperature = 3.0, cooling_rate = 0.999
26 - INFO - chord#: 156 done. best_score=27.0, changed=524, unchanged=423, early_stops=8/8
26 - INFO - chord#: 158 In build_straw_man_chord_sa. tolerance = 1, sa_iterations = 1000, initial_temperature = 3.0, cooling_rate = 0.999
26 - INFO - chord#: 118 done. best_score=27.0, changed=525, unchanged=463, early_stops=8/8
26 - INFO - chord#: 120 In build_straw_man_chord_sa. tolerance = 1, sa_iterations = 1000, initial_temperature = 3.0, cooling_rate = 0.999
26 - INFO - chord#: 152 done. best_score=27.0, changed=529, unchanged=534, early_stops=8/8
26 - INFO - chord#: 154 In build_straw_man_chord_sa. tolerance = 1, sa_iterations = 1000, initial_temperature = 3.0, cooling_rate = 0.999
26 - INFO - chord#: 154 done. best_score=149.0, changed=617, unchanged=307, early_stops=8/8
26 - INFO - chord#: 156 In build_straw_man_chord_sa. tolerance = 1, sa_iterations = 1000, initial_temperature = 3.0, cooling_rate = 0.999
26 - INFO - chord#: 122 done. best_score=121.0, changed=608, unchanged=271, early_stops=8/8
26 - INFO - chord#: 124 In build_straw_man_chord_sa. tolerance = 1, sa_iterations = 1000, initial_temperature = 3.0, cooling_rate = 0.999
26 - INFO - chord#: 122 done. best_score=121.0, changed=613, unchanged=324, early_stops=8/8
26 - INFO - chord#: 124 In build_straw_man_chord_sa. tolerance = 1, sa_iterations = 1000, initial_temperature = 3.0, cooling_rate = 0.999
26 - INFO - chord#: 128 done. best_score=27.0, changed=522, unchanged=445, early_stops=8/8
26 - INFO - chord#: 132 In build_straw_man_chord_sa. tolerance = 1, sa_iterations = 1000, initial_temperature = 3.0, cooling_rate = 0.999
26 - INFO - chord#: 124 done. best_score=27.0, changed=520, unchanged=397, early_stops=8/8
26 - INFO - chord#: 128 In build_straw_man_chord_sa. tolerance = 1, sa_iterations = 1000, initial_temperature = 3.0, cooling_rate = 0.999
26 - INFO - chord#: 154 done. best_score=104.0, changed=619, unchanged=423, early_stops=8/8
26 - INFO - chord#: 156 In build_straw_man_chord_sa. tolerance = 1, sa_iterations = 1000, initial_temperature = 3.0, cooling_rate = 0.999
26 - INFO - chord#: 154 done. best_score=141.0, changed=610, unchanged=334, early_stops=8/8
26 - INFO - chord#: 156 In build_straw_man_chord_sa. tolerance = 1, sa_iterations = 1000, initial_temperature = 3.0, cooling_rate = 0.999
26 - INFO - chord#: 124 done. best_score=27.0, changed=524, unchanged=374, early_stops=8/8
26 - INFO - chord#: 128 In build_straw_man_chord_sa. tolerance = 1, sa_iterations = 1000, initial_temperature = 3.0, cooling_rate = 0.999
26 - INFO - chord#: 158 done. best_score=31.0, changed=537, unchanged=501, early_stops=8/8
26 - INFO - chord#: 160 In build_straw_man_chord_sa. tolerance = 1, sa_iterations = 1000, initial_temperature = 3.0, cooling_rate = 0.999
26 - INFO - chord#: 116 done. best_score=149.0, changed=610, unchanged=253, early_stops=8/8
26 - INFO - chord#: 118 In build_straw_man_chord_sa. tolerance = 1, sa_iterations = 1000, initial_temperature = 3.0, cooling_rate = 0.999
26 - INFO - chord#: 156 done. best_score=27.0, changed=521, unchanged=409, early_stops=8/8
26 - INFO - chord#: 158 In build_straw_man_chord_sa. tolerance = 1, sa_iterations = 1000, initial_temperature = 3.0, cooling_rate = 0.999
26 - INFO - chord#: 120 done. best_score=27.0, changed=524, unchanged=361, early_stops=8/8
26 - INFO - chord#: 122 In build_straw_man_chord_sa. tolerance = 1, sa_iterations = 1000, initial_temperature = 3.0, cooling_rate = 0.999
26 - INFO - chord#: 124 done. best_score=27.0, changed=517, unchanged=337, early_stops=8/8
26 - INFO - chord#: 128 In build_straw_man_chord_sa. tolerance = 1, sa_iterations = 1000, initial_temperature = 3.0, cooling_rate = 0.999
26 - INFO - chord#: 132 done. best_score=27.0, changed=525, unchanged=405, early_stops=8/8
26 - INFO - chord#: 136 In build_straw_man_chord_sa. tolerance = 1, sa_iterations = 1000, initial_temperature = 3.0, cooling_rate = 0.999
26 - INFO - chord#: 124 done. best_score=27.0, changed=524, unchanged=408, early_stops=8/8
26 - INFO - chord#: 128 In build_straw_man_chord_sa. tolerance = 1, sa_iterations = 1000, initial_temperature = 3.0, cooling_rate = 0.999
26 - INFO - chord#: 156 done. best_score=27.0, changed=520, unchanged=403, early_stops=8/8
26 - INFO - chord#: 158 In build_straw_man_chord_sa. tolerance = 1, sa_iterations = 1000, initial_temperature = 3.0, cooling_rate = 0.999
26 - INFO - chord#: 156 done. best_score=27.0, changed=528, unchanged=479, early_stops=8/8
26 - INFO - chord#: 158 In build_straw_man_chord_sa. tolerance = 1, sa_iterations = 1000, initial_temperature = 3.0, cooling_rate = 0.999
26 - INFO - chord#: 128 done. best_score=27.0, changed=521, unchanged=453, early_stops=8/8
26 - INFO - chord#: 132 In build_straw_man_chord_sa. tolerance = 1, sa_iterations = 1000, initial_temperature = 3.0, cooling_rate = 0.999
26 - INFO - chord#: 158 done. best_score=31.0, changed=519, unchanged=329, early_stops=8/8
26 - INFO - chord#: 160 In build_straw_man_chord_sa. tolerance = 1, sa_iterations = 1000, initial_temperature = 3.0, cooling_rate = 0.999
26 - INFO - chord#: 128 done. best_score=27.0, changed=525, unchanged=477, early_stops=8/8
26 - INFO - chord#: 132 In build_straw_man_chord_sa. tolerance = 1, sa_iterations = 1000, initial_temperature = 3.0, cooling_rate = 0.999
26 - INFO - chord#: 118 done. best_score=27.0, changed=519, unchanged=315, early_stops=8/8
26 - INFO - chord#: 120 In build_straw_man_chord_sa. tolerance = 1, sa_iterations = 1000, initial_temperature = 3.0, cooling_rate = 0.999
26 - INFO - chord#: 136 done. best_score=27.0, changed=534, unchanged=362, early_stops=8/8
26 - INFO - chord#: 140 In build_straw_man_chord_sa. tolerance = 1, sa_iterations = 1000, initial_temperature = 3.0, cooling_rate = 0.999
26 - INFO - chord#: 154 done. best_score=104.0, changed=614, unchanged=340, early_stops=8/8
26 - INFO - chord#: 156 In build_straw_man_chord_sa. tolerance = 1, sa_iterations = 1000, initial_temperature = 3.0, cooling_rate = 0.999
26 - INFO - chord#: 158 done. best_score=31.0, changed=539, unchanged=369, early_stops=8/8
26 - INFO - chord#: 160 In build_straw_man_chord_sa. tolerance = 1, sa_iterations = 1000, initial_temperature = 3.0, cooling_rate = 0.999
26 - INFO - chord#: 128 done. best_score=27.0, changed=511, unchanged=316, early_stops=8/8
26 - INFO - chord#: 132 In build_straw_man_chord_sa. tolerance = 1, sa_iterations = 1000, initial_temperature = 3.0, cooling_rate = 0.999
26 - INFO - chord#: 158 done. best_score=31.0, changed=521, unchanged=404, early_stops=8/8
26 - INFO - chord#: 160 In build_straw_man_chord_sa. tolerance = 1, sa_iterations = 1000, initial_temperature = 3.0, cooling_rate = 0.999
26 - INFO - chord#: 128 done. best_score=27.0, changed=526, unchanged=530, early_stops=8/8
26 - INFO - chord#: 132 In build_straw_man_chord_sa. tolerance = 1, sa_iterations = 1000, initial_temperature = 3.0, cooling_rate = 0.999
26 - INFO - chord#: 160 done. best_score=96.0, changed=612, unchanged=328, early_stops=8/8
26 - INFO - chord#: 162 In build_straw_man_chord_sa. tolerance = 1, sa_iterations = 1000, initial_temperature = 3.0, cooling_rate = 0.999
26 - INFO - chord#: 132 done. best_score=27.0, changed=532, unchanged=498, early_stops=8/8
26 - INFO - chord#: 136 In build_straw_man_chord_sa. tolerance = 1, sa_iterations = 1000, initial_temperature = 3.0, cooling_rate = 0.999
26 - INFO - chord#: 156 done. best_score=27.0, changed=516, unchanged=330, early_stops=8/8
26 - INFO - chord#: 158 In build_straw_man_chord_sa. tolerance = 1, sa_iterations = 1000, initial_temperature = 3.0, cooling_rate = 0.999
26 - INFO - chord#: 132 done. best_score=27.0, changed=518, unchanged=430, early_stops=8/8
26 - INFO - chord#: 136 In build_straw_man_chord_sa. tolerance = 1, sa_iterations = 1000, initial_temperature = 3.0, cooling_rate = 0.999
26 - INFO - chord#: 132 done. best_score=27.0, changed=532, unchanged=434, early_stops=8/8
26 - INFO - chord#: 136 In build_straw_man_chord_sa. tolerance = 1, sa_iterations = 1000, initial_temperature = 3.0, cooling_rate = 0.999
26 - INFO - chord#: 120 done. best_score=27.0, changed=524, unchanged=653, early_stops=8/8
26 - INFO - chord#: 122 In build_straw_man_chord_sa. tolerance = 1, sa_iterations = 1000, initial_temperature = 3.0, cooling_rate = 0.999
26 - INFO - chord#: 132 done. best_score=27.0, changed=515, unchanged=363, early_stops=8/8
26 - INFO - chord#: 136 In build_straw_man_chord_sa. tolerance = 1, sa_iterations = 1000, initial_temperature = 3.0, cooling_rate = 0.999
26 - INFO - chord#: 122 done. best_score=74.0, changed=613, unchanged=421, early_stops=8/8
26 - INFO - chord#: 124 In build_straw_man_chord_sa. tolerance = 1, sa_iterations = 1000, initial_temperature = 3.0, cooling_rate = 0.999
26 - INFO - chord#: 140 done. best_score=64.0, changed=610, unchanged=223, early_stops=8/8
26 - INFO - chord#: 144 In build_straw_man_chord_sa. tolerance = 1, sa_iterations = 1000, initial_temperature = 3.0, cooling_rate = 0.999
26 - INFO - chord#: 158 done. best_score=31.0, changed=523, unchanged=351, early_stops=8/8
26 - INFO - chord#: 160 In build_straw_man_chord_sa. tolerance = 1, sa_iterations = 1000, initial_temperature = 3.0, cooling_rate = 0.999
26 - INFO - chord#: 160 done. best_score=93.0, changed=621, unchanged=259, early_stops=8/8
26 - INFO - chord#: 162 In build_straw_man_chord_sa. tolerance = 1, sa_iterations = 1000, initial_temperature = 3.0, cooling_rate = 0.999
26 - INFO - chord#: 136 done. best_score=27.0, changed=525, unchanged=376, early_stops=8/8
26 - INFO - chord#: 140 In build_straw_man_chord_sa. tolerance = 1, sa_iterations = 1000, initial_temperature = 3.0, cooling_rate = 0.999
26 - INFO - chord#: 136 done. best_score=27.0, changed=533, unchanged=405, early_stops=8/8
26 - INFO - chord#: 140 In build_straw_man_chord_sa. tolerance = 1, sa_iterations = 1000, initial_temperature = 3.0, cooling_rate = 0.999
26 - INFO - chord#: 136 done. best_score=27.0, changed=527, unchanged=369, early_stops=8/8
26 - INFO - chord#: 140 In build_straw_man_chord_sa. tolerance = 1, sa_iterations = 1000, initial_temperature = 3.0, cooling_rate = 0.999
26 - INFO - chord#: 160 done. best_score=96.0, changed=613, unchanged=287, early_stops=8/8
26 - INFO - chord#: 162 In build_straw_man_chord_sa. tolerance = 1, sa_iterations = 1000, initial_temperature = 3.0, cooling_rate = 0.999
26 - INFO - chord#: 136 done. best_score=27.0, changed=528, unchanged=352, early_stops=8/8
26 - INFO - chord#: 140 In build_straw_man_chord_sa. tolerance = 1, sa_iterations = 1000, initial_temperature = 3.0, cooling_rate = 0.999
26 - INFO - chord#: 162 done. best_score=67.0, changed=606, unchanged=221, early_stops=8/8
26 - INFO - chord#: 164 In build_straw_man_chord_sa. tolerance = 1, sa_iterations = 1000, initial_temperature = 3.0, cooling_rate = 0.999
26 - INFO - chord#: 160 done. best_score=96.0, changed=613, unchanged=321, early_stops=8/8
26 - INFO - chord#: 162 In build_straw_man_chord_sa. tolerance = 1, sa_iterations = 1000, initial_temperature = 3.0, cooling_rate = 0.999
26 - INFO - chord#: 124 done. best_score=27.0, changed=525, unchanged=379, early_stops=8/8
26 - INFO - chord#: 128 In build_straw_man_chord_sa. tolerance = 1, sa_iterations = 1000, initial_temperature = 3.0, cooling_rate = 0.999
26 - INFO - chord#: 144 done. best_score=27.0, changed=524, unchanged=438, early_stops=8/8
26 - INFO - chord#: 148 In build_straw_man_chord_sa. tolerance = 1, sa_iterations = 1000, initial_temperature = 3.0, cooling_rate = 0.999
26 - INFO - chord#: 164 done. best_score=27.0, changed=513, unchanged=404, early_stops=8/8
26 - INFO - chord#: 172 In build_straw_man_chord_sa. tolerance = 1, sa_iterations = 1000, initial_temperature = 3.0, cooling_rate = 0.999
26 - INFO - chord#: 122 done. best_score=164.0, changed=613, unchanged=214, early_stops=8/8
26 - INFO - chord#: 124 In build_straw_man_chord_sa. tolerance = 1, sa_iterations = 1000, initial_temperature = 3.0, cooling_rate = 0.999
26 - INFO - chord#: 162 done. best_score=145.0, changed=610, unchanged=386, early_stops=8/8
26 - INFO - chord#: 164 In build_straw_man_chord_sa. tolerance = 1, sa_iterations = 1000, initial_temperature = 3.0, cooling_rate = 0.999
26 - INFO - chord#: 160 done. best_score=93.0, changed=618, unchanged=287, early_stops=8/8
26 - INFO - chord#: 162 In build_straw_man_chord_sa. tolerance = 1, sa_iterations = 1000, initial_temperature = 3.0, cooling_rate = 0.999
26 - INFO - chord#: 128 done. best_score=36.0, changed=521, unchanged=415, early_stops=8/8
26 - INFO - chord#: 132 In build_straw_man_chord_sa. tolerance = 1, sa_iterations = 1000, initial_temperature = 3.0, cooling_rate = 0.999
26 - INFO - chord#: 172 done. best_score=27.0, changed=524, unchanged=321, early_stops=8/8
26 - INFO - chord#: 176 In build_straw_man_chord_sa. tolerance = 1, sa_iterations = 1000, initial_temperature = 3.0, cooling_rate = 0.999
26 - INFO - chord#: 162 done. best_score=137.0, changed=611, unchanged=356, early_stops=8/8
26 - INFO - chord#: 164 In build_straw_man_chord_sa. tolerance = 1, sa_iterations = 1000, initial_temperature = 3.0, cooling_rate = 0.999
26 - INFO - chord#: 140 done. best_score=64.0, changed=604, unchanged=211, early_stops=8/8
26 - INFO - chord#: 144 In build_straw_man_chord_sa. tolerance = 1, sa_iterations = 1000, initial_temperature = 3.0, cooling_rate = 0.999
26 - INFO - chord#: 124 done. best_score=57.0, changed=539, unchanged=387, early_stops=8/8
26 - INFO - chord#: 128 In build_straw_man_chord_sa. tolerance = 1, sa_iterations = 1000, initial_temperature = 3.0, cooling_rate = 0.999
26 - INFO - chord#: 162 done. best_score=78.0, changed=612, unchanged=401, early_stops=8/8
26 - INFO - chord#: 164 In build_straw_man_chord_sa. tolerance = 1, sa_iterations = 1000, initial_temperature = 3.0, cooling_rate = 0.999
26 - INFO - chord#: 140 done. best_score=64.0, changed=608, unchanged=342, early_stops=8/8
26 - INFO - chord#: 144 In build_straw_man_chord_sa. tolerance = 1, sa_iterations = 1000, initial_temperature = 3.0, cooling_rate = 0.999
26 - INFO - chord#: 140 done. best_score=64.0, changed=622, unchanged=388, early_stops=8/8
26 - INFO - chord#: 144 In build_straw_man_chord_sa. tolerance = 1, sa_iterations = 1000, initial_temperature = 3.0, cooling_rate = 0.999
26 - INFO - chord#: 132 done. best_score=27.0, changed=519, unchanged=338, early_stops=8/8
26 - INFO - chord#: 136 In build_straw_man_chord_sa. tolerance = 1, sa_iterations = 1000, initial_temperature = 3.0, cooling_rate = 0.999
26 - INFO - chord#: 164 done. best_score=27.0, changed=525, unchanged=551, early_stops=8/8
26 - INFO - chord#: 172 In build_straw_man_chord_sa. tolerance = 1, sa_iterations = 1000, initial_temperature = 3.0, cooling_rate = 0.999
26 - INFO - chord#: 140 done. best_score=146.0, changed=614, unchanged=378, early_stops=8/8
26 - INFO - chord#: 144 In build_straw_man_chord_sa. tolerance = 1, sa_iterations = 1000, initial_temperature = 3.0, cooling_rate = 0.999
26 - INFO - chord#: 148 done. best_score=74.0, changed=621, unchanged=478, early_stops=8/8
26 - INFO - chord#: 152 In build_straw_man_chord_sa. tolerance = 1, sa_iterations = 1000, initial_temperature = 3.0, cooling_rate = 0.999
26 - INFO - chord#: 176 done. best_score=36.0, changed=525, unchanged=472, early_stops=8/8
26 - INFO - chord#: 178 In build_straw_man_chord_sa. tolerance = 1, sa_iterations = 1000, initial_temperature = 3.0, cooling_rate = 0.999
26 - INFO - chord#: 164 done. best_score=27.0, changed=533, unchanged=636, early_stops=8/8
26 - INFO - chord#: 172 In build_straw_man_chord_sa. tolerance = 1, sa_iterations = 1000, initial_temperature = 3.0, cooling_rate = 0.999
26 - INFO - chord#: 164 done. best_score=27.0, changed=522, unchanged=483, early_stops=8/8
26 - INFO - chord#: 172 In build_straw_man_chord_sa. tolerance = 1, sa_iterations = 1000, initial_temperature = 3.0, cooling_rate = 0.999
26 - INFO - chord#: 144 done. best_score=27.0, changed=532, unchanged=553, early_stops=8/8
26 - INFO - chord#: 148 In build_straw_man_chord_sa. tolerance = 1, sa_iterations = 1000, initial_temperature = 3.0, cooling_rate = 0.999
26 - INFO - chord#: 128 done. best_score=27.0, changed=522, unchanged=404, early_stops=8/8
26 - INFO - chord#: 132 In build_straw_man_chord_sa. tolerance = 1, sa_iterations = 1000, initial_temperature = 3.0, cooling_rate = 0.999
26 - INFO - chord#: 144 done. best_score=27.0, changed=525, unchanged=577, early_stops=8/8
26 - INFO - chord#: 148 In build_straw_man_chord_sa. tolerance = 1, sa_iterations = 1000, initial_temperature = 3.0, cooling_rate = 0.999
26 - INFO - chord#: 172 done. best_score=27.0, changed=530, unchanged=419, early_stops=8/8
26 - INFO - chord#: 176 In build_straw_man_chord_sa. tolerance = 1, sa_iterations = 1000, initial_temperature = 3.0, cooling_rate = 0.999
26 - INFO - chord#: 136 done. best_score=27.0, changed=523, unchanged=369, early_stops=8/8
26 - INFO - chord#: 140 In build_straw_man_chord_sa. tolerance = 1, sa_iterations = 1000, initial_temperature = 3.0, cooling_rate = 0.999
26 - INFO - chord#: 162 done. best_score=96.0, changed=616, unchanged=400, early_stops=8/8
26 - INFO - chord#: 164 In build_straw_man_chord_sa. tolerance = 1, sa_iterations = 1000, initial_temperature = 3.0, cooling_rate = 0.999
26 - INFO - chord#: 144 done. best_score=27.0, changed=518, unchanged=456, early_stops=8/8
26 - INFO - chord#: 148 In build_straw_man_chord_sa. tolerance = 1, sa_iterations = 1000, initial_temperature = 3.0, cooling_rate = 0.999
26 - INFO - chord#: 152 done. best_score=27.0, changed=517, unchanged=394, early_stops=8/8
26 - INFO - chord#: 154 In build_straw_man_chord_sa. tolerance = 1, sa_iterations = 1000, initial_temperature = 3.0, cooling_rate = 0.999
26 - INFO - chord#: 178 done. best_score=61.0, changed=531, unchanged=392, early_stops=8/8
26 - INFO - chord#: 180 In build_straw_man_chord_sa. tolerance = 1, sa_iterations = 1000, initial_temperature = 3.0, cooling_rate = 0.999
26 - INFO - chord#: 144 done. best_score=27.0, changed=525, unchanged=390, early_stops=8/8
26 - INFO - chord#: 148 In build_straw_man_chord_sa. tolerance = 1, sa_iterations = 1000, initial_temperature = 3.0, cooling_rate = 0.999
26 - INFO - chord#: 172 done. best_score=27.0, changed=518, unchanged=430, early_stops=8/8
26 - INFO - chord#: 176 In build_straw_man_chord_sa. tolerance = 1, sa_iterations = 1000, initial_temperature = 3.0, cooling_rate = 0.999
26 - INFO - chord#: 172 done. best_score=27.0, changed=531, unchanged=471, early_stops=8/8
26 - INFO - chord#: 176 In build_straw_man_chord_sa. tolerance = 1, sa_iterations = 1000, initial_temperature = 3.0, cooling_rate = 0.999
26 - INFO - chord#: 132 done. best_score=27.0, changed=522, unchanged=378, early_stops=8/8
26 - INFO - chord#: 136 In build_straw_man_chord_sa. tolerance = 1, sa_iterations = 1000, initial_temperature = 3.0, cooling_rate = 0.999
26 - INFO - chord#: 164 done. best_score=27.0, changed=521, unchanged=428, early_stops=8/8
26 - INFO - chord#: 172 In build_straw_man_chord_sa. tolerance = 1, sa_iterations = 1000, initial_temperature = 3.0, cooling_rate = 0.999
26 - INFO - chord#: 176 done. best_score=36.0, changed=520, unchanged=457, early_stops=8/8
26 - INFO - chord#: 178 In build_straw_man_chord_sa. tolerance = 1, sa_iterations = 1000, initial_temperature = 3.0, cooling_rate = 0.999
26 - INFO - chord#: 176 done. best_score=36.0, changed=523, unchanged=357, early_stops=8/8
26 - INFO - chord#: 178 In build_straw_man_chord_sa. tolerance = 1, sa_iterations = 1000, initial_temperature = 3.0, cooling_rate = 0.999
26 - INFO - chord#: 136 done. best_score=27.0, changed=518, unchanged=292, early_stops=8/8
26 - INFO - chord#: 140 In build_straw_man_chord_sa. tolerance = 1, sa_iterations = 1000, initial_temperature = 3.0, cooling_rate = 0.999
26 - INFO - chord#: 176 done. best_score=36.0, changed=521, unchanged=486, early_stops=8/8
26 - INFO - chord#: 178 In build_straw_man_chord_sa. tolerance = 1, sa_iterations = 1000, initial_temperature = 3.0, cooling_rate = 0.999
26 - INFO - chord#: 172 done. best_score=27.0, changed=516, unchanged=360, early_stops=8/8
26 - INFO - chord#: 176 In build_straw_man_chord_sa. tolerance = 1, sa_iterations = 1000, initial_temperature = 3.0, cooling_rate = 0.999
26 - INFO - chord#: 178 done. best_score=61.0, changed=540, unchanged=332, early_stops=8/8
26 - INFO - chord#: 180 In build_straw_man_chord_sa. tolerance = 1, sa_iterations = 1000, initial_temperature = 3.0, cooling_rate = 0.999
26 - INFO - chord#: 148 done. best_score=149.0, changed=612, unchanged=300, early_stops=8/8
26 - INFO - chord#: 152 In build_straw_man_chord_sa. tolerance = 1, sa_iterations = 1000, initial_temperature = 3.0, cooling_rate = 0.999
26 - INFO - chord#: 180 done. best_score=78.0, changed=609, unchanged=263, early_stops=8/8
26 - INFO - chord#: 182 In build_straw_man_chord_sa. tolerance = 1, sa_iterations = 1000, initial_temperature = 3.0, cooling_rate = 0.999
26 - INFO - chord#: 140 done. best_score=64.0, changed=612, unchanged=250, early_stops=8/8
26 - INFO - chord#: 144 In build_straw_man_chord_sa. tolerance = 1, sa_iterations = 1000, initial_temperature = 3.0, cooling_rate = 0.999
26 - INFO - chord#: 178 done. best_score=61.0, changed=519, unchanged=298, early_stops=8/8
26 - INFO - chord#: 180 In build_straw_man_chord_sa. tolerance = 1, sa_iterations = 1000, initial_temperature = 3.0, cooling_rate = 0.999
26 - INFO - chord#: 148 done. best_score=74.0, changed=618, unchanged=301, early_stops=8/8
26 - INFO - chord#: 152 In build_straw_man_chord_sa. tolerance = 1, sa_iterations = 1000, initial_temperature = 3.0, cooling_rate = 0.999
26 - INFO - chord#: 148 done. best_score=96.0, changed=616, unchanged=277, early_stops=8/8
26 - INFO - chord#: 152 In build_straw_man_chord_sa. tolerance = 1, sa_iterations = 1000, initial_temperature = 3.0, cooling_rate = 0.999
26 - INFO - chord#: 178 done. best_score=61.0, changed=539, unchanged=336, early_stops=8/8
26 - INFO - chord#: 180 In build_straw_man_chord_sa. tolerance = 1, sa_iterations = 1000, initial_temperature = 3.0, cooling_rate = 0.999
26 - INFO - chord#: 176 done. best_score=36.0, changed=534, unchanged=514, early_stops=8/8
26 - INFO - chord#: 178 In build_straw_man_chord_sa. tolerance = 1, sa_iterations = 1000, initial_temperature = 3.0, cooling_rate = 0.999
26 - INFO - chord#: 148 done. best_score=149.0, changed=612, unchanged=250, early_stops=8/8
26 - INFO - chord#: 152 In build_straw_man_chord_sa. tolerance = 1, sa_iterations = 1000, initial_temperature = 3.0, cooling_rate = 0.999
26 - INFO - chord#: 154 done. best_score=96.0, changed=613, unchanged=428, early_stops=8/8
26 - INFO - chord#: 156 In build_straw_man_chord_sa. tolerance = 1, sa_iterations = 1000, initial_temperature = 3.0, cooling_rate = 0.999
26 - INFO - chord#: 182 done. best_score=36.0, changed=519, unchanged=343, early_stops=8/8
26 - INFO - chord#: 184 In build_straw_man_chord_sa. tolerance = 1, sa_iterations = 1000, initial_temperature = 3.0, cooling_rate = 0.999
26 - INFO - chord#: 152 done. best_score=27.0, changed=514, unchanged=398, early_stops=8/8
26 - INFO - chord#: 154 In build_straw_man_chord_sa. tolerance = 1, sa_iterations = 1000, initial_temperature = 3.0, cooling_rate = 0.999
26 - INFO - chord#: 144 done. best_score=27.0, changed=519, unchanged=450, early_stops=8/8
26 - INFO - chord#: 148 In build_straw_man_chord_sa. tolerance = 1, sa_iterations = 1000, initial_temperature = 3.0, cooling_rate = 0.999
26 - INFO - chord#: 152 done. best_score=27.0, changed=515, unchanged=412, early_stops=8/8
26 - INFO - chord#: 154 In build_straw_man_chord_sa. tolerance = 1, sa_iterations = 1000, initial_temperature = 3.0, cooling_rate = 0.999
26 - INFO - chord#: 178 done. best_score=61.0, changed=533, unchanged=292, early_stops=8/8
26 - INFO - chord#: 180 In build_straw_man_chord_sa. tolerance = 1, sa_iterations = 1000, initial_temperature = 3.0, cooling_rate = 0.999
26 - INFO - chord#: 152 done. best_score=27.0, changed=525, unchanged=565, early_stops=8/8
26 - INFO - chord#: 154 In build_straw_man_chord_sa. tolerance = 1, sa_iterations = 1000, initial_temperature = 3.0, cooling_rate = 0.999
26 - INFO - chord#: 140 done. best_score=146.0, changed=610, unchanged=359, early_stops=8/8
26 - INFO - chord#: 144 In build_straw_man_chord_sa. tolerance = 1, sa_iterations = 1000, initial_temperature = 3.0, cooling_rate = 0.999
26 - INFO - chord#: 152 done. best_score=27.0, changed=518, unchanged=367, early_stops=8/8
26 - INFO - chord#: 154 In build_straw_man_chord_sa. tolerance = 1, sa_iterations = 1000, initial_temperature = 3.0, cooling_rate = 0.999
26 - INFO - chord#: 184 done. best_score=27.0, changed=512, unchanged=395, early_stops=8/8
26 - INFO - chord#: 188 In build_straw_man_chord_sa. tolerance = 1, sa_iterations = 1000, initial_temperature = 3.0, cooling_rate = 0.999
26 - INFO - chord#: 156 done. best_score=27.0, changed=520, unchanged=433, early_stops=8/8
26 - INFO - chord#: 158 In build_straw_man_chord_sa. tolerance = 1, sa_iterations = 1000, initial_temperature = 3.0, cooling_rate = 0.999
26 - INFO - chord#: 180 done. best_score=67.0, changed=613, unchanged=264, early_stops=8/8
26 - INFO - chord#: 182 In build_straw_man_chord_sa. tolerance = 1, sa_iterations = 1000, initial_temperature = 3.0, cooling_rate = 0.999
26 - INFO - chord#: 180 done. best_score=125.0, changed=612, unchanged=470, early_stops=8/8
26 - INFO - chord#: 182 In build_straw_man_chord_sa. tolerance = 1, sa_iterations = 1000, initial_temperature = 3.0, cooling_rate = 0.999
26 - INFO - chord#: 180 done. best_score=101.0, changed=609, unchanged=355, early_stops=8/8
26 - INFO - chord#: 182 In build_straw_man_chord_sa. tolerance = 1, sa_iterations = 1000, initial_temperature = 3.0, cooling_rate = 0.999
26 - INFO - chord#: 188 done. best_score=27.0, changed=523, unchanged=377, early_stops=8/8
26 - INFO - chord#: 192 In build_straw_man_chord_sa. tolerance = 1, sa_iterations = 1000, initial_temperature = 3.0, cooling_rate = 0.999
26 - INFO - chord#: 144 done. best_score=27.0, changed=523, unchanged=572, early_stops=8/8
26 - INFO - chord#: 148 In build_straw_man_chord_sa. tolerance = 1, sa_iterations = 1000, initial_temperature = 3.0, cooling_rate = 0.999
26 - INFO - chord#: 158 done. best_score=31.0, changed=517, unchanged=341, early_stops=8/8
26 - INFO - chord#: 160 In build_straw_man_chord_sa. tolerance = 1, sa_iterations = 1000, initial_temperature = 3.0, cooling_rate = 0.999
26 - INFO - chord#: 182 done. best_score=36.0, changed=518, unchanged=398, early_stops=8/8
26 - INFO - chord#: 184 In build_straw_man_chord_sa. tolerance = 1, sa_iterations = 1000, initial_temperature = 3.0, cooling_rate = 0.999
26 - INFO - chord#: 182 done. best_score=36.0, changed=518, unchanged=321, early_stops=8/8
26 - INFO - chord#: 184 In build_straw_man_chord_sa. tolerance = 1, sa_iterations = 1000, initial_temperature = 3.0, cooling_rate = 0.999
26 - INFO - chord#: 182 done. best_score=36.0, changed=527, unchanged=409, early_stops=8/8
26 - INFO - chord#: 184 In build_straw_man_chord_sa. tolerance = 1, sa_iterations = 1000, initial_temperature = 3.0, cooling_rate = 0.999
26 - INFO - chord#: 148 done. best_score=74.0, changed=608, unchanged=229, early_stops=8/8
26 - INFO - chord#: 152 In build_straw_man_chord_sa. tolerance = 1, sa_iterations = 1000, initial_temperature = 3.0, cooling_rate = 0.999
26 - INFO - chord#: 154 done. best_score=121.0, changed=613, unchanged=321, early_stops=8/8
26 - INFO - chord#: 156 In build_straw_man_chord_sa. tolerance = 1, sa_iterations = 1000, initial_temperature = 3.0, cooling_rate = 0.999
26 - INFO - chord#: 180 done. best_score=67.0, changed=611, unchanged=352, early_stops=8/8
26 - INFO - chord#: 182 In build_straw_man_chord_sa. tolerance = 1, sa_iterations = 1000, initial_temperature = 3.0, cooling_rate = 0.999
26 - INFO - chord#: 192 done. best_score=59.0, changed=525, unchanged=455, early_stops=8/8
26 - INFO - chord#: 194 In build_straw_man_chord_sa. tolerance = 1, sa_iterations = 1000, initial_temperature = 3.0, cooling_rate = 0.999
26 - INFO - chord#: 154 done. best_score=141.0, changed=607, unchanged=254, early_stops=8/8
26 - INFO - chord#: 156 In build_straw_man_chord_sa. tolerance = 1, sa_iterations = 1000, initial_temperature = 3.0, cooling_rate = 0.999
26 - INFO - chord#: 154 done. best_score=74.0, changed=609, unchanged=335, early_stops=8/8
26 - INFO - chord#: 156 In build_straw_man_chord_sa. tolerance = 1, sa_iterations = 1000, initial_temperature = 3.0, cooling_rate = 0.999
26 - INFO - chord#: 184 done. best_score=27.0, changed=517, unchanged=406, early_stops=8/8
26 - INFO - chord#: 188 In build_straw_man_chord_sa. tolerance = 1, sa_iterations = 1000, initial_temperature = 3.0, cooling_rate = 0.999
26 - INFO - chord#: 184 done. best_score=27.0, changed=526, unchanged=489, early_stops=8/8
26 - INFO - chord#: 188 In build_straw_man_chord_sa. tolerance = 1, sa_iterations = 1000, initial_temperature = 3.0, cooling_rate = 0.999
26 - INFO - chord#: 154 done. best_score=167.0, changed=608, unchanged=247, early_stops=8/8
26 - INFO - chord#: 156 In build_straw_man_chord_sa. tolerance = 1, sa_iterations = 1000, initial_temperature = 3.0, cooling_rate = 0.999
26 - INFO - chord#: 184 done. best_score=27.0, changed=525, unchanged=456, early_stops=8/8
26 - INFO - chord#: 188 In build_straw_man_chord_sa. tolerance = 1, sa_iterations = 1000, initial_temperature = 3.0, cooling_rate = 0.999
26 - INFO - chord#: 182 done. best_score=36.0, changed=523, unchanged=388, early_stops=8/8
26 - INFO - chord#: 184 In build_straw_man_chord_sa. tolerance = 1, sa_iterations = 1000, initial_temperature = 3.0, cooling_rate = 0.999
26 - INFO - chord#: 156 done. best_score=27.0, changed=518, unchanged=448, early_stops=8/8
26 - INFO - chord#: 158 In build_straw_man_chord_sa. tolerance = 1, sa_iterations = 1000, initial_temperature = 3.0, cooling_rate = 0.999
26 - INFO - chord#: 152 done. best_score=27.0, changed=521, unchanged=401, early_stops=8/8
26 - INFO - chord#: 154 In build_straw_man_chord_sa. tolerance = 1, sa_iterations = 1000, initial_temperature = 3.0, cooling_rate = 0.999
26 - INFO - chord#: 148 done. best_score=149.0, changed=612, unchanged=219, early_stops=8/8
26 - INFO - chord#: 152 In build_straw_man_chord_sa. tolerance = 1, sa_iterations = 1000, initial_temperature = 3.0, cooling_rate = 0.999
26 - INFO - chord#: 194 done. best_score=55.0, changed=518, unchanged=406, early_stops=8/8
26 - INFO - chord#: 196 In build_straw_man_chord_sa. tolerance = 1, sa_iterations = 1000, initial_temperature = 3.0, cooling_rate = 0.999
26 - INFO - chord#: 188 done. best_score=27.0, changed=521, unchanged=321, early_stops=8/8
26 - INFO - chord#: 192 In build_straw_man_chord_sa. tolerance = 1, sa_iterations = 1000, initial_temperature = 3.0, cooling_rate = 0.999
26 - INFO - chord#: 156 done. best_score=27.0, changed=512, unchanged=335, early_stops=8/8
26 - INFO - chord#: 158 In build_straw_man_chord_sa. tolerance = 1, sa_iterations = 1000, initial_temperature = 3.0, cooling_rate = 0.999
26 - INFO - chord#: 156 done. best_score=27.0, changed=509, unchanged=311, early_stops=8/8
26 - INFO - chord#: 158 In build_straw_man_chord_sa. tolerance = 1, sa_iterations = 1000, initial_temperature = 3.0, cooling_rate = 0.999
26 - INFO - chord#: 188 done. best_score=27.0, changed=520, unchanged=401, early_stops=8/8
26 - INFO - chord#: 192 In build_straw_man_chord_sa. tolerance = 1, sa_iterations = 1000, initial_temperature = 3.0, cooling_rate = 0.999
26 - INFO - chord#: 188 done. best_score=27.0, changed=525, unchanged=403, early_stops=8/8
26 - INFO - chord#: 192 In build_straw_man_chord_sa. tolerance = 1, sa_iterations = 1000, initial_temperature = 3.0, cooling_rate = 0.999
26 - INFO - chord#: 156 done. best_score=27.0, changed=525, unchanged=409, early_stops=8/8
26 - INFO - chord#: 158 In build_straw_man_chord_sa. tolerance = 1, sa_iterations = 1000, initial_temperature = 3.0, cooling_rate = 0.999
26 - INFO - chord#: 160 done. best_score=129.0, changed=607, unchanged=249, early_stops=8/8
26 - INFO - chord#: 162 In build_straw_man_chord_sa. tolerance = 1, sa_iterations = 1000, initial_temperature = 3.0, cooling_rate = 0.999
26 - INFO - chord#: 158 done. best_score=31.0, changed=526, unchanged=326, early_stops=8/8
26 - INFO - chord#: 160 In build_straw_man_chord_sa. tolerance = 1, sa_iterations = 1000, initial_temperature = 3.0, cooling_rate = 0.999
26 - INFO - chord#: 184 done. best_score=27.0, changed=522, unchanged=462, early_stops=8/8
26 - INFO - chord#: 188 In build_straw_man_chord_sa. tolerance = 1, sa_iterations = 1000, initial_temperature = 3.0, cooling_rate = 0.999
26 - INFO - chord#: 152 done. best_score=27.0, changed=524, unchanged=443, early_stops=8/8
26 - INFO - chord#: 196 done. best_score=27.0, changed=517, unchanged=361, early_stops=8/8
26 - INFO - chord#: 154 In build_straw_man_chord_sa. tolerance = 1, sa_iterations = 1000, initial_temperature = 3.0, cooling_rate = 0.999
26 - INFO - chord#: 198 In build_straw_man_chord_sa. tolerance = 1, sa_iterations = 1000, initial_temperature = 3.0, cooling_rate = 0.999
26 - INFO - chord#: 158 done. best_score=31.0, changed=527, unchanged=360, early_stops=8/8
26 - INFO - chord#: 160 In build_straw_man_chord_sa. tolerance = 1, sa_iterations = 1000, initial_temperature = 3.0, cooling_rate = 0.999
26 - INFO - chord#: 192 done. best_score=59.0, changed=523, unchanged=489, early_stops=8/8
26 - INFO - chord#: 194 In build_straw_man_chord_sa. tolerance = 1, sa_iterations = 1000, initial_temperature = 3.0, cooling_rate = 0.999
26 - INFO - chord#: 158 done. best_score=31.0, changed=528, unchanged=345, early_stops=8/8
26 - INFO - chord#: 160 In build_straw_man_chord_sa. tolerance = 1, sa_iterations = 1000, initial_temperature = 3.0, cooling_rate = 0.999
26 - INFO - chord#: 158 done. best_score=31.0, changed=530, unchanged=413, early_stops=8/8
26 - INFO - chord#: 160 In build_straw_man_chord_sa. tolerance = 1, sa_iterations = 1000, initial_temperature = 3.0, cooling_rate = 0.999
26 - INFO - chord#: 192 done. best_score=59.0, changed=530, unchanged=399, early_stops=8/8
26 - INFO - chord#: 194 In build_straw_man_chord_sa. tolerance = 1, sa_iterations = 1000, initial_temperature = 3.0, cooling_rate = 0.999
26 - INFO - chord#: 188 done. best_score=27.0, changed=525, unchanged=337, early_stops=8/8
26 - INFO - chord#: 192 In build_straw_man_chord_sa. tolerance = 1, sa_iterations = 1000, initial_temperature = 3.0, cooling_rate = 0.999
26 - INFO - chord#: 192 done. best_score=59.0, changed=512, unchanged=363, early_stops=8/8
26 - INFO - chord#: 194 In build_straw_man_chord_sa. tolerance = 1, sa_iterations = 1000, initial_temperature = 3.0, cooling_rate = 0.999
26 - INFO - chord#: 194 done. best_score=55.0, changed=518, unchanged=351, early_stops=8/8
26 - INFO - chord#: 196 In build_straw_man_chord_sa. tolerance = 1, sa_iterations = 1000, initial_temperature = 3.0, cooling_rate = 0.999
26 - INFO - chord#: 194 done. best_score=59.0, changed=528, unchanged=441, early_stops=8/8
26 - INFO - chord#: 196 In build_straw_man_chord_sa. tolerance = 1, sa_iterations = 1000, initial_temperature = 3.0, cooling_rate = 0.999
26 - INFO - chord#: 192 done. best_score=59.0, changed=521, unchanged=406, early_stops=8/8
26 - INFO - chord#: 194 In build_straw_man_chord_sa. tolerance = 1, sa_iterations = 1000, initial_temperature = 3.0, cooling_rate = 0.999
26 - INFO - chord#: 162 done. best_score=67.0, changed=612, unchanged=279, early_stops=8/8
26 - INFO - chord#: 164 In build_straw_man_chord_sa. tolerance = 1, sa_iterations = 1000, initial_temperature = 3.0, cooling_rate = 0.999
26 - INFO - chord#: 198 done. best_score=119.0, changed=611, unchanged=268, early_stops=8/8
26 - INFO - chord#: 200 In build_straw_man_chord_sa. tolerance = 1, sa_iterations = 1000, initial_temperature = 3.0, cooling_rate = 0.999
26 - INFO - chord#: 154 done. best_score=96.0, changed=612, unchanged=431, early_stops=8/8
26 - INFO - chord#: 156 In build_straw_man_chord_sa. tolerance = 1, sa_iterations = 1000, initial_temperature = 3.0, cooling_rate = 0.999
26 - INFO - chord#: 160 done. best_score=93.0, changed=610, unchanged=409, early_stops=8/8
26 - INFO - chord#: 162 In build_straw_man_chord_sa. tolerance = 1, sa_iterations = 1000, initial_temperature = 3.0, cooling_rate = 0.999
26 - INFO - chord#: 154 done. best_score=74.0, changed=614, unchanged=344, early_stops=8/8
26 - INFO - chord#: 156 In build_straw_man_chord_sa. tolerance = 1, sa_iterations = 1000, initial_temperature = 3.0, cooling_rate = 0.999
26 - INFO - chord#: 194 done. best_score=59.0, changed=525, unchanged=481, early_stops=8/8
26 - INFO - chord#: 196 In build_straw_man_chord_sa. tolerance = 1, sa_iterations = 1000, initial_temperature = 3.0, cooling_rate = 0.999
26 - INFO - chord#: 160 done. best_score=96.0, changed=608, unchanged=251, early_stops=8/8
26 - INFO - chord#: 162 In build_straw_man_chord_sa. tolerance = 1, sa_iterations = 1000, initial_temperature = 3.0, cooling_rate = 0.999
26 - INFO - chord#: 196 done. best_score=27.0, changed=519, unchanged=457, early_stops=8/8
26 - INFO - chord#: 198 In build_straw_man_chord_sa. tolerance = 1, sa_iterations = 1000, initial_temperature = 3.0, cooling_rate = 0.999
26 - INFO - chord#: 196 done. best_score=27.0, changed=517, unchanged=400, early_stops=8/8
26 - INFO - chord#: 198 In build_straw_man_chord_sa. tolerance = 1, sa_iterations = 1000, initial_temperature = 3.0, cooling_rate = 0.999
26 - INFO - chord#: 200 done. best_score=27.0, changed=512, unchanged=440, early_stops=8/8
26 - INFO - chord#: 204 In build_straw_man_chord_sa. tolerance = 1, sa_iterations = 1000, initial_temperature = 3.0, cooling_rate = 0.999
26 - INFO - chord#: 160 done. best_score=93.0, changed=610, unchanged=285, early_stops=8/8
26 - INFO - chord#: 162 In build_straw_man_chord_sa. tolerance = 1, sa_iterations = 1000, initial_temperature = 3.0, cooling_rate = 0.999
26 - INFO - chord#: 194 done. best_score=55.0, changed=527, unchanged=564, early_stops=8/8
26 - INFO - chord#: 196 In build_straw_man_chord_sa. tolerance = 1, sa_iterations = 1000, initial_temperature = 3.0, cooling_rate = 0.999
26 - INFO - chord#: 156 done. best_score=27.0, changed=519, unchanged=431, early_stops=8/8
26 - INFO - chord#: 158 In build_straw_man_chord_sa. tolerance = 1, sa_iterations = 1000, initial_temperature = 3.0, cooling_rate = 0.999
26 - INFO - chord#: 164 done. best_score=27.0, changed=524, unchanged=402, early_stops=8/8
26 - INFO - chord#: 172 In build_straw_man_chord_sa. tolerance = 1, sa_iterations = 1000, initial_temperature = 3.0, cooling_rate = 0.999
26 - INFO - chord#: 160 done. best_score=94.0, changed=611, unchanged=278, early_stops=8/8
26 - INFO - chord#: 162 In build_straw_man_chord_sa. tolerance = 1, sa_iterations = 1000, initial_temperature = 3.0, cooling_rate = 0.999
26 - INFO - chord#: 156 done. best_score=27.0, changed=521, unchanged=358, early_stops=8/8
26 - INFO - chord#: 158 In build_straw_man_chord_sa. tolerance = 1, sa_iterations = 1000, initial_temperature = 3.0, cooling_rate = 0.999
26 - INFO - chord#: 196 done. best_score=27.0, changed=528, unchanged=415, early_stops=8/8
26 - INFO - chord#: 198 In build_straw_man_chord_sa. tolerance = 1, sa_iterations = 1000, initial_temperature = 3.0, cooling_rate = 0.999
26 - INFO - chord#: 162 done. best_score=78.0, changed=613, unchanged=317, early_stops=8/8
26 - INFO - chord#: 164 In build_straw_man_chord_sa. tolerance = 1, sa_iterations = 1000, initial_temperature = 3.0, cooling_rate = 0.999
26 - INFO - chord#: 204 done. best_score=27.0, changed=524, unchanged=506, early_stops=8/8
26 - INFO - chord#: 206 In build_straw_man_chord_sa. tolerance = 1, sa_iterations = 1000, initial_temperature = 3.0, cooling_rate = 0.999
26 - INFO - chord#: 158 done. best_score=31.0, changed=526, unchanged=344, early_stops=8/8
26 - INFO - chord#: 160 In build_straw_man_chord_sa. tolerance = 1, sa_iterations = 1000, initial_temperature = 3.0, cooling_rate = 0.999
26 - INFO - chord#: 158 done. best_score=31.0, changed=519, unchanged=365, early_stops=8/8
26 - INFO - chord#: 160 In build_straw_man_chord_sa. tolerance = 1, sa_iterations = 1000, initial_temperature = 3.0, cooling_rate = 0.999
26 - INFO - chord#: 196 done. best_score=27.0, changed=530, unchanged=530, early_stops=8/8
26 - INFO - chord#: 198 In build_straw_man_chord_sa. tolerance = 1, sa_iterations = 1000, initial_temperature = 3.0, cooling_rate = 0.999
26 - INFO - chord#: 172 done. best_score=27.0, changed=516, unchanged=305, early_stops=8/8
26 - INFO - chord#: 176 In build_straw_man_chord_sa. tolerance = 1, sa_iterations = 1000, initial_temperature = 3.0, cooling_rate = 0.999
26 - INFO - chord#: 162 done. best_score=137.0, changed=610, unchanged=232, early_stops=8/8
26 - INFO - chord#: 164 In build_straw_man_chord_sa. tolerance = 1, sa_iterations = 1000, initial_temperature = 3.0, cooling_rate = 0.999
26 - INFO - chord#: 198 done. best_score=67.0, changed=615, unchanged=286, early_stops=8/8
26 - INFO - chord#: 200 In build_straw_man_chord_sa. tolerance = 1, sa_iterations = 1000, initial_temperature = 3.0, cooling_rate = 0.999
26 - INFO - chord#: 164 done. best_score=27.0, changed=520, unchanged=354, early_stops=8/8
26 - INFO - chord#: 172 In build_straw_man_chord_sa. tolerance = 1, sa_iterations = 1000, initial_temperature = 3.0, cooling_rate = 0.999
26 - INFO - chord#: 162 done. best_score=67.0, changed=609, unchanged=228, early_stops=8/8
26 - INFO - chord#: 164 In build_straw_man_chord_sa. tolerance = 1, sa_iterations = 1000, initial_temperature = 3.0, cooling_rate = 0.999
26 - INFO - chord#: 162 done. best_score=96.0, changed=614, unchanged=285, early_stops=8/8
26 - INFO - chord#: 164 In build_straw_man_chord_sa. tolerance = 1, sa_iterations = 1000, initial_temperature = 3.0, cooling_rate = 0.999
26 - INFO - chord#: 198 done. best_score=119.0, changed=609, unchanged=298, early_stops=8/8
26 - INFO - chord#: 200 In build_straw_man_chord_sa. tolerance = 1, sa_iterations = 1000, initial_temperature = 3.0, cooling_rate = 0.999
26 - INFO - chord#: 164 done. best_score=27.0, changed=521, unchanged=528, early_stops=8/8
26 - INFO - chord#: 172 In build_straw_man_chord_sa. tolerance = 1, sa_iterations = 1000, initial_temperature = 3.0, cooling_rate = 0.999
26 - INFO - chord#: 176 done. best_score=36.0, changed=525, unchanged=326, early_stops=8/8
26 - INFO - chord#: 178 In build_straw_man_chord_sa. tolerance = 1, sa_iterations = 1000, initial_temperature = 3.0, cooling_rate = 0.999
26 - INFO - chord#: 200 done. best_score=27.0, changed=522, unchanged=484, early_stops=8/8
26 - INFO - chord#: 204 In build_straw_man_chord_sa. tolerance = 1, sa_iterations = 1000, initial_temperature = 3.0, cooling_rate = 0.999
26 - INFO - chord#: 172 done. best_score=27.0, changed=514, unchanged=330, early_stops=8/8
26 - INFO - chord#: 176 In build_straw_man_chord_sa. tolerance = 1, sa_iterations = 1000, initial_temperature = 3.0, cooling_rate = 0.999
26 - INFO - chord#: 206 done. best_score=97.0, changed=610, unchanged=264, early_stops=8/8
26 - INFO - chord#: 207 In build_straw_man_chord_sa. tolerance = 1, sa_iterations = 1000, initial_temperature = 3.0, cooling_rate = 0.999
26 - INFO - chord#: 160 done. best_score=96.0, changed=608, unchanged=270, early_stops=8/8
26 - INFO - chord#: 162 In build_straw_man_chord_sa. tolerance = 1, sa_iterations = 1000, initial_temperature = 3.0, cooling_rate = 0.999
26 - INFO - chord#: 172 done. best_score=27.0, changed=514, unchanged=365, early_stops=8/8
26 - INFO - chord#: 176 In build_straw_man_chord_sa. tolerance = 1, sa_iterations = 1000, initial_temperature = 3.0, cooling_rate = 0.999
26 - INFO - chord#: 198 done. best_score=119.0, changed=613, unchanged=394, early_stops=8/8
26 - INFO - chord#: 200 In build_straw_man_chord_sa. tolerance = 1, sa_iterations = 1000, initial_temperature = 3.0, cooling_rate = 0.999
26 - INFO - chord#: 198 done. best_score=119.0, changed=613, unchanged=422, early_stops=8/8
26 - INFO - chord#: 200 In build_straw_man_chord_sa. tolerance = 1, sa_iterations = 1000, initial_temperature = 3.0, cooling_rate = 0.999
26 - INFO - chord#: 164 done. best_score=27.0, changed=521, unchanged=391, early_stops=8/8
26 - INFO - chord#: 172 In build_straw_man_chord_sa. tolerance = 1, sa_iterations = 1000, initial_temperature = 3.0, cooling_rate = 0.999
26 - INFO - chord#: 164 done. best_score=27.0, changed=518, unchanged=458, early_stops=8/8
26 - INFO - chord#: 172 In build_straw_man_chord_sa. tolerance = 1, sa_iterations = 1000, initial_temperature = 3.0, cooling_rate = 0.999
26 - INFO - chord#: 160 done. best_score=93.0, changed=609, unchanged=243, early_stops=8/8
26 - INFO - chord#: 162 In build_straw_man_chord_sa. tolerance = 1, sa_iterations = 1000, initial_temperature = 3.0, cooling_rate = 0.999
26 - INFO - chord#: 200 done. best_score=27.0, changed=519, unchanged=536, early_stops=8/8
26 - INFO - chord#: 204 In build_straw_man_chord_sa. tolerance = 1, sa_iterations = 1000, initial_temperature = 3.0, cooling_rate = 0.999
26 - INFO - chord#: 176 done. best_score=36.0, changed=524, unchanged=308, early_stops=8/8
26 - INFO - chord#: 178 In build_straw_man_chord_sa. tolerance = 1, sa_iterations = 1000, initial_temperature = 3.0, cooling_rate = 0.999
26 - INFO - chord#: 204 done. best_score=27.0, changed=526, unchanged=391, early_stops=8/8
26 - INFO - chord#: 206 In build_straw_man_chord_sa. tolerance = 1, sa_iterations = 1000, initial_temperature = 3.0, cooling_rate = 0.999
26 - INFO - chord#: 207 done. best_score=27.0, changed=525, unchanged=329, early_stops=8/8
26 - INFO - chord#: 208 In build_straw_man_chord_sa. tolerance = 1, sa_iterations = 1000, initial_temperature = 3.0, cooling_rate = 0.999
26 - INFO - chord#: 178 done. best_score=61.0, changed=543, unchanged=374, early_stops=8/8
26 - INFO - chord#: 180 In build_straw_man_chord_sa. tolerance = 1, sa_iterations = 1000, initial_temperature = 3.0, cooling_rate = 0.999
26 - INFO - chord#: 176 done. best_score=36.0, changed=522, unchanged=384, early_stops=8/8
26 - INFO - chord#: 178 In build_straw_man_chord_sa. tolerance = 1, sa_iterations = 1000, initial_temperature = 3.0, cooling_rate = 0.999
26 - INFO - chord#: 200 done. best_score=27.0, changed=516, unchanged=422, early_stops=8/8
26 - INFO - chord#: 204 In build_straw_man_chord_sa. tolerance = 1, sa_iterations = 1000, initial_temperature = 3.0, cooling_rate = 0.999
26 - INFO - chord#: 200 done. best_score=27.0, changed=516, unchanged=372, early_stops=8/8
26 - INFO - chord#: 204 In build_straw_man_chord_sa. tolerance = 1, sa_iterations = 1000, initial_temperature = 3.0, cooling_rate = 0.999
26 - INFO - chord#: 178 done. best_score=61.0, changed=511, unchanged=318, early_stops=8/8
26 - INFO - chord#: 180 In build_straw_man_chord_sa. tolerance = 1, sa_iterations = 1000, initial_temperature = 3.0, cooling_rate = 0.999
26 - INFO - chord#: 172 done. best_score=27.0, changed=525, unchanged=340, early_stops=8/8
26 - INFO - chord#: 176 In build_straw_man_chord_sa. tolerance = 1, sa_iterations = 1000, initial_temperature = 3.0, cooling_rate = 0.999
26 - INFO - chord#: 172 done. best_score=27.0, changed=514, unchanged=415, early_stops=8/8
26 - INFO - chord#: 176 In build_straw_man_chord_sa. tolerance = 1, sa_iterations = 1000, initial_temperature = 3.0, cooling_rate = 0.999
26 - INFO - chord#: 162 done. best_score=145.0, changed=607, unchanged=254, early_stops=8/8
26 - INFO - chord#: 164 In build_straw_man_chord_sa. tolerance = 1, sa_iterations = 1000, initial_temperature = 3.0, cooling_rate = 0.999
26 - INFO - chord#: 204 done. best_score=27.0, changed=521, unchanged=503, early_stops=8/8
26 - INFO - chord#: 206 In build_straw_man_chord_sa. tolerance = 1, sa_iterations = 1000, initial_temperature = 3.0, cooling_rate = 0.999
26 - INFO - chord#: 178 done. best_score=61.0, changed=531, unchanged=371, early_stops=8/8
26 - INFO - chord#: 180 In build_straw_man_chord_sa. tolerance = 1, sa_iterations = 1000, initial_temperature = 3.0, cooling_rate = 0.999
26 - INFO - chord#: 204 done. best_score=27.0, changed=520, unchanged=597, early_stops=8/8
26 - INFO - chord#: 206 In build_straw_man_chord_sa. tolerance = 1, sa_iterations = 1000, initial_temperature = 3.0, cooling_rate = 0.999
26 - INFO - chord#: 164 done. best_score=27.0, changed=517, unchanged=338, early_stops=8/8
26 - INFO - chord#: 172 In build_straw_man_chord_sa. tolerance = 1, sa_iterations = 1000, initial_temperature = 3.0, cooling_rate = 0.999
26 - INFO - chord#: 206 done. best_score=149.0, changed=607, unchanged=279, early_stops=8/8
26 - INFO - chord#: 207 In build_straw_man_chord_sa. tolerance = 1, sa_iterations = 1000, initial_temperature = 3.0, cooling_rate = 0.999
26 - INFO - chord#: 180 done. best_score=96.0, changed=606, unchanged=206, early_stops=8/8
26 - INFO - chord#: 182 In build_straw_man_chord_sa. tolerance = 1, sa_iterations = 1000, initial_temperature = 3.0, cooling_rate = 0.999
26 - INFO - chord#: 204 done. best_score=27.0, changed=516, unchanged=488, early_stops=8/8
26 - INFO - chord#: 206 In build_straw_man_chord_sa. tolerance = 1, sa_iterations = 1000, initial_temperature = 3.0, cooling_rate = 0.999
26 - INFO - chord#: 208 done. best_score=115.0, changed=612, unchanged=317, early_stops=8/8
26 - INFO - chord#: 212 In build_straw_man_chord_sa. tolerance = 1, sa_iterations = 1000, initial_temperature = 3.0, cooling_rate = 0.999
26 - INFO - chord#: 176 done. best_score=36.0, changed=516, unchanged=356, early_stops=8/8
26 - INFO - chord#: 178 In build_straw_man_chord_sa. tolerance = 1, sa_iterations = 1000, initial_temperature = 3.0, cooling_rate = 0.999
26 - INFO - chord#: 176 done. best_score=36.0, changed=521, unchanged=416, early_stops=8/8
26 - INFO - chord#: 178 In build_straw_man_chord_sa. tolerance = 1, sa_iterations = 1000, initial_temperature = 3.0, cooling_rate = 0.999
26 - INFO - chord#: 162 done. best_score=167.0, changed=613, unchanged=308, early_stops=8/8
26 - INFO - chord#: 164 In build_straw_man_chord_sa. tolerance = 1, sa_iterations = 1000, initial_temperature = 3.0, cooling_rate = 0.999
26 - INFO - chord#: 207 done. best_score=27.0, changed=526, unchanged=318, early_stops=8/8
26 - INFO - chord#: 208 In build_straw_man_chord_sa. tolerance = 1, sa_iterations = 1000, initial_temperature = 3.0, cooling_rate = 0.999
26 - INFO - chord#: 172 done. best_score=27.0, changed=515, unchanged=312, early_stops=8/8
26 - INFO - chord#: 176 In build_straw_man_chord_sa. tolerance = 1, sa_iterations = 1000, initial_temperature = 3.0, cooling_rate = 0.999
26 - INFO - chord#: 212 done. best_score=27.0, changed=522, unchanged=366, early_stops=8/8
26 - INFO - chord#: 214 In build_straw_man_chord_sa. tolerance = 1, sa_iterations = 1000, initial_temperature = 3.0, cooling_rate = 0.999
26 - INFO - chord#: 180 done. best_score=158.0, changed=616, unchanged=360, early_stops=8/8
26 - INFO - chord#: 182 In build_straw_man_chord_sa. tolerance = 1, sa_iterations = 1000, initial_temperature = 3.0, cooling_rate = 0.999
26 - INFO - chord#: 178 done. best_score=61.0, changed=528, unchanged=292, early_stops=8/8
26 - INFO - chord#: 180 In build_straw_man_chord_sa. tolerance = 1, sa_iterations = 1000, initial_temperature = 3.0, cooling_rate = 0.999
26 - INFO - chord#: 180 done. best_score=96.0, changed=611, unchanged=254, early_stops=8/8
26 - INFO - chord#: 182 In build_straw_man_chord_sa. tolerance = 1, sa_iterations = 1000, initial_temperature = 3.0, cooling_rate = 0.999
26 - INFO - chord#: 182 done. best_score=36.0, changed=526, unchanged=377, early_stops=8/8
26 - INFO - chord#: 184 In build_straw_man_chord_sa. tolerance = 1, sa_iterations = 1000, initial_temperature = 3.0, cooling_rate = 0.999
26 - INFO - chord#: 178 done. best_score=61.0, changed=538, unchanged=401, early_stops=8/8
26 - INFO - chord#: 180 In build_straw_man_chord_sa. tolerance = 1, sa_iterations = 1000, initial_temperature = 3.0, cooling_rate = 0.999
26 - INFO - chord#: 206 done. best_score=90.0, changed=610, unchanged=271, early_stops=8/8
26 - INFO - chord#: 207 In build_straw_man_chord_sa. tolerance = 1, sa_iterations = 1000, initial_temperature = 3.0, cooling_rate = 0.999
26 - INFO - chord#: 206 done. best_score=95.0, changed=610, unchanged=255, early_stops=8/8
26 - INFO - chord#: 207 In build_straw_man_chord_sa. tolerance = 1, sa_iterations = 1000, initial_temperature = 3.0, cooling_rate = 0.999
26 - INFO - chord#: 164 done. best_score=27.0, changed=529, unchanged=512, early_stops=8/8
26 - INFO - chord#: 172 In build_straw_man_chord_sa. tolerance = 1, sa_iterations = 1000, initial_temperature = 3.0, cooling_rate = 0.999
26 - INFO - chord#: 182 done. best_score=36.0, changed=522, unchanged=447, early_stops=8/8
26 - INFO - chord#: 184 In build_straw_man_chord_sa. tolerance = 1, sa_iterations = 1000, initial_temperature = 3.0, cooling_rate = 0.999
26 - INFO - chord#: 176 done. best_score=36.0, changed=521, unchanged=454, early_stops=8/8
26 - INFO - chord#: 178 In build_straw_man_chord_sa. tolerance = 1, sa_iterations = 1000, initial_temperature = 3.0, cooling_rate = 0.999
26 - INFO - chord#: 182 done. best_score=36.0, changed=524, unchanged=457, early_stops=8/8
26 - INFO - chord#: 184 In build_straw_man_chord_sa. tolerance = 1, sa_iterations = 1000, initial_temperature = 3.0, cooling_rate = 0.999
26 - INFO - chord#: 184 done. best_score=27.0, changed=520, unchanged=407, early_stops=8/8
26 - INFO - chord#: 188 In build_straw_man_chord_sa. tolerance = 1, sa_iterations = 1000, initial_temperature = 3.0, cooling_rate = 0.999
26 - INFO - chord#: 207 done. best_score=27.0, changed=527, unchanged=374, early_stops=8/8
26 - INFO - chord#: 208 In build_straw_man_chord_sa. tolerance = 1, sa_iterations = 1000, initial_temperature = 3.0, cooling_rate = 0.999
26 - INFO - chord#: 172 done. best_score=27.0, changed=527, unchanged=334, early_stops=8/8
26 - INFO - chord#: 176 In build_straw_man_chord_sa. tolerance = 1, sa_iterations = 1000, initial_temperature = 3.0, cooling_rate = 0.999
26 - INFO - chord#: 207 done. best_score=27.0, changed=534, unchanged=329, early_stops=8/8
26 - INFO - chord#: 208 In build_straw_man_chord_sa. tolerance = 1, sa_iterations = 1000, initial_temperature = 3.0, cooling_rate = 0.999
26 - INFO - chord#: 214 done. best_score=96.0, changed=608, unchanged=215, early_stops=8/8
26 - INFO - chord#: 216 In build_straw_man_chord_sa. tolerance = 1, sa_iterations = 1000, initial_temperature = 3.0, cooling_rate = 0.999
26 - INFO - chord#: 206 done. best_score=108.0, changed=608, unchanged=307, early_stops=8/8
26 - INFO - chord#: 207 In build_straw_man_chord_sa. tolerance = 1, sa_iterations = 1000, initial_temperature = 3.0, cooling_rate = 0.999
26 - INFO - chord#: 184 done. best_score=27.0, changed=527, unchanged=490, early_stops=8/8
26 - INFO - chord#: 188 In build_straw_man_chord_sa. tolerance = 1, sa_iterations = 1000, initial_temperature = 3.0, cooling_rate = 0.999
26 - INFO - chord#: 208 done. best_score=93.0, changed=611, unchanged=477, early_stops=8/8
26 - INFO - chord#: 212 In build_straw_man_chord_sa. tolerance = 1, sa_iterations = 1000, initial_temperature = 3.0, cooling_rate = 0.999
26 - INFO - chord#: 178 done. best_score=61.0, changed=537, unchanged=368, early_stops=8/8
26 - INFO - chord#: 180 In build_straw_man_chord_sa. tolerance = 1, sa_iterations = 1000, initial_temperature = 3.0, cooling_rate = 0.999
26 - INFO - chord#: 184 done. best_score=27.0, changed=519, unchanged=319, early_stops=8/8
26 - INFO - chord#: 188 In build_straw_man_chord_sa. tolerance = 1, sa_iterations = 1000, initial_temperature = 3.0, cooling_rate = 0.999
26 - INFO - chord#: 216 done. best_score=27.0, changed=534, unchanged=429, early_stops=8/8
26 - INFO - chord#: 220 In build_straw_man_chord_sa. tolerance = 1, sa_iterations = 1000, initial_temperature = 3.0, cooling_rate = 0.999
26 - INFO - chord#: 188 done. best_score=27.0, changed=526, unchanged=393, early_stops=8/8
26 - INFO - chord#: 192 In build_straw_man_chord_sa. tolerance = 1, sa_iterations = 1000, initial_temperature = 3.0, cooling_rate = 0.999
26 - INFO - chord#: 176 done. best_score=36.0, changed=521, unchanged=413, early_stops=8/8
26 - INFO - chord#: 178 In build_straw_man_chord_sa. tolerance = 1, sa_iterations = 1000, initial_temperature = 3.0, cooling_rate = 0.999
26 - INFO - chord#: 180 done. best_score=125.0, changed=610, unchanged=285, early_stops=8/8
26 - INFO - chord#: 182 In build_straw_man_chord_sa. tolerance = 1, sa_iterations = 1000, initial_temperature = 3.0, cooling_rate = 0.999
26 - INFO - chord#: 207 done. best_score=27.0, changed=531, unchanged=349, early_stops=8/8
26 - INFO - chord#: 208 In build_straw_man_chord_sa. tolerance = 1, sa_iterations = 1000, initial_temperature = 3.0, cooling_rate = 0.999
26 - INFO - chord#: 180 done. best_score=162.0, changed=614, unchanged=260, early_stops=8/8
26 - INFO - chord#: 182 In build_straw_man_chord_sa. tolerance = 1, sa_iterations = 1000, initial_temperature = 3.0, cooling_rate = 0.999
26 - INFO - chord#: 188 done. best_score=27.0, changed=515, unchanged=461, early_stops=8/8
26 - INFO - chord#: 192 In build_straw_man_chord_sa. tolerance = 1, sa_iterations = 1000, initial_temperature = 3.0, cooling_rate = 0.999
26 - INFO - chord#: 212 done. best_score=27.0, changed=531, unchanged=472, early_stops=8/8
26 - INFO - chord#: 214 In build_straw_man_chord_sa. tolerance = 1, sa_iterations = 1000, initial_temperature = 3.0, cooling_rate = 0.999
26 - INFO - chord#: 188 done. best_score=27.0, changed=514, unchanged=355, early_stops=8/8
26 - INFO - chord#: 192 In build_straw_man_chord_sa. tolerance = 1, sa_iterations = 1000, initial_temperature = 3.0, cooling_rate = 0.999
26 - INFO - chord#: 178 done. best_score=61.0, changed=522, unchanged=301, early_stops=8/8
26 - INFO - chord#: 180 In build_straw_man_chord_sa. tolerance = 1, sa_iterations = 1000, initial_temperature = 3.0, cooling_rate = 0.999
26 - INFO - chord#: 208 done. best_score=105.0, changed=611, unchanged=387, early_stops=8/8
26 - INFO - chord#: 212 In build_straw_man_chord_sa. tolerance = 1, sa_iterations = 1000, initial_temperature = 3.0, cooling_rate = 0.999
26 - INFO - chord#: 192 done. best_score=59.0, changed=519, unchanged=413, early_stops=8/8
26 - INFO - chord#: 194 In build_straw_man_chord_sa. tolerance = 1, sa_iterations = 1000, initial_temperature = 3.0, cooling_rate = 0.999
26 - INFO - chord#: 182 done. best_score=36.0, changed=524, unchanged=393, early_stops=8/8
26 - INFO - chord#: 184 In build_straw_man_chord_sa. tolerance = 1, sa_iterations = 1000, initial_temperature = 3.0, cooling_rate = 0.999
26 - INFO - chord#: 192 done. best_score=59.0, changed=526, unchanged=396, early_stops=8/8
26 - INFO - chord#: 194 In build_straw_man_chord_sa. tolerance = 1, sa_iterations = 1000, initial_temperature = 3.0, cooling_rate = 0.999
26 - INFO - chord#: 182 done. best_score=36.0, changed=522, unchanged=417, early_stops=8/8
26 - INFO - chord#: 184 In build_straw_man_chord_sa. tolerance = 1, sa_iterations = 1000, initial_temperature = 3.0, cooling_rate = 0.999
26 - INFO - chord#: 208 done. best_score=105.0, changed=613, unchanged=273, early_stops=8/8
26 - INFO - chord#: 212 In build_straw_man_chord_sa. tolerance = 1, sa_iterations = 1000, initial_temperature = 3.0, cooling_rate = 0.999
26 - INFO - chord#: 192 done. best_score=59.0, changed=518, unchanged=463, early_stops=8/8
26 - INFO - chord#: 194 In build_straw_man_chord_sa. tolerance = 1, sa_iterations = 1000, initial_temperature = 3.0, cooling_rate = 0.999
26 - INFO - chord#: 212 done. best_score=27.0, changed=525, unchanged=319, early_stops=8/8
26 - INFO - chord#: 214 In build_straw_man_chord_sa. tolerance = 1, sa_iterations = 1000, initial_temperature = 3.0, cooling_rate = 0.999
26 - INFO - chord#: 214 done. best_score=93.0, changed=609, unchanged=240, early_stops=8/8
26 - INFO - chord#: 216 In build_straw_man_chord_sa. tolerance = 1, sa_iterations = 1000, initial_temperature = 3.0, cooling_rate = 0.999
26 - INFO - chord#: 194 done. best_score=55.0, changed=517, unchanged=342, early_stops=8/8
26 - INFO - chord#: 196 In build_straw_man_chord_sa. tolerance = 1, sa_iterations = 1000, initial_temperature = 3.0, cooling_rate = 0.999
26 - INFO - chord#: 212 done. best_score=27.0, changed=519, unchanged=389, early_stops=8/8
26 - INFO - chord#: 214 In build_straw_man_chord_sa. tolerance = 1, sa_iterations = 1000, initial_temperature = 3.0, cooling_rate = 0.999
26 - INFO - chord#: 184 done. best_score=27.0, changed=520, unchanged=406, early_stops=8/8
26 - INFO - chord#: 188 In build_straw_man_chord_sa. tolerance = 1, sa_iterations = 1000, initial_temperature = 3.0, cooling_rate = 0.999
26 - INFO - chord#: 208 done. best_score=93.0, changed=613, unchanged=263, early_stops=8/8
26 - INFO - chord#: 212 In build_straw_man_chord_sa. tolerance = 1, sa_iterations = 1000, initial_temperature = 3.0, cooling_rate = 0.999
26 - INFO - chord#: 220 done. best_score=137.0, changed=614, unchanged=472, early_stops=8/8
26 - INFO - chord#: 224 In build_straw_man_chord_sa. tolerance = 1, sa_iterations = 1000, initial_temperature = 3.0, cooling_rate = 0.999
26 - INFO - chord#: 194 done. best_score=55.0, changed=521, unchanged=444, early_stops=8/8
26 - INFO - chord#: 196 In build_straw_man_chord_sa. tolerance = 1, sa_iterations = 1000, initial_temperature = 3.0, cooling_rate = 0.999
26 - INFO - chord#: 194 done. best_score=59.0, changed=517, unchanged=481, early_stops=8/8
26 - INFO - chord#: 196 In build_straw_man_chord_sa. tolerance = 1, sa_iterations = 1000, initial_temperature = 3.0, cooling_rate = 0.999
26 - INFO - chord#: 180 done. best_score=145.0, changed=617, unchanged=520, early_stops=8/8
26 - INFO - chord#: 182 In build_straw_man_chord_sa. tolerance = 1, sa_iterations = 1000, initial_temperature = 3.0, cooling_rate = 0.999
26 - INFO - chord#: 224 done. best_score=9.0, changed=460, unchanged=391, early_stops=8/8
26 - INFO - chord#: 228 In build_straw_man_chord_sa. tolerance = 1, sa_iterations = 1000, initial_temperature = 3.0, cooling_rate = 0.999
26 - INFO - chord#: 184 done. best_score=27.0, changed=519, unchanged=441, early_stops=8/8
26 - INFO - chord#: 188 In build_straw_man_chord_sa. tolerance = 1, sa_iterations = 1000, initial_temperature = 3.0, cooling_rate = 0.999
26 - INFO - chord#: 216 done. best_score=27.0, changed=513, unchanged=355, early_stops=8/8
26 - INFO - chord#: 220 In build_straw_man_chord_sa. tolerance = 1, sa_iterations = 1000, initial_temperature = 3.0, cooling_rate = 0.999
26 - INFO - chord#: 180 done. best_score=67.0, changed=609, unchanged=386, early_stops=8/8
26 - INFO - chord#: 182 In build_straw_man_chord_sa. tolerance = 1, sa_iterations = 1000, initial_temperature = 3.0, cooling_rate = 0.999
26 - INFO - chord#: 188 done. best_score=27.0, changed=520, unchanged=347, early_stops=8/8
26 - INFO - chord#: 192 In build_straw_man_chord_sa. tolerance = 1, sa_iterations = 1000, initial_temperature = 3.0, cooling_rate = 0.999
26 - INFO - chord#: 196 done. best_score=27.0, changed=520, unchanged=398, early_stops=8/8
26 - INFO - chord#: 198 In build_straw_man_chord_sa. tolerance = 1, sa_iterations = 1000, initial_temperature = 3.0, cooling_rate = 0.999
26 - INFO - chord#: 228 done. best_score=27.0, changed=509, unchanged=333, early_stops=8/8
26 - INFO - chord#: 232 In build_straw_man_chord_sa. tolerance = 1, sa_iterations = 1000, initial_temperature = 3.0, cooling_rate = 0.999
26 - INFO - chord#: 196 done. best_score=27.0, changed=517, unchanged=410, early_stops=8/8
26 - INFO - chord#: 198 In build_straw_man_chord_sa. tolerance = 1, sa_iterations = 1000, initial_temperature = 3.0, cooling_rate = 0.999
26 - INFO - chord#: 196 done. best_score=27.0, changed=513, unchanged=371, early_stops=8/8
26 - INFO - chord#: 198 In build_straw_man_chord_sa. tolerance = 1, sa_iterations = 1000, initial_temperature = 3.0, cooling_rate = 0.999
26 - INFO - chord#: 212 done. best_score=27.0, changed=533, unchanged=543, early_stops=8/8
26 - INFO - chord#: 214 In build_straw_man_chord_sa. tolerance = 1, sa_iterations = 1000, initial_temperature = 3.0, cooling_rate = 0.999
26 - INFO - chord#: 188 done. best_score=27.0, changed=517, unchanged=342, early_stops=8/8
26 - INFO - chord#: 192 In build_straw_man_chord_sa. tolerance = 1, sa_iterations = 1000, initial_temperature = 3.0, cooling_rate = 0.999
26 - INFO - chord#: 182 done. best_score=36.0, changed=519, unchanged=321, early_stops=8/8
26 - INFO - chord#: 184 In build_straw_man_chord_sa. tolerance = 1, sa_iterations = 1000, initial_temperature = 3.0, cooling_rate = 0.999
26 - INFO - chord#: 214 done. best_score=93.0, changed=614, unchanged=433, early_stops=8/8
26 - INFO - chord#: 216 In build_straw_man_chord_sa. tolerance = 1, sa_iterations = 1000, initial_temperature = 3.0, cooling_rate = 0.999
26 - INFO - chord#: 182 done. best_score=36.0, changed=523, unchanged=385, early_stops=8/8
26 - INFO - chord#: 184 In build_straw_man_chord_sa. tolerance = 1, sa_iterations = 1000, initial_temperature = 3.0, cooling_rate = 0.999
26 - INFO - chord#: 216 done. best_score=27.0, changed=529, unchanged=410, early_stops=8/8
26 - INFO - chord#: 220 In build_straw_man_chord_sa. tolerance = 1, sa_iterations = 1000, initial_temperature = 3.0, cooling_rate = 0.999
26 - INFO - chord#: 192 done. best_score=59.0, changed=522, unchanged=475, early_stops=8/8
26 - INFO - chord#: 194 In build_straw_man_chord_sa. tolerance = 1, sa_iterations = 1000, initial_temperature = 3.0, cooling_rate = 0.999
26 - INFO - chord#: 192 done. best_score=59.0, changed=517, unchanged=353, early_stops=8/8
26 - INFO - chord#: 194 In build_straw_man_chord_sa. tolerance = 1, sa_iterations = 1000, initial_temperature = 3.0, cooling_rate = 0.999
26 - INFO - chord#: 220 done. best_score=67.0, changed=609, unchanged=302, early_stops=8/8
26 - INFO - chord#: 224 In build_straw_man_chord_sa. tolerance = 1, sa_iterations = 1000, initial_temperature = 3.0, cooling_rate = 0.999
26 - INFO - chord#: 214 done. best_score=96.0, changed=618, unchanged=403, early_stops=8/8
26 - INFO - chord#: 216 In build_straw_man_chord_sa. tolerance = 1, sa_iterations = 1000, initial_temperature = 3.0, cooling_rate = 0.999
26 - INFO - chord#: 184 done. best_score=27.0, changed=523, unchanged=511, early_stops=8/8
26 - INFO - chord#: 188 In build_straw_man_chord_sa. tolerance = 1, sa_iterations = 1000, initial_temperature = 3.0, cooling_rate = 0.999
26 - INFO - chord#: 224 done. best_score=9.0, changed=468, unchanged=372, early_stops=8/8
26 - INFO - chord#: 228 In build_straw_man_chord_sa. tolerance = 1, sa_iterations = 1000, initial_temperature = 3.0, cooling_rate = 0.999
26 - INFO - chord#: 184 done. best_score=27.0, changed=528, unchanged=523, early_stops=8/8
26 - INFO - chord#: 188 In build_straw_man_chord_sa. tolerance = 1, sa_iterations = 1000, initial_temperature = 3.0, cooling_rate = 0.999
26 - INFO - chord#: 198 done. best_score=78.0, changed=610, unchanged=253, early_stops=8/8
26 - INFO - chord#: 200 In build_straw_man_chord_sa. tolerance = 1, sa_iterations = 1000, initial_temperature = 3.0, cooling_rate = 0.999
26 - INFO - chord#: 198 done. best_score=119.0, changed=605, unchanged=216, early_stops=8/8
26 - INFO - chord#: 200 In build_straw_man_chord_sa. tolerance = 1, sa_iterations = 1000, initial_temperature = 3.0, cooling_rate = 0.999
26 - INFO - chord#: 232 done. best_score=145.0, changed=610, unchanged=327, early_stops=8/8
26 - INFO - chord#: 236 In build_straw_man_chord_sa. tolerance = 1, sa_iterations = 1000, initial_temperature = 3.0, cooling_rate = 0.999
26 - INFO - chord#: 198 done. best_score=78.0, changed=611, unchanged=429, early_stops=8/8
26 - INFO - chord#: 200 In build_straw_man_chord_sa. tolerance = 1, sa_iterations = 1000, initial_temperature = 3.0, cooling_rate = 0.999
26 - INFO - chord#: 188 done. best_score=27.0, changed=523, unchanged=407, early_stops=8/8
26 - INFO - chord#: 192 In build_straw_man_chord_sa. tolerance = 1, sa_iterations = 1000, initial_temperature = 3.0, cooling_rate = 0.999
26 - INFO - chord#: 216 done. best_score=27.0, changed=523, unchanged=381, early_stops=8/8
26 - INFO - chord#: 220 In build_straw_man_chord_sa. tolerance = 1, sa_iterations = 1000, initial_temperature = 3.0, cooling_rate = 0.999
26 - INFO - chord#: 228 done. best_score=27.0, changed=526, unchanged=540, early_stops=8/8
26 - INFO - chord#: 232 In build_straw_man_chord_sa. tolerance = 1, sa_iterations = 1000, initial_temperature = 3.0, cooling_rate = 0.999
26 - INFO - chord#: 200 done. best_score=27.0, changed=524, unchanged=470, early_stops=8/8
26 - INFO - chord#: 204 In build_straw_man_chord_sa. tolerance = 1, sa_iterations = 1000, initial_temperature = 3.0, cooling_rate = 0.999
26 - INFO - chord#: 188 done. best_score=27.0, changed=532, unchanged=497, early_stops=8/8
26 - INFO - chord#: 192 In build_straw_man_chord_sa. tolerance = 1, sa_iterations = 1000, initial_temperature = 3.0, cooling_rate = 0.999
26 - INFO - chord#: 214 done. best_score=93.0, changed=617, unchanged=451, early_stops=8/8
26 - INFO - chord#: 216 In build_straw_man_chord_sa. tolerance = 1, sa_iterations = 1000, initial_temperature = 3.0, cooling_rate = 0.999
26 - INFO - chord#: 236 done. best_score=36.0, changed=529, unchanged=349, early_stops=8/8
26 - INFO - chord#: 240 In build_straw_man_chord_sa. tolerance = 1, sa_iterations = 1000, initial_temperature = 3.0, cooling_rate = 0.999
26 - INFO - chord#: 194 done. best_score=59.0, changed=536, unchanged=673, early_stops=8/8
26 - INFO - chord#: 196 In build_straw_man_chord_sa. tolerance = 1, sa_iterations = 1000, initial_temperature = 3.0, cooling_rate = 0.999
26 - INFO - chord#: 194 done. best_score=59.0, changed=532, unchanged=613, early_stops=8/8
26 - INFO - chord#: 196 In build_straw_man_chord_sa. tolerance = 1, sa_iterations = 1000, initial_temperature = 3.0, cooling_rate = 0.999
26 - INFO - chord#: 200 done. best_score=27.0, changed=515, unchanged=358, early_stops=8/8
26 - INFO - chord#: 204 In build_straw_man_chord_sa. tolerance = 1, sa_iterations = 1000, initial_temperature = 3.0, cooling_rate = 0.999
26 - INFO - chord#: 200 done. best_score=27.0, changed=514, unchanged=363, early_stops=8/8
26 - INFO - chord#: 204 In build_straw_man_chord_sa. tolerance = 1, sa_iterations = 1000, initial_temperature = 3.0, cooling_rate = 0.999
26 - INFO - chord#: 240 done. best_score=11.0, changed=490, unchanged=348, early_stops=8/8
26 - INFO - chord#: 242 In build_straw_man_chord_sa. tolerance = 1, sa_iterations = 1000, initial_temperature = 3.0, cooling_rate = 0.999
26 - INFO - chord#: 192 done. best_score=59.0, changed=524, unchanged=515, early_stops=8/8
26 - INFO - chord#: 194 In build_straw_man_chord_sa. tolerance = 1, sa_iterations = 1000, initial_temperature = 3.0, cooling_rate = 0.999
26 - INFO - chord#: 220 done. best_score=67.0, changed=617, unchanged=448, early_stops=8/8
26 - INFO - chord#: 224 In build_straw_man_chord_sa. tolerance = 1, sa_iterations = 1000, initial_temperature = 3.0, cooling_rate = 0.999
26 - INFO - chord#: 204 done. best_score=27.0, changed=517, unchanged=516, early_stops=8/8
26 - INFO - chord#: 206 In build_straw_man_chord_sa. tolerance = 1, sa_iterations = 1000, initial_temperature = 3.0, cooling_rate = 0.999
26 - INFO - chord#: 224 done. best_score=9.0, changed=473, unchanged=350, early_stops=8/8
26 - INFO - chord#: 228 In build_straw_man_chord_sa. tolerance = 1, sa_iterations = 1000, initial_temperature = 3.0, cooling_rate = 0.999
26 - INFO - chord#: 216 done. best_score=27.0, changed=531, unchanged=480, early_stops=8/8
26 - INFO - chord#: 220 In build_straw_man_chord_sa. tolerance = 1, sa_iterations = 1000, initial_temperature = 3.0, cooling_rate = 0.999
26 - INFO - chord#: 204 done. best_score=27.0, changed=519, unchanged=418, early_stops=8/8
26 - INFO - chord#: 206 In build_straw_man_chord_sa. tolerance = 1, sa_iterations = 1000, initial_temperature = 3.0, cooling_rate = 0.999
26 - INFO - chord#: 196 done. best_score=27.0, changed=517, unchanged=385, early_stops=8/8
26 - INFO - chord#: 198 In build_straw_man_chord_sa. tolerance = 1, sa_iterations = 1000, initial_temperature = 3.0, cooling_rate = 0.999
26 - INFO - chord#: 196 done. best_score=27.0, changed=524, unchanged=425, early_stops=8/8
26 - INFO - chord#: 198 In build_straw_man_chord_sa. tolerance = 1, sa_iterations = 1000, initial_temperature = 3.0, cooling_rate = 0.999
26 - INFO - chord#: 192 done. best_score=59.0, changed=527, unchanged=494, early_stops=8/8
26 - INFO - chord#: 194 In build_straw_man_chord_sa. tolerance = 1, sa_iterations = 1000, initial_temperature = 3.0, cooling_rate = 0.999
26 - INFO - chord#: 204 done. best_score=27.0, changed=518, unchanged=541, early_stops=8/8
26 - INFO - chord#: 206 In build_straw_man_chord_sa. tolerance = 1, sa_iterations = 1000, initial_temperature = 3.0, cooling_rate = 0.999
26 - INFO - chord#: 228 done. best_score=27.0, changed=515, unchanged=305, early_stops=8/8
26 - INFO - chord#: 232 In build_straw_man_chord_sa. tolerance = 1, sa_iterations = 1000, initial_temperature = 3.0, cooling_rate = 0.999
26 - INFO - chord#: 232 done. best_score=78.0, changed=610, unchanged=269, early_stops=8/8
26 - INFO - chord#: 236 In build_straw_man_chord_sa. tolerance = 1, sa_iterations = 1000, initial_temperature = 3.0, cooling_rate = 0.999
26 - INFO - chord#: 194 done. best_score=59.0, changed=525, unchanged=437, early_stops=8/8
26 - INFO - chord#: 196 In build_straw_man_chord_sa. tolerance = 1, sa_iterations = 1000, initial_temperature = 3.0, cooling_rate = 0.999
26 - INFO - chord#: 220 done. best_score=67.0, changed=613, unchanged=255, early_stops=8/8
26 - INFO - chord#: 224 In build_straw_man_chord_sa. tolerance = 1, sa_iterations = 1000, initial_temperature = 3.0, cooling_rate = 0.999
26 - INFO - chord#: 224 done. best_score=9.0, changed=458, unchanged=383, early_stops=8/8
26 - INFO - chord#: 228 In build_straw_man_chord_sa. tolerance = 1, sa_iterations = 1000, initial_temperature = 3.0, cooling_rate = 0.999
26 - INFO - chord#: 242 done. best_score=106.0, changed=617, unchanged=347, early_stops=8/8
26 - INFO - chord#: 244 In build_straw_man_chord_sa. tolerance = 1, sa_iterations = 1000, initial_temperature = 3.0, cooling_rate = 0.999
26 - INFO - chord#: 236 done. best_score=36.0, changed=516, unchanged=317, early_stops=8/8
26 - INFO - chord#: 240 In build_straw_man_chord_sa. tolerance = 1, sa_iterations = 1000, initial_temperature = 3.0, cooling_rate = 0.999
26 - INFO - chord#: 194 done. best_score=59.0, changed=522, unchanged=365, early_stops=8/8
26 - INFO - chord#: 196 In build_straw_man_chord_sa. tolerance = 1, sa_iterations = 1000, initial_temperature = 3.0, cooling_rate = 0.999
26 - INFO - chord#: 240 done. best_score=11.0, changed=485, unchanged=341, early_stops=8/8
26 - INFO - chord#: 242 In build_straw_man_chord_sa. tolerance = 1, sa_iterations = 1000, initial_temperature = 3.0, cooling_rate = 0.999
26 - INFO - chord#: 196 done. best_score=27.0, changed=526, unchanged=523, early_stops=8/8
26 - INFO - chord#: 198 In build_straw_man_chord_sa. tolerance = 1, sa_iterations = 1000, initial_temperature = 3.0, cooling_rate = 0.999
26 - INFO - chord#: 244 done. best_score=36.0, changed=531, unchanged=321, early_stops=8/8
26 - INFO - chord#: 246 In build_straw_man_chord_sa. tolerance = 1, sa_iterations = 1000, initial_temperature = 3.0, cooling_rate = 0.999
26 - INFO - chord#: 206 done. best_score=90.0, changed=615, unchanged=467, early_stops=8/8
26 - INFO - chord#: 207 In build_straw_man_chord_sa. tolerance = 1, sa_iterations = 1000, initial_temperature = 3.0, cooling_rate = 0.999
26 - INFO - chord#: 228 done. best_score=27.0, changed=522, unchanged=401, early_stops=8/8
26 - INFO - chord#: 232 In build_straw_man_chord_sa. tolerance = 1, sa_iterations = 1000, initial_temperature = 3.0, cooling_rate = 0.999
26 - INFO - chord#: 206 done. best_score=135.0, changed=614, unchanged=354, early_stops=8/8
26 - INFO - chord#: 207 In build_straw_man_chord_sa. tolerance = 1, sa_iterations = 1000, initial_temperature = 3.0, cooling_rate = 0.999
26 - INFO - chord#: 198 done. best_score=67.0, changed=610, unchanged=250, early_stops=8/8
26 - INFO - chord#: 200 In build_straw_man_chord_sa. tolerance = 1, sa_iterations = 1000, initial_temperature = 3.0, cooling_rate = 0.999
26 - INFO - chord#: 198 done. best_score=119.0, changed=615, unchanged=325, early_stops=8/8
26 - INFO - chord#: 200 In build_straw_man_chord_sa. tolerance = 1, sa_iterations = 1000, initial_temperature = 3.0, cooling_rate = 0.999
26 - INFO - chord#: 232 done. best_score=78.0, changed=608, unchanged=299, early_stops=8/8
26 - INFO - chord#: 236 In build_straw_man_chord_sa. tolerance = 1, sa_iterations = 1000, initial_temperature = 3.0, cooling_rate = 0.999
26 - INFO - chord#: 220 done. best_score=142.0, changed=618, unchanged=352, early_stops=8/8
26 - INFO - chord#: 224 In build_straw_man_chord_sa. tolerance = 1, sa_iterations = 1000, initial_temperature = 3.0, cooling_rate = 0.999
26 - INFO - chord#: 196 done. best_score=27.0, changed=522, unchanged=499, early_stops=8/8
26 - INFO - chord#: 198 In build_straw_man_chord_sa. tolerance = 1, sa_iterations = 1000, initial_temperature = 3.0, cooling_rate = 0.999
26 - INFO - chord#: 224 done. best_score=9.0, changed=457, unchanged=351, early_stops=8/8
26 - INFO - chord#: 228 In build_straw_man_chord_sa. tolerance = 1, sa_iterations = 1000, initial_temperature = 3.0, cooling_rate = 0.999
26 - INFO - chord#: 206 done. best_score=95.0, changed=610, unchanged=306, early_stops=8/8
26 - INFO - chord#: 207 In build_straw_man_chord_sa. tolerance = 1, sa_iterations = 1000, initial_temperature = 3.0, cooling_rate = 0.999
26 - INFO - chord#: 207 done. best_score=27.0, changed=536, unchanged=405, early_stops=8/8
26 - INFO - chord#: 208 In build_straw_man_chord_sa. tolerance = 1, sa_iterations = 1000, initial_temperature = 3.0, cooling_rate = 0.999
26 - INFO - chord#: 207 done. best_score=27.0, changed=538, unchanged=361, early_stops=8/8
26 - INFO - chord#: 208 In build_straw_man_chord_sa. tolerance = 1, sa_iterations = 1000, initial_temperature = 3.0, cooling_rate = 0.999
26 - INFO - chord#: 236 done. best_score=36.0, changed=524, unchanged=344, early_stops=8/8
26 - INFO - chord#: 240 In build_straw_man_chord_sa. tolerance = 1, sa_iterations = 1000, initial_temperature = 3.0, cooling_rate = 0.999
26 - INFO - chord#: 200 done. best_score=27.0, changed=520, unchanged=365, early_stops=8/8
26 - INFO - chord#: 204 In build_straw_man_chord_sa. tolerance = 1, sa_iterations = 1000, initial_temperature = 3.0, cooling_rate = 0.999
26 - INFO - chord#: 198 done. best_score=137.0, changed=610, unchanged=315, early_stops=8/8
26 - INFO - chord#: 200 In build_straw_man_chord_sa. tolerance = 1, sa_iterations = 1000, initial_temperature = 3.0, cooling_rate = 0.999
26 - INFO - chord#: 240 done. best_score=11.0, changed=497, unchanged=342, early_stops=8/8
26 - INFO - chord#: 242 In build_straw_man_chord_sa. tolerance = 1, sa_iterations = 1000, initial_temperature = 3.0, cooling_rate = 0.999
26 - INFO - chord#: 200 done. best_score=27.0, changed=519, unchanged=358, early_stops=8/8
26 - INFO - chord#: 204 In build_straw_man_chord_sa. tolerance = 1, sa_iterations = 1000, initial_temperature = 3.0, cooling_rate = 0.999
26 - INFO - chord#: 242 done. best_score=106.0, changed=608, unchanged=377, early_stops=8/8
26 - INFO - chord#: 244 In build_straw_man_chord_sa. tolerance = 1, sa_iterations = 1000, initial_temperature = 3.0, cooling_rate = 0.999
26 - INFO - chord#: 246 done. best_score=149.0, changed=611, unchanged=228, early_stops=8/8
26 - INFO - chord#: 248 In build_straw_man_chord_sa. tolerance = 1, sa_iterations = 1000, initial_temperature = 3.0, cooling_rate = 0.999
26 - INFO - chord#: 228 done. best_score=27.0, changed=525, unchanged=349, early_stops=8/8
26 - INFO - chord#: 232 In build_straw_man_chord_sa. tolerance = 1, sa_iterations = 1000, initial_temperature = 3.0, cooling_rate = 0.999
26 - INFO - chord#: 207 done. best_score=27.0, changed=527, unchanged=377, early_stops=8/8
26 - INFO - chord#: 208 In build_straw_man_chord_sa. tolerance = 1, sa_iterations = 1000, initial_temperature = 3.0, cooling_rate = 0.999
26 - INFO - chord#: 244 done. best_score=36.0, changed=524, unchanged=311, early_stops=8/8
26 - INFO - chord#: 246 In build_straw_man_chord_sa. tolerance = 1, sa_iterations = 1000, initial_temperature = 3.0, cooling_rate = 0.999
26 - INFO - chord#: 200 done. best_score=27.0, changed=525, unchanged=417, early_stops=8/8
26 - INFO - chord#: 204 In build_straw_man_chord_sa. tolerance = 1, sa_iterations = 1000, initial_temperature = 3.0, cooling_rate = 0.999
26 - INFO - chord#: 204 done. best_score=27.0, changed=521, unchanged=337, early_stops=8/8
26 - INFO - chord#: 206 In build_straw_man_chord_sa. tolerance = 1, sa_iterations = 1000, initial_temperature = 3.0, cooling_rate = 0.999
26 - INFO - chord#: 232 done. best_score=67.0, changed=608, unchanged=269, early_stops=8/8
26 - INFO - chord#: 236 In build_straw_man_chord_sa. tolerance = 1, sa_iterations = 1000, initial_temperature = 3.0, cooling_rate = 0.999
26 - INFO - chord#: 204 done. best_score=27.0, changed=521, unchanged=442, early_stops=8/8
26 - INFO - chord#: 206 In build_straw_man_chord_sa. tolerance = 1, sa_iterations = 1000, initial_temperature = 3.0, cooling_rate = 0.999
26 - INFO - chord#: 208 done. best_score=113.0, changed=608, unchanged=292, early_stops=8/8
26 - INFO - chord#: 212 In build_straw_man_chord_sa. tolerance = 1, sa_iterations = 1000, initial_temperature = 3.0, cooling_rate = 0.999
26 - INFO - chord#: 208 done. best_score=93.0, changed=614, unchanged=409, early_stops=8/8
26 - INFO - chord#: 212 In build_straw_man_chord_sa. tolerance = 1, sa_iterations = 1000, initial_temperature = 3.0, cooling_rate = 0.999
26 - INFO - chord#: 198 done. best_score=78.0, changed=614, unchanged=359, early_stops=8/8
26 - INFO - chord#: 200 In build_straw_man_chord_sa. tolerance = 1, sa_iterations = 1000, initial_temperature = 3.0, cooling_rate = 0.999
26 - INFO - chord#: 204 done. best_score=27.0, changed=516, unchanged=410, early_stops=8/8
26 - INFO - chord#: 206 In build_straw_man_chord_sa. tolerance = 1, sa_iterations = 1000, initial_temperature = 3.0, cooling_rate = 0.999
26 - INFO - chord#: 212 done. best_score=27.0, changed=530, unchanged=399, early_stops=8/8
26 - INFO - chord#: 214 In build_straw_man_chord_sa. tolerance = 1, sa_iterations = 1000, initial_temperature = 3.0, cooling_rate = 0.999
26 - INFO - chord#: 242 done. best_score=101.0, changed=618, unchanged=460, early_stops=8/8
26 - INFO - chord#: 244 In build_straw_man_chord_sa. tolerance = 1, sa_iterations = 1000, initial_temperature = 3.0, cooling_rate = 0.999
26 - INFO - chord#: 236 done. best_score=36.0, changed=535, unchanged=422, early_stops=8/8
26 - INFO - chord#: 240 In build_straw_man_chord_sa. tolerance = 1, sa_iterations = 1000, initial_temperature = 3.0, cooling_rate = 0.999
26 - INFO - chord#: 212 done. best_score=27.0, changed=525, unchanged=445, early_stops=8/8
26 - INFO - chord#: 214 In build_straw_man_chord_sa. tolerance = 1, sa_iterations = 1000, initial_temperature = 3.0, cooling_rate = 0.999
26 - INFO - chord#: 248 done. best_score=96.0, changed=611, unchanged=432, early_stops=8/8
26 - INFO - chord#: 250 In build_straw_man_chord_sa. tolerance = 1, sa_iterations = 1000, initial_temperature = 3.0, cooling_rate = 0.999
26 - INFO - chord#: 240 done. best_score=11.0, changed=499, unchanged=387, early_stops=8/8
26 - INFO - chord#: 242 In build_straw_man_chord_sa. tolerance = 1, sa_iterations = 1000, initial_temperature = 3.0, cooling_rate = 0.999
26 - INFO - chord#: 232 done. best_score=67.0, changed=608, unchanged=309, early_stops=8/8
26 - INFO - chord#: 236 In build_straw_man_chord_sa. tolerance = 1, sa_iterations = 1000, initial_temperature = 3.0, cooling_rate = 0.999
26 - INFO - chord#: 246 done. best_score=149.0, changed=613, unchanged=421, early_stops=8/8
26 - INFO - chord#: 248 In build_straw_man_chord_sa. tolerance = 1, sa_iterations = 1000, initial_temperature = 3.0, cooling_rate = 0.999
26 - INFO - chord#: 244 done. best_score=27.0, changed=524, unchanged=419, early_stops=8/8
26 - INFO - chord#: 246 In build_straw_man_chord_sa. tolerance = 1, sa_iterations = 1000, initial_temperature = 3.0, cooling_rate = 0.999
26 - INFO - chord#: 200 done. best_score=27.0, changed=521, unchanged=420, early_stops=8/8
26 - INFO - chord#: 204 In build_straw_man_chord_sa. tolerance = 1, sa_iterations = 1000, initial_temperature = 3.0, cooling_rate = 0.999
26 - INFO - chord#: 208 done. best_score=93.0, changed=613, unchanged=421, early_stops=8/8
26 - INFO - chord#: 212 In build_straw_man_chord_sa. tolerance = 1, sa_iterations = 1000, initial_temperature = 3.0, cooling_rate = 0.999
26 - INFO - chord#: 250 done. best_score=61.0, changed=545, unchanged=418, early_stops=8/8
26 - INFO - chord#: 252 In build_straw_man_chord_sa. tolerance = 1, sa_iterations = 1000, initial_temperature = 3.0, cooling_rate = 0.999
26 - INFO - chord#: 206 done. best_score=135.0, changed=612, unchanged=285, early_stops=8/8
26 - INFO - chord#: 207 In build_straw_man_chord_sa. tolerance = 1, sa_iterations = 1000, initial_temperature = 3.0, cooling_rate = 0.999
26 - INFO - chord#: 206 done. best_score=90.0, changed=611, unchanged=320, early_stops=8/8
26 - INFO - chord#: 207 In build_straw_man_chord_sa. tolerance = 1, sa_iterations = 1000, initial_temperature = 3.0, cooling_rate = 0.999
26 - INFO - chord#: 214 done. best_score=94.0, changed=611, unchanged=246, early_stops=8/8
26 - INFO - chord#: 216 In build_straw_man_chord_sa. tolerance = 1, sa_iterations = 1000, initial_temperature = 3.0, cooling_rate = 0.999
26 - INFO - chord#: 236 done. best_score=36.0, changed=524, unchanged=494, early_stops=8/8
26 - INFO - chord#: 240 In build_straw_man_chord_sa. tolerance = 1, sa_iterations = 1000, initial_temperature = 3.0, cooling_rate = 0.999
26 - INFO - chord#: 204 done. best_score=27.0, changed=519, unchanged=372, early_stops=8/8
26 - INFO - chord#: 206 In build_straw_man_chord_sa. tolerance = 1, sa_iterations = 1000, initial_temperature = 3.0, cooling_rate = 0.999
26 - INFO - chord#: 212 done. best_score=27.0, changed=523, unchanged=346, early_stops=8/8
26 - INFO - chord#: 214 In build_straw_man_chord_sa. tolerance = 1, sa_iterations = 1000, initial_temperature = 3.0, cooling_rate = 0.999
26 - INFO - chord#: 240 done. best_score=11.0, changed=493, unchanged=343, early_stops=8/8
26 - INFO - chord#: 242 In build_straw_man_chord_sa. tolerance = 1, sa_iterations = 1000, initial_temperature = 3.0, cooling_rate = 0.999
26 - INFO - chord#: 214 done. best_score=93.0, changed=618, unchanged=488, early_stops=8/8
26 - INFO - chord#: 216 In build_straw_man_chord_sa. tolerance = 1, sa_iterations = 1000, initial_temperature = 3.0, cooling_rate = 0.999
26 - INFO - chord#: 207 done. best_score=27.0, changed=521, unchanged=350, early_stops=8/8
26 - INFO - chord#: 208 In build_straw_man_chord_sa. tolerance = 1, sa_iterations = 1000, initial_temperature = 3.0, cooling_rate = 0.999
26 - INFO - chord#: 216 done. best_score=27.0, changed=519, unchanged=305, early_stops=8/8
26 - INFO - chord#: 220 In build_straw_man_chord_sa. tolerance = 1, sa_iterations = 1000, initial_temperature = 3.0, cooling_rate = 0.999
26 - INFO - chord#: 207 done. best_score=27.0, changed=527, unchanged=311, early_stops=8/8
26 - INFO - chord#: 208 In build_straw_man_chord_sa. tolerance = 1, sa_iterations = 1000, initial_temperature = 3.0, cooling_rate = 0.999
26 - INFO - chord#: 248 done. best_score=141.0, changed=609, unchanged=232, early_stops=8/8
26 - INFO - chord#: 250 In build_straw_man_chord_sa. tolerance = 1, sa_iterations = 1000, initial_temperature = 3.0, cooling_rate = 0.999
26 - INFO - chord#: 206 done. best_score=135.0, changed=617, unchanged=623, early_stops=8/8
26 - INFO - chord#: 207 In build_straw_man_chord_sa. tolerance = 1, sa_iterations = 1000, initial_temperature = 3.0, cooling_rate = 0.999
26 - INFO - chord#: 246 done. best_score=74.0, changed=612, unchanged=353, early_stops=8/8
26 - INFO - chord#: 248 In build_straw_man_chord_sa. tolerance = 1, sa_iterations = 1000, initial_temperature = 3.0, cooling_rate = 0.999
26 - INFO - chord#: 242 done. best_score=106.0, changed=609, unchanged=308, early_stops=8/8
26 - INFO - chord#: 244 In build_straw_man_chord_sa. tolerance = 1, sa_iterations = 1000, initial_temperature = 3.0, cooling_rate = 0.999
26 - INFO - chord#: 216 done. best_score=27.0, changed=526, unchanged=399, early_stops=8/8
26 - INFO - chord#: 220 In build_straw_man_chord_sa. tolerance = 1, sa_iterations = 1000, initial_temperature = 3.0, cooling_rate = 0.999
26 - INFO - chord#: 250 done. best_score=61.0, changed=530, unchanged=385, early_stops=8/8
26 - INFO - chord#: 252 In build_straw_man_chord_sa. tolerance = 1, sa_iterations = 1000, initial_temperature = 3.0, cooling_rate = 0.999
26 - INFO - chord#: 207 done. best_score=27.0, changed=522, unchanged=361, early_stops=8/8
26 - INFO - chord#: 208 In build_straw_man_chord_sa. tolerance = 1, sa_iterations = 1000, initial_temperature = 3.0, cooling_rate = 0.999
26 - INFO - chord#: 252 done. best_score=78.0, changed=618, unchanged=538, early_stops=8/8
26 - INFO - chord#: 254 In build_straw_man_chord_sa. tolerance = 1, sa_iterations = 1000, initial_temperature = 3.0, cooling_rate = 0.999
26 - INFO - chord#: 244 done. best_score=27.0, changed=526, unchanged=394, early_stops=8/8
26 - INFO - chord#: 246 In build_straw_man_chord_sa. tolerance = 1, sa_iterations = 1000, initial_temperature = 3.0, cooling_rate = 0.999
26 - INFO - chord#: 254 done. best_score=11.0, changed=479, unchanged=344, early_stops=8/8
26 - INFO - chord#: 256 In build_straw_man_chord_sa. tolerance = 1, sa_iterations = 1000, initial_temperature = 3.0, cooling_rate = 0.999
26 - INFO - chord#: 220 done. best_score=140.0, changed=608, unchanged=201, early_stops=8/8
26 - INFO - chord#: 224 In build_straw_man_chord_sa. tolerance = 1, sa_iterations = 1000, initial_temperature = 3.0, cooling_rate = 0.999
26 - INFO - chord#: 214 done. best_score=93.0, changed=609, unchanged=277, early_stops=8/8
26 - INFO - chord#: 216 In build_straw_man_chord_sa. tolerance = 1, sa_iterations = 1000, initial_temperature = 3.0, cooling_rate = 0.999
26 - INFO - chord#: 224 done. best_score=9.0, changed=462, unchanged=386, early_stops=8/8
26 - INFO - chord#: 228 In build_straw_man_chord_sa. tolerance = 1, sa_iterations = 1000, initial_temperature = 3.0, cooling_rate = 0.999
26 - INFO - chord#: 206 done. best_score=162.0, changed=609, unchanged=270, early_stops=8/8
26 - INFO - chord#: 207 In build_straw_man_chord_sa. tolerance = 1, sa_iterations = 1000, initial_temperature = 3.0, cooling_rate = 0.999
26 - INFO - chord#: 208 done. best_score=105.0, changed=607, unchanged=237, early_stops=8/8
26 - INFO - chord#: 212 In build_straw_man_chord_sa. tolerance = 1, sa_iterations = 1000, initial_temperature = 3.0, cooling_rate = 0.999
26 - INFO - chord#: 248 done. best_score=74.0, changed=610, unchanged=282, early_stops=8/8
26 - INFO - chord#: 250 In build_straw_man_chord_sa. tolerance = 1, sa_iterations = 1000, initial_temperature = 3.0, cooling_rate = 0.999
26 - INFO - chord#: 208 done. best_score=120.0, changed=613, unchanged=308, early_stops=8/8
26 - INFO - chord#: 212 In build_straw_man_chord_sa. tolerance = 1, sa_iterations = 1000, initial_temperature = 3.0, cooling_rate = 0.999
26 - INFO - chord#: 208 done. best_score=115.0, changed=608, unchanged=224, early_stops=8/8
26 - INFO - chord#: 212 In build_straw_man_chord_sa. tolerance = 1, sa_iterations = 1000, initial_temperature = 3.0, cooling_rate = 0.999
26 - INFO - chord#: 242 done. best_score=106.0, changed=613, unchanged=444, early_stops=8/8
26 - INFO - chord#: 244 In build_straw_man_chord_sa. tolerance = 1, sa_iterations = 1000, initial_temperature = 3.0, cooling_rate = 0.999
26 - INFO - chord#: 228 done. best_score=27.0, changed=529, unchanged=408, early_stops=8/8
26 - INFO - chord#: 232 In build_straw_man_chord_sa. tolerance = 1, sa_iterations = 1000, initial_temperature = 3.0, cooling_rate = 0.999
26 - INFO - chord#: 216 done. best_score=27.0, changed=519, unchanged=348, early_stops=8/8
26 - INFO - chord#: 220 In build_straw_man_chord_sa. tolerance = 1, sa_iterations = 1000, initial_temperature = 3.0, cooling_rate = 0.999
26 - INFO - chord#: 220 done. best_score=67.0, changed=611, unchanged=399, early_stops=8/8
26 - INFO - chord#: 224 In build_straw_man_chord_sa. tolerance = 1, sa_iterations = 1000, initial_temperature = 3.0, cooling_rate = 0.999
26 - INFO - chord#: 207 done. best_score=27.0, changed=530, unchanged=417, early_stops=8/8
26 - INFO - chord#: 208 In build_straw_man_chord_sa. tolerance = 1, sa_iterations = 1000, initial_temperature = 3.0, cooling_rate = 0.999
26 - INFO - chord#: 252 done. best_score=168.0, changed=614, unchanged=332, early_stops=8/8
26 - INFO - chord#: 254 In build_straw_man_chord_sa. tolerance = 1, sa_iterations = 1000, initial_temperature = 3.0, cooling_rate = 0.999
26 - INFO - chord#: 224 done. best_score=9.0, changed=466, unchanged=396, early_stops=8/8
26 - INFO - chord#: 228 In build_straw_man_chord_sa. tolerance = 1, sa_iterations = 1000, initial_temperature = 3.0, cooling_rate = 0.999
26 - INFO - chord#: 254 done. best_score=13.0, changed=474, unchanged=342, early_stops=8/8
26 - INFO - chord#: 256 In build_straw_man_chord_sa. tolerance = 1, sa_iterations = 1000, initial_temperature = 3.0, cooling_rate = 0.999
26 - INFO - chord#: 212 done. best_score=27.0, changed=514, unchanged=297, early_stops=8/8
26 - INFO - chord#: 214 In build_straw_man_chord_sa. tolerance = 1, sa_iterations = 1000, initial_temperature = 3.0, cooling_rate = 0.999
26 - INFO - chord#: 212 done. best_score=27.0, changed=526, unchanged=430, early_stops=8/8
26 - INFO - chord#: 214 In build_straw_man_chord_sa. tolerance = 1, sa_iterations = 1000, initial_temperature = 3.0, cooling_rate = 0.999
26 - INFO - chord#: 250 done. best_score=61.0, changed=528, unchanged=305, early_stops=8/8
26 - INFO - chord#: 252 In build_straw_man_chord_sa. tolerance = 1, sa_iterations = 1000, initial_temperature = 3.0, cooling_rate = 0.999
26 - INFO - chord#: 212 done. best_score=27.0, changed=524, unchanged=417, early_stops=8/8
26 - INFO - chord#: 214 In build_straw_man_chord_sa. tolerance = 1, sa_iterations = 1000, initial_temperature = 3.0, cooling_rate = 0.999
26 - INFO - chord#: 256 done. best_score=78.0, changed=610, unchanged=303, early_stops=8/8
26 - INFO - chord#: 260 In build_straw_man_chord_sa. tolerance = 1, sa_iterations = 1000, initial_temperature = 3.0, cooling_rate = 0.999
26 - INFO - chord#: 244 done. best_score=27.0, changed=521, unchanged=324, early_stops=8/8
26 - INFO - chord#: 246 In build_straw_man_chord_sa. tolerance = 1, sa_iterations = 1000, initial_temperature = 3.0, cooling_rate = 0.999
26 - INFO - chord#: 228 done. best_score=27.0, changed=522, unchanged=338, early_stops=8/8
26 - INFO - chord#: 232 In build_straw_man_chord_sa. tolerance = 1, sa_iterations = 1000, initial_temperature = 3.0, cooling_rate = 0.999
26 - INFO - chord#: 246 done. best_score=74.0, changed=617, unchanged=386, early_stops=8/8
26 - INFO - chord#: 248 In build_straw_man_chord_sa. tolerance = 1, sa_iterations = 1000, initial_temperature = 3.0, cooling_rate = 0.999
26 - INFO - chord#: 260 done. best_score=27.0, changed=519, unchanged=413, early_stops=8/8
26 - INFO - chord#: 262 In build_straw_man_chord_sa. tolerance = 1, sa_iterations = 1000, initial_temperature = 3.0, cooling_rate = 0.999
26 - INFO - chord#: 232 done. best_score=78.0, changed=617, unchanged=316, early_stops=8/8
26 - INFO - chord#: 236 In build_straw_man_chord_sa. tolerance = 1, sa_iterations = 1000, initial_temperature = 3.0, cooling_rate = 0.999
26 - INFO - chord#: 256 done. best_score=137.0, changed=610, unchanged=293, early_stops=8/8
26 - INFO - chord#: 260 In build_straw_man_chord_sa. tolerance = 1, sa_iterations = 1000, initial_temperature = 3.0, cooling_rate = 0.999
26 - INFO - chord#: 252 done. best_score=162.0, changed=612, unchanged=271, early_stops=8/8
26 - INFO - chord#: 254 In build_straw_man_chord_sa. tolerance = 1, sa_iterations = 1000, initial_temperature = 3.0, cooling_rate = 0.999
26 - INFO - chord#: 214 done. best_score=96.0, changed=609, unchanged=284, early_stops=8/8
26 - INFO - chord#: 216 In build_straw_man_chord_sa. tolerance = 1, sa_iterations = 1000, initial_temperature = 3.0, cooling_rate = 0.999
26 - INFO - chord#: 214 done. best_score=94.0, changed=609, unchanged=242, early_stops=8/8
26 - INFO - chord#: 216 In build_straw_man_chord_sa. tolerance = 1, sa_iterations = 1000, initial_temperature = 3.0, cooling_rate = 0.999
26 - INFO - chord#: 220 done. best_score=137.0, changed=612, unchanged=291, early_stops=8/8
26 - INFO - chord#: 224 In build_straw_man_chord_sa. tolerance = 1, sa_iterations = 1000, initial_temperature = 3.0, cooling_rate = 0.999
26 - INFO - chord#: 254 done. best_score=11.0, changed=472, unchanged=352, early_stops=8/8
26 - INFO - chord#: 256 In build_straw_man_chord_sa. tolerance = 1, sa_iterations = 1000, initial_temperature = 3.0, cooling_rate = 0.999
26 - INFO - chord#: 214 done. best_score=94.0, changed=608, unchanged=360, early_stops=8/8
26 - INFO - chord#: 216 In build_straw_man_chord_sa. tolerance = 1, sa_iterations = 1000, initial_temperature = 3.0, cooling_rate = 0.999
26 - INFO - chord#: 224 done. best_score=9.0, changed=451, unchanged=366, early_stops=8/8
26 - INFO - chord#: 228 In build_straw_man_chord_sa. tolerance = 1, sa_iterations = 1000, initial_temperature = 3.0, cooling_rate = 0.999
26 - INFO - chord#: 236 done. best_score=36.0, changed=527, unchanged=324, early_stops=8/8
26 - INFO - chord#: 240 In build_straw_man_chord_sa. tolerance = 1, sa_iterations = 1000, initial_temperature = 3.0, cooling_rate = 0.999
26 - INFO - chord#: 208 done. best_score=113.0, changed=618, unchanged=396, early_stops=8/8
26 - INFO - chord#: 212 In build_straw_man_chord_sa. tolerance = 1, sa_iterations = 1000, initial_temperature = 3.0, cooling_rate = 0.999
26 - INFO - chord#: 240 done. best_score=11.0, changed=472, unchanged=342, early_stops=8/8
26 - INFO - chord#: 242 In build_straw_man_chord_sa. tolerance = 1, sa_iterations = 1000, initial_temperature = 3.0, cooling_rate = 0.999
26 - INFO - chord#: 232 done. best_score=78.0, changed=610, unchanged=370, early_stops=8/8
26 - INFO - chord#: 236 In build_straw_man_chord_sa. tolerance = 1, sa_iterations = 1000, initial_temperature = 3.0, cooling_rate = 0.999
26 - INFO - chord#: 260 done. best_score=27.0, changed=516, unchanged=419, early_stops=8/8
26 - INFO - chord#: 262 In build_straw_man_chord_sa. tolerance = 1, sa_iterations = 1000, initial_temperature = 3.0, cooling_rate = 0.999
26 - INFO - chord#: 216 done. best_score=27.0, changed=522, unchanged=330, early_stops=8/8
26 - INFO - chord#: 220 In build_straw_man_chord_sa. tolerance = 1, sa_iterations = 1000, initial_temperature = 3.0, cooling_rate = 0.999
26 - INFO - chord#: 216 done. best_score=27.0, changed=516, unchanged=339, early_stops=8/8
26 - INFO - chord#: 220 In build_straw_man_chord_sa. tolerance = 1, sa_iterations = 1000, initial_temperature = 3.0, cooling_rate = 0.999
26 - INFO - chord#: 216 done. best_score=27.0, changed=532, unchanged=407, early_stops=8/8
26 - INFO - chord#: 220 In build_straw_man_chord_sa. tolerance = 1, sa_iterations = 1000, initial_temperature = 3.0, cooling_rate = 0.999
26 - INFO - chord#: 262 done. best_score=104.0, changed=613, unchanged=292, early_stops=8/8
26 - INFO - chord#: 264 In build_straw_man_chord_sa. tolerance = 1, sa_iterations = 1000, initial_temperature = 3.0, cooling_rate = 0.999
26 - INFO - chord#: 228 done. best_score=27.0, changed=511, unchanged=320, early_stops=8/8
26 - INFO - chord#: 232 In build_straw_man_chord_sa. tolerance = 1, sa_iterations = 1000, initial_temperature = 3.0, cooling_rate = 0.999
26 - INFO - chord#: 212 done. best_score=27.0, changed=521, unchanged=465, early_stops=8/8
26 - INFO - chord#: 214 In build_straw_man_chord_sa. tolerance = 1, sa_iterations = 1000, initial_temperature = 3.0, cooling_rate = 0.999
26 - INFO - chord#: 246 done. best_score=74.0, changed=620, unchanged=476, early_stops=8/8
26 - INFO - chord#: 248 In build_straw_man_chord_sa. tolerance = 1, sa_iterations = 1000, initial_temperature = 3.0, cooling_rate = 0.999
26 - INFO - chord#: 236 done. best_score=36.0, changed=527, unchanged=366, early_stops=8/8
26 - INFO - chord#: 240 In build_straw_man_chord_sa. tolerance = 1, sa_iterations = 1000, initial_temperature = 3.0, cooling_rate = 0.999
26 - INFO - chord#: 248 done. best_score=74.0, changed=615, unchanged=278, early_stops=8/8
26 - INFO - chord#: 250 In build_straw_man_chord_sa. tolerance = 1, sa_iterations = 1000, initial_temperature = 3.0, cooling_rate = 0.999
26 - INFO - chord#: 240 done. best_score=11.0, changed=486, unchanged=355, early_stops=8/8
26 - INFO - chord#: 242 In build_straw_man_chord_sa. tolerance = 1, sa_iterations = 1000, initial_temperature = 3.0, cooling_rate = 0.999
26 - INFO - chord#: 256 done. best_score=78.0, changed=610, unchanged=260, early_stops=8/8
26 - INFO - chord#: 260 In build_straw_man_chord_sa. tolerance = 1, sa_iterations = 1000, initial_temperature = 3.0, cooling_rate = 0.999
26 - INFO - chord#: 262 done. best_score=172.0, changed=605, unchanged=201, early_stops=8/8
26 - INFO - chord#: 264 In build_straw_man_chord_sa. tolerance = 1, sa_iterations = 1000, initial_temperature = 3.0, cooling_rate = 0.999
26 - INFO - chord#: 242 done. best_score=106.0, changed=615, unchanged=244, early_stops=8/8
26 - INFO - chord#: 244 In build_straw_man_chord_sa. tolerance = 1, sa_iterations = 1000, initial_temperature = 3.0, cooling_rate = 0.999
26 - INFO - chord#: 250 done. best_score=61.0, changed=534, unchanged=334, early_stops=8/8
26 - INFO - chord#: 252 In build_straw_man_chord_sa. tolerance = 1, sa_iterations = 1000, initial_temperature = 3.0, cooling_rate = 0.999
26 - INFO - chord#: 264 done. best_score=145.0, changed=608, unchanged=257, early_stops=8/8
26 - INFO - chord#: 268 In build_straw_man_chord_sa. tolerance = 1, sa_iterations = 1000, initial_temperature = 3.0, cooling_rate = 0.999
26 - INFO - chord#: 244 done. best_score=27.0, changed=521, unchanged=422, early_stops=8/8
26 - INFO - chord#: 246 In build_straw_man_chord_sa. tolerance = 1, sa_iterations = 1000, initial_temperature = 3.0, cooling_rate = 0.999
26 - INFO - chord#: 260 done. best_score=27.0, changed=527, unchanged=559, early_stops=8/8
26 - INFO - chord#: 262 In build_straw_man_chord_sa. tolerance = 1, sa_iterations = 1000, initial_temperature = 3.0, cooling_rate = 0.999
26 - INFO - chord#: 220 done. best_score=67.0, changed=606, unchanged=223, early_stops=8/8
26 - INFO - chord#: 224 In build_straw_man_chord_sa. tolerance = 1, sa_iterations = 1000, initial_temperature = 3.0, cooling_rate = 0.999
26 - INFO - chord#: 220 done. best_score=78.0, changed=612, unchanged=338, early_stops=8/8
26 - INFO - chord#: 224 In build_straw_man_chord_sa. tolerance = 1, sa_iterations = 1000, initial_temperature = 3.0, cooling_rate = 0.999
26 - INFO - chord#: 224 done. best_score=9.0, changed=458, unchanged=401, early_stops=8/8
26 - INFO - chord#: 228 In build_straw_man_chord_sa. tolerance = 1, sa_iterations = 1000, initial_temperature = 3.0, cooling_rate = 0.999
26 - INFO - chord#: 224 done. best_score=9.0, changed=455, unchanged=365, early_stops=8/8
26 - INFO - chord#: 228 In build_straw_man_chord_sa. tolerance = 1, sa_iterations = 1000, initial_temperature = 3.0, cooling_rate = 0.999
26 - INFO - chord#: 214 done. best_score=93.0, changed=610, unchanged=240, early_stops=8/8
26 - INFO - chord#: 216 In build_straw_man_chord_sa. tolerance = 1, sa_iterations = 1000, initial_temperature = 3.0, cooling_rate = 0.999
26 - INFO - chord#: 220 done. best_score=137.0, changed=613, unchanged=317, early_stops=8/8
26 - INFO - chord#: 224 In build_straw_man_chord_sa. tolerance = 1, sa_iterations = 1000, initial_temperature = 3.0, cooling_rate = 0.999
26 - INFO - chord#: 268 done. best_score=27.0, changed=525, unchanged=564, early_stops=8/8
26 - INFO - chord#: 270 In build_straw_man_chord_sa. tolerance = 1, sa_iterations = 1000, initial_temperature = 3.0, cooling_rate = 0.999
26 - INFO - chord#: 248 done. best_score=96.0, changed=610, unchanged=259, early_stops=8/8
26 - INFO - chord#: 250 In build_straw_man_chord_sa. tolerance = 1, sa_iterations = 1000, initial_temperature = 3.0, cooling_rate = 0.999
26 - INFO - chord#: 224 done. best_score=9.0, changed=460, unchanged=363, early_stops=8/8
26 - INFO - chord#: 228 In build_straw_man_chord_sa. tolerance = 1, sa_iterations = 1000, initial_temperature = 3.0, cooling_rate = 0.999
26 - INFO - chord#: 232 done. best_score=137.0, changed=612, unchanged=320, early_stops=8/8
26 - INFO - chord#: 236 In build_straw_man_chord_sa. tolerance = 1, sa_iterations = 1000, initial_temperature = 3.0, cooling_rate = 0.999
26 - INFO - chord#: 264 done. best_score=67.0, changed=611, unchanged=272, early_stops=8/8
26 - INFO - chord#: 268 In build_straw_man_chord_sa. tolerance = 1, sa_iterations = 1000, initial_temperature = 3.0, cooling_rate = 0.999
26 - INFO - chord#: 242 done. best_score=141.0, changed=615, unchanged=604, early_stops=8/8
26 - INFO - chord#: 244 In build_straw_man_chord_sa. tolerance = 1, sa_iterations = 1000, initial_temperature = 3.0, cooling_rate = 0.999
26 - INFO - chord#: 228 done. best_score=27.0, changed=528, unchanged=420, early_stops=8/8
26 - INFO - chord#: 232 In build_straw_man_chord_sa. tolerance = 1, sa_iterations = 1000, initial_temperature = 3.0, cooling_rate = 0.999
26 - INFO - chord#: 228 done. best_score=27.0, changed=522, unchanged=356, early_stops=8/8
26 - INFO - chord#: 232 In build_straw_man_chord_sa. tolerance = 1, sa_iterations = 1000, initial_temperature = 3.0, cooling_rate = 0.999
26 - INFO - chord#: 216 done. best_score=27.0, changed=531, unchanged=447, early_stops=8/8
26 - INFO - chord#: 220 In build_straw_man_chord_sa. tolerance = 1, sa_iterations = 1000, initial_temperature = 3.0, cooling_rate = 0.999
26 - INFO - chord#: 250 done. best_score=61.0, changed=530, unchanged=321, early_stops=8/8
26 - INFO - chord#: 252 In build_straw_man_chord_sa. tolerance = 1, sa_iterations = 1000, initial_temperature = 3.0, cooling_rate = 0.999
26 - INFO - chord#: 228 done. best_score=27.0, changed=528, unchanged=481, early_stops=8/8
26 - INFO - chord#: 268 done. best_score=27.0, changed=519, unchanged=407, early_stops=8/8
26 - INFO - chord#: 270 In build_straw_man_chord_sa. tolerance = 1, sa_iterations = 1000, initial_temperature = 3.0, cooling_rate = 0.999
26 - INFO - chord#: 232 In build_straw_man_chord_sa. tolerance = 1, sa_iterations = 1000, initial_temperature = 3.0, cooling_rate = 0.999
26 - INFO - chord#: 246 done. best_score=96.0, changed=607, unchanged=258, early_stops=8/8
26 - INFO - chord#: 248 In build_straw_man_chord_sa. tolerance = 1, sa_iterations = 1000, initial_temperature = 3.0, cooling_rate = 0.999
26 - INFO - chord#: 236 done. best_score=36.0, changed=523, unchanged=386, early_stops=8/8
26 - INFO - chord#: 240 In build_straw_man_chord_sa. tolerance = 1, sa_iterations = 1000, initial_temperature = 3.0, cooling_rate = 0.999
26 - INFO - chord#: 244 done. best_score=27.0, changed=520, unchanged=349, early_stops=8/8
26 - INFO - chord#: 246 In build_straw_man_chord_sa. tolerance = 1, sa_iterations = 1000, initial_temperature = 3.0, cooling_rate = 0.999
26 - INFO - chord#: 252 done. best_score=78.0, changed=612, unchanged=268, early_stops=8/8
26 - INFO - chord#: 254 In build_straw_man_chord_sa. tolerance = 1, sa_iterations = 1000, initial_temperature = 3.0, cooling_rate = 0.999
26 - INFO - chord#: 240 done. best_score=11.0, changed=502, unchanged=346, early_stops=8/8
26 - INFO - chord#: 242 In build_straw_man_chord_sa. tolerance = 1, sa_iterations = 1000, initial_temperature = 3.0, cooling_rate = 0.999
26 - INFO - chord#: 254 done. best_score=11.0, changed=472, unchanged=343, early_stops=8/8
26 - INFO - chord#: 256 In build_straw_man_chord_sa. tolerance = 1, sa_iterations = 1000, initial_temperature = 3.0, cooling_rate = 0.999
26 - INFO - chord#: 262 done. best_score=64.0, changed=617, unchanged=499, early_stops=8/8
26 - INFO - chord#: 264 In build_straw_man_chord_sa. tolerance = 1, sa_iterations = 1000, initial_temperature = 3.0, cooling_rate = 0.999
26 - INFO - chord#: 270 done. best_score=67.0, changed=609, unchanged=276, early_stops=8/8
26 - INFO - chord#: 272 In build_straw_man_chord_sa. tolerance = 1, sa_iterations = 1000, initial_temperature = 3.0, cooling_rate = 0.999
26 - INFO - chord#: 272 done. best_score=9.0, changed=453, unchanged=379, early_stops=8/8
26 - INFO - chord#: 232 done. best_score=78.0, changed=607, unchanged=215, early_stops=8/8
26 - INFO - chord#: 236 In build_straw_man_chord_sa. tolerance = 1, sa_iterations = 1000, initial_temperature = 3.0, cooling_rate = 0.999
26 - INFO - chord#: 220 done. best_score=67.0, changed=607, unchanged=238, early_stops=8/8
26 - INFO - chord#: 224 In build_straw_man_chord_sa. tolerance = 1, sa_iterations = 1000, initial_temperature = 3.0, cooling_rate = 0.999
26 - INFO - chord#: 224 done. best_score=9.0, changed=454, unchanged=374, early_stops=8/8
26 - INFO - chord#: 228 In build_straw_man_chord_sa. tolerance = 1, sa_iterations = 1000, initial_temperature = 3.0, cooling_rate = 0.999
26 - INFO - chord#: 232 done. best_score=140.0, changed=610, unchanged=229, early_stops=8/8
26 - INFO - chord#: 236 In build_straw_man_chord_sa. tolerance = 1, sa_iterations = 1000, initial_temperature = 3.0, cooling_rate = 0.999
26 - INFO - chord#: 248 done. best_score=74.0, changed=610, unchanged=262, early_stops=8/8
26 - INFO - chord#: 250 In build_straw_man_chord_sa. tolerance = 1, sa_iterations = 1000, initial_temperature = 3.0, cooling_rate = 0.999
26 - INFO - chord#: 270 done. best_score=67.0, changed=608, unchanged=290, early_stops=8/8
26 - INFO - chord#: 272 In build_straw_man_chord_sa. tolerance = 1, sa_iterations = 1000, initial_temperature = 3.0, cooling_rate = 0.999
26 - INFO - chord#: 246 done. best_score=74.0, changed=615, unchanged=341, early_stops=8/8
26 - INFO - chord#: 248 In build_straw_man_chord_sa. tolerance = 1, sa_iterations = 1000, initial_temperature = 3.0, cooling_rate = 0.999
26 - INFO - chord#: 236 done. best_score=36.0, changed=519, unchanged=407, early_stops=8/8
26 - INFO - chord#: 240 In build_straw_man_chord_sa. tolerance = 1, sa_iterations = 1000, initial_temperature = 3.0, cooling_rate = 0.999
26 - INFO - chord#: 272 done. best_score=9.0, changed=452, unchanged=359, early_stops=8/8
26 - INFO - chord#: 240 done. best_score=11.0, changed=480, unchanged=358, early_stops=8/8
26 - INFO - chord#: 242 In build_straw_man_chord_sa. tolerance = 1, sa_iterations = 1000, initial_temperature = 3.0, cooling_rate = 0.999
26 - INFO - chord#: 264 done. best_score=67.0, changed=606, unchanged=283, early_stops=8/8
26 - INFO - chord#: 268 In build_straw_man_chord_sa. tolerance = 1, sa_iterations = 1000, initial_temperature = 3.0, cooling_rate = 0.999
26 - INFO - chord#: 232 done. best_score=67.0, changed=611, unchanged=281, early_stops=8/8
26 - INFO - chord#: 236 In build_straw_man_chord_sa. tolerance = 1, sa_iterations = 1000, initial_temperature = 3.0, cooling_rate = 0.999
26 - INFO - chord#: 228 done. best_score=27.0, changed=522, unchanged=318, early_stops=8/8
26 - INFO - chord#: 232 In build_straw_man_chord_sa. tolerance = 1, sa_iterations = 1000, initial_temperature = 3.0, cooling_rate = 0.999
26 - INFO - chord#: 252 done. best_score=67.0, changed=614, unchanged=361, early_stops=8/8
26 - INFO - chord#: 254 In build_straw_man_chord_sa. tolerance = 1, sa_iterations = 1000, initial_temperature = 3.0, cooling_rate = 0.999
26 - INFO - chord#: 256 done. best_score=67.0, changed=611, unchanged=312, early_stops=8/8
26 - INFO - chord#: 260 In build_straw_man_chord_sa. tolerance = 1, sa_iterations = 1000, initial_temperature = 3.0, cooling_rate = 0.999
26 - INFO - chord#: 250 done. best_score=61.0, changed=525, unchanged=315, early_stops=8/8
26 - INFO - chord#: 252 In build_straw_man_chord_sa. tolerance = 1, sa_iterations = 1000, initial_temperature = 3.0, cooling_rate = 0.999
26 - INFO - chord#: 242 done. best_score=106.0, changed=613, unchanged=327, early_stops=8/8
26 - INFO - chord#: 244 In build_straw_man_chord_sa. tolerance = 1, sa_iterations = 1000, initial_temperature = 3.0, cooling_rate = 0.999
26 - INFO - chord#: 236 done. best_score=36.0, changed=522, unchanged=370, early_stops=8/8
26 - INFO - chord#: 240 In build_straw_man_chord_sa. tolerance = 1, sa_iterations = 1000, initial_temperature = 3.0, cooling_rate = 0.999
26 - INFO - chord#: 254 done. best_score=13.0, changed=494, unchanged=320, early_stops=8/8
26 - INFO - chord#: 256 In build_straw_man_chord_sa. tolerance = 1, sa_iterations = 1000, initial_temperature = 3.0, cooling_rate = 0.999
26 - INFO - chord#: 268 done. best_score=27.0, changed=519, unchanged=328, early_stops=8/8
26 - INFO - chord#: 270 In build_straw_man_chord_sa. tolerance = 1, sa_iterations = 1000, initial_temperature = 3.0, cooling_rate = 0.999
26 - INFO - chord#: 240 done. best_score=11.0, changed=477, unchanged=343, early_stops=8/8
26 - INFO - chord#: 242 In build_straw_man_chord_sa. tolerance = 1, sa_iterations = 1000, initial_temperature = 3.0, cooling_rate = 0.999
26 - INFO - chord#: 244 done. best_score=36.0, changed=525, unchanged=381, early_stops=8/8
26 - INFO - chord#: 246 In build_straw_man_chord_sa. tolerance = 1, sa_iterations = 1000, initial_temperature = 3.0, cooling_rate = 0.999
26 - INFO - chord#: 236 done. best_score=36.0, changed=528, unchanged=452, early_stops=8/8
26 - INFO - chord#: 240 In build_straw_man_chord_sa. tolerance = 1, sa_iterations = 1000, initial_temperature = 3.0, cooling_rate = 0.999
26 - INFO - chord#: 248 done. best_score=74.0, changed=611, unchanged=256, early_stops=8/8
26 - INFO - chord#: 250 In build_straw_man_chord_sa. tolerance = 1, sa_iterations = 1000, initial_temperature = 3.0, cooling_rate = 0.999
26 - INFO - chord#: 240 done. best_score=11.0, changed=487, unchanged=342, early_stops=8/8
26 - INFO - chord#: 242 In build_straw_man_chord_sa. tolerance = 1, sa_iterations = 1000, initial_temperature = 3.0, cooling_rate = 0.999
26 - INFO - chord#: 260 done. best_score=27.0, changed=526, unchanged=542, early_stops=8/8
26 - INFO - chord#: 262 In build_straw_man_chord_sa. tolerance = 1, sa_iterations = 1000, initial_temperature = 3.0, cooling_rate = 0.999
26 - INFO - chord#: 242 done. best_score=106.0, changed=611, unchanged=283, early_stops=8/8
26 - INFO - chord#: 244 In build_straw_man_chord_sa. tolerance = 1, sa_iterations = 1000, initial_temperature = 3.0, cooling_rate = 0.999
26 - INFO - chord#: 250 done. best_score=61.0, changed=550, unchanged=415, early_stops=8/8
26 - INFO - chord#: 252 In build_straw_man_chord_sa. tolerance = 1, sa_iterations = 1000, initial_temperature = 3.0, cooling_rate = 0.999
26 - INFO - chord#: 270 done. best_score=67.0, changed=605, unchanged=223, early_stops=8/8
26 - INFO - chord#: 272 In build_straw_man_chord_sa. tolerance = 1, sa_iterations = 1000, initial_temperature = 3.0, cooling_rate = 0.999
26 - INFO - chord#: 232 done. best_score=78.0, changed=615, unchanged=393, early_stops=8/8
26 - INFO - chord#: 236 In build_straw_man_chord_sa. tolerance = 1, sa_iterations = 1000, initial_temperature = 3.0, cooling_rate = 0.999
26 - INFO - chord#: 252 done. best_score=140.0, changed=609, unchanged=380, early_stops=8/8
26 - INFO - chord#: 254 In build_straw_man_chord_sa. tolerance = 1, sa_iterations = 1000, initial_temperature = 3.0, cooling_rate = 0.999
26 - INFO - chord#: 244 done. best_score=36.0, changed=528, unchanged=394, early_stops=8/8
26 - INFO - chord#: 246 In build_straw_man_chord_sa. tolerance = 1, sa_iterations = 1000, initial_temperature = 3.0, cooling_rate = 0.999
26 - INFO - chord#: 272 done. best_score=9.0, changed=443, unchanged=383, early_stops=8/8
26 - INFO - chord#: 254 done. best_score=13.0, changed=514, unchanged=293, early_stops=8/8
26 - INFO - chord#: 256 In build_straw_man_chord_sa. tolerance = 1, sa_iterations = 1000, initial_temperature = 3.0, cooling_rate = 0.999
26 - INFO - chord#: 256 done. best_score=67.0, changed=615, unchanged=322, early_stops=8/8
26 - INFO - chord#: 260 In build_straw_man_chord_sa. tolerance = 1, sa_iterations = 1000, initial_temperature = 3.0, cooling_rate = 0.999
26 - INFO - chord#: 242 done. best_score=161.0, changed=610, unchanged=215, early_stops=8/8
26 - INFO - chord#: 244 In build_straw_man_chord_sa. tolerance = 1, sa_iterations = 1000, initial_temperature = 3.0, cooling_rate = 0.999
26 - INFO - chord#: 246 done. best_score=127.0, changed=613, unchanged=335, early_stops=8/8
26 - INFO - chord#: 248 In build_straw_man_chord_sa. tolerance = 1, sa_iterations = 1000, initial_temperature = 3.0, cooling_rate = 0.999
26 - INFO - chord#: 236 done. best_score=36.0, changed=523, unchanged=328, early_stops=8/8
26 - INFO - chord#: 240 In build_straw_man_chord_sa. tolerance = 1, sa_iterations = 1000, initial_temperature = 3.0, cooling_rate = 0.999
26 - INFO - chord#: 240 done. best_score=11.0, changed=505, unchanged=388, early_stops=8/8
26 - INFO - chord#: 242 In build_straw_man_chord_sa. tolerance = 1, sa_iterations = 1000, initial_temperature = 3.0, cooling_rate = 0.999
26 - INFO - chord#: 242 done. best_score=101.0, changed=613, unchanged=250, early_stops=8/8
26 - INFO - chord#: 244 In build_straw_man_chord_sa. tolerance = 1, sa_iterations = 1000, initial_temperature = 3.0, cooling_rate = 0.999
26 - INFO - chord#: 244 done. best_score=27.0, changed=523, unchanged=320, early_stops=8/8
26 - INFO - chord#: 246 In build_straw_man_chord_sa. tolerance = 1, sa_iterations = 1000, initial_temperature = 3.0, cooling_rate = 0.999
26 - INFO - chord#: 262 done. best_score=64.0, changed=610, unchanged=319, early_stops=8/8
26 - INFO - chord#: 264 In build_straw_man_chord_sa. tolerance = 1, sa_iterations = 1000, initial_temperature = 3.0, cooling_rate = 0.999
26 - INFO - chord#: 260 done. best_score=27.0, changed=520, unchanged=581, early_stops=8/8
26 - INFO - chord#: 262 In build_straw_man_chord_sa. tolerance = 1, sa_iterations = 1000, initial_temperature = 3.0, cooling_rate = 0.999
26 - INFO - chord#: 246 done. best_score=127.0, changed=609, unchanged=268, early_stops=8/8
26 - INFO - chord#: 248 In build_straw_man_chord_sa. tolerance = 1, sa_iterations = 1000, initial_temperature = 3.0, cooling_rate = 0.999
26 - INFO - chord#: 252 done. best_score=140.0, changed=617, unchanged=323, early_stops=8/8
26 - INFO - chord#: 254 In build_straw_man_chord_sa. tolerance = 1, sa_iterations = 1000, initial_temperature = 3.0, cooling_rate = 0.999
26 - INFO - chord#: 256 done. best_score=155.0, changed=608, unchanged=293, early_stops=8/8
26 - INFO - chord#: 260 In build_straw_man_chord_sa. tolerance = 1, sa_iterations = 1000, initial_temperature = 3.0, cooling_rate = 0.999
26 - INFO - chord#: 254 done. best_score=11.0, changed=499, unchanged=313, early_stops=8/8
26 - INFO - chord#: 256 In build_straw_man_chord_sa. tolerance = 1, sa_iterations = 1000, initial_temperature = 3.0, cooling_rate = 0.999
26 - INFO - chord#: 244 done. best_score=27.0, changed=526, unchanged=340, early_stops=8/8
26 - INFO - chord#: 246 In build_straw_man_chord_sa. tolerance = 1, sa_iterations = 1000, initial_temperature = 3.0, cooling_rate = 0.999
26 - INFO - chord#: 248 done. best_score=146.0, changed=610, unchanged=335, early_stops=8/8
26 - INFO - chord#: 250 In build_straw_man_chord_sa. tolerance = 1, sa_iterations = 1000, initial_temperature = 3.0, cooling_rate = 0.999
26 - INFO - chord#: 242 done. best_score=101.0, changed=606, unchanged=326, early_stops=8/8
26 - INFO - chord#: 244 In build_straw_man_chord_sa. tolerance = 1, sa_iterations = 1000, initial_temperature = 3.0, cooling_rate = 0.999
26 - INFO - chord#: 260 done. best_score=27.0, changed=523, unchanged=601, early_stops=8/8
26 - INFO - chord#: 262 In build_straw_man_chord_sa. tolerance = 1, sa_iterations = 1000, initial_temperature = 3.0, cooling_rate = 0.999
26 - INFO - chord#: 262 done. best_score=71.0, changed=614, unchanged=331, early_stops=8/8
26 - INFO - chord#: 264 In build_straw_man_chord_sa. tolerance = 1, sa_iterations = 1000, initial_temperature = 3.0, cooling_rate = 0.999
26 - INFO - chord#: 250 done. best_score=61.0, changed=524, unchanged=318, early_stops=8/8
26 - INFO - chord#: 252 In build_straw_man_chord_sa. tolerance = 1, sa_iterations = 1000, initial_temperature = 3.0, cooling_rate = 0.999
26 - INFO - chord#: 264 done. best_score=67.0, changed=613, unchanged=254, early_stops=8/8
26 - INFO - chord#: 268 In build_straw_man_chord_sa. tolerance = 1, sa_iterations = 1000, initial_temperature = 3.0, cooling_rate = 0.999
26 - INFO - chord#: 244 done. best_score=27.0, changed=527, unchanged=422, early_stops=8/8
26 - INFO - chord#: 246 In build_straw_man_chord_sa. tolerance = 1, sa_iterations = 1000, initial_temperature = 3.0, cooling_rate = 0.999
26 - INFO - chord#: 246 done. best_score=74.0, changed=611, unchanged=379, early_stops=8/8
26 - INFO - chord#: 248 In build_straw_man_chord_sa. tolerance = 1, sa_iterations = 1000, initial_temperature = 3.0, cooling_rate = 0.999
26 - INFO - chord#: 248 done. best_score=74.0, changed=618, unchanged=392, early_stops=8/8
26 - INFO - chord#: 250 In build_straw_man_chord_sa. tolerance = 1, sa_iterations = 1000, initial_temperature = 3.0, cooling_rate = 0.999
26 - INFO - chord#: 256 done. best_score=78.0, changed=614, unchanged=481, early_stops=8/8
26 - INFO - chord#: 260 In build_straw_man_chord_sa. tolerance = 1, sa_iterations = 1000, initial_temperature = 3.0, cooling_rate = 0.999
26 - INFO - chord#: 246 done. best_score=141.0, changed=615, unchanged=326, early_stops=8/8
26 - INFO - chord#: 248 In build_straw_man_chord_sa. tolerance = 1, sa_iterations = 1000, initial_temperature = 3.0, cooling_rate = 0.999
26 - INFO - chord#: 268 done. best_score=27.0, changed=524, unchanged=383, early_stops=8/8
26 - INFO - chord#: 270 In build_straw_man_chord_sa. tolerance = 1, sa_iterations = 1000, initial_temperature = 3.0, cooling_rate = 0.999
26 - INFO - chord#: 262 done. best_score=104.0, changed=617, unchanged=368, early_stops=8/8
26 - INFO - chord#: 264 In build_straw_man_chord_sa. tolerance = 1, sa_iterations = 1000, initial_temperature = 3.0, cooling_rate = 0.999
26 - INFO - chord#: 250 done. best_score=61.0, changed=529, unchanged=301, early_stops=8/8
26 - INFO - chord#: 252 In build_straw_man_chord_sa. tolerance = 1, sa_iterations = 1000, initial_temperature = 3.0, cooling_rate = 0.999
26 - INFO - chord#: 264 done. best_score=181.0, changed=611, unchanged=262, early_stops=8/8
26 - INFO - chord#: 268 In build_straw_man_chord_sa. tolerance = 1, sa_iterations = 1000, initial_temperature = 3.0, cooling_rate = 0.999
26 - INFO - chord#: 260 done. best_score=27.0, changed=525, unchanged=466, early_stops=8/8
26 - INFO - chord#: 262 In build_straw_man_chord_sa. tolerance = 1, sa_iterations = 1000, initial_temperature = 3.0, cooling_rate = 0.999
26 - INFO - chord#: 252 done. best_score=78.0, changed=609, unchanged=298, early_stops=8/8
26 - INFO - chord#: 254 In build_straw_man_chord_sa. tolerance = 1, sa_iterations = 1000, initial_temperature = 3.0, cooling_rate = 0.999
26 - INFO - chord#: 254 done. best_score=11.0, changed=481, unchanged=336, early_stops=8/8
26 - INFO - chord#: 256 In build_straw_man_chord_sa. tolerance = 1, sa_iterations = 1000, initial_temperature = 3.0, cooling_rate = 0.999
26 - INFO - chord#: 246 done. best_score=96.0, changed=609, unchanged=317, early_stops=8/8
26 - INFO - chord#: 248 In build_straw_man_chord_sa. tolerance = 1, sa_iterations = 1000, initial_temperature = 3.0, cooling_rate = 0.999
26 - INFO - chord#: 268 done. best_score=27.0, changed=527, unchanged=644, early_stops=8/8
26 - INFO - chord#: 270 In build_straw_man_chord_sa. tolerance = 1, sa_iterations = 1000, initial_temperature = 3.0, cooling_rate = 0.999
26 - INFO - chord#: 248 done. best_score=149.0, changed=607, unchanged=344, early_stops=8/8
26 - INFO - chord#: 250 In build_straw_man_chord_sa. tolerance = 1, sa_iterations = 1000, initial_temperature = 3.0, cooling_rate = 0.999
26 - INFO - chord#: 252 done. best_score=78.0, changed=607, unchanged=327, early_stops=8/8
26 - INFO - chord#: 254 In build_straw_man_chord_sa. tolerance = 1, sa_iterations = 1000, initial_temperature = 3.0, cooling_rate = 0.999
26 - INFO - chord#: 264 done. best_score=78.0, changed=617, unchanged=448, early_stops=8/8
26 - INFO - chord#: 268 In build_straw_man_chord_sa. tolerance = 1, sa_iterations = 1000, initial_temperature = 3.0, cooling_rate = 0.999
26 - INFO - chord#: 254 done. best_score=11.0, changed=482, unchanged=331, early_stops=8/8
26 - INFO - chord#: 256 In build_straw_man_chord_sa. tolerance = 1, sa_iterations = 1000, initial_temperature = 3.0, cooling_rate = 0.999
26 - INFO - chord#: 262 done. best_score=146.0, changed=613, unchanged=290, early_stops=8/8
26 - INFO - chord#: 264 In build_straw_man_chord_sa. tolerance = 1, sa_iterations = 1000, initial_temperature = 3.0, cooling_rate = 0.999
26 - INFO - chord#: 270 done. best_score=67.0, changed=608, unchanged=289, early_stops=8/8
26 - INFO - chord#: 272 In build_straw_man_chord_sa. tolerance = 1, sa_iterations = 1000, initial_temperature = 3.0, cooling_rate = 0.999
26 - INFO - chord#: 248 done. best_score=74.0, changed=610, unchanged=346, early_stops=8/8
26 - INFO - chord#: 250 In build_straw_man_chord_sa. tolerance = 1, sa_iterations = 1000, initial_temperature = 3.0, cooling_rate = 0.999
26 - INFO - chord#: 248 done. best_score=172.0, changed=608, unchanged=253, early_stops=8/8
26 - INFO - chord#: 250 In build_straw_man_chord_sa. tolerance = 1, sa_iterations = 1000, initial_temperature = 3.0, cooling_rate = 0.999
26 - INFO - chord#: 256 done. best_score=157.0, changed=608, unchanged=289, early_stops=8/8
26 - INFO - chord#: 260 In build_straw_man_chord_sa. tolerance = 1, sa_iterations = 1000, initial_temperature = 3.0, cooling_rate = 0.999
26 - INFO - chord#: 272 done. best_score=9.0, changed=465, unchanged=382, early_stops=8/8
26 - INFO - chord#: 250 done. best_score=61.0, changed=532, unchanged=346, early_stops=8/8
26 - INFO - chord#: 252 In build_straw_man_chord_sa. tolerance = 1, sa_iterations = 1000, initial_temperature = 3.0, cooling_rate = 0.999
26 - INFO - chord#: 270 done. best_score=137.0, changed=604, unchanged=201, early_stops=8/8
26 - INFO - chord#: 272 In build_straw_man_chord_sa. tolerance = 1, sa_iterations = 1000, initial_temperature = 3.0, cooling_rate = 0.999
26 - INFO - chord#: 268 done. best_score=27.0, changed=524, unchanged=462, early_stops=8/8
26 - INFO - chord#: 270 In build_straw_man_chord_sa. tolerance = 1, sa_iterations = 1000, initial_temperature = 3.0, cooling_rate = 0.999
26 - INFO - chord#: 272 done. best_score=9.0, changed=472, unchanged=352, early_stops=8/8
26 - INFO - chord#: 250 done. best_score=61.0, changed=539, unchanged=326, early_stops=8/8
26 - INFO - chord#: 252 In build_straw_man_chord_sa. tolerance = 1, sa_iterations = 1000, initial_temperature = 3.0, cooling_rate = 0.999
26 - INFO - chord#: 260 done. best_score=27.0, changed=522, unchanged=473, early_stops=8/8
26 - INFO - chord#: 262 In build_straw_man_chord_sa. tolerance = 1, sa_iterations = 1000, initial_temperature = 3.0, cooling_rate = 0.999
26 - INFO - chord#: 250 done. best_score=61.0, changed=533, unchanged=326, early_stops=8/8
26 - INFO - chord#: 252 In build_straw_man_chord_sa. tolerance = 1, sa_iterations = 1000, initial_temperature = 3.0, cooling_rate = 0.999
26 - INFO - chord#: 256 done. best_score=140.0, changed=607, unchanged=217, early_stops=8/8
26 - INFO - chord#: 260 In build_straw_man_chord_sa. tolerance = 1, sa_iterations = 1000, initial_temperature = 3.0, cooling_rate = 0.999
26 - INFO - chord#: 264 done. best_score=119.0, changed=614, unchanged=340, early_stops=8/8
26 - INFO - chord#: 268 In build_straw_man_chord_sa. tolerance = 1, sa_iterations = 1000, initial_temperature = 3.0, cooling_rate = 0.999
26 - INFO - chord#: 260 done. best_score=27.0, changed=523, unchanged=363, early_stops=8/8
26 - INFO - chord#: 262 In build_straw_man_chord_sa. tolerance = 1, sa_iterations = 1000, initial_temperature = 3.0, cooling_rate = 0.999
26 - INFO - chord#: 270 done. best_score=145.0, changed=611, unchanged=352, early_stops=8/8
26 - INFO - chord#: 272 In build_straw_man_chord_sa. tolerance = 1, sa_iterations = 1000, initial_temperature = 3.0, cooling_rate = 0.999
26 - INFO - chord#: 252 done. best_score=78.0, changed=609, unchanged=243, early_stops=8/8
26 - INFO - chord#: 254 In build_straw_man_chord_sa. tolerance = 1, sa_iterations = 1000, initial_temperature = 3.0, cooling_rate = 0.999
26 - INFO - chord#: 268 done. best_score=27.0, changed=522, unchanged=456, early_stops=8/8
26 - INFO - chord#: 270 In build_straw_man_chord_sa. tolerance = 1, sa_iterations = 1000, initial_temperature = 3.0, cooling_rate = 0.999
26 - INFO - chord#: 252 done. best_score=129.0, changed=615, unchanged=384, early_stops=8/8
26 - INFO - chord#: 254 In build_straw_man_chord_sa. tolerance = 1, sa_iterations = 1000, initial_temperature = 3.0, cooling_rate = 0.999
26 - INFO - chord#: 272 done. best_score=9.0, changed=481, unchanged=397, early_stops=8/8
26 - INFO - chord#: 254 done. best_score=11.0, changed=477, unchanged=342, early_stops=8/8
26 - INFO - chord#: 256 In build_straw_man_chord_sa. tolerance = 1, sa_iterations = 1000, initial_temperature = 3.0, cooling_rate = 0.999
26 - INFO - chord#: 262 done. best_score=64.0, changed=609, unchanged=377, early_stops=8/8
26 - INFO - chord#: 264 In build_straw_man_chord_sa. tolerance = 1, sa_iterations = 1000, initial_temperature = 3.0, cooling_rate = 0.999
26 - INFO - chord#: 254 done. best_score=11.0, changed=515, unchanged=321, early_stops=8/8
26 - INFO - chord#: 256 In build_straw_man_chord_sa. tolerance = 1, sa_iterations = 1000, initial_temperature = 3.0, cooling_rate = 0.999
26 - INFO - chord#: 252 done. best_score=67.0, changed=617, unchanged=446, early_stops=8/8
26 - INFO - chord#: 254 In build_straw_man_chord_sa. tolerance = 1, sa_iterations = 1000, initial_temperature = 3.0, cooling_rate = 0.999
26 - INFO - chord#: 254 done. best_score=13.0, changed=541, unchanged=271, early_stops=8/8
26 - INFO - chord#: 256 In build_straw_man_chord_sa. tolerance = 1, sa_iterations = 1000, initial_temperature = 3.0, cooling_rate = 0.999
26 - INFO - chord#: 262 done. best_score=104.0, changed=609, unchanged=311, early_stops=8/8
26 - INFO - chord#: 264 In build_straw_man_chord_sa. tolerance = 1, sa_iterations = 1000, initial_temperature = 3.0, cooling_rate = 0.999
26 - INFO - chord#: 264 done. best_score=137.0, changed=607, unchanged=214, early_stops=8/8
26 - INFO - chord#: 268 In build_straw_man_chord_sa. tolerance = 1, sa_iterations = 1000, initial_temperature = 3.0, cooling_rate = 0.999
26 - INFO - chord#: 270 done. best_score=67.0, changed=613, unchanged=353, early_stops=8/8
26 - INFO - chord#: 272 In build_straw_man_chord_sa. tolerance = 1, sa_iterations = 1000, initial_temperature = 3.0, cooling_rate = 0.999
26 - INFO - chord#: 272 done. best_score=9.0, changed=457, unchanged=386, early_stops=8/8
26 - INFO - chord#: 256 done. best_score=119.0, changed=616, unchanged=370, early_stops=8/8
26 - INFO - chord#: 260 In build_straw_man_chord_sa. tolerance = 1, sa_iterations = 1000, initial_temperature = 3.0, cooling_rate = 0.999
26 - INFO - chord#: 256 done. best_score=78.0, changed=610, unchanged=322, early_stops=8/8
26 - INFO - chord#: 260 In build_straw_man_chord_sa. tolerance = 1, sa_iterations = 1000, initial_temperature = 3.0, cooling_rate = 0.999
26 - INFO - chord#: 256 done. best_score=67.0, changed=615, unchanged=331, early_stops=8/8
26 - INFO - chord#: 260 In build_straw_man_chord_sa. tolerance = 1, sa_iterations = 1000, initial_temperature = 3.0, cooling_rate = 0.999
26 - INFO - chord#: 268 done. best_score=27.0, changed=522, unchanged=401, early_stops=8/8
26 - INFO - chord#: 270 In build_straw_man_chord_sa. tolerance = 1, sa_iterations = 1000, initial_temperature = 3.0, cooling_rate = 0.999
26 - INFO - chord#: 260 done. best_score=27.0, changed=519, unchanged=387, early_stops=8/8
26 - INFO - chord#: 262 In build_straw_man_chord_sa. tolerance = 1, sa_iterations = 1000, initial_temperature = 3.0, cooling_rate = 0.999
26 - INFO - chord#: 260 done. best_score=27.0, changed=527, unchanged=440, early_stops=8/8
26 - INFO - chord#: 262 In build_straw_man_chord_sa. tolerance = 1, sa_iterations = 1000, initial_temperature = 3.0, cooling_rate = 0.999
26 - INFO - chord#: 260 done. best_score=27.0, changed=524, unchanged=495, early_stops=8/8
26 - INFO - chord#: 262 In build_straw_man_chord_sa. tolerance = 1, sa_iterations = 1000, initial_temperature = 3.0, cooling_rate = 0.999
26 - INFO - chord#: 264 done. best_score=67.0, changed=621, unchanged=466, early_stops=8/8
26 - INFO - chord#: 268 In build_straw_man_chord_sa. tolerance = 1, sa_iterations = 1000, initial_temperature = 3.0, cooling_rate = 0.999
26 - INFO - chord#: 270 done. best_score=96.0, changed=611, unchanged=235, early_stops=8/8
26 - INFO - chord#: 272 In build_straw_man_chord_sa. tolerance = 1, sa_iterations = 1000, initial_temperature = 3.0, cooling_rate = 0.999
26 - INFO - chord#: 272 done. best_score=9.0, changed=478, unchanged=347, early_stops=8/8
26 - INFO - chord#: 268 done. best_score=27.0, changed=531, unchanged=533, early_stops=8/8
26 - INFO - chord#: 270 In build_straw_man_chord_sa. tolerance = 1, sa_iterations = 1000, initial_temperature = 3.0, cooling_rate = 0.999
26 - INFO - chord#: 262 done. best_score=104.0, changed=607, unchanged=283, early_stops=8/8
26 - INFO - chord#: 264 In build_straw_man_chord_sa. tolerance = 1, sa_iterations = 1000, initial_temperature = 3.0, cooling_rate = 0.999
26 - INFO - chord#: 262 done. best_score=104.0, changed=609, unchanged=300, early_stops=8/8
26 - INFO - chord#: 264 In build_straw_man_chord_sa. tolerance = 1, sa_iterations = 1000, initial_temperature = 3.0, cooling_rate = 0.999
26 - INFO - chord#: 262 done. best_score=112.0, changed=618, unchanged=437, early_stops=8/8
26 - INFO - chord#: 264 In build_straw_man_chord_sa. tolerance = 1, sa_iterations = 1000, initial_temperature = 3.0, cooling_rate = 0.999
26 - INFO - chord#: 264 done. best_score=67.0, changed=613, unchanged=317, early_stops=8/8
26 - INFO - chord#: 268 In build_straw_man_chord_sa. tolerance = 1, sa_iterations = 1000, initial_temperature = 3.0, cooling_rate = 0.999
26 - INFO - chord#: 270 done. best_score=137.0, changed=614, unchanged=290, early_stops=8/8
26 - INFO - chord#: 272 In build_straw_man_chord_sa. tolerance = 1, sa_iterations = 1000, initial_temperature = 3.0, cooling_rate = 0.999
26 - INFO - chord#: 264 done. best_score=67.0, changed=610, unchanged=289, early_stops=8/8
26 - INFO - chord#: 268 In build_straw_man_chord_sa. tolerance = 1, sa_iterations = 1000, initial_temperature = 3.0, cooling_rate = 0.999
26 - INFO - chord#: 272 done. best_score=9.0, changed=457, unchanged=360, early_stops=8/8
26 - INFO - chord#: 264 done. best_score=67.0, changed=613, unchanged=344, early_stops=8/8
26 - INFO - chord#: 268 In build_straw_man_chord_sa. tolerance = 1, sa_iterations = 1000, initial_temperature = 3.0, cooling_rate = 0.999
26 - INFO - chord#: 268 done. best_score=27.0, changed=518, unchanged=363, early_stops=8/8
26 - INFO - chord#: 270 In build_straw_man_chord_sa. tolerance = 1, sa_iterations = 1000, initial_temperature = 3.0, cooling_rate = 0.999
26 - INFO - chord#: 268 done. best_score=27.0, changed=519, unchanged=401, early_stops=8/8
26 - INFO - chord#: 270 In build_straw_man_chord_sa. tolerance = 1, sa_iterations = 1000, initial_temperature = 3.0, cooling_rate = 0.999
26 - INFO - chord#: 268 done. best_score=27.0, changed=513, unchanged=315, early_stops=8/8
26 - INFO - chord#: 270 In build_straw_man_chord_sa. tolerance = 1, sa_iterations = 1000, initial_temperature = 3.0, cooling_rate = 0.999
26 - INFO - chord#: 270 done. best_score=137.0, changed=611, unchanged=241, early_stops=8/8
26 - INFO - chord#: 272 In build_straw_man_chord_sa. tolerance = 1, sa_iterations = 1000, initial_temperature = 3.0, cooling_rate = 0.999
26 - INFO - chord#: 270 done. best_score=67.0, changed=610, unchanged=323, early_stops=8/8
26 - INFO - chord#: 272 In build_straw_man_chord_sa. tolerance = 1, sa_iterations = 1000, initial_temperature = 3.0, cooling_rate = 0.999
26 - INFO - chord#: 272 done. best_score=9.0, changed=457, unchanged=389, early_stops=8/8
26 - INFO - chord#: 272 done. best_score=9.0, changed=456, unchanged=394, early_stops=8/8
26 - INFO - chord#: 270 done. best_score=67.0, changed=608, unchanged=255, early_stops=8/8
26 - INFO - chord#: 272 In build_straw_man_chord_sa. tolerance = 1, sa_iterations = 1000, initial_temperature = 3.0, cooling_rate = 0.999
26 - INFO - chord#: 272 done. best_score=9.0, changed=450, unchanged=376, early_stops=8/8
26 - INFO - chord#: 0 In build_straw_man_chord_sa. tolerance = 1, sa_iterations = 1000, initial_temperature = 3.0, cooling_rate = 0.999
26 - INFO - chord#: 0 In build_straw_man_chord_sa. tolerance = 1, sa_iterations = 1000, initial_temperature = 3.0, cooling_rate = 0.999
26 - INFO - chord#: 0 In build_straw_man_chord_sa. tolerance = 1, sa_iterations = 1000, initial_temperature = 3.0, cooling_rate = 0.999
26 - INFO - chord#: 0 In build_straw_man_chord_sa. tolerance = 1, sa_iterations = 1000, initial_temperature = 3.0, cooling_rate = 0.999
26 - INFO - chord#: 0 In build_straw_man_chord_sa. tolerance = 1, sa_iterations = 1000, initial_temperature = 3.0, cooling_rate = 0.999
26 - INFO - chord#: 0 In build_straw_man_chord_sa. tolerance = 1, sa_iterations = 1000, initial_temperature = 3.0, cooling_rate = 0.999
26 - INFO - chord#: 0 In build_straw_man_chord_sa. tolerance = 1, sa_iterations = 1000, initial_temperature = 3.0, cooling_rate = 0.999
26 - INFO - chord#: 0 In build_straw_man_chord_sa. tolerance = 1, sa_iterations = 1000, initial_temperature = 3.0, cooling_rate = 0.999
26 - INFO - chord#: 0 In build_straw_man_chord_sa. tolerance = 1, sa_iterations = 1000, initial_temperature = 3.0, cooling_rate = 0.999
26 - INFO - chord#: 0 In build_straw_man_chord_sa. tolerance = 1, sa_iterations = 1000, initial_temperature = 3.0, cooling_rate = 0.999
26 - INFO - chord#: 0 In build_straw_man_chord_sa. tolerance = 1, sa_iterations = 1000, initial_temperature = 3.0, cooling_rate = 0.999
26 - INFO - chord#: 0 In build_straw_man_chord_sa. tolerance = 1, sa_iterations = 1000, initial_temperature = 3.0, cooling_rate = 0.999
26 - INFO - chord#: 0 done. best_score=27.0, changed=516, unchanged=398, early_stops=8/8
26 - INFO - chord#: 2 In build_straw_man_chord_sa. tolerance = 1, sa_iterations = 1000, initial_temperature = 3.0, cooling_rate = 0.999
26 - INFO - chord#: 0 done. best_score=27.0, changed=513, unchanged=353, early_stops=8/8
26 - INFO - chord#: 2 In build_straw_man_chord_sa. tolerance = 1, sa_iterations = 1000, initial_temperature = 3.0, cooling_rate = 0.999
26 - INFO - chord#: 0 done. best_score=27.0, changed=512, unchanged=346, early_stops=8/8
26 - INFO - chord#: 2 In build_straw_man_chord_sa. tolerance = 1, sa_iterations = 1000, initial_temperature = 3.0, cooling_rate = 0.999
26 - INFO - chord#: 0 done. best_score=27.0, changed=519, unchanged=355, early_stops=8/8
26 - INFO - chord#: 2 In build_straw_man_chord_sa. tolerance = 1, sa_iterations = 1000, initial_temperature = 3.0, cooling_rate = 0.999
26 - INFO - chord#: 0 done. best_score=27.0, changed=524, unchanged=540, early_stops=8/8
26 - INFO - chord#: 2 In build_straw_man_chord_sa. tolerance = 1, sa_iterations = 1000, initial_temperature = 3.0, cooling_rate = 0.999
26 - INFO - chord#: 0 done. best_score=27.0, changed=520, unchanged=479, early_stops=8/8
26 - INFO - chord#: 2 In build_straw_man_chord_sa. tolerance = 1, sa_iterations = 1000, initial_temperature = 3.0, cooling_rate = 0.999
26 - INFO - chord#: 0 done. best_score=27.0, changed=525, unchanged=363, early_stops=8/8
26 - INFO - chord#: 2 In build_straw_man_chord_sa. tolerance = 1, sa_iterations = 1000, initial_temperature = 3.0, cooling_rate = 0.999
26 - INFO - chord#: 0 done. best_score=27.0, changed=515, unchanged=509, early_stops=8/8
26 - INFO - chord#: 2 In build_straw_man_chord_sa. tolerance = 1, sa_iterations = 1000, initial_temperature = 3.0, cooling_rate = 0.999
26 - INFO - chord#: 0 done. best_score=27.0, changed=531, unchanged=454, early_stops=8/8
26 - INFO - chord#: 2 In build_straw_man_chord_sa. tolerance = 1, sa_iterations = 1000, initial_temperature = 3.0, cooling_rate = 0.999
26 - INFO - chord#: 0 done. best_score=27.0, changed=520, unchanged=406, early_stops=8/8
26 - INFO - chord#: 2 In build_straw_man_chord_sa. tolerance = 1, sa_iterations = 1000, initial_temperature = 3.0, cooling_rate = 0.999
26 - INFO - chord#: 0 done. best_score=27.0, changed=518, unchanged=411, early_stops=8/8
26 - INFO - chord#: 2 In build_straw_man_chord_sa. tolerance = 1, sa_iterations = 1000, initial_temperature = 3.0, cooling_rate = 0.999
26 - INFO - chord#: 0 done. best_score=27.0, changed=522, unchanged=461, early_stops=8/8
26 - INFO - chord#: 2 In build_straw_man_chord_sa. tolerance = 1, sa_iterations = 1000, initial_temperature = 3.0, cooling_rate = 0.999
26 - INFO - chord#: 2 done. best_score=93.0, changed=612, unchanged=245, early_stops=8/8
26 - INFO - chord#: 4 In build_straw_man_chord_sa. tolerance = 1, sa_iterations = 1000, initial_temperature = 3.0, cooling_rate = 0.999
26 - INFO - chord#: 2 done. best_score=96.0, changed=612, unchanged=250, early_stops=8/8
26 - INFO - chord#: 4 In build_straw_man_chord_sa. tolerance = 1, sa_iterations = 1000, initial_temperature = 3.0, cooling_rate = 0.999
26 - INFO - chord#: 2 done. best_score=94.0, changed=607, unchanged=206, early_stops=8/8
26 - INFO - chord#: 4 In build_straw_man_chord_sa. tolerance = 1, sa_iterations = 1000, initial_temperature = 3.0, cooling_rate = 0.999
26 - INFO - chord#: 2 done. best_score=96.0, changed=614, unchanged=419, early_stops=8/8
26 - INFO - chord#: 4 In build_straw_man_chord_sa. tolerance = 1, sa_iterations = 1000, initial_temperature = 3.0, cooling_rate = 0.999
26 - INFO - chord#: 4 done. best_score=27.0, changed=522, unchanged=406, early_stops=8/8
26 - INFO - chord#: 8 In build_straw_man_chord_sa. tolerance = 1, sa_iterations = 1000, initial_temperature = 3.0, cooling_rate = 0.999
26 - INFO - chord#: 2 done. best_score=93.0, changed=618, unchanged=528, early_stops=8/8
26 - INFO - chord#: 2 done. best_score=94.0, changed=612, unchanged=276, early_stops=8/8
26 - INFO - chord#: 4 In build_straw_man_chord_sa. tolerance = 1, sa_iterations = 1000, initial_temperature = 3.0, cooling_rate = 0.999
26 - INFO - chord#: 4 In build_straw_man_chord_sa. tolerance = 1, sa_iterations = 1000, initial_temperature = 3.0, cooling_rate = 0.999
26 - INFO - chord#: 4 done. best_score=27.0, changed=532, unchanged=437, early_stops=8/8
26 - INFO - chord#: 8 In build_straw_man_chord_sa. tolerance = 1, sa_iterations = 1000, initial_temperature = 3.0, cooling_rate = 0.999
26 - INFO - chord#: 2 done. best_score=75.0, changed=611, unchanged=337, early_stops=8/8
26 - INFO - chord#: 4 In build_straw_man_chord_sa. tolerance = 1, sa_iterations = 1000, initial_temperature = 3.0, cooling_rate = 0.999
26 - INFO - chord#: 2 done. best_score=93.0, changed=616, unchanged=399, early_stops=8/8
26 - INFO - chord#: 4 In build_straw_man_chord_sa. tolerance = 1, sa_iterations = 1000, initial_temperature = 3.0, cooling_rate = 0.999
26 - INFO - chord#: 4 done. best_score=27.0, changed=517, unchanged=358, early_stops=8/8
26 - INFO - chord#: 8 In build_straw_man_chord_sa. tolerance = 1, sa_iterations = 1000, initial_temperature = 3.0, cooling_rate = 0.999
26 - INFO - chord#: 2 done. best_score=129.0, changed=623, unchanged=497, early_stops=8/8
26 - INFO - chord#: 4 In build_straw_man_chord_sa. tolerance = 1, sa_iterations = 1000, initial_temperature = 3.0, cooling_rate = 0.999
26 - INFO - chord#: 2 done. best_score=105.0, changed=613, unchanged=365, early_stops=8/8
26 - INFO - chord#: 4 In build_straw_man_chord_sa. tolerance = 1, sa_iterations = 1000, initial_temperature = 3.0, cooling_rate = 0.999
26 - INFO - chord#: 4 done. best_score=27.0, changed=520, unchanged=344, early_stops=8/8
26 - INFO - chord#: 8 In build_straw_man_chord_sa. tolerance = 1, sa_iterations = 1000, initial_temperature = 3.0, cooling_rate = 0.999
26 - INFO - chord#: 2 done. best_score=94.0, changed=617, unchanged=428, early_stops=8/8
26 - INFO - chord#: 4 In build_straw_man_chord_sa. tolerance = 1, sa_iterations = 1000, initial_temperature = 3.0, cooling_rate = 0.999
26 - INFO - chord#: 2 done. best_score=93.0, changed=611, unchanged=360, early_stops=8/8
26 - INFO - chord#: 4 In build_straw_man_chord_sa. tolerance = 1, sa_iterations = 1000, initial_temperature = 3.0, cooling_rate = 0.999
26 - INFO - chord#: 4 done. best_score=27.0, changed=532, unchanged=406, early_stops=8/8
26 - INFO - chord#: 8 In build_straw_man_chord_sa. tolerance = 1, sa_iterations = 1000, initial_temperature = 3.0, cooling_rate = 0.999
26 - INFO - chord#: 8 done. best_score=27.0, changed=524, unchanged=362, early_stops=8/8
26 - INFO - chord#: 10 In build_straw_man_chord_sa. tolerance = 1, sa_iterations = 1000, initial_temperature = 3.0, cooling_rate = 0.999
26 - INFO - chord#: 8 done. best_score=27.0, changed=529, unchanged=489, early_stops=8/8
26 - INFO - chord#: 10 In build_straw_man_chord_sa. tolerance = 1, sa_iterations = 1000, initial_temperature = 3.0, cooling_rate = 0.999
26 - INFO - chord#: 4 done. best_score=27.0, changed=528, unchanged=350, early_stops=8/8
26 - INFO - chord#: 8 In build_straw_man_chord_sa. tolerance = 1, sa_iterations = 1000, initial_temperature = 3.0, cooling_rate = 0.999
26 - INFO - chord#: 4 done. best_score=27.0, changed=527, unchanged=455, early_stops=8/8
26 - INFO - chord#: 8 In build_straw_man_chord_sa. tolerance = 1, sa_iterations = 1000, initial_temperature = 3.0, cooling_rate = 0.999
26 - INFO - chord#: 4 done. best_score=27.0, changed=522, unchanged=452, early_stops=8/8
26 - INFO - chord#: 8 In build_straw_man_chord_sa. tolerance = 1, sa_iterations = 1000, initial_temperature = 3.0, cooling_rate = 0.999
26 - INFO - chord#: 8 done. best_score=27.0, changed=521, unchanged=460, early_stops=8/8
26 - INFO - chord#: 10 In build_straw_man_chord_sa. tolerance = 1, sa_iterations = 1000, initial_temperature = 3.0, cooling_rate = 0.999
26 - INFO - chord#: 4 done. best_score=27.0, changed=529, unchanged=348, early_stops=8/8
26 - INFO - chord#: 8 In build_straw_man_chord_sa. tolerance = 1, sa_iterations = 1000, initial_temperature = 3.0, cooling_rate = 0.999
26 - INFO - chord#: 8 done. best_score=27.0, changed=520, unchanged=409, early_stops=8/8
26 - INFO - chord#: 10 In build_straw_man_chord_sa. tolerance = 1, sa_iterations = 1000, initial_temperature = 3.0, cooling_rate = 0.999
26 - INFO - chord#: 4 done. best_score=27.0, changed=516, unchanged=324, early_stops=8/8
26 - INFO - chord#: 8 In build_straw_man_chord_sa. tolerance = 1, sa_iterations = 1000, initial_temperature = 3.0, cooling_rate = 0.999
26 - INFO - chord#: 4 done. best_score=27.0, changed=518, unchanged=449, early_stops=8/8
26 - INFO - chord#: 8 In build_straw_man_chord_sa. tolerance = 1, sa_iterations = 1000, initial_temperature = 3.0, cooling_rate = 0.999
26 - INFO - chord#: 4 done. best_score=27.0, changed=527, unchanged=464, early_stops=8/8
26 - INFO - chord#: 8 In build_straw_man_chord_sa. tolerance = 1, sa_iterations = 1000, initial_temperature = 3.0, cooling_rate = 0.999
26 - INFO - chord#: 8 done. best_score=27.0, changed=517, unchanged=442, early_stops=8/8
26 - INFO - chord#: 10 In build_straw_man_chord_sa. tolerance = 1, sa_iterations = 1000, initial_temperature = 3.0, cooling_rate = 0.999
26 - INFO - chord#: 10 done. best_score=48.0, changed=529, unchanged=291, early_stops=8/8
26 - INFO - chord#: 12 In build_straw_man_chord_sa. tolerance = 1, sa_iterations = 1000, initial_temperature = 3.0, cooling_rate = 0.999
26 - INFO - chord#: 10 done. best_score=48.0, changed=526, unchanged=343, early_stops=8/8
26 - INFO - chord#: 12 In build_straw_man_chord_sa. tolerance = 1, sa_iterations = 1000, initial_temperature = 3.0, cooling_rate = 0.999
26 - INFO - chord#: 8 done. best_score=27.0, changed=515, unchanged=361, early_stops=8/8
26 - INFO - chord#: 10 In build_straw_man_chord_sa. tolerance = 1, sa_iterations = 1000, initial_temperature = 3.0, cooling_rate = 0.999
26 - INFO - chord#: 8 done. best_score=27.0, changed=523, unchanged=365, early_stops=8/8
26 - INFO - chord#: 10 In build_straw_man_chord_sa. tolerance = 1, sa_iterations = 1000, initial_temperature = 3.0, cooling_rate = 0.999
26 - INFO - chord#: 10 done. best_score=48.0, changed=528, unchanged=328, early_stops=8/8
26 - INFO - chord#: 12 In build_straw_man_chord_sa. tolerance = 1, sa_iterations = 1000, initial_temperature = 3.0, cooling_rate = 0.999
26 - INFO - chord#: 10 done. best_score=48.0, changed=527, unchanged=334, early_stops=8/8
26 - INFO - chord#: 12 In build_straw_man_chord_sa. tolerance = 1, sa_iterations = 1000, initial_temperature = 3.0, cooling_rate = 0.999
26 - INFO - chord#: 8 done. best_score=27.0, changed=517, unchanged=409, early_stops=8/8
26 - INFO - chord#: 10 In build_straw_man_chord_sa. tolerance = 1, sa_iterations = 1000, initial_temperature = 3.0, cooling_rate = 0.999
26 - INFO - chord#: 8 done. best_score=27.0, changed=521, unchanged=369, early_stops=8/8
26 - INFO - chord#: 10 In build_straw_man_chord_sa. tolerance = 1, sa_iterations = 1000, initial_temperature = 3.0, cooling_rate = 0.999
26 - INFO - chord#: 10 done. best_score=48.0, changed=531, unchanged=399, early_stops=8/8
26 - INFO - chord#: 12 In build_straw_man_chord_sa. tolerance = 1, sa_iterations = 1000, initial_temperature = 3.0, cooling_rate = 0.999
26 - INFO - chord#: 8 done. best_score=27.0, changed=529, unchanged=528, early_stops=8/8
26 - INFO - chord#: 10 In build_straw_man_chord_sa. tolerance = 1, sa_iterations = 1000, initial_temperature = 3.0, cooling_rate = 0.999
26 - INFO - chord#: 8 done. best_score=27.0, changed=521, unchanged=417, early_stops=8/8
26 - INFO - chord#: 10 In build_straw_man_chord_sa. tolerance = 1, sa_iterations = 1000, initial_temperature = 3.0, cooling_rate = 0.999
26 - INFO - chord#: 10 done. best_score=48.0, changed=525, unchanged=331, early_stops=8/8
26 - INFO - chord#: 12 In build_straw_man_chord_sa. tolerance = 1, sa_iterations = 1000, initial_temperature = 3.0, cooling_rate = 0.999
26 - INFO - chord#: 12 done. best_score=27.0, changed=525, unchanged=471, early_stops=8/8
26 - INFO - chord#: 14 In build_straw_man_chord_sa. tolerance = 1, sa_iterations = 1000, initial_temperature = 3.0, cooling_rate = 0.999
26 - INFO - chord#: 12 done. best_score=27.0, changed=528, unchanged=472, early_stops=8/8
26 - INFO - chord#: 14 In build_straw_man_chord_sa. tolerance = 1, sa_iterations = 1000, initial_temperature = 3.0, cooling_rate = 0.999
26 - INFO - chord#: 8 done. best_score=27.0, changed=518, unchanged=479, early_stops=8/8
26 - INFO - chord#: 10 In build_straw_man_chord_sa. tolerance = 1, sa_iterations = 1000, initial_temperature = 3.0, cooling_rate = 0.999
26 - INFO - chord#: 10 done. best_score=48.0, changed=534, unchanged=335, early_stops=8/8
26 - INFO - chord#: 12 In build_straw_man_chord_sa. tolerance = 1, sa_iterations = 1000, initial_temperature = 3.0, cooling_rate = 0.999
26 - INFO - chord#: 12 done. best_score=27.0, changed=524, unchanged=428, early_stops=8/8
26 - INFO - chord#: 14 In build_straw_man_chord_sa. tolerance = 1, sa_iterations = 1000, initial_temperature = 3.0, cooling_rate = 0.999
26 - INFO - chord#: 12 done. best_score=27.0, changed=517, unchanged=437, early_stops=8/8
26 - INFO - chord#: 14 In build_straw_man_chord_sa. tolerance = 1, sa_iterations = 1000, initial_temperature = 3.0, cooling_rate = 0.999
26 - INFO - chord#: 10 done. best_score=48.0, changed=542, unchanged=356, early_stops=8/8
26 - INFO - chord#: 12 In build_straw_man_chord_sa. tolerance = 1, sa_iterations = 1000, initial_temperature = 3.0, cooling_rate = 0.999
26 - INFO - chord#: 10 done. best_score=48.0, changed=529, unchanged=342, early_stops=8/8
26 - INFO - chord#: 12 In build_straw_man_chord_sa. tolerance = 1, sa_iterations = 1000, initial_temperature = 3.0, cooling_rate = 0.999
26 - INFO - chord#: 12 done. best_score=27.0, changed=532, unchanged=573, early_stops=8/8
26 - INFO - chord#: 14 In build_straw_man_chord_sa. tolerance = 1, sa_iterations = 1000, initial_temperature = 3.0, cooling_rate = 0.999
26 - INFO - chord#: 10 done. best_score=48.0, changed=531, unchanged=311, early_stops=8/8
26 - INFO - chord#: 12 In build_straw_man_chord_sa. tolerance = 1, sa_iterations = 1000, initial_temperature = 3.0, cooling_rate = 0.999
26 - INFO - chord#: 10 done. best_score=48.0, changed=525, unchanged=290, early_stops=8/8
26 - INFO - chord#: 12 In build_straw_man_chord_sa. tolerance = 1, sa_iterations = 1000, initial_temperature = 3.0, cooling_rate = 0.999
26 - INFO - chord#: 12 done. best_score=27.0, changed=520, unchanged=546, early_stops=8/8
26 - INFO - chord#: 14 In build_straw_man_chord_sa. tolerance = 1, sa_iterations = 1000, initial_temperature = 3.0, cooling_rate = 0.999
26 - INFO - chord#: 10 done. best_score=48.0, changed=525, unchanged=293, early_stops=8/8
26 - INFO - chord#: 12 In build_straw_man_chord_sa. tolerance = 1, sa_iterations = 1000, initial_temperature = 3.0, cooling_rate = 0.999
26 - INFO - chord#: 14 done. best_score=70.0, changed=615, unchanged=350, early_stops=8/8
26 - INFO - chord#: 16 In build_straw_man_chord_sa. tolerance = 1, sa_iterations = 1000, initial_temperature = 3.0, cooling_rate = 0.999
26 - INFO - chord#: 12 done. best_score=27.0, changed=530, unchanged=578, early_stops=8/8
26 - INFO - chord#: 14 In build_straw_man_chord_sa. tolerance = 1, sa_iterations = 1000, initial_temperature = 3.0, cooling_rate = 0.999
26 - INFO - chord#: 14 done. best_score=70.0, changed=621, unchanged=393, early_stops=8/8
26 - INFO - chord#: 16 In build_straw_man_chord_sa. tolerance = 1, sa_iterations = 1000, initial_temperature = 3.0, cooling_rate = 0.999
26 - INFO - chord#: 12 done. best_score=27.0, changed=521, unchanged=377, early_stops=8/8
26 - INFO - chord#: 14 In build_straw_man_chord_sa. tolerance = 1, sa_iterations = 1000, initial_temperature = 3.0, cooling_rate = 0.999
26 - INFO - chord#: 12 done. best_score=27.0, changed=514, unchanged=326, early_stops=8/8
26 - INFO - chord#: 14 In build_straw_man_chord_sa. tolerance = 1, sa_iterations = 1000, initial_temperature = 3.0, cooling_rate = 0.999
26 - INFO - chord#: 12 done. best_score=27.0, changed=528, unchanged=388, early_stops=8/8
26 - INFO - chord#: 14 In build_straw_man_chord_sa. tolerance = 1, sa_iterations = 1000, initial_temperature = 3.0, cooling_rate = 0.999
26 - INFO - chord#: 12 done. best_score=27.0, changed=520, unchanged=619, early_stops=8/8
26 - INFO - chord#: 14 In build_straw_man_chord_sa. tolerance = 1, sa_iterations = 1000, initial_temperature = 3.0, cooling_rate = 0.999
26 - INFO - chord#: 14 done. best_score=70.0, changed=610, unchanged=336, early_stops=8/8
26 - INFO - chord#: 16 In build_straw_man_chord_sa. tolerance = 1, sa_iterations = 1000, initial_temperature = 3.0, cooling_rate = 0.999
26 - INFO - chord#: 14 done. best_score=70.0, changed=613, unchanged=286, early_stops=8/8
26 - INFO - chord#: 16 In build_straw_man_chord_sa. tolerance = 1, sa_iterations = 1000, initial_temperature = 3.0, cooling_rate = 0.999
26 - INFO - chord#: 12 done. best_score=27.0, changed=524, unchanged=521, early_stops=8/8
26 - INFO - chord#: 14 In build_straw_man_chord_sa. tolerance = 1, sa_iterations = 1000, initial_temperature = 3.0, cooling_rate = 0.999
26 - INFO - chord#: 14 done. best_score=70.0, changed=610, unchanged=248, early_stops=8/8
26 - INFO - chord#: 16 In build_straw_man_chord_sa. tolerance = 1, sa_iterations = 1000, initial_temperature = 3.0, cooling_rate = 0.999
26 - INFO - chord#: 16 done. best_score=61.0, changed=528, unchanged=326, early_stops=8/8
26 - INFO - chord#: 18 In build_straw_man_chord_sa. tolerance = 1, sa_iterations = 1000, initial_temperature = 3.0, cooling_rate = 0.999
26 - INFO - chord#: 16 done. best_score=61.0, changed=540, unchanged=331, early_stops=8/8
26 - INFO - chord#: 18 In build_straw_man_chord_sa. tolerance = 1, sa_iterations = 1000, initial_temperature = 3.0, cooling_rate = 0.999
26 - INFO - chord#: 14 done. best_score=70.0, changed=612, unchanged=354, early_stops=8/8
26 - INFO - chord#: 16 In build_straw_man_chord_sa. tolerance = 1, sa_iterations = 1000, initial_temperature = 3.0, cooling_rate = 0.999
26 - INFO - chord#: 16 done. best_score=61.0, changed=534, unchanged=395, early_stops=8/8
26 - INFO - chord#: 18 In build_straw_man_chord_sa. tolerance = 1, sa_iterations = 1000, initial_temperature = 3.0, cooling_rate = 0.999
26 - INFO - chord#: 16 done. best_score=61.0, changed=524, unchanged=343, early_stops=8/8
26 - INFO - chord#: 18 In build_straw_man_chord_sa. tolerance = 1, sa_iterations = 1000, initial_temperature = 3.0, cooling_rate = 0.999
26 - INFO - chord#: 16 done. best_score=61.0, changed=523, unchanged=311, early_stops=8/8
26 - INFO - chord#: 18 In build_straw_man_chord_sa. tolerance = 1, sa_iterations = 1000, initial_temperature = 3.0, cooling_rate = 0.999
26 - INFO - chord#: 16 done. best_score=61.0, changed=539, unchanged=376, early_stops=8/8
26 - INFO - chord#: 18 In build_straw_man_chord_sa. tolerance = 1, sa_iterations = 1000, initial_temperature = 3.0, cooling_rate = 0.999
26 - INFO - chord#: 14 done. best_score=70.0, changed=607, unchanged=250, early_stops=8/8
26 - INFO - chord#: 16 In build_straw_man_chord_sa. tolerance = 1, sa_iterations = 1000, initial_temperature = 3.0, cooling_rate = 0.999
26 - INFO - chord#: 14 done. best_score=70.0, changed=611, unchanged=296, early_stops=8/8
26 - INFO - chord#: 16 In build_straw_man_chord_sa. tolerance = 1, sa_iterations = 1000, initial_temperature = 3.0, cooling_rate = 0.999
26 - INFO - chord#: 14 done. best_score=70.0, changed=612, unchanged=237, early_stops=8/8
26 - INFO - chord#: 16 In build_straw_man_chord_sa. tolerance = 1, sa_iterations = 1000, initial_temperature = 3.0, cooling_rate = 0.999
26 - INFO - chord#: 14 done. best_score=70.0, changed=613, unchanged=336, early_stops=8/8
26 - INFO - chord#: 16 In build_straw_man_chord_sa. tolerance = 1, sa_iterations = 1000, initial_temperature = 3.0, cooling_rate = 0.999
26 - INFO - chord#: 14 done. best_score=70.0, changed=613, unchanged=276, early_stops=8/8
26 - INFO - chord#: 16 In build_straw_man_chord_sa. tolerance = 1, sa_iterations = 1000, initial_temperature = 3.0, cooling_rate = 0.999
26 - INFO - chord#: 14 done. best_score=70.0, changed=612, unchanged=295, early_stops=8/8
26 - INFO - chord#: 16 In build_straw_man_chord_sa. tolerance = 1, sa_iterations = 1000, initial_temperature = 3.0, cooling_rate = 0.999
26 - INFO - chord#: 16 done. best_score=61.0, changed=542, unchanged=328, early_stops=8/8
26 - INFO - chord#: 18 In build_straw_man_chord_sa. tolerance = 1, sa_iterations = 1000, initial_temperature = 3.0, cooling_rate = 0.999
26 - INFO - chord#: 18 done. best_score=140.0, changed=613, unchanged=261, early_stops=8/8
26 - INFO - chord#: 20 In build_straw_man_chord_sa. tolerance = 1, sa_iterations = 1000, initial_temperature = 3.0, cooling_rate = 0.999
26 - INFO - chord#: 18 done. best_score=145.0, changed=611, unchanged=384, early_stops=8/8
26 - INFO - chord#: 20 In build_straw_man_chord_sa. tolerance = 1, sa_iterations = 1000, initial_temperature = 3.0, cooling_rate = 0.999
26 - INFO - chord#: 16 done. best_score=61.0, changed=526, unchanged=329, early_stops=8/8
26 - INFO - chord#: 18 In build_straw_man_chord_sa. tolerance = 1, sa_iterations = 1000, initial_temperature = 3.0, cooling_rate = 0.999
26 - INFO - chord#: 18 done. best_score=67.0, changed=612, unchanged=240, early_stops=8/8
26 - INFO - chord#: 20 In build_straw_man_chord_sa. tolerance = 1, sa_iterations = 1000, initial_temperature = 3.0, cooling_rate = 0.999
26 - INFO - chord#: 16 done. best_score=61.0, changed=539, unchanged=310, early_stops=8/8
26 - INFO - chord#: 18 In build_straw_man_chord_sa. tolerance = 1, sa_iterations = 1000, initial_temperature = 3.0, cooling_rate = 0.999
26 - INFO - chord#: 16 done. best_score=61.0, changed=526, unchanged=342, early_stops=8/8
26 - INFO - chord#: 18 In build_straw_man_chord_sa. tolerance = 1, sa_iterations = 1000, initial_temperature = 3.0, cooling_rate = 0.999
26 - INFO - chord#: 16 done. best_score=61.0, changed=534, unchanged=339, early_stops=8/8
26 - INFO - chord#: 18 In build_straw_man_chord_sa. tolerance = 1, sa_iterations = 1000, initial_temperature = 3.0, cooling_rate = 0.999
26 - INFO - chord#: 18 done. best_score=140.0, changed=613, unchanged=318, early_stops=8/8
26 - INFO - chord#: 20 In build_straw_man_chord_sa. tolerance = 1, sa_iterations = 1000, initial_temperature = 3.0, cooling_rate = 0.999
26 - INFO - chord#: 20 done. best_score=36.0, changed=518, unchanged=362, early_stops=8/8
26 - INFO - chord#: 24 In build_straw_man_chord_sa. tolerance = 1, sa_iterations = 1000, initial_temperature = 3.0, cooling_rate = 0.999
26 - INFO - chord#: 16 done. best_score=61.0, changed=534, unchanged=330, early_stops=8/8
26 - INFO - chord#: 18 In build_straw_man_chord_sa. tolerance = 1, sa_iterations = 1000, initial_temperature = 3.0, cooling_rate = 0.999
26 - INFO - chord#: 20 done. best_score=36.0, changed=518, unchanged=385, early_stops=8/8
26 - INFO - chord#: 24 In build_straw_man_chord_sa. tolerance = 1, sa_iterations = 1000, initial_temperature = 3.0, cooling_rate = 0.999
26 - INFO - chord#: 18 done. best_score=67.0, changed=616, unchanged=515, early_stops=8/8
26 - INFO - chord#: 20 In build_straw_man_chord_sa. tolerance = 1, sa_iterations = 1000, initial_temperature = 3.0, cooling_rate = 0.999
26 - INFO - chord#: 18 done. best_score=67.0, changed=617, unchanged=372, early_stops=8/8
26 - INFO - chord#: 20 In build_straw_man_chord_sa. tolerance = 1, sa_iterations = 1000, initial_temperature = 3.0, cooling_rate = 0.999
26 - INFO - chord#: 20 done. best_score=36.0, changed=515, unchanged=443, early_stops=8/8
26 - INFO - chord#: 24 In build_straw_man_chord_sa. tolerance = 1, sa_iterations = 1000, initial_temperature = 3.0, cooling_rate = 0.999
26 - INFO - chord#: 20 done. best_score=36.0, changed=522, unchanged=425, early_stops=8/8
26 - INFO - chord#: 24 In build_straw_man_chord_sa. tolerance = 1, sa_iterations = 1000, initial_temperature = 3.0, cooling_rate = 0.999
26 - INFO - chord#: 24 done. best_score=27.0, changed=520, unchanged=328, early_stops=8/8
26 - INFO - chord#: 26 In build_straw_man_chord_sa. tolerance = 1, sa_iterations = 1000, initial_temperature = 3.0, cooling_rate = 0.999
26 - INFO - chord#: 24 done. best_score=27.0, changed=523, unchanged=372, early_stops=8/8
26 - INFO - chord#: 26 In build_straw_man_chord_sa. tolerance = 1, sa_iterations = 1000, initial_temperature = 3.0, cooling_rate = 0.999
26 - INFO - chord#: 20 done. best_score=36.0, changed=521, unchanged=336, early_stops=8/8
26 - INFO - chord#: 24 In build_straw_man_chord_sa. tolerance = 1, sa_iterations = 1000, initial_temperature = 3.0, cooling_rate = 0.999
26 - INFO - chord#: 20 done. best_score=36.0, changed=516, unchanged=347, early_stops=8/8
26 - INFO - chord#: 24 In build_straw_man_chord_sa. tolerance = 1, sa_iterations = 1000, initial_temperature = 3.0, cooling_rate = 0.999
26 - INFO - chord#: 18 done. best_score=168.0, changed=618, unchanged=517, early_stops=8/8
26 - INFO - chord#: 20 In build_straw_man_chord_sa. tolerance = 1, sa_iterations = 1000, initial_temperature = 3.0, cooling_rate = 0.999
26 - INFO - chord#: 24 done. best_score=27.0, changed=527, unchanged=362, early_stops=8/8
26 - INFO - chord#: 26 In build_straw_man_chord_sa. tolerance = 1, sa_iterations = 1000, initial_temperature = 3.0, cooling_rate = 0.999
26 - INFO - chord#: 18 done. best_score=125.0, changed=607, unchanged=289, early_stops=8/8
26 - INFO - chord#: 20 In build_straw_man_chord_sa. tolerance = 1, sa_iterations = 1000, initial_temperature = 3.0, cooling_rate = 0.999
26 - INFO - chord#: 24 done. best_score=27.0, changed=517, unchanged=453, early_stops=8/8
26 - INFO - chord#: 26 In build_straw_man_chord_sa. tolerance = 1, sa_iterations = 1000, initial_temperature = 3.0, cooling_rate = 0.999
26 - INFO - chord#: 18 done. best_score=96.0, changed=608, unchanged=258, early_stops=8/8
26 - INFO - chord#: 20 In build_straw_man_chord_sa. tolerance = 1, sa_iterations = 1000, initial_temperature = 3.0, cooling_rate = 0.999
26 - INFO - chord#: 24 done. best_score=27.0, changed=524, unchanged=470, early_stops=8/8
26 - INFO - chord#: 26 In build_straw_man_chord_sa. tolerance = 1, sa_iterations = 1000, initial_temperature = 3.0, cooling_rate = 0.999
26 - INFO - chord#: 24 done. best_score=27.0, changed=531, unchanged=529, early_stops=8/8
26 - INFO - chord#: 26 In build_straw_man_chord_sa. tolerance = 1, sa_iterations = 1000, initial_temperature = 3.0, cooling_rate = 0.999
26 - INFO - chord#: 18 done. best_score=78.0, changed=615, unchanged=359, early_stops=8/8
26 - INFO - chord#: 20 In build_straw_man_chord_sa. tolerance = 1, sa_iterations = 1000, initial_temperature = 3.0, cooling_rate = 0.999
26 - INFO - chord#: 20 done. best_score=36.0, changed=517, unchanged=327, early_stops=8/8
26 - INFO - chord#: 24 In build_straw_man_chord_sa. tolerance = 1, sa_iterations = 1000, initial_temperature = 3.0, cooling_rate = 0.999
26 - INFO - chord#: 26 done. best_score=74.0, changed=608, unchanged=232, early_stops=8/8
26 - INFO - chord#: 28 In build_straw_man_chord_sa. tolerance = 1, sa_iterations = 1000, initial_temperature = 3.0, cooling_rate = 0.999
26 - INFO - chord#: 20 done. best_score=36.0, changed=520, unchanged=310, early_stops=8/8
26 - INFO - chord#: 24 In build_straw_man_chord_sa. tolerance = 1, sa_iterations = 1000, initial_temperature = 3.0, cooling_rate = 0.999
26 - INFO - chord#: 18 done. best_score=78.0, changed=610, unchanged=346, early_stops=8/8
26 - INFO - chord#: 20 In build_straw_man_chord_sa. tolerance = 1, sa_iterations = 1000, initial_temperature = 3.0, cooling_rate = 0.999
26 - INFO - chord#: 18 done. best_score=160.0, changed=618, unchanged=484, early_stops=8/8
26 - INFO - chord#: 20 In build_straw_man_chord_sa. tolerance = 1, sa_iterations = 1000, initial_temperature = 3.0, cooling_rate = 0.999
26 - INFO - chord#: 26 done. best_score=74.0, changed=612, unchanged=292, early_stops=8/8
26 - INFO - chord#: 28 In build_straw_man_chord_sa. tolerance = 1, sa_iterations = 1000, initial_temperature = 3.0, cooling_rate = 0.999
26 - INFO - chord#: 20 done. best_score=36.0, changed=521, unchanged=417, early_stops=8/8
26 - INFO - chord#: 24 In build_straw_man_chord_sa. tolerance = 1, sa_iterations = 1000, initial_temperature = 3.0, cooling_rate = 0.999
26 - INFO - chord#: 24 done. best_score=27.0, changed=517, unchanged=393, early_stops=8/8
26 - INFO - chord#: 26 In build_straw_man_chord_sa. tolerance = 1, sa_iterations = 1000, initial_temperature = 3.0, cooling_rate = 0.999
26 - INFO - chord#: 20 done. best_score=36.0, changed=526, unchanged=493, early_stops=8/8
26 - INFO - chord#: 24 In build_straw_man_chord_sa. tolerance = 1, sa_iterations = 1000, initial_temperature = 3.0, cooling_rate = 0.999
26 - INFO - chord#: 26 done. best_score=104.0, changed=612, unchanged=323, early_stops=8/8
26 - INFO - chord#: 28 In build_straw_man_chord_sa. tolerance = 1, sa_iterations = 1000, initial_temperature = 3.0, cooling_rate = 0.999
26 - INFO - chord#: 20 done. best_score=36.0, changed=528, unchanged=461, early_stops=8/8
26 - INFO - chord#: 24 In build_straw_man_chord_sa. tolerance = 1, sa_iterations = 1000, initial_temperature = 3.0, cooling_rate = 0.999
26 - INFO - chord#: 26 done. best_score=164.0, changed=604, unchanged=203, early_stops=8/8
26 - INFO - chord#: 28 In build_straw_man_chord_sa. tolerance = 1, sa_iterations = 1000, initial_temperature = 3.0, cooling_rate = 0.999
26 - INFO - chord#: 24 done. best_score=27.0, changed=521, unchanged=400, early_stops=8/8
26 - INFO - chord#: 26 In build_straw_man_chord_sa. tolerance = 1, sa_iterations = 1000, initial_temperature = 3.0, cooling_rate = 0.999
26 - INFO - chord#: 26 done. best_score=96.0, changed=612, unchanged=232, early_stops=8/8
26 - INFO - chord#: 28 In build_straw_man_chord_sa. tolerance = 1, sa_iterations = 1000, initial_temperature = 3.0, cooling_rate = 0.999
26 - INFO - chord#: 26 done. best_score=104.0, changed=607, unchanged=282, early_stops=8/8
26 - INFO - chord#: 28 In build_straw_man_chord_sa. tolerance = 1, sa_iterations = 1000, initial_temperature = 3.0, cooling_rate = 0.999
26 - INFO - chord#: 20 done. best_score=36.0, changed=534, unchanged=573, early_stops=8/8
26 - INFO - chord#: 24 In build_straw_man_chord_sa. tolerance = 1, sa_iterations = 1000, initial_temperature = 3.0, cooling_rate = 0.999
26 - INFO - chord#: 24 done. best_score=27.0, changed=523, unchanged=363, early_stops=8/8
26 - INFO - chord#: 26 In build_straw_man_chord_sa. tolerance = 1, sa_iterations = 1000, initial_temperature = 3.0, cooling_rate = 0.999
26 - INFO - chord#: 24 done. best_score=27.0, changed=520, unchanged=431, early_stops=8/8
26 - INFO - chord#: 26 In build_straw_man_chord_sa. tolerance = 1, sa_iterations = 1000, initial_temperature = 3.0, cooling_rate = 0.999
26 - INFO - chord#: 28 done. best_score=78.0, changed=610, unchanged=375, early_stops=8/8
26 - INFO - chord#: 32 In build_straw_man_chord_sa. tolerance = 1, sa_iterations = 1000, initial_temperature = 3.0, cooling_rate = 0.999
26 - INFO - chord#: 24 done. best_score=27.0, changed=524, unchanged=508, early_stops=8/8
26 - INFO - chord#: 26 done. best_score=96.0, changed=605, unchanged=260, early_stops=8/8
26 - INFO - chord#: 28 In build_straw_man_chord_sa. tolerance = 1, sa_iterations = 1000, initial_temperature = 3.0, cooling_rate = 0.999
26 - INFO - chord#: 26 In build_straw_man_chord_sa. tolerance = 1, sa_iterations = 1000, initial_temperature = 3.0, cooling_rate = 0.999
26 - INFO - chord#: 28 done. best_score=125.0, changed=612, unchanged=368, early_stops=8/8
26 - INFO - chord#: 32 In build_straw_man_chord_sa. tolerance = 1, sa_iterations = 1000, initial_temperature = 3.0, cooling_rate = 0.999
26 - INFO - chord#: 28 done. best_score=142.0, changed=607, unchanged=243, early_stops=8/8
26 - INFO - chord#: 32 In build_straw_man_chord_sa. tolerance = 1, sa_iterations = 1000, initial_temperature = 3.0, cooling_rate = 0.999
26 - INFO - chord#: 24 done. best_score=27.0, changed=523, unchanged=542, early_stops=8/8
26 - INFO - chord#: 26 In build_straw_man_chord_sa. tolerance = 1, sa_iterations = 1000, initial_temperature = 3.0, cooling_rate = 0.999
26 - INFO - chord#: 32 done. best_score=36.0, changed=534, unchanged=428, early_stops=8/8
26 - INFO - chord#: 36 In build_straw_man_chord_sa. tolerance = 1, sa_iterations = 1000, initial_temperature = 3.0, cooling_rate = 0.999
26 - INFO - chord#: 28 done. best_score=78.0, changed=615, unchanged=330, early_stops=8/8
26 - INFO - chord#: 32 In build_straw_man_chord_sa. tolerance = 1, sa_iterations = 1000, initial_temperature = 3.0, cooling_rate = 0.999
26 - INFO - chord#: 32 done. best_score=36.0, changed=527, unchanged=413, early_stops=8/8
26 - INFO - chord#: 36 In build_straw_man_chord_sa. tolerance = 1, sa_iterations = 1000, initial_temperature = 3.0, cooling_rate = 0.999
26 - INFO - chord#: 26 done. best_score=168.0, changed=612, unchanged=242, early_stops=8/8
26 - INFO - chord#: 28 In build_straw_man_chord_sa. tolerance = 1, sa_iterations = 1000, initial_temperature = 3.0, cooling_rate = 0.999
26 - INFO - chord#: 28 done. best_score=165.0, changed=609, unchanged=330, early_stops=8/8
26 - INFO - chord#: 32 In build_straw_man_chord_sa. tolerance = 1, sa_iterations = 1000, initial_temperature = 3.0, cooling_rate = 0.999
26 - INFO - chord#: 32 done. best_score=27.0, changed=525, unchanged=391, early_stops=8/8
26 - INFO - chord#: 36 In build_straw_man_chord_sa. tolerance = 1, sa_iterations = 1000, initial_temperature = 3.0, cooling_rate = 0.999
26 - INFO - chord#: 36 done. best_score=27.0, changed=514, unchanged=318, early_stops=8/8
26 - INFO - chord#: 44 In build_straw_man_chord_sa. tolerance = 1, sa_iterations = 1000, initial_temperature = 3.0, cooling_rate = 0.999
26 - INFO - chord#: 28 done. best_score=67.0, changed=614, unchanged=400, early_stops=8/8
26 - INFO - chord#: 32 done. best_score=27.0, changed=524, unchanged=354, early_stops=8/8
26 - INFO - chord#: 32 In build_straw_man_chord_sa. tolerance = 1, sa_iterations = 1000, initial_temperature = 3.0, cooling_rate = 0.999
26 - INFO - chord#: 36 In build_straw_man_chord_sa. tolerance = 1, sa_iterations = 1000, initial_temperature = 3.0, cooling_rate = 0.999
26 - INFO - chord#: 26 done. best_score=104.0, changed=614, unchanged=327, early_stops=8/8
26 - INFO - chord#: 28 In build_straw_man_chord_sa. tolerance = 1, sa_iterations = 1000, initial_temperature = 3.0, cooling_rate = 0.999
26 - INFO - chord#: 26 done. best_score=168.0, changed=605, unchanged=232, early_stops=8/8
26 - INFO - chord#: 28 In build_straw_man_chord_sa. tolerance = 1, sa_iterations = 1000, initial_temperature = 3.0, cooling_rate = 0.999
26 - INFO - chord#: 32 done. best_score=27.0, changed=522, unchanged=366, early_stops=8/8
26 - INFO - chord#: 36 In build_straw_man_chord_sa. tolerance = 1, sa_iterations = 1000, initial_temperature = 3.0, cooling_rate = 0.999
26 - INFO - chord#: 36 done. best_score=27.0, changed=521, unchanged=406, early_stops=8/8
26 - INFO - chord#: 44 In build_straw_man_chord_sa. tolerance = 1, sa_iterations = 1000, initial_temperature = 3.0, cooling_rate = 0.999
26 - INFO - chord#: 28 done. best_score=78.0, changed=610, unchanged=302, early_stops=8/8
26 - INFO - chord#: 32 In build_straw_man_chord_sa. tolerance = 1, sa_iterations = 1000, initial_temperature = 3.0, cooling_rate = 0.999
26 - INFO - chord#: 36 done. best_score=27.0, changed=522, unchanged=444, early_stops=8/8
26 - INFO - chord#: 44 In build_straw_man_chord_sa. tolerance = 1, sa_iterations = 1000, initial_temperature = 3.0, cooling_rate = 0.999
26 - INFO - chord#: 44 done. best_score=27.0, changed=518, unchanged=322, early_stops=8/8
26 - INFO - chord#: 48 In build_straw_man_chord_sa. tolerance = 1, sa_iterations = 1000, initial_temperature = 3.0, cooling_rate = 0.999
26 - INFO - chord#: 36 done. best_score=27.0, changed=525, unchanged=334, early_stops=8/8
26 - INFO - chord#: 44 In build_straw_man_chord_sa. tolerance = 1, sa_iterations = 1000, initial_temperature = 3.0, cooling_rate = 0.999
26 - INFO - chord#: 26 done. best_score=149.0, changed=613, unchanged=382, early_stops=8/8
26 - INFO - chord#: 28 In build_straw_man_chord_sa. tolerance = 1, sa_iterations = 1000, initial_temperature = 3.0, cooling_rate = 0.999
26 - INFO - chord#: 44 done. best_score=27.0, changed=525, unchanged=358, early_stops=8/8
26 - INFO - chord#: 48 In build_straw_man_chord_sa. tolerance = 1, sa_iterations = 1000, initial_temperature = 3.0, cooling_rate = 0.999
26 - INFO - chord#: 36 done. best_score=27.0, changed=517, unchanged=392, early_stops=8/8
26 - INFO - chord#: 44 In build_straw_man_chord_sa. tolerance = 1, sa_iterations = 1000, initial_temperature = 3.0, cooling_rate = 0.999
26 - INFO - chord#: 32 done. best_score=36.0, changed=517, unchanged=346, early_stops=8/8
26 - INFO - chord#: 36 In build_straw_man_chord_sa. tolerance = 1, sa_iterations = 1000, initial_temperature = 3.0, cooling_rate = 0.999
26 - INFO - chord#: 32 done. best_score=27.0, changed=533, unchanged=379, early_stops=8/8
26 - INFO - chord#: 36 In build_straw_man_chord_sa. tolerance = 1, sa_iterations = 1000, initial_temperature = 3.0, cooling_rate = 0.999
26 - INFO - chord#: 26 done. best_score=96.0, changed=614, unchanged=306, early_stops=8/8
26 - INFO - chord#: 28 In build_straw_man_chord_sa. tolerance = 1, sa_iterations = 1000, initial_temperature = 3.0, cooling_rate = 0.999
26 - INFO - chord#: 44 done. best_score=27.0, changed=538, unchanged=423, early_stops=8/8
26 - INFO - chord#: 48 In build_straw_man_chord_sa. tolerance = 1, sa_iterations = 1000, initial_temperature = 3.0, cooling_rate = 0.999
26 - INFO - chord#: 48 done. best_score=27.0, changed=528, unchanged=485, early_stops=8/8
26 - INFO - chord#: 50 In build_straw_man_chord_sa. tolerance = 1, sa_iterations = 1000, initial_temperature = 3.0, cooling_rate = 0.999
26 - INFO - chord#: 44 done. best_score=27.0, changed=522, unchanged=368, early_stops=8/8
26 - INFO - chord#: 48 In build_straw_man_chord_sa. tolerance = 1, sa_iterations = 1000, initial_temperature = 3.0, cooling_rate = 0.999
26 - INFO - chord#: 48 done. best_score=27.0, changed=517, unchanged=382, early_stops=8/8
26 - INFO - chord#: 50 In build_straw_man_chord_sa. tolerance = 1, sa_iterations = 1000, initial_temperature = 3.0, cooling_rate = 0.999
26 - INFO - chord#: 44 done. best_score=27.0, changed=524, unchanged=371, early_stops=8/8
26 - INFO - chord#: 48 In build_straw_man_chord_sa. tolerance = 1, sa_iterations = 1000, initial_temperature = 3.0, cooling_rate = 0.999
26 - INFO - chord#: 28 done. best_score=67.0, changed=608, unchanged=320, early_stops=8/8
26 - INFO - chord#: 32 In build_straw_man_chord_sa. tolerance = 1, sa_iterations = 1000, initial_temperature = 3.0, cooling_rate = 0.999
26 - INFO - chord#: 36 done. best_score=27.0, changed=522, unchanged=353, early_stops=8/8
26 - INFO - chord#: 44 In build_straw_man_chord_sa. tolerance = 1, sa_iterations = 1000, initial_temperature = 3.0, cooling_rate = 0.999
26 - INFO - chord#: 48 done. best_score=27.0, changed=526, unchanged=365, early_stops=8/8
26 - INFO - chord#: 50 In build_straw_man_chord_sa. tolerance = 1, sa_iterations = 1000, initial_temperature = 3.0, cooling_rate = 0.999
26 - INFO - chord#: 36 done. best_score=27.0, changed=517, unchanged=348, early_stops=8/8
26 - INFO - chord#: 44 In build_straw_man_chord_sa. tolerance = 1, sa_iterations = 1000, initial_temperature = 3.0, cooling_rate = 0.999
26 - INFO - chord#: 48 done. best_score=27.0, changed=522, unchanged=486, early_stops=8/8
26 - INFO - chord#: 50 In build_straw_man_chord_sa. tolerance = 1, sa_iterations = 1000, initial_temperature = 3.0, cooling_rate = 0.999
26 - INFO - chord#: 28 done. best_score=78.0, changed=609, unchanged=263, early_stops=8/8
26 - INFO - chord#: 32 In build_straw_man_chord_sa. tolerance = 1, sa_iterations = 1000, initial_temperature = 3.0, cooling_rate = 0.999
26 - INFO - chord#: 48 done. best_score=27.0, changed=538, unchanged=425, early_stops=8/8
26 - INFO - chord#: 50 In build_straw_man_chord_sa. tolerance = 1, sa_iterations = 1000, initial_temperature = 3.0, cooling_rate = 0.999
26 - INFO - chord#: 44 done. best_score=27.0, changed=530, unchanged=351, early_stops=8/8
26 - INFO - chord#: 48 In build_straw_man_chord_sa. tolerance = 1, sa_iterations = 1000, initial_temperature = 3.0, cooling_rate = 0.999
26 - INFO - chord#: 32 done. best_score=27.0, changed=524, unchanged=376, early_stops=8/8
26 - INFO - chord#: 36 In build_straw_man_chord_sa. tolerance = 1, sa_iterations = 1000, initial_temperature = 3.0, cooling_rate = 0.999
26 - INFO - chord#: 44 done. best_score=27.0, changed=519, unchanged=306, early_stops=8/8
26 - INFO - chord#: 48 In build_straw_man_chord_sa. tolerance = 1, sa_iterations = 1000, initial_temperature = 3.0, cooling_rate = 0.999
26 - INFO - chord#: 28 done. best_score=78.0, changed=614, unchanged=450, early_stops=8/8
26 - INFO - chord#: 32 In build_straw_man_chord_sa. tolerance = 1, sa_iterations = 1000, initial_temperature = 3.0, cooling_rate = 0.999
26 - INFO - chord#: 50 done. best_score=67.0, changed=616, unchanged=290, early_stops=8/8
26 - INFO - chord#: 52 In build_straw_man_chord_sa. tolerance = 1, sa_iterations = 1000, initial_temperature = 3.0, cooling_rate = 0.999
26 - INFO - chord#: 32 done. best_score=36.0, changed=523, unchanged=408, early_stops=8/8
26 - INFO - chord#: 36 In build_straw_man_chord_sa. tolerance = 1, sa_iterations = 1000, initial_temperature = 3.0, cooling_rate = 0.999
26 - INFO - chord#: 48 done. best_score=27.0, changed=521, unchanged=431, early_stops=8/8
26 - INFO - chord#: 50 In build_straw_man_chord_sa. tolerance = 1, sa_iterations = 1000, initial_temperature = 3.0, cooling_rate = 0.999
26 - INFO - chord#: 28 done. best_score=67.0, changed=616, unchanged=357, early_stops=8/8
26 - INFO - chord#: 32 In build_straw_man_chord_sa. tolerance = 1, sa_iterations = 1000, initial_temperature = 3.0, cooling_rate = 0.999
26 - INFO - chord#: 28 done. best_score=67.0, changed=612, unchanged=312, early_stops=8/8
26 - INFO - chord#: 32 In build_straw_man_chord_sa. tolerance = 1, sa_iterations = 1000, initial_temperature = 3.0, cooling_rate = 0.999
26 - INFO - chord#: 50 done. best_score=67.0, changed=612, unchanged=343, early_stops=8/8
26 - INFO - chord#: 52 In build_straw_man_chord_sa. tolerance = 1, sa_iterations = 1000, initial_temperature = 3.0, cooling_rate = 0.999
26 - INFO - chord#: 36 done. best_score=27.0, changed=526, unchanged=417, early_stops=8/8
26 - INFO - chord#: 44 In build_straw_man_chord_sa. tolerance = 1, sa_iterations = 1000, initial_temperature = 3.0, cooling_rate = 0.999
26 - INFO - chord#: 48 done. best_score=27.0, changed=532, unchanged=372, early_stops=8/8
26 - INFO - chord#: 50 In build_straw_man_chord_sa. tolerance = 1, sa_iterations = 1000, initial_temperature = 3.0, cooling_rate = 0.999
26 - INFO - chord#: 52 done. best_score=27.0, changed=520, unchanged=426, early_stops=8/8
26 - INFO - chord#: 56 In build_straw_man_chord_sa. tolerance = 1, sa_iterations = 1000, initial_temperature = 3.0, cooling_rate = 0.999
26 - INFO - chord#: 32 done. best_score=27.0, changed=528, unchanged=382, early_stops=8/8
26 - INFO - chord#: 36 In build_straw_man_chord_sa. tolerance = 1, sa_iterations = 1000, initial_temperature = 3.0, cooling_rate = 0.999
26 - INFO - chord#: 50 done. best_score=78.0, changed=613, unchanged=391, early_stops=8/8
26 - INFO - chord#: 52 In build_straw_man_chord_sa. tolerance = 1, sa_iterations = 1000, initial_temperature = 3.0, cooling_rate = 0.999
26 - INFO - chord#: 36 done. best_score=27.0, changed=524, unchanged=458, early_stops=8/8
26 - INFO - chord#: 44 In build_straw_man_chord_sa. tolerance = 1, sa_iterations = 1000, initial_temperature = 3.0, cooling_rate = 0.999
26 - INFO - chord#: 50 done. best_score=67.0, changed=611, unchanged=355, early_stops=8/8
26 - INFO - chord#: 52 In build_straw_man_chord_sa. tolerance = 1, sa_iterations = 1000, initial_temperature = 3.0, cooling_rate = 0.999
26 - INFO - chord#: 32 done. best_score=27.0, changed=526, unchanged=322, early_stops=8/8
26 - INFO - chord#: 36 In build_straw_man_chord_sa. tolerance = 1, sa_iterations = 1000, initial_temperature = 3.0, cooling_rate = 0.999
26 - INFO - chord#: 52 done. best_score=27.0, changed=519, unchanged=353, early_stops=8/8
26 - INFO - chord#: 56 In build_straw_man_chord_sa. tolerance = 1, sa_iterations = 1000, initial_temperature = 3.0, cooling_rate = 0.999
26 - INFO - chord#: 32 done. best_score=27.0, changed=523, unchanged=372, early_stops=8/8
26 - INFO - chord#: 36 In build_straw_man_chord_sa. tolerance = 1, sa_iterations = 1000, initial_temperature = 3.0, cooling_rate = 0.999
26 - INFO - chord#: 50 done. best_score=67.0, changed=616, unchanged=402, early_stops=8/8
26 - INFO - chord#: 52 In build_straw_man_chord_sa. tolerance = 1, sa_iterations = 1000, initial_temperature = 3.0, cooling_rate = 0.999
26 - INFO - chord#: 44 done. best_score=27.0, changed=527, unchanged=355, early_stops=8/8
26 - INFO - chord#: 48 In build_straw_man_chord_sa. tolerance = 1, sa_iterations = 1000, initial_temperature = 3.0, cooling_rate = 0.999
26 - INFO - chord#: 56 done. best_score=36.0, changed=526, unchanged=366, early_stops=8/8
26 - INFO - chord#: 58 In build_straw_man_chord_sa. tolerance = 1, sa_iterations = 1000, initial_temperature = 3.0, cooling_rate = 0.999
26 - INFO - chord#: 52 done. best_score=27.0, changed=524, unchanged=384, early_stops=8/8
26 - INFO - chord#: 56 In build_straw_man_chord_sa. tolerance = 1, sa_iterations = 1000, initial_temperature = 3.0, cooling_rate = 0.999
26 - INFO - chord#: 36 done. best_score=27.0, changed=517, unchanged=370, early_stops=8/8
26 - INFO - chord#: 44 In build_straw_man_chord_sa. tolerance = 1, sa_iterations = 1000, initial_temperature = 3.0, cooling_rate = 0.999
26 - INFO - chord#: 56 done. best_score=36.0, changed=518, unchanged=346, early_stops=8/8
26 - INFO - chord#: 58 In build_straw_man_chord_sa. tolerance = 1, sa_iterations = 1000, initial_temperature = 3.0, cooling_rate = 0.999
26 - INFO - chord#: 44 done. best_score=27.0, changed=525, unchanged=339, early_stops=8/8
26 - INFO - chord#: 48 In build_straw_man_chord_sa. tolerance = 1, sa_iterations = 1000, initial_temperature = 3.0, cooling_rate = 0.999
26 - INFO - chord#: 52 done. best_score=27.0, changed=515, unchanged=343, early_stops=8/8
26 - INFO - chord#: 56 In build_straw_man_chord_sa. tolerance = 1, sa_iterations = 1000, initial_temperature = 3.0, cooling_rate = 0.999
26 - INFO - chord#: 50 done. best_score=78.0, changed=610, unchanged=311, early_stops=8/8
26 - INFO - chord#: 52 In build_straw_man_chord_sa. tolerance = 1, sa_iterations = 1000, initial_temperature = 3.0, cooling_rate = 0.999
26 - INFO - chord#: 36 done. best_score=27.0, changed=522, unchanged=324, early_stops=8/8
26 - INFO - chord#: 44 In build_straw_man_chord_sa. tolerance = 1, sa_iterations = 1000, initial_temperature = 3.0, cooling_rate = 0.999
26 - INFO - chord#: 52 done. best_score=27.0, changed=518, unchanged=343, early_stops=8/8
26 - INFO - chord#: 56 In build_straw_man_chord_sa. tolerance = 1, sa_iterations = 1000, initial_temperature = 3.0, cooling_rate = 0.999
26 - INFO - chord#: 36 done. best_score=27.0, changed=526, unchanged=443, early_stops=8/8
26 - INFO - chord#: 44 In build_straw_man_chord_sa. tolerance = 1, sa_iterations = 1000, initial_temperature = 3.0, cooling_rate = 0.999
26 - INFO - chord#: 48 done. best_score=27.0, changed=524, unchanged=352, early_stops=8/8
26 - INFO - chord#: 50 In build_straw_man_chord_sa. tolerance = 1, sa_iterations = 1000, initial_temperature = 3.0, cooling_rate = 0.999
26 - INFO - chord#: 56 done. best_score=36.0, changed=519, unchanged=339, early_stops=8/8
26 - INFO - chord#: 58 In build_straw_man_chord_sa. tolerance = 1, sa_iterations = 1000, initial_temperature = 3.0, cooling_rate = 0.999
26 - INFO - chord#: 44 done. best_score=27.0, changed=529, unchanged=427, early_stops=8/8
26 - INFO - chord#: 48 In build_straw_man_chord_sa. tolerance = 1, sa_iterations = 1000, initial_temperature = 3.0, cooling_rate = 0.999
26 - INFO - chord#: 52 done. best_score=27.0, changed=519, unchanged=443, early_stops=8/8
26 - INFO - chord#: 56 In build_straw_man_chord_sa. tolerance = 1, sa_iterations = 1000, initial_temperature = 3.0, cooling_rate = 0.999
26 - INFO - chord#: 56 done. best_score=36.0, changed=525, unchanged=445, early_stops=8/8
26 - INFO - chord#: 58 In build_straw_man_chord_sa. tolerance = 1, sa_iterations = 1000, initial_temperature = 3.0, cooling_rate = 0.999
26 - INFO - chord#: 48 done. best_score=27.0, changed=517, unchanged=373, early_stops=8/8
26 - INFO - chord#: 50 In build_straw_man_chord_sa. tolerance = 1, sa_iterations = 1000, initial_temperature = 3.0, cooling_rate = 0.999
26 - INFO - chord#: 56 done. best_score=36.0, changed=523, unchanged=339, early_stops=8/8
26 - INFO - chord#: 58 In build_straw_man_chord_sa. tolerance = 1, sa_iterations = 1000, initial_temperature = 3.0, cooling_rate = 0.999
26 - INFO - chord#: 44 done. best_score=27.0, changed=528, unchanged=361, early_stops=8/8
26 - INFO - chord#: 48 In build_straw_man_chord_sa. tolerance = 1, sa_iterations = 1000, initial_temperature = 3.0, cooling_rate = 0.999
26 - INFO - chord#: 50 done. best_score=96.0, changed=611, unchanged=280, early_stops=8/8
26 - INFO - chord#: 52 In build_straw_man_chord_sa. tolerance = 1, sa_iterations = 1000, initial_temperature = 3.0, cooling_rate = 0.999
26 - INFO - chord#: 58 done. best_score=172.0, changed=613, unchanged=296, early_stops=8/8
26 - INFO - chord#: 60 In build_straw_man_chord_sa. tolerance = 1, sa_iterations = 1000, initial_temperature = 3.0, cooling_rate = 0.999
26 - INFO - chord#: 44 done. best_score=27.0, changed=521, unchanged=377, early_stops=8/8
26 - INFO - chord#: 48 In build_straw_man_chord_sa. tolerance = 1, sa_iterations = 1000, initial_temperature = 3.0, cooling_rate = 0.999
26 - INFO - chord#: 48 done. best_score=27.0, changed=513, unchanged=374, early_stops=8/8
26 - INFO - chord#: 50 In build_straw_man_chord_sa. tolerance = 1, sa_iterations = 1000, initial_temperature = 3.0, cooling_rate = 0.999
26 - INFO - chord#: 56 done. best_score=36.0, changed=519, unchanged=315, early_stops=8/8
26 - INFO - chord#: 58 In build_straw_man_chord_sa. tolerance = 1, sa_iterations = 1000, initial_temperature = 3.0, cooling_rate = 0.999
26 - INFO - chord#: 58 done. best_score=71.0, changed=612, unchanged=277, early_stops=8/8
26 - INFO - chord#: 60 In build_straw_man_chord_sa. tolerance = 1, sa_iterations = 1000, initial_temperature = 3.0, cooling_rate = 0.999
26 - INFO - chord#: 60 done. best_score=36.0, changed=518, unchanged=346, early_stops=8/8
26 - INFO - chord#: 64 In build_straw_man_chord_sa. tolerance = 1, sa_iterations = 1000, initial_temperature = 3.0, cooling_rate = 0.999
26 - INFO - chord#: 48 done. best_score=27.0, changed=534, unchanged=471, early_stops=8/8
26 - INFO - chord#: 50 In build_straw_man_chord_sa. tolerance = 1, sa_iterations = 1000, initial_temperature = 3.0, cooling_rate = 0.999
26 - INFO - chord#: 48 done. best_score=27.0, changed=517, unchanged=419, early_stops=8/8
26 - INFO - chord#: 50 In build_straw_man_chord_sa. tolerance = 1, sa_iterations = 1000, initial_temperature = 3.0, cooling_rate = 0.999
26 - INFO - chord#: 58 done. best_score=104.0, changed=611, unchanged=314, early_stops=8/8
26 - INFO - chord#: 60 In build_straw_man_chord_sa. tolerance = 1, sa_iterations = 1000, initial_temperature = 3.0, cooling_rate = 0.999
26 - INFO - chord#: 52 done. best_score=27.0, changed=528, unchanged=624, early_stops=8/8
26 - INFO - chord#: 56 In build_straw_man_chord_sa. tolerance = 1, sa_iterations = 1000, initial_temperature = 3.0, cooling_rate = 0.999
26 - INFO - chord#: 60 done. best_score=27.0, changed=518, unchanged=352, early_stops=8/8
26 - INFO - chord#: 64 In build_straw_man_chord_sa. tolerance = 1, sa_iterations = 1000, initial_temperature = 3.0, cooling_rate = 0.999
26 - INFO - chord#: 58 done. best_score=64.0, changed=615, unchanged=320, early_stops=8/8
26 - INFO - chord#: 60 In build_straw_man_chord_sa. tolerance = 1, sa_iterations = 1000, initial_temperature = 3.0, cooling_rate = 0.999
26 - INFO - chord#: 50 done. best_score=137.0, changed=613, unchanged=367, early_stops=8/8
26 - INFO - chord#: 52 In build_straw_man_chord_sa. tolerance = 1, sa_iterations = 1000, initial_temperature = 3.0, cooling_rate = 0.999
26 - INFO - chord#: 58 done. best_score=71.0, changed=611, unchanged=396, early_stops=8/8
26 - INFO - chord#: 60 In build_straw_man_chord_sa. tolerance = 1, sa_iterations = 1000, initial_temperature = 3.0, cooling_rate = 0.999
26 - INFO - chord#: 60 done. best_score=27.0, changed=519, unchanged=560, early_stops=8/8
26 - INFO - chord#: 64 In build_straw_man_chord_sa. tolerance = 1, sa_iterations = 1000, initial_temperature = 3.0, cooling_rate = 0.999
26 - INFO - chord#: 60 done. best_score=27.0, changed=517, unchanged=336, early_stops=8/8
26 - INFO - chord#: 64 In build_straw_man_chord_sa. tolerance = 1, sa_iterations = 1000, initial_temperature = 3.0, cooling_rate = 0.999
26 - INFO - chord#: 58 done. best_score=146.0, changed=615, unchanged=316, early_stops=8/8
26 - INFO - chord#: 60 In build_straw_man_chord_sa. tolerance = 1, sa_iterations = 1000, initial_temperature = 3.0, cooling_rate = 0.999
26 - INFO - chord#: 50 done. best_score=96.0, changed=613, unchanged=416, early_stops=8/8
26 - INFO - chord#: 52 In build_straw_man_chord_sa. tolerance = 1, sa_iterations = 1000, initial_temperature = 3.0, cooling_rate = 0.999
26 - INFO - chord#: 56 done. best_score=36.0, changed=542, unchanged=519, early_stops=8/8
26 - INFO - chord#: 58 In build_straw_man_chord_sa. tolerance = 1, sa_iterations = 1000, initial_temperature = 3.0, cooling_rate = 0.999
26 - INFO - chord#: 64 done. best_score=74.0, changed=611, unchanged=306, early_stops=8/8
26 - INFO - chord#: 68 In build_straw_man_chord_sa. tolerance = 1, sa_iterations = 1000, initial_temperature = 3.0, cooling_rate = 0.999
26 - INFO - chord#: 60 done. best_score=27.0, changed=517, unchanged=419, early_stops=8/8
26 - INFO - chord#: 64 In build_straw_man_chord_sa. tolerance = 1, sa_iterations = 1000, initial_temperature = 3.0, cooling_rate = 0.999
26 - INFO - chord#: 52 done. best_score=27.0, changed=517, unchanged=437, early_stops=8/8
26 - INFO - chord#: 56 In build_straw_man_chord_sa. tolerance = 1, sa_iterations = 1000, initial_temperature = 3.0, cooling_rate = 0.999
26 - INFO - chord#: 50 done. best_score=67.0, changed=611, unchanged=358, early_stops=8/8
26 - INFO - chord#: 52 In build_straw_man_chord_sa. tolerance = 1, sa_iterations = 1000, initial_temperature = 3.0, cooling_rate = 0.999
26 - INFO - chord#: 60 done. best_score=27.0, changed=525, unchanged=524, early_stops=8/8
26 - INFO - chord#: 64 In build_straw_man_chord_sa. tolerance = 1, sa_iterations = 1000, initial_temperature = 3.0, cooling_rate = 0.999
26 - INFO - chord#: 64 done. best_score=96.0, changed=609, unchanged=312, early_stops=8/8
26 - INFO - chord#: 68 In build_straw_man_chord_sa. tolerance = 1, sa_iterations = 1000, initial_temperature = 3.0, cooling_rate = 0.999
26 - INFO - chord#: 50 done. best_score=145.0, changed=608, unchanged=287, early_stops=8/8
26 - INFO - chord#: 52 In build_straw_man_chord_sa. tolerance = 1, sa_iterations = 1000, initial_temperature = 3.0, cooling_rate = 0.999
26 - INFO - chord#: 68 done. best_score=72.0, changed=534, unchanged=415, early_stops=8/8
26 - INFO - chord#: 70 In build_straw_man_chord_sa. tolerance = 1, sa_iterations = 1000, initial_temperature = 3.0, cooling_rate = 0.999
26 - INFO - chord#: 50 done. best_score=67.0, changed=612, unchanged=342, early_stops=8/8
26 - INFO - chord#: 52 In build_straw_man_chord_sa. tolerance = 1, sa_iterations = 1000, initial_temperature = 3.0, cooling_rate = 0.999
26 - INFO - chord#: 52 done. best_score=27.0, changed=515, unchanged=349, early_stops=8/8
26 - INFO - chord#: 56 In build_straw_man_chord_sa. tolerance = 1, sa_iterations = 1000, initial_temperature = 3.0, cooling_rate = 0.999
26 - INFO - chord#: 64 done. best_score=121.0, changed=606, unchanged=242, early_stops=8/8
26 - INFO - chord#: 68 In build_straw_man_chord_sa. tolerance = 1, sa_iterations = 1000, initial_temperature = 3.0, cooling_rate = 0.999
26 - INFO - chord#: 52 done. best_score=27.0, changed=525, unchanged=384, early_stops=8/8
26 - INFO - chord#: 56 In build_straw_man_chord_sa. tolerance = 1, sa_iterations = 1000, initial_temperature = 3.0, cooling_rate = 0.999
26 - INFO - chord#: 56 done. best_score=36.0, changed=529, unchanged=365, early_stops=8/8
26 - INFO - chord#: 58 In build_straw_man_chord_sa. tolerance = 1, sa_iterations = 1000, initial_temperature = 3.0, cooling_rate = 0.999
26 - INFO - chord#: 68 done. best_score=36.0, changed=524, unchanged=364, early_stops=8/8
26 - INFO - chord#: 70 In build_straw_man_chord_sa. tolerance = 1, sa_iterations = 1000, initial_temperature = 3.0, cooling_rate = 0.999
26 - INFO - chord#: 70 done. best_score=49.0, changed=526, unchanged=425, early_stops=8/8
26 - INFO - chord#: 72 In build_straw_man_chord_sa. tolerance = 1, sa_iterations = 1000, initial_temperature = 3.0, cooling_rate = 0.999
26 - INFO - chord#: 64 done. best_score=96.0, changed=615, unchanged=368, early_stops=8/8
26 - INFO - chord#: 68 In build_straw_man_chord_sa. tolerance = 1, sa_iterations = 1000, initial_temperature = 3.0, cooling_rate = 0.999
26 - INFO - chord#: 52 done. best_score=27.0, changed=520, unchanged=429, early_stops=8/8
26 - INFO - chord#: 56 In build_straw_man_chord_sa. tolerance = 1, sa_iterations = 1000, initial_temperature = 3.0, cooling_rate = 0.999
26 - INFO - chord#: 68 done. best_score=36.0, changed=530, unchanged=341, early_stops=8/8
26 - INFO - chord#: 70 In build_straw_man_chord_sa. tolerance = 1, sa_iterations = 1000, initial_temperature = 3.0, cooling_rate = 0.999
26 - INFO - chord#: 56 done. best_score=36.0, changed=518, unchanged=351, early_stops=8/8
26 - INFO - chord#: 58 In build_straw_man_chord_sa. tolerance = 1, sa_iterations = 1000, initial_temperature = 3.0, cooling_rate = 0.999
26 - INFO - chord#: 52 done. best_score=27.0, changed=523, unchanged=548, early_stops=8/8
26 - INFO - chord#: 56 In build_straw_man_chord_sa. tolerance = 1, sa_iterations = 1000, initial_temperature = 3.0, cooling_rate = 0.999
26 - INFO - chord#: 70 done. best_score=37.0, changed=526, unchanged=389, early_stops=8/8
26 - INFO - chord#: 72 In build_straw_man_chord_sa. tolerance = 1, sa_iterations = 1000, initial_temperature = 3.0, cooling_rate = 0.999
26 - INFO - chord#: 56 done. best_score=36.0, changed=530, unchanged=464, early_stops=8/8
26 - INFO - chord#: 58 In build_straw_man_chord_sa. tolerance = 1, sa_iterations = 1000, initial_temperature = 3.0, cooling_rate = 0.999
26 - INFO - chord#: 68 done. best_score=36.0, changed=526, unchanged=355, early_stops=8/8
26 - INFO - chord#: 70 In build_straw_man_chord_sa. tolerance = 1, sa_iterations = 1000, initial_temperature = 3.0, cooling_rate = 0.999
26 - INFO - chord#: 64 done. best_score=96.0, changed=615, unchanged=400, early_stops=8/8
26 - INFO - chord#: 68 In build_straw_man_chord_sa. tolerance = 1, sa_iterations = 1000, initial_temperature = 3.0, cooling_rate = 0.999
26 - INFO - chord#: 70 done. best_score=37.0, changed=529, unchanged=359, early_stops=8/8
26 - INFO - chord#: 72 In build_straw_man_chord_sa. tolerance = 1, sa_iterations = 1000, initial_temperature = 3.0, cooling_rate = 0.999
26 - INFO - chord#: 58 done. best_score=71.0, changed=612, unchanged=443, early_stops=8/8
26 - INFO - chord#: 60 In build_straw_man_chord_sa. tolerance = 1, sa_iterations = 1000, initial_temperature = 3.0, cooling_rate = 0.999
26 - INFO - chord#: 64 done. best_score=96.0, changed=613, unchanged=431, early_stops=8/8
26 - INFO - chord#: 68 In build_straw_man_chord_sa. tolerance = 1, sa_iterations = 1000, initial_temperature = 3.0, cooling_rate = 0.999
26 - INFO - chord#: 56 done. best_score=36.0, changed=533, unchanged=452, early_stops=8/8
26 - INFO - chord#: 58 In build_straw_man_chord_sa. tolerance = 1, sa_iterations = 1000, initial_temperature = 3.0, cooling_rate = 0.999
26 - INFO - chord#: 56 done. best_score=36.0, changed=532, unchanged=367, early_stops=8/8
26 - INFO - chord#: 58 In build_straw_man_chord_sa. tolerance = 1, sa_iterations = 1000, initial_temperature = 3.0, cooling_rate = 0.999
26 - INFO - chord#: 72 done. best_score=145.0, changed=615, unchanged=293, early_stops=8/8
26 - INFO - chord#: 74 In build_straw_man_chord_sa. tolerance = 1, sa_iterations = 1000, initial_temperature = 3.0, cooling_rate = 0.999
26 - INFO - chord#: 70 done. best_score=35.0, changed=525, unchanged=353, early_stops=8/8
26 - INFO - chord#: 72 In build_straw_man_chord_sa. tolerance = 1, sa_iterations = 1000, initial_temperature = 3.0, cooling_rate = 0.999
26 - INFO - chord#: 58 done. best_score=172.0, changed=610, unchanged=243, early_stops=8/8
26 - INFO - chord#: 60 In build_straw_man_chord_sa. tolerance = 1, sa_iterations = 1000, initial_temperature = 3.0, cooling_rate = 0.999
26 - INFO - chord#: 68 done. best_score=36.0, changed=519, unchanged=337, early_stops=8/8
26 - INFO - chord#: 70 In build_straw_man_chord_sa. tolerance = 1, sa_iterations = 1000, initial_temperature = 3.0, cooling_rate = 0.999
26 - INFO - chord#: 68 done. best_score=72.0, changed=539, unchanged=354, early_stops=8/8
26 - INFO - chord#: 70 In build_straw_man_chord_sa. tolerance = 1, sa_iterations = 1000, initial_temperature = 3.0, cooling_rate = 0.999
26 - INFO - chord#: 72 done. best_score=145.0, changed=618, unchanged=298, early_stops=8/8
26 - INFO - chord#: 74 In build_straw_man_chord_sa. tolerance = 1, sa_iterations = 1000, initial_temperature = 3.0, cooling_rate = 0.999
26 - INFO - chord#: 70 done. best_score=37.0, changed=525, unchanged=327, early_stops=8/8
26 - INFO - chord#: 72 In build_straw_man_chord_sa. tolerance = 1, sa_iterations = 1000, initial_temperature = 3.0, cooling_rate = 0.999
26 - INFO - chord#: 74 done. best_score=27.0, changed=525, unchanged=349, early_stops=8/8
26 - INFO - chord#: 76 In build_straw_man_chord_sa. tolerance = 1, sa_iterations = 1000, initial_temperature = 3.0, cooling_rate = 0.999
26 - INFO - chord#: 60 done. best_score=27.0, changed=530, unchanged=691, early_stops=8/8
26 - INFO - chord#: 64 In build_straw_man_chord_sa. tolerance = 1, sa_iterations = 1000, initial_temperature = 3.0, cooling_rate = 0.999
26 - INFO - chord#: 58 done. best_score=157.0, changed=612, unchanged=311, early_stops=8/8
26 - INFO - chord#: 60 In build_straw_man_chord_sa. tolerance = 1, sa_iterations = 1000, initial_temperature = 3.0, cooling_rate = 0.999
26 - INFO - chord#: 60 done. best_score=27.0, changed=525, unchanged=454, early_stops=8/8
26 - INFO - chord#: 64 In build_straw_man_chord_sa. tolerance = 1, sa_iterations = 1000, initial_temperature = 3.0, cooling_rate = 0.999
26 - INFO - chord#: 70 done. best_score=56.0, changed=524, unchanged=321, early_stops=8/8
26 - INFO - chord#: 72 In build_straw_man_chord_sa. tolerance = 1, sa_iterations = 1000, initial_temperature = 3.0, cooling_rate = 0.999
26 - INFO - chord#: 74 done. best_score=36.0, changed=517, unchanged=344, early_stops=8/8
26 - INFO - chord#: 76 In build_straw_man_chord_sa. tolerance = 1, sa_iterations = 1000, initial_temperature = 3.0, cooling_rate = 0.999
26 - INFO - chord#: 72 done. best_score=142.0, changed=611, unchanged=380, early_stops=8/8
26 - INFO - chord#: 74 In build_straw_man_chord_sa. tolerance = 1, sa_iterations = 1000, initial_temperature = 3.0, cooling_rate = 0.999
26 - INFO - chord#: 72 done. best_score=140.0, changed=612, unchanged=240, early_stops=8/8
26 - INFO - chord#: 74 In build_straw_man_chord_sa. tolerance = 1, sa_iterations = 1000, initial_temperature = 3.0, cooling_rate = 0.999
26 - INFO - chord#: 58 done. best_score=64.0, changed=611, unchanged=395, early_stops=8/8
26 - INFO - chord#: 60 In build_straw_man_chord_sa. tolerance = 1, sa_iterations = 1000, initial_temperature = 3.0, cooling_rate = 0.999
26 - INFO - chord#: 60 done. best_score=27.0, changed=518, unchanged=332, early_stops=8/8
26 - INFO - chord#: 64 In build_straw_man_chord_sa. tolerance = 1, sa_iterations = 1000, initial_temperature = 3.0, cooling_rate = 0.999
26 - INFO - chord#: 58 done. best_score=71.0, changed=612, unchanged=258, early_stops=8/8
26 - INFO - chord#: 60 In build_straw_man_chord_sa. tolerance = 1, sa_iterations = 1000, initial_temperature = 3.0, cooling_rate = 0.999
26 - INFO - chord#: 74 done. best_score=27.0, changed=513, unchanged=411, early_stops=8/8
26 - INFO - chord#: 76 In build_straw_man_chord_sa. tolerance = 1, sa_iterations = 1000, initial_temperature = 3.0, cooling_rate = 0.999
26 - INFO - chord#: 72 done. best_score=140.0, changed=612, unchanged=244, early_stops=8/8
26 - INFO - chord#: 74 In build_straw_man_chord_sa. tolerance = 1, sa_iterations = 1000, initial_temperature = 3.0, cooling_rate = 0.999
26 - INFO - chord#: 76 done. best_score=119.0, changed=611, unchanged=266, early_stops=8/8
26 - INFO - chord#: 78 In build_straw_man_chord_sa. tolerance = 1, sa_iterations = 1000, initial_temperature = 3.0, cooling_rate = 0.999
26 - INFO - chord#: 58 done. best_score=146.0, changed=617, unchanged=442, early_stops=8/8
26 - INFO - chord#: 60 In build_straw_man_chord_sa. tolerance = 1, sa_iterations = 1000, initial_temperature = 3.0, cooling_rate = 0.999
26 - INFO - chord#: 74 done. best_score=27.0, changed=511, unchanged=378, early_stops=8/8
26 - INFO - chord#: 76 In build_straw_man_chord_sa. tolerance = 1, sa_iterations = 1000, initial_temperature = 3.0, cooling_rate = 0.999
26 - INFO - chord#: 60 done. best_score=27.0, changed=517, unchanged=328, early_stops=8/8
26 - INFO - chord#: 64 In build_straw_man_chord_sa. tolerance = 1, sa_iterations = 1000, initial_temperature = 3.0, cooling_rate = 0.999
26 - INFO - chord#: 60 done. best_score=27.0, changed=523, unchanged=546, early_stops=8/8
26 - INFO - chord#: 64 In build_straw_man_chord_sa. tolerance = 1, sa_iterations = 1000, initial_temperature = 3.0, cooling_rate = 0.999
26 - INFO - chord#: 72 done. best_score=140.0, changed=614, unchanged=328, early_stops=8/8
26 - INFO - chord#: 74 In build_straw_man_chord_sa. tolerance = 1, sa_iterations = 1000, initial_temperature = 3.0, cooling_rate = 0.999
26 - INFO - chord#: 76 done. best_score=67.0, changed=610, unchanged=217, early_stops=8/8
26 - INFO - chord#: 78 In build_straw_man_chord_sa. tolerance = 1, sa_iterations = 1000, initial_temperature = 3.0, cooling_rate = 0.999
26 - INFO - chord#: 74 done. best_score=27.0, changed=522, unchanged=384, early_stops=8/8
26 - INFO - chord#: 76 In build_straw_man_chord_sa. tolerance = 1, sa_iterations = 1000, initial_temperature = 3.0, cooling_rate = 0.999
26 - INFO - chord#: 64 done. best_score=96.0, changed=612, unchanged=259, early_stops=8/8
26 - INFO - chord#: 68 In build_straw_man_chord_sa. tolerance = 1, sa_iterations = 1000, initial_temperature = 3.0, cooling_rate = 0.999
26 - INFO - chord#: 78 done. best_score=27.0, changed=525, unchanged=405, early_stops=8/8
26 - INFO - chord#: 80 In build_straw_man_chord_sa. tolerance = 1, sa_iterations = 1000, initial_temperature = 3.0, cooling_rate = 0.999
26 - INFO - chord#: 64 done. best_score=141.0, changed=611, unchanged=315, early_stops=8/8
26 - INFO - chord#: 68 In build_straw_man_chord_sa. tolerance = 1, sa_iterations = 1000, initial_temperature = 3.0, cooling_rate = 0.999
26 - INFO - chord#: 60 done. best_score=27.0, changed=523, unchanged=430, early_stops=8/8
26 - INFO - chord#: 64 In build_straw_man_chord_sa. tolerance = 1, sa_iterations = 1000, initial_temperature = 3.0, cooling_rate = 0.999
26 - INFO - chord#: 74 done. best_score=27.0, changed=525, unchanged=421, early_stops=8/8
26 - INFO - chord#: 76 In build_straw_man_chord_sa. tolerance = 1, sa_iterations = 1000, initial_temperature = 3.0, cooling_rate = 0.999
26 - INFO - chord#: 78 done. best_score=36.0, changed=529, unchanged=381, early_stops=8/8
26 - INFO - chord#: 80 In build_straw_man_chord_sa. tolerance = 1, sa_iterations = 1000, initial_temperature = 3.0, cooling_rate = 0.999
26 - INFO - chord#: 68 done. best_score=72.0, changed=526, unchanged=389, early_stops=8/8
26 - INFO - chord#: 70 In build_straw_man_chord_sa. tolerance = 1, sa_iterations = 1000, initial_temperature = 3.0, cooling_rate = 0.999
26 - INFO - chord#: 68 done. best_score=72.0, changed=520, unchanged=382, early_stops=8/8
26 - INFO - chord#: 70 In build_straw_man_chord_sa. tolerance = 1, sa_iterations = 1000, initial_temperature = 3.0, cooling_rate = 0.999
26 - INFO - chord#: 76 done. best_score=78.0, changed=611, unchanged=471, early_stops=8/8
26 - INFO - chord#: 78 In build_straw_man_chord_sa. tolerance = 1, sa_iterations = 1000, initial_temperature = 3.0, cooling_rate = 0.999
26 - INFO - chord#: 64 done. best_score=148.0, changed=612, unchanged=231, early_stops=8/8
26 - INFO - chord#: 68 In build_straw_man_chord_sa. tolerance = 1, sa_iterations = 1000, initial_temperature = 3.0, cooling_rate = 0.999
26 - INFO - chord#: 64 done. best_score=149.0, changed=619, unchanged=379, early_stops=8/8
26 - INFO - chord#: 68 In build_straw_man_chord_sa. tolerance = 1, sa_iterations = 1000, initial_temperature = 3.0, cooling_rate = 0.999
26 - INFO - chord#: 70 done. best_score=37.0, changed=529, unchanged=310, early_stops=8/8
26 - INFO - chord#: 72 In build_straw_man_chord_sa. tolerance = 1, sa_iterations = 1000, initial_temperature = 3.0, cooling_rate = 0.999
26 - INFO - chord#: 76 done. best_score=140.0, changed=614, unchanged=267, early_stops=8/8
26 - INFO - chord#: 78 In build_straw_man_chord_sa. tolerance = 1, sa_iterations = 1000, initial_temperature = 3.0, cooling_rate = 0.999
26 - INFO - chord#: 76 done. best_score=67.0, changed=613, unchanged=355, early_stops=8/8
26 - INFO - chord#: 78 In build_straw_man_chord_sa. tolerance = 1, sa_iterations = 1000, initial_temperature = 3.0, cooling_rate = 0.999
26 - INFO - chord#: 80 done. best_score=137.0, changed=615, unchanged=287, early_stops=8/8
26 - INFO - chord#: 84 In build_straw_man_chord_sa. tolerance = 1, sa_iterations = 1000, initial_temperature = 3.0, cooling_rate = 0.999
26 - INFO - chord#: 78 done. best_score=27.0, changed=515, unchanged=311, early_stops=8/8
26 - INFO - chord#: 80 In build_straw_man_chord_sa. tolerance = 1, sa_iterations = 1000, initial_temperature = 3.0, cooling_rate = 0.999
26 - INFO - chord#: 80 done. best_score=140.0, changed=606, unchanged=211, early_stops=8/8
26 - INFO - chord#: 84 In build_straw_man_chord_sa. tolerance = 1, sa_iterations = 1000, initial_temperature = 3.0, cooling_rate = 0.999
26 - INFO - chord#: 68 done. best_score=72.0, changed=540, unchanged=367, early_stops=8/8
26 - INFO - chord#: 70 In build_straw_man_chord_sa. tolerance = 1, sa_iterations = 1000, initial_temperature = 3.0, cooling_rate = 0.999
26 - INFO - chord#: 70 done. best_score=49.0, changed=523, unchanged=364, early_stops=8/8
26 - INFO - chord#: 72 In build_straw_man_chord_sa. tolerance = 1, sa_iterations = 1000, initial_temperature = 3.0, cooling_rate = 0.999
26 - INFO - chord#: 68 done. best_score=36.0, changed=532, unchanged=348, early_stops=8/8
26 - INFO - chord#: 70 In build_straw_man_chord_sa. tolerance = 1, sa_iterations = 1000, initial_temperature = 3.0, cooling_rate = 0.999
26 - INFO - chord#: 64 done. best_score=74.0, changed=617, unchanged=354, early_stops=8/8
26 - INFO - chord#: 68 In build_straw_man_chord_sa. tolerance = 1, sa_iterations = 1000, initial_temperature = 3.0, cooling_rate = 0.999
26 - INFO - chord#: 78 done. best_score=27.0, changed=526, unchanged=305, early_stops=8/8
26 - INFO - chord#: 80 In build_straw_man_chord_sa. tolerance = 1, sa_iterations = 1000, initial_temperature = 3.0, cooling_rate = 0.999
26 - INFO - chord#: 78 done. best_score=36.0, changed=520, unchanged=323, early_stops=8/8
26 - INFO - chord#: 80 In build_straw_man_chord_sa. tolerance = 1, sa_iterations = 1000, initial_temperature = 3.0, cooling_rate = 0.999
26 - INFO - chord#: 76 done. best_score=125.0, changed=617, unchanged=414, early_stops=8/8
26 - INFO - chord#: 78 In build_straw_man_chord_sa. tolerance = 1, sa_iterations = 1000, initial_temperature = 3.0, cooling_rate = 0.999
26 - INFO - chord#: 70 done. best_score=37.0, changed=532, unchanged=383, early_stops=8/8
26 - INFO - chord#: 72 In build_straw_man_chord_sa. tolerance = 1, sa_iterations = 1000, initial_temperature = 3.0, cooling_rate = 0.999
26 - INFO - chord#: 64 done. best_score=149.0, changed=620, unchanged=309, early_stops=8/8
26 - INFO - chord#: 68 In build_straw_man_chord_sa. tolerance = 1, sa_iterations = 1000, initial_temperature = 3.0, cooling_rate = 0.999
26 - INFO - chord#: 84 done. best_score=27.0, changed=522, unchanged=425, early_stops=8/8
26 - INFO - chord#: 86 In build_straw_man_chord_sa. tolerance = 1, sa_iterations = 1000, initial_temperature = 3.0, cooling_rate = 0.999
26 - INFO - chord#: 84 done. best_score=27.0, changed=525, unchanged=461, early_stops=8/8
26 - INFO - chord#: 86 In build_straw_man_chord_sa. tolerance = 1, sa_iterations = 1000, initial_temperature = 3.0, cooling_rate = 0.999
26 - INFO - chord#: 70 done. best_score=35.0, changed=533, unchanged=386, early_stops=8/8
26 - INFO - chord#: 72 In build_straw_man_chord_sa. tolerance = 1, sa_iterations = 1000, initial_temperature = 3.0, cooling_rate = 0.999
26 - INFO - chord#: 68 done. best_score=36.0, changed=531, unchanged=446, early_stops=8/8
26 - INFO - chord#: 70 In build_straw_man_chord_sa. tolerance = 1, sa_iterations = 1000, initial_temperature = 3.0, cooling_rate = 0.999
26 - INFO - chord#: 78 done. best_score=27.0, changed=520, unchanged=424, early_stops=8/8
26 - INFO - chord#: 80 In build_straw_man_chord_sa. tolerance = 1, sa_iterations = 1000, initial_temperature = 3.0, cooling_rate = 0.999
26 - INFO - chord#: 68 done. best_score=36.0, changed=524, unchanged=328, early_stops=8/8
26 - INFO - chord#: 70 In build_straw_man_chord_sa. tolerance = 1, sa_iterations = 1000, initial_temperature = 3.0, cooling_rate = 0.999
26 - INFO - chord#: 72 done. best_score=140.0, changed=610, unchanged=263, early_stops=8/8
26 - INFO - chord#: 74 In build_straw_man_chord_sa. tolerance = 1, sa_iterations = 1000, initial_temperature = 3.0, cooling_rate = 0.999
26 - INFO - chord#: 80 done. best_score=140.0, changed=612, unchanged=290, early_stops=8/8
26 - INFO - chord#: 84 In build_straw_man_chord_sa. tolerance = 1, sa_iterations = 1000, initial_temperature = 3.0, cooling_rate = 0.999
26 - INFO - chord#: 72 done. best_score=172.0, changed=612, unchanged=268, early_stops=8/8
26 - INFO - chord#: 74 In build_straw_man_chord_sa. tolerance = 1, sa_iterations = 1000, initial_temperature = 3.0, cooling_rate = 0.999
26 - INFO - chord#: 70 done. best_score=35.0, changed=521, unchanged=322, early_stops=8/8
26 - INFO - chord#: 72 In build_straw_man_chord_sa. tolerance = 1, sa_iterations = 1000, initial_temperature = 3.0, cooling_rate = 0.999
26 - INFO - chord#: 72 done. best_score=145.0, changed=609, unchanged=266, early_stops=8/8
26 - INFO - chord#: 74 In build_straw_man_chord_sa. tolerance = 1, sa_iterations = 1000, initial_temperature = 3.0, cooling_rate = 0.999
26 - INFO - chord#: 70 done. best_score=37.0, changed=531, unchanged=381, early_stops=8/8
26 - INFO - chord#: 72 In build_straw_man_chord_sa. tolerance = 1, sa_iterations = 1000, initial_temperature = 3.0, cooling_rate = 0.999
26 - INFO - chord#: 86 done. best_score=112.0, changed=610, unchanged=247, early_stops=8/8
26 - INFO - chord#: 88 In build_straw_man_chord_sa. tolerance = 1, sa_iterations = 1000, initial_temperature = 3.0, cooling_rate = 0.999
26 - INFO - chord#: 86 done. best_score=193.0, changed=612, unchanged=260, early_stops=8/8
26 - INFO - chord#: 88 In build_straw_man_chord_sa. tolerance = 1, sa_iterations = 1000, initial_temperature = 3.0, cooling_rate = 0.999
26 - INFO - chord#: 74 done. best_score=27.0, changed=518, unchanged=367, early_stops=8/8
26 - INFO - chord#: 76 In build_straw_man_chord_sa. tolerance = 1, sa_iterations = 1000, initial_temperature = 3.0, cooling_rate = 0.999
26 - INFO - chord#: 84 done. best_score=27.0, changed=519, unchanged=416, early_stops=8/8
26 - INFO - chord#: 86 In build_straw_man_chord_sa. tolerance = 1, sa_iterations = 1000, initial_temperature = 3.0, cooling_rate = 0.999
26 - INFO - chord#: 74 done. best_score=27.0, changed=522, unchanged=399, early_stops=8/8
26 - INFO - chord#: 76 In build_straw_man_chord_sa. tolerance = 1, sa_iterations = 1000, initial_temperature = 3.0, cooling_rate = 0.999
26 - INFO - chord#: 80 done. best_score=67.0, changed=615, unchanged=480, early_stops=8/8
26 - INFO - chord#: 84 In build_straw_man_chord_sa. tolerance = 1, sa_iterations = 1000, initial_temperature = 3.0, cooling_rate = 0.999
26 - INFO - chord#: 80 done. best_score=78.0, changed=618, unchanged=307, early_stops=8/8
26 - INFO - chord#: 84 In build_straw_man_chord_sa. tolerance = 1, sa_iterations = 1000, initial_temperature = 3.0, cooling_rate = 0.999
26 - INFO - chord#: 72 done. best_score=142.0, changed=609, unchanged=246, early_stops=8/8
26 - INFO - chord#: 74 In build_straw_man_chord_sa. tolerance = 1, sa_iterations = 1000, initial_temperature = 3.0, cooling_rate = 0.999
26 - INFO - chord#: 80 done. best_score=140.0, changed=610, unchanged=273, early_stops=8/8
26 - INFO - chord#: 84 In build_straw_man_chord_sa. tolerance = 1, sa_iterations = 1000, initial_temperature = 3.0, cooling_rate = 0.999
26 - INFO - chord#: 74 done. best_score=27.0, changed=525, unchanged=452, early_stops=8/8
26 - INFO - chord#: 76 In build_straw_man_chord_sa. tolerance = 1, sa_iterations = 1000, initial_temperature = 3.0, cooling_rate = 0.999
26 - INFO - chord#: 84 done. best_score=27.0, changed=522, unchanged=410, early_stops=8/8
26 - INFO - chord#: 86 In build_straw_man_chord_sa. tolerance = 1, sa_iterations = 1000, initial_temperature = 3.0, cooling_rate = 0.999
26 - INFO - chord#: 84 done. best_score=27.0, changed=526, unchanged=394, early_stops=8/8
26 - INFO - chord#: 86 In build_straw_man_chord_sa. tolerance = 1, sa_iterations = 1000, initial_temperature = 3.0, cooling_rate = 0.999
26 - INFO - chord#: 72 done. best_score=142.0, changed=608, unchanged=268, early_stops=8/8
26 - INFO - chord#: 74 In build_straw_man_chord_sa. tolerance = 1, sa_iterations = 1000, initial_temperature = 3.0, cooling_rate = 0.999
26 - INFO - chord#: 74 done. best_score=27.0, changed=527, unchanged=397, early_stops=8/8
26 - INFO - chord#: 76 In build_straw_man_chord_sa. tolerance = 1, sa_iterations = 1000, initial_temperature = 3.0, cooling_rate = 0.999
26 - INFO - chord#: 88 done. best_score=67.0, changed=610, unchanged=285, early_stops=8/8
26 - INFO - chord#: 92 In build_straw_man_chord_sa. tolerance = 1, sa_iterations = 1000, initial_temperature = 3.0, cooling_rate = 0.999
26 - INFO - chord#: 84 done. best_score=27.0, changed=531, unchanged=668, early_stops=8/8
26 - INFO - chord#: 86 In build_straw_man_chord_sa. tolerance = 1, sa_iterations = 1000, initial_temperature = 3.0, cooling_rate = 0.999
26 - INFO - chord#: 88 done. best_score=119.0, changed=611, unchanged=447, early_stops=8/8
26 - INFO - chord#: 92 In build_straw_man_chord_sa. tolerance = 1, sa_iterations = 1000, initial_temperature = 3.0, cooling_rate = 0.999
26 - INFO - chord#: 86 done. best_score=175.0, changed=609, unchanged=340, early_stops=8/8
26 - INFO - chord#: 88 In build_straw_man_chord_sa. tolerance = 1, sa_iterations = 1000, initial_temperature = 3.0, cooling_rate = 0.999
26 - INFO - chord#: 72 done. best_score=140.0, changed=619, unchanged=331, early_stops=8/8
26 - INFO - chord#: 74 In build_straw_man_chord_sa. tolerance = 1, sa_iterations = 1000, initial_temperature = 3.0, cooling_rate = 0.999
26 - INFO - chord#: 74 done. best_score=36.0, changed=519, unchanged=386, early_stops=8/8
26 - INFO - chord#: 76 In build_straw_man_chord_sa. tolerance = 1, sa_iterations = 1000, initial_temperature = 3.0, cooling_rate = 0.999
26 - INFO - chord#: 76 done. best_score=67.0, changed=611, unchanged=303, early_stops=8/8
26 - INFO - chord#: 78 In build_straw_man_chord_sa. tolerance = 1, sa_iterations = 1000, initial_temperature = 3.0, cooling_rate = 0.999
26 - INFO - chord#: 92 done. best_score=27.0, changed=520, unchanged=489, early_stops=8/8
26 - INFO - chord#: 94 In build_straw_man_chord_sa. tolerance = 1, sa_iterations = 1000, initial_temperature = 3.0, cooling_rate = 0.999
26 - INFO - chord#: 92 done. best_score=27.0, changed=518, unchanged=397, early_stops=8/8
26 - INFO - chord#: 94 In build_straw_man_chord_sa. tolerance = 1, sa_iterations = 1000, initial_temperature = 3.0, cooling_rate = 0.999
26 - INFO - chord#: 76 done. best_score=67.0, changed=617, unchanged=405, early_stops=8/8
26 - INFO - chord#: 78 In build_straw_man_chord_sa. tolerance = 1, sa_iterations = 1000, initial_temperature = 3.0, cooling_rate = 0.999
26 - INFO - chord#: 86 done. best_score=104.0, changed=612, unchanged=330, early_stops=8/8
26 - INFO - chord#: 88 In build_straw_man_chord_sa. tolerance = 1, sa_iterations = 1000, initial_temperature = 3.0, cooling_rate = 0.999
26 - INFO - chord#: 76 done. best_score=78.0, changed=614, unchanged=484, early_stops=8/8
26 - INFO - chord#: 78 In build_straw_man_chord_sa. tolerance = 1, sa_iterations = 1000, initial_temperature = 3.0, cooling_rate = 0.999
26 - INFO - chord#: 74 done. best_score=27.0, changed=521, unchanged=440, early_stops=8/8
26 - INFO - chord#: 76 In build_straw_man_chord_sa. tolerance = 1, sa_iterations = 1000, initial_temperature = 3.0, cooling_rate = 0.999
26 - INFO - chord#: 86 done. best_score=64.0, changed=611, unchanged=239, early_stops=8/8
26 - INFO - chord#: 88 In build_straw_man_chord_sa. tolerance = 1, sa_iterations = 1000, initial_temperature = 3.0, cooling_rate = 0.999
26 - INFO - chord#: 78 done. best_score=36.0, changed=520, unchanged=320, early_stops=8/8
26 - INFO - chord#: 80 In build_straw_man_chord_sa. tolerance = 1, sa_iterations = 1000, initial_temperature = 3.0, cooling_rate = 0.999
26 - INFO - chord#: 78 done. best_score=36.0, changed=545, unchanged=304, early_stops=8/8
26 - INFO - chord#: 80 In build_straw_man_chord_sa. tolerance = 1, sa_iterations = 1000, initial_temperature = 3.0, cooling_rate = 0.999
26 - INFO - chord#: 86 done. best_score=64.0, changed=611, unchanged=432, early_stops=8/8
26 - INFO - chord#: 88 In build_straw_man_chord_sa. tolerance = 1, sa_iterations = 1000, initial_temperature = 3.0, cooling_rate = 0.999
26 - INFO - chord#: 76 done. best_score=67.0, changed=611, unchanged=318, early_stops=8/8
26 - INFO - chord#: 78 In build_straw_man_chord_sa. tolerance = 1, sa_iterations = 1000, initial_temperature = 3.0, cooling_rate = 0.999
26 - INFO - chord#: 88 done. best_score=119.0, changed=613, unchanged=441, early_stops=8/8
26 - INFO - chord#: 92 In build_straw_man_chord_sa. tolerance = 1, sa_iterations = 1000, initial_temperature = 3.0, cooling_rate = 0.999
26 - INFO - chord#: 78 done. best_score=27.0, changed=530, unchanged=457, early_stops=8/8
26 - INFO - chord#: 80 In build_straw_man_chord_sa. tolerance = 1, sa_iterations = 1000, initial_temperature = 3.0, cooling_rate = 0.999
26 - INFO - chord#: 94 done. best_score=96.0, changed=611, unchanged=325, early_stops=8/8
26 - INFO - chord#: 96 In build_straw_man_chord_sa. tolerance = 1, sa_iterations = 1000, initial_temperature = 3.0, cooling_rate = 0.999
26 - INFO - chord#: 96 done. best_score=11.0, changed=482, unchanged=373, early_stops=8/8
26 - INFO - chord#: 104 In build_straw_man_chord_sa. tolerance = 1, sa_iterations = 1000, initial_temperature = 3.0, cooling_rate = 0.999
26 - INFO - chord#: 94 done. best_score=67.0, changed=615, unchanged=373, early_stops=8/8
26 - INFO - chord#: 96 In build_straw_man_chord_sa. tolerance = 1, sa_iterations = 1000, initial_temperature = 3.0, cooling_rate = 0.999
26 - INFO - chord#: 78 done. best_score=36.0, changed=528, unchanged=343, early_stops=8/8
26 - INFO - chord#: 80 In build_straw_man_chord_sa. tolerance = 1, sa_iterations = 1000, initial_temperature = 3.0, cooling_rate = 0.999
26 - INFO - chord#: 88 done. best_score=67.0, changed=613, unchanged=334, early_stops=8/8
26 - INFO - chord#: 92 In build_straw_man_chord_sa. tolerance = 1, sa_iterations = 1000, initial_temperature = 3.0, cooling_rate = 0.999
26 - INFO - chord#: 96 done. best_score=11.0, changed=482, unchanged=346, early_stops=8/8
26 - INFO - chord#: 104 In build_straw_man_chord_sa. tolerance = 1, sa_iterations = 1000, initial_temperature = 3.0, cooling_rate = 0.999
26 - INFO - chord#: 88 done. best_score=67.0, changed=609, unchanged=235, early_stops=8/8
26 - INFO - chord#: 92 In build_straw_man_chord_sa. tolerance = 1, sa_iterations = 1000, initial_temperature = 3.0, cooling_rate = 0.999
26 - INFO - chord#: 92 done. best_score=27.0, changed=518, unchanged=361, early_stops=8/8
26 - INFO - chord#: 94 In build_straw_man_chord_sa. tolerance = 1, sa_iterations = 1000, initial_temperature = 3.0, cooling_rate = 0.999
26 - INFO - chord#: 76 done. best_score=119.0, changed=619, unchanged=521, early_stops=8/8
26 - INFO - chord#: 78 In build_straw_man_chord_sa. tolerance = 1, sa_iterations = 1000, initial_temperature = 3.0, cooling_rate = 0.999
26 - INFO - chord#: 104 done. best_score=27.0, changed=525, unchanged=346, early_stops=8/8
26 - INFO - chord#: 108 In build_straw_man_chord_sa. tolerance = 1, sa_iterations = 1000, initial_temperature = 3.0, cooling_rate = 0.999
26 - INFO - chord#: 80 done. best_score=157.0, changed=609, unchanged=225, early_stops=8/8
26 - INFO - chord#: 84 In build_straw_man_chord_sa. tolerance = 1, sa_iterations = 1000, initial_temperature = 3.0, cooling_rate = 0.999
26 - INFO - chord#: 76 done. best_score=137.0, changed=615, unchanged=267, early_stops=8/8
26 - INFO - chord#: 78 In build_straw_man_chord_sa. tolerance = 1, sa_iterations = 1000, initial_temperature = 3.0, cooling_rate = 0.999
26 - INFO - chord#: 80 done. best_score=125.0, changed=610, unchanged=211, early_stops=8/8
26 - INFO - chord#: 84 In build_straw_man_chord_sa. tolerance = 1, sa_iterations = 1000, initial_temperature = 3.0, cooling_rate = 0.999
26 - INFO - chord#: 104 done. best_score=27.0, changed=523, unchanged=343, early_stops=8/8
26 - INFO - chord#: 108 In build_straw_man_chord_sa. tolerance = 1, sa_iterations = 1000, initial_temperature = 3.0, cooling_rate = 0.999
26 - INFO - chord#: 92 done. best_score=27.0, changed=514, unchanged=425, early_stops=8/8
26 - INFO - chord#: 94 In build_straw_man_chord_sa. tolerance = 1, sa_iterations = 1000, initial_temperature = 3.0, cooling_rate = 0.999
26 - INFO - chord#: 92 done. best_score=27.0, changed=522, unchanged=448, early_stops=8/8
26 - INFO - chord#: 94 In build_straw_man_chord_sa. tolerance = 1, sa_iterations = 1000, initial_temperature = 3.0, cooling_rate = 0.999
26 - INFO - chord#: 88 done. best_score=137.0, changed=610, unchanged=342, early_stops=8/8
26 - INFO - chord#: 92 In build_straw_man_chord_sa. tolerance = 1, sa_iterations = 1000, initial_temperature = 3.0, cooling_rate = 0.999
26 - INFO - chord#: 78 done. best_score=27.0, changed=523, unchanged=369, early_stops=8/8
26 - INFO - chord#: 80 In build_straw_man_chord_sa. tolerance = 1, sa_iterations = 1000, initial_temperature = 3.0, cooling_rate = 0.999
26 - INFO - chord#: 78 done. best_score=27.0, changed=515, unchanged=376, early_stops=8/8
26 - INFO - chord#: 80 In build_straw_man_chord_sa. tolerance = 1, sa_iterations = 1000, initial_temperature = 3.0, cooling_rate = 0.999
26 - INFO - chord#: 84 done. best_score=27.0, changed=516, unchanged=488, early_stops=8/8
26 - INFO - chord#: 86 In build_straw_man_chord_sa. tolerance = 1, sa_iterations = 1000, initial_temperature = 3.0, cooling_rate = 0.999
26 - INFO - chord#: 84 done. best_score=36.0, changed=518, unchanged=398, early_stops=8/8
26 - INFO - chord#: 86 In build_straw_man_chord_sa. tolerance = 1, sa_iterations = 1000, initial_temperature = 3.0, cooling_rate = 0.999
26 - INFO - chord#: 80 done. best_score=78.0, changed=610, unchanged=316, early_stops=8/8
26 - INFO - chord#: 84 In build_straw_man_chord_sa. tolerance = 1, sa_iterations = 1000, initial_temperature = 3.0, cooling_rate = 0.999
26 - INFO - chord#: 92 done. best_score=27.0, changed=518, unchanged=369, early_stops=8/8
26 - INFO - chord#: 94 In build_straw_man_chord_sa. tolerance = 1, sa_iterations = 1000, initial_temperature = 3.0, cooling_rate = 0.999
26 - INFO - chord#: 94 done. best_score=67.0, changed=609, unchanged=254, early_stops=8/8
26 - INFO - chord#: 96 In build_straw_man_chord_sa. tolerance = 1, sa_iterations = 1000, initial_temperature = 3.0, cooling_rate = 0.999
26 - INFO - chord#: 108 done. best_score=146.0, changed=605, unchanged=241, early_stops=8/8
26 - INFO - chord#: 110 In build_straw_man_chord_sa. tolerance = 1, sa_iterations = 1000, initial_temperature = 3.0, cooling_rate = 0.999
26 - INFO - chord#: 96 done. best_score=11.0, changed=491, unchanged=361, early_stops=8/8
26 - INFO - chord#: 104 In build_straw_man_chord_sa. tolerance = 1, sa_iterations = 1000, initial_temperature = 3.0, cooling_rate = 0.999
26 - INFO - chord#: 80 done. best_score=137.0, changed=612, unchanged=390, early_stops=8/8
26 - INFO - chord#: 84 In build_straw_man_chord_sa. tolerance = 1, sa_iterations = 1000, initial_temperature = 3.0, cooling_rate = 0.999
26 - INFO - chord#: 108 done. best_score=64.0, changed=615, unchanged=349, early_stops=8/8
26 - INFO - chord#: 110 In build_straw_man_chord_sa. tolerance = 1, sa_iterations = 1000, initial_temperature = 3.0, cooling_rate = 0.999
26 - INFO - chord#: 110 done. best_score=36.0, changed=548, unchanged=314, early_stops=8/8
26 - INFO - chord#: 112 In build_straw_man_chord_sa. tolerance = 1, sa_iterations = 1000, initial_temperature = 3.0, cooling_rate = 0.999
26 - INFO - chord#: 94 done. best_score=67.0, changed=609, unchanged=332, early_stops=8/8
26 - INFO - chord#: 96 In build_straw_man_chord_sa. tolerance = 1, sa_iterations = 1000, initial_temperature = 3.0, cooling_rate = 0.999
26 - INFO - chord#: 104 done. best_score=27.0, changed=531, unchanged=408, early_stops=8/8
26 - INFO - chord#: 108 In build_straw_man_chord_sa. tolerance = 1, sa_iterations = 1000, initial_temperature = 3.0, cooling_rate = 0.999
26 - INFO - chord#: 84 done. best_score=27.0, changed=512, unchanged=417, early_stops=8/8
26 - INFO - chord#: 86 In build_straw_man_chord_sa. tolerance = 1, sa_iterations = 1000, initial_temperature = 3.0, cooling_rate = 0.999
26 - INFO - chord#: 94 done. best_score=137.0, changed=615, unchanged=287, early_stops=8/8
26 - INFO - chord#: 96 In build_straw_man_chord_sa. tolerance = 1, sa_iterations = 1000, initial_temperature = 3.0, cooling_rate = 0.999
26 - INFO - chord#: 96 done. best_score=11.0, changed=497, unchanged=358, early_stops=8/8
26 - INFO - chord#: 104 In build_straw_man_chord_sa. tolerance = 1, sa_iterations = 1000, initial_temperature = 3.0, cooling_rate = 0.999
26 - INFO - chord#: 96 done. best_score=11.0, changed=491, unchanged=352, early_stops=8/8
26 - INFO - chord#: 104 In build_straw_man_chord_sa. tolerance = 1, sa_iterations = 1000, initial_temperature = 3.0, cooling_rate = 0.999
26 - INFO - chord#: 110 done. best_score=27.0, changed=519, unchanged=294, early_stops=8/8
26 - INFO - chord#: 112 In build_straw_man_chord_sa. tolerance = 1, sa_iterations = 1000, initial_temperature = 3.0, cooling_rate = 0.999
26 - INFO - chord#: 112 done. best_score=27.0, changed=524, unchanged=493, early_stops=8/8
26 - INFO - chord#: 116 In build_straw_man_chord_sa. tolerance = 1, sa_iterations = 1000, initial_temperature = 3.0, cooling_rate = 0.999
26 - INFO - chord#: 94 done. best_score=137.0, changed=613, unchanged=273, early_stops=8/8
26 - INFO - chord#: 96 In build_straw_man_chord_sa. tolerance = 1, sa_iterations = 1000, initial_temperature = 3.0, cooling_rate = 0.999
26 - INFO - chord#: 84 done. best_score=27.0, changed=522, unchanged=462, early_stops=8/8
26 - INFO - chord#: 86 In build_straw_man_chord_sa. tolerance = 1, sa_iterations = 1000, initial_temperature = 3.0, cooling_rate = 0.999
26 - INFO - chord#: 104 done. best_score=27.0, changed=529, unchanged=355, early_stops=8/8
26 - INFO - chord#: 108 In build_straw_man_chord_sa. tolerance = 1, sa_iterations = 1000, initial_temperature = 3.0, cooling_rate = 0.999
26 - INFO - chord#: 96 done. best_score=11.0, changed=500, unchanged=348, early_stops=8/8
26 - INFO - chord#: 104 In build_straw_man_chord_sa. tolerance = 1, sa_iterations = 1000, initial_temperature = 3.0, cooling_rate = 0.999
26 - INFO - chord#: 104 done. best_score=27.0, changed=528, unchanged=391, early_stops=8/8
26 - INFO - chord#: 108 In build_straw_man_chord_sa. tolerance = 1, sa_iterations = 1000, initial_temperature = 3.0, cooling_rate = 0.999
26 - INFO - chord#: 86 done. best_score=71.0, changed=613, unchanged=372, early_stops=8/8
26 - INFO - chord#: 88 In build_straw_man_chord_sa. tolerance = 1, sa_iterations = 1000, initial_temperature = 3.0, cooling_rate = 0.999
26 - INFO - chord#: 80 done. best_score=78.0, changed=611, unchanged=454, early_stops=8/8
26 - INFO - chord#: 84 In build_straw_man_chord_sa. tolerance = 1, sa_iterations = 1000, initial_temperature = 3.0, cooling_rate = 0.999
26 - INFO - chord#: 112 done. best_score=27.0, changed=519, unchanged=477, early_stops=8/8
26 - INFO - chord#: 116 In build_straw_man_chord_sa. tolerance = 1, sa_iterations = 1000, initial_temperature = 3.0, cooling_rate = 0.999
26 - INFO - chord#: 86 done. best_score=64.0, changed=613, unchanged=469, early_stops=8/8
26 - INFO - chord#: 88 In build_straw_man_chord_sa. tolerance = 1, sa_iterations = 1000, initial_temperature = 3.0, cooling_rate = 0.999
26 - INFO - chord#: 80 done. best_score=78.0, changed=618, unchanged=464, early_stops=8/8
26 - INFO - chord#: 84 In build_straw_man_chord_sa. tolerance = 1, sa_iterations = 1000, initial_temperature = 3.0, cooling_rate = 0.999
26 - INFO - chord#: 104 done. best_score=27.0, changed=524, unchanged=340, early_stops=8/8
26 - INFO - chord#: 108 In build_straw_man_chord_sa. tolerance = 1, sa_iterations = 1000, initial_temperature = 3.0, cooling_rate = 0.999
26 - INFO - chord#: 108 done. best_score=64.0, changed=611, unchanged=440, early_stops=8/8
26 - INFO - chord#: 110 In build_straw_man_chord_sa. tolerance = 1, sa_iterations = 1000, initial_temperature = 3.0, cooling_rate = 0.999
26 - INFO - chord#: 116 done. best_score=74.0, changed=610, unchanged=267, early_stops=8/8
26 - INFO - chord#: 118 In build_straw_man_chord_sa. tolerance = 1, sa_iterations = 1000, initial_temperature = 3.0, cooling_rate = 0.999
26 - INFO - chord#: 86 done. best_score=125.0, changed=615, unchanged=283, early_stops=8/8
26 - INFO - chord#: 88 In build_straw_man_chord_sa. tolerance = 1, sa_iterations = 1000, initial_temperature = 3.0, cooling_rate = 0.999
26 - INFO - chord#: 84 done. best_score=27.0, changed=514, unchanged=515, early_stops=8/8
26 - INFO - chord#: 86 In build_straw_man_chord_sa. tolerance = 1, sa_iterations = 1000, initial_temperature = 3.0, cooling_rate = 0.999
26 - INFO - chord#: 108 done. best_score=71.0, changed=610, unchanged=275, early_stops=8/8
26 - INFO - chord#: 110 In build_straw_man_chord_sa. tolerance = 1, sa_iterations = 1000, initial_temperature = 3.0, cooling_rate = 0.999
26 - INFO - chord#: 84 done. best_score=27.0, changed=521, unchanged=436, early_stops=8/8
26 - INFO - chord#: 86 In build_straw_man_chord_sa. tolerance = 1, sa_iterations = 1000, initial_temperature = 3.0, cooling_rate = 0.999
26 - INFO - chord#: 110 done. best_score=27.0, changed=525, unchanged=315, early_stops=8/8
26 - INFO - chord#: 112 In build_straw_man_chord_sa. tolerance = 1, sa_iterations = 1000, initial_temperature = 3.0, cooling_rate = 0.999
26 - INFO - chord#: 86 done. best_score=64.0, changed=607, unchanged=221, early_stops=8/8
26 - INFO - chord#: 88 In build_straw_man_chord_sa. tolerance = 1, sa_iterations = 1000, initial_temperature = 3.0, cooling_rate = 0.999
26 - INFO - chord#: 116 done. best_score=74.0, changed=611, unchanged=337, early_stops=8/8
26 - INFO - chord#: 118 In build_straw_man_chord_sa. tolerance = 1, sa_iterations = 1000, initial_temperature = 3.0, cooling_rate = 0.999
26 - INFO - chord#: 108 done. best_score=71.0, changed=615, unchanged=396, early_stops=8/8
26 - INFO - chord#: 110 In build_straw_man_chord_sa. tolerance = 1, sa_iterations = 1000, initial_temperature = 3.0, cooling_rate = 0.999
26 - INFO - chord#: 118 done. best_score=27.0, changed=522, unchanged=378, early_stops=8/8
26 - INFO - chord#: 120 In build_straw_man_chord_sa. tolerance = 1, sa_iterations = 1000, initial_temperature = 3.0, cooling_rate = 0.999
26 - INFO - chord#: 108 done. best_score=64.0, changed=617, unchanged=236, early_stops=8/8
26 - INFO - chord#: 110 In build_straw_man_chord_sa. tolerance = 1, sa_iterations = 1000, initial_temperature = 3.0, cooling_rate = 0.999
26 - INFO - chord#: 88 done. best_score=119.0, changed=609, unchanged=263, early_stops=8/8
26 - INFO - chord#: 92 In build_straw_man_chord_sa. tolerance = 1, sa_iterations = 1000, initial_temperature = 3.0, cooling_rate = 0.999
26 - INFO - chord#: 110 done. best_score=27.0, changed=531, unchanged=339, early_stops=8/8
26 - INFO - chord#: 112 In build_straw_man_chord_sa. tolerance = 1, sa_iterations = 1000, initial_temperature = 3.0, cooling_rate = 0.999
26 - INFO - chord#: 110 done. best_score=27.0, changed=518, unchanged=365, early_stops=8/8
26 - INFO - chord#: 112 In build_straw_man_chord_sa. tolerance = 1, sa_iterations = 1000, initial_temperature = 3.0, cooling_rate = 0.999
26 - INFO - chord#: 118 done. best_score=27.0, changed=527, unchanged=425, early_stops=8/8
26 - INFO - chord#: 120 In build_straw_man_chord_sa. tolerance = 1, sa_iterations = 1000, initial_temperature = 3.0, cooling_rate = 0.999
26 - INFO - chord#: 112 done. best_score=27.0, changed=523, unchanged=576, early_stops=8/8
26 - INFO - chord#: 116 In build_straw_man_chord_sa. tolerance = 1, sa_iterations = 1000, initial_temperature = 3.0, cooling_rate = 0.999
26 - INFO - chord#: 120 done. best_score=27.0, changed=521, unchanged=357, early_stops=8/8
26 - INFO - chord#: 122 In build_straw_man_chord_sa. tolerance = 1, sa_iterations = 1000, initial_temperature = 3.0, cooling_rate = 0.999
26 - INFO - chord#: 88 done. best_score=67.0, changed=612, unchanged=346, early_stops=8/8
26 - INFO - chord#: 92 In build_straw_man_chord_sa. tolerance = 1, sa_iterations = 1000, initial_temperature = 3.0, cooling_rate = 0.999
26 - INFO - chord#: 110 done. best_score=27.0, changed=525, unchanged=418, early_stops=8/8
26 - INFO - chord#: 112 In build_straw_man_chord_sa. tolerance = 1, sa_iterations = 1000, initial_temperature = 3.0, cooling_rate = 0.999
26 - INFO - chord#: 112 done. best_score=27.0, changed=535, unchanged=585, early_stops=8/8
26 - INFO - chord#: 116 In build_straw_man_chord_sa. tolerance = 1, sa_iterations = 1000, initial_temperature = 3.0, cooling_rate = 0.999
26 - INFO - chord#: 92 done. best_score=27.0, changed=524, unchanged=517, early_stops=8/8
26 - INFO - chord#: 94 In build_straw_man_chord_sa. tolerance = 1, sa_iterations = 1000, initial_temperature = 3.0, cooling_rate = 0.999
26 - INFO - chord#: 112 done. best_score=27.0, changed=526, unchanged=498, early_stops=8/8
26 - INFO - chord#: 116 In build_straw_man_chord_sa. tolerance = 1, sa_iterations = 1000, initial_temperature = 3.0, cooling_rate = 0.999
26 - INFO - chord#: 120 done. best_score=27.0, changed=523, unchanged=486, early_stops=8/8
26 - INFO - chord#: 122 In build_straw_man_chord_sa. tolerance = 1, sa_iterations = 1000, initial_temperature = 3.0, cooling_rate = 0.999
26 - INFO - chord#: 88 done. best_score=145.0, changed=611, unchanged=302, early_stops=8/8
26 - INFO - chord#: 92 In build_straw_man_chord_sa. tolerance = 1, sa_iterations = 1000, initial_temperature = 3.0, cooling_rate = 0.999
26 - INFO - chord#: 112 done. best_score=27.0, changed=522, unchanged=383, early_stops=8/8
26 - INFO - chord#: 116 In build_straw_man_chord_sa. tolerance = 1, sa_iterations = 1000, initial_temperature = 3.0, cooling_rate = 0.999
26 - INFO - chord#: 92 done. best_score=27.0, changed=509, unchanged=322, early_stops=8/8
26 - INFO - chord#: 94 In build_straw_man_chord_sa. tolerance = 1, sa_iterations = 1000, initial_temperature = 3.0, cooling_rate = 0.999
26 - INFO - chord#: 86 done. best_score=112.0, changed=615, unchanged=431, early_stops=8/8
26 - INFO - chord#: 88 In build_straw_man_chord_sa. tolerance = 1, sa_iterations = 1000, initial_temperature = 3.0, cooling_rate = 0.999
26 - INFO - chord#: 88 done. best_score=140.0, changed=611, unchanged=269, early_stops=8/8
26 - INFO - chord#: 92 In build_straw_man_chord_sa. tolerance = 1, sa_iterations = 1000, initial_temperature = 3.0, cooling_rate = 0.999
26 - INFO - chord#: 116 done. best_score=96.0, changed=607, unchanged=226, early_stops=8/8
26 - INFO - chord#: 118 In build_straw_man_chord_sa. tolerance = 1, sa_iterations = 1000, initial_temperature = 3.0, cooling_rate = 0.999
26 - INFO - chord#: 86 done. best_score=104.0, changed=612, unchanged=472, early_stops=8/8
26 - INFO - chord#: 88 In build_straw_man_chord_sa. tolerance = 1, sa_iterations = 1000, initial_temperature = 3.0, cooling_rate = 0.999
26 - INFO - chord#: 92 done. best_score=27.0, changed=510, unchanged=370, early_stops=8/8
26 - INFO - chord#: 94 In build_straw_man_chord_sa. tolerance = 1, sa_iterations = 1000, initial_temperature = 3.0, cooling_rate = 0.999
26 - INFO - chord#: 122 done. best_score=74.0, changed=610, unchanged=387, early_stops=8/8
26 - INFO - chord#: 124 In build_straw_man_chord_sa. tolerance = 1, sa_iterations = 1000, initial_temperature = 3.0, cooling_rate = 0.999
26 - INFO - chord#: 118 done. best_score=27.0, changed=534, unchanged=408, early_stops=8/8
26 - INFO - chord#: 120 In build_straw_man_chord_sa. tolerance = 1, sa_iterations = 1000, initial_temperature = 3.0, cooling_rate = 0.999
26 - INFO - chord#: 116 done. best_score=96.0, changed=612, unchanged=320, early_stops=8/8
26 - INFO - chord#: 118 In build_straw_man_chord_sa. tolerance = 1, sa_iterations = 1000, initial_temperature = 3.0, cooling_rate = 0.999
26 - INFO - chord#: 116 done. best_score=149.0, changed=609, unchanged=214, early_stops=8/8
26 - INFO - chord#: 118 In build_straw_man_chord_sa. tolerance = 1, sa_iterations = 1000, initial_temperature = 3.0, cooling_rate = 0.999
26 - INFO - chord#: 92 done. best_score=27.0, changed=512, unchanged=325, early_stops=8/8
26 - INFO - chord#: 94 In build_straw_man_chord_sa. tolerance = 1, sa_iterations = 1000, initial_temperature = 3.0, cooling_rate = 0.999
26 - INFO - chord#: 122 done. best_score=74.0, changed=607, unchanged=263, early_stops=8/8
26 - INFO - chord#: 124 In build_straw_man_chord_sa. tolerance = 1, sa_iterations = 1000, initial_temperature = 3.0, cooling_rate = 0.999
26 - INFO - chord#: 124 done. best_score=27.0, changed=519, unchanged=353, early_stops=8/8
26 - INFO - chord#: 128 In build_straw_man_chord_sa. tolerance = 1, sa_iterations = 1000, initial_temperature = 3.0, cooling_rate = 0.999
26 - INFO - chord#: 116 done. best_score=74.0, changed=611, unchanged=355, early_stops=8/8
26 - INFO - chord#: 118 In build_straw_man_chord_sa. tolerance = 1, sa_iterations = 1000, initial_temperature = 3.0, cooling_rate = 0.999
26 - INFO - chord#: 118 done. best_score=27.0, changed=525, unchanged=334, early_stops=8/8
26 - INFO - chord#: 120 In build_straw_man_chord_sa. tolerance = 1, sa_iterations = 1000, initial_temperature = 3.0, cooling_rate = 0.999
26 - INFO - chord#: 94 done. best_score=67.0, changed=611, unchanged=359, early_stops=8/8
26 - INFO - chord#: 96 In build_straw_man_chord_sa. tolerance = 1, sa_iterations = 1000, initial_temperature = 3.0, cooling_rate = 0.999
26 - INFO - chord#: 118 done. best_score=27.0, changed=524, unchanged=432, early_stops=8/8
26 - INFO - chord#: 120 In build_straw_man_chord_sa. tolerance = 1, sa_iterations = 1000, initial_temperature = 3.0, cooling_rate = 0.999
26 - INFO - chord#: 124 done. best_score=27.0, changed=521, unchanged=342, early_stops=8/8
26 - INFO - chord#: 128 In build_straw_man_chord_sa. tolerance = 1, sa_iterations = 1000, initial_temperature = 3.0, cooling_rate = 0.999
26 - INFO - chord#: 120 done. best_score=27.0, changed=520, unchanged=525, early_stops=8/8
26 - INFO - chord#: 122 In build_straw_man_chord_sa. tolerance = 1, sa_iterations = 1000, initial_temperature = 3.0, cooling_rate = 0.999
26 - INFO - chord#: 96 done. best_score=11.0, changed=485, unchanged=348, early_stops=8/8
26 - INFO - chord#: 104 In build_straw_man_chord_sa. tolerance = 1, sa_iterations = 1000, initial_temperature = 3.0, cooling_rate = 0.999
26 - INFO - chord#: 88 done. best_score=67.0, changed=610, unchanged=278, early_stops=8/8
26 - INFO - chord#: 92 In build_straw_man_chord_sa. tolerance = 1, sa_iterations = 1000, initial_temperature = 3.0, cooling_rate = 0.999
26 - INFO - chord#: 128 done. best_score=27.0, changed=524, unchanged=412, early_stops=8/8
26 - INFO - chord#: 132 In build_straw_man_chord_sa. tolerance = 1, sa_iterations = 1000, initial_temperature = 3.0, cooling_rate = 0.999
26 - INFO - chord#: 118 done. best_score=27.0, changed=519, unchanged=344, early_stops=8/8
26 - INFO - chord#: 120 In build_straw_man_chord_sa. tolerance = 1, sa_iterations = 1000, initial_temperature = 3.0, cooling_rate = 0.999
26 - INFO - chord#: 94 done. best_score=67.0, changed=614, unchanged=359, early_stops=8/8
26 - INFO - chord#: 96 In build_straw_man_chord_sa. tolerance = 1, sa_iterations = 1000, initial_temperature = 3.0, cooling_rate = 0.999
26 - INFO - chord#: 128 done. best_score=27.0, changed=512, unchanged=309, early_stops=8/8
26 - INFO - chord#: 132 In build_straw_man_chord_sa. tolerance = 1, sa_iterations = 1000, initial_temperature = 3.0, cooling_rate = 0.999
26 - INFO - chord#: 120 done. best_score=27.0, changed=518, unchanged=381, early_stops=8/8
26 - INFO - chord#: 122 In build_straw_man_chord_sa. tolerance = 1, sa_iterations = 1000, initial_temperature = 3.0, cooling_rate = 0.999
26 - INFO - chord#: 120 done. best_score=27.0, changed=519, unchanged=497, early_stops=8/8
26 - INFO - chord#: 122 In build_straw_man_chord_sa. tolerance = 1, sa_iterations = 1000, initial_temperature = 3.0, cooling_rate = 0.999
26 - INFO - chord#: 96 done. best_score=11.0, changed=488, unchanged=394, early_stops=8/8
26 - INFO - chord#: 104 In build_straw_man_chord_sa. tolerance = 1, sa_iterations = 1000, initial_temperature = 3.0, cooling_rate = 0.999
26 - INFO - chord#: 88 done. best_score=67.0, changed=618, unchanged=326, early_stops=8/8
26 - INFO - chord#: 92 In build_straw_man_chord_sa. tolerance = 1, sa_iterations = 1000, initial_temperature = 3.0, cooling_rate = 0.999
26 - INFO - chord#: 104 done. best_score=27.0, changed=525, unchanged=317, early_stops=8/8
26 - INFO - chord#: 108 In build_straw_man_chord_sa. tolerance = 1, sa_iterations = 1000, initial_temperature = 3.0, cooling_rate = 0.999
26 - INFO - chord#: 132 done. best_score=27.0, changed=526, unchanged=454, early_stops=8/8
26 - INFO - chord#: 136 In build_straw_man_chord_sa. tolerance = 1, sa_iterations = 1000, initial_temperature = 3.0, cooling_rate = 0.999
26 - INFO - chord#: 94 done. best_score=67.0, changed=611, unchanged=306, early_stops=8/8
26 - INFO - chord#: 96 In build_straw_man_chord_sa. tolerance = 1, sa_iterations = 1000, initial_temperature = 3.0, cooling_rate = 0.999
26 - INFO - chord#: 132 done. best_score=27.0, changed=524, unchanged=353, early_stops=8/8
26 - INFO - chord#: 136 In build_straw_man_chord_sa. tolerance = 1, sa_iterations = 1000, initial_temperature = 3.0, cooling_rate = 0.999
26 - INFO - chord#: 120 done. best_score=27.0, changed=525, unchanged=397, early_stops=8/8
26 - INFO - chord#: 122 In build_straw_man_chord_sa. tolerance = 1, sa_iterations = 1000, initial_temperature = 3.0, cooling_rate = 0.999
26 - INFO - chord#: 92 done. best_score=27.0, changed=519, unchanged=436, early_stops=8/8
26 - INFO - chord#: 94 In build_straw_man_chord_sa. tolerance = 1, sa_iterations = 1000, initial_temperature = 3.0, cooling_rate = 0.999
26 - INFO - chord#: 96 done. best_score=11.0, changed=488, unchanged=355, early_stops=8/8
26 - INFO - chord#: 104 In build_straw_man_chord_sa. tolerance = 1, sa_iterations = 1000, initial_temperature = 3.0, cooling_rate = 0.999
26 - INFO - chord#: 94 done. best_score=137.0, changed=610, unchanged=257, early_stops=8/8
26 - INFO - chord#: 96 In build_straw_man_chord_sa. tolerance = 1, sa_iterations = 1000, initial_temperature = 3.0, cooling_rate = 0.999
26 - INFO - chord#: 96 done. best_score=11.0, changed=485, unchanged=336, early_stops=8/8
26 - INFO - chord#: 104 In build_straw_man_chord_sa. tolerance = 1, sa_iterations = 1000, initial_temperature = 3.0, cooling_rate = 0.999
26 - INFO - chord#: 104 done. best_score=27.0, changed=520, unchanged=346, early_stops=8/8
26 - INFO - chord#: 108 In build_straw_man_chord_sa. tolerance = 1, sa_iterations = 1000, initial_temperature = 3.0, cooling_rate = 0.999
26 - INFO - chord#: 136 done. best_score=27.0, changed=524, unchanged=360, early_stops=8/8
26 - INFO - chord#: 140 In build_straw_man_chord_sa. tolerance = 1, sa_iterations = 1000, initial_temperature = 3.0, cooling_rate = 0.999
26 - INFO - chord#: 122 done. best_score=74.0, changed=613, unchanged=408, early_stops=8/8
26 - INFO - chord#: 124 In build_straw_man_chord_sa. tolerance = 1, sa_iterations = 1000, initial_temperature = 3.0, cooling_rate = 0.999
26 - INFO - chord#: 92 done. best_score=27.0, changed=518, unchanged=386, early_stops=8/8
26 - INFO - chord#: 94 In build_straw_man_chord_sa. tolerance = 1, sa_iterations = 1000, initial_temperature = 3.0, cooling_rate = 0.999
26 - INFO - chord#: 136 done. best_score=27.0, changed=518, unchanged=346, early_stops=8/8
26 - INFO - chord#: 140 In build_straw_man_chord_sa. tolerance = 1, sa_iterations = 1000, initial_temperature = 3.0, cooling_rate = 0.999
26 - INFO - chord#: 122 done. best_score=74.0, changed=607, unchanged=238, early_stops=8/8
26 - INFO - chord#: 124 In build_straw_man_chord_sa. tolerance = 1, sa_iterations = 1000, initial_temperature = 3.0, cooling_rate = 0.999
26 - INFO - chord#: 104 done. best_score=27.0, changed=522, unchanged=372, early_stops=8/8
26 - INFO - chord#: 108 In build_straw_man_chord_sa. tolerance = 1, sa_iterations = 1000, initial_temperature = 3.0, cooling_rate = 0.999
26 - INFO - chord#: 122 done. best_score=96.0, changed=612, unchanged=324, early_stops=8/8
26 - INFO - chord#: 124 In build_straw_man_chord_sa. tolerance = 1, sa_iterations = 1000, initial_temperature = 3.0, cooling_rate = 0.999
26 - INFO - chord#: 104 done. best_score=27.0, changed=521, unchanged=381, early_stops=8/8
26 - INFO - chord#: 108 In build_straw_man_chord_sa. tolerance = 1, sa_iterations = 1000, initial_temperature = 3.0, cooling_rate = 0.999
26 - INFO - chord#: 124 done. best_score=27.0, changed=522, unchanged=378, early_stops=8/8
26 - INFO - chord#: 128 In build_straw_man_chord_sa. tolerance = 1, sa_iterations = 1000, initial_temperature = 3.0, cooling_rate = 0.999
26 - INFO - chord#: 108 done. best_score=171.0, changed=616, unchanged=285, early_stops=8/8
26 - INFO - chord#: 110 In build_straw_man_chord_sa. tolerance = 1, sa_iterations = 1000, initial_temperature = 3.0, cooling_rate = 0.999
26 - INFO - chord#: 124 done. best_score=27.0, changed=523, unchanged=446, early_stops=8/8
26 - INFO - chord#: 128 In build_straw_man_chord_sa. tolerance = 1, sa_iterations = 1000, initial_temperature = 3.0, cooling_rate = 0.999
26 - INFO - chord#: 122 done. best_score=96.0, changed=612, unchanged=328, early_stops=8/8
26 - INFO - chord#: 124 In build_straw_man_chord_sa. tolerance = 1, sa_iterations = 1000, initial_temperature = 3.0, cooling_rate = 0.999
26 - INFO - chord#: 124 done. best_score=27.0, changed=529, unchanged=345, early_stops=8/8
26 - INFO - chord#: 128 In build_straw_man_chord_sa. tolerance = 1, sa_iterations = 1000, initial_temperature = 3.0, cooling_rate = 0.999
26 - INFO - chord#: 128 done. best_score=27.0, changed=516, unchanged=352, early_stops=8/8
26 - INFO - chord#: 132 In build_straw_man_chord_sa. tolerance = 1, sa_iterations = 1000, initial_temperature = 3.0, cooling_rate = 0.999
26 - INFO - chord#: 108 done. best_score=64.0, changed=608, unchanged=211, early_stops=8/8
26 - INFO - chord#: 110 In build_straw_man_chord_sa. tolerance = 1, sa_iterations = 1000, initial_temperature = 3.0, cooling_rate = 0.999
26 - INFO - chord#: 110 done. best_score=27.0, changed=536, unchanged=394, early_stops=8/8
26 - INFO - chord#: 112 In build_straw_man_chord_sa. tolerance = 1, sa_iterations = 1000, initial_temperature = 3.0, cooling_rate = 0.999
26 - INFO - chord#: 94 done. best_score=137.0, changed=615, unchanged=279, early_stops=8/8
26 - INFO - chord#: 96 In build_straw_man_chord_sa. tolerance = 1, sa_iterations = 1000, initial_temperature = 3.0, cooling_rate = 0.999
26 - INFO - chord#: 124 done. best_score=27.0, changed=527, unchanged=346, early_stops=8/8
26 - INFO - chord#: 128 In build_straw_man_chord_sa. tolerance = 1, sa_iterations = 1000, initial_temperature = 3.0, cooling_rate = 0.999
26 - INFO - chord#: 128 done. best_score=27.0, changed=517, unchanged=338, early_stops=8/8
26 - INFO - chord#: 132 In build_straw_man_chord_sa. tolerance = 1, sa_iterations = 1000, initial_temperature = 3.0, cooling_rate = 0.999
26 - INFO - chord#: 140 done. best_score=64.0, changed=613, unchanged=356, early_stops=8/8
26 - INFO - chord#: 144 In build_straw_man_chord_sa. tolerance = 1, sa_iterations = 1000, initial_temperature = 3.0, cooling_rate = 0.999
26 - INFO - chord#: 96 done. best_score=11.0, changed=490, unchanged=359, early_stops=8/8
26 - INFO - chord#: 104 In build_straw_man_chord_sa. tolerance = 1, sa_iterations = 1000, initial_temperature = 3.0, cooling_rate = 0.999
26 - INFO - chord#: 132 done. best_score=27.0, changed=525, unchanged=344, early_stops=8/8
26 - INFO - chord#: 136 In build_straw_man_chord_sa. tolerance = 1, sa_iterations = 1000, initial_temperature = 3.0, cooling_rate = 0.999
26 - INFO - chord#: 140 done. best_score=64.0, changed=619, unchanged=548, early_stops=8/8
26 - INFO - chord#: 144 In build_straw_man_chord_sa. tolerance = 1, sa_iterations = 1000, initial_temperature = 3.0, cooling_rate = 0.999
26 - INFO - chord#: 128 done. best_score=27.0, changed=523, unchanged=422, early_stops=8/8
26 - INFO - chord#: 132 In build_straw_man_chord_sa. tolerance = 1, sa_iterations = 1000, initial_temperature = 3.0, cooling_rate = 0.999
26 - INFO - chord#: 112 done. best_score=27.0, changed=518, unchanged=388, early_stops=8/8
26 - INFO - chord#: 116 In build_straw_man_chord_sa. tolerance = 1, sa_iterations = 1000, initial_temperature = 3.0, cooling_rate = 0.999
26 - INFO - chord#: 110 done. best_score=27.0, changed=529, unchanged=361, early_stops=8/8
26 - INFO - chord#: 112 In build_straw_man_chord_sa. tolerance = 1, sa_iterations = 1000, initial_temperature = 3.0, cooling_rate = 0.999
26 - INFO - chord#: 128 done. best_score=27.0, changed=514, unchanged=390, early_stops=8/8
26 - INFO - chord#: 132 In build_straw_man_chord_sa. tolerance = 1, sa_iterations = 1000, initial_temperature = 3.0, cooling_rate = 0.999
26 - INFO - chord#: 108 done. best_score=64.0, changed=610, unchanged=332, early_stops=8/8
26 - INFO - chord#: 110 In build_straw_man_chord_sa. tolerance = 1, sa_iterations = 1000, initial_temperature = 3.0, cooling_rate = 0.999
26 - INFO - chord#: 108 done. best_score=64.0, changed=610, unchanged=269, early_stops=8/8
26 - INFO - chord#: 110 In build_straw_man_chord_sa. tolerance = 1, sa_iterations = 1000, initial_temperature = 3.0, cooling_rate = 0.999
26 - INFO - chord#: 132 done. best_score=27.0, changed=524, unchanged=406, early_stops=8/8
26 - INFO - chord#: 136 In build_straw_man_chord_sa. tolerance = 1, sa_iterations = 1000, initial_temperature = 3.0, cooling_rate = 0.999
26 - INFO - chord#: 94 done. best_score=67.0, changed=611, unchanged=458, early_stops=8/8
26 - INFO - chord#: 96 In build_straw_man_chord_sa. tolerance = 1, sa_iterations = 1000, initial_temperature = 3.0, cooling_rate = 0.999
26 - INFO - chord#: 144 done. best_score=27.0, changed=523, unchanged=397, early_stops=8/8
26 - INFO - chord#: 148 In build_straw_man_chord_sa. tolerance = 1, sa_iterations = 1000, initial_temperature = 3.0, cooling_rate = 0.999
26 - INFO - chord#: 136 done. best_score=27.0, changed=526, unchanged=333, early_stops=8/8
26 - INFO - chord#: 140 In build_straw_man_chord_sa. tolerance = 1, sa_iterations = 1000, initial_temperature = 3.0, cooling_rate = 0.999
26 - INFO - chord#: 144 done. best_score=27.0, changed=517, unchanged=355, early_stops=8/8
26 - INFO - chord#: 148 In build_straw_man_chord_sa. tolerance = 1, sa_iterations = 1000, initial_temperature = 3.0, cooling_rate = 0.999
26 - INFO - chord#: 104 done. best_score=27.0, changed=529, unchanged=345, early_stops=8/8
26 - INFO - chord#: 108 In build_straw_man_chord_sa. tolerance = 1, sa_iterations = 1000, initial_temperature = 3.0, cooling_rate = 0.999
26 - INFO - chord#: 96 done. best_score=11.0, changed=476, unchanged=347, early_stops=8/8
26 - INFO - chord#: 104 In build_straw_man_chord_sa. tolerance = 1, sa_iterations = 1000, initial_temperature = 3.0, cooling_rate = 0.999
26 - INFO - chord#: 132 done. best_score=27.0, changed=523, unchanged=383, early_stops=8/8
26 - INFO - chord#: 136 In build_straw_man_chord_sa. tolerance = 1, sa_iterations = 1000, initial_temperature = 3.0, cooling_rate = 0.999
26 - INFO - chord#: 136 done. best_score=27.0, changed=520, unchanged=344, early_stops=8/8
26 - INFO - chord#: 140 In build_straw_man_chord_sa. tolerance = 1, sa_iterations = 1000, initial_temperature = 3.0, cooling_rate = 0.999
26 - INFO - chord#: 132 done. best_score=27.0, changed=521, unchanged=346, early_stops=8/8
26 - INFO - chord#: 136 In build_straw_man_chord_sa. tolerance = 1, sa_iterations = 1000, initial_temperature = 3.0, cooling_rate = 0.999
26 - INFO - chord#: 110 done. best_score=27.0, changed=524, unchanged=357, early_stops=8/8
26 - INFO - chord#: 112 In build_straw_man_chord_sa. tolerance = 1, sa_iterations = 1000, initial_temperature = 3.0, cooling_rate = 0.999
26 - INFO - chord#: 110 done. best_score=27.0, changed=538, unchanged=345, early_stops=8/8
26 - INFO - chord#: 112 In build_straw_man_chord_sa. tolerance = 1, sa_iterations = 1000, initial_temperature = 3.0, cooling_rate = 0.999
26 - INFO - chord#: 112 done. best_score=27.0, changed=519, unchanged=564, early_stops=8/8
26 - INFO - chord#: 116 In build_straw_man_chord_sa. tolerance = 1, sa_iterations = 1000, initial_temperature = 3.0, cooling_rate = 0.999
26 - INFO - chord#: 104 done. best_score=27.0, changed=528, unchanged=332, early_stops=8/8
26 - INFO - chord#: 108 In build_straw_man_chord_sa. tolerance = 1, sa_iterations = 1000, initial_temperature = 3.0, cooling_rate = 0.999
26 - INFO - chord#: 116 done. best_score=164.0, changed=607, unchanged=225, early_stops=8/8
26 - INFO - chord#: 118 In build_straw_man_chord_sa. tolerance = 1, sa_iterations = 1000, initial_temperature = 3.0, cooling_rate = 0.999
26 - INFO - chord#: 136 done. best_score=27.0, changed=521, unchanged=386, early_stops=8/8
26 - INFO - chord#: 140 In build_straw_man_chord_sa. tolerance = 1, sa_iterations = 1000, initial_temperature = 3.0, cooling_rate = 0.999
26 - INFO - chord#: 136 done. best_score=27.0, changed=531, unchanged=445, early_stops=8/8
26 - INFO - chord#: 140 In build_straw_man_chord_sa. tolerance = 1, sa_iterations = 1000, initial_temperature = 3.0, cooling_rate = 0.999
26 - INFO - chord#: 148 done. best_score=74.0, changed=616, unchanged=370, early_stops=8/8
26 - INFO - chord#: 152 In build_straw_man_chord_sa. tolerance = 1, sa_iterations = 1000, initial_temperature = 3.0, cooling_rate = 0.999
26 - INFO - chord#: 112 done. best_score=27.0, changed=521, unchanged=374, early_stops=8/8
26 - INFO - chord#: 116 In build_straw_man_chord_sa. tolerance = 1, sa_iterations = 1000, initial_temperature = 3.0, cooling_rate = 0.999
26 - INFO - chord#: 118 done. best_score=27.0, changed=522, unchanged=297, early_stops=8/8
26 - INFO - chord#: 120 In build_straw_man_chord_sa. tolerance = 1, sa_iterations = 1000, initial_temperature = 3.0, cooling_rate = 0.999
26 - INFO - chord#: 148 done. best_score=74.0, changed=612, unchanged=393, early_stops=8/8
26 - INFO - chord#: 152 In build_straw_man_chord_sa. tolerance = 1, sa_iterations = 1000, initial_temperature = 3.0, cooling_rate = 0.999
26 - INFO - chord#: 112 done. best_score=27.0, changed=529, unchanged=543, early_stops=8/8
26 - INFO - chord#: 116 In build_straw_man_chord_sa. tolerance = 1, sa_iterations = 1000, initial_temperature = 3.0, cooling_rate = 0.999
26 - INFO - chord#: 140 done. best_score=146.0, changed=611, unchanged=402, early_stops=8/8
26 - INFO - chord#: 144 In build_straw_man_chord_sa. tolerance = 1, sa_iterations = 1000, initial_temperature = 3.0, cooling_rate = 0.999
26 - INFO - chord#: 140 done. best_score=146.0, changed=615, unchanged=276, early_stops=8/8
26 - INFO - chord#: 144 In build_straw_man_chord_sa. tolerance = 1, sa_iterations = 1000, initial_temperature = 3.0, cooling_rate = 0.999
26 - INFO - chord#: 108 done. best_score=104.0, changed=612, unchanged=406, early_stops=8/8
26 - INFO - chord#: 110 In build_straw_man_chord_sa. tolerance = 1, sa_iterations = 1000, initial_temperature = 3.0, cooling_rate = 0.999
26 - INFO - chord#: 152 done. best_score=27.0, changed=529, unchanged=380, early_stops=8/8
26 - INFO - chord#: 154 In build_straw_man_chord_sa. tolerance = 1, sa_iterations = 1000, initial_temperature = 3.0, cooling_rate = 0.999
26 - INFO - chord#: 120 done. best_score=27.0, changed=516, unchanged=365, early_stops=8/8
26 - INFO - chord#: 122 In build_straw_man_chord_sa. tolerance = 1, sa_iterations = 1000, initial_temperature = 3.0, cooling_rate = 0.999
26 - INFO - chord#: 152 done. best_score=27.0, changed=514, unchanged=389, early_stops=8/8
26 - INFO - chord#: 154 In build_straw_man_chord_sa. tolerance = 1, sa_iterations = 1000, initial_temperature = 3.0, cooling_rate = 0.999
26 - INFO - chord#: 144 done. best_score=27.0, changed=520, unchanged=455, early_stops=8/8
26 - INFO - chord#: 148 In build_straw_man_chord_sa. tolerance = 1, sa_iterations = 1000, initial_temperature = 3.0, cooling_rate = 0.999
26 - INFO - chord#: 116 done. best_score=96.0, changed=617, unchanged=298, early_stops=8/8
26 - INFO - chord#: 118 In build_straw_man_chord_sa. tolerance = 1, sa_iterations = 1000, initial_temperature = 3.0, cooling_rate = 0.999
26 - INFO - chord#: 144 done. best_score=27.0, changed=524, unchanged=391, early_stops=8/8
26 - INFO - chord#: 148 In build_straw_man_chord_sa. tolerance = 1, sa_iterations = 1000, initial_temperature = 3.0, cooling_rate = 0.999
26 - INFO - chord#: 140 done. best_score=71.0, changed=620, unchanged=302, early_stops=8/8
26 - INFO - chord#: 144 In build_straw_man_chord_sa. tolerance = 1, sa_iterations = 1000, initial_temperature = 3.0, cooling_rate = 0.999
26 - INFO - chord#: 110 done. best_score=27.0, changed=557, unchanged=335, early_stops=8/8
26 - INFO - chord#: 112 In build_straw_man_chord_sa. tolerance = 1, sa_iterations = 1000, initial_temperature = 3.0, cooling_rate = 0.999
26 - INFO - chord#: 108 done. best_score=64.0, changed=613, unchanged=394, early_stops=8/8
26 - INFO - chord#: 110 In build_straw_man_chord_sa. tolerance = 1, sa_iterations = 1000, initial_temperature = 3.0, cooling_rate = 0.999
26 - INFO - chord#: 140 done. best_score=64.0, changed=609, unchanged=342, early_stops=8/8
26 - INFO - chord#: 144 In build_straw_man_chord_sa. tolerance = 1, sa_iterations = 1000, initial_temperature = 3.0, cooling_rate = 0.999
26 - INFO - chord#: 118 done. best_score=27.0, changed=542, unchanged=314, early_stops=8/8
26 - INFO - chord#: 120 In build_straw_man_chord_sa. tolerance = 1, sa_iterations = 1000, initial_temperature = 3.0, cooling_rate = 0.999
26 - INFO - chord#: 144 done. best_score=27.0, changed=525, unchanged=452, early_stops=8/8
26 - INFO - chord#: 116 done. best_score=164.0, changed=608, unchanged=350, early_stops=8/8
26 - INFO - chord#: 116 done. best_score=74.0, changed=607, unchanged=330, early_stops=8/8
26 - INFO - chord#: 118 In build_straw_man_chord_sa. tolerance = 1, sa_iterations = 1000, initial_temperature = 3.0, cooling_rate = 0.999
26 - INFO - chord#: 148 In build_straw_man_chord_sa. tolerance = 1, sa_iterations = 1000, initial_temperature = 3.0, cooling_rate = 0.999
26 - INFO - chord#: 118 In build_straw_man_chord_sa. tolerance = 1, sa_iterations = 1000, initial_temperature = 3.0, cooling_rate = 0.999
26 - INFO - chord#: 122 done. best_score=74.0, changed=607, unchanged=213, early_stops=8/8
26 - INFO - chord#: 124 In build_straw_man_chord_sa. tolerance = 1, sa_iterations = 1000, initial_temperature = 3.0, cooling_rate = 0.999
26 - INFO - chord#: 110 done. best_score=27.0, changed=533, unchanged=318, early_stops=8/8
26 - INFO - chord#: 112 In build_straw_man_chord_sa. tolerance = 1, sa_iterations = 1000, initial_temperature = 3.0, cooling_rate = 0.999
26 - INFO - chord#: 112 done. best_score=27.0, changed=521, unchanged=393, early_stops=8/8
26 - INFO - chord#: 116 In build_straw_man_chord_sa. tolerance = 1, sa_iterations = 1000, initial_temperature = 3.0, cooling_rate = 0.999
26 - INFO - chord#: 148 done. best_score=141.0, changed=611, unchanged=253, early_stops=8/8
26 - INFO - chord#: 152 In build_straw_man_chord_sa. tolerance = 1, sa_iterations = 1000, initial_temperature = 3.0, cooling_rate = 0.999
26 - INFO - chord#: 154 done. best_score=141.0, changed=613, unchanged=306, early_stops=8/8
26 - INFO - chord#: 156 In build_straw_man_chord_sa. tolerance = 1, sa_iterations = 1000, initial_temperature = 3.0, cooling_rate = 0.999
26 - INFO - chord#: 124 done. best_score=27.0, changed=529, unchanged=317, early_stops=8/8
26 - INFO - chord#: 128 In build_straw_man_chord_sa. tolerance = 1, sa_iterations = 1000, initial_temperature = 3.0, cooling_rate = 0.999
26 - INFO - chord#: 154 done. best_score=121.0, changed=613, unchanged=355, early_stops=8/8
26 - INFO - chord#: 156 In build_straw_man_chord_sa. tolerance = 1, sa_iterations = 1000, initial_temperature = 3.0, cooling_rate = 0.999
26 - INFO - chord#: 148 done. best_score=74.0, changed=609, unchanged=304, early_stops=8/8
26 - INFO - chord#: 152 In build_straw_man_chord_sa. tolerance = 1, sa_iterations = 1000, initial_temperature = 3.0, cooling_rate = 0.999
26 - INFO - chord#: 144 done. best_score=27.0, changed=522, unchanged=427, early_stops=8/8
26 - INFO - chord#: 148 In build_straw_man_chord_sa. tolerance = 1, sa_iterations = 1000, initial_temperature = 3.0, cooling_rate = 0.999
26 - INFO - chord#: 118 done. best_score=27.0, changed=523, unchanged=304, early_stops=8/8
26 - INFO - chord#: 120 In build_straw_man_chord_sa. tolerance = 1, sa_iterations = 1000, initial_temperature = 3.0, cooling_rate = 0.999
26 - INFO - chord#: 120 done. best_score=27.0, changed=521, unchanged=502, early_stops=8/8
26 - INFO - chord#: 122 In build_straw_man_chord_sa. tolerance = 1, sa_iterations = 1000, initial_temperature = 3.0, cooling_rate = 0.999
26 - INFO - chord#: 118 done. best_score=27.0, changed=544, unchanged=407, early_stops=8/8
26 - INFO - chord#: 120 In build_straw_man_chord_sa. tolerance = 1, sa_iterations = 1000, initial_temperature = 3.0, cooling_rate = 0.999
26 - INFO - chord#: 152 done. best_score=27.0, changed=521, unchanged=369, early_stops=8/8
26 - INFO - chord#: 154 In build_straw_man_chord_sa. tolerance = 1, sa_iterations = 1000, initial_temperature = 3.0, cooling_rate = 0.999
26 - INFO - chord#: 112 done. best_score=27.0, changed=517, unchanged=373, early_stops=8/8
26 - INFO - chord#: 116 In build_straw_man_chord_sa. tolerance = 1, sa_iterations = 1000, initial_temperature = 3.0, cooling_rate = 0.999
26 - INFO - chord#: 156 done. best_score=27.0, changed=528, unchanged=376, early_stops=8/8
26 - INFO - chord#: 158 In build_straw_man_chord_sa. tolerance = 1, sa_iterations = 1000, initial_temperature = 3.0, cooling_rate = 0.999
26 - INFO - chord#: 156 done. best_score=27.0, changed=518, unchanged=339, early_stops=8/8
26 - INFO - chord#: 152 done. best_score=27.0, changed=516, unchanged=311, early_stops=8/8
26 - INFO - chord#: 158 In build_straw_man_chord_sa. tolerance = 1, sa_iterations = 1000, initial_temperature = 3.0, cooling_rate = 0.999
26 - INFO - chord#: 154 In build_straw_man_chord_sa. tolerance = 1, sa_iterations = 1000, initial_temperature = 3.0, cooling_rate = 0.999
26 - INFO - chord#: 128 done. best_score=27.0, changed=518, unchanged=387, early_stops=8/8
26 - INFO - chord#: 132 In build_straw_man_chord_sa. tolerance = 1, sa_iterations = 1000, initial_temperature = 3.0, cooling_rate = 0.999
26 - INFO - chord#: 120 done. best_score=27.0, changed=517, unchanged=313, early_stops=8/8
26 - INFO - chord#: 122 In build_straw_man_chord_sa. tolerance = 1, sa_iterations = 1000, initial_temperature = 3.0, cooling_rate = 0.999
26 - INFO - chord#: 148 done. best_score=141.0, changed=613, unchanged=316, early_stops=8/8
26 - INFO - chord#: 152 In build_straw_man_chord_sa. tolerance = 1, sa_iterations = 1000, initial_temperature = 3.0, cooling_rate = 0.999
26 - INFO - chord#: 158 done. best_score=31.0, changed=534, unchanged=434, early_stops=8/8
26 - INFO - chord#: 160 In build_straw_man_chord_sa. tolerance = 1, sa_iterations = 1000, initial_temperature = 3.0, cooling_rate = 0.999
26 - INFO - chord#: 120 done. best_score=27.0, changed=521, unchanged=341, early_stops=8/8
26 - INFO - chord#: 122 In build_straw_man_chord_sa. tolerance = 1, sa_iterations = 1000, initial_temperature = 3.0, cooling_rate = 0.999
26 - INFO - chord#: 132 done. best_score=27.0, changed=517, unchanged=378, early_stops=8/8
26 - INFO - chord#: 136 In build_straw_man_chord_sa. tolerance = 1, sa_iterations = 1000, initial_temperature = 3.0, cooling_rate = 0.999
26 - INFO - chord#: 158 done. best_score=31.0, changed=537, unchanged=453, early_stops=8/8
26 - INFO - chord#: 160 In build_straw_man_chord_sa. tolerance = 1, sa_iterations = 1000, initial_temperature = 3.0, cooling_rate = 0.999
26 - INFO - chord#: 152 done. best_score=27.0, changed=520, unchanged=381, early_stops=8/8
26 - INFO - chord#: 154 In build_straw_man_chord_sa. tolerance = 1, sa_iterations = 1000, initial_temperature = 3.0, cooling_rate = 0.999
26 - INFO - chord#: 148 done. best_score=149.0, changed=613, unchanged=224, early_stops=8/8
26 - INFO - chord#: 152 In build_straw_man_chord_sa. tolerance = 1, sa_iterations = 1000, initial_temperature = 3.0, cooling_rate = 0.999
26 - INFO - chord#: 116 done. best_score=148.0, changed=619, unchanged=448, early_stops=8/8
26 - INFO - chord#: 118 In build_straw_man_chord_sa. tolerance = 1, sa_iterations = 1000, initial_temperature = 3.0, cooling_rate = 0.999
26 - INFO - chord#: 136 done. best_score=27.0, changed=531, unchanged=298, early_stops=8/8
26 - INFO - chord#: 140 In build_straw_man_chord_sa. tolerance = 1, sa_iterations = 1000, initial_temperature = 3.0, cooling_rate = 0.999
26 - INFO - chord#: 122 done. best_score=149.0, changed=612, unchanged=426, early_stops=8/8
26 - INFO - chord#: 124 In build_straw_man_chord_sa. tolerance = 1, sa_iterations = 1000, initial_temperature = 3.0, cooling_rate = 0.999
26 - INFO - chord#: 154 done. best_score=141.0, changed=613, unchanged=473, early_stops=8/8
26 - INFO - chord#: 156 In build_straw_man_chord_sa. tolerance = 1, sa_iterations = 1000, initial_temperature = 3.0, cooling_rate = 0.999
26 - INFO - chord#: 116 done. best_score=121.0, changed=613, unchanged=371, early_stops=8/8
26 - INFO - chord#: 118 In build_straw_man_chord_sa. tolerance = 1, sa_iterations = 1000, initial_temperature = 3.0, cooling_rate = 0.999
26 - INFO - chord#: 122 done. best_score=121.0, changed=613, unchanged=233, early_stops=8/8
26 - INFO - chord#: 124 In build_straw_man_chord_sa. tolerance = 1, sa_iterations = 1000, initial_temperature = 3.0, cooling_rate = 0.999
26 - INFO - chord#: 118 done. best_score=27.0, changed=520, unchanged=303, early_stops=8/8
26 - INFO - chord#: 120 In build_straw_man_chord_sa. tolerance = 1, sa_iterations = 1000, initial_temperature = 3.0, cooling_rate = 0.999
26 - INFO - chord#: 154 done. best_score=74.0, changed=613, unchanged=416, early_stops=8/8
26 - INFO - chord#: 156 In build_straw_man_chord_sa. tolerance = 1, sa_iterations = 1000, initial_temperature = 3.0, cooling_rate = 0.999
26 - INFO - chord#: 160 done. best_score=94.0, changed=611, unchanged=288, early_stops=8/8
26 - INFO - chord#: 162 In build_straw_man_chord_sa. tolerance = 1, sa_iterations = 1000, initial_temperature = 3.0, cooling_rate = 0.999
26 - INFO - chord#: 152 done. best_score=27.0, changed=520, unchanged=415, early_stops=8/8
26 - INFO - chord#: 154 In build_straw_man_chord_sa. tolerance = 1, sa_iterations = 1000, initial_temperature = 3.0, cooling_rate = 0.999
26 - INFO - chord#: 160 done. best_score=96.0, changed=612, unchanged=247, early_stops=8/8
26 - INFO - chord#: 162 In build_straw_man_chord_sa. tolerance = 1, sa_iterations = 1000, initial_temperature = 3.0, cooling_rate = 0.999
26 - INFO - chord#: 122 done. best_score=74.0, changed=610, unchanged=338, early_stops=8/8
26 - INFO - chord#: 124 In build_straw_man_chord_sa. tolerance = 1, sa_iterations = 1000, initial_temperature = 3.0, cooling_rate = 0.999
26 - INFO - chord#: 124 done. best_score=27.0, changed=529, unchanged=355, early_stops=8/8
26 - INFO - chord#: 128 In build_straw_man_chord_sa. tolerance = 1, sa_iterations = 1000, initial_temperature = 3.0, cooling_rate = 0.999
26 - INFO - chord#: 154 done. best_score=74.0, changed=610, unchanged=273, early_stops=8/8
26 - INFO - chord#: 156 In build_straw_man_chord_sa. tolerance = 1, sa_iterations = 1000, initial_temperature = 3.0, cooling_rate = 0.999
26 - INFO - chord#: 156 done. best_score=27.0, changed=521, unchanged=461, early_stops=8/8
26 - INFO - chord#: 158 In build_straw_man_chord_sa. tolerance = 1, sa_iterations = 1000, initial_temperature = 3.0, cooling_rate = 0.999
26 - INFO - chord#: 118 done. best_score=27.0, changed=515, unchanged=303, early_stops=8/8
26 - INFO - chord#: 120 In build_straw_man_chord_sa. tolerance = 1, sa_iterations = 1000, initial_temperature = 3.0, cooling_rate = 0.999
26 - INFO - chord#: 124 done. best_score=27.0, changed=523, unchanged=373, early_stops=8/8
26 - INFO - chord#: 128 In build_straw_man_chord_sa. tolerance = 1, sa_iterations = 1000, initial_temperature = 3.0, cooling_rate = 0.999
26 - INFO - chord#: 156 done. best_score=27.0, changed=534, unchanged=576, early_stops=8/8
26 - INFO - chord#: 158 In build_straw_man_chord_sa. tolerance = 1, sa_iterations = 1000, initial_temperature = 3.0, cooling_rate = 0.999
26 - INFO - chord#: 140 done. best_score=104.0, changed=614, unchanged=334, early_stops=8/8
26 - INFO - chord#: 144 In build_straw_man_chord_sa. tolerance = 1, sa_iterations = 1000, initial_temperature = 3.0, cooling_rate = 0.999
26 - INFO - chord#: 120 done. best_score=27.0, changed=523, unchanged=456, early_stops=8/8
26 - INFO - chord#: 122 In build_straw_man_chord_sa. tolerance = 1, sa_iterations = 1000, initial_temperature = 3.0, cooling_rate = 0.999
26 - INFO - chord#: 156 done. best_score=27.0, changed=515, unchanged=364, early_stops=8/8
26 - INFO - chord#: 158 In build_straw_man_chord_sa. tolerance = 1, sa_iterations = 1000, initial_temperature = 3.0, cooling_rate = 0.999
26 - INFO - chord#: 158 done. best_score=31.0, changed=520, unchanged=374, early_stops=8/8
26 - INFO - chord#: 160 In build_straw_man_chord_sa. tolerance = 1, sa_iterations = 1000, initial_temperature = 3.0, cooling_rate = 0.999
26 - INFO - chord#: 124 done. best_score=27.0, changed=522, unchanged=401, early_stops=8/8
26 - INFO - chord#: 128 In build_straw_man_chord_sa. tolerance = 1, sa_iterations = 1000, initial_temperature = 3.0, cooling_rate = 0.999
26 - INFO - chord#: 128 done. best_score=27.0, changed=521, unchanged=474, early_stops=8/8
26 - INFO - chord#: 162 done. best_score=160.0, changed=610, unchanged=204, early_stops=8/8
26 - INFO - chord#: 132 In build_straw_man_chord_sa. tolerance = 1, sa_iterations = 1000, initial_temperature = 3.0, cooling_rate = 0.999
26 - INFO - chord#: 164 In build_straw_man_chord_sa. tolerance = 1, sa_iterations = 1000, initial_temperature = 3.0, cooling_rate = 0.999
26 - INFO - chord#: 120 done. best_score=36.0, changed=519, unchanged=364, early_stops=8/8
26 - INFO - chord#: 122 In build_straw_man_chord_sa. tolerance = 1, sa_iterations = 1000, initial_temperature = 3.0, cooling_rate = 0.999
26 - INFO - chord#: 158 done. best_score=31.0, changed=538, unchanged=378, early_stops=8/8
26 - INFO - chord#: 160 In build_straw_man_chord_sa. tolerance = 1, sa_iterations = 1000, initial_temperature = 3.0, cooling_rate = 0.999
26 - INFO - chord#: 162 done. best_score=137.0, changed=607, unchanged=247, early_stops=8/8
26 - INFO - chord#: 164 In build_straw_man_chord_sa. tolerance = 1, sa_iterations = 1000, initial_temperature = 3.0, cooling_rate = 0.999
26 - INFO - chord#: 144 done. best_score=27.0, changed=526, unchanged=461, early_stops=8/8
26 - INFO - chord#: 148 In build_straw_man_chord_sa. tolerance = 1, sa_iterations = 1000, initial_temperature = 3.0, cooling_rate = 0.999
26 - INFO - chord#: 128 done. best_score=27.0, changed=522, unchanged=433, early_stops=8/8
26 - INFO - chord#: 132 In build_straw_man_chord_sa. tolerance = 1, sa_iterations = 1000, initial_temperature = 3.0, cooling_rate = 0.999
26 - INFO - chord#: 158 done. best_score=31.0, changed=545, unchanged=569, early_stops=8/8
26 - INFO - chord#: 160 In build_straw_man_chord_sa. tolerance = 1, sa_iterations = 1000, initial_temperature = 3.0, cooling_rate = 0.999
26 - INFO - chord#: 164 done. best_score=27.0, changed=520, unchanged=410, early_stops=8/8
26 - INFO - chord#: 172 In build_straw_man_chord_sa. tolerance = 1, sa_iterations = 1000, initial_temperature = 3.0, cooling_rate = 0.999
26 - INFO - chord#: 132 done. best_score=27.0, changed=522, unchanged=347, early_stops=8/8
26 - INFO - chord#: 136 In build_straw_man_chord_sa. tolerance = 1, sa_iterations = 1000, initial_temperature = 3.0, cooling_rate = 0.999
26 - INFO - chord#: 128 done. best_score=27.0, changed=522, unchanged=518, early_stops=8/8
26 - INFO - chord#: 132 In build_straw_man_chord_sa. tolerance = 1, sa_iterations = 1000, initial_temperature = 3.0, cooling_rate = 0.999
26 - INFO - chord#: 164 done. best_score=27.0, changed=517, unchanged=469, early_stops=8/8
26 - INFO - chord#: 172 In build_straw_man_chord_sa. tolerance = 1, sa_iterations = 1000, initial_temperature = 3.0, cooling_rate = 0.999
26 - INFO - chord#: 154 done. best_score=74.0, changed=609, unchanged=395, early_stops=8/8
26 - INFO - chord#: 156 In build_straw_man_chord_sa. tolerance = 1, sa_iterations = 1000, initial_temperature = 3.0, cooling_rate = 0.999
26 - INFO - chord#: 132 done. best_score=27.0, changed=516, unchanged=340, early_stops=8/8
26 - INFO - chord#: 136 In build_straw_man_chord_sa. tolerance = 1, sa_iterations = 1000, initial_temperature = 3.0, cooling_rate = 0.999
26 - INFO - chord#: 122 done. best_score=74.0, changed=611, unchanged=305, early_stops=8/8
26 - INFO - chord#: 124 In build_straw_man_chord_sa. tolerance = 1, sa_iterations = 1000, initial_temperature = 3.0, cooling_rate = 0.999
26 - INFO - chord#: 172 done. best_score=27.0, changed=530, unchanged=462, early_stops=8/8
26 - INFO - chord#: 160 done. best_score=93.0, changed=614, unchanged=338, early_stops=8/8
26 - INFO - chord#: 176 In build_straw_man_chord_sa. tolerance = 1, sa_iterations = 1000, initial_temperature = 3.0, cooling_rate = 0.999
26 - INFO - chord#: 162 In build_straw_man_chord_sa. tolerance = 1, sa_iterations = 1000, initial_temperature = 3.0, cooling_rate = 0.999
26 - INFO - chord#: 136 done. best_score=27.0, changed=536, unchanged=408, early_stops=8/8
26 - INFO - chord#: 140 In build_straw_man_chord_sa. tolerance = 1, sa_iterations = 1000, initial_temperature = 3.0, cooling_rate = 0.999
26 - INFO - chord#: 132 done. best_score=27.0, changed=521, unchanged=337, early_stops=8/8
26 - INFO - chord#: 136 In build_straw_man_chord_sa. tolerance = 1, sa_iterations = 1000, initial_temperature = 3.0, cooling_rate = 0.999
26 - INFO - chord#: 122 done. best_score=141.0, changed=607, unchanged=199, early_stops=8/8
26 - INFO - chord#: 124 In build_straw_man_chord_sa. tolerance = 1, sa_iterations = 1000, initial_temperature = 3.0, cooling_rate = 0.999
26 - INFO - chord#: 148 done. best_score=74.0, changed=607, unchanged=205, early_stops=8/8
26 - INFO - chord#: 172 done. best_score=27.0, changed=523, unchanged=329, early_stops=8/8
26 - INFO - chord#: 152 In build_straw_man_chord_sa. tolerance = 1, sa_iterations = 1000, initial_temperature = 3.0, cooling_rate = 0.999
26 - INFO - chord#: 176 In build_straw_man_chord_sa. tolerance = 1, sa_iterations = 1000, initial_temperature = 3.0, cooling_rate = 0.999
26 - INFO - chord#: 136 done. best_score=27.0, changed=529, unchanged=380, early_stops=8/8
26 - INFO - chord#: 140 In build_straw_man_chord_sa. tolerance = 1, sa_iterations = 1000, initial_temperature = 3.0, cooling_rate = 0.999
26 - INFO - chord#: 160 done. best_score=93.0, changed=613, unchanged=252, early_stops=8/8
26 - INFO - chord#: 162 In build_straw_man_chord_sa. tolerance = 1, sa_iterations = 1000, initial_temperature = 3.0, cooling_rate = 0.999
26 - INFO - chord#: 160 done. best_score=93.0, changed=618, unchanged=432, early_stops=8/8
26 - INFO - chord#: 162 In build_straw_man_chord_sa. tolerance = 1, sa_iterations = 1000, initial_temperature = 3.0, cooling_rate = 0.999
26 - INFO - chord#: 156 done. best_score=27.0, changed=521, unchanged=547, early_stops=8/8
26 - INFO - chord#: 158 In build_straw_man_chord_sa. tolerance = 1, sa_iterations = 1000, initial_temperature = 3.0, cooling_rate = 0.999
26 - INFO - chord#: 124 done. best_score=27.0, changed=533, unchanged=412, early_stops=8/8
26 - INFO - chord#: 128 In build_straw_man_chord_sa. tolerance = 1, sa_iterations = 1000, initial_temperature = 3.0, cooling_rate = 0.999
26 - INFO - chord#: 124 done. best_score=27.0, changed=524, unchanged=351, early_stops=8/8
26 - INFO - chord#: 128 In build_straw_man_chord_sa. tolerance = 1, sa_iterations = 1000, initial_temperature = 3.0, cooling_rate = 0.999
26 - INFO - chord#: 136 done. best_score=27.0, changed=524, unchanged=341, early_stops=8/8
26 - INFO - chord#: 140 In build_straw_man_chord_sa. tolerance = 1, sa_iterations = 1000, initial_temperature = 3.0, cooling_rate = 0.999
26 - INFO - chord#: 176 done. best_score=36.0, changed=519, unchanged=453, early_stops=8/8
26 - INFO - chord#: 178 In build_straw_man_chord_sa. tolerance = 1, sa_iterations = 1000, initial_temperature = 3.0, cooling_rate = 0.999
26 - INFO - chord#: 152 done. best_score=27.0, changed=521, unchanged=410, early_stops=8/8
26 - INFO - chord#: 154 In build_straw_man_chord_sa. tolerance = 1, sa_iterations = 1000, initial_temperature = 3.0, cooling_rate = 0.999
26 - INFO - chord#: 176 done. best_score=36.0, changed=514, unchanged=504, early_stops=8/8
26 - INFO - chord#: 178 In build_straw_man_chord_sa. tolerance = 1, sa_iterations = 1000, initial_temperature = 3.0, cooling_rate = 0.999
26 - INFO - chord#: 162 done. best_score=96.0, changed=610, unchanged=244, early_stops=8/8
26 - INFO - chord#: 164 In build_straw_man_chord_sa. tolerance = 1, sa_iterations = 1000, initial_temperature = 3.0, cooling_rate = 0.999
26 - INFO - chord#: 158 done. best_score=31.0, changed=517, unchanged=293, early_stops=8/8
26 - INFO - chord#: 160 In build_straw_man_chord_sa. tolerance = 1, sa_iterations = 1000, initial_temperature = 3.0, cooling_rate = 0.999
26 - INFO - chord#: 178 done. best_score=61.0, changed=531, unchanged=348, early_stops=8/8
26 - INFO - chord#: 180 In build_straw_man_chord_sa. tolerance = 1, sa_iterations = 1000, initial_temperature = 3.0, cooling_rate = 0.999
26 - INFO - chord#: 128 done. best_score=27.0, changed=515, unchanged=533, early_stops=8/8
26 - INFO - chord#: 132 In build_straw_man_chord_sa. tolerance = 1, sa_iterations = 1000, initial_temperature = 3.0, cooling_rate = 0.999
26 - INFO - chord#: 178 done. best_score=61.0, changed=532, unchanged=318, early_stops=8/8
26 - INFO - chord#: 180 In build_straw_man_chord_sa. tolerance = 1, sa_iterations = 1000, initial_temperature = 3.0, cooling_rate = 0.999
26 - INFO - chord#: 128 done. best_score=27.0, changed=525, unchanged=359, early_stops=8/8
26 - INFO - chord#: 132 In build_straw_man_chord_sa. tolerance = 1, sa_iterations = 1000, initial_temperature = 3.0, cooling_rate = 0.999
26 - INFO - chord#: 162 done. best_score=78.0, changed=607, unchanged=271, early_stops=8/8
26 - INFO - chord#: 164 In build_straw_man_chord_sa. tolerance = 1, sa_iterations = 1000, initial_temperature = 3.0, cooling_rate = 0.999
26 - INFO - chord#: 140 done. best_score=64.0, changed=621, unchanged=349, early_stops=8/8
26 - INFO - chord#: 144 In build_straw_man_chord_sa. tolerance = 1, sa_iterations = 1000, initial_temperature = 3.0, cooling_rate = 0.999
26 - INFO - chord#: 162 done. best_score=78.0, changed=614, unchanged=326, early_stops=8/8
26 - INFO - chord#: 164 In build_straw_man_chord_sa. tolerance = 1, sa_iterations = 1000, initial_temperature = 3.0, cooling_rate = 0.999
26 - INFO - chord#: 164 done. best_score=27.0, changed=528, unchanged=477, early_stops=8/8
26 - INFO - chord#: 172 In build_straw_man_chord_sa. tolerance = 1, sa_iterations = 1000, initial_temperature = 3.0, cooling_rate = 0.999
26 - INFO - chord#: 140 done. best_score=71.0, changed=607, unchanged=264, early_stops=8/8
26 - INFO - chord#: 144 In build_straw_man_chord_sa. tolerance = 1, sa_iterations = 1000, initial_temperature = 3.0, cooling_rate = 0.999
26 - INFO - chord#: 154 done. best_score=141.0, changed=611, unchanged=251, early_stops=8/8
26 - INFO - chord#: 156 In build_straw_man_chord_sa. tolerance = 1, sa_iterations = 1000, initial_temperature = 3.0, cooling_rate = 0.999
26 - INFO - chord#: 132 done. best_score=27.0, changed=525, unchanged=436, early_stops=8/8
26 - INFO - chord#: 136 In build_straw_man_chord_sa. tolerance = 1, sa_iterations = 1000, initial_temperature = 3.0, cooling_rate = 0.999
26 - INFO - chord#: 132 done. best_score=27.0, changed=512, unchanged=391, early_stops=8/8
26 - INFO - chord#: 136 In build_straw_man_chord_sa. tolerance = 1, sa_iterations = 1000, initial_temperature = 3.0, cooling_rate = 0.999
26 - INFO - chord#: 164 done. best_score=27.0, changed=522, unchanged=448, early_stops=8/8
26 - INFO - chord#: 172 In build_straw_man_chord_sa. tolerance = 1, sa_iterations = 1000, initial_temperature = 3.0, cooling_rate = 0.999
26 - INFO - chord#: 140 done. best_score=146.0, changed=612, unchanged=287, early_stops=8/8
26 - INFO - chord#: 144 In build_straw_man_chord_sa. tolerance = 1, sa_iterations = 1000, initial_temperature = 3.0, cooling_rate = 0.999
26 - INFO - chord#: 144 done. best_score=27.0, changed=514, unchanged=323, early_stops=8/8
26 - INFO - chord#: 148 In build_straw_man_chord_sa. tolerance = 1, sa_iterations = 1000, initial_temperature = 3.0, cooling_rate = 0.999
26 - INFO - chord#: 172 done. best_score=27.0, changed=521, unchanged=387, early_stops=8/8
26 - INFO - chord#: 176 In build_straw_man_chord_sa. tolerance = 1, sa_iterations = 1000, initial_temperature = 3.0, cooling_rate = 0.999
26 - INFO - chord#: 164 done. best_score=27.0, changed=536, unchanged=538, early_stops=8/8
26 - INFO - chord#: 172 In build_straw_man_chord_sa. tolerance = 1, sa_iterations = 1000, initial_temperature = 3.0, cooling_rate = 0.999
26 - INFO - chord#: 144 done. best_score=27.0, changed=510, unchanged=334, early_stops=8/8
26 - INFO - chord#: 148 In build_straw_man_chord_sa. tolerance = 1, sa_iterations = 1000, initial_temperature = 3.0, cooling_rate = 0.999
26 - INFO - chord#: 180 done. best_score=157.0, changed=610, unchanged=265, early_stops=8/8
26 - INFO - chord#: 182 In build_straw_man_chord_sa. tolerance = 1, sa_iterations = 1000, initial_temperature = 3.0, cooling_rate = 0.999
26 - INFO - chord#: 180 done. best_score=78.0, changed=612, unchanged=254, early_stops=8/8
26 - INFO - chord#: 182 In build_straw_man_chord_sa. tolerance = 1, sa_iterations = 1000, initial_temperature = 3.0, cooling_rate = 0.999
26 - INFO - chord#: 136 done. best_score=27.0, changed=524, unchanged=355, early_stops=8/8
26 - INFO - chord#: 140 In build_straw_man_chord_sa. tolerance = 1, sa_iterations = 1000, initial_temperature = 3.0, cooling_rate = 0.999
26 - INFO - chord#: 136 done. best_score=27.0, changed=515, unchanged=325, early_stops=8/8
26 - INFO - chord#: 140 In build_straw_man_chord_sa. tolerance = 1, sa_iterations = 1000, initial_temperature = 3.0, cooling_rate = 0.999
26 - INFO - chord#: 156 done. best_score=27.0, changed=533, unchanged=542, early_stops=8/8
26 - INFO - chord#: 158 In build_straw_man_chord_sa. tolerance = 1, sa_iterations = 1000, initial_temperature = 3.0, cooling_rate = 0.999
26 - INFO - chord#: 172 done. best_score=27.0, changed=515, unchanged=338, early_stops=8/8
26 - INFO - chord#: 176 In build_straw_man_chord_sa. tolerance = 1, sa_iterations = 1000, initial_temperature = 3.0, cooling_rate = 0.999
26 - INFO - chord#: 172 done. best_score=27.0, changed=514, unchanged=322, early_stops=8/8
26 - INFO - chord#: 176 In build_straw_man_chord_sa. tolerance = 1, sa_iterations = 1000, initial_temperature = 3.0, cooling_rate = 0.999
26 - INFO - chord#: 160 done. best_score=96.0, changed=617, unchanged=404, early_stops=8/8
26 - INFO - chord#: 162 In build_straw_man_chord_sa. tolerance = 1, sa_iterations = 1000, initial_temperature = 3.0, cooling_rate = 0.999
26 - INFO - chord#: 176 done. best_score=36.0, changed=525, unchanged=491, early_stops=8/8
26 - INFO - chord#: 178 In build_straw_man_chord_sa. tolerance = 1, sa_iterations = 1000, initial_temperature = 3.0, cooling_rate = 0.999
26 - INFO - chord#: 182 done. best_score=36.0, changed=520, unchanged=448, early_stops=8/8
26 - INFO - chord#: 184 In build_straw_man_chord_sa. tolerance = 1, sa_iterations = 1000, initial_temperature = 3.0, cooling_rate = 0.999
26 - INFO - chord#: 144 done. best_score=27.0, changed=526, unchanged=535, early_stops=8/8
26 - INFO - chord#: 148 In build_straw_man_chord_sa. tolerance = 1, sa_iterations = 1000, initial_temperature = 3.0, cooling_rate = 0.999
26 - INFO - chord#: 182 done. best_score=36.0, changed=525, unchanged=325, early_stops=8/8
26 - INFO - chord#: 184 In build_straw_man_chord_sa. tolerance = 1, sa_iterations = 1000, initial_temperature = 3.0, cooling_rate = 0.999
26 - INFO - chord#: 158 done. best_score=31.0, changed=527, unchanged=336, early_stops=8/8
26 - INFO - chord#: 160 In build_straw_man_chord_sa. tolerance = 1, sa_iterations = 1000, initial_temperature = 3.0, cooling_rate = 0.999
26 - INFO - chord#: 176 done. best_score=36.0, changed=522, unchanged=553, early_stops=8/8
26 - INFO - chord#: 178 In build_straw_man_chord_sa. tolerance = 1, sa_iterations = 1000, initial_temperature = 3.0, cooling_rate = 0.999
26 - INFO - chord#: 176 done. best_score=36.0, changed=518, unchanged=441, early_stops=8/8
26 - INFO - chord#: 178 In build_straw_man_chord_sa. tolerance = 1, sa_iterations = 1000, initial_temperature = 3.0, cooling_rate = 0.999
26 - INFO - chord#: 178 done. best_score=61.0, changed=534, unchanged=347, early_stops=8/8
26 - INFO - chord#: 180 In build_straw_man_chord_sa. tolerance = 1, sa_iterations = 1000, initial_temperature = 3.0, cooling_rate = 0.999
26 - INFO - chord#: 184 done. best_score=27.0, changed=517, unchanged=364, early_stops=8/8
26 - INFO - chord#: 188 In build_straw_man_chord_sa. tolerance = 1, sa_iterations = 1000, initial_temperature = 3.0, cooling_rate = 0.999
26 - INFO - chord#: 184 done. best_score=27.0, changed=521, unchanged=487, early_stops=8/8
26 - INFO - chord#: 188 In build_straw_man_chord_sa. tolerance = 1, sa_iterations = 1000, initial_temperature = 3.0, cooling_rate = 0.999
26 - INFO - chord#: 148 done. best_score=149.0, changed=609, unchanged=235, early_stops=8/8
26 - INFO - chord#: 152 In build_straw_man_chord_sa. tolerance = 1, sa_iterations = 1000, initial_temperature = 3.0, cooling_rate = 0.999
26 - INFO - chord#: 178 done. best_score=61.0, changed=531, unchanged=315, early_stops=8/8
26 - INFO - chord#: 180 In build_straw_man_chord_sa. tolerance = 1, sa_iterations = 1000, initial_temperature = 3.0, cooling_rate = 0.999
26 - INFO - chord#: 140 done. best_score=64.0, changed=610, unchanged=263, early_stops=8/8
26 - INFO - chord#: 144 In build_straw_man_chord_sa. tolerance = 1, sa_iterations = 1000, initial_temperature = 3.0, cooling_rate = 0.999
26 - INFO - chord#: 178 done. best_score=61.0, changed=538, unchanged=363, early_stops=8/8
26 - INFO - chord#: 180 In build_straw_man_chord_sa. tolerance = 1, sa_iterations = 1000, initial_temperature = 3.0, cooling_rate = 0.999
26 - INFO - chord#: 188 done. best_score=27.0, changed=522, unchanged=406, early_stops=8/8
26 - INFO - chord#: 192 In build_straw_man_chord_sa. tolerance = 1, sa_iterations = 1000, initial_temperature = 3.0, cooling_rate = 0.999
26 - INFO - chord#: 188 done. best_score=27.0, changed=528, unchanged=488, early_stops=8/8
26 - INFO - chord#: 192 In build_straw_man_chord_sa. tolerance = 1, sa_iterations = 1000, initial_temperature = 3.0, cooling_rate = 0.999
26 - INFO - chord#: 162 done. best_score=67.0, changed=614, unchanged=283, early_stops=8/8
26 - INFO - chord#: 164 In build_straw_man_chord_sa. tolerance = 1, sa_iterations = 1000, initial_temperature = 3.0, cooling_rate = 0.999
26 - INFO - chord#: 148 done. best_score=74.0, changed=619, unchanged=491, early_stops=8/8
26 - INFO - chord#: 152 In build_straw_man_chord_sa. tolerance = 1, sa_iterations = 1000, initial_temperature = 3.0, cooling_rate = 0.999
26 - INFO - chord#: 160 done. best_score=96.0, changed=612, unchanged=319, early_stops=8/8
26 - INFO - chord#: 162 In build_straw_man_chord_sa. tolerance = 1, sa_iterations = 1000, initial_temperature = 3.0, cooling_rate = 0.999
26 - INFO - chord#: 152 done. best_score=27.0, changed=528, unchanged=464, early_stops=8/8
26 - INFO - chord#: 154 In build_straw_man_chord_sa. tolerance = 1, sa_iterations = 1000, initial_temperature = 3.0, cooling_rate = 0.999
26 - INFO - chord#: 140 done. best_score=64.0, changed=623, unchanged=461, early_stops=8/8
26 - INFO - chord#: 144 In build_straw_man_chord_sa. tolerance = 1, sa_iterations = 1000, initial_temperature = 3.0, cooling_rate = 0.999
26 - INFO - chord#: 148 done. best_score=74.0, changed=613, unchanged=265, early_stops=8/8
26 - INFO - chord#: 152 In build_straw_man_chord_sa. tolerance = 1, sa_iterations = 1000, initial_temperature = 3.0, cooling_rate = 0.999
26 - INFO - chord#: 180 done. best_score=67.0, changed=608, unchanged=298, early_stops=8/8
26 - INFO - chord#: 182 In build_straw_man_chord_sa. tolerance = 1, sa_iterations = 1000, initial_temperature = 3.0, cooling_rate = 0.999
26 - INFO - chord#: 192 done. best_score=59.0, changed=523, unchanged=404, early_stops=8/8
26 - INFO - chord#: 194 In build_straw_man_chord_sa. tolerance = 1, sa_iterations = 1000, initial_temperature = 3.0, cooling_rate = 0.999
26 - INFO - chord#: 144 done. best_score=27.0, changed=521, unchanged=465, early_stops=8/8
26 - INFO - chord#: 148 In build_straw_man_chord_sa. tolerance = 1, sa_iterations = 1000, initial_temperature = 3.0, cooling_rate = 0.999
26 - INFO - chord#: 192 done. best_score=59.0, changed=520, unchanged=410, early_stops=8/8
26 - INFO - chord#: 194 In build_straw_man_chord_sa. tolerance = 1, sa_iterations = 1000, initial_temperature = 3.0, cooling_rate = 0.999
26 - INFO - chord#: 164 done. best_score=27.0, changed=528, unchanged=493, early_stops=8/8
26 - INFO - chord#: 172 In build_straw_man_chord_sa. tolerance = 1, sa_iterations = 1000, initial_temperature = 3.0, cooling_rate = 0.999
26 - INFO - chord#: 152 done. best_score=27.0, changed=521, unchanged=391, early_stops=8/8
26 - INFO - chord#: 154 In build_straw_man_chord_sa. tolerance = 1, sa_iterations = 1000, initial_temperature = 3.0, cooling_rate = 0.999
26 - INFO - chord#: 144 done. best_score=27.0, changed=516, unchanged=371, early_stops=8/8
26 - INFO - chord#: 148 In build_straw_man_chord_sa. tolerance = 1, sa_iterations = 1000, initial_temperature = 3.0, cooling_rate = 0.999
26 - INFO - chord#: 152 done. best_score=27.0, changed=519, unchanged=408, early_stops=8/8
26 - INFO - chord#: 154 In build_straw_man_chord_sa. tolerance = 1, sa_iterations = 1000, initial_temperature = 3.0, cooling_rate = 0.999
26 - INFO - chord#: 182 done. best_score=36.0, changed=526, unchanged=385, early_stops=8/8
26 - INFO - chord#: 184 In build_straw_man_chord_sa. tolerance = 1, sa_iterations = 1000, initial_temperature = 3.0, cooling_rate = 0.999
26 - INFO - chord#: 180 done. best_score=96.0, changed=615, unchanged=388, early_stops=8/8
26 - INFO - chord#: 182 In build_straw_man_chord_sa. tolerance = 1, sa_iterations = 1000, initial_temperature = 3.0, cooling_rate = 0.999
26 - INFO - chord#: 194 done. best_score=59.0, changed=520, unchanged=345, early_stops=8/8
26 - INFO - chord#: 196 In build_straw_man_chord_sa. tolerance = 1, sa_iterations = 1000, initial_temperature = 3.0, cooling_rate = 0.999
26 - INFO - chord#: 194 done. best_score=55.0, changed=525, unchanged=399, early_stops=8/8
26 - INFO - chord#: 196 In build_straw_man_chord_sa. tolerance = 1, sa_iterations = 1000, initial_temperature = 3.0, cooling_rate = 0.999
26 - INFO - chord#: 180 done. best_score=67.0, changed=614, unchanged=394, early_stops=8/8
26 - INFO - chord#: 182 In build_straw_man_chord_sa. tolerance = 1, sa_iterations = 1000, initial_temperature = 3.0, cooling_rate = 0.999
26 - INFO - chord#: 162 done. best_score=137.0, changed=617, unchanged=491, early_stops=8/8
26 - INFO - chord#: 164 In build_straw_man_chord_sa. tolerance = 1, sa_iterations = 1000, initial_temperature = 3.0, cooling_rate = 0.999
26 - INFO - chord#: 172 done. best_score=27.0, changed=520, unchanged=340, early_stops=8/8
26 - INFO - chord#: 176 In build_straw_man_chord_sa. tolerance = 1, sa_iterations = 1000, initial_temperature = 3.0, cooling_rate = 0.999
26 - INFO - chord#: 184 done. best_score=27.0, changed=522, unchanged=531, early_stops=8/8
26 - INFO - chord#: 188 In build_straw_man_chord_sa. tolerance = 1, sa_iterations = 1000, initial_temperature = 3.0, cooling_rate = 0.999
26 - INFO - chord#: 182 done. best_score=36.0, changed=527, unchanged=427, early_stops=8/8
26 - INFO - chord#: 184 In build_straw_man_chord_sa. tolerance = 1, sa_iterations = 1000, initial_temperature = 3.0, cooling_rate = 0.999
26 - INFO - chord#: 182 done. best_score=36.0, changed=522, unchanged=442, early_stops=8/8
26 - INFO - chord#: 184 In build_straw_man_chord_sa. tolerance = 1, sa_iterations = 1000, initial_temperature = 3.0, cooling_rate = 0.999
26 - INFO - chord#: 196 done. best_score=27.0, changed=515, unchanged=325, early_stops=8/8
26 - INFO - chord#: 198 In build_straw_man_chord_sa. tolerance = 1, sa_iterations = 1000, initial_temperature = 3.0, cooling_rate = 0.999
26 - INFO - chord#: 196 done. best_score=27.0, changed=527, unchanged=527, early_stops=8/8
26 - INFO - chord#: 198 In build_straw_man_chord_sa. tolerance = 1, sa_iterations = 1000, initial_temperature = 3.0, cooling_rate = 0.999
26 - INFO - chord#: 154 done. best_score=74.0, changed=611, unchanged=305, early_stops=8/8
26 - INFO - chord#: 156 In build_straw_man_chord_sa. tolerance = 1, sa_iterations = 1000, initial_temperature = 3.0, cooling_rate = 0.999
26 - INFO - chord#: 148 done. best_score=96.0, changed=610, unchanged=265, early_stops=8/8
26 - INFO - chord#: 152 In build_straw_man_chord_sa. tolerance = 1, sa_iterations = 1000, initial_temperature = 3.0, cooling_rate = 0.999
26 - INFO - chord#: 176 done. best_score=36.0, changed=518, unchanged=437, early_stops=8/8
26 - INFO - chord#: 178 In build_straw_man_chord_sa. tolerance = 1, sa_iterations = 1000, initial_temperature = 3.0, cooling_rate = 0.999
26 - INFO - chord#: 188 done. best_score=27.0, changed=520, unchanged=486, early_stops=8/8
26 - INFO - chord#: 192 In build_straw_man_chord_sa. tolerance = 1, sa_iterations = 1000, initial_temperature = 3.0, cooling_rate = 0.999
26 - INFO - chord#: 184 done. best_score=27.0, changed=516, unchanged=377, early_stops=8/8
26 - INFO - chord#: 188 In build_straw_man_chord_sa. tolerance = 1, sa_iterations = 1000, initial_temperature = 3.0, cooling_rate = 0.999
26 - INFO - chord#: 184 done. best_score=27.0, changed=513, unchanged=345, early_stops=8/8
26 - INFO - chord#: 188 In build_straw_man_chord_sa. tolerance = 1, sa_iterations = 1000, initial_temperature = 3.0, cooling_rate = 0.999
26 - INFO - chord#: 164 done. best_score=27.0, changed=526, unchanged=514, early_stops=8/8
26 - INFO - chord#: 172 In build_straw_man_chord_sa. tolerance = 1, sa_iterations = 1000, initial_temperature = 3.0, cooling_rate = 0.999
26 - INFO - chord#: 148 done. best_score=74.0, changed=615, unchanged=265, early_stops=8/8
26 - INFO - chord#: 152 In build_straw_man_chord_sa. tolerance = 1, sa_iterations = 1000, initial_temperature = 3.0, cooling_rate = 0.999
26 - INFO - chord#: 154 done. best_score=74.0, changed=612, unchanged=365, early_stops=8/8
26 - INFO - chord#: 156 In build_straw_man_chord_sa. tolerance = 1, sa_iterations = 1000, initial_temperature = 3.0, cooling_rate = 0.999
26 - INFO - chord#: 156 done. best_score=27.0, changed=519, unchanged=427, early_stops=8/8
26 - INFO - chord#: 158 In build_straw_man_chord_sa. tolerance = 1, sa_iterations = 1000, initial_temperature = 3.0, cooling_rate = 0.999
26 - INFO - chord#: 152 done. best_score=27.0, changed=526, unchanged=434, early_stops=8/8
26 - INFO - chord#: 154 In build_straw_man_chord_sa. tolerance = 1, sa_iterations = 1000, initial_temperature = 3.0, cooling_rate = 0.999
26 - INFO - chord#: 154 done. best_score=144.0, changed=611, unchanged=356, early_stops=8/8
26 - INFO - chord#: 156 In build_straw_man_chord_sa. tolerance = 1, sa_iterations = 1000, initial_temperature = 3.0, cooling_rate = 0.999
26 - INFO - chord#: 178 done. best_score=61.0, changed=517, unchanged=357, early_stops=8/8
26 - INFO - chord#: 180 In build_straw_man_chord_sa. tolerance = 1, sa_iterations = 1000, initial_temperature = 3.0, cooling_rate = 0.999
26 - INFO - chord#: 188 done. best_score=27.0, changed=524, unchanged=306, early_stops=8/8
26 - INFO - chord#: 192 In build_straw_man_chord_sa. tolerance = 1, sa_iterations = 1000, initial_temperature = 3.0, cooling_rate = 0.999
26 - INFO - chord#: 188 done. best_score=27.0, changed=530, unchanged=429, early_stops=8/8
26 - INFO - chord#: 192 In build_straw_man_chord_sa. tolerance = 1, sa_iterations = 1000, initial_temperature = 3.0, cooling_rate = 0.999
26 - INFO - chord#: 192 done. best_score=59.0, changed=529, unchanged=358, early_stops=8/8
26 - INFO - chord#: 194 In build_straw_man_chord_sa. tolerance = 1, sa_iterations = 1000, initial_temperature = 3.0, cooling_rate = 0.999
26 - INFO - chord#: 172 done. best_score=27.0, changed=524, unchanged=417, early_stops=8/8
26 - INFO - chord#: 176 In build_straw_man_chord_sa. tolerance = 1, sa_iterations = 1000, initial_temperature = 3.0, cooling_rate = 0.999
26 - INFO - chord#: 152 done. best_score=27.0, changed=520, unchanged=360, early_stops=8/8
26 - INFO - chord#: 154 In build_straw_man_chord_sa. tolerance = 1, sa_iterations = 1000, initial_temperature = 3.0, cooling_rate = 0.999
26 - INFO - chord#: 158 done. best_score=31.0, changed=519, unchanged=322, early_stops=8/8
26 - INFO - chord#: 160 In build_straw_man_chord_sa. tolerance = 1, sa_iterations = 1000, initial_temperature = 3.0, cooling_rate = 0.999
26 - INFO - chord#: 156 done. best_score=27.0, changed=516, unchanged=370, early_stops=8/8
26 - INFO - chord#: 158 In build_straw_man_chord_sa. tolerance = 1, sa_iterations = 1000, initial_temperature = 3.0, cooling_rate = 0.999
26 - INFO - chord#: 198 done. best_score=78.0, changed=611, unchanged=508, early_stops=8/8
26 - INFO - chord#: 200 In build_straw_man_chord_sa. tolerance = 1, sa_iterations = 1000, initial_temperature = 3.0, cooling_rate = 0.999
26 - INFO - chord#: 198 done. best_score=93.0, changed=613, unchanged=417, early_stops=8/8
26 - INFO - chord#: 200 In build_straw_man_chord_sa. tolerance = 1, sa_iterations = 1000, initial_temperature = 3.0, cooling_rate = 0.999
26 - INFO - chord#: 156 done. best_score=27.0, changed=513, unchanged=349, early_stops=8/8
26 - INFO - chord#: 158 In build_straw_man_chord_sa. tolerance = 1, sa_iterations = 1000, initial_temperature = 3.0, cooling_rate = 0.999
26 - INFO - chord#: 192 done. best_score=59.0, changed=521, unchanged=441, early_stops=8/8
26 - INFO - chord#: 194 In build_straw_man_chord_sa. tolerance = 1, sa_iterations = 1000, initial_temperature = 3.0, cooling_rate = 0.999
26 - INFO - chord#: 194 done. best_score=55.0, changed=522, unchanged=477, early_stops=8/8
26 - INFO - chord#: 196 In build_straw_man_chord_sa. tolerance = 1, sa_iterations = 1000, initial_temperature = 3.0, cooling_rate = 0.999
26 - INFO - chord#: 192 done. best_score=59.0, changed=523, unchanged=552, early_stops=8/8
26 - INFO - chord#: 194 In build_straw_man_chord_sa. tolerance = 1, sa_iterations = 1000, initial_temperature = 3.0, cooling_rate = 0.999
26 - INFO - chord#: 176 done. best_score=36.0, changed=525, unchanged=350, early_stops=8/8
26 - INFO - chord#: 178 In build_straw_man_chord_sa. tolerance = 1, sa_iterations = 1000, initial_temperature = 3.0, cooling_rate = 0.999
26 - INFO - chord#: 154 done. best_score=146.0, changed=613, unchanged=286, early_stops=8/8
26 - INFO - chord#: 156 In build_straw_man_chord_sa. tolerance = 1, sa_iterations = 1000, initial_temperature = 3.0, cooling_rate = 0.999
26 - INFO - chord#: 200 done. best_score=27.0, changed=523, unchanged=463, early_stops=8/8
26 - INFO - chord#: 204 In build_straw_man_chord_sa. tolerance = 1, sa_iterations = 1000, initial_temperature = 3.0, cooling_rate = 0.999
26 - INFO - chord#: 200 done. best_score=27.0, changed=519, unchanged=391, early_stops=8/8
26 - INFO - chord#: 204 In build_straw_man_chord_sa. tolerance = 1, sa_iterations = 1000, initial_temperature = 3.0, cooling_rate = 0.999
26 - INFO - chord#: 158 done. best_score=31.0, changed=537, unchanged=479, early_stops=8/8
26 - INFO - chord#: 160 In build_straw_man_chord_sa. tolerance = 1, sa_iterations = 1000, initial_temperature = 3.0, cooling_rate = 0.999
26 - INFO - chord#: 196 done. best_score=27.0, changed=532, unchanged=399, early_stops=8/8
26 - INFO - chord#: 198 In build_straw_man_chord_sa. tolerance = 1, sa_iterations = 1000, initial_temperature = 3.0, cooling_rate = 0.999
26 - INFO - chord#: 158 done. best_score=31.0, changed=517, unchanged=410, early_stops=8/8
26 - INFO - chord#: 160 In build_straw_man_chord_sa. tolerance = 1, sa_iterations = 1000, initial_temperature = 3.0, cooling_rate = 0.999
26 - INFO - chord#: 194 done. best_score=55.0, changed=525, unchanged=366, early_stops=8/8
26 - INFO - chord#: 196 In build_straw_man_chord_sa. tolerance = 1, sa_iterations = 1000, initial_temperature = 3.0, cooling_rate = 0.999
26 - INFO - chord#: 194 done. best_score=59.0, changed=518, unchanged=475, early_stops=8/8
26 - INFO - chord#: 196 In build_straw_man_chord_sa. tolerance = 1, sa_iterations = 1000, initial_temperature = 3.0, cooling_rate = 0.999
26 - INFO - chord#: 180 done. best_score=137.0, changed=612, unchanged=227, early_stops=8/8
26 - INFO - chord#: 182 In build_straw_man_chord_sa. tolerance = 1, sa_iterations = 1000, initial_temperature = 3.0, cooling_rate = 0.999
26 - INFO - chord#: 156 done. best_score=27.0, changed=522, unchanged=468, early_stops=8/8
26 - INFO - chord#: 158 In build_straw_man_chord_sa. tolerance = 1, sa_iterations = 1000, initial_temperature = 3.0, cooling_rate = 0.999
26 - INFO - chord#: 204 done. best_score=27.0, changed=525, unchanged=471, early_stops=8/8
26 - INFO - chord#: 206 In build_straw_man_chord_sa. tolerance = 1, sa_iterations = 1000, initial_temperature = 3.0, cooling_rate = 0.999
26 - INFO - chord#: 178 done. best_score=61.0, changed=523, unchanged=322, early_stops=8/8
26 - INFO - chord#: 180 In build_straw_man_chord_sa. tolerance = 1, sa_iterations = 1000, initial_temperature = 3.0, cooling_rate = 0.999
26 - INFO - chord#: 204 done. best_score=27.0, changed=519, unchanged=441, early_stops=8/8
26 - INFO - chord#: 206 In build_straw_man_chord_sa. tolerance = 1, sa_iterations = 1000, initial_temperature = 3.0, cooling_rate = 0.999
26 - INFO - chord#: 154 done. best_score=96.0, changed=612, unchanged=274, early_stops=8/8
26 - INFO - chord#: 156 In build_straw_man_chord_sa. tolerance = 1, sa_iterations = 1000, initial_temperature = 3.0, cooling_rate = 0.999
26 - INFO - chord#: 196 done. best_score=27.0, changed=526, unchanged=391, early_stops=8/8
26 - INFO - chord#: 198 In build_straw_man_chord_sa. tolerance = 1, sa_iterations = 1000, initial_temperature = 3.0, cooling_rate = 0.999
26 - INFO - chord#: 196 done. best_score=27.0, changed=519, unchanged=385, early_stops=8/8
26 - INFO - chord#: 198 In build_straw_man_chord_sa. tolerance = 1, sa_iterations = 1000, initial_temperature = 3.0, cooling_rate = 0.999
26 - INFO - chord#: 182 done. best_score=36.0, changed=521, unchanged=365, early_stops=8/8
26 - INFO - chord#: 184 In build_straw_man_chord_sa. tolerance = 1, sa_iterations = 1000, initial_temperature = 3.0, cooling_rate = 0.999
26 - INFO - chord#: 158 done. best_score=31.0, changed=518, unchanged=325, early_stops=8/8
26 - INFO - chord#: 160 In build_straw_man_chord_sa. tolerance = 1, sa_iterations = 1000, initial_temperature = 3.0, cooling_rate = 0.999
26 - INFO - chord#: 160 done. best_score=93.0, changed=617, unchanged=402, early_stops=8/8
26 - INFO - chord#: 162 In build_straw_man_chord_sa. tolerance = 1, sa_iterations = 1000, initial_temperature = 3.0, cooling_rate = 0.999
26 - INFO - chord#: 156 done. best_score=27.0, changed=514, unchanged=336, early_stops=8/8
26 - INFO - chord#: 158 In build_straw_man_chord_sa. tolerance = 1, sa_iterations = 1000, initial_temperature = 3.0, cooling_rate = 0.999
26 - INFO - chord#: 198 done. best_score=78.0, changed=612, unchanged=342, early_stops=8/8
26 - INFO - chord#: 200 In build_straw_man_chord_sa. tolerance = 1, sa_iterations = 1000, initial_temperature = 3.0, cooling_rate = 0.999
26 - INFO - chord#: 184 done. best_score=27.0, changed=518, unchanged=392, early_stops=8/8
26 - INFO - chord#: 188 In build_straw_man_chord_sa. tolerance = 1, sa_iterations = 1000, initial_temperature = 3.0, cooling_rate = 0.999
26 - INFO - chord#: 160 done. best_score=93.0, changed=612, unchanged=359, early_stops=8/8
26 - INFO - chord#: 162 In build_straw_man_chord_sa. tolerance = 1, sa_iterations = 1000, initial_temperature = 3.0, cooling_rate = 0.999
26 - INFO - chord#: 160 done. best_score=93.0, changed=612, unchanged=463, early_stops=8/8
26 - INFO - chord#: 200 done. best_score=27.0, changed=523, unchanged=440, early_stops=8/8
26 - INFO - chord#: 162 In build_straw_man_chord_sa. tolerance = 1, sa_iterations = 1000, initial_temperature = 3.0, cooling_rate = 0.999
26 - INFO - chord#: 204 In build_straw_man_chord_sa. tolerance = 1, sa_iterations = 1000, initial_temperature = 3.0, cooling_rate = 0.999
26 - INFO - chord#: 158 done. best_score=31.0, changed=517, unchanged=361, early_stops=8/8
26 - INFO - chord#: 160 In build_straw_man_chord_sa. tolerance = 1, sa_iterations = 1000, initial_temperature = 3.0, cooling_rate = 0.999
26 - INFO - chord#: 198 done. best_score=78.0, changed=615, unchanged=303, early_stops=8/8
26 - INFO - chord#: 200 In build_straw_man_chord_sa. tolerance = 1, sa_iterations = 1000, initial_temperature = 3.0, cooling_rate = 0.999
26 - INFO - chord#: 206 done. best_score=150.0, changed=615, unchanged=400, early_stops=8/8
26 - INFO - chord#: 207 In build_straw_man_chord_sa. tolerance = 1, sa_iterations = 1000, initial_temperature = 3.0, cooling_rate = 0.999
26 - INFO - chord#: 206 done. best_score=135.0, changed=612, unchanged=399, early_stops=8/8
26 - INFO - chord#: 207 In build_straw_man_chord_sa. tolerance = 1, sa_iterations = 1000, initial_temperature = 3.0, cooling_rate = 0.999
26 - INFO - chord#: 160 done. best_score=94.0, changed=609, unchanged=286, early_stops=8/8
26 - INFO - chord#: 162 In build_straw_man_chord_sa. tolerance = 1, sa_iterations = 1000, initial_temperature = 3.0, cooling_rate = 0.999
26 - INFO - chord#: 180 done. best_score=78.0, changed=611, unchanged=331, early_stops=8/8
26 - INFO - chord#: 182 In build_straw_man_chord_sa. tolerance = 1, sa_iterations = 1000, initial_temperature = 3.0, cooling_rate = 0.999
26 - INFO - chord#: 198 done. best_score=78.0, changed=611, unchanged=452, early_stops=8/8
26 - INFO - chord#: 200 In build_straw_man_chord_sa. tolerance = 1, sa_iterations = 1000, initial_temperature = 3.0, cooling_rate = 0.999
26 - INFO - chord#: 188 done. best_score=27.0, changed=519, unchanged=382, early_stops=8/8
26 - INFO - chord#: 192 In build_straw_man_chord_sa. tolerance = 1, sa_iterations = 1000, initial_temperature = 3.0, cooling_rate = 0.999
26 - INFO - chord#: 162 done. best_score=78.0, changed=612, unchanged=262, early_stops=8/8
26 - INFO - chord#: 164 In build_straw_man_chord_sa. tolerance = 1, sa_iterations = 1000, initial_temperature = 3.0, cooling_rate = 0.999
26 - INFO - chord#: 204 done. best_score=27.0, changed=516, unchanged=386, early_stops=8/8
26 - INFO - chord#: 206 In build_straw_man_chord_sa. tolerance = 1, sa_iterations = 1000, initial_temperature = 3.0, cooling_rate = 0.999
26 - INFO - chord#: 207 done. best_score=27.0, changed=534, unchanged=362, early_stops=8/8
26 - INFO - chord#: 208 In build_straw_man_chord_sa. tolerance = 1, sa_iterations = 1000, initial_temperature = 3.0, cooling_rate = 0.999
26 - INFO - chord#: 207 done. best_score=27.0, changed=539, unchanged=482, early_stops=8/8
26 - INFO - chord#: 208 In build_straw_man_chord_sa. tolerance = 1, sa_iterations = 1000, initial_temperature = 3.0, cooling_rate = 0.999
26 - INFO - chord#: 200 done. best_score=27.0, changed=525, unchanged=530, early_stops=8/8
26 - INFO - chord#: 204 In build_straw_man_chord_sa. tolerance = 1, sa_iterations = 1000, initial_temperature = 3.0, cooling_rate = 0.999
26 - INFO - chord#: 200 done. best_score=27.0, changed=517, unchanged=374, early_stops=8/8
26 - INFO - chord#: 204 In build_straw_man_chord_sa. tolerance = 1, sa_iterations = 1000, initial_temperature = 3.0, cooling_rate = 0.999
26 - INFO - chord#: 182 done. best_score=36.0, changed=522, unchanged=407, early_stops=8/8
26 - INFO - chord#: 184 In build_straw_man_chord_sa. tolerance = 1, sa_iterations = 1000, initial_temperature = 3.0, cooling_rate = 0.999
26 - INFO - chord#: 192 done. best_score=59.0, changed=521, unchanged=379, early_stops=8/8
26 - INFO - chord#: 194 In build_straw_man_chord_sa. tolerance = 1, sa_iterations = 1000, initial_temperature = 3.0, cooling_rate = 0.999
26 - INFO - chord#: 164 done. best_score=27.0, changed=522, unchanged=384, early_stops=8/8
26 - INFO - chord#: 172 In build_straw_man_chord_sa. tolerance = 1, sa_iterations = 1000, initial_temperature = 3.0, cooling_rate = 0.999
26 - INFO - chord#: 162 done. best_score=96.0, changed=612, unchanged=320, early_stops=8/8
26 - INFO - chord#: 164 In build_straw_man_chord_sa. tolerance = 1, sa_iterations = 1000, initial_temperature = 3.0, cooling_rate = 0.999
26 - INFO - chord#: 204 done. best_score=27.0, changed=520, unchanged=398, early_stops=8/8
26 - INFO - chord#: 206 In build_straw_man_chord_sa. tolerance = 1, sa_iterations = 1000, initial_temperature = 3.0, cooling_rate = 0.999
26 - INFO - chord#: 162 done. best_score=137.0, changed=614, unchanged=234, early_stops=8/8
26 - INFO - chord#: 164 In build_straw_man_chord_sa. tolerance = 1, sa_iterations = 1000, initial_temperature = 3.0, cooling_rate = 0.999
26 - INFO - chord#: 204 done. best_score=27.0, changed=517, unchanged=361, early_stops=8/8
26 - INFO - chord#: 206 In build_straw_man_chord_sa. tolerance = 1, sa_iterations = 1000, initial_temperature = 3.0, cooling_rate = 0.999
26 - INFO - chord#: 162 done. best_score=96.0, changed=616, unchanged=376, early_stops=8/8
26 - INFO - chord#: 164 In build_straw_man_chord_sa. tolerance = 1, sa_iterations = 1000, initial_temperature = 3.0, cooling_rate = 0.999
26 - INFO - chord#: 160 done. best_score=93.0, changed=611, unchanged=315, early_stops=8/8
26 - INFO - chord#: 162 In build_straw_man_chord_sa. tolerance = 1, sa_iterations = 1000, initial_temperature = 3.0, cooling_rate = 0.999
26 - INFO - chord#: 208 done. best_score=105.0, changed=609, unchanged=217, early_stops=8/8
26 - INFO - chord#: 212 In build_straw_man_chord_sa. tolerance = 1, sa_iterations = 1000, initial_temperature = 3.0, cooling_rate = 0.999
26 - INFO - chord#: 184 done. best_score=27.0, changed=516, unchanged=409, early_stops=8/8
26 - INFO - chord#: 188 In build_straw_man_chord_sa. tolerance = 1, sa_iterations = 1000, initial_temperature = 3.0, cooling_rate = 0.999
26 - INFO - chord#: 206 done. best_score=150.0, changed=618, unchanged=319, early_stops=8/8
26 - INFO - chord#: 207 In build_straw_man_chord_sa. tolerance = 1, sa_iterations = 1000, initial_temperature = 3.0, cooling_rate = 0.999
26 - INFO - chord#: 164 done. best_score=27.0, changed=520, unchanged=516, early_stops=8/8
26 - INFO - chord#: 172 In build_straw_man_chord_sa. tolerance = 1, sa_iterations = 1000, initial_temperature = 3.0, cooling_rate = 0.999
26 - INFO - chord#: 172 done. best_score=27.0, changed=521, unchanged=354, early_stops=8/8
26 - INFO - chord#: 176 In build_straw_man_chord_sa. tolerance = 1, sa_iterations = 1000, initial_temperature = 3.0, cooling_rate = 0.999
26 - INFO - chord#: 208 done. best_score=105.0, changed=614, unchanged=326, early_stops=8/8
26 - INFO - chord#: 212 In build_straw_man_chord_sa. tolerance = 1, sa_iterations = 1000, initial_temperature = 3.0, cooling_rate = 0.999
26 - INFO - chord#: 194 done. best_score=51.0, changed=524, unchanged=450, early_stops=8/8
26 - INFO - chord#: 196 In build_straw_man_chord_sa. tolerance = 1, sa_iterations = 1000, initial_temperature = 3.0, cooling_rate = 0.999
26 - INFO - chord#: 164 done. best_score=27.0, changed=518, unchanged=498, early_stops=8/8
26 - INFO - chord#: 172 In build_straw_man_chord_sa. tolerance = 1, sa_iterations = 1000, initial_temperature = 3.0, cooling_rate = 0.999
26 - INFO - chord#: 212 done. best_score=27.0, changed=535, unchanged=377, early_stops=8/8
26 - INFO - chord#: 214 In build_straw_man_chord_sa. tolerance = 1, sa_iterations = 1000, initial_temperature = 3.0, cooling_rate = 0.999
26 - INFO - chord#: 164 done. best_score=27.0, changed=525, unchanged=509, early_stops=8/8
26 - INFO - chord#: 172 In build_straw_man_chord_sa. tolerance = 1, sa_iterations = 1000, initial_temperature = 3.0, cooling_rate = 0.999
26 - INFO - chord#: 207 done. best_score=27.0, changed=517, unchanged=311, early_stops=8/8
26 - INFO - chord#: 208 In build_straw_man_chord_sa. tolerance = 1, sa_iterations = 1000, initial_temperature = 3.0, cooling_rate = 0.999
26 - INFO - chord#: 188 done. best_score=27.0, changed=529, unchanged=353, early_stops=8/8
26 - INFO - chord#: 192 In build_straw_man_chord_sa. tolerance = 1, sa_iterations = 1000, initial_temperature = 3.0, cooling_rate = 0.999
26 - INFO - chord#: 212 done. best_score=27.0, changed=520, unchanged=370, early_stops=8/8
26 - INFO - chord#: 214 In build_straw_man_chord_sa. tolerance = 1, sa_iterations = 1000, initial_temperature = 3.0, cooling_rate = 0.999
26 - INFO - chord#: 172 done. best_score=27.0, changed=526, unchanged=416, early_stops=8/8
26 - INFO - chord#: 176 In build_straw_man_chord_sa. tolerance = 1, sa_iterations = 1000, initial_temperature = 3.0, cooling_rate = 0.999
26 - INFO - chord#: 206 done. best_score=95.0, changed=609, unchanged=271, early_stops=8/8
26 - INFO - chord#: 207 In build_straw_man_chord_sa. tolerance = 1, sa_iterations = 1000, initial_temperature = 3.0, cooling_rate = 0.999
26 - INFO - chord#: 176 done. best_score=36.0, changed=529, unchanged=459, early_stops=8/8
26 - INFO - chord#: 178 In build_straw_man_chord_sa. tolerance = 1, sa_iterations = 1000, initial_temperature = 3.0, cooling_rate = 0.999
26 - INFO - chord#: 172 done. best_score=27.0, changed=524, unchanged=391, early_stops=8/8
26 - INFO - chord#: 176 In build_straw_man_chord_sa. tolerance = 1, sa_iterations = 1000, initial_temperature = 3.0, cooling_rate = 0.999
26 - INFO - chord#: 196 done. best_score=27.0, changed=529, unchanged=524, early_stops=8/8
26 - INFO - chord#: 198 In build_straw_man_chord_sa. tolerance = 1, sa_iterations = 1000, initial_temperature = 3.0, cooling_rate = 0.999
26 - INFO - chord#: 162 done. best_score=96.0, changed=608, unchanged=225, early_stops=8/8
26 - INFO - chord#: 164 In build_straw_man_chord_sa. tolerance = 1, sa_iterations = 1000, initial_temperature = 3.0, cooling_rate = 0.999
26 - INFO - chord#: 207 done. best_score=27.0, changed=529, unchanged=330, early_stops=8/8
26 - INFO - chord#: 208 In build_straw_man_chord_sa. tolerance = 1, sa_iterations = 1000, initial_temperature = 3.0, cooling_rate = 0.999
26 - INFO - chord#: 206 done. best_score=95.0, changed=611, unchanged=475, early_stops=8/8
26 - INFO - chord#: 207 In build_straw_man_chord_sa. tolerance = 1, sa_iterations = 1000, initial_temperature = 3.0, cooling_rate = 0.999
26 - INFO - chord#: 176 done. best_score=36.0, changed=523, unchanged=349, early_stops=8/8
26 - INFO - chord#: 178 In build_straw_man_chord_sa. tolerance = 1, sa_iterations = 1000, initial_temperature = 3.0, cooling_rate = 0.999
26 - INFO - chord#: 172 done. best_score=27.0, changed=529, unchanged=644, early_stops=8/8
26 - INFO - chord#: 176 In build_straw_man_chord_sa. tolerance = 1, sa_iterations = 1000, initial_temperature = 3.0, cooling_rate = 0.999
26 - INFO - chord#: 192 done. best_score=59.0, changed=517, unchanged=355, early_stops=8/8
26 - INFO - chord#: 194 In build_straw_man_chord_sa. tolerance = 1, sa_iterations = 1000, initial_temperature = 3.0, cooling_rate = 0.999
26 - INFO - chord#: 178 done. best_score=61.0, changed=518, unchanged=291, early_stops=8/8
26 - INFO - chord#: 180 In build_straw_man_chord_sa. tolerance = 1, sa_iterations = 1000, initial_temperature = 3.0, cooling_rate = 0.999
26 - INFO - chord#: 214 done. best_score=96.0, changed=610, unchanged=242, early_stops=8/8
26 - INFO - chord#: 216 In build_straw_man_chord_sa. tolerance = 1, sa_iterations = 1000, initial_temperature = 3.0, cooling_rate = 0.999
26 - INFO - chord#: 208 done. best_score=113.0, changed=611, unchanged=237, early_stops=8/8
26 - INFO - chord#: 212 In build_straw_man_chord_sa. tolerance = 1, sa_iterations = 1000, initial_temperature = 3.0, cooling_rate = 0.999
26 - INFO - chord#: 207 done. best_score=27.0, changed=535, unchanged=367, early_stops=8/8
26 - INFO - chord#: 208 In build_straw_man_chord_sa. tolerance = 1, sa_iterations = 1000, initial_temperature = 3.0, cooling_rate = 0.999
26 - INFO - chord#: 176 done. best_score=36.0, changed=531, unchanged=447, early_stops=8/8
26 - INFO - chord#: 178 In build_straw_man_chord_sa. tolerance = 1, sa_iterations = 1000, initial_temperature = 3.0, cooling_rate = 0.999
26 - INFO - chord#: 214 done. best_score=93.0, changed=617, unchanged=447, early_stops=8/8
26 - INFO - chord#: 216 In build_straw_man_chord_sa. tolerance = 1, sa_iterations = 1000, initial_temperature = 3.0, cooling_rate = 0.999
26 - INFO - chord#: 178 done. best_score=61.0, changed=543, unchanged=381, early_stops=8/8
26 - INFO - chord#: 180 In build_straw_man_chord_sa. tolerance = 1, sa_iterations = 1000, initial_temperature = 3.0, cooling_rate = 0.999
26 - INFO - chord#: 164 done. best_score=27.0, changed=540, unchanged=576, early_stops=8/8
26 - INFO - chord#: 172 In build_straw_man_chord_sa. tolerance = 1, sa_iterations = 1000, initial_temperature = 3.0, cooling_rate = 0.999
26 - INFO - chord#: 176 done. best_score=36.0, changed=522, unchanged=358, early_stops=8/8
26 - INFO - chord#: 178 In build_straw_man_chord_sa. tolerance = 1, sa_iterations = 1000, initial_temperature = 3.0, cooling_rate = 0.999
26 - INFO - chord#: 216 done. best_score=27.0, changed=521, unchanged=344, early_stops=8/8
26 - INFO - chord#: 220 In build_straw_man_chord_sa. tolerance = 1, sa_iterations = 1000, initial_temperature = 3.0, cooling_rate = 0.999
26 - INFO - chord#: 194 done. best_score=55.0, changed=522, unchanged=414, early_stops=8/8
26 - INFO - chord#: 196 In build_straw_man_chord_sa. tolerance = 1, sa_iterations = 1000, initial_temperature = 3.0, cooling_rate = 0.999
26 - INFO - chord#: 216 done. best_score=27.0, changed=522, unchanged=367, early_stops=8/8
26 - INFO - chord#: 220 In build_straw_man_chord_sa. tolerance = 1, sa_iterations = 1000, initial_temperature = 3.0, cooling_rate = 0.999
26 - INFO - chord#: 212 done. best_score=27.0, changed=528, unchanged=447, early_stops=8/8
26 - INFO - chord#: 214 In build_straw_man_chord_sa. tolerance = 1, sa_iterations = 1000, initial_temperature = 3.0, cooling_rate = 0.999
26 - INFO - chord#: 198 done. best_score=140.0, changed=610, unchanged=247, early_stops=8/8
26 - INFO - chord#: 200 In build_straw_man_chord_sa. tolerance = 1, sa_iterations = 1000, initial_temperature = 3.0, cooling_rate = 0.999
26 - INFO - chord#: 208 done. best_score=120.0, changed=613, unchanged=356, early_stops=8/8
26 - INFO - chord#: 212 In build_straw_man_chord_sa. tolerance = 1, sa_iterations = 1000, initial_temperature = 3.0, cooling_rate = 0.999
26 - INFO - chord#: 178 done. best_score=61.0, changed=555, unchanged=394, early_stops=8/8
26 - INFO - chord#: 180 In build_straw_man_chord_sa. tolerance = 1, sa_iterations = 1000, initial_temperature = 3.0, cooling_rate = 0.999
26 - INFO - chord#: 172 done. best_score=27.0, changed=522, unchanged=405, early_stops=8/8
26 - INFO - chord#: 176 In build_straw_man_chord_sa. tolerance = 1, sa_iterations = 1000, initial_temperature = 3.0, cooling_rate = 0.999
26 - INFO - chord#: 178 done. best_score=61.0, changed=524, unchanged=292, early_stops=8/8
26 - INFO - chord#: 180 In build_straw_man_chord_sa. tolerance = 1, sa_iterations = 1000, initial_temperature = 3.0, cooling_rate = 0.999
26 - INFO - chord#: 212 done. best_score=27.0, changed=517, unchanged=371, early_stops=8/8
26 - INFO - chord#: 214 In build_straw_man_chord_sa. tolerance = 1, sa_iterations = 1000, initial_temperature = 3.0, cooling_rate = 0.999
26 - INFO - chord#: 196 done. best_score=27.0, changed=525, unchanged=425, early_stops=8/8
26 - INFO - chord#: 198 In build_straw_man_chord_sa. tolerance = 1, sa_iterations = 1000, initial_temperature = 3.0, cooling_rate = 0.999
26 - INFO - chord#: 208 done. best_score=105.0, changed=608, unchanged=336, early_stops=8/8
26 - INFO - chord#: 212 In build_straw_man_chord_sa. tolerance = 1, sa_iterations = 1000, initial_temperature = 3.0, cooling_rate = 0.999
26 - INFO - chord#: 200 done. best_score=27.0, changed=521, unchanged=370, early_stops=8/8
26 - INFO - chord#: 204 In build_straw_man_chord_sa. tolerance = 1, sa_iterations = 1000, initial_temperature = 3.0, cooling_rate = 0.999
26 - INFO - chord#: 180 done. best_score=119.0, changed=611, unchanged=274, early_stops=8/8
26 - INFO - chord#: 182 In build_straw_man_chord_sa. tolerance = 1, sa_iterations = 1000, initial_temperature = 3.0, cooling_rate = 0.999
26 - INFO - chord#: 180 done. best_score=78.0, changed=620, unchanged=499, early_stops=8/8
26 - INFO - chord#: 182 In build_straw_man_chord_sa. tolerance = 1, sa_iterations = 1000, initial_temperature = 3.0, cooling_rate = 0.999
26 - INFO - chord#: 220 done. best_score=137.0, changed=615, unchanged=375, early_stops=8/8
26 - INFO - chord#: 224 In build_straw_man_chord_sa. tolerance = 1, sa_iterations = 1000, initial_temperature = 3.0, cooling_rate = 0.999
26 - INFO - chord#: 176 done. best_score=36.0, changed=520, unchanged=525, early_stops=8/8
26 - INFO - chord#: 178 In build_straw_man_chord_sa. tolerance = 1, sa_iterations = 1000, initial_temperature = 3.0, cooling_rate = 0.999
26 - INFO - chord#: 212 done. best_score=27.0, changed=536, unchanged=452, early_stops=8/8
26 - INFO - chord#: 214 In build_straw_man_chord_sa. tolerance = 1, sa_iterations = 1000, initial_temperature = 3.0, cooling_rate = 0.999
26 - INFO - chord#: 214 done. best_score=93.0, changed=615, unchanged=447, early_stops=8/8
26 - INFO - chord#: 216 In build_straw_man_chord_sa. tolerance = 1, sa_iterations = 1000, initial_temperature = 3.0, cooling_rate = 0.999
26 - INFO - chord#: 224 done. best_score=9.0, changed=473, unchanged=372, early_stops=8/8
26 - INFO - chord#: 228 In build_straw_man_chord_sa. tolerance = 1, sa_iterations = 1000, initial_temperature = 3.0, cooling_rate = 0.999
26 - INFO - chord#: 220 done. best_score=67.0, changed=616, unchanged=446, early_stops=8/8
26 - INFO - chord#: 224 In build_straw_man_chord_sa. tolerance = 1, sa_iterations = 1000, initial_temperature = 3.0, cooling_rate = 0.999
26 - INFO - chord#: 204 done. best_score=27.0, changed=525, unchanged=424, early_stops=8/8
26 - INFO - chord#: 206 In build_straw_man_chord_sa. tolerance = 1, sa_iterations = 1000, initial_temperature = 3.0, cooling_rate = 0.999
26 - INFO - chord#: 182 done. best_score=36.0, changed=523, unchanged=408, early_stops=8/8
26 - INFO - chord#: 224 done. best_score=9.0, changed=460, unchanged=378, early_stops=8/8
26 - INFO - chord#: 228 In build_straw_man_chord_sa. tolerance = 1, sa_iterations = 1000, initial_temperature = 3.0, cooling_rate = 0.999
26 - INFO - chord#: 184 In build_straw_man_chord_sa. tolerance = 1, sa_iterations = 1000, initial_temperature = 3.0, cooling_rate = 0.999
26 - INFO - chord#: 180 done. best_score=78.0, changed=609, unchanged=292, early_stops=8/8
26 - INFO - chord#: 182 In build_straw_man_chord_sa. tolerance = 1, sa_iterations = 1000, initial_temperature = 3.0, cooling_rate = 0.999
26 - INFO - chord#: 182 done. best_score=36.0, changed=522, unchanged=393, early_stops=8/8
26 - INFO - chord#: 184 In build_straw_man_chord_sa. tolerance = 1, sa_iterations = 1000, initial_temperature = 3.0, cooling_rate = 0.999
26 - INFO - chord#: 214 done. best_score=93.0, changed=612, unchanged=350, early_stops=8/8
26 - INFO - chord#: 216 In build_straw_man_chord_sa. tolerance = 1, sa_iterations = 1000, initial_temperature = 3.0, cooling_rate = 0.999
26 - INFO - chord#: 216 done. best_score=27.0, changed=527, unchanged=457, early_stops=8/8
26 - INFO - chord#: 220 In build_straw_man_chord_sa. tolerance = 1, sa_iterations = 1000, initial_temperature = 3.0, cooling_rate = 0.999
26 - INFO - chord#: 180 done. best_score=137.0, changed=613, unchanged=291, early_stops=8/8
26 - INFO - chord#: 182 In build_straw_man_chord_sa. tolerance = 1, sa_iterations = 1000, initial_temperature = 3.0, cooling_rate = 0.999
26 - INFO - chord#: 228 done. best_score=27.0, changed=522, unchanged=424, early_stops=8/8
26 - INFO - chord#: 232 In build_straw_man_chord_sa. tolerance = 1, sa_iterations = 1000, initial_temperature = 3.0, cooling_rate = 0.999
26 - INFO - chord#: 178 done. best_score=61.0, changed=523, unchanged=326, early_stops=8/8
26 - INFO - chord#: 180 In build_straw_man_chord_sa. tolerance = 1, sa_iterations = 1000, initial_temperature = 3.0, cooling_rate = 0.999
26 - INFO - chord#: 216 done. best_score=27.0, changed=514, unchanged=310, early_stops=8/8
26 - INFO - chord#: 220 In build_straw_man_chord_sa. tolerance = 1, sa_iterations = 1000, initial_temperature = 3.0, cooling_rate = 0.999
26 - INFO - chord#: 228 done. best_score=27.0, changed=525, unchanged=359, early_stops=8/8
26 - INFO - chord#: 232 In build_straw_man_chord_sa. tolerance = 1, sa_iterations = 1000, initial_temperature = 3.0, cooling_rate = 0.999
26 - INFO - chord#: 184 done. best_score=27.0, changed=517, unchanged=365, early_stops=8/8
26 - INFO - chord#: 188 In build_straw_man_chord_sa. tolerance = 1, sa_iterations = 1000, initial_temperature = 3.0, cooling_rate = 0.999
26 - INFO - chord#: 182 done. best_score=36.0, changed=522, unchanged=323, early_stops=8/8
26 - INFO - chord#: 184 In build_straw_man_chord_sa. tolerance = 1, sa_iterations = 1000, initial_temperature = 3.0, cooling_rate = 0.999
26 - INFO - chord#: 184 done. best_score=27.0, changed=523, unchanged=419, early_stops=8/8
26 - INFO - chord#: 188 In build_straw_man_chord_sa. tolerance = 1, sa_iterations = 1000, initial_temperature = 3.0, cooling_rate = 0.999
26 - INFO - chord#: 182 done. best_score=36.0, changed=521, unchanged=324, early_stops=8/8
26 - INFO - chord#: 184 In build_straw_man_chord_sa. tolerance = 1, sa_iterations = 1000, initial_temperature = 3.0, cooling_rate = 0.999
26 - INFO - chord#: 214 done. best_score=93.0, changed=614, unchanged=440, early_stops=8/8
26 - INFO - chord#: 216 In build_straw_man_chord_sa. tolerance = 1, sa_iterations = 1000, initial_temperature = 3.0, cooling_rate = 0.999
26 - INFO - chord#: 198 done. best_score=78.0, changed=616, unchanged=574, early_stops=8/8
26 - INFO - chord#: 200 In build_straw_man_chord_sa. tolerance = 1, sa_iterations = 1000, initial_temperature = 3.0, cooling_rate = 0.999
26 - INFO - chord#: 188 done. best_score=27.0, changed=529, unchanged=486, early_stops=8/8
26 - INFO - chord#: 192 In build_straw_man_chord_sa. tolerance = 1, sa_iterations = 1000, initial_temperature = 3.0, cooling_rate = 0.999
26 - INFO - chord#: 184 done. best_score=27.0, changed=521, unchanged=424, early_stops=8/8
26 - INFO - chord#: 188 In build_straw_man_chord_sa. tolerance = 1, sa_iterations = 1000, initial_temperature = 3.0, cooling_rate = 0.999
26 - INFO - chord#: 184 done. best_score=27.0, changed=518, unchanged=367, early_stops=8/8
26 - INFO - chord#: 188 In build_straw_man_chord_sa. tolerance = 1, sa_iterations = 1000, initial_temperature = 3.0, cooling_rate = 0.999
26 - INFO - chord#: 188 done. best_score=27.0, changed=528, unchanged=389, early_stops=8/8
26 - INFO - chord#: 192 In build_straw_man_chord_sa. tolerance = 1, sa_iterations = 1000, initial_temperature = 3.0, cooling_rate = 0.999
26 - INFO - chord#: 216 done. best_score=27.0, changed=524, unchanged=353, early_stops=8/8
26 - INFO - chord#: 220 In build_straw_man_chord_sa. tolerance = 1, sa_iterations = 1000, initial_temperature = 3.0, cooling_rate = 0.999
26 - INFO - chord#: 220 done. best_score=78.0, changed=617, unchanged=377, early_stops=8/8
26 - INFO - chord#: 224 In build_straw_man_chord_sa. tolerance = 1, sa_iterations = 1000, initial_temperature = 3.0, cooling_rate = 0.999
26 - INFO - chord#: 224 done. best_score=9.0, changed=465, unchanged=375, early_stops=8/8
26 - INFO - chord#: 228 In build_straw_man_chord_sa. tolerance = 1, sa_iterations = 1000, initial_temperature = 3.0, cooling_rate = 0.999
26 - INFO - chord#: 180 done. best_score=67.0, changed=610, unchanged=252, early_stops=8/8
26 - INFO - chord#: 182 In build_straw_man_chord_sa. tolerance = 1, sa_iterations = 1000, initial_temperature = 3.0, cooling_rate = 0.999
26 - INFO - chord#: 200 done. best_score=27.0, changed=513, unchanged=322, early_stops=8/8
26 - INFO - chord#: 204 In build_straw_man_chord_sa. tolerance = 1, sa_iterations = 1000, initial_temperature = 3.0, cooling_rate = 0.999
26 - INFO - chord#: 232 done. best_score=160.0, changed=615, unchanged=382, early_stops=8/8
26 - INFO - chord#: 236 In build_straw_man_chord_sa. tolerance = 1, sa_iterations = 1000, initial_temperature = 3.0, cooling_rate = 0.999
26 - INFO - chord#: 192 done. best_score=59.0, changed=520, unchanged=388, early_stops=8/8
26 - INFO - chord#: 194 In build_straw_man_chord_sa. tolerance = 1, sa_iterations = 1000, initial_temperature = 3.0, cooling_rate = 0.999
26 - INFO - chord#: 220 done. best_score=67.0, changed=606, unchanged=312, early_stops=8/8
26 - INFO - chord#: 224 In build_straw_man_chord_sa. tolerance = 1, sa_iterations = 1000, initial_temperature = 3.0, cooling_rate = 0.999
26 - INFO - chord#: 188 done. best_score=27.0, changed=519, unchanged=355, early_stops=8/8
26 - INFO - chord#: 192 In build_straw_man_chord_sa. tolerance = 1, sa_iterations = 1000, initial_temperature = 3.0, cooling_rate = 0.999
26 - INFO - chord#: 206 done. best_score=135.0, changed=617, unchanged=407, early_stops=8/8
26 - INFO - chord#: 207 In build_straw_man_chord_sa. tolerance = 1, sa_iterations = 1000, initial_temperature = 3.0, cooling_rate = 0.999
26 - INFO - chord#: 224 done. best_score=9.0, changed=470, unchanged=351, early_stops=8/8
26 - INFO - chord#: 228 In build_straw_man_chord_sa. tolerance = 1, sa_iterations = 1000, initial_temperature = 3.0, cooling_rate = 0.999
26 - INFO - chord#: 188 done. best_score=27.0, changed=519, unchanged=363, early_stops=8/8
26 - INFO - chord#: 192 In build_straw_man_chord_sa. tolerance = 1, sa_iterations = 1000, initial_temperature = 3.0, cooling_rate = 0.999
26 - INFO - chord#: 228 done. best_score=27.0, changed=517, unchanged=321, early_stops=8/8
26 - INFO - chord#: 232 In build_straw_man_chord_sa. tolerance = 1, sa_iterations = 1000, initial_temperature = 3.0, cooling_rate = 0.999
26 - INFO - chord#: 236 done. best_score=36.0, changed=522, unchanged=367, early_stops=8/8
26 - INFO - chord#: 240 In build_straw_man_chord_sa. tolerance = 1, sa_iterations = 1000, initial_temperature = 3.0, cooling_rate = 0.999
26 - INFO - chord#: 192 done. best_score=59.0, changed=533, unchanged=469, early_stops=8/8
26 - INFO - chord#: 194 In build_straw_man_chord_sa. tolerance = 1, sa_iterations = 1000, initial_temperature = 3.0, cooling_rate = 0.999
26 - INFO - chord#: 240 done. best_score=11.0, changed=476, unchanged=348, early_stops=8/8
26 - INFO - chord#: 242 In build_straw_man_chord_sa. tolerance = 1, sa_iterations = 1000, initial_temperature = 3.0, cooling_rate = 0.999
26 - INFO - chord#: 182 done. best_score=36.0, changed=514, unchanged=327, early_stops=8/8
26 - INFO - chord#: 184 In build_straw_man_chord_sa. tolerance = 1, sa_iterations = 1000, initial_temperature = 3.0, cooling_rate = 0.999
26 - INFO - chord#: 228 done. best_score=27.0, changed=518, unchanged=316, early_stops=8/8
26 - INFO - chord#: 232 In build_straw_man_chord_sa. tolerance = 1, sa_iterations = 1000, initial_temperature = 3.0, cooling_rate = 0.999
26 - INFO - chord#: 232 done. best_score=78.0, changed=612, unchanged=357, early_stops=8/8
26 - INFO - chord#: 236 In build_straw_man_chord_sa. tolerance = 1, sa_iterations = 1000, initial_temperature = 3.0, cooling_rate = 0.999
26 - INFO - chord#: 204 done. best_score=27.0, changed=519, unchanged=372, early_stops=8/8
26 - INFO - chord#: 206 In build_straw_man_chord_sa. tolerance = 1, sa_iterations = 1000, initial_temperature = 3.0, cooling_rate = 0.999
26 - INFO - chord#: 194 done. best_score=59.0, changed=527, unchanged=437, early_stops=8/8
26 - INFO - chord#: 196 In build_straw_man_chord_sa. tolerance = 1, sa_iterations = 1000, initial_temperature = 3.0, cooling_rate = 0.999
26 - INFO - chord#: 192 done. best_score=59.0, changed=516, unchanged=399, early_stops=8/8
26 - INFO - chord#: 194 In build_straw_man_chord_sa. tolerance = 1, sa_iterations = 1000, initial_temperature = 3.0, cooling_rate = 0.999
26 - INFO - chord#: 207 done. best_score=27.0, changed=531, unchanged=338, early_stops=8/8
26 - INFO - chord#: 208 In build_straw_man_chord_sa. tolerance = 1, sa_iterations = 1000, initial_temperature = 3.0, cooling_rate = 0.999
26 - INFO - chord#: 220 done. best_score=112.0, changed=613, unchanged=215, early_stops=8/8
26 - INFO - chord#: 224 In build_straw_man_chord_sa. tolerance = 1, sa_iterations = 1000, initial_temperature = 3.0, cooling_rate = 0.999
26 - INFO - chord#: 224 done. best_score=9.0, changed=460, unchanged=372, early_stops=8/8
26 - INFO - chord#: 228 In build_straw_man_chord_sa. tolerance = 1, sa_iterations = 1000, initial_temperature = 3.0, cooling_rate = 0.999
26 - INFO - chord#: 192 done. best_score=59.0, changed=524, unchanged=399, early_stops=8/8
26 - INFO - chord#: 194 In build_straw_man_chord_sa. tolerance = 1, sa_iterations = 1000, initial_temperature = 3.0, cooling_rate = 0.999
26 - INFO - chord#: 194 done. best_score=55.0, changed=514, unchanged=373, early_stops=8/8
26 - INFO - chord#: 196 In build_straw_man_chord_sa. tolerance = 1, sa_iterations = 1000, initial_temperature = 3.0, cooling_rate = 0.999
26 - INFO - chord#: 236 done. best_score=36.0, changed=527, unchanged=433, early_stops=8/8
26 - INFO - chord#: 240 In build_straw_man_chord_sa. tolerance = 1, sa_iterations = 1000, initial_temperature = 3.0, cooling_rate = 0.999
26 - INFO - chord#: 196 done. best_score=27.0, changed=521, unchanged=508, early_stops=8/8
26 - INFO - chord#: 198 In build_straw_man_chord_sa. tolerance = 1, sa_iterations = 1000, initial_temperature = 3.0, cooling_rate = 0.999
26 - INFO - chord#: 194 done. best_score=59.0, changed=523, unchanged=473, early_stops=8/8
26 - INFO - chord#: 196 In build_straw_man_chord_sa. tolerance = 1, sa_iterations = 1000, initial_temperature = 3.0, cooling_rate = 0.999
26 - INFO - chord#: 184 done. best_score=27.0, changed=522, unchanged=443, early_stops=8/8
26 - INFO - chord#: 188 In build_straw_man_chord_sa. tolerance = 1, sa_iterations = 1000, initial_temperature = 3.0, cooling_rate = 0.999
26 - INFO - chord#: 228 done. best_score=27.0, changed=527, unchanged=460, early_stops=8/8
26 - INFO - chord#: 232 In build_straw_man_chord_sa. tolerance = 1, sa_iterations = 1000, initial_temperature = 3.0, cooling_rate = 0.999
26 - INFO - chord#: 240 done. best_score=11.0, changed=503, unchanged=336, early_stops=8/8
26 - INFO - chord#: 242 In build_straw_man_chord_sa. tolerance = 1, sa_iterations = 1000, initial_temperature = 3.0, cooling_rate = 0.999
26 - INFO - chord#: 232 done. best_score=145.0, changed=607, unchanged=213, early_stops=8/8
26 - INFO - chord#: 236 In build_straw_man_chord_sa. tolerance = 1, sa_iterations = 1000, initial_temperature = 3.0, cooling_rate = 0.999
26 - INFO - chord#: 194 done. best_score=55.0, changed=514, unchanged=327, early_stops=8/8
26 - INFO - chord#: 196 In build_straw_man_chord_sa. tolerance = 1, sa_iterations = 1000, initial_temperature = 3.0, cooling_rate = 0.999
26 - INFO - chord#: 242 done. best_score=141.0, changed=612, unchanged=316, early_stops=8/8
26 - INFO - chord#: 244 In build_straw_man_chord_sa. tolerance = 1, sa_iterations = 1000, initial_temperature = 3.0, cooling_rate = 0.999
26 - INFO - chord#: 196 done. best_score=27.0, changed=515, unchanged=383, early_stops=8/8
26 - INFO - chord#: 198 In build_straw_man_chord_sa. tolerance = 1, sa_iterations = 1000, initial_temperature = 3.0, cooling_rate = 0.999
26 - INFO - chord#: 236 done. best_score=36.0, changed=529, unchanged=359, early_stops=8/8
26 - INFO - chord#: 240 In build_straw_man_chord_sa. tolerance = 1, sa_iterations = 1000, initial_temperature = 3.0, cooling_rate = 0.999
26 - INFO - chord#: 232 done. best_score=137.0, changed=613, unchanged=282, early_stops=8/8
26 - INFO - chord#: 236 In build_straw_man_chord_sa. tolerance = 1, sa_iterations = 1000, initial_temperature = 3.0, cooling_rate = 0.999
26 - INFO - chord#: 188 done. best_score=27.0, changed=524, unchanged=424, early_stops=8/8
26 - INFO - chord#: 192 In build_straw_man_chord_sa. tolerance = 1, sa_iterations = 1000, initial_temperature = 3.0, cooling_rate = 0.999
26 - INFO - chord#: 196 done. best_score=27.0, changed=529, unchanged=532, early_stops=8/8
26 - INFO - chord#: 198 In build_straw_man_chord_sa. tolerance = 1, sa_iterations = 1000, initial_temperature = 3.0, cooling_rate = 0.999
26 - INFO - chord#: 240 done. best_score=11.0, changed=479, unchanged=345, early_stops=8/8
26 - INFO - chord#: 242 In build_straw_man_chord_sa. tolerance = 1, sa_iterations = 1000, initial_temperature = 3.0, cooling_rate = 0.999
26 - INFO - chord#: 208 done. best_score=105.0, changed=610, unchanged=300, early_stops=8/8
26 - INFO - chord#: 212 In build_straw_man_chord_sa. tolerance = 1, sa_iterations = 1000, initial_temperature = 3.0, cooling_rate = 0.999
26 - INFO - chord#: 244 done. best_score=27.0, changed=529, unchanged=479, early_stops=8/8
26 - INFO - chord#: 246 In build_straw_man_chord_sa. tolerance = 1, sa_iterations = 1000, initial_temperature = 3.0, cooling_rate = 0.999
26 - INFO - chord#: 198 done. best_score=158.0, changed=609, unchanged=259, early_stops=8/8
26 - INFO - chord#: 200 In build_straw_man_chord_sa. tolerance = 1, sa_iterations = 1000, initial_temperature = 3.0, cooling_rate = 0.999
26 - INFO - chord#: 206 done. best_score=90.0, changed=615, unchanged=431, early_stops=8/8
26 - INFO - chord#: 207 In build_straw_man_chord_sa. tolerance = 1, sa_iterations = 1000, initial_temperature = 3.0, cooling_rate = 0.999
26 - INFO - chord#: 236 done. best_score=36.0, changed=520, unchanged=338, early_stops=8/8
26 - INFO - chord#: 240 In build_straw_man_chord_sa. tolerance = 1, sa_iterations = 1000, initial_temperature = 3.0, cooling_rate = 0.999
26 - INFO - chord#: 196 done. best_score=27.0, changed=520, unchanged=438, early_stops=8/8
26 - INFO - chord#: 198 In build_straw_man_chord_sa. tolerance = 1, sa_iterations = 1000, initial_temperature = 3.0, cooling_rate = 0.999
26 - INFO - chord#: 240 done. best_score=11.0, changed=482, unchanged=343, early_stops=8/8
26 - INFO - chord#: 242 In build_straw_man_chord_sa. tolerance = 1, sa_iterations = 1000, initial_temperature = 3.0, cooling_rate = 0.999
26 - INFO - chord#: 232 done. best_score=67.0, changed=608, unchanged=262, early_stops=8/8
26 - INFO - chord#: 236 In build_straw_man_chord_sa. tolerance = 1, sa_iterations = 1000, initial_temperature = 3.0, cooling_rate = 0.999
26 - INFO - chord#: 192 done. best_score=59.0, changed=514, unchanged=365, early_stops=8/8
26 - INFO - chord#: 194 In build_straw_man_chord_sa. tolerance = 1, sa_iterations = 1000, initial_temperature = 3.0, cooling_rate = 0.999
26 - INFO - chord#: 242 done. best_score=106.0, changed=614, unchanged=273, early_stops=8/8
26 - INFO - chord#: 244 In build_straw_man_chord_sa. tolerance = 1, sa_iterations = 1000, initial_temperature = 3.0, cooling_rate = 0.999
26 - INFO - chord#: 212 done. best_score=27.0, changed=524, unchanged=547, early_stops=8/8
26 - INFO - chord#: 214 In build_straw_man_chord_sa. tolerance = 1, sa_iterations = 1000, initial_temperature = 3.0, cooling_rate = 0.999
26 - INFO - chord#: 207 done. best_score=27.0, changed=530, unchanged=399, early_stops=8/8
26 - INFO - chord#: 208 In build_straw_man_chord_sa. tolerance = 1, sa_iterations = 1000, initial_temperature = 3.0, cooling_rate = 0.999
26 - INFO - chord#: 200 done. best_score=27.0, changed=528, unchanged=574, early_stops=8/8
26 - INFO - chord#: 204 In build_straw_man_chord_sa. tolerance = 1, sa_iterations = 1000, initial_temperature = 3.0, cooling_rate = 0.999
26 - INFO - chord#: 236 done. best_score=36.0, changed=516, unchanged=331, early_stops=8/8
26 - INFO - chord#: 240 In build_straw_man_chord_sa. tolerance = 1, sa_iterations = 1000, initial_temperature = 3.0, cooling_rate = 0.999
26 - INFO - chord#: 242 done. best_score=101.0, changed=606, unchanged=248, early_stops=8/8
26 - INFO - chord#: 244 In build_straw_man_chord_sa. tolerance = 1, sa_iterations = 1000, initial_temperature = 3.0, cooling_rate = 0.999
26 - INFO - chord#: 240 done. best_score=11.0, changed=468, unchanged=406, early_stops=8/8
26 - INFO - chord#: 242 In build_straw_man_chord_sa. tolerance = 1, sa_iterations = 1000, initial_temperature = 3.0, cooling_rate = 0.999
26 - INFO - chord#: 198 done. best_score=119.0, changed=620, unchanged=334, early_stops=8/8
26 - INFO - chord#: 200 In build_straw_man_chord_sa. tolerance = 1, sa_iterations = 1000, initial_temperature = 3.0, cooling_rate = 0.999
26 - INFO - chord#: 244 done. best_score=27.0, changed=522, unchanged=312, early_stops=8/8
26 - INFO - chord#: 246 In build_straw_man_chord_sa. tolerance = 1, sa_iterations = 1000, initial_temperature = 3.0, cooling_rate = 0.999
26 - INFO - chord#: 194 done. best_score=59.0, changed=520, unchanged=378, early_stops=8/8
26 - INFO - chord#: 196 In build_straw_man_chord_sa. tolerance = 1, sa_iterations = 1000, initial_temperature = 3.0, cooling_rate = 0.999
26 - INFO - chord#: 198 done. best_score=78.0, changed=617, unchanged=429, early_stops=8/8
26 - INFO - chord#: 200 In build_straw_man_chord_sa. tolerance = 1, sa_iterations = 1000, initial_temperature = 3.0, cooling_rate = 0.999
26 - INFO - chord#: 204 done. best_score=27.0, changed=521, unchanged=442, early_stops=8/8
26 - INFO - chord#: 206 In build_straw_man_chord_sa. tolerance = 1, sa_iterations = 1000, initial_temperature = 3.0, cooling_rate = 0.999
26 - INFO - chord#: 244 done. best_score=27.0, changed=525, unchanged=351, early_stops=8/8
26 - INFO - chord#: 246 In build_straw_man_chord_sa. tolerance = 1, sa_iterations = 1000, initial_temperature = 3.0, cooling_rate = 0.999
26 - INFO - chord#: 246 done. best_score=168.0, changed=615, unchanged=322, early_stops=8/8
26 - INFO - chord#: 248 In build_straw_man_chord_sa. tolerance = 1, sa_iterations = 1000, initial_temperature = 3.0, cooling_rate = 0.999
26 - INFO - chord#: 242 done. best_score=106.0, changed=615, unchanged=305, early_stops=8/8
26 - INFO - chord#: 244 In build_straw_man_chord_sa. tolerance = 1, sa_iterations = 1000, initial_temperature = 3.0, cooling_rate = 0.999
26 - INFO - chord#: 200 done. best_score=36.0, changed=521, unchanged=368, early_stops=8/8
26 - INFO - chord#: 204 In build_straw_man_chord_sa. tolerance = 1, sa_iterations = 1000, initial_temperature = 3.0, cooling_rate = 0.999
26 - INFO - chord#: 198 done. best_score=140.0, changed=615, unchanged=346, early_stops=8/8
26 - INFO - chord#: 200 In build_straw_man_chord_sa. tolerance = 1, sa_iterations = 1000, initial_temperature = 3.0, cooling_rate = 0.999
26 - INFO - chord#: 196 done. best_score=27.0, changed=522, unchanged=401, early_stops=8/8
26 - INFO - chord#: 198 In build_straw_man_chord_sa. tolerance = 1, sa_iterations = 1000, initial_temperature = 3.0, cooling_rate = 0.999
26 - INFO - chord#: 200 done. best_score=27.0, changed=516, unchanged=402, early_stops=8/8
26 - INFO - chord#: 204 In build_straw_man_chord_sa. tolerance = 1, sa_iterations = 1000, initial_temperature = 3.0, cooling_rate = 0.999
26 - INFO - chord#: 244 done. best_score=27.0, changed=529, unchanged=345, early_stops=8/8
26 - INFO - chord#: 246 In build_straw_man_chord_sa. tolerance = 1, sa_iterations = 1000, initial_temperature = 3.0, cooling_rate = 0.999
26 - INFO - chord#: 208 done. best_score=111.0, changed=615, unchanged=371, early_stops=8/8
26 - INFO - chord#: 212 In build_straw_man_chord_sa. tolerance = 1, sa_iterations = 1000, initial_temperature = 3.0, cooling_rate = 0.999
26 - INFO - chord#: 214 done. best_score=96.0, changed=614, unchanged=368, early_stops=8/8
26 - INFO - chord#: 216 In build_straw_man_chord_sa. tolerance = 1, sa_iterations = 1000, initial_temperature = 3.0, cooling_rate = 0.999
26 - INFO - chord#: 204 done. best_score=27.0, changed=527, unchanged=481, early_stops=8/8
26 - INFO - chord#: 206 In build_straw_man_chord_sa. tolerance = 1, sa_iterations = 1000, initial_temperature = 3.0, cooling_rate = 0.999
26 - INFO - chord#: 242 done. best_score=141.0, changed=614, unchanged=303, early_stops=8/8
26 - INFO - chord#: 244 In build_straw_man_chord_sa. tolerance = 1, sa_iterations = 1000, initial_temperature = 3.0, cooling_rate = 0.999
26 - INFO - chord#: 212 done. best_score=27.0, changed=526, unchanged=405, early_stops=8/8
26 - INFO - chord#: 214 In build_straw_man_chord_sa. tolerance = 1, sa_iterations = 1000, initial_temperature = 3.0, cooling_rate = 0.999
26 - INFO - chord#: 200 done. best_score=27.0, changed=519, unchanged=406, early_stops=8/8
26 - INFO - chord#: 204 In build_straw_man_chord_sa. tolerance = 1, sa_iterations = 1000, initial_temperature = 3.0, cooling_rate = 0.999
26 - INFO - chord#: 246 done. best_score=96.0, changed=610, unchanged=279, early_stops=8/8
26 - INFO - chord#: 248 In build_straw_man_chord_sa. tolerance = 1, sa_iterations = 1000, initial_temperature = 3.0, cooling_rate = 0.999
26 - INFO - chord#: 244 done. best_score=27.0, changed=513, unchanged=321, early_stops=8/8
26 - INFO - chord#: 246 In build_straw_man_chord_sa. tolerance = 1, sa_iterations = 1000, initial_temperature = 3.0, cooling_rate = 0.999
26 - INFO - chord#: 204 done. best_score=27.0, changed=516, unchanged=330, early_stops=8/8
26 - INFO - chord#: 206 In build_straw_man_chord_sa. tolerance = 1, sa_iterations = 1000, initial_temperature = 3.0, cooling_rate = 0.999
26 - INFO - chord#: 216 done. best_score=27.0, changed=525, unchanged=439, early_stops=8/8
26 - INFO - chord#: 220 In build_straw_man_chord_sa. tolerance = 1, sa_iterations = 1000, initial_temperature = 3.0, cooling_rate = 0.999
26 - INFO - chord#: 206 done. best_score=95.0, changed=609, unchanged=368, early_stops=8/8
26 - INFO - chord#: 207 In build_straw_man_chord_sa. tolerance = 1, sa_iterations = 1000, initial_temperature = 3.0, cooling_rate = 0.999
26 - INFO - chord#: 246 done. best_score=74.0, changed=613, unchanged=355, early_stops=8/8
26 - INFO - chord#: 248 In build_straw_man_chord_sa. tolerance = 1, sa_iterations = 1000, initial_temperature = 3.0, cooling_rate = 0.999
26 - INFO - chord#: 204 done. best_score=27.0, changed=521, unchanged=411, early_stops=8/8
26 - INFO - chord#: 206 In build_straw_man_chord_sa. tolerance = 1, sa_iterations = 1000, initial_temperature = 3.0, cooling_rate = 0.999
26 - INFO - chord#: 248 done. best_score=74.0, changed=613, unchanged=427, early_stops=8/8
26 - INFO - chord#: 250 In build_straw_man_chord_sa. tolerance = 1, sa_iterations = 1000, initial_temperature = 3.0, cooling_rate = 0.999
26 - INFO - chord#: 206 done. best_score=147.0, changed=614, unchanged=268, early_stops=8/8
26 - INFO - chord#: 207 In build_straw_man_chord_sa. tolerance = 1, sa_iterations = 1000, initial_temperature = 3.0, cooling_rate = 0.999
26 - INFO - chord#: 207 done. best_score=27.0, changed=523, unchanged=373, early_stops=8/8
26 - INFO - chord#: 208 In build_straw_man_chord_sa. tolerance = 1, sa_iterations = 1000, initial_temperature = 3.0, cooling_rate = 0.999
26 - INFO - chord#: 214 done. best_score=93.0, changed=610, unchanged=255, early_stops=8/8
26 - INFO - chord#: 216 In build_straw_man_chord_sa. tolerance = 1, sa_iterations = 1000, initial_temperature = 3.0, cooling_rate = 0.999
26 - INFO - chord#: 198 done. best_score=78.0, changed=612, unchanged=393, early_stops=8/8
26 - INFO - chord#: 200 In build_straw_man_chord_sa. tolerance = 1, sa_iterations = 1000, initial_temperature = 3.0, cooling_rate = 0.999
26 - INFO - chord#: 246 done. best_score=74.0, changed=616, unchanged=559, early_stops=8/8
26 - INFO - chord#: 248 In build_straw_man_chord_sa. tolerance = 1, sa_iterations = 1000, initial_temperature = 3.0, cooling_rate = 0.999
26 - INFO - chord#: 207 done. best_score=27.0, changed=527, unchanged=433, early_stops=8/8
26 - INFO - chord#: 208 In build_straw_man_chord_sa. tolerance = 1, sa_iterations = 1000, initial_temperature = 3.0, cooling_rate = 0.999
26 - INFO - chord#: 248 done. best_score=149.0, changed=615, unchanged=325, early_stops=8/8
26 - INFO - chord#: 250 In build_straw_man_chord_sa. tolerance = 1, sa_iterations = 1000, initial_temperature = 3.0, cooling_rate = 0.999
26 - INFO - chord#: 216 done. best_score=27.0, changed=530, unchanged=505, early_stops=8/8
26 - INFO - chord#: 220 In build_straw_man_chord_sa. tolerance = 1, sa_iterations = 1000, initial_temperature = 3.0, cooling_rate = 0.999
26 - INFO - chord#: 220 done. best_score=67.0, changed=607, unchanged=304, early_stops=8/8
26 - INFO - chord#: 224 In build_straw_man_chord_sa. tolerance = 1, sa_iterations = 1000, initial_temperature = 3.0, cooling_rate = 0.999
26 - INFO - chord#: 246 done. best_score=96.0, changed=615, unchanged=434, early_stops=8/8
26 - INFO - chord#: 248 In build_straw_man_chord_sa. tolerance = 1, sa_iterations = 1000, initial_temperature = 3.0, cooling_rate = 0.999
26 - INFO - chord#: 250 done. best_score=61.0, changed=544, unchanged=415, early_stops=8/8
26 - INFO - chord#: 252 In build_straw_man_chord_sa. tolerance = 1, sa_iterations = 1000, initial_temperature = 3.0, cooling_rate = 0.999
26 - INFO - chord#: 224 done. best_score=9.0, changed=459, unchanged=408, early_stops=8/8
26 - INFO - chord#: 228 In build_straw_man_chord_sa. tolerance = 1, sa_iterations = 1000, initial_temperature = 3.0, cooling_rate = 0.999
26 - INFO - chord#: 200 done. best_score=27.0, changed=525, unchanged=481, early_stops=8/8
26 - INFO - chord#: 204 In build_straw_man_chord_sa. tolerance = 1, sa_iterations = 1000, initial_temperature = 3.0, cooling_rate = 0.999
26 - INFO - chord#: 206 done. best_score=90.0, changed=616, unchanged=418, early_stops=8/8
26 - INFO - chord#: 207 In build_straw_man_chord_sa. tolerance = 1, sa_iterations = 1000, initial_temperature = 3.0, cooling_rate = 0.999
26 - INFO - chord#: 250 done. best_score=61.0, changed=539, unchanged=474, early_stops=8/8
26 - INFO - chord#: 252 In build_straw_man_chord_sa. tolerance = 1, sa_iterations = 1000, initial_temperature = 3.0, cooling_rate = 0.999
26 - INFO - chord#: 248 done. best_score=141.0, changed=612, unchanged=393, early_stops=8/8
26 - INFO - chord#: 250 In build_straw_man_chord_sa. tolerance = 1, sa_iterations = 1000, initial_temperature = 3.0, cooling_rate = 0.999
26 - INFO - chord#: 228 done. best_score=27.0, changed=524, unchanged=405, early_stops=8/8
26 - INFO - chord#: 232 In build_straw_man_chord_sa. tolerance = 1, sa_iterations = 1000, initial_temperature = 3.0, cooling_rate = 0.999
26 - INFO - chord#: 206 done. best_score=150.0, changed=612, unchanged=257, early_stops=8/8
26 - INFO - chord#: 207 In build_straw_man_chord_sa. tolerance = 1, sa_iterations = 1000, initial_temperature = 3.0, cooling_rate = 0.999
26 - INFO - chord#: 248 done. best_score=96.0, changed=610, unchanged=293, early_stops=8/8
26 - INFO - chord#: 250 In build_straw_man_chord_sa. tolerance = 1, sa_iterations = 1000, initial_temperature = 3.0, cooling_rate = 0.999
26 - INFO - chord#: 208 done. best_score=111.0, changed=610, unchanged=363, early_stops=8/8
26 - INFO - chord#: 212 In build_straw_man_chord_sa. tolerance = 1, sa_iterations = 1000, initial_temperature = 3.0, cooling_rate = 0.999
26 - INFO - chord#: 208 done. best_score=105.0, changed=610, unchanged=266, early_stops=8/8
26 - INFO - chord#: 212 In build_straw_man_chord_sa. tolerance = 1, sa_iterations = 1000, initial_temperature = 3.0, cooling_rate = 0.999
26 - INFO - chord#: 220 done. best_score=67.0, changed=607, unchanged=279, early_stops=8/8
26 - INFO - chord#: 224 In build_straw_man_chord_sa. tolerance = 1, sa_iterations = 1000, initial_temperature = 3.0, cooling_rate = 0.999
26 - INFO - chord#: 207 done. best_score=27.0, changed=535, unchanged=334, early_stops=8/8
26 - INFO - chord#: 208 In build_straw_man_chord_sa. tolerance = 1, sa_iterations = 1000, initial_temperature = 3.0, cooling_rate = 0.999
26 - INFO - chord#: 248 done. best_score=96.0, changed=607, unchanged=224, early_stops=8/8
26 - INFO - chord#: 250 In build_straw_man_chord_sa. tolerance = 1, sa_iterations = 1000, initial_temperature = 3.0, cooling_rate = 0.999
26 - INFO - chord#: 204 done. best_score=27.0, changed=521, unchanged=530, early_stops=8/8
26 - INFO - chord#: 206 In build_straw_man_chord_sa. tolerance = 1, sa_iterations = 1000, initial_temperature = 3.0, cooling_rate = 0.999
26 - INFO - chord#: 224 done. best_score=9.0, changed=487, unchanged=375, early_stops=8/8
26 - INFO - chord#: 228 In build_straw_man_chord_sa. tolerance = 1, sa_iterations = 1000, initial_temperature = 3.0, cooling_rate = 0.999
26 - INFO - chord#: 250 done. best_score=61.0, changed=546, unchanged=376, early_stops=8/8
26 - INFO - chord#: 252 In build_straw_man_chord_sa. tolerance = 1, sa_iterations = 1000, initial_temperature = 3.0, cooling_rate = 0.999
26 - INFO - chord#: 250 done. best_score=61.0, changed=527, unchanged=290, early_stops=8/8
26 - INFO - chord#: 252 In build_straw_man_chord_sa. tolerance = 1, sa_iterations = 1000, initial_temperature = 3.0, cooling_rate = 0.999
26 - INFO - chord#: 207 done. best_score=27.0, changed=518, unchanged=323, early_stops=8/8
26 - INFO - chord#: 208 In build_straw_man_chord_sa. tolerance = 1, sa_iterations = 1000, initial_temperature = 3.0, cooling_rate = 0.999
26 - INFO - chord#: 212 done. best_score=27.0, changed=529, unchanged=489, early_stops=8/8
26 - INFO - chord#: 214 In build_straw_man_chord_sa. tolerance = 1, sa_iterations = 1000, initial_temperature = 3.0, cooling_rate = 0.999
26 - INFO - chord#: 212 done. best_score=27.0, changed=530, unchanged=510, early_stops=8/8
26 - INFO - chord#: 214 In build_straw_man_chord_sa. tolerance = 1, sa_iterations = 1000, initial_temperature = 3.0, cooling_rate = 0.999
26 - INFO - chord#: 250 done. best_score=61.0, changed=557, unchanged=318, early_stops=8/8
26 - INFO - chord#: 252 In build_straw_man_chord_sa. tolerance = 1, sa_iterations = 1000, initial_temperature = 3.0, cooling_rate = 0.999
26 - INFO - chord#: 228 done. best_score=27.0, changed=520, unchanged=328, early_stops=8/8
26 - INFO - chord#: 232 In build_straw_man_chord_sa. tolerance = 1, sa_iterations = 1000, initial_temperature = 3.0, cooling_rate = 0.999
26 - INFO - chord#: 252 done. best_score=78.0, changed=613, unchanged=341, early_stops=8/8
26 - INFO - chord#: 254 In build_straw_man_chord_sa. tolerance = 1, sa_iterations = 1000, initial_temperature = 3.0, cooling_rate = 0.999
26 - INFO - chord#: 252 done. best_score=67.0, changed=610, unchanged=429, early_stops=8/8
26 - INFO - chord#: 254 In build_straw_man_chord_sa. tolerance = 1, sa_iterations = 1000, initial_temperature = 3.0, cooling_rate = 0.999
26 - INFO - chord#: 254 done. best_score=11.0, changed=485, unchanged=341, early_stops=8/8
26 - INFO - chord#: 256 In build_straw_man_chord_sa. tolerance = 1, sa_iterations = 1000, initial_temperature = 3.0, cooling_rate = 0.999
26 - INFO - chord#: 232 done. best_score=78.0, changed=611, unchanged=294, early_stops=8/8
26 - INFO - chord#: 236 In build_straw_man_chord_sa. tolerance = 1, sa_iterations = 1000, initial_temperature = 3.0, cooling_rate = 0.999
26 - INFO - chord#: 254 done. best_score=11.0, changed=538, unchanged=269, early_stops=8/8
26 - INFO - chord#: 256 In build_straw_man_chord_sa. tolerance = 1, sa_iterations = 1000, initial_temperature = 3.0, cooling_rate = 0.999
26 - INFO - chord#: 214 done. best_score=94.0, changed=606, unchanged=201, early_stops=8/8
26 - INFO - chord#: 216 In build_straw_man_chord_sa. tolerance = 1, sa_iterations = 1000, initial_temperature = 3.0, cooling_rate = 0.999
26 - INFO - chord#: 208 done. best_score=105.0, changed=606, unchanged=283, early_stops=8/8
26 - INFO - chord#: 212 In build_straw_man_chord_sa. tolerance = 1, sa_iterations = 1000, initial_temperature = 3.0, cooling_rate = 0.999
26 - INFO - chord#: 236 done. best_score=36.0, changed=521, unchanged=420, early_stops=8/8
26 - INFO - chord#: 240 In build_straw_man_chord_sa. tolerance = 1, sa_iterations = 1000, initial_temperature = 3.0, cooling_rate = 0.999
26 - INFO - chord#: 252 done. best_score=160.0, changed=615, unchanged=341, early_stops=8/8
26 - INFO - chord#: 254 In build_straw_man_chord_sa. tolerance = 1, sa_iterations = 1000, initial_temperature = 3.0, cooling_rate = 0.999
26 - INFO - chord#: 240 done. best_score=11.0, changed=492, unchanged=359, early_stops=8/8
26 - INFO - chord#: 242 In build_straw_man_chord_sa. tolerance = 1, sa_iterations = 1000, initial_temperature = 3.0, cooling_rate = 0.999
26 - INFO - chord#: 254 done. best_score=11.0, changed=476, unchanged=333, early_stops=8/8
26 - INFO - chord#: 256 In build_straw_man_chord_sa. tolerance = 1, sa_iterations = 1000, initial_temperature = 3.0, cooling_rate = 0.999
26 - INFO - chord#: 214 done. best_score=94.0, changed=609, unchanged=248, early_stops=8/8
26 - INFO - chord#: 216 In build_straw_man_chord_sa. tolerance = 1, sa_iterations = 1000, initial_temperature = 3.0, cooling_rate = 0.999
26 - INFO - chord#: 208 done. best_score=105.0, changed=609, unchanged=380, early_stops=8/8
26 - INFO - chord#: 212 In build_straw_man_chord_sa. tolerance = 1, sa_iterations = 1000, initial_temperature = 3.0, cooling_rate = 0.999
26 - INFO - chord#: 252 done. best_score=140.0, changed=613, unchanged=336, early_stops=8/8
26 - INFO - chord#: 254 In build_straw_man_chord_sa. tolerance = 1, sa_iterations = 1000, initial_temperature = 3.0, cooling_rate = 0.999
26 - INFO - chord#: 216 done. best_score=27.0, changed=529, unchanged=529, early_stops=8/8
26 - INFO - chord#: 220 In build_straw_man_chord_sa. tolerance = 1, sa_iterations = 1000, initial_temperature = 3.0, cooling_rate = 0.999
26 - INFO - chord#: 232 done. best_score=67.0, changed=618, unchanged=285, early_stops=8/8
26 - INFO - chord#: 236 In build_straw_man_chord_sa. tolerance = 1, sa_iterations = 1000, initial_temperature = 3.0, cooling_rate = 0.999
26 - INFO - chord#: 212 done. best_score=27.0, changed=515, unchanged=315, early_stops=8/8
26 - INFO - chord#: 214 In build_straw_man_chord_sa. tolerance = 1, sa_iterations = 1000, initial_temperature = 3.0, cooling_rate = 0.999
26 - INFO - chord#: 254 done. best_score=11.0, changed=500, unchanged=314, early_stops=8/8
26 - INFO - chord#: 256 In build_straw_man_chord_sa. tolerance = 1, sa_iterations = 1000, initial_temperature = 3.0, cooling_rate = 0.999
26 - INFO - chord#: 252 done. best_score=67.0, changed=618, unchanged=425, early_stops=8/8
26 - INFO - chord#: 254 In build_straw_man_chord_sa. tolerance = 1, sa_iterations = 1000, initial_temperature = 3.0, cooling_rate = 0.999
26 - INFO - chord#: 206 done. best_score=95.0, changed=613, unchanged=517, early_stops=8/8
26 - INFO - chord#: 207 In build_straw_man_chord_sa. tolerance = 1, sa_iterations = 1000, initial_temperature = 3.0, cooling_rate = 0.999
26 - INFO - chord#: 254 done. best_score=11.0, changed=506, unchanged=301, early_stops=8/8
26 - INFO - chord#: 256 In build_straw_man_chord_sa. tolerance = 1, sa_iterations = 1000, initial_temperature = 3.0, cooling_rate = 0.999
26 - INFO - chord#: 256 done. best_score=78.0, changed=615, unchanged=367, early_stops=8/8
26 - INFO - chord#: 260 In build_straw_man_chord_sa. tolerance = 1, sa_iterations = 1000, initial_temperature = 3.0, cooling_rate = 0.999
26 - INFO - chord#: 216 done. best_score=27.0, changed=517, unchanged=329, early_stops=8/8
26 - INFO - chord#: 220 In build_straw_man_chord_sa. tolerance = 1, sa_iterations = 1000, initial_temperature = 3.0, cooling_rate = 0.999
26 - INFO - chord#: 212 done. best_score=27.0, changed=521, unchanged=357, early_stops=8/8
26 - INFO - chord#: 214 In build_straw_man_chord_sa. tolerance = 1, sa_iterations = 1000, initial_temperature = 3.0, cooling_rate = 0.999
26 - INFO - chord#: 256 done. best_score=78.0, changed=606, unchanged=282, early_stops=8/8
26 - INFO - chord#: 260 In build_straw_man_chord_sa. tolerance = 1, sa_iterations = 1000, initial_temperature = 3.0, cooling_rate = 0.999
26 - INFO - chord#: 236 done. best_score=36.0, changed=517, unchanged=410, early_stops=8/8
26 - INFO - chord#: 240 In build_straw_man_chord_sa. tolerance = 1, sa_iterations = 1000, initial_temperature = 3.0, cooling_rate = 0.999
26 - INFO - chord#: 240 done. best_score=11.0, changed=490, unchanged=336, early_stops=8/8
26 - INFO - chord#: 242 In build_straw_man_chord_sa. tolerance = 1, sa_iterations = 1000, initial_temperature = 3.0, cooling_rate = 0.999
26 - INFO - chord#: 207 done. best_score=27.0, changed=531, unchanged=292, early_stops=8/8
26 - INFO - chord#: 208 In build_straw_man_chord_sa. tolerance = 1, sa_iterations = 1000, initial_temperature = 3.0, cooling_rate = 0.999
26 - INFO - chord#: 260 done. best_score=27.0, changed=519, unchanged=424, early_stops=8/8
26 - INFO - chord#: 262 In build_straw_man_chord_sa. tolerance = 1, sa_iterations = 1000, initial_temperature = 3.0, cooling_rate = 0.999
26 - INFO - chord#: 242 done. best_score=106.0, changed=616, unchanged=328, early_stops=8/8
26 - INFO - chord#: 244 In build_straw_man_chord_sa. tolerance = 1, sa_iterations = 1000, initial_temperature = 3.0, cooling_rate = 0.999
26 - INFO - chord#: 260 done. best_score=27.0, changed=516, unchanged=316, early_stops=8/8
26 - INFO - chord#: 262 In build_straw_man_chord_sa. tolerance = 1, sa_iterations = 1000, initial_temperature = 3.0, cooling_rate = 0.999
26 - INFO - chord#: 256 done. best_score=119.0, changed=611, unchanged=369, early_stops=8/8
26 - INFO - chord#: 260 In build_straw_man_chord_sa. tolerance = 1, sa_iterations = 1000, initial_temperature = 3.0, cooling_rate = 0.999
26 - INFO - chord#: 220 done. best_score=78.0, changed=612, unchanged=335, early_stops=8/8
26 - INFO - chord#: 224 In build_straw_man_chord_sa. tolerance = 1, sa_iterations = 1000, initial_temperature = 3.0, cooling_rate = 0.999
26 - INFO - chord#: 256 done. best_score=125.0, changed=608, unchanged=266, early_stops=8/8
26 - INFO - chord#: 260 In build_straw_man_chord_sa. tolerance = 1, sa_iterations = 1000, initial_temperature = 3.0, cooling_rate = 0.999
26 - INFO - chord#: 224 done. best_score=9.0, changed=472, unchanged=387, early_stops=8/8
26 - INFO - chord#: 228 In build_straw_man_chord_sa. tolerance = 1, sa_iterations = 1000, initial_temperature = 3.0, cooling_rate = 0.999
26 - INFO - chord#: 244 done. best_score=27.0, changed=520, unchanged=326, early_stops=8/8
26 - INFO - chord#: 246 In build_straw_man_chord_sa. tolerance = 1, sa_iterations = 1000, initial_temperature = 3.0, cooling_rate = 0.999
26 - INFO - chord#: 214 done. best_score=93.0, changed=620, unchanged=393, early_stops=8/8
26 - INFO - chord#: 216 In build_straw_man_chord_sa. tolerance = 1, sa_iterations = 1000, initial_temperature = 3.0, cooling_rate = 0.999
26 - INFO - chord#: 260 done. best_score=27.0, changed=516, unchanged=317, early_stops=8/8
26 - INFO - chord#: 262 In build_straw_man_chord_sa. tolerance = 1, sa_iterations = 1000, initial_temperature = 3.0, cooling_rate = 0.999
26 - INFO - chord#: 256 done. best_score=153.0, changed=611, unchanged=371, early_stops=8/8
26 - INFO - chord#: 260 In build_straw_man_chord_sa. tolerance = 1, sa_iterations = 1000, initial_temperature = 3.0, cooling_rate = 0.999
26 - INFO - chord#: 242 done. best_score=169.0, changed=608, unchanged=269, early_stops=8/8
26 - INFO - chord#: 244 In build_straw_man_chord_sa. tolerance = 1, sa_iterations = 1000, initial_temperature = 3.0, cooling_rate = 0.999
26 - INFO - chord#: 228 done. best_score=27.0, changed=511, unchanged=374, early_stops=8/8
26 - INFO - chord#: 232 In build_straw_man_chord_sa. tolerance = 1, sa_iterations = 1000, initial_temperature = 3.0, cooling_rate = 0.999
26 - INFO - chord#: 214 done. best_score=96.0, changed=612, unchanged=369, early_stops=8/8
26 - INFO - chord#: 216 In build_straw_man_chord_sa. tolerance = 1, sa_iterations = 1000, initial_temperature = 3.0, cooling_rate = 0.999
26 - INFO - chord#: 260 done. best_score=27.0, changed=525, unchanged=443, early_stops=8/8
26 - INFO - chord#: 262 In build_straw_man_chord_sa. tolerance = 1, sa_iterations = 1000, initial_temperature = 3.0, cooling_rate = 0.999
26 - INFO - chord#: 216 done. best_score=27.0, changed=530, unchanged=526, early_stops=8/8
26 - INFO - chord#: 220 In build_straw_man_chord_sa. tolerance = 1, sa_iterations = 1000, initial_temperature = 3.0, cooling_rate = 0.999
26 - INFO - chord#: 244 done. best_score=74.0, changed=540, unchanged=316, early_stops=8/8
26 - INFO - chord#: 246 In build_straw_man_chord_sa. tolerance = 1, sa_iterations = 1000, initial_temperature = 3.0, cooling_rate = 0.999
26 - INFO - chord#: 262 done. best_score=125.0, changed=614, unchanged=518, early_stops=8/8
26 - INFO - chord#: 264 In build_straw_man_chord_sa. tolerance = 1, sa_iterations = 1000, initial_temperature = 3.0, cooling_rate = 0.999
26 - INFO - chord#: 208 done. best_score=115.0, changed=616, unchanged=298, early_stops=8/8
26 - INFO - chord#: 212 In build_straw_man_chord_sa. tolerance = 1, sa_iterations = 1000, initial_temperature = 3.0, cooling_rate = 0.999
26 - INFO - chord#: 220 done. best_score=67.0, changed=613, unchanged=470, early_stops=8/8
26 - INFO - chord#: 224 In build_straw_man_chord_sa. tolerance = 1, sa_iterations = 1000, initial_temperature = 3.0, cooling_rate = 0.999
26 - INFO - chord#: 260 done. best_score=27.0, changed=520, unchanged=504, early_stops=8/8
26 - INFO - chord#: 262 In build_straw_man_chord_sa. tolerance = 1, sa_iterations = 1000, initial_temperature = 3.0, cooling_rate = 0.999
26 - INFO - chord#: 224 done. best_score=9.0, changed=462, unchanged=413, early_stops=8/8
26 - INFO - chord#: 228 In build_straw_man_chord_sa. tolerance = 1, sa_iterations = 1000, initial_temperature = 3.0, cooling_rate = 0.999
26 - INFO - chord#: 216 done. best_score=27.0, changed=520, unchanged=330, early_stops=8/8
26 - INFO - chord#: 220 In build_straw_man_chord_sa. tolerance = 1, sa_iterations = 1000, initial_temperature = 3.0, cooling_rate = 0.999
26 - INFO - chord#: 262 done. best_score=64.0, changed=608, unchanged=205, early_stops=8/8
26 - INFO - chord#: 264 In build_straw_man_chord_sa. tolerance = 1, sa_iterations = 1000, initial_temperature = 3.0, cooling_rate = 0.999
26 - INFO - chord#: 262 done. best_score=64.0, changed=613, unchanged=384, early_stops=8/8
26 - INFO - chord#: 264 In build_straw_man_chord_sa. tolerance = 1, sa_iterations = 1000, initial_temperature = 3.0, cooling_rate = 0.999
26 - INFO - chord#: 246 done. best_score=74.0, changed=615, unchanged=332, early_stops=8/8
26 - INFO - chord#: 248 In build_straw_man_chord_sa. tolerance = 1, sa_iterations = 1000, initial_temperature = 3.0, cooling_rate = 0.999
26 - INFO - chord#: 212 done. best_score=27.0, changed=530, unchanged=491, early_stops=8/8
26 - INFO - chord#: 214 In build_straw_man_chord_sa. tolerance = 1, sa_iterations = 1000, initial_temperature = 3.0, cooling_rate = 0.999
26 - INFO - chord#: 262 done. best_score=104.0, changed=609, unchanged=259, early_stops=8/8
26 - INFO - chord#: 264 In build_straw_man_chord_sa. tolerance = 1, sa_iterations = 1000, initial_temperature = 3.0, cooling_rate = 0.999
26 - INFO - chord#: 228 done. best_score=27.0, changed=522, unchanged=364, early_stops=8/8
26 - INFO - chord#: 232 In build_straw_man_chord_sa. tolerance = 1, sa_iterations = 1000, initial_temperature = 3.0, cooling_rate = 0.999
26 - INFO - chord#: 232 done. best_score=137.0, changed=612, unchanged=347, early_stops=8/8
26 - INFO - chord#: 236 In build_straw_man_chord_sa. tolerance = 1, sa_iterations = 1000, initial_temperature = 3.0, cooling_rate = 0.999
26 - INFO - chord#: 246 done. best_score=149.0, changed=618, unchanged=366, early_stops=8/8
26 - INFO - chord#: 248 In build_straw_man_chord_sa. tolerance = 1, sa_iterations = 1000, initial_temperature = 3.0, cooling_rate = 0.999
26 - INFO - chord#: 264 done. best_score=78.0, changed=617, unchanged=468, early_stops=8/8
26 - INFO - chord#: 268 In build_straw_man_chord_sa. tolerance = 1, sa_iterations = 1000, initial_temperature = 3.0, cooling_rate = 0.999
26 - INFO - chord#: 262 done. best_score=64.0, changed=606, unchanged=292, early_stops=8/8
26 - INFO - chord#: 264 In build_straw_man_chord_sa. tolerance = 1, sa_iterations = 1000, initial_temperature = 3.0, cooling_rate = 0.999
26 - INFO - chord#: 236 done. best_score=36.0, changed=528, unchanged=357, early_stops=8/8
26 - INFO - chord#: 240 In build_straw_man_chord_sa. tolerance = 1, sa_iterations = 1000, initial_temperature = 3.0, cooling_rate = 0.999
26 - INFO - chord#: 264 done. best_score=67.0, changed=615, unchanged=290, early_stops=8/8
26 - INFO - chord#: 268 In build_straw_man_chord_sa. tolerance = 1, sa_iterations = 1000, initial_temperature = 3.0, cooling_rate = 0.999
26 - INFO - chord#: 220 done. best_score=125.0, changed=612, unchanged=348, early_stops=8/8
26 - INFO - chord#: 224 In build_straw_man_chord_sa. tolerance = 1, sa_iterations = 1000, initial_temperature = 3.0, cooling_rate = 0.999
26 - INFO - chord#: 240 done. best_score=11.0, changed=490, unchanged=367, early_stops=8/8
26 - INFO - chord#: 242 In build_straw_man_chord_sa. tolerance = 1, sa_iterations = 1000, initial_temperature = 3.0, cooling_rate = 0.999
26 - INFO - chord#: 224 done. best_score=9.0, changed=460, unchanged=394, early_stops=8/8
26 - INFO - chord#: 228 In build_straw_man_chord_sa. tolerance = 1, sa_iterations = 1000, initial_temperature = 3.0, cooling_rate = 0.999
26 - INFO - chord#: 220 done. best_score=67.0, changed=612, unchanged=282, early_stops=8/8
26 - INFO - chord#: 224 In build_straw_man_chord_sa. tolerance = 1, sa_iterations = 1000, initial_temperature = 3.0, cooling_rate = 0.999
26 - INFO - chord#: 268 done. best_score=27.0, changed=521, unchanged=467, early_stops=8/8
26 - INFO - chord#: 270 In build_straw_man_chord_sa. tolerance = 1, sa_iterations = 1000, initial_temperature = 3.0, cooling_rate = 0.999
26 - INFO - chord#: 224 done. best_score=9.0, changed=459, unchanged=391, early_stops=8/8
26 - INFO - chord#: 228 In build_straw_man_chord_sa. tolerance = 1, sa_iterations = 1000, initial_temperature = 3.0, cooling_rate = 0.999
26 - INFO - chord#: 264 done. best_score=67.0, changed=616, unchanged=334, early_stops=8/8
26 - INFO - chord#: 268 In build_straw_man_chord_sa. tolerance = 1, sa_iterations = 1000, initial_temperature = 3.0, cooling_rate = 0.999
26 - INFO - chord#: 264 done. best_score=67.0, changed=612, unchanged=318, early_stops=8/8
26 - INFO - chord#: 268 In build_straw_man_chord_sa. tolerance = 1, sa_iterations = 1000, initial_temperature = 3.0, cooling_rate = 0.999
26 - INFO - chord#: 268 done. best_score=27.0, changed=515, unchanged=412, early_stops=8/8
26 - INFO - chord#: 270 In build_straw_man_chord_sa. tolerance = 1, sa_iterations = 1000, initial_temperature = 3.0, cooling_rate = 0.999
26 - INFO - chord#: 248 done. best_score=74.0, changed=616, unchanged=476, early_stops=8/8
26 - INFO - chord#: 250 In build_straw_man_chord_sa. tolerance = 1, sa_iterations = 1000, initial_temperature = 3.0, cooling_rate = 0.999
26 - INFO - chord#: 214 done. best_score=94.0, changed=620, unchanged=352, early_stops=8/8
26 - INFO - chord#: 216 In build_straw_man_chord_sa. tolerance = 1, sa_iterations = 1000, initial_temperature = 3.0, cooling_rate = 0.999
26 - INFO - chord#: 228 done. best_score=27.0, changed=521, unchanged=310, early_stops=8/8
26 - INFO - chord#: 232 In build_straw_man_chord_sa. tolerance = 1, sa_iterations = 1000, initial_temperature = 3.0, cooling_rate = 0.999
26 - INFO - chord#: 248 done. best_score=144.0, changed=611, unchanged=310, early_stops=8/8
26 - INFO - chord#: 250 In build_straw_man_chord_sa. tolerance = 1, sa_iterations = 1000, initial_temperature = 3.0, cooling_rate = 0.999
26 - INFO - chord#: 228 done. best_score=27.0, changed=519, unchanged=335, early_stops=8/8
26 - INFO - chord#: 232 In build_straw_man_chord_sa. tolerance = 1, sa_iterations = 1000, initial_temperature = 3.0, cooling_rate = 0.999
26 - INFO - chord#: 268 done. best_score=27.0, changed=523, unchanged=448, early_stops=8/8
26 - INFO - chord#: 270 In build_straw_man_chord_sa. tolerance = 1, sa_iterations = 1000, initial_temperature = 3.0, cooling_rate = 0.999
26 - INFO - chord#: 250 done. best_score=61.0, changed=526, unchanged=337, early_stops=8/8
26 - INFO - chord#: 252 In build_straw_man_chord_sa. tolerance = 1, sa_iterations = 1000, initial_temperature = 3.0, cooling_rate = 0.999
26 - INFO - chord#: 216 done. best_score=27.0, changed=517, unchanged=414, early_stops=8/8
26 - INFO - chord#: 220 In build_straw_man_chord_sa. tolerance = 1, sa_iterations = 1000, initial_temperature = 3.0, cooling_rate = 0.999
26 - INFO - chord#: 268 done. best_score=27.0, changed=519, unchanged=427, early_stops=8/8
26 - INFO - chord#: 270 In build_straw_man_chord_sa. tolerance = 1, sa_iterations = 1000, initial_temperature = 3.0, cooling_rate = 0.999
26 - INFO - chord#: 242 done. best_score=106.0, changed=613, unchanged=335, early_stops=8/8
26 - INFO - chord#: 244 In build_straw_man_chord_sa. tolerance = 1, sa_iterations = 1000, initial_temperature = 3.0, cooling_rate = 0.999
26 - INFO - chord#: 264 done. best_score=142.0, changed=607, unchanged=306, early_stops=8/8
26 - INFO - chord#: 268 In build_straw_man_chord_sa. tolerance = 1, sa_iterations = 1000, initial_temperature = 3.0, cooling_rate = 0.999
26 - INFO - chord#: 232 done. best_score=67.0, changed=614, unchanged=483, early_stops=8/8
26 - INFO - chord#: 236 In build_straw_man_chord_sa. tolerance = 1, sa_iterations = 1000, initial_temperature = 3.0, cooling_rate = 0.999
26 - INFO - chord#: 250 done. best_score=61.0, changed=537, unchanged=407, early_stops=8/8
26 - INFO - chord#: 252 In build_straw_man_chord_sa. tolerance = 1, sa_iterations = 1000, initial_temperature = 3.0, cooling_rate = 0.999
26 - INFO - chord#: 270 done. best_score=67.0, changed=610, unchanged=250, early_stops=8/8
26 - INFO - chord#: 272 In build_straw_man_chord_sa. tolerance = 1, sa_iterations = 1000, initial_temperature = 3.0, cooling_rate = 0.999
26 - INFO - chord#: 272 done. best_score=9.0, changed=460, unchanged=414, early_stops=8/8
26 - INFO - chord#: 244 done. best_score=36.0, changed=521, unchanged=377, early_stops=8/8
26 - INFO - chord#: 246 In build_straw_man_chord_sa. tolerance = 1, sa_iterations = 1000, initial_temperature = 3.0, cooling_rate = 0.999
26 - INFO - chord#: 270 done. best_score=67.0, changed=620, unchanged=425, early_stops=8/8
26 - INFO - chord#: 272 In build_straw_man_chord_sa. tolerance = 1, sa_iterations = 1000, initial_temperature = 3.0, cooling_rate = 0.999
26 - INFO - chord#: 272 done. best_score=9.0, changed=454, unchanged=388, early_stops=8/8
26 - INFO - chord#: 268 done. best_score=27.0, changed=510, unchanged=345, early_stops=8/8
26 - INFO - chord#: 270 In build_straw_man_chord_sa. tolerance = 1, sa_iterations = 1000, initial_temperature = 3.0, cooling_rate = 0.999
26 - INFO - chord#: 236 done. best_score=36.0, changed=526, unchanged=453, early_stops=8/8
26 - INFO - chord#: 240 In build_straw_man_chord_sa. tolerance = 1, sa_iterations = 1000, initial_temperature = 3.0, cooling_rate = 0.999
26 - INFO - chord#: 232 done. best_score=78.0, changed=608, unchanged=234, early_stops=8/8
26 - INFO - chord#: 236 In build_straw_man_chord_sa. tolerance = 1, sa_iterations = 1000, initial_temperature = 3.0, cooling_rate = 0.999
26 - INFO - chord#: 252 done. best_score=140.0, changed=615, unchanged=256, early_stops=8/8
26 - INFO - chord#: 254 In build_straw_man_chord_sa. tolerance = 1, sa_iterations = 1000, initial_temperature = 3.0, cooling_rate = 0.999
26 - INFO - chord#: 240 done. best_score=11.0, changed=484, unchanged=348, early_stops=8/8
26 - INFO - chord#: 242 In build_straw_man_chord_sa. tolerance = 1, sa_iterations = 1000, initial_temperature = 3.0, cooling_rate = 0.999
26 - INFO - chord#: 220 done. best_score=78.0, changed=608, unchanged=212, early_stops=8/8
26 - INFO - chord#: 224 In build_straw_man_chord_sa. tolerance = 1, sa_iterations = 1000, initial_temperature = 3.0, cooling_rate = 0.999
26 - INFO - chord#: 254 done. best_score=11.0, changed=532, unchanged=274, early_stops=8/8
26 - INFO - chord#: 256 In build_straw_man_chord_sa. tolerance = 1, sa_iterations = 1000, initial_temperature = 3.0, cooling_rate = 0.999
26 - INFO - chord#: 270 done. best_score=67.0, changed=614, unchanged=391, early_stops=8/8
26 - INFO - chord#: 272 In build_straw_man_chord_sa. tolerance = 1, sa_iterations = 1000, initial_temperature = 3.0, cooling_rate = 0.999
26 - INFO - chord#: 224 done. best_score=9.0, changed=467, unchanged=366, early_stops=8/8
26 - INFO - chord#: 228 In build_straw_man_chord_sa. tolerance = 1, sa_iterations = 1000, initial_temperature = 3.0, cooling_rate = 0.999
26 - INFO - chord#: 232 done. best_score=137.0, changed=612, unchanged=293, early_stops=8/8
26 - INFO - chord#: 236 In build_straw_man_chord_sa. tolerance = 1, sa_iterations = 1000, initial_temperature = 3.0, cooling_rate = 0.999
26 - INFO - chord#: 272 done. best_score=9.0, changed=464, unchanged=387, early_stops=8/8
26 - INFO - chord#: 252 done. best_score=119.0, changed=613, unchanged=295, early_stops=8/8
26 - INFO - chord#: 254 In build_straw_man_chord_sa. tolerance = 1, sa_iterations = 1000, initial_temperature = 3.0, cooling_rate = 0.999
26 - INFO - chord#: 236 done. best_score=36.0, changed=520, unchanged=401, early_stops=8/8
26 - INFO - chord#: 240 In build_straw_man_chord_sa. tolerance = 1, sa_iterations = 1000, initial_temperature = 3.0, cooling_rate = 0.999
26 - INFO - chord#: 254 done. best_score=11.0, changed=471, unchanged=353, early_stops=8/8
26 - INFO - chord#: 256 In build_straw_man_chord_sa. tolerance = 1, sa_iterations = 1000, initial_temperature = 3.0, cooling_rate = 0.999
26 - INFO - chord#: 240 done. best_score=11.0, changed=498, unchanged=363, early_stops=8/8
26 - INFO - chord#: 242 In build_straw_man_chord_sa. tolerance = 1, sa_iterations = 1000, initial_temperature = 3.0, cooling_rate = 0.999
26 - INFO - chord#: 228 done. best_score=27.0, changed=515, unchanged=319, early_stops=8/8
26 - INFO - chord#: 232 In build_straw_man_chord_sa. tolerance = 1, sa_iterations = 1000, initial_temperature = 3.0, cooling_rate = 0.999
26 - INFO - chord#: 246 done. best_score=149.0, changed=617, unchanged=348, early_stops=8/8
26 - INFO - chord#: 248 In build_straw_man_chord_sa. tolerance = 1, sa_iterations = 1000, initial_temperature = 3.0, cooling_rate = 0.999
26 - INFO - chord#: 270 done. best_score=67.0, changed=617, unchanged=474, early_stops=8/8
26 - INFO - chord#: 272 In build_straw_man_chord_sa. tolerance = 1, sa_iterations = 1000, initial_temperature = 3.0, cooling_rate = 0.999
26 - INFO - chord#: 236 done. best_score=36.0, changed=517, unchanged=334, early_stops=8/8
26 - INFO - chord#: 240 In build_straw_man_chord_sa. tolerance = 1, sa_iterations = 1000, initial_temperature = 3.0, cooling_rate = 0.999
26 - INFO - chord#: 272 done. best_score=9.0, changed=464, unchanged=373, early_stops=8/8
26 - INFO - chord#: 240 done. best_score=11.0, changed=499, unchanged=330, early_stops=8/8
26 - INFO - chord#: 242 In build_straw_man_chord_sa. tolerance = 1, sa_iterations = 1000, initial_temperature = 3.0, cooling_rate = 0.999
26 - INFO - chord#: 256 done. best_score=140.0, changed=611, unchanged=252, early_stops=8/8
26 - INFO - chord#: 260 In build_straw_man_chord_sa. tolerance = 1, sa_iterations = 1000, initial_temperature = 3.0, cooling_rate = 0.999
26 - INFO - chord#: 270 done. best_score=67.0, changed=610, unchanged=350, early_stops=8/8
26 - INFO - chord#: 272 In build_straw_man_chord_sa. tolerance = 1, sa_iterations = 1000, initial_temperature = 3.0, cooling_rate = 0.999
26 - INFO - chord#: 272 done. best_score=9.0, changed=453, unchanged=366, early_stops=8/8
26 - INFO - chord#: 242 done. best_score=141.0, changed=609, unchanged=362, early_stops=8/8
26 - INFO - chord#: 244 In build_straw_man_chord_sa. tolerance = 1, sa_iterations = 1000, initial_temperature = 3.0, cooling_rate = 0.999
26 - INFO - chord#: 256 done. best_score=119.0, changed=606, unchanged=315, early_stops=8/8
26 - INFO - chord#: 260 In build_straw_man_chord_sa. tolerance = 1, sa_iterations = 1000, initial_temperature = 3.0, cooling_rate = 0.999
26 - INFO - chord#: 260 done. best_score=36.0, changed=520, unchanged=378, early_stops=8/8
26 - INFO - chord#: 262 In build_straw_man_chord_sa. tolerance = 1, sa_iterations = 1000, initial_temperature = 3.0, cooling_rate = 0.999
26 - INFO - chord#: 248 done. best_score=96.0, changed=607, unchanged=210, early_stops=8/8
26 - INFO - chord#: 250 In build_straw_man_chord_sa. tolerance = 1, sa_iterations = 1000, initial_temperature = 3.0, cooling_rate = 0.999
26 - INFO - chord#: 242 done. best_score=106.0, changed=609, unchanged=336, early_stops=8/8
26 - INFO - chord#: 244 In build_straw_man_chord_sa. tolerance = 1, sa_iterations = 1000, initial_temperature = 3.0, cooling_rate = 0.999
26 - INFO - chord#: 232 done. best_score=125.0, changed=615, unchanged=287, early_stops=8/8
26 - INFO - chord#: 236 In build_straw_man_chord_sa. tolerance = 1, sa_iterations = 1000, initial_temperature = 3.0, cooling_rate = 0.999
26 - INFO - chord#: 244 done. best_score=27.0, changed=525, unchanged=434, early_stops=8/8
26 - INFO - chord#: 246 In build_straw_man_chord_sa. tolerance = 1, sa_iterations = 1000, initial_temperature = 3.0, cooling_rate = 0.999
26 - INFO - chord#: 260 done. best_score=27.0, changed=516, unchanged=432, early_stops=8/8
26 - INFO - chord#: 262 In build_straw_man_chord_sa. tolerance = 1, sa_iterations = 1000, initial_temperature = 3.0, cooling_rate = 0.999
26 - INFO - chord#: 236 done. best_score=36.0, changed=516, unchanged=371, early_stops=8/8
26 - INFO - chord#: 240 In build_straw_man_chord_sa. tolerance = 1, sa_iterations = 1000, initial_temperature = 3.0, cooling_rate = 0.999
26 - INFO - chord#: 250 done. best_score=61.0, changed=530, unchanged=336, early_stops=8/8
26 - INFO - chord#: 252 In build_straw_man_chord_sa. tolerance = 1, sa_iterations = 1000, initial_temperature = 3.0, cooling_rate = 0.999
26 - INFO - chord#: 244 done. best_score=27.0, changed=521, unchanged=420, early_stops=8/8
26 - INFO - chord#: 246 In build_straw_man_chord_sa. tolerance = 1, sa_iterations = 1000, initial_temperature = 3.0, cooling_rate = 0.999
26 - INFO - chord#: 240 done. best_score=11.0, changed=492, unchanged=366, early_stops=8/8
26 - INFO - chord#: 242 In build_straw_man_chord_sa. tolerance = 1, sa_iterations = 1000, initial_temperature = 3.0, cooling_rate = 0.999
26 - INFO - chord#: 242 done. best_score=141.0, changed=608, unchanged=262, early_stops=8/8
26 - INFO - chord#: 244 In build_straw_man_chord_sa. tolerance = 1, sa_iterations = 1000, initial_temperature = 3.0, cooling_rate = 0.999
26 - INFO - chord#: 262 done. best_score=71.0, changed=611, unchanged=280, early_stops=8/8
26 - INFO - chord#: 264 In build_straw_man_chord_sa. tolerance = 1, sa_iterations = 1000, initial_temperature = 3.0, cooling_rate = 0.999
26 - INFO - chord#: 244 done. best_score=27.0, changed=517, unchanged=329, early_stops=8/8
26 - INFO - chord#: 246 In build_straw_man_chord_sa. tolerance = 1, sa_iterations = 1000, initial_temperature = 3.0, cooling_rate = 0.999
26 - INFO - chord#: 246 done. best_score=74.0, changed=610, unchanged=260, early_stops=8/8
26 - INFO - chord#: 248 In build_straw_man_chord_sa. tolerance = 1, sa_iterations = 1000, initial_temperature = 3.0, cooling_rate = 0.999
26 - INFO - chord#: 246 done. best_score=74.0, changed=615, unchanged=287, early_stops=8/8
26 - INFO - chord#: 248 In build_straw_man_chord_sa. tolerance = 1, sa_iterations = 1000, initial_temperature = 3.0, cooling_rate = 0.999
26 - INFO - chord#: 262 done. best_score=104.0, changed=610, unchanged=310, early_stops=8/8
26 - INFO - chord#: 264 In build_straw_man_chord_sa. tolerance = 1, sa_iterations = 1000, initial_temperature = 3.0, cooling_rate = 0.999
26 - INFO - chord#: 252 done. best_score=67.0, changed=612, unchanged=365, early_stops=8/8
26 - INFO - chord#: 254 In build_straw_man_chord_sa. tolerance = 1, sa_iterations = 1000, initial_temperature = 3.0, cooling_rate = 0.999
26 - INFO - chord#: 242 done. best_score=132.0, changed=609, unchanged=268, early_stops=8/8
26 - INFO - chord#: 244 In build_straw_man_chord_sa. tolerance = 1, sa_iterations = 1000, initial_temperature = 3.0, cooling_rate = 0.999
26 - INFO - chord#: 254 done. best_score=11.0, changed=498, unchanged=318, early_stops=8/8
26 - INFO - chord#: 256 In build_straw_man_chord_sa. tolerance = 1, sa_iterations = 1000, initial_temperature = 3.0, cooling_rate = 0.999
26 - INFO - chord#: 264 done. best_score=78.0, changed=610, unchanged=437, early_stops=8/8
26 - INFO - chord#: 268 In build_straw_man_chord_sa. tolerance = 1, sa_iterations = 1000, initial_temperature = 3.0, cooling_rate = 0.999
26 - INFO - chord#: 244 done. best_score=27.0, changed=521, unchanged=405, early_stops=8/8
26 - INFO - chord#: 246 In build_straw_man_chord_sa. tolerance = 1, sa_iterations = 1000, initial_temperature = 3.0, cooling_rate = 0.999
26 - INFO - chord#: 268 done. best_score=27.0, changed=524, unchanged=431, early_stops=8/8
26 - INFO - chord#: 270 In build_straw_man_chord_sa. tolerance = 1, sa_iterations = 1000, initial_temperature = 3.0, cooling_rate = 0.999
26 - INFO - chord#: 246 done. best_score=74.0, changed=612, unchanged=344, early_stops=8/8
26 - INFO - chord#: 248 In build_straw_man_chord_sa. tolerance = 1, sa_iterations = 1000, initial_temperature = 3.0, cooling_rate = 0.999
26 - INFO - chord#: 264 done. best_score=142.0, changed=609, unchanged=377, early_stops=8/8
26 - INFO - chord#: 268 In build_straw_man_chord_sa. tolerance = 1, sa_iterations = 1000, initial_temperature = 3.0, cooling_rate = 0.999
26 - INFO - chord#: 248 done. best_score=96.0, changed=614, unchanged=333, early_stops=8/8
26 - INFO - chord#: 250 In build_straw_man_chord_sa. tolerance = 1, sa_iterations = 1000, initial_temperature = 3.0, cooling_rate = 0.999
26 - INFO - chord#: 248 done. best_score=74.0, changed=615, unchanged=440, early_stops=8/8
26 - INFO - chord#: 250 In build_straw_man_chord_sa. tolerance = 1, sa_iterations = 1000, initial_temperature = 3.0, cooling_rate = 0.999
26 - INFO - chord#: 256 done. best_score=119.0, changed=607, unchanged=211, early_stops=8/8
26 - INFO - chord#: 260 In build_straw_man_chord_sa. tolerance = 1, sa_iterations = 1000, initial_temperature = 3.0, cooling_rate = 0.999
26 - INFO - chord#: 268 done. best_score=27.0, changed=517, unchanged=465, early_stops=8/8
26 - INFO - chord#: 270 In build_straw_man_chord_sa. tolerance = 1, sa_iterations = 1000, initial_temperature = 3.0, cooling_rate = 0.999
26 - INFO - chord#: 250 done. best_score=61.0, changed=544, unchanged=350, early_stops=8/8
26 - INFO - chord#: 252 In build_straw_man_chord_sa. tolerance = 1, sa_iterations = 1000, initial_temperature = 3.0, cooling_rate = 0.999
26 - INFO - chord#: 260 done. best_score=27.0, changed=524, unchanged=379, early_stops=8/8
26 - INFO - chord#: 262 In build_straw_man_chord_sa. tolerance = 1, sa_iterations = 1000, initial_temperature = 3.0, cooling_rate = 0.999
26 - INFO - chord#: 250 done. best_score=61.0, changed=546, unchanged=335, early_stops=8/8
26 - INFO - chord#: 252 In build_straw_man_chord_sa. tolerance = 1, sa_iterations = 1000, initial_temperature = 3.0, cooling_rate = 0.999
26 - INFO - chord#: 246 done. best_score=96.0, changed=613, unchanged=354, early_stops=8/8
26 - INFO - chord#: 248 In build_straw_man_chord_sa. tolerance = 1, sa_iterations = 1000, initial_temperature = 3.0, cooling_rate = 0.999
26 - INFO - chord#: 270 done. best_score=145.0, changed=614, unchanged=281, early_stops=8/8
26 - INFO - chord#: 272 In build_straw_man_chord_sa. tolerance = 1, sa_iterations = 1000, initial_temperature = 3.0, cooling_rate = 0.999
26 - INFO - chord#: 272 done. best_score=9.0, changed=461, unchanged=403, early_stops=8/8
26 - INFO - chord#: 248 done. best_score=149.0, changed=609, unchanged=308, early_stops=8/8
26 - INFO - chord#: 250 In build_straw_man_chord_sa. tolerance = 1, sa_iterations = 1000, initial_temperature = 3.0, cooling_rate = 0.999
26 - INFO - chord#: 270 done. best_score=137.0, changed=611, unchanged=225, early_stops=8/8
26 - INFO - chord#: 272 In build_straw_man_chord_sa. tolerance = 1, sa_iterations = 1000, initial_temperature = 3.0, cooling_rate = 0.999
26 - INFO - chord#: 272 done. best_score=9.0, changed=456, unchanged=379, early_stops=8/8
26 - INFO - chord#: 252 done. best_score=78.0, changed=610, unchanged=257, early_stops=8/8
26 - INFO - chord#: 254 In build_straw_man_chord_sa. tolerance = 1, sa_iterations = 1000, initial_temperature = 3.0, cooling_rate = 0.999
26 - INFO - chord#: 252 done. best_score=157.0, changed=611, unchanged=351, early_stops=8/8
26 - INFO - chord#: 254 In build_straw_man_chord_sa. tolerance = 1, sa_iterations = 1000, initial_temperature = 3.0, cooling_rate = 0.999
26 - INFO - chord#: 254 done. best_score=11.0, changed=478, unchanged=339, early_stops=8/8
26 - INFO - chord#: 256 In build_straw_man_chord_sa. tolerance = 1, sa_iterations = 1000, initial_temperature = 3.0, cooling_rate = 0.999
26 - INFO - chord#: 250 done. best_score=61.0, changed=525, unchanged=304, early_stops=8/8
26 - INFO - chord#: 252 In build_straw_man_chord_sa. tolerance = 1, sa_iterations = 1000, initial_temperature = 3.0, cooling_rate = 0.999
26 - INFO - chord#: 254 done. best_score=11.0, changed=494, unchanged=327, early_stops=8/8
26 - INFO - chord#: 256 In build_straw_man_chord_sa. tolerance = 1, sa_iterations = 1000, initial_temperature = 3.0, cooling_rate = 0.999
26 - INFO - chord#: 262 done. best_score=64.0, changed=612, unchanged=495, early_stops=8/8
26 - INFO - chord#: 264 In build_straw_man_chord_sa. tolerance = 1, sa_iterations = 1000, initial_temperature = 3.0, cooling_rate = 0.999
26 - INFO - chord#: 248 done. best_score=74.0, changed=612, unchanged=336, early_stops=8/8
26 - INFO - chord#: 250 In build_straw_man_chord_sa. tolerance = 1, sa_iterations = 1000, initial_temperature = 3.0, cooling_rate = 0.999
26 - INFO - chord#: 250 done. best_score=61.0, changed=540, unchanged=343, early_stops=8/8
26 - INFO - chord#: 252 In build_straw_man_chord_sa. tolerance = 1, sa_iterations = 1000, initial_temperature = 3.0, cooling_rate = 0.999
26 - INFO - chord#: 256 done. best_score=78.0, changed=611, unchanged=248, early_stops=8/8
26 - INFO - chord#: 260 In build_straw_man_chord_sa. tolerance = 1, sa_iterations = 1000, initial_temperature = 3.0, cooling_rate = 0.999
26 - INFO - chord#: 252 done. best_score=67.0, changed=608, unchanged=295, early_stops=8/8
26 - INFO - chord#: 254 In build_straw_man_chord_sa. tolerance = 1, sa_iterations = 1000, initial_temperature = 3.0, cooling_rate = 0.999
26 - INFO - chord#: 264 done. best_score=67.0, changed=610, unchanged=324, early_stops=8/8
26 - INFO - chord#: 268 In build_straw_man_chord_sa. tolerance = 1, sa_iterations = 1000, initial_temperature = 3.0, cooling_rate = 0.999
26 - INFO - chord#: 254 done. best_score=13.0, changed=492, unchanged=316, early_stops=8/8
26 - INFO - chord#: 256 In build_straw_man_chord_sa. tolerance = 1, sa_iterations = 1000, initial_temperature = 3.0, cooling_rate = 0.999
26 - INFO - chord#: 256 done. best_score=78.0, changed=614, unchanged=398, early_stops=8/8
26 - INFO - chord#: 260 In build_straw_man_chord_sa. tolerance = 1, sa_iterations = 1000, initial_temperature = 3.0, cooling_rate = 0.999
26 - INFO - chord#: 260 done. best_score=27.0, changed=525, unchanged=417, early_stops=8/8
26 - INFO - chord#: 262 In build_straw_man_chord_sa. tolerance = 1, sa_iterations = 1000, initial_temperature = 3.0, cooling_rate = 0.999
26 - INFO - chord#: 268 done. best_score=27.0, changed=514, unchanged=449, early_stops=8/8
26 - INFO - chord#: 270 In build_straw_man_chord_sa. tolerance = 1, sa_iterations = 1000, initial_temperature = 3.0, cooling_rate = 0.999
26 - INFO - chord#: 260 done. best_score=27.0, changed=527, unchanged=533, early_stops=8/8
26 - INFO - chord#: 262 In build_straw_man_chord_sa. tolerance = 1, sa_iterations = 1000, initial_temperature = 3.0, cooling_rate = 0.999
26 - INFO - chord#: 252 done. best_score=140.0, changed=616, unchanged=451, early_stops=8/8
26 - INFO - chord#: 254 In build_straw_man_chord_sa. tolerance = 1, sa_iterations = 1000, initial_temperature = 3.0, cooling_rate = 0.999
26 - INFO - chord#: 254 done. best_score=13.0, changed=505, unchanged=309, early_stops=8/8
26 - INFO - chord#: 256 In build_straw_man_chord_sa. tolerance = 1, sa_iterations = 1000, initial_temperature = 3.0, cooling_rate = 0.999
26 - INFO - chord#: 256 done. best_score=137.0, changed=616, unchanged=287, early_stops=8/8
26 - INFO - chord#: 260 In build_straw_man_chord_sa. tolerance = 1, sa_iterations = 1000, initial_temperature = 3.0, cooling_rate = 0.999
26 - INFO - chord#: 262 done. best_score=64.0, changed=612, unchanged=281, early_stops=8/8
26 - INFO - chord#: 264 In build_straw_man_chord_sa. tolerance = 1, sa_iterations = 1000, initial_temperature = 3.0, cooling_rate = 0.999
26 - INFO - chord#: 260 done. best_score=27.0, changed=516, unchanged=308, early_stops=8/8
26 - INFO - chord#: 262 In build_straw_man_chord_sa. tolerance = 1, sa_iterations = 1000, initial_temperature = 3.0, cooling_rate = 0.999
26 - INFO - chord#: 270 done. best_score=145.0, changed=608, unchanged=323, early_stops=8/8
26 - INFO - chord#: 272 In build_straw_man_chord_sa. tolerance = 1, sa_iterations = 1000, initial_temperature = 3.0, cooling_rate = 0.999
26 - INFO - chord#: 272 done. best_score=9.0, changed=456, unchanged=364, early_stops=8/8
26 - INFO - chord#: 262 done. best_score=104.0, changed=620, unchanged=397, early_stops=8/8
26 - INFO - chord#: 264 In build_straw_man_chord_sa. tolerance = 1, sa_iterations = 1000, initial_temperature = 3.0, cooling_rate = 0.999
26 - INFO - chord#: 256 done. best_score=67.0, changed=611, unchanged=375, early_stops=8/8
26 - INFO - chord#: 260 In build_straw_man_chord_sa. tolerance = 1, sa_iterations = 1000, initial_temperature = 3.0, cooling_rate = 0.999
26 - INFO - chord#: 264 done. best_score=67.0, changed=618, unchanged=302, early_stops=8/8
26 - INFO - chord#: 268 In build_straw_man_chord_sa. tolerance = 1, sa_iterations = 1000, initial_temperature = 3.0, cooling_rate = 0.999
26 - INFO - chord#: 262 done. best_score=104.0, changed=608, unchanged=247, early_stops=8/8
26 - INFO - chord#: 264 In build_straw_man_chord_sa. tolerance = 1, sa_iterations = 1000, initial_temperature = 3.0, cooling_rate = 0.999
26 - INFO - chord#: 260 done. best_score=27.0, changed=512, unchanged=360, early_stops=8/8
26 - INFO - chord#: 262 In build_straw_man_chord_sa. tolerance = 1, sa_iterations = 1000, initial_temperature = 3.0, cooling_rate = 0.999
26 - INFO - chord#: 264 done. best_score=67.0, changed=614, unchanged=241, early_stops=8/8
26 - INFO - chord#: 268 In build_straw_man_chord_sa. tolerance = 1, sa_iterations = 1000, initial_temperature = 3.0, cooling_rate = 0.999
26 - INFO - chord#: 268 done. best_score=27.0, changed=514, unchanged=415, early_stops=8/8
26 - INFO - chord#: 270 In build_straw_man_chord_sa. tolerance = 1, sa_iterations = 1000, initial_temperature = 3.0, cooling_rate = 0.999
26 - INFO - chord#: 268 done. best_score=27.0, changed=516, unchanged=429, early_stops=8/8
26 - INFO - chord#: 270 In build_straw_man_chord_sa. tolerance = 1, sa_iterations = 1000, initial_temperature = 3.0, cooling_rate = 0.999
26 - INFO - chord#: 264 done. best_score=140.0, changed=609, unchanged=257, early_stops=8/8
26 - INFO - chord#: 268 In build_straw_man_chord_sa. tolerance = 1, sa_iterations = 1000, initial_temperature = 3.0, cooling_rate = 0.999
26 - INFO - chord#: 262 done. best_score=64.0, changed=610, unchanged=287, early_stops=8/8
26 - INFO - chord#: 264 In build_straw_man_chord_sa. tolerance = 1, sa_iterations = 1000, initial_temperature = 3.0, cooling_rate = 0.999
26 - INFO - chord#: 268 done. best_score=27.0, changed=520, unchanged=430, early_stops=8/8
26 - INFO - chord#: 270 In build_straw_man_chord_sa. tolerance = 1, sa_iterations = 1000, initial_temperature = 3.0, cooling_rate = 0.999
26 - INFO - chord#: 270 done. best_score=96.0, changed=616, unchanged=376, early_stops=8/8
26 - INFO - chord#: 272 In build_straw_man_chord_sa. tolerance = 1, sa_iterations = 1000, initial_temperature = 3.0, cooling_rate = 0.999
26 - INFO - chord#: 272 done. best_score=9.0, changed=472, unchanged=422, early_stops=8/8
26 - INFO - chord#: 270 done. best_score=67.0, changed=615, unchanged=504, early_stops=8/8
26 - INFO - chord#: 272 In build_straw_man_chord_sa. tolerance = 1, sa_iterations = 1000, initial_temperature = 3.0, cooling_rate = 0.999
26 - INFO - chord#: 264 done. best_score=78.0, changed=611, unchanged=479, early_stops=8/8
26 - INFO - chord#: 268 In build_straw_man_chord_sa. tolerance = 1, sa_iterations = 1000, initial_temperature = 3.0, cooling_rate = 0.999
26 - INFO - chord#: 272 done. best_score=9.0, changed=460, unchanged=379, early_stops=8/8
26 - INFO - chord#: 270 done. best_score=157.0, changed=616, unchanged=229, early_stops=8/8
26 - INFO - chord#: 272 In build_straw_man_chord_sa. tolerance = 1, sa_iterations = 1000, initial_temperature = 3.0, cooling_rate = 0.999
26 - INFO - chord#: 272 done. best_score=9.0, changed=465, unchanged=395, early_stops=8/8
26 - INFO - chord#: 268 done. best_score=27.0, changed=516, unchanged=480, early_stops=8/8
26 - INFO - chord#: 270 In build_straw_man_chord_sa. tolerance = 1, sa_iterations = 1000, initial_temperature = 3.0, cooling_rate = 0.999
26 - INFO - chord#: 270 done. best_score=96.0, changed=614, unchanged=310, early_stops=8/8
26 - INFO - chord#: 272 In build_straw_man_chord_sa. tolerance = 1, sa_iterations = 1000, initial_temperature = 3.0, cooling_rate = 0.999
26 - INFO - chord#: 272 done. best_score=9.0, changed=469, unchanged=367, early_stops=8/8
26 - INFO - chord#: 0 In build_straw_man_chord_sa. tolerance = 1, sa_iterations = 1000, initial_temperature = 3.0, cooling_rate = 0.999
26 - INFO - chord#: 0 In build_straw_man_chord_sa. tolerance = 1, sa_iterations = 1000, initial_temperature = 3.0, cooling_rate = 0.999
26 - INFO - chord#: 0 In build_straw_man_chord_sa. tolerance = 1, sa_iterations = 1000, initial_temperature = 3.0, cooling_rate = 0.999
26 - INFO - chord#: 0 In build_straw_man_chord_sa. tolerance = 1, sa_iterations = 1000, initial_temperature = 3.0, cooling_rate = 0.999
26 - INFO - chord#: 0 In build_straw_man_chord_sa. tolerance = 1, sa_iterations = 1000, initial_temperature = 3.0, cooling_rate = 0.999
26 - INFO - chord#: 0 In build_straw_man_chord_sa. tolerance = 1, sa_iterations = 1000, initial_temperature = 3.0, cooling_rate = 0.999
26 - INFO - chord#: 0 In build_straw_man_chord_sa. tolerance = 1, sa_iterations = 1000, initial_temperature = 3.0, cooling_rate = 0.999
26 - INFO - chord#: 0 In build_straw_man_chord_sa. tolerance = 1, sa_iterations = 1000, initial_temperature = 3.0, cooling_rate = 0.999
26 - INFO - chord#: 0 In build_straw_man_chord_sa. tolerance = 1, sa_iterations = 1000, initial_temperature = 3.0, cooling_rate = 0.999
26 - INFO - chord#: 0 In build_straw_man_chord_sa. tolerance = 1, sa_iterations = 1000, initial_temperature = 3.0, cooling_rate = 0.999
26 - INFO - chord#: 0 In build_straw_man_chord_sa. tolerance = 1, sa_iterations = 1000, initial_temperature = 3.0, cooling_rate = 0.999
26 - INFO - chord#: 0 In build_straw_man_chord_sa. tolerance = 1, sa_iterations = 1000, initial_temperature = 3.0, cooling_rate = 0.999
26 - INFO - chord#: 0 done. best_score=27.0, changed=523, unchanged=368, early_stops=8/8
26 - INFO - chord#: 2 In build_straw_man_chord_sa. tolerance = 1, sa_iterations = 1000, initial_temperature = 3.0, cooling_rate = 0.999
26 - INFO - chord#: 0 done. best_score=27.0, changed=521, unchanged=436, early_stops=8/8
26 - INFO - chord#: 2 In build_straw_man_chord_sa. tolerance = 1, sa_iterations = 1000, initial_temperature = 3.0, cooling_rate = 0.999
26 - INFO - chord#: 0 done. best_score=27.0, changed=523, unchanged=391, early_stops=8/8
26 - INFO - chord#: 2 In build_straw_man_chord_sa. tolerance = 1, sa_iterations = 1000, initial_temperature = 3.0, cooling_rate = 0.999
26 - INFO - chord#: 0 done. best_score=27.0, changed=520, unchanged=424, early_stops=8/8
26 - INFO - chord#: 2 In build_straw_man_chord_sa. tolerance = 1, sa_iterations = 1000, initial_temperature = 3.0, cooling_rate = 0.999
26 - INFO - chord#: 0 done. best_score=27.0, changed=515, unchanged=414, early_stops=8/8
26 - INFO - chord#: 2 In build_straw_man_chord_sa. tolerance = 1, sa_iterations = 1000, initial_temperature = 3.0, cooling_rate = 0.999
26 - INFO - chord#: 0 done. best_score=27.0, changed=523, unchanged=551, early_stops=8/8
26 - INFO - chord#: 2 In build_straw_man_chord_sa. tolerance = 1, sa_iterations = 1000, initial_temperature = 3.0, cooling_rate = 0.999
26 - INFO - chord#: 0 done. best_score=27.0, changed=520, unchanged=561, early_stops=8/8
26 - INFO - chord#: 2 In build_straw_man_chord_sa. tolerance = 1, sa_iterations = 1000, initial_temperature = 3.0, cooling_rate = 0.999
26 - INFO - chord#: 0 done. best_score=27.0, changed=520, unchanged=404, early_stops=8/8
26 - INFO - chord#: 2 In build_straw_man_chord_sa. tolerance = 1, sa_iterations = 1000, initial_temperature = 3.0, cooling_rate = 0.999
26 - INFO - chord#: 0 done. best_score=27.0, changed=522, unchanged=403, early_stops=8/8
26 - INFO - chord#: 2 In build_straw_man_chord_sa. tolerance = 1, sa_iterations = 1000, initial_temperature = 3.0, cooling_rate = 0.999
26 - INFO - chord#: 0 done. best_score=27.0, changed=513, unchanged=408, early_stops=8/8
26 - INFO - chord#: 2 In build_straw_man_chord_sa. tolerance = 1, sa_iterations = 1000, initial_temperature = 3.0, cooling_rate = 0.999
26 - INFO - chord#: 0 done. best_score=27.0, changed=520, unchanged=453, early_stops=8/8
26 - INFO - chord#: 2 In build_straw_man_chord_sa. tolerance = 1, sa_iterations = 1000, initial_temperature = 3.0, cooling_rate = 0.999
26 - INFO - chord#: 0 done. best_score=27.0, changed=525, unchanged=393, early_stops=8/8
26 - INFO - chord#: 2 In build_straw_man_chord_sa. tolerance = 1, sa_iterations = 1000, initial_temperature = 3.0, cooling_rate = 0.999
26 - INFO - chord#: 2 done. best_score=96.0, changed=604, unchanged=202, early_stops=8/8
26 - INFO - chord#: 4 In build_straw_man_chord_sa. tolerance = 1, sa_iterations = 1000, initial_temperature = 3.0, cooling_rate = 0.999
26 - INFO - chord#: 2 done. best_score=93.0, changed=616, unchanged=251, early_stops=8/8
26 - INFO - chord#: 4 In build_straw_man_chord_sa. tolerance = 1, sa_iterations = 1000, initial_temperature = 3.0, cooling_rate = 0.999
26 - INFO - chord#: 2 done. best_score=93.0, changed=606, unchanged=230, early_stops=8/8
26 - INFO - chord#: 4 In build_straw_man_chord_sa. tolerance = 1, sa_iterations = 1000, initial_temperature = 3.0, cooling_rate = 0.999
26 - INFO - chord#: 2 done. best_score=93.0, changed=609, unchanged=336, early_stops=8/8
26 - INFO - chord#: 4 In build_straw_man_chord_sa. tolerance = 1, sa_iterations = 1000, initial_temperature = 3.0, cooling_rate = 0.999
26 - INFO - chord#: 2 done. best_score=96.0, changed=615, unchanged=378, early_stops=8/8
26 - INFO - chord#: 4 In build_straw_man_chord_sa. tolerance = 1, sa_iterations = 1000, initial_temperature = 3.0, cooling_rate = 0.999
26 - INFO - chord#: 4 done. best_score=27.0, changed=522, unchanged=349, early_stops=8/8
26 - INFO - chord#: 8 In build_straw_man_chord_sa. tolerance = 1, sa_iterations = 1000, initial_temperature = 3.0, cooling_rate = 0.999
26 - INFO - chord#: 2 done. best_score=94.0, changed=612, unchanged=363, early_stops=8/8
26 - INFO - chord#: 4 In build_straw_man_chord_sa. tolerance = 1, sa_iterations = 1000, initial_temperature = 3.0, cooling_rate = 0.999
26 - INFO - chord#: 4 done. best_score=27.0, changed=519, unchanged=305, early_stops=8/8
26 - INFO - chord#: 8 In build_straw_man_chord_sa. tolerance = 1, sa_iterations = 1000, initial_temperature = 3.0, cooling_rate = 0.999
26 - INFO - chord#: 2 done. best_score=93.0, changed=614, unchanged=260, early_stops=8/8
26 - INFO - chord#: 4 In build_straw_man_chord_sa. tolerance = 1, sa_iterations = 1000, initial_temperature = 3.0, cooling_rate = 0.999
26 - INFO - chord#: 2 done. best_score=93.0, changed=610, unchanged=300, early_stops=8/8
26 - INFO - chord#: 4 In build_straw_man_chord_sa. tolerance = 1, sa_iterations = 1000, initial_temperature = 3.0, cooling_rate = 0.999
26 - INFO - chord#: 2 done. best_score=96.0, changed=611, unchanged=311, early_stops=8/8
26 - INFO - chord#: 4 In build_straw_man_chord_sa. tolerance = 1, sa_iterations = 1000, initial_temperature = 3.0, cooling_rate = 0.999
26 - INFO - chord#: 2 done. best_score=94.0, changed=611, unchanged=252, early_stops=8/8
26 - INFO - chord#: 4 In build_straw_man_chord_sa. tolerance = 1, sa_iterations = 1000, initial_temperature = 3.0, cooling_rate = 0.999
26 - INFO - chord#: 4 done. best_score=27.0, changed=520, unchanged=362, early_stops=8/8
26 - INFO - chord#: 8 In build_straw_man_chord_sa. tolerance = 1, sa_iterations = 1000, initial_temperature = 3.0, cooling_rate = 0.999
26 - INFO - chord#: 2 done. best_score=93.0, changed=615, unchanged=289, early_stops=8/8
26 - INFO - chord#: 4 In build_straw_man_chord_sa. tolerance = 1, sa_iterations = 1000, initial_temperature = 3.0, cooling_rate = 0.999
26 - INFO - chord#: 2 done. best_score=93.0, changed=615, unchanged=285, early_stops=8/8
26 - INFO - chord#: 4 In build_straw_man_chord_sa. tolerance = 1, sa_iterations = 1000, initial_temperature = 3.0, cooling_rate = 0.999
26 - INFO - chord#: 4 done. best_score=27.0, changed=528, unchanged=363, early_stops=8/8
26 - INFO - chord#: 8 In build_straw_man_chord_sa. tolerance = 1, sa_iterations = 1000, initial_temperature = 3.0, cooling_rate = 0.999
26 - INFO - chord#: 4 done. best_score=27.0, changed=519, unchanged=426, early_stops=8/8
26 - INFO - chord#: 8 In build_straw_man_chord_sa. tolerance = 1, sa_iterations = 1000, initial_temperature = 3.0, cooling_rate = 0.999
26 - INFO - chord#: 8 done. best_score=27.0, changed=509, unchanged=356, early_stops=8/8
26 - INFO - chord#: 10 In build_straw_man_chord_sa. tolerance = 1, sa_iterations = 1000, initial_temperature = 3.0, cooling_rate = 0.999
26 - INFO - chord#: 4 done. best_score=27.0, changed=521, unchanged=324, early_stops=8/8
26 - INFO - chord#: 8 In build_straw_man_chord_sa. tolerance = 1, sa_iterations = 1000, initial_temperature = 3.0, cooling_rate = 0.999
26 - INFO - chord#: 8 done. best_score=27.0, changed=519, unchanged=402, early_stops=8/8
26 - INFO - chord#: 10 In build_straw_man_chord_sa. tolerance = 1, sa_iterations = 1000, initial_temperature = 3.0, cooling_rate = 0.999
26 - INFO - chord#: 4 done. best_score=27.0, changed=525, unchanged=492, early_stops=8/8
26 - INFO - chord#: 8 In build_straw_man_chord_sa. tolerance = 1, sa_iterations = 1000, initial_temperature = 3.0, cooling_rate = 0.999
26 - INFO - chord#: 8 done. best_score=27.0, changed=525, unchanged=401, early_stops=8/8
26 - INFO - chord#: 10 In build_straw_man_chord_sa. tolerance = 1, sa_iterations = 1000, initial_temperature = 3.0, cooling_rate = 0.999
26 - INFO - chord#: 4 done. best_score=27.0, changed=519, unchanged=351, early_stops=8/8
26 - INFO - chord#: 8 In build_straw_man_chord_sa. tolerance = 1, sa_iterations = 1000, initial_temperature = 3.0, cooling_rate = 0.999
26 - INFO - chord#: 8 done. best_score=27.0, changed=527, unchanged=414, early_stops=8/8
26 - INFO - chord#: 10 In build_straw_man_chord_sa. tolerance = 1, sa_iterations = 1000, initial_temperature = 3.0, cooling_rate = 0.999
26 - INFO - chord#: 4 done. best_score=27.0, changed=522, unchanged=319, early_stops=8/8
26 - INFO - chord#: 8 In build_straw_man_chord_sa. tolerance = 1, sa_iterations = 1000, initial_temperature = 3.0, cooling_rate = 0.999
26 - INFO - chord#: 4 done. best_score=27.0, changed=528, unchanged=417, early_stops=8/8
26 - INFO - chord#: 8 In build_straw_man_chord_sa. tolerance = 1, sa_iterations = 1000, initial_temperature = 3.0, cooling_rate = 0.999
26 - INFO - chord#: 4 done. best_score=27.0, changed=525, unchanged=421, early_stops=8/8
26 - INFO - chord#: 8 In build_straw_man_chord_sa. tolerance = 1, sa_iterations = 1000, initial_temperature = 3.0, cooling_rate = 0.999
26 - INFO - chord#: 4 done. best_score=27.0, changed=530, unchanged=509, early_stops=8/8
26 - INFO - chord#: 8 In build_straw_man_chord_sa. tolerance = 1, sa_iterations = 1000, initial_temperature = 3.0, cooling_rate = 0.999
26 - INFO - chord#: 8 done. best_score=27.0, changed=523, unchanged=336, early_stops=8/8
26 - INFO - chord#: 10 In build_straw_man_chord_sa. tolerance = 1, sa_iterations = 1000, initial_temperature = 3.0, cooling_rate = 0.999
26 - INFO - chord#: 10 done. best_score=48.0, changed=524, unchanged=372, early_stops=8/8
26 - INFO - chord#: 12 In build_straw_man_chord_sa. tolerance = 1, sa_iterations = 1000, initial_temperature = 3.0, cooling_rate = 0.999
26 - INFO - chord#: 10 done. best_score=48.0, changed=526, unchanged=339, early_stops=8/8
26 - INFO - chord#: 12 In build_straw_man_chord_sa. tolerance = 1, sa_iterations = 1000, initial_temperature = 3.0, cooling_rate = 0.999
26 - INFO - chord#: 10 done. best_score=48.0, changed=524, unchanged=330, early_stops=8/8
26 - INFO - chord#: 12 In build_straw_man_chord_sa. tolerance = 1, sa_iterations = 1000, initial_temperature = 3.0, cooling_rate = 0.999
26 - INFO - chord#: 10 done. best_score=48.0, changed=518, unchanged=339, early_stops=8/8
26 - INFO - chord#: 12 In build_straw_man_chord_sa. tolerance = 1, sa_iterations = 1000, initial_temperature = 3.0, cooling_rate = 0.999
26 - INFO - chord#: 8 done. best_score=27.0, changed=523, unchanged=476, early_stops=8/8
26 - INFO - chord#: 10 In build_straw_man_chord_sa. tolerance = 1, sa_iterations = 1000, initial_temperature = 3.0, cooling_rate = 0.999
26 - INFO - chord#: 8 done. best_score=27.0, changed=526, unchanged=470, early_stops=8/8
26 - INFO - chord#: 10 In build_straw_man_chord_sa. tolerance = 1, sa_iterations = 1000, initial_temperature = 3.0, cooling_rate = 0.999
26 - INFO - chord#: 8 done. best_score=27.0, changed=515, unchanged=317, early_stops=8/8
26 - INFO - chord#: 10 In build_straw_man_chord_sa. tolerance = 1, sa_iterations = 1000, initial_temperature = 3.0, cooling_rate = 0.999
26 - INFO - chord#: 8 done. best_score=27.0, changed=515, unchanged=360, early_stops=8/8
26 - INFO - chord#: 10 In build_straw_man_chord_sa. tolerance = 1, sa_iterations = 1000, initial_temperature = 3.0, cooling_rate = 0.999
26 - INFO - chord#: 8 done. best_score=27.0, changed=519, unchanged=402, early_stops=8/8
26 - INFO - chord#: 10 In build_straw_man_chord_sa. tolerance = 1, sa_iterations = 1000, initial_temperature = 3.0, cooling_rate = 0.999
26 - INFO - chord#: 8 done. best_score=27.0, changed=535, unchanged=454, early_stops=8/8
26 - INFO - chord#: 10 In build_straw_man_chord_sa. tolerance = 1, sa_iterations = 1000, initial_temperature = 3.0, cooling_rate = 0.999
26 - INFO - chord#: 10 done. best_score=48.0, changed=537, unchanged=348, early_stops=8/8
26 - INFO - chord#: 12 In build_straw_man_chord_sa. tolerance = 1, sa_iterations = 1000, initial_temperature = 3.0, cooling_rate = 0.999
26 - INFO - chord#: 8 done. best_score=27.0, changed=528, unchanged=406, early_stops=8/8
26 - INFO - chord#: 10 In build_straw_man_chord_sa. tolerance = 1, sa_iterations = 1000, initial_temperature = 3.0, cooling_rate = 0.999
26 - INFO - chord#: 12 done. best_score=27.0, changed=517, unchanged=406, early_stops=8/8
26 - INFO - chord#: 14 In build_straw_man_chord_sa. tolerance = 1, sa_iterations = 1000, initial_temperature = 3.0, cooling_rate = 0.999
26 - INFO - chord#: 12 done. best_score=27.0, changed=518, unchanged=377, early_stops=8/8
26 - INFO - chord#: 14 In build_straw_man_chord_sa. tolerance = 1, sa_iterations = 1000, initial_temperature = 3.0, cooling_rate = 0.999
26 - INFO - chord#: 12 done. best_score=27.0, changed=528, unchanged=368, early_stops=8/8
26 - INFO - chord#: 14 In build_straw_man_chord_sa. tolerance = 1, sa_iterations = 1000, initial_temperature = 3.0, cooling_rate = 0.999
26 - INFO - chord#: 12 done. best_score=27.0, changed=519, unchanged=409, early_stops=8/8
26 - INFO - chord#: 14 In build_straw_man_chord_sa. tolerance = 1, sa_iterations = 1000, initial_temperature = 3.0, cooling_rate = 0.999
26 - INFO - chord#: 10 done. best_score=48.0, changed=529, unchanged=315, early_stops=8/8
26 - INFO - chord#: 12 In build_straw_man_chord_sa. tolerance = 1, sa_iterations = 1000, initial_temperature = 3.0, cooling_rate = 0.999
26 - INFO - chord#: 10 done. best_score=48.0, changed=536, unchanged=293, early_stops=8/8
26 - INFO - chord#: 12 In build_straw_man_chord_sa. tolerance = 1, sa_iterations = 1000, initial_temperature = 3.0, cooling_rate = 0.999
26 - INFO - chord#: 10 done. best_score=48.0, changed=522, unchanged=293, early_stops=8/8
26 - INFO - chord#: 12 In build_straw_man_chord_sa. tolerance = 1, sa_iterations = 1000, initial_temperature = 3.0, cooling_rate = 0.999
26 - INFO - chord#: 12 done. best_score=27.0, changed=525, unchanged=434, early_stops=8/8
26 - INFO - chord#: 14 In build_straw_man_chord_sa. tolerance = 1, sa_iterations = 1000, initial_temperature = 3.0, cooling_rate = 0.999
26 - INFO - chord#: 10 done. best_score=48.0, changed=530, unchanged=303, early_stops=8/8
26 - INFO - chord#: 12 In build_straw_man_chord_sa. tolerance = 1, sa_iterations = 1000, initial_temperature = 3.0, cooling_rate = 0.999
26 - INFO - chord#: 10 done. best_score=48.0, changed=526, unchanged=335, early_stops=8/8
26 - INFO - chord#: 12 In build_straw_man_chord_sa. tolerance = 1, sa_iterations = 1000, initial_temperature = 3.0, cooling_rate = 0.999
26 - INFO - chord#: 10 done. best_score=48.0, changed=528, unchanged=313, early_stops=8/8
26 - INFO - chord#: 12 In build_straw_man_chord_sa. tolerance = 1, sa_iterations = 1000, initial_temperature = 3.0, cooling_rate = 0.999
26 - INFO - chord#: 10 done. best_score=48.0, changed=532, unchanged=350, early_stops=8/8
26 - INFO - chord#: 12 In build_straw_man_chord_sa. tolerance = 1, sa_iterations = 1000, initial_temperature = 3.0, cooling_rate = 0.999
26 - INFO - chord#: 12 done. best_score=27.0, changed=527, unchanged=403, early_stops=8/8
26 - INFO - chord#: 14 In build_straw_man_chord_sa. tolerance = 1, sa_iterations = 1000, initial_temperature = 3.0, cooling_rate = 0.999
26 - INFO - chord#: 12 done. best_score=27.0, changed=520, unchanged=446, early_stops=8/8
26 - INFO - chord#: 14 In build_straw_man_chord_sa. tolerance = 1, sa_iterations = 1000, initial_temperature = 3.0, cooling_rate = 0.999
26 - INFO - chord#: 12 done. best_score=27.0, changed=523, unchanged=468, early_stops=8/8
26 - INFO - chord#: 14 In build_straw_man_chord_sa. tolerance = 1, sa_iterations = 1000, initial_temperature = 3.0, cooling_rate = 0.999
26 - INFO - chord#: 14 done. best_score=70.0, changed=611, unchanged=298, early_stops=8/8
26 - INFO - chord#: 16 In build_straw_man_chord_sa. tolerance = 1, sa_iterations = 1000, initial_temperature = 3.0, cooling_rate = 0.999
26 - INFO - chord#: 12 done. best_score=27.0, changed=522, unchanged=407, early_stops=8/8
26 - INFO - chord#: 14 In build_straw_man_chord_sa. tolerance = 1, sa_iterations = 1000, initial_temperature = 3.0, cooling_rate = 0.999
26 - INFO - chord#: 14 done. best_score=70.0, changed=612, unchanged=263, early_stops=8/8
26 - INFO - chord#: 16 In build_straw_man_chord_sa. tolerance = 1, sa_iterations = 1000, initial_temperature = 3.0, cooling_rate = 0.999
26 - INFO - chord#: 14 done. best_score=104.0, changed=613, unchanged=236, early_stops=8/8
26 - INFO - chord#: 16 In build_straw_man_chord_sa. tolerance = 1, sa_iterations = 1000, initial_temperature = 3.0, cooling_rate = 0.999
26 - INFO - chord#: 12 done. best_score=27.0, changed=515, unchanged=463, early_stops=8/8
26 - INFO - chord#: 14 In build_straw_man_chord_sa. tolerance = 1, sa_iterations = 1000, initial_temperature = 3.0, cooling_rate = 0.999
26 - INFO - chord#: 14 done. best_score=70.0, changed=619, unchanged=273, early_stops=8/8
26 - INFO - chord#: 16 In build_straw_man_chord_sa. tolerance = 1, sa_iterations = 1000, initial_temperature = 3.0, cooling_rate = 0.999
26 - INFO - chord#: 12 done. best_score=27.0, changed=517, unchanged=467, early_stops=8/8
26 - INFO - chord#: 14 In build_straw_man_chord_sa. tolerance = 1, sa_iterations = 1000, initial_temperature = 3.0, cooling_rate = 0.999
26 - INFO - chord#: 12 done. best_score=27.0, changed=523, unchanged=481, early_stops=8/8
26 - INFO - chord#: 14 In build_straw_man_chord_sa. tolerance = 1, sa_iterations = 1000, initial_temperature = 3.0, cooling_rate = 0.999
26 - INFO - chord#: 16 done. best_score=61.0, changed=535, unchanged=358, early_stops=8/8
26 - INFO - chord#: 18 In build_straw_man_chord_sa. tolerance = 1, sa_iterations = 1000, initial_temperature = 3.0, cooling_rate = 0.999
26 - INFO - chord#: 14 done. best_score=70.0, changed=617, unchanged=397, early_stops=8/8
26 - INFO - chord#: 16 In build_straw_man_chord_sa. tolerance = 1, sa_iterations = 1000, initial_temperature = 3.0, cooling_rate = 0.999
26 - INFO - chord#: 16 done. best_score=61.0, changed=536, unchanged=339, early_stops=8/8
26 - INFO - chord#: 18 In build_straw_man_chord_sa. tolerance = 1, sa_iterations = 1000, initial_temperature = 3.0, cooling_rate = 0.999
26 - INFO - chord#: 16 done. best_score=61.0, changed=527, unchanged=359, early_stops=8/8
26 - INFO - chord#: 18 In build_straw_man_chord_sa. tolerance = 1, sa_iterations = 1000, initial_temperature = 3.0, cooling_rate = 0.999
26 - INFO - chord#: 16 done. best_score=61.0, changed=532, unchanged=339, early_stops=8/8
26 - INFO - chord#: 18 In build_straw_man_chord_sa. tolerance = 1, sa_iterations = 1000, initial_temperature = 3.0, cooling_rate = 0.999
26 - INFO - chord#: 14 done. best_score=70.0, changed=609, unchanged=295, early_stops=8/8
26 - INFO - chord#: 16 In build_straw_man_chord_sa. tolerance = 1, sa_iterations = 1000, initial_temperature = 3.0, cooling_rate = 0.999
26 - INFO - chord#: 16 done. best_score=61.0, changed=530, unchanged=306, early_stops=8/8
26 - INFO - chord#: 18 In build_straw_man_chord_sa. tolerance = 1, sa_iterations = 1000, initial_temperature = 3.0, cooling_rate = 0.999
26 - INFO - chord#: 14 done. best_score=70.0, changed=610, unchanged=236, early_stops=8/8
26 - INFO - chord#: 16 In build_straw_man_chord_sa. tolerance = 1, sa_iterations = 1000, initial_temperature = 3.0, cooling_rate = 0.999
26 - INFO - chord#: 14 done. best_score=70.0, changed=607, unchanged=227, early_stops=8/8
26 - INFO - chord#: 16 In build_straw_man_chord_sa. tolerance = 1, sa_iterations = 1000, initial_temperature = 3.0, cooling_rate = 0.999
26 - INFO - chord#: 14 done. best_score=70.0, changed=619, unchanged=377, early_stops=8/8
26 - INFO - chord#: 16 In build_straw_man_chord_sa. tolerance = 1, sa_iterations = 1000, initial_temperature = 3.0, cooling_rate = 0.999
26 - INFO - chord#: 16 done. best_score=61.0, changed=523, unchanged=414, early_stops=8/8
26 - INFO - chord#: 18 In build_straw_man_chord_sa. tolerance = 1, sa_iterations = 1000, initial_temperature = 3.0, cooling_rate = 0.999
26 - INFO - chord#: 14 done. best_score=105.0, changed=617, unchanged=306, early_stops=8/8
26 - INFO - chord#: 16 In build_straw_man_chord_sa. tolerance = 1, sa_iterations = 1000, initial_temperature = 3.0, cooling_rate = 0.999
26 - INFO - chord#: 14 done. best_score=70.0, changed=615, unchanged=252, early_stops=8/8
26 - INFO - chord#: 16 In build_straw_man_chord_sa. tolerance = 1, sa_iterations = 1000, initial_temperature = 3.0, cooling_rate = 0.999
26 - INFO - chord#: 14 done. best_score=70.0, changed=616, unchanged=337, early_stops=8/8
26 - INFO - chord#: 16 In build_straw_man_chord_sa. tolerance = 1, sa_iterations = 1000, initial_temperature = 3.0, cooling_rate = 0.999
26 - INFO - chord#: 18 done. best_score=145.0, changed=612, unchanged=246, early_stops=8/8
26 - INFO - chord#: 20 In build_straw_man_chord_sa. tolerance = 1, sa_iterations = 1000, initial_temperature = 3.0, cooling_rate = 0.999
26 - INFO - chord#: 18 done. best_score=166.0, changed=607, unchanged=198, early_stops=8/8
26 - INFO - chord#: 20 In build_straw_man_chord_sa. tolerance = 1, sa_iterations = 1000, initial_temperature = 3.0, cooling_rate = 0.999
26 - INFO - chord#: 18 done. best_score=166.0, changed=612, unchanged=248, early_stops=8/8
26 - INFO - chord#: 20 In build_straw_man_chord_sa. tolerance = 1, sa_iterations = 1000, initial_temperature = 3.0, cooling_rate = 0.999
26 - INFO - chord#: 18 done. best_score=67.0, changed=611, unchanged=335, early_stops=8/8
26 - INFO - chord#: 20 In build_straw_man_chord_sa. tolerance = 1, sa_iterations = 1000, initial_temperature = 3.0, cooling_rate = 0.999
26 - INFO - chord#: 16 done. best_score=61.0, changed=528, unchanged=324, early_stops=8/8
26 - INFO - chord#: 18 In build_straw_man_chord_sa. tolerance = 1, sa_iterations = 1000, initial_temperature = 3.0, cooling_rate = 0.999
26 - INFO - chord#: 16 done. best_score=61.0, changed=535, unchanged=391, early_stops=8/8
26 - INFO - chord#: 18 In build_straw_man_chord_sa. tolerance = 1, sa_iterations = 1000, initial_temperature = 3.0, cooling_rate = 0.999
26 - INFO - chord#: 16 done. best_score=61.0, changed=528, unchanged=313, early_stops=8/8
26 - INFO - chord#: 18 In build_straw_man_chord_sa. tolerance = 1, sa_iterations = 1000, initial_temperature = 3.0, cooling_rate = 0.999
26 - INFO - chord#: 16 done. best_score=61.0, changed=532, unchanged=314, early_stops=8/8
26 - INFO - chord#: 18 In build_straw_man_chord_sa. tolerance = 1, sa_iterations = 1000, initial_temperature = 3.0, cooling_rate = 0.999
26 - INFO - chord#: 20 done. best_score=36.0, changed=521, unchanged=346, early_stops=8/8
26 - INFO - chord#: 24 In build_straw_man_chord_sa. tolerance = 1, sa_iterations = 1000, initial_temperature = 3.0, cooling_rate = 0.999
26 - INFO - chord#: 16 done. best_score=61.0, changed=521, unchanged=303, early_stops=8/8
26 - INFO - chord#: 18 In build_straw_man_chord_sa. tolerance = 1, sa_iterations = 1000, initial_temperature = 3.0, cooling_rate = 0.999
26 - INFO - chord#: 16 done. best_score=61.0, changed=526, unchanged=334, early_stops=8/8
26 - INFO - chord#: 18 In build_straw_man_chord_sa. tolerance = 1, sa_iterations = 1000, initial_temperature = 3.0, cooling_rate = 0.999
26 - INFO - chord#: 20 done. best_score=36.0, changed=516, unchanged=450, early_stops=8/8
26 - INFO - chord#: 24 In build_straw_man_chord_sa. tolerance = 1, sa_iterations = 1000, initial_temperature = 3.0, cooling_rate = 0.999
26 - INFO - chord#: 20 done. best_score=36.0, changed=530, unchanged=446, early_stops=8/8
26 - INFO - chord#: 24 In build_straw_man_chord_sa. tolerance = 1, sa_iterations = 1000, initial_temperature = 3.0, cooling_rate = 0.999
26 - INFO - chord#: 18 done. best_score=137.0, changed=610, unchanged=341, early_stops=8/8
26 - INFO - chord#: 20 In build_straw_man_chord_sa. tolerance = 1, sa_iterations = 1000, initial_temperature = 3.0, cooling_rate = 0.999
26 - INFO - chord#: 20 done. best_score=36.0, changed=530, unchanged=394, early_stops=8/8
26 - INFO - chord#: 24 In build_straw_man_chord_sa. tolerance = 1, sa_iterations = 1000, initial_temperature = 3.0, cooling_rate = 0.999
26 - INFO - chord#: 24 done. best_score=27.0, changed=527, unchanged=437, early_stops=8/8
26 - INFO - chord#: 26 In build_straw_man_chord_sa. tolerance = 1, sa_iterations = 1000, initial_temperature = 3.0, cooling_rate = 0.999
26 - INFO - chord#: 24 done. best_score=27.0, changed=526, unchanged=438, early_stops=8/8
26 - INFO - chord#: 26 In build_straw_man_chord_sa. tolerance = 1, sa_iterations = 1000, initial_temperature = 3.0, cooling_rate = 0.999
26 - INFO - chord#: 24 done. best_score=27.0, changed=515, unchanged=430, early_stops=8/8
26 - INFO - chord#: 26 In build_straw_man_chord_sa. tolerance = 1, sa_iterations = 1000, initial_temperature = 3.0, cooling_rate = 0.999
26 - INFO - chord#: 18 done. best_score=168.0, changed=609, unchanged=306, early_stops=8/8
26 - INFO - chord#: 20 In build_straw_man_chord_sa. tolerance = 1, sa_iterations = 1000, initial_temperature = 3.0, cooling_rate = 0.999
26 - INFO - chord#: 20 done. best_score=36.0, changed=531, unchanged=382, early_stops=8/8
26 - INFO - chord#: 24 In build_straw_man_chord_sa. tolerance = 1, sa_iterations = 1000, initial_temperature = 3.0, cooling_rate = 0.999
26 - INFO - chord#: 24 done. best_score=27.0, changed=523, unchanged=388, early_stops=8/8
26 - INFO - chord#: 26 In build_straw_man_chord_sa. tolerance = 1, sa_iterations = 1000, initial_temperature = 3.0, cooling_rate = 0.999
26 - INFO - chord#: 18 done. best_score=78.0, changed=609, unchanged=276, early_stops=8/8
26 - INFO - chord#: 20 In build_straw_man_chord_sa. tolerance = 1, sa_iterations = 1000, initial_temperature = 3.0, cooling_rate = 0.999
26 - INFO - chord#: 18 done. best_score=160.0, changed=611, unchanged=270, early_stops=8/8
26 - INFO - chord#: 20 In build_straw_man_chord_sa. tolerance = 1, sa_iterations = 1000, initial_temperature = 3.0, cooling_rate = 0.999
26 - INFO - chord#: 20 done. best_score=36.0, changed=523, unchanged=357, early_stops=8/8
26 - INFO - chord#: 24 In build_straw_man_chord_sa. tolerance = 1, sa_iterations = 1000, initial_temperature = 3.0, cooling_rate = 0.999
26 - INFO - chord#: 24 done. best_score=27.0, changed=520, unchanged=420, early_stops=8/8
26 - INFO - chord#: 26 In build_straw_man_chord_sa. tolerance = 1, sa_iterations = 1000, initial_temperature = 3.0, cooling_rate = 0.999
26 - INFO - chord#: 18 done. best_score=67.0, changed=611, unchanged=281, early_stops=8/8
26 - INFO - chord#: 20 In build_straw_man_chord_sa. tolerance = 1, sa_iterations = 1000, initial_temperature = 3.0, cooling_rate = 0.999
26 - INFO - chord#: 20 done. best_score=36.0, changed=515, unchanged=329, early_stops=8/8
26 - INFO - chord#: 24 In build_straw_man_chord_sa. tolerance = 1, sa_iterations = 1000, initial_temperature = 3.0, cooling_rate = 0.999
26 - INFO - chord#: 18 done. best_score=119.0, changed=616, unchanged=417, early_stops=8/8
26 - INFO - chord#: 20 In build_straw_man_chord_sa. tolerance = 1, sa_iterations = 1000, initial_temperature = 3.0, cooling_rate = 0.999
26 - INFO - chord#: 18 done. best_score=78.0, changed=616, unchanged=448, early_stops=8/8
26 - INFO - chord#: 20 In build_straw_man_chord_sa. tolerance = 1, sa_iterations = 1000, initial_temperature = 3.0, cooling_rate = 0.999
26 - INFO - chord#: 18 done. best_score=78.0, changed=614, unchanged=365, early_stops=8/8
26 - INFO - chord#: 20 In build_straw_man_chord_sa. tolerance = 1, sa_iterations = 1000, initial_temperature = 3.0, cooling_rate = 0.999
26 - INFO - chord#: 26 done. best_score=74.0, changed=613, unchanged=332, early_stops=8/8
26 - INFO - chord#: 28 In build_straw_man_chord_sa. tolerance = 1, sa_iterations = 1000, initial_temperature = 3.0, cooling_rate = 0.999
26 - INFO - chord#: 24 done. best_score=27.0, changed=518, unchanged=411, early_stops=8/8
26 - INFO - chord#: 26 In build_straw_man_chord_sa. tolerance = 1, sa_iterations = 1000, initial_temperature = 3.0, cooling_rate = 0.999
26 - INFO - chord#: 20 done. best_score=36.0, changed=526, unchanged=452, early_stops=8/8
26 - INFO - chord#: 24 In build_straw_man_chord_sa. tolerance = 1, sa_iterations = 1000, initial_temperature = 3.0, cooling_rate = 0.999
26 - INFO - chord#: 26 done. best_score=74.0, changed=613, unchanged=289, early_stops=8/8
26 - INFO - chord#: 28 In build_straw_man_chord_sa. tolerance = 1, sa_iterations = 1000, initial_temperature = 3.0, cooling_rate = 0.999
26 - INFO - chord#: 26 done. best_score=141.0, changed=615, unchanged=487, early_stops=8/8
26 - INFO - chord#: 28 In build_straw_man_chord_sa. tolerance = 1, sa_iterations = 1000, initial_temperature = 3.0, cooling_rate = 0.999
26 - INFO - chord#: 24 done. best_score=27.0, changed=514, unchanged=327, early_stops=8/8
26 - INFO - chord#: 26 In build_straw_man_chord_sa. tolerance = 1, sa_iterations = 1000, initial_temperature = 3.0, cooling_rate = 0.999
26 - INFO - chord#: 20 done. best_score=36.0, changed=521, unchanged=356, early_stops=8/8
26 - INFO - chord#: 24 In build_straw_man_chord_sa. tolerance = 1, sa_iterations = 1000, initial_temperature = 3.0, cooling_rate = 0.999
26 - INFO - chord#: 20 done. best_score=36.0, changed=521, unchanged=348, early_stops=8/8
26 - INFO - chord#: 24 In build_straw_man_chord_sa. tolerance = 1, sa_iterations = 1000, initial_temperature = 3.0, cooling_rate = 0.999
26 - INFO - chord#: 20 done. best_score=36.0, changed=525, unchanged=434, early_stops=8/8
26 - INFO - chord#: 24 In build_straw_man_chord_sa. tolerance = 1, sa_iterations = 1000, initial_temperature = 3.0, cooling_rate = 0.999
26 - INFO - chord#: 20 done. best_score=36.0, changed=516, unchanged=346, early_stops=8/8
26 - INFO - chord#: 24 In build_straw_man_chord_sa. tolerance = 1, sa_iterations = 1000, initial_temperature = 3.0, cooling_rate = 0.999
26 - INFO - chord#: 26 done. best_score=96.0, changed=618, unchanged=453, early_stops=8/8
26 - INFO - chord#: 28 In build_straw_man_chord_sa. tolerance = 1, sa_iterations = 1000, initial_temperature = 3.0, cooling_rate = 0.999
26 - INFO - chord#: 24 done. best_score=27.0, changed=520, unchanged=380, early_stops=8/8
26 - INFO - chord#: 26 In build_straw_man_chord_sa. tolerance = 1, sa_iterations = 1000, initial_temperature = 3.0, cooling_rate = 0.999
26 - INFO - chord#: 26 done. best_score=121.0, changed=615, unchanged=391, early_stops=8/8
26 - INFO - chord#: 28 In build_straw_man_chord_sa. tolerance = 1, sa_iterations = 1000, initial_temperature = 3.0, cooling_rate = 0.999
26 - INFO - chord#: 24 done. best_score=27.0, changed=519, unchanged=345, early_stops=8/8
26 - INFO - chord#: 26 In build_straw_man_chord_sa. tolerance = 1, sa_iterations = 1000, initial_temperature = 3.0, cooling_rate = 0.999
26 - INFO - chord#: 28 done. best_score=119.0, changed=608, unchanged=265, early_stops=8/8
26 - INFO - chord#: 32 In build_straw_man_chord_sa. tolerance = 1, sa_iterations = 1000, initial_temperature = 3.0, cooling_rate = 0.999
26 - INFO - chord#: 24 done. best_score=27.0, changed=526, unchanged=521, early_stops=8/8
26 - INFO - chord#: 26 In build_straw_man_chord_sa. tolerance = 1, sa_iterations = 1000, initial_temperature = 3.0, cooling_rate = 0.999
26 - INFO - chord#: 24 done. best_score=27.0, changed=522, unchanged=426, early_stops=8/8
26 - INFO - chord#: 26 In build_straw_man_chord_sa. tolerance = 1, sa_iterations = 1000, initial_temperature = 3.0, cooling_rate = 0.999
26 - INFO - chord#: 26 done. best_score=74.0, changed=609, unchanged=233, early_stops=8/8
26 - INFO - chord#: 28 In build_straw_man_chord_sa. tolerance = 1, sa_iterations = 1000, initial_temperature = 3.0, cooling_rate = 0.999
26 - INFO - chord#: 24 done. best_score=27.0, changed=523, unchanged=600, early_stops=8/8
26 - INFO - chord#: 26 In build_straw_man_chord_sa. tolerance = 1, sa_iterations = 1000, initial_temperature = 3.0, cooling_rate = 0.999
26 - INFO - chord#: 26 done. best_score=74.0, changed=614, unchanged=483, early_stops=8/8
26 - INFO - chord#: 28 In build_straw_man_chord_sa. tolerance = 1, sa_iterations = 1000, initial_temperature = 3.0, cooling_rate = 0.999
26 - INFO - chord#: 28 done. best_score=67.0, changed=610, unchanged=426, early_stops=8/8
26 - INFO - chord#: 32 In build_straw_man_chord_sa. tolerance = 1, sa_iterations = 1000, initial_temperature = 3.0, cooling_rate = 0.999
26 - INFO - chord#: 32 done. best_score=27.0, changed=530, unchanged=360, early_stops=8/8
26 - INFO - chord#: 36 In build_straw_man_chord_sa. tolerance = 1, sa_iterations = 1000, initial_temperature = 3.0, cooling_rate = 0.999
26 - INFO - chord#: 28 done. best_score=93.0, changed=618, unchanged=546, early_stops=8/8
26 - INFO - chord#: 32 In build_straw_man_chord_sa. tolerance = 1, sa_iterations = 1000, initial_temperature = 3.0, cooling_rate = 0.999
26 - INFO - chord#: 28 done. best_score=67.0, changed=614, unchanged=304, early_stops=8/8
26 - INFO - chord#: 32 In build_straw_man_chord_sa. tolerance = 1, sa_iterations = 1000, initial_temperature = 3.0, cooling_rate = 0.999
26 - INFO - chord#: 32 done. best_score=27.0, changed=514, unchanged=342, early_stops=8/8
26 - INFO - chord#: 36 In build_straw_man_chord_sa. tolerance = 1, sa_iterations = 1000, initial_temperature = 3.0, cooling_rate = 0.999
26 - INFO - chord#: 28 done. best_score=140.0, changed=613, unchanged=334, early_stops=8/8
26 - INFO - chord#: 32 In build_straw_man_chord_sa. tolerance = 1, sa_iterations = 1000, initial_temperature = 3.0, cooling_rate = 0.999
26 - INFO - chord#: 36 done. best_score=27.0, changed=518, unchanged=402, early_stops=8/8
26 - INFO - chord#: 44 In build_straw_man_chord_sa. tolerance = 1, sa_iterations = 1000, initial_temperature = 3.0, cooling_rate = 0.999
26 - INFO - chord#: 32 done. best_score=36.0, changed=538, unchanged=406, early_stops=8/8
26 - INFO - chord#: 36 In build_straw_man_chord_sa. tolerance = 1, sa_iterations = 1000, initial_temperature = 3.0, cooling_rate = 0.999
26 - INFO - chord#: 26 done. best_score=96.0, changed=615, unchanged=381, early_stops=8/8
26 - INFO - chord#: 28 In build_straw_man_chord_sa. tolerance = 1, sa_iterations = 1000, initial_temperature = 3.0, cooling_rate = 0.999
26 - INFO - chord#: 26 done. best_score=148.0, changed=614, unchanged=395, early_stops=8/8
26 - INFO - chord#: 28 In build_straw_man_chord_sa. tolerance = 1, sa_iterations = 1000, initial_temperature = 3.0, cooling_rate = 0.999
26 - INFO - chord#: 32 done. best_score=27.0, changed=532, unchanged=449, early_stops=8/8
26 - INFO - chord#: 36 In build_straw_man_chord_sa. tolerance = 1, sa_iterations = 1000, initial_temperature = 3.0, cooling_rate = 0.999
26 - INFO - chord#: 36 done. best_score=27.0, changed=520, unchanged=323, early_stops=8/8
26 - INFO - chord#: 44 In build_straw_man_chord_sa. tolerance = 1, sa_iterations = 1000, initial_temperature = 3.0, cooling_rate = 0.999
26 - INFO - chord#: 44 done. best_score=27.0, changed=521, unchanged=350, early_stops=8/8
26 - INFO - chord#: 48 In build_straw_man_chord_sa. tolerance = 1, sa_iterations = 1000, initial_temperature = 3.0, cooling_rate = 0.999
26 - INFO - chord#: 26 done. best_score=74.0, changed=616, unchanged=284, early_stops=8/8
26 - INFO - chord#: 28 In build_straw_man_chord_sa. tolerance = 1, sa_iterations = 1000, initial_temperature = 3.0, cooling_rate = 0.999
26 - INFO - chord#: 36 done. best_score=27.0, changed=524, unchanged=376, early_stops=8/8
26 - INFO - chord#: 44 In build_straw_man_chord_sa. tolerance = 1, sa_iterations = 1000, initial_temperature = 3.0, cooling_rate = 0.999
26 - INFO - chord#: 28 done. best_score=67.0, changed=613, unchanged=461, early_stops=8/8
26 - INFO - chord#: 32 In build_straw_man_chord_sa. tolerance = 1, sa_iterations = 1000, initial_temperature = 3.0, cooling_rate = 0.999
26 - INFO - chord#: 26 done. best_score=149.0, changed=609, unchanged=340, early_stops=8/8
26 - INFO - chord#: 28 In build_straw_man_chord_sa. tolerance = 1, sa_iterations = 1000, initial_temperature = 3.0, cooling_rate = 0.999
26 - INFO - chord#: 32 done. best_score=27.0, changed=539, unchanged=539, early_stops=8/8
26 - INFO - chord#: 36 In build_straw_man_chord_sa. tolerance = 1, sa_iterations = 1000, initial_temperature = 3.0, cooling_rate = 0.999
26 - INFO - chord#: 26 done. best_score=74.0, changed=611, unchanged=445, early_stops=8/8
26 - INFO - chord#: 28 In build_straw_man_chord_sa. tolerance = 1, sa_iterations = 1000, initial_temperature = 3.0, cooling_rate = 0.999
26 - INFO - chord#: 44 done. best_score=27.0, changed=526, unchanged=387, early_stops=8/8
26 - INFO - chord#: 48 In build_straw_man_chord_sa. tolerance = 1, sa_iterations = 1000, initial_temperature = 3.0, cooling_rate = 0.999
26 - INFO - chord#: 36 done. best_score=27.0, changed=513, unchanged=377, early_stops=8/8
26 - INFO - chord#: 44 In build_straw_man_chord_sa. tolerance = 1, sa_iterations = 1000, initial_temperature = 3.0, cooling_rate = 0.999
26 - INFO - chord#: 48 done. best_score=27.0, changed=522, unchanged=453, early_stops=8/8
26 - INFO - chord#: 50 In build_straw_man_chord_sa. tolerance = 1, sa_iterations = 1000, initial_temperature = 3.0, cooling_rate = 0.999
26 - INFO - chord#: 28 done. best_score=67.0, changed=621, unchanged=536, early_stops=8/8
26 - INFO - chord#: 32 In build_straw_man_chord_sa. tolerance = 1, sa_iterations = 1000, initial_temperature = 3.0, cooling_rate = 0.999
26 - INFO - chord#: 44 done. best_score=27.0, changed=521, unchanged=350, early_stops=8/8
26 - INFO - chord#: 48 In build_straw_man_chord_sa. tolerance = 1, sa_iterations = 1000, initial_temperature = 3.0, cooling_rate = 0.999
26 - INFO - chord#: 32 done. best_score=27.0, changed=527, unchanged=369, early_stops=8/8
26 - INFO - chord#: 36 In build_straw_man_chord_sa. tolerance = 1, sa_iterations = 1000, initial_temperature = 3.0, cooling_rate = 0.999
26 - INFO - chord#: 36 done. best_score=27.0, changed=517, unchanged=389, early_stops=8/8
26 - INFO - chord#: 44 In build_straw_man_chord_sa. tolerance = 1, sa_iterations = 1000, initial_temperature = 3.0, cooling_rate = 0.999
26 - INFO - chord#: 44 done. best_score=27.0, changed=521, unchanged=343, early_stops=8/8
26 - INFO - chord#: 48 In build_straw_man_chord_sa. tolerance = 1, sa_iterations = 1000, initial_temperature = 3.0, cooling_rate = 0.999
26 - INFO - chord#: 48 done. best_score=27.0, changed=517, unchanged=363, early_stops=8/8
26 - INFO - chord#: 50 In build_straw_man_chord_sa. tolerance = 1, sa_iterations = 1000, initial_temperature = 3.0, cooling_rate = 0.999
26 - INFO - chord#: 32 done. best_score=27.0, changed=528, unchanged=393, early_stops=8/8
26 - INFO - chord#: 36 In build_straw_man_chord_sa. tolerance = 1, sa_iterations = 1000, initial_temperature = 3.0, cooling_rate = 0.999
26 - INFO - chord#: 48 done. best_score=27.0, changed=531, unchanged=392, early_stops=8/8
26 - INFO - chord#: 50 In build_straw_man_chord_sa. tolerance = 1, sa_iterations = 1000, initial_temperature = 3.0, cooling_rate = 0.999
26 - INFO - chord#: 36 done. best_score=27.0, changed=528, unchanged=470, early_stops=8/8
26 - INFO - chord#: 44 In build_straw_man_chord_sa. tolerance = 1, sa_iterations = 1000, initial_temperature = 3.0, cooling_rate = 0.999
26 - INFO - chord#: 44 done. best_score=27.0, changed=538, unchanged=343, early_stops=8/8
26 - INFO - chord#: 48 In build_straw_man_chord_sa. tolerance = 1, sa_iterations = 1000, initial_temperature = 3.0, cooling_rate = 0.999
26 - INFO - chord#: 48 done. best_score=57.0, changed=521, unchanged=433, early_stops=8/8
26 - INFO - chord#: 50 In build_straw_man_chord_sa. tolerance = 1, sa_iterations = 1000, initial_temperature = 3.0, cooling_rate = 0.999
26 - INFO - chord#: 28 done. best_score=142.0, changed=611, unchanged=360, early_stops=8/8
26 - INFO - chord#: 32 In build_straw_man_chord_sa. tolerance = 1, sa_iterations = 1000, initial_temperature = 3.0, cooling_rate = 0.999
26 - INFO - chord#: 28 done. best_score=67.0, changed=608, unchanged=392, early_stops=8/8
26 - INFO - chord#: 32 In build_straw_man_chord_sa. tolerance = 1, sa_iterations = 1000, initial_temperature = 3.0, cooling_rate = 0.999
26 - INFO - chord#: 36 done. best_score=27.0, changed=523, unchanged=385, early_stops=8/8
26 - INFO - chord#: 44 In build_straw_man_chord_sa. tolerance = 1, sa_iterations = 1000, initial_temperature = 3.0, cooling_rate = 0.999
26 - INFO - chord#: 50 done. best_score=67.0, changed=610, unchanged=222, early_stops=8/8
26 - INFO - chord#: 52 In build_straw_man_chord_sa. tolerance = 1, sa_iterations = 1000, initial_temperature = 3.0, cooling_rate = 0.999
26 - INFO - chord#: 28 done. best_score=119.0, changed=613, unchanged=325, early_stops=8/8
26 - INFO - chord#: 32 In build_straw_man_chord_sa. tolerance = 1, sa_iterations = 1000, initial_temperature = 3.0, cooling_rate = 0.999
26 - INFO - chord#: 28 done. best_score=67.0, changed=609, unchanged=330, early_stops=8/8
26 - INFO - chord#: 32 In build_straw_man_chord_sa. tolerance = 1, sa_iterations = 1000, initial_temperature = 3.0, cooling_rate = 0.999
26 - INFO - chord#: 44 done. best_score=27.0, changed=528, unchanged=361, early_stops=8/8
26 - INFO - chord#: 48 In build_straw_man_chord_sa. tolerance = 1, sa_iterations = 1000, initial_temperature = 3.0, cooling_rate = 0.999
26 - INFO - chord#: 48 done. best_score=27.0, changed=528, unchanged=386, early_stops=8/8
26 - INFO - chord#: 50 In build_straw_man_chord_sa. tolerance = 1, sa_iterations = 1000, initial_temperature = 3.0, cooling_rate = 0.999
26 - INFO - chord#: 50 done. best_score=67.0, changed=609, unchanged=235, early_stops=8/8
26 - INFO - chord#: 52 In build_straw_man_chord_sa. tolerance = 1, sa_iterations = 1000, initial_temperature = 3.0, cooling_rate = 0.999
26 - INFO - chord#: 44 done. best_score=27.0, changed=523, unchanged=335, early_stops=8/8
26 - INFO - chord#: 48 In build_straw_man_chord_sa. tolerance = 1, sa_iterations = 1000, initial_temperature = 3.0, cooling_rate = 0.999
26 - INFO - chord#: 28 done. best_score=67.0, changed=611, unchanged=353, early_stops=8/8
26 - INFO - chord#: 32 In build_straw_man_chord_sa. tolerance = 1, sa_iterations = 1000, initial_temperature = 3.0, cooling_rate = 0.999
26 - INFO - chord#: 32 done. best_score=27.0, changed=519, unchanged=378, early_stops=8/8
26 - INFO - chord#: 36 In build_straw_man_chord_sa. tolerance = 1, sa_iterations = 1000, initial_temperature = 3.0, cooling_rate = 0.999
26 - INFO - chord#: 32 done. best_score=27.0, changed=529, unchanged=387, early_stops=8/8
26 - INFO - chord#: 36 In build_straw_man_chord_sa. tolerance = 1, sa_iterations = 1000, initial_temperature = 3.0, cooling_rate = 0.999
26 - INFO - chord#: 52 done. best_score=27.0, changed=516, unchanged=400, early_stops=8/8
26 - INFO - chord#: 56 In build_straw_man_chord_sa. tolerance = 1, sa_iterations = 1000, initial_temperature = 3.0, cooling_rate = 0.999
26 - INFO - chord#: 48 done. best_score=27.0, changed=522, unchanged=354, early_stops=8/8
26 - INFO - chord#: 50 In build_straw_man_chord_sa. tolerance = 1, sa_iterations = 1000, initial_temperature = 3.0, cooling_rate = 0.999
26 - INFO - chord#: 32 done. best_score=36.0, changed=524, unchanged=457, early_stops=8/8
26 - INFO - chord#: 36 In build_straw_man_chord_sa. tolerance = 1, sa_iterations = 1000, initial_temperature = 3.0, cooling_rate = 0.999
26 - INFO - chord#: 50 done. best_score=67.0, changed=610, unchanged=337, early_stops=8/8
26 - INFO - chord#: 52 In build_straw_man_chord_sa. tolerance = 1, sa_iterations = 1000, initial_temperature = 3.0, cooling_rate = 0.999
26 - INFO - chord#: 32 done. best_score=27.0, changed=529, unchanged=371, early_stops=8/8
26 - INFO - chord#: 36 In build_straw_man_chord_sa. tolerance = 1, sa_iterations = 1000, initial_temperature = 3.0, cooling_rate = 0.999
26 - INFO - chord#: 50 done. best_score=67.0, changed=607, unchanged=208, early_stops=8/8
26 - INFO - chord#: 52 In build_straw_man_chord_sa. tolerance = 1, sa_iterations = 1000, initial_temperature = 3.0, cooling_rate = 0.999
26 - INFO - chord#: 48 done. best_score=27.0, changed=523, unchanged=328, early_stops=8/8
26 - INFO - chord#: 50 In build_straw_man_chord_sa. tolerance = 1, sa_iterations = 1000, initial_temperature = 3.0, cooling_rate = 0.999
26 - INFO - chord#: 52 done. best_score=27.0, changed=518, unchanged=381, early_stops=8/8
26 - INFO - chord#: 56 In build_straw_man_chord_sa. tolerance = 1, sa_iterations = 1000, initial_temperature = 3.0, cooling_rate = 0.999
26 - INFO - chord#: 56 done. best_score=36.0, changed=514, unchanged=356, early_stops=8/8
26 - INFO - chord#: 58 In build_straw_man_chord_sa. tolerance = 1, sa_iterations = 1000, initial_temperature = 3.0, cooling_rate = 0.999
26 - INFO - chord#: 32 done. best_score=27.0, changed=523, unchanged=388, early_stops=8/8
26 - INFO - chord#: 36 In build_straw_man_chord_sa. tolerance = 1, sa_iterations = 1000, initial_temperature = 3.0, cooling_rate = 0.999
26 - INFO - chord#: 36 done. best_score=27.0, changed=518, unchanged=400, early_stops=8/8
26 - INFO - chord#: 44 In build_straw_man_chord_sa. tolerance = 1, sa_iterations = 1000, initial_temperature = 3.0, cooling_rate = 0.999
26 - INFO - chord#: 36 done. best_score=27.0, changed=517, unchanged=402, early_stops=8/8
26 - INFO - chord#: 44 In build_straw_man_chord_sa. tolerance = 1, sa_iterations = 1000, initial_temperature = 3.0, cooling_rate = 0.999
26 - INFO - chord#: 36 done. best_score=27.0, changed=520, unchanged=345, early_stops=8/8
26 - INFO - chord#: 44 In build_straw_man_chord_sa. tolerance = 1, sa_iterations = 1000, initial_temperature = 3.0, cooling_rate = 0.999
26 - INFO - chord#: 52 done. best_score=27.0, changed=518, unchanged=380, early_stops=8/8
26 - INFO - chord#: 56 In build_straw_man_chord_sa. tolerance = 1, sa_iterations = 1000, initial_temperature = 3.0, cooling_rate = 0.999
26 - INFO - chord#: 36 done. best_score=27.0, changed=517, unchanged=468, early_stops=8/8
26 - INFO - chord#: 44 In build_straw_man_chord_sa. tolerance = 1, sa_iterations = 1000, initial_temperature = 3.0, cooling_rate = 0.999
26 - INFO - chord#: 52 done. best_score=27.0, changed=520, unchanged=444, early_stops=8/8
26 - INFO - chord#: 56 In build_straw_man_chord_sa. tolerance = 1, sa_iterations = 1000, initial_temperature = 3.0, cooling_rate = 0.999
26 - INFO - chord#: 56 done. best_score=36.0, changed=515, unchanged=338, early_stops=8/8
26 - INFO - chord#: 58 In build_straw_man_chord_sa. tolerance = 1, sa_iterations = 1000, initial_temperature = 3.0, cooling_rate = 0.999
26 - INFO - chord#: 44 done. best_score=27.0, changed=529, unchanged=363, early_stops=8/8
26 - INFO - chord#: 48 In build_straw_man_chord_sa. tolerance = 1, sa_iterations = 1000, initial_temperature = 3.0, cooling_rate = 0.999
26 - INFO - chord#: 50 done. best_score=67.0, changed=606, unchanged=329, early_stops=8/8
26 - INFO - chord#: 52 In build_straw_man_chord_sa. tolerance = 1, sa_iterations = 1000, initial_temperature = 3.0, cooling_rate = 0.999
26 - INFO - chord#: 56 done. best_score=36.0, changed=528, unchanged=362, early_stops=8/8
26 - INFO - chord#: 58 In build_straw_man_chord_sa. tolerance = 1, sa_iterations = 1000, initial_temperature = 3.0, cooling_rate = 0.999
26 - INFO - chord#: 44 done. best_score=27.0, changed=528, unchanged=376, early_stops=8/8
26 - INFO - chord#: 48 In build_straw_man_chord_sa. tolerance = 1, sa_iterations = 1000, initial_temperature = 3.0, cooling_rate = 0.999
26 - INFO - chord#: 44 done. best_score=27.0, changed=525, unchanged=386, early_stops=8/8
26 - INFO - chord#: 48 In build_straw_man_chord_sa. tolerance = 1, sa_iterations = 1000, initial_temperature = 3.0, cooling_rate = 0.999
26 - INFO - chord#: 36 done. best_score=27.0, changed=525, unchanged=535, early_stops=8/8
26 - INFO - chord#: 44 In build_straw_man_chord_sa. tolerance = 1, sa_iterations = 1000, initial_temperature = 3.0, cooling_rate = 0.999
26 - INFO - chord#: 56 done. best_score=36.0, changed=522, unchanged=332, early_stops=8/8
26 - INFO - chord#: 58 In build_straw_man_chord_sa. tolerance = 1, sa_iterations = 1000, initial_temperature = 3.0, cooling_rate = 0.999
26 - INFO - chord#: 44 done. best_score=27.0, changed=523, unchanged=344, early_stops=8/8
26 - INFO - chord#: 48 In build_straw_man_chord_sa. tolerance = 1, sa_iterations = 1000, initial_temperature = 3.0, cooling_rate = 0.999
26 - INFO - chord#: 50 done. best_score=137.0, changed=611, unchanged=374, early_stops=8/8
26 - INFO - chord#: 52 In build_straw_man_chord_sa. tolerance = 1, sa_iterations = 1000, initial_temperature = 3.0, cooling_rate = 0.999
26 - INFO - chord#: 50 done. best_score=137.0, changed=609, unchanged=362, early_stops=8/8
26 - INFO - chord#: 52 In build_straw_man_chord_sa. tolerance = 1, sa_iterations = 1000, initial_temperature = 3.0, cooling_rate = 0.999
26 - INFO - chord#: 58 done. best_score=64.0, changed=613, unchanged=337, early_stops=8/8
26 - INFO - chord#: 60 In build_straw_man_chord_sa. tolerance = 1, sa_iterations = 1000, initial_temperature = 3.0, cooling_rate = 0.999
26 - INFO - chord#: 52 done. best_score=27.0, changed=533, unchanged=496, early_stops=8/8
26 - INFO - chord#: 56 In build_straw_man_chord_sa. tolerance = 1, sa_iterations = 1000, initial_temperature = 3.0, cooling_rate = 0.999
26 - INFO - chord#: 48 done. best_score=27.0, changed=523, unchanged=408, early_stops=8/8
26 - INFO - chord#: 50 In build_straw_man_chord_sa. tolerance = 1, sa_iterations = 1000, initial_temperature = 3.0, cooling_rate = 0.999
26 - INFO - chord#: 48 done. best_score=27.0, changed=529, unchanged=431, early_stops=8/8
26 - INFO - chord#: 50 In build_straw_man_chord_sa. tolerance = 1, sa_iterations = 1000, initial_temperature = 3.0, cooling_rate = 0.999
26 - INFO - chord#: 48 done. best_score=27.0, changed=521, unchanged=447, early_stops=8/8
26 - INFO - chord#: 50 In build_straw_man_chord_sa. tolerance = 1, sa_iterations = 1000, initial_temperature = 3.0, cooling_rate = 0.999
26 - INFO - chord#: 44 done. best_score=27.0, changed=539, unchanged=460, early_stops=8/8
26 - INFO - chord#: 48 In build_straw_man_chord_sa. tolerance = 1, sa_iterations = 1000, initial_temperature = 3.0, cooling_rate = 0.999
26 - INFO - chord#: 58 done. best_score=146.0, changed=612, unchanged=233, early_stops=8/8
26 - INFO - chord#: 60 In build_straw_man_chord_sa. tolerance = 1, sa_iterations = 1000, initial_temperature = 3.0, cooling_rate = 0.999
26 - INFO - chord#: 48 done. best_score=27.0, changed=522, unchanged=362, early_stops=8/8
26 - INFO - chord#: 50 In build_straw_man_chord_sa. tolerance = 1, sa_iterations = 1000, initial_temperature = 3.0, cooling_rate = 0.999
26 - INFO - chord#: 52 done. best_score=27.0, changed=520, unchanged=361, early_stops=8/8
26 - INFO - chord#: 56 In build_straw_man_chord_sa. tolerance = 1, sa_iterations = 1000, initial_temperature = 3.0, cooling_rate = 0.999
26 - INFO - chord#: 52 done. best_score=27.0, changed=517, unchanged=369, early_stops=8/8
26 - INFO - chord#: 56 In build_straw_man_chord_sa. tolerance = 1, sa_iterations = 1000, initial_temperature = 3.0, cooling_rate = 0.999
26 - INFO - chord#: 56 done. best_score=36.0, changed=517, unchanged=331, early_stops=8/8
26 - INFO - chord#: 58 In build_straw_man_chord_sa. tolerance = 1, sa_iterations = 1000, initial_temperature = 3.0, cooling_rate = 0.999
26 - INFO - chord#: 58 done. best_score=71.0, changed=613, unchanged=270, early_stops=8/8
26 - INFO - chord#: 60 In build_straw_man_chord_sa. tolerance = 1, sa_iterations = 1000, initial_temperature = 3.0, cooling_rate = 0.999
26 - INFO - chord#: 60 done. best_score=27.0, changed=525, unchanged=454, early_stops=8/8
26 - INFO - chord#: 64 In build_straw_man_chord_sa. tolerance = 1, sa_iterations = 1000, initial_temperature = 3.0, cooling_rate = 0.999
26 - INFO - chord#: 60 done. best_score=27.0, changed=514, unchanged=342, early_stops=8/8
26 - INFO - chord#: 64 In build_straw_man_chord_sa. tolerance = 1, sa_iterations = 1000, initial_temperature = 3.0, cooling_rate = 0.999
26 - INFO - chord#: 48 done. best_score=27.0, changed=516, unchanged=343, early_stops=8/8
26 - INFO - chord#: 50 In build_straw_man_chord_sa. tolerance = 1, sa_iterations = 1000, initial_temperature = 3.0, cooling_rate = 0.999
26 - INFO - chord#: 58 done. best_score=64.0, changed=612, unchanged=317, early_stops=8/8
26 - INFO - chord#: 60 In build_straw_man_chord_sa. tolerance = 1, sa_iterations = 1000, initial_temperature = 3.0, cooling_rate = 0.999
26 - INFO - chord#: 56 done. best_score=36.0, changed=517, unchanged=385, early_stops=8/8
26 - INFO - chord#: 58 In build_straw_man_chord_sa. tolerance = 1, sa_iterations = 1000, initial_temperature = 3.0, cooling_rate = 0.999
26 - INFO - chord#: 56 done. best_score=36.0, changed=536, unchanged=440, early_stops=8/8
26 - INFO - chord#: 58 In build_straw_man_chord_sa. tolerance = 1, sa_iterations = 1000, initial_temperature = 3.0, cooling_rate = 0.999
26 - INFO - chord#: 60 done. best_score=27.0, changed=522, unchanged=489, early_stops=8/8
26 - INFO - chord#: 64 In build_straw_man_chord_sa. tolerance = 1, sa_iterations = 1000, initial_temperature = 3.0, cooling_rate = 0.999
26 - INFO - chord#: 60 done. best_score=27.0, changed=526, unchanged=448, early_stops=8/8
26 - INFO - chord#: 64 In build_straw_man_chord_sa. tolerance = 1, sa_iterations = 1000, initial_temperature = 3.0, cooling_rate = 0.999
26 - INFO - chord#: 50 done. best_score=67.0, changed=618, unchanged=271, early_stops=8/8
26 - INFO - chord#: 52 In build_straw_man_chord_sa. tolerance = 1, sa_iterations = 1000, initial_temperature = 3.0, cooling_rate = 0.999
26 - INFO - chord#: 58 done. best_score=146.0, changed=605, unchanged=255, early_stops=8/8
26 - INFO - chord#: 60 In build_straw_man_chord_sa. tolerance = 1, sa_iterations = 1000, initial_temperature = 3.0, cooling_rate = 0.999
26 - INFO - chord#: 50 done. best_score=67.0, changed=613, unchanged=310, early_stops=8/8
26 - INFO - chord#: 52 In build_straw_man_chord_sa. tolerance = 1, sa_iterations = 1000, initial_temperature = 3.0, cooling_rate = 0.999
26 - INFO - chord#: 64 done. best_score=74.0, changed=611, unchanged=280, early_stops=8/8
26 - INFO - chord#: 68 In build_straw_man_chord_sa. tolerance = 1, sa_iterations = 1000, initial_temperature = 3.0, cooling_rate = 0.999
26 - INFO - chord#: 50 done. best_score=137.0, changed=609, unchanged=270, early_stops=8/8
26 - INFO - chord#: 52 In build_straw_man_chord_sa. tolerance = 1, sa_iterations = 1000, initial_temperature = 3.0, cooling_rate = 0.999
26 - INFO - chord#: 64 done. best_score=121.0, changed=609, unchanged=256, early_stops=8/8
26 - INFO - chord#: 68 In build_straw_man_chord_sa. tolerance = 1, sa_iterations = 1000, initial_temperature = 3.0, cooling_rate = 0.999
26 - INFO - chord#: 50 done. best_score=67.0, changed=614, unchanged=371, early_stops=8/8
26 - INFO - chord#: 52 In build_straw_man_chord_sa. tolerance = 1, sa_iterations = 1000, initial_temperature = 3.0, cooling_rate = 0.999
26 - INFO - chord#: 58 done. best_score=157.0, changed=610, unchanged=365, early_stops=8/8
26 - INFO - chord#: 60 In build_straw_man_chord_sa. tolerance = 1, sa_iterations = 1000, initial_temperature = 3.0, cooling_rate = 0.999
26 - INFO - chord#: 52 done. best_score=27.0, changed=515, unchanged=347, early_stops=8/8
26 - INFO - chord#: 56 In build_straw_man_chord_sa. tolerance = 1, sa_iterations = 1000, initial_temperature = 3.0, cooling_rate = 0.999
26 - INFO - chord#: 68 done. best_score=36.0, changed=535, unchanged=401, early_stops=8/8
26 - INFO - chord#: 70 In build_straw_man_chord_sa. tolerance = 1, sa_iterations = 1000, initial_temperature = 3.0, cooling_rate = 0.999
26 - INFO - chord#: 60 done. best_score=27.0, changed=525, unchanged=618, early_stops=8/8
26 - INFO - chord#: 64 In build_straw_man_chord_sa. tolerance = 1, sa_iterations = 1000, initial_temperature = 3.0, cooling_rate = 0.999
26 - INFO - chord#: 50 done. best_score=67.0, changed=611, unchanged=288, early_stops=8/8
26 - INFO - chord#: 52 In build_straw_man_chord_sa. tolerance = 1, sa_iterations = 1000, initial_temperature = 3.0, cooling_rate = 0.999
26 - INFO - chord#: 68 done. best_score=36.0, changed=528, unchanged=443, early_stops=8/8
26 - INFO - chord#: 70 In build_straw_man_chord_sa. tolerance = 1, sa_iterations = 1000, initial_temperature = 3.0, cooling_rate = 0.999
26 - INFO - chord#: 52 done. best_score=27.0, changed=515, unchanged=344, early_stops=8/8
26 - INFO - chord#: 56 In build_straw_man_chord_sa. tolerance = 1, sa_iterations = 1000, initial_temperature = 3.0, cooling_rate = 0.999
26 - INFO - chord#: 52 done. best_score=27.0, changed=518, unchanged=414, early_stops=8/8
26 - INFO - chord#: 56 In build_straw_man_chord_sa. tolerance = 1, sa_iterations = 1000, initial_temperature = 3.0, cooling_rate = 0.999
26 - INFO - chord#: 64 done. best_score=74.0, changed=611, unchanged=340, early_stops=8/8
26 - INFO - chord#: 68 In build_straw_man_chord_sa. tolerance = 1, sa_iterations = 1000, initial_temperature = 3.0, cooling_rate = 0.999
26 - INFO - chord#: 52 done. best_score=27.0, changed=525, unchanged=387, early_stops=8/8
26 - INFO - chord#: 56 In build_straw_man_chord_sa. tolerance = 1, sa_iterations = 1000, initial_temperature = 3.0, cooling_rate = 0.999
26 - INFO - chord#: 64 done. best_score=141.0, changed=607, unchanged=344, early_stops=8/8
26 - INFO - chord#: 68 In build_straw_man_chord_sa. tolerance = 1, sa_iterations = 1000, initial_temperature = 3.0, cooling_rate = 0.999
26 - INFO - chord#: 70 done. best_score=37.0, changed=536, unchanged=357, early_stops=8/8
26 - INFO - chord#: 72 In build_straw_man_chord_sa. tolerance = 1, sa_iterations = 1000, initial_temperature = 3.0, cooling_rate = 0.999
26 - INFO - chord#: 58 done. best_score=71.0, changed=612, unchanged=452, early_stops=8/8
26 - INFO - chord#: 60 In build_straw_man_chord_sa. tolerance = 1, sa_iterations = 1000, initial_temperature = 3.0, cooling_rate = 0.999
26 - INFO - chord#: 70 done. best_score=35.0, changed=541, unchanged=393, early_stops=8/8
26 - INFO - chord#: 72 In build_straw_man_chord_sa. tolerance = 1, sa_iterations = 1000, initial_temperature = 3.0, cooling_rate = 0.999
26 - INFO - chord#: 60 done. best_score=27.0, changed=527, unchanged=536, early_stops=8/8
26 - INFO - chord#: 64 In build_straw_man_chord_sa. tolerance = 1, sa_iterations = 1000, initial_temperature = 3.0, cooling_rate = 0.999
26 - INFO - chord#: 56 done. best_score=36.0, changed=526, unchanged=412, early_stops=8/8
26 - INFO - chord#: 58 In build_straw_man_chord_sa. tolerance = 1, sa_iterations = 1000, initial_temperature = 3.0, cooling_rate = 0.999
26 - INFO - chord#: 68 done. best_score=72.0, changed=532, unchanged=337, early_stops=8/8
26 - INFO - chord#: 70 In build_straw_man_chord_sa. tolerance = 1, sa_iterations = 1000, initial_temperature = 3.0, cooling_rate = 0.999
26 - INFO - chord#: 56 done. best_score=36.0, changed=523, unchanged=339, early_stops=8/8
26 - INFO - chord#: 58 In build_straw_man_chord_sa. tolerance = 1, sa_iterations = 1000, initial_temperature = 3.0, cooling_rate = 0.999
26 - INFO - chord#: 52 done. best_score=27.0, changed=514, unchanged=432, early_stops=8/8
26 - INFO - chord#: 56 In build_straw_man_chord_sa. tolerance = 1, sa_iterations = 1000, initial_temperature = 3.0, cooling_rate = 0.999
26 - INFO - chord#: 56 done. best_score=36.0, changed=518, unchanged=364, early_stops=8/8
26 - INFO - chord#: 58 In build_straw_man_chord_sa. tolerance = 1, sa_iterations = 1000, initial_temperature = 3.0, cooling_rate = 0.999
26 - INFO - chord#: 68 done. best_score=75.0, changed=531, unchanged=368, early_stops=8/8
26 - INFO - chord#: 70 In build_straw_man_chord_sa. tolerance = 1, sa_iterations = 1000, initial_temperature = 3.0, cooling_rate = 0.999
26 - INFO - chord#: 56 done. best_score=36.0, changed=516, unchanged=373, early_stops=8/8
26 - INFO - chord#: 58 In build_straw_man_chord_sa. tolerance = 1, sa_iterations = 1000, initial_temperature = 3.0, cooling_rate = 0.999
26 - INFO - chord#: 70 done. best_score=72.0, changed=520, unchanged=309, early_stops=8/8
26 - INFO - chord#: 72 In build_straw_man_chord_sa. tolerance = 1, sa_iterations = 1000, initial_temperature = 3.0, cooling_rate = 0.999
26 - INFO - chord#: 60 done. best_score=27.0, changed=522, unchanged=453, early_stops=8/8
26 - INFO - chord#: 64 In build_straw_man_chord_sa. tolerance = 1, sa_iterations = 1000, initial_temperature = 3.0, cooling_rate = 0.999
26 - INFO - chord#: 64 done. best_score=74.0, changed=619, unchanged=336, early_stops=8/8
26 - INFO - chord#: 68 In build_straw_man_chord_sa. tolerance = 1, sa_iterations = 1000, initial_temperature = 3.0, cooling_rate = 0.999
26 - INFO - chord#: 70 done. best_score=49.0, changed=524, unchanged=420, early_stops=8/8
26 - INFO - chord#: 72 In build_straw_man_chord_sa. tolerance = 1, sa_iterations = 1000, initial_temperature = 3.0, cooling_rate = 0.999
26 - INFO - chord#: 72 done. best_score=142.0, changed=609, unchanged=215, early_stops=8/8
26 - INFO - chord#: 74 In build_straw_man_chord_sa. tolerance = 1, sa_iterations = 1000, initial_temperature = 3.0, cooling_rate = 0.999
26 - INFO - chord#: 56 done. best_score=36.0, changed=529, unchanged=389, early_stops=8/8
26 - INFO - chord#: 58 In build_straw_man_chord_sa. tolerance = 1, sa_iterations = 1000, initial_temperature = 3.0, cooling_rate = 0.999
26 - INFO - chord#: 72 done. best_score=140.0, changed=614, unchanged=359, early_stops=8/8
26 - INFO - chord#: 74 In build_straw_man_chord_sa. tolerance = 1, sa_iterations = 1000, initial_temperature = 3.0, cooling_rate = 0.999
26 - INFO - chord#: 68 done. best_score=36.0, changed=527, unchanged=305, early_stops=8/8
26 - INFO - chord#: 70 In build_straw_man_chord_sa. tolerance = 1, sa_iterations = 1000, initial_temperature = 3.0, cooling_rate = 0.999
26 - INFO - chord#: 74 done. best_score=27.0, changed=520, unchanged=401, early_stops=8/8
26 - INFO - chord#: 76 In build_straw_man_chord_sa. tolerance = 1, sa_iterations = 1000, initial_temperature = 3.0, cooling_rate = 0.999
26 - INFO - chord#: 58 done. best_score=64.0, changed=613, unchanged=222, early_stops=8/8
26 - INFO - chord#: 60 In build_straw_man_chord_sa. tolerance = 1, sa_iterations = 1000, initial_temperature = 3.0, cooling_rate = 0.999
26 - INFO - chord#: 58 done. best_score=172.0, changed=615, unchanged=343, early_stops=8/8
26 - INFO - chord#: 60 In build_straw_man_chord_sa. tolerance = 1, sa_iterations = 1000, initial_temperature = 3.0, cooling_rate = 0.999
26 - INFO - chord#: 64 done. best_score=74.0, changed=607, unchanged=292, early_stops=8/8
26 - INFO - chord#: 68 In build_straw_man_chord_sa. tolerance = 1, sa_iterations = 1000, initial_temperature = 3.0, cooling_rate = 0.999
26 - INFO - chord#: 74 done. best_score=27.0, changed=514, unchanged=380, early_stops=8/8
26 - INFO - chord#: 76 In build_straw_man_chord_sa. tolerance = 1, sa_iterations = 1000, initial_temperature = 3.0, cooling_rate = 0.999
26 - INFO - chord#: 72 done. best_score=140.0, changed=611, unchanged=316, early_stops=8/8
26 - INFO - chord#: 74 In build_straw_man_chord_sa. tolerance = 1, sa_iterations = 1000, initial_temperature = 3.0, cooling_rate = 0.999
26 - INFO - chord#: 70 done. best_score=35.0, changed=526, unchanged=320, early_stops=8/8
26 - INFO - chord#: 72 In build_straw_man_chord_sa. tolerance = 1, sa_iterations = 1000, initial_temperature = 3.0, cooling_rate = 0.999
26 - INFO - chord#: 72 done. best_score=142.0, changed=607, unchanged=232, early_stops=8/8
26 - INFO - chord#: 74 In build_straw_man_chord_sa. tolerance = 1, sa_iterations = 1000, initial_temperature = 3.0, cooling_rate = 0.999
26 - INFO - chord#: 58 done. best_score=71.0, changed=609, unchanged=335, early_stops=8/8
26 - INFO - chord#: 60 In build_straw_man_chord_sa. tolerance = 1, sa_iterations = 1000, initial_temperature = 3.0, cooling_rate = 0.999
26 - INFO - chord#: 58 done. best_score=146.0, changed=608, unchanged=274, early_stops=8/8
26 - INFO - chord#: 60 In build_straw_man_chord_sa. tolerance = 1, sa_iterations = 1000, initial_temperature = 3.0, cooling_rate = 0.999
26 - INFO - chord#: 60 done. best_score=27.0, changed=526, unchanged=414, early_stops=8/8
26 - INFO - chord#: 64 In build_straw_man_chord_sa. tolerance = 1, sa_iterations = 1000, initial_temperature = 3.0, cooling_rate = 0.999
26 - INFO - chord#: 60 done. best_score=27.0, changed=529, unchanged=348, early_stops=8/8
26 - INFO - chord#: 64 In build_straw_man_chord_sa. tolerance = 1, sa_iterations = 1000, initial_temperature = 3.0, cooling_rate = 0.999
26 - INFO - chord#: 74 done. best_score=27.0, changed=521, unchanged=477, early_stops=8/8
26 - INFO - chord#: 76 In build_straw_man_chord_sa. tolerance = 1, sa_iterations = 1000, initial_temperature = 3.0, cooling_rate = 0.999
26 - INFO - chord#: 74 done. best_score=27.0, changed=528, unchanged=410, early_stops=8/8
26 - INFO - chord#: 76 In build_straw_man_chord_sa. tolerance = 1, sa_iterations = 1000, initial_temperature = 3.0, cooling_rate = 0.999
26 - INFO - chord#: 58 done. best_score=157.0, changed=607, unchanged=249, early_stops=8/8
26 - INFO - chord#: 60 In build_straw_man_chord_sa. tolerance = 1, sa_iterations = 1000, initial_temperature = 3.0, cooling_rate = 0.999
26 - INFO - chord#: 68 done. best_score=36.0, changed=534, unchanged=461, early_stops=8/8
26 - INFO - chord#: 70 In build_straw_man_chord_sa. tolerance = 1, sa_iterations = 1000, initial_temperature = 3.0, cooling_rate = 0.999
26 - INFO - chord#: 76 done. best_score=67.0, changed=612, unchanged=223, early_stops=8/8
26 - INFO - chord#: 78 In build_straw_man_chord_sa. tolerance = 1, sa_iterations = 1000, initial_temperature = 3.0, cooling_rate = 0.999
26 - INFO - chord#: 64 done. best_score=74.0, changed=615, unchanged=361, early_stops=8/8
26 - INFO - chord#: 68 In build_straw_man_chord_sa. tolerance = 1, sa_iterations = 1000, initial_temperature = 3.0, cooling_rate = 0.999
26 - INFO - chord#: 60 done. best_score=27.0, changed=517, unchanged=342, early_stops=8/8
26 - INFO - chord#: 64 In build_straw_man_chord_sa. tolerance = 1, sa_iterations = 1000, initial_temperature = 3.0, cooling_rate = 0.999
26 - INFO - chord#: 60 done. best_score=27.0, changed=536, unchanged=494, early_stops=8/8
26 - INFO - chord#: 64 In build_straw_man_chord_sa. tolerance = 1, sa_iterations = 1000, initial_temperature = 3.0, cooling_rate = 0.999
26 - INFO - chord#: 76 done. best_score=119.0, changed=613, unchanged=266, early_stops=8/8
26 - INFO - chord#: 78 In build_straw_man_chord_sa. tolerance = 1, sa_iterations = 1000, initial_temperature = 3.0, cooling_rate = 0.999
26 - INFO - chord#: 70 done. best_score=37.0, changed=526, unchanged=347, early_stops=8/8
26 - INFO - chord#: 72 In build_straw_man_chord_sa. tolerance = 1, sa_iterations = 1000, initial_temperature = 3.0, cooling_rate = 0.999
26 - INFO - chord#: 78 done. best_score=36.0, changed=539, unchanged=300, early_stops=8/8
26 - INFO - chord#: 80 In build_straw_man_chord_sa. tolerance = 1, sa_iterations = 1000, initial_temperature = 3.0, cooling_rate = 0.999
26 - INFO - chord#: 72 done. best_score=140.0, changed=622, unchanged=360, early_stops=8/8
26 - INFO - chord#: 74 In build_straw_man_chord_sa. tolerance = 1, sa_iterations = 1000, initial_temperature = 3.0, cooling_rate = 0.999
26 - INFO - chord#: 60 done. best_score=27.0, changed=515, unchanged=370, early_stops=8/8
26 - INFO - chord#: 64 In build_straw_man_chord_sa. tolerance = 1, sa_iterations = 1000, initial_temperature = 3.0, cooling_rate = 0.999
26 - INFO - chord#: 68 done. best_score=36.0, changed=518, unchanged=354, early_stops=8/8
26 - INFO - chord#: 70 In build_straw_man_chord_sa. tolerance = 1, sa_iterations = 1000, initial_temperature = 3.0, cooling_rate = 0.999
26 - INFO - chord#: 64 done. best_score=141.0, changed=614, unchanged=323, early_stops=8/8
26 - INFO - chord#: 68 In build_straw_man_chord_sa. tolerance = 1, sa_iterations = 1000, initial_temperature = 3.0, cooling_rate = 0.999
26 - INFO - chord#: 76 done. best_score=131.0, changed=608, unchanged=282, early_stops=8/8
26 - INFO - chord#: 78 In build_straw_man_chord_sa. tolerance = 1, sa_iterations = 1000, initial_temperature = 3.0, cooling_rate = 0.999
26 - INFO - chord#: 78 done. best_score=27.0, changed=522, unchanged=433, early_stops=8/8
26 - INFO - chord#: 80 In build_straw_man_chord_sa. tolerance = 1, sa_iterations = 1000, initial_temperature = 3.0, cooling_rate = 0.999
26 - INFO - chord#: 74 done. best_score=36.0, changed=523, unchanged=393, early_stops=8/8
26 - INFO - chord#: 76 In build_straw_man_chord_sa. tolerance = 1, sa_iterations = 1000, initial_temperature = 3.0, cooling_rate = 0.999
26 - INFO - chord#: 64 done. best_score=149.0, changed=609, unchanged=221, early_stops=8/8
26 - INFO - chord#: 68 In build_straw_man_chord_sa. tolerance = 1, sa_iterations = 1000, initial_temperature = 3.0, cooling_rate = 0.999
26 - INFO - chord#: 70 done. best_score=37.0, changed=526, unchanged=349, early_stops=8/8
26 - INFO - chord#: 72 In build_straw_man_chord_sa. tolerance = 1, sa_iterations = 1000, initial_temperature = 3.0, cooling_rate = 0.999
26 - INFO - chord#: 76 done. best_score=78.0, changed=612, unchanged=441, early_stops=8/8
26 - INFO - chord#: 78 In build_straw_man_chord_sa. tolerance = 1, sa_iterations = 1000, initial_temperature = 3.0, cooling_rate = 0.999
26 - INFO - chord#: 78 done. best_score=27.0, changed=541, unchanged=305, early_stops=8/8
26 - INFO - chord#: 80 In build_straw_man_chord_sa. tolerance = 1, sa_iterations = 1000, initial_temperature = 3.0, cooling_rate = 0.999
26 - INFO - chord#: 68 done. best_score=72.0, changed=531, unchanged=328, early_stops=8/8
26 - INFO - chord#: 70 In build_straw_man_chord_sa. tolerance = 1, sa_iterations = 1000, initial_temperature = 3.0, cooling_rate = 0.999
26 - INFO - chord#: 72 done. best_score=145.0, changed=615, unchanged=269, early_stops=8/8
26 - INFO - chord#: 74 In build_straw_man_chord_sa. tolerance = 1, sa_iterations = 1000, initial_temperature = 3.0, cooling_rate = 0.999
26 - INFO - chord#: 64 done. best_score=74.0, changed=612, unchanged=257, early_stops=8/8
26 - INFO - chord#: 68 In build_straw_man_chord_sa. tolerance = 1, sa_iterations = 1000, initial_temperature = 3.0, cooling_rate = 0.999
26 - INFO - chord#: 80 done. best_score=137.0, changed=614, unchanged=335, early_stops=8/8
26 - INFO - chord#: 84 In build_straw_man_chord_sa. tolerance = 1, sa_iterations = 1000, initial_temperature = 3.0, cooling_rate = 0.999
26 - INFO - chord#: 68 done. best_score=36.0, changed=528, unchanged=353, early_stops=8/8
26 - INFO - chord#: 70 In build_straw_man_chord_sa. tolerance = 1, sa_iterations = 1000, initial_temperature = 3.0, cooling_rate = 0.999
26 - INFO - chord#: 78 done. best_score=27.0, changed=527, unchanged=508, early_stops=8/8
26 - INFO - chord#: 80 In build_straw_man_chord_sa. tolerance = 1, sa_iterations = 1000, initial_temperature = 3.0, cooling_rate = 0.999
26 - INFO - chord#: 64 done. best_score=121.0, changed=615, unchanged=377, early_stops=8/8
26 - INFO - chord#: 68 In build_straw_man_chord_sa. tolerance = 1, sa_iterations = 1000, initial_temperature = 3.0, cooling_rate = 0.999
26 - INFO - chord#: 70 done. best_score=49.0, changed=522, unchanged=370, early_stops=8/8
26 - INFO - chord#: 72 In build_straw_man_chord_sa. tolerance = 1, sa_iterations = 1000, initial_temperature = 3.0, cooling_rate = 0.999
26 - INFO - chord#: 84 done. best_score=27.0, changed=512, unchanged=325, early_stops=8/8
26 - INFO - chord#: 86 In build_straw_man_chord_sa. tolerance = 1, sa_iterations = 1000, initial_temperature = 3.0, cooling_rate = 0.999
26 - INFO - chord#: 74 done. best_score=27.0, changed=534, unchanged=555, early_stops=8/8
26 - INFO - chord#: 76 In build_straw_man_chord_sa. tolerance = 1, sa_iterations = 1000, initial_temperature = 3.0, cooling_rate = 0.999
26 - INFO - chord#: 68 done. best_score=72.0, changed=536, unchanged=357, early_stops=8/8
26 - INFO - chord#: 70 In build_straw_man_chord_sa. tolerance = 1, sa_iterations = 1000, initial_temperature = 3.0, cooling_rate = 0.999
26 - INFO - chord#: 76 done. best_score=137.0, changed=615, unchanged=301, early_stops=8/8
26 - INFO - chord#: 78 In build_straw_man_chord_sa. tolerance = 1, sa_iterations = 1000, initial_temperature = 3.0, cooling_rate = 0.999
26 - INFO - chord#: 70 done. best_score=37.0, changed=522, unchanged=321, early_stops=8/8
26 - INFO - chord#: 72 In build_straw_man_chord_sa. tolerance = 1, sa_iterations = 1000, initial_temperature = 3.0, cooling_rate = 0.999
26 - INFO - chord#: 80 done. best_score=119.0, changed=613, unchanged=398, early_stops=8/8
26 - INFO - chord#: 84 In build_straw_man_chord_sa. tolerance = 1, sa_iterations = 1000, initial_temperature = 3.0, cooling_rate = 0.999
26 - INFO - chord#: 64 done. best_score=74.0, changed=612, unchanged=342, early_stops=8/8
26 - INFO - chord#: 68 In build_straw_man_chord_sa. tolerance = 1, sa_iterations = 1000, initial_temperature = 3.0, cooling_rate = 0.999
26 - INFO - chord#: 72 done. best_score=145.0, changed=610, unchanged=227, early_stops=8/8
26 - INFO - chord#: 74 In build_straw_man_chord_sa. tolerance = 1, sa_iterations = 1000, initial_temperature = 3.0, cooling_rate = 0.999
26 - INFO - chord#: 68 done. best_score=36.0, changed=524, unchanged=328, early_stops=8/8
26 - INFO - chord#: 70 In build_straw_man_chord_sa. tolerance = 1, sa_iterations = 1000, initial_temperature = 3.0, cooling_rate = 0.999
26 - INFO - chord#: 78 done. best_score=36.0, changed=533, unchanged=487, early_stops=8/8
26 - INFO - chord#: 80 In build_straw_man_chord_sa. tolerance = 1, sa_iterations = 1000, initial_temperature = 3.0, cooling_rate = 0.999
26 - INFO - chord#: 70 done. best_score=49.0, changed=524, unchanged=380, early_stops=8/8
26 - INFO - chord#: 72 In build_straw_man_chord_sa. tolerance = 1, sa_iterations = 1000, initial_temperature = 3.0, cooling_rate = 0.999
26 - INFO - chord#: 84 done. best_score=27.0, changed=520, unchanged=402, early_stops=8/8
26 - INFO - chord#: 86 In build_straw_man_chord_sa. tolerance = 1, sa_iterations = 1000, initial_temperature = 3.0, cooling_rate = 0.999
26 - INFO - chord#: 80 done. best_score=78.0, changed=616, unchanged=459, early_stops=8/8
26 - INFO - chord#: 84 In build_straw_man_chord_sa. tolerance = 1, sa_iterations = 1000, initial_temperature = 3.0, cooling_rate = 0.999
26 - INFO - chord#: 68 done. best_score=36.0, changed=525, unchanged=316, early_stops=8/8
26 - INFO - chord#: 70 In build_straw_man_chord_sa. tolerance = 1, sa_iterations = 1000, initial_temperature = 3.0, cooling_rate = 0.999
26 - INFO - chord#: 74 done. best_score=27.0, changed=525, unchanged=320, early_stops=8/8
26 - INFO - chord#: 76 In build_straw_man_chord_sa. tolerance = 1, sa_iterations = 1000, initial_temperature = 3.0, cooling_rate = 0.999
26 - INFO - chord#: 86 done. best_score=64.0, changed=608, unchanged=233, early_stops=8/8
26 - INFO - chord#: 88 In build_straw_man_chord_sa. tolerance = 1, sa_iterations = 1000, initial_temperature = 3.0, cooling_rate = 0.999
26 - INFO - chord#: 70 done. best_score=37.0, changed=534, unchanged=415, early_stops=8/8
26 - INFO - chord#: 72 In build_straw_man_chord_sa. tolerance = 1, sa_iterations = 1000, initial_temperature = 3.0, cooling_rate = 0.999
26 - INFO - chord#: 80 done. best_score=78.0, changed=613, unchanged=375, early_stops=8/8
26 - INFO - chord#: 84 In build_straw_man_chord_sa. tolerance = 1, sa_iterations = 1000, initial_temperature = 3.0, cooling_rate = 0.999
26 - INFO - chord#: 76 done. best_score=67.0, changed=606, unchanged=284, early_stops=8/8
26 - INFO - chord#: 78 In build_straw_man_chord_sa. tolerance = 1, sa_iterations = 1000, initial_temperature = 3.0, cooling_rate = 0.999
26 - INFO - chord#: 84 done. best_score=27.0, changed=521, unchanged=461, early_stops=8/8
26 - INFO - chord#: 86 In build_straw_man_chord_sa. tolerance = 1, sa_iterations = 1000, initial_temperature = 3.0, cooling_rate = 0.999
26 - INFO - chord#: 70 done. best_score=37.0, changed=526, unchanged=338, early_stops=8/8
26 - INFO - chord#: 72 In build_straw_man_chord_sa. tolerance = 1, sa_iterations = 1000, initial_temperature = 3.0, cooling_rate = 0.999
26 - INFO - chord#: 72 done. best_score=140.0, changed=618, unchanged=327, early_stops=8/8
26 - INFO - chord#: 74 In build_straw_man_chord_sa. tolerance = 1, sa_iterations = 1000, initial_temperature = 3.0, cooling_rate = 0.999
26 - INFO - chord#: 84 done. best_score=27.0, changed=517, unchanged=405, early_stops=8/8
26 - INFO - chord#: 86 In build_straw_man_chord_sa. tolerance = 1, sa_iterations = 1000, initial_temperature = 3.0, cooling_rate = 0.999
26 - INFO - chord#: 72 done. best_score=140.0, changed=614, unchanged=366, early_stops=8/8
26 - INFO - chord#: 74 In build_straw_man_chord_sa. tolerance = 1, sa_iterations = 1000, initial_temperature = 3.0, cooling_rate = 0.999
26 - INFO - chord#: 78 done. best_score=36.0, changed=522, unchanged=336, early_stops=8/8
26 - INFO - chord#: 80 In build_straw_man_chord_sa. tolerance = 1, sa_iterations = 1000, initial_temperature = 3.0, cooling_rate = 0.999
26 - INFO - chord#: 80 done. best_score=145.0, changed=612, unchanged=249, early_stops=8/8
26 - INFO - chord#: 84 In build_straw_man_chord_sa. tolerance = 1, sa_iterations = 1000, initial_temperature = 3.0, cooling_rate = 0.999
26 - INFO - chord#: 72 done. best_score=140.0, changed=609, unchanged=287, early_stops=8/8
26 - INFO - chord#: 74 In build_straw_man_chord_sa. tolerance = 1, sa_iterations = 1000, initial_temperature = 3.0, cooling_rate = 0.999
26 - INFO - chord#: 74 done. best_score=27.0, changed=526, unchanged=445, early_stops=8/8
26 - INFO - chord#: 76 In build_straw_man_chord_sa. tolerance = 1, sa_iterations = 1000, initial_temperature = 3.0, cooling_rate = 0.999
26 - INFO - chord#: 74 done. best_score=27.0, changed=523, unchanged=341, early_stops=8/8
26 - INFO - chord#: 76 In build_straw_man_chord_sa. tolerance = 1, sa_iterations = 1000, initial_temperature = 3.0, cooling_rate = 0.999
26 - INFO - chord#: 86 done. best_score=104.0, changed=618, unchanged=501, early_stops=8/8
26 - INFO - chord#: 88 In build_straw_man_chord_sa. tolerance = 1, sa_iterations = 1000, initial_temperature = 3.0, cooling_rate = 0.999
26 - INFO - chord#: 84 done. best_score=27.0, changed=522, unchanged=397, early_stops=8/8
26 - INFO - chord#: 86 In build_straw_man_chord_sa. tolerance = 1, sa_iterations = 1000, initial_temperature = 3.0, cooling_rate = 0.999
26 - INFO - chord#: 88 done. best_score=119.0, changed=615, unchanged=366, early_stops=8/8
26 - INFO - chord#: 92 In build_straw_man_chord_sa. tolerance = 1, sa_iterations = 1000, initial_temperature = 3.0, cooling_rate = 0.999
26 - INFO - chord#: 76 done. best_score=125.0, changed=610, unchanged=313, early_stops=8/8
26 - INFO - chord#: 78 In build_straw_man_chord_sa. tolerance = 1, sa_iterations = 1000, initial_temperature = 3.0, cooling_rate = 0.999
26 - INFO - chord#: 86 done. best_score=104.0, changed=611, unchanged=295, early_stops=8/8
26 - INFO - chord#: 88 In build_straw_man_chord_sa. tolerance = 1, sa_iterations = 1000, initial_temperature = 3.0, cooling_rate = 0.999
26 - INFO - chord#: 74 done. best_score=27.0, changed=526, unchanged=365, early_stops=8/8
26 - INFO - chord#: 76 In build_straw_man_chord_sa. tolerance = 1, sa_iterations = 1000, initial_temperature = 3.0, cooling_rate = 0.999
26 - INFO - chord#: 72 done. best_score=140.0, changed=622, unchanged=402, early_stops=8/8
26 - INFO - chord#: 74 In build_straw_man_chord_sa. tolerance = 1, sa_iterations = 1000, initial_temperature = 3.0, cooling_rate = 0.999
26 - INFO - chord#: 86 done. best_score=146.0, changed=611, unchanged=273, early_stops=8/8
26 - INFO - chord#: 88 In build_straw_man_chord_sa. tolerance = 1, sa_iterations = 1000, initial_temperature = 3.0, cooling_rate = 0.999
26 - INFO - chord#: 72 done. best_score=140.0, changed=615, unchanged=324, early_stops=8/8
26 - INFO - chord#: 74 In build_straw_man_chord_sa. tolerance = 1, sa_iterations = 1000, initial_temperature = 3.0, cooling_rate = 0.999
26 - INFO - chord#: 80 done. best_score=67.0, changed=613, unchanged=309, early_stops=8/8
26 - INFO - chord#: 84 In build_straw_man_chord_sa. tolerance = 1, sa_iterations = 1000, initial_temperature = 3.0, cooling_rate = 0.999
26 - INFO - chord#: 92 done. best_score=27.0, changed=536, unchanged=450, early_stops=8/8
26 - INFO - chord#: 94 In build_straw_man_chord_sa. tolerance = 1, sa_iterations = 1000, initial_temperature = 3.0, cooling_rate = 0.999
26 - INFO - chord#: 78 done. best_score=27.0, changed=528, unchanged=447, early_stops=8/8
26 - INFO - chord#: 80 In build_straw_man_chord_sa. tolerance = 1, sa_iterations = 1000, initial_temperature = 3.0, cooling_rate = 0.999
26 - INFO - chord#: 74 done. best_score=27.0, changed=522, unchanged=415, early_stops=8/8
26 - INFO - chord#: 76 In build_straw_man_chord_sa. tolerance = 1, sa_iterations = 1000, initial_temperature = 3.0, cooling_rate = 0.999
26 - INFO - chord#: 88 done. best_score=67.0, changed=613, unchanged=262, early_stops=8/8
26 - INFO - chord#: 92 In build_straw_man_chord_sa. tolerance = 1, sa_iterations = 1000, initial_temperature = 3.0, cooling_rate = 0.999
26 - INFO - chord#: 86 done. best_score=146.0, changed=611, unchanged=234, early_stops=8/8
26 - INFO - chord#: 88 In build_straw_man_chord_sa. tolerance = 1, sa_iterations = 1000, initial_temperature = 3.0, cooling_rate = 0.999
26 - INFO - chord#: 74 done. best_score=27.0, changed=522, unchanged=349, early_stops=8/8
26 - INFO - chord#: 76 In build_straw_man_chord_sa. tolerance = 1, sa_iterations = 1000, initial_temperature = 3.0, cooling_rate = 0.999
26 - INFO - chord#: 84 done. best_score=27.0, changed=509, unchanged=336, early_stops=8/8
26 - INFO - chord#: 86 In build_straw_man_chord_sa. tolerance = 1, sa_iterations = 1000, initial_temperature = 3.0, cooling_rate = 0.999
26 - INFO - chord#: 76 done. best_score=119.0, changed=616, unchanged=274, early_stops=8/8
26 - INFO - chord#: 78 In build_straw_man_chord_sa. tolerance = 1, sa_iterations = 1000, initial_temperature = 3.0, cooling_rate = 0.999
26 - INFO - chord#: 88 done. best_score=67.0, changed=615, unchanged=279, early_stops=8/8
26 - INFO - chord#: 92 In build_straw_man_chord_sa. tolerance = 1, sa_iterations = 1000, initial_temperature = 3.0, cooling_rate = 0.999
26 - INFO - chord#: 92 done. best_score=27.0, changed=519, unchanged=385, early_stops=8/8
26 - INFO - chord#: 94 In build_straw_man_chord_sa. tolerance = 1, sa_iterations = 1000, initial_temperature = 3.0, cooling_rate = 0.999
26 - INFO - chord#: 78 done. best_score=27.0, changed=518, unchanged=378, early_stops=8/8
26 - INFO - chord#: 80 In build_straw_man_chord_sa. tolerance = 1, sa_iterations = 1000, initial_temperature = 3.0, cooling_rate = 0.999
26 - INFO - chord#: 94 done. best_score=67.0, changed=610, unchanged=257, early_stops=8/8
26 - INFO - chord#: 96 In build_straw_man_chord_sa. tolerance = 1, sa_iterations = 1000, initial_temperature = 3.0, cooling_rate = 0.999
26 - INFO - chord#: 88 done. best_score=78.0, changed=615, unchanged=382, early_stops=8/8
26 - INFO - chord#: 92 In build_straw_man_chord_sa. tolerance = 1, sa_iterations = 1000, initial_temperature = 3.0, cooling_rate = 0.999
26 - INFO - chord#: 76 done. best_score=67.0, changed=608, unchanged=310, early_stops=8/8
26 - INFO - chord#: 78 In build_straw_man_chord_sa. tolerance = 1, sa_iterations = 1000, initial_temperature = 3.0, cooling_rate = 0.999
26 - INFO - chord#: 96 done. best_score=11.0, changed=489, unchanged=342, early_stops=8/8
26 - INFO - chord#: 104 In build_straw_man_chord_sa. tolerance = 1, sa_iterations = 1000, initial_temperature = 3.0, cooling_rate = 0.999
26 - INFO - chord#: 92 done. best_score=27.0, changed=520, unchanged=496, early_stops=8/8
26 - INFO - chord#: 94 In build_straw_man_chord_sa. tolerance = 1, sa_iterations = 1000, initial_temperature = 3.0, cooling_rate = 0.999
26 - INFO - chord#: 76 done. best_score=119.0, changed=615, unchanged=606, early_stops=8/8
26 - INFO - chord#: 78 In build_straw_man_chord_sa. tolerance = 1, sa_iterations = 1000, initial_temperature = 3.0, cooling_rate = 0.999
26 - INFO - chord#: 88 done. best_score=67.0, changed=612, unchanged=259, early_stops=8/8
26 - INFO - chord#: 92 In build_straw_man_chord_sa. tolerance = 1, sa_iterations = 1000, initial_temperature = 3.0, cooling_rate = 0.999
26 - INFO - chord#: 80 done. best_score=137.0, changed=610, unchanged=261, early_stops=8/8
26 - INFO - chord#: 84 In build_straw_man_chord_sa. tolerance = 1, sa_iterations = 1000, initial_temperature = 3.0, cooling_rate = 0.999
26 - INFO - chord#: 104 done. best_score=27.0, changed=525, unchanged=317, early_stops=8/8
26 - INFO - chord#: 108 In build_straw_man_chord_sa. tolerance = 1, sa_iterations = 1000, initial_temperature = 3.0, cooling_rate = 0.999
26 - INFO - chord#: 76 done. best_score=125.0, changed=607, unchanged=218, early_stops=8/8
26 - INFO - chord#: 78 In build_straw_man_chord_sa. tolerance = 1, sa_iterations = 1000, initial_temperature = 3.0, cooling_rate = 0.999
26 - INFO - chord#: 92 done. best_score=27.0, changed=520, unchanged=435, early_stops=8/8
26 - INFO - chord#: 94 In build_straw_man_chord_sa. tolerance = 1, sa_iterations = 1000, initial_temperature = 3.0, cooling_rate = 0.999
26 - INFO - chord#: 86 done. best_score=154.0, changed=606, unchanged=207, early_stops=8/8
26 - INFO - chord#: 88 In build_straw_man_chord_sa. tolerance = 1, sa_iterations = 1000, initial_temperature = 3.0, cooling_rate = 0.999
26 - INFO - chord#: 78 done. best_score=36.0, changed=523, unchanged=453, early_stops=8/8
26 - INFO - chord#: 80 In build_straw_man_chord_sa. tolerance = 1, sa_iterations = 1000, initial_temperature = 3.0, cooling_rate = 0.999
26 - INFO - chord#: 78 done. best_score=27.0, changed=510, unchanged=294, early_stops=8/8
26 - INFO - chord#: 80 In build_straw_man_chord_sa. tolerance = 1, sa_iterations = 1000, initial_temperature = 3.0, cooling_rate = 0.999
26 - INFO - chord#: 76 done. best_score=78.0, changed=613, unchanged=338, early_stops=8/8
26 - INFO - chord#: 78 In build_straw_man_chord_sa. tolerance = 1, sa_iterations = 1000, initial_temperature = 3.0, cooling_rate = 0.999
26 - INFO - chord#: 92 done. best_score=27.0, changed=518, unchanged=402, early_stops=8/8
26 - INFO - chord#: 94 In build_straw_man_chord_sa. tolerance = 1, sa_iterations = 1000, initial_temperature = 3.0, cooling_rate = 0.999
26 - INFO - chord#: 94 done. best_score=67.0, changed=610, unchanged=260, early_stops=8/8
26 - INFO - chord#: 96 In build_straw_man_chord_sa. tolerance = 1, sa_iterations = 1000, initial_temperature = 3.0, cooling_rate = 0.999
26 - INFO - chord#: 96 done. best_score=11.0, changed=489, unchanged=348, early_stops=8/8
26 - INFO - chord#: 104 In build_straw_man_chord_sa. tolerance = 1, sa_iterations = 1000, initial_temperature = 3.0, cooling_rate = 0.999
26 - INFO - chord#: 80 done. best_score=78.0, changed=611, unchanged=298, early_stops=8/8
26 - INFO - chord#: 84 In build_straw_man_chord_sa. tolerance = 1, sa_iterations = 1000, initial_temperature = 3.0, cooling_rate = 0.999
26 - INFO - chord#: 84 done. best_score=27.0, changed=517, unchanged=373, early_stops=8/8
26 - INFO - chord#: 78 done. best_score=27.0, changed=521, unchanged=401, early_stops=8/8
26 - INFO - chord#: 86 In build_straw_man_chord_sa. tolerance = 1, sa_iterations = 1000, initial_temperature = 3.0, cooling_rate = 0.999
26 - INFO - chord#: 80 In build_straw_man_chord_sa. tolerance = 1, sa_iterations = 1000, initial_temperature = 3.0, cooling_rate = 0.999
26 - INFO - chord#: 94 done. best_score=167.0, changed=605, unchanged=247, early_stops=8/8
26 - INFO - chord#: 96 In build_straw_man_chord_sa. tolerance = 1, sa_iterations = 1000, initial_temperature = 3.0, cooling_rate = 0.999
26 - INFO - chord#: 96 done. best_score=11.0, changed=486, unchanged=358, early_stops=8/8
26 - INFO - chord#: 104 In build_straw_man_chord_sa. tolerance = 1, sa_iterations = 1000, initial_temperature = 3.0, cooling_rate = 0.999
26 - INFO - chord#: 108 done. best_score=64.0, changed=609, unchanged=278, early_stops=8/8
26 - INFO - chord#: 110 In build_straw_man_chord_sa. tolerance = 1, sa_iterations = 1000, initial_temperature = 3.0, cooling_rate = 0.999
26 - INFO - chord#: 104 done. best_score=27.0, changed=515, unchanged=319, early_stops=8/8
26 - INFO - chord#: 108 In build_straw_man_chord_sa. tolerance = 1, sa_iterations = 1000, initial_temperature = 3.0, cooling_rate = 0.999
26 - INFO - chord#: 84 done. best_score=27.0, changed=519, unchanged=474, early_stops=8/8
26 - INFO - chord#: 86 In build_straw_man_chord_sa. tolerance = 1, sa_iterations = 1000, initial_temperature = 3.0, cooling_rate = 0.999
26 - INFO - chord#: 78 done. best_score=27.0, changed=529, unchanged=423, early_stops=8/8
26 - INFO - chord#: 80 In build_straw_man_chord_sa. tolerance = 1, sa_iterations = 1000, initial_temperature = 3.0, cooling_rate = 0.999
26 - INFO - chord#: 94 done. best_score=137.0, changed=613, unchanged=262, early_stops=8/8
26 - INFO - chord#: 96 In build_straw_man_chord_sa. tolerance = 1, sa_iterations = 1000, initial_temperature = 3.0, cooling_rate = 0.999
26 - INFO - chord#: 96 done. best_score=11.0, changed=503, unchanged=332, early_stops=8/8
26 - INFO - chord#: 104 In build_straw_man_chord_sa. tolerance = 1, sa_iterations = 1000, initial_temperature = 3.0, cooling_rate = 0.999
26 - INFO - chord#: 104 done. best_score=27.0, changed=537, unchanged=375, early_stops=8/8
26 - INFO - chord#: 108 In build_straw_man_chord_sa. tolerance = 1, sa_iterations = 1000, initial_temperature = 3.0, cooling_rate = 0.999
26 - INFO - chord#: 88 done. best_score=67.0, changed=612, unchanged=309, early_stops=8/8
26 - INFO - chord#: 92 In build_straw_man_chord_sa. tolerance = 1, sa_iterations = 1000, initial_temperature = 3.0, cooling_rate = 0.999
26 - INFO - chord#: 110 done. best_score=27.0, changed=529, unchanged=326, early_stops=8/8
26 - INFO - chord#: 112 In build_straw_man_chord_sa. tolerance = 1, sa_iterations = 1000, initial_temperature = 3.0, cooling_rate = 0.999
26 - INFO - chord#: 94 done. best_score=96.0, changed=611, unchanged=286, early_stops=8/8
26 - INFO - chord#: 96 In build_straw_man_chord_sa. tolerance = 1, sa_iterations = 1000, initial_temperature = 3.0, cooling_rate = 0.999
26 - INFO - chord#: 96 done. best_score=11.0, changed=487, unchanged=346, early_stops=8/8
26 - INFO - chord#: 104 In build_straw_man_chord_sa. tolerance = 1, sa_iterations = 1000, initial_temperature = 3.0, cooling_rate = 0.999
26 - INFO - chord#: 104 done. best_score=27.0, changed=525, unchanged=348, early_stops=8/8
26 - INFO - chord#: 108 In build_straw_man_chord_sa. tolerance = 1, sa_iterations = 1000, initial_temperature = 3.0, cooling_rate = 0.999
26 - INFO - chord#: 80 done. best_score=67.0, changed=610, unchanged=392, early_stops=8/8
26 - INFO - chord#: 84 In build_straw_man_chord_sa. tolerance = 1, sa_iterations = 1000, initial_temperature = 3.0, cooling_rate = 0.999
26 - INFO - chord#: 108 done. best_score=146.0, changed=611, unchanged=207, early_stops=8/8
26 - INFO - chord#: 110 In build_straw_man_chord_sa. tolerance = 1, sa_iterations = 1000, initial_temperature = 3.0, cooling_rate = 0.999
26 - INFO - chord#: 112 done. best_score=27.0, changed=518, unchanged=382, early_stops=8/8
26 - INFO - chord#: 116 In build_straw_man_chord_sa. tolerance = 1, sa_iterations = 1000, initial_temperature = 3.0, cooling_rate = 0.999
26 - INFO - chord#: 92 done. best_score=27.0, changed=520, unchanged=482, early_stops=8/8
26 - INFO - chord#: 94 In build_straw_man_chord_sa. tolerance = 1, sa_iterations = 1000, initial_temperature = 3.0, cooling_rate = 0.999
26 - INFO - chord#: 80 done. best_score=125.0, changed=613, unchanged=293, early_stops=8/8
26 - INFO - chord#: 84 In build_straw_man_chord_sa. tolerance = 1, sa_iterations = 1000, initial_temperature = 3.0, cooling_rate = 0.999
26 - INFO - chord#: 104 done. best_score=27.0, changed=524, unchanged=357, early_stops=8/8
26 - INFO - chord#: 108 In build_straw_man_chord_sa. tolerance = 1, sa_iterations = 1000, initial_temperature = 3.0, cooling_rate = 0.999
26 - INFO - chord#: 80 done. best_score=78.0, changed=614, unchanged=486, early_stops=8/8
26 - INFO - chord#: 84 In build_straw_man_chord_sa. tolerance = 1, sa_iterations = 1000, initial_temperature = 3.0, cooling_rate = 0.999
26 - INFO - chord#: 86 done. best_score=64.0, changed=612, unchanged=413, early_stops=8/8
26 - INFO - chord#: 88 In build_straw_man_chord_sa. tolerance = 1, sa_iterations = 1000, initial_temperature = 3.0, cooling_rate = 0.999
26 - INFO - chord#: 110 done. best_score=27.0, changed=528, unchanged=319, early_stops=8/8
26 - INFO - chord#: 112 In build_straw_man_chord_sa. tolerance = 1, sa_iterations = 1000, initial_temperature = 3.0, cooling_rate = 0.999
26 - INFO - chord#: 86 done. best_score=64.0, changed=610, unchanged=356, early_stops=8/8
26 - INFO - chord#: 88 In build_straw_man_chord_sa. tolerance = 1, sa_iterations = 1000, initial_temperature = 3.0, cooling_rate = 0.999
26 - INFO - chord#: 80 done. best_score=78.0, changed=613, unchanged=322, early_stops=8/8
26 - INFO - chord#: 84 In build_straw_man_chord_sa. tolerance = 1, sa_iterations = 1000, initial_temperature = 3.0, cooling_rate = 0.999
26 - INFO - chord#: 84 done. best_score=27.0, changed=531, unchanged=494, early_stops=8/8
26 - INFO - chord#: 86 In build_straw_man_chord_sa. tolerance = 1, sa_iterations = 1000, initial_temperature = 3.0, cooling_rate = 0.999
26 - INFO - chord#: 84 done. best_score=27.0, changed=520, unchanged=370, early_stops=8/8
26 - INFO - chord#: 86 In build_straw_man_chord_sa. tolerance = 1, sa_iterations = 1000, initial_temperature = 3.0, cooling_rate = 0.999
26 - INFO - chord#: 108 done. best_score=64.0, changed=618, unchanged=554, early_stops=8/8
26 - INFO - chord#: 110 In build_straw_man_chord_sa. tolerance = 1, sa_iterations = 1000, initial_temperature = 3.0, cooling_rate = 0.999
26 - INFO - chord#: 108 done. best_score=64.0, changed=613, unchanged=276, early_stops=8/8
26 - INFO - chord#: 110 In build_straw_man_chord_sa. tolerance = 1, sa_iterations = 1000, initial_temperature = 3.0, cooling_rate = 0.999
26 - INFO - chord#: 84 done. best_score=27.0, changed=521, unchanged=413, early_stops=8/8
26 - INFO - chord#: 86 In build_straw_man_chord_sa. tolerance = 1, sa_iterations = 1000, initial_temperature = 3.0, cooling_rate = 0.999
26 - INFO - chord#: 112 done. best_score=27.0, changed=520, unchanged=437, early_stops=8/8
26 - INFO - chord#: 116 In build_straw_man_chord_sa. tolerance = 1, sa_iterations = 1000, initial_temperature = 3.0, cooling_rate = 0.999
26 - INFO - chord#: 108 done. best_score=104.0, changed=611, unchanged=211, early_stops=8/8
26 - INFO - chord#: 110 In build_straw_man_chord_sa. tolerance = 1, sa_iterations = 1000, initial_temperature = 3.0, cooling_rate = 0.999
26 - INFO - chord#: 116 done. best_score=121.0, changed=611, unchanged=399, early_stops=8/8
26 - INFO - chord#: 118 In build_straw_man_chord_sa. tolerance = 1, sa_iterations = 1000, initial_temperature = 3.0, cooling_rate = 0.999
26 - INFO - chord#: 110 done. best_score=27.0, changed=527, unchanged=443, early_stops=8/8
26 - INFO - chord#: 112 In build_straw_man_chord_sa. tolerance = 1, sa_iterations = 1000, initial_temperature = 3.0, cooling_rate = 0.999
26 - INFO - chord#: 110 done. best_score=27.0, changed=526, unchanged=406, early_stops=8/8
26 - INFO - chord#: 112 In build_straw_man_chord_sa. tolerance = 1, sa_iterations = 1000, initial_temperature = 3.0, cooling_rate = 0.999
26 - INFO - chord#: 84 done. best_score=27.0, changed=524, unchanged=435, early_stops=8/8
26 - INFO - chord#: 86 In build_straw_man_chord_sa. tolerance = 1, sa_iterations = 1000, initial_temperature = 3.0, cooling_rate = 0.999
26 - INFO - chord#: 110 done. best_score=27.0, changed=544, unchanged=277, early_stops=8/8
26 - INFO - chord#: 112 In build_straw_man_chord_sa. tolerance = 1, sa_iterations = 1000, initial_temperature = 3.0, cooling_rate = 0.999
26 - INFO - chord#: 94 done. best_score=137.0, changed=610, unchanged=259, early_stops=8/8
26 - INFO - chord#: 96 In build_straw_man_chord_sa. tolerance = 1, sa_iterations = 1000, initial_temperature = 3.0, cooling_rate = 0.999
26 - INFO - chord#: 88 done. best_score=67.0, changed=611, unchanged=310, early_stops=8/8
26 - INFO - chord#: 92 In build_straw_man_chord_sa. tolerance = 1, sa_iterations = 1000, initial_temperature = 3.0, cooling_rate = 0.999
26 - INFO - chord#: 118 done. best_score=27.0, changed=524, unchanged=320, early_stops=8/8
26 - INFO - chord#: 96 done. best_score=11.0, changed=484, unchanged=353, early_stops=8/8
26 - INFO - chord#: 120 In build_straw_man_chord_sa. tolerance = 1, sa_iterations = 1000, initial_temperature = 3.0, cooling_rate = 0.999
26 - INFO - chord#: 104 In build_straw_man_chord_sa. tolerance = 1, sa_iterations = 1000, initial_temperature = 3.0, cooling_rate = 0.999
26 - INFO - chord#: 112 done. best_score=27.0, changed=521, unchanged=382, early_stops=8/8
26 - INFO - chord#: 116 In build_straw_man_chord_sa. tolerance = 1, sa_iterations = 1000, initial_temperature = 3.0, cooling_rate = 0.999
26 - INFO - chord#: 88 done. best_score=67.0, changed=609, unchanged=343, early_stops=8/8
26 - INFO - chord#: 92 In build_straw_man_chord_sa. tolerance = 1, sa_iterations = 1000, initial_temperature = 3.0, cooling_rate = 0.999
26 - INFO - chord#: 112 done. best_score=27.0, changed=514, unchanged=395, early_stops=8/8
26 - INFO - chord#: 116 In build_straw_man_chord_sa. tolerance = 1, sa_iterations = 1000, initial_temperature = 3.0, cooling_rate = 0.999
26 - INFO - chord#: 112 done. best_score=27.0, changed=516, unchanged=382, early_stops=8/8
26 - INFO - chord#: 116 In build_straw_man_chord_sa. tolerance = 1, sa_iterations = 1000, initial_temperature = 3.0, cooling_rate = 0.999
26 - INFO - chord#: 116 done. best_score=149.0, changed=612, unchanged=303, early_stops=8/8
26 - INFO - chord#: 118 In build_straw_man_chord_sa. tolerance = 1, sa_iterations = 1000, initial_temperature = 3.0, cooling_rate = 0.999
26 - INFO - chord#: 92 done. best_score=27.0, changed=509, unchanged=312, early_stops=8/8
26 - INFO - chord#: 94 In build_straw_man_chord_sa. tolerance = 1, sa_iterations = 1000, initial_temperature = 3.0, cooling_rate = 0.999
26 - INFO - chord#: 86 done. best_score=64.0, changed=613, unchanged=287, early_stops=8/8
26 - INFO - chord#: 88 In build_straw_man_chord_sa. tolerance = 1, sa_iterations = 1000, initial_temperature = 3.0, cooling_rate = 0.999
26 - INFO - chord#: 86 done. best_score=64.0, changed=612, unchanged=247, early_stops=8/8
26 - INFO - chord#: 88 In build_straw_man_chord_sa. tolerance = 1, sa_iterations = 1000, initial_temperature = 3.0, cooling_rate = 0.999
26 - INFO - chord#: 120 done. best_score=36.0, changed=517, unchanged=355, early_stops=8/8
26 - INFO - chord#: 122 In build_straw_man_chord_sa. tolerance = 1, sa_iterations = 1000, initial_temperature = 3.0, cooling_rate = 0.999
26 - INFO - chord#: 86 done. best_score=104.0, changed=612, unchanged=330, early_stops=8/8
26 - INFO - chord#: 88 In build_straw_man_chord_sa. tolerance = 1, sa_iterations = 1000, initial_temperature = 3.0, cooling_rate = 0.999
26 - INFO - chord#: 104 done. best_score=27.0, changed=520, unchanged=410, early_stops=8/8
26 - INFO - chord#: 108 In build_straw_man_chord_sa. tolerance = 1, sa_iterations = 1000, initial_temperature = 3.0, cooling_rate = 0.999
26 - INFO - chord#: 118 done. best_score=27.0, changed=532, unchanged=364, early_stops=8/8
26 - INFO - chord#: 120 In build_straw_man_chord_sa. tolerance = 1, sa_iterations = 1000, initial_temperature = 3.0, cooling_rate = 0.999
26 - INFO - chord#: 92 done. best_score=27.0, changed=521, unchanged=484, early_stops=8/8
26 - INFO - chord#: 94 In build_straw_man_chord_sa. tolerance = 1, sa_iterations = 1000, initial_temperature = 3.0, cooling_rate = 0.999
26 - INFO - chord#: 116 done. best_score=149.0, changed=612, unchanged=224, early_stops=8/8
26 - INFO - chord#: 118 In build_straw_man_chord_sa. tolerance = 1, sa_iterations = 1000, initial_temperature = 3.0, cooling_rate = 0.999
26 - INFO - chord#: 116 done. best_score=74.0, changed=609, unchanged=267, early_stops=8/8
26 - INFO - chord#: 118 In build_straw_man_chord_sa. tolerance = 1, sa_iterations = 1000, initial_temperature = 3.0, cooling_rate = 0.999
26 - INFO - chord#: 86 done. best_score=64.0, changed=609, unchanged=313, early_stops=8/8
26 - INFO - chord#: 88 In build_straw_man_chord_sa. tolerance = 1, sa_iterations = 1000, initial_temperature = 3.0, cooling_rate = 0.999
26 - INFO - chord#: 116 done. best_score=141.0, changed=612, unchanged=303, early_stops=8/8
26 - INFO - chord#: 118 In build_straw_man_chord_sa. tolerance = 1, sa_iterations = 1000, initial_temperature = 3.0, cooling_rate = 0.999
26 - INFO - chord#: 122 done. best_score=144.0, changed=607, unchanged=213, early_stops=8/8
26 - INFO - chord#: 124 In build_straw_man_chord_sa. tolerance = 1, sa_iterations = 1000, initial_temperature = 3.0, cooling_rate = 0.999
26 - INFO - chord#: 120 done. best_score=27.0, changed=524, unchanged=555, early_stops=8/8
26 - INFO - chord#: 122 In build_straw_man_chord_sa. tolerance = 1, sa_iterations = 1000, initial_temperature = 3.0, cooling_rate = 0.999
26 - INFO - chord#: 118 done. best_score=27.0, changed=528, unchanged=294, early_stops=8/8
26 - INFO - chord#: 120 In build_straw_man_chord_sa. tolerance = 1, sa_iterations = 1000, initial_temperature = 3.0, cooling_rate = 0.999
26 - INFO - chord#: 94 done. best_score=67.0, changed=609, unchanged=237, early_stops=8/8
26 - INFO - chord#: 96 In build_straw_man_chord_sa. tolerance = 1, sa_iterations = 1000, initial_temperature = 3.0, cooling_rate = 0.999
26 - INFO - chord#: 118 done. best_score=27.0, changed=522, unchanged=340, early_stops=8/8
26 - INFO - chord#: 120 In build_straw_man_chord_sa. tolerance = 1, sa_iterations = 1000, initial_temperature = 3.0, cooling_rate = 0.999
26 - INFO - chord#: 96 done. best_score=11.0, changed=476, unchanged=351, early_stops=8/8
26 - INFO - chord#: 104 In build_straw_man_chord_sa. tolerance = 1, sa_iterations = 1000, initial_temperature = 3.0, cooling_rate = 0.999
26 - INFO - chord#: 88 done. best_score=78.0, changed=609, unchanged=306, early_stops=8/8
26 - INFO - chord#: 92 In build_straw_man_chord_sa. tolerance = 1, sa_iterations = 1000, initial_temperature = 3.0, cooling_rate = 0.999
26 - INFO - chord#: 118 done. best_score=72.0, changed=523, unchanged=370, early_stops=8/8
26 - INFO - chord#: 120 In build_straw_man_chord_sa. tolerance = 1, sa_iterations = 1000, initial_temperature = 3.0, cooling_rate = 0.999
26 - INFO - chord#: 88 done. best_score=137.0, changed=611, unchanged=242, early_stops=8/8
26 - INFO - chord#: 92 In build_straw_man_chord_sa. tolerance = 1, sa_iterations = 1000, initial_temperature = 3.0, cooling_rate = 0.999
26 - INFO - chord#: 108 done. best_score=64.0, changed=610, unchanged=287, early_stops=8/8
26 - INFO - chord#: 110 In build_straw_man_chord_sa. tolerance = 1, sa_iterations = 1000, initial_temperature = 3.0, cooling_rate = 0.999
26 - INFO - chord#: 88 done. best_score=67.0, changed=609, unchanged=305, early_stops=8/8
26 - INFO - chord#: 92 In build_straw_man_chord_sa. tolerance = 1, sa_iterations = 1000, initial_temperature = 3.0, cooling_rate = 0.999
26 - INFO - chord#: 124 done. best_score=36.0, changed=533, unchanged=334, early_stops=8/8
26 - INFO - chord#: 128 In build_straw_man_chord_sa. tolerance = 1, sa_iterations = 1000, initial_temperature = 3.0, cooling_rate = 0.999
26 - INFO - chord#: 120 done. best_score=27.0, changed=515, unchanged=336, early_stops=8/8
26 - INFO - chord#: 122 In build_straw_man_chord_sa. tolerance = 1, sa_iterations = 1000, initial_temperature = 3.0, cooling_rate = 0.999
26 - INFO - chord#: 104 done. best_score=27.0, changed=526, unchanged=354, early_stops=8/8
26 - INFO - chord#: 108 In build_straw_man_chord_sa. tolerance = 1, sa_iterations = 1000, initial_temperature = 3.0, cooling_rate = 0.999
26 - INFO - chord#: 120 done. best_score=27.0, changed=519, unchanged=676, early_stops=8/8
26 - INFO - chord#: 122 In build_straw_man_chord_sa. tolerance = 1, sa_iterations = 1000, initial_temperature = 3.0, cooling_rate = 0.999
26 - INFO - chord#: 120 done. best_score=27.0, changed=521, unchanged=491, early_stops=8/8
26 - INFO - chord#: 122 In build_straw_man_chord_sa. tolerance = 1, sa_iterations = 1000, initial_temperature = 3.0, cooling_rate = 0.999
26 - INFO - chord#: 92 done. best_score=27.0, changed=518, unchanged=356, early_stops=8/8
26 - INFO - chord#: 94 In build_straw_man_chord_sa. tolerance = 1, sa_iterations = 1000, initial_temperature = 3.0, cooling_rate = 0.999
26 - INFO - chord#: 110 done. best_score=27.0, changed=522, unchanged=342, early_stops=8/8
26 - INFO - chord#: 112 In build_straw_man_chord_sa. tolerance = 1, sa_iterations = 1000, initial_temperature = 3.0, cooling_rate = 0.999
26 - INFO - chord#: 92 done. best_score=27.0, changed=512, unchanged=413, early_stops=8/8
26 - INFO - chord#: 94 In build_straw_man_chord_sa. tolerance = 1, sa_iterations = 1000, initial_temperature = 3.0, cooling_rate = 0.999
26 - INFO - chord#: 128 done. best_score=27.0, changed=521, unchanged=393, early_stops=8/8
26 - INFO - chord#: 132 In build_straw_man_chord_sa. tolerance = 1, sa_iterations = 1000, initial_temperature = 3.0, cooling_rate = 0.999
26 - INFO - chord#: 92 done. best_score=27.0, changed=522, unchanged=385, early_stops=8/8
26 - INFO - chord#: 94 In build_straw_man_chord_sa. tolerance = 1, sa_iterations = 1000, initial_temperature = 3.0, cooling_rate = 0.999
26 - INFO - chord#: 94 done. best_score=67.0, changed=616, unchanged=474, early_stops=8/8
26 - INFO - chord#: 96 In build_straw_man_chord_sa. tolerance = 1, sa_iterations = 1000, initial_temperature = 3.0, cooling_rate = 0.999
26 - INFO - chord#: 88 done. best_score=78.0, changed=612, unchanged=405, early_stops=8/8
26 - INFO - chord#: 92 In build_straw_man_chord_sa. tolerance = 1, sa_iterations = 1000, initial_temperature = 3.0, cooling_rate = 0.999
26 - INFO - chord#: 96 done. best_score=11.0, changed=503, unchanged=361, early_stops=8/8
26 - INFO - chord#: 104 In build_straw_man_chord_sa. tolerance = 1, sa_iterations = 1000, initial_temperature = 3.0, cooling_rate = 0.999
26 - INFO - chord#: 122 done. best_score=74.0, changed=613, unchanged=332, early_stops=8/8
26 - INFO - chord#: 124 In build_straw_man_chord_sa. tolerance = 1, sa_iterations = 1000, initial_temperature = 3.0, cooling_rate = 0.999
26 - INFO - chord#: 132 done. best_score=27.0, changed=521, unchanged=396, early_stops=8/8
26 - INFO - chord#: 136 In build_straw_man_chord_sa. tolerance = 1, sa_iterations = 1000, initial_temperature = 3.0, cooling_rate = 0.999
26 - INFO - chord#: 108 done. best_score=104.0, changed=614, unchanged=274, early_stops=8/8
26 - INFO - chord#: 110 In build_straw_man_chord_sa. tolerance = 1, sa_iterations = 1000, initial_temperature = 3.0, cooling_rate = 0.999
26 - INFO - chord#: 122 done. best_score=74.0, changed=615, unchanged=377, early_stops=8/8
26 - INFO - chord#: 124 In build_straw_man_chord_sa. tolerance = 1, sa_iterations = 1000, initial_temperature = 3.0, cooling_rate = 0.999
26 - INFO - chord#: 112 done. best_score=27.0, changed=522, unchanged=445, early_stops=8/8
26 - INFO - chord#: 116 In build_straw_man_chord_sa. tolerance = 1, sa_iterations = 1000, initial_temperature = 3.0, cooling_rate = 0.999
26 - INFO - chord#: 122 done. best_score=74.0, changed=612, unchanged=275, early_stops=8/8
26 - INFO - chord#: 124 In build_straw_man_chord_sa. tolerance = 1, sa_iterations = 1000, initial_temperature = 3.0, cooling_rate = 0.999
26 - INFO - chord#: 104 done. best_score=27.0, changed=530, unchanged=313, early_stops=8/8
26 - INFO - chord#: 108 In build_straw_man_chord_sa. tolerance = 1, sa_iterations = 1000, initial_temperature = 3.0, cooling_rate = 0.999
26 - INFO - chord#: 122 done. best_score=74.0, changed=608, unchanged=305, early_stops=8/8
26 - INFO - chord#: 124 In build_straw_man_chord_sa. tolerance = 1, sa_iterations = 1000, initial_temperature = 3.0, cooling_rate = 0.999
26 - INFO - chord#: 136 done. best_score=27.0, changed=534, unchanged=389, early_stops=8/8
26 - INFO - chord#: 140 In build_straw_man_chord_sa. tolerance = 1, sa_iterations = 1000, initial_temperature = 3.0, cooling_rate = 0.999
26 - INFO - chord#: 124 done. best_score=27.0, changed=520, unchanged=402, early_stops=8/8
26 - INFO - chord#: 128 In build_straw_man_chord_sa. tolerance = 1, sa_iterations = 1000, initial_temperature = 3.0, cooling_rate = 0.999
26 - INFO - chord#: 94 done. best_score=96.0, changed=610, unchanged=249, early_stops=8/8
26 - INFO - chord#: 96 In build_straw_man_chord_sa. tolerance = 1, sa_iterations = 1000, initial_temperature = 3.0, cooling_rate = 0.999
26 - INFO - chord#: 124 done. best_score=27.0, changed=525, unchanged=347, early_stops=8/8
26 - INFO - chord#: 128 In build_straw_man_chord_sa. tolerance = 1, sa_iterations = 1000, initial_temperature = 3.0, cooling_rate = 0.999
26 - INFO - chord#: 92 done. best_score=27.0, changed=526, unchanged=480, early_stops=8/8
26 - INFO - chord#: 94 In build_straw_man_chord_sa. tolerance = 1, sa_iterations = 1000, initial_temperature = 3.0, cooling_rate = 0.999
26 - INFO - chord#: 110 done. best_score=27.0, changed=525, unchanged=347, early_stops=8/8
26 - INFO - chord#: 112 In build_straw_man_chord_sa. tolerance = 1, sa_iterations = 1000, initial_temperature = 3.0, cooling_rate = 0.999
26 - INFO - chord#: 96 done. best_score=11.0, changed=485, unchanged=366, early_stops=8/8
26 - INFO - chord#: 104 In build_straw_man_chord_sa. tolerance = 1, sa_iterations = 1000, initial_temperature = 3.0, cooling_rate = 0.999
26 - INFO - chord#: 124 done. best_score=27.0, changed=523, unchanged=405, early_stops=8/8
26 - INFO - chord#: 128 In build_straw_man_chord_sa. tolerance = 1, sa_iterations = 1000, initial_temperature = 3.0, cooling_rate = 0.999
26 - INFO - chord#: 124 done. best_score=27.0, changed=522, unchanged=358, early_stops=8/8
26 - INFO - chord#: 128 In build_straw_man_chord_sa. tolerance = 1, sa_iterations = 1000, initial_temperature = 3.0, cooling_rate = 0.999
26 - INFO - chord#: 94 done. best_score=67.0, changed=611, unchanged=327, early_stops=8/8
26 - INFO - chord#: 96 In build_straw_man_chord_sa. tolerance = 1, sa_iterations = 1000, initial_temperature = 3.0, cooling_rate = 0.999
26 - INFO - chord#: 94 done. best_score=96.0, changed=609, unchanged=296, early_stops=8/8
26 - INFO - chord#: 96 In build_straw_man_chord_sa. tolerance = 1, sa_iterations = 1000, initial_temperature = 3.0, cooling_rate = 0.999
26 - INFO - chord#: 128 done. best_score=27.0, changed=516, unchanged=372, early_stops=8/8
26 - INFO - chord#: 132 In build_straw_man_chord_sa. tolerance = 1, sa_iterations = 1000, initial_temperature = 3.0, cooling_rate = 0.999
26 - INFO - chord#: 112 done. best_score=27.0, changed=520, unchanged=428, early_stops=8/8
26 - INFO - chord#: 116 In build_straw_man_chord_sa. tolerance = 1, sa_iterations = 1000, initial_temperature = 3.0, cooling_rate = 0.999
26 - INFO - chord#: 104 done. best_score=27.0, changed=525, unchanged=433, early_stops=8/8
26 - INFO - chord#: 108 In build_straw_man_chord_sa. tolerance = 1, sa_iterations = 1000, initial_temperature = 3.0, cooling_rate = 0.999
26 - INFO - chord#: 96 done. best_score=11.0, changed=482, unchanged=356, early_stops=8/8
26 - INFO - chord#: 104 In build_straw_man_chord_sa. tolerance = 1, sa_iterations = 1000, initial_temperature = 3.0, cooling_rate = 0.999
26 - INFO - chord#: 96 done. best_score=11.0, changed=482, unchanged=341, early_stops=8/8
26 - INFO - chord#: 104 In build_straw_man_chord_sa. tolerance = 1, sa_iterations = 1000, initial_temperature = 3.0, cooling_rate = 0.999
26 - INFO - chord#: 128 done. best_score=27.0, changed=514, unchanged=415, early_stops=8/8
26 - INFO - chord#: 132 In build_straw_man_chord_sa. tolerance = 1, sa_iterations = 1000, initial_temperature = 3.0, cooling_rate = 0.999
26 - INFO - chord#: 128 done. best_score=27.0, changed=523, unchanged=449, early_stops=8/8
26 - INFO - chord#: 132 In build_straw_man_chord_sa. tolerance = 1, sa_iterations = 1000, initial_temperature = 3.0, cooling_rate = 0.999
26 - INFO - chord#: 128 done. best_score=27.0, changed=518, unchanged=314, early_stops=8/8
26 - INFO - chord#: 132 In build_straw_man_chord_sa. tolerance = 1, sa_iterations = 1000, initial_temperature = 3.0, cooling_rate = 0.999
26 - INFO - chord#: 116 done. best_score=141.0, changed=615, unchanged=292, early_stops=8/8
26 - INFO - chord#: 118 In build_straw_man_chord_sa. tolerance = 1, sa_iterations = 1000, initial_temperature = 3.0, cooling_rate = 0.999
26 - INFO - chord#: 140 done. best_score=71.0, changed=610, unchanged=311, early_stops=8/8
26 - INFO - chord#: 144 In build_straw_man_chord_sa. tolerance = 1, sa_iterations = 1000, initial_temperature = 3.0, cooling_rate = 0.999
26 - INFO - chord#: 132 done. best_score=27.0, changed=521, unchanged=387, early_stops=8/8
26 - INFO - chord#: 136 In build_straw_man_chord_sa. tolerance = 1, sa_iterations = 1000, initial_temperature = 3.0, cooling_rate = 0.999
26 - INFO - chord#: 104 done. best_score=27.0, changed=527, unchanged=365, early_stops=8/8
26 - INFO - chord#: 108 In build_straw_man_chord_sa. tolerance = 1, sa_iterations = 1000, initial_temperature = 3.0, cooling_rate = 0.999
26 - INFO - chord#: 132 done. best_score=27.0, changed=529, unchanged=418, early_stops=8/8
26 - INFO - chord#: 136 In build_straw_man_chord_sa. tolerance = 1, sa_iterations = 1000, initial_temperature = 3.0, cooling_rate = 0.999
26 - INFO - chord#: 104 done. best_score=27.0, changed=523, unchanged=354, early_stops=8/8
26 - INFO - chord#: 108 In build_straw_man_chord_sa. tolerance = 1, sa_iterations = 1000, initial_temperature = 3.0, cooling_rate = 0.999
26 - INFO - chord#: 132 done. best_score=27.0, changed=520, unchanged=309, early_stops=8/8
26 - INFO - chord#: 136 In build_straw_man_chord_sa. tolerance = 1, sa_iterations = 1000, initial_temperature = 3.0, cooling_rate = 0.999
26 - INFO - chord#: 108 done. best_score=64.0, changed=612, unchanged=327, early_stops=8/8
26 - INFO - chord#: 110 In build_straw_man_chord_sa. tolerance = 1, sa_iterations = 1000, initial_temperature = 3.0, cooling_rate = 0.999
26 - INFO - chord#: 132 done. best_score=27.0, changed=518, unchanged=347, early_stops=8/8
26 - INFO - chord#: 136 In build_straw_man_chord_sa. tolerance = 1, sa_iterations = 1000, initial_temperature = 3.0, cooling_rate = 0.999
26 - INFO - chord#: 144 done. best_score=27.0, changed=517, unchanged=356, early_stops=8/8
26 - INFO - chord#: 148 In build_straw_man_chord_sa. tolerance = 1, sa_iterations = 1000, initial_temperature = 3.0, cooling_rate = 0.999
26 - INFO - chord#: 118 done. best_score=72.0, changed=528, unchanged=317, early_stops=8/8
26 - INFO - chord#: 120 In build_straw_man_chord_sa. tolerance = 1, sa_iterations = 1000, initial_temperature = 3.0, cooling_rate = 0.999
26 - INFO - chord#: 136 done. best_score=27.0, changed=528, unchanged=371, early_stops=8/8
26 - INFO - chord#: 140 In build_straw_man_chord_sa. tolerance = 1, sa_iterations = 1000, initial_temperature = 3.0, cooling_rate = 0.999
26 - INFO - chord#: 94 done. best_score=162.0, changed=610, unchanged=332, early_stops=8/8
26 - INFO - chord#: 96 In build_straw_man_chord_sa. tolerance = 1, sa_iterations = 1000, initial_temperature = 3.0, cooling_rate = 0.999
26 - INFO - chord#: 136 done. best_score=27.0, changed=525, unchanged=316, early_stops=8/8
26 - INFO - chord#: 140 In build_straw_man_chord_sa. tolerance = 1, sa_iterations = 1000, initial_temperature = 3.0, cooling_rate = 0.999
26 - INFO - chord#: 108 done. best_score=155.0, changed=608, unchanged=313, early_stops=8/8
26 - INFO - chord#: 110 In build_straw_man_chord_sa. tolerance = 1, sa_iterations = 1000, initial_temperature = 3.0, cooling_rate = 0.999
26 - INFO - chord#: 116 done. best_score=96.0, changed=611, unchanged=344, early_stops=8/8
26 - INFO - chord#: 118 In build_straw_man_chord_sa. tolerance = 1, sa_iterations = 1000, initial_temperature = 3.0, cooling_rate = 0.999
26 - INFO - chord#: 136 done. best_score=27.0, changed=531, unchanged=363, early_stops=8/8
26 - INFO - chord#: 140 In build_straw_man_chord_sa. tolerance = 1, sa_iterations = 1000, initial_temperature = 3.0, cooling_rate = 0.999
26 - INFO - chord#: 96 done. best_score=11.0, changed=498, unchanged=379, early_stops=8/8
26 - INFO - chord#: 104 In build_straw_man_chord_sa. tolerance = 1, sa_iterations = 1000, initial_temperature = 3.0, cooling_rate = 0.999
26 - INFO - chord#: 110 done. best_score=27.0, changed=526, unchanged=313, early_stops=8/8
26 - INFO - chord#: 112 In build_straw_man_chord_sa. tolerance = 1, sa_iterations = 1000, initial_temperature = 3.0, cooling_rate = 0.999
26 - INFO - chord#: 136 done. best_score=27.0, changed=524, unchanged=396, early_stops=8/8
26 - INFO - chord#: 140 In build_straw_man_chord_sa. tolerance = 1, sa_iterations = 1000, initial_temperature = 3.0, cooling_rate = 0.999
26 - INFO - chord#: 110 done. best_score=72.0, changed=521, unchanged=291, early_stops=8/8
26 - INFO - chord#: 112 In build_straw_man_chord_sa. tolerance = 1, sa_iterations = 1000, initial_temperature = 3.0, cooling_rate = 0.999
26 - INFO - chord#: 118 done. best_score=27.0, changed=526, unchanged=315, early_stops=8/8
26 - INFO - chord#: 120 In build_straw_man_chord_sa. tolerance = 1, sa_iterations = 1000, initial_temperature = 3.0, cooling_rate = 0.999
26 - INFO - chord#: 120 done. best_score=27.0, changed=519, unchanged=392, early_stops=8/8
26 - INFO - chord#: 122 In build_straw_man_chord_sa. tolerance = 1, sa_iterations = 1000, initial_temperature = 3.0, cooling_rate = 0.999
26 - INFO - chord#: 104 done. best_score=27.0, changed=532, unchanged=378, early_stops=8/8
26 - INFO - chord#: 108 In build_straw_man_chord_sa. tolerance = 1, sa_iterations = 1000, initial_temperature = 3.0, cooling_rate = 0.999
26 - INFO - chord#: 148 done. best_score=141.0, changed=606, unchanged=204, early_stops=8/8
26 - INFO - chord#: 152 In build_straw_man_chord_sa. tolerance = 1, sa_iterations = 1000, initial_temperature = 3.0, cooling_rate = 0.999
26 - INFO - chord#: 108 done. best_score=64.0, changed=611, unchanged=266, early_stops=8/8
26 - INFO - chord#: 110 In build_straw_man_chord_sa. tolerance = 1, sa_iterations = 1000, initial_temperature = 3.0, cooling_rate = 0.999
26 - INFO - chord#: 112 done. best_score=27.0, changed=518, unchanged=536, early_stops=8/8
26 - INFO - chord#: 116 In build_straw_man_chord_sa. tolerance = 1, sa_iterations = 1000, initial_temperature = 3.0, cooling_rate = 0.999
26 - INFO - chord#: 140 done. best_score=64.0, changed=611, unchanged=267, early_stops=8/8
26 - INFO - chord#: 144 In build_straw_man_chord_sa. tolerance = 1, sa_iterations = 1000, initial_temperature = 3.0, cooling_rate = 0.999
26 - INFO - chord#: 108 done. best_score=64.0, changed=611, unchanged=391, early_stops=8/8
26 - INFO - chord#: 110 In build_straw_man_chord_sa. tolerance = 1, sa_iterations = 1000, initial_temperature = 3.0, cooling_rate = 0.999
26 - INFO - chord#: 112 done. best_score=27.0, changed=518, unchanged=501, early_stops=8/8
26 - INFO - chord#: 116 In build_straw_man_chord_sa. tolerance = 1, sa_iterations = 1000, initial_temperature = 3.0, cooling_rate = 0.999
26 - INFO - chord#: 120 done. best_score=27.0, changed=525, unchanged=492, early_stops=8/8
26 - INFO - chord#: 122 In build_straw_man_chord_sa. tolerance = 1, sa_iterations = 1000, initial_temperature = 3.0, cooling_rate = 0.999
26 - INFO - chord#: 140 done. best_score=64.0, changed=608, unchanged=407, early_stops=8/8
26 - INFO - chord#: 144 In build_straw_man_chord_sa. tolerance = 1, sa_iterations = 1000, initial_temperature = 3.0, cooling_rate = 0.999
26 - INFO - chord#: 152 done. best_score=27.0, changed=519, unchanged=444, early_stops=8/8
26 - INFO - chord#: 154 In build_straw_man_chord_sa. tolerance = 1, sa_iterations = 1000, initial_temperature = 3.0, cooling_rate = 0.999
26 - INFO - chord#: 140 done. best_score=64.0, changed=614, unchanged=448, early_stops=8/8
26 - INFO - chord#: 144 In build_straw_man_chord_sa. tolerance = 1, sa_iterations = 1000, initial_temperature = 3.0, cooling_rate = 0.999
26 - INFO - chord#: 144 done. best_score=27.0, changed=520, unchanged=395, early_stops=8/8
26 - INFO - chord#: 148 In build_straw_man_chord_sa. tolerance = 1, sa_iterations = 1000, initial_temperature = 3.0, cooling_rate = 0.999
26 - INFO - chord#: 110 done. best_score=27.0, changed=524, unchanged=337, early_stops=8/8
26 - INFO - chord#: 112 In build_straw_man_chord_sa. tolerance = 1, sa_iterations = 1000, initial_temperature = 3.0, cooling_rate = 0.999
26 - INFO - chord#: 110 done. best_score=27.0, changed=521, unchanged=392, early_stops=8/8
26 - INFO - chord#: 112 In build_straw_man_chord_sa. tolerance = 1, sa_iterations = 1000, initial_temperature = 3.0, cooling_rate = 0.999
26 - INFO - chord#: 144 done. best_score=27.0, changed=523, unchanged=433, early_stops=8/8
26 - INFO - chord#: 148 In build_straw_man_chord_sa. tolerance = 1, sa_iterations = 1000, initial_temperature = 3.0, cooling_rate = 0.999
26 - INFO - chord#: 122 done. best_score=74.0, changed=610, unchanged=286, early_stops=8/8
26 - INFO - chord#: 124 In build_straw_man_chord_sa. tolerance = 1, sa_iterations = 1000, initial_temperature = 3.0, cooling_rate = 0.999
26 - INFO - chord#: 144 done. best_score=27.0, changed=522, unchanged=389, early_stops=8/8
26 - INFO - chord#: 148 In build_straw_man_chord_sa. tolerance = 1, sa_iterations = 1000, initial_temperature = 3.0, cooling_rate = 0.999
26 - INFO - chord#: 140 done. best_score=64.0, changed=610, unchanged=408, early_stops=8/8
26 - INFO - chord#: 144 In build_straw_man_chord_sa. tolerance = 1, sa_iterations = 1000, initial_temperature = 3.0, cooling_rate = 0.999
26 - INFO - chord#: 122 done. best_score=74.0, changed=610, unchanged=267, early_stops=8/8
26 - INFO - chord#: 124 In build_straw_man_chord_sa. tolerance = 1, sa_iterations = 1000, initial_temperature = 3.0, cooling_rate = 0.999
26 - INFO - chord#: 108 done. best_score=64.0, changed=613, unchanged=337, early_stops=8/8
26 - INFO - chord#: 110 In build_straw_man_chord_sa. tolerance = 1, sa_iterations = 1000, initial_temperature = 3.0, cooling_rate = 0.999
26 - INFO - chord#: 112 done. best_score=27.0, changed=525, unchanged=421, early_stops=8/8
26 - INFO - chord#: 116 In build_straw_man_chord_sa. tolerance = 1, sa_iterations = 1000, initial_temperature = 3.0, cooling_rate = 0.999
26 - INFO - chord#: 116 done. best_score=121.0, changed=614, unchanged=363, early_stops=8/8
26 - INFO - chord#: 118 In build_straw_man_chord_sa. tolerance = 1, sa_iterations = 1000, initial_temperature = 3.0, cooling_rate = 0.999
26 - INFO - chord#: 112 done. best_score=27.0, changed=523, unchanged=402, early_stops=8/8
26 - INFO - chord#: 116 In build_straw_man_chord_sa. tolerance = 1, sa_iterations = 1000, initial_temperature = 3.0, cooling_rate = 0.999
26 - INFO - chord#: 124 done. best_score=27.0, changed=525, unchanged=372, early_stops=8/8
26 - INFO - chord#: 128 In build_straw_man_chord_sa. tolerance = 1, sa_iterations = 1000, initial_temperature = 3.0, cooling_rate = 0.999
26 - INFO - chord#: 124 done. best_score=27.0, changed=515, unchanged=346, early_stops=8/8
26 - INFO - chord#: 128 In build_straw_man_chord_sa. tolerance = 1, sa_iterations = 1000, initial_temperature = 3.0, cooling_rate = 0.999
26 - INFO - chord#: 154 done. best_score=101.0, changed=609, unchanged=366, early_stops=8/8
26 - INFO - chord#: 156 In build_straw_man_chord_sa. tolerance = 1, sa_iterations = 1000, initial_temperature = 3.0, cooling_rate = 0.999
26 - INFO - chord#: 116 done. best_score=74.0, changed=612, unchanged=524, early_stops=8/8
26 - INFO - chord#: 118 In build_straw_man_chord_sa. tolerance = 1, sa_iterations = 1000, initial_temperature = 3.0, cooling_rate = 0.999
26 - INFO - chord#: 148 done. best_score=149.0, changed=613, unchanged=347, early_stops=8/8
26 - INFO - chord#: 152 In build_straw_man_chord_sa. tolerance = 1, sa_iterations = 1000, initial_temperature = 3.0, cooling_rate = 0.999
26 - INFO - chord#: 144 done. best_score=27.0, changed=528, unchanged=486, early_stops=8/8
26 - INFO - chord#: 148 In build_straw_man_chord_sa. tolerance = 1, sa_iterations = 1000, initial_temperature = 3.0, cooling_rate = 0.999
26 - INFO - chord#: 110 done. best_score=27.0, changed=519, unchanged=333, early_stops=8/8
26 - INFO - chord#: 112 In build_straw_man_chord_sa. tolerance = 1, sa_iterations = 1000, initial_temperature = 3.0, cooling_rate = 0.999
26 - INFO - chord#: 118 done. best_score=27.0, changed=529, unchanged=340, early_stops=8/8
26 - INFO - chord#: 120 In build_straw_man_chord_sa. tolerance = 1, sa_iterations = 1000, initial_temperature = 3.0, cooling_rate = 0.999
26 - INFO - chord#: 148 done. best_score=74.0, changed=617, unchanged=317, early_stops=8/8
26 - INFO - chord#: 152 In build_straw_man_chord_sa. tolerance = 1, sa_iterations = 1000, initial_temperature = 3.0, cooling_rate = 0.999
26 - INFO - chord#: 148 done. best_score=74.0, changed=609, unchanged=274, early_stops=8/8
26 - INFO - chord#: 152 In build_straw_man_chord_sa. tolerance = 1, sa_iterations = 1000, initial_temperature = 3.0, cooling_rate = 0.999
26 - INFO - chord#: 128 done. best_score=27.0, changed=519, unchanged=446, early_stops=8/8
26 - INFO - chord#: 132 In build_straw_man_chord_sa. tolerance = 1, sa_iterations = 1000, initial_temperature = 3.0, cooling_rate = 0.999
26 - INFO - chord#: 118 done. best_score=27.0, changed=521, unchanged=296, early_stops=8/8
26 - INFO - chord#: 120 In build_straw_man_chord_sa. tolerance = 1, sa_iterations = 1000, initial_temperature = 3.0, cooling_rate = 0.999
26 - INFO - chord#: 156 done. best_score=27.0, changed=529, unchanged=484, early_stops=8/8
26 - INFO - chord#: 158 In build_straw_man_chord_sa. tolerance = 1, sa_iterations = 1000, initial_temperature = 3.0, cooling_rate = 0.999
26 - INFO - chord#: 152 done. best_score=27.0, changed=520, unchanged=409, early_stops=8/8
26 - INFO - chord#: 154 In build_straw_man_chord_sa. tolerance = 1, sa_iterations = 1000, initial_temperature = 3.0, cooling_rate = 0.999
26 - INFO - chord#: 128 done. best_score=27.0, changed=524, unchanged=534, early_stops=8/8
26 - INFO - chord#: 132 In build_straw_man_chord_sa. tolerance = 1, sa_iterations = 1000, initial_temperature = 3.0, cooling_rate = 0.999
26 - INFO - chord#: 120 done. best_score=27.0, changed=522, unchanged=577, early_stops=8/8
26 - INFO - chord#: 122 In build_straw_man_chord_sa. tolerance = 1, sa_iterations = 1000, initial_temperature = 3.0, cooling_rate = 0.999
26 - INFO - chord#: 152 done. best_score=27.0, changed=520, unchanged=429, early_stops=8/8
26 - INFO - chord#: 154 In build_straw_man_chord_sa. tolerance = 1, sa_iterations = 1000, initial_temperature = 3.0, cooling_rate = 0.999
26 - INFO - chord#: 112 done. best_score=27.0, changed=523, unchanged=486, early_stops=8/8
26 - INFO - chord#: 116 In build_straw_man_chord_sa. tolerance = 1, sa_iterations = 1000, initial_temperature = 3.0, cooling_rate = 0.999
26 - INFO - chord#: 152 done. best_score=27.0, changed=518, unchanged=409, early_stops=8/8
26 - INFO - chord#: 154 In build_straw_man_chord_sa. tolerance = 1, sa_iterations = 1000, initial_temperature = 3.0, cooling_rate = 0.999
26 - INFO - chord#: 116 done. best_score=74.0, changed=609, unchanged=345, early_stops=8/8
26 - INFO - chord#: 118 In build_straw_man_chord_sa. tolerance = 1, sa_iterations = 1000, initial_temperature = 3.0, cooling_rate = 0.999
26 - INFO - chord#: 132 done. best_score=27.0, changed=520, unchanged=393, early_stops=8/8
26 - INFO - chord#: 136 In build_straw_man_chord_sa. tolerance = 1, sa_iterations = 1000, initial_temperature = 3.0, cooling_rate = 0.999
26 - INFO - chord#: 158 done. best_score=31.0, changed=518, unchanged=331, early_stops=8/8
26 - INFO - chord#: 160 In build_straw_man_chord_sa. tolerance = 1, sa_iterations = 1000, initial_temperature = 3.0, cooling_rate = 0.999
26 - INFO - chord#: 116 done. best_score=74.0, changed=611, unchanged=280, early_stops=8/8
26 - INFO - chord#: 118 In build_straw_man_chord_sa. tolerance = 1, sa_iterations = 1000, initial_temperature = 3.0, cooling_rate = 0.999
26 - INFO - chord#: 132 done. best_score=27.0, changed=518, unchanged=443, early_stops=8/8
26 - INFO - chord#: 136 In build_straw_man_chord_sa. tolerance = 1, sa_iterations = 1000, initial_temperature = 3.0, cooling_rate = 0.999
26 - INFO - chord#: 120 done. best_score=27.0, changed=521, unchanged=426, early_stops=8/8
26 - INFO - chord#: 122 In build_straw_man_chord_sa. tolerance = 1, sa_iterations = 1000, initial_temperature = 3.0, cooling_rate = 0.999
26 - INFO - chord#: 136 done. best_score=27.0, changed=521, unchanged=324, early_stops=8/8
26 - INFO - chord#: 140 In build_straw_man_chord_sa. tolerance = 1, sa_iterations = 1000, initial_temperature = 3.0, cooling_rate = 0.999
26 - INFO - chord#: 148 done. best_score=74.0, changed=616, unchanged=279, early_stops=8/8
26 - INFO - chord#: 152 In build_straw_man_chord_sa. tolerance = 1, sa_iterations = 1000, initial_temperature = 3.0, cooling_rate = 0.999
26 - INFO - chord#: 118 done. best_score=27.0, changed=523, unchanged=405, early_stops=8/8
26 - INFO - chord#: 120 In build_straw_man_chord_sa. tolerance = 1, sa_iterations = 1000, initial_temperature = 3.0, cooling_rate = 0.999
26 - INFO - chord#: 118 done. best_score=27.0, changed=531, unchanged=286, early_stops=8/8
26 - INFO - chord#: 120 In build_straw_man_chord_sa. tolerance = 1, sa_iterations = 1000, initial_temperature = 3.0, cooling_rate = 0.999
26 - INFO - chord#: 122 done. best_score=96.0, changed=606, unchanged=226, early_stops=8/8
26 - INFO - chord#: 124 In build_straw_man_chord_sa. tolerance = 1, sa_iterations = 1000, initial_temperature = 3.0, cooling_rate = 0.999
26 - INFO - chord#: 136 done. best_score=27.0, changed=527, unchanged=359, early_stops=8/8
26 - INFO - chord#: 140 In build_straw_man_chord_sa. tolerance = 1, sa_iterations = 1000, initial_temperature = 3.0, cooling_rate = 0.999
26 - INFO - chord#: 154 done. best_score=74.0, changed=608, unchanged=325, early_stops=8/8
26 - INFO - chord#: 156 In build_straw_man_chord_sa. tolerance = 1, sa_iterations = 1000, initial_temperature = 3.0, cooling_rate = 0.999
26 - INFO - chord#: 154 done. best_score=146.0, changed=614, unchanged=272, early_stops=8/8
26 - INFO - chord#: 156 In build_straw_man_chord_sa. tolerance = 1, sa_iterations = 1000, initial_temperature = 3.0, cooling_rate = 0.999
26 - INFO - chord#: 116 done. best_score=74.0, changed=607, unchanged=259, early_stops=8/8
26 - INFO - chord#: 118 In build_straw_man_chord_sa. tolerance = 1, sa_iterations = 1000, initial_temperature = 3.0, cooling_rate = 0.999
26 - INFO - chord#: 160 done. best_score=94.0, changed=609, unchanged=230, early_stops=8/8
26 - INFO - chord#: 162 In build_straw_man_chord_sa. tolerance = 1, sa_iterations = 1000, initial_temperature = 3.0, cooling_rate = 0.999
26 - INFO - chord#: 152 done. best_score=27.0, changed=521, unchanged=451, early_stops=8/8
26 - INFO - chord#: 154 In build_straw_man_chord_sa. tolerance = 1, sa_iterations = 1000, initial_temperature = 3.0, cooling_rate = 0.999
26 - INFO - chord#: 124 done. best_score=27.0, changed=519, unchanged=344, early_stops=8/8
26 - INFO - chord#: 128 In build_straw_man_chord_sa. tolerance = 1, sa_iterations = 1000, initial_temperature = 3.0, cooling_rate = 0.999
26 - INFO - chord#: 154 done. best_score=148.0, changed=613, unchanged=457, early_stops=8/8
26 - INFO - chord#: 156 In build_straw_man_chord_sa. tolerance = 1, sa_iterations = 1000, initial_temperature = 3.0, cooling_rate = 0.999
26 - INFO - chord#: 120 done. best_score=27.0, changed=519, unchanged=379, early_stops=8/8
26 - INFO - chord#: 122 In build_straw_man_chord_sa. tolerance = 1, sa_iterations = 1000, initial_temperature = 3.0, cooling_rate = 0.999
26 - INFO - chord#: 156 done. best_score=27.0, changed=526, unchanged=456, early_stops=8/8
26 - INFO - chord#: 158 In build_straw_man_chord_sa. tolerance = 1, sa_iterations = 1000, initial_temperature = 3.0, cooling_rate = 0.999
26 - INFO - chord#: 120 done. best_score=27.0, changed=522, unchanged=396, early_stops=8/8
26 - INFO - chord#: 122 In build_straw_man_chord_sa. tolerance = 1, sa_iterations = 1000, initial_temperature = 3.0, cooling_rate = 0.999
26 - INFO - chord#: 118 done. best_score=27.0, changed=532, unchanged=361, early_stops=8/8
26 - INFO - chord#: 120 In build_straw_man_chord_sa. tolerance = 1, sa_iterations = 1000, initial_temperature = 3.0, cooling_rate = 0.999
26 - INFO - chord#: 156 done. best_score=27.0, changed=518, unchanged=449, early_stops=8/8
26 - INFO - chord#: 158 In build_straw_man_chord_sa. tolerance = 1, sa_iterations = 1000, initial_temperature = 3.0, cooling_rate = 0.999
26 - INFO - chord#: 140 done. best_score=104.0, changed=615, unchanged=323, early_stops=8/8
26 - INFO - chord#: 144 In build_straw_man_chord_sa. tolerance = 1, sa_iterations = 1000, initial_temperature = 3.0, cooling_rate = 0.999
26 - INFO - chord#: 122 done. best_score=74.0, changed=613, unchanged=329, early_stops=8/8
26 - INFO - chord#: 124 In build_straw_man_chord_sa. tolerance = 1, sa_iterations = 1000, initial_temperature = 3.0, cooling_rate = 0.999
26 - INFO - chord#: 128 done. best_score=27.0, changed=518, unchanged=393, early_stops=8/8
26 - INFO - chord#: 132 In build_straw_man_chord_sa. tolerance = 1, sa_iterations = 1000, initial_temperature = 3.0, cooling_rate = 0.999
26 - INFO - chord#: 158 done. best_score=31.0, changed=524, unchanged=311, early_stops=8/8
26 - INFO - chord#: 160 In build_straw_man_chord_sa. tolerance = 1, sa_iterations = 1000, initial_temperature = 3.0, cooling_rate = 0.999
26 - INFO - chord#: 156 done. best_score=27.0, changed=519, unchanged=465, early_stops=8/8
26 - INFO - chord#: 158 In build_straw_man_chord_sa. tolerance = 1, sa_iterations = 1000, initial_temperature = 3.0, cooling_rate = 0.999
26 - INFO - chord#: 120 done. best_score=27.0, changed=524, unchanged=394, early_stops=8/8
26 - INFO - chord#: 122 In build_straw_man_chord_sa. tolerance = 1, sa_iterations = 1000, initial_temperature = 3.0, cooling_rate = 0.999
26 - INFO - chord#: 144 done. best_score=27.0, changed=515, unchanged=346, early_stops=8/8
26 - INFO - chord#: 148 In build_straw_man_chord_sa. tolerance = 1, sa_iterations = 1000, initial_temperature = 3.0, cooling_rate = 0.999
26 - INFO - chord#: 158 done. best_score=31.0, changed=529, unchanged=428, early_stops=8/8
26 - INFO - chord#: 160 In build_straw_man_chord_sa. tolerance = 1, sa_iterations = 1000, initial_temperature = 3.0, cooling_rate = 0.999
26 - INFO - chord#: 124 done. best_score=27.0, changed=523, unchanged=382, early_stops=8/8
26 - INFO - chord#: 128 In build_straw_man_chord_sa. tolerance = 1, sa_iterations = 1000, initial_temperature = 3.0, cooling_rate = 0.999
26 - INFO - chord#: 132 done. best_score=27.0, changed=532, unchanged=422, early_stops=8/8
26 - INFO - chord#: 136 In build_straw_man_chord_sa. tolerance = 1, sa_iterations = 1000, initial_temperature = 3.0, cooling_rate = 0.999
26 - INFO - chord#: 140 done. best_score=104.0, changed=614, unchanged=336, early_stops=8/8
26 - INFO - chord#: 144 In build_straw_man_chord_sa. tolerance = 1, sa_iterations = 1000, initial_temperature = 3.0, cooling_rate = 0.999
26 - INFO - chord#: 158 done. best_score=31.0, changed=521, unchanged=356, early_stops=8/8
26 - INFO - chord#: 160 In build_straw_man_chord_sa. tolerance = 1, sa_iterations = 1000, initial_temperature = 3.0, cooling_rate = 0.999
26 - INFO - chord#: 162 done. best_score=67.0, changed=614, unchanged=457, early_stops=8/8
26 - INFO - chord#: 164 In build_straw_man_chord_sa. tolerance = 1, sa_iterations = 1000, initial_temperature = 3.0, cooling_rate = 0.999
26 - INFO - chord#: 122 done. best_score=74.0, changed=611, unchanged=269, early_stops=8/8
26 - INFO - chord#: 124 In build_straw_man_chord_sa. tolerance = 1, sa_iterations = 1000, initial_temperature = 3.0, cooling_rate = 0.999
26 - INFO - chord#: 122 done. best_score=74.0, changed=612, unchanged=281, early_stops=8/8
26 - INFO - chord#: 124 In build_straw_man_chord_sa. tolerance = 1, sa_iterations = 1000, initial_temperature = 3.0, cooling_rate = 0.999
26 - INFO - chord#: 136 done. best_score=27.0, changed=528, unchanged=339, early_stops=8/8
26 - INFO - chord#: 140 In build_straw_man_chord_sa. tolerance = 1, sa_iterations = 1000, initial_temperature = 3.0, cooling_rate = 0.999
26 - INFO - chord#: 144 done. best_score=27.0, changed=518, unchanged=342, early_stops=8/8
26 - INFO - chord#: 148 In build_straw_man_chord_sa. tolerance = 1, sa_iterations = 1000, initial_temperature = 3.0, cooling_rate = 0.999
26 - INFO - chord#: 164 done. best_score=27.0, changed=524, unchanged=481, early_stops=8/8
26 - INFO - chord#: 172 In build_straw_man_chord_sa. tolerance = 1, sa_iterations = 1000, initial_temperature = 3.0, cooling_rate = 0.999
26 - INFO - chord#: 128 done. best_score=27.0, changed=520, unchanged=373, early_stops=8/8
26 - INFO - chord#: 132 In build_straw_man_chord_sa. tolerance = 1, sa_iterations = 1000, initial_temperature = 3.0, cooling_rate = 0.999
26 - INFO - chord#: 154 done. best_score=104.0, changed=610, unchanged=388, early_stops=8/8
26 - INFO - chord#: 156 In build_straw_man_chord_sa. tolerance = 1, sa_iterations = 1000, initial_temperature = 3.0, cooling_rate = 0.999
26 - INFO - chord#: 160 done. best_score=93.0, changed=612, unchanged=269, early_stops=8/8
26 - INFO - chord#: 162 In build_straw_man_chord_sa. tolerance = 1, sa_iterations = 1000, initial_temperature = 3.0, cooling_rate = 0.999
26 - INFO - chord#: 122 done. best_score=74.0, changed=610, unchanged=269, early_stops=8/8
26 - INFO - chord#: 124 In build_straw_man_chord_sa. tolerance = 1, sa_iterations = 1000, initial_temperature = 3.0, cooling_rate = 0.999
26 - INFO - chord#: 148 done. best_score=74.0, changed=606, unchanged=216, early_stops=8/8
26 - INFO - chord#: 152 In build_straw_man_chord_sa. tolerance = 1, sa_iterations = 1000, initial_temperature = 3.0, cooling_rate = 0.999
26 - INFO - chord#: 124 done. best_score=27.0, changed=520, unchanged=399, early_stops=8/8
26 - INFO - chord#: 128 In build_straw_man_chord_sa. tolerance = 1, sa_iterations = 1000, initial_temperature = 3.0, cooling_rate = 0.999
26 - INFO - chord#: 124 done. best_score=27.0, changed=525, unchanged=442, early_stops=8/8
26 - INFO - chord#: 128 In build_straw_man_chord_sa. tolerance = 1, sa_iterations = 1000, initial_temperature = 3.0, cooling_rate = 0.999
26 - INFO - chord#: 172 done. best_score=27.0, changed=518, unchanged=413, early_stops=8/8
26 - INFO - chord#: 176 In build_straw_man_chord_sa. tolerance = 1, sa_iterations = 1000, initial_temperature = 3.0, cooling_rate = 0.999
26 - INFO - chord#: 124 done. best_score=27.0, changed=520, unchanged=333, early_stops=8/8
26 - INFO - chord#: 128 In build_straw_man_chord_sa. tolerance = 1, sa_iterations = 1000, initial_temperature = 3.0, cooling_rate = 0.999
26 - INFO - chord#: 160 done. best_score=96.0, changed=612, unchanged=243, early_stops=8/8
26 - INFO - chord#: 162 In build_straw_man_chord_sa. tolerance = 1, sa_iterations = 1000, initial_temperature = 3.0, cooling_rate = 0.999
26 - INFO - chord#: 132 done. best_score=27.0, changed=523, unchanged=395, early_stops=8/8
26 - INFO - chord#: 136 In build_straw_man_chord_sa. tolerance = 1, sa_iterations = 1000, initial_temperature = 3.0, cooling_rate = 0.999
26 - INFO - chord#: 156 done. best_score=36.0, changed=507, unchanged=336, early_stops=8/8
26 - INFO - chord#: 158 In build_straw_man_chord_sa. tolerance = 1, sa_iterations = 1000, initial_temperature = 3.0, cooling_rate = 0.999
26 - INFO - chord#: 152 done. best_score=27.0, changed=535, unchanged=563, early_stops=8/8
26 - INFO - chord#: 154 In build_straw_man_chord_sa. tolerance = 1, sa_iterations = 1000, initial_temperature = 3.0, cooling_rate = 0.999
26 - INFO - chord#: 162 done. best_score=78.0, changed=609, unchanged=250, early_stops=8/8
26 - INFO - chord#: 164 In build_straw_man_chord_sa. tolerance = 1, sa_iterations = 1000, initial_temperature = 3.0, cooling_rate = 0.999
26 - INFO - chord#: 140 done. best_score=157.0, changed=610, unchanged=287, early_stops=8/8
26 - INFO - chord#: 144 In build_straw_man_chord_sa. tolerance = 1, sa_iterations = 1000, initial_temperature = 3.0, cooling_rate = 0.999
26 - INFO - chord#: 160 done. best_score=96.0, changed=615, unchanged=369, early_stops=8/8
26 - INFO - chord#: 162 In build_straw_man_chord_sa. tolerance = 1, sa_iterations = 1000, initial_temperature = 3.0, cooling_rate = 0.999
26 - INFO - chord#: 128 done. best_score=27.0, changed=518, unchanged=355, early_stops=8/8
26 - INFO - chord#: 132 In build_straw_man_chord_sa. tolerance = 1, sa_iterations = 1000, initial_temperature = 3.0, cooling_rate = 0.999
26 - INFO - chord#: 176 done. best_score=36.0, changed=522, unchanged=346, early_stops=8/8
26 - INFO - chord#: 178 In build_straw_man_chord_sa. tolerance = 1, sa_iterations = 1000, initial_temperature = 3.0, cooling_rate = 0.999
26 - INFO - chord#: 148 done. best_score=96.0, changed=606, unchanged=203, early_stops=8/8
26 - INFO - chord#: 152 In build_straw_man_chord_sa. tolerance = 1, sa_iterations = 1000, initial_temperature = 3.0, cooling_rate = 0.999
26 - INFO - chord#: 136 done. best_score=27.0, changed=521, unchanged=345, early_stops=8/8
26 - INFO - chord#: 140 In build_straw_man_chord_sa. tolerance = 1, sa_iterations = 1000, initial_temperature = 3.0, cooling_rate = 0.999
26 - INFO - chord#: 128 done. best_score=27.0, changed=526, unchanged=490, early_stops=8/8
26 - INFO - chord#: 132 In build_straw_man_chord_sa. tolerance = 1, sa_iterations = 1000, initial_temperature = 3.0, cooling_rate = 0.999
26 - INFO - chord#: 128 done. best_score=27.0, changed=524, unchanged=459, early_stops=8/8
26 - INFO - chord#: 132 In build_straw_man_chord_sa. tolerance = 1, sa_iterations = 1000, initial_temperature = 3.0, cooling_rate = 0.999
26 - INFO - chord#: 158 done. best_score=31.0, changed=526, unchanged=359, early_stops=8/8
26 - INFO - chord#: 160 In build_straw_man_chord_sa. tolerance = 1, sa_iterations = 1000, initial_temperature = 3.0, cooling_rate = 0.999
26 - INFO - chord#: 164 done. best_score=27.0, changed=524, unchanged=478, early_stops=8/8
26 - INFO - chord#: 172 In build_straw_man_chord_sa. tolerance = 1, sa_iterations = 1000, initial_temperature = 3.0, cooling_rate = 0.999
26 - INFO - chord#: 162 done. best_score=67.0, changed=613, unchanged=241, early_stops=8/8
26 - INFO - chord#: 164 In build_straw_man_chord_sa. tolerance = 1, sa_iterations = 1000, initial_temperature = 3.0, cooling_rate = 0.999
26 - INFO - chord#: 132 done. best_score=27.0, changed=524, unchanged=357, early_stops=8/8
26 - INFO - chord#: 136 In build_straw_man_chord_sa. tolerance = 1, sa_iterations = 1000, initial_temperature = 3.0, cooling_rate = 0.999
26 - INFO - chord#: 178 done. best_score=61.0, changed=552, unchanged=333, early_stops=8/8
26 - INFO - chord#: 180 In build_straw_man_chord_sa. tolerance = 1, sa_iterations = 1000, initial_temperature = 3.0, cooling_rate = 0.999
26 - INFO - chord#: 144 done. best_score=27.0, changed=528, unchanged=522, early_stops=8/8
26 - INFO - chord#: 148 In build_straw_man_chord_sa. tolerance = 1, sa_iterations = 1000, initial_temperature = 3.0, cooling_rate = 0.999
26 - INFO - chord#: 152 done. best_score=27.0, changed=518, unchanged=355, early_stops=8/8
26 - INFO - chord#: 154 In build_straw_man_chord_sa. tolerance = 1, sa_iterations = 1000, initial_temperature = 3.0, cooling_rate = 0.999
26 - INFO - chord#: 132 done. best_score=27.0, changed=518, unchanged=341, early_stops=8/8
26 - INFO - chord#: 136 In build_straw_man_chord_sa. tolerance = 1, sa_iterations = 1000, initial_temperature = 3.0, cooling_rate = 0.999
26 - INFO - chord#: 132 done. best_score=27.0, changed=530, unchanged=412, early_stops=8/8
26 - INFO - chord#: 136 In build_straw_man_chord_sa. tolerance = 1, sa_iterations = 1000, initial_temperature = 3.0, cooling_rate = 0.999
26 - INFO - chord#: 136 done. best_score=27.0, changed=528, unchanged=327, early_stops=8/8
26 - INFO - chord#: 140 In build_straw_man_chord_sa. tolerance = 1, sa_iterations = 1000, initial_temperature = 3.0, cooling_rate = 0.999
26 - INFO - chord#: 172 done. best_score=27.0, changed=524, unchanged=345, early_stops=8/8
26 - INFO - chord#: 176 In build_straw_man_chord_sa. tolerance = 1, sa_iterations = 1000, initial_temperature = 3.0, cooling_rate = 0.999
26 - INFO - chord#: 164 done. best_score=27.0, changed=527, unchanged=439, early_stops=8/8
26 - INFO - chord#: 172 In build_straw_man_chord_sa. tolerance = 1, sa_iterations = 1000, initial_temperature = 3.0, cooling_rate = 0.999
26 - INFO - chord#: 154 done. best_score=164.0, changed=610, unchanged=397, early_stops=8/8
26 - INFO - chord#: 156 In build_straw_man_chord_sa. tolerance = 1, sa_iterations = 1000, initial_temperature = 3.0, cooling_rate = 0.999
26 - INFO - chord#: 136 done. best_score=27.0, changed=524, unchanged=370, early_stops=8/8
26 - INFO - chord#: 140 In build_straw_man_chord_sa. tolerance = 1, sa_iterations = 1000, initial_temperature = 3.0, cooling_rate = 0.999
26 - INFO - chord#: 136 done. best_score=27.0, changed=522, unchanged=327, early_stops=8/8
26 - INFO - chord#: 140 In build_straw_man_chord_sa. tolerance = 1, sa_iterations = 1000, initial_temperature = 3.0, cooling_rate = 0.999
26 - INFO - chord#: 162 done. best_score=67.0, changed=612, unchanged=417, early_stops=8/8
26 - INFO - chord#: 164 In build_straw_man_chord_sa. tolerance = 1, sa_iterations = 1000, initial_temperature = 3.0, cooling_rate = 0.999
26 - INFO - chord#: 176 done. best_score=36.0, changed=520, unchanged=352, early_stops=8/8
26 - INFO - chord#: 178 In build_straw_man_chord_sa. tolerance = 1, sa_iterations = 1000, initial_temperature = 3.0, cooling_rate = 0.999
26 - INFO - chord#: 156 done. best_score=27.0, changed=520, unchanged=446, early_stops=8/8
26 - INFO - chord#: 158 In build_straw_man_chord_sa. tolerance = 1, sa_iterations = 1000, initial_temperature = 3.0, cooling_rate = 0.999
26 - INFO - chord#: 160 done. best_score=93.0, changed=613, unchanged=259, early_stops=8/8
26 - INFO - chord#: 162 In build_straw_man_chord_sa. tolerance = 1, sa_iterations = 1000, initial_temperature = 3.0, cooling_rate = 0.999
26 - INFO - chord#: 172 done. best_score=27.0, changed=526, unchanged=420, early_stops=8/8
26 - INFO - chord#: 176 In build_straw_man_chord_sa. tolerance = 1, sa_iterations = 1000, initial_temperature = 3.0, cooling_rate = 0.999
26 - INFO - chord#: 140 done. best_score=104.0, changed=614, unchanged=316, early_stops=8/8
26 - INFO - chord#: 144 In build_straw_man_chord_sa. tolerance = 1, sa_iterations = 1000, initial_temperature = 3.0, cooling_rate = 0.999
26 - INFO - chord#: 180 done. best_score=131.0, changed=610, unchanged=317, early_stops=8/8
26 - INFO - chord#: 182 In build_straw_man_chord_sa. tolerance = 1, sa_iterations = 1000, initial_temperature = 3.0, cooling_rate = 0.999
26 - INFO - chord#: 148 done. best_score=74.0, changed=616, unchanged=343, early_stops=8/8
26 - INFO - chord#: 152 In build_straw_man_chord_sa. tolerance = 1, sa_iterations = 1000, initial_temperature = 3.0, cooling_rate = 0.999
26 - INFO - chord#: 154 done. best_score=149.0, changed=609, unchanged=239, early_stops=8/8
26 - INFO - chord#: 156 In build_straw_man_chord_sa. tolerance = 1, sa_iterations = 1000, initial_temperature = 3.0, cooling_rate = 0.999
26 - INFO - chord#: 178 done. best_score=61.0, changed=522, unchanged=311, early_stops=8/8
26 - INFO - chord#: 180 In build_straw_man_chord_sa. tolerance = 1, sa_iterations = 1000, initial_temperature = 3.0, cooling_rate = 0.999
26 - INFO - chord#: 158 done. best_score=31.0, changed=524, unchanged=395, early_stops=8/8
26 - INFO - chord#: 160 In build_straw_man_chord_sa. tolerance = 1, sa_iterations = 1000, initial_temperature = 3.0, cooling_rate = 0.999
26 - INFO - chord#: 140 done. best_score=64.0, changed=610, unchanged=342, early_stops=8/8
26 - INFO - chord#: 144 In build_straw_man_chord_sa. tolerance = 1, sa_iterations = 1000, initial_temperature = 3.0, cooling_rate = 0.999
26 - INFO - chord#: 164 done. best_score=27.0, changed=519, unchanged=387, early_stops=8/8
26 - INFO - chord#: 172 In build_straw_man_chord_sa. tolerance = 1, sa_iterations = 1000, initial_temperature = 3.0, cooling_rate = 0.999
26 - INFO - chord#: 176 done. best_score=36.0, changed=516, unchanged=445, early_stops=8/8
26 - INFO - chord#: 178 In build_straw_man_chord_sa. tolerance = 1, sa_iterations = 1000, initial_temperature = 3.0, cooling_rate = 0.999
26 - INFO - chord#: 144 done. best_score=27.0, changed=512, unchanged=369, early_stops=8/8
26 - INFO - chord#: 148 In build_straw_man_chord_sa. tolerance = 1, sa_iterations = 1000, initial_temperature = 3.0, cooling_rate = 0.999
26 - INFO - chord#: 182 done. best_score=36.0, changed=522, unchanged=369, early_stops=8/8
26 - INFO - chord#: 184 In build_straw_man_chord_sa. tolerance = 1, sa_iterations = 1000, initial_temperature = 3.0, cooling_rate = 0.999
26 - INFO - chord#: 152 done. best_score=27.0, changed=517, unchanged=415, early_stops=8/8
26 - INFO - chord#: 154 In build_straw_man_chord_sa. tolerance = 1, sa_iterations = 1000, initial_temperature = 3.0, cooling_rate = 0.999
26 - INFO - chord#: 144 done. best_score=27.0, changed=521, unchanged=454, early_stops=8/8
26 - INFO - chord#: 148 In build_straw_man_chord_sa. tolerance = 1, sa_iterations = 1000, initial_temperature = 3.0, cooling_rate = 0.999
26 - INFO - chord#: 140 done. best_score=146.0, changed=612, unchanged=268, early_stops=8/8
26 - INFO - chord#: 144 In build_straw_man_chord_sa. tolerance = 1, sa_iterations = 1000, initial_temperature = 3.0, cooling_rate = 0.999
26 - INFO - chord#: 156 done. best_score=27.0, changed=515, unchanged=350, early_stops=8/8
26 - INFO - chord#: 158 In build_straw_man_chord_sa. tolerance = 1, sa_iterations = 1000, initial_temperature = 3.0, cooling_rate = 0.999
26 - INFO - chord#: 178 done. best_score=61.0, changed=545, unchanged=419, early_stops=8/8
26 - INFO - chord#: 180 In build_straw_man_chord_sa. tolerance = 1, sa_iterations = 1000, initial_temperature = 3.0, cooling_rate = 0.999
26 - INFO - chord#: 162 done. best_score=167.0, changed=612, unchanged=245, early_stops=8/8
26 - INFO - chord#: 164 In build_straw_man_chord_sa. tolerance = 1, sa_iterations = 1000, initial_temperature = 3.0, cooling_rate = 0.999
26 - INFO - chord#: 184 done. best_score=27.0, changed=526, unchanged=408, early_stops=8/8
26 - INFO - chord#: 188 In build_straw_man_chord_sa. tolerance = 1, sa_iterations = 1000, initial_temperature = 3.0, cooling_rate = 0.999
26 - INFO - chord#: 172 done. best_score=27.0, changed=532, unchanged=418, early_stops=8/8
26 - INFO - chord#: 176 In build_straw_man_chord_sa. tolerance = 1, sa_iterations = 1000, initial_temperature = 3.0, cooling_rate = 0.999
26 - INFO - chord#: 180 done. best_score=78.0, changed=613, unchanged=320, early_stops=8/8
26 - INFO - chord#: 182 In build_straw_man_chord_sa. tolerance = 1, sa_iterations = 1000, initial_temperature = 3.0, cooling_rate = 0.999
26 - INFO - chord#: 140 done. best_score=64.0, changed=620, unchanged=526, early_stops=8/8
26 - INFO - chord#: 144 In build_straw_man_chord_sa. tolerance = 1, sa_iterations = 1000, initial_temperature = 3.0, cooling_rate = 0.999
26 - INFO - chord#: 158 done. best_score=31.0, changed=523, unchanged=377, early_stops=8/8
26 - INFO - chord#: 160 In build_straw_man_chord_sa. tolerance = 1, sa_iterations = 1000, initial_temperature = 3.0, cooling_rate = 0.999
26 - INFO - chord#: 188 done. best_score=27.0, changed=519, unchanged=400, early_stops=8/8
26 - INFO - chord#: 192 In build_straw_man_chord_sa. tolerance = 1, sa_iterations = 1000, initial_temperature = 3.0, cooling_rate = 0.999
26 - INFO - chord#: 160 done. best_score=94.0, changed=615, unchanged=345, early_stops=8/8
26 - INFO - chord#: 162 In build_straw_man_chord_sa. tolerance = 1, sa_iterations = 1000, initial_temperature = 3.0, cooling_rate = 0.999
26 - INFO - chord#: 144 done. best_score=27.0, changed=530, unchanged=489, early_stops=8/8
26 - INFO - chord#: 148 In build_straw_man_chord_sa. tolerance = 1, sa_iterations = 1000, initial_temperature = 3.0, cooling_rate = 0.999
26 - INFO - chord#: 164 done. best_score=27.0, changed=514, unchanged=417, early_stops=8/8
26 - INFO - chord#: 172 In build_straw_man_chord_sa. tolerance = 1, sa_iterations = 1000, initial_temperature = 3.0, cooling_rate = 0.999
26 - INFO - chord#: 176 done. best_score=36.0, changed=516, unchanged=338, early_stops=8/8
26 - INFO - chord#: 178 In build_straw_man_chord_sa. tolerance = 1, sa_iterations = 1000, initial_temperature = 3.0, cooling_rate = 0.999
26 - INFO - chord#: 148 done. best_score=96.0, changed=609, unchanged=250, early_stops=8/8
26 - INFO - chord#: 152 In build_straw_man_chord_sa. tolerance = 1, sa_iterations = 1000, initial_temperature = 3.0, cooling_rate = 0.999
26 - INFO - chord#: 154 done. best_score=74.0, changed=610, unchanged=377, early_stops=8/8
26 - INFO - chord#: 156 In build_straw_man_chord_sa. tolerance = 1, sa_iterations = 1000, initial_temperature = 3.0, cooling_rate = 0.999
26 - INFO - chord#: 182 done. best_score=36.0, changed=522, unchanged=530, early_stops=8/8
26 - INFO - chord#: 184 In build_straw_man_chord_sa. tolerance = 1, sa_iterations = 1000, initial_temperature = 3.0, cooling_rate = 0.999
26 - INFO - chord#: 144 done. best_score=27.0, changed=517, unchanged=365, early_stops=8/8
26 - INFO - chord#: 148 In build_straw_man_chord_sa. tolerance = 1, sa_iterations = 1000, initial_temperature = 3.0, cooling_rate = 0.999
26 - INFO - chord#: 148 done. best_score=96.0, changed=611, unchanged=418, early_stops=8/8
26 - INFO - chord#: 152 In build_straw_man_chord_sa. tolerance = 1, sa_iterations = 1000, initial_temperature = 3.0, cooling_rate = 0.999
26 - INFO - chord#: 192 done. best_score=59.0, changed=529, unchanged=383, early_stops=8/8
26 - INFO - chord#: 194 In build_straw_man_chord_sa. tolerance = 1, sa_iterations = 1000, initial_temperature = 3.0, cooling_rate = 0.999
26 - INFO - chord#: 180 done. best_score=78.0, changed=614, unchanged=308, early_stops=8/8
26 - INFO - chord#: 182 In build_straw_man_chord_sa. tolerance = 1, sa_iterations = 1000, initial_temperature = 3.0, cooling_rate = 0.999
26 - INFO - chord#: 152 done. best_score=27.0, changed=521, unchanged=370, early_stops=8/8
26 - INFO - chord#: 154 In build_straw_man_chord_sa. tolerance = 1, sa_iterations = 1000, initial_temperature = 3.0, cooling_rate = 0.999
26 - INFO - chord#: 172 done. best_score=27.0, changed=518, unchanged=383, early_stops=8/8
26 - INFO - chord#: 176 In build_straw_man_chord_sa. tolerance = 1, sa_iterations = 1000, initial_temperature = 3.0, cooling_rate = 0.999
26 - INFO - chord#: 178 done. best_score=61.0, changed=536, unchanged=293, early_stops=8/8
26 - INFO - chord#: 180 In build_straw_man_chord_sa. tolerance = 1, sa_iterations = 1000, initial_temperature = 3.0, cooling_rate = 0.999
26 - INFO - chord#: 156 done. best_score=27.0, changed=522, unchanged=417, early_stops=8/8
26 - INFO - chord#: 158 In build_straw_man_chord_sa. tolerance = 1, sa_iterations = 1000, initial_temperature = 3.0, cooling_rate = 0.999
26 - INFO - chord#: 184 done. best_score=27.0, changed=518, unchanged=461, early_stops=8/8
26 - INFO - chord#: 188 In build_straw_man_chord_sa. tolerance = 1, sa_iterations = 1000, initial_temperature = 3.0, cooling_rate = 0.999
26 - INFO - chord#: 162 done. best_score=67.0, changed=611, unchanged=336, early_stops=8/8
26 - INFO - chord#: 164 In build_straw_man_chord_sa. tolerance = 1, sa_iterations = 1000, initial_temperature = 3.0, cooling_rate = 0.999
26 - INFO - chord#: 194 done. best_score=55.0, changed=523, unchanged=463, early_stops=8/8
26 - INFO - chord#: 196 In build_straw_man_chord_sa. tolerance = 1, sa_iterations = 1000, initial_temperature = 3.0, cooling_rate = 0.999
26 - INFO - chord#: 152 done. best_score=27.0, changed=521, unchanged=397, early_stops=8/8
26 - INFO - chord#: 154 In build_straw_man_chord_sa. tolerance = 1, sa_iterations = 1000, initial_temperature = 3.0, cooling_rate = 0.999
26 - INFO - chord#: 182 done. best_score=36.0, changed=520, unchanged=405, early_stops=8/8
26 - INFO - chord#: 184 In build_straw_man_chord_sa. tolerance = 1, sa_iterations = 1000, initial_temperature = 3.0, cooling_rate = 0.999
26 - INFO - chord#: 160 done. best_score=94.0, changed=610, unchanged=227, early_stops=8/8
26 - INFO - chord#: 162 In build_straw_man_chord_sa. tolerance = 1, sa_iterations = 1000, initial_temperature = 3.0, cooling_rate = 0.999
26 - INFO - chord#: 158 done. best_score=31.0, changed=527, unchanged=399, early_stops=8/8
26 - INFO - chord#: 160 In build_straw_man_chord_sa. tolerance = 1, sa_iterations = 1000, initial_temperature = 3.0, cooling_rate = 0.999
26 - INFO - chord#: 148 done. best_score=74.0, changed=611, unchanged=282, early_stops=8/8
26 - INFO - chord#: 152 In build_straw_man_chord_sa. tolerance = 1, sa_iterations = 1000, initial_temperature = 3.0, cooling_rate = 0.999
26 - INFO - chord#: 188 done. best_score=27.0, changed=519, unchanged=361, early_stops=8/8
26 - INFO - chord#: 192 In build_straw_man_chord_sa. tolerance = 1, sa_iterations = 1000, initial_temperature = 3.0, cooling_rate = 0.999
26 - INFO - chord#: 176 done. best_score=36.0, changed=518, unchanged=448, early_stops=8/8
26 - INFO - chord#: 178 In build_straw_man_chord_sa. tolerance = 1, sa_iterations = 1000, initial_temperature = 3.0, cooling_rate = 0.999
26 - INFO - chord#: 164 done. best_score=27.0, changed=523, unchanged=617, early_stops=8/8
26 - INFO - chord#: 172 In build_straw_man_chord_sa. tolerance = 1, sa_iterations = 1000, initial_temperature = 3.0, cooling_rate = 0.999
26 - INFO - chord#: 196 done. best_score=27.0, changed=521, unchanged=427, early_stops=8/8
26 - INFO - chord#: 198 In build_straw_man_chord_sa. tolerance = 1, sa_iterations = 1000, initial_temperature = 3.0, cooling_rate = 0.999
26 - INFO - chord#: 184 done. best_score=27.0, changed=522, unchanged=558, early_stops=8/8
26 - INFO - chord#: 188 In build_straw_man_chord_sa. tolerance = 1, sa_iterations = 1000, initial_temperature = 3.0, cooling_rate = 0.999
26 - INFO - chord#: 154 done. best_score=121.0, changed=610, unchanged=289, early_stops=8/8
26 - INFO - chord#: 156 In build_straw_man_chord_sa. tolerance = 1, sa_iterations = 1000, initial_temperature = 3.0, cooling_rate = 0.999
26 - INFO - chord#: 148 done. best_score=74.0, changed=613, unchanged=325, early_stops=8/8
26 - INFO - chord#: 152 In build_straw_man_chord_sa. tolerance = 1, sa_iterations = 1000, initial_temperature = 3.0, cooling_rate = 0.999
26 - INFO - chord#: 192 done. best_score=59.0, changed=522, unchanged=398, early_stops=8/8
26 - INFO - chord#: 194 In build_straw_man_chord_sa. tolerance = 1, sa_iterations = 1000, initial_temperature = 3.0, cooling_rate = 0.999
26 - INFO - chord#: 152 done. best_score=27.0, changed=526, unchanged=436, early_stops=8/8
26 - INFO - chord#: 154 In build_straw_man_chord_sa. tolerance = 1, sa_iterations = 1000, initial_temperature = 3.0, cooling_rate = 0.999
26 - INFO - chord#: 178 done. best_score=61.0, changed=535, unchanged=342, early_stops=8/8
26 - INFO - chord#: 180 In build_straw_man_chord_sa. tolerance = 1, sa_iterations = 1000, initial_temperature = 3.0, cooling_rate = 0.999
26 - INFO - chord#: 180 done. best_score=67.0, changed=616, unchanged=339, early_stops=8/8
26 - INFO - chord#: 182 In build_straw_man_chord_sa. tolerance = 1, sa_iterations = 1000, initial_temperature = 3.0, cooling_rate = 0.999
26 - INFO - chord#: 172 done. best_score=27.0, changed=519, unchanged=437, early_stops=8/8
26 - INFO - chord#: 176 In build_straw_man_chord_sa. tolerance = 1, sa_iterations = 1000, initial_temperature = 3.0, cooling_rate = 0.999
26 - INFO - chord#: 188 done. best_score=27.0, changed=521, unchanged=333, early_stops=8/8
26 - INFO - chord#: 192 In build_straw_man_chord_sa. tolerance = 1, sa_iterations = 1000, initial_temperature = 3.0, cooling_rate = 0.999
26 - INFO - chord#: 154 done. best_score=104.0, changed=604, unchanged=246, early_stops=8/8
26 - INFO - chord#: 156 In build_straw_man_chord_sa. tolerance = 1, sa_iterations = 1000, initial_temperature = 3.0, cooling_rate = 0.999
26 - INFO - chord#: 162 done. best_score=67.0, changed=612, unchanged=255, early_stops=8/8
26 - INFO - chord#: 164 In build_straw_man_chord_sa. tolerance = 1, sa_iterations = 1000, initial_temperature = 3.0, cooling_rate = 0.999
26 - INFO - chord#: 156 done. best_score=27.0, changed=521, unchanged=468, early_stops=8/8
26 - INFO - chord#: 158 In build_straw_man_chord_sa. tolerance = 1, sa_iterations = 1000, initial_temperature = 3.0, cooling_rate = 0.999
26 - INFO - chord#: 160 done. best_score=93.0, changed=612, unchanged=384, early_stops=8/8
26 - INFO - chord#: 162 In build_straw_man_chord_sa. tolerance = 1, sa_iterations = 1000, initial_temperature = 3.0, cooling_rate = 0.999
26 - INFO - chord#: 194 done. best_score=59.0, changed=521, unchanged=511, early_stops=8/8
26 - INFO - chord#: 196 In build_straw_man_chord_sa. tolerance = 1, sa_iterations = 1000, initial_temperature = 3.0, cooling_rate = 0.999
26 - INFO - chord#: 152 done. best_score=27.0, changed=530, unchanged=482, early_stops=8/8
26 - INFO - chord#: 154 In build_straw_man_chord_sa. tolerance = 1, sa_iterations = 1000, initial_temperature = 3.0, cooling_rate = 0.999
26 - INFO - chord#: 198 done. best_score=125.0, changed=615, unchanged=271, early_stops=8/8
26 - INFO - chord#: 200 In build_straw_man_chord_sa. tolerance = 1, sa_iterations = 1000, initial_temperature = 3.0, cooling_rate = 0.999
26 - INFO - chord#: 176 done. best_score=36.0, changed=536, unchanged=408, early_stops=8/8
26 - INFO - chord#: 178 In build_straw_man_chord_sa. tolerance = 1, sa_iterations = 1000, initial_temperature = 3.0, cooling_rate = 0.999
26 - INFO - chord#: 182 done. best_score=36.0, changed=524, unchanged=401, early_stops=8/8
26 - INFO - chord#: 192 done. best_score=59.0, changed=519, unchanged=386, early_stops=8/8
26 - INFO - chord#: 184 In build_straw_man_chord_sa. tolerance = 1, sa_iterations = 1000, initial_temperature = 3.0, cooling_rate = 0.999
26 - INFO - chord#: 194 In build_straw_man_chord_sa. tolerance = 1, sa_iterations = 1000, initial_temperature = 3.0, cooling_rate = 0.999
26 - INFO - chord#: 158 done. best_score=31.0, changed=519, unchanged=350, early_stops=8/8
26 - INFO - chord#: 160 In build_straw_man_chord_sa. tolerance = 1, sa_iterations = 1000, initial_temperature = 3.0, cooling_rate = 0.999
26 - INFO - chord#: 156 done. best_score=27.0, changed=521, unchanged=422, early_stops=8/8
26 - INFO - chord#: 158 In build_straw_man_chord_sa. tolerance = 1, sa_iterations = 1000, initial_temperature = 3.0, cooling_rate = 0.999
26 - INFO - chord#: 164 done. best_score=27.0, changed=525, unchanged=398, early_stops=8/8
26 - INFO - chord#: 172 In build_straw_man_chord_sa. tolerance = 1, sa_iterations = 1000, initial_temperature = 3.0, cooling_rate = 0.999
26 - INFO - chord#: 196 done. best_score=27.0, changed=521, unchanged=410, early_stops=8/8
26 - INFO - chord#: 198 In build_straw_man_chord_sa. tolerance = 1, sa_iterations = 1000, initial_temperature = 3.0, cooling_rate = 0.999
26 - INFO - chord#: 200 done. best_score=27.0, changed=512, unchanged=336, early_stops=8/8
26 - INFO - chord#: 204 In build_straw_man_chord_sa. tolerance = 1, sa_iterations = 1000, initial_temperature = 3.0, cooling_rate = 0.999
26 - INFO - chord#: 178 done. best_score=61.0, changed=533, unchanged=319, early_stops=8/8
26 - INFO - chord#: 180 In build_straw_man_chord_sa. tolerance = 1, sa_iterations = 1000, initial_temperature = 3.0, cooling_rate = 0.999
26 - INFO - chord#: 194 done. best_score=59.0, changed=516, unchanged=392, early_stops=8/8
26 - INFO - chord#: 196 In build_straw_man_chord_sa. tolerance = 1, sa_iterations = 1000, initial_temperature = 3.0, cooling_rate = 0.999
26 - INFO - chord#: 184 done. best_score=27.0, changed=518, unchanged=310, early_stops=8/8
26 - INFO - chord#: 188 In build_straw_man_chord_sa. tolerance = 1, sa_iterations = 1000, initial_temperature = 3.0, cooling_rate = 0.999
26 - INFO - chord#: 154 done. best_score=96.0, changed=613, unchanged=317, early_stops=8/8
26 - INFO - chord#: 156 In build_straw_man_chord_sa. tolerance = 1, sa_iterations = 1000, initial_temperature = 3.0, cooling_rate = 0.999
26 - INFO - chord#: 162 done. best_score=162.0, changed=614, unchanged=245, early_stops=8/8
26 - INFO - chord#: 164 In build_straw_man_chord_sa. tolerance = 1, sa_iterations = 1000, initial_temperature = 3.0, cooling_rate = 0.999
26 - INFO - chord#: 158 done. best_score=31.0, changed=534, unchanged=481, early_stops=8/8
26 - INFO - chord#: 160 In build_straw_man_chord_sa. tolerance = 1, sa_iterations = 1000, initial_temperature = 3.0, cooling_rate = 0.999
26 - INFO - chord#: 172 done. best_score=27.0, changed=523, unchanged=434, early_stops=8/8
26 - INFO - chord#: 176 In build_straw_man_chord_sa. tolerance = 1, sa_iterations = 1000, initial_temperature = 3.0, cooling_rate = 0.999
26 - INFO - chord#: 204 done. best_score=27.0, changed=525, unchanged=409, early_stops=8/8
26 - INFO - chord#: 206 In build_straw_man_chord_sa. tolerance = 1, sa_iterations = 1000, initial_temperature = 3.0, cooling_rate = 0.999
26 - INFO - chord#: 196 done. best_score=27.0, changed=521, unchanged=508, early_stops=8/8
26 - INFO - chord#: 198 In build_straw_man_chord_sa. tolerance = 1, sa_iterations = 1000, initial_temperature = 3.0, cooling_rate = 0.999
26 - INFO - chord#: 188 done. best_score=27.0, changed=520, unchanged=371, early_stops=8/8
26 - INFO - chord#: 192 In build_straw_man_chord_sa. tolerance = 1, sa_iterations = 1000, initial_temperature = 3.0, cooling_rate = 0.999
26 - INFO - chord#: 180 done. best_score=67.0, changed=617, unchanged=535, early_stops=8/8
26 - INFO - chord#: 182 In build_straw_man_chord_sa. tolerance = 1, sa_iterations = 1000, initial_temperature = 3.0, cooling_rate = 0.999
26 - INFO - chord#: 154 done. best_score=96.0, changed=614, unchanged=267, early_stops=8/8
26 - INFO - chord#: 156 In build_straw_man_chord_sa. tolerance = 1, sa_iterations = 1000, initial_temperature = 3.0, cooling_rate = 0.999
26 - INFO - chord#: 164 done. best_score=27.0, changed=516, unchanged=384, early_stops=8/8
26 - INFO - chord#: 172 In build_straw_man_chord_sa. tolerance = 1, sa_iterations = 1000, initial_temperature = 3.0, cooling_rate = 0.999
26 - INFO - chord#: 160 done. best_score=94.0, changed=617, unchanged=374, early_stops=8/8
26 - INFO - chord#: 162 In build_straw_man_chord_sa. tolerance = 1, sa_iterations = 1000, initial_temperature = 3.0, cooling_rate = 0.999
26 - INFO - chord#: 156 done. best_score=27.0, changed=516, unchanged=391, early_stops=8/8
26 - INFO - chord#: 158 In build_straw_man_chord_sa. tolerance = 1, sa_iterations = 1000, initial_temperature = 3.0, cooling_rate = 0.999
26 - INFO - chord#: 180 done. best_score=67.0, changed=614, unchanged=303, early_stops=8/8
26 - INFO - chord#: 182 In build_straw_man_chord_sa. tolerance = 1, sa_iterations = 1000, initial_temperature = 3.0, cooling_rate = 0.999
26 - INFO - chord#: 176 done. best_score=36.0, changed=519, unchanged=377, early_stops=8/8
26 - INFO - chord#: 178 In build_straw_man_chord_sa. tolerance = 1, sa_iterations = 1000, initial_temperature = 3.0, cooling_rate = 0.999
26 - INFO - chord#: 198 done. best_score=125.0, changed=617, unchanged=464, early_stops=8/8
26 - INFO - chord#: 200 In build_straw_man_chord_sa. tolerance = 1, sa_iterations = 1000, initial_temperature = 3.0, cooling_rate = 0.999
26 - INFO - chord#: 182 done. best_score=36.0, changed=515, unchanged=325, early_stops=8/8
26 - INFO - chord#: 184 In build_straw_man_chord_sa. tolerance = 1, sa_iterations = 1000, initial_temperature = 3.0, cooling_rate = 0.999
26 - INFO - chord#: 192 done. best_score=59.0, changed=518, unchanged=400, early_stops=8/8
26 - INFO - chord#: 194 In build_straw_man_chord_sa. tolerance = 1, sa_iterations = 1000, initial_temperature = 3.0, cooling_rate = 0.999
26 - INFO - chord#: 172 done. best_score=27.0, changed=524, unchanged=422, early_stops=8/8
26 - INFO - chord#: 176 In build_straw_man_chord_sa. tolerance = 1, sa_iterations = 1000, initial_temperature = 3.0, cooling_rate = 0.999
26 - INFO - chord#: 156 done. best_score=27.0, changed=520, unchanged=322, early_stops=8/8
26 - INFO - chord#: 158 In build_straw_man_chord_sa. tolerance = 1, sa_iterations = 1000, initial_temperature = 3.0, cooling_rate = 0.999
26 - INFO - chord#: 158 done. best_score=31.0, changed=524, unchanged=352, early_stops=8/8
26 - INFO - chord#: 160 In build_straw_man_chord_sa. tolerance = 1, sa_iterations = 1000, initial_temperature = 3.0, cooling_rate = 0.999
26 - INFO - chord#: 198 done. best_score=125.0, changed=606, unchanged=270, early_stops=8/8
26 - INFO - chord#: 200 In build_straw_man_chord_sa. tolerance = 1, sa_iterations = 1000, initial_temperature = 3.0, cooling_rate = 0.999
26 - INFO - chord#: 206 done. best_score=90.0, changed=615, unchanged=377, early_stops=8/8
26 - INFO - chord#: 207 In build_straw_man_chord_sa. tolerance = 1, sa_iterations = 1000, initial_temperature = 3.0, cooling_rate = 0.999
26 - INFO - chord#: 182 done. best_score=36.0, changed=529, unchanged=493, early_stops=8/8
26 - INFO - chord#: 184 In build_straw_man_chord_sa. tolerance = 1, sa_iterations = 1000, initial_temperature = 3.0, cooling_rate = 0.999
26 - INFO - chord#: 178 done. best_score=61.0, changed=527, unchanged=293, early_stops=8/8
26 - INFO - chord#: 180 In build_straw_man_chord_sa. tolerance = 1, sa_iterations = 1000, initial_temperature = 3.0, cooling_rate = 0.999
26 - INFO - chord#: 200 done. best_score=27.0, changed=523, unchanged=567, early_stops=8/8
26 - INFO - chord#: 204 In build_straw_man_chord_sa. tolerance = 1, sa_iterations = 1000, initial_temperature = 3.0, cooling_rate = 0.999
26 - INFO - chord#: 162 done. best_score=67.0, changed=609, unchanged=284, early_stops=8/8
26 - INFO - chord#: 164 In build_straw_man_chord_sa. tolerance = 1, sa_iterations = 1000, initial_temperature = 3.0, cooling_rate = 0.999
26 - INFO - chord#: 158 done. best_score=31.0, changed=521, unchanged=359, early_stops=8/8
26 - INFO - chord#: 160 In build_straw_man_chord_sa. tolerance = 1, sa_iterations = 1000, initial_temperature = 3.0, cooling_rate = 0.999
26 - INFO - chord#: 184 done. best_score=27.0, changed=526, unchanged=471, early_stops=8/8
26 - INFO - chord#: 188 In build_straw_man_chord_sa. tolerance = 1, sa_iterations = 1000, initial_temperature = 3.0, cooling_rate = 0.999
26 - INFO - chord#: 176 done. best_score=36.0, changed=522, unchanged=431, early_stops=8/8
26 - INFO - chord#: 178 In build_straw_man_chord_sa. tolerance = 1, sa_iterations = 1000, initial_temperature = 3.0, cooling_rate = 0.999
26 - INFO - chord#: 160 done. best_score=93.0, changed=611, unchanged=428, early_stops=8/8
26 - INFO - chord#: 162 In build_straw_man_chord_sa. tolerance = 1, sa_iterations = 1000, initial_temperature = 3.0, cooling_rate = 0.999
26 - INFO - chord#: 207 done. best_score=27.0, changed=521, unchanged=324, early_stops=8/8
26 - INFO - chord#: 208 In build_straw_man_chord_sa. tolerance = 1, sa_iterations = 1000, initial_temperature = 3.0, cooling_rate = 0.999
26 - INFO - chord#: 194 done. best_score=59.0, changed=530, unchanged=582, early_stops=8/8
26 - INFO - chord#: 196 In build_straw_man_chord_sa. tolerance = 1, sa_iterations = 1000, initial_temperature = 3.0, cooling_rate = 0.999
26 - INFO - chord#: 200 done. best_score=27.0, changed=525, unchanged=526, early_stops=8/8
26 - INFO - chord#: 204 In build_straw_man_chord_sa. tolerance = 1, sa_iterations = 1000, initial_temperature = 3.0, cooling_rate = 0.999
26 - INFO - chord#: 184 done. best_score=27.0, changed=519, unchanged=494, early_stops=8/8
26 - INFO - chord#: 188 In build_straw_man_chord_sa. tolerance = 1, sa_iterations = 1000, initial_temperature = 3.0, cooling_rate = 0.999
26 - INFO - chord#: 204 done. best_score=27.0, changed=529, unchanged=406, early_stops=8/8
26 - INFO - chord#: 206 In build_straw_man_chord_sa. tolerance = 1, sa_iterations = 1000, initial_temperature = 3.0, cooling_rate = 0.999
26 - INFO - chord#: 178 done. best_score=61.0, changed=532, unchanged=298, early_stops=8/8
26 - INFO - chord#: 180 In build_straw_man_chord_sa. tolerance = 1, sa_iterations = 1000, initial_temperature = 3.0, cooling_rate = 0.999
26 - INFO - chord#: 164 done. best_score=27.0, changed=520, unchanged=615, early_stops=8/8
26 - INFO - chord#: 172 In build_straw_man_chord_sa. tolerance = 1, sa_iterations = 1000, initial_temperature = 3.0, cooling_rate = 0.999
26 - INFO - chord#: 188 done. best_score=27.0, changed=530, unchanged=387, early_stops=8/8
26 - INFO - chord#: 192 In build_straw_man_chord_sa. tolerance = 1, sa_iterations = 1000, initial_temperature = 3.0, cooling_rate = 0.999
26 - INFO - chord#: 204 done. best_score=27.0, changed=524, unchanged=420, early_stops=8/8
26 - INFO - chord#: 206 In build_straw_man_chord_sa. tolerance = 1, sa_iterations = 1000, initial_temperature = 3.0, cooling_rate = 0.999
26 - INFO - chord#: 160 done. best_score=93.0, changed=608, unchanged=256, early_stops=8/8
26 - INFO - chord#: 162 In build_straw_man_chord_sa. tolerance = 1, sa_iterations = 1000, initial_temperature = 3.0, cooling_rate = 0.999
26 - INFO - chord#: 188 done. best_score=27.0, changed=524, unchanged=450, early_stops=8/8
26 - INFO - chord#: 192 In build_straw_man_chord_sa. tolerance = 1, sa_iterations = 1000, initial_temperature = 3.0, cooling_rate = 0.999
26 - INFO - chord#: 196 done. best_score=27.0, changed=530, unchanged=453, early_stops=8/8
26 - INFO - chord#: 198 In build_straw_man_chord_sa. tolerance = 1, sa_iterations = 1000, initial_temperature = 3.0, cooling_rate = 0.999
26 - INFO - chord#: 180 done. best_score=137.0, changed=612, unchanged=258, early_stops=8/8
26 - INFO - chord#: 182 In build_straw_man_chord_sa. tolerance = 1, sa_iterations = 1000, initial_temperature = 3.0, cooling_rate = 0.999
26 - INFO - chord#: 172 done. best_score=27.0, changed=525, unchanged=399, early_stops=8/8
26 - INFO - chord#: 176 In build_straw_man_chord_sa. tolerance = 1, sa_iterations = 1000, initial_temperature = 3.0, cooling_rate = 0.999
26 - INFO - chord#: 162 done. best_score=78.0, changed=605, unchanged=218, early_stops=8/8
26 - INFO - chord#: 164 In build_straw_man_chord_sa. tolerance = 1, sa_iterations = 1000, initial_temperature = 3.0, cooling_rate = 0.999
26 - INFO - chord#: 208 done. best_score=113.0, changed=610, unchanged=284, early_stops=8/8
26 - INFO - chord#: 212 In build_straw_man_chord_sa. tolerance = 1, sa_iterations = 1000, initial_temperature = 3.0, cooling_rate = 0.999
26 - INFO - chord#: 192 done. best_score=59.0, changed=518, unchanged=454, early_stops=8/8
26 - INFO - chord#: 194 In build_straw_man_chord_sa. tolerance = 1, sa_iterations = 1000, initial_temperature = 3.0, cooling_rate = 0.999
26 - INFO - chord#: 160 done. best_score=96.0, changed=609, unchanged=255, early_stops=8/8
26 - INFO - chord#: 162 In build_straw_man_chord_sa. tolerance = 1, sa_iterations = 1000, initial_temperature = 3.0, cooling_rate = 0.999
26 - INFO - chord#: 192 done. best_score=59.0, changed=524, unchanged=469, early_stops=8/8
26 - INFO - chord#: 194 In build_straw_man_chord_sa. tolerance = 1, sa_iterations = 1000, initial_temperature = 3.0, cooling_rate = 0.999
26 - INFO - chord#: 176 done. best_score=36.0, changed=524, unchanged=372, early_stops=8/8
26 - INFO - chord#: 178 In build_straw_man_chord_sa. tolerance = 1, sa_iterations = 1000, initial_temperature = 3.0, cooling_rate = 0.999
26 - INFO - chord#: 180 done. best_score=78.0, changed=615, unchanged=366, early_stops=8/8
26 - INFO - chord#: 182 In build_straw_man_chord_sa. tolerance = 1, sa_iterations = 1000, initial_temperature = 3.0, cooling_rate = 0.999
26 - INFO - chord#: 182 done. best_score=36.0, changed=517, unchanged=477, early_stops=8/8
26 - INFO - chord#: 184 In build_straw_man_chord_sa. tolerance = 1, sa_iterations = 1000, initial_temperature = 3.0, cooling_rate = 0.999
26 - INFO - chord#: 212 done. best_score=27.0, changed=521, unchanged=458, early_stops=8/8
26 - INFO - chord#: 214 In build_straw_man_chord_sa. tolerance = 1, sa_iterations = 1000, initial_temperature = 3.0, cooling_rate = 0.999
26 - INFO - chord#: 206 done. best_score=90.0, changed=617, unchanged=520, early_stops=8/8
26 - INFO - chord#: 207 In build_straw_man_chord_sa. tolerance = 1, sa_iterations = 1000, initial_temperature = 3.0, cooling_rate = 0.999
26 - INFO - chord#: 164 done. best_score=27.0, changed=526, unchanged=411, early_stops=8/8
26 - INFO - chord#: 172 In build_straw_man_chord_sa. tolerance = 1, sa_iterations = 1000, initial_temperature = 3.0, cooling_rate = 0.999
26 - INFO - chord#: 206 done. best_score=150.0, changed=610, unchanged=299, early_stops=8/8
26 - INFO - chord#: 207 In build_straw_man_chord_sa. tolerance = 1, sa_iterations = 1000, initial_temperature = 3.0, cooling_rate = 0.999
26 - INFO - chord#: 194 done. best_score=55.0, changed=522, unchanged=375, early_stops=8/8
26 - INFO - chord#: 196 In build_straw_man_chord_sa. tolerance = 1, sa_iterations = 1000, initial_temperature = 3.0, cooling_rate = 0.999
26 - INFO - chord#: 194 done. best_score=59.0, changed=524, unchanged=483, early_stops=8/8
26 - INFO - chord#: 196 In build_straw_man_chord_sa. tolerance = 1, sa_iterations = 1000, initial_temperature = 3.0, cooling_rate = 0.999
26 - INFO - chord#: 162 done. best_score=78.0, changed=619, unchanged=267, early_stops=8/8
26 - INFO - chord#: 164 In build_straw_man_chord_sa. tolerance = 1, sa_iterations = 1000, initial_temperature = 3.0, cooling_rate = 0.999
26 - INFO - chord#: 178 done. best_score=61.0, changed=535, unchanged=343, early_stops=8/8
26 - INFO - chord#: 180 In build_straw_man_chord_sa. tolerance = 1, sa_iterations = 1000, initial_temperature = 3.0, cooling_rate = 0.999
26 - INFO - chord#: 182 done. best_score=36.0, changed=523, unchanged=369, early_stops=8/8
26 - INFO - chord#: 184 In build_straw_man_chord_sa. tolerance = 1, sa_iterations = 1000, initial_temperature = 3.0, cooling_rate = 0.999
26 - INFO - chord#: 198 done. best_score=125.0, changed=611, unchanged=261, early_stops=8/8
26 - INFO - chord#: 200 In build_straw_man_chord_sa. tolerance = 1, sa_iterations = 1000, initial_temperature = 3.0, cooling_rate = 0.999
26 - INFO - chord#: 207 done. best_score=27.0, changed=532, unchanged=320, early_stops=8/8
26 - INFO - chord#: 208 In build_straw_man_chord_sa. tolerance = 1, sa_iterations = 1000, initial_temperature = 3.0, cooling_rate = 0.999
26 - INFO - chord#: 184 done. best_score=27.0, changed=514, unchanged=382, early_stops=8/8
26 - INFO - chord#: 188 In build_straw_man_chord_sa. tolerance = 1, sa_iterations = 1000, initial_temperature = 3.0, cooling_rate = 0.999
26 - INFO - chord#: 207 done. best_score=27.0, changed=525, unchanged=364, early_stops=8/8
26 - INFO - chord#: 208 In build_straw_man_chord_sa. tolerance = 1, sa_iterations = 1000, initial_temperature = 3.0, cooling_rate = 0.999
26 - INFO - chord#: 172 done. best_score=27.0, changed=511, unchanged=336, early_stops=8/8
26 - INFO - chord#: 176 In build_straw_man_chord_sa. tolerance = 1, sa_iterations = 1000, initial_temperature = 3.0, cooling_rate = 0.999
26 - INFO - chord#: 162 done. best_score=67.0, changed=609, unchanged=269, early_stops=8/8
26 - INFO - chord#: 164 In build_straw_man_chord_sa. tolerance = 1, sa_iterations = 1000, initial_temperature = 3.0, cooling_rate = 0.999
26 - INFO - chord#: 164 done. best_score=27.0, changed=514, unchanged=367, early_stops=8/8
26 - INFO - chord#: 172 In build_straw_man_chord_sa. tolerance = 1, sa_iterations = 1000, initial_temperature = 3.0, cooling_rate = 0.999
26 - INFO - chord#: 184 done. best_score=27.0, changed=522, unchanged=411, early_stops=8/8
26 - INFO - chord#: 188 In build_straw_man_chord_sa. tolerance = 1, sa_iterations = 1000, initial_temperature = 3.0, cooling_rate = 0.999
26 - INFO - chord#: 196 done. best_score=27.0, changed=516, unchanged=409, early_stops=8/8
26 - INFO - chord#: 198 In build_straw_man_chord_sa. tolerance = 1, sa_iterations = 1000, initial_temperature = 3.0, cooling_rate = 0.999
26 - INFO - chord#: 196 done. best_score=27.0, changed=539, unchanged=614, early_stops=8/8
26 - INFO - chord#: 198 In build_straw_man_chord_sa. tolerance = 1, sa_iterations = 1000, initial_temperature = 3.0, cooling_rate = 0.999
26 - INFO - chord#: 214 done. best_score=96.0, changed=614, unchanged=364, early_stops=8/8
26 - INFO - chord#: 216 In build_straw_man_chord_sa. tolerance = 1, sa_iterations = 1000, initial_temperature = 3.0, cooling_rate = 0.999
26 - INFO - chord#: 200 done. best_score=27.0, changed=525, unchanged=379, early_stops=8/8
26 - INFO - chord#: 204 In build_straw_man_chord_sa. tolerance = 1, sa_iterations = 1000, initial_temperature = 3.0, cooling_rate = 0.999
26 - INFO - chord#: 188 done. best_score=27.0, changed=519, unchanged=353, early_stops=8/8
26 - INFO - chord#: 192 In build_straw_man_chord_sa. tolerance = 1, sa_iterations = 1000, initial_temperature = 3.0, cooling_rate = 0.999
26 - INFO - chord#: 188 done. best_score=27.0, changed=525, unchanged=425, early_stops=8/8
26 - INFO - chord#: 192 In build_straw_man_chord_sa. tolerance = 1, sa_iterations = 1000, initial_temperature = 3.0, cooling_rate = 0.999
26 - INFO - chord#: 176 done. best_score=36.0, changed=522, unchanged=347, early_stops=8/8
26 - INFO - chord#: 178 In build_straw_man_chord_sa. tolerance = 1, sa_iterations = 1000, initial_temperature = 3.0, cooling_rate = 0.999
26 - INFO - chord#: 216 done. best_score=27.0, changed=533, unchanged=468, early_stops=8/8
26 - INFO - chord#: 220 In build_straw_man_chord_sa. tolerance = 1, sa_iterations = 1000, initial_temperature = 3.0, cooling_rate = 0.999
26 - INFO - chord#: 172 done. best_score=27.0, changed=530, unchanged=419, early_stops=8/8
26 - INFO - chord#: 176 In build_straw_man_chord_sa. tolerance = 1, sa_iterations = 1000, initial_temperature = 3.0, cooling_rate = 0.999
26 - INFO - chord#: 164 done. best_score=27.0, changed=529, unchanged=493, early_stops=8/8
26 - INFO - chord#: 172 In build_straw_man_chord_sa. tolerance = 1, sa_iterations = 1000, initial_temperature = 3.0, cooling_rate = 0.999
26 - INFO - chord#: 208 done. best_score=105.0, changed=610, unchanged=267, early_stops=8/8
26 - INFO - chord#: 212 In build_straw_man_chord_sa. tolerance = 1, sa_iterations = 1000, initial_temperature = 3.0, cooling_rate = 0.999
26 - INFO - chord#: 180 done. best_score=78.0, changed=615, unchanged=420, early_stops=8/8
26 - INFO - chord#: 182 In build_straw_man_chord_sa. tolerance = 1, sa_iterations = 1000, initial_temperature = 3.0, cooling_rate = 0.999
26 - INFO - chord#: 208 done. best_score=105.0, changed=608, unchanged=223, early_stops=8/8
26 - INFO - chord#: 212 In build_straw_man_chord_sa. tolerance = 1, sa_iterations = 1000, initial_temperature = 3.0, cooling_rate = 0.999
26 - INFO - chord#: 204 done. best_score=27.0, changed=531, unchanged=498, early_stops=8/8
26 - INFO - chord#: 206 In build_straw_man_chord_sa. tolerance = 1, sa_iterations = 1000, initial_temperature = 3.0, cooling_rate = 0.999
26 - INFO - chord#: 192 done. best_score=59.0, changed=518, unchanged=424, early_stops=8/8
26 - INFO - chord#: 194 In build_straw_man_chord_sa. tolerance = 1, sa_iterations = 1000, initial_temperature = 3.0, cooling_rate = 0.999
26 - INFO - chord#: 192 done. best_score=59.0, changed=518, unchanged=569, early_stops=8/8
26 - INFO - chord#: 194 In build_straw_man_chord_sa. tolerance = 1, sa_iterations = 1000, initial_temperature = 3.0, cooling_rate = 0.999
26 - INFO - chord#: 212 done. best_score=27.0, changed=519, unchanged=303, early_stops=8/8
26 - INFO - chord#: 214 In build_straw_man_chord_sa. tolerance = 1, sa_iterations = 1000, initial_temperature = 3.0, cooling_rate = 0.999
26 - INFO - chord#: 212 done. best_score=27.0, changed=521, unchanged=305, early_stops=8/8
26 - INFO - chord#: 214 In build_straw_man_chord_sa. tolerance = 1, sa_iterations = 1000, initial_temperature = 3.0, cooling_rate = 0.999
26 - INFO - chord#: 178 done. best_score=61.0, changed=530, unchanged=346, early_stops=8/8
26 - INFO - chord#: 180 In build_straw_man_chord_sa. tolerance = 1, sa_iterations = 1000, initial_temperature = 3.0, cooling_rate = 0.999
26 - INFO - chord#: 198 done. best_score=142.0, changed=616, unchanged=341, early_stops=8/8
26 - INFO - chord#: 200 In build_straw_man_chord_sa. tolerance = 1, sa_iterations = 1000, initial_temperature = 3.0, cooling_rate = 0.999
26 - INFO - chord#: 198 done. best_score=140.0, changed=608, unchanged=244, early_stops=8/8
26 - INFO - chord#: 200 In build_straw_man_chord_sa. tolerance = 1, sa_iterations = 1000, initial_temperature = 3.0, cooling_rate = 0.999
26 - INFO - chord#: 182 done. best_score=36.0, changed=527, unchanged=386, early_stops=8/8
26 - INFO - chord#: 184 In build_straw_man_chord_sa. tolerance = 1, sa_iterations = 1000, initial_temperature = 3.0, cooling_rate = 0.999
26 - INFO - chord#: 176 done. best_score=36.0, changed=518, unchanged=401, early_stops=8/8
26 - INFO - chord#: 178 In build_straw_man_chord_sa. tolerance = 1, sa_iterations = 1000, initial_temperature = 3.0, cooling_rate = 0.999
26 - INFO - chord#: 172 done. best_score=27.0, changed=530, unchanged=494, early_stops=8/8
26 - INFO - chord#: 176 In build_straw_man_chord_sa. tolerance = 1, sa_iterations = 1000, initial_temperature = 3.0, cooling_rate = 0.999
26 - INFO - chord#: 194 done. best_score=55.0, changed=535, unchanged=453, early_stops=8/8
26 - INFO - chord#: 196 In build_straw_man_chord_sa. tolerance = 1, sa_iterations = 1000, initial_temperature = 3.0, cooling_rate = 0.999
26 - INFO - chord#: 194 done. best_score=55.0, changed=525, unchanged=457, early_stops=8/8
26 - INFO - chord#: 196 In build_straw_man_chord_sa. tolerance = 1, sa_iterations = 1000, initial_temperature = 3.0, cooling_rate = 0.999
26 - INFO - chord#: 184 done. best_score=27.0, changed=511, unchanged=332, early_stops=8/8
26 - INFO - chord#: 188 In build_straw_man_chord_sa. tolerance = 1, sa_iterations = 1000, initial_temperature = 3.0, cooling_rate = 0.999
26 - INFO - chord#: 220 done. best_score=67.0, changed=622, unchanged=326, early_stops=8/8
26 - INFO - chord#: 224 In build_straw_man_chord_sa. tolerance = 1, sa_iterations = 1000, initial_temperature = 3.0, cooling_rate = 0.999
26 - INFO - chord#: 200 done. best_score=27.0, changed=522, unchanged=593, early_stops=8/8
26 - INFO - chord#: 204 In build_straw_man_chord_sa. tolerance = 1, sa_iterations = 1000, initial_temperature = 3.0, cooling_rate = 0.999
26 - INFO - chord#: 178 done. best_score=61.0, changed=531, unchanged=292, early_stops=8/8
26 - INFO - chord#: 180 In build_straw_man_chord_sa. tolerance = 1, sa_iterations = 1000, initial_temperature = 3.0, cooling_rate = 0.999
26 - INFO - chord#: 224 done. best_score=9.0, changed=465, unchanged=376, early_stops=8/8
26 - INFO - chord#: 228 In build_straw_man_chord_sa. tolerance = 1, sa_iterations = 1000, initial_temperature = 3.0, cooling_rate = 0.999
26 - INFO - chord#: 200 done. best_score=27.0, changed=514, unchanged=496, early_stops=8/8
26 - INFO - chord#: 204 In build_straw_man_chord_sa. tolerance = 1, sa_iterations = 1000, initial_temperature = 3.0, cooling_rate = 0.999
26 - INFO - chord#: 214 done. best_score=93.0, changed=614, unchanged=292, early_stops=8/8
26 - INFO - chord#: 216 In build_straw_man_chord_sa. tolerance = 1, sa_iterations = 1000, initial_temperature = 3.0, cooling_rate = 0.999
26 - INFO - chord#: 176 done. best_score=36.0, changed=525, unchanged=514, early_stops=8/8
26 - INFO - chord#: 178 In build_straw_man_chord_sa. tolerance = 1, sa_iterations = 1000, initial_temperature = 3.0, cooling_rate = 0.999
26 - INFO - chord#: 214 done. best_score=93.0, changed=614, unchanged=311, early_stops=8/8
26 - INFO - chord#: 216 In build_straw_man_chord_sa. tolerance = 1, sa_iterations = 1000, initial_temperature = 3.0, cooling_rate = 0.999
26 - INFO - chord#: 206 done. best_score=135.0, changed=617, unchanged=263, early_stops=8/8
26 - INFO - chord#: 207 In build_straw_man_chord_sa. tolerance = 1, sa_iterations = 1000, initial_temperature = 3.0, cooling_rate = 0.999
26 - INFO - chord#: 188 done. best_score=27.0, changed=524, unchanged=489, early_stops=8/8
26 - INFO - chord#: 192 In build_straw_man_chord_sa. tolerance = 1, sa_iterations = 1000, initial_temperature = 3.0, cooling_rate = 0.999
26 - INFO - chord#: 228 done. best_score=27.0, changed=517, unchanged=318, early_stops=8/8
26 - INFO - chord#: 232 In build_straw_man_chord_sa. tolerance = 1, sa_iterations = 1000, initial_temperature = 3.0, cooling_rate = 0.999
26 - INFO - chord#: 196 done. best_score=27.0, changed=518, unchanged=429, early_stops=8/8
26 - INFO - chord#: 198 In build_straw_man_chord_sa. tolerance = 1, sa_iterations = 1000, initial_temperature = 3.0, cooling_rate = 0.999
26 - INFO - chord#: 204 done. best_score=27.0, changed=525, unchanged=515, early_stops=8/8
26 - INFO - chord#: 206 In build_straw_man_chord_sa. tolerance = 1, sa_iterations = 1000, initial_temperature = 3.0, cooling_rate = 0.999
26 - INFO - chord#: 196 done. best_score=27.0, changed=531, unchanged=592, early_stops=8/8
26 - INFO - chord#: 198 In build_straw_man_chord_sa. tolerance = 1, sa_iterations = 1000, initial_temperature = 3.0, cooling_rate = 0.999
26 - INFO - chord#: 204 done. best_score=27.0, changed=519, unchanged=373, early_stops=8/8
26 - INFO - chord#: 206 In build_straw_man_chord_sa. tolerance = 1, sa_iterations = 1000, initial_temperature = 3.0, cooling_rate = 0.999
26 - INFO - chord#: 216 done. best_score=27.0, changed=525, unchanged=353, early_stops=8/8
26 - INFO - chord#: 220 In build_straw_man_chord_sa. tolerance = 1, sa_iterations = 1000, initial_temperature = 3.0, cooling_rate = 0.999
26 - INFO - chord#: 216 done. best_score=27.0, changed=529, unchanged=392, early_stops=8/8
26 - INFO - chord#: 220 In build_straw_man_chord_sa. tolerance = 1, sa_iterations = 1000, initial_temperature = 3.0, cooling_rate = 0.999
26 - INFO - chord#: 180 done. best_score=161.0, changed=612, unchanged=381, early_stops=8/8
26 - INFO - chord#: 182 In build_straw_man_chord_sa. tolerance = 1, sa_iterations = 1000, initial_temperature = 3.0, cooling_rate = 0.999
26 - INFO - chord#: 178 done. best_score=61.0, changed=543, unchanged=390, early_stops=8/8
26 - INFO - chord#: 180 In build_straw_man_chord_sa. tolerance = 1, sa_iterations = 1000, initial_temperature = 3.0, cooling_rate = 0.999
26 - INFO - chord#: 207 done. best_score=27.0, changed=530, unchanged=364, early_stops=8/8
26 - INFO - chord#: 208 In build_straw_man_chord_sa. tolerance = 1, sa_iterations = 1000, initial_temperature = 3.0, cooling_rate = 0.999
26 - INFO - chord#: 192 done. best_score=59.0, changed=525, unchanged=493, early_stops=8/8
26 - INFO - chord#: 194 In build_straw_man_chord_sa. tolerance = 1, sa_iterations = 1000, initial_temperature = 3.0, cooling_rate = 0.999
26 - INFO - chord#: 182 done. best_score=36.0, changed=523, unchanged=388, early_stops=8/8
26 - INFO - chord#: 184 In build_straw_man_chord_sa. tolerance = 1, sa_iterations = 1000, initial_temperature = 3.0, cooling_rate = 0.999
26 - INFO - chord#: 180 done. best_score=67.0, changed=610, unchanged=399, early_stops=8/8
26 - INFO - chord#: 182 In build_straw_man_chord_sa. tolerance = 1, sa_iterations = 1000, initial_temperature = 3.0, cooling_rate = 0.999
26 - INFO - chord#: 194 done. best_score=59.0, changed=522, unchanged=408, early_stops=8/8
26 - INFO - chord#: 196 In build_straw_man_chord_sa. tolerance = 1, sa_iterations = 1000, initial_temperature = 3.0, cooling_rate = 0.999
26 - INFO - chord#: 206 done. best_score=90.0, changed=620, unchanged=442, early_stops=8/8
26 - INFO - chord#: 207 In build_straw_man_chord_sa. tolerance = 1, sa_iterations = 1000, initial_temperature = 3.0, cooling_rate = 0.999
26 - INFO - chord#: 232 done. best_score=78.0, changed=613, unchanged=473, early_stops=8/8
26 - INFO - chord#: 236 In build_straw_man_chord_sa. tolerance = 1, sa_iterations = 1000, initial_temperature = 3.0, cooling_rate = 0.999
26 - INFO - chord#: 220 done. best_score=67.0, changed=616, unchanged=342, early_stops=8/8
26 - INFO - chord#: 224 In build_straw_man_chord_sa. tolerance = 1, sa_iterations = 1000, initial_temperature = 3.0, cooling_rate = 0.999
26 - INFO - chord#: 220 done. best_score=142.0, changed=611, unchanged=383, early_stops=8/8
26 - INFO - chord#: 224 In build_straw_man_chord_sa. tolerance = 1, sa_iterations = 1000, initial_temperature = 3.0, cooling_rate = 0.999
26 - INFO - chord#: 198 done. best_score=140.0, changed=613, unchanged=401, early_stops=8/8
26 - INFO - chord#: 200 In build_straw_man_chord_sa. tolerance = 1, sa_iterations = 1000, initial_temperature = 3.0, cooling_rate = 0.999
26 - INFO - chord#: 224 done. best_score=9.0, changed=454, unchanged=374, early_stops=8/8
26 - INFO - chord#: 228 In build_straw_man_chord_sa. tolerance = 1, sa_iterations = 1000, initial_temperature = 3.0, cooling_rate = 0.999
26 - INFO - chord#: 198 done. best_score=78.0, changed=611, unchanged=444, early_stops=8/8
26 - INFO - chord#: 200 In build_straw_man_chord_sa. tolerance = 1, sa_iterations = 1000, initial_temperature = 3.0, cooling_rate = 0.999
26 - INFO - chord#: 224 done. best_score=9.0, changed=457, unchanged=374, early_stops=8/8
26 - INFO - chord#: 228 In build_straw_man_chord_sa. tolerance = 1, sa_iterations = 1000, initial_temperature = 3.0, cooling_rate = 0.999
26 - INFO - chord#: 180 done. best_score=67.0, changed=614, unchanged=339, early_stops=8/8
26 - INFO - chord#: 182 In build_straw_man_chord_sa. tolerance = 1, sa_iterations = 1000, initial_temperature = 3.0, cooling_rate = 0.999
26 - INFO - chord#: 196 done. best_score=27.0, changed=522, unchanged=446, early_stops=8/8
26 - INFO - chord#: 198 In build_straw_man_chord_sa. tolerance = 1, sa_iterations = 1000, initial_temperature = 3.0, cooling_rate = 0.999
26 - INFO - chord#: 184 done. best_score=27.0, changed=515, unchanged=484, early_stops=8/8
26 - INFO - chord#: 188 In build_straw_man_chord_sa. tolerance = 1, sa_iterations = 1000, initial_temperature = 3.0, cooling_rate = 0.999
26 - INFO - chord#: 206 done. best_score=97.0, changed=611, unchanged=358, early_stops=8/8
26 - INFO - chord#: 207 In build_straw_man_chord_sa. tolerance = 1, sa_iterations = 1000, initial_temperature = 3.0, cooling_rate = 0.999
26 - INFO - chord#: 182 done. best_score=36.0, changed=517, unchanged=399, early_stops=8/8
26 - INFO - chord#: 184 In build_straw_man_chord_sa. tolerance = 1, sa_iterations = 1000, initial_temperature = 3.0, cooling_rate = 0.999
26 - INFO - chord#: 236 done. best_score=36.0, changed=531, unchanged=330, early_stops=8/8
26 - INFO - chord#: 240 In build_straw_man_chord_sa. tolerance = 1, sa_iterations = 1000, initial_temperature = 3.0, cooling_rate = 0.999
26 - INFO - chord#: 207 done. best_score=27.0, changed=518, unchanged=336, early_stops=8/8
26 - INFO - chord#: 208 In build_straw_man_chord_sa. tolerance = 1, sa_iterations = 1000, initial_temperature = 3.0, cooling_rate = 0.999
26 - INFO - chord#: 240 done. best_score=11.0, changed=482, unchanged=346, early_stops=8/8
26 - INFO - chord#: 242 In build_straw_man_chord_sa. tolerance = 1, sa_iterations = 1000, initial_temperature = 3.0, cooling_rate = 0.999
26 - INFO - chord#: 228 done. best_score=27.0, changed=517, unchanged=329, early_stops=8/8
26 - INFO - chord#: 232 In build_straw_man_chord_sa. tolerance = 1, sa_iterations = 1000, initial_temperature = 3.0, cooling_rate = 0.999
26 - INFO - chord#: 228 done. best_score=27.0, changed=524, unchanged=386, early_stops=8/8
26 - INFO - chord#: 232 In build_straw_man_chord_sa. tolerance = 1, sa_iterations = 1000, initial_temperature = 3.0, cooling_rate = 0.999
26 - INFO - chord#: 182 done. best_score=36.0, changed=520, unchanged=331, early_stops=8/8
26 - INFO - chord#: 184 In build_straw_man_chord_sa. tolerance = 1, sa_iterations = 1000, initial_temperature = 3.0, cooling_rate = 0.999
26 - INFO - chord#: 200 done. best_score=27.0, changed=520, unchanged=434, early_stops=8/8
26 - INFO - chord#: 204 In build_straw_man_chord_sa. tolerance = 1, sa_iterations = 1000, initial_temperature = 3.0, cooling_rate = 0.999
26 - INFO - chord#: 208 done. best_score=105.0, changed=615, unchanged=428, early_stops=8/8
26 - INFO - chord#: 212 In build_straw_man_chord_sa. tolerance = 1, sa_iterations = 1000, initial_temperature = 3.0, cooling_rate = 0.999
26 - INFO - chord#: 207 done. best_score=27.0, changed=526, unchanged=310, early_stops=8/8
26 - INFO - chord#: 208 In build_straw_man_chord_sa. tolerance = 1, sa_iterations = 1000, initial_temperature = 3.0, cooling_rate = 0.999
26 - INFO - chord#: 188 done. best_score=27.0, changed=525, unchanged=434, early_stops=8/8
26 - INFO - chord#: 192 In build_straw_man_chord_sa. tolerance = 1, sa_iterations = 1000, initial_temperature = 3.0, cooling_rate = 0.999
26 - INFO - chord#: 200 done. best_score=27.0, changed=522, unchanged=417, early_stops=8/8
26 - INFO - chord#: 204 In build_straw_man_chord_sa. tolerance = 1, sa_iterations = 1000, initial_temperature = 3.0, cooling_rate = 0.999
26 - INFO - chord#: 184 done. best_score=27.0, changed=523, unchanged=487, early_stops=8/8
26 - INFO - chord#: 188 In build_straw_man_chord_sa. tolerance = 1, sa_iterations = 1000, initial_temperature = 3.0, cooling_rate = 0.999
26 - INFO - chord#: 204 done. best_score=27.0, changed=518, unchanged=375, early_stops=8/8
26 - INFO - chord#: 206 In build_straw_man_chord_sa. tolerance = 1, sa_iterations = 1000, initial_temperature = 3.0, cooling_rate = 0.999
26 - INFO - chord#: 198 done. best_score=125.0, changed=613, unchanged=305, early_stops=8/8
26 - INFO - chord#: 200 In build_straw_man_chord_sa. tolerance = 1, sa_iterations = 1000, initial_temperature = 3.0, cooling_rate = 0.999
26 - INFO - chord#: 212 done. best_score=27.0, changed=536, unchanged=392, early_stops=8/8
26 - INFO - chord#: 214 In build_straw_man_chord_sa. tolerance = 1, sa_iterations = 1000, initial_temperature = 3.0, cooling_rate = 0.999
26 - INFO - chord#: 184 done. best_score=27.0, changed=522, unchanged=404, early_stops=8/8
26 - INFO - chord#: 188 In build_straw_man_chord_sa. tolerance = 1, sa_iterations = 1000, initial_temperature = 3.0, cooling_rate = 0.999
26 - INFO - chord#: 204 done. best_score=27.0, changed=517, unchanged=364, early_stops=8/8
26 - INFO - chord#: 206 In build_straw_man_chord_sa. tolerance = 1, sa_iterations = 1000, initial_temperature = 3.0, cooling_rate = 0.999
26 - INFO - chord#: 192 done. best_score=59.0, changed=525, unchanged=436, early_stops=8/8
26 - INFO - chord#: 194 In build_straw_man_chord_sa. tolerance = 1, sa_iterations = 1000, initial_temperature = 3.0, cooling_rate = 0.999
26 - INFO - chord#: 188 done. best_score=27.0, changed=533, unchanged=445, early_stops=8/8
26 - INFO - chord#: 192 In build_straw_man_chord_sa. tolerance = 1, sa_iterations = 1000, initial_temperature = 3.0, cooling_rate = 0.999
26 - INFO - chord#: 208 done. best_score=93.0, changed=612, unchanged=453, early_stops=8/8
26 - INFO - chord#: 212 In build_straw_man_chord_sa. tolerance = 1, sa_iterations = 1000, initial_temperature = 3.0, cooling_rate = 0.999
26 - INFO - chord#: 242 done. best_score=101.0, changed=615, unchanged=359, early_stops=8/8
26 - INFO - chord#: 244 In build_straw_man_chord_sa. tolerance = 1, sa_iterations = 1000, initial_temperature = 3.0, cooling_rate = 0.999
26 - INFO - chord#: 232 done. best_score=140.0, changed=615, unchanged=290, early_stops=8/8
26 - INFO - chord#: 236 In build_straw_man_chord_sa. tolerance = 1, sa_iterations = 1000, initial_temperature = 3.0, cooling_rate = 0.999
26 - INFO - chord#: 200 done. best_score=27.0, changed=521, unchanged=476, early_stops=8/8
26 - INFO - chord#: 204 In build_straw_man_chord_sa. tolerance = 1, sa_iterations = 1000, initial_temperature = 3.0, cooling_rate = 0.999
26 - INFO - chord#: 232 done. best_score=137.0, changed=615, unchanged=355, early_stops=8/8
26 - INFO - chord#: 236 In build_straw_man_chord_sa. tolerance = 1, sa_iterations = 1000, initial_temperature = 3.0, cooling_rate = 0.999
26 - INFO - chord#: 188 done. best_score=27.0, changed=524, unchanged=350, early_stops=8/8
26 - INFO - chord#: 192 In build_straw_man_chord_sa. tolerance = 1, sa_iterations = 1000, initial_temperature = 3.0, cooling_rate = 0.999
26 - INFO - chord#: 212 done. best_score=27.0, changed=543, unchanged=442, early_stops=8/8
26 - INFO - chord#: 214 In build_straw_man_chord_sa. tolerance = 1, sa_iterations = 1000, initial_temperature = 3.0, cooling_rate = 0.999
26 - INFO - chord#: 244 done. best_score=27.0, changed=525, unchanged=317, early_stops=8/8
26 - INFO - chord#: 246 In build_straw_man_chord_sa. tolerance = 1, sa_iterations = 1000, initial_temperature = 3.0, cooling_rate = 0.999
26 - INFO - chord#: 236 done. best_score=36.0, changed=520, unchanged=367, early_stops=8/8
26 - INFO - chord#: 240 In build_straw_man_chord_sa. tolerance = 1, sa_iterations = 1000, initial_temperature = 3.0, cooling_rate = 0.999
26 - INFO - chord#: 208 done. best_score=105.0, changed=612, unchanged=331, early_stops=8/8
26 - INFO - chord#: 212 In build_straw_man_chord_sa. tolerance = 1, sa_iterations = 1000, initial_temperature = 3.0, cooling_rate = 0.999
26 - INFO - chord#: 194 done. best_score=55.0, changed=521, unchanged=410, early_stops=8/8
26 - INFO - chord#: 196 In build_straw_man_chord_sa. tolerance = 1, sa_iterations = 1000, initial_temperature = 3.0, cooling_rate = 0.999
26 - INFO - chord#: 240 done. best_score=11.0, changed=479, unchanged=384, early_stops=8/8
26 - INFO - chord#: 242 In build_straw_man_chord_sa. tolerance = 1, sa_iterations = 1000, initial_temperature = 3.0, cooling_rate = 0.999
26 - INFO - chord#: 236 done. best_score=36.0, changed=519, unchanged=322, early_stops=8/8
26 - INFO - chord#: 240 In build_straw_man_chord_sa. tolerance = 1, sa_iterations = 1000, initial_temperature = 3.0, cooling_rate = 0.999
26 - INFO - chord#: 192 done. best_score=65.0, changed=530, unchanged=498, early_stops=8/8
26 - INFO - chord#: 194 In build_straw_man_chord_sa. tolerance = 1, sa_iterations = 1000, initial_temperature = 3.0, cooling_rate = 0.999
26 - INFO - chord#: 204 done. best_score=27.0, changed=526, unchanged=468, early_stops=8/8
26 - INFO - chord#: 206 In build_straw_man_chord_sa. tolerance = 1, sa_iterations = 1000, initial_temperature = 3.0, cooling_rate = 0.999
26 - INFO - chord#: 206 done. best_score=97.0, changed=613, unchanged=311, early_stops=8/8
26 - INFO - chord#: 207 In build_straw_man_chord_sa. tolerance = 1, sa_iterations = 1000, initial_temperature = 3.0, cooling_rate = 0.999
26 - INFO - chord#: 240 done. best_score=11.0, changed=465, unchanged=344, early_stops=8/8
26 - INFO - chord#: 242 In build_straw_man_chord_sa. tolerance = 1, sa_iterations = 1000, initial_temperature = 3.0, cooling_rate = 0.999
26 - INFO - chord#: 214 done. best_score=96.0, changed=612, unchanged=255, early_stops=8/8
26 - INFO - chord#: 216 In build_straw_man_chord_sa. tolerance = 1, sa_iterations = 1000, initial_temperature = 3.0, cooling_rate = 0.999
26 - INFO - chord#: 192 done. best_score=59.0, changed=521, unchanged=377, early_stops=8/8
26 - INFO - chord#: 194 In build_straw_man_chord_sa. tolerance = 1, sa_iterations = 1000, initial_temperature = 3.0, cooling_rate = 0.999
26 - INFO - chord#: 212 done. best_score=27.0, changed=527, unchanged=361, early_stops=8/8
26 - INFO - chord#: 214 In build_straw_man_chord_sa. tolerance = 1, sa_iterations = 1000, initial_temperature = 3.0, cooling_rate = 0.999
26 - INFO - chord#: 196 done. best_score=27.0, changed=518, unchanged=401, early_stops=8/8
26 - INFO - chord#: 198 In build_straw_man_chord_sa. tolerance = 1, sa_iterations = 1000, initial_temperature = 3.0, cooling_rate = 0.999
26 - INFO - chord#: 207 done. best_score=27.0, changed=527, unchanged=343, early_stops=8/8
26 - INFO - chord#: 208 In build_straw_man_chord_sa. tolerance = 1, sa_iterations = 1000, initial_temperature = 3.0, cooling_rate = 0.999
26 - INFO - chord#: 214 done. best_score=93.0, changed=606, unchanged=213, early_stops=8/8
26 - INFO - chord#: 216 In build_straw_man_chord_sa. tolerance = 1, sa_iterations = 1000, initial_temperature = 3.0, cooling_rate = 0.999
26 - INFO - chord#: 216 done. best_score=27.0, changed=518, unchanged=369, early_stops=8/8
26 - INFO - chord#: 220 In build_straw_man_chord_sa. tolerance = 1, sa_iterations = 1000, initial_temperature = 3.0, cooling_rate = 0.999
26 - INFO - chord#: 194 done. best_score=55.0, changed=524, unchanged=471, early_stops=8/8
26 - INFO - chord#: 196 In build_straw_man_chord_sa. tolerance = 1, sa_iterations = 1000, initial_temperature = 3.0, cooling_rate = 0.999
26 - INFO - chord#: 206 done. best_score=95.0, changed=609, unchanged=380, early_stops=8/8
26 - INFO - chord#: 207 In build_straw_man_chord_sa. tolerance = 1, sa_iterations = 1000, initial_temperature = 3.0, cooling_rate = 0.999
26 - INFO - chord#: 194 done. best_score=59.0, changed=530, unchanged=460, early_stops=8/8
26 - INFO - chord#: 196 In build_straw_man_chord_sa. tolerance = 1, sa_iterations = 1000, initial_temperature = 3.0, cooling_rate = 0.999
26 - INFO - chord#: 216 done. best_score=27.0, changed=514, unchanged=317, early_stops=8/8
26 - INFO - chord#: 220 In build_straw_man_chord_sa. tolerance = 1, sa_iterations = 1000, initial_temperature = 3.0, cooling_rate = 0.999
26 - INFO - chord#: 246 done. best_score=96.0, changed=617, unchanged=399, early_stops=8/8
26 - INFO - chord#: 248 In build_straw_man_chord_sa. tolerance = 1, sa_iterations = 1000, initial_temperature = 3.0, cooling_rate = 0.999
26 - INFO - chord#: 206 done. best_score=149.0, changed=610, unchanged=284, early_stops=8/8
26 - INFO - chord#: 207 In build_straw_man_chord_sa. tolerance = 1, sa_iterations = 1000, initial_temperature = 3.0, cooling_rate = 0.999
26 - INFO - chord#: 242 done. best_score=106.0, changed=617, unchanged=382, early_stops=8/8
26 - INFO - chord#: 244 In build_straw_man_chord_sa. tolerance = 1, sa_iterations = 1000, initial_temperature = 3.0, cooling_rate = 0.999
26 - INFO - chord#: 196 done. best_score=27.0, changed=524, unchanged=354, early_stops=8/8
26 - INFO - chord#: 198 In build_straw_man_chord_sa. tolerance = 1, sa_iterations = 1000, initial_temperature = 3.0, cooling_rate = 0.999
26 - INFO - chord#: 207 done. best_score=27.0, changed=517, unchanged=349, early_stops=8/8
26 - INFO - chord#: 208 In build_straw_man_chord_sa. tolerance = 1, sa_iterations = 1000, initial_temperature = 3.0, cooling_rate = 0.999
26 - INFO - chord#: 242 done. best_score=106.0, changed=614, unchanged=558, early_stops=8/8
26 - INFO - chord#: 244 In build_straw_man_chord_sa. tolerance = 1, sa_iterations = 1000, initial_temperature = 3.0, cooling_rate = 0.999
26 - INFO - chord#: 207 done. best_score=27.0, changed=538, unchanged=303, early_stops=8/8
26 - INFO - chord#: 208 In build_straw_man_chord_sa. tolerance = 1, sa_iterations = 1000, initial_temperature = 3.0, cooling_rate = 0.999
26 - INFO - chord#: 196 done. best_score=27.0, changed=519, unchanged=437, early_stops=8/8
26 - INFO - chord#: 198 In build_straw_man_chord_sa. tolerance = 1, sa_iterations = 1000, initial_temperature = 3.0, cooling_rate = 0.999
26 - INFO - chord#: 244 done. best_score=36.0, changed=528, unchanged=324, early_stops=8/8
26 - INFO - chord#: 246 In build_straw_man_chord_sa. tolerance = 1, sa_iterations = 1000, initial_temperature = 3.0, cooling_rate = 0.999
26 - INFO - chord#: 198 done. best_score=119.0, changed=614, unchanged=256, early_stops=8/8
26 - INFO - chord#: 214 done. best_score=96.0, changed=616, unchanged=418, early_stops=8/8
26 - INFO - chord#: 200 In build_straw_man_chord_sa. tolerance = 1, sa_iterations = 1000, initial_temperature = 3.0, cooling_rate = 0.999
26 - INFO - chord#: 216 In build_straw_man_chord_sa. tolerance = 1, sa_iterations = 1000, initial_temperature = 3.0, cooling_rate = 0.999
26 - INFO - chord#: 244 done. best_score=27.0, changed=522, unchanged=455, early_stops=8/8
26 - INFO - chord#: 246 In build_straw_man_chord_sa. tolerance = 1, sa_iterations = 1000, initial_temperature = 3.0, cooling_rate = 0.999
26 - INFO - chord#: 208 done. best_score=93.0, changed=613, unchanged=521, early_stops=8/8
26 - INFO - chord#: 212 In build_straw_man_chord_sa. tolerance = 1, sa_iterations = 1000, initial_temperature = 3.0, cooling_rate = 0.999
26 - INFO - chord#: 220 done. best_score=67.0, changed=611, unchanged=413, early_stops=8/8
26 - INFO - chord#: 224 In build_straw_man_chord_sa. tolerance = 1, sa_iterations = 1000, initial_temperature = 3.0, cooling_rate = 0.999
26 - INFO - chord#: 248 done. best_score=149.0, changed=622, unchanged=365, early_stops=8/8
26 - INFO - chord#: 250 In build_straw_man_chord_sa. tolerance = 1, sa_iterations = 1000, initial_temperature = 3.0, cooling_rate = 0.999
26 - INFO - chord#: 216 done. best_score=27.0, changed=519, unchanged=343, early_stops=8/8
26 - INFO - chord#: 220 In build_straw_man_chord_sa. tolerance = 1, sa_iterations = 1000, initial_temperature = 3.0, cooling_rate = 0.999
26 - INFO - chord#: 220 done. best_score=67.0, changed=616, unchanged=453, early_stops=8/8
26 - INFO - chord#: 224 In build_straw_man_chord_sa. tolerance = 1, sa_iterations = 1000, initial_temperature = 3.0, cooling_rate = 0.999
26 - INFO - chord#: 212 done. best_score=27.0, changed=518, unchanged=388, early_stops=8/8
26 - INFO - chord#: 214 In build_straw_man_chord_sa. tolerance = 1, sa_iterations = 1000, initial_temperature = 3.0, cooling_rate = 0.999
26 - INFO - chord#: 224 done. best_score=9.0, changed=452, unchanged=354, early_stops=8/8
26 - INFO - chord#: 228 In build_straw_man_chord_sa. tolerance = 1, sa_iterations = 1000, initial_temperature = 3.0, cooling_rate = 0.999
26 - INFO - chord#: 198 done. best_score=151.0, changed=607, unchanged=231, early_stops=8/8
26 - INFO - chord#: 200 In build_straw_man_chord_sa. tolerance = 1, sa_iterations = 1000, initial_temperature = 3.0, cooling_rate = 0.999
26 - INFO - chord#: 200 done. best_score=27.0, changed=523, unchanged=445, early_stops=8/8
26 - INFO - chord#: 204 In build_straw_man_chord_sa. tolerance = 1, sa_iterations = 1000, initial_temperature = 3.0, cooling_rate = 0.999
26 - INFO - chord#: 224 done. best_score=9.0, changed=446, unchanged=372, early_stops=8/8
26 - INFO - chord#: 228 In build_straw_man_chord_sa. tolerance = 1, sa_iterations = 1000, initial_temperature = 3.0, cooling_rate = 0.999
26 - INFO - chord#: 208 done. best_score=105.0, changed=609, unchanged=324, early_stops=8/8
26 - INFO - chord#: 212 In build_straw_man_chord_sa. tolerance = 1, sa_iterations = 1000, initial_temperature = 3.0, cooling_rate = 0.999
26 - INFO - chord#: 246 done. best_score=149.0, changed=611, unchanged=323, early_stops=8/8
26 - INFO - chord#: 250 done. best_score=61.0, changed=530, unchanged=303, early_stops=8/8
26 - INFO - chord#: 248 In build_straw_man_chord_sa. tolerance = 1, sa_iterations = 1000, initial_temperature = 3.0, cooling_rate = 0.999
26 - INFO - chord#: 252 In build_straw_man_chord_sa. tolerance = 1, sa_iterations = 1000, initial_temperature = 3.0, cooling_rate = 0.999
26 - INFO - chord#: 228 done. best_score=27.0, changed=516, unchanged=351, early_stops=8/8
26 - INFO - chord#: 232 In build_straw_man_chord_sa. tolerance = 1, sa_iterations = 1000, initial_temperature = 3.0, cooling_rate = 0.999
26 - INFO - chord#: 208 done. best_score=105.0, changed=613, unchanged=441, early_stops=8/8
26 - INFO - chord#: 212 In build_straw_man_chord_sa. tolerance = 1, sa_iterations = 1000, initial_temperature = 3.0, cooling_rate = 0.999
26 - INFO - chord#: 228 done. best_score=27.0, changed=517, unchanged=329, early_stops=8/8
26 - INFO - chord#: 232 In build_straw_man_chord_sa. tolerance = 1, sa_iterations = 1000, initial_temperature = 3.0, cooling_rate = 0.999
26 - INFO - chord#: 200 done. best_score=27.0, changed=524, unchanged=372, early_stops=8/8
26 - INFO - chord#: 204 In build_straw_man_chord_sa. tolerance = 1, sa_iterations = 1000, initial_temperature = 3.0, cooling_rate = 0.999
26 - INFO - chord#: 212 done. best_score=27.0, changed=518, unchanged=389, early_stops=8/8
26 - INFO - chord#: 214 In build_straw_man_chord_sa. tolerance = 1, sa_iterations = 1000, initial_temperature = 3.0, cooling_rate = 0.999
26 - INFO - chord#: 204 done. best_score=27.0, changed=525, unchanged=464, early_stops=8/8
26 - INFO - chord#: 206 In build_straw_man_chord_sa. tolerance = 1, sa_iterations = 1000, initial_temperature = 3.0, cooling_rate = 0.999
26 - INFO - chord#: 246 done. best_score=96.0, changed=613, unchanged=454, early_stops=8/8
26 - INFO - chord#: 248 In build_straw_man_chord_sa. tolerance = 1, sa_iterations = 1000, initial_temperature = 3.0, cooling_rate = 0.999
26 - INFO - chord#: 198 done. best_score=78.0, changed=613, unchanged=509, early_stops=8/8
26 - INFO - chord#: 200 In build_straw_man_chord_sa. tolerance = 1, sa_iterations = 1000, initial_temperature = 3.0, cooling_rate = 0.999
26 - INFO - chord#: 214 done. best_score=93.0, changed=612, unchanged=320, early_stops=8/8
26 - INFO - chord#: 216 In build_straw_man_chord_sa. tolerance = 1, sa_iterations = 1000, initial_temperature = 3.0, cooling_rate = 0.999
26 - INFO - chord#: 212 done. best_score=27.0, changed=518, unchanged=357, early_stops=8/8
26 - INFO - chord#: 214 In build_straw_man_chord_sa. tolerance = 1, sa_iterations = 1000, initial_temperature = 3.0, cooling_rate = 0.999
26 - INFO - chord#: 248 done. best_score=144.0, changed=607, unchanged=253, early_stops=8/8
26 - INFO - chord#: 250 In build_straw_man_chord_sa. tolerance = 1, sa_iterations = 1000, initial_temperature = 3.0, cooling_rate = 0.999
26 - INFO - chord#: 204 done. best_score=27.0, changed=520, unchanged=430, early_stops=8/8
26 - INFO - chord#: 206 In build_straw_man_chord_sa. tolerance = 1, sa_iterations = 1000, initial_temperature = 3.0, cooling_rate = 0.999
26 - INFO - chord#: 252 done. best_score=78.0, changed=608, unchanged=276, early_stops=8/8
26 - INFO - chord#: 254 In build_straw_man_chord_sa. tolerance = 1, sa_iterations = 1000, initial_temperature = 3.0, cooling_rate = 0.999
26 - INFO - chord#: 232 done. best_score=67.0, changed=610, unchanged=259, early_stops=8/8
26 - INFO - chord#: 236 In build_straw_man_chord_sa. tolerance = 1, sa_iterations = 1000, initial_temperature = 3.0, cooling_rate = 0.999
26 - INFO - chord#: 216 done. best_score=27.0, changed=520, unchanged=341, early_stops=8/8
26 - INFO - chord#: 220 In build_straw_man_chord_sa. tolerance = 1, sa_iterations = 1000, initial_temperature = 3.0, cooling_rate = 0.999
26 - INFO - chord#: 254 done. best_score=11.0, changed=475, unchanged=343, early_stops=8/8
26 - INFO - chord#: 256 In build_straw_man_chord_sa. tolerance = 1, sa_iterations = 1000, initial_temperature = 3.0, cooling_rate = 0.999
26 - INFO - chord#: 200 done. best_score=27.0, changed=521, unchanged=419, early_stops=8/8
26 - INFO - chord#: 204 In build_straw_man_chord_sa. tolerance = 1, sa_iterations = 1000, initial_temperature = 3.0, cooling_rate = 0.999
26 - INFO - chord#: 214 done. best_score=93.0, changed=613, unchanged=265, early_stops=8/8
26 - INFO - chord#: 216 In build_straw_man_chord_sa. tolerance = 1, sa_iterations = 1000, initial_temperature = 3.0, cooling_rate = 0.999
26 - INFO - chord#: 220 done. best_score=67.0, changed=614, unchanged=504, early_stops=8/8
26 - INFO - chord#: 224 In build_straw_man_chord_sa. tolerance = 1, sa_iterations = 1000, initial_temperature = 3.0, cooling_rate = 0.999
26 - INFO - chord#: 224 done. best_score=9.0, changed=462, unchanged=364, early_stops=8/8
26 - INFO - chord#: 228 In build_straw_man_chord_sa. tolerance = 1, sa_iterations = 1000, initial_temperature = 3.0, cooling_rate = 0.999
26 - INFO - chord#: 250 done. best_score=61.0, changed=542, unchanged=302, early_stops=8/8
26 - INFO - chord#: 252 In build_straw_man_chord_sa. tolerance = 1, sa_iterations = 1000, initial_temperature = 3.0, cooling_rate = 0.999
26 - INFO - chord#: 236 done. best_score=36.0, changed=515, unchanged=350, early_stops=8/8
26 - INFO - chord#: 240 In build_straw_man_chord_sa. tolerance = 1, sa_iterations = 1000, initial_temperature = 3.0, cooling_rate = 0.999
26 - INFO - chord#: 248 done. best_score=149.0, changed=615, unchanged=335, early_stops=8/8
26 - INFO - chord#: 250 In build_straw_man_chord_sa. tolerance = 1, sa_iterations = 1000, initial_temperature = 3.0, cooling_rate = 0.999
26 - INFO - chord#: 240 done. best_score=11.0, changed=509, unchanged=332, early_stops=8/8
26 - INFO - chord#: 242 In build_straw_man_chord_sa. tolerance = 1, sa_iterations = 1000, initial_temperature = 3.0, cooling_rate = 0.999
26 - INFO - chord#: 216 done. best_score=27.0, changed=523, unchanged=336, early_stops=8/8
26 - INFO - chord#: 220 In build_straw_man_chord_sa. tolerance = 1, sa_iterations = 1000, initial_temperature = 3.0, cooling_rate = 0.999
26 - INFO - chord#: 232 done. best_score=67.0, changed=605, unchanged=314, early_stops=8/8
26 - INFO - chord#: 236 In build_straw_man_chord_sa. tolerance = 1, sa_iterations = 1000, initial_temperature = 3.0, cooling_rate = 0.999
26 - INFO - chord#: 206 done. best_score=95.0, changed=609, unchanged=298, early_stops=8/8
26 - INFO - chord#: 207 In build_straw_man_chord_sa. tolerance = 1, sa_iterations = 1000, initial_temperature = 3.0, cooling_rate = 0.999
26 - INFO - chord#: 204 done. best_score=27.0, changed=518, unchanged=408, early_stops=8/8
26 - INFO - chord#: 206 In build_straw_man_chord_sa. tolerance = 1, sa_iterations = 1000, initial_temperature = 3.0, cooling_rate = 0.999
26 - INFO - chord#: 214 done. best_score=96.0, changed=611, unchanged=376, early_stops=8/8
26 - INFO - chord#: 216 In build_straw_man_chord_sa. tolerance = 1, sa_iterations = 1000, initial_temperature = 3.0, cooling_rate = 0.999
26 - INFO - chord#: 228 done. best_score=27.0, changed=518, unchanged=399, early_stops=8/8
26 - INFO - chord#: 232 In build_straw_man_chord_sa. tolerance = 1, sa_iterations = 1000, initial_temperature = 3.0, cooling_rate = 0.999
26 - INFO - chord#: 250 done. best_score=61.0, changed=528, unchanged=301, early_stops=8/8
26 - INFO - chord#: 252 In build_straw_man_chord_sa. tolerance = 1, sa_iterations = 1000, initial_temperature = 3.0, cooling_rate = 0.999
26 - INFO - chord#: 236 done. best_score=36.0, changed=517, unchanged=398, early_stops=8/8
26 - INFO - chord#: 240 In build_straw_man_chord_sa. tolerance = 1, sa_iterations = 1000, initial_temperature = 3.0, cooling_rate = 0.999
26 - INFO - chord#: 216 done. best_score=27.0, changed=524, unchanged=358, early_stops=8/8
26 - INFO - chord#: 220 In build_straw_man_chord_sa. tolerance = 1, sa_iterations = 1000, initial_temperature = 3.0, cooling_rate = 0.999
26 - INFO - chord#: 207 done. best_score=27.0, changed=526, unchanged=373, early_stops=8/8
26 - INFO - chord#: 208 In build_straw_man_chord_sa. tolerance = 1, sa_iterations = 1000, initial_temperature = 3.0, cooling_rate = 0.999
26 - INFO - chord#: 256 done. best_score=137.0, changed=614, unchanged=358, early_stops=8/8
26 - INFO - chord#: 260 In build_straw_man_chord_sa. tolerance = 1, sa_iterations = 1000, initial_temperature = 3.0, cooling_rate = 0.999
26 - INFO - chord#: 220 done. best_score=67.0, changed=615, unchanged=388, early_stops=8/8
26 - INFO - chord#: 224 In build_straw_man_chord_sa. tolerance = 1, sa_iterations = 1000, initial_temperature = 3.0, cooling_rate = 0.999
26 - INFO - chord#: 240 done. best_score=11.0, changed=492, unchanged=382, early_stops=8/8
26 - INFO - chord#: 242 In build_straw_man_chord_sa. tolerance = 1, sa_iterations = 1000, initial_temperature = 3.0, cooling_rate = 0.999
26 - INFO - chord#: 224 done. best_score=9.0, changed=460, unchanged=375, early_stops=8/8
26 - INFO - chord#: 228 In build_straw_man_chord_sa. tolerance = 1, sa_iterations = 1000, initial_temperature = 3.0, cooling_rate = 0.999
26 - INFO - chord#: 206 done. best_score=90.0, changed=612, unchanged=396, early_stops=8/8
26 - INFO - chord#: 207 In build_straw_man_chord_sa. tolerance = 1, sa_iterations = 1000, initial_temperature = 3.0, cooling_rate = 0.999
26 - INFO - chord#: 252 done. best_score=78.0, changed=612, unchanged=275, early_stops=8/8
26 - INFO - chord#: 254 In build_straw_man_chord_sa. tolerance = 1, sa_iterations = 1000, initial_temperature = 3.0, cooling_rate = 0.999
26 - INFO - chord#: 220 done. best_score=142.0, changed=613, unchanged=283, early_stops=8/8
26 - INFO - chord#: 224 In build_straw_man_chord_sa. tolerance = 1, sa_iterations = 1000, initial_temperature = 3.0, cooling_rate = 0.999
26 - INFO - chord#: 260 done. best_score=27.0, changed=520, unchanged=453, early_stops=8/8
26 - INFO - chord#: 262 In build_straw_man_chord_sa. tolerance = 1, sa_iterations = 1000, initial_temperature = 3.0, cooling_rate = 0.999
26 - INFO - chord#: 224 done. best_score=9.0, changed=454, unchanged=366, early_stops=8/8
26 - INFO - chord#: 228 In build_straw_man_chord_sa. tolerance = 1, sa_iterations = 1000, initial_temperature = 3.0, cooling_rate = 0.999
26 - INFO - chord#: 254 done. best_score=11.0, changed=474, unchanged=366, early_stops=8/8
26 - INFO - chord#: 256 In build_straw_man_chord_sa. tolerance = 1, sa_iterations = 1000, initial_temperature = 3.0, cooling_rate = 0.999
26 - INFO - chord#: 228 done. best_score=27.0, changed=524, unchanged=399, early_stops=8/8
26 - INFO - chord#: 232 In build_straw_man_chord_sa. tolerance = 1, sa_iterations = 1000, initial_temperature = 3.0, cooling_rate = 0.999
26 - INFO - chord#: 207 done. best_score=27.0, changed=518, unchanged=304, early_stops=8/8
26 - INFO - chord#: 208 In build_straw_man_chord_sa. tolerance = 1, sa_iterations = 1000, initial_temperature = 3.0, cooling_rate = 0.999
26 - INFO - chord#: 242 done. best_score=106.0, changed=614, unchanged=470, early_stops=8/8
26 - INFO - chord#: 244 In build_straw_man_chord_sa. tolerance = 1, sa_iterations = 1000, initial_temperature = 3.0, cooling_rate = 0.999
26 - INFO - chord#: 206 done. best_score=95.0, changed=614, unchanged=320, early_stops=8/8
26 - INFO - chord#: 207 In build_straw_man_chord_sa. tolerance = 1, sa_iterations = 1000, initial_temperature = 3.0, cooling_rate = 0.999
26 - INFO - chord#: 252 done. best_score=78.0, changed=609, unchanged=257, early_stops=8/8
26 - INFO - chord#: 254 In build_straw_man_chord_sa. tolerance = 1, sa_iterations = 1000, initial_temperature = 3.0, cooling_rate = 0.999
26 - INFO - chord#: 254 done. best_score=11.0, changed=487, unchanged=323, early_stops=8/8
26 - INFO - chord#: 256 In build_straw_man_chord_sa. tolerance = 1, sa_iterations = 1000, initial_temperature = 3.0, cooling_rate = 0.999
26 - INFO - chord#: 220 done. best_score=67.0, changed=609, unchanged=220, early_stops=8/8
26 - INFO - chord#: 224 In build_straw_man_chord_sa. tolerance = 1, sa_iterations = 1000, initial_temperature = 3.0, cooling_rate = 0.999
26 - INFO - chord#: 232 done. best_score=137.0, changed=610, unchanged=328, early_stops=8/8
26 - INFO - chord#: 236 In build_straw_man_chord_sa. tolerance = 1, sa_iterations = 1000, initial_temperature = 3.0, cooling_rate = 0.999
26 - INFO - chord#: 228 done. best_score=27.0, changed=530, unchanged=375, early_stops=8/8
26 - INFO - chord#: 232 In build_straw_man_chord_sa. tolerance = 1, sa_iterations = 1000, initial_temperature = 3.0, cooling_rate = 0.999
26 - INFO - chord#: 224 done. best_score=9.0, changed=472, unchanged=371, early_stops=8/8
26 - INFO - chord#: 228 In build_straw_man_chord_sa. tolerance = 1, sa_iterations = 1000, initial_temperature = 3.0, cooling_rate = 0.999
26 - INFO - chord#: 244 done. best_score=36.0, changed=544, unchanged=427, early_stops=8/8
26 - INFO - chord#: 246 In build_straw_man_chord_sa. tolerance = 1, sa_iterations = 1000, initial_temperature = 3.0, cooling_rate = 0.999
26 - INFO - chord#: 208 done. best_score=105.0, changed=606, unchanged=257, early_stops=8/8
26 - INFO - chord#: 212 In build_straw_man_chord_sa. tolerance = 1, sa_iterations = 1000, initial_temperature = 3.0, cooling_rate = 0.999
26 - INFO - chord#: 207 done. best_score=27.0, changed=521, unchanged=344, early_stops=8/8
26 - INFO - chord#: 208 In build_straw_man_chord_sa. tolerance = 1, sa_iterations = 1000, initial_temperature = 3.0, cooling_rate = 0.999
26 - INFO - chord#: 242 done. best_score=176.0, changed=610, unchanged=304, early_stops=8/8
26 - INFO - chord#: 244 In build_straw_man_chord_sa. tolerance = 1, sa_iterations = 1000, initial_temperature = 3.0, cooling_rate = 0.999
26 - INFO - chord#: 262 done. best_score=64.0, changed=610, unchanged=231, early_stops=8/8
26 - INFO - chord#: 264 In build_straw_man_chord_sa. tolerance = 1, sa_iterations = 1000, initial_temperature = 3.0, cooling_rate = 0.999
26 - INFO - chord#: 228 done. best_score=27.0, changed=521, unchanged=354, early_stops=8/8
26 - INFO - chord#: 232 In build_straw_man_chord_sa. tolerance = 1, sa_iterations = 1000, initial_temperature = 3.0, cooling_rate = 0.999
26 - INFO - chord#: 236 done. best_score=36.0, changed=524, unchanged=404, early_stops=8/8
26 - INFO - chord#: 240 In build_straw_man_chord_sa. tolerance = 1, sa_iterations = 1000, initial_temperature = 3.0, cooling_rate = 0.999
26 - INFO - chord#: 232 done. best_score=78.0, changed=608, unchanged=226, early_stops=8/8
26 - INFO - chord#: 236 In build_straw_man_chord_sa. tolerance = 1, sa_iterations = 1000, initial_temperature = 3.0, cooling_rate = 0.999
26 - INFO - chord#: 212 done. best_score=27.0, changed=525, unchanged=344, early_stops=8/8
26 - INFO - chord#: 214 In build_straw_man_chord_sa. tolerance = 1, sa_iterations = 1000, initial_temperature = 3.0, cooling_rate = 0.999
26 - INFO - chord#: 240 done. best_score=11.0, changed=479, unchanged=342, early_stops=8/8
26 - INFO - chord#: 242 In build_straw_man_chord_sa. tolerance = 1, sa_iterations = 1000, initial_temperature = 3.0, cooling_rate = 0.999
26 - INFO - chord#: 256 done. best_score=181.0, changed=611, unchanged=246, early_stops=8/8
26 - INFO - chord#: 260 In build_straw_man_chord_sa. tolerance = 1, sa_iterations = 1000, initial_temperature = 3.0, cooling_rate = 0.999
26 - INFO - chord#: 208 done. best_score=113.0, changed=612, unchanged=237, early_stops=8/8
26 - INFO - chord#: 212 In build_straw_man_chord_sa. tolerance = 1, sa_iterations = 1000, initial_temperature = 3.0, cooling_rate = 0.999
26 - INFO - chord#: 244 done. best_score=27.0, changed=523, unchanged=444, early_stops=8/8
26 - INFO - chord#: 246 In build_straw_man_chord_sa. tolerance = 1, sa_iterations = 1000, initial_temperature = 3.0, cooling_rate = 0.999
26 - INFO - chord#: 232 done. best_score=162.0, changed=609, unchanged=214, early_stops=8/8
26 - INFO - chord#: 236 In build_straw_man_chord_sa. tolerance = 1, sa_iterations = 1000, initial_temperature = 3.0, cooling_rate = 0.999
26 - INFO - chord#: 236 done. best_score=36.0, changed=523, unchanged=404, early_stops=8/8
26 - INFO - chord#: 240 In build_straw_man_chord_sa. tolerance = 1, sa_iterations = 1000, initial_temperature = 3.0, cooling_rate = 0.999
26 - INFO - chord#: 246 done. best_score=149.0, changed=612, unchanged=270, early_stops=8/8
26 - INFO - chord#: 248 In build_straw_man_chord_sa. tolerance = 1, sa_iterations = 1000, initial_temperature = 3.0, cooling_rate = 0.999
26 - INFO - chord#: 256 done. best_score=125.0, changed=610, unchanged=428, early_stops=8/8
26 - INFO - chord#: 240 done. best_score=11.0, changed=506, unchanged=323, early_stops=8/8
26 - INFO - chord#: 260 In build_straw_man_chord_sa. tolerance = 1, sa_iterations = 1000, initial_temperature = 3.0, cooling_rate = 0.999
26 - INFO - chord#: 242 In build_straw_man_chord_sa. tolerance = 1, sa_iterations = 1000, initial_temperature = 3.0, cooling_rate = 0.999
26 - INFO - chord#: 264 done. best_score=140.0, changed=607, unchanged=214, early_stops=8/8
26 - INFO - chord#: 268 In build_straw_man_chord_sa. tolerance = 1, sa_iterations = 1000, initial_temperature = 3.0, cooling_rate = 0.999
26 - INFO - chord#: 212 done. best_score=27.0, changed=526, unchanged=348, early_stops=8/8
26 - INFO - chord#: 214 In build_straw_man_chord_sa. tolerance = 1, sa_iterations = 1000, initial_temperature = 3.0, cooling_rate = 0.999
26 - INFO - chord#: 260 done. best_score=27.0, changed=518, unchanged=556, early_stops=8/8
26 - INFO - chord#: 262 In build_straw_man_chord_sa. tolerance = 1, sa_iterations = 1000, initial_temperature = 3.0, cooling_rate = 0.999
26 - INFO - chord#: 236 done. best_score=36.0, changed=521, unchanged=390, early_stops=8/8
26 - INFO - chord#: 240 In build_straw_man_chord_sa. tolerance = 1, sa_iterations = 1000, initial_temperature = 3.0, cooling_rate = 0.999
26 - INFO - chord#: 240 done. best_score=11.0, changed=500, unchanged=325, early_stops=8/8
26 - INFO - chord#: 242 In build_straw_man_chord_sa. tolerance = 1, sa_iterations = 1000, initial_temperature = 3.0, cooling_rate = 0.999
26 - INFO - chord#: 232 done. best_score=165.0, changed=610, unchanged=399, early_stops=8/8
26 - INFO - chord#: 236 In build_straw_man_chord_sa. tolerance = 1, sa_iterations = 1000, initial_temperature = 3.0, cooling_rate = 0.999
26 - INFO - chord#: 208 done. best_score=105.0, changed=612, unchanged=397, early_stops=8/8
26 - INFO - chord#: 212 In build_straw_man_chord_sa. tolerance = 1, sa_iterations = 1000, initial_temperature = 3.0, cooling_rate = 0.999
26 - INFO - chord#: 260 done. best_score=27.0, changed=524, unchanged=507, early_stops=8/8
26 - INFO - chord#: 262 In build_straw_man_chord_sa. tolerance = 1, sa_iterations = 1000, initial_temperature = 3.0, cooling_rate = 0.999
26 - INFO - chord#: 214 done. best_score=93.0, changed=612, unchanged=257, early_stops=8/8
26 - INFO - chord#: 216 In build_straw_man_chord_sa. tolerance = 1, sa_iterations = 1000, initial_temperature = 3.0, cooling_rate = 0.999
26 - INFO - chord#: 268 done. best_score=27.0, changed=529, unchanged=529, early_stops=8/8
26 - INFO - chord#: 270 In build_straw_man_chord_sa. tolerance = 1, sa_iterations = 1000, initial_temperature = 3.0, cooling_rate = 0.999
26 - INFO - chord#: 242 done. best_score=106.0, changed=617, unchanged=247, early_stops=8/8
26 - INFO - chord#: 244 In build_straw_man_chord_sa. tolerance = 1, sa_iterations = 1000, initial_temperature = 3.0, cooling_rate = 0.999
26 - INFO - chord#: 248 done. best_score=146.0, changed=611, unchanged=222, early_stops=8/8
26 - INFO - chord#: 250 In build_straw_man_chord_sa. tolerance = 1, sa_iterations = 1000, initial_temperature = 3.0, cooling_rate = 0.999
26 - INFO - chord#: 236 done. best_score=36.0, changed=537, unchanged=423, early_stops=8/8
26 - INFO - chord#: 240 In build_straw_man_chord_sa. tolerance = 1, sa_iterations = 1000, initial_temperature = 3.0, cooling_rate = 0.999
26 - INFO - chord#: 242 done. best_score=106.0, changed=613, unchanged=297, early_stops=8/8
26 - INFO - chord#: 244 In build_straw_man_chord_sa. tolerance = 1, sa_iterations = 1000, initial_temperature = 3.0, cooling_rate = 0.999
26 - INFO - chord#: 240 done. best_score=11.0, changed=473, unchanged=347, early_stops=8/8
26 - INFO - chord#: 242 In build_straw_man_chord_sa. tolerance = 1, sa_iterations = 1000, initial_temperature = 3.0, cooling_rate = 0.999
26 - INFO - chord#: 246 done. best_score=74.0, changed=620, unchanged=335, early_stops=8/8
26 - INFO - chord#: 248 In build_straw_man_chord_sa. tolerance = 1, sa_iterations = 1000, initial_temperature = 3.0, cooling_rate = 0.999
26 - INFO - chord#: 216 done. best_score=27.0, changed=527, unchanged=445, early_stops=8/8
26 - INFO - chord#: 220 In build_straw_man_chord_sa. tolerance = 1, sa_iterations = 1000, initial_temperature = 3.0, cooling_rate = 0.999
26 - INFO - chord#: 212 done. best_score=27.0, changed=524, unchanged=462, early_stops=8/8
26 - INFO - chord#: 214 In build_straw_man_chord_sa. tolerance = 1, sa_iterations = 1000, initial_temperature = 3.0, cooling_rate = 0.999
26 - INFO - chord#: 244 done. best_score=36.0, changed=520, unchanged=333, early_stops=8/8
26 - INFO - chord#: 246 In build_straw_man_chord_sa. tolerance = 1, sa_iterations = 1000, initial_temperature = 3.0, cooling_rate = 0.999
26 - INFO - chord#: 250 done. best_score=61.0, changed=532, unchanged=347, early_stops=8/8
26 - INFO - chord#: 252 In build_straw_man_chord_sa. tolerance = 1, sa_iterations = 1000, initial_temperature = 3.0, cooling_rate = 0.999
26 - INFO - chord#: 262 done. best_score=64.0, changed=612, unchanged=382, early_stops=8/8
26 - INFO - chord#: 264 In build_straw_man_chord_sa. tolerance = 1, sa_iterations = 1000, initial_temperature = 3.0, cooling_rate = 0.999
26 - INFO - chord#: 244 done. best_score=27.0, changed=525, unchanged=388, early_stops=8/8
26 - INFO - chord#: 246 In build_straw_man_chord_sa. tolerance = 1, sa_iterations = 1000, initial_temperature = 3.0, cooling_rate = 0.999
26 - INFO - chord#: 214 done. best_score=93.0, changed=614, unchanged=400, early_stops=8/8
26 - INFO - chord#: 216 In build_straw_man_chord_sa. tolerance = 1, sa_iterations = 1000, initial_temperature = 3.0, cooling_rate = 0.999
26 - INFO - chord#: 242 done. best_score=169.0, changed=620, unchanged=542, early_stops=8/8
26 - INFO - chord#: 244 In build_straw_man_chord_sa. tolerance = 1, sa_iterations = 1000, initial_temperature = 3.0, cooling_rate = 0.999
26 - INFO - chord#: 270 done. best_score=96.0, changed=612, unchanged=418, early_stops=8/8
26 - INFO - chord#: 272 In build_straw_man_chord_sa. tolerance = 1, sa_iterations = 1000, initial_temperature = 3.0, cooling_rate = 0.999
26 - INFO - chord#: 262 done. best_score=154.0, changed=615, unchanged=374, early_stops=8/8
26 - INFO - chord#: 264 In build_straw_man_chord_sa. tolerance = 1, sa_iterations = 1000, initial_temperature = 3.0, cooling_rate = 0.999
26 - INFO - chord#: 272 done. best_score=9.0, changed=486, unchanged=367, early_stops=8/8
26 - INFO - chord#: 216 done. best_score=27.0, changed=518, unchanged=438, early_stops=8/8
26 - INFO - chord#: 220 In build_straw_man_chord_sa. tolerance = 1, sa_iterations = 1000, initial_temperature = 3.0, cooling_rate = 0.999
26 - INFO - chord#: 244 done. best_score=61.0, changed=531, unchanged=341, early_stops=8/8
26 - INFO - chord#: 246 In build_straw_man_chord_sa. tolerance = 1, sa_iterations = 1000, initial_temperature = 3.0, cooling_rate = 0.999
26 - INFO - chord#: 252 done. best_score=78.0, changed=609, unchanged=278, early_stops=8/8
26 - INFO - chord#: 254 In build_straw_man_chord_sa. tolerance = 1, sa_iterations = 1000, initial_temperature = 3.0, cooling_rate = 0.999
26 - INFO - chord#: 264 done. best_score=78.0, changed=610, unchanged=272, early_stops=8/8
26 - INFO - chord#: 268 In build_straw_man_chord_sa. tolerance = 1, sa_iterations = 1000, initial_temperature = 3.0, cooling_rate = 0.999
26 - INFO - chord#: 242 done. best_score=116.0, changed=611, unchanged=372, early_stops=8/8
26 - INFO - chord#: 244 In build_straw_man_chord_sa. tolerance = 1, sa_iterations = 1000, initial_temperature = 3.0, cooling_rate = 0.999
26 - INFO - chord#: 254 done. best_score=11.0, changed=483, unchanged=338, early_stops=8/8
26 - INFO - chord#: 256 In build_straw_man_chord_sa. tolerance = 1, sa_iterations = 1000, initial_temperature = 3.0, cooling_rate = 0.999
26 - INFO - chord#: 220 done. best_score=112.0, changed=608, unchanged=296, early_stops=8/8
26 - INFO - chord#: 224 In build_straw_man_chord_sa. tolerance = 1, sa_iterations = 1000, initial_temperature = 3.0, cooling_rate = 0.999
26 - INFO - chord#: 248 done. best_score=104.0, changed=608, unchanged=361, early_stops=8/8
26 - INFO - chord#: 250 In build_straw_man_chord_sa. tolerance = 1, sa_iterations = 1000, initial_temperature = 3.0, cooling_rate = 0.999
26 - INFO - chord#: 246 done. best_score=74.0, changed=611, unchanged=290, early_stops=8/8
26 - INFO - chord#: 248 In build_straw_man_chord_sa. tolerance = 1, sa_iterations = 1000, initial_temperature = 3.0, cooling_rate = 0.999
26 - INFO - chord#: 246 done. best_score=149.0, changed=613, unchanged=344, early_stops=8/8
26 - INFO - chord#: 248 In build_straw_man_chord_sa. tolerance = 1, sa_iterations = 1000, initial_temperature = 3.0, cooling_rate = 0.999
26 - INFO - chord#: 224 done. best_score=9.0, changed=468, unchanged=374, early_stops=8/8
26 - INFO - chord#: 228 In build_straw_man_chord_sa. tolerance = 1, sa_iterations = 1000, initial_temperature = 3.0, cooling_rate = 0.999
26 - INFO - chord#: 214 done. best_score=93.0, changed=612, unchanged=381, early_stops=8/8
26 - INFO - chord#: 216 In build_straw_man_chord_sa. tolerance = 1, sa_iterations = 1000, initial_temperature = 3.0, cooling_rate = 0.999
26 - INFO - chord#: 244 done. best_score=27.0, changed=527, unchanged=369, early_stops=8/8
26 - INFO - chord#: 246 In build_straw_man_chord_sa. tolerance = 1, sa_iterations = 1000, initial_temperature = 3.0, cooling_rate = 0.999
26 - INFO - chord#: 268 done. best_score=27.0, changed=514, unchanged=391, early_stops=8/8
26 - INFO - chord#: 270 In build_straw_man_chord_sa. tolerance = 1, sa_iterations = 1000, initial_temperature = 3.0, cooling_rate = 0.999
26 - INFO - chord#: 250 done. best_score=61.0, changed=526, unchanged=373, early_stops=8/8
26 - INFO - chord#: 252 In build_straw_man_chord_sa. tolerance = 1, sa_iterations = 1000, initial_temperature = 3.0, cooling_rate = 0.999
26 - INFO - chord#: 228 done. best_score=27.0, changed=521, unchanged=355, early_stops=8/8
26 - INFO - chord#: 232 In build_straw_man_chord_sa. tolerance = 1, sa_iterations = 1000, initial_temperature = 3.0, cooling_rate = 0.999
26 - INFO - chord#: 216 done. best_score=27.0, changed=520, unchanged=473, early_stops=8/8
26 - INFO - chord#: 220 In build_straw_man_chord_sa. tolerance = 1, sa_iterations = 1000, initial_temperature = 3.0, cooling_rate = 0.999
26 - INFO - chord#: 264 done. best_score=67.0, changed=612, unchanged=376, early_stops=8/8
26 - INFO - chord#: 268 In build_straw_man_chord_sa. tolerance = 1, sa_iterations = 1000, initial_temperature = 3.0, cooling_rate = 0.999
26 - INFO - chord#: 246 done. best_score=96.0, changed=616, unchanged=362, early_stops=8/8
26 - INFO - chord#: 248 In build_straw_man_chord_sa. tolerance = 1, sa_iterations = 1000, initial_temperature = 3.0, cooling_rate = 0.999
26 - INFO - chord#: 256 done. best_score=119.0, changed=605, unchanged=331, early_stops=8/8
26 - INFO - chord#: 260 In build_straw_man_chord_sa. tolerance = 1, sa_iterations = 1000, initial_temperature = 3.0, cooling_rate = 0.999
26 - INFO - chord#: 220 done. best_score=67.0, changed=610, unchanged=346, early_stops=8/8
26 - INFO - chord#: 224 In build_straw_man_chord_sa. tolerance = 1, sa_iterations = 1000, initial_temperature = 3.0, cooling_rate = 0.999
26 - INFO - chord#: 224 done. best_score=9.0, changed=468, unchanged=357, early_stops=8/8
26 - INFO - chord#: 228 In build_straw_man_chord_sa. tolerance = 1, sa_iterations = 1000, initial_temperature = 3.0, cooling_rate = 0.999
26 - INFO - chord#: 248 done. best_score=149.0, changed=609, unchanged=237, early_stops=8/8
26 - INFO - chord#: 250 In build_straw_man_chord_sa. tolerance = 1, sa_iterations = 1000, initial_temperature = 3.0, cooling_rate = 0.999
26 - INFO - chord#: 248 done. best_score=96.0, changed=624, unchanged=362, early_stops=8/8
26 - INFO - chord#: 250 In build_straw_man_chord_sa. tolerance = 1, sa_iterations = 1000, initial_temperature = 3.0, cooling_rate = 0.999
26 - INFO - chord#: 268 done. best_score=27.0, changed=520, unchanged=367, early_stops=8/8
26 - INFO - chord#: 270 In build_straw_man_chord_sa. tolerance = 1, sa_iterations = 1000, initial_temperature = 3.0, cooling_rate = 0.999
26 - INFO - chord#: 260 done. best_score=27.0, changed=519, unchanged=389, early_stops=8/8
26 - INFO - chord#: 262 In build_straw_man_chord_sa. tolerance = 1, sa_iterations = 1000, initial_temperature = 3.0, cooling_rate = 0.999
26 - INFO - chord#: 246 done. best_score=141.0, changed=612, unchanged=426, early_stops=8/8
26 - INFO - chord#: 248 In build_straw_man_chord_sa. tolerance = 1, sa_iterations = 1000, initial_temperature = 3.0, cooling_rate = 0.999
26 - INFO - chord#: 252 done. best_score=96.0, changed=611, unchanged=356, early_stops=8/8
26 - INFO - chord#: 254 In build_straw_man_chord_sa. tolerance = 1, sa_iterations = 1000, initial_temperature = 3.0, cooling_rate = 0.999
26 - INFO - chord#: 270 done. best_score=67.0, changed=611, unchanged=435, early_stops=8/8
26 - INFO - chord#: 272 In build_straw_man_chord_sa. tolerance = 1, sa_iterations = 1000, initial_temperature = 3.0, cooling_rate = 0.999
26 - INFO - chord#: 254 done. best_score=11.0, changed=509, unchanged=307, early_stops=8/8
26 - INFO - chord#: 256 In build_straw_man_chord_sa. tolerance = 1, sa_iterations = 1000, initial_temperature = 3.0, cooling_rate = 0.999
26 - INFO - chord#: 272 done. best_score=9.0, changed=450, unchanged=357, early_stops=8/8
26 - INFO - chord#: 228 done. best_score=27.0, changed=522, unchanged=346, early_stops=8/8
26 - INFO - chord#: 232 In build_straw_man_chord_sa. tolerance = 1, sa_iterations = 1000, initial_temperature = 3.0, cooling_rate = 0.999
26 - INFO - chord#: 250 done. best_score=61.0, changed=529, unchanged=329, early_stops=8/8
26 - INFO - chord#: 252 In build_straw_man_chord_sa. tolerance = 1, sa_iterations = 1000, initial_temperature = 3.0, cooling_rate = 0.999
26 - INFO - chord#: 250 done. best_score=61.0, changed=531, unchanged=324, early_stops=8/8
26 - INFO - chord#: 252 In build_straw_man_chord_sa. tolerance = 1, sa_iterations = 1000, initial_temperature = 3.0, cooling_rate = 0.999
26 - INFO - chord#: 248 done. best_score=74.0, changed=615, unchanged=335, early_stops=8/8
26 - INFO - chord#: 250 In build_straw_man_chord_sa. tolerance = 1, sa_iterations = 1000, initial_temperature = 3.0, cooling_rate = 0.999
26 - INFO - chord#: 232 done. best_score=78.0, changed=616, unchanged=379, early_stops=8/8
26 - INFO - chord#: 236 In build_straw_man_chord_sa. tolerance = 1, sa_iterations = 1000, initial_temperature = 3.0, cooling_rate = 0.999
26 - INFO - chord#: 220 done. best_score=137.0, changed=613, unchanged=399, early_stops=8/8
26 - INFO - chord#: 224 In build_straw_man_chord_sa. tolerance = 1, sa_iterations = 1000, initial_temperature = 3.0, cooling_rate = 0.999
26 - INFO - chord#: 250 done. best_score=61.0, changed=527, unchanged=301, early_stops=8/8
26 - INFO - chord#: 252 In build_straw_man_chord_sa. tolerance = 1, sa_iterations = 1000, initial_temperature = 3.0, cooling_rate = 0.999
26 - INFO - chord#: 262 done. best_score=172.0, changed=615, unchanged=276, early_stops=8/8
26 - INFO - chord#: 264 In build_straw_man_chord_sa. tolerance = 1, sa_iterations = 1000, initial_temperature = 3.0, cooling_rate = 0.999
26 - INFO - chord#: 224 done. best_score=9.0, changed=461, unchanged=384, early_stops=8/8
26 - INFO - chord#: 228 In build_straw_man_chord_sa. tolerance = 1, sa_iterations = 1000, initial_temperature = 3.0, cooling_rate = 0.999
26 - INFO - chord#: 248 done. best_score=74.0, changed=614, unchanged=269, early_stops=8/8
26 - INFO - chord#: 250 In build_straw_man_chord_sa. tolerance = 1, sa_iterations = 1000, initial_temperature = 3.0, cooling_rate = 0.999
26 - INFO - chord#: 256 done. best_score=119.0, changed=613, unchanged=339, early_stops=8/8
26 - INFO - chord#: 260 In build_straw_man_chord_sa. tolerance = 1, sa_iterations = 1000, initial_temperature = 3.0, cooling_rate = 0.999
26 - INFO - chord#: 270 done. best_score=157.0, changed=613, unchanged=294, early_stops=8/8
26 - INFO - chord#: 272 In build_straw_man_chord_sa. tolerance = 1, sa_iterations = 1000, initial_temperature = 3.0, cooling_rate = 0.999
26 - INFO - chord#: 236 done. best_score=36.0, changed=525, unchanged=314, early_stops=8/8
26 - INFO - chord#: 240 In build_straw_man_chord_sa. tolerance = 1, sa_iterations = 1000, initial_temperature = 3.0, cooling_rate = 0.999
26 - INFO - chord#: 272 done. best_score=9.0, changed=470, unchanged=392, early_stops=8/8
26 - INFO - chord#: 240 done. best_score=11.0, changed=485, unchanged=331, early_stops=8/8
26 - INFO - chord#: 242 In build_straw_man_chord_sa. tolerance = 1, sa_iterations = 1000, initial_temperature = 3.0, cooling_rate = 0.999
26 - INFO - chord#: 252 done. best_score=78.0, changed=613, unchanged=340, early_stops=8/8
26 - INFO - chord#: 254 In build_straw_man_chord_sa. tolerance = 1, sa_iterations = 1000, initial_temperature = 3.0, cooling_rate = 0.999
26 - INFO - chord#: 252 done. best_score=67.0, changed=614, unchanged=412, early_stops=8/8
26 - INFO - chord#: 254 In build_straw_man_chord_sa. tolerance = 1, sa_iterations = 1000, initial_temperature = 3.0, cooling_rate = 0.999
26 - INFO - chord#: 254 done. best_score=11.0, changed=489, unchanged=339, early_stops=8/8
26 - INFO - chord#: 256 In build_straw_man_chord_sa. tolerance = 1, sa_iterations = 1000, initial_temperature = 3.0, cooling_rate = 0.999
26 - INFO - chord#: 250 done. best_score=61.0, changed=531, unchanged=345, early_stops=8/8
26 - INFO - chord#: 252 In build_straw_man_chord_sa. tolerance = 1, sa_iterations = 1000, initial_temperature = 3.0, cooling_rate = 0.999
26 - INFO - chord#: 228 done. best_score=27.0, changed=522, unchanged=423, early_stops=8/8
26 - INFO - chord#: 232 In build_straw_man_chord_sa. tolerance = 1, sa_iterations = 1000, initial_temperature = 3.0, cooling_rate = 0.999
26 - INFO - chord#: 254 done. best_score=11.0, changed=527, unchanged=285, early_stops=8/8
26 - INFO - chord#: 256 In build_straw_man_chord_sa. tolerance = 1, sa_iterations = 1000, initial_temperature = 3.0, cooling_rate = 0.999
26 - INFO - chord#: 260 done. best_score=27.0, changed=514, unchanged=388, early_stops=8/8
26 - INFO - chord#: 262 In build_straw_man_chord_sa. tolerance = 1, sa_iterations = 1000, initial_temperature = 3.0, cooling_rate = 0.999
26 - INFO - chord#: 232 done. best_score=67.0, changed=614, unchanged=325, early_stops=8/8
26 - INFO - chord#: 236 In build_straw_man_chord_sa. tolerance = 1, sa_iterations = 1000, initial_temperature = 3.0, cooling_rate = 0.999
26 - INFO - chord#: 264 done. best_score=137.0, changed=608, unchanged=262, early_stops=8/8
26 - INFO - chord#: 268 In build_straw_man_chord_sa. tolerance = 1, sa_iterations = 1000, initial_temperature = 3.0, cooling_rate = 0.999
26 - INFO - chord#: 236 done. best_score=36.0, changed=517, unchanged=385, early_stops=8/8
26 - INFO - chord#: 240 In build_straw_man_chord_sa. tolerance = 1, sa_iterations = 1000, initial_temperature = 3.0, cooling_rate = 0.999
26 - INFO - chord#: 252 done. best_score=88.0, changed=623, unchanged=590, early_stops=8/8
26 - INFO - chord#: 254 In build_straw_man_chord_sa. tolerance = 1, sa_iterations = 1000, initial_temperature = 3.0, cooling_rate = 0.999
26 - INFO - chord#: 240 done. best_score=11.0, changed=489, unchanged=348, early_stops=8/8
26 - INFO - chord#: 242 In build_straw_man_chord_sa. tolerance = 1, sa_iterations = 1000, initial_temperature = 3.0, cooling_rate = 0.999
26 - INFO - chord#: 268 done. best_score=27.0, changed=521, unchanged=475, early_stops=8/8
26 - INFO - chord#: 270 In build_straw_man_chord_sa. tolerance = 1, sa_iterations = 1000, initial_temperature = 3.0, cooling_rate = 0.999
26 - INFO - chord#: 254 done. best_score=11.0, changed=506, unchanged=313, early_stops=8/8
26 - INFO - chord#: 256 In build_straw_man_chord_sa. tolerance = 1, sa_iterations = 1000, initial_temperature = 3.0, cooling_rate = 0.999
26 - INFO - chord#: 252 done. best_score=140.0, changed=611, unchanged=301, early_stops=8/8
26 - INFO - chord#: 254 In build_straw_man_chord_sa. tolerance = 1, sa_iterations = 1000, initial_temperature = 3.0, cooling_rate = 0.999
26 - INFO - chord#: 242 done. best_score=101.0, changed=609, unchanged=209, early_stops=8/8
26 - INFO - chord#: 244 In build_straw_man_chord_sa. tolerance = 1, sa_iterations = 1000, initial_temperature = 3.0, cooling_rate = 0.999
26 - INFO - chord#: 262 done. best_score=146.0, changed=614, unchanged=290, early_stops=8/8
26 - INFO - chord#: 264 In build_straw_man_chord_sa. tolerance = 1, sa_iterations = 1000, initial_temperature = 3.0, cooling_rate = 0.999
26 - INFO - chord#: 254 done. best_score=11.0, changed=519, unchanged=295, early_stops=8/8
26 - INFO - chord#: 256 In build_straw_man_chord_sa. tolerance = 1, sa_iterations = 1000, initial_temperature = 3.0, cooling_rate = 0.999
26 - INFO - chord#: 256 done. best_score=78.0, changed=612, unchanged=363, early_stops=8/8
26 - INFO - chord#: 260 In build_straw_man_chord_sa. tolerance = 1, sa_iterations = 1000, initial_temperature = 3.0, cooling_rate = 0.999
26 - INFO - chord#: 256 done. best_score=119.0, changed=616, unchanged=490, early_stops=8/8
26 - INFO - chord#: 260 In build_straw_man_chord_sa. tolerance = 1, sa_iterations = 1000, initial_temperature = 3.0, cooling_rate = 0.999
26 - INFO - chord#: 244 done. best_score=27.0, changed=517, unchanged=301, early_stops=8/8
26 - INFO - chord#: 246 In build_straw_man_chord_sa. tolerance = 1, sa_iterations = 1000, initial_temperature = 3.0, cooling_rate = 0.999
26 - INFO - chord#: 232 done. best_score=67.0, changed=611, unchanged=358, early_stops=8/8
26 - INFO - chord#: 236 In build_straw_man_chord_sa. tolerance = 1, sa_iterations = 1000, initial_temperature = 3.0, cooling_rate = 0.999
26 - INFO - chord#: 260 done. best_score=27.0, changed=519, unchanged=413, early_stops=8/8
26 - INFO - chord#: 262 In build_straw_man_chord_sa. tolerance = 1, sa_iterations = 1000, initial_temperature = 3.0, cooling_rate = 0.999
26 - INFO - chord#: 260 done. best_score=27.0, changed=524, unchanged=433, early_stops=8/8
26 - INFO - chord#: 262 In build_straw_man_chord_sa. tolerance = 1, sa_iterations = 1000, initial_temperature = 3.0, cooling_rate = 0.999
26 - INFO - chord#: 256 done. best_score=140.0, changed=608, unchanged=265, early_stops=8/8
26 - INFO - chord#: 260 In build_straw_man_chord_sa. tolerance = 1, sa_iterations = 1000, initial_temperature = 3.0, cooling_rate = 0.999
26 - INFO - chord#: 236 done. best_score=36.0, changed=528, unchanged=368, early_stops=8/8
26 - INFO - chord#: 240 In build_straw_man_chord_sa. tolerance = 1, sa_iterations = 1000, initial_temperature = 3.0, cooling_rate = 0.999
26 - INFO - chord#: 242 done. best_score=141.0, changed=610, unchanged=267, early_stops=8/8
26 - INFO - chord#: 270 done. best_score=162.0, changed=620, unchanged=362, early_stops=8/8
26 - INFO - chord#: 264 done. best_score=78.0, changed=620, unchanged=362, early_stops=8/8
26 - INFO - chord#: 244 In build_straw_man_chord_sa. tolerance = 1, sa_iterations = 1000, initial_temperature = 3.0, cooling_rate = 0.999
26 - INFO - chord#: 272 In build_straw_man_chord_sa. tolerance = 1, sa_iterations = 1000, initial_temperature = 3.0, cooling_rate = 0.999
26 - INFO - chord#: 268 In build_straw_man_chord_sa. tolerance = 1, sa_iterations = 1000, initial_temperature = 3.0, cooling_rate = 0.999
26 - INFO - chord#: 240 done. best_score=11.0, changed=472, unchanged=343, early_stops=8/8
26 - INFO - chord#: 242 In build_straw_man_chord_sa. tolerance = 1, sa_iterations = 1000, initial_temperature = 3.0, cooling_rate = 0.999
26 - INFO - chord#: 256 done. best_score=78.0, changed=612, unchanged=350, early_stops=8/8
26 - INFO - chord#: 260 In build_straw_man_chord_sa. tolerance = 1, sa_iterations = 1000, initial_temperature = 3.0, cooling_rate = 0.999
26 - INFO - chord#: 272 done. best_score=9.0, changed=472, unchanged=378, early_stops=8/8
26 - INFO - chord#: 260 done. best_score=27.0, changed=518, unchanged=351, early_stops=8/8
26 - INFO - chord#: 262 In build_straw_man_chord_sa. tolerance = 1, sa_iterations = 1000, initial_temperature = 3.0, cooling_rate = 0.999
26 - INFO - chord#: 244 done. best_score=27.0, changed=519, unchanged=327, early_stops=8/8
26 - INFO - chord#: 246 In build_straw_man_chord_sa. tolerance = 1, sa_iterations = 1000, initial_temperature = 3.0, cooling_rate = 0.999
26 - INFO - chord#: 262 done. best_score=64.0, changed=615, unchanged=318, early_stops=8/8
26 - INFO - chord#: 264 In build_straw_man_chord_sa. tolerance = 1, sa_iterations = 1000, initial_temperature = 3.0, cooling_rate = 0.999
26 - INFO - chord#: 246 done. best_score=141.0, changed=610, unchanged=323, early_stops=8/8
26 - INFO - chord#: 248 In build_straw_man_chord_sa. tolerance = 1, sa_iterations = 1000, initial_temperature = 3.0, cooling_rate = 0.999
26 - INFO - chord#: 268 done. best_score=57.0, changed=525, unchanged=331, early_stops=8/8
26 - INFO - chord#: 270 In build_straw_man_chord_sa. tolerance = 1, sa_iterations = 1000, initial_temperature = 3.0, cooling_rate = 0.999
26 - INFO - chord#: 260 done. best_score=27.0, changed=521, unchanged=532, early_stops=8/8
26 - INFO - chord#: 262 In build_straw_man_chord_sa. tolerance = 1, sa_iterations = 1000, initial_temperature = 3.0, cooling_rate = 0.999
26 - INFO - chord#: 262 done. best_score=71.0, changed=610, unchanged=413, early_stops=8/8
26 - INFO - chord#: 264 In build_straw_man_chord_sa. tolerance = 1, sa_iterations = 1000, initial_temperature = 3.0, cooling_rate = 0.999
26 - INFO - chord#: 242 done. best_score=101.0, changed=615, unchanged=363, early_stops=8/8
26 - INFO - chord#: 244 In build_straw_man_chord_sa. tolerance = 1, sa_iterations = 1000, initial_temperature = 3.0, cooling_rate = 0.999
26 - INFO - chord#: 262 done. best_score=125.0, changed=613, unchanged=384, early_stops=8/8
26 - INFO - chord#: 264 In build_straw_man_chord_sa. tolerance = 1, sa_iterations = 1000, initial_temperature = 3.0, cooling_rate = 0.999
26 - INFO - chord#: 264 done. best_score=137.0, changed=607, unchanged=203, early_stops=8/8
26 - INFO - chord#: 268 In build_straw_man_chord_sa. tolerance = 1, sa_iterations = 1000, initial_temperature = 3.0, cooling_rate = 0.999
26 - INFO - chord#: 248 done. best_score=96.0, changed=610, unchanged=328, early_stops=8/8
26 - INFO - chord#: 250 In build_straw_man_chord_sa. tolerance = 1, sa_iterations = 1000, initial_temperature = 3.0, cooling_rate = 0.999
26 - INFO - chord#: 246 done. best_score=127.0, changed=608, unchanged=215, early_stops=8/8
26 - INFO - chord#: 248 In build_straw_man_chord_sa. tolerance = 1, sa_iterations = 1000, initial_temperature = 3.0, cooling_rate = 0.999
26 - INFO - chord#: 262 done. best_score=64.0, changed=613, unchanged=306, early_stops=8/8
26 - INFO - chord#: 264 In build_straw_man_chord_sa. tolerance = 1, sa_iterations = 1000, initial_temperature = 3.0, cooling_rate = 0.999
26 - INFO - chord#: 244 done. best_score=27.0, changed=522, unchanged=384, early_stops=8/8
26 - INFO - chord#: 246 In build_straw_man_chord_sa. tolerance = 1, sa_iterations = 1000, initial_temperature = 3.0, cooling_rate = 0.999
26 - INFO - chord#: 268 done. best_score=27.0, changed=519, unchanged=401, early_stops=8/8
26 - INFO - chord#: 270 In build_straw_man_chord_sa. tolerance = 1, sa_iterations = 1000, initial_temperature = 3.0, cooling_rate = 0.999
26 - INFO - chord#: 264 done. best_score=78.0, changed=616, unchanged=366, early_stops=8/8
26 - INFO - chord#: 268 In build_straw_man_chord_sa. tolerance = 1, sa_iterations = 1000, initial_temperature = 3.0, cooling_rate = 0.999
26 - INFO - chord#: 270 done. best_score=140.0, changed=611, unchanged=310, early_stops=8/8
26 - INFO - chord#: 272 In build_straw_man_chord_sa. tolerance = 1, sa_iterations = 1000, initial_temperature = 3.0, cooling_rate = 0.999
26 - INFO - chord#: 250 done. best_score=61.0, changed=536, unchanged=320, early_stops=8/8
26 - INFO - chord#: 252 In build_straw_man_chord_sa. tolerance = 1, sa_iterations = 1000, initial_temperature = 3.0, cooling_rate = 0.999
26 - INFO - chord#: 272 done. best_score=9.0, changed=494, unchanged=392, early_stops=8/8
26 - INFO - chord#: 268 done. best_score=27.0, changed=515, unchanged=341, early_stops=8/8
26 - INFO - chord#: 270 In build_straw_man_chord_sa. tolerance = 1, sa_iterations = 1000, initial_temperature = 3.0, cooling_rate = 0.999
26 - INFO - chord#: 264 done. best_score=140.0, changed=609, unchanged=243, early_stops=8/8
26 - INFO - chord#: 268 In build_straw_man_chord_sa. tolerance = 1, sa_iterations = 1000, initial_temperature = 3.0, cooling_rate = 0.999
26 - INFO - chord#: 264 done. best_score=67.0, changed=614, unchanged=546, early_stops=8/8
26 - INFO - chord#: 268 In build_straw_man_chord_sa. tolerance = 1, sa_iterations = 1000, initial_temperature = 3.0, cooling_rate = 0.999
26 - INFO - chord#: 248 done. best_score=141.0, changed=605, unchanged=207, early_stops=8/8
26 - INFO - chord#: 250 In build_straw_man_chord_sa. tolerance = 1, sa_iterations = 1000, initial_temperature = 3.0, cooling_rate = 0.999
26 - INFO - chord#: 246 done. best_score=74.0, changed=613, unchanged=365, early_stops=8/8
26 - INFO - chord#: 248 In build_straw_man_chord_sa. tolerance = 1, sa_iterations = 1000, initial_temperature = 3.0, cooling_rate = 0.999
26 - INFO - chord#: 270 done. best_score=137.0, changed=612, unchanged=306, early_stops=8/8
26 - INFO - chord#: 272 In build_straw_man_chord_sa. tolerance = 1, sa_iterations = 1000, initial_temperature = 3.0, cooling_rate = 0.999
26 - INFO - chord#: 272 done. best_score=9.0, changed=459, unchanged=380, early_stops=8/8
26 - INFO - chord#: 268 done. best_score=27.0, changed=526, unchanged=493, early_stops=8/8
26 - INFO - chord#: 270 In build_straw_man_chord_sa. tolerance = 1, sa_iterations = 1000, initial_temperature = 3.0, cooling_rate = 0.999
26 - INFO - chord#: 252 done. best_score=67.0, changed=608, unchanged=255, early_stops=8/8
26 - INFO - chord#: 254 In build_straw_man_chord_sa. tolerance = 1, sa_iterations = 1000, initial_temperature = 3.0, cooling_rate = 0.999
26 - INFO - chord#: 268 done. best_score=27.0, changed=519, unchanged=497, early_stops=8/8
26 - INFO - chord#: 270 In build_straw_man_chord_sa. tolerance = 1, sa_iterations = 1000, initial_temperature = 3.0, cooling_rate = 0.999
26 - INFO - chord#: 254 done. best_score=13.0, changed=506, unchanged=303, early_stops=8/8
26 - INFO - chord#: 256 In build_straw_man_chord_sa. tolerance = 1, sa_iterations = 1000, initial_temperature = 3.0, cooling_rate = 0.999
26 - INFO - chord#: 250 done. best_score=61.0, changed=529, unchanged=382, early_stops=8/8
26 - INFO - chord#: 252 In build_straw_man_chord_sa. tolerance = 1, sa_iterations = 1000, initial_temperature = 3.0, cooling_rate = 0.999
26 - INFO - chord#: 270 done. best_score=137.0, changed=615, unchanged=385, early_stops=8/8
26 - INFO - chord#: 272 In build_straw_man_chord_sa. tolerance = 1, sa_iterations = 1000, initial_temperature = 3.0, cooling_rate = 0.999
26 - INFO - chord#: 272 done. best_score=9.0, changed=469, unchanged=367, early_stops=8/8
26 - INFO - chord#: 248 done. best_score=104.0, changed=612, unchanged=252, early_stops=8/8
26 - INFO - chord#: 250 In build_straw_man_chord_sa. tolerance = 1, sa_iterations = 1000, initial_temperature = 3.0, cooling_rate = 0.999
26 - INFO - chord#: 270 done. best_score=67.0, changed=608, unchanged=256, early_stops=8/8
26 - INFO - chord#: 272 In build_straw_man_chord_sa. tolerance = 1, sa_iterations = 1000, initial_temperature = 3.0, cooling_rate = 0.999
26 - INFO - chord#: 270 done. best_score=96.0, changed=610, unchanged=347, early_stops=8/8
26 - INFO - chord#: 272 In build_straw_man_chord_sa. tolerance = 1, sa_iterations = 1000, initial_temperature = 3.0, cooling_rate = 0.999
26 - INFO - chord#: 250 done. best_score=61.0, changed=540, unchanged=291, early_stops=8/8
26 - INFO - chord#: 272 done. best_score=9.0, changed=471, unchanged=400, early_stops=8/8
26 - INFO - chord#: 252 In build_straw_man_chord_sa. tolerance = 1, sa_iterations = 1000, initial_temperature = 3.0, cooling_rate = 0.999
26 - INFO - chord#: 252 done. best_score=78.0, changed=611, unchanged=255, early_stops=8/8
26 - INFO - chord#: 254 In build_straw_man_chord_sa. tolerance = 1, sa_iterations = 1000, initial_temperature = 3.0, cooling_rate = 0.999
26 - INFO - chord#: 272 done. best_score=9.0, changed=471, unchanged=350, early_stops=8/8
26 - INFO - chord#: 256 done. best_score=67.0, changed=610, unchanged=322, early_stops=8/8
26 - INFO - chord#: 260 In build_straw_man_chord_sa. tolerance = 1, sa_iterations = 1000, initial_temperature = 3.0, cooling_rate = 0.999
26 - INFO - chord#: 254 done. best_score=11.0, changed=482, unchanged=326, early_stops=8/8
26 - INFO - chord#: 256 In build_straw_man_chord_sa. tolerance = 1, sa_iterations = 1000, initial_temperature = 3.0, cooling_rate = 0.999
26 - INFO - chord#: 260 done. best_score=27.0, changed=518, unchanged=310, early_stops=8/8
26 - INFO - chord#: 262 In build_straw_man_chord_sa. tolerance = 1, sa_iterations = 1000, initial_temperature = 3.0, cooling_rate = 0.999
26 - INFO - chord#: 252 done. best_score=96.0, changed=615, unchanged=320, early_stops=8/8
26 - INFO - chord#: 254 In build_straw_man_chord_sa. tolerance = 1, sa_iterations = 1000, initial_temperature = 3.0, cooling_rate = 0.999
26 - INFO - chord#: 254 done. best_score=11.0, changed=507, unchanged=303, early_stops=8/8
26 - INFO - chord#: 256 In build_straw_man_chord_sa. tolerance = 1, sa_iterations = 1000, initial_temperature = 3.0, cooling_rate = 0.999
26 - INFO - chord#: 256 done. best_score=78.0, changed=617, unchanged=440, early_stops=8/8
26 - INFO - chord#: 260 In build_straw_man_chord_sa. tolerance = 1, sa_iterations = 1000, initial_temperature = 3.0, cooling_rate = 0.999
26 - INFO - chord#: 262 done. best_score=104.0, changed=610, unchanged=224, early_stops=8/8
26 - INFO - chord#: 264 In build_straw_man_chord_sa. tolerance = 1, sa_iterations = 1000, initial_temperature = 3.0, cooling_rate = 0.999
26 - INFO - chord#: 260 done. best_score=27.0, changed=524, unchanged=457, early_stops=8/8
26 - INFO - chord#: 262 In build_straw_man_chord_sa. tolerance = 1, sa_iterations = 1000, initial_temperature = 3.0, cooling_rate = 0.999
26 - INFO - chord#: 264 done. best_score=78.0, changed=610, unchanged=278, early_stops=8/8
26 - INFO - chord#: 268 In build_straw_man_chord_sa. tolerance = 1, sa_iterations = 1000, initial_temperature = 3.0, cooling_rate = 0.999
26 - INFO - chord#: 256 done. best_score=119.0, changed=611, unchanged=447, early_stops=8/8
26 - INFO - chord#: 260 In build_straw_man_chord_sa. tolerance = 1, sa_iterations = 1000, initial_temperature = 3.0, cooling_rate = 0.999
26 - INFO - chord#: 268 done. best_score=27.0, changed=528, unchanged=453, early_stops=8/8
26 - INFO - chord#: 270 In build_straw_man_chord_sa. tolerance = 1, sa_iterations = 1000, initial_temperature = 3.0, cooling_rate = 0.999
26 - INFO - chord#: 262 done. best_score=64.0, changed=614, unchanged=320, early_stops=8/8
26 - INFO - chord#: 264 In build_straw_man_chord_sa. tolerance = 1, sa_iterations = 1000, initial_temperature = 3.0, cooling_rate = 0.999
26 - INFO - chord#: 260 done. best_score=27.0, changed=525, unchanged=506, early_stops=8/8
26 - INFO - chord#: 262 In build_straw_man_chord_sa. tolerance = 1, sa_iterations = 1000, initial_temperature = 3.0, cooling_rate = 0.999
26 - INFO - chord#: 270 done. best_score=67.0, changed=607, unchanged=205, early_stops=8/8
26 - INFO - chord#: 272 In build_straw_man_chord_sa. tolerance = 1, sa_iterations = 1000, initial_temperature = 3.0, cooling_rate = 0.999
26 - INFO - chord#: 272 done. best_score=9.0, changed=469, unchanged=420, early_stops=8/8
26 - INFO - chord#: 262 done. best_score=125.0, changed=604, unchanged=293, early_stops=8/8
26 - INFO - chord#: 264 In build_straw_man_chord_sa. tolerance = 1, sa_iterations = 1000, initial_temperature = 3.0, cooling_rate = 0.999
26 - INFO - chord#: 264 done. best_score=145.0, changed=618, unchanged=352, early_stops=8/8
26 - INFO - chord#: 268 In build_straw_man_chord_sa. tolerance = 1, sa_iterations = 1000, initial_temperature = 3.0, cooling_rate = 0.999
26 - INFO - chord#: 268 done. best_score=27.0, changed=524, unchanged=400, early_stops=8/8
26 - INFO - chord#: 270 In build_straw_man_chord_sa. tolerance = 1, sa_iterations = 1000, initial_temperature = 3.0, cooling_rate = 0.999
26 - INFO - chord#: 264 done. best_score=96.0, changed=611, unchanged=318, early_stops=8/8
26 - INFO - chord#: 268 In build_straw_man_chord_sa. tolerance = 1, sa_iterations = 1000, initial_temperature = 3.0, cooling_rate = 0.999
26 - INFO - chord#: 268 done. best_score=27.0, changed=523, unchanged=411, early_stops=8/8
26 - INFO - chord#: 270 In build_straw_man_chord_sa. tolerance = 1, sa_iterations = 1000, initial_temperature = 3.0, cooling_rate = 0.999
26 - INFO - chord#: 270 done. best_score=67.0, changed=610, unchanged=332, early_stops=8/8
26 - INFO - chord#: 272 In build_straw_man_chord_sa. tolerance = 1, sa_iterations = 1000, initial_temperature = 3.0, cooling_rate = 0.999
26 - INFO - chord#: 272 done. best_score=9.0, changed=462, unchanged=390, early_stops=8/8
26 - INFO - chord#: 270 done. best_score=67.0, changed=617, unchanged=507, early_stops=8/8
26 - INFO - chord#: 272 In build_straw_man_chord_sa. tolerance = 1, sa_iterations = 1000, initial_temperature = 3.0, cooling_rate = 0.999
26 - INFO - chord#: 272 done. best_score=9.0, changed=450, unchanged=356, early_stops=8/8
26 - INFO - chord#: 0 In build_straw_man_chord_sa. tolerance = 1, sa_iterations = 1000, initial_temperature = 3.0, cooling_rate = 0.999
26 - INFO - chord#: 0 In build_straw_man_chord_sa. tolerance = 1, sa_iterations = 1000, initial_temperature = 3.0, cooling_rate = 0.999
26 - INFO - chord#: 0 In build_straw_man_chord_sa. tolerance = 1, sa_iterations = 1000, initial_temperature = 3.0, cooling_rate = 0.999
26 - INFO - chord#: 0 In build_straw_man_chord_sa. tolerance = 1, sa_iterations = 1000, initial_temperature = 3.0, cooling_rate = 0.999
26 - INFO - chord#: 0 In build_straw_man_chord_sa. tolerance = 1, sa_iterations = 1000, initial_temperature = 3.0, cooling_rate = 0.999
26 - INFO - chord#: 0 In build_straw_man_chord_sa. tolerance = 1, sa_iterations = 1000, initial_temperature = 3.0, cooling_rate = 0.999
26 - INFO - chord#: 0 In build_straw_man_chord_sa. tolerance = 1, sa_iterations = 1000, initial_temperature = 3.0, cooling_rate = 0.999
26 - INFO - chord#: 0 In build_straw_man_chord_sa. tolerance = 1, sa_iterations = 1000, initial_temperature = 3.0, cooling_rate = 0.999
26 - INFO - chord#: 0 In build_straw_man_chord_sa. tolerance = 1, sa_iterations = 1000, initial_temperature = 3.0, cooling_rate = 0.999
26 - INFO - chord#: 0 In build_straw_man_chord_sa. tolerance = 1, sa_iterations = 1000, initial_temperature = 3.0, cooling_rate = 0.999
26 - INFO - chord#: 0 In build_straw_man_chord_sa. tolerance = 1, sa_iterations = 1000, initial_temperature = 3.0, cooling_rate = 0.999
26 - INFO - chord#: 0 In build_straw_man_chord_sa. tolerance = 1, sa_iterations = 1000, initial_temperature = 3.0, cooling_rate = 0.999
26 - INFO - chord#: 0 done. best_score=27.0, changed=522, unchanged=413, early_stops=8/8
26 - INFO - chord#: 2 In build_straw_man_chord_sa. tolerance = 1, sa_iterations = 1000, initial_temperature = 3.0, cooling_rate = 0.999
26 - INFO - chord#: 0 done. best_score=27.0, changed=523, unchanged=402, early_stops=8/8
26 - INFO - chord#: 2 In build_straw_man_chord_sa. tolerance = 1, sa_iterations = 1000, initial_temperature = 3.0, cooling_rate = 0.999
26 - INFO - chord#: 0 done. best_score=27.0, changed=524, unchanged=403, early_stops=8/8
26 - INFO - chord#: 2 In build_straw_man_chord_sa. tolerance = 1, sa_iterations = 1000, initial_temperature = 3.0, cooling_rate = 0.999
26 - INFO - chord#: 0 done. best_score=27.0, changed=522, unchanged=414, early_stops=8/8
26 - INFO - chord#: 2 In build_straw_man_chord_sa. tolerance = 1, sa_iterations = 1000, initial_temperature = 3.0, cooling_rate = 0.999
26 - INFO - chord#: 0 done. best_score=27.0, changed=527, unchanged=492, early_stops=8/8
26 - INFO - chord#: 2 In build_straw_man_chord_sa. tolerance = 1, sa_iterations = 1000, initial_temperature = 3.0, cooling_rate = 0.999
26 - INFO - chord#: 0 done. best_score=27.0, changed=523, unchanged=462, early_stops=8/8
26 - INFO - chord#: 2 In build_straw_man_chord_sa. tolerance = 1, sa_iterations = 1000, initial_temperature = 3.0, cooling_rate = 0.999
26 - INFO - chord#: 0 done. best_score=27.0, changed=517, unchanged=383, early_stops=8/8
26 - INFO - chord#: 2 In build_straw_man_chord_sa. tolerance = 1, sa_iterations = 1000, initial_temperature = 3.0, cooling_rate = 0.999
26 - INFO - chord#: 0 done. best_score=27.0, changed=522, unchanged=375, early_stops=8/8
26 - INFO - chord#: 2 In build_straw_man_chord_sa. tolerance = 1, sa_iterations = 1000, initial_temperature = 3.0, cooling_rate = 0.999
26 - INFO - chord#: 0 done. best_score=27.0, changed=519, unchanged=398, early_stops=8/8
26 - INFO - chord#: 2 In build_straw_man_chord_sa. tolerance = 1, sa_iterations = 1000, initial_temperature = 3.0, cooling_rate = 0.999
26 - INFO - chord#: 0 done. best_score=27.0, changed=515, unchanged=375, early_stops=8/8
26 - INFO - chord#: 2 In build_straw_man_chord_sa. tolerance = 1, sa_iterations = 1000, initial_temperature = 3.0, cooling_rate = 0.999
26 - INFO - chord#: 0 done. best_score=27.0, changed=520, unchanged=498, early_stops=8/8
26 - INFO - chord#: 2 In build_straw_man_chord_sa. tolerance = 1, sa_iterations = 1000, initial_temperature = 3.0, cooling_rate = 0.999
26 - INFO - chord#: 0 done. best_score=27.0, changed=523, unchanged=418, early_stops=8/8
26 - INFO - chord#: 2 In build_straw_man_chord_sa. tolerance = 1, sa_iterations = 1000, initial_temperature = 3.0, cooling_rate = 0.999
26 - INFO - chord#: 2 done. best_score=96.0, changed=612, unchanged=273, early_stops=8/8
26 - INFO - chord#: 4 In build_straw_man_chord_sa. tolerance = 1, sa_iterations = 1000, initial_temperature = 3.0, cooling_rate = 0.999
26 - INFO - chord#: 2 done. best_score=96.0, changed=607, unchanged=260, early_stops=8/8
26 - INFO - chord#: 4 In build_straw_man_chord_sa. tolerance = 1, sa_iterations = 1000, initial_temperature = 3.0, cooling_rate = 0.999
26 - INFO - chord#: 2 done. best_score=96.0, changed=609, unchanged=268, early_stops=8/8
26 - INFO - chord#: 4 In build_straw_man_chord_sa. tolerance = 1, sa_iterations = 1000, initial_temperature = 3.0, cooling_rate = 0.999
26 - INFO - chord#: 2 done. best_score=96.0, changed=613, unchanged=422, early_stops=8/8
26 - INFO - chord#: 4 In build_straw_man_chord_sa. tolerance = 1, sa_iterations = 1000, initial_temperature = 3.0, cooling_rate = 0.999
26 - INFO - chord#: 2 done. best_score=93.0, changed=616, unchanged=399, early_stops=8/8
26 - INFO - chord#: 4 In build_straw_man_chord_sa. tolerance = 1, sa_iterations = 1000, initial_temperature = 3.0, cooling_rate = 0.999
26 - INFO - chord#: 2 done. best_score=93.0, changed=616, unchanged=445, early_stops=8/8
26 - INFO - chord#: 4 In build_straw_man_chord_sa. tolerance = 1, sa_iterations = 1000, initial_temperature = 3.0, cooling_rate = 0.999
26 - INFO - chord#: 2 done. best_score=94.0, changed=613, unchanged=252, early_stops=8/8
26 - INFO - chord#: 4 In build_straw_man_chord_sa. tolerance = 1, sa_iterations = 1000, initial_temperature = 3.0, cooling_rate = 0.999
26 - INFO - chord#: 2 done. best_score=96.0, changed=610, unchanged=244, early_stops=8/8
26 - INFO - chord#: 4 In build_straw_man_chord_sa. tolerance = 1, sa_iterations = 1000, initial_temperature = 3.0, cooling_rate = 0.999
26 - INFO - chord#: 2 done. best_score=94.0, changed=611, unchanged=251, early_stops=8/8
26 - INFO - chord#: 4 In build_straw_man_chord_sa. tolerance = 1, sa_iterations = 1000, initial_temperature = 3.0, cooling_rate = 0.999
26 - INFO - chord#: 4 done. best_score=27.0, changed=519, unchanged=399, early_stops=8/8
26 - INFO - chord#: 8 In build_straw_man_chord_sa. tolerance = 1, sa_iterations = 1000, initial_temperature = 3.0, cooling_rate = 0.999
26 - INFO - chord#: 4 done. best_score=27.0, changed=521, unchanged=361, early_stops=8/8
26 - INFO - chord#: 8 In build_straw_man_chord_sa. tolerance = 1, sa_iterations = 1000, initial_temperature = 3.0, cooling_rate = 0.999
26 - INFO - chord#: 2 done. best_score=94.0, changed=614, unchanged=289, early_stops=8/8
26 - INFO - chord#: 4 In build_straw_man_chord_sa. tolerance = 1, sa_iterations = 1000, initial_temperature = 3.0, cooling_rate = 0.999
26 - INFO - chord#: 2 done. best_score=93.0, changed=613, unchanged=333, early_stops=8/8
26 - INFO - chord#: 4 In build_straw_man_chord_sa. tolerance = 1, sa_iterations = 1000, initial_temperature = 3.0, cooling_rate = 0.999
26 - INFO - chord#: 2 done. best_score=93.0, changed=611, unchanged=370, early_stops=8/8
26 - INFO - chord#: 4 In build_straw_man_chord_sa. tolerance = 1, sa_iterations = 1000, initial_temperature = 3.0, cooling_rate = 0.999
26 - INFO - chord#: 4 done. best_score=27.0, changed=525, unchanged=386, early_stops=8/8
26 - INFO - chord#: 8 In build_straw_man_chord_sa. tolerance = 1, sa_iterations = 1000, initial_temperature = 3.0, cooling_rate = 0.999
26 - INFO - chord#: 4 done. best_score=27.0, changed=523, unchanged=379, early_stops=8/8
26 - INFO - chord#: 8 In build_straw_man_chord_sa. tolerance = 1, sa_iterations = 1000, initial_temperature = 3.0, cooling_rate = 0.999
26 - INFO - chord#: 4 done. best_score=27.0, changed=525, unchanged=383, early_stops=8/8
26 - INFO - chord#: 8 In build_straw_man_chord_sa. tolerance = 1, sa_iterations = 1000, initial_temperature = 3.0, cooling_rate = 0.999
26 - INFO - chord#: 4 done. best_score=27.0, changed=531, unchanged=619, early_stops=8/8
26 - INFO - chord#: 8 In build_straw_man_chord_sa. tolerance = 1, sa_iterations = 1000, initial_temperature = 3.0, cooling_rate = 0.999
26 - INFO - chord#: 4 done. best_score=27.0, changed=517, unchanged=297, early_stops=8/8
26 - INFO - chord#: 8 In build_straw_man_chord_sa. tolerance = 1, sa_iterations = 1000, initial_temperature = 3.0, cooling_rate = 0.999
26 - INFO - chord#: 4 done. best_score=27.0, changed=520, unchanged=344, early_stops=8/8
26 - INFO - chord#: 8 In build_straw_man_chord_sa. tolerance = 1, sa_iterations = 1000, initial_temperature = 3.0, cooling_rate = 0.999
26 - INFO - chord#: 8 done. best_score=27.0, changed=528, unchanged=343, early_stops=8/8
26 - INFO - chord#: 8 done. best_score=27.0, changed=520, unchanged=385, early_stops=8/8
26 - INFO - chord#: 10 In build_straw_man_chord_sa. tolerance = 1, sa_iterations = 1000, initial_temperature = 3.0, cooling_rate = 0.999
26 - INFO - chord#: 10 In build_straw_man_chord_sa. tolerance = 1, sa_iterations = 1000, initial_temperature = 3.0, cooling_rate = 0.999
26 - INFO - chord#: 4 done. best_score=27.0, changed=523, unchanged=512, early_stops=8/8
26 - INFO - chord#: 8 In build_straw_man_chord_sa. tolerance = 1, sa_iterations = 1000, initial_temperature = 3.0, cooling_rate = 0.999
26 - INFO - chord#: 4 done. best_score=27.0, changed=529, unchanged=388, early_stops=8/8
26 - INFO - chord#: 8 In build_straw_man_chord_sa. tolerance = 1, sa_iterations = 1000, initial_temperature = 3.0, cooling_rate = 0.999
26 - INFO - chord#: 4 done. best_score=27.0, changed=518, unchanged=310, early_stops=8/8
26 - INFO - chord#: 8 In build_straw_man_chord_sa. tolerance = 1, sa_iterations = 1000, initial_temperature = 3.0, cooling_rate = 0.999
26 - INFO - chord#: 4 done. best_score=27.0, changed=529, unchanged=429, early_stops=8/8
26 - INFO - chord#: 8 In build_straw_man_chord_sa. tolerance = 1, sa_iterations = 1000, initial_temperature = 3.0, cooling_rate = 0.999
26 - INFO - chord#: 8 done. best_score=27.0, changed=519, unchanged=364, early_stops=8/8
26 - INFO - chord#: 10 In build_straw_man_chord_sa. tolerance = 1, sa_iterations = 1000, initial_temperature = 3.0, cooling_rate = 0.999
26 - INFO - chord#: 8 done. best_score=27.0, changed=532, unchanged=399, early_stops=8/8
26 - INFO - chord#: 10 In build_straw_man_chord_sa. tolerance = 1, sa_iterations = 1000, initial_temperature = 3.0, cooling_rate = 0.999
26 - INFO - chord#: 8 done. best_score=27.0, changed=523, unchanged=396, early_stops=8/8
26 - INFO - chord#: 10 In build_straw_man_chord_sa. tolerance = 1, sa_iterations = 1000, initial_temperature = 3.0, cooling_rate = 0.999
26 - INFO - chord#: 8 done. best_score=27.0, changed=527, unchanged=449, early_stops=8/8
26 - INFO - chord#: 10 In build_straw_man_chord_sa. tolerance = 1, sa_iterations = 1000, initial_temperature = 3.0, cooling_rate = 0.999
26 - INFO - chord#: 10 done. best_score=48.0, changed=532, unchanged=297, early_stops=8/8
26 - INFO - chord#: 12 In build_straw_man_chord_sa. tolerance = 1, sa_iterations = 1000, initial_temperature = 3.0, cooling_rate = 0.999
26 - INFO - chord#: 8 done. best_score=27.0, changed=526, unchanged=525, early_stops=8/8
26 - INFO - chord#: 10 In build_straw_man_chord_sa. tolerance = 1, sa_iterations = 1000, initial_temperature = 3.0, cooling_rate = 0.999
26 - INFO - chord#: 10 done. best_score=48.0, changed=532, unchanged=431, early_stops=8/8
26 - INFO - chord#: 12 In build_straw_man_chord_sa. tolerance = 1, sa_iterations = 1000, initial_temperature = 3.0, cooling_rate = 0.999
26 - INFO - chord#: 8 done. best_score=27.0, changed=520, unchanged=401, early_stops=8/8
26 - INFO - chord#: 10 In build_straw_man_chord_sa. tolerance = 1, sa_iterations = 1000, initial_temperature = 3.0, cooling_rate = 0.999
26 - INFO - chord#: 8 done. best_score=27.0, changed=521, unchanged=372, early_stops=8/8
26 - INFO - chord#: 10 In build_straw_man_chord_sa. tolerance = 1, sa_iterations = 1000, initial_temperature = 3.0, cooling_rate = 0.999
26 - INFO - chord#: 10 done. best_score=48.0, changed=531, unchanged=338, early_stops=8/8
26 - INFO - chord#: 12 In build_straw_man_chord_sa. tolerance = 1, sa_iterations = 1000, initial_temperature = 3.0, cooling_rate = 0.999
26 - INFO - chord#: 8 done. best_score=27.0, changed=520, unchanged=386, early_stops=8/8
26 - INFO - chord#: 10 In build_straw_man_chord_sa. tolerance = 1, sa_iterations = 1000, initial_temperature = 3.0, cooling_rate = 0.999
26 - INFO - chord#: 8 done. best_score=27.0, changed=522, unchanged=356, early_stops=8/8
26 - INFO - chord#: 10 In build_straw_man_chord_sa. tolerance = 1, sa_iterations = 1000, initial_temperature = 3.0, cooling_rate = 0.999
26 - INFO - chord#: 8 done. best_score=36.0, changed=522, unchanged=376, early_stops=8/8
26 - INFO - chord#: 10 In build_straw_man_chord_sa. tolerance = 1, sa_iterations = 1000, initial_temperature = 3.0, cooling_rate = 0.999
26 - INFO - chord#: 10 done. best_score=48.0, changed=529, unchanged=374, early_stops=8/8
26 - INFO - chord#: 12 In build_straw_man_chord_sa. tolerance = 1, sa_iterations = 1000, initial_temperature = 3.0, cooling_rate = 0.999
26 - INFO - chord#: 10 done. best_score=48.0, changed=535, unchanged=312, early_stops=8/8
26 - INFO - chord#: 12 In build_straw_man_chord_sa. tolerance = 1, sa_iterations = 1000, initial_temperature = 3.0, cooling_rate = 0.999
26 - INFO - chord#: 10 done. best_score=48.0, changed=535, unchanged=349, early_stops=8/8
26 - INFO - chord#: 12 In build_straw_man_chord_sa. tolerance = 1, sa_iterations = 1000, initial_temperature = 3.0, cooling_rate = 0.999
26 - INFO - chord#: 12 done. best_score=27.0, changed=521, unchanged=380, early_stops=8/8
26 - INFO - chord#: 14 In build_straw_man_chord_sa. tolerance = 1, sa_iterations = 1000, initial_temperature = 3.0, cooling_rate = 0.999
26 - INFO - chord#: 10 done. best_score=48.0, changed=528, unchanged=342, early_stops=8/8
26 - INFO - chord#: 12 In build_straw_man_chord_sa. tolerance = 1, sa_iterations = 1000, initial_temperature = 3.0, cooling_rate = 0.999
26 - INFO - chord#: 12 done. best_score=27.0, changed=526, unchanged=475, early_stops=8/8
26 - INFO - chord#: 14 In build_straw_man_chord_sa. tolerance = 1, sa_iterations = 1000, initial_temperature = 3.0, cooling_rate = 0.999
26 - INFO - chord#: 10 done. best_score=48.0, changed=526, unchanged=337, early_stops=8/8
26 - INFO - chord#: 12 In build_straw_man_chord_sa. tolerance = 1, sa_iterations = 1000, initial_temperature = 3.0, cooling_rate = 0.999
26 - INFO - chord#: 12 done. best_score=27.0, changed=521, unchanged=404, early_stops=8/8
26 - INFO - chord#: 14 In build_straw_man_chord_sa. tolerance = 1, sa_iterations = 1000, initial_temperature = 3.0, cooling_rate = 0.999
26 - INFO - chord#: 12 done. best_score=27.0, changed=523, unchanged=447, early_stops=8/8
26 - INFO - chord#: 14 In build_straw_man_chord_sa. tolerance = 1, sa_iterations = 1000, initial_temperature = 3.0, cooling_rate = 0.999
26 - INFO - chord#: 10 done. best_score=48.0, changed=527, unchanged=338, early_stops=8/8
26 - INFO - chord#: 12 In build_straw_man_chord_sa. tolerance = 1, sa_iterations = 1000, initial_temperature = 3.0, cooling_rate = 0.999
26 - INFO - chord#: 10 done. best_score=48.0, changed=527, unchanged=405, early_stops=8/8
26 - INFO - chord#: 12 In build_straw_man_chord_sa. tolerance = 1, sa_iterations = 1000, initial_temperature = 3.0, cooling_rate = 0.999
26 - INFO - chord#: 12 done. best_score=27.0, changed=525, unchanged=403, early_stops=8/8
26 - INFO - chord#: 14 In build_straw_man_chord_sa. tolerance = 1, sa_iterations = 1000, initial_temperature = 3.0, cooling_rate = 0.999
26 - INFO - chord#: 10 done. best_score=48.0, changed=523, unchanged=325, early_stops=8/8
26 - INFO - chord#: 12 In build_straw_man_chord_sa. tolerance = 1, sa_iterations = 1000, initial_temperature = 3.0, cooling_rate = 0.999
26 - INFO - chord#: 10 done. best_score=48.0, changed=522, unchanged=345, early_stops=8/8
26 - INFO - chord#: 12 In build_straw_man_chord_sa. tolerance = 1, sa_iterations = 1000, initial_temperature = 3.0, cooling_rate = 0.999
26 - INFO - chord#: 12 done. best_score=27.0, changed=522, unchanged=332, early_stops=8/8
26 - INFO - chord#: 14 In build_straw_man_chord_sa. tolerance = 1, sa_iterations = 1000, initial_temperature = 3.0, cooling_rate = 0.999
26 - INFO - chord#: 12 done. best_score=27.0, changed=518, unchanged=393, early_stops=8/8
26 - INFO - chord#: 14 In build_straw_man_chord_sa. tolerance = 1, sa_iterations = 1000, initial_temperature = 3.0, cooling_rate = 0.999
26 - INFO - chord#: 12 done. best_score=27.0, changed=520, unchanged=447, early_stops=8/8
26 - INFO - chord#: 14 In build_straw_man_chord_sa. tolerance = 1, sa_iterations = 1000, initial_temperature = 3.0, cooling_rate = 0.999
26 - INFO - chord#: 14 done. best_score=70.0, changed=619, unchanged=295, early_stops=8/8
26 - INFO - chord#: 16 In build_straw_man_chord_sa. tolerance = 1, sa_iterations = 1000, initial_temperature = 3.0, cooling_rate = 0.999
26 - INFO - chord#: 12 done. best_score=27.0, changed=517, unchanged=415, early_stops=8/8
26 - INFO - chord#: 14 In build_straw_man_chord_sa. tolerance = 1, sa_iterations = 1000, initial_temperature = 3.0, cooling_rate = 0.999
26 - INFO - chord#: 12 done. best_score=27.0, changed=521, unchanged=407, early_stops=8/8
26 - INFO - chord#: 14 In build_straw_man_chord_sa. tolerance = 1, sa_iterations = 1000, initial_temperature = 3.0, cooling_rate = 0.999
26 - INFO - chord#: 12 done. best_score=27.0, changed=527, unchanged=413, early_stops=8/8
26 - INFO - chord#: 14 In build_straw_man_chord_sa. tolerance = 1, sa_iterations = 1000, initial_temperature = 3.0, cooling_rate = 0.999
26 - INFO - chord#: 12 done. best_score=27.0, changed=524, unchanged=469, early_stops=8/8
26 - INFO - chord#: 14 In build_straw_man_chord_sa. tolerance = 1, sa_iterations = 1000, initial_temperature = 3.0, cooling_rate = 0.999
26 - INFO - chord#: 14 done. best_score=70.0, changed=612, unchanged=227, early_stops=8/8
26 - INFO - chord#: 16 In build_straw_man_chord_sa. tolerance = 1, sa_iterations = 1000, initial_temperature = 3.0, cooling_rate = 0.999
26 - INFO - chord#: 14 done. best_score=70.0, changed=615, unchanged=292, early_stops=8/8
26 - INFO - chord#: 16 In build_straw_man_chord_sa. tolerance = 1, sa_iterations = 1000, initial_temperature = 3.0, cooling_rate = 0.999
26 - INFO - chord#: 14 done. best_score=70.0, changed=613, unchanged=304, early_stops=8/8
26 - INFO - chord#: 16 In build_straw_man_chord_sa. tolerance = 1, sa_iterations = 1000, initial_temperature = 3.0, cooling_rate = 0.999
26 - INFO - chord#: 16 done. best_score=61.0, changed=526, unchanged=339, early_stops=8/8
26 - INFO - chord#: 18 In build_straw_man_chord_sa. tolerance = 1, sa_iterations = 1000, initial_temperature = 3.0, cooling_rate = 0.999
26 - INFO - chord#: 14 done. best_score=141.0, changed=608, unchanged=224, early_stops=8/8
26 - INFO - chord#: 16 In build_straw_man_chord_sa. tolerance = 1, sa_iterations = 1000, initial_temperature = 3.0, cooling_rate = 0.999
26 - INFO - chord#: 14 done. best_score=70.0, changed=614, unchanged=395, early_stops=8/8
26 - INFO - chord#: 16 In build_straw_man_chord_sa. tolerance = 1, sa_iterations = 1000, initial_temperature = 3.0, cooling_rate = 0.999
26 - INFO - chord#: 16 done. best_score=61.0, changed=524, unchanged=331, early_stops=8/8
26 - INFO - chord#: 18 In build_straw_man_chord_sa. tolerance = 1, sa_iterations = 1000, initial_temperature = 3.0, cooling_rate = 0.999
26 - INFO - chord#: 16 done. best_score=61.0, changed=528, unchanged=336, early_stops=8/8
26 - INFO - chord#: 18 In build_straw_man_chord_sa. tolerance = 1, sa_iterations = 1000, initial_temperature = 3.0, cooling_rate = 0.999
26 - INFO - chord#: 16 done. best_score=61.0, changed=527, unchanged=332, early_stops=8/8
26 - INFO - chord#: 18 In build_straw_man_chord_sa. tolerance = 1, sa_iterations = 1000, initial_temperature = 3.0, cooling_rate = 0.999
26 - INFO - chord#: 14 done. best_score=70.0, changed=613, unchanged=236, early_stops=8/8
26 - INFO - chord#: 16 In build_straw_man_chord_sa. tolerance = 1, sa_iterations = 1000, initial_temperature = 3.0, cooling_rate = 0.999
26 - INFO - chord#: 16 done. best_score=61.0, changed=514, unchanged=355, early_stops=8/8
26 - INFO - chord#: 18 In build_straw_man_chord_sa. tolerance = 1, sa_iterations = 1000, initial_temperature = 3.0, cooling_rate = 0.999
26 - INFO - chord#: 14 done. best_score=70.0, changed=615, unchanged=327, early_stops=8/8
26 - INFO - chord#: 16 In build_straw_man_chord_sa. tolerance = 1, sa_iterations = 1000, initial_temperature = 3.0, cooling_rate = 0.999
26 - INFO - chord#: 14 done. best_score=70.0, changed=607, unchanged=207, early_stops=8/8
26 - INFO - chord#: 16 In build_straw_man_chord_sa. tolerance = 1, sa_iterations = 1000, initial_temperature = 3.0, cooling_rate = 0.999
26 - INFO - chord#: 14 done. best_score=70.0, changed=614, unchanged=212, early_stops=8/8
26 - INFO - chord#: 16 In build_straw_man_chord_sa. tolerance = 1, sa_iterations = 1000, initial_temperature = 3.0, cooling_rate = 0.999
26 - INFO - chord#: 16 done. best_score=61.0, changed=538, unchanged=323, early_stops=8/8
26 - INFO - chord#: 18 In build_straw_man_chord_sa. tolerance = 1, sa_iterations = 1000, initial_temperature = 3.0, cooling_rate = 0.999
26 - INFO - chord#: 14 done. best_score=70.0, changed=610, unchanged=292, early_stops=8/8
26 - INFO - chord#: 16 In build_straw_man_chord_sa. tolerance = 1, sa_iterations = 1000, initial_temperature = 3.0, cooling_rate = 0.999
26 - INFO - chord#: 14 done. best_score=141.0, changed=613, unchanged=259, early_stops=8/8
26 - INFO - chord#: 16 In build_straw_man_chord_sa. tolerance = 1, sa_iterations = 1000, initial_temperature = 3.0, cooling_rate = 0.999
26 - INFO - chord#: 18 done. best_score=137.0, changed=611, unchanged=233, early_stops=8/8
26 - INFO - chord#: 20 In build_straw_man_chord_sa. tolerance = 1, sa_iterations = 1000, initial_temperature = 3.0, cooling_rate = 0.999
26 - INFO - chord#: 16 done. best_score=61.0, changed=529, unchanged=384, early_stops=8/8
26 - INFO - chord#: 18 In build_straw_man_chord_sa. tolerance = 1, sa_iterations = 1000, initial_temperature = 3.0, cooling_rate = 0.999
26 - INFO - chord#: 16 done. best_score=61.0, changed=529, unchanged=335, early_stops=8/8
26 - INFO - chord#: 18 In build_straw_man_chord_sa. tolerance = 1, sa_iterations = 1000, initial_temperature = 3.0, cooling_rate = 0.999
26 - INFO - chord#: 18 done. best_score=67.0, changed=610, unchanged=324, early_stops=8/8
26 - INFO - chord#: 20 In build_straw_man_chord_sa. tolerance = 1, sa_iterations = 1000, initial_temperature = 3.0, cooling_rate = 0.999
26 - INFO - chord#: 16 done. best_score=61.0, changed=526, unchanged=310, early_stops=8/8
26 - INFO - chord#: 18 In build_straw_man_chord_sa. tolerance = 1, sa_iterations = 1000, initial_temperature = 3.0, cooling_rate = 0.999
26 - INFO - chord#: 16 done. best_score=61.0, changed=545, unchanged=384, early_stops=8/8
26 - INFO - chord#: 18 In build_straw_man_chord_sa. tolerance = 1, sa_iterations = 1000, initial_temperature = 3.0, cooling_rate = 0.999
26 - INFO - chord#: 16 done. best_score=61.0, changed=521, unchanged=330, early_stops=8/8
26 - INFO - chord#: 18 In build_straw_man_chord_sa. tolerance = 1, sa_iterations = 1000, initial_temperature = 3.0, cooling_rate = 0.999
26 - INFO - chord#: 16 done. best_score=61.0, changed=533, unchanged=326, early_stops=8/8
26 - INFO - chord#: 18 In build_straw_man_chord_sa. tolerance = 1, sa_iterations = 1000, initial_temperature = 3.0, cooling_rate = 0.999
26 - INFO - chord#: 18 done. best_score=78.0, changed=615, unchanged=398, early_stops=8/8
26 - INFO - chord#: 20 In build_straw_man_chord_sa. tolerance = 1, sa_iterations = 1000, initial_temperature = 3.0, cooling_rate = 0.999
26 - INFO - chord#: 20 done. best_score=36.0, changed=520, unchanged=325, early_stops=8/8
26 - INFO - chord#: 24 In build_straw_man_chord_sa. tolerance = 1, sa_iterations = 1000, initial_temperature = 3.0, cooling_rate = 0.999
26 - INFO - chord#: 18 done. best_score=78.0, changed=610, unchanged=441, early_stops=8/8
26 - INFO - chord#: 20 In build_straw_man_chord_sa. tolerance = 1, sa_iterations = 1000, initial_temperature = 3.0, cooling_rate = 0.999
26 - INFO - chord#: 18 done. best_score=67.0, changed=612, unchanged=338, early_stops=8/8
26 - INFO - chord#: 20 In build_straw_man_chord_sa. tolerance = 1, sa_iterations = 1000, initial_temperature = 3.0, cooling_rate = 0.999
26 - INFO - chord#: 20 done. best_score=36.0, changed=524, unchanged=373, early_stops=8/8
26 - INFO - chord#: 24 In build_straw_man_chord_sa. tolerance = 1, sa_iterations = 1000, initial_temperature = 3.0, cooling_rate = 0.999
26 - INFO - chord#: 20 done. best_score=36.0, changed=532, unchanged=505, early_stops=8/8
26 - INFO - chord#: 24 In build_straw_man_chord_sa. tolerance = 1, sa_iterations = 1000, initial_temperature = 3.0, cooling_rate = 0.999
26 - INFO - chord#: 18 done. best_score=67.0, changed=615, unchanged=272, early_stops=8/8
26 - INFO - chord#: 20 In build_straw_man_chord_sa. tolerance = 1, sa_iterations = 1000, initial_temperature = 3.0, cooling_rate = 0.999
26 - INFO - chord#: 20 done. best_score=36.0, changed=521, unchanged=318, early_stops=8/8
26 - INFO - chord#: 24 In build_straw_man_chord_sa. tolerance = 1, sa_iterations = 1000, initial_temperature = 3.0, cooling_rate = 0.999
26 - INFO - chord#: 24 done. best_score=27.0, changed=528, unchanged=523, early_stops=8/8
26 - INFO - chord#: 26 In build_straw_man_chord_sa. tolerance = 1, sa_iterations = 1000, initial_temperature = 3.0, cooling_rate = 0.999
26 - INFO - chord#: 18 done. best_score=96.0, changed=607, unchanged=256, early_stops=8/8
26 - INFO - chord#: 20 In build_straw_man_chord_sa. tolerance = 1, sa_iterations = 1000, initial_temperature = 3.0, cooling_rate = 0.999
26 - INFO - chord#: 24 done. best_score=27.0, changed=520, unchanged=482, early_stops=8/8
26 - INFO - chord#: 26 In build_straw_man_chord_sa. tolerance = 1, sa_iterations = 1000, initial_temperature = 3.0, cooling_rate = 0.999
26 - INFO - chord#: 20 done. best_score=36.0, changed=532, unchanged=487, early_stops=8/8
26 - INFO - chord#: 24 In build_straw_man_chord_sa. tolerance = 1, sa_iterations = 1000, initial_temperature = 3.0, cooling_rate = 0.999
26 - INFO - chord#: 18 done. best_score=101.0, changed=610, unchanged=350, early_stops=8/8
26 - INFO - chord#: 20 In build_straw_man_chord_sa. tolerance = 1, sa_iterations = 1000, initial_temperature = 3.0, cooling_rate = 0.999
26 - INFO - chord#: 18 done. best_score=78.0, changed=609, unchanged=258, early_stops=8/8
26 - INFO - chord#: 20 In build_straw_man_chord_sa. tolerance = 1, sa_iterations = 1000, initial_temperature = 3.0, cooling_rate = 0.999
26 - INFO - chord#: 18 done. best_score=167.0, changed=607, unchanged=209, early_stops=8/8
26 - INFO - chord#: 20 In build_straw_man_chord_sa. tolerance = 1, sa_iterations = 1000, initial_temperature = 3.0, cooling_rate = 0.999
26 - INFO - chord#: 24 done. best_score=27.0, changed=519, unchanged=377, early_stops=8/8
26 - INFO - chord#: 26 In build_straw_man_chord_sa. tolerance = 1, sa_iterations = 1000, initial_temperature = 3.0, cooling_rate = 0.999
26 - INFO - chord#: 18 done. best_score=166.0, changed=610, unchanged=227, early_stops=8/8
26 - INFO - chord#: 20 In build_straw_man_chord_sa. tolerance = 1, sa_iterations = 1000, initial_temperature = 3.0, cooling_rate = 0.999
26 - INFO - chord#: 24 done. best_score=27.0, changed=517, unchanged=334, early_stops=8/8
26 - INFO - chord#: 26 In build_straw_man_chord_sa. tolerance = 1, sa_iterations = 1000, initial_temperature = 3.0, cooling_rate = 0.999
26 - INFO - chord#: 20 done. best_score=36.0, changed=529, unchanged=344, early_stops=8/8
26 - INFO - chord#: 24 In build_straw_man_chord_sa. tolerance = 1, sa_iterations = 1000, initial_temperature = 3.0, cooling_rate = 0.999
26 - INFO - chord#: 20 done. best_score=36.0, changed=527, unchanged=498, early_stops=8/8
26 - INFO - chord#: 24 In build_straw_man_chord_sa. tolerance = 1, sa_iterations = 1000, initial_temperature = 3.0, cooling_rate = 0.999
26 - INFO - chord#: 18 done. best_score=67.0, changed=612, unchanged=319, early_stops=8/8
26 - INFO - chord#: 20 In build_straw_man_chord_sa. tolerance = 1, sa_iterations = 1000, initial_temperature = 3.0, cooling_rate = 0.999
26 - INFO - chord#: 20 done. best_score=36.0, changed=516, unchanged=355, early_stops=8/8
26 - INFO - chord#: 24 In build_straw_man_chord_sa. tolerance = 1, sa_iterations = 1000, initial_temperature = 3.0, cooling_rate = 0.999
26 - INFO - chord#: 24 done. best_score=27.0, changed=519, unchanged=400, early_stops=8/8
26 - INFO - chord#: 26 In build_straw_man_chord_sa. tolerance = 1, sa_iterations = 1000, initial_temperature = 3.0, cooling_rate = 0.999
26 - INFO - chord#: 20 done. best_score=36.0, changed=521, unchanged=309, early_stops=8/8
26 - INFO - chord#: 24 In build_straw_man_chord_sa. tolerance = 1, sa_iterations = 1000, initial_temperature = 3.0, cooling_rate = 0.999
26 - INFO - chord#: 20 done. best_score=36.0, changed=524, unchanged=342, early_stops=8/8
26 - INFO - chord#: 24 In build_straw_man_chord_sa. tolerance = 1, sa_iterations = 1000, initial_temperature = 3.0, cooling_rate = 0.999
26 - INFO - chord#: 24 done. best_score=27.0, changed=521, unchanged=435, early_stops=8/8
26 - INFO - chord#: 26 In build_straw_man_chord_sa. tolerance = 1, sa_iterations = 1000, initial_temperature = 3.0, cooling_rate = 0.999
26 - INFO - chord#: 24 done. best_score=27.0, changed=516, unchanged=345, early_stops=8/8
26 - INFO - chord#: 26 In build_straw_man_chord_sa. tolerance = 1, sa_iterations = 1000, initial_temperature = 3.0, cooling_rate = 0.999
26 - INFO - chord#: 20 done. best_score=36.0, changed=526, unchanged=418, early_stops=8/8
26 - INFO - chord#: 24 In build_straw_man_chord_sa. tolerance = 1, sa_iterations = 1000, initial_temperature = 3.0, cooling_rate = 0.999
26 - INFO - chord#: 26 done. best_score=74.0, changed=607, unchanged=281, early_stops=8/8
26 - INFO - chord#: 28 In build_straw_man_chord_sa. tolerance = 1, sa_iterations = 1000, initial_temperature = 3.0, cooling_rate = 0.999
26 - INFO - chord#: 20 done. best_score=36.0, changed=521, unchanged=346, early_stops=8/8
26 - INFO - chord#: 24 In build_straw_man_chord_sa. tolerance = 1, sa_iterations = 1000, initial_temperature = 3.0, cooling_rate = 0.999
26 - INFO - chord#: 26 done. best_score=121.0, changed=608, unchanged=218, early_stops=8/8
26 - INFO - chord#: 28 In build_straw_man_chord_sa. tolerance = 1, sa_iterations = 1000, initial_temperature = 3.0, cooling_rate = 0.999
26 - INFO - chord#: 26 done. best_score=74.0, changed=621, unchanged=584, early_stops=8/8
26 - INFO - chord#: 28 In build_straw_man_chord_sa. tolerance = 1, sa_iterations = 1000, initial_temperature = 3.0, cooling_rate = 0.999
26 - INFO - chord#: 26 done. best_score=74.0, changed=612, unchanged=327, early_stops=8/8
26 - INFO - chord#: 28 In build_straw_man_chord_sa. tolerance = 1, sa_iterations = 1000, initial_temperature = 3.0, cooling_rate = 0.999
26 - INFO - chord#: 24 done. best_score=27.0, changed=519, unchanged=440, early_stops=8/8
26 - INFO - chord#: 26 In build_straw_man_chord_sa. tolerance = 1, sa_iterations = 1000, initial_temperature = 3.0, cooling_rate = 0.999
26 - INFO - chord#: 24 done. best_score=27.0, changed=526, unchanged=470, early_stops=8/8
26 - INFO - chord#: 26 In build_straw_man_chord_sa. tolerance = 1, sa_iterations = 1000, initial_temperature = 3.0, cooling_rate = 0.999
26 - INFO - chord#: 24 done. best_score=27.0, changed=525, unchanged=437, early_stops=8/8
26 - INFO - chord#: 26 In build_straw_man_chord_sa. tolerance = 1, sa_iterations = 1000, initial_temperature = 3.0, cooling_rate = 0.999
26 - INFO - chord#: 24 done. best_score=27.0, changed=513, unchanged=362, early_stops=8/8
26 - INFO - chord#: 26 In build_straw_man_chord_sa. tolerance = 1, sa_iterations = 1000, initial_temperature = 3.0, cooling_rate = 0.999
26 - INFO - chord#: 24 done. best_score=27.0, changed=521, unchanged=346, early_stops=8/8
26 - INFO - chord#: 26 In build_straw_man_chord_sa. tolerance = 1, sa_iterations = 1000, initial_temperature = 3.0, cooling_rate = 0.999
26 - INFO - chord#: 26 done. best_score=149.0, changed=609, unchanged=351, early_stops=8/8
26 - INFO - chord#: 28 In build_straw_man_chord_sa. tolerance = 1, sa_iterations = 1000, initial_temperature = 3.0, cooling_rate = 0.999
26 - INFO - chord#: 28 done. best_score=140.0, changed=615, unchanged=331, early_stops=8/8
26 - INFO - chord#: 32 In build_straw_man_chord_sa. tolerance = 1, sa_iterations = 1000, initial_temperature = 3.0, cooling_rate = 0.999
26 - INFO - chord#: 26 done. best_score=96.0, changed=612, unchanged=446, early_stops=8/8
26 - INFO - chord#: 28 In build_straw_man_chord_sa. tolerance = 1, sa_iterations = 1000, initial_temperature = 3.0, cooling_rate = 0.999
26 - INFO - chord#: 26 done. best_score=149.0, changed=613, unchanged=348, early_stops=8/8
26 - INFO - chord#: 28 In build_straw_man_chord_sa. tolerance = 1, sa_iterations = 1000, initial_temperature = 3.0, cooling_rate = 0.999
26 - INFO - chord#: 28 done. best_score=78.0, changed=609, unchanged=359, early_stops=8/8
26 - INFO - chord#: 32 In build_straw_man_chord_sa. tolerance = 1, sa_iterations = 1000, initial_temperature = 3.0, cooling_rate = 0.999
26 - INFO - chord#: 28 done. best_score=119.0, changed=610, unchanged=457, early_stops=8/8
26 - INFO - chord#: 32 In build_straw_man_chord_sa. tolerance = 1, sa_iterations = 1000, initial_temperature = 3.0, cooling_rate = 0.999
26 - INFO - chord#: 28 done. best_score=67.0, changed=609, unchanged=404, early_stops=8/8
26 - INFO - chord#: 32 In build_straw_man_chord_sa. tolerance = 1, sa_iterations = 1000, initial_temperature = 3.0, cooling_rate = 0.999
26 - INFO - chord#: 32 done. best_score=27.0, changed=522, unchanged=408, early_stops=8/8
26 - INFO - chord#: 36 In build_straw_man_chord_sa. tolerance = 1, sa_iterations = 1000, initial_temperature = 3.0, cooling_rate = 0.999
26 - INFO - chord#: 26 done. best_score=96.0, changed=612, unchanged=253, early_stops=8/8
26 - INFO - chord#: 28 In build_straw_man_chord_sa. tolerance = 1, sa_iterations = 1000, initial_temperature = 3.0, cooling_rate = 0.999
26 - INFO - chord#: 32 done. best_score=27.0, changed=513, unchanged=307, early_stops=8/8
26 - INFO - chord#: 36 In build_straw_man_chord_sa. tolerance = 1, sa_iterations = 1000, initial_temperature = 3.0, cooling_rate = 0.999
26 - INFO - chord#: 26 done. best_score=96.0, changed=616, unchanged=350, early_stops=8/8
26 - INFO - chord#: 28 In build_straw_man_chord_sa. tolerance = 1, sa_iterations = 1000, initial_temperature = 3.0, cooling_rate = 0.999
26 - INFO - chord#: 26 done. best_score=74.0, changed=610, unchanged=319, early_stops=8/8
26 - INFO - chord#: 28 In build_straw_man_chord_sa. tolerance = 1, sa_iterations = 1000, initial_temperature = 3.0, cooling_rate = 0.999
26 - INFO - chord#: 26 done. best_score=148.0, changed=609, unchanged=346, early_stops=8/8
26 - INFO - chord#: 28 In build_straw_man_chord_sa. tolerance = 1, sa_iterations = 1000, initial_temperature = 3.0, cooling_rate = 0.999
26 - INFO - chord#: 32 done. best_score=27.0, changed=514, unchanged=303, early_stops=8/8
26 - INFO - chord#: 36 In build_straw_man_chord_sa. tolerance = 1, sa_iterations = 1000, initial_temperature = 3.0, cooling_rate = 0.999
26 - INFO - chord#: 32 done. best_score=27.0, changed=521, unchanged=348, early_stops=8/8
26 - INFO - chord#: 36 In build_straw_man_chord_sa. tolerance = 1, sa_iterations = 1000, initial_temperature = 3.0, cooling_rate = 0.999
26 - INFO - chord#: 26 done. best_score=121.0, changed=612, unchanged=247, early_stops=8/8
26 - INFO - chord#: 28 In build_straw_man_chord_sa. tolerance = 1, sa_iterations = 1000, initial_temperature = 3.0, cooling_rate = 0.999
26 - INFO - chord#: 36 done. best_score=27.0, changed=522, unchanged=363, early_stops=8/8
26 - INFO - chord#: 44 In build_straw_man_chord_sa. tolerance = 1, sa_iterations = 1000, initial_temperature = 3.0, cooling_rate = 0.999
26 - INFO - chord#: 28 done. best_score=119.0, changed=611, unchanged=354, early_stops=8/8
26 - INFO - chord#: 32 In build_straw_man_chord_sa. tolerance = 1, sa_iterations = 1000, initial_temperature = 3.0, cooling_rate = 0.999
26 - INFO - chord#: 36 done. best_score=27.0, changed=520, unchanged=440, early_stops=8/8
26 - INFO - chord#: 44 In build_straw_man_chord_sa. tolerance = 1, sa_iterations = 1000, initial_temperature = 3.0, cooling_rate = 0.999
26 - INFO - chord#: 28 done. best_score=119.0, changed=613, unchanged=331, early_stops=8/8
26 - INFO - chord#: 32 In build_straw_man_chord_sa. tolerance = 1, sa_iterations = 1000, initial_temperature = 3.0, cooling_rate = 0.999
26 - INFO - chord#: 36 done. best_score=27.0, changed=517, unchanged=383, early_stops=8/8
26 - INFO - chord#: 44 In build_straw_man_chord_sa. tolerance = 1, sa_iterations = 1000, initial_temperature = 3.0, cooling_rate = 0.999
26 - INFO - chord#: 44 done. best_score=27.0, changed=520, unchanged=303, early_stops=8/8
26 - INFO - chord#: 48 In build_straw_man_chord_sa. tolerance = 1, sa_iterations = 1000, initial_temperature = 3.0, cooling_rate = 0.999
26 - INFO - chord#: 36 done. best_score=27.0, changed=519, unchanged=444, early_stops=8/8
26 - INFO - chord#: 44 In build_straw_man_chord_sa. tolerance = 1, sa_iterations = 1000, initial_temperature = 3.0, cooling_rate = 0.999
26 - INFO - chord#: 28 done. best_score=93.0, changed=610, unchanged=269, early_stops=8/8
26 - INFO - chord#: 32 In build_straw_man_chord_sa. tolerance = 1, sa_iterations = 1000, initial_temperature = 3.0, cooling_rate = 0.999
26 - INFO - chord#: 32 done. best_score=27.0, changed=517, unchanged=315, early_stops=8/8
26 - INFO - chord#: 36 In build_straw_man_chord_sa. tolerance = 1, sa_iterations = 1000, initial_temperature = 3.0, cooling_rate = 0.999
26 - INFO - chord#: 44 done. best_score=27.0, changed=518, unchanged=367, early_stops=8/8
26 - INFO - chord#: 48 In build_straw_man_chord_sa. tolerance = 1, sa_iterations = 1000, initial_temperature = 3.0, cooling_rate = 0.999
26 - INFO - chord#: 32 done. best_score=27.0, changed=517, unchanged=360, early_stops=8/8
26 - INFO - chord#: 36 In build_straw_man_chord_sa. tolerance = 1, sa_iterations = 1000, initial_temperature = 3.0, cooling_rate = 0.999
26 - INFO - chord#: 44 done. best_score=27.0, changed=528, unchanged=330, early_stops=8/8
26 - INFO - chord#: 48 In build_straw_man_chord_sa. tolerance = 1, sa_iterations = 1000, initial_temperature = 3.0, cooling_rate = 0.999
26 - INFO - chord#: 48 done. best_score=27.0, changed=528, unchanged=403, early_stops=8/8
26 - INFO - chord#: 50 In build_straw_man_chord_sa. tolerance = 1, sa_iterations = 1000, initial_temperature = 3.0, cooling_rate = 0.999
26 - INFO - chord#: 44 done. best_score=27.0, changed=520, unchanged=352, early_stops=8/8
26 - INFO - chord#: 48 In build_straw_man_chord_sa. tolerance = 1, sa_iterations = 1000, initial_temperature = 3.0, cooling_rate = 0.999
26 - INFO - chord#: 32 done. best_score=36.0, changed=519, unchanged=311, early_stops=8/8
26 - INFO - chord#: 36 In build_straw_man_chord_sa. tolerance = 1, sa_iterations = 1000, initial_temperature = 3.0, cooling_rate = 0.999
26 - INFO - chord#: 36 done. best_score=27.0, changed=517, unchanged=375, early_stops=8/8
26 - INFO - chord#: 44 In build_straw_man_chord_sa. tolerance = 1, sa_iterations = 1000, initial_temperature = 3.0, cooling_rate = 0.999
26 - INFO - chord#: 28 done. best_score=155.0, changed=612, unchanged=237, early_stops=8/8
26 - INFO - chord#: 32 In build_straw_man_chord_sa. tolerance = 1, sa_iterations = 1000, initial_temperature = 3.0, cooling_rate = 0.999
26 - INFO - chord#: 28 done. best_score=140.0, changed=609, unchanged=227, early_stops=8/8
26 - INFO - chord#: 32 In build_straw_man_chord_sa. tolerance = 1, sa_iterations = 1000, initial_temperature = 3.0, cooling_rate = 0.999
26 - INFO - chord#: 48 done. best_score=27.0, changed=522, unchanged=393, early_stops=8/8
26 - INFO - chord#: 50 In build_straw_man_chord_sa. tolerance = 1, sa_iterations = 1000, initial_temperature = 3.0, cooling_rate = 0.999
26 - INFO - chord#: 36 done. best_score=27.0, changed=525, unchanged=451, early_stops=8/8
26 - INFO - chord#: 44 In build_straw_man_chord_sa. tolerance = 1, sa_iterations = 1000, initial_temperature = 3.0, cooling_rate = 0.999
26 - INFO - chord#: 28 done. best_score=93.0, changed=608, unchanged=315, early_stops=8/8
26 - INFO - chord#: 32 In build_straw_man_chord_sa. tolerance = 1, sa_iterations = 1000, initial_temperature = 3.0, cooling_rate = 0.999
26 - INFO - chord#: 48 done. best_score=27.0, changed=519, unchanged=357, early_stops=8/8
26 - INFO - chord#: 50 In build_straw_man_chord_sa. tolerance = 1, sa_iterations = 1000, initial_temperature = 3.0, cooling_rate = 0.999
26 - INFO - chord#: 28 done. best_score=140.0, changed=612, unchanged=408, early_stops=8/8
26 - INFO - chord#: 32 In build_straw_man_chord_sa. tolerance = 1, sa_iterations = 1000, initial_temperature = 3.0, cooling_rate = 0.999
26 - INFO - chord#: 48 done. best_score=27.0, changed=518, unchanged=386, early_stops=8/8
26 - INFO - chord#: 50 In build_straw_man_chord_sa. tolerance = 1, sa_iterations = 1000, initial_temperature = 3.0, cooling_rate = 0.999
26 - INFO - chord#: 28 done. best_score=119.0, changed=609, unchanged=301, early_stops=8/8
26 - INFO - chord#: 32 In build_straw_man_chord_sa. tolerance = 1, sa_iterations = 1000, initial_temperature = 3.0, cooling_rate = 0.999
26 - INFO - chord#: 44 done. best_score=27.0, changed=521, unchanged=344, early_stops=8/8
26 - INFO - chord#: 48 In build_straw_man_chord_sa. tolerance = 1, sa_iterations = 1000, initial_temperature = 3.0, cooling_rate = 0.999
26 - INFO - chord#: 36 done. best_score=27.0, changed=519, unchanged=296, early_stops=8/8
26 - INFO - chord#: 44 In build_straw_man_chord_sa. tolerance = 1, sa_iterations = 1000, initial_temperature = 3.0, cooling_rate = 0.999
26 - INFO - chord#: 44 done. best_score=27.0, changed=523, unchanged=350, early_stops=8/8
26 - INFO - chord#: 48 In build_straw_man_chord_sa. tolerance = 1, sa_iterations = 1000, initial_temperature = 3.0, cooling_rate = 0.999
26 - INFO - chord#: 32 done. best_score=27.0, changed=531, unchanged=487, early_stops=8/8
26 - INFO - chord#: 36 In build_straw_man_chord_sa. tolerance = 1, sa_iterations = 1000, initial_temperature = 3.0, cooling_rate = 0.999
26 - INFO - chord#: 32 done. best_score=27.0, changed=526, unchanged=459, early_stops=8/8
26 - INFO - chord#: 36 In build_straw_man_chord_sa. tolerance = 1, sa_iterations = 1000, initial_temperature = 3.0, cooling_rate = 0.999
26 - INFO - chord#: 32 done. best_score=36.0, changed=534, unchanged=394, early_stops=8/8
26 - INFO - chord#: 36 In build_straw_man_chord_sa. tolerance = 1, sa_iterations = 1000, initial_temperature = 3.0, cooling_rate = 0.999
26 - INFO - chord#: 32 done. best_score=27.0, changed=525, unchanged=393, early_stops=8/8
26 - INFO - chord#: 36 In build_straw_man_chord_sa. tolerance = 1, sa_iterations = 1000, initial_temperature = 3.0, cooling_rate = 0.999
26 - INFO - chord#: 48 done. best_score=27.0, changed=538, unchanged=450, early_stops=8/8
26 - INFO - chord#: 50 In build_straw_man_chord_sa. tolerance = 1, sa_iterations = 1000, initial_temperature = 3.0, cooling_rate = 0.999
26 - INFO - chord#: 32 done. best_score=27.0, changed=526, unchanged=405, early_stops=8/8
26 - INFO - chord#: 36 In build_straw_man_chord_sa. tolerance = 1, sa_iterations = 1000, initial_temperature = 3.0, cooling_rate = 0.999
26 - INFO - chord#: 48 done. best_score=27.0, changed=532, unchanged=425, early_stops=8/8
26 - INFO - chord#: 50 In build_straw_man_chord_sa. tolerance = 1, sa_iterations = 1000, initial_temperature = 3.0, cooling_rate = 0.999
26 - INFO - chord#: 44 done. best_score=27.0, changed=530, unchanged=395, early_stops=8/8
26 - INFO - chord#: 48 In build_straw_man_chord_sa. tolerance = 1, sa_iterations = 1000, initial_temperature = 3.0, cooling_rate = 0.999
26 - INFO - chord#: 50 done. best_score=67.0, changed=606, unchanged=224, early_stops=8/8
26 - INFO - chord#: 52 In build_straw_man_chord_sa. tolerance = 1, sa_iterations = 1000, initial_temperature = 3.0, cooling_rate = 0.999
26 - INFO - chord#: 50 done. best_score=67.0, changed=618, unchanged=399, early_stops=8/8
26 - INFO - chord#: 52 In build_straw_man_chord_sa. tolerance = 1, sa_iterations = 1000, initial_temperature = 3.0, cooling_rate = 0.999
26 - INFO - chord#: 36 done. best_score=27.0, changed=517, unchanged=395, early_stops=8/8
26 - INFO - chord#: 44 In build_straw_man_chord_sa. tolerance = 1, sa_iterations = 1000, initial_temperature = 3.0, cooling_rate = 0.999
26 - INFO - chord#: 36 done. best_score=27.0, changed=524, unchanged=465, early_stops=8/8
26 - INFO - chord#: 44 In build_straw_man_chord_sa. tolerance = 1, sa_iterations = 1000, initial_temperature = 3.0, cooling_rate = 0.999
26 - INFO - chord#: 36 done. best_score=27.0, changed=520, unchanged=344, early_stops=8/8
26 - INFO - chord#: 44 In build_straw_man_chord_sa. tolerance = 1, sa_iterations = 1000, initial_temperature = 3.0, cooling_rate = 0.999
26 - INFO - chord#: 50 done. best_score=67.0, changed=609, unchanged=228, early_stops=8/8
26 - INFO - chord#: 52 In build_straw_man_chord_sa. tolerance = 1, sa_iterations = 1000, initial_temperature = 3.0, cooling_rate = 0.999
26 - INFO - chord#: 36 done. best_score=27.0, changed=521, unchanged=373, early_stops=8/8
26 - INFO - chord#: 44 In build_straw_man_chord_sa. tolerance = 1, sa_iterations = 1000, initial_temperature = 3.0, cooling_rate = 0.999
26 - INFO - chord#: 50 done. best_score=137.0, changed=613, unchanged=303, early_stops=8/8
26 - INFO - chord#: 52 In build_straw_man_chord_sa. tolerance = 1, sa_iterations = 1000, initial_temperature = 3.0, cooling_rate = 0.999
26 - INFO - chord#: 36 done. best_score=27.0, changed=519, unchanged=357, early_stops=8/8
26 - INFO - chord#: 44 In build_straw_man_chord_sa. tolerance = 1, sa_iterations = 1000, initial_temperature = 3.0, cooling_rate = 0.999
26 - INFO - chord#: 52 done. best_score=27.0, changed=521, unchanged=398, early_stops=8/8
26 - INFO - chord#: 56 In build_straw_man_chord_sa. tolerance = 1, sa_iterations = 1000, initial_temperature = 3.0, cooling_rate = 0.999
26 - INFO - chord#: 52 done. best_score=27.0, changed=526, unchanged=549, early_stops=8/8
26 - INFO - chord#: 56 In build_straw_man_chord_sa. tolerance = 1, sa_iterations = 1000, initial_temperature = 3.0, cooling_rate = 0.999
26 - INFO - chord#: 48 done. best_score=27.0, changed=534, unchanged=537, early_stops=8/8
26 - INFO - chord#: 50 In build_straw_man_chord_sa. tolerance = 1, sa_iterations = 1000, initial_temperature = 3.0, cooling_rate = 0.999
26 - INFO - chord#: 44 done. best_score=27.0, changed=520, unchanged=375, early_stops=8/8
26 - INFO - chord#: 48 In build_straw_man_chord_sa. tolerance = 1, sa_iterations = 1000, initial_temperature = 3.0, cooling_rate = 0.999
26 - INFO - chord#: 44 done. best_score=27.0, changed=521, unchanged=367, early_stops=8/8
26 - INFO - chord#: 48 In build_straw_man_chord_sa. tolerance = 1, sa_iterations = 1000, initial_temperature = 3.0, cooling_rate = 0.999
26 - INFO - chord#: 44 done. best_score=27.0, changed=535, unchanged=386, early_stops=8/8
26 - INFO - chord#: 48 In build_straw_man_chord_sa. tolerance = 1, sa_iterations = 1000, initial_temperature = 3.0, cooling_rate = 0.999
26 - INFO - chord#: 52 done. best_score=27.0, changed=522, unchanged=578, early_stops=8/8
26 - INFO - chord#: 56 In build_straw_man_chord_sa. tolerance = 1, sa_iterations = 1000, initial_temperature = 3.0, cooling_rate = 0.999
26 - INFO - chord#: 52 done. best_score=27.0, changed=523, unchanged=361, early_stops=8/8
26 - INFO - chord#: 56 In build_straw_man_chord_sa. tolerance = 1, sa_iterations = 1000, initial_temperature = 3.0, cooling_rate = 0.999
26 - INFO - chord#: 44 done. best_score=27.0, changed=520, unchanged=364, early_stops=8/8
26 - INFO - chord#: 48 In build_straw_man_chord_sa. tolerance = 1, sa_iterations = 1000, initial_temperature = 3.0, cooling_rate = 0.999
26 - INFO - chord#: 50 done. best_score=67.0, changed=609, unchanged=241, early_stops=8/8
26 - INFO - chord#: 52 In build_straw_man_chord_sa. tolerance = 1, sa_iterations = 1000, initial_temperature = 3.0, cooling_rate = 0.999
26 - INFO - chord#: 50 done. best_score=167.0, changed=612, unchanged=299, early_stops=8/8
26 - INFO - chord#: 52 In build_straw_man_chord_sa. tolerance = 1, sa_iterations = 1000, initial_temperature = 3.0, cooling_rate = 0.999
26 - INFO - chord#: 44 done. best_score=27.0, changed=524, unchanged=333, early_stops=8/8
26 - INFO - chord#: 48 In build_straw_man_chord_sa. tolerance = 1, sa_iterations = 1000, initial_temperature = 3.0, cooling_rate = 0.999
26 - INFO - chord#: 56 done. best_score=36.0, changed=524, unchanged=371, early_stops=8/8
26 - INFO - chord#: 58 In build_straw_man_chord_sa. tolerance = 1, sa_iterations = 1000, initial_temperature = 3.0, cooling_rate = 0.999
26 - INFO - chord#: 56 done. best_score=36.0, changed=525, unchanged=386, early_stops=8/8
26 - INFO - chord#: 58 In build_straw_man_chord_sa. tolerance = 1, sa_iterations = 1000, initial_temperature = 3.0, cooling_rate = 0.999
26 - INFO - chord#: 48 done. best_score=27.0, changed=522, unchanged=323, early_stops=8/8
26 - INFO - chord#: 50 In build_straw_man_chord_sa. tolerance = 1, sa_iterations = 1000, initial_temperature = 3.0, cooling_rate = 0.999
26 - INFO - chord#: 56 done. best_score=36.0, changed=522, unchanged=400, early_stops=8/8
26 - INFO - chord#: 58 In build_straw_man_chord_sa. tolerance = 1, sa_iterations = 1000, initial_temperature = 3.0, cooling_rate = 0.999
26 - INFO - chord#: 56 done. best_score=36.0, changed=517, unchanged=319, early_stops=8/8
26 - INFO - chord#: 58 In build_straw_man_chord_sa. tolerance = 1, sa_iterations = 1000, initial_temperature = 3.0, cooling_rate = 0.999
26 - INFO - chord#: 48 done. best_score=27.0, changed=527, unchanged=362, early_stops=8/8
26 - INFO - chord#: 50 In build_straw_man_chord_sa. tolerance = 1, sa_iterations = 1000, initial_temperature = 3.0, cooling_rate = 0.999
26 - INFO - chord#: 48 done. best_score=27.0, changed=526, unchanged=495, early_stops=8/8
26 - INFO - chord#: 50 In build_straw_man_chord_sa. tolerance = 1, sa_iterations = 1000, initial_temperature = 3.0, cooling_rate = 0.999
26 - INFO - chord#: 52 done. best_score=27.0, changed=517, unchanged=442, early_stops=8/8
26 - INFO - chord#: 56 In build_straw_man_chord_sa. tolerance = 1, sa_iterations = 1000, initial_temperature = 3.0, cooling_rate = 0.999
26 - INFO - chord#: 52 done. best_score=27.0, changed=521, unchanged=375, early_stops=8/8
26 - INFO - chord#: 56 In build_straw_man_chord_sa. tolerance = 1, sa_iterations = 1000, initial_temperature = 3.0, cooling_rate = 0.999
26 - INFO - chord#: 48 done. best_score=27.0, changed=526, unchanged=352, early_stops=8/8
26 - INFO - chord#: 50 In build_straw_man_chord_sa. tolerance = 1, sa_iterations = 1000, initial_temperature = 3.0, cooling_rate = 0.999
26 - INFO - chord#: 48 done. best_score=27.0, changed=521, unchanged=541, early_stops=8/8
26 - INFO - chord#: 50 In build_straw_man_chord_sa. tolerance = 1, sa_iterations = 1000, initial_temperature = 3.0, cooling_rate = 0.999
26 - INFO - chord#: 56 done. best_score=36.0, changed=528, unchanged=313, early_stops=8/8
26 - INFO - chord#: 58 In build_straw_man_chord_sa. tolerance = 1, sa_iterations = 1000, initial_temperature = 3.0, cooling_rate = 0.999
26 - INFO - chord#: 56 done. best_score=36.0, changed=527, unchanged=394, early_stops=8/8
26 - INFO - chord#: 58 In build_straw_man_chord_sa. tolerance = 1, sa_iterations = 1000, initial_temperature = 3.0, cooling_rate = 0.999
26 - INFO - chord#: 50 done. best_score=67.0, changed=609, unchanged=302, early_stops=8/8
26 - INFO - chord#: 52 In build_straw_man_chord_sa. tolerance = 1, sa_iterations = 1000, initial_temperature = 3.0, cooling_rate = 0.999
26 - INFO - chord#: 58 done. best_score=104.0, changed=616, unchanged=409, early_stops=8/8
26 - INFO - chord#: 60 In build_straw_man_chord_sa. tolerance = 1, sa_iterations = 1000, initial_temperature = 3.0, cooling_rate = 0.999
26 - INFO - chord#: 58 done. best_score=104.0, changed=610, unchanged=231, early_stops=8/8
26 - INFO - chord#: 60 In build_straw_man_chord_sa. tolerance = 1, sa_iterations = 1000, initial_temperature = 3.0, cooling_rate = 0.999
26 - INFO - chord#: 58 done. best_score=154.0, changed=613, unchanged=250, early_stops=8/8
26 - INFO - chord#: 60 In build_straw_man_chord_sa. tolerance = 1, sa_iterations = 1000, initial_temperature = 3.0, cooling_rate = 0.999
26 - INFO - chord#: 58 done. best_score=146.0, changed=619, unchanged=453, early_stops=8/8
26 - INFO - chord#: 60 In build_straw_man_chord_sa. tolerance = 1, sa_iterations = 1000, initial_temperature = 3.0, cooling_rate = 0.999
26 - INFO - chord#: 50 done. best_score=96.0, changed=609, unchanged=262, early_stops=8/8
26 - INFO - chord#: 52 In build_straw_man_chord_sa. tolerance = 1, sa_iterations = 1000, initial_temperature = 3.0, cooling_rate = 0.999
26 - INFO - chord#: 52 done. best_score=27.0, changed=521, unchanged=369, early_stops=8/8
26 - INFO - chord#: 56 In build_straw_man_chord_sa. tolerance = 1, sa_iterations = 1000, initial_temperature = 3.0, cooling_rate = 0.999
26 - INFO - chord#: 60 done. best_score=27.0, changed=512, unchanged=296, early_stops=8/8
26 - INFO - chord#: 64 In build_straw_man_chord_sa. tolerance = 1, sa_iterations = 1000, initial_temperature = 3.0, cooling_rate = 0.999
26 - INFO - chord#: 60 done. best_score=27.0, changed=520, unchanged=469, early_stops=8/8
26 - INFO - chord#: 64 In build_straw_man_chord_sa. tolerance = 1, sa_iterations = 1000, initial_temperature = 3.0, cooling_rate = 0.999
26 - INFO - chord#: 60 done. best_score=27.0, changed=525, unchanged=475, early_stops=8/8
26 - INFO - chord#: 64 In build_straw_man_chord_sa. tolerance = 1, sa_iterations = 1000, initial_temperature = 3.0, cooling_rate = 0.999
26 - INFO - chord#: 60 done. best_score=27.0, changed=518, unchanged=383, early_stops=8/8
26 - INFO - chord#: 64 In build_straw_man_chord_sa. tolerance = 1, sa_iterations = 1000, initial_temperature = 3.0, cooling_rate = 0.999
26 - INFO - chord#: 58 done. best_score=64.0, changed=615, unchanged=250, early_stops=8/8
26 - INFO - chord#: 60 In build_straw_man_chord_sa. tolerance = 1, sa_iterations = 1000, initial_temperature = 3.0, cooling_rate = 0.999
26 - INFO - chord#: 50 done. best_score=67.0, changed=615, unchanged=440, early_stops=8/8
26 - INFO - chord#: 52 In build_straw_man_chord_sa. tolerance = 1, sa_iterations = 1000, initial_temperature = 3.0, cooling_rate = 0.999
26 - INFO - chord#: 50 done. best_score=67.0, changed=608, unchanged=351, early_stops=8/8
26 - INFO - chord#: 52 In build_straw_man_chord_sa. tolerance = 1, sa_iterations = 1000, initial_temperature = 3.0, cooling_rate = 0.999
26 - INFO - chord#: 58 done. best_score=71.0, changed=610, unchanged=335, early_stops=8/8
26 - INFO - chord#: 60 In build_straw_man_chord_sa. tolerance = 1, sa_iterations = 1000, initial_temperature = 3.0, cooling_rate = 0.999
26 - INFO - chord#: 50 done. best_score=96.0, changed=617, unchanged=531, early_stops=8/8
26 - INFO - chord#: 52 In build_straw_man_chord_sa. tolerance = 1, sa_iterations = 1000, initial_temperature = 3.0, cooling_rate = 0.999
26 - INFO - chord#: 50 done. best_score=67.0, changed=612, unchanged=407, early_stops=8/8
26 - INFO - chord#: 52 In build_straw_man_chord_sa. tolerance = 1, sa_iterations = 1000, initial_temperature = 3.0, cooling_rate = 0.999
26 - INFO - chord#: 56 done. best_score=36.0, changed=526, unchanged=379, early_stops=8/8
26 - INFO - chord#: 58 In build_straw_man_chord_sa. tolerance = 1, sa_iterations = 1000, initial_temperature = 3.0, cooling_rate = 0.999
26 - INFO - chord#: 52 done. best_score=27.0, changed=530, unchanged=389, early_stops=8/8
26 - INFO - chord#: 56 In build_straw_man_chord_sa. tolerance = 1, sa_iterations = 1000, initial_temperature = 3.0, cooling_rate = 0.999
26 - INFO - chord#: 60 done. best_score=27.0, changed=525, unchanged=409, early_stops=8/8
26 - INFO - chord#: 64 In build_straw_man_chord_sa. tolerance = 1, sa_iterations = 1000, initial_temperature = 3.0, cooling_rate = 0.999
26 - INFO - chord#: 60 done. best_score=27.0, changed=516, unchanged=328, early_stops=8/8
26 - INFO - chord#: 64 In build_straw_man_chord_sa. tolerance = 1, sa_iterations = 1000, initial_temperature = 3.0, cooling_rate = 0.999
26 - INFO - chord#: 52 done. best_score=27.0, changed=526, unchanged=299, early_stops=8/8
26 - INFO - chord#: 56 In build_straw_man_chord_sa. tolerance = 1, sa_iterations = 1000, initial_temperature = 3.0, cooling_rate = 0.999
26 - INFO - chord#: 52 done. best_score=27.0, changed=523, unchanged=473, early_stops=8/8
26 - INFO - chord#: 56 In build_straw_man_chord_sa. tolerance = 1, sa_iterations = 1000, initial_temperature = 3.0, cooling_rate = 0.999
26 - INFO - chord#: 52 done. best_score=27.0, changed=521, unchanged=463, early_stops=8/8
26 - INFO - chord#: 56 In build_straw_man_chord_sa. tolerance = 1, sa_iterations = 1000, initial_temperature = 3.0, cooling_rate = 0.999
26 - INFO - chord#: 64 done. best_score=74.0, changed=610, unchanged=246, early_stops=8/8
26 - INFO - chord#: 68 In build_straw_man_chord_sa. tolerance = 1, sa_iterations = 1000, initial_temperature = 3.0, cooling_rate = 0.999
26 - INFO - chord#: 56 done. best_score=36.0, changed=515, unchanged=313, early_stops=8/8
26 - INFO - chord#: 58 In build_straw_man_chord_sa. tolerance = 1, sa_iterations = 1000, initial_temperature = 3.0, cooling_rate = 0.999
26 - INFO - chord#: 64 done. best_score=96.0, changed=610, unchanged=297, early_stops=8/8
26 - INFO - chord#: 68 In build_straw_man_chord_sa. tolerance = 1, sa_iterations = 1000, initial_temperature = 3.0, cooling_rate = 0.999
26 - INFO - chord#: 52 done. best_score=27.0, changed=525, unchanged=592, early_stops=8/8
26 - INFO - chord#: 56 In build_straw_man_chord_sa. tolerance = 1, sa_iterations = 1000, initial_temperature = 3.0, cooling_rate = 0.999
26 - INFO - chord#: 64 done. best_score=96.0, changed=615, unchanged=314, early_stops=8/8
26 - INFO - chord#: 68 In build_straw_man_chord_sa. tolerance = 1, sa_iterations = 1000, initial_temperature = 3.0, cooling_rate = 0.999
26 - INFO - chord#: 64 done. best_score=144.0, changed=613, unchanged=313, early_stops=8/8
26 - INFO - chord#: 68 In build_straw_man_chord_sa. tolerance = 1, sa_iterations = 1000, initial_temperature = 3.0, cooling_rate = 0.999
26 - INFO - chord#: 56 done. best_score=36.0, changed=523, unchanged=355, early_stops=8/8
26 - INFO - chord#: 58 In build_straw_man_chord_sa. tolerance = 1, sa_iterations = 1000, initial_temperature = 3.0, cooling_rate = 0.999
26 - INFO - chord#: 68 done. best_score=36.0, changed=525, unchanged=343, early_stops=8/8
26 - INFO - chord#: 70 In build_straw_man_chord_sa. tolerance = 1, sa_iterations = 1000, initial_temperature = 3.0, cooling_rate = 0.999
26 - INFO - chord#: 68 done. best_score=36.0, changed=531, unchanged=374, early_stops=8/8
26 - INFO - chord#: 70 In build_straw_man_chord_sa. tolerance = 1, sa_iterations = 1000, initial_temperature = 3.0, cooling_rate = 0.999
26 - INFO - chord#: 56 done. best_score=36.0, changed=522, unchanged=323, early_stops=8/8
26 - INFO - chord#: 58 In build_straw_man_chord_sa. tolerance = 1, sa_iterations = 1000, initial_temperature = 3.0, cooling_rate = 0.999
26 - INFO - chord#: 68 done. best_score=36.0, changed=530, unchanged=319, early_stops=8/8
26 - INFO - chord#: 70 In build_straw_man_chord_sa. tolerance = 1, sa_iterations = 1000, initial_temperature = 3.0, cooling_rate = 0.999
26 - INFO - chord#: 68 done. best_score=72.0, changed=536, unchanged=438, early_stops=8/8
26 - INFO - chord#: 70 In build_straw_man_chord_sa. tolerance = 1, sa_iterations = 1000, initial_temperature = 3.0, cooling_rate = 0.999
26 - INFO - chord#: 56 done. best_score=36.0, changed=528, unchanged=521, early_stops=8/8
26 - INFO - chord#: 58 In build_straw_man_chord_sa. tolerance = 1, sa_iterations = 1000, initial_temperature = 3.0, cooling_rate = 0.999
26 - INFO - chord#: 56 done. best_score=36.0, changed=520, unchanged=390, early_stops=8/8
26 - INFO - chord#: 58 In build_straw_man_chord_sa. tolerance = 1, sa_iterations = 1000, initial_temperature = 3.0, cooling_rate = 0.999
26 - INFO - chord#: 64 done. best_score=121.0, changed=612, unchanged=274, early_stops=8/8
26 - INFO - chord#: 68 In build_straw_man_chord_sa. tolerance = 1, sa_iterations = 1000, initial_temperature = 3.0, cooling_rate = 0.999
26 - INFO - chord#: 70 done. best_score=35.0, changed=526, unchanged=382, early_stops=8/8
26 - INFO - chord#: 72 In build_straw_man_chord_sa. tolerance = 1, sa_iterations = 1000, initial_temperature = 3.0, cooling_rate = 0.999
26 - INFO - chord#: 58 done. best_score=64.0, changed=613, unchanged=368, early_stops=8/8
26 - INFO - chord#: 60 In build_straw_man_chord_sa. tolerance = 1, sa_iterations = 1000, initial_temperature = 3.0, cooling_rate = 0.999
26 - INFO - chord#: 70 done. best_score=37.0, changed=527, unchanged=421, early_stops=8/8
26 - INFO - chord#: 72 In build_straw_man_chord_sa. tolerance = 1, sa_iterations = 1000, initial_temperature = 3.0, cooling_rate = 0.999
26 - INFO - chord#: 70 done. best_score=35.0, changed=528, unchanged=367, early_stops=8/8
26 - INFO - chord#: 72 In build_straw_man_chord_sa. tolerance = 1, sa_iterations = 1000, initial_temperature = 3.0, cooling_rate = 0.999
26 - INFO - chord#: 64 done. best_score=96.0, changed=613, unchanged=397, early_stops=8/8
26 - INFO - chord#: 68 In build_straw_man_chord_sa. tolerance = 1, sa_iterations = 1000, initial_temperature = 3.0, cooling_rate = 0.999
26 - INFO - chord#: 70 done. best_score=58.0, changed=528, unchanged=350, early_stops=8/8
26 - INFO - chord#: 72 In build_straw_man_chord_sa. tolerance = 1, sa_iterations = 1000, initial_temperature = 3.0, cooling_rate = 0.999
26 - INFO - chord#: 68 done. best_score=36.0, changed=528, unchanged=301, early_stops=8/8
26 - INFO - chord#: 70 In build_straw_man_chord_sa. tolerance = 1, sa_iterations = 1000, initial_temperature = 3.0, cooling_rate = 0.999
26 - INFO - chord#: 68 done. best_score=72.0, changed=535, unchanged=331, early_stops=8/8
26 - INFO - chord#: 70 In build_straw_man_chord_sa. tolerance = 1, sa_iterations = 1000, initial_temperature = 3.0, cooling_rate = 0.999
26 - INFO - chord#: 58 done. best_score=71.0, changed=611, unchanged=356, early_stops=8/8
26 - INFO - chord#: 60 In build_straw_man_chord_sa. tolerance = 1, sa_iterations = 1000, initial_temperature = 3.0, cooling_rate = 0.999
26 - INFO - chord#: 60 done. best_score=27.0, changed=520, unchanged=304, early_stops=8/8
26 - INFO - chord#: 64 In build_straw_man_chord_sa. tolerance = 1, sa_iterations = 1000, initial_temperature = 3.0, cooling_rate = 0.999
26 - INFO - chord#: 70 done. best_score=37.0, changed=527, unchanged=316, early_stops=8/8
26 - INFO - chord#: 72 In build_straw_man_chord_sa. tolerance = 1, sa_iterations = 1000, initial_temperature = 3.0, cooling_rate = 0.999
26 - INFO - chord#: 58 done. best_score=64.0, changed=616, unchanged=329, early_stops=8/8
26 - INFO - chord#: 60 In build_straw_man_chord_sa. tolerance = 1, sa_iterations = 1000, initial_temperature = 3.0, cooling_rate = 0.999
26 - INFO - chord#: 70 done. best_score=49.0, changed=523, unchanged=354, early_stops=8/8
26 - INFO - chord#: 72 In build_straw_man_chord_sa. tolerance = 1, sa_iterations = 1000, initial_temperature = 3.0, cooling_rate = 0.999
26 - INFO - chord#: 58 done. best_score=64.0, changed=612, unchanged=319, early_stops=8/8
26 - INFO - chord#: 60 In build_straw_man_chord_sa. tolerance = 1, sa_iterations = 1000, initial_temperature = 3.0, cooling_rate = 0.999
26 - INFO - chord#: 58 done. best_score=146.0, changed=608, unchanged=215, early_stops=8/8
26 - INFO - chord#: 60 In build_straw_man_chord_sa. tolerance = 1, sa_iterations = 1000, initial_temperature = 3.0, cooling_rate = 0.999
26 - INFO - chord#: 72 done. best_score=142.0, changed=607, unchanged=258, early_stops=8/8
26 - INFO - chord#: 74 In build_straw_man_chord_sa. tolerance = 1, sa_iterations = 1000, initial_temperature = 3.0, cooling_rate = 0.999
26 - INFO - chord#: 72 done. best_score=145.0, changed=609, unchanged=257, early_stops=8/8
26 - INFO - chord#: 74 In build_straw_man_chord_sa. tolerance = 1, sa_iterations = 1000, initial_temperature = 3.0, cooling_rate = 0.999
26 - INFO - chord#: 72 done. best_score=142.0, changed=613, unchanged=293, early_stops=8/8
26 - INFO - chord#: 74 In build_straw_man_chord_sa. tolerance = 1, sa_iterations = 1000, initial_temperature = 3.0, cooling_rate = 0.999
26 - INFO - chord#: 72 done. best_score=140.0, changed=613, unchanged=334, early_stops=8/8
26 - INFO - chord#: 74 In build_straw_man_chord_sa. tolerance = 1, sa_iterations = 1000, initial_temperature = 3.0, cooling_rate = 0.999
26 - INFO - chord#: 60 done. best_score=27.0, changed=521, unchanged=513, early_stops=8/8
26 - INFO - chord#: 64 In build_straw_man_chord_sa. tolerance = 1, sa_iterations = 1000, initial_temperature = 3.0, cooling_rate = 0.999
26 - INFO - chord#: 58 done. best_score=64.0, changed=610, unchanged=399, early_stops=8/8
26 - INFO - chord#: 60 In build_straw_man_chord_sa. tolerance = 1, sa_iterations = 1000, initial_temperature = 3.0, cooling_rate = 0.999
26 - INFO - chord#: 74 done. best_score=36.0, changed=517, unchanged=352, early_stops=8/8
26 - INFO - chord#: 76 In build_straw_man_chord_sa. tolerance = 1, sa_iterations = 1000, initial_temperature = 3.0, cooling_rate = 0.999
26 - INFO - chord#: 74 done. best_score=36.0, changed=517, unchanged=417, early_stops=8/8
26 - INFO - chord#: 76 In build_straw_man_chord_sa. tolerance = 1, sa_iterations = 1000, initial_temperature = 3.0, cooling_rate = 0.999
26 - INFO - chord#: 74 done. best_score=36.0, changed=521, unchanged=384, early_stops=8/8
26 - INFO - chord#: 76 In build_straw_man_chord_sa. tolerance = 1, sa_iterations = 1000, initial_temperature = 3.0, cooling_rate = 0.999
26 - INFO - chord#: 60 done. best_score=27.0, changed=519, unchanged=349, early_stops=8/8
26 - INFO - chord#: 74 done. best_score=27.0, changed=526, unchanged=427, early_stops=8/8
26 - INFO - chord#: 64 In build_straw_man_chord_sa. tolerance = 1, sa_iterations = 1000, initial_temperature = 3.0, cooling_rate = 0.999
26 - INFO - chord#: 76 In build_straw_man_chord_sa. tolerance = 1, sa_iterations = 1000, initial_temperature = 3.0, cooling_rate = 0.999
26 - INFO - chord#: 60 done. best_score=27.0, changed=531, unchanged=340, early_stops=8/8
26 - INFO - chord#: 64 In build_straw_man_chord_sa. tolerance = 1, sa_iterations = 1000, initial_temperature = 3.0, cooling_rate = 0.999
26 - INFO - chord#: 60 done. best_score=27.0, changed=517, unchanged=363, early_stops=8/8
26 - INFO - chord#: 64 In build_straw_man_chord_sa. tolerance = 1, sa_iterations = 1000, initial_temperature = 3.0, cooling_rate = 0.999
26 - INFO - chord#: 72 done. best_score=145.0, changed=615, unchanged=290, early_stops=8/8
26 - INFO - chord#: 74 In build_straw_man_chord_sa. tolerance = 1, sa_iterations = 1000, initial_temperature = 3.0, cooling_rate = 0.999
26 - INFO - chord#: 72 done. best_score=140.0, changed=611, unchanged=280, early_stops=8/8
26 - INFO - chord#: 74 In build_straw_man_chord_sa. tolerance = 1, sa_iterations = 1000, initial_temperature = 3.0, cooling_rate = 0.999
26 - INFO - chord#: 60 done. best_score=27.0, changed=523, unchanged=506, early_stops=8/8
26 - INFO - chord#: 64 In build_straw_man_chord_sa. tolerance = 1, sa_iterations = 1000, initial_temperature = 3.0, cooling_rate = 0.999
26 - INFO - chord#: 64 done. best_score=96.0, changed=613, unchanged=324, early_stops=8/8
26 - INFO - chord#: 68 In build_straw_man_chord_sa. tolerance = 1, sa_iterations = 1000, initial_temperature = 3.0, cooling_rate = 0.999
26 - INFO - chord#: 74 done. best_score=36.0, changed=526, unchanged=382, early_stops=8/8
26 - INFO - chord#: 76 In build_straw_man_chord_sa. tolerance = 1, sa_iterations = 1000, initial_temperature = 3.0, cooling_rate = 0.999
26 - INFO - chord#: 74 done. best_score=27.0, changed=523, unchanged=426, early_stops=8/8
26 - INFO - chord#: 76 In build_straw_man_chord_sa. tolerance = 1, sa_iterations = 1000, initial_temperature = 3.0, cooling_rate = 0.999
26 - INFO - chord#: 76 done. best_score=119.0, changed=610, unchanged=233, early_stops=8/8
26 - INFO - chord#: 78 In build_straw_man_chord_sa. tolerance = 1, sa_iterations = 1000, initial_temperature = 3.0, cooling_rate = 0.999
26 - INFO - chord#: 64 done. best_score=137.0, changed=609, unchanged=230, early_stops=8/8
26 - INFO - chord#: 68 In build_straw_man_chord_sa. tolerance = 1, sa_iterations = 1000, initial_temperature = 3.0, cooling_rate = 0.999
26 - INFO - chord#: 68 done. best_score=36.0, changed=517, unchanged=355, early_stops=8/8
26 - INFO - chord#: 70 In build_straw_man_chord_sa. tolerance = 1, sa_iterations = 1000, initial_temperature = 3.0, cooling_rate = 0.999
26 - INFO - chord#: 76 done. best_score=78.0, changed=614, unchanged=403, early_stops=8/8
26 - INFO - chord#: 78 In build_straw_man_chord_sa. tolerance = 1, sa_iterations = 1000, initial_temperature = 3.0, cooling_rate = 0.999
26 - INFO - chord#: 76 done. best_score=137.0, changed=615, unchanged=353, early_stops=8/8
26 - INFO - chord#: 78 In build_straw_man_chord_sa. tolerance = 1, sa_iterations = 1000, initial_temperature = 3.0, cooling_rate = 0.999
26 - INFO - chord#: 76 done. best_score=93.0, changed=612, unchanged=531, early_stops=8/8
26 - INFO - chord#: 78 In build_straw_man_chord_sa. tolerance = 1, sa_iterations = 1000, initial_temperature = 3.0, cooling_rate = 0.999
26 - INFO - chord#: 64 done. best_score=101.0, changed=611, unchanged=313, early_stops=8/8
26 - INFO - chord#: 68 In build_straw_man_chord_sa. tolerance = 1, sa_iterations = 1000, initial_temperature = 3.0, cooling_rate = 0.999
26 - INFO - chord#: 78 done. best_score=27.0, changed=524, unchanged=313, early_stops=8/8
26 - INFO - chord#: 80 In build_straw_man_chord_sa. tolerance = 1, sa_iterations = 1000, initial_temperature = 3.0, cooling_rate = 0.999
26 - INFO - chord#: 64 done. best_score=96.0, changed=615, unchanged=315, early_stops=8/8
26 - INFO - chord#: 68 In build_straw_man_chord_sa. tolerance = 1, sa_iterations = 1000, initial_temperature = 3.0, cooling_rate = 0.999
26 - INFO - chord#: 78 done. best_score=27.0, changed=516, unchanged=298, early_stops=8/8
26 - INFO - chord#: 80 In build_straw_man_chord_sa. tolerance = 1, sa_iterations = 1000, initial_temperature = 3.0, cooling_rate = 0.999
26 - INFO - chord#: 68 done. best_score=36.0, changed=528, unchanged=380, early_stops=8/8
26 - INFO - chord#: 70 In build_straw_man_chord_sa. tolerance = 1, sa_iterations = 1000, initial_temperature = 3.0, cooling_rate = 0.999
26 - INFO - chord#: 78 done. best_score=27.0, changed=520, unchanged=355, early_stops=8/8
26 - INFO - chord#: 80 In build_straw_man_chord_sa. tolerance = 1, sa_iterations = 1000, initial_temperature = 3.0, cooling_rate = 0.999
26 - INFO - chord#: 70 done. best_score=35.0, changed=523, unchanged=328, early_stops=8/8
26 - INFO - chord#: 72 In build_straw_man_chord_sa. tolerance = 1, sa_iterations = 1000, initial_temperature = 3.0, cooling_rate = 0.999
26 - INFO - chord#: 76 done. best_score=140.0, changed=614, unchanged=291, early_stops=8/8
26 - INFO - chord#: 78 In build_straw_man_chord_sa. tolerance = 1, sa_iterations = 1000, initial_temperature = 3.0, cooling_rate = 0.999
26 - INFO - chord#: 78 done. best_score=27.0, changed=544, unchanged=375, early_stops=8/8
26 - INFO - chord#: 80 In build_straw_man_chord_sa. tolerance = 1, sa_iterations = 1000, initial_temperature = 3.0, cooling_rate = 0.999
26 - INFO - chord#: 64 done. best_score=74.0, changed=611, unchanged=261, early_stops=8/8
26 - INFO - chord#: 68 In build_straw_man_chord_sa. tolerance = 1, sa_iterations = 1000, initial_temperature = 3.0, cooling_rate = 0.999
26 - INFO - chord#: 64 done. best_score=74.0, changed=613, unchanged=560, early_stops=8/8
26 - INFO - chord#: 68 In build_straw_man_chord_sa. tolerance = 1, sa_iterations = 1000, initial_temperature = 3.0, cooling_rate = 0.999
26 - INFO - chord#: 68 done. best_score=72.0, changed=552, unchanged=382, early_stops=8/8
26 - INFO - chord#: 70 In build_straw_man_chord_sa. tolerance = 1, sa_iterations = 1000, initial_temperature = 3.0, cooling_rate = 0.999
26 - INFO - chord#: 70 done. best_score=35.0, changed=529, unchanged=344, early_stops=8/8
26 - INFO - chord#: 72 In build_straw_man_chord_sa. tolerance = 1, sa_iterations = 1000, initial_temperature = 3.0, cooling_rate = 0.999
26 - INFO - chord#: 68 done. best_score=72.0, changed=530, unchanged=433, early_stops=8/8
26 - INFO - chord#: 70 In build_straw_man_chord_sa. tolerance = 1, sa_iterations = 1000, initial_temperature = 3.0, cooling_rate = 0.999
26 - INFO - chord#: 78 done. best_score=27.0, changed=520, unchanged=351, early_stops=8/8
26 - INFO - chord#: 80 In build_straw_man_chord_sa. tolerance = 1, sa_iterations = 1000, initial_temperature = 3.0, cooling_rate = 0.999
26 - INFO - chord#: 70 done. best_score=78.0, changed=531, unchanged=293, early_stops=8/8
26 - INFO - chord#: 72 In build_straw_man_chord_sa. tolerance = 1, sa_iterations = 1000, initial_temperature = 3.0, cooling_rate = 0.999
26 - INFO - chord#: 68 done. best_score=72.0, changed=521, unchanged=343, early_stops=8/8
26 - INFO - chord#: 70 In build_straw_man_chord_sa. tolerance = 1, sa_iterations = 1000, initial_temperature = 3.0, cooling_rate = 0.999
26 - INFO - chord#: 76 done. best_score=119.0, changed=623, unchanged=651, early_stops=8/8
26 - INFO - chord#: 78 In build_straw_man_chord_sa. tolerance = 1, sa_iterations = 1000, initial_temperature = 3.0, cooling_rate = 0.999
26 - INFO - chord#: 80 done. best_score=137.0, changed=613, unchanged=314, early_stops=8/8
26 - INFO - chord#: 84 In build_straw_man_chord_sa. tolerance = 1, sa_iterations = 1000, initial_temperature = 3.0, cooling_rate = 0.999
26 - INFO - chord#: 68 done. best_score=36.0, changed=535, unchanged=402, early_stops=8/8
26 - INFO - chord#: 70 In build_straw_man_chord_sa. tolerance = 1, sa_iterations = 1000, initial_temperature = 3.0, cooling_rate = 0.999
26 - INFO - chord#: 70 done. best_score=49.0, changed=514, unchanged=303, early_stops=8/8
26 - INFO - chord#: 72 In build_straw_man_chord_sa. tolerance = 1, sa_iterations = 1000, initial_temperature = 3.0, cooling_rate = 0.999
26 - INFO - chord#: 80 done. best_score=78.0, changed=610, unchanged=355, early_stops=8/8
26 - INFO - chord#: 84 In build_straw_man_chord_sa. tolerance = 1, sa_iterations = 1000, initial_temperature = 3.0, cooling_rate = 0.999
26 - INFO - chord#: 80 done. best_score=78.0, changed=612, unchanged=381, early_stops=8/8
26 - INFO - chord#: 84 In build_straw_man_chord_sa. tolerance = 1, sa_iterations = 1000, initial_temperature = 3.0, cooling_rate = 0.999
26 - INFO - chord#: 78 done. best_score=27.0, changed=525, unchanged=345, early_stops=8/8
26 - INFO - chord#: 80 In build_straw_man_chord_sa. tolerance = 1, sa_iterations = 1000, initial_temperature = 3.0, cooling_rate = 0.999
26 - INFO - chord#: 70 done. best_score=37.0, changed=531, unchanged=397, early_stops=8/8
26 - INFO - chord#: 72 In build_straw_man_chord_sa. tolerance = 1, sa_iterations = 1000, initial_temperature = 3.0, cooling_rate = 0.999
26 - INFO - chord#: 80 done. best_score=181.0, changed=611, unchanged=351, early_stops=8/8
26 - INFO - chord#: 84 In build_straw_man_chord_sa. tolerance = 1, sa_iterations = 1000, initial_temperature = 3.0, cooling_rate = 0.999
26 - INFO - chord#: 72 done. best_score=145.0, changed=617, unchanged=346, early_stops=8/8
26 - INFO - chord#: 74 In build_straw_man_chord_sa. tolerance = 1, sa_iterations = 1000, initial_temperature = 3.0, cooling_rate = 0.999
26 - INFO - chord#: 84 done. best_score=27.0, changed=522, unchanged=490, early_stops=8/8
26 - INFO - chord#: 86 In build_straw_man_chord_sa. tolerance = 1, sa_iterations = 1000, initial_temperature = 3.0, cooling_rate = 0.999
26 - INFO - chord#: 70 done. best_score=35.0, changed=532, unchanged=341, early_stops=8/8
26 - INFO - chord#: 72 In build_straw_man_chord_sa. tolerance = 1, sa_iterations = 1000, initial_temperature = 3.0, cooling_rate = 0.999
26 - INFO - chord#: 80 done. best_score=78.0, changed=609, unchanged=267, early_stops=8/8
26 - INFO - chord#: 84 In build_straw_man_chord_sa. tolerance = 1, sa_iterations = 1000, initial_temperature = 3.0, cooling_rate = 0.999
26 - INFO - chord#: 84 done. best_score=27.0, changed=521, unchanged=338, early_stops=8/8
26 - INFO - chord#: 86 In build_straw_man_chord_sa. tolerance = 1, sa_iterations = 1000, initial_temperature = 3.0, cooling_rate = 0.999
26 - INFO - chord#: 84 done. best_score=27.0, changed=523, unchanged=462, early_stops=8/8
26 - INFO - chord#: 86 In build_straw_man_chord_sa. tolerance = 1, sa_iterations = 1000, initial_temperature = 3.0, cooling_rate = 0.999
26 - INFO - chord#: 72 done. best_score=140.0, changed=608, unchanged=241, early_stops=8/8
26 - INFO - chord#: 74 In build_straw_man_chord_sa. tolerance = 1, sa_iterations = 1000, initial_temperature = 3.0, cooling_rate = 0.999
26 - INFO - chord#: 84 done. best_score=27.0, changed=516, unchanged=431, early_stops=8/8
26 - INFO - chord#: 86 In build_straw_man_chord_sa. tolerance = 1, sa_iterations = 1000, initial_temperature = 3.0, cooling_rate = 0.999
26 - INFO - chord#: 72 done. best_score=140.0, changed=622, unchanged=388, early_stops=8/8
26 - INFO - chord#: 74 In build_straw_man_chord_sa. tolerance = 1, sa_iterations = 1000, initial_temperature = 3.0, cooling_rate = 0.999
26 - INFO - chord#: 74 done. best_score=36.0, changed=531, unchanged=408, early_stops=8/8
26 - INFO - chord#: 76 In build_straw_man_chord_sa. tolerance = 1, sa_iterations = 1000, initial_temperature = 3.0, cooling_rate = 0.999
26 - INFO - chord#: 84 done. best_score=27.0, changed=525, unchanged=460, early_stops=8/8
26 - INFO - chord#: 86 In build_straw_man_chord_sa. tolerance = 1, sa_iterations = 1000, initial_temperature = 3.0, cooling_rate = 0.999
26 - INFO - chord#: 80 done. best_score=119.0, changed=610, unchanged=264, early_stops=8/8
26 - INFO - chord#: 84 In build_straw_man_chord_sa. tolerance = 1, sa_iterations = 1000, initial_temperature = 3.0, cooling_rate = 0.999
26 - INFO - chord#: 72 done. best_score=140.0, changed=617, unchanged=395, early_stops=8/8
26 - INFO - chord#: 74 In build_straw_man_chord_sa. tolerance = 1, sa_iterations = 1000, initial_temperature = 3.0, cooling_rate = 0.999
26 - INFO - chord#: 86 done. best_score=150.0, changed=616, unchanged=252, early_stops=8/8
26 - INFO - chord#: 88 In build_straw_man_chord_sa. tolerance = 1, sa_iterations = 1000, initial_temperature = 3.0, cooling_rate = 0.999
26 - INFO - chord#: 74 done. best_score=27.0, changed=522, unchanged=513, early_stops=8/8
26 - INFO - chord#: 76 In build_straw_man_chord_sa. tolerance = 1, sa_iterations = 1000, initial_temperature = 3.0, cooling_rate = 0.999
26 - INFO - chord#: 74 done. best_score=27.0, changed=516, unchanged=443, early_stops=8/8
26 - INFO - chord#: 76 In build_straw_man_chord_sa. tolerance = 1, sa_iterations = 1000, initial_temperature = 3.0, cooling_rate = 0.999
26 - INFO - chord#: 86 done. best_score=125.0, changed=608, unchanged=245, early_stops=8/8
26 - INFO - chord#: 88 In build_straw_man_chord_sa. tolerance = 1, sa_iterations = 1000, initial_temperature = 3.0, cooling_rate = 0.999
26 - INFO - chord#: 86 done. best_score=112.0, changed=611, unchanged=309, early_stops=8/8
26 - INFO - chord#: 88 In build_straw_man_chord_sa. tolerance = 1, sa_iterations = 1000, initial_temperature = 3.0, cooling_rate = 0.999
26 - INFO - chord#: 72 done. best_score=145.0, changed=612, unchanged=371, early_stops=8/8
26 - INFO - chord#: 74 In build_straw_man_chord_sa. tolerance = 1, sa_iterations = 1000, initial_temperature = 3.0, cooling_rate = 0.999
26 - INFO - chord#: 84 done. best_score=27.0, changed=527, unchanged=418, early_stops=8/8
26 - INFO - chord#: 86 In build_straw_man_chord_sa. tolerance = 1, sa_iterations = 1000, initial_temperature = 3.0, cooling_rate = 0.999
26 - INFO - chord#: 74 done. best_score=27.0, changed=527, unchanged=327, early_stops=8/8
26 - INFO - chord#: 76 In build_straw_man_chord_sa. tolerance = 1, sa_iterations = 1000, initial_temperature = 3.0, cooling_rate = 0.999
26 - INFO - chord#: 86 done. best_score=104.0, changed=609, unchanged=229, early_stops=8/8
26 - INFO - chord#: 88 In build_straw_man_chord_sa. tolerance = 1, sa_iterations = 1000, initial_temperature = 3.0, cooling_rate = 0.999
26 - INFO - chord#: 86 done. best_score=64.0, changed=615, unchanged=428, early_stops=8/8
26 - INFO - chord#: 88 In build_straw_man_chord_sa. tolerance = 1, sa_iterations = 1000, initial_temperature = 3.0, cooling_rate = 0.999
26 - INFO - chord#: 72 done. best_score=140.0, changed=621, unchanged=581, early_stops=8/8
26 - INFO - chord#: 74 In build_straw_man_chord_sa. tolerance = 1, sa_iterations = 1000, initial_temperature = 3.0, cooling_rate = 0.999
26 - INFO - chord#: 76 done. best_score=137.0, changed=613, unchanged=260, early_stops=8/8
26 - INFO - chord#: 78 In build_straw_man_chord_sa. tolerance = 1, sa_iterations = 1000, initial_temperature = 3.0, cooling_rate = 0.999
26 - INFO - chord#: 74 done. best_score=27.0, changed=517, unchanged=376, early_stops=8/8
26 - INFO - chord#: 76 In build_straw_man_chord_sa. tolerance = 1, sa_iterations = 1000, initial_temperature = 3.0, cooling_rate = 0.999
26 - INFO - chord#: 88 done. best_score=155.0, changed=613, unchanged=344, early_stops=8/8
26 - INFO - chord#: 92 In build_straw_man_chord_sa. tolerance = 1, sa_iterations = 1000, initial_temperature = 3.0, cooling_rate = 0.999
26 - INFO - chord#: 88 done. best_score=67.0, changed=609, unchanged=309, early_stops=8/8
26 - INFO - chord#: 92 In build_straw_man_chord_sa. tolerance = 1, sa_iterations = 1000, initial_temperature = 3.0, cooling_rate = 0.999
26 - INFO - chord#: 88 done. best_score=119.0, changed=612, unchanged=277, early_stops=8/8
26 - INFO - chord#: 92 In build_straw_man_chord_sa. tolerance = 1, sa_iterations = 1000, initial_temperature = 3.0, cooling_rate = 0.999
26 - INFO - chord#: 76 done. best_score=78.0, changed=609, unchanged=229, early_stops=8/8
26 - INFO - chord#: 78 In build_straw_man_chord_sa. tolerance = 1, sa_iterations = 1000, initial_temperature = 3.0, cooling_rate = 0.999
26 - INFO - chord#: 76 done. best_score=145.0, changed=610, unchanged=250, early_stops=8/8
26 - INFO - chord#: 78 In build_straw_man_chord_sa. tolerance = 1, sa_iterations = 1000, initial_temperature = 3.0, cooling_rate = 0.999
26 - INFO - chord#: 74 done. best_score=27.0, changed=519, unchanged=412, early_stops=8/8
26 - INFO - chord#: 76 In build_straw_man_chord_sa. tolerance = 1, sa_iterations = 1000, initial_temperature = 3.0, cooling_rate = 0.999
26 - INFO - chord#: 78 done. best_score=27.0, changed=526, unchanged=384, early_stops=8/8
26 - INFO - chord#: 80 In build_straw_man_chord_sa. tolerance = 1, sa_iterations = 1000, initial_temperature = 3.0, cooling_rate = 0.999
26 - INFO - chord#: 92 done. best_score=27.0, changed=527, unchanged=528, early_stops=8/8
26 - INFO - chord#: 94 In build_straw_man_chord_sa. tolerance = 1, sa_iterations = 1000, initial_temperature = 3.0, cooling_rate = 0.999
26 - INFO - chord#: 86 done. best_score=64.0, changed=613, unchanged=325, early_stops=8/8
26 - INFO - chord#: 88 In build_straw_man_chord_sa. tolerance = 1, sa_iterations = 1000, initial_temperature = 3.0, cooling_rate = 0.999
26 - INFO - chord#: 88 done. best_score=137.0, changed=612, unchanged=289, early_stops=8/8
26 - INFO - chord#: 92 In build_straw_man_chord_sa. tolerance = 1, sa_iterations = 1000, initial_temperature = 3.0, cooling_rate = 0.999
26 - INFO - chord#: 88 done. best_score=67.0, changed=610, unchanged=325, early_stops=8/8
26 - INFO - chord#: 92 In build_straw_man_chord_sa. tolerance = 1, sa_iterations = 1000, initial_temperature = 3.0, cooling_rate = 0.999
26 - INFO - chord#: 92 done. best_score=27.0, changed=522, unchanged=525, early_stops=8/8
26 - INFO - chord#: 94 In build_straw_man_chord_sa. tolerance = 1, sa_iterations = 1000, initial_temperature = 3.0, cooling_rate = 0.999
26 - INFO - chord#: 92 done. best_score=27.0, changed=541, unchanged=611, early_stops=8/8
26 - INFO - chord#: 94 In build_straw_man_chord_sa. tolerance = 1, sa_iterations = 1000, initial_temperature = 3.0, cooling_rate = 0.999
26 - INFO - chord#: 78 done. best_score=27.0, changed=517, unchanged=352, early_stops=8/8
26 - INFO - chord#: 80 In build_straw_man_chord_sa. tolerance = 1, sa_iterations = 1000, initial_temperature = 3.0, cooling_rate = 0.999
26 - INFO - chord#: 76 done. best_score=67.0, changed=616, unchanged=327, early_stops=8/8
26 - INFO - chord#: 78 In build_straw_man_chord_sa. tolerance = 1, sa_iterations = 1000, initial_temperature = 3.0, cooling_rate = 0.999
26 - INFO - chord#: 78 done. best_score=36.0, changed=523, unchanged=435, early_stops=8/8
26 - INFO - chord#: 80 In build_straw_man_chord_sa. tolerance = 1, sa_iterations = 1000, initial_temperature = 3.0, cooling_rate = 0.999
26 - INFO - chord#: 76 done. best_score=78.0, changed=615, unchanged=299, early_stops=8/8
26 - INFO - chord#: 92 done. best_score=27.0, changed=522, unchanged=494, early_stops=8/8
26 - INFO - chord#: 78 In build_straw_man_chord_sa. tolerance = 1, sa_iterations = 1000, initial_temperature = 3.0, cooling_rate = 0.999
26 - INFO - chord#: 94 In build_straw_man_chord_sa. tolerance = 1, sa_iterations = 1000, initial_temperature = 3.0, cooling_rate = 0.999
26 - INFO - chord#: 92 done. best_score=27.0, changed=526, unchanged=600, early_stops=8/8
26 - INFO - chord#: 94 In build_straw_man_chord_sa. tolerance = 1, sa_iterations = 1000, initial_temperature = 3.0, cooling_rate = 0.999
26 - INFO - chord#: 78 done. best_score=36.0, changed=522, unchanged=327, early_stops=8/8
26 - INFO - chord#: 80 In build_straw_man_chord_sa. tolerance = 1, sa_iterations = 1000, initial_temperature = 3.0, cooling_rate = 0.999
26 - INFO - chord#: 94 done. best_score=96.0, changed=614, unchanged=323, early_stops=8/8
26 - INFO - chord#: 96 In build_straw_man_chord_sa. tolerance = 1, sa_iterations = 1000, initial_temperature = 3.0, cooling_rate = 0.999
26 - INFO - chord#: 88 done. best_score=67.0, changed=613, unchanged=431, early_stops=8/8
26 - INFO - chord#: 92 In build_straw_man_chord_sa. tolerance = 1, sa_iterations = 1000, initial_temperature = 3.0, cooling_rate = 0.999
26 - INFO - chord#: 96 done. best_score=11.0, changed=481, unchanged=386, early_stops=8/8
26 - INFO - chord#: 104 In build_straw_man_chord_sa. tolerance = 1, sa_iterations = 1000, initial_temperature = 3.0, cooling_rate = 0.999
26 - INFO - chord#: 78 done. best_score=27.0, changed=523, unchanged=376, early_stops=8/8
26 - INFO - chord#: 80 In build_straw_man_chord_sa. tolerance = 1, sa_iterations = 1000, initial_temperature = 3.0, cooling_rate = 0.999
26 - INFO - chord#: 94 done. best_score=67.0, changed=610, unchanged=337, early_stops=8/8
26 - INFO - chord#: 96 In build_straw_man_chord_sa. tolerance = 1, sa_iterations = 1000, initial_temperature = 3.0, cooling_rate = 0.999
26 - INFO - chord#: 80 done. best_score=137.0, changed=610, unchanged=408, early_stops=8/8
26 - INFO - chord#: 84 In build_straw_man_chord_sa. tolerance = 1, sa_iterations = 1000, initial_temperature = 3.0, cooling_rate = 0.999
26 - INFO - chord#: 94 done. best_score=137.0, changed=613, unchanged=326, early_stops=8/8
26 - INFO - chord#: 96 In build_straw_man_chord_sa. tolerance = 1, sa_iterations = 1000, initial_temperature = 3.0, cooling_rate = 0.999
26 - INFO - chord#: 96 done. best_score=11.0, changed=490, unchanged=329, early_stops=8/8
26 - INFO - chord#: 104 In build_straw_man_chord_sa. tolerance = 1, sa_iterations = 1000, initial_temperature = 3.0, cooling_rate = 0.999
26 - INFO - chord#: 96 done. best_score=11.0, changed=477, unchanged=345, early_stops=8/8
26 - INFO - chord#: 104 In build_straw_man_chord_sa. tolerance = 1, sa_iterations = 1000, initial_temperature = 3.0, cooling_rate = 0.999
26 - INFO - chord#: 104 done. best_score=27.0, changed=523, unchanged=317, early_stops=8/8
26 - INFO - chord#: 108 In build_straw_man_chord_sa. tolerance = 1, sa_iterations = 1000, initial_temperature = 3.0, cooling_rate = 0.999
26 - INFO - chord#: 76 done. best_score=67.0, changed=616, unchanged=522, early_stops=8/8
26 - INFO - chord#: 78 In build_straw_man_chord_sa. tolerance = 1, sa_iterations = 1000, initial_temperature = 3.0, cooling_rate = 0.999
26 - INFO - chord#: 80 done. best_score=119.0, changed=613, unchanged=297, early_stops=8/8
26 - INFO - chord#: 84 In build_straw_man_chord_sa. tolerance = 1, sa_iterations = 1000, initial_temperature = 3.0, cooling_rate = 0.999
26 - INFO - chord#: 92 done. best_score=27.0, changed=527, unchanged=605, early_stops=8/8
26 - INFO - chord#: 94 In build_straw_man_chord_sa. tolerance = 1, sa_iterations = 1000, initial_temperature = 3.0, cooling_rate = 0.999
26 - INFO - chord#: 80 done. best_score=67.0, changed=620, unchanged=396, early_stops=8/8
26 - INFO - chord#: 84 In build_straw_man_chord_sa. tolerance = 1, sa_iterations = 1000, initial_temperature = 3.0, cooling_rate = 0.999
26 - INFO - chord#: 94 done. best_score=167.0, changed=615, unchanged=342, early_stops=8/8
26 - INFO - chord#: 96 In build_straw_man_chord_sa. tolerance = 1, sa_iterations = 1000, initial_temperature = 3.0, cooling_rate = 0.999
26 - INFO - chord#: 104 done. best_score=27.0, changed=524, unchanged=323, early_stops=8/8
26 - INFO - chord#: 108 In build_straw_man_chord_sa. tolerance = 1, sa_iterations = 1000, initial_temperature = 3.0, cooling_rate = 0.999
26 - INFO - chord#: 94 done. best_score=67.0, changed=613, unchanged=339, early_stops=8/8
26 - INFO - chord#: 96 In build_straw_man_chord_sa. tolerance = 1, sa_iterations = 1000, initial_temperature = 3.0, cooling_rate = 0.999
26 - INFO - chord#: 96 done. best_score=11.0, changed=494, unchanged=337, early_stops=8/8
26 - INFO - chord#: 104 In build_straw_man_chord_sa. tolerance = 1, sa_iterations = 1000, initial_temperature = 3.0, cooling_rate = 0.999
26 - INFO - chord#: 80 done. best_score=67.0, changed=613, unchanged=265, early_stops=8/8
26 - INFO - chord#: 84 In build_straw_man_chord_sa. tolerance = 1, sa_iterations = 1000, initial_temperature = 3.0, cooling_rate = 0.999
26 - INFO - chord#: 104 done. best_score=27.0, changed=526, unchanged=342, early_stops=8/8
26 - INFO - chord#: 108 In build_straw_man_chord_sa. tolerance = 1, sa_iterations = 1000, initial_temperature = 3.0, cooling_rate = 0.999
26 - INFO - chord#: 96 done. best_score=11.0, changed=502, unchanged=333, early_stops=8/8
26 - INFO - chord#: 104 In build_straw_man_chord_sa. tolerance = 1, sa_iterations = 1000, initial_temperature = 3.0, cooling_rate = 0.999
26 - INFO - chord#: 84 done. best_score=27.0, changed=523, unchanged=534, early_stops=8/8
26 - INFO - chord#: 86 In build_straw_man_chord_sa. tolerance = 1, sa_iterations = 1000, initial_temperature = 3.0, cooling_rate = 0.999
26 - INFO - chord#: 78 done. best_score=36.0, changed=517, unchanged=317, early_stops=8/8
26 - INFO - chord#: 80 In build_straw_man_chord_sa. tolerance = 1, sa_iterations = 1000, initial_temperature = 3.0, cooling_rate = 0.999
26 - INFO - chord#: 104 done. best_score=27.0, changed=526, unchanged=330, early_stops=8/8
26 - INFO - chord#: 108 In build_straw_man_chord_sa. tolerance = 1, sa_iterations = 1000, initial_temperature = 3.0, cooling_rate = 0.999
26 - INFO - chord#: 104 done. best_score=27.0, changed=521, unchanged=373, early_stops=8/8
26 - INFO - chord#: 108 In build_straw_man_chord_sa. tolerance = 1, sa_iterations = 1000, initial_temperature = 3.0, cooling_rate = 0.999
26 - INFO - chord#: 84 done. best_score=27.0, changed=526, unchanged=466, early_stops=8/8
26 - INFO - chord#: 86 In build_straw_man_chord_sa. tolerance = 1, sa_iterations = 1000, initial_temperature = 3.0, cooling_rate = 0.999
26 - INFO - chord#: 80 done. best_score=78.0, changed=603, unchanged=209, early_stops=8/8
26 - INFO - chord#: 84 In build_straw_man_chord_sa. tolerance = 1, sa_iterations = 1000, initial_temperature = 3.0, cooling_rate = 0.999
26 - INFO - chord#: 84 done. best_score=27.0, changed=518, unchanged=440, early_stops=8/8
26 - INFO - chord#: 86 In build_straw_man_chord_sa. tolerance = 1, sa_iterations = 1000, initial_temperature = 3.0, cooling_rate = 0.999
26 - INFO - chord#: 84 done. best_score=27.0, changed=525, unchanged=494, early_stops=8/8
26 - INFO - chord#: 86 In build_straw_man_chord_sa. tolerance = 1, sa_iterations = 1000, initial_temperature = 3.0, cooling_rate = 0.999
26 - INFO - chord#: 108 done. best_score=64.0, changed=609, unchanged=312, early_stops=8/8
26 - INFO - chord#: 110 In build_straw_man_chord_sa. tolerance = 1, sa_iterations = 1000, initial_temperature = 3.0, cooling_rate = 0.999
26 - INFO - chord#: 108 done. best_score=146.0, changed=606, unchanged=277, early_stops=8/8
26 - INFO - chord#: 110 In build_straw_man_chord_sa. tolerance = 1, sa_iterations = 1000, initial_temperature = 3.0, cooling_rate = 0.999
26 - INFO - chord#: 108 done. best_score=64.0, changed=611, unchanged=317, early_stops=8/8
26 - INFO - chord#: 110 In build_straw_man_chord_sa. tolerance = 1, sa_iterations = 1000, initial_temperature = 3.0, cooling_rate = 0.999
26 - INFO - chord#: 94 done. best_score=137.0, changed=611, unchanged=291, early_stops=8/8
26 - INFO - chord#: 96 In build_straw_man_chord_sa. tolerance = 1, sa_iterations = 1000, initial_temperature = 3.0, cooling_rate = 0.999
26 - INFO - chord#: 84 done. best_score=27.0, changed=521, unchanged=419, early_stops=8/8
26 - INFO - chord#: 86 In build_straw_man_chord_sa. tolerance = 1, sa_iterations = 1000, initial_temperature = 3.0, cooling_rate = 0.999
26 - INFO - chord#: 110 done. best_score=36.0, changed=537, unchanged=319, early_stops=8/8
26 - INFO - chord#: 112 In build_straw_man_chord_sa. tolerance = 1, sa_iterations = 1000, initial_temperature = 3.0, cooling_rate = 0.999
26 - INFO - chord#: 96 done. best_score=11.0, changed=482, unchanged=329, early_stops=8/8
26 - INFO - chord#: 104 In build_straw_man_chord_sa. tolerance = 1, sa_iterations = 1000, initial_temperature = 3.0, cooling_rate = 0.999
26 - INFO - chord#: 110 done. best_score=27.0, changed=519, unchanged=322, early_stops=8/8
26 - INFO - chord#: 112 In build_straw_man_chord_sa. tolerance = 1, sa_iterations = 1000, initial_temperature = 3.0, cooling_rate = 0.999
26 - INFO - chord#: 108 done. best_score=187.0, changed=612, unchanged=321, early_stops=8/8
26 - INFO - chord#: 110 In build_straw_man_chord_sa. tolerance = 1, sa_iterations = 1000, initial_temperature = 3.0, cooling_rate = 0.999
26 - INFO - chord#: 86 done. best_score=64.0, changed=609, unchanged=339, early_stops=8/8
26 - INFO - chord#: 88 In build_straw_man_chord_sa. tolerance = 1, sa_iterations = 1000, initial_temperature = 3.0, cooling_rate = 0.999
26 - INFO - chord#: 110 done. best_score=27.0, changed=520, unchanged=354, early_stops=8/8
26 - INFO - chord#: 112 In build_straw_man_chord_sa. tolerance = 1, sa_iterations = 1000, initial_temperature = 3.0, cooling_rate = 0.999
26 - INFO - chord#: 108 done. best_score=104.0, changed=611, unchanged=350, early_stops=8/8
26 - INFO - chord#: 110 In build_straw_man_chord_sa. tolerance = 1, sa_iterations = 1000, initial_temperature = 3.0, cooling_rate = 0.999
26 - INFO - chord#: 86 done. best_score=104.0, changed=613, unchanged=296, early_stops=8/8
26 - INFO - chord#: 88 In build_straw_man_chord_sa. tolerance = 1, sa_iterations = 1000, initial_temperature = 3.0, cooling_rate = 0.999
26 - INFO - chord#: 80 done. best_score=67.0, changed=617, unchanged=386, early_stops=8/8
26 - INFO - chord#: 84 In build_straw_man_chord_sa. tolerance = 1, sa_iterations = 1000, initial_temperature = 3.0, cooling_rate = 0.999
26 - INFO - chord#: 112 done. best_score=27.0, changed=527, unchanged=434, early_stops=8/8
26 - INFO - chord#: 116 In build_straw_man_chord_sa. tolerance = 1, sa_iterations = 1000, initial_temperature = 3.0, cooling_rate = 0.999
26 - INFO - chord#: 86 done. best_score=125.0, changed=610, unchanged=419, early_stops=8/8
26 - INFO - chord#: 88 In build_straw_man_chord_sa. tolerance = 1, sa_iterations = 1000, initial_temperature = 3.0, cooling_rate = 0.999
26 - INFO - chord#: 110 done. best_score=27.0, changed=523, unchanged=301, early_stops=8/8
26 - INFO - chord#: 112 In build_straw_man_chord_sa. tolerance = 1, sa_iterations = 1000, initial_temperature = 3.0, cooling_rate = 0.999
26 - INFO - chord#: 104 done. best_score=27.0, changed=526, unchanged=371, early_stops=8/8
26 - INFO - chord#: 108 In build_straw_man_chord_sa. tolerance = 1, sa_iterations = 1000, initial_temperature = 3.0, cooling_rate = 0.999
26 - INFO - chord#: 112 done. best_score=27.0, changed=519, unchanged=390, early_stops=8/8
26 - INFO - chord#: 116 In build_straw_man_chord_sa. tolerance = 1, sa_iterations = 1000, initial_temperature = 3.0, cooling_rate = 0.999
26 - INFO - chord#: 110 done. best_score=27.0, changed=531, unchanged=346, early_stops=8/8
26 - INFO - chord#: 112 In build_straw_man_chord_sa. tolerance = 1, sa_iterations = 1000, initial_temperature = 3.0, cooling_rate = 0.999
26 - INFO - chord#: 112 done. best_score=27.0, changed=535, unchanged=545, early_stops=8/8
26 - INFO - chord#: 116 In build_straw_man_chord_sa. tolerance = 1, sa_iterations = 1000, initial_temperature = 3.0, cooling_rate = 0.999
26 - INFO - chord#: 86 done. best_score=104.0, changed=614, unchanged=404, early_stops=8/8
26 - INFO - chord#: 88 In build_straw_man_chord_sa. tolerance = 1, sa_iterations = 1000, initial_temperature = 3.0, cooling_rate = 0.999
26 - INFO - chord#: 112 done. best_score=27.0, changed=515, unchanged=349, early_stops=8/8
26 - INFO - chord#: 116 In build_straw_man_chord_sa. tolerance = 1, sa_iterations = 1000, initial_temperature = 3.0, cooling_rate = 0.999
26 - INFO - chord#: 84 done. best_score=27.0, changed=520, unchanged=403, early_stops=8/8
26 - INFO - chord#: 86 In build_straw_man_chord_sa. tolerance = 1, sa_iterations = 1000, initial_temperature = 3.0, cooling_rate = 0.999
26 - INFO - chord#: 86 done. best_score=104.0, changed=610, unchanged=228, early_stops=8/8
26 - INFO - chord#: 88 In build_straw_man_chord_sa. tolerance = 1, sa_iterations = 1000, initial_temperature = 3.0, cooling_rate = 0.999
26 - INFO - chord#: 112 done. best_score=27.0, changed=512, unchanged=386, early_stops=8/8
26 - INFO - chord#: 116 In build_straw_man_chord_sa. tolerance = 1, sa_iterations = 1000, initial_temperature = 3.0, cooling_rate = 0.999
26 - INFO - chord#: 116 done. best_score=74.0, changed=605, unchanged=227, early_stops=8/8
26 - INFO - chord#: 118 In build_straw_man_chord_sa. tolerance = 1, sa_iterations = 1000, initial_temperature = 3.0, cooling_rate = 0.999
26 - INFO - chord#: 88 done. best_score=155.0, changed=606, unchanged=225, early_stops=8/8
26 - INFO - chord#: 92 In build_straw_man_chord_sa. tolerance = 1, sa_iterations = 1000, initial_temperature = 3.0, cooling_rate = 0.999
26 - INFO - chord#: 88 done. best_score=67.0, changed=614, unchanged=389, early_stops=8/8
26 - INFO - chord#: 92 In build_straw_man_chord_sa. tolerance = 1, sa_iterations = 1000, initial_temperature = 3.0, cooling_rate = 0.999
26 - INFO - chord#: 88 done. best_score=137.0, changed=613, unchanged=488, early_stops=8/8
26 - INFO - chord#: 92 In build_straw_man_chord_sa. tolerance = 1, sa_iterations = 1000, initial_temperature = 3.0, cooling_rate = 0.999
26 - INFO - chord#: 118 done. best_score=27.0, changed=527, unchanged=345, early_stops=8/8
26 - INFO - chord#: 120 In build_straw_man_chord_sa. tolerance = 1, sa_iterations = 1000, initial_temperature = 3.0, cooling_rate = 0.999
26 - INFO - chord#: 116 done. best_score=74.0, changed=616, unchanged=433, early_stops=8/8
26 - INFO - chord#: 118 In build_straw_man_chord_sa. tolerance = 1, sa_iterations = 1000, initial_temperature = 3.0, cooling_rate = 0.999
26 - INFO - chord#: 92 done. best_score=27.0, changed=519, unchanged=353, early_stops=8/8
26 - INFO - chord#: 94 In build_straw_man_chord_sa. tolerance = 1, sa_iterations = 1000, initial_temperature = 3.0, cooling_rate = 0.999
26 - INFO - chord#: 116 done. best_score=74.0, changed=617, unchanged=329, early_stops=8/8
26 - INFO - chord#: 118 In build_straw_man_chord_sa. tolerance = 1, sa_iterations = 1000, initial_temperature = 3.0, cooling_rate = 0.999
26 - INFO - chord#: 108 done. best_score=64.0, changed=619, unchanged=465, early_stops=8/8
26 - INFO - chord#: 110 In build_straw_man_chord_sa. tolerance = 1, sa_iterations = 1000, initial_temperature = 3.0, cooling_rate = 0.999
26 - INFO - chord#: 116 done. best_score=74.0, changed=615, unchanged=437, early_stops=8/8
26 - INFO - chord#: 118 In build_straw_man_chord_sa. tolerance = 1, sa_iterations = 1000, initial_temperature = 3.0, cooling_rate = 0.999
26 - INFO - chord#: 116 done. best_score=74.0, changed=613, unchanged=420, early_stops=8/8
26 - INFO - chord#: 118 In build_straw_man_chord_sa. tolerance = 1, sa_iterations = 1000, initial_temperature = 3.0, cooling_rate = 0.999
26 - INFO - chord#: 92 done. best_score=27.0, changed=529, unchanged=478, early_stops=8/8
26 - INFO - chord#: 94 In build_straw_man_chord_sa. tolerance = 1, sa_iterations = 1000, initial_temperature = 3.0, cooling_rate = 0.999
26 - INFO - chord#: 92 done. best_score=27.0, changed=524, unchanged=546, early_stops=8/8
26 - INFO - chord#: 94 In build_straw_man_chord_sa. tolerance = 1, sa_iterations = 1000, initial_temperature = 3.0, cooling_rate = 0.999
26 - INFO - chord#: 118 done. best_score=27.0, changed=523, unchanged=307, early_stops=8/8
26 - INFO - chord#: 120 In build_straw_man_chord_sa. tolerance = 1, sa_iterations = 1000, initial_temperature = 3.0, cooling_rate = 0.999
26 - INFO - chord#: 120 done. best_score=27.0, changed=526, unchanged=427, early_stops=8/8
26 - INFO - chord#: 122 In build_straw_man_chord_sa. tolerance = 1, sa_iterations = 1000, initial_temperature = 3.0, cooling_rate = 0.999
26 - INFO - chord#: 88 done. best_score=137.0, changed=614, unchanged=329, early_stops=8/8
26 - INFO - chord#: 92 In build_straw_man_chord_sa. tolerance = 1, sa_iterations = 1000, initial_temperature = 3.0, cooling_rate = 0.999
26 - INFO - chord#: 86 done. best_score=64.0, changed=613, unchanged=334, early_stops=8/8
26 - INFO - chord#: 88 In build_straw_man_chord_sa. tolerance = 1, sa_iterations = 1000, initial_temperature = 3.0, cooling_rate = 0.999
26 - INFO - chord#: 88 done. best_score=67.0, changed=614, unchanged=477, early_stops=8/8
26 - INFO - chord#: 92 In build_straw_man_chord_sa. tolerance = 1, sa_iterations = 1000, initial_temperature = 3.0, cooling_rate = 0.999
26 - INFO - chord#: 118 done. best_score=27.0, changed=527, unchanged=340, early_stops=8/8
26 - INFO - chord#: 120 In build_straw_man_chord_sa. tolerance = 1, sa_iterations = 1000, initial_temperature = 3.0, cooling_rate = 0.999
26 - INFO - chord#: 118 done. best_score=27.0, changed=525, unchanged=292, early_stops=8/8
26 - INFO - chord#: 120 In build_straw_man_chord_sa. tolerance = 1, sa_iterations = 1000, initial_temperature = 3.0, cooling_rate = 0.999
26 - INFO - chord#: 118 done. best_score=27.0, changed=526, unchanged=379, early_stops=8/8
26 - INFO - chord#: 120 In build_straw_man_chord_sa. tolerance = 1, sa_iterations = 1000, initial_temperature = 3.0, cooling_rate = 0.999
26 - INFO - chord#: 110 done. best_score=27.0, changed=523, unchanged=339, early_stops=8/8
26 - INFO - chord#: 112 In build_straw_man_chord_sa. tolerance = 1, sa_iterations = 1000, initial_temperature = 3.0, cooling_rate = 0.999
26 - INFO - chord#: 120 done. best_score=27.0, changed=530, unchanged=586, early_stops=8/8
26 - INFO - chord#: 122 In build_straw_man_chord_sa. tolerance = 1, sa_iterations = 1000, initial_temperature = 3.0, cooling_rate = 0.999
26 - INFO - chord#: 94 done. best_score=166.0, changed=607, unchanged=294, early_stops=8/8
26 - INFO - chord#: 96 In build_straw_man_chord_sa. tolerance = 1, sa_iterations = 1000, initial_temperature = 3.0, cooling_rate = 0.999
26 - INFO - chord#: 92 done. best_score=27.0, changed=524, unchanged=440, early_stops=8/8
26 - INFO - chord#: 94 In build_straw_man_chord_sa. tolerance = 1, sa_iterations = 1000, initial_temperature = 3.0, cooling_rate = 0.999
26 - INFO - chord#: 92 done. best_score=27.0, changed=516, unchanged=374, early_stops=8/8
26 - INFO - chord#: 94 In build_straw_man_chord_sa. tolerance = 1, sa_iterations = 1000, initial_temperature = 3.0, cooling_rate = 0.999
26 - INFO - chord#: 96 done. best_score=11.0, changed=497, unchanged=352, early_stops=8/8
26 - INFO - chord#: 104 In build_straw_man_chord_sa. tolerance = 1, sa_iterations = 1000, initial_temperature = 3.0, cooling_rate = 0.999
26 - INFO - chord#: 120 done. best_score=27.0, changed=523, unchanged=532, early_stops=8/8
26 - INFO - chord#: 120 done. best_score=27.0, changed=522, unchanged=400, early_stops=8/8
26 - INFO - chord#: 122 In build_straw_man_chord_sa. tolerance = 1, sa_iterations = 1000, initial_temperature = 3.0, cooling_rate = 0.999
26 - INFO - chord#: 122 In build_straw_man_chord_sa. tolerance = 1, sa_iterations = 1000, initial_temperature = 3.0, cooling_rate = 0.999
26 - INFO - chord#: 120 done. best_score=27.0, changed=527, unchanged=520, early_stops=8/8
26 - INFO - chord#: 122 In build_straw_man_chord_sa. tolerance = 1, sa_iterations = 1000, initial_temperature = 3.0, cooling_rate = 0.999
26 - INFO - chord#: 94 done. best_score=137.0, changed=609, unchanged=220, early_stops=8/8
26 - INFO - chord#: 96 In build_straw_man_chord_sa. tolerance = 1, sa_iterations = 1000, initial_temperature = 3.0, cooling_rate = 0.999
26 - INFO - chord#: 122 done. best_score=121.0, changed=614, unchanged=316, early_stops=8/8
26 - INFO - chord#: 124 In build_straw_man_chord_sa. tolerance = 1, sa_iterations = 1000, initial_temperature = 3.0, cooling_rate = 0.999
26 - INFO - chord#: 112 done. best_score=27.0, changed=533, unchanged=550, early_stops=8/8
26 - INFO - chord#: 116 In build_straw_man_chord_sa. tolerance = 1, sa_iterations = 1000, initial_temperature = 3.0, cooling_rate = 0.999
26 - INFO - chord#: 96 done. best_score=11.0, changed=475, unchanged=348, early_stops=8/8
26 - INFO - chord#: 104 In build_straw_man_chord_sa. tolerance = 1, sa_iterations = 1000, initial_temperature = 3.0, cooling_rate = 0.999
26 - INFO - chord#: 104 done. best_score=27.0, changed=536, unchanged=345, early_stops=8/8
26 - INFO - chord#: 108 In build_straw_man_chord_sa. tolerance = 1, sa_iterations = 1000, initial_temperature = 3.0, cooling_rate = 0.999
26 - INFO - chord#: 88 done. best_score=137.0, changed=610, unchanged=223, early_stops=8/8
26 - INFO - chord#: 92 In build_straw_man_chord_sa. tolerance = 1, sa_iterations = 1000, initial_temperature = 3.0, cooling_rate = 0.999
26 - INFO - chord#: 94 done. best_score=67.0, changed=607, unchanged=314, early_stops=8/8
26 - INFO - chord#: 96 In build_straw_man_chord_sa. tolerance = 1, sa_iterations = 1000, initial_temperature = 3.0, cooling_rate = 0.999
26 - INFO - chord#: 124 done. best_score=27.0, changed=519, unchanged=373, early_stops=8/8
26 - INFO - chord#: 128 In build_straw_man_chord_sa. tolerance = 1, sa_iterations = 1000, initial_temperature = 3.0, cooling_rate = 0.999
26 - INFO - chord#: 104 done. best_score=27.0, changed=536, unchanged=430, early_stops=8/8
26 - INFO - chord#: 108 In build_straw_man_chord_sa. tolerance = 1, sa_iterations = 1000, initial_temperature = 3.0, cooling_rate = 0.999
26 - INFO - chord#: 96 done. best_score=11.0, changed=483, unchanged=335, early_stops=8/8
26 - INFO - chord#: 104 In build_straw_man_chord_sa. tolerance = 1, sa_iterations = 1000, initial_temperature = 3.0, cooling_rate = 0.999
26 - INFO - chord#: 122 done. best_score=74.0, changed=613, unchanged=379, early_stops=8/8
26 - INFO - chord#: 124 In build_straw_man_chord_sa. tolerance = 1, sa_iterations = 1000, initial_temperature = 3.0, cooling_rate = 0.999
26 - INFO - chord#: 122 done. best_score=96.0, changed=608, unchanged=226, early_stops=8/8
26 - INFO - chord#: 124 In build_straw_man_chord_sa. tolerance = 1, sa_iterations = 1000, initial_temperature = 3.0, cooling_rate = 0.999
26 - INFO - chord#: 122 done. best_score=96.0, changed=609, unchanged=249, early_stops=8/8
26 - INFO - chord#: 124 In build_straw_man_chord_sa. tolerance = 1, sa_iterations = 1000, initial_temperature = 3.0, cooling_rate = 0.999
26 - INFO - chord#: 128 done. best_score=27.0, changed=523, unchanged=358, early_stops=8/8
26 - INFO - chord#: 132 In build_straw_man_chord_sa. tolerance = 1, sa_iterations = 1000, initial_temperature = 3.0, cooling_rate = 0.999
26 - INFO - chord#: 92 done. best_score=27.0, changed=518, unchanged=355, early_stops=8/8
26 - INFO - chord#: 94 In build_straw_man_chord_sa. tolerance = 1, sa_iterations = 1000, initial_temperature = 3.0, cooling_rate = 0.999
26 - INFO - chord#: 104 done. best_score=27.0, changed=526, unchanged=358, early_stops=8/8
26 - INFO - chord#: 108 In build_straw_man_chord_sa. tolerance = 1, sa_iterations = 1000, initial_temperature = 3.0, cooling_rate = 0.999
26 - INFO - chord#: 124 done. best_score=27.0, changed=520, unchanged=406, early_stops=8/8
26 - INFO - chord#: 128 In build_straw_man_chord_sa. tolerance = 1, sa_iterations = 1000, initial_temperature = 3.0, cooling_rate = 0.999
26 - INFO - chord#: 124 done. best_score=27.0, changed=517, unchanged=367, early_stops=8/8
26 - INFO - chord#: 128 In build_straw_man_chord_sa. tolerance = 1, sa_iterations = 1000, initial_temperature = 3.0, cooling_rate = 0.999
26 - INFO - chord#: 122 done. best_score=74.0, changed=616, unchanged=375, early_stops=8/8
26 - INFO - chord#: 124 In build_straw_man_chord_sa. tolerance = 1, sa_iterations = 1000, initial_temperature = 3.0, cooling_rate = 0.999
26 - INFO - chord#: 124 done. best_score=27.0, changed=524, unchanged=481, early_stops=8/8
26 - INFO - chord#: 128 In build_straw_man_chord_sa. tolerance = 1, sa_iterations = 1000, initial_temperature = 3.0, cooling_rate = 0.999
26 - INFO - chord#: 132 done. best_score=27.0, changed=528, unchanged=322, early_stops=8/8
26 - INFO - chord#: 136 In build_straw_man_chord_sa. tolerance = 1, sa_iterations = 1000, initial_temperature = 3.0, cooling_rate = 0.999
26 - INFO - chord#: 94 done. best_score=137.0, changed=613, unchanged=332, early_stops=8/8
26 - INFO - chord#: 96 In build_straw_man_chord_sa. tolerance = 1, sa_iterations = 1000, initial_temperature = 3.0, cooling_rate = 0.999
26 - INFO - chord#: 94 done. best_score=67.0, changed=611, unchanged=373, early_stops=8/8
26 - INFO - chord#: 96 In build_straw_man_chord_sa. tolerance = 1, sa_iterations = 1000, initial_temperature = 3.0, cooling_rate = 0.999
26 - INFO - chord#: 108 done. best_score=64.0, changed=616, unchanged=329, early_stops=8/8
26 - INFO - chord#: 110 In build_straw_man_chord_sa. tolerance = 1, sa_iterations = 1000, initial_temperature = 3.0, cooling_rate = 0.999
26 - INFO - chord#: 116 done. best_score=74.0, changed=613, unchanged=326, early_stops=8/8
26 - INFO - chord#: 118 In build_straw_man_chord_sa. tolerance = 1, sa_iterations = 1000, initial_temperature = 3.0, cooling_rate = 0.999
26 - INFO - chord#: 96 done. best_score=11.0, changed=510, unchanged=351, early_stops=8/8
26 - INFO - chord#: 104 In build_straw_man_chord_sa. tolerance = 1, sa_iterations = 1000, initial_temperature = 3.0, cooling_rate = 0.999
26 - INFO - chord#: 96 done. best_score=11.0, changed=500, unchanged=328, early_stops=8/8
26 - INFO - chord#: 104 In build_straw_man_chord_sa. tolerance = 1, sa_iterations = 1000, initial_temperature = 3.0, cooling_rate = 0.999
26 - INFO - chord#: 128 done. best_score=27.0, changed=521, unchanged=361, early_stops=8/8
26 - INFO - chord#: 132 In build_straw_man_chord_sa. tolerance = 1, sa_iterations = 1000, initial_temperature = 3.0, cooling_rate = 0.999
26 - INFO - chord#: 136 done. best_score=27.0, changed=519, unchanged=322, early_stops=8/8
26 - INFO - chord#: 140 In build_straw_man_chord_sa. tolerance = 1, sa_iterations = 1000, initial_temperature = 3.0, cooling_rate = 0.999
26 - INFO - chord#: 128 done. best_score=27.0, changed=524, unchanged=388, early_stops=8/8
26 - INFO - chord#: 132 In build_straw_man_chord_sa. tolerance = 1, sa_iterations = 1000, initial_temperature = 3.0, cooling_rate = 0.999
26 - INFO - chord#: 128 done. best_score=27.0, changed=521, unchanged=439, early_stops=8/8
26 - INFO - chord#: 132 In build_straw_man_chord_sa. tolerance = 1, sa_iterations = 1000, initial_temperature = 3.0, cooling_rate = 0.999
26 - INFO - chord#: 124 done. best_score=27.0, changed=520, unchanged=366, early_stops=8/8
26 - INFO - chord#: 128 In build_straw_man_chord_sa. tolerance = 1, sa_iterations = 1000, initial_temperature = 3.0, cooling_rate = 0.999
26 - INFO - chord#: 110 done. best_score=27.0, changed=528, unchanged=369, early_stops=8/8
26 - INFO - chord#: 112 In build_straw_man_chord_sa. tolerance = 1, sa_iterations = 1000, initial_temperature = 3.0, cooling_rate = 0.999
26 - INFO - chord#: 108 done. best_score=104.0, changed=614, unchanged=550, early_stops=8/8
26 - INFO - chord#: 110 In build_straw_man_chord_sa. tolerance = 1, sa_iterations = 1000, initial_temperature = 3.0, cooling_rate = 0.999
26 - INFO - chord#: 104 done. best_score=27.0, changed=519, unchanged=330, early_stops=8/8
26 - INFO - chord#: 108 In build_straw_man_chord_sa. tolerance = 1, sa_iterations = 1000, initial_temperature = 3.0, cooling_rate = 0.999
26 - INFO - chord#: 104 done. best_score=27.0, changed=537, unchanged=383, early_stops=8/8
26 - INFO - chord#: 108 In build_straw_man_chord_sa. tolerance = 1, sa_iterations = 1000, initial_temperature = 3.0, cooling_rate = 0.999
26 - INFO - chord#: 118 done. best_score=27.0, changed=525, unchanged=402, early_stops=8/8
26 - INFO - chord#: 120 In build_straw_man_chord_sa. tolerance = 1, sa_iterations = 1000, initial_temperature = 3.0, cooling_rate = 0.999
26 - INFO - chord#: 132 done. best_score=27.0, changed=518, unchanged=418, early_stops=8/8
26 - INFO - chord#: 136 In build_straw_man_chord_sa. tolerance = 1, sa_iterations = 1000, initial_temperature = 3.0, cooling_rate = 0.999
26 - INFO - chord#: 132 done. best_score=27.0, changed=534, unchanged=403, early_stops=8/8
26 - INFO - chord#: 136 In build_straw_man_chord_sa. tolerance = 1, sa_iterations = 1000, initial_temperature = 3.0, cooling_rate = 0.999
26 - INFO - chord#: 132 done. best_score=27.0, changed=523, unchanged=394, early_stops=8/8
26 - INFO - chord#: 136 In build_straw_man_chord_sa. tolerance = 1, sa_iterations = 1000, initial_temperature = 3.0, cooling_rate = 0.999
26 - INFO - chord#: 110 done. best_score=61.0, changed=535, unchanged=387, early_stops=8/8
26 - INFO - chord#: 112 In build_straw_man_chord_sa. tolerance = 1, sa_iterations = 1000, initial_temperature = 3.0, cooling_rate = 0.999
26 - INFO - chord#: 112 done. best_score=27.0, changed=519, unchanged=393, early_stops=8/8
26 - INFO - chord#: 116 In build_straw_man_chord_sa. tolerance = 1, sa_iterations = 1000, initial_temperature = 3.0, cooling_rate = 0.999
26 - INFO - chord#: 94 done. best_score=125.0, changed=610, unchanged=256, early_stops=8/8
26 - INFO - chord#: 96 In build_straw_man_chord_sa. tolerance = 1, sa_iterations = 1000, initial_temperature = 3.0, cooling_rate = 0.999
26 - INFO - chord#: 136 done. best_score=27.0, changed=518, unchanged=325, early_stops=8/8
26 - INFO - chord#: 140 In build_straw_man_chord_sa. tolerance = 1, sa_iterations = 1000, initial_temperature = 3.0, cooling_rate = 0.999
26 - INFO - chord#: 128 done. best_score=27.0, changed=527, unchanged=534, early_stops=8/8
26 - INFO - chord#: 132 In build_straw_man_chord_sa. tolerance = 1, sa_iterations = 1000, initial_temperature = 3.0, cooling_rate = 0.999
26 - INFO - chord#: 96 done. best_score=11.0, changed=473, unchanged=359, early_stops=8/8
26 - INFO - chord#: 104 In build_straw_man_chord_sa. tolerance = 1, sa_iterations = 1000, initial_temperature = 3.0, cooling_rate = 0.999
26 - INFO - chord#: 136 done. best_score=27.0, changed=524, unchanged=313, early_stops=8/8
26 - INFO - chord#: 140 In build_straw_man_chord_sa. tolerance = 1, sa_iterations = 1000, initial_temperature = 3.0, cooling_rate = 0.999
26 - INFO - chord#: 136 done. best_score=27.0, changed=524, unchanged=349, early_stops=8/8
26 - INFO - chord#: 140 In build_straw_man_chord_sa. tolerance = 1, sa_iterations = 1000, initial_temperature = 3.0, cooling_rate = 0.999
26 - INFO - chord#: 120 done. best_score=27.0, changed=529, unchanged=471, early_stops=8/8
26 - INFO - chord#: 122 In build_straw_man_chord_sa. tolerance = 1, sa_iterations = 1000, initial_temperature = 3.0, cooling_rate = 0.999
26 - INFO - chord#: 140 done. best_score=64.0, changed=612, unchanged=306, early_stops=8/8
26 - INFO - chord#: 144 In build_straw_man_chord_sa. tolerance = 1, sa_iterations = 1000, initial_temperature = 3.0, cooling_rate = 0.999
26 - INFO - chord#: 112 done. best_score=27.0, changed=518, unchanged=475, early_stops=8/8
26 - INFO - chord#: 116 In build_straw_man_chord_sa. tolerance = 1, sa_iterations = 1000, initial_temperature = 3.0, cooling_rate = 0.999
26 - INFO - chord#: 108 done. best_score=71.0, changed=618, unchanged=611, early_stops=8/8
26 - INFO - chord#: 110 In build_straw_man_chord_sa. tolerance = 1, sa_iterations = 1000, initial_temperature = 3.0, cooling_rate = 0.999
26 - INFO - chord#: 104 done. best_score=27.0, changed=517, unchanged=292, early_stops=8/8
26 - INFO - chord#: 108 In build_straw_man_chord_sa. tolerance = 1, sa_iterations = 1000, initial_temperature = 3.0, cooling_rate = 0.999
26 - INFO - chord#: 132 done. best_score=27.0, changed=532, unchanged=445, early_stops=8/8
26 - INFO - chord#: 136 In build_straw_man_chord_sa. tolerance = 1, sa_iterations = 1000, initial_temperature = 3.0, cooling_rate = 0.999
26 - INFO - chord#: 108 done. best_score=104.0, changed=612, unchanged=220, early_stops=8/8
26 - INFO - chord#: 110 In build_straw_man_chord_sa. tolerance = 1, sa_iterations = 1000, initial_temperature = 3.0, cooling_rate = 0.999
26 - INFO - chord#: 144 done. best_score=27.0, changed=520, unchanged=469, early_stops=8/8
26 - INFO - chord#: 148 In build_straw_man_chord_sa. tolerance = 1, sa_iterations = 1000, initial_temperature = 3.0, cooling_rate = 0.999
26 - INFO - chord#: 110 done. best_score=36.0, changed=537, unchanged=346, early_stops=8/8
26 - INFO - chord#: 112 In build_straw_man_chord_sa. tolerance = 1, sa_iterations = 1000, initial_temperature = 3.0, cooling_rate = 0.999
26 - INFO - chord#: 116 done. best_score=141.0, changed=612, unchanged=326, early_stops=8/8
26 - INFO - chord#: 118 In build_straw_man_chord_sa. tolerance = 1, sa_iterations = 1000, initial_temperature = 3.0, cooling_rate = 0.999
26 - INFO - chord#: 108 done. best_score=64.0, changed=619, unchanged=438, early_stops=8/8
26 - INFO - chord#: 110 In build_straw_man_chord_sa. tolerance = 1, sa_iterations = 1000, initial_temperature = 3.0, cooling_rate = 0.999
26 - INFO - chord#: 140 done. best_score=146.0, changed=614, unchanged=303, early_stops=8/8
26 - INFO - chord#: 144 In build_straw_man_chord_sa. tolerance = 1, sa_iterations = 1000, initial_temperature = 3.0, cooling_rate = 0.999
26 - INFO - chord#: 136 done. best_score=27.0, changed=528, unchanged=330, early_stops=8/8
26 - INFO - chord#: 140 In build_straw_man_chord_sa. tolerance = 1, sa_iterations = 1000, initial_temperature = 3.0, cooling_rate = 0.999
26 - INFO - chord#: 140 done. best_score=64.0, changed=615, unchanged=305, early_stops=8/8
26 - INFO - chord#: 144 In build_straw_man_chord_sa. tolerance = 1, sa_iterations = 1000, initial_temperature = 3.0, cooling_rate = 0.999
26 - INFO - chord#: 116 done. best_score=96.0, changed=611, unchanged=229, early_stops=8/8
26 - INFO - chord#: 118 In build_straw_man_chord_sa. tolerance = 1, sa_iterations = 1000, initial_temperature = 3.0, cooling_rate = 0.999
26 - INFO - chord#: 140 done. best_score=64.0, changed=612, unchanged=341, early_stops=8/8
26 - INFO - chord#: 144 In build_straw_man_chord_sa. tolerance = 1, sa_iterations = 1000, initial_temperature = 3.0, cooling_rate = 0.999
26 - INFO - chord#: 110 done. best_score=27.0, changed=528, unchanged=491, early_stops=8/8
26 - INFO - chord#: 112 In build_straw_man_chord_sa. tolerance = 1, sa_iterations = 1000, initial_temperature = 3.0, cooling_rate = 0.999
26 - INFO - chord#: 118 done. best_score=72.0, changed=525, unchanged=398, early_stops=8/8
26 - INFO - chord#: 120 In build_straw_man_chord_sa. tolerance = 1, sa_iterations = 1000, initial_temperature = 3.0, cooling_rate = 0.999
26 - INFO - chord#: 122 done. best_score=74.0, changed=614, unchanged=299, early_stops=8/8
26 - INFO - chord#: 124 In build_straw_man_chord_sa. tolerance = 1, sa_iterations = 1000, initial_temperature = 3.0, cooling_rate = 0.999
26 - INFO - chord#: 112 done. best_score=27.0, changed=516, unchanged=418, early_stops=8/8
26 - INFO - chord#: 116 In build_straw_man_chord_sa. tolerance = 1, sa_iterations = 1000, initial_temperature = 3.0, cooling_rate = 0.999
26 - INFO - chord#: 144 done. best_score=27.0, changed=518, unchanged=375, early_stops=8/8
26 - INFO - chord#: 148 In build_straw_man_chord_sa. tolerance = 1, sa_iterations = 1000, initial_temperature = 3.0, cooling_rate = 0.999
26 - INFO - chord#: 110 done. best_score=27.0, changed=524, unchanged=424, early_stops=8/8
26 - INFO - chord#: 112 In build_straw_man_chord_sa. tolerance = 1, sa_iterations = 1000, initial_temperature = 3.0, cooling_rate = 0.999
26 - INFO - chord#: 144 done. best_score=27.0, changed=517, unchanged=421, early_stops=8/8
26 - INFO - chord#: 148 In build_straw_man_chord_sa. tolerance = 1, sa_iterations = 1000, initial_temperature = 3.0, cooling_rate = 0.999
26 - INFO - chord#: 118 done. best_score=27.0, changed=515, unchanged=299, early_stops=8/8
26 - INFO - chord#: 120 In build_straw_man_chord_sa. tolerance = 1, sa_iterations = 1000, initial_temperature = 3.0, cooling_rate = 0.999
26 - INFO - chord#: 144 done. best_score=27.0, changed=526, unchanged=540, early_stops=8/8
26 - INFO - chord#: 148 In build_straw_man_chord_sa. tolerance = 1, sa_iterations = 1000, initial_temperature = 3.0, cooling_rate = 0.999
26 - INFO - chord#: 120 done. best_score=27.0, changed=522, unchanged=374, early_stops=8/8
26 - INFO - chord#: 122 In build_straw_man_chord_sa. tolerance = 1, sa_iterations = 1000, initial_temperature = 3.0, cooling_rate = 0.999
26 - INFO - chord#: 112 done. best_score=27.0, changed=519, unchanged=429, early_stops=8/8
26 - INFO - chord#: 116 In build_straw_man_chord_sa. tolerance = 1, sa_iterations = 1000, initial_temperature = 3.0, cooling_rate = 0.999
26 - INFO - chord#: 148 done. best_score=149.0, changed=615, unchanged=326, early_stops=8/8
26 - INFO - chord#: 152 In build_straw_man_chord_sa. tolerance = 1, sa_iterations = 1000, initial_temperature = 3.0, cooling_rate = 0.999
26 - INFO - chord#: 108 done. best_score=64.0, changed=615, unchanged=361, early_stops=8/8
26 - INFO - chord#: 110 In build_straw_man_chord_sa. tolerance = 1, sa_iterations = 1000, initial_temperature = 3.0, cooling_rate = 0.999
26 - INFO - chord#: 124 done. best_score=27.0, changed=523, unchanged=333, early_stops=8/8
26 - INFO - chord#: 128 In build_straw_man_chord_sa. tolerance = 1, sa_iterations = 1000, initial_temperature = 3.0, cooling_rate = 0.999
26 - INFO - chord#: 120 done. best_score=27.0, changed=522, unchanged=420, early_stops=8/8
26 - INFO - chord#: 122 In build_straw_man_chord_sa. tolerance = 1, sa_iterations = 1000, initial_temperature = 3.0, cooling_rate = 0.999
26 - INFO - chord#: 112 done. best_score=27.0, changed=523, unchanged=371, early_stops=8/8
26 - INFO - chord#: 116 In build_straw_man_chord_sa. tolerance = 1, sa_iterations = 1000, initial_temperature = 3.0, cooling_rate = 0.999
26 - INFO - chord#: 140 done. best_score=64.0, changed=619, unchanged=276, early_stops=8/8
26 - INFO - chord#: 144 In build_straw_man_chord_sa. tolerance = 1, sa_iterations = 1000, initial_temperature = 3.0, cooling_rate = 0.999
26 - INFO - chord#: 152 done. best_score=27.0, changed=522, unchanged=497, early_stops=8/8
26 - INFO - chord#: 154 In build_straw_man_chord_sa. tolerance = 1, sa_iterations = 1000, initial_temperature = 3.0, cooling_rate = 0.999
26 - INFO - chord#: 110 done. best_score=27.0, changed=519, unchanged=321, early_stops=8/8
26 - INFO - chord#: 112 In build_straw_man_chord_sa. tolerance = 1, sa_iterations = 1000, initial_temperature = 3.0, cooling_rate = 0.999
26 - INFO - chord#: 128 done. best_score=27.0, changed=517, unchanged=312, early_stops=8/8
26 - INFO - chord#: 132 In build_straw_man_chord_sa. tolerance = 1, sa_iterations = 1000, initial_temperature = 3.0, cooling_rate = 0.999
26 - INFO - chord#: 148 done. best_score=74.0, changed=611, unchanged=279, early_stops=8/8
26 - INFO - chord#: 152 In build_straw_man_chord_sa. tolerance = 1, sa_iterations = 1000, initial_temperature = 3.0, cooling_rate = 0.999
26 - INFO - chord#: 148 done. best_score=74.0, changed=619, unchanged=295, early_stops=8/8
26 - INFO - chord#: 152 In build_straw_man_chord_sa. tolerance = 1, sa_iterations = 1000, initial_temperature = 3.0, cooling_rate = 0.999
26 - INFO - chord#: 122 done. best_score=74.0, changed=613, unchanged=391, early_stops=8/8
26 - INFO - chord#: 124 In build_straw_man_chord_sa. tolerance = 1, sa_iterations = 1000, initial_temperature = 3.0, cooling_rate = 0.999
26 - INFO - chord#: 148 done. best_score=96.0, changed=614, unchanged=344, early_stops=8/8
26 - INFO - chord#: 152 In build_straw_man_chord_sa. tolerance = 1, sa_iterations = 1000, initial_temperature = 3.0, cooling_rate = 0.999
26 - INFO - chord#: 116 done. best_score=74.0, changed=622, unchanged=357, early_stops=8/8
26 - INFO - chord#: 118 In build_straw_man_chord_sa. tolerance = 1, sa_iterations = 1000, initial_temperature = 3.0, cooling_rate = 0.999
26 - INFO - chord#: 112 done. best_score=57.0, changed=519, unchanged=340, early_stops=8/8
26 - INFO - chord#: 116 In build_straw_man_chord_sa. tolerance = 1, sa_iterations = 1000, initial_temperature = 3.0, cooling_rate = 0.999
26 - INFO - chord#: 144 done. best_score=27.0, changed=517, unchanged=367, early_stops=8/8
26 - INFO - chord#: 148 In build_straw_man_chord_sa. tolerance = 1, sa_iterations = 1000, initial_temperature = 3.0, cooling_rate = 0.999
26 - INFO - chord#: 152 done. best_score=27.0, changed=523, unchanged=463, early_stops=8/8
26 - INFO - chord#: 154 In build_straw_man_chord_sa. tolerance = 1, sa_iterations = 1000, initial_temperature = 3.0, cooling_rate = 0.999
26 - INFO - chord#: 132 done. best_score=27.0, changed=524, unchanged=448, early_stops=8/8
26 - INFO - chord#: 136 In build_straw_man_chord_sa. tolerance = 1, sa_iterations = 1000, initial_temperature = 3.0, cooling_rate = 0.999
26 - INFO - chord#: 152 done. best_score=27.0, changed=522, unchanged=513, early_stops=8/8
26 - INFO - chord#: 154 In build_straw_man_chord_sa. tolerance = 1, sa_iterations = 1000, initial_temperature = 3.0, cooling_rate = 0.999
26 - INFO - chord#: 122 done. best_score=74.0, changed=610, unchanged=413, early_stops=8/8
26 - INFO - chord#: 124 In build_straw_man_chord_sa. tolerance = 1, sa_iterations = 1000, initial_temperature = 3.0, cooling_rate = 0.999
26 - INFO - chord#: 124 done. best_score=27.0, changed=516, unchanged=335, early_stops=8/8
26 - INFO - chord#: 128 In build_straw_man_chord_sa. tolerance = 1, sa_iterations = 1000, initial_temperature = 3.0, cooling_rate = 0.999
26 - INFO - chord#: 116 done. best_score=74.0, changed=621, unchanged=381, early_stops=8/8
26 - INFO - chord#: 118 In build_straw_man_chord_sa. tolerance = 1, sa_iterations = 1000, initial_temperature = 3.0, cooling_rate = 0.999
26 - INFO - chord#: 152 done. best_score=27.0, changed=518, unchanged=366, early_stops=8/8
26 - INFO - chord#: 154 In build_straw_man_chord_sa. tolerance = 1, sa_iterations = 1000, initial_temperature = 3.0, cooling_rate = 0.999
26 - INFO - chord#: 118 done. best_score=27.0, changed=527, unchanged=290, early_stops=8/8
26 - INFO - chord#: 120 In build_straw_man_chord_sa. tolerance = 1, sa_iterations = 1000, initial_temperature = 3.0, cooling_rate = 0.999
26 - INFO - chord#: 154 done. best_score=121.0, changed=607, unchanged=216, early_stops=8/8
26 - INFO - chord#: 156 In build_straw_man_chord_sa. tolerance = 1, sa_iterations = 1000, initial_temperature = 3.0, cooling_rate = 0.999
26 - INFO - chord#: 116 done. best_score=121.0, changed=608, unchanged=272, early_stops=8/8
26 - INFO - chord#: 118 In build_straw_man_chord_sa. tolerance = 1, sa_iterations = 1000, initial_temperature = 3.0, cooling_rate = 0.999
26 - INFO - chord#: 124 done. best_score=27.0, changed=517, unchanged=339, early_stops=8/8
26 - INFO - chord#: 128 In build_straw_man_chord_sa. tolerance = 1, sa_iterations = 1000, initial_temperature = 3.0, cooling_rate = 0.999
26 - INFO - chord#: 136 done. best_score=27.0, changed=526, unchanged=361, early_stops=8/8
26 - INFO - chord#: 140 In build_straw_man_chord_sa. tolerance = 1, sa_iterations = 1000, initial_temperature = 3.0, cooling_rate = 0.999
26 - INFO - chord#: 128 done. best_score=27.0, changed=518, unchanged=383, early_stops=8/8
26 - INFO - chord#: 132 In build_straw_man_chord_sa. tolerance = 1, sa_iterations = 1000, initial_temperature = 3.0, cooling_rate = 0.999
26 - INFO - chord#: 156 done. best_score=27.0, changed=522, unchanged=432, early_stops=8/8
26 - INFO - chord#: 158 In build_straw_man_chord_sa. tolerance = 1, sa_iterations = 1000, initial_temperature = 3.0, cooling_rate = 0.999
26 - INFO - chord#: 118 done. best_score=27.0, changed=530, unchanged=389, early_stops=8/8
26 - INFO - chord#: 120 In build_straw_man_chord_sa. tolerance = 1, sa_iterations = 1000, initial_temperature = 3.0, cooling_rate = 0.999
26 - INFO - chord#: 120 done. best_score=27.0, changed=518, unchanged=435, early_stops=8/8
26 - INFO - chord#: 122 In build_straw_man_chord_sa. tolerance = 1, sa_iterations = 1000, initial_temperature = 3.0, cooling_rate = 0.999
26 - INFO - chord#: 118 done. best_score=27.0, changed=530, unchanged=412, early_stops=8/8
26 - INFO - chord#: 120 In build_straw_man_chord_sa. tolerance = 1, sa_iterations = 1000, initial_temperature = 3.0, cooling_rate = 0.999
26 - INFO - chord#: 154 done. best_score=149.0, changed=611, unchanged=343, early_stops=8/8
26 - INFO - chord#: 156 In build_straw_man_chord_sa. tolerance = 1, sa_iterations = 1000, initial_temperature = 3.0, cooling_rate = 0.999
26 - INFO - chord#: 116 done. best_score=168.0, changed=611, unchanged=282, early_stops=8/8
26 - INFO - chord#: 118 In build_straw_man_chord_sa. tolerance = 1, sa_iterations = 1000, initial_temperature = 3.0, cooling_rate = 0.999
26 - INFO - chord#: 132 done. best_score=27.0, changed=532, unchanged=404, early_stops=8/8
26 - INFO - chord#: 136 In build_straw_man_chord_sa. tolerance = 1, sa_iterations = 1000, initial_temperature = 3.0, cooling_rate = 0.999
26 - INFO - chord#: 128 done. best_score=27.0, changed=526, unchanged=410, early_stops=8/8
26 - INFO - chord#: 132 In build_straw_man_chord_sa. tolerance = 1, sa_iterations = 1000, initial_temperature = 3.0, cooling_rate = 0.999
26 - INFO - chord#: 154 done. best_score=144.0, changed=614, unchanged=315, early_stops=8/8
26 - INFO - chord#: 156 In build_straw_man_chord_sa. tolerance = 1, sa_iterations = 1000, initial_temperature = 3.0, cooling_rate = 0.999
26 - INFO - chord#: 158 done. best_score=31.0, changed=529, unchanged=414, early_stops=8/8
26 - INFO - chord#: 160 In build_straw_man_chord_sa. tolerance = 1, sa_iterations = 1000, initial_temperature = 3.0, cooling_rate = 0.999
26 - INFO - chord#: 154 done. best_score=74.0, changed=617, unchanged=379, early_stops=8/8
26 - INFO - chord#: 156 In build_straw_man_chord_sa. tolerance = 1, sa_iterations = 1000, initial_temperature = 3.0, cooling_rate = 0.999
26 - INFO - chord#: 120 done. best_score=27.0, changed=516, unchanged=302, early_stops=8/8
26 - INFO - chord#: 122 In build_straw_man_chord_sa. tolerance = 1, sa_iterations = 1000, initial_temperature = 3.0, cooling_rate = 0.999
26 - INFO - chord#: 148 done. best_score=167.0, changed=612, unchanged=428, early_stops=8/8
26 - INFO - chord#: 152 In build_straw_man_chord_sa. tolerance = 1, sa_iterations = 1000, initial_temperature = 3.0, cooling_rate = 0.999
26 - INFO - chord#: 136 done. best_score=27.0, changed=535, unchanged=351, early_stops=8/8
26 - INFO - chord#: 140 In build_straw_man_chord_sa. tolerance = 1, sa_iterations = 1000, initial_temperature = 3.0, cooling_rate = 0.999
26 - INFO - chord#: 156 done. best_score=27.0, changed=526, unchanged=357, early_stops=8/8
26 - INFO - chord#: 158 In build_straw_man_chord_sa. tolerance = 1, sa_iterations = 1000, initial_temperature = 3.0, cooling_rate = 0.999
26 - INFO - chord#: 120 done. best_score=27.0, changed=520, unchanged=456, early_stops=8/8
26 - INFO - chord#: 122 In build_straw_man_chord_sa. tolerance = 1, sa_iterations = 1000, initial_temperature = 3.0, cooling_rate = 0.999
26 - INFO - chord#: 132 done. best_score=27.0, changed=520, unchanged=378, early_stops=8/8
26 - INFO - chord#: 136 In build_straw_man_chord_sa. tolerance = 1, sa_iterations = 1000, initial_temperature = 3.0, cooling_rate = 0.999
26 - INFO - chord#: 118 done. best_score=27.0, changed=538, unchanged=400, early_stops=8/8
26 - INFO - chord#: 120 In build_straw_man_chord_sa. tolerance = 1, sa_iterations = 1000, initial_temperature = 3.0, cooling_rate = 0.999
26 - INFO - chord#: 156 done. best_score=27.0, changed=510, unchanged=369, early_stops=8/8
26 - INFO - chord#: 158 In build_straw_man_chord_sa. tolerance = 1, sa_iterations = 1000, initial_temperature = 3.0, cooling_rate = 0.999
26 - INFO - chord#: 156 done. best_score=27.0, changed=515, unchanged=403, early_stops=8/8
26 - INFO - chord#: 158 In build_straw_man_chord_sa. tolerance = 1, sa_iterations = 1000, initial_temperature = 3.0, cooling_rate = 0.999
26 - INFO - chord#: 158 done. best_score=31.0, changed=513, unchanged=306, early_stops=8/8
26 - INFO - chord#: 160 In build_straw_man_chord_sa. tolerance = 1, sa_iterations = 1000, initial_temperature = 3.0, cooling_rate = 0.999
26 - INFO - chord#: 136 done. best_score=27.0, changed=531, unchanged=376, early_stops=8/8
26 - INFO - chord#: 140 In build_straw_man_chord_sa. tolerance = 1, sa_iterations = 1000, initial_temperature = 3.0, cooling_rate = 0.999
26 - INFO - chord#: 140 done. best_score=64.0, changed=613, unchanged=348, early_stops=8/8
26 - INFO - chord#: 144 In build_straw_man_chord_sa. tolerance = 1, sa_iterations = 1000, initial_temperature = 3.0, cooling_rate = 0.999
26 - INFO - chord#: 152 done. best_score=27.0, changed=521, unchanged=347, early_stops=8/8
26 - INFO - chord#: 154 In build_straw_man_chord_sa. tolerance = 1, sa_iterations = 1000, initial_temperature = 3.0, cooling_rate = 0.999
26 - INFO - chord#: 158 done. best_score=31.0, changed=525, unchanged=383, early_stops=8/8
26 - INFO - chord#: 160 In build_straw_man_chord_sa. tolerance = 1, sa_iterations = 1000, initial_temperature = 3.0, cooling_rate = 0.999
26 - INFO - chord#: 122 done. best_score=74.0, changed=619, unchanged=385, early_stops=8/8
26 - INFO - chord#: 124 In build_straw_man_chord_sa. tolerance = 1, sa_iterations = 1000, initial_temperature = 3.0, cooling_rate = 0.999
26 - INFO - chord#: 120 done. best_score=27.0, changed=522, unchanged=379, early_stops=8/8
26 - INFO - chord#: 122 In build_straw_man_chord_sa. tolerance = 1, sa_iterations = 1000, initial_temperature = 3.0, cooling_rate = 0.999
26 - INFO - chord#: 158 done. best_score=31.0, changed=525, unchanged=397, early_stops=8/8
26 - INFO - chord#: 160 In build_straw_man_chord_sa. tolerance = 1, sa_iterations = 1000, initial_temperature = 3.0, cooling_rate = 0.999
26 - INFO - chord#: 160 done. best_score=94.0, changed=612, unchanged=388, early_stops=8/8
26 - INFO - chord#: 162 In build_straw_man_chord_sa. tolerance = 1, sa_iterations = 1000, initial_temperature = 3.0, cooling_rate = 0.999
26 - INFO - chord#: 144 done. best_score=27.0, changed=520, unchanged=396, early_stops=8/8
26 - INFO - chord#: 148 In build_straw_man_chord_sa. tolerance = 1, sa_iterations = 1000, initial_temperature = 3.0, cooling_rate = 0.999
26 - INFO - chord#: 140 done. best_score=64.0, changed=609, unchanged=324, early_stops=8/8
26 - INFO - chord#: 144 In build_straw_man_chord_sa. tolerance = 1, sa_iterations = 1000, initial_temperature = 3.0, cooling_rate = 0.999
26 - INFO - chord#: 122 done. best_score=74.0, changed=614, unchanged=259, early_stops=8/8
26 - INFO - chord#: 124 In build_straw_man_chord_sa. tolerance = 1, sa_iterations = 1000, initial_temperature = 3.0, cooling_rate = 0.999
26 - INFO - chord#: 122 done. best_score=74.0, changed=611, unchanged=410, early_stops=8/8
26 - INFO - chord#: 124 In build_straw_man_chord_sa. tolerance = 1, sa_iterations = 1000, initial_temperature = 3.0, cooling_rate = 0.999
26 - INFO - chord#: 124 done. best_score=27.0, changed=525, unchanged=354, early_stops=8/8
26 - INFO - chord#: 128 In build_straw_man_chord_sa. tolerance = 1, sa_iterations = 1000, initial_temperature = 3.0, cooling_rate = 0.999
26 - INFO - chord#: 140 done. best_score=71.0, changed=614, unchanged=320, early_stops=8/8
26 - INFO - chord#: 144 In build_straw_man_chord_sa. tolerance = 1, sa_iterations = 1000, initial_temperature = 3.0, cooling_rate = 0.999
26 - INFO - chord#: 160 done. best_score=93.0, changed=610, unchanged=312, early_stops=8/8
26 - INFO - chord#: 162 In build_straw_man_chord_sa. tolerance = 1, sa_iterations = 1000, initial_temperature = 3.0, cooling_rate = 0.999
26 - INFO - chord#: 144 done. best_score=27.0, changed=518, unchanged=410, early_stops=8/8
26 - INFO - chord#: 148 In build_straw_man_chord_sa. tolerance = 1, sa_iterations = 1000, initial_temperature = 3.0, cooling_rate = 0.999
26 - INFO - chord#: 160 done. best_score=93.0, changed=611, unchanged=256, early_stops=8/8
26 - INFO - chord#: 162 In build_straw_man_chord_sa. tolerance = 1, sa_iterations = 1000, initial_temperature = 3.0, cooling_rate = 0.999
26 - INFO - chord#: 124 done. best_score=27.0, changed=521, unchanged=303, early_stops=8/8
26 - INFO - chord#: 128 In build_straw_man_chord_sa. tolerance = 1, sa_iterations = 1000, initial_temperature = 3.0, cooling_rate = 0.999
26 - INFO - chord#: 124 done. best_score=27.0, changed=522, unchanged=358, early_stops=8/8
26 - INFO - chord#: 128 In build_straw_man_chord_sa. tolerance = 1, sa_iterations = 1000, initial_temperature = 3.0, cooling_rate = 0.999
26 - INFO - chord#: 128 done. best_score=27.0, changed=518, unchanged=438, early_stops=8/8
26 - INFO - chord#: 132 In build_straw_man_chord_sa. tolerance = 1, sa_iterations = 1000, initial_temperature = 3.0, cooling_rate = 0.999
26 - INFO - chord#: 144 done. best_score=27.0, changed=527, unchanged=473, early_stops=8/8
26 - INFO - chord#: 148 In build_straw_man_chord_sa. tolerance = 1, sa_iterations = 1000, initial_temperature = 3.0, cooling_rate = 0.999
26 - INFO - chord#: 122 done. best_score=74.0, changed=610, unchanged=318, early_stops=8/8
26 - INFO - chord#: 124 In build_straw_man_chord_sa. tolerance = 1, sa_iterations = 1000, initial_temperature = 3.0, cooling_rate = 0.999
26 - INFO - chord#: 162 done. best_score=67.0, changed=615, unchanged=473, early_stops=8/8
26 - INFO - chord#: 164 In build_straw_man_chord_sa. tolerance = 1, sa_iterations = 1000, initial_temperature = 3.0, cooling_rate = 0.999
26 - INFO - chord#: 160 done. best_score=93.0, changed=614, unchanged=422, early_stops=8/8
26 - INFO - chord#: 162 In build_straw_man_chord_sa. tolerance = 1, sa_iterations = 1000, initial_temperature = 3.0, cooling_rate = 0.999
26 - INFO - chord#: 154 done. best_score=74.0, changed=615, unchanged=401, early_stops=8/8
26 - INFO - chord#: 156 In build_straw_man_chord_sa. tolerance = 1, sa_iterations = 1000, initial_temperature = 3.0, cooling_rate = 0.999
26 - INFO - chord#: 148 done. best_score=74.0, changed=611, unchanged=319, early_stops=8/8
26 - INFO - chord#: 152 In build_straw_man_chord_sa. tolerance = 1, sa_iterations = 1000, initial_temperature = 3.0, cooling_rate = 0.999
26 - INFO - chord#: 128 done. best_score=27.0, changed=525, unchanged=430, early_stops=8/8
26 - INFO - chord#: 132 In build_straw_man_chord_sa. tolerance = 1, sa_iterations = 1000, initial_temperature = 3.0, cooling_rate = 0.999
26 - INFO - chord#: 128 done. best_score=27.0, changed=523, unchanged=508, early_stops=8/8
26 - INFO - chord#: 132 In build_straw_man_chord_sa. tolerance = 1, sa_iterations = 1000, initial_temperature = 3.0, cooling_rate = 0.999
26 - INFO - chord#: 132 done. best_score=27.0, changed=522, unchanged=340, early_stops=8/8
26 - INFO - chord#: 136 In build_straw_man_chord_sa. tolerance = 1, sa_iterations = 1000, initial_temperature = 3.0, cooling_rate = 0.999
26 - INFO - chord#: 162 done. best_score=78.0, changed=611, unchanged=331, early_stops=8/8
26 - INFO - chord#: 164 In build_straw_man_chord_sa. tolerance = 1, sa_iterations = 1000, initial_temperature = 3.0, cooling_rate = 0.999
26 - INFO - chord#: 124 done. best_score=27.0, changed=523, unchanged=328, early_stops=8/8
26 - INFO - chord#: 128 In build_straw_man_chord_sa. tolerance = 1, sa_iterations = 1000, initial_temperature = 3.0, cooling_rate = 0.999
26 - INFO - chord#: 164 done. best_score=27.0, changed=523, unchanged=512, early_stops=8/8
26 - INFO - chord#: 172 In build_straw_man_chord_sa. tolerance = 1, sa_iterations = 1000, initial_temperature = 3.0, cooling_rate = 0.999
26 - INFO - chord#: 162 done. best_score=195.0, changed=613, unchanged=303, early_stops=8/8
26 - INFO - chord#: 164 In build_straw_man_chord_sa. tolerance = 1, sa_iterations = 1000, initial_temperature = 3.0, cooling_rate = 0.999
26 - INFO - chord#: 148 done. best_score=74.0, changed=610, unchanged=426, early_stops=8/8
26 - INFO - chord#: 152 In build_straw_man_chord_sa. tolerance = 1, sa_iterations = 1000, initial_temperature = 3.0, cooling_rate = 0.999
26 - INFO - chord#: 156 done. best_score=27.0, changed=520, unchanged=444, early_stops=8/8
26 - INFO - chord#: 158 In build_straw_man_chord_sa. tolerance = 1, sa_iterations = 1000, initial_temperature = 3.0, cooling_rate = 0.999
26 - INFO - chord#: 152 done. best_score=27.0, changed=513, unchanged=330, early_stops=8/8
26 - INFO - chord#: 154 In build_straw_man_chord_sa. tolerance = 1, sa_iterations = 1000, initial_temperature = 3.0, cooling_rate = 0.999
26 - INFO - chord#: 162 done. best_score=78.0, changed=612, unchanged=227, early_stops=8/8
26 - INFO - chord#: 164 In build_straw_man_chord_sa. tolerance = 1, sa_iterations = 1000, initial_temperature = 3.0, cooling_rate = 0.999
26 - INFO - chord#: 132 done. best_score=27.0, changed=527, unchanged=435, early_stops=8/8
26 - INFO - chord#: 136 In build_straw_man_chord_sa. tolerance = 1, sa_iterations = 1000, initial_temperature = 3.0, cooling_rate = 0.999
26 - INFO - chord#: 136 done. best_score=27.0, changed=526, unchanged=352, early_stops=8/8
26 - INFO - chord#: 140 In build_straw_man_chord_sa. tolerance = 1, sa_iterations = 1000, initial_temperature = 3.0, cooling_rate = 0.999
26 - INFO - chord#: 132 done. best_score=27.0, changed=523, unchanged=395, early_stops=8/8
26 - INFO - chord#: 136 In build_straw_man_chord_sa. tolerance = 1, sa_iterations = 1000, initial_temperature = 3.0, cooling_rate = 0.999
26 - INFO - chord#: 164 done. best_score=27.0, changed=525, unchanged=406, early_stops=8/8
26 - INFO - chord#: 172 In build_straw_man_chord_sa. tolerance = 1, sa_iterations = 1000, initial_temperature = 3.0, cooling_rate = 0.999
26 - INFO - chord#: 164 done. best_score=27.0, changed=520, unchanged=461, early_stops=8/8
26 - INFO - chord#: 172 In build_straw_man_chord_sa. tolerance = 1, sa_iterations = 1000, initial_temperature = 3.0, cooling_rate = 0.999
26 - INFO - chord#: 148 done. best_score=74.0, changed=614, unchanged=341, early_stops=8/8
26 - INFO - chord#: 152 In build_straw_man_chord_sa. tolerance = 1, sa_iterations = 1000, initial_temperature = 3.0, cooling_rate = 0.999
26 - INFO - chord#: 172 done. best_score=27.0, changed=517, unchanged=473, early_stops=8/8
26 - INFO - chord#: 176 In build_straw_man_chord_sa. tolerance = 1, sa_iterations = 1000, initial_temperature = 3.0, cooling_rate = 0.999
26 - INFO - chord#: 128 done. best_score=27.0, changed=520, unchanged=436, early_stops=8/8
26 - INFO - chord#: 132 In build_straw_man_chord_sa. tolerance = 1, sa_iterations = 1000, initial_temperature = 3.0, cooling_rate = 0.999
26 - INFO - chord#: 152 done. best_score=27.0, changed=522, unchanged=533, early_stops=8/8
26 - INFO - chord#: 154 In build_straw_man_chord_sa. tolerance = 1, sa_iterations = 1000, initial_temperature = 3.0, cooling_rate = 0.999
26 - INFO - chord#: 158 done. best_score=31.0, changed=534, unchanged=467, early_stops=8/8
26 - INFO - chord#: 160 In build_straw_man_chord_sa. tolerance = 1, sa_iterations = 1000, initial_temperature = 3.0, cooling_rate = 0.999
26 - INFO - chord#: 164 done. best_score=27.0, changed=520, unchanged=519, early_stops=8/8
26 - INFO - chord#: 172 In build_straw_man_chord_sa. tolerance = 1, sa_iterations = 1000, initial_temperature = 3.0, cooling_rate = 0.999
26 - INFO - chord#: 136 done. best_score=27.0, changed=527, unchanged=340, early_stops=8/8
26 - INFO - chord#: 140 In build_straw_man_chord_sa. tolerance = 1, sa_iterations = 1000, initial_temperature = 3.0, cooling_rate = 0.999
26 - INFO - chord#: 136 done. best_score=27.0, changed=518, unchanged=313, early_stops=8/8
26 - INFO - chord#: 140 In build_straw_man_chord_sa. tolerance = 1, sa_iterations = 1000, initial_temperature = 3.0, cooling_rate = 0.999
26 - INFO - chord#: 152 done. best_score=27.0, changed=513, unchanged=351, early_stops=8/8
26 - INFO - chord#: 154 In build_straw_man_chord_sa. tolerance = 1, sa_iterations = 1000, initial_temperature = 3.0, cooling_rate = 0.999
26 - INFO - chord#: 172 done. best_score=27.0, changed=524, unchanged=377, early_stops=8/8
26 - INFO - chord#: 176 In build_straw_man_chord_sa. tolerance = 1, sa_iterations = 1000, initial_temperature = 3.0, cooling_rate = 0.999
26 - INFO - chord#: 172 done. best_score=27.0, changed=531, unchanged=465, early_stops=8/8
26 - INFO - chord#: 176 In build_straw_man_chord_sa. tolerance = 1, sa_iterations = 1000, initial_temperature = 3.0, cooling_rate = 0.999
26 - INFO - chord#: 176 done. best_score=36.0, changed=524, unchanged=399, early_stops=8/8
26 - INFO - chord#: 178 In build_straw_man_chord_sa. tolerance = 1, sa_iterations = 1000, initial_temperature = 3.0, cooling_rate = 0.999
26 - INFO - chord#: 132 done. best_score=27.0, changed=523, unchanged=353, early_stops=8/8
26 - INFO - chord#: 136 In build_straw_man_chord_sa. tolerance = 1, sa_iterations = 1000, initial_temperature = 3.0, cooling_rate = 0.999
26 - INFO - chord#: 172 done. best_score=27.0, changed=522, unchanged=334, early_stops=8/8
26 - INFO - chord#: 176 In build_straw_man_chord_sa. tolerance = 1, sa_iterations = 1000, initial_temperature = 3.0, cooling_rate = 0.999
26 - INFO - chord#: 178 done. best_score=61.0, changed=534, unchanged=308, early_stops=8/8
26 - INFO - chord#: 180 In build_straw_man_chord_sa. tolerance = 1, sa_iterations = 1000, initial_temperature = 3.0, cooling_rate = 0.999
26 - INFO - chord#: 176 done. best_score=36.0, changed=522, unchanged=412, early_stops=8/8
26 - INFO - chord#: 178 In build_straw_man_chord_sa. tolerance = 1, sa_iterations = 1000, initial_temperature = 3.0, cooling_rate = 0.999
26 - INFO - chord#: 154 done. best_score=74.0, changed=608, unchanged=235, early_stops=8/8
26 - INFO - chord#: 156 In build_straw_man_chord_sa. tolerance = 1, sa_iterations = 1000, initial_temperature = 3.0, cooling_rate = 0.999
26 - INFO - chord#: 140 done. best_score=64.0, changed=614, unchanged=227, early_stops=8/8
26 - INFO - chord#: 144 In build_straw_man_chord_sa. tolerance = 1, sa_iterations = 1000, initial_temperature = 3.0, cooling_rate = 0.999
26 - INFO - chord#: 136 done. best_score=27.0, changed=529, unchanged=332, early_stops=8/8
26 - INFO - chord#: 140 In build_straw_man_chord_sa. tolerance = 1, sa_iterations = 1000, initial_temperature = 3.0, cooling_rate = 0.999
26 - INFO - chord#: 176 done. best_score=36.0, changed=529, unchanged=511, early_stops=8/8
26 - INFO - chord#: 178 In build_straw_man_chord_sa. tolerance = 1, sa_iterations = 1000, initial_temperature = 3.0, cooling_rate = 0.999
26 - INFO - chord#: 154 done. best_score=150.0, changed=604, unchanged=206, early_stops=8/8
26 - INFO - chord#: 156 In build_straw_man_chord_sa. tolerance = 1, sa_iterations = 1000, initial_temperature = 3.0, cooling_rate = 0.999
26 - INFO - chord#: 154 done. best_score=74.0, changed=609, unchanged=367, early_stops=8/8
26 - INFO - chord#: 156 In build_straw_man_chord_sa. tolerance = 1, sa_iterations = 1000, initial_temperature = 3.0, cooling_rate = 0.999
26 - INFO - chord#: 176 done. best_score=36.0, changed=522, unchanged=386, early_stops=8/8
26 - INFO - chord#: 178 In build_straw_man_chord_sa. tolerance = 1, sa_iterations = 1000, initial_temperature = 3.0, cooling_rate = 0.999
26 - INFO - chord#: 178 done. best_score=61.0, changed=532, unchanged=324, early_stops=8/8
26 - INFO - chord#: 180 In build_straw_man_chord_sa. tolerance = 1, sa_iterations = 1000, initial_temperature = 3.0, cooling_rate = 0.999
26 - INFO - chord#: 178 done. best_score=61.0, changed=529, unchanged=303, early_stops=8/8
26 - INFO - chord#: 180 In build_straw_man_chord_sa. tolerance = 1, sa_iterations = 1000, initial_temperature = 3.0, cooling_rate = 0.999
26 - INFO - chord#: 160 done. best_score=93.0, changed=610, unchanged=307, early_stops=8/8
26 - INFO - chord#: 162 In build_straw_man_chord_sa. tolerance = 1, sa_iterations = 1000, initial_temperature = 3.0, cooling_rate = 0.999
26 - INFO - chord#: 140 done. best_score=71.0, changed=612, unchanged=310, early_stops=8/8
26 - INFO - chord#: 144 In build_straw_man_chord_sa. tolerance = 1, sa_iterations = 1000, initial_temperature = 3.0, cooling_rate = 0.999
26 - INFO - chord#: 156 done. best_score=27.0, changed=515, unchanged=389, early_stops=8/8
26 - INFO - chord#: 158 In build_straw_man_chord_sa. tolerance = 1, sa_iterations = 1000, initial_temperature = 3.0, cooling_rate = 0.999
26 - INFO - chord#: 140 done. best_score=104.0, changed=612, unchanged=325, early_stops=8/8
26 - INFO - chord#: 144 In build_straw_man_chord_sa. tolerance = 1, sa_iterations = 1000, initial_temperature = 3.0, cooling_rate = 0.999
26 - INFO - chord#: 144 done. best_score=27.0, changed=517, unchanged=473, early_stops=8/8
26 - INFO - chord#: 148 In build_straw_man_chord_sa. tolerance = 1, sa_iterations = 1000, initial_temperature = 3.0, cooling_rate = 0.999
26 - INFO - chord#: 156 done. best_score=27.0, changed=508, unchanged=328, early_stops=8/8
26 - INFO - chord#: 158 In build_straw_man_chord_sa. tolerance = 1, sa_iterations = 1000, initial_temperature = 3.0, cooling_rate = 0.999
26 - INFO - chord#: 156 done. best_score=27.0, changed=533, unchanged=534, early_stops=8/8
26 - INFO - chord#: 158 In build_straw_man_chord_sa. tolerance = 1, sa_iterations = 1000, initial_temperature = 3.0, cooling_rate = 0.999
26 - INFO - chord#: 180 done. best_score=175.0, changed=607, unchanged=210, early_stops=8/8
26 - INFO - chord#: 182 In build_straw_man_chord_sa. tolerance = 1, sa_iterations = 1000, initial_temperature = 3.0, cooling_rate = 0.999
26 - INFO - chord#: 178 done. best_score=61.0, changed=526, unchanged=398, early_stops=8/8
26 - INFO - chord#: 180 In build_straw_man_chord_sa. tolerance = 1, sa_iterations = 1000, initial_temperature = 3.0, cooling_rate = 0.999
26 - INFO - chord#: 158 done. best_score=31.0, changed=526, unchanged=371, early_stops=8/8
26 - INFO - chord#: 160 In build_straw_man_chord_sa. tolerance = 1, sa_iterations = 1000, initial_temperature = 3.0, cooling_rate = 0.999
26 - INFO - chord#: 158 done. best_score=31.0, changed=521, unchanged=349, early_stops=8/8
26 - INFO - chord#: 160 In build_straw_man_chord_sa. tolerance = 1, sa_iterations = 1000, initial_temperature = 3.0, cooling_rate = 0.999
26 - INFO - chord#: 158 done. best_score=31.0, changed=525, unchanged=362, early_stops=8/8
26 - INFO - chord#: 160 In build_straw_man_chord_sa. tolerance = 1, sa_iterations = 1000, initial_temperature = 3.0, cooling_rate = 0.999
26 - INFO - chord#: 144 done. best_score=27.0, changed=519, unchanged=399, early_stops=8/8
26 - INFO - chord#: 148 In build_straw_man_chord_sa. tolerance = 1, sa_iterations = 1000, initial_temperature = 3.0, cooling_rate = 0.999
26 - INFO - chord#: 182 done. best_score=36.0, changed=520, unchanged=394, early_stops=8/8
26 - INFO - chord#: 184 In build_straw_man_chord_sa. tolerance = 1, sa_iterations = 1000, initial_temperature = 3.0, cooling_rate = 0.999
26 - INFO - chord#: 180 done. best_score=161.0, changed=609, unchanged=222, early_stops=8/8
26 - INFO - chord#: 182 In build_straw_man_chord_sa. tolerance = 1, sa_iterations = 1000, initial_temperature = 3.0, cooling_rate = 0.999
26 - INFO - chord#: 144 done. best_score=27.0, changed=520, unchanged=483, early_stops=8/8
26 - INFO - chord#: 148 In build_straw_man_chord_sa. tolerance = 1, sa_iterations = 1000, initial_temperature = 3.0, cooling_rate = 0.999
26 - INFO - chord#: 140 done. best_score=71.0, changed=611, unchanged=365, early_stops=8/8
26 - INFO - chord#: 144 In build_straw_man_chord_sa. tolerance = 1, sa_iterations = 1000, initial_temperature = 3.0, cooling_rate = 0.999
26 - INFO - chord#: 180 done. best_score=78.0, changed=616, unchanged=321, early_stops=8/8
26 - INFO - chord#: 182 In build_straw_man_chord_sa. tolerance = 1, sa_iterations = 1000, initial_temperature = 3.0, cooling_rate = 0.999
26 - INFO - chord#: 162 done. best_score=78.0, changed=609, unchanged=216, early_stops=8/8
26 - INFO - chord#: 164 In build_straw_man_chord_sa. tolerance = 1, sa_iterations = 1000, initial_temperature = 3.0, cooling_rate = 0.999
26 - INFO - chord#: 148 done. best_score=74.0, changed=605, unchanged=225, early_stops=8/8
26 - INFO - chord#: 152 In build_straw_man_chord_sa. tolerance = 1, sa_iterations = 1000, initial_temperature = 3.0, cooling_rate = 0.999
26 - INFO - chord#: 182 done. best_score=36.0, changed=525, unchanged=364, early_stops=8/8
26 - INFO - chord#: 184 In build_straw_man_chord_sa. tolerance = 1, sa_iterations = 1000, initial_temperature = 3.0, cooling_rate = 0.999
26 - INFO - chord#: 180 done. best_score=67.0, changed=611, unchanged=304, early_stops=8/8
26 - INFO - chord#: 182 In build_straw_man_chord_sa. tolerance = 1, sa_iterations = 1000, initial_temperature = 3.0, cooling_rate = 0.999
26 - INFO - chord#: 184 done. best_score=27.0, changed=528, unchanged=573, early_stops=8/8
26 - INFO - chord#: 188 In build_straw_man_chord_sa. tolerance = 1, sa_iterations = 1000, initial_temperature = 3.0, cooling_rate = 0.999
26 - INFO - chord#: 160 done. best_score=93.0, changed=611, unchanged=206, early_stops=8/8
26 - INFO - chord#: 162 In build_straw_man_chord_sa. tolerance = 1, sa_iterations = 1000, initial_temperature = 3.0, cooling_rate = 0.999
26 - INFO - chord#: 144 done. best_score=27.0, changed=527, unchanged=407, early_stops=8/8
26 - INFO - chord#: 148 In build_straw_man_chord_sa. tolerance = 1, sa_iterations = 1000, initial_temperature = 3.0, cooling_rate = 0.999
26 - INFO - chord#: 182 done. best_score=36.0, changed=521, unchanged=337, early_stops=8/8
26 - INFO - chord#: 184 In build_straw_man_chord_sa. tolerance = 1, sa_iterations = 1000, initial_temperature = 3.0, cooling_rate = 0.999
26 - INFO - chord#: 160 done. best_score=94.0, changed=614, unchanged=343, early_stops=8/8
26 - INFO - chord#: 162 In build_straw_man_chord_sa. tolerance = 1, sa_iterations = 1000, initial_temperature = 3.0, cooling_rate = 0.999
26 - INFO - chord#: 182 done. best_score=36.0, changed=513, unchanged=314, early_stops=8/8
26 - INFO - chord#: 184 In build_straw_man_chord_sa. tolerance = 1, sa_iterations = 1000, initial_temperature = 3.0, cooling_rate = 0.999
26 - INFO - chord#: 188 done. best_score=27.0, changed=523, unchanged=343, early_stops=8/8
26 - INFO - chord#: 192 In build_straw_man_chord_sa. tolerance = 1, sa_iterations = 1000, initial_temperature = 3.0, cooling_rate = 0.999
26 - INFO - chord#: 164 done. best_score=27.0, changed=533, unchanged=490, early_stops=8/8
26 - INFO - chord#: 172 In build_straw_man_chord_sa. tolerance = 1, sa_iterations = 1000, initial_temperature = 3.0, cooling_rate = 0.999
26 - INFO - chord#: 184 done. best_score=27.0, changed=522, unchanged=509, early_stops=8/8
26 - INFO - chord#: 188 In build_straw_man_chord_sa. tolerance = 1, sa_iterations = 1000, initial_temperature = 3.0, cooling_rate = 0.999
26 - INFO - chord#: 148 done. best_score=74.0, changed=607, unchanged=217, early_stops=8/8
26 - INFO - chord#: 152 In build_straw_man_chord_sa. tolerance = 1, sa_iterations = 1000, initial_temperature = 3.0, cooling_rate = 0.999
26 - INFO - chord#: 152 done. best_score=27.0, changed=525, unchanged=548, early_stops=8/8
26 - INFO - chord#: 154 In build_straw_man_chord_sa. tolerance = 1, sa_iterations = 1000, initial_temperature = 3.0, cooling_rate = 0.999
26 - INFO - chord#: 160 done. best_score=94.0, changed=610, unchanged=283, early_stops=8/8
26 - INFO - chord#: 162 In build_straw_man_chord_sa. tolerance = 1, sa_iterations = 1000, initial_temperature = 3.0, cooling_rate = 0.999
26 - INFO - chord#: 184 done. best_score=27.0, changed=518, unchanged=461, early_stops=8/8
26 - INFO - chord#: 188 In build_straw_man_chord_sa. tolerance = 1, sa_iterations = 1000, initial_temperature = 3.0, cooling_rate = 0.999
26 - INFO - chord#: 148 done. best_score=74.0, changed=607, unchanged=331, early_stops=8/8
26 - INFO - chord#: 152 In build_straw_man_chord_sa. tolerance = 1, sa_iterations = 1000, initial_temperature = 3.0, cooling_rate = 0.999
26 - INFO - chord#: 188 done. best_score=27.0, changed=528, unchanged=374, early_stops=8/8
26 - INFO - chord#: 192 In build_straw_man_chord_sa. tolerance = 1, sa_iterations = 1000, initial_temperature = 3.0, cooling_rate = 0.999
26 - INFO - chord#: 192 done. best_score=59.0, changed=510, unchanged=340, early_stops=8/8
26 - INFO - chord#: 194 In build_straw_man_chord_sa. tolerance = 1, sa_iterations = 1000, initial_temperature = 3.0, cooling_rate = 0.999
26 - INFO - chord#: 184 done. best_score=27.0, changed=525, unchanged=562, early_stops=8/8
26 - INFO - chord#: 188 In build_straw_man_chord_sa. tolerance = 1, sa_iterations = 1000, initial_temperature = 3.0, cooling_rate = 0.999
26 - INFO - chord#: 162 done. best_score=78.0, changed=613, unchanged=305, early_stops=8/8
26 - INFO - chord#: 164 In build_straw_man_chord_sa. tolerance = 1, sa_iterations = 1000, initial_temperature = 3.0, cooling_rate = 0.999
26 - INFO - chord#: 172 done. best_score=27.0, changed=521, unchanged=471, early_stops=8/8
26 - INFO - chord#: 176 In build_straw_man_chord_sa. tolerance = 1, sa_iterations = 1000, initial_temperature = 3.0, cooling_rate = 0.999
26 - INFO - chord#: 188 done. best_score=27.0, changed=518, unchanged=347, early_stops=8/8
26 - INFO - chord#: 192 In build_straw_man_chord_sa. tolerance = 1, sa_iterations = 1000, initial_temperature = 3.0, cooling_rate = 0.999
26 - INFO - chord#: 152 done. best_score=27.0, changed=531, unchanged=543, early_stops=8/8
26 - INFO - chord#: 154 In build_straw_man_chord_sa. tolerance = 1, sa_iterations = 1000, initial_temperature = 3.0, cooling_rate = 0.999
26 - INFO - chord#: 188 done. best_score=27.0, changed=523, unchanged=368, early_stops=8/8
26 - INFO - chord#: 192 In build_straw_man_chord_sa. tolerance = 1, sa_iterations = 1000, initial_temperature = 3.0, cooling_rate = 0.999
26 - INFO - chord#: 162 done. best_score=67.0, changed=613, unchanged=324, early_stops=8/8
26 - INFO - chord#: 164 In build_straw_man_chord_sa. tolerance = 1, sa_iterations = 1000, initial_temperature = 3.0, cooling_rate = 0.999
26 - INFO - chord#: 148 done. best_score=96.0, changed=610, unchanged=294, early_stops=8/8
26 - INFO - chord#: 152 In build_straw_man_chord_sa. tolerance = 1, sa_iterations = 1000, initial_temperature = 3.0, cooling_rate = 0.999
26 - INFO - chord#: 152 done. best_score=27.0, changed=526, unchanged=474, early_stops=8/8
26 - INFO - chord#: 154 In build_straw_man_chord_sa. tolerance = 1, sa_iterations = 1000, initial_temperature = 3.0, cooling_rate = 0.999
26 - INFO - chord#: 194 done. best_score=55.0, changed=519, unchanged=443, early_stops=8/8
26 - INFO - chord#: 196 In build_straw_man_chord_sa. tolerance = 1, sa_iterations = 1000, initial_temperature = 3.0, cooling_rate = 0.999
26 - INFO - chord#: 192 done. best_score=59.0, changed=539, unchanged=698, early_stops=8/8
26 - INFO - chord#: 194 In build_straw_man_chord_sa. tolerance = 1, sa_iterations = 1000, initial_temperature = 3.0, cooling_rate = 0.999
26 - INFO - chord#: 164 done. best_score=27.0, changed=516, unchanged=358, early_stops=8/8
26 - INFO - chord#: 172 In build_straw_man_chord_sa. tolerance = 1, sa_iterations = 1000, initial_temperature = 3.0, cooling_rate = 0.999
26 - INFO - chord#: 176 done. best_score=36.0, changed=522, unchanged=419, early_stops=8/8
26 - INFO - chord#: 178 In build_straw_man_chord_sa. tolerance = 1, sa_iterations = 1000, initial_temperature = 3.0, cooling_rate = 0.999
26 - INFO - chord#: 192 done. best_score=67.0, changed=529, unchanged=501, early_stops=8/8
26 - INFO - chord#: 194 In build_straw_man_chord_sa. tolerance = 1, sa_iterations = 1000, initial_temperature = 3.0, cooling_rate = 0.999
26 - INFO - chord#: 162 done. best_score=67.0, changed=607, unchanged=254, early_stops=8/8
26 - INFO - chord#: 164 In build_straw_man_chord_sa. tolerance = 1, sa_iterations = 1000, initial_temperature = 3.0, cooling_rate = 0.999
26 - INFO - chord#: 192 done. best_score=59.0, changed=516, unchanged=438, early_stops=8/8
26 - INFO - chord#: 194 In build_straw_man_chord_sa. tolerance = 1, sa_iterations = 1000, initial_temperature = 3.0, cooling_rate = 0.999
26 - INFO - chord#: 152 done. best_score=27.0, changed=513, unchanged=392, early_stops=8/8
26 - INFO - chord#: 154 In build_straw_man_chord_sa. tolerance = 1, sa_iterations = 1000, initial_temperature = 3.0, cooling_rate = 0.999
26 - INFO - chord#: 172 done. best_score=27.0, changed=530, unchanged=364, early_stops=8/8
26 - INFO - chord#: 176 In build_straw_man_chord_sa. tolerance = 1, sa_iterations = 1000, initial_temperature = 3.0, cooling_rate = 0.999
26 - INFO - chord#: 164 done. best_score=27.0, changed=516, unchanged=400, early_stops=8/8
26 - INFO - chord#: 172 In build_straw_man_chord_sa. tolerance = 1, sa_iterations = 1000, initial_temperature = 3.0, cooling_rate = 0.999
26 - INFO - chord#: 194 done. best_score=59.0, changed=521, unchanged=330, early_stops=8/8
26 - INFO - chord#: 196 In build_straw_man_chord_sa. tolerance = 1, sa_iterations = 1000, initial_temperature = 3.0, cooling_rate = 0.999
26 - INFO - chord#: 196 done. best_score=27.0, changed=533, unchanged=501, early_stops=8/8
26 - INFO - chord#: 198 In build_straw_man_chord_sa. tolerance = 1, sa_iterations = 1000, initial_temperature = 3.0, cooling_rate = 0.999
26 - INFO - chord#: 154 done. best_score=149.0, changed=611, unchanged=327, early_stops=8/8
26 - INFO - chord#: 156 In build_straw_man_chord_sa. tolerance = 1, sa_iterations = 1000, initial_temperature = 3.0, cooling_rate = 0.999
26 - INFO - chord#: 178 done. best_score=61.0, changed=533, unchanged=358, early_stops=8/8
26 - INFO - chord#: 180 In build_straw_man_chord_sa. tolerance = 1, sa_iterations = 1000, initial_temperature = 3.0, cooling_rate = 0.999
26 - INFO - chord#: 194 done. best_score=59.0, changed=519, unchanged=390, early_stops=8/8
26 - INFO - chord#: 196 In build_straw_man_chord_sa. tolerance = 1, sa_iterations = 1000, initial_temperature = 3.0, cooling_rate = 0.999
26 - INFO - chord#: 164 done. best_score=27.0, changed=514, unchanged=400, early_stops=8/8
26 - INFO - chord#: 172 In build_straw_man_chord_sa. tolerance = 1, sa_iterations = 1000, initial_temperature = 3.0, cooling_rate = 0.999
26 - INFO - chord#: 196 done. best_score=27.0, changed=522, unchanged=339, early_stops=8/8
26 - INFO - chord#: 198 In build_straw_man_chord_sa. tolerance = 1, sa_iterations = 1000, initial_temperature = 3.0, cooling_rate = 0.999
26 - INFO - chord#: 194 done. best_score=55.0, changed=519, unchanged=409, early_stops=8/8
26 - INFO - chord#: 196 In build_straw_man_chord_sa. tolerance = 1, sa_iterations = 1000, initial_temperature = 3.0, cooling_rate = 0.999
26 - INFO - chord#: 176 done. best_score=36.0, changed=525, unchanged=603, early_stops=8/8
26 - INFO - chord#: 178 In build_straw_man_chord_sa. tolerance = 1, sa_iterations = 1000, initial_temperature = 3.0, cooling_rate = 0.999
26 - INFO - chord#: 172 done. best_score=27.0, changed=520, unchanged=370, early_stops=8/8
26 - INFO - chord#: 176 In build_straw_man_chord_sa. tolerance = 1, sa_iterations = 1000, initial_temperature = 3.0, cooling_rate = 0.999
26 - INFO - chord#: 154 done. best_score=141.0, changed=616, unchanged=270, early_stops=8/8
26 - INFO - chord#: 156 In build_straw_man_chord_sa. tolerance = 1, sa_iterations = 1000, initial_temperature = 3.0, cooling_rate = 0.999
26 - INFO - chord#: 196 done. best_score=27.0, changed=517, unchanged=339, early_stops=8/8
26 - INFO - chord#: 198 In build_straw_man_chord_sa. tolerance = 1, sa_iterations = 1000, initial_temperature = 3.0, cooling_rate = 0.999
26 - INFO - chord#: 156 done. best_score=27.0, changed=517, unchanged=476, early_stops=8/8
26 - INFO - chord#: 158 In build_straw_man_chord_sa. tolerance = 1, sa_iterations = 1000, initial_temperature = 3.0, cooling_rate = 0.999
26 - INFO - chord#: 196 done. best_score=27.0, changed=527, unchanged=374, early_stops=8/8
26 - INFO - chord#: 198 In build_straw_man_chord_sa. tolerance = 1, sa_iterations = 1000, initial_temperature = 3.0, cooling_rate = 0.999
26 - INFO - chord#: 178 done. best_score=61.0, changed=529, unchanged=318, early_stops=8/8
26 - INFO - chord#: 180 In build_straw_man_chord_sa. tolerance = 1, sa_iterations = 1000, initial_temperature = 3.0, cooling_rate = 0.999
26 - INFO - chord#: 154 done. best_score=121.0, changed=619, unchanged=535, early_stops=8/8
26 - INFO - chord#: 156 In build_straw_man_chord_sa. tolerance = 1, sa_iterations = 1000, initial_temperature = 3.0, cooling_rate = 0.999
26 - INFO - chord#: 172 done. best_score=27.0, changed=519, unchanged=498, early_stops=8/8
26 - INFO - chord#: 176 In build_straw_man_chord_sa. tolerance = 1, sa_iterations = 1000, initial_temperature = 3.0, cooling_rate = 0.999
26 - INFO - chord#: 198 done. best_score=78.0, changed=609, unchanged=308, early_stops=8/8
26 - INFO - chord#: 200 In build_straw_man_chord_sa. tolerance = 1, sa_iterations = 1000, initial_temperature = 3.0, cooling_rate = 0.999
26 - INFO - chord#: 154 done. best_score=149.0, changed=604, unchanged=243, early_stops=8/8
26 - INFO - chord#: 156 In build_straw_man_chord_sa. tolerance = 1, sa_iterations = 1000, initial_temperature = 3.0, cooling_rate = 0.999
26 - INFO - chord#: 180 done. best_score=78.0, changed=612, unchanged=269, early_stops=8/8
26 - INFO - chord#: 182 In build_straw_man_chord_sa. tolerance = 1, sa_iterations = 1000, initial_temperature = 3.0, cooling_rate = 0.999
26 - INFO - chord#: 156 done. best_score=27.0, changed=519, unchanged=398, early_stops=8/8
26 - INFO - chord#: 158 In build_straw_man_chord_sa. tolerance = 1, sa_iterations = 1000, initial_temperature = 3.0, cooling_rate = 0.999
26 - INFO - chord#: 176 done. best_score=36.0, changed=519, unchanged=357, early_stops=8/8
26 - INFO - chord#: 178 In build_straw_man_chord_sa. tolerance = 1, sa_iterations = 1000, initial_temperature = 3.0, cooling_rate = 0.999
26 - INFO - chord#: 158 done. best_score=31.0, changed=522, unchanged=355, early_stops=8/8
26 - INFO - chord#: 160 In build_straw_man_chord_sa. tolerance = 1, sa_iterations = 1000, initial_temperature = 3.0, cooling_rate = 0.999
26 - INFO - chord#: 200 done. best_score=27.0, changed=519, unchanged=416, early_stops=8/8
26 - INFO - chord#: 204 In build_straw_man_chord_sa. tolerance = 1, sa_iterations = 1000, initial_temperature = 3.0, cooling_rate = 0.999
26 - INFO - chord#: 198 done. best_score=119.0, changed=607, unchanged=269, early_stops=8/8
26 - INFO - chord#: 200 In build_straw_man_chord_sa. tolerance = 1, sa_iterations = 1000, initial_temperature = 3.0, cooling_rate = 0.999
26 - INFO - chord#: 198 done. best_score=119.0, changed=620, unchanged=424, early_stops=8/8
26 - INFO - chord#: 200 In build_straw_man_chord_sa. tolerance = 1, sa_iterations = 1000, initial_temperature = 3.0, cooling_rate = 0.999
26 - INFO - chord#: 182 done. best_score=36.0, changed=521, unchanged=410, early_stops=8/8
26 - INFO - chord#: 184 In build_straw_man_chord_sa. tolerance = 1, sa_iterations = 1000, initial_temperature = 3.0, cooling_rate = 0.999
26 - INFO - chord#: 156 done. best_score=27.0, changed=530, unchanged=450, early_stops=8/8
26 - INFO - chord#: 158 In build_straw_man_chord_sa. tolerance = 1, sa_iterations = 1000, initial_temperature = 3.0, cooling_rate = 0.999
26 - INFO - chord#: 156 done. best_score=27.0, changed=523, unchanged=499, early_stops=8/8
26 - INFO - chord#: 158 In build_straw_man_chord_sa. tolerance = 1, sa_iterations = 1000, initial_temperature = 3.0, cooling_rate = 0.999
26 - INFO - chord#: 158 done. best_score=31.0, changed=523, unchanged=403, early_stops=8/8
26 - INFO - chord#: 160 In build_straw_man_chord_sa. tolerance = 1, sa_iterations = 1000, initial_temperature = 3.0, cooling_rate = 0.999
26 - INFO - chord#: 178 done. best_score=61.0, changed=537, unchanged=307, early_stops=8/8
26 - INFO - chord#: 180 In build_straw_man_chord_sa. tolerance = 1, sa_iterations = 1000, initial_temperature = 3.0, cooling_rate = 0.999
26 - INFO - chord#: 176 done. best_score=36.0, changed=519, unchanged=457, early_stops=8/8
26 - INFO - chord#: 178 In build_straw_man_chord_sa. tolerance = 1, sa_iterations = 1000, initial_temperature = 3.0, cooling_rate = 0.999
26 - INFO - chord#: 204 done. best_score=27.0, changed=523, unchanged=376, early_stops=8/8
26 - INFO - chord#: 206 In build_straw_man_chord_sa. tolerance = 1, sa_iterations = 1000, initial_temperature = 3.0, cooling_rate = 0.999
26 - INFO - chord#: 198 done. best_score=78.0, changed=614, unchanged=364, early_stops=8/8
26 - INFO - chord#: 200 In build_straw_man_chord_sa. tolerance = 1, sa_iterations = 1000, initial_temperature = 3.0, cooling_rate = 0.999
26 - INFO - chord#: 200 done. best_score=27.0, changed=518, unchanged=366, early_stops=8/8
26 - INFO - chord#: 204 In build_straw_man_chord_sa. tolerance = 1, sa_iterations = 1000, initial_temperature = 3.0, cooling_rate = 0.999
26 - INFO - chord#: 200 done. best_score=27.0, changed=520, unchanged=385, early_stops=8/8
26 - INFO - chord#: 204 In build_straw_man_chord_sa. tolerance = 1, sa_iterations = 1000, initial_temperature = 3.0, cooling_rate = 0.999
26 - INFO - chord#: 158 done. best_score=31.0, changed=524, unchanged=395, early_stops=8/8
26 - INFO - chord#: 160 In build_straw_man_chord_sa. tolerance = 1, sa_iterations = 1000, initial_temperature = 3.0, cooling_rate = 0.999
26 - INFO - chord#: 184 done. best_score=27.0, changed=523, unchanged=495, early_stops=8/8
26 - INFO - chord#: 188 In build_straw_man_chord_sa. tolerance = 1, sa_iterations = 1000, initial_temperature = 3.0, cooling_rate = 0.999
26 - INFO - chord#: 180 done. best_score=119.0, changed=615, unchanged=424, early_stops=8/8
26 - INFO - chord#: 182 In build_straw_man_chord_sa. tolerance = 1, sa_iterations = 1000, initial_temperature = 3.0, cooling_rate = 0.999
26 - INFO - chord#: 158 done. best_score=31.0, changed=535, unchanged=382, early_stops=8/8
26 - INFO - chord#: 160 In build_straw_man_chord_sa. tolerance = 1, sa_iterations = 1000, initial_temperature = 3.0, cooling_rate = 0.999
26 - INFO - chord#: 178 done. best_score=61.0, changed=524, unchanged=324, early_stops=8/8
26 - INFO - chord#: 180 In build_straw_man_chord_sa. tolerance = 1, sa_iterations = 1000, initial_temperature = 3.0, cooling_rate = 0.999
26 - INFO - chord#: 200 done. best_score=27.0, changed=517, unchanged=395, early_stops=8/8
26 - INFO - chord#: 204 In build_straw_man_chord_sa. tolerance = 1, sa_iterations = 1000, initial_temperature = 3.0, cooling_rate = 0.999
26 - INFO - chord#: 204 done. best_score=27.0, changed=523, unchanged=476, early_stops=8/8
26 - INFO - chord#: 206 In build_straw_man_chord_sa. tolerance = 1, sa_iterations = 1000, initial_temperature = 3.0, cooling_rate = 0.999
26 - INFO - chord#: 204 done. best_score=27.0, changed=528, unchanged=454, early_stops=8/8
26 - INFO - chord#: 206 In build_straw_man_chord_sa. tolerance = 1, sa_iterations = 1000, initial_temperature = 3.0, cooling_rate = 0.999
26 - INFO - chord#: 188 done. best_score=27.0, changed=522, unchanged=494, early_stops=8/8
26 - INFO - chord#: 192 In build_straw_man_chord_sa. tolerance = 1, sa_iterations = 1000, initial_temperature = 3.0, cooling_rate = 0.999
26 - INFO - chord#: 182 done. best_score=36.0, changed=527, unchanged=390, early_stops=8/8
26 - INFO - chord#: 184 In build_straw_man_chord_sa. tolerance = 1, sa_iterations = 1000, initial_temperature = 3.0, cooling_rate = 0.999
26 - INFO - chord#: 160 done. best_score=93.0, changed=611, unchanged=418, early_stops=8/8
26 - INFO - chord#: 162 In build_straw_man_chord_sa. tolerance = 1, sa_iterations = 1000, initial_temperature = 3.0, cooling_rate = 0.999
26 - INFO - chord#: 206 done. best_score=90.0, changed=611, unchanged=231, early_stops=8/8
26 - INFO - chord#: 207 In build_straw_man_chord_sa. tolerance = 1, sa_iterations = 1000, initial_temperature = 3.0, cooling_rate = 0.999
26 - INFO - chord#: 204 done. best_score=27.0, changed=525, unchanged=555, early_stops=8/8
26 - INFO - chord#: 206 In build_straw_man_chord_sa. tolerance = 1, sa_iterations = 1000, initial_temperature = 3.0, cooling_rate = 0.999
26 - INFO - chord#: 160 done. best_score=93.0, changed=620, unchanged=347, early_stops=8/8
26 - INFO - chord#: 162 In build_straw_man_chord_sa. tolerance = 1, sa_iterations = 1000, initial_temperature = 3.0, cooling_rate = 0.999
26 - INFO - chord#: 192 done. best_score=59.0, changed=521, unchanged=438, early_stops=8/8
26 - INFO - chord#: 194 In build_straw_man_chord_sa. tolerance = 1, sa_iterations = 1000, initial_temperature = 3.0, cooling_rate = 0.999
26 - INFO - chord#: 180 done. best_score=78.0, changed=604, unchanged=201, early_stops=8/8
26 - INFO - chord#: 182 In build_straw_man_chord_sa. tolerance = 1, sa_iterations = 1000, initial_temperature = 3.0, cooling_rate = 0.999
26 - INFO - chord#: 180 done. best_score=67.0, changed=613, unchanged=436, early_stops=8/8
26 - INFO - chord#: 182 In build_straw_man_chord_sa. tolerance = 1, sa_iterations = 1000, initial_temperature = 3.0, cooling_rate = 0.999
26 - INFO - chord#: 207 done. best_score=27.0, changed=520, unchanged=326, early_stops=8/8
26 - INFO - chord#: 208 In build_straw_man_chord_sa. tolerance = 1, sa_iterations = 1000, initial_temperature = 3.0, cooling_rate = 0.999
26 - INFO - chord#: 184 done. best_score=27.0, changed=517, unchanged=461, early_stops=8/8
26 - INFO - chord#: 188 In build_straw_man_chord_sa. tolerance = 1, sa_iterations = 1000, initial_temperature = 3.0, cooling_rate = 0.999
26 - INFO - chord#: 160 done. best_score=93.0, changed=615, unchanged=466, early_stops=8/8
26 - INFO - chord#: 162 In build_straw_man_chord_sa. tolerance = 1, sa_iterations = 1000, initial_temperature = 3.0, cooling_rate = 0.999
26 - INFO - chord#: 206 done. best_score=124.0, changed=614, unchanged=305, early_stops=8/8
26 - INFO - chord#: 207 In build_straw_man_chord_sa. tolerance = 1, sa_iterations = 1000, initial_temperature = 3.0, cooling_rate = 0.999
26 - INFO - chord#: 206 done. best_score=97.0, changed=617, unchanged=333, early_stops=8/8
26 - INFO - chord#: 207 In build_straw_man_chord_sa. tolerance = 1, sa_iterations = 1000, initial_temperature = 3.0, cooling_rate = 0.999
26 - INFO - chord#: 182 done. best_score=36.0, changed=524, unchanged=360, early_stops=8/8
26 - INFO - chord#: 184 In build_straw_man_chord_sa. tolerance = 1, sa_iterations = 1000, initial_temperature = 3.0, cooling_rate = 0.999
26 - INFO - chord#: 160 done. best_score=96.0, changed=613, unchanged=422, early_stops=8/8
26 - INFO - chord#: 162 In build_straw_man_chord_sa. tolerance = 1, sa_iterations = 1000, initial_temperature = 3.0, cooling_rate = 0.999
26 - INFO - chord#: 194 done. best_score=59.0, changed=527, unchanged=533, early_stops=8/8
26 - INFO - chord#: 196 In build_straw_man_chord_sa. tolerance = 1, sa_iterations = 1000, initial_temperature = 3.0, cooling_rate = 0.999
26 - INFO - chord#: 182 done. best_score=36.0, changed=528, unchanged=364, early_stops=8/8
26 - INFO - chord#: 184 In build_straw_man_chord_sa. tolerance = 1, sa_iterations = 1000, initial_temperature = 3.0, cooling_rate = 0.999
26 - INFO - chord#: 162 done. best_score=96.0, changed=610, unchanged=290, early_stops=8/8
26 - INFO - chord#: 164 In build_straw_man_chord_sa. tolerance = 1, sa_iterations = 1000, initial_temperature = 3.0, cooling_rate = 0.999
26 - INFO - chord#: 188 done. best_score=27.0, changed=532, unchanged=473, early_stops=8/8
26 - INFO - chord#: 192 In build_straw_man_chord_sa. tolerance = 1, sa_iterations = 1000, initial_temperature = 3.0, cooling_rate = 0.999
26 - INFO - chord#: 207 done. best_score=27.0, changed=564, unchanged=363, early_stops=8/8
26 - INFO - chord#: 208 In build_straw_man_chord_sa. tolerance = 1, sa_iterations = 1000, initial_temperature = 3.0, cooling_rate = 0.999
26 - INFO - chord#: 207 done. best_score=27.0, changed=530, unchanged=303, early_stops=8/8
26 - INFO - chord#: 208 In build_straw_man_chord_sa. tolerance = 1, sa_iterations = 1000, initial_temperature = 3.0, cooling_rate = 0.999
26 - INFO - chord#: 184 done. best_score=27.0, changed=522, unchanged=442, early_stops=8/8
26 - INFO - chord#: 188 In build_straw_man_chord_sa. tolerance = 1, sa_iterations = 1000, initial_temperature = 3.0, cooling_rate = 0.999
26 - INFO - chord#: 206 done. best_score=108.0, changed=615, unchanged=340, early_stops=8/8
26 - INFO - chord#: 207 In build_straw_man_chord_sa. tolerance = 1, sa_iterations = 1000, initial_temperature = 3.0, cooling_rate = 0.999
26 - INFO - chord#: 196 done. best_score=27.0, changed=520, unchanged=419, early_stops=8/8
26 - INFO - chord#: 198 In build_straw_man_chord_sa. tolerance = 1, sa_iterations = 1000, initial_temperature = 3.0, cooling_rate = 0.999
26 - INFO - chord#: 208 done. best_score=93.0, changed=610, unchanged=322, early_stops=8/8
26 - INFO - chord#: 212 In build_straw_man_chord_sa. tolerance = 1, sa_iterations = 1000, initial_temperature = 3.0, cooling_rate = 0.999
26 - INFO - chord#: 162 done. best_score=96.0, changed=611, unchanged=398, early_stops=8/8
26 - INFO - chord#: 164 In build_straw_man_chord_sa. tolerance = 1, sa_iterations = 1000, initial_temperature = 3.0, cooling_rate = 0.999
26 - INFO - chord#: 184 done. best_score=27.0, changed=517, unchanged=420, early_stops=8/8
26 - INFO - chord#: 188 In build_straw_man_chord_sa. tolerance = 1, sa_iterations = 1000, initial_temperature = 3.0, cooling_rate = 0.999
26 - INFO - chord#: 164 done. best_score=27.0, changed=521, unchanged=437, early_stops=8/8
26 - INFO - chord#: 172 In build_straw_man_chord_sa. tolerance = 1, sa_iterations = 1000, initial_temperature = 3.0, cooling_rate = 0.999
26 - INFO - chord#: 207 done. best_score=27.0, changed=528, unchanged=355, early_stops=8/8
26 - INFO - chord#: 208 In build_straw_man_chord_sa. tolerance = 1, sa_iterations = 1000, initial_temperature = 3.0, cooling_rate = 0.999
26 - INFO - chord#: 188 done. best_score=27.0, changed=525, unchanged=480, early_stops=8/8
26 - INFO - chord#: 192 In build_straw_man_chord_sa. tolerance = 1, sa_iterations = 1000, initial_temperature = 3.0, cooling_rate = 0.999
26 - INFO - chord#: 192 done. best_score=59.0, changed=521, unchanged=437, early_stops=8/8
26 - INFO - chord#: 194 In build_straw_man_chord_sa. tolerance = 1, sa_iterations = 1000, initial_temperature = 3.0, cooling_rate = 0.999
26 - INFO - chord#: 212 done. best_score=27.0, changed=521, unchanged=300, early_stops=8/8
26 - INFO - chord#: 214 In build_straw_man_chord_sa. tolerance = 1, sa_iterations = 1000, initial_temperature = 3.0, cooling_rate = 0.999
26 - INFO - chord#: 162 done. best_score=78.0, changed=612, unchanged=415, early_stops=8/8
26 - INFO - chord#: 164 In build_straw_man_chord_sa. tolerance = 1, sa_iterations = 1000, initial_temperature = 3.0, cooling_rate = 0.999
26 - INFO - chord#: 208 done. best_score=93.0, changed=607, unchanged=245, early_stops=8/8
26 - INFO - chord#: 212 In build_straw_man_chord_sa. tolerance = 1, sa_iterations = 1000, initial_temperature = 3.0, cooling_rate = 0.999
26 - INFO - chord#: 188 done. best_score=27.0, changed=531, unchanged=380, early_stops=8/8
26 - INFO - chord#: 192 In build_straw_man_chord_sa. tolerance = 1, sa_iterations = 1000, initial_temperature = 3.0, cooling_rate = 0.999
26 - INFO - chord#: 162 done. best_score=67.0, changed=612, unchanged=403, early_stops=8/8
26 - INFO - chord#: 164 In build_straw_man_chord_sa. tolerance = 1, sa_iterations = 1000, initial_temperature = 3.0, cooling_rate = 0.999
26 - INFO - chord#: 164 done. best_score=27.0, changed=523, unchanged=538, early_stops=8/8
26 - INFO - chord#: 172 In build_straw_man_chord_sa. tolerance = 1, sa_iterations = 1000, initial_temperature = 3.0, cooling_rate = 0.999
26 - INFO - chord#: 172 done. best_score=27.0, changed=527, unchanged=489, early_stops=8/8
26 - INFO - chord#: 176 In build_straw_man_chord_sa. tolerance = 1, sa_iterations = 1000, initial_temperature = 3.0, cooling_rate = 0.999
26 - INFO - chord#: 192 done. best_score=59.0, changed=526, unchanged=408, early_stops=8/8
26 - INFO - chord#: 194 In build_straw_man_chord_sa. tolerance = 1, sa_iterations = 1000, initial_temperature = 3.0, cooling_rate = 0.999
26 - INFO - chord#: 208 done. best_score=105.0, changed=619, unchanged=414, early_stops=8/8
26 - INFO - chord#: 212 In build_straw_man_chord_sa. tolerance = 1, sa_iterations = 1000, initial_temperature = 3.0, cooling_rate = 0.999
26 - INFO - chord#: 198 done. best_score=181.0, changed=610, unchanged=301, early_stops=8/8
26 - INFO - chord#: 200 In build_straw_man_chord_sa. tolerance = 1, sa_iterations = 1000, initial_temperature = 3.0, cooling_rate = 0.999
26 - INFO - chord#: 194 done. best_score=59.0, changed=520, unchanged=394, early_stops=8/8
26 - INFO - chord#: 196 In build_straw_man_chord_sa. tolerance = 1, sa_iterations = 1000, initial_temperature = 3.0, cooling_rate = 0.999
26 - INFO - chord#: 212 done. best_score=27.0, changed=517, unchanged=439, early_stops=8/8
26 - INFO - chord#: 214 In build_straw_man_chord_sa. tolerance = 1, sa_iterations = 1000, initial_temperature = 3.0, cooling_rate = 0.999
26 - INFO - chord#: 164 done. best_score=27.0, changed=520, unchanged=396, early_stops=8/8
26 - INFO - chord#: 172 In build_straw_man_chord_sa. tolerance = 1, sa_iterations = 1000, initial_temperature = 3.0, cooling_rate = 0.999
26 - INFO - chord#: 164 done. best_score=27.0, changed=524, unchanged=415, early_stops=8/8
26 - INFO - chord#: 172 In build_straw_man_chord_sa. tolerance = 1, sa_iterations = 1000, initial_temperature = 3.0, cooling_rate = 0.999
26 - INFO - chord#: 212 done. best_score=27.0, changed=524, unchanged=331, early_stops=8/8
26 - INFO - chord#: 214 In build_straw_man_chord_sa. tolerance = 1, sa_iterations = 1000, initial_temperature = 3.0, cooling_rate = 0.999
26 - INFO - chord#: 192 done. best_score=59.0, changed=517, unchanged=390, early_stops=8/8
26 - INFO - chord#: 194 In build_straw_man_chord_sa. tolerance = 1, sa_iterations = 1000, initial_temperature = 3.0, cooling_rate = 0.999
26 - INFO - chord#: 194 done. best_score=59.0, changed=518, unchanged=359, early_stops=8/8
26 - INFO - chord#: 196 In build_straw_man_chord_sa. tolerance = 1, sa_iterations = 1000, initial_temperature = 3.0, cooling_rate = 0.999
26 - INFO - chord#: 214 done. best_score=93.0, changed=611, unchanged=307, early_stops=8/8
26 - INFO - chord#: 216 In build_straw_man_chord_sa. tolerance = 1, sa_iterations = 1000, initial_temperature = 3.0, cooling_rate = 0.999
26 - INFO - chord#: 172 done. best_score=27.0, changed=523, unchanged=417, early_stops=8/8
26 - INFO - chord#: 176 In build_straw_man_chord_sa. tolerance = 1, sa_iterations = 1000, initial_temperature = 3.0, cooling_rate = 0.999
26 - INFO - chord#: 208 done. best_score=111.0, changed=615, unchanged=404, early_stops=8/8
26 - INFO - chord#: 212 In build_straw_man_chord_sa. tolerance = 1, sa_iterations = 1000, initial_temperature = 3.0, cooling_rate = 0.999
26 - INFO - chord#: 200 done. best_score=27.0, changed=519, unchanged=374, early_stops=8/8
26 - INFO - chord#: 204 In build_straw_man_chord_sa. tolerance = 1, sa_iterations = 1000, initial_temperature = 3.0, cooling_rate = 0.999
26 - INFO - chord#: 176 done. best_score=36.0, changed=523, unchanged=399, early_stops=8/8
26 - INFO - chord#: 178 In build_straw_man_chord_sa. tolerance = 1, sa_iterations = 1000, initial_temperature = 3.0, cooling_rate = 0.999
26 - INFO - chord#: 196 done. best_score=27.0, changed=522, unchanged=396, early_stops=8/8
26 - INFO - chord#: 198 In build_straw_man_chord_sa. tolerance = 1, sa_iterations = 1000, initial_temperature = 3.0, cooling_rate = 0.999
26 - INFO - chord#: 216 done. best_score=27.0, changed=520, unchanged=356, early_stops=8/8
26 - INFO - chord#: 220 In build_straw_man_chord_sa. tolerance = 1, sa_iterations = 1000, initial_temperature = 3.0, cooling_rate = 0.999
26 - INFO - chord#: 172 done. best_score=27.0, changed=523, unchanged=504, early_stops=8/8
26 - INFO - chord#: 176 In build_straw_man_chord_sa. tolerance = 1, sa_iterations = 1000, initial_temperature = 3.0, cooling_rate = 0.999
26 - INFO - chord#: 212 done. best_score=27.0, changed=518, unchanged=341, early_stops=8/8
26 - INFO - chord#: 214 In build_straw_man_chord_sa. tolerance = 1, sa_iterations = 1000, initial_temperature = 3.0, cooling_rate = 0.999
26 - INFO - chord#: 172 done. best_score=27.0, changed=517, unchanged=354, early_stops=8/8
26 - INFO - chord#: 176 In build_straw_man_chord_sa. tolerance = 1, sa_iterations = 1000, initial_temperature = 3.0, cooling_rate = 0.999
26 - INFO - chord#: 196 done. best_score=27.0, changed=518, unchanged=334, early_stops=8/8
26 - INFO - chord#: 198 In build_straw_man_chord_sa. tolerance = 1, sa_iterations = 1000, initial_temperature = 3.0, cooling_rate = 0.999
26 - INFO - chord#: 214 done. best_score=94.0, changed=608, unchanged=239, early_stops=8/8
26 - INFO - chord#: 216 In build_straw_man_chord_sa. tolerance = 1, sa_iterations = 1000, initial_temperature = 3.0, cooling_rate = 0.999
26 - INFO - chord#: 176 done. best_score=36.0, changed=518, unchanged=368, early_stops=8/8
26 - INFO - chord#: 178 In build_straw_man_chord_sa. tolerance = 1, sa_iterations = 1000, initial_temperature = 3.0, cooling_rate = 0.999
26 - INFO - chord#: 178 done. best_score=61.0, changed=527, unchanged=288, early_stops=8/8
26 - INFO - chord#: 180 In build_straw_man_chord_sa. tolerance = 1, sa_iterations = 1000, initial_temperature = 3.0, cooling_rate = 0.999
26 - INFO - chord#: 194 done. best_score=59.0, changed=532, unchanged=432, early_stops=8/8
26 - INFO - chord#: 196 In build_straw_man_chord_sa. tolerance = 1, sa_iterations = 1000, initial_temperature = 3.0, cooling_rate = 0.999
26 - INFO - chord#: 204 done. best_score=27.0, changed=523, unchanged=579, early_stops=8/8
26 - INFO - chord#: 206 In build_straw_man_chord_sa. tolerance = 1, sa_iterations = 1000, initial_temperature = 3.0, cooling_rate = 0.999
26 - INFO - chord#: 214 done. best_score=96.0, changed=609, unchanged=325, early_stops=8/8
26 - INFO - chord#: 216 In build_straw_man_chord_sa. tolerance = 1, sa_iterations = 1000, initial_temperature = 3.0, cooling_rate = 0.999
26 - INFO - chord#: 216 done. best_score=27.0, changed=535, unchanged=444, early_stops=8/8
26 - INFO - chord#: 220 In build_straw_man_chord_sa. tolerance = 1, sa_iterations = 1000, initial_temperature = 3.0, cooling_rate = 0.999
26 - INFO - chord#: 178 done. best_score=61.0, changed=529, unchanged=296, early_stops=8/8
26 - INFO - chord#: 180 In build_straw_man_chord_sa. tolerance = 1, sa_iterations = 1000, initial_temperature = 3.0, cooling_rate = 0.999
26 - INFO - chord#: 176 done. best_score=36.0, changed=519, unchanged=368, early_stops=8/8
26 - INFO - chord#: 178 In build_straw_man_chord_sa. tolerance = 1, sa_iterations = 1000, initial_temperature = 3.0, cooling_rate = 0.999
26 - INFO - chord#: 176 done. best_score=36.0, changed=525, unchanged=547, early_stops=8/8
26 - INFO - chord#: 178 In build_straw_man_chord_sa. tolerance = 1, sa_iterations = 1000, initial_temperature = 3.0, cooling_rate = 0.999
26 - INFO - chord#: 196 done. best_score=27.0, changed=524, unchanged=378, early_stops=8/8
26 - INFO - chord#: 198 In build_straw_man_chord_sa. tolerance = 1, sa_iterations = 1000, initial_temperature = 3.0, cooling_rate = 0.999
26 - INFO - chord#: 214 done. best_score=94.0, changed=609, unchanged=259, early_stops=8/8
26 - INFO - chord#: 216 In build_straw_man_chord_sa. tolerance = 1, sa_iterations = 1000, initial_temperature = 3.0, cooling_rate = 0.999
26 - INFO - chord#: 198 done. best_score=161.0, changed=608, unchanged=262, early_stops=8/8
26 - INFO - chord#: 200 In build_straw_man_chord_sa. tolerance = 1, sa_iterations = 1000, initial_temperature = 3.0, cooling_rate = 0.999
26 - INFO - chord#: 216 done. best_score=27.0, changed=531, unchanged=521, early_stops=8/8
26 - INFO - chord#: 220 In build_straw_man_chord_sa. tolerance = 1, sa_iterations = 1000, initial_temperature = 3.0, cooling_rate = 0.999
26 - INFO - chord#: 220 done. best_score=67.0, changed=610, unchanged=296, early_stops=8/8
26 - INFO - chord#: 224 In build_straw_man_chord_sa. tolerance = 1, sa_iterations = 1000, initial_temperature = 3.0, cooling_rate = 0.999
26 - INFO - chord#: 224 done. best_score=9.0, changed=458, unchanged=394, early_stops=8/8
26 - INFO - chord#: 228 In build_straw_man_chord_sa. tolerance = 1, sa_iterations = 1000, initial_temperature = 3.0, cooling_rate = 0.999
26 - INFO - chord#: 178 done. best_score=61.0, changed=541, unchanged=340, early_stops=8/8
26 - INFO - chord#: 180 In build_straw_man_chord_sa. tolerance = 1, sa_iterations = 1000, initial_temperature = 3.0, cooling_rate = 0.999
26 - INFO - chord#: 198 done. best_score=78.0, changed=613, unchanged=494, early_stops=8/8
26 - INFO - chord#: 200 In build_straw_man_chord_sa. tolerance = 1, sa_iterations = 1000, initial_temperature = 3.0, cooling_rate = 0.999
26 - INFO - chord#: 216 done. best_score=27.0, changed=518, unchanged=374, early_stops=8/8
26 - INFO - chord#: 220 In build_straw_man_chord_sa. tolerance = 1, sa_iterations = 1000, initial_temperature = 3.0, cooling_rate = 0.999
26 - INFO - chord#: 178 done. best_score=61.0, changed=531, unchanged=320, early_stops=8/8
26 - INFO - chord#: 180 In build_straw_man_chord_sa. tolerance = 1, sa_iterations = 1000, initial_temperature = 3.0, cooling_rate = 0.999
26 - INFO - chord#: 206 done. best_score=90.0, changed=609, unchanged=209, early_stops=8/8
26 - INFO - chord#: 207 In build_straw_man_chord_sa. tolerance = 1, sa_iterations = 1000, initial_temperature = 3.0, cooling_rate = 0.999
26 - INFO - chord#: 200 done. best_score=27.0, changed=522, unchanged=366, early_stops=8/8
26 - INFO - chord#: 204 In build_straw_man_chord_sa. tolerance = 1, sa_iterations = 1000, initial_temperature = 3.0, cooling_rate = 0.999
26 - INFO - chord#: 228 done. best_score=27.0, changed=524, unchanged=365, early_stops=8/8
26 - INFO - chord#: 232 In build_straw_man_chord_sa. tolerance = 1, sa_iterations = 1000, initial_temperature = 3.0, cooling_rate = 0.999
26 - INFO - chord#: 180 done. best_score=96.0, changed=614, unchanged=248, early_stops=8/8
26 - INFO - chord#: 182 In build_straw_man_chord_sa. tolerance = 1, sa_iterations = 1000, initial_temperature = 3.0, cooling_rate = 0.999
26 - INFO - chord#: 220 done. best_score=67.0, changed=611, unchanged=311, early_stops=8/8
26 - INFO - chord#: 224 In build_straw_man_chord_sa. tolerance = 1, sa_iterations = 1000, initial_temperature = 3.0, cooling_rate = 0.999
26 - INFO - chord#: 200 done. best_score=27.0, changed=516, unchanged=338, early_stops=8/8
26 - INFO - chord#: 204 In build_straw_man_chord_sa. tolerance = 1, sa_iterations = 1000, initial_temperature = 3.0, cooling_rate = 0.999
26 - INFO - chord#: 180 done. best_score=67.0, changed=621, unchanged=526, early_stops=8/8
26 - INFO - chord#: 182 In build_straw_man_chord_sa. tolerance = 1, sa_iterations = 1000, initial_temperature = 3.0, cooling_rate = 0.999
26 - INFO - chord#: 224 done. best_score=9.0, changed=475, unchanged=405, early_stops=8/8
26 - INFO - chord#: 228 In build_straw_man_chord_sa. tolerance = 1, sa_iterations = 1000, initial_temperature = 3.0, cooling_rate = 0.999
26 - INFO - chord#: 207 done. best_score=27.0, changed=525, unchanged=378, early_stops=8/8
26 - INFO - chord#: 208 In build_straw_man_chord_sa. tolerance = 1, sa_iterations = 1000, initial_temperature = 3.0, cooling_rate = 0.999
26 - INFO - chord#: 220 done. best_score=137.0, changed=614, unchanged=321, early_stops=8/8
26 - INFO - chord#: 224 In build_straw_man_chord_sa. tolerance = 1, sa_iterations = 1000, initial_temperature = 3.0, cooling_rate = 0.999
26 - INFO - chord#: 182 done. best_score=36.0, changed=518, unchanged=409, early_stops=8/8
26 - INFO - chord#: 184 In build_straw_man_chord_sa. tolerance = 1, sa_iterations = 1000, initial_temperature = 3.0, cooling_rate = 0.999
26 - INFO - chord#: 224 done. best_score=9.0, changed=466, unchanged=372, early_stops=8/8
26 - INFO - chord#: 228 In build_straw_man_chord_sa. tolerance = 1, sa_iterations = 1000, initial_temperature = 3.0, cooling_rate = 0.999
26 - INFO - chord#: 198 done. best_score=78.0, changed=610, unchanged=327, early_stops=8/8
26 - INFO - chord#: 200 In build_straw_man_chord_sa. tolerance = 1, sa_iterations = 1000, initial_temperature = 3.0, cooling_rate = 0.999
26 - INFO - chord#: 204 done. best_score=27.0, changed=517, unchanged=475, early_stops=8/8
26 - INFO - chord#: 206 In build_straw_man_chord_sa. tolerance = 1, sa_iterations = 1000, initial_temperature = 3.0, cooling_rate = 0.999
26 - INFO - chord#: 228 done. best_score=27.0, changed=523, unchanged=331, early_stops=8/8
26 - INFO - chord#: 232 In build_straw_man_chord_sa. tolerance = 1, sa_iterations = 1000, initial_temperature = 3.0, cooling_rate = 0.999
26 - INFO - chord#: 204 done. best_score=27.0, changed=523, unchanged=472, early_stops=8/8
26 - INFO - chord#: 206 In build_straw_man_chord_sa. tolerance = 1, sa_iterations = 1000, initial_temperature = 3.0, cooling_rate = 0.999
26 - INFO - chord#: 182 done. best_score=36.0, changed=519, unchanged=329, early_stops=8/8
26 - INFO - chord#: 184 In build_straw_man_chord_sa. tolerance = 1, sa_iterations = 1000, initial_temperature = 3.0, cooling_rate = 0.999
26 - INFO - chord#: 228 done. best_score=27.0, changed=518, unchanged=340, early_stops=8/8
26 - INFO - chord#: 232 In build_straw_man_chord_sa. tolerance = 1, sa_iterations = 1000, initial_temperature = 3.0, cooling_rate = 0.999
26 - INFO - chord#: 180 done. best_score=157.0, changed=608, unchanged=261, early_stops=8/8
26 - INFO - chord#: 182 In build_straw_man_chord_sa. tolerance = 1, sa_iterations = 1000, initial_temperature = 3.0, cooling_rate = 0.999
26 - INFO - chord#: 220 done. best_score=67.0, changed=623, unchanged=426, early_stops=8/8
26 - INFO - chord#: 224 In build_straw_man_chord_sa. tolerance = 1, sa_iterations = 1000, initial_temperature = 3.0, cooling_rate = 0.999
26 - INFO - chord#: 180 done. best_score=67.0, changed=613, unchanged=396, early_stops=8/8
26 - INFO - chord#: 182 In build_straw_man_chord_sa. tolerance = 1, sa_iterations = 1000, initial_temperature = 3.0, cooling_rate = 0.999
26 - INFO - chord#: 232 done. best_score=67.0, changed=608, unchanged=261, early_stops=8/8
26 - INFO - chord#: 236 In build_straw_man_chord_sa. tolerance = 1, sa_iterations = 1000, initial_temperature = 3.0, cooling_rate = 0.999
26 - INFO - chord#: 184 done. best_score=27.0, changed=520, unchanged=397, early_stops=8/8
26 - INFO - chord#: 188 In build_straw_man_chord_sa. tolerance = 1, sa_iterations = 1000, initial_temperature = 3.0, cooling_rate = 0.999
26 - INFO - chord#: 224 done. best_score=9.0, changed=476, unchanged=400, early_stops=8/8
26 - INFO - chord#: 228 In build_straw_man_chord_sa. tolerance = 1, sa_iterations = 1000, initial_temperature = 3.0, cooling_rate = 0.999
26 - INFO - chord#: 200 done. best_score=27.0, changed=520, unchanged=409, early_stops=8/8
26 - INFO - chord#: 204 In build_straw_man_chord_sa. tolerance = 1, sa_iterations = 1000, initial_temperature = 3.0, cooling_rate = 0.999
26 - INFO - chord#: 184 done. best_score=27.0, changed=531, unchanged=479, early_stops=8/8
26 - INFO - chord#: 188 In build_straw_man_chord_sa. tolerance = 1, sa_iterations = 1000, initial_temperature = 3.0, cooling_rate = 0.999
26 - INFO - chord#: 188 done. best_score=27.0, changed=517, unchanged=378, early_stops=8/8
26 - INFO - chord#: 192 In build_straw_man_chord_sa. tolerance = 1, sa_iterations = 1000, initial_temperature = 3.0, cooling_rate = 0.999
26 - INFO - chord#: 236 done. best_score=36.0, changed=521, unchanged=379, early_stops=8/8
26 - INFO - chord#: 240 In build_straw_man_chord_sa. tolerance = 1, sa_iterations = 1000, initial_temperature = 3.0, cooling_rate = 0.999
26 - INFO - chord#: 228 done. best_score=27.0, changed=527, unchanged=456, early_stops=8/8
26 - INFO - chord#: 232 In build_straw_man_chord_sa. tolerance = 1, sa_iterations = 1000, initial_temperature = 3.0, cooling_rate = 0.999
26 - INFO - chord#: 240 done. best_score=11.0, changed=488, unchanged=342, early_stops=8/8
26 - INFO - chord#: 242 In build_straw_man_chord_sa. tolerance = 1, sa_iterations = 1000, initial_temperature = 3.0, cooling_rate = 0.999
26 - INFO - chord#: 182 done. best_score=36.0, changed=529, unchanged=387, early_stops=8/8
26 - INFO - chord#: 184 In build_straw_man_chord_sa. tolerance = 1, sa_iterations = 1000, initial_temperature = 3.0, cooling_rate = 0.999
26 - INFO - chord#: 182 done. best_score=36.0, changed=521, unchanged=473, early_stops=8/8
26 - INFO - chord#: 184 In build_straw_man_chord_sa. tolerance = 1, sa_iterations = 1000, initial_temperature = 3.0, cooling_rate = 0.999
26 - INFO - chord#: 208 done. best_score=93.0, changed=611, unchanged=327, early_stops=8/8
26 - INFO - chord#: 212 In build_straw_man_chord_sa. tolerance = 1, sa_iterations = 1000, initial_temperature = 3.0, cooling_rate = 0.999
26 - INFO - chord#: 206 done. best_score=90.0, changed=615, unchanged=368, early_stops=8/8
26 - INFO - chord#: 207 In build_straw_man_chord_sa. tolerance = 1, sa_iterations = 1000, initial_temperature = 3.0, cooling_rate = 0.999
26 - INFO - chord#: 232 done. best_score=67.0, changed=613, unchanged=345, early_stops=8/8
26 - INFO - chord#: 236 In build_straw_man_chord_sa. tolerance = 1, sa_iterations = 1000, initial_temperature = 3.0, cooling_rate = 0.999
26 - INFO - chord#: 188 done. best_score=27.0, changed=513, unchanged=333, early_stops=8/8
26 - INFO - chord#: 192 In build_straw_man_chord_sa. tolerance = 1, sa_iterations = 1000, initial_temperature = 3.0, cooling_rate = 0.999
26 - INFO - chord#: 204 done. best_score=27.0, changed=527, unchanged=510, early_stops=8/8
26 - INFO - chord#: 206 In build_straw_man_chord_sa. tolerance = 1, sa_iterations = 1000, initial_temperature = 3.0, cooling_rate = 0.999
26 - INFO - chord#: 206 done. best_score=90.0, changed=610, unchanged=322, early_stops=8/8
26 - INFO - chord#: 207 In build_straw_man_chord_sa. tolerance = 1, sa_iterations = 1000, initial_temperature = 3.0, cooling_rate = 0.999
26 - INFO - chord#: 192 done. best_score=59.0, changed=520, unchanged=454, early_stops=8/8
26 - INFO - chord#: 194 In build_straw_man_chord_sa. tolerance = 1, sa_iterations = 1000, initial_temperature = 3.0, cooling_rate = 0.999
26 - INFO - chord#: 232 done. best_score=67.0, changed=611, unchanged=361, early_stops=8/8
26 - INFO - chord#: 236 In build_straw_man_chord_sa. tolerance = 1, sa_iterations = 1000, initial_temperature = 3.0, cooling_rate = 0.999
26 - INFO - chord#: 184 done. best_score=27.0, changed=515, unchanged=373, early_stops=8/8
26 - INFO - chord#: 188 In build_straw_man_chord_sa. tolerance = 1, sa_iterations = 1000, initial_temperature = 3.0, cooling_rate = 0.999
26 - INFO - chord#: 212 done. best_score=27.0, changed=533, unchanged=389, early_stops=8/8
26 - INFO - chord#: 214 In build_straw_man_chord_sa. tolerance = 1, sa_iterations = 1000, initial_temperature = 3.0, cooling_rate = 0.999
26 - INFO - chord#: 207 done. best_score=27.0, changed=536, unchanged=372, early_stops=8/8
26 - INFO - chord#: 208 In build_straw_man_chord_sa. tolerance = 1, sa_iterations = 1000, initial_temperature = 3.0, cooling_rate = 0.999
26 - INFO - chord#: 236 done. best_score=36.0, changed=520, unchanged=428, early_stops=8/8
26 - INFO - chord#: 240 In build_straw_man_chord_sa. tolerance = 1, sa_iterations = 1000, initial_temperature = 3.0, cooling_rate = 0.999
26 - INFO - chord#: 184 done. best_score=27.0, changed=527, unchanged=597, early_stops=8/8
26 - INFO - chord#: 188 In build_straw_man_chord_sa. tolerance = 1, sa_iterations = 1000, initial_temperature = 3.0, cooling_rate = 0.999
26 - INFO - chord#: 240 done. best_score=11.0, changed=487, unchanged=363, early_stops=8/8
26 - INFO - chord#: 242 In build_straw_man_chord_sa. tolerance = 1, sa_iterations = 1000, initial_temperature = 3.0, cooling_rate = 0.999
26 - INFO - chord#: 192 done. best_score=59.0, changed=526, unchanged=464, early_stops=8/8
26 - INFO - chord#: 194 In build_straw_man_chord_sa. tolerance = 1, sa_iterations = 1000, initial_temperature = 3.0, cooling_rate = 0.999
26 - INFO - chord#: 207 done. best_score=27.0, changed=525, unchanged=368, early_stops=8/8
26 - INFO - chord#: 208 In build_straw_man_chord_sa. tolerance = 1, sa_iterations = 1000, initial_temperature = 3.0, cooling_rate = 0.999
26 - INFO - chord#: 194 done. best_score=55.0, changed=532, unchanged=568, early_stops=8/8
26 - INFO - chord#: 196 In build_straw_man_chord_sa. tolerance = 1, sa_iterations = 1000, initial_temperature = 3.0, cooling_rate = 0.999
26 - INFO - chord#: 236 done. best_score=36.0, changed=513, unchanged=430, early_stops=8/8
26 - INFO - chord#: 240 In build_straw_man_chord_sa. tolerance = 1, sa_iterations = 1000, initial_temperature = 3.0, cooling_rate = 0.999
26 - INFO - chord#: 242 done. best_score=141.0, changed=616, unchanged=302, early_stops=8/8
26 - INFO - chord#: 244 In build_straw_man_chord_sa. tolerance = 1, sa_iterations = 1000, initial_temperature = 3.0, cooling_rate = 0.999
26 - INFO - chord#: 188 done. best_score=27.0, changed=527, unchanged=446, early_stops=8/8
26 - INFO - chord#: 232 done. best_score=67.0, changed=616, unchanged=322, early_stops=8/8
26 - INFO - chord#: 192 In build_straw_man_chord_sa. tolerance = 1, sa_iterations = 1000, initial_temperature = 3.0, cooling_rate = 0.999
26 - INFO - chord#: 236 In build_straw_man_chord_sa. tolerance = 1, sa_iterations = 1000, initial_temperature = 3.0, cooling_rate = 0.999
26 - INFO - chord#: 240 done. best_score=11.0, changed=490, unchanged=364, early_stops=8/8
26 - INFO - chord#: 242 In build_straw_man_chord_sa. tolerance = 1, sa_iterations = 1000, initial_temperature = 3.0, cooling_rate = 0.999
26 - INFO - chord#: 188 done. best_score=27.0, changed=528, unchanged=444, early_stops=8/8
26 - INFO - chord#: 192 In build_straw_man_chord_sa. tolerance = 1, sa_iterations = 1000, initial_temperature = 3.0, cooling_rate = 0.999
26 - INFO - chord#: 244 done. best_score=27.0, changed=533, unchanged=508, early_stops=8/8
26 - INFO - chord#: 246 In build_straw_man_chord_sa. tolerance = 1, sa_iterations = 1000, initial_temperature = 3.0, cooling_rate = 0.999
26 - INFO - chord#: 196 done. best_score=27.0, changed=526, unchanged=479, early_stops=8/8
26 - INFO - chord#: 198 In build_straw_man_chord_sa. tolerance = 1, sa_iterations = 1000, initial_temperature = 3.0, cooling_rate = 0.999
26 - INFO - chord#: 194 done. best_score=59.0, changed=526, unchanged=394, early_stops=8/8
26 - INFO - chord#: 196 In build_straw_man_chord_sa. tolerance = 1, sa_iterations = 1000, initial_temperature = 3.0, cooling_rate = 0.999
26 - INFO - chord#: 236 done. best_score=36.0, changed=524, unchanged=429, early_stops=8/8
26 - INFO - chord#: 240 In build_straw_man_chord_sa. tolerance = 1, sa_iterations = 1000, initial_temperature = 3.0, cooling_rate = 0.999
26 - INFO - chord#: 206 done. best_score=149.0, changed=611, unchanged=329, early_stops=8/8
26 - INFO - chord#: 207 In build_straw_man_chord_sa. tolerance = 1, sa_iterations = 1000, initial_temperature = 3.0, cooling_rate = 0.999
26 - INFO - chord#: 214 done. best_score=93.0, changed=610, unchanged=225, early_stops=8/8
26 - INFO - chord#: 216 In build_straw_man_chord_sa. tolerance = 1, sa_iterations = 1000, initial_temperature = 3.0, cooling_rate = 0.999
26 - INFO - chord#: 240 done. best_score=11.0, changed=483, unchanged=368, early_stops=8/8
26 - INFO - chord#: 208 done. best_score=111.0, changed=613, unchanged=371, early_stops=8/8
26 - INFO - chord#: 242 In build_straw_man_chord_sa. tolerance = 1, sa_iterations = 1000, initial_temperature = 3.0, cooling_rate = 0.999
26 - INFO - chord#: 212 In build_straw_man_chord_sa. tolerance = 1, sa_iterations = 1000, initial_temperature = 3.0, cooling_rate = 0.999
26 - INFO - chord#: 242 done. best_score=116.0, changed=608, unchanged=271, early_stops=8/8
26 - INFO - chord#: 244 In build_straw_man_chord_sa. tolerance = 1, sa_iterations = 1000, initial_temperature = 3.0, cooling_rate = 0.999
26 - INFO - chord#: 192 done. best_score=59.0, changed=520, unchanged=471, early_stops=8/8
26 - INFO - chord#: 194 In build_straw_man_chord_sa. tolerance = 1, sa_iterations = 1000, initial_temperature = 3.0, cooling_rate = 0.999
26 - INFO - chord#: 207 done. best_score=27.0, changed=522, unchanged=295, early_stops=8/8
26 - INFO - chord#: 208 In build_straw_man_chord_sa. tolerance = 1, sa_iterations = 1000, initial_temperature = 3.0, cooling_rate = 0.999
26 - INFO - chord#: 212 done. best_score=27.0, changed=528, unchanged=365, early_stops=8/8
26 - INFO - chord#: 214 In build_straw_man_chord_sa. tolerance = 1, sa_iterations = 1000, initial_temperature = 3.0, cooling_rate = 0.999
26 - INFO - chord#: 192 done. best_score=59.0, changed=523, unchanged=580, early_stops=8/8
26 - INFO - chord#: 194 In build_straw_man_chord_sa. tolerance = 1, sa_iterations = 1000, initial_temperature = 3.0, cooling_rate = 0.999
26 - INFO - chord#: 242 done. best_score=106.0, changed=605, unchanged=286, early_stops=8/8
26 - INFO - chord#: 244 In build_straw_man_chord_sa. tolerance = 1, sa_iterations = 1000, initial_temperature = 3.0, cooling_rate = 0.999
26 - INFO - chord#: 216 done. best_score=27.0, changed=517, unchanged=432, early_stops=8/8
26 - INFO - chord#: 220 In build_straw_man_chord_sa. tolerance = 1, sa_iterations = 1000, initial_temperature = 3.0, cooling_rate = 0.999
26 - INFO - chord#: 244 done. best_score=36.0, changed=522, unchanged=352, early_stops=8/8
26 - INFO - chord#: 246 In build_straw_man_chord_sa. tolerance = 1, sa_iterations = 1000, initial_temperature = 3.0, cooling_rate = 0.999
26 - INFO - chord#: 208 done. best_score=105.0, changed=614, unchanged=312, early_stops=8/8
26 - INFO - chord#: 212 In build_straw_man_chord_sa. tolerance = 1, sa_iterations = 1000, initial_temperature = 3.0, cooling_rate = 0.999
26 - INFO - chord#: 196 done. best_score=27.0, changed=516, unchanged=489, early_stops=8/8
26 - INFO - chord#: 198 In build_straw_man_chord_sa. tolerance = 1, sa_iterations = 1000, initial_temperature = 3.0, cooling_rate = 0.999
26 - INFO - chord#: 246 done. best_score=149.0, changed=613, unchanged=328, early_stops=8/8
26 - INFO - chord#: 248 In build_straw_man_chord_sa. tolerance = 1, sa_iterations = 1000, initial_temperature = 3.0, cooling_rate = 0.999
26 - INFO - chord#: 194 done. best_score=55.0, changed=519, unchanged=493, early_stops=8/8
26 - INFO - chord#: 196 In build_straw_man_chord_sa. tolerance = 1, sa_iterations = 1000, initial_temperature = 3.0, cooling_rate = 0.999
26 - INFO - chord#: 198 done. best_score=158.0, changed=614, unchanged=387, early_stops=8/8
26 - INFO - chord#: 200 In build_straw_man_chord_sa. tolerance = 1, sa_iterations = 1000, initial_temperature = 3.0, cooling_rate = 0.999
26 - INFO - chord#: 244 done. best_score=27.0, changed=528, unchanged=462, early_stops=8/8
26 - INFO - chord#: 246 In build_straw_man_chord_sa. tolerance = 1, sa_iterations = 1000, initial_temperature = 3.0, cooling_rate = 0.999
26 - INFO - chord#: 212 done. best_score=27.0, changed=518, unchanged=333, early_stops=8/8
26 - INFO - chord#: 214 In build_straw_man_chord_sa. tolerance = 1, sa_iterations = 1000, initial_temperature = 3.0, cooling_rate = 0.999
26 - INFO - chord#: 194 done. best_score=59.0, changed=524, unchanged=443, early_stops=8/8
26 - INFO - chord#: 196 In build_straw_man_chord_sa. tolerance = 1, sa_iterations = 1000, initial_temperature = 3.0, cooling_rate = 0.999
26 - INFO - chord#: 242 done. best_score=141.0, changed=611, unchanged=347, early_stops=8/8
26 - INFO - chord#: 244 In build_straw_man_chord_sa. tolerance = 1, sa_iterations = 1000, initial_temperature = 3.0, cooling_rate = 0.999
26 - INFO - chord#: 214 done. best_score=93.0, changed=610, unchanged=251, early_stops=8/8
26 - INFO - chord#: 216 In build_straw_man_chord_sa. tolerance = 1, sa_iterations = 1000, initial_temperature = 3.0, cooling_rate = 0.999
26 - INFO - chord#: 246 done. best_score=127.0, changed=615, unchanged=231, early_stops=8/8
26 - INFO - chord#: 248 In build_straw_man_chord_sa. tolerance = 1, sa_iterations = 1000, initial_temperature = 3.0, cooling_rate = 0.999
26 - INFO - chord#: 200 done. best_score=27.0, changed=516, unchanged=456, early_stops=8/8
26 - INFO - chord#: 204 In build_straw_man_chord_sa. tolerance = 1, sa_iterations = 1000, initial_temperature = 3.0, cooling_rate = 0.999
26 - INFO - chord#: 244 done. best_score=36.0, changed=517, unchanged=313, early_stops=8/8
26 - INFO - chord#: 246 In build_straw_man_chord_sa. tolerance = 1, sa_iterations = 1000, initial_temperature = 3.0, cooling_rate = 0.999
26 - INFO - chord#: 216 done. best_score=27.0, changed=533, unchanged=402, early_stops=8/8
26 - INFO - chord#: 220 In build_straw_man_chord_sa. tolerance = 1, sa_iterations = 1000, initial_temperature = 3.0, cooling_rate = 0.999
26 - INFO - chord#: 196 done. best_score=27.0, changed=523, unchanged=633, early_stops=8/8
26 - INFO - chord#: 198 In build_straw_man_chord_sa. tolerance = 1, sa_iterations = 1000, initial_temperature = 3.0, cooling_rate = 0.999
26 - INFO - chord#: 196 done. best_score=27.0, changed=523, unchanged=428, early_stops=8/8
26 - INFO - chord#: 198 In build_straw_man_chord_sa. tolerance = 1, sa_iterations = 1000, initial_temperature = 3.0, cooling_rate = 0.999
26 - INFO - chord#: 246 done. best_score=149.0, changed=607, unchanged=231, early_stops=8/8
26 - INFO - chord#: 248 In build_straw_man_chord_sa. tolerance = 1, sa_iterations = 1000, initial_temperature = 3.0, cooling_rate = 0.999
26 - INFO - chord#: 248 done. best_score=96.0, changed=613, unchanged=341, early_stops=8/8
26 - INFO - chord#: 250 In build_straw_man_chord_sa. tolerance = 1, sa_iterations = 1000, initial_temperature = 3.0, cooling_rate = 0.999
26 - INFO - chord#: 204 done. best_score=27.0, changed=524, unchanged=422, early_stops=8/8
26 - INFO - chord#: 206 In build_straw_man_chord_sa. tolerance = 1, sa_iterations = 1000, initial_temperature = 3.0, cooling_rate = 0.999
26 - INFO - chord#: 208 done. best_score=113.0, changed=611, unchanged=502, early_stops=8/8
26 - INFO - chord#: 212 In build_straw_man_chord_sa. tolerance = 1, sa_iterations = 1000, initial_temperature = 3.0, cooling_rate = 0.999
26 - INFO - chord#: 198 done. best_score=78.0, changed=621, unchanged=359, early_stops=8/8
26 - INFO - chord#: 200 In build_straw_man_chord_sa. tolerance = 1, sa_iterations = 1000, initial_temperature = 3.0, cooling_rate = 0.999
26 - INFO - chord#: 214 done. best_score=96.0, changed=621, unchanged=324, early_stops=8/8
26 - INFO - chord#: 216 In build_straw_man_chord_sa. tolerance = 1, sa_iterations = 1000, initial_temperature = 3.0, cooling_rate = 0.999
26 - INFO - chord#: 248 done. best_score=141.0, changed=609, unchanged=245, early_stops=8/8
26 - INFO - chord#: 250 In build_straw_man_chord_sa. tolerance = 1, sa_iterations = 1000, initial_temperature = 3.0, cooling_rate = 0.999
26 - INFO - chord#: 220 done. best_score=67.0, changed=615, unchanged=485, early_stops=8/8
26 - INFO - chord#: 224 In build_straw_man_chord_sa. tolerance = 1, sa_iterations = 1000, initial_temperature = 3.0, cooling_rate = 0.999
26 - INFO - chord#: 250 done. best_score=61.0, changed=537, unchanged=372, early_stops=8/8
26 - INFO - chord#: 252 In build_straw_man_chord_sa. tolerance = 1, sa_iterations = 1000, initial_temperature = 3.0, cooling_rate = 0.999
26 - INFO - chord#: 246 done. best_score=149.0, changed=613, unchanged=280, early_stops=8/8
26 - INFO - chord#: 248 In build_straw_man_chord_sa. tolerance = 1, sa_iterations = 1000, initial_temperature = 3.0, cooling_rate = 0.999
26 - INFO - chord#: 212 done. best_score=27.0, changed=528, unchanged=380, early_stops=8/8
26 - INFO - chord#: 214 In build_straw_man_chord_sa. tolerance = 1, sa_iterations = 1000, initial_temperature = 3.0, cooling_rate = 0.999
26 - INFO - chord#: 224 done. best_score=9.0, changed=463, unchanged=353, early_stops=8/8
26 - INFO - chord#: 228 In build_straw_man_chord_sa. tolerance = 1, sa_iterations = 1000, initial_temperature = 3.0, cooling_rate = 0.999
26 - INFO - chord#: 200 done. best_score=27.0, changed=510, unchanged=386, early_stops=8/8
26 - INFO - chord#: 204 In build_straw_man_chord_sa. tolerance = 1, sa_iterations = 1000, initial_temperature = 3.0, cooling_rate = 0.999
26 - INFO - chord#: 216 done. best_score=27.0, changed=532, unchanged=342, early_stops=8/8
26 - INFO - chord#: 220 In build_straw_man_chord_sa. tolerance = 1, sa_iterations = 1000, initial_temperature = 3.0, cooling_rate = 0.999
26 - INFO - chord#: 220 done. best_score=112.0, changed=616, unchanged=282, early_stops=8/8
26 - INFO - chord#: 224 In build_straw_man_chord_sa. tolerance = 1, sa_iterations = 1000, initial_temperature = 3.0, cooling_rate = 0.999
26 - INFO - chord#: 250 done. best_score=61.0, changed=538, unchanged=387, early_stops=8/8
26 - INFO - chord#: 252 In build_straw_man_chord_sa. tolerance = 1, sa_iterations = 1000, initial_temperature = 3.0, cooling_rate = 0.999
26 - INFO - chord#: 224 done. best_score=9.0, changed=461, unchanged=364, early_stops=8/8
26 - INFO - chord#: 228 In build_straw_man_chord_sa. tolerance = 1, sa_iterations = 1000, initial_temperature = 3.0, cooling_rate = 0.999
26 - INFO - chord#: 198 done. best_score=78.0, changed=605, unchanged=293, early_stops=8/8
26 - INFO - chord#: 200 In build_straw_man_chord_sa. tolerance = 1, sa_iterations = 1000, initial_temperature = 3.0, cooling_rate = 0.999
26 - INFO - chord#: 206 done. best_score=95.0, changed=608, unchanged=236, early_stops=8/8
26 - INFO - chord#: 207 In build_straw_man_chord_sa. tolerance = 1, sa_iterations = 1000, initial_temperature = 3.0, cooling_rate = 0.999
26 - INFO - chord#: 198 done. best_score=78.0, changed=614, unchanged=334, early_stops=8/8
26 - INFO - chord#: 200 In build_straw_man_chord_sa. tolerance = 1, sa_iterations = 1000, initial_temperature = 3.0, cooling_rate = 0.999
26 - INFO - chord#: 248 done. best_score=74.0, changed=618, unchanged=365, early_stops=8/8
26 - INFO - chord#: 250 In build_straw_man_chord_sa. tolerance = 1, sa_iterations = 1000, initial_temperature = 3.0, cooling_rate = 0.999
26 - INFO - chord#: 228 done. best_score=27.0, changed=526, unchanged=405, early_stops=8/8
26 - INFO - chord#: 232 In build_straw_man_chord_sa. tolerance = 1, sa_iterations = 1000, initial_temperature = 3.0, cooling_rate = 0.999
26 - INFO - chord#: 228 done. best_score=27.0, changed=525, unchanged=447, early_stops=8/8
26 - INFO - chord#: 232 In build_straw_man_chord_sa. tolerance = 1, sa_iterations = 1000, initial_temperature = 3.0, cooling_rate = 0.999
26 - INFO - chord#: 204 done. best_score=27.0, changed=516, unchanged=503, early_stops=8/8
26 - INFO - chord#: 206 In build_straw_man_chord_sa. tolerance = 1, sa_iterations = 1000, initial_temperature = 3.0, cooling_rate = 0.999
26 - INFO - chord#: 207 done. best_score=27.0, changed=523, unchanged=374, early_stops=8/8
26 - INFO - chord#: 208 In build_straw_man_chord_sa. tolerance = 1, sa_iterations = 1000, initial_temperature = 3.0, cooling_rate = 0.999
26 - INFO - chord#: 248 done. best_score=96.0, changed=609, unchanged=272, early_stops=8/8
26 - INFO - chord#: 250 In build_straw_man_chord_sa. tolerance = 1, sa_iterations = 1000, initial_temperature = 3.0, cooling_rate = 0.999
26 - INFO - chord#: 252 done. best_score=78.0, changed=607, unchanged=285, early_stops=8/8
26 - INFO - chord#: 254 In build_straw_man_chord_sa. tolerance = 1, sa_iterations = 1000, initial_temperature = 3.0, cooling_rate = 0.999
26 - INFO - chord#: 250 done. best_score=61.0, changed=530, unchanged=361, early_stops=8/8
26 - INFO - chord#: 252 In build_straw_man_chord_sa. tolerance = 1, sa_iterations = 1000, initial_temperature = 3.0, cooling_rate = 0.999
26 - INFO - chord#: 254 done. best_score=11.0, changed=493, unchanged=337, early_stops=8/8
26 - INFO - chord#: 256 In build_straw_man_chord_sa. tolerance = 1, sa_iterations = 1000, initial_temperature = 3.0, cooling_rate = 0.999
26 - INFO - chord#: 200 done. best_score=27.0, changed=525, unchanged=487, early_stops=8/8
26 - INFO - chord#: 204 In build_straw_man_chord_sa. tolerance = 1, sa_iterations = 1000, initial_temperature = 3.0, cooling_rate = 0.999
26 - INFO - chord#: 214 done. best_score=96.0, changed=610, unchanged=274, early_stops=8/8
26 - INFO - chord#: 216 In build_straw_man_chord_sa. tolerance = 1, sa_iterations = 1000, initial_temperature = 3.0, cooling_rate = 0.999
26 - INFO - chord#: 200 done. best_score=27.0, changed=518, unchanged=515, early_stops=8/8
26 - INFO - chord#: 204 In build_straw_man_chord_sa. tolerance = 1, sa_iterations = 1000, initial_temperature = 3.0, cooling_rate = 0.999
26 - INFO - chord#: 252 done. best_score=67.0, changed=613, unchanged=330, early_stops=8/8
26 - INFO - chord#: 254 In build_straw_man_chord_sa. tolerance = 1, sa_iterations = 1000, initial_temperature = 3.0, cooling_rate = 0.999
26 - INFO - chord#: 250 done. best_score=61.0, changed=536, unchanged=309, early_stops=8/8
26 - INFO - chord#: 252 In build_straw_man_chord_sa. tolerance = 1, sa_iterations = 1000, initial_temperature = 3.0, cooling_rate = 0.999
26 - INFO - chord#: 254 done. best_score=13.0, changed=515, unchanged=316, early_stops=8/8
26 - INFO - chord#: 256 In build_straw_man_chord_sa. tolerance = 1, sa_iterations = 1000, initial_temperature = 3.0, cooling_rate = 0.999
26 - INFO - chord#: 216 done. best_score=27.0, changed=516, unchanged=344, early_stops=8/8
26 - INFO - chord#: 220 In build_straw_man_chord_sa. tolerance = 1, sa_iterations = 1000, initial_temperature = 3.0, cooling_rate = 0.999
26 - INFO - chord#: 232 done. best_score=67.0, changed=607, unchanged=210, early_stops=8/8
26 - INFO - chord#: 236 In build_straw_man_chord_sa. tolerance = 1, sa_iterations = 1000, initial_temperature = 3.0, cooling_rate = 0.999
26 - INFO - chord#: 204 done. best_score=27.0, changed=525, unchanged=425, early_stops=8/8
26 - INFO - chord#: 206 In build_straw_man_chord_sa. tolerance = 1, sa_iterations = 1000, initial_temperature = 3.0, cooling_rate = 0.999
26 - INFO - chord#: 204 done. best_score=27.0, changed=523, unchanged=507, early_stops=8/8
26 - INFO - chord#: 206 In build_straw_man_chord_sa. tolerance = 1, sa_iterations = 1000, initial_temperature = 3.0, cooling_rate = 0.999
26 - INFO - chord#: 220 done. best_score=67.0, changed=615, unchanged=442, early_stops=8/8
26 - INFO - chord#: 224 In build_straw_man_chord_sa. tolerance = 1, sa_iterations = 1000, initial_temperature = 3.0, cooling_rate = 0.999
26 - INFO - chord#: 232 done. best_score=119.0, changed=613, unchanged=285, early_stops=8/8
26 - INFO - chord#: 236 In build_straw_man_chord_sa. tolerance = 1, sa_iterations = 1000, initial_temperature = 3.0, cooling_rate = 0.999
26 - INFO - chord#: 224 done. best_score=9.0, changed=473, unchanged=372, early_stops=8/8
26 - INFO - chord#: 228 In build_straw_man_chord_sa. tolerance = 1, sa_iterations = 1000, initial_temperature = 3.0, cooling_rate = 0.999
26 - INFO - chord#: 252 done. best_score=67.0, changed=607, unchanged=331, early_stops=8/8
26 - INFO - chord#: 254 In build_straw_man_chord_sa. tolerance = 1, sa_iterations = 1000, initial_temperature = 3.0, cooling_rate = 0.999
26 - INFO - chord#: 208 done. best_score=116.0, changed=617, unchanged=352, early_stops=8/8
26 - INFO - chord#: 212 In build_straw_man_chord_sa. tolerance = 1, sa_iterations = 1000, initial_temperature = 3.0, cooling_rate = 0.999
26 - INFO - chord#: 236 done. best_score=36.0, changed=515, unchanged=364, early_stops=8/8
26 - INFO - chord#: 240 In build_straw_man_chord_sa. tolerance = 1, sa_iterations = 1000, initial_temperature = 3.0, cooling_rate = 0.999
26 - INFO - chord#: 254 done. best_score=13.0, changed=506, unchanged=322, early_stops=8/8
26 - INFO - chord#: 256 In build_straw_man_chord_sa. tolerance = 1, sa_iterations = 1000, initial_temperature = 3.0, cooling_rate = 0.999
26 - INFO - chord#: 240 done. best_score=11.0, changed=477, unchanged=343, early_stops=8/8
26 - INFO - chord#: 242 In build_straw_man_chord_sa. tolerance = 1, sa_iterations = 1000, initial_temperature = 3.0, cooling_rate = 0.999
26 - INFO - chord#: 256 done. best_score=78.0, changed=616, unchanged=523, early_stops=8/8
26 - INFO - chord#: 260 In build_straw_man_chord_sa. tolerance = 1, sa_iterations = 1000, initial_temperature = 3.0, cooling_rate = 0.999
26 - INFO - chord#: 256 done. best_score=137.0, changed=608, unchanged=258, early_stops=8/8
26 - INFO - chord#: 260 In build_straw_man_chord_sa. tolerance = 1, sa_iterations = 1000, initial_temperature = 3.0, cooling_rate = 0.999
26 - INFO - chord#: 206 done. best_score=95.0, changed=610, unchanged=467, early_stops=8/8
26 - INFO - chord#: 207 In build_straw_man_chord_sa. tolerance = 1, sa_iterations = 1000, initial_temperature = 3.0, cooling_rate = 0.999
26 - INFO - chord#: 212 done. best_score=27.0, changed=524, unchanged=414, early_stops=8/8
26 - INFO - chord#: 214 In build_straw_man_chord_sa. tolerance = 1, sa_iterations = 1000, initial_temperature = 3.0, cooling_rate = 0.999
26 - INFO - chord#: 236 done. best_score=36.0, changed=524, unchanged=431, early_stops=8/8
26 - INFO - chord#: 240 In build_straw_man_chord_sa. tolerance = 1, sa_iterations = 1000, initial_temperature = 3.0, cooling_rate = 0.999
26 - INFO - chord#: 228 done. best_score=27.0, changed=516, unchanged=386, early_stops=8/8
26 - INFO - chord#: 232 In build_straw_man_chord_sa. tolerance = 1, sa_iterations = 1000, initial_temperature = 3.0, cooling_rate = 0.999
26 - INFO - chord#: 252 done. best_score=78.0, changed=613, unchanged=382, early_stops=8/8
26 - INFO - chord#: 254 In build_straw_man_chord_sa. tolerance = 1, sa_iterations = 1000, initial_temperature = 3.0, cooling_rate = 0.999
26 - INFO - chord#: 240 done. best_score=11.0, changed=492, unchanged=328, early_stops=8/8
26 - INFO - chord#: 242 In build_straw_man_chord_sa. tolerance = 1, sa_iterations = 1000, initial_temperature = 3.0, cooling_rate = 0.999
26 - INFO - chord#: 254 done. best_score=11.0, changed=486, unchanged=328, early_stops=8/8
26 - INFO - chord#: 256 In build_straw_man_chord_sa. tolerance = 1, sa_iterations = 1000, initial_temperature = 3.0, cooling_rate = 0.999
26 - INFO - chord#: 260 done. best_score=27.0, changed=528, unchanged=474, early_stops=8/8
26 - INFO - chord#: 262 In build_straw_man_chord_sa. tolerance = 1, sa_iterations = 1000, initial_temperature = 3.0, cooling_rate = 0.999
26 - INFO - chord#: 207 done. best_score=27.0, changed=525, unchanged=318, early_stops=8/8
26 - INFO - chord#: 208 In build_straw_man_chord_sa. tolerance = 1, sa_iterations = 1000, initial_temperature = 3.0, cooling_rate = 0.999
26 - INFO - chord#: 260 done. best_score=27.0, changed=528, unchanged=537, early_stops=8/8
26 - INFO - chord#: 262 In build_straw_man_chord_sa. tolerance = 1, sa_iterations = 1000, initial_temperature = 3.0, cooling_rate = 0.999
26 - INFO - chord#: 206 done. best_score=95.0, changed=612, unchanged=235, early_stops=8/8
26 - INFO - chord#: 207 In build_straw_man_chord_sa. tolerance = 1, sa_iterations = 1000, initial_temperature = 3.0, cooling_rate = 0.999
26 - INFO - chord#: 220 done. best_score=112.0, changed=611, unchanged=303, early_stops=8/8
26 - INFO - chord#: 224 In build_straw_man_chord_sa. tolerance = 1, sa_iterations = 1000, initial_temperature = 3.0, cooling_rate = 0.999
26 - INFO - chord#: 224 done. best_score=9.0, changed=457, unchanged=389, early_stops=8/8
26 - INFO - chord#: 228 In build_straw_man_chord_sa. tolerance = 1, sa_iterations = 1000, initial_temperature = 3.0, cooling_rate = 0.999
26 - INFO - chord#: 256 done. best_score=67.0, changed=616, unchanged=361, early_stops=8/8
26 - INFO - chord#: 260 In build_straw_man_chord_sa. tolerance = 1, sa_iterations = 1000, initial_temperature = 3.0, cooling_rate = 0.999
26 - INFO - chord#: 206 done. best_score=90.0, changed=614, unchanged=342, early_stops=8/8
26 - INFO - chord#: 207 In build_straw_man_chord_sa. tolerance = 1, sa_iterations = 1000, initial_temperature = 3.0, cooling_rate = 0.999
26 - INFO - chord#: 242 done. best_score=101.0, changed=610, unchanged=296, early_stops=8/8
26 - INFO - chord#: 244 In build_straw_man_chord_sa. tolerance = 1, sa_iterations = 1000, initial_temperature = 3.0, cooling_rate = 0.999
26 - INFO - chord#: 214 done. best_score=93.0, changed=616, unchanged=365, early_stops=8/8
26 - INFO - chord#: 216 In build_straw_man_chord_sa. tolerance = 1, sa_iterations = 1000, initial_temperature = 3.0, cooling_rate = 0.999
26 - INFO - chord#: 207 done. best_score=27.0, changed=536, unchanged=404, early_stops=8/8
26 - INFO - chord#: 208 In build_straw_man_chord_sa. tolerance = 1, sa_iterations = 1000, initial_temperature = 3.0, cooling_rate = 0.999
26 - INFO - chord#: 244 done. best_score=27.0, changed=522, unchanged=413, early_stops=8/8
26 - INFO - chord#: 246 In build_straw_man_chord_sa. tolerance = 1, sa_iterations = 1000, initial_temperature = 3.0, cooling_rate = 0.999
26 - INFO - chord#: 242 done. best_score=132.0, changed=612, unchanged=214, early_stops=8/8
26 - INFO - chord#: 244 In build_straw_man_chord_sa. tolerance = 1, sa_iterations = 1000, initial_temperature = 3.0, cooling_rate = 0.999
26 - INFO - chord#: 207 done. best_score=27.0, changed=532, unchanged=313, early_stops=8/8
26 - INFO - chord#: 208 In build_straw_man_chord_sa. tolerance = 1, sa_iterations = 1000, initial_temperature = 3.0, cooling_rate = 0.999
26 - INFO - chord#: 228 done. best_score=27.0, changed=519, unchanged=417, early_stops=8/8
26 - INFO - chord#: 232 In build_straw_man_chord_sa. tolerance = 1, sa_iterations = 1000, initial_temperature = 3.0, cooling_rate = 0.999
26 - INFO - chord#: 262 done. best_score=64.0, changed=611, unchanged=299, early_stops=8/8
26 - INFO - chord#: 264 In build_straw_man_chord_sa. tolerance = 1, sa_iterations = 1000, initial_temperature = 3.0, cooling_rate = 0.999
26 - INFO - chord#: 260 done. best_score=27.0, changed=517, unchanged=481, early_stops=8/8
26 - INFO - chord#: 262 In build_straw_man_chord_sa. tolerance = 1, sa_iterations = 1000, initial_temperature = 3.0, cooling_rate = 0.999
26 - INFO - chord#: 256 done. best_score=119.0, changed=615, unchanged=449, early_stops=8/8
26 - INFO - chord#: 260 In build_straw_man_chord_sa. tolerance = 1, sa_iterations = 1000, initial_temperature = 3.0, cooling_rate = 0.999
26 - INFO - chord#: 216 done. best_score=27.0, changed=529, unchanged=416, early_stops=8/8
26 - INFO - chord#: 220 In build_straw_man_chord_sa. tolerance = 1, sa_iterations = 1000, initial_temperature = 3.0, cooling_rate = 0.999
26 - INFO - chord#: 262 done. best_score=64.0, changed=609, unchanged=303, early_stops=8/8
26 - INFO - chord#: 264 In build_straw_man_chord_sa. tolerance = 1, sa_iterations = 1000, initial_temperature = 3.0, cooling_rate = 0.999
26 - INFO - chord#: 232 done. best_score=96.0, changed=612, unchanged=417, early_stops=8/8
26 - INFO - chord#: 236 In build_straw_man_chord_sa. tolerance = 1, sa_iterations = 1000, initial_temperature = 3.0, cooling_rate = 0.999
26 - INFO - chord#: 244 done. best_score=27.0, changed=525, unchanged=317, early_stops=8/8
26 - INFO - chord#: 246 In build_straw_man_chord_sa. tolerance = 1, sa_iterations = 1000, initial_temperature = 3.0, cooling_rate = 0.999
26 - INFO - chord#: 208 done. best_score=105.0, changed=611, unchanged=303, early_stops=8/8
26 - INFO - chord#: 212 In build_straw_man_chord_sa. tolerance = 1, sa_iterations = 1000, initial_temperature = 3.0, cooling_rate = 0.999
26 - INFO - chord#: 208 done. best_score=105.0, changed=610, unchanged=224, early_stops=8/8
26 - INFO - chord#: 212 In build_straw_man_chord_sa. tolerance = 1, sa_iterations = 1000, initial_temperature = 3.0, cooling_rate = 0.999
26 - INFO - chord#: 236 done. best_score=36.0, changed=525, unchanged=340, early_stops=8/8
26 - INFO - chord#: 240 In build_straw_man_chord_sa. tolerance = 1, sa_iterations = 1000, initial_temperature = 3.0, cooling_rate = 0.999
26 - INFO - chord#: 260 done. best_score=27.0, changed=524, unchanged=484, early_stops=8/8
26 - INFO - chord#: 262 In build_straw_man_chord_sa. tolerance = 1, sa_iterations = 1000, initial_temperature = 3.0, cooling_rate = 0.999
26 - INFO - chord#: 240 done. best_score=11.0, changed=478, unchanged=339, early_stops=8/8
26 - INFO - chord#: 242 In build_straw_man_chord_sa. tolerance = 1, sa_iterations = 1000, initial_temperature = 3.0, cooling_rate = 0.999
26 - INFO - chord#: 264 done. best_score=145.0, changed=609, unchanged=237, early_stops=8/8
26 - INFO - chord#: 268 In build_straw_man_chord_sa. tolerance = 1, sa_iterations = 1000, initial_temperature = 3.0, cooling_rate = 0.999
26 - INFO - chord#: 212 done. best_score=27.0, changed=521, unchanged=382, early_stops=8/8
26 - INFO - chord#: 214 In build_straw_man_chord_sa. tolerance = 1, sa_iterations = 1000, initial_temperature = 3.0, cooling_rate = 0.999
26 - INFO - chord#: 212 done. best_score=27.0, changed=528, unchanged=345, early_stops=8/8
26 - INFO - chord#: 214 In build_straw_man_chord_sa. tolerance = 1, sa_iterations = 1000, initial_temperature = 3.0, cooling_rate = 0.999
26 - INFO - chord#: 232 done. best_score=67.0, changed=611, unchanged=220, early_stops=8/8
26 - INFO - chord#: 236 In build_straw_man_chord_sa. tolerance = 1, sa_iterations = 1000, initial_temperature = 3.0, cooling_rate = 0.999
26 - INFO - chord#: 208 done. best_score=105.0, changed=610, unchanged=377, early_stops=8/8
26 - INFO - chord#: 212 In build_straw_man_chord_sa. tolerance = 1, sa_iterations = 1000, initial_temperature = 3.0, cooling_rate = 0.999
26 - INFO - chord#: 246 done. best_score=74.0, changed=613, unchanged=462, early_stops=8/8
26 - INFO - chord#: 262 done. best_score=104.0, changed=607, unchanged=275, early_stops=8/8
26 - INFO - chord#: 248 In build_straw_man_chord_sa. tolerance = 1, sa_iterations = 1000, initial_temperature = 3.0, cooling_rate = 0.999
26 - INFO - chord#: 264 In build_straw_man_chord_sa. tolerance = 1, sa_iterations = 1000, initial_temperature = 3.0, cooling_rate = 0.999
26 - INFO - chord#: 220 done. best_score=67.0, changed=616, unchanged=323, early_stops=8/8
26 - INFO - chord#: 224 In build_straw_man_chord_sa. tolerance = 1, sa_iterations = 1000, initial_temperature = 3.0, cooling_rate = 0.999
26 - INFO - chord#: 224 done. best_score=9.0, changed=469, unchanged=383, early_stops=8/8
26 - INFO - chord#: 228 In build_straw_man_chord_sa. tolerance = 1, sa_iterations = 1000, initial_temperature = 3.0, cooling_rate = 0.999
26 - INFO - chord#: 268 done. best_score=27.0, changed=522, unchanged=417, early_stops=8/8
26 - INFO - chord#: 270 In build_straw_man_chord_sa. tolerance = 1, sa_iterations = 1000, initial_temperature = 3.0, cooling_rate = 0.999
26 - INFO - chord#: 264 done. best_score=137.0, changed=614, unchanged=342, early_stops=8/8
26 - INFO - chord#: 268 In build_straw_man_chord_sa. tolerance = 1, sa_iterations = 1000, initial_temperature = 3.0, cooling_rate = 0.999
26 - INFO - chord#: 246 done. best_score=141.0, changed=615, unchanged=455, early_stops=8/8
26 - INFO - chord#: 248 In build_straw_man_chord_sa. tolerance = 1, sa_iterations = 1000, initial_temperature = 3.0, cooling_rate = 0.999
26 - INFO - chord#: 212 done. best_score=27.0, changed=515, unchanged=318, early_stops=8/8
26 - INFO - chord#: 214 In build_straw_man_chord_sa. tolerance = 1, sa_iterations = 1000, initial_temperature = 3.0, cooling_rate = 0.999
26 - INFO - chord#: 236 done. best_score=36.0, changed=538, unchanged=343, early_stops=8/8
26 - INFO - chord#: 240 In build_straw_man_chord_sa. tolerance = 1, sa_iterations = 1000, initial_temperature = 3.0, cooling_rate = 0.999
26 - INFO - chord#: 228 done. best_score=27.0, changed=515, unchanged=326, early_stops=8/8
26 - INFO - chord#: 232 In build_straw_man_chord_sa. tolerance = 1, sa_iterations = 1000, initial_temperature = 3.0, cooling_rate = 0.999
26 - INFO - chord#: 240 done. best_score=11.0, changed=504, unchanged=371, early_stops=8/8
26 - INFO - chord#: 242 In build_straw_man_chord_sa. tolerance = 1, sa_iterations = 1000, initial_temperature = 3.0, cooling_rate = 0.999
26 - INFO - chord#: 214 done. best_score=93.0, changed=610, unchanged=238, early_stops=8/8
26 - INFO - chord#: 216 In build_straw_man_chord_sa. tolerance = 1, sa_iterations = 1000, initial_temperature = 3.0, cooling_rate = 0.999
26 - INFO - chord#: 242 done. best_score=101.0, changed=613, unchanged=348, early_stops=8/8
26 - INFO - chord#: 244 In build_straw_man_chord_sa. tolerance = 1, sa_iterations = 1000, initial_temperature = 3.0, cooling_rate = 0.999
26 - INFO - chord#: 268 done. best_score=27.0, changed=524, unchanged=406, early_stops=8/8
26 - INFO - chord#: 270 In build_straw_man_chord_sa. tolerance = 1, sa_iterations = 1000, initial_temperature = 3.0, cooling_rate = 0.999
26 - INFO - chord#: 214 done. best_score=93.0, changed=616, unchanged=314, early_stops=8/8
26 - INFO - chord#: 216 In build_straw_man_chord_sa. tolerance = 1, sa_iterations = 1000, initial_temperature = 3.0, cooling_rate = 0.999
26 - INFO - chord#: 262 done. best_score=125.0, changed=613, unchanged=482, early_stops=8/8
26 - INFO - chord#: 264 In build_straw_man_chord_sa. tolerance = 1, sa_iterations = 1000, initial_temperature = 3.0, cooling_rate = 0.999
26 - INFO - chord#: 248 done. best_score=74.0, changed=616, unchanged=296, early_stops=8/8
26 - INFO - chord#: 250 In build_straw_man_chord_sa. tolerance = 1, sa_iterations = 1000, initial_temperature = 3.0, cooling_rate = 0.999
26 - INFO - chord#: 216 done. best_score=27.0, changed=543, unchanged=406, early_stops=8/8
26 - INFO - chord#: 220 In build_straw_man_chord_sa. tolerance = 1, sa_iterations = 1000, initial_temperature = 3.0, cooling_rate = 0.999
26 - INFO - chord#: 244 done. best_score=27.0, changed=532, unchanged=380, early_stops=8/8
26 - INFO - chord#: 246 In build_straw_man_chord_sa. tolerance = 1, sa_iterations = 1000, initial_temperature = 3.0, cooling_rate = 0.999
26 - INFO - chord#: 270 done. best_score=157.0, changed=610, unchanged=293, early_stops=8/8
26 - INFO - chord#: 272 In build_straw_man_chord_sa. tolerance = 1, sa_iterations = 1000, initial_temperature = 3.0, cooling_rate = 0.999
26 - INFO - chord#: 264 done. best_score=67.0, changed=610, unchanged=335, early_stops=8/8
26 - INFO - chord#: 268 In build_straw_man_chord_sa. tolerance = 1, sa_iterations = 1000, initial_temperature = 3.0, cooling_rate = 0.999
26 - INFO - chord#: 272 done. best_score=9.0, changed=469, unchanged=351, early_stops=8/8
26 - INFO - chord#: 248 done. best_score=74.0, changed=615, unchanged=307, early_stops=8/8
26 - INFO - chord#: 250 In build_straw_man_chord_sa. tolerance = 1, sa_iterations = 1000, initial_temperature = 3.0, cooling_rate = 0.999
26 - INFO - chord#: 216 done. best_score=27.0, changed=523, unchanged=402, early_stops=8/8
26 - INFO - chord#: 220 In build_straw_man_chord_sa. tolerance = 1, sa_iterations = 1000, initial_temperature = 3.0, cooling_rate = 0.999
26 - INFO - chord#: 214 done. best_score=167.0, changed=609, unchanged=221, early_stops=8/8
26 - INFO - chord#: 216 In build_straw_man_chord_sa. tolerance = 1, sa_iterations = 1000, initial_temperature = 3.0, cooling_rate = 0.999
26 - INFO - chord#: 250 done. best_score=61.0, changed=527, unchanged=302, early_stops=8/8
26 - INFO - chord#: 252 In build_straw_man_chord_sa. tolerance = 1, sa_iterations = 1000, initial_temperature = 3.0, cooling_rate = 0.999
26 - INFO - chord#: 232 done. best_score=125.0, changed=612, unchanged=303, early_stops=8/8
26 - INFO - chord#: 236 In build_straw_man_chord_sa. tolerance = 1, sa_iterations = 1000, initial_temperature = 3.0, cooling_rate = 0.999
26 - INFO - chord#: 250 done. best_score=61.0, changed=522, unchanged=296, early_stops=8/8
26 - INFO - chord#: 252 In build_straw_man_chord_sa. tolerance = 1, sa_iterations = 1000, initial_temperature = 3.0, cooling_rate = 0.999
26 - INFO - chord#: 268 done. best_score=27.0, changed=519, unchanged=488, early_stops=8/8
26 - INFO - chord#: 270 In build_straw_man_chord_sa. tolerance = 1, sa_iterations = 1000, initial_temperature = 3.0, cooling_rate = 0.999
26 - INFO - chord#: 264 done. best_score=125.0, changed=612, unchanged=251, early_stops=8/8
26 - INFO - chord#: 268 In build_straw_man_chord_sa. tolerance = 1, sa_iterations = 1000, initial_temperature = 3.0, cooling_rate = 0.999
26 - INFO - chord#: 242 done. best_score=106.0, changed=610, unchanged=311, early_stops=8/8
26 - INFO - chord#: 244 In build_straw_man_chord_sa. tolerance = 1, sa_iterations = 1000, initial_temperature = 3.0, cooling_rate = 0.999
26 - INFO - chord#: 216 done. best_score=27.0, changed=512, unchanged=365, early_stops=8/8
26 - INFO - chord#: 220 In build_straw_man_chord_sa. tolerance = 1, sa_iterations = 1000, initial_temperature = 3.0, cooling_rate = 0.999
26 - INFO - chord#: 236 done. best_score=36.0, changed=525, unchanged=335, early_stops=8/8
26 - INFO - chord#: 240 In build_straw_man_chord_sa. tolerance = 1, sa_iterations = 1000, initial_temperature = 3.0, cooling_rate = 0.999
26 - INFO - chord#: 240 done. best_score=11.0, changed=473, unchanged=333, early_stops=8/8
26 - INFO - chord#: 242 In build_straw_man_chord_sa. tolerance = 1, sa_iterations = 1000, initial_temperature = 3.0, cooling_rate = 0.999
26 - INFO - chord#: 220 done. best_score=67.0, changed=610, unchanged=289, early_stops=8/8
26 - INFO - chord#: 224 In build_straw_man_chord_sa. tolerance = 1, sa_iterations = 1000, initial_temperature = 3.0, cooling_rate = 0.999
26 - INFO - chord#: 246 done. best_score=96.0, changed=614, unchanged=355, early_stops=8/8
26 - INFO - chord#: 248 In build_straw_man_chord_sa. tolerance = 1, sa_iterations = 1000, initial_temperature = 3.0, cooling_rate = 0.999
26 - INFO - chord#: 224 done. best_score=9.0, changed=459, unchanged=375, early_stops=8/8
26 - INFO - chord#: 228 In build_straw_man_chord_sa. tolerance = 1, sa_iterations = 1000, initial_temperature = 3.0, cooling_rate = 0.999
26 - INFO - chord#: 252 done. best_score=168.0, changed=609, unchanged=218, early_stops=8/8
26 - INFO - chord#: 254 In build_straw_man_chord_sa. tolerance = 1, sa_iterations = 1000, initial_temperature = 3.0, cooling_rate = 0.999
26 - INFO - chord#: 268 done. best_score=27.0, changed=514, unchanged=337, early_stops=8/8
26 - INFO - chord#: 270 In build_straw_man_chord_sa. tolerance = 1, sa_iterations = 1000, initial_temperature = 3.0, cooling_rate = 0.999
26 - INFO - chord#: 270 done. best_score=96.0, changed=615, unchanged=435, early_stops=8/8
26 - INFO - chord#: 272 In build_straw_man_chord_sa. tolerance = 1, sa_iterations = 1000, initial_temperature = 3.0, cooling_rate = 0.999
26 - INFO - chord#: 254 done. best_score=11.0, changed=541, unchanged=280, early_stops=8/8
26 - INFO - chord#: 256 In build_straw_man_chord_sa. tolerance = 1, sa_iterations = 1000, initial_temperature = 3.0, cooling_rate = 0.999
26 - INFO - chord#: 244 done. best_score=36.0, changed=521, unchanged=425, early_stops=8/8
26 - INFO - chord#: 246 In build_straw_man_chord_sa. tolerance = 1, sa_iterations = 1000, initial_temperature = 3.0, cooling_rate = 0.999
26 - INFO - chord#: 272 done. best_score=9.0, changed=460, unchanged=378, early_stops=8/8
26 - INFO - chord#: 228 done. best_score=27.0, changed=525, unchanged=471, early_stops=8/8
26 - INFO - chord#: 232 In build_straw_man_chord_sa. tolerance = 1, sa_iterations = 1000, initial_temperature = 3.0, cooling_rate = 0.999
26 - INFO - chord#: 252 done. best_score=119.0, changed=607, unchanged=281, early_stops=8/8
26 - INFO - chord#: 254 In build_straw_man_chord_sa. tolerance = 1, sa_iterations = 1000, initial_temperature = 3.0, cooling_rate = 0.999
26 - INFO - chord#: 220 done. best_score=145.0, changed=608, unchanged=353, early_stops=8/8
26 - INFO - chord#: 224 In build_straw_man_chord_sa. tolerance = 1, sa_iterations = 1000, initial_temperature = 3.0, cooling_rate = 0.999
26 - INFO - chord#: 254 done. best_score=11.0, changed=467, unchanged=345, early_stops=8/8
26 - INFO - chord#: 256 In build_straw_man_chord_sa. tolerance = 1, sa_iterations = 1000, initial_temperature = 3.0, cooling_rate = 0.999
26 - INFO - chord#: 224 done. best_score=9.0, changed=456, unchanged=382, early_stops=8/8
26 - INFO - chord#: 228 In build_straw_man_chord_sa. tolerance = 1, sa_iterations = 1000, initial_temperature = 3.0, cooling_rate = 0.999
26 - INFO - chord#: 242 done. best_score=106.0, changed=610, unchanged=281, early_stops=8/8
26 - INFO - chord#: 244 In build_straw_man_chord_sa. tolerance = 1, sa_iterations = 1000, initial_temperature = 3.0, cooling_rate = 0.999
26 - INFO - chord#: 270 done. best_score=67.0, changed=611, unchanged=360, early_stops=8/8
26 - INFO - chord#: 272 In build_straw_man_chord_sa. tolerance = 1, sa_iterations = 1000, initial_temperature = 3.0, cooling_rate = 0.999
26 - INFO - chord#: 248 done. best_score=96.0, changed=616, unchanged=335, early_stops=8/8
26 - INFO - chord#: 250 In build_straw_man_chord_sa. tolerance = 1, sa_iterations = 1000, initial_temperature = 3.0, cooling_rate = 0.999
26 - INFO - chord#: 270 done. best_score=67.0, changed=607, unchanged=265, early_stops=8/8
26 - INFO - chord#: 272 In build_straw_man_chord_sa. tolerance = 1, sa_iterations = 1000, initial_temperature = 3.0, cooling_rate = 0.999
26 - INFO - chord#: 220 done. best_score=67.0, changed=621, unchanged=331, early_stops=8/8
26 - INFO - chord#: 224 In build_straw_man_chord_sa. tolerance = 1, sa_iterations = 1000, initial_temperature = 3.0, cooling_rate = 0.999
26 - INFO - chord#: 272 done. best_score=9.0, changed=468, unchanged=364, early_stops=8/8
26 - INFO - chord#: 272 done. best_score=9.0, changed=451, unchanged=378, early_stops=8/8
26 - INFO - chord#: 228 done. best_score=27.0, changed=526, unchanged=411, early_stops=8/8
26 - INFO - chord#: 232 In build_straw_man_chord_sa. tolerance = 1, sa_iterations = 1000, initial_temperature = 3.0, cooling_rate = 0.999
26 - INFO - chord#: 244 done. best_score=36.0, changed=541, unchanged=362, early_stops=8/8
26 - INFO - chord#: 246 In build_straw_man_chord_sa. tolerance = 1, sa_iterations = 1000, initial_temperature = 3.0, cooling_rate = 0.999
26 - INFO - chord#: 224 done. best_score=9.0, changed=461, unchanged=363, early_stops=8/8
26 - INFO - chord#: 228 In build_straw_man_chord_sa. tolerance = 1, sa_iterations = 1000, initial_temperature = 3.0, cooling_rate = 0.999
26 - INFO - chord#: 256 done. best_score=119.0, changed=617, unchanged=409, early_stops=8/8
26 - INFO - chord#: 260 In build_straw_man_chord_sa. tolerance = 1, sa_iterations = 1000, initial_temperature = 3.0, cooling_rate = 0.999
26 - INFO - chord#: 250 done. best_score=61.0, changed=523, unchanged=339, early_stops=8/8
26 - INFO - chord#: 252 In build_straw_man_chord_sa. tolerance = 1, sa_iterations = 1000, initial_temperature = 3.0, cooling_rate = 0.999
26 - INFO - chord#: 246 done. best_score=141.0, changed=611, unchanged=323, early_stops=8/8
26 - INFO - chord#: 248 In build_straw_man_chord_sa. tolerance = 1, sa_iterations = 1000, initial_temperature = 3.0, cooling_rate = 0.999
26 - INFO - chord#: 232 done. best_score=78.0, changed=616, unchanged=312, early_stops=8/8
26 - INFO - chord#: 236 In build_straw_man_chord_sa. tolerance = 1, sa_iterations = 1000, initial_temperature = 3.0, cooling_rate = 0.999
26 - INFO - chord#: 228 done. best_score=27.0, changed=521, unchanged=405, early_stops=8/8
26 - INFO - chord#: 232 In build_straw_man_chord_sa. tolerance = 1, sa_iterations = 1000, initial_temperature = 3.0, cooling_rate = 0.999
26 - INFO - chord#: 256 done. best_score=78.0, changed=615, unchanged=376, early_stops=8/8
26 - INFO - chord#: 260 In build_straw_man_chord_sa. tolerance = 1, sa_iterations = 1000, initial_temperature = 3.0, cooling_rate = 0.999
26 - INFO - chord#: 260 done. best_score=27.0, changed=516, unchanged=429, early_stops=8/8
26 - INFO - chord#: 262 In build_straw_man_chord_sa. tolerance = 1, sa_iterations = 1000, initial_temperature = 3.0, cooling_rate = 0.999
26 - INFO - chord#: 236 done. best_score=36.0, changed=523, unchanged=310, early_stops=8/8
26 - INFO - chord#: 240 In build_straw_man_chord_sa. tolerance = 1, sa_iterations = 1000, initial_temperature = 3.0, cooling_rate = 0.999
26 - INFO - chord#: 240 done. best_score=11.0, changed=480, unchanged=358, early_stops=8/8
26 - INFO - chord#: 242 In build_straw_man_chord_sa. tolerance = 1, sa_iterations = 1000, initial_temperature = 3.0, cooling_rate = 0.999
26 - INFO - chord#: 260 done. best_score=27.0, changed=512, unchanged=321, early_stops=8/8
26 - INFO - chord#: 262 In build_straw_man_chord_sa. tolerance = 1, sa_iterations = 1000, initial_temperature = 3.0, cooling_rate = 0.999
26 - INFO - chord#: 246 done. best_score=149.0, changed=613, unchanged=418, early_stops=8/8
26 - INFO - chord#: 248 In build_straw_man_chord_sa. tolerance = 1, sa_iterations = 1000, initial_temperature = 3.0, cooling_rate = 0.999
26 - INFO - chord#: 252 done. best_score=166.0, changed=613, unchanged=320, early_stops=8/8
26 - INFO - chord#: 254 In build_straw_man_chord_sa. tolerance = 1, sa_iterations = 1000, initial_temperature = 3.0, cooling_rate = 0.999
26 - INFO - chord#: 254 done. best_score=11.0, changed=493, unchanged=327, early_stops=8/8
26 - INFO - chord#: 256 In build_straw_man_chord_sa. tolerance = 1, sa_iterations = 1000, initial_temperature = 3.0, cooling_rate = 0.999
26 - INFO - chord#: 232 done. best_score=67.0, changed=611, unchanged=320, early_stops=8/8
26 - INFO - chord#: 236 In build_straw_man_chord_sa. tolerance = 1, sa_iterations = 1000, initial_temperature = 3.0, cooling_rate = 0.999
26 - INFO - chord#: 232 done. best_score=78.0, changed=605, unchanged=231, early_stops=8/8
26 - INFO - chord#: 236 In build_straw_man_chord_sa. tolerance = 1, sa_iterations = 1000, initial_temperature = 3.0, cooling_rate = 0.999
26 - INFO - chord#: 248 done. best_score=146.0, changed=606, unchanged=231, early_stops=8/8
26 - INFO - chord#: 250 In build_straw_man_chord_sa. tolerance = 1, sa_iterations = 1000, initial_temperature = 3.0, cooling_rate = 0.999
26 - INFO - chord#: 262 done. best_score=64.0, changed=610, unchanged=300, early_stops=8/8
26 - INFO - chord#: 264 In build_straw_man_chord_sa. tolerance = 1, sa_iterations = 1000, initial_temperature = 3.0, cooling_rate = 0.999
26 - INFO - chord#: 242 done. best_score=106.0, changed=606, unchanged=268, early_stops=8/8
26 - INFO - chord#: 244 In build_straw_man_chord_sa. tolerance = 1, sa_iterations = 1000, initial_temperature = 3.0, cooling_rate = 0.999
26 - INFO - chord#: 236 done. best_score=36.0, changed=525, unchanged=338, early_stops=8/8
26 - INFO - chord#: 240 In build_straw_man_chord_sa. tolerance = 1, sa_iterations = 1000, initial_temperature = 3.0, cooling_rate = 0.999
26 - INFO - chord#: 236 done. best_score=36.0, changed=513, unchanged=348, early_stops=8/8
26 - INFO - chord#: 240 In build_straw_man_chord_sa. tolerance = 1, sa_iterations = 1000, initial_temperature = 3.0, cooling_rate = 0.999
26 - INFO - chord#: 240 done. best_score=11.0, changed=478, unchanged=344, early_stops=8/8
26 - INFO - chord#: 242 In build_straw_man_chord_sa. tolerance = 1, sa_iterations = 1000, initial_temperature = 3.0, cooling_rate = 0.999
26 - INFO - chord#: 262 done. best_score=104.0, changed=618, unchanged=360, early_stops=8/8
26 - INFO - chord#: 264 In build_straw_man_chord_sa. tolerance = 1, sa_iterations = 1000, initial_temperature = 3.0, cooling_rate = 0.999
26 - INFO - chord#: 240 done. best_score=11.0, changed=489, unchanged=405, early_stops=8/8
26 - INFO - chord#: 242 In build_straw_man_chord_sa. tolerance = 1, sa_iterations = 1000, initial_temperature = 3.0, cooling_rate = 0.999
26 - INFO - chord#: 250 done. best_score=61.0, changed=537, unchanged=412, early_stops=8/8
26 - INFO - chord#: 252 In build_straw_man_chord_sa. tolerance = 1, sa_iterations = 1000, initial_temperature = 3.0, cooling_rate = 0.999
26 - INFO - chord#: 244 done. best_score=27.0, changed=515, unchanged=332, early_stops=8/8
26 - INFO - chord#: 246 In build_straw_man_chord_sa. tolerance = 1, sa_iterations = 1000, initial_temperature = 3.0, cooling_rate = 0.999
26 - INFO - chord#: 256 done. best_score=78.0, changed=608, unchanged=204, early_stops=8/8
26 - INFO - chord#: 260 In build_straw_man_chord_sa. tolerance = 1, sa_iterations = 1000, initial_temperature = 3.0, cooling_rate = 0.999
26 - INFO - chord#: 248 done. best_score=146.0, changed=620, unchanged=376, early_stops=8/8
26 - INFO - chord#: 250 In build_straw_man_chord_sa. tolerance = 1, sa_iterations = 1000, initial_temperature = 3.0, cooling_rate = 0.999
26 - INFO - chord#: 264 done. best_score=78.0, changed=608, unchanged=266, early_stops=8/8
26 - INFO - chord#: 268 In build_straw_man_chord_sa. tolerance = 1, sa_iterations = 1000, initial_temperature = 3.0, cooling_rate = 0.999
26 - INFO - chord#: 260 done. best_score=27.0, changed=519, unchanged=473, early_stops=8/8
26 - INFO - chord#: 262 In build_straw_man_chord_sa. tolerance = 1, sa_iterations = 1000, initial_temperature = 3.0, cooling_rate = 0.999
26 - INFO - chord#: 250 done. best_score=61.0, changed=539, unchanged=325, early_stops=8/8
26 - INFO - chord#: 252 In build_straw_man_chord_sa. tolerance = 1, sa_iterations = 1000, initial_temperature = 3.0, cooling_rate = 0.999
26 - INFO - chord#: 264 done. best_score=67.0, changed=612, unchanged=261, early_stops=8/8
26 - INFO - chord#: 268 In build_straw_man_chord_sa. tolerance = 1, sa_iterations = 1000, initial_temperature = 3.0, cooling_rate = 0.999
26 - INFO - chord#: 268 done. best_score=27.0, changed=514, unchanged=358, early_stops=8/8
26 - INFO - chord#: 270 In build_straw_man_chord_sa. tolerance = 1, sa_iterations = 1000, initial_temperature = 3.0, cooling_rate = 0.999
26 - INFO - chord#: 246 done. best_score=127.0, changed=607, unchanged=211, early_stops=8/8
26 - INFO - chord#: 248 In build_straw_man_chord_sa. tolerance = 1, sa_iterations = 1000, initial_temperature = 3.0, cooling_rate = 0.999
26 - INFO - chord#: 242 done. best_score=106.0, changed=612, unchanged=375, early_stops=8/8
26 - INFO - chord#: 244 In build_straw_man_chord_sa. tolerance = 1, sa_iterations = 1000, initial_temperature = 3.0, cooling_rate = 0.999
26 - INFO - chord#: 252 done. best_score=67.0, changed=609, unchanged=272, early_stops=8/8
26 - INFO - chord#: 254 In build_straw_man_chord_sa. tolerance = 1, sa_iterations = 1000, initial_temperature = 3.0, cooling_rate = 0.999
26 - INFO - chord#: 242 done. best_score=101.0, changed=612, unchanged=281, early_stops=8/8
26 - INFO - chord#: 244 In build_straw_man_chord_sa. tolerance = 1, sa_iterations = 1000, initial_temperature = 3.0, cooling_rate = 0.999
26 - INFO - chord#: 268 done. best_score=27.0, changed=523, unchanged=446, early_stops=8/8
26 - INFO - chord#: 270 In build_straw_man_chord_sa. tolerance = 1, sa_iterations = 1000, initial_temperature = 3.0, cooling_rate = 0.999
26 - INFO - chord#: 254 done. best_score=11.0, changed=503, unchanged=317, early_stops=8/8
26 - INFO - chord#: 256 In build_straw_man_chord_sa. tolerance = 1, sa_iterations = 1000, initial_temperature = 3.0, cooling_rate = 0.999
26 - INFO - chord#: 244 done. best_score=36.0, changed=520, unchanged=336, early_stops=8/8
26 - INFO - chord#: 246 In build_straw_man_chord_sa. tolerance = 1, sa_iterations = 1000, initial_temperature = 3.0, cooling_rate = 0.999
26 - INFO - chord#: 262 done. best_score=104.0, changed=607, unchanged=289, early_stops=8/8
26 - INFO - chord#: 264 In build_straw_man_chord_sa. tolerance = 1, sa_iterations = 1000, initial_temperature = 3.0, cooling_rate = 0.999
26 - INFO - chord#: 244 done. best_score=27.0, changed=526, unchanged=377, early_stops=8/8
26 - INFO - chord#: 246 In build_straw_man_chord_sa. tolerance = 1, sa_iterations = 1000, initial_temperature = 3.0, cooling_rate = 0.999
26 - INFO - chord#: 252 done. best_score=96.0, changed=614, unchanged=334, early_stops=8/8
26 - INFO - chord#: 254 In build_straw_man_chord_sa. tolerance = 1, sa_iterations = 1000, initial_temperature = 3.0, cooling_rate = 0.999
26 - INFO - chord#: 270 done. best_score=157.0, changed=608, unchanged=261, early_stops=8/8
26 - INFO - chord#: 272 In build_straw_man_chord_sa. tolerance = 1, sa_iterations = 1000, initial_temperature = 3.0, cooling_rate = 0.999
26 - INFO - chord#: 254 done. best_score=11.0, changed=511, unchanged=318, early_stops=8/8
26 - INFO - chord#: 256 In build_straw_man_chord_sa. tolerance = 1, sa_iterations = 1000, initial_temperature = 3.0, cooling_rate = 0.999
26 - INFO - chord#: 272 done. best_score=9.0, changed=448, unchanged=370, early_stops=8/8
26 - INFO - chord#: 248 done. best_score=141.0, changed=616, unchanged=354, early_stops=8/8
26 - INFO - chord#: 250 In build_straw_man_chord_sa. tolerance = 1, sa_iterations = 1000, initial_temperature = 3.0, cooling_rate = 0.999
26 - INFO - chord#: 264 done. best_score=67.0, changed=606, unchanged=260, early_stops=8/8
26 - INFO - chord#: 268 In build_straw_man_chord_sa. tolerance = 1, sa_iterations = 1000, initial_temperature = 3.0, cooling_rate = 0.999
26 - INFO - chord#: 246 done. best_score=149.0, changed=616, unchanged=338, early_stops=8/8
26 - INFO - chord#: 248 In build_straw_man_chord_sa. tolerance = 1, sa_iterations = 1000, initial_temperature = 3.0, cooling_rate = 0.999
26 - INFO - chord#: 256 done. best_score=78.0, changed=612, unchanged=302, early_stops=8/8
26 - INFO - chord#: 260 In build_straw_man_chord_sa. tolerance = 1, sa_iterations = 1000, initial_temperature = 3.0, cooling_rate = 0.999
26 - INFO - chord#: 270 done. best_score=67.0, changed=617, unchanged=373, early_stops=8/8
26 - INFO - chord#: 272 In build_straw_man_chord_sa. tolerance = 1, sa_iterations = 1000, initial_temperature = 3.0, cooling_rate = 0.999
26 - INFO - chord#: 250 done. best_score=61.0, changed=533, unchanged=326, early_stops=8/8
26 - INFO - chord#: 252 In build_straw_man_chord_sa. tolerance = 1, sa_iterations = 1000, initial_temperature = 3.0, cooling_rate = 0.999
26 - INFO - chord#: 272 done. best_score=9.0, changed=465, unchanged=380, early_stops=8/8
26 - INFO - chord#: 268 done. best_score=27.0, changed=520, unchanged=374, early_stops=8/8
26 - INFO - chord#: 270 In build_straw_man_chord_sa. tolerance = 1, sa_iterations = 1000, initial_temperature = 3.0, cooling_rate = 0.999
26 - INFO - chord#: 260 done. best_score=27.0, changed=518, unchanged=360, early_stops=8/8
26 - INFO - chord#: 262 In build_straw_man_chord_sa. tolerance = 1, sa_iterations = 1000, initial_temperature = 3.0, cooling_rate = 0.999
26 - INFO - chord#: 246 done. best_score=74.0, changed=612, unchanged=266, early_stops=8/8
26 - INFO - chord#: 248 In build_straw_man_chord_sa. tolerance = 1, sa_iterations = 1000, initial_temperature = 3.0, cooling_rate = 0.999
26 - INFO - chord#: 256 done. best_score=153.0, changed=612, unchanged=432, early_stops=8/8
26 - INFO - chord#: 260 In build_straw_man_chord_sa. tolerance = 1, sa_iterations = 1000, initial_temperature = 3.0, cooling_rate = 0.999
26 - INFO - chord#: 248 done. best_score=141.0, changed=609, unchanged=277, early_stops=8/8
26 - INFO - chord#: 250 In build_straw_man_chord_sa. tolerance = 1, sa_iterations = 1000, initial_temperature = 3.0, cooling_rate = 0.999
26 - INFO - chord#: 260 done. best_score=27.0, changed=517, unchanged=380, early_stops=8/8
26 - INFO - chord#: 262 In build_straw_man_chord_sa. tolerance = 1, sa_iterations = 1000, initial_temperature = 3.0, cooling_rate = 0.999
26 - INFO - chord#: 252 done. best_score=137.0, changed=607, unchanged=301, early_stops=8/8
26 - INFO - chord#: 254 In build_straw_man_chord_sa. tolerance = 1, sa_iterations = 1000, initial_temperature = 3.0, cooling_rate = 0.999
26 - INFO - chord#: 254 done. best_score=11.0, changed=500, unchanged=318, early_stops=8/8
26 - INFO - chord#: 256 In build_straw_man_chord_sa. tolerance = 1, sa_iterations = 1000, initial_temperature = 3.0, cooling_rate = 0.999
26 - INFO - chord#: 270 done. best_score=96.0, changed=609, unchanged=224, early_stops=8/8
26 - INFO - chord#: 272 In build_straw_man_chord_sa. tolerance = 1, sa_iterations = 1000, initial_temperature = 3.0, cooling_rate = 0.999
26 - INFO - chord#: 272 done. best_score=9.0, changed=459, unchanged=381, early_stops=8/8
26 - INFO - chord#: 250 done. best_score=61.0, changed=531, unchanged=290, early_stops=8/8
26 - INFO - chord#: 252 In build_straw_man_chord_sa. tolerance = 1, sa_iterations = 1000, initial_temperature = 3.0, cooling_rate = 0.999
26 - INFO - chord#: 248 done. best_score=149.0, changed=610, unchanged=275, early_stops=8/8
26 - INFO - chord#: 250 In build_straw_man_chord_sa. tolerance = 1, sa_iterations = 1000, initial_temperature = 3.0, cooling_rate = 0.999
26 - INFO - chord#: 262 done. best_score=112.0, changed=614, unchanged=343, early_stops=8/8
26 - INFO - chord#: 264 In build_straw_man_chord_sa. tolerance = 1, sa_iterations = 1000, initial_temperature = 3.0, cooling_rate = 0.999
26 - INFO - chord#: 250 done. best_score=61.0, changed=531, unchanged=312, early_stops=8/8
26 - INFO - chord#: 252 In build_straw_man_chord_sa. tolerance = 1, sa_iterations = 1000, initial_temperature = 3.0, cooling_rate = 0.999
26 - INFO - chord#: 256 done. best_score=78.0, changed=611, unchanged=247, early_stops=8/8
26 - INFO - chord#: 260 In build_straw_man_chord_sa. tolerance = 1, sa_iterations = 1000, initial_temperature = 3.0, cooling_rate = 0.999
26 - INFO - chord#: 262 done. best_score=64.0, changed=611, unchanged=435, early_stops=8/8
26 - INFO - chord#: 264 In build_straw_man_chord_sa. tolerance = 1, sa_iterations = 1000, initial_temperature = 3.0, cooling_rate = 0.999
26 - INFO - chord#: 252 done. best_score=67.0, changed=610, unchanged=347, early_stops=8/8
26 - INFO - chord#: 254 In build_straw_man_chord_sa. tolerance = 1, sa_iterations = 1000, initial_temperature = 3.0, cooling_rate = 0.999
26 - INFO - chord#: 260 done. best_score=27.0, changed=522, unchanged=434, early_stops=8/8
26 - INFO - chord#: 262 In build_straw_man_chord_sa. tolerance = 1, sa_iterations = 1000, initial_temperature = 3.0, cooling_rate = 0.999
26 - INFO - chord#: 254 done. best_score=13.0, changed=505, unchanged=303, early_stops=8/8
26 - INFO - chord#: 256 In build_straw_man_chord_sa. tolerance = 1, sa_iterations = 1000, initial_temperature = 3.0, cooling_rate = 0.999
26 - INFO - chord#: 264 done. best_score=67.0, changed=615, unchanged=393, early_stops=8/8
26 - INFO - chord#: 268 In build_straw_man_chord_sa. tolerance = 1, sa_iterations = 1000, initial_temperature = 3.0, cooling_rate = 0.999
26 - INFO - chord#: 268 done. best_score=27.0, changed=518, unchanged=445, early_stops=8/8
26 - INFO - chord#: 270 In build_straw_man_chord_sa. tolerance = 1, sa_iterations = 1000, initial_temperature = 3.0, cooling_rate = 0.999
26 - INFO - chord#: 252 done. best_score=67.0, changed=615, unchanged=437, early_stops=8/8
26 - INFO - chord#: 254 In build_straw_man_chord_sa. tolerance = 1, sa_iterations = 1000, initial_temperature = 3.0, cooling_rate = 0.999
26 - INFO - chord#: 254 done. best_score=11.0, changed=497, unchanged=336, early_stops=8/8
26 - INFO - chord#: 256 In build_straw_man_chord_sa. tolerance = 1, sa_iterations = 1000, initial_temperature = 3.0, cooling_rate = 0.999
26 - INFO - chord#: 264 done. best_score=67.0, changed=616, unchanged=442, early_stops=8/8
26 - INFO - chord#: 268 In build_straw_man_chord_sa. tolerance = 1, sa_iterations = 1000, initial_temperature = 3.0, cooling_rate = 0.999
26 - INFO - chord#: 256 done. best_score=67.0, changed=613, unchanged=339, early_stops=8/8
26 - INFO - chord#: 260 In build_straw_man_chord_sa. tolerance = 1, sa_iterations = 1000, initial_temperature = 3.0, cooling_rate = 0.999
26 - INFO - chord#: 262 done. best_score=104.0, changed=615, unchanged=389, early_stops=8/8
26 - INFO - chord#: 264 In build_straw_man_chord_sa. tolerance = 1, sa_iterations = 1000, initial_temperature = 3.0, cooling_rate = 0.999
26 - INFO - chord#: 268 done. best_score=27.0, changed=523, unchanged=521, early_stops=8/8
26 - INFO - chord#: 270 In build_straw_man_chord_sa. tolerance = 1, sa_iterations = 1000, initial_temperature = 3.0, cooling_rate = 0.999
26 - INFO - chord#: 260 done. best_score=27.0, changed=513, unchanged=416, early_stops=8/8
26 - INFO - chord#: 262 In build_straw_man_chord_sa. tolerance = 1, sa_iterations = 1000, initial_temperature = 3.0, cooling_rate = 0.999
26 - INFO - chord#: 270 done. best_score=137.0, changed=614, unchanged=331, early_stops=8/8
26 - INFO - chord#: 272 In build_straw_man_chord_sa. tolerance = 1, sa_iterations = 1000, initial_temperature = 3.0, cooling_rate = 0.999
26 - INFO - chord#: 272 done. best_score=9.0, changed=458, unchanged=357, early_stops=8/8
26 - INFO - chord#: 264 done. best_score=67.0, changed=610, unchanged=339, early_stops=8/8
26 - INFO - chord#: 268 In build_straw_man_chord_sa. tolerance = 1, sa_iterations = 1000, initial_temperature = 3.0, cooling_rate = 0.999
26 - INFO - chord#: 256 done. best_score=125.0, changed=613, unchanged=327, early_stops=8/8
26 - INFO - chord#: 260 In build_straw_man_chord_sa. tolerance = 1, sa_iterations = 1000, initial_temperature = 3.0, cooling_rate = 0.999
26 - INFO - chord#: 268 done. best_score=27.0, changed=521, unchanged=442, early_stops=8/8
26 - INFO - chord#: 270 In build_straw_man_chord_sa. tolerance = 1, sa_iterations = 1000, initial_temperature = 3.0, cooling_rate = 0.999
26 - INFO - chord#: 270 done. best_score=145.0, changed=605, unchanged=205, early_stops=8/8
26 - INFO - chord#: 272 In build_straw_man_chord_sa. tolerance = 1, sa_iterations = 1000, initial_temperature = 3.0, cooling_rate = 0.999
26 - INFO - chord#: 260 done. best_score=27.0, changed=528, unchanged=434, early_stops=8/8
26 - INFO - chord#: 262 In build_straw_man_chord_sa. tolerance = 1, sa_iterations = 1000, initial_temperature = 3.0, cooling_rate = 0.999
26 - INFO - chord#: 272 done. best_score=9.0, changed=464, unchanged=367, early_stops=8/8
26 - INFO - chord#: 262 done. best_score=64.0, changed=610, unchanged=427, early_stops=8/8
26 - INFO - chord#: 264 In build_straw_man_chord_sa. tolerance = 1, sa_iterations = 1000, initial_temperature = 3.0, cooling_rate = 0.999
26 - INFO - chord#: 270 done. best_score=137.0, changed=607, unchanged=221, early_stops=8/8
26 - INFO - chord#: 272 In build_straw_man_chord_sa. tolerance = 1, sa_iterations = 1000, initial_temperature = 3.0, cooling_rate = 0.999
26 - INFO - chord#: 272 done. best_score=9.0, changed=462, unchanged=365, early_stops=8/8
26 - INFO - chord#: 262 done. best_score=64.0, changed=619, unchanged=363, early_stops=8/8
26 - INFO - chord#: 264 In build_straw_man_chord_sa. tolerance = 1, sa_iterations = 1000, initial_temperature = 3.0, cooling_rate = 0.999
26 - INFO - chord#: 264 done. best_score=145.0, changed=618, unchanged=461, early_stops=8/8
26 - INFO - chord#: 268 In build_straw_man_chord_sa. tolerance = 1, sa_iterations = 1000, initial_temperature = 3.0, cooling_rate = 0.999
26 - INFO - chord#: 268 done. best_score=27.0, changed=511, unchanged=380, early_stops=8/8
26 - INFO - chord#: 270 In build_straw_man_chord_sa. tolerance = 1, sa_iterations = 1000, initial_temperature = 3.0, cooling_rate = 0.999
26 - INFO - chord#: 264 done. best_score=166.0, changed=609, unchanged=267, early_stops=8/8
26 - INFO - chord#: 268 In build_straw_man_chord_sa. tolerance = 1, sa_iterations = 1000, initial_temperature = 3.0, cooling_rate = 0.999
26 - INFO - chord#: 268 done. best_score=27.0, changed=524, unchanged=486, early_stops=8/8
26 - INFO - chord#: 270 In build_straw_man_chord_sa. tolerance = 1, sa_iterations = 1000, initial_temperature = 3.0, cooling_rate = 0.999
26 - INFO - chord#: 270 done. best_score=157.0, changed=617, unchanged=309, early_stops=8/8
26 - INFO - chord#: 272 In build_straw_man_chord_sa. tolerance = 1, sa_iterations = 1000, initial_temperature = 3.0, cooling_rate = 0.999
26 - INFO - chord#: 272 done. best_score=9.0, changed=468, unchanged=377, early_stops=8/8
26 - INFO - chord#: 270 done. best_score=67.0, changed=609, unchanged=431, early_stops=8/8
26 - INFO - chord#: 272 In build_straw_man_chord_sa. tolerance = 1, sa_iterations = 1000, initial_temperature = 3.0, cooling_rate = 0.999
26 - INFO - chord#: 272 done. best_score=9.0, changed=459, unchanged=429, early_stops=8/8
26 - INFO - chord#: 0 In build_straw_man_chord_sa. tolerance = 1, sa_iterations = 1000, initial_temperature = 3.0, cooling_rate = 0.999
26 - INFO - chord#: 0 In build_straw_man_chord_sa. tolerance = 1, sa_iterations = 1000, initial_temperature = 3.0, cooling_rate = 0.999
26 - INFO - chord#: 0 In build_straw_man_chord_sa. tolerance = 1, sa_iterations = 1000, initial_temperature = 3.0, cooling_rate = 0.999
26 - INFO - chord#: 0 In build_straw_man_chord_sa. tolerance = 1, sa_iterations = 1000, initial_temperature = 3.0, cooling_rate = 0.999
26 - INFO - chord#: 0 In build_straw_man_chord_sa. tolerance = 1, sa_iterations = 1000, initial_temperature = 3.0, cooling_rate = 0.999
26 - INFO - chord#: 0 In build_straw_man_chord_sa. tolerance = 1, sa_iterations = 1000, initial_temperature = 3.0, cooling_rate = 0.999
26 - INFO - chord#: 0 In build_straw_man_chord_sa. tolerance = 1, sa_iterations = 1000, initial_temperature = 3.0, cooling_rate = 0.999
26 - INFO - chord#: 0 In build_straw_man_chord_sa. tolerance = 1, sa_iterations = 1000, initial_temperature = 3.0, cooling_rate = 0.999
26 - INFO - chord#: 0 In build_straw_man_chord_sa. tolerance = 1, sa_iterations = 1000, initial_temperature = 3.0, cooling_rate = 0.999
26 - INFO - chord#: 0 In build_straw_man_chord_sa. tolerance = 1, sa_iterations = 1000, initial_temperature = 3.0, cooling_rate = 0.999
26 - INFO - chord#: 0 In build_straw_man_chord_sa. tolerance = 1, sa_iterations = 1000, initial_temperature = 3.0, cooling_rate = 0.999
26 - INFO - chord#: 0 In build_straw_man_chord_sa. tolerance = 1, sa_iterations = 1000, initial_temperature = 3.0, cooling_rate = 0.999
26 - INFO - chord#: 0 done. best_score=27.0, changed=513, unchanged=422, early_stops=8/8
26 - INFO - chord#: 2 In build_straw_man_chord_sa. tolerance = 1, sa_iterations = 1000, initial_temperature = 3.0, cooling_rate = 0.999
26 - INFO - chord#: 0 done. best_score=27.0, changed=522, unchanged=435, early_stops=8/8
26 - INFO - chord#: 2 In build_straw_man_chord_sa. tolerance = 1, sa_iterations = 1000, initial_temperature = 3.0, cooling_rate = 0.999
26 - INFO - chord#: 0 done. best_score=27.0, changed=526, unchanged=431, early_stops=8/8
26 - INFO - chord#: 2 In build_straw_man_chord_sa. tolerance = 1, sa_iterations = 1000, initial_temperature = 3.0, cooling_rate = 0.999
26 - INFO - chord#: 0 done. best_score=27.0, changed=516, unchanged=450, early_stops=8/8
26 - INFO - chord#: 2 In build_straw_man_chord_sa. tolerance = 1, sa_iterations = 1000, initial_temperature = 3.0, cooling_rate = 0.999
26 - INFO - chord#: 0 done. best_score=27.0, changed=523, unchanged=431, early_stops=8/8
26 - INFO - chord#: 2 In build_straw_man_chord_sa. tolerance = 1, sa_iterations = 1000, initial_temperature = 3.0, cooling_rate = 0.999
26 - INFO - chord#: 0 done. best_score=27.0, changed=522, unchanged=430, early_stops=8/8
26 - INFO - chord#: 2 In build_straw_man_chord_sa. tolerance = 1, sa_iterations = 1000, initial_temperature = 3.0, cooling_rate = 0.999
26 - INFO - chord#: 0 done. best_score=27.0, changed=517, unchanged=399, early_stops=8/8
26 - INFO - chord#: 2 In build_straw_man_chord_sa. tolerance = 1, sa_iterations = 1000, initial_temperature = 3.0, cooling_rate = 0.999
26 - INFO - chord#: 0 done. best_score=27.0, changed=525, unchanged=414, early_stops=8/8
26 - INFO - chord#: 2 In build_straw_man_chord_sa. tolerance = 1, sa_iterations = 1000, initial_temperature = 3.0, cooling_rate = 0.999
26 - INFO - chord#: 0 done. best_score=27.0, changed=519, unchanged=463, early_stops=8/8
26 - INFO - chord#: 2 In build_straw_man_chord_sa. tolerance = 1, sa_iterations = 1000, initial_temperature = 3.0, cooling_rate = 0.999
26 - INFO - chord#: 0 done. best_score=27.0, changed=515, unchanged=464, early_stops=8/8
26 - INFO - chord#: 2 In build_straw_man_chord_sa. tolerance = 1, sa_iterations = 1000, initial_temperature = 3.0, cooling_rate = 0.999
26 - INFO - chord#: 0 done. best_score=27.0, changed=521, unchanged=484, early_stops=8/8
26 - INFO - chord#: 2 In build_straw_man_chord_sa. tolerance = 1, sa_iterations = 1000, initial_temperature = 3.0, cooling_rate = 0.999
26 - INFO - chord#: 0 done. best_score=27.0, changed=533, unchanged=592, early_stops=8/8
26 - INFO - chord#: 2 In build_straw_man_chord_sa. tolerance = 1, sa_iterations = 1000, initial_temperature = 3.0, cooling_rate = 0.999
26 - INFO - chord#: 2 done. best_score=105.0, changed=611, unchanged=255, early_stops=8/8
26 - INFO - chord#: 4 In build_straw_man_chord_sa. tolerance = 1, sa_iterations = 1000, initial_temperature = 3.0, cooling_rate = 0.999
26 - INFO - chord#: 2 done. best_score=93.0, changed=613, unchanged=331, early_stops=8/8
26 - INFO - chord#: 4 In build_straw_man_chord_sa. tolerance = 1, sa_iterations = 1000, initial_temperature = 3.0, cooling_rate = 0.999
26 - INFO - chord#: 2 done. best_score=93.0, changed=611, unchanged=399, early_stops=8/8
26 - INFO - chord#: 4 In build_straw_man_chord_sa. tolerance = 1, sa_iterations = 1000, initial_temperature = 3.0, cooling_rate = 0.999
26 - INFO - chord#: 2 done. best_score=94.0, changed=611, unchanged=409, early_stops=8/8
26 - INFO - chord#: 4 In build_straw_man_chord_sa. tolerance = 1, sa_iterations = 1000, initial_temperature = 3.0, cooling_rate = 0.999
26 - INFO - chord#: 2 done. best_score=93.0, changed=611, unchanged=306, early_stops=8/8
26 - INFO - chord#: 4 In build_straw_man_chord_sa. tolerance = 1, sa_iterations = 1000, initial_temperature = 3.0, cooling_rate = 0.999
26 - INFO - chord#: 2 done. best_score=96.0, changed=615, unchanged=467, early_stops=8/8
26 - INFO - chord#: 4 In build_straw_man_chord_sa. tolerance = 1, sa_iterations = 1000, initial_temperature = 3.0, cooling_rate = 0.999
26 - INFO - chord#: 2 done. best_score=96.0, changed=608, unchanged=214, early_stops=8/8
26 - INFO - chord#: 4 In build_straw_man_chord_sa. tolerance = 1, sa_iterations = 1000, initial_temperature = 3.0, cooling_rate = 0.999
26 - INFO - chord#: 2 done. best_score=93.0, changed=612, unchanged=274, early_stops=8/8
26 - INFO - chord#: 4 In build_straw_man_chord_sa. tolerance = 1, sa_iterations = 1000, initial_temperature = 3.0, cooling_rate = 0.999
26 - INFO - chord#: 2 done. best_score=93.0, changed=609, unchanged=301, early_stops=8/8
26 - INFO - chord#: 4 In build_straw_man_chord_sa. tolerance = 1, sa_iterations = 1000, initial_temperature = 3.0, cooling_rate = 0.999
26 - INFO - chord#: 2 done. best_score=93.0, changed=610, unchanged=298, early_stops=8/8
26 - INFO - chord#: 4 In build_straw_man_chord_sa. tolerance = 1, sa_iterations = 1000, initial_temperature = 3.0, cooling_rate = 0.999
26 - INFO - chord#: 4 done. best_score=27.0, changed=521, unchanged=462, early_stops=8/8
26 - INFO - chord#: 8 In build_straw_man_chord_sa. tolerance = 1, sa_iterations = 1000, initial_temperature = 3.0, cooling_rate = 0.999
26 - INFO - chord#: 4 done. best_score=27.0, changed=523, unchanged=418, early_stops=8/8
26 - INFO - chord#: 8 In build_straw_man_chord_sa. tolerance = 1, sa_iterations = 1000, initial_temperature = 3.0, cooling_rate = 0.999
26 - INFO - chord#: 4 done. best_score=27.0, changed=514, unchanged=319, early_stops=8/8
26 - INFO - chord#: 8 In build_straw_man_chord_sa. tolerance = 1, sa_iterations = 1000, initial_temperature = 3.0, cooling_rate = 0.999
26 - INFO - chord#: 4 done. best_score=27.0, changed=518, unchanged=333, early_stops=8/8
26 - INFO - chord#: 8 In build_straw_man_chord_sa. tolerance = 1, sa_iterations = 1000, initial_temperature = 3.0, cooling_rate = 0.999
26 - INFO - chord#: 2 done. best_score=93.0, changed=613, unchanged=442, early_stops=8/8
26 - INFO - chord#: 4 In build_straw_man_chord_sa. tolerance = 1, sa_iterations = 1000, initial_temperature = 3.0, cooling_rate = 0.999
26 - INFO - chord#: 4 done. best_score=27.0, changed=516, unchanged=354, early_stops=8/8
26 - INFO - chord#: 8 In build_straw_man_chord_sa. tolerance = 1, sa_iterations = 1000, initial_temperature = 3.0, cooling_rate = 0.999
26 - INFO - chord#: 4 done. best_score=27.0, changed=529, unchanged=410, early_stops=8/8
26 - INFO - chord#: 8 In build_straw_man_chord_sa. tolerance = 1, sa_iterations = 1000, initial_temperature = 3.0, cooling_rate = 0.999
26 - INFO - chord#: 2 done. best_score=93.0, changed=616, unchanged=487, early_stops=8/8
26 - INFO - chord#: 4 In build_straw_man_chord_sa. tolerance = 1, sa_iterations = 1000, initial_temperature = 3.0, cooling_rate = 0.999
26 - INFO - chord#: 4 done. best_score=27.0, changed=527, unchanged=382, early_stops=8/8
26 - INFO - chord#: 8 In build_straw_man_chord_sa. tolerance = 1, sa_iterations = 1000, initial_temperature = 3.0, cooling_rate = 0.999
26 - INFO - chord#: 4 done. best_score=27.0, changed=523, unchanged=375, early_stops=8/8
26 - INFO - chord#: 8 In build_straw_man_chord_sa. tolerance = 1, sa_iterations = 1000, initial_temperature = 3.0, cooling_rate = 0.999
26 - INFO - chord#: 4 done. best_score=27.0, changed=524, unchanged=356, early_stops=8/8
26 - INFO - chord#: 8 In build_straw_man_chord_sa. tolerance = 1, sa_iterations = 1000, initial_temperature = 3.0, cooling_rate = 0.999
26 - INFO - chord#: 8 done. best_score=27.0, changed=522, unchanged=405, early_stops=8/8
26 - INFO - chord#: 10 In build_straw_man_chord_sa. tolerance = 1, sa_iterations = 1000, initial_temperature = 3.0, cooling_rate = 0.999
26 - INFO - chord#: 4 done. best_score=27.0, changed=523, unchanged=351, early_stops=8/8
26 - INFO - chord#: 8 In build_straw_man_chord_sa. tolerance = 1, sa_iterations = 1000, initial_temperature = 3.0, cooling_rate = 0.999
26 - INFO - chord#: 8 done. best_score=27.0, changed=515, unchanged=311, early_stops=8/8
26 - INFO - chord#: 10 In build_straw_man_chord_sa. tolerance = 1, sa_iterations = 1000, initial_temperature = 3.0, cooling_rate = 0.999
26 - INFO - chord#: 8 done. best_score=27.0, changed=524, unchanged=423, early_stops=8/8
26 - INFO - chord#: 10 In build_straw_man_chord_sa. tolerance = 1, sa_iterations = 1000, initial_temperature = 3.0, cooling_rate = 0.999
26 - INFO - chord#: 8 done. best_score=27.0, changed=520, unchanged=463, early_stops=8/8
26 - INFO - chord#: 10 In build_straw_man_chord_sa. tolerance = 1, sa_iterations = 1000, initial_temperature = 3.0, cooling_rate = 0.999
26 - INFO - chord#: 8 done. best_score=27.0, changed=520, unchanged=330, early_stops=8/8
26 - INFO - chord#: 10 In build_straw_man_chord_sa. tolerance = 1, sa_iterations = 1000, initial_temperature = 3.0, cooling_rate = 0.999
26 - INFO - chord#: 4 done. best_score=27.0, changed=516, unchanged=332, early_stops=8/8
26 - INFO - chord#: 8 In build_straw_man_chord_sa. tolerance = 1, sa_iterations = 1000, initial_temperature = 3.0, cooling_rate = 0.999
26 - INFO - chord#: 8 done. best_score=27.0, changed=526, unchanged=403, early_stops=8/8
26 - INFO - chord#: 10 In build_straw_man_chord_sa. tolerance = 1, sa_iterations = 1000, initial_temperature = 3.0, cooling_rate = 0.999
26 - INFO - chord#: 4 done. best_score=27.0, changed=518, unchanged=328, early_stops=8/8
26 - INFO - chord#: 8 In build_straw_man_chord_sa. tolerance = 1, sa_iterations = 1000, initial_temperature = 3.0, cooling_rate = 0.999
26 - INFO - chord#: 8 done. best_score=27.0, changed=520, unchanged=300, early_stops=8/8
26 - INFO - chord#: 10 In build_straw_man_chord_sa. tolerance = 1, sa_iterations = 1000, initial_temperature = 3.0, cooling_rate = 0.999
26 - INFO - chord#: 10 done. best_score=48.0, changed=534, unchanged=362, early_stops=8/8
26 - INFO - chord#: 12 In build_straw_man_chord_sa. tolerance = 1, sa_iterations = 1000, initial_temperature = 3.0, cooling_rate = 0.999
26 - INFO - chord#: 10 done. best_score=48.0, changed=539, unchanged=335, early_stops=8/8
26 - INFO - chord#: 12 In build_straw_man_chord_sa. tolerance = 1, sa_iterations = 1000, initial_temperature = 3.0, cooling_rate = 0.999
26 - INFO - chord#: 10 done. best_score=48.0, changed=526, unchanged=326, early_stops=8/8
26 - INFO - chord#: 12 In build_straw_man_chord_sa. tolerance = 1, sa_iterations = 1000, initial_temperature = 3.0, cooling_rate = 0.999
26 - INFO - chord#: 10 done. best_score=48.0, changed=533, unchanged=346, early_stops=8/8
26 - INFO - chord#: 12 In build_straw_man_chord_sa. tolerance = 1, sa_iterations = 1000, initial_temperature = 3.0, cooling_rate = 0.999
26 - INFO - chord#: 8 done. best_score=27.0, changed=523, unchanged=392, early_stops=8/8
26 - INFO - chord#: 10 In build_straw_man_chord_sa. tolerance = 1, sa_iterations = 1000, initial_temperature = 3.0, cooling_rate = 0.999
26 - INFO - chord#: 8 done. best_score=27.0, changed=528, unchanged=454, early_stops=8/8
26 - INFO - chord#: 10 In build_straw_man_chord_sa. tolerance = 1, sa_iterations = 1000, initial_temperature = 3.0, cooling_rate = 0.999
26 - INFO - chord#: 8 done. best_score=27.0, changed=525, unchanged=356, early_stops=8/8
26 - INFO - chord#: 10 In build_straw_man_chord_sa. tolerance = 1, sa_iterations = 1000, initial_temperature = 3.0, cooling_rate = 0.999
26 - INFO - chord#: 10 done. best_score=48.0, changed=543, unchanged=304, early_stops=8/8
26 - INFO - chord#: 12 In build_straw_man_chord_sa. tolerance = 1, sa_iterations = 1000, initial_temperature = 3.0, cooling_rate = 0.999
26 - INFO - chord#: 10 done. best_score=48.0, changed=535, unchanged=390, early_stops=8/8
26 - INFO - chord#: 12 In build_straw_man_chord_sa. tolerance = 1, sa_iterations = 1000, initial_temperature = 3.0, cooling_rate = 0.999
26 - INFO - chord#: 8 done. best_score=27.0, changed=518, unchanged=364, early_stops=8/8
26 - INFO - chord#: 10 In build_straw_man_chord_sa. tolerance = 1, sa_iterations = 1000, initial_temperature = 3.0, cooling_rate = 0.999
26 - INFO - chord#: 12 done. best_score=27.0, changed=527, unchanged=365, early_stops=8/8
26 - INFO - chord#: 14 In build_straw_man_chord_sa. tolerance = 1, sa_iterations = 1000, initial_temperature = 3.0, cooling_rate = 0.999
26 - INFO - chord#: 12 done. best_score=27.0, changed=528, unchanged=492, early_stops=8/8
26 - INFO - chord#: 14 In build_straw_man_chord_sa. tolerance = 1, sa_iterations = 1000, initial_temperature = 3.0, cooling_rate = 0.999
26 - INFO - chord#: 12 done. best_score=27.0, changed=514, unchanged=391, early_stops=8/8
26 - INFO - chord#: 14 In build_straw_man_chord_sa. tolerance = 1, sa_iterations = 1000, initial_temperature = 3.0, cooling_rate = 0.999
26 - INFO - chord#: 8 done. best_score=27.0, changed=522, unchanged=460, early_stops=8/8
26 - INFO - chord#: 10 In build_straw_man_chord_sa. tolerance = 1, sa_iterations = 1000, initial_temperature = 3.0, cooling_rate = 0.999
26 - INFO - chord#: 12 done. best_score=27.0, changed=522, unchanged=423, early_stops=8/8
26 - INFO - chord#: 14 In build_straw_man_chord_sa. tolerance = 1, sa_iterations = 1000, initial_temperature = 3.0, cooling_rate = 0.999
26 - INFO - chord#: 10 done. best_score=48.0, changed=529, unchanged=360, early_stops=8/8
26 - INFO - chord#: 12 In build_straw_man_chord_sa. tolerance = 1, sa_iterations = 1000, initial_temperature = 3.0, cooling_rate = 0.999
26 - INFO - chord#: 10 done. best_score=48.0, changed=527, unchanged=311, early_stops=8/8
26 - INFO - chord#: 12 In build_straw_man_chord_sa. tolerance = 1, sa_iterations = 1000, initial_temperature = 3.0, cooling_rate = 0.999
26 - INFO - chord#: 12 done. best_score=27.0, changed=519, unchanged=360, early_stops=8/8
26 - INFO - chord#: 14 In build_straw_man_chord_sa. tolerance = 1, sa_iterations = 1000, initial_temperature = 3.0, cooling_rate = 0.999
26 - INFO - chord#: 12 done. best_score=27.0, changed=516, unchanged=336, early_stops=8/8
26 - INFO - chord#: 14 In build_straw_man_chord_sa. tolerance = 1, sa_iterations = 1000, initial_temperature = 3.0, cooling_rate = 0.999
26 - INFO - chord#: 10 done. best_score=48.0, changed=534, unchanged=333, early_stops=8/8
26 - INFO - chord#: 12 In build_straw_man_chord_sa. tolerance = 1, sa_iterations = 1000, initial_temperature = 3.0, cooling_rate = 0.999
26 - INFO - chord#: 10 done. best_score=48.0, changed=533, unchanged=410, early_stops=8/8
26 - INFO - chord#: 12 In build_straw_man_chord_sa. tolerance = 1, sa_iterations = 1000, initial_temperature = 3.0, cooling_rate = 0.999
26 - INFO - chord#: 10 done. best_score=48.0, changed=524, unchanged=333, early_stops=8/8
26 - INFO - chord#: 12 In build_straw_man_chord_sa. tolerance = 1, sa_iterations = 1000, initial_temperature = 3.0, cooling_rate = 0.999
26 - INFO - chord#: 10 done. best_score=48.0, changed=522, unchanged=308, early_stops=8/8
26 - INFO - chord#: 12 In build_straw_man_chord_sa. tolerance = 1, sa_iterations = 1000, initial_temperature = 3.0, cooling_rate = 0.999
26 - INFO - chord#: 12 done. best_score=27.0, changed=515, unchanged=357, early_stops=8/8
26 - INFO - chord#: 14 In build_straw_man_chord_sa. tolerance = 1, sa_iterations = 1000, initial_temperature = 3.0, cooling_rate = 0.999
26 - INFO - chord#: 12 done. best_score=27.0, changed=521, unchanged=396, early_stops=8/8
26 - INFO - chord#: 14 In build_straw_man_chord_sa. tolerance = 1, sa_iterations = 1000, initial_temperature = 3.0, cooling_rate = 0.999
26 - INFO - chord#: 14 done. best_score=70.0, changed=611, unchanged=262, early_stops=8/8
26 - INFO - chord#: 16 In build_straw_man_chord_sa. tolerance = 1, sa_iterations = 1000, initial_temperature = 3.0, cooling_rate = 0.999
26 - INFO - chord#: 12 done. best_score=27.0, changed=516, unchanged=418, early_stops=8/8
26 - INFO - chord#: 14 In build_straw_man_chord_sa. tolerance = 1, sa_iterations = 1000, initial_temperature = 3.0, cooling_rate = 0.999
26 - INFO - chord#: 14 done. best_score=70.0, changed=613, unchanged=286, early_stops=8/8
26 - INFO - chord#: 16 In build_straw_man_chord_sa. tolerance = 1, sa_iterations = 1000, initial_temperature = 3.0, cooling_rate = 0.999
26 - INFO - chord#: 12 done. best_score=27.0, changed=512, unchanged=409, early_stops=8/8
26 - INFO - chord#: 14 In build_straw_man_chord_sa. tolerance = 1, sa_iterations = 1000, initial_temperature = 3.0, cooling_rate = 0.999
26 - INFO - chord#: 12 done. best_score=27.0, changed=520, unchanged=582, early_stops=8/8
26 - INFO - chord#: 14 In build_straw_man_chord_sa. tolerance = 1, sa_iterations = 1000, initial_temperature = 3.0, cooling_rate = 0.999
26 - INFO - chord#: 14 done. best_score=70.0, changed=614, unchanged=387, early_stops=8/8
26 - INFO - chord#: 16 In build_straw_man_chord_sa. tolerance = 1, sa_iterations = 1000, initial_temperature = 3.0, cooling_rate = 0.999
26 - INFO - chord#: 14 done. best_score=70.0, changed=611, unchanged=266, early_stops=8/8
26 - INFO - chord#: 16 In build_straw_man_chord_sa. tolerance = 1, sa_iterations = 1000, initial_temperature = 3.0, cooling_rate = 0.999
26 - INFO - chord#: 14 done. best_score=70.0, changed=614, unchanged=365, early_stops=8/8
26 - INFO - chord#: 16 In build_straw_man_chord_sa. tolerance = 1, sa_iterations = 1000, initial_temperature = 3.0, cooling_rate = 0.999
26 - INFO - chord#: 12 done. best_score=27.0, changed=519, unchanged=364, early_stops=8/8
26 - INFO - chord#: 14 In build_straw_man_chord_sa. tolerance = 1, sa_iterations = 1000, initial_temperature = 3.0, cooling_rate = 0.999
26 - INFO - chord#: 14 done. best_score=70.0, changed=615, unchanged=297, early_stops=8/8
26 - INFO - chord#: 16 In build_straw_man_chord_sa. tolerance = 1, sa_iterations = 1000, initial_temperature = 3.0, cooling_rate = 0.999
26 - INFO - chord#: 16 done. best_score=61.0, changed=522, unchanged=332, early_stops=8/8
26 - INFO - chord#: 18 In build_straw_man_chord_sa. tolerance = 1, sa_iterations = 1000, initial_temperature = 3.0, cooling_rate = 0.999
26 - INFO - chord#: 16 done. best_score=61.0, changed=531, unchanged=360, early_stops=8/8
26 - INFO - chord#: 18 In build_straw_man_chord_sa. tolerance = 1, sa_iterations = 1000, initial_temperature = 3.0, cooling_rate = 0.999
26 - INFO - chord#: 16 done. best_score=61.0, changed=537, unchanged=311, early_stops=8/8
26 - INFO - chord#: 18 In build_straw_man_chord_sa. tolerance = 1, sa_iterations = 1000, initial_temperature = 3.0, cooling_rate = 0.999
26 - INFO - chord#: 16 done. best_score=61.0, changed=526, unchanged=309, early_stops=8/8
26 - INFO - chord#: 18 In build_straw_man_chord_sa. tolerance = 1, sa_iterations = 1000, initial_temperature = 3.0, cooling_rate = 0.999
26 - INFO - chord#: 16 done. best_score=61.0, changed=535, unchanged=435, early_stops=8/8
26 - INFO - chord#: 18 In build_straw_man_chord_sa. tolerance = 1, sa_iterations = 1000, initial_temperature = 3.0, cooling_rate = 0.999
26 - INFO - chord#: 16 done. best_score=61.0, changed=522, unchanged=338, early_stops=8/8
26 - INFO - chord#: 18 In build_straw_man_chord_sa. tolerance = 1, sa_iterations = 1000, initial_temperature = 3.0, cooling_rate = 0.999
26 - INFO - chord#: 14 done. best_score=70.0, changed=614, unchanged=300, early_stops=8/8
26 - INFO - chord#: 16 In build_straw_man_chord_sa. tolerance = 1, sa_iterations = 1000, initial_temperature = 3.0, cooling_rate = 0.999
26 - INFO - chord#: 14 done. best_score=70.0, changed=616, unchanged=318, early_stops=8/8
26 - INFO - chord#: 16 In build_straw_man_chord_sa. tolerance = 1, sa_iterations = 1000, initial_temperature = 3.0, cooling_rate = 0.999
26 - INFO - chord#: 14 done. best_score=70.0, changed=614, unchanged=246, early_stops=8/8
26 - INFO - chord#: 16 In build_straw_man_chord_sa. tolerance = 1, sa_iterations = 1000, initial_temperature = 3.0, cooling_rate = 0.999
26 - INFO - chord#: 14 done. best_score=70.0, changed=612, unchanged=274, early_stops=8/8
26 - INFO - chord#: 16 In build_straw_man_chord_sa. tolerance = 1, sa_iterations = 1000, initial_temperature = 3.0, cooling_rate = 0.999
26 - INFO - chord#: 14 done. best_score=70.0, changed=614, unchanged=282, early_stops=8/8
26 - INFO - chord#: 16 In build_straw_man_chord_sa. tolerance = 1, sa_iterations = 1000, initial_temperature = 3.0, cooling_rate = 0.999
26 - INFO - chord#: 14 done. best_score=70.0, changed=609, unchanged=270, early_stops=8/8
26 - INFO - chord#: 16 In build_straw_man_chord_sa. tolerance = 1, sa_iterations = 1000, initial_temperature = 3.0, cooling_rate = 0.999
26 - INFO - chord#: 18 done. best_score=78.0, changed=611, unchanged=342, early_stops=8/8
26 - INFO - chord#: 20 In build_straw_man_chord_sa. tolerance = 1, sa_iterations = 1000, initial_temperature = 3.0, cooling_rate = 0.999
26 - INFO - chord#: 18 done. best_score=158.0, changed=612, unchanged=281, early_stops=8/8
26 - INFO - chord#: 20 In build_straw_man_chord_sa. tolerance = 1, sa_iterations = 1000, initial_temperature = 3.0, cooling_rate = 0.999
26 - INFO - chord#: 16 done. best_score=61.0, changed=524, unchanged=315, early_stops=8/8
26 - INFO - chord#: 18 In build_straw_man_chord_sa. tolerance = 1, sa_iterations = 1000, initial_temperature = 3.0, cooling_rate = 0.999
26 - INFO - chord#: 16 done. best_score=61.0, changed=530, unchanged=361, early_stops=8/8
26 - INFO - chord#: 18 In build_straw_man_chord_sa. tolerance = 1, sa_iterations = 1000, initial_temperature = 3.0, cooling_rate = 0.999
26 - INFO - chord#: 18 done. best_score=78.0, changed=611, unchanged=312, early_stops=8/8
26 - INFO - chord#: 20 In build_straw_man_chord_sa. tolerance = 1, sa_iterations = 1000, initial_temperature = 3.0, cooling_rate = 0.999
26 - INFO - chord#: 16 done. best_score=61.0, changed=541, unchanged=321, early_stops=8/8
26 - INFO - chord#: 18 In build_straw_man_chord_sa. tolerance = 1, sa_iterations = 1000, initial_temperature = 3.0, cooling_rate = 0.999
26 - INFO - chord#: 18 done. best_score=78.0, changed=611, unchanged=328, early_stops=8/8
26 - INFO - chord#: 20 In build_straw_man_chord_sa. tolerance = 1, sa_iterations = 1000, initial_temperature = 3.0, cooling_rate = 0.999
26 - INFO - chord#: 18 done. best_score=96.0, changed=610, unchanged=256, early_stops=8/8
26 - INFO - chord#: 20 In build_straw_man_chord_sa. tolerance = 1, sa_iterations = 1000, initial_temperature = 3.0, cooling_rate = 0.999
26 - INFO - chord#: 16 done. best_score=61.0, changed=532, unchanged=333, early_stops=8/8
26 - INFO - chord#: 18 In build_straw_man_chord_sa. tolerance = 1, sa_iterations = 1000, initial_temperature = 3.0, cooling_rate = 0.999
26 - INFO - chord#: 16 done. best_score=61.0, changed=526, unchanged=358, early_stops=8/8
26 - INFO - chord#: 18 In build_straw_man_chord_sa. tolerance = 1, sa_iterations = 1000, initial_temperature = 3.0, cooling_rate = 0.999
26 - INFO - chord#: 16 done. best_score=61.0, changed=529, unchanged=319, early_stops=8/8
26 - INFO - chord#: 18 In build_straw_man_chord_sa. tolerance = 1, sa_iterations = 1000, initial_temperature = 3.0, cooling_rate = 0.999
26 - INFO - chord#: 20 done. best_score=36.0, changed=520, unchanged=340, early_stops=8/8
26 - INFO - chord#: 24 In build_straw_man_chord_sa. tolerance = 1, sa_iterations = 1000, initial_temperature = 3.0, cooling_rate = 0.999
26 - INFO - chord#: 20 done. best_score=36.0, changed=526, unchanged=448, early_stops=8/8
26 - INFO - chord#: 24 In build_straw_man_chord_sa. tolerance = 1, sa_iterations = 1000, initial_temperature = 3.0, cooling_rate = 0.999
26 - INFO - chord#: 18 done. best_score=78.0, changed=610, unchanged=307, early_stops=8/8
26 - INFO - chord#: 20 In build_straw_man_chord_sa. tolerance = 1, sa_iterations = 1000, initial_temperature = 3.0, cooling_rate = 0.999
26 - INFO - chord#: 20 done. best_score=36.0, changed=529, unchanged=369, early_stops=8/8
26 - INFO - chord#: 24 In build_straw_man_chord_sa. tolerance = 1, sa_iterations = 1000, initial_temperature = 3.0, cooling_rate = 0.999
26 - INFO - chord#: 20 done. best_score=36.0, changed=514, unchanged=324, early_stops=8/8
26 - INFO - chord#: 24 In build_straw_man_chord_sa. tolerance = 1, sa_iterations = 1000, initial_temperature = 3.0, cooling_rate = 0.999
26 - INFO - chord#: 20 done. best_score=36.0, changed=527, unchanged=409, early_stops=8/8
26 - INFO - chord#: 24 In build_straw_man_chord_sa. tolerance = 1, sa_iterations = 1000, initial_temperature = 3.0, cooling_rate = 0.999
26 - INFO - chord#: 24 done. best_score=27.0, changed=518, unchanged=354, early_stops=8/8
26 - INFO - chord#: 26 In build_straw_man_chord_sa. tolerance = 1, sa_iterations = 1000, initial_temperature = 3.0, cooling_rate = 0.999
26 - INFO - chord#: 24 done. best_score=27.0, changed=522, unchanged=405, early_stops=8/8
26 - INFO - chord#: 26 In build_straw_man_chord_sa. tolerance = 1, sa_iterations = 1000, initial_temperature = 3.0, cooling_rate = 0.999
26 - INFO - chord#: 24 done. best_score=27.0, changed=523, unchanged=346, early_stops=8/8
26 - INFO - chord#: 26 In build_straw_man_chord_sa. tolerance = 1, sa_iterations = 1000, initial_temperature = 3.0, cooling_rate = 0.999
26 - INFO - chord#: 24 done. best_score=27.0, changed=525, unchanged=444, early_stops=8/8
26 - INFO - chord#: 26 In build_straw_man_chord_sa. tolerance = 1, sa_iterations = 1000, initial_temperature = 3.0, cooling_rate = 0.999
26 - INFO - chord#: 20 done. best_score=36.0, changed=521, unchanged=407, early_stops=8/8
26 - INFO - chord#: 24 In build_straw_man_chord_sa. tolerance = 1, sa_iterations = 1000, initial_temperature = 3.0, cooling_rate = 0.999
26 - INFO - chord#: 24 done. best_score=27.0, changed=521, unchanged=404, early_stops=8/8
26 - INFO - chord#: 26 In build_straw_man_chord_sa. tolerance = 1, sa_iterations = 1000, initial_temperature = 3.0, cooling_rate = 0.999
26 - INFO - chord#: 18 done. best_score=78.0, changed=609, unchanged=260, early_stops=8/8
26 - INFO - chord#: 20 In build_straw_man_chord_sa. tolerance = 1, sa_iterations = 1000, initial_temperature = 3.0, cooling_rate = 0.999
26 - INFO - chord#: 18 done. best_score=162.0, changed=610, unchanged=241, early_stops=8/8
26 - INFO - chord#: 20 In build_straw_man_chord_sa. tolerance = 1, sa_iterations = 1000, initial_temperature = 3.0, cooling_rate = 0.999
26 - INFO - chord#: 18 done. best_score=137.0, changed=614, unchanged=484, early_stops=8/8
26 - INFO - chord#: 20 In build_straw_man_chord_sa. tolerance = 1, sa_iterations = 1000, initial_temperature = 3.0, cooling_rate = 0.999
26 - INFO - chord#: 18 done. best_score=78.0, changed=615, unchanged=385, early_stops=8/8
26 - INFO - chord#: 20 In build_straw_man_chord_sa. tolerance = 1, sa_iterations = 1000, initial_temperature = 3.0, cooling_rate = 0.999
26 - INFO - chord#: 24 done. best_score=27.0, changed=521, unchanged=506, early_stops=8/8
26 - INFO - chord#: 26 In build_straw_man_chord_sa. tolerance = 1, sa_iterations = 1000, initial_temperature = 3.0, cooling_rate = 0.999
26 - INFO - chord#: 20 done. best_score=36.0, changed=523, unchanged=372, early_stops=8/8
26 - INFO - chord#: 24 In build_straw_man_chord_sa. tolerance = 1, sa_iterations = 1000, initial_temperature = 3.0, cooling_rate = 0.999
26 - INFO - chord#: 18 done. best_score=78.0, changed=612, unchanged=387, early_stops=8/8
26 - INFO - chord#: 20 In build_straw_man_chord_sa. tolerance = 1, sa_iterations = 1000, initial_temperature = 3.0, cooling_rate = 0.999
26 - INFO - chord#: 26 done. best_score=96.0, changed=613, unchanged=256, early_stops=8/8
26 - INFO - chord#: 28 In build_straw_man_chord_sa. tolerance = 1, sa_iterations = 1000, initial_temperature = 3.0, cooling_rate = 0.999
26 - INFO - chord#: 20 done. best_score=36.0, changed=518, unchanged=352, early_stops=8/8
26 - INFO - chord#: 24 In build_straw_man_chord_sa. tolerance = 1, sa_iterations = 1000, initial_temperature = 3.0, cooling_rate = 0.999
26 - INFO - chord#: 20 done. best_score=36.0, changed=522, unchanged=436, early_stops=8/8
26 - INFO - chord#: 24 In build_straw_man_chord_sa. tolerance = 1, sa_iterations = 1000, initial_temperature = 3.0, cooling_rate = 0.999
26 - INFO - chord#: 18 done. best_score=67.0, changed=613, unchanged=439, early_stops=8/8
26 - INFO - chord#: 20 In build_straw_man_chord_sa. tolerance = 1, sa_iterations = 1000, initial_temperature = 3.0, cooling_rate = 0.999
26 - INFO - chord#: 26 done. best_score=96.0, changed=610, unchanged=287, early_stops=8/8
26 - INFO - chord#: 28 In build_straw_man_chord_sa. tolerance = 1, sa_iterations = 1000, initial_temperature = 3.0, cooling_rate = 0.999
26 - INFO - chord#: 20 done. best_score=36.0, changed=522, unchanged=434, early_stops=8/8
26 - INFO - chord#: 24 In build_straw_man_chord_sa. tolerance = 1, sa_iterations = 1000, initial_temperature = 3.0, cooling_rate = 0.999
26 - INFO - chord#: 26 done. best_score=74.0, changed=612, unchanged=301, early_stops=8/8
26 - INFO - chord#: 28 In build_straw_man_chord_sa. tolerance = 1, sa_iterations = 1000, initial_temperature = 3.0, cooling_rate = 0.999
26 - INFO - chord#: 26 done. best_score=74.0, changed=614, unchanged=294, early_stops=8/8
26 - INFO - chord#: 28 In build_straw_man_chord_sa. tolerance = 1, sa_iterations = 1000, initial_temperature = 3.0, cooling_rate = 0.999
26 - INFO - chord#: 24 done. best_score=27.0, changed=529, unchanged=448, early_stops=8/8
26 - INFO - chord#: 26 In build_straw_man_chord_sa. tolerance = 1, sa_iterations = 1000, initial_temperature = 3.0, cooling_rate = 0.999
26 - INFO - chord#: 20 done. best_score=36.0, changed=520, unchanged=323, early_stops=8/8
26 - INFO - chord#: 24 In build_straw_man_chord_sa. tolerance = 1, sa_iterations = 1000, initial_temperature = 3.0, cooling_rate = 0.999
26 - INFO - chord#: 24 done. best_score=27.0, changed=520, unchanged=397, early_stops=8/8
26 - INFO - chord#: 26 In build_straw_man_chord_sa. tolerance = 1, sa_iterations = 1000, initial_temperature = 3.0, cooling_rate = 0.999
26 - INFO - chord#: 26 done. best_score=74.0, changed=613, unchanged=360, early_stops=8/8
26 - INFO - chord#: 28 In build_straw_man_chord_sa. tolerance = 1, sa_iterations = 1000, initial_temperature = 3.0, cooling_rate = 0.999
26 - INFO - chord#: 24 done. best_score=27.0, changed=520, unchanged=365, early_stops=8/8
26 - INFO - chord#: 26 In build_straw_man_chord_sa. tolerance = 1, sa_iterations = 1000, initial_temperature = 3.0, cooling_rate = 0.999
26 - INFO - chord#: 20 done. best_score=36.0, changed=524, unchanged=388, early_stops=8/8
26 - INFO - chord#: 24 In build_straw_man_chord_sa. tolerance = 1, sa_iterations = 1000, initial_temperature = 3.0, cooling_rate = 0.999
26 - INFO - chord#: 24 done. best_score=27.0, changed=521, unchanged=563, early_stops=8/8
26 - INFO - chord#: 26 In build_straw_man_chord_sa. tolerance = 1, sa_iterations = 1000, initial_temperature = 3.0, cooling_rate = 0.999
26 - INFO - chord#: 28 done. best_score=78.0, changed=608, unchanged=256, early_stops=8/8
26 - INFO - chord#: 32 In build_straw_man_chord_sa. tolerance = 1, sa_iterations = 1000, initial_temperature = 3.0, cooling_rate = 0.999
26 - INFO - chord#: 24 done. best_score=27.0, changed=517, unchanged=331, early_stops=8/8
26 - INFO - chord#: 26 In build_straw_man_chord_sa. tolerance = 1, sa_iterations = 1000, initial_temperature = 3.0, cooling_rate = 0.999
26 - INFO - chord#: 28 done. best_score=125.0, changed=609, unchanged=271, early_stops=8/8
26 - INFO - chord#: 32 In build_straw_man_chord_sa. tolerance = 1, sa_iterations = 1000, initial_temperature = 3.0, cooling_rate = 0.999
26 - INFO - chord#: 24 done. best_score=27.0, changed=520, unchanged=418, early_stops=8/8
26 - INFO - chord#: 26 In build_straw_man_chord_sa. tolerance = 1, sa_iterations = 1000, initial_temperature = 3.0, cooling_rate = 0.999
26 - INFO - chord#: 28 done. best_score=67.0, changed=613, unchanged=299, early_stops=8/8
26 - INFO - chord#: 32 In build_straw_man_chord_sa. tolerance = 1, sa_iterations = 1000, initial_temperature = 3.0, cooling_rate = 0.999
26 - INFO - chord#: 32 done. best_score=36.0, changed=524, unchanged=468, early_stops=8/8
26 - INFO - chord#: 36 In build_straw_man_chord_sa. tolerance = 1, sa_iterations = 1000, initial_temperature = 3.0, cooling_rate = 0.999
26 - INFO - chord#: 28 done. best_score=119.0, changed=611, unchanged=233, early_stops=8/8
26 - INFO - chord#: 32 In build_straw_man_chord_sa. tolerance = 1, sa_iterations = 1000, initial_temperature = 3.0, cooling_rate = 0.999
26 - INFO - chord#: 26 done. best_score=149.0, changed=614, unchanged=459, early_stops=8/8
26 - INFO - chord#: 28 In build_straw_man_chord_sa. tolerance = 1, sa_iterations = 1000, initial_temperature = 3.0, cooling_rate = 0.999
26 - INFO - chord#: 32 done. best_score=36.0, changed=527, unchanged=403, early_stops=8/8
26 - INFO - chord#: 36 In build_straw_man_chord_sa. tolerance = 1, sa_iterations = 1000, initial_temperature = 3.0, cooling_rate = 0.999
26 - INFO - chord#: 26 done. best_score=121.0, changed=614, unchanged=384, early_stops=8/8
26 - INFO - chord#: 28 In build_straw_man_chord_sa. tolerance = 1, sa_iterations = 1000, initial_temperature = 3.0, cooling_rate = 0.999
26 - INFO - chord#: 26 done. best_score=74.0, changed=616, unchanged=468, early_stops=8/8
26 - INFO - chord#: 28 In build_straw_man_chord_sa. tolerance = 1, sa_iterations = 1000, initial_temperature = 3.0, cooling_rate = 0.999
26 - INFO - chord#: 32 done. best_score=27.0, changed=517, unchanged=390, early_stops=8/8
26 - INFO - chord#: 36 In build_straw_man_chord_sa. tolerance = 1, sa_iterations = 1000, initial_temperature = 3.0, cooling_rate = 0.999
26 - INFO - chord#: 26 done. best_score=74.0, changed=614, unchanged=396, early_stops=8/8
26 - INFO - chord#: 28 In build_straw_man_chord_sa. tolerance = 1, sa_iterations = 1000, initial_temperature = 3.0, cooling_rate = 0.999
26 - INFO - chord#: 26 done. best_score=74.0, changed=618, unchanged=293, early_stops=8/8
26 - INFO - chord#: 28 In build_straw_man_chord_sa. tolerance = 1, sa_iterations = 1000, initial_temperature = 3.0, cooling_rate = 0.999
26 - INFO - chord#: 36 done. best_score=72.0, changed=526, unchanged=390, early_stops=8/8
26 - INFO - chord#: 44 In build_straw_man_chord_sa. tolerance = 1, sa_iterations = 1000, initial_temperature = 3.0, cooling_rate = 0.999
26 - INFO - chord#: 28 done. best_score=78.0, changed=612, unchanged=332, early_stops=8/8
26 - INFO - chord#: 32 In build_straw_man_chord_sa. tolerance = 1, sa_iterations = 1000, initial_temperature = 3.0, cooling_rate = 0.999
26 - INFO - chord#: 36 done. best_score=57.0, changed=532, unchanged=369, early_stops=8/8
26 - INFO - chord#: 44 In build_straw_man_chord_sa. tolerance = 1, sa_iterations = 1000, initial_temperature = 3.0, cooling_rate = 0.999
26 - INFO - chord#: 32 done. best_score=27.0, changed=520, unchanged=322, early_stops=8/8
26 - INFO - chord#: 36 In build_straw_man_chord_sa. tolerance = 1, sa_iterations = 1000, initial_temperature = 3.0, cooling_rate = 0.999
26 - INFO - chord#: 36 done. best_score=27.0, changed=513, unchanged=333, early_stops=8/8
26 - INFO - chord#: 44 In build_straw_man_chord_sa. tolerance = 1, sa_iterations = 1000, initial_temperature = 3.0, cooling_rate = 0.999
26 - INFO - chord#: 44 done. best_score=36.0, changed=534, unchanged=307, early_stops=8/8
26 - INFO - chord#: 48 In build_straw_man_chord_sa. tolerance = 1, sa_iterations = 1000, initial_temperature = 3.0, cooling_rate = 0.999
26 - INFO - chord#: 26 done. best_score=148.0, changed=609, unchanged=265, early_stops=8/8
26 - INFO - chord#: 28 In build_straw_man_chord_sa. tolerance = 1, sa_iterations = 1000, initial_temperature = 3.0, cooling_rate = 0.999
26 - INFO - chord#: 44 done. best_score=36.0, changed=541, unchanged=415, early_stops=8/8
26 - INFO - chord#: 48 In build_straw_man_chord_sa. tolerance = 1, sa_iterations = 1000, initial_temperature = 3.0, cooling_rate = 0.999
26 - INFO - chord#: 32 done. best_score=27.0, changed=522, unchanged=378, early_stops=8/8
26 - INFO - chord#: 36 In build_straw_man_chord_sa. tolerance = 1, sa_iterations = 1000, initial_temperature = 3.0, cooling_rate = 0.999
26 - INFO - chord#: 28 done. best_score=78.0, changed=611, unchanged=226, early_stops=8/8
26 - INFO - chord#: 32 In build_straw_man_chord_sa. tolerance = 1, sa_iterations = 1000, initial_temperature = 3.0, cooling_rate = 0.999
26 - INFO - chord#: 36 done. best_score=27.0, changed=522, unchanged=436, early_stops=8/8
26 - INFO - chord#: 44 In build_straw_man_chord_sa. tolerance = 1, sa_iterations = 1000, initial_temperature = 3.0, cooling_rate = 0.999
26 - INFO - chord#: 44 done. best_score=27.0, changed=524, unchanged=366, early_stops=8/8
26 - INFO - chord#: 48 In build_straw_man_chord_sa. tolerance = 1, sa_iterations = 1000, initial_temperature = 3.0, cooling_rate = 0.999
26 - INFO - chord#: 48 done. best_score=27.0, changed=516, unchanged=310, early_stops=8/8
26 - INFO - chord#: 50 In build_straw_man_chord_sa. tolerance = 1, sa_iterations = 1000, initial_temperature = 3.0, cooling_rate = 0.999
26 - INFO - chord#: 26 done. best_score=74.0, changed=613, unchanged=445, early_stops=8/8
26 - INFO - chord#: 28 In build_straw_man_chord_sa. tolerance = 1, sa_iterations = 1000, initial_temperature = 3.0, cooling_rate = 0.999
26 - INFO - chord#: 48 done. best_score=27.0, changed=527, unchanged=398, early_stops=8/8
26 - INFO - chord#: 50 In build_straw_man_chord_sa. tolerance = 1, sa_iterations = 1000, initial_temperature = 3.0, cooling_rate = 0.999
26 - INFO - chord#: 28 done. best_score=67.0, changed=615, unchanged=375, early_stops=8/8
26 - INFO - chord#: 32 In build_straw_man_chord_sa. tolerance = 1, sa_iterations = 1000, initial_temperature = 3.0, cooling_rate = 0.999
26 - INFO - chord#: 28 done. best_score=67.0, changed=615, unchanged=298, early_stops=8/8
26 - INFO - chord#: 32 In build_straw_man_chord_sa. tolerance = 1, sa_iterations = 1000, initial_temperature = 3.0, cooling_rate = 0.999
26 - INFO - chord#: 28 done. best_score=67.0, changed=611, unchanged=355, early_stops=8/8
26 - INFO - chord#: 32 In build_straw_man_chord_sa. tolerance = 1, sa_iterations = 1000, initial_temperature = 3.0, cooling_rate = 0.999
26 - INFO - chord#: 48 done. best_score=27.0, changed=520, unchanged=367, early_stops=8/8
26 - INFO - chord#: 50 In build_straw_man_chord_sa. tolerance = 1, sa_iterations = 1000, initial_temperature = 3.0, cooling_rate = 0.999
26 - INFO - chord#: 32 done. best_score=36.0, changed=514, unchanged=337, early_stops=8/8
26 - INFO - chord#: 36 In build_straw_man_chord_sa. tolerance = 1, sa_iterations = 1000, initial_temperature = 3.0, cooling_rate = 0.999
26 - INFO - chord#: 36 done. best_score=27.0, changed=521, unchanged=458, early_stops=8/8
26 - INFO - chord#: 44 In build_straw_man_chord_sa. tolerance = 1, sa_iterations = 1000, initial_temperature = 3.0, cooling_rate = 0.999
26 - INFO - chord#: 28 done. best_score=157.0, changed=609, unchanged=252, early_stops=8/8
26 - INFO - chord#: 32 In build_straw_man_chord_sa. tolerance = 1, sa_iterations = 1000, initial_temperature = 3.0, cooling_rate = 0.999
26 - INFO - chord#: 44 done. best_score=27.0, changed=531, unchanged=362, early_stops=8/8
26 - INFO - chord#: 48 In build_straw_man_chord_sa. tolerance = 1, sa_iterations = 1000, initial_temperature = 3.0, cooling_rate = 0.999
26 - INFO - chord#: 32 done. best_score=27.0, changed=529, unchanged=416, early_stops=8/8
26 - INFO - chord#: 36 In build_straw_man_chord_sa. tolerance = 1, sa_iterations = 1000, initial_temperature = 3.0, cooling_rate = 0.999
26 - INFO - chord#: 32 done. best_score=27.0, changed=512, unchanged=361, early_stops=8/8
26 - INFO - chord#: 36 In build_straw_man_chord_sa. tolerance = 1, sa_iterations = 1000, initial_temperature = 3.0, cooling_rate = 0.999
26 - INFO - chord#: 32 done. best_score=27.0, changed=522, unchanged=358, early_stops=8/8
26 - INFO - chord#: 36 In build_straw_man_chord_sa. tolerance = 1, sa_iterations = 1000, initial_temperature = 3.0, cooling_rate = 0.999
26 - INFO - chord#: 36 done. best_score=57.0, changed=549, unchanged=464, early_stops=8/8
26 - INFO - chord#: 44 In build_straw_man_chord_sa. tolerance = 1, sa_iterations = 1000, initial_temperature = 3.0, cooling_rate = 0.999
26 - INFO - chord#: 44 done. best_score=27.0, changed=520, unchanged=345, early_stops=8/8
26 - INFO - chord#: 48 In build_straw_man_chord_sa. tolerance = 1, sa_iterations = 1000, initial_temperature = 3.0, cooling_rate = 0.999
26 - INFO - chord#: 50 done. best_score=137.0, changed=608, unchanged=313, early_stops=8/8
26 - INFO - chord#: 52 In build_straw_man_chord_sa. tolerance = 1, sa_iterations = 1000, initial_temperature = 3.0, cooling_rate = 0.999
26 - INFO - chord#: 32 done. best_score=27.0, changed=520, unchanged=398, early_stops=8/8
26 - INFO - chord#: 36 In build_straw_man_chord_sa. tolerance = 1, sa_iterations = 1000, initial_temperature = 3.0, cooling_rate = 0.999
26 - INFO - chord#: 48 done. best_score=27.0, changed=526, unchanged=427, early_stops=8/8
26 - INFO - chord#: 50 In build_straw_man_chord_sa. tolerance = 1, sa_iterations = 1000, initial_temperature = 3.0, cooling_rate = 0.999
26 - INFO - chord#: 36 done. best_score=27.0, changed=518, unchanged=346, early_stops=8/8
26 - INFO - chord#: 44 In build_straw_man_chord_sa. tolerance = 1, sa_iterations = 1000, initial_temperature = 3.0, cooling_rate = 0.999
26 - INFO - chord#: 50 done. best_score=96.0, changed=615, unchanged=290, early_stops=8/8
26 - INFO - chord#: 52 In build_straw_man_chord_sa. tolerance = 1, sa_iterations = 1000, initial_temperature = 3.0, cooling_rate = 0.999
26 - INFO - chord#: 28 done. best_score=78.0, changed=617, unchanged=467, early_stops=8/8
26 - INFO - chord#: 32 In build_straw_man_chord_sa. tolerance = 1, sa_iterations = 1000, initial_temperature = 3.0, cooling_rate = 0.999
26 - INFO - chord#: 36 done. best_score=27.0, changed=523, unchanged=435, early_stops=8/8
26 - INFO - chord#: 44 In build_straw_man_chord_sa. tolerance = 1, sa_iterations = 1000, initial_temperature = 3.0, cooling_rate = 0.999
26 - INFO - chord#: 44 done. best_score=36.0, changed=527, unchanged=365, early_stops=8/8
26 - INFO - chord#: 36 done. best_score=27.0, changed=525, unchanged=368, early_stops=8/8
26 - INFO - chord#: 48 In build_straw_man_chord_sa. tolerance = 1, sa_iterations = 1000, initial_temperature = 3.0, cooling_rate = 0.999
26 - INFO - chord#: 44 In build_straw_man_chord_sa. tolerance = 1, sa_iterations = 1000, initial_temperature = 3.0, cooling_rate = 0.999
26 - INFO - chord#: 50 done. best_score=96.0, changed=609, unchanged=315, early_stops=8/8
26 - INFO - chord#: 52 In build_straw_man_chord_sa. tolerance = 1, sa_iterations = 1000, initial_temperature = 3.0, cooling_rate = 0.999
26 - INFO - chord#: 48 done. best_score=27.0, changed=521, unchanged=415, early_stops=8/8
26 - INFO - chord#: 50 In build_straw_man_chord_sa. tolerance = 1, sa_iterations = 1000, initial_temperature = 3.0, cooling_rate = 0.999
26 - INFO - chord#: 52 done. best_score=27.0, changed=518, unchanged=394, early_stops=8/8
26 - INFO - chord#: 56 In build_straw_man_chord_sa. tolerance = 1, sa_iterations = 1000, initial_temperature = 3.0, cooling_rate = 0.999
26 - INFO - chord#: 28 done. best_score=125.0, changed=611, unchanged=334, early_stops=8/8
26 - INFO - chord#: 32 In build_straw_man_chord_sa. tolerance = 1, sa_iterations = 1000, initial_temperature = 3.0, cooling_rate = 0.999
26 - INFO - chord#: 44 done. best_score=27.0, changed=529, unchanged=312, early_stops=8/8
26 - INFO - chord#: 48 In build_straw_man_chord_sa. tolerance = 1, sa_iterations = 1000, initial_temperature = 3.0, cooling_rate = 0.999
26 - INFO - chord#: 36 done. best_score=27.0, changed=519, unchanged=347, early_stops=8/8
26 - INFO - chord#: 44 In build_straw_man_chord_sa. tolerance = 1, sa_iterations = 1000, initial_temperature = 3.0, cooling_rate = 0.999
26 - INFO - chord#: 44 done. best_score=27.0, changed=527, unchanged=411, early_stops=8/8
26 - INFO - chord#: 48 In build_straw_man_chord_sa. tolerance = 1, sa_iterations = 1000, initial_temperature = 3.0, cooling_rate = 0.999
26 - INFO - chord#: 48 done. best_score=88.0, changed=552, unchanged=369, early_stops=8/8
26 - INFO - chord#: 50 In build_straw_man_chord_sa. tolerance = 1, sa_iterations = 1000, initial_temperature = 3.0, cooling_rate = 0.999
26 - INFO - chord#: 52 done. best_score=27.0, changed=516, unchanged=394, early_stops=8/8
26 - INFO - chord#: 56 In build_straw_man_chord_sa. tolerance = 1, sa_iterations = 1000, initial_temperature = 3.0, cooling_rate = 0.999
26 - INFO - chord#: 32 done. best_score=27.0, changed=516, unchanged=473, early_stops=8/8
26 - INFO - chord#: 36 In build_straw_man_chord_sa. tolerance = 1, sa_iterations = 1000, initial_temperature = 3.0, cooling_rate = 0.999
26 - INFO - chord#: 44 done. best_score=27.0, changed=521, unchanged=309, early_stops=8/8
26 - INFO - chord#: 48 In build_straw_man_chord_sa. tolerance = 1, sa_iterations = 1000, initial_temperature = 3.0, cooling_rate = 0.999
26 - INFO - chord#: 52 done. best_score=27.0, changed=523, unchanged=355, early_stops=8/8
26 - INFO - chord#: 56 In build_straw_man_chord_sa. tolerance = 1, sa_iterations = 1000, initial_temperature = 3.0, cooling_rate = 0.999
26 - INFO - chord#: 48 done. best_score=27.0, changed=518, unchanged=363, early_stops=8/8
26 - INFO - chord#: 50 In build_straw_man_chord_sa. tolerance = 1, sa_iterations = 1000, initial_temperature = 3.0, cooling_rate = 0.999
26 - INFO - chord#: 56 done. best_score=36.0, changed=518, unchanged=354, early_stops=8/8
26 - INFO - chord#: 58 In build_straw_man_chord_sa. tolerance = 1, sa_iterations = 1000, initial_temperature = 3.0, cooling_rate = 0.999
26 - INFO - chord#: 32 done. best_score=27.0, changed=521, unchanged=370, early_stops=8/8
26 - INFO - chord#: 36 In build_straw_man_chord_sa. tolerance = 1, sa_iterations = 1000, initial_temperature = 3.0, cooling_rate = 0.999
26 - INFO - chord#: 44 done. best_score=27.0, changed=520, unchanged=333, early_stops=8/8
26 - INFO - chord#: 48 In build_straw_man_chord_sa. tolerance = 1, sa_iterations = 1000, initial_temperature = 3.0, cooling_rate = 0.999
26 - INFO - chord#: 48 done. best_score=27.0, changed=535, unchanged=448, early_stops=8/8
26 - INFO - chord#: 50 In build_straw_man_chord_sa. tolerance = 1, sa_iterations = 1000, initial_temperature = 3.0, cooling_rate = 0.999
26 - INFO - chord#: 56 done. best_score=36.0, changed=519, unchanged=358, early_stops=8/8
26 - INFO - chord#: 58 In build_straw_man_chord_sa. tolerance = 1, sa_iterations = 1000, initial_temperature = 3.0, cooling_rate = 0.999
26 - INFO - chord#: 48 done. best_score=27.0, changed=527, unchanged=399, early_stops=8/8
26 - INFO - chord#: 50 In build_straw_man_chord_sa. tolerance = 1, sa_iterations = 1000, initial_temperature = 3.0, cooling_rate = 0.999
26 - INFO - chord#: 56 done. best_score=36.0, changed=519, unchanged=418, early_stops=8/8
26 - INFO - chord#: 58 In build_straw_man_chord_sa. tolerance = 1, sa_iterations = 1000, initial_temperature = 3.0, cooling_rate = 0.999
26 - INFO - chord#: 36 done. best_score=27.0, changed=528, unchanged=429, early_stops=8/8
26 - INFO - chord#: 44 In build_straw_man_chord_sa. tolerance = 1, sa_iterations = 1000, initial_temperature = 3.0, cooling_rate = 0.999
26 - INFO - chord#: 50 done. best_score=67.0, changed=619, unchanged=356, early_stops=8/8
26 - INFO - chord#: 52 In build_straw_man_chord_sa. tolerance = 1, sa_iterations = 1000, initial_temperature = 3.0, cooling_rate = 0.999
26 - INFO - chord#: 50 done. best_score=166.0, changed=608, unchanged=281, early_stops=8/8
26 - INFO - chord#: 52 In build_straw_man_chord_sa. tolerance = 1, sa_iterations = 1000, initial_temperature = 3.0, cooling_rate = 0.999
26 - INFO - chord#: 48 done. best_score=27.0, changed=529, unchanged=434, early_stops=8/8
26 - INFO - chord#: 50 In build_straw_man_chord_sa. tolerance = 1, sa_iterations = 1000, initial_temperature = 3.0, cooling_rate = 0.999
26 - INFO - chord#: 36 done. best_score=27.0, changed=529, unchanged=533, early_stops=8/8
26 - INFO - chord#: 44 In build_straw_man_chord_sa. tolerance = 1, sa_iterations = 1000, initial_temperature = 3.0, cooling_rate = 0.999
26 - INFO - chord#: 58 done. best_score=64.0, changed=613, unchanged=321, early_stops=8/8
26 - INFO - chord#: 60 In build_straw_man_chord_sa. tolerance = 1, sa_iterations = 1000, initial_temperature = 3.0, cooling_rate = 0.999
26 - INFO - chord#: 50 done. best_score=137.0, changed=612, unchanged=339, early_stops=8/8
26 - INFO - chord#: 52 In build_straw_man_chord_sa. tolerance = 1, sa_iterations = 1000, initial_temperature = 3.0, cooling_rate = 0.999
26 - INFO - chord#: 44 done. best_score=27.0, changed=531, unchanged=407, early_stops=8/8
26 - INFO - chord#: 48 In build_straw_man_chord_sa. tolerance = 1, sa_iterations = 1000, initial_temperature = 3.0, cooling_rate = 0.999
26 - INFO - chord#: 52 done. best_score=27.0, changed=520, unchanged=422, early_stops=8/8
26 - INFO - chord#: 56 In build_straw_man_chord_sa. tolerance = 1, sa_iterations = 1000, initial_temperature = 3.0, cooling_rate = 0.999
26 - INFO - chord#: 58 done. best_score=64.0, changed=611, unchanged=224, early_stops=8/8
26 - INFO - chord#: 60 In build_straw_man_chord_sa. tolerance = 1, sa_iterations = 1000, initial_temperature = 3.0, cooling_rate = 0.999
26 - INFO - chord#: 52 done. best_score=27.0, changed=524, unchanged=373, early_stops=8/8
26 - INFO - chord#: 56 In build_straw_man_chord_sa. tolerance = 1, sa_iterations = 1000, initial_temperature = 3.0, cooling_rate = 0.999
26 - INFO - chord#: 44 done. best_score=27.0, changed=527, unchanged=318, early_stops=8/8
26 - INFO - chord#: 48 In build_straw_man_chord_sa. tolerance = 1, sa_iterations = 1000, initial_temperature = 3.0, cooling_rate = 0.999
26 - INFO - chord#: 58 done. best_score=172.0, changed=610, unchanged=217, early_stops=8/8
26 - INFO - chord#: 60 In build_straw_man_chord_sa. tolerance = 1, sa_iterations = 1000, initial_temperature = 3.0, cooling_rate = 0.999
26 - INFO - chord#: 50 done. best_score=137.0, changed=616, unchanged=307, early_stops=8/8
26 - INFO - chord#: 52 In build_straw_man_chord_sa. tolerance = 1, sa_iterations = 1000, initial_temperature = 3.0, cooling_rate = 0.999
26 - INFO - chord#: 60 done. best_score=27.0, changed=514, unchanged=373, early_stops=8/8
26 - INFO - chord#: 64 In build_straw_man_chord_sa. tolerance = 1, sa_iterations = 1000, initial_temperature = 3.0, cooling_rate = 0.999
26 - INFO - chord#: 50 done. best_score=67.0, changed=615, unchanged=617, early_stops=8/8
26 - INFO - chord#: 52 In build_straw_man_chord_sa. tolerance = 1, sa_iterations = 1000, initial_temperature = 3.0, cooling_rate = 0.999
26 - INFO - chord#: 48 done. best_score=27.0, changed=520, unchanged=358, early_stops=8/8
26 - INFO - chord#: 50 In build_straw_man_chord_sa. tolerance = 1, sa_iterations = 1000, initial_temperature = 3.0, cooling_rate = 0.999
26 - INFO - chord#: 52 done. best_score=27.0, changed=523, unchanged=479, early_stops=8/8
26 - INFO - chord#: 56 In build_straw_man_chord_sa. tolerance = 1, sa_iterations = 1000, initial_temperature = 3.0, cooling_rate = 0.999
26 - INFO - chord#: 56 done. best_score=36.0, changed=528, unchanged=452, early_stops=8/8
26 - INFO - chord#: 58 In build_straw_man_chord_sa. tolerance = 1, sa_iterations = 1000, initial_temperature = 3.0, cooling_rate = 0.999
26 - INFO - chord#: 60 done. best_score=27.0, changed=522, unchanged=432, early_stops=8/8
26 - INFO - chord#: 64 In build_straw_man_chord_sa. tolerance = 1, sa_iterations = 1000, initial_temperature = 3.0, cooling_rate = 0.999
26 - INFO - chord#: 50 done. best_score=96.0, changed=609, unchanged=298, early_stops=8/8
26 - INFO - chord#: 52 In build_straw_man_chord_sa. tolerance = 1, sa_iterations = 1000, initial_temperature = 3.0, cooling_rate = 0.999
26 - INFO - chord#: 48 done. best_score=27.0, changed=521, unchanged=310, early_stops=8/8
26 - INFO - chord#: 50 In build_straw_man_chord_sa. tolerance = 1, sa_iterations = 1000, initial_temperature = 3.0, cooling_rate = 0.999
26 - INFO - chord#: 52 done. best_score=27.0, changed=515, unchanged=350, early_stops=8/8
26 - INFO - chord#: 56 In build_straw_man_chord_sa. tolerance = 1, sa_iterations = 1000, initial_temperature = 3.0, cooling_rate = 0.999
26 - INFO - chord#: 60 done. best_score=27.0, changed=522, unchanged=436, early_stops=8/8
26 - INFO - chord#: 64 In build_straw_man_chord_sa. tolerance = 1, sa_iterations = 1000, initial_temperature = 3.0, cooling_rate = 0.999
26 - INFO - chord#: 56 done. best_score=36.0, changed=526, unchanged=386, early_stops=8/8
26 - INFO - chord#: 58 In build_straw_man_chord_sa. tolerance = 1, sa_iterations = 1000, initial_temperature = 3.0, cooling_rate = 0.999
26 - INFO - chord#: 52 done. best_score=27.0, changed=521, unchanged=394, early_stops=8/8
26 - INFO - chord#: 56 In build_straw_man_chord_sa. tolerance = 1, sa_iterations = 1000, initial_temperature = 3.0, cooling_rate = 0.999
26 - INFO - chord#: 50 done. best_score=67.0, changed=614, unchanged=345, early_stops=8/8
26 - INFO - chord#: 52 In build_straw_man_chord_sa. tolerance = 1, sa_iterations = 1000, initial_temperature = 3.0, cooling_rate = 0.999
26 - INFO - chord#: 56 done. best_score=36.0, changed=516, unchanged=451, early_stops=8/8
26 - INFO - chord#: 58 In build_straw_man_chord_sa. tolerance = 1, sa_iterations = 1000, initial_temperature = 3.0, cooling_rate = 0.999
26 - INFO - chord#: 56 done. best_score=36.0, changed=518, unchanged=343, early_stops=8/8
26 - INFO - chord#: 58 In build_straw_man_chord_sa. tolerance = 1, sa_iterations = 1000, initial_temperature = 3.0, cooling_rate = 0.999
26 - INFO - chord#: 52 done. best_score=27.0, changed=524, unchanged=357, early_stops=8/8
26 - INFO - chord#: 56 In build_straw_man_chord_sa. tolerance = 1, sa_iterations = 1000, initial_temperature = 3.0, cooling_rate = 0.999
26 - INFO - chord#: 64 done. best_score=96.0, changed=611, unchanged=236, early_stops=8/8
26 - INFO - chord#: 68 In build_straw_man_chord_sa. tolerance = 1, sa_iterations = 1000, initial_temperature = 3.0, cooling_rate = 0.999
26 - INFO - chord#: 56 done. best_score=36.0, changed=518, unchanged=326, early_stops=8/8
26 - INFO - chord#: 58 In build_straw_man_chord_sa. tolerance = 1, sa_iterations = 1000, initial_temperature = 3.0, cooling_rate = 0.999
26 - INFO - chord#: 58 done. best_score=64.0, changed=615, unchanged=290, early_stops=8/8
26 - INFO - chord#: 60 In build_straw_man_chord_sa. tolerance = 1, sa_iterations = 1000, initial_temperature = 3.0, cooling_rate = 0.999
26 - INFO - chord#: 68 done. best_score=36.0, changed=521, unchanged=348, early_stops=8/8
26 - INFO - chord#: 70 In build_straw_man_chord_sa. tolerance = 1, sa_iterations = 1000, initial_temperature = 3.0, cooling_rate = 0.999
26 - INFO - chord#: 64 done. best_score=74.0, changed=616, unchanged=315, early_stops=8/8
26 - INFO - chord#: 68 In build_straw_man_chord_sa. tolerance = 1, sa_iterations = 1000, initial_temperature = 3.0, cooling_rate = 0.999
26 - INFO - chord#: 50 done. best_score=96.0, changed=606, unchanged=262, early_stops=8/8
26 - INFO - chord#: 52 In build_straw_man_chord_sa. tolerance = 1, sa_iterations = 1000, initial_temperature = 3.0, cooling_rate = 0.999
26 - INFO - chord#: 56 done. best_score=36.0, changed=522, unchanged=317, early_stops=8/8
26 - INFO - chord#: 58 In build_straw_man_chord_sa. tolerance = 1, sa_iterations = 1000, initial_temperature = 3.0, cooling_rate = 0.999
26 - INFO - chord#: 52 done. best_score=27.0, changed=529, unchanged=568, early_stops=8/8
26 - INFO - chord#: 56 In build_straw_man_chord_sa. tolerance = 1, sa_iterations = 1000, initial_temperature = 3.0, cooling_rate = 0.999
26 - INFO - chord#: 64 done. best_score=96.0, changed=613, unchanged=376, early_stops=8/8
26 - INFO - chord#: 68 In build_straw_man_chord_sa. tolerance = 1, sa_iterations = 1000, initial_temperature = 3.0, cooling_rate = 0.999
26 - INFO - chord#: 60 done. best_score=27.0, changed=528, unchanged=474, early_stops=8/8
26 - INFO - chord#: 64 In build_straw_man_chord_sa. tolerance = 1, sa_iterations = 1000, initial_temperature = 3.0, cooling_rate = 0.999
26 - INFO - chord#: 70 done. best_score=37.0, changed=525, unchanged=343, early_stops=8/8
26 - INFO - chord#: 72 In build_straw_man_chord_sa. tolerance = 1, sa_iterations = 1000, initial_temperature = 3.0, cooling_rate = 0.999
26 - INFO - chord#: 68 done. best_score=36.0, changed=522, unchanged=320, early_stops=8/8
26 - INFO - chord#: 70 In build_straw_man_chord_sa. tolerance = 1, sa_iterations = 1000, initial_temperature = 3.0, cooling_rate = 0.999
26 - INFO - chord#: 58 done. best_score=178.0, changed=616, unchanged=379, early_stops=8/8
26 - INFO - chord#: 60 In build_straw_man_chord_sa. tolerance = 1, sa_iterations = 1000, initial_temperature = 3.0, cooling_rate = 0.999
26 - INFO - chord#: 58 done. best_score=64.0, changed=613, unchanged=482, early_stops=8/8
26 - INFO - chord#: 60 In build_straw_man_chord_sa. tolerance = 1, sa_iterations = 1000, initial_temperature = 3.0, cooling_rate = 0.999
26 - INFO - chord#: 68 done. best_score=36.0, changed=527, unchanged=361, early_stops=8/8
26 - INFO - chord#: 70 In build_straw_man_chord_sa. tolerance = 1, sa_iterations = 1000, initial_temperature = 3.0, cooling_rate = 0.999
26 - INFO - chord#: 52 done. best_score=27.0, changed=520, unchanged=365, early_stops=8/8
26 - INFO - chord#: 56 In build_straw_man_chord_sa. tolerance = 1, sa_iterations = 1000, initial_temperature = 3.0, cooling_rate = 0.999
26 - INFO - chord#: 50 done. best_score=96.0, changed=614, unchanged=486, early_stops=8/8
26 - INFO - chord#: 52 In build_straw_man_chord_sa. tolerance = 1, sa_iterations = 1000, initial_temperature = 3.0, cooling_rate = 0.999
26 - INFO - chord#: 58 done. best_score=71.0, changed=614, unchanged=303, early_stops=8/8
26 - INFO - chord#: 60 In build_straw_man_chord_sa. tolerance = 1, sa_iterations = 1000, initial_temperature = 3.0, cooling_rate = 0.999
26 - INFO - chord#: 56 done. best_score=36.0, changed=525, unchanged=382, early_stops=8/8
26 - INFO - chord#: 58 In build_straw_man_chord_sa. tolerance = 1, sa_iterations = 1000, initial_temperature = 3.0, cooling_rate = 0.999
26 - INFO - chord#: 70 done. best_score=37.0, changed=531, unchanged=284, early_stops=8/8
26 - INFO - chord#: 72 In build_straw_man_chord_sa. tolerance = 1, sa_iterations = 1000, initial_temperature = 3.0, cooling_rate = 0.999
26 - INFO - chord#: 58 done. best_score=64.0, changed=613, unchanged=508, early_stops=8/8
26 - INFO - chord#: 60 In build_straw_man_chord_sa. tolerance = 1, sa_iterations = 1000, initial_temperature = 3.0, cooling_rate = 0.999
26 - INFO - chord#: 70 done. best_score=35.0, changed=525, unchanged=360, early_stops=8/8
26 - INFO - chord#: 60 done. best_score=27.0, changed=521, unchanged=497, early_stops=8/8
26 - INFO - chord#: 72 In build_straw_man_chord_sa. tolerance = 1, sa_iterations = 1000, initial_temperature = 3.0, cooling_rate = 0.999
26 - INFO - chord#: 64 In build_straw_man_chord_sa. tolerance = 1, sa_iterations = 1000, initial_temperature = 3.0, cooling_rate = 0.999
26 - INFO - chord#: 60 done. best_score=27.0, changed=516, unchanged=348, early_stops=8/8
26 - INFO - chord#: 64 In build_straw_man_chord_sa. tolerance = 1, sa_iterations = 1000, initial_temperature = 3.0, cooling_rate = 0.999
26 - INFO - chord#: 56 done. best_score=36.0, changed=521, unchanged=380, early_stops=8/8
26 - INFO - chord#: 58 In build_straw_man_chord_sa. tolerance = 1, sa_iterations = 1000, initial_temperature = 3.0, cooling_rate = 0.999
26 - INFO - chord#: 60 done. best_score=27.0, changed=522, unchanged=495, early_stops=8/8
26 - INFO - chord#: 64 In build_straw_man_chord_sa. tolerance = 1, sa_iterations = 1000, initial_temperature = 3.0, cooling_rate = 0.999
26 - INFO - chord#: 52 done. best_score=27.0, changed=523, unchanged=392, early_stops=8/8
26 - INFO - chord#: 56 In build_straw_man_chord_sa. tolerance = 1, sa_iterations = 1000, initial_temperature = 3.0, cooling_rate = 0.999
26 - INFO - chord#: 60 done. best_score=27.0, changed=518, unchanged=418, early_stops=8/8
26 - INFO - chord#: 64 In build_straw_man_chord_sa. tolerance = 1, sa_iterations = 1000, initial_temperature = 3.0, cooling_rate = 0.999
26 - INFO - chord#: 58 done. best_score=71.0, changed=610, unchanged=290, early_stops=8/8
26 - INFO - chord#: 60 In build_straw_man_chord_sa. tolerance = 1, sa_iterations = 1000, initial_temperature = 3.0, cooling_rate = 0.999
26 - INFO - chord#: 72 done. best_score=140.0, changed=614, unchanged=320, early_stops=8/8
26 - INFO - chord#: 74 In build_straw_man_chord_sa. tolerance = 1, sa_iterations = 1000, initial_temperature = 3.0, cooling_rate = 0.999
26 - INFO - chord#: 72 done. best_score=140.0, changed=610, unchanged=248, early_stops=8/8
26 - INFO - chord#: 74 In build_straw_man_chord_sa. tolerance = 1, sa_iterations = 1000, initial_temperature = 3.0, cooling_rate = 0.999
26 - INFO - chord#: 64 done. best_score=74.0, changed=614, unchanged=377, early_stops=8/8
26 - INFO - chord#: 68 In build_straw_man_chord_sa. tolerance = 1, sa_iterations = 1000, initial_temperature = 3.0, cooling_rate = 0.999
26 - INFO - chord#: 72 done. best_score=142.0, changed=608, unchanged=222, early_stops=8/8
26 - INFO - chord#: 74 In build_straw_man_chord_sa. tolerance = 1, sa_iterations = 1000, initial_temperature = 3.0, cooling_rate = 0.999
26 - INFO - chord#: 74 done. best_score=27.0, changed=522, unchanged=393, early_stops=8/8
26 - INFO - chord#: 76 In build_straw_man_chord_sa. tolerance = 1, sa_iterations = 1000, initial_temperature = 3.0, cooling_rate = 0.999
26 - INFO - chord#: 56 done. best_score=36.0, changed=524, unchanged=399, early_stops=8/8
26 - INFO - chord#: 58 In build_straw_man_chord_sa. tolerance = 1, sa_iterations = 1000, initial_temperature = 3.0, cooling_rate = 0.999
26 - INFO - chord#: 60 done. best_score=27.0, changed=528, unchanged=477, early_stops=8/8
26 - INFO - chord#: 64 In build_straw_man_chord_sa. tolerance = 1, sa_iterations = 1000, initial_temperature = 3.0, cooling_rate = 0.999
26 - INFO - chord#: 64 done. best_score=121.0, changed=614, unchanged=300, early_stops=8/8
26 - INFO - chord#: 68 In build_straw_man_chord_sa. tolerance = 1, sa_iterations = 1000, initial_temperature = 3.0, cooling_rate = 0.999
26 - INFO - chord#: 58 done. best_score=112.0, changed=615, unchanged=348, early_stops=8/8
26 - INFO - chord#: 60 In build_straw_man_chord_sa. tolerance = 1, sa_iterations = 1000, initial_temperature = 3.0, cooling_rate = 0.999
26 - INFO - chord#: 74 done. best_score=27.0, changed=517, unchanged=371, early_stops=8/8
26 - INFO - chord#: 76 In build_straw_man_chord_sa. tolerance = 1, sa_iterations = 1000, initial_temperature = 3.0, cooling_rate = 0.999
26 - INFO - chord#: 74 done. best_score=36.0, changed=528, unchanged=468, early_stops=8/8
26 - INFO - chord#: 76 In build_straw_man_chord_sa. tolerance = 1, sa_iterations = 1000, initial_temperature = 3.0, cooling_rate = 0.999
26 - INFO - chord#: 64 done. best_score=149.0, changed=614, unchanged=304, early_stops=8/8
26 - INFO - chord#: 68 In build_straw_man_chord_sa. tolerance = 1, sa_iterations = 1000, initial_temperature = 3.0, cooling_rate = 0.999
26 - INFO - chord#: 64 done. best_score=96.0, changed=608, unchanged=245, early_stops=8/8
26 - INFO - chord#: 68 In build_straw_man_chord_sa. tolerance = 1, sa_iterations = 1000, initial_temperature = 3.0, cooling_rate = 0.999
26 - INFO - chord#: 58 done. best_score=176.0, changed=611, unchanged=298, early_stops=8/8
26 - INFO - chord#: 60 In build_straw_man_chord_sa. tolerance = 1, sa_iterations = 1000, initial_temperature = 3.0, cooling_rate = 0.999
26 - INFO - chord#: 64 done. best_score=74.0, changed=609, unchanged=242, early_stops=8/8
26 - INFO - chord#: 68 In build_straw_man_chord_sa. tolerance = 1, sa_iterations = 1000, initial_temperature = 3.0, cooling_rate = 0.999
26 - INFO - chord#: 68 done. best_score=36.0, changed=538, unchanged=370, early_stops=8/8
26 - INFO - chord#: 70 In build_straw_man_chord_sa. tolerance = 1, sa_iterations = 1000, initial_temperature = 3.0, cooling_rate = 0.999
26 - INFO - chord#: 68 done. best_score=36.0, changed=532, unchanged=415, early_stops=8/8
26 - INFO - chord#: 70 In build_straw_man_chord_sa. tolerance = 1, sa_iterations = 1000, initial_temperature = 3.0, cooling_rate = 0.999
26 - INFO - chord#: 60 done. best_score=27.0, changed=527, unchanged=395, early_stops=8/8
26 - INFO - chord#: 64 In build_straw_man_chord_sa. tolerance = 1, sa_iterations = 1000, initial_temperature = 3.0, cooling_rate = 0.999
26 - INFO - chord#: 68 done. best_score=36.0, changed=523, unchanged=346, early_stops=8/8
26 - INFO - chord#: 70 In build_straw_man_chord_sa. tolerance = 1, sa_iterations = 1000, initial_temperature = 3.0, cooling_rate = 0.999
26 - INFO - chord#: 76 done. best_score=175.0, changed=611, unchanged=258, early_stops=8/8
26 - INFO - chord#: 78 In build_straw_man_chord_sa. tolerance = 1, sa_iterations = 1000, initial_temperature = 3.0, cooling_rate = 0.999
26 - INFO - chord#: 68 done. best_score=72.0, changed=530, unchanged=400, early_stops=8/8
26 - INFO - chord#: 70 In build_straw_man_chord_sa. tolerance = 1, sa_iterations = 1000, initial_temperature = 3.0, cooling_rate = 0.999
26 - INFO - chord#: 70 done. best_score=37.0, changed=536, unchanged=409, early_stops=8/8
26 - INFO - chord#: 72 In build_straw_man_chord_sa. tolerance = 1, sa_iterations = 1000, initial_temperature = 3.0, cooling_rate = 0.999
26 - INFO - chord#: 68 done. best_score=36.0, changed=533, unchanged=421, early_stops=8/8
26 - INFO - chord#: 70 In build_straw_man_chord_sa. tolerance = 1, sa_iterations = 1000, initial_temperature = 3.0, cooling_rate = 0.999
26 - INFO - chord#: 70 done. best_score=37.0, changed=522, unchanged=337, early_stops=8/8
26 - INFO - chord#: 72 In build_straw_man_chord_sa. tolerance = 1, sa_iterations = 1000, initial_temperature = 3.0, cooling_rate = 0.999
26 - INFO - chord#: 70 done. best_score=37.0, changed=525, unchanged=325, early_stops=8/8
26 - INFO - chord#: 72 In build_straw_man_chord_sa. tolerance = 1, sa_iterations = 1000, initial_temperature = 3.0, cooling_rate = 0.999
26 - INFO - chord#: 60 done. best_score=27.0, changed=526, unchanged=635, early_stops=8/8
26 - INFO - chord#: 64 In build_straw_man_chord_sa. tolerance = 1, sa_iterations = 1000, initial_temperature = 3.0, cooling_rate = 0.999
26 - INFO - chord#: 76 done. best_score=125.0, changed=610, unchanged=318, early_stops=8/8
26 - INFO - chord#: 78 In build_straw_man_chord_sa. tolerance = 1, sa_iterations = 1000, initial_temperature = 3.0, cooling_rate = 0.999
26 - INFO - chord#: 70 done. best_score=49.0, changed=523, unchanged=354, early_stops=8/8
26 - INFO - chord#: 78 done. best_score=36.0, changed=518, unchanged=419, early_stops=8/8
26 - INFO - chord#: 72 In build_straw_man_chord_sa. tolerance = 1, sa_iterations = 1000, initial_temperature = 3.0, cooling_rate = 0.999
26 - INFO - chord#: 80 In build_straw_man_chord_sa. tolerance = 1, sa_iterations = 1000, initial_temperature = 3.0, cooling_rate = 0.999
26 - INFO - chord#: 64 done. best_score=121.0, changed=613, unchanged=277, early_stops=8/8
26 - INFO - chord#: 68 In build_straw_man_chord_sa. tolerance = 1, sa_iterations = 1000, initial_temperature = 3.0, cooling_rate = 0.999
26 - INFO - chord#: 58 done. best_score=146.0, changed=613, unchanged=489, early_stops=8/8
26 - INFO - chord#: 60 In build_straw_man_chord_sa. tolerance = 1, sa_iterations = 1000, initial_temperature = 3.0, cooling_rate = 0.999
26 - INFO - chord#: 70 done. best_score=35.0, changed=518, unchanged=335, early_stops=8/8
26 - INFO - chord#: 72 In build_straw_man_chord_sa. tolerance = 1, sa_iterations = 1000, initial_temperature = 3.0, cooling_rate = 0.999
26 - INFO - chord#: 76 done. best_score=140.0, changed=612, unchanged=447, early_stops=8/8
26 - INFO - chord#: 78 In build_straw_man_chord_sa. tolerance = 1, sa_iterations = 1000, initial_temperature = 3.0, cooling_rate = 0.999
26 - INFO - chord#: 78 done. best_score=27.0, changed=516, unchanged=428, early_stops=8/8
26 - INFO - chord#: 80 In build_straw_man_chord_sa. tolerance = 1, sa_iterations = 1000, initial_temperature = 3.0, cooling_rate = 0.999
26 - INFO - chord#: 68 done. best_score=36.0, changed=520, unchanged=333, early_stops=8/8
26 - INFO - chord#: 70 In build_straw_man_chord_sa. tolerance = 1, sa_iterations = 1000, initial_temperature = 3.0, cooling_rate = 0.999
26 - INFO - chord#: 64 done. best_score=74.0, changed=611, unchanged=283, early_stops=8/8
26 - INFO - chord#: 68 In build_straw_man_chord_sa. tolerance = 1, sa_iterations = 1000, initial_temperature = 3.0, cooling_rate = 0.999
26 - INFO - chord#: 72 done. best_score=140.0, changed=610, unchanged=412, early_stops=8/8
26 - INFO - chord#: 74 In build_straw_man_chord_sa. tolerance = 1, sa_iterations = 1000, initial_temperature = 3.0, cooling_rate = 0.999
26 - INFO - chord#: 60 done. best_score=27.0, changed=523, unchanged=379, early_stops=8/8
26 - INFO - chord#: 64 In build_straw_man_chord_sa. tolerance = 1, sa_iterations = 1000, initial_temperature = 3.0, cooling_rate = 0.999
26 - INFO - chord#: 72 done. best_score=145.0, changed=611, unchanged=242, early_stops=8/8
26 - INFO - chord#: 74 In build_straw_man_chord_sa. tolerance = 1, sa_iterations = 1000, initial_temperature = 3.0, cooling_rate = 0.999
26 - INFO - chord#: 78 done. best_score=27.0, changed=532, unchanged=494, early_stops=8/8
26 - INFO - chord#: 80 In build_straw_man_chord_sa. tolerance = 1, sa_iterations = 1000, initial_temperature = 3.0, cooling_rate = 0.999
26 - INFO - chord#: 72 done. best_score=140.0, changed=612, unchanged=327, early_stops=8/8
26 - INFO - chord#: 74 In build_straw_man_chord_sa. tolerance = 1, sa_iterations = 1000, initial_temperature = 3.0, cooling_rate = 0.999
26 - INFO - chord#: 72 done. best_score=140.0, changed=612, unchanged=249, early_stops=8/8
26 - INFO - chord#: 74 In build_straw_man_chord_sa. tolerance = 1, sa_iterations = 1000, initial_temperature = 3.0, cooling_rate = 0.999
26 - INFO - chord#: 80 done. best_score=119.0, changed=607, unchanged=335, early_stops=8/8
26 - INFO - chord#: 84 In build_straw_man_chord_sa. tolerance = 1, sa_iterations = 1000, initial_temperature = 3.0, cooling_rate = 0.999
26 - INFO - chord#: 70 done. best_score=35.0, changed=523, unchanged=336, early_stops=8/8
26 - INFO - chord#: 72 In build_straw_man_chord_sa. tolerance = 1, sa_iterations = 1000, initial_temperature = 3.0, cooling_rate = 0.999
26 - INFO - chord#: 74 done. best_score=27.0, changed=523, unchanged=419, early_stops=8/8
26 - INFO - chord#: 76 In build_straw_man_chord_sa. tolerance = 1, sa_iterations = 1000, initial_temperature = 3.0, cooling_rate = 0.999
26 - INFO - chord#: 74 done. best_score=27.0, changed=525, unchanged=345, early_stops=8/8
26 - INFO - chord#: 76 In build_straw_man_chord_sa. tolerance = 1, sa_iterations = 1000, initial_temperature = 3.0, cooling_rate = 0.999
26 - INFO - chord#: 64 done. best_score=96.0, changed=614, unchanged=307, early_stops=8/8
26 - INFO - chord#: 68 In build_straw_man_chord_sa. tolerance = 1, sa_iterations = 1000, initial_temperature = 3.0, cooling_rate = 0.999
26 - INFO - chord#: 68 done. best_score=36.0, changed=525, unchanged=403, early_stops=8/8
26 - INFO - chord#: 70 In build_straw_man_chord_sa. tolerance = 1, sa_iterations = 1000, initial_temperature = 3.0, cooling_rate = 0.999
26 - INFO - chord#: 72 done. best_score=142.0, changed=617, unchanged=249, early_stops=8/8
26 - INFO - chord#: 74 In build_straw_man_chord_sa. tolerance = 1, sa_iterations = 1000, initial_temperature = 3.0, cooling_rate = 0.999
26 - INFO - chord#: 80 done. best_score=78.0, changed=610, unchanged=258, early_stops=8/8
26 - INFO - chord#: 84 In build_straw_man_chord_sa. tolerance = 1, sa_iterations = 1000, initial_temperature = 3.0, cooling_rate = 0.999
26 - INFO - chord#: 74 done. best_score=27.0, changed=533, unchanged=498, early_stops=8/8
26 - INFO - chord#: 76 In build_straw_man_chord_sa. tolerance = 1, sa_iterations = 1000, initial_temperature = 3.0, cooling_rate = 0.999
26 - INFO - chord#: 84 done. best_score=27.0, changed=523, unchanged=435, early_stops=8/8
26 - INFO - chord#: 86 In build_straw_man_chord_sa. tolerance = 1, sa_iterations = 1000, initial_temperature = 3.0, cooling_rate = 0.999
26 - INFO - chord#: 74 done. best_score=27.0, changed=533, unchanged=516, early_stops=8/8
26 - INFO - chord#: 76 In build_straw_man_chord_sa. tolerance = 1, sa_iterations = 1000, initial_temperature = 3.0, cooling_rate = 0.999
26 - INFO - chord#: 70 done. best_score=35.0, changed=525, unchanged=344, early_stops=8/8
26 - INFO - chord#: 72 In build_straw_man_chord_sa. tolerance = 1, sa_iterations = 1000, initial_temperature = 3.0, cooling_rate = 0.999
26 - INFO - chord#: 68 done. best_score=72.0, changed=532, unchanged=434, early_stops=8/8
26 - INFO - chord#: 70 In build_straw_man_chord_sa. tolerance = 1, sa_iterations = 1000, initial_temperature = 3.0, cooling_rate = 0.999
26 - INFO - chord#: 84 done. best_score=27.0, changed=519, unchanged=502, early_stops=8/8
26 - INFO - chord#: 86 In build_straw_man_chord_sa. tolerance = 1, sa_iterations = 1000, initial_temperature = 3.0, cooling_rate = 0.999
26 - INFO - chord#: 80 done. best_score=78.0, changed=609, unchanged=309, early_stops=8/8
26 - INFO - chord#: 84 In build_straw_man_chord_sa. tolerance = 1, sa_iterations = 1000, initial_temperature = 3.0, cooling_rate = 0.999
26 - INFO - chord#: 74 done. best_score=27.0, changed=517, unchanged=396, early_stops=8/8
26 - INFO - chord#: 76 In build_straw_man_chord_sa. tolerance = 1, sa_iterations = 1000, initial_temperature = 3.0, cooling_rate = 0.999
26 - INFO - chord#: 76 done. best_score=67.0, changed=610, unchanged=321, early_stops=8/8
26 - INFO - chord#: 78 In build_straw_man_chord_sa. tolerance = 1, sa_iterations = 1000, initial_temperature = 3.0, cooling_rate = 0.999
26 - INFO - chord#: 76 done. best_score=67.0, changed=615, unchanged=347, early_stops=8/8
26 - INFO - chord#: 78 In build_straw_man_chord_sa. tolerance = 1, sa_iterations = 1000, initial_temperature = 3.0, cooling_rate = 0.999
26 - INFO - chord#: 70 done. best_score=49.0, changed=532, unchanged=358, early_stops=8/8
26 - INFO - chord#: 72 In build_straw_man_chord_sa. tolerance = 1, sa_iterations = 1000, initial_temperature = 3.0, cooling_rate = 0.999
26 - INFO - chord#: 64 done. best_score=74.0, changed=613, unchanged=461, early_stops=8/8
26 - INFO - chord#: 68 In build_straw_man_chord_sa. tolerance = 1, sa_iterations = 1000, initial_temperature = 3.0, cooling_rate = 0.999
26 - INFO - chord#: 84 done. best_score=27.0, changed=528, unchanged=473, early_stops=8/8
26 - INFO - chord#: 86 done. best_score=140.0, changed=614, unchanged=235, early_stops=8/8
26 - INFO - chord#: 86 In build_straw_man_chord_sa. tolerance = 1, sa_iterations = 1000, initial_temperature = 3.0, cooling_rate = 0.999
26 - INFO - chord#: 88 In build_straw_man_chord_sa. tolerance = 1, sa_iterations = 1000, initial_temperature = 3.0, cooling_rate = 0.999
26 - INFO - chord#: 72 done. best_score=142.0, changed=615, unchanged=381, early_stops=8/8
26 - INFO - chord#: 74 In build_straw_man_chord_sa. tolerance = 1, sa_iterations = 1000, initial_temperature = 3.0, cooling_rate = 0.999
26 - INFO - chord#: 76 done. best_score=78.0, changed=612, unchanged=338, early_stops=8/8
26 - INFO - chord#: 78 In build_straw_man_chord_sa. tolerance = 1, sa_iterations = 1000, initial_temperature = 3.0, cooling_rate = 0.999
26 - INFO - chord#: 78 done. best_score=36.0, changed=528, unchanged=354, early_stops=8/8
26 - INFO - chord#: 80 In build_straw_man_chord_sa. tolerance = 1, sa_iterations = 1000, initial_temperature = 3.0, cooling_rate = 0.999
26 - INFO - chord#: 78 done. best_score=27.0, changed=520, unchanged=440, early_stops=8/8
26 - INFO - chord#: 80 In build_straw_man_chord_sa. tolerance = 1, sa_iterations = 1000, initial_temperature = 3.0, cooling_rate = 0.999
26 - INFO - chord#: 68 done. best_score=36.0, changed=536, unchanged=358, early_stops=8/8
26 - INFO - chord#: 70 In build_straw_man_chord_sa. tolerance = 1, sa_iterations = 1000, initial_temperature = 3.0, cooling_rate = 0.999
26 - INFO - chord#: 86 done. best_score=157.0, changed=617, unchanged=435, early_stops=8/8
26 - INFO - chord#: 88 In build_straw_man_chord_sa. tolerance = 1, sa_iterations = 1000, initial_temperature = 3.0, cooling_rate = 0.999
26 - INFO - chord#: 74 done. best_score=36.0, changed=520, unchanged=375, early_stops=8/8
26 - INFO - chord#: 76 In build_straw_man_chord_sa. tolerance = 1, sa_iterations = 1000, initial_temperature = 3.0, cooling_rate = 0.999
26 - INFO - chord#: 72 done. best_score=145.0, changed=613, unchanged=298, early_stops=8/8
26 - INFO - chord#: 74 In build_straw_man_chord_sa. tolerance = 1, sa_iterations = 1000, initial_temperature = 3.0, cooling_rate = 0.999
26 - INFO - chord#: 76 done. best_score=142.0, changed=616, unchanged=379, early_stops=8/8
26 - INFO - chord#: 78 In build_straw_man_chord_sa. tolerance = 1, sa_iterations = 1000, initial_temperature = 3.0, cooling_rate = 0.999
26 - INFO - chord#: 78 done. best_score=27.0, changed=520, unchanged=323, early_stops=8/8
26 - INFO - chord#: 80 In build_straw_man_chord_sa. tolerance = 1, sa_iterations = 1000, initial_temperature = 3.0, cooling_rate = 0.999
26 - INFO - chord#: 70 done. best_score=35.0, changed=527, unchanged=416, early_stops=8/8
26 - INFO - chord#: 72 In build_straw_man_chord_sa. tolerance = 1, sa_iterations = 1000, initial_temperature = 3.0, cooling_rate = 0.999
26 - INFO - chord#: 72 done. best_score=140.0, changed=610, unchanged=240, early_stops=8/8
26 - INFO - chord#: 74 In build_straw_man_chord_sa. tolerance = 1, sa_iterations = 1000, initial_temperature = 3.0, cooling_rate = 0.999
26 - INFO - chord#: 76 done. best_score=125.0, changed=613, unchanged=416, early_stops=8/8
26 - INFO - chord#: 78 In build_straw_man_chord_sa. tolerance = 1, sa_iterations = 1000, initial_temperature = 3.0, cooling_rate = 0.999
26 - INFO - chord#: 88 done. best_score=78.0, changed=619, unchanged=371, early_stops=8/8
26 - INFO - chord#: 92 In build_straw_man_chord_sa. tolerance = 1, sa_iterations = 1000, initial_temperature = 3.0, cooling_rate = 0.999
26 - INFO - chord#: 86 done. best_score=64.0, changed=613, unchanged=375, early_stops=8/8
26 - INFO - chord#: 88 In build_straw_man_chord_sa. tolerance = 1, sa_iterations = 1000, initial_temperature = 3.0, cooling_rate = 0.999
26 - INFO - chord#: 74 done. best_score=27.0, changed=524, unchanged=398, early_stops=8/8
26 - INFO - chord#: 76 In build_straw_man_chord_sa. tolerance = 1, sa_iterations = 1000, initial_temperature = 3.0, cooling_rate = 0.999
26 - INFO - chord#: 78 done. best_score=27.0, changed=521, unchanged=354, early_stops=8/8
26 - INFO - chord#: 80 In build_straw_man_chord_sa. tolerance = 1, sa_iterations = 1000, initial_temperature = 3.0, cooling_rate = 0.999
26 - INFO - chord#: 80 done. best_score=78.0, changed=611, unchanged=256, early_stops=8/8
26 - INFO - chord#: 84 In build_straw_man_chord_sa. tolerance = 1, sa_iterations = 1000, initial_temperature = 3.0, cooling_rate = 0.999
26 - INFO - chord#: 80 done. best_score=67.0, changed=617, unchanged=289, early_stops=8/8
26 - INFO - chord#: 84 In build_straw_man_chord_sa. tolerance = 1, sa_iterations = 1000, initial_temperature = 3.0, cooling_rate = 0.999
26 - INFO - chord#: 88 done. best_score=67.0, changed=615, unchanged=282, early_stops=8/8
26 - INFO - chord#: 92 In build_straw_man_chord_sa. tolerance = 1, sa_iterations = 1000, initial_temperature = 3.0, cooling_rate = 0.999
26 - INFO - chord#: 92 done. best_score=27.0, changed=525, unchanged=411, early_stops=8/8
26 - INFO - chord#: 94 In build_straw_man_chord_sa. tolerance = 1, sa_iterations = 1000, initial_temperature = 3.0, cooling_rate = 0.999
26 - INFO - chord#: 74 done. best_score=27.0, changed=526, unchanged=440, early_stops=8/8
26 - INFO - chord#: 76 In build_straw_man_chord_sa. tolerance = 1, sa_iterations = 1000, initial_temperature = 3.0, cooling_rate = 0.999
26 - INFO - chord#: 78 done. best_score=27.0, changed=526, unchanged=473, early_stops=8/8
26 - INFO - chord#: 80 In build_straw_man_chord_sa. tolerance = 1, sa_iterations = 1000, initial_temperature = 3.0, cooling_rate = 0.999
26 - INFO - chord#: 72 done. best_score=140.0, changed=608, unchanged=318, early_stops=8/8
26 - INFO - chord#: 74 In build_straw_man_chord_sa. tolerance = 1, sa_iterations = 1000, initial_temperature = 3.0, cooling_rate = 0.999
26 - INFO - chord#: 84 done. best_score=27.0, changed=513, unchanged=370, early_stops=8/8
26 - INFO - chord#: 86 In build_straw_man_chord_sa. tolerance = 1, sa_iterations = 1000, initial_temperature = 3.0, cooling_rate = 0.999
26 - INFO - chord#: 84 done. best_score=27.0, changed=515, unchanged=482, early_stops=8/8
26 - INFO - chord#: 86 In build_straw_man_chord_sa. tolerance = 1, sa_iterations = 1000, initial_temperature = 3.0, cooling_rate = 0.999
26 - INFO - chord#: 92 done. best_score=27.0, changed=514, unchanged=413, early_stops=8/8
26 - INFO - chord#: 94 In build_straw_man_chord_sa. tolerance = 1, sa_iterations = 1000, initial_temperature = 3.0, cooling_rate = 0.999
26 - INFO - chord#: 80 done. best_score=78.0, changed=605, unchanged=304, early_stops=8/8
26 - INFO - chord#: 84 In build_straw_man_chord_sa. tolerance = 1, sa_iterations = 1000, initial_temperature = 3.0, cooling_rate = 0.999
26 - INFO - chord#: 76 done. best_score=78.0, changed=606, unchanged=204, early_stops=8/8
26 - INFO - chord#: 78 In build_straw_man_chord_sa. tolerance = 1, sa_iterations = 1000, initial_temperature = 3.0, cooling_rate = 0.999
26 - INFO - chord#: 74 done. best_score=27.0, changed=521, unchanged=431, early_stops=8/8
26 - INFO - chord#: 76 In build_straw_man_chord_sa. tolerance = 1, sa_iterations = 1000, initial_temperature = 3.0, cooling_rate = 0.999
26 - INFO - chord#: 76 done. best_score=119.0, changed=620, unchanged=565, early_stops=8/8
26 - INFO - chord#: 78 In build_straw_man_chord_sa. tolerance = 1, sa_iterations = 1000, initial_temperature = 3.0, cooling_rate = 0.999
26 - INFO - chord#: 88 done. best_score=67.0, changed=620, unchanged=584, early_stops=8/8
26 - INFO - chord#: 92 In build_straw_man_chord_sa. tolerance = 1, sa_iterations = 1000, initial_temperature = 3.0, cooling_rate = 0.999
26 - INFO - chord#: 80 done. best_score=78.0, changed=610, unchanged=374, early_stops=8/8
26 - INFO - chord#: 84 In build_straw_man_chord_sa. tolerance = 1, sa_iterations = 1000, initial_temperature = 3.0, cooling_rate = 0.999
26 - INFO - chord#: 94 done. best_score=96.0, changed=610, unchanged=267, early_stops=8/8
26 - INFO - chord#: 96 In build_straw_man_chord_sa. tolerance = 1, sa_iterations = 1000, initial_temperature = 3.0, cooling_rate = 0.999
26 - INFO - chord#: 84 done. best_score=27.0, changed=519, unchanged=452, early_stops=8/8
26 - INFO - chord#: 86 In build_straw_man_chord_sa. tolerance = 1, sa_iterations = 1000, initial_temperature = 3.0, cooling_rate = 0.999
26 - INFO - chord#: 96 done. best_score=11.0, changed=484, unchanged=344, early_stops=8/8
26 - INFO - chord#: 104 In build_straw_man_chord_sa. tolerance = 1, sa_iterations = 1000, initial_temperature = 3.0, cooling_rate = 0.999
26 - INFO - chord#: 78 done. best_score=27.0, changed=531, unchanged=310, early_stops=8/8
26 - INFO - chord#: 80 In build_straw_man_chord_sa. tolerance = 1, sa_iterations = 1000, initial_temperature = 3.0, cooling_rate = 0.999
26 - INFO - chord#: 78 done. best_score=27.0, changed=522, unchanged=443, early_stops=8/8
26 - INFO - chord#: 80 In build_straw_man_chord_sa. tolerance = 1, sa_iterations = 1000, initial_temperature = 3.0, cooling_rate = 0.999
26 - INFO - chord#: 86 done. best_score=104.0, changed=611, unchanged=375, early_stops=8/8
26 - INFO - chord#: 88 In build_straw_man_chord_sa. tolerance = 1, sa_iterations = 1000, initial_temperature = 3.0, cooling_rate = 0.999
26 - INFO - chord#: 80 done. best_score=78.0, changed=609, unchanged=261, early_stops=8/8
26 - INFO - chord#: 84 In build_straw_man_chord_sa. tolerance = 1, sa_iterations = 1000, initial_temperature = 3.0, cooling_rate = 0.999
26 - INFO - chord#: 86 done. best_score=104.0, changed=616, unchanged=368, early_stops=8/8
26 - INFO - chord#: 88 In build_straw_man_chord_sa. tolerance = 1, sa_iterations = 1000, initial_temperature = 3.0, cooling_rate = 0.999
26 - INFO - chord#: 76 done. best_score=137.0, changed=613, unchanged=306, early_stops=8/8
26 - INFO - chord#: 78 In build_straw_man_chord_sa. tolerance = 1, sa_iterations = 1000, initial_temperature = 3.0, cooling_rate = 0.999
26 - INFO - chord#: 94 done. best_score=67.0, changed=616, unchanged=280, early_stops=8/8
26 - INFO - chord#: 96 In build_straw_man_chord_sa. tolerance = 1, sa_iterations = 1000, initial_temperature = 3.0, cooling_rate = 0.999
26 - INFO - chord#: 92 done. best_score=27.0, changed=523, unchanged=463, early_stops=8/8
26 - INFO - chord#: 94 In build_straw_man_chord_sa. tolerance = 1, sa_iterations = 1000, initial_temperature = 3.0, cooling_rate = 0.999
26 - INFO - chord#: 96 done. best_score=11.0, changed=490, unchanged=374, early_stops=8/8
26 - INFO - chord#: 104 In build_straw_man_chord_sa. tolerance = 1, sa_iterations = 1000, initial_temperature = 3.0, cooling_rate = 0.999
26 - INFO - chord#: 104 done. best_score=27.0, changed=524, unchanged=309, early_stops=8/8
26 - INFO - chord#: 108 In build_straw_man_chord_sa. tolerance = 1, sa_iterations = 1000, initial_temperature = 3.0, cooling_rate = 0.999
26 - INFO - chord#: 76 done. best_score=78.0, changed=606, unchanged=204, early_stops=8/8
26 - INFO - chord#: 78 In build_straw_man_chord_sa. tolerance = 1, sa_iterations = 1000, initial_temperature = 3.0, cooling_rate = 0.999
26 - INFO - chord#: 84 done. best_score=27.0, changed=517, unchanged=412, early_stops=8/8
26 - INFO - chord#: 86 In build_straw_man_chord_sa. tolerance = 1, sa_iterations = 1000, initial_temperature = 3.0, cooling_rate = 0.999
26 - INFO - chord#: 104 done. best_score=27.0, changed=533, unchanged=353, early_stops=8/8
26 - INFO - chord#: 108 In build_straw_man_chord_sa. tolerance = 1, sa_iterations = 1000, initial_temperature = 3.0, cooling_rate = 0.999
26 - INFO - chord#: 78 done. best_score=36.0, changed=531, unchanged=433, early_stops=8/8
26 - INFO - chord#: 80 In build_straw_man_chord_sa. tolerance = 1, sa_iterations = 1000, initial_temperature = 3.0, cooling_rate = 0.999
26 - INFO - chord#: 78 done. best_score=27.0, changed=529, unchanged=379, early_stops=8/8
26 - INFO - chord#: 80 In build_straw_man_chord_sa. tolerance = 1, sa_iterations = 1000, initial_temperature = 3.0, cooling_rate = 0.999
26 - INFO - chord#: 84 done. best_score=27.0, changed=522, unchanged=585, early_stops=8/8
26 - INFO - chord#: 86 In build_straw_man_chord_sa. tolerance = 1, sa_iterations = 1000, initial_temperature = 3.0, cooling_rate = 0.999
26 - INFO - chord#: 88 done. best_score=119.0, changed=616, unchanged=364, early_stops=8/8
26 - INFO - chord#: 92 In build_straw_man_chord_sa. tolerance = 1, sa_iterations = 1000, initial_temperature = 3.0, cooling_rate = 0.999
26 - INFO - chord#: 86 done. best_score=64.0, changed=611, unchanged=243, early_stops=8/8
26 - INFO - chord#: 88 In build_straw_man_chord_sa. tolerance = 1, sa_iterations = 1000, initial_temperature = 3.0, cooling_rate = 0.999
26 - INFO - chord#: 108 done. best_score=180.0, changed=606, unchanged=201, early_stops=8/8
26 - INFO - chord#: 110 In build_straw_man_chord_sa. tolerance = 1, sa_iterations = 1000, initial_temperature = 3.0, cooling_rate = 0.999
26 - INFO - chord#: 88 done. best_score=67.0, changed=615, unchanged=433, early_stops=8/8
26 - INFO - chord#: 92 In build_straw_man_chord_sa. tolerance = 1, sa_iterations = 1000, initial_temperature = 3.0, cooling_rate = 0.999
26 - INFO - chord#: 94 done. best_score=67.0, changed=612, unchanged=379, early_stops=8/8
26 - INFO - chord#: 96 In build_straw_man_chord_sa. tolerance = 1, sa_iterations = 1000, initial_temperature = 3.0, cooling_rate = 0.999
26 - INFO - chord#: 80 done. best_score=125.0, changed=617, unchanged=311, early_stops=8/8
26 - INFO - chord#: 84 In build_straw_man_chord_sa. tolerance = 1, sa_iterations = 1000, initial_temperature = 3.0, cooling_rate = 0.999
26 - INFO - chord#: 96 done. best_score=11.0, changed=491, unchanged=338, early_stops=8/8
26 - INFO - chord#: 104 In build_straw_man_chord_sa. tolerance = 1, sa_iterations = 1000, initial_temperature = 3.0, cooling_rate = 0.999
26 - INFO - chord#: 110 done. best_score=27.0, changed=531, unchanged=288, early_stops=8/8
26 - INFO - chord#: 112 In build_straw_man_chord_sa. tolerance = 1, sa_iterations = 1000, initial_temperature = 3.0, cooling_rate = 0.999
26 - INFO - chord#: 80 done. best_score=78.0, changed=610, unchanged=375, early_stops=8/8
26 - INFO - chord#: 84 In build_straw_man_chord_sa. tolerance = 1, sa_iterations = 1000, initial_temperature = 3.0, cooling_rate = 0.999
26 - INFO - chord#: 92 done. best_score=27.0, changed=520, unchanged=445, early_stops=8/8
26 - INFO - chord#: 94 In build_straw_man_chord_sa. tolerance = 1, sa_iterations = 1000, initial_temperature = 3.0, cooling_rate = 0.999
26 - INFO - chord#: 86 done. best_score=64.0, changed=615, unchanged=351, early_stops=8/8
26 - INFO - chord#: 88 In build_straw_man_chord_sa. tolerance = 1, sa_iterations = 1000, initial_temperature = 3.0, cooling_rate = 0.999
26 - INFO - chord#: 108 done. best_score=104.0, changed=616, unchanged=424, early_stops=8/8
26 - INFO - chord#: 110 In build_straw_man_chord_sa. tolerance = 1, sa_iterations = 1000, initial_temperature = 3.0, cooling_rate = 0.999
26 - INFO - chord#: 92 done. best_score=27.0, changed=517, unchanged=460, early_stops=8/8
26 - INFO - chord#: 94 In build_straw_man_chord_sa. tolerance = 1, sa_iterations = 1000, initial_temperature = 3.0, cooling_rate = 0.999
26 - INFO - chord#: 104 done. best_score=27.0, changed=529, unchanged=324, early_stops=8/8
26 - INFO - chord#: 108 In build_straw_man_chord_sa. tolerance = 1, sa_iterations = 1000, initial_temperature = 3.0, cooling_rate = 0.999
26 - INFO - chord#: 112 done. best_score=27.0, changed=516, unchanged=459, early_stops=8/8
26 - INFO - chord#: 116 In build_straw_man_chord_sa. tolerance = 1, sa_iterations = 1000, initial_temperature = 3.0, cooling_rate = 0.999
26 - INFO - chord#: 86 done. best_score=64.0, changed=609, unchanged=272, early_stops=8/8
26 - INFO - chord#: 88 In build_straw_man_chord_sa. tolerance = 1, sa_iterations = 1000, initial_temperature = 3.0, cooling_rate = 0.999
26 - INFO - chord#: 84 done. best_score=27.0, changed=522, unchanged=486, early_stops=8/8
26 - INFO - chord#: 86 In build_straw_man_chord_sa. tolerance = 1, sa_iterations = 1000, initial_temperature = 3.0, cooling_rate = 0.999
26 - INFO - chord#: 80 done. best_score=78.0, changed=615, unchanged=442, early_stops=8/8
26 - INFO - chord#: 84 In build_straw_man_chord_sa. tolerance = 1, sa_iterations = 1000, initial_temperature = 3.0, cooling_rate = 0.999
26 - INFO - chord#: 84 done. best_score=27.0, changed=516, unchanged=388, early_stops=8/8
26 - INFO - chord#: 86 In build_straw_man_chord_sa. tolerance = 1, sa_iterations = 1000, initial_temperature = 3.0, cooling_rate = 0.999
26 - INFO - chord#: 110 done. best_score=27.0, changed=534, unchanged=358, early_stops=8/8
26 - INFO - chord#: 112 In build_straw_man_chord_sa. tolerance = 1, sa_iterations = 1000, initial_temperature = 3.0, cooling_rate = 0.999
26 - INFO - chord#: 80 done. best_score=125.0, changed=614, unchanged=417, early_stops=8/8
26 - INFO - chord#: 84 In build_straw_man_chord_sa. tolerance = 1, sa_iterations = 1000, initial_temperature = 3.0, cooling_rate = 0.999
26 - INFO - chord#: 88 done. best_score=145.0, changed=609, unchanged=277, early_stops=8/8
26 - INFO - chord#: 92 In build_straw_man_chord_sa. tolerance = 1, sa_iterations = 1000, initial_temperature = 3.0, cooling_rate = 0.999
26 - INFO - chord#: 84 done. best_score=27.0, changed=524, unchanged=412, early_stops=8/8
26 - INFO - chord#: 86 In build_straw_man_chord_sa. tolerance = 1, sa_iterations = 1000, initial_temperature = 3.0, cooling_rate = 0.999
26 - INFO - chord#: 94 done. best_score=96.0, changed=610, unchanged=312, early_stops=8/8
26 - INFO - chord#: 96 In build_straw_man_chord_sa. tolerance = 1, sa_iterations = 1000, initial_temperature = 3.0, cooling_rate = 0.999
26 - INFO - chord#: 96 done. best_score=11.0, changed=484, unchanged=344, early_stops=8/8
26 - INFO - chord#: 104 In build_straw_man_chord_sa. tolerance = 1, sa_iterations = 1000, initial_temperature = 3.0, cooling_rate = 0.999
26 - INFO - chord#: 112 done. best_score=27.0, changed=519, unchanged=576, early_stops=8/8
26 - INFO - chord#: 116 In build_straw_man_chord_sa. tolerance = 1, sa_iterations = 1000, initial_temperature = 3.0, cooling_rate = 0.999
26 - INFO - chord#: 94 done. best_score=67.0, changed=613, unchanged=235, early_stops=8/8
26 - INFO - chord#: 96 In build_straw_man_chord_sa. tolerance = 1, sa_iterations = 1000, initial_temperature = 3.0, cooling_rate = 0.999
26 - INFO - chord#: 84 done. best_score=27.0, changed=519, unchanged=340, early_stops=8/8
26 - INFO - chord#: 86 In build_straw_man_chord_sa. tolerance = 1, sa_iterations = 1000, initial_temperature = 3.0, cooling_rate = 0.999
26 - INFO - chord#: 108 done. best_score=64.0, changed=609, unchanged=288, early_stops=8/8
26 - INFO - chord#: 110 In build_straw_man_chord_sa. tolerance = 1, sa_iterations = 1000, initial_temperature = 3.0, cooling_rate = 0.999
26 - INFO - chord#: 96 done. best_score=11.0, changed=487, unchanged=355, early_stops=8/8
26 - INFO - chord#: 104 In build_straw_man_chord_sa. tolerance = 1, sa_iterations = 1000, initial_temperature = 3.0, cooling_rate = 0.999
26 - INFO - chord#: 116 done. best_score=74.0, changed=608, unchanged=390, early_stops=8/8
26 - INFO - chord#: 118 In build_straw_man_chord_sa. tolerance = 1, sa_iterations = 1000, initial_temperature = 3.0, cooling_rate = 0.999
26 - INFO - chord#: 92 done. best_score=27.0, changed=521, unchanged=544, early_stops=8/8
26 - INFO - chord#: 94 In build_straw_man_chord_sa. tolerance = 1, sa_iterations = 1000, initial_temperature = 3.0, cooling_rate = 0.999
26 - INFO - chord#: 104 done. best_score=27.0, changed=523, unchanged=310, early_stops=8/8
26 - INFO - chord#: 108 In build_straw_man_chord_sa. tolerance = 1, sa_iterations = 1000, initial_temperature = 3.0, cooling_rate = 0.999
26 - INFO - chord#: 88 done. best_score=67.0, changed=617, unchanged=354, early_stops=8/8
26 - INFO - chord#: 92 In build_straw_man_chord_sa. tolerance = 1, sa_iterations = 1000, initial_temperature = 3.0, cooling_rate = 0.999
26 - INFO - chord#: 110 done. best_score=27.0, changed=530, unchanged=363, early_stops=8/8
26 - INFO - chord#: 112 In build_straw_man_chord_sa. tolerance = 1, sa_iterations = 1000, initial_temperature = 3.0, cooling_rate = 0.999
26 - INFO - chord#: 88 done. best_score=137.0, changed=612, unchanged=282, early_stops=8/8
26 - INFO - chord#: 92 In build_straw_man_chord_sa. tolerance = 1, sa_iterations = 1000, initial_temperature = 3.0, cooling_rate = 0.999
26 - INFO - chord#: 104 done. best_score=27.0, changed=525, unchanged=335, early_stops=8/8
26 - INFO - chord#: 108 In build_straw_man_chord_sa. tolerance = 1, sa_iterations = 1000, initial_temperature = 3.0, cooling_rate = 0.999
26 - INFO - chord#: 86 done. best_score=64.0, changed=608, unchanged=304, early_stops=8/8
26 - INFO - chord#: 88 In build_straw_man_chord_sa. tolerance = 1, sa_iterations = 1000, initial_temperature = 3.0, cooling_rate = 0.999
26 - INFO - chord#: 118 done. best_score=27.0, changed=541, unchanged=384, early_stops=8/8
26 - INFO - chord#: 120 In build_straw_man_chord_sa. tolerance = 1, sa_iterations = 1000, initial_temperature = 3.0, cooling_rate = 0.999
26 - INFO - chord#: 86 done. best_score=64.0, changed=608, unchanged=333, early_stops=8/8
26 - INFO - chord#: 88 In build_straw_man_chord_sa. tolerance = 1, sa_iterations = 1000, initial_temperature = 3.0, cooling_rate = 0.999
26 - INFO - chord#: 92 done. best_score=27.0, changed=512, unchanged=354, early_stops=8/8
26 - INFO - chord#: 94 In build_straw_man_chord_sa. tolerance = 1, sa_iterations = 1000, initial_temperature = 3.0, cooling_rate = 0.999
26 - INFO - chord#: 112 done. best_score=27.0, changed=523, unchanged=483, early_stops=8/8
26 - INFO - chord#: 116 In build_straw_man_chord_sa. tolerance = 1, sa_iterations = 1000, initial_temperature = 3.0, cooling_rate = 0.999
26 - INFO - chord#: 86 done. best_score=64.0, changed=617, unchanged=581, early_stops=8/8
26 - INFO - chord#: 88 In build_straw_man_chord_sa. tolerance = 1, sa_iterations = 1000, initial_temperature = 3.0, cooling_rate = 0.999
26 - INFO - chord#: 92 done. best_score=27.0, changed=515, unchanged=384, early_stops=8/8
26 - INFO - chord#: 94 In build_straw_man_chord_sa. tolerance = 1, sa_iterations = 1000, initial_temperature = 3.0, cooling_rate = 0.999
26 - INFO - chord#: 116 done. best_score=74.0, changed=613, unchanged=440, early_stops=8/8
26 - INFO - chord#: 118 In build_straw_man_chord_sa. tolerance = 1, sa_iterations = 1000, initial_temperature = 3.0, cooling_rate = 0.999
26 - INFO - chord#: 120 done. best_score=27.0, changed=519, unchanged=388, early_stops=8/8
26 - INFO - chord#: 122 In build_straw_man_chord_sa. tolerance = 1, sa_iterations = 1000, initial_temperature = 3.0, cooling_rate = 0.999
26 - INFO - chord#: 108 done. best_score=157.0, changed=608, unchanged=224, early_stops=8/8
26 - INFO - chord#: 110 In build_straw_man_chord_sa. tolerance = 1, sa_iterations = 1000, initial_temperature = 3.0, cooling_rate = 0.999
26 - INFO - chord#: 108 done. best_score=64.0, changed=610, unchanged=280, early_stops=8/8
26 - INFO - chord#: 110 In build_straw_man_chord_sa. tolerance = 1, sa_iterations = 1000, initial_temperature = 3.0, cooling_rate = 0.999
26 - INFO - chord#: 118 done. best_score=27.0, changed=526, unchanged=353, early_stops=8/8
26 - INFO - chord#: 120 In build_straw_man_chord_sa. tolerance = 1, sa_iterations = 1000, initial_temperature = 3.0, cooling_rate = 0.999
26 - INFO - chord#: 86 done. best_score=71.0, changed=612, unchanged=447, early_stops=8/8
26 - INFO - chord#: 88 In build_straw_man_chord_sa. tolerance = 1, sa_iterations = 1000, initial_temperature = 3.0, cooling_rate = 0.999
26 - INFO - chord#: 110 done. best_score=27.0, changed=533, unchanged=340, early_stops=8/8
26 - INFO - chord#: 112 In build_straw_man_chord_sa. tolerance = 1, sa_iterations = 1000, initial_temperature = 3.0, cooling_rate = 0.999
26 - INFO - chord#: 94 done. best_score=78.0, changed=618, unchanged=418, early_stops=8/8
26 - INFO - chord#: 96 In build_straw_man_chord_sa. tolerance = 1, sa_iterations = 1000, initial_temperature = 3.0, cooling_rate = 0.999
26 - INFO - chord#: 110 done. best_score=27.0, changed=520, unchanged=323, early_stops=8/8
26 - INFO - chord#: 112 In build_straw_man_chord_sa. tolerance = 1, sa_iterations = 1000, initial_temperature = 3.0, cooling_rate = 0.999
26 - INFO - chord#: 88 done. best_score=67.0, changed=609, unchanged=337, early_stops=8/8
26 - INFO - chord#: 92 In build_straw_man_chord_sa. tolerance = 1, sa_iterations = 1000, initial_temperature = 3.0, cooling_rate = 0.999
26 - INFO - chord#: 96 done. best_score=11.0, changed=488, unchanged=330, early_stops=8/8
26 - INFO - chord#: 104 In build_straw_man_chord_sa. tolerance = 1, sa_iterations = 1000, initial_temperature = 3.0, cooling_rate = 0.999
26 - INFO - chord#: 120 done. best_score=27.0, changed=508, unchanged=357, early_stops=8/8
26 - INFO - chord#: 122 In build_straw_man_chord_sa. tolerance = 1, sa_iterations = 1000, initial_temperature = 3.0, cooling_rate = 0.999
26 - INFO - chord#: 88 done. best_score=67.0, changed=610, unchanged=378, early_stops=8/8
26 - INFO - chord#: 122 done. best_score=74.0, changed=608, unchanged=254, early_stops=8/8
26 - INFO - chord#: 92 In build_straw_man_chord_sa. tolerance = 1, sa_iterations = 1000, initial_temperature = 3.0, cooling_rate = 0.999
26 - INFO - chord#: 124 In build_straw_man_chord_sa. tolerance = 1, sa_iterations = 1000, initial_temperature = 3.0, cooling_rate = 0.999
26 - INFO - chord#: 116 done. best_score=74.0, changed=616, unchanged=381, early_stops=8/8
26 - INFO - chord#: 118 In build_straw_man_chord_sa. tolerance = 1, sa_iterations = 1000, initial_temperature = 3.0, cooling_rate = 0.999
26 - INFO - chord#: 112 done. best_score=27.0, changed=519, unchanged=444, early_stops=8/8
26 - INFO - chord#: 116 In build_straw_man_chord_sa. tolerance = 1, sa_iterations = 1000, initial_temperature = 3.0, cooling_rate = 0.999
26 - INFO - chord#: 94 done. best_score=145.0, changed=609, unchanged=287, early_stops=8/8
26 - INFO - chord#: 96 In build_straw_man_chord_sa. tolerance = 1, sa_iterations = 1000, initial_temperature = 3.0, cooling_rate = 0.999
26 - INFO - chord#: 112 done. best_score=27.0, changed=522, unchanged=488, early_stops=8/8
26 - INFO - chord#: 116 In build_straw_man_chord_sa. tolerance = 1, sa_iterations = 1000, initial_temperature = 3.0, cooling_rate = 0.999
26 - INFO - chord#: 96 done. best_score=11.0, changed=492, unchanged=327, early_stops=8/8
26 - INFO - chord#: 104 In build_straw_man_chord_sa. tolerance = 1, sa_iterations = 1000, initial_temperature = 3.0, cooling_rate = 0.999
26 - INFO - chord#: 124 done. best_score=27.0, changed=521, unchanged=401, early_stops=8/8
26 - INFO - chord#: 128 In build_straw_man_chord_sa. tolerance = 1, sa_iterations = 1000, initial_temperature = 3.0, cooling_rate = 0.999
26 - INFO - chord#: 88 done. best_score=137.0, changed=613, unchanged=388, early_stops=8/8
26 - INFO - chord#: 92 In build_straw_man_chord_sa. tolerance = 1, sa_iterations = 1000, initial_temperature = 3.0, cooling_rate = 0.999
26 - INFO - chord#: 104 done. best_score=27.0, changed=527, unchanged=335, early_stops=8/8
26 - INFO - chord#: 108 In build_straw_man_chord_sa. tolerance = 1, sa_iterations = 1000, initial_temperature = 3.0, cooling_rate = 0.999
26 - INFO - chord#: 118 done. best_score=27.0, changed=524, unchanged=378, early_stops=8/8
26 - INFO - chord#: 120 In build_straw_man_chord_sa. tolerance = 1, sa_iterations = 1000, initial_temperature = 3.0, cooling_rate = 0.999
26 - INFO - chord#: 92 done. best_score=27.0, changed=522, unchanged=507, early_stops=8/8
26 - INFO - chord#: 94 In build_straw_man_chord_sa. tolerance = 1, sa_iterations = 1000, initial_temperature = 3.0, cooling_rate = 0.999
26 - INFO - chord#: 92 done. best_score=27.0, changed=528, unchanged=478, early_stops=8/8
26 - INFO - chord#: 94 In build_straw_man_chord_sa. tolerance = 1, sa_iterations = 1000, initial_temperature = 3.0, cooling_rate = 0.999
26 - INFO - chord#: 94 done. best_score=67.0, changed=615, unchanged=476, early_stops=8/8
26 - INFO - chord#: 96 In build_straw_man_chord_sa. tolerance = 1, sa_iterations = 1000, initial_temperature = 3.0, cooling_rate = 0.999
26 - INFO - chord#: 96 done. best_score=11.0, changed=469, unchanged=345, early_stops=8/8
26 - INFO - chord#: 104 In build_straw_man_chord_sa. tolerance = 1, sa_iterations = 1000, initial_temperature = 3.0, cooling_rate = 0.999
26 - INFO - chord#: 128 done. best_score=27.0, changed=523, unchanged=443, early_stops=8/8
26 - INFO - chord#: 132 In build_straw_man_chord_sa. tolerance = 1, sa_iterations = 1000, initial_temperature = 3.0, cooling_rate = 0.999
26 - INFO - chord#: 120 done. best_score=27.0, changed=514, unchanged=409, early_stops=8/8
26 - INFO - chord#: 122 In build_straw_man_chord_sa. tolerance = 1, sa_iterations = 1000, initial_temperature = 3.0, cooling_rate = 0.999
26 - INFO - chord#: 88 done. best_score=116.0, changed=615, unchanged=341, early_stops=8/8
26 - INFO - chord#: 92 In build_straw_man_chord_sa. tolerance = 1, sa_iterations = 1000, initial_temperature = 3.0, cooling_rate = 0.999
26 - INFO - chord#: 104 done. best_score=27.0, changed=532, unchanged=385, early_stops=8/8
26 - INFO - chord#: 108 In build_straw_man_chord_sa. tolerance = 1, sa_iterations = 1000, initial_temperature = 3.0, cooling_rate = 0.999
26 - INFO - chord#: 122 done. best_score=74.0, changed=615, unchanged=344, early_stops=8/8
26 - INFO - chord#: 124 In build_straw_man_chord_sa. tolerance = 1, sa_iterations = 1000, initial_temperature = 3.0, cooling_rate = 0.999
26 - INFO - chord#: 92 done. best_score=27.0, changed=521, unchanged=432, early_stops=8/8
26 - INFO - chord#: 94 In build_straw_man_chord_sa. tolerance = 1, sa_iterations = 1000, initial_temperature = 3.0, cooling_rate = 0.999
26 - INFO - chord#: 116 done. best_score=74.0, changed=615, unchanged=350, early_stops=8/8
26 - INFO - chord#: 118 In build_straw_man_chord_sa. tolerance = 1, sa_iterations = 1000, initial_temperature = 3.0, cooling_rate = 0.999
26 - INFO - chord#: 132 done. best_score=27.0, changed=519, unchanged=348, early_stops=8/8
26 - INFO - chord#: 136 In build_straw_man_chord_sa. tolerance = 1, sa_iterations = 1000, initial_temperature = 3.0, cooling_rate = 0.999
26 - INFO - chord#: 104 done. best_score=27.0, changed=521, unchanged=321, early_stops=8/8
26 - INFO - chord#: 108 In build_straw_man_chord_sa. tolerance = 1, sa_iterations = 1000, initial_temperature = 3.0, cooling_rate = 0.999
26 - INFO - chord#: 124 done. best_score=27.0, changed=526, unchanged=341, early_stops=8/8
26 - INFO - chord#: 128 In build_straw_man_chord_sa. tolerance = 1, sa_iterations = 1000, initial_temperature = 3.0, cooling_rate = 0.999
26 - INFO - chord#: 108 done. best_score=157.0, changed=609, unchanged=277, early_stops=8/8
26 - INFO - chord#: 110 In build_straw_man_chord_sa. tolerance = 1, sa_iterations = 1000, initial_temperature = 3.0, cooling_rate = 0.999
26 - INFO - chord#: 116 done. best_score=74.0, changed=614, unchanged=440, early_stops=8/8
26 - INFO - chord#: 118 In build_straw_man_chord_sa. tolerance = 1, sa_iterations = 1000, initial_temperature = 3.0, cooling_rate = 0.999
26 - INFO - chord#: 118 done. best_score=27.0, changed=531, unchanged=369, early_stops=8/8
26 - INFO - chord#: 120 In build_straw_man_chord_sa. tolerance = 1, sa_iterations = 1000, initial_temperature = 3.0, cooling_rate = 0.999
26 - INFO - chord#: 92 done. best_score=27.0, changed=520, unchanged=405, early_stops=8/8
26 - INFO - chord#: 94 In build_straw_man_chord_sa. tolerance = 1, sa_iterations = 1000, initial_temperature = 3.0, cooling_rate = 0.999
26 - INFO - chord#: 136 done. best_score=27.0, changed=525, unchanged=333, early_stops=8/8
26 - INFO - chord#: 140 In build_straw_man_chord_sa. tolerance = 1, sa_iterations = 1000, initial_temperature = 3.0, cooling_rate = 0.999
26 - INFO - chord#: 110 done. best_score=27.0, changed=558, unchanged=273, early_stops=8/8
26 - INFO - chord#: 112 In build_straw_man_chord_sa. tolerance = 1, sa_iterations = 1000, initial_temperature = 3.0, cooling_rate = 0.999
26 - INFO - chord#: 128 done. best_score=27.0, changed=520, unchanged=420, early_stops=8/8
26 - INFO - chord#: 132 In build_straw_man_chord_sa. tolerance = 1, sa_iterations = 1000, initial_temperature = 3.0, cooling_rate = 0.999
26 - INFO - chord#: 118 done. best_score=27.0, changed=518, unchanged=308, early_stops=8/8
26 - INFO - chord#: 120 In build_straw_man_chord_sa. tolerance = 1, sa_iterations = 1000, initial_temperature = 3.0, cooling_rate = 0.999
26 - INFO - chord#: 94 done. best_score=96.0, changed=610, unchanged=329, early_stops=8/8
26 - INFO - chord#: 96 In build_straw_man_chord_sa. tolerance = 1, sa_iterations = 1000, initial_temperature = 3.0, cooling_rate = 0.999
26 - INFO - chord#: 120 done. best_score=27.0, changed=519, unchanged=345, early_stops=8/8
26 - INFO - chord#: 122 In build_straw_man_chord_sa. tolerance = 1, sa_iterations = 1000, initial_temperature = 3.0, cooling_rate = 0.999
26 - INFO - chord#: 122 done. best_score=74.0, changed=614, unchanged=448, early_stops=8/8
26 - INFO - chord#: 124 In build_straw_man_chord_sa. tolerance = 1, sa_iterations = 1000, initial_temperature = 3.0, cooling_rate = 0.999
26 - INFO - chord#: 96 done. best_score=11.0, changed=492, unchanged=348, early_stops=8/8
26 - INFO - chord#: 104 In build_straw_man_chord_sa. tolerance = 1, sa_iterations = 1000, initial_temperature = 3.0, cooling_rate = 0.999
26 - INFO - chord#: 112 done. best_score=27.0, changed=524, unchanged=432, early_stops=8/8
26 - INFO - chord#: 116 In build_straw_man_chord_sa. tolerance = 1, sa_iterations = 1000, initial_temperature = 3.0, cooling_rate = 0.999
26 - INFO - chord#: 108 done. best_score=64.0, changed=613, unchanged=323, early_stops=8/8
26 - INFO - chord#: 110 In build_straw_man_chord_sa. tolerance = 1, sa_iterations = 1000, initial_temperature = 3.0, cooling_rate = 0.999
26 - INFO - chord#: 132 done. best_score=27.0, changed=521, unchanged=352, early_stops=8/8
26 - INFO - chord#: 136 In build_straw_man_chord_sa. tolerance = 1, sa_iterations = 1000, initial_temperature = 3.0, cooling_rate = 0.999
26 - INFO - chord#: 94 done. best_score=67.0, changed=615, unchanged=477, early_stops=8/8
26 - INFO - chord#: 96 In build_straw_man_chord_sa. tolerance = 1, sa_iterations = 1000, initial_temperature = 3.0, cooling_rate = 0.999
26 - INFO - chord#: 120 done. best_score=27.0, changed=529, unchanged=481, early_stops=8/8
26 - INFO - chord#: 122 In build_straw_man_chord_sa. tolerance = 1, sa_iterations = 1000, initial_temperature = 3.0, cooling_rate = 0.999
26 - INFO - chord#: 94 done. best_score=67.0, changed=611, unchanged=323, early_stops=8/8
26 - INFO - chord#: 96 In build_straw_man_chord_sa. tolerance = 1, sa_iterations = 1000, initial_temperature = 3.0, cooling_rate = 0.999
26 - INFO - chord#: 124 done. best_score=27.0, changed=519, unchanged=335, early_stops=8/8
26 - INFO - chord#: 128 In build_straw_man_chord_sa. tolerance = 1, sa_iterations = 1000, initial_temperature = 3.0, cooling_rate = 0.999
26 - INFO - chord#: 96 done. best_score=11.0, changed=482, unchanged=342, early_stops=8/8
26 - INFO - chord#: 104 In build_straw_man_chord_sa. tolerance = 1, sa_iterations = 1000, initial_temperature = 3.0, cooling_rate = 0.999
26 - INFO - chord#: 96 done. best_score=11.0, changed=486, unchanged=360, early_stops=8/8
26 - INFO - chord#: 104 In build_straw_man_chord_sa. tolerance = 1, sa_iterations = 1000, initial_temperature = 3.0, cooling_rate = 0.999
26 - INFO - chord#: 104 done. best_score=27.0, changed=513, unchanged=302, early_stops=8/8
26 - INFO - chord#: 108 In build_straw_man_chord_sa. tolerance = 1, sa_iterations = 1000, initial_temperature = 3.0, cooling_rate = 0.999
26 - INFO - chord#: 136 done. best_score=27.0, changed=521, unchanged=316, early_stops=8/8
26 - INFO - chord#: 140 In build_straw_man_chord_sa. tolerance = 1, sa_iterations = 1000, initial_temperature = 3.0, cooling_rate = 0.999
26 - INFO - chord#: 140 done. best_score=64.0, changed=611, unchanged=303, early_stops=8/8
26 - INFO - chord#: 144 In build_straw_man_chord_sa. tolerance = 1, sa_iterations = 1000, initial_temperature = 3.0, cooling_rate = 0.999
26 - INFO - chord#: 110 done. best_score=27.0, changed=523, unchanged=358, early_stops=8/8
26 - INFO - chord#: 112 In build_straw_man_chord_sa. tolerance = 1, sa_iterations = 1000, initial_temperature = 3.0, cooling_rate = 0.999
26 - INFO - chord#: 108 done. best_score=146.0, changed=610, unchanged=422, early_stops=8/8
26 - INFO - chord#: 110 In build_straw_man_chord_sa. tolerance = 1, sa_iterations = 1000, initial_temperature = 3.0, cooling_rate = 0.999
26 - INFO - chord#: 128 done. best_score=27.0, changed=521, unchanged=359, early_stops=8/8
26 - INFO - chord#: 132 In build_straw_man_chord_sa. tolerance = 1, sa_iterations = 1000, initial_temperature = 3.0, cooling_rate = 0.999
26 - INFO - chord#: 104 done. best_score=27.0, changed=530, unchanged=348, early_stops=8/8
26 - INFO - chord#: 108 In build_straw_man_chord_sa. tolerance = 1, sa_iterations = 1000, initial_temperature = 3.0, cooling_rate = 0.999
26 - INFO - chord#: 122 done. best_score=121.0, changed=618, unchanged=340, early_stops=8/8
26 - INFO - chord#: 124 In build_straw_man_chord_sa. tolerance = 1, sa_iterations = 1000, initial_temperature = 3.0, cooling_rate = 0.999
26 - INFO - chord#: 104 done. best_score=27.0, changed=517, unchanged=293, early_stops=8/8
26 - INFO - chord#: 108 In build_straw_man_chord_sa. tolerance = 1, sa_iterations = 1000, initial_temperature = 3.0, cooling_rate = 0.999
26 - INFO - chord#: 94 done. best_score=162.0, changed=618, unchanged=395, early_stops=8/8
26 - INFO - chord#: 96 In build_straw_man_chord_sa. tolerance = 1, sa_iterations = 1000, initial_temperature = 3.0, cooling_rate = 0.999
26 - INFO - chord#: 116 done. best_score=74.0, changed=609, unchanged=275, early_stops=8/8
26 - INFO - chord#: 118 In build_straw_man_chord_sa. tolerance = 1, sa_iterations = 1000, initial_temperature = 3.0, cooling_rate = 0.999
26 - INFO - chord#: 96 done. best_score=11.0, changed=491, unchanged=353, early_stops=8/8
26 - INFO - chord#: 104 In build_straw_man_chord_sa. tolerance = 1, sa_iterations = 1000, initial_temperature = 3.0, cooling_rate = 0.999
26 - INFO - chord#: 144 done. best_score=27.0, changed=518, unchanged=478, early_stops=8/8
26 - INFO - chord#: 148 In build_straw_man_chord_sa. tolerance = 1, sa_iterations = 1000, initial_temperature = 3.0, cooling_rate = 0.999
26 - INFO - chord#: 122 done. best_score=74.0, changed=610, unchanged=262, early_stops=8/8
26 - INFO - chord#: 124 In build_straw_man_chord_sa. tolerance = 1, sa_iterations = 1000, initial_temperature = 3.0, cooling_rate = 0.999
26 - INFO - chord#: 132 done. best_score=27.0, changed=518, unchanged=315, early_stops=8/8
26 - INFO - chord#: 136 In build_straw_man_chord_sa. tolerance = 1, sa_iterations = 1000, initial_temperature = 3.0, cooling_rate = 0.999
26 - INFO - chord#: 110 done. best_score=36.0, changed=537, unchanged=387, early_stops=8/8
26 - INFO - chord#: 112 In build_straw_man_chord_sa. tolerance = 1, sa_iterations = 1000, initial_temperature = 3.0, cooling_rate = 0.999
26 - INFO - chord#: 112 done. best_score=27.0, changed=517, unchanged=471, early_stops=8/8
26 - INFO - chord#: 116 In build_straw_man_chord_sa. tolerance = 1, sa_iterations = 1000, initial_temperature = 3.0, cooling_rate = 0.999
26 - INFO - chord#: 124 done. best_score=27.0, changed=528, unchanged=402, early_stops=8/8
26 - INFO - chord#: 128 In build_straw_man_chord_sa. tolerance = 1, sa_iterations = 1000, initial_temperature = 3.0, cooling_rate = 0.999
26 - INFO - chord#: 140 done. best_score=157.0, changed=613, unchanged=261, early_stops=8/8
26 - INFO - chord#: 144 In build_straw_man_chord_sa. tolerance = 1, sa_iterations = 1000, initial_temperature = 3.0, cooling_rate = 0.999
26 - INFO - chord#: 124 done. best_score=27.0, changed=519, unchanged=342, early_stops=8/8
26 - INFO - chord#: 128 In build_straw_man_chord_sa. tolerance = 1, sa_iterations = 1000, initial_temperature = 3.0, cooling_rate = 0.999
26 - INFO - chord#: 108 done. best_score=64.0, changed=606, unchanged=213, early_stops=8/8
26 - INFO - chord#: 110 In build_straw_man_chord_sa. tolerance = 1, sa_iterations = 1000, initial_temperature = 3.0, cooling_rate = 0.999
26 - INFO - chord#: 118 done. best_score=27.0, changed=527, unchanged=421, early_stops=8/8
26 - INFO - chord#: 120 In build_straw_man_chord_sa. tolerance = 1, sa_iterations = 1000, initial_temperature = 3.0, cooling_rate = 0.999
26 - INFO - chord#: 104 done. best_score=27.0, changed=531, unchanged=391, early_stops=8/8
26 - INFO - chord#: 108 In build_straw_man_chord_sa. tolerance = 1, sa_iterations = 1000, initial_temperature = 3.0, cooling_rate = 0.999
26 - INFO - chord#: 136 done. best_score=27.0, changed=526, unchanged=356, early_stops=8/8
26 - INFO - chord#: 140 In build_straw_man_chord_sa. tolerance = 1, sa_iterations = 1000, initial_temperature = 3.0, cooling_rate = 0.999
26 - INFO - chord#: 112 done. best_score=27.0, changed=513, unchanged=410, early_stops=8/8
26 - INFO - chord#: 116 In build_straw_man_chord_sa. tolerance = 1, sa_iterations = 1000, initial_temperature = 3.0, cooling_rate = 0.999
26 - INFO - chord#: 144 done. best_score=27.0, changed=517, unchanged=379, early_stops=8/8
26 - INFO - chord#: 148 In build_straw_man_chord_sa. tolerance = 1, sa_iterations = 1000, initial_temperature = 3.0, cooling_rate = 0.999
26 - INFO - chord#: 128 done. best_score=27.0, changed=529, unchanged=536, early_stops=8/8
26 - INFO - chord#: 132 In build_straw_man_chord_sa. tolerance = 1, sa_iterations = 1000, initial_temperature = 3.0, cooling_rate = 0.999
26 - INFO - chord#: 128 done. best_score=27.0, changed=525, unchanged=526, early_stops=8/8
26 - INFO - chord#: 132 In build_straw_man_chord_sa. tolerance = 1, sa_iterations = 1000, initial_temperature = 3.0, cooling_rate = 0.999
26 - INFO - chord#: 110 done. best_score=27.0, changed=525, unchanged=428, early_stops=8/8
26 - INFO - chord#: 112 In build_straw_man_chord_sa. tolerance = 1, sa_iterations = 1000, initial_temperature = 3.0, cooling_rate = 0.999
26 - INFO - chord#: 148 done. best_score=74.0, changed=609, unchanged=318, early_stops=8/8
26 - INFO - chord#: 152 In build_straw_man_chord_sa. tolerance = 1, sa_iterations = 1000, initial_temperature = 3.0, cooling_rate = 0.999
26 - INFO - chord#: 108 done. best_score=64.0, changed=611, unchanged=361, early_stops=8/8
26 - INFO - chord#: 110 In build_straw_man_chord_sa. tolerance = 1, sa_iterations = 1000, initial_temperature = 3.0, cooling_rate = 0.999
26 - INFO - chord#: 120 done. best_score=27.0, changed=522, unchanged=522, early_stops=8/8
26 - INFO - chord#: 122 In build_straw_man_chord_sa. tolerance = 1, sa_iterations = 1000, initial_temperature = 3.0, cooling_rate = 0.999
26 - INFO - chord#: 132 done. best_score=27.0, changed=526, unchanged=428, early_stops=8/8
26 - INFO - chord#: 108 done. best_score=64.0, changed=615, unchanged=373, early_stops=8/8
26 - INFO - chord#: 136 In build_straw_man_chord_sa. tolerance = 1, sa_iterations = 1000, initial_temperature = 3.0, cooling_rate = 0.999
26 - INFO - chord#: 110 In build_straw_man_chord_sa. tolerance = 1, sa_iterations = 1000, initial_temperature = 3.0, cooling_rate = 0.999
26 - INFO - chord#: 116 done. best_score=141.0, changed=614, unchanged=290, early_stops=8/8
26 - INFO - chord#: 118 In build_straw_man_chord_sa. tolerance = 1, sa_iterations = 1000, initial_temperature = 3.0, cooling_rate = 0.999
26 - INFO - chord#: 132 done. best_score=27.0, changed=521, unchanged=400, early_stops=8/8
26 - INFO - chord#: 136 In build_straw_man_chord_sa. tolerance = 1, sa_iterations = 1000, initial_temperature = 3.0, cooling_rate = 0.999
26 - INFO - chord#: 152 done. best_score=27.0, changed=517, unchanged=468, early_stops=8/8
26 - INFO - chord#: 154 In build_straw_man_chord_sa. tolerance = 1, sa_iterations = 1000, initial_temperature = 3.0, cooling_rate = 0.999
26 - INFO - chord#: 112 done. best_score=27.0, changed=518, unchanged=369, early_stops=8/8
26 - INFO - chord#: 116 In build_straw_man_chord_sa. tolerance = 1, sa_iterations = 1000, initial_temperature = 3.0, cooling_rate = 0.999
26 - INFO - chord#: 140 done. best_score=71.0, changed=606, unchanged=346, early_stops=8/8
26 - INFO - chord#: 144 In build_straw_man_chord_sa. tolerance = 1, sa_iterations = 1000, initial_temperature = 3.0, cooling_rate = 0.999
26 - INFO - chord#: 136 done. best_score=27.0, changed=526, unchanged=353, early_stops=8/8
26 - INFO - chord#: 140 In build_straw_man_chord_sa. tolerance = 1, sa_iterations = 1000, initial_temperature = 3.0, cooling_rate = 0.999
26 - INFO - chord#: 110 done. best_score=27.0, changed=533, unchanged=382, early_stops=8/8
26 - INFO - chord#: 112 In build_straw_man_chord_sa. tolerance = 1, sa_iterations = 1000, initial_temperature = 3.0, cooling_rate = 0.999
26 - INFO - chord#: 148 done. best_score=74.0, changed=608, unchanged=307, early_stops=8/8
26 - INFO - chord#: 152 In build_straw_man_chord_sa. tolerance = 1, sa_iterations = 1000, initial_temperature = 3.0, cooling_rate = 0.999
26 - INFO - chord#: 110 done. best_score=27.0, changed=524, unchanged=334, early_stops=8/8
26 - INFO - chord#: 112 In build_straw_man_chord_sa. tolerance = 1, sa_iterations = 1000, initial_temperature = 3.0, cooling_rate = 0.999
26 - INFO - chord#: 136 done. best_score=27.0, changed=530, unchanged=338, early_stops=8/8
26 - INFO - chord#: 140 In build_straw_man_chord_sa. tolerance = 1, sa_iterations = 1000, initial_temperature = 3.0, cooling_rate = 0.999
26 - INFO - chord#: 118 done. best_score=57.0, changed=534, unchanged=361, early_stops=8/8
26 - INFO - chord#: 120 In build_straw_man_chord_sa. tolerance = 1, sa_iterations = 1000, initial_temperature = 3.0, cooling_rate = 0.999
26 - INFO - chord#: 108 done. best_score=104.0, changed=620, unchanged=619, early_stops=8/8
26 - INFO - chord#: 110 In build_straw_man_chord_sa. tolerance = 1, sa_iterations = 1000, initial_temperature = 3.0, cooling_rate = 0.999
26 - INFO - chord#: 116 done. best_score=96.0, changed=616, unchanged=354, early_stops=8/8
26 - INFO - chord#: 118 In build_straw_man_chord_sa. tolerance = 1, sa_iterations = 1000, initial_temperature = 3.0, cooling_rate = 0.999
26 - INFO - chord#: 144 done. best_score=27.0, changed=524, unchanged=367, early_stops=8/8
26 - INFO - chord#: 148 In build_straw_man_chord_sa. tolerance = 1, sa_iterations = 1000, initial_temperature = 3.0, cooling_rate = 0.999
26 - INFO - chord#: 122 done. best_score=96.0, changed=607, unchanged=211, early_stops=8/8
26 - INFO - chord#: 124 In build_straw_man_chord_sa. tolerance = 1, sa_iterations = 1000, initial_temperature = 3.0, cooling_rate = 0.999
26 - INFO - chord#: 152 done. best_score=27.0, changed=518, unchanged=469, early_stops=8/8
26 - INFO - chord#: 154 In build_straw_man_chord_sa. tolerance = 1, sa_iterations = 1000, initial_temperature = 3.0, cooling_rate = 0.999
26 - INFO - chord#: 110 done. best_score=27.0, changed=539, unchanged=319, early_stops=8/8
26 - INFO - chord#: 112 In build_straw_man_chord_sa. tolerance = 1, sa_iterations = 1000, initial_temperature = 3.0, cooling_rate = 0.999
26 - INFO - chord#: 112 done. best_score=27.0, changed=520, unchanged=398, early_stops=8/8
26 - INFO - chord#: 116 In build_straw_man_chord_sa. tolerance = 1, sa_iterations = 1000, initial_temperature = 3.0, cooling_rate = 0.999
26 - INFO - chord#: 112 done. best_score=27.0, changed=516, unchanged=390, early_stops=8/8
26 - INFO - chord#: 116 In build_straw_man_chord_sa. tolerance = 1, sa_iterations = 1000, initial_temperature = 3.0, cooling_rate = 0.999
26 - INFO - chord#: 120 done. best_score=27.0, changed=517, unchanged=432, early_stops=8/8
26 - INFO - chord#: 122 In build_straw_man_chord_sa. tolerance = 1, sa_iterations = 1000, initial_temperature = 3.0, cooling_rate = 0.999
26 - INFO - chord#: 118 done. best_score=27.0, changed=535, unchanged=305, early_stops=8/8
26 - INFO - chord#: 120 In build_straw_man_chord_sa. tolerance = 1, sa_iterations = 1000, initial_temperature = 3.0, cooling_rate = 0.999
26 - INFO - chord#: 154 done. best_score=141.0, changed=614, unchanged=307, early_stops=8/8
26 - INFO - chord#: 156 In build_straw_man_chord_sa. tolerance = 1, sa_iterations = 1000, initial_temperature = 3.0, cooling_rate = 0.999
26 - INFO - chord#: 140 done. best_score=174.0, changed=613, unchanged=232, early_stops=8/8
26 - INFO - chord#: 144 In build_straw_man_chord_sa. tolerance = 1, sa_iterations = 1000, initial_temperature = 3.0, cooling_rate = 0.999
26 - INFO - chord#: 112 done. best_score=27.0, changed=520, unchanged=384, early_stops=8/8
26 - INFO - chord#: 116 In build_straw_man_chord_sa. tolerance = 1, sa_iterations = 1000, initial_temperature = 3.0, cooling_rate = 0.999
26 - INFO - chord#: 124 done. best_score=27.0, changed=542, unchanged=441, early_stops=8/8
26 - INFO - chord#: 128 In build_straw_man_chord_sa. tolerance = 1, sa_iterations = 1000, initial_temperature = 3.0, cooling_rate = 0.999
26 - INFO - chord#: 116 done. best_score=74.0, changed=618, unchanged=376, early_stops=8/8
26 - INFO - chord#: 118 In build_straw_man_chord_sa. tolerance = 1, sa_iterations = 1000, initial_temperature = 3.0, cooling_rate = 0.999
26 - INFO - chord#: 148 done. best_score=149.0, changed=610, unchanged=256, early_stops=8/8
26 - INFO - chord#: 152 In build_straw_man_chord_sa. tolerance = 1, sa_iterations = 1000, initial_temperature = 3.0, cooling_rate = 0.999
26 - INFO - chord#: 140 done. best_score=64.0, changed=611, unchanged=433, early_stops=8/8
26 - INFO - chord#: 144 In build_straw_man_chord_sa. tolerance = 1, sa_iterations = 1000, initial_temperature = 3.0, cooling_rate = 0.999
26 - INFO - chord#: 144 done. best_score=27.0, changed=519, unchanged=416, early_stops=8/8
26 - INFO - chord#: 148 In build_straw_man_chord_sa. tolerance = 1, sa_iterations = 1000, initial_temperature = 3.0, cooling_rate = 0.999
26 - INFO - chord#: 156 done. best_score=27.0, changed=532, unchanged=500, early_stops=8/8
26 - INFO - chord#: 158 In build_straw_man_chord_sa. tolerance = 1, sa_iterations = 1000, initial_temperature = 3.0, cooling_rate = 0.999
26 - INFO - chord#: 120 done. best_score=27.0, changed=527, unchanged=442, early_stops=8/8
26 - INFO - chord#: 122 In build_straw_man_chord_sa. tolerance = 1, sa_iterations = 1000, initial_temperature = 3.0, cooling_rate = 0.999
26 - INFO - chord#: 128 done. best_score=27.0, changed=521, unchanged=393, early_stops=8/8
26 - INFO - chord#: 132 In build_straw_man_chord_sa. tolerance = 1, sa_iterations = 1000, initial_temperature = 3.0, cooling_rate = 0.999
26 - INFO - chord#: 144 done. best_score=27.0, changed=526, unchanged=329, early_stops=8/8
26 - INFO - chord#: 148 In build_straw_man_chord_sa. tolerance = 1, sa_iterations = 1000, initial_temperature = 3.0, cooling_rate = 0.999
26 - INFO - chord#: 158 done. best_score=31.0, changed=517, unchanged=351, early_stops=8/8
26 - INFO - chord#: 152 done. best_score=27.0, changed=522, unchanged=463, early_stops=8/8
26 - INFO - chord#: 160 In build_straw_man_chord_sa. tolerance = 1, sa_iterations = 1000, initial_temperature = 3.0, cooling_rate = 0.999
26 - INFO - chord#: 154 In build_straw_man_chord_sa. tolerance = 1, sa_iterations = 1000, initial_temperature = 3.0, cooling_rate = 0.999
26 - INFO - chord#: 116 done. best_score=74.0, changed=608, unchanged=300, early_stops=8/8
26 - INFO - chord#: 118 In build_straw_man_chord_sa. tolerance = 1, sa_iterations = 1000, initial_temperature = 3.0, cooling_rate = 0.999
26 - INFO - chord#: 118 done. best_score=27.0, changed=525, unchanged=363, early_stops=8/8
26 - INFO - chord#: 120 In build_straw_man_chord_sa. tolerance = 1, sa_iterations = 1000, initial_temperature = 3.0, cooling_rate = 0.999
26 - INFO - chord#: 154 done. best_score=148.0, changed=616, unchanged=447, early_stops=8/8
26 - INFO - chord#: 156 In build_straw_man_chord_sa. tolerance = 1, sa_iterations = 1000, initial_temperature = 3.0, cooling_rate = 0.999
26 - INFO - chord#: 122 done. best_score=74.0, changed=612, unchanged=231, early_stops=8/8
26 - INFO - chord#: 124 In build_straw_man_chord_sa. tolerance = 1, sa_iterations = 1000, initial_temperature = 3.0, cooling_rate = 0.999
26 - INFO - chord#: 116 done. best_score=167.0, changed=613, unchanged=312, early_stops=8/8
26 - INFO - chord#: 118 In build_straw_man_chord_sa. tolerance = 1, sa_iterations = 1000, initial_temperature = 3.0, cooling_rate = 0.999
26 - INFO - chord#: 132 done. best_score=27.0, changed=518, unchanged=356, early_stops=8/8
26 - INFO - chord#: 136 In build_straw_man_chord_sa. tolerance = 1, sa_iterations = 1000, initial_temperature = 3.0, cooling_rate = 0.999
26 - INFO - chord#: 116 done. best_score=74.0, changed=618, unchanged=489, early_stops=8/8
26 - INFO - chord#: 118 In build_straw_man_chord_sa. tolerance = 1, sa_iterations = 1000, initial_temperature = 3.0, cooling_rate = 0.999
26 - INFO - chord#: 118 done. best_score=27.0, changed=533, unchanged=359, early_stops=8/8
26 - INFO - chord#: 120 In build_straw_man_chord_sa. tolerance = 1, sa_iterations = 1000, initial_temperature = 3.0, cooling_rate = 0.999
26 - INFO - chord#: 156 done. best_score=27.0, changed=516, unchanged=380, early_stops=8/8
26 - INFO - chord#: 158 In build_straw_man_chord_sa. tolerance = 1, sa_iterations = 1000, initial_temperature = 3.0, cooling_rate = 0.999
26 - INFO - chord#: 148 done. best_score=74.0, changed=612, unchanged=321, early_stops=8/8
26 - INFO - chord#: 152 In build_straw_man_chord_sa. tolerance = 1, sa_iterations = 1000, initial_temperature = 3.0, cooling_rate = 0.999
26 - INFO - chord#: 124 done. best_score=27.0, changed=526, unchanged=349, early_stops=8/8
26 - INFO - chord#: 128 In build_straw_man_chord_sa. tolerance = 1, sa_iterations = 1000, initial_temperature = 3.0, cooling_rate = 0.999
26 - INFO - chord#: 118 done. best_score=27.0, changed=531, unchanged=310, early_stops=8/8
26 - INFO - chord#: 120 In build_straw_man_chord_sa. tolerance = 1, sa_iterations = 1000, initial_temperature = 3.0, cooling_rate = 0.999
26 - INFO - chord#: 120 done. best_score=27.0, changed=523, unchanged=556, early_stops=8/8
26 - INFO - chord#: 122 In build_straw_man_chord_sa. tolerance = 1, sa_iterations = 1000, initial_temperature = 3.0, cooling_rate = 0.999
26 - INFO - chord#: 148 done. best_score=168.0, changed=606, unchanged=202, early_stops=8/8
26 - INFO - chord#: 152 In build_straw_man_chord_sa. tolerance = 1, sa_iterations = 1000, initial_temperature = 3.0, cooling_rate = 0.999
26 - INFO - chord#: 122 done. best_score=74.0, changed=612, unchanged=370, early_stops=8/8
26 - INFO - chord#: 124 In build_straw_man_chord_sa. tolerance = 1, sa_iterations = 1000, initial_temperature = 3.0, cooling_rate = 0.999
26 - INFO - chord#: 118 done. best_score=27.0, changed=522, unchanged=325, early_stops=8/8
26 - INFO - chord#: 120 In build_straw_man_chord_sa. tolerance = 1, sa_iterations = 1000, initial_temperature = 3.0, cooling_rate = 0.999
26 - INFO - chord#: 136 done. best_score=27.0, changed=522, unchanged=370, early_stops=8/8
26 - INFO - chord#: 140 In build_straw_man_chord_sa. tolerance = 1, sa_iterations = 1000, initial_temperature = 3.0, cooling_rate = 0.999
26 - INFO - chord#: 154 done. best_score=141.0, changed=613, unchanged=226, early_stops=8/8
26 - INFO - chord#: 156 In build_straw_man_chord_sa. tolerance = 1, sa_iterations = 1000, initial_temperature = 3.0, cooling_rate = 0.999
26 - INFO - chord#: 158 done. best_score=31.0, changed=520, unchanged=408, early_stops=8/8
26 - INFO - chord#: 160 In build_straw_man_chord_sa. tolerance = 1, sa_iterations = 1000, initial_temperature = 3.0, cooling_rate = 0.999
26 - INFO - chord#: 152 done. best_score=27.0, changed=519, unchanged=402, early_stops=8/8
26 - INFO - chord#: 154 In build_straw_man_chord_sa. tolerance = 1, sa_iterations = 1000, initial_temperature = 3.0, cooling_rate = 0.999
26 - INFO - chord#: 160 done. best_score=96.0, changed=611, unchanged=302, early_stops=8/8
26 - INFO - chord#: 162 In build_straw_man_chord_sa. tolerance = 1, sa_iterations = 1000, initial_temperature = 3.0, cooling_rate = 0.999
26 - INFO - chord#: 120 done. best_score=27.0, changed=518, unchanged=410, early_stops=8/8
26 - INFO - chord#: 122 In build_straw_man_chord_sa. tolerance = 1, sa_iterations = 1000, initial_temperature = 3.0, cooling_rate = 0.999
26 - INFO - chord#: 128 done. best_score=27.0, changed=523, unchanged=369, early_stops=8/8
26 - INFO - chord#: 132 In build_straw_man_chord_sa. tolerance = 1, sa_iterations = 1000, initial_temperature = 3.0, cooling_rate = 0.999
26 - INFO - chord#: 152 done. best_score=27.0, changed=522, unchanged=411, early_stops=8/8
26 - INFO - chord#: 154 In build_straw_man_chord_sa. tolerance = 1, sa_iterations = 1000, initial_temperature = 3.0, cooling_rate = 0.999
26 - INFO - chord#: 120 done. best_score=27.0, changed=519, unchanged=431, early_stops=8/8
26 - INFO - chord#: 122 In build_straw_man_chord_sa. tolerance = 1, sa_iterations = 1000, initial_temperature = 3.0, cooling_rate = 0.999
26 - INFO - chord#: 124 done. best_score=27.0, changed=535, unchanged=432, early_stops=8/8
26 - INFO - chord#: 128 In build_straw_man_chord_sa. tolerance = 1, sa_iterations = 1000, initial_temperature = 3.0, cooling_rate = 0.999
26 - INFO - chord#: 120 done. best_score=27.0, changed=519, unchanged=428, early_stops=8/8
26 - INFO - chord#: 122 In build_straw_man_chord_sa. tolerance = 1, sa_iterations = 1000, initial_temperature = 3.0, cooling_rate = 0.999
26 - INFO - chord#: 156 done. best_score=27.0, changed=524, unchanged=543, early_stops=8/8
26 - INFO - chord#: 158 In build_straw_man_chord_sa. tolerance = 1, sa_iterations = 1000, initial_temperature = 3.0, cooling_rate = 0.999
26 - INFO - chord#: 132 done. best_score=27.0, changed=518, unchanged=301, early_stops=8/8
26 - INFO - chord#: 136 In build_straw_man_chord_sa. tolerance = 1, sa_iterations = 1000, initial_temperature = 3.0, cooling_rate = 0.999
26 - INFO - chord#: 122 done. best_score=96.0, changed=612, unchanged=408, early_stops=8/8
26 - INFO - chord#: 124 In build_straw_man_chord_sa. tolerance = 1, sa_iterations = 1000, initial_temperature = 3.0, cooling_rate = 0.999
26 - INFO - chord#: 158 done. best_score=31.0, changed=523, unchanged=448, early_stops=8/8
26 - INFO - chord#: 160 In build_straw_man_chord_sa. tolerance = 1, sa_iterations = 1000, initial_temperature = 3.0, cooling_rate = 0.999
26 - INFO - chord#: 162 done. best_score=67.0, changed=613, unchanged=249, early_stops=8/8
26 - INFO - chord#: 164 In build_straw_man_chord_sa. tolerance = 1, sa_iterations = 1000, initial_temperature = 3.0, cooling_rate = 0.999
26 - INFO - chord#: 154 done. best_score=74.0, changed=610, unchanged=274, early_stops=8/8
26 - INFO - chord#: 156 In build_straw_man_chord_sa. tolerance = 1, sa_iterations = 1000, initial_temperature = 3.0, cooling_rate = 0.999
26 - INFO - chord#: 128 done. best_score=27.0, changed=524, unchanged=425, early_stops=8/8
26 - INFO - chord#: 132 In build_straw_man_chord_sa. tolerance = 1, sa_iterations = 1000, initial_temperature = 3.0, cooling_rate = 0.999
26 - INFO - chord#: 160 done. best_score=96.0, changed=612, unchanged=315, early_stops=8/8
26 - INFO - chord#: 162 In build_straw_man_chord_sa. tolerance = 1, sa_iterations = 1000, initial_temperature = 3.0, cooling_rate = 0.999
26 - INFO - chord#: 136 done. best_score=27.0, changed=521, unchanged=348, early_stops=8/8
26 - INFO - chord#: 140 In build_straw_man_chord_sa. tolerance = 1, sa_iterations = 1000, initial_temperature = 3.0, cooling_rate = 0.999
26 - INFO - chord#: 140 done. best_score=64.0, changed=611, unchanged=329, early_stops=8/8
26 - INFO - chord#: 144 In build_straw_man_chord_sa. tolerance = 1, sa_iterations = 1000, initial_temperature = 3.0, cooling_rate = 0.999
26 - INFO - chord#: 124 done. best_score=27.0, changed=520, unchanged=368, early_stops=8/8
26 - INFO - chord#: 128 In build_straw_man_chord_sa. tolerance = 1, sa_iterations = 1000, initial_temperature = 3.0, cooling_rate = 0.999
26 - INFO - chord#: 122 done. best_score=74.0, changed=616, unchanged=366, early_stops=8/8
26 - INFO - chord#: 124 In build_straw_man_chord_sa. tolerance = 1, sa_iterations = 1000, initial_temperature = 3.0, cooling_rate = 0.999
26 - INFO - chord#: 122 done. best_score=74.0, changed=609, unchanged=271, early_stops=8/8
26 - INFO - chord#: 124 In build_straw_man_chord_sa. tolerance = 1, sa_iterations = 1000, initial_temperature = 3.0, cooling_rate = 0.999
26 - INFO - chord#: 154 done. best_score=74.0, changed=616, unchanged=364, early_stops=8/8
26 - INFO - chord#: 156 In build_straw_man_chord_sa. tolerance = 1, sa_iterations = 1000, initial_temperature = 3.0, cooling_rate = 0.999
26 - INFO - chord#: 164 done. best_score=27.0, changed=521, unchanged=403, early_stops=8/8
26 - INFO - chord#: 172 In build_straw_man_chord_sa. tolerance = 1, sa_iterations = 1000, initial_temperature = 3.0, cooling_rate = 0.999
26 - INFO - chord#: 156 done. best_score=27.0, changed=521, unchanged=465, early_stops=8/8
26 - INFO - chord#: 158 In build_straw_man_chord_sa. tolerance = 1, sa_iterations = 1000, initial_temperature = 3.0, cooling_rate = 0.999
26 - INFO - chord#: 132 done. best_score=27.0, changed=519, unchanged=513, early_stops=8/8
26 - INFO - chord#: 136 In build_straw_man_chord_sa. tolerance = 1, sa_iterations = 1000, initial_temperature = 3.0, cooling_rate = 0.999
26 - INFO - chord#: 122 done. best_score=74.0, changed=611, unchanged=360, early_stops=8/8
26 - INFO - chord#: 124 In build_straw_man_chord_sa. tolerance = 1, sa_iterations = 1000, initial_temperature = 3.0, cooling_rate = 0.999
26 - INFO - chord#: 128 done. best_score=27.0, changed=517, unchanged=404, early_stops=8/8
26 - INFO - chord#: 132 In build_straw_man_chord_sa. tolerance = 1, sa_iterations = 1000, initial_temperature = 3.0, cooling_rate = 0.999
26 - INFO - chord#: 144 done. best_score=27.0, changed=513, unchanged=457, early_stops=8/8
26 - INFO - chord#: 148 In build_straw_man_chord_sa. tolerance = 1, sa_iterations = 1000, initial_temperature = 3.0, cooling_rate = 0.999
26 - INFO - chord#: 158 done. best_score=31.0, changed=531, unchanged=382, early_stops=8/8
26 - INFO - chord#: 160 In build_straw_man_chord_sa. tolerance = 1, sa_iterations = 1000, initial_temperature = 3.0, cooling_rate = 0.999
26 - INFO - chord#: 156 done. best_score=27.0, changed=517, unchanged=402, early_stops=8/8
26 - INFO - chord#: 158 In build_straw_man_chord_sa. tolerance = 1, sa_iterations = 1000, initial_temperature = 3.0, cooling_rate = 0.999
26 - INFO - chord#: 172 done. best_score=27.0, changed=528, unchanged=346, early_stops=8/8
26 - INFO - chord#: 176 In build_straw_man_chord_sa. tolerance = 1, sa_iterations = 1000, initial_temperature = 3.0, cooling_rate = 0.999
26 - INFO - chord#: 124 done. best_score=27.0, changed=520, unchanged=327, early_stops=8/8
26 - INFO - chord#: 128 In build_straw_man_chord_sa. tolerance = 1, sa_iterations = 1000, initial_temperature = 3.0, cooling_rate = 0.999
26 - INFO - chord#: 162 done. best_score=67.0, changed=606, unchanged=286, early_stops=8/8
26 - INFO - chord#: 164 In build_straw_man_chord_sa. tolerance = 1, sa_iterations = 1000, initial_temperature = 3.0, cooling_rate = 0.999
26 - INFO - chord#: 124 done. best_score=27.0, changed=529, unchanged=465, early_stops=8/8
26 - INFO - chord#: 128 In build_straw_man_chord_sa. tolerance = 1, sa_iterations = 1000, initial_temperature = 3.0, cooling_rate = 0.999
26 - INFO - chord#: 136 done. best_score=27.0, changed=523, unchanged=329, early_stops=8/8
26 - INFO - chord#: 140 In build_straw_man_chord_sa. tolerance = 1, sa_iterations = 1000, initial_temperature = 3.0, cooling_rate = 0.999
26 - INFO - chord#: 132 done. best_score=27.0, changed=519, unchanged=449, early_stops=8/8
26 - INFO - chord#: 136 In build_straw_man_chord_sa. tolerance = 1, sa_iterations = 1000, initial_temperature = 3.0, cooling_rate = 0.999
26 - INFO - chord#: 124 done. best_score=27.0, changed=512, unchanged=345, early_stops=8/8
26 - INFO - chord#: 128 In build_straw_man_chord_sa. tolerance = 1, sa_iterations = 1000, initial_temperature = 3.0, cooling_rate = 0.999
26 - INFO - chord#: 160 done. best_score=93.0, changed=611, unchanged=520, early_stops=8/8
26 - INFO - chord#: 162 In build_straw_man_chord_sa. tolerance = 1, sa_iterations = 1000, initial_temperature = 3.0, cooling_rate = 0.999
26 - INFO - chord#: 158 done. best_score=31.0, changed=532, unchanged=448, early_stops=8/8
26 - INFO - chord#: 160 In build_straw_man_chord_sa. tolerance = 1, sa_iterations = 1000, initial_temperature = 3.0, cooling_rate = 0.999
26 - INFO - chord#: 164 done. best_score=27.0, changed=518, unchanged=429, early_stops=8/8
26 - INFO - chord#: 172 In build_straw_man_chord_sa. tolerance = 1, sa_iterations = 1000, initial_temperature = 3.0, cooling_rate = 0.999
26 - INFO - chord#: 140 done. best_score=64.0, changed=611, unchanged=297, early_stops=8/8
26 - INFO - chord#: 144 In build_straw_man_chord_sa. tolerance = 1, sa_iterations = 1000, initial_temperature = 3.0, cooling_rate = 0.999
26 - INFO - chord#: 176 done. best_score=36.0, changed=524, unchanged=468, early_stops=8/8
26 - INFO - chord#: 178 In build_straw_man_chord_sa. tolerance = 1, sa_iterations = 1000, initial_temperature = 3.0, cooling_rate = 0.999
26 - INFO - chord#: 128 done. best_score=27.0, changed=513, unchanged=401, early_stops=8/8
26 - INFO - chord#: 132 In build_straw_man_chord_sa. tolerance = 1, sa_iterations = 1000, initial_temperature = 3.0, cooling_rate = 0.999
26 - INFO - chord#: 136 done. best_score=27.0, changed=520, unchanged=314, early_stops=8/8
26 - INFO - chord#: 140 In build_straw_man_chord_sa. tolerance = 1, sa_iterations = 1000, initial_temperature = 3.0, cooling_rate = 0.999
26 - INFO - chord#: 128 done. best_score=27.0, changed=529, unchanged=466, early_stops=8/8
26 - INFO - chord#: 132 In build_straw_man_chord_sa. tolerance = 1, sa_iterations = 1000, initial_temperature = 3.0, cooling_rate = 0.999
26 - INFO - chord#: 128 done. best_score=27.0, changed=513, unchanged=374, early_stops=8/8
26 - INFO - chord#: 132 In build_straw_man_chord_sa. tolerance = 1, sa_iterations = 1000, initial_temperature = 3.0, cooling_rate = 0.999
26 - INFO - chord#: 172 done. best_score=27.0, changed=521, unchanged=407, early_stops=8/8
26 - INFO - chord#: 176 In build_straw_man_chord_sa. tolerance = 1, sa_iterations = 1000, initial_temperature = 3.0, cooling_rate = 0.999
26 - INFO - chord#: 160 done. best_score=93.0, changed=611, unchanged=266, early_stops=8/8
26 - INFO - chord#: 162 In build_straw_man_chord_sa. tolerance = 1, sa_iterations = 1000, initial_temperature = 3.0, cooling_rate = 0.999
26 - INFO - chord#: 178 done. best_score=61.0, changed=520, unchanged=307, early_stops=8/8
26 - INFO - chord#: 180 In build_straw_man_chord_sa. tolerance = 1, sa_iterations = 1000, initial_temperature = 3.0, cooling_rate = 0.999
26 - INFO - chord#: 132 done. best_score=27.0, changed=521, unchanged=372, early_stops=8/8
26 - INFO - chord#: 136 In build_straw_man_chord_sa. tolerance = 1, sa_iterations = 1000, initial_temperature = 3.0, cooling_rate = 0.999
26 - INFO - chord#: 144 done. best_score=27.0, changed=523, unchanged=545, early_stops=8/8
26 - INFO - chord#: 148 In build_straw_man_chord_sa. tolerance = 1, sa_iterations = 1000, initial_temperature = 3.0, cooling_rate = 0.999
26 - INFO - chord#: 132 done. best_score=27.0, changed=519, unchanged=364, early_stops=8/8
26 - INFO - chord#: 136 In build_straw_man_chord_sa. tolerance = 1, sa_iterations = 1000, initial_temperature = 3.0, cooling_rate = 0.999
26 - INFO - chord#: 148 done. best_score=74.0, changed=616, unchanged=292, early_stops=8/8
26 - INFO - chord#: 152 In build_straw_man_chord_sa. tolerance = 1, sa_iterations = 1000, initial_temperature = 3.0, cooling_rate = 0.999
26 - INFO - chord#: 162 done. best_score=96.0, changed=615, unchanged=315, early_stops=8/8
26 - INFO - chord#: 164 In build_straw_man_chord_sa. tolerance = 1, sa_iterations = 1000, initial_temperature = 3.0, cooling_rate = 0.999
26 - INFO - chord#: 132 done. best_score=27.0, changed=526, unchanged=339, early_stops=8/8
26 - INFO - chord#: 136 In build_straw_man_chord_sa. tolerance = 1, sa_iterations = 1000, initial_temperature = 3.0, cooling_rate = 0.999
26 - INFO - chord#: 160 done. best_score=129.0, changed=610, unchanged=269, early_stops=8/8
26 - INFO - chord#: 162 In build_straw_man_chord_sa. tolerance = 1, sa_iterations = 1000, initial_temperature = 3.0, cooling_rate = 0.999
26 - INFO - chord#: 176 done. best_score=36.0, changed=521, unchanged=362, early_stops=8/8
26 - INFO - chord#: 178 In build_straw_man_chord_sa. tolerance = 1, sa_iterations = 1000, initial_temperature = 3.0, cooling_rate = 0.999
26 - INFO - chord#: 136 done. best_score=27.0, changed=516, unchanged=319, early_stops=8/8
26 - INFO - chord#: 140 In build_straw_man_chord_sa. tolerance = 1, sa_iterations = 1000, initial_temperature = 3.0, cooling_rate = 0.999
26 - INFO - chord#: 140 done. best_score=180.0, changed=611, unchanged=323, early_stops=8/8
26 - INFO - chord#: 144 In build_straw_man_chord_sa. tolerance = 1, sa_iterations = 1000, initial_temperature = 3.0, cooling_rate = 0.999
26 - INFO - chord#: 136 done. best_score=27.0, changed=520, unchanged=338, early_stops=8/8
26 - INFO - chord#: 140 In build_straw_man_chord_sa. tolerance = 1, sa_iterations = 1000, initial_temperature = 3.0, cooling_rate = 0.999
26 - INFO - chord#: 164 done. best_score=27.0, changed=518, unchanged=436, early_stops=8/8
26 - INFO - chord#: 172 In build_straw_man_chord_sa. tolerance = 1, sa_iterations = 1000, initial_temperature = 3.0, cooling_rate = 0.999
26 - INFO - chord#: 140 done. best_score=146.0, changed=611, unchanged=320, early_stops=8/8
26 - INFO - chord#: 144 In build_straw_man_chord_sa. tolerance = 1, sa_iterations = 1000, initial_temperature = 3.0, cooling_rate = 0.999
26 - INFO - chord#: 178 done. best_score=61.0, changed=528, unchanged=314, early_stops=8/8
26 - INFO - chord#: 180 In build_straw_man_chord_sa. tolerance = 1, sa_iterations = 1000, initial_temperature = 3.0, cooling_rate = 0.999
26 - INFO - chord#: 136 done. best_score=27.0, changed=530, unchanged=295, early_stops=8/8
26 - INFO - chord#: 140 In build_straw_man_chord_sa. tolerance = 1, sa_iterations = 1000, initial_temperature = 3.0, cooling_rate = 0.999
26 - INFO - chord#: 152 done. best_score=27.0, changed=521, unchanged=387, early_stops=8/8
26 - INFO - chord#: 154 In build_straw_man_chord_sa. tolerance = 1, sa_iterations = 1000, initial_temperature = 3.0, cooling_rate = 0.999
26 - INFO - chord#: 162 done. best_score=78.0, changed=613, unchanged=450, early_stops=8/8
26 - INFO - chord#: 164 In build_straw_man_chord_sa. tolerance = 1, sa_iterations = 1000, initial_temperature = 3.0, cooling_rate = 0.999
26 - INFO - chord#: 144 done. best_score=27.0, changed=518, unchanged=405, early_stops=8/8
26 - INFO - chord#: 148 In build_straw_man_chord_sa. tolerance = 1, sa_iterations = 1000, initial_temperature = 3.0, cooling_rate = 0.999
26 - INFO - chord#: 172 done. best_score=27.0, changed=520, unchanged=344, early_stops=8/8
26 - INFO - chord#: 176 In build_straw_man_chord_sa. tolerance = 1, sa_iterations = 1000, initial_temperature = 3.0, cooling_rate = 0.999
26 - INFO - chord#: 180 done. best_score=137.0, changed=617, unchanged=510, early_stops=8/8
26 - INFO - chord#: 182 In build_straw_man_chord_sa. tolerance = 1, sa_iterations = 1000, initial_temperature = 3.0, cooling_rate = 0.999
26 - INFO - chord#: 144 done. best_score=27.0, changed=522, unchanged=485, early_stops=8/8
26 - INFO - chord#: 148 In build_straw_man_chord_sa. tolerance = 1, sa_iterations = 1000, initial_temperature = 3.0, cooling_rate = 0.999
26 - INFO - chord#: 162 done. best_score=67.0, changed=612, unchanged=373, early_stops=8/8
26 - INFO - chord#: 164 In build_straw_man_chord_sa. tolerance = 1, sa_iterations = 1000, initial_temperature = 3.0, cooling_rate = 0.999
26 - INFO - chord#: 164 done. best_score=27.0, changed=531, unchanged=490, early_stops=8/8
26 - INFO - chord#: 172 In build_straw_man_chord_sa. tolerance = 1, sa_iterations = 1000, initial_temperature = 3.0, cooling_rate = 0.999
26 - INFO - chord#: 182 done. best_score=36.0, changed=524, unchanged=366, early_stops=8/8
26 - INFO - chord#: 184 In build_straw_man_chord_sa. tolerance = 1, sa_iterations = 1000, initial_temperature = 3.0, cooling_rate = 0.999
26 - INFO - chord#: 176 done. best_score=36.0, changed=520, unchanged=393, early_stops=8/8
26 - INFO - chord#: 178 In build_straw_man_chord_sa. tolerance = 1, sa_iterations = 1000, initial_temperature = 3.0, cooling_rate = 0.999
26 - INFO - chord#: 140 done. best_score=64.0, changed=609, unchanged=306, early_stops=8/8
26 - INFO - chord#: 144 In build_straw_man_chord_sa. tolerance = 1, sa_iterations = 1000, initial_temperature = 3.0, cooling_rate = 0.999
26 - INFO - chord#: 180 done. best_score=78.0, changed=612, unchanged=305, early_stops=8/8
26 - INFO - chord#: 182 In build_straw_man_chord_sa. tolerance = 1, sa_iterations = 1000, initial_temperature = 3.0, cooling_rate = 0.999
26 - INFO - chord#: 148 done. best_score=96.0, changed=618, unchanged=556, early_stops=8/8
26 - INFO - chord#: 152 In build_straw_man_chord_sa. tolerance = 1, sa_iterations = 1000, initial_temperature = 3.0, cooling_rate = 0.999
26 - INFO - chord#: 164 done. best_score=27.0, changed=524, unchanged=432, early_stops=8/8
26 - INFO - chord#: 172 In build_straw_man_chord_sa. tolerance = 1, sa_iterations = 1000, initial_temperature = 3.0, cooling_rate = 0.999
26 - INFO - chord#: 140 done. best_score=64.0, changed=613, unchanged=327, early_stops=8/8
26 - INFO - chord#: 144 In build_straw_man_chord_sa. tolerance = 1, sa_iterations = 1000, initial_temperature = 3.0, cooling_rate = 0.999
26 - INFO - chord#: 172 done. best_score=27.0, changed=521, unchanged=404, early_stops=8/8
26 - INFO - chord#: 176 In build_straw_man_chord_sa. tolerance = 1, sa_iterations = 1000, initial_temperature = 3.0, cooling_rate = 0.999
26 - INFO - chord#: 154 done. best_score=74.0, changed=608, unchanged=305, early_stops=8/8
26 - INFO - chord#: 156 In build_straw_man_chord_sa. tolerance = 1, sa_iterations = 1000, initial_temperature = 3.0, cooling_rate = 0.999
26 - INFO - chord#: 140 done. best_score=64.0, changed=613, unchanged=352, early_stops=8/8
26 - INFO - chord#: 144 In build_straw_man_chord_sa. tolerance = 1, sa_iterations = 1000, initial_temperature = 3.0, cooling_rate = 0.999
26 - INFO - chord#: 178 done. best_score=61.0, changed=524, unchanged=351, early_stops=8/8
26 - INFO - chord#: 180 In build_straw_man_chord_sa. tolerance = 1, sa_iterations = 1000, initial_temperature = 3.0, cooling_rate = 0.999
26 - INFO - chord#: 184 done. best_score=27.0, changed=520, unchanged=453, early_stops=8/8
26 - INFO - chord#: 188 In build_straw_man_chord_sa. tolerance = 1, sa_iterations = 1000, initial_temperature = 3.0, cooling_rate = 0.999
26 - INFO - chord#: 182 done. best_score=36.0, changed=519, unchanged=339, early_stops=8/8
26 - INFO - chord#: 184 In build_straw_man_chord_sa. tolerance = 1, sa_iterations = 1000, initial_temperature = 3.0, cooling_rate = 0.999
26 - INFO - chord#: 144 done. best_score=27.0, changed=516, unchanged=388, early_stops=8/8
26 - INFO - chord#: 148 In build_straw_man_chord_sa. tolerance = 1, sa_iterations = 1000, initial_temperature = 3.0, cooling_rate = 0.999
26 - INFO - chord#: 148 done. best_score=74.0, changed=618, unchanged=441, early_stops=8/8
26 - INFO - chord#: 152 In build_straw_man_chord_sa. tolerance = 1, sa_iterations = 1000, initial_temperature = 3.0, cooling_rate = 0.999
26 - INFO - chord#: 172 done. best_score=27.0, changed=528, unchanged=521, early_stops=8/8
26 - INFO - chord#: 176 In build_straw_man_chord_sa. tolerance = 1, sa_iterations = 1000, initial_temperature = 3.0, cooling_rate = 0.999
26 - INFO - chord#: 152 done. best_score=27.0, changed=518, unchanged=398, early_stops=8/8
26 - INFO - chord#: 154 In build_straw_man_chord_sa. tolerance = 1, sa_iterations = 1000, initial_temperature = 3.0, cooling_rate = 0.999
26 - INFO - chord#: 144 done. best_score=27.0, changed=517, unchanged=390, early_stops=8/8
26 - INFO - chord#: 148 In build_straw_man_chord_sa. tolerance = 1, sa_iterations = 1000, initial_temperature = 3.0, cooling_rate = 0.999
26 - INFO - chord#: 148 done. best_score=74.0, changed=610, unchanged=416, early_stops=8/8
26 - INFO - chord#: 152 In build_straw_man_chord_sa. tolerance = 1, sa_iterations = 1000, initial_temperature = 3.0, cooling_rate = 0.999
26 - INFO - chord#: 176 done. best_score=36.0, changed=523, unchanged=512, early_stops=8/8
26 - INFO - chord#: 178 In build_straw_man_chord_sa. tolerance = 1, sa_iterations = 1000, initial_temperature = 3.0, cooling_rate = 0.999
26 - INFO - chord#: 188 done. best_score=27.0, changed=522, unchanged=405, early_stops=8/8
26 - INFO - chord#: 192 In build_straw_man_chord_sa. tolerance = 1, sa_iterations = 1000, initial_temperature = 3.0, cooling_rate = 0.999
26 - INFO - chord#: 144 done. best_score=27.0, changed=520, unchanged=367, early_stops=8/8
26 - INFO - chord#: 148 In build_straw_man_chord_sa. tolerance = 1, sa_iterations = 1000, initial_temperature = 3.0, cooling_rate = 0.999
26 - INFO - chord#: 184 done. best_score=27.0, changed=522, unchanged=337, early_stops=8/8
26 - INFO - chord#: 188 In build_straw_man_chord_sa. tolerance = 1, sa_iterations = 1000, initial_temperature = 3.0, cooling_rate = 0.999
26 - INFO - chord#: 156 done. best_score=27.0, changed=524, unchanged=459, early_stops=8/8
26 - INFO - chord#: 158 In build_straw_man_chord_sa. tolerance = 1, sa_iterations = 1000, initial_temperature = 3.0, cooling_rate = 0.999
26 - INFO - chord#: 152 done. best_score=27.0, changed=529, unchanged=489, early_stops=8/8
26 - INFO - chord#: 154 In build_straw_man_chord_sa. tolerance = 1, sa_iterations = 1000, initial_temperature = 3.0, cooling_rate = 0.999
26 - INFO - chord#: 176 done. best_score=36.0, changed=529, unchanged=489, early_stops=8/8
26 - INFO - chord#: 178 In build_straw_man_chord_sa. tolerance = 1, sa_iterations = 1000, initial_temperature = 3.0, cooling_rate = 0.999
26 - INFO - chord#: 152 done. best_score=27.0, changed=525, unchanged=411, early_stops=8/8
26 - INFO - chord#: 154 In build_straw_man_chord_sa. tolerance = 1, sa_iterations = 1000, initial_temperature = 3.0, cooling_rate = 0.999
26 - INFO - chord#: 188 done. best_score=27.0, changed=522, unchanged=385, early_stops=8/8
26 - INFO - chord#: 192 In build_straw_man_chord_sa. tolerance = 1, sa_iterations = 1000, initial_temperature = 3.0, cooling_rate = 0.999
26 - INFO - chord#: 178 done. best_score=61.0, changed=529, unchanged=356, early_stops=8/8
26 - INFO - chord#: 180 In build_straw_man_chord_sa. tolerance = 1, sa_iterations = 1000, initial_temperature = 3.0, cooling_rate = 0.999
26 - INFO - chord#: 192 done. best_score=59.0, changed=522, unchanged=520, early_stops=8/8
26 - INFO - chord#: 194 In build_straw_man_chord_sa. tolerance = 1, sa_iterations = 1000, initial_temperature = 3.0, cooling_rate = 0.999
26 - INFO - chord#: 158 done. best_score=31.0, changed=533, unchanged=374, early_stops=8/8
26 - INFO - chord#: 160 In build_straw_man_chord_sa. tolerance = 1, sa_iterations = 1000, initial_temperature = 3.0, cooling_rate = 0.999
26 - INFO - chord#: 180 done. best_score=160.0, changed=608, unchanged=423, early_stops=8/8
26 - INFO - chord#: 182 In build_straw_man_chord_sa. tolerance = 1, sa_iterations = 1000, initial_temperature = 3.0, cooling_rate = 0.999
26 - INFO - chord#: 178 done. best_score=61.0, changed=535, unchanged=361, early_stops=8/8
26 - INFO - chord#: 180 In build_straw_man_chord_sa. tolerance = 1, sa_iterations = 1000, initial_temperature = 3.0, cooling_rate = 0.999
26 - INFO - chord#: 148 done. best_score=74.0, changed=616, unchanged=306, early_stops=8/8
26 - INFO - chord#: 152 In build_straw_man_chord_sa. tolerance = 1, sa_iterations = 1000, initial_temperature = 3.0, cooling_rate = 0.999
26 - INFO - chord#: 192 done. best_score=59.0, changed=523, unchanged=408, early_stops=8/8
26 - INFO - chord#: 194 In build_straw_man_chord_sa. tolerance = 1, sa_iterations = 1000, initial_temperature = 3.0, cooling_rate = 0.999
26 - INFO - chord#: 148 done. best_score=96.0, changed=612, unchanged=245, early_stops=8/8
26 - INFO - chord#: 152 In build_straw_man_chord_sa. tolerance = 1, sa_iterations = 1000, initial_temperature = 3.0, cooling_rate = 0.999
26 - INFO - chord#: 148 done. best_score=74.0, changed=606, unchanged=245, early_stops=8/8
26 - INFO - chord#: 152 In build_straw_man_chord_sa. tolerance = 1, sa_iterations = 1000, initial_temperature = 3.0, cooling_rate = 0.999
26 - INFO - chord#: 194 done. best_score=55.0, changed=515, unchanged=336, early_stops=8/8
26 - INFO - chord#: 196 In build_straw_man_chord_sa. tolerance = 1, sa_iterations = 1000, initial_temperature = 3.0, cooling_rate = 0.999
26 - INFO - chord#: 154 done. best_score=141.0, changed=606, unchanged=322, early_stops=8/8
26 - INFO - chord#: 156 In build_straw_man_chord_sa. tolerance = 1, sa_iterations = 1000, initial_temperature = 3.0, cooling_rate = 0.999
26 - INFO - chord#: 154 done. best_score=144.0, changed=613, unchanged=237, early_stops=8/8
26 - INFO - chord#: 156 In build_straw_man_chord_sa. tolerance = 1, sa_iterations = 1000, initial_temperature = 3.0, cooling_rate = 0.999
26 - INFO - chord#: 182 done. best_score=36.0, changed=542, unchanged=507, early_stops=8/8
26 - INFO - chord#: 184 In build_straw_man_chord_sa. tolerance = 1, sa_iterations = 1000, initial_temperature = 3.0, cooling_rate = 0.999
26 - INFO - chord#: 180 done. best_score=78.0, changed=611, unchanged=348, early_stops=8/8
26 - INFO - chord#: 182 In build_straw_man_chord_sa. tolerance = 1, sa_iterations = 1000, initial_temperature = 3.0, cooling_rate = 0.999
26 - INFO - chord#: 194 done. best_score=59.0, changed=527, unchanged=338, early_stops=8/8
26 - INFO - chord#: 196 In build_straw_man_chord_sa. tolerance = 1, sa_iterations = 1000, initial_temperature = 3.0, cooling_rate = 0.999
26 - INFO - chord#: 196 done. best_score=27.0, changed=511, unchanged=330, early_stops=8/8
26 - INFO - chord#: 198 In build_straw_man_chord_sa. tolerance = 1, sa_iterations = 1000, initial_temperature = 3.0, cooling_rate = 0.999
26 - INFO - chord#: 152 done. best_score=27.0, changed=522, unchanged=422, early_stops=8/8
26 - INFO - chord#: 154 In build_straw_man_chord_sa. tolerance = 1, sa_iterations = 1000, initial_temperature = 3.0, cooling_rate = 0.999
26 - INFO - chord#: 152 done. best_score=27.0, changed=518, unchanged=379, early_stops=8/8
26 - INFO - chord#: 154 In build_straw_man_chord_sa. tolerance = 1, sa_iterations = 1000, initial_temperature = 3.0, cooling_rate = 0.999
26 - INFO - chord#: 184 done. best_score=27.0, changed=520, unchanged=363, early_stops=8/8
26 - INFO - chord#: 188 In build_straw_man_chord_sa. tolerance = 1, sa_iterations = 1000, initial_temperature = 3.0, cooling_rate = 0.999
26 - INFO - chord#: 152 done. best_score=27.0, changed=521, unchanged=483, early_stops=8/8
26 - INFO - chord#: 154 In build_straw_man_chord_sa. tolerance = 1, sa_iterations = 1000, initial_temperature = 3.0, cooling_rate = 0.999
26 - INFO - chord#: 156 done. best_score=27.0, changed=517, unchanged=417, early_stops=8/8
26 - INFO - chord#: 158 In build_straw_man_chord_sa. tolerance = 1, sa_iterations = 1000, initial_temperature = 3.0, cooling_rate = 0.999
26 - INFO - chord#: 156 done. best_score=27.0, changed=521, unchanged=427, early_stops=8/8
26 - INFO - chord#: 158 In build_straw_man_chord_sa. tolerance = 1, sa_iterations = 1000, initial_temperature = 3.0, cooling_rate = 0.999
26 - INFO - chord#: 180 done. best_score=96.0, changed=615, unchanged=321, early_stops=8/8
26 - INFO - chord#: 182 In build_straw_man_chord_sa. tolerance = 1, sa_iterations = 1000, initial_temperature = 3.0, cooling_rate = 0.999
26 - INFO - chord#: 160 done. best_score=93.0, changed=611, unchanged=272, early_stops=8/8
26 - INFO - chord#: 162 In build_straw_man_chord_sa. tolerance = 1, sa_iterations = 1000, initial_temperature = 3.0, cooling_rate = 0.999
26 - INFO - chord#: 154 done. best_score=121.0, changed=614, unchanged=387, early_stops=8/8
26 - INFO - chord#: 156 In build_straw_man_chord_sa. tolerance = 1, sa_iterations = 1000, initial_temperature = 3.0, cooling_rate = 0.999
26 - INFO - chord#: 182 done. best_score=36.0, changed=528, unchanged=420, early_stops=8/8
26 - INFO - chord#: 184 In build_straw_man_chord_sa. tolerance = 1, sa_iterations = 1000, initial_temperature = 3.0, cooling_rate = 0.999
26 - INFO - chord#: 196 done. best_score=27.0, changed=521, unchanged=479, early_stops=8/8
26 - INFO - chord#: 198 In build_straw_man_chord_sa. tolerance = 1, sa_iterations = 1000, initial_temperature = 3.0, cooling_rate = 0.999
26 - INFO - chord#: 188 done. best_score=27.0, changed=525, unchanged=338, early_stops=8/8
26 - INFO - chord#: 192 In build_straw_man_chord_sa. tolerance = 1, sa_iterations = 1000, initial_temperature = 3.0, cooling_rate = 0.999
26 - INFO - chord#: 158 done. best_score=31.0, changed=526, unchanged=385, early_stops=8/8
26 - INFO - chord#: 160 In build_straw_man_chord_sa. tolerance = 1, sa_iterations = 1000, initial_temperature = 3.0, cooling_rate = 0.999
26 - INFO - chord#: 158 done. best_score=31.0, changed=523, unchanged=421, early_stops=8/8
26 - INFO - chord#: 160 In build_straw_man_chord_sa. tolerance = 1, sa_iterations = 1000, initial_temperature = 3.0, cooling_rate = 0.999
26 - INFO - chord#: 182 done. best_score=36.0, changed=520, unchanged=436, early_stops=8/8
26 - INFO - chord#: 184 In build_straw_man_chord_sa. tolerance = 1, sa_iterations = 1000, initial_temperature = 3.0, cooling_rate = 0.999
26 - INFO - chord#: 184 done. best_score=27.0, changed=523, unchanged=425, early_stops=8/8
26 - INFO - chord#: 188 In build_straw_man_chord_sa. tolerance = 1, sa_iterations = 1000, initial_temperature = 3.0, cooling_rate = 0.999
26 - INFO - chord#: 156 done. best_score=27.0, changed=507, unchanged=388, early_stops=8/8
26 - INFO - chord#: 158 In build_straw_man_chord_sa. tolerance = 1, sa_iterations = 1000, initial_temperature = 3.0, cooling_rate = 0.999
26 - INFO - chord#: 198 done. best_score=119.0, changed=613, unchanged=349, early_stops=8/8
26 - INFO - chord#: 200 In build_straw_man_chord_sa. tolerance = 1, sa_iterations = 1000, initial_temperature = 3.0, cooling_rate = 0.999
26 - INFO - chord#: 192 done. best_score=59.0, changed=519, unchanged=456, early_stops=8/8
26 - INFO - chord#: 194 In build_straw_man_chord_sa. tolerance = 1, sa_iterations = 1000, initial_temperature = 3.0, cooling_rate = 0.999
26 - INFO - chord#: 184 done. best_score=27.0, changed=527, unchanged=446, early_stops=8/8
26 - INFO - chord#: 188 In build_straw_man_chord_sa. tolerance = 1, sa_iterations = 1000, initial_temperature = 3.0, cooling_rate = 0.999
26 - INFO - chord#: 154 done. best_score=121.0, changed=614, unchanged=307, early_stops=8/8
26 - INFO - chord#: 156 In build_straw_man_chord_sa. tolerance = 1, sa_iterations = 1000, initial_temperature = 3.0, cooling_rate = 0.999
26 - INFO - chord#: 188 done. best_score=27.0, changed=526, unchanged=413, early_stops=8/8
26 - INFO - chord#: 192 In build_straw_man_chord_sa. tolerance = 1, sa_iterations = 1000, initial_temperature = 3.0, cooling_rate = 0.999
26 - INFO - chord#: 162 done. best_score=78.0, changed=607, unchanged=228, early_stops=8/8
26 - INFO - chord#: 164 In build_straw_man_chord_sa. tolerance = 1, sa_iterations = 1000, initial_temperature = 3.0, cooling_rate = 0.999
26 - INFO - chord#: 158 done. best_score=31.0, changed=521, unchanged=352, early_stops=8/8
26 - INFO - chord#: 160 In build_straw_man_chord_sa. tolerance = 1, sa_iterations = 1000, initial_temperature = 3.0, cooling_rate = 0.999
26 - INFO - chord#: 154 done. best_score=96.0, changed=620, unchanged=305, early_stops=8/8
26 - INFO - chord#: 156 In build_straw_man_chord_sa. tolerance = 1, sa_iterations = 1000, initial_temperature = 3.0, cooling_rate = 0.999
26 - INFO - chord#: 200 done. best_score=27.0, changed=520, unchanged=424, early_stops=8/8
26 - INFO - chord#: 204 In build_straw_man_chord_sa. tolerance = 1, sa_iterations = 1000, initial_temperature = 3.0, cooling_rate = 0.999
26 - INFO - chord#: 154 done. best_score=121.0, changed=620, unchanged=414, early_stops=8/8
26 - INFO - chord#: 156 In build_straw_man_chord_sa. tolerance = 1, sa_iterations = 1000, initial_temperature = 3.0, cooling_rate = 0.999
26 - INFO - chord#: 194 done. best_score=62.0, changed=516, unchanged=346, early_stops=8/8
26 - INFO - chord#: 196 In build_straw_man_chord_sa. tolerance = 1, sa_iterations = 1000, initial_temperature = 3.0, cooling_rate = 0.999
26 - INFO - chord#: 188 done. best_score=27.0, changed=528, unchanged=346, early_stops=8/8
26 - INFO - chord#: 192 In build_straw_man_chord_sa. tolerance = 1, sa_iterations = 1000, initial_temperature = 3.0, cooling_rate = 0.999
26 - INFO - chord#: 198 done. best_score=78.0, changed=619, unchanged=565, early_stops=8/8
26 - INFO - chord#: 200 In build_straw_man_chord_sa. tolerance = 1, sa_iterations = 1000, initial_temperature = 3.0, cooling_rate = 0.999
26 - INFO - chord#: 160 done. best_score=94.0, changed=614, unchanged=391, early_stops=8/8
26 - INFO - chord#: 162 In build_straw_man_chord_sa. tolerance = 1, sa_iterations = 1000, initial_temperature = 3.0, cooling_rate = 0.999
26 - INFO - chord#: 156 done. best_score=27.0, changed=520, unchanged=373, early_stops=8/8
26 - INFO - chord#: 158 In build_straw_man_chord_sa. tolerance = 1, sa_iterations = 1000, initial_temperature = 3.0, cooling_rate = 0.999
26 - INFO - chord#: 192 done. best_score=59.0, changed=528, unchanged=505, early_stops=8/8
26 - INFO - chord#: 194 In build_straw_man_chord_sa. tolerance = 1, sa_iterations = 1000, initial_temperature = 3.0, cooling_rate = 0.999
26 - INFO - chord#: 204 done. best_score=27.0, changed=518, unchanged=407, early_stops=8/8
26 - INFO - chord#: 206 In build_straw_man_chord_sa. tolerance = 1, sa_iterations = 1000, initial_temperature = 3.0, cooling_rate = 0.999
26 - INFO - chord#: 156 done. best_score=27.0, changed=514, unchanged=364, early_stops=8/8
26 - INFO - chord#: 158 In build_straw_man_chord_sa. tolerance = 1, sa_iterations = 1000, initial_temperature = 3.0, cooling_rate = 0.999
26 - INFO - chord#: 160 done. best_score=96.0, changed=607, unchanged=336, early_stops=8/8
26 - INFO - chord#: 162 In build_straw_man_chord_sa. tolerance = 1, sa_iterations = 1000, initial_temperature = 3.0, cooling_rate = 0.999
26 - INFO - chord#: 164 done. best_score=27.0, changed=526, unchanged=563, early_stops=8/8
26 - INFO - chord#: 172 In build_straw_man_chord_sa. tolerance = 1, sa_iterations = 1000, initial_temperature = 3.0, cooling_rate = 0.999
26 - INFO - chord#: 156 done. best_score=27.0, changed=532, unchanged=525, early_stops=8/8
26 - INFO - chord#: 158 In build_straw_man_chord_sa. tolerance = 1, sa_iterations = 1000, initial_temperature = 3.0, cooling_rate = 0.999
26 - INFO - chord#: 196 done. best_score=27.0, changed=533, unchanged=549, early_stops=8/8
26 - INFO - chord#: 198 In build_straw_man_chord_sa. tolerance = 1, sa_iterations = 1000, initial_temperature = 3.0, cooling_rate = 0.999
26 - INFO - chord#: 192 done. best_score=59.0, changed=520, unchanged=415, early_stops=8/8
26 - INFO - chord#: 194 In build_straw_man_chord_sa. tolerance = 1, sa_iterations = 1000, initial_temperature = 3.0, cooling_rate = 0.999
26 - INFO - chord#: 200 done. best_score=27.0, changed=525, unchanged=530, early_stops=8/8
26 - INFO - chord#: 204 In build_straw_man_chord_sa. tolerance = 1, sa_iterations = 1000, initial_temperature = 3.0, cooling_rate = 0.999
26 - INFO - chord#: 158 done. best_score=31.0, changed=517, unchanged=377, early_stops=8/8
26 - INFO - chord#: 160 In build_straw_man_chord_sa. tolerance = 1, sa_iterations = 1000, initial_temperature = 3.0, cooling_rate = 0.999
26 - INFO - chord#: 194 done. best_score=55.0, changed=523, unchanged=471, early_stops=8/8
26 - INFO - chord#: 196 In build_straw_man_chord_sa. tolerance = 1, sa_iterations = 1000, initial_temperature = 3.0, cooling_rate = 0.999
26 - INFO - chord#: 158 done. best_score=31.0, changed=529, unchanged=396, early_stops=8/8
26 - INFO - chord#: 160 In build_straw_man_chord_sa. tolerance = 1, sa_iterations = 1000, initial_temperature = 3.0, cooling_rate = 0.999
26 - INFO - chord#: 158 done. best_score=31.0, changed=524, unchanged=362, early_stops=8/8
26 - INFO - chord#: 160 In build_straw_man_chord_sa. tolerance = 1, sa_iterations = 1000, initial_temperature = 3.0, cooling_rate = 0.999
26 - INFO - chord#: 162 done. best_score=157.0, changed=611, unchanged=218, early_stops=8/8
26 - INFO - chord#: 164 In build_straw_man_chord_sa. tolerance = 1, sa_iterations = 1000, initial_temperature = 3.0, cooling_rate = 0.999
26 - INFO - chord#: 160 done. best_score=96.0, changed=612, unchanged=242, early_stops=8/8
26 - INFO - chord#: 162 In build_straw_man_chord_sa. tolerance = 1, sa_iterations = 1000, initial_temperature = 3.0, cooling_rate = 0.999
26 - INFO - chord#: 172 done. best_score=27.0, changed=529, unchanged=334, early_stops=8/8
26 - INFO - chord#: 176 In build_straw_man_chord_sa. tolerance = 1, sa_iterations = 1000, initial_temperature = 3.0, cooling_rate = 0.999
26 - INFO - chord#: 194 done. best_score=59.0, changed=523, unchanged=447, early_stops=8/8
26 - INFO - chord#: 196 In build_straw_man_chord_sa. tolerance = 1, sa_iterations = 1000, initial_temperature = 3.0, cooling_rate = 0.999
26 - INFO - chord#: 204 done. best_score=27.0, changed=519, unchanged=487, early_stops=8/8
26 - INFO - chord#: 206 In build_straw_man_chord_sa. tolerance = 1, sa_iterations = 1000, initial_temperature = 3.0, cooling_rate = 0.999
26 - INFO - chord#: 196 done. best_score=27.0, changed=530, unchanged=441, early_stops=8/8
26 - INFO - chord#: 198 In build_straw_man_chord_sa. tolerance = 1, sa_iterations = 1000, initial_temperature = 3.0, cooling_rate = 0.999
26 - INFO - chord#: 206 done. best_score=90.0, changed=614, unchanged=289, early_stops=8/8
26 - INFO - chord#: 207 In build_straw_man_chord_sa. tolerance = 1, sa_iterations = 1000, initial_temperature = 3.0, cooling_rate = 0.999
26 - INFO - chord#: 198 done. best_score=119.0, changed=608, unchanged=282, early_stops=8/8
26 - INFO - chord#: 200 In build_straw_man_chord_sa. tolerance = 1, sa_iterations = 1000, initial_temperature = 3.0, cooling_rate = 0.999
26 - INFO - chord#: 164 done. best_score=27.0, changed=520, unchanged=499, early_stops=8/8
26 - INFO - chord#: 172 In build_straw_man_chord_sa. tolerance = 1, sa_iterations = 1000, initial_temperature = 3.0, cooling_rate = 0.999
26 - INFO - chord#: 196 done. best_score=27.0, changed=519, unchanged=426, early_stops=8/8
26 - INFO - chord#: 198 In build_straw_man_chord_sa. tolerance = 1, sa_iterations = 1000, initial_temperature = 3.0, cooling_rate = 0.999
26 - INFO - chord#: 176 done. best_score=36.0, changed=521, unchanged=348, early_stops=8/8
26 - INFO - chord#: 178 In build_straw_man_chord_sa. tolerance = 1, sa_iterations = 1000, initial_temperature = 3.0, cooling_rate = 0.999
26 - INFO - chord#: 162 done. best_score=67.0, changed=617, unchanged=376, early_stops=8/8
26 - INFO - chord#: 164 In build_straw_man_chord_sa. tolerance = 1, sa_iterations = 1000, initial_temperature = 3.0, cooling_rate = 0.999
26 - INFO - chord#: 207 done. best_score=27.0, changed=525, unchanged=304, early_stops=8/8
26 - INFO - chord#: 208 In build_straw_man_chord_sa. tolerance = 1, sa_iterations = 1000, initial_temperature = 3.0, cooling_rate = 0.999
26 - INFO - chord#: 200 done. best_score=27.0, changed=518, unchanged=392, early_stops=8/8
26 - INFO - chord#: 204 In build_straw_man_chord_sa. tolerance = 1, sa_iterations = 1000, initial_temperature = 3.0, cooling_rate = 0.999
26 - INFO - chord#: 172 done. best_score=27.0, changed=527, unchanged=468, early_stops=8/8
26 - INFO - chord#: 176 In build_straw_man_chord_sa. tolerance = 1, sa_iterations = 1000, initial_temperature = 3.0, cooling_rate = 0.999
26 - INFO - chord#: 160 done. best_score=93.0, changed=609, unchanged=310, early_stops=8/8
26 - INFO - chord#: 162 In build_straw_man_chord_sa. tolerance = 1, sa_iterations = 1000, initial_temperature = 3.0, cooling_rate = 0.999
26 - INFO - chord#: 178 done. best_score=61.0, changed=522, unchanged=323, early_stops=8/8
26 - INFO - chord#: 180 In build_straw_man_chord_sa. tolerance = 1, sa_iterations = 1000, initial_temperature = 3.0, cooling_rate = 0.999
26 - INFO - chord#: 162 done. best_score=67.0, changed=611, unchanged=302, early_stops=8/8
26 - INFO - chord#: 164 In build_straw_man_chord_sa. tolerance = 1, sa_iterations = 1000, initial_temperature = 3.0, cooling_rate = 0.999
26 - INFO - chord#: 160 done. best_score=94.0, changed=617, unchanged=408, early_stops=8/8
26 - INFO - chord#: 162 In build_straw_man_chord_sa. tolerance = 1, sa_iterations = 1000, initial_temperature = 3.0, cooling_rate = 0.999
26 - INFO - chord#: 160 done. best_score=94.0, changed=608, unchanged=307, early_stops=8/8
26 - INFO - chord#: 162 In build_straw_man_chord_sa. tolerance = 1, sa_iterations = 1000, initial_temperature = 3.0, cooling_rate = 0.999
26 - INFO - chord#: 198 done. best_score=78.0, changed=609, unchanged=310, early_stops=8/8
26 - INFO - chord#: 200 In build_straw_man_chord_sa. tolerance = 1, sa_iterations = 1000, initial_temperature = 3.0, cooling_rate = 0.999
26 - INFO - chord#: 164 done. best_score=27.0, changed=520, unchanged=393, early_stops=8/8
26 - INFO - chord#: 172 In build_straw_man_chord_sa. tolerance = 1, sa_iterations = 1000, initial_temperature = 3.0, cooling_rate = 0.999
26 - INFO - chord#: 206 done. best_score=90.0, changed=620, unchanged=481, early_stops=8/8
26 - INFO - chord#: 207 In build_straw_man_chord_sa. tolerance = 1, sa_iterations = 1000, initial_temperature = 3.0, cooling_rate = 0.999
26 - INFO - chord#: 198 done. best_score=151.0, changed=610, unchanged=267, early_stops=8/8
26 - INFO - chord#: 200 In build_straw_man_chord_sa. tolerance = 1, sa_iterations = 1000, initial_temperature = 3.0, cooling_rate = 0.999
26 - INFO - chord#: 176 done. best_score=36.0, changed=524, unchanged=507, early_stops=8/8
26 - INFO - chord#: 178 In build_straw_man_chord_sa. tolerance = 1, sa_iterations = 1000, initial_temperature = 3.0, cooling_rate = 0.999
26 - INFO - chord#: 204 done. best_score=27.0, changed=515, unchanged=545, early_stops=8/8
26 - INFO - chord#: 206 In build_straw_man_chord_sa. tolerance = 1, sa_iterations = 1000, initial_temperature = 3.0, cooling_rate = 0.999
26 - INFO - chord#: 208 done. best_score=105.0, changed=613, unchanged=256, early_stops=8/8
26 - INFO - chord#: 212 In build_straw_man_chord_sa. tolerance = 1, sa_iterations = 1000, initial_temperature = 3.0, cooling_rate = 0.999
26 - INFO - chord#: 207 done. best_score=27.0, changed=520, unchanged=302, early_stops=8/8
26 - INFO - chord#: 208 In build_straw_man_chord_sa. tolerance = 1, sa_iterations = 1000, initial_temperature = 3.0, cooling_rate = 0.999
26 - INFO - chord#: 200 done. best_score=27.0, changed=522, unchanged=496, early_stops=8/8
26 - INFO - chord#: 204 In build_straw_man_chord_sa. tolerance = 1, sa_iterations = 1000, initial_temperature = 3.0, cooling_rate = 0.999
26 - INFO - chord#: 164 done. best_score=27.0, changed=519, unchanged=420, early_stops=8/8
26 - INFO - chord#: 172 In build_straw_man_chord_sa. tolerance = 1, sa_iterations = 1000, initial_temperature = 3.0, cooling_rate = 0.999
26 - INFO - chord#: 172 done. best_score=27.0, changed=528, unchanged=383, early_stops=8/8
26 - INFO - chord#: 176 In build_straw_man_chord_sa. tolerance = 1, sa_iterations = 1000, initial_temperature = 3.0, cooling_rate = 0.999
26 - INFO - chord#: 200 done. best_score=27.0, changed=519, unchanged=414, early_stops=8/8
26 - INFO - chord#: 204 In build_straw_man_chord_sa. tolerance = 1, sa_iterations = 1000, initial_temperature = 3.0, cooling_rate = 0.999
26 - INFO - chord#: 178 done. best_score=61.0, changed=522, unchanged=401, early_stops=8/8
26 - INFO - chord#: 180 In build_straw_man_chord_sa. tolerance = 1, sa_iterations = 1000, initial_temperature = 3.0, cooling_rate = 0.999
26 - INFO - chord#: 162 done. best_score=78.0, changed=611, unchanged=253, early_stops=8/8
26 - INFO - chord#: 164 In build_straw_man_chord_sa. tolerance = 1, sa_iterations = 1000, initial_temperature = 3.0, cooling_rate = 0.999
26 - INFO - chord#: 212 done. best_score=27.0, changed=523, unchanged=399, early_stops=8/8
26 - INFO - chord#: 214 In build_straw_man_chord_sa. tolerance = 1, sa_iterations = 1000, initial_temperature = 3.0, cooling_rate = 0.999
26 - INFO - chord#: 204 done. best_score=27.0, changed=516, unchanged=421, early_stops=8/8
26 - INFO - chord#: 206 In build_straw_man_chord_sa. tolerance = 1, sa_iterations = 1000, initial_temperature = 3.0, cooling_rate = 0.999
26 - INFO - chord#: 172 done. best_score=27.0, changed=521, unchanged=343, early_stops=8/8
26 - INFO - chord#: 176 In build_straw_man_chord_sa. tolerance = 1, sa_iterations = 1000, initial_temperature = 3.0, cooling_rate = 0.999
26 - INFO - chord#: 180 done. best_score=78.0, changed=608, unchanged=272, early_stops=8/8
26 - INFO - chord#: 182 In build_straw_man_chord_sa. tolerance = 1, sa_iterations = 1000, initial_temperature = 3.0, cooling_rate = 0.999
26 - INFO - chord#: 164 done. best_score=27.0, changed=527, unchanged=421, early_stops=8/8
26 - INFO - chord#: 172 In build_straw_man_chord_sa. tolerance = 1, sa_iterations = 1000, initial_temperature = 3.0, cooling_rate = 0.999
26 - INFO - chord#: 162 done. best_score=137.0, changed=616, unchanged=312, early_stops=8/8
26 - INFO - chord#: 164 In build_straw_man_chord_sa. tolerance = 1, sa_iterations = 1000, initial_temperature = 3.0, cooling_rate = 0.999
26 - INFO - chord#: 162 done. best_score=67.0, changed=620, unchanged=416, early_stops=8/8
26 - INFO - chord#: 164 In build_straw_man_chord_sa. tolerance = 1, sa_iterations = 1000, initial_temperature = 3.0, cooling_rate = 0.999
26 - INFO - chord#: 176 done. best_score=36.0, changed=517, unchanged=341, early_stops=8/8
26 - INFO - chord#: 178 In build_straw_man_chord_sa. tolerance = 1, sa_iterations = 1000, initial_temperature = 3.0, cooling_rate = 0.999
26 - INFO - chord#: 204 done. best_score=27.0, changed=521, unchanged=518, early_stops=8/8
26 - INFO - chord#: 206 In build_straw_man_chord_sa. tolerance = 1, sa_iterations = 1000, initial_temperature = 3.0, cooling_rate = 0.999
26 - INFO - chord#: 208 done. best_score=155.0, changed=615, unchanged=269, early_stops=8/8
26 - INFO - chord#: 212 In build_straw_man_chord_sa. tolerance = 1, sa_iterations = 1000, initial_temperature = 3.0, cooling_rate = 0.999
26 - INFO - chord#: 206 done. best_score=90.0, changed=609, unchanged=289, early_stops=8/8
26 - INFO - chord#: 207 In build_straw_man_chord_sa. tolerance = 1, sa_iterations = 1000, initial_temperature = 3.0, cooling_rate = 0.999
26 - INFO - chord#: 214 done. best_score=94.0, changed=610, unchanged=215, early_stops=8/8
26 - INFO - chord#: 216 In build_straw_man_chord_sa. tolerance = 1, sa_iterations = 1000, initial_temperature = 3.0, cooling_rate = 0.999
26 - INFO - chord#: 176 done. best_score=36.0, changed=527, unchanged=336, early_stops=8/8
26 - INFO - chord#: 178 In build_straw_man_chord_sa. tolerance = 1, sa_iterations = 1000, initial_temperature = 3.0, cooling_rate = 0.999
26 - INFO - chord#: 212 done. best_score=27.0, changed=513, unchanged=330, early_stops=8/8
26 - INFO - chord#: 214 In build_straw_man_chord_sa. tolerance = 1, sa_iterations = 1000, initial_temperature = 3.0, cooling_rate = 0.999
26 - INFO - chord#: 164 done. best_score=27.0, changed=524, unchanged=444, early_stops=8/8
26 - INFO - chord#: 172 In build_straw_man_chord_sa. tolerance = 1, sa_iterations = 1000, initial_temperature = 3.0, cooling_rate = 0.999
26 - INFO - chord#: 172 done. best_score=27.0, changed=522, unchanged=395, early_stops=8/8
26 - INFO - chord#: 182 done. best_score=36.0, changed=527, unchanged=381, early_stops=8/8
26 - INFO - chord#: 176 In build_straw_man_chord_sa. tolerance = 1, sa_iterations = 1000, initial_temperature = 3.0, cooling_rate = 0.999
26 - INFO - chord#: 184 In build_straw_man_chord_sa. tolerance = 1, sa_iterations = 1000, initial_temperature = 3.0, cooling_rate = 0.999
26 - INFO - chord#: 178 done. best_score=61.0, changed=543, unchanged=347, early_stops=8/8
26 - INFO - chord#: 180 In build_straw_man_chord_sa. tolerance = 1, sa_iterations = 1000, initial_temperature = 3.0, cooling_rate = 0.999
26 - INFO - chord#: 180 done. best_score=78.0, changed=607, unchanged=339, early_stops=8/8
26 - INFO - chord#: 182 In build_straw_man_chord_sa. tolerance = 1, sa_iterations = 1000, initial_temperature = 3.0, cooling_rate = 0.999
26 - INFO - chord#: 164 done. best_score=27.0, changed=528, unchanged=575, early_stops=8/8
26 - INFO - chord#: 172 In build_straw_man_chord_sa. tolerance = 1, sa_iterations = 1000, initial_temperature = 3.0, cooling_rate = 0.999
26 - INFO - chord#: 216 done. best_score=27.0, changed=522, unchanged=383, early_stops=8/8
26 - INFO - chord#: 220 In build_straw_man_chord_sa. tolerance = 1, sa_iterations = 1000, initial_temperature = 3.0, cooling_rate = 0.999
26 - INFO - chord#: 207 done. best_score=27.0, changed=525, unchanged=291, early_stops=8/8
26 - INFO - chord#: 208 In build_straw_man_chord_sa. tolerance = 1, sa_iterations = 1000, initial_temperature = 3.0, cooling_rate = 0.999
26 - INFO - chord#: 172 done. best_score=27.0, changed=523, unchanged=459, early_stops=8/8
26 - INFO - chord#: 176 In build_straw_man_chord_sa. tolerance = 1, sa_iterations = 1000, initial_temperature = 3.0, cooling_rate = 0.999
26 - INFO - chord#: 178 done. best_score=61.0, changed=526, unchanged=355, early_stops=8/8
26 - INFO - chord#: 180 In build_straw_man_chord_sa. tolerance = 1, sa_iterations = 1000, initial_temperature = 3.0, cooling_rate = 0.999
26 - INFO - chord#: 206 done. best_score=90.0, changed=614, unchanged=520, early_stops=8/8
26 - INFO - chord#: 207 In build_straw_man_chord_sa. tolerance = 1, sa_iterations = 1000, initial_temperature = 3.0, cooling_rate = 0.999
26 - INFO - chord#: 206 done. best_score=90.0, changed=615, unchanged=431, early_stops=8/8
26 - INFO - chord#: 207 In build_straw_man_chord_sa. tolerance = 1, sa_iterations = 1000, initial_temperature = 3.0, cooling_rate = 0.999
26 - INFO - chord#: 176 done. best_score=36.0, changed=520, unchanged=420, early_stops=8/8
26 - INFO - chord#: 178 In build_straw_man_chord_sa. tolerance = 1, sa_iterations = 1000, initial_temperature = 3.0, cooling_rate = 0.999
26 - INFO - chord#: 172 done. best_score=27.0, changed=522, unchanged=327, early_stops=8/8
26 - INFO - chord#: 176 In build_straw_man_chord_sa. tolerance = 1, sa_iterations = 1000, initial_temperature = 3.0, cooling_rate = 0.999
26 - INFO - chord#: 184 done. best_score=27.0, changed=534, unchanged=586, early_stops=8/8
26 - INFO - chord#: 188 In build_straw_man_chord_sa. tolerance = 1, sa_iterations = 1000, initial_temperature = 3.0, cooling_rate = 0.999
26 - INFO - chord#: 182 done. best_score=36.0, changed=528, unchanged=359, early_stops=8/8
26 - INFO - chord#: 184 In build_straw_man_chord_sa. tolerance = 1, sa_iterations = 1000, initial_temperature = 3.0, cooling_rate = 0.999
26 - INFO - chord#: 176 done. best_score=36.0, changed=521, unchanged=347, early_stops=8/8
26 - INFO - chord#: 178 In build_straw_man_chord_sa. tolerance = 1, sa_iterations = 1000, initial_temperature = 3.0, cooling_rate = 0.999
26 - INFO - chord#: 207 done. best_score=27.0, changed=517, unchanged=315, early_stops=8/8
26 - INFO - chord#: 208 In build_straw_man_chord_sa. tolerance = 1, sa_iterations = 1000, initial_temperature = 3.0, cooling_rate = 0.999
26 - INFO - chord#: 214 done. best_score=93.0, changed=621, unchanged=363, early_stops=8/8
26 - INFO - chord#: 216 In build_straw_man_chord_sa. tolerance = 1, sa_iterations = 1000, initial_temperature = 3.0, cooling_rate = 0.999
26 - INFO - chord#: 207 done. best_score=27.0, changed=535, unchanged=381, early_stops=8/8
26 - INFO - chord#: 208 In build_straw_man_chord_sa. tolerance = 1, sa_iterations = 1000, initial_temperature = 3.0, cooling_rate = 0.999
26 - INFO - chord#: 220 done. best_score=67.0, changed=607, unchanged=225, early_stops=8/8
26 - INFO - chord#: 224 In build_straw_man_chord_sa. tolerance = 1, sa_iterations = 1000, initial_temperature = 3.0, cooling_rate = 0.999
26 - INFO - chord#: 178 done. best_score=61.0, changed=521, unchanged=293, early_stops=8/8
26 - INFO - chord#: 180 In build_straw_man_chord_sa. tolerance = 1, sa_iterations = 1000, initial_temperature = 3.0, cooling_rate = 0.999
26 - INFO - chord#: 188 done. best_score=27.0, changed=534, unchanged=423, early_stops=8/8
26 - INFO - chord#: 176 done. best_score=36.0, changed=523, unchanged=501, early_stops=8/8
26 - INFO - chord#: 192 In build_straw_man_chord_sa. tolerance = 1, sa_iterations = 1000, initial_temperature = 3.0, cooling_rate = 0.999
26 - INFO - chord#: 178 In build_straw_man_chord_sa. tolerance = 1, sa_iterations = 1000, initial_temperature = 3.0, cooling_rate = 0.999
26 - INFO - chord#: 224 done. best_score=9.0, changed=450, unchanged=378, early_stops=8/8
26 - INFO - chord#: 228 In build_straw_man_chord_sa. tolerance = 1, sa_iterations = 1000, initial_temperature = 3.0, cooling_rate = 0.999
26 - INFO - chord#: 184 done. best_score=27.0, changed=523, unchanged=403, early_stops=8/8
26 - INFO - chord#: 188 In build_straw_man_chord_sa. tolerance = 1, sa_iterations = 1000, initial_temperature = 3.0, cooling_rate = 0.999
26 - INFO - chord#: 178 done. best_score=61.0, changed=521, unchanged=347, early_stops=8/8
26 - INFO - chord#: 180 In build_straw_man_chord_sa. tolerance = 1, sa_iterations = 1000, initial_temperature = 3.0, cooling_rate = 0.999
26 - INFO - chord#: 216 done. best_score=27.0, changed=516, unchanged=342, early_stops=8/8
26 - INFO - chord#: 220 In build_straw_man_chord_sa. tolerance = 1, sa_iterations = 1000, initial_temperature = 3.0, cooling_rate = 0.999
26 - INFO - chord#: 180 done. best_score=125.0, changed=619, unchanged=479, early_stops=8/8
26 - INFO - chord#: 182 In build_straw_man_chord_sa. tolerance = 1, sa_iterations = 1000, initial_temperature = 3.0, cooling_rate = 0.999
26 - INFO - chord#: 180 done. best_score=101.0, changed=607, unchanged=202, early_stops=8/8
26 - INFO - chord#: 182 In build_straw_man_chord_sa. tolerance = 1, sa_iterations = 1000, initial_temperature = 3.0, cooling_rate = 0.999
26 - INFO - chord#: 228 done. best_score=27.0, changed=522, unchanged=414, early_stops=8/8
26 - INFO - chord#: 232 In build_straw_man_chord_sa. tolerance = 1, sa_iterations = 1000, initial_temperature = 3.0, cooling_rate = 0.999
26 - INFO - chord#: 178 done. best_score=61.0, changed=535, unchanged=306, early_stops=8/8
26 - INFO - chord#: 180 In build_straw_man_chord_sa. tolerance = 1, sa_iterations = 1000, initial_temperature = 3.0, cooling_rate = 0.999
26 - INFO - chord#: 208 done. best_score=113.0, changed=610, unchanged=378, early_stops=8/8
26 - INFO - chord#: 212 In build_straw_man_chord_sa. tolerance = 1, sa_iterations = 1000, initial_temperature = 3.0, cooling_rate = 0.999
26 - INFO - chord#: 188 done. best_score=27.0, changed=518, unchanged=376, early_stops=8/8
26 - INFO - chord#: 192 In build_straw_man_chord_sa. tolerance = 1, sa_iterations = 1000, initial_temperature = 3.0, cooling_rate = 0.999
26 - INFO - chord#: 192 done. best_score=59.0, changed=520, unchanged=425, early_stops=8/8
26 - INFO - chord#: 194 In build_straw_man_chord_sa. tolerance = 1, sa_iterations = 1000, initial_temperature = 3.0, cooling_rate = 0.999
26 - INFO - chord#: 208 done. best_score=120.0, changed=610, unchanged=288, early_stops=8/8
26 - INFO - chord#: 212 In build_straw_man_chord_sa. tolerance = 1, sa_iterations = 1000, initial_temperature = 3.0, cooling_rate = 0.999
26 - INFO - chord#: 182 done. best_score=36.0, changed=520, unchanged=432, early_stops=8/8
26 - INFO - chord#: 184 In build_straw_man_chord_sa. tolerance = 1, sa_iterations = 1000, initial_temperature = 3.0, cooling_rate = 0.999
26 - INFO - chord#: 182 done. best_score=36.0, changed=526, unchanged=437, early_stops=8/8
26 - INFO - chord#: 184 In build_straw_man_chord_sa. tolerance = 1, sa_iterations = 1000, initial_temperature = 3.0, cooling_rate = 0.999
26 - INFO - chord#: 180 done. best_score=67.0, changed=609, unchanged=212, early_stops=8/8
26 - INFO - chord#: 182 In build_straw_man_chord_sa. tolerance = 1, sa_iterations = 1000, initial_temperature = 3.0, cooling_rate = 0.999
26 - INFO - chord#: 180 done. best_score=67.0, changed=613, unchanged=228, early_stops=8/8
26 - INFO - chord#: 182 In build_straw_man_chord_sa. tolerance = 1, sa_iterations = 1000, initial_temperature = 3.0, cooling_rate = 0.999
26 - INFO - chord#: 212 done. best_score=27.0, changed=526, unchanged=388, early_stops=8/8
26 - INFO - chord#: 214 In build_straw_man_chord_sa. tolerance = 1, sa_iterations = 1000, initial_temperature = 3.0, cooling_rate = 0.999
26 - INFO - chord#: 212 done. best_score=27.0, changed=528, unchanged=342, early_stops=8/8
26 - INFO - chord#: 214 In build_straw_man_chord_sa. tolerance = 1, sa_iterations = 1000, initial_temperature = 3.0, cooling_rate = 0.999
26 - INFO - chord#: 208 done. best_score=105.0, changed=613, unchanged=496, early_stops=8/8
26 - INFO - chord#: 212 In build_straw_man_chord_sa. tolerance = 1, sa_iterations = 1000, initial_temperature = 3.0, cooling_rate = 0.999
26 - INFO - chord#: 220 done. best_score=145.0, changed=610, unchanged=246, early_stops=8/8
26 - INFO - chord#: 224 In build_straw_man_chord_sa. tolerance = 1, sa_iterations = 1000, initial_temperature = 3.0, cooling_rate = 0.999
26 - INFO - chord#: 224 done. best_score=9.0, changed=459, unchanged=376, early_stops=8/8
26 - INFO - chord#: 228 In build_straw_man_chord_sa. tolerance = 1, sa_iterations = 1000, initial_temperature = 3.0, cooling_rate = 0.999
26 - INFO - chord#: 192 done. best_score=59.0, changed=514, unchanged=421, early_stops=8/8
26 - INFO - chord#: 194 In build_straw_man_chord_sa. tolerance = 1, sa_iterations = 1000, initial_temperature = 3.0, cooling_rate = 0.999
26 - INFO - chord#: 194 done. best_score=59.0, changed=519, unchanged=436, early_stops=8/8
26 - INFO - chord#: 196 In build_straw_man_chord_sa. tolerance = 1, sa_iterations = 1000, initial_temperature = 3.0, cooling_rate = 0.999
26 - INFO - chord#: 182 done. best_score=36.0, changed=517, unchanged=361, early_stops=8/8
26 - INFO - chord#: 184 In build_straw_man_chord_sa. tolerance = 1, sa_iterations = 1000, initial_temperature = 3.0, cooling_rate = 0.999
26 - INFO - chord#: 184 done. best_score=27.0, changed=514, unchanged=372, early_stops=8/8
26 - INFO - chord#: 188 In build_straw_man_chord_sa. tolerance = 1, sa_iterations = 1000, initial_temperature = 3.0, cooling_rate = 0.999
26 - INFO - chord#: 212 done. best_score=27.0, changed=525, unchanged=361, early_stops=8/8
26 - INFO - chord#: 214 In build_straw_man_chord_sa. tolerance = 1, sa_iterations = 1000, initial_temperature = 3.0, cooling_rate = 0.999
26 - INFO - chord#: 182 done. best_score=36.0, changed=518, unchanged=334, early_stops=8/8
26 - INFO - chord#: 184 In build_straw_man_chord_sa. tolerance = 1, sa_iterations = 1000, initial_temperature = 3.0, cooling_rate = 0.999
26 - INFO - chord#: 180 done. best_score=67.0, changed=621, unchanged=484, early_stops=8/8
26 - INFO - chord#: 182 In build_straw_man_chord_sa. tolerance = 1, sa_iterations = 1000, initial_temperature = 3.0, cooling_rate = 0.999
26 - INFO - chord#: 184 done. best_score=27.0, changed=523, unchanged=561, early_stops=8/8
26 - INFO - chord#: 188 In build_straw_man_chord_sa. tolerance = 1, sa_iterations = 1000, initial_temperature = 3.0, cooling_rate = 0.999
26 - INFO - chord#: 228 done. best_score=27.0, changed=515, unchanged=310, early_stops=8/8
26 - INFO - chord#: 232 In build_straw_man_chord_sa. tolerance = 1, sa_iterations = 1000, initial_temperature = 3.0, cooling_rate = 0.999
26 - INFO - chord#: 232 done. best_score=125.0, changed=620, unchanged=519, early_stops=8/8
26 - INFO - chord#: 236 In build_straw_man_chord_sa. tolerance = 1, sa_iterations = 1000, initial_temperature = 3.0, cooling_rate = 0.999
26 - INFO - chord#: 184 done. best_score=27.0, changed=520, unchanged=384, early_stops=8/8
26 - INFO - chord#: 188 In build_straw_man_chord_sa. tolerance = 1, sa_iterations = 1000, initial_temperature = 3.0, cooling_rate = 0.999
26 - INFO - chord#: 182 done. best_score=36.0, changed=514, unchanged=308, early_stops=8/8
26 - INFO - chord#: 184 In build_straw_man_chord_sa. tolerance = 1, sa_iterations = 1000, initial_temperature = 3.0, cooling_rate = 0.999
26 - INFO - chord#: 196 done. best_score=27.0, changed=519, unchanged=484, early_stops=8/8
26 - INFO - chord#: 198 In build_straw_man_chord_sa. tolerance = 1, sa_iterations = 1000, initial_temperature = 3.0, cooling_rate = 0.999
26 - INFO - chord#: 194 done. best_score=59.0, changed=528, unchanged=493, early_stops=8/8
26 - INFO - chord#: 196 In build_straw_man_chord_sa. tolerance = 1, sa_iterations = 1000, initial_temperature = 3.0, cooling_rate = 0.999
26 - INFO - chord#: 214 done. best_score=93.0, changed=608, unchanged=314, early_stops=8/8
26 - INFO - chord#: 216 In build_straw_man_chord_sa. tolerance = 1, sa_iterations = 1000, initial_temperature = 3.0, cooling_rate = 0.999
26 - INFO - chord#: 188 done. best_score=27.0, changed=527, unchanged=465, early_stops=8/8
26 - INFO - chord#: 192 In build_straw_man_chord_sa. tolerance = 1, sa_iterations = 1000, initial_temperature = 3.0, cooling_rate = 0.999
26 - INFO - chord#: 188 done. best_score=27.0, changed=528, unchanged=407, early_stops=8/8
26 - INFO - chord#: 192 In build_straw_man_chord_sa. tolerance = 1, sa_iterations = 1000, initial_temperature = 3.0, cooling_rate = 0.999
26 - INFO - chord#: 184 done. best_score=27.0, changed=516, unchanged=401, early_stops=8/8
26 - INFO - chord#: 188 In build_straw_man_chord_sa. tolerance = 1, sa_iterations = 1000, initial_temperature = 3.0, cooling_rate = 0.999
26 - INFO - chord#: 236 done. best_score=36.0, changed=524, unchanged=452, early_stops=8/8
26 - INFO - chord#: 240 In build_straw_man_chord_sa. tolerance = 1, sa_iterations = 1000, initial_temperature = 3.0, cooling_rate = 0.999
26 - INFO - chord#: 214 done. best_score=94.0, changed=613, unchanged=384, early_stops=8/8
26 - INFO - chord#: 216 In build_straw_man_chord_sa. tolerance = 1, sa_iterations = 1000, initial_temperature = 3.0, cooling_rate = 0.999
26 - INFO - chord#: 240 done. best_score=11.0, changed=481, unchanged=363, early_stops=8/8
26 - INFO - chord#: 242 In build_straw_man_chord_sa. tolerance = 1, sa_iterations = 1000, initial_temperature = 3.0, cooling_rate = 0.999
26 - INFO - chord#: 188 done. best_score=27.0, changed=530, unchanged=448, early_stops=8/8
26 - INFO - chord#: 192 In build_straw_man_chord_sa. tolerance = 1, sa_iterations = 1000, initial_temperature = 3.0, cooling_rate = 0.999
26 - INFO - chord#: 184 done. best_score=27.0, changed=517, unchanged=343, early_stops=8/8
26 - INFO - chord#: 188 In build_straw_man_chord_sa. tolerance = 1, sa_iterations = 1000, initial_temperature = 3.0, cooling_rate = 0.999
26 - INFO - chord#: 216 done. best_score=27.0, changed=534, unchanged=421, early_stops=8/8
26 - INFO - chord#: 220 In build_straw_man_chord_sa. tolerance = 1, sa_iterations = 1000, initial_temperature = 3.0, cooling_rate = 0.999
26 - INFO - chord#: 196 done. best_score=27.0, changed=517, unchanged=423, early_stops=8/8
26 - INFO - chord#: 198 In build_straw_man_chord_sa. tolerance = 1, sa_iterations = 1000, initial_temperature = 3.0, cooling_rate = 0.999
26 - INFO - chord#: 214 done. best_score=93.0, changed=616, unchanged=448, early_stops=8/8
26 - INFO - chord#: 216 In build_straw_man_chord_sa. tolerance = 1, sa_iterations = 1000, initial_temperature = 3.0, cooling_rate = 0.999
26 - INFO - chord#: 188 done. best_score=27.0, changed=521, unchanged=375, early_stops=8/8
26 - INFO - chord#: 192 In build_straw_man_chord_sa. tolerance = 1, sa_iterations = 1000, initial_temperature = 3.0, cooling_rate = 0.999
26 - INFO - chord#: 192 done. best_score=59.0, changed=519, unchanged=379, early_stops=8/8
26 - INFO - chord#: 194 In build_straw_man_chord_sa. tolerance = 1, sa_iterations = 1000, initial_temperature = 3.0, cooling_rate = 0.999
26 - INFO - chord#: 192 done. best_score=59.0, changed=525, unchanged=465, early_stops=8/8
26 - INFO - chord#: 194 In build_straw_man_chord_sa. tolerance = 1, sa_iterations = 1000, initial_temperature = 3.0, cooling_rate = 0.999
26 - INFO - chord#: 232 done. best_score=67.0, changed=615, unchanged=401, early_stops=8/8
26 - INFO - chord#: 236 In build_straw_man_chord_sa. tolerance = 1, sa_iterations = 1000, initial_temperature = 3.0, cooling_rate = 0.999
26 - INFO - chord#: 188 done. best_score=27.0, changed=519, unchanged=348, early_stops=8/8
26 - INFO - chord#: 192 In build_straw_man_chord_sa. tolerance = 1, sa_iterations = 1000, initial_temperature = 3.0, cooling_rate = 0.999
26 - INFO - chord#: 216 done. best_score=61.0, changed=527, unchanged=363, early_stops=8/8
26 - INFO - chord#: 220 In build_straw_man_chord_sa. tolerance = 1, sa_iterations = 1000, initial_temperature = 3.0, cooling_rate = 0.999
26 - INFO - chord#: 198 done. best_score=119.0, changed=611, unchanged=301, early_stops=8/8
26 - INFO - chord#: 200 In build_straw_man_chord_sa. tolerance = 1, sa_iterations = 1000, initial_temperature = 3.0, cooling_rate = 0.999
26 - INFO - chord#: 192 done. best_score=59.0, changed=516, unchanged=337, early_stops=8/8
26 - INFO - chord#: 194 In build_straw_man_chord_sa. tolerance = 1, sa_iterations = 1000, initial_temperature = 3.0, cooling_rate = 0.999
26 - INFO - chord#: 216 done. best_score=27.0, changed=521, unchanged=392, early_stops=8/8
26 - INFO - chord#: 220 In build_straw_man_chord_sa. tolerance = 1, sa_iterations = 1000, initial_temperature = 3.0, cooling_rate = 0.999
26 - INFO - chord#: 236 done. best_score=36.0, changed=521, unchanged=336, early_stops=8/8
26 - INFO - chord#: 240 In build_straw_man_chord_sa. tolerance = 1, sa_iterations = 1000, initial_temperature = 3.0, cooling_rate = 0.999
26 - INFO - chord#: 242 done. best_score=101.0, changed=610, unchanged=246, early_stops=8/8
26 - INFO - chord#: 244 In build_straw_man_chord_sa. tolerance = 1, sa_iterations = 1000, initial_temperature = 3.0, cooling_rate = 0.999
26 - INFO - chord#: 240 done. best_score=11.0, changed=485, unchanged=357, early_stops=8/8
26 - INFO - chord#: 242 In build_straw_man_chord_sa. tolerance = 1, sa_iterations = 1000, initial_temperature = 3.0, cooling_rate = 0.999
26 - INFO - chord#: 194 done. best_score=55.0, changed=517, unchanged=349, early_stops=8/8
26 - INFO - chord#: 196 In build_straw_man_chord_sa. tolerance = 1, sa_iterations = 1000, initial_temperature = 3.0, cooling_rate = 0.999
26 - INFO - chord#: 192 done. best_score=59.0, changed=524, unchanged=492, early_stops=8/8
26 - INFO - chord#: 194 In build_straw_man_chord_sa. tolerance = 1, sa_iterations = 1000, initial_temperature = 3.0, cooling_rate = 0.999
26 - INFO - chord#: 200 done. best_score=27.0, changed=519, unchanged=388, early_stops=8/8
26 - INFO - chord#: 204 In build_straw_man_chord_sa. tolerance = 1, sa_iterations = 1000, initial_temperature = 3.0, cooling_rate = 0.999
26 - INFO - chord#: 194 done. best_score=55.0, changed=534, unchanged=502, early_stops=8/8
26 - INFO - chord#: 196 In build_straw_man_chord_sa. tolerance = 1, sa_iterations = 1000, initial_temperature = 3.0, cooling_rate = 0.999
26 - INFO - chord#: 192 done. best_score=59.0, changed=524, unchanged=481, early_stops=8/8
26 - INFO - chord#: 194 In build_straw_man_chord_sa. tolerance = 1, sa_iterations = 1000, initial_temperature = 3.0, cooling_rate = 0.999
26 - INFO - chord#: 220 done. best_score=67.0, changed=612, unchanged=334, early_stops=8/8
26 - INFO - chord#: 224 In build_straw_man_chord_sa. tolerance = 1, sa_iterations = 1000, initial_temperature = 3.0, cooling_rate = 0.999
26 - INFO - chord#: 194 done. best_score=55.0, changed=517, unchanged=403, early_stops=8/8
26 - INFO - chord#: 196 In build_straw_man_chord_sa. tolerance = 1, sa_iterations = 1000, initial_temperature = 3.0, cooling_rate = 0.999
26 - INFO - chord#: 224 done. best_score=9.0, changed=459, unchanged=360, early_stops=8/8
26 - INFO - chord#: 228 In build_straw_man_chord_sa. tolerance = 1, sa_iterations = 1000, initial_temperature = 3.0, cooling_rate = 0.999
26 - INFO - chord#: 244 done. best_score=27.0, changed=535, unchanged=421, early_stops=8/8
26 - INFO - chord#: 246 In build_straw_man_chord_sa. tolerance = 1, sa_iterations = 1000, initial_temperature = 3.0, cooling_rate = 0.999
26 - INFO - chord#: 198 done. best_score=78.0, changed=615, unchanged=310, early_stops=8/8
26 - INFO - chord#: 200 In build_straw_man_chord_sa. tolerance = 1, sa_iterations = 1000, initial_temperature = 3.0, cooling_rate = 0.999
26 - INFO - chord#: 204 done. best_score=27.0, changed=518, unchanged=496, early_stops=8/8
26 - INFO - chord#: 206 In build_straw_man_chord_sa. tolerance = 1, sa_iterations = 1000, initial_temperature = 3.0, cooling_rate = 0.999
26 - INFO - chord#: 196 done. best_score=27.0, changed=519, unchanged=347, early_stops=8/8
26 - INFO - chord#: 198 In build_straw_man_chord_sa. tolerance = 1, sa_iterations = 1000, initial_temperature = 3.0, cooling_rate = 0.999
26 - INFO - chord#: 194 done. best_score=59.0, changed=523, unchanged=438, early_stops=8/8
26 - INFO - chord#: 196 In build_straw_man_chord_sa. tolerance = 1, sa_iterations = 1000, initial_temperature = 3.0, cooling_rate = 0.999
26 - INFO - chord#: 194 done. best_score=59.0, changed=516, unchanged=374, early_stops=8/8
26 - INFO - chord#: 196 In build_straw_man_chord_sa. tolerance = 1, sa_iterations = 1000, initial_temperature = 3.0, cooling_rate = 0.999
26 - INFO - chord#: 228 done. best_score=27.0, changed=523, unchanged=411, early_stops=8/8
26 - INFO - chord#: 232 In build_straw_man_chord_sa. tolerance = 1, sa_iterations = 1000, initial_temperature = 3.0, cooling_rate = 0.999
26 - INFO - chord#: 220 done. best_score=137.0, changed=613, unchanged=352, early_stops=8/8
26 - INFO - chord#: 224 In build_straw_man_chord_sa. tolerance = 1, sa_iterations = 1000, initial_temperature = 3.0, cooling_rate = 0.999
26 - INFO - chord#: 196 done. best_score=27.0, changed=533, unchanged=549, early_stops=8/8
26 - INFO - chord#: 198 In build_straw_man_chord_sa. tolerance = 1, sa_iterations = 1000, initial_temperature = 3.0, cooling_rate = 0.999
26 - INFO - chord#: 224 done. best_score=9.0, changed=465, unchanged=363, early_stops=8/8
26 - INFO - chord#: 228 In build_straw_man_chord_sa. tolerance = 1, sa_iterations = 1000, initial_temperature = 3.0, cooling_rate = 0.999
26 - INFO - chord#: 220 done. best_score=140.0, changed=611, unchanged=340, early_stops=8/8
26 - INFO - chord#: 224 In build_straw_man_chord_sa. tolerance = 1, sa_iterations = 1000, initial_temperature = 3.0, cooling_rate = 0.999
26 - INFO - chord#: 196 done. best_score=27.0, changed=531, unchanged=584, early_stops=8/8
26 - INFO - chord#: 198 In build_straw_man_chord_sa. tolerance = 1, sa_iterations = 1000, initial_temperature = 3.0, cooling_rate = 0.999
26 - INFO - chord#: 200 done. best_score=27.0, changed=524, unchanged=371, early_stops=8/8
26 - INFO - chord#: 204 In build_straw_man_chord_sa. tolerance = 1, sa_iterations = 1000, initial_temperature = 3.0, cooling_rate = 0.999
26 - INFO - chord#: 242 done. best_score=101.0, changed=611, unchanged=283, early_stops=8/8
26 - INFO - chord#: 244 In build_straw_man_chord_sa. tolerance = 1, sa_iterations = 1000, initial_temperature = 3.0, cooling_rate = 0.999
26 - INFO - chord#: 224 done. best_score=9.0, changed=465, unchanged=378, early_stops=8/8
26 - INFO - chord#: 228 In build_straw_man_chord_sa. tolerance = 1, sa_iterations = 1000, initial_temperature = 3.0, cooling_rate = 0.999
26 - INFO - chord#: 196 done. best_score=27.0, changed=516, unchanged=349, early_stops=8/8
26 - INFO - chord#: 198 In build_straw_man_chord_sa. tolerance = 1, sa_iterations = 1000, initial_temperature = 3.0, cooling_rate = 0.999
26 - INFO - chord#: 228 done. best_score=27.0, changed=522, unchanged=472, early_stops=8/8
26 - INFO - chord#: 232 In build_straw_man_chord_sa. tolerance = 1, sa_iterations = 1000, initial_temperature = 3.0, cooling_rate = 0.999
26 - INFO - chord#: 196 done. best_score=27.0, changed=526, unchanged=486, early_stops=8/8
26 - INFO - chord#: 198 In build_straw_man_chord_sa. tolerance = 1, sa_iterations = 1000, initial_temperature = 3.0, cooling_rate = 0.999
26 - INFO - chord#: 246 done. best_score=96.0, changed=615, unchanged=299, early_stops=8/8
26 - INFO - chord#: 248 In build_straw_man_chord_sa. tolerance = 1, sa_iterations = 1000, initial_temperature = 3.0, cooling_rate = 0.999
26 - INFO - chord#: 244 done. best_score=27.0, changed=524, unchanged=350, early_stops=8/8
26 - INFO - chord#: 246 In build_straw_man_chord_sa. tolerance = 1, sa_iterations = 1000, initial_temperature = 3.0, cooling_rate = 0.999
26 - INFO - chord#: 228 done. best_score=27.0, changed=530, unchanged=420, early_stops=8/8
26 - INFO - chord#: 232 In build_straw_man_chord_sa. tolerance = 1, sa_iterations = 1000, initial_temperature = 3.0, cooling_rate = 0.999
26 - INFO - chord#: 204 done. best_score=27.0, changed=522, unchanged=408, early_stops=8/8
26 - INFO - chord#: 206 In build_straw_man_chord_sa. tolerance = 1, sa_iterations = 1000, initial_temperature = 3.0, cooling_rate = 0.999
26 - INFO - chord#: 198 done. best_score=78.0, changed=615, unchanged=279, early_stops=8/8
26 - INFO - chord#: 200 In build_straw_man_chord_sa. tolerance = 1, sa_iterations = 1000, initial_temperature = 3.0, cooling_rate = 0.999
26 - INFO - chord#: 206 done. best_score=95.0, changed=612, unchanged=521, early_stops=8/8
26 - INFO - chord#: 207 In build_straw_man_chord_sa. tolerance = 1, sa_iterations = 1000, initial_temperature = 3.0, cooling_rate = 0.999
26 - INFO - chord#: 198 done. best_score=137.0, changed=611, unchanged=246, early_stops=8/8
26 - INFO - chord#: 200 In build_straw_man_chord_sa. tolerance = 1, sa_iterations = 1000, initial_temperature = 3.0, cooling_rate = 0.999
26 - INFO - chord#: 232 done. best_score=67.0, changed=613, unchanged=540, early_stops=8/8
26 - INFO - chord#: 236 In build_straw_man_chord_sa. tolerance = 1, sa_iterations = 1000, initial_temperature = 3.0, cooling_rate = 0.999
26 - INFO - chord#: 198 done. best_score=137.0, changed=611, unchanged=402, early_stops=8/8
26 - INFO - chord#: 200 In build_straw_man_chord_sa. tolerance = 1, sa_iterations = 1000, initial_temperature = 3.0, cooling_rate = 0.999
26 - INFO - chord#: 207 done. best_score=27.0, changed=533, unchanged=349, early_stops=8/8
26 - INFO - chord#: 208 In build_straw_man_chord_sa. tolerance = 1, sa_iterations = 1000, initial_temperature = 3.0, cooling_rate = 0.999
26 - INFO - chord#: 198 done. best_score=119.0, changed=611, unchanged=508, early_stops=8/8
26 - INFO - chord#: 200 In build_straw_man_chord_sa. tolerance = 1, sa_iterations = 1000, initial_temperature = 3.0, cooling_rate = 0.999
26 - INFO - chord#: 248 done. best_score=74.0, changed=613, unchanged=242, early_stops=8/8
26 - INFO - chord#: 250 In build_straw_man_chord_sa. tolerance = 1, sa_iterations = 1000, initial_temperature = 3.0, cooling_rate = 0.999
26 - INFO - chord#: 232 done. best_score=67.0, changed=614, unchanged=313, early_stops=8/8
26 - INFO - chord#: 236 In build_straw_man_chord_sa. tolerance = 1, sa_iterations = 1000, initial_temperature = 3.0, cooling_rate = 0.999
26 - INFO - chord#: 200 done. best_score=27.0, changed=523, unchanged=424, early_stops=8/8
26 - INFO - chord#: 204 In build_straw_man_chord_sa. tolerance = 1, sa_iterations = 1000, initial_temperature = 3.0, cooling_rate = 0.999
26 - INFO - chord#: 236 done. best_score=36.0, changed=523, unchanged=454, early_stops=8/8
26 - INFO - chord#: 240 In build_straw_man_chord_sa. tolerance = 1, sa_iterations = 1000, initial_temperature = 3.0, cooling_rate = 0.999
26 - INFO - chord#: 246 done. best_score=74.0, changed=613, unchanged=401, early_stops=8/8
26 - INFO - chord#: 248 In build_straw_man_chord_sa. tolerance = 1, sa_iterations = 1000, initial_temperature = 3.0, cooling_rate = 0.999
26 - INFO - chord#: 198 done. best_score=119.0, changed=610, unchanged=356, early_stops=8/8
26 - INFO - chord#: 200 In build_straw_man_chord_sa. tolerance = 1, sa_iterations = 1000, initial_temperature = 3.0, cooling_rate = 0.999
26 - INFO - chord#: 240 done. best_score=11.0, changed=489, unchanged=348, early_stops=8/8
26 - INFO - chord#: 242 In build_straw_man_chord_sa. tolerance = 1, sa_iterations = 1000, initial_temperature = 3.0, cooling_rate = 0.999
26 - INFO - chord#: 200 done. best_score=27.0, changed=515, unchanged=325, early_stops=8/8
26 - INFO - chord#: 204 In build_straw_man_chord_sa. tolerance = 1, sa_iterations = 1000, initial_temperature = 3.0, cooling_rate = 0.999
26 - INFO - chord#: 200 done. best_score=27.0, changed=525, unchanged=431, early_stops=8/8
26 - INFO - chord#: 204 In build_straw_man_chord_sa. tolerance = 1, sa_iterations = 1000, initial_temperature = 3.0, cooling_rate = 0.999
26 - INFO - chord#: 236 done. best_score=36.0, changed=531, unchanged=367, early_stops=8/8
26 - INFO - chord#: 240 In build_straw_man_chord_sa. tolerance = 1, sa_iterations = 1000, initial_temperature = 3.0, cooling_rate = 0.999
26 - INFO - chord#: 200 done. best_score=27.0, changed=524, unchanged=684, early_stops=8/8
26 - INFO - chord#: 204 In build_straw_man_chord_sa. tolerance = 1, sa_iterations = 1000, initial_temperature = 3.0, cooling_rate = 0.999
26 - INFO - chord#: 250 done. best_score=61.0, changed=543, unchanged=398, early_stops=8/8
26 - INFO - chord#: 252 In build_straw_man_chord_sa. tolerance = 1, sa_iterations = 1000, initial_temperature = 3.0, cooling_rate = 0.999
26 - INFO - chord#: 240 done. best_score=11.0, changed=500, unchanged=351, early_stops=8/8
26 - INFO - chord#: 242 In build_straw_man_chord_sa. tolerance = 1, sa_iterations = 1000, initial_temperature = 3.0, cooling_rate = 0.999
26 - INFO - chord#: 204 done. best_score=27.0, changed=529, unchanged=426, early_stops=8/8
26 - INFO - chord#: 206 In build_straw_man_chord_sa. tolerance = 1, sa_iterations = 1000, initial_temperature = 3.0, cooling_rate = 0.999
26 - INFO - chord#: 232 done. best_score=137.0, changed=609, unchanged=342, early_stops=8/8
26 - INFO - chord#: 236 In build_straw_man_chord_sa. tolerance = 1, sa_iterations = 1000, initial_temperature = 3.0, cooling_rate = 0.999
26 - INFO - chord#: 206 done. best_score=90.0, changed=616, unchanged=322, early_stops=8/8
26 - INFO - chord#: 207 In build_straw_man_chord_sa. tolerance = 1, sa_iterations = 1000, initial_temperature = 3.0, cooling_rate = 0.999
26 - INFO - chord#: 204 done. best_score=27.0, changed=524, unchanged=342, early_stops=8/8
26 - INFO - chord#: 206 In build_straw_man_chord_sa. tolerance = 1, sa_iterations = 1000, initial_temperature = 3.0, cooling_rate = 0.999
26 - INFO - chord#: 208 done. best_score=93.0, changed=613, unchanged=288, early_stops=8/8
26 - INFO - chord#: 212 In build_straw_man_chord_sa. tolerance = 1, sa_iterations = 1000, initial_temperature = 3.0, cooling_rate = 0.999
26 - INFO - chord#: 200 done. best_score=27.0, changed=531, unchanged=541, early_stops=8/8
26 - INFO - chord#: 204 In build_straw_man_chord_sa. tolerance = 1, sa_iterations = 1000, initial_temperature = 3.0, cooling_rate = 0.999
26 - INFO - chord#: 204 done. best_score=27.0, changed=518, unchanged=376, early_stops=8/8
26 - INFO - chord#: 206 In build_straw_man_chord_sa. tolerance = 1, sa_iterations = 1000, initial_temperature = 3.0, cooling_rate = 0.999
26 - INFO - chord#: 236 done. best_score=36.0, changed=524, unchanged=325, early_stops=8/8
26 - INFO - chord#: 240 In build_straw_man_chord_sa. tolerance = 1, sa_iterations = 1000, initial_temperature = 3.0, cooling_rate = 0.999
26 - INFO - chord#: 204 done. best_score=27.0, changed=516, unchanged=432, early_stops=8/8
26 - INFO - chord#: 206 In build_straw_man_chord_sa. tolerance = 1, sa_iterations = 1000, initial_temperature = 3.0, cooling_rate = 0.999
26 - INFO - chord#: 207 done. best_score=27.0, changed=519, unchanged=307, early_stops=8/8
26 - INFO - chord#: 208 In build_straw_man_chord_sa. tolerance = 1, sa_iterations = 1000, initial_temperature = 3.0, cooling_rate = 0.999
26 - INFO - chord#: 248 done. best_score=74.0, changed=613, unchanged=289, early_stops=8/8
26 - INFO - chord#: 250 In build_straw_man_chord_sa. tolerance = 1, sa_iterations = 1000, initial_temperature = 3.0, cooling_rate = 0.999
26 - INFO - chord#: 240 done. best_score=11.0, changed=481, unchanged=339, early_stops=8/8
26 - INFO - chord#: 242 In build_straw_man_chord_sa. tolerance = 1, sa_iterations = 1000, initial_temperature = 3.0, cooling_rate = 0.999
26 - INFO - chord#: 242 done. best_score=161.0, changed=610, unchanged=248, early_stops=8/8
26 - INFO - chord#: 244 In build_straw_man_chord_sa. tolerance = 1, sa_iterations = 1000, initial_temperature = 3.0, cooling_rate = 0.999
26 - INFO - chord#: 212 done. best_score=27.0, changed=522, unchanged=407, early_stops=8/8
26 - INFO - chord#: 214 In build_straw_man_chord_sa. tolerance = 1, sa_iterations = 1000, initial_temperature = 3.0, cooling_rate = 0.999
26 - INFO - chord#: 252 done. best_score=137.0, changed=606, unchanged=268, early_stops=8/8
26 - INFO - chord#: 254 In build_straw_man_chord_sa. tolerance = 1, sa_iterations = 1000, initial_temperature = 3.0, cooling_rate = 0.999
26 - INFO - chord#: 204 done. best_score=27.0, changed=522, unchanged=385, early_stops=8/8
26 - INFO - chord#: 206 In build_straw_man_chord_sa. tolerance = 1, sa_iterations = 1000, initial_temperature = 3.0, cooling_rate = 0.999
26 - INFO - chord#: 254 done. best_score=11.0, changed=520, unchanged=313, early_stops=8/8
26 - INFO - chord#: 256 In build_straw_man_chord_sa. tolerance = 1, sa_iterations = 1000, initial_temperature = 3.0, cooling_rate = 0.999
26 - INFO - chord#: 242 done. best_score=106.0, changed=610, unchanged=365, early_stops=8/8
26 - INFO - chord#: 244 In build_straw_man_chord_sa. tolerance = 1, sa_iterations = 1000, initial_temperature = 3.0, cooling_rate = 0.999
26 - INFO - chord#: 244 done. best_score=27.0, changed=531, unchanged=416, early_stops=8/8
26 - INFO - chord#: 246 In build_straw_man_chord_sa. tolerance = 1, sa_iterations = 1000, initial_temperature = 3.0, cooling_rate = 0.999
26 - INFO - chord#: 250 done. best_score=61.0, changed=531, unchanged=337, early_stops=8/8
26 - INFO - chord#: 252 In build_straw_man_chord_sa. tolerance = 1, sa_iterations = 1000, initial_temperature = 3.0, cooling_rate = 0.999
26 - INFO - chord#: 206 done. best_score=95.0, changed=609, unchanged=239, early_stops=8/8
26 - INFO - chord#: 207 In build_straw_man_chord_sa. tolerance = 1, sa_iterations = 1000, initial_temperature = 3.0, cooling_rate = 0.999
26 - INFO - chord#: 244 done. best_score=27.0, changed=527, unchanged=378, early_stops=8/8
26 - INFO - chord#: 246 In build_straw_man_chord_sa. tolerance = 1, sa_iterations = 1000, initial_temperature = 3.0, cooling_rate = 0.999
26 - INFO - chord#: 206 done. best_score=95.0, changed=616, unchanged=364, early_stops=8/8
26 - INFO - chord#: 207 In build_straw_man_chord_sa. tolerance = 1, sa_iterations = 1000, initial_temperature = 3.0, cooling_rate = 0.999
26 - INFO - chord#: 214 done. best_score=96.0, changed=612, unchanged=260, early_stops=8/8
26 - INFO - chord#: 216 In build_straw_man_chord_sa. tolerance = 1, sa_iterations = 1000, initial_temperature = 3.0, cooling_rate = 0.999
26 - INFO - chord#: 207 done. best_score=27.0, changed=534, unchanged=305, early_stops=8/8
26 - INFO - chord#: 208 In build_straw_man_chord_sa. tolerance = 1, sa_iterations = 1000, initial_temperature = 3.0, cooling_rate = 0.999
26 - INFO - chord#: 206 done. best_score=95.0, changed=609, unchanged=263, early_stops=8/8
26 - INFO - chord#: 207 In build_straw_man_chord_sa. tolerance = 1, sa_iterations = 1000, initial_temperature = 3.0, cooling_rate = 0.999
26 - INFO - chord#: 208 done. best_score=105.0, changed=607, unchanged=310, early_stops=8/8
26 - INFO - chord#: 212 In build_straw_man_chord_sa. tolerance = 1, sa_iterations = 1000, initial_temperature = 3.0, cooling_rate = 0.999
26 - INFO - chord#: 256 done. best_score=78.0, changed=608, unchanged=218, early_stops=8/8
26 - INFO - chord#: 260 In build_straw_man_chord_sa. tolerance = 1, sa_iterations = 1000, initial_temperature = 3.0, cooling_rate = 0.999
26 - INFO - chord#: 206 done. best_score=113.0, changed=608, unchanged=313, early_stops=8/8
26 - INFO - chord#: 207 In build_straw_man_chord_sa. tolerance = 1, sa_iterations = 1000, initial_temperature = 3.0, cooling_rate = 0.999
26 - INFO - chord#: 216 done. best_score=27.0, changed=521, unchanged=416, early_stops=8/8
26 - INFO - chord#: 220 In build_straw_man_chord_sa. tolerance = 1, sa_iterations = 1000, initial_temperature = 3.0, cooling_rate = 0.999
26 - INFO - chord#: 252 done. best_score=67.0, changed=611, unchanged=254, early_stops=8/8
26 - INFO - chord#: 254 In build_straw_man_chord_sa. tolerance = 1, sa_iterations = 1000, initial_temperature = 3.0, cooling_rate = 0.999
26 - INFO - chord#: 207 done. best_score=27.0, changed=520, unchanged=364, early_stops=8/8
26 - INFO - chord#: 208 In build_straw_man_chord_sa. tolerance = 1, sa_iterations = 1000, initial_temperature = 3.0, cooling_rate = 0.999
26 - INFO - chord#: 254 done. best_score=13.0, changed=497, unchanged=314, early_stops=8/8
26 - INFO - chord#: 256 In build_straw_man_chord_sa. tolerance = 1, sa_iterations = 1000, initial_temperature = 3.0, cooling_rate = 0.999
26 - INFO - chord#: 206 done. best_score=90.0, changed=616, unchanged=335, early_stops=8/8
26 - INFO - chord#: 207 In build_straw_man_chord_sa. tolerance = 1, sa_iterations = 1000, initial_temperature = 3.0, cooling_rate = 0.999
26 - INFO - chord#: 242 done. best_score=132.0, changed=615, unchanged=442, early_stops=8/8
26 - INFO - chord#: 244 In build_straw_man_chord_sa. tolerance = 1, sa_iterations = 1000, initial_temperature = 3.0, cooling_rate = 0.999
26 - INFO - chord#: 246 done. best_score=74.0, changed=613, unchanged=371, early_stops=8/8
26 - INFO - chord#: 248 In build_straw_man_chord_sa. tolerance = 1, sa_iterations = 1000, initial_temperature = 3.0, cooling_rate = 0.999
26 - INFO - chord#: 207 done. best_score=27.0, changed=518, unchanged=376, early_stops=8/8
26 - INFO - chord#: 208 In build_straw_man_chord_sa. tolerance = 1, sa_iterations = 1000, initial_temperature = 3.0, cooling_rate = 0.999
26 - INFO - chord#: 212 done. best_score=27.0, changed=526, unchanged=400, early_stops=8/8
26 - INFO - chord#: 214 In build_straw_man_chord_sa. tolerance = 1, sa_iterations = 1000, initial_temperature = 3.0, cooling_rate = 0.999
26 - INFO - chord#: 260 done. best_score=27.0, changed=523, unchanged=469, early_stops=8/8
26 - INFO - chord#: 262 In build_straw_man_chord_sa. tolerance = 1, sa_iterations = 1000, initial_temperature = 3.0, cooling_rate = 0.999
26 - INFO - chord#: 207 done. best_score=61.0, changed=537, unchanged=384, early_stops=8/8
26 - INFO - chord#: 208 In build_straw_man_chord_sa. tolerance = 1, sa_iterations = 1000, initial_temperature = 3.0, cooling_rate = 0.999
26 - INFO - chord#: 246 done. best_score=74.0, changed=610, unchanged=278, early_stops=8/8
26 - INFO - chord#: 248 In build_straw_man_chord_sa. tolerance = 1, sa_iterations = 1000, initial_temperature = 3.0, cooling_rate = 0.999
26 - INFO - chord#: 208 done. best_score=113.0, changed=608, unchanged=274, early_stops=8/8
26 - INFO - chord#: 212 In build_straw_man_chord_sa. tolerance = 1, sa_iterations = 1000, initial_temperature = 3.0, cooling_rate = 0.999
26 - INFO - chord#: 207 done. best_score=27.0, changed=529, unchanged=367, early_stops=8/8
26 - INFO - chord#: 208 In build_straw_man_chord_sa. tolerance = 1, sa_iterations = 1000, initial_temperature = 3.0, cooling_rate = 0.999
26 - INFO - chord#: 244 done. best_score=27.0, changed=521, unchanged=376, early_stops=8/8
26 - INFO - chord#: 246 In build_straw_man_chord_sa. tolerance = 1, sa_iterations = 1000, initial_temperature = 3.0, cooling_rate = 0.999
26 - INFO - chord#: 212 done. best_score=27.0, changed=530, unchanged=407, early_stops=8/8
26 - INFO - chord#: 214 In build_straw_man_chord_sa. tolerance = 1, sa_iterations = 1000, initial_temperature = 3.0, cooling_rate = 0.999
26 - INFO - chord#: 220 done. best_score=67.0, changed=608, unchanged=271, early_stops=8/8
26 - INFO - chord#: 224 In build_straw_man_chord_sa. tolerance = 1, sa_iterations = 1000, initial_temperature = 3.0, cooling_rate = 0.999
26 - INFO - chord#: 224 done. best_score=9.0, changed=472, unchanged=395, early_stops=8/8
26 - INFO - chord#: 228 In build_straw_man_chord_sa. tolerance = 1, sa_iterations = 1000, initial_temperature = 3.0, cooling_rate = 0.999
26 - INFO - chord#: 248 done. best_score=96.0, changed=616, unchanged=242, early_stops=8/8
26 - INFO - chord#: 250 In build_straw_man_chord_sa. tolerance = 1, sa_iterations = 1000, initial_temperature = 3.0, cooling_rate = 0.999
26 - INFO - chord#: 256 done. best_score=137.0, changed=620, unchanged=377, early_stops=8/8
26 - INFO - chord#: 260 In build_straw_man_chord_sa. tolerance = 1, sa_iterations = 1000, initial_temperature = 3.0, cooling_rate = 0.999
26 - INFO - chord#: 208 done. best_score=105.0, changed=610, unchanged=278, early_stops=8/8
26 - INFO - chord#: 212 In build_straw_man_chord_sa. tolerance = 1, sa_iterations = 1000, initial_temperature = 3.0, cooling_rate = 0.999
26 - INFO - chord#: 262 done. best_score=64.0, changed=616, unchanged=332, early_stops=8/8
26 - INFO - chord#: 264 In build_straw_man_chord_sa. tolerance = 1, sa_iterations = 1000, initial_temperature = 3.0, cooling_rate = 0.999
26 - INFO - chord#: 214 done. best_score=93.0, changed=615, unchanged=242, early_stops=8/8
26 - INFO - chord#: 216 In build_straw_man_chord_sa. tolerance = 1, sa_iterations = 1000, initial_temperature = 3.0, cooling_rate = 0.999
26 - INFO - chord#: 228 done. best_score=27.0, changed=516, unchanged=334, early_stops=8/8
26 - INFO - chord#: 232 In build_straw_man_chord_sa. tolerance = 1, sa_iterations = 1000, initial_temperature = 3.0, cooling_rate = 0.999
26 - INFO - chord#: 208 done. best_score=105.0, changed=615, unchanged=352, early_stops=8/8
26 - INFO - chord#: 212 In build_straw_man_chord_sa. tolerance = 1, sa_iterations = 1000, initial_temperature = 3.0, cooling_rate = 0.999
26 - INFO - chord#: 250 done. best_score=61.0, changed=529, unchanged=309, early_stops=8/8
26 - INFO - chord#: 252 In build_straw_man_chord_sa. tolerance = 1, sa_iterations = 1000, initial_temperature = 3.0, cooling_rate = 0.999
26 - INFO - chord#: 248 done. best_score=74.0, changed=610, unchanged=370, early_stops=8/8
26 - INFO - chord#: 250 In build_straw_man_chord_sa. tolerance = 1, sa_iterations = 1000, initial_temperature = 3.0, cooling_rate = 0.999
26 - INFO - chord#: 208 done. best_score=162.0, changed=616, unchanged=286, early_stops=8/8
26 - INFO - chord#: 212 In build_straw_man_chord_sa. tolerance = 1, sa_iterations = 1000, initial_temperature = 3.0, cooling_rate = 0.999
26 - INFO - chord#: 212 done. best_score=27.0, changed=528, unchanged=353, early_stops=8/8
26 - INFO - chord#: 214 In build_straw_man_chord_sa. tolerance = 1, sa_iterations = 1000, initial_temperature = 3.0, cooling_rate = 0.999
26 - INFO - chord#: 260 done. best_score=27.0, changed=531, unchanged=498, early_stops=8/8
26 - INFO - chord#: 262 In build_straw_man_chord_sa. tolerance = 1, sa_iterations = 1000, initial_temperature = 3.0, cooling_rate = 0.999
26 - INFO - chord#: 216 done. best_score=27.0, changed=519, unchanged=329, early_stops=8/8
26 - INFO - chord#: 220 In build_straw_man_chord_sa. tolerance = 1, sa_iterations = 1000, initial_temperature = 3.0, cooling_rate = 0.999
26 - INFO - chord#: 214 done. best_score=93.0, changed=613, unchanged=327, early_stops=8/8
26 - INFO - chord#: 216 In build_straw_man_chord_sa. tolerance = 1, sa_iterations = 1000, initial_temperature = 3.0, cooling_rate = 0.999
26 - INFO - chord#: 208 done. best_score=116.0, changed=609, unchanged=328, early_stops=8/8
26 - INFO - chord#: 212 In build_straw_man_chord_sa. tolerance = 1, sa_iterations = 1000, initial_temperature = 3.0, cooling_rate = 0.999
26 - INFO - chord#: 246 done. best_score=96.0, changed=612, unchanged=291, early_stops=8/8
26 - INFO - chord#: 248 In build_straw_man_chord_sa. tolerance = 1, sa_iterations = 1000, initial_temperature = 3.0, cooling_rate = 0.999
26 - INFO - chord#: 212 done. best_score=27.0, changed=523, unchanged=395, early_stops=8/8
26 - INFO - chord#: 214 In build_straw_man_chord_sa. tolerance = 1, sa_iterations = 1000, initial_temperature = 3.0, cooling_rate = 0.999
26 - INFO - chord#: 250 done. best_score=61.0, changed=537, unchanged=310, early_stops=8/8
26 - INFO - chord#: 252 In build_straw_man_chord_sa. tolerance = 1, sa_iterations = 1000, initial_temperature = 3.0, cooling_rate = 0.999
26 - INFO - chord#: 212 done. best_score=27.0, changed=529, unchanged=427, early_stops=8/8
26 - INFO - chord#: 214 In build_straw_man_chord_sa. tolerance = 1, sa_iterations = 1000, initial_temperature = 3.0, cooling_rate = 0.999
26 - INFO - chord#: 264 done. best_score=67.0, changed=613, unchanged=309, early_stops=8/8
26 - INFO - chord#: 268 In build_straw_man_chord_sa. tolerance = 1, sa_iterations = 1000, initial_temperature = 3.0, cooling_rate = 0.999
26 - INFO - chord#: 216 done. best_score=27.0, changed=527, unchanged=475, early_stops=8/8
26 - INFO - chord#: 220 In build_straw_man_chord_sa. tolerance = 1, sa_iterations = 1000, initial_temperature = 3.0, cooling_rate = 0.999
26 - INFO - chord#: 212 done. best_score=27.0, changed=517, unchanged=331, early_stops=8/8
26 - INFO - chord#: 214 In build_straw_man_chord_sa. tolerance = 1, sa_iterations = 1000, initial_temperature = 3.0, cooling_rate = 0.999
26 - INFO - chord#: 232 done. best_score=67.0, changed=605, unchanged=225, early_stops=8/8
26 - INFO - chord#: 236 In build_straw_man_chord_sa. tolerance = 1, sa_iterations = 1000, initial_temperature = 3.0, cooling_rate = 0.999
26 - INFO - chord#: 262 done. best_score=125.0, changed=614, unchanged=324, early_stops=8/8
26 - INFO - chord#: 264 In build_straw_man_chord_sa. tolerance = 1, sa_iterations = 1000, initial_temperature = 3.0, cooling_rate = 0.999
26 - INFO - chord#: 252 done. best_score=145.0, changed=610, unchanged=375, early_stops=8/8
26 - INFO - chord#: 254 In build_straw_man_chord_sa. tolerance = 1, sa_iterations = 1000, initial_temperature = 3.0, cooling_rate = 0.999
26 - INFO - chord#: 214 done. best_score=93.0, changed=611, unchanged=276, early_stops=8/8
26 - INFO - chord#: 216 In build_straw_man_chord_sa. tolerance = 1, sa_iterations = 1000, initial_temperature = 3.0, cooling_rate = 0.999
26 - INFO - chord#: 254 done. best_score=11.0, changed=505, unchanged=317, early_stops=8/8
26 - INFO - chord#: 256 In build_straw_man_chord_sa. tolerance = 1, sa_iterations = 1000, initial_temperature = 3.0, cooling_rate = 0.999
26 - INFO - chord#: 268 done. best_score=27.0, changed=520, unchanged=592, early_stops=8/8
26 - INFO - chord#: 270 In build_straw_man_chord_sa. tolerance = 1, sa_iterations = 1000, initial_temperature = 3.0, cooling_rate = 0.999
26 - INFO - chord#: 236 done. best_score=36.0, changed=520, unchanged=422, early_stops=8/8
26 - INFO - chord#: 240 In build_straw_man_chord_sa. tolerance = 1, sa_iterations = 1000, initial_temperature = 3.0, cooling_rate = 0.999
26 - INFO - chord#: 240 done. best_score=11.0, changed=481, unchanged=368, early_stops=8/8
26 - INFO - chord#: 242 In build_straw_man_chord_sa. tolerance = 1, sa_iterations = 1000, initial_temperature = 3.0, cooling_rate = 0.999
26 - INFO - chord#: 248 done. best_score=96.0, changed=613, unchanged=265, early_stops=8/8
26 - INFO - chord#: 250 In build_straw_man_chord_sa. tolerance = 1, sa_iterations = 1000, initial_temperature = 3.0, cooling_rate = 0.999
26 - INFO - chord#: 216 done. best_score=27.0, changed=529, unchanged=499, early_stops=8/8
26 - INFO - chord#: 220 In build_straw_man_chord_sa. tolerance = 1, sa_iterations = 1000, initial_temperature = 3.0, cooling_rate = 0.999
26 - INFO - chord#: 214 done. best_score=93.0, changed=618, unchanged=358, early_stops=8/8
26 - INFO - chord#: 216 In build_straw_man_chord_sa. tolerance = 1, sa_iterations = 1000, initial_temperature = 3.0, cooling_rate = 0.999
26 - INFO - chord#: 214 done. best_score=93.0, changed=611, unchanged=237, early_stops=8/8
26 - INFO - chord#: 216 In build_straw_man_chord_sa. tolerance = 1, sa_iterations = 1000, initial_temperature = 3.0, cooling_rate = 0.999
26 - INFO - chord#: 220 done. best_score=67.0, changed=615, unchanged=344, early_stops=8/8
26 - INFO - chord#: 224 In build_straw_man_chord_sa. tolerance = 1, sa_iterations = 1000, initial_temperature = 3.0, cooling_rate = 0.999
26 - INFO - chord#: 220 done. best_score=67.0, changed=615, unchanged=435, early_stops=8/8
26 - INFO - chord#: 224 In build_straw_man_chord_sa. tolerance = 1, sa_iterations = 1000, initial_temperature = 3.0, cooling_rate = 0.999
26 - INFO - chord#: 252 done. best_score=125.0, changed=618, unchanged=578, early_stops=8/8
26 - INFO - chord#: 254 In build_straw_man_chord_sa. tolerance = 1, sa_iterations = 1000, initial_temperature = 3.0, cooling_rate = 0.999
26 - INFO - chord#: 214 done. best_score=93.0, changed=615, unchanged=495, early_stops=8/8
26 - INFO - chord#: 216 In build_straw_man_chord_sa. tolerance = 1, sa_iterations = 1000, initial_temperature = 3.0, cooling_rate = 0.999
26 - INFO - chord#: 224 done. best_score=9.0, changed=462, unchanged=368, early_stops=8/8
26 - INFO - chord#: 228 In build_straw_man_chord_sa. tolerance = 1, sa_iterations = 1000, initial_temperature = 3.0, cooling_rate = 0.999
26 - INFO - chord#: 224 done. best_score=9.0, changed=455, unchanged=381, early_stops=8/8
26 - INFO - chord#: 228 In build_straw_man_chord_sa. tolerance = 1, sa_iterations = 1000, initial_temperature = 3.0, cooling_rate = 0.999
26 - INFO - chord#: 264 done. best_score=119.0, changed=606, unchanged=210, early_stops=8/8
26 - INFO - chord#: 268 In build_straw_man_chord_sa. tolerance = 1, sa_iterations = 1000, initial_temperature = 3.0, cooling_rate = 0.999
26 - INFO - chord#: 254 done. best_score=11.0, changed=534, unchanged=281, early_stops=8/8
26 - INFO - chord#: 256 In build_straw_man_chord_sa. tolerance = 1, sa_iterations = 1000, initial_temperature = 3.0, cooling_rate = 0.999
26 - INFO - chord#: 256 done. best_score=78.0, changed=606, unchanged=255, early_stops=8/8
26 - INFO - chord#: 260 In build_straw_man_chord_sa. tolerance = 1, sa_iterations = 1000, initial_temperature = 3.0, cooling_rate = 0.999
26 - INFO - chord#: 270 done. best_score=67.0, changed=610, unchanged=237, early_stops=8/8
26 - INFO - chord#: 272 In build_straw_man_chord_sa. tolerance = 1, sa_iterations = 1000, initial_temperature = 3.0, cooling_rate = 0.999
26 - INFO - chord#: 216 done. best_score=27.0, changed=520, unchanged=343, early_stops=8/8
26 - INFO - chord#: 220 In build_straw_man_chord_sa. tolerance = 1, sa_iterations = 1000, initial_temperature = 3.0, cooling_rate = 0.999
26 - INFO - chord#: 216 done. best_score=27.0, changed=525, unchanged=351, early_stops=8/8
26 - INFO - chord#: 220 In build_straw_man_chord_sa. tolerance = 1, sa_iterations = 1000, initial_temperature = 3.0, cooling_rate = 0.999
26 - INFO - chord#: 250 done. best_score=61.0, changed=537, unchanged=373, early_stops=8/8
26 - INFO - chord#: 252 In build_straw_man_chord_sa. tolerance = 1, sa_iterations = 1000, initial_temperature = 3.0, cooling_rate = 0.999
26 - INFO - chord#: 272 done. best_score=9.0, changed=465, unchanged=382, early_stops=8/8
26 - INFO - chord#: 228 done. best_score=27.0, changed=527, unchanged=441, early_stops=8/8
26 - INFO - chord#: 232 In build_straw_man_chord_sa. tolerance = 1, sa_iterations = 1000, initial_temperature = 3.0, cooling_rate = 0.999
26 - INFO - chord#: 216 done. best_score=27.0, changed=524, unchanged=369, early_stops=8/8
26 - INFO - chord#: 220 In build_straw_man_chord_sa. tolerance = 1, sa_iterations = 1000, initial_temperature = 3.0, cooling_rate = 0.999
26 - INFO - chord#: 242 done. best_score=106.0, changed=612, unchanged=326, early_stops=8/8
26 - INFO - chord#: 244 In build_straw_man_chord_sa. tolerance = 1, sa_iterations = 1000, initial_temperature = 3.0, cooling_rate = 0.999
26 - INFO - chord#: 228 done. best_score=27.0, changed=523, unchanged=372, early_stops=8/8
26 - INFO - chord#: 232 In build_straw_man_chord_sa. tolerance = 1, sa_iterations = 1000, initial_temperature = 3.0, cooling_rate = 0.999
26 - INFO - chord#: 260 done. best_score=27.0, changed=521, unchanged=473, early_stops=8/8
26 - INFO - chord#: 262 In build_straw_man_chord_sa. tolerance = 1, sa_iterations = 1000, initial_temperature = 3.0, cooling_rate = 0.999
26 - INFO - chord#: 268 done. best_score=27.0, changed=526, unchanged=532, early_stops=8/8
26 - INFO - chord#: 270 In build_straw_man_chord_sa. tolerance = 1, sa_iterations = 1000, initial_temperature = 3.0, cooling_rate = 0.999
26 - INFO - chord#: 244 done. best_score=27.0, changed=531, unchanged=401, early_stops=8/8
26 - INFO - chord#: 246 In build_straw_man_chord_sa. tolerance = 1, sa_iterations = 1000, initial_temperature = 3.0, cooling_rate = 0.999
26 - INFO - chord#: 220 done. best_score=78.0, changed=611, unchanged=427, early_stops=8/8
26 - INFO - chord#: 224 In build_straw_man_chord_sa. tolerance = 1, sa_iterations = 1000, initial_temperature = 3.0, cooling_rate = 0.999
26 - INFO - chord#: 256 done. best_score=119.0, changed=617, unchanged=460, early_stops=8/8
26 - INFO - chord#: 260 In build_straw_man_chord_sa. tolerance = 1, sa_iterations = 1000, initial_temperature = 3.0, cooling_rate = 0.999
26 - INFO - chord#: 224 done. best_score=9.0, changed=467, unchanged=372, early_stops=8/8
26 - INFO - chord#: 228 In build_straw_man_chord_sa. tolerance = 1, sa_iterations = 1000, initial_temperature = 3.0, cooling_rate = 0.999
26 - INFO - chord#: 270 done. best_score=125.0, changed=607, unchanged=219, early_stops=8/8
26 - INFO - chord#: 220 done. best_score=67.0, changed=611, unchanged=240, early_stops=8/8
26 - INFO - chord#: 272 In build_straw_man_chord_sa. tolerance = 1, sa_iterations = 1000, initial_temperature = 3.0, cooling_rate = 0.999
26 - INFO - chord#: 224 In build_straw_man_chord_sa. tolerance = 1, sa_iterations = 1000, initial_temperature = 3.0, cooling_rate = 0.999
26 - INFO - chord#: 272 done. best_score=9.0, changed=469, unchanged=426, early_stops=8/8
26 - INFO - chord#: 262 done. best_score=64.0, changed=607, unchanged=363, early_stops=8/8
26 - INFO - chord#: 264 In build_straw_man_chord_sa. tolerance = 1, sa_iterations = 1000, initial_temperature = 3.0, cooling_rate = 0.999
26 - INFO - chord#: 224 done. best_score=9.0, changed=465, unchanged=415, early_stops=8/8
26 - INFO - chord#: 228 In build_straw_man_chord_sa. tolerance = 1, sa_iterations = 1000, initial_temperature = 3.0, cooling_rate = 0.999
26 - INFO - chord#: 252 done. best_score=67.0, changed=614, unchanged=528, early_stops=8/8
26 - INFO - chord#: 254 In build_straw_man_chord_sa. tolerance = 1, sa_iterations = 1000, initial_temperature = 3.0, cooling_rate = 0.999
26 - INFO - chord#: 220 done. best_score=67.0, changed=611, unchanged=376, early_stops=8/8
26 - INFO - chord#: 224 In build_straw_man_chord_sa. tolerance = 1, sa_iterations = 1000, initial_temperature = 3.0, cooling_rate = 0.999
26 - INFO - chord#: 232 done. best_score=137.0, changed=611, unchanged=228, early_stops=8/8
26 - INFO - chord#: 236 In build_straw_man_chord_sa. tolerance = 1, sa_iterations = 1000, initial_temperature = 3.0, cooling_rate = 0.999
26 - INFO - chord#: 254 done. best_score=13.0, changed=506, unchanged=303, early_stops=8/8
26 - INFO - chord#: 256 In build_straw_man_chord_sa. tolerance = 1, sa_iterations = 1000, initial_temperature = 3.0, cooling_rate = 0.999
26 - INFO - chord#: 232 done. best_score=78.0, changed=613, unchanged=545, early_stops=8/8
26 - INFO - chord#: 236 In build_straw_man_chord_sa. tolerance = 1, sa_iterations = 1000, initial_temperature = 3.0, cooling_rate = 0.999
26 - INFO - chord#: 260 done. best_score=27.0, changed=518, unchanged=423, early_stops=8/8
26 - INFO - chord#: 262 In build_straw_man_chord_sa. tolerance = 1, sa_iterations = 1000, initial_temperature = 3.0, cooling_rate = 0.999
26 - INFO - chord#: 228 done. best_score=27.0, changed=520, unchanged=388, early_stops=8/8
26 - INFO - chord#: 232 In build_straw_man_chord_sa. tolerance = 1, sa_iterations = 1000, initial_temperature = 3.0, cooling_rate = 0.999
26 - INFO - chord#: 224 done. best_score=9.0, changed=462, unchanged=378, early_stops=8/8
26 - INFO - chord#: 228 In build_straw_man_chord_sa. tolerance = 1, sa_iterations = 1000, initial_temperature = 3.0, cooling_rate = 0.999
26 - INFO - chord#: 220 done. best_score=67.0, changed=611, unchanged=365, early_stops=8/8
26 - INFO - chord#: 224 In build_straw_man_chord_sa. tolerance = 1, sa_iterations = 1000, initial_temperature = 3.0, cooling_rate = 0.999
26 - INFO - chord#: 224 done. best_score=9.0, changed=456, unchanged=357, early_stops=8/8
26 - INFO - chord#: 228 In build_straw_man_chord_sa. tolerance = 1, sa_iterations = 1000, initial_temperature = 3.0, cooling_rate = 0.999
26 - INFO - chord#: 246 done. best_score=96.0, changed=616, unchanged=386, early_stops=8/8
26 - INFO - chord#: 248 In build_straw_man_chord_sa. tolerance = 1, sa_iterations = 1000, initial_temperature = 3.0, cooling_rate = 0.999
26 - INFO - chord#: 228 done. best_score=27.0, changed=519, unchanged=417, early_stops=8/8
26 - INFO - chord#: 232 In build_straw_man_chord_sa. tolerance = 1, sa_iterations = 1000, initial_temperature = 3.0, cooling_rate = 0.999
26 - INFO - chord#: 236 done. best_score=36.0, changed=524, unchanged=303, early_stops=8/8
26 - INFO - chord#: 240 In build_straw_man_chord_sa. tolerance = 1, sa_iterations = 1000, initial_temperature = 3.0, cooling_rate = 0.999
26 - INFO - chord#: 236 done. best_score=36.0, changed=528, unchanged=410, early_stops=8/8
26 - INFO - chord#: 240 In build_straw_man_chord_sa. tolerance = 1, sa_iterations = 1000, initial_temperature = 3.0, cooling_rate = 0.999
26 - INFO - chord#: 240 done. best_score=11.0, changed=479, unchanged=347, early_stops=8/8
26 - INFO - chord#: 242 In build_straw_man_chord_sa. tolerance = 1, sa_iterations = 1000, initial_temperature = 3.0, cooling_rate = 0.999
26 - INFO - chord#: 228 done. best_score=27.0, changed=519, unchanged=359, early_stops=8/8
26 - INFO - chord#: 232 In build_straw_man_chord_sa. tolerance = 1, sa_iterations = 1000, initial_temperature = 3.0, cooling_rate = 0.999
26 - INFO - chord#: 240 done. best_score=11.0, changed=470, unchanged=349, early_stops=8/8
26 - INFO - chord#: 242 In build_straw_man_chord_sa. tolerance = 1, sa_iterations = 1000, initial_temperature = 3.0, cooling_rate = 0.999
26 - INFO - chord#: 228 done. best_score=27.0, changed=523, unchanged=358, early_stops=8/8
26 - INFO - chord#: 232 In build_straw_man_chord_sa. tolerance = 1, sa_iterations = 1000, initial_temperature = 3.0, cooling_rate = 0.999
26 - INFO - chord#: 256 done. best_score=125.0, changed=616, unchanged=307, early_stops=8/8
26 - INFO - chord#: 260 In build_straw_man_chord_sa. tolerance = 1, sa_iterations = 1000, initial_temperature = 3.0, cooling_rate = 0.999
26 - INFO - chord#: 264 done. best_score=137.0, changed=617, unchanged=465, early_stops=8/8
26 - INFO - chord#: 268 In build_straw_man_chord_sa. tolerance = 1, sa_iterations = 1000, initial_temperature = 3.0, cooling_rate = 0.999
26 - INFO - chord#: 262 done. best_score=64.0, changed=614, unchanged=394, early_stops=8/8
26 - INFO - chord#: 264 In build_straw_man_chord_sa. tolerance = 1, sa_iterations = 1000, initial_temperature = 3.0, cooling_rate = 0.999
26 - INFO - chord#: 232 done. best_score=137.0, changed=616, unchanged=414, early_stops=8/8
26 - INFO - chord#: 236 In build_straw_man_chord_sa. tolerance = 1, sa_iterations = 1000, initial_temperature = 3.0, cooling_rate = 0.999
26 - INFO - chord#: 260 done. best_score=27.0, changed=515, unchanged=376, early_stops=8/8
26 - INFO - chord#: 262 In build_straw_man_chord_sa. tolerance = 1, sa_iterations = 1000, initial_temperature = 3.0, cooling_rate = 0.999
26 - INFO - chord#: 248 done. best_score=74.0, changed=614, unchanged=371, early_stops=8/8
26 - INFO - chord#: 250 In build_straw_man_chord_sa. tolerance = 1, sa_iterations = 1000, initial_temperature = 3.0, cooling_rate = 0.999
26 - INFO - chord#: 268 done. best_score=27.0, changed=523, unchanged=337, early_stops=8/8
26 - INFO - chord#: 270 In build_straw_man_chord_sa. tolerance = 1, sa_iterations = 1000, initial_temperature = 3.0, cooling_rate = 0.999
26 - INFO - chord#: 236 done. best_score=36.0, changed=521, unchanged=382, early_stops=8/8
26 - INFO - chord#: 240 In build_straw_man_chord_sa. tolerance = 1, sa_iterations = 1000, initial_temperature = 3.0, cooling_rate = 0.999
26 - INFO - chord#: 232 done. best_score=140.0, changed=616, unchanged=314, early_stops=8/8
26 - INFO - chord#: 236 In build_straw_man_chord_sa. tolerance = 1, sa_iterations = 1000, initial_temperature = 3.0, cooling_rate = 0.999
26 - INFO - chord#: 242 done. best_score=141.0, changed=618, unchanged=470, early_stops=8/8
26 - INFO - chord#: 244 In build_straw_man_chord_sa. tolerance = 1, sa_iterations = 1000, initial_temperature = 3.0, cooling_rate = 0.999
26 - INFO - chord#: 240 done. best_score=11.0, changed=492, unchanged=352, early_stops=8/8
26 - INFO - chord#: 242 In build_straw_man_chord_sa. tolerance = 1, sa_iterations = 1000, initial_temperature = 3.0, cooling_rate = 0.999
26 - INFO - chord#: 232 done. best_score=137.0, changed=606, unchanged=205, early_stops=8/8
26 - INFO - chord#: 236 In build_straw_man_chord_sa. tolerance = 1, sa_iterations = 1000, initial_temperature = 3.0, cooling_rate = 0.999
26 - INFO - chord#: 250 done. best_score=61.0, changed=538, unchanged=291, early_stops=8/8
26 - INFO - chord#: 252 In build_straw_man_chord_sa. tolerance = 1, sa_iterations = 1000, initial_temperature = 3.0, cooling_rate = 0.999
26 - INFO - chord#: 264 done. best_score=142.0, changed=610, unchanged=241, early_stops=8/8
26 - INFO - chord#: 268 In build_straw_man_chord_sa. tolerance = 1, sa_iterations = 1000, initial_temperature = 3.0, cooling_rate = 0.999
26 - INFO - chord#: 242 done. best_score=132.0, changed=612, unchanged=376, early_stops=8/8
26 - INFO - chord#: 244 In build_straw_man_chord_sa. tolerance = 1, sa_iterations = 1000, initial_temperature = 3.0, cooling_rate = 0.999
26 - INFO - chord#: 232 done. best_score=125.0, changed=615, unchanged=397, early_stops=8/8
26 - INFO - chord#: 236 In build_straw_man_chord_sa. tolerance = 1, sa_iterations = 1000, initial_temperature = 3.0, cooling_rate = 0.999
26 - INFO - chord#: 244 done. best_score=27.0, changed=524, unchanged=377, early_stops=8/8
26 - INFO - chord#: 246 In build_straw_man_chord_sa. tolerance = 1, sa_iterations = 1000, initial_temperature = 3.0, cooling_rate = 0.999
26 - INFO - chord#: 236 done. best_score=36.0, changed=522, unchanged=461, early_stops=8/8
26 - INFO - chord#: 240 In build_straw_man_chord_sa. tolerance = 1, sa_iterations = 1000, initial_temperature = 3.0, cooling_rate = 0.999
26 - INFO - chord#: 262 done. best_score=64.0, changed=609, unchanged=237, early_stops=8/8
26 - INFO - chord#: 264 In build_straw_man_chord_sa. tolerance = 1, sa_iterations = 1000, initial_temperature = 3.0, cooling_rate = 0.999
26 - INFO - chord#: 240 done. best_score=11.0, changed=488, unchanged=361, early_stops=8/8
26 - INFO - chord#: 242 In build_straw_man_chord_sa. tolerance = 1, sa_iterations = 1000, initial_temperature = 3.0, cooling_rate = 0.999
26 - INFO - chord#: 268 done. best_score=27.0, changed=524, unchanged=460, early_stops=8/8
26 - INFO - chord#: 270 In build_straw_man_chord_sa. tolerance = 1, sa_iterations = 1000, initial_temperature = 3.0, cooling_rate = 0.999
26 - INFO - chord#: 236 done. best_score=36.0, changed=528, unchanged=440, early_stops=8/8
26 - INFO - chord#: 240 In build_straw_man_chord_sa. tolerance = 1, sa_iterations = 1000, initial_temperature = 3.0, cooling_rate = 0.999
26 - INFO - chord#: 244 done. best_score=27.0, changed=526, unchanged=328, early_stops=8/8
26 - INFO - chord#: 246 In build_straw_man_chord_sa. tolerance = 1, sa_iterations = 1000, initial_temperature = 3.0, cooling_rate = 0.999
26 - INFO - chord#: 270 done. best_score=137.0, changed=612, unchanged=342, early_stops=8/8
26 - INFO - chord#: 272 In build_straw_man_chord_sa. tolerance = 1, sa_iterations = 1000, initial_temperature = 3.0, cooling_rate = 0.999
26 - INFO - chord#: 240 done. best_score=11.0, changed=485, unchanged=334, early_stops=8/8
26 - INFO - chord#: 242 In build_straw_man_chord_sa. tolerance = 1, sa_iterations = 1000, initial_temperature = 3.0, cooling_rate = 0.999
26 - INFO - chord#: 236 done. best_score=36.0, changed=525, unchanged=484, early_stops=8/8
26 - INFO - chord#: 240 In build_straw_man_chord_sa. tolerance = 1, sa_iterations = 1000, initial_temperature = 3.0, cooling_rate = 0.999
26 - INFO - chord#: 272 done. best_score=9.0, changed=475, unchanged=372, early_stops=8/8
26 - INFO - chord#: 240 done. best_score=11.0, changed=480, unchanged=359, early_stops=8/8
26 - INFO - chord#: 242 In build_straw_man_chord_sa. tolerance = 1, sa_iterations = 1000, initial_temperature = 3.0, cooling_rate = 0.999
26 - INFO - chord#: 242 done. best_score=143.0, changed=613, unchanged=290, early_stops=8/8
26 - INFO - chord#: 244 In build_straw_man_chord_sa. tolerance = 1, sa_iterations = 1000, initial_temperature = 3.0, cooling_rate = 0.999
26 - INFO - chord#: 246 done. best_score=96.0, changed=609, unchanged=278, early_stops=8/8
26 - INFO - chord#: 248 In build_straw_man_chord_sa. tolerance = 1, sa_iterations = 1000, initial_temperature = 3.0, cooling_rate = 0.999
26 - INFO - chord#: 252 done. best_score=67.0, changed=615, unchanged=467, early_stops=8/8
26 - INFO - chord#: 254 In build_straw_man_chord_sa. tolerance = 1, sa_iterations = 1000, initial_temperature = 3.0, cooling_rate = 0.999
26 - INFO - chord#: 244 done. best_score=27.0, changed=540, unchanged=352, early_stops=8/8
26 - INFO - chord#: 246 In build_straw_man_chord_sa. tolerance = 1, sa_iterations = 1000, initial_temperature = 3.0, cooling_rate = 0.999
26 - INFO - chord#: 254 done. best_score=13.0, changed=495, unchanged=331, early_stops=8/8
26 - INFO - chord#: 256 In build_straw_man_chord_sa. tolerance = 1, sa_iterations = 1000, initial_temperature = 3.0, cooling_rate = 0.999
26 - INFO - chord#: 264 done. best_score=119.0, changed=613, unchanged=354, early_stops=8/8
26 - INFO - chord#: 268 In build_straw_man_chord_sa. tolerance = 1, sa_iterations = 1000, initial_temperature = 3.0, cooling_rate = 0.999
26 - INFO - chord#: 270 done. best_score=67.0, changed=612, unchanged=285, early_stops=8/8
26 - INFO - chord#: 272 In build_straw_man_chord_sa. tolerance = 1, sa_iterations = 1000, initial_temperature = 3.0, cooling_rate = 0.999
26 - INFO - chord#: 272 done. best_score=9.0, changed=465, unchanged=373, early_stops=8/8
26 - INFO - chord#: 242 done. best_score=101.0, changed=609, unchanged=268, early_stops=8/8
26 - INFO - chord#: 244 In build_straw_man_chord_sa. tolerance = 1, sa_iterations = 1000, initial_temperature = 3.0, cooling_rate = 0.999
26 - INFO - chord#: 246 done. best_score=144.0, changed=607, unchanged=301, early_stops=8/8
26 - INFO - chord#: 248 In build_straw_man_chord_sa. tolerance = 1, sa_iterations = 1000, initial_temperature = 3.0, cooling_rate = 0.999
26 - INFO - chord#: 242 done. best_score=141.0, changed=613, unchanged=300, early_stops=8/8
26 - INFO - chord#: 244 In build_straw_man_chord_sa. tolerance = 1, sa_iterations = 1000, initial_temperature = 3.0, cooling_rate = 0.999
26 - INFO - chord#: 268 done. best_score=27.0, changed=521, unchanged=537, early_stops=8/8
26 - INFO - chord#: 270 In build_straw_man_chord_sa. tolerance = 1, sa_iterations = 1000, initial_temperature = 3.0, cooling_rate = 0.999
26 - INFO - chord#: 242 done. best_score=101.0, changed=607, unchanged=316, early_stops=8/8
26 - INFO - chord#: 244 In build_straw_man_chord_sa. tolerance = 1, sa_iterations = 1000, initial_temperature = 3.0, cooling_rate = 0.999
26 - INFO - chord#: 248 done. best_score=74.0, changed=612, unchanged=273, early_stops=8/8
26 - INFO - chord#: 250 In build_straw_man_chord_sa. tolerance = 1, sa_iterations = 1000, initial_temperature = 3.0, cooling_rate = 0.999
26 - INFO - chord#: 246 done. best_score=96.0, changed=610, unchanged=234, early_stops=8/8
26 - INFO - chord#: 248 In build_straw_man_chord_sa. tolerance = 1, sa_iterations = 1000, initial_temperature = 3.0, cooling_rate = 0.999
26 - INFO - chord#: 244 done. best_score=27.0, changed=516, unchanged=322, early_stops=8/8
26 - INFO - chord#: 246 In build_straw_man_chord_sa. tolerance = 1, sa_iterations = 1000, initial_temperature = 3.0, cooling_rate = 0.999
26 - INFO - chord#: 244 done. best_score=27.0, changed=519, unchanged=417, early_stops=8/8
26 - INFO - chord#: 246 In build_straw_man_chord_sa. tolerance = 1, sa_iterations = 1000, initial_temperature = 3.0, cooling_rate = 0.999
26 - INFO - chord#: 256 done. best_score=67.0, changed=613, unchanged=383, early_stops=8/8
26 - INFO - chord#: 260 In build_straw_man_chord_sa. tolerance = 1, sa_iterations = 1000, initial_temperature = 3.0, cooling_rate = 0.999
26 - INFO - chord#: 244 done. best_score=27.0, changed=522, unchanged=318, early_stops=8/8
26 - INFO - chord#: 246 In build_straw_man_chord_sa. tolerance = 1, sa_iterations = 1000, initial_temperature = 3.0, cooling_rate = 0.999
26 - INFO - chord#: 250 done. best_score=61.0, changed=526, unchanged=334, early_stops=8/8
26 - INFO - chord#: 252 In build_straw_man_chord_sa. tolerance = 1, sa_iterations = 1000, initial_temperature = 3.0, cooling_rate = 0.999
26 - INFO - chord#: 248 done. best_score=74.0, changed=613, unchanged=354, early_stops=8/8
26 - INFO - chord#: 250 In build_straw_man_chord_sa. tolerance = 1, sa_iterations = 1000, initial_temperature = 3.0, cooling_rate = 0.999
26 - INFO - chord#: 270 done. best_score=67.0, changed=612, unchanged=238, early_stops=8/8
26 - INFO - chord#: 272 In build_straw_man_chord_sa. tolerance = 1, sa_iterations = 1000, initial_temperature = 3.0, cooling_rate = 0.999
26 - INFO - chord#: 260 done. best_score=27.0, changed=524, unchanged=384, early_stops=8/8
26 - INFO - chord#: 262 In build_straw_man_chord_sa. tolerance = 1, sa_iterations = 1000, initial_temperature = 3.0, cooling_rate = 0.999
26 - INFO - chord#: 272 done. best_score=9.0, changed=460, unchanged=420, early_stops=8/8
26 - INFO - chord#: 248 done. best_score=74.0, changed=613, unchanged=319, early_stops=8/8
26 - INFO - chord#: 250 In build_straw_man_chord_sa. tolerance = 1, sa_iterations = 1000, initial_temperature = 3.0, cooling_rate = 0.999
26 - INFO - chord#: 246 done. best_score=74.0, changed=613, unchanged=281, early_stops=8/8
26 - INFO - chord#: 248 In build_straw_man_chord_sa. tolerance = 1, sa_iterations = 1000, initial_temperature = 3.0, cooling_rate = 0.999
26 - INFO - chord#: 250 done. best_score=61.0, changed=525, unchanged=306, early_stops=8/8
26 - INFO - chord#: 252 In build_straw_man_chord_sa. tolerance = 1, sa_iterations = 1000, initial_temperature = 3.0, cooling_rate = 0.999
26 - INFO - chord#: 246 done. best_score=74.0, changed=620, unchanged=286, early_stops=8/8
26 - INFO - chord#: 248 In build_straw_man_chord_sa. tolerance = 1, sa_iterations = 1000, initial_temperature = 3.0, cooling_rate = 0.999
26 - INFO - chord#: 246 done. best_score=141.0, changed=615, unchanged=316, early_stops=8/8
26 - INFO - chord#: 248 In build_straw_man_chord_sa. tolerance = 1, sa_iterations = 1000, initial_temperature = 3.0, cooling_rate = 0.999
26 - INFO - chord#: 250 done. best_score=61.0, changed=518, unchanged=292, early_stops=8/8
26 - INFO - chord#: 252 In build_straw_man_chord_sa. tolerance = 1, sa_iterations = 1000, initial_temperature = 3.0, cooling_rate = 0.999
26 - INFO - chord#: 252 done. best_score=137.0, changed=612, unchanged=346, early_stops=8/8
26 - INFO - chord#: 254 In build_straw_man_chord_sa. tolerance = 1, sa_iterations = 1000, initial_temperature = 3.0, cooling_rate = 0.999
26 - INFO - chord#: 254 done. best_score=13.0, changed=483, unchanged=333, early_stops=8/8
26 - INFO - chord#: 256 In build_straw_man_chord_sa. tolerance = 1, sa_iterations = 1000, initial_temperature = 3.0, cooling_rate = 0.999
26 - INFO - chord#: 262 done. best_score=104.0, changed=616, unchanged=314, early_stops=8/8
26 - INFO - chord#: 264 In build_straw_man_chord_sa. tolerance = 1, sa_iterations = 1000, initial_temperature = 3.0, cooling_rate = 0.999
26 - INFO - chord#: 252 done. best_score=119.0, changed=613, unchanged=299, early_stops=8/8
26 - INFO - chord#: 254 In build_straw_man_chord_sa. tolerance = 1, sa_iterations = 1000, initial_temperature = 3.0, cooling_rate = 0.999
26 - INFO - chord#: 254 done. best_score=11.0, changed=473, unchanged=365, early_stops=8/8
26 - INFO - chord#: 256 In build_straw_man_chord_sa. tolerance = 1, sa_iterations = 1000, initial_temperature = 3.0, cooling_rate = 0.999
26 - INFO - chord#: 248 done. best_score=96.0, changed=608, unchanged=211, early_stops=8/8
26 - INFO - chord#: 250 In build_straw_man_chord_sa. tolerance = 1, sa_iterations = 1000, initial_temperature = 3.0, cooling_rate = 0.999
26 - INFO - chord#: 248 done. best_score=74.0, changed=617, unchanged=420, early_stops=8/8
26 - INFO - chord#: 250 In build_straw_man_chord_sa. tolerance = 1, sa_iterations = 1000, initial_temperature = 3.0, cooling_rate = 0.999
26 - INFO - chord#: 252 done. best_score=182.0, changed=610, unchanged=222, early_stops=8/8
26 - INFO - chord#: 254 In build_straw_man_chord_sa. tolerance = 1, sa_iterations = 1000, initial_temperature = 3.0, cooling_rate = 0.999
26 - INFO - chord#: 254 done. best_score=11.0, changed=500, unchanged=319, early_stops=8/8
26 - INFO - chord#: 256 In build_straw_man_chord_sa. tolerance = 1, sa_iterations = 1000, initial_temperature = 3.0, cooling_rate = 0.999
26 - INFO - chord#: 256 done. best_score=137.0, changed=612, unchanged=329, early_stops=8/8
26 - INFO - chord#: 260 In build_straw_man_chord_sa. tolerance = 1, sa_iterations = 1000, initial_temperature = 3.0, cooling_rate = 0.999
26 - INFO - chord#: 250 done. best_score=61.0, changed=536, unchanged=286, early_stops=8/8
26 - INFO - chord#: 252 In build_straw_man_chord_sa. tolerance = 1, sa_iterations = 1000, initial_temperature = 3.0, cooling_rate = 0.999
26 - INFO - chord#: 264 done. best_score=142.0, changed=619, unchanged=369, early_stops=8/8
26 - INFO - chord#: 268 In build_straw_man_chord_sa. tolerance = 1, sa_iterations = 1000, initial_temperature = 3.0, cooling_rate = 0.999
26 - INFO - chord#: 250 done. best_score=61.0, changed=530, unchanged=384, early_stops=8/8
26 - INFO - chord#: 252 In build_straw_man_chord_sa. tolerance = 1, sa_iterations = 1000, initial_temperature = 3.0, cooling_rate = 0.999
26 - INFO - chord#: 248 done. best_score=74.0, changed=615, unchanged=394, early_stops=8/8
26 - INFO - chord#: 250 In build_straw_man_chord_sa. tolerance = 1, sa_iterations = 1000, initial_temperature = 3.0, cooling_rate = 0.999
26 - INFO - chord#: 260 done. best_score=27.0, changed=525, unchanged=408, early_stops=8/8
26 - INFO - chord#: 262 In build_straw_man_chord_sa. tolerance = 1, sa_iterations = 1000, initial_temperature = 3.0, cooling_rate = 0.999
26 - INFO - chord#: 268 done. best_score=27.0, changed=524, unchanged=429, early_stops=8/8
26 - INFO - chord#: 270 In build_straw_man_chord_sa. tolerance = 1, sa_iterations = 1000, initial_temperature = 3.0, cooling_rate = 0.999
26 - INFO - chord#: 256 done. best_score=140.0, changed=606, unchanged=206, early_stops=8/8
26 - INFO - chord#: 260 In build_straw_man_chord_sa. tolerance = 1, sa_iterations = 1000, initial_temperature = 3.0, cooling_rate = 0.999
26 - INFO - chord#: 250 done. best_score=61.0, changed=528, unchanged=334, early_stops=8/8
26 - INFO - chord#: 252 In build_straw_man_chord_sa. tolerance = 1, sa_iterations = 1000, initial_temperature = 3.0, cooling_rate = 0.999
26 - INFO - chord#: 256 done. best_score=78.0, changed=622, unchanged=525, early_stops=8/8
26 - INFO - chord#: 260 In build_straw_man_chord_sa. tolerance = 1, sa_iterations = 1000, initial_temperature = 3.0, cooling_rate = 0.999
26 - INFO - chord#: 252 done. best_score=137.0, changed=607, unchanged=314, early_stops=8/8
26 - INFO - chord#: 254 In build_straw_man_chord_sa. tolerance = 1, sa_iterations = 1000, initial_temperature = 3.0, cooling_rate = 0.999
26 - INFO - chord#: 252 done. best_score=129.0, changed=609, unchanged=224, early_stops=8/8
26 - INFO - chord#: 254 In build_straw_man_chord_sa. tolerance = 1, sa_iterations = 1000, initial_temperature = 3.0, cooling_rate = 0.999
26 - INFO - chord#: 260 done. best_score=27.0, changed=519, unchanged=446, early_stops=8/8
26 - INFO - chord#: 262 In build_straw_man_chord_sa. tolerance = 1, sa_iterations = 1000, initial_temperature = 3.0, cooling_rate = 0.999
26 - INFO - chord#: 254 done. best_score=11.0, changed=513, unchanged=303, early_stops=8/8
26 - INFO - chord#: 256 In build_straw_man_chord_sa. tolerance = 1, sa_iterations = 1000, initial_temperature = 3.0, cooling_rate = 0.999
26 - INFO - chord#: 254 done. best_score=11.0, changed=520, unchanged=327, early_stops=8/8
26 - INFO - chord#: 256 In build_straw_man_chord_sa. tolerance = 1, sa_iterations = 1000, initial_temperature = 3.0, cooling_rate = 0.999
26 - INFO - chord#: 260 done. best_score=27.0, changed=515, unchanged=400, early_stops=8/8
26 - INFO - chord#: 262 In build_straw_man_chord_sa. tolerance = 1, sa_iterations = 1000, initial_temperature = 3.0, cooling_rate = 0.999
26 - INFO - chord#: 270 done. best_score=137.0, changed=604, unchanged=209, early_stops=8/8
26 - INFO - chord#: 272 In build_straw_man_chord_sa. tolerance = 1, sa_iterations = 1000, initial_temperature = 3.0, cooling_rate = 0.999
26 - INFO - chord#: 262 done. best_score=146.0, changed=613, unchanged=404, early_stops=8/8
26 - INFO - chord#: 264 In build_straw_man_chord_sa. tolerance = 1, sa_iterations = 1000, initial_temperature = 3.0, cooling_rate = 0.999
26 - INFO - chord#: 272 done. best_score=9.0, changed=466, unchanged=371, early_stops=8/8
26 - INFO - chord#: 252 done. best_score=140.0, changed=612, unchanged=264, early_stops=8/8
26 - INFO - chord#: 254 In build_straw_man_chord_sa. tolerance = 1, sa_iterations = 1000, initial_temperature = 3.0, cooling_rate = 0.999
26 - INFO - chord#: 254 done. best_score=13.0, changed=540, unchanged=280, early_stops=8/8
26 - INFO - chord#: 256 In build_straw_man_chord_sa. tolerance = 1, sa_iterations = 1000, initial_temperature = 3.0, cooling_rate = 0.999
26 - INFO - chord#: 256 done. best_score=78.0, changed=612, unchanged=292, early_stops=8/8
26 - INFO - chord#: 260 In build_straw_man_chord_sa. tolerance = 1, sa_iterations = 1000, initial_temperature = 3.0, cooling_rate = 0.999
26 - INFO - chord#: 262 done. best_score=104.0, changed=609, unchanged=272, early_stops=8/8
26 - INFO - chord#: 264 In build_straw_man_chord_sa. tolerance = 1, sa_iterations = 1000, initial_temperature = 3.0, cooling_rate = 0.999
26 - INFO - chord#: 256 done. best_score=119.0, changed=612, unchanged=414, early_stops=8/8
26 - INFO - chord#: 260 In build_straw_man_chord_sa. tolerance = 1, sa_iterations = 1000, initial_temperature = 3.0, cooling_rate = 0.999
26 - INFO - chord#: 260 done. best_score=27.0, changed=520, unchanged=329, early_stops=8/8
26 - INFO - chord#: 262 In build_straw_man_chord_sa. tolerance = 1, sa_iterations = 1000, initial_temperature = 3.0, cooling_rate = 0.999
26 - INFO - chord#: 264 done. best_score=67.0, changed=610, unchanged=273, early_stops=8/8
26 - INFO - chord#: 268 In build_straw_man_chord_sa. tolerance = 1, sa_iterations = 1000, initial_temperature = 3.0, cooling_rate = 0.999
26 - INFO - chord#: 262 done. best_score=64.0, changed=615, unchanged=431, early_stops=8/8
26 - INFO - chord#: 264 In build_straw_man_chord_sa. tolerance = 1, sa_iterations = 1000, initial_temperature = 3.0, cooling_rate = 0.999
26 - INFO - chord#: 260 done. best_score=27.0, changed=512, unchanged=395, early_stops=8/8
26 - INFO - chord#: 262 In build_straw_man_chord_sa. tolerance = 1, sa_iterations = 1000, initial_temperature = 3.0, cooling_rate = 0.999
26 - INFO - chord#: 268 done. best_score=27.0, changed=507, unchanged=316, early_stops=8/8
26 - INFO - chord#: 270 In build_straw_man_chord_sa. tolerance = 1, sa_iterations = 1000, initial_temperature = 3.0, cooling_rate = 0.999
26 - INFO - chord#: 256 done. best_score=67.0, changed=605, unchanged=380, early_stops=8/8
26 - INFO - chord#: 260 In build_straw_man_chord_sa. tolerance = 1, sa_iterations = 1000, initial_temperature = 3.0, cooling_rate = 0.999
26 - INFO - chord#: 264 done. best_score=67.0, changed=618, unchanged=507, early_stops=8/8
26 - INFO - chord#: 268 In build_straw_man_chord_sa. tolerance = 1, sa_iterations = 1000, initial_temperature = 3.0, cooling_rate = 0.999
26 - INFO - chord#: 262 done. best_score=64.0, changed=615, unchanged=336, early_stops=8/8
26 - INFO - chord#: 264 In build_straw_man_chord_sa. tolerance = 1, sa_iterations = 1000, initial_temperature = 3.0, cooling_rate = 0.999
26 - INFO - chord#: 264 done. best_score=142.0, changed=608, unchanged=316, early_stops=8/8
26 - INFO - chord#: 268 In build_straw_man_chord_sa. tolerance = 1, sa_iterations = 1000, initial_temperature = 3.0, cooling_rate = 0.999
26 - INFO - chord#: 260 done. best_score=27.0, changed=525, unchanged=446, early_stops=8/8
26 - INFO - chord#: 262 In build_straw_man_chord_sa. tolerance = 1, sa_iterations = 1000, initial_temperature = 3.0, cooling_rate = 0.999
26 - INFO - chord#: 268 done. best_score=27.0, changed=518, unchanged=398, early_stops=8/8
26 - INFO - chord#: 270 In build_straw_man_chord_sa. tolerance = 1, sa_iterations = 1000, initial_temperature = 3.0, cooling_rate = 0.999
26 - INFO - chord#: 262 done. best_score=125.0, changed=614, unchanged=339, early_stops=8/8
26 - INFO - chord#: 264 In build_straw_man_chord_sa. tolerance = 1, sa_iterations = 1000, initial_temperature = 3.0, cooling_rate = 0.999
26 - INFO - chord#: 268 done. best_score=27.0, changed=520, unchanged=397, early_stops=8/8
26 - INFO - chord#: 270 In build_straw_man_chord_sa. tolerance = 1, sa_iterations = 1000, initial_temperature = 3.0, cooling_rate = 0.999
26 - INFO - chord#: 270 done. best_score=137.0, changed=610, unchanged=307, early_stops=8/8
26 - INFO - chord#: 272 In build_straw_man_chord_sa. tolerance = 1, sa_iterations = 1000, initial_temperature = 3.0, cooling_rate = 0.999
26 - INFO - chord#: 272 done. best_score=9.0, changed=454, unchanged=365, early_stops=8/8
26 - INFO - chord#: 264 done. best_score=67.0, changed=610, unchanged=321, early_stops=8/8
26 - INFO - chord#: 268 In build_straw_man_chord_sa. tolerance = 1, sa_iterations = 1000, initial_temperature = 3.0, cooling_rate = 0.999
26 - INFO - chord#: 262 done. best_score=64.0, changed=613, unchanged=313, early_stops=8/8
26 - INFO - chord#: 264 In build_straw_man_chord_sa. tolerance = 1, sa_iterations = 1000, initial_temperature = 3.0, cooling_rate = 0.999
26 - INFO - chord#: 264 done. best_score=119.0, changed=610, unchanged=259, early_stops=8/8
26 - INFO - chord#: 268 In build_straw_man_chord_sa. tolerance = 1, sa_iterations = 1000, initial_temperature = 3.0, cooling_rate = 0.999
26 - INFO - chord#: 268 done. best_score=27.0, changed=518, unchanged=353, early_stops=8/8
26 - INFO - chord#: 270 In build_straw_man_chord_sa. tolerance = 1, sa_iterations = 1000, initial_temperature = 3.0, cooling_rate = 0.999
26 - INFO - chord#: 270 done. best_score=67.0, changed=617, unchanged=429, early_stops=8/8
26 - INFO - chord#: 272 In build_straw_man_chord_sa. tolerance = 1, sa_iterations = 1000, initial_temperature = 3.0, cooling_rate = 0.999
26 - INFO - chord#: 272 done. best_score=9.0, changed=477, unchanged=367, early_stops=8/8
26 - INFO - chord#: 270 done. best_score=96.0, changed=620, unchanged=376, early_stops=8/8
26 - INFO - chord#: 272 In build_straw_man_chord_sa. tolerance = 1, sa_iterations = 1000, initial_temperature = 3.0, cooling_rate = 0.999
26 - INFO - chord#: 268 done. best_score=27.0, changed=526, unchanged=432, early_stops=8/8
26 - INFO - chord#: 270 In build_straw_man_chord_sa. tolerance = 1, sa_iterations = 1000, initial_temperature = 3.0, cooling_rate = 0.999
26 - INFO - chord#: 272 done. best_score=9.0, changed=449, unchanged=375, early_stops=8/8
26 - INFO - chord#: 264 done. best_score=78.0, changed=613, unchanged=349, early_stops=8/8
26 - INFO - chord#: 268 In build_straw_man_chord_sa. tolerance = 1, sa_iterations = 1000, initial_temperature = 3.0, cooling_rate = 0.999
26 - INFO - chord#: 270 done. best_score=137.0, changed=611, unchanged=233, early_stops=8/8
26 - INFO - chord#: 272 In build_straw_man_chord_sa. tolerance = 1, sa_iterations = 1000, initial_temperature = 3.0, cooling_rate = 0.999
26 - INFO - chord#: 272 done. best_score=9.0, changed=452, unchanged=395, early_stops=8/8
26 - INFO - chord#: 270 done. best_score=67.0, changed=610, unchanged=251, early_stops=8/8
26 - INFO - chord#: 272 In build_straw_man_chord_sa. tolerance = 1, sa_iterations = 1000, initial_temperature = 3.0, cooling_rate = 0.999
26 - INFO - chord#: 268 done. best_score=27.0, changed=526, unchanged=524, early_stops=8/8
26 - INFO - chord#: 270 In build_straw_man_chord_sa. tolerance = 1, sa_iterations = 1000, initial_temperature = 3.0, cooling_rate = 0.999
26 - INFO - chord#: 272 done. best_score=9.0, changed=466, unchanged=345, early_stops=8/8
26 - INFO - chord#: 270 done. best_score=67.0, changed=610, unchanged=414, early_stops=8/8
26 - INFO - chord#: 272 In build_straw_man_chord_sa. tolerance = 1, sa_iterations = 1000, initial_temperature = 3.0, cooling_rate = 0.999
26 - INFO - chord#: 272 done. best_score=9.0, changed=466, unchanged=367, early_stops=8/8
26 - INFO - chord#: 0 In build_straw_man_chord_sa. tolerance = 1, sa_iterations = 1000, initial_temperature = 3.0, cooling_rate = 0.999
26 - INFO - chord#: 0 In build_straw_man_chord_sa. tolerance = 1, sa_iterations = 1000, initial_temperature = 3.0, cooling_rate = 0.999
26 - INFO - chord#: 0 In build_straw_man_chord_sa. tolerance = 1, sa_iterations = 1000, initial_temperature = 3.0, cooling_rate = 0.999
26 - INFO - chord#: 0 In build_straw_man_chord_sa. tolerance = 1, sa_iterations = 1000, initial_temperature = 3.0, cooling_rate = 0.999
26 - INFO - chord#: 0 In build_straw_man_chord_sa. tolerance = 1, sa_iterations = 1000, initial_temperature = 3.0, cooling_rate = 0.999
26 - INFO - chord#: 0 In build_straw_man_chord_sa. tolerance = 1, sa_iterations = 1000, initial_temperature = 3.0, cooling_rate = 0.999
26 - INFO - chord#: 0 In build_straw_man_chord_sa. tolerance = 1, sa_iterations = 1000, initial_temperature = 3.0, cooling_rate = 0.999
26 - INFO - chord#: 0 In build_straw_man_chord_sa. tolerance = 1, sa_iterations = 1000, initial_temperature = 3.0, cooling_rate = 0.999
26 - INFO - chord#: 0 In build_straw_man_chord_sa. tolerance = 1, sa_iterations = 1000, initial_temperature = 3.0, cooling_rate = 0.999
26 - INFO - chord#: 0 In build_straw_man_chord_sa. tolerance = 1, sa_iterations = 1000, initial_temperature = 3.0, cooling_rate = 0.999
26 - INFO - chord#: 0 In build_straw_man_chord_sa. tolerance = 1, sa_iterations = 1000, initial_temperature = 3.0, cooling_rate = 0.999
26 - INFO - chord#: 0 In build_straw_man_chord_sa. tolerance = 1, sa_iterations = 1000, initial_temperature = 3.0, cooling_rate = 0.999
26 - INFO - chord#: 0 done. best_score=27.0, changed=511, unchanged=333, early_stops=8/8
26 - INFO - chord#: 2 In build_straw_man_chord_sa. tolerance = 1, sa_iterations = 1000, initial_temperature = 3.0, cooling_rate = 0.999
26 - INFO - chord#: 0 done. best_score=27.0, changed=522, unchanged=419, early_stops=8/8
26 - INFO - chord#: 2 In build_straw_man_chord_sa. tolerance = 1, sa_iterations = 1000, initial_temperature = 3.0, cooling_rate = 0.999
26 - INFO - chord#: 0 done. best_score=27.0, changed=520, unchanged=494, early_stops=8/8
26 - INFO - chord#: 2 In build_straw_man_chord_sa. tolerance = 1, sa_iterations = 1000, initial_temperature = 3.0, cooling_rate = 0.999
26 - INFO - chord#: 0 done. best_score=27.0, changed=517, unchanged=448, early_stops=8/8
26 - INFO - chord#: 2 In build_straw_man_chord_sa. tolerance = 1, sa_iterations = 1000, initial_temperature = 3.0, cooling_rate = 0.999
26 - INFO - chord#: 0 done. best_score=27.0, changed=514, unchanged=353, early_stops=8/8
26 - INFO - chord#: 2 In build_straw_man_chord_sa. tolerance = 1, sa_iterations = 1000, initial_temperature = 3.0, cooling_rate = 0.999
26 - INFO - chord#: 0 done. best_score=27.0, changed=520, unchanged=571, early_stops=8/8
26 - INFO - chord#: 2 In build_straw_man_chord_sa. tolerance = 1, sa_iterations = 1000, initial_temperature = 3.0, cooling_rate = 0.999
26 - INFO - chord#: 0 done. best_score=27.0, changed=524, unchanged=514, early_stops=8/8
26 - INFO - chord#: 2 In build_straw_man_chord_sa. tolerance = 1, sa_iterations = 1000, initial_temperature = 3.0, cooling_rate = 0.999
26 - INFO - chord#: 0 done. best_score=27.0, changed=516, unchanged=434, early_stops=8/8
26 - INFO - chord#: 2 In build_straw_man_chord_sa. tolerance = 1, sa_iterations = 1000, initial_temperature = 3.0, cooling_rate = 0.999
26 - INFO - chord#: 0 done. best_score=27.0, changed=525, unchanged=464, early_stops=8/8
26 - INFO - chord#: 2 In build_straw_man_chord_sa. tolerance = 1, sa_iterations = 1000, initial_temperature = 3.0, cooling_rate = 0.999
26 - INFO - chord#: 0 done. best_score=27.0, changed=523, unchanged=493, early_stops=8/8
26 - INFO - chord#: 2 In build_straw_man_chord_sa. tolerance = 1, sa_iterations = 1000, initial_temperature = 3.0, cooling_rate = 0.999
26 - INFO - chord#: 0 done. best_score=27.0, changed=527, unchanged=530, early_stops=8/8
26 - INFO - chord#: 2 In build_straw_man_chord_sa. tolerance = 1, sa_iterations = 1000, initial_temperature = 3.0, cooling_rate = 0.999
26 - INFO - chord#: 0 done. best_score=27.0, changed=523, unchanged=514, early_stops=8/8
26 - INFO - chord#: 2 In build_straw_man_chord_sa. tolerance = 1, sa_iterations = 1000, initial_temperature = 3.0, cooling_rate = 0.999
26 - INFO - chord#: 2 done. best_score=96.0, changed=604, unchanged=240, early_stops=8/8
26 - INFO - chord#: 4 In build_straw_man_chord_sa. tolerance = 1, sa_iterations = 1000, initial_temperature = 3.0, cooling_rate = 0.999
26 - INFO - chord#: 2 done. best_score=102.0, changed=619, unchanged=344, early_stops=8/8
26 - INFO - chord#: 4 In build_straw_man_chord_sa. tolerance = 1, sa_iterations = 1000, initial_temperature = 3.0, cooling_rate = 0.999
26 - INFO - chord#: 2 done. best_score=94.0, changed=610, unchanged=385, early_stops=8/8
26 - INFO - chord#: 4 In build_straw_man_chord_sa. tolerance = 1, sa_iterations = 1000, initial_temperature = 3.0, cooling_rate = 0.999
26 - INFO - chord#: 4 done. best_score=27.0, changed=513, unchanged=337, early_stops=8/8
26 - INFO - chord#: 8 In build_straw_man_chord_sa. tolerance = 1, sa_iterations = 1000, initial_temperature = 3.0, cooling_rate = 0.999
26 - INFO - chord#: 2 done. best_score=93.0, changed=614, unchanged=506, early_stops=8/8
26 - INFO - chord#: 4 In build_straw_man_chord_sa. tolerance = 1, sa_iterations = 1000, initial_temperature = 3.0, cooling_rate = 0.999
26 - INFO - chord#: 2 done. best_score=93.0, changed=617, unchanged=577, early_stops=8/8
26 - INFO - chord#: 4 In build_straw_man_chord_sa. tolerance = 1, sa_iterations = 1000, initial_temperature = 3.0, cooling_rate = 0.999
26 - INFO - chord#: 2 done. best_score=94.0, changed=608, unchanged=236, early_stops=8/8
26 - INFO - chord#: 4 In build_straw_man_chord_sa. tolerance = 1, sa_iterations = 1000, initial_temperature = 3.0, cooling_rate = 0.999
26 - INFO - chord#: 2 done. best_score=93.0, changed=612, unchanged=289, early_stops=8/8
26 - INFO - chord#: 4 In build_straw_man_chord_sa. tolerance = 1, sa_iterations = 1000, initial_temperature = 3.0, cooling_rate = 0.999
26 - INFO - chord#: 2 done. best_score=96.0, changed=618, unchanged=391, early_stops=8/8
26 - INFO - chord#: 4 In build_straw_man_chord_sa. tolerance = 1, sa_iterations = 1000, initial_temperature = 3.0, cooling_rate = 0.999
26 - INFO - chord#: 2 done. best_score=96.0, changed=607, unchanged=296, early_stops=8/8
26 - INFO - chord#: 4 In build_straw_man_chord_sa. tolerance = 1, sa_iterations = 1000, initial_temperature = 3.0, cooling_rate = 0.999
26 - INFO - chord#: 4 done. best_score=27.0, changed=523, unchanged=393, early_stops=8/8
26 - INFO - chord#: 8 In build_straw_man_chord_sa. tolerance = 1, sa_iterations = 1000, initial_temperature = 3.0, cooling_rate = 0.999
26 - INFO - chord#: 4 done. best_score=27.0, changed=526, unchanged=411, early_stops=8/8
26 - INFO - chord#: 8 In build_straw_man_chord_sa. tolerance = 1, sa_iterations = 1000, initial_temperature = 3.0, cooling_rate = 0.999
26 - INFO - chord#: 2 done. best_score=93.0, changed=615, unchanged=408, early_stops=8/8
26 - INFO - chord#: 4 In build_straw_man_chord_sa. tolerance = 1, sa_iterations = 1000, initial_temperature = 3.0, cooling_rate = 0.999
26 - INFO - chord#: 8 done. best_score=27.0, changed=519, unchanged=362, early_stops=8/8
26 - INFO - chord#: 10 In build_straw_man_chord_sa. tolerance = 1, sa_iterations = 1000, initial_temperature = 3.0, cooling_rate = 0.999
26 - INFO - chord#: 2 done. best_score=96.0, changed=612, unchanged=461, early_stops=8/8
26 - INFO - chord#: 4 In build_straw_man_chord_sa. tolerance = 1, sa_iterations = 1000, initial_temperature = 3.0, cooling_rate = 0.999
26 - INFO - chord#: 4 done. best_score=27.0, changed=533, unchanged=418, early_stops=8/8
26 - INFO - chord#: 8 In build_straw_man_chord_sa. tolerance = 1, sa_iterations = 1000, initial_temperature = 3.0, cooling_rate = 0.999
26 - INFO - chord#: 4 done. best_score=27.0, changed=523, unchanged=355, early_stops=8/8
26 - INFO - chord#: 8 In build_straw_man_chord_sa. tolerance = 1, sa_iterations = 1000, initial_temperature = 3.0, cooling_rate = 0.999
26 - INFO - chord#: 2 done. best_score=94.0, changed=619, unchanged=513, early_stops=8/8
26 - INFO - chord#: 4 In build_straw_man_chord_sa. tolerance = 1, sa_iterations = 1000, initial_temperature = 3.0, cooling_rate = 0.999
26 - INFO - chord#: 4 done. best_score=27.0, changed=517, unchanged=313, early_stops=8/8
26 - INFO - chord#: 8 In build_straw_man_chord_sa. tolerance = 1, sa_iterations = 1000, initial_temperature = 3.0, cooling_rate = 0.999
26 - INFO - chord#: 4 done. best_score=27.0, changed=531, unchanged=533, early_stops=8/8
26 - INFO - chord#: 8 In build_straw_man_chord_sa. tolerance = 1, sa_iterations = 1000, initial_temperature = 3.0, cooling_rate = 0.999
26 - INFO - chord#: 4 done. best_score=27.0, changed=523, unchanged=381, early_stops=8/8
26 - INFO - chord#: 8 In build_straw_man_chord_sa. tolerance = 1, sa_iterations = 1000, initial_temperature = 3.0, cooling_rate = 0.999
26 - INFO - chord#: 4 done. best_score=27.0, changed=524, unchanged=529, early_stops=8/8
26 - INFO - chord#: 8 In build_straw_man_chord_sa. tolerance = 1, sa_iterations = 1000, initial_temperature = 3.0, cooling_rate = 0.999
26 - INFO - chord#: 8 done. best_score=27.0, changed=526, unchanged=430, early_stops=8/8
26 - INFO - chord#: 10 In build_straw_man_chord_sa. tolerance = 1, sa_iterations = 1000, initial_temperature = 3.0, cooling_rate = 0.999
26 - INFO - chord#: 10 done. best_score=48.0, changed=521, unchanged=328, early_stops=8/8
26 - INFO - chord#: 12 In build_straw_man_chord_sa. tolerance = 1, sa_iterations = 1000, initial_temperature = 3.0, cooling_rate = 0.999
26 - INFO - chord#: 4 done. best_score=27.0, changed=524, unchanged=330, early_stops=8/8
26 - INFO - chord#: 8 In build_straw_man_chord_sa. tolerance = 1, sa_iterations = 1000, initial_temperature = 3.0, cooling_rate = 0.999
26 - INFO - chord#: 8 done. best_score=27.0, changed=524, unchanged=562, early_stops=8/8
26 - INFO - chord#: 10 In build_straw_man_chord_sa. tolerance = 1, sa_iterations = 1000, initial_temperature = 3.0, cooling_rate = 0.999
26 - INFO - chord#: 4 done. best_score=27.0, changed=519, unchanged=327, early_stops=8/8
26 - INFO - chord#: 8 In build_straw_man_chord_sa. tolerance = 1, sa_iterations = 1000, initial_temperature = 3.0, cooling_rate = 0.999
26 - INFO - chord#: 4 done. best_score=27.0, changed=533, unchanged=398, early_stops=8/8
26 - INFO - chord#: 8 In build_straw_man_chord_sa. tolerance = 1, sa_iterations = 1000, initial_temperature = 3.0, cooling_rate = 0.999
26 - INFO - chord#: 8 done. best_score=27.0, changed=531, unchanged=488, early_stops=8/8
26 - INFO - chord#: 10 In build_straw_man_chord_sa. tolerance = 1, sa_iterations = 1000, initial_temperature = 3.0, cooling_rate = 0.999
26 - INFO - chord#: 8 done. best_score=27.0, changed=525, unchanged=390, early_stops=8/8
26 - INFO - chord#: 10 In build_straw_man_chord_sa. tolerance = 1, sa_iterations = 1000, initial_temperature = 3.0, cooling_rate = 0.999
26 - INFO - chord#: 10 done. best_score=48.0, changed=530, unchanged=335, early_stops=8/8
26 - INFO - chord#: 12 In build_straw_man_chord_sa. tolerance = 1, sa_iterations = 1000, initial_temperature = 3.0, cooling_rate = 0.999
26 - INFO - chord#: 8 done. best_score=27.0, changed=520, unchanged=329, early_stops=8/8
26 - INFO - chord#: 10 In build_straw_man_chord_sa. tolerance = 1, sa_iterations = 1000, initial_temperature = 3.0, cooling_rate = 0.999
26 - INFO - chord#: 8 done. best_score=27.0, changed=515, unchanged=381, early_stops=8/8
26 - INFO - chord#: 10 In build_straw_man_chord_sa. tolerance = 1, sa_iterations = 1000, initial_temperature = 3.0, cooling_rate = 0.999
26 - INFO - chord#: 12 done. best_score=27.0, changed=521, unchanged=352, early_stops=8/8
26 - INFO - chord#: 14 In build_straw_man_chord_sa. tolerance = 1, sa_iterations = 1000, initial_temperature = 3.0, cooling_rate = 0.999
26 - INFO - chord#: 8 done. best_score=27.0, changed=529, unchanged=306, early_stops=8/8
26 - INFO - chord#: 10 In build_straw_man_chord_sa. tolerance = 1, sa_iterations = 1000, initial_temperature = 3.0, cooling_rate = 0.999
26 - INFO - chord#: 10 done. best_score=48.0, changed=521, unchanged=314, early_stops=8/8
26 - INFO - chord#: 12 In build_straw_man_chord_sa. tolerance = 1, sa_iterations = 1000, initial_temperature = 3.0, cooling_rate = 0.999
26 - INFO - chord#: 8 done. best_score=27.0, changed=530, unchanged=375, early_stops=8/8
26 - INFO - chord#: 10 In build_straw_man_chord_sa. tolerance = 1, sa_iterations = 1000, initial_temperature = 3.0, cooling_rate = 0.999
26 - INFO - chord#: 10 done. best_score=48.0, changed=532, unchanged=299, early_stops=8/8
26 - INFO - chord#: 12 In build_straw_man_chord_sa. tolerance = 1, sa_iterations = 1000, initial_temperature = 3.0, cooling_rate = 0.999
26 - INFO - chord#: 8 done. best_score=27.0, changed=518, unchanged=381, early_stops=8/8
26 - INFO - chord#: 10 In build_straw_man_chord_sa. tolerance = 1, sa_iterations = 1000, initial_temperature = 3.0, cooling_rate = 0.999
26 - INFO - chord#: 10 done. best_score=48.0, changed=537, unchanged=349, early_stops=8/8
26 - INFO - chord#: 12 In build_straw_man_chord_sa. tolerance = 1, sa_iterations = 1000, initial_temperature = 3.0, cooling_rate = 0.999
26 - INFO - chord#: 8 done. best_score=27.0, changed=512, unchanged=476, early_stops=8/8
26 - INFO - chord#: 10 In build_straw_man_chord_sa. tolerance = 1, sa_iterations = 1000, initial_temperature = 3.0, cooling_rate = 0.999
26 - INFO - chord#: 8 done. best_score=27.0, changed=529, unchanged=482, early_stops=8/8
26 - INFO - chord#: 10 In build_straw_man_chord_sa. tolerance = 1, sa_iterations = 1000, initial_temperature = 3.0, cooling_rate = 0.999
26 - INFO - chord#: 12 done. best_score=27.0, changed=523, unchanged=451, early_stops=8/8
26 - INFO - chord#: 14 In build_straw_man_chord_sa. tolerance = 1, sa_iterations = 1000, initial_temperature = 3.0, cooling_rate = 0.999
26 - INFO - chord#: 12 done. best_score=27.0, changed=521, unchanged=374, early_stops=8/8
26 - INFO - chord#: 14 In build_straw_man_chord_sa. tolerance = 1, sa_iterations = 1000, initial_temperature = 3.0, cooling_rate = 0.999
26 - INFO - chord#: 10 done. best_score=48.0, changed=533, unchanged=356, early_stops=8/8
26 - INFO - chord#: 12 In build_straw_man_chord_sa. tolerance = 1, sa_iterations = 1000, initial_temperature = 3.0, cooling_rate = 0.999
26 - INFO - chord#: 10 done. best_score=48.0, changed=538, unchanged=356, early_stops=8/8
26 - INFO - chord#: 12 In build_straw_man_chord_sa. tolerance = 1, sa_iterations = 1000, initial_temperature = 3.0, cooling_rate = 0.999
26 - INFO - chord#: 12 done. best_score=27.0, changed=528, unchanged=499, early_stops=8/8
26 - INFO - chord#: 14 In build_straw_man_chord_sa. tolerance = 1, sa_iterations = 1000, initial_temperature = 3.0, cooling_rate = 0.999
26 - INFO - chord#: 10 done. best_score=48.0, changed=525, unchanged=305, early_stops=8/8
26 - INFO - chord#: 12 In build_straw_man_chord_sa. tolerance = 1, sa_iterations = 1000, initial_temperature = 3.0, cooling_rate = 0.999
26 - INFO - chord#: 12 done. best_score=27.0, changed=514, unchanged=462, early_stops=8/8
26 - INFO - chord#: 14 In build_straw_man_chord_sa. tolerance = 1, sa_iterations = 1000, initial_temperature = 3.0, cooling_rate = 0.999
26 - INFO - chord#: 10 done. best_score=48.0, changed=544, unchanged=424, early_stops=8/8
26 - INFO - chord#: 12 In build_straw_man_chord_sa. tolerance = 1, sa_iterations = 1000, initial_temperature = 3.0, cooling_rate = 0.999
26 - INFO - chord#: 10 done. best_score=48.0, changed=517, unchanged=334, early_stops=8/8
26 - INFO - chord#: 12 In build_straw_man_chord_sa. tolerance = 1, sa_iterations = 1000, initial_temperature = 3.0, cooling_rate = 0.999
26 - INFO - chord#: 10 done. best_score=48.0, changed=529, unchanged=309, early_stops=8/8
26 - INFO - chord#: 12 In build_straw_man_chord_sa. tolerance = 1, sa_iterations = 1000, initial_temperature = 3.0, cooling_rate = 0.999
26 - INFO - chord#: 10 done. best_score=48.0, changed=523, unchanged=312, early_stops=8/8
26 - INFO - chord#: 12 In build_straw_man_chord_sa. tolerance = 1, sa_iterations = 1000, initial_temperature = 3.0, cooling_rate = 0.999
26 - INFO - chord#: 14 done. best_score=70.0, changed=614, unchanged=364, early_stops=8/8
26 - INFO - chord#: 16 In build_straw_man_chord_sa. tolerance = 1, sa_iterations = 1000, initial_temperature = 3.0, cooling_rate = 0.999
26 - INFO - chord#: 12 done. best_score=27.0, changed=520, unchanged=451, early_stops=8/8
26 - INFO - chord#: 14 In build_straw_man_chord_sa. tolerance = 1, sa_iterations = 1000, initial_temperature = 3.0, cooling_rate = 0.999
26 - INFO - chord#: 12 done. best_score=36.0, changed=522, unchanged=390, early_stops=8/8
26 - INFO - chord#: 14 In build_straw_man_chord_sa. tolerance = 1, sa_iterations = 1000, initial_temperature = 3.0, cooling_rate = 0.999
26 - INFO - chord#: 12 done. best_score=27.0, changed=515, unchanged=409, early_stops=8/8
26 - INFO - chord#: 14 In build_straw_man_chord_sa. tolerance = 1, sa_iterations = 1000, initial_temperature = 3.0, cooling_rate = 0.999
26 - INFO - chord#: 12 done. best_score=27.0, changed=525, unchanged=431, early_stops=8/8
26 - INFO - chord#: 14 In build_straw_man_chord_sa. tolerance = 1, sa_iterations = 1000, initial_temperature = 3.0, cooling_rate = 0.999
26 - INFO - chord#: 12 done. best_score=27.0, changed=523, unchanged=445, early_stops=8/8
26 - INFO - chord#: 14 In build_straw_man_chord_sa. tolerance = 1, sa_iterations = 1000, initial_temperature = 3.0, cooling_rate = 0.999
26 - INFO - chord#: 12 done. best_score=27.0, changed=526, unchanged=388, early_stops=8/8
26 - INFO - chord#: 14 In build_straw_man_chord_sa. tolerance = 1, sa_iterations = 1000, initial_temperature = 3.0, cooling_rate = 0.999
26 - INFO - chord#: 16 done. best_score=61.0, changed=527, unchanged=319, early_stops=8/8
26 - INFO - chord#: 18 In build_straw_man_chord_sa. tolerance = 1, sa_iterations = 1000, initial_temperature = 3.0, cooling_rate = 0.999
26 - INFO - chord#: 12 done. best_score=27.0, changed=521, unchanged=452, early_stops=8/8
26 - INFO - chord#: 14 In build_straw_man_chord_sa. tolerance = 1, sa_iterations = 1000, initial_temperature = 3.0, cooling_rate = 0.999
26 - INFO - chord#: 14 done. best_score=141.0, changed=613, unchanged=330, early_stops=8/8
26 - INFO - chord#: 16 In build_straw_man_chord_sa. tolerance = 1, sa_iterations = 1000, initial_temperature = 3.0, cooling_rate = 0.999
26 - INFO - chord#: 14 done. best_score=70.0, changed=609, unchanged=249, early_stops=8/8
26 - INFO - chord#: 16 In build_straw_man_chord_sa. tolerance = 1, sa_iterations = 1000, initial_temperature = 3.0, cooling_rate = 0.999
26 - INFO - chord#: 14 done. best_score=70.0, changed=616, unchanged=413, early_stops=8/8
26 - INFO - chord#: 16 In build_straw_man_chord_sa. tolerance = 1, sa_iterations = 1000, initial_temperature = 3.0, cooling_rate = 0.999
26 - INFO - chord#: 14 done. best_score=70.0, changed=613, unchanged=373, early_stops=8/8
26 - INFO - chord#: 16 In build_straw_man_chord_sa. tolerance = 1, sa_iterations = 1000, initial_temperature = 3.0, cooling_rate = 0.999
26 - INFO - chord#: 16 done. best_score=61.0, changed=534, unchanged=342, early_stops=8/8
26 - INFO - chord#: 18 In build_straw_man_chord_sa. tolerance = 1, sa_iterations = 1000, initial_temperature = 3.0, cooling_rate = 0.999
26 - INFO - chord#: 16 done. best_score=61.0, changed=518, unchanged=301, early_stops=8/8
26 - INFO - chord#: 18 In build_straw_man_chord_sa. tolerance = 1, sa_iterations = 1000, initial_temperature = 3.0, cooling_rate = 0.999
26 - INFO - chord#: 16 done. best_score=61.0, changed=534, unchanged=349, early_stops=8/8
26 - INFO - chord#: 18 In build_straw_man_chord_sa. tolerance = 1, sa_iterations = 1000, initial_temperature = 3.0, cooling_rate = 0.999
26 - INFO - chord#: 16 done. best_score=61.0, changed=533, unchanged=330, early_stops=8/8
26 - INFO - chord#: 18 In build_straw_man_chord_sa. tolerance = 1, sa_iterations = 1000, initial_temperature = 3.0, cooling_rate = 0.999
26 - INFO - chord#: 14 done. best_score=70.0, changed=618, unchanged=285, early_stops=8/8
26 - INFO - chord#: 16 In build_straw_man_chord_sa. tolerance = 1, sa_iterations = 1000, initial_temperature = 3.0, cooling_rate = 0.999
26 - INFO - chord#: 14 done. best_score=75.0, changed=610, unchanged=243, early_stops=8/8
26 - INFO - chord#: 16 In build_straw_man_chord_sa. tolerance = 1, sa_iterations = 1000, initial_temperature = 3.0, cooling_rate = 0.999
26 - INFO - chord#: 14 done. best_score=70.0, changed=611, unchanged=227, early_stops=8/8
26 - INFO - chord#: 16 In build_straw_man_chord_sa. tolerance = 1, sa_iterations = 1000, initial_temperature = 3.0, cooling_rate = 0.999
26 - INFO - chord#: 14 done. best_score=70.0, changed=617, unchanged=286, early_stops=8/8
26 - INFO - chord#: 16 In build_straw_man_chord_sa. tolerance = 1, sa_iterations = 1000, initial_temperature = 3.0, cooling_rate = 0.999
26 - INFO - chord#: 14 done. best_score=70.0, changed=615, unchanged=337, early_stops=8/8
26 - INFO - chord#: 16 In build_straw_man_chord_sa. tolerance = 1, sa_iterations = 1000, initial_temperature = 3.0, cooling_rate = 0.999
26 - INFO - chord#: 14 done. best_score=75.0, changed=615, unchanged=321, early_stops=8/8
26 - INFO - chord#: 16 In build_straw_man_chord_sa. tolerance = 1, sa_iterations = 1000, initial_temperature = 3.0, cooling_rate = 0.999
26 - INFO - chord#: 18 done. best_score=137.0, changed=615, unchanged=339, early_stops=8/8
26 - INFO - chord#: 20 In build_straw_man_chord_sa. tolerance = 1, sa_iterations = 1000, initial_temperature = 3.0, cooling_rate = 0.999
26 - INFO - chord#: 16 done. best_score=61.0, changed=525, unchanged=382, early_stops=8/8
26 - INFO - chord#: 18 In build_straw_man_chord_sa. tolerance = 1, sa_iterations = 1000, initial_temperature = 3.0, cooling_rate = 0.999
26 - INFO - chord#: 16 done. best_score=61.0, changed=527, unchanged=324, early_stops=8/8
26 - INFO - chord#: 18 In build_straw_man_chord_sa. tolerance = 1, sa_iterations = 1000, initial_temperature = 3.0, cooling_rate = 0.999
26 - INFO - chord#: 14 done. best_score=70.0, changed=618, unchanged=492, early_stops=8/8
26 - INFO - chord#: 16 In build_straw_man_chord_sa. tolerance = 1, sa_iterations = 1000, initial_temperature = 3.0, cooling_rate = 0.999
26 - INFO - chord#: 18 done. best_score=168.0, changed=616, unchanged=319, early_stops=8/8
26 - INFO - chord#: 20 In build_straw_man_chord_sa. tolerance = 1, sa_iterations = 1000, initial_temperature = 3.0, cooling_rate = 0.999
26 - INFO - chord#: 16 done. best_score=61.0, changed=533, unchanged=334, early_stops=8/8
26 - INFO - chord#: 18 In build_straw_man_chord_sa. tolerance = 1, sa_iterations = 1000, initial_temperature = 3.0, cooling_rate = 0.999
26 - INFO - chord#: 18 done. best_score=145.0, changed=611, unchanged=254, early_stops=8/8
26 - INFO - chord#: 20 In build_straw_man_chord_sa. tolerance = 1, sa_iterations = 1000, initial_temperature = 3.0, cooling_rate = 0.999
26 - INFO - chord#: 16 done. best_score=61.0, changed=528, unchanged=305, early_stops=8/8
26 - INFO - chord#: 18 In build_straw_man_chord_sa. tolerance = 1, sa_iterations = 1000, initial_temperature = 3.0, cooling_rate = 0.999
26 - INFO - chord#: 20 done. best_score=36.0, changed=535, unchanged=531, early_stops=8/8
26 - INFO - chord#: 24 In build_straw_man_chord_sa. tolerance = 1, sa_iterations = 1000, initial_temperature = 3.0, cooling_rate = 0.999
26 - INFO - chord#: 16 done. best_score=61.0, changed=539, unchanged=366, early_stops=8/8
26 - INFO - chord#: 18 In build_straw_man_chord_sa. tolerance = 1, sa_iterations = 1000, initial_temperature = 3.0, cooling_rate = 0.999
26 - INFO - chord#: 18 done. best_score=145.0, changed=612, unchanged=274, early_stops=8/8
26 - INFO - chord#: 20 In build_straw_man_chord_sa. tolerance = 1, sa_iterations = 1000, initial_temperature = 3.0, cooling_rate = 0.999
26 - INFO - chord#: 16 done. best_score=61.0, changed=530, unchanged=323, early_stops=8/8
26 - INFO - chord#: 18 In build_straw_man_chord_sa. tolerance = 1, sa_iterations = 1000, initial_temperature = 3.0, cooling_rate = 0.999
26 - INFO - chord#: 18 done. best_score=78.0, changed=611, unchanged=402, early_stops=8/8
26 - INFO - chord#: 20 In build_straw_man_chord_sa. tolerance = 1, sa_iterations = 1000, initial_temperature = 3.0, cooling_rate = 0.999
26 - INFO - chord#: 20 done. best_score=36.0, changed=528, unchanged=361, early_stops=8/8
26 - INFO - chord#: 24 In build_straw_man_chord_sa. tolerance = 1, sa_iterations = 1000, initial_temperature = 3.0, cooling_rate = 0.999
26 - INFO - chord#: 20 done. best_score=36.0, changed=530, unchanged=383, early_stops=8/8
26 - INFO - chord#: 24 In build_straw_man_chord_sa. tolerance = 1, sa_iterations = 1000, initial_temperature = 3.0, cooling_rate = 0.999
26 - INFO - chord#: 16 done. best_score=61.0, changed=535, unchanged=351, early_stops=8/8
26 - INFO - chord#: 18 In build_straw_man_chord_sa. tolerance = 1, sa_iterations = 1000, initial_temperature = 3.0, cooling_rate = 0.999
26 - INFO - chord#: 20 done. best_score=36.0, changed=519, unchanged=366, early_stops=8/8
26 - INFO - chord#: 24 In build_straw_man_chord_sa. tolerance = 1, sa_iterations = 1000, initial_temperature = 3.0, cooling_rate = 0.999
26 - INFO - chord#: 20 done. best_score=36.0, changed=516, unchanged=359, early_stops=8/8
26 - INFO - chord#: 24 In build_straw_man_chord_sa. tolerance = 1, sa_iterations = 1000, initial_temperature = 3.0, cooling_rate = 0.999
26 - INFO - chord#: 24 done. best_score=27.0, changed=517, unchanged=474, early_stops=8/8
26 - INFO - chord#: 26 In build_straw_man_chord_sa. tolerance = 1, sa_iterations = 1000, initial_temperature = 3.0, cooling_rate = 0.999
26 - INFO - chord#: 18 done. best_score=170.0, changed=610, unchanged=226, early_stops=8/8
26 - INFO - chord#: 20 In build_straw_man_chord_sa. tolerance = 1, sa_iterations = 1000, initial_temperature = 3.0, cooling_rate = 0.999
26 - INFO - chord#: 24 done. best_score=27.0, changed=517, unchanged=397, early_stops=8/8
26 - INFO - chord#: 26 In build_straw_man_chord_sa. tolerance = 1, sa_iterations = 1000, initial_temperature = 3.0, cooling_rate = 0.999
26 - INFO - chord#: 24 done. best_score=27.0, changed=517, unchanged=376, early_stops=8/8
26 - INFO - chord#: 26 In build_straw_man_chord_sa. tolerance = 1, sa_iterations = 1000, initial_temperature = 3.0, cooling_rate = 0.999
26 - INFO - chord#: 24 done. best_score=27.0, changed=515, unchanged=390, early_stops=8/8
26 - INFO - chord#: 26 In build_straw_man_chord_sa. tolerance = 1, sa_iterations = 1000, initial_temperature = 3.0, cooling_rate = 0.999
26 - INFO - chord#: 20 done. best_score=36.0, changed=520, unchanged=339, early_stops=8/8
26 - INFO - chord#: 24 In build_straw_man_chord_sa. tolerance = 1, sa_iterations = 1000, initial_temperature = 3.0, cooling_rate = 0.999
26 - INFO - chord#: 18 done. best_score=78.0, changed=611, unchanged=311, early_stops=8/8
26 - INFO - chord#: 20 In build_straw_man_chord_sa. tolerance = 1, sa_iterations = 1000, initial_temperature = 3.0, cooling_rate = 0.999
26 - INFO - chord#: 24 done. best_score=27.0, changed=530, unchanged=665, early_stops=8/8
26 - INFO - chord#: 26 In build_straw_man_chord_sa. tolerance = 1, sa_iterations = 1000, initial_temperature = 3.0, cooling_rate = 0.999
26 - INFO - chord#: 18 done. best_score=96.0, changed=609, unchanged=227, early_stops=8/8
26 - INFO - chord#: 20 In build_straw_man_chord_sa. tolerance = 1, sa_iterations = 1000, initial_temperature = 3.0, cooling_rate = 0.999
26 - INFO - chord#: 18 done. best_score=177.0, changed=611, unchanged=256, early_stops=8/8
26 - INFO - chord#: 20 In build_straw_man_chord_sa. tolerance = 1, sa_iterations = 1000, initial_temperature = 3.0, cooling_rate = 0.999
26 - INFO - chord#: 18 done. best_score=166.0, changed=613, unchanged=310, early_stops=8/8
26 - INFO - chord#: 20 In build_straw_man_chord_sa. tolerance = 1, sa_iterations = 1000, initial_temperature = 3.0, cooling_rate = 0.999
26 - INFO - chord#: 18 done. best_score=78.0, changed=612, unchanged=413, early_stops=8/8
26 - INFO - chord#: 20 In build_straw_man_chord_sa. tolerance = 1, sa_iterations = 1000, initial_temperature = 3.0, cooling_rate = 0.999
26 - INFO - chord#: 24 done. best_score=27.0, changed=518, unchanged=347, early_stops=8/8
26 - INFO - chord#: 26 In build_straw_man_chord_sa. tolerance = 1, sa_iterations = 1000, initial_temperature = 3.0, cooling_rate = 0.999
26 - INFO - chord#: 26 done. best_score=148.0, changed=611, unchanged=271, early_stops=8/8
26 - INFO - chord#: 28 In build_straw_man_chord_sa. tolerance = 1, sa_iterations = 1000, initial_temperature = 3.0, cooling_rate = 0.999
26 - INFO - chord#: 20 done. best_score=36.0, changed=531, unchanged=371, early_stops=8/8
26 - INFO - chord#: 24 In build_straw_man_chord_sa. tolerance = 1, sa_iterations = 1000, initial_temperature = 3.0, cooling_rate = 0.999
26 - INFO - chord#: 20 done. best_score=36.0, changed=518, unchanged=344, early_stops=8/8
26 - INFO - chord#: 24 In build_straw_man_chord_sa. tolerance = 1, sa_iterations = 1000, initial_temperature = 3.0, cooling_rate = 0.999
26 - INFO - chord#: 18 done. best_score=78.0, changed=610, unchanged=307, early_stops=8/8
26 - INFO - chord#: 20 In build_straw_man_chord_sa. tolerance = 1, sa_iterations = 1000, initial_temperature = 3.0, cooling_rate = 0.999
26 - INFO - chord#: 26 done. best_score=104.0, changed=613, unchanged=266, early_stops=8/8
26 - INFO - chord#: 28 In build_straw_man_chord_sa. tolerance = 1, sa_iterations = 1000, initial_temperature = 3.0, cooling_rate = 0.999
26 - INFO - chord#: 20 done. best_score=36.0, changed=513, unchanged=306, early_stops=8/8
26 - INFO - chord#: 24 In build_straw_man_chord_sa. tolerance = 1, sa_iterations = 1000, initial_temperature = 3.0, cooling_rate = 0.999
26 - INFO - chord#: 20 done. best_score=36.0, changed=532, unchanged=466, early_stops=8/8
26 - INFO - chord#: 24 In build_straw_man_chord_sa. tolerance = 1, sa_iterations = 1000, initial_temperature = 3.0, cooling_rate = 0.999
26 - INFO - chord#: 20 done. best_score=36.0, changed=514, unchanged=371, early_stops=8/8
26 - INFO - chord#: 24 In build_straw_man_chord_sa. tolerance = 1, sa_iterations = 1000, initial_temperature = 3.0, cooling_rate = 0.999
26 - INFO - chord#: 26 done. best_score=74.0, changed=621, unchanged=394, early_stops=8/8
26 - INFO - chord#: 28 In build_straw_man_chord_sa. tolerance = 1, sa_iterations = 1000, initial_temperature = 3.0, cooling_rate = 0.999
26 - INFO - chord#: 26 done. best_score=141.0, changed=612, unchanged=415, early_stops=8/8
26 - INFO - chord#: 28 In build_straw_man_chord_sa. tolerance = 1, sa_iterations = 1000, initial_temperature = 3.0, cooling_rate = 0.999
26 - INFO - chord#: 26 done. best_score=150.0, changed=615, unchanged=391, early_stops=8/8
26 - INFO - chord#: 28 In build_straw_man_chord_sa. tolerance = 1, sa_iterations = 1000, initial_temperature = 3.0, cooling_rate = 0.999
26 - INFO - chord#: 20 done. best_score=36.0, changed=514, unchanged=329, early_stops=8/8
26 - INFO - chord#: 24 In build_straw_man_chord_sa. tolerance = 1, sa_iterations = 1000, initial_temperature = 3.0, cooling_rate = 0.999
26 - INFO - chord#: 24 done. best_score=27.0, changed=524, unchanged=415, early_stops=8/8
26 - INFO - chord#: 26 In build_straw_man_chord_sa. tolerance = 1, sa_iterations = 1000, initial_temperature = 3.0, cooling_rate = 0.999
26 - INFO - chord#: 24 done. best_score=27.0, changed=518, unchanged=338, early_stops=8/8
26 - INFO - chord#: 26 In build_straw_man_chord_sa. tolerance = 1, sa_iterations = 1000, initial_temperature = 3.0, cooling_rate = 0.999
26 - INFO - chord#: 26 done. best_score=146.0, changed=608, unchanged=300, early_stops=8/8
26 - INFO - chord#: 28 In build_straw_man_chord_sa. tolerance = 1, sa_iterations = 1000, initial_temperature = 3.0, cooling_rate = 0.999
26 - INFO - chord#: 24 done. best_score=27.0, changed=517, unchanged=382, early_stops=8/8
26 - INFO - chord#: 26 In build_straw_man_chord_sa. tolerance = 1, sa_iterations = 1000, initial_temperature = 3.0, cooling_rate = 0.999
26 - INFO - chord#: 24 done. best_score=27.0, changed=518, unchanged=442, early_stops=8/8
26 - INFO - chord#: 26 In build_straw_man_chord_sa. tolerance = 1, sa_iterations = 1000, initial_temperature = 3.0, cooling_rate = 0.999
26 - INFO - chord#: 28 done. best_score=140.0, changed=611, unchanged=347, early_stops=8/8
26 - INFO - chord#: 32 In build_straw_man_chord_sa. tolerance = 1, sa_iterations = 1000, initial_temperature = 3.0, cooling_rate = 0.999
26 - INFO - chord#: 24 done. best_score=27.0, changed=522, unchanged=459, early_stops=8/8
26 - INFO - chord#: 26 In build_straw_man_chord_sa. tolerance = 1, sa_iterations = 1000, initial_temperature = 3.0, cooling_rate = 0.999
26 - INFO - chord#: 28 done. best_score=67.0, changed=616, unchanged=253, early_stops=8/8
26 - INFO - chord#: 32 In build_straw_man_chord_sa. tolerance = 1, sa_iterations = 1000, initial_temperature = 3.0, cooling_rate = 0.999
26 - INFO - chord#: 24 done. best_score=27.0, changed=515, unchanged=454, early_stops=8/8
26 - INFO - chord#: 26 In build_straw_man_chord_sa. tolerance = 1, sa_iterations = 1000, initial_temperature = 3.0, cooling_rate = 0.999
26 - INFO - chord#: 32 done. best_score=27.0, changed=526, unchanged=419, early_stops=8/8
26 - INFO - chord#: 36 In build_straw_man_chord_sa. tolerance = 1, sa_iterations = 1000, initial_temperature = 3.0, cooling_rate = 0.999
26 - INFO - chord#: 28 done. best_score=67.0, changed=610, unchanged=251, early_stops=8/8
26 - INFO - chord#: 32 In build_straw_man_chord_sa. tolerance = 1, sa_iterations = 1000, initial_temperature = 3.0, cooling_rate = 0.999
26 - INFO - chord#: 28 done. best_score=78.0, changed=612, unchanged=206, early_stops=8/8
26 - INFO - chord#: 32 In build_straw_man_chord_sa. tolerance = 1, sa_iterations = 1000, initial_temperature = 3.0, cooling_rate = 0.999
26 - INFO - chord#: 32 done. best_score=27.0, changed=520, unchanged=421, early_stops=8/8
26 - INFO - chord#: 36 In build_straw_man_chord_sa. tolerance = 1, sa_iterations = 1000, initial_temperature = 3.0, cooling_rate = 0.999
26 - INFO - chord#: 28 done. best_score=119.0, changed=620, unchanged=432, early_stops=8/8
26 - INFO - chord#: 32 In build_straw_man_chord_sa. tolerance = 1, sa_iterations = 1000, initial_temperature = 3.0, cooling_rate = 0.999
26 - INFO - chord#: 36 done. best_score=27.0, changed=519, unchanged=365, early_stops=8/8
26 - INFO - chord#: 44 In build_straw_man_chord_sa. tolerance = 1, sa_iterations = 1000, initial_temperature = 3.0, cooling_rate = 0.999
26 - INFO - chord#: 26 done. best_score=104.0, changed=613, unchanged=272, early_stops=8/8
26 - INFO - chord#: 28 In build_straw_man_chord_sa. tolerance = 1, sa_iterations = 1000, initial_temperature = 3.0, cooling_rate = 0.999
26 - INFO - chord#: 32 done. best_score=27.0, changed=533, unchanged=400, early_stops=8/8
26 - INFO - chord#: 36 In build_straw_man_chord_sa. tolerance = 1, sa_iterations = 1000, initial_temperature = 3.0, cooling_rate = 0.999
26 - INFO - chord#: 32 done. best_score=27.0, changed=522, unchanged=348, early_stops=8/8
26 - INFO - chord#: 36 In build_straw_man_chord_sa. tolerance = 1, sa_iterations = 1000, initial_temperature = 3.0, cooling_rate = 0.999
26 - INFO - chord#: 28 done. best_score=140.0, changed=612, unchanged=326, early_stops=8/8
26 - INFO - chord#: 32 In build_straw_man_chord_sa. tolerance = 1, sa_iterations = 1000, initial_temperature = 3.0, cooling_rate = 0.999
26 - INFO - chord#: 36 done. best_score=27.0, changed=522, unchanged=483, early_stops=8/8
26 - INFO - chord#: 44 In build_straw_man_chord_sa. tolerance = 1, sa_iterations = 1000, initial_temperature = 3.0, cooling_rate = 0.999
26 - INFO - chord#: 32 done. best_score=36.0, changed=522, unchanged=329, early_stops=8/8
26 - INFO - chord#: 36 In build_straw_man_chord_sa. tolerance = 1, sa_iterations = 1000, initial_temperature = 3.0, cooling_rate = 0.999
26 - INFO - chord#: 26 done. best_score=96.0, changed=613, unchanged=410, early_stops=8/8
26 - INFO - chord#: 28 In build_straw_man_chord_sa. tolerance = 1, sa_iterations = 1000, initial_temperature = 3.0, cooling_rate = 0.999
26 - INFO - chord#: 44 done. best_score=27.0, changed=518, unchanged=336, early_stops=8/8
26 - INFO - chord#: 48 In build_straw_man_chord_sa. tolerance = 1, sa_iterations = 1000, initial_temperature = 3.0, cooling_rate = 0.999
26 - INFO - chord#: 26 done. best_score=74.0, changed=618, unchanged=392, early_stops=8/8
26 - INFO - chord#: 28 In build_straw_man_chord_sa. tolerance = 1, sa_iterations = 1000, initial_temperature = 3.0, cooling_rate = 0.999
26 - INFO - chord#: 26 done. best_score=121.0, changed=612, unchanged=309, early_stops=8/8
26 - INFO - chord#: 28 In build_straw_man_chord_sa. tolerance = 1, sa_iterations = 1000, initial_temperature = 3.0, cooling_rate = 0.999
26 - INFO - chord#: 36 done. best_score=27.0, changed=524, unchanged=486, early_stops=8/8
26 - INFO - chord#: 44 In build_straw_man_chord_sa. tolerance = 1, sa_iterations = 1000, initial_temperature = 3.0, cooling_rate = 0.999
26 - INFO - chord#: 36 done. best_score=27.0, changed=522, unchanged=444, early_stops=8/8
26 - INFO - chord#: 44 In build_straw_man_chord_sa. tolerance = 1, sa_iterations = 1000, initial_temperature = 3.0, cooling_rate = 0.999
26 - INFO - chord#: 26 done. best_score=74.0, changed=618, unchanged=431, early_stops=8/8
26 - INFO - chord#: 28 In build_straw_man_chord_sa. tolerance = 1, sa_iterations = 1000, initial_temperature = 3.0, cooling_rate = 0.999
26 - INFO - chord#: 32 done. best_score=27.0, changed=528, unchanged=463, early_stops=8/8
26 - INFO - chord#: 36 In build_straw_man_chord_sa. tolerance = 1, sa_iterations = 1000, initial_temperature = 3.0, cooling_rate = 0.999
26 - INFO - chord#: 26 done. best_score=121.0, changed=609, unchanged=247, early_stops=8/8
26 - INFO - chord#: 28 In build_straw_man_chord_sa. tolerance = 1, sa_iterations = 1000, initial_temperature = 3.0, cooling_rate = 0.999
26 - INFO - chord#: 44 done. best_score=27.0, changed=522, unchanged=292, early_stops=8/8
26 - INFO - chord#: 48 In build_straw_man_chord_sa. tolerance = 1, sa_iterations = 1000, initial_temperature = 3.0, cooling_rate = 0.999
26 - INFO - chord#: 36 done. best_score=27.0, changed=531, unchanged=558, early_stops=8/8
26 - INFO - chord#: 44 In build_straw_man_chord_sa. tolerance = 1, sa_iterations = 1000, initial_temperature = 3.0, cooling_rate = 0.999
26 - INFO - chord#: 48 done. best_score=27.0, changed=518, unchanged=401, early_stops=8/8
26 - INFO - chord#: 50 In build_straw_man_chord_sa. tolerance = 1, sa_iterations = 1000, initial_temperature = 3.0, cooling_rate = 0.999
26 - INFO - chord#: 44 done. best_score=27.0, changed=524, unchanged=347, early_stops=8/8
26 - INFO - chord#: 48 In build_straw_man_chord_sa. tolerance = 1, sa_iterations = 1000, initial_temperature = 3.0, cooling_rate = 0.999
26 - INFO - chord#: 44 done. best_score=27.0, changed=529, unchanged=319, early_stops=8/8
26 - INFO - chord#: 48 In build_straw_man_chord_sa. tolerance = 1, sa_iterations = 1000, initial_temperature = 3.0, cooling_rate = 0.999
26 - INFO - chord#: 36 done. best_score=27.0, changed=519, unchanged=464, early_stops=8/8
26 - INFO - chord#: 44 In build_straw_man_chord_sa. tolerance = 1, sa_iterations = 1000, initial_temperature = 3.0, cooling_rate = 0.999
26 - INFO - chord#: 48 done. best_score=27.0, changed=526, unchanged=508, early_stops=8/8
26 - INFO - chord#: 50 In build_straw_man_chord_sa. tolerance = 1, sa_iterations = 1000, initial_temperature = 3.0, cooling_rate = 0.999
26 - INFO - chord#: 44 done. best_score=27.0, changed=532, unchanged=438, early_stops=8/8
26 - INFO - chord#: 48 In build_straw_man_chord_sa. tolerance = 1, sa_iterations = 1000, initial_temperature = 3.0, cooling_rate = 0.999
26 - INFO - chord#: 48 done. best_score=27.0, changed=525, unchanged=371, early_stops=8/8
26 - INFO - chord#: 50 In build_straw_man_chord_sa. tolerance = 1, sa_iterations = 1000, initial_temperature = 3.0, cooling_rate = 0.999
26 - INFO - chord#: 48 done. best_score=27.0, changed=526, unchanged=354, early_stops=8/8
26 - INFO - chord#: 50 In build_straw_man_chord_sa. tolerance = 1, sa_iterations = 1000, initial_temperature = 3.0, cooling_rate = 0.999
26 - INFO - chord#: 28 done. best_score=129.0, changed=614, unchanged=353, early_stops=8/8
26 - INFO - chord#: 32 In build_straw_man_chord_sa. tolerance = 1, sa_iterations = 1000, initial_temperature = 3.0, cooling_rate = 0.999
26 - INFO - chord#: 44 done. best_score=27.0, changed=528, unchanged=319, early_stops=8/8
26 - INFO - chord#: 48 In build_straw_man_chord_sa. tolerance = 1, sa_iterations = 1000, initial_temperature = 3.0, cooling_rate = 0.999
26 - INFO - chord#: 28 done. best_score=119.0, changed=607, unchanged=256, early_stops=8/8
26 - INFO - chord#: 32 In build_straw_man_chord_sa. tolerance = 1, sa_iterations = 1000, initial_temperature = 3.0, cooling_rate = 0.999
26 - INFO - chord#: 28 done. best_score=145.0, changed=609, unchanged=237, early_stops=8/8
26 - INFO - chord#: 32 In build_straw_man_chord_sa. tolerance = 1, sa_iterations = 1000, initial_temperature = 3.0, cooling_rate = 0.999
26 - INFO - chord#: 48 done. best_score=27.0, changed=525, unchanged=370, early_stops=8/8
26 - INFO - chord#: 50 In build_straw_man_chord_sa. tolerance = 1, sa_iterations = 1000, initial_temperature = 3.0, cooling_rate = 0.999
26 - INFO - chord#: 28 done. best_score=78.0, changed=608, unchanged=242, early_stops=8/8
26 - INFO - chord#: 32 In build_straw_man_chord_sa. tolerance = 1, sa_iterations = 1000, initial_temperature = 3.0, cooling_rate = 0.999
26 - INFO - chord#: 28 done. best_score=78.0, changed=613, unchanged=351, early_stops=8/8
26 - INFO - chord#: 32 In build_straw_man_chord_sa. tolerance = 1, sa_iterations = 1000, initial_temperature = 3.0, cooling_rate = 0.999
26 - INFO - chord#: 50 done. best_score=67.0, changed=614, unchanged=294, early_stops=8/8
26 - INFO - chord#: 52 In build_straw_man_chord_sa. tolerance = 1, sa_iterations = 1000, initial_temperature = 3.0, cooling_rate = 0.999
26 - INFO - chord#: 32 done. best_score=36.0, changed=524, unchanged=349, early_stops=8/8
26 - INFO - chord#: 36 In build_straw_man_chord_sa. tolerance = 1, sa_iterations = 1000, initial_temperature = 3.0, cooling_rate = 0.999
26 - INFO - chord#: 48 done. best_score=27.0, changed=526, unchanged=508, early_stops=8/8
26 - INFO - chord#: 50 In build_straw_man_chord_sa. tolerance = 1, sa_iterations = 1000, initial_temperature = 3.0, cooling_rate = 0.999
26 - INFO - chord#: 50 done. best_score=67.0, changed=609, unchanged=228, early_stops=8/8
26 - INFO - chord#: 52 In build_straw_man_chord_sa. tolerance = 1, sa_iterations = 1000, initial_temperature = 3.0, cooling_rate = 0.999
26 - INFO - chord#: 32 done. best_score=36.0, changed=528, unchanged=368, early_stops=8/8
26 - INFO - chord#: 36 In build_straw_man_chord_sa. tolerance = 1, sa_iterations = 1000, initial_temperature = 3.0, cooling_rate = 0.999
26 - INFO - chord#: 28 done. best_score=145.0, changed=613, unchanged=386, early_stops=8/8
26 - INFO - chord#: 32 In build_straw_man_chord_sa. tolerance = 1, sa_iterations = 1000, initial_temperature = 3.0, cooling_rate = 0.999
26 - INFO - chord#: 32 done. best_score=27.0, changed=530, unchanged=387, early_stops=8/8
26 - INFO - chord#: 36 In build_straw_man_chord_sa. tolerance = 1, sa_iterations = 1000, initial_temperature = 3.0, cooling_rate = 0.999
26 - INFO - chord#: 52 done. best_score=27.0, changed=518, unchanged=364, early_stops=8/8
26 - INFO - chord#: 56 In build_straw_man_chord_sa. tolerance = 1, sa_iterations = 1000, initial_temperature = 3.0, cooling_rate = 0.999
26 - INFO - chord#: 32 done. best_score=27.0, changed=531, unchanged=386, early_stops=8/8
26 - INFO - chord#: 36 In build_straw_man_chord_sa. tolerance = 1, sa_iterations = 1000, initial_temperature = 3.0, cooling_rate = 0.999
26 - INFO - chord#: 32 done. best_score=36.0, changed=526, unchanged=395, early_stops=8/8
26 - INFO - chord#: 36 In build_straw_man_chord_sa. tolerance = 1, sa_iterations = 1000, initial_temperature = 3.0, cooling_rate = 0.999
26 - INFO - chord#: 50 done. best_score=78.0, changed=617, unchanged=308, early_stops=8/8
26 - INFO - chord#: 52 In build_straw_man_chord_sa. tolerance = 1, sa_iterations = 1000, initial_temperature = 3.0, cooling_rate = 0.999
26 - INFO - chord#: 36 done. best_score=27.0, changed=533, unchanged=423, early_stops=8/8
26 - INFO - chord#: 44 In build_straw_man_chord_sa. tolerance = 1, sa_iterations = 1000, initial_temperature = 3.0, cooling_rate = 0.999
26 - INFO - chord#: 52 done. best_score=27.0, changed=535, unchanged=454, early_stops=8/8
26 - INFO - chord#: 56 In build_straw_man_chord_sa. tolerance = 1, sa_iterations = 1000, initial_temperature = 3.0, cooling_rate = 0.999
26 - INFO - chord#: 50 done. best_score=67.0, changed=614, unchanged=390, early_stops=8/8
26 - INFO - chord#: 52 In build_straw_man_chord_sa. tolerance = 1, sa_iterations = 1000, initial_temperature = 3.0, cooling_rate = 0.999
26 - INFO - chord#: 32 done. best_score=27.0, changed=525, unchanged=378, early_stops=8/8
26 - INFO - chord#: 36 In build_straw_man_chord_sa. tolerance = 1, sa_iterations = 1000, initial_temperature = 3.0, cooling_rate = 0.999
26 - INFO - chord#: 36 done. best_score=27.0, changed=523, unchanged=421, early_stops=8/8
26 - INFO - chord#: 44 In build_straw_man_chord_sa. tolerance = 1, sa_iterations = 1000, initial_temperature = 3.0, cooling_rate = 0.999
26 - INFO - chord#: 56 done. best_score=36.0, changed=522, unchanged=422, early_stops=8/8
26 - INFO - chord#: 58 In build_straw_man_chord_sa. tolerance = 1, sa_iterations = 1000, initial_temperature = 3.0, cooling_rate = 0.999
26 - INFO - chord#: 36 done. best_score=27.0, changed=532, unchanged=427, early_stops=8/8
26 - INFO - chord#: 44 In build_straw_man_chord_sa. tolerance = 1, sa_iterations = 1000, initial_temperature = 3.0, cooling_rate = 0.999
26 - INFO - chord#: 44 done. best_score=27.0, changed=522, unchanged=343, early_stops=8/8
26 - INFO - chord#: 48 In build_straw_man_chord_sa. tolerance = 1, sa_iterations = 1000, initial_temperature = 3.0, cooling_rate = 0.999
26 - INFO - chord#: 52 done. best_score=27.0, changed=522, unchanged=492, early_stops=8/8
26 - INFO - chord#: 56 In build_straw_man_chord_sa. tolerance = 1, sa_iterations = 1000, initial_temperature = 3.0, cooling_rate = 0.999
26 - INFO - chord#: 36 done. best_score=27.0, changed=526, unchanged=382, early_stops=8/8
26 - INFO - chord#: 44 In build_straw_man_chord_sa. tolerance = 1, sa_iterations = 1000, initial_temperature = 3.0, cooling_rate = 0.999
26 - INFO - chord#: 56 done. best_score=36.0, changed=524, unchanged=370, early_stops=8/8
26 - INFO - chord#: 58 In build_straw_man_chord_sa. tolerance = 1, sa_iterations = 1000, initial_temperature = 3.0, cooling_rate = 0.999
26 - INFO - chord#: 44 done. best_score=27.0, changed=522, unchanged=352, early_stops=8/8
26 - INFO - chord#: 48 In build_straw_man_chord_sa. tolerance = 1, sa_iterations = 1000, initial_temperature = 3.0, cooling_rate = 0.999
26 - INFO - chord#: 36 done. best_score=27.0, changed=527, unchanged=445, early_stops=8/8
26 - INFO - chord#: 44 In build_straw_man_chord_sa. tolerance = 1, sa_iterations = 1000, initial_temperature = 3.0, cooling_rate = 0.999
26 - INFO - chord#: 50 done. best_score=67.0, changed=611, unchanged=262, early_stops=8/8
26 - INFO - chord#: 52 In build_straw_man_chord_sa. tolerance = 1, sa_iterations = 1000, initial_temperature = 3.0, cooling_rate = 0.999
26 - INFO - chord#: 50 done. best_score=67.0, changed=615, unchanged=534, early_stops=8/8
26 - INFO - chord#: 52 In build_straw_man_chord_sa. tolerance = 1, sa_iterations = 1000, initial_temperature = 3.0, cooling_rate = 0.999
26 - INFO - chord#: 36 done. best_score=27.0, changed=519, unchanged=454, early_stops=8/8
26 - INFO - chord#: 44 In build_straw_man_chord_sa. tolerance = 1, sa_iterations = 1000, initial_temperature = 3.0, cooling_rate = 0.999
26 - INFO - chord#: 52 done. best_score=27.0, changed=521, unchanged=383, early_stops=8/8
26 - INFO - chord#: 56 In build_straw_man_chord_sa. tolerance = 1, sa_iterations = 1000, initial_temperature = 3.0, cooling_rate = 0.999
26 - INFO - chord#: 44 done. best_score=27.0, changed=518, unchanged=374, early_stops=8/8
26 - INFO - chord#: 48 In build_straw_man_chord_sa. tolerance = 1, sa_iterations = 1000, initial_temperature = 3.0, cooling_rate = 0.999
26 - INFO - chord#: 48 done. best_score=27.0, changed=517, unchanged=347, early_stops=8/8
26 - INFO - chord#: 50 In build_straw_man_chord_sa. tolerance = 1, sa_iterations = 1000, initial_temperature = 3.0, cooling_rate = 0.999
26 - INFO - chord#: 56 done. best_score=36.0, changed=521, unchanged=323, early_stops=8/8
26 - INFO - chord#: 58 In build_straw_man_chord_sa. tolerance = 1, sa_iterations = 1000, initial_temperature = 3.0, cooling_rate = 0.999
26 - INFO - chord#: 48 done. best_score=27.0, changed=518, unchanged=329, early_stops=8/8
26 - INFO - chord#: 50 In build_straw_man_chord_sa. tolerance = 1, sa_iterations = 1000, initial_temperature = 3.0, cooling_rate = 0.999
26 - INFO - chord#: 44 done. best_score=27.0, changed=525, unchanged=308, early_stops=8/8
26 - INFO - chord#: 48 In build_straw_man_chord_sa. tolerance = 1, sa_iterations = 1000, initial_temperature = 3.0, cooling_rate = 0.999
26 - INFO - chord#: 44 done. best_score=27.0, changed=532, unchanged=347, early_stops=8/8
26 - INFO - chord#: 48 In build_straw_man_chord_sa. tolerance = 1, sa_iterations = 1000, initial_temperature = 3.0, cooling_rate = 0.999
26 - INFO - chord#: 52 done. best_score=27.0, changed=524, unchanged=422, early_stops=8/8
26 - INFO - chord#: 56 In build_straw_man_chord_sa. tolerance = 1, sa_iterations = 1000, initial_temperature = 3.0, cooling_rate = 0.999
26 - INFO - chord#: 52 done. best_score=27.0, changed=520, unchanged=492, early_stops=8/8
26 - INFO - chord#: 56 In build_straw_man_chord_sa. tolerance = 1, sa_iterations = 1000, initial_temperature = 3.0, cooling_rate = 0.999
26 - INFO - chord#: 44 done. best_score=27.0, changed=524, unchanged=385, early_stops=8/8
26 - INFO - chord#: 48 In build_straw_man_chord_sa. tolerance = 1, sa_iterations = 1000, initial_temperature = 3.0, cooling_rate = 0.999
26 - INFO - chord#: 58 done. best_score=64.0, changed=613, unchanged=375, early_stops=8/8
26 - INFO - chord#: 60 In build_straw_man_chord_sa. tolerance = 1, sa_iterations = 1000, initial_temperature = 3.0, cooling_rate = 0.999
26 - INFO - chord#: 48 done. best_score=27.0, changed=527, unchanged=389, early_stops=8/8
26 - INFO - chord#: 50 In build_straw_man_chord_sa. tolerance = 1, sa_iterations = 1000, initial_temperature = 3.0, cooling_rate = 0.999
26 - INFO - chord#: 56 done. best_score=36.0, changed=522, unchanged=417, early_stops=8/8
26 - INFO - chord#: 58 In build_straw_man_chord_sa. tolerance = 1, sa_iterations = 1000, initial_temperature = 3.0, cooling_rate = 0.999
26 - INFO - chord#: 58 done. best_score=64.0, changed=611, unchanged=291, early_stops=8/8
26 - INFO - chord#: 60 In build_straw_man_chord_sa. tolerance = 1, sa_iterations = 1000, initial_temperature = 3.0, cooling_rate = 0.999
26 - INFO - chord#: 48 done. best_score=27.0, changed=523, unchanged=425, early_stops=8/8
26 - INFO - chord#: 50 In build_straw_man_chord_sa. tolerance = 1, sa_iterations = 1000, initial_temperature = 3.0, cooling_rate = 0.999
26 - INFO - chord#: 56 done. best_score=36.0, changed=526, unchanged=392, early_stops=8/8
26 - INFO - chord#: 58 In build_straw_man_chord_sa. tolerance = 1, sa_iterations = 1000, initial_temperature = 3.0, cooling_rate = 0.999
26 - INFO - chord#: 48 done. best_score=27.0, changed=517, unchanged=345, early_stops=8/8
26 - INFO - chord#: 50 In build_straw_man_chord_sa. tolerance = 1, sa_iterations = 1000, initial_temperature = 3.0, cooling_rate = 0.999
26 - INFO - chord#: 48 done. best_score=27.0, changed=517, unchanged=376, early_stops=8/8
26 - INFO - chord#: 50 In build_straw_man_chord_sa. tolerance = 1, sa_iterations = 1000, initial_temperature = 3.0, cooling_rate = 0.999
26 - INFO - chord#: 60 done. best_score=27.0, changed=532, unchanged=459, early_stops=8/8
26 - INFO - chord#: 64 In build_straw_man_chord_sa. tolerance = 1, sa_iterations = 1000, initial_temperature = 3.0, cooling_rate = 0.999
26 - INFO - chord#: 56 done. best_score=36.0, changed=525, unchanged=458, early_stops=8/8
26 - INFO - chord#: 58 In build_straw_man_chord_sa. tolerance = 1, sa_iterations = 1000, initial_temperature = 3.0, cooling_rate = 0.999
26 - INFO - chord#: 50 done. best_score=67.0, changed=612, unchanged=276, early_stops=8/8
26 - INFO - chord#: 52 In build_straw_man_chord_sa. tolerance = 1, sa_iterations = 1000, initial_temperature = 3.0, cooling_rate = 0.999
26 - INFO - chord#: 60 done. best_score=27.0, changed=518, unchanged=391, early_stops=8/8
26 - INFO - chord#: 64 In build_straw_man_chord_sa. tolerance = 1, sa_iterations = 1000, initial_temperature = 3.0, cooling_rate = 0.999
26 - INFO - chord#: 58 done. best_score=71.0, changed=612, unchanged=371, early_stops=8/8
26 - INFO - chord#: 60 In build_straw_man_chord_sa. tolerance = 1, sa_iterations = 1000, initial_temperature = 3.0, cooling_rate = 0.999
26 - INFO - chord#: 50 done. best_score=67.0, changed=615, unchanged=375, early_stops=8/8
26 - INFO - chord#: 52 In build_straw_man_chord_sa. tolerance = 1, sa_iterations = 1000, initial_temperature = 3.0, cooling_rate = 0.999
26 - INFO - chord#: 52 done. best_score=27.0, changed=518, unchanged=442, early_stops=8/8
26 - INFO - chord#: 56 In build_straw_man_chord_sa. tolerance = 1, sa_iterations = 1000, initial_temperature = 3.0, cooling_rate = 0.999
26 - INFO - chord#: 60 done. best_score=27.0, changed=517, unchanged=368, early_stops=8/8
26 - INFO - chord#: 64 In build_straw_man_chord_sa. tolerance = 1, sa_iterations = 1000, initial_temperature = 3.0, cooling_rate = 0.999
26 - INFO - chord#: 58 done. best_score=71.0, changed=613, unchanged=268, early_stops=8/8
26 - INFO - chord#: 60 In build_straw_man_chord_sa. tolerance = 1, sa_iterations = 1000, initial_temperature = 3.0, cooling_rate = 0.999
26 - INFO - chord#: 58 done. best_score=71.0, changed=611, unchanged=326, early_stops=8/8
26 - INFO - chord#: 60 In build_straw_man_chord_sa. tolerance = 1, sa_iterations = 1000, initial_temperature = 3.0, cooling_rate = 0.999
26 - INFO - chord#: 52 done. best_score=27.0, changed=516, unchanged=395, early_stops=8/8
26 - INFO - chord#: 56 In build_straw_man_chord_sa. tolerance = 1, sa_iterations = 1000, initial_temperature = 3.0, cooling_rate = 0.999
26 - INFO - chord#: 64 done. best_score=74.0, changed=608, unchanged=203, early_stops=8/8
26 - INFO - chord#: 68 In build_straw_man_chord_sa. tolerance = 1, sa_iterations = 1000, initial_temperature = 3.0, cooling_rate = 0.999
26 - INFO - chord#: 50 done. best_score=67.0, changed=609, unchanged=365, early_stops=8/8
26 - INFO - chord#: 52 In build_straw_man_chord_sa. tolerance = 1, sa_iterations = 1000, initial_temperature = 3.0, cooling_rate = 0.999
26 - INFO - chord#: 56 done. best_score=36.0, changed=524, unchanged=466, early_stops=8/8
26 - INFO - chord#: 58 In build_straw_man_chord_sa. tolerance = 1, sa_iterations = 1000, initial_temperature = 3.0, cooling_rate = 0.999
26 - INFO - chord#: 50 done. best_score=67.0, changed=617, unchanged=317, early_stops=8/8
26 - INFO - chord#: 52 In build_straw_man_chord_sa. tolerance = 1, sa_iterations = 1000, initial_temperature = 3.0, cooling_rate = 0.999
26 - INFO - chord#: 50 done. best_score=67.0, changed=614, unchanged=358, early_stops=8/8
26 - INFO - chord#: 52 In build_straw_man_chord_sa. tolerance = 1, sa_iterations = 1000, initial_temperature = 3.0, cooling_rate = 0.999
26 - INFO - chord#: 60 done. best_score=27.0, changed=519, unchanged=496, early_stops=8/8
26 - INFO - chord#: 64 In build_straw_man_chord_sa. tolerance = 1, sa_iterations = 1000, initial_temperature = 3.0, cooling_rate = 0.999
26 - INFO - chord#: 64 done. best_score=121.0, changed=612, unchanged=364, early_stops=8/8
26 - INFO - chord#: 68 In build_straw_man_chord_sa. tolerance = 1, sa_iterations = 1000, initial_temperature = 3.0, cooling_rate = 0.999
26 - INFO - chord#: 56 done. best_score=36.0, changed=518, unchanged=317, early_stops=8/8
26 - INFO - chord#: 58 In build_straw_man_chord_sa. tolerance = 1, sa_iterations = 1000, initial_temperature = 3.0, cooling_rate = 0.999
26 - INFO - chord#: 68 done. best_score=36.0, changed=522, unchanged=324, early_stops=8/8
26 - INFO - chord#: 70 In build_straw_man_chord_sa. tolerance = 1, sa_iterations = 1000, initial_temperature = 3.0, cooling_rate = 0.999
26 - INFO - chord#: 60 done. best_score=27.0, changed=521, unchanged=523, early_stops=8/8
26 - INFO - chord#: 64 In build_straw_man_chord_sa. tolerance = 1, sa_iterations = 1000, initial_temperature = 3.0, cooling_rate = 0.999
26 - INFO - chord#: 58 done. best_score=176.0, changed=614, unchanged=362, early_stops=8/8
26 - INFO - chord#: 60 In build_straw_man_chord_sa. tolerance = 1, sa_iterations = 1000, initial_temperature = 3.0, cooling_rate = 0.999
26 - INFO - chord#: 50 done. best_score=96.0, changed=610, unchanged=376, early_stops=8/8
26 - INFO - chord#: 52 In build_straw_man_chord_sa. tolerance = 1, sa_iterations = 1000, initial_temperature = 3.0, cooling_rate = 0.999
26 - INFO - chord#: 52 done. best_score=27.0, changed=516, unchanged=445, early_stops=8/8
26 - INFO - chord#: 56 In build_straw_man_chord_sa. tolerance = 1, sa_iterations = 1000, initial_temperature = 3.0, cooling_rate = 0.999
26 - INFO - chord#: 68 done. best_score=36.0, changed=525, unchanged=301, early_stops=8/8
26 - INFO - chord#: 70 In build_straw_man_chord_sa. tolerance = 1, sa_iterations = 1000, initial_temperature = 3.0, cooling_rate = 0.999
26 - INFO - chord#: 52 done. best_score=27.0, changed=519, unchanged=374, early_stops=8/8
26 - INFO - chord#: 64 done. best_score=74.0, changed=613, unchanged=303, early_stops=8/8
26 - INFO - chord#: 56 In build_straw_man_chord_sa. tolerance = 1, sa_iterations = 1000, initial_temperature = 3.0, cooling_rate = 0.999
26 - INFO - chord#: 68 In build_straw_man_chord_sa. tolerance = 1, sa_iterations = 1000, initial_temperature = 3.0, cooling_rate = 0.999
26 - INFO - chord#: 52 done. best_score=27.0, changed=521, unchanged=604, early_stops=8/8
26 - INFO - chord#: 56 In build_straw_man_chord_sa. tolerance = 1, sa_iterations = 1000, initial_temperature = 3.0, cooling_rate = 0.999
26 - INFO - chord#: 70 done. best_score=37.0, changed=529, unchanged=411, early_stops=8/8
26 - INFO - chord#: 72 In build_straw_man_chord_sa. tolerance = 1, sa_iterations = 1000, initial_temperature = 3.0, cooling_rate = 0.999
26 - INFO - chord#: 60 done. best_score=27.0, changed=522, unchanged=386, early_stops=8/8
26 - INFO - chord#: 64 In build_straw_man_chord_sa. tolerance = 1, sa_iterations = 1000, initial_temperature = 3.0, cooling_rate = 0.999
26 - INFO - chord#: 70 done. best_score=35.0, changed=530, unchanged=307, early_stops=8/8
26 - INFO - chord#: 72 In build_straw_man_chord_sa. tolerance = 1, sa_iterations = 1000, initial_temperature = 3.0, cooling_rate = 0.999
26 - INFO - chord#: 52 done. best_score=27.0, changed=522, unchanged=408, early_stops=8/8
26 - INFO - chord#: 56 In build_straw_man_chord_sa. tolerance = 1, sa_iterations = 1000, initial_temperature = 3.0, cooling_rate = 0.999
26 - INFO - chord#: 58 done. best_score=71.0, changed=611, unchanged=311, early_stops=8/8
26 - INFO - chord#: 60 In build_straw_man_chord_sa. tolerance = 1, sa_iterations = 1000, initial_temperature = 3.0, cooling_rate = 0.999
26 - INFO - chord#: 68 done. best_score=36.0, changed=523, unchanged=308, early_stops=8/8
26 - INFO - chord#: 70 In build_straw_man_chord_sa. tolerance = 1, sa_iterations = 1000, initial_temperature = 3.0, cooling_rate = 0.999
26 - INFO - chord#: 56 done. best_score=36.0, changed=526, unchanged=477, early_stops=8/8
26 - INFO - chord#: 58 In build_straw_man_chord_sa. tolerance = 1, sa_iterations = 1000, initial_temperature = 3.0, cooling_rate = 0.999
26 - INFO - chord#: 64 done. best_score=141.0, changed=608, unchanged=280, early_stops=8/8
26 - INFO - chord#: 68 In build_straw_man_chord_sa. tolerance = 1, sa_iterations = 1000, initial_temperature = 3.0, cooling_rate = 0.999
26 - INFO - chord#: 58 done. best_score=146.0, changed=612, unchanged=300, early_stops=8/8
26 - INFO - chord#: 60 In build_straw_man_chord_sa. tolerance = 1, sa_iterations = 1000, initial_temperature = 3.0, cooling_rate = 0.999
26 - INFO - chord#: 56 done. best_score=36.0, changed=525, unchanged=356, early_stops=8/8
26 - INFO - chord#: 58 In build_straw_man_chord_sa. tolerance = 1, sa_iterations = 1000, initial_temperature = 3.0, cooling_rate = 0.999
26 - INFO - chord#: 56 done. best_score=36.0, changed=526, unchanged=340, early_stops=8/8
26 - INFO - chord#: 58 In build_straw_man_chord_sa. tolerance = 1, sa_iterations = 1000, initial_temperature = 3.0, cooling_rate = 0.999
26 - INFO - chord#: 70 done. best_score=35.0, changed=515, unchanged=289, early_stops=8/8
26 - INFO - chord#: 72 In build_straw_man_chord_sa. tolerance = 1, sa_iterations = 1000, initial_temperature = 3.0, cooling_rate = 0.999
26 - INFO - chord#: 60 done. best_score=27.0, changed=521, unchanged=410, early_stops=8/8
26 - INFO - chord#: 64 In build_straw_man_chord_sa. tolerance = 1, sa_iterations = 1000, initial_temperature = 3.0, cooling_rate = 0.999
26 - INFO - chord#: 68 done. best_score=36.0, changed=539, unchanged=356, early_stops=8/8
26 - INFO - chord#: 70 In build_straw_man_chord_sa. tolerance = 1, sa_iterations = 1000, initial_temperature = 3.0, cooling_rate = 0.999
26 - INFO - chord#: 56 done. best_score=36.0, changed=525, unchanged=422, early_stops=8/8
26 - INFO - chord#: 58 In build_straw_man_chord_sa. tolerance = 1, sa_iterations = 1000, initial_temperature = 3.0, cooling_rate = 0.999
26 - INFO - chord#: 72 done. best_score=140.0, changed=608, unchanged=231, early_stops=8/8
26 - INFO - chord#: 74 In build_straw_man_chord_sa. tolerance = 1, sa_iterations = 1000, initial_temperature = 3.0, cooling_rate = 0.999
26 - INFO - chord#: 60 done. best_score=27.0, changed=523, unchanged=537, early_stops=8/8
26 - INFO - chord#: 64 In build_straw_man_chord_sa. tolerance = 1, sa_iterations = 1000, initial_temperature = 3.0, cooling_rate = 0.999
26 - INFO - chord#: 64 done. best_score=74.0, changed=614, unchanged=331, early_stops=8/8
26 - INFO - chord#: 68 In build_straw_man_chord_sa. tolerance = 1, sa_iterations = 1000, initial_temperature = 3.0, cooling_rate = 0.999
26 - INFO - chord#: 72 done. best_score=140.0, changed=612, unchanged=264, early_stops=8/8
26 - INFO - chord#: 74 In build_straw_man_chord_sa. tolerance = 1, sa_iterations = 1000, initial_temperature = 3.0, cooling_rate = 0.999
26 - INFO - chord#: 70 done. best_score=37.0, changed=528, unchanged=414, early_stops=8/8
26 - INFO - chord#: 72 In build_straw_man_chord_sa. tolerance = 1, sa_iterations = 1000, initial_temperature = 3.0, cooling_rate = 0.999
26 - INFO - chord#: 74 done. best_score=36.0, changed=529, unchanged=398, early_stops=8/8
26 - INFO - chord#: 76 In build_straw_man_chord_sa. tolerance = 1, sa_iterations = 1000, initial_temperature = 3.0, cooling_rate = 0.999
26 - INFO - chord#: 74 done. best_score=27.0, changed=524, unchanged=350, early_stops=8/8
26 - INFO - chord#: 76 In build_straw_man_chord_sa. tolerance = 1, sa_iterations = 1000, initial_temperature = 3.0, cooling_rate = 0.999
26 - INFO - chord#: 68 done. best_score=36.0, changed=534, unchanged=369, early_stops=8/8
26 - INFO - chord#: 70 In build_straw_man_chord_sa. tolerance = 1, sa_iterations = 1000, initial_temperature = 3.0, cooling_rate = 0.999
26 - INFO - chord#: 64 done. best_score=141.0, changed=613, unchanged=337, early_stops=8/8
26 - INFO - chord#: 68 In build_straw_man_chord_sa. tolerance = 1, sa_iterations = 1000, initial_temperature = 3.0, cooling_rate = 0.999
26 - INFO - chord#: 58 done. best_score=104.0, changed=607, unchanged=221, early_stops=8/8
26 - INFO - chord#: 60 In build_straw_man_chord_sa. tolerance = 1, sa_iterations = 1000, initial_temperature = 3.0, cooling_rate = 0.999
26 - INFO - chord#: 64 done. best_score=121.0, changed=610, unchanged=216, early_stops=8/8
26 - INFO - chord#: 68 In build_straw_man_chord_sa. tolerance = 1, sa_iterations = 1000, initial_temperature = 3.0, cooling_rate = 0.999
26 - INFO - chord#: 72 done. best_score=140.0, changed=620, unchanged=296, early_stops=8/8
26 - INFO - chord#: 74 In build_straw_man_chord_sa. tolerance = 1, sa_iterations = 1000, initial_temperature = 3.0, cooling_rate = 0.999
26 - INFO - chord#: 58 done. best_score=71.0, changed=612, unchanged=301, early_stops=8/8
26 - INFO - chord#: 60 In build_straw_man_chord_sa. tolerance = 1, sa_iterations = 1000, initial_temperature = 3.0, cooling_rate = 0.999
26 - INFO - chord#: 58 done. best_score=71.0, changed=613, unchanged=407, early_stops=8/8
26 - INFO - chord#: 60 In build_straw_man_chord_sa. tolerance = 1, sa_iterations = 1000, initial_temperature = 3.0, cooling_rate = 0.999
26 - INFO - chord#: 70 done. best_score=37.0, changed=527, unchanged=334, early_stops=8/8
26 - INFO - chord#: 72 In build_straw_man_chord_sa. tolerance = 1, sa_iterations = 1000, initial_temperature = 3.0, cooling_rate = 0.999
26 - INFO - chord#: 58 done. best_score=146.0, changed=611, unchanged=253, early_stops=8/8
26 - INFO - chord#: 60 In build_straw_man_chord_sa. tolerance = 1, sa_iterations = 1000, initial_temperature = 3.0, cooling_rate = 0.999
26 - INFO - chord#: 74 done. best_score=27.0, changed=523, unchanged=426, early_stops=8/8
26 - INFO - chord#: 76 In build_straw_man_chord_sa. tolerance = 1, sa_iterations = 1000, initial_temperature = 3.0, cooling_rate = 0.999
26 - INFO - chord#: 68 done. best_score=36.0, changed=536, unchanged=496, early_stops=8/8
26 - INFO - chord#: 70 In build_straw_man_chord_sa. tolerance = 1, sa_iterations = 1000, initial_temperature = 3.0, cooling_rate = 0.999
26 - INFO - chord#: 68 done. best_score=57.0, changed=540, unchanged=352, early_stops=8/8
26 - INFO - chord#: 70 In build_straw_man_chord_sa. tolerance = 1, sa_iterations = 1000, initial_temperature = 3.0, cooling_rate = 0.999
26 - INFO - chord#: 76 done. best_score=119.0, changed=610, unchanged=225, early_stops=8/8
26 - INFO - chord#: 78 In build_straw_man_chord_sa. tolerance = 1, sa_iterations = 1000, initial_temperature = 3.0, cooling_rate = 0.999
26 - INFO - chord#: 72 done. best_score=145.0, changed=612, unchanged=290, early_stops=8/8
26 - INFO - chord#: 74 In build_straw_man_chord_sa. tolerance = 1, sa_iterations = 1000, initial_temperature = 3.0, cooling_rate = 0.999
26 - INFO - chord#: 60 done. best_score=27.0, changed=518, unchanged=447, early_stops=8/8
26 - INFO - chord#: 64 In build_straw_man_chord_sa. tolerance = 1, sa_iterations = 1000, initial_temperature = 3.0, cooling_rate = 0.999
26 - INFO - chord#: 60 done. best_score=27.0, changed=522, unchanged=418, early_stops=8/8
26 - INFO - chord#: 64 In build_straw_man_chord_sa. tolerance = 1, sa_iterations = 1000, initial_temperature = 3.0, cooling_rate = 0.999
26 - INFO - chord#: 60 done. best_score=27.0, changed=520, unchanged=428, early_stops=8/8
26 - INFO - chord#: 64 In build_straw_man_chord_sa. tolerance = 1, sa_iterations = 1000, initial_temperature = 3.0, cooling_rate = 0.999
26 - INFO - chord#: 70 done. best_score=35.0, changed=517, unchanged=308, early_stops=8/8
26 - INFO - chord#: 72 In build_straw_man_chord_sa. tolerance = 1, sa_iterations = 1000, initial_temperature = 3.0, cooling_rate = 0.999
26 - INFO - chord#: 64 done. best_score=74.0, changed=617, unchanged=551, early_stops=8/8
26 - INFO - chord#: 68 In build_straw_man_chord_sa. tolerance = 1, sa_iterations = 1000, initial_temperature = 3.0, cooling_rate = 0.999
26 - INFO - chord#: 70 done. best_score=56.0, changed=534, unchanged=358, early_stops=8/8
26 - INFO - chord#: 72 In build_straw_man_chord_sa. tolerance = 1, sa_iterations = 1000, initial_temperature = 3.0, cooling_rate = 0.999
26 - INFO - chord#: 74 done. best_score=27.0, changed=530, unchanged=441, early_stops=8/8
26 - INFO - chord#: 76 In build_straw_man_chord_sa. tolerance = 1, sa_iterations = 1000, initial_temperature = 3.0, cooling_rate = 0.999
26 - INFO - chord#: 60 done. best_score=27.0, changed=517, unchanged=406, early_stops=8/8
26 - INFO - chord#: 64 In build_straw_man_chord_sa. tolerance = 1, sa_iterations = 1000, initial_temperature = 3.0, cooling_rate = 0.999
26 - INFO - chord#: 78 done. best_score=27.0, changed=528, unchanged=448, early_stops=8/8
26 - INFO - chord#: 80 In build_straw_man_chord_sa. tolerance = 1, sa_iterations = 1000, initial_temperature = 3.0, cooling_rate = 0.999
26 - INFO - chord#: 76 done. best_score=119.0, changed=615, unchanged=426, early_stops=8/8
26 - INFO - chord#: 78 In build_straw_man_chord_sa. tolerance = 1, sa_iterations = 1000, initial_temperature = 3.0, cooling_rate = 0.999
26 - INFO - chord#: 72 done. best_score=140.0, changed=613, unchanged=217, early_stops=8/8
26 - INFO - chord#: 74 In build_straw_man_chord_sa. tolerance = 1, sa_iterations = 1000, initial_temperature = 3.0, cooling_rate = 0.999
26 - INFO - chord#: 68 done. best_score=72.0, changed=519, unchanged=371, early_stops=8/8
26 - INFO - chord#: 70 In build_straw_man_chord_sa. tolerance = 1, sa_iterations = 1000, initial_temperature = 3.0, cooling_rate = 0.999
26 - INFO - chord#: 76 done. best_score=140.0, changed=608, unchanged=319, early_stops=8/8
26 - INFO - chord#: 78 In build_straw_man_chord_sa. tolerance = 1, sa_iterations = 1000, initial_temperature = 3.0, cooling_rate = 0.999
26 - INFO - chord#: 78 done. best_score=27.0, changed=517, unchanged=364, early_stops=8/8
26 - INFO - chord#: 80 In build_straw_man_chord_sa. tolerance = 1, sa_iterations = 1000, initial_temperature = 3.0, cooling_rate = 0.999
26 - INFO - chord#: 72 done. best_score=140.0, changed=609, unchanged=213, early_stops=8/8
26 - INFO - chord#: 74 In build_straw_man_chord_sa. tolerance = 1, sa_iterations = 1000, initial_temperature = 3.0, cooling_rate = 0.999
26 - INFO - chord#: 74 done. best_score=27.0, changed=518, unchanged=314, early_stops=8/8
26 - INFO - chord#: 76 In build_straw_man_chord_sa. tolerance = 1, sa_iterations = 1000, initial_temperature = 3.0, cooling_rate = 0.999
26 - INFO - chord#: 78 done. best_score=27.0, changed=527, unchanged=352, early_stops=8/8
26 - INFO - chord#: 80 In build_straw_man_chord_sa. tolerance = 1, sa_iterations = 1000, initial_temperature = 3.0, cooling_rate = 0.999
26 - INFO - chord#: 70 done. best_score=49.0, changed=527, unchanged=338, early_stops=8/8
26 - INFO - chord#: 72 In build_straw_man_chord_sa. tolerance = 1, sa_iterations = 1000, initial_temperature = 3.0, cooling_rate = 0.999
26 - INFO - chord#: 64 done. best_score=96.0, changed=612, unchanged=321, early_stops=8/8
26 - INFO - chord#: 68 In build_straw_man_chord_sa. tolerance = 1, sa_iterations = 1000, initial_temperature = 3.0, cooling_rate = 0.999
26 - INFO - chord#: 80 done. best_score=78.0, changed=613, unchanged=285, early_stops=8/8
26 - INFO - chord#: 84 In build_straw_man_chord_sa. tolerance = 1, sa_iterations = 1000, initial_temperature = 3.0, cooling_rate = 0.999
26 - INFO - chord#: 64 done. best_score=74.0, changed=612, unchanged=411, early_stops=8/8
26 - INFO - chord#: 68 In build_straw_man_chord_sa. tolerance = 1, sa_iterations = 1000, initial_temperature = 3.0, cooling_rate = 0.999
26 - INFO - chord#: 74 done. best_score=27.0, changed=520, unchanged=376, early_stops=8/8
26 - INFO - chord#: 64 done. best_score=96.0, changed=612, unchanged=269, early_stops=8/8
26 - INFO - chord#: 76 In build_straw_man_chord_sa. tolerance = 1, sa_iterations = 1000, initial_temperature = 3.0, cooling_rate = 0.999
26 - INFO - chord#: 68 In build_straw_man_chord_sa. tolerance = 1, sa_iterations = 1000, initial_temperature = 3.0, cooling_rate = 0.999
26 - INFO - chord#: 76 done. best_score=78.0, changed=614, unchanged=384, early_stops=8/8
26 - INFO - chord#: 78 In build_straw_man_chord_sa. tolerance = 1, sa_iterations = 1000, initial_temperature = 3.0, cooling_rate = 0.999
26 - INFO - chord#: 72 done. best_score=140.0, changed=618, unchanged=406, early_stops=8/8
26 - INFO - chord#: 74 In build_straw_man_chord_sa. tolerance = 1, sa_iterations = 1000, initial_temperature = 3.0, cooling_rate = 0.999
26 - INFO - chord#: 68 done. best_score=36.0, changed=519, unchanged=434, early_stops=8/8
26 - INFO - chord#: 70 In build_straw_man_chord_sa. tolerance = 1, sa_iterations = 1000, initial_temperature = 3.0, cooling_rate = 0.999
26 - INFO - chord#: 64 done. best_score=96.0, changed=616, unchanged=424, early_stops=8/8
26 - INFO - chord#: 68 In build_straw_man_chord_sa. tolerance = 1, sa_iterations = 1000, initial_temperature = 3.0, cooling_rate = 0.999
26 - INFO - chord#: 84 done. best_score=36.0, changed=516, unchanged=381, early_stops=8/8
26 - INFO - chord#: 86 In build_straw_man_chord_sa. tolerance = 1, sa_iterations = 1000, initial_temperature = 3.0, cooling_rate = 0.999
26 - INFO - chord#: 68 done. best_score=72.0, changed=533, unchanged=357, early_stops=8/8
26 - INFO - chord#: 70 In build_straw_man_chord_sa. tolerance = 1, sa_iterations = 1000, initial_temperature = 3.0, cooling_rate = 0.999
26 - INFO - chord#: 68 done. best_score=36.0, changed=528, unchanged=392, early_stops=8/8
26 - INFO - chord#: 70 In build_straw_man_chord_sa. tolerance = 1, sa_iterations = 1000, initial_temperature = 3.0, cooling_rate = 0.999
26 - INFO - chord#: 78 done. best_score=27.0, changed=516, unchanged=349, early_stops=8/8
26 - INFO - chord#: 80 In build_straw_man_chord_sa. tolerance = 1, sa_iterations = 1000, initial_temperature = 3.0, cooling_rate = 0.999
26 - INFO - chord#: 80 done. best_score=78.0, changed=614, unchanged=413, early_stops=8/8
26 - INFO - chord#: 84 In build_straw_man_chord_sa. tolerance = 1, sa_iterations = 1000, initial_temperature = 3.0, cooling_rate = 0.999
26 - INFO - chord#: 74 done. best_score=27.0, changed=516, unchanged=382, early_stops=8/8
26 - INFO - chord#: 76 In build_straw_man_chord_sa. tolerance = 1, sa_iterations = 1000, initial_temperature = 3.0, cooling_rate = 0.999
26 - INFO - chord#: 70 done. best_score=37.0, changed=528, unchanged=349, early_stops=8/8
26 - INFO - chord#: 72 In build_straw_man_chord_sa. tolerance = 1, sa_iterations = 1000, initial_temperature = 3.0, cooling_rate = 0.999
26 - INFO - chord#: 68 done. best_score=36.0, changed=517, unchanged=336, early_stops=8/8
26 - INFO - chord#: 70 In build_straw_man_chord_sa. tolerance = 1, sa_iterations = 1000, initial_temperature = 3.0, cooling_rate = 0.999
26 - INFO - chord#: 70 done. best_score=35.0, changed=529, unchanged=299, early_stops=8/8
26 - INFO - chord#: 72 In build_straw_man_chord_sa. tolerance = 1, sa_iterations = 1000, initial_temperature = 3.0, cooling_rate = 0.999
26 - INFO - chord#: 80 done. best_score=137.0, changed=613, unchanged=349, early_stops=8/8
26 - INFO - chord#: 84 In build_straw_man_chord_sa. tolerance = 1, sa_iterations = 1000, initial_temperature = 3.0, cooling_rate = 0.999
26 - INFO - chord#: 70 done. best_score=58.0, changed=531, unchanged=434, early_stops=8/8
26 - INFO - chord#: 72 In build_straw_man_chord_sa. tolerance = 1, sa_iterations = 1000, initial_temperature = 3.0, cooling_rate = 0.999
26 - INFO - chord#: 76 done. best_score=125.0, changed=613, unchanged=310, early_stops=8/8
26 - INFO - chord#: 78 In build_straw_man_chord_sa. tolerance = 1, sa_iterations = 1000, initial_temperature = 3.0, cooling_rate = 0.999
26 - INFO - chord#: 84 done. best_score=27.0, changed=522, unchanged=373, early_stops=8/8
26 - INFO - chord#: 86 In build_straw_man_chord_sa. tolerance = 1, sa_iterations = 1000, initial_temperature = 3.0, cooling_rate = 0.999
26 - INFO - chord#: 76 done. best_score=157.0, changed=614, unchanged=352, early_stops=8/8
26 - INFO - chord#: 78 In build_straw_man_chord_sa. tolerance = 1, sa_iterations = 1000, initial_temperature = 3.0, cooling_rate = 0.999
26 - INFO - chord#: 86 done. best_score=174.0, changed=606, unchanged=214, early_stops=8/8
26 - INFO - chord#: 88 In build_straw_man_chord_sa. tolerance = 1, sa_iterations = 1000, initial_temperature = 3.0, cooling_rate = 0.999
26 - INFO - chord#: 72 done. best_score=140.0, changed=619, unchanged=450, early_stops=8/8
26 - INFO - chord#: 74 In build_straw_man_chord_sa. tolerance = 1, sa_iterations = 1000, initial_temperature = 3.0, cooling_rate = 0.999
26 - INFO - chord#: 70 done. best_score=35.0, changed=523, unchanged=297, early_stops=8/8
26 - INFO - chord#: 72 In build_straw_man_chord_sa. tolerance = 1, sa_iterations = 1000, initial_temperature = 3.0, cooling_rate = 0.999
26 - INFO - chord#: 84 done. best_score=27.0, changed=518, unchanged=433, early_stops=8/8
26 - INFO - chord#: 86 In build_straw_man_chord_sa. tolerance = 1, sa_iterations = 1000, initial_temperature = 3.0, cooling_rate = 0.999
26 - INFO - chord#: 78 done. best_score=27.0, changed=519, unchanged=466, early_stops=8/8
26 - INFO - chord#: 80 In build_straw_man_chord_sa. tolerance = 1, sa_iterations = 1000, initial_temperature = 3.0, cooling_rate = 0.999
26 - INFO - chord#: 80 done. best_score=78.0, changed=611, unchanged=321, early_stops=8/8
26 - INFO - chord#: 84 In build_straw_man_chord_sa. tolerance = 1, sa_iterations = 1000, initial_temperature = 3.0, cooling_rate = 0.999
26 - INFO - chord#: 78 done. best_score=27.0, changed=520, unchanged=385, early_stops=8/8
26 - INFO - chord#: 80 In build_straw_man_chord_sa. tolerance = 1, sa_iterations = 1000, initial_temperature = 3.0, cooling_rate = 0.999
26 - INFO - chord#: 74 done. best_score=27.0, changed=525, unchanged=541, early_stops=8/8
26 - INFO - chord#: 76 In build_straw_man_chord_sa. tolerance = 1, sa_iterations = 1000, initial_temperature = 3.0, cooling_rate = 0.999
26 - INFO - chord#: 72 done. best_score=140.0, changed=611, unchanged=343, early_stops=8/8
26 - INFO - chord#: 74 In build_straw_man_chord_sa. tolerance = 1, sa_iterations = 1000, initial_temperature = 3.0, cooling_rate = 0.999
26 - INFO - chord#: 72 done. best_score=142.0, changed=609, unchanged=222, early_stops=8/8
26 - INFO - chord#: 74 In build_straw_man_chord_sa. tolerance = 1, sa_iterations = 1000, initial_temperature = 3.0, cooling_rate = 0.999
26 - INFO - chord#: 84 done. best_score=27.0, changed=528, unchanged=382, early_stops=8/8
26 - INFO - chord#: 86 In build_straw_man_chord_sa. tolerance = 1, sa_iterations = 1000, initial_temperature = 3.0, cooling_rate = 0.999
26 - INFO - chord#: 88 done. best_score=119.0, changed=609, unchanged=229, early_stops=8/8
26 - INFO - chord#: 92 In build_straw_man_chord_sa. tolerance = 1, sa_iterations = 1000, initial_temperature = 3.0, cooling_rate = 0.999
26 - INFO - chord#: 86 done. best_score=64.0, changed=611, unchanged=319, early_stops=8/8
26 - INFO - chord#: 88 In build_straw_man_chord_sa. tolerance = 1, sa_iterations = 1000, initial_temperature = 3.0, cooling_rate = 0.999
26 - INFO - chord#: 76 done. best_score=78.0, changed=617, unchanged=364, early_stops=8/8
26 - INFO - chord#: 78 In build_straw_man_chord_sa. tolerance = 1, sa_iterations = 1000, initial_temperature = 3.0, cooling_rate = 0.999
26 - INFO - chord#: 74 done. best_score=27.0, changed=520, unchanged=341, early_stops=8/8
26 - INFO - chord#: 76 In build_straw_man_chord_sa. tolerance = 1, sa_iterations = 1000, initial_temperature = 3.0, cooling_rate = 0.999
26 - INFO - chord#: 72 done. best_score=140.0, changed=610, unchanged=368, early_stops=8/8
26 - INFO - chord#: 74 In build_straw_man_chord_sa. tolerance = 1, sa_iterations = 1000, initial_temperature = 3.0, cooling_rate = 0.999
26 - INFO - chord#: 86 done. best_score=154.0, changed=607, unchanged=286, early_stops=8/8
26 - INFO - chord#: 88 In build_straw_man_chord_sa. tolerance = 1, sa_iterations = 1000, initial_temperature = 3.0, cooling_rate = 0.999
26 - INFO - chord#: 74 done. best_score=27.0, changed=527, unchanged=366, early_stops=8/8
26 - INFO - chord#: 76 In build_straw_man_chord_sa. tolerance = 1, sa_iterations = 1000, initial_temperature = 3.0, cooling_rate = 0.999
26 - INFO - chord#: 92 done. best_score=27.0, changed=520, unchanged=424, early_stops=8/8
26 - INFO - chord#: 94 In build_straw_man_chord_sa. tolerance = 1, sa_iterations = 1000, initial_temperature = 3.0, cooling_rate = 0.999
26 - INFO - chord#: 72 done. best_score=140.0, changed=614, unchanged=350, early_stops=8/8
26 - INFO - chord#: 74 In build_straw_man_chord_sa. tolerance = 1, sa_iterations = 1000, initial_temperature = 3.0, cooling_rate = 0.999
26 - INFO - chord#: 78 done. best_score=27.0, changed=530, unchanged=412, early_stops=8/8
26 - INFO - chord#: 80 In build_straw_man_chord_sa. tolerance = 1, sa_iterations = 1000, initial_temperature = 3.0, cooling_rate = 0.999
26 - INFO - chord#: 80 done. best_score=78.0, changed=618, unchanged=477, early_stops=8/8
26 - INFO - chord#: 84 In build_straw_man_chord_sa. tolerance = 1, sa_iterations = 1000, initial_temperature = 3.0, cooling_rate = 0.999
26 - INFO - chord#: 74 done. best_score=27.0, changed=520, unchanged=455, early_stops=8/8
26 - INFO - chord#: 76 In build_straw_man_chord_sa. tolerance = 1, sa_iterations = 1000, initial_temperature = 3.0, cooling_rate = 0.999
26 - INFO - chord#: 86 done. best_score=64.0, changed=607, unchanged=248, early_stops=8/8
26 - INFO - chord#: 88 In build_straw_man_chord_sa. tolerance = 1, sa_iterations = 1000, initial_temperature = 3.0, cooling_rate = 0.999
26 - INFO - chord#: 80 done. best_score=78.0, changed=618, unchanged=358, early_stops=8/8
26 - INFO - chord#: 84 In build_straw_man_chord_sa. tolerance = 1, sa_iterations = 1000, initial_temperature = 3.0, cooling_rate = 0.999
26 - INFO - chord#: 74 done. best_score=27.0, changed=517, unchanged=358, early_stops=8/8
26 - INFO - chord#: 76 In build_straw_man_chord_sa. tolerance = 1, sa_iterations = 1000, initial_temperature = 3.0, cooling_rate = 0.999
26 - INFO - chord#: 88 done. best_score=67.0, changed=613, unchanged=334, early_stops=8/8
26 - INFO - chord#: 92 In build_straw_man_chord_sa. tolerance = 1, sa_iterations = 1000, initial_temperature = 3.0, cooling_rate = 0.999
26 - INFO - chord#: 88 done. best_score=140.0, changed=610, unchanged=198, early_stops=8/8
26 - INFO - chord#: 92 In build_straw_man_chord_sa. tolerance = 1, sa_iterations = 1000, initial_temperature = 3.0, cooling_rate = 0.999
26 - INFO - chord#: 76 done. best_score=78.0, changed=614, unchanged=353, early_stops=8/8
26 - INFO - chord#: 78 In build_straw_man_chord_sa. tolerance = 1, sa_iterations = 1000, initial_temperature = 3.0, cooling_rate = 0.999
26 - INFO - chord#: 84 done. best_score=27.0, changed=522, unchanged=493, early_stops=8/8
26 - INFO - chord#: 86 In build_straw_man_chord_sa. tolerance = 1, sa_iterations = 1000, initial_temperature = 3.0, cooling_rate = 0.999
26 - INFO - chord#: 84 done. best_score=27.0, changed=518, unchanged=344, early_stops=8/8
26 - INFO - chord#: 86 In build_straw_man_chord_sa. tolerance = 1, sa_iterations = 1000, initial_temperature = 3.0, cooling_rate = 0.999
26 - INFO - chord#: 76 done. best_score=140.0, changed=615, unchanged=303, early_stops=8/8
26 - INFO - chord#: 78 In build_straw_man_chord_sa. tolerance = 1, sa_iterations = 1000, initial_temperature = 3.0, cooling_rate = 0.999
26 - INFO - chord#: 94 done. best_score=67.0, changed=615, unchanged=320, early_stops=8/8
26 - INFO - chord#: 96 In build_straw_man_chord_sa. tolerance = 1, sa_iterations = 1000, initial_temperature = 3.0, cooling_rate = 0.999
26 - INFO - chord#: 92 done. best_score=27.0, changed=517, unchanged=415, early_stops=8/8
26 - INFO - chord#: 94 In build_straw_man_chord_sa. tolerance = 1, sa_iterations = 1000, initial_temperature = 3.0, cooling_rate = 0.999
26 - INFO - chord#: 96 done. best_score=11.0, changed=494, unchanged=326, early_stops=8/8
26 - INFO - chord#: 104 In build_straw_man_chord_sa. tolerance = 1, sa_iterations = 1000, initial_temperature = 3.0, cooling_rate = 0.999
26 - INFO - chord#: 92 done. best_score=27.0, changed=525, unchanged=464, early_stops=8/8
26 - INFO - chord#: 94 In build_straw_man_chord_sa. tolerance = 1, sa_iterations = 1000, initial_temperature = 3.0, cooling_rate = 0.999
26 - INFO - chord#: 78 done. best_score=27.0, changed=514, unchanged=358, early_stops=8/8
26 - INFO - chord#: 80 In build_straw_man_chord_sa. tolerance = 1, sa_iterations = 1000, initial_temperature = 3.0, cooling_rate = 0.999
26 - INFO - chord#: 88 done. best_score=67.0, changed=613, unchanged=336, early_stops=8/8
26 - INFO - chord#: 92 In build_straw_man_chord_sa. tolerance = 1, sa_iterations = 1000, initial_temperature = 3.0, cooling_rate = 0.999
26 - INFO - chord#: 76 done. best_score=67.0, changed=617, unchanged=400, early_stops=8/8
26 - INFO - chord#: 78 In build_straw_man_chord_sa. tolerance = 1, sa_iterations = 1000, initial_temperature = 3.0, cooling_rate = 0.999
26 - INFO - chord#: 104 done. best_score=27.0, changed=535, unchanged=347, early_stops=8/8
26 - INFO - chord#: 108 In build_straw_man_chord_sa. tolerance = 1, sa_iterations = 1000, initial_temperature = 3.0, cooling_rate = 0.999
26 - INFO - chord#: 78 done. best_score=27.0, changed=519, unchanged=413, early_stops=8/8
26 - INFO - chord#: 80 In build_straw_man_chord_sa. tolerance = 1, sa_iterations = 1000, initial_temperature = 3.0, cooling_rate = 0.999
26 - INFO - chord#: 76 done. best_score=142.0, changed=610, unchanged=259, early_stops=8/8
26 - INFO - chord#: 78 In build_straw_man_chord_sa. tolerance = 1, sa_iterations = 1000, initial_temperature = 3.0, cooling_rate = 0.999
26 - INFO - chord#: 80 done. best_score=78.0, changed=618, unchanged=398, early_stops=8/8
26 - INFO - chord#: 84 In build_straw_man_chord_sa. tolerance = 1, sa_iterations = 1000, initial_temperature = 3.0, cooling_rate = 0.999
26 - INFO - chord#: 92 done. best_score=27.0, changed=518, unchanged=383, early_stops=8/8
26 - INFO - chord#: 94 In build_straw_man_chord_sa. tolerance = 1, sa_iterations = 1000, initial_temperature = 3.0, cooling_rate = 0.999
26 - INFO - chord#: 78 done. best_score=36.0, changed=536, unchanged=359, early_stops=8/8
26 - INFO - chord#: 80 In build_straw_man_chord_sa. tolerance = 1, sa_iterations = 1000, initial_temperature = 3.0, cooling_rate = 0.999
26 - INFO - chord#: 86 done. best_score=112.0, changed=617, unchanged=390, early_stops=8/8
26 - INFO - chord#: 88 In build_straw_man_chord_sa. tolerance = 1, sa_iterations = 1000, initial_temperature = 3.0, cooling_rate = 0.999
26 - INFO - chord#: 76 done. best_score=119.0, changed=614, unchanged=384, early_stops=8/8
26 - INFO - chord#: 78 In build_straw_man_chord_sa. tolerance = 1, sa_iterations = 1000, initial_temperature = 3.0, cooling_rate = 0.999
26 - INFO - chord#: 86 done. best_score=64.0, changed=614, unchanged=463, early_stops=8/8
26 - INFO - chord#: 88 In build_straw_man_chord_sa. tolerance = 1, sa_iterations = 1000, initial_temperature = 3.0, cooling_rate = 0.999
26 - INFO - chord#: 78 done. best_score=27.0, changed=525, unchanged=373, early_stops=8/8
26 - INFO - chord#: 80 In build_straw_man_chord_sa. tolerance = 1, sa_iterations = 1000, initial_temperature = 3.0, cooling_rate = 0.999
26 - INFO - chord#: 94 done. best_score=67.0, changed=615, unchanged=313, early_stops=8/8
26 - INFO - chord#: 94 done. best_score=137.0, changed=612, unchanged=283, early_stops=8/8
26 - INFO - chord#: 96 In build_straw_man_chord_sa. tolerance = 1, sa_iterations = 1000, initial_temperature = 3.0, cooling_rate = 0.999
26 - INFO - chord#: 96 In build_straw_man_chord_sa. tolerance = 1, sa_iterations = 1000, initial_temperature = 3.0, cooling_rate = 0.999
26 - INFO - chord#: 96 done. best_score=11.0, changed=496, unchanged=323, early_stops=8/8
26 - INFO - chord#: 104 In build_straw_man_chord_sa. tolerance = 1, sa_iterations = 1000, initial_temperature = 3.0, cooling_rate = 0.999
26 - INFO - chord#: 96 done. best_score=11.0, changed=490, unchanged=345, early_stops=8/8
26 - INFO - chord#: 104 In build_straw_man_chord_sa. tolerance = 1, sa_iterations = 1000, initial_temperature = 3.0, cooling_rate = 0.999
26 - INFO - chord#: 84 done. best_score=27.0, changed=519, unchanged=353, early_stops=8/8
26 - INFO - chord#: 86 In build_straw_man_chord_sa. tolerance = 1, sa_iterations = 1000, initial_temperature = 3.0, cooling_rate = 0.999
26 - INFO - chord#: 108 done. best_score=64.0, changed=619, unchanged=388, early_stops=8/8
26 - INFO - chord#: 110 In build_straw_man_chord_sa. tolerance = 1, sa_iterations = 1000, initial_temperature = 3.0, cooling_rate = 0.999
26 - INFO - chord#: 104 done. best_score=27.0, changed=529, unchanged=352, early_stops=8/8
26 - INFO - chord#: 108 In build_straw_man_chord_sa. tolerance = 1, sa_iterations = 1000, initial_temperature = 3.0, cooling_rate = 0.999
26 - INFO - chord#: 104 done. best_score=27.0, changed=523, unchanged=355, early_stops=8/8
26 - INFO - chord#: 108 In build_straw_man_chord_sa. tolerance = 1, sa_iterations = 1000, initial_temperature = 3.0, cooling_rate = 0.999
26 - INFO - chord#: 80 done. best_score=119.0, changed=620, unchanged=336, early_stops=8/8
26 - INFO - chord#: 84 In build_straw_man_chord_sa. tolerance = 1, sa_iterations = 1000, initial_temperature = 3.0, cooling_rate = 0.999
26 - INFO - chord#: 78 done. best_score=27.0, changed=527, unchanged=482, early_stops=8/8
26 - INFO - chord#: 80 In build_straw_man_chord_sa. tolerance = 1, sa_iterations = 1000, initial_temperature = 3.0, cooling_rate = 0.999
26 - INFO - chord#: 88 done. best_score=67.0, changed=612, unchanged=381, early_stops=8/8
26 - INFO - chord#: 92 In build_straw_man_chord_sa. tolerance = 1, sa_iterations = 1000, initial_temperature = 3.0, cooling_rate = 0.999
26 - INFO - chord#: 110 done. best_score=27.0, changed=521, unchanged=370, early_stops=8/8
26 - INFO - chord#: 112 In build_straw_man_chord_sa. tolerance = 1, sa_iterations = 1000, initial_temperature = 3.0, cooling_rate = 0.999
26 - INFO - chord#: 94 done. best_score=67.0, changed=613, unchanged=337, early_stops=8/8
26 - INFO - chord#: 96 In build_straw_man_chord_sa. tolerance = 1, sa_iterations = 1000, initial_temperature = 3.0, cooling_rate = 0.999
26 - INFO - chord#: 80 done. best_score=119.0, changed=610, unchanged=397, early_stops=8/8
26 - INFO - chord#: 84 In build_straw_man_chord_sa. tolerance = 1, sa_iterations = 1000, initial_temperature = 3.0, cooling_rate = 0.999
26 - INFO - chord#: 96 done. best_score=11.0, changed=467, unchanged=357, early_stops=8/8
26 - INFO - chord#: 104 In build_straw_man_chord_sa. tolerance = 1, sa_iterations = 1000, initial_temperature = 3.0, cooling_rate = 0.999
26 - INFO - chord#: 88 done. best_score=119.0, changed=609, unchanged=270, early_stops=8/8
26 - INFO - chord#: 92 In build_straw_man_chord_sa. tolerance = 1, sa_iterations = 1000, initial_temperature = 3.0, cooling_rate = 0.999
26 - INFO - chord#: 80 done. best_score=67.0, changed=609, unchanged=318, early_stops=8/8
26 - INFO - chord#: 84 In build_straw_man_chord_sa. tolerance = 1, sa_iterations = 1000, initial_temperature = 3.0, cooling_rate = 0.999
26 - INFO - chord#: 84 done. best_score=27.0, changed=519, unchanged=467, early_stops=8/8
26 - INFO - chord#: 86 In build_straw_man_chord_sa. tolerance = 1, sa_iterations = 1000, initial_temperature = 3.0, cooling_rate = 0.999
26 - INFO - chord#: 112 done. best_score=27.0, changed=519, unchanged=356, early_stops=8/8
26 - INFO - chord#: 116 In build_straw_man_chord_sa. tolerance = 1, sa_iterations = 1000, initial_temperature = 3.0, cooling_rate = 0.999
26 - INFO - chord#: 104 done. best_score=27.0, changed=518, unchanged=316, early_stops=8/8
26 - INFO - chord#: 108 In build_straw_man_chord_sa. tolerance = 1, sa_iterations = 1000, initial_temperature = 3.0, cooling_rate = 0.999
26 - INFO - chord#: 92 done. best_score=27.0, changed=521, unchanged=433, early_stops=8/8
26 - INFO - chord#: 94 In build_straw_man_chord_sa. tolerance = 1, sa_iterations = 1000, initial_temperature = 3.0, cooling_rate = 0.999
26 - INFO - chord#: 80 done. best_score=140.0, changed=614, unchanged=323, early_stops=8/8
26 - INFO - chord#: 84 In build_straw_man_chord_sa. tolerance = 1, sa_iterations = 1000, initial_temperature = 3.0, cooling_rate = 0.999
26 - INFO - chord#: 108 done. best_score=146.0, changed=611, unchanged=255, early_stops=8/8
26 - INFO - chord#: 110 In build_straw_man_chord_sa. tolerance = 1, sa_iterations = 1000, initial_temperature = 3.0, cooling_rate = 0.999
26 - INFO - chord#: 92 done. best_score=27.0, changed=515, unchanged=362, early_stops=8/8
26 - INFO - chord#: 94 In build_straw_man_chord_sa. tolerance = 1, sa_iterations = 1000, initial_temperature = 3.0, cooling_rate = 0.999
26 - INFO - chord#: 108 done. best_score=104.0, changed=610, unchanged=254, early_stops=8/8
26 - INFO - chord#: 110 In build_straw_man_chord_sa. tolerance = 1, sa_iterations = 1000, initial_temperature = 3.0, cooling_rate = 0.999
26 - INFO - chord#: 84 done. best_score=27.0, changed=520, unchanged=443, early_stops=8/8
26 - INFO - chord#: 86 In build_straw_man_chord_sa. tolerance = 1, sa_iterations = 1000, initial_temperature = 3.0, cooling_rate = 0.999
26 - INFO - chord#: 86 done. best_score=64.0, changed=613, unchanged=369, early_stops=8/8
26 - INFO - chord#: 88 In build_straw_man_chord_sa. tolerance = 1, sa_iterations = 1000, initial_temperature = 3.0, cooling_rate = 0.999
26 - INFO - chord#: 84 done. best_score=27.0, changed=521, unchanged=390, early_stops=8/8
26 - INFO - chord#: 86 In build_straw_man_chord_sa. tolerance = 1, sa_iterations = 1000, initial_temperature = 3.0, cooling_rate = 0.999
26 - INFO - chord#: 80 done. best_score=78.0, changed=613, unchanged=236, early_stops=8/8
26 - INFO - chord#: 84 In build_straw_man_chord_sa. tolerance = 1, sa_iterations = 1000, initial_temperature = 3.0, cooling_rate = 0.999
26 - INFO - chord#: 110 done. best_score=27.0, changed=529, unchanged=338, early_stops=8/8
26 - INFO - chord#: 112 In build_straw_man_chord_sa. tolerance = 1, sa_iterations = 1000, initial_temperature = 3.0, cooling_rate = 0.999
26 - INFO - chord#: 110 done. best_score=27.0, changed=526, unchanged=399, early_stops=8/8
26 - INFO - chord#: 112 In build_straw_man_chord_sa. tolerance = 1, sa_iterations = 1000, initial_temperature = 3.0, cooling_rate = 0.999
26 - INFO - chord#: 84 done. best_score=27.0, changed=515, unchanged=378, early_stops=8/8
26 - INFO - chord#: 86 In build_straw_man_chord_sa. tolerance = 1, sa_iterations = 1000, initial_temperature = 3.0, cooling_rate = 0.999
26 - INFO - chord#: 116 done. best_score=96.0, changed=610, unchanged=262, early_stops=8/8
26 - INFO - chord#: 118 In build_straw_man_chord_sa. tolerance = 1, sa_iterations = 1000, initial_temperature = 3.0, cooling_rate = 0.999
26 - INFO - chord#: 108 done. best_score=64.0, changed=610, unchanged=326, early_stops=8/8
26 - INFO - chord#: 110 In build_straw_man_chord_sa. tolerance = 1, sa_iterations = 1000, initial_temperature = 3.0, cooling_rate = 0.999
26 - INFO - chord#: 84 done. best_score=27.0, changed=524, unchanged=450, early_stops=8/8
26 - INFO - chord#: 86 In build_straw_man_chord_sa. tolerance = 1, sa_iterations = 1000, initial_temperature = 3.0, cooling_rate = 0.999
26 - INFO - chord#: 112 done. best_score=27.0, changed=530, unchanged=573, early_stops=8/8
26 - INFO - chord#: 116 In build_straw_man_chord_sa. tolerance = 1, sa_iterations = 1000, initial_temperature = 3.0, cooling_rate = 0.999
26 - INFO - chord#: 112 done. best_score=27.0, changed=517, unchanged=496, early_stops=8/8
26 - INFO - chord#: 116 In build_straw_man_chord_sa. tolerance = 1, sa_iterations = 1000, initial_temperature = 3.0, cooling_rate = 0.999
26 - INFO - chord#: 94 done. best_score=137.0, changed=616, unchanged=271, early_stops=8/8
26 - INFO - chord#: 96 In build_straw_man_chord_sa. tolerance = 1, sa_iterations = 1000, initial_temperature = 3.0, cooling_rate = 0.999
26 - INFO - chord#: 94 done. best_score=67.0, changed=610, unchanged=384, early_stops=8/8
26 - INFO - chord#: 96 In build_straw_man_chord_sa. tolerance = 1, sa_iterations = 1000, initial_temperature = 3.0, cooling_rate = 0.999
26 - INFO - chord#: 118 done. best_score=27.0, changed=526, unchanged=357, early_stops=8/8
26 - INFO - chord#: 120 In build_straw_man_chord_sa. tolerance = 1, sa_iterations = 1000, initial_temperature = 3.0, cooling_rate = 0.999
26 - INFO - chord#: 96 done. best_score=11.0, changed=465, unchanged=351, early_stops=8/8
26 - INFO - chord#: 104 In build_straw_man_chord_sa. tolerance = 1, sa_iterations = 1000, initial_temperature = 3.0, cooling_rate = 0.999
26 - INFO - chord#: 96 done. best_score=11.0, changed=481, unchanged=339, early_stops=8/8
26 - INFO - chord#: 104 In build_straw_man_chord_sa. tolerance = 1, sa_iterations = 1000, initial_temperature = 3.0, cooling_rate = 0.999
26 - INFO - chord#: 86 done. best_score=157.0, changed=606, unchanged=242, early_stops=8/8
26 - INFO - chord#: 88 In build_straw_man_chord_sa. tolerance = 1, sa_iterations = 1000, initial_temperature = 3.0, cooling_rate = 0.999
26 - INFO - chord#: 86 done. best_score=104.0, changed=611, unchanged=386, early_stops=8/8
26 - INFO - chord#: 88 In build_straw_man_chord_sa. tolerance = 1, sa_iterations = 1000, initial_temperature = 3.0, cooling_rate = 0.999
26 - INFO - chord#: 110 done. best_score=27.0, changed=535, unchanged=361, early_stops=8/8
26 - INFO - chord#: 112 In build_straw_man_chord_sa. tolerance = 1, sa_iterations = 1000, initial_temperature = 3.0, cooling_rate = 0.999
26 - INFO - chord#: 86 done. best_score=157.0, changed=609, unchanged=244, early_stops=8/8
26 - INFO - chord#: 88 In build_straw_man_chord_sa. tolerance = 1, sa_iterations = 1000, initial_temperature = 3.0, cooling_rate = 0.999
26 - INFO - chord#: 88 done. best_score=78.0, changed=610, unchanged=333, early_stops=8/8
26 - INFO - chord#: 92 In build_straw_man_chord_sa. tolerance = 1, sa_iterations = 1000, initial_temperature = 3.0, cooling_rate = 0.999
26 - INFO - chord#: 104 done. best_score=27.0, changed=529, unchanged=338, early_stops=8/8
26 - INFO - chord#: 108 In build_straw_man_chord_sa. tolerance = 1, sa_iterations = 1000, initial_temperature = 3.0, cooling_rate = 0.999
26 - INFO - chord#: 104 done. best_score=27.0, changed=525, unchanged=406, early_stops=8/8
26 - INFO - chord#: 108 In build_straw_man_chord_sa. tolerance = 1, sa_iterations = 1000, initial_temperature = 3.0, cooling_rate = 0.999
26 - INFO - chord#: 120 done. best_score=27.0, changed=524, unchanged=499, early_stops=8/8
26 - INFO - chord#: 122 In build_straw_man_chord_sa. tolerance = 1, sa_iterations = 1000, initial_temperature = 3.0, cooling_rate = 0.999
26 - INFO - chord#: 86 done. best_score=146.0, changed=607, unchanged=304, early_stops=8/8
26 - INFO - chord#: 88 In build_straw_man_chord_sa. tolerance = 1, sa_iterations = 1000, initial_temperature = 3.0, cooling_rate = 0.999
26 - INFO - chord#: 112 done. best_score=27.0, changed=525, unchanged=425, early_stops=8/8
26 - INFO - chord#: 116 In build_straw_man_chord_sa. tolerance = 1, sa_iterations = 1000, initial_temperature = 3.0, cooling_rate = 0.999
26 - INFO - chord#: 116 done. best_score=141.0, changed=604, unchanged=212, early_stops=8/8
26 - INFO - chord#: 118 In build_straw_man_chord_sa. tolerance = 1, sa_iterations = 1000, initial_temperature = 3.0, cooling_rate = 0.999
26 - INFO - chord#: 116 done. best_score=74.0, changed=606, unchanged=211, early_stops=8/8
26 - INFO - chord#: 118 In build_straw_man_chord_sa. tolerance = 1, sa_iterations = 1000, initial_temperature = 3.0, cooling_rate = 0.999
26 - INFO - chord#: 92 done. best_score=27.0, changed=519, unchanged=380, early_stops=8/8
26 - INFO - chord#: 94 In build_straw_man_chord_sa. tolerance = 1, sa_iterations = 1000, initial_temperature = 3.0, cooling_rate = 0.999
26 - INFO - chord#: 118 done. best_score=72.0, changed=526, unchanged=338, early_stops=8/8
26 - INFO - chord#: 120 In build_straw_man_chord_sa. tolerance = 1, sa_iterations = 1000, initial_temperature = 3.0, cooling_rate = 0.999
26 - INFO - chord#: 86 done. best_score=64.0, changed=611, unchanged=278, early_stops=8/8
26 - INFO - chord#: 88 In build_straw_man_chord_sa. tolerance = 1, sa_iterations = 1000, initial_temperature = 3.0, cooling_rate = 0.999
26 - INFO - chord#: 118 done. best_score=27.0, changed=527, unchanged=353, early_stops=8/8
26 - INFO - chord#: 120 In build_straw_man_chord_sa. tolerance = 1, sa_iterations = 1000, initial_temperature = 3.0, cooling_rate = 0.999
26 - INFO - chord#: 88 done. best_score=155.0, changed=606, unchanged=212, early_stops=8/8
26 - INFO - chord#: 92 In build_straw_man_chord_sa. tolerance = 1, sa_iterations = 1000, initial_temperature = 3.0, cooling_rate = 0.999
26 - INFO - chord#: 88 done. best_score=67.0, changed=614, unchanged=340, early_stops=8/8
26 - INFO - chord#: 92 In build_straw_man_chord_sa. tolerance = 1, sa_iterations = 1000, initial_temperature = 3.0, cooling_rate = 0.999
26 - INFO - chord#: 122 done. best_score=74.0, changed=624, unchanged=333, early_stops=8/8
26 - INFO - chord#: 124 In build_straw_man_chord_sa. tolerance = 1, sa_iterations = 1000, initial_temperature = 3.0, cooling_rate = 0.999
26 - INFO - chord#: 120 done. best_score=27.0, changed=526, unchanged=492, early_stops=8/8
26 - INFO - chord#: 122 In build_straw_man_chord_sa. tolerance = 1, sa_iterations = 1000, initial_temperature = 3.0, cooling_rate = 0.999
26 - INFO - chord#: 108 done. best_score=71.0, changed=612, unchanged=373, early_stops=8/8
26 - INFO - chord#: 110 In build_straw_man_chord_sa. tolerance = 1, sa_iterations = 1000, initial_temperature = 3.0, cooling_rate = 0.999
26 - INFO - chord#: 108 done. best_score=71.0, changed=617, unchanged=358, early_stops=8/8
26 - INFO - chord#: 110 In build_straw_man_chord_sa. tolerance = 1, sa_iterations = 1000, initial_temperature = 3.0, cooling_rate = 0.999
26 - INFO - chord#: 120 done. best_score=27.0, changed=520, unchanged=483, early_stops=8/8
26 - INFO - chord#: 122 In build_straw_man_chord_sa. tolerance = 1, sa_iterations = 1000, initial_temperature = 3.0, cooling_rate = 0.999
26 - INFO - chord#: 88 done. best_score=137.0, changed=617, unchanged=408, early_stops=8/8
26 - INFO - chord#: 92 In build_straw_man_chord_sa. tolerance = 1, sa_iterations = 1000, initial_temperature = 3.0, cooling_rate = 0.999
26 - INFO - chord#: 116 done. best_score=74.0, changed=614, unchanged=440, early_stops=8/8
26 - INFO - chord#: 118 In build_straw_man_chord_sa. tolerance = 1, sa_iterations = 1000, initial_temperature = 3.0, cooling_rate = 0.999
26 - INFO - chord#: 92 done. best_score=27.0, changed=516, unchanged=397, early_stops=8/8
26 - INFO - chord#: 94 In build_straw_man_chord_sa. tolerance = 1, sa_iterations = 1000, initial_temperature = 3.0, cooling_rate = 0.999
26 - INFO - chord#: 124 done. best_score=27.0, changed=535, unchanged=355, early_stops=8/8
26 - INFO - chord#: 128 In build_straw_man_chord_sa. tolerance = 1, sa_iterations = 1000, initial_temperature = 3.0, cooling_rate = 0.999
26 - INFO - chord#: 88 done. best_score=119.0, changed=611, unchanged=324, early_stops=8/8
26 - INFO - chord#: 92 In build_straw_man_chord_sa. tolerance = 1, sa_iterations = 1000, initial_temperature = 3.0, cooling_rate = 0.999
26 - INFO - chord#: 110 done. best_score=27.0, changed=549, unchanged=339, early_stops=8/8
26 - INFO - chord#: 112 In build_straw_man_chord_sa. tolerance = 1, sa_iterations = 1000, initial_temperature = 3.0, cooling_rate = 0.999
26 - INFO - chord#: 110 done. best_score=27.0, changed=529, unchanged=373, early_stops=8/8
26 - INFO - chord#: 112 In build_straw_man_chord_sa. tolerance = 1, sa_iterations = 1000, initial_temperature = 3.0, cooling_rate = 0.999
26 - INFO - chord#: 92 done. best_score=27.0, changed=522, unchanged=371, early_stops=8/8
26 - INFO - chord#: 94 In build_straw_man_chord_sa. tolerance = 1, sa_iterations = 1000, initial_temperature = 3.0, cooling_rate = 0.999
26 - INFO - chord#: 118 done. best_score=27.0, changed=517, unchanged=350, early_stops=8/8
26 - INFO - chord#: 120 In build_straw_man_chord_sa. tolerance = 1, sa_iterations = 1000, initial_temperature = 3.0, cooling_rate = 0.999
26 - INFO - chord#: 94 done. best_score=67.0, changed=611, unchanged=264, early_stops=8/8
26 - INFO - chord#: 88 done. best_score=67.0, changed=609, unchanged=247, early_stops=8/8
26 - INFO - chord#: 96 In build_straw_man_chord_sa. tolerance = 1, sa_iterations = 1000, initial_temperature = 3.0, cooling_rate = 0.999
26 - INFO - chord#: 92 In build_straw_man_chord_sa. tolerance = 1, sa_iterations = 1000, initial_temperature = 3.0, cooling_rate = 0.999
26 - INFO - chord#: 92 done. best_score=27.0, changed=524, unchanged=576, early_stops=8/8
26 - INFO - chord#: 94 In build_straw_man_chord_sa. tolerance = 1, sa_iterations = 1000, initial_temperature = 3.0, cooling_rate = 0.999
26 - INFO - chord#: 122 done. best_score=148.0, changed=608, unchanged=223, early_stops=8/8
26 - INFO - chord#: 124 In build_straw_man_chord_sa. tolerance = 1, sa_iterations = 1000, initial_temperature = 3.0, cooling_rate = 0.999
26 - INFO - chord#: 112 done. best_score=36.0, changed=527, unchanged=334, early_stops=8/8
26 - INFO - chord#: 116 In build_straw_man_chord_sa. tolerance = 1, sa_iterations = 1000, initial_temperature = 3.0, cooling_rate = 0.999
26 - INFO - chord#: 96 done. best_score=11.0, changed=474, unchanged=352, early_stops=8/8
26 - INFO - chord#: 104 In build_straw_man_chord_sa. tolerance = 1, sa_iterations = 1000, initial_temperature = 3.0, cooling_rate = 0.999
26 - INFO - chord#: 128 done. best_score=27.0, changed=531, unchanged=511, early_stops=8/8
26 - INFO - chord#: 132 In build_straw_man_chord_sa. tolerance = 1, sa_iterations = 1000, initial_temperature = 3.0, cooling_rate = 0.999
26 - INFO - chord#: 112 done. best_score=27.0, changed=520, unchanged=385, early_stops=8/8
26 - INFO - chord#: 116 In build_straw_man_chord_sa. tolerance = 1, sa_iterations = 1000, initial_temperature = 3.0, cooling_rate = 0.999
26 - INFO - chord#: 122 done. best_score=74.0, changed=614, unchanged=308, early_stops=8/8
26 - INFO - chord#: 124 In build_straw_man_chord_sa. tolerance = 1, sa_iterations = 1000, initial_temperature = 3.0, cooling_rate = 0.999
26 - INFO - chord#: 92 done. best_score=27.0, changed=522, unchanged=444, early_stops=8/8
26 - INFO - chord#: 94 In build_straw_man_chord_sa. tolerance = 1, sa_iterations = 1000, initial_temperature = 3.0, cooling_rate = 0.999
26 - INFO - chord#: 120 done. best_score=27.0, changed=519, unchanged=417, early_stops=8/8
26 - INFO - chord#: 122 In build_straw_man_chord_sa. tolerance = 1, sa_iterations = 1000, initial_temperature = 3.0, cooling_rate = 0.999
26 - INFO - chord#: 124 done. best_score=57.0, changed=524, unchanged=358, early_stops=8/8
26 - INFO - chord#: 128 In build_straw_man_chord_sa. tolerance = 1, sa_iterations = 1000, initial_temperature = 3.0, cooling_rate = 0.999
26 - INFO - chord#: 132 done. best_score=27.0, changed=519, unchanged=399, early_stops=8/8
26 - INFO - chord#: 136 In build_straw_man_chord_sa. tolerance = 1, sa_iterations = 1000, initial_temperature = 3.0, cooling_rate = 0.999
26 - INFO - chord#: 104 done. best_score=27.0, changed=530, unchanged=329, early_stops=8/8
26 - INFO - chord#: 108 In build_straw_man_chord_sa. tolerance = 1, sa_iterations = 1000, initial_temperature = 3.0, cooling_rate = 0.999
26 - INFO - chord#: 92 done. best_score=27.0, changed=527, unchanged=512, early_stops=8/8
26 - INFO - chord#: 94 In build_straw_man_chord_sa. tolerance = 1, sa_iterations = 1000, initial_temperature = 3.0, cooling_rate = 0.999
26 - INFO - chord#: 124 done. best_score=27.0, changed=522, unchanged=414, early_stops=8/8
26 - INFO - chord#: 128 In build_straw_man_chord_sa. tolerance = 1, sa_iterations = 1000, initial_temperature = 3.0, cooling_rate = 0.999
26 - INFO - chord#: 94 done. best_score=67.0, changed=609, unchanged=280, early_stops=8/8
26 - INFO - chord#: 96 In build_straw_man_chord_sa. tolerance = 1, sa_iterations = 1000, initial_temperature = 3.0, cooling_rate = 0.999
26 - INFO - chord#: 128 done. best_score=27.0, changed=525, unchanged=445, early_stops=8/8
26 - INFO - chord#: 132 In build_straw_man_chord_sa. tolerance = 1, sa_iterations = 1000, initial_temperature = 3.0, cooling_rate = 0.999
26 - INFO - chord#: 96 done. best_score=11.0, changed=471, unchanged=348, early_stops=8/8
26 - INFO - chord#: 104 In build_straw_man_chord_sa. tolerance = 1, sa_iterations = 1000, initial_temperature = 3.0, cooling_rate = 0.999
26 - INFO - chord#: 136 done. best_score=27.0, changed=527, unchanged=381, early_stops=8/8
26 - INFO - chord#: 140 In build_straw_man_chord_sa. tolerance = 1, sa_iterations = 1000, initial_temperature = 3.0, cooling_rate = 0.999
26 - INFO - chord#: 116 done. best_score=74.0, changed=610, unchanged=253, early_stops=8/8
26 - INFO - chord#: 118 In build_straw_man_chord_sa. tolerance = 1, sa_iterations = 1000, initial_temperature = 3.0, cooling_rate = 0.999
26 - INFO - chord#: 94 done. best_score=67.0, changed=614, unchanged=395, early_stops=8/8
26 - INFO - chord#: 96 In build_straw_man_chord_sa. tolerance = 1, sa_iterations = 1000, initial_temperature = 3.0, cooling_rate = 0.999
26 - INFO - chord#: 128 done. best_score=27.0, changed=530, unchanged=539, early_stops=8/8
26 - INFO - chord#: 132 In build_straw_man_chord_sa. tolerance = 1, sa_iterations = 1000, initial_temperature = 3.0, cooling_rate = 0.999
26 - INFO - chord#: 94 done. best_score=67.0, changed=610, unchanged=315, early_stops=8/8
26 - INFO - chord#: 96 In build_straw_man_chord_sa. tolerance = 1, sa_iterations = 1000, initial_temperature = 3.0, cooling_rate = 0.999
26 - INFO - chord#: 122 done. best_score=96.0, changed=616, unchanged=220, early_stops=8/8
26 - INFO - chord#: 124 In build_straw_man_chord_sa. tolerance = 1, sa_iterations = 1000, initial_temperature = 3.0, cooling_rate = 0.999
26 - INFO - chord#: 96 done. best_score=11.0, changed=499, unchanged=364, early_stops=8/8
26 - INFO - chord#: 104 In build_straw_man_chord_sa. tolerance = 1, sa_iterations = 1000, initial_temperature = 3.0, cooling_rate = 0.999
26 - INFO - chord#: 132 done. best_score=27.0, changed=528, unchanged=396, early_stops=8/8
26 - INFO - chord#: 136 In build_straw_man_chord_sa. tolerance = 1, sa_iterations = 1000, initial_temperature = 3.0, cooling_rate = 0.999
26 - INFO - chord#: 96 done. best_score=11.0, changed=482, unchanged=349, early_stops=8/8
26 - INFO - chord#: 104 In build_straw_man_chord_sa. tolerance = 1, sa_iterations = 1000, initial_temperature = 3.0, cooling_rate = 0.999
26 - INFO - chord#: 116 done. best_score=168.0, changed=617, unchanged=404, early_stops=8/8
26 - INFO - chord#: 118 In build_straw_man_chord_sa. tolerance = 1, sa_iterations = 1000, initial_temperature = 3.0, cooling_rate = 0.999
26 - INFO - chord#: 104 done. best_score=27.0, changed=527, unchanged=324, early_stops=8/8
26 - INFO - chord#: 108 In build_straw_man_chord_sa. tolerance = 1, sa_iterations = 1000, initial_temperature = 3.0, cooling_rate = 0.999
26 - INFO - chord#: 118 done. best_score=27.0, changed=515, unchanged=319, early_stops=8/8
26 - INFO - chord#: 120 In build_straw_man_chord_sa. tolerance = 1, sa_iterations = 1000, initial_temperature = 3.0, cooling_rate = 0.999
26 - INFO - chord#: 94 done. best_score=67.0, changed=611, unchanged=313, early_stops=8/8
26 - INFO - chord#: 96 In build_straw_man_chord_sa. tolerance = 1, sa_iterations = 1000, initial_temperature = 3.0, cooling_rate = 0.999
26 - INFO - chord#: 124 done. best_score=27.0, changed=528, unchanged=443, early_stops=8/8
26 - INFO - chord#: 128 In build_straw_man_chord_sa. tolerance = 1, sa_iterations = 1000, initial_temperature = 3.0, cooling_rate = 0.999
26 - INFO - chord#: 132 done. best_score=27.0, changed=529, unchanged=530, early_stops=8/8
26 - INFO - chord#: 136 In build_straw_man_chord_sa. tolerance = 1, sa_iterations = 1000, initial_temperature = 3.0, cooling_rate = 0.999
26 - INFO - chord#: 104 done. best_score=27.0, changed=535, unchanged=389, early_stops=8/8
26 - INFO - chord#: 108 In build_straw_man_chord_sa. tolerance = 1, sa_iterations = 1000, initial_temperature = 3.0, cooling_rate = 0.999
26 - INFO - chord#: 136 done. best_score=27.0, changed=543, unchanged=354, early_stops=8/8
26 - INFO - chord#: 140 In build_straw_man_chord_sa. tolerance = 1, sa_iterations = 1000, initial_temperature = 3.0, cooling_rate = 0.999
26 - INFO - chord#: 96 done. best_score=11.0, changed=474, unchanged=336, early_stops=8/8
26 - INFO - chord#: 104 In build_straw_man_chord_sa. tolerance = 1, sa_iterations = 1000, initial_temperature = 3.0, cooling_rate = 0.999
26 - INFO - chord#: 104 done. best_score=27.0, changed=518, unchanged=293, early_stops=8/8
26 - INFO - chord#: 108 In build_straw_man_chord_sa. tolerance = 1, sa_iterations = 1000, initial_temperature = 3.0, cooling_rate = 0.999
26 - INFO - chord#: 108 done. best_score=104.0, changed=611, unchanged=328, early_stops=8/8
26 - INFO - chord#: 110 In build_straw_man_chord_sa. tolerance = 1, sa_iterations = 1000, initial_temperature = 3.0, cooling_rate = 0.999
26 - INFO - chord#: 94 done. best_score=157.0, changed=607, unchanged=262, early_stops=8/8
26 - INFO - chord#: 96 In build_straw_man_chord_sa. tolerance = 1, sa_iterations = 1000, initial_temperature = 3.0, cooling_rate = 0.999
26 - INFO - chord#: 118 done. best_score=27.0, changed=533, unchanged=460, early_stops=8/8
26 - INFO - chord#: 120 In build_straw_man_chord_sa. tolerance = 1, sa_iterations = 1000, initial_temperature = 3.0, cooling_rate = 0.999
26 - INFO - chord#: 120 done. best_score=27.0, changed=524, unchanged=516, early_stops=8/8
26 - INFO - chord#: 122 In build_straw_man_chord_sa. tolerance = 1, sa_iterations = 1000, initial_temperature = 3.0, cooling_rate = 0.999
26 - INFO - chord#: 136 done. best_score=27.0, changed=521, unchanged=316, early_stops=8/8
26 - INFO - chord#: 140 In build_straw_man_chord_sa. tolerance = 1, sa_iterations = 1000, initial_temperature = 3.0, cooling_rate = 0.999
26 - INFO - chord#: 96 done. best_score=11.0, changed=481, unchanged=376, early_stops=8/8
26 - INFO - chord#: 104 In build_straw_man_chord_sa. tolerance = 1, sa_iterations = 1000, initial_temperature = 3.0, cooling_rate = 0.999
26 - INFO - chord#: 128 done. best_score=27.0, changed=521, unchanged=449, early_stops=8/8
26 - INFO - chord#: 132 In build_straw_man_chord_sa. tolerance = 1, sa_iterations = 1000, initial_temperature = 3.0, cooling_rate = 0.999
26 - INFO - chord#: 104 done. best_score=27.0, changed=525, unchanged=306, early_stops=8/8
26 - INFO - chord#: 108 In build_straw_man_chord_sa. tolerance = 1, sa_iterations = 1000, initial_temperature = 3.0, cooling_rate = 0.999
26 - INFO - chord#: 140 done. best_score=64.0, changed=619, unchanged=455, early_stops=8/8
26 - INFO - chord#: 144 In build_straw_man_chord_sa. tolerance = 1, sa_iterations = 1000, initial_temperature = 3.0, cooling_rate = 0.999
26 - INFO - chord#: 110 done. best_score=27.0, changed=533, unchanged=322, early_stops=8/8
26 - INFO - chord#: 112 In build_straw_man_chord_sa. tolerance = 1, sa_iterations = 1000, initial_temperature = 3.0, cooling_rate = 0.999
26 - INFO - chord#: 108 done. best_score=71.0, changed=606, unchanged=218, early_stops=8/8
26 - INFO - chord#: 110 In build_straw_man_chord_sa. tolerance = 1, sa_iterations = 1000, initial_temperature = 3.0, cooling_rate = 0.999
26 - INFO - chord#: 120 done. best_score=27.0, changed=523, unchanged=426, early_stops=8/8
26 - INFO - chord#: 122 In build_straw_man_chord_sa. tolerance = 1, sa_iterations = 1000, initial_temperature = 3.0, cooling_rate = 0.999
26 - INFO - chord#: 104 done. best_score=27.0, changed=531, unchanged=397, early_stops=8/8
26 - INFO - chord#: 108 In build_straw_man_chord_sa. tolerance = 1, sa_iterations = 1000, initial_temperature = 3.0, cooling_rate = 0.999
26 - INFO - chord#: 132 done. best_score=27.0, changed=526, unchanged=401, early_stops=8/8
26 - INFO - chord#: 136 In build_straw_man_chord_sa. tolerance = 1, sa_iterations = 1000, initial_temperature = 3.0, cooling_rate = 0.999
26 - INFO - chord#: 108 done. best_score=64.0, changed=617, unchanged=305, early_stops=8/8
26 - INFO - chord#: 110 In build_straw_man_chord_sa. tolerance = 1, sa_iterations = 1000, initial_temperature = 3.0, cooling_rate = 0.999
26 - INFO - chord#: 144 done. best_score=27.0, changed=531, unchanged=535, early_stops=8/8
26 - INFO - chord#: 148 In build_straw_man_chord_sa. tolerance = 1, sa_iterations = 1000, initial_temperature = 3.0, cooling_rate = 0.999
26 - INFO - chord#: 110 done. best_score=36.0, changed=532, unchanged=281, early_stops=8/8
26 - INFO - chord#: 112 In build_straw_man_chord_sa. tolerance = 1, sa_iterations = 1000, initial_temperature = 3.0, cooling_rate = 0.999
26 - INFO - chord#: 136 done. best_score=27.0, changed=523, unchanged=296, early_stops=8/8
26 - INFO - chord#: 140 In build_straw_man_chord_sa. tolerance = 1, sa_iterations = 1000, initial_temperature = 3.0, cooling_rate = 0.999
26 - INFO - chord#: 112 done. best_score=27.0, changed=521, unchanged=448, early_stops=8/8
26 - INFO - chord#: 116 In build_straw_man_chord_sa. tolerance = 1, sa_iterations = 1000, initial_temperature = 3.0, cooling_rate = 0.999
26 - INFO - chord#: 140 done. best_score=64.0, changed=614, unchanged=385, early_stops=8/8
26 - INFO - chord#: 144 In build_straw_man_chord_sa. tolerance = 1, sa_iterations = 1000, initial_temperature = 3.0, cooling_rate = 0.999
26 - INFO - chord#: 122 done. best_score=74.0, changed=614, unchanged=304, early_stops=8/8
26 - INFO - chord#: 124 In build_straw_man_chord_sa. tolerance = 1, sa_iterations = 1000, initial_temperature = 3.0, cooling_rate = 0.999
26 - INFO - chord#: 140 done. best_score=64.0, changed=612, unchanged=285, early_stops=8/8
26 - INFO - chord#: 144 In build_straw_man_chord_sa. tolerance = 1, sa_iterations = 1000, initial_temperature = 3.0, cooling_rate = 0.999
26 - INFO - chord#: 110 done. best_score=27.0, changed=532, unchanged=354, early_stops=8/8
26 - INFO - chord#: 112 In build_straw_man_chord_sa. tolerance = 1, sa_iterations = 1000, initial_temperature = 3.0, cooling_rate = 0.999
26 - INFO - chord#: 108 done. best_score=64.0, changed=613, unchanged=351, early_stops=8/8
26 - INFO - chord#: 110 In build_straw_man_chord_sa. tolerance = 1, sa_iterations = 1000, initial_temperature = 3.0, cooling_rate = 0.999
26 - INFO - chord#: 108 done. best_score=146.0, changed=613, unchanged=338, early_stops=8/8
26 - INFO - chord#: 110 In build_straw_man_chord_sa. tolerance = 1, sa_iterations = 1000, initial_temperature = 3.0, cooling_rate = 0.999
26 - INFO - chord#: 124 done. best_score=27.0, changed=522, unchanged=381, early_stops=8/8
26 - INFO - chord#: 128 In build_straw_man_chord_sa. tolerance = 1, sa_iterations = 1000, initial_temperature = 3.0, cooling_rate = 0.999
26 - INFO - chord#: 112 done. best_score=27.0, changed=519, unchanged=378, early_stops=8/8
26 - INFO - chord#: 116 In build_straw_man_chord_sa. tolerance = 1, sa_iterations = 1000, initial_temperature = 3.0, cooling_rate = 0.999
26 - INFO - chord#: 144 done. best_score=27.0, changed=520, unchanged=396, early_stops=8/8
26 - INFO - chord#: 148 In build_straw_man_chord_sa. tolerance = 1, sa_iterations = 1000, initial_temperature = 3.0, cooling_rate = 0.999
26 - INFO - chord#: 144 done. best_score=27.0, changed=521, unchanged=407, early_stops=8/8
26 - INFO - chord#: 148 In build_straw_man_chord_sa. tolerance = 1, sa_iterations = 1000, initial_temperature = 3.0, cooling_rate = 0.999
26 - INFO - chord#: 112 done. best_score=27.0, changed=520, unchanged=450, early_stops=8/8
26 - INFO - chord#: 116 In build_straw_man_chord_sa. tolerance = 1, sa_iterations = 1000, initial_temperature = 3.0, cooling_rate = 0.999
26 - INFO - chord#: 122 done. best_score=74.0, changed=610, unchanged=314, early_stops=8/8
26 - INFO - chord#: 124 In build_straw_man_chord_sa. tolerance = 1, sa_iterations = 1000, initial_temperature = 3.0, cooling_rate = 0.999
26 - INFO - chord#: 110 done. best_score=27.0, changed=534, unchanged=338, early_stops=8/8
26 - INFO - chord#: 108 done. best_score=146.0, changed=611, unchanged=297, early_stops=8/8
26 - INFO - chord#: 112 In build_straw_man_chord_sa. tolerance = 1, sa_iterations = 1000, initial_temperature = 3.0, cooling_rate = 0.999
26 - INFO - chord#: 110 In build_straw_man_chord_sa. tolerance = 1, sa_iterations = 1000, initial_temperature = 3.0, cooling_rate = 0.999
26 - INFO - chord#: 110 done. best_score=36.0, changed=526, unchanged=300, early_stops=8/8
26 - INFO - chord#: 112 In build_straw_man_chord_sa. tolerance = 1, sa_iterations = 1000, initial_temperature = 3.0, cooling_rate = 0.999
26 - INFO - chord#: 140 done. best_score=71.0, changed=612, unchanged=247, early_stops=8/8
26 - INFO - chord#: 144 In build_straw_man_chord_sa. tolerance = 1, sa_iterations = 1000, initial_temperature = 3.0, cooling_rate = 0.999
26 - INFO - chord#: 128 done. best_score=27.0, changed=522, unchanged=471, early_stops=8/8
26 - INFO - chord#: 132 In build_straw_man_chord_sa. tolerance = 1, sa_iterations = 1000, initial_temperature = 3.0, cooling_rate = 0.999
26 - INFO - chord#: 148 done. best_score=74.0, changed=619, unchanged=432, early_stops=8/8
26 - INFO - chord#: 152 In build_straw_man_chord_sa. tolerance = 1, sa_iterations = 1000, initial_temperature = 3.0, cooling_rate = 0.999
26 - INFO - chord#: 116 done. best_score=74.0, changed=616, unchanged=291, early_stops=8/8
26 - INFO - chord#: 118 In build_straw_man_chord_sa. tolerance = 1, sa_iterations = 1000, initial_temperature = 3.0, cooling_rate = 0.999
26 - INFO - chord#: 112 done. best_score=27.0, changed=520, unchanged=405, early_stops=8/8
26 - INFO - chord#: 116 In build_straw_man_chord_sa. tolerance = 1, sa_iterations = 1000, initial_temperature = 3.0, cooling_rate = 0.999
26 - INFO - chord#: 110 done. best_score=36.0, changed=544, unchanged=304, early_stops=8/8
26 - INFO - chord#: 124 done. best_score=27.0, changed=523, unchanged=382, early_stops=8/8
26 - INFO - chord#: 112 In build_straw_man_chord_sa. tolerance = 1, sa_iterations = 1000, initial_temperature = 3.0, cooling_rate = 0.999
26 - INFO - chord#: 128 In build_straw_man_chord_sa. tolerance = 1, sa_iterations = 1000, initial_temperature = 3.0, cooling_rate = 0.999
26 - INFO - chord#: 144 done. best_score=27.0, changed=513, unchanged=355, early_stops=8/8
26 - INFO - chord#: 148 In build_straw_man_chord_sa. tolerance = 1, sa_iterations = 1000, initial_temperature = 3.0, cooling_rate = 0.999
26 - INFO - chord#: 132 done. best_score=27.0, changed=520, unchanged=340, early_stops=8/8
26 - INFO - chord#: 136 In build_straw_man_chord_sa. tolerance = 1, sa_iterations = 1000, initial_temperature = 3.0, cooling_rate = 0.999
26 - INFO - chord#: 112 done. best_score=27.0, changed=519, unchanged=467, early_stops=8/8
26 - INFO - chord#: 116 In build_straw_man_chord_sa. tolerance = 1, sa_iterations = 1000, initial_temperature = 3.0, cooling_rate = 0.999
26 - INFO - chord#: 152 done. best_score=27.0, changed=526, unchanged=398, early_stops=8/8
26 - INFO - chord#: 154 In build_straw_man_chord_sa. tolerance = 1, sa_iterations = 1000, initial_temperature = 3.0, cooling_rate = 0.999
26 - INFO - chord#: 148 done. best_score=101.0, changed=611, unchanged=242, early_stops=8/8
26 - INFO - chord#: 152 In build_straw_man_chord_sa. tolerance = 1, sa_iterations = 1000, initial_temperature = 3.0, cooling_rate = 0.999
26 - INFO - chord#: 118 done. best_score=27.0, changed=523, unchanged=355, early_stops=8/8
26 - INFO - chord#: 120 In build_straw_man_chord_sa. tolerance = 1, sa_iterations = 1000, initial_temperature = 3.0, cooling_rate = 0.999
26 - INFO - chord#: 116 done. best_score=74.0, changed=612, unchanged=299, early_stops=8/8
26 - INFO - chord#: 118 In build_straw_man_chord_sa. tolerance = 1, sa_iterations = 1000, initial_temperature = 3.0, cooling_rate = 0.999
26 - INFO - chord#: 116 done. best_score=167.0, changed=611, unchanged=234, early_stops=8/8
26 - INFO - chord#: 118 In build_straw_man_chord_sa. tolerance = 1, sa_iterations = 1000, initial_temperature = 3.0, cooling_rate = 0.999
26 - INFO - chord#: 148 done. best_score=74.0, changed=612, unchanged=368, early_stops=8/8
26 - INFO - chord#: 152 In build_straw_man_chord_sa. tolerance = 1, sa_iterations = 1000, initial_temperature = 3.0, cooling_rate = 0.999
26 - INFO - chord#: 136 done. best_score=27.0, changed=525, unchanged=369, early_stops=8/8
26 - INFO - chord#: 140 In build_straw_man_chord_sa. tolerance = 1, sa_iterations = 1000, initial_temperature = 3.0, cooling_rate = 0.999
26 - INFO - chord#: 112 done. best_score=27.0, changed=520, unchanged=377, early_stops=8/8
26 - INFO - chord#: 116 In build_straw_man_chord_sa. tolerance = 1, sa_iterations = 1000, initial_temperature = 3.0, cooling_rate = 0.999
26 - INFO - chord#: 128 done. best_score=27.0, changed=516, unchanged=415, early_stops=8/8
26 - INFO - chord#: 132 In build_straw_man_chord_sa. tolerance = 1, sa_iterations = 1000, initial_temperature = 3.0, cooling_rate = 0.999
26 - INFO - chord#: 152 done. best_score=27.0, changed=519, unchanged=347, early_stops=8/8
26 - INFO - chord#: 154 In build_straw_man_chord_sa. tolerance = 1, sa_iterations = 1000, initial_temperature = 3.0, cooling_rate = 0.999
26 - INFO - chord#: 118 done. best_score=27.0, changed=526, unchanged=332, early_stops=8/8
26 - INFO - chord#: 120 In build_straw_man_chord_sa. tolerance = 1, sa_iterations = 1000, initial_temperature = 3.0, cooling_rate = 0.999
26 - INFO - chord#: 148 done. best_score=74.0, changed=610, unchanged=210, early_stops=8/8
26 - INFO - chord#: 152 In build_straw_man_chord_sa. tolerance = 1, sa_iterations = 1000, initial_temperature = 3.0, cooling_rate = 0.999
26 - INFO - chord#: 118 done. best_score=27.0, changed=540, unchanged=436, early_stops=8/8
26 - INFO - chord#: 120 In build_straw_man_chord_sa. tolerance = 1, sa_iterations = 1000, initial_temperature = 3.0, cooling_rate = 0.999
26 - INFO - chord#: 120 done. best_score=27.0, changed=521, unchanged=501, early_stops=8/8
26 - INFO - chord#: 122 In build_straw_man_chord_sa. tolerance = 1, sa_iterations = 1000, initial_temperature = 3.0, cooling_rate = 0.999
26 - INFO - chord#: 116 done. best_score=96.0, changed=612, unchanged=354, early_stops=8/8
26 - INFO - chord#: 118 In build_straw_man_chord_sa. tolerance = 1, sa_iterations = 1000, initial_temperature = 3.0, cooling_rate = 0.999
26 - INFO - chord#: 152 done. best_score=27.0, changed=519, unchanged=364, early_stops=8/8
26 - INFO - chord#: 154 In build_straw_man_chord_sa. tolerance = 1, sa_iterations = 1000, initial_temperature = 3.0, cooling_rate = 0.999
26 - INFO - chord#: 132 done. best_score=27.0, changed=521, unchanged=333, early_stops=8/8
26 - INFO - chord#: 136 In build_straw_man_chord_sa. tolerance = 1, sa_iterations = 1000, initial_temperature = 3.0, cooling_rate = 0.999
26 - INFO - chord#: 120 done. best_score=27.0, changed=514, unchanged=346, early_stops=8/8
26 - INFO - chord#: 122 In build_straw_man_chord_sa. tolerance = 1, sa_iterations = 1000, initial_temperature = 3.0, cooling_rate = 0.999
26 - INFO - chord#: 152 done. best_score=27.0, changed=514, unchanged=451, early_stops=8/8
26 - INFO - chord#: 154 In build_straw_man_chord_sa. tolerance = 1, sa_iterations = 1000, initial_temperature = 3.0, cooling_rate = 0.999
26 - INFO - chord#: 154 done. best_score=74.0, changed=613, unchanged=423, early_stops=8/8
26 - INFO - chord#: 156 In build_straw_man_chord_sa. tolerance = 1, sa_iterations = 1000, initial_temperature = 3.0, cooling_rate = 0.999
26 - INFO - chord#: 116 done. best_score=74.0, changed=610, unchanged=377, early_stops=8/8
26 - INFO - chord#: 118 In build_straw_man_chord_sa. tolerance = 1, sa_iterations = 1000, initial_temperature = 3.0, cooling_rate = 0.999
26 - INFO - chord#: 118 done. best_score=27.0, changed=531, unchanged=393, early_stops=8/8
26 - INFO - chord#: 120 In build_straw_man_chord_sa. tolerance = 1, sa_iterations = 1000, initial_temperature = 3.0, cooling_rate = 0.999
26 - INFO - chord#: 120 done. best_score=27.0, changed=520, unchanged=365, early_stops=8/8
26 - INFO - chord#: 122 In build_straw_man_chord_sa. tolerance = 1, sa_iterations = 1000, initial_temperature = 3.0, cooling_rate = 0.999
26 - INFO - chord#: 136 done. best_score=27.0, changed=516, unchanged=294, early_stops=8/8
26 - INFO - chord#: 140 In build_straw_man_chord_sa. tolerance = 1, sa_iterations = 1000, initial_temperature = 3.0, cooling_rate = 0.999
26 - INFO - chord#: 140 done. best_score=64.0, changed=610, unchanged=309, early_stops=8/8
26 - INFO - chord#: 144 In build_straw_man_chord_sa. tolerance = 1, sa_iterations = 1000, initial_temperature = 3.0, cooling_rate = 0.999
26 - INFO - chord#: 154 done. best_score=74.0, changed=612, unchanged=317, early_stops=8/8
26 - INFO - chord#: 156 In build_straw_man_chord_sa. tolerance = 1, sa_iterations = 1000, initial_temperature = 3.0, cooling_rate = 0.999
26 - INFO - chord#: 156 done. best_score=27.0, changed=514, unchanged=371, early_stops=8/8
26 - INFO - chord#: 158 In build_straw_man_chord_sa. tolerance = 1, sa_iterations = 1000, initial_temperature = 3.0, cooling_rate = 0.999
26 - INFO - chord#: 116 done. best_score=96.0, changed=618, unchanged=327, early_stops=8/8
26 - INFO - chord#: 118 In build_straw_man_chord_sa. tolerance = 1, sa_iterations = 1000, initial_temperature = 3.0, cooling_rate = 0.999
26 - INFO - chord#: 118 done. best_score=27.0, changed=526, unchanged=359, early_stops=8/8
26 - INFO - chord#: 120 In build_straw_man_chord_sa. tolerance = 1, sa_iterations = 1000, initial_temperature = 3.0, cooling_rate = 0.999
26 - INFO - chord#: 120 done. best_score=27.0, changed=528, unchanged=422, early_stops=8/8
26 - INFO - chord#: 122 In build_straw_man_chord_sa. tolerance = 1, sa_iterations = 1000, initial_temperature = 3.0, cooling_rate = 0.999
26 - INFO - chord#: 144 done. best_score=27.0, changed=517, unchanged=535, early_stops=8/8
26 - INFO - chord#: 148 In build_straw_man_chord_sa. tolerance = 1, sa_iterations = 1000, initial_temperature = 3.0, cooling_rate = 0.999
26 - INFO - chord#: 122 done. best_score=74.0, changed=615, unchanged=344, early_stops=8/8
26 - INFO - chord#: 124 In build_straw_man_chord_sa. tolerance = 1, sa_iterations = 1000, initial_temperature = 3.0, cooling_rate = 0.999
26 - INFO - chord#: 158 done. best_score=31.0, changed=522, unchanged=353, early_stops=8/8
26 - INFO - chord#: 160 In build_straw_man_chord_sa. tolerance = 1, sa_iterations = 1000, initial_temperature = 3.0, cooling_rate = 0.999
26 - INFO - chord#: 156 done. best_score=27.0, changed=524, unchanged=442, early_stops=8/8
26 - INFO - chord#: 158 In build_straw_man_chord_sa. tolerance = 1, sa_iterations = 1000, initial_temperature = 3.0, cooling_rate = 0.999
26 - INFO - chord#: 122 done. best_score=121.0, changed=610, unchanged=366, early_stops=8/8
26 - INFO - chord#: 124 In build_straw_man_chord_sa. tolerance = 1, sa_iterations = 1000, initial_temperature = 3.0, cooling_rate = 0.999
26 - INFO - chord#: 154 done. best_score=141.0, changed=610, unchanged=252, early_stops=8/8
26 - INFO - chord#: 156 In build_straw_man_chord_sa. tolerance = 1, sa_iterations = 1000, initial_temperature = 3.0, cooling_rate = 0.999
26 - INFO - chord#: 118 done. best_score=27.0, changed=524, unchanged=332, early_stops=8/8
26 - INFO - chord#: 120 In build_straw_man_chord_sa. tolerance = 1, sa_iterations = 1000, initial_temperature = 3.0, cooling_rate = 0.999
26 - INFO - chord#: 120 done. best_score=27.0, changed=524, unchanged=417, early_stops=8/8
26 - INFO - chord#: 122 In build_straw_man_chord_sa. tolerance = 1, sa_iterations = 1000, initial_temperature = 3.0, cooling_rate = 0.999
26 - INFO - chord#: 158 done. best_score=31.0, changed=533, unchanged=378, early_stops=8/8
26 - INFO - chord#: 160 In build_straw_man_chord_sa. tolerance = 1, sa_iterations = 1000, initial_temperature = 3.0, cooling_rate = 0.999
26 - INFO - chord#: 124 done. best_score=27.0, changed=534, unchanged=339, early_stops=8/8
26 - INFO - chord#: 128 In build_straw_man_chord_sa. tolerance = 1, sa_iterations = 1000, initial_temperature = 3.0, cooling_rate = 0.999
26 - INFO - chord#: 124 done. best_score=27.0, changed=519, unchanged=389, early_stops=8/8
26 - INFO - chord#: 128 In build_straw_man_chord_sa. tolerance = 1, sa_iterations = 1000, initial_temperature = 3.0, cooling_rate = 0.999
26 - INFO - chord#: 140 done. best_score=154.0, changed=613, unchanged=246, early_stops=8/8
26 - INFO - chord#: 144 In build_straw_man_chord_sa. tolerance = 1, sa_iterations = 1000, initial_temperature = 3.0, cooling_rate = 0.999
26 - INFO - chord#: 154 done. best_score=74.0, changed=617, unchanged=504, early_stops=8/8
26 - INFO - chord#: 156 In build_straw_man_chord_sa. tolerance = 1, sa_iterations = 1000, initial_temperature = 3.0, cooling_rate = 0.999
26 - INFO - chord#: 122 done. best_score=74.0, changed=611, unchanged=358, early_stops=8/8
26 - INFO - chord#: 124 In build_straw_man_chord_sa. tolerance = 1, sa_iterations = 1000, initial_temperature = 3.0, cooling_rate = 0.999
26 - INFO - chord#: 156 done. best_score=27.0, changed=516, unchanged=370, early_stops=8/8
26 - INFO - chord#: 158 In build_straw_man_chord_sa. tolerance = 1, sa_iterations = 1000, initial_temperature = 3.0, cooling_rate = 0.999
26 - INFO - chord#: 122 done. best_score=74.0, changed=617, unchanged=342, early_stops=8/8
26 - INFO - chord#: 124 In build_straw_man_chord_sa. tolerance = 1, sa_iterations = 1000, initial_temperature = 3.0, cooling_rate = 0.999
26 - INFO - chord#: 120 done. best_score=27.0, changed=523, unchanged=459, early_stops=8/8
26 - INFO - chord#: 122 In build_straw_man_chord_sa. tolerance = 1, sa_iterations = 1000, initial_temperature = 3.0, cooling_rate = 0.999
26 - INFO - chord#: 148 done. best_score=149.0, changed=613, unchanged=376, early_stops=8/8
26 - INFO - chord#: 152 In build_straw_man_chord_sa. tolerance = 1, sa_iterations = 1000, initial_temperature = 3.0, cooling_rate = 0.999
26 - INFO - chord#: 124 done. best_score=27.0, changed=517, unchanged=334, early_stops=8/8
26 - INFO - chord#: 128 In build_straw_man_chord_sa. tolerance = 1, sa_iterations = 1000, initial_temperature = 3.0, cooling_rate = 0.999
26 - INFO - chord#: 128 done. best_score=27.0, changed=524, unchanged=614, early_stops=8/8
26 - INFO - chord#: 132 In build_straw_man_chord_sa. tolerance = 1, sa_iterations = 1000, initial_temperature = 3.0, cooling_rate = 0.999
26 - INFO - chord#: 156 done. best_score=27.0, changed=528, unchanged=549, early_stops=8/8
26 - INFO - chord#: 144 done. best_score=27.0, changed=517, unchanged=377, early_stops=8/8
26 - INFO - chord#: 158 In build_straw_man_chord_sa. tolerance = 1, sa_iterations = 1000, initial_temperature = 3.0, cooling_rate = 0.999
26 - INFO - chord#: 148 In build_straw_man_chord_sa. tolerance = 1, sa_iterations = 1000, initial_temperature = 3.0, cooling_rate = 0.999
26 - INFO - chord#: 128 done. best_score=27.0, changed=516, unchanged=355, early_stops=8/8
26 - INFO - chord#: 132 In build_straw_man_chord_sa. tolerance = 1, sa_iterations = 1000, initial_temperature = 3.0, cooling_rate = 0.999
26 - INFO - chord#: 160 done. best_score=94.0, changed=611, unchanged=295, early_stops=8/8
26 - INFO - chord#: 162 In build_straw_man_chord_sa. tolerance = 1, sa_iterations = 1000, initial_temperature = 3.0, cooling_rate = 0.999
26 - INFO - chord#: 158 done. best_score=31.0, changed=524, unchanged=395, early_stops=8/8
26 - INFO - chord#: 160 In build_straw_man_chord_sa. tolerance = 1, sa_iterations = 1000, initial_temperature = 3.0, cooling_rate = 0.999
26 - INFO - chord#: 124 done. best_score=27.0, changed=513, unchanged=297, early_stops=8/8
26 - INFO - chord#: 128 In build_straw_man_chord_sa. tolerance = 1, sa_iterations = 1000, initial_temperature = 3.0, cooling_rate = 0.999
26 - INFO - chord#: 132 done. best_score=27.0, changed=523, unchanged=353, early_stops=8/8
26 - INFO - chord#: 136 In build_straw_man_chord_sa. tolerance = 1, sa_iterations = 1000, initial_temperature = 3.0, cooling_rate = 0.999
26 - INFO - chord#: 152 done. best_score=27.0, changed=527, unchanged=438, early_stops=8/8
26 - INFO - chord#: 154 In build_straw_man_chord_sa. tolerance = 1, sa_iterations = 1000, initial_temperature = 3.0, cooling_rate = 0.999
26 - INFO - chord#: 158 done. best_score=31.0, changed=536, unchanged=427, early_stops=8/8
26 - INFO - chord#: 160 In build_straw_man_chord_sa. tolerance = 1, sa_iterations = 1000, initial_temperature = 3.0, cooling_rate = 0.999
26 - INFO - chord#: 160 done. best_score=94.0, changed=612, unchanged=356, early_stops=8/8
26 - INFO - chord#: 162 In build_straw_man_chord_sa. tolerance = 1, sa_iterations = 1000, initial_temperature = 3.0, cooling_rate = 0.999
26 - INFO - chord#: 132 done. best_score=27.0, changed=523, unchanged=363, early_stops=8/8
26 - INFO - chord#: 122 done. best_score=121.0, changed=612, unchanged=351, early_stops=8/8
26 - INFO - chord#: 136 In build_straw_man_chord_sa. tolerance = 1, sa_iterations = 1000, initial_temperature = 3.0, cooling_rate = 0.999
26 - INFO - chord#: 124 In build_straw_man_chord_sa. tolerance = 1, sa_iterations = 1000, initial_temperature = 3.0, cooling_rate = 0.999
26 - INFO - chord#: 128 done. best_score=27.0, changed=514, unchanged=334, early_stops=8/8
26 - INFO - chord#: 132 In build_straw_man_chord_sa. tolerance = 1, sa_iterations = 1000, initial_temperature = 3.0, cooling_rate = 0.999
26 - INFO - chord#: 128 done. best_score=27.0, changed=525, unchanged=407, early_stops=8/8
26 - INFO - chord#: 132 In build_straw_man_chord_sa. tolerance = 1, sa_iterations = 1000, initial_temperature = 3.0, cooling_rate = 0.999
26 - INFO - chord#: 136 done. best_score=27.0, changed=531, unchanged=463, early_stops=8/8
26 - INFO - chord#: 140 In build_straw_man_chord_sa. tolerance = 1, sa_iterations = 1000, initial_temperature = 3.0, cooling_rate = 0.999
26 - INFO - chord#: 132 done. best_score=27.0, changed=521, unchanged=420, early_stops=8/8
26 - INFO - chord#: 136 In build_straw_man_chord_sa. tolerance = 1, sa_iterations = 1000, initial_temperature = 3.0, cooling_rate = 0.999
26 - INFO - chord#: 122 done. best_score=74.0, changed=610, unchanged=352, early_stops=8/8
26 - INFO - chord#: 124 In build_straw_man_chord_sa. tolerance = 1, sa_iterations = 1000, initial_temperature = 3.0, cooling_rate = 0.999
26 - INFO - chord#: 132 done. best_score=27.0, changed=515, unchanged=343, early_stops=8/8
26 - INFO - chord#: 136 In build_straw_man_chord_sa. tolerance = 1, sa_iterations = 1000, initial_temperature = 3.0, cooling_rate = 0.999
26 - INFO - chord#: 136 done. best_score=27.0, changed=525, unchanged=314, early_stops=8/8
26 - INFO - chord#: 140 In build_straw_man_chord_sa. tolerance = 1, sa_iterations = 1000, initial_temperature = 3.0, cooling_rate = 0.999
26 - INFO - chord#: 124 done. best_score=27.0, changed=523, unchanged=331, early_stops=8/8
26 - INFO - chord#: 128 In build_straw_man_chord_sa. tolerance = 1, sa_iterations = 1000, initial_temperature = 3.0, cooling_rate = 0.999
26 - INFO - chord#: 162 done. best_score=137.0, changed=612, unchanged=412, early_stops=8/8
26 - INFO - chord#: 164 In build_straw_man_chord_sa. tolerance = 1, sa_iterations = 1000, initial_temperature = 3.0, cooling_rate = 0.999
26 - INFO - chord#: 148 done. best_score=96.0, changed=615, unchanged=314, early_stops=8/8
26 - INFO - chord#: 152 In build_straw_man_chord_sa. tolerance = 1, sa_iterations = 1000, initial_temperature = 3.0, cooling_rate = 0.999
26 - INFO - chord#: 160 done. best_score=93.0, changed=608, unchanged=236, early_stops=8/8
26 - INFO - chord#: 162 In build_straw_man_chord_sa. tolerance = 1, sa_iterations = 1000, initial_temperature = 3.0, cooling_rate = 0.999
26 - INFO - chord#: 162 done. best_score=137.0, changed=613, unchanged=243, early_stops=8/8
26 - INFO - chord#: 164 In build_straw_man_chord_sa. tolerance = 1, sa_iterations = 1000, initial_temperature = 3.0, cooling_rate = 0.999
26 - INFO - chord#: 136 done. best_score=27.0, changed=526, unchanged=406, early_stops=8/8
26 - INFO - chord#: 154 done. best_score=96.0, changed=611, unchanged=257, early_stops=8/8
26 - INFO - chord#: 140 In build_straw_man_chord_sa. tolerance = 1, sa_iterations = 1000, initial_temperature = 3.0, cooling_rate = 0.999
26 - INFO - chord#: 156 In build_straw_man_chord_sa. tolerance = 1, sa_iterations = 1000, initial_temperature = 3.0, cooling_rate = 0.999
26 - INFO - chord#: 124 done. best_score=27.0, changed=540, unchanged=365, early_stops=8/8
26 - INFO - chord#: 128 In build_straw_man_chord_sa. tolerance = 1, sa_iterations = 1000, initial_temperature = 3.0, cooling_rate = 0.999
26 - INFO - chord#: 136 done. best_score=27.0, changed=536, unchanged=416, early_stops=8/8
26 - INFO - chord#: 140 In build_straw_man_chord_sa. tolerance = 1, sa_iterations = 1000, initial_temperature = 3.0, cooling_rate = 0.999
26 - INFO - chord#: 164 done. best_score=27.0, changed=517, unchanged=494, early_stops=8/8
26 - INFO - chord#: 172 In build_straw_man_chord_sa. tolerance = 1, sa_iterations = 1000, initial_temperature = 3.0, cooling_rate = 0.999
26 - INFO - chord#: 160 done. best_score=96.0, changed=613, unchanged=378, early_stops=8/8
26 - INFO - chord#: 162 In build_straw_man_chord_sa. tolerance = 1, sa_iterations = 1000, initial_temperature = 3.0, cooling_rate = 0.999
26 - INFO - chord#: 128 done. best_score=27.0, changed=521, unchanged=471, early_stops=8/8
26 - INFO - chord#: 132 In build_straw_man_chord_sa. tolerance = 1, sa_iterations = 1000, initial_temperature = 3.0, cooling_rate = 0.999
26 - INFO - chord#: 152 done. best_score=27.0, changed=520, unchanged=408, early_stops=8/8
26 - INFO - chord#: 154 In build_straw_man_chord_sa. tolerance = 1, sa_iterations = 1000, initial_temperature = 3.0, cooling_rate = 0.999
26 - INFO - chord#: 156 done. best_score=27.0, changed=523, unchanged=476, early_stops=8/8
26 - INFO - chord#: 158 In build_straw_man_chord_sa. tolerance = 1, sa_iterations = 1000, initial_temperature = 3.0, cooling_rate = 0.999
26 - INFO - chord#: 164 done. best_score=27.0, changed=525, unchanged=407, early_stops=8/8
26 - INFO - chord#: 172 In build_straw_man_chord_sa. tolerance = 1, sa_iterations = 1000, initial_temperature = 3.0, cooling_rate = 0.999
26 - INFO - chord#: 140 done. best_score=64.0, changed=608, unchanged=302, early_stops=8/8
26 - INFO - chord#: 144 In build_straw_man_chord_sa. tolerance = 1, sa_iterations = 1000, initial_temperature = 3.0, cooling_rate = 0.999
26 - INFO - chord#: 128 done. best_score=27.0, changed=524, unchanged=389, early_stops=8/8
26 - INFO - chord#: 132 In build_straw_man_chord_sa. tolerance = 1, sa_iterations = 1000, initial_temperature = 3.0, cooling_rate = 0.999
26 - INFO - chord#: 172 done. best_score=27.0, changed=530, unchanged=433, early_stops=8/8
26 - INFO - chord#: 176 In build_straw_man_chord_sa. tolerance = 1, sa_iterations = 1000, initial_temperature = 3.0, cooling_rate = 0.999
26 - INFO - chord#: 158 done. best_score=31.0, changed=526, unchanged=324, early_stops=8/8
26 - INFO - chord#: 160 In build_straw_man_chord_sa. tolerance = 1, sa_iterations = 1000, initial_temperature = 3.0, cooling_rate = 0.999
26 - INFO - chord#: 132 done. best_score=27.0, changed=524, unchanged=474, early_stops=8/8
26 - INFO - chord#: 136 In build_straw_man_chord_sa. tolerance = 1, sa_iterations = 1000, initial_temperature = 3.0, cooling_rate = 0.999
26 - INFO - chord#: 140 done. best_score=104.0, changed=607, unchanged=298, early_stops=8/8
26 - INFO - chord#: 144 In build_straw_man_chord_sa. tolerance = 1, sa_iterations = 1000, initial_temperature = 3.0, cooling_rate = 0.999
26 - INFO - chord#: 140 done. best_score=174.0, changed=608, unchanged=247, early_stops=8/8
26 - INFO - chord#: 144 In build_straw_man_chord_sa. tolerance = 1, sa_iterations = 1000, initial_temperature = 3.0, cooling_rate = 0.999
26 - INFO - chord#: 172 done. best_score=27.0, changed=526, unchanged=426, early_stops=8/8
26 - INFO - chord#: 176 In build_straw_man_chord_sa. tolerance = 1, sa_iterations = 1000, initial_temperature = 3.0, cooling_rate = 0.999
26 - INFO - chord#: 144 done. best_score=27.0, changed=520, unchanged=435, early_stops=8/8
26 - INFO - chord#: 148 In build_straw_man_chord_sa. tolerance = 1, sa_iterations = 1000, initial_temperature = 3.0, cooling_rate = 0.999
26 - INFO - chord#: 132 done. best_score=27.0, changed=524, unchanged=362, early_stops=8/8
26 - INFO - chord#: 136 In build_straw_man_chord_sa. tolerance = 1, sa_iterations = 1000, initial_temperature = 3.0, cooling_rate = 0.999
26 - INFO - chord#: 162 done. best_score=137.0, changed=614, unchanged=332, early_stops=8/8
26 - INFO - chord#: 164 In build_straw_man_chord_sa. tolerance = 1, sa_iterations = 1000, initial_temperature = 3.0, cooling_rate = 0.999
26 - INFO - chord#: 162 done. best_score=96.0, changed=615, unchanged=490, early_stops=8/8
26 - INFO - chord#: 164 In build_straw_man_chord_sa. tolerance = 1, sa_iterations = 1000, initial_temperature = 3.0, cooling_rate = 0.999
26 - INFO - chord#: 176 done. best_score=36.0, changed=528, unchanged=391, early_stops=8/8
26 - INFO - chord#: 178 In build_straw_man_chord_sa. tolerance = 1, sa_iterations = 1000, initial_temperature = 3.0, cooling_rate = 0.999
26 - INFO - chord#: 136 done. best_score=27.0, changed=521, unchanged=342, early_stops=8/8
26 - INFO - chord#: 140 In build_straw_man_chord_sa. tolerance = 1, sa_iterations = 1000, initial_temperature = 3.0, cooling_rate = 0.999
26 - INFO - chord#: 144 done. best_score=27.0, changed=522, unchanged=356, early_stops=8/8
26 - INFO - chord#: 148 In build_straw_man_chord_sa. tolerance = 1, sa_iterations = 1000, initial_temperature = 3.0, cooling_rate = 0.999
26 - INFO - chord#: 144 done. best_score=27.0, changed=520, unchanged=464, early_stops=8/8
26 - INFO - chord#: 148 In build_straw_man_chord_sa. tolerance = 1, sa_iterations = 1000, initial_temperature = 3.0, cooling_rate = 0.999
26 - INFO - chord#: 176 done. best_score=36.0, changed=526, unchanged=455, early_stops=8/8
26 - INFO - chord#: 178 In build_straw_man_chord_sa. tolerance = 1, sa_iterations = 1000, initial_temperature = 3.0, cooling_rate = 0.999
26 - INFO - chord#: 140 done. best_score=64.0, changed=608, unchanged=317, early_stops=8/8
26 - INFO - chord#: 144 In build_straw_man_chord_sa. tolerance = 1, sa_iterations = 1000, initial_temperature = 3.0, cooling_rate = 0.999
26 - INFO - chord#: 154 done. best_score=121.0, changed=607, unchanged=292, early_stops=8/8
26 - INFO - chord#: 156 In build_straw_man_chord_sa. tolerance = 1, sa_iterations = 1000, initial_temperature = 3.0, cooling_rate = 0.999
26 - INFO - chord#: 136 done. best_score=27.0, changed=525, unchanged=307, early_stops=8/8
26 - INFO - chord#: 140 In build_straw_man_chord_sa. tolerance = 1, sa_iterations = 1000, initial_temperature = 3.0, cooling_rate = 0.999
26 - INFO - chord#: 178 done. best_score=61.0, changed=538, unchanged=336, early_stops=8/8
26 - INFO - chord#: 180 In build_straw_man_chord_sa. tolerance = 1, sa_iterations = 1000, initial_temperature = 3.0, cooling_rate = 0.999
26 - INFO - chord#: 164 done. best_score=27.0, changed=523, unchanged=619, early_stops=8/8
26 - INFO - chord#: 172 In build_straw_man_chord_sa. tolerance = 1, sa_iterations = 1000, initial_temperature = 3.0, cooling_rate = 0.999
26 - INFO - chord#: 164 done. best_score=27.0, changed=526, unchanged=414, early_stops=8/8
26 - INFO - chord#: 172 In build_straw_man_chord_sa. tolerance = 1, sa_iterations = 1000, initial_temperature = 3.0, cooling_rate = 0.999
26 - INFO - chord#: 148 done. best_score=74.0, changed=611, unchanged=233, early_stops=8/8
26 - INFO - chord#: 152 In build_straw_man_chord_sa. tolerance = 1, sa_iterations = 1000, initial_temperature = 3.0, cooling_rate = 0.999
26 - INFO - chord#: 178 done. best_score=61.0, changed=522, unchanged=322, early_stops=8/8
26 - INFO - chord#: 180 In build_straw_man_chord_sa. tolerance = 1, sa_iterations = 1000, initial_temperature = 3.0, cooling_rate = 0.999
26 - INFO - chord#: 144 done. best_score=27.0, changed=526, unchanged=427, early_stops=8/8
26 - INFO - chord#: 148 In build_straw_man_chord_sa. tolerance = 1, sa_iterations = 1000, initial_temperature = 3.0, cooling_rate = 0.999
26 - INFO - chord#: 160 done. best_score=93.0, changed=617, unchanged=398, early_stops=8/8
26 - INFO - chord#: 162 In build_straw_man_chord_sa. tolerance = 1, sa_iterations = 1000, initial_temperature = 3.0, cooling_rate = 0.999
26 - INFO - chord#: 172 done. best_score=27.0, changed=527, unchanged=375, early_stops=8/8
26 - INFO - chord#: 176 In build_straw_man_chord_sa. tolerance = 1, sa_iterations = 1000, initial_temperature = 3.0, cooling_rate = 0.999
26 - INFO - chord#: 156 done. best_score=27.0, changed=519, unchanged=424, early_stops=8/8
26 - INFO - chord#: 158 In build_straw_man_chord_sa. tolerance = 1, sa_iterations = 1000, initial_temperature = 3.0, cooling_rate = 0.999
26 - INFO - chord#: 152 done. best_score=27.0, changed=518, unchanged=418, early_stops=8/8
26 - INFO - chord#: 154 In build_straw_man_chord_sa. tolerance = 1, sa_iterations = 1000, initial_temperature = 3.0, cooling_rate = 0.999
26 - INFO - chord#: 148 done. best_score=96.0, changed=610, unchanged=314, early_stops=8/8
26 - INFO - chord#: 152 In build_straw_man_chord_sa. tolerance = 1, sa_iterations = 1000, initial_temperature = 3.0, cooling_rate = 0.999
26 - INFO - chord#: 172 done. best_score=27.0, changed=518, unchanged=374, early_stops=8/8
26 - INFO - chord#: 176 In build_straw_man_chord_sa. tolerance = 1, sa_iterations = 1000, initial_temperature = 3.0, cooling_rate = 0.999
26 - INFO - chord#: 180 done. best_score=96.0, changed=609, unchanged=221, early_stops=8/8
26 - INFO - chord#: 182 In build_straw_man_chord_sa. tolerance = 1, sa_iterations = 1000, initial_temperature = 3.0, cooling_rate = 0.999
26 - INFO - chord#: 140 done. best_score=64.0, changed=616, unchanged=438, early_stops=8/8
26 - INFO - chord#: 144 In build_straw_man_chord_sa. tolerance = 1, sa_iterations = 1000, initial_temperature = 3.0, cooling_rate = 0.999
26 - INFO - chord#: 176 done. best_score=36.0, changed=522, unchanged=356, early_stops=8/8
26 - INFO - chord#: 178 In build_straw_man_chord_sa. tolerance = 1, sa_iterations = 1000, initial_temperature = 3.0, cooling_rate = 0.999
26 - INFO - chord#: 148 done. best_score=74.0, changed=614, unchanged=351, early_stops=8/8
26 - INFO - chord#: 152 In build_straw_man_chord_sa. tolerance = 1, sa_iterations = 1000, initial_temperature = 3.0, cooling_rate = 0.999
26 - INFO - chord#: 152 done. best_score=27.0, changed=509, unchanged=318, early_stops=8/8
26 - INFO - chord#: 154 In build_straw_man_chord_sa. tolerance = 1, sa_iterations = 1000, initial_temperature = 3.0, cooling_rate = 0.999
26 - INFO - chord#: 158 done. best_score=31.0, changed=525, unchanged=435, early_stops=8/8
26 - INFO - chord#: 160 In build_straw_man_chord_sa. tolerance = 1, sa_iterations = 1000, initial_temperature = 3.0, cooling_rate = 0.999
26 - INFO - chord#: 140 done. best_score=64.0, changed=613, unchanged=341, early_stops=8/8
26 - INFO - chord#: 144 In build_straw_man_chord_sa. tolerance = 1, sa_iterations = 1000, initial_temperature = 3.0, cooling_rate = 0.999
26 - INFO - chord#: 180 done. best_score=157.0, changed=616, unchanged=387, early_stops=8/8
26 - INFO - chord#: 182 In build_straw_man_chord_sa. tolerance = 1, sa_iterations = 1000, initial_temperature = 3.0, cooling_rate = 0.999
26 - INFO - chord#: 182 done. best_score=36.0, changed=520, unchanged=379, early_stops=8/8
26 - INFO - chord#: 184 In build_straw_man_chord_sa. tolerance = 1, sa_iterations = 1000, initial_temperature = 3.0, cooling_rate = 0.999
26 - INFO - chord#: 176 done. best_score=36.0, changed=526, unchanged=394, early_stops=8/8
26 - INFO - chord#: 178 In build_straw_man_chord_sa. tolerance = 1, sa_iterations = 1000, initial_temperature = 3.0, cooling_rate = 0.999
26 - INFO - chord#: 144 done. best_score=27.0, changed=523, unchanged=450, early_stops=8/8
26 - INFO - chord#: 148 In build_straw_man_chord_sa. tolerance = 1, sa_iterations = 1000, initial_temperature = 3.0, cooling_rate = 0.999
26 - INFO - chord#: 178 done. best_score=61.0, changed=537, unchanged=309, early_stops=8/8
26 - INFO - chord#: 180 In build_straw_man_chord_sa. tolerance = 1, sa_iterations = 1000, initial_temperature = 3.0, cooling_rate = 0.999
26 - INFO - chord#: 162 done. best_score=78.0, changed=611, unchanged=404, early_stops=8/8
26 - INFO - chord#: 164 In build_straw_man_chord_sa. tolerance = 1, sa_iterations = 1000, initial_temperature = 3.0, cooling_rate = 0.999
26 - INFO - chord#: 152 done. best_score=27.0, changed=524, unchanged=506, early_stops=8/8
26 - INFO - chord#: 154 In build_straw_man_chord_sa. tolerance = 1, sa_iterations = 1000, initial_temperature = 3.0, cooling_rate = 0.999
26 - INFO - chord#: 154 done. best_score=149.0, changed=613, unchanged=372, early_stops=8/8
26 - INFO - chord#: 156 In build_straw_man_chord_sa. tolerance = 1, sa_iterations = 1000, initial_temperature = 3.0, cooling_rate = 0.999
26 - INFO - chord#: 148 done. best_score=96.0, changed=614, unchanged=343, early_stops=8/8
26 - INFO - chord#: 152 In build_straw_man_chord_sa. tolerance = 1, sa_iterations = 1000, initial_temperature = 3.0, cooling_rate = 0.999
26 - INFO - chord#: 184 done. best_score=27.0, changed=525, unchanged=441, early_stops=8/8
26 - INFO - chord#: 188 In build_straw_man_chord_sa. tolerance = 1, sa_iterations = 1000, initial_temperature = 3.0, cooling_rate = 0.999
26 - INFO - chord#: 182 done. best_score=36.0, changed=526, unchanged=535, early_stops=8/8
26 - INFO - chord#: 184 In build_straw_man_chord_sa. tolerance = 1, sa_iterations = 1000, initial_temperature = 3.0, cooling_rate = 0.999
26 - INFO - chord#: 144 done. best_score=27.0, changed=514, unchanged=449, early_stops=8/8
26 - INFO - chord#: 148 In build_straw_man_chord_sa. tolerance = 1, sa_iterations = 1000, initial_temperature = 3.0, cooling_rate = 0.999
26 - INFO - chord#: 178 done. best_score=61.0, changed=531, unchanged=299, early_stops=8/8
26 - INFO - chord#: 180 In build_straw_man_chord_sa. tolerance = 1, sa_iterations = 1000, initial_temperature = 3.0, cooling_rate = 0.999
26 - INFO - chord#: 164 done. best_score=27.0, changed=521, unchanged=460, early_stops=8/8
26 - INFO - chord#: 172 In build_straw_man_chord_sa. tolerance = 1, sa_iterations = 1000, initial_temperature = 3.0, cooling_rate = 0.999
26 - INFO - chord#: 154 done. best_score=104.0, changed=616, unchanged=271, early_stops=8/8
26 - INFO - chord#: 156 In build_straw_man_chord_sa. tolerance = 1, sa_iterations = 1000, initial_temperature = 3.0, cooling_rate = 0.999
26 - INFO - chord#: 152 done. best_score=27.0, changed=527, unchanged=429, early_stops=8/8
26 - INFO - chord#: 154 In build_straw_man_chord_sa. tolerance = 1, sa_iterations = 1000, initial_temperature = 3.0, cooling_rate = 0.999
26 - INFO - chord#: 156 done. best_score=27.0, changed=526, unchanged=518, early_stops=8/8
26 - INFO - chord#: 158 In build_straw_man_chord_sa. tolerance = 1, sa_iterations = 1000, initial_temperature = 3.0, cooling_rate = 0.999
26 - INFO - chord#: 188 done. best_score=27.0, changed=521, unchanged=391, early_stops=8/8
26 - INFO - chord#: 192 In build_straw_man_chord_sa. tolerance = 1, sa_iterations = 1000, initial_temperature = 3.0, cooling_rate = 0.999
26 - INFO - chord#: 184 done. best_score=27.0, changed=525, unchanged=464, early_stops=8/8
26 - INFO - chord#: 188 In build_straw_man_chord_sa. tolerance = 1, sa_iterations = 1000, initial_temperature = 3.0, cooling_rate = 0.999
26 - INFO - chord#: 180 done. best_score=145.0, changed=611, unchanged=338, early_stops=8/8
26 - INFO - chord#: 182 In build_straw_man_chord_sa. tolerance = 1, sa_iterations = 1000, initial_temperature = 3.0, cooling_rate = 0.999
26 - INFO - chord#: 160 done. best_score=93.0, changed=611, unchanged=360, early_stops=8/8
26 - INFO - chord#: 162 In build_straw_man_chord_sa. tolerance = 1, sa_iterations = 1000, initial_temperature = 3.0, cooling_rate = 0.999
26 - INFO - chord#: 172 done. best_score=27.0, changed=518, unchanged=350, early_stops=8/8
26 - INFO - chord#: 176 In build_straw_man_chord_sa. tolerance = 1, sa_iterations = 1000, initial_temperature = 3.0, cooling_rate = 0.999
26 - INFO - chord#: 156 done. best_score=27.0, changed=518, unchanged=458, early_stops=8/8
26 - INFO - chord#: 158 In build_straw_man_chord_sa. tolerance = 1, sa_iterations = 1000, initial_temperature = 3.0, cooling_rate = 0.999
26 - INFO - chord#: 158 done. best_score=31.0, changed=527, unchanged=440, early_stops=8/8
26 - INFO - chord#: 160 In build_straw_man_chord_sa. tolerance = 1, sa_iterations = 1000, initial_temperature = 3.0, cooling_rate = 0.999
26 - INFO - chord#: 148 done. best_score=74.0, changed=619, unchanged=382, early_stops=8/8
26 - INFO - chord#: 152 In build_straw_man_chord_sa. tolerance = 1, sa_iterations = 1000, initial_temperature = 3.0, cooling_rate = 0.999
26 - INFO - chord#: 188 done. best_score=27.0, changed=524, unchanged=395, early_stops=8/8
26 - INFO - chord#: 192 In build_straw_man_chord_sa. tolerance = 1, sa_iterations = 1000, initial_temperature = 3.0, cooling_rate = 0.999
26 - INFO - chord#: 192 done. best_score=59.0, changed=524, unchanged=505, early_stops=8/8
26 - INFO - chord#: 194 In build_straw_man_chord_sa. tolerance = 1, sa_iterations = 1000, initial_temperature = 3.0, cooling_rate = 0.999
26 - INFO - chord#: 182 done. best_score=36.0, changed=523, unchanged=384, early_stops=8/8
26 - INFO - chord#: 184 In build_straw_man_chord_sa. tolerance = 1, sa_iterations = 1000, initial_temperature = 3.0, cooling_rate = 0.999
26 - INFO - chord#: 180 done. best_score=67.0, changed=606, unchanged=215, early_stops=8/8
26 - INFO - chord#: 182 In build_straw_man_chord_sa. tolerance = 1, sa_iterations = 1000, initial_temperature = 3.0, cooling_rate = 0.999
26 - INFO - chord#: 154 done. best_score=74.0, changed=613, unchanged=350, early_stops=8/8
26 - INFO - chord#: 156 In build_straw_man_chord_sa. tolerance = 1, sa_iterations = 1000, initial_temperature = 3.0, cooling_rate = 0.999
26 - INFO - chord#: 158 done. best_score=31.0, changed=522, unchanged=453, early_stops=8/8
26 - INFO - chord#: 160 In build_straw_man_chord_sa. tolerance = 1, sa_iterations = 1000, initial_temperature = 3.0, cooling_rate = 0.999
26 - INFO - chord#: 148 done. best_score=149.0, changed=609, unchanged=248, early_stops=8/8
26 - INFO - chord#: 152 In build_straw_man_chord_sa. tolerance = 1, sa_iterations = 1000, initial_temperature = 3.0, cooling_rate = 0.999
26 - INFO - chord#: 176 done. best_score=36.0, changed=518, unchanged=441, early_stops=8/8
26 - INFO - chord#: 178 In build_straw_man_chord_sa. tolerance = 1, sa_iterations = 1000, initial_temperature = 3.0, cooling_rate = 0.999
26 - INFO - chord#: 192 done. best_score=59.0, changed=520, unchanged=457, early_stops=8/8
26 - INFO - chord#: 194 In build_straw_man_chord_sa. tolerance = 1, sa_iterations = 1000, initial_temperature = 3.0, cooling_rate = 0.999
26 - INFO - chord#: 184 done. best_score=27.0, changed=519, unchanged=347, early_stops=8/8
26 - INFO - chord#: 188 In build_straw_man_chord_sa. tolerance = 1, sa_iterations = 1000, initial_temperature = 3.0, cooling_rate = 0.999
26 - INFO - chord#: 152 done. best_score=27.0, changed=519, unchanged=494, early_stops=8/8
26 - INFO - chord#: 154 In build_straw_man_chord_sa. tolerance = 1, sa_iterations = 1000, initial_temperature = 3.0, cooling_rate = 0.999
26 - INFO - chord#: 194 done. best_score=59.0, changed=524, unchanged=426, early_stops=8/8
26 - INFO - chord#: 196 In build_straw_man_chord_sa. tolerance = 1, sa_iterations = 1000, initial_temperature = 3.0, cooling_rate = 0.999
26 - INFO - chord#: 154 done. best_score=146.0, changed=611, unchanged=281, early_stops=8/8
26 - INFO - chord#: 156 In build_straw_man_chord_sa. tolerance = 1, sa_iterations = 1000, initial_temperature = 3.0, cooling_rate = 0.999
26 - INFO - chord#: 178 done. best_score=61.0, changed=523, unchanged=310, early_stops=8/8
26 - INFO - chord#: 180 In build_straw_man_chord_sa. tolerance = 1, sa_iterations = 1000, initial_temperature = 3.0, cooling_rate = 0.999
26 - INFO - chord#: 152 done. best_score=27.0, changed=517, unchanged=350, early_stops=8/8
26 - INFO - chord#: 154 In build_straw_man_chord_sa. tolerance = 1, sa_iterations = 1000, initial_temperature = 3.0, cooling_rate = 0.999
26 - INFO - chord#: 156 done. best_score=27.0, changed=520, unchanged=507, early_stops=8/8
26 - INFO - chord#: 158 In build_straw_man_chord_sa. tolerance = 1, sa_iterations = 1000, initial_temperature = 3.0, cooling_rate = 0.999
26 - INFO - chord#: 182 done. best_score=36.0, changed=528, unchanged=506, early_stops=8/8
26 - INFO - chord#: 184 In build_straw_man_chord_sa. tolerance = 1, sa_iterations = 1000, initial_temperature = 3.0, cooling_rate = 0.999
26 - INFO - chord#: 188 done. best_score=27.0, changed=526, unchanged=330, early_stops=8/8
26 - INFO - chord#: 192 In build_straw_man_chord_sa. tolerance = 1, sa_iterations = 1000, initial_temperature = 3.0, cooling_rate = 0.999
26 - INFO - chord#: 160 done. best_score=96.0, changed=607, unchanged=304, early_stops=8/8
26 - INFO - chord#: 162 In build_straw_man_chord_sa. tolerance = 1, sa_iterations = 1000, initial_temperature = 3.0, cooling_rate = 0.999
26 - INFO - chord#: 162 done. best_score=78.0, changed=613, unchanged=409, early_stops=8/8
26 - INFO - chord#: 164 In build_straw_man_chord_sa. tolerance = 1, sa_iterations = 1000, initial_temperature = 3.0, cooling_rate = 0.999
26 - INFO - chord#: 196 done. best_score=27.0, changed=521, unchanged=387, early_stops=8/8
26 - INFO - chord#: 198 In build_straw_man_chord_sa. tolerance = 1, sa_iterations = 1000, initial_temperature = 3.0, cooling_rate = 0.999
26 - INFO - chord#: 194 done. best_score=67.0, changed=528, unchanged=413, early_stops=8/8
26 - INFO - chord#: 196 In build_straw_man_chord_sa. tolerance = 1, sa_iterations = 1000, initial_temperature = 3.0, cooling_rate = 0.999
26 - INFO - chord#: 160 done. best_score=96.0, changed=608, unchanged=214, early_stops=8/8
26 - INFO - chord#: 162 In build_straw_man_chord_sa. tolerance = 1, sa_iterations = 1000, initial_temperature = 3.0, cooling_rate = 0.999
26 - INFO - chord#: 156 done. best_score=27.0, changed=517, unchanged=390, early_stops=8/8
26 - INFO - chord#: 158 In build_straw_man_chord_sa. tolerance = 1, sa_iterations = 1000, initial_temperature = 3.0, cooling_rate = 0.999
26 - INFO - chord#: 158 done. best_score=31.0, changed=518, unchanged=407, early_stops=8/8
26 - INFO - chord#: 160 In build_straw_man_chord_sa. tolerance = 1, sa_iterations = 1000, initial_temperature = 3.0, cooling_rate = 0.999
26 - INFO - chord#: 184 done. best_score=27.0, changed=522, unchanged=444, early_stops=8/8
26 - INFO - chord#: 188 In build_straw_man_chord_sa. tolerance = 1, sa_iterations = 1000, initial_temperature = 3.0, cooling_rate = 0.999
26 - INFO - chord#: 192 done. best_score=59.0, changed=524, unchanged=490, early_stops=8/8
26 - INFO - chord#: 194 In build_straw_man_chord_sa. tolerance = 1, sa_iterations = 1000, initial_temperature = 3.0, cooling_rate = 0.999
26 - INFO - chord#: 196 done. best_score=27.0, changed=518, unchanged=373, early_stops=8/8
26 - INFO - chord#: 198 In build_straw_man_chord_sa. tolerance = 1, sa_iterations = 1000, initial_temperature = 3.0, cooling_rate = 0.999
26 - INFO - chord#: 164 done. best_score=27.0, changed=521, unchanged=459, early_stops=8/8
26 - INFO - chord#: 172 In build_straw_man_chord_sa. tolerance = 1, sa_iterations = 1000, initial_temperature = 3.0, cooling_rate = 0.999
26 - INFO - chord#: 180 done. best_score=78.0, changed=611, unchanged=247, early_stops=8/8
26 - INFO - chord#: 182 In build_straw_man_chord_sa. tolerance = 1, sa_iterations = 1000, initial_temperature = 3.0, cooling_rate = 0.999
26 - INFO - chord#: 162 done. best_score=214.0, changed=606, unchanged=207, early_stops=8/8
26 - INFO - chord#: 164 In build_straw_man_chord_sa. tolerance = 1, sa_iterations = 1000, initial_temperature = 3.0, cooling_rate = 0.999
26 - INFO - chord#: 154 done. best_score=141.0, changed=612, unchanged=275, early_stops=8/8
26 - INFO - chord#: 156 In build_straw_man_chord_sa. tolerance = 1, sa_iterations = 1000, initial_temperature = 3.0, cooling_rate = 0.999
26 - INFO - chord#: 158 done. best_score=31.0, changed=526, unchanged=401, early_stops=8/8
26 - INFO - chord#: 160 In build_straw_man_chord_sa. tolerance = 1, sa_iterations = 1000, initial_temperature = 3.0, cooling_rate = 0.999
26 - INFO - chord#: 162 done. best_score=67.0, changed=611, unchanged=276, early_stops=8/8
26 - INFO - chord#: 164 In build_straw_man_chord_sa. tolerance = 1, sa_iterations = 1000, initial_temperature = 3.0, cooling_rate = 0.999
26 - INFO - chord#: 188 done. best_score=27.0, changed=530, unchanged=393, early_stops=8/8
26 - INFO - chord#: 192 In build_straw_man_chord_sa. tolerance = 1, sa_iterations = 1000, initial_temperature = 3.0, cooling_rate = 0.999
26 - INFO - chord#: 194 done. best_score=59.0, changed=528, unchanged=503, early_stops=8/8
26 - INFO - chord#: 196 In build_straw_man_chord_sa. tolerance = 1, sa_iterations = 1000, initial_temperature = 3.0, cooling_rate = 0.999
26 - INFO - chord#: 198 done. best_score=140.0, changed=615, unchanged=382, early_stops=8/8
26 - INFO - chord#: 200 In build_straw_man_chord_sa. tolerance = 1, sa_iterations = 1000, initial_temperature = 3.0, cooling_rate = 0.999
26 - INFO - chord#: 182 done. best_score=36.0, changed=527, unchanged=325, early_stops=8/8
26 - INFO - chord#: 184 In build_straw_man_chord_sa. tolerance = 1, sa_iterations = 1000, initial_temperature = 3.0, cooling_rate = 0.999
26 - INFO - chord#: 164 done. best_score=27.0, changed=524, unchanged=491, early_stops=8/8
26 - INFO - chord#: 172 In build_straw_man_chord_sa. tolerance = 1, sa_iterations = 1000, initial_temperature = 3.0, cooling_rate = 0.999
26 - INFO - chord#: 154 done. best_score=149.0, changed=610, unchanged=372, early_stops=8/8
26 - INFO - chord#: 156 In build_straw_man_chord_sa. tolerance = 1, sa_iterations = 1000, initial_temperature = 3.0, cooling_rate = 0.999
26 - INFO - chord#: 172 done. best_score=27.0, changed=533, unchanged=541, early_stops=8/8
26 - INFO - chord#: 176 In build_straw_man_chord_sa. tolerance = 1, sa_iterations = 1000, initial_temperature = 3.0, cooling_rate = 0.999
26 - INFO - chord#: 164 done. best_score=27.0, changed=513, unchanged=311, early_stops=8/8
26 - INFO - chord#: 172 In build_straw_man_chord_sa. tolerance = 1, sa_iterations = 1000, initial_temperature = 3.0, cooling_rate = 0.999
26 - INFO - chord#: 156 done. best_score=27.0, changed=517, unchanged=514, early_stops=8/8
26 - INFO - chord#: 158 In build_straw_man_chord_sa. tolerance = 1, sa_iterations = 1000, initial_temperature = 3.0, cooling_rate = 0.999
26 - INFO - chord#: 196 done. best_score=27.0, changed=519, unchanged=385, early_stops=8/8
26 - INFO - chord#: 198 In build_straw_man_chord_sa. tolerance = 1, sa_iterations = 1000, initial_temperature = 3.0, cooling_rate = 0.999
26 - INFO - chord#: 200 done. best_score=36.0, changed=519, unchanged=325, early_stops=8/8
26 - INFO - chord#: 204 In build_straw_man_chord_sa. tolerance = 1, sa_iterations = 1000, initial_temperature = 3.0, cooling_rate = 0.999
26 - INFO - chord#: 172 done. best_score=27.0, changed=518, unchanged=377, early_stops=8/8
26 - INFO - chord#: 176 In build_straw_man_chord_sa. tolerance = 1, sa_iterations = 1000, initial_temperature = 3.0, cooling_rate = 0.999
26 - INFO - chord#: 184 done. best_score=27.0, changed=522, unchanged=531, early_stops=8/8
26 - INFO - chord#: 188 In build_straw_man_chord_sa. tolerance = 1, sa_iterations = 1000, initial_temperature = 3.0, cooling_rate = 0.999
26 - INFO - chord#: 198 done. best_score=78.0, changed=619, unchanged=425, early_stops=8/8
26 - INFO - chord#: 200 In build_straw_man_chord_sa. tolerance = 1, sa_iterations = 1000, initial_temperature = 3.0, cooling_rate = 0.999
26 - INFO - chord#: 192 done. best_score=55.0, changed=519, unchanged=463, early_stops=8/8
26 - INFO - chord#: 194 In build_straw_man_chord_sa. tolerance = 1, sa_iterations = 1000, initial_temperature = 3.0, cooling_rate = 0.999
26 - INFO - chord#: 160 done. best_score=158.0, changed=615, unchanged=299, early_stops=8/8
26 - INFO - chord#: 162 In build_straw_man_chord_sa. tolerance = 1, sa_iterations = 1000, initial_temperature = 3.0, cooling_rate = 0.999
26 - INFO - chord#: 156 done. best_score=27.0, changed=516, unchanged=420, early_stops=8/8
26 - INFO - chord#: 158 In build_straw_man_chord_sa. tolerance = 1, sa_iterations = 1000, initial_temperature = 3.0, cooling_rate = 0.999
26 - INFO - chord#: 172 done. best_score=27.0, changed=528, unchanged=439, early_stops=8/8
26 - INFO - chord#: 176 In build_straw_man_chord_sa. tolerance = 1, sa_iterations = 1000, initial_temperature = 3.0, cooling_rate = 0.999
26 - INFO - chord#: 176 done. best_score=36.0, changed=526, unchanged=394, early_stops=8/8
26 - INFO - chord#: 178 In build_straw_man_chord_sa. tolerance = 1, sa_iterations = 1000, initial_temperature = 3.0, cooling_rate = 0.999
26 - INFO - chord#: 158 done. best_score=31.0, changed=524, unchanged=337, early_stops=8/8
26 - INFO - chord#: 160 In build_straw_man_chord_sa. tolerance = 1, sa_iterations = 1000, initial_temperature = 3.0, cooling_rate = 0.999
26 - INFO - chord#: 204 done. best_score=27.0, changed=526, unchanged=433, early_stops=8/8
26 - INFO - chord#: 206 In build_straw_man_chord_sa. tolerance = 1, sa_iterations = 1000, initial_temperature = 3.0, cooling_rate = 0.999
26 - INFO - chord#: 188 done. best_score=27.0, changed=529, unchanged=453, early_stops=8/8
26 - INFO - chord#: 192 In build_straw_man_chord_sa. tolerance = 1, sa_iterations = 1000, initial_temperature = 3.0, cooling_rate = 0.999
26 - INFO - chord#: 176 done. best_score=36.0, changed=523, unchanged=454, early_stops=8/8
26 - INFO - chord#: 178 In build_straw_man_chord_sa. tolerance = 1, sa_iterations = 1000, initial_temperature = 3.0, cooling_rate = 0.999
26 - INFO - chord#: 200 done. best_score=27.0, changed=529, unchanged=420, early_stops=8/8
26 - INFO - chord#: 204 In build_straw_man_chord_sa. tolerance = 1, sa_iterations = 1000, initial_temperature = 3.0, cooling_rate = 0.999
26 - INFO - chord#: 194 done. best_score=55.0, changed=524, unchanged=396, early_stops=8/8
26 - INFO - chord#: 196 In build_straw_man_chord_sa. tolerance = 1, sa_iterations = 1000, initial_temperature = 3.0, cooling_rate = 0.999
26 - INFO - chord#: 158 done. best_score=31.0, changed=513, unchanged=312, early_stops=8/8
26 - INFO - chord#: 160 In build_straw_man_chord_sa. tolerance = 1, sa_iterations = 1000, initial_temperature = 3.0, cooling_rate = 0.999
26 - INFO - chord#: 160 done. best_score=96.0, changed=616, unchanged=416, early_stops=8/8
26 - INFO - chord#: 162 In build_straw_man_chord_sa. tolerance = 1, sa_iterations = 1000, initial_temperature = 3.0, cooling_rate = 0.999
26 - INFO - chord#: 176 done. best_score=36.0, changed=526, unchanged=374, early_stops=8/8
26 - INFO - chord#: 178 In build_straw_man_chord_sa. tolerance = 1, sa_iterations = 1000, initial_temperature = 3.0, cooling_rate = 0.999
26 - INFO - chord#: 198 done. best_score=151.0, changed=608, unchanged=257, early_stops=8/8
26 - INFO - chord#: 200 In build_straw_man_chord_sa. tolerance = 1, sa_iterations = 1000, initial_temperature = 3.0, cooling_rate = 0.999
26 - INFO - chord#: 178 done. best_score=61.0, changed=544, unchanged=357, early_stops=8/8
26 - INFO - chord#: 180 In build_straw_man_chord_sa. tolerance = 1, sa_iterations = 1000, initial_temperature = 3.0, cooling_rate = 0.999
26 - INFO - chord#: 178 done. best_score=61.0, changed=535, unchanged=307, early_stops=8/8
26 - INFO - chord#: 180 In build_straw_man_chord_sa. tolerance = 1, sa_iterations = 1000, initial_temperature = 3.0, cooling_rate = 0.999
26 - INFO - chord#: 192 done. best_score=59.0, changed=518, unchanged=399, early_stops=8/8
26 - INFO - chord#: 194 In build_straw_man_chord_sa. tolerance = 1, sa_iterations = 1000, initial_temperature = 3.0, cooling_rate = 0.999
26 - INFO - chord#: 204 done. best_score=27.0, changed=520, unchanged=481, early_stops=8/8
26 - INFO - chord#: 206 In build_straw_man_chord_sa. tolerance = 1, sa_iterations = 1000, initial_temperature = 3.0, cooling_rate = 0.999
26 - INFO - chord#: 162 done. best_score=162.0, changed=610, unchanged=220, early_stops=8/8
26 - INFO - chord#: 164 In build_straw_man_chord_sa. tolerance = 1, sa_iterations = 1000, initial_temperature = 3.0, cooling_rate = 0.999
26 - INFO - chord#: 178 done. best_score=61.0, changed=531, unchanged=341, early_stops=8/8
26 - INFO - chord#: 180 In build_straw_man_chord_sa. tolerance = 1, sa_iterations = 1000, initial_temperature = 3.0, cooling_rate = 0.999
26 - INFO - chord#: 196 done. best_score=27.0, changed=527, unchanged=435, early_stops=8/8
26 - INFO - chord#: 198 In build_straw_man_chord_sa. tolerance = 1, sa_iterations = 1000, initial_temperature = 3.0, cooling_rate = 0.999
26 - INFO - chord#: 200 done. best_score=27.0, changed=517, unchanged=415, early_stops=8/8
26 - INFO - chord#: 204 In build_straw_man_chord_sa. tolerance = 1, sa_iterations = 1000, initial_temperature = 3.0, cooling_rate = 0.999
26 - INFO - chord#: 194 done. best_score=55.0, changed=516, unchanged=399, early_stops=8/8
26 - INFO - chord#: 196 In build_straw_man_chord_sa. tolerance = 1, sa_iterations = 1000, initial_temperature = 3.0, cooling_rate = 0.999
26 - INFO - chord#: 160 done. best_score=129.0, changed=609, unchanged=268, early_stops=8/8
26 - INFO - chord#: 162 In build_straw_man_chord_sa. tolerance = 1, sa_iterations = 1000, initial_temperature = 3.0, cooling_rate = 0.999
26 - INFO - chord#: 206 done. best_score=95.0, changed=614, unchanged=356, early_stops=8/8
26 - INFO - chord#: 207 In build_straw_man_chord_sa. tolerance = 1, sa_iterations = 1000, initial_temperature = 3.0, cooling_rate = 0.999
26 - INFO - chord#: 164 done. best_score=27.0, changed=518, unchanged=442, early_stops=8/8
26 - INFO - chord#: 172 In build_straw_man_chord_sa. tolerance = 1, sa_iterations = 1000, initial_temperature = 3.0, cooling_rate = 0.999
26 - INFO - chord#: 204 done. best_score=27.0, changed=521, unchanged=464, early_stops=8/8
26 - INFO - chord#: 206 In build_straw_man_chord_sa. tolerance = 1, sa_iterations = 1000, initial_temperature = 3.0, cooling_rate = 0.999
26 - INFO - chord#: 162 done. best_score=137.0, changed=607, unchanged=289, early_stops=8/8
26 - INFO - chord#: 164 In build_straw_man_chord_sa. tolerance = 1, sa_iterations = 1000, initial_temperature = 3.0, cooling_rate = 0.999
26 - INFO - chord#: 160 done. best_score=158.0, changed=614, unchanged=236, early_stops=8/8
26 - INFO - chord#: 162 In build_straw_man_chord_sa. tolerance = 1, sa_iterations = 1000, initial_temperature = 3.0, cooling_rate = 0.999
26 - INFO - chord#: 180 done. best_score=67.0, changed=614, unchanged=310, early_stops=8/8
26 - INFO - chord#: 182 In build_straw_man_chord_sa. tolerance = 1, sa_iterations = 1000, initial_temperature = 3.0, cooling_rate = 0.999
26 - INFO - chord#: 196 done. best_score=27.0, changed=520, unchanged=339, early_stops=8/8
26 - INFO - chord#: 198 In build_straw_man_chord_sa. tolerance = 1, sa_iterations = 1000, initial_temperature = 3.0, cooling_rate = 0.999
26 - INFO - chord#: 207 done. best_score=27.0, changed=526, unchanged=345, early_stops=8/8
26 - INFO - chord#: 208 In build_straw_man_chord_sa. tolerance = 1, sa_iterations = 1000, initial_temperature = 3.0, cooling_rate = 0.999
26 - INFO - chord#: 180 done. best_score=78.0, changed=616, unchanged=277, early_stops=8/8
26 - INFO - chord#: 182 In build_straw_man_chord_sa. tolerance = 1, sa_iterations = 1000, initial_temperature = 3.0, cooling_rate = 0.999
26 - INFO - chord#: 172 done. best_score=27.0, changed=518, unchanged=344, early_stops=8/8
26 - INFO - chord#: 176 In build_straw_man_chord_sa. tolerance = 1, sa_iterations = 1000, initial_temperature = 3.0, cooling_rate = 0.999
26 - INFO - chord#: 206 done. best_score=90.0, changed=615, unchanged=361, early_stops=8/8
26 - INFO - chord#: 207 In build_straw_man_chord_sa. tolerance = 1, sa_iterations = 1000, initial_temperature = 3.0, cooling_rate = 0.999
26 - INFO - chord#: 180 done. best_score=78.0, changed=609, unchanged=331, early_stops=8/8
26 - INFO - chord#: 182 In build_straw_man_chord_sa. tolerance = 1, sa_iterations = 1000, initial_temperature = 3.0, cooling_rate = 0.999
26 - INFO - chord#: 198 done. best_score=203.0, changed=610, unchanged=212, early_stops=8/8
26 - INFO - chord#: 200 In build_straw_man_chord_sa. tolerance = 1, sa_iterations = 1000, initial_temperature = 3.0, cooling_rate = 0.999
26 - INFO - chord#: 182 done. best_score=36.0, changed=513, unchanged=333, early_stops=8/8
26 - INFO - chord#: 184 In build_straw_man_chord_sa. tolerance = 1, sa_iterations = 1000, initial_temperature = 3.0, cooling_rate = 0.999
26 - INFO - chord#: 164 done. best_score=27.0, changed=522, unchanged=512, early_stops=8/8
26 - INFO - chord#: 172 In build_straw_man_chord_sa. tolerance = 1, sa_iterations = 1000, initial_temperature = 3.0, cooling_rate = 0.999
26 - INFO - chord#: 162 done. best_score=140.0, changed=612, unchanged=246, early_stops=8/8
26 - INFO - chord#: 164 In build_straw_man_chord_sa. tolerance = 1, sa_iterations = 1000, initial_temperature = 3.0, cooling_rate = 0.999
26 - INFO - chord#: 207 done. best_score=27.0, changed=521, unchanged=321, early_stops=8/8
26 - INFO - chord#: 208 In build_straw_man_chord_sa. tolerance = 1, sa_iterations = 1000, initial_temperature = 3.0, cooling_rate = 0.999
26 - INFO - chord#: 182 done. best_score=36.0, changed=530, unchanged=405, early_stops=8/8
26 - INFO - chord#: 184 In build_straw_man_chord_sa. tolerance = 1, sa_iterations = 1000, initial_temperature = 3.0, cooling_rate = 0.999
26 - INFO - chord#: 206 done. best_score=90.0, changed=610, unchanged=243, early_stops=8/8
26 - INFO - chord#: 207 In build_straw_man_chord_sa. tolerance = 1, sa_iterations = 1000, initial_temperature = 3.0, cooling_rate = 0.999
26 - INFO - chord#: 182 done. best_score=36.0, changed=520, unchanged=447, early_stops=8/8
26 - INFO - chord#: 184 In build_straw_man_chord_sa. tolerance = 1, sa_iterations = 1000, initial_temperature = 3.0, cooling_rate = 0.999
26 - INFO - chord#: 184 done. best_score=27.0, changed=520, unchanged=452, early_stops=8/8
26 - INFO - chord#: 188 In build_straw_man_chord_sa. tolerance = 1, sa_iterations = 1000, initial_temperature = 3.0, cooling_rate = 0.999
26 - INFO - chord#: 176 done. best_score=36.0, changed=532, unchanged=404, early_stops=8/8
26 - INFO - chord#: 178 In build_straw_man_chord_sa. tolerance = 1, sa_iterations = 1000, initial_temperature = 3.0, cooling_rate = 0.999
26 - INFO - chord#: 200 done. best_score=27.0, changed=519, unchanged=551, early_stops=8/8
26 - INFO - chord#: 204 In build_straw_man_chord_sa. tolerance = 1, sa_iterations = 1000, initial_temperature = 3.0, cooling_rate = 0.999
26 - INFO - chord#: 162 done. best_score=78.0, changed=614, unchanged=286, early_stops=8/8
26 - INFO - chord#: 164 In build_straw_man_chord_sa. tolerance = 1, sa_iterations = 1000, initial_temperature = 3.0, cooling_rate = 0.999
26 - INFO - chord#: 172 done. best_score=27.0, changed=513, unchanged=319, early_stops=8/8
26 - INFO - chord#: 176 In build_straw_man_chord_sa. tolerance = 1, sa_iterations = 1000, initial_temperature = 3.0, cooling_rate = 0.999
26 - INFO - chord#: 198 done. best_score=78.0, changed=619, unchanged=420, early_stops=8/8
26 - INFO - chord#: 200 In build_straw_man_chord_sa. tolerance = 1, sa_iterations = 1000, initial_temperature = 3.0, cooling_rate = 0.999
26 - INFO - chord#: 208 done. best_score=105.0, changed=615, unchanged=375, early_stops=8/8
26 - INFO - chord#: 212 In build_straw_man_chord_sa. tolerance = 1, sa_iterations = 1000, initial_temperature = 3.0, cooling_rate = 0.999
26 - INFO - chord#: 207 done. best_score=27.0, changed=529, unchanged=305, early_stops=8/8
26 - INFO - chord#: 208 In build_straw_man_chord_sa. tolerance = 1, sa_iterations = 1000, initial_temperature = 3.0, cooling_rate = 0.999
26 - INFO - chord#: 184 done. best_score=27.0, changed=520, unchanged=393, early_stops=8/8
26 - INFO - chord#: 188 In build_straw_man_chord_sa. tolerance = 1, sa_iterations = 1000, initial_temperature = 3.0, cooling_rate = 0.999
26 - INFO - chord#: 184 done. best_score=27.0, changed=513, unchanged=351, early_stops=8/8
26 - INFO - chord#: 188 In build_straw_man_chord_sa. tolerance = 1, sa_iterations = 1000, initial_temperature = 3.0, cooling_rate = 0.999
26 - INFO - chord#: 164 done. best_score=27.0, changed=513, unchanged=418, early_stops=8/8
26 - INFO - chord#: 172 In build_straw_man_chord_sa. tolerance = 1, sa_iterations = 1000, initial_temperature = 3.0, cooling_rate = 0.999
26 - INFO - chord#: 188 done. best_score=27.0, changed=530, unchanged=434, early_stops=8/8
26 - INFO - chord#: 192 In build_straw_man_chord_sa. tolerance = 1, sa_iterations = 1000, initial_temperature = 3.0, cooling_rate = 0.999
26 - INFO - chord#: 178 done. best_score=61.0, changed=535, unchanged=354, early_stops=8/8
26 - INFO - chord#: 180 In build_straw_man_chord_sa. tolerance = 1, sa_iterations = 1000, initial_temperature = 3.0, cooling_rate = 0.999
26 - INFO - chord#: 212 done. best_score=27.0, changed=529, unchanged=427, early_stops=8/8
26 - INFO - chord#: 214 In build_straw_man_chord_sa. tolerance = 1, sa_iterations = 1000, initial_temperature = 3.0, cooling_rate = 0.999
26 - INFO - chord#: 208 done. best_score=105.0, changed=607, unchanged=221, early_stops=8/8
26 - INFO - chord#: 212 In build_straw_man_chord_sa. tolerance = 1, sa_iterations = 1000, initial_temperature = 3.0, cooling_rate = 0.999
26 - INFO - chord#: 164 done. best_score=27.0, changed=515, unchanged=540, early_stops=8/8
26 - INFO - chord#: 172 In build_straw_man_chord_sa. tolerance = 1, sa_iterations = 1000, initial_temperature = 3.0, cooling_rate = 0.999
26 - INFO - chord#: 200 done. best_score=27.0, changed=518, unchanged=390, early_stops=8/8
26 - INFO - chord#: 204 In build_straw_man_chord_sa. tolerance = 1, sa_iterations = 1000, initial_temperature = 3.0, cooling_rate = 0.999
26 - INFO - chord#: 188 done. best_score=27.0, changed=517, unchanged=442, early_stops=8/8
26 - INFO - chord#: 192 In build_straw_man_chord_sa. tolerance = 1, sa_iterations = 1000, initial_temperature = 3.0, cooling_rate = 0.999
26 - INFO - chord#: 188 done. best_score=27.0, changed=533, unchanged=357, early_stops=8/8
26 - INFO - chord#: 192 In build_straw_man_chord_sa. tolerance = 1, sa_iterations = 1000, initial_temperature = 3.0, cooling_rate = 0.999
26 - INFO - chord#: 204 done. best_score=27.0, changed=524, unchanged=595, early_stops=8/8
26 - INFO - chord#: 206 In build_straw_man_chord_sa. tolerance = 1, sa_iterations = 1000, initial_temperature = 3.0, cooling_rate = 0.999
26 - INFO - chord#: 176 done. best_score=36.0, changed=529, unchanged=458, early_stops=8/8
26 - INFO - chord#: 178 In build_straw_man_chord_sa. tolerance = 1, sa_iterations = 1000, initial_temperature = 3.0, cooling_rate = 0.999
26 - INFO - chord#: 172 done. best_score=27.0, changed=511, unchanged=307, early_stops=8/8
26 - INFO - chord#: 176 In build_straw_man_chord_sa. tolerance = 1, sa_iterations = 1000, initial_temperature = 3.0, cooling_rate = 0.999
26 - INFO - chord#: 192 done. best_score=59.0, changed=518, unchanged=407, early_stops=8/8
26 - INFO - chord#: 194 In build_straw_man_chord_sa. tolerance = 1, sa_iterations = 1000, initial_temperature = 3.0, cooling_rate = 0.999
26 - INFO - chord#: 212 done. best_score=27.0, changed=521, unchanged=354, early_stops=8/8
26 - INFO - chord#: 214 In build_straw_man_chord_sa. tolerance = 1, sa_iterations = 1000, initial_temperature = 3.0, cooling_rate = 0.999
26 - INFO - chord#: 208 done. best_score=111.0, changed=611, unchanged=258, early_stops=8/8
26 - INFO - chord#: 212 In build_straw_man_chord_sa. tolerance = 1, sa_iterations = 1000, initial_temperature = 3.0, cooling_rate = 0.999
26 - INFO - chord#: 192 done. best_score=59.0, changed=516, unchanged=387, early_stops=8/8
26 - INFO - chord#: 194 In build_straw_man_chord_sa. tolerance = 1, sa_iterations = 1000, initial_temperature = 3.0, cooling_rate = 0.999
26 - INFO - chord#: 192 done. best_score=59.0, changed=512, unchanged=348, early_stops=8/8
26 - INFO - chord#: 194 In build_straw_man_chord_sa. tolerance = 1, sa_iterations = 1000, initial_temperature = 3.0, cooling_rate = 0.999
26 - INFO - chord#: 172 done. best_score=27.0, changed=524, unchanged=353, early_stops=8/8
26 - INFO - chord#: 176 In build_straw_man_chord_sa. tolerance = 1, sa_iterations = 1000, initial_temperature = 3.0, cooling_rate = 0.999
26 - INFO - chord#: 178 done. best_score=61.0, changed=537, unchanged=334, early_stops=8/8
26 - INFO - chord#: 180 In build_straw_man_chord_sa. tolerance = 1, sa_iterations = 1000, initial_temperature = 3.0, cooling_rate = 0.999
26 - INFO - chord#: 194 done. best_score=55.0, changed=523, unchanged=368, early_stops=8/8
26 - INFO - chord#: 196 In build_straw_man_chord_sa. tolerance = 1, sa_iterations = 1000, initial_temperature = 3.0, cooling_rate = 0.999
26 - INFO - chord#: 204 done. best_score=27.0, changed=520, unchanged=447, early_stops=8/8
26 - INFO - chord#: 206 In build_straw_man_chord_sa. tolerance = 1, sa_iterations = 1000, initial_temperature = 3.0, cooling_rate = 0.999
26 - INFO - chord#: 214 done. best_score=94.0, changed=612, unchanged=249, early_stops=8/8
26 - INFO - chord#: 216 In build_straw_man_chord_sa. tolerance = 1, sa_iterations = 1000, initial_temperature = 3.0, cooling_rate = 0.999
26 - INFO - chord#: 176 done. best_score=36.0, changed=529, unchanged=407, early_stops=8/8
26 - INFO - chord#: 178 In build_straw_man_chord_sa. tolerance = 1, sa_iterations = 1000, initial_temperature = 3.0, cooling_rate = 0.999
26 - INFO - chord#: 212 done. best_score=27.0, changed=523, unchanged=321, early_stops=8/8
26 - INFO - chord#: 214 In build_straw_man_chord_sa. tolerance = 1, sa_iterations = 1000, initial_temperature = 3.0, cooling_rate = 0.999
26 - INFO - chord#: 180 done. best_score=67.0, changed=612, unchanged=283, early_stops=8/8
26 - INFO - chord#: 182 In build_straw_man_chord_sa. tolerance = 1, sa_iterations = 1000, initial_temperature = 3.0, cooling_rate = 0.999
26 - INFO - chord#: 194 done. best_score=59.0, changed=529, unchanged=518, early_stops=8/8
26 - INFO - chord#: 196 In build_straw_man_chord_sa. tolerance = 1, sa_iterations = 1000, initial_temperature = 3.0, cooling_rate = 0.999
26 - INFO - chord#: 194 done. best_score=59.0, changed=527, unchanged=496, early_stops=8/8
26 - INFO - chord#: 196 In build_straw_man_chord_sa. tolerance = 1, sa_iterations = 1000, initial_temperature = 3.0, cooling_rate = 0.999
26 - INFO - chord#: 196 done. best_score=27.0, changed=523, unchanged=401, early_stops=8/8
26 - INFO - chord#: 198 In build_straw_man_chord_sa. tolerance = 1, sa_iterations = 1000, initial_temperature = 3.0, cooling_rate = 0.999
26 - INFO - chord#: 216 done. best_score=27.0, changed=518, unchanged=390, early_stops=8/8
26 - INFO - chord#: 220 In build_straw_man_chord_sa. tolerance = 1, sa_iterations = 1000, initial_temperature = 3.0, cooling_rate = 0.999
26 - INFO - chord#: 214 done. best_score=96.0, changed=607, unchanged=254, early_stops=8/8
26 - INFO - chord#: 216 In build_straw_man_chord_sa. tolerance = 1, sa_iterations = 1000, initial_temperature = 3.0, cooling_rate = 0.999
26 - INFO - chord#: 176 done. best_score=36.0, changed=520, unchanged=450, early_stops=8/8
26 - INFO - chord#: 178 In build_straw_man_chord_sa. tolerance = 1, sa_iterations = 1000, initial_temperature = 3.0, cooling_rate = 0.999
26 - INFO - chord#: 178 done. best_score=61.0, changed=538, unchanged=318, early_stops=8/8
26 - INFO - chord#: 180 In build_straw_man_chord_sa. tolerance = 1, sa_iterations = 1000, initial_temperature = 3.0, cooling_rate = 0.999
26 - INFO - chord#: 206 done. best_score=90.0, changed=608, unchanged=329, early_stops=8/8
26 - INFO - chord#: 207 In build_straw_man_chord_sa. tolerance = 1, sa_iterations = 1000, initial_temperature = 3.0, cooling_rate = 0.999
26 - INFO - chord#: 196 done. best_score=27.0, changed=519, unchanged=393, early_stops=8/8
26 - INFO - chord#: 198 In build_straw_man_chord_sa. tolerance = 1, sa_iterations = 1000, initial_temperature = 3.0, cooling_rate = 0.999
26 - INFO - chord#: 182 done. best_score=36.0, changed=513, unchanged=344, early_stops=8/8
26 - INFO - chord#: 184 In build_straw_man_chord_sa. tolerance = 1, sa_iterations = 1000, initial_temperature = 3.0, cooling_rate = 0.999
26 - INFO - chord#: 196 done. best_score=27.0, changed=521, unchanged=449, early_stops=8/8
26 - INFO - chord#: 198 In build_straw_man_chord_sa. tolerance = 1, sa_iterations = 1000, initial_temperature = 3.0, cooling_rate = 0.999
26 - INFO - chord#: 216 done. best_score=27.0, changed=530, unchanged=556, early_stops=8/8
26 - INFO - chord#: 220 In build_straw_man_chord_sa. tolerance = 1, sa_iterations = 1000, initial_temperature = 3.0, cooling_rate = 0.999
26 - INFO - chord#: 180 done. best_score=166.0, changed=610, unchanged=236, early_stops=8/8
26 - INFO - chord#: 182 In build_straw_man_chord_sa. tolerance = 1, sa_iterations = 1000, initial_temperature = 3.0, cooling_rate = 0.999
26 - INFO - chord#: 178 done. best_score=61.0, changed=540, unchanged=365, early_stops=8/8
26 - INFO - chord#: 180 In build_straw_man_chord_sa. tolerance = 1, sa_iterations = 1000, initial_temperature = 3.0, cooling_rate = 0.999
26 - INFO - chord#: 214 done. best_score=94.0, changed=613, unchanged=401, early_stops=8/8
26 - INFO - chord#: 216 In build_straw_man_chord_sa. tolerance = 1, sa_iterations = 1000, initial_temperature = 3.0, cooling_rate = 0.999
26 - INFO - chord#: 207 done. best_score=27.0, changed=531, unchanged=339, early_stops=8/8
26 - INFO - chord#: 208 In build_straw_man_chord_sa. tolerance = 1, sa_iterations = 1000, initial_temperature = 3.0, cooling_rate = 0.999
26 - INFO - chord#: 206 done. best_score=135.0, changed=614, unchanged=319, early_stops=8/8
26 - INFO - chord#: 207 In build_straw_man_chord_sa. tolerance = 1, sa_iterations = 1000, initial_temperature = 3.0, cooling_rate = 0.999
26 - INFO - chord#: 184 done. best_score=27.0, changed=517, unchanged=329, early_stops=8/8
26 - INFO - chord#: 188 In build_straw_man_chord_sa. tolerance = 1, sa_iterations = 1000, initial_temperature = 3.0, cooling_rate = 0.999
26 - INFO - chord#: 220 done. best_score=67.0, changed=610, unchanged=265, early_stops=8/8
26 - INFO - chord#: 224 In build_straw_man_chord_sa. tolerance = 1, sa_iterations = 1000, initial_temperature = 3.0, cooling_rate = 0.999
26 - INFO - chord#: 198 done. best_score=151.0, changed=612, unchanged=326, early_stops=8/8
26 - INFO - chord#: 200 In build_straw_man_chord_sa. tolerance = 1, sa_iterations = 1000, initial_temperature = 3.0, cooling_rate = 0.999
26 - INFO - chord#: 224 done. best_score=9.0, changed=448, unchanged=386, early_stops=8/8
26 - INFO - chord#: 228 In build_straw_man_chord_sa. tolerance = 1, sa_iterations = 1000, initial_temperature = 3.0, cooling_rate = 0.999
26 - INFO - chord#: 216 done. best_score=27.0, changed=519, unchanged=480, early_stops=8/8
26 - INFO - chord#: 220 In build_straw_man_chord_sa. tolerance = 1, sa_iterations = 1000, initial_temperature = 3.0, cooling_rate = 0.999
26 - INFO - chord#: 182 done. best_score=36.0, changed=521, unchanged=381, early_stops=8/8
26 - INFO - chord#: 184 In build_straw_man_chord_sa. tolerance = 1, sa_iterations = 1000, initial_temperature = 3.0, cooling_rate = 0.999
26 - INFO - chord#: 198 done. best_score=140.0, changed=609, unchanged=298, early_stops=8/8
26 - INFO - chord#: 200 In build_straw_man_chord_sa. tolerance = 1, sa_iterations = 1000, initial_temperature = 3.0, cooling_rate = 0.999
26 - INFO - chord#: 220 done. best_score=137.0, changed=610, unchanged=221, early_stops=8/8
26 - INFO - chord#: 224 In build_straw_man_chord_sa. tolerance = 1, sa_iterations = 1000, initial_temperature = 3.0, cooling_rate = 0.999
26 - INFO - chord#: 207 done. best_score=27.0, changed=523, unchanged=344, early_stops=8/8
26 - INFO - chord#: 208 In build_straw_man_chord_sa. tolerance = 1, sa_iterations = 1000, initial_temperature = 3.0, cooling_rate = 0.999
26 - INFO - chord#: 198 done. best_score=119.0, changed=612, unchanged=342, early_stops=8/8
26 - INFO - chord#: 200 In build_straw_man_chord_sa. tolerance = 1, sa_iterations = 1000, initial_temperature = 3.0, cooling_rate = 0.999
26 - INFO - chord#: 188 done. best_score=27.0, changed=522, unchanged=441, early_stops=8/8
26 - INFO - chord#: 192 In build_straw_man_chord_sa. tolerance = 1, sa_iterations = 1000, initial_temperature = 3.0, cooling_rate = 0.999
26 - INFO - chord#: 200 done. best_score=27.0, changed=529, unchanged=635, early_stops=8/8
26 - INFO - chord#: 204 In build_straw_man_chord_sa. tolerance = 1, sa_iterations = 1000, initial_temperature = 3.0, cooling_rate = 0.999
26 - INFO - chord#: 224 done. best_score=9.0, changed=456, unchanged=376, early_stops=8/8
26 - INFO - chord#: 228 In build_straw_man_chord_sa. tolerance = 1, sa_iterations = 1000, initial_temperature = 3.0, cooling_rate = 0.999
26 - INFO - chord#: 180 done. best_score=145.0, changed=616, unchanged=434, early_stops=8/8
26 - INFO - chord#: 182 In build_straw_man_chord_sa. tolerance = 1, sa_iterations = 1000, initial_temperature = 3.0, cooling_rate = 0.999
26 - INFO - chord#: 228 done. best_score=27.0, changed=513, unchanged=447, early_stops=8/8
26 - INFO - chord#: 232 In build_straw_man_chord_sa. tolerance = 1, sa_iterations = 1000, initial_temperature = 3.0, cooling_rate = 0.999
26 - INFO - chord#: 184 done. best_score=27.0, changed=514, unchanged=353, early_stops=8/8
26 - INFO - chord#: 188 In build_straw_man_chord_sa. tolerance = 1, sa_iterations = 1000, initial_temperature = 3.0, cooling_rate = 0.999
26 - INFO - chord#: 200 done. best_score=27.0, changed=522, unchanged=484, early_stops=8/8
26 - INFO - chord#: 204 In build_straw_man_chord_sa. tolerance = 1, sa_iterations = 1000, initial_temperature = 3.0, cooling_rate = 0.999
26 - INFO - chord#: 200 done. best_score=36.0, changed=520, unchanged=373, early_stops=8/8
26 - INFO - chord#: 204 In build_straw_man_chord_sa. tolerance = 1, sa_iterations = 1000, initial_temperature = 3.0, cooling_rate = 0.999
26 - INFO - chord#: 228 done. best_score=27.0, changed=527, unchanged=324, early_stops=8/8
26 - INFO - chord#: 232 In build_straw_man_chord_sa. tolerance = 1, sa_iterations = 1000, initial_temperature = 3.0, cooling_rate = 0.999
26 - INFO - chord#: 204 done. best_score=27.0, changed=515, unchanged=400, early_stops=8/8
26 - INFO - chord#: 206 In build_straw_man_chord_sa. tolerance = 1, sa_iterations = 1000, initial_temperature = 3.0, cooling_rate = 0.999
26 - INFO - chord#: 180 done. best_score=78.0, changed=610, unchanged=377, early_stops=8/8
26 - INFO - chord#: 182 In build_straw_man_chord_sa. tolerance = 1, sa_iterations = 1000, initial_temperature = 3.0, cooling_rate = 0.999
26 - INFO - chord#: 182 done. best_score=36.0, changed=517, unchanged=409, early_stops=8/8
26 - INFO - chord#: 184 In build_straw_man_chord_sa. tolerance = 1, sa_iterations = 1000, initial_temperature = 3.0, cooling_rate = 0.999
26 - INFO - chord#: 192 done. best_score=59.0, changed=525, unchanged=434, early_stops=8/8
26 - INFO - chord#: 194 In build_straw_man_chord_sa. tolerance = 1, sa_iterations = 1000, initial_temperature = 3.0, cooling_rate = 0.999
26 - INFO - chord#: 208 done. best_score=128.0, changed=610, unchanged=348, early_stops=8/8
26 - INFO - chord#: 212 In build_straw_man_chord_sa. tolerance = 1, sa_iterations = 1000, initial_temperature = 3.0, cooling_rate = 0.999
26 - INFO - chord#: 204 done. best_score=27.0, changed=517, unchanged=349, early_stops=8/8
26 - INFO - chord#: 206 In build_straw_man_chord_sa. tolerance = 1, sa_iterations = 1000, initial_temperature = 3.0, cooling_rate = 0.999
26 - INFO - chord#: 188 done. best_score=27.0, changed=526, unchanged=404, early_stops=8/8
26 - INFO - chord#: 192 In build_straw_man_chord_sa. tolerance = 1, sa_iterations = 1000, initial_temperature = 3.0, cooling_rate = 0.999
26 - INFO - chord#: 220 done. best_score=67.0, changed=615, unchanged=482, early_stops=8/8
26 - INFO - chord#: 224 In build_straw_man_chord_sa. tolerance = 1, sa_iterations = 1000, initial_temperature = 3.0, cooling_rate = 0.999
26 - INFO - chord#: 204 done. best_score=27.0, changed=525, unchanged=482, early_stops=8/8
26 - INFO - chord#: 206 In build_straw_man_chord_sa. tolerance = 1, sa_iterations = 1000, initial_temperature = 3.0, cooling_rate = 0.999
26 - INFO - chord#: 224 done. best_score=9.0, changed=463, unchanged=371, early_stops=8/8
26 - INFO - chord#: 228 In build_straw_man_chord_sa. tolerance = 1, sa_iterations = 1000, initial_temperature = 3.0, cooling_rate = 0.999
26 - INFO - chord#: 212 done. best_score=27.0, changed=525, unchanged=400, early_stops=8/8
26 - INFO - chord#: 214 In build_straw_man_chord_sa. tolerance = 1, sa_iterations = 1000, initial_temperature = 3.0, cooling_rate = 0.999
26 - INFO - chord#: 182 done. best_score=36.0, changed=522, unchanged=386, early_stops=8/8
26 - INFO - chord#: 184 In build_straw_man_chord_sa. tolerance = 1, sa_iterations = 1000, initial_temperature = 3.0, cooling_rate = 0.999
26 - INFO - chord#: 184 done. best_score=27.0, changed=520, unchanged=338, early_stops=8/8
26 - INFO - chord#: 188 In build_straw_man_chord_sa. tolerance = 1, sa_iterations = 1000, initial_temperature = 3.0, cooling_rate = 0.999
26 - INFO - chord#: 232 done. best_score=137.0, changed=614, unchanged=300, early_stops=8/8
26 - INFO - chord#: 236 In build_straw_man_chord_sa. tolerance = 1, sa_iterations = 1000, initial_temperature = 3.0, cooling_rate = 0.999
26 - INFO - chord#: 208 done. best_score=93.0, changed=611, unchanged=357, early_stops=8/8
26 - INFO - chord#: 212 In build_straw_man_chord_sa. tolerance = 1, sa_iterations = 1000, initial_temperature = 3.0, cooling_rate = 0.999
26 - INFO - chord#: 194 done. best_score=59.0, changed=520, unchanged=438, early_stops=8/8
26 - INFO - chord#: 196 In build_straw_man_chord_sa. tolerance = 1, sa_iterations = 1000, initial_temperature = 3.0, cooling_rate = 0.999
26 - INFO - chord#: 192 done. best_score=59.0, changed=516, unchanged=381, early_stops=8/8
26 - INFO - chord#: 194 In build_straw_man_chord_sa. tolerance = 1, sa_iterations = 1000, initial_temperature = 3.0, cooling_rate = 0.999
26 - INFO - chord#: 228 done. best_score=27.0, changed=523, unchanged=384, early_stops=8/8
26 - INFO - chord#: 232 In build_straw_man_chord_sa. tolerance = 1, sa_iterations = 1000, initial_temperature = 3.0, cooling_rate = 0.999
26 - INFO - chord#: 236 done. best_score=36.0, changed=519, unchanged=322, early_stops=8/8
26 - INFO - chord#: 240 In build_straw_man_chord_sa. tolerance = 1, sa_iterations = 1000, initial_temperature = 3.0, cooling_rate = 0.999
26 - INFO - chord#: 232 done. best_score=78.0, changed=614, unchanged=374, early_stops=8/8
26 - INFO - chord#: 236 In build_straw_man_chord_sa. tolerance = 1, sa_iterations = 1000, initial_temperature = 3.0, cooling_rate = 0.999
26 - INFO - chord#: 188 done. best_score=27.0, changed=519, unchanged=398, early_stops=8/8
26 - INFO - chord#: 192 In build_straw_man_chord_sa. tolerance = 1, sa_iterations = 1000, initial_temperature = 3.0, cooling_rate = 0.999
26 - INFO - chord#: 240 done. best_score=11.0, changed=486, unchanged=346, early_stops=8/8
26 - INFO - chord#: 242 In build_straw_man_chord_sa. tolerance = 1, sa_iterations = 1000, initial_temperature = 3.0, cooling_rate = 0.999
26 - INFO - chord#: 212 done. best_score=27.0, changed=526, unchanged=426, early_stops=8/8
26 - INFO - chord#: 214 In build_straw_man_chord_sa. tolerance = 1, sa_iterations = 1000, initial_temperature = 3.0, cooling_rate = 0.999
26 - INFO - chord#: 184 done. best_score=27.0, changed=524, unchanged=455, early_stops=8/8
26 - INFO - chord#: 188 In build_straw_man_chord_sa. tolerance = 1, sa_iterations = 1000, initial_temperature = 3.0, cooling_rate = 0.999
26 - INFO - chord#: 206 done. best_score=90.0, changed=616, unchanged=515, early_stops=8/8
26 - INFO - chord#: 207 In build_straw_man_chord_sa. tolerance = 1, sa_iterations = 1000, initial_temperature = 3.0, cooling_rate = 0.999
26 - INFO - chord#: 206 done. best_score=95.0, changed=612, unchanged=345, early_stops=8/8
26 - INFO - chord#: 207 In build_straw_man_chord_sa. tolerance = 1, sa_iterations = 1000, initial_temperature = 3.0, cooling_rate = 0.999
26 - INFO - chord#: 196 done. best_score=27.0, changed=521, unchanged=472, early_stops=8/8
26 - INFO - chord#: 198 In build_straw_man_chord_sa. tolerance = 1, sa_iterations = 1000, initial_temperature = 3.0, cooling_rate = 0.999
26 - INFO - chord#: 194 done. best_score=55.0, changed=533, unchanged=475, early_stops=8/8
26 - INFO - chord#: 196 In build_straw_man_chord_sa. tolerance = 1, sa_iterations = 1000, initial_temperature = 3.0, cooling_rate = 0.999
26 - INFO - chord#: 236 done. best_score=36.0, changed=521, unchanged=395, early_stops=8/8
26 - INFO - chord#: 240 In build_straw_man_chord_sa. tolerance = 1, sa_iterations = 1000, initial_temperature = 3.0, cooling_rate = 0.999
26 - INFO - chord#: 206 done. best_score=95.0, changed=613, unchanged=394, early_stops=8/8
26 - INFO - chord#: 207 In build_straw_man_chord_sa. tolerance = 1, sa_iterations = 1000, initial_temperature = 3.0, cooling_rate = 0.999
26 - INFO - chord#: 240 done. best_score=11.0, changed=489, unchanged=341, early_stops=8/8
26 - INFO - chord#: 242 In build_straw_man_chord_sa. tolerance = 1, sa_iterations = 1000, initial_temperature = 3.0, cooling_rate = 0.999
26 - INFO - chord#: 214 done. best_score=94.0, changed=617, unchanged=254, early_stops=8/8
26 - INFO - chord#: 216 In build_straw_man_chord_sa. tolerance = 1, sa_iterations = 1000, initial_temperature = 3.0, cooling_rate = 0.999
26 - INFO - chord#: 188 done. best_score=27.0, changed=518, unchanged=332, early_stops=8/8
26 - INFO - chord#: 192 In build_straw_man_chord_sa. tolerance = 1, sa_iterations = 1000, initial_temperature = 3.0, cooling_rate = 0.999
26 - INFO - chord#: 192 done. best_score=59.0, changed=524, unchanged=354, early_stops=8/8
26 - INFO - chord#: 194 In build_straw_man_chord_sa. tolerance = 1, sa_iterations = 1000, initial_temperature = 3.0, cooling_rate = 0.999
26 - INFO - chord#: 207 done. best_score=27.0, changed=526, unchanged=332, early_stops=8/8
26 - INFO - chord#: 208 In build_straw_man_chord_sa. tolerance = 1, sa_iterations = 1000, initial_temperature = 3.0, cooling_rate = 0.999
26 - INFO - chord#: 207 done. best_score=27.0, changed=525, unchanged=358, early_stops=8/8
26 - INFO - chord#: 208 In build_straw_man_chord_sa. tolerance = 1, sa_iterations = 1000, initial_temperature = 3.0, cooling_rate = 0.999
26 - INFO - chord#: 232 done. best_score=67.0, changed=610, unchanged=322, early_stops=8/8
26 - INFO - chord#: 236 In build_straw_man_chord_sa. tolerance = 1, sa_iterations = 1000, initial_temperature = 3.0, cooling_rate = 0.999
26 - INFO - chord#: 207 done. best_score=27.0, changed=526, unchanged=335, early_stops=8/8
26 - INFO - chord#: 208 In build_straw_man_chord_sa. tolerance = 1, sa_iterations = 1000, initial_temperature = 3.0, cooling_rate = 0.999
26 - INFO - chord#: 196 done. best_score=27.0, changed=515, unchanged=401, early_stops=8/8
26 - INFO - chord#: 198 In build_straw_man_chord_sa. tolerance = 1, sa_iterations = 1000, initial_temperature = 3.0, cooling_rate = 0.999
26 - INFO - chord#: 242 done. best_score=132.0, changed=607, unchanged=264, early_stops=8/8
26 - INFO - chord#: 244 In build_straw_man_chord_sa. tolerance = 1, sa_iterations = 1000, initial_temperature = 3.0, cooling_rate = 0.999
26 - INFO - chord#: 216 done. best_score=27.0, changed=519, unchanged=302, early_stops=8/8
26 - INFO - chord#: 220 In build_straw_man_chord_sa. tolerance = 1, sa_iterations = 1000, initial_temperature = 3.0, cooling_rate = 0.999
26 - INFO - chord#: 214 done. best_score=93.0, changed=611, unchanged=285, early_stops=8/8
26 - INFO - chord#: 216 In build_straw_man_chord_sa. tolerance = 1, sa_iterations = 1000, initial_temperature = 3.0, cooling_rate = 0.999
26 - INFO - chord#: 236 done. best_score=36.0, changed=528, unchanged=348, early_stops=8/8
26 - INFO - chord#: 240 In build_straw_man_chord_sa. tolerance = 1, sa_iterations = 1000, initial_temperature = 3.0, cooling_rate = 0.999
26 - INFO - chord#: 192 done. best_score=59.0, changed=514, unchanged=432, early_stops=8/8
26 - INFO - chord#: 194 In build_straw_man_chord_sa. tolerance = 1, sa_iterations = 1000, initial_temperature = 3.0, cooling_rate = 0.999
26 - INFO - chord#: 194 done. best_score=59.0, changed=524, unchanged=455, early_stops=8/8
26 - INFO - chord#: 196 In build_straw_man_chord_sa. tolerance = 1, sa_iterations = 1000, initial_temperature = 3.0, cooling_rate = 0.999
26 - INFO - chord#: 240 done. best_score=11.0, changed=482, unchanged=358, early_stops=8/8
26 - INFO - chord#: 242 In build_straw_man_chord_sa. tolerance = 1, sa_iterations = 1000, initial_temperature = 3.0, cooling_rate = 0.999
26 - INFO - chord#: 244 done. best_score=27.0, changed=528, unchanged=367, early_stops=8/8
26 - INFO - chord#: 246 In build_straw_man_chord_sa. tolerance = 1, sa_iterations = 1000, initial_temperature = 3.0, cooling_rate = 0.999
26 - INFO - chord#: 216 done. best_score=27.0, changed=508, unchanged=324, early_stops=8/8
26 - INFO - chord#: 220 In build_straw_man_chord_sa. tolerance = 1, sa_iterations = 1000, initial_temperature = 3.0, cooling_rate = 0.999
26 - INFO - chord#: 208 done. best_score=105.0, changed=611, unchanged=264, early_stops=8/8
26 - INFO - chord#: 212 In build_straw_man_chord_sa. tolerance = 1, sa_iterations = 1000, initial_temperature = 3.0, cooling_rate = 0.999
26 - INFO - chord#: 208 done. best_score=116.0, changed=608, unchanged=224, early_stops=8/8
26 - INFO - chord#: 212 In build_straw_man_chord_sa. tolerance = 1, sa_iterations = 1000, initial_temperature = 3.0, cooling_rate = 0.999
26 - INFO - chord#: 242 done. best_score=106.0, changed=610, unchanged=426, early_stops=8/8
26 - INFO - chord#: 244 In build_straw_man_chord_sa. tolerance = 1, sa_iterations = 1000, initial_temperature = 3.0, cooling_rate = 0.999
26 - INFO - chord#: 208 done. best_score=105.0, changed=607, unchanged=244, early_stops=8/8
26 - INFO - chord#: 212 In build_straw_man_chord_sa. tolerance = 1, sa_iterations = 1000, initial_temperature = 3.0, cooling_rate = 0.999
26 - INFO - chord#: 198 done. best_score=137.0, changed=615, unchanged=533, early_stops=8/8
26 - INFO - chord#: 200 In build_straw_man_chord_sa. tolerance = 1, sa_iterations = 1000, initial_temperature = 3.0, cooling_rate = 0.999
26 - INFO - chord#: 194 done. best_score=55.0, changed=517, unchanged=450, early_stops=8/8
26 - INFO - chord#: 196 In build_straw_man_chord_sa. tolerance = 1, sa_iterations = 1000, initial_temperature = 3.0, cooling_rate = 0.999
26 - INFO - chord#: 196 done. best_score=27.0, changed=525, unchanged=553, early_stops=8/8
26 - INFO - chord#: 198 In build_straw_man_chord_sa. tolerance = 1, sa_iterations = 1000, initial_temperature = 3.0, cooling_rate = 0.999
26 - INFO - chord#: 212 done. best_score=27.0, changed=523, unchanged=331, early_stops=8/8
26 - INFO - chord#: 214 In build_straw_man_chord_sa. tolerance = 1, sa_iterations = 1000, initial_temperature = 3.0, cooling_rate = 0.999
26 - INFO - chord#: 212 done. best_score=27.0, changed=521, unchanged=432, early_stops=8/8
26 - INFO - chord#: 214 In build_straw_man_chord_sa. tolerance = 1, sa_iterations = 1000, initial_temperature = 3.0, cooling_rate = 0.999
26 - INFO - chord#: 212 done. best_score=27.0, changed=514, unchanged=324, early_stops=8/8
26 - INFO - chord#: 214 In build_straw_man_chord_sa. tolerance = 1, sa_iterations = 1000, initial_temperature = 3.0, cooling_rate = 0.999
26 - INFO - chord#: 244 done. best_score=27.0, changed=522, unchanged=420, early_stops=8/8
26 - INFO - chord#: 246 In build_straw_man_chord_sa. tolerance = 1, sa_iterations = 1000, initial_temperature = 3.0, cooling_rate = 0.999
26 - INFO - chord#: 198 done. best_score=78.0, changed=615, unchanged=357, early_stops=8/8
26 - INFO - chord#: 200 In build_straw_man_chord_sa. tolerance = 1, sa_iterations = 1000, initial_temperature = 3.0, cooling_rate = 0.999
26 - INFO - chord#: 246 done. best_score=96.0, changed=612, unchanged=306, early_stops=8/8
26 - INFO - chord#: 248 In build_straw_man_chord_sa. tolerance = 1, sa_iterations = 1000, initial_temperature = 3.0, cooling_rate = 0.999
26 - INFO - chord#: 200 done. best_score=27.0, changed=517, unchanged=370, early_stops=8/8
26 - INFO - chord#: 204 In build_straw_man_chord_sa. tolerance = 1, sa_iterations = 1000, initial_temperature = 3.0, cooling_rate = 0.999
26 - INFO - chord#: 220 done. best_score=67.0, changed=606, unchanged=344, early_stops=8/8
26 - INFO - chord#: 224 In build_straw_man_chord_sa. tolerance = 1, sa_iterations = 1000, initial_temperature = 3.0, cooling_rate = 0.999
26 - INFO - chord#: 242 done. best_score=151.0, changed=611, unchanged=343, early_stops=8/8
26 - INFO - chord#: 244 In build_straw_man_chord_sa. tolerance = 1, sa_iterations = 1000, initial_temperature = 3.0, cooling_rate = 0.999
26 - INFO - chord#: 196 done. best_score=27.0, changed=518, unchanged=373, early_stops=8/8
26 - INFO - chord#: 198 In build_straw_man_chord_sa. tolerance = 1, sa_iterations = 1000, initial_temperature = 3.0, cooling_rate = 0.999
26 - INFO - chord#: 224 done. best_score=9.0, changed=465, unchanged=368, early_stops=8/8
26 - INFO - chord#: 228 In build_straw_man_chord_sa. tolerance = 1, sa_iterations = 1000, initial_temperature = 3.0, cooling_rate = 0.999
26 - INFO - chord#: 244 done. best_score=27.0, changed=527, unchanged=393, early_stops=8/8
26 - INFO - chord#: 246 In build_straw_man_chord_sa. tolerance = 1, sa_iterations = 1000, initial_temperature = 3.0, cooling_rate = 0.999
26 - INFO - chord#: 220 done. best_score=67.0, changed=611, unchanged=298, early_stops=8/8
26 - INFO - chord#: 224 In build_straw_man_chord_sa. tolerance = 1, sa_iterations = 1000, initial_temperature = 3.0, cooling_rate = 0.999
26 - INFO - chord#: 214 done. best_score=96.0, changed=610, unchanged=263, early_stops=8/8
26 - INFO - chord#: 216 In build_straw_man_chord_sa. tolerance = 1, sa_iterations = 1000, initial_temperature = 3.0, cooling_rate = 0.999
26 - INFO - chord#: 200 done. best_score=27.0, changed=530, unchanged=553, early_stops=8/8
26 - INFO - chord#: 204 In build_straw_man_chord_sa. tolerance = 1, sa_iterations = 1000, initial_temperature = 3.0, cooling_rate = 0.999
26 - INFO - chord#: 204 done. best_score=27.0, changed=515, unchanged=428, early_stops=8/8
26 - INFO - chord#: 206 In build_straw_man_chord_sa. tolerance = 1, sa_iterations = 1000, initial_temperature = 3.0, cooling_rate = 0.999
26 - INFO - chord#: 224 done. best_score=9.0, changed=466, unchanged=414, early_stops=8/8
26 - INFO - chord#: 228 In build_straw_man_chord_sa. tolerance = 1, sa_iterations = 1000, initial_temperature = 3.0, cooling_rate = 0.999
26 - INFO - chord#: 228 done. best_score=27.0, changed=516, unchanged=389, early_stops=8/8
26 - INFO - chord#: 232 In build_straw_man_chord_sa. tolerance = 1, sa_iterations = 1000, initial_temperature = 3.0, cooling_rate = 0.999
26 - INFO - chord#: 198 done. best_score=162.0, changed=609, unchanged=247, early_stops=8/8
26 - INFO - chord#: 200 In build_straw_man_chord_sa. tolerance = 1, sa_iterations = 1000, initial_temperature = 3.0, cooling_rate = 0.999
26 - INFO - chord#: 246 done. best_score=74.0, changed=607, unchanged=300, early_stops=8/8
26 - INFO - chord#: 248 In build_straw_man_chord_sa. tolerance = 1, sa_iterations = 1000, initial_temperature = 3.0, cooling_rate = 0.999
26 - INFO - chord#: 214 done. best_score=94.0, changed=614, unchanged=466, early_stops=8/8
26 - INFO - chord#: 216 In build_straw_man_chord_sa. tolerance = 1, sa_iterations = 1000, initial_temperature = 3.0, cooling_rate = 0.999
26 - INFO - chord#: 214 done. best_score=96.0, changed=616, unchanged=482, early_stops=8/8
26 - INFO - chord#: 216 In build_straw_man_chord_sa. tolerance = 1, sa_iterations = 1000, initial_temperature = 3.0, cooling_rate = 0.999
26 - INFO - chord#: 216 done. best_score=27.0, changed=524, unchanged=328, early_stops=8/8
26 - INFO - chord#: 220 In build_straw_man_chord_sa. tolerance = 1, sa_iterations = 1000, initial_temperature = 3.0, cooling_rate = 0.999
26 - INFO - chord#: 204 done. best_score=27.0, changed=519, unchanged=355, early_stops=8/8
26 - INFO - chord#: 206 In build_straw_man_chord_sa. tolerance = 1, sa_iterations = 1000, initial_temperature = 3.0, cooling_rate = 0.999
26 - INFO - chord#: 228 done. best_score=27.0, changed=519, unchanged=410, early_stops=8/8
26 - INFO - chord#: 232 In build_straw_man_chord_sa. tolerance = 1, sa_iterations = 1000, initial_temperature = 3.0, cooling_rate = 0.999
26 - INFO - chord#: 248 done. best_score=96.0, changed=613, unchanged=403, early_stops=8/8
26 - INFO - chord#: 250 In build_straw_man_chord_sa. tolerance = 1, sa_iterations = 1000, initial_temperature = 3.0, cooling_rate = 0.999
26 - INFO - chord#: 216 done. best_score=27.0, changed=518, unchanged=382, early_stops=8/8
26 - INFO - chord#: 220 In build_straw_man_chord_sa. tolerance = 1, sa_iterations = 1000, initial_temperature = 3.0, cooling_rate = 0.999
26 - INFO - chord#: 200 done. best_score=27.0, changed=520, unchanged=440, early_stops=8/8
26 - INFO - chord#: 204 In build_straw_man_chord_sa. tolerance = 1, sa_iterations = 1000, initial_temperature = 3.0, cooling_rate = 0.999
26 - INFO - chord#: 216 done. best_score=27.0, changed=528, unchanged=412, early_stops=8/8
26 - INFO - chord#: 220 In build_straw_man_chord_sa. tolerance = 1, sa_iterations = 1000, initial_temperature = 3.0, cooling_rate = 0.999
26 - INFO - chord#: 246 done. best_score=96.0, changed=615, unchanged=308, early_stops=8/8
26 - INFO - chord#: 248 In build_straw_man_chord_sa. tolerance = 1, sa_iterations = 1000, initial_temperature = 3.0, cooling_rate = 0.999
26 - INFO - chord#: 198 done. best_score=78.0, changed=613, unchanged=399, early_stops=8/8
26 - INFO - chord#: 200 In build_straw_man_chord_sa. tolerance = 1, sa_iterations = 1000, initial_temperature = 3.0, cooling_rate = 0.999
26 - INFO - chord#: 248 done. best_score=149.0, changed=611, unchanged=229, early_stops=8/8
26 - INFO - chord#: 250 In build_straw_man_chord_sa. tolerance = 1, sa_iterations = 1000, initial_temperature = 3.0, cooling_rate = 0.999
26 - INFO - chord#: 250 done. best_score=61.0, changed=546, unchanged=414, early_stops=8/8
26 - INFO - chord#: 252 In build_straw_man_chord_sa. tolerance = 1, sa_iterations = 1000, initial_temperature = 3.0, cooling_rate = 0.999
26 - INFO - chord#: 204 done. best_score=27.0, changed=524, unchanged=587, early_stops=8/8
26 - INFO - chord#: 206 In build_straw_man_chord_sa. tolerance = 1, sa_iterations = 1000, initial_temperature = 3.0, cooling_rate = 0.999
26 - INFO - chord#: 250 done. best_score=61.0, changed=526, unchanged=345, early_stops=8/8
26 - INFO - chord#: 252 In build_straw_man_chord_sa. tolerance = 1, sa_iterations = 1000, initial_temperature = 3.0, cooling_rate = 0.999
26 - INFO - chord#: 200 done. best_score=27.0, changed=520, unchanged=507, early_stops=8/8
26 - INFO - chord#: 204 In build_straw_man_chord_sa. tolerance = 1, sa_iterations = 1000, initial_temperature = 3.0, cooling_rate = 0.999
26 - INFO - chord#: 220 done. best_score=67.0, changed=616, unchanged=415, early_stops=8/8
26 - INFO - chord#: 224 In build_straw_man_chord_sa. tolerance = 1, sa_iterations = 1000, initial_temperature = 3.0, cooling_rate = 0.999
26 - INFO - chord#: 206 done. best_score=90.0, changed=611, unchanged=460, early_stops=8/8
26 - INFO - chord#: 207 In build_straw_man_chord_sa. tolerance = 1, sa_iterations = 1000, initial_temperature = 3.0, cooling_rate = 0.999
26 - INFO - chord#: 224 done. best_score=9.0, changed=466, unchanged=370, early_stops=8/8
26 - INFO - chord#: 232 done. best_score=157.0, changed=617, unchanged=413, early_stops=8/8
26 - INFO - chord#: 228 In build_straw_man_chord_sa. tolerance = 1, sa_iterations = 1000, initial_temperature = 3.0, cooling_rate = 0.999
26 - INFO - chord#: 236 In build_straw_man_chord_sa. tolerance = 1, sa_iterations = 1000, initial_temperature = 3.0, cooling_rate = 0.999
26 - INFO - chord#: 232 done. best_score=140.0, changed=614, unchanged=413, early_stops=8/8
26 - INFO - chord#: 236 In build_straw_man_chord_sa. tolerance = 1, sa_iterations = 1000, initial_temperature = 3.0, cooling_rate = 0.999
26 - INFO - chord#: 248 done. best_score=74.0, changed=610, unchanged=245, early_stops=8/8
26 - INFO - chord#: 250 In build_straw_man_chord_sa. tolerance = 1, sa_iterations = 1000, initial_temperature = 3.0, cooling_rate = 0.999
26 - INFO - chord#: 252 done. best_score=137.0, changed=609, unchanged=227, early_stops=8/8
26 - INFO - chord#: 254 In build_straw_man_chord_sa. tolerance = 1, sa_iterations = 1000, initial_temperature = 3.0, cooling_rate = 0.999
26 - INFO - chord#: 220 done. best_score=67.0, changed=622, unchanged=495, early_stops=8/8
26 - INFO - chord#: 224 In build_straw_man_chord_sa. tolerance = 1, sa_iterations = 1000, initial_temperature = 3.0, cooling_rate = 0.999
26 - INFO - chord#: 220 done. best_score=67.0, changed=611, unchanged=346, early_stops=8/8
26 - INFO - chord#: 224 In build_straw_man_chord_sa. tolerance = 1, sa_iterations = 1000, initial_temperature = 3.0, cooling_rate = 0.999
26 - INFO - chord#: 206 done. best_score=90.0, changed=613, unchanged=441, early_stops=8/8
26 - INFO - chord#: 207 In build_straw_man_chord_sa. tolerance = 1, sa_iterations = 1000, initial_temperature = 3.0, cooling_rate = 0.999
26 - INFO - chord#: 254 done. best_score=13.0, changed=489, unchanged=328, early_stops=8/8
26 - INFO - chord#: 256 In build_straw_man_chord_sa. tolerance = 1, sa_iterations = 1000, initial_temperature = 3.0, cooling_rate = 0.999
26 - INFO - chord#: 228 done. best_score=27.0, changed=531, unchanged=347, early_stops=8/8
26 - INFO - chord#: 232 In build_straw_man_chord_sa. tolerance = 1, sa_iterations = 1000, initial_temperature = 3.0, cooling_rate = 0.999
26 - INFO - chord#: 224 done. best_score=9.0, changed=470, unchanged=375, early_stops=8/8
26 - INFO - chord#: 228 In build_straw_man_chord_sa. tolerance = 1, sa_iterations = 1000, initial_temperature = 3.0, cooling_rate = 0.999
26 - INFO - chord#: 224 done. best_score=9.0, changed=449, unchanged=417, early_stops=8/8
26 - INFO - chord#: 228 In build_straw_man_chord_sa. tolerance = 1, sa_iterations = 1000, initial_temperature = 3.0, cooling_rate = 0.999
26 - INFO - chord#: 207 done. best_score=27.0, changed=528, unchanged=348, early_stops=8/8
26 - INFO - chord#: 208 In build_straw_man_chord_sa. tolerance = 1, sa_iterations = 1000, initial_temperature = 3.0, cooling_rate = 0.999
26 - INFO - chord#: 204 done. best_score=27.0, changed=519, unchanged=431, early_stops=8/8
26 - INFO - chord#: 206 In build_straw_man_chord_sa. tolerance = 1, sa_iterations = 1000, initial_temperature = 3.0, cooling_rate = 0.999
26 - INFO - chord#: 236 done. best_score=36.0, changed=529, unchanged=485, early_stops=8/8
26 - INFO - chord#: 240 In build_straw_man_chord_sa. tolerance = 1, sa_iterations = 1000, initial_temperature = 3.0, cooling_rate = 0.999
26 - INFO - chord#: 236 done. best_score=36.0, changed=532, unchanged=376, early_stops=8/8
26 - INFO - chord#: 240 In build_straw_man_chord_sa. tolerance = 1, sa_iterations = 1000, initial_temperature = 3.0, cooling_rate = 0.999
26 - INFO - chord#: 250 done. best_score=61.0, changed=528, unchanged=294, early_stops=8/8
26 - INFO - chord#: 252 In build_straw_man_chord_sa. tolerance = 1, sa_iterations = 1000, initial_temperature = 3.0, cooling_rate = 0.999
26 - INFO - chord#: 240 done. best_score=11.0, changed=479, unchanged=360, early_stops=8/8
26 - INFO - chord#: 242 In build_straw_man_chord_sa. tolerance = 1, sa_iterations = 1000, initial_temperature = 3.0, cooling_rate = 0.999
26 - INFO - chord#: 240 done. best_score=11.0, changed=491, unchanged=396, early_stops=8/8
26 - INFO - chord#: 242 In build_straw_man_chord_sa. tolerance = 1, sa_iterations = 1000, initial_temperature = 3.0, cooling_rate = 0.999
26 - INFO - chord#: 228 done. best_score=27.0, changed=521, unchanged=378, early_stops=8/8
26 - INFO - chord#: 232 In build_straw_man_chord_sa. tolerance = 1, sa_iterations = 1000, initial_temperature = 3.0, cooling_rate = 0.999
26 - INFO - chord#: 207 done. best_score=27.0, changed=529, unchanged=398, early_stops=8/8
26 - INFO - chord#: 208 In build_straw_man_chord_sa. tolerance = 1, sa_iterations = 1000, initial_temperature = 3.0, cooling_rate = 0.999
26 - INFO - chord#: 206 done. best_score=97.0, changed=608, unchanged=230, early_stops=8/8
26 - INFO - chord#: 207 In build_straw_man_chord_sa. tolerance = 1, sa_iterations = 1000, initial_temperature = 3.0, cooling_rate = 0.999
26 - INFO - chord#: 228 done. best_score=27.0, changed=521, unchanged=420, early_stops=8/8
26 - INFO - chord#: 232 In build_straw_man_chord_sa. tolerance = 1, sa_iterations = 1000, initial_temperature = 3.0, cooling_rate = 0.999
26 - INFO - chord#: 252 done. best_score=78.0, changed=617, unchanged=402, early_stops=8/8
26 - INFO - chord#: 254 In build_straw_man_chord_sa. tolerance = 1, sa_iterations = 1000, initial_temperature = 3.0, cooling_rate = 0.999
26 - INFO - chord#: 254 done. best_score=11.0, changed=483, unchanged=360, early_stops=8/8
26 - INFO - chord#: 256 In build_straw_man_chord_sa. tolerance = 1, sa_iterations = 1000, initial_temperature = 3.0, cooling_rate = 0.999
26 - INFO - chord#: 256 done. best_score=67.0, changed=618, unchanged=347, early_stops=8/8
26 - INFO - chord#: 260 In build_straw_man_chord_sa. tolerance = 1, sa_iterations = 1000, initial_temperature = 3.0, cooling_rate = 0.999
26 - INFO - chord#: 207 done. best_score=27.0, changed=528, unchanged=363, early_stops=8/8
26 - INFO - chord#: 208 In build_straw_man_chord_sa. tolerance = 1, sa_iterations = 1000, initial_temperature = 3.0, cooling_rate = 0.999
26 - INFO - chord#: 252 done. best_score=140.0, changed=617, unchanged=331, early_stops=8/8
26 - INFO - chord#: 254 In build_straw_man_chord_sa. tolerance = 1, sa_iterations = 1000, initial_temperature = 3.0, cooling_rate = 0.999
26 - INFO - chord#: 254 done. best_score=13.0, changed=516, unchanged=295, early_stops=8/8
26 - INFO - chord#: 256 In build_straw_man_chord_sa. tolerance = 1, sa_iterations = 1000, initial_temperature = 3.0, cooling_rate = 0.999
26 - INFO - chord#: 206 done. best_score=90.0, changed=613, unchanged=241, early_stops=8/8
26 - INFO - chord#: 207 In build_straw_man_chord_sa. tolerance = 1, sa_iterations = 1000, initial_temperature = 3.0, cooling_rate = 0.999
26 - INFO - chord#: 242 done. best_score=106.0, changed=614, unchanged=320, early_stops=8/8
26 - INFO - chord#: 244 In build_straw_man_chord_sa. tolerance = 1, sa_iterations = 1000, initial_temperature = 3.0, cooling_rate = 0.999
26 - INFO - chord#: 208 done. best_score=93.0, changed=614, unchanged=337, early_stops=8/8
26 - INFO - chord#: 212 In build_straw_man_chord_sa. tolerance = 1, sa_iterations = 1000, initial_temperature = 3.0, cooling_rate = 0.999
26 - INFO - chord#: 232 done. best_score=67.0, changed=619, unchanged=566, early_stops=8/8
26 - INFO - chord#: 236 In build_straw_man_chord_sa. tolerance = 1, sa_iterations = 1000, initial_temperature = 3.0, cooling_rate = 0.999
26 - INFO - chord#: 232 done. best_score=137.0, changed=611, unchanged=273, early_stops=8/8
26 - INFO - chord#: 236 In build_straw_man_chord_sa. tolerance = 1, sa_iterations = 1000, initial_temperature = 3.0, cooling_rate = 0.999
26 - INFO - chord#: 260 done. best_score=27.0, changed=516, unchanged=532, early_stops=8/8
26 - INFO - chord#: 262 In build_straw_man_chord_sa. tolerance = 1, sa_iterations = 1000, initial_temperature = 3.0, cooling_rate = 0.999
26 - INFO - chord#: 242 done. best_score=141.0, changed=610, unchanged=320, early_stops=8/8
26 - INFO - chord#: 244 In build_straw_man_chord_sa. tolerance = 1, sa_iterations = 1000, initial_temperature = 3.0, cooling_rate = 0.999
26 - INFO - chord#: 244 done. best_score=27.0, changed=521, unchanged=368, early_stops=8/8
26 - INFO - chord#: 246 In build_straw_man_chord_sa. tolerance = 1, sa_iterations = 1000, initial_temperature = 3.0, cooling_rate = 0.999
26 - INFO - chord#: 208 done. best_score=105.0, changed=613, unchanged=292, early_stops=8/8
26 - INFO - chord#: 212 In build_straw_man_chord_sa. tolerance = 1, sa_iterations = 1000, initial_temperature = 3.0, cooling_rate = 0.999
26 - INFO - chord#: 207 done. best_score=27.0, changed=533, unchanged=448, early_stops=8/8
26 - INFO - chord#: 208 In build_straw_man_chord_sa. tolerance = 1, sa_iterations = 1000, initial_temperature = 3.0, cooling_rate = 0.999
26 - INFO - chord#: 256 done. best_score=140.0, changed=615, unchanged=381, early_stops=8/8
26 - INFO - chord#: 260 In build_straw_man_chord_sa. tolerance = 1, sa_iterations = 1000, initial_temperature = 3.0, cooling_rate = 0.999
26 - INFO - chord#: 212 done. best_score=27.0, changed=530, unchanged=400, early_stops=8/8
26 - INFO - chord#: 214 In build_straw_man_chord_sa. tolerance = 1, sa_iterations = 1000, initial_temperature = 3.0, cooling_rate = 0.999
26 - INFO - chord#: 236 done. best_score=36.0, changed=531, unchanged=412, early_stops=8/8
26 - INFO - chord#: 240 In build_straw_man_chord_sa. tolerance = 1, sa_iterations = 1000, initial_temperature = 3.0, cooling_rate = 0.999
26 - INFO - chord#: 236 done. best_score=36.0, changed=530, unchanged=359, early_stops=8/8
26 - INFO - chord#: 240 In build_straw_man_chord_sa. tolerance = 1, sa_iterations = 1000, initial_temperature = 3.0, cooling_rate = 0.999
26 - INFO - chord#: 240 done. best_score=11.0, changed=489, unchanged=368, early_stops=8/8
26 - INFO - chord#: 242 In build_straw_man_chord_sa. tolerance = 1, sa_iterations = 1000, initial_temperature = 3.0, cooling_rate = 0.999
26 - INFO - chord#: 240 done. best_score=11.0, changed=473, unchanged=347, early_stops=8/8
26 - INFO - chord#: 242 In build_straw_man_chord_sa. tolerance = 1, sa_iterations = 1000, initial_temperature = 3.0, cooling_rate = 0.999
26 - INFO - chord#: 244 done. best_score=27.0, changed=526, unchanged=353, early_stops=8/8
26 - INFO - chord#: 246 In build_straw_man_chord_sa. tolerance = 1, sa_iterations = 1000, initial_temperature = 3.0, cooling_rate = 0.999
26 - INFO - chord#: 256 done. best_score=67.0, changed=611, unchanged=294, early_stops=8/8
26 - INFO - chord#: 260 In build_straw_man_chord_sa. tolerance = 1, sa_iterations = 1000, initial_temperature = 3.0, cooling_rate = 0.999
26 - INFO - chord#: 232 done. best_score=67.0, changed=614, unchanged=494, early_stops=8/8
26 - INFO - chord#: 236 In build_straw_man_chord_sa. tolerance = 1, sa_iterations = 1000, initial_temperature = 3.0, cooling_rate = 0.999
26 - INFO - chord#: 212 done. best_score=27.0, changed=529, unchanged=497, early_stops=8/8
26 - INFO - chord#: 214 In build_straw_man_chord_sa. tolerance = 1, sa_iterations = 1000, initial_temperature = 3.0, cooling_rate = 0.999
26 - INFO - chord#: 260 done. best_score=27.0, changed=522, unchanged=365, early_stops=8/8
26 - INFO - chord#: 262 In build_straw_man_chord_sa. tolerance = 1, sa_iterations = 1000, initial_temperature = 3.0, cooling_rate = 0.999
26 - INFO - chord#: 262 done. best_score=64.0, changed=613, unchanged=379, early_stops=8/8
26 - INFO - chord#: 264 In build_straw_man_chord_sa. tolerance = 1, sa_iterations = 1000, initial_temperature = 3.0, cooling_rate = 0.999
26 - INFO - chord#: 208 done. best_score=113.0, changed=613, unchanged=458, early_stops=8/8
26 - INFO - chord#: 212 In build_straw_man_chord_sa. tolerance = 1, sa_iterations = 1000, initial_temperature = 3.0, cooling_rate = 0.999
26 - INFO - chord#: 260 done. best_score=27.0, changed=515, unchanged=357, early_stops=8/8
26 - INFO - chord#: 262 In build_straw_man_chord_sa. tolerance = 1, sa_iterations = 1000, initial_temperature = 3.0, cooling_rate = 0.999
26 - INFO - chord#: 246 done. best_score=74.0, changed=612, unchanged=376, early_stops=8/8
26 - INFO - chord#: 248 In build_straw_man_chord_sa. tolerance = 1, sa_iterations = 1000, initial_temperature = 3.0, cooling_rate = 0.999
26 - INFO - chord#: 236 done. best_score=36.0, changed=522, unchanged=337, early_stops=8/8
26 - INFO - chord#: 240 In build_straw_man_chord_sa. tolerance = 1, sa_iterations = 1000, initial_temperature = 3.0, cooling_rate = 0.999
26 - INFO - chord#: 240 done. best_score=11.0, changed=486, unchanged=361, early_stops=8/8
26 - INFO - chord#: 242 In build_straw_man_chord_sa. tolerance = 1, sa_iterations = 1000, initial_temperature = 3.0, cooling_rate = 0.999
26 - INFO - chord#: 242 done. best_score=141.0, changed=611, unchanged=252, early_stops=8/8
26 - INFO - chord#: 244 In build_straw_man_chord_sa. tolerance = 1, sa_iterations = 1000, initial_temperature = 3.0, cooling_rate = 0.999
26 - INFO - chord#: 214 done. best_score=93.0, changed=609, unchanged=267, early_stops=8/8
26 - INFO - chord#: 216 In build_straw_man_chord_sa. tolerance = 1, sa_iterations = 1000, initial_temperature = 3.0, cooling_rate = 0.999
26 - INFO - chord#: 208 done. best_score=105.0, changed=610, unchanged=257, early_stops=8/8
26 - INFO - chord#: 212 In build_straw_man_chord_sa. tolerance = 1, sa_iterations = 1000, initial_temperature = 3.0, cooling_rate = 0.999
26 - INFO - chord#: 242 done. best_score=169.0, changed=609, unchanged=249, early_stops=8/8
26 - INFO - chord#: 244 In build_straw_man_chord_sa. tolerance = 1, sa_iterations = 1000, initial_temperature = 3.0, cooling_rate = 0.999
26 - INFO - chord#: 212 done. best_score=27.0, changed=523, unchanged=413, early_stops=8/8
26 - INFO - chord#: 214 In build_straw_man_chord_sa. tolerance = 1, sa_iterations = 1000, initial_temperature = 3.0, cooling_rate = 0.999
26 - INFO - chord#: 262 done. best_score=146.0, changed=613, unchanged=339, early_stops=8/8
26 - INFO - chord#: 264 In build_straw_man_chord_sa. tolerance = 1, sa_iterations = 1000, initial_temperature = 3.0, cooling_rate = 0.999
26 - INFO - chord#: 244 done. best_score=27.0, changed=528, unchanged=313, early_stops=8/8
26 - INFO - chord#: 246 In build_straw_man_chord_sa. tolerance = 1, sa_iterations = 1000, initial_temperature = 3.0, cooling_rate = 0.999
26 - INFO - chord#: 246 done. best_score=96.0, changed=613, unchanged=312, early_stops=8/8
26 - INFO - chord#: 248 In build_straw_man_chord_sa. tolerance = 1, sa_iterations = 1000, initial_temperature = 3.0, cooling_rate = 0.999
26 - INFO - chord#: 244 done. best_score=61.0, changed=542, unchanged=334, early_stops=8/8
26 - INFO - chord#: 246 In build_straw_man_chord_sa. tolerance = 1, sa_iterations = 1000, initial_temperature = 3.0, cooling_rate = 0.999
26 - INFO - chord#: 212 done. best_score=27.0, changed=516, unchanged=305, early_stops=8/8
26 - INFO - chord#: 214 In build_straw_man_chord_sa. tolerance = 1, sa_iterations = 1000, initial_temperature = 3.0, cooling_rate = 0.999
26 - INFO - chord#: 264 done. best_score=67.0, changed=612, unchanged=357, early_stops=8/8
26 - INFO - chord#: 268 In build_straw_man_chord_sa. tolerance = 1, sa_iterations = 1000, initial_temperature = 3.0, cooling_rate = 0.999
26 - INFO - chord#: 214 done. best_score=93.0, changed=615, unchanged=387, early_stops=8/8
26 - INFO - chord#: 216 In build_straw_man_chord_sa. tolerance = 1, sa_iterations = 1000, initial_temperature = 3.0, cooling_rate = 0.999
26 - INFO - chord#: 216 done. best_score=27.0, changed=523, unchanged=435, early_stops=8/8
26 - INFO - chord#: 220 In build_straw_man_chord_sa. tolerance = 1, sa_iterations = 1000, initial_temperature = 3.0, cooling_rate = 0.999
26 - INFO - chord#: 262 done. best_score=64.0, changed=612, unchanged=256, early_stops=8/8
26 - INFO - chord#: 264 In build_straw_man_chord_sa. tolerance = 1, sa_iterations = 1000, initial_temperature = 3.0, cooling_rate = 0.999
26 - INFO - chord#: 268 done. best_score=27.0, changed=513, unchanged=391, early_stops=8/8
26 - INFO - chord#: 270 In build_straw_man_chord_sa. tolerance = 1, sa_iterations = 1000, initial_temperature = 3.0, cooling_rate = 0.999
26 - INFO - chord#: 248 done. best_score=74.0, changed=620, unchanged=392, early_stops=8/8
26 - INFO - chord#: 250 In build_straw_man_chord_sa. tolerance = 1, sa_iterations = 1000, initial_temperature = 3.0, cooling_rate = 0.999
26 - INFO - chord#: 216 done. best_score=36.0, changed=521, unchanged=363, early_stops=8/8
26 - INFO - chord#: 220 In build_straw_man_chord_sa. tolerance = 1, sa_iterations = 1000, initial_temperature = 3.0, cooling_rate = 0.999
26 - INFO - chord#: 214 done. best_score=93.0, changed=611, unchanged=254, early_stops=8/8
26 - INFO - chord#: 216 In build_straw_man_chord_sa. tolerance = 1, sa_iterations = 1000, initial_temperature = 3.0, cooling_rate = 0.999
26 - INFO - chord#: 242 done. best_score=106.0, changed=611, unchanged=306, early_stops=8/8
26 - INFO - chord#: 244 In build_straw_man_chord_sa. tolerance = 1, sa_iterations = 1000, initial_temperature = 3.0, cooling_rate = 0.999
26 - INFO - chord#: 216 done. best_score=27.0, changed=520, unchanged=330, early_stops=8/8
26 - INFO - chord#: 220 In build_straw_man_chord_sa. tolerance = 1, sa_iterations = 1000, initial_temperature = 3.0, cooling_rate = 0.999
26 - INFO - chord#: 250 done. best_score=61.0, changed=533, unchanged=299, early_stops=8/8
26 - INFO - chord#: 252 In build_straw_man_chord_sa. tolerance = 1, sa_iterations = 1000, initial_temperature = 3.0, cooling_rate = 0.999
26 - INFO - chord#: 246 done. best_score=96.0, changed=614, unchanged=399, early_stops=8/8
26 - INFO - chord#: 248 In build_straw_man_chord_sa. tolerance = 1, sa_iterations = 1000, initial_temperature = 3.0, cooling_rate = 0.999
26 - INFO - chord#: 264 done. best_score=78.0, changed=618, unchanged=575, early_stops=8/8
26 - INFO - chord#: 268 In build_straw_man_chord_sa. tolerance = 1, sa_iterations = 1000, initial_temperature = 3.0, cooling_rate = 0.999
26 - INFO - chord#: 214 done. best_score=96.0, changed=608, unchanged=289, early_stops=8/8
26 - INFO - chord#: 216 In build_straw_man_chord_sa. tolerance = 1, sa_iterations = 1000, initial_temperature = 3.0, cooling_rate = 0.999
26 - INFO - chord#: 264 done. best_score=145.0, changed=618, unchanged=354, early_stops=8/8
26 - INFO - chord#: 268 In build_straw_man_chord_sa. tolerance = 1, sa_iterations = 1000, initial_temperature = 3.0, cooling_rate = 0.999
26 - INFO - chord#: 248 done. best_score=74.0, changed=612, unchanged=308, early_stops=8/8
26 - INFO - chord#: 250 In build_straw_man_chord_sa. tolerance = 1, sa_iterations = 1000, initial_temperature = 3.0, cooling_rate = 0.999
26 - INFO - chord#: 244 done. best_score=27.0, changed=521, unchanged=336, early_stops=8/8
26 - INFO - chord#: 246 In build_straw_man_chord_sa. tolerance = 1, sa_iterations = 1000, initial_temperature = 3.0, cooling_rate = 0.999
26 - INFO - chord#: 246 done. best_score=74.0, changed=613, unchanged=346, early_stops=8/8
26 - INFO - chord#: 248 In build_straw_man_chord_sa. tolerance = 1, sa_iterations = 1000, initial_temperature = 3.0, cooling_rate = 0.999
26 - INFO - chord#: 220 done. best_score=140.0, changed=611, unchanged=346, early_stops=8/8
26 - INFO - chord#: 224 In build_straw_man_chord_sa. tolerance = 1, sa_iterations = 1000, initial_temperature = 3.0, cooling_rate = 0.999
26 - INFO - chord#: 268 done. best_score=27.0, changed=523, unchanged=372, early_stops=8/8
26 - INFO - chord#: 270 In build_straw_man_chord_sa. tolerance = 1, sa_iterations = 1000, initial_temperature = 3.0, cooling_rate = 0.999
26 - INFO - chord#: 270 done. best_score=145.0, changed=619, unchanged=351, early_stops=8/8
26 - INFO - chord#: 272 In build_straw_man_chord_sa. tolerance = 1, sa_iterations = 1000, initial_temperature = 3.0, cooling_rate = 0.999
26 - INFO - chord#: 216 done. best_score=27.0, changed=525, unchanged=375, early_stops=8/8
26 - INFO - chord#: 220 In build_straw_man_chord_sa. tolerance = 1, sa_iterations = 1000, initial_temperature = 3.0, cooling_rate = 0.999
26 - INFO - chord#: 272 done. best_score=9.0, changed=466, unchanged=411, early_stops=8/8
26 - INFO - chord#: 224 done. best_score=9.0, changed=456, unchanged=391, early_stops=8/8
26 - INFO - chord#: 228 In build_straw_man_chord_sa. tolerance = 1, sa_iterations = 1000, initial_temperature = 3.0, cooling_rate = 0.999
26 - INFO - chord#: 268 done. best_score=27.0, changed=523, unchanged=516, early_stops=8/8
26 - INFO - chord#: 270 In build_straw_man_chord_sa. tolerance = 1, sa_iterations = 1000, initial_temperature = 3.0, cooling_rate = 0.999
26 - INFO - chord#: 220 done. best_score=67.0, changed=607, unchanged=324, early_stops=8/8
26 - INFO - chord#: 224 In build_straw_man_chord_sa. tolerance = 1, sa_iterations = 1000, initial_temperature = 3.0, cooling_rate = 0.999
26 - INFO - chord#: 250 done. best_score=61.0, changed=529, unchanged=301, early_stops=8/8
26 - INFO - chord#: 252 In build_straw_man_chord_sa. tolerance = 1, sa_iterations = 1000, initial_temperature = 3.0, cooling_rate = 0.999
26 - INFO - chord#: 224 done. best_score=9.0, changed=453, unchanged=383, early_stops=8/8
26 - INFO - chord#: 228 In build_straw_man_chord_sa. tolerance = 1, sa_iterations = 1000, initial_temperature = 3.0, cooling_rate = 0.999
26 - INFO - chord#: 252 done. best_score=195.0, changed=608, unchanged=267, early_stops=8/8
26 - INFO - chord#: 254 In build_straw_man_chord_sa. tolerance = 1, sa_iterations = 1000, initial_temperature = 3.0, cooling_rate = 0.999
26 - INFO - chord#: 254 done. best_score=11.0, changed=505, unchanged=332, early_stops=8/8
26 - INFO - chord#: 256 In build_straw_man_chord_sa. tolerance = 1, sa_iterations = 1000, initial_temperature = 3.0, cooling_rate = 0.999
26 - INFO - chord#: 228 done. best_score=27.0, changed=522, unchanged=462, early_stops=8/8
26 - INFO - chord#: 232 In build_straw_man_chord_sa. tolerance = 1, sa_iterations = 1000, initial_temperature = 3.0, cooling_rate = 0.999
26 - INFO - chord#: 248 done. best_score=149.0, changed=618, unchanged=363, early_stops=8/8
26 - INFO - chord#: 250 In build_straw_man_chord_sa. tolerance = 1, sa_iterations = 1000, initial_temperature = 3.0, cooling_rate = 0.999
26 - INFO - chord#: 220 done. best_score=140.0, changed=614, unchanged=261, early_stops=8/8
26 - INFO - chord#: 224 In build_straw_man_chord_sa. tolerance = 1, sa_iterations = 1000, initial_temperature = 3.0, cooling_rate = 0.999
26 - INFO - chord#: 228 done. best_score=27.0, changed=517, unchanged=318, early_stops=8/8
26 - INFO - chord#: 232 In build_straw_man_chord_sa. tolerance = 1, sa_iterations = 1000, initial_temperature = 3.0, cooling_rate = 0.999
26 - INFO - chord#: 224 done. best_score=9.0, changed=457, unchanged=390, early_stops=8/8
26 - INFO - chord#: 228 In build_straw_man_chord_sa. tolerance = 1, sa_iterations = 1000, initial_temperature = 3.0, cooling_rate = 0.999
26 - INFO - chord#: 248 done. best_score=168.0, changed=612, unchanged=302, early_stops=8/8
26 - INFO - chord#: 250 In build_straw_man_chord_sa. tolerance = 1, sa_iterations = 1000, initial_temperature = 3.0, cooling_rate = 0.999
26 - INFO - chord#: 270 done. best_score=96.0, changed=611, unchanged=308, early_stops=8/8
26 - INFO - chord#: 272 In build_straw_man_chord_sa. tolerance = 1, sa_iterations = 1000, initial_temperature = 3.0, cooling_rate = 0.999
26 - INFO - chord#: 220 done. best_score=67.0, changed=605, unchanged=297, early_stops=8/8
26 - INFO - chord#: 224 In build_straw_man_chord_sa. tolerance = 1, sa_iterations = 1000, initial_temperature = 3.0, cooling_rate = 0.999
26 - INFO - chord#: 250 done. best_score=61.0, changed=529, unchanged=359, early_stops=8/8
26 - INFO - chord#: 252 In build_straw_man_chord_sa. tolerance = 1, sa_iterations = 1000, initial_temperature = 3.0, cooling_rate = 0.999
26 - INFO - chord#: 272 done. best_score=9.0, changed=466, unchanged=385, early_stops=8/8
26 - INFO - chord#: 224 done. best_score=9.0, changed=461, unchanged=362, early_stops=8/8
26 - INFO - chord#: 228 In build_straw_man_chord_sa. tolerance = 1, sa_iterations = 1000, initial_temperature = 3.0, cooling_rate = 0.999
26 - INFO - chord#: 270 done. best_score=145.0, changed=610, unchanged=278, early_stops=8/8
26 - INFO - chord#: 272 In build_straw_man_chord_sa. tolerance = 1, sa_iterations = 1000, initial_temperature = 3.0, cooling_rate = 0.999
26 - INFO - chord#: 246 done. best_score=127.0, changed=616, unchanged=424, early_stops=8/8
26 - INFO - chord#: 248 In build_straw_man_chord_sa. tolerance = 1, sa_iterations = 1000, initial_temperature = 3.0, cooling_rate = 0.999
26 - INFO - chord#: 272 done. best_score=9.0, changed=461, unchanged=367, early_stops=8/8
26 - INFO - chord#: 228 done. best_score=27.0, changed=525, unchanged=399, early_stops=8/8
26 - INFO - chord#: 232 In build_straw_man_chord_sa. tolerance = 1, sa_iterations = 1000, initial_temperature = 3.0, cooling_rate = 0.999
26 - INFO - chord#: 250 done. best_score=61.0, changed=538, unchanged=357, early_stops=8/8
26 - INFO - chord#: 252 In build_straw_man_chord_sa. tolerance = 1, sa_iterations = 1000, initial_temperature = 3.0, cooling_rate = 0.999
26 - INFO - chord#: 252 done. best_score=78.0, changed=614, unchanged=301, early_stops=8/8
26 - INFO - chord#: 254 In build_straw_man_chord_sa. tolerance = 1, sa_iterations = 1000, initial_temperature = 3.0, cooling_rate = 0.999
26 - INFO - chord#: 228 done. best_score=27.0, changed=522, unchanged=342, early_stops=8/8
26 - INFO - chord#: 232 In build_straw_man_chord_sa. tolerance = 1, sa_iterations = 1000, initial_temperature = 3.0, cooling_rate = 0.999
26 - INFO - chord#: 256 done. best_score=78.0, changed=611, unchanged=361, early_stops=8/8
26 - INFO - chord#: 260 In build_straw_man_chord_sa. tolerance = 1, sa_iterations = 1000, initial_temperature = 3.0, cooling_rate = 0.999
26 - INFO - chord#: 254 done. best_score=11.0, changed=488, unchanged=333, early_stops=8/8
26 - INFO - chord#: 256 In build_straw_man_chord_sa. tolerance = 1, sa_iterations = 1000, initial_temperature = 3.0, cooling_rate = 0.999
26 - INFO - chord#: 232 done. best_score=78.0, changed=610, unchanged=226, early_stops=8/8
26 - INFO - chord#: 236 In build_straw_man_chord_sa. tolerance = 1, sa_iterations = 1000, initial_temperature = 3.0, cooling_rate = 0.999
26 - INFO - chord#: 260 done. best_score=27.0, changed=519, unchanged=399, early_stops=8/8
26 - INFO - chord#: 262 In build_straw_man_chord_sa. tolerance = 1, sa_iterations = 1000, initial_temperature = 3.0, cooling_rate = 0.999
26 - INFO - chord#: 232 done. best_score=78.0, changed=616, unchanged=309, early_stops=8/8
26 - INFO - chord#: 236 In build_straw_man_chord_sa. tolerance = 1, sa_iterations = 1000, initial_temperature = 3.0, cooling_rate = 0.999
26 - INFO - chord#: 252 done. best_score=78.0, changed=613, unchanged=396, early_stops=8/8
26 - INFO - chord#: 254 In build_straw_man_chord_sa. tolerance = 1, sa_iterations = 1000, initial_temperature = 3.0, cooling_rate = 0.999
26 - INFO - chord#: 252 done. best_score=137.0, changed=611, unchanged=239, early_stops=8/8
26 - INFO - chord#: 254 In build_straw_man_chord_sa. tolerance = 1, sa_iterations = 1000, initial_temperature = 3.0, cooling_rate = 0.999
26 - INFO - chord#: 236 done. best_score=36.0, changed=536, unchanged=414, early_stops=8/8
26 - INFO - chord#: 240 In build_straw_man_chord_sa. tolerance = 1, sa_iterations = 1000, initial_temperature = 3.0, cooling_rate = 0.999
26 - INFO - chord#: 248 done. best_score=74.0, changed=612, unchanged=360, early_stops=8/8
26 - INFO - chord#: 250 In build_straw_man_chord_sa. tolerance = 1, sa_iterations = 1000, initial_temperature = 3.0, cooling_rate = 0.999
26 - INFO - chord#: 254 done. best_score=11.0, changed=475, unchanged=344, early_stops=8/8
26 - INFO - chord#: 256 In build_straw_man_chord_sa. tolerance = 1, sa_iterations = 1000, initial_temperature = 3.0, cooling_rate = 0.999
26 - INFO - chord#: 254 done. best_score=11.0, changed=509, unchanged=319, early_stops=8/8
26 - INFO - chord#: 256 In build_straw_man_chord_sa. tolerance = 1, sa_iterations = 1000, initial_temperature = 3.0, cooling_rate = 0.999
26 - INFO - chord#: 240 done. best_score=11.0, changed=490, unchanged=361, early_stops=8/8
26 - INFO - chord#: 242 In build_straw_man_chord_sa. tolerance = 1, sa_iterations = 1000, initial_temperature = 3.0, cooling_rate = 0.999
26 - INFO - chord#: 236 done. best_score=36.0, changed=518, unchanged=339, early_stops=8/8
26 - INFO - chord#: 240 In build_straw_man_chord_sa. tolerance = 1, sa_iterations = 1000, initial_temperature = 3.0, cooling_rate = 0.999
26 - INFO - chord#: 232 done. best_score=78.0, changed=612, unchanged=290, early_stops=8/8
26 - INFO - chord#: 236 In build_straw_man_chord_sa. tolerance = 1, sa_iterations = 1000, initial_temperature = 3.0, cooling_rate = 0.999
26 - INFO - chord#: 256 done. best_score=142.0, changed=610, unchanged=354, early_stops=8/8
26 - INFO - chord#: 260 In build_straw_man_chord_sa. tolerance = 1, sa_iterations = 1000, initial_temperature = 3.0, cooling_rate = 0.999
26 - INFO - chord#: 232 done. best_score=78.0, changed=613, unchanged=483, early_stops=8/8
26 - INFO - chord#: 236 In build_straw_man_chord_sa. tolerance = 1, sa_iterations = 1000, initial_temperature = 3.0, cooling_rate = 0.999
26 - INFO - chord#: 240 done. best_score=11.0, changed=478, unchanged=354, early_stops=8/8
26 - INFO - chord#: 242 In build_straw_man_chord_sa. tolerance = 1, sa_iterations = 1000, initial_temperature = 3.0, cooling_rate = 0.999
26 - INFO - chord#: 250 done. best_score=61.0, changed=528, unchanged=301, early_stops=8/8
26 - INFO - chord#: 252 In build_straw_man_chord_sa. tolerance = 1, sa_iterations = 1000, initial_temperature = 3.0, cooling_rate = 0.999
26 - INFO - chord#: 262 done. best_score=64.0, changed=609, unchanged=312, early_stops=8/8
26 - INFO - chord#: 264 In build_straw_man_chord_sa. tolerance = 1, sa_iterations = 1000, initial_temperature = 3.0, cooling_rate = 0.999
26 - INFO - chord#: 260 done. best_score=27.0, changed=526, unchanged=403, early_stops=8/8
26 - INFO - chord#: 262 In build_straw_man_chord_sa. tolerance = 1, sa_iterations = 1000, initial_temperature = 3.0, cooling_rate = 0.999
26 - INFO - chord#: 236 done. best_score=36.0, changed=524, unchanged=365, early_stops=8/8
26 - INFO - chord#: 240 In build_straw_man_chord_sa. tolerance = 1, sa_iterations = 1000, initial_temperature = 3.0, cooling_rate = 0.999
26 - INFO - chord#: 236 done. best_score=36.0, changed=530, unchanged=319, early_stops=8/8
26 - INFO - chord#: 240 In build_straw_man_chord_sa. tolerance = 1, sa_iterations = 1000, initial_temperature = 3.0, cooling_rate = 0.999
26 - INFO - chord#: 240 done. best_score=11.0, changed=482, unchanged=340, early_stops=8/8
26 - INFO - chord#: 242 In build_straw_man_chord_sa. tolerance = 1, sa_iterations = 1000, initial_temperature = 3.0, cooling_rate = 0.999
26 - INFO - chord#: 240 done. best_score=11.0, changed=494, unchanged=360, early_stops=8/8
26 - INFO - chord#: 242 In build_straw_man_chord_sa. tolerance = 1, sa_iterations = 1000, initial_temperature = 3.0, cooling_rate = 0.999
26 - INFO - chord#: 256 done. best_score=78.0, changed=612, unchanged=391, early_stops=8/8
26 - INFO - chord#: 260 In build_straw_man_chord_sa. tolerance = 1, sa_iterations = 1000, initial_temperature = 3.0, cooling_rate = 0.999
26 - INFO - chord#: 256 done. best_score=78.0, changed=619, unchanged=498, early_stops=8/8
26 - INFO - chord#: 260 In build_straw_man_chord_sa. tolerance = 1, sa_iterations = 1000, initial_temperature = 3.0, cooling_rate = 0.999
26 - INFO - chord#: 242 done. best_score=172.0, changed=609, unchanged=226, early_stops=8/8
26 - INFO - chord#: 244 In build_straw_man_chord_sa. tolerance = 1, sa_iterations = 1000, initial_temperature = 3.0, cooling_rate = 0.999
26 - INFO - chord#: 252 done. best_score=67.0, changed=616, unchanged=342, early_stops=8/8
26 - INFO - chord#: 254 In build_straw_man_chord_sa. tolerance = 1, sa_iterations = 1000, initial_temperature = 3.0, cooling_rate = 0.999
26 - INFO - chord#: 264 done. best_score=67.0, changed=615, unchanged=252, early_stops=8/8
26 - INFO - chord#: 268 In build_straw_man_chord_sa. tolerance = 1, sa_iterations = 1000, initial_temperature = 3.0, cooling_rate = 0.999
26 - INFO - chord#: 254 done. best_score=11.0, changed=499, unchanged=311, early_stops=8/8
26 - INFO - chord#: 256 In build_straw_man_chord_sa. tolerance = 1, sa_iterations = 1000, initial_temperature = 3.0, cooling_rate = 0.999
26 - INFO - chord#: 242 done. best_score=106.0, changed=613, unchanged=236, early_stops=8/8
26 - INFO - chord#: 244 In build_straw_man_chord_sa. tolerance = 1, sa_iterations = 1000, initial_temperature = 3.0, cooling_rate = 0.999
26 - INFO - chord#: 260 done. best_score=27.0, changed=530, unchanged=624, early_stops=8/8
26 - INFO - chord#: 262 In build_straw_man_chord_sa. tolerance = 1, sa_iterations = 1000, initial_temperature = 3.0, cooling_rate = 0.999
26 - INFO - chord#: 260 done. best_score=27.0, changed=522, unchanged=513, early_stops=8/8
26 - INFO - chord#: 262 In build_straw_man_chord_sa. tolerance = 1, sa_iterations = 1000, initial_temperature = 3.0, cooling_rate = 0.999
26 - INFO - chord#: 244 done. best_score=61.0, changed=535, unchanged=360, early_stops=8/8
26 - INFO - chord#: 246 In build_straw_man_chord_sa. tolerance = 1, sa_iterations = 1000, initial_temperature = 3.0, cooling_rate = 0.999
26 - INFO - chord#: 262 done. best_score=104.0, changed=613, unchanged=366, early_stops=8/8
26 - INFO - chord#: 264 In build_straw_man_chord_sa. tolerance = 1, sa_iterations = 1000, initial_temperature = 3.0, cooling_rate = 0.999
26 - INFO - chord#: 242 done. best_score=106.0, changed=612, unchanged=335, early_stops=8/8
26 - INFO - chord#: 244 In build_straw_man_chord_sa. tolerance = 1, sa_iterations = 1000, initial_temperature = 3.0, cooling_rate = 0.999
26 - INFO - chord#: 268 done. best_score=27.0, changed=534, unchanged=568, early_stops=8/8
26 - INFO - chord#: 270 In build_straw_man_chord_sa. tolerance = 1, sa_iterations = 1000, initial_temperature = 3.0, cooling_rate = 0.999
26 - INFO - chord#: 244 done. best_score=27.0, changed=534, unchanged=514, early_stops=8/8
26 - INFO - chord#: 246 In build_straw_man_chord_sa. tolerance = 1, sa_iterations = 1000, initial_temperature = 3.0, cooling_rate = 0.999
26 - INFO - chord#: 242 done. best_score=171.0, changed=612, unchanged=285, early_stops=8/8
26 - INFO - chord#: 244 In build_straw_man_chord_sa. tolerance = 1, sa_iterations = 1000, initial_temperature = 3.0, cooling_rate = 0.999
26 - INFO - chord#: 244 done. best_score=36.0, changed=528, unchanged=358, early_stops=8/8
26 - INFO - chord#: 246 In build_straw_man_chord_sa. tolerance = 1, sa_iterations = 1000, initial_temperature = 3.0, cooling_rate = 0.999
26 - INFO - chord#: 262 done. best_score=64.0, changed=613, unchanged=342, early_stops=8/8
26 - INFO - chord#: 264 In build_straw_man_chord_sa. tolerance = 1, sa_iterations = 1000, initial_temperature = 3.0, cooling_rate = 0.999
26 - INFO - chord#: 262 done. best_score=64.0, changed=613, unchanged=348, early_stops=8/8
26 - INFO - chord#: 264 In build_straw_man_chord_sa. tolerance = 1, sa_iterations = 1000, initial_temperature = 3.0, cooling_rate = 0.999
26 - INFO - chord#: 264 done. best_score=142.0, changed=609, unchanged=249, early_stops=8/8
26 - INFO - chord#: 268 In build_straw_man_chord_sa. tolerance = 1, sa_iterations = 1000, initial_temperature = 3.0, cooling_rate = 0.999
26 - INFO - chord#: 244 done. best_score=27.0, changed=525, unchanged=337, early_stops=8/8
26 - INFO - chord#: 246 In build_straw_man_chord_sa. tolerance = 1, sa_iterations = 1000, initial_temperature = 3.0, cooling_rate = 0.999
26 - INFO - chord#: 256 done. best_score=78.0, changed=616, unchanged=445, early_stops=8/8
26 - INFO - chord#: 260 In build_straw_man_chord_sa. tolerance = 1, sa_iterations = 1000, initial_temperature = 3.0, cooling_rate = 0.999
26 - INFO - chord#: 270 done. best_score=67.0, changed=613, unchanged=290, early_stops=8/8
26 - INFO - chord#: 272 In build_straw_man_chord_sa. tolerance = 1, sa_iterations = 1000, initial_temperature = 3.0, cooling_rate = 0.999
26 - INFO - chord#: 272 done. best_score=9.0, changed=461, unchanged=359, early_stops=8/8
26 - INFO - chord#: 246 done. best_score=141.0, changed=610, unchanged=431, early_stops=8/8
26 - INFO - chord#: 248 In build_straw_man_chord_sa. tolerance = 1, sa_iterations = 1000, initial_temperature = 3.0, cooling_rate = 0.999
26 - INFO - chord#: 268 done. best_score=27.0, changed=515, unchanged=350, early_stops=8/8
26 - INFO - chord#: 270 In build_straw_man_chord_sa. tolerance = 1, sa_iterations = 1000, initial_temperature = 3.0, cooling_rate = 0.999
26 - INFO - chord#: 260 done. best_score=27.0, changed=521, unchanged=396, early_stops=8/8
26 - INFO - chord#: 262 In build_straw_man_chord_sa. tolerance = 1, sa_iterations = 1000, initial_temperature = 3.0, cooling_rate = 0.999
26 - INFO - chord#: 246 done. best_score=149.0, changed=612, unchanged=277, early_stops=8/8
26 - INFO - chord#: 248 In build_straw_man_chord_sa. tolerance = 1, sa_iterations = 1000, initial_temperature = 3.0, cooling_rate = 0.999
26 - INFO - chord#: 246 done. best_score=141.0, changed=612, unchanged=325, early_stops=8/8
26 - INFO - chord#: 248 In build_straw_man_chord_sa. tolerance = 1, sa_iterations = 1000, initial_temperature = 3.0, cooling_rate = 0.999
26 - INFO - chord#: 264 done. best_score=145.0, changed=609, unchanged=307, early_stops=8/8
26 - INFO - chord#: 268 In build_straw_man_chord_sa. tolerance = 1, sa_iterations = 1000, initial_temperature = 3.0, cooling_rate = 0.999
26 - INFO - chord#: 264 done. best_score=67.0, changed=607, unchanged=265, early_stops=8/8
26 - INFO - chord#: 268 In build_straw_man_chord_sa. tolerance = 1, sa_iterations = 1000, initial_temperature = 3.0, cooling_rate = 0.999
26 - INFO - chord#: 246 done. best_score=74.0, changed=605, unchanged=209, early_stops=8/8
26 - INFO - chord#: 248 In build_straw_man_chord_sa. tolerance = 1, sa_iterations = 1000, initial_temperature = 3.0, cooling_rate = 0.999
26 - INFO - chord#: 268 done. best_score=27.0, changed=519, unchanged=339, early_stops=8/8
26 - INFO - chord#: 270 In build_straw_man_chord_sa. tolerance = 1, sa_iterations = 1000, initial_temperature = 3.0, cooling_rate = 0.999
26 - INFO - chord#: 268 done. best_score=27.0, changed=529, unchanged=665, early_stops=8/8
26 - INFO - chord#: 270 In build_straw_man_chord_sa. tolerance = 1, sa_iterations = 1000, initial_temperature = 3.0, cooling_rate = 0.999
26 - INFO - chord#: 262 done. best_score=104.0, changed=614, unchanged=296, early_stops=8/8
26 - INFO - chord#: 264 In build_straw_man_chord_sa. tolerance = 1, sa_iterations = 1000, initial_temperature = 3.0, cooling_rate = 0.999
26 - INFO - chord#: 248 done. best_score=74.0, changed=605, unchanged=252, early_stops=8/8
26 - INFO - chord#: 250 In build_straw_man_chord_sa. tolerance = 1, sa_iterations = 1000, initial_temperature = 3.0, cooling_rate = 0.999
26 - INFO - chord#: 248 done. best_score=141.0, changed=610, unchanged=223, early_stops=8/8
26 - INFO - chord#: 250 In build_straw_man_chord_sa. tolerance = 1, sa_iterations = 1000, initial_temperature = 3.0, cooling_rate = 0.999
26 - INFO - chord#: 270 done. best_score=67.0, changed=614, unchanged=465, early_stops=8/8
26 - INFO - chord#: 272 In build_straw_man_chord_sa. tolerance = 1, sa_iterations = 1000, initial_temperature = 3.0, cooling_rate = 0.999
26 - INFO - chord#: 248 done. best_score=144.0, changed=613, unchanged=348, early_stops=8/8
26 - INFO - chord#: 250 In build_straw_man_chord_sa. tolerance = 1, sa_iterations = 1000, initial_temperature = 3.0, cooling_rate = 0.999
26 - INFO - chord#: 272 done. best_score=9.0, changed=468, unchanged=352, early_stops=8/8
26 - INFO - chord#: 250 done. best_score=61.0, changed=525, unchanged=320, early_stops=8/8
26 - INFO - chord#: 252 In build_straw_man_chord_sa. tolerance = 1, sa_iterations = 1000, initial_temperature = 3.0, cooling_rate = 0.999
26 - INFO - chord#: 250 done. best_score=61.0, changed=531, unchanged=369, early_stops=8/8
26 - INFO - chord#: 252 In build_straw_man_chord_sa. tolerance = 1, sa_iterations = 1000, initial_temperature = 3.0, cooling_rate = 0.999
26 - INFO - chord#: 250 done. best_score=61.0, changed=531, unchanged=366, early_stops=8/8
26 - INFO - chord#: 252 In build_straw_man_chord_sa. tolerance = 1, sa_iterations = 1000, initial_temperature = 3.0, cooling_rate = 0.999
26 - INFO - chord#: 248 done. best_score=96.0, changed=610, unchanged=266, early_stops=8/8
26 - INFO - chord#: 250 In build_straw_man_chord_sa. tolerance = 1, sa_iterations = 1000, initial_temperature = 3.0, cooling_rate = 0.999
26 - INFO - chord#: 264 done. best_score=142.0, changed=610, unchanged=294, early_stops=8/8
26 - INFO - chord#: 268 In build_straw_man_chord_sa. tolerance = 1, sa_iterations = 1000, initial_temperature = 3.0, cooling_rate = 0.999
26 - INFO - chord#: 270 done. best_score=96.0, changed=613, unchanged=362, early_stops=8/8
26 - INFO - chord#: 272 In build_straw_man_chord_sa. tolerance = 1, sa_iterations = 1000, initial_temperature = 3.0, cooling_rate = 0.999
26 - INFO - chord#: 270 done. best_score=137.0, changed=611, unchanged=333, early_stops=8/8
26 - INFO - chord#: 272 In build_straw_man_chord_sa. tolerance = 1, sa_iterations = 1000, initial_temperature = 3.0, cooling_rate = 0.999
26 - INFO - chord#: 272 done. best_score=9.0, changed=468, unchanged=395, early_stops=8/8
26 - INFO - chord#: 272 done. best_score=9.0, changed=467, unchanged=362, early_stops=8/8
26 - INFO - chord#: 250 done. best_score=61.0, changed=529, unchanged=356, early_stops=8/8
26 - INFO - chord#: 252 In build_straw_man_chord_sa. tolerance = 1, sa_iterations = 1000, initial_temperature = 3.0, cooling_rate = 0.999
26 - INFO - chord#: 268 done. best_score=27.0, changed=522, unchanged=603, early_stops=8/8
26 - INFO - chord#: 270 In build_straw_man_chord_sa. tolerance = 1, sa_iterations = 1000, initial_temperature = 3.0, cooling_rate = 0.999
26 - INFO - chord#: 252 done. best_score=96.0, changed=610, unchanged=241, early_stops=8/8
26 - INFO - chord#: 254 In build_straw_man_chord_sa. tolerance = 1, sa_iterations = 1000, initial_temperature = 3.0, cooling_rate = 0.999
26 - INFO - chord#: 252 done. best_score=160.0, changed=610, unchanged=361, early_stops=8/8
26 - INFO - chord#: 254 In build_straw_man_chord_sa. tolerance = 1, sa_iterations = 1000, initial_temperature = 3.0, cooling_rate = 0.999
26 - INFO - chord#: 252 done. best_score=140.0, changed=610, unchanged=250, early_stops=8/8
26 - INFO - chord#: 254 In build_straw_man_chord_sa. tolerance = 1, sa_iterations = 1000, initial_temperature = 3.0, cooling_rate = 0.999
26 - INFO - chord#: 254 done. best_score=11.0, changed=513, unchanged=307, early_stops=8/8
26 - INFO - chord#: 256 In build_straw_man_chord_sa. tolerance = 1, sa_iterations = 1000, initial_temperature = 3.0, cooling_rate = 0.999
26 - INFO - chord#: 254 done. best_score=13.0, changed=485, unchanged=344, early_stops=8/8
26 - INFO - chord#: 256 In build_straw_man_chord_sa. tolerance = 1, sa_iterations = 1000, initial_temperature = 3.0, cooling_rate = 0.999
26 - INFO - chord#: 254 done. best_score=11.0, changed=532, unchanged=283, early_stops=8/8
26 - INFO - chord#: 256 In build_straw_man_chord_sa. tolerance = 1, sa_iterations = 1000, initial_temperature = 3.0, cooling_rate = 0.999
26 - INFO - chord#: 252 done. best_score=67.0, changed=612, unchanged=415, early_stops=8/8
26 - INFO - chord#: 254 In build_straw_man_chord_sa. tolerance = 1, sa_iterations = 1000, initial_temperature = 3.0, cooling_rate = 0.999
26 - INFO - chord#: 254 done. best_score=13.0, changed=493, unchanged=325, early_stops=8/8
26 - INFO - chord#: 256 In build_straw_man_chord_sa. tolerance = 1, sa_iterations = 1000, initial_temperature = 3.0, cooling_rate = 0.999
26 - INFO - chord#: 270 done. best_score=137.0, changed=613, unchanged=397, early_stops=8/8
26 - INFO - chord#: 272 In build_straw_man_chord_sa. tolerance = 1, sa_iterations = 1000, initial_temperature = 3.0, cooling_rate = 0.999
26 - INFO - chord#: 272 done. best_score=9.0, changed=462, unchanged=359, early_stops=8/8
26 - INFO - chord#: 256 done. best_score=153.0, changed=613, unchanged=322, early_stops=8/8
26 - INFO - chord#: 260 In build_straw_man_chord_sa. tolerance = 1, sa_iterations = 1000, initial_temperature = 3.0, cooling_rate = 0.999
26 - INFO - chord#: 256 done. best_score=119.0, changed=613, unchanged=336, early_stops=8/8
26 - INFO - chord#: 260 In build_straw_man_chord_sa. tolerance = 1, sa_iterations = 1000, initial_temperature = 3.0, cooling_rate = 0.999
26 - INFO - chord#: 256 done. best_score=67.0, changed=613, unchanged=414, early_stops=8/8
26 - INFO - chord#: 260 In build_straw_man_chord_sa. tolerance = 1, sa_iterations = 1000, initial_temperature = 3.0, cooling_rate = 0.999
26 - INFO - chord#: 260 done. best_score=27.0, changed=515, unchanged=364, early_stops=8/8
26 - INFO - chord#: 262 In build_straw_man_chord_sa. tolerance = 1, sa_iterations = 1000, initial_temperature = 3.0, cooling_rate = 0.999
26 - INFO - chord#: 260 done. best_score=27.0, changed=515, unchanged=486, early_stops=8/8
26 - INFO - chord#: 260 done. best_score=27.0, changed=513, unchanged=437, early_stops=8/8
26 - INFO - chord#: 262 In build_straw_man_chord_sa. tolerance = 1, sa_iterations = 1000, initial_temperature = 3.0, cooling_rate = 0.999
26 - INFO - chord#: 262 In build_straw_man_chord_sa. tolerance = 1, sa_iterations = 1000, initial_temperature = 3.0, cooling_rate = 0.999
26 - INFO - chord#: 256 done. best_score=67.0, changed=608, unchanged=264, early_stops=8/8
26 - INFO - chord#: 260 In build_straw_man_chord_sa. tolerance = 1, sa_iterations = 1000, initial_temperature = 3.0, cooling_rate = 0.999
26 - INFO - chord#: 260 done. best_score=27.0, changed=515, unchanged=423, early_stops=8/8
26 - INFO - chord#: 262 In build_straw_man_chord_sa. tolerance = 1, sa_iterations = 1000, initial_temperature = 3.0, cooling_rate = 0.999
26 - INFO - chord#: 262 done. best_score=175.0, changed=607, unchanged=306, early_stops=8/8
26 - INFO - chord#: 264 In build_straw_man_chord_sa. tolerance = 1, sa_iterations = 1000, initial_temperature = 3.0, cooling_rate = 0.999
26 - INFO - chord#: 262 done. best_score=157.0, changed=610, unchanged=267, early_stops=8/8
26 - INFO - chord#: 264 In build_straw_man_chord_sa. tolerance = 1, sa_iterations = 1000, initial_temperature = 3.0, cooling_rate = 0.999
26 - INFO - chord#: 262 done. best_score=64.0, changed=612, unchanged=377, early_stops=8/8
26 - INFO - chord#: 264 In build_straw_man_chord_sa. tolerance = 1, sa_iterations = 1000, initial_temperature = 3.0, cooling_rate = 0.999
26 - INFO - chord#: 262 done. best_score=64.0, changed=614, unchanged=490, early_stops=8/8
26 - INFO - chord#: 264 In build_straw_man_chord_sa. tolerance = 1, sa_iterations = 1000, initial_temperature = 3.0, cooling_rate = 0.999
26 - INFO - chord#: 264 done. best_score=137.0, changed=609, unchanged=258, early_stops=8/8
26 - INFO - chord#: 268 In build_straw_man_chord_sa. tolerance = 1, sa_iterations = 1000, initial_temperature = 3.0, cooling_rate = 0.999
26 - INFO - chord#: 264 done. best_score=78.0, changed=614, unchanged=390, early_stops=8/8
26 - INFO - chord#: 268 In build_straw_man_chord_sa. tolerance = 1, sa_iterations = 1000, initial_temperature = 3.0, cooling_rate = 0.999
26 - INFO - chord#: 264 done. best_score=140.0, changed=609, unchanged=264, early_stops=8/8
26 - INFO - chord#: 268 In build_straw_man_chord_sa. tolerance = 1, sa_iterations = 1000, initial_temperature = 3.0, cooling_rate = 0.999
26 - INFO - chord#: 268 done. best_score=27.0, changed=522, unchanged=413, early_stops=8/8
26 - INFO - chord#: 270 In build_straw_man_chord_sa. tolerance = 1, sa_iterations = 1000, initial_temperature = 3.0, cooling_rate = 0.999
26 - INFO - chord#: 268 done. best_score=27.0, changed=523, unchanged=487, early_stops=8/8
26 - INFO - chord#: 270 In build_straw_man_chord_sa. tolerance = 1, sa_iterations = 1000, initial_temperature = 3.0, cooling_rate = 0.999
26 - INFO - chord#: 268 done. best_score=27.0, changed=515, unchanged=386, early_stops=8/8
26 - INFO - chord#: 270 In build_straw_man_chord_sa. tolerance = 1, sa_iterations = 1000, initial_temperature = 3.0, cooling_rate = 0.999
26 - INFO - chord#: 264 done. best_score=78.0, changed=608, unchanged=299, early_stops=8/8
26 - INFO - chord#: 268 In build_straw_man_chord_sa. tolerance = 1, sa_iterations = 1000, initial_temperature = 3.0, cooling_rate = 0.999
26 - INFO - chord#: 270 done. best_score=137.0, changed=610, unchanged=246, early_stops=8/8
26 - INFO - chord#: 272 In build_straw_man_chord_sa. tolerance = 1, sa_iterations = 1000, initial_temperature = 3.0, cooling_rate = 0.999
26 - INFO - chord#: 268 done. best_score=27.0, changed=529, unchanged=416, early_stops=8/8
26 - INFO - chord#: 270 In build_straw_man_chord_sa. tolerance = 1, sa_iterations = 1000, initial_temperature = 3.0, cooling_rate = 0.999
26 - INFO - chord#: 272 done. best_score=9.0, changed=467, unchanged=383, early_stops=8/8
26 - INFO - chord#: 270 done. best_score=67.0, changed=610, unchanged=346, early_stops=8/8
26 - INFO - chord#: 272 In build_straw_man_chord_sa. tolerance = 1, sa_iterations = 1000, initial_temperature = 3.0, cooling_rate = 0.999
26 - INFO - chord#: 270 done. best_score=145.0, changed=619, unchanged=332, early_stops=8/8
26 - INFO - chord#: 272 In build_straw_man_chord_sa. tolerance = 1, sa_iterations = 1000, initial_temperature = 3.0, cooling_rate = 0.999
26 - INFO - chord#: 272 done. best_score=9.0, changed=460, unchanged=375, early_stops=8/8
26 - INFO - chord#: 272 done. best_score=9.0, changed=467, unchanged=363, early_stops=8/8
26 - INFO - chord#: 270 done. best_score=67.0, changed=612, unchanged=296, early_stops=8/8
26 - INFO - chord#: 272 In build_straw_man_chord_sa. tolerance = 1, sa_iterations = 1000, initial_temperature = 3.0, cooling_rate = 0.999
26 - INFO - chord#: 272 done. best_score=9.0, changed=451, unchanged=394, early_stops=8/8
26 - INFO - chord 212: PC 2 gap 38.0¢ > 33.0¢ — retuning
26 - INFO - chord#: 212 In build_straw_man_chord_sa. tolerance = 1, sa_iterations = 1000, initial_temperature = 3.0, cooling_rate = 0.999
26 - INFO - chord#: 212 done. best_score=27.0, changed=532, unchanged=397, early_stops=8/8
26 - INFO - chord#: 212 In build_straw_man_chord_sa. tolerance = 1, sa_iterations = 1000, initial_temperature = 3.0, cooling_rate = 0.999
26 - INFO - chord#: 212 done. best_score=27.0, changed=529, unchanged=364, early_stops=8/8
26 - INFO - chord#: 212 In build_straw_man_chord_sa. tolerance = 1, sa_iterations = 1000, initial_temperature = 3.0, cooling_rate = 0.999
26 - INFO - chord#: 212 done. best_score=27.0, changed=528, unchanged=397, early_stops=8/8
26 - INFO - chord#: 212 In build_straw_man_chord_sa. tolerance = 1, sa_iterations = 1000, initial_temperature = 3.0, cooling_rate = 0.999
26 - INFO - chord#: 212 done. best_score=27.0, changed=532, unchanged=324, early_stops=8/8
26 - INFO - chord#: 212 In build_straw_man_chord_sa. tolerance = 1, sa_iterations = 1000, initial_temperature = 3.0, cooling_rate = 0.999
26 - INFO - chord#: 212 done. best_score=27.0, changed=514, unchanged=415, early_stops=8/8
26 - INFO - chord 212: uniform shift +13.0¢
26 - INFO - Continuity enforcement: 5 SA retune attempt(s)
26 - INFO - save_midi_file = False, 
26 - INFO - version = 'bwv262', chorale.shape = (4, 192), root = 2, keys[root] = 'D♮', mode = 'major', time_sig = '4/4'
26 - INFO - In load_chorale_in_cents. About to load top_notes from file_name = '/home/prent/Repos/One-footed-bride-tuning/Archive/straw-man/t1_r1.50_s0_md33_sn0/bwv262top-notes.npy'
26 - INFO - Loaded top_notes from /home/prent/Repos/One-footed-bride-tuning/Archive/straw-man/t1_r1.50_s0_md33_sn0/bwv262top-notes.npy, re-ordered by chorale frequency
26 - INFO - chorale_in_cents.shape = (4, 192), chorale.shape = (4, 192)
26 - INFO - cent value based on top_notes
26 - INFO - Chord 0: [900 200 600 200]
26 - INFO - Chord 1: [900 200 600 200]
26 - INFO - Chord 2: [900 200 600 200]
26 - INFO - Chord 3: [900 200 600 200]
26 - INFO - Chord 4: [ 200  200  600 1100]
26 - INFO - Chord 5: [ 200  200  600 1100]
26 - INFO - Chord 6: [ 200  200  700 1100]
26 - INFO - Chord 7: [ 200  200  700 1100]
26 - INFO - Chord 8: [900 200 900 600]
26 - INFO - Chord 9: [900 200 900 600]
26 - INFO - cent_value_chorale.shape = (4, 192), chorale.shape = (4, 192), D♮ major
26 - INFO - cent value based on 12 TET
26 - INFO - Chord 0: [900 200 600 200]
26 - INFO - Chord 1: [900 200 600 200]
26 - INFO - Chord 2: [900 200 600 200]
26 - INFO - Chord 3: [900 200 600 200]
26 - INFO - Chord 4: [ 200  200  600 1100]
26 - INFO - Chord 5: [ 200  200  600 1100]
26 - INFO - Chord 6: [ 200  200  700 1100]
26 - INFO - Chord 7: [ 200  200  700 1100]
26 - INFO - Chord 8: [900 200 900 600]
26 - INFO - Chord 9: [900 200 900 600]
26 - INFO - cent_value_chorale.shape = (4, 192), chorale.shape = (4, 192), D♮ major
26 - INFO - Current top_notes:
26 - INFO -    0    1    2    3    4    5    6    7    8    9   10   11
26 - INFO -   D♮   A♮   F♯   B♮   E♮   C♯   G♮   G♯   A♯   C♮   D♯   F♮
26 - INFO -    2    9    6   11    4    1    7    8   10    0    3    5
26 - INFO -  200  900  600 1100  400  100  700  800 1000    0  300  500
26 - INFO - chord#: 0 In build_straw_man_chord_sa. tolerance = 1, sa_iterations = 1000, initial_temperature = 3.0, cooling_rate = 0.999
26 - INFO - chord#: 0 In build_straw_man_chord_sa. tolerance = 1, sa_iterations = 1000, initial_temperature = 3.0, cooling_rate = 0.999
26 - INFO - chord#: 0 In build_straw_man_chord_sa. tolerance = 1, sa_iterations = 1000, initial_temperature = 3.0, cooling_rate = 0.999
26 - INFO - chord#: 0 In build_straw_man_chord_sa. tolerance = 1, sa_iterations = 1000, initial_temperature = 3.0, cooling_rate = 0.999
26 - INFO - chord#: 0 In build_straw_man_chord_sa. tolerance = 1, sa_iterations = 1000, initial_temperature = 3.0, cooling_rate = 0.999
26 - INFO - chord#: 0 In build_straw_man_chord_sa. tolerance = 1, sa_iterations = 1000, initial_temperature = 3.0, cooling_rate = 0.999
26 - INFO - chord#: 0 In build_straw_man_chord_sa. tolerance = 1, sa_iterations = 1000, initial_temperature = 3.0, cooling_rate = 0.999
26 - INFO - chord#: 0 In build_straw_man_chord_sa. tolerance = 1, sa_iterations = 1000, initial_temperature = 3.0, cooling_rate = 0.999
26 - INFO - chord#: 0 In build_straw_man_chord_sa. tolerance = 1, sa_iterations = 1000, initial_temperature = 3.0, cooling_rate = 0.999
26 - INFO - chord#: 0 In build_straw_man_chord_sa. tolerance = 1, sa_iterations = 1000, initial_temperature = 3.0, cooling_rate = 0.999
26 - INFO - chord#: 0 In build_straw_man_chord_sa. tolerance = 1, sa_iterations = 1000, initial_temperature = 3.0, cooling_rate = 0.999
26 - INFO - chord#: 0 In build_straw_man_chord_sa. tolerance = 1, sa_iterations = 1000, initial_temperature = 3.0, cooling_rate = 0.999
26 - INFO - chord#: 0 done. best_score=27.0, changed=512, unchanged=335, early_stops=8/8
26 - INFO - chord#: 4 In build_straw_man_chord_sa. tolerance = 1, sa_iterations = 1000, initial_temperature = 3.0, cooling_rate = 0.999
26 - INFO - chord#: 0 done. best_score=27.0, changed=517, unchanged=330, early_stops=8/8
26 - INFO - chord#: 4 In build_straw_man_chord_sa. tolerance = 1, sa_iterations = 1000, initial_temperature = 3.0, cooling_rate = 0.999
26 - INFO - chord#: 0 done. best_score=27.0, changed=520, unchanged=421, early_stops=8/8
26 - INFO - chord#: 4 In build_straw_man_chord_sa. tolerance = 1, sa_iterations = 1000, initial_temperature = 3.0, cooling_rate = 0.999
26 - INFO - chord#: 0 done. best_score=27.0, changed=516, unchanged=373, early_stops=8/8
26 - INFO - chord#: 4 In build_straw_man_chord_sa. tolerance = 1, sa_iterations = 1000, initial_temperature = 3.0, cooling_rate = 0.999
26 - INFO - chord#: 0 done. best_score=27.0, changed=527, unchanged=472, early_stops=8/8
26 - INFO - chord#: 4 In build_straw_man_chord_sa. tolerance = 1, sa_iterations = 1000, initial_temperature = 3.0, cooling_rate = 0.999
26 - INFO - chord#: 0 done. best_score=27.0, changed=543, unchanged=514, early_stops=8/8
26 - INFO - chord#: 4 In build_straw_man_chord_sa. tolerance = 1, sa_iterations = 1000, initial_temperature = 3.0, cooling_rate = 0.999
26 - INFO - chord#: 0 done. best_score=27.0, changed=517, unchanged=328, early_stops=8/8
26 - INFO - chord#: 4 In build_straw_man_chord_sa. tolerance = 1, sa_iterations = 1000, initial_temperature = 3.0, cooling_rate = 0.999
26 - INFO - chord#: 0 done. best_score=27.0, changed=528, unchanged=384, early_stops=8/8
26 - INFO - chord#: 4 In build_straw_man_chord_sa. tolerance = 1, sa_iterations = 1000, initial_temperature = 3.0, cooling_rate = 0.999
26 - INFO - chord#: 0 done. best_score=27.0, changed=522, unchanged=425, early_stops=8/8
26 - INFO - chord#: 4 In build_straw_man_chord_sa. tolerance = 1, sa_iterations = 1000, initial_temperature = 3.0, cooling_rate = 0.999
26 - INFO - chord#: 0 done. best_score=27.0, changed=519, unchanged=366, early_stops=8/8
26 - INFO - chord#: 4 In build_straw_man_chord_sa. tolerance = 1, sa_iterations = 1000, initial_temperature = 3.0, cooling_rate = 0.999
26 - INFO - chord#: 0 done. best_score=27.0, changed=523, unchanged=469, early_stops=8/8
26 - INFO - chord#: 4 In build_straw_man_chord_sa. tolerance = 1, sa_iterations = 1000, initial_temperature = 3.0, cooling_rate = 0.999
26 - INFO - chord#: 0 done. best_score=27.0, changed=523, unchanged=483, early_stops=8/8
26 - INFO - chord#: 4 In build_straw_man_chord_sa. tolerance = 1, sa_iterations = 1000, initial_temperature = 3.0, cooling_rate = 0.999
26 - INFO - chord#: 4 done. best_score=27.0, changed=524, unchanged=383, early_stops=8/8
26 - INFO - chord#: 6 In build_straw_man_chord_sa. tolerance = 1, sa_iterations = 1000, initial_temperature = 3.0, cooling_rate = 0.999
26 - INFO - chord#: 4 done. best_score=27.0, changed=524, unchanged=419, early_stops=8/8
26 - INFO - chord#: 6 In build_straw_man_chord_sa. tolerance = 1, sa_iterations = 1000, initial_temperature = 3.0, cooling_rate = 0.999
26 - INFO - chord#: 4 done. best_score=27.0, changed=524, unchanged=420, early_stops=8/8
26 - INFO - chord#: 6 In build_straw_man_chord_sa. tolerance = 1, sa_iterations = 1000, initial_temperature = 3.0, cooling_rate = 0.999
26 - INFO - chord#: 4 done. best_score=27.0, changed=525, unchanged=403, early_stops=8/8
26 - INFO - chord#: 6 In build_straw_man_chord_sa. tolerance = 1, sa_iterations = 1000, initial_temperature = 3.0, cooling_rate = 0.999
26 - INFO - chord#: 4 done. best_score=27.0, changed=518, unchanged=410, early_stops=8/8
26 - INFO - chord#: 6 In build_straw_man_chord_sa. tolerance = 1, sa_iterations = 1000, initial_temperature = 3.0, cooling_rate = 0.999
26 - INFO - chord#: 4 done. best_score=27.0, changed=527, unchanged=490, early_stops=8/8
26 - INFO - chord#: 6 In build_straw_man_chord_sa. tolerance = 1, sa_iterations = 1000, initial_temperature = 3.0, cooling_rate = 0.999
26 - INFO - chord#: 4 done. best_score=27.0, changed=518, unchanged=303, early_stops=8/8
26 - INFO - chord#: 6 In build_straw_man_chord_sa. tolerance = 1, sa_iterations = 1000, initial_temperature = 3.0, cooling_rate = 0.999
26 - INFO - chord#: 4 done. best_score=27.0, changed=534, unchanged=453, early_stops=8/8
26 - INFO - chord#: 6 In build_straw_man_chord_sa. tolerance = 1, sa_iterations = 1000, initial_temperature = 3.0, cooling_rate = 0.999
26 - INFO - chord#: 4 done. best_score=27.0, changed=523, unchanged=422, early_stops=8/8
26 - INFO - chord#: 6 In build_straw_man_chord_sa. tolerance = 1, sa_iterations = 1000, initial_temperature = 3.0, cooling_rate = 0.999
26 - INFO - chord#: 4 done. best_score=27.0, changed=527, unchanged=389, early_stops=8/8
26 - INFO - chord#: 6 In build_straw_man_chord_sa. tolerance = 1, sa_iterations = 1000, initial_temperature = 3.0, cooling_rate = 0.999
26 - INFO - chord#: 4 done. best_score=27.0, changed=522, unchanged=455, early_stops=8/8
26 - INFO - chord#: 6 In build_straw_man_chord_sa. tolerance = 1, sa_iterations = 1000, initial_temperature = 3.0, cooling_rate = 0.999
26 - INFO - chord#: 4 done. best_score=27.0, changed=531, unchanged=459, early_stops=8/8
26 - INFO - chord#: 6 In build_straw_man_chord_sa. tolerance = 1, sa_iterations = 1000, initial_temperature = 3.0, cooling_rate = 0.999
26 - INFO - chord#: 6 done. best_score=27.0, changed=532, unchanged=417, early_stops=8/8
26 - INFO - chord#: 8 In build_straw_man_chord_sa. tolerance = 1, sa_iterations = 1000, initial_temperature = 3.0, cooling_rate = 0.999
26 - INFO - chord#: 6 done. best_score=27.0, changed=521, unchanged=410, early_stops=8/8
26 - INFO - chord#: 8 In build_straw_man_chord_sa. tolerance = 1, sa_iterations = 1000, initial_temperature = 3.0, cooling_rate = 0.999
26 - INFO - chord#: 6 done. best_score=27.0, changed=522, unchanged=362, early_stops=8/8
26 - INFO - chord#: 8 In build_straw_man_chord_sa. tolerance = 1, sa_iterations = 1000, initial_temperature = 3.0, cooling_rate = 0.999
26 - INFO - chord#: 6 done. best_score=27.0, changed=523, unchanged=449, early_stops=8/8
26 - INFO - chord#: 8 In build_straw_man_chord_sa. tolerance = 1, sa_iterations = 1000, initial_temperature = 3.0, cooling_rate = 0.999
26 - INFO - chord#: 6 done. best_score=27.0, changed=520, unchanged=396, early_stops=8/8
26 - INFO - chord#: 8 In build_straw_man_chord_sa. tolerance = 1, sa_iterations = 1000, initial_temperature = 3.0, cooling_rate = 0.999
26 - INFO - chord#: 6 done. best_score=27.0, changed=528, unchanged=579, early_stops=8/8
26 - INFO - chord#: 8 In build_straw_man_chord_sa. tolerance = 1, sa_iterations = 1000, initial_temperature = 3.0, cooling_rate = 0.999
26 - INFO - chord#: 6 done. best_score=27.0, changed=518, unchanged=380, early_stops=8/8
26 - INFO - chord#: 8 In build_straw_man_chord_sa. tolerance = 1, sa_iterations = 1000, initial_temperature = 3.0, cooling_rate = 0.999
26 - INFO - chord#: 8 done. best_score=27.0, changed=523, unchanged=355, early_stops=8/8
26 - INFO - chord#: 12 In build_straw_man_chord_sa. tolerance = 1, sa_iterations = 1000, initial_temperature = 3.0, cooling_rate = 0.999
26 - INFO - chord#: 8 done. best_score=27.0, changed=519, unchanged=312, early_stops=8/8
26 - INFO - chord#: 12 In build_straw_man_chord_sa. tolerance = 1, sa_iterations = 1000, initial_temperature = 3.0, cooling_rate = 0.999
26 - INFO - chord#: 6 done. best_score=27.0, changed=523, unchanged=401, early_stops=8/8
26 - INFO - chord#: 8 In build_straw_man_chord_sa. tolerance = 1, sa_iterations = 1000, initial_temperature = 3.0, cooling_rate = 0.999
26 - INFO - chord#: 6 done. best_score=27.0, changed=515, unchanged=352, early_stops=8/8
26 - INFO - chord#: 8 In build_straw_man_chord_sa. tolerance = 1, sa_iterations = 1000, initial_temperature = 3.0, cooling_rate = 0.999
26 - INFO - chord#: 8 done. best_score=27.0, changed=525, unchanged=314, early_stops=8/8
26 - INFO - chord#: 12 In build_straw_man_chord_sa. tolerance = 1, sa_iterations = 1000, initial_temperature = 3.0, cooling_rate = 0.999
26 - INFO - chord#: 6 done. best_score=27.0, changed=520, unchanged=353, early_stops=8/8
26 - INFO - chord#: 8 In build_straw_man_chord_sa. tolerance = 1, sa_iterations = 1000, initial_temperature = 3.0, cooling_rate = 0.999
26 - INFO - chord#: 8 done. best_score=27.0, changed=521, unchanged=400, early_stops=8/8
26 - INFO - chord#: 12 In build_straw_man_chord_sa. tolerance = 1, sa_iterations = 1000, initial_temperature = 3.0, cooling_rate = 0.999
26 - INFO - chord#: 8 done. best_score=27.0, changed=519, unchanged=378, early_stops=8/8
26 - INFO - chord#: 12 In build_straw_man_chord_sa. tolerance = 1, sa_iterations = 1000, initial_temperature = 3.0, cooling_rate = 0.999
26 - INFO - chord#: 6 done. best_score=27.0, changed=521, unchanged=396, early_stops=8/8
26 - INFO - chord#: 8 In build_straw_man_chord_sa. tolerance = 1, sa_iterations = 1000, initial_temperature = 3.0, cooling_rate = 0.999
26 - INFO - chord#: 6 done. best_score=27.0, changed=523, unchanged=410, early_stops=8/8
26 - INFO - chord#: 8 In build_straw_man_chord_sa. tolerance = 1, sa_iterations = 1000, initial_temperature = 3.0, cooling_rate = 0.999
26 - INFO - chord#: 8 done. best_score=27.0, changed=527, unchanged=373, early_stops=8/8
26 - INFO - chord#: 12 In build_straw_man_chord_sa. tolerance = 1, sa_iterations = 1000, initial_temperature = 3.0, cooling_rate = 0.999
26 - INFO - chord#: 12 done. best_score=27.0, changed=521, unchanged=491, early_stops=8/8
26 - INFO - chord#: 14 In build_straw_man_chord_sa. tolerance = 1, sa_iterations = 1000, initial_temperature = 3.0, cooling_rate = 0.999
26 - INFO - chord#: 12 done. best_score=27.0, changed=526, unchanged=418, early_stops=8/8
26 - INFO - chord#: 14 In build_straw_man_chord_sa. tolerance = 1, sa_iterations = 1000, initial_temperature = 3.0, cooling_rate = 0.999
26 - INFO - chord#: 12 done. best_score=27.0, changed=528, unchanged=417, early_stops=8/8
26 - INFO - chord#: 14 In build_straw_man_chord_sa. tolerance = 1, sa_iterations = 1000, initial_temperature = 3.0, cooling_rate = 0.999
26 - INFO - chord#: 8 done. best_score=27.0, changed=523, unchanged=390, early_stops=8/8
26 - INFO - chord#: 12 In build_straw_man_chord_sa. tolerance = 1, sa_iterations = 1000, initial_temperature = 3.0, cooling_rate = 0.999
26 - INFO - chord#: 12 done. best_score=27.0, changed=522, unchanged=411, early_stops=8/8
26 - INFO - chord#: 14 In build_straw_man_chord_sa. tolerance = 1, sa_iterations = 1000, initial_temperature = 3.0, cooling_rate = 0.999
26 - INFO - chord#: 12 done. best_score=27.0, changed=530, unchanged=527, early_stops=8/8
26 - INFO - chord#: 14 In build_straw_man_chord_sa. tolerance = 1, sa_iterations = 1000, initial_temperature = 3.0, cooling_rate = 0.999
26 - INFO - chord#: 8 done. best_score=27.0, changed=523, unchanged=354, early_stops=8/8
26 - INFO - chord#: 12 In build_straw_man_chord_sa. tolerance = 1, sa_iterations = 1000, initial_temperature = 3.0, cooling_rate = 0.999
26 - INFO - chord#: 8 done. best_score=27.0, changed=515, unchanged=315, early_stops=8/8
26 - INFO - chord#: 12 In build_straw_man_chord_sa. tolerance = 1, sa_iterations = 1000, initial_temperature = 3.0, cooling_rate = 0.999
26 - INFO - chord#: 8 done. best_score=27.0, changed=531, unchanged=447, early_stops=8/8
26 - INFO - chord#: 12 In build_straw_man_chord_sa. tolerance = 1, sa_iterations = 1000, initial_temperature = 3.0, cooling_rate = 0.999
26 - INFO - chord#: 8 done. best_score=27.0, changed=514, unchanged=332, early_stops=8/8
26 - INFO - chord#: 12 In build_straw_man_chord_sa. tolerance = 1, sa_iterations = 1000, initial_temperature = 3.0, cooling_rate = 0.999
26 - INFO - chord#: 12 done. best_score=27.0, changed=522, unchanged=376, early_stops=8/8
26 - INFO - chord#: 14 In build_straw_man_chord_sa. tolerance = 1, sa_iterations = 1000, initial_temperature = 3.0, cooling_rate = 0.999
26 - INFO - chord#: 8 done. best_score=27.0, changed=525, unchanged=431, early_stops=8/8
26 - INFO - chord#: 12 In build_straw_man_chord_sa. tolerance = 1, sa_iterations = 1000, initial_temperature = 3.0, cooling_rate = 0.999
26 - INFO - chord#: 12 done. best_score=27.0, changed=526, unchanged=376, early_stops=8/8
26 - INFO - chord#: 14 In build_straw_man_chord_sa. tolerance = 1, sa_iterations = 1000, initial_temperature = 3.0, cooling_rate = 0.999
26 - INFO - chord#: 12 done. best_score=27.0, changed=524, unchanged=350, early_stops=8/8
26 - INFO - chord#: 14 In build_straw_man_chord_sa. tolerance = 1, sa_iterations = 1000, initial_temperature = 3.0, cooling_rate = 0.999
26 - INFO - chord#: 12 done. best_score=27.0, changed=524, unchanged=394, early_stops=8/8
26 - INFO - chord#: 14 In build_straw_man_chord_sa. tolerance = 1, sa_iterations = 1000, initial_temperature = 3.0, cooling_rate = 0.999
26 - INFO - chord#: 12 done. best_score=27.0, changed=521, unchanged=405, early_stops=8/8
26 - INFO - chord#: 14 In build_straw_man_chord_sa. tolerance = 1, sa_iterations = 1000, initial_temperature = 3.0, cooling_rate = 0.999
26 - INFO - chord#: 12 done. best_score=27.0, changed=523, unchanged=381, early_stops=8/8
26 - INFO - chord#: 14 In build_straw_man_chord_sa. tolerance = 1, sa_iterations = 1000, initial_temperature = 3.0, cooling_rate = 0.999
26 - INFO - chord#: 12 done. best_score=27.0, changed=524, unchanged=367, early_stops=8/8
26 - INFO - chord#: 14 In build_straw_man_chord_sa. tolerance = 1, sa_iterations = 1000, initial_temperature = 3.0, cooling_rate = 0.999
26 - INFO - chord#: 14 done. best_score=74.0, changed=605, unchanged=233, early_stops=8/8
26 - INFO - chord#: 16 In build_straw_man_chord_sa. tolerance = 1, sa_iterations = 1000, initial_temperature = 3.0, cooling_rate = 0.999
26 - INFO - chord#: 14 done. best_score=74.0, changed=608, unchanged=288, early_stops=8/8
26 - INFO - chord#: 16 In build_straw_man_chord_sa. tolerance = 1, sa_iterations = 1000, initial_temperature = 3.0, cooling_rate = 0.999
26 - INFO - chord#: 14 done. best_score=74.0, changed=612, unchanged=368, early_stops=8/8
26 - INFO - chord#: 16 In build_straw_man_chord_sa. tolerance = 1, sa_iterations = 1000, initial_temperature = 3.0, cooling_rate = 0.999
26 - INFO - chord#: 14 done. best_score=74.0, changed=609, unchanged=297, early_stops=8/8
26 - INFO - chord#: 16 In build_straw_man_chord_sa. tolerance = 1, sa_iterations = 1000, initial_temperature = 3.0, cooling_rate = 0.999
26 - INFO - chord#: 14 done. best_score=74.0, changed=611, unchanged=404, early_stops=8/8
26 - INFO - chord#: 16 In build_straw_man_chord_sa. tolerance = 1, sa_iterations = 1000, initial_temperature = 3.0, cooling_rate = 0.999
26 - INFO - chord#: 14 done. best_score=74.0, changed=607, unchanged=331, early_stops=8/8
26 - INFO - chord#: 16 In build_straw_man_chord_sa. tolerance = 1, sa_iterations = 1000, initial_temperature = 3.0, cooling_rate = 0.999
26 - INFO - chord#: 16 done. best_score=31.0, changed=530, unchanged=472, early_stops=8/8
26 - INFO - chord#: 18 In build_straw_man_chord_sa. tolerance = 1, sa_iterations = 1000, initial_temperature = 3.0, cooling_rate = 0.999
26 - INFO - chord#: 18 done. best_score=7.0, changed=509, unchanged=305, early_stops=8/8
26 - INFO - chord#: 20 In build_straw_man_chord_sa. tolerance = 1, sa_iterations = 1000, initial_temperature = 3.0, cooling_rate = 0.999
26 - INFO - chord#: 16 done. best_score=31.0, changed=524, unchanged=360, early_stops=8/8
26 - INFO - chord#: 18 In build_straw_man_chord_sa. tolerance = 1, sa_iterations = 1000, initial_temperature = 3.0, cooling_rate = 0.999
26 - INFO - chord#: 14 done. best_score=96.0, changed=615, unchanged=340, early_stops=8/8
26 - INFO - chord#: 16 In build_straw_man_chord_sa. tolerance = 1, sa_iterations = 1000, initial_temperature = 3.0, cooling_rate = 0.999
26 - INFO - chord#: 16 done. best_score=31.0, changed=513, unchanged=439, early_stops=8/8
26 - INFO - chord#: 16 done. best_score=31.0, changed=533, unchanged=475, early_stops=8/8
26 - INFO - chord#: 18 In build_straw_man_chord_sa. tolerance = 1, sa_iterations = 1000, initial_temperature = 3.0, cooling_rate = 0.999
26 - INFO - chord#: 18 In build_straw_man_chord_sa. tolerance = 1, sa_iterations = 1000, initial_temperature = 3.0, cooling_rate = 0.999
26 - INFO - chord#: 18 done. best_score=7.0, changed=488, unchanged=316, early_stops=8/8
26 - INFO - chord#: 20 In build_straw_man_chord_sa. tolerance = 1, sa_iterations = 1000, initial_temperature = 3.0, cooling_rate = 0.999
26 - INFO - chord#: 16 done. best_score=31.0, changed=522, unchanged=376, early_stops=8/8
26 - INFO - chord#: 18 In build_straw_man_chord_sa. tolerance = 1, sa_iterations = 1000, initial_temperature = 3.0, cooling_rate = 0.999
26 - INFO - chord#: 18 done. best_score=7.0, changed=507, unchanged=312, early_stops=8/8
26 - INFO - chord#: 18 done. best_score=7.0, changed=490, unchanged=321, early_stops=8/8
26 - INFO - chord#: 20 In build_straw_man_chord_sa. tolerance = 1, sa_iterations = 1000, initial_temperature = 3.0, cooling_rate = 0.999
26 - INFO - chord#: 20 In build_straw_man_chord_sa. tolerance = 1, sa_iterations = 1000, initial_temperature = 3.0, cooling_rate = 0.999
26 - INFO - chord#: 18 done. best_score=7.0, changed=485, unchanged=323, early_stops=8/8
26 - INFO - chord#: 20 In build_straw_man_chord_sa. tolerance = 1, sa_iterations = 1000, initial_temperature = 3.0, cooling_rate = 0.999
26 - INFO - chord#: 14 done. best_score=121.0, changed=609, unchanged=249, early_stops=8/8
26 - INFO - chord#: 16 In build_straw_man_chord_sa. tolerance = 1, sa_iterations = 1000, initial_temperature = 3.0, cooling_rate = 0.999
26 - INFO - chord#: 16 done. best_score=31.0, changed=520, unchanged=481, early_stops=8/8
26 - INFO - chord#: 18 In build_straw_man_chord_sa. tolerance = 1, sa_iterations = 1000, initial_temperature = 3.0, cooling_rate = 0.999
26 - INFO - chord#: 16 done. best_score=31.0, changed=522, unchanged=331, early_stops=8/8
26 - INFO - chord#: 18 In build_straw_man_chord_sa. tolerance = 1, sa_iterations = 1000, initial_temperature = 3.0, cooling_rate = 0.999
26 - INFO - chord#: 18 done. best_score=7.0, changed=496, unchanged=313, early_stops=8/8
26 - INFO - chord#: 20 In build_straw_man_chord_sa. tolerance = 1, sa_iterations = 1000, initial_temperature = 3.0, cooling_rate = 0.999
26 - INFO - chord#: 14 done. best_score=149.0, changed=612, unchanged=355, early_stops=8/8
26 - INFO - chord#: 16 In build_straw_man_chord_sa. tolerance = 1, sa_iterations = 1000, initial_temperature = 3.0, cooling_rate = 0.999
26 - INFO - chord#: 14 done. best_score=74.0, changed=613, unchanged=403, early_stops=8/8
26 - INFO - chord#: 16 In build_straw_man_chord_sa. tolerance = 1, sa_iterations = 1000, initial_temperature = 3.0, cooling_rate = 0.999
26 - INFO - chord#: 14 done. best_score=74.0, changed=617, unchanged=376, early_stops=8/8
26 - INFO - chord#: 16 In build_straw_man_chord_sa. tolerance = 1, sa_iterations = 1000, initial_temperature = 3.0, cooling_rate = 0.999
26 - INFO - chord#: 20 done. best_score=27.0, changed=532, unchanged=645, early_stops=8/8
26 - INFO - chord#: 22 In build_straw_man_chord_sa. tolerance = 1, sa_iterations = 1000, initial_temperature = 3.0, cooling_rate = 0.999
26 - INFO - chord#: 18 done. best_score=7.0, changed=516, unchanged=306, early_stops=8/8
26 - INFO - chord#: 20 In build_straw_man_chord_sa. tolerance = 1, sa_iterations = 1000, initial_temperature = 3.0, cooling_rate = 0.999
26 - INFO - chord#: 20 done. best_score=27.0, changed=525, unchanged=432, early_stops=8/8
26 - INFO - chord#: 22 In build_straw_man_chord_sa. tolerance = 1, sa_iterations = 1000, initial_temperature = 3.0, cooling_rate = 0.999
26 - INFO - chord#: 14 done. best_score=121.0, changed=613, unchanged=362, early_stops=8/8
26 - INFO - chord#: 16 In build_straw_man_chord_sa. tolerance = 1, sa_iterations = 1000, initial_temperature = 3.0, cooling_rate = 0.999
26 - INFO - chord#: 20 done. best_score=36.0, changed=515, unchanged=436, early_stops=8/8
26 - INFO - chord#: 22 In build_straw_man_chord_sa. tolerance = 1, sa_iterations = 1000, initial_temperature = 3.0, cooling_rate = 0.999
26 - INFO - chord#: 20 done. best_score=27.0, changed=523, unchanged=499, early_stops=8/8
26 - INFO - chord#: 22 In build_straw_man_chord_sa. tolerance = 1, sa_iterations = 1000, initial_temperature = 3.0, cooling_rate = 0.999
26 - INFO - chord#: 20 done. best_score=27.0, changed=524, unchanged=517, early_stops=8/8
26 - INFO - chord#: 22 In build_straw_man_chord_sa. tolerance = 1, sa_iterations = 1000, initial_temperature = 3.0, cooling_rate = 0.999
26 - INFO - chord#: 16 done. best_score=31.0, changed=520, unchanged=415, early_stops=8/8
26 - INFO - chord#: 18 In build_straw_man_chord_sa. tolerance = 1, sa_iterations = 1000, initial_temperature = 3.0, cooling_rate = 0.999
26 - INFO - chord#: 16 done. best_score=31.0, changed=530, unchanged=371, early_stops=8/8
26 - INFO - chord#: 18 In build_straw_man_chord_sa. tolerance = 1, sa_iterations = 1000, initial_temperature = 3.0, cooling_rate = 0.999
26 - INFO - chord#: 16 done. best_score=31.0, changed=521, unchanged=331, early_stops=8/8
26 - INFO - chord#: 18 In build_straw_man_chord_sa. tolerance = 1, sa_iterations = 1000, initial_temperature = 3.0, cooling_rate = 0.999
26 - INFO - chord#: 18 done. best_score=7.0, changed=498, unchanged=329, early_stops=8/8
26 - INFO - chord#: 20 In build_straw_man_chord_sa. tolerance = 1, sa_iterations = 1000, initial_temperature = 3.0, cooling_rate = 0.999
26 - INFO - chord#: 16 done. best_score=31.0, changed=522, unchanged=355, early_stops=8/8
26 - INFO - chord#: 18 In build_straw_man_chord_sa. tolerance = 1, sa_iterations = 1000, initial_temperature = 3.0, cooling_rate = 0.999
26 - INFO - chord#: 16 done. best_score=31.0, changed=533, unchanged=432, early_stops=8/8
26 - INFO - chord#: 18 In build_straw_man_chord_sa. tolerance = 1, sa_iterations = 1000, initial_temperature = 3.0, cooling_rate = 0.999
26 - INFO - chord#: 20 done. best_score=27.0, changed=515, unchanged=444, early_stops=8/8
26 - INFO - chord#: 18 done. best_score=7.0, changed=506, unchanged=298, early_stops=8/8
26 - INFO - chord#: 22 In build_straw_man_chord_sa. tolerance = 1, sa_iterations = 1000, initial_temperature = 3.0, cooling_rate = 0.999
26 - INFO - chord#: 20 In build_straw_man_chord_sa. tolerance = 1, sa_iterations = 1000, initial_temperature = 3.0, cooling_rate = 0.999
26 - INFO - chord#: 20 done. best_score=27.0, changed=518, unchanged=425, early_stops=8/8
26 - INFO - chord#: 22 In build_straw_man_chord_sa. tolerance = 1, sa_iterations = 1000, initial_temperature = 3.0, cooling_rate = 0.999
26 - INFO - chord#: 18 done. best_score=7.0, changed=496, unchanged=311, early_stops=8/8
26 - INFO - chord#: 20 In build_straw_man_chord_sa. tolerance = 1, sa_iterations = 1000, initial_temperature = 3.0, cooling_rate = 0.999
26 - INFO - chord#: 18 done. best_score=7.0, changed=494, unchanged=322, early_stops=8/8
26 - INFO - chord#: 20 In build_straw_man_chord_sa. tolerance = 1, sa_iterations = 1000, initial_temperature = 3.0, cooling_rate = 0.999
26 - INFO - chord#: 18 done. best_score=7.0, changed=518, unchanged=312, early_stops=8/8
26 - INFO - chord#: 20 In build_straw_man_chord_sa. tolerance = 1, sa_iterations = 1000, initial_temperature = 3.0, cooling_rate = 0.999
26 - INFO - chord#: 22 done. best_score=137.0, changed=608, unchanged=244, early_stops=8/8
26 - INFO - chord#: 24 In build_straw_man_chord_sa. tolerance = 1, sa_iterations = 1000, initial_temperature = 3.0, cooling_rate = 0.999
26 - INFO - chord#: 24 done. best_score=9.0, changed=473, unchanged=342, early_stops=8/8
26 - INFO - chord#: 32 In build_straw_man_chord_sa. tolerance = 1, sa_iterations = 1000, initial_temperature = 3.0, cooling_rate = 0.999
26 - INFO - chord#: 20 done. best_score=36.0, changed=516, unchanged=376, early_stops=8/8
26 - INFO - chord#: 22 In build_straw_man_chord_sa. tolerance = 1, sa_iterations = 1000, initial_temperature = 3.0, cooling_rate = 0.999
26 - INFO - chord#: 20 done. best_score=27.0, changed=514, unchanged=376, early_stops=8/8
26 - INFO - chord#: 22 done. best_score=78.0, changed=611, unchanged=365, early_stops=8/8
26 - INFO - chord#: 22 In build_straw_man_chord_sa. tolerance = 1, sa_iterations = 1000, initial_temperature = 3.0, cooling_rate = 0.999
26 - INFO - chord#: 24 In build_straw_man_chord_sa. tolerance = 1, sa_iterations = 1000, initial_temperature = 3.0, cooling_rate = 0.999
26 - INFO - chord#: 20 done. best_score=27.0, changed=522, unchanged=500, early_stops=8/8
26 - INFO - chord#: 22 In build_straw_man_chord_sa. tolerance = 1, sa_iterations = 1000, initial_temperature = 3.0, cooling_rate = 0.999
26 - INFO - chord#: 22 done. best_score=67.0, changed=613, unchanged=334, early_stops=8/8
26 - INFO - chord#: 24 In build_straw_man_chord_sa. tolerance = 1, sa_iterations = 1000, initial_temperature = 3.0, cooling_rate = 0.999
26 - INFO - chord#: 24 done. best_score=9.0, changed=443, unchanged=368, early_stops=8/8
26 - INFO - chord#: 32 In build_straw_man_chord_sa. tolerance = 1, sa_iterations = 1000, initial_temperature = 3.0, cooling_rate = 0.999
26 - INFO - chord#: 20 done. best_score=27.0, changed=514, unchanged=397, early_stops=8/8
26 - INFO - chord#: 22 In build_straw_man_chord_sa. tolerance = 1, sa_iterations = 1000, initial_temperature = 3.0, cooling_rate = 0.999
26 - INFO - chord#: 22 done. best_score=67.0, changed=610, unchanged=344, early_stops=8/8
26 - INFO - chord#: 24 In build_straw_man_chord_sa. tolerance = 1, sa_iterations = 1000, initial_temperature = 3.0, cooling_rate = 0.999
26 - INFO - chord#: 22 done. best_score=78.0, changed=614, unchanged=302, early_stops=8/8
26 - INFO - chord#: 24 In build_straw_man_chord_sa. tolerance = 1, sa_iterations = 1000, initial_temperature = 3.0, cooling_rate = 0.999
26 - INFO - chord#: 24 done. best_score=9.0, changed=459, unchanged=374, early_stops=8/8
26 - INFO - chord#: 32 In build_straw_man_chord_sa. tolerance = 1, sa_iterations = 1000, initial_temperature = 3.0, cooling_rate = 0.999
26 - INFO - chord#: 20 done. best_score=27.0, changed=516, unchanged=494, early_stops=8/8
26 - INFO - chord#: 22 In build_straw_man_chord_sa. tolerance = 1, sa_iterations = 1000, initial_temperature = 3.0, cooling_rate = 0.999
26 - INFO - chord#: 24 done. best_score=9.0, changed=464, unchanged=366, early_stops=8/8
26 - INFO - chord#: 32 In build_straw_man_chord_sa. tolerance = 1, sa_iterations = 1000, initial_temperature = 3.0, cooling_rate = 0.999
26 - INFO - chord#: 24 done. best_score=9.0, changed=468, unchanged=357, early_stops=8/8
26 - INFO - chord#: 32 In build_straw_man_chord_sa. tolerance = 1, sa_iterations = 1000, initial_temperature = 3.0, cooling_rate = 0.999
26 - INFO - chord#: 32 done. best_score=27.0, changed=522, unchanged=376, early_stops=8/8
26 - INFO - chord#: 38 In build_straw_man_chord_sa. tolerance = 1, sa_iterations = 1000, initial_temperature = 3.0, cooling_rate = 0.999
26 - INFO - chord#: 32 done. best_score=27.0, changed=530, unchanged=349, early_stops=8/8
26 - INFO - chord#: 38 In build_straw_man_chord_sa. tolerance = 1, sa_iterations = 1000, initial_temperature = 3.0, cooling_rate = 0.999
26 - INFO - chord#: 32 done. best_score=27.0, changed=519, unchanged=337, early_stops=8/8
26 - INFO - chord#: 38 In build_straw_man_chord_sa. tolerance = 1, sa_iterations = 1000, initial_temperature = 3.0, cooling_rate = 0.999
26 - INFO - chord#: 32 done. best_score=27.0, changed=534, unchanged=401, early_stops=8/8
26 - INFO - chord#: 38 In build_straw_man_chord_sa. tolerance = 1, sa_iterations = 1000, initial_temperature = 3.0, cooling_rate = 0.999
26 - INFO - chord#: 32 done. best_score=27.0, changed=518, unchanged=341, early_stops=8/8
26 - INFO - chord#: 38 In build_straw_man_chord_sa. tolerance = 1, sa_iterations = 1000, initial_temperature = 3.0, cooling_rate = 0.999
26 - INFO - chord#: 22 done. best_score=78.0, changed=615, unchanged=375, early_stops=8/8
26 - INFO - chord#: 24 In build_straw_man_chord_sa. tolerance = 1, sa_iterations = 1000, initial_temperature = 3.0, cooling_rate = 0.999
26 - INFO - chord#: 22 done. best_score=67.0, changed=618, unchanged=399, early_stops=8/8
26 - INFO - chord#: 24 In build_straw_man_chord_sa. tolerance = 1, sa_iterations = 1000, initial_temperature = 3.0, cooling_rate = 0.999
26 - INFO - chord#: 22 done. best_score=78.0, changed=607, unchanged=239, early_stops=8/8
26 - INFO - chord#: 24 In build_straw_man_chord_sa. tolerance = 1, sa_iterations = 1000, initial_temperature = 3.0, cooling_rate = 0.999
26 - INFO - chord#: 24 done. best_score=9.0, changed=467, unchanged=420, early_stops=8/8
26 - INFO - chord#: 32 In build_straw_man_chord_sa. tolerance = 1, sa_iterations = 1000, initial_temperature = 3.0, cooling_rate = 0.999
26 - INFO - chord#: 24 done. best_score=9.0, changed=461, unchanged=383, early_stops=8/8
26 - INFO - chord#: 32 In build_straw_man_chord_sa. tolerance = 1, sa_iterations = 1000, initial_temperature = 3.0, cooling_rate = 0.999
26 - INFO - chord#: 24 done. best_score=9.0, changed=455, unchanged=356, early_stops=8/8
26 - INFO - chord#: 32 In build_straw_man_chord_sa. tolerance = 1, sa_iterations = 1000, initial_temperature = 3.0, cooling_rate = 0.999
26 - INFO - chord#: 22 done. best_score=78.0, changed=613, unchanged=336, early_stops=8/8
26 - INFO - chord#: 24 In build_straw_man_chord_sa. tolerance = 1, sa_iterations = 1000, initial_temperature = 3.0, cooling_rate = 0.999
26 - INFO - chord#: 22 done. best_score=137.0, changed=612, unchanged=227, early_stops=8/8
26 - INFO - chord#: 24 In build_straw_man_chord_sa. tolerance = 1, sa_iterations = 1000, initial_temperature = 3.0, cooling_rate = 0.999
26 - INFO - chord#: 22 done. best_score=125.0, changed=613, unchanged=312, early_stops=8/8
26 - INFO - chord#: 24 In build_straw_man_chord_sa. tolerance = 1, sa_iterations = 1000, initial_temperature = 3.0, cooling_rate = 0.999
26 - INFO - chord#: 24 done. best_score=9.0, changed=461, unchanged=360, early_stops=8/8
26 - INFO - chord#: 32 In build_straw_man_chord_sa. tolerance = 1, sa_iterations = 1000, initial_temperature = 3.0, cooling_rate = 0.999
26 - INFO - chord#: 24 done. best_score=9.0, changed=463, unchanged=369, early_stops=8/8
26 - INFO - chord#: 32 In build_straw_man_chord_sa. tolerance = 1, sa_iterations = 1000, initial_temperature = 3.0, cooling_rate = 0.999
26 - INFO - chord#: 22 done. best_score=125.0, changed=612, unchanged=321, early_stops=8/8
26 - INFO - chord#: 24 In build_straw_man_chord_sa. tolerance = 1, sa_iterations = 1000, initial_temperature = 3.0, cooling_rate = 0.999
26 - INFO - chord#: 24 done. best_score=9.0, changed=467, unchanged=368, early_stops=8/8
26 - INFO - chord#: 32 In build_straw_man_chord_sa. tolerance = 1, sa_iterations = 1000, initial_temperature = 3.0, cooling_rate = 0.999
26 - INFO - chord#: 32 done. best_score=27.0, changed=530, unchanged=339, early_stops=8/8
26 - INFO - chord#: 38 In build_straw_man_chord_sa. tolerance = 1, sa_iterations = 1000, initial_temperature = 3.0, cooling_rate = 0.999
26 - INFO - chord#: 32 done. best_score=27.0, changed=526, unchanged=362, early_stops=8/8
26 - INFO - chord#: 38 In build_straw_man_chord_sa. tolerance = 1, sa_iterations = 1000, initial_temperature = 3.0, cooling_rate = 0.999
26 - INFO - chord#: 32 done. best_score=27.0, changed=519, unchanged=354, early_stops=8/8
26 - INFO - chord#: 38 done. best_score=74.0, changed=617, unchanged=370, early_stops=8/8
26 - INFO - chord#: 40 In build_straw_man_chord_sa. tolerance = 1, sa_iterations = 1000, initial_temperature = 3.0, cooling_rate = 0.999
26 - INFO - chord#: 38 In build_straw_man_chord_sa. tolerance = 1, sa_iterations = 1000, initial_temperature = 3.0, cooling_rate = 0.999
26 - INFO - chord#: 24 done. best_score=9.0, changed=461, unchanged=359, early_stops=8/8
26 - INFO - chord#: 32 In build_straw_man_chord_sa. tolerance = 1, sa_iterations = 1000, initial_temperature = 3.0, cooling_rate = 0.999
26 - INFO - chord#: 38 done. best_score=74.0, changed=613, unchanged=343, early_stops=8/8
26 - INFO - chord#: 40 In build_straw_man_chord_sa. tolerance = 1, sa_iterations = 1000, initial_temperature = 3.0, cooling_rate = 0.999
26 - INFO - chord#: 38 done. best_score=74.0, changed=619, unchanged=349, early_stops=8/8
26 - INFO - chord#: 40 In build_straw_man_chord_sa. tolerance = 1, sa_iterations = 1000, initial_temperature = 3.0, cooling_rate = 0.999
26 - INFO - chord#: 32 done. best_score=27.0, changed=522, unchanged=371, early_stops=8/8
26 - INFO - chord#: 38 done. best_score=74.0, changed=615, unchanged=355, early_stops=8/8
26 - INFO - chord#: 40 In build_straw_man_chord_sa. tolerance = 1, sa_iterations = 1000, initial_temperature = 3.0, cooling_rate = 0.999
26 - INFO - chord#: 38 In build_straw_man_chord_sa. tolerance = 1, sa_iterations = 1000, initial_temperature = 3.0, cooling_rate = 0.999
26 - INFO - chord#: 32 done. best_score=27.0, changed=518, unchanged=312, early_stops=8/8
26 - INFO - chord#: 38 In build_straw_man_chord_sa. tolerance = 1, sa_iterations = 1000, initial_temperature = 3.0, cooling_rate = 0.999
26 - INFO - chord#: 38 done. best_score=74.0, changed=612, unchanged=352, early_stops=8/8
26 - INFO - chord#: 40 In build_straw_man_chord_sa. tolerance = 1, sa_iterations = 1000, initial_temperature = 3.0, cooling_rate = 0.999
26 - INFO - chord#: 32 done. best_score=27.0, changed=517, unchanged=323, early_stops=8/8
26 - INFO - chord#: 38 In build_straw_man_chord_sa. tolerance = 1, sa_iterations = 1000, initial_temperature = 3.0, cooling_rate = 0.999
26 - INFO - chord#: 40 done. best_score=27.0, changed=515, unchanged=370, early_stops=8/8
26 - INFO - chord#: 42 In build_straw_man_chord_sa. tolerance = 1, sa_iterations = 1000, initial_temperature = 3.0, cooling_rate = 0.999
26 - INFO - chord#: 32 done. best_score=27.0, changed=521, unchanged=426, early_stops=8/8
26 - INFO - chord#: 38 In build_straw_man_chord_sa. tolerance = 1, sa_iterations = 1000, initial_temperature = 3.0, cooling_rate = 0.999
26 - INFO - chord#: 40 done. best_score=27.0, changed=521, unchanged=349, early_stops=8/8
26 - INFO - chord#: 42 In build_straw_man_chord_sa. tolerance = 1, sa_iterations = 1000, initial_temperature = 3.0, cooling_rate = 0.999
26 - INFO - chord#: 40 done. best_score=27.0, changed=522, unchanged=366, early_stops=8/8
26 - INFO - chord#: 42 In build_straw_man_chord_sa. tolerance = 1, sa_iterations = 1000, initial_temperature = 3.0, cooling_rate = 0.999
26 - INFO - chord#: 40 done. best_score=27.0, changed=520, unchanged=374, early_stops=8/8
26 - INFO - chord#: 42 In build_straw_man_chord_sa. tolerance = 1, sa_iterations = 1000, initial_temperature = 3.0, cooling_rate = 0.999
26 - INFO - chord#: 40 done. best_score=27.0, changed=532, unchanged=558, early_stops=8/8
26 - INFO - chord#: 42 In build_straw_man_chord_sa. tolerance = 1, sa_iterations = 1000, initial_temperature = 3.0, cooling_rate = 0.999
26 - INFO - chord#: 42 done. best_score=36.0, changed=518, unchanged=354, early_stops=8/8
26 - INFO - chord#: 44 In build_straw_man_chord_sa. tolerance = 1, sa_iterations = 1000, initial_temperature = 3.0, cooling_rate = 0.999
26 - INFO - chord#: 38 done. best_score=74.0, changed=610, unchanged=238, early_stops=8/8
26 - INFO - chord#: 40 In build_straw_man_chord_sa. tolerance = 1, sa_iterations = 1000, initial_temperature = 3.0, cooling_rate = 0.999
26 - INFO - chord#: 42 done. best_score=36.0, changed=517, unchanged=410, early_stops=8/8
26 - INFO - chord#: 44 In build_straw_man_chord_sa. tolerance = 1, sa_iterations = 1000, initial_temperature = 3.0, cooling_rate = 0.999
26 - INFO - chord#: 42 done. best_score=36.0, changed=524, unchanged=417, early_stops=8/8
26 - INFO - chord#: 44 In build_straw_man_chord_sa. tolerance = 1, sa_iterations = 1000, initial_temperature = 3.0, cooling_rate = 0.999
26 - INFO - chord#: 38 done. best_score=74.0, changed=604, unchanged=285, early_stops=8/8
26 - INFO - chord#: 40 In build_straw_man_chord_sa. tolerance = 1, sa_iterations = 1000, initial_temperature = 3.0, cooling_rate = 0.999
26 - INFO - chord#: 38 done. best_score=74.0, changed=612, unchanged=363, early_stops=8/8
26 - INFO - chord#: 40 In build_straw_man_chord_sa. tolerance = 1, sa_iterations = 1000, initial_temperature = 3.0, cooling_rate = 0.999
26 - INFO - chord#: 42 done. best_score=36.0, changed=520, unchanged=436, early_stops=8/8
26 - INFO - chord#: 44 In build_straw_man_chord_sa. tolerance = 1, sa_iterations = 1000, initial_temperature = 3.0, cooling_rate = 0.999
26 - INFO - chord#: 42 done. best_score=36.0, changed=524, unchanged=414, early_stops=8/8
26 - INFO - chord#: 44 In build_straw_man_chord_sa. tolerance = 1, sa_iterations = 1000, initial_temperature = 3.0, cooling_rate = 0.999
26 - INFO - chord#: 44 done. best_score=27.0, changed=528, unchanged=432, early_stops=8/8
26 - INFO - chord#: 48 In build_straw_man_chord_sa. tolerance = 1, sa_iterations = 1000, initial_temperature = 3.0, cooling_rate = 0.999
26 - INFO - chord#: 40 done. best_score=27.0, changed=521, unchanged=402, early_stops=8/8
26 - INFO - chord#: 42 In build_straw_man_chord_sa. tolerance = 1, sa_iterations = 1000, initial_temperature = 3.0, cooling_rate = 0.999
26 - INFO - chord#: 44 done. best_score=27.0, changed=511, unchanged=342, early_stops=8/8
26 - INFO - chord#: 48 In build_straw_man_chord_sa. tolerance = 1, sa_iterations = 1000, initial_temperature = 3.0, cooling_rate = 0.999
26 - INFO - chord#: 38 done. best_score=96.0, changed=612, unchanged=331, early_stops=8/8
26 - INFO - chord#: 40 In build_straw_man_chord_sa. tolerance = 1, sa_iterations = 1000, initial_temperature = 3.0, cooling_rate = 0.999
26 - INFO - chord#: 38 done. best_score=150.0, changed=613, unchanged=284, early_stops=8/8
26 - INFO - chord#: 40 In build_straw_man_chord_sa. tolerance = 1, sa_iterations = 1000, initial_temperature = 3.0, cooling_rate = 0.999
26 - INFO - chord#: 44 done. best_score=27.0, changed=524, unchanged=489, early_stops=8/8
26 - INFO - chord#: 48 In build_straw_man_chord_sa. tolerance = 1, sa_iterations = 1000, initial_temperature = 3.0, cooling_rate = 0.999
26 - INFO - chord#: 38 done. best_score=74.0, changed=610, unchanged=292, early_stops=8/8
26 - INFO - chord#: 40 In build_straw_man_chord_sa. tolerance = 1, sa_iterations = 1000, initial_temperature = 3.0, cooling_rate = 0.999
26 - INFO - chord#: 40 done. best_score=27.0, changed=524, unchanged=355, early_stops=8/8
26 - INFO - chord#: 42 In build_straw_man_chord_sa. tolerance = 1, sa_iterations = 1000, initial_temperature = 3.0, cooling_rate = 0.999
26 - INFO - chord#: 40 done. best_score=27.0, changed=515, unchanged=411, early_stops=8/8
26 - INFO - chord#: 42 In build_straw_man_chord_sa. tolerance = 1, sa_iterations = 1000, initial_temperature = 3.0, cooling_rate = 0.999
26 - INFO - chord#: 44 done. best_score=27.0, changed=522, unchanged=412, early_stops=8/8
26 - INFO - chord#: 48 In build_straw_man_chord_sa. tolerance = 1, sa_iterations = 1000, initial_temperature = 3.0, cooling_rate = 0.999
26 - INFO - chord#: 42 done. best_score=36.0, changed=528, unchanged=450, early_stops=8/8
26 - INFO - chord#: 44 In build_straw_man_chord_sa. tolerance = 1, sa_iterations = 1000, initial_temperature = 3.0, cooling_rate = 0.999
26 - INFO - chord#: 38 done. best_score=74.0, changed=617, unchanged=357, early_stops=8/8
26 - INFO - chord#: 40 In build_straw_man_chord_sa. tolerance = 1, sa_iterations = 1000, initial_temperature = 3.0, cooling_rate = 0.999
26 - INFO - chord#: 44 done. best_score=27.0, changed=518, unchanged=492, early_stops=8/8
26 - INFO - chord#: 48 In build_straw_man_chord_sa. tolerance = 1, sa_iterations = 1000, initial_temperature = 3.0, cooling_rate = 0.999
26 - INFO - chord#: 40 done. best_score=27.0, changed=515, unchanged=414, early_stops=8/8
26 - INFO - chord#: 42 In build_straw_man_chord_sa. tolerance = 1, sa_iterations = 1000, initial_temperature = 3.0, cooling_rate = 0.999
26 - INFO - chord#: 42 done. best_score=36.0, changed=525, unchanged=466, early_stops=8/8
26 - INFO - chord#: 44 In build_straw_man_chord_sa. tolerance = 1, sa_iterations = 1000, initial_temperature = 3.0, cooling_rate = 0.999
26 - INFO - chord#: 40 done. best_score=27.0, changed=533, unchanged=413, early_stops=8/8
26 - INFO - chord#: 42 In build_straw_man_chord_sa. tolerance = 1, sa_iterations = 1000, initial_temperature = 3.0, cooling_rate = 0.999
26 - INFO - chord#: 42 done. best_score=36.0, changed=518, unchanged=342, early_stops=8/8
26 - INFO - chord#: 44 In build_straw_man_chord_sa. tolerance = 1, sa_iterations = 1000, initial_temperature = 3.0, cooling_rate = 0.999
26 - INFO - chord#: 48 done. best_score=96.0, changed=616, unchanged=278, early_stops=8/8
26 - INFO - chord#: 50 In build_straw_man_chord_sa. tolerance = 1, sa_iterations = 1000, initial_temperature = 3.0, cooling_rate = 0.999
26 - INFO - chord#: 40 done. best_score=27.0, changed=540, unchanged=501, early_stops=8/8
26 - INFO - chord#: 42 In build_straw_man_chord_sa. tolerance = 1, sa_iterations = 1000, initial_temperature = 3.0, cooling_rate = 0.999
26 - INFO - chord#: 44 done. best_score=27.0, changed=519, unchanged=436, early_stops=8/8
26 - INFO - chord#: 48 In build_straw_man_chord_sa. tolerance = 1, sa_iterations = 1000, initial_temperature = 3.0, cooling_rate = 0.999
26 - INFO - chord#: 48 done. best_score=64.0, changed=607, unchanged=311, early_stops=8/8
26 - INFO - chord#: 50 In build_straw_man_chord_sa. tolerance = 1, sa_iterations = 1000, initial_temperature = 3.0, cooling_rate = 0.999
26 - INFO - chord#: 44 done. best_score=27.0, changed=516, unchanged=402, early_stops=8/8
26 - INFO - chord#: 48 In build_straw_man_chord_sa. tolerance = 1, sa_iterations = 1000, initial_temperature = 3.0, cooling_rate = 0.999
26 - INFO - chord#: 50 done. best_score=49.0, changed=527, unchanged=313, early_stops=8/8
26 - INFO - chord#: 52 In build_straw_man_chord_sa. tolerance = 1, sa_iterations = 1000, initial_temperature = 3.0, cooling_rate = 0.999
26 - INFO - chord#: 40 done. best_score=27.0, changed=524, unchanged=535, early_stops=8/8
26 - INFO - chord#: 42 In build_straw_man_chord_sa. tolerance = 1, sa_iterations = 1000, initial_temperature = 3.0, cooling_rate = 0.999
26 - INFO - chord#: 48 done. best_score=125.0, changed=613, unchanged=387, early_stops=8/8
26 - INFO - chord#: 50 In build_straw_man_chord_sa. tolerance = 1, sa_iterations = 1000, initial_temperature = 3.0, cooling_rate = 0.999
26 - INFO - chord#: 48 done. best_score=64.0, changed=613, unchanged=259, early_stops=8/8
26 - INFO - chord#: 50 In build_straw_man_chord_sa. tolerance = 1, sa_iterations = 1000, initial_temperature = 3.0, cooling_rate = 0.999
26 - INFO - chord#: 42 done. best_score=36.0, changed=522, unchanged=381, early_stops=8/8
26 - INFO - chord#: 44 In build_straw_man_chord_sa. tolerance = 1, sa_iterations = 1000, initial_temperature = 3.0, cooling_rate = 0.999
26 - INFO - chord#: 42 done. best_score=36.0, changed=520, unchanged=439, early_stops=8/8
26 - INFO - chord#: 44 In build_straw_man_chord_sa. tolerance = 1, sa_iterations = 1000, initial_temperature = 3.0, cooling_rate = 0.999
26 - INFO - chord#: 42 done. best_score=36.0, changed=516, unchanged=324, early_stops=8/8
26 - INFO - chord#: 44 In build_straw_man_chord_sa. tolerance = 1, sa_iterations = 1000, initial_temperature = 3.0, cooling_rate = 0.999
26 - INFO - chord#: 44 done. best_score=27.0, changed=522, unchanged=420, early_stops=8/8
26 - INFO - chord#: 48 In build_straw_man_chord_sa. tolerance = 1, sa_iterations = 1000, initial_temperature = 3.0, cooling_rate = 0.999
26 - INFO - chord#: 50 done. best_score=37.0, changed=527, unchanged=423, early_stops=8/8
26 - INFO - chord#: 52 In build_straw_man_chord_sa. tolerance = 1, sa_iterations = 1000, initial_temperature = 3.0, cooling_rate = 0.999
26 - INFO - chord#: 50 done. best_score=49.0, changed=523, unchanged=316, early_stops=8/8
26 - INFO - chord#: 52 In build_straw_man_chord_sa. tolerance = 1, sa_iterations = 1000, initial_temperature = 3.0, cooling_rate = 0.999
26 - INFO - chord#: 52 done. best_score=27.0, changed=524, unchanged=397, early_stops=8/8
26 - INFO - chord#: 54 In build_straw_man_chord_sa. tolerance = 1, sa_iterations = 1000, initial_temperature = 3.0, cooling_rate = 0.999
26 - INFO - chord#: 50 done. best_score=37.0, changed=520, unchanged=386, early_stops=8/8
26 - INFO - chord#: 52 In build_straw_man_chord_sa. tolerance = 1, sa_iterations = 1000, initial_temperature = 3.0, cooling_rate = 0.999
26 - INFO - chord#: 48 done. best_score=154.0, changed=610, unchanged=263, early_stops=8/8
26 - INFO - chord#: 50 In build_straw_man_chord_sa. tolerance = 1, sa_iterations = 1000, initial_temperature = 3.0, cooling_rate = 0.999
26 - INFO - chord#: 42 done. best_score=36.0, changed=531, unchanged=374, early_stops=8/8
26 - INFO - chord#: 44 In build_straw_man_chord_sa. tolerance = 1, sa_iterations = 1000, initial_temperature = 3.0, cooling_rate = 0.999
26 - INFO - chord#: 52 done. best_score=27.0, changed=514, unchanged=460, early_stops=8/8
26 - INFO - chord#: 54 In build_straw_man_chord_sa. tolerance = 1, sa_iterations = 1000, initial_temperature = 3.0, cooling_rate = 0.999
26 - INFO - chord#: 48 done. best_score=64.0, changed=610, unchanged=290, early_stops=8/8
26 - INFO - chord#: 50 In build_straw_man_chord_sa. tolerance = 1, sa_iterations = 1000, initial_temperature = 3.0, cooling_rate = 0.999
26 - INFO - chord#: 44 done. best_score=27.0, changed=520, unchanged=366, early_stops=8/8
26 - INFO - chord#: 48 In build_straw_man_chord_sa. tolerance = 1, sa_iterations = 1000, initial_temperature = 3.0, cooling_rate = 0.999
26 - INFO - chord#: 44 done. best_score=27.0, changed=517, unchanged=421, early_stops=8/8
26 - INFO - chord#: 48 In build_straw_man_chord_sa. tolerance = 1, sa_iterations = 1000, initial_temperature = 3.0, cooling_rate = 0.999
26 - INFO - chord#: 44 done. best_score=27.0, changed=519, unchanged=464, early_stops=8/8
26 - INFO - chord#: 48 In build_straw_man_chord_sa. tolerance = 1, sa_iterations = 1000, initial_temperature = 3.0, cooling_rate = 0.999
26 - INFO - chord#: 52 done. best_score=27.0, changed=520, unchanged=494, early_stops=8/8
26 - INFO - chord#: 54 In build_straw_man_chord_sa. tolerance = 1, sa_iterations = 1000, initial_temperature = 3.0, cooling_rate = 0.999
26 - INFO - chord#: 54 done. best_score=47.0, changed=527, unchanged=508, early_stops=8/8
26 - INFO - chord#: 55 In build_straw_man_chord_sa. tolerance = 1, sa_iterations = 1000, initial_temperature = 3.0, cooling_rate = 0.999
26 - INFO - chord#: 52 done. best_score=27.0, changed=517, unchanged=432, early_stops=8/8
26 - INFO - chord#: 54 In build_straw_man_chord_sa. tolerance = 1, sa_iterations = 1000, initial_temperature = 3.0, cooling_rate = 0.999
26 - INFO - chord#: 50 done. best_score=37.0, changed=523, unchanged=464, early_stops=8/8
26 - INFO - chord#: 52 In build_straw_man_chord_sa. tolerance = 1, sa_iterations = 1000, initial_temperature = 3.0, cooling_rate = 0.999
26 - INFO - chord#: 48 done. best_score=125.0, changed=615, unchanged=370, early_stops=8/8
26 - INFO - chord#: 50 In build_straw_man_chord_sa. tolerance = 1, sa_iterations = 1000, initial_temperature = 3.0, cooling_rate = 0.999
26 - INFO - chord#: 50 done. best_score=37.0, changed=531, unchanged=441, early_stops=8/8
26 - INFO - chord#: 52 In build_straw_man_chord_sa. tolerance = 1, sa_iterations = 1000, initial_temperature = 3.0, cooling_rate = 0.999
26 - INFO - chord#: 54 done. best_score=47.0, changed=523, unchanged=414, early_stops=8/8
26 - INFO - chord#: 55 In build_straw_man_chord_sa. tolerance = 1, sa_iterations = 1000, initial_temperature = 3.0, cooling_rate = 0.999
26 - INFO - chord#: 44 done. best_score=27.0, changed=523, unchanged=449, early_stops=8/8
26 - INFO - chord#: 48 In build_straw_man_chord_sa. tolerance = 1, sa_iterations = 1000, initial_temperature = 3.0, cooling_rate = 0.999
26 - INFO - chord#: 54 done. best_score=47.0, changed=527, unchanged=458, early_stops=8/8
26 - INFO - chord#: 55 In build_straw_man_chord_sa. tolerance = 1, sa_iterations = 1000, initial_temperature = 3.0, cooling_rate = 0.999
26 - INFO - chord#: 54 done. best_score=47.0, changed=524, unchanged=406, early_stops=8/8
26 - INFO - chord#: 55 In build_straw_man_chord_sa. tolerance = 1, sa_iterations = 1000, initial_temperature = 3.0, cooling_rate = 0.999
26 - INFO - chord#: 50 done. best_score=49.0, changed=527, unchanged=303, early_stops=8/8
26 - INFO - chord#: 52 In build_straw_man_chord_sa. tolerance = 1, sa_iterations = 1000, initial_temperature = 3.0, cooling_rate = 0.999
26 - INFO - chord#: 48 done. best_score=145.0, changed=611, unchanged=373, early_stops=8/8
26 - INFO - chord#: 50 In build_straw_man_chord_sa. tolerance = 1, sa_iterations = 1000, initial_temperature = 3.0, cooling_rate = 0.999
26 - INFO - chord#: 52 done. best_score=27.0, changed=524, unchanged=383, early_stops=8/8
26 - INFO - chord#: 54 In build_straw_man_chord_sa. tolerance = 1, sa_iterations = 1000, initial_temperature = 3.0, cooling_rate = 0.999
26 - INFO - chord#: 52 done. best_score=27.0, changed=518, unchanged=417, early_stops=8/8
26 - INFO - chord#: 54 In build_straw_man_chord_sa. tolerance = 1, sa_iterations = 1000, initial_temperature = 3.0, cooling_rate = 0.999
26 - INFO - chord#: 55 done. best_score=93.0, changed=616, unchanged=234, early_stops=8/8
26 - INFO - chord#: 56 In build_straw_man_chord_sa. tolerance = 1, sa_iterations = 1000, initial_temperature = 3.0, cooling_rate = 0.999
26 - INFO - chord#: 48 done. best_score=64.0, changed=622, unchanged=275, early_stops=8/8
26 - INFO - chord#: 50 In build_straw_man_chord_sa. tolerance = 1, sa_iterations = 1000, initial_temperature = 3.0, cooling_rate = 0.999
26 - INFO - chord#: 56 done. best_score=9.0, changed=457, unchanged=372, early_stops=8/8
26 - INFO - chord#: 64 In build_straw_man_chord_sa. tolerance = 1, sa_iterations = 1000, initial_temperature = 3.0, cooling_rate = 0.999
26 - INFO - chord#: 50 done. best_score=49.0, changed=521, unchanged=354, early_stops=8/8
26 - INFO - chord#: 54 done. best_score=47.0, changed=527, unchanged=415, early_stops=8/8
26 - INFO - chord#: 52 In build_straw_man_chord_sa. tolerance = 1, sa_iterations = 1000, initial_temperature = 3.0, cooling_rate = 0.999
26 - INFO - chord#: 55 In build_straw_man_chord_sa. tolerance = 1, sa_iterations = 1000, initial_temperature = 3.0, cooling_rate = 0.999
26 - INFO - chord#: 48 done. best_score=157.0, changed=608, unchanged=310, early_stops=8/8
26 - INFO - chord#: 50 In build_straw_man_chord_sa. tolerance = 1, sa_iterations = 1000, initial_temperature = 3.0, cooling_rate = 0.999
26 - INFO - chord#: 48 done. best_score=104.0, changed=618, unchanged=549, early_stops=8/8
26 - INFO - chord#: 50 In build_straw_man_chord_sa. tolerance = 1, sa_iterations = 1000, initial_temperature = 3.0, cooling_rate = 0.999
26 - INFO - chord#: 52 done. best_score=27.0, changed=532, unchanged=523, early_stops=8/8
26 - INFO - chord#: 54 In build_straw_man_chord_sa. tolerance = 1, sa_iterations = 1000, initial_temperature = 3.0, cooling_rate = 0.999
26 - INFO - chord#: 55 done. best_score=113.0, changed=612, unchanged=309, early_stops=8/8
26 - INFO - chord#: 56 In build_straw_man_chord_sa. tolerance = 1, sa_iterations = 1000, initial_temperature = 3.0, cooling_rate = 0.999
26 - INFO - chord#: 54 done. best_score=47.0, changed=533, unchanged=451, early_stops=8/8
26 - INFO - chord#: 55 In build_straw_man_chord_sa. tolerance = 1, sa_iterations = 1000, initial_temperature = 3.0, cooling_rate = 0.999
26 - INFO - chord#: 56 done. best_score=9.0, changed=459, unchanged=357, early_stops=8/8
26 - INFO - chord#: 64 In build_straw_man_chord_sa. tolerance = 1, sa_iterations = 1000, initial_temperature = 3.0, cooling_rate = 0.999
26 - INFO - chord#: 50 done. best_score=37.0, changed=518, unchanged=403, early_stops=8/8
26 - INFO - chord#: 52 In build_straw_man_chord_sa. tolerance = 1, sa_iterations = 1000, initial_temperature = 3.0, cooling_rate = 0.999
26 - INFO - chord#: 64 done. best_score=27.0, changed=518, unchanged=337, early_stops=8/8
26 - INFO - chord#: 72 In build_straw_man_chord_sa. tolerance = 1, sa_iterations = 1000, initial_temperature = 3.0, cooling_rate = 0.999
26 - INFO - chord#: 50 done. best_score=37.0, changed=520, unchanged=347, early_stops=8/8
26 - INFO - chord#: 52 In build_straw_man_chord_sa. tolerance = 1, sa_iterations = 1000, initial_temperature = 3.0, cooling_rate = 0.999
26 - INFO - chord#: 55 done. best_score=134.0, changed=612, unchanged=311, early_stops=8/8
26 - INFO - chord#: 56 In build_straw_man_chord_sa. tolerance = 1, sa_iterations = 1000, initial_temperature = 3.0, cooling_rate = 0.999
26 - INFO - chord#: 50 done. best_score=37.0, changed=520, unchanged=321, early_stops=8/8
26 - INFO - chord#: 52 In build_straw_man_chord_sa. tolerance = 1, sa_iterations = 1000, initial_temperature = 3.0, cooling_rate = 0.999
26 - INFO - chord#: 55 done. best_score=111.0, changed=611, unchanged=399, early_stops=8/8
26 - INFO - chord#: 56 In build_straw_man_chord_sa. tolerance = 1, sa_iterations = 1000, initial_temperature = 3.0, cooling_rate = 0.999
26 - INFO - chord#: 56 done. best_score=9.0, changed=482, unchanged=368, early_stops=8/8
26 - INFO - chord#: 64 In build_straw_man_chord_sa. tolerance = 1, sa_iterations = 1000, initial_temperature = 3.0, cooling_rate = 0.999
26 - INFO - chord#: 48 done. best_score=157.0, changed=614, unchanged=436, early_stops=8/8
26 - INFO - chord#: 50 In build_straw_man_chord_sa. tolerance = 1, sa_iterations = 1000, initial_temperature = 3.0, cooling_rate = 0.999
26 - INFO - chord#: 56 done. best_score=9.0, changed=453, unchanged=399, early_stops=8/8
26 - INFO - chord#: 64 In build_straw_man_chord_sa. tolerance = 1, sa_iterations = 1000, initial_temperature = 3.0, cooling_rate = 0.999
26 - INFO - chord#: 54 done. best_score=47.0, changed=531, unchanged=410, early_stops=8/8
26 - INFO - chord#: 55 In build_straw_man_chord_sa. tolerance = 1, sa_iterations = 1000, initial_temperature = 3.0, cooling_rate = 0.999
26 - INFO - chord#: 52 done. best_score=27.0, changed=525, unchanged=550, early_stops=8/8
26 - INFO - chord#: 54 In build_straw_man_chord_sa. tolerance = 1, sa_iterations = 1000, initial_temperature = 3.0, cooling_rate = 0.999
26 - INFO - chord#: 64 done. best_score=27.0, changed=513, unchanged=321, early_stops=8/8
26 - INFO - chord#: 72 In build_straw_man_chord_sa. tolerance = 1, sa_iterations = 1000, initial_temperature = 3.0, cooling_rate = 0.999
26 - INFO - chord#: 72 done. best_score=27.0, changed=525, unchanged=438, early_stops=8/8
26 - INFO - chord#: 74 In build_straw_man_chord_sa. tolerance = 1, sa_iterations = 1000, initial_temperature = 3.0, cooling_rate = 0.999
26 - INFO - chord#: 52 done. best_score=27.0, changed=520, unchanged=397, early_stops=8/8
26 - INFO - chord#: 54 In build_straw_man_chord_sa. tolerance = 1, sa_iterations = 1000, initial_temperature = 3.0, cooling_rate = 0.999
26 - INFO - chord#: 52 done. best_score=27.0, changed=514, unchanged=386, early_stops=8/8
26 - INFO - chord#: 54 In build_straw_man_chord_sa. tolerance = 1, sa_iterations = 1000, initial_temperature = 3.0, cooling_rate = 0.999
26 - INFO - chord#: 52 done. best_score=27.0, changed=517, unchanged=345, early_stops=8/8
26 - INFO - chord#: 64 done. best_score=27.0, changed=521, unchanged=374, early_stops=8/8
26 - INFO - chord#: 54 In build_straw_man_chord_sa. tolerance = 1, sa_iterations = 1000, initial_temperature = 3.0, cooling_rate = 0.999
26 - INFO - chord#: 72 In build_straw_man_chord_sa. tolerance = 1, sa_iterations = 1000, initial_temperature = 3.0, cooling_rate = 0.999
26 - INFO - chord#: 64 done. best_score=27.0, changed=524, unchanged=402, early_stops=8/8
26 - INFO - chord#: 72 In build_straw_man_chord_sa. tolerance = 1, sa_iterations = 1000, initial_temperature = 3.0, cooling_rate = 0.999
26 - INFO - chord#: 72 done. best_score=27.0, changed=540, unchanged=489, early_stops=8/8
26 - INFO - chord#: 74 In build_straw_man_chord_sa. tolerance = 1, sa_iterations = 1000, initial_temperature = 3.0, cooling_rate = 0.999
26 - INFO - chord#: 50 done. best_score=37.0, changed=518, unchanged=416, early_stops=8/8
26 - INFO - chord#: 52 In build_straw_man_chord_sa. tolerance = 1, sa_iterations = 1000, initial_temperature = 3.0, cooling_rate = 0.999
26 - INFO - chord#: 54 done. best_score=47.0, changed=522, unchanged=412, early_stops=8/8
26 - INFO - chord#: 55 In build_straw_man_chord_sa. tolerance = 1, sa_iterations = 1000, initial_temperature = 3.0, cooling_rate = 0.999
26 - INFO - chord#: 55 done. best_score=111.0, changed=615, unchanged=339, early_stops=8/8
26 - INFO - chord#: 56 In build_straw_man_chord_sa. tolerance = 1, sa_iterations = 1000, initial_temperature = 3.0, cooling_rate = 0.999
26 - INFO - chord#: 74 done. best_score=48.0, changed=531, unchanged=371, early_stops=8/8
26 - INFO - chord#: 76 In build_straw_man_chord_sa. tolerance = 1, sa_iterations = 1000, initial_temperature = 3.0, cooling_rate = 0.999
26 - INFO - chord#: 56 done. best_score=9.0, changed=472, unchanged=345, early_stops=8/8
26 - INFO - chord#: 64 In build_straw_man_chord_sa. tolerance = 1, sa_iterations = 1000, initial_temperature = 3.0, cooling_rate = 0.999
26 - INFO - chord#: 54 done. best_score=47.0, changed=526, unchanged=612, early_stops=8/8
26 - INFO - chord#: 55 In build_straw_man_chord_sa. tolerance = 1, sa_iterations = 1000, initial_temperature = 3.0, cooling_rate = 0.999
26 - INFO - chord#: 72 done. best_score=27.0, changed=518, unchanged=394, early_stops=8/8
26 - INFO - chord#: 74 In build_straw_man_chord_sa. tolerance = 1, sa_iterations = 1000, initial_temperature = 3.0, cooling_rate = 0.999
26 - INFO - chord#: 72 done. best_score=27.0, changed=521, unchanged=407, early_stops=8/8
26 - INFO - chord#: 74 In build_straw_man_chord_sa. tolerance = 1, sa_iterations = 1000, initial_temperature = 3.0, cooling_rate = 0.999
26 - INFO - chord#: 54 done. best_score=47.0, changed=525, unchanged=481, early_stops=8/8
26 - INFO - chord#: 55 In build_straw_man_chord_sa. tolerance = 1, sa_iterations = 1000, initial_temperature = 3.0, cooling_rate = 0.999
26 - INFO - chord#: 74 done. best_score=48.0, changed=526, unchanged=367, early_stops=8/8
26 - INFO - chord#: 76 In build_straw_man_chord_sa. tolerance = 1, sa_iterations = 1000, initial_temperature = 3.0, cooling_rate = 0.999
26 - INFO - chord#: 54 done. best_score=47.0, changed=529, unchanged=472, early_stops=8/8
26 - INFO - chord#: 55 In build_straw_man_chord_sa. tolerance = 1, sa_iterations = 1000, initial_temperature = 3.0, cooling_rate = 0.999
26 - INFO - chord#: 55 done. best_score=111.0, changed=611, unchanged=386, early_stops=8/8
26 - INFO - chord#: 56 In build_straw_man_chord_sa. tolerance = 1, sa_iterations = 1000, initial_temperature = 3.0, cooling_rate = 0.999
26 - INFO - chord#: 56 done. best_score=9.0, changed=464, unchanged=399, early_stops=8/8
26 - INFO - chord#: 64 In build_straw_man_chord_sa. tolerance = 1, sa_iterations = 1000, initial_temperature = 3.0, cooling_rate = 0.999
26 - INFO - chord#: 76 done. best_score=27.0, changed=526, unchanged=434, early_stops=8/8
26 - INFO - chord#: 78 In build_straw_man_chord_sa. tolerance = 1, sa_iterations = 1000, initial_temperature = 3.0, cooling_rate = 0.999
26 - INFO - chord#: 52 done. best_score=27.0, changed=521, unchanged=543, early_stops=8/8
26 - INFO - chord#: 54 In build_straw_man_chord_sa. tolerance = 1, sa_iterations = 1000, initial_temperature = 3.0, cooling_rate = 0.999
26 - INFO - chord#: 55 done. best_score=111.0, changed=607, unchanged=277, early_stops=8/8
26 - INFO - chord#: 56 In build_straw_man_chord_sa. tolerance = 1, sa_iterations = 1000, initial_temperature = 3.0, cooling_rate = 0.999
26 - INFO - chord#: 74 done. best_score=48.0, changed=522, unchanged=339, early_stops=8/8
26 - INFO - chord#: 76 In build_straw_man_chord_sa. tolerance = 1, sa_iterations = 1000, initial_temperature = 3.0, cooling_rate = 0.999
26 - INFO - chord#: 74 done. best_score=48.0, changed=520, unchanged=423, early_stops=8/8
26 - INFO - chord#: 76 In build_straw_man_chord_sa. tolerance = 1, sa_iterations = 1000, initial_temperature = 3.0, cooling_rate = 0.999
26 - INFO - chord#: 56 done. best_score=9.0, changed=469, unchanged=372, early_stops=8/8
26 - INFO - chord#: 64 In build_straw_man_chord_sa. tolerance = 1, sa_iterations = 1000, initial_temperature = 3.0, cooling_rate = 0.999
26 - INFO - chord#: 64 done. best_score=27.0, changed=517, unchanged=472, early_stops=8/8
26 - INFO - chord#: 72 In build_straw_man_chord_sa. tolerance = 1, sa_iterations = 1000, initial_temperature = 3.0, cooling_rate = 0.999
26 - INFO - chord#: 76 done. best_score=27.0, changed=526, unchanged=406, early_stops=8/8
26 - INFO - chord#: 78 In build_straw_man_chord_sa. tolerance = 1, sa_iterations = 1000, initial_temperature = 3.0, cooling_rate = 0.999
26 - INFO - chord#: 78 done. best_score=27.0, changed=524, unchanged=545, early_stops=8/8
26 - INFO - chord#: 80 In build_straw_man_chord_sa. tolerance = 1, sa_iterations = 1000, initial_temperature = 3.0, cooling_rate = 0.999
26 - INFO - chord#: 64 done. best_score=27.0, changed=516, unchanged=365, early_stops=8/8
26 - INFO - chord#: 72 In build_straw_man_chord_sa. tolerance = 1, sa_iterations = 1000, initial_temperature = 3.0, cooling_rate = 0.999
26 - INFO - chord#: 54 done. best_score=47.0, changed=525, unchanged=383, early_stops=8/8
26 - INFO - chord#: 55 In build_straw_man_chord_sa. tolerance = 1, sa_iterations = 1000, initial_temperature = 3.0, cooling_rate = 0.999
26 - INFO - chord#: 76 done. best_score=27.0, changed=522, unchanged=428, early_stops=8/8
26 - INFO - chord#: 78 In build_straw_man_chord_sa. tolerance = 1, sa_iterations = 1000, initial_temperature = 3.0, cooling_rate = 0.999
26 - INFO - chord#: 55 done. best_score=93.0, changed=611, unchanged=318, early_stops=8/8
26 - INFO - chord#: 56 In build_straw_man_chord_sa. tolerance = 1, sa_iterations = 1000, initial_temperature = 3.0, cooling_rate = 0.999
26 - INFO - chord#: 76 done. best_score=27.0, changed=517, unchanged=457, early_stops=8/8
26 - INFO - chord#: 78 In build_straw_man_chord_sa. tolerance = 1, sa_iterations = 1000, initial_temperature = 3.0, cooling_rate = 0.999
26 - INFO - chord#: 56 done. best_score=9.0, changed=460, unchanged=409, early_stops=8/8
26 - INFO - chord#: 64 In build_straw_man_chord_sa. tolerance = 1, sa_iterations = 1000, initial_temperature = 3.0, cooling_rate = 0.999
26 - INFO - chord#: 64 done. best_score=27.0, changed=517, unchanged=358, early_stops=8/8
26 - INFO - chord#: 72 In build_straw_man_chord_sa. tolerance = 1, sa_iterations = 1000, initial_temperature = 3.0, cooling_rate = 0.999
26 - INFO - chord#: 78 done. best_score=27.0, changed=526, unchanged=539, early_stops=8/8
26 - INFO - chord#: 80 In build_straw_man_chord_sa. tolerance = 1, sa_iterations = 1000, initial_temperature = 3.0, cooling_rate = 0.999
26 - INFO - chord#: 72 done. best_score=27.0, changed=523, unchanged=371, early_stops=8/8
26 - INFO - chord#: 74 In build_straw_man_chord_sa. tolerance = 1, sa_iterations = 1000, initial_temperature = 3.0, cooling_rate = 0.999
26 - INFO - chord#: 55 done. best_score=116.0, changed=617, unchanged=363, early_stops=8/8
26 - INFO - chord#: 56 In build_straw_man_chord_sa. tolerance = 1, sa_iterations = 1000, initial_temperature = 3.0, cooling_rate = 0.999
26 - INFO - chord#: 55 done. best_score=134.0, changed=614, unchanged=394, early_stops=8/8
26 - INFO - chord#: 56 In build_straw_man_chord_sa. tolerance = 1, sa_iterations = 1000, initial_temperature = 3.0, cooling_rate = 0.999
26 - INFO - chord#: 56 done. best_score=9.0, changed=468, unchanged=354, early_stops=8/8
26 - INFO - chord#: 64 In build_straw_man_chord_sa. tolerance = 1, sa_iterations = 1000, initial_temperature = 3.0, cooling_rate = 0.999
26 - INFO - chord#: 78 done. best_score=27.0, changed=522, unchanged=434, early_stops=8/8
26 - INFO - chord#: 80 In build_straw_man_chord_sa. tolerance = 1, sa_iterations = 1000, initial_temperature = 3.0, cooling_rate = 0.999
26 - INFO - chord#: 78 done. best_score=27.0, changed=522, unchanged=473, early_stops=8/8
26 - INFO - chord#: 80 In build_straw_man_chord_sa. tolerance = 1, sa_iterations = 1000, initial_temperature = 3.0, cooling_rate = 0.999
26 - INFO - chord#: 56 done. best_score=9.0, changed=467, unchanged=381, early_stops=8/8
26 - INFO - chord#: 64 In build_straw_man_chord_sa. tolerance = 1, sa_iterations = 1000, initial_temperature = 3.0, cooling_rate = 0.999
26 - INFO - chord#: 55 done. best_score=134.0, changed=609, unchanged=266, early_stops=8/8
26 - INFO - chord#: 56 In build_straw_man_chord_sa. tolerance = 1, sa_iterations = 1000, initial_temperature = 3.0, cooling_rate = 0.999
26 - INFO - chord#: 72 done. best_score=27.0, changed=521, unchanged=442, early_stops=8/8
26 - INFO - chord#: 74 In build_straw_man_chord_sa. tolerance = 1, sa_iterations = 1000, initial_temperature = 3.0, cooling_rate = 0.999
26 - INFO - chord#: 64 done. best_score=27.0, changed=519, unchanged=362, early_stops=8/8
26 - INFO - chord#: 72 In build_straw_man_chord_sa. tolerance = 1, sa_iterations = 1000, initial_temperature = 3.0, cooling_rate = 0.999
26 - INFO - chord#: 56 done. best_score=9.0, changed=469, unchanged=354, early_stops=8/8
26 - INFO - chord#: 64 In build_straw_man_chord_sa. tolerance = 1, sa_iterations = 1000, initial_temperature = 3.0, cooling_rate = 0.999
26 - INFO - chord#: 74 done. best_score=48.0, changed=527, unchanged=318, early_stops=8/8
26 - INFO - chord#: 76 In build_straw_man_chord_sa. tolerance = 1, sa_iterations = 1000, initial_temperature = 3.0, cooling_rate = 0.999
26 - INFO - chord#: 72 done. best_score=27.0, changed=527, unchanged=565, early_stops=8/8
26 - INFO - chord#: 74 In build_straw_man_chord_sa. tolerance = 1, sa_iterations = 1000, initial_temperature = 3.0, cooling_rate = 0.999
26 - INFO - chord#: 64 done. best_score=27.0, changed=520, unchanged=363, early_stops=8/8
26 - INFO - chord#: 72 In build_straw_man_chord_sa. tolerance = 1, sa_iterations = 1000, initial_temperature = 3.0, cooling_rate = 0.999
26 - INFO - chord#: 80 done. best_score=64.0, changed=610, unchanged=348, early_stops=8/8
26 - INFO - chord#: 84 In build_straw_man_chord_sa. tolerance = 1, sa_iterations = 1000, initial_temperature = 3.0, cooling_rate = 0.999
26 - INFO - chord#: 64 done. best_score=27.0, changed=520, unchanged=420, early_stops=8/8
26 - INFO - chord#: 72 In build_straw_man_chord_sa. tolerance = 1, sa_iterations = 1000, initial_temperature = 3.0, cooling_rate = 0.999
26 - INFO - chord#: 72 done. best_score=27.0, changed=521, unchanged=401, early_stops=8/8
26 - INFO - chord#: 74 In build_straw_man_chord_sa. tolerance = 1, sa_iterations = 1000, initial_temperature = 3.0, cooling_rate = 0.999
26 - INFO - chord#: 74 done. best_score=48.0, changed=540, unchanged=328, early_stops=8/8
26 - INFO - chord#: 76 In build_straw_man_chord_sa. tolerance = 1, sa_iterations = 1000, initial_temperature = 3.0, cooling_rate = 0.999
26 - INFO - chord#: 64 done. best_score=27.0, changed=512, unchanged=322, early_stops=8/8
26 - INFO - chord#: 72 In build_straw_man_chord_sa. tolerance = 1, sa_iterations = 1000, initial_temperature = 3.0, cooling_rate = 0.999
26 - INFO - chord#: 80 done. best_score=64.0, changed=612, unchanged=315, early_stops=8/8
26 - INFO - chord#: 84 In build_straw_man_chord_sa. tolerance = 1, sa_iterations = 1000, initial_temperature = 3.0, cooling_rate = 0.999
26 - INFO - chord#: 84 done. best_score=31.0, changed=525, unchanged=318, early_stops=8/8
26 - INFO - chord#: 86 In build_straw_man_chord_sa. tolerance = 1, sa_iterations = 1000, initial_temperature = 3.0, cooling_rate = 0.999
26 - INFO - chord#: 76 done. best_score=27.0, changed=523, unchanged=449, early_stops=8/8
26 - INFO - chord#: 78 In build_straw_man_chord_sa. tolerance = 1, sa_iterations = 1000, initial_temperature = 3.0, cooling_rate = 0.999
26 - INFO - chord#: 74 done. best_score=48.0, changed=535, unchanged=358, early_stops=8/8
26 - INFO - chord#: 76 In build_straw_man_chord_sa. tolerance = 1, sa_iterations = 1000, initial_temperature = 3.0, cooling_rate = 0.999
26 - INFO - chord#: 72 done. best_score=27.0, changed=521, unchanged=516, early_stops=8/8
26 - INFO - chord#: 74 In build_straw_man_chord_sa. tolerance = 1, sa_iterations = 1000, initial_temperature = 3.0, cooling_rate = 0.999
26 - INFO - chord#: 74 done. best_score=48.0, changed=519, unchanged=366, early_stops=8/8
26 - INFO - chord#: 76 In build_straw_man_chord_sa. tolerance = 1, sa_iterations = 1000, initial_temperature = 3.0, cooling_rate = 0.999
26 - INFO - chord#: 80 done. best_score=145.0, changed=612, unchanged=331, early_stops=8/8
26 - INFO - chord#: 84 In build_straw_man_chord_sa. tolerance = 1, sa_iterations = 1000, initial_temperature = 3.0, cooling_rate = 0.999
26 - INFO - chord#: 55 done. best_score=105.0, changed=612, unchanged=408, early_stops=8/8
26 - INFO - chord#: 56 In build_straw_man_chord_sa. tolerance = 1, sa_iterations = 1000, initial_temperature = 3.0, cooling_rate = 0.999
26 - INFO - chord#: 72 done. best_score=27.0, changed=518, unchanged=396, early_stops=8/8
26 - INFO - chord#: 74 In build_straw_man_chord_sa. tolerance = 1, sa_iterations = 1000, initial_temperature = 3.0, cooling_rate = 0.999
26 - INFO - chord#: 76 done. best_score=27.0, changed=519, unchanged=386, early_stops=8/8
26 - INFO - chord#: 78 In build_straw_man_chord_sa. tolerance = 1, sa_iterations = 1000, initial_temperature = 3.0, cooling_rate = 0.999
26 - INFO - chord#: 80 done. best_score=71.0, changed=612, unchanged=422, early_stops=8/8
26 - INFO - chord#: 84 In build_straw_man_chord_sa. tolerance = 1, sa_iterations = 1000, initial_temperature = 3.0, cooling_rate = 0.999
26 - INFO - chord#: 56 done. best_score=9.0, changed=450, unchanged=364, early_stops=8/8
26 - INFO - chord#: 64 In build_straw_man_chord_sa. tolerance = 1, sa_iterations = 1000, initial_temperature = 3.0, cooling_rate = 0.999
26 - INFO - chord#: 84 done. best_score=31.0, changed=526, unchanged=365, early_stops=8/8
26 - INFO - chord#: 86 In build_straw_man_chord_sa. tolerance = 1, sa_iterations = 1000, initial_temperature = 3.0, cooling_rate = 0.999
26 - INFO - chord#: 72 done. best_score=27.0, changed=525, unchanged=413, early_stops=8/8
26 - INFO - chord#: 74 In build_straw_man_chord_sa. tolerance = 1, sa_iterations = 1000, initial_temperature = 3.0, cooling_rate = 0.999
26 - INFO - chord#: 78 done. best_score=27.0, changed=508, unchanged=331, early_stops=8/8
26 - INFO - chord#: 80 In build_straw_man_chord_sa. tolerance = 1, sa_iterations = 1000, initial_temperature = 3.0, cooling_rate = 0.999
26 - INFO - chord#: 74 done. best_score=48.0, changed=525, unchanged=382, early_stops=8/8
26 - INFO - chord#: 76 In build_straw_man_chord_sa. tolerance = 1, sa_iterations = 1000, initial_temperature = 3.0, cooling_rate = 0.999
26 - INFO - chord#: 76 done. best_score=27.0, changed=518, unchanged=385, early_stops=8/8
26 - INFO - chord#: 78 In build_straw_man_chord_sa. tolerance = 1, sa_iterations = 1000, initial_temperature = 3.0, cooling_rate = 0.999
26 - INFO - chord#: 84 done. best_score=31.0, changed=520, unchanged=314, early_stops=8/8
26 - INFO - chord#: 86 In build_straw_man_chord_sa. tolerance = 1, sa_iterations = 1000, initial_temperature = 3.0, cooling_rate = 0.999
26 - INFO - chord#: 76 done. best_score=27.0, changed=527, unchanged=496, early_stops=8/8
26 - INFO - chord#: 78 In build_straw_man_chord_sa. tolerance = 1, sa_iterations = 1000, initial_temperature = 3.0, cooling_rate = 0.999
26 - INFO - chord#: 84 done. best_score=31.0, changed=546, unchanged=333, early_stops=8/8
26 - INFO - chord#: 86 In build_straw_man_chord_sa. tolerance = 1, sa_iterations = 1000, initial_temperature = 3.0, cooling_rate = 0.999
26 - INFO - chord#: 78 done. best_score=27.0, changed=521, unchanged=347, early_stops=8/8
26 - INFO - chord#: 80 In build_straw_man_chord_sa. tolerance = 1, sa_iterations = 1000, initial_temperature = 3.0, cooling_rate = 0.999
26 - INFO - chord#: 74 done. best_score=48.0, changed=530, unchanged=390, early_stops=8/8
26 - INFO - chord#: 76 In build_straw_man_chord_sa. tolerance = 1, sa_iterations = 1000, initial_temperature = 3.0, cooling_rate = 0.999
26 - INFO - chord#: 64 done. best_score=27.0, changed=526, unchanged=452, early_stops=8/8
26 - INFO - chord#: 72 In build_straw_man_chord_sa. tolerance = 1, sa_iterations = 1000, initial_temperature = 3.0, cooling_rate = 0.999
26 - INFO - chord#: 74 done. best_score=48.0, changed=531, unchanged=384, early_stops=8/8
26 - INFO - chord#: 76 In build_straw_man_chord_sa. tolerance = 1, sa_iterations = 1000, initial_temperature = 3.0, cooling_rate = 0.999
26 - INFO - chord#: 76 done. best_score=27.0, changed=519, unchanged=336, early_stops=8/8
26 - INFO - chord#: 78 In build_straw_man_chord_sa. tolerance = 1, sa_iterations = 1000, initial_temperature = 3.0, cooling_rate = 0.999
26 - INFO - chord#: 78 done. best_score=27.0, changed=526, unchanged=510, early_stops=8/8
26 - INFO - chord#: 80 In build_straw_man_chord_sa. tolerance = 1, sa_iterations = 1000, initial_temperature = 3.0, cooling_rate = 0.999
26 - INFO - chord#: 78 done. best_score=27.0, changed=537, unchanged=441, early_stops=8/8
26 - INFO - chord#: 80 In build_straw_man_chord_sa. tolerance = 1, sa_iterations = 1000, initial_temperature = 3.0, cooling_rate = 0.999
26 - INFO - chord#: 86 done. best_score=145.0, changed=616, unchanged=410, early_stops=8/8
26 - INFO - chord#: 88 In build_straw_man_chord_sa. tolerance = 1, sa_iterations = 1000, initial_temperature = 3.0, cooling_rate = 0.999
26 - INFO - chord#: 88 done. best_score=9.0, changed=468, unchanged=345, early_stops=8/8
26 - INFO - chord#: 96 In build_straw_man_chord_sa. tolerance = 1, sa_iterations = 1000, initial_temperature = 3.0, cooling_rate = 0.999
26 - INFO - chord#: 86 done. best_score=67.0, changed=615, unchanged=317, early_stops=8/8
26 - INFO - chord#: 88 In build_straw_man_chord_sa. tolerance = 1, sa_iterations = 1000, initial_temperature = 3.0, cooling_rate = 0.999
26 - INFO - chord#: 78 done. best_score=27.0, changed=517, unchanged=377, early_stops=8/8
26 - INFO - chord#: 80 In build_straw_man_chord_sa. tolerance = 1, sa_iterations = 1000, initial_temperature = 3.0, cooling_rate = 0.999
26 - INFO - chord#: 88 done. best_score=9.0, changed=450, unchanged=376, early_stops=8/8
26 - INFO - chord#: 96 In build_straw_man_chord_sa. tolerance = 1, sa_iterations = 1000, initial_temperature = 3.0, cooling_rate = 0.999
26 - INFO - chord#: 76 done. best_score=27.0, changed=526, unchanged=418, early_stops=8/8
26 - INFO - chord#: 78 In build_straw_man_chord_sa. tolerance = 1, sa_iterations = 1000, initial_temperature = 3.0, cooling_rate = 0.999
26 - INFO - chord#: 72 done. best_score=27.0, changed=519, unchanged=438, early_stops=8/8
26 - INFO - chord#: 74 In build_straw_man_chord_sa. tolerance = 1, sa_iterations = 1000, initial_temperature = 3.0, cooling_rate = 0.999
26 - INFO - chord#: 76 done. best_score=27.0, changed=520, unchanged=426, early_stops=8/8
26 - INFO - chord#: 78 In build_straw_man_chord_sa. tolerance = 1, sa_iterations = 1000, initial_temperature = 3.0, cooling_rate = 0.999
26 - INFO - chord#: 96 done. best_score=27.0, changed=524, unchanged=502, early_stops=8/8
26 - INFO - chord#: 98 In build_straw_man_chord_sa. tolerance = 1, sa_iterations = 1000, initial_temperature = 3.0, cooling_rate = 0.999
26 - INFO - chord#: 80 done. best_score=145.0, changed=613, unchanged=312, early_stops=8/8
26 - INFO - chord#: 84 In build_straw_man_chord_sa. tolerance = 1, sa_iterations = 1000, initial_temperature = 3.0, cooling_rate = 0.999
26 - INFO - chord#: 86 done. best_score=67.0, changed=619, unchanged=455, early_stops=8/8
26 - INFO - chord#: 88 In build_straw_man_chord_sa. tolerance = 1, sa_iterations = 1000, initial_temperature = 3.0, cooling_rate = 0.999
26 - INFO - chord#: 86 done. best_score=137.0, changed=618, unchanged=416, early_stops=8/8
26 - INFO - chord#: 88 In build_straw_man_chord_sa. tolerance = 1, sa_iterations = 1000, initial_temperature = 3.0, cooling_rate = 0.999
26 - INFO - chord#: 88 done. best_score=9.0, changed=462, unchanged=359, early_stops=8/8
26 - INFO - chord#: 96 In build_straw_man_chord_sa. tolerance = 1, sa_iterations = 1000, initial_temperature = 3.0, cooling_rate = 0.999
26 - INFO - chord#: 96 done. best_score=27.0, changed=523, unchanged=472, early_stops=8/8
26 - INFO - chord#: 98 In build_straw_man_chord_sa. tolerance = 1, sa_iterations = 1000, initial_temperature = 3.0, cooling_rate = 0.999
26 - INFO - chord#: 80 done. best_score=146.0, changed=607, unchanged=208, early_stops=8/8
26 - INFO - chord#: 84 In build_straw_man_chord_sa. tolerance = 1, sa_iterations = 1000, initial_temperature = 3.0, cooling_rate = 0.999
26 - INFO - chord#: 88 done. best_score=9.0, changed=465, unchanged=387, early_stops=8/8
26 - INFO - chord#: 96 In build_straw_man_chord_sa. tolerance = 1, sa_iterations = 1000, initial_temperature = 3.0, cooling_rate = 0.999
26 - INFO - chord#: 74 done. best_score=48.0, changed=521, unchanged=362, early_stops=8/8
26 - INFO - chord#: 76 In build_straw_man_chord_sa. tolerance = 1, sa_iterations = 1000, initial_temperature = 3.0, cooling_rate = 0.999
26 - INFO - chord#: 78 done. best_score=27.0, changed=533, unchanged=376, early_stops=8/8
26 - INFO - chord#: 80 In build_straw_man_chord_sa. tolerance = 1, sa_iterations = 1000, initial_temperature = 3.0, cooling_rate = 0.999
26 - INFO - chord#: 78 done. best_score=27.0, changed=519, unchanged=474, early_stops=8/8
26 - INFO - chord#: 80 In build_straw_man_chord_sa. tolerance = 1, sa_iterations = 1000, initial_temperature = 3.0, cooling_rate = 0.999
26 - INFO - chord#: 80 done. best_score=96.0, changed=610, unchanged=359, early_stops=8/8
26 - INFO - chord#: 84 In build_straw_man_chord_sa. tolerance = 1, sa_iterations = 1000, initial_temperature = 3.0, cooling_rate = 0.999
26 - INFO - chord#: 80 done. best_score=64.0, changed=609, unchanged=273, early_stops=8/8
26 - INFO - chord#: 84 In build_straw_man_chord_sa. tolerance = 1, sa_iterations = 1000, initial_temperature = 3.0, cooling_rate = 0.999
26 - INFO - chord#: 96 done. best_score=27.0, changed=515, unchanged=385, early_stops=8/8
26 - INFO - chord#: 98 In build_straw_man_chord_sa. tolerance = 1, sa_iterations = 1000, initial_temperature = 3.0, cooling_rate = 0.999
26 - INFO - chord#: 84 done. best_score=31.0, changed=520, unchanged=367, early_stops=8/8
26 - INFO - chord#: 86 In build_straw_man_chord_sa. tolerance = 1, sa_iterations = 1000, initial_temperature = 3.0, cooling_rate = 0.999
26 - INFO - chord#: 84 done. best_score=31.0, changed=535, unchanged=536, early_stops=8/8
26 - INFO - chord#: 86 In build_straw_man_chord_sa. tolerance = 1, sa_iterations = 1000, initial_temperature = 3.0, cooling_rate = 0.999
26 - INFO - chord#: 96 done. best_score=27.0, changed=521, unchanged=476, early_stops=8/8
26 - INFO - chord#: 98 In build_straw_man_chord_sa. tolerance = 1, sa_iterations = 1000, initial_temperature = 3.0, cooling_rate = 0.999
26 - INFO - chord#: 80 done. best_score=71.0, changed=616, unchanged=358, early_stops=8/8
26 - INFO - chord#: 84 In build_straw_man_chord_sa. tolerance = 1, sa_iterations = 1000, initial_temperature = 3.0, cooling_rate = 0.999
26 - INFO - chord#: 84 done. best_score=31.0, changed=537, unchanged=332, early_stops=8/8
26 - INFO - chord#: 86 In build_straw_man_chord_sa. tolerance = 1, sa_iterations = 1000, initial_temperature = 3.0, cooling_rate = 0.999
26 - INFO - chord#: 76 done. best_score=27.0, changed=521, unchanged=349, early_stops=8/8
26 - INFO - chord#: 78 In build_straw_man_chord_sa. tolerance = 1, sa_iterations = 1000, initial_temperature = 3.0, cooling_rate = 0.999
26 - INFO - chord#: 98 done. best_score=97.0, changed=610, unchanged=335, early_stops=8/8
26 - INFO - chord#: 100 In build_straw_man_chord_sa. tolerance = 1, sa_iterations = 1000, initial_temperature = 3.0, cooling_rate = 0.999
26 - INFO - chord#: 84 done. best_score=31.0, changed=534, unchanged=358, early_stops=8/8
26 - INFO - chord#: 86 In build_straw_man_chord_sa. tolerance = 1, sa_iterations = 1000, initial_temperature = 3.0, cooling_rate = 0.999
26 - INFO - chord#: 84 done. best_score=31.0, changed=521, unchanged=359, early_stops=8/8
26 - INFO - chord#: 86 In build_straw_man_chord_sa. tolerance = 1, sa_iterations = 1000, initial_temperature = 3.0, cooling_rate = 0.999
26 - INFO - chord#: 98 done. best_score=146.0, changed=609, unchanged=389, early_stops=8/8
26 - INFO - chord#: 100 In build_straw_man_chord_sa. tolerance = 1, sa_iterations = 1000, initial_temperature = 3.0, cooling_rate = 0.999
26 - INFO - chord#: 78 done. best_score=27.0, changed=520, unchanged=330, early_stops=8/8
26 - INFO - chord#: 80 In build_straw_man_chord_sa. tolerance = 1, sa_iterations = 1000, initial_temperature = 3.0, cooling_rate = 0.999
26 - INFO - chord#: 100 done. best_score=27.0, changed=523, unchanged=406, early_stops=8/8
26 - INFO - chord#: 102 In build_straw_man_chord_sa. tolerance = 1, sa_iterations = 1000, initial_temperature = 3.0, cooling_rate = 0.999
26 - INFO - chord#: 80 done. best_score=157.0, changed=609, unchanged=280, early_stops=8/8
26 - INFO - chord#: 84 In build_straw_man_chord_sa. tolerance = 1, sa_iterations = 1000, initial_temperature = 3.0, cooling_rate = 0.999
26 - INFO - chord#: 98 done. best_score=146.0, changed=607, unchanged=279, early_stops=8/8
26 - INFO - chord#: 100 In build_straw_man_chord_sa. tolerance = 1, sa_iterations = 1000, initial_temperature = 3.0, cooling_rate = 0.999
26 - INFO - chord#: 100 done. best_score=27.0, changed=520, unchanged=348, early_stops=8/8
26 - INFO - chord#: 102 In build_straw_man_chord_sa. tolerance = 1, sa_iterations = 1000, initial_temperature = 3.0, cooling_rate = 0.999
26 - INFO - chord#: 86 done. best_score=67.0, changed=617, unchanged=361, early_stops=8/8
26 - INFO - chord#: 88 In build_straw_man_chord_sa. tolerance = 1, sa_iterations = 1000, initial_temperature = 3.0, cooling_rate = 0.999
26 - INFO - chord#: 98 done. best_score=97.0, changed=610, unchanged=346, early_stops=8/8
26 - INFO - chord#: 100 In build_straw_man_chord_sa. tolerance = 1, sa_iterations = 1000, initial_temperature = 3.0, cooling_rate = 0.999
26 - INFO - chord#: 88 done. best_score=9.0, changed=467, unchanged=370, early_stops=8/8
26 - INFO - chord#: 96 In build_straw_man_chord_sa. tolerance = 1, sa_iterations = 1000, initial_temperature = 3.0, cooling_rate = 0.999
26 - INFO - chord#: 86 done. best_score=67.0, changed=610, unchanged=278, early_stops=8/8
26 - INFO - chord#: 88 In build_straw_man_chord_sa. tolerance = 1, sa_iterations = 1000, initial_temperature = 3.0, cooling_rate = 0.999
26 - INFO - chord#: 80 done. best_score=71.0, changed=619, unchanged=527, early_stops=8/8
26 - INFO - chord#: 84 In build_straw_man_chord_sa. tolerance = 1, sa_iterations = 1000, initial_temperature = 3.0, cooling_rate = 0.999
26 - INFO - chord#: 100 done. best_score=27.0, changed=523, unchanged=367, early_stops=8/8
26 - INFO - chord#: 102 In build_straw_man_chord_sa. tolerance = 1, sa_iterations = 1000, initial_temperature = 3.0, cooling_rate = 0.999
26 - INFO - chord#: 86 done. best_score=137.0, changed=613, unchanged=256, early_stops=8/8
26 - INFO - chord#: 88 In build_straw_man_chord_sa. tolerance = 1, sa_iterations = 1000, initial_temperature = 3.0, cooling_rate = 0.999
26 - INFO - chord#: 84 done. best_score=31.0, changed=523, unchanged=381, early_stops=8/8
26 - INFO - chord#: 86 In build_straw_man_chord_sa. tolerance = 1, sa_iterations = 1000, initial_temperature = 3.0, cooling_rate = 0.999
26 - INFO - chord#: 88 done. best_score=9.0, changed=465, unchanged=430, early_stops=8/8
26 - INFO - chord#: 96 In build_straw_man_chord_sa. tolerance = 1, sa_iterations = 1000, initial_temperature = 3.0, cooling_rate = 0.999
26 - INFO - chord#: 100 done. best_score=27.0, changed=520, unchanged=304, early_stops=8/8
26 - INFO - chord#: 102 In build_straw_man_chord_sa. tolerance = 1, sa_iterations = 1000, initial_temperature = 3.0, cooling_rate = 0.999
26 - INFO - chord#: 88 done. best_score=9.0, changed=453, unchanged=385, early_stops=8/8
26 - INFO - chord#: 96 In build_straw_man_chord_sa. tolerance = 1, sa_iterations = 1000, initial_temperature = 3.0, cooling_rate = 0.999
26 - INFO - chord#: 86 done. best_score=67.0, changed=611, unchanged=252, early_stops=8/8
26 - INFO - chord#: 88 In build_straw_man_chord_sa. tolerance = 1, sa_iterations = 1000, initial_temperature = 3.0, cooling_rate = 0.999
26 - INFO - chord#: 96 done. best_score=27.0, changed=518, unchanged=400, early_stops=8/8
26 - INFO - chord#: 98 In build_straw_man_chord_sa. tolerance = 1, sa_iterations = 1000, initial_temperature = 3.0, cooling_rate = 0.999
26 - INFO - chord#: 88 done. best_score=9.0, changed=468, unchanged=400, early_stops=8/8
26 - INFO - chord#: 96 In build_straw_man_chord_sa. tolerance = 1, sa_iterations = 1000, initial_temperature = 3.0, cooling_rate = 0.999
26 - INFO - chord#: 86 done. best_score=157.0, changed=621, unchanged=392, early_stops=8/8
26 - INFO - chord#: 88 In build_straw_man_chord_sa. tolerance = 1, sa_iterations = 1000, initial_temperature = 3.0, cooling_rate = 0.999
26 - INFO - chord#: 88 done. best_score=9.0, changed=464, unchanged=369, early_stops=8/8
26 - INFO - chord#: 96 In build_straw_man_chord_sa. tolerance = 1, sa_iterations = 1000, initial_temperature = 3.0, cooling_rate = 0.999
26 - INFO - chord#: 84 done. best_score=31.0, changed=531, unchanged=354, early_stops=8/8
26 - INFO - chord#: 86 In build_straw_man_chord_sa. tolerance = 1, sa_iterations = 1000, initial_temperature = 3.0, cooling_rate = 0.999
26 - INFO - chord#: 102 done. best_score=137.0, changed=611, unchanged=213, early_stops=8/8
26 - INFO - chord#: 104 In build_straw_man_chord_sa. tolerance = 1, sa_iterations = 1000, initial_temperature = 3.0, cooling_rate = 0.999
26 - INFO - chord#: 102 done. best_score=137.0, changed=618, unchanged=426, early_stops=8/8
26 - INFO - chord#: 104 In build_straw_man_chord_sa. tolerance = 1, sa_iterations = 1000, initial_temperature = 3.0, cooling_rate = 0.999
26 - INFO - chord#: 96 done. best_score=27.0, changed=514, unchanged=326, early_stops=8/8
26 - INFO - chord#: 98 In build_straw_man_chord_sa. tolerance = 1, sa_iterations = 1000, initial_temperature = 3.0, cooling_rate = 0.999
26 - INFO - chord#: 96 done. best_score=27.0, changed=531, unchanged=472, early_stops=8/8
26 - INFO - chord#: 98 In build_straw_man_chord_sa. tolerance = 1, sa_iterations = 1000, initial_temperature = 3.0, cooling_rate = 0.999
26 - INFO - chord#: 80 done. best_score=71.0, changed=613, unchanged=428, early_stops=8/8
26 - INFO - chord#: 84 In build_straw_man_chord_sa. tolerance = 1, sa_iterations = 1000, initial_temperature = 3.0, cooling_rate = 0.999
26 - INFO - chord#: 104 done. best_score=27.0, changed=517, unchanged=351, early_stops=8/8
26 - INFO - chord#: 106 In build_straw_man_chord_sa. tolerance = 1, sa_iterations = 1000, initial_temperature = 3.0, cooling_rate = 0.999
26 - INFO - chord#: 96 done. best_score=27.0, changed=526, unchanged=403, early_stops=8/8
26 - INFO - chord#: 98 In build_straw_man_chord_sa. tolerance = 1, sa_iterations = 1000, initial_temperature = 3.0, cooling_rate = 0.999
26 - INFO - chord#: 96 done. best_score=27.0, changed=516, unchanged=503, early_stops=8/8
26 - INFO - chord#: 98 In build_straw_man_chord_sa. tolerance = 1, sa_iterations = 1000, initial_temperature = 3.0, cooling_rate = 0.999
26 - INFO - chord#: 104 done. best_score=27.0, changed=523, unchanged=507, early_stops=8/8
26 - INFO - chord#: 106 In build_straw_man_chord_sa. tolerance = 1, sa_iterations = 1000, initial_temperature = 3.0, cooling_rate = 0.999
26 - INFO - chord#: 102 done. best_score=137.0, changed=612, unchanged=360, early_stops=8/8
26 - INFO - chord#: 104 In build_straw_man_chord_sa. tolerance = 1, sa_iterations = 1000, initial_temperature = 3.0, cooling_rate = 0.999
26 - INFO - chord#: 102 done. best_score=142.0, changed=614, unchanged=335, early_stops=8/8
26 - INFO - chord#: 104 In build_straw_man_chord_sa. tolerance = 1, sa_iterations = 1000, initial_temperature = 3.0, cooling_rate = 0.999
26 - INFO - chord#: 84 done. best_score=31.0, changed=519, unchanged=346, early_stops=8/8
26 - INFO - chord#: 86 In build_straw_man_chord_sa. tolerance = 1, sa_iterations = 1000, initial_temperature = 3.0, cooling_rate = 0.999
26 - INFO - chord#: 98 done. best_score=97.0, changed=612, unchanged=319, early_stops=8/8
26 - INFO - chord#: 100 In build_straw_man_chord_sa. tolerance = 1, sa_iterations = 1000, initial_temperature = 3.0, cooling_rate = 0.999
26 - INFO - chord#: 104 done. best_score=27.0, changed=512, unchanged=335, early_stops=8/8
26 - INFO - chord#: 106 In build_straw_man_chord_sa. tolerance = 1, sa_iterations = 1000, initial_temperature = 3.0, cooling_rate = 0.999
26 - INFO - chord#: 86 done. best_score=67.0, changed=616, unchanged=445, early_stops=8/8
26 - INFO - chord#: 88 In build_straw_man_chord_sa. tolerance = 1, sa_iterations = 1000, initial_temperature = 3.0, cooling_rate = 0.999
26 - INFO - chord#: 88 done. best_score=9.0, changed=457, unchanged=363, early_stops=8/8
26 - INFO - chord#: 96 In build_straw_man_chord_sa. tolerance = 1, sa_iterations = 1000, initial_temperature = 3.0, cooling_rate = 0.999
26 - INFO - chord#: 104 done. best_score=27.0, changed=521, unchanged=532, early_stops=8/8
26 - INFO - chord#: 106 In build_straw_man_chord_sa. tolerance = 1, sa_iterations = 1000, initial_temperature = 3.0, cooling_rate = 0.999
26 - INFO - chord#: 100 done. best_score=27.0, changed=523, unchanged=374, early_stops=8/8
26 - INFO - chord#: 102 In build_straw_man_chord_sa. tolerance = 1, sa_iterations = 1000, initial_temperature = 3.0, cooling_rate = 0.999
26 - INFO - chord#: 106 done. best_score=120.0, changed=611, unchanged=277, early_stops=8/8
26 - INFO - chord#: 108 In build_straw_man_chord_sa. tolerance = 1, sa_iterations = 1000, initial_temperature = 3.0, cooling_rate = 0.999
26 - INFO - chord#: 98 done. best_score=82.0, changed=617, unchanged=464, early_stops=8/8
26 - INFO - chord#: 100 In build_straw_man_chord_sa. tolerance = 1, sa_iterations = 1000, initial_temperature = 3.0, cooling_rate = 0.999
26 - INFO - chord#: 106 done. best_score=82.0, changed=612, unchanged=298, early_stops=8/8
26 - INFO - chord#: 108 In build_straw_man_chord_sa. tolerance = 1, sa_iterations = 1000, initial_temperature = 3.0, cooling_rate = 0.999
26 - INFO - chord#: 86 done. best_score=67.0, changed=615, unchanged=421, early_stops=8/8
26 - INFO - chord#: 88 In build_straw_man_chord_sa. tolerance = 1, sa_iterations = 1000, initial_temperature = 3.0, cooling_rate = 0.999
26 - INFO - chord#: 98 done. best_score=90.0, changed=611, unchanged=328, early_stops=8/8
26 - INFO - chord#: 100 In build_straw_man_chord_sa. tolerance = 1, sa_iterations = 1000, initial_temperature = 3.0, cooling_rate = 0.999
26 - INFO - chord#: 98 done. best_score=82.0, changed=612, unchanged=302, early_stops=8/8
26 - INFO - chord#: 100 In build_straw_man_chord_sa. tolerance = 1, sa_iterations = 1000, initial_temperature = 3.0, cooling_rate = 0.999
26 - INFO - chord#: 98 done. best_score=82.0, changed=610, unchanged=273, early_stops=8/8
26 - INFO - chord#: 100 In build_straw_man_chord_sa. tolerance = 1, sa_iterations = 1000, initial_temperature = 3.0, cooling_rate = 0.999
26 - INFO - chord#: 88 done. best_score=9.0, changed=465, unchanged=390, early_stops=8/8
26 - INFO - chord#: 96 In build_straw_man_chord_sa. tolerance = 1, sa_iterations = 1000, initial_temperature = 3.0, cooling_rate = 0.999
26 - INFO - chord#: 108 done. best_score=27.0, changed=529, unchanged=379, early_stops=8/8
26 - INFO - chord#: 110 In build_straw_man_chord_sa. tolerance = 1, sa_iterations = 1000, initial_temperature = 3.0, cooling_rate = 0.999
26 - INFO - chord#: 96 done. best_score=27.0, changed=513, unchanged=314, early_stops=8/8
26 - INFO - chord#: 98 In build_straw_man_chord_sa. tolerance = 1, sa_iterations = 1000, initial_temperature = 3.0, cooling_rate = 0.999
26 - INFO - chord#: 100 done. best_score=27.0, changed=524, unchanged=346, early_stops=8/8
26 - INFO - chord#: 102 In build_straw_man_chord_sa. tolerance = 1, sa_iterations = 1000, initial_temperature = 3.0, cooling_rate = 0.999
26 - INFO - chord#: 108 done. best_score=27.0, changed=525, unchanged=313, early_stops=8/8
26 - INFO - chord#: 110 In build_straw_man_chord_sa. tolerance = 1, sa_iterations = 1000, initial_temperature = 3.0, cooling_rate = 0.999
26 - INFO - chord#: 106 done. best_score=147.0, changed=606, unchanged=201, early_stops=8/8
26 - INFO - chord#: 108 In build_straw_man_chord_sa. tolerance = 1, sa_iterations = 1000, initial_temperature = 3.0, cooling_rate = 0.999
26 - INFO - chord#: 86 done. best_score=67.0, changed=608, unchanged=205, early_stops=8/8
26 - INFO - chord#: 88 In build_straw_man_chord_sa. tolerance = 1, sa_iterations = 1000, initial_temperature = 3.0, cooling_rate = 0.999
26 - INFO - chord#: 100 done. best_score=27.0, changed=519, unchanged=311, early_stops=8/8
26 - INFO - chord#: 102 In build_straw_man_chord_sa. tolerance = 1, sa_iterations = 1000, initial_temperature = 3.0, cooling_rate = 0.999
26 - INFO - chord#: 88 done. best_score=9.0, changed=453, unchanged=367, early_stops=8/8
26 - INFO - chord#: 96 In build_straw_man_chord_sa. tolerance = 1, sa_iterations = 1000, initial_temperature = 3.0, cooling_rate = 0.999
26 - INFO - chord#: 100 done. best_score=27.0, changed=533, unchanged=389, early_stops=8/8
26 - INFO - chord#: 102 In build_straw_man_chord_sa. tolerance = 1, sa_iterations = 1000, initial_temperature = 3.0, cooling_rate = 0.999
26 - INFO - chord#: 100 done. best_score=27.0, changed=524, unchanged=409, early_stops=8/8
26 - INFO - chord#: 102 In build_straw_man_chord_sa. tolerance = 1, sa_iterations = 1000, initial_temperature = 3.0, cooling_rate = 0.999
26 - INFO - chord#: 108 done. best_score=27.0, changed=536, unchanged=338, early_stops=8/8
26 - INFO - chord#: 110 In build_straw_man_chord_sa. tolerance = 1, sa_iterations = 1000, initial_temperature = 3.0, cooling_rate = 0.999
26 - INFO - chord#: 102 done. best_score=160.0, changed=614, unchanged=253, early_stops=8/8
26 - INFO - chord#: 104 In build_straw_man_chord_sa. tolerance = 1, sa_iterations = 1000, initial_temperature = 3.0, cooling_rate = 0.999
26 - INFO - chord#: 96 done. best_score=27.0, changed=524, unchanged=515, early_stops=8/8
26 - INFO - chord#: 98 In build_straw_man_chord_sa. tolerance = 1, sa_iterations = 1000, initial_temperature = 3.0, cooling_rate = 0.999
26 - INFO - chord#: 106 done. best_score=120.0, changed=607, unchanged=245, early_stops=8/8
26 - INFO - chord#: 108 In build_straw_man_chord_sa. tolerance = 1, sa_iterations = 1000, initial_temperature = 3.0, cooling_rate = 0.999
26 - INFO - chord#: 96 done. best_score=27.0, changed=518, unchanged=400, early_stops=8/8
26 - INFO - chord#: 98 In build_straw_man_chord_sa. tolerance = 1, sa_iterations = 1000, initial_temperature = 3.0, cooling_rate = 0.999
26 - INFO - chord#: 110 done. best_score=70.0, changed=610, unchanged=269, early_stops=8/8
26 - INFO - chord#: 112 In build_straw_man_chord_sa. tolerance = 1, sa_iterations = 1000, initial_temperature = 3.0, cooling_rate = 0.999
26 - INFO - chord#: 102 done. best_score=67.0, changed=609, unchanged=230, early_stops=8/8
26 - INFO - chord#: 104 In build_straw_man_chord_sa. tolerance = 1, sa_iterations = 1000, initial_temperature = 3.0, cooling_rate = 0.999
26 - INFO - chord#: 110 done. best_score=70.0, changed=613, unchanged=257, early_stops=8/8
26 - INFO - chord#: 112 In build_straw_man_chord_sa. tolerance = 1, sa_iterations = 1000, initial_temperature = 3.0, cooling_rate = 0.999
26 - INFO - chord#: 108 done. best_score=27.0, changed=527, unchanged=358, early_stops=8/8
26 - INFO - chord#: 110 In build_straw_man_chord_sa. tolerance = 1, sa_iterations = 1000, initial_temperature = 3.0, cooling_rate = 0.999
26 - INFO - chord#: 102 done. best_score=67.0, changed=612, unchanged=336, early_stops=8/8
26 - INFO - chord#: 104 In build_straw_man_chord_sa. tolerance = 1, sa_iterations = 1000, initial_temperature = 3.0, cooling_rate = 0.999
26 - INFO - chord#: 104 done. best_score=27.0, changed=525, unchanged=415, early_stops=8/8
26 - INFO - chord#: 106 In build_straw_man_chord_sa. tolerance = 1, sa_iterations = 1000, initial_temperature = 3.0, cooling_rate = 0.999
26 - INFO - chord#: 112 done. best_score=31.0, changed=547, unchanged=430, early_stops=8/8
26 - INFO - chord#: 116 In build_straw_man_chord_sa. tolerance = 1, sa_iterations = 1000, initial_temperature = 3.0, cooling_rate = 0.999
26 - INFO - chord#: 112 done. best_score=31.0, changed=530, unchanged=357, early_stops=8/8
26 - INFO - chord#: 116 In build_straw_man_chord_sa. tolerance = 1, sa_iterations = 1000, initial_temperature = 3.0, cooling_rate = 0.999
26 - INFO - chord#: 104 done. best_score=27.0, changed=521, unchanged=353, early_stops=8/8
26 - INFO - chord#: 106 In build_straw_man_chord_sa. tolerance = 1, sa_iterations = 1000, initial_temperature = 3.0, cooling_rate = 0.999
26 - INFO - chord#: 110 done. best_score=70.0, changed=608, unchanged=286, early_stops=8/8
26 - INFO - chord#: 112 In build_straw_man_chord_sa. tolerance = 1, sa_iterations = 1000, initial_temperature = 3.0, cooling_rate = 0.999
26 - INFO - chord#: 98 done. best_score=82.0, changed=615, unchanged=488, early_stops=8/8
26 - INFO - chord#: 100 In build_straw_man_chord_sa. tolerance = 1, sa_iterations = 1000, initial_temperature = 3.0, cooling_rate = 0.999
26 - INFO - chord#: 102 done. best_score=140.0, changed=608, unchanged=202, early_stops=8/8
26 - INFO - chord#: 104 In build_straw_man_chord_sa. tolerance = 1, sa_iterations = 1000, initial_temperature = 3.0, cooling_rate = 0.999
26 - INFO - chord#: 116 done. best_score=27.0, changed=524, unchanged=327, early_stops=8/8
26 - INFO - chord#: 118 In build_straw_man_chord_sa. tolerance = 1, sa_iterations = 1000, initial_temperature = 3.0, cooling_rate = 0.999
26 - INFO - chord#: 104 done. best_score=27.0, changed=527, unchanged=421, early_stops=8/8
26 - INFO - chord#: 106 In build_straw_man_chord_sa. tolerance = 1, sa_iterations = 1000, initial_temperature = 3.0, cooling_rate = 0.999
26 - INFO - chord#: 112 done. best_score=31.0, changed=541, unchanged=330, early_stops=8/8
26 - INFO - chord#: 116 In build_straw_man_chord_sa. tolerance = 1, sa_iterations = 1000, initial_temperature = 3.0, cooling_rate = 0.999
26 - INFO - chord#: 116 done. best_score=27.0, changed=537, unchanged=475, early_stops=8/8
26 - INFO - chord#: 118 In build_straw_man_chord_sa. tolerance = 1, sa_iterations = 1000, initial_temperature = 3.0, cooling_rate = 0.999
26 - INFO - chord#: 98 done. best_score=90.0, changed=609, unchanged=297, early_stops=8/8
26 - INFO - chord#: 100 In build_straw_man_chord_sa. tolerance = 1, sa_iterations = 1000, initial_temperature = 3.0, cooling_rate = 0.999
26 - INFO - chord#: 102 done. best_score=67.0, changed=621, unchanged=489, early_stops=8/8
26 - INFO - chord#: 104 In build_straw_man_chord_sa. tolerance = 1, sa_iterations = 1000, initial_temperature = 3.0, cooling_rate = 0.999
26 - INFO - chord#: 100 done. best_score=27.0, changed=523, unchanged=442, early_stops=8/8
26 - INFO - chord#: 102 In build_straw_man_chord_sa. tolerance = 1, sa_iterations = 1000, initial_temperature = 3.0, cooling_rate = 0.999
26 - INFO - chord#: 98 done. best_score=97.0, changed=611, unchanged=364, early_stops=8/8
26 - INFO - chord#: 100 In build_straw_man_chord_sa. tolerance = 1, sa_iterations = 1000, initial_temperature = 3.0, cooling_rate = 0.999
26 - INFO - chord#: 116 done. best_score=27.0, changed=523, unchanged=375, early_stops=8/8
26 - INFO - chord#: 118 In build_straw_man_chord_sa. tolerance = 1, sa_iterations = 1000, initial_temperature = 3.0, cooling_rate = 0.999
26 - INFO - chord#: 110 done. best_score=70.0, changed=613, unchanged=241, early_stops=8/8
26 - INFO - chord#: 112 In build_straw_man_chord_sa. tolerance = 1, sa_iterations = 1000, initial_temperature = 3.0, cooling_rate = 0.999
26 - INFO - chord#: 104 done. best_score=27.0, changed=525, unchanged=551, early_stops=8/8
26 - INFO - chord#: 106 In build_straw_man_chord_sa. tolerance = 1, sa_iterations = 1000, initial_temperature = 3.0, cooling_rate = 0.999
26 - INFO - chord#: 100 done. best_score=27.0, changed=516, unchanged=386, early_stops=8/8
26 - INFO - chord#: 102 In build_straw_man_chord_sa. tolerance = 1, sa_iterations = 1000, initial_temperature = 3.0, cooling_rate = 0.999
26 - INFO - chord#: 100 done. best_score=27.0, changed=523, unchanged=332, early_stops=8/8
26 - INFO - chord#: 102 In build_straw_man_chord_sa. tolerance = 1, sa_iterations = 1000, initial_temperature = 3.0, cooling_rate = 0.999
26 - INFO - chord#: 106 done. best_score=82.0, changed=612, unchanged=374, early_stops=8/8
26 - INFO - chord#: 108 In build_straw_man_chord_sa. tolerance = 1, sa_iterations = 1000, initial_temperature = 3.0, cooling_rate = 0.999
26 - INFO - chord#: 104 done. best_score=27.0, changed=523, unchanged=423, early_stops=8/8
26 - INFO - chord#: 106 In build_straw_man_chord_sa. tolerance = 1, sa_iterations = 1000, initial_temperature = 3.0, cooling_rate = 0.999
26 - INFO - chord#: 106 done. best_score=97.0, changed=613, unchanged=354, early_stops=8/8
26 - INFO - chord#: 108 In build_straw_man_chord_sa. tolerance = 1, sa_iterations = 1000, initial_temperature = 3.0, cooling_rate = 0.999
26 - INFO - chord#: 112 done. best_score=31.0, changed=534, unchanged=340, early_stops=8/8
26 - INFO - chord#: 116 In build_straw_man_chord_sa. tolerance = 1, sa_iterations = 1000, initial_temperature = 3.0, cooling_rate = 0.999
26 - INFO - chord#: 118 done. best_score=96.0, changed=612, unchanged=339, early_stops=8/8
26 - INFO - chord#: 120 In build_straw_man_chord_sa. tolerance = 1, sa_iterations = 1000, initial_temperature = 3.0, cooling_rate = 0.999
26 - INFO - chord#: 108 done. best_score=27.0, changed=522, unchanged=337, early_stops=8/8
26 - INFO - chord#: 110 In build_straw_man_chord_sa. tolerance = 1, sa_iterations = 1000, initial_temperature = 3.0, cooling_rate = 0.999
26 - INFO - chord#: 118 done. best_score=67.0, changed=612, unchanged=377, early_stops=8/8
26 - INFO - chord#: 120 In build_straw_man_chord_sa. tolerance = 1, sa_iterations = 1000, initial_temperature = 3.0, cooling_rate = 0.999
26 - INFO - chord#: 120 done. best_score=11.0, changed=500, unchanged=333, early_stops=8/8
26 - INFO - chord#: 128 In build_straw_man_chord_sa. tolerance = 1, sa_iterations = 1000, initial_temperature = 3.0, cooling_rate = 0.999
26 - INFO - chord#: 108 done. best_score=27.0, changed=518, unchanged=352, early_stops=8/8
26 - INFO - chord#: 110 In build_straw_man_chord_sa. tolerance = 1, sa_iterations = 1000, initial_temperature = 3.0, cooling_rate = 0.999
26 - INFO - chord#: 120 done. best_score=11.0, changed=496, unchanged=321, early_stops=8/8
26 - INFO - chord#: 128 In build_straw_man_chord_sa. tolerance = 1, sa_iterations = 1000, initial_temperature = 3.0, cooling_rate = 0.999
26 - INFO - chord#: 106 done. best_score=82.0, changed=610, unchanged=418, early_stops=8/8
26 - INFO - chord#: 108 In build_straw_man_chord_sa. tolerance = 1, sa_iterations = 1000, initial_temperature = 3.0, cooling_rate = 0.999
26 - INFO - chord#: 102 done. best_score=67.0, changed=613, unchanged=299, early_stops=8/8
26 - INFO - chord#: 104 In build_straw_man_chord_sa. tolerance = 1, sa_iterations = 1000, initial_temperature = 3.0, cooling_rate = 0.999
26 - INFO - chord#: 116 done. best_score=27.0, changed=525, unchanged=422, early_stops=8/8
26 - INFO - chord#: 118 In build_straw_man_chord_sa. tolerance = 1, sa_iterations = 1000, initial_temperature = 3.0, cooling_rate = 0.999
26 - INFO - chord#: 118 done. best_score=96.0, changed=612, unchanged=412, early_stops=8/8
26 - INFO - chord#: 120 In build_straw_man_chord_sa. tolerance = 1, sa_iterations = 1000, initial_temperature = 3.0, cooling_rate = 0.999
26 - INFO - chord#: 128 done. best_score=27.0, changed=523, unchanged=352, early_stops=8/8
26 - INFO - chord#: 136 In build_straw_man_chord_sa. tolerance = 1, sa_iterations = 1000, initial_temperature = 3.0, cooling_rate = 0.999
26 - INFO - chord#: 106 done. best_score=82.0, changed=613, unchanged=261, early_stops=8/8
26 - INFO - chord#: 108 In build_straw_man_chord_sa. tolerance = 1, sa_iterations = 1000, initial_temperature = 3.0, cooling_rate = 0.999
26 - INFO - chord#: 128 done. best_score=27.0, changed=517, unchanged=377, early_stops=8/8
26 - INFO - chord#: 136 In build_straw_man_chord_sa. tolerance = 1, sa_iterations = 1000, initial_temperature = 3.0, cooling_rate = 0.999
26 - INFO - chord#: 120 done. best_score=11.0, changed=485, unchanged=355, early_stops=8/8
26 - INFO - chord#: 128 In build_straw_man_chord_sa. tolerance = 1, sa_iterations = 1000, initial_temperature = 3.0, cooling_rate = 0.999
26 - INFO - chord#: 108 done. best_score=27.0, changed=522, unchanged=327, early_stops=8/8
26 - INFO - chord#: 110 In build_straw_man_chord_sa. tolerance = 1, sa_iterations = 1000, initial_temperature = 3.0, cooling_rate = 0.999
26 - INFO - chord#: 102 done. best_score=67.0, changed=616, unchanged=414, early_stops=8/8
26 - INFO - chord#: 104 In build_straw_man_chord_sa. tolerance = 1, sa_iterations = 1000, initial_temperature = 3.0, cooling_rate = 0.999
26 - INFO - chord#: 104 done. best_score=27.0, changed=520, unchanged=380, early_stops=8/8
26 - INFO - chord#: 106 In build_straw_man_chord_sa. tolerance = 1, sa_iterations = 1000, initial_temperature = 3.0, cooling_rate = 0.999
26 - INFO - chord#: 102 done. best_score=67.0, changed=612, unchanged=334, early_stops=8/8
26 - INFO - chord#: 104 In build_straw_man_chord_sa. tolerance = 1, sa_iterations = 1000, initial_temperature = 3.0, cooling_rate = 0.999
26 - INFO - chord#: 136 done. best_score=27.0, changed=522, unchanged=336, early_stops=8/8
26 - INFO - chord#: 138 In build_straw_man_chord_sa. tolerance = 1, sa_iterations = 1000, initial_temperature = 3.0, cooling_rate = 0.999
26 - INFO - chord#: 106 done. best_score=82.0, changed=613, unchanged=439, early_stops=8/8
26 - INFO - chord#: 108 In build_straw_man_chord_sa. tolerance = 1, sa_iterations = 1000, initial_temperature = 3.0, cooling_rate = 0.999
26 - INFO - chord#: 128 done. best_score=27.0, changed=525, unchanged=346, early_stops=8/8
26 - INFO - chord#: 136 In build_straw_man_chord_sa. tolerance = 1, sa_iterations = 1000, initial_temperature = 3.0, cooling_rate = 0.999
26 - INFO - chord#: 110 done. best_score=70.0, changed=614, unchanged=251, early_stops=8/8
26 - INFO - chord#: 112 In build_straw_man_chord_sa. tolerance = 1, sa_iterations = 1000, initial_temperature = 3.0, cooling_rate = 0.999
26 - INFO - chord#: 104 done. best_score=27.0, changed=516, unchanged=335, early_stops=8/8
26 - INFO - chord#: 106 In build_straw_man_chord_sa. tolerance = 1, sa_iterations = 1000, initial_temperature = 3.0, cooling_rate = 0.999
26 - INFO - chord#: 108 done. best_score=27.0, changed=541, unchanged=453, early_stops=8/8
26 - INFO - chord#: 110 done. best_score=70.0, changed=623, unchanged=476, early_stops=8/8
26 - INFO - chord#: 112 In build_straw_man_chord_sa. tolerance = 1, sa_iterations = 1000, initial_temperature = 3.0, cooling_rate = 0.999
26 - INFO - chord#: 110 In build_straw_man_chord_sa. tolerance = 1, sa_iterations = 1000, initial_temperature = 3.0, cooling_rate = 0.999
26 - INFO - chord#: 136 done. best_score=27.0, changed=533, unchanged=541, early_stops=8/8
26 - INFO - chord#: 138 In build_straw_man_chord_sa. tolerance = 1, sa_iterations = 1000, initial_temperature = 3.0, cooling_rate = 0.999
26 - INFO - chord#: 104 done. best_score=27.0, changed=524, unchanged=620, early_stops=8/8
26 - INFO - chord#: 106 In build_straw_man_chord_sa. tolerance = 1, sa_iterations = 1000, initial_temperature = 3.0, cooling_rate = 0.999
26 - INFO - chord#: 136 done. best_score=27.0, changed=522, unchanged=368, early_stops=8/8
26 - INFO - chord#: 138 In build_straw_man_chord_sa. tolerance = 1, sa_iterations = 1000, initial_temperature = 3.0, cooling_rate = 0.999
26 - INFO - chord#: 108 done. best_score=27.0, changed=523, unchanged=365, early_stops=8/8
26 - INFO - chord#: 110 In build_straw_man_chord_sa. tolerance = 1, sa_iterations = 1000, initial_temperature = 3.0, cooling_rate = 0.999
26 - INFO - chord#: 112 done. best_score=31.0, changed=522, unchanged=311, early_stops=8/8
26 - INFO - chord#: 116 In build_straw_man_chord_sa. tolerance = 1, sa_iterations = 1000, initial_temperature = 3.0, cooling_rate = 0.999
26 - INFO - chord#: 112 done. best_score=31.0, changed=545, unchanged=351, early_stops=8/8
26 - INFO - chord#: 116 In build_straw_man_chord_sa. tolerance = 1, sa_iterations = 1000, initial_temperature = 3.0, cooling_rate = 0.999
26 - INFO - chord#: 118 done. best_score=137.0, changed=616, unchanged=364, early_stops=8/8
26 - INFO - chord#: 120 In build_straw_man_chord_sa. tolerance = 1, sa_iterations = 1000, initial_temperature = 3.0, cooling_rate = 0.999
26 - INFO - chord#: 110 done. best_score=70.0, changed=613, unchanged=276, early_stops=8/8
26 - INFO - chord#: 112 In build_straw_man_chord_sa. tolerance = 1, sa_iterations = 1000, initial_temperature = 3.0, cooling_rate = 0.999
26 - INFO - chord#: 116 done. best_score=27.0, changed=530, unchanged=371, early_stops=8/8
26 - INFO - chord#: 118 In build_straw_man_chord_sa. tolerance = 1, sa_iterations = 1000, initial_temperature = 3.0, cooling_rate = 0.999
26 - INFO - chord#: 120 done. best_score=11.0, changed=477, unchanged=337, early_stops=8/8
26 - INFO - chord#: 128 In build_straw_man_chord_sa. tolerance = 1, sa_iterations = 1000, initial_temperature = 3.0, cooling_rate = 0.999
26 - INFO - chord#: 106 done. best_score=120.0, changed=610, unchanged=309, early_stops=8/8
26 - INFO - chord#: 108 In build_straw_man_chord_sa. tolerance = 1, sa_iterations = 1000, initial_temperature = 3.0, cooling_rate = 0.999
26 - INFO - chord#: 138 done. best_score=74.0, changed=609, unchanged=307, early_stops=8/8
26 - INFO - chord#: 140 In build_straw_man_chord_sa. tolerance = 1, sa_iterations = 1000, initial_temperature = 3.0, cooling_rate = 0.999
26 - INFO - chord#: 116 done. best_score=27.0, changed=520, unchanged=388, early_stops=8/8
26 - INFO - chord#: 118 In build_straw_man_chord_sa. tolerance = 1, sa_iterations = 1000, initial_temperature = 3.0, cooling_rate = 0.999
26 - INFO - chord#: 106 done. best_score=82.0, changed=610, unchanged=359, early_stops=8/8
26 - INFO - chord#: 108 In build_straw_man_chord_sa. tolerance = 1, sa_iterations = 1000, initial_temperature = 3.0, cooling_rate = 0.999
26 - INFO - chord#: 112 done. best_score=31.0, changed=534, unchanged=294, early_stops=8/8
26 - INFO - chord#: 116 In build_straw_man_chord_sa. tolerance = 1, sa_iterations = 1000, initial_temperature = 3.0, cooling_rate = 0.999
26 - INFO - chord#: 138 done. best_score=74.0, changed=611, unchanged=245, early_stops=8/8
26 - INFO - chord#: 140 In build_straw_man_chord_sa. tolerance = 1, sa_iterations = 1000, initial_temperature = 3.0, cooling_rate = 0.999
26 - INFO - chord#: 128 done. best_score=27.0, changed=523, unchanged=401, early_stops=8/8
26 - INFO - chord#: 136 In build_straw_man_chord_sa. tolerance = 1, sa_iterations = 1000, initial_temperature = 3.0, cooling_rate = 0.999
26 - INFO - chord#: 140 done. best_score=27.0, changed=525, unchanged=472, early_stops=8/8
26 - INFO - chord#: 144 In build_straw_man_chord_sa. tolerance = 1, sa_iterations = 1000, initial_temperature = 3.0, cooling_rate = 0.999
26 - INFO - chord#: 108 done. best_score=27.0, changed=519, unchanged=361, early_stops=8/8
26 - INFO - chord#: 110 In build_straw_man_chord_sa. tolerance = 1, sa_iterations = 1000, initial_temperature = 3.0, cooling_rate = 0.999
26 - INFO - chord#: 110 done. best_score=70.0, changed=613, unchanged=358, early_stops=8/8
26 - INFO - chord#: 112 In build_straw_man_chord_sa. tolerance = 1, sa_iterations = 1000, initial_temperature = 3.0, cooling_rate = 0.999
26 - INFO - chord#: 108 done. best_score=27.0, changed=544, unchanged=362, early_stops=8/8
26 - INFO - chord#: 110 In build_straw_man_chord_sa. tolerance = 1, sa_iterations = 1000, initial_temperature = 3.0, cooling_rate = 0.999
26 - INFO - chord#: 110 done. best_score=70.0, changed=611, unchanged=454, early_stops=8/8
26 - INFO - chord#: 112 In build_straw_man_chord_sa. tolerance = 1, sa_iterations = 1000, initial_temperature = 3.0, cooling_rate = 0.999
26 - INFO - chord#: 116 done. best_score=27.0, changed=528, unchanged=354, early_stops=8/8
26 - INFO - chord#: 118 In build_straw_man_chord_sa. tolerance = 1, sa_iterations = 1000, initial_temperature = 3.0, cooling_rate = 0.999
26 - INFO - chord#: 106 done. best_score=82.0, changed=613, unchanged=334, early_stops=8/8
26 - INFO - chord#: 108 In build_straw_man_chord_sa. tolerance = 1, sa_iterations = 1000, initial_temperature = 3.0, cooling_rate = 0.999
26 - INFO - chord#: 140 done. best_score=27.0, changed=512, unchanged=437, early_stops=8/8
26 - INFO - chord#: 144 In build_straw_man_chord_sa. tolerance = 1, sa_iterations = 1000, initial_temperature = 3.0, cooling_rate = 0.999
26 - INFO - chord#: 138 done. best_score=121.0, changed=616, unchanged=535, early_stops=8/8
26 - INFO - chord#: 140 In build_straw_man_chord_sa. tolerance = 1, sa_iterations = 1000, initial_temperature = 3.0, cooling_rate = 0.999
26 - INFO - chord#: 112 done. best_score=31.0, changed=537, unchanged=363, early_stops=8/8
26 - INFO - chord#: 116 In build_straw_man_chord_sa. tolerance = 1, sa_iterations = 1000, initial_temperature = 3.0, cooling_rate = 0.999
26 - INFO - chord#: 144 done. best_score=35.0, changed=523, unchanged=355, early_stops=8/8
26 - INFO - chord#: 146 In build_straw_man_chord_sa. tolerance = 1, sa_iterations = 1000, initial_temperature = 3.0, cooling_rate = 0.999
26 - INFO - chord#: 118 done. best_score=78.0, changed=614, unchanged=305, early_stops=8/8
26 - INFO - chord#: 120 In build_straw_man_chord_sa. tolerance = 1, sa_iterations = 1000, initial_temperature = 3.0, cooling_rate = 0.999
26 - INFO - chord#: 118 done. best_score=157.0, changed=613, unchanged=333, early_stops=8/8
26 - INFO - chord#: 120 In build_straw_man_chord_sa. tolerance = 1, sa_iterations = 1000, initial_temperature = 3.0, cooling_rate = 0.999
26 - INFO - chord#: 136 done. best_score=27.0, changed=532, unchanged=411, early_stops=8/8
26 - INFO - chord#: 138 In build_straw_man_chord_sa. tolerance = 1, sa_iterations = 1000, initial_temperature = 3.0, cooling_rate = 0.999
26 - INFO - chord#: 112 done. best_score=31.0, changed=528, unchanged=364, early_stops=8/8
26 - INFO - chord#: 116 In build_straw_man_chord_sa. tolerance = 1, sa_iterations = 1000, initial_temperature = 3.0, cooling_rate = 0.999
26 - INFO - chord#: 120 done. best_score=11.0, changed=475, unchanged=345, early_stops=8/8
26 - INFO - chord#: 128 In build_straw_man_chord_sa. tolerance = 1, sa_iterations = 1000, initial_temperature = 3.0, cooling_rate = 0.999
26 - INFO - chord#: 120 done. best_score=11.0, changed=497, unchanged=344, early_stops=8/8
26 - INFO - chord#: 128 In build_straw_man_chord_sa. tolerance = 1, sa_iterations = 1000, initial_temperature = 3.0, cooling_rate = 0.999
26 - INFO - chord#: 108 done. best_score=27.0, changed=528, unchanged=321, early_stops=8/8
26 - INFO - chord#: 110 In build_straw_man_chord_sa. tolerance = 1, sa_iterations = 1000, initial_temperature = 3.0, cooling_rate = 0.999
26 - INFO - chord#: 144 done. best_score=35.0, changed=524, unchanged=403, early_stops=8/8
26 - INFO - chord#: 146 In build_straw_man_chord_sa. tolerance = 1, sa_iterations = 1000, initial_temperature = 3.0, cooling_rate = 0.999
26 - INFO - chord#: 116 done. best_score=27.0, changed=522, unchanged=463, early_stops=8/8
26 - INFO - chord#: 118 In build_straw_man_chord_sa. tolerance = 1, sa_iterations = 1000, initial_temperature = 3.0, cooling_rate = 0.999
26 - INFO - chord#: 140 done. best_score=27.0, changed=524, unchanged=431, early_stops=8/8
26 - INFO - chord#: 144 In build_straw_man_chord_sa. tolerance = 1, sa_iterations = 1000, initial_temperature = 3.0, cooling_rate = 0.999
26 - INFO - chord#: 128 done. best_score=27.0, changed=537, unchanged=472, early_stops=8/8
26 - INFO - chord#: 136 In build_straw_man_chord_sa. tolerance = 1, sa_iterations = 1000, initial_temperature = 3.0, cooling_rate = 0.999
26 - INFO - chord#: 116 done. best_score=27.0, changed=507, unchanged=303, early_stops=8/8
26 - INFO - chord#: 118 In build_straw_man_chord_sa. tolerance = 1, sa_iterations = 1000, initial_temperature = 3.0, cooling_rate = 0.999
26 - INFO - chord#: 128 done. best_score=27.0, changed=527, unchanged=400, early_stops=8/8
26 - INFO - chord#: 136 In build_straw_man_chord_sa. tolerance = 1, sa_iterations = 1000, initial_temperature = 3.0, cooling_rate = 0.999
26 - INFO - chord#: 110 done. best_score=70.0, changed=615, unchanged=471, early_stops=8/8
26 - INFO - chord#: 112 In build_straw_man_chord_sa. tolerance = 1, sa_iterations = 1000, initial_temperature = 3.0, cooling_rate = 0.999
26 - INFO - chord#: 110 done. best_score=70.0, changed=612, unchanged=337, early_stops=8/8
26 - INFO - chord#: 112 In build_straw_man_chord_sa. tolerance = 1, sa_iterations = 1000, initial_temperature = 3.0, cooling_rate = 0.999
26 - INFO - chord#: 144 done. best_score=35.0, changed=520, unchanged=321, early_stops=8/8
26 - INFO - chord#: 146 In build_straw_man_chord_sa. tolerance = 1, sa_iterations = 1000, initial_temperature = 3.0, cooling_rate = 0.999
26 - INFO - chord#: 136 done. best_score=27.0, changed=520, unchanged=420, early_stops=8/8
26 - INFO - chord#: 138 In build_straw_man_chord_sa. tolerance = 1, sa_iterations = 1000, initial_temperature = 3.0, cooling_rate = 0.999
26 - INFO - chord#: 136 done. best_score=27.0, changed=523, unchanged=491, early_stops=8/8
26 - INFO - chord#: 138 In build_straw_man_chord_sa. tolerance = 1, sa_iterations = 1000, initial_temperature = 3.0, cooling_rate = 0.999
26 - INFO - chord#: 112 done. best_score=31.0, changed=533, unchanged=360, early_stops=8/8
26 - INFO - chord#: 116 In build_straw_man_chord_sa. tolerance = 1, sa_iterations = 1000, initial_temperature = 3.0, cooling_rate = 0.999
26 - INFO - chord#: 146 done. best_score=71.0, changed=615, unchanged=277, early_stops=8/8
26 - INFO - chord#: 148 In build_straw_man_chord_sa. tolerance = 1, sa_iterations = 1000, initial_temperature = 3.0, cooling_rate = 0.999
26 - INFO - chord#: 112 done. best_score=31.0, changed=523, unchanged=316, early_stops=8/8
26 - INFO - chord#: 116 In build_straw_man_chord_sa. tolerance = 1, sa_iterations = 1000, initial_temperature = 3.0, cooling_rate = 0.999
26 - INFO - chord#: 146 done. best_score=71.0, changed=619, unchanged=595, early_stops=8/8
26 - INFO - chord#: 148 In build_straw_man_chord_sa. tolerance = 1, sa_iterations = 1000, initial_temperature = 3.0, cooling_rate = 0.999
26 - INFO - chord#: 118 done. best_score=67.0, changed=618, unchanged=555, early_stops=8/8
26 - INFO - chord#: 120 In build_straw_man_chord_sa. tolerance = 1, sa_iterations = 1000, initial_temperature = 3.0, cooling_rate = 0.999
26 - INFO - chord#: 110 done. best_score=111.0, changed=614, unchanged=355, early_stops=8/8
26 - INFO - chord#: 112 In build_straw_man_chord_sa. tolerance = 1, sa_iterations = 1000, initial_temperature = 3.0, cooling_rate = 0.999
26 - INFO - chord#: 116 done. best_score=27.0, changed=518, unchanged=332, early_stops=8/8
26 - INFO - chord#: 118 In build_straw_man_chord_sa. tolerance = 1, sa_iterations = 1000, initial_temperature = 3.0, cooling_rate = 0.999
26 - INFO - chord#: 138 done. best_score=74.0, changed=618, unchanged=409, early_stops=8/8
26 - INFO - chord#: 140 In build_straw_man_chord_sa. tolerance = 1, sa_iterations = 1000, initial_temperature = 3.0, cooling_rate = 0.999
26 - INFO - chord#: 120 done. best_score=11.0, changed=482, unchanged=351, early_stops=8/8
26 - INFO - chord#: 128 In build_straw_man_chord_sa. tolerance = 1, sa_iterations = 1000, initial_temperature = 3.0, cooling_rate = 0.999
26 - INFO - chord#: 116 done. best_score=27.0, changed=521, unchanged=404, early_stops=8/8
26 - INFO - chord#: 118 In build_straw_man_chord_sa. tolerance = 1, sa_iterations = 1000, initial_temperature = 3.0, cooling_rate = 0.999
26 - INFO - chord#: 118 done. best_score=67.0, changed=608, unchanged=274, early_stops=8/8
26 - INFO - chord#: 120 In build_straw_man_chord_sa. tolerance = 1, sa_iterations = 1000, initial_temperature = 3.0, cooling_rate = 0.999
26 - INFO - chord#: 118 done. best_score=67.0, changed=613, unchanged=311, early_stops=8/8
26 - INFO - chord#: 120 In build_straw_man_chord_sa. tolerance = 1, sa_iterations = 1000, initial_temperature = 3.0, cooling_rate = 0.999
26 - INFO - chord#: 146 done. best_score=71.0, changed=608, unchanged=230, early_stops=8/8
26 - INFO - chord#: 148 In build_straw_man_chord_sa. tolerance = 1, sa_iterations = 1000, initial_temperature = 3.0, cooling_rate = 0.999
26 - INFO - chord#: 120 done. best_score=11.0, changed=477, unchanged=351, early_stops=8/8
26 - INFO - chord#: 128 In build_straw_man_chord_sa. tolerance = 1, sa_iterations = 1000, initial_temperature = 3.0, cooling_rate = 0.999
26 - INFO - chord#: 120 done. best_score=11.0, changed=481, unchanged=399, early_stops=8/8
26 - INFO - chord#: 128 In build_straw_man_chord_sa. tolerance = 1, sa_iterations = 1000, initial_temperature = 3.0, cooling_rate = 0.999
26 - INFO - chord#: 138 done. best_score=96.0, changed=610, unchanged=310, early_stops=8/8
26 - INFO - chord#: 140 In build_straw_man_chord_sa. tolerance = 1, sa_iterations = 1000, initial_temperature = 3.0, cooling_rate = 0.999
26 - INFO - chord#: 112 done. best_score=31.0, changed=527, unchanged=347, early_stops=8/8
26 - INFO - chord#: 116 In build_straw_man_chord_sa. tolerance = 1, sa_iterations = 1000, initial_temperature = 3.0, cooling_rate = 0.999
26 - INFO - chord#: 148 done. best_score=67.0, changed=613, unchanged=361, early_stops=8/8
26 - INFO - chord#: 150 In build_straw_man_chord_sa. tolerance = 1, sa_iterations = 1000, initial_temperature = 3.0, cooling_rate = 0.999
26 - INFO - chord#: 140 done. best_score=27.0, changed=513, unchanged=381, early_stops=8/8
26 - INFO - chord#: 144 In build_straw_man_chord_sa. tolerance = 1, sa_iterations = 1000, initial_temperature = 3.0, cooling_rate = 0.999
26 - INFO - chord#: 128 done. best_score=27.0, changed=528, unchanged=473, early_stops=8/8
26 - INFO - chord#: 136 In build_straw_man_chord_sa. tolerance = 1, sa_iterations = 1000, initial_temperature = 3.0, cooling_rate = 0.999
26 - INFO - chord#: 128 done. best_score=27.0, changed=520, unchanged=335, early_stops=8/8
26 - INFO - chord#: 136 In build_straw_man_chord_sa. tolerance = 1, sa_iterations = 1000, initial_temperature = 3.0, cooling_rate = 0.999
26 - INFO - chord#: 140 done. best_score=27.0, changed=517, unchanged=370, early_stops=8/8
26 - INFO - chord#: 144 In build_straw_man_chord_sa. tolerance = 1, sa_iterations = 1000, initial_temperature = 3.0, cooling_rate = 0.999
26 - INFO - chord#: 138 done. best_score=74.0, changed=613, unchanged=271, early_stops=8/8
26 - INFO - chord#: 140 In build_straw_man_chord_sa. tolerance = 1, sa_iterations = 1000, initial_temperature = 3.0, cooling_rate = 0.999
26 - INFO - chord#: 128 done. best_score=27.0, changed=525, unchanged=467, early_stops=8/8
26 - INFO - chord#: 136 In build_straw_man_chord_sa. tolerance = 1, sa_iterations = 1000, initial_temperature = 3.0, cooling_rate = 0.999
26 - INFO - chord#: 150 done. best_score=36.0, changed=523, unchanged=426, early_stops=8/8
26 - INFO - chord#: 152 In build_straw_man_chord_sa. tolerance = 1, sa_iterations = 1000, initial_temperature = 3.0, cooling_rate = 0.999
26 - INFO - chord#: 148 done. best_score=67.0, changed=609, unchanged=219, early_stops=8/8
26 - INFO - chord#: 150 In build_straw_man_chord_sa. tolerance = 1, sa_iterations = 1000, initial_temperature = 3.0, cooling_rate = 0.999
26 - INFO - chord#: 118 done. best_score=67.0, changed=614, unchanged=267, early_stops=8/8
26 - INFO - chord#: 120 In build_straw_man_chord_sa. tolerance = 1, sa_iterations = 1000, initial_temperature = 3.0, cooling_rate = 0.999
26 - INFO - chord#: 116 done. best_score=27.0, changed=522, unchanged=454, early_stops=8/8
26 - INFO - chord#: 118 In build_straw_man_chord_sa. tolerance = 1, sa_iterations = 1000, initial_temperature = 3.0, cooling_rate = 0.999
26 - INFO - chord#: 120 done. best_score=11.0, changed=489, unchanged=335, early_stops=8/8
26 - INFO - chord#: 128 In build_straw_man_chord_sa. tolerance = 1, sa_iterations = 1000, initial_temperature = 3.0, cooling_rate = 0.999
26 - INFO - chord#: 136 done. best_score=27.0, changed=524, unchanged=423, early_stops=8/8
26 - INFO - chord#: 138 In build_straw_man_chord_sa. tolerance = 1, sa_iterations = 1000, initial_temperature = 3.0, cooling_rate = 0.999
26 - INFO - chord#: 144 done. best_score=35.0, changed=520, unchanged=476, early_stops=8/8
26 - INFO - chord#: 146 In build_straw_man_chord_sa. tolerance = 1, sa_iterations = 1000, initial_temperature = 3.0, cooling_rate = 0.999
26 - INFO - chord#: 136 done. best_score=27.0, changed=520, unchanged=445, early_stops=8/8
26 - INFO - chord#: 138 In build_straw_man_chord_sa. tolerance = 1, sa_iterations = 1000, initial_temperature = 3.0, cooling_rate = 0.999
26 - INFO - chord#: 148 done. best_score=137.0, changed=610, unchanged=374, early_stops=8/8
26 - INFO - chord#: 150 In build_straw_man_chord_sa. tolerance = 1, sa_iterations = 1000, initial_temperature = 3.0, cooling_rate = 0.999
26 - INFO - chord#: 144 done. best_score=35.0, changed=516, unchanged=358, early_stops=8/8
26 - INFO - chord#: 146 In build_straw_man_chord_sa. tolerance = 1, sa_iterations = 1000, initial_temperature = 3.0, cooling_rate = 0.999
26 - INFO - chord#: 136 done. best_score=27.0, changed=519, unchanged=367, early_stops=8/8
26 - INFO - chord#: 138 In build_straw_man_chord_sa. tolerance = 1, sa_iterations = 1000, initial_temperature = 3.0, cooling_rate = 0.999
26 - INFO - chord#: 118 done. best_score=96.0, changed=620, unchanged=448, early_stops=8/8
26 - INFO - chord#: 120 In build_straw_man_chord_sa. tolerance = 1, sa_iterations = 1000, initial_temperature = 3.0, cooling_rate = 0.999
26 - INFO - chord#: 152 done. best_score=27.0, changed=515, unchanged=396, early_stops=8/8
26 - INFO - chord#: 160 In build_straw_man_chord_sa. tolerance = 1, sa_iterations = 1000, initial_temperature = 3.0, cooling_rate = 0.999
26 - INFO - chord#: 150 done. best_score=36.0, changed=514, unchanged=299, early_stops=8/8
26 - INFO - chord#: 152 In build_straw_man_chord_sa. tolerance = 1, sa_iterations = 1000, initial_temperature = 3.0, cooling_rate = 0.999
26 - INFO - chord#: 140 done. best_score=27.0, changed=527, unchanged=529, early_stops=8/8
26 - INFO - chord#: 144 In build_straw_man_chord_sa. tolerance = 1, sa_iterations = 1000, initial_temperature = 3.0, cooling_rate = 0.999
26 - INFO - chord#: 120 done. best_score=11.0, changed=490, unchanged=374, early_stops=8/8
26 - INFO - chord#: 128 In build_straw_man_chord_sa. tolerance = 1, sa_iterations = 1000, initial_temperature = 3.0, cooling_rate = 0.999
26 - INFO - chord#: 128 done. best_score=27.0, changed=517, unchanged=413, early_stops=8/8
26 - INFO - chord#: 136 In build_straw_man_chord_sa. tolerance = 1, sa_iterations = 1000, initial_temperature = 3.0, cooling_rate = 0.999
26 - INFO - chord#: 150 done. best_score=36.0, changed=521, unchanged=391, early_stops=8/8
26 - INFO - chord#: 152 In build_straw_man_chord_sa. tolerance = 1, sa_iterations = 1000, initial_temperature = 3.0, cooling_rate = 0.999
26 - INFO - chord#: 128 done. best_score=27.0, changed=516, unchanged=308, early_stops=8/8
26 - INFO - chord#: 136 In build_straw_man_chord_sa. tolerance = 1, sa_iterations = 1000, initial_temperature = 3.0, cooling_rate = 0.999
26 - INFO - chord#: 160 done. best_score=27.0, changed=511, unchanged=355, early_stops=8/8
26 - INFO - chord#: 164 In build_straw_man_chord_sa. tolerance = 1, sa_iterations = 1000, initial_temperature = 3.0, cooling_rate = 0.999
26 - INFO - chord#: 136 done. best_score=27.0, changed=524, unchanged=333, early_stops=8/8
26 - INFO - chord#: 138 In build_straw_man_chord_sa. tolerance = 1, sa_iterations = 1000, initial_temperature = 3.0, cooling_rate = 0.999
26 - INFO - chord#: 152 done. best_score=27.0, changed=514, unchanged=363, early_stops=8/8
26 - INFO - chord#: 160 In build_straw_man_chord_sa. tolerance = 1, sa_iterations = 1000, initial_temperature = 3.0, cooling_rate = 0.999
26 - INFO - chord#: 144 done. best_score=35.0, changed=521, unchanged=328, early_stops=8/8
26 - INFO - chord#: 146 In build_straw_man_chord_sa. tolerance = 1, sa_iterations = 1000, initial_temperature = 3.0, cooling_rate = 0.999
26 - INFO - chord#: 146 done. best_score=71.0, changed=618, unchanged=258, early_stops=8/8
26 - INFO - chord#: 148 In build_straw_man_chord_sa. tolerance = 1, sa_iterations = 1000, initial_temperature = 3.0, cooling_rate = 0.999
26 - INFO - chord#: 152 done. best_score=27.0, changed=521, unchanged=404, early_stops=8/8
26 - INFO - chord#: 160 In build_straw_man_chord_sa. tolerance = 1, sa_iterations = 1000, initial_temperature = 3.0, cooling_rate = 0.999
26 - INFO - chord#: 146 done. best_score=71.0, changed=611, unchanged=238, early_stops=8/8
26 - INFO - chord#: 148 In build_straw_man_chord_sa. tolerance = 1, sa_iterations = 1000, initial_temperature = 3.0, cooling_rate = 0.999
26 - INFO - chord#: 136 done. best_score=27.0, changed=522, unchanged=408, early_stops=8/8
26 - INFO - chord#: 138 In build_straw_man_chord_sa. tolerance = 1, sa_iterations = 1000, initial_temperature = 3.0, cooling_rate = 0.999
26 - INFO - chord#: 138 done. best_score=96.0, changed=609, unchanged=279, early_stops=8/8
26 - INFO - chord#: 140 In build_straw_man_chord_sa. tolerance = 1, sa_iterations = 1000, initial_temperature = 3.0, cooling_rate = 0.999
26 - INFO - chord#: 138 done. best_score=74.0, changed=622, unchanged=403, early_stops=8/8
26 - INFO - chord#: 140 In build_straw_man_chord_sa. tolerance = 1, sa_iterations = 1000, initial_temperature = 3.0, cooling_rate = 0.999
26 - INFO - chord#: 118 done. best_score=67.0, changed=614, unchanged=356, early_stops=8/8
26 - INFO - chord#: 120 In build_straw_man_chord_sa. tolerance = 1, sa_iterations = 1000, initial_temperature = 3.0, cooling_rate = 0.999
26 - INFO - chord#: 164 done. best_score=27.0, changed=531, unchanged=491, early_stops=8/8
26 - INFO - chord#: 166 In build_straw_man_chord_sa. tolerance = 1, sa_iterations = 1000, initial_temperature = 3.0, cooling_rate = 0.999
26 - INFO - chord#: 160 done. best_score=27.0, changed=509, unchanged=349, early_stops=8/8
26 - INFO - chord#: 164 In build_straw_man_chord_sa. tolerance = 1, sa_iterations = 1000, initial_temperature = 3.0, cooling_rate = 0.999
26 - INFO - chord#: 120 done. best_score=11.0, changed=478, unchanged=369, early_stops=8/8
26 - INFO - chord#: 128 In build_straw_man_chord_sa. tolerance = 1, sa_iterations = 1000, initial_temperature = 3.0, cooling_rate = 0.999
26 - INFO - chord#: 160 done. best_score=27.0, changed=522, unchanged=387, early_stops=8/8
26 - INFO - chord#: 164 In build_straw_man_chord_sa. tolerance = 1, sa_iterations = 1000, initial_temperature = 3.0, cooling_rate = 0.999
26 - INFO - chord#: 138 done. best_score=96.0, changed=611, unchanged=289, early_stops=8/8
26 - INFO - chord#: 140 In build_straw_man_chord_sa. tolerance = 1, sa_iterations = 1000, initial_temperature = 3.0, cooling_rate = 0.999
26 - INFO - chord#: 146 done. best_score=71.0, changed=612, unchanged=226, early_stops=8/8
26 - INFO - chord#: 148 In build_straw_man_chord_sa. tolerance = 1, sa_iterations = 1000, initial_temperature = 3.0, cooling_rate = 0.999
26 - INFO - chord#: 164 done. best_score=27.0, changed=518, unchanged=338, early_stops=8/8
26 - INFO - chord#: 166 In build_straw_man_chord_sa. tolerance = 1, sa_iterations = 1000, initial_temperature = 3.0, cooling_rate = 0.999
26 - INFO - chord#: 148 done. best_score=137.0, changed=615, unchanged=244, early_stops=8/8
26 - INFO - chord#: 150 In build_straw_man_chord_sa. tolerance = 1, sa_iterations = 1000, initial_temperature = 3.0, cooling_rate = 0.999
26 - INFO - chord#: 164 done. best_score=27.0, changed=524, unchanged=365, early_stops=8/8
26 - INFO - chord#: 166 In build_straw_man_chord_sa. tolerance = 1, sa_iterations = 1000, initial_temperature = 3.0, cooling_rate = 0.999
26 - INFO - chord#: 140 done. best_score=27.0, changed=528, unchanged=437, early_stops=8/8
26 - INFO - chord#: 144 In build_straw_man_chord_sa. tolerance = 1, sa_iterations = 1000, initial_temperature = 3.0, cooling_rate = 0.999
26 - INFO - chord#: 138 done. best_score=96.0, changed=614, unchanged=378, early_stops=8/8
26 - INFO - chord#: 140 In build_straw_man_chord_sa. tolerance = 1, sa_iterations = 1000, initial_temperature = 3.0, cooling_rate = 0.999
26 - INFO - chord#: 140 done. best_score=27.0, changed=526, unchanged=623, early_stops=8/8
26 - INFO - chord#: 144 In build_straw_man_chord_sa. tolerance = 1, sa_iterations = 1000, initial_temperature = 3.0, cooling_rate = 0.999
26 - INFO - chord#: 128 done. best_score=27.0, changed=519, unchanged=370, early_stops=8/8
26 - INFO - chord#: 136 In build_straw_man_chord_sa. tolerance = 1, sa_iterations = 1000, initial_temperature = 3.0, cooling_rate = 0.999
26 - INFO - chord#: 140 done. best_score=27.0, changed=514, unchanged=413, early_stops=8/8
26 - INFO - chord#: 144 In build_straw_man_chord_sa. tolerance = 1, sa_iterations = 1000, initial_temperature = 3.0, cooling_rate = 0.999
26 - INFO - chord#: 150 done. best_score=36.0, changed=523, unchanged=425, early_stops=8/8
26 - INFO - chord#: 152 In build_straw_man_chord_sa. tolerance = 1, sa_iterations = 1000, initial_temperature = 3.0, cooling_rate = 0.999
26 - INFO - chord#: 138 done. best_score=162.0, changed=610, unchanged=312, early_stops=8/8
26 - INFO - chord#: 140 In build_straw_man_chord_sa. tolerance = 1, sa_iterations = 1000, initial_temperature = 3.0, cooling_rate = 0.999
26 - INFO - chord#: 148 done. best_score=67.0, changed=614, unchanged=369, early_stops=8/8
26 - INFO - chord#: 150 In build_straw_man_chord_sa. tolerance = 1, sa_iterations = 1000, initial_temperature = 3.0, cooling_rate = 0.999
26 - INFO - chord#: 140 done. best_score=27.0, changed=518, unchanged=374, early_stops=8/8
26 - INFO - chord#: 144 In build_straw_man_chord_sa. tolerance = 1, sa_iterations = 1000, initial_temperature = 3.0, cooling_rate = 0.999
26 - INFO - chord#: 166 done. best_score=74.0, changed=612, unchanged=259, early_stops=8/8
26 - INFO - chord#: 168 In build_straw_man_chord_sa. tolerance = 1, sa_iterations = 1000, initial_temperature = 3.0, cooling_rate = 0.999
26 - INFO - chord#: 144 done. best_score=35.0, changed=524, unchanged=470, early_stops=8/8
26 - INFO - chord#: 146 In build_straw_man_chord_sa. tolerance = 1, sa_iterations = 1000, initial_temperature = 3.0, cooling_rate = 0.999
26 - INFO - chord#: 136 done. best_score=27.0, changed=529, unchanged=496, early_stops=8/8
26 - INFO - chord#: 138 In build_straw_man_chord_sa. tolerance = 1, sa_iterations = 1000, initial_temperature = 3.0, cooling_rate = 0.999
26 - INFO - chord#: 144 done. best_score=35.0, changed=528, unchanged=468, early_stops=8/8
26 - INFO - chord#: 146 In build_straw_man_chord_sa. tolerance = 1, sa_iterations = 1000, initial_temperature = 3.0, cooling_rate = 0.999
26 - INFO - chord#: 148 done. best_score=67.0, changed=607, unchanged=269, early_stops=8/8
26 - INFO - chord#: 150 In build_straw_man_chord_sa. tolerance = 1, sa_iterations = 1000, initial_temperature = 3.0, cooling_rate = 0.999
26 - INFO - chord#: 144 done. best_score=35.0, changed=531, unchanged=554, early_stops=8/8
26 - INFO - chord#: 146 In build_straw_man_chord_sa. tolerance = 1, sa_iterations = 1000, initial_temperature = 3.0, cooling_rate = 0.999
26 - INFO - chord#: 152 done. best_score=27.0, changed=522, unchanged=373, early_stops=8/8
26 - INFO - chord#: 160 In build_straw_man_chord_sa. tolerance = 1, sa_iterations = 1000, initial_temperature = 3.0, cooling_rate = 0.999
26 - INFO - chord#: 140 done. best_score=27.0, changed=528, unchanged=443, early_stops=8/8
26 - INFO - chord#: 144 In build_straw_man_chord_sa. tolerance = 1, sa_iterations = 1000, initial_temperature = 3.0, cooling_rate = 0.999
26 - INFO - chord#: 166 done. best_score=74.0, changed=610, unchanged=261, early_stops=8/8
26 - INFO - chord#: 168 In build_straw_man_chord_sa. tolerance = 1, sa_iterations = 1000, initial_temperature = 3.0, cooling_rate = 0.999
26 - INFO - chord#: 144 done. best_score=35.0, changed=518, unchanged=402, early_stops=8/8
26 - INFO - chord#: 146 In build_straw_man_chord_sa. tolerance = 1, sa_iterations = 1000, initial_temperature = 3.0, cooling_rate = 0.999
26 - INFO - chord#: 150 done. best_score=36.0, changed=525, unchanged=517, early_stops=8/8
26 - INFO - chord#: 152 In build_straw_man_chord_sa. tolerance = 1, sa_iterations = 1000, initial_temperature = 3.0, cooling_rate = 0.999
26 - INFO - chord#: 166 done. best_score=167.0, changed=613, unchanged=221, early_stops=8/8
26 - INFO - chord#: 168 In build_straw_man_chord_sa. tolerance = 1, sa_iterations = 1000, initial_temperature = 3.0, cooling_rate = 0.999
26 - INFO - chord#: 168 done. best_score=27.0, changed=529, unchanged=412, early_stops=8/8
26 - INFO - chord#: 170 In build_straw_man_chord_sa. tolerance = 1, sa_iterations = 1000, initial_temperature = 3.0, cooling_rate = 0.999
26 - INFO - chord#: 150 done. best_score=36.0, changed=534, unchanged=383, early_stops=8/8
26 - INFO - chord#: 160 done. best_score=27.0, changed=520, unchanged=351, early_stops=8/8
26 - INFO - chord#: 164 In build_straw_man_chord_sa. tolerance = 1, sa_iterations = 1000, initial_temperature = 3.0, cooling_rate = 0.999
26 - INFO - chord#: 152 In build_straw_man_chord_sa. tolerance = 1, sa_iterations = 1000, initial_temperature = 3.0, cooling_rate = 0.999
26 - INFO - chord#: 152 done. best_score=27.0, changed=525, unchanged=379, early_stops=8/8
26 - INFO - chord#: 160 In build_straw_man_chord_sa. tolerance = 1, sa_iterations = 1000, initial_temperature = 3.0, cooling_rate = 0.999
26 - INFO - chord#: 168 done. best_score=27.0, changed=517, unchanged=355, early_stops=8/8
26 - INFO - chord#: 170 In build_straw_man_chord_sa. tolerance = 1, sa_iterations = 1000, initial_temperature = 3.0, cooling_rate = 0.999
26 - INFO - chord#: 144 done. best_score=35.0, changed=526, unchanged=507, early_stops=8/8
26 - INFO - chord#: 146 In build_straw_man_chord_sa. tolerance = 1, sa_iterations = 1000, initial_temperature = 3.0, cooling_rate = 0.999
26 - INFO - chord#: 146 done. best_score=71.0, changed=613, unchanged=208, early_stops=8/8
26 - INFO - chord#: 148 In build_straw_man_chord_sa. tolerance = 1, sa_iterations = 1000, initial_temperature = 3.0, cooling_rate = 0.999
26 - INFO - chord#: 146 done. best_score=71.0, changed=612, unchanged=222, early_stops=8/8
26 - INFO - chord#: 148 In build_straw_man_chord_sa. tolerance = 1, sa_iterations = 1000, initial_temperature = 3.0, cooling_rate = 0.999
26 - INFO - chord#: 164 done. best_score=27.0, changed=525, unchanged=460, early_stops=8/8
26 - INFO - chord#: 166 In build_straw_man_chord_sa. tolerance = 1, sa_iterations = 1000, initial_temperature = 3.0, cooling_rate = 0.999
26 - INFO - chord#: 152 done. best_score=27.0, changed=514, unchanged=360, early_stops=8/8
26 - INFO - chord#: 160 In build_straw_man_chord_sa. tolerance = 1, sa_iterations = 1000, initial_temperature = 3.0, cooling_rate = 0.999
26 - INFO - chord#: 168 done. best_score=27.0, changed=519, unchanged=411, early_stops=8/8
26 - INFO - chord#: 170 In build_straw_man_chord_sa. tolerance = 1, sa_iterations = 1000, initial_temperature = 3.0, cooling_rate = 0.999
26 - INFO - chord#: 170 done. best_score=36.0, changed=521, unchanged=411, early_stops=8/8
26 - INFO - chord#: 172 In build_straw_man_chord_sa. tolerance = 1, sa_iterations = 1000, initial_temperature = 3.0, cooling_rate = 0.999
26 - INFO - chord#: 160 done. best_score=27.0, changed=525, unchanged=440, early_stops=8/8
26 - INFO - chord#: 164 In build_straw_man_chord_sa. tolerance = 1, sa_iterations = 1000, initial_temperature = 3.0, cooling_rate = 0.999
26 - INFO - chord#: 146 done. best_score=71.0, changed=619, unchanged=340, early_stops=8/8
26 - INFO - chord#: 148 In build_straw_man_chord_sa. tolerance = 1, sa_iterations = 1000, initial_temperature = 3.0, cooling_rate = 0.999
26 - INFO - chord#: 170 done. best_score=36.0, changed=522, unchanged=490, early_stops=8/8
26 - INFO - chord#: 172 In build_straw_man_chord_sa. tolerance = 1, sa_iterations = 1000, initial_temperature = 3.0, cooling_rate = 0.999
26 - INFO - chord#: 146 done. best_score=71.0, changed=617, unchanged=387, early_stops=8/8
26 - INFO - chord#: 148 In build_straw_man_chord_sa. tolerance = 1, sa_iterations = 1000, initial_temperature = 3.0, cooling_rate = 0.999
26 - INFO - chord#: 138 done. best_score=96.0, changed=617, unchanged=305, early_stops=8/8
26 - INFO - chord#: 140 In build_straw_man_chord_sa. tolerance = 1, sa_iterations = 1000, initial_temperature = 3.0, cooling_rate = 0.999
26 - INFO - chord#: 164 done. best_score=27.0, changed=529, unchanged=516, early_stops=8/8
26 - INFO - chord#: 166 In build_straw_man_chord_sa. tolerance = 1, sa_iterations = 1000, initial_temperature = 3.0, cooling_rate = 0.999
26 - INFO - chord#: 170 done. best_score=36.0, changed=528, unchanged=396, early_stops=8/8
26 - INFO - chord#: 172 In build_straw_man_chord_sa. tolerance = 1, sa_iterations = 1000, initial_temperature = 3.0, cooling_rate = 0.999
26 - INFO - chord#: 160 done. best_score=27.0, changed=526, unchanged=499, early_stops=8/8
26 - INFO - chord#: 164 In build_straw_man_chord_sa. tolerance = 1, sa_iterations = 1000, initial_temperature = 3.0, cooling_rate = 0.999
26 - INFO - chord#: 172 done. best_score=27.0, changed=515, unchanged=366, early_stops=8/8
26 - INFO - chord#: 176 In build_straw_man_chord_sa. tolerance = 1, sa_iterations = 1000, initial_temperature = 3.0, cooling_rate = 0.999
26 - INFO - chord#: 172 done. best_score=27.0, changed=519, unchanged=539, early_stops=8/8
26 - INFO - chord#: 176 In build_straw_man_chord_sa. tolerance = 1, sa_iterations = 1000, initial_temperature = 3.0, cooling_rate = 0.999
26 - INFO - chord#: 140 done. best_score=27.0, changed=519, unchanged=460, early_stops=8/8
26 - INFO - chord#: 144 In build_straw_man_chord_sa. tolerance = 1, sa_iterations = 1000, initial_temperature = 3.0, cooling_rate = 0.999
26 - INFO - chord#: 146 done. best_score=71.0, changed=613, unchanged=287, early_stops=8/8
26 - INFO - chord#: 148 In build_straw_man_chord_sa. tolerance = 1, sa_iterations = 1000, initial_temperature = 3.0, cooling_rate = 0.999
26 - INFO - chord#: 148 done. best_score=67.0, changed=610, unchanged=226, early_stops=8/8
26 - INFO - chord#: 150 In build_straw_man_chord_sa. tolerance = 1, sa_iterations = 1000, initial_temperature = 3.0, cooling_rate = 0.999
26 - INFO - chord#: 148 done. best_score=67.0, changed=612, unchanged=289, early_stops=8/8
26 - INFO - chord#: 150 In build_straw_man_chord_sa. tolerance = 1, sa_iterations = 1000, initial_temperature = 3.0, cooling_rate = 0.999
26 - INFO - chord#: 166 done. best_score=74.0, changed=612, unchanged=337, early_stops=8/8
26 - INFO - chord#: 168 In build_straw_man_chord_sa. tolerance = 1, sa_iterations = 1000, initial_temperature = 3.0, cooling_rate = 0.999
26 - INFO - chord#: 164 done. best_score=27.0, changed=515, unchanged=387, early_stops=8/8
26 - INFO - chord#: 166 In build_straw_man_chord_sa. tolerance = 1, sa_iterations = 1000, initial_temperature = 3.0, cooling_rate = 0.999
26 - INFO - chord#: 148 done. best_score=67.0, changed=614, unchanged=298, early_stops=8/8
26 - INFO - chord#: 150 In build_straw_man_chord_sa. tolerance = 1, sa_iterations = 1000, initial_temperature = 3.0, cooling_rate = 0.999
26 - INFO - chord#: 172 done. best_score=27.0, changed=522, unchanged=488, early_stops=8/8
26 - INFO - chord#: 176 In build_straw_man_chord_sa. tolerance = 1, sa_iterations = 1000, initial_temperature = 3.0, cooling_rate = 0.999
26 - INFO - chord#: 148 done. best_score=67.0, changed=613, unchanged=388, early_stops=8/8
26 - INFO - chord#: 150 In build_straw_man_chord_sa. tolerance = 1, sa_iterations = 1000, initial_temperature = 3.0, cooling_rate = 0.999
26 - INFO - chord#: 144 done. best_score=35.0, changed=520, unchanged=369, early_stops=8/8
26 - INFO - chord#: 146 In build_straw_man_chord_sa. tolerance = 1, sa_iterations = 1000, initial_temperature = 3.0, cooling_rate = 0.999
26 - INFO - chord#: 150 done. best_score=36.0, changed=522, unchanged=309, early_stops=8/8
26 - INFO - chord#: 152 In build_straw_man_chord_sa. tolerance = 1, sa_iterations = 1000, initial_temperature = 3.0, cooling_rate = 0.999
26 - INFO - chord#: 150 done. best_score=36.0, changed=531, unchanged=419, early_stops=8/8
26 - INFO - chord#: 152 In build_straw_man_chord_sa. tolerance = 1, sa_iterations = 1000, initial_temperature = 3.0, cooling_rate = 0.999
26 - INFO - chord#: 168 done. best_score=27.0, changed=522, unchanged=382, early_stops=8/8
26 - INFO - chord#: 170 In build_straw_man_chord_sa. tolerance = 1, sa_iterations = 1000, initial_temperature = 3.0, cooling_rate = 0.999
26 - INFO - chord#: 176 done. best_score=71.0, changed=607, unchanged=267, early_stops=8/8
26 - INFO - chord#: 178 In build_straw_man_chord_sa. tolerance = 1, sa_iterations = 1000, initial_temperature = 3.0, cooling_rate = 0.999
26 - INFO - chord#: 150 done. best_score=36.0, changed=520, unchanged=362, early_stops=8/8
26 - INFO - chord#: 152 In build_straw_man_chord_sa. tolerance = 1, sa_iterations = 1000, initial_temperature = 3.0, cooling_rate = 0.999
26 - INFO - chord#: 166 done. best_score=74.0, changed=611, unchanged=321, early_stops=8/8
26 - INFO - chord#: 168 In build_straw_man_chord_sa. tolerance = 1, sa_iterations = 1000, initial_temperature = 3.0, cooling_rate = 0.999
26 - INFO - chord#: 150 done. best_score=36.0, changed=518, unchanged=342, early_stops=8/8
26 - INFO - chord#: 152 In build_straw_man_chord_sa. tolerance = 1, sa_iterations = 1000, initial_temperature = 3.0, cooling_rate = 0.999
26 - INFO - chord#: 148 done. best_score=165.0, changed=610, unchanged=285, early_stops=8/8
26 - INFO - chord#: 150 In build_straw_man_chord_sa. tolerance = 1, sa_iterations = 1000, initial_temperature = 3.0, cooling_rate = 0.999
26 - INFO - chord#: 178 done. best_score=35.0, changed=517, unchanged=318, early_stops=8/8
26 - INFO - chord#: 180 In build_straw_man_chord_sa. tolerance = 1, sa_iterations = 1000, initial_temperature = 3.0, cooling_rate = 0.999
26 - INFO - chord#: 152 done. best_score=27.0, changed=516, unchanged=430, early_stops=8/8
26 - INFO - chord#: 160 In build_straw_man_chord_sa. tolerance = 1, sa_iterations = 1000, initial_temperature = 3.0, cooling_rate = 0.999
26 - INFO - chord#: 176 done. best_score=64.0, changed=614, unchanged=334, early_stops=8/8
26 - INFO - chord#: 178 In build_straw_man_chord_sa. tolerance = 1, sa_iterations = 1000, initial_temperature = 3.0, cooling_rate = 0.999
26 - INFO - chord#: 170 done. best_score=36.0, changed=529, unchanged=346, early_stops=8/8
26 - INFO - chord#: 172 In build_straw_man_chord_sa. tolerance = 1, sa_iterations = 1000, initial_temperature = 3.0, cooling_rate = 0.999
26 - INFO - chord#: 152 done. best_score=27.0, changed=524, unchanged=439, early_stops=8/8
26 - INFO - chord#: 160 In build_straw_man_chord_sa. tolerance = 1, sa_iterations = 1000, initial_temperature = 3.0, cooling_rate = 0.999
26 - INFO - chord#: 152 done. best_score=27.0, changed=517, unchanged=404, early_stops=8/8
26 - INFO - chord#: 160 In build_straw_man_chord_sa. tolerance = 1, sa_iterations = 1000, initial_temperature = 3.0, cooling_rate = 0.999
26 - INFO - chord#: 168 done. best_score=27.0, changed=520, unchanged=378, early_stops=8/8
26 - INFO - chord#: 170 In build_straw_man_chord_sa. tolerance = 1, sa_iterations = 1000, initial_temperature = 3.0, cooling_rate = 0.999
26 - INFO - chord#: 150 done. best_score=36.0, changed=531, unchanged=362, early_stops=8/8
26 - INFO - chord#: 152 In build_straw_man_chord_sa. tolerance = 1, sa_iterations = 1000, initial_temperature = 3.0, cooling_rate = 0.999
26 - INFO - chord#: 176 done. best_score=157.0, changed=612, unchanged=229, early_stops=8/8
26 - INFO - chord#: 178 In build_straw_man_chord_sa. tolerance = 1, sa_iterations = 1000, initial_temperature = 3.0, cooling_rate = 0.999
26 - INFO - chord#: 180 done. best_score=27.0, changed=516, unchanged=401, early_stops=8/8
26 - INFO - chord#: 182 In build_straw_man_chord_sa. tolerance = 1, sa_iterations = 1000, initial_temperature = 3.0, cooling_rate = 0.999
26 - INFO - chord#: 152 done. best_score=27.0, changed=521, unchanged=455, early_stops=8/8
26 - INFO - chord#: 160 In build_straw_man_chord_sa. tolerance = 1, sa_iterations = 1000, initial_temperature = 3.0, cooling_rate = 0.999
26 - INFO - chord#: 160 done. best_score=27.0, changed=537, unchanged=493, early_stops=8/8
26 - INFO - chord#: 164 In build_straw_man_chord_sa. tolerance = 1, sa_iterations = 1000, initial_temperature = 3.0, cooling_rate = 0.999
26 - INFO - chord#: 172 done. best_score=27.0, changed=525, unchanged=536, early_stops=8/8
26 - INFO - chord#: 176 In build_straw_man_chord_sa. tolerance = 1, sa_iterations = 1000, initial_temperature = 3.0, cooling_rate = 0.999
26 - INFO - chord#: 146 done. best_score=71.0, changed=613, unchanged=294, early_stops=8/8
26 - INFO - chord#: 148 In build_straw_man_chord_sa. tolerance = 1, sa_iterations = 1000, initial_temperature = 3.0, cooling_rate = 0.999
26 - INFO - chord#: 178 done. best_score=37.0, changed=524, unchanged=479, early_stops=8/8
26 - INFO - chord#: 180 In build_straw_man_chord_sa. tolerance = 1, sa_iterations = 1000, initial_temperature = 3.0, cooling_rate = 0.999
26 - INFO - chord#: 170 done. best_score=36.0, changed=514, unchanged=368, early_stops=8/8
26 - INFO - chord#: 160 done. best_score=27.0, changed=520, unchanged=391, early_stops=8/8
26 - INFO - chord#: 172 In build_straw_man_chord_sa. tolerance = 1, sa_iterations = 1000, initial_temperature = 3.0, cooling_rate = 0.999
26 - INFO - chord#: 164 In build_straw_man_chord_sa. tolerance = 1, sa_iterations = 1000, initial_temperature = 3.0, cooling_rate = 0.999
26 - INFO - chord#: 166 done. best_score=74.0, changed=615, unchanged=366, early_stops=8/8
26 - INFO - chord#: 168 In build_straw_man_chord_sa. tolerance = 1, sa_iterations = 1000, initial_temperature = 3.0, cooling_rate = 0.999
26 - INFO - chord#: 160 done. best_score=27.0, changed=529, unchanged=508, early_stops=8/8
26 - INFO - chord#: 164 In build_straw_man_chord_sa. tolerance = 1, sa_iterations = 1000, initial_temperature = 3.0, cooling_rate = 0.999
26 - INFO - chord#: 152 done. best_score=36.0, changed=516, unchanged=396, early_stops=8/8
26 - INFO - chord#: 160 In build_straw_man_chord_sa. tolerance = 1, sa_iterations = 1000, initial_temperature = 3.0, cooling_rate = 0.999
26 - INFO - chord#: 164 done. best_score=27.0, changed=523, unchanged=404, early_stops=8/8
26 - INFO - chord#: 166 In build_straw_man_chord_sa. tolerance = 1, sa_iterations = 1000, initial_temperature = 3.0, cooling_rate = 0.999
26 - INFO - chord#: 182 done. best_score=47.0, changed=523, unchanged=354, early_stops=8/8
26 - INFO - chord#: 183 In build_straw_man_chord_sa. tolerance = 1, sa_iterations = 1000, initial_temperature = 3.0, cooling_rate = 0.999
26 - INFO - chord#: 178 done. best_score=37.0, changed=516, unchanged=323, early_stops=8/8
26 - INFO - chord#: 180 In build_straw_man_chord_sa. tolerance = 1, sa_iterations = 1000, initial_temperature = 3.0, cooling_rate = 0.999
26 - INFO - chord#: 164 done. best_score=27.0, changed=520, unchanged=354, early_stops=8/8
26 - INFO - chord#: 166 In build_straw_man_chord_sa. tolerance = 1, sa_iterations = 1000, initial_temperature = 3.0, cooling_rate = 0.999
26 - INFO - chord#: 160 done. best_score=27.0, changed=520, unchanged=494, early_stops=8/8
26 - INFO - chord#: 164 In build_straw_man_chord_sa. tolerance = 1, sa_iterations = 1000, initial_temperature = 3.0, cooling_rate = 0.999
26 - INFO - chord#: 172 done. best_score=27.0, changed=527, unchanged=533, early_stops=8/8
26 - INFO - chord#: 176 In build_straw_man_chord_sa. tolerance = 1, sa_iterations = 1000, initial_temperature = 3.0, cooling_rate = 0.999
26 - INFO - chord#: 168 done. best_score=27.0, changed=520, unchanged=344, early_stops=8/8
26 - INFO - chord#: 170 In build_straw_man_chord_sa. tolerance = 1, sa_iterations = 1000, initial_temperature = 3.0, cooling_rate = 0.999
26 - INFO - chord#: 180 done. best_score=27.0, changed=523, unchanged=629, early_stops=8/8
26 - INFO - chord#: 182 In build_straw_man_chord_sa. tolerance = 1, sa_iterations = 1000, initial_temperature = 3.0, cooling_rate = 0.999
26 - INFO - chord#: 164 done. best_score=27.0, changed=530, unchanged=484, early_stops=8/8
26 - INFO - chord#: 166 In build_straw_man_chord_sa. tolerance = 1, sa_iterations = 1000, initial_temperature = 3.0, cooling_rate = 0.999
26 - INFO - chord#: 160 done. best_score=27.0, changed=519, unchanged=465, early_stops=8/8
26 - INFO - chord#: 164 In build_straw_man_chord_sa. tolerance = 1, sa_iterations = 1000, initial_temperature = 3.0, cooling_rate = 0.999
26 - INFO - chord#: 180 done. best_score=27.0, changed=533, unchanged=507, early_stops=8/8
26 - INFO - chord#: 182 In build_straw_man_chord_sa. tolerance = 1, sa_iterations = 1000, initial_temperature = 3.0, cooling_rate = 0.999
26 - INFO - chord#: 176 done. best_score=154.0, changed=614, unchanged=350, early_stops=8/8
26 - INFO - chord#: 178 In build_straw_man_chord_sa. tolerance = 1, sa_iterations = 1000, initial_temperature = 3.0, cooling_rate = 0.999
26 - INFO - chord#: 164 done. best_score=27.0, changed=519, unchanged=341, early_stops=8/8
26 - INFO - chord#: 166 In build_straw_man_chord_sa. tolerance = 1, sa_iterations = 1000, initial_temperature = 3.0, cooling_rate = 0.999
26 - INFO - chord#: 164 done. best_score=27.0, changed=530, unchanged=465, early_stops=8/8
26 - INFO - chord#: 166 In build_straw_man_chord_sa. tolerance = 1, sa_iterations = 1000, initial_temperature = 3.0, cooling_rate = 0.999
26 - INFO - chord#: 170 done. best_score=36.0, changed=528, unchanged=424, early_stops=8/8
26 - INFO - chord#: 172 In build_straw_man_chord_sa. tolerance = 1, sa_iterations = 1000, initial_temperature = 3.0, cooling_rate = 0.999
26 - INFO - chord#: 182 done. best_score=47.0, changed=522, unchanged=560, early_stops=8/8
26 - INFO - chord#: 183 In build_straw_man_chord_sa. tolerance = 1, sa_iterations = 1000, initial_temperature = 3.0, cooling_rate = 0.999
26 - INFO - chord#: 166 done. best_score=74.0, changed=613, unchanged=253, early_stops=8/8
26 - INFO - chord#: 168 In build_straw_man_chord_sa. tolerance = 1, sa_iterations = 1000, initial_temperature = 3.0, cooling_rate = 0.999
26 - INFO - chord#: 148 done. best_score=67.0, changed=613, unchanged=408, early_stops=8/8
26 - INFO - chord#: 150 In build_straw_man_chord_sa. tolerance = 1, sa_iterations = 1000, initial_temperature = 3.0, cooling_rate = 0.999
26 - INFO - chord#: 183 done. best_score=115.0, changed=613, unchanged=271, early_stops=8/8
26 - INFO - chord#: 184 In build_straw_man_chord_sa. tolerance = 1, sa_iterations = 1000, initial_temperature = 3.0, cooling_rate = 0.999
26 - INFO - chord#: 178 done. best_score=37.0, changed=532, unchanged=394, early_stops=8/8
26 - INFO - chord#: 180 In build_straw_man_chord_sa. tolerance = 1, sa_iterations = 1000, initial_temperature = 3.0, cooling_rate = 0.999
26 - INFO - chord#: 166 done. best_score=74.0, changed=608, unchanged=343, early_stops=8/8
26 - INFO - chord#: 168 In build_straw_man_chord_sa. tolerance = 1, sa_iterations = 1000, initial_temperature = 3.0, cooling_rate = 0.999
26 - INFO - chord#: 184 done. best_score=9.0, changed=450, unchanged=360, early_stops=8/8
26 - INFO - chord#: 176 done. best_score=64.0, changed=610, unchanged=309, early_stops=8/8
26 - INFO - chord#: 178 In build_straw_man_chord_sa. tolerance = 1, sa_iterations = 1000, initial_temperature = 3.0, cooling_rate = 0.999
26 - INFO - chord#: 182 done. best_score=47.0, changed=522, unchanged=485, early_stops=8/8
26 - INFO - chord#: 183 In build_straw_man_chord_sa. tolerance = 1, sa_iterations = 1000, initial_temperature = 3.0, cooling_rate = 0.999
26 - INFO - chord#: 168 done. best_score=27.0, changed=520, unchanged=361, early_stops=8/8
26 - INFO - chord#: 170 In build_straw_man_chord_sa. tolerance = 1, sa_iterations = 1000, initial_temperature = 3.0, cooling_rate = 0.999
26 - INFO - chord#: 172 done. best_score=27.0, changed=524, unchanged=449, early_stops=8/8
26 - INFO - chord#: 176 In build_straw_man_chord_sa. tolerance = 1, sa_iterations = 1000, initial_temperature = 3.0, cooling_rate = 0.999
26 - INFO - chord#: 150 done. best_score=36.0, changed=530, unchanged=353, early_stops=8/8
26 - INFO - chord#: 152 In build_straw_man_chord_sa. tolerance = 1, sa_iterations = 1000, initial_temperature = 3.0, cooling_rate = 0.999
26 - INFO - chord#: 178 done. best_score=35.0, changed=533, unchanged=369, early_stops=8/8
26 - INFO - chord#: 180 In build_straw_man_chord_sa. tolerance = 1, sa_iterations = 1000, initial_temperature = 3.0, cooling_rate = 0.999
26 - INFO - chord#: 168 done. best_score=36.0, changed=523, unchanged=379, early_stops=8/8
26 - INFO - chord#: 170 In build_straw_man_chord_sa. tolerance = 1, sa_iterations = 1000, initial_temperature = 3.0, cooling_rate = 0.999
26 - INFO - chord#: 180 done. best_score=27.0, changed=517, unchanged=459, early_stops=8/8
26 - INFO - chord#: 182 In build_straw_man_chord_sa. tolerance = 1, sa_iterations = 1000, initial_temperature = 3.0, cooling_rate = 0.999
26 - INFO - chord#: 166 done. best_score=74.0, changed=608, unchanged=353, early_stops=8/8
26 - INFO - chord#: 168 In build_straw_man_chord_sa. tolerance = 1, sa_iterations = 1000, initial_temperature = 3.0, cooling_rate = 0.999
26 - INFO - chord#: 170 done. best_score=36.0, changed=532, unchanged=509, early_stops=8/8
26 - INFO - chord#: 172 In build_straw_man_chord_sa. tolerance = 1, sa_iterations = 1000, initial_temperature = 3.0, cooling_rate = 0.999
26 - INFO - chord#: 180 done. best_score=27.0, changed=517, unchanged=345, early_stops=8/8
26 - INFO - chord#: 182 In build_straw_man_chord_sa. tolerance = 1, sa_iterations = 1000, initial_temperature = 3.0, cooling_rate = 0.999
26 - INFO - chord#: 170 done. best_score=36.0, changed=515, unchanged=303, early_stops=8/8
26 - INFO - chord#: 172 In build_straw_man_chord_sa. tolerance = 1, sa_iterations = 1000, initial_temperature = 3.0, cooling_rate = 0.999
26 - INFO - chord#: 166 done. best_score=74.0, changed=615, unchanged=329, early_stops=8/8
26 - INFO - chord#: 168 In build_straw_man_chord_sa. tolerance = 1, sa_iterations = 1000, initial_temperature = 3.0, cooling_rate = 0.999
26 - INFO - chord#: 152 done. best_score=27.0, changed=524, unchanged=481, early_stops=8/8
26 - INFO - chord#: 160 In build_straw_man_chord_sa. tolerance = 1, sa_iterations = 1000, initial_temperature = 3.0, cooling_rate = 0.999
26 - INFO - chord#: 166 done. best_score=96.0, changed=610, unchanged=313, early_stops=8/8
26 - INFO - chord#: 168 In build_straw_man_chord_sa. tolerance = 1, sa_iterations = 1000, initial_temperature = 3.0, cooling_rate = 0.999
26 - INFO - chord#: 182 done. best_score=47.0, changed=526, unchanged=465, early_stops=8/8
26 - INFO - chord#: 183 In build_straw_man_chord_sa. tolerance = 1, sa_iterations = 1000, initial_temperature = 3.0, cooling_rate = 0.999
26 - INFO - chord#: 183 done. best_score=113.0, changed=620, unchanged=329, early_stops=8/8
26 - INFO - chord#: 184 In build_straw_man_chord_sa. tolerance = 1, sa_iterations = 1000, initial_temperature = 3.0, cooling_rate = 0.999
26 - INFO - chord#: 184 done. best_score=9.0, changed=445, unchanged=393, early_stops=8/8
26 - INFO - chord#: 168 done. best_score=27.0, changed=519, unchanged=346, early_stops=8/8
26 - INFO - chord#: 170 In build_straw_man_chord_sa. tolerance = 1, sa_iterations = 1000, initial_temperature = 3.0, cooling_rate = 0.999
26 - INFO - chord#: 172 done. best_score=27.0, changed=524, unchanged=419, early_stops=8/8
26 - INFO - chord#: 176 In build_straw_man_chord_sa. tolerance = 1, sa_iterations = 1000, initial_temperature = 3.0, cooling_rate = 0.999
26 - INFO - chord#: 182 done. best_score=47.0, changed=534, unchanged=511, early_stops=8/8
26 - INFO - chord#: 183 In build_straw_man_chord_sa. tolerance = 1, sa_iterations = 1000, initial_temperature = 3.0, cooling_rate = 0.999
26 - INFO - chord#: 172 done. best_score=27.0, changed=526, unchanged=497, early_stops=8/8
26 - INFO - chord#: 176 In build_straw_man_chord_sa. tolerance = 1, sa_iterations = 1000, initial_temperature = 3.0, cooling_rate = 0.999
26 - INFO - chord#: 183 done. best_score=111.0, changed=611, unchanged=364, early_stops=8/8
26 - INFO - chord#: 184 In build_straw_man_chord_sa. tolerance = 1, sa_iterations = 1000, initial_temperature = 3.0, cooling_rate = 0.999
26 - INFO - chord#: 160 done. best_score=27.0, changed=518, unchanged=432, early_stops=8/8
26 - INFO - chord#: 164 In build_straw_man_chord_sa. tolerance = 1, sa_iterations = 1000, initial_temperature = 3.0, cooling_rate = 0.999
26 - INFO - chord#: 184 done. best_score=9.0, changed=448, unchanged=369, early_stops=8/8
26 - INFO - chord#: 168 done. best_score=27.0, changed=525, unchanged=457, early_stops=8/8
26 - INFO - chord#: 170 In build_straw_man_chord_sa. tolerance = 1, sa_iterations = 1000, initial_temperature = 3.0, cooling_rate = 0.999
26 - INFO - chord#: 168 done. best_score=27.0, changed=529, unchanged=500, early_stops=8/8
26 - INFO - chord#: 170 In build_straw_man_chord_sa. tolerance = 1, sa_iterations = 1000, initial_temperature = 3.0, cooling_rate = 0.999
26 - INFO - chord#: 176 done. best_score=64.0, changed=617, unchanged=439, early_stops=8/8
26 - INFO - chord#: 178 In build_straw_man_chord_sa. tolerance = 1, sa_iterations = 1000, initial_temperature = 3.0, cooling_rate = 0.999
26 - INFO - chord#: 170 done. best_score=36.0, changed=513, unchanged=347, early_stops=8/8
26 - INFO - chord#: 172 In build_straw_man_chord_sa. tolerance = 1, sa_iterations = 1000, initial_temperature = 3.0, cooling_rate = 0.999
26 - INFO - chord#: 164 done. best_score=27.0, changed=522, unchanged=423, early_stops=8/8
26 - INFO - chord#: 166 In build_straw_man_chord_sa. tolerance = 1, sa_iterations = 1000, initial_temperature = 3.0, cooling_rate = 0.999
26 - INFO - chord#: 170 done. best_score=36.0, changed=516, unchanged=325, early_stops=8/8
26 - INFO - chord#: 172 In build_straw_man_chord_sa. tolerance = 1, sa_iterations = 1000, initial_temperature = 3.0, cooling_rate = 0.999
26 - INFO - chord#: 178 done. best_score=37.0, changed=527, unchanged=479, early_stops=8/8
26 - INFO - chord#: 180 In build_straw_man_chord_sa. tolerance = 1, sa_iterations = 1000, initial_temperature = 3.0, cooling_rate = 0.999
26 - INFO - chord#: 183 done. best_score=111.0, changed=611, unchanged=390, early_stops=8/8
26 - INFO - chord#: 184 In build_straw_man_chord_sa. tolerance = 1, sa_iterations = 1000, initial_temperature = 3.0, cooling_rate = 0.999
26 - INFO - chord#: 170 done. best_score=36.0, changed=528, unchanged=413, early_stops=8/8
26 - INFO - chord#: 172 In build_straw_man_chord_sa. tolerance = 1, sa_iterations = 1000, initial_temperature = 3.0, cooling_rate = 0.999
26 - INFO - chord#: 176 done. best_score=64.0, changed=609, unchanged=301, early_stops=8/8
26 - INFO - chord#: 178 In build_straw_man_chord_sa. tolerance = 1, sa_iterations = 1000, initial_temperature = 3.0, cooling_rate = 0.999
26 - INFO - chord#: 184 done. best_score=9.0, changed=483, unchanged=372, early_stops=8/8
26 - INFO - chord#: 183 done. best_score=116.0, changed=612, unchanged=313, early_stops=8/8
26 - INFO - chord#: 184 In build_straw_man_chord_sa. tolerance = 1, sa_iterations = 1000, initial_temperature = 3.0, cooling_rate = 0.999
26 - INFO - chord#: 176 done. best_score=64.0, changed=612, unchanged=347, early_stops=8/8
26 - INFO - chord#: 178 In build_straw_man_chord_sa. tolerance = 1, sa_iterations = 1000, initial_temperature = 3.0, cooling_rate = 0.999
26 - INFO - chord#: 172 done. best_score=27.0, changed=514, unchanged=415, early_stops=8/8
26 - INFO - chord#: 176 In build_straw_man_chord_sa. tolerance = 1, sa_iterations = 1000, initial_temperature = 3.0, cooling_rate = 0.999
26 - INFO - chord#: 184 done. best_score=9.0, changed=449, unchanged=375, early_stops=8/8
26 - INFO - chord#: 172 done. best_score=27.0, changed=516, unchanged=435, early_stops=8/8
26 - INFO - chord#: 176 In build_straw_man_chord_sa. tolerance = 1, sa_iterations = 1000, initial_temperature = 3.0, cooling_rate = 0.999
26 - INFO - chord#: 180 done. best_score=27.0, changed=518, unchanged=362, early_stops=8/8
26 - INFO - chord#: 182 In build_straw_man_chord_sa. tolerance = 1, sa_iterations = 1000, initial_temperature = 3.0, cooling_rate = 0.999
26 - INFO - chord#: 172 done. best_score=27.0, changed=520, unchanged=413, early_stops=8/8
26 - INFO - chord#: 176 In build_straw_man_chord_sa. tolerance = 1, sa_iterations = 1000, initial_temperature = 3.0, cooling_rate = 0.999
26 - INFO - chord#: 178 done. best_score=37.0, changed=525, unchanged=399, early_stops=8/8
26 - INFO - chord#: 180 In build_straw_man_chord_sa. tolerance = 1, sa_iterations = 1000, initial_temperature = 3.0, cooling_rate = 0.999
26 - INFO - chord#: 178 done. best_score=37.0, changed=517, unchanged=307, early_stops=8/8
26 - INFO - chord#: 180 In build_straw_man_chord_sa. tolerance = 1, sa_iterations = 1000, initial_temperature = 3.0, cooling_rate = 0.999
26 - INFO - chord#: 180 done. best_score=27.0, changed=522, unchanged=377, early_stops=8/8
26 - INFO - chord#: 182 In build_straw_man_chord_sa. tolerance = 1, sa_iterations = 1000, initial_temperature = 3.0, cooling_rate = 0.999
26 - INFO - chord#: 182 done. best_score=47.0, changed=526, unchanged=429, early_stops=8/8
26 - INFO - chord#: 183 In build_straw_man_chord_sa. tolerance = 1, sa_iterations = 1000, initial_temperature = 3.0, cooling_rate = 0.999
26 - INFO - chord#: 166 done. best_score=74.0, changed=614, unchanged=503, early_stops=8/8
26 - INFO - chord#: 168 In build_straw_man_chord_sa. tolerance = 1, sa_iterations = 1000, initial_temperature = 3.0, cooling_rate = 0.999
26 - INFO - chord#: 180 done. best_score=27.0, changed=529, unchanged=450, early_stops=8/8
26 - INFO - chord#: 182 In build_straw_man_chord_sa. tolerance = 1, sa_iterations = 1000, initial_temperature = 3.0, cooling_rate = 0.999
26 - INFO - chord#: 176 done. best_score=145.0, changed=613, unchanged=445, early_stops=8/8
26 - INFO - chord#: 178 In build_straw_man_chord_sa. tolerance = 1, sa_iterations = 1000, initial_temperature = 3.0, cooling_rate = 0.999
26 - INFO - chord#: 182 done. best_score=47.0, changed=522, unchanged=512, early_stops=8/8
26 - INFO - chord#: 183 In build_straw_man_chord_sa. tolerance = 1, sa_iterations = 1000, initial_temperature = 3.0, cooling_rate = 0.999
26 - INFO - chord#: 176 done. best_score=205.0, changed=614, unchanged=257, early_stops=8/8
26 - INFO - chord#: 178 In build_straw_man_chord_sa. tolerance = 1, sa_iterations = 1000, initial_temperature = 3.0, cooling_rate = 0.999
26 - INFO - chord#: 176 done. best_score=154.0, changed=606, unchanged=204, early_stops=8/8
26 - INFO - chord#: 178 In build_straw_man_chord_sa. tolerance = 1, sa_iterations = 1000, initial_temperature = 3.0, cooling_rate = 0.999
26 - INFO - chord#: 168 done. best_score=27.0, changed=519, unchanged=444, early_stops=8/8
26 - INFO - chord#: 170 In build_straw_man_chord_sa. tolerance = 1, sa_iterations = 1000, initial_temperature = 3.0, cooling_rate = 0.999
26 - INFO - chord#: 182 done. best_score=47.0, changed=522, unchanged=407, early_stops=8/8
26 - INFO - chord#: 183 In build_straw_man_chord_sa. tolerance = 1, sa_iterations = 1000, initial_temperature = 3.0, cooling_rate = 0.999
26 - INFO - chord#: 178 done. best_score=37.0, changed=529, unchanged=327, early_stops=8/8
26 - INFO - chord#: 180 In build_straw_man_chord_sa. tolerance = 1, sa_iterations = 1000, initial_temperature = 3.0, cooling_rate = 0.999
26 - INFO - chord#: 178 done. best_score=37.0, changed=527, unchanged=443, early_stops=8/8
26 - INFO - chord#: 180 In build_straw_man_chord_sa. tolerance = 1, sa_iterations = 1000, initial_temperature = 3.0, cooling_rate = 0.999
26 - INFO - chord#: 178 done. best_score=37.0, changed=527, unchanged=330, early_stops=8/8
26 - INFO - chord#: 180 In build_straw_man_chord_sa. tolerance = 1, sa_iterations = 1000, initial_temperature = 3.0, cooling_rate = 0.999
26 - INFO - chord#: 170 done. best_score=36.0, changed=526, unchanged=467, early_stops=8/8
26 - INFO - chord#: 172 In build_straw_man_chord_sa. tolerance = 1, sa_iterations = 1000, initial_temperature = 3.0, cooling_rate = 0.999
26 - INFO - chord#: 183 done. best_score=111.0, changed=613, unchanged=257, early_stops=8/8
26 - INFO - chord#: 184 In build_straw_man_chord_sa. tolerance = 1, sa_iterations = 1000, initial_temperature = 3.0, cooling_rate = 0.999
26 - INFO - chord#: 184 done. best_score=9.0, changed=472, unchanged=364, early_stops=8/8
26 - INFO - chord#: 180 done. best_score=27.0, changed=525, unchanged=590, early_stops=8/8
26 - INFO - chord#: 182 In build_straw_man_chord_sa. tolerance = 1, sa_iterations = 1000, initial_temperature = 3.0, cooling_rate = 0.999
26 - INFO - chord#: 180 done. best_score=27.0, changed=527, unchanged=493, early_stops=8/8
26 - INFO - chord#: 182 In build_straw_man_chord_sa. tolerance = 1, sa_iterations = 1000, initial_temperature = 3.0, cooling_rate = 0.999
26 - INFO - chord#: 183 done. best_score=155.0, changed=612, unchanged=284, early_stops=8/8
26 - INFO - chord#: 184 In build_straw_man_chord_sa. tolerance = 1, sa_iterations = 1000, initial_temperature = 3.0, cooling_rate = 0.999
26 - INFO - chord#: 172 done. best_score=27.0, changed=514, unchanged=404, early_stops=8/8
26 - INFO - chord#: 176 In build_straw_man_chord_sa. tolerance = 1, sa_iterations = 1000, initial_temperature = 3.0, cooling_rate = 0.999
26 - INFO - chord#: 184 done. best_score=9.0, changed=451, unchanged=406, early_stops=8/8
26 - INFO - chord#: 180 done. best_score=27.0, changed=524, unchanged=522, early_stops=8/8
26 - INFO - chord#: 182 In build_straw_man_chord_sa. tolerance = 1, sa_iterations = 1000, initial_temperature = 3.0, cooling_rate = 0.999
26 - INFO - chord#: 182 done. best_score=47.0, changed=544, unchanged=430, early_stops=8/8
26 - INFO - chord#: 183 In build_straw_man_chord_sa. tolerance = 1, sa_iterations = 1000, initial_temperature = 3.0, cooling_rate = 0.999
26 - INFO - chord#: 183 done. best_score=111.0, changed=616, unchanged=459, early_stops=8/8
26 - INFO - chord#: 184 In build_straw_man_chord_sa. tolerance = 1, sa_iterations = 1000, initial_temperature = 3.0, cooling_rate = 0.999
26 - INFO - chord#: 182 done. best_score=47.0, changed=524, unchanged=424, early_stops=8/8
26 - INFO - chord#: 183 In build_straw_man_chord_sa. tolerance = 1, sa_iterations = 1000, initial_temperature = 3.0, cooling_rate = 0.999
26 - INFO - chord#: 184 done. best_score=9.0, changed=462, unchanged=377, early_stops=8/8
26 - INFO - chord#: 182 done. best_score=47.0, changed=519, unchanged=335, early_stops=8/8
26 - INFO - chord#: 183 In build_straw_man_chord_sa. tolerance = 1, sa_iterations = 1000, initial_temperature = 3.0, cooling_rate = 0.999
26 - INFO - chord#: 176 done. best_score=157.0, changed=610, unchanged=231, early_stops=8/8
26 - INFO - chord#: 178 In build_straw_man_chord_sa. tolerance = 1, sa_iterations = 1000, initial_temperature = 3.0, cooling_rate = 0.999
26 - INFO - chord#: 178 done. best_score=37.0, changed=520, unchanged=427, early_stops=8/8
26 - INFO - chord#: 180 In build_straw_man_chord_sa. tolerance = 1, sa_iterations = 1000, initial_temperature = 3.0, cooling_rate = 0.999
26 - INFO - chord#: 183 done. best_score=111.0, changed=609, unchanged=241, early_stops=8/8
26 - INFO - chord#: 184 In build_straw_man_chord_sa. tolerance = 1, sa_iterations = 1000, initial_temperature = 3.0, cooling_rate = 0.999
26 - INFO - chord#: 183 done. best_score=111.0, changed=610, unchanged=304, early_stops=8/8
26 - INFO - chord#: 184 In build_straw_man_chord_sa. tolerance = 1, sa_iterations = 1000, initial_temperature = 3.0, cooling_rate = 0.999
26 - INFO - chord#: 184 done. best_score=9.0, changed=453, unchanged=390, early_stops=8/8
26 - INFO - chord#: 184 done. best_score=9.0, changed=474, unchanged=382, early_stops=8/8
26 - INFO - chord#: 183 done. best_score=134.0, changed=615, unchanged=293, early_stops=8/8
26 - INFO - chord#: 184 In build_straw_man_chord_sa. tolerance = 1, sa_iterations = 1000, initial_temperature = 3.0, cooling_rate = 0.999
26 - INFO - chord#: 180 done. best_score=27.0, changed=516, unchanged=472, early_stops=8/8
26 - INFO - chord#: 182 In build_straw_man_chord_sa. tolerance = 1, sa_iterations = 1000, initial_temperature = 3.0, cooling_rate = 0.999
26 - INFO - chord#: 184 done. best_score=9.0, changed=446, unchanged=377, early_stops=8/8
26 - INFO - chord#: 182 done. best_score=47.0, changed=513, unchanged=343, early_stops=8/8
26 - INFO - chord#: 183 In build_straw_man_chord_sa. tolerance = 1, sa_iterations = 1000, initial_temperature = 3.0, cooling_rate = 0.999
26 - INFO - chord#: 183 done. best_score=105.0, changed=608, unchanged=245, early_stops=8/8
26 - INFO - chord#: 184 In build_straw_man_chord_sa. tolerance = 1, sa_iterations = 1000, initial_temperature = 3.0, cooling_rate = 0.999
26 - INFO - chord#: 184 done. best_score=9.0, changed=454, unchanged=395, early_stops=8/8
26 - INFO - chord#: 0 In build_straw_man_chord_sa. tolerance = 1, sa_iterations = 1000, initial_temperature = 3.0, cooling_rate = 0.999
26 - INFO - chord#: 0 In build_straw_man_chord_sa. tolerance = 1, sa_iterations = 1000, initial_temperature = 3.0, cooling_rate = 0.999
26 - INFO - chord#: 0 In build_straw_man_chord_sa. tolerance = 1, sa_iterations = 1000, initial_temperature = 3.0, cooling_rate = 0.999
26 - INFO - chord#: 0 In build_straw_man_chord_sa. tolerance = 1, sa_iterations = 1000, initial_temperature = 3.0, cooling_rate = 0.999
26 - INFO - chord#: 0 In build_straw_man_chord_sa. tolerance = 1, sa_iterations = 1000, initial_temperature = 3.0, cooling_rate = 0.999
26 - INFO - chord#: 0 In build_straw_man_chord_sa. tolerance = 1, sa_iterations = 1000, initial_temperature = 3.0, cooling_rate = 0.999
26 - INFO - chord#: 0 In build_straw_man_chord_sa. tolerance = 1, sa_iterations = 1000, initial_temperature = 3.0, cooling_rate = 0.999
26 - INFO - chord#: 0 In build_straw_man_chord_sa. tolerance = 1, sa_iterations = 1000, initial_temperature = 3.0, cooling_rate = 0.999
26 - INFO - chord#: 0 In build_straw_man_chord_sa. tolerance = 1, sa_iterations = 1000, initial_temperature = 3.0, cooling_rate = 0.999
26 - INFO - chord#: 0 In build_straw_man_chord_sa. tolerance = 1, sa_iterations = 1000, initial_temperature = 3.0, cooling_rate = 0.999
26 - INFO - chord#: 0 In build_straw_man_chord_sa. tolerance = 1, sa_iterations = 1000, initial_temperature = 3.0, cooling_rate = 0.999
26 - INFO - chord#: 0 In build_straw_man_chord_sa. tolerance = 1, sa_iterations = 1000, initial_temperature = 3.0, cooling_rate = 0.999
26 - INFO - chord#: 0 done. best_score=27.0, changed=519, unchanged=377, early_stops=8/8
26 - INFO - chord#: 4 In build_straw_man_chord_sa. tolerance = 1, sa_iterations = 1000, initial_temperature = 3.0, cooling_rate = 0.999
26 - INFO - chord#: 0 done. best_score=27.0, changed=516, unchanged=403, early_stops=8/8
26 - INFO - chord#: 0 done. best_score=27.0, changed=518, unchanged=336, early_stops=8/8
26 - INFO - chord#: 4 In build_straw_man_chord_sa. tolerance = 1, sa_iterations = 1000, initial_temperature = 3.0, cooling_rate = 0.999
26 - INFO - chord#: 4 In build_straw_man_chord_sa. tolerance = 1, sa_iterations = 1000, initial_temperature = 3.0, cooling_rate = 0.999
26 - INFO - chord#: 0 done. best_score=27.0, changed=518, unchanged=474, early_stops=8/8
26 - INFO - chord#: 4 In build_straw_man_chord_sa. tolerance = 1, sa_iterations = 1000, initial_temperature = 3.0, cooling_rate = 0.999
26 - INFO - chord#: 0 done. best_score=27.0, changed=524, unchanged=445, early_stops=8/8
26 - INFO - chord#: 4 In build_straw_man_chord_sa. tolerance = 1, sa_iterations = 1000, initial_temperature = 3.0, cooling_rate = 0.999
26 - INFO - chord#: 0 done. best_score=27.0, changed=514, unchanged=299, early_stops=8/8
26 - INFO - chord#: 4 In build_straw_man_chord_sa. tolerance = 1, sa_iterations = 1000, initial_temperature = 3.0, cooling_rate = 0.999
26 - INFO - chord#: 0 done. best_score=27.0, changed=516, unchanged=367, early_stops=8/8
26 - INFO - chord#: 4 In build_straw_man_chord_sa. tolerance = 1, sa_iterations = 1000, initial_temperature = 3.0, cooling_rate = 0.999
26 - INFO - chord#: 0 done. best_score=27.0, changed=523, unchanged=483, early_stops=8/8
26 - INFO - chord#: 4 In build_straw_man_chord_sa. tolerance = 1, sa_iterations = 1000, initial_temperature = 3.0, cooling_rate = 0.999
26 - INFO - chord#: 0 done. best_score=27.0, changed=521, unchanged=328, early_stops=8/8
26 - INFO - chord#: 4 In build_straw_man_chord_sa. tolerance = 1, sa_iterations = 1000, initial_temperature = 3.0, cooling_rate = 0.999
26 - INFO - chord#: 0 done. best_score=27.0, changed=520, unchanged=391, early_stops=8/8
26 - INFO - chord#: 4 In build_straw_man_chord_sa. tolerance = 1, sa_iterations = 1000, initial_temperature = 3.0, cooling_rate = 0.999
26 - INFO - chord#: 0 done. best_score=27.0, changed=518, unchanged=429, early_stops=8/8
26 - INFO - chord#: 4 In build_straw_man_chord_sa. tolerance = 1, sa_iterations = 1000, initial_temperature = 3.0, cooling_rate = 0.999
26 - INFO - chord#: 0 done. best_score=27.0, changed=530, unchanged=480, early_stops=8/8
26 - INFO - chord#: 4 In build_straw_man_chord_sa. tolerance = 1, sa_iterations = 1000, initial_temperature = 3.0, cooling_rate = 0.999
26 - INFO - chord#: 4 done. best_score=27.0, changed=526, unchanged=428, early_stops=8/8
26 - INFO - chord#: 6 In build_straw_man_chord_sa. tolerance = 1, sa_iterations = 1000, initial_temperature = 3.0, cooling_rate = 0.999
26 - INFO - chord#: 4 done. best_score=27.0, changed=522, unchanged=480, early_stops=8/8
26 - INFO - chord#: 6 In build_straw_man_chord_sa. tolerance = 1, sa_iterations = 1000, initial_temperature = 3.0, cooling_rate = 0.999
26 - INFO - chord#: 4 done. best_score=27.0, changed=521, unchanged=311, early_stops=8/8
26 - INFO - chord#: 6 In build_straw_man_chord_sa. tolerance = 1, sa_iterations = 1000, initial_temperature = 3.0, cooling_rate = 0.999
26 - INFO - chord#: 4 done. best_score=27.0, changed=529, unchanged=511, early_stops=8/8
26 - INFO - chord#: 6 In build_straw_man_chord_sa. tolerance = 1, sa_iterations = 1000, initial_temperature = 3.0, cooling_rate = 0.999
26 - INFO - chord#: 4 done. best_score=27.0, changed=531, unchanged=473, early_stops=8/8
26 - INFO - chord#: 6 In build_straw_man_chord_sa. tolerance = 1, sa_iterations = 1000, initial_temperature = 3.0, cooling_rate = 0.999
26 - INFO - chord#: 4 done. best_score=27.0, changed=524, unchanged=349, early_stops=8/8
26 - INFO - chord#: 6 In build_straw_man_chord_sa. tolerance = 1, sa_iterations = 1000, initial_temperature = 3.0, cooling_rate = 0.999
26 - INFO - chord#: 4 done. best_score=27.0, changed=520, unchanged=392, early_stops=8/8
26 - INFO - chord#: 6 In build_straw_man_chord_sa. tolerance = 1, sa_iterations = 1000, initial_temperature = 3.0, cooling_rate = 0.999
26 - INFO - chord#: 4 done. best_score=27.0, changed=532, unchanged=419, early_stops=8/8
26 - INFO - chord#: 6 In build_straw_man_chord_sa. tolerance = 1, sa_iterations = 1000, initial_temperature = 3.0, cooling_rate = 0.999
26 - INFO - chord#: 4 done. best_score=27.0, changed=519, unchanged=367, early_stops=8/8
26 - INFO - chord#: 6 In build_straw_man_chord_sa. tolerance = 1, sa_iterations = 1000, initial_temperature = 3.0, cooling_rate = 0.999
26 - INFO - chord#: 4 done. best_score=27.0, changed=523, unchanged=426, early_stops=8/8
26 - INFO - chord#: 6 In build_straw_man_chord_sa. tolerance = 1, sa_iterations = 1000, initial_temperature = 3.0, cooling_rate = 0.999
26 - INFO - chord#: 4 done. best_score=27.0, changed=521, unchanged=504, early_stops=8/8
26 - INFO - chord#: 6 In build_straw_man_chord_sa. tolerance = 1, sa_iterations = 1000, initial_temperature = 3.0, cooling_rate = 0.999
26 - INFO - chord#: 4 done. best_score=27.0, changed=531, unchanged=545, early_stops=8/8
26 - INFO - chord#: 6 In build_straw_man_chord_sa. tolerance = 1, sa_iterations = 1000, initial_temperature = 3.0, cooling_rate = 0.999
26 - INFO - chord#: 6 done. best_score=27.0, changed=512, unchanged=330, early_stops=8/8
26 - INFO - chord#: 8 In build_straw_man_chord_sa. tolerance = 1, sa_iterations = 1000, initial_temperature = 3.0, cooling_rate = 0.999
26 - INFO - chord#: 6 done. best_score=27.0, changed=517, unchanged=448, early_stops=8/8
26 - INFO - chord#: 8 In build_straw_man_chord_sa. tolerance = 1, sa_iterations = 1000, initial_temperature = 3.0, cooling_rate = 0.999
26 - INFO - chord#: 6 done. best_score=27.0, changed=519, unchanged=425, early_stops=8/8
26 - INFO - chord#: 8 In build_straw_man_chord_sa. tolerance = 1, sa_iterations = 1000, initial_temperature = 3.0, cooling_rate = 0.999
26 - INFO - chord#: 6 done. best_score=27.0, changed=518, unchanged=354, early_stops=8/8
26 - INFO - chord#: 8 In build_straw_man_chord_sa. tolerance = 1, sa_iterations = 1000, initial_temperature = 3.0, cooling_rate = 0.999
26 - INFO - chord#: 6 done. best_score=27.0, changed=515, unchanged=501, early_stops=8/8
26 - INFO - chord#: 8 In build_straw_man_chord_sa. tolerance = 1, sa_iterations = 1000, initial_temperature = 3.0, cooling_rate = 0.999
26 - INFO - chord#: 6 done. best_score=27.0, changed=518, unchanged=331, early_stops=8/8
26 - INFO - chord#: 8 In build_straw_man_chord_sa. tolerance = 1, sa_iterations = 1000, initial_temperature = 3.0, cooling_rate = 0.999
26 - INFO - chord#: 6 done. best_score=27.0, changed=518, unchanged=375, early_stops=8/8
26 - INFO - chord#: 8 In build_straw_man_chord_sa. tolerance = 1, sa_iterations = 1000, initial_temperature = 3.0, cooling_rate = 0.999
26 - INFO - chord#: 6 done. best_score=27.0, changed=523, unchanged=427, early_stops=8/8
26 - INFO - chord#: 8 In build_straw_man_chord_sa. tolerance = 1, sa_iterations = 1000, initial_temperature = 3.0, cooling_rate = 0.999
26 - INFO - chord#: 6 done. best_score=27.0, changed=530, unchanged=476, early_stops=8/8
26 - INFO - chord#: 8 In build_straw_man_chord_sa. tolerance = 1, sa_iterations = 1000, initial_temperature = 3.0, cooling_rate = 0.999
26 - INFO - chord#: 8 done. best_score=27.0, changed=518, unchanged=333, early_stops=8/8
26 - INFO - chord#: 12 In build_straw_man_chord_sa. tolerance = 1, sa_iterations = 1000, initial_temperature = 3.0, cooling_rate = 0.999
26 - INFO - chord#: 6 done. best_score=27.0, changed=530, unchanged=497, early_stops=8/8
26 - INFO - chord#: 8 In build_straw_man_chord_sa. tolerance = 1, sa_iterations = 1000, initial_temperature = 3.0, cooling_rate = 0.999
26 - INFO - chord#: 6 done. best_score=27.0, changed=523, unchanged=435, early_stops=8/8
26 - INFO - chord#: 8 In build_straw_man_chord_sa. tolerance = 1, sa_iterations = 1000, initial_temperature = 3.0, cooling_rate = 0.999
26 - INFO - chord#: 6 done. best_score=27.0, changed=522, unchanged=374, early_stops=8/8
26 - INFO - chord#: 8 In build_straw_man_chord_sa. tolerance = 1, sa_iterations = 1000, initial_temperature = 3.0, cooling_rate = 0.999
26 - INFO - chord#: 8 done. best_score=27.0, changed=521, unchanged=429, early_stops=8/8
26 - INFO - chord#: 12 In build_straw_man_chord_sa. tolerance = 1, sa_iterations = 1000, initial_temperature = 3.0, cooling_rate = 0.999
26 - INFO - chord#: 8 done. best_score=27.0, changed=535, unchanged=523, early_stops=8/8
26 - INFO - chord#: 12 In build_straw_man_chord_sa. tolerance = 1, sa_iterations = 1000, initial_temperature = 3.0, cooling_rate = 0.999
26 - INFO - chord#: 8 done. best_score=27.0, changed=523, unchanged=460, early_stops=8/8
26 - INFO - chord#: 12 In build_straw_man_chord_sa. tolerance = 1, sa_iterations = 1000, initial_temperature = 3.0, cooling_rate = 0.999
26 - INFO - chord#: 8 done. best_score=27.0, changed=519, unchanged=489, early_stops=8/8
26 - INFO - chord#: 12 In build_straw_man_chord_sa. tolerance = 1, sa_iterations = 1000, initial_temperature = 3.0, cooling_rate = 0.999
26 - INFO - chord#: 8 done. best_score=27.0, changed=513, unchanged=323, early_stops=8/8
26 - INFO - chord#: 12 In build_straw_man_chord_sa. tolerance = 1, sa_iterations = 1000, initial_temperature = 3.0, cooling_rate = 0.999
26 - INFO - chord#: 8 done. best_score=27.0, changed=525, unchanged=370, early_stops=8/8
26 - INFO - chord#: 12 In build_straw_man_chord_sa. tolerance = 1, sa_iterations = 1000, initial_temperature = 3.0, cooling_rate = 0.999
26 - INFO - chord#: 8 done. best_score=27.0, changed=518, unchanged=368, early_stops=8/8
26 - INFO - chord#: 12 In build_straw_man_chord_sa. tolerance = 1, sa_iterations = 1000, initial_temperature = 3.0, cooling_rate = 0.999
26 - INFO - chord#: 12 done. best_score=27.0, changed=521, unchanged=461, early_stops=8/8
26 - INFO - chord#: 14 In build_straw_man_chord_sa. tolerance = 1, sa_iterations = 1000, initial_temperature = 3.0, cooling_rate = 0.999
26 - INFO - chord#: 8 done. best_score=27.0, changed=527, unchanged=433, early_stops=8/8
26 - INFO - chord#: 12 In build_straw_man_chord_sa. tolerance = 1, sa_iterations = 1000, initial_temperature = 3.0, cooling_rate = 0.999
26 - INFO - chord#: 8 done. best_score=27.0, changed=523, unchanged=394, early_stops=8/8
26 - INFO - chord#: 12 In build_straw_man_chord_sa. tolerance = 1, sa_iterations = 1000, initial_temperature = 3.0, cooling_rate = 0.999
26 - INFO - chord#: 8 done. best_score=27.0, changed=526, unchanged=419, early_stops=8/8
26 - INFO - chord#: 12 In build_straw_man_chord_sa. tolerance = 1, sa_iterations = 1000, initial_temperature = 3.0, cooling_rate = 0.999
26 - INFO - chord#: 8 done. best_score=27.0, changed=518, unchanged=365, early_stops=8/8
26 - INFO - chord#: 12 In build_straw_man_chord_sa. tolerance = 1, sa_iterations = 1000, initial_temperature = 3.0, cooling_rate = 0.999
26 - INFO - chord#: 12 done. best_score=27.0, changed=518, unchanged=340, early_stops=8/8
26 - INFO - chord#: 14 In build_straw_man_chord_sa. tolerance = 1, sa_iterations = 1000, initial_temperature = 3.0, cooling_rate = 0.999
26 - INFO - chord#: 12 done. best_score=27.0, changed=514, unchanged=387, early_stops=8/8
26 - INFO - chord#: 14 In build_straw_man_chord_sa. tolerance = 1, sa_iterations = 1000, initial_temperature = 3.0, cooling_rate = 0.999
26 - INFO - chord#: 12 done. best_score=27.0, changed=533, unchanged=586, early_stops=8/8
26 - INFO - chord#: 14 In build_straw_man_chord_sa. tolerance = 1, sa_iterations = 1000, initial_temperature = 3.0, cooling_rate = 0.999
26 - INFO - chord#: 12 done. best_score=27.0, changed=517, unchanged=416, early_stops=8/8
26 - INFO - chord#: 14 In build_straw_man_chord_sa. tolerance = 1, sa_iterations = 1000, initial_temperature = 3.0, cooling_rate = 0.999
26 - INFO - chord#: 12 done. best_score=27.0, changed=530, unchanged=396, early_stops=8/8
26 - INFO - chord#: 14 In build_straw_man_chord_sa. tolerance = 1, sa_iterations = 1000, initial_temperature = 3.0, cooling_rate = 0.999
26 - INFO - chord#: 12 done. best_score=27.0, changed=519, unchanged=433, early_stops=8/8
26 - INFO - chord#: 14 In build_straw_man_chord_sa. tolerance = 1, sa_iterations = 1000, initial_temperature = 3.0, cooling_rate = 0.999
26 - INFO - chord#: 12 done. best_score=27.0, changed=519, unchanged=317, early_stops=8/8
26 - INFO - chord#: 14 In build_straw_man_chord_sa. tolerance = 1, sa_iterations = 1000, initial_temperature = 3.0, cooling_rate = 0.999
26 - INFO - chord#: 12 done. best_score=27.0, changed=515, unchanged=323, early_stops=8/8
26 - INFO - chord#: 14 In build_straw_man_chord_sa. tolerance = 1, sa_iterations = 1000, initial_temperature = 3.0, cooling_rate = 0.999
26 - INFO - chord#: 12 done. best_score=27.0, changed=522, unchanged=455, early_stops=8/8
26 - INFO - chord#: 14 In build_straw_man_chord_sa. tolerance = 1, sa_iterations = 1000, initial_temperature = 3.0, cooling_rate = 0.999
26 - INFO - chord#: 12 done. best_score=27.0, changed=519, unchanged=352, early_stops=8/8
26 - INFO - chord#: 14 In build_straw_man_chord_sa. tolerance = 1, sa_iterations = 1000, initial_temperature = 3.0, cooling_rate = 0.999
26 - INFO - chord#: 12 done. best_score=27.0, changed=516, unchanged=318, early_stops=8/8
26 - INFO - chord#: 14 In build_straw_man_chord_sa. tolerance = 1, sa_iterations = 1000, initial_temperature = 3.0, cooling_rate = 0.999
26 - INFO - chord#: 14 done. best_score=96.0, changed=613, unchanged=384, early_stops=8/8
26 - INFO - chord#: 16 In build_straw_man_chord_sa. tolerance = 1, sa_iterations = 1000, initial_temperature = 3.0, cooling_rate = 0.999
26 - INFO - chord#: 14 done. best_score=74.0, changed=617, unchanged=465, early_stops=8/8
26 - INFO - chord#: 16 In build_straw_man_chord_sa. tolerance = 1, sa_iterations = 1000, initial_temperature = 3.0, cooling_rate = 0.999
26 - INFO - chord#: 14 done. best_score=74.0, changed=614, unchanged=487, early_stops=8/8
26 - INFO - chord#: 16 In build_straw_man_chord_sa. tolerance = 1, sa_iterations = 1000, initial_temperature = 3.0, cooling_rate = 0.999
26 - INFO - chord#: 16 done. best_score=31.0, changed=525, unchanged=338, early_stops=8/8
26 - INFO - chord#: 18 In build_straw_man_chord_sa. tolerance = 1, sa_iterations = 1000, initial_temperature = 3.0, cooling_rate = 0.999
26 - INFO - chord#: 14 done. best_score=96.0, changed=619, unchanged=360, early_stops=8/8
26 - INFO - chord#: 16 In build_straw_man_chord_sa. tolerance = 1, sa_iterations = 1000, initial_temperature = 3.0, cooling_rate = 0.999
26 - INFO - chord#: 18 done. best_score=7.0, changed=486, unchanged=334, early_stops=8/8
26 - INFO - chord#: 20 In build_straw_man_chord_sa. tolerance = 1, sa_iterations = 1000, initial_temperature = 3.0, cooling_rate = 0.999
26 - INFO - chord#: 14 done. best_score=74.0, changed=613, unchanged=351, early_stops=8/8
26 - INFO - chord#: 16 In build_straw_man_chord_sa. tolerance = 1, sa_iterations = 1000, initial_temperature = 3.0, cooling_rate = 0.999
26 - INFO - chord#: 14 done. best_score=121.0, changed=618, unchanged=458, early_stops=8/8
26 - INFO - chord#: 16 In build_straw_man_chord_sa. tolerance = 1, sa_iterations = 1000, initial_temperature = 3.0, cooling_rate = 0.999
26 - INFO - chord#: 14 done. best_score=74.0, changed=612, unchanged=309, early_stops=8/8
26 - INFO - chord#: 16 In build_straw_man_chord_sa. tolerance = 1, sa_iterations = 1000, initial_temperature = 3.0, cooling_rate = 0.999
26 - INFO - chord#: 16 done. best_score=31.0, changed=529, unchanged=400, early_stops=8/8
26 - INFO - chord#: 18 In build_straw_man_chord_sa. tolerance = 1, sa_iterations = 1000, initial_temperature = 3.0, cooling_rate = 0.999
26 - INFO - chord#: 14 done. best_score=96.0, changed=616, unchanged=343, early_stops=8/8
26 - INFO - chord#: 16 In build_straw_man_chord_sa. tolerance = 1, sa_iterations = 1000, initial_temperature = 3.0, cooling_rate = 0.999
26 - INFO - chord#: 14 done. best_score=96.0, changed=614, unchanged=379, early_stops=8/8
26 - INFO - chord#: 16 In build_straw_man_chord_sa. tolerance = 1, sa_iterations = 1000, initial_temperature = 3.0, cooling_rate = 0.999
26 - INFO - chord#: 16 done. best_score=31.0, changed=520, unchanged=375, early_stops=8/8
26 - INFO - chord#: 18 In build_straw_man_chord_sa. tolerance = 1, sa_iterations = 1000, initial_temperature = 3.0, cooling_rate = 0.999
26 - INFO - chord#: 18 done. best_score=7.0, changed=482, unchanged=329, early_stops=8/8
26 - INFO - chord#: 20 In build_straw_man_chord_sa. tolerance = 1, sa_iterations = 1000, initial_temperature = 3.0, cooling_rate = 0.999
26 - INFO - chord#: 14 done. best_score=96.0, changed=612, unchanged=478, early_stops=8/8
26 - INFO - chord#: 16 In build_straw_man_chord_sa. tolerance = 1, sa_iterations = 1000, initial_temperature = 3.0, cooling_rate = 0.999
26 - INFO - chord#: 18 done. best_score=7.0, changed=507, unchanged=302, early_stops=8/8
26 - INFO - chord#: 20 In build_straw_man_chord_sa. tolerance = 1, sa_iterations = 1000, initial_temperature = 3.0, cooling_rate = 0.999
26 - INFO - chord#: 14 done. best_score=121.0, changed=612, unchanged=354, early_stops=8/8
26 - INFO - chord#: 16 In build_straw_man_chord_sa. tolerance = 1, sa_iterations = 1000, initial_temperature = 3.0, cooling_rate = 0.999
26 - INFO - chord#: 16 done. best_score=31.0, changed=523, unchanged=382, early_stops=8/8
26 - INFO - chord#: 18 In build_straw_man_chord_sa. tolerance = 1, sa_iterations = 1000, initial_temperature = 3.0, cooling_rate = 0.999
26 - INFO - chord#: 16 done. best_score=31.0, changed=522, unchanged=462, early_stops=8/8
26 - INFO - chord#: 18 In build_straw_man_chord_sa. tolerance = 1, sa_iterations = 1000, initial_temperature = 3.0, cooling_rate = 0.999
26 - INFO - chord#: 14 done. best_score=96.0, changed=614, unchanged=394, early_stops=8/8
26 - INFO - chord#: 16 In build_straw_man_chord_sa. tolerance = 1, sa_iterations = 1000, initial_temperature = 3.0, cooling_rate = 0.999
26 - INFO - chord#: 20 done. best_score=27.0, changed=524, unchanged=438, early_stops=8/8
26 - INFO - chord#: 22 In build_straw_man_chord_sa. tolerance = 1, sa_iterations = 1000, initial_temperature = 3.0, cooling_rate = 0.999
26 - INFO - chord#: 18 done. best_score=7.0, changed=500, unchanged=318, early_stops=8/8
26 - INFO - chord#: 20 In build_straw_man_chord_sa. tolerance = 1, sa_iterations = 1000, initial_temperature = 3.0, cooling_rate = 0.999
26 - INFO - chord#: 18 done. best_score=7.0, changed=499, unchanged=305, early_stops=8/8
26 - INFO - chord#: 20 In build_straw_man_chord_sa. tolerance = 1, sa_iterations = 1000, initial_temperature = 3.0, cooling_rate = 0.999
26 - INFO - chord#: 16 done. best_score=31.0, changed=520, unchanged=411, early_stops=8/8
26 - INFO - chord#: 18 In build_straw_man_chord_sa. tolerance = 1, sa_iterations = 1000, initial_temperature = 3.0, cooling_rate = 0.999
26 - INFO - chord#: 16 done. best_score=31.0, changed=531, unchanged=440, early_stops=8/8
26 - INFO - chord#: 18 In build_straw_man_chord_sa. tolerance = 1, sa_iterations = 1000, initial_temperature = 3.0, cooling_rate = 0.999
26 - INFO - chord#: 16 done. best_score=31.0, changed=528, unchanged=429, early_stops=8/8
26 - INFO - chord#: 18 In build_straw_man_chord_sa. tolerance = 1, sa_iterations = 1000, initial_temperature = 3.0, cooling_rate = 0.999
26 - INFO - chord#: 18 done. best_score=7.0, changed=495, unchanged=313, early_stops=8/8
26 - INFO - chord#: 20 In build_straw_man_chord_sa. tolerance = 1, sa_iterations = 1000, initial_temperature = 3.0, cooling_rate = 0.999
26 - INFO - chord#: 16 done. best_score=31.0, changed=521, unchanged=446, early_stops=8/8
26 - INFO - chord#: 18 In build_straw_man_chord_sa. tolerance = 1, sa_iterations = 1000, initial_temperature = 3.0, cooling_rate = 0.999
26 - INFO - chord#: 20 done. best_score=27.0, changed=512, unchanged=380, early_stops=8/8
26 - INFO - chord#: 22 In build_straw_man_chord_sa. tolerance = 1, sa_iterations = 1000, initial_temperature = 3.0, cooling_rate = 0.999
26 - INFO - chord#: 18 done. best_score=7.0, changed=510, unchanged=320, early_stops=8/8
26 - INFO - chord#: 20 In build_straw_man_chord_sa. tolerance = 1, sa_iterations = 1000, initial_temperature = 3.0, cooling_rate = 0.999
26 - INFO - chord#: 20 done. best_score=27.0, changed=516, unchanged=316, early_stops=8/8
26 - INFO - chord#: 22 In build_straw_man_chord_sa. tolerance = 1, sa_iterations = 1000, initial_temperature = 3.0, cooling_rate = 0.999
26 - INFO - chord#: 16 done. best_score=31.0, changed=522, unchanged=390, early_stops=8/8
26 - INFO - chord#: 18 In build_straw_man_chord_sa. tolerance = 1, sa_iterations = 1000, initial_temperature = 3.0, cooling_rate = 0.999
26 - INFO - chord#: 18 done. best_score=7.0, changed=496, unchanged=320, early_stops=8/8
26 - INFO - chord#: 20 In build_straw_man_chord_sa. tolerance = 1, sa_iterations = 1000, initial_temperature = 3.0, cooling_rate = 0.999
26 - INFO - chord#: 18 done. best_score=7.0, changed=495, unchanged=334, early_stops=8/8
26 - INFO - chord#: 20 In build_straw_man_chord_sa. tolerance = 1, sa_iterations = 1000, initial_temperature = 3.0, cooling_rate = 0.999
26 - INFO - chord#: 16 done. best_score=31.0, changed=525, unchanged=395, early_stops=8/8
26 - INFO - chord#: 18 In build_straw_man_chord_sa. tolerance = 1, sa_iterations = 1000, initial_temperature = 3.0, cooling_rate = 0.999
26 - INFO - chord#: 18 done. best_score=7.0, changed=505, unchanged=302, early_stops=8/8
26 - INFO - chord#: 20 In build_straw_man_chord_sa. tolerance = 1, sa_iterations = 1000, initial_temperature = 3.0, cooling_rate = 0.999
26 - INFO - chord#: 16 done. best_score=31.0, changed=523, unchanged=354, early_stops=8/8
26 - INFO - chord#: 18 In build_straw_man_chord_sa. tolerance = 1, sa_iterations = 1000, initial_temperature = 3.0, cooling_rate = 0.999
26 - INFO - chord#: 18 done. best_score=7.0, changed=505, unchanged=310, early_stops=8/8
26 - INFO - chord#: 20 In build_straw_man_chord_sa. tolerance = 1, sa_iterations = 1000, initial_temperature = 3.0, cooling_rate = 0.999
26 - INFO - chord#: 20 done. best_score=27.0, changed=527, unchanged=436, early_stops=8/8
26 - INFO - chord#: 22 In build_straw_man_chord_sa. tolerance = 1, sa_iterations = 1000, initial_temperature = 3.0, cooling_rate = 0.999
26 - INFO - chord#: 20 done. best_score=27.0, changed=521, unchanged=389, early_stops=8/8
26 - INFO - chord#: 22 In build_straw_man_chord_sa. tolerance = 1, sa_iterations = 1000, initial_temperature = 3.0, cooling_rate = 0.999
26 - INFO - chord#: 18 done. best_score=7.0, changed=499, unchanged=310, early_stops=8/8
26 - INFO - chord#: 20 In build_straw_man_chord_sa. tolerance = 1, sa_iterations = 1000, initial_temperature = 3.0, cooling_rate = 0.999
26 - INFO - chord#: 20 done. best_score=27.0, changed=523, unchanged=446, early_stops=8/8
26 - INFO - chord#: 22 In build_straw_man_chord_sa. tolerance = 1, sa_iterations = 1000, initial_temperature = 3.0, cooling_rate = 0.999
26 - INFO - chord#: 20 done. best_score=27.0, changed=515, unchanged=337, early_stops=8/8
26 - INFO - chord#: 22 In build_straw_man_chord_sa. tolerance = 1, sa_iterations = 1000, initial_temperature = 3.0, cooling_rate = 0.999
26 - INFO - chord#: 22 done. best_score=67.0, changed=612, unchanged=238, early_stops=8/8
26 - INFO - chord#: 24 In build_straw_man_chord_sa. tolerance = 1, sa_iterations = 1000, initial_temperature = 3.0, cooling_rate = 0.999
26 - INFO - chord#: 20 done. best_score=27.0, changed=521, unchanged=355, early_stops=8/8
26 - INFO - chord#: 22 In build_straw_man_chord_sa. tolerance = 1, sa_iterations = 1000, initial_temperature = 3.0, cooling_rate = 0.999
26 - INFO - chord#: 20 done. best_score=27.0, changed=515, unchanged=495, early_stops=8/8
26 - INFO - chord#: 22 In build_straw_man_chord_sa. tolerance = 1, sa_iterations = 1000, initial_temperature = 3.0, cooling_rate = 0.999
26 - INFO - chord#: 24 done. best_score=9.0, changed=459, unchanged=368, early_stops=8/8
26 - INFO - chord#: 32 In build_straw_man_chord_sa. tolerance = 1, sa_iterations = 1000, initial_temperature = 3.0, cooling_rate = 0.999
26 - INFO - chord#: 20 done. best_score=27.0, changed=525, unchanged=506, early_stops=8/8
26 - INFO - chord#: 22 In build_straw_man_chord_sa. tolerance = 1, sa_iterations = 1000, initial_temperature = 3.0, cooling_rate = 0.999
26 - INFO - chord#: 20 done. best_score=27.0, changed=527, unchanged=514, early_stops=8/8
26 - INFO - chord#: 22 In build_straw_man_chord_sa. tolerance = 1, sa_iterations = 1000, initial_temperature = 3.0, cooling_rate = 0.999
26 - INFO - chord#: 22 done. best_score=140.0, changed=614, unchanged=320, early_stops=8/8
26 - INFO - chord#: 24 In build_straw_man_chord_sa. tolerance = 1, sa_iterations = 1000, initial_temperature = 3.0, cooling_rate = 0.999
26 - INFO - chord#: 22 done. best_score=67.0, changed=617, unchanged=311, early_stops=8/8
26 - INFO - chord#: 24 In build_straw_man_chord_sa. tolerance = 1, sa_iterations = 1000, initial_temperature = 3.0, cooling_rate = 0.999
26 - INFO - chord#: 20 done. best_score=27.0, changed=517, unchanged=450, early_stops=8/8
26 - INFO - chord#: 22 In build_straw_man_chord_sa. tolerance = 1, sa_iterations = 1000, initial_temperature = 3.0, cooling_rate = 0.999
26 - INFO - chord#: 24 done. best_score=9.0, changed=448, unchanged=365, early_stops=8/8
26 - INFO - chord#: 32 In build_straw_man_chord_sa. tolerance = 1, sa_iterations = 1000, initial_temperature = 3.0, cooling_rate = 0.999
26 - INFO - chord#: 24 done. best_score=9.0, changed=461, unchanged=396, early_stops=8/8
26 - INFO - chord#: 32 In build_straw_man_chord_sa. tolerance = 1, sa_iterations = 1000, initial_temperature = 3.0, cooling_rate = 0.999
26 - INFO - chord#: 32 done. best_score=27.0, changed=517, unchanged=354, early_stops=8/8
26 - INFO - chord#: 38 In build_straw_man_chord_sa. tolerance = 1, sa_iterations = 1000, initial_temperature = 3.0, cooling_rate = 0.999
26 - INFO - chord#: 22 done. best_score=78.0, changed=607, unchanged=239, early_stops=8/8
26 - INFO - chord#: 24 In build_straw_man_chord_sa. tolerance = 1, sa_iterations = 1000, initial_temperature = 3.0, cooling_rate = 0.999
26 - INFO - chord#: 22 done. best_score=67.0, changed=617, unchanged=293, early_stops=8/8
26 - INFO - chord#: 24 In build_straw_man_chord_sa. tolerance = 1, sa_iterations = 1000, initial_temperature = 3.0, cooling_rate = 0.999
26 - INFO - chord#: 24 done. best_score=9.0, changed=452, unchanged=375, early_stops=8/8
26 - INFO - chord#: 32 In build_straw_man_chord_sa. tolerance = 1, sa_iterations = 1000, initial_temperature = 3.0, cooling_rate = 0.999
26 - INFO - chord#: 24 done. best_score=9.0, changed=459, unchanged=362, early_stops=8/8
26 - INFO - chord#: 32 In build_straw_man_chord_sa. tolerance = 1, sa_iterations = 1000, initial_temperature = 3.0, cooling_rate = 0.999
26 - INFO - chord#: 32 done. best_score=27.0, changed=527, unchanged=347, early_stops=8/8
26 - INFO - chord#: 38 In build_straw_man_chord_sa. tolerance = 1, sa_iterations = 1000, initial_temperature = 3.0, cooling_rate = 0.999
26 - INFO - chord#: 32 done. best_score=27.0, changed=525, unchanged=371, early_stops=8/8
26 - INFO - chord#: 38 In build_straw_man_chord_sa. tolerance = 1, sa_iterations = 1000, initial_temperature = 3.0, cooling_rate = 0.999
26 - INFO - chord#: 22 done. best_score=78.0, changed=610, unchanged=231, early_stops=8/8
26 - INFO - chord#: 24 In build_straw_man_chord_sa. tolerance = 1, sa_iterations = 1000, initial_temperature = 3.0, cooling_rate = 0.999
26 - INFO - chord#: 24 done. best_score=9.0, changed=452, unchanged=373, early_stops=8/8
26 - INFO - chord#: 32 In build_straw_man_chord_sa. tolerance = 1, sa_iterations = 1000, initial_temperature = 3.0, cooling_rate = 0.999
26 - INFO - chord#: 32 done. best_score=27.0, changed=527, unchanged=426, early_stops=8/8
26 - INFO - chord#: 38 In build_straw_man_chord_sa. tolerance = 1, sa_iterations = 1000, initial_temperature = 3.0, cooling_rate = 0.999
26 - INFO - chord#: 22 done. best_score=137.0, changed=611, unchanged=295, early_stops=8/8
26 - INFO - chord#: 24 In build_straw_man_chord_sa. tolerance = 1, sa_iterations = 1000, initial_temperature = 3.0, cooling_rate = 0.999
26 - INFO - chord#: 22 done. best_score=125.0, changed=612, unchanged=318, early_stops=8/8
26 - INFO - chord#: 24 In build_straw_man_chord_sa. tolerance = 1, sa_iterations = 1000, initial_temperature = 3.0, cooling_rate = 0.999
26 - INFO - chord#: 32 done. best_score=27.0, changed=527, unchanged=336, early_stops=8/8
26 - INFO - chord#: 38 In build_straw_man_chord_sa. tolerance = 1, sa_iterations = 1000, initial_temperature = 3.0, cooling_rate = 0.999
26 - INFO - chord#: 24 done. best_score=9.0, changed=467, unchanged=359, early_stops=8/8
26 - INFO - chord#: 32 In build_straw_man_chord_sa. tolerance = 1, sa_iterations = 1000, initial_temperature = 3.0, cooling_rate = 0.999
26 - INFO - chord#: 24 done. best_score=9.0, changed=455, unchanged=365, early_stops=8/8
26 - INFO - chord#: 32 In build_straw_man_chord_sa. tolerance = 1, sa_iterations = 1000, initial_temperature = 3.0, cooling_rate = 0.999
26 - INFO - chord#: 22 done. best_score=67.0, changed=611, unchanged=312, early_stops=8/8
26 - INFO - chord#: 24 In build_straw_man_chord_sa. tolerance = 1, sa_iterations = 1000, initial_temperature = 3.0, cooling_rate = 0.999
26 - INFO - chord#: 22 done. best_score=137.0, changed=614, unchanged=415, early_stops=8/8
26 - INFO - chord#: 24 In build_straw_man_chord_sa. tolerance = 1, sa_iterations = 1000, initial_temperature = 3.0, cooling_rate = 0.999
26 - INFO - chord#: 32 done. best_score=27.0, changed=530, unchanged=313, early_stops=8/8
26 - INFO - chord#: 38 In build_straw_man_chord_sa. tolerance = 1, sa_iterations = 1000, initial_temperature = 3.0, cooling_rate = 0.999
26 - INFO - chord#: 38 done. best_score=74.0, changed=614, unchanged=267, early_stops=8/8
26 - INFO - chord#: 40 In build_straw_man_chord_sa. tolerance = 1, sa_iterations = 1000, initial_temperature = 3.0, cooling_rate = 0.999
26 - INFO - chord#: 24 done. best_score=9.0, changed=463, unchanged=404, early_stops=8/8
26 - INFO - chord#: 32 In build_straw_man_chord_sa. tolerance = 1, sa_iterations = 1000, initial_temperature = 3.0, cooling_rate = 0.999
26 - INFO - chord#: 24 done. best_score=9.0, changed=454, unchanged=383, early_stops=8/8
26 - INFO - chord#: 32 In build_straw_man_chord_sa. tolerance = 1, sa_iterations = 1000, initial_temperature = 3.0, cooling_rate = 0.999
26 - INFO - chord#: 22 done. best_score=67.0, changed=610, unchanged=308, early_stops=8/8
26 - INFO - chord#: 24 In build_straw_man_chord_sa. tolerance = 1, sa_iterations = 1000, initial_temperature = 3.0, cooling_rate = 0.999
26 - INFO - chord#: 22 done. best_score=137.0, changed=611, unchanged=313, early_stops=8/8
26 - INFO - chord#: 24 In build_straw_man_chord_sa. tolerance = 1, sa_iterations = 1000, initial_temperature = 3.0, cooling_rate = 0.999
26 - INFO - chord#: 32 done. best_score=27.0, changed=523, unchanged=375, early_stops=8/8
26 - INFO - chord#: 38 In build_straw_man_chord_sa. tolerance = 1, sa_iterations = 1000, initial_temperature = 3.0, cooling_rate = 0.999
26 - INFO - chord#: 32 done. best_score=27.0, changed=524, unchanged=356, early_stops=8/8
26 - INFO - chord#: 38 In build_straw_man_chord_sa. tolerance = 1, sa_iterations = 1000, initial_temperature = 3.0, cooling_rate = 0.999
26 - INFO - chord#: 24 done. best_score=9.0, changed=457, unchanged=368, early_stops=8/8
26 - INFO - chord#: 32 In build_straw_man_chord_sa. tolerance = 1, sa_iterations = 1000, initial_temperature = 3.0, cooling_rate = 0.999
26 - INFO - chord#: 24 done. best_score=9.0, changed=466, unchanged=395, early_stops=8/8
26 - INFO - chord#: 32 In build_straw_man_chord_sa. tolerance = 1, sa_iterations = 1000, initial_temperature = 3.0, cooling_rate = 0.999
26 - INFO - chord#: 38 done. best_score=74.0, changed=612, unchanged=375, early_stops=8/8
26 - INFO - chord#: 40 In build_straw_man_chord_sa. tolerance = 1, sa_iterations = 1000, initial_temperature = 3.0, cooling_rate = 0.999
26 - INFO - chord#: 40 done. best_score=27.0, changed=523, unchanged=416, early_stops=8/8
26 - INFO - chord#: 42 In build_straw_man_chord_sa. tolerance = 1, sa_iterations = 1000, initial_temperature = 3.0, cooling_rate = 0.999
26 - INFO - chord#: 38 done. best_score=74.0, changed=617, unchanged=425, early_stops=8/8
26 - INFO - chord#: 40 In build_straw_man_chord_sa. tolerance = 1, sa_iterations = 1000, initial_temperature = 3.0, cooling_rate = 0.999
26 - INFO - chord#: 32 done. best_score=27.0, changed=525, unchanged=343, early_stops=8/8
26 - INFO - chord#: 38 In build_straw_man_chord_sa. tolerance = 1, sa_iterations = 1000, initial_temperature = 3.0, cooling_rate = 0.999
26 - INFO - chord#: 32 done. best_score=27.0, changed=532, unchanged=392, early_stops=8/8
26 - INFO - chord#: 38 In build_straw_man_chord_sa. tolerance = 1, sa_iterations = 1000, initial_temperature = 3.0, cooling_rate = 0.999
26 - INFO - chord#: 32 done. best_score=27.0, changed=540, unchanged=371, early_stops=8/8
26 - INFO - chord#: 38 In build_straw_man_chord_sa. tolerance = 1, sa_iterations = 1000, initial_temperature = 3.0, cooling_rate = 0.999
26 - INFO - chord#: 38 done. best_score=74.0, changed=613, unchanged=362, early_stops=8/8
26 - INFO - chord#: 40 In build_straw_man_chord_sa. tolerance = 1, sa_iterations = 1000, initial_temperature = 3.0, cooling_rate = 0.999
26 - INFO - chord#: 32 done. best_score=27.0, changed=526, unchanged=318, early_stops=8/8
26 - INFO - chord#: 38 In build_straw_man_chord_sa. tolerance = 1, sa_iterations = 1000, initial_temperature = 3.0, cooling_rate = 0.999
26 - INFO - chord#: 38 done. best_score=74.0, changed=609, unchanged=209, early_stops=8/8
26 - INFO - chord#: 40 In build_straw_man_chord_sa. tolerance = 1, sa_iterations = 1000, initial_temperature = 3.0, cooling_rate = 0.999
26 - INFO - chord#: 40 done. best_score=27.0, changed=531, unchanged=464, early_stops=8/8
26 - INFO - chord#: 42 In build_straw_man_chord_sa. tolerance = 1, sa_iterations = 1000, initial_temperature = 3.0, cooling_rate = 0.999
26 - INFO - chord#: 38 done. best_score=74.0, changed=609, unchanged=251, early_stops=8/8
26 - INFO - chord#: 40 In build_straw_man_chord_sa. tolerance = 1, sa_iterations = 1000, initial_temperature = 3.0, cooling_rate = 0.999
26 - INFO - chord#: 42 done. best_score=36.0, changed=525, unchanged=504, early_stops=8/8
26 - INFO - chord#: 44 In build_straw_man_chord_sa. tolerance = 1, sa_iterations = 1000, initial_temperature = 3.0, cooling_rate = 0.999
26 - INFO - chord#: 40 done. best_score=27.0, changed=520, unchanged=458, early_stops=8/8
26 - INFO - chord#: 42 In build_straw_man_chord_sa. tolerance = 1, sa_iterations = 1000, initial_temperature = 3.0, cooling_rate = 0.999
26 - INFO - chord#: 40 done. best_score=27.0, changed=525, unchanged=441, early_stops=8/8
26 - INFO - chord#: 42 In build_straw_man_chord_sa. tolerance = 1, sa_iterations = 1000, initial_temperature = 3.0, cooling_rate = 0.999
26 - INFO - chord#: 38 done. best_score=74.0, changed=610, unchanged=308, early_stops=8/8
26 - INFO - chord#: 40 In build_straw_man_chord_sa. tolerance = 1, sa_iterations = 1000, initial_temperature = 3.0, cooling_rate = 0.999
26 - INFO - chord#: 40 done. best_score=27.0, changed=528, unchanged=432, early_stops=8/8
26 - INFO - chord#: 42 In build_straw_man_chord_sa. tolerance = 1, sa_iterations = 1000, initial_temperature = 3.0, cooling_rate = 0.999
26 - INFO - chord#: 42 done. best_score=36.0, changed=531, unchanged=498, early_stops=8/8
26 - INFO - chord#: 44 In build_straw_man_chord_sa. tolerance = 1, sa_iterations = 1000, initial_temperature = 3.0, cooling_rate = 0.999
26 - INFO - chord#: 44 done. best_score=27.0, changed=522, unchanged=427, early_stops=8/8
26 - INFO - chord#: 48 In build_straw_man_chord_sa. tolerance = 1, sa_iterations = 1000, initial_temperature = 3.0, cooling_rate = 0.999
26 - INFO - chord#: 38 done. best_score=74.0, changed=614, unchanged=278, early_stops=8/8
26 - INFO - chord#: 40 In build_straw_man_chord_sa. tolerance = 1, sa_iterations = 1000, initial_temperature = 3.0, cooling_rate = 0.999
26 - INFO - chord#: 40 done. best_score=27.0, changed=523, unchanged=413, early_stops=8/8
26 - INFO - chord#: 42 In build_straw_man_chord_sa. tolerance = 1, sa_iterations = 1000, initial_temperature = 3.0, cooling_rate = 0.999
26 - INFO - chord#: 42 done. best_score=36.0, changed=522, unchanged=413, early_stops=8/8
26 - INFO - chord#: 44 In build_straw_man_chord_sa. tolerance = 1, sa_iterations = 1000, initial_temperature = 3.0, cooling_rate = 0.999
26 - INFO - chord#: 42 done. best_score=36.0, changed=521, unchanged=540, early_stops=8/8
26 - INFO - chord#: 44 In build_straw_man_chord_sa. tolerance = 1, sa_iterations = 1000, initial_temperature = 3.0, cooling_rate = 0.999
26 - INFO - chord#: 38 done. best_score=74.0, changed=609, unchanged=270, early_stops=8/8
26 - INFO - chord#: 40 In build_straw_man_chord_sa. tolerance = 1, sa_iterations = 1000, initial_temperature = 3.0, cooling_rate = 0.999
26 - INFO - chord#: 40 done. best_score=27.0, changed=527, unchanged=461, early_stops=8/8
26 - INFO - chord#: 42 In build_straw_man_chord_sa. tolerance = 1, sa_iterations = 1000, initial_temperature = 3.0, cooling_rate = 0.999
26 - INFO - chord#: 42 done. best_score=36.0, changed=523, unchanged=472, early_stops=8/8
26 - INFO - chord#: 44 In build_straw_man_chord_sa. tolerance = 1, sa_iterations = 1000, initial_temperature = 3.0, cooling_rate = 0.999
26 - INFO - chord#: 44 done. best_score=27.0, changed=519, unchanged=584, early_stops=8/8
26 - INFO - chord#: 48 In build_straw_man_chord_sa. tolerance = 1, sa_iterations = 1000, initial_temperature = 3.0, cooling_rate = 0.999
26 - INFO - chord#: 44 done. best_score=27.0, changed=525, unchanged=452, early_stops=8/8
26 - INFO - chord#: 48 In build_straw_man_chord_sa. tolerance = 1, sa_iterations = 1000, initial_temperature = 3.0, cooling_rate = 0.999
26 - INFO - chord#: 40 done. best_score=27.0, changed=521, unchanged=419, early_stops=8/8
26 - INFO - chord#: 42 In build_straw_man_chord_sa. tolerance = 1, sa_iterations = 1000, initial_temperature = 3.0, cooling_rate = 0.999
26 - INFO - chord#: 42 done. best_score=36.0, changed=523, unchanged=442, early_stops=8/8
26 - INFO - chord#: 44 In build_straw_man_chord_sa. tolerance = 1, sa_iterations = 1000, initial_temperature = 3.0, cooling_rate = 0.999
26 - INFO - chord#: 38 done. best_score=148.0, changed=611, unchanged=302, early_stops=8/8
26 - INFO - chord#: 40 In build_straw_man_chord_sa. tolerance = 1, sa_iterations = 1000, initial_temperature = 3.0, cooling_rate = 0.999
26 - INFO - chord#: 38 done. best_score=74.0, changed=612, unchanged=528, early_stops=8/8
26 - INFO - chord#: 40 In build_straw_man_chord_sa. tolerance = 1, sa_iterations = 1000, initial_temperature = 3.0, cooling_rate = 0.999
26 - INFO - chord#: 44 done. best_score=27.0, changed=524, unchanged=517, early_stops=8/8
26 - INFO - chord#: 48 In build_straw_man_chord_sa. tolerance = 1, sa_iterations = 1000, initial_temperature = 3.0, cooling_rate = 0.999
26 - INFO - chord#: 38 done. best_score=148.0, changed=613, unchanged=423, early_stops=8/8
26 - INFO - chord#: 40 In build_straw_man_chord_sa. tolerance = 1, sa_iterations = 1000, initial_temperature = 3.0, cooling_rate = 0.999
26 - INFO - chord#: 42 done. best_score=36.0, changed=509, unchanged=309, early_stops=8/8
26 - INFO - chord#: 44 In build_straw_man_chord_sa. tolerance = 1, sa_iterations = 1000, initial_temperature = 3.0, cooling_rate = 0.999
26 - INFO - chord#: 40 done. best_score=27.0, changed=511, unchanged=301, early_stops=8/8
26 - INFO - chord#: 42 In build_straw_man_chord_sa. tolerance = 1, sa_iterations = 1000, initial_temperature = 3.0, cooling_rate = 0.999
26 - INFO - chord#: 44 done. best_score=27.0, changed=519, unchanged=463, early_stops=8/8
26 - INFO - chord#: 48 In build_straw_man_chord_sa. tolerance = 1, sa_iterations = 1000, initial_temperature = 3.0, cooling_rate = 0.999
26 - INFO - chord#: 48 done. best_score=64.0, changed=612, unchanged=365, early_stops=8/8
26 - INFO - chord#: 50 In build_straw_man_chord_sa. tolerance = 1, sa_iterations = 1000, initial_temperature = 3.0, cooling_rate = 0.999
26 - INFO - chord#: 42 done. best_score=36.0, changed=527, unchanged=431, early_stops=8/8
26 - INFO - chord#: 44 In build_straw_man_chord_sa. tolerance = 1, sa_iterations = 1000, initial_temperature = 3.0, cooling_rate = 0.999
26 - INFO - chord#: 44 done. best_score=27.0, changed=519, unchanged=436, early_stops=8/8
26 - INFO - chord#: 48 In build_straw_man_chord_sa. tolerance = 1, sa_iterations = 1000, initial_temperature = 3.0, cooling_rate = 0.999
26 - INFO - chord#: 40 done. best_score=27.0, changed=512, unchanged=319, early_stops=8/8
26 - INFO - chord#: 42 In build_straw_man_chord_sa. tolerance = 1, sa_iterations = 1000, initial_temperature = 3.0, cooling_rate = 0.999
26 - INFO - chord#: 40 done. best_score=27.0, changed=519, unchanged=398, early_stops=8/8
26 - INFO - chord#: 42 In build_straw_man_chord_sa. tolerance = 1, sa_iterations = 1000, initial_temperature = 3.0, cooling_rate = 0.999
26 - INFO - chord#: 44 done. best_score=27.0, changed=524, unchanged=419, early_stops=8/8
26 - INFO - chord#: 48 In build_straw_man_chord_sa. tolerance = 1, sa_iterations = 1000, initial_temperature = 3.0, cooling_rate = 0.999
26 - INFO - chord#: 40 done. best_score=27.0, changed=519, unchanged=411, early_stops=8/8
26 - INFO - chord#: 42 In build_straw_man_chord_sa. tolerance = 1, sa_iterations = 1000, initial_temperature = 3.0, cooling_rate = 0.999
26 - INFO - chord#: 48 done. best_score=104.0, changed=614, unchanged=245, early_stops=8/8
26 - INFO - chord#: 50 In build_straw_man_chord_sa. tolerance = 1, sa_iterations = 1000, initial_temperature = 3.0, cooling_rate = 0.999
26 - INFO - chord#: 42 done. best_score=36.0, changed=519, unchanged=360, early_stops=8/8
26 - INFO - chord#: 44 In build_straw_man_chord_sa. tolerance = 1, sa_iterations = 1000, initial_temperature = 3.0, cooling_rate = 0.999
26 - INFO - chord#: 50 done. best_score=37.0, changed=519, unchanged=351, early_stops=8/8
26 - INFO - chord#: 52 In build_straw_man_chord_sa. tolerance = 1, sa_iterations = 1000, initial_temperature = 3.0, cooling_rate = 0.999
26 - INFO - chord#: 48 done. best_score=145.0, changed=615, unchanged=455, early_stops=8/8
26 - INFO - chord#: 50 In build_straw_man_chord_sa. tolerance = 1, sa_iterations = 1000, initial_temperature = 3.0, cooling_rate = 0.999
26 - INFO - chord#: 44 done. best_score=27.0, changed=520, unchanged=430, early_stops=8/8
26 - INFO - chord#: 48 In build_straw_man_chord_sa. tolerance = 1, sa_iterations = 1000, initial_temperature = 3.0, cooling_rate = 0.999
26 - INFO - chord#: 48 done. best_score=145.0, changed=610, unchanged=359, early_stops=8/8
26 - INFO - chord#: 50 In build_straw_man_chord_sa. tolerance = 1, sa_iterations = 1000, initial_temperature = 3.0, cooling_rate = 0.999
26 - INFO - chord#: 50 done. best_score=37.0, changed=520, unchanged=323, early_stops=8/8
26 - INFO - chord#: 52 In build_straw_man_chord_sa. tolerance = 1, sa_iterations = 1000, initial_temperature = 3.0, cooling_rate = 0.999
26 - INFO - chord#: 42 done. best_score=36.0, changed=527, unchanged=420, early_stops=8/8
26 - INFO - chord#: 44 In build_straw_man_chord_sa. tolerance = 1, sa_iterations = 1000, initial_temperature = 3.0, cooling_rate = 0.999
26 - INFO - chord#: 42 done. best_score=36.0, changed=530, unchanged=371, early_stops=8/8
26 - INFO - chord#: 44 In build_straw_man_chord_sa. tolerance = 1, sa_iterations = 1000, initial_temperature = 3.0, cooling_rate = 0.999
26 - INFO - chord#: 42 done. best_score=36.0, changed=522, unchanged=387, early_stops=8/8
26 - INFO - chord#: 44 In build_straw_man_chord_sa. tolerance = 1, sa_iterations = 1000, initial_temperature = 3.0, cooling_rate = 0.999
26 - INFO - chord#: 44 done. best_score=27.0, changed=521, unchanged=489, early_stops=8/8
26 - INFO - chord#: 48 In build_straw_man_chord_sa. tolerance = 1, sa_iterations = 1000, initial_temperature = 3.0, cooling_rate = 0.999
26 - INFO - chord#: 50 done. best_score=49.0, changed=521, unchanged=389, early_stops=8/8
26 - INFO - chord#: 52 In build_straw_man_chord_sa. tolerance = 1, sa_iterations = 1000, initial_temperature = 3.0, cooling_rate = 0.999
26 - INFO - chord#: 52 done. best_score=27.0, changed=513, unchanged=347, early_stops=8/8
26 - INFO - chord#: 54 In build_straw_man_chord_sa. tolerance = 1, sa_iterations = 1000, initial_temperature = 3.0, cooling_rate = 0.999
26 - INFO - chord#: 50 done. best_score=49.0, changed=530, unchanged=350, early_stops=8/8
26 - INFO - chord#: 52 In build_straw_man_chord_sa. tolerance = 1, sa_iterations = 1000, initial_temperature = 3.0, cooling_rate = 0.999
26 - INFO - chord#: 52 done. best_score=27.0, changed=521, unchanged=378, early_stops=8/8
26 - INFO - chord#: 48 done. best_score=64.0, changed=614, unchanged=258, early_stops=8/8
26 - INFO - chord#: 54 In build_straw_man_chord_sa. tolerance = 1, sa_iterations = 1000, initial_temperature = 3.0, cooling_rate = 0.999
26 - INFO - chord#: 50 In build_straw_man_chord_sa. tolerance = 1, sa_iterations = 1000, initial_temperature = 3.0, cooling_rate = 0.999
26 - INFO - chord#: 48 done. best_score=125.0, changed=612, unchanged=311, early_stops=8/8
26 - INFO - chord#: 50 In build_straw_man_chord_sa. tolerance = 1, sa_iterations = 1000, initial_temperature = 3.0, cooling_rate = 0.999
26 - INFO - chord#: 44 done. best_score=27.0, changed=520, unchanged=404, early_stops=8/8
26 - INFO - chord#: 48 In build_straw_man_chord_sa. tolerance = 1, sa_iterations = 1000, initial_temperature = 3.0, cooling_rate = 0.999
26 - INFO - chord#: 48 done. best_score=157.0, changed=612, unchanged=371, early_stops=8/8
26 - INFO - chord#: 50 In build_straw_man_chord_sa. tolerance = 1, sa_iterations = 1000, initial_temperature = 3.0, cooling_rate = 0.999
26 - INFO - chord#: 44 done. best_score=27.0, changed=522, unchanged=350, early_stops=8/8
26 - INFO - chord#: 48 In build_straw_man_chord_sa. tolerance = 1, sa_iterations = 1000, initial_temperature = 3.0, cooling_rate = 0.999
26 - INFO - chord#: 52 done. best_score=27.0, changed=525, unchanged=432, early_stops=8/8
26 - INFO - chord#: 54 In build_straw_man_chord_sa. tolerance = 1, sa_iterations = 1000, initial_temperature = 3.0, cooling_rate = 0.999
26 - INFO - chord#: 44 done. best_score=27.0, changed=522, unchanged=421, early_stops=8/8
26 - INFO - chord#: 48 In build_straw_man_chord_sa. tolerance = 1, sa_iterations = 1000, initial_temperature = 3.0, cooling_rate = 0.999
26 - INFO - chord#: 54 done. best_score=47.0, changed=523, unchanged=441, early_stops=8/8
26 - INFO - chord#: 55 In build_straw_man_chord_sa. tolerance = 1, sa_iterations = 1000, initial_temperature = 3.0, cooling_rate = 0.999
26 - INFO - chord#: 52 done. best_score=27.0, changed=515, unchanged=366, early_stops=8/8
26 - INFO - chord#: 54 In build_straw_man_chord_sa. tolerance = 1, sa_iterations = 1000, initial_temperature = 3.0, cooling_rate = 0.999
26 - INFO - chord#: 50 done. best_score=58.0, changed=532, unchanged=296, early_stops=8/8
26 - INFO - chord#: 52 In build_straw_man_chord_sa. tolerance = 1, sa_iterations = 1000, initial_temperature = 3.0, cooling_rate = 0.999
26 - INFO - chord#: 54 done. best_score=47.0, changed=523, unchanged=398, early_stops=8/8
26 - INFO - chord#: 55 In build_straw_man_chord_sa. tolerance = 1, sa_iterations = 1000, initial_temperature = 3.0, cooling_rate = 0.999
26 - INFO - chord#: 50 done. best_score=37.0, changed=517, unchanged=344, early_stops=8/8
26 - INFO - chord#: 52 In build_straw_man_chord_sa. tolerance = 1, sa_iterations = 1000, initial_temperature = 3.0, cooling_rate = 0.999
26 - INFO - chord#: 50 done. best_score=35.0, changed=529, unchanged=410, early_stops=8/8
26 - INFO - chord#: 52 In build_straw_man_chord_sa. tolerance = 1, sa_iterations = 1000, initial_temperature = 3.0, cooling_rate = 0.999
26 - INFO - chord#: 48 done. best_score=64.0, changed=611, unchanged=299, early_stops=8/8
26 - INFO - chord#: 50 In build_straw_man_chord_sa. tolerance = 1, sa_iterations = 1000, initial_temperature = 3.0, cooling_rate = 0.999
26 - INFO - chord#: 54 done. best_score=47.0, changed=529, unchanged=494, early_stops=8/8
26 - INFO - chord#: 55 In build_straw_man_chord_sa. tolerance = 1, sa_iterations = 1000, initial_temperature = 3.0, cooling_rate = 0.999
26 - INFO - chord#: 48 done. best_score=64.0, changed=614, unchanged=509, early_stops=8/8
26 - INFO - chord#: 50 In build_straw_man_chord_sa. tolerance = 1, sa_iterations = 1000, initial_temperature = 3.0, cooling_rate = 0.999
26 - INFO - chord#: 54 done. best_score=47.0, changed=515, unchanged=443, early_stops=8/8
26 - INFO - chord#: 55 In build_straw_man_chord_sa. tolerance = 1, sa_iterations = 1000, initial_temperature = 3.0, cooling_rate = 0.999
26 - INFO - chord#: 52 done. best_score=27.0, changed=517, unchanged=405, early_stops=8/8
26 - INFO - chord#: 54 In build_straw_man_chord_sa. tolerance = 1, sa_iterations = 1000, initial_temperature = 3.0, cooling_rate = 0.999
26 - INFO - chord#: 52 done. best_score=27.0, changed=519, unchanged=365, early_stops=8/8
26 - INFO - chord#: 54 In build_straw_man_chord_sa. tolerance = 1, sa_iterations = 1000, initial_temperature = 3.0, cooling_rate = 0.999
26 - INFO - chord#: 48 done. best_score=96.0, changed=605, unchanged=204, early_stops=8/8
26 - INFO - chord#: 50 In build_straw_man_chord_sa. tolerance = 1, sa_iterations = 1000, initial_temperature = 3.0, cooling_rate = 0.999
26 - INFO - chord#: 52 done. best_score=27.0, changed=529, unchanged=536, early_stops=8/8
26 - INFO - chord#: 54 In build_straw_man_chord_sa. tolerance = 1, sa_iterations = 1000, initial_temperature = 3.0, cooling_rate = 0.999
26 - INFO - chord#: 50 done. best_score=37.0, changed=525, unchanged=401, early_stops=8/8
26 - INFO - chord#: 52 In build_straw_man_chord_sa. tolerance = 1, sa_iterations = 1000, initial_temperature = 3.0, cooling_rate = 0.999
26 - INFO - chord#: 48 done. best_score=64.0, changed=610, unchanged=318, early_stops=8/8
26 - INFO - chord#: 50 In build_straw_man_chord_sa. tolerance = 1, sa_iterations = 1000, initial_temperature = 3.0, cooling_rate = 0.999
26 - INFO - chord#: 50 done. best_score=37.0, changed=521, unchanged=437, early_stops=8/8
26 - INFO - chord#: 52 In build_straw_man_chord_sa. tolerance = 1, sa_iterations = 1000, initial_temperature = 3.0, cooling_rate = 0.999
26 - INFO - chord#: 48 done. best_score=125.0, changed=613, unchanged=249, early_stops=8/8
26 - INFO - chord#: 50 In build_straw_man_chord_sa. tolerance = 1, sa_iterations = 1000, initial_temperature = 3.0, cooling_rate = 0.999
26 - INFO - chord#: 54 done. best_score=47.0, changed=530, unchanged=571, early_stops=8/8
26 - INFO - chord#: 55 In build_straw_man_chord_sa. tolerance = 1, sa_iterations = 1000, initial_temperature = 3.0, cooling_rate = 0.999
26 - INFO - chord#: 55 done. best_score=111.0, changed=611, unchanged=298, early_stops=8/8
26 - INFO - chord#: 56 In build_straw_man_chord_sa. tolerance = 1, sa_iterations = 1000, initial_temperature = 3.0, cooling_rate = 0.999
26 - INFO - chord#: 50 done. best_score=49.0, changed=524, unchanged=325, early_stops=8/8
26 - INFO - chord#: 52 In build_straw_man_chord_sa. tolerance = 1, sa_iterations = 1000, initial_temperature = 3.0, cooling_rate = 0.999
26 - INFO - chord#: 56 done. best_score=9.0, changed=462, unchanged=370, early_stops=8/8
26 - INFO - chord#: 64 In build_straw_man_chord_sa. tolerance = 1, sa_iterations = 1000, initial_temperature = 3.0, cooling_rate = 0.999
26 - INFO - chord#: 54 done. best_score=47.0, changed=521, unchanged=371, early_stops=8/8
26 - INFO - chord#: 55 In build_straw_man_chord_sa. tolerance = 1, sa_iterations = 1000, initial_temperature = 3.0, cooling_rate = 0.999
26 - INFO - chord#: 54 done. best_score=47.0, changed=515, unchanged=359, early_stops=8/8
26 - INFO - chord#: 55 In build_straw_man_chord_sa. tolerance = 1, sa_iterations = 1000, initial_temperature = 3.0, cooling_rate = 0.999
26 - INFO - chord#: 52 done. best_score=27.0, changed=518, unchanged=457, early_stops=8/8
26 - INFO - chord#: 54 In build_straw_man_chord_sa. tolerance = 1, sa_iterations = 1000, initial_temperature = 3.0, cooling_rate = 0.999
26 - INFO - chord#: 55 done. best_score=113.0, changed=608, unchanged=224, early_stops=8/8
26 - INFO - chord#: 56 In build_straw_man_chord_sa. tolerance = 1, sa_iterations = 1000, initial_temperature = 3.0, cooling_rate = 0.999
26 - INFO - chord#: 50 done. best_score=49.0, changed=520, unchanged=311, early_stops=8/8
26 - INFO - chord#: 52 In build_straw_man_chord_sa. tolerance = 1, sa_iterations = 1000, initial_temperature = 3.0, cooling_rate = 0.999
26 - INFO - chord#: 50 done. best_score=37.0, changed=523, unchanged=451, early_stops=8/8
26 - INFO - chord#: 52 In build_straw_man_chord_sa. tolerance = 1, sa_iterations = 1000, initial_temperature = 3.0, cooling_rate = 0.999
26 - INFO - chord#: 55 done. best_score=93.0, changed=607, unchanged=305, early_stops=8/8
26 - INFO - chord#: 56 In build_straw_man_chord_sa. tolerance = 1, sa_iterations = 1000, initial_temperature = 3.0, cooling_rate = 0.999
26 - INFO - chord#: 52 done. best_score=27.0, changed=514, unchanged=370, early_stops=8/8
26 - INFO - chord#: 54 In build_straw_man_chord_sa. tolerance = 1, sa_iterations = 1000, initial_temperature = 3.0, cooling_rate = 0.999
26 - INFO - chord#: 55 done. best_score=113.0, changed=613, unchanged=383, early_stops=8/8
26 - INFO - chord#: 56 In build_straw_man_chord_sa. tolerance = 1, sa_iterations = 1000, initial_temperature = 3.0, cooling_rate = 0.999
26 - INFO - chord#: 56 done. best_score=9.0, changed=476, unchanged=398, early_stops=8/8
26 - INFO - chord#: 64 In build_straw_man_chord_sa. tolerance = 1, sa_iterations = 1000, initial_temperature = 3.0, cooling_rate = 0.999
26 - INFO - chord#: 56 done. best_score=9.0, changed=455, unchanged=455, early_stops=8/8
26 - INFO - chord#: 64 In build_straw_man_chord_sa. tolerance = 1, sa_iterations = 1000, initial_temperature = 3.0, cooling_rate = 0.999
26 - INFO - chord#: 56 done. best_score=9.0, changed=447, unchanged=360, early_stops=8/8
26 - INFO - chord#: 64 In build_straw_man_chord_sa. tolerance = 1, sa_iterations = 1000, initial_temperature = 3.0, cooling_rate = 0.999
26 - INFO - chord#: 64 done. best_score=27.0, changed=524, unchanged=450, early_stops=8/8
26 - INFO - chord#: 72 In build_straw_man_chord_sa. tolerance = 1, sa_iterations = 1000, initial_temperature = 3.0, cooling_rate = 0.999
26 - INFO - chord#: 52 done. best_score=36.0, changed=520, unchanged=330, early_stops=8/8
26 - INFO - chord#: 54 In build_straw_man_chord_sa. tolerance = 1, sa_iterations = 1000, initial_temperature = 3.0, cooling_rate = 0.999
26 - INFO - chord#: 54 done. best_score=47.0, changed=529, unchanged=427, early_stops=8/8
26 - INFO - chord#: 55 In build_straw_man_chord_sa. tolerance = 1, sa_iterations = 1000, initial_temperature = 3.0, cooling_rate = 0.999
26 - INFO - chord#: 52 done. best_score=27.0, changed=516, unchanged=448, early_stops=8/8
26 - INFO - chord#: 54 In build_straw_man_chord_sa. tolerance = 1, sa_iterations = 1000, initial_temperature = 3.0, cooling_rate = 0.999
26 - INFO - chord#: 64 done. best_score=27.0, changed=524, unchanged=327, early_stops=8/8
26 - INFO - chord#: 72 In build_straw_man_chord_sa. tolerance = 1, sa_iterations = 1000, initial_temperature = 3.0, cooling_rate = 0.999
26 - INFO - chord#: 54 done. best_score=47.0, changed=522, unchanged=408, early_stops=8/8
26 - INFO - chord#: 55 In build_straw_man_chord_sa. tolerance = 1, sa_iterations = 1000, initial_temperature = 3.0, cooling_rate = 0.999
26 - INFO - chord#: 55 done. best_score=105.0, changed=612, unchanged=356, early_stops=8/8
26 - INFO - chord#: 56 In build_straw_man_chord_sa. tolerance = 1, sa_iterations = 1000, initial_temperature = 3.0, cooling_rate = 0.999
26 - INFO - chord#: 52 done. best_score=27.0, changed=531, unchanged=607, early_stops=8/8
26 - INFO - chord#: 54 In build_straw_man_chord_sa. tolerance = 1, sa_iterations = 1000, initial_temperature = 3.0, cooling_rate = 0.999
26 - INFO - chord#: 72 done. best_score=27.0, changed=525, unchanged=461, early_stops=8/8
26 - INFO - chord#: 74 In build_straw_man_chord_sa. tolerance = 1, sa_iterations = 1000, initial_temperature = 3.0, cooling_rate = 0.999
26 - INFO - chord#: 64 done. best_score=27.0, changed=533, unchanged=705, early_stops=8/8
26 - INFO - chord#: 72 In build_straw_man_chord_sa. tolerance = 1, sa_iterations = 1000, initial_temperature = 3.0, cooling_rate = 0.999
26 - INFO - chord#: 56 done. best_score=9.0, changed=474, unchanged=370, early_stops=8/8
26 - INFO - chord#: 64 In build_straw_man_chord_sa. tolerance = 1, sa_iterations = 1000, initial_temperature = 3.0, cooling_rate = 0.999
26 - INFO - chord#: 54 done. best_score=75.0, changed=535, unchanged=380, early_stops=8/8
26 - INFO - chord#: 55 In build_straw_man_chord_sa. tolerance = 1, sa_iterations = 1000, initial_temperature = 3.0, cooling_rate = 0.999
26 - INFO - chord#: 64 done. best_score=27.0, changed=525, unchanged=553, early_stops=8/8
26 - INFO - chord#: 72 In build_straw_man_chord_sa. tolerance = 1, sa_iterations = 1000, initial_temperature = 3.0, cooling_rate = 0.999
26 - INFO - chord#: 54 done. best_score=47.0, changed=526, unchanged=396, early_stops=8/8
26 - INFO - chord#: 55 In build_straw_man_chord_sa. tolerance = 1, sa_iterations = 1000, initial_temperature = 3.0, cooling_rate = 0.999
26 - INFO - chord#: 72 done. best_score=27.0, changed=521, unchanged=403, early_stops=8/8
26 - INFO - chord#: 74 In build_straw_man_chord_sa. tolerance = 1, sa_iterations = 1000, initial_temperature = 3.0, cooling_rate = 0.999
26 - INFO - chord#: 74 done. best_score=48.0, changed=541, unchanged=342, early_stops=8/8
26 - INFO - chord#: 76 In build_straw_man_chord_sa. tolerance = 1, sa_iterations = 1000, initial_temperature = 3.0, cooling_rate = 0.999
26 - INFO - chord#: 55 done. best_score=146.0, changed=608, unchanged=276, early_stops=8/8
26 - INFO - chord#: 56 In build_straw_man_chord_sa. tolerance = 1, sa_iterations = 1000, initial_temperature = 3.0, cooling_rate = 0.999
26 - INFO - chord#: 72 done. best_score=27.0, changed=518, unchanged=344, early_stops=8/8
26 - INFO - chord#: 74 In build_straw_man_chord_sa. tolerance = 1, sa_iterations = 1000, initial_temperature = 3.0, cooling_rate = 0.999
26 - INFO - chord#: 64 done. best_score=27.0, changed=520, unchanged=341, early_stops=8/8
26 - INFO - chord#: 72 In build_straw_man_chord_sa. tolerance = 1, sa_iterations = 1000, initial_temperature = 3.0, cooling_rate = 0.999
26 - INFO - chord#: 54 done. best_score=47.0, changed=517, unchanged=362, early_stops=8/8
26 - INFO - chord#: 55 In build_straw_man_chord_sa. tolerance = 1, sa_iterations = 1000, initial_temperature = 3.0, cooling_rate = 0.999
26 - INFO - chord#: 56 done. best_score=9.0, changed=447, unchanged=362, early_stops=8/8
26 - INFO - chord#: 64 In build_straw_man_chord_sa. tolerance = 1, sa_iterations = 1000, initial_temperature = 3.0, cooling_rate = 0.999
26 - INFO - chord#: 55 done. best_score=111.0, changed=611, unchanged=393, early_stops=8/8
26 - INFO - chord#: 56 In build_straw_man_chord_sa. tolerance = 1, sa_iterations = 1000, initial_temperature = 3.0, cooling_rate = 0.999
26 - INFO - chord#: 74 done. best_score=48.0, changed=523, unchanged=339, early_stops=8/8
26 - INFO - chord#: 76 In build_straw_man_chord_sa. tolerance = 1, sa_iterations = 1000, initial_temperature = 3.0, cooling_rate = 0.999
26 - INFO - chord#: 55 done. best_score=111.0, changed=612, unchanged=325, early_stops=8/8
26 - INFO - chord#: 56 In build_straw_man_chord_sa. tolerance = 1, sa_iterations = 1000, initial_temperature = 3.0, cooling_rate = 0.999
26 - INFO - chord#: 72 done. best_score=27.0, changed=527, unchanged=524, early_stops=8/8
26 - INFO - chord#: 74 In build_straw_man_chord_sa. tolerance = 1, sa_iterations = 1000, initial_temperature = 3.0, cooling_rate = 0.999
26 - INFO - chord#: 56 done. best_score=9.0, changed=477, unchanged=393, early_stops=8/8
26 - INFO - chord#: 64 In build_straw_man_chord_sa. tolerance = 1, sa_iterations = 1000, initial_temperature = 3.0, cooling_rate = 0.999
26 - INFO - chord#: 76 done. best_score=27.0, changed=522, unchanged=386, early_stops=8/8
26 - INFO - chord#: 78 In build_straw_man_chord_sa. tolerance = 1, sa_iterations = 1000, initial_temperature = 3.0, cooling_rate = 0.999
26 - INFO - chord#: 56 done. best_score=9.0, changed=445, unchanged=401, early_stops=8/8
26 - INFO - chord#: 64 In build_straw_man_chord_sa. tolerance = 1, sa_iterations = 1000, initial_temperature = 3.0, cooling_rate = 0.999
26 - INFO - chord#: 74 done. best_score=48.0, changed=534, unchanged=357, early_stops=8/8
26 - INFO - chord#: 76 In build_straw_man_chord_sa. tolerance = 1, sa_iterations = 1000, initial_temperature = 3.0, cooling_rate = 0.999
26 - INFO - chord#: 72 done. best_score=27.0, changed=519, unchanged=355, early_stops=8/8
26 - INFO - chord#: 74 In build_straw_man_chord_sa. tolerance = 1, sa_iterations = 1000, initial_temperature = 3.0, cooling_rate = 0.999
26 - INFO - chord#: 55 done. best_score=93.0, changed=608, unchanged=213, early_stops=8/8
26 - INFO - chord#: 56 In build_straw_man_chord_sa. tolerance = 1, sa_iterations = 1000, initial_temperature = 3.0, cooling_rate = 0.999
26 - INFO - chord#: 76 done. best_score=27.0, changed=526, unchanged=417, early_stops=8/8
26 - INFO - chord#: 78 In build_straw_man_chord_sa. tolerance = 1, sa_iterations = 1000, initial_temperature = 3.0, cooling_rate = 0.999
26 - INFO - chord#: 64 done. best_score=27.0, changed=520, unchanged=429, early_stops=8/8
26 - INFO - chord#: 72 In build_straw_man_chord_sa. tolerance = 1, sa_iterations = 1000, initial_temperature = 3.0, cooling_rate = 0.999
26 - INFO - chord#: 56 done. best_score=9.0, changed=472, unchanged=355, early_stops=8/8
26 - INFO - chord#: 64 In build_straw_man_chord_sa. tolerance = 1, sa_iterations = 1000, initial_temperature = 3.0, cooling_rate = 0.999
26 - INFO - chord#: 78 done. best_score=27.0, changed=518, unchanged=318, early_stops=8/8
26 - INFO - chord#: 80 In build_straw_man_chord_sa. tolerance = 1, sa_iterations = 1000, initial_temperature = 3.0, cooling_rate = 0.999
26 - INFO - chord#: 64 done. best_score=27.0, changed=518, unchanged=447, early_stops=8/8
26 - INFO - chord#: 72 In build_straw_man_chord_sa. tolerance = 1, sa_iterations = 1000, initial_temperature = 3.0, cooling_rate = 0.999
26 - INFO - chord#: 55 done. best_score=149.0, changed=614, unchanged=386, early_stops=8/8
26 - INFO - chord#: 56 In build_straw_man_chord_sa. tolerance = 1, sa_iterations = 1000, initial_temperature = 3.0, cooling_rate = 0.999
26 - INFO - chord#: 74 done. best_score=48.0, changed=534, unchanged=413, early_stops=8/8
26 - INFO - chord#: 76 In build_straw_man_chord_sa. tolerance = 1, sa_iterations = 1000, initial_temperature = 3.0, cooling_rate = 0.999
26 - INFO - chord#: 74 done. best_score=48.0, changed=525, unchanged=298, early_stops=8/8
26 - INFO - chord#: 76 In build_straw_man_chord_sa. tolerance = 1, sa_iterations = 1000, initial_temperature = 3.0, cooling_rate = 0.999
26 - INFO - chord#: 76 done. best_score=27.0, changed=521, unchanged=459, early_stops=8/8
26 - INFO - chord#: 78 In build_straw_man_chord_sa. tolerance = 1, sa_iterations = 1000, initial_temperature = 3.0, cooling_rate = 0.999
26 - INFO - chord#: 55 done. best_score=121.0, changed=611, unchanged=335, early_stops=8/8
26 - INFO - chord#: 56 In build_straw_man_chord_sa. tolerance = 1, sa_iterations = 1000, initial_temperature = 3.0, cooling_rate = 0.999
26 - INFO - chord#: 64 done. best_score=27.0, changed=523, unchanged=450, early_stops=8/8
26 - INFO - chord#: 72 In build_straw_man_chord_sa. tolerance = 1, sa_iterations = 1000, initial_temperature = 3.0, cooling_rate = 0.999
26 - INFO - chord#: 56 done. best_score=9.0, changed=455, unchanged=391, early_stops=8/8
26 - INFO - chord#: 64 In build_straw_man_chord_sa. tolerance = 1, sa_iterations = 1000, initial_temperature = 3.0, cooling_rate = 0.999
26 - INFO - chord#: 56 done. best_score=9.0, changed=458, unchanged=356, early_stops=8/8
26 - INFO - chord#: 64 In build_straw_man_chord_sa. tolerance = 1, sa_iterations = 1000, initial_temperature = 3.0, cooling_rate = 0.999
26 - INFO - chord#: 78 done. best_score=27.0, changed=513, unchanged=354, early_stops=8/8
26 - INFO - chord#: 80 In build_straw_man_chord_sa. tolerance = 1, sa_iterations = 1000, initial_temperature = 3.0, cooling_rate = 0.999
26 - INFO - chord#: 64 done. best_score=27.0, changed=515, unchanged=464, early_stops=8/8
26 - INFO - chord#: 72 In build_straw_man_chord_sa. tolerance = 1, sa_iterations = 1000, initial_temperature = 3.0, cooling_rate = 0.999
26 - INFO - chord#: 72 done. best_score=27.0, changed=520, unchanged=433, early_stops=8/8
26 - INFO - chord#: 74 In build_straw_man_chord_sa. tolerance = 1, sa_iterations = 1000, initial_temperature = 3.0, cooling_rate = 0.999
26 - INFO - chord#: 72 done. best_score=27.0, changed=520, unchanged=408, early_stops=8/8
26 - INFO - chord#: 74 In build_straw_man_chord_sa. tolerance = 1, sa_iterations = 1000, initial_temperature = 3.0, cooling_rate = 0.999
26 - INFO - chord#: 55 done. best_score=93.0, changed=610, unchanged=303, early_stops=8/8
26 - INFO - chord#: 56 In build_straw_man_chord_sa. tolerance = 1, sa_iterations = 1000, initial_temperature = 3.0, cooling_rate = 0.999
26 - INFO - chord#: 78 done. best_score=27.0, changed=524, unchanged=456, early_stops=8/8
26 - INFO - chord#: 80 In build_straw_man_chord_sa. tolerance = 1, sa_iterations = 1000, initial_temperature = 3.0, cooling_rate = 0.999
26 - INFO - chord#: 56 done. best_score=9.0, changed=443, unchanged=368, early_stops=8/8
26 - INFO - chord#: 64 In build_straw_man_chord_sa. tolerance = 1, sa_iterations = 1000, initial_temperature = 3.0, cooling_rate = 0.999
26 - INFO - chord#: 76 done. best_score=27.0, changed=526, unchanged=646, early_stops=8/8
26 - INFO - chord#: 78 In build_straw_man_chord_sa. tolerance = 1, sa_iterations = 1000, initial_temperature = 3.0, cooling_rate = 0.999
26 - INFO - chord#: 76 done. best_score=27.0, changed=522, unchanged=468, early_stops=8/8
26 - INFO - chord#: 78 In build_straw_man_chord_sa. tolerance = 1, sa_iterations = 1000, initial_temperature = 3.0, cooling_rate = 0.999
26 - INFO - chord#: 72 done. best_score=27.0, changed=522, unchanged=409, early_stops=8/8
26 - INFO - chord#: 74 In build_straw_man_chord_sa. tolerance = 1, sa_iterations = 1000, initial_temperature = 3.0, cooling_rate = 0.999
26 - INFO - chord#: 64 done. best_score=27.0, changed=524, unchanged=488, early_stops=8/8
26 - INFO - chord#: 72 In build_straw_man_chord_sa. tolerance = 1, sa_iterations = 1000, initial_temperature = 3.0, cooling_rate = 0.999
26 - INFO - chord#: 64 done. best_score=27.0, changed=523, unchanged=444, early_stops=8/8
26 - INFO - chord#: 72 In build_straw_man_chord_sa. tolerance = 1, sa_iterations = 1000, initial_temperature = 3.0, cooling_rate = 0.999
26 - INFO - chord#: 72 done. best_score=27.0, changed=523, unchanged=529, early_stops=8/8
26 - INFO - chord#: 74 done. best_score=48.0, changed=527, unchanged=333, early_stops=8/8
26 - INFO - chord#: 74 In build_straw_man_chord_sa. tolerance = 1, sa_iterations = 1000, initial_temperature = 3.0, cooling_rate = 0.999
26 - INFO - chord#: 76 In build_straw_man_chord_sa. tolerance = 1, sa_iterations = 1000, initial_temperature = 3.0, cooling_rate = 0.999
26 - INFO - chord#: 74 done. best_score=48.0, changed=537, unchanged=335, early_stops=8/8
26 - INFO - chord#: 76 In build_straw_man_chord_sa. tolerance = 1, sa_iterations = 1000, initial_temperature = 3.0, cooling_rate = 0.999
26 - INFO - chord#: 80 done. best_score=146.0, changed=614, unchanged=389, early_stops=8/8
26 - INFO - chord#: 84 In build_straw_man_chord_sa. tolerance = 1, sa_iterations = 1000, initial_temperature = 3.0, cooling_rate = 0.999
26 - INFO - chord#: 78 done. best_score=27.0, changed=522, unchanged=406, early_stops=8/8
26 - INFO - chord#: 80 In build_straw_man_chord_sa. tolerance = 1, sa_iterations = 1000, initial_temperature = 3.0, cooling_rate = 0.999
26 - INFO - chord#: 78 done. best_score=27.0, changed=521, unchanged=423, early_stops=8/8
26 - INFO - chord#: 80 In build_straw_man_chord_sa. tolerance = 1, sa_iterations = 1000, initial_temperature = 3.0, cooling_rate = 0.999
26 - INFO - chord#: 64 done. best_score=27.0, changed=537, unchanged=491, early_stops=8/8
26 - INFO - chord#: 72 In build_straw_man_chord_sa. tolerance = 1, sa_iterations = 1000, initial_temperature = 3.0, cooling_rate = 0.999
26 - INFO - chord#: 74 done. best_score=48.0, changed=530, unchanged=318, early_stops=8/8
26 - INFO - chord#: 76 In build_straw_man_chord_sa. tolerance = 1, sa_iterations = 1000, initial_temperature = 3.0, cooling_rate = 0.999
26 - INFO - chord#: 80 done. best_score=155.0, changed=613, unchanged=325, early_stops=8/8
26 - INFO - chord#: 84 In build_straw_man_chord_sa. tolerance = 1, sa_iterations = 1000, initial_temperature = 3.0, cooling_rate = 0.999
26 - INFO - chord#: 74 done. best_score=48.0, changed=540, unchanged=381, early_stops=8/8
26 - INFO - chord#: 76 In build_straw_man_chord_sa. tolerance = 1, sa_iterations = 1000, initial_temperature = 3.0, cooling_rate = 0.999
26 - INFO - chord#: 76 done. best_score=27.0, changed=525, unchanged=449, early_stops=8/8
26 - INFO - chord#: 78 In build_straw_man_chord_sa. tolerance = 1, sa_iterations = 1000, initial_temperature = 3.0, cooling_rate = 0.999
26 - INFO - chord#: 84 done. best_score=31.0, changed=545, unchanged=272, early_stops=8/8
26 - INFO - chord#: 86 In build_straw_man_chord_sa. tolerance = 1, sa_iterations = 1000, initial_temperature = 3.0, cooling_rate = 0.999
26 - INFO - chord#: 72 done. best_score=27.0, changed=522, unchanged=359, early_stops=8/8
26 - INFO - chord#: 74 In build_straw_man_chord_sa. tolerance = 1, sa_iterations = 1000, initial_temperature = 3.0, cooling_rate = 0.999
26 - INFO - chord#: 72 done. best_score=27.0, changed=521, unchanged=492, early_stops=8/8
26 - INFO - chord#: 74 In build_straw_man_chord_sa. tolerance = 1, sa_iterations = 1000, initial_temperature = 3.0, cooling_rate = 0.999
26 - INFO - chord#: 80 done. best_score=64.0, changed=611, unchanged=312, early_stops=8/8
26 - INFO - chord#: 84 In build_straw_man_chord_sa. tolerance = 1, sa_iterations = 1000, initial_temperature = 3.0, cooling_rate = 0.999
26 - INFO - chord#: 76 done. best_score=27.0, changed=529, unchanged=474, early_stops=8/8
26 - INFO - chord#: 78 In build_straw_man_chord_sa. tolerance = 1, sa_iterations = 1000, initial_temperature = 3.0, cooling_rate = 0.999
26 - INFO - chord#: 84 done. best_score=31.0, changed=531, unchanged=482, early_stops=8/8
26 - INFO - chord#: 86 In build_straw_man_chord_sa. tolerance = 1, sa_iterations = 1000, initial_temperature = 3.0, cooling_rate = 0.999
26 - INFO - chord#: 78 done. best_score=27.0, changed=521, unchanged=337, early_stops=8/8
26 - INFO - chord#: 80 In build_straw_man_chord_sa. tolerance = 1, sa_iterations = 1000, initial_temperature = 3.0, cooling_rate = 0.999
26 - INFO - chord#: 72 done. best_score=27.0, changed=530, unchanged=361, early_stops=8/8
26 - INFO - chord#: 74 In build_straw_man_chord_sa. tolerance = 1, sa_iterations = 1000, initial_temperature = 3.0, cooling_rate = 0.999
26 - INFO - chord#: 76 done. best_score=27.0, changed=528, unchanged=606, early_stops=8/8
26 - INFO - chord#: 78 In build_straw_man_chord_sa. tolerance = 1, sa_iterations = 1000, initial_temperature = 3.0, cooling_rate = 0.999
26 - INFO - chord#: 74 done. best_score=48.0, changed=528, unchanged=308, early_stops=8/8
26 - INFO - chord#: 76 In build_straw_man_chord_sa. tolerance = 1, sa_iterations = 1000, initial_temperature = 3.0, cooling_rate = 0.999
26 - INFO - chord#: 76 done. best_score=27.0, changed=516, unchanged=449, early_stops=8/8
26 - INFO - chord#: 78 In build_straw_man_chord_sa. tolerance = 1, sa_iterations = 1000, initial_temperature = 3.0, cooling_rate = 0.999
26 - INFO - chord#: 74 done. best_score=48.0, changed=533, unchanged=302, early_stops=8/8
26 - INFO - chord#: 76 In build_straw_man_chord_sa. tolerance = 1, sa_iterations = 1000, initial_temperature = 3.0, cooling_rate = 0.999
26 - INFO - chord#: 84 done. best_score=31.0, changed=524, unchanged=407, early_stops=8/8
26 - INFO - chord#: 86 In build_straw_man_chord_sa. tolerance = 1, sa_iterations = 1000, initial_temperature = 3.0, cooling_rate = 0.999
26 - INFO - chord#: 78 done. best_score=27.0, changed=521, unchanged=318, early_stops=8/8
26 - INFO - chord#: 80 In build_straw_man_chord_sa. tolerance = 1, sa_iterations = 1000, initial_temperature = 3.0, cooling_rate = 0.999
26 - INFO - chord#: 80 done. best_score=64.0, changed=615, unchanged=405, early_stops=8/8
26 - INFO - chord#: 84 In build_straw_man_chord_sa. tolerance = 1, sa_iterations = 1000, initial_temperature = 3.0, cooling_rate = 0.999
26 - INFO - chord#: 78 done. best_score=27.0, changed=527, unchanged=475, early_stops=8/8
26 - INFO - chord#: 80 In build_straw_man_chord_sa. tolerance = 1, sa_iterations = 1000, initial_temperature = 3.0, cooling_rate = 0.999
26 - INFO - chord#: 74 done. best_score=48.0, changed=523, unchanged=305, early_stops=8/8
26 - INFO - chord#: 76 In build_straw_man_chord_sa. tolerance = 1, sa_iterations = 1000, initial_temperature = 3.0, cooling_rate = 0.999
26 - INFO - chord#: 80 done. best_score=64.0, changed=611, unchanged=258, early_stops=8/8
26 - INFO - chord#: 84 In build_straw_man_chord_sa. tolerance = 1, sa_iterations = 1000, initial_temperature = 3.0, cooling_rate = 0.999
26 - INFO - chord#: 78 done. best_score=27.0, changed=522, unchanged=370, early_stops=8/8
26 - INFO - chord#: 80 In build_straw_man_chord_sa. tolerance = 1, sa_iterations = 1000, initial_temperature = 3.0, cooling_rate = 0.999
26 - INFO - chord#: 86 done. best_score=67.0, changed=613, unchanged=314, early_stops=8/8
26 - INFO - chord#: 88 In build_straw_man_chord_sa. tolerance = 1, sa_iterations = 1000, initial_temperature = 3.0, cooling_rate = 0.999
26 - INFO - chord#: 76 done. best_score=27.0, changed=517, unchanged=433, early_stops=8/8
26 - INFO - chord#: 78 In build_straw_man_chord_sa. tolerance = 1, sa_iterations = 1000, initial_temperature = 3.0, cooling_rate = 0.999
26 - INFO - chord#: 88 done. best_score=9.0, changed=469, unchanged=365, early_stops=8/8
26 - INFO - chord#: 96 In build_straw_man_chord_sa. tolerance = 1, sa_iterations = 1000, initial_temperature = 3.0, cooling_rate = 0.999
26 - INFO - chord#: 76 done. best_score=27.0, changed=517, unchanged=439, early_stops=8/8
26 - INFO - chord#: 78 In build_straw_man_chord_sa. tolerance = 1, sa_iterations = 1000, initial_temperature = 3.0, cooling_rate = 0.999
26 - INFO - chord#: 84 done. best_score=31.0, changed=533, unchanged=418, early_stops=8/8
26 - INFO - chord#: 86 In build_straw_man_chord_sa. tolerance = 1, sa_iterations = 1000, initial_temperature = 3.0, cooling_rate = 0.999
26 - INFO - chord#: 86 done. best_score=67.0, changed=611, unchanged=363, early_stops=8/8
26 - INFO - chord#: 88 In build_straw_man_chord_sa. tolerance = 1, sa_iterations = 1000, initial_temperature = 3.0, cooling_rate = 0.999
26 - INFO - chord#: 80 done. best_score=125.0, changed=611, unchanged=392, early_stops=8/8
26 - INFO - chord#: 84 In build_straw_man_chord_sa. tolerance = 1, sa_iterations = 1000, initial_temperature = 3.0, cooling_rate = 0.999
26 - INFO - chord#: 84 done. best_score=31.0, changed=521, unchanged=338, early_stops=8/8
26 - INFO - chord#: 86 In build_straw_man_chord_sa. tolerance = 1, sa_iterations = 1000, initial_temperature = 3.0, cooling_rate = 0.999
26 - INFO - chord#: 88 done. best_score=9.0, changed=477, unchanged=371, early_stops=8/8
26 - INFO - chord#: 96 In build_straw_man_chord_sa. tolerance = 1, sa_iterations = 1000, initial_temperature = 3.0, cooling_rate = 0.999
26 - INFO - chord#: 76 done. best_score=27.0, changed=531, unchanged=453, early_stops=8/8
26 - INFO - chord#: 78 In build_straw_man_chord_sa. tolerance = 1, sa_iterations = 1000, initial_temperature = 3.0, cooling_rate = 0.999
26 - INFO - chord#: 96 done. best_score=27.0, changed=520, unchanged=426, early_stops=8/8
26 - INFO - chord#: 98 In build_straw_man_chord_sa. tolerance = 1, sa_iterations = 1000, initial_temperature = 3.0, cooling_rate = 0.999
26 - INFO - chord#: 78 done. best_score=27.0, changed=520, unchanged=437, early_stops=8/8
26 - INFO - chord#: 80 In build_straw_man_chord_sa. tolerance = 1, sa_iterations = 1000, initial_temperature = 3.0, cooling_rate = 0.999
26 - INFO - chord#: 78 done. best_score=27.0, changed=522, unchanged=378, early_stops=8/8
26 - INFO - chord#: 80 In build_straw_man_chord_sa. tolerance = 1, sa_iterations = 1000, initial_temperature = 3.0, cooling_rate = 0.999
26 - INFO - chord#: 86 done. best_score=67.0, changed=612, unchanged=397, early_stops=8/8
26 - INFO - chord#: 88 In build_straw_man_chord_sa. tolerance = 1, sa_iterations = 1000, initial_temperature = 3.0, cooling_rate = 0.999
26 - INFO - chord#: 84 done. best_score=49.0, changed=552, unchanged=344, early_stops=8/8
26 - INFO - chord#: 86 In build_straw_man_chord_sa. tolerance = 1, sa_iterations = 1000, initial_temperature = 3.0, cooling_rate = 0.999
26 - INFO - chord#: 88 done. best_score=9.0, changed=460, unchanged=390, early_stops=8/8
26 - INFO - chord#: 96 In build_straw_man_chord_sa. tolerance = 1, sa_iterations = 1000, initial_temperature = 3.0, cooling_rate = 0.999
26 - INFO - chord#: 80 done. best_score=71.0, changed=615, unchanged=289, early_stops=8/8
26 - INFO - chord#: 84 In build_straw_man_chord_sa. tolerance = 1, sa_iterations = 1000, initial_temperature = 3.0, cooling_rate = 0.999
26 - INFO - chord#: 80 done. best_score=64.0, changed=610, unchanged=324, early_stops=8/8
26 - INFO - chord#: 84 In build_straw_man_chord_sa. tolerance = 1, sa_iterations = 1000, initial_temperature = 3.0, cooling_rate = 0.999
26 - INFO - chord#: 78 done. best_score=27.0, changed=517, unchanged=297, early_stops=8/8
26 - INFO - chord#: 80 In build_straw_man_chord_sa. tolerance = 1, sa_iterations = 1000, initial_temperature = 3.0, cooling_rate = 0.999
26 - INFO - chord#: 96 done. best_score=27.0, changed=521, unchanged=414, early_stops=8/8
26 - INFO - chord#: 98 In build_straw_man_chord_sa. tolerance = 1, sa_iterations = 1000, initial_temperature = 3.0, cooling_rate = 0.999
26 - INFO - chord#: 96 done. best_score=27.0, changed=513, unchanged=332, early_stops=8/8
26 - INFO - chord#: 98 In build_straw_man_chord_sa. tolerance = 1, sa_iterations = 1000, initial_temperature = 3.0, cooling_rate = 0.999
26 - INFO - chord#: 84 done. best_score=31.0, changed=554, unchanged=379, early_stops=8/8
26 - INFO - chord#: 86 In build_straw_man_chord_sa. tolerance = 1, sa_iterations = 1000, initial_temperature = 3.0, cooling_rate = 0.999
26 - INFO - chord#: 80 done. best_score=157.0, changed=614, unchanged=379, early_stops=8/8
26 - INFO - chord#: 84 In build_straw_man_chord_sa. tolerance = 1, sa_iterations = 1000, initial_temperature = 3.0, cooling_rate = 0.999
26 - INFO - chord#: 86 done. best_score=67.0, changed=621, unchanged=473, early_stops=8/8
26 - INFO - chord#: 88 In build_straw_man_chord_sa. tolerance = 1, sa_iterations = 1000, initial_temperature = 3.0, cooling_rate = 0.999
26 - INFO - chord#: 84 done. best_score=31.0, changed=532, unchanged=337, early_stops=8/8
26 - INFO - chord#: 86 In build_straw_man_chord_sa. tolerance = 1, sa_iterations = 1000, initial_temperature = 3.0, cooling_rate = 0.999
26 - INFO - chord#: 88 done. best_score=9.0, changed=457, unchanged=365, early_stops=8/8
26 - INFO - chord#: 96 In build_straw_man_chord_sa. tolerance = 1, sa_iterations = 1000, initial_temperature = 3.0, cooling_rate = 0.999
26 - INFO - chord#: 98 done. best_score=158.0, changed=608, unchanged=331, early_stops=8/8
26 - INFO - chord#: 100 In build_straw_man_chord_sa. tolerance = 1, sa_iterations = 1000, initial_temperature = 3.0, cooling_rate = 0.999
26 - INFO - chord#: 86 done. best_score=78.0, changed=615, unchanged=295, early_stops=8/8
26 - INFO - chord#: 88 In build_straw_man_chord_sa. tolerance = 1, sa_iterations = 1000, initial_temperature = 3.0, cooling_rate = 0.999
26 - INFO - chord#: 88 done. best_score=9.0, changed=466, unchanged=369, early_stops=8/8
26 - INFO - chord#: 96 In build_straw_man_chord_sa. tolerance = 1, sa_iterations = 1000, initial_temperature = 3.0, cooling_rate = 0.999
26 - INFO - chord#: 86 done. best_score=67.0, changed=615, unchanged=371, early_stops=8/8
26 - INFO - chord#: 88 In build_straw_man_chord_sa. tolerance = 1, sa_iterations = 1000, initial_temperature = 3.0, cooling_rate = 0.999
26 - INFO - chord#: 80 done. best_score=96.0, changed=608, unchanged=301, early_stops=8/8
26 - INFO - chord#: 84 In build_straw_man_chord_sa. tolerance = 1, sa_iterations = 1000, initial_temperature = 3.0, cooling_rate = 0.999
26 - INFO - chord#: 100 done. best_score=27.0, changed=539, unchanged=308, early_stops=8/8
26 - INFO - chord#: 102 In build_straw_man_chord_sa. tolerance = 1, sa_iterations = 1000, initial_temperature = 3.0, cooling_rate = 0.999
26 - INFO - chord#: 84 done. best_score=31.0, changed=519, unchanged=368, early_stops=8/8
26 - INFO - chord#: 86 In build_straw_man_chord_sa. tolerance = 1, sa_iterations = 1000, initial_temperature = 3.0, cooling_rate = 0.999
26 - INFO - chord#: 96 done. best_score=27.0, changed=515, unchanged=344, early_stops=8/8
26 - INFO - chord#: 98 In build_straw_man_chord_sa. tolerance = 1, sa_iterations = 1000, initial_temperature = 3.0, cooling_rate = 0.999
26 - INFO - chord#: 88 done. best_score=9.0, changed=470, unchanged=357, early_stops=8/8
26 - INFO - chord#: 96 In build_straw_man_chord_sa. tolerance = 1, sa_iterations = 1000, initial_temperature = 3.0, cooling_rate = 0.999
26 - INFO - chord#: 98 done. best_score=90.0, changed=613, unchanged=324, early_stops=8/8
26 - INFO - chord#: 100 In build_straw_man_chord_sa. tolerance = 1, sa_iterations = 1000, initial_temperature = 3.0, cooling_rate = 0.999
26 - INFO - chord#: 98 done. best_score=82.0, changed=613, unchanged=290, early_stops=8/8
26 - INFO - chord#: 100 In build_straw_man_chord_sa. tolerance = 1, sa_iterations = 1000, initial_temperature = 3.0, cooling_rate = 0.999
26 - INFO - chord#: 86 done. best_score=137.0, changed=615, unchanged=284, early_stops=8/8
26 - INFO - chord#: 88 In build_straw_man_chord_sa. tolerance = 1, sa_iterations = 1000, initial_temperature = 3.0, cooling_rate = 0.999
26 - INFO - chord#: 96 done. best_score=27.0, changed=533, unchanged=540, early_stops=8/8
26 - INFO - chord#: 98 In build_straw_man_chord_sa. tolerance = 1, sa_iterations = 1000, initial_temperature = 3.0, cooling_rate = 0.999
26 - INFO - chord#: 84 done. best_score=49.0, changed=555, unchanged=308, early_stops=8/8
26 - INFO - chord#: 86 In build_straw_man_chord_sa. tolerance = 1, sa_iterations = 1000, initial_temperature = 3.0, cooling_rate = 0.999
26 - INFO - chord#: 80 done. best_score=96.0, changed=611, unchanged=543, early_stops=8/8
26 - INFO - chord#: 84 In build_straw_man_chord_sa. tolerance = 1, sa_iterations = 1000, initial_temperature = 3.0, cooling_rate = 0.999
26 - INFO - chord#: 80 done. best_score=105.0, changed=612, unchanged=406, early_stops=8/8
26 - INFO - chord#: 84 In build_straw_man_chord_sa. tolerance = 1, sa_iterations = 1000, initial_temperature = 3.0, cooling_rate = 0.999
26 - INFO - chord#: 100 done. best_score=27.0, changed=519, unchanged=381, early_stops=8/8
26 - INFO - chord#: 102 In build_straw_man_chord_sa. tolerance = 1, sa_iterations = 1000, initial_temperature = 3.0, cooling_rate = 0.999
26 - INFO - chord#: 88 done. best_score=9.0, changed=466, unchanged=385, early_stops=8/8
26 - INFO - chord#: 96 In build_straw_man_chord_sa. tolerance = 1, sa_iterations = 1000, initial_temperature = 3.0, cooling_rate = 0.999
26 - INFO - chord#: 96 done. best_score=27.0, changed=513, unchanged=350, early_stops=8/8
26 - INFO - chord#: 98 In build_straw_man_chord_sa. tolerance = 1, sa_iterations = 1000, initial_temperature = 3.0, cooling_rate = 0.999
26 - INFO - chord#: 100 done. best_score=27.0, changed=521, unchanged=477, early_stops=8/8
26 - INFO - chord#: 102 In build_straw_man_chord_sa. tolerance = 1, sa_iterations = 1000, initial_temperature = 3.0, cooling_rate = 0.999
26 - INFO - chord#: 86 done. best_score=67.0, changed=611, unchanged=319, early_stops=8/8
26 - INFO - chord#: 88 In build_straw_man_chord_sa. tolerance = 1, sa_iterations = 1000, initial_temperature = 3.0, cooling_rate = 0.999
26 - INFO - chord#: 84 done. best_score=49.0, changed=576, unchanged=265, early_stops=8/8
26 - INFO - chord#: 86 In build_straw_man_chord_sa. tolerance = 1, sa_iterations = 1000, initial_temperature = 3.0, cooling_rate = 0.999
26 - INFO - chord#: 88 done. best_score=9.0, changed=454, unchanged=396, early_stops=8/8
26 - INFO - chord#: 96 In build_straw_man_chord_sa. tolerance = 1, sa_iterations = 1000, initial_temperature = 3.0, cooling_rate = 0.999
26 - INFO - chord#: 102 done. best_score=137.0, changed=612, unchanged=393, early_stops=8/8
26 - INFO - chord#: 104 In build_straw_man_chord_sa. tolerance = 1, sa_iterations = 1000, initial_temperature = 3.0, cooling_rate = 0.999
26 - INFO - chord#: 84 done. best_score=31.0, changed=523, unchanged=387, early_stops=8/8
26 - INFO - chord#: 86 In build_straw_man_chord_sa. tolerance = 1, sa_iterations = 1000, initial_temperature = 3.0, cooling_rate = 0.999
26 - INFO - chord#: 98 done. best_score=82.0, changed=610, unchanged=336, early_stops=8/8
26 - INFO - chord#: 100 In build_straw_man_chord_sa. tolerance = 1, sa_iterations = 1000, initial_temperature = 3.0, cooling_rate = 0.999
26 - INFO - chord#: 96 done. best_score=27.0, changed=518, unchanged=382, early_stops=8/8
26 - INFO - chord#: 98 In build_straw_man_chord_sa. tolerance = 1, sa_iterations = 1000, initial_temperature = 3.0, cooling_rate = 0.999
26 - INFO - chord#: 86 done. best_score=141.0, changed=610, unchanged=224, early_stops=8/8
26 - INFO - chord#: 88 In build_straw_man_chord_sa. tolerance = 1, sa_iterations = 1000, initial_temperature = 3.0, cooling_rate = 0.999
26 - INFO - chord#: 88 done. best_score=9.0, changed=452, unchanged=391, early_stops=8/8
26 - INFO - chord#: 96 In build_straw_man_chord_sa. tolerance = 1, sa_iterations = 1000, initial_temperature = 3.0, cooling_rate = 0.999
26 - INFO - chord#: 98 done. best_score=82.0, changed=610, unchanged=269, early_stops=8/8
26 - INFO - chord#: 100 In build_straw_man_chord_sa. tolerance = 1, sa_iterations = 1000, initial_temperature = 3.0, cooling_rate = 0.999
26 - INFO - chord#: 100 done. best_score=27.0, changed=514, unchanged=300, early_stops=8/8
26 - INFO - chord#: 102 In build_straw_man_chord_sa. tolerance = 1, sa_iterations = 1000, initial_temperature = 3.0, cooling_rate = 0.999
26 - INFO - chord#: 86 done. best_score=78.0, changed=614, unchanged=292, early_stops=8/8
26 - INFO - chord#: 88 In build_straw_man_chord_sa. tolerance = 1, sa_iterations = 1000, initial_temperature = 3.0, cooling_rate = 0.999
26 - INFO - chord#: 104 done. best_score=27.0, changed=525, unchanged=493, early_stops=8/8
26 - INFO - chord#: 106 In build_straw_man_chord_sa. tolerance = 1, sa_iterations = 1000, initial_temperature = 3.0, cooling_rate = 0.999
26 - INFO - chord#: 102 done. best_score=78.0, changed=607, unchanged=226, early_stops=8/8
26 - INFO - chord#: 104 In build_straw_man_chord_sa. tolerance = 1, sa_iterations = 1000, initial_temperature = 3.0, cooling_rate = 0.999
26 - INFO - chord#: 102 done. best_score=67.0, changed=610, unchanged=408, early_stops=8/8
26 - INFO - chord#: 104 In build_straw_man_chord_sa. tolerance = 1, sa_iterations = 1000, initial_temperature = 3.0, cooling_rate = 0.999
26 - INFO - chord#: 88 done. best_score=9.0, changed=449, unchanged=369, early_stops=8/8
26 - INFO - chord#: 96 In build_straw_man_chord_sa. tolerance = 1, sa_iterations = 1000, initial_temperature = 3.0, cooling_rate = 0.999
26 - INFO - chord#: 96 done. best_score=27.0, changed=536, unchanged=628, early_stops=8/8
26 - INFO - chord#: 98 In build_straw_man_chord_sa. tolerance = 1, sa_iterations = 1000, initial_temperature = 3.0, cooling_rate = 0.999
26 - INFO - chord#: 100 done. best_score=27.0, changed=526, unchanged=448, early_stops=8/8
26 - INFO - chord#: 102 In build_straw_man_chord_sa. tolerance = 1, sa_iterations = 1000, initial_temperature = 3.0, cooling_rate = 0.999
26 - INFO - chord#: 96 done. best_score=27.0, changed=516, unchanged=370, early_stops=8/8
26 - INFO - chord#: 98 In build_straw_man_chord_sa. tolerance = 1, sa_iterations = 1000, initial_temperature = 3.0, cooling_rate = 0.999
26 - INFO - chord#: 98 done. best_score=82.0, changed=621, unchanged=401, early_stops=8/8
26 - INFO - chord#: 100 In build_straw_man_chord_sa. tolerance = 1, sa_iterations = 1000, initial_temperature = 3.0, cooling_rate = 0.999
26 - INFO - chord#: 104 done. best_score=27.0, changed=522, unchanged=462, early_stops=8/8
26 - INFO - chord#: 106 In build_straw_man_chord_sa. tolerance = 1, sa_iterations = 1000, initial_temperature = 3.0, cooling_rate = 0.999
26 - INFO - chord#: 104 done. best_score=27.0, changed=525, unchanged=510, early_stops=8/8
26 - INFO - chord#: 106 In build_straw_man_chord_sa. tolerance = 1, sa_iterations = 1000, initial_temperature = 3.0, cooling_rate = 0.999
26 - INFO - chord#: 100 done. best_score=27.0, changed=518, unchanged=318, early_stops=8/8
26 - INFO - chord#: 102 In build_straw_man_chord_sa. tolerance = 1, sa_iterations = 1000, initial_temperature = 3.0, cooling_rate = 0.999
26 - INFO - chord#: 96 done. best_score=27.0, changed=525, unchanged=367, early_stops=8/8
26 - INFO - chord#: 98 In build_straw_man_chord_sa. tolerance = 1, sa_iterations = 1000, initial_temperature = 3.0, cooling_rate = 0.999
26 - INFO - chord#: 86 done. best_score=67.0, changed=619, unchanged=443, early_stops=8/8
26 - INFO - chord#: 88 In build_straw_man_chord_sa. tolerance = 1, sa_iterations = 1000, initial_temperature = 3.0, cooling_rate = 0.999
26 - INFO - chord#: 98 done. best_score=90.0, changed=611, unchanged=303, early_stops=8/8
26 - INFO - chord#: 100 In build_straw_man_chord_sa. tolerance = 1, sa_iterations = 1000, initial_temperature = 3.0, cooling_rate = 0.999
26 - INFO - chord#: 88 done. best_score=9.0, changed=457, unchanged=360, early_stops=8/8
26 - INFO - chord#: 96 In build_straw_man_chord_sa. tolerance = 1, sa_iterations = 1000, initial_temperature = 3.0, cooling_rate = 0.999
26 - INFO - chord#: 102 done. best_score=67.0, changed=612, unchanged=347, early_stops=8/8
26 - INFO - chord#: 104 In build_straw_man_chord_sa. tolerance = 1, sa_iterations = 1000, initial_temperature = 3.0, cooling_rate = 0.999
26 - INFO - chord#: 106 done. best_score=97.0, changed=615, unchanged=281, early_stops=8/8
26 - INFO - chord#: 108 In build_straw_man_chord_sa. tolerance = 1, sa_iterations = 1000, initial_temperature = 3.0, cooling_rate = 0.999
26 - INFO - chord#: 86 done. best_score=78.0, changed=620, unchanged=509, early_stops=8/8
26 - INFO - chord#: 88 In build_straw_man_chord_sa. tolerance = 1, sa_iterations = 1000, initial_temperature = 3.0, cooling_rate = 0.999
26 - INFO - chord#: 88 done. best_score=9.0, changed=444, unchanged=375, early_stops=8/8
26 - INFO - chord#: 96 In build_straw_man_chord_sa. tolerance = 1, sa_iterations = 1000, initial_temperature = 3.0, cooling_rate = 0.999
26 - INFO - chord#: 102 done. best_score=78.0, changed=611, unchanged=358, early_stops=8/8
26 - INFO - chord#: 104 In build_straw_man_chord_sa. tolerance = 1, sa_iterations = 1000, initial_temperature = 3.0, cooling_rate = 0.999
26 - INFO - chord#: 100 done. best_score=27.0, changed=513, unchanged=296, early_stops=8/8
26 - INFO - chord#: 102 In build_straw_man_chord_sa. tolerance = 1, sa_iterations = 1000, initial_temperature = 3.0, cooling_rate = 0.999
26 - INFO - chord#: 108 done. best_score=27.0, changed=515, unchanged=307, early_stops=8/8
26 - INFO - chord#: 110 In build_straw_man_chord_sa. tolerance = 1, sa_iterations = 1000, initial_temperature = 3.0, cooling_rate = 0.999
26 - INFO - chord#: 98 done. best_score=97.0, changed=612, unchanged=332, early_stops=8/8
26 - INFO - chord#: 100 In build_straw_man_chord_sa. tolerance = 1, sa_iterations = 1000, initial_temperature = 3.0, cooling_rate = 0.999
26 - INFO - chord#: 104 done. best_score=27.0, changed=524, unchanged=404, early_stops=8/8
26 - INFO - chord#: 106 In build_straw_man_chord_sa. tolerance = 1, sa_iterations = 1000, initial_temperature = 3.0, cooling_rate = 0.999
26 - INFO - chord#: 106 done. best_score=82.0, changed=608, unchanged=263, early_stops=8/8
26 - INFO - chord#: 108 In build_straw_man_chord_sa. tolerance = 1, sa_iterations = 1000, initial_temperature = 3.0, cooling_rate = 0.999
26 - INFO - chord#: 98 done. best_score=97.0, changed=612, unchanged=243, early_stops=8/8
26 - INFO - chord#: 100 In build_straw_man_chord_sa. tolerance = 1, sa_iterations = 1000, initial_temperature = 3.0, cooling_rate = 0.999
26 - INFO - chord#: 96 done. best_score=27.0, changed=519, unchanged=414, early_stops=8/8
26 - INFO - chord#: 98 In build_straw_man_chord_sa. tolerance = 1, sa_iterations = 1000, initial_temperature = 3.0, cooling_rate = 0.999
26 - INFO - chord#: 106 done. best_score=82.0, changed=611, unchanged=218, early_stops=8/8
26 - INFO - chord#: 108 In build_straw_man_chord_sa. tolerance = 1, sa_iterations = 1000, initial_temperature = 3.0, cooling_rate = 0.999
26 - INFO - chord#: 102 done. best_score=140.0, changed=608, unchanged=369, early_stops=8/8
26 - INFO - chord#: 104 In build_straw_man_chord_sa. tolerance = 1, sa_iterations = 1000, initial_temperature = 3.0, cooling_rate = 0.999
26 - INFO - chord#: 100 done. best_score=27.0, changed=528, unchanged=426, early_stops=8/8
26 - INFO - chord#: 102 In build_straw_man_chord_sa. tolerance = 1, sa_iterations = 1000, initial_temperature = 3.0, cooling_rate = 0.999
26 - INFO - chord#: 108 done. best_score=27.0, changed=520, unchanged=361, early_stops=8/8
26 - INFO - chord#: 110 In build_straw_man_chord_sa. tolerance = 1, sa_iterations = 1000, initial_temperature = 3.0, cooling_rate = 0.999
26 - INFO - chord#: 104 done. best_score=27.0, changed=529, unchanged=610, early_stops=8/8
26 - INFO - chord#: 106 In build_straw_man_chord_sa. tolerance = 1, sa_iterations = 1000, initial_temperature = 3.0, cooling_rate = 0.999
26 - INFO - chord#: 96 done. best_score=27.0, changed=525, unchanged=439, early_stops=8/8
26 - INFO - chord#: 98 In build_straw_man_chord_sa. tolerance = 1, sa_iterations = 1000, initial_temperature = 3.0, cooling_rate = 0.999
26 - INFO - chord#: 100 done. best_score=27.0, changed=518, unchanged=324, early_stops=8/8
26 - INFO - chord#: 102 In build_straw_man_chord_sa. tolerance = 1, sa_iterations = 1000, initial_temperature = 3.0, cooling_rate = 0.999
26 - INFO - chord#: 108 done. best_score=27.0, changed=524, unchanged=376, early_stops=8/8
26 - INFO - chord#: 110 In build_straw_man_chord_sa. tolerance = 1, sa_iterations = 1000, initial_temperature = 3.0, cooling_rate = 0.999
26 - INFO - chord#: 98 done. best_score=82.0, changed=614, unchanged=384, early_stops=8/8
26 - INFO - chord#: 100 In build_straw_man_chord_sa. tolerance = 1, sa_iterations = 1000, initial_temperature = 3.0, cooling_rate = 0.999
26 - INFO - chord#: 104 done. best_score=27.0, changed=517, unchanged=428, early_stops=8/8
26 - INFO - chord#: 106 In build_straw_man_chord_sa. tolerance = 1, sa_iterations = 1000, initial_temperature = 3.0, cooling_rate = 0.999
26 - INFO - chord#: 110 done. best_score=70.0, changed=612, unchanged=360, early_stops=8/8
26 - INFO - chord#: 112 In build_straw_man_chord_sa. tolerance = 1, sa_iterations = 1000, initial_temperature = 3.0, cooling_rate = 0.999
26 - INFO - chord#: 106 done. best_score=120.0, changed=613, unchanged=415, early_stops=8/8
26 - INFO - chord#: 108 In build_straw_man_chord_sa. tolerance = 1, sa_iterations = 1000, initial_temperature = 3.0, cooling_rate = 0.999
26 - INFO - chord#: 100 done. best_score=27.0, changed=523, unchanged=313, early_stops=8/8
26 - INFO - chord#: 102 In build_straw_man_chord_sa. tolerance = 1, sa_iterations = 1000, initial_temperature = 3.0, cooling_rate = 0.999
26 - INFO - chord#: 110 done. best_score=103.0, changed=617, unchanged=270, early_stops=8/8
26 - INFO - chord#: 112 In build_straw_man_chord_sa. tolerance = 1, sa_iterations = 1000, initial_temperature = 3.0, cooling_rate = 0.999
26 - INFO - chord#: 112 done. best_score=31.0, changed=532, unchanged=341, early_stops=8/8
26 - INFO - chord#: 116 In build_straw_man_chord_sa. tolerance = 1, sa_iterations = 1000, initial_temperature = 3.0, cooling_rate = 0.999
26 - INFO - chord#: 102 done. best_score=67.0, changed=611, unchanged=427, early_stops=8/8
26 - INFO - chord#: 104 In build_straw_man_chord_sa. tolerance = 1, sa_iterations = 1000, initial_temperature = 3.0, cooling_rate = 0.999
26 - INFO - chord#: 106 done. best_score=82.0, changed=611, unchanged=294, early_stops=8/8
26 - INFO - chord#: 108 In build_straw_man_chord_sa. tolerance = 1, sa_iterations = 1000, initial_temperature = 3.0, cooling_rate = 0.999
26 - INFO - chord#: 102 done. best_score=67.0, changed=619, unchanged=327, early_stops=8/8
26 - INFO - chord#: 104 In build_straw_man_chord_sa. tolerance = 1, sa_iterations = 1000, initial_temperature = 3.0, cooling_rate = 0.999
26 - INFO - chord#: 108 done. best_score=27.0, changed=519, unchanged=336, early_stops=8/8
26 - INFO - chord#: 110 In build_straw_man_chord_sa. tolerance = 1, sa_iterations = 1000, initial_temperature = 3.0, cooling_rate = 0.999
26 - INFO - chord#: 106 done. best_score=82.0, changed=608, unchanged=238, early_stops=8/8
26 - INFO - chord#: 108 In build_straw_man_chord_sa. tolerance = 1, sa_iterations = 1000, initial_temperature = 3.0, cooling_rate = 0.999
26 - INFO - chord#: 98 done. best_score=82.0, changed=612, unchanged=520, early_stops=8/8
26 - INFO - chord#: 100 In build_straw_man_chord_sa. tolerance = 1, sa_iterations = 1000, initial_temperature = 3.0, cooling_rate = 0.999
26 - INFO - chord#: 112 done. best_score=31.0, changed=540, unchanged=427, early_stops=8/8
26 - INFO - chord#: 116 In build_straw_man_chord_sa. tolerance = 1, sa_iterations = 1000, initial_temperature = 3.0, cooling_rate = 0.999
26 - INFO - chord#: 116 done. best_score=27.0, changed=528, unchanged=374, early_stops=8/8
26 - INFO - chord#: 118 In build_straw_man_chord_sa. tolerance = 1, sa_iterations = 1000, initial_temperature = 3.0, cooling_rate = 0.999
26 - INFO - chord#: 102 done. best_score=141.0, changed=609, unchanged=358, early_stops=8/8
26 - INFO - chord#: 104 In build_straw_man_chord_sa. tolerance = 1, sa_iterations = 1000, initial_temperature = 3.0, cooling_rate = 0.999
26 - INFO - chord#: 108 done. best_score=27.0, changed=527, unchanged=397, early_stops=8/8
26 - INFO - chord#: 110 In build_straw_man_chord_sa. tolerance = 1, sa_iterations = 1000, initial_temperature = 3.0, cooling_rate = 0.999
26 - INFO - chord#: 104 done. best_score=27.0, changed=516, unchanged=375, early_stops=8/8
26 - INFO - chord#: 106 In build_straw_man_chord_sa. tolerance = 1, sa_iterations = 1000, initial_temperature = 3.0, cooling_rate = 0.999
26 - INFO - chord#: 110 done. best_score=70.0, changed=610, unchanged=327, early_stops=8/8
26 - INFO - chord#: 112 In build_straw_man_chord_sa. tolerance = 1, sa_iterations = 1000, initial_temperature = 3.0, cooling_rate = 0.999
26 - INFO - chord#: 104 done. best_score=27.0, changed=525, unchanged=504, early_stops=8/8
26 - INFO - chord#: 106 In build_straw_man_chord_sa. tolerance = 1, sa_iterations = 1000, initial_temperature = 3.0, cooling_rate = 0.999
26 - INFO - chord#: 108 done. best_score=27.0, changed=518, unchanged=307, early_stops=8/8
26 - INFO - chord#: 110 In build_straw_man_chord_sa. tolerance = 1, sa_iterations = 1000, initial_temperature = 3.0, cooling_rate = 0.999
26 - INFO - chord#: 98 done. best_score=120.0, changed=614, unchanged=459, early_stops=8/8
26 - INFO - chord#: 100 In build_straw_man_chord_sa. tolerance = 1, sa_iterations = 1000, initial_temperature = 3.0, cooling_rate = 0.999
26 - INFO - chord#: 116 done. best_score=27.0, changed=519, unchanged=350, early_stops=8/8
26 - INFO - chord#: 118 In build_straw_man_chord_sa. tolerance = 1, sa_iterations = 1000, initial_temperature = 3.0, cooling_rate = 0.999
26 - INFO - chord#: 100 done. best_score=27.0, changed=526, unchanged=373, early_stops=8/8
26 - INFO - chord#: 102 In build_straw_man_chord_sa. tolerance = 1, sa_iterations = 1000, initial_temperature = 3.0, cooling_rate = 0.999
26 - INFO - chord#: 110 done. best_score=70.0, changed=610, unchanged=273, early_stops=8/8
26 - INFO - chord#: 112 In build_straw_man_chord_sa. tolerance = 1, sa_iterations = 1000, initial_temperature = 3.0, cooling_rate = 0.999
26 - INFO - chord#: 102 done. best_score=78.0, changed=608, unchanged=247, early_stops=8/8
26 - INFO - chord#: 104 In build_straw_man_chord_sa. tolerance = 1, sa_iterations = 1000, initial_temperature = 3.0, cooling_rate = 0.999
26 - INFO - chord#: 112 done. best_score=31.0, changed=534, unchanged=327, early_stops=8/8
26 - INFO - chord#: 116 In build_straw_man_chord_sa. tolerance = 1, sa_iterations = 1000, initial_temperature = 3.0, cooling_rate = 0.999
26 - INFO - chord#: 104 done. best_score=27.0, changed=520, unchanged=495, early_stops=8/8
26 - INFO - chord#: 106 In build_straw_man_chord_sa. tolerance = 1, sa_iterations = 1000, initial_temperature = 3.0, cooling_rate = 0.999
26 - INFO - chord#: 100 done. best_score=27.0, changed=522, unchanged=346, early_stops=8/8
26 - INFO - chord#: 102 In build_straw_man_chord_sa. tolerance = 1, sa_iterations = 1000, initial_temperature = 3.0, cooling_rate = 0.999
26 - INFO - chord#: 112 done. best_score=31.0, changed=519, unchanged=334, early_stops=8/8
26 - INFO - chord#: 116 In build_straw_man_chord_sa. tolerance = 1, sa_iterations = 1000, initial_temperature = 3.0, cooling_rate = 0.999
26 - INFO - chord#: 118 done. best_score=67.0, changed=613, unchanged=294, early_stops=8/8
26 - INFO - chord#: 120 In build_straw_man_chord_sa. tolerance = 1, sa_iterations = 1000, initial_temperature = 3.0, cooling_rate = 0.999
26 - INFO - chord#: 116 done. best_score=27.0, changed=521, unchanged=375, early_stops=8/8
26 - INFO - chord#: 118 In build_straw_man_chord_sa. tolerance = 1, sa_iterations = 1000, initial_temperature = 3.0, cooling_rate = 0.999
26 - INFO - chord#: 120 done. best_score=11.0, changed=486, unchanged=335, early_stops=8/8
26 - INFO - chord#: 128 In build_straw_man_chord_sa. tolerance = 1, sa_iterations = 1000, initial_temperature = 3.0, cooling_rate = 0.999
26 - INFO - chord#: 104 done. best_score=27.0, changed=530, unchanged=515, early_stops=8/8
26 - INFO - chord#: 106 In build_straw_man_chord_sa. tolerance = 1, sa_iterations = 1000, initial_temperature = 3.0, cooling_rate = 0.999
26 - INFO - chord#: 110 done. best_score=70.0, changed=613, unchanged=346, early_stops=8/8
26 - INFO - chord#: 112 In build_straw_man_chord_sa. tolerance = 1, sa_iterations = 1000, initial_temperature = 3.0, cooling_rate = 0.999
26 - INFO - chord#: 118 done. best_score=96.0, changed=606, unchanged=279, early_stops=8/8
26 - INFO - chord#: 120 In build_straw_man_chord_sa. tolerance = 1, sa_iterations = 1000, initial_temperature = 3.0, cooling_rate = 0.999
26 - INFO - chord#: 110 done. best_score=70.0, changed=624, unchanged=478, early_stops=8/8
26 - INFO - chord#: 112 In build_straw_man_chord_sa. tolerance = 1, sa_iterations = 1000, initial_temperature = 3.0, cooling_rate = 0.999
26 - INFO - chord#: 120 done. best_score=11.0, changed=485, unchanged=344, early_stops=8/8
26 - INFO - chord#: 128 In build_straw_man_chord_sa. tolerance = 1, sa_iterations = 1000, initial_temperature = 3.0, cooling_rate = 0.999
26 - INFO - chord#: 106 done. best_score=82.0, changed=614, unchanged=530, early_stops=8/8
26 - INFO - chord#: 108 In build_straw_man_chord_sa. tolerance = 1, sa_iterations = 1000, initial_temperature = 3.0, cooling_rate = 0.999
26 - INFO - chord#: 116 done. best_score=27.0, changed=521, unchanged=482, early_stops=8/8
26 - INFO - chord#: 118 In build_straw_man_chord_sa. tolerance = 1, sa_iterations = 1000, initial_temperature = 3.0, cooling_rate = 0.999
26 - INFO - chord#: 102 done. best_score=142.0, changed=609, unchanged=212, early_stops=8/8
26 - INFO - chord#: 104 In build_straw_man_chord_sa. tolerance = 1, sa_iterations = 1000, initial_temperature = 3.0, cooling_rate = 0.999
26 - INFO - chord#: 106 done. best_score=82.0, changed=617, unchanged=490, early_stops=8/8
26 - INFO - chord#: 108 In build_straw_man_chord_sa. tolerance = 1, sa_iterations = 1000, initial_temperature = 3.0, cooling_rate = 0.999
26 - INFO - chord#: 112 done. best_score=31.0, changed=535, unchanged=276, early_stops=8/8
26 - INFO - chord#: 116 In build_straw_man_chord_sa. tolerance = 1, sa_iterations = 1000, initial_temperature = 3.0, cooling_rate = 0.999
26 - INFO - chord#: 128 done. best_score=27.0, changed=523, unchanged=426, early_stops=8/8
26 - INFO - chord#: 136 In build_straw_man_chord_sa. tolerance = 1, sa_iterations = 1000, initial_temperature = 3.0, cooling_rate = 0.999
26 - INFO - chord#: 112 done. best_score=31.0, changed=523, unchanged=319, early_stops=8/8
26 - INFO - chord#: 116 In build_straw_man_chord_sa. tolerance = 1, sa_iterations = 1000, initial_temperature = 3.0, cooling_rate = 0.999
26 - INFO - chord#: 108 done. best_score=27.0, changed=520, unchanged=328, early_stops=8/8
26 - INFO - chord#: 110 In build_straw_man_chord_sa. tolerance = 1, sa_iterations = 1000, initial_temperature = 3.0, cooling_rate = 0.999
26 - INFO - chord#: 128 done. best_score=27.0, changed=526, unchanged=446, early_stops=8/8
26 - INFO - chord#: 136 In build_straw_man_chord_sa. tolerance = 1, sa_iterations = 1000, initial_temperature = 3.0, cooling_rate = 0.999
26 - INFO - chord#: 102 done. best_score=67.0, changed=612, unchanged=232, early_stops=8/8
26 - INFO - chord#: 104 In build_straw_man_chord_sa. tolerance = 1, sa_iterations = 1000, initial_temperature = 3.0, cooling_rate = 0.999
26 - INFO - chord#: 116 done. best_score=27.0, changed=520, unchanged=316, early_stops=8/8
26 - INFO - chord#: 118 In build_straw_man_chord_sa. tolerance = 1, sa_iterations = 1000, initial_temperature = 3.0, cooling_rate = 0.999
26 - INFO - chord#: 106 done. best_score=120.0, changed=613, unchanged=392, early_stops=8/8
26 - INFO - chord#: 108 In build_straw_man_chord_sa. tolerance = 1, sa_iterations = 1000, initial_temperature = 3.0, cooling_rate = 0.999
26 - INFO - chord#: 136 done. best_score=27.0, changed=520, unchanged=428, early_stops=8/8
26 - INFO - chord#: 138 In build_straw_man_chord_sa. tolerance = 1, sa_iterations = 1000, initial_temperature = 3.0, cooling_rate = 0.999
26 - INFO - chord#: 108 done. best_score=27.0, changed=523, unchanged=368, early_stops=8/8
26 - INFO - chord#: 110 In build_straw_man_chord_sa. tolerance = 1, sa_iterations = 1000, initial_temperature = 3.0, cooling_rate = 0.999
26 - INFO - chord#: 104 done. best_score=27.0, changed=523, unchanged=474, early_stops=8/8
26 - INFO - chord#: 106 In build_straw_man_chord_sa. tolerance = 1, sa_iterations = 1000, initial_temperature = 3.0, cooling_rate = 0.999
26 - INFO - chord#: 116 done. best_score=27.0, changed=536, unchanged=561, early_stops=8/8
26 - INFO - chord#: 118 In build_straw_man_chord_sa. tolerance = 1, sa_iterations = 1000, initial_temperature = 3.0, cooling_rate = 0.999
26 - INFO - chord#: 136 done. best_score=27.0, changed=522, unchanged=383, early_stops=8/8
26 - INFO - chord#: 138 In build_straw_man_chord_sa. tolerance = 1, sa_iterations = 1000, initial_temperature = 3.0, cooling_rate = 0.999
26 - INFO - chord#: 118 done. best_score=96.0, changed=603, unchanged=208, early_stops=8/8
26 - INFO - chord#: 120 In build_straw_man_chord_sa. tolerance = 1, sa_iterations = 1000, initial_temperature = 3.0, cooling_rate = 0.999
26 - INFO - chord#: 120 done. best_score=11.0, changed=495, unchanged=351, early_stops=8/8
26 - INFO - chord#: 128 In build_straw_man_chord_sa. tolerance = 1, sa_iterations = 1000, initial_temperature = 3.0, cooling_rate = 0.999
26 - INFO - chord#: 108 done. best_score=27.0, changed=537, unchanged=341, early_stops=8/8
26 - INFO - chord#: 110 In build_straw_man_chord_sa. tolerance = 1, sa_iterations = 1000, initial_temperature = 3.0, cooling_rate = 0.999
26 - INFO - chord#: 118 done. best_score=67.0, changed=609, unchanged=313, early_stops=8/8
26 - INFO - chord#: 120 In build_straw_man_chord_sa. tolerance = 1, sa_iterations = 1000, initial_temperature = 3.0, cooling_rate = 0.999
26 - INFO - chord#: 106 done. best_score=97.0, changed=611, unchanged=291, early_stops=8/8
26 - INFO - chord#: 108 In build_straw_man_chord_sa. tolerance = 1, sa_iterations = 1000, initial_temperature = 3.0, cooling_rate = 0.999
26 - INFO - chord#: 104 done. best_score=27.0, changed=518, unchanged=360, early_stops=8/8
26 - INFO - chord#: 106 In build_straw_man_chord_sa. tolerance = 1, sa_iterations = 1000, initial_temperature = 3.0, cooling_rate = 0.999
26 - INFO - chord#: 120 done. best_score=11.0, changed=491, unchanged=389, early_stops=8/8
26 - INFO - chord#: 128 In build_straw_man_chord_sa. tolerance = 1, sa_iterations = 1000, initial_temperature = 3.0, cooling_rate = 0.999
26 - INFO - chord#: 128 done. best_score=27.0, changed=517, unchanged=410, early_stops=8/8
26 - INFO - chord#: 136 In build_straw_man_chord_sa. tolerance = 1, sa_iterations = 1000, initial_temperature = 3.0, cooling_rate = 0.999
26 - INFO - chord#: 110 done. best_score=70.0, changed=612, unchanged=404, early_stops=8/8
26 - INFO - chord#: 112 In build_straw_man_chord_sa. tolerance = 1, sa_iterations = 1000, initial_temperature = 3.0, cooling_rate = 0.999
26 - INFO - chord#: 118 done. best_score=137.0, changed=609, unchanged=252, early_stops=8/8
26 - INFO - chord#: 120 In build_straw_man_chord_sa. tolerance = 1, sa_iterations = 1000, initial_temperature = 3.0, cooling_rate = 0.999
26 - INFO - chord#: 108 done. best_score=27.0, changed=528, unchanged=415, early_stops=8/8
26 - INFO - chord#: 110 In build_straw_man_chord_sa. tolerance = 1, sa_iterations = 1000, initial_temperature = 3.0, cooling_rate = 0.999
26 - INFO - chord#: 128 done. best_score=27.0, changed=521, unchanged=331, early_stops=8/8
26 - INFO - chord#: 136 In build_straw_man_chord_sa. tolerance = 1, sa_iterations = 1000, initial_temperature = 3.0, cooling_rate = 0.999
26 - INFO - chord#: 120 done. best_score=11.0, changed=484, unchanged=371, early_stops=8/8
26 - INFO - chord#: 128 In build_straw_man_chord_sa. tolerance = 1, sa_iterations = 1000, initial_temperature = 3.0, cooling_rate = 0.999
26 - INFO - chord#: 138 done. best_score=74.0, changed=611, unchanged=387, early_stops=8/8
26 - INFO - chord#: 140 In build_straw_man_chord_sa. tolerance = 1, sa_iterations = 1000, initial_temperature = 3.0, cooling_rate = 0.999
26 - INFO - chord#: 112 done. best_score=31.0, changed=526, unchanged=314, early_stops=8/8
26 - INFO - chord#: 116 In build_straw_man_chord_sa. tolerance = 1, sa_iterations = 1000, initial_temperature = 3.0, cooling_rate = 0.999
26 - INFO - chord#: 136 done. best_score=27.0, changed=522, unchanged=466, early_stops=8/8
26 - INFO - chord#: 138 In build_straw_man_chord_sa. tolerance = 1, sa_iterations = 1000, initial_temperature = 3.0, cooling_rate = 0.999
26 - INFO - chord#: 106 done. best_score=82.0, changed=610, unchanged=260, early_stops=8/8
26 - INFO - chord#: 108 In build_straw_man_chord_sa. tolerance = 1, sa_iterations = 1000, initial_temperature = 3.0, cooling_rate = 0.999
26 - INFO - chord#: 138 done. best_score=74.0, changed=609, unchanged=436, early_stops=8/8
26 - INFO - chord#: 140 In build_straw_man_chord_sa. tolerance = 1, sa_iterations = 1000, initial_temperature = 3.0, cooling_rate = 0.999
26 - INFO - chord#: 128 done. best_score=27.0, changed=515, unchanged=384, early_stops=8/8
26 - INFO - chord#: 136 In build_straw_man_chord_sa. tolerance = 1, sa_iterations = 1000, initial_temperature = 3.0, cooling_rate = 0.999
26 - INFO - chord#: 110 done. best_score=70.0, changed=612, unchanged=426, early_stops=8/8
26 - INFO - chord#: 112 In build_straw_man_chord_sa. tolerance = 1, sa_iterations = 1000, initial_temperature = 3.0, cooling_rate = 0.999
26 - INFO - chord#: 110 done. best_score=70.0, changed=616, unchanged=381, early_stops=8/8
26 - INFO - chord#: 112 In build_straw_man_chord_sa. tolerance = 1, sa_iterations = 1000, initial_temperature = 3.0, cooling_rate = 0.999
26 - INFO - chord#: 136 done. best_score=27.0, changed=530, unchanged=415, early_stops=8/8
26 - INFO - chord#: 138 In build_straw_man_chord_sa. tolerance = 1, sa_iterations = 1000, initial_temperature = 3.0, cooling_rate = 0.999
26 - INFO - chord#: 118 done. best_score=67.0, changed=614, unchanged=355, early_stops=8/8
26 - INFO - chord#: 120 In build_straw_man_chord_sa. tolerance = 1, sa_iterations = 1000, initial_temperature = 3.0, cooling_rate = 0.999
26 - INFO - chord#: 140 done. best_score=27.0, changed=520, unchanged=490, early_stops=8/8
26 - INFO - chord#: 144 In build_straw_man_chord_sa. tolerance = 1, sa_iterations = 1000, initial_temperature = 3.0, cooling_rate = 0.999
26 - INFO - chord#: 116 done. best_score=27.0, changed=524, unchanged=374, early_stops=8/8
26 - INFO - chord#: 118 In build_straw_man_chord_sa. tolerance = 1, sa_iterations = 1000, initial_temperature = 3.0, cooling_rate = 0.999
26 - INFO - chord#: 106 done. best_score=82.0, changed=611, unchanged=363, early_stops=8/8
26 - INFO - chord#: 108 In build_straw_man_chord_sa. tolerance = 1, sa_iterations = 1000, initial_temperature = 3.0, cooling_rate = 0.999
26 - INFO - chord#: 120 done. best_score=11.0, changed=481, unchanged=369, early_stops=8/8
26 - INFO - chord#: 128 In build_straw_man_chord_sa. tolerance = 1, sa_iterations = 1000, initial_temperature = 3.0, cooling_rate = 0.999
26 - INFO - chord#: 136 done. best_score=27.0, changed=523, unchanged=340, early_stops=8/8
26 - INFO - chord#: 138 In build_straw_man_chord_sa. tolerance = 1, sa_iterations = 1000, initial_temperature = 3.0, cooling_rate = 0.999
26 - INFO - chord#: 108 done. best_score=27.0, changed=529, unchanged=376, early_stops=8/8
26 - INFO - chord#: 110 In build_straw_man_chord_sa. tolerance = 1, sa_iterations = 1000, initial_temperature = 3.0, cooling_rate = 0.999
26 - INFO - chord#: 140 done. best_score=27.0, changed=522, unchanged=437, early_stops=8/8
26 - INFO - chord#: 144 In build_straw_man_chord_sa. tolerance = 1, sa_iterations = 1000, initial_temperature = 3.0, cooling_rate = 0.999
26 - INFO - chord#: 112 done. best_score=31.0, changed=526, unchanged=417, early_stops=8/8
26 - INFO - chord#: 116 In build_straw_man_chord_sa. tolerance = 1, sa_iterations = 1000, initial_temperature = 3.0, cooling_rate = 0.999
26 - INFO - chord#: 112 done. best_score=31.0, changed=533, unchanged=363, early_stops=8/8
26 - INFO - chord#: 116 In build_straw_man_chord_sa. tolerance = 1, sa_iterations = 1000, initial_temperature = 3.0, cooling_rate = 0.999
26 - INFO - chord#: 144 done. best_score=35.0, changed=525, unchanged=494, early_stops=8/8
26 - INFO - chord#: 146 In build_straw_man_chord_sa. tolerance = 1, sa_iterations = 1000, initial_temperature = 3.0, cooling_rate = 0.999
26 - INFO - chord#: 128 done. best_score=27.0, changed=514, unchanged=415, early_stops=8/8
26 - INFO - chord#: 136 In build_straw_man_chord_sa. tolerance = 1, sa_iterations = 1000, initial_temperature = 3.0, cooling_rate = 0.999
26 - INFO - chord#: 110 done. best_score=104.0, changed=611, unchanged=321, early_stops=8/8
26 - INFO - chord#: 112 In build_straw_man_chord_sa. tolerance = 1, sa_iterations = 1000, initial_temperature = 3.0, cooling_rate = 0.999
26 - INFO - chord#: 108 done. best_score=27.0, changed=520, unchanged=418, early_stops=8/8
26 - INFO - chord#: 110 In build_straw_man_chord_sa. tolerance = 1, sa_iterations = 1000, initial_temperature = 3.0, cooling_rate = 0.999
26 - INFO - chord#: 144 done. best_score=35.0, changed=531, unchanged=455, early_stops=8/8
26 - INFO - chord#: 146 In build_straw_man_chord_sa. tolerance = 1, sa_iterations = 1000, initial_temperature = 3.0, cooling_rate = 0.999
26 - INFO - chord#: 116 done. best_score=27.0, changed=518, unchanged=339, early_stops=8/8
26 - INFO - chord#: 118 In build_straw_man_chord_sa. tolerance = 1, sa_iterations = 1000, initial_temperature = 3.0, cooling_rate = 0.999
26 - INFO - chord#: 116 done. best_score=27.0, changed=520, unchanged=313, early_stops=8/8
26 - INFO - chord#: 118 In build_straw_man_chord_sa. tolerance = 1, sa_iterations = 1000, initial_temperature = 3.0, cooling_rate = 0.999
26 - INFO - chord#: 138 done. best_score=121.0, changed=614, unchanged=335, early_stops=8/8
26 - INFO - chord#: 140 In build_straw_man_chord_sa. tolerance = 1, sa_iterations = 1000, initial_temperature = 3.0, cooling_rate = 0.999
26 - INFO - chord#: 136 done. best_score=27.0, changed=523, unchanged=349, early_stops=8/8
26 - INFO - chord#: 138 In build_straw_man_chord_sa. tolerance = 1, sa_iterations = 1000, initial_temperature = 3.0, cooling_rate = 0.999
26 - INFO - chord#: 112 done. best_score=59.0, changed=531, unchanged=292, early_stops=8/8
26 - INFO - chord#: 116 In build_straw_man_chord_sa. tolerance = 1, sa_iterations = 1000, initial_temperature = 3.0, cooling_rate = 0.999
26 - INFO - chord#: 138 done. best_score=121.0, changed=612, unchanged=223, early_stops=8/8
26 - INFO - chord#: 140 In build_straw_man_chord_sa. tolerance = 1, sa_iterations = 1000, initial_temperature = 3.0, cooling_rate = 0.999
26 - INFO - chord#: 110 done. best_score=70.0, changed=613, unchanged=297, early_stops=8/8
26 - INFO - chord#: 112 In build_straw_man_chord_sa. tolerance = 1, sa_iterations = 1000, initial_temperature = 3.0, cooling_rate = 0.999
26 - INFO - chord#: 118 done. best_score=67.0, changed=614, unchanged=414, early_stops=8/8
26 - INFO - chord#: 120 In build_straw_man_chord_sa. tolerance = 1, sa_iterations = 1000, initial_temperature = 3.0, cooling_rate = 0.999
26 - INFO - chord#: 138 done. best_score=74.0, changed=614, unchanged=402, early_stops=8/8
26 - INFO - chord#: 140 In build_straw_man_chord_sa. tolerance = 1, sa_iterations = 1000, initial_temperature = 3.0, cooling_rate = 0.999
26 - INFO - chord#: 120 done. best_score=11.0, changed=503, unchanged=351, early_stops=8/8
26 - INFO - chord#: 128 In build_straw_man_chord_sa. tolerance = 1, sa_iterations = 1000, initial_temperature = 3.0, cooling_rate = 0.999
26 - INFO - chord#: 140 done. best_score=27.0, changed=521, unchanged=385, early_stops=8/8
26 - INFO - chord#: 144 In build_straw_man_chord_sa. tolerance = 1, sa_iterations = 1000, initial_temperature = 3.0, cooling_rate = 0.999
26 - INFO - chord#: 146 done. best_score=71.0, changed=612, unchanged=355, early_stops=8/8
26 - INFO - chord#: 148 In build_straw_man_chord_sa. tolerance = 1, sa_iterations = 1000, initial_temperature = 3.0, cooling_rate = 0.999
26 - INFO - chord#: 116 done. best_score=27.0, changed=526, unchanged=332, early_stops=8/8
26 - INFO - chord#: 118 In build_straw_man_chord_sa. tolerance = 1, sa_iterations = 1000, initial_temperature = 3.0, cooling_rate = 0.999
26 - INFO - chord#: 112 done. best_score=31.0, changed=539, unchanged=295, early_stops=8/8
26 - INFO - chord#: 116 In build_straw_man_chord_sa. tolerance = 1, sa_iterations = 1000, initial_temperature = 3.0, cooling_rate = 0.999
26 - INFO - chord#: 140 done. best_score=27.0, changed=525, unchanged=580, early_stops=8/8
26 - INFO - chord#: 144 In build_straw_man_chord_sa. tolerance = 1, sa_iterations = 1000, initial_temperature = 3.0, cooling_rate = 0.999
26 - INFO - chord#: 128 done. best_score=27.0, changed=521, unchanged=334, early_stops=8/8
26 - INFO - chord#: 136 In build_straw_man_chord_sa. tolerance = 1, sa_iterations = 1000, initial_temperature = 3.0, cooling_rate = 0.999
26 - INFO - chord#: 140 done. best_score=27.0, changed=522, unchanged=472, early_stops=8/8
26 - INFO - chord#: 144 In build_straw_man_chord_sa. tolerance = 1, sa_iterations = 1000, initial_temperature = 3.0, cooling_rate = 0.999
26 - INFO - chord#: 146 done. best_score=71.0, changed=616, unchanged=448, early_stops=8/8
26 - INFO - chord#: 148 In build_straw_man_chord_sa. tolerance = 1, sa_iterations = 1000, initial_temperature = 3.0, cooling_rate = 0.999
26 - INFO - chord#: 116 done. best_score=27.0, changed=518, unchanged=314, early_stops=8/8
26 - INFO - chord#: 118 In build_straw_man_chord_sa. tolerance = 1, sa_iterations = 1000, initial_temperature = 3.0, cooling_rate = 0.999
26 - INFO - chord#: 138 done. best_score=74.0, changed=613, unchanged=420, early_stops=8/8
26 - INFO - chord#: 140 In build_straw_man_chord_sa. tolerance = 1, sa_iterations = 1000, initial_temperature = 3.0, cooling_rate = 0.999
26 - INFO - chord#: 118 done. best_score=67.0, changed=609, unchanged=300, early_stops=8/8
26 - INFO - chord#: 120 In build_straw_man_chord_sa. tolerance = 1, sa_iterations = 1000, initial_temperature = 3.0, cooling_rate = 0.999
26 - INFO - chord#: 136 done. best_score=27.0, changed=519, unchanged=355, early_stops=8/8
26 - INFO - chord#: 138 In build_straw_man_chord_sa. tolerance = 1, sa_iterations = 1000, initial_temperature = 3.0, cooling_rate = 0.999
26 - INFO - chord#: 144 done. best_score=35.0, changed=523, unchanged=478, early_stops=8/8
26 - INFO - chord#: 146 In build_straw_man_chord_sa. tolerance = 1, sa_iterations = 1000, initial_temperature = 3.0, cooling_rate = 0.999
26 - INFO - chord#: 110 done. best_score=70.0, changed=617, unchanged=520, early_stops=8/8
26 - INFO - chord#: 112 In build_straw_man_chord_sa. tolerance = 1, sa_iterations = 1000, initial_temperature = 3.0, cooling_rate = 0.999
26 - INFO - chord#: 118 done. best_score=67.0, changed=614, unchanged=382, early_stops=8/8
26 - INFO - chord#: 120 In build_straw_man_chord_sa. tolerance = 1, sa_iterations = 1000, initial_temperature = 3.0, cooling_rate = 0.999
26 - INFO - chord#: 120 done. best_score=11.0, changed=494, unchanged=338, early_stops=8/8
26 - INFO - chord#: 128 In build_straw_man_chord_sa. tolerance = 1, sa_iterations = 1000, initial_temperature = 3.0, cooling_rate = 0.999
26 - INFO - chord#: 144 done. best_score=35.0, changed=519, unchanged=424, early_stops=8/8
26 - INFO - chord#: 146 In build_straw_man_chord_sa. tolerance = 1, sa_iterations = 1000, initial_temperature = 3.0, cooling_rate = 0.999
26 - INFO - chord#: 144 done. best_score=35.0, changed=519, unchanged=421, early_stops=8/8
26 - INFO - chord#: 146 In build_straw_man_chord_sa. tolerance = 1, sa_iterations = 1000, initial_temperature = 3.0, cooling_rate = 0.999
26 - INFO - chord#: 120 done. best_score=11.0, changed=480, unchanged=339, early_stops=8/8
26 - INFO - chord#: 128 In build_straw_man_chord_sa. tolerance = 1, sa_iterations = 1000, initial_temperature = 3.0, cooling_rate = 0.999
26 - INFO - chord#: 148 done. best_score=67.0, changed=608, unchanged=321, early_stops=8/8
26 - INFO - chord#: 150 In build_straw_man_chord_sa. tolerance = 1, sa_iterations = 1000, initial_temperature = 3.0, cooling_rate = 0.999
26 - INFO - chord#: 140 done. best_score=27.0, changed=527, unchanged=512, early_stops=8/8
26 - INFO - chord#: 144 In build_straw_man_chord_sa. tolerance = 1, sa_iterations = 1000, initial_temperature = 3.0, cooling_rate = 0.999
26 - INFO - chord#: 112 done. best_score=31.0, changed=529, unchanged=310, early_stops=8/8
26 - INFO - chord#: 116 In build_straw_man_chord_sa. tolerance = 1, sa_iterations = 1000, initial_temperature = 3.0, cooling_rate = 0.999
26 - INFO - chord#: 148 done. best_score=67.0, changed=612, unchanged=230, early_stops=8/8
26 - INFO - chord#: 150 In build_straw_man_chord_sa. tolerance = 1, sa_iterations = 1000, initial_temperature = 3.0, cooling_rate = 0.999
26 - INFO - chord#: 118 done. best_score=67.0, changed=613, unchanged=287, early_stops=8/8
26 - INFO - chord#: 120 In build_straw_man_chord_sa. tolerance = 1, sa_iterations = 1000, initial_temperature = 3.0, cooling_rate = 0.999
26 - INFO - chord#: 128 done. best_score=27.0, changed=528, unchanged=319, early_stops=8/8
26 - INFO - chord#: 136 In build_straw_man_chord_sa. tolerance = 1, sa_iterations = 1000, initial_temperature = 3.0, cooling_rate = 0.999
26 - INFO - chord#: 128 done. best_score=27.0, changed=525, unchanged=372, early_stops=8/8
26 - INFO - chord#: 136 In build_straw_man_chord_sa. tolerance = 1, sa_iterations = 1000, initial_temperature = 3.0, cooling_rate = 0.999
26 - INFO - chord#: 120 done. best_score=11.0, changed=486, unchanged=358, early_stops=8/8
26 - INFO - chord#: 128 In build_straw_man_chord_sa. tolerance = 1, sa_iterations = 1000, initial_temperature = 3.0, cooling_rate = 0.999
26 - INFO - chord#: 150 done. best_score=36.0, changed=521, unchanged=358, early_stops=8/8
26 - INFO - chord#: 152 In build_straw_man_chord_sa. tolerance = 1, sa_iterations = 1000, initial_temperature = 3.0, cooling_rate = 0.999
26 - INFO - chord#: 118 done. best_score=67.0, changed=615, unchanged=290, early_stops=8/8
26 - INFO - chord#: 120 In build_straw_man_chord_sa. tolerance = 1, sa_iterations = 1000, initial_temperature = 3.0, cooling_rate = 0.999
26 - INFO - chord#: 150 done. best_score=36.0, changed=523, unchanged=326, early_stops=8/8
26 - INFO - chord#: 152 In build_straw_man_chord_sa. tolerance = 1, sa_iterations = 1000, initial_temperature = 3.0, cooling_rate = 0.999
26 - INFO - chord#: 120 done. best_score=11.0, changed=493, unchanged=365, early_stops=8/8
26 - INFO - chord#: 128 In build_straw_man_chord_sa. tolerance = 1, sa_iterations = 1000, initial_temperature = 3.0, cooling_rate = 0.999
26 - INFO - chord#: 144 done. best_score=35.0, changed=523, unchanged=512, early_stops=8/8
26 - INFO - chord#: 146 In build_straw_man_chord_sa. tolerance = 1, sa_iterations = 1000, initial_temperature = 3.0, cooling_rate = 0.999
26 - INFO - chord#: 146 done. best_score=71.0, changed=614, unchanged=269, early_stops=8/8
26 - INFO - chord#: 148 In build_straw_man_chord_sa. tolerance = 1, sa_iterations = 1000, initial_temperature = 3.0, cooling_rate = 0.999
26 - INFO - chord#: 138 done. best_score=96.0, changed=612, unchanged=294, early_stops=8/8
26 - INFO - chord#: 140 In build_straw_man_chord_sa. tolerance = 1, sa_iterations = 1000, initial_temperature = 3.0, cooling_rate = 0.999
26 - INFO - chord#: 116 done. best_score=27.0, changed=522, unchanged=396, early_stops=8/8
26 - INFO - chord#: 118 In build_straw_man_chord_sa. tolerance = 1, sa_iterations = 1000, initial_temperature = 3.0, cooling_rate = 0.999
26 - INFO - chord#: 146 done. best_score=71.0, changed=609, unchanged=313, early_stops=8/8
26 - INFO - chord#: 148 In build_straw_man_chord_sa. tolerance = 1, sa_iterations = 1000, initial_temperature = 3.0, cooling_rate = 0.999
26 - INFO - chord#: 136 done. best_score=27.0, changed=527, unchanged=399, early_stops=8/8
26 - INFO - chord#: 138 In build_straw_man_chord_sa. tolerance = 1, sa_iterations = 1000, initial_temperature = 3.0, cooling_rate = 0.999
26 - INFO - chord#: 146 done. best_score=71.0, changed=613, unchanged=261, early_stops=8/8
26 - INFO - chord#: 148 In build_straw_man_chord_sa. tolerance = 1, sa_iterations = 1000, initial_temperature = 3.0, cooling_rate = 0.999
26 - INFO - chord#: 136 done. best_score=27.0, changed=524, unchanged=470, early_stops=8/8
26 - INFO - chord#: 138 In build_straw_man_chord_sa. tolerance = 1, sa_iterations = 1000, initial_temperature = 3.0, cooling_rate = 0.999
26 - INFO - chord#: 152 done. best_score=27.0, changed=517, unchanged=434, early_stops=8/8
26 - INFO - chord#: 160 In build_straw_man_chord_sa. tolerance = 1, sa_iterations = 1000, initial_temperature = 3.0, cooling_rate = 0.999
26 - INFO - chord#: 128 done. best_score=27.0, changed=524, unchanged=401, early_stops=8/8
26 - INFO - chord#: 136 In build_straw_man_chord_sa. tolerance = 1, sa_iterations = 1000, initial_temperature = 3.0, cooling_rate = 0.999
26 - INFO - chord#: 128 done. best_score=27.0, changed=531, unchanged=382, early_stops=8/8
26 - INFO - chord#: 136 In build_straw_man_chord_sa. tolerance = 1, sa_iterations = 1000, initial_temperature = 3.0, cooling_rate = 0.999
26 - INFO - chord#: 152 done. best_score=27.0, changed=524, unchanged=555, early_stops=8/8
26 - INFO - chord#: 160 In build_straw_man_chord_sa. tolerance = 1, sa_iterations = 1000, initial_temperature = 3.0, cooling_rate = 0.999
26 - INFO - chord#: 140 done. best_score=27.0, changed=527, unchanged=560, early_stops=8/8
26 - INFO - chord#: 144 In build_straw_man_chord_sa. tolerance = 1, sa_iterations = 1000, initial_temperature = 3.0, cooling_rate = 0.999
26 - INFO - chord#: 160 done. best_score=27.0, changed=523, unchanged=360, early_stops=8/8
26 - INFO - chord#: 164 In build_straw_man_chord_sa. tolerance = 1, sa_iterations = 1000, initial_temperature = 3.0, cooling_rate = 0.999
26 - INFO - chord#: 136 done. best_score=27.0, changed=522, unchanged=367, early_stops=8/8
26 - INFO - chord#: 138 In build_straw_man_chord_sa. tolerance = 1, sa_iterations = 1000, initial_temperature = 3.0, cooling_rate = 0.999
26 - INFO - chord#: 136 done. best_score=27.0, changed=522, unchanged=359, early_stops=8/8
26 - INFO - chord#: 138 In build_straw_man_chord_sa. tolerance = 1, sa_iterations = 1000, initial_temperature = 3.0, cooling_rate = 0.999
26 - INFO - chord#: 146 done. best_score=71.0, changed=616, unchanged=342, early_stops=8/8
26 - INFO - chord#: 148 In build_straw_man_chord_sa. tolerance = 1, sa_iterations = 1000, initial_temperature = 3.0, cooling_rate = 0.999
26 - INFO - chord#: 148 done. best_score=67.0, changed=607, unchanged=265, early_stops=8/8
26 - INFO - chord#: 150 In build_straw_man_chord_sa. tolerance = 1, sa_iterations = 1000, initial_temperature = 3.0, cooling_rate = 0.999
26 - INFO - chord#: 160 done. best_score=27.0, changed=524, unchanged=512, early_stops=8/8
26 - INFO - chord#: 164 In build_straw_man_chord_sa. tolerance = 1, sa_iterations = 1000, initial_temperature = 3.0, cooling_rate = 0.999
26 - INFO - chord#: 144 done. best_score=35.0, changed=520, unchanged=392, early_stops=8/8
26 - INFO - chord#: 146 In build_straw_man_chord_sa. tolerance = 1, sa_iterations = 1000, initial_temperature = 3.0, cooling_rate = 0.999
26 - INFO - chord#: 164 done. best_score=27.0, changed=525, unchanged=387, early_stops=8/8
26 - INFO - chord#: 166 In build_straw_man_chord_sa. tolerance = 1, sa_iterations = 1000, initial_temperature = 3.0, cooling_rate = 0.999
26 - INFO - chord#: 150 done. best_score=36.0, changed=521, unchanged=321, early_stops=8/8
26 - INFO - chord#: 152 In build_straw_man_chord_sa. tolerance = 1, sa_iterations = 1000, initial_temperature = 3.0, cooling_rate = 0.999
26 - INFO - chord#: 164 done. best_score=27.0, changed=515, unchanged=355, early_stops=8/8
26 - INFO - chord#: 166 In build_straw_man_chord_sa. tolerance = 1, sa_iterations = 1000, initial_temperature = 3.0, cooling_rate = 0.999
26 - INFO - chord#: 148 done. best_score=137.0, changed=615, unchanged=318, early_stops=8/8
26 - INFO - chord#: 150 In build_straw_man_chord_sa. tolerance = 1, sa_iterations = 1000, initial_temperature = 3.0, cooling_rate = 0.999
26 - INFO - chord#: 148 done. best_score=137.0, changed=614, unchanged=265, early_stops=8/8
26 - INFO - chord#: 150 In build_straw_man_chord_sa. tolerance = 1, sa_iterations = 1000, initial_temperature = 3.0, cooling_rate = 0.999
26 - INFO - chord#: 138 done. best_score=74.0, changed=611, unchanged=264, early_stops=8/8
26 - INFO - chord#: 140 In build_straw_man_chord_sa. tolerance = 1, sa_iterations = 1000, initial_temperature = 3.0, cooling_rate = 0.999
26 - INFO - chord#: 118 done. best_score=67.0, changed=614, unchanged=425, early_stops=8/8
26 - INFO - chord#: 120 In build_straw_man_chord_sa. tolerance = 1, sa_iterations = 1000, initial_temperature = 3.0, cooling_rate = 0.999
26 - INFO - chord#: 120 done. best_score=11.0, changed=500, unchanged=342, early_stops=8/8
26 - INFO - chord#: 128 In build_straw_man_chord_sa. tolerance = 1, sa_iterations = 1000, initial_temperature = 3.0, cooling_rate = 0.999
26 - INFO - chord#: 138 done. best_score=74.0, changed=615, unchanged=477, early_stops=8/8
26 - INFO - chord#: 140 In build_straw_man_chord_sa. tolerance = 1, sa_iterations = 1000, initial_temperature = 3.0, cooling_rate = 0.999
26 - INFO - chord#: 146 done. best_score=71.0, changed=612, unchanged=212, early_stops=8/8
26 - INFO - chord#: 148 In build_straw_man_chord_sa. tolerance = 1, sa_iterations = 1000, initial_temperature = 3.0, cooling_rate = 0.999
26 - INFO - chord#: 152 done. best_score=27.0, changed=518, unchanged=478, early_stops=8/8
26 - INFO - chord#: 160 In build_straw_man_chord_sa. tolerance = 1, sa_iterations = 1000, initial_temperature = 3.0, cooling_rate = 0.999
26 - INFO - chord#: 150 done. best_score=36.0, changed=531, unchanged=313, early_stops=8/8
26 - INFO - chord#: 152 In build_straw_man_chord_sa. tolerance = 1, sa_iterations = 1000, initial_temperature = 3.0, cooling_rate = 0.999
26 - INFO - chord#: 148 done. best_score=67.0, changed=614, unchanged=307, early_stops=8/8
26 - INFO - chord#: 150 In build_straw_man_chord_sa. tolerance = 1, sa_iterations = 1000, initial_temperature = 3.0, cooling_rate = 0.999
26 - INFO - chord#: 138 done. best_score=96.0, changed=613, unchanged=359, early_stops=8/8
26 - INFO - chord#: 140 In build_straw_man_chord_sa. tolerance = 1, sa_iterations = 1000, initial_temperature = 3.0, cooling_rate = 0.999
26 - INFO - chord#: 150 done. best_score=36.0, changed=530, unchanged=405, early_stops=8/8
26 - INFO - chord#: 152 In build_straw_man_chord_sa. tolerance = 1, sa_iterations = 1000, initial_temperature = 3.0, cooling_rate = 0.999
26 - INFO - chord#: 140 done. best_score=27.0, changed=521, unchanged=445, early_stops=8/8
26 - INFO - chord#: 144 In build_straw_man_chord_sa. tolerance = 1, sa_iterations = 1000, initial_temperature = 3.0, cooling_rate = 0.999
26 - INFO - chord#: 138 done. best_score=96.0, changed=613, unchanged=419, early_stops=8/8
26 - INFO - chord#: 140 In build_straw_man_chord_sa. tolerance = 1, sa_iterations = 1000, initial_temperature = 3.0, cooling_rate = 0.999
26 - INFO - chord#: 166 done. best_score=74.0, changed=617, unchanged=324, early_stops=8/8
26 - INFO - chord#: 168 In build_straw_man_chord_sa. tolerance = 1, sa_iterations = 1000, initial_temperature = 3.0, cooling_rate = 0.999
26 - INFO - chord#: 128 done. best_score=27.0, changed=525, unchanged=381, early_stops=8/8
26 - INFO - chord#: 136 In build_straw_man_chord_sa. tolerance = 1, sa_iterations = 1000, initial_temperature = 3.0, cooling_rate = 0.999
26 - INFO - chord#: 166 done. best_score=74.0, changed=609, unchanged=234, early_stops=8/8
26 - INFO - chord#: 168 In build_straw_man_chord_sa. tolerance = 1, sa_iterations = 1000, initial_temperature = 3.0, cooling_rate = 0.999
26 - INFO - chord#: 140 done. best_score=27.0, changed=523, unchanged=382, early_stops=8/8
26 - INFO - chord#: 144 In build_straw_man_chord_sa. tolerance = 1, sa_iterations = 1000, initial_temperature = 3.0, cooling_rate = 0.999
26 - INFO - chord#: 150 done. best_score=36.0, changed=525, unchanged=306, early_stops=8/8
26 - INFO - chord#: 152 In build_straw_man_chord_sa. tolerance = 1, sa_iterations = 1000, initial_temperature = 3.0, cooling_rate = 0.999
26 - INFO - chord#: 160 done. best_score=27.0, changed=520, unchanged=557, early_stops=8/8
26 - INFO - chord#: 164 In build_straw_man_chord_sa. tolerance = 1, sa_iterations = 1000, initial_temperature = 3.0, cooling_rate = 0.999
26 - INFO - chord#: 140 done. best_score=27.0, changed=519, unchanged=450, early_stops=8/8
26 - INFO - chord#: 144 In build_straw_man_chord_sa. tolerance = 1, sa_iterations = 1000, initial_temperature = 3.0, cooling_rate = 0.999
26 - INFO - chord#: 152 done. best_score=27.0, changed=528, unchanged=501, early_stops=8/8
26 - INFO - chord#: 160 In build_straw_man_chord_sa. tolerance = 1, sa_iterations = 1000, initial_temperature = 3.0, cooling_rate = 0.999
26 - INFO - chord#: 140 done. best_score=27.0, changed=521, unchanged=373, early_stops=8/8
26 - INFO - chord#: 144 In build_straw_man_chord_sa. tolerance = 1, sa_iterations = 1000, initial_temperature = 3.0, cooling_rate = 0.999
26 - INFO - chord#: 144 done. best_score=35.0, changed=528, unchanged=415, early_stops=8/8
26 - INFO - chord#: 146 In build_straw_man_chord_sa. tolerance = 1, sa_iterations = 1000, initial_temperature = 3.0, cooling_rate = 0.999
26 - INFO - chord#: 168 done. best_score=27.0, changed=524, unchanged=485, early_stops=8/8
26 - INFO - chord#: 170 In build_straw_man_chord_sa. tolerance = 1, sa_iterations = 1000, initial_temperature = 3.0, cooling_rate = 0.999
26 - INFO - chord#: 148 done. best_score=137.0, changed=610, unchanged=246, early_stops=8/8
26 - INFO - chord#: 150 In build_straw_man_chord_sa. tolerance = 1, sa_iterations = 1000, initial_temperature = 3.0, cooling_rate = 0.999
26 - INFO - chord#: 152 done. best_score=27.0, changed=530, unchanged=776, early_stops=8/8
26 - INFO - chord#: 160 In build_straw_man_chord_sa. tolerance = 1, sa_iterations = 1000, initial_temperature = 3.0, cooling_rate = 0.999
26 - INFO - chord#: 164 done. best_score=27.0, changed=512, unchanged=296, early_stops=8/8
26 - INFO - chord#: 166 In build_straw_man_chord_sa. tolerance = 1, sa_iterations = 1000, initial_temperature = 3.0, cooling_rate = 0.999
26 - INFO - chord#: 152 done. best_score=27.0, changed=518, unchanged=352, early_stops=8/8
26 - INFO - chord#: 160 In build_straw_man_chord_sa. tolerance = 1, sa_iterations = 1000, initial_temperature = 3.0, cooling_rate = 0.999
26 - INFO - chord#: 136 done. best_score=27.0, changed=521, unchanged=488, early_stops=8/8
26 - INFO - chord#: 138 In build_straw_man_chord_sa. tolerance = 1, sa_iterations = 1000, initial_temperature = 3.0, cooling_rate = 0.999
26 - INFO - chord#: 168 done. best_score=27.0, changed=519, unchanged=482, early_stops=8/8
26 - INFO - chord#: 170 In build_straw_man_chord_sa. tolerance = 1, sa_iterations = 1000, initial_temperature = 3.0, cooling_rate = 0.999
26 - INFO - chord#: 144 done. best_score=35.0, changed=529, unchanged=489, early_stops=8/8
26 - INFO - chord#: 146 In build_straw_man_chord_sa. tolerance = 1, sa_iterations = 1000, initial_temperature = 3.0, cooling_rate = 0.999
26 - INFO - chord#: 144 done. best_score=35.0, changed=521, unchanged=630, early_stops=8/8
26 - INFO - chord#: 146 In build_straw_man_chord_sa. tolerance = 1, sa_iterations = 1000, initial_temperature = 3.0, cooling_rate = 0.999
26 - INFO - chord#: 170 done. best_score=36.0, changed=522, unchanged=346, early_stops=8/8
26 - INFO - chord#: 172 In build_straw_man_chord_sa. tolerance = 1, sa_iterations = 1000, initial_temperature = 3.0, cooling_rate = 0.999
26 - INFO - chord#: 150 done. best_score=36.0, changed=525, unchanged=387, early_stops=8/8
26 - INFO - chord#: 152 In build_straw_man_chord_sa. tolerance = 1, sa_iterations = 1000, initial_temperature = 3.0, cooling_rate = 0.999
26 - INFO - chord#: 160 done. best_score=27.0, changed=524, unchanged=474, early_stops=8/8
26 - INFO - chord#: 164 In build_straw_man_chord_sa. tolerance = 1, sa_iterations = 1000, initial_temperature = 3.0, cooling_rate = 0.999
26 - INFO - chord#: 160 done. best_score=27.0, changed=520, unchanged=384, early_stops=8/8
26 - INFO - chord#: 164 In build_straw_man_chord_sa. tolerance = 1, sa_iterations = 1000, initial_temperature = 3.0, cooling_rate = 0.999
26 - INFO - chord#: 170 done. best_score=36.0, changed=523, unchanged=345, early_stops=8/8
26 - INFO - chord#: 172 In build_straw_man_chord_sa. tolerance = 1, sa_iterations = 1000, initial_temperature = 3.0, cooling_rate = 0.999
26 - INFO - chord#: 160 done. best_score=27.0, changed=519, unchanged=400, early_stops=8/8
26 - INFO - chord#: 164 In build_straw_man_chord_sa. tolerance = 1, sa_iterations = 1000, initial_temperature = 3.0, cooling_rate = 0.999
26 - INFO - chord#: 144 done. best_score=35.0, changed=526, unchanged=482, early_stops=8/8
26 - INFO - chord#: 146 In build_straw_man_chord_sa. tolerance = 1, sa_iterations = 1000, initial_temperature = 3.0, cooling_rate = 0.999
26 - INFO - chord#: 152 done. best_score=27.0, changed=519, unchanged=429, early_stops=8/8
26 - INFO - chord#: 160 In build_straw_man_chord_sa. tolerance = 1, sa_iterations = 1000, initial_temperature = 3.0, cooling_rate = 0.999
26 - INFO - chord#: 172 done. best_score=27.0, changed=524, unchanged=506, early_stops=8/8
26 - INFO - chord#: 176 In build_straw_man_chord_sa. tolerance = 1, sa_iterations = 1000, initial_temperature = 3.0, cooling_rate = 0.999
26 - INFO - chord#: 164 done. best_score=27.0, changed=514, unchanged=353, early_stops=8/8
26 - INFO - chord#: 166 In build_straw_man_chord_sa. tolerance = 1, sa_iterations = 1000, initial_temperature = 3.0, cooling_rate = 0.999
26 - INFO - chord#: 164 done. best_score=27.0, changed=519, unchanged=339, early_stops=8/8
26 - INFO - chord#: 166 In build_straw_man_chord_sa. tolerance = 1, sa_iterations = 1000, initial_temperature = 3.0, cooling_rate = 0.999
26 - INFO - chord#: 172 done. best_score=27.0, changed=524, unchanged=382, early_stops=8/8
26 - INFO - chord#: 176 In build_straw_man_chord_sa. tolerance = 1, sa_iterations = 1000, initial_temperature = 3.0, cooling_rate = 0.999
26 - INFO - chord#: 146 done. best_score=71.0, changed=614, unchanged=237, early_stops=8/8
26 - INFO - chord#: 148 In build_straw_man_chord_sa. tolerance = 1, sa_iterations = 1000, initial_temperature = 3.0, cooling_rate = 0.999
26 - INFO - chord#: 164 done. best_score=27.0, changed=512, unchanged=365, early_stops=8/8
26 - INFO - chord#: 166 In build_straw_man_chord_sa. tolerance = 1, sa_iterations = 1000, initial_temperature = 3.0, cooling_rate = 0.999
26 - INFO - chord#: 166 done. best_score=74.0, changed=616, unchanged=370, early_stops=8/8
26 - INFO - chord#: 168 In build_straw_man_chord_sa. tolerance = 1, sa_iterations = 1000, initial_temperature = 3.0, cooling_rate = 0.999
26 - INFO - chord#: 160 done. best_score=27.0, changed=518, unchanged=381, early_stops=8/8
26 - INFO - chord#: 164 In build_straw_man_chord_sa. tolerance = 1, sa_iterations = 1000, initial_temperature = 3.0, cooling_rate = 0.999
26 - INFO - chord#: 146 done. best_score=71.0, changed=619, unchanged=320, early_stops=8/8
26 - INFO - chord#: 148 In build_straw_man_chord_sa. tolerance = 1, sa_iterations = 1000, initial_temperature = 3.0, cooling_rate = 0.999
26 - INFO - chord#: 146 done. best_score=71.0, changed=611, unchanged=341, early_stops=8/8
26 - INFO - chord#: 148 In build_straw_man_chord_sa. tolerance = 1, sa_iterations = 1000, initial_temperature = 3.0, cooling_rate = 0.999
26 - INFO - chord#: 138 done. best_score=74.0, changed=607, unchanged=291, early_stops=8/8
26 - INFO - chord#: 140 In build_straw_man_chord_sa. tolerance = 1, sa_iterations = 1000, initial_temperature = 3.0, cooling_rate = 0.999
26 - INFO - chord#: 168 done. best_score=27.0, changed=517, unchanged=354, early_stops=8/8
26 - INFO - chord#: 170 In build_straw_man_chord_sa. tolerance = 1, sa_iterations = 1000, initial_temperature = 3.0, cooling_rate = 0.999
26 - INFO - chord#: 164 done. best_score=27.0, changed=518, unchanged=423, early_stops=8/8
26 - INFO - chord#: 166 In build_straw_man_chord_sa. tolerance = 1, sa_iterations = 1000, initial_temperature = 3.0, cooling_rate = 0.999
26 - INFO - chord#: 146 done. best_score=71.0, changed=614, unchanged=331, early_stops=8/8
26 - INFO - chord#: 148 In build_straw_man_chord_sa. tolerance = 1, sa_iterations = 1000, initial_temperature = 3.0, cooling_rate = 0.999
26 - INFO - chord#: 176 done. best_score=157.0, changed=614, unchanged=313, early_stops=8/8
26 - INFO - chord#: 178 In build_straw_man_chord_sa. tolerance = 1, sa_iterations = 1000, initial_temperature = 3.0, cooling_rate = 0.999
26 - INFO - chord#: 140 done. best_score=27.0, changed=517, unchanged=496, early_stops=8/8
26 - INFO - chord#: 144 In build_straw_man_chord_sa. tolerance = 1, sa_iterations = 1000, initial_temperature = 3.0, cooling_rate = 0.999
26 - INFO - chord#: 176 done. best_score=64.0, changed=616, unchanged=333, early_stops=8/8
26 - INFO - chord#: 178 In build_straw_man_chord_sa. tolerance = 1, sa_iterations = 1000, initial_temperature = 3.0, cooling_rate = 0.999
26 - INFO - chord#: 148 done. best_score=67.0, changed=610, unchanged=227, early_stops=8/8
26 - INFO - chord#: 150 In build_straw_man_chord_sa. tolerance = 1, sa_iterations = 1000, initial_temperature = 3.0, cooling_rate = 0.999
26 - INFO - chord#: 170 done. best_score=36.0, changed=518, unchanged=385, early_stops=8/8
26 - INFO - chord#: 172 In build_straw_man_chord_sa. tolerance = 1, sa_iterations = 1000, initial_temperature = 3.0, cooling_rate = 0.999
26 - INFO - chord#: 166 done. best_score=96.0, changed=609, unchanged=298, early_stops=8/8
26 - INFO - chord#: 168 In build_straw_man_chord_sa. tolerance = 1, sa_iterations = 1000, initial_temperature = 3.0, cooling_rate = 0.999
26 - INFO - chord#: 178 done. best_score=35.0, changed=516, unchanged=315, early_stops=8/8
26 - INFO - chord#: 180 In build_straw_man_chord_sa. tolerance = 1, sa_iterations = 1000, initial_temperature = 3.0, cooling_rate = 0.999
26 - INFO - chord#: 148 done. best_score=67.0, changed=613, unchanged=339, early_stops=8/8
26 - INFO - chord#: 150 In build_straw_man_chord_sa. tolerance = 1, sa_iterations = 1000, initial_temperature = 3.0, cooling_rate = 0.999
26 - INFO - chord#: 166 done. best_score=74.0, changed=611, unchanged=310, early_stops=8/8
26 - INFO - chord#: 168 In build_straw_man_chord_sa. tolerance = 1, sa_iterations = 1000, initial_temperature = 3.0, cooling_rate = 0.999
26 - INFO - chord#: 148 done. best_score=67.0, changed=609, unchanged=336, early_stops=8/8
26 - INFO - chord#: 150 In build_straw_man_chord_sa. tolerance = 1, sa_iterations = 1000, initial_temperature = 3.0, cooling_rate = 0.999
26 - INFO - chord#: 166 done. best_score=74.0, changed=615, unchanged=387, early_stops=8/8
26 - INFO - chord#: 168 In build_straw_man_chord_sa. tolerance = 1, sa_iterations = 1000, initial_temperature = 3.0, cooling_rate = 0.999
26 - INFO - chord#: 178 done. best_score=37.0, changed=527, unchanged=456, early_stops=8/8
26 - INFO - chord#: 180 In build_straw_man_chord_sa. tolerance = 1, sa_iterations = 1000, initial_temperature = 3.0, cooling_rate = 0.999
26 - INFO - chord#: 144 done. best_score=35.0, changed=518, unchanged=349, early_stops=8/8
26 - INFO - chord#: 146 In build_straw_man_chord_sa. tolerance = 1, sa_iterations = 1000, initial_temperature = 3.0, cooling_rate = 0.999
26 - INFO - chord#: 150 done. best_score=36.0, changed=517, unchanged=327, early_stops=8/8
26 - INFO - chord#: 152 In build_straw_man_chord_sa. tolerance = 1, sa_iterations = 1000, initial_temperature = 3.0, cooling_rate = 0.999
26 - INFO - chord#: 168 done. best_score=27.0, changed=517, unchanged=380, early_stops=8/8
26 - INFO - chord#: 170 In build_straw_man_chord_sa. tolerance = 1, sa_iterations = 1000, initial_temperature = 3.0, cooling_rate = 0.999
26 - INFO - chord#: 172 done. best_score=27.0, changed=523, unchanged=367, early_stops=8/8
26 - INFO - chord#: 176 In build_straw_man_chord_sa. tolerance = 1, sa_iterations = 1000, initial_temperature = 3.0, cooling_rate = 0.999
26 - INFO - chord#: 180 done. best_score=27.0, changed=515, unchanged=409, early_stops=8/8
26 - INFO - chord#: 182 In build_straw_man_chord_sa. tolerance = 1, sa_iterations = 1000, initial_temperature = 3.0, cooling_rate = 0.999
26 - INFO - chord#: 150 done. best_score=36.0, changed=524, unchanged=321, early_stops=8/8
26 - INFO - chord#: 152 In build_straw_man_chord_sa. tolerance = 1, sa_iterations = 1000, initial_temperature = 3.0, cooling_rate = 0.999
26 - INFO - chord#: 150 done. best_score=36.0, changed=527, unchanged=424, early_stops=8/8
26 - INFO - chord#: 152 In build_straw_man_chord_sa. tolerance = 1, sa_iterations = 1000, initial_temperature = 3.0, cooling_rate = 0.999
26 - INFO - chord#: 148 done. best_score=67.0, changed=606, unchanged=241, early_stops=8/8
26 - INFO - chord#: 150 In build_straw_man_chord_sa. tolerance = 1, sa_iterations = 1000, initial_temperature = 3.0, cooling_rate = 0.999
26 - INFO - chord#: 180 done. best_score=27.0, changed=520, unchanged=390, early_stops=8/8
26 - INFO - chord#: 182 In build_straw_man_chord_sa. tolerance = 1, sa_iterations = 1000, initial_temperature = 3.0, cooling_rate = 0.999
26 - INFO - chord#: 166 done. best_score=74.0, changed=621, unchanged=481, early_stops=8/8
26 - INFO - chord#: 168 In build_straw_man_chord_sa. tolerance = 1, sa_iterations = 1000, initial_temperature = 3.0, cooling_rate = 0.999
26 - INFO - chord#: 152 done. best_score=27.0, changed=521, unchanged=345, early_stops=8/8
26 - INFO - chord#: 160 In build_straw_man_chord_sa. tolerance = 1, sa_iterations = 1000, initial_temperature = 3.0, cooling_rate = 0.999
26 - INFO - chord#: 168 done. best_score=27.0, changed=523, unchanged=474, early_stops=8/8
26 - INFO - chord#: 170 In build_straw_man_chord_sa. tolerance = 1, sa_iterations = 1000, initial_temperature = 3.0, cooling_rate = 0.999
26 - INFO - chord#: 168 done. best_score=27.0, changed=520, unchanged=447, early_stops=8/8
26 - INFO - chord#: 170 In build_straw_man_chord_sa. tolerance = 1, sa_iterations = 1000, initial_temperature = 3.0, cooling_rate = 0.999
26 - INFO - chord#: 182 done. best_score=47.0, changed=521, unchanged=376, early_stops=8/8
26 - INFO - chord#: 183 In build_straw_man_chord_sa. tolerance = 1, sa_iterations = 1000, initial_temperature = 3.0, cooling_rate = 0.999
26 - INFO - chord#: 170 done. best_score=36.0, changed=523, unchanged=418, early_stops=8/8
26 - INFO - chord#: 172 In build_straw_man_chord_sa. tolerance = 1, sa_iterations = 1000, initial_temperature = 3.0, cooling_rate = 0.999
26 - INFO - chord#: 152 done. best_score=27.0, changed=519, unchanged=493, early_stops=8/8
26 - INFO - chord#: 160 In build_straw_man_chord_sa. tolerance = 1, sa_iterations = 1000, initial_temperature = 3.0, cooling_rate = 0.999
26 - INFO - chord#: 182 done. best_score=47.0, changed=517, unchanged=354, early_stops=8/8
26 - INFO - chord#: 183 In build_straw_man_chord_sa. tolerance = 1, sa_iterations = 1000, initial_temperature = 3.0, cooling_rate = 0.999
26 - INFO - chord#: 168 done. best_score=27.0, changed=522, unchanged=509, early_stops=8/8
26 - INFO - chord#: 170 In build_straw_man_chord_sa. tolerance = 1, sa_iterations = 1000, initial_temperature = 3.0, cooling_rate = 0.999
26 - INFO - chord#: 152 done. best_score=27.0, changed=520, unchanged=429, early_stops=8/8
26 - INFO - chord#: 160 In build_straw_man_chord_sa. tolerance = 1, sa_iterations = 1000, initial_temperature = 3.0, cooling_rate = 0.999
26 - INFO - chord#: 150 done. best_score=36.0, changed=532, unchanged=471, early_stops=8/8
26 - INFO - chord#: 152 In build_straw_man_chord_sa. tolerance = 1, sa_iterations = 1000, initial_temperature = 3.0, cooling_rate = 0.999
26 - INFO - chord#: 160 done. best_score=27.0, changed=518, unchanged=412, early_stops=8/8
26 - INFO - chord#: 164 In build_straw_man_chord_sa. tolerance = 1, sa_iterations = 1000, initial_temperature = 3.0, cooling_rate = 0.999
26 - INFO - chord#: 170 done. best_score=36.0, changed=515, unchanged=346, early_stops=8/8
26 - INFO - chord#: 172 In build_straw_man_chord_sa. tolerance = 1, sa_iterations = 1000, initial_temperature = 3.0, cooling_rate = 0.999
26 - INFO - chord#: 170 done. best_score=36.0, changed=522, unchanged=377, early_stops=8/8
26 - INFO - chord#: 172 In build_straw_man_chord_sa. tolerance = 1, sa_iterations = 1000, initial_temperature = 3.0, cooling_rate = 0.999
26 - INFO - chord#: 172 done. best_score=27.0, changed=518, unchanged=385, early_stops=8/8
26 - INFO - chord#: 176 In build_straw_man_chord_sa. tolerance = 1, sa_iterations = 1000, initial_temperature = 3.0, cooling_rate = 0.999
26 - INFO - chord#: 146 done. best_score=71.0, changed=617, unchanged=359, early_stops=8/8
26 - INFO - chord#: 148 In build_straw_man_chord_sa. tolerance = 1, sa_iterations = 1000, initial_temperature = 3.0, cooling_rate = 0.999
26 - INFO - chord#: 160 done. best_score=27.0, changed=520, unchanged=371, early_stops=8/8
26 - INFO - chord#: 164 In build_straw_man_chord_sa. tolerance = 1, sa_iterations = 1000, initial_temperature = 3.0, cooling_rate = 0.999
26 - INFO - chord#: 170 done. best_score=36.0, changed=511, unchanged=301, early_stops=8/8
26 - INFO - chord#: 172 In build_straw_man_chord_sa. tolerance = 1, sa_iterations = 1000, initial_temperature = 3.0, cooling_rate = 0.999
26 - INFO - chord#: 164 done. best_score=27.0, changed=523, unchanged=384, early_stops=8/8
26 - INFO - chord#: 166 In build_straw_man_chord_sa. tolerance = 1, sa_iterations = 1000, initial_temperature = 3.0, cooling_rate = 0.999
26 - INFO - chord#: 176 done. best_score=96.0, changed=610, unchanged=304, early_stops=8/8
26 - INFO - chord#: 178 In build_straw_man_chord_sa. tolerance = 1, sa_iterations = 1000, initial_temperature = 3.0, cooling_rate = 0.999
26 - INFO - chord#: 152 done. best_score=27.0, changed=523, unchanged=461, early_stops=8/8
26 - INFO - chord#: 160 In build_straw_man_chord_sa. tolerance = 1, sa_iterations = 1000, initial_temperature = 3.0, cooling_rate = 0.999
26 - INFO - chord#: 160 done. best_score=27.0, changed=523, unchanged=528, early_stops=8/8
26 - INFO - chord#: 164 In build_straw_man_chord_sa. tolerance = 1, sa_iterations = 1000, initial_temperature = 3.0, cooling_rate = 0.999
26 - INFO - chord#: 164 done. best_score=27.0, changed=518, unchanged=385, early_stops=8/8
26 - INFO - chord#: 166 In build_straw_man_chord_sa. tolerance = 1, sa_iterations = 1000, initial_temperature = 3.0, cooling_rate = 0.999
26 - INFO - chord#: 172 done. best_score=27.0, changed=527, unchanged=540, early_stops=8/8
26 - INFO - chord#: 176 In build_straw_man_chord_sa. tolerance = 1, sa_iterations = 1000, initial_temperature = 3.0, cooling_rate = 0.999
26 - INFO - chord#: 172 done. best_score=27.0, changed=529, unchanged=512, early_stops=8/8
26 - INFO - chord#: 176 In build_straw_man_chord_sa. tolerance = 1, sa_iterations = 1000, initial_temperature = 3.0, cooling_rate = 0.999
26 - INFO - chord#: 183 done. best_score=113.0, changed=615, unchanged=297, early_stops=8/8
26 - INFO - chord#: 184 In build_straw_man_chord_sa. tolerance = 1, sa_iterations = 1000, initial_temperature = 3.0, cooling_rate = 0.999
26 - INFO - chord#: 172 done. best_score=27.0, changed=531, unchanged=595, early_stops=8/8
26 - INFO - chord#: 176 In build_straw_man_chord_sa. tolerance = 1, sa_iterations = 1000, initial_temperature = 3.0, cooling_rate = 0.999
26 - INFO - chord#: 184 done. best_score=9.0, changed=465, unchanged=411, early_stops=8/8
26 - INFO - chord#: 178 done. best_score=58.0, changed=527, unchanged=329, early_stops=8/8
26 - INFO - chord#: 180 In build_straw_man_chord_sa. tolerance = 1, sa_iterations = 1000, initial_temperature = 3.0, cooling_rate = 0.999
26 - INFO - chord#: 183 done. best_score=165.0, changed=606, unchanged=324, early_stops=8/8
26 - INFO - chord#: 184 In build_straw_man_chord_sa. tolerance = 1, sa_iterations = 1000, initial_temperature = 3.0, cooling_rate = 0.999
26 - INFO - chord#: 164 done. best_score=27.0, changed=533, unchanged=382, early_stops=8/8
26 - INFO - chord#: 166 In build_straw_man_chord_sa. tolerance = 1, sa_iterations = 1000, initial_temperature = 3.0, cooling_rate = 0.999
26 - INFO - chord#: 184 done. best_score=9.0, changed=444, unchanged=370, early_stops=8/8
26 - INFO - chord#: 160 done. best_score=27.0, changed=530, unchanged=459, early_stops=8/8
26 - INFO - chord#: 164 In build_straw_man_chord_sa. tolerance = 1, sa_iterations = 1000, initial_temperature = 3.0, cooling_rate = 0.999
26 - INFO - chord#: 176 done. best_score=157.0, changed=614, unchanged=346, early_stops=8/8
26 - INFO - chord#: 178 In build_straw_man_chord_sa. tolerance = 1, sa_iterations = 1000, initial_temperature = 3.0, cooling_rate = 0.999
26 - INFO - chord#: 180 done. best_score=27.0, changed=514, unchanged=353, early_stops=8/8
26 - INFO - chord#: 182 In build_straw_man_chord_sa. tolerance = 1, sa_iterations = 1000, initial_temperature = 3.0, cooling_rate = 0.999
26 - INFO - chord#: 166 done. best_score=121.0, changed=613, unchanged=388, early_stops=8/8
26 - INFO - chord#: 148 done. best_score=67.0, changed=615, unchanged=321, early_stops=8/8
26 - INFO - chord#: 168 In build_straw_man_chord_sa. tolerance = 1, sa_iterations = 1000, initial_temperature = 3.0, cooling_rate = 0.999
26 - INFO - chord#: 150 In build_straw_man_chord_sa. tolerance = 1, sa_iterations = 1000, initial_temperature = 3.0, cooling_rate = 0.999
26 - INFO - chord#: 166 done. best_score=148.0, changed=611, unchanged=239, early_stops=8/8
26 - INFO - chord#: 168 In build_straw_man_chord_sa. tolerance = 1, sa_iterations = 1000, initial_temperature = 3.0, cooling_rate = 0.999
26 - INFO - chord#: 178 done. best_score=35.0, changed=526, unchanged=347, early_stops=8/8
26 - INFO - chord#: 180 In build_straw_man_chord_sa. tolerance = 1, sa_iterations = 1000, initial_temperature = 3.0, cooling_rate = 0.999
26 - INFO - chord#: 164 done. best_score=27.0, changed=529, unchanged=442, early_stops=8/8
26 - INFO - chord#: 166 In build_straw_man_chord_sa. tolerance = 1, sa_iterations = 1000, initial_temperature = 3.0, cooling_rate = 0.999
26 - INFO - chord#: 176 done. best_score=157.0, changed=611, unchanged=348, early_stops=8/8
26 - INFO - chord#: 178 In build_straw_man_chord_sa. tolerance = 1, sa_iterations = 1000, initial_temperature = 3.0, cooling_rate = 0.999
26 - INFO - chord#: 176 done. best_score=96.0, changed=610, unchanged=242, early_stops=8/8
26 - INFO - chord#: 178 In build_straw_man_chord_sa. tolerance = 1, sa_iterations = 1000, initial_temperature = 3.0, cooling_rate = 0.999
26 - INFO - chord#: 150 done. best_score=36.0, changed=525, unchanged=386, early_stops=8/8
26 - INFO - chord#: 152 In build_straw_man_chord_sa. tolerance = 1, sa_iterations = 1000, initial_temperature = 3.0, cooling_rate = 0.999
26 - INFO - chord#: 168 done. best_score=27.0, changed=519, unchanged=408, early_stops=8/8
26 - INFO - chord#: 170 In build_straw_man_chord_sa. tolerance = 1, sa_iterations = 1000, initial_temperature = 3.0, cooling_rate = 0.999
26 - INFO - chord#: 182 done. best_score=47.0, changed=528, unchanged=507, early_stops=8/8
26 - INFO - chord#: 183 In build_straw_man_chord_sa. tolerance = 1, sa_iterations = 1000, initial_temperature = 3.0, cooling_rate = 0.999
26 - INFO - chord#: 176 done. best_score=104.0, changed=611, unchanged=323, early_stops=8/8
26 - INFO - chord#: 178 In build_straw_man_chord_sa. tolerance = 1, sa_iterations = 1000, initial_temperature = 3.0, cooling_rate = 0.999
26 - INFO - chord#: 180 done. best_score=27.0, changed=523, unchanged=453, early_stops=8/8
26 - INFO - chord#: 182 In build_straw_man_chord_sa. tolerance = 1, sa_iterations = 1000, initial_temperature = 3.0, cooling_rate = 0.999
26 - INFO - chord#: 168 done. best_score=27.0, changed=529, unchanged=523, early_stops=8/8
26 - INFO - chord#: 170 In build_straw_man_chord_sa. tolerance = 1, sa_iterations = 1000, initial_temperature = 3.0, cooling_rate = 0.999
26 - INFO - chord#: 178 done. best_score=37.0, changed=526, unchanged=422, early_stops=8/8
26 - INFO - chord#: 180 In build_straw_man_chord_sa. tolerance = 1, sa_iterations = 1000, initial_temperature = 3.0, cooling_rate = 0.999
26 - INFO - chord#: 178 done. best_score=49.0, changed=526, unchanged=296, early_stops=8/8
26 - INFO - chord#: 180 In build_straw_man_chord_sa. tolerance = 1, sa_iterations = 1000, initial_temperature = 3.0, cooling_rate = 0.999
26 - INFO - chord#: 170 done. best_score=36.0, changed=514, unchanged=335, early_stops=8/8
26 - INFO - chord#: 172 In build_straw_man_chord_sa. tolerance = 1, sa_iterations = 1000, initial_temperature = 3.0, cooling_rate = 0.999
26 - INFO - chord#: 152 done. best_score=27.0, changed=517, unchanged=376, early_stops=8/8
26 - INFO - chord#: 160 In build_straw_man_chord_sa. tolerance = 1, sa_iterations = 1000, initial_temperature = 3.0, cooling_rate = 0.999
26 - INFO - chord#: 166 done. best_score=96.0, changed=611, unchanged=341, early_stops=8/8
26 - INFO - chord#: 168 In build_straw_man_chord_sa. tolerance = 1, sa_iterations = 1000, initial_temperature = 3.0, cooling_rate = 0.999
26 - INFO - chord#: 178 done. best_score=37.0, changed=528, unchanged=391, early_stops=8/8
26 - INFO - chord#: 180 In build_straw_man_chord_sa. tolerance = 1, sa_iterations = 1000, initial_temperature = 3.0, cooling_rate = 0.999
26 - INFO - chord#: 170 done. best_score=36.0, changed=526, unchanged=421, early_stops=8/8
26 - INFO - chord#: 182 done. best_score=47.0, changed=526, unchanged=447, early_stops=8/8
26 - INFO - chord#: 172 In build_straw_man_chord_sa. tolerance = 1, sa_iterations = 1000, initial_temperature = 3.0, cooling_rate = 0.999
26 - INFO - chord#: 183 In build_straw_man_chord_sa. tolerance = 1, sa_iterations = 1000, initial_temperature = 3.0, cooling_rate = 0.999
26 - INFO - chord#: 180 done. best_score=27.0, changed=528, unchanged=522, early_stops=8/8
26 - INFO - chord#: 182 In build_straw_man_chord_sa. tolerance = 1, sa_iterations = 1000, initial_temperature = 3.0, cooling_rate = 0.999
26 - INFO - chord#: 160 done. best_score=27.0, changed=513, unchanged=366, early_stops=8/8
26 - INFO - chord#: 183 done. best_score=105.0, changed=604, unchanged=205, early_stops=8/8
26 - INFO - chord#: 184 In build_straw_man_chord_sa. tolerance = 1, sa_iterations = 1000, initial_temperature = 3.0, cooling_rate = 0.999
26 - INFO - chord#: 164 In build_straw_man_chord_sa. tolerance = 1, sa_iterations = 1000, initial_temperature = 3.0, cooling_rate = 0.999
26 - INFO - chord#: 172 done. best_score=27.0, changed=525, unchanged=459, early_stops=8/8
26 - INFO - chord#: 176 In build_straw_man_chord_sa. tolerance = 1, sa_iterations = 1000, initial_temperature = 3.0, cooling_rate = 0.999
26 - INFO - chord#: 166 done. best_score=74.0, changed=612, unchanged=270, early_stops=8/8
26 - INFO - chord#: 168 In build_straw_man_chord_sa. tolerance = 1, sa_iterations = 1000, initial_temperature = 3.0, cooling_rate = 0.999
26 - INFO - chord#: 180 done. best_score=27.0, changed=528, unchanged=459, early_stops=8/8
26 - INFO - chord#: 182 In build_straw_man_chord_sa. tolerance = 1, sa_iterations = 1000, initial_temperature = 3.0, cooling_rate = 0.999
26 - INFO - chord#: 184 done. best_score=9.0, changed=477, unchanged=432, early_stops=8/8
26 - INFO - chord#: 168 done. best_score=27.0, changed=527, unchanged=430, early_stops=8/8
26 - INFO - chord#: 170 In build_straw_man_chord_sa. tolerance = 1, sa_iterations = 1000, initial_temperature = 3.0, cooling_rate = 0.999
26 - INFO - chord#: 172 done. best_score=27.0, changed=518, unchanged=399, early_stops=8/8
26 - INFO - chord#: 176 In build_straw_man_chord_sa. tolerance = 1, sa_iterations = 1000, initial_temperature = 3.0, cooling_rate = 0.999
26 - INFO - chord#: 164 done. best_score=27.0, changed=520, unchanged=398, early_stops=8/8
26 - INFO - chord#: 166 In build_straw_man_chord_sa. tolerance = 1, sa_iterations = 1000, initial_temperature = 3.0, cooling_rate = 0.999
26 - INFO - chord#: 180 done. best_score=27.0, changed=522, unchanged=542, early_stops=8/8
26 - INFO - chord#: 182 In build_straw_man_chord_sa. tolerance = 1, sa_iterations = 1000, initial_temperature = 3.0, cooling_rate = 0.999
26 - INFO - chord#: 182 done. best_score=47.0, changed=519, unchanged=401, early_stops=8/8
26 - INFO - chord#: 183 In build_straw_man_chord_sa. tolerance = 1, sa_iterations = 1000, initial_temperature = 3.0, cooling_rate = 0.999
26 - INFO - chord#: 170 done. best_score=36.0, changed=522, unchanged=402, early_stops=8/8
26 - INFO - chord#: 172 In build_straw_man_chord_sa. tolerance = 1, sa_iterations = 1000, initial_temperature = 3.0, cooling_rate = 0.999
26 - INFO - chord#: 168 done. best_score=27.0, changed=524, unchanged=444, early_stops=8/8
26 - INFO - chord#: 170 In build_straw_man_chord_sa. tolerance = 1, sa_iterations = 1000, initial_temperature = 3.0, cooling_rate = 0.999
26 - INFO - chord#: 182 done. best_score=47.0, changed=520, unchanged=476, early_stops=8/8
26 - INFO - chord#: 183 In build_straw_man_chord_sa. tolerance = 1, sa_iterations = 1000, initial_temperature = 3.0, cooling_rate = 0.999
26 - INFO - chord#: 183 done. best_score=111.0, changed=609, unchanged=277, early_stops=8/8
26 - INFO - chord#: 184 In build_straw_man_chord_sa. tolerance = 1, sa_iterations = 1000, initial_temperature = 3.0, cooling_rate = 0.999
26 - INFO - chord#: 182 done. best_score=47.0, changed=523, unchanged=309, early_stops=8/8
26 - INFO - chord#: 183 In build_straw_man_chord_sa. tolerance = 1, sa_iterations = 1000, initial_temperature = 3.0, cooling_rate = 0.999
26 - INFO - chord#: 184 done. best_score=9.0, changed=452, unchanged=362, early_stops=8/8
26 - INFO - chord#: 172 done. best_score=27.0, changed=525, unchanged=464, early_stops=8/8
26 - INFO - chord#: 176 In build_straw_man_chord_sa. tolerance = 1, sa_iterations = 1000, initial_temperature = 3.0, cooling_rate = 0.999
26 - INFO - chord#: 170 done. best_score=36.0, changed=519, unchanged=391, early_stops=8/8
26 - INFO - chord#: 172 In build_straw_man_chord_sa. tolerance = 1, sa_iterations = 1000, initial_temperature = 3.0, cooling_rate = 0.999
26 - INFO - chord#: 176 done. best_score=64.0, changed=619, unchanged=469, early_stops=8/8
26 - INFO - chord#: 178 In build_straw_man_chord_sa. tolerance = 1, sa_iterations = 1000, initial_temperature = 3.0, cooling_rate = 0.999
26 - INFO - chord#: 176 done. best_score=174.0, changed=618, unchanged=373, early_stops=8/8
26 - INFO - chord#: 178 In build_straw_man_chord_sa. tolerance = 1, sa_iterations = 1000, initial_temperature = 3.0, cooling_rate = 0.999
26 - INFO - chord#: 166 done. best_score=121.0, changed=611, unchanged=319, early_stops=8/8
26 - INFO - chord#: 168 In build_straw_man_chord_sa. tolerance = 1, sa_iterations = 1000, initial_temperature = 3.0, cooling_rate = 0.999
26 - INFO - chord#: 183 done. best_score=116.0, changed=610, unchanged=300, early_stops=8/8
26 - INFO - chord#: 184 In build_straw_man_chord_sa. tolerance = 1, sa_iterations = 1000, initial_temperature = 3.0, cooling_rate = 0.999
26 - INFO - chord#: 184 done. best_score=9.0, changed=447, unchanged=371, early_stops=8/8
26 - INFO - chord#: 178 done. best_score=37.0, changed=525, unchanged=325, early_stops=8/8
26 - INFO - chord#: 180 In build_straw_man_chord_sa. tolerance = 1, sa_iterations = 1000, initial_temperature = 3.0, cooling_rate = 0.999
26 - INFO - chord#: 178 done. best_score=37.0, changed=534, unchanged=371, early_stops=8/8
26 - INFO - chord#: 180 In build_straw_man_chord_sa. tolerance = 1, sa_iterations = 1000, initial_temperature = 3.0, cooling_rate = 0.999
26 - INFO - chord#: 183 done. best_score=120.0, changed=608, unchanged=264, early_stops=8/8
26 - INFO - chord#: 184 In build_straw_man_chord_sa. tolerance = 1, sa_iterations = 1000, initial_temperature = 3.0, cooling_rate = 0.999
26 - INFO - chord#: 172 done. best_score=27.0, changed=519, unchanged=435, early_stops=8/8
26 - INFO - chord#: 176 In build_straw_man_chord_sa. tolerance = 1, sa_iterations = 1000, initial_temperature = 3.0, cooling_rate = 0.999
26 - INFO - chord#: 168 done. best_score=27.0, changed=528, unchanged=497, early_stops=8/8
26 - INFO - chord#: 170 In build_straw_man_chord_sa. tolerance = 1, sa_iterations = 1000, initial_temperature = 3.0, cooling_rate = 0.999
26 - INFO - chord#: 183 done. best_score=113.0, changed=609, unchanged=250, early_stops=8/8
26 - INFO - chord#: 184 In build_straw_man_chord_sa. tolerance = 1, sa_iterations = 1000, initial_temperature = 3.0, cooling_rate = 0.999
26 - INFO - chord#: 184 done. best_score=9.0, changed=448, unchanged=416, early_stops=8/8
26 - INFO - chord#: 184 done. best_score=9.0, changed=453, unchanged=382, early_stops=8/8
26 - INFO - chord#: 180 done. best_score=27.0, changed=518, unchanged=397, early_stops=8/8
26 - INFO - chord#: 182 In build_straw_man_chord_sa. tolerance = 1, sa_iterations = 1000, initial_temperature = 3.0, cooling_rate = 0.999
26 - INFO - chord#: 176 done. best_score=64.0, changed=614, unchanged=365, early_stops=8/8
26 - INFO - chord#: 178 In build_straw_man_chord_sa. tolerance = 1, sa_iterations = 1000, initial_temperature = 3.0, cooling_rate = 0.999
26 - INFO - chord#: 180 done. best_score=27.0, changed=522, unchanged=481, early_stops=8/8
26 - INFO - chord#: 182 In build_straw_man_chord_sa. tolerance = 1, sa_iterations = 1000, initial_temperature = 3.0, cooling_rate = 0.999
26 - INFO - chord#: 170 done. best_score=36.0, changed=527, unchanged=504, early_stops=8/8
26 - INFO - chord#: 172 In build_straw_man_chord_sa. tolerance = 1, sa_iterations = 1000, initial_temperature = 3.0, cooling_rate = 0.999
26 - INFO - chord#: 182 done. best_score=47.0, changed=524, unchanged=383, early_stops=8/8
26 - INFO - chord#: 183 In build_straw_man_chord_sa. tolerance = 1, sa_iterations = 1000, initial_temperature = 3.0, cooling_rate = 0.999
26 - INFO - chord#: 178 done. best_score=37.0, changed=520, unchanged=308, early_stops=8/8
26 - INFO - chord#: 180 In build_straw_man_chord_sa. tolerance = 1, sa_iterations = 1000, initial_temperature = 3.0, cooling_rate = 0.999
26 - INFO - chord#: 182 done. best_score=47.0, changed=515, unchanged=311, early_stops=8/8
26 - INFO - chord#: 183 In build_straw_man_chord_sa. tolerance = 1, sa_iterations = 1000, initial_temperature = 3.0, cooling_rate = 0.999
26 - INFO - chord#: 176 done. best_score=64.0, changed=616, unchanged=403, early_stops=8/8
26 - INFO - chord#: 178 In build_straw_man_chord_sa. tolerance = 1, sa_iterations = 1000, initial_temperature = 3.0, cooling_rate = 0.999
26 - INFO - chord#: 172 done. best_score=27.0, changed=519, unchanged=380, early_stops=8/8
26 - INFO - chord#: 176 In build_straw_man_chord_sa. tolerance = 1, sa_iterations = 1000, initial_temperature = 3.0, cooling_rate = 0.999
26 - INFO - chord#: 180 done. best_score=27.0, changed=519, unchanged=425, early_stops=8/8
26 - INFO - chord#: 182 In build_straw_man_chord_sa. tolerance = 1, sa_iterations = 1000, initial_temperature = 3.0, cooling_rate = 0.999
26 - INFO - chord#: 178 done. best_score=37.0, changed=533, unchanged=419, early_stops=8/8
26 - INFO - chord#: 180 In build_straw_man_chord_sa. tolerance = 1, sa_iterations = 1000, initial_temperature = 3.0, cooling_rate = 0.999
26 - INFO - chord#: 182 done. best_score=47.0, changed=531, unchanged=487, early_stops=8/8
26 - INFO - chord#: 183 In build_straw_man_chord_sa. tolerance = 1, sa_iterations = 1000, initial_temperature = 3.0, cooling_rate = 0.999
26 - INFO - chord#: 183 done. best_score=171.0, changed=606, unchanged=329, early_stops=8/8
26 - INFO - chord#: 184 In build_straw_man_chord_sa. tolerance = 1, sa_iterations = 1000, initial_temperature = 3.0, cooling_rate = 0.999
26 - INFO - chord#: 184 done. best_score=9.0, changed=459, unchanged=391, early_stops=8/8
26 - INFO - chord#: 183 done. best_score=115.0, changed=612, unchanged=266, early_stops=8/8
26 - INFO - chord#: 184 In build_straw_man_chord_sa. tolerance = 1, sa_iterations = 1000, initial_temperature = 3.0, cooling_rate = 0.999
26 - INFO - chord#: 184 done. best_score=9.0, changed=468, unchanged=353, early_stops=8/8
26 - INFO - chord#: 180 done. best_score=27.0, changed=514, unchanged=448, early_stops=8/8
26 - INFO - chord#: 182 In build_straw_man_chord_sa. tolerance = 1, sa_iterations = 1000, initial_temperature = 3.0, cooling_rate = 0.999
26 - INFO - chord#: 176 done. best_score=64.0, changed=618, unchanged=407, early_stops=8/8
26 - INFO - chord#: 178 In build_straw_man_chord_sa. tolerance = 1, sa_iterations = 1000, initial_temperature = 3.0, cooling_rate = 0.999
26 - INFO - chord#: 182 done. best_score=47.0, changed=519, unchanged=342, early_stops=8/8
26 - INFO - chord#: 183 In build_straw_man_chord_sa. tolerance = 1, sa_iterations = 1000, initial_temperature = 3.0, cooling_rate = 0.999
26 - INFO - chord#: 178 done. best_score=35.0, changed=520, unchanged=344, early_stops=8/8
26 - INFO - chord#: 180 In build_straw_man_chord_sa. tolerance = 1, sa_iterations = 1000, initial_temperature = 3.0, cooling_rate = 0.999
26 - INFO - chord#: 183 done. best_score=93.0, changed=613, unchanged=280, early_stops=8/8
26 - INFO - chord#: 184 In build_straw_man_chord_sa. tolerance = 1, sa_iterations = 1000, initial_temperature = 3.0, cooling_rate = 0.999
26 - INFO - chord#: 184 done. best_score=9.0, changed=452, unchanged=371, early_stops=8/8
26 - INFO - chord#: 180 done. best_score=27.0, changed=525, unchanged=458, early_stops=8/8
26 - INFO - chord#: 182 In build_straw_man_chord_sa. tolerance = 1, sa_iterations = 1000, initial_temperature = 3.0, cooling_rate = 0.999
26 - INFO - chord#: 182 done. best_score=47.0, changed=538, unchanged=412, early_stops=8/8
26 - INFO - chord#: 183 In build_straw_man_chord_sa. tolerance = 1, sa_iterations = 1000, initial_temperature = 3.0, cooling_rate = 0.999
26 - INFO - chord#: 183 done. best_score=105.0, changed=610, unchanged=425, early_stops=8/8
26 - INFO - chord#: 184 In build_straw_man_chord_sa. tolerance = 1, sa_iterations = 1000, initial_temperature = 3.0, cooling_rate = 0.999
26 - INFO - chord#: 184 done. best_score=9.0, changed=454, unchanged=373, early_stops=8/8
26 - INFO - chord#: 183 done. best_score=93.0, changed=608, unchanged=278, early_stops=8/8
26 - INFO - chord#: 184 In build_straw_man_chord_sa. tolerance = 1, sa_iterations = 1000, initial_temperature = 3.0, cooling_rate = 0.999
26 - INFO - chord#: 184 done. best_score=9.0, changed=460, unchanged=367, early_stops=8/8
26 - INFO - chord#: 0 In build_straw_man_chord_sa. tolerance = 1, sa_iterations = 1000, initial_temperature = 3.0, cooling_rate = 0.999
26 - INFO - chord#: 0 In build_straw_man_chord_sa. tolerance = 1, sa_iterations = 1000, initial_temperature = 3.0, cooling_rate = 0.999
26 - INFO - chord#: 0 In build_straw_man_chord_sa. tolerance = 1, sa_iterations = 1000, initial_temperature = 3.0, cooling_rate = 0.999
26 - INFO - chord#: 0 In build_straw_man_chord_sa. tolerance = 1, sa_iterations = 1000, initial_temperature = 3.0, cooling_rate = 0.999
26 - INFO - chord#: 0 In build_straw_man_chord_sa. tolerance = 1, sa_iterations = 1000, initial_temperature = 3.0, cooling_rate = 0.999
26 - INFO - chord#: 0 In build_straw_man_chord_sa. tolerance = 1, sa_iterations = 1000, initial_temperature = 3.0, cooling_rate = 0.999
26 - INFO - chord#: 0 In build_straw_man_chord_sa. tolerance = 1, sa_iterations = 1000, initial_temperature = 3.0, cooling_rate = 0.999
26 - INFO - chord#: 0 In build_straw_man_chord_sa. tolerance = 1, sa_iterations = 1000, initial_temperature = 3.0, cooling_rate = 0.999
26 - INFO - chord#: 0 In build_straw_man_chord_sa. tolerance = 1, sa_iterations = 1000, initial_temperature = 3.0, cooling_rate = 0.999
26 - INFO - chord#: 0 In build_straw_man_chord_sa. tolerance = 1, sa_iterations = 1000, initial_temperature = 3.0, cooling_rate = 0.999
26 - INFO - chord#: 0 In build_straw_man_chord_sa. tolerance = 1, sa_iterations = 1000, initial_temperature = 3.0, cooling_rate = 0.999
26 - INFO - chord#: 0 In build_straw_man_chord_sa. tolerance = 1, sa_iterations = 1000, initial_temperature = 3.0, cooling_rate = 0.999
26 - INFO - chord#: 0 done. best_score=36.0, changed=515, unchanged=320, early_stops=8/8
26 - INFO - chord#: 4 In build_straw_man_chord_sa. tolerance = 1, sa_iterations = 1000, initial_temperature = 3.0, cooling_rate = 0.999
26 - INFO - chord#: 0 done. best_score=27.0, changed=516, unchanged=406, early_stops=8/8
26 - INFO - chord#: 4 In build_straw_man_chord_sa. tolerance = 1, sa_iterations = 1000, initial_temperature = 3.0, cooling_rate = 0.999
26 - INFO - chord#: 0 done. best_score=27.0, changed=514, unchanged=375, early_stops=8/8
26 - INFO - chord#: 4 In build_straw_man_chord_sa. tolerance = 1, sa_iterations = 1000, initial_temperature = 3.0, cooling_rate = 0.999
26 - INFO - chord#: 0 done. best_score=27.0, changed=523, unchanged=409, early_stops=8/8
26 - INFO - chord#: 4 In build_straw_man_chord_sa. tolerance = 1, sa_iterations = 1000, initial_temperature = 3.0, cooling_rate = 0.999
26 - INFO - chord#: 0 done. best_score=27.0, changed=524, unchanged=403, early_stops=8/8
26 - INFO - chord#: 4 In build_straw_man_chord_sa. tolerance = 1, sa_iterations = 1000, initial_temperature = 3.0, cooling_rate = 0.999
26 - INFO - chord#: 0 done. best_score=27.0, changed=521, unchanged=449, early_stops=8/8
26 - INFO - chord#: 4 In build_straw_man_chord_sa. tolerance = 1, sa_iterations = 1000, initial_temperature = 3.0, cooling_rate = 0.999
26 - INFO - chord#: 0 done. best_score=27.0, changed=522, unchanged=385, early_stops=8/8
26 - INFO - chord#: 4 In build_straw_man_chord_sa. tolerance = 1, sa_iterations = 1000, initial_temperature = 3.0, cooling_rate = 0.999
26 - INFO - chord#: 0 done. best_score=27.0, changed=533, unchanged=366, early_stops=8/8
26 - INFO - chord#: 4 In build_straw_man_chord_sa. tolerance = 1, sa_iterations = 1000, initial_temperature = 3.0, cooling_rate = 0.999
26 - INFO - chord#: 0 done. best_score=27.0, changed=525, unchanged=426, early_stops=8/8
26 - INFO - chord#: 4 In build_straw_man_chord_sa. tolerance = 1, sa_iterations = 1000, initial_temperature = 3.0, cooling_rate = 0.999
26 - INFO - chord#: 0 done. best_score=27.0, changed=518, unchanged=427, early_stops=8/8
26 - INFO - chord#: 4 In build_straw_man_chord_sa. tolerance = 1, sa_iterations = 1000, initial_temperature = 3.0, cooling_rate = 0.999
26 - INFO - chord#: 0 done. best_score=27.0, changed=518, unchanged=432, early_stops=8/8
26 - INFO - chord#: 4 In build_straw_man_chord_sa. tolerance = 1, sa_iterations = 1000, initial_temperature = 3.0, cooling_rate = 0.999
26 - INFO - chord#: 0 done. best_score=27.0, changed=520, unchanged=436, early_stops=8/8
26 - INFO - chord#: 4 In build_straw_man_chord_sa. tolerance = 1, sa_iterations = 1000, initial_temperature = 3.0, cooling_rate = 0.999
26 - INFO - chord#: 4 done. best_score=27.0, changed=520, unchanged=345, early_stops=8/8
26 - INFO - chord#: 6 In build_straw_man_chord_sa. tolerance = 1, sa_iterations = 1000, initial_temperature = 3.0, cooling_rate = 0.999
26 - INFO - chord#: 4 done. best_score=27.0, changed=515, unchanged=329, early_stops=8/8
26 - INFO - chord#: 6 In build_straw_man_chord_sa. tolerance = 1, sa_iterations = 1000, initial_temperature = 3.0, cooling_rate = 0.999
26 - INFO - chord#: 4 done. best_score=27.0, changed=524, unchanged=326, early_stops=8/8
26 - INFO - chord#: 6 In build_straw_man_chord_sa. tolerance = 1, sa_iterations = 1000, initial_temperature = 3.0, cooling_rate = 0.999
26 - INFO - chord#: 4 done. best_score=27.0, changed=522, unchanged=374, early_stops=8/8
26 - INFO - chord#: 6 In build_straw_man_chord_sa. tolerance = 1, sa_iterations = 1000, initial_temperature = 3.0, cooling_rate = 0.999
26 - INFO - chord#: 4 done. best_score=27.0, changed=525, unchanged=425, early_stops=8/8
26 - INFO - chord#: 6 In build_straw_man_chord_sa. tolerance = 1, sa_iterations = 1000, initial_temperature = 3.0, cooling_rate = 0.999
26 - INFO - chord#: 4 done. best_score=27.0, changed=532, unchanged=617, early_stops=8/8
26 - INFO - chord#: 6 In build_straw_man_chord_sa. tolerance = 1, sa_iterations = 1000, initial_temperature = 3.0, cooling_rate = 0.999
26 - INFO - chord#: 4 done. best_score=27.0, changed=520, unchanged=325, early_stops=8/8
26 - INFO - chord#: 6 In build_straw_man_chord_sa. tolerance = 1, sa_iterations = 1000, initial_temperature = 3.0, cooling_rate = 0.999
26 - INFO - chord#: 4 done. best_score=27.0, changed=527, unchanged=417, early_stops=8/8
26 - INFO - chord#: 6 In build_straw_man_chord_sa. tolerance = 1, sa_iterations = 1000, initial_temperature = 3.0, cooling_rate = 0.999
26 - INFO - chord#: 4 done. best_score=27.0, changed=523, unchanged=314, early_stops=8/8
26 - INFO - chord#: 4 done. best_score=27.0, changed=520, unchanged=329, early_stops=8/8
26 - INFO - chord#: 6 In build_straw_man_chord_sa. tolerance = 1, sa_iterations = 1000, initial_temperature = 3.0, cooling_rate = 0.999
26 - INFO - chord#: 6 In build_straw_man_chord_sa. tolerance = 1, sa_iterations = 1000, initial_temperature = 3.0, cooling_rate = 0.999
26 - INFO - chord#: 4 done. best_score=27.0, changed=530, unchanged=369, early_stops=8/8
26 - INFO - chord#: 6 In build_straw_man_chord_sa. tolerance = 1, sa_iterations = 1000, initial_temperature = 3.0, cooling_rate = 0.999
26 - INFO - chord#: 4 done. best_score=27.0, changed=524, unchanged=451, early_stops=8/8
26 - INFO - chord#: 6 In build_straw_man_chord_sa. tolerance = 1, sa_iterations = 1000, initial_temperature = 3.0, cooling_rate = 0.999
26 - INFO - chord#: 6 done. best_score=27.0, changed=519, unchanged=450, early_stops=8/8
26 - INFO - chord#: 8 In build_straw_man_chord_sa. tolerance = 1, sa_iterations = 1000, initial_temperature = 3.0, cooling_rate = 0.999
26 - INFO - chord#: 6 done. best_score=27.0, changed=522, unchanged=387, early_stops=8/8
26 - INFO - chord#: 8 In build_straw_man_chord_sa. tolerance = 1, sa_iterations = 1000, initial_temperature = 3.0, cooling_rate = 0.999
26 - INFO - chord#: 6 done. best_score=27.0, changed=513, unchanged=425, early_stops=8/8
26 - INFO - chord#: 8 In build_straw_man_chord_sa. tolerance = 1, sa_iterations = 1000, initial_temperature = 3.0, cooling_rate = 0.999
26 - INFO - chord#: 6 done. best_score=27.0, changed=516, unchanged=325, early_stops=8/8
26 - INFO - chord#: 8 In build_straw_man_chord_sa. tolerance = 1, sa_iterations = 1000, initial_temperature = 3.0, cooling_rate = 0.999
26 - INFO - chord#: 6 done. best_score=27.0, changed=519, unchanged=416, early_stops=8/8
26 - INFO - chord#: 8 In build_straw_man_chord_sa. tolerance = 1, sa_iterations = 1000, initial_temperature = 3.0, cooling_rate = 0.999
26 - INFO - chord#: 6 done. best_score=27.0, changed=521, unchanged=416, early_stops=8/8
26 - INFO - chord#: 8 In build_straw_man_chord_sa. tolerance = 1, sa_iterations = 1000, initial_temperature = 3.0, cooling_rate = 0.999
26 - INFO - chord#: 6 done. best_score=27.0, changed=516, unchanged=310, early_stops=8/8
26 - INFO - chord#: 8 In build_straw_man_chord_sa. tolerance = 1, sa_iterations = 1000, initial_temperature = 3.0, cooling_rate = 0.999
26 - INFO - chord#: 6 done. best_score=27.0, changed=523, unchanged=344, early_stops=8/8
26 - INFO - chord#: 8 In build_straw_man_chord_sa. tolerance = 1, sa_iterations = 1000, initial_temperature = 3.0, cooling_rate = 0.999
26 - INFO - chord#: 6 done. best_score=27.0, changed=530, unchanged=429, early_stops=8/8
26 - INFO - chord#: 8 In build_straw_man_chord_sa. tolerance = 1, sa_iterations = 1000, initial_temperature = 3.0, cooling_rate = 0.999
26 - INFO - chord#: 6 done. best_score=27.0, changed=520, unchanged=407, early_stops=8/8
26 - INFO - chord#: 8 done. best_score=27.0, changed=523, unchanged=337, early_stops=8/8
26 - INFO - chord#: 8 In build_straw_man_chord_sa. tolerance = 1, sa_iterations = 1000, initial_temperature = 3.0, cooling_rate = 0.999
26 - INFO - chord#: 12 In build_straw_man_chord_sa. tolerance = 1, sa_iterations = 1000, initial_temperature = 3.0, cooling_rate = 0.999
26 - INFO - chord#: 8 done. best_score=27.0, changed=516, unchanged=296, early_stops=8/8
26 - INFO - chord#: 12 In build_straw_man_chord_sa. tolerance = 1, sa_iterations = 1000, initial_temperature = 3.0, cooling_rate = 0.999
26 - INFO - chord#: 6 done. best_score=27.0, changed=527, unchanged=399, early_stops=8/8
26 - INFO - chord#: 8 In build_straw_man_chord_sa. tolerance = 1, sa_iterations = 1000, initial_temperature = 3.0, cooling_rate = 0.999
26 - INFO - chord#: 6 done. best_score=27.0, changed=521, unchanged=487, early_stops=8/8
26 - INFO - chord#: 8 In build_straw_man_chord_sa. tolerance = 1, sa_iterations = 1000, initial_temperature = 3.0, cooling_rate = 0.999
26 - INFO - chord#: 8 done. best_score=27.0, changed=521, unchanged=421, early_stops=8/8
26 - INFO - chord#: 12 In build_straw_man_chord_sa. tolerance = 1, sa_iterations = 1000, initial_temperature = 3.0, cooling_rate = 0.999
26 - INFO - chord#: 8 done. best_score=27.0, changed=525, unchanged=430, early_stops=8/8
26 - INFO - chord#: 12 In build_straw_man_chord_sa. tolerance = 1, sa_iterations = 1000, initial_temperature = 3.0, cooling_rate = 0.999
26 - INFO - chord#: 8 done. best_score=27.0, changed=531, unchanged=405, early_stops=8/8
26 - INFO - chord#: 12 In build_straw_man_chord_sa. tolerance = 1, sa_iterations = 1000, initial_temperature = 3.0, cooling_rate = 0.999
26 - INFO - chord#: 8 done. best_score=27.0, changed=522, unchanged=326, early_stops=8/8
26 - INFO - chord#: 12 In build_straw_man_chord_sa. tolerance = 1, sa_iterations = 1000, initial_temperature = 3.0, cooling_rate = 0.999
26 - INFO - chord#: 8 done. best_score=27.0, changed=525, unchanged=321, early_stops=8/8
26 - INFO - chord#: 12 In build_straw_man_chord_sa. tolerance = 1, sa_iterations = 1000, initial_temperature = 3.0, cooling_rate = 0.999
26 - INFO - chord#: 8 done. best_score=27.0, changed=529, unchanged=426, early_stops=8/8
26 - INFO - chord#: 12 In build_straw_man_chord_sa. tolerance = 1, sa_iterations = 1000, initial_temperature = 3.0, cooling_rate = 0.999
26 - INFO - chord#: 12 done. best_score=27.0, changed=512, unchanged=352, early_stops=8/8
26 - INFO - chord#: 14 In build_straw_man_chord_sa. tolerance = 1, sa_iterations = 1000, initial_temperature = 3.0, cooling_rate = 0.999
26 - INFO - chord#: 12 done. best_score=27.0, changed=523, unchanged=425, early_stops=8/8
26 - INFO - chord#: 14 In build_straw_man_chord_sa. tolerance = 1, sa_iterations = 1000, initial_temperature = 3.0, cooling_rate = 0.999
26 - INFO - chord#: 8 done. best_score=27.0, changed=526, unchanged=517, early_stops=8/8
26 - INFO - chord#: 12 In build_straw_man_chord_sa. tolerance = 1, sa_iterations = 1000, initial_temperature = 3.0, cooling_rate = 0.999
26 - INFO - chord#: 8 done. best_score=27.0, changed=519, unchanged=373, early_stops=8/8
26 - INFO - chord#: 12 In build_straw_man_chord_sa. tolerance = 1, sa_iterations = 1000, initial_temperature = 3.0, cooling_rate = 0.999
26 - INFO - chord#: 8 done. best_score=27.0, changed=524, unchanged=297, early_stops=8/8
26 - INFO - chord#: 12 In build_straw_man_chord_sa. tolerance = 1, sa_iterations = 1000, initial_temperature = 3.0, cooling_rate = 0.999
26 - INFO - chord#: 8 done. best_score=27.0, changed=520, unchanged=313, early_stops=8/8
26 - INFO - chord#: 12 In build_straw_man_chord_sa. tolerance = 1, sa_iterations = 1000, initial_temperature = 3.0, cooling_rate = 0.999
26 - INFO - chord#: 12 done. best_score=27.0, changed=524, unchanged=457, early_stops=8/8
26 - INFO - chord#: 14 In build_straw_man_chord_sa. tolerance = 1, sa_iterations = 1000, initial_temperature = 3.0, cooling_rate = 0.999
26 - INFO - chord#: 12 done. best_score=27.0, changed=524, unchanged=358, early_stops=8/8
26 - INFO - chord#: 14 In build_straw_man_chord_sa. tolerance = 1, sa_iterations = 1000, initial_temperature = 3.0, cooling_rate = 0.999
26 - INFO - chord#: 12 done. best_score=27.0, changed=524, unchanged=360, early_stops=8/8
26 - INFO - chord#: 12 done. best_score=36.0, changed=525, unchanged=373, early_stops=8/8
26 - INFO - chord#: 14 In build_straw_man_chord_sa. tolerance = 1, sa_iterations = 1000, initial_temperature = 3.0, cooling_rate = 0.999
26 - INFO - chord#: 12 done. best_score=27.0, changed=523, unchanged=348, early_stops=8/8
26 - INFO - chord#: 14 In build_straw_man_chord_sa. tolerance = 1, sa_iterations = 1000, initial_temperature = 3.0, cooling_rate = 0.999
26 - INFO - chord#: 14 In build_straw_man_chord_sa. tolerance = 1, sa_iterations = 1000, initial_temperature = 3.0, cooling_rate = 0.999
26 - INFO - chord#: 12 done. best_score=27.0, changed=522, unchanged=445, early_stops=8/8
26 - INFO - chord#: 14 In build_straw_man_chord_sa. tolerance = 1, sa_iterations = 1000, initial_temperature = 3.0, cooling_rate = 0.999
26 - INFO - chord#: 12 done. best_score=27.0, changed=527, unchanged=430, early_stops=8/8
26 - INFO - chord#: 14 In build_straw_man_chord_sa. tolerance = 1, sa_iterations = 1000, initial_temperature = 3.0, cooling_rate = 0.999
26 - INFO - chord#: 12 done. best_score=27.0, changed=526, unchanged=417, early_stops=8/8
26 - INFO - chord#: 14 In build_straw_man_chord_sa. tolerance = 1, sa_iterations = 1000, initial_temperature = 3.0, cooling_rate = 0.999
26 - INFO - chord#: 12 done. best_score=27.0, changed=518, unchanged=376, early_stops=8/8
26 - INFO - chord#: 14 In build_straw_man_chord_sa. tolerance = 1, sa_iterations = 1000, initial_temperature = 3.0, cooling_rate = 0.999
26 - INFO - chord#: 12 done. best_score=27.0, changed=528, unchanged=459, early_stops=8/8
26 - INFO - chord#: 14 In build_straw_man_chord_sa. tolerance = 1, sa_iterations = 1000, initial_temperature = 3.0, cooling_rate = 0.999
26 - INFO - chord#: 14 done. best_score=96.0, changed=611, unchanged=234, early_stops=8/8
26 - INFO - chord#: 16 In build_straw_man_chord_sa. tolerance = 1, sa_iterations = 1000, initial_temperature = 3.0, cooling_rate = 0.999
26 - INFO - chord#: 14 done. best_score=148.0, changed=608, unchanged=292, early_stops=8/8
26 - INFO - chord#: 16 In build_straw_man_chord_sa. tolerance = 1, sa_iterations = 1000, initial_temperature = 3.0, cooling_rate = 0.999
26 - INFO - chord#: 14 done. best_score=167.0, changed=607, unchanged=213, early_stops=8/8
26 - INFO - chord#: 16 In build_straw_man_chord_sa. tolerance = 1, sa_iterations = 1000, initial_temperature = 3.0, cooling_rate = 0.999
26 - INFO - chord#: 16 done. best_score=31.0, changed=514, unchanged=361, early_stops=8/8
26 - INFO - chord#: 18 In build_straw_man_chord_sa. tolerance = 1, sa_iterations = 1000, initial_temperature = 3.0, cooling_rate = 0.999
26 - INFO - chord#: 14 done. best_score=149.0, changed=612, unchanged=314, early_stops=8/8
26 - INFO - chord#: 16 In build_straw_man_chord_sa. tolerance = 1, sa_iterations = 1000, initial_temperature = 3.0, cooling_rate = 0.999
26 - INFO - chord#: 16 done. best_score=49.0, changed=523, unchanged=407, early_stops=8/8
26 - INFO - chord#: 18 In build_straw_man_chord_sa. tolerance = 1, sa_iterations = 1000, initial_temperature = 3.0, cooling_rate = 0.999
26 - INFO - chord#: 18 done. best_score=7.0, changed=508, unchanged=310, early_stops=8/8
26 - INFO - chord#: 20 In build_straw_man_chord_sa. tolerance = 1, sa_iterations = 1000, initial_temperature = 3.0, cooling_rate = 0.999
26 - INFO - chord#: 16 done. best_score=31.0, changed=512, unchanged=341, early_stops=8/8
26 - INFO - chord#: 18 In build_straw_man_chord_sa. tolerance = 1, sa_iterations = 1000, initial_temperature = 3.0, cooling_rate = 0.999
26 - INFO - chord#: 14 done. best_score=74.0, changed=611, unchanged=291, early_stops=8/8
26 - INFO - chord#: 16 In build_straw_man_chord_sa. tolerance = 1, sa_iterations = 1000, initial_temperature = 3.0, cooling_rate = 0.999
26 - INFO - chord#: 18 done. best_score=19.0, changed=447, unchanged=360, early_stops=8/8
26 - INFO - chord#: 20 In build_straw_man_chord_sa. tolerance = 1, sa_iterations = 1000, initial_temperature = 3.0, cooling_rate = 0.999
26 - INFO - chord#: 14 done. best_score=74.0, changed=615, unchanged=405, early_stops=8/8
26 - INFO - chord#: 16 In build_straw_man_chord_sa. tolerance = 1, sa_iterations = 1000, initial_temperature = 3.0, cooling_rate = 0.999
26 - INFO - chord#: 14 done. best_score=96.0, changed=614, unchanged=450, early_stops=8/8
26 - INFO - chord#: 16 In build_straw_man_chord_sa. tolerance = 1, sa_iterations = 1000, initial_temperature = 3.0, cooling_rate = 0.999
26 - INFO - chord#: 18 done. best_score=7.0, changed=500, unchanged=312, early_stops=8/8
26 - INFO - chord#: 20 In build_straw_man_chord_sa. tolerance = 1, sa_iterations = 1000, initial_temperature = 3.0, cooling_rate = 0.999
26 - INFO - chord#: 14 done. best_score=74.0, changed=612, unchanged=291, early_stops=8/8
26 - INFO - chord#: 16 In build_straw_man_chord_sa. tolerance = 1, sa_iterations = 1000, initial_temperature = 3.0, cooling_rate = 0.999
26 - INFO - chord#: 14 done. best_score=74.0, changed=617, unchanged=424, early_stops=8/8
26 - INFO - chord#: 16 In build_straw_man_chord_sa. tolerance = 1, sa_iterations = 1000, initial_temperature = 3.0, cooling_rate = 0.999
26 - INFO - chord#: 16 done. best_score=58.0, changed=528, unchanged=437, early_stops=8/8
26 - INFO - chord#: 18 In build_straw_man_chord_sa. tolerance = 1, sa_iterations = 1000, initial_temperature = 3.0, cooling_rate = 0.999
26 - INFO - chord#: 20 done. best_score=27.0, changed=520, unchanged=367, early_stops=8/8
26 - INFO - chord#: 22 In build_straw_man_chord_sa. tolerance = 1, sa_iterations = 1000, initial_temperature = 3.0, cooling_rate = 0.999
26 - INFO - chord#: 16 done. best_score=31.0, changed=525, unchanged=396, early_stops=8/8
26 - INFO - chord#: 18 In build_straw_man_chord_sa. tolerance = 1, sa_iterations = 1000, initial_temperature = 3.0, cooling_rate = 0.999
26 - INFO - chord#: 14 done. best_score=96.0, changed=607, unchanged=246, early_stops=8/8
26 - INFO - chord#: 16 In build_straw_man_chord_sa. tolerance = 1, sa_iterations = 1000, initial_temperature = 3.0, cooling_rate = 0.999
26 - INFO - chord#: 16 done. best_score=31.0, changed=532, unchanged=318, early_stops=8/8
26 - INFO - chord#: 18 In build_straw_man_chord_sa. tolerance = 1, sa_iterations = 1000, initial_temperature = 3.0, cooling_rate = 0.999
26 - INFO - chord#: 20 done. best_score=27.0, changed=517, unchanged=382, early_stops=8/8
26 - INFO - chord#: 22 In build_straw_man_chord_sa. tolerance = 1, sa_iterations = 1000, initial_temperature = 3.0, cooling_rate = 0.999
26 - INFO - chord#: 18 done. best_score=7.0, changed=522, unchanged=294, early_stops=8/8
26 - INFO - chord#: 20 In build_straw_man_chord_sa. tolerance = 1, sa_iterations = 1000, initial_temperature = 3.0, cooling_rate = 0.999
26 - INFO - chord#: 18 done. best_score=7.0, changed=494, unchanged=321, early_stops=8/8
26 - INFO - chord#: 20 In build_straw_man_chord_sa. tolerance = 1, sa_iterations = 1000, initial_temperature = 3.0, cooling_rate = 0.999
26 - INFO - chord#: 18 done. best_score=7.0, changed=515, unchanged=304, early_stops=8/8
26 - INFO - chord#: 20 In build_straw_man_chord_sa. tolerance = 1, sa_iterations = 1000, initial_temperature = 3.0, cooling_rate = 0.999
26 - INFO - chord#: 16 done. best_score=31.0, changed=535, unchanged=470, early_stops=8/8
26 - INFO - chord#: 18 In build_straw_man_chord_sa. tolerance = 1, sa_iterations = 1000, initial_temperature = 3.0, cooling_rate = 0.999
26 - INFO - chord#: 16 done. best_score=31.0, changed=512, unchanged=347, early_stops=8/8
26 - INFO - chord#: 18 In build_straw_man_chord_sa. tolerance = 1, sa_iterations = 1000, initial_temperature = 3.0, cooling_rate = 0.999
26 - INFO - chord#: 14 done. best_score=96.0, changed=618, unchanged=451, early_stops=8/8
26 - INFO - chord#: 16 In build_straw_man_chord_sa. tolerance = 1, sa_iterations = 1000, initial_temperature = 3.0, cooling_rate = 0.999
26 - INFO - chord#: 18 done. best_score=7.0, changed=494, unchanged=331, early_stops=8/8
26 - INFO - chord#: 20 In build_straw_man_chord_sa. tolerance = 1, sa_iterations = 1000, initial_temperature = 3.0, cooling_rate = 0.999
26 - INFO - chord#: 14 done. best_score=148.0, changed=614, unchanged=387, early_stops=8/8
26 - INFO - chord#: 16 In build_straw_man_chord_sa. tolerance = 1, sa_iterations = 1000, initial_temperature = 3.0, cooling_rate = 0.999
26 - INFO - chord#: 16 done. best_score=31.0, changed=525, unchanged=452, early_stops=8/8
26 - INFO - chord#: 18 In build_straw_man_chord_sa. tolerance = 1, sa_iterations = 1000, initial_temperature = 3.0, cooling_rate = 0.999
26 - INFO - chord#: 20 done. best_score=27.0, changed=529, unchanged=749, early_stops=8/8
26 - INFO - chord#: 22 In build_straw_man_chord_sa. tolerance = 1, sa_iterations = 1000, initial_temperature = 3.0, cooling_rate = 0.999
26 - INFO - chord#: 18 done. best_score=7.0, changed=488, unchanged=329, early_stops=8/8
26 - INFO - chord#: 20 In build_straw_man_chord_sa. tolerance = 1, sa_iterations = 1000, initial_temperature = 3.0, cooling_rate = 0.999
26 - INFO - chord#: 18 done. best_score=7.0, changed=505, unchanged=322, early_stops=8/8
26 - INFO - chord#: 20 In build_straw_man_chord_sa. tolerance = 1, sa_iterations = 1000, initial_temperature = 3.0, cooling_rate = 0.999
26 - INFO - chord#: 16 done. best_score=31.0, changed=523, unchanged=398, early_stops=8/8
26 - INFO - chord#: 18 In build_straw_man_chord_sa. tolerance = 1, sa_iterations = 1000, initial_temperature = 3.0, cooling_rate = 0.999
26 - INFO - chord#: 20 done. best_score=27.0, changed=521, unchanged=529, early_stops=8/8
26 - INFO - chord#: 22 In build_straw_man_chord_sa. tolerance = 1, sa_iterations = 1000, initial_temperature = 3.0, cooling_rate = 0.999
26 - INFO - chord#: 18 done. best_score=7.0, changed=494, unchanged=323, early_stops=8/8
26 - INFO - chord#: 20 In build_straw_man_chord_sa. tolerance = 1, sa_iterations = 1000, initial_temperature = 3.0, cooling_rate = 0.999
26 - INFO - chord#: 20 done. best_score=27.0, changed=521, unchanged=529, early_stops=8/8
26 - INFO - chord#: 22 In build_straw_man_chord_sa. tolerance = 1, sa_iterations = 1000, initial_temperature = 3.0, cooling_rate = 0.999
26 - INFO - chord#: 20 done. best_score=27.0, changed=521, unchanged=396, early_stops=8/8
26 - INFO - chord#: 22 In build_straw_man_chord_sa. tolerance = 1, sa_iterations = 1000, initial_temperature = 3.0, cooling_rate = 0.999
26 - INFO - chord#: 20 done. best_score=27.0, changed=523, unchanged=522, early_stops=8/8
26 - INFO - chord#: 22 In build_straw_man_chord_sa. tolerance = 1, sa_iterations = 1000, initial_temperature = 3.0, cooling_rate = 0.999
26 - INFO - chord#: 16 done. best_score=31.0, changed=521, unchanged=387, early_stops=8/8
26 - INFO - chord#: 18 In build_straw_man_chord_sa. tolerance = 1, sa_iterations = 1000, initial_temperature = 3.0, cooling_rate = 0.999
26 - INFO - chord#: 16 done. best_score=31.0, changed=528, unchanged=421, early_stops=8/8
26 - INFO - chord#: 18 In build_straw_man_chord_sa. tolerance = 1, sa_iterations = 1000, initial_temperature = 3.0, cooling_rate = 0.999
26 - INFO - chord#: 22 done. best_score=67.0, changed=609, unchanged=290, early_stops=8/8
26 - INFO - chord#: 24 In build_straw_man_chord_sa. tolerance = 1, sa_iterations = 1000, initial_temperature = 3.0, cooling_rate = 0.999
26 - INFO - chord#: 18 done. best_score=7.0, changed=495, unchanged=310, early_stops=8/8
26 - INFO - chord#: 20 In build_straw_man_chord_sa. tolerance = 1, sa_iterations = 1000, initial_temperature = 3.0, cooling_rate = 0.999
26 - INFO - chord#: 18 done. best_score=7.0, changed=510, unchanged=309, early_stops=8/8
26 - INFO - chord#: 20 In build_straw_man_chord_sa. tolerance = 1, sa_iterations = 1000, initial_temperature = 3.0, cooling_rate = 0.999
26 - INFO - chord#: 24 done. best_score=9.0, changed=471, unchanged=394, early_stops=8/8
26 - INFO - chord#: 32 In build_straw_man_chord_sa. tolerance = 1, sa_iterations = 1000, initial_temperature = 3.0, cooling_rate = 0.999
26 - INFO - chord#: 22 done. best_score=78.0, changed=610, unchanged=264, early_stops=8/8
26 - INFO - chord#: 24 In build_straw_man_chord_sa. tolerance = 1, sa_iterations = 1000, initial_temperature = 3.0, cooling_rate = 0.999
26 - INFO - chord#: 20 done. best_score=27.0, changed=524, unchanged=476, early_stops=8/8
26 - INFO - chord#: 22 In build_straw_man_chord_sa. tolerance = 1, sa_iterations = 1000, initial_temperature = 3.0, cooling_rate = 0.999
26 - INFO - chord#: 20 done. best_score=27.0, changed=520, unchanged=411, early_stops=8/8
26 - INFO - chord#: 22 In build_straw_man_chord_sa. tolerance = 1, sa_iterations = 1000, initial_temperature = 3.0, cooling_rate = 0.999
26 - INFO - chord#: 24 done. best_score=9.0, changed=459, unchanged=375, early_stops=8/8
26 - INFO - chord#: 32 In build_straw_man_chord_sa. tolerance = 1, sa_iterations = 1000, initial_temperature = 3.0, cooling_rate = 0.999
26 - INFO - chord#: 20 done. best_score=27.0, changed=515, unchanged=343, early_stops=8/8
26 - INFO - chord#: 22 In build_straw_man_chord_sa. tolerance = 1, sa_iterations = 1000, initial_temperature = 3.0, cooling_rate = 0.999
26 - INFO - chord#: 22 done. best_score=67.0, changed=621, unchanged=334, early_stops=8/8
26 - INFO - chord#: 24 In build_straw_man_chord_sa. tolerance = 1, sa_iterations = 1000, initial_temperature = 3.0, cooling_rate = 0.999
26 - INFO - chord#: 24 done. best_score=9.0, changed=467, unchanged=393, early_stops=8/8
26 - INFO - chord#: 32 In build_straw_man_chord_sa. tolerance = 1, sa_iterations = 1000, initial_temperature = 3.0, cooling_rate = 0.999
26 - INFO - chord#: 32 done. best_score=27.0, changed=523, unchanged=416, early_stops=8/8
26 - INFO - chord#: 38 In build_straw_man_chord_sa. tolerance = 1, sa_iterations = 1000, initial_temperature = 3.0, cooling_rate = 0.999
26 - INFO - chord#: 20 done. best_score=27.0, changed=517, unchanged=441, early_stops=8/8
26 - INFO - chord#: 22 In build_straw_man_chord_sa. tolerance = 1, sa_iterations = 1000, initial_temperature = 3.0, cooling_rate = 0.999
26 - INFO - chord#: 32 done. best_score=27.0, changed=519, unchanged=382, early_stops=8/8
26 - INFO - chord#: 38 In build_straw_man_chord_sa. tolerance = 1, sa_iterations = 1000, initial_temperature = 3.0, cooling_rate = 0.999
26 - INFO - chord#: 20 done. best_score=27.0, changed=520, unchanged=528, early_stops=8/8
26 - INFO - chord#: 22 In build_straw_man_chord_sa. tolerance = 1, sa_iterations = 1000, initial_temperature = 3.0, cooling_rate = 0.999
26 - INFO - chord#: 22 done. best_score=67.0, changed=611, unchanged=298, early_stops=8/8
26 - INFO - chord#: 24 In build_straw_man_chord_sa. tolerance = 1, sa_iterations = 1000, initial_temperature = 3.0, cooling_rate = 0.999
26 - INFO - chord#: 22 done. best_score=67.0, changed=612, unchanged=319, early_stops=8/8
26 - INFO - chord#: 24 In build_straw_man_chord_sa. tolerance = 1, sa_iterations = 1000, initial_temperature = 3.0, cooling_rate = 0.999
26 - INFO - chord#: 24 done. best_score=9.0, changed=474, unchanged=375, early_stops=8/8
26 - INFO - chord#: 32 In build_straw_man_chord_sa. tolerance = 1, sa_iterations = 1000, initial_temperature = 3.0, cooling_rate = 0.999
26 - INFO - chord#: 24 done. best_score=9.0, changed=469, unchanged=385, early_stops=8/8
26 - INFO - chord#: 32 In build_straw_man_chord_sa. tolerance = 1, sa_iterations = 1000, initial_temperature = 3.0, cooling_rate = 0.999
26 - INFO - chord#: 22 done. best_score=78.0, changed=615, unchanged=419, early_stops=8/8
26 - INFO - chord#: 24 In build_straw_man_chord_sa. tolerance = 1, sa_iterations = 1000, initial_temperature = 3.0, cooling_rate = 0.999
26 - INFO - chord#: 32 done. best_score=27.0, changed=524, unchanged=328, early_stops=8/8
26 - INFO - chord#: 38 In build_straw_man_chord_sa. tolerance = 1, sa_iterations = 1000, initial_temperature = 3.0, cooling_rate = 0.999
26 - INFO - chord#: 22 done. best_score=125.0, changed=609, unchanged=280, early_stops=8/8
26 - INFO - chord#: 24 In build_straw_man_chord_sa. tolerance = 1, sa_iterations = 1000, initial_temperature = 3.0, cooling_rate = 0.999
26 - INFO - chord#: 24 done. best_score=9.0, changed=461, unchanged=385, early_stops=8/8
26 - INFO - chord#: 32 In build_straw_man_chord_sa. tolerance = 1, sa_iterations = 1000, initial_temperature = 3.0, cooling_rate = 0.999
26 - INFO - chord#: 24 done. best_score=9.0, changed=470, unchanged=415, early_stops=8/8
26 - INFO - chord#: 32 In build_straw_man_chord_sa. tolerance = 1, sa_iterations = 1000, initial_temperature = 3.0, cooling_rate = 0.999
26 - INFO - chord#: 32 done. best_score=27.0, changed=531, unchanged=455, early_stops=8/8
26 - INFO - chord#: 38 In build_straw_man_chord_sa. tolerance = 1, sa_iterations = 1000, initial_temperature = 3.0, cooling_rate = 0.999
26 - INFO - chord#: 32 done. best_score=27.0, changed=518, unchanged=361, early_stops=8/8
26 - INFO - chord#: 38 In build_straw_man_chord_sa. tolerance = 1, sa_iterations = 1000, initial_temperature = 3.0, cooling_rate = 0.999
26 - INFO - chord#: 32 done. best_score=27.0, changed=522, unchanged=385, early_stops=8/8
26 - INFO - chord#: 38 In build_straw_man_chord_sa. tolerance = 1, sa_iterations = 1000, initial_temperature = 3.0, cooling_rate = 0.999
26 - INFO - chord#: 22 done. best_score=67.0, changed=612, unchanged=413, early_stops=8/8
26 - INFO - chord#: 24 In build_straw_man_chord_sa. tolerance = 1, sa_iterations = 1000, initial_temperature = 3.0, cooling_rate = 0.999
26 - INFO - chord#: 22 done. best_score=67.0, changed=608, unchanged=275, early_stops=8/8
26 - INFO - chord#: 24 In build_straw_man_chord_sa. tolerance = 1, sa_iterations = 1000, initial_temperature = 3.0, cooling_rate = 0.999
26 - INFO - chord#: 22 done. best_score=137.0, changed=620, unchanged=398, early_stops=8/8
26 - INFO - chord#: 24 In build_straw_man_chord_sa. tolerance = 1, sa_iterations = 1000, initial_temperature = 3.0, cooling_rate = 0.999
26 - INFO - chord#: 24 done. best_score=9.0, changed=463, unchanged=406, early_stops=8/8
26 - INFO - chord#: 32 In build_straw_man_chord_sa. tolerance = 1, sa_iterations = 1000, initial_temperature = 3.0, cooling_rate = 0.999
26 - INFO - chord#: 24 done. best_score=9.0, changed=465, unchanged=366, early_stops=8/8
26 - INFO - chord#: 32 In build_straw_man_chord_sa. tolerance = 1, sa_iterations = 1000, initial_temperature = 3.0, cooling_rate = 0.999
26 - INFO - chord#: 32 done. best_score=27.0, changed=521, unchanged=358, early_stops=8/8
26 - INFO - chord#: 38 In build_straw_man_chord_sa. tolerance = 1, sa_iterations = 1000, initial_temperature = 3.0, cooling_rate = 0.999
26 - INFO - chord#: 24 done. best_score=9.0, changed=476, unchanged=439, early_stops=8/8
26 - INFO - chord#: 32 In build_straw_man_chord_sa. tolerance = 1, sa_iterations = 1000, initial_temperature = 3.0, cooling_rate = 0.999
26 - INFO - chord#: 38 done. best_score=121.0, changed=615, unchanged=330, early_stops=8/8
26 - INFO - chord#: 40 In build_straw_man_chord_sa. tolerance = 1, sa_iterations = 1000, initial_temperature = 3.0, cooling_rate = 0.999
26 - INFO - chord#: 38 done. best_score=148.0, changed=613, unchanged=375, early_stops=8/8
26 - INFO - chord#: 40 In build_straw_man_chord_sa. tolerance = 1, sa_iterations = 1000, initial_temperature = 3.0, cooling_rate = 0.999
26 - INFO - chord#: 22 done. best_score=96.0, changed=611, unchanged=295, early_stops=8/8
26 - INFO - chord#: 24 In build_straw_man_chord_sa. tolerance = 1, sa_iterations = 1000, initial_temperature = 3.0, cooling_rate = 0.999
26 - INFO - chord#: 22 done. best_score=125.0, changed=613, unchanged=332, early_stops=8/8
26 - INFO - chord#: 24 In build_straw_man_chord_sa. tolerance = 1, sa_iterations = 1000, initial_temperature = 3.0, cooling_rate = 0.999
26 - INFO - chord#: 24 done. best_score=9.0, changed=455, unchanged=381, early_stops=8/8
26 - INFO - chord#: 32 In build_straw_man_chord_sa. tolerance = 1, sa_iterations = 1000, initial_temperature = 3.0, cooling_rate = 0.999
26 - INFO - chord#: 32 done. best_score=27.0, changed=522, unchanged=330, early_stops=8/8
26 - INFO - chord#: 38 In build_straw_man_chord_sa. tolerance = 1, sa_iterations = 1000, initial_temperature = 3.0, cooling_rate = 0.999
26 - INFO - chord#: 32 done. best_score=27.0, changed=523, unchanged=399, early_stops=8/8
26 - INFO - chord#: 38 In build_straw_man_chord_sa. tolerance = 1, sa_iterations = 1000, initial_temperature = 3.0, cooling_rate = 0.999
26 - INFO - chord#: 38 done. best_score=74.0, changed=608, unchanged=390, early_stops=8/8
26 - INFO - chord#: 40 In build_straw_man_chord_sa. tolerance = 1, sa_iterations = 1000, initial_temperature = 3.0, cooling_rate = 0.999
26 - INFO - chord#: 24 done. best_score=9.0, changed=467, unchanged=384, early_stops=8/8
26 - INFO - chord#: 32 In build_straw_man_chord_sa. tolerance = 1, sa_iterations = 1000, initial_temperature = 3.0, cooling_rate = 0.999
26 - INFO - chord#: 32 done. best_score=27.0, changed=525, unchanged=350, early_stops=8/8
26 - INFO - chord#: 38 In build_straw_man_chord_sa. tolerance = 1, sa_iterations = 1000, initial_temperature = 3.0, cooling_rate = 0.999
26 - INFO - chord#: 40 done. best_score=27.0, changed=518, unchanged=493, early_stops=8/8
26 - INFO - chord#: 42 In build_straw_man_chord_sa. tolerance = 1, sa_iterations = 1000, initial_temperature = 3.0, cooling_rate = 0.999
26 - INFO - chord#: 40 done. best_score=27.0, changed=519, unchanged=369, early_stops=8/8
26 - INFO - chord#: 42 In build_straw_man_chord_sa. tolerance = 1, sa_iterations = 1000, initial_temperature = 3.0, cooling_rate = 0.999
26 - INFO - chord#: 38 done. best_score=121.0, changed=607, unchanged=264, early_stops=8/8
26 - INFO - chord#: 40 In build_straw_man_chord_sa. tolerance = 1, sa_iterations = 1000, initial_temperature = 3.0, cooling_rate = 0.999
26 - INFO - chord#: 38 done. best_score=74.0, changed=614, unchanged=368, early_stops=8/8
26 - INFO - chord#: 40 In build_straw_man_chord_sa. tolerance = 1, sa_iterations = 1000, initial_temperature = 3.0, cooling_rate = 0.999
26 - INFO - chord#: 38 done. best_score=74.0, changed=613, unchanged=296, early_stops=8/8
26 - INFO - chord#: 40 In build_straw_man_chord_sa. tolerance = 1, sa_iterations = 1000, initial_temperature = 3.0, cooling_rate = 0.999
26 - INFO - chord#: 32 done. best_score=27.0, changed=522, unchanged=351, early_stops=8/8
26 - INFO - chord#: 38 In build_straw_man_chord_sa. tolerance = 1, sa_iterations = 1000, initial_temperature = 3.0, cooling_rate = 0.999
26 - INFO - chord#: 40 done. best_score=27.0, changed=526, unchanged=423, early_stops=8/8
26 - INFO - chord#: 42 In build_straw_man_chord_sa. tolerance = 1, sa_iterations = 1000, initial_temperature = 3.0, cooling_rate = 0.999
26 - INFO - chord#: 32 done. best_score=27.0, changed=527, unchanged=356, early_stops=8/8
26 - INFO - chord#: 38 In build_straw_man_chord_sa. tolerance = 1, sa_iterations = 1000, initial_temperature = 3.0, cooling_rate = 0.999
26 - INFO - chord#: 42 done. best_score=36.0, changed=523, unchanged=377, early_stops=8/8
26 - INFO - chord#: 44 In build_straw_man_chord_sa. tolerance = 1, sa_iterations = 1000, initial_temperature = 3.0, cooling_rate = 0.999
26 - INFO - chord#: 42 done. best_score=36.0, changed=515, unchanged=370, early_stops=8/8
26 - INFO - chord#: 44 In build_straw_man_chord_sa. tolerance = 1, sa_iterations = 1000, initial_temperature = 3.0, cooling_rate = 0.999
26 - INFO - chord#: 40 done. best_score=27.0, changed=519, unchanged=384, early_stops=8/8
26 - INFO - chord#: 42 In build_straw_man_chord_sa. tolerance = 1, sa_iterations = 1000, initial_temperature = 3.0, cooling_rate = 0.999
26 - INFO - chord#: 38 done. best_score=121.0, changed=609, unchanged=230, early_stops=8/8
26 - INFO - chord#: 40 In build_straw_man_chord_sa. tolerance = 1, sa_iterations = 1000, initial_temperature = 3.0, cooling_rate = 0.999
26 - INFO - chord#: 40 done. best_score=27.0, changed=517, unchanged=369, early_stops=8/8
26 - INFO - chord#: 42 In build_straw_man_chord_sa. tolerance = 1, sa_iterations = 1000, initial_temperature = 3.0, cooling_rate = 0.999
26 - INFO - chord#: 40 done. best_score=27.0, changed=516, unchanged=524, early_stops=8/8
26 - INFO - chord#: 42 In build_straw_man_chord_sa. tolerance = 1, sa_iterations = 1000, initial_temperature = 3.0, cooling_rate = 0.999
26 - INFO - chord#: 42 done. best_score=36.0, changed=516, unchanged=332, early_stops=8/8
26 - INFO - chord#: 44 In build_straw_man_chord_sa. tolerance = 1, sa_iterations = 1000, initial_temperature = 3.0, cooling_rate = 0.999
26 - INFO - chord#: 44 done. best_score=27.0, changed=525, unchanged=441, early_stops=8/8
26 - INFO - chord#: 48 In build_straw_man_chord_sa. tolerance = 1, sa_iterations = 1000, initial_temperature = 3.0, cooling_rate = 0.999
26 - INFO - chord#: 44 done. best_score=27.0, changed=523, unchanged=481, early_stops=8/8
26 - INFO - chord#: 48 In build_straw_man_chord_sa. tolerance = 1, sa_iterations = 1000, initial_temperature = 3.0, cooling_rate = 0.999
26 - INFO - chord#: 42 done. best_score=36.0, changed=527, unchanged=399, early_stops=8/8
26 - INFO - chord#: 44 In build_straw_man_chord_sa. tolerance = 1, sa_iterations = 1000, initial_temperature = 3.0, cooling_rate = 0.999
26 - INFO - chord#: 42 done. best_score=36.0, changed=520, unchanged=415, early_stops=8/8
26 - INFO - chord#: 44 In build_straw_man_chord_sa. tolerance = 1, sa_iterations = 1000, initial_temperature = 3.0, cooling_rate = 0.999
26 - INFO - chord#: 38 done. best_score=74.0, changed=615, unchanged=243, early_stops=8/8
26 - INFO - chord#: 40 In build_straw_man_chord_sa. tolerance = 1, sa_iterations = 1000, initial_temperature = 3.0, cooling_rate = 0.999
26 - INFO - chord#: 38 done. best_score=74.0, changed=612, unchanged=286, early_stops=8/8
26 - INFO - chord#: 40 In build_straw_man_chord_sa. tolerance = 1, sa_iterations = 1000, initial_temperature = 3.0, cooling_rate = 0.999
26 - INFO - chord#: 40 done. best_score=27.0, changed=527, unchanged=472, early_stops=8/8
26 - INFO - chord#: 42 In build_straw_man_chord_sa. tolerance = 1, sa_iterations = 1000, initial_temperature = 3.0, cooling_rate = 0.999
26 - INFO - chord#: 42 done. best_score=36.0, changed=529, unchanged=453, early_stops=8/8
26 - INFO - chord#: 44 In build_straw_man_chord_sa. tolerance = 1, sa_iterations = 1000, initial_temperature = 3.0, cooling_rate = 0.999
26 - INFO - chord#: 44 done. best_score=27.0, changed=517, unchanged=394, early_stops=8/8
26 - INFO - chord#: 48 In build_straw_man_chord_sa. tolerance = 1, sa_iterations = 1000, initial_temperature = 3.0, cooling_rate = 0.999
26 - INFO - chord#: 38 done. best_score=74.0, changed=615, unchanged=351, early_stops=8/8
26 - INFO - chord#: 40 In build_straw_man_chord_sa. tolerance = 1, sa_iterations = 1000, initial_temperature = 3.0, cooling_rate = 0.999
26 - INFO - chord#: 38 done. best_score=74.0, changed=611, unchanged=338, early_stops=8/8
26 - INFO - chord#: 40 In build_straw_man_chord_sa. tolerance = 1, sa_iterations = 1000, initial_temperature = 3.0, cooling_rate = 0.999
26 - INFO - chord#: 38 done. best_score=148.0, changed=607, unchanged=218, early_stops=8/8
26 - INFO - chord#: 40 In build_straw_man_chord_sa. tolerance = 1, sa_iterations = 1000, initial_temperature = 3.0, cooling_rate = 0.999
26 - INFO - chord#: 44 done. best_score=27.0, changed=517, unchanged=367, early_stops=8/8
26 - INFO - chord#: 48 In build_straw_man_chord_sa. tolerance = 1, sa_iterations = 1000, initial_temperature = 3.0, cooling_rate = 0.999
26 - INFO - chord#: 44 done. best_score=27.0, changed=533, unchanged=627, early_stops=8/8
26 - INFO - chord#: 48 In build_straw_man_chord_sa. tolerance = 1, sa_iterations = 1000, initial_temperature = 3.0, cooling_rate = 0.999
26 - INFO - chord#: 40 done. best_score=27.0, changed=514, unchanged=364, early_stops=8/8
26 - INFO - chord#: 42 In build_straw_man_chord_sa. tolerance = 1, sa_iterations = 1000, initial_temperature = 3.0, cooling_rate = 0.999
26 - INFO - chord#: 44 done. best_score=27.0, changed=522, unchanged=468, early_stops=8/8
26 - INFO - chord#: 48 In build_straw_man_chord_sa. tolerance = 1, sa_iterations = 1000, initial_temperature = 3.0, cooling_rate = 0.999
26 - INFO - chord#: 42 done. best_score=36.0, changed=528, unchanged=410, early_stops=8/8
26 - INFO - chord#: 44 In build_straw_man_chord_sa. tolerance = 1, sa_iterations = 1000, initial_temperature = 3.0, cooling_rate = 0.999
26 - INFO - chord#: 48 done. best_score=157.0, changed=610, unchanged=211, early_stops=8/8
26 - INFO - chord#: 50 In build_straw_man_chord_sa. tolerance = 1, sa_iterations = 1000, initial_temperature = 3.0, cooling_rate = 0.999
26 - INFO - chord#: 40 done. best_score=27.0, changed=520, unchanged=422, early_stops=8/8
26 - INFO - chord#: 42 In build_straw_man_chord_sa. tolerance = 1, sa_iterations = 1000, initial_temperature = 3.0, cooling_rate = 0.999
26 - INFO - chord#: 40 done. best_score=27.0, changed=511, unchanged=348, early_stops=8/8
26 - INFO - chord#: 42 In build_straw_man_chord_sa. tolerance = 1, sa_iterations = 1000, initial_temperature = 3.0, cooling_rate = 0.999
26 - INFO - chord#: 40 done. best_score=27.0, changed=521, unchanged=438, early_stops=8/8
26 - INFO - chord#: 42 In build_straw_man_chord_sa. tolerance = 1, sa_iterations = 1000, initial_temperature = 3.0, cooling_rate = 0.999
26 - INFO - chord#: 40 done. best_score=27.0, changed=518, unchanged=379, early_stops=8/8
26 - INFO - chord#: 42 In build_straw_man_chord_sa. tolerance = 1, sa_iterations = 1000, initial_temperature = 3.0, cooling_rate = 0.999
26 - INFO - chord#: 50 done. best_score=37.0, changed=526, unchanged=335, early_stops=8/8
26 - INFO - chord#: 52 In build_straw_man_chord_sa. tolerance = 1, sa_iterations = 1000, initial_temperature = 3.0, cooling_rate = 0.999
26 - INFO - chord#: 44 done. best_score=27.0, changed=521, unchanged=360, early_stops=8/8
26 - INFO - chord#: 48 In build_straw_man_chord_sa. tolerance = 1, sa_iterations = 1000, initial_temperature = 3.0, cooling_rate = 0.999
26 - INFO - chord#: 42 done. best_score=36.0, changed=516, unchanged=361, early_stops=8/8
26 - INFO - chord#: 44 In build_straw_man_chord_sa. tolerance = 1, sa_iterations = 1000, initial_temperature = 3.0, cooling_rate = 0.999
26 - INFO - chord#: 48 done. best_score=167.0, changed=608, unchanged=300, early_stops=8/8
26 - INFO - chord#: 50 In build_straw_man_chord_sa. tolerance = 1, sa_iterations = 1000, initial_temperature = 3.0, cooling_rate = 0.999
26 - INFO - chord#: 48 done. best_score=64.0, changed=612, unchanged=483, early_stops=8/8
26 - INFO - chord#: 50 In build_straw_man_chord_sa. tolerance = 1, sa_iterations = 1000, initial_temperature = 3.0, cooling_rate = 0.999
26 - INFO - chord#: 42 done. best_score=36.0, changed=517, unchanged=341, early_stops=8/8
26 - INFO - chord#: 44 In build_straw_man_chord_sa. tolerance = 1, sa_iterations = 1000, initial_temperature = 3.0, cooling_rate = 0.999
26 - INFO - chord#: 42 done. best_score=36.0, changed=525, unchanged=431, early_stops=8/8
26 - INFO - chord#: 44 In build_straw_man_chord_sa. tolerance = 1, sa_iterations = 1000, initial_temperature = 3.0, cooling_rate = 0.999
26 - INFO - chord#: 48 done. best_score=104.0, changed=610, unchanged=289, early_stops=8/8
26 - INFO - chord#: 50 In build_straw_man_chord_sa. tolerance = 1, sa_iterations = 1000, initial_temperature = 3.0, cooling_rate = 0.999
26 - INFO - chord#: 48 done. best_score=157.0, changed=611, unchanged=276, early_stops=8/8
26 - INFO - chord#: 50 In build_straw_man_chord_sa. tolerance = 1, sa_iterations = 1000, initial_temperature = 3.0, cooling_rate = 0.999
26 - INFO - chord#: 48 done. best_score=157.0, changed=609, unchanged=227, early_stops=8/8
26 - INFO - chord#: 50 In build_straw_man_chord_sa. tolerance = 1, sa_iterations = 1000, initial_temperature = 3.0, cooling_rate = 0.999
26 - INFO - chord#: 50 done. best_score=49.0, changed=537, unchanged=314, early_stops=8/8
26 - INFO - chord#: 52 In build_straw_man_chord_sa. tolerance = 1, sa_iterations = 1000, initial_temperature = 3.0, cooling_rate = 0.999
26 - INFO - chord#: 42 done. best_score=36.0, changed=518, unchanged=363, early_stops=8/8
26 - INFO - chord#: 44 In build_straw_man_chord_sa. tolerance = 1, sa_iterations = 1000, initial_temperature = 3.0, cooling_rate = 0.999
26 - INFO - chord#: 52 done. best_score=27.0, changed=531, unchanged=512, early_stops=8/8
26 - INFO - chord#: 54 In build_straw_man_chord_sa. tolerance = 1, sa_iterations = 1000, initial_temperature = 3.0, cooling_rate = 0.999
26 - INFO - chord#: 42 done. best_score=36.0, changed=526, unchanged=602, early_stops=8/8
26 - INFO - chord#: 44 In build_straw_man_chord_sa. tolerance = 1, sa_iterations = 1000, initial_temperature = 3.0, cooling_rate = 0.999
26 - INFO - chord#: 50 done. best_score=37.0, changed=527, unchanged=377, early_stops=8/8
26 - INFO - chord#: 52 In build_straw_man_chord_sa. tolerance = 1, sa_iterations = 1000, initial_temperature = 3.0, cooling_rate = 0.999
26 - INFO - chord#: 50 done. best_score=37.0, changed=525, unchanged=372, early_stops=8/8
26 - INFO - chord#: 52 In build_straw_man_chord_sa. tolerance = 1, sa_iterations = 1000, initial_temperature = 3.0, cooling_rate = 0.999
26 - INFO - chord#: 44 done. best_score=27.0, changed=523, unchanged=433, early_stops=8/8
26 - INFO - chord#: 48 In build_straw_man_chord_sa. tolerance = 1, sa_iterations = 1000, initial_temperature = 3.0, cooling_rate = 0.999
26 - INFO - chord#: 50 done. best_score=37.0, changed=519, unchanged=364, early_stops=8/8
26 - INFO - chord#: 52 In build_straw_man_chord_sa. tolerance = 1, sa_iterations = 1000, initial_temperature = 3.0, cooling_rate = 0.999
26 - INFO - chord#: 50 done. best_score=37.0, changed=522, unchanged=377, early_stops=8/8
26 - INFO - chord#: 52 In build_straw_man_chord_sa. tolerance = 1, sa_iterations = 1000, initial_temperature = 3.0, cooling_rate = 0.999
26 - INFO - chord#: 44 done. best_score=27.0, changed=521, unchanged=438, early_stops=8/8
26 - INFO - chord#: 48 In build_straw_man_chord_sa. tolerance = 1, sa_iterations = 1000, initial_temperature = 3.0, cooling_rate = 0.999
26 - INFO - chord#: 44 done. best_score=27.0, changed=527, unchanged=568, early_stops=8/8
26 - INFO - chord#: 48 In build_straw_man_chord_sa. tolerance = 1, sa_iterations = 1000, initial_temperature = 3.0, cooling_rate = 0.999
26 - INFO - chord#: 52 done. best_score=27.0, changed=519, unchanged=492, early_stops=8/8
26 - INFO - chord#: 54 In build_straw_man_chord_sa. tolerance = 1, sa_iterations = 1000, initial_temperature = 3.0, cooling_rate = 0.999
26 - INFO - chord#: 54 done. best_score=47.0, changed=530, unchanged=530, early_stops=8/8
26 - INFO - chord#: 55 In build_straw_man_chord_sa. tolerance = 1, sa_iterations = 1000, initial_temperature = 3.0, cooling_rate = 0.999
26 - INFO - chord#: 48 done. best_score=145.0, changed=607, unchanged=340, early_stops=8/8
26 - INFO - chord#: 50 In build_straw_man_chord_sa. tolerance = 1, sa_iterations = 1000, initial_temperature = 3.0, cooling_rate = 0.999
26 - INFO - chord#: 44 done. best_score=27.0, changed=515, unchanged=377, early_stops=8/8
26 - INFO - chord#: 48 In build_straw_man_chord_sa. tolerance = 1, sa_iterations = 1000, initial_temperature = 3.0, cooling_rate = 0.999
26 - INFO - chord#: 44 done. best_score=27.0, changed=528, unchanged=372, early_stops=8/8
26 - INFO - chord#: 48 In build_straw_man_chord_sa. tolerance = 1, sa_iterations = 1000, initial_temperature = 3.0, cooling_rate = 0.999
26 - INFO - chord#: 52 done. best_score=27.0, changed=520, unchanged=468, early_stops=8/8
26 - INFO - chord#: 54 In build_straw_man_chord_sa. tolerance = 1, sa_iterations = 1000, initial_temperature = 3.0, cooling_rate = 0.999
26 - INFO - chord#: 52 done. best_score=27.0, changed=523, unchanged=463, early_stops=8/8
26 - INFO - chord#: 54 In build_straw_man_chord_sa. tolerance = 1, sa_iterations = 1000, initial_temperature = 3.0, cooling_rate = 0.999
26 - INFO - chord#: 52 done. best_score=27.0, changed=525, unchanged=581, early_stops=8/8
26 - INFO - chord#: 54 In build_straw_man_chord_sa. tolerance = 1, sa_iterations = 1000, initial_temperature = 3.0, cooling_rate = 0.999
26 - INFO - chord#: 52 done. best_score=27.0, changed=513, unchanged=432, early_stops=8/8
26 - INFO - chord#: 54 In build_straw_man_chord_sa. tolerance = 1, sa_iterations = 1000, initial_temperature = 3.0, cooling_rate = 0.999
26 - INFO - chord#: 54 done. best_score=47.0, changed=525, unchanged=401, early_stops=8/8
26 - INFO - chord#: 55 In build_straw_man_chord_sa. tolerance = 1, sa_iterations = 1000, initial_temperature = 3.0, cooling_rate = 0.999
26 - INFO - chord#: 50 done. best_score=49.0, changed=526, unchanged=362, early_stops=8/8
26 - INFO - chord#: 52 In build_straw_man_chord_sa. tolerance = 1, sa_iterations = 1000, initial_temperature = 3.0, cooling_rate = 0.999
26 - INFO - chord#: 54 done. best_score=47.0, changed=516, unchanged=352, early_stops=8/8
26 - INFO - chord#: 55 In build_straw_man_chord_sa. tolerance = 1, sa_iterations = 1000, initial_temperature = 3.0, cooling_rate = 0.999
26 - INFO - chord#: 54 done. best_score=47.0, changed=530, unchanged=442, early_stops=8/8
26 - INFO - chord#: 54 done. best_score=47.0, changed=527, unchanged=482, early_stops=8/8
26 - INFO - chord#: 55 In build_straw_man_chord_sa. tolerance = 1, sa_iterations = 1000, initial_temperature = 3.0, cooling_rate = 0.999
26 - INFO - chord#: 55 In build_straw_man_chord_sa. tolerance = 1, sa_iterations = 1000, initial_temperature = 3.0, cooling_rate = 0.999
26 - INFO - chord#: 54 done. best_score=47.0, changed=514, unchanged=409, early_stops=8/8
26 - INFO - chord#: 55 In build_straw_man_chord_sa. tolerance = 1, sa_iterations = 1000, initial_temperature = 3.0, cooling_rate = 0.999
26 - INFO - chord#: 48 done. best_score=154.0, changed=610, unchanged=290, early_stops=8/8
26 - INFO - chord#: 50 In build_straw_man_chord_sa. tolerance = 1, sa_iterations = 1000, initial_temperature = 3.0, cooling_rate = 0.999
26 - INFO - chord#: 52 done. best_score=27.0, changed=521, unchanged=446, early_stops=8/8
26 - INFO - chord#: 54 In build_straw_man_chord_sa. tolerance = 1, sa_iterations = 1000, initial_temperature = 3.0, cooling_rate = 0.999
26 - INFO - chord#: 48 done. best_score=64.0, changed=610, unchanged=277, early_stops=8/8
26 - INFO - chord#: 50 In build_straw_man_chord_sa. tolerance = 1, sa_iterations = 1000, initial_temperature = 3.0, cooling_rate = 0.999
26 - INFO - chord#: 55 done. best_score=111.0, changed=615, unchanged=375, early_stops=8/8
26 - INFO - chord#: 56 In build_straw_man_chord_sa. tolerance = 1, sa_iterations = 1000, initial_temperature = 3.0, cooling_rate = 0.999
26 - INFO - chord#: 48 done. best_score=154.0, changed=615, unchanged=450, early_stops=8/8
26 - INFO - chord#: 50 In build_straw_man_chord_sa. tolerance = 1, sa_iterations = 1000, initial_temperature = 3.0, cooling_rate = 0.999
26 - INFO - chord#: 50 done. best_score=37.0, changed=513, unchanged=390, early_stops=8/8
26 - INFO - chord#: 52 In build_straw_man_chord_sa. tolerance = 1, sa_iterations = 1000, initial_temperature = 3.0, cooling_rate = 0.999
26 - INFO - chord#: 56 done. best_score=9.0, changed=471, unchanged=362, early_stops=8/8
26 - INFO - chord#: 64 In build_straw_man_chord_sa. tolerance = 1, sa_iterations = 1000, initial_temperature = 3.0, cooling_rate = 0.999
26 - INFO - chord#: 54 done. best_score=47.0, changed=534, unchanged=396, early_stops=8/8
26 - INFO - chord#: 55 In build_straw_man_chord_sa. tolerance = 1, sa_iterations = 1000, initial_temperature = 3.0, cooling_rate = 0.999
26 - INFO - chord#: 48 done. best_score=157.0, changed=613, unchanged=263, early_stops=8/8
26 - INFO - chord#: 50 In build_straw_man_chord_sa. tolerance = 1, sa_iterations = 1000, initial_temperature = 3.0, cooling_rate = 0.999
26 - INFO - chord#: 50 done. best_score=35.0, changed=522, unchanged=355, early_stops=8/8
26 - INFO - chord#: 52 In build_straw_man_chord_sa. tolerance = 1, sa_iterations = 1000, initial_temperature = 3.0, cooling_rate = 0.999
26 - INFO - chord#: 48 done. best_score=64.0, changed=617, unchanged=406, early_stops=8/8
26 - INFO - chord#: 50 In build_straw_man_chord_sa. tolerance = 1, sa_iterations = 1000, initial_temperature = 3.0, cooling_rate = 0.999
26 - INFO - chord#: 55 done. best_score=105.0, changed=614, unchanged=440, early_stops=8/8
26 - INFO - chord#: 56 In build_straw_man_chord_sa. tolerance = 1, sa_iterations = 1000, initial_temperature = 3.0, cooling_rate = 0.999
26 - INFO - chord#: 56 done. best_score=9.0, changed=458, unchanged=390, early_stops=8/8
26 - INFO - chord#: 64 In build_straw_man_chord_sa. tolerance = 1, sa_iterations = 1000, initial_temperature = 3.0, cooling_rate = 0.999
26 - INFO - chord#: 50 done. best_score=37.0, changed=530, unchanged=386, early_stops=8/8
26 - INFO - chord#: 52 In build_straw_man_chord_sa. tolerance = 1, sa_iterations = 1000, initial_temperature = 3.0, cooling_rate = 0.999
26 - INFO - chord#: 64 done. best_score=27.0, changed=515, unchanged=339, early_stops=8/8
26 - INFO - chord#: 72 In build_straw_man_chord_sa. tolerance = 1, sa_iterations = 1000, initial_temperature = 3.0, cooling_rate = 0.999
26 - INFO - chord#: 52 done. best_score=27.0, changed=521, unchanged=528, early_stops=8/8
26 - INFO - chord#: 54 In build_straw_man_chord_sa. tolerance = 1, sa_iterations = 1000, initial_temperature = 3.0, cooling_rate = 0.999
26 - INFO - chord#: 52 done. best_score=27.0, changed=513, unchanged=433, early_stops=8/8
26 - INFO - chord#: 54 In build_straw_man_chord_sa. tolerance = 1, sa_iterations = 1000, initial_temperature = 3.0, cooling_rate = 0.999
26 - INFO - chord#: 55 done. best_score=111.0, changed=611, unchanged=246, early_stops=8/8
26 - INFO - chord#: 56 In build_straw_man_chord_sa. tolerance = 1, sa_iterations = 1000, initial_temperature = 3.0, cooling_rate = 0.999
26 - INFO - chord#: 50 done. best_score=37.0, changed=528, unchanged=395, early_stops=8/8
26 - INFO - chord#: 52 In build_straw_man_chord_sa. tolerance = 1, sa_iterations = 1000, initial_temperature = 3.0, cooling_rate = 0.999
26 - INFO - chord#: 56 done. best_score=9.0, changed=456, unchanged=373, early_stops=8/8
26 - INFO - chord#: 64 In build_straw_man_chord_sa. tolerance = 1, sa_iterations = 1000, initial_temperature = 3.0, cooling_rate = 0.999
26 - INFO - chord#: 50 done. best_score=37.0, changed=533, unchanged=477, early_stops=8/8
26 - INFO - chord#: 52 In build_straw_man_chord_sa. tolerance = 1, sa_iterations = 1000, initial_temperature = 3.0, cooling_rate = 0.999
26 - INFO - chord#: 64 done. best_score=27.0, changed=520, unchanged=456, early_stops=8/8
26 - INFO - chord#: 72 In build_straw_man_chord_sa. tolerance = 1, sa_iterations = 1000, initial_temperature = 3.0, cooling_rate = 0.999
26 - INFO - chord#: 55 done. best_score=113.0, changed=614, unchanged=274, early_stops=8/8
26 - INFO - chord#: 56 In build_straw_man_chord_sa. tolerance = 1, sa_iterations = 1000, initial_temperature = 3.0, cooling_rate = 0.999
26 - INFO - chord#: 55 done. best_score=171.0, changed=608, unchanged=291, early_stops=8/8
26 - INFO - chord#: 56 In build_straw_man_chord_sa. tolerance = 1, sa_iterations = 1000, initial_temperature = 3.0, cooling_rate = 0.999
26 - INFO - chord#: 55 done. best_score=111.0, changed=609, unchanged=290, early_stops=8/8
26 - INFO - chord#: 56 In build_straw_man_chord_sa. tolerance = 1, sa_iterations = 1000, initial_temperature = 3.0, cooling_rate = 0.999
26 - INFO - chord#: 52 done. best_score=27.0, changed=527, unchanged=566, early_stops=8/8
26 - INFO - chord#: 54 In build_straw_man_chord_sa. tolerance = 1, sa_iterations = 1000, initial_temperature = 3.0, cooling_rate = 0.999
26 - INFO - chord#: 56 done. best_score=9.0, changed=467, unchanged=369, early_stops=8/8
26 - INFO - chord#: 64 In build_straw_man_chord_sa. tolerance = 1, sa_iterations = 1000, initial_temperature = 3.0, cooling_rate = 0.999
26 - INFO - chord#: 56 done. best_score=9.0, changed=474, unchanged=347, early_stops=8/8
26 - INFO - chord#: 64 In build_straw_man_chord_sa. tolerance = 1, sa_iterations = 1000, initial_temperature = 3.0, cooling_rate = 0.999
26 - INFO - chord#: 72 done. best_score=27.0, changed=522, unchanged=412, early_stops=8/8
26 - INFO - chord#: 74 In build_straw_man_chord_sa. tolerance = 1, sa_iterations = 1000, initial_temperature = 3.0, cooling_rate = 0.999
26 - INFO - chord#: 56 done. best_score=9.0, changed=471, unchanged=405, early_stops=8/8
26 - INFO - chord#: 64 In build_straw_man_chord_sa. tolerance = 1, sa_iterations = 1000, initial_temperature = 3.0, cooling_rate = 0.999
26 - INFO - chord#: 54 done. best_score=47.0, changed=518, unchanged=333, early_stops=8/8
26 - INFO - chord#: 55 In build_straw_man_chord_sa. tolerance = 1, sa_iterations = 1000, initial_temperature = 3.0, cooling_rate = 0.999
26 - INFO - chord#: 54 done. best_score=47.0, changed=520, unchanged=420, early_stops=8/8
26 - INFO - chord#: 55 In build_straw_man_chord_sa. tolerance = 1, sa_iterations = 1000, initial_temperature = 3.0, cooling_rate = 0.999
26 - INFO - chord#: 55 done. best_score=111.0, changed=613, unchanged=289, early_stops=8/8
26 - INFO - chord#: 56 In build_straw_man_chord_sa. tolerance = 1, sa_iterations = 1000, initial_temperature = 3.0, cooling_rate = 0.999
26 - INFO - chord#: 72 done. best_score=27.0, changed=521, unchanged=329, early_stops=8/8
26 - INFO - chord#: 74 In build_straw_man_chord_sa. tolerance = 1, sa_iterations = 1000, initial_temperature = 3.0, cooling_rate = 0.999
26 - INFO - chord#: 52 done. best_score=27.0, changed=516, unchanged=365, early_stops=8/8
26 - INFO - chord#: 54 In build_straw_man_chord_sa. tolerance = 1, sa_iterations = 1000, initial_temperature = 3.0, cooling_rate = 0.999
26 - INFO - chord#: 56 done. best_score=9.0, changed=463, unchanged=379, early_stops=8/8
26 - INFO - chord#: 64 In build_straw_man_chord_sa. tolerance = 1, sa_iterations = 1000, initial_temperature = 3.0, cooling_rate = 0.999
26 - INFO - chord#: 54 done. best_score=47.0, changed=515, unchanged=338, early_stops=8/8
26 - INFO - chord#: 55 In build_straw_man_chord_sa. tolerance = 1, sa_iterations = 1000, initial_temperature = 3.0, cooling_rate = 0.999
26 - INFO - chord#: 52 done. best_score=27.0, changed=519, unchanged=466, early_stops=8/8
26 - INFO - chord#: 54 In build_straw_man_chord_sa. tolerance = 1, sa_iterations = 1000, initial_temperature = 3.0, cooling_rate = 0.999
26 - INFO - chord#: 74 done. best_score=48.0, changed=530, unchanged=346, early_stops=8/8
26 - INFO - chord#: 76 In build_straw_man_chord_sa. tolerance = 1, sa_iterations = 1000, initial_temperature = 3.0, cooling_rate = 0.999
26 - INFO - chord#: 64 done. best_score=27.0, changed=526, unchanged=588, early_stops=8/8
26 - INFO - chord#: 72 In build_straw_man_chord_sa. tolerance = 1, sa_iterations = 1000, initial_temperature = 3.0, cooling_rate = 0.999
26 - INFO - chord#: 64 done. best_score=27.0, changed=521, unchanged=358, early_stops=8/8
26 - INFO - chord#: 72 In build_straw_man_chord_sa. tolerance = 1, sa_iterations = 1000, initial_temperature = 3.0, cooling_rate = 0.999
26 - INFO - chord#: 64 done. best_score=27.0, changed=517, unchanged=465, early_stops=8/8
26 - INFO - chord#: 72 In build_straw_man_chord_sa. tolerance = 1, sa_iterations = 1000, initial_temperature = 3.0, cooling_rate = 0.999
26 - INFO - chord#: 64 done. best_score=27.0, changed=523, unchanged=450, early_stops=8/8
26 - INFO - chord#: 72 In build_straw_man_chord_sa. tolerance = 1, sa_iterations = 1000, initial_temperature = 3.0, cooling_rate = 0.999
26 - INFO - chord#: 74 done. best_score=48.0, changed=529, unchanged=331, early_stops=8/8
26 - INFO - chord#: 76 In build_straw_man_chord_sa. tolerance = 1, sa_iterations = 1000, initial_temperature = 3.0, cooling_rate = 0.999
26 - INFO - chord#: 64 done. best_score=27.0, changed=523, unchanged=418, early_stops=8/8
26 - INFO - chord#: 72 In build_straw_man_chord_sa. tolerance = 1, sa_iterations = 1000, initial_temperature = 3.0, cooling_rate = 0.999
26 - INFO - chord#: 54 done. best_score=47.0, changed=527, unchanged=465, early_stops=8/8
26 - INFO - chord#: 55 In build_straw_man_chord_sa. tolerance = 1, sa_iterations = 1000, initial_temperature = 3.0, cooling_rate = 0.999
26 - INFO - chord#: 76 done. best_score=27.0, changed=523, unchanged=361, early_stops=8/8
26 - INFO - chord#: 78 In build_straw_man_chord_sa. tolerance = 1, sa_iterations = 1000, initial_temperature = 3.0, cooling_rate = 0.999
26 - INFO - chord#: 54 done. best_score=47.0, changed=524, unchanged=392, early_stops=8/8
26 - INFO - chord#: 55 In build_straw_man_chord_sa. tolerance = 1, sa_iterations = 1000, initial_temperature = 3.0, cooling_rate = 0.999
26 - INFO - chord#: 72 done. best_score=27.0, changed=521, unchanged=350, early_stops=8/8
26 - INFO - chord#: 74 In build_straw_man_chord_sa. tolerance = 1, sa_iterations = 1000, initial_temperature = 3.0, cooling_rate = 0.999
26 - INFO - chord#: 72 done. best_score=27.0, changed=518, unchanged=297, early_stops=8/8
26 - INFO - chord#: 74 In build_straw_man_chord_sa. tolerance = 1, sa_iterations = 1000, initial_temperature = 3.0, cooling_rate = 0.999
26 - INFO - chord#: 55 done. best_score=111.0, changed=605, unchanged=254, early_stops=8/8
26 - INFO - chord#: 56 In build_straw_man_chord_sa. tolerance = 1, sa_iterations = 1000, initial_temperature = 3.0, cooling_rate = 0.999
26 - INFO - chord#: 55 done. best_score=183.0, changed=613, unchanged=325, early_stops=8/8
26 - INFO - chord#: 56 In build_straw_man_chord_sa. tolerance = 1, sa_iterations = 1000, initial_temperature = 3.0, cooling_rate = 0.999
26 - INFO - chord#: 76 done. best_score=27.0, changed=528, unchanged=486, early_stops=8/8
26 - INFO - chord#: 78 In build_straw_man_chord_sa. tolerance = 1, sa_iterations = 1000, initial_temperature = 3.0, cooling_rate = 0.999
26 - INFO - chord#: 72 done. best_score=27.0, changed=523, unchanged=377, early_stops=8/8
26 - INFO - chord#: 74 In build_straw_man_chord_sa. tolerance = 1, sa_iterations = 1000, initial_temperature = 3.0, cooling_rate = 0.999
26 - INFO - chord#: 56 done. best_score=9.0, changed=471, unchanged=395, early_stops=8/8
26 - INFO - chord#: 64 In build_straw_man_chord_sa. tolerance = 1, sa_iterations = 1000, initial_temperature = 3.0, cooling_rate = 0.999
26 - INFO - chord#: 56 done. best_score=9.0, changed=455, unchanged=366, early_stops=8/8
26 - INFO - chord#: 64 In build_straw_man_chord_sa. tolerance = 1, sa_iterations = 1000, initial_temperature = 3.0, cooling_rate = 0.999
26 - INFO - chord#: 72 done. best_score=27.0, changed=528, unchanged=416, early_stops=8/8
26 - INFO - chord#: 74 In build_straw_man_chord_sa. tolerance = 1, sa_iterations = 1000, initial_temperature = 3.0, cooling_rate = 0.999
26 - INFO - chord#: 78 done. best_score=27.0, changed=525, unchanged=404, early_stops=8/8
26 - INFO - chord#: 80 In build_straw_man_chord_sa. tolerance = 1, sa_iterations = 1000, initial_temperature = 3.0, cooling_rate = 0.999
26 - INFO - chord#: 72 done. best_score=27.0, changed=519, unchanged=487, early_stops=8/8
26 - INFO - chord#: 74 In build_straw_man_chord_sa. tolerance = 1, sa_iterations = 1000, initial_temperature = 3.0, cooling_rate = 0.999
26 - INFO - chord#: 74 done. best_score=48.0, changed=524, unchanged=350, early_stops=8/8
26 - INFO - chord#: 76 In build_straw_man_chord_sa. tolerance = 1, sa_iterations = 1000, initial_temperature = 3.0, cooling_rate = 0.999
26 - INFO - chord#: 78 done. best_score=27.0, changed=522, unchanged=387, early_stops=8/8
26 - INFO - chord#: 80 In build_straw_man_chord_sa. tolerance = 1, sa_iterations = 1000, initial_temperature = 3.0, cooling_rate = 0.999
26 - INFO - chord#: 55 done. best_score=121.0, changed=609, unchanged=358, early_stops=8/8
26 - INFO - chord#: 56 In build_straw_man_chord_sa. tolerance = 1, sa_iterations = 1000, initial_temperature = 3.0, cooling_rate = 0.999
26 - INFO - chord#: 74 done. best_score=48.0, changed=519, unchanged=313, early_stops=8/8
26 - INFO - chord#: 76 In build_straw_man_chord_sa. tolerance = 1, sa_iterations = 1000, initial_temperature = 3.0, cooling_rate = 0.999
26 - INFO - chord#: 64 done. best_score=27.0, changed=520, unchanged=473, early_stops=8/8
26 - INFO - chord#: 72 In build_straw_man_chord_sa. tolerance = 1, sa_iterations = 1000, initial_temperature = 3.0, cooling_rate = 0.999
26 - INFO - chord#: 56 done. best_score=9.0, changed=474, unchanged=358, early_stops=8/8
26 - INFO - chord#: 64 In build_straw_man_chord_sa. tolerance = 1, sa_iterations = 1000, initial_temperature = 3.0, cooling_rate = 0.999
26 - INFO - chord#: 64 done. best_score=27.0, changed=527, unchanged=516, early_stops=8/8
26 - INFO - chord#: 72 In build_straw_man_chord_sa. tolerance = 1, sa_iterations = 1000, initial_temperature = 3.0, cooling_rate = 0.999
26 - INFO - chord#: 74 done. best_score=48.0, changed=527, unchanged=327, early_stops=8/8
26 - INFO - chord#: 76 In build_straw_man_chord_sa. tolerance = 1, sa_iterations = 1000, initial_temperature = 3.0, cooling_rate = 0.999
26 - INFO - chord#: 74 done. best_score=48.0, changed=526, unchanged=338, early_stops=8/8
26 - INFO - chord#: 76 In build_straw_man_chord_sa. tolerance = 1, sa_iterations = 1000, initial_temperature = 3.0, cooling_rate = 0.999
26 - INFO - chord#: 74 done. best_score=48.0, changed=528, unchanged=383, early_stops=8/8
26 - INFO - chord#: 76 In build_straw_man_chord_sa. tolerance = 1, sa_iterations = 1000, initial_temperature = 3.0, cooling_rate = 0.999
26 - INFO - chord#: 64 done. best_score=27.0, changed=518, unchanged=404, early_stops=8/8
26 - INFO - chord#: 72 In build_straw_man_chord_sa. tolerance = 1, sa_iterations = 1000, initial_temperature = 3.0, cooling_rate = 0.999
26 - INFO - chord#: 72 done. best_score=27.0, changed=522, unchanged=415, early_stops=8/8
26 - INFO - chord#: 74 In build_straw_man_chord_sa. tolerance = 1, sa_iterations = 1000, initial_temperature = 3.0, cooling_rate = 0.999
26 - INFO - chord#: 76 done. best_score=27.0, changed=526, unchanged=464, early_stops=8/8
26 - INFO - chord#: 78 In build_straw_man_chord_sa. tolerance = 1, sa_iterations = 1000, initial_temperature = 3.0, cooling_rate = 0.999
26 - INFO - chord#: 72 done. best_score=27.0, changed=514, unchanged=417, early_stops=8/8
26 - INFO - chord#: 74 In build_straw_man_chord_sa. tolerance = 1, sa_iterations = 1000, initial_temperature = 3.0, cooling_rate = 0.999
26 - INFO - chord#: 76 done. best_score=27.0, changed=518, unchanged=403, early_stops=8/8
26 - INFO - chord#: 78 In build_straw_man_chord_sa. tolerance = 1, sa_iterations = 1000, initial_temperature = 3.0, cooling_rate = 0.999
26 - INFO - chord#: 80 done. best_score=154.0, changed=612, unchanged=236, early_stops=8/8
26 - INFO - chord#: 84 In build_straw_man_chord_sa. tolerance = 1, sa_iterations = 1000, initial_temperature = 3.0, cooling_rate = 0.999
26 - INFO - chord#: 55 done. best_score=121.0, changed=612, unchanged=295, early_stops=8/8
26 - INFO - chord#: 56 In build_straw_man_chord_sa. tolerance = 1, sa_iterations = 1000, initial_temperature = 3.0, cooling_rate = 0.999
26 - INFO - chord#: 76 done. best_score=27.0, changed=526, unchanged=569, early_stops=8/8
26 - INFO - chord#: 78 In build_straw_man_chord_sa. tolerance = 1, sa_iterations = 1000, initial_temperature = 3.0, cooling_rate = 0.999
26 - INFO - chord#: 76 done. best_score=27.0, changed=520, unchanged=416, early_stops=8/8
26 - INFO - chord#: 78 In build_straw_man_chord_sa. tolerance = 1, sa_iterations = 1000, initial_temperature = 3.0, cooling_rate = 0.999
26 - INFO - chord#: 80 done. best_score=104.0, changed=605, unchanged=218, early_stops=8/8
26 - INFO - chord#: 84 In build_straw_man_chord_sa. tolerance = 1, sa_iterations = 1000, initial_temperature = 3.0, cooling_rate = 0.999
26 - INFO - chord#: 56 done. best_score=9.0, changed=463, unchanged=375, early_stops=8/8
26 - INFO - chord#: 64 In build_straw_man_chord_sa. tolerance = 1, sa_iterations = 1000, initial_temperature = 3.0, cooling_rate = 0.999
26 - INFO - chord#: 55 done. best_score=111.0, changed=610, unchanged=357, early_stops=8/8
26 - INFO - chord#: 56 In build_straw_man_chord_sa. tolerance = 1, sa_iterations = 1000, initial_temperature = 3.0, cooling_rate = 0.999
26 - INFO - chord#: 74 done. best_score=48.0, changed=534, unchanged=341, early_stops=8/8
26 - INFO - chord#: 76 In build_straw_man_chord_sa. tolerance = 1, sa_iterations = 1000, initial_temperature = 3.0, cooling_rate = 0.999
26 - INFO - chord#: 56 done. best_score=9.0, changed=459, unchanged=374, early_stops=8/8
26 - INFO - chord#: 64 In build_straw_man_chord_sa. tolerance = 1, sa_iterations = 1000, initial_temperature = 3.0, cooling_rate = 0.999
26 - INFO - chord#: 72 done. best_score=27.0, changed=525, unchanged=505, early_stops=8/8
26 - INFO - chord#: 74 In build_straw_man_chord_sa. tolerance = 1, sa_iterations = 1000, initial_temperature = 3.0, cooling_rate = 0.999
26 - INFO - chord#: 74 done. best_score=48.0, changed=540, unchanged=373, early_stops=8/8
26 - INFO - chord#: 76 In build_straw_man_chord_sa. tolerance = 1, sa_iterations = 1000, initial_temperature = 3.0, cooling_rate = 0.999
26 - INFO - chord#: 76 done. best_score=27.0, changed=519, unchanged=456, early_stops=8/8
26 - INFO - chord#: 78 In build_straw_man_chord_sa. tolerance = 1, sa_iterations = 1000, initial_temperature = 3.0, cooling_rate = 0.999
26 - INFO - chord#: 78 done. best_score=27.0, changed=526, unchanged=416, early_stops=8/8
26 - INFO - chord#: 80 In build_straw_man_chord_sa. tolerance = 1, sa_iterations = 1000, initial_temperature = 3.0, cooling_rate = 0.999
26 - INFO - chord#: 78 done. best_score=27.0, changed=518, unchanged=428, early_stops=8/8
26 - INFO - chord#: 80 In build_straw_man_chord_sa. tolerance = 1, sa_iterations = 1000, initial_temperature = 3.0, cooling_rate = 0.999
26 - INFO - chord#: 84 done. best_score=54.0, changed=546, unchanged=292, early_stops=8/8
26 - INFO - chord#: 86 In build_straw_man_chord_sa. tolerance = 1, sa_iterations = 1000, initial_temperature = 3.0, cooling_rate = 0.999
26 - INFO - chord#: 84 done. best_score=31.0, changed=523, unchanged=551, early_stops=8/8
26 - INFO - chord#: 86 In build_straw_man_chord_sa. tolerance = 1, sa_iterations = 1000, initial_temperature = 3.0, cooling_rate = 0.999
26 - INFO - chord#: 78 done. best_score=27.0, changed=518, unchanged=361, early_stops=8/8
26 - INFO - chord#: 80 In build_straw_man_chord_sa. tolerance = 1, sa_iterations = 1000, initial_temperature = 3.0, cooling_rate = 0.999
26 - INFO - chord#: 78 done. best_score=27.0, changed=528, unchanged=429, early_stops=8/8
26 - INFO - chord#: 80 In build_straw_man_chord_sa. tolerance = 1, sa_iterations = 1000, initial_temperature = 3.0, cooling_rate = 0.999
26 - INFO - chord#: 74 done. best_score=48.0, changed=532, unchanged=295, early_stops=8/8
26 - INFO - chord#: 76 In build_straw_man_chord_sa. tolerance = 1, sa_iterations = 1000, initial_temperature = 3.0, cooling_rate = 0.999
26 - INFO - chord#: 76 done. best_score=27.0, changed=518, unchanged=436, early_stops=8/8
26 - INFO - chord#: 78 In build_straw_man_chord_sa. tolerance = 1, sa_iterations = 1000, initial_temperature = 3.0, cooling_rate = 0.999
26 - INFO - chord#: 64 done. best_score=27.0, changed=519, unchanged=434, early_stops=8/8
26 - INFO - chord#: 72 In build_straw_man_chord_sa. tolerance = 1, sa_iterations = 1000, initial_temperature = 3.0, cooling_rate = 0.999
26 - INFO - chord#: 76 done. best_score=27.0, changed=517, unchanged=412, early_stops=8/8
26 - INFO - chord#: 78 In build_straw_man_chord_sa. tolerance = 1, sa_iterations = 1000, initial_temperature = 3.0, cooling_rate = 0.999
26 - INFO - chord#: 64 done. best_score=27.0, changed=516, unchanged=419, early_stops=8/8
26 - INFO - chord#: 72 In build_straw_man_chord_sa. tolerance = 1, sa_iterations = 1000, initial_temperature = 3.0, cooling_rate = 0.999
26 - INFO - chord#: 78 done. best_score=27.0, changed=529, unchanged=502, early_stops=8/8
26 - INFO - chord#: 80 In build_straw_man_chord_sa. tolerance = 1, sa_iterations = 1000, initial_temperature = 3.0, cooling_rate = 0.999
26 - INFO - chord#: 78 done. best_score=27.0, changed=510, unchanged=394, early_stops=8/8
26 - INFO - chord#: 80 In build_straw_man_chord_sa. tolerance = 1, sa_iterations = 1000, initial_temperature = 3.0, cooling_rate = 0.999
26 - INFO - chord#: 76 done. best_score=27.0, changed=512, unchanged=330, early_stops=8/8
26 - INFO - chord#: 78 In build_straw_man_chord_sa. tolerance = 1, sa_iterations = 1000, initial_temperature = 3.0, cooling_rate = 0.999
26 - INFO - chord#: 78 done. best_score=27.0, changed=524, unchanged=396, early_stops=8/8
26 - INFO - chord#: 80 In build_straw_man_chord_sa. tolerance = 1, sa_iterations = 1000, initial_temperature = 3.0, cooling_rate = 0.999
26 - INFO - chord#: 80 done. best_score=71.0, changed=616, unchanged=238, early_stops=8/8
26 - INFO - chord#: 84 In build_straw_man_chord_sa. tolerance = 1, sa_iterations = 1000, initial_temperature = 3.0, cooling_rate = 0.999
26 - INFO - chord#: 72 done. best_score=27.0, changed=517, unchanged=406, early_stops=8/8
26 - INFO - chord#: 74 In build_straw_man_chord_sa. tolerance = 1, sa_iterations = 1000, initial_temperature = 3.0, cooling_rate = 0.999
26 - INFO - chord#: 86 done. best_score=78.0, changed=615, unchanged=318, early_stops=8/8
26 - INFO - chord#: 88 In build_straw_man_chord_sa. tolerance = 1, sa_iterations = 1000, initial_temperature = 3.0, cooling_rate = 0.999
26 - INFO - chord#: 72 done. best_score=27.0, changed=514, unchanged=387, early_stops=8/8
26 - INFO - chord#: 74 In build_straw_man_chord_sa. tolerance = 1, sa_iterations = 1000, initial_temperature = 3.0, cooling_rate = 0.999
26 - INFO - chord#: 88 done. best_score=9.0, changed=460, unchanged=390, early_stops=8/8
26 - INFO - chord#: 96 In build_straw_man_chord_sa. tolerance = 1, sa_iterations = 1000, initial_temperature = 3.0, cooling_rate = 0.999
26 - INFO - chord#: 86 done. best_score=67.0, changed=612, unchanged=306, early_stops=8/8
26 - INFO - chord#: 88 In build_straw_man_chord_sa. tolerance = 1, sa_iterations = 1000, initial_temperature = 3.0, cooling_rate = 0.999
26 - INFO - chord#: 78 done. best_score=27.0, changed=523, unchanged=478, early_stops=8/8
26 - INFO - chord#: 80 In build_straw_man_chord_sa. tolerance = 1, sa_iterations = 1000, initial_temperature = 3.0, cooling_rate = 0.999
26 - INFO - chord#: 80 done. best_score=64.0, changed=614, unchanged=270, early_stops=8/8
26 - INFO - chord#: 84 In build_straw_man_chord_sa. tolerance = 1, sa_iterations = 1000, initial_temperature = 3.0, cooling_rate = 0.999
26 - INFO - chord#: 80 done. best_score=64.0, changed=612, unchanged=228, early_stops=8/8
26 - INFO - chord#: 84 In build_straw_man_chord_sa. tolerance = 1, sa_iterations = 1000, initial_temperature = 3.0, cooling_rate = 0.999
26 - INFO - chord#: 88 done. best_score=9.0, changed=458, unchanged=404, early_stops=8/8
26 - INFO - chord#: 96 In build_straw_man_chord_sa. tolerance = 1, sa_iterations = 1000, initial_temperature = 3.0, cooling_rate = 0.999
26 - INFO - chord#: 84 done. best_score=31.0, changed=533, unchanged=421, early_stops=8/8
26 - INFO - chord#: 86 In build_straw_man_chord_sa. tolerance = 1, sa_iterations = 1000, initial_temperature = 3.0, cooling_rate = 0.999
26 - INFO - chord#: 74 done. best_score=48.0, changed=518, unchanged=308, early_stops=8/8
26 - INFO - chord#: 76 In build_straw_man_chord_sa. tolerance = 1, sa_iterations = 1000, initial_temperature = 3.0, cooling_rate = 0.999
26 - INFO - chord#: 96 done. best_score=27.0, changed=516, unchanged=416, early_stops=8/8
26 - INFO - chord#: 98 In build_straw_man_chord_sa. tolerance = 1, sa_iterations = 1000, initial_temperature = 3.0, cooling_rate = 0.999
26 - INFO - chord#: 80 done. best_score=64.0, changed=613, unchanged=375, early_stops=8/8
26 - INFO - chord#: 84 In build_straw_man_chord_sa. tolerance = 1, sa_iterations = 1000, initial_temperature = 3.0, cooling_rate = 0.999
26 - INFO - chord#: 74 done. best_score=48.0, changed=533, unchanged=376, early_stops=8/8
26 - INFO - chord#: 76 In build_straw_man_chord_sa. tolerance = 1, sa_iterations = 1000, initial_temperature = 3.0, cooling_rate = 0.999
26 - INFO - chord#: 96 done. best_score=27.0, changed=517, unchanged=411, early_stops=8/8
26 - INFO - chord#: 98 In build_straw_man_chord_sa. tolerance = 1, sa_iterations = 1000, initial_temperature = 3.0, cooling_rate = 0.999
26 - INFO - chord#: 80 done. best_score=71.0, changed=611, unchanged=272, early_stops=8/8
26 - INFO - chord#: 84 In build_straw_man_chord_sa. tolerance = 1, sa_iterations = 1000, initial_temperature = 3.0, cooling_rate = 0.999
26 - INFO - chord#: 84 done. best_score=31.0, changed=522, unchanged=373, early_stops=8/8
26 - INFO - chord#: 86 In build_straw_man_chord_sa. tolerance = 1, sa_iterations = 1000, initial_temperature = 3.0, cooling_rate = 0.999
26 - INFO - chord#: 84 done. best_score=31.0, changed=524, unchanged=337, early_stops=8/8
26 - INFO - chord#: 86 In build_straw_man_chord_sa. tolerance = 1, sa_iterations = 1000, initial_temperature = 3.0, cooling_rate = 0.999
26 - INFO - chord#: 80 done. best_score=71.0, changed=610, unchanged=374, early_stops=8/8
26 - INFO - chord#: 84 In build_straw_man_chord_sa. tolerance = 1, sa_iterations = 1000, initial_temperature = 3.0, cooling_rate = 0.999
26 - INFO - chord#: 76 done. best_score=27.0, changed=520, unchanged=477, early_stops=8/8
26 - INFO - chord#: 78 In build_straw_man_chord_sa. tolerance = 1, sa_iterations = 1000, initial_temperature = 3.0, cooling_rate = 0.999
26 - INFO - chord#: 80 done. best_score=64.0, changed=613, unchanged=522, early_stops=8/8
26 - INFO - chord#: 84 In build_straw_man_chord_sa. tolerance = 1, sa_iterations = 1000, initial_temperature = 3.0, cooling_rate = 0.999
26 - INFO - chord#: 84 done. best_score=31.0, changed=532, unchanged=309, early_stops=8/8
26 - INFO - chord#: 86 In build_straw_man_chord_sa. tolerance = 1, sa_iterations = 1000, initial_temperature = 3.0, cooling_rate = 0.999
26 - INFO - chord#: 84 done. best_score=31.0, changed=514, unchanged=346, early_stops=8/8
26 - INFO - chord#: 86 In build_straw_man_chord_sa. tolerance = 1, sa_iterations = 1000, initial_temperature = 3.0, cooling_rate = 0.999
26 - INFO - chord#: 76 done. best_score=27.0, changed=516, unchanged=402, early_stops=8/8
26 - INFO - chord#: 78 In build_straw_man_chord_sa. tolerance = 1, sa_iterations = 1000, initial_temperature = 3.0, cooling_rate = 0.999
26 - INFO - chord#: 84 done. best_score=31.0, changed=522, unchanged=404, early_stops=8/8
26 - INFO - chord#: 86 In build_straw_man_chord_sa. tolerance = 1, sa_iterations = 1000, initial_temperature = 3.0, cooling_rate = 0.999
26 - INFO - chord#: 80 done. best_score=64.0, changed=611, unchanged=369, early_stops=8/8
26 - INFO - chord#: 84 In build_straw_man_chord_sa. tolerance = 1, sa_iterations = 1000, initial_temperature = 3.0, cooling_rate = 0.999
26 - INFO - chord#: 86 done. best_score=67.0, changed=612, unchanged=394, early_stops=8/8
26 - INFO - chord#: 88 In build_straw_man_chord_sa. tolerance = 1, sa_iterations = 1000, initial_temperature = 3.0, cooling_rate = 0.999
26 - INFO - chord#: 88 done. best_score=9.0, changed=460, unchanged=420, early_stops=8/8
26 - INFO - chord#: 96 In build_straw_man_chord_sa. tolerance = 1, sa_iterations = 1000, initial_temperature = 3.0, cooling_rate = 0.999
26 - INFO - chord#: 78 done. best_score=27.0, changed=528, unchanged=357, early_stops=8/8
26 - INFO - chord#: 80 In build_straw_man_chord_sa. tolerance = 1, sa_iterations = 1000, initial_temperature = 3.0, cooling_rate = 0.999
26 - INFO - chord#: 98 done. best_score=82.0, changed=612, unchanged=316, early_stops=8/8
26 - INFO - chord#: 100 In build_straw_man_chord_sa. tolerance = 1, sa_iterations = 1000, initial_temperature = 3.0, cooling_rate = 0.999
26 - INFO - chord#: 84 done. best_score=31.0, changed=541, unchanged=501, early_stops=8/8
26 - INFO - chord#: 86 In build_straw_man_chord_sa. tolerance = 1, sa_iterations = 1000, initial_temperature = 3.0, cooling_rate = 0.999
26 - INFO - chord#: 98 done. best_score=158.0, changed=608, unchanged=250, early_stops=8/8
26 - INFO - chord#: 100 In build_straw_man_chord_sa. tolerance = 1, sa_iterations = 1000, initial_temperature = 3.0, cooling_rate = 0.999
26 - INFO - chord#: 84 done. best_score=31.0, changed=529, unchanged=366, early_stops=8/8
26 - INFO - chord#: 86 In build_straw_man_chord_sa. tolerance = 1, sa_iterations = 1000, initial_temperature = 3.0, cooling_rate = 0.999
26 - INFO - chord#: 78 done. best_score=27.0, changed=522, unchanged=386, early_stops=8/8
26 - INFO - chord#: 80 In build_straw_man_chord_sa. tolerance = 1, sa_iterations = 1000, initial_temperature = 3.0, cooling_rate = 0.999
26 - INFO - chord#: 86 done. best_score=67.0, changed=606, unchanged=225, early_stops=8/8
26 - INFO - chord#: 88 In build_straw_man_chord_sa. tolerance = 1, sa_iterations = 1000, initial_temperature = 3.0, cooling_rate = 0.999
26 - INFO - chord#: 96 done. best_score=27.0, changed=521, unchanged=402, early_stops=8/8
26 - INFO - chord#: 98 In build_straw_man_chord_sa. tolerance = 1, sa_iterations = 1000, initial_temperature = 3.0, cooling_rate = 0.999
26 - INFO - chord#: 88 done. best_score=9.0, changed=459, unchanged=375, early_stops=8/8
26 - INFO - chord#: 96 In build_straw_man_chord_sa. tolerance = 1, sa_iterations = 1000, initial_temperature = 3.0, cooling_rate = 0.999
26 - INFO - chord#: 100 done. best_score=27.0, changed=524, unchanged=307, early_stops=8/8
26 - INFO - chord#: 102 In build_straw_man_chord_sa. tolerance = 1, sa_iterations = 1000, initial_temperature = 3.0, cooling_rate = 0.999
26 - INFO - chord#: 100 done. best_score=27.0, changed=522, unchanged=357, early_stops=8/8
26 - INFO - chord#: 102 In build_straw_man_chord_sa. tolerance = 1, sa_iterations = 1000, initial_temperature = 3.0, cooling_rate = 0.999
26 - INFO - chord#: 86 done. best_score=67.0, changed=607, unchanged=282, early_stops=8/8
26 - INFO - chord#: 88 In build_straw_man_chord_sa. tolerance = 1, sa_iterations = 1000, initial_temperature = 3.0, cooling_rate = 0.999
26 - INFO - chord#: 88 done. best_score=9.0, changed=446, unchanged=361, early_stops=8/8
26 - INFO - chord#: 96 In build_straw_man_chord_sa. tolerance = 1, sa_iterations = 1000, initial_temperature = 3.0, cooling_rate = 0.999
26 - INFO - chord#: 86 done. best_score=67.0, changed=616, unchanged=354, early_stops=8/8
26 - INFO - chord#: 88 In build_straw_man_chord_sa. tolerance = 1, sa_iterations = 1000, initial_temperature = 3.0, cooling_rate = 0.999
26 - INFO - chord#: 86 done. best_score=67.0, changed=606, unchanged=229, early_stops=8/8
26 - INFO - chord#: 88 In build_straw_man_chord_sa. tolerance = 1, sa_iterations = 1000, initial_temperature = 3.0, cooling_rate = 0.999
26 - INFO - chord#: 88 done. best_score=9.0, changed=451, unchanged=376, early_stops=8/8
26 - INFO - chord#: 96 In build_straw_man_chord_sa. tolerance = 1, sa_iterations = 1000, initial_temperature = 3.0, cooling_rate = 0.999
26 - INFO - chord#: 86 done. best_score=67.0, changed=610, unchanged=238, early_stops=8/8
26 - INFO - chord#: 88 In build_straw_man_chord_sa. tolerance = 1, sa_iterations = 1000, initial_temperature = 3.0, cooling_rate = 0.999
26 - INFO - chord#: 88 done. best_score=9.0, changed=456, unchanged=380, early_stops=8/8
26 - INFO - chord#: 96 In build_straw_man_chord_sa. tolerance = 1, sa_iterations = 1000, initial_temperature = 3.0, cooling_rate = 0.999
26 - INFO - chord#: 96 done. best_score=27.0, changed=513, unchanged=356, early_stops=8/8
26 - INFO - chord#: 98 In build_straw_man_chord_sa. tolerance = 1, sa_iterations = 1000, initial_temperature = 3.0, cooling_rate = 0.999
26 - INFO - chord#: 88 done. best_score=9.0, changed=458, unchanged=360, early_stops=8/8
26 - INFO - chord#: 96 In build_straw_man_chord_sa. tolerance = 1, sa_iterations = 1000, initial_temperature = 3.0, cooling_rate = 0.999
26 - INFO - chord#: 86 done. best_score=67.0, changed=606, unchanged=245, early_stops=8/8
26 - INFO - chord#: 88 In build_straw_man_chord_sa. tolerance = 1, sa_iterations = 1000, initial_temperature = 3.0, cooling_rate = 0.999
26 - INFO - chord#: 86 done. best_score=67.0, changed=608, unchanged=277, early_stops=8/8
26 - INFO - chord#: 88 In build_straw_man_chord_sa. tolerance = 1, sa_iterations = 1000, initial_temperature = 3.0, cooling_rate = 0.999
26 - INFO - chord#: 88 done. best_score=9.0, changed=472, unchanged=388, early_stops=8/8
26 - INFO - chord#: 96 In build_straw_man_chord_sa. tolerance = 1, sa_iterations = 1000, initial_temperature = 3.0, cooling_rate = 0.999
26 - INFO - chord#: 88 done. best_score=9.0, changed=464, unchanged=395, early_stops=8/8
26 - INFO - chord#: 96 In build_straw_man_chord_sa. tolerance = 1, sa_iterations = 1000, initial_temperature = 3.0, cooling_rate = 0.999
26 - INFO - chord#: 96 done. best_score=27.0, changed=528, unchanged=456, early_stops=8/8
26 - INFO - chord#: 98 In build_straw_man_chord_sa. tolerance = 1, sa_iterations = 1000, initial_temperature = 3.0, cooling_rate = 0.999
26 - INFO - chord#: 80 done. best_score=145.0, changed=610, unchanged=304, early_stops=8/8
26 - INFO - chord#: 84 In build_straw_man_chord_sa. tolerance = 1, sa_iterations = 1000, initial_temperature = 3.0, cooling_rate = 0.999
26 - INFO - chord#: 96 done. best_score=27.0, changed=512, unchanged=377, early_stops=8/8
26 - INFO - chord#: 98 In build_straw_man_chord_sa. tolerance = 1, sa_iterations = 1000, initial_temperature = 3.0, cooling_rate = 0.999
26 - INFO - chord#: 102 done. best_score=177.0, changed=607, unchanged=212, early_stops=8/8
26 - INFO - chord#: 104 In build_straw_man_chord_sa. tolerance = 1, sa_iterations = 1000, initial_temperature = 3.0, cooling_rate = 0.999
26 - INFO - chord#: 80 done. best_score=64.0, changed=608, unchanged=267, early_stops=8/8
26 - INFO - chord#: 84 In build_straw_man_chord_sa. tolerance = 1, sa_iterations = 1000, initial_temperature = 3.0, cooling_rate = 0.999
26 - INFO - chord#: 102 done. best_score=166.0, changed=616, unchanged=286, early_stops=8/8
26 - INFO - chord#: 104 In build_straw_man_chord_sa. tolerance = 1, sa_iterations = 1000, initial_temperature = 3.0, cooling_rate = 0.999
26 - INFO - chord#: 98 done. best_score=82.0, changed=616, unchanged=367, early_stops=8/8
26 - INFO - chord#: 100 In build_straw_man_chord_sa. tolerance = 1, sa_iterations = 1000, initial_temperature = 3.0, cooling_rate = 0.999
26 - INFO - chord#: 96 done. best_score=27.0, changed=520, unchanged=320, early_stops=8/8
26 - INFO - chord#: 98 In build_straw_man_chord_sa. tolerance = 1, sa_iterations = 1000, initial_temperature = 3.0, cooling_rate = 0.999
26 - INFO - chord#: 96 done. best_score=27.0, changed=525, unchanged=570, early_stops=8/8
26 - INFO - chord#: 98 In build_straw_man_chord_sa. tolerance = 1, sa_iterations = 1000, initial_temperature = 3.0, cooling_rate = 0.999
26 - INFO - chord#: 96 done. best_score=27.0, changed=526, unchanged=463, early_stops=8/8
26 - INFO - chord#: 98 In build_straw_man_chord_sa. tolerance = 1, sa_iterations = 1000, initial_temperature = 3.0, cooling_rate = 0.999
26 - INFO - chord#: 96 done. best_score=27.0, changed=520, unchanged=403, early_stops=8/8
26 - INFO - chord#: 98 In build_straw_man_chord_sa. tolerance = 1, sa_iterations = 1000, initial_temperature = 3.0, cooling_rate = 0.999
26 - INFO - chord#: 104 done. best_score=27.0, changed=516, unchanged=411, early_stops=8/8
26 - INFO - chord#: 106 In build_straw_man_chord_sa. tolerance = 1, sa_iterations = 1000, initial_temperature = 3.0, cooling_rate = 0.999
26 - INFO - chord#: 84 done. best_score=31.0, changed=527, unchanged=413, early_stops=8/8
26 - INFO - chord#: 86 In build_straw_man_chord_sa. tolerance = 1, sa_iterations = 1000, initial_temperature = 3.0, cooling_rate = 0.999
26 - INFO - chord#: 104 done. best_score=27.0, changed=522, unchanged=474, early_stops=8/8
26 - INFO - chord#: 106 In build_straw_man_chord_sa. tolerance = 1, sa_iterations = 1000, initial_temperature = 3.0, cooling_rate = 0.999
26 - INFO - chord#: 100 done. best_score=27.0, changed=538, unchanged=452, early_stops=8/8
26 - INFO - chord#: 102 In build_straw_man_chord_sa. tolerance = 1, sa_iterations = 1000, initial_temperature = 3.0, cooling_rate = 0.999
26 - INFO - chord#: 84 done. best_score=31.0, changed=523, unchanged=414, early_stops=8/8
26 - INFO - chord#: 86 In build_straw_man_chord_sa. tolerance = 1, sa_iterations = 1000, initial_temperature = 3.0, cooling_rate = 0.999
26 - INFO - chord#: 98 done. best_score=82.0, changed=613, unchanged=267, early_stops=8/8
26 - INFO - chord#: 100 In build_straw_man_chord_sa. tolerance = 1, sa_iterations = 1000, initial_temperature = 3.0, cooling_rate = 0.999
26 - INFO - chord#: 98 done. best_score=108.0, changed=611, unchanged=336, early_stops=8/8
26 - INFO - chord#: 100 In build_straw_man_chord_sa. tolerance = 1, sa_iterations = 1000, initial_temperature = 3.0, cooling_rate = 0.999
26 - INFO - chord#: 98 done. best_score=82.0, changed=608, unchanged=265, early_stops=8/8
26 - INFO - chord#: 100 In build_straw_man_chord_sa. tolerance = 1, sa_iterations = 1000, initial_temperature = 3.0, cooling_rate = 0.999
26 - INFO - chord#: 98 done. best_score=97.0, changed=612, unchanged=288, early_stops=8/8
26 - INFO - chord#: 100 In build_straw_man_chord_sa. tolerance = 1, sa_iterations = 1000, initial_temperature = 3.0, cooling_rate = 0.999
26 - INFO - chord#: 98 done. best_score=162.0, changed=610, unchanged=251, early_stops=8/8
26 - INFO - chord#: 100 In build_straw_man_chord_sa. tolerance = 1, sa_iterations = 1000, initial_temperature = 3.0, cooling_rate = 0.999
26 - INFO - chord#: 100 done. best_score=27.0, changed=526, unchanged=378, early_stops=8/8
26 - INFO - chord#: 102 In build_straw_man_chord_sa. tolerance = 1, sa_iterations = 1000, initial_temperature = 3.0, cooling_rate = 0.999
26 - INFO - chord#: 100 done. best_score=27.0, changed=535, unchanged=343, early_stops=8/8
26 - INFO - chord#: 102 In build_straw_man_chord_sa. tolerance = 1, sa_iterations = 1000, initial_temperature = 3.0, cooling_rate = 0.999
26 - INFO - chord#: 106 done. best_score=82.0, changed=607, unchanged=333, early_stops=8/8
26 - INFO - chord#: 108 In build_straw_man_chord_sa. tolerance = 1, sa_iterations = 1000, initial_temperature = 3.0, cooling_rate = 0.999
26 - INFO - chord#: 98 done. best_score=82.0, changed=615, unchanged=420, early_stops=8/8
26 - INFO - chord#: 100 In build_straw_man_chord_sa. tolerance = 1, sa_iterations = 1000, initial_temperature = 3.0, cooling_rate = 0.999
26 - INFO - chord#: 100 done. best_score=27.0, changed=526, unchanged=477, early_stops=8/8
26 - INFO - chord#: 102 In build_straw_man_chord_sa. tolerance = 1, sa_iterations = 1000, initial_temperature = 3.0, cooling_rate = 0.999
26 - INFO - chord#: 102 done. best_score=67.0, changed=613, unchanged=354, early_stops=8/8
26 - INFO - chord#: 104 In build_straw_man_chord_sa. tolerance = 1, sa_iterations = 1000, initial_temperature = 3.0, cooling_rate = 0.999
26 - INFO - chord#: 100 done. best_score=27.0, changed=523, unchanged=328, early_stops=8/8
26 - INFO - chord#: 100 done. best_score=27.0, changed=526, unchanged=441, early_stops=8/8
26 - INFO - chord#: 102 In build_straw_man_chord_sa. tolerance = 1, sa_iterations = 1000, initial_temperature = 3.0, cooling_rate = 0.999
26 - INFO - chord#: 102 In build_straw_man_chord_sa. tolerance = 1, sa_iterations = 1000, initial_temperature = 3.0, cooling_rate = 0.999
26 - INFO - chord#: 98 done. best_score=82.0, changed=615, unchanged=382, early_stops=8/8
26 - INFO - chord#: 100 In build_straw_man_chord_sa. tolerance = 1, sa_iterations = 1000, initial_temperature = 3.0, cooling_rate = 0.999
26 - INFO - chord#: 106 done. best_score=146.0, changed=611, unchanged=280, early_stops=8/8
26 - INFO - chord#: 108 In build_straw_man_chord_sa. tolerance = 1, sa_iterations = 1000, initial_temperature = 3.0, cooling_rate = 0.999
26 - INFO - chord#: 86 done. best_score=67.0, changed=611, unchanged=251, early_stops=8/8
26 - INFO - chord#: 88 In build_straw_man_chord_sa. tolerance = 1, sa_iterations = 1000, initial_temperature = 3.0, cooling_rate = 0.999
26 - INFO - chord#: 108 done. best_score=27.0, changed=529, unchanged=350, early_stops=8/8
26 - INFO - chord#: 110 In build_straw_man_chord_sa. tolerance = 1, sa_iterations = 1000, initial_temperature = 3.0, cooling_rate = 0.999
26 - INFO - chord#: 86 done. best_score=67.0, changed=611, unchanged=354, early_stops=8/8
26 - INFO - chord#: 88 In build_straw_man_chord_sa. tolerance = 1, sa_iterations = 1000, initial_temperature = 3.0, cooling_rate = 0.999
26 - INFO - chord#: 88 done. best_score=9.0, changed=473, unchanged=358, early_stops=8/8
26 - INFO - chord#: 96 In build_straw_man_chord_sa. tolerance = 1, sa_iterations = 1000, initial_temperature = 3.0, cooling_rate = 0.999
26 - INFO - chord#: 100 done. best_score=27.0, changed=526, unchanged=344, early_stops=8/8
26 - INFO - chord#: 102 In build_straw_man_chord_sa. tolerance = 1, sa_iterations = 1000, initial_temperature = 3.0, cooling_rate = 0.999
26 - INFO - chord#: 88 done. best_score=9.0, changed=449, unchanged=391, early_stops=8/8
26 - INFO - chord#: 96 In build_straw_man_chord_sa. tolerance = 1, sa_iterations = 1000, initial_temperature = 3.0, cooling_rate = 0.999
26 - INFO - chord#: 104 done. best_score=27.0, changed=517, unchanged=356, early_stops=8/8
26 - INFO - chord#: 106 In build_straw_man_chord_sa. tolerance = 1, sa_iterations = 1000, initial_temperature = 3.0, cooling_rate = 0.999
26 - INFO - chord#: 102 done. best_score=67.0, changed=609, unchanged=245, early_stops=8/8
26 - INFO - chord#: 104 In build_straw_man_chord_sa. tolerance = 1, sa_iterations = 1000, initial_temperature = 3.0, cooling_rate = 0.999
26 - INFO - chord#: 108 done. best_score=27.0, changed=524, unchanged=351, early_stops=8/8
26 - INFO - chord#: 110 In build_straw_man_chord_sa. tolerance = 1, sa_iterations = 1000, initial_temperature = 3.0, cooling_rate = 0.999
26 - INFO - chord#: 100 done. best_score=27.0, changed=526, unchanged=360, early_stops=8/8
26 - INFO - chord#: 102 In build_straw_man_chord_sa. tolerance = 1, sa_iterations = 1000, initial_temperature = 3.0, cooling_rate = 0.999
26 - INFO - chord#: 96 done. best_score=27.0, changed=519, unchanged=378, early_stops=8/8
26 - INFO - chord#: 98 In build_straw_man_chord_sa. tolerance = 1, sa_iterations = 1000, initial_temperature = 3.0, cooling_rate = 0.999
26 - INFO - chord#: 96 done. best_score=27.0, changed=527, unchanged=437, early_stops=8/8
26 - INFO - chord#: 98 In build_straw_man_chord_sa. tolerance = 1, sa_iterations = 1000, initial_temperature = 3.0, cooling_rate = 0.999
26 - INFO - chord#: 102 done. best_score=78.0, changed=608, unchanged=292, early_stops=8/8
26 - INFO - chord#: 104 In build_straw_man_chord_sa. tolerance = 1, sa_iterations = 1000, initial_temperature = 3.0, cooling_rate = 0.999
26 - INFO - chord#: 102 done. best_score=67.0, changed=617, unchanged=310, early_stops=8/8
26 - INFO - chord#: 104 In build_straw_man_chord_sa. tolerance = 1, sa_iterations = 1000, initial_temperature = 3.0, cooling_rate = 0.999
26 - INFO - chord#: 104 done. best_score=27.0, changed=514, unchanged=444, early_stops=8/8
26 - INFO - chord#: 106 In build_straw_man_chord_sa. tolerance = 1, sa_iterations = 1000, initial_temperature = 3.0, cooling_rate = 0.999
26 - INFO - chord#: 110 done. best_score=70.0, changed=614, unchanged=333, early_stops=8/8
26 - INFO - chord#: 112 In build_straw_man_chord_sa. tolerance = 1, sa_iterations = 1000, initial_temperature = 3.0, cooling_rate = 0.999
26 - INFO - chord#: 102 done. best_score=78.0, changed=621, unchanged=455, early_stops=8/8
26 - INFO - chord#: 104 In build_straw_man_chord_sa. tolerance = 1, sa_iterations = 1000, initial_temperature = 3.0, cooling_rate = 0.999
26 - INFO - chord#: 102 done. best_score=78.0, changed=613, unchanged=377, early_stops=8/8
26 - INFO - chord#: 104 In build_straw_man_chord_sa. tolerance = 1, sa_iterations = 1000, initial_temperature = 3.0, cooling_rate = 0.999
26 - INFO - chord#: 104 done. best_score=27.0, changed=519, unchanged=358, early_stops=8/8
26 - INFO - chord#: 106 In build_straw_man_chord_sa. tolerance = 1, sa_iterations = 1000, initial_temperature = 3.0, cooling_rate = 0.999
26 - INFO - chord#: 104 done. best_score=27.0, changed=518, unchanged=383, early_stops=8/8
26 - INFO - chord#: 106 In build_straw_man_chord_sa. tolerance = 1, sa_iterations = 1000, initial_temperature = 3.0, cooling_rate = 0.999
26 - INFO - chord#: 102 done. best_score=145.0, changed=610, unchanged=214, early_stops=8/8
26 - INFO - chord#: 104 In build_straw_man_chord_sa. tolerance = 1, sa_iterations = 1000, initial_temperature = 3.0, cooling_rate = 0.999
26 - INFO - chord#: 106 done. best_score=82.0, changed=616, unchanged=362, early_stops=8/8
26 - INFO - chord#: 108 In build_straw_man_chord_sa. tolerance = 1, sa_iterations = 1000, initial_temperature = 3.0, cooling_rate = 0.999
26 - INFO - chord#: 112 done. best_score=31.0, changed=527, unchanged=294, early_stops=8/8
26 - INFO - chord#: 116 In build_straw_man_chord_sa. tolerance = 1, sa_iterations = 1000, initial_temperature = 3.0, cooling_rate = 0.999
26 - INFO - chord#: 110 done. best_score=70.0, changed=608, unchanged=227, early_stops=8/8
26 - INFO - chord#: 112 In build_straw_man_chord_sa. tolerance = 1, sa_iterations = 1000, initial_temperature = 3.0, cooling_rate = 0.999
26 - INFO - chord#: 104 done. best_score=27.0, changed=527, unchanged=493, early_stops=8/8
26 - INFO - chord#: 106 In build_straw_man_chord_sa. tolerance = 1, sa_iterations = 1000, initial_temperature = 3.0, cooling_rate = 0.999
26 - INFO - chord#: 108 done. best_score=27.0, changed=521, unchanged=356, early_stops=8/8
26 - INFO - chord#: 110 In build_straw_man_chord_sa. tolerance = 1, sa_iterations = 1000, initial_temperature = 3.0, cooling_rate = 0.999
26 - INFO - chord#: 104 done. best_score=27.0, changed=523, unchanged=555, early_stops=8/8
26 - INFO - chord#: 106 In build_straw_man_chord_sa. tolerance = 1, sa_iterations = 1000, initial_temperature = 3.0, cooling_rate = 0.999
26 - INFO - chord#: 116 done. best_score=27.0, changed=519, unchanged=387, early_stops=8/8
26 - INFO - chord#: 118 In build_straw_man_chord_sa. tolerance = 1, sa_iterations = 1000, initial_temperature = 3.0, cooling_rate = 0.999
26 - INFO - chord#: 102 done. best_score=67.0, changed=624, unchanged=540, early_stops=8/8
26 - INFO - chord#: 104 In build_straw_man_chord_sa. tolerance = 1, sa_iterations = 1000, initial_temperature = 3.0, cooling_rate = 0.999
26 - INFO - chord#: 104 done. best_score=27.0, changed=532, unchanged=489, early_stops=8/8
26 - INFO - chord#: 106 In build_straw_man_chord_sa. tolerance = 1, sa_iterations = 1000, initial_temperature = 3.0, cooling_rate = 0.999
26 - INFO - chord#: 98 done. best_score=82.0, changed=610, unchanged=241, early_stops=8/8
26 - INFO - chord#: 100 In build_straw_man_chord_sa. tolerance = 1, sa_iterations = 1000, initial_temperature = 3.0, cooling_rate = 0.999
26 - INFO - chord#: 112 done. best_score=31.0, changed=530, unchanged=334, early_stops=8/8
26 - INFO - chord#: 116 In build_straw_man_chord_sa. tolerance = 1, sa_iterations = 1000, initial_temperature = 3.0, cooling_rate = 0.999
26 - INFO - chord#: 106 done. best_score=97.0, changed=611, unchanged=416, early_stops=8/8
26 - INFO - chord#: 108 In build_straw_man_chord_sa. tolerance = 1, sa_iterations = 1000, initial_temperature = 3.0, cooling_rate = 0.999
26 - INFO - chord#: 106 done. best_score=97.0, changed=609, unchanged=292, early_stops=8/8
26 - INFO - chord#: 108 In build_straw_man_chord_sa. tolerance = 1, sa_iterations = 1000, initial_temperature = 3.0, cooling_rate = 0.999
26 - INFO - chord#: 98 done. best_score=82.0, changed=613, unchanged=402, early_stops=8/8
26 - INFO - chord#: 100 In build_straw_man_chord_sa. tolerance = 1, sa_iterations = 1000, initial_temperature = 3.0, cooling_rate = 0.999
26 - INFO - chord#: 104 done. best_score=27.0, changed=511, unchanged=317, early_stops=8/8
26 - INFO - chord#: 106 In build_straw_man_chord_sa. tolerance = 1, sa_iterations = 1000, initial_temperature = 3.0, cooling_rate = 0.999
26 - INFO - chord#: 108 done. best_score=27.0, changed=519, unchanged=353, early_stops=8/8
26 - INFO - chord#: 110 In build_straw_man_chord_sa. tolerance = 1, sa_iterations = 1000, initial_temperature = 3.0, cooling_rate = 0.999
26 - INFO - chord#: 100 done. best_score=27.0, changed=532, unchanged=333, early_stops=8/8
26 - INFO - chord#: 102 In build_straw_man_chord_sa. tolerance = 1, sa_iterations = 1000, initial_temperature = 3.0, cooling_rate = 0.999
26 - INFO - chord#: 106 done. best_score=82.0, changed=610, unchanged=409, early_stops=8/8
26 - INFO - chord#: 108 In build_straw_man_chord_sa. tolerance = 1, sa_iterations = 1000, initial_temperature = 3.0, cooling_rate = 0.999
26 - INFO - chord#: 116 done. best_score=27.0, changed=526, unchanged=428, early_stops=8/8
26 - INFO - chord#: 118 In build_straw_man_chord_sa. tolerance = 1, sa_iterations = 1000, initial_temperature = 3.0, cooling_rate = 0.999
26 - INFO - chord#: 110 done. best_score=70.0, changed=609, unchanged=222, early_stops=8/8
26 - INFO - chord#: 112 In build_straw_man_chord_sa. tolerance = 1, sa_iterations = 1000, initial_temperature = 3.0, cooling_rate = 0.999
26 - INFO - chord#: 108 done. best_score=27.0, changed=535, unchanged=344, early_stops=8/8
26 - INFO - chord#: 110 In build_straw_man_chord_sa. tolerance = 1, sa_iterations = 1000, initial_temperature = 3.0, cooling_rate = 0.999
26 - INFO - chord#: 100 done. best_score=27.0, changed=523, unchanged=365, early_stops=8/8
26 - INFO - chord#: 102 In build_straw_man_chord_sa. tolerance = 1, sa_iterations = 1000, initial_temperature = 3.0, cooling_rate = 0.999
26 - INFO - chord#: 108 done. best_score=27.0, changed=522, unchanged=368, early_stops=8/8
26 - INFO - chord#: 110 In build_straw_man_chord_sa. tolerance = 1, sa_iterations = 1000, initial_temperature = 3.0, cooling_rate = 0.999
26 - INFO - chord#: 106 done. best_score=82.0, changed=609, unchanged=257, early_stops=8/8
26 - INFO - chord#: 108 In build_straw_man_chord_sa. tolerance = 1, sa_iterations = 1000, initial_temperature = 3.0, cooling_rate = 0.999
26 - INFO - chord#: 112 done. best_score=31.0, changed=533, unchanged=370, early_stops=8/8
26 - INFO - chord#: 116 In build_straw_man_chord_sa. tolerance = 1, sa_iterations = 1000, initial_temperature = 3.0, cooling_rate = 0.999
26 - INFO - chord#: 118 done. best_score=96.0, changed=610, unchanged=403, early_stops=8/8
26 - INFO - chord#: 120 In build_straw_man_chord_sa. tolerance = 1, sa_iterations = 1000, initial_temperature = 3.0, cooling_rate = 0.999
26 - INFO - chord#: 106 done. best_score=82.0, changed=615, unchanged=380, early_stops=8/8
26 - INFO - chord#: 108 In build_straw_man_chord_sa. tolerance = 1, sa_iterations = 1000, initial_temperature = 3.0, cooling_rate = 0.999
26 - INFO - chord#: 120 done. best_score=11.0, changed=487, unchanged=348, early_stops=8/8
26 - INFO - chord#: 128 In build_straw_man_chord_sa. tolerance = 1, sa_iterations = 1000, initial_temperature = 3.0, cooling_rate = 0.999
26 - INFO - chord#: 106 done. best_score=82.0, changed=617, unchanged=330, early_stops=8/8
26 - INFO - chord#: 108 In build_straw_man_chord_sa. tolerance = 1, sa_iterations = 1000, initial_temperature = 3.0, cooling_rate = 0.999
26 - INFO - chord#: 110 done. best_score=70.0, changed=609, unchanged=217, early_stops=8/8
26 - INFO - chord#: 112 In build_straw_man_chord_sa. tolerance = 1, sa_iterations = 1000, initial_temperature = 3.0, cooling_rate = 0.999
26 - INFO - chord#: 108 done. best_score=27.0, changed=517, unchanged=341, early_stops=8/8
26 - INFO - chord#: 110 In build_straw_man_chord_sa. tolerance = 1, sa_iterations = 1000, initial_temperature = 3.0, cooling_rate = 0.999
26 - INFO - chord#: 116 done. best_score=27.0, changed=524, unchanged=443, early_stops=8/8
26 - INFO - chord#: 118 In build_straw_man_chord_sa. tolerance = 1, sa_iterations = 1000, initial_temperature = 3.0, cooling_rate = 0.999
26 - INFO - chord#: 110 done. best_score=70.0, changed=613, unchanged=314, early_stops=8/8
26 - INFO - chord#: 112 In build_straw_man_chord_sa. tolerance = 1, sa_iterations = 1000, initial_temperature = 3.0, cooling_rate = 0.999
26 - INFO - chord#: 128 done. best_score=27.0, changed=527, unchanged=479, early_stops=8/8
26 - INFO - chord#: 136 In build_straw_man_chord_sa. tolerance = 1, sa_iterations = 1000, initial_temperature = 3.0, cooling_rate = 0.999
26 - INFO - chord#: 112 done. best_score=31.0, changed=520, unchanged=342, early_stops=8/8
26 - INFO - chord#: 116 In build_straw_man_chord_sa. tolerance = 1, sa_iterations = 1000, initial_temperature = 3.0, cooling_rate = 0.999
26 - INFO - chord#: 102 done. best_score=142.0, changed=605, unchanged=314, early_stops=8/8
26 - INFO - chord#: 104 In build_straw_man_chord_sa. tolerance = 1, sa_iterations = 1000, initial_temperature = 3.0, cooling_rate = 0.999
26 - INFO - chord#: 108 done. best_score=27.0, changed=525, unchanged=358, early_stops=8/8
26 - INFO - chord#: 110 In build_straw_man_chord_sa. tolerance = 1, sa_iterations = 1000, initial_temperature = 3.0, cooling_rate = 0.999
26 - INFO - chord#: 108 done. best_score=27.0, changed=535, unchanged=368, early_stops=8/8
26 - INFO - chord#: 110 In build_straw_man_chord_sa. tolerance = 1, sa_iterations = 1000, initial_temperature = 3.0, cooling_rate = 0.999
26 - INFO - chord#: 110 done. best_score=75.0, changed=613, unchanged=286, early_stops=8/8
26 - INFO - chord#: 112 In build_straw_man_chord_sa. tolerance = 1, sa_iterations = 1000, initial_temperature = 3.0, cooling_rate = 0.999
26 - INFO - chord#: 112 done. best_score=31.0, changed=516, unchanged=357, early_stops=8/8
26 - INFO - chord#: 116 In build_straw_man_chord_sa. tolerance = 1, sa_iterations = 1000, initial_temperature = 3.0, cooling_rate = 0.999
26 - INFO - chord#: 106 done. best_score=120.0, changed=619, unchanged=455, early_stops=8/8
26 - INFO - chord#: 108 In build_straw_man_chord_sa. tolerance = 1, sa_iterations = 1000, initial_temperature = 3.0, cooling_rate = 0.999
26 - INFO - chord#: 118 done. best_score=67.0, changed=613, unchanged=378, early_stops=8/8
26 - INFO - chord#: 120 In build_straw_man_chord_sa. tolerance = 1, sa_iterations = 1000, initial_temperature = 3.0, cooling_rate = 0.999
26 - INFO - chord#: 116 done. best_score=27.0, changed=523, unchanged=413, early_stops=8/8
26 - INFO - chord#: 136 done. best_score=27.0, changed=528, unchanged=498, early_stops=8/8
26 - INFO - chord#: 138 In build_straw_man_chord_sa. tolerance = 1, sa_iterations = 1000, initial_temperature = 3.0, cooling_rate = 0.999
26 - INFO - chord#: 118 In build_straw_man_chord_sa. tolerance = 1, sa_iterations = 1000, initial_temperature = 3.0, cooling_rate = 0.999
26 - INFO - chord#: 102 done. best_score=137.0, changed=607, unchanged=359, early_stops=8/8
26 - INFO - chord#: 104 In build_straw_man_chord_sa. tolerance = 1, sa_iterations = 1000, initial_temperature = 3.0, cooling_rate = 0.999
26 - INFO - chord#: 112 done. best_score=31.0, changed=524, unchanged=331, early_stops=8/8
26 - INFO - chord#: 116 In build_straw_man_chord_sa. tolerance = 1, sa_iterations = 1000, initial_temperature = 3.0, cooling_rate = 0.999
26 - INFO - chord#: 120 done. best_score=11.0, changed=486, unchanged=344, early_stops=8/8
26 - INFO - chord#: 104 done. best_score=27.0, changed=517, unchanged=407, early_stops=8/8
26 - INFO - chord#: 106 In build_straw_man_chord_sa. tolerance = 1, sa_iterations = 1000, initial_temperature = 3.0, cooling_rate = 0.999
26 - INFO - chord#: 128 In build_straw_man_chord_sa. tolerance = 1, sa_iterations = 1000, initial_temperature = 3.0, cooling_rate = 0.999
26 - INFO - chord#: 110 done. best_score=70.0, changed=608, unchanged=271, early_stops=8/8
26 - INFO - chord#: 112 In build_straw_man_chord_sa. tolerance = 1, sa_iterations = 1000, initial_temperature = 3.0, cooling_rate = 0.999
26 - INFO - chord#: 116 done. best_score=27.0, changed=535, unchanged=546, early_stops=8/8
26 - INFO - chord#: 118 In build_straw_man_chord_sa. tolerance = 1, sa_iterations = 1000, initial_temperature = 3.0, cooling_rate = 0.999
26 - INFO - chord#: 108 done. best_score=27.0, changed=527, unchanged=352, early_stops=8/8
26 - INFO - chord#: 110 In build_straw_man_chord_sa. tolerance = 1, sa_iterations = 1000, initial_temperature = 3.0, cooling_rate = 0.999
26 - INFO - chord#: 118 done. best_score=137.0, changed=609, unchanged=326, early_stops=8/8
26 - INFO - chord#: 120 In build_straw_man_chord_sa. tolerance = 1, sa_iterations = 1000, initial_temperature = 3.0, cooling_rate = 0.999
26 - INFO - chord#: 120 done. best_score=11.0, changed=491, unchanged=334, early_stops=8/8
26 - INFO - chord#: 128 In build_straw_man_chord_sa. tolerance = 1, sa_iterations = 1000, initial_temperature = 3.0, cooling_rate = 0.999
26 - INFO - chord#: 116 done. best_score=27.0, changed=522, unchanged=368, early_stops=8/8
26 - INFO - chord#: 118 In build_straw_man_chord_sa. tolerance = 1, sa_iterations = 1000, initial_temperature = 3.0, cooling_rate = 0.999
26 - INFO - chord#: 104 done. best_score=27.0, changed=518, unchanged=318, early_stops=8/8
26 - INFO - chord#: 112 done. best_score=31.0, changed=525, unchanged=365, early_stops=8/8
26 - INFO - chord#: 106 In build_straw_man_chord_sa. tolerance = 1, sa_iterations = 1000, initial_temperature = 3.0, cooling_rate = 0.999
26 - INFO - chord#: 116 In build_straw_man_chord_sa. tolerance = 1, sa_iterations = 1000, initial_temperature = 3.0, cooling_rate = 0.999
26 - INFO - chord#: 128 done. best_score=27.0, changed=518, unchanged=490, early_stops=8/8
26 - INFO - chord#: 136 In build_straw_man_chord_sa. tolerance = 1, sa_iterations = 1000, initial_temperature = 3.0, cooling_rate = 0.999
26 - INFO - chord#: 110 done. best_score=70.0, changed=613, unchanged=431, early_stops=8/8
26 - INFO - chord#: 112 In build_straw_man_chord_sa. tolerance = 1, sa_iterations = 1000, initial_temperature = 3.0, cooling_rate = 0.999
26 - INFO - chord#: 110 done. best_score=70.0, changed=614, unchanged=349, early_stops=8/8
26 - INFO - chord#: 112 In build_straw_man_chord_sa. tolerance = 1, sa_iterations = 1000, initial_temperature = 3.0, cooling_rate = 0.999
26 - INFO - chord#: 128 done. best_score=27.0, changed=530, unchanged=386, early_stops=8/8
26 - INFO - chord#: 136 In build_straw_man_chord_sa. tolerance = 1, sa_iterations = 1000, initial_temperature = 3.0, cooling_rate = 0.999
26 - INFO - chord#: 116 done. best_score=27.0, changed=531, unchanged=477, early_stops=8/8
26 - INFO - chord#: 118 In build_straw_man_chord_sa. tolerance = 1, sa_iterations = 1000, initial_temperature = 3.0, cooling_rate = 0.999
26 - INFO - chord#: 106 done. best_score=82.0, changed=610, unchanged=323, early_stops=8/8
26 - INFO - chord#: 108 In build_straw_man_chord_sa. tolerance = 1, sa_iterations = 1000, initial_temperature = 3.0, cooling_rate = 0.999
26 - INFO - chord#: 138 done. best_score=167.0, changed=611, unchanged=217, early_stops=8/8
26 - INFO - chord#: 140 In build_straw_man_chord_sa. tolerance = 1, sa_iterations = 1000, initial_temperature = 3.0, cooling_rate = 0.999
26 - INFO - chord#: 136 done. best_score=27.0, changed=514, unchanged=345, early_stops=8/8
26 - INFO - chord#: 138 In build_straw_man_chord_sa. tolerance = 1, sa_iterations = 1000, initial_temperature = 3.0, cooling_rate = 0.999
26 - INFO - chord#: 118 done. best_score=67.0, changed=610, unchanged=253, early_stops=8/8
26 - INFO - chord#: 120 In build_straw_man_chord_sa. tolerance = 1, sa_iterations = 1000, initial_temperature = 3.0, cooling_rate = 0.999
26 - INFO - chord#: 112 done. best_score=31.0, changed=535, unchanged=343, early_stops=8/8
26 - INFO - chord#: 116 In build_straw_man_chord_sa. tolerance = 1, sa_iterations = 1000, initial_temperature = 3.0, cooling_rate = 0.999
26 - INFO - chord#: 120 done. best_score=11.0, changed=490, unchanged=374, early_stops=8/8
26 - INFO - chord#: 128 In build_straw_man_chord_sa. tolerance = 1, sa_iterations = 1000, initial_temperature = 3.0, cooling_rate = 0.999
26 - INFO - chord#: 118 done. best_score=67.0, changed=609, unchanged=319, early_stops=8/8
26 - INFO - chord#: 120 In build_straw_man_chord_sa. tolerance = 1, sa_iterations = 1000, initial_temperature = 3.0, cooling_rate = 0.999
26 - INFO - chord#: 136 done. best_score=27.0, changed=517, unchanged=359, early_stops=8/8
26 - INFO - chord#: 138 In build_straw_man_chord_sa. tolerance = 1, sa_iterations = 1000, initial_temperature = 3.0, cooling_rate = 0.999
26 - INFO - chord#: 112 done. best_score=31.0, changed=537, unchanged=333, early_stops=8/8
26 - INFO - chord#: 116 In build_straw_man_chord_sa. tolerance = 1, sa_iterations = 1000, initial_temperature = 3.0, cooling_rate = 0.999
26 - INFO - chord#: 108 done. best_score=27.0, changed=527, unchanged=310, early_stops=8/8
26 - INFO - chord#: 110 In build_straw_man_chord_sa. tolerance = 1, sa_iterations = 1000, initial_temperature = 3.0, cooling_rate = 0.999
26 - INFO - chord#: 120 done. best_score=11.0, changed=480, unchanged=359, early_stops=8/8
26 - INFO - chord#: 128 In build_straw_man_chord_sa. tolerance = 1, sa_iterations = 1000, initial_temperature = 3.0, cooling_rate = 0.999
26 - INFO - chord#: 118 done. best_score=67.0, changed=612, unchanged=348, early_stops=8/8
26 - INFO - chord#: 120 In build_straw_man_chord_sa. tolerance = 1, sa_iterations = 1000, initial_temperature = 3.0, cooling_rate = 0.999
26 - INFO - chord#: 120 done. best_score=11.0, changed=487, unchanged=341, early_stops=8/8
26 - INFO - chord#: 128 In build_straw_man_chord_sa. tolerance = 1, sa_iterations = 1000, initial_temperature = 3.0, cooling_rate = 0.999
26 - INFO - chord#: 116 done. best_score=27.0, changed=520, unchanged=398, early_stops=8/8
26 - INFO - chord#: 118 In build_straw_man_chord_sa. tolerance = 1, sa_iterations = 1000, initial_temperature = 3.0, cooling_rate = 0.999
26 - INFO - chord#: 140 done. best_score=27.0, changed=516, unchanged=389, early_stops=8/8
26 - INFO - chord#: 144 In build_straw_man_chord_sa. tolerance = 1, sa_iterations = 1000, initial_temperature = 3.0, cooling_rate = 0.999
26 - INFO - chord#: 128 done. best_score=27.0, changed=521, unchanged=405, early_stops=8/8
26 - INFO - chord#: 136 In build_straw_man_chord_sa. tolerance = 1, sa_iterations = 1000, initial_temperature = 3.0, cooling_rate = 0.999
26 - INFO - chord#: 110 done. best_score=70.0, changed=613, unchanged=430, early_stops=8/8
26 - INFO - chord#: 112 In build_straw_man_chord_sa. tolerance = 1, sa_iterations = 1000, initial_temperature = 3.0, cooling_rate = 0.999
26 - INFO - chord#: 106 done. best_score=82.0, changed=613, unchanged=404, early_stops=8/8
26 - INFO - chord#: 108 In build_straw_man_chord_sa. tolerance = 1, sa_iterations = 1000, initial_temperature = 3.0, cooling_rate = 0.999
26 - INFO - chord#: 116 done. best_score=27.0, changed=540, unchanged=476, early_stops=8/8
26 - INFO - chord#: 118 In build_straw_man_chord_sa. tolerance = 1, sa_iterations = 1000, initial_temperature = 3.0, cooling_rate = 0.999
26 - INFO - chord#: 128 done. best_score=27.0, changed=513, unchanged=313, early_stops=8/8
26 - INFO - chord#: 136 In build_straw_man_chord_sa. tolerance = 1, sa_iterations = 1000, initial_temperature = 3.0, cooling_rate = 0.999
26 - INFO - chord#: 128 done. best_score=27.0, changed=523, unchanged=442, early_stops=8/8
26 - INFO - chord#: 136 In build_straw_man_chord_sa. tolerance = 1, sa_iterations = 1000, initial_temperature = 3.0, cooling_rate = 0.999
26 - INFO - chord#: 118 done. best_score=78.0, changed=616, unchanged=390, early_stops=8/8
26 - INFO - chord#: 120 In build_straw_man_chord_sa. tolerance = 1, sa_iterations = 1000, initial_temperature = 3.0, cooling_rate = 0.999
26 - INFO - chord#: 136 done. best_score=27.0, changed=521, unchanged=455, early_stops=8/8
26 - INFO - chord#: 138 In build_straw_man_chord_sa. tolerance = 1, sa_iterations = 1000, initial_temperature = 3.0, cooling_rate = 0.999
26 - INFO - chord#: 112 done. best_score=31.0, changed=523, unchanged=331, early_stops=8/8
26 - INFO - chord#: 116 In build_straw_man_chord_sa. tolerance = 1, sa_iterations = 1000, initial_temperature = 3.0, cooling_rate = 0.999
26 - INFO - chord#: 144 done. best_score=35.0, changed=525, unchanged=412, early_stops=8/8
26 - INFO - chord#: 146 In build_straw_man_chord_sa. tolerance = 1, sa_iterations = 1000, initial_temperature = 3.0, cooling_rate = 0.999
26 - INFO - chord#: 120 done. best_score=11.0, changed=495, unchanged=354, early_stops=8/8
26 - INFO - chord#: 128 In build_straw_man_chord_sa. tolerance = 1, sa_iterations = 1000, initial_temperature = 3.0, cooling_rate = 0.999
26 - INFO - chord#: 108 done. best_score=27.0, changed=527, unchanged=297, early_stops=8/8
26 - INFO - chord#: 110 In build_straw_man_chord_sa. tolerance = 1, sa_iterations = 1000, initial_temperature = 3.0, cooling_rate = 0.999
26 - INFO - chord#: 138 done. best_score=74.0, changed=608, unchanged=326, early_stops=8/8
26 - INFO - chord#: 140 In build_straw_man_chord_sa. tolerance = 1, sa_iterations = 1000, initial_temperature = 3.0, cooling_rate = 0.999
26 - INFO - chord#: 110 done. best_score=70.0, changed=616, unchanged=287, early_stops=8/8
26 - INFO - chord#: 112 In build_straw_man_chord_sa. tolerance = 1, sa_iterations = 1000, initial_temperature = 3.0, cooling_rate = 0.999
26 - INFO - chord#: 136 done. best_score=27.0, changed=523, unchanged=462, early_stops=8/8
26 - INFO - chord#: 138 In build_straw_man_chord_sa. tolerance = 1, sa_iterations = 1000, initial_temperature = 3.0, cooling_rate = 0.999
26 - INFO - chord#: 136 done. best_score=27.0, changed=519, unchanged=398, early_stops=8/8
26 - INFO - chord#: 138 In build_straw_man_chord_sa. tolerance = 1, sa_iterations = 1000, initial_temperature = 3.0, cooling_rate = 0.999
26 - INFO - chord#: 118 done. best_score=67.0, changed=611, unchanged=278, early_stops=8/8
26 - INFO - chord#: 120 In build_straw_man_chord_sa. tolerance = 1, sa_iterations = 1000, initial_temperature = 3.0, cooling_rate = 0.999
26 - INFO - chord#: 138 done. best_score=74.0, changed=619, unchanged=456, early_stops=8/8
26 - INFO - chord#: 140 In build_straw_man_chord_sa. tolerance = 1, sa_iterations = 1000, initial_temperature = 3.0, cooling_rate = 0.999
26 - INFO - chord#: 116 done. best_score=27.0, changed=515, unchanged=294, early_stops=8/8
26 - INFO - chord#: 118 In build_straw_man_chord_sa. tolerance = 1, sa_iterations = 1000, initial_temperature = 3.0, cooling_rate = 0.999
26 - INFO - chord#: 128 done. best_score=27.0, changed=519, unchanged=365, early_stops=8/8
26 - INFO - chord#: 136 In build_straw_man_chord_sa. tolerance = 1, sa_iterations = 1000, initial_temperature = 3.0, cooling_rate = 0.999
26 - INFO - chord#: 120 done. best_score=11.0, changed=505, unchanged=353, early_stops=8/8
26 - INFO - chord#: 128 In build_straw_man_chord_sa. tolerance = 1, sa_iterations = 1000, initial_temperature = 3.0, cooling_rate = 0.999
26 - INFO - chord#: 112 done. best_score=31.0, changed=530, unchanged=306, early_stops=8/8
26 - INFO - chord#: 116 In build_straw_man_chord_sa. tolerance = 1, sa_iterations = 1000, initial_temperature = 3.0, cooling_rate = 0.999
26 - INFO - chord#: 140 done. best_score=27.0, changed=519, unchanged=358, early_stops=8/8
26 - INFO - chord#: 144 In build_straw_man_chord_sa. tolerance = 1, sa_iterations = 1000, initial_temperature = 3.0, cooling_rate = 0.999
26 - INFO - chord#: 118 done. best_score=67.0, changed=609, unchanged=241, early_stops=8/8
26 - INFO - chord#: 120 In build_straw_man_chord_sa. tolerance = 1, sa_iterations = 1000, initial_temperature = 3.0, cooling_rate = 0.999
26 - INFO - chord#: 128 done. best_score=27.0, changed=516, unchanged=391, early_stops=8/8
26 - INFO - chord#: 136 In build_straw_man_chord_sa. tolerance = 1, sa_iterations = 1000, initial_temperature = 3.0, cooling_rate = 0.999
26 - INFO - chord#: 136 done. best_score=27.0, changed=521, unchanged=514, early_stops=8/8
26 - INFO - chord#: 138 In build_straw_man_chord_sa. tolerance = 1, sa_iterations = 1000, initial_temperature = 3.0, cooling_rate = 0.999
26 - INFO - chord#: 116 done. best_score=27.0, changed=528, unchanged=365, early_stops=8/8
26 - INFO - chord#: 118 In build_straw_man_chord_sa. tolerance = 1, sa_iterations = 1000, initial_temperature = 3.0, cooling_rate = 0.999
26 - INFO - chord#: 138 done. best_score=74.0, changed=611, unchanged=322, early_stops=8/8
26 - INFO - chord#: 140 In build_straw_man_chord_sa. tolerance = 1, sa_iterations = 1000, initial_temperature = 3.0, cooling_rate = 0.999
26 - INFO - chord#: 120 done. best_score=11.0, changed=479, unchanged=376, early_stops=8/8
26 - INFO - chord#: 128 In build_straw_man_chord_sa. tolerance = 1, sa_iterations = 1000, initial_temperature = 3.0, cooling_rate = 0.999
26 - INFO - chord#: 144 done. best_score=35.0, changed=516, unchanged=331, early_stops=8/8
26 - INFO - chord#: 146 In build_straw_man_chord_sa. tolerance = 1, sa_iterations = 1000, initial_temperature = 3.0, cooling_rate = 0.999
26 - INFO - chord#: 140 done. best_score=27.0, changed=521, unchanged=568, early_stops=8/8
26 - INFO - chord#: 144 In build_straw_man_chord_sa. tolerance = 1, sa_iterations = 1000, initial_temperature = 3.0, cooling_rate = 0.999
26 - INFO - chord#: 138 done. best_score=172.0, changed=611, unchanged=295, early_stops=8/8
26 - INFO - chord#: 140 In build_straw_man_chord_sa. tolerance = 1, sa_iterations = 1000, initial_temperature = 3.0, cooling_rate = 0.999
26 - INFO - chord#: 146 done. best_score=71.0, changed=613, unchanged=339, early_stops=8/8
26 - INFO - chord#: 148 In build_straw_man_chord_sa. tolerance = 1, sa_iterations = 1000, initial_temperature = 3.0, cooling_rate = 0.999
26 - INFO - chord#: 110 done. best_score=70.0, changed=609, unchanged=279, early_stops=8/8
26 - INFO - chord#: 112 In build_straw_man_chord_sa. tolerance = 1, sa_iterations = 1000, initial_temperature = 3.0, cooling_rate = 0.999
26 - INFO - chord#: 138 done. best_score=74.0, changed=608, unchanged=263, early_stops=8/8
26 - INFO - chord#: 140 In build_straw_man_chord_sa. tolerance = 1, sa_iterations = 1000, initial_temperature = 3.0, cooling_rate = 0.999
26 - INFO - chord#: 136 done. best_score=27.0, changed=527, unchanged=401, early_stops=8/8
26 - INFO - chord#: 138 In build_straw_man_chord_sa. tolerance = 1, sa_iterations = 1000, initial_temperature = 3.0, cooling_rate = 0.999
26 - INFO - chord#: 140 done. best_score=27.0, changed=526, unchanged=410, early_stops=8/8
26 - INFO - chord#: 144 In build_straw_man_chord_sa. tolerance = 1, sa_iterations = 1000, initial_temperature = 3.0, cooling_rate = 0.999
26 - INFO - chord#: 140 done. best_score=27.0, changed=515, unchanged=440, early_stops=8/8
26 - INFO - chord#: 144 In build_straw_man_chord_sa. tolerance = 1, sa_iterations = 1000, initial_temperature = 3.0, cooling_rate = 0.999
26 - INFO - chord#: 128 done. best_score=27.0, changed=534, unchanged=582, early_stops=8/8
26 - INFO - chord#: 136 In build_straw_man_chord_sa. tolerance = 1, sa_iterations = 1000, initial_temperature = 3.0, cooling_rate = 0.999
26 - INFO - chord#: 144 done. best_score=35.0, changed=527, unchanged=474, early_stops=8/8
26 - INFO - chord#: 146 In build_straw_man_chord_sa. tolerance = 1, sa_iterations = 1000, initial_temperature = 3.0, cooling_rate = 0.999
26 - INFO - chord#: 140 done. best_score=27.0, changed=514, unchanged=353, early_stops=8/8
26 - INFO - chord#: 144 In build_straw_man_chord_sa. tolerance = 1, sa_iterations = 1000, initial_temperature = 3.0, cooling_rate = 0.999
26 - INFO - chord#: 112 done. best_score=31.0, changed=528, unchanged=337, early_stops=8/8
26 - INFO - chord#: 116 In build_straw_man_chord_sa. tolerance = 1, sa_iterations = 1000, initial_temperature = 3.0, cooling_rate = 0.999
26 - INFO - chord#: 144 done. best_score=35.0, changed=518, unchanged=426, early_stops=8/8
26 - INFO - chord#: 146 In build_straw_man_chord_sa. tolerance = 1, sa_iterations = 1000, initial_temperature = 3.0, cooling_rate = 0.999
26 - INFO - chord#: 138 done. best_score=96.0, changed=611, unchanged=308, early_stops=8/8
26 - INFO - chord#: 140 In build_straw_man_chord_sa. tolerance = 1, sa_iterations = 1000, initial_temperature = 3.0, cooling_rate = 0.999
26 - INFO - chord#: 118 done. best_score=67.0, changed=618, unchanged=427, early_stops=8/8
26 - INFO - chord#: 120 In build_straw_man_chord_sa. tolerance = 1, sa_iterations = 1000, initial_temperature = 3.0, cooling_rate = 0.999
26 - INFO - chord#: 146 done. best_score=71.0, changed=613, unchanged=238, early_stops=8/8
26 - INFO - chord#: 148 In build_straw_man_chord_sa. tolerance = 1, sa_iterations = 1000, initial_temperature = 3.0, cooling_rate = 0.999
26 - INFO - chord#: 118 done. best_score=96.0, changed=616, unchanged=357, early_stops=8/8
26 - INFO - chord#: 120 In build_straw_man_chord_sa. tolerance = 1, sa_iterations = 1000, initial_temperature = 3.0, cooling_rate = 0.999
26 - INFO - chord#: 120 done. best_score=11.0, changed=493, unchanged=338, early_stops=8/8
26 - INFO - chord#: 128 In build_straw_man_chord_sa. tolerance = 1, sa_iterations = 1000, initial_temperature = 3.0, cooling_rate = 0.999
26 - INFO - chord#: 144 done. best_score=35.0, changed=520, unchanged=475, early_stops=8/8
26 - INFO - chord#: 146 In build_straw_man_chord_sa. tolerance = 1, sa_iterations = 1000, initial_temperature = 3.0, cooling_rate = 0.999
26 - INFO - chord#: 120 done. best_score=11.0, changed=479, unchanged=334, early_stops=8/8
26 - INFO - chord#: 128 In build_straw_man_chord_sa. tolerance = 1, sa_iterations = 1000, initial_temperature = 3.0, cooling_rate = 0.999
26 - INFO - chord#: 144 done. best_score=35.0, changed=522, unchanged=410, early_stops=8/8
26 - INFO - chord#: 146 In build_straw_man_chord_sa. tolerance = 1, sa_iterations = 1000, initial_temperature = 3.0, cooling_rate = 0.999
26 - INFO - chord#: 138 done. best_score=167.0, changed=611, unchanged=233, early_stops=8/8
26 - INFO - chord#: 140 In build_straw_man_chord_sa. tolerance = 1, sa_iterations = 1000, initial_temperature = 3.0, cooling_rate = 0.999
26 - INFO - chord#: 136 done. best_score=27.0, changed=529, unchanged=473, early_stops=8/8
26 - INFO - chord#: 138 In build_straw_man_chord_sa. tolerance = 1, sa_iterations = 1000, initial_temperature = 3.0, cooling_rate = 0.999
26 - INFO - chord#: 116 done. best_score=27.0, changed=529, unchanged=504, early_stops=8/8
26 - INFO - chord#: 118 In build_straw_man_chord_sa. tolerance = 1, sa_iterations = 1000, initial_temperature = 3.0, cooling_rate = 0.999
26 - INFO - chord#: 148 done. best_score=137.0, changed=613, unchanged=281, early_stops=8/8
26 - INFO - chord#: 150 In build_straw_man_chord_sa. tolerance = 1, sa_iterations = 1000, initial_temperature = 3.0, cooling_rate = 0.999
26 - INFO - chord#: 128 done. best_score=27.0, changed=524, unchanged=348, early_stops=8/8
26 - INFO - chord#: 136 In build_straw_man_chord_sa. tolerance = 1, sa_iterations = 1000, initial_temperature = 3.0, cooling_rate = 0.999
26 - INFO - chord#: 140 done. best_score=27.0, changed=519, unchanged=495, early_stops=8/8
26 - INFO - chord#: 144 In build_straw_man_chord_sa. tolerance = 1, sa_iterations = 1000, initial_temperature = 3.0, cooling_rate = 0.999
26 - INFO - chord#: 128 done. best_score=27.0, changed=520, unchanged=348, early_stops=8/8
26 - INFO - chord#: 136 In build_straw_man_chord_sa. tolerance = 1, sa_iterations = 1000, initial_temperature = 3.0, cooling_rate = 0.999
26 - INFO - chord#: 140 done. best_score=27.0, changed=516, unchanged=388, early_stops=8/8
26 - INFO - chord#: 144 In build_straw_man_chord_sa. tolerance = 1, sa_iterations = 1000, initial_temperature = 3.0, cooling_rate = 0.999
26 - INFO - chord#: 146 done. best_score=71.0, changed=616, unchanged=303, early_stops=8/8
26 - INFO - chord#: 148 In build_straw_man_chord_sa. tolerance = 1, sa_iterations = 1000, initial_temperature = 3.0, cooling_rate = 0.999
26 - INFO - chord#: 146 done. best_score=71.0, changed=609, unchanged=269, early_stops=8/8
26 - INFO - chord#: 148 In build_straw_man_chord_sa. tolerance = 1, sa_iterations = 1000, initial_temperature = 3.0, cooling_rate = 0.999
26 - INFO - chord#: 146 done. best_score=71.0, changed=610, unchanged=222, early_stops=8/8
26 - INFO - chord#: 148 In build_straw_man_chord_sa. tolerance = 1, sa_iterations = 1000, initial_temperature = 3.0, cooling_rate = 0.999
26 - INFO - chord#: 136 done. best_score=27.0, changed=516, unchanged=301, early_stops=8/8
26 - INFO - chord#: 138 In build_straw_man_chord_sa. tolerance = 1, sa_iterations = 1000, initial_temperature = 3.0, cooling_rate = 0.999
26 - INFO - chord#: 148 done. best_score=67.0, changed=608, unchanged=243, early_stops=8/8
26 - INFO - chord#: 150 In build_straw_man_chord_sa. tolerance = 1, sa_iterations = 1000, initial_temperature = 3.0, cooling_rate = 0.999
26 - INFO - chord#: 150 done. best_score=36.0, changed=528, unchanged=362, early_stops=8/8
26 - INFO - chord#: 152 In build_straw_man_chord_sa. tolerance = 1, sa_iterations = 1000, initial_temperature = 3.0, cooling_rate = 0.999
26 - INFO - chord#: 146 done. best_score=71.0, changed=616, unchanged=331, early_stops=8/8
26 - INFO - chord#: 148 In build_straw_man_chord_sa. tolerance = 1, sa_iterations = 1000, initial_temperature = 3.0, cooling_rate = 0.999
26 - INFO - chord#: 144 done. best_score=35.0, changed=522, unchanged=439, early_stops=8/8
26 - INFO - chord#: 146 In build_straw_man_chord_sa. tolerance = 1, sa_iterations = 1000, initial_temperature = 3.0, cooling_rate = 0.999
26 - INFO - chord#: 144 done. best_score=35.0, changed=520, unchanged=424, early_stops=8/8
26 - INFO - chord#: 146 In build_straw_man_chord_sa. tolerance = 1, sa_iterations = 1000, initial_temperature = 3.0, cooling_rate = 0.999
26 - INFO - chord#: 136 done. best_score=27.0, changed=527, unchanged=522, early_stops=8/8
26 - INFO - chord#: 138 In build_straw_man_chord_sa. tolerance = 1, sa_iterations = 1000, initial_temperature = 3.0, cooling_rate = 0.999
26 - INFO - chord#: 150 done. best_score=36.0, changed=526, unchanged=362, early_stops=8/8
26 - INFO - chord#: 152 In build_straw_man_chord_sa. tolerance = 1, sa_iterations = 1000, initial_temperature = 3.0, cooling_rate = 0.999
26 - INFO - chord#: 138 done. best_score=164.0, changed=611, unchanged=296, early_stops=8/8
26 - INFO - chord#: 140 In build_straw_man_chord_sa. tolerance = 1, sa_iterations = 1000, initial_temperature = 3.0, cooling_rate = 0.999
26 - INFO - chord#: 152 done. best_score=27.0, changed=516, unchanged=402, early_stops=8/8
26 - INFO - chord#: 160 In build_straw_man_chord_sa. tolerance = 1, sa_iterations = 1000, initial_temperature = 3.0, cooling_rate = 0.999
26 - INFO - chord#: 118 done. best_score=67.0, changed=610, unchanged=228, early_stops=8/8
26 - INFO - chord#: 120 In build_straw_man_chord_sa. tolerance = 1, sa_iterations = 1000, initial_temperature = 3.0, cooling_rate = 0.999
26 - INFO - chord#: 120 done. best_score=11.0, changed=490, unchanged=346, early_stops=8/8
26 - INFO - chord#: 128 In build_straw_man_chord_sa. tolerance = 1, sa_iterations = 1000, initial_temperature = 3.0, cooling_rate = 0.999
26 - INFO - chord#: 148 done. best_score=67.0, changed=611, unchanged=246, early_stops=8/8
26 - INFO - chord#: 150 In build_straw_man_chord_sa. tolerance = 1, sa_iterations = 1000, initial_temperature = 3.0, cooling_rate = 0.999
26 - INFO - chord#: 148 done. best_score=67.0, changed=611, unchanged=267, early_stops=8/8
26 - INFO - chord#: 150 In build_straw_man_chord_sa. tolerance = 1, sa_iterations = 1000, initial_temperature = 3.0, cooling_rate = 0.999
26 - INFO - chord#: 152 done. best_score=27.0, changed=522, unchanged=370, early_stops=8/8
26 - INFO - chord#: 160 In build_straw_man_chord_sa. tolerance = 1, sa_iterations = 1000, initial_temperature = 3.0, cooling_rate = 0.999
26 - INFO - chord#: 138 done. best_score=162.0, changed=608, unchanged=304, early_stops=8/8
26 - INFO - chord#: 140 In build_straw_man_chord_sa. tolerance = 1, sa_iterations = 1000, initial_temperature = 3.0, cooling_rate = 0.999
26 - INFO - chord#: 140 done. best_score=27.0, changed=521, unchanged=556, early_stops=8/8
26 - INFO - chord#: 144 In build_straw_man_chord_sa. tolerance = 1, sa_iterations = 1000, initial_temperature = 3.0, cooling_rate = 0.999
26 - INFO - chord#: 148 done. best_score=67.0, changed=610, unchanged=290, early_stops=8/8
26 - INFO - chord#: 150 In build_straw_man_chord_sa. tolerance = 1, sa_iterations = 1000, initial_temperature = 3.0, cooling_rate = 0.999
26 - INFO - chord#: 146 done. best_score=71.0, changed=614, unchanged=259, early_stops=8/8
26 - INFO - chord#: 148 In build_straw_man_chord_sa. tolerance = 1, sa_iterations = 1000, initial_temperature = 3.0, cooling_rate = 0.999
26 - INFO - chord#: 160 done. best_score=27.0, changed=516, unchanged=402, early_stops=8/8
26 - INFO - chord#: 164 In build_straw_man_chord_sa. tolerance = 1, sa_iterations = 1000, initial_temperature = 3.0, cooling_rate = 0.999
26 - INFO - chord#: 150 done. best_score=36.0, changed=527, unchanged=313, early_stops=8/8
26 - INFO - chord#: 152 In build_straw_man_chord_sa. tolerance = 1, sa_iterations = 1000, initial_temperature = 3.0, cooling_rate = 0.999
26 - INFO - chord#: 128 done. best_score=27.0, changed=524, unchanged=378, early_stops=8/8
26 - INFO - chord#: 136 In build_straw_man_chord_sa. tolerance = 1, sa_iterations = 1000, initial_temperature = 3.0, cooling_rate = 0.999
26 - INFO - chord#: 148 done. best_score=137.0, changed=615, unchanged=368, early_stops=8/8
26 - INFO - chord#: 150 In build_straw_man_chord_sa. tolerance = 1, sa_iterations = 1000, initial_temperature = 3.0, cooling_rate = 0.999
26 - INFO - chord#: 160 done. best_score=27.0, changed=530, unchanged=390, early_stops=8/8
26 - INFO - chord#: 164 In build_straw_man_chord_sa. tolerance = 1, sa_iterations = 1000, initial_temperature = 3.0, cooling_rate = 0.999
26 - INFO - chord#: 150 done. best_score=36.0, changed=519, unchanged=385, early_stops=8/8
26 - INFO - chord#: 152 In build_straw_man_chord_sa. tolerance = 1, sa_iterations = 1000, initial_temperature = 3.0, cooling_rate = 0.999
26 - INFO - chord#: 150 done. best_score=36.0, changed=518, unchanged=356, early_stops=8/8
26 - INFO - chord#: 152 In build_straw_man_chord_sa. tolerance = 1, sa_iterations = 1000, initial_temperature = 3.0, cooling_rate = 0.999
26 - INFO - chord#: 140 done. best_score=27.0, changed=528, unchanged=513, early_stops=8/8
26 - INFO - chord#: 144 In build_straw_man_chord_sa. tolerance = 1, sa_iterations = 1000, initial_temperature = 3.0, cooling_rate = 0.999
26 - INFO - chord#: 144 done. best_score=35.0, changed=517, unchanged=440, early_stops=8/8
26 - INFO - chord#: 146 In build_straw_man_chord_sa. tolerance = 1, sa_iterations = 1000, initial_temperature = 3.0, cooling_rate = 0.999
26 - INFO - chord#: 164 done. best_score=27.0, changed=514, unchanged=361, early_stops=8/8
26 - INFO - chord#: 166 In build_straw_man_chord_sa. tolerance = 1, sa_iterations = 1000, initial_temperature = 3.0, cooling_rate = 0.999
26 - INFO - chord#: 146 done. best_score=71.0, changed=618, unchanged=430, early_stops=8/8
26 - INFO - chord#: 148 In build_straw_man_chord_sa. tolerance = 1, sa_iterations = 1000, initial_temperature = 3.0, cooling_rate = 0.999
26 - INFO - chord#: 138 done. best_score=74.0, changed=610, unchanged=349, early_stops=8/8
26 - INFO - chord#: 140 In build_straw_man_chord_sa. tolerance = 1, sa_iterations = 1000, initial_temperature = 3.0, cooling_rate = 0.999
26 - INFO - chord#: 150 done. best_score=36.0, changed=527, unchanged=430, early_stops=8/8
26 - INFO - chord#: 152 done. best_score=27.0, changed=528, unchanged=537, early_stops=8/8
26 - INFO - chord#: 152 In build_straw_man_chord_sa. tolerance = 1, sa_iterations = 1000, initial_temperature = 3.0, cooling_rate = 0.999
26 - INFO - chord#: 160 In build_straw_man_chord_sa. tolerance = 1, sa_iterations = 1000, initial_temperature = 3.0, cooling_rate = 0.999
26 - INFO - chord#: 136 done. best_score=27.0, changed=519, unchanged=366, early_stops=8/8
26 - INFO - chord#: 138 In build_straw_man_chord_sa. tolerance = 1, sa_iterations = 1000, initial_temperature = 3.0, cooling_rate = 0.999
26 - INFO - chord#: 164 done. best_score=27.0, changed=519, unchanged=350, early_stops=8/8
26 - INFO - chord#: 166 In build_straw_man_chord_sa. tolerance = 1, sa_iterations = 1000, initial_temperature = 3.0, cooling_rate = 0.999
26 - INFO - chord#: 152 done. best_score=27.0, changed=516, unchanged=311, early_stops=8/8
26 - INFO - chord#: 160 In build_straw_man_chord_sa. tolerance = 1, sa_iterations = 1000, initial_temperature = 3.0, cooling_rate = 0.999
26 - INFO - chord#: 152 done. best_score=27.0, changed=521, unchanged=402, early_stops=8/8
26 - INFO - chord#: 160 In build_straw_man_chord_sa. tolerance = 1, sa_iterations = 1000, initial_temperature = 3.0, cooling_rate = 0.999
26 - INFO - chord#: 148 done. best_score=67.0, changed=612, unchanged=245, early_stops=8/8
26 - INFO - chord#: 150 In build_straw_man_chord_sa. tolerance = 1, sa_iterations = 1000, initial_temperature = 3.0, cooling_rate = 0.999
26 - INFO - chord#: 144 done. best_score=35.0, changed=535, unchanged=557, early_stops=8/8
26 - INFO - chord#: 146 In build_straw_man_chord_sa. tolerance = 1, sa_iterations = 1000, initial_temperature = 3.0, cooling_rate = 0.999
26 - INFO - chord#: 152 done. best_score=27.0, changed=526, unchanged=425, early_stops=8/8
26 - INFO - chord#: 160 In build_straw_man_chord_sa. tolerance = 1, sa_iterations = 1000, initial_temperature = 3.0, cooling_rate = 0.999
26 - INFO - chord#: 160 done. best_score=27.0, changed=528, unchanged=506, early_stops=8/8
26 - INFO - chord#: 164 In build_straw_man_chord_sa. tolerance = 1, sa_iterations = 1000, initial_temperature = 3.0, cooling_rate = 0.999
26 - INFO - chord#: 140 done. best_score=27.0, changed=524, unchanged=426, early_stops=8/8
26 - INFO - chord#: 144 In build_straw_man_chord_sa. tolerance = 1, sa_iterations = 1000, initial_temperature = 3.0, cooling_rate = 0.999
26 - INFO - chord#: 150 done. best_score=36.0, changed=529, unchanged=411, early_stops=8/8
26 - INFO - chord#: 152 In build_straw_man_chord_sa. tolerance = 1, sa_iterations = 1000, initial_temperature = 3.0, cooling_rate = 0.999
26 - INFO - chord#: 160 done. best_score=27.0, changed=524, unchanged=457, early_stops=8/8
26 - INFO - chord#: 164 In build_straw_man_chord_sa. tolerance = 1, sa_iterations = 1000, initial_temperature = 3.0, cooling_rate = 0.999
26 - INFO - chord#: 160 done. best_score=27.0, changed=514, unchanged=420, early_stops=8/8
26 - INFO - chord#: 164 In build_straw_man_chord_sa. tolerance = 1, sa_iterations = 1000, initial_temperature = 3.0, cooling_rate = 0.999
26 - INFO - chord#: 146 done. best_score=71.0, changed=613, unchanged=366, early_stops=8/8
26 - INFO - chord#: 148 In build_straw_man_chord_sa. tolerance = 1, sa_iterations = 1000, initial_temperature = 3.0, cooling_rate = 0.999
26 - INFO - chord#: 160 done. best_score=27.0, changed=519, unchanged=396, early_stops=8/8
26 - INFO - chord#: 164 In build_straw_man_chord_sa. tolerance = 1, sa_iterations = 1000, initial_temperature = 3.0, cooling_rate = 0.999
26 - INFO - chord#: 164 done. best_score=27.0, changed=521, unchanged=387, early_stops=8/8
26 - INFO - chord#: 166 In build_straw_man_chord_sa. tolerance = 1, sa_iterations = 1000, initial_temperature = 3.0, cooling_rate = 0.999
26 - INFO - chord#: 146 done. best_score=71.0, changed=607, unchanged=239, early_stops=8/8
26 - INFO - chord#: 148 In build_straw_man_chord_sa. tolerance = 1, sa_iterations = 1000, initial_temperature = 3.0, cooling_rate = 0.999
26 - INFO - chord#: 164 done. best_score=27.0, changed=523, unchanged=491, early_stops=8/8
26 - INFO - chord#: 166 In build_straw_man_chord_sa. tolerance = 1, sa_iterations = 1000, initial_temperature = 3.0, cooling_rate = 0.999
26 - INFO - chord#: 152 done. best_score=27.0, changed=523, unchanged=523, early_stops=8/8
26 - INFO - chord#: 160 In build_straw_man_chord_sa. tolerance = 1, sa_iterations = 1000, initial_temperature = 3.0, cooling_rate = 0.999
26 - INFO - chord#: 144 done. best_score=35.0, changed=524, unchanged=376, early_stops=8/8
26 - INFO - chord#: 146 In build_straw_man_chord_sa. tolerance = 1, sa_iterations = 1000, initial_temperature = 3.0, cooling_rate = 0.999
26 - INFO - chord#: 138 done. best_score=121.0, changed=609, unchanged=263, early_stops=8/8
26 - INFO - chord#: 140 In build_straw_man_chord_sa. tolerance = 1, sa_iterations = 1000, initial_temperature = 3.0, cooling_rate = 0.999
26 - INFO - chord#: 148 done. best_score=67.0, changed=612, unchanged=328, early_stops=8/8
26 - INFO - chord#: 150 In build_straw_man_chord_sa. tolerance = 1, sa_iterations = 1000, initial_temperature = 3.0, cooling_rate = 0.999
26 - INFO - chord#: 166 done. best_score=74.0, changed=616, unchanged=276, early_stops=8/8
26 - INFO - chord#: 168 In build_straw_man_chord_sa. tolerance = 1, sa_iterations = 1000, initial_temperature = 3.0, cooling_rate = 0.999
26 - INFO - chord#: 164 done. best_score=27.0, changed=526, unchanged=423, early_stops=8/8
26 - INFO - chord#: 166 In build_straw_man_chord_sa. tolerance = 1, sa_iterations = 1000, initial_temperature = 3.0, cooling_rate = 0.999
26 - INFO - chord#: 164 done. best_score=27.0, changed=515, unchanged=332, early_stops=8/8
26 - INFO - chord#: 166 In build_straw_man_chord_sa. tolerance = 1, sa_iterations = 1000, initial_temperature = 3.0, cooling_rate = 0.999
26 - INFO - chord#: 166 done. best_score=96.0, changed=612, unchanged=287, early_stops=8/8
26 - INFO - chord#: 168 In build_straw_man_chord_sa. tolerance = 1, sa_iterations = 1000, initial_temperature = 3.0, cooling_rate = 0.999
26 - INFO - chord#: 160 done. best_score=36.0, changed=517, unchanged=321, early_stops=8/8
26 - INFO - chord#: 164 In build_straw_man_chord_sa. tolerance = 1, sa_iterations = 1000, initial_temperature = 3.0, cooling_rate = 0.999
26 - INFO - chord#: 150 done. best_score=36.0, changed=533, unchanged=422, early_stops=8/8
26 - INFO - chord#: 152 In build_straw_man_chord_sa. tolerance = 1, sa_iterations = 1000, initial_temperature = 3.0, cooling_rate = 0.999
26 - INFO - chord#: 168 done. best_score=27.0, changed=528, unchanged=479, early_stops=8/8
26 - INFO - chord#: 170 In build_straw_man_chord_sa. tolerance = 1, sa_iterations = 1000, initial_temperature = 3.0, cooling_rate = 0.999
26 - INFO - chord#: 140 done. best_score=27.0, changed=527, unchanged=686, early_stops=8/8
26 - INFO - chord#: 144 In build_straw_man_chord_sa. tolerance = 1, sa_iterations = 1000, initial_temperature = 3.0, cooling_rate = 0.999
26 - INFO - chord#: 164 done. best_score=27.0, changed=531, unchanged=464, early_stops=8/8
26 - INFO - chord#: 166 In build_straw_man_chord_sa. tolerance = 1, sa_iterations = 1000, initial_temperature = 3.0, cooling_rate = 0.999
26 - INFO - chord#: 166 done. best_score=74.0, changed=610, unchanged=309, early_stops=8/8
26 - INFO - chord#: 168 In build_straw_man_chord_sa. tolerance = 1, sa_iterations = 1000, initial_temperature = 3.0, cooling_rate = 0.999
26 - INFO - chord#: 148 done. best_score=67.0, changed=615, unchanged=367, early_stops=8/8
26 - INFO - chord#: 150 In build_straw_man_chord_sa. tolerance = 1, sa_iterations = 1000, initial_temperature = 3.0, cooling_rate = 0.999
26 - INFO - chord#: 168 done. best_score=27.0, changed=524, unchanged=346, early_stops=8/8
26 - INFO - chord#: 170 In build_straw_man_chord_sa. tolerance = 1, sa_iterations = 1000, initial_temperature = 3.0, cooling_rate = 0.999
26 - INFO - chord#: 148 done. best_score=67.0, changed=616, unchanged=267, early_stops=8/8
26 - INFO - chord#: 150 In build_straw_man_chord_sa. tolerance = 1, sa_iterations = 1000, initial_temperature = 3.0, cooling_rate = 0.999
26 - INFO - chord#: 166 done. best_score=74.0, changed=612, unchanged=308, early_stops=8/8
26 - INFO - chord#: 168 In build_straw_man_chord_sa. tolerance = 1, sa_iterations = 1000, initial_temperature = 3.0, cooling_rate = 0.999
26 - INFO - chord#: 152 done. best_score=27.0, changed=515, unchanged=456, early_stops=8/8
26 - INFO - chord#: 160 In build_straw_man_chord_sa. tolerance = 1, sa_iterations = 1000, initial_temperature = 3.0, cooling_rate = 0.999
26 - INFO - chord#: 150 done. best_score=36.0, changed=533, unchanged=320, early_stops=8/8
26 - INFO - chord#: 152 In build_straw_man_chord_sa. tolerance = 1, sa_iterations = 1000, initial_temperature = 3.0, cooling_rate = 0.999
26 - INFO - chord#: 166 done. best_score=74.0, changed=613, unchanged=398, early_stops=8/8
26 - INFO - chord#: 168 In build_straw_man_chord_sa. tolerance = 1, sa_iterations = 1000, initial_temperature = 3.0, cooling_rate = 0.999
26 - INFO - chord#: 166 done. best_score=74.0, changed=612, unchanged=327, early_stops=8/8
26 - INFO - chord#: 168 In build_straw_man_chord_sa. tolerance = 1, sa_iterations = 1000, initial_temperature = 3.0, cooling_rate = 0.999
26 - INFO - chord#: 168 done. best_score=27.0, changed=521, unchanged=409, early_stops=8/8
26 - INFO - chord#: 170 In build_straw_man_chord_sa. tolerance = 1, sa_iterations = 1000, initial_temperature = 3.0, cooling_rate = 0.999
26 - INFO - chord#: 146 done. best_score=71.0, changed=621, unchanged=371, early_stops=8/8
26 - INFO - chord#: 148 In build_straw_man_chord_sa. tolerance = 1, sa_iterations = 1000, initial_temperature = 3.0, cooling_rate = 0.999
26 - INFO - chord#: 150 done. best_score=36.0, changed=519, unchanged=313, early_stops=8/8
26 - INFO - chord#: 152 In build_straw_man_chord_sa. tolerance = 1, sa_iterations = 1000, initial_temperature = 3.0, cooling_rate = 0.999
26 - INFO - chord#: 170 done. best_score=36.0, changed=520, unchanged=376, early_stops=8/8
26 - INFO - chord#: 172 In build_straw_man_chord_sa. tolerance = 1, sa_iterations = 1000, initial_temperature = 3.0, cooling_rate = 0.999
26 - INFO - chord#: 170 done. best_score=36.0, changed=516, unchanged=335, early_stops=8/8
26 - INFO - chord#: 172 In build_straw_man_chord_sa. tolerance = 1, sa_iterations = 1000, initial_temperature = 3.0, cooling_rate = 0.999
26 - INFO - chord#: 144 done. best_score=35.0, changed=523, unchanged=412, early_stops=8/8
26 - INFO - chord#: 146 In build_straw_man_chord_sa. tolerance = 1, sa_iterations = 1000, initial_temperature = 3.0, cooling_rate = 0.999
26 - INFO - chord#: 168 done. best_score=27.0, changed=527, unchanged=506, early_stops=8/8
26 - INFO - chord#: 170 In build_straw_man_chord_sa. tolerance = 1, sa_iterations = 1000, initial_temperature = 3.0, cooling_rate = 0.999
26 - INFO - chord#: 152 done. best_score=27.0, changed=526, unchanged=410, early_stops=8/8
26 - INFO - chord#: 160 In build_straw_man_chord_sa. tolerance = 1, sa_iterations = 1000, initial_temperature = 3.0, cooling_rate = 0.999
26 - INFO - chord#: 168 done. best_score=27.0, changed=513, unchanged=349, early_stops=8/8
26 - INFO - chord#: 170 In build_straw_man_chord_sa. tolerance = 1, sa_iterations = 1000, initial_temperature = 3.0, cooling_rate = 0.999
26 - INFO - chord#: 152 done. best_score=27.0, changed=528, unchanged=419, early_stops=8/8
26 - INFO - chord#: 160 In build_straw_man_chord_sa. tolerance = 1, sa_iterations = 1000, initial_temperature = 3.0, cooling_rate = 0.999
26 - INFO - chord#: 170 done. best_score=36.0, changed=516, unchanged=343, early_stops=8/8
26 - INFO - chord#: 172 In build_straw_man_chord_sa. tolerance = 1, sa_iterations = 1000, initial_temperature = 3.0, cooling_rate = 0.999
26 - INFO - chord#: 160 done. best_score=27.0, changed=516, unchanged=381, early_stops=8/8
26 - INFO - chord#: 164 In build_straw_man_chord_sa. tolerance = 1, sa_iterations = 1000, initial_temperature = 3.0, cooling_rate = 0.999
26 - INFO - chord#: 166 done. best_score=96.0, changed=608, unchanged=287, early_stops=8/8
26 - INFO - chord#: 168 In build_straw_man_chord_sa. tolerance = 1, sa_iterations = 1000, initial_temperature = 3.0, cooling_rate = 0.999
26 - INFO - chord#: 168 done. best_score=27.0, changed=518, unchanged=406, early_stops=8/8
26 - INFO - chord#: 170 In build_straw_man_chord_sa. tolerance = 1, sa_iterations = 1000, initial_temperature = 3.0, cooling_rate = 0.999
26 - INFO - chord#: 172 done. best_score=27.0, changed=528, unchanged=448, early_stops=8/8
26 - INFO - chord#: 176 In build_straw_man_chord_sa. tolerance = 1, sa_iterations = 1000, initial_temperature = 3.0, cooling_rate = 0.999
26 - INFO - chord#: 172 done. best_score=27.0, changed=524, unchanged=394, early_stops=8/8
26 - INFO - chord#: 176 In build_straw_man_chord_sa. tolerance = 1, sa_iterations = 1000, initial_temperature = 3.0, cooling_rate = 0.999
26 - INFO - chord#: 170 done. best_score=36.0, changed=523, unchanged=399, early_stops=8/8
26 - INFO - chord#: 172 In build_straw_man_chord_sa. tolerance = 1, sa_iterations = 1000, initial_temperature = 3.0, cooling_rate = 0.999
26 - INFO - chord#: 170 done. best_score=36.0, changed=516, unchanged=338, early_stops=8/8
26 - INFO - chord#: 172 In build_straw_man_chord_sa. tolerance = 1, sa_iterations = 1000, initial_temperature = 3.0, cooling_rate = 0.999
26 - INFO - chord#: 172 done. best_score=27.0, changed=522, unchanged=354, early_stops=8/8
26 - INFO - chord#: 176 In build_straw_man_chord_sa. tolerance = 1, sa_iterations = 1000, initial_temperature = 3.0, cooling_rate = 0.999
26 - INFO - chord#: 160 done. best_score=27.0, changed=519, unchanged=401, early_stops=8/8
26 - INFO - chord#: 164 In build_straw_man_chord_sa. tolerance = 1, sa_iterations = 1000, initial_temperature = 3.0, cooling_rate = 0.999
26 - INFO - chord#: 160 done. best_score=27.0, changed=525, unchanged=500, early_stops=8/8
26 - INFO - chord#: 164 In build_straw_man_chord_sa. tolerance = 1, sa_iterations = 1000, initial_temperature = 3.0, cooling_rate = 0.999
26 - INFO - chord#: 168 done. best_score=27.0, changed=522, unchanged=430, early_stops=8/8
26 - INFO - chord#: 170 In build_straw_man_chord_sa. tolerance = 1, sa_iterations = 1000, initial_temperature = 3.0, cooling_rate = 0.999
26 - INFO - chord#: 164 done. best_score=27.0, changed=528, unchanged=416, early_stops=8/8
26 - INFO - chord#: 166 In build_straw_man_chord_sa. tolerance = 1, sa_iterations = 1000, initial_temperature = 3.0, cooling_rate = 0.999
26 - INFO - chord#: 170 done. best_score=36.0, changed=527, unchanged=365, early_stops=8/8
26 - INFO - chord#: 172 In build_straw_man_chord_sa. tolerance = 1, sa_iterations = 1000, initial_temperature = 3.0, cooling_rate = 0.999
26 - INFO - chord#: 148 done. best_score=137.0, changed=617, unchanged=248, early_stops=8/8
26 - INFO - chord#: 150 In build_straw_man_chord_sa. tolerance = 1, sa_iterations = 1000, initial_temperature = 3.0, cooling_rate = 0.999
26 - INFO - chord#: 172 done. best_score=27.0, changed=517, unchanged=409, early_stops=8/8
26 - INFO - chord#: 176 In build_straw_man_chord_sa. tolerance = 1, sa_iterations = 1000, initial_temperature = 3.0, cooling_rate = 0.999
26 - INFO - chord#: 164 done. best_score=27.0, changed=524, unchanged=368, early_stops=8/8
26 - INFO - chord#: 166 In build_straw_man_chord_sa. tolerance = 1, sa_iterations = 1000, initial_temperature = 3.0, cooling_rate = 0.999
26 - INFO - chord#: 172 done. best_score=27.0, changed=516, unchanged=335, early_stops=8/8
26 - INFO - chord#: 176 In build_straw_man_chord_sa. tolerance = 1, sa_iterations = 1000, initial_temperature = 3.0, cooling_rate = 0.999
26 - INFO - chord#: 164 done. best_score=27.0, changed=524, unchanged=491, early_stops=8/8
26 - INFO - chord#: 166 In build_straw_man_chord_sa. tolerance = 1, sa_iterations = 1000, initial_temperature = 3.0, cooling_rate = 0.999
26 - INFO - chord#: 170 done. best_score=36.0, changed=529, unchanged=367, early_stops=8/8
26 - INFO - chord#: 172 In build_straw_man_chord_sa. tolerance = 1, sa_iterations = 1000, initial_temperature = 3.0, cooling_rate = 0.999
26 - INFO - chord#: 146 done. best_score=71.0, changed=616, unchanged=428, early_stops=8/8
26 - INFO - chord#: 148 In build_straw_man_chord_sa. tolerance = 1, sa_iterations = 1000, initial_temperature = 3.0, cooling_rate = 0.999
26 - INFO - chord#: 172 done. best_score=27.0, changed=523, unchanged=478, early_stops=8/8
26 - INFO - chord#: 176 In build_straw_man_chord_sa. tolerance = 1, sa_iterations = 1000, initial_temperature = 3.0, cooling_rate = 0.999
26 - INFO - chord#: 150 done. best_score=36.0, changed=530, unchanged=472, early_stops=8/8
26 - INFO - chord#: 152 In build_straw_man_chord_sa. tolerance = 1, sa_iterations = 1000, initial_temperature = 3.0, cooling_rate = 0.999
26 - INFO - chord#: 172 done. best_score=27.0, changed=517, unchanged=389, early_stops=8/8
26 - INFO - chord#: 176 In build_straw_man_chord_sa. tolerance = 1, sa_iterations = 1000, initial_temperature = 3.0, cooling_rate = 0.999
26 - INFO - chord#: 176 done. best_score=162.0, changed=609, unchanged=284, early_stops=8/8
26 - INFO - chord#: 178 In build_straw_man_chord_sa. tolerance = 1, sa_iterations = 1000, initial_temperature = 3.0, cooling_rate = 0.999
26 - INFO - chord#: 176 done. best_score=71.0, changed=610, unchanged=393, early_stops=8/8
26 - INFO - chord#: 178 In build_straw_man_chord_sa. tolerance = 1, sa_iterations = 1000, initial_temperature = 3.0, cooling_rate = 0.999
26 - INFO - chord#: 176 done. best_score=157.0, changed=610, unchanged=386, early_stops=8/8
26 - INFO - chord#: 178 In build_straw_man_chord_sa. tolerance = 1, sa_iterations = 1000, initial_temperature = 3.0, cooling_rate = 0.999
26 - INFO - chord#: 166 done. best_score=74.0, changed=614, unchanged=233, early_stops=8/8
26 - INFO - chord#: 168 In build_straw_man_chord_sa. tolerance = 1, sa_iterations = 1000, initial_temperature = 3.0, cooling_rate = 0.999
26 - INFO - chord#: 166 done. best_score=74.0, changed=614, unchanged=272, early_stops=8/8
26 - INFO - chord#: 168 In build_straw_man_chord_sa. tolerance = 1, sa_iterations = 1000, initial_temperature = 3.0, cooling_rate = 0.999
26 - INFO - chord#: 176 done. best_score=71.0, changed=614, unchanged=311, early_stops=8/8
26 - INFO - chord#: 178 In build_straw_man_chord_sa. tolerance = 1, sa_iterations = 1000, initial_temperature = 3.0, cooling_rate = 0.999
26 - INFO - chord#: 176 done. best_score=64.0, changed=616, unchanged=301, early_stops=8/8
26 - INFO - chord#: 178 In build_straw_man_chord_sa. tolerance = 1, sa_iterations = 1000, initial_temperature = 3.0, cooling_rate = 0.999
26 - INFO - chord#: 166 done. best_score=74.0, changed=605, unchanged=254, early_stops=8/8
26 - INFO - chord#: 168 In build_straw_man_chord_sa. tolerance = 1, sa_iterations = 1000, initial_temperature = 3.0, cooling_rate = 0.999
26 - INFO - chord#: 178 done. best_score=35.0, changed=517, unchanged=310, early_stops=8/8
26 - INFO - chord#: 180 In build_straw_man_chord_sa. tolerance = 1, sa_iterations = 1000, initial_temperature = 3.0, cooling_rate = 0.999
26 - INFO - chord#: 152 done. best_score=27.0, changed=527, unchanged=491, early_stops=8/8
26 - INFO - chord#: 160 In build_straw_man_chord_sa. tolerance = 1, sa_iterations = 1000, initial_temperature = 3.0, cooling_rate = 0.999
26 - INFO - chord#: 178 done. best_score=49.0, changed=532, unchanged=337, early_stops=8/8
26 - INFO - chord#: 180 In build_straw_man_chord_sa. tolerance = 1, sa_iterations = 1000, initial_temperature = 3.0, cooling_rate = 0.999
26 - INFO - chord#: 178 done. best_score=35.0, changed=528, unchanged=383, early_stops=8/8
26 - INFO - chord#: 180 In build_straw_man_chord_sa. tolerance = 1, sa_iterations = 1000, initial_temperature = 3.0, cooling_rate = 0.999
26 - INFO - chord#: 168 done. best_score=27.0, changed=513, unchanged=341, early_stops=8/8
26 - INFO - chord#: 170 In build_straw_man_chord_sa. tolerance = 1, sa_iterations = 1000, initial_temperature = 3.0, cooling_rate = 0.999
26 - INFO - chord#: 148 done. best_score=67.0, changed=613, unchanged=273, early_stops=8/8
26 - INFO - chord#: 150 In build_straw_man_chord_sa. tolerance = 1, sa_iterations = 1000, initial_temperature = 3.0, cooling_rate = 0.999
26 - INFO - chord#: 168 done. best_score=27.0, changed=518, unchanged=319, early_stops=8/8
26 - INFO - chord#: 170 In build_straw_man_chord_sa. tolerance = 1, sa_iterations = 1000, initial_temperature = 3.0, cooling_rate = 0.999
26 - INFO - chord#: 176 done. best_score=154.0, changed=607, unchanged=256, early_stops=8/8
26 - INFO - chord#: 178 In build_straw_man_chord_sa. tolerance = 1, sa_iterations = 1000, initial_temperature = 3.0, cooling_rate = 0.999
26 - INFO - chord#: 168 done. best_score=27.0, changed=522, unchanged=426, early_stops=8/8
26 - INFO - chord#: 170 In build_straw_man_chord_sa. tolerance = 1, sa_iterations = 1000, initial_temperature = 3.0, cooling_rate = 0.999
26 - INFO - chord#: 178 done. best_score=35.0, changed=524, unchanged=436, early_stops=8/8
26 - INFO - chord#: 180 In build_straw_man_chord_sa. tolerance = 1, sa_iterations = 1000, initial_temperature = 3.0, cooling_rate = 0.999
26 - INFO - chord#: 180 done. best_score=27.0, changed=511, unchanged=348, early_stops=8/8
26 - INFO - chord#: 182 In build_straw_man_chord_sa. tolerance = 1, sa_iterations = 1000, initial_temperature = 3.0, cooling_rate = 0.999
26 - INFO - chord#: 178 done. best_score=35.0, changed=522, unchanged=413, early_stops=8/8
26 - INFO - chord#: 180 In build_straw_man_chord_sa. tolerance = 1, sa_iterations = 1000, initial_temperature = 3.0, cooling_rate = 0.999
26 - INFO - chord#: 176 done. best_score=125.0, changed=610, unchanged=296, early_stops=8/8
26 - INFO - chord#: 178 In build_straw_man_chord_sa. tolerance = 1, sa_iterations = 1000, initial_temperature = 3.0, cooling_rate = 0.999
26 - INFO - chord#: 160 done. best_score=27.0, changed=526, unchanged=437, early_stops=8/8
26 - INFO - chord#: 164 In build_straw_man_chord_sa. tolerance = 1, sa_iterations = 1000, initial_temperature = 3.0, cooling_rate = 0.999
26 - INFO - chord#: 180 done. best_score=27.0, changed=521, unchanged=606, early_stops=8/8
26 - INFO - chord#: 182 In build_straw_man_chord_sa. tolerance = 1, sa_iterations = 1000, initial_temperature = 3.0, cooling_rate = 0.999
26 - INFO - chord#: 178 done. best_score=37.0, changed=520, unchanged=358, early_stops=8/8
26 - INFO - chord#: 180 In build_straw_man_chord_sa. tolerance = 1, sa_iterations = 1000, initial_temperature = 3.0, cooling_rate = 0.999
26 - INFO - chord#: 180 done. best_score=27.0, changed=512, unchanged=406, early_stops=8/8
26 - INFO - chord#: 182 In build_straw_man_chord_sa. tolerance = 1, sa_iterations = 1000, initial_temperature = 3.0, cooling_rate = 0.999
26 - INFO - chord#: 170 done. best_score=36.0, changed=525, unchanged=347, early_stops=8/8
26 - INFO - chord#: 172 In build_straw_man_chord_sa. tolerance = 1, sa_iterations = 1000, initial_temperature = 3.0, cooling_rate = 0.999
26 - INFO - chord#: 170 done. best_score=36.0, changed=515, unchanged=345, early_stops=8/8
26 - INFO - chord#: 172 In build_straw_man_chord_sa. tolerance = 1, sa_iterations = 1000, initial_temperature = 3.0, cooling_rate = 0.999
26 - INFO - chord#: 170 done. best_score=36.0, changed=523, unchanged=411, early_stops=8/8
26 - INFO - chord#: 172 In build_straw_man_chord_sa. tolerance = 1, sa_iterations = 1000, initial_temperature = 3.0, cooling_rate = 0.999
26 - INFO - chord#: 150 done. best_score=36.0, changed=524, unchanged=357, early_stops=8/8
26 - INFO - chord#: 152 In build_straw_man_chord_sa. tolerance = 1, sa_iterations = 1000, initial_temperature = 3.0, cooling_rate = 0.999
26 - INFO - chord#: 182 done. best_score=47.0, changed=524, unchanged=344, early_stops=8/8
26 - INFO - chord#: 183 In build_straw_man_chord_sa. tolerance = 1, sa_iterations = 1000, initial_temperature = 3.0, cooling_rate = 0.999
26 - INFO - chord#: 180 done. best_score=27.0, changed=520, unchanged=460, early_stops=8/8
26 - INFO - chord#: 182 In build_straw_man_chord_sa. tolerance = 1, sa_iterations = 1000, initial_temperature = 3.0, cooling_rate = 0.999
26 - INFO - chord#: 178 done. best_score=49.0, changed=533, unchanged=295, early_stops=8/8
26 - INFO - chord#: 180 In build_straw_man_chord_sa. tolerance = 1, sa_iterations = 1000, initial_temperature = 3.0, cooling_rate = 0.999
26 - INFO - chord#: 180 done. best_score=27.0, changed=535, unchanged=613, early_stops=8/8
26 - INFO - chord#: 182 In build_straw_man_chord_sa. tolerance = 1, sa_iterations = 1000, initial_temperature = 3.0, cooling_rate = 0.999
26 - INFO - chord#: 164 done. best_score=27.0, changed=519, unchanged=389, early_stops=8/8
26 - INFO - chord#: 166 In build_straw_man_chord_sa. tolerance = 1, sa_iterations = 1000, initial_temperature = 3.0, cooling_rate = 0.999
26 - INFO - chord#: 180 done. best_score=27.0, changed=532, unchanged=500, early_stops=8/8
26 - INFO - chord#: 182 In build_straw_man_chord_sa. tolerance = 1, sa_iterations = 1000, initial_temperature = 3.0, cooling_rate = 0.999
26 - INFO - chord#: 172 done. best_score=27.0, changed=517, unchanged=441, early_stops=8/8
26 - INFO - chord#: 176 In build_straw_man_chord_sa. tolerance = 1, sa_iterations = 1000, initial_temperature = 3.0, cooling_rate = 0.999
26 - INFO - chord#: 172 done. best_score=27.0, changed=518, unchanged=381, early_stops=8/8
26 - INFO - chord#: 176 In build_straw_man_chord_sa. tolerance = 1, sa_iterations = 1000, initial_temperature = 3.0, cooling_rate = 0.999
26 - INFO - chord#: 172 done. best_score=27.0, changed=527, unchanged=453, early_stops=8/8
26 - INFO - chord#: 176 In build_straw_man_chord_sa. tolerance = 1, sa_iterations = 1000, initial_temperature = 3.0, cooling_rate = 0.999
26 - INFO - chord#: 182 done. best_score=47.0, changed=523, unchanged=380, early_stops=8/8
26 - INFO - chord#: 183 In build_straw_man_chord_sa. tolerance = 1, sa_iterations = 1000, initial_temperature = 3.0, cooling_rate = 0.999
26 - INFO - chord#: 182 done. best_score=47.0, changed=524, unchanged=395, early_stops=8/8
26 - INFO - chord#: 183 In build_straw_man_chord_sa. tolerance = 1, sa_iterations = 1000, initial_temperature = 3.0, cooling_rate = 0.999
26 - INFO - chord#: 182 done. best_score=47.0, changed=521, unchanged=332, early_stops=8/8
26 - INFO - chord#: 183 In build_straw_man_chord_sa. tolerance = 1, sa_iterations = 1000, initial_temperature = 3.0, cooling_rate = 0.999
26 - INFO - chord#: 152 done. best_score=27.0, changed=519, unchanged=444, early_stops=8/8
26 - INFO - chord#: 160 In build_straw_man_chord_sa. tolerance = 1, sa_iterations = 1000, initial_temperature = 3.0, cooling_rate = 0.999
26 - INFO - chord#: 180 done. best_score=27.0, changed=516, unchanged=423, early_stops=8/8
26 - INFO - chord#: 182 In build_straw_man_chord_sa. tolerance = 1, sa_iterations = 1000, initial_temperature = 3.0, cooling_rate = 0.999
26 - INFO - chord#: 182 done. best_score=47.0, changed=519, unchanged=387, early_stops=8/8
26 - INFO - chord#: 183 In build_straw_man_chord_sa. tolerance = 1, sa_iterations = 1000, initial_temperature = 3.0, cooling_rate = 0.999
26 - INFO - chord#: 182 done. best_score=47.0, changed=527, unchanged=495, early_stops=8/8
26 - INFO - chord#: 183 In build_straw_man_chord_sa. tolerance = 1, sa_iterations = 1000, initial_temperature = 3.0, cooling_rate = 0.999
26 - INFO - chord#: 183 done. best_score=111.0, changed=607, unchanged=231, early_stops=8/8
26 - INFO - chord#: 184 In build_straw_man_chord_sa. tolerance = 1, sa_iterations = 1000, initial_temperature = 3.0, cooling_rate = 0.999
26 - INFO - chord#: 184 done. best_score=9.0, changed=465, unchanged=375, early_stops=8/8
26 - INFO - chord#: 160 done. best_score=27.0, changed=520, unchanged=466, early_stops=8/8
26 - INFO - chord#: 164 In build_straw_man_chord_sa. tolerance = 1, sa_iterations = 1000, initial_temperature = 3.0, cooling_rate = 0.999
26 - INFO - chord#: 176 done. best_score=146.0, changed=605, unchanged=223, early_stops=8/8
26 - INFO - chord#: 178 In build_straw_man_chord_sa. tolerance = 1, sa_iterations = 1000, initial_temperature = 3.0, cooling_rate = 0.999
26 - INFO - chord#: 176 done. best_score=145.0, changed=606, unchanged=310, early_stops=8/8
26 - INFO - chord#: 178 In build_straw_man_chord_sa. tolerance = 1, sa_iterations = 1000, initial_temperature = 3.0, cooling_rate = 0.999
26 - INFO - chord#: 182 done. best_score=47.0, changed=520, unchanged=423, early_stops=8/8
26 - INFO - chord#: 183 In build_straw_man_chord_sa. tolerance = 1, sa_iterations = 1000, initial_temperature = 3.0, cooling_rate = 0.999
26 - INFO - chord#: 176 done. best_score=71.0, changed=615, unchanged=362, early_stops=8/8
26 - INFO - chord#: 178 In build_straw_man_chord_sa. tolerance = 1, sa_iterations = 1000, initial_temperature = 3.0, cooling_rate = 0.999
26 - INFO - chord#: 183 done. best_score=116.0, changed=610, unchanged=299, early_stops=8/8
26 - INFO - chord#: 184 In build_straw_man_chord_sa. tolerance = 1, sa_iterations = 1000, initial_temperature = 3.0, cooling_rate = 0.999
26 - INFO - chord#: 184 done. best_score=9.0, changed=469, unchanged=379, early_stops=8/8
26 - INFO - chord#: 183 done. best_score=111.0, changed=612, unchanged=248, early_stops=8/8
26 - INFO - chord#: 184 In build_straw_man_chord_sa. tolerance = 1, sa_iterations = 1000, initial_temperature = 3.0, cooling_rate = 0.999
26 - INFO - chord#: 178 done. best_score=49.0, changed=519, unchanged=307, early_stops=8/8
26 - INFO - chord#: 180 In build_straw_man_chord_sa. tolerance = 1, sa_iterations = 1000, initial_temperature = 3.0, cooling_rate = 0.999
26 - INFO - chord#: 178 done. best_score=35.0, changed=528, unchanged=400, early_stops=8/8
26 - INFO - chord#: 180 In build_straw_man_chord_sa. tolerance = 1, sa_iterations = 1000, initial_temperature = 3.0, cooling_rate = 0.999
26 - INFO - chord#: 166 done. best_score=74.0, changed=613, unchanged=317, early_stops=8/8
26 - INFO - chord#: 168 In build_straw_man_chord_sa. tolerance = 1, sa_iterations = 1000, initial_temperature = 3.0, cooling_rate = 0.999
26 - INFO - chord#: 184 done. best_score=9.0, changed=461, unchanged=389, early_stops=8/8
26 - INFO - chord#: 183 done. best_score=113.0, changed=611, unchanged=248, early_stops=8/8
26 - INFO - chord#: 184 In build_straw_man_chord_sa. tolerance = 1, sa_iterations = 1000, initial_temperature = 3.0, cooling_rate = 0.999
26 - INFO - chord#: 164 done. best_score=27.0, changed=525, unchanged=529, early_stops=8/8
26 - INFO - chord#: 166 In build_straw_man_chord_sa. tolerance = 1, sa_iterations = 1000, initial_temperature = 3.0, cooling_rate = 0.999
26 - INFO - chord#: 183 done. best_score=105.0, changed=610, unchanged=326, early_stops=8/8
26 - INFO - chord#: 184 In build_straw_man_chord_sa. tolerance = 1, sa_iterations = 1000, initial_temperature = 3.0, cooling_rate = 0.999
26 - INFO - chord#: 178 done. best_score=35.0, changed=520, unchanged=348, early_stops=8/8
26 - INFO - chord#: 180 In build_straw_man_chord_sa. tolerance = 1, sa_iterations = 1000, initial_temperature = 3.0, cooling_rate = 0.999
26 - INFO - chord#: 184 done. best_score=9.0, changed=466, unchanged=369, early_stops=8/8
26 - INFO - chord#: 184 done. best_score=9.0, changed=464, unchanged=360, early_stops=8/8
26 - INFO - chord#: 183 done. best_score=113.0, changed=609, unchanged=236, early_stops=8/8
26 - INFO - chord#: 184 In build_straw_man_chord_sa. tolerance = 1, sa_iterations = 1000, initial_temperature = 3.0, cooling_rate = 0.999
26 - INFO - chord#: 180 done. best_score=27.0, changed=520, unchanged=400, early_stops=8/8
26 - INFO - chord#: 182 In build_straw_man_chord_sa. tolerance = 1, sa_iterations = 1000, initial_temperature = 3.0, cooling_rate = 0.999
26 - INFO - chord#: 168 done. best_score=27.0, changed=515, unchanged=411, early_stops=8/8
26 - INFO - chord#: 170 In build_straw_man_chord_sa. tolerance = 1, sa_iterations = 1000, initial_temperature = 3.0, cooling_rate = 0.999
26 - INFO - chord#: 184 done. best_score=9.0, changed=454, unchanged=392, early_stops=8/8
26 - INFO - chord#: 180 done. best_score=27.0, changed=531, unchanged=542, early_stops=8/8
26 - INFO - chord#: 182 In build_straw_man_chord_sa. tolerance = 1, sa_iterations = 1000, initial_temperature = 3.0, cooling_rate = 0.999
26 - INFO - chord#: 180 done. best_score=27.0, changed=528, unchanged=526, early_stops=8/8
26 - INFO - chord#: 182 In build_straw_man_chord_sa. tolerance = 1, sa_iterations = 1000, initial_temperature = 3.0, cooling_rate = 0.999
26 - INFO - chord#: 182 done. best_score=47.0, changed=534, unchanged=384, early_stops=8/8
26 - INFO - chord#: 183 In build_straw_man_chord_sa. tolerance = 1, sa_iterations = 1000, initial_temperature = 3.0, cooling_rate = 0.999
26 - INFO - chord#: 183 done. best_score=111.0, changed=611, unchanged=384, early_stops=8/8
26 - INFO - chord#: 184 In build_straw_man_chord_sa. tolerance = 1, sa_iterations = 1000, initial_temperature = 3.0, cooling_rate = 0.999
26 - INFO - chord#: 170 done. best_score=36.0, changed=522, unchanged=445, early_stops=8/8
26 - INFO - chord#: 172 In build_straw_man_chord_sa. tolerance = 1, sa_iterations = 1000, initial_temperature = 3.0, cooling_rate = 0.999
26 - INFO - chord#: 182 done. best_score=47.0, changed=519, unchanged=477, early_stops=8/8
26 - INFO - chord#: 183 In build_straw_man_chord_sa. tolerance = 1, sa_iterations = 1000, initial_temperature = 3.0, cooling_rate = 0.999
26 - INFO - chord#: 184 done. best_score=9.0, changed=458, unchanged=353, early_stops=8/8
26 - INFO - chord#: 182 done. best_score=47.0, changed=519, unchanged=396, early_stops=8/8
26 - INFO - chord#: 183 In build_straw_man_chord_sa. tolerance = 1, sa_iterations = 1000, initial_temperature = 3.0, cooling_rate = 0.999
26 - INFO - chord#: 166 done. best_score=74.0, changed=612, unchanged=332, early_stops=8/8
26 - INFO - chord#: 168 In build_straw_man_chord_sa. tolerance = 1, sa_iterations = 1000, initial_temperature = 3.0, cooling_rate = 0.999
26 - INFO - chord#: 172 done. best_score=27.0, changed=532, unchanged=651, early_stops=8/8
26 - INFO - chord#: 176 In build_straw_man_chord_sa. tolerance = 1, sa_iterations = 1000, initial_temperature = 3.0, cooling_rate = 0.999
26 - INFO - chord#: 168 done. best_score=27.0, changed=522, unchanged=559, early_stops=8/8
26 - INFO - chord#: 170 In build_straw_man_chord_sa. tolerance = 1, sa_iterations = 1000, initial_temperature = 3.0, cooling_rate = 0.999
26 - INFO - chord#: 183 done. best_score=177.0, changed=608, unchanged=231, early_stops=8/8
26 - INFO - chord#: 184 In build_straw_man_chord_sa. tolerance = 1, sa_iterations = 1000, initial_temperature = 3.0, cooling_rate = 0.999
26 - INFO - chord#: 184 done. best_score=9.0, changed=460, unchanged=405, early_stops=8/8
26 - INFO - chord#: 170 done. best_score=36.0, changed=529, unchanged=391, early_stops=8/8
26 - INFO - chord#: 172 In build_straw_man_chord_sa. tolerance = 1, sa_iterations = 1000, initial_temperature = 3.0, cooling_rate = 0.999
26 - INFO - chord#: 183 done. best_score=144.0, changed=612, unchanged=366, early_stops=8/8
26 - INFO - chord#: 184 In build_straw_man_chord_sa. tolerance = 1, sa_iterations = 1000, initial_temperature = 3.0, cooling_rate = 0.999
26 - INFO - chord#: 184 done. best_score=9.0, changed=464, unchanged=416, early_stops=8/8
26 - INFO - chord#: 183 done. best_score=160.0, changed=613, unchanged=443, early_stops=8/8
26 - INFO - chord#: 184 In build_straw_man_chord_sa. tolerance = 1, sa_iterations = 1000, initial_temperature = 3.0, cooling_rate = 0.999
26 - INFO - chord#: 176 done. best_score=125.0, changed=611, unchanged=322, early_stops=8/8
26 - INFO - chord#: 178 In build_straw_man_chord_sa. tolerance = 1, sa_iterations = 1000, initial_temperature = 3.0, cooling_rate = 0.999
26 - INFO - chord#: 184 done. best_score=9.0, changed=470, unchanged=388, early_stops=8/8
26 - INFO - chord#: 172 done. best_score=27.0, changed=516, unchanged=467, early_stops=8/8
26 - INFO - chord#: 176 In build_straw_man_chord_sa. tolerance = 1, sa_iterations = 1000, initial_temperature = 3.0, cooling_rate = 0.999
26 - INFO - chord#: 178 done. best_score=58.0, changed=539, unchanged=302, early_stops=8/8
26 - INFO - chord#: 180 In build_straw_man_chord_sa. tolerance = 1, sa_iterations = 1000, initial_temperature = 3.0, cooling_rate = 0.999
26 - INFO - chord#: 180 done. best_score=27.0, changed=521, unchanged=460, early_stops=8/8
26 - INFO - chord#: 182 In build_straw_man_chord_sa. tolerance = 1, sa_iterations = 1000, initial_temperature = 3.0, cooling_rate = 0.999
26 - INFO - chord#: 182 done. best_score=47.0, changed=519, unchanged=349, early_stops=8/8
26 - INFO - chord#: 183 In build_straw_man_chord_sa. tolerance = 1, sa_iterations = 1000, initial_temperature = 3.0, cooling_rate = 0.999
26 - INFO - chord#: 176 done. best_score=157.0, changed=621, unchanged=460, early_stops=8/8
26 - INFO - chord#: 178 In build_straw_man_chord_sa. tolerance = 1, sa_iterations = 1000, initial_temperature = 3.0, cooling_rate = 0.999
26 - INFO - chord#: 178 done. best_score=67.0, changed=523, unchanged=331, early_stops=8/8
26 - INFO - chord#: 180 In build_straw_man_chord_sa. tolerance = 1, sa_iterations = 1000, initial_temperature = 3.0, cooling_rate = 0.999
26 - INFO - chord#: 180 done. best_score=27.0, changed=519, unchanged=338, early_stops=8/8
26 - INFO - chord#: 182 In build_straw_man_chord_sa. tolerance = 1, sa_iterations = 1000, initial_temperature = 3.0, cooling_rate = 0.999
26 - INFO - chord#: 183 done. best_score=105.0, changed=616, unchanged=321, early_stops=8/8
26 - INFO - chord#: 184 In build_straw_man_chord_sa. tolerance = 1, sa_iterations = 1000, initial_temperature = 3.0, cooling_rate = 0.999
26 - INFO - chord#: 184 done. best_score=9.0, changed=457, unchanged=364, early_stops=8/8
26 - INFO - chord#: 182 done. best_score=47.0, changed=539, unchanged=334, early_stops=8/8
26 - INFO - chord#: 183 In build_straw_man_chord_sa. tolerance = 1, sa_iterations = 1000, initial_temperature = 3.0, cooling_rate = 0.999
26 - INFO - chord#: 183 done. best_score=113.0, changed=615, unchanged=372, early_stops=8/8
26 - INFO - chord#: 184 In build_straw_man_chord_sa. tolerance = 1, sa_iterations = 1000, initial_temperature = 3.0, cooling_rate = 0.999
26 - INFO - chord#: 184 done. best_score=9.0, changed=473, unchanged=377, early_stops=8/8
26 - INFO - chord#: 0 In build_straw_man_chord_sa. tolerance = 1, sa_iterations = 1000, initial_temperature = 3.0, cooling_rate = 0.999
26 - INFO - chord#: 0 In build_straw_man_chord_sa. tolerance = 1, sa_iterations = 1000, initial_temperature = 3.0, cooling_rate = 0.999
26 - INFO - chord#: 0 In build_straw_man_chord_sa. tolerance = 1, sa_iterations = 1000, initial_temperature = 3.0, cooling_rate = 0.999
26 - INFO - chord#: 0 In build_straw_man_chord_sa. tolerance = 1, sa_iterations = 1000, initial_temperature = 3.0, cooling_rate = 0.999
26 - INFO - chord#: 0 In build_straw_man_chord_sa. tolerance = 1, sa_iterations = 1000, initial_temperature = 3.0, cooling_rate = 0.999
26 - INFO - chord#: 0 In build_straw_man_chord_sa. tolerance = 1, sa_iterations = 1000, initial_temperature = 3.0, cooling_rate = 0.999
26 - INFO - chord#: 0 In build_straw_man_chord_sa. tolerance = 1, sa_iterations = 1000, initial_temperature = 3.0, cooling_rate = 0.999
26 - INFO - chord#: 0 In build_straw_man_chord_sa. tolerance = 1, sa_iterations = 1000, initial_temperature = 3.0, cooling_rate = 0.999
26 - INFO - chord#: 0 In build_straw_man_chord_sa. tolerance = 1, sa_iterations = 1000, initial_temperature = 3.0, cooling_rate = 0.999
26 - INFO - chord#: 0 In build_straw_man_chord_sa. tolerance = 1, sa_iterations = 1000, initial_temperature = 3.0, cooling_rate = 0.999
26 - INFO - chord#: 0 In build_straw_man_chord_sa. tolerance = 1, sa_iterations = 1000, initial_temperature = 3.0, cooling_rate = 0.999
26 - INFO - chord#: 0 In build_straw_man_chord_sa. tolerance = 1, sa_iterations = 1000, initial_temperature = 3.0, cooling_rate = 0.999
26 - INFO - chord#: 0 done. best_score=27.0, changed=513, unchanged=317, early_stops=8/8
26 - INFO - chord#: 4 In build_straw_man_chord_sa. tolerance = 1, sa_iterations = 1000, initial_temperature = 3.0, cooling_rate = 0.999
26 - INFO - chord#: 0 done. best_score=27.0, changed=521, unchanged=468, early_stops=8/8
26 - INFO - chord#: 4 In build_straw_man_chord_sa. tolerance = 1, sa_iterations = 1000, initial_temperature = 3.0, cooling_rate = 0.999
26 - INFO - chord#: 0 done. best_score=27.0, changed=518, unchanged=413, early_stops=8/8
26 - INFO - chord#: 4 In build_straw_man_chord_sa. tolerance = 1, sa_iterations = 1000, initial_temperature = 3.0, cooling_rate = 0.999
26 - INFO - chord#: 0 done. best_score=27.0, changed=528, unchanged=381, early_stops=8/8
26 - INFO - chord#: 4 In build_straw_man_chord_sa. tolerance = 1, sa_iterations = 1000, initial_temperature = 3.0, cooling_rate = 0.999
26 - INFO - chord#: 0 done. best_score=27.0, changed=522, unchanged=355, early_stops=8/8
26 - INFO - chord#: 4 In build_straw_man_chord_sa. tolerance = 1, sa_iterations = 1000, initial_temperature = 3.0, cooling_rate = 0.999
26 - INFO - chord#: 0 done. best_score=27.0, changed=527, unchanged=483, early_stops=8/8
26 - INFO - chord#: 4 In build_straw_man_chord_sa. tolerance = 1, sa_iterations = 1000, initial_temperature = 3.0, cooling_rate = 0.999
26 - INFO - chord#: 0 done. best_score=27.0, changed=518, unchanged=343, early_stops=8/8
26 - INFO - chord#: 4 In build_straw_man_chord_sa. tolerance = 1, sa_iterations = 1000, initial_temperature = 3.0, cooling_rate = 0.999
26 - INFO - chord#: 0 done. best_score=27.0, changed=523, unchanged=383, early_stops=8/8
26 - INFO - chord#: 4 In build_straw_man_chord_sa. tolerance = 1, sa_iterations = 1000, initial_temperature = 3.0, cooling_rate = 0.999
26 - INFO - chord#: 0 done. best_score=27.0, changed=515, unchanged=422, early_stops=8/8
26 - INFO - chord#: 4 In build_straw_man_chord_sa. tolerance = 1, sa_iterations = 1000, initial_temperature = 3.0, cooling_rate = 0.999
26 - INFO - chord#: 0 done. best_score=27.0, changed=519, unchanged=542, early_stops=8/8
26 - INFO - chord#: 4 In build_straw_man_chord_sa. tolerance = 1, sa_iterations = 1000, initial_temperature = 3.0, cooling_rate = 0.999
26 - INFO - chord#: 0 done. best_score=27.0, changed=530, unchanged=441, early_stops=8/8
26 - INFO - chord#: 4 In build_straw_man_chord_sa. tolerance = 1, sa_iterations = 1000, initial_temperature = 3.0, cooling_rate = 0.999
26 - INFO - chord#: 0 done. best_score=27.0, changed=532, unchanged=595, early_stops=8/8
26 - INFO - chord#: 4 In build_straw_man_chord_sa. tolerance = 1, sa_iterations = 1000, initial_temperature = 3.0, cooling_rate = 0.999
26 - INFO - chord#: 4 done. best_score=27.0, changed=517, unchanged=330, early_stops=8/8
26 - INFO - chord#: 6 In build_straw_man_chord_sa. tolerance = 1, sa_iterations = 1000, initial_temperature = 3.0, cooling_rate = 0.999
26 - INFO - chord#: 4 done. best_score=27.0, changed=509, unchanged=313, early_stops=8/8
26 - INFO - chord#: 6 In build_straw_man_chord_sa. tolerance = 1, sa_iterations = 1000, initial_temperature = 3.0, cooling_rate = 0.999
26 - INFO - chord#: 4 done. best_score=27.0, changed=523, unchanged=346, early_stops=8/8
26 - INFO - chord#: 6 In build_straw_man_chord_sa. tolerance = 1, sa_iterations = 1000, initial_temperature = 3.0, cooling_rate = 0.999
26 - INFO - chord#: 4 done. best_score=27.0, changed=520, unchanged=423, early_stops=8/8
26 - INFO - chord#: 6 In build_straw_man_chord_sa. tolerance = 1, sa_iterations = 1000, initial_temperature = 3.0, cooling_rate = 0.999
26 - INFO - chord#: 4 done. best_score=27.0, changed=517, unchanged=325, early_stops=8/8
26 - INFO - chord#: 6 In build_straw_man_chord_sa. tolerance = 1, sa_iterations = 1000, initial_temperature = 3.0, cooling_rate = 0.999
26 - INFO - chord#: 4 done. best_score=27.0, changed=516, unchanged=365, early_stops=8/8
26 - INFO - chord#: 6 In build_straw_man_chord_sa. tolerance = 1, sa_iterations = 1000, initial_temperature = 3.0, cooling_rate = 0.999
26 - INFO - chord#: 4 done. best_score=27.0, changed=514, unchanged=315, early_stops=8/8
26 - INFO - chord#: 6 In build_straw_man_chord_sa. tolerance = 1, sa_iterations = 1000, initial_temperature = 3.0, cooling_rate = 0.999
26 - INFO - chord#: 4 done. best_score=27.0, changed=524, unchanged=358, early_stops=8/8
26 - INFO - chord#: 6 In build_straw_man_chord_sa. tolerance = 1, sa_iterations = 1000, initial_temperature = 3.0, cooling_rate = 0.999
26 - INFO - chord#: 4 done. best_score=27.0, changed=528, unchanged=410, early_stops=8/8
26 - INFO - chord#: 6 In build_straw_man_chord_sa. tolerance = 1, sa_iterations = 1000, initial_temperature = 3.0, cooling_rate = 0.999
26 - INFO - chord#: 4 done. best_score=27.0, changed=521, unchanged=365, early_stops=8/8
26 - INFO - chord#: 6 In build_straw_man_chord_sa. tolerance = 1, sa_iterations = 1000, initial_temperature = 3.0, cooling_rate = 0.999
26 - INFO - chord#: 4 done. best_score=27.0, changed=523, unchanged=485, early_stops=8/8
26 - INFO - chord#: 6 In build_straw_man_chord_sa. tolerance = 1, sa_iterations = 1000, initial_temperature = 3.0, cooling_rate = 0.999
26 - INFO - chord#: 4 done. best_score=27.0, changed=544, unchanged=444, early_stops=8/8
26 - INFO - chord#: 6 In build_straw_man_chord_sa. tolerance = 1, sa_iterations = 1000, initial_temperature = 3.0, cooling_rate = 0.999
26 - INFO - chord#: 6 done. best_score=27.0, changed=511, unchanged=311, early_stops=8/8
26 - INFO - chord#: 8 In build_straw_man_chord_sa. tolerance = 1, sa_iterations = 1000, initial_temperature = 3.0, cooling_rate = 0.999
26 - INFO - chord#: 6 done. best_score=27.0, changed=525, unchanged=379, early_stops=8/8
26 - INFO - chord#: 8 In build_straw_man_chord_sa. tolerance = 1, sa_iterations = 1000, initial_temperature = 3.0, cooling_rate = 0.999
26 - INFO - chord#: 6 done. best_score=27.0, changed=523, unchanged=423, early_stops=8/8
26 - INFO - chord#: 8 In build_straw_man_chord_sa. tolerance = 1, sa_iterations = 1000, initial_temperature = 3.0, cooling_rate = 0.999
26 - INFO - chord#: 6 done. best_score=27.0, changed=524, unchanged=445, early_stops=8/8
26 - INFO - chord#: 8 In build_straw_man_chord_sa. tolerance = 1, sa_iterations = 1000, initial_temperature = 3.0, cooling_rate = 0.999
26 - INFO - chord#: 6 done. best_score=27.0, changed=534, unchanged=483, early_stops=8/8
26 - INFO - chord#: 8 In build_straw_man_chord_sa. tolerance = 1, sa_iterations = 1000, initial_temperature = 3.0, cooling_rate = 0.999
26 - INFO - chord#: 6 done. best_score=27.0, changed=527, unchanged=437, early_stops=8/8
26 - INFO - chord#: 8 In build_straw_man_chord_sa. tolerance = 1, sa_iterations = 1000, initial_temperature = 3.0, cooling_rate = 0.999
26 - INFO - chord#: 6 done. best_score=27.0, changed=513, unchanged=433, early_stops=8/8
26 - INFO - chord#: 8 In build_straw_man_chord_sa. tolerance = 1, sa_iterations = 1000, initial_temperature = 3.0, cooling_rate = 0.999
26 - INFO - chord#: 6 done. best_score=27.0, changed=527, unchanged=512, early_stops=8/8
26 - INFO - chord#: 8 In build_straw_man_chord_sa. tolerance = 1, sa_iterations = 1000, initial_temperature = 3.0, cooling_rate = 0.999
26 - INFO - chord#: 6 done. best_score=27.0, changed=514, unchanged=317, early_stops=8/8
26 - INFO - chord#: 8 In build_straw_man_chord_sa. tolerance = 1, sa_iterations = 1000, initial_temperature = 3.0, cooling_rate = 0.999
26 - INFO - chord#: 8 done. best_score=27.0, changed=524, unchanged=349, early_stops=8/8
26 - INFO - chord#: 12 In build_straw_man_chord_sa. tolerance = 1, sa_iterations = 1000, initial_temperature = 3.0, cooling_rate = 0.999
26 - INFO - chord#: 8 done. best_score=27.0, changed=521, unchanged=360, early_stops=8/8
26 - INFO - chord#: 12 In build_straw_man_chord_sa. tolerance = 1, sa_iterations = 1000, initial_temperature = 3.0, cooling_rate = 0.999
26 - INFO - chord#: 6 done. best_score=27.0, changed=526, unchanged=326, early_stops=8/8
26 - INFO - chord#: 8 In build_straw_man_chord_sa. tolerance = 1, sa_iterations = 1000, initial_temperature = 3.0, cooling_rate = 0.999
26 - INFO - chord#: 8 done. best_score=27.0, changed=522, unchanged=376, early_stops=8/8
26 - INFO - chord#: 12 In build_straw_man_chord_sa. tolerance = 1, sa_iterations = 1000, initial_temperature = 3.0, cooling_rate = 0.999
26 - INFO - chord#: 8 done. best_score=27.0, changed=527, unchanged=390, early_stops=8/8
26 - INFO - chord#: 12 In build_straw_man_chord_sa. tolerance = 1, sa_iterations = 1000, initial_temperature = 3.0, cooling_rate = 0.999
26 - INFO - chord#: 8 done. best_score=27.0, changed=529, unchanged=341, early_stops=8/8
26 - INFO - chord#: 12 In build_straw_man_chord_sa. tolerance = 1, sa_iterations = 1000, initial_temperature = 3.0, cooling_rate = 0.999
26 - INFO - chord#: 6 done. best_score=27.0, changed=526, unchanged=443, early_stops=8/8
26 - INFO - chord#: 8 In build_straw_man_chord_sa. tolerance = 1, sa_iterations = 1000, initial_temperature = 3.0, cooling_rate = 0.999
26 - INFO - chord#: 6 done. best_score=27.0, changed=516, unchanged=413, early_stops=8/8
26 - INFO - chord#: 8 In build_straw_man_chord_sa. tolerance = 1, sa_iterations = 1000, initial_temperature = 3.0, cooling_rate = 0.999
26 - INFO - chord#: 8 done. best_score=27.0, changed=512, unchanged=357, early_stops=8/8
26 - INFO - chord#: 12 In build_straw_man_chord_sa. tolerance = 1, sa_iterations = 1000, initial_temperature = 3.0, cooling_rate = 0.999
26 - INFO - chord#: 8 done. best_score=27.0, changed=516, unchanged=356, early_stops=8/8
26 - INFO - chord#: 12 In build_straw_man_chord_sa. tolerance = 1, sa_iterations = 1000, initial_temperature = 3.0, cooling_rate = 0.999
26 - INFO - chord#: 8 done. best_score=27.0, changed=527, unchanged=398, early_stops=8/8
26 - INFO - chord#: 12 In build_straw_man_chord_sa. tolerance = 1, sa_iterations = 1000, initial_temperature = 3.0, cooling_rate = 0.999
26 - INFO - chord#: 12 done. best_score=27.0, changed=525, unchanged=431, early_stops=8/8
26 - INFO - chord#: 14 In build_straw_man_chord_sa. tolerance = 1, sa_iterations = 1000, initial_temperature = 3.0, cooling_rate = 0.999
26 - INFO - chord#: 12 done. best_score=27.0, changed=524, unchanged=352, early_stops=8/8
26 - INFO - chord#: 14 In build_straw_man_chord_sa. tolerance = 1, sa_iterations = 1000, initial_temperature = 3.0, cooling_rate = 0.999
26 - INFO - chord#: 12 done. best_score=27.0, changed=525, unchanged=405, early_stops=8/8
26 - INFO - chord#: 14 In build_straw_man_chord_sa. tolerance = 1, sa_iterations = 1000, initial_temperature = 3.0, cooling_rate = 0.999
26 - INFO - chord#: 8 done. best_score=27.0, changed=520, unchanged=411, early_stops=8/8
26 - INFO - chord#: 12 In build_straw_man_chord_sa. tolerance = 1, sa_iterations = 1000, initial_temperature = 3.0, cooling_rate = 0.999
26 - INFO - chord#: 12 done. best_score=27.0, changed=526, unchanged=485, early_stops=8/8
26 - INFO - chord#: 14 In build_straw_man_chord_sa. tolerance = 1, sa_iterations = 1000, initial_temperature = 3.0, cooling_rate = 0.999
26 - INFO - chord#: 12 done. best_score=27.0, changed=529, unchanged=462, early_stops=8/8
26 - INFO - chord#: 14 In build_straw_man_chord_sa. tolerance = 1, sa_iterations = 1000, initial_temperature = 3.0, cooling_rate = 0.999
26 - INFO - chord#: 8 done. best_score=27.0, changed=522, unchanged=376, early_stops=8/8
26 - INFO - chord#: 12 In build_straw_man_chord_sa. tolerance = 1, sa_iterations = 1000, initial_temperature = 3.0, cooling_rate = 0.999
26 - INFO - chord#: 8 done. best_score=27.0, changed=522, unchanged=462, early_stops=8/8
26 - INFO - chord#: 12 In build_straw_man_chord_sa. tolerance = 1, sa_iterations = 1000, initial_temperature = 3.0, cooling_rate = 0.999
26 - INFO - chord#: 8 done. best_score=27.0, changed=522, unchanged=471, early_stops=8/8
26 - INFO - chord#: 12 In build_straw_man_chord_sa. tolerance = 1, sa_iterations = 1000, initial_temperature = 3.0, cooling_rate = 0.999
26 - INFO - chord#: 12 done. best_score=27.0, changed=526, unchanged=388, early_stops=8/8
26 - INFO - chord#: 14 In build_straw_man_chord_sa. tolerance = 1, sa_iterations = 1000, initial_temperature = 3.0, cooling_rate = 0.999
26 - INFO - chord#: 12 done. best_score=27.0, changed=528, unchanged=377, early_stops=8/8
26 - INFO - chord#: 14 In build_straw_man_chord_sa. tolerance = 1, sa_iterations = 1000, initial_temperature = 3.0, cooling_rate = 0.999
26 - INFO - chord#: 12 done. best_score=27.0, changed=525, unchanged=338, early_stops=8/8
26 - INFO - chord#: 14 In build_straw_man_chord_sa. tolerance = 1, sa_iterations = 1000, initial_temperature = 3.0, cooling_rate = 0.999
26 - INFO - chord#: 12 done. best_score=27.0, changed=526, unchanged=527, early_stops=8/8
26 - INFO - chord#: 14 In build_straw_man_chord_sa. tolerance = 1, sa_iterations = 1000, initial_temperature = 3.0, cooling_rate = 0.999
26 - INFO - chord#: 12 done. best_score=27.0, changed=526, unchanged=348, early_stops=8/8
26 - INFO - chord#: 14 In build_straw_man_chord_sa. tolerance = 1, sa_iterations = 1000, initial_temperature = 3.0, cooling_rate = 0.999
26 - INFO - chord#: 12 done. best_score=27.0, changed=527, unchanged=442, early_stops=8/8
26 - INFO - chord#: 14 In build_straw_man_chord_sa. tolerance = 1, sa_iterations = 1000, initial_temperature = 3.0, cooling_rate = 0.999
26 - INFO - chord#: 14 done. best_score=164.0, changed=607, unchanged=218, early_stops=8/8
26 - INFO - chord#: 16 In build_straw_man_chord_sa. tolerance = 1, sa_iterations = 1000, initial_temperature = 3.0, cooling_rate = 0.999
26 - INFO - chord#: 12 done. best_score=27.0, changed=525, unchanged=515, early_stops=8/8
26 - INFO - chord#: 14 In build_straw_man_chord_sa. tolerance = 1, sa_iterations = 1000, initial_temperature = 3.0, cooling_rate = 0.999
26 - INFO - chord#: 14 done. best_score=74.0, changed=606, unchanged=218, early_stops=8/8
26 - INFO - chord#: 16 In build_straw_man_chord_sa. tolerance = 1, sa_iterations = 1000, initial_temperature = 3.0, cooling_rate = 0.999
26 - INFO - chord#: 14 done. best_score=74.0, changed=609, unchanged=409, early_stops=8/8
26 - INFO - chord#: 16 In build_straw_man_chord_sa. tolerance = 1, sa_iterations = 1000, initial_temperature = 3.0, cooling_rate = 0.999
26 - INFO - chord#: 14 done. best_score=162.0, changed=614, unchanged=347, early_stops=8/8
26 - INFO - chord#: 16 In build_straw_man_chord_sa. tolerance = 1, sa_iterations = 1000, initial_temperature = 3.0, cooling_rate = 0.999
26 - INFO - chord#: 16 done. best_score=31.0, changed=524, unchanged=396, early_stops=8/8
26 - INFO - chord#: 18 In build_straw_man_chord_sa. tolerance = 1, sa_iterations = 1000, initial_temperature = 3.0, cooling_rate = 0.999
26 - INFO - chord#: 14 done. best_score=74.0, changed=612, unchanged=394, early_stops=8/8
26 - INFO - chord#: 16 In build_straw_man_chord_sa. tolerance = 1, sa_iterations = 1000, initial_temperature = 3.0, cooling_rate = 0.999
26 - INFO - chord#: 14 done. best_score=121.0, changed=610, unchanged=239, early_stops=8/8
26 - INFO - chord#: 16 In build_straw_man_chord_sa. tolerance = 1, sa_iterations = 1000, initial_temperature = 3.0, cooling_rate = 0.999
26 - INFO - chord#: 18 done. best_score=7.0, changed=480, unchanged=335, early_stops=8/8
26 - INFO - chord#: 20 In build_straw_man_chord_sa. tolerance = 1, sa_iterations = 1000, initial_temperature = 3.0, cooling_rate = 0.999
26 - INFO - chord#: 16 done. best_score=31.0, changed=527, unchanged=408, early_stops=8/8
26 - INFO - chord#: 18 In build_straw_man_chord_sa. tolerance = 1, sa_iterations = 1000, initial_temperature = 3.0, cooling_rate = 0.999
26 - INFO - chord#: 18 done. best_score=7.0, changed=489, unchanged=315, early_stops=8/8
26 - INFO - chord#: 20 In build_straw_man_chord_sa. tolerance = 1, sa_iterations = 1000, initial_temperature = 3.0, cooling_rate = 0.999
26 - INFO - chord#: 16 done. best_score=49.0, changed=522, unchanged=341, early_stops=8/8
26 - INFO - chord#: 18 In build_straw_man_chord_sa. tolerance = 1, sa_iterations = 1000, initial_temperature = 3.0, cooling_rate = 0.999
26 - INFO - chord#: 16 done. best_score=31.0, changed=530, unchanged=423, early_stops=8/8
26 - INFO - chord#: 18 In build_straw_man_chord_sa. tolerance = 1, sa_iterations = 1000, initial_temperature = 3.0, cooling_rate = 0.999
26 - INFO - chord#: 14 done. best_score=74.0, changed=615, unchanged=414, early_stops=8/8
26 - INFO - chord#: 16 In build_straw_man_chord_sa. tolerance = 1, sa_iterations = 1000, initial_temperature = 3.0, cooling_rate = 0.999
26 - INFO - chord#: 18 done. best_score=7.0, changed=542, unchanged=286, early_stops=8/8
26 - INFO - chord#: 20 In build_straw_man_chord_sa. tolerance = 1, sa_iterations = 1000, initial_temperature = 3.0, cooling_rate = 0.999
26 - INFO - chord#: 18 done. best_score=7.0, changed=506, unchanged=305, early_stops=8/8
26 - INFO - chord#: 20 In build_straw_man_chord_sa. tolerance = 1, sa_iterations = 1000, initial_temperature = 3.0, cooling_rate = 0.999
26 - INFO - chord#: 16 done. best_score=31.0, changed=531, unchanged=496, early_stops=8/8
26 - INFO - chord#: 18 In build_straw_man_chord_sa. tolerance = 1, sa_iterations = 1000, initial_temperature = 3.0, cooling_rate = 0.999
26 - INFO - chord#: 14 done. best_score=148.0, changed=609, unchanged=245, early_stops=8/8
26 - INFO - chord#: 16 In build_straw_man_chord_sa. tolerance = 1, sa_iterations = 1000, initial_temperature = 3.0, cooling_rate = 0.999
26 - INFO - chord#: 16 done. best_score=31.0, changed=525, unchanged=432, early_stops=8/8
26 - INFO - chord#: 18 In build_straw_man_chord_sa. tolerance = 1, sa_iterations = 1000, initial_temperature = 3.0, cooling_rate = 0.999
26 - INFO - chord#: 14 done. best_score=96.0, changed=611, unchanged=282, early_stops=8/8
26 - INFO - chord#: 16 In build_straw_man_chord_sa. tolerance = 1, sa_iterations = 1000, initial_temperature = 3.0, cooling_rate = 0.999
26 - INFO - chord#: 14 done. best_score=96.0, changed=610, unchanged=398, early_stops=8/8
26 - INFO - chord#: 16 In build_straw_man_chord_sa. tolerance = 1, sa_iterations = 1000, initial_temperature = 3.0, cooling_rate = 0.999
26 - INFO - chord#: 18 done. best_score=7.0, changed=515, unchanged=318, early_stops=8/8
26 - INFO - chord#: 20 In build_straw_man_chord_sa. tolerance = 1, sa_iterations = 1000, initial_temperature = 3.0, cooling_rate = 0.999
26 - INFO - chord#: 20 done. best_score=27.0, changed=523, unchanged=532, early_stops=8/8
26 - INFO - chord#: 22 In build_straw_man_chord_sa. tolerance = 1, sa_iterations = 1000, initial_temperature = 3.0, cooling_rate = 0.999
26 - INFO - chord#: 18 done. best_score=7.0, changed=509, unchanged=324, early_stops=8/8
26 - INFO - chord#: 20 In build_straw_man_chord_sa. tolerance = 1, sa_iterations = 1000, initial_temperature = 3.0, cooling_rate = 0.999
26 - INFO - chord#: 20 done. best_score=27.0, changed=518, unchanged=442, early_stops=8/8
26 - INFO - chord#: 22 In build_straw_man_chord_sa. tolerance = 1, sa_iterations = 1000, initial_temperature = 3.0, cooling_rate = 0.999
26 - INFO - chord#: 16 done. best_score=31.0, changed=522, unchanged=376, early_stops=8/8
26 - INFO - chord#: 18 In build_straw_man_chord_sa. tolerance = 1, sa_iterations = 1000, initial_temperature = 3.0, cooling_rate = 0.999
26 - INFO - chord#: 20 done. best_score=27.0, changed=511, unchanged=335, early_stops=8/8
26 - INFO - chord#: 22 In build_straw_man_chord_sa. tolerance = 1, sa_iterations = 1000, initial_temperature = 3.0, cooling_rate = 0.999
26 - INFO - chord#: 20 done. best_score=27.0, changed=521, unchanged=381, early_stops=8/8
26 - INFO - chord#: 22 In build_straw_man_chord_sa. tolerance = 1, sa_iterations = 1000, initial_temperature = 3.0, cooling_rate = 0.999
26 - INFO - chord#: 18 done. best_score=7.0, changed=488, unchanged=325, early_stops=8/8
26 - INFO - chord#: 20 In build_straw_man_chord_sa. tolerance = 1, sa_iterations = 1000, initial_temperature = 3.0, cooling_rate = 0.999
26 - INFO - chord#: 14 done. best_score=74.0, changed=621, unchanged=442, early_stops=8/8
26 - INFO - chord#: 16 In build_straw_man_chord_sa. tolerance = 1, sa_iterations = 1000, initial_temperature = 3.0, cooling_rate = 0.999
26 - INFO - chord#: 16 done. best_score=31.0, changed=528, unchanged=387, early_stops=8/8
26 - INFO - chord#: 18 In build_straw_man_chord_sa. tolerance = 1, sa_iterations = 1000, initial_temperature = 3.0, cooling_rate = 0.999
26 - INFO - chord#: 16 done. best_score=31.0, changed=523, unchanged=395, early_stops=8/8
26 - INFO - chord#: 18 In build_straw_man_chord_sa. tolerance = 1, sa_iterations = 1000, initial_temperature = 3.0, cooling_rate = 0.999
26 - INFO - chord#: 14 done. best_score=96.0, changed=612, unchanged=437, early_stops=8/8
26 - INFO - chord#: 16 In build_straw_man_chord_sa. tolerance = 1, sa_iterations = 1000, initial_temperature = 3.0, cooling_rate = 0.999
26 - INFO - chord#: 18 done. best_score=7.0, changed=492, unchanged=322, early_stops=8/8
26 - INFO - chord#: 20 In build_straw_man_chord_sa. tolerance = 1, sa_iterations = 1000, initial_temperature = 3.0, cooling_rate = 0.999
26 - INFO - chord#: 16 done. best_score=31.0, changed=525, unchanged=447, early_stops=8/8
26 - INFO - chord#: 18 In build_straw_man_chord_sa. tolerance = 1, sa_iterations = 1000, initial_temperature = 3.0, cooling_rate = 0.999
26 - INFO - chord#: 20 done. best_score=27.0, changed=528, unchanged=469, early_stops=8/8
26 - INFO - chord#: 22 In build_straw_man_chord_sa. tolerance = 1, sa_iterations = 1000, initial_temperature = 3.0, cooling_rate = 0.999
26 - INFO - chord#: 18 done. best_score=7.0, changed=525, unchanged=299, early_stops=8/8
26 - INFO - chord#: 20 In build_straw_man_chord_sa. tolerance = 1, sa_iterations = 1000, initial_temperature = 3.0, cooling_rate = 0.999
26 - INFO - chord#: 20 done. best_score=27.0, changed=515, unchanged=362, early_stops=8/8
26 - INFO - chord#: 22 In build_straw_man_chord_sa. tolerance = 1, sa_iterations = 1000, initial_temperature = 3.0, cooling_rate = 0.999
26 - INFO - chord#: 18 done. best_score=7.0, changed=504, unchanged=316, early_stops=8/8
26 - INFO - chord#: 20 In build_straw_man_chord_sa. tolerance = 1, sa_iterations = 1000, initial_temperature = 3.0, cooling_rate = 0.999
26 - INFO - chord#: 20 done. best_score=27.0, changed=522, unchanged=347, early_stops=8/8
26 - INFO - chord#: 22 In build_straw_man_chord_sa. tolerance = 1, sa_iterations = 1000, initial_temperature = 3.0, cooling_rate = 0.999
26 - INFO - chord#: 16 done. best_score=31.0, changed=518, unchanged=363, early_stops=8/8
26 - INFO - chord#: 18 In build_straw_man_chord_sa. tolerance = 1, sa_iterations = 1000, initial_temperature = 3.0, cooling_rate = 0.999
26 - INFO - chord#: 22 done. best_score=67.0, changed=614, unchanged=337, early_stops=8/8
26 - INFO - chord#: 24 In build_straw_man_chord_sa. tolerance = 1, sa_iterations = 1000, initial_temperature = 3.0, cooling_rate = 0.999
26 - INFO - chord#: 16 done. best_score=31.0, changed=531, unchanged=442, early_stops=8/8
26 - INFO - chord#: 18 In build_straw_man_chord_sa. tolerance = 1, sa_iterations = 1000, initial_temperature = 3.0, cooling_rate = 0.999
26 - INFO - chord#: 18 done. best_score=7.0, changed=497, unchanged=312, early_stops=8/8
26 - INFO - chord#: 20 In build_straw_man_chord_sa. tolerance = 1, sa_iterations = 1000, initial_temperature = 3.0, cooling_rate = 0.999
26 - INFO - chord#: 22 done. best_score=78.0, changed=612, unchanged=311, early_stops=8/8
26 - INFO - chord#: 24 In build_straw_man_chord_sa. tolerance = 1, sa_iterations = 1000, initial_temperature = 3.0, cooling_rate = 0.999
26 - INFO - chord#: 24 done. best_score=9.0, changed=458, unchanged=379, early_stops=8/8
26 - INFO - chord#: 32 In build_straw_man_chord_sa. tolerance = 1, sa_iterations = 1000, initial_temperature = 3.0, cooling_rate = 0.999
26 - INFO - chord#: 20 done. best_score=27.0, changed=515, unchanged=386, early_stops=8/8
26 - INFO - chord#: 22 done. best_score=67.0, changed=613, unchanged=274, early_stops=8/8
26 - INFO - chord#: 22 In build_straw_man_chord_sa. tolerance = 1, sa_iterations = 1000, initial_temperature = 3.0, cooling_rate = 0.999
26 - INFO - chord#: 24 In build_straw_man_chord_sa. tolerance = 1, sa_iterations = 1000, initial_temperature = 3.0, cooling_rate = 0.999
26 - INFO - chord#: 22 done. best_score=125.0, changed=607, unchanged=294, early_stops=8/8
26 - INFO - chord#: 24 In build_straw_man_chord_sa. tolerance = 1, sa_iterations = 1000, initial_temperature = 3.0, cooling_rate = 0.999
26 - INFO - chord#: 18 done. best_score=7.0, changed=505, unchanged=303, early_stops=8/8
26 - INFO - chord#: 20 In build_straw_man_chord_sa. tolerance = 1, sa_iterations = 1000, initial_temperature = 3.0, cooling_rate = 0.999
26 - INFO - chord#: 24 done. best_score=9.0, changed=456, unchanged=401, early_stops=8/8
26 - INFO - chord#: 32 In build_straw_man_chord_sa. tolerance = 1, sa_iterations = 1000, initial_temperature = 3.0, cooling_rate = 0.999
26 - INFO - chord#: 20 done. best_score=27.0, changed=527, unchanged=437, early_stops=8/8
26 - INFO - chord#: 22 In build_straw_man_chord_sa. tolerance = 1, sa_iterations = 1000, initial_temperature = 3.0, cooling_rate = 0.999
26 - INFO - chord#: 24 done. best_score=9.0, changed=462, unchanged=400, early_stops=8/8
26 - INFO - chord#: 32 In build_straw_man_chord_sa. tolerance = 1, sa_iterations = 1000, initial_temperature = 3.0, cooling_rate = 0.999
26 - INFO - chord#: 24 done. best_score=9.0, changed=456, unchanged=382, early_stops=8/8
26 - INFO - chord#: 32 In build_straw_man_chord_sa. tolerance = 1, sa_iterations = 1000, initial_temperature = 3.0, cooling_rate = 0.999
26 - INFO - chord#: 20 done. best_score=27.0, changed=523, unchanged=468, early_stops=8/8
26 - INFO - chord#: 22 In build_straw_man_chord_sa. tolerance = 1, sa_iterations = 1000, initial_temperature = 3.0, cooling_rate = 0.999
26 - INFO - chord#: 32 done. best_score=27.0, changed=526, unchanged=348, early_stops=8/8
26 - INFO - chord#: 38 In build_straw_man_chord_sa. tolerance = 1, sa_iterations = 1000, initial_temperature = 3.0, cooling_rate = 0.999
26 - INFO - chord#: 32 done. best_score=27.0, changed=523, unchanged=332, early_stops=8/8
26 - INFO - chord#: 38 In build_straw_man_chord_sa. tolerance = 1, sa_iterations = 1000, initial_temperature = 3.0, cooling_rate = 0.999
26 - INFO - chord#: 32 done. best_score=27.0, changed=515, unchanged=313, early_stops=8/8
26 - INFO - chord#: 38 In build_straw_man_chord_sa. tolerance = 1, sa_iterations = 1000, initial_temperature = 3.0, cooling_rate = 0.999
26 - INFO - chord#: 20 done. best_score=27.0, changed=515, unchanged=399, early_stops=8/8
26 - INFO - chord#: 22 In build_straw_man_chord_sa. tolerance = 1, sa_iterations = 1000, initial_temperature = 3.0, cooling_rate = 0.999
26 - INFO - chord#: 32 done. best_score=27.0, changed=532, unchanged=371, early_stops=8/8
26 - INFO - chord#: 38 In build_straw_man_chord_sa. tolerance = 1, sa_iterations = 1000, initial_temperature = 3.0, cooling_rate = 0.999
26 - INFO - chord#: 22 done. best_score=78.0, changed=612, unchanged=252, early_stops=8/8
26 - INFO - chord#: 24 In build_straw_man_chord_sa. tolerance = 1, sa_iterations = 1000, initial_temperature = 3.0, cooling_rate = 0.999
26 - INFO - chord#: 22 done. best_score=67.0, changed=612, unchanged=295, early_stops=8/8
26 - INFO - chord#: 24 In build_straw_man_chord_sa. tolerance = 1, sa_iterations = 1000, initial_temperature = 3.0, cooling_rate = 0.999
26 - INFO - chord#: 24 done. best_score=9.0, changed=472, unchanged=355, early_stops=8/8
26 - INFO - chord#: 32 In build_straw_man_chord_sa. tolerance = 1, sa_iterations = 1000, initial_temperature = 3.0, cooling_rate = 0.999
26 - INFO - chord#: 24 done. best_score=9.0, changed=459, unchanged=375, early_stops=8/8
26 - INFO - chord#: 32 In build_straw_man_chord_sa. tolerance = 1, sa_iterations = 1000, initial_temperature = 3.0, cooling_rate = 0.999
26 - INFO - chord#: 20 done. best_score=27.0, changed=523, unchanged=565, early_stops=8/8
26 - INFO - chord#: 22 In build_straw_man_chord_sa. tolerance = 1, sa_iterations = 1000, initial_temperature = 3.0, cooling_rate = 0.999
26 - INFO - chord#: 22 done. best_score=67.0, changed=610, unchanged=360, early_stops=8/8
26 - INFO - chord#: 24 In build_straw_man_chord_sa. tolerance = 1, sa_iterations = 1000, initial_temperature = 3.0, cooling_rate = 0.999
26 - INFO - chord#: 24 done. best_score=9.0, changed=463, unchanged=404, early_stops=8/8
26 - INFO - chord#: 32 In build_straw_man_chord_sa. tolerance = 1, sa_iterations = 1000, initial_temperature = 3.0, cooling_rate = 0.999
26 - INFO - chord#: 32 done. best_score=27.0, changed=521, unchanged=341, early_stops=8/8
26 - INFO - chord#: 38 In build_straw_man_chord_sa. tolerance = 1, sa_iterations = 1000, initial_temperature = 3.0, cooling_rate = 0.999
26 - INFO - chord#: 32 done. best_score=27.0, changed=525, unchanged=403, early_stops=8/8
26 - INFO - chord#: 38 In build_straw_man_chord_sa. tolerance = 1, sa_iterations = 1000, initial_temperature = 3.0, cooling_rate = 0.999
26 - INFO - chord#: 22 done. best_score=67.0, changed=616, unchanged=338, early_stops=8/8
26 - INFO - chord#: 24 In build_straw_man_chord_sa. tolerance = 1, sa_iterations = 1000, initial_temperature = 3.0, cooling_rate = 0.999
26 - INFO - chord#: 38 done. best_score=164.0, changed=608, unchanged=206, early_stops=8/8
26 - INFO - chord#: 40 In build_straw_man_chord_sa. tolerance = 1, sa_iterations = 1000, initial_temperature = 3.0, cooling_rate = 0.999
26 - INFO - chord#: 22 done. best_score=67.0, changed=612, unchanged=263, early_stops=8/8
26 - INFO - chord#: 24 In build_straw_man_chord_sa. tolerance = 1, sa_iterations = 1000, initial_temperature = 3.0, cooling_rate = 0.999
26 - INFO - chord#: 22 done. best_score=78.0, changed=622, unchanged=348, early_stops=8/8
26 - INFO - chord#: 24 In build_straw_man_chord_sa. tolerance = 1, sa_iterations = 1000, initial_temperature = 3.0, cooling_rate = 0.999
26 - INFO - chord#: 32 done. best_score=27.0, changed=522, unchanged=348, early_stops=8/8
26 - INFO - chord#: 38 In build_straw_man_chord_sa. tolerance = 1, sa_iterations = 1000, initial_temperature = 3.0, cooling_rate = 0.999
26 - INFO - chord#: 38 done. best_score=74.0, changed=616, unchanged=316, early_stops=8/8
26 - INFO - chord#: 40 In build_straw_man_chord_sa. tolerance = 1, sa_iterations = 1000, initial_temperature = 3.0, cooling_rate = 0.999
26 - INFO - chord#: 24 done. best_score=9.0, changed=454, unchanged=383, early_stops=8/8
26 - INFO - chord#: 32 In build_straw_man_chord_sa. tolerance = 1, sa_iterations = 1000, initial_temperature = 3.0, cooling_rate = 0.999
26 - INFO - chord#: 24 done. best_score=9.0, changed=453, unchanged=367, early_stops=8/8
26 - INFO - chord#: 32 In build_straw_man_chord_sa. tolerance = 1, sa_iterations = 1000, initial_temperature = 3.0, cooling_rate = 0.999
26 - INFO - chord#: 24 done. best_score=9.0, changed=457, unchanged=380, early_stops=8/8
26 - INFO - chord#: 32 In build_straw_man_chord_sa. tolerance = 1, sa_iterations = 1000, initial_temperature = 3.0, cooling_rate = 0.999
26 - INFO - chord#: 38 done. best_score=74.0, changed=614, unchanged=372, early_stops=8/8
26 - INFO - chord#: 40 In build_straw_man_chord_sa. tolerance = 1, sa_iterations = 1000, initial_temperature = 3.0, cooling_rate = 0.999
26 - INFO - chord#: 22 done. best_score=67.0, changed=612, unchanged=252, early_stops=8/8
26 - INFO - chord#: 24 In build_straw_man_chord_sa. tolerance = 1, sa_iterations = 1000, initial_temperature = 3.0, cooling_rate = 0.999
26 - INFO - chord#: 38 done. best_score=74.0, changed=608, unchanged=382, early_stops=8/8
26 - INFO - chord#: 40 In build_straw_man_chord_sa. tolerance = 1, sa_iterations = 1000, initial_temperature = 3.0, cooling_rate = 0.999
26 - INFO - chord#: 24 done. best_score=9.0, changed=450, unchanged=378, early_stops=8/8
26 - INFO - chord#: 32 In build_straw_man_chord_sa. tolerance = 1, sa_iterations = 1000, initial_temperature = 3.0, cooling_rate = 0.999
26 - INFO - chord#: 40 done. best_score=27.0, changed=515, unchanged=433, early_stops=8/8
26 - INFO - chord#: 42 In build_straw_man_chord_sa. tolerance = 1, sa_iterations = 1000, initial_temperature = 3.0, cooling_rate = 0.999
26 - INFO - chord#: 40 done. best_score=27.0, changed=522, unchanged=432, early_stops=8/8
26 - INFO - chord#: 42 In build_straw_man_chord_sa. tolerance = 1, sa_iterations = 1000, initial_temperature = 3.0, cooling_rate = 0.999
26 - INFO - chord#: 32 done. best_score=27.0, changed=523, unchanged=391, early_stops=8/8
26 - INFO - chord#: 38 In build_straw_man_chord_sa. tolerance = 1, sa_iterations = 1000, initial_temperature = 3.0, cooling_rate = 0.999
26 - INFO - chord#: 22 done. best_score=67.0, changed=615, unchanged=335, early_stops=8/8
26 - INFO - chord#: 24 In build_straw_man_chord_sa. tolerance = 1, sa_iterations = 1000, initial_temperature = 3.0, cooling_rate = 0.999
26 - INFO - chord#: 32 done. best_score=27.0, changed=528, unchanged=418, early_stops=8/8
26 - INFO - chord#: 38 In build_straw_man_chord_sa. tolerance = 1, sa_iterations = 1000, initial_temperature = 3.0, cooling_rate = 0.999
26 - INFO - chord#: 32 done. best_score=27.0, changed=529, unchanged=432, early_stops=8/8
26 - INFO - chord#: 38 In build_straw_man_chord_sa. tolerance = 1, sa_iterations = 1000, initial_temperature = 3.0, cooling_rate = 0.999
26 - INFO - chord#: 38 done. best_score=74.0, changed=609, unchanged=258, early_stops=8/8
26 - INFO - chord#: 40 In build_straw_man_chord_sa. tolerance = 1, sa_iterations = 1000, initial_temperature = 3.0, cooling_rate = 0.999
26 - INFO - chord#: 24 done. best_score=9.0, changed=468, unchanged=379, early_stops=8/8
26 - INFO - chord#: 32 In build_straw_man_chord_sa. tolerance = 1, sa_iterations = 1000, initial_temperature = 3.0, cooling_rate = 0.999
26 - INFO - chord#: 40 done. best_score=27.0, changed=516, unchanged=378, early_stops=8/8
26 - INFO - chord#: 38 done. best_score=74.0, changed=607, unchanged=299, early_stops=8/8
26 - INFO - chord#: 42 In build_straw_man_chord_sa. tolerance = 1, sa_iterations = 1000, initial_temperature = 3.0, cooling_rate = 0.999
26 - INFO - chord#: 40 In build_straw_man_chord_sa. tolerance = 1, sa_iterations = 1000, initial_temperature = 3.0, cooling_rate = 0.999
26 - INFO - chord#: 40 done. best_score=27.0, changed=530, unchanged=647, early_stops=8/8
26 - INFO - chord#: 42 In build_straw_man_chord_sa. tolerance = 1, sa_iterations = 1000, initial_temperature = 3.0, cooling_rate = 0.999
26 - INFO - chord#: 32 done. best_score=27.0, changed=521, unchanged=367, early_stops=8/8
26 - INFO - chord#: 38 In build_straw_man_chord_sa. tolerance = 1, sa_iterations = 1000, initial_temperature = 3.0, cooling_rate = 0.999
26 - INFO - chord#: 42 done. best_score=36.0, changed=520, unchanged=352, early_stops=8/8
26 - INFO - chord#: 44 In build_straw_man_chord_sa. tolerance = 1, sa_iterations = 1000, initial_temperature = 3.0, cooling_rate = 0.999
26 - INFO - chord#: 42 done. best_score=36.0, changed=524, unchanged=381, early_stops=8/8
26 - INFO - chord#: 44 In build_straw_man_chord_sa. tolerance = 1, sa_iterations = 1000, initial_temperature = 3.0, cooling_rate = 0.999
26 - INFO - chord#: 40 done. best_score=27.0, changed=522, unchanged=420, early_stops=8/8
26 - INFO - chord#: 42 In build_straw_man_chord_sa. tolerance = 1, sa_iterations = 1000, initial_temperature = 3.0, cooling_rate = 0.999
26 - INFO - chord#: 32 done. best_score=27.0, changed=524, unchanged=397, early_stops=8/8
26 - INFO - chord#: 38 In build_straw_man_chord_sa. tolerance = 1, sa_iterations = 1000, initial_temperature = 3.0, cooling_rate = 0.999
26 - INFO - chord#: 40 done. best_score=27.0, changed=520, unchanged=404, early_stops=8/8
26 - INFO - chord#: 42 In build_straw_man_chord_sa. tolerance = 1, sa_iterations = 1000, initial_temperature = 3.0, cooling_rate = 0.999
26 - INFO - chord#: 42 done. best_score=36.0, changed=523, unchanged=438, early_stops=8/8
26 - INFO - chord#: 44 In build_straw_man_chord_sa. tolerance = 1, sa_iterations = 1000, initial_temperature = 3.0, cooling_rate = 0.999
26 - INFO - chord#: 42 done. best_score=36.0, changed=524, unchanged=404, early_stops=8/8
26 - INFO - chord#: 44 In build_straw_man_chord_sa. tolerance = 1, sa_iterations = 1000, initial_temperature = 3.0, cooling_rate = 0.999
26 - INFO - chord#: 44 done. best_score=27.0, changed=522, unchanged=457, early_stops=8/8
26 - INFO - chord#: 48 In build_straw_man_chord_sa. tolerance = 1, sa_iterations = 1000, initial_temperature = 3.0, cooling_rate = 0.999
26 - INFO - chord#: 38 done. best_score=148.0, changed=613, unchanged=400, early_stops=8/8
26 - INFO - chord#: 40 In build_straw_man_chord_sa. tolerance = 1, sa_iterations = 1000, initial_temperature = 3.0, cooling_rate = 0.999
26 - INFO - chord#: 44 done. best_score=27.0, changed=522, unchanged=469, early_stops=8/8
26 - INFO - chord#: 48 In build_straw_man_chord_sa. tolerance = 1, sa_iterations = 1000, initial_temperature = 3.0, cooling_rate = 0.999
26 - INFO - chord#: 42 done. best_score=36.0, changed=532, unchanged=522, early_stops=8/8
26 - INFO - chord#: 44 In build_straw_man_chord_sa. tolerance = 1, sa_iterations = 1000, initial_temperature = 3.0, cooling_rate = 0.999
26 - INFO - chord#: 42 done. best_score=36.0, changed=526, unchanged=392, early_stops=8/8
26 - INFO - chord#: 44 In build_straw_man_chord_sa. tolerance = 1, sa_iterations = 1000, initial_temperature = 3.0, cooling_rate = 0.999
26 - INFO - chord#: 44 done. best_score=27.0, changed=531, unchanged=423, early_stops=8/8
26 - INFO - chord#: 48 In build_straw_man_chord_sa. tolerance = 1, sa_iterations = 1000, initial_temperature = 3.0, cooling_rate = 0.999
26 - INFO - chord#: 44 done. best_score=27.0, changed=531, unchanged=528, early_stops=8/8
26 - INFO - chord#: 48 In build_straw_man_chord_sa. tolerance = 1, sa_iterations = 1000, initial_temperature = 3.0, cooling_rate = 0.999
26 - INFO - chord#: 38 done. best_score=74.0, changed=615, unchanged=309, early_stops=8/8
26 - INFO - chord#: 40 In build_straw_man_chord_sa. tolerance = 1, sa_iterations = 1000, initial_temperature = 3.0, cooling_rate = 0.999
26 - INFO - chord#: 38 done. best_score=74.0, changed=615, unchanged=295, early_stops=8/8
26 - INFO - chord#: 40 In build_straw_man_chord_sa. tolerance = 1, sa_iterations = 1000, initial_temperature = 3.0, cooling_rate = 0.999
26 - INFO - chord#: 38 done. best_score=121.0, changed=612, unchanged=243, early_stops=8/8
26 - INFO - chord#: 40 In build_straw_man_chord_sa. tolerance = 1, sa_iterations = 1000, initial_temperature = 3.0, cooling_rate = 0.999
26 - INFO - chord#: 40 done. best_score=27.0, changed=518, unchanged=490, early_stops=8/8
26 - INFO - chord#: 42 In build_straw_man_chord_sa. tolerance = 1, sa_iterations = 1000, initial_temperature = 3.0, cooling_rate = 0.999
26 - INFO - chord#: 44 done. best_score=27.0, changed=512, unchanged=330, early_stops=8/8
26 - INFO - chord#: 48 In build_straw_man_chord_sa. tolerance = 1, sa_iterations = 1000, initial_temperature = 3.0, cooling_rate = 0.999
26 - INFO - chord#: 44 done. best_score=27.0, changed=530, unchanged=431, early_stops=8/8
26 - INFO - chord#: 48 In build_straw_man_chord_sa. tolerance = 1, sa_iterations = 1000, initial_temperature = 3.0, cooling_rate = 0.999
26 - INFO - chord#: 38 done. best_score=74.0, changed=613, unchanged=459, early_stops=8/8
26 - INFO - chord#: 40 In build_straw_man_chord_sa. tolerance = 1, sa_iterations = 1000, initial_temperature = 3.0, cooling_rate = 0.999
26 - INFO - chord#: 48 done. best_score=157.0, changed=613, unchanged=258, early_stops=8/8
26 - INFO - chord#: 50 In build_straw_man_chord_sa. tolerance = 1, sa_iterations = 1000, initial_temperature = 3.0, cooling_rate = 0.999
26 - INFO - chord#: 48 done. best_score=104.0, changed=610, unchanged=326, early_stops=8/8
26 - INFO - chord#: 50 In build_straw_man_chord_sa. tolerance = 1, sa_iterations = 1000, initial_temperature = 3.0, cooling_rate = 0.999
26 - INFO - chord#: 40 done. best_score=27.0, changed=520, unchanged=424, early_stops=8/8
26 - INFO - chord#: 42 In build_straw_man_chord_sa. tolerance = 1, sa_iterations = 1000, initial_temperature = 3.0, cooling_rate = 0.999
26 - INFO - chord#: 40 done. best_score=27.0, changed=522, unchanged=442, early_stops=8/8
26 - INFO - chord#: 42 In build_straw_man_chord_sa. tolerance = 1, sa_iterations = 1000, initial_temperature = 3.0, cooling_rate = 0.999
26 - INFO - chord#: 40 done. best_score=27.0, changed=525, unchanged=423, early_stops=8/8
26 - INFO - chord#: 42 In build_straw_man_chord_sa. tolerance = 1, sa_iterations = 1000, initial_temperature = 3.0, cooling_rate = 0.999
26 - INFO - chord#: 50 done. best_score=35.0, changed=522, unchanged=335, early_stops=8/8
26 - INFO - chord#: 52 In build_straw_man_chord_sa. tolerance = 1, sa_iterations = 1000, initial_temperature = 3.0, cooling_rate = 0.999
26 - INFO - chord#: 42 done. best_score=36.0, changed=523, unchanged=373, early_stops=8/8
26 - INFO - chord#: 44 In build_straw_man_chord_sa. tolerance = 1, sa_iterations = 1000, initial_temperature = 3.0, cooling_rate = 0.999
26 - INFO - chord#: 48 done. best_score=64.0, changed=609, unchanged=328, early_stops=8/8
26 - INFO - chord#: 50 In build_straw_man_chord_sa. tolerance = 1, sa_iterations = 1000, initial_temperature = 3.0, cooling_rate = 0.999
26 - INFO - chord#: 48 done. best_score=162.0, changed=607, unchanged=327, early_stops=8/8
26 - INFO - chord#: 50 In build_straw_man_chord_sa. tolerance = 1, sa_iterations = 1000, initial_temperature = 3.0, cooling_rate = 0.999
26 - INFO - chord#: 50 done. best_score=37.0, changed=522, unchanged=322, early_stops=8/8
26 - INFO - chord#: 52 In build_straw_man_chord_sa. tolerance = 1, sa_iterations = 1000, initial_temperature = 3.0, cooling_rate = 0.999
26 - INFO - chord#: 38 done. best_score=74.0, changed=617, unchanged=465, early_stops=8/8
26 - INFO - chord#: 40 In build_straw_man_chord_sa. tolerance = 1, sa_iterations = 1000, initial_temperature = 3.0, cooling_rate = 0.999
26 - INFO - chord#: 40 done. best_score=27.0, changed=519, unchanged=462, early_stops=8/8
26 - INFO - chord#: 42 In build_straw_man_chord_sa. tolerance = 1, sa_iterations = 1000, initial_temperature = 3.0, cooling_rate = 0.999
26 - INFO - chord#: 42 done. best_score=36.0, changed=515, unchanged=322, early_stops=8/8
26 - INFO - chord#: 44 In build_straw_man_chord_sa. tolerance = 1, sa_iterations = 1000, initial_temperature = 3.0, cooling_rate = 0.999
26 - INFO - chord#: 48 done. best_score=167.0, changed=614, unchanged=235, early_stops=8/8
26 - INFO - chord#: 50 In build_straw_man_chord_sa. tolerance = 1, sa_iterations = 1000, initial_temperature = 3.0, cooling_rate = 0.999
26 - INFO - chord#: 42 done. best_score=36.0, changed=518, unchanged=345, early_stops=8/8
26 - INFO - chord#: 44 In build_straw_man_chord_sa. tolerance = 1, sa_iterations = 1000, initial_temperature = 3.0, cooling_rate = 0.999
26 - INFO - chord#: 42 done. best_score=36.0, changed=520, unchanged=381, early_stops=8/8
26 - INFO - chord#: 44 In build_straw_man_chord_sa. tolerance = 1, sa_iterations = 1000, initial_temperature = 3.0, cooling_rate = 0.999
26 - INFO - chord#: 52 done. best_score=27.0, changed=524, unchanged=438, early_stops=8/8
26 - INFO - chord#: 54 In build_straw_man_chord_sa. tolerance = 1, sa_iterations = 1000, initial_temperature = 3.0, cooling_rate = 0.999
26 - INFO - chord#: 50 done. best_score=37.0, changed=524, unchanged=379, early_stops=8/8
26 - INFO - chord#: 52 In build_straw_man_chord_sa. tolerance = 1, sa_iterations = 1000, initial_temperature = 3.0, cooling_rate = 0.999
26 - INFO - chord#: 50 done. best_score=37.0, changed=528, unchanged=395, early_stops=8/8
26 - INFO - chord#: 52 In build_straw_man_chord_sa. tolerance = 1, sa_iterations = 1000, initial_temperature = 3.0, cooling_rate = 0.999
26 - INFO - chord#: 44 done. best_score=27.0, changed=516, unchanged=332, early_stops=8/8
26 - INFO - chord#: 48 In build_straw_man_chord_sa. tolerance = 1, sa_iterations = 1000, initial_temperature = 3.0, cooling_rate = 0.999
26 - INFO - chord#: 48 done. best_score=64.0, changed=619, unchanged=444, early_stops=8/8
26 - INFO - chord#: 50 In build_straw_man_chord_sa. tolerance = 1, sa_iterations = 1000, initial_temperature = 3.0, cooling_rate = 0.999
26 - INFO - chord#: 52 done. best_score=27.0, changed=530, unchanged=532, early_stops=8/8
26 - INFO - chord#: 54 In build_straw_man_chord_sa. tolerance = 1, sa_iterations = 1000, initial_temperature = 3.0, cooling_rate = 0.999
26 - INFO - chord#: 40 done. best_score=27.0, changed=528, unchanged=356, early_stops=8/8
26 - INFO - chord#: 42 In build_straw_man_chord_sa. tolerance = 1, sa_iterations = 1000, initial_temperature = 3.0, cooling_rate = 0.999
26 - INFO - chord#: 42 done. best_score=36.0, changed=519, unchanged=379, early_stops=8/8
26 - INFO - chord#: 44 In build_straw_man_chord_sa. tolerance = 1, sa_iterations = 1000, initial_temperature = 3.0, cooling_rate = 0.999
26 - INFO - chord#: 50 done. best_score=49.0, changed=529, unchanged=308, early_stops=8/8
26 - INFO - chord#: 52 In build_straw_man_chord_sa. tolerance = 1, sa_iterations = 1000, initial_temperature = 3.0, cooling_rate = 0.999
26 - INFO - chord#: 44 done. best_score=27.0, changed=517, unchanged=416, early_stops=8/8
26 - INFO - chord#: 48 In build_straw_man_chord_sa. tolerance = 1, sa_iterations = 1000, initial_temperature = 3.0, cooling_rate = 0.999
26 - INFO - chord#: 54 done. best_score=47.0, changed=526, unchanged=379, early_stops=8/8
26 - INFO - chord#: 55 In build_straw_man_chord_sa. tolerance = 1, sa_iterations = 1000, initial_temperature = 3.0, cooling_rate = 0.999
26 - INFO - chord#: 52 done. best_score=27.0, changed=514, unchanged=354, early_stops=8/8
26 - INFO - chord#: 54 In build_straw_man_chord_sa. tolerance = 1, sa_iterations = 1000, initial_temperature = 3.0, cooling_rate = 0.999
26 - INFO - chord#: 44 done. best_score=27.0, changed=518, unchanged=417, early_stops=8/8
26 - INFO - chord#: 48 In build_straw_man_chord_sa. tolerance = 1, sa_iterations = 1000, initial_temperature = 3.0, cooling_rate = 0.999
26 - INFO - chord#: 50 done. best_score=37.0, changed=524, unchanged=361, early_stops=8/8
26 - INFO - chord#: 52 In build_straw_man_chord_sa. tolerance = 1, sa_iterations = 1000, initial_temperature = 3.0, cooling_rate = 0.999
26 - INFO - chord#: 44 done. best_score=27.0, changed=527, unchanged=445, early_stops=8/8
26 - INFO - chord#: 48 In build_straw_man_chord_sa. tolerance = 1, sa_iterations = 1000, initial_temperature = 3.0, cooling_rate = 0.999
26 - INFO - chord#: 54 done. best_score=47.0, changed=520, unchanged=322, early_stops=8/8
26 - INFO - chord#: 55 In build_straw_man_chord_sa. tolerance = 1, sa_iterations = 1000, initial_temperature = 3.0, cooling_rate = 0.999
26 - INFO - chord#: 52 done. best_score=27.0, changed=520, unchanged=504, early_stops=8/8
26 - INFO - chord#: 54 In build_straw_man_chord_sa. tolerance = 1, sa_iterations = 1000, initial_temperature = 3.0, cooling_rate = 0.999
26 - INFO - chord#: 42 done. best_score=36.0, changed=522, unchanged=435, early_stops=8/8
26 - INFO - chord#: 44 In build_straw_man_chord_sa. tolerance = 1, sa_iterations = 1000, initial_temperature = 3.0, cooling_rate = 0.999
26 - INFO - chord#: 52 done. best_score=27.0, changed=524, unchanged=639, early_stops=8/8
26 - INFO - chord#: 54 In build_straw_man_chord_sa. tolerance = 1, sa_iterations = 1000, initial_temperature = 3.0, cooling_rate = 0.999
26 - INFO - chord#: 44 done. best_score=27.0, changed=516, unchanged=425, early_stops=8/8
26 - INFO - chord#: 48 In build_straw_man_chord_sa. tolerance = 1, sa_iterations = 1000, initial_temperature = 3.0, cooling_rate = 0.999
26 - INFO - chord#: 54 done. best_score=47.0, changed=534, unchanged=583, early_stops=8/8
26 - INFO - chord#: 55 In build_straw_man_chord_sa. tolerance = 1, sa_iterations = 1000, initial_temperature = 3.0, cooling_rate = 0.999
26 - INFO - chord#: 52 done. best_score=27.0, changed=517, unchanged=355, early_stops=8/8
26 - INFO - chord#: 54 In build_straw_man_chord_sa. tolerance = 1, sa_iterations = 1000, initial_temperature = 3.0, cooling_rate = 0.999
26 - INFO - chord#: 54 done. best_score=47.0, changed=520, unchanged=418, early_stops=8/8
26 - INFO - chord#: 55 In build_straw_man_chord_sa. tolerance = 1, sa_iterations = 1000, initial_temperature = 3.0, cooling_rate = 0.999
26 - INFO - chord#: 54 done. best_score=47.0, changed=531, unchanged=484, early_stops=8/8
26 - INFO - chord#: 55 In build_straw_man_chord_sa. tolerance = 1, sa_iterations = 1000, initial_temperature = 3.0, cooling_rate = 0.999
26 - INFO - chord#: 44 done. best_score=27.0, changed=522, unchanged=487, early_stops=8/8
26 - INFO - chord#: 48 In build_straw_man_chord_sa. tolerance = 1, sa_iterations = 1000, initial_temperature = 3.0, cooling_rate = 0.999
26 - INFO - chord#: 48 done. best_score=157.0, changed=620, unchanged=311, early_stops=8/8
26 - INFO - chord#: 50 In build_straw_man_chord_sa. tolerance = 1, sa_iterations = 1000, initial_temperature = 3.0, cooling_rate = 0.999
26 - INFO - chord#: 48 done. best_score=64.0, changed=605, unchanged=268, early_stops=8/8
26 - INFO - chord#: 50 In build_straw_man_chord_sa. tolerance = 1, sa_iterations = 1000, initial_temperature = 3.0, cooling_rate = 0.999
26 - INFO - chord#: 54 done. best_score=47.0, changed=514, unchanged=313, early_stops=8/8
26 - INFO - chord#: 55 In build_straw_man_chord_sa. tolerance = 1, sa_iterations = 1000, initial_temperature = 3.0, cooling_rate = 0.999
26 - INFO - chord#: 55 done. best_score=157.0, changed=606, unchanged=239, early_stops=8/8
26 - INFO - chord#: 56 In build_straw_man_chord_sa. tolerance = 1, sa_iterations = 1000, initial_temperature = 3.0, cooling_rate = 0.999
26 - INFO - chord#: 48 done. best_score=145.0, changed=608, unchanged=401, early_stops=8/8
26 - INFO - chord#: 50 In build_straw_man_chord_sa. tolerance = 1, sa_iterations = 1000, initial_temperature = 3.0, cooling_rate = 0.999
26 - INFO - chord#: 56 done. best_score=9.0, changed=466, unchanged=390, early_stops=8/8
26 - INFO - chord#: 64 In build_straw_man_chord_sa. tolerance = 1, sa_iterations = 1000, initial_temperature = 3.0, cooling_rate = 0.999
26 - INFO - chord#: 50 done. best_score=35.0, changed=519, unchanged=333, early_stops=8/8
26 - INFO - chord#: 52 In build_straw_man_chord_sa. tolerance = 1, sa_iterations = 1000, initial_temperature = 3.0, cooling_rate = 0.999
26 - INFO - chord#: 55 done. best_score=111.0, changed=611, unchanged=426, early_stops=8/8
26 - INFO - chord#: 56 In build_straw_man_chord_sa. tolerance = 1, sa_iterations = 1000, initial_temperature = 3.0, cooling_rate = 0.999
26 - INFO - chord#: 48 done. best_score=157.0, changed=614, unchanged=390, early_stops=8/8
26 - INFO - chord#: 50 In build_straw_man_chord_sa. tolerance = 1, sa_iterations = 1000, initial_temperature = 3.0, cooling_rate = 0.999
26 - INFO - chord#: 50 done. best_score=37.0, changed=519, unchanged=442, early_stops=8/8
26 - INFO - chord#: 52 In build_straw_man_chord_sa. tolerance = 1, sa_iterations = 1000, initial_temperature = 3.0, cooling_rate = 0.999
26 - INFO - chord#: 56 done. best_score=9.0, changed=462, unchanged=378, early_stops=8/8
26 - INFO - chord#: 64 In build_straw_man_chord_sa. tolerance = 1, sa_iterations = 1000, initial_temperature = 3.0, cooling_rate = 0.999
26 - INFO - chord#: 48 done. best_score=64.0, changed=611, unchanged=315, early_stops=8/8
26 - INFO - chord#: 50 In build_straw_man_chord_sa. tolerance = 1, sa_iterations = 1000, initial_temperature = 3.0, cooling_rate = 0.999
26 - INFO - chord#: 55 done. best_score=111.0, changed=613, unchanged=265, early_stops=8/8
26 - INFO - chord#: 56 In build_straw_man_chord_sa. tolerance = 1, sa_iterations = 1000, initial_temperature = 3.0, cooling_rate = 0.999
26 - INFO - chord#: 55 done. best_score=93.0, changed=611, unchanged=417, early_stops=8/8
26 - INFO - chord#: 56 In build_straw_man_chord_sa. tolerance = 1, sa_iterations = 1000, initial_temperature = 3.0, cooling_rate = 0.999
26 - INFO - chord#: 56 done. best_score=9.0, changed=457, unchanged=385, early_stops=8/8
26 - INFO - chord#: 64 In build_straw_man_chord_sa. tolerance = 1, sa_iterations = 1000, initial_temperature = 3.0, cooling_rate = 0.999
26 - INFO - chord#: 64 done. best_score=27.0, changed=517, unchanged=356, early_stops=8/8
26 - INFO - chord#: 72 In build_straw_man_chord_sa. tolerance = 1, sa_iterations = 1000, initial_temperature = 3.0, cooling_rate = 0.999
26 - INFO - chord#: 50 done. best_score=49.0, changed=523, unchanged=425, early_stops=8/8
26 - INFO - chord#: 52 In build_straw_man_chord_sa. tolerance = 1, sa_iterations = 1000, initial_temperature = 3.0, cooling_rate = 0.999
26 - INFO - chord#: 55 done. best_score=111.0, changed=610, unchanged=300, early_stops=8/8
26 - INFO - chord#: 56 In build_straw_man_chord_sa. tolerance = 1, sa_iterations = 1000, initial_temperature = 3.0, cooling_rate = 0.999
26 - INFO - chord#: 56 done. best_score=9.0, changed=453, unchanged=370, early_stops=8/8
26 - INFO - chord#: 64 In build_straw_man_chord_sa. tolerance = 1, sa_iterations = 1000, initial_temperature = 3.0, cooling_rate = 0.999
26 - INFO - chord#: 52 done. best_score=27.0, changed=520, unchanged=539, early_stops=8/8
26 - INFO - chord#: 54 In build_straw_man_chord_sa. tolerance = 1, sa_iterations = 1000, initial_temperature = 3.0, cooling_rate = 0.999
26 - INFO - chord#: 50 done. best_score=35.0, changed=516, unchanged=365, early_stops=8/8
26 - INFO - chord#: 52 In build_straw_man_chord_sa. tolerance = 1, sa_iterations = 1000, initial_temperature = 3.0, cooling_rate = 0.999
26 - INFO - chord#: 56 done. best_score=9.0, changed=458, unchanged=382, early_stops=8/8
26 - INFO - chord#: 64 In build_straw_man_chord_sa. tolerance = 1, sa_iterations = 1000, initial_temperature = 3.0, cooling_rate = 0.999
26 - INFO - chord#: 55 done. best_score=144.0, changed=608, unchanged=236, early_stops=8/8
26 - INFO - chord#: 56 In build_straw_man_chord_sa. tolerance = 1, sa_iterations = 1000, initial_temperature = 3.0, cooling_rate = 0.999
26 - INFO - chord#: 64 done. best_score=27.0, changed=514, unchanged=451, early_stops=8/8
26 - INFO - chord#: 72 In build_straw_man_chord_sa. tolerance = 1, sa_iterations = 1000, initial_temperature = 3.0, cooling_rate = 0.999
26 - INFO - chord#: 52 done. best_score=27.0, changed=518, unchanged=410, early_stops=8/8
26 - INFO - chord#: 54 In build_straw_man_chord_sa. tolerance = 1, sa_iterations = 1000, initial_temperature = 3.0, cooling_rate = 0.999
26 - INFO - chord#: 56 done. best_score=9.0, changed=459, unchanged=389, early_stops=8/8
26 - INFO - chord#: 64 In build_straw_man_chord_sa. tolerance = 1, sa_iterations = 1000, initial_temperature = 3.0, cooling_rate = 0.999
26 - INFO - chord#: 48 done. best_score=64.0, changed=612, unchanged=293, early_stops=8/8
26 - INFO - chord#: 50 In build_straw_man_chord_sa. tolerance = 1, sa_iterations = 1000, initial_temperature = 3.0, cooling_rate = 0.999
26 - INFO - chord#: 50 done. best_score=37.0, changed=517, unchanged=401, early_stops=8/8
26 - INFO - chord#: 52 In build_straw_man_chord_sa. tolerance = 1, sa_iterations = 1000, initial_temperature = 3.0, cooling_rate = 0.999
26 - INFO - chord#: 64 done. best_score=27.0, changed=514, unchanged=414, early_stops=8/8
26 - INFO - chord#: 72 In build_straw_man_chord_sa. tolerance = 1, sa_iterations = 1000, initial_temperature = 3.0, cooling_rate = 0.999
26 - INFO - chord#: 64 done. best_score=27.0, changed=514, unchanged=359, early_stops=8/8
26 - INFO - chord#: 72 In build_straw_man_chord_sa. tolerance = 1, sa_iterations = 1000, initial_temperature = 3.0, cooling_rate = 0.999
26 - INFO - chord#: 54 done. best_score=47.0, changed=523, unchanged=338, early_stops=8/8
26 - INFO - chord#: 55 In build_straw_man_chord_sa. tolerance = 1, sa_iterations = 1000, initial_temperature = 3.0, cooling_rate = 0.999
26 - INFO - chord#: 72 done. best_score=27.0, changed=514, unchanged=355, early_stops=8/8
26 - INFO - chord#: 74 In build_straw_man_chord_sa. tolerance = 1, sa_iterations = 1000, initial_temperature = 3.0, cooling_rate = 0.999
26 - INFO - chord#: 64 done. best_score=27.0, changed=519, unchanged=396, early_stops=8/8
26 - INFO - chord#: 72 In build_straw_man_chord_sa. tolerance = 1, sa_iterations = 1000, initial_temperature = 3.0, cooling_rate = 0.999
26 - INFO - chord#: 52 done. best_score=27.0, changed=525, unchanged=442, early_stops=8/8
26 - INFO - chord#: 54 In build_straw_man_chord_sa. tolerance = 1, sa_iterations = 1000, initial_temperature = 3.0, cooling_rate = 0.999
26 - INFO - chord#: 72 done. best_score=27.0, changed=520, unchanged=425, early_stops=8/8
26 - INFO - chord#: 74 In build_straw_man_chord_sa. tolerance = 1, sa_iterations = 1000, initial_temperature = 3.0, cooling_rate = 0.999
26 - INFO - chord#: 52 done. best_score=27.0, changed=521, unchanged=465, early_stops=8/8
26 - INFO - chord#: 54 In build_straw_man_chord_sa. tolerance = 1, sa_iterations = 1000, initial_temperature = 3.0, cooling_rate = 0.999
26 - INFO - chord#: 54 done. best_score=47.0, changed=528, unchanged=449, early_stops=8/8
26 - INFO - chord#: 55 In build_straw_man_chord_sa. tolerance = 1, sa_iterations = 1000, initial_temperature = 3.0, cooling_rate = 0.999
26 - INFO - chord#: 50 done. best_score=35.0, changed=528, unchanged=409, early_stops=8/8
26 - INFO - chord#: 52 In build_straw_man_chord_sa. tolerance = 1, sa_iterations = 1000, initial_temperature = 3.0, cooling_rate = 0.999
26 - INFO - chord#: 64 done. best_score=27.0, changed=521, unchanged=537, early_stops=8/8
26 - INFO - chord#: 72 In build_straw_man_chord_sa. tolerance = 1, sa_iterations = 1000, initial_temperature = 3.0, cooling_rate = 0.999
26 - INFO - chord#: 72 done. best_score=27.0, changed=527, unchanged=377, early_stops=8/8
26 - INFO - chord#: 74 In build_straw_man_chord_sa. tolerance = 1, sa_iterations = 1000, initial_temperature = 3.0, cooling_rate = 0.999
26 - INFO - chord#: 72 done. best_score=27.0, changed=519, unchanged=366, early_stops=8/8
26 - INFO - chord#: 74 In build_straw_man_chord_sa. tolerance = 1, sa_iterations = 1000, initial_temperature = 3.0, cooling_rate = 0.999
26 - INFO - chord#: 52 done. best_score=27.0, changed=528, unchanged=507, early_stops=8/8
26 - INFO - chord#: 54 In build_straw_man_chord_sa. tolerance = 1, sa_iterations = 1000, initial_temperature = 3.0, cooling_rate = 0.999
26 - INFO - chord#: 72 done. best_score=27.0, changed=522, unchanged=391, early_stops=8/8
26 - INFO - chord#: 74 In build_straw_man_chord_sa. tolerance = 1, sa_iterations = 1000, initial_temperature = 3.0, cooling_rate = 0.999
26 - INFO - chord#: 74 done. best_score=48.0, changed=535, unchanged=351, early_stops=8/8
26 - INFO - chord#: 76 In build_straw_man_chord_sa. tolerance = 1, sa_iterations = 1000, initial_temperature = 3.0, cooling_rate = 0.999
26 - INFO - chord#: 54 done. best_score=47.0, changed=513, unchanged=338, early_stops=8/8
26 - INFO - chord#: 55 In build_straw_man_chord_sa. tolerance = 1, sa_iterations = 1000, initial_temperature = 3.0, cooling_rate = 0.999
26 - INFO - chord#: 74 done. best_score=48.0, changed=530, unchanged=466, early_stops=8/8
26 - INFO - chord#: 76 In build_straw_man_chord_sa. tolerance = 1, sa_iterations = 1000, initial_temperature = 3.0, cooling_rate = 0.999
26 - INFO - chord#: 72 done. best_score=27.0, changed=521, unchanged=329, early_stops=8/8
26 - INFO - chord#: 74 In build_straw_man_chord_sa. tolerance = 1, sa_iterations = 1000, initial_temperature = 3.0, cooling_rate = 0.999
26 - INFO - chord#: 74 done. best_score=48.0, changed=528, unchanged=337, early_stops=8/8
26 - INFO - chord#: 76 In build_straw_man_chord_sa. tolerance = 1, sa_iterations = 1000, initial_temperature = 3.0, cooling_rate = 0.999
26 - INFO - chord#: 54 done. best_score=47.0, changed=536, unchanged=527, early_stops=8/8
26 - INFO - chord#: 55 In build_straw_man_chord_sa. tolerance = 1, sa_iterations = 1000, initial_temperature = 3.0, cooling_rate = 0.999
26 - INFO - chord#: 74 done. best_score=48.0, changed=529, unchanged=323, early_stops=8/8
26 - INFO - chord#: 76 In build_straw_man_chord_sa. tolerance = 1, sa_iterations = 1000, initial_temperature = 3.0, cooling_rate = 0.999
26 - INFO - chord#: 52 done. best_score=27.0, changed=520, unchanged=451, early_stops=8/8
26 - INFO - chord#: 54 In build_straw_man_chord_sa. tolerance = 1, sa_iterations = 1000, initial_temperature = 3.0, cooling_rate = 0.999
26 - INFO - chord#: 74 done. best_score=48.0, changed=535, unchanged=371, early_stops=8/8
26 - INFO - chord#: 76 In build_straw_man_chord_sa. tolerance = 1, sa_iterations = 1000, initial_temperature = 3.0, cooling_rate = 0.999
26 - INFO - chord#: 76 done. best_score=27.0, changed=524, unchanged=385, early_stops=8/8
26 - INFO - chord#: 78 In build_straw_man_chord_sa. tolerance = 1, sa_iterations = 1000, initial_temperature = 3.0, cooling_rate = 0.999
26 - INFO - chord#: 55 done. best_score=113.0, changed=612, unchanged=331, early_stops=8/8
26 - INFO - chord#: 56 In build_straw_man_chord_sa. tolerance = 1, sa_iterations = 1000, initial_temperature = 3.0, cooling_rate = 0.999
26 - INFO - chord#: 54 done. best_score=47.0, changed=523, unchanged=364, early_stops=8/8
26 - INFO - chord#: 55 In build_straw_man_chord_sa. tolerance = 1, sa_iterations = 1000, initial_temperature = 3.0, cooling_rate = 0.999
26 - INFO - chord#: 56 done. best_score=9.0, changed=472, unchanged=364, early_stops=8/8
26 - INFO - chord#: 64 In build_straw_man_chord_sa. tolerance = 1, sa_iterations = 1000, initial_temperature = 3.0, cooling_rate = 0.999
26 - INFO - chord#: 76 done. best_score=27.0, changed=518, unchanged=409, early_stops=8/8
26 - INFO - chord#: 76 done. best_score=27.0, changed=520, unchanged=468, early_stops=8/8
26 - INFO - chord#: 78 In build_straw_man_chord_sa. tolerance = 1, sa_iterations = 1000, initial_temperature = 3.0, cooling_rate = 0.999
26 - INFO - chord#: 78 In build_straw_man_chord_sa. tolerance = 1, sa_iterations = 1000, initial_temperature = 3.0, cooling_rate = 0.999
26 - INFO - chord#: 76 done. best_score=27.0, changed=523, unchanged=542, early_stops=8/8
26 - INFO - chord#: 78 In build_straw_man_chord_sa. tolerance = 1, sa_iterations = 1000, initial_temperature = 3.0, cooling_rate = 0.999
26 - INFO - chord#: 74 done. best_score=48.0, changed=527, unchanged=361, early_stops=8/8
26 - INFO - chord#: 76 In build_straw_man_chord_sa. tolerance = 1, sa_iterations = 1000, initial_temperature = 3.0, cooling_rate = 0.999
26 - INFO - chord#: 76 done. best_score=27.0, changed=518, unchanged=338, early_stops=8/8
26 - INFO - chord#: 78 In build_straw_man_chord_sa. tolerance = 1, sa_iterations = 1000, initial_temperature = 3.0, cooling_rate = 0.999
26 - INFO - chord#: 78 done. best_score=27.0, changed=526, unchanged=482, early_stops=8/8
26 - INFO - chord#: 80 In build_straw_man_chord_sa. tolerance = 1, sa_iterations = 1000, initial_temperature = 3.0, cooling_rate = 0.999
26 - INFO - chord#: 55 done. best_score=111.0, changed=609, unchanged=234, early_stops=8/8
26 - INFO - chord#: 56 In build_straw_man_chord_sa. tolerance = 1, sa_iterations = 1000, initial_temperature = 3.0, cooling_rate = 0.999
26 - INFO - chord#: 54 done. best_score=47.0, changed=524, unchanged=507, early_stops=8/8
26 - INFO - chord#: 55 In build_straw_man_chord_sa. tolerance = 1, sa_iterations = 1000, initial_temperature = 3.0, cooling_rate = 0.999
26 - INFO - chord#: 64 done. best_score=27.0, changed=522, unchanged=373, early_stops=8/8
26 - INFO - chord#: 72 In build_straw_man_chord_sa. tolerance = 1, sa_iterations = 1000, initial_temperature = 3.0, cooling_rate = 0.999
26 - INFO - chord#: 56 done. best_score=9.0, changed=450, unchanged=371, early_stops=8/8
26 - INFO - chord#: 64 In build_straw_man_chord_sa. tolerance = 1, sa_iterations = 1000, initial_temperature = 3.0, cooling_rate = 0.999
26 - INFO - chord#: 78 done. best_score=27.0, changed=519, unchanged=333, early_stops=8/8
26 - INFO - chord#: 80 In build_straw_man_chord_sa. tolerance = 1, sa_iterations = 1000, initial_temperature = 3.0, cooling_rate = 0.999
26 - INFO - chord#: 78 done. best_score=27.0, changed=518, unchanged=310, early_stops=8/8
26 - INFO - chord#: 80 In build_straw_man_chord_sa. tolerance = 1, sa_iterations = 1000, initial_temperature = 3.0, cooling_rate = 0.999
26 - INFO - chord#: 78 done. best_score=27.0, changed=531, unchanged=449, early_stops=8/8
26 - INFO - chord#: 80 In build_straw_man_chord_sa. tolerance = 1, sa_iterations = 1000, initial_temperature = 3.0, cooling_rate = 0.999
26 - INFO - chord#: 55 done. best_score=111.0, changed=613, unchanged=286, early_stops=8/8
26 - INFO - chord#: 56 In build_straw_man_chord_sa. tolerance = 1, sa_iterations = 1000, initial_temperature = 3.0, cooling_rate = 0.999
26 - INFO - chord#: 76 done. best_score=27.0, changed=520, unchanged=363, early_stops=8/8
26 - INFO - chord#: 78 In build_straw_man_chord_sa. tolerance = 1, sa_iterations = 1000, initial_temperature = 3.0, cooling_rate = 0.999
26 - INFO - chord#: 78 done. best_score=27.0, changed=524, unchanged=404, early_stops=8/8
26 - INFO - chord#: 80 In build_straw_man_chord_sa. tolerance = 1, sa_iterations = 1000, initial_temperature = 3.0, cooling_rate = 0.999
26 - INFO - chord#: 56 done. best_score=9.0, changed=463, unchanged=398, early_stops=8/8
26 - INFO - chord#: 64 In build_straw_man_chord_sa. tolerance = 1, sa_iterations = 1000, initial_temperature = 3.0, cooling_rate = 0.999
26 - INFO - chord#: 55 done. best_score=93.0, changed=612, unchanged=293, early_stops=8/8
26 - INFO - chord#: 56 In build_straw_man_chord_sa. tolerance = 1, sa_iterations = 1000, initial_temperature = 3.0, cooling_rate = 0.999
26 - INFO - chord#: 72 done. best_score=27.0, changed=520, unchanged=502, early_stops=8/8
26 - INFO - chord#: 74 In build_straw_man_chord_sa. tolerance = 1, sa_iterations = 1000, initial_temperature = 3.0, cooling_rate = 0.999
26 - INFO - chord#: 56 done. best_score=9.0, changed=464, unchanged=372, early_stops=8/8
26 - INFO - chord#: 64 In build_straw_man_chord_sa. tolerance = 1, sa_iterations = 1000, initial_temperature = 3.0, cooling_rate = 0.999
26 - INFO - chord#: 55 done. best_score=105.0, changed=607, unchanged=243, early_stops=8/8
26 - INFO - chord#: 56 In build_straw_man_chord_sa. tolerance = 1, sa_iterations = 1000, initial_temperature = 3.0, cooling_rate = 0.999
26 - INFO - chord#: 64 done. best_score=27.0, changed=517, unchanged=567, early_stops=8/8
26 - INFO - chord#: 72 In build_straw_man_chord_sa. tolerance = 1, sa_iterations = 1000, initial_temperature = 3.0, cooling_rate = 0.999
26 - INFO - chord#: 56 done. best_score=9.0, changed=464, unchanged=376, early_stops=8/8
26 - INFO - chord#: 64 In build_straw_man_chord_sa. tolerance = 1, sa_iterations = 1000, initial_temperature = 3.0, cooling_rate = 0.999
26 - INFO - chord#: 74 done. best_score=48.0, changed=529, unchanged=310, early_stops=8/8
26 - INFO - chord#: 76 In build_straw_man_chord_sa. tolerance = 1, sa_iterations = 1000, initial_temperature = 3.0, cooling_rate = 0.999
26 - INFO - chord#: 78 done. best_score=27.0, changed=526, unchanged=394, early_stops=8/8
26 - INFO - chord#: 80 In build_straw_man_chord_sa. tolerance = 1, sa_iterations = 1000, initial_temperature = 3.0, cooling_rate = 0.999
26 - INFO - chord#: 80 done. best_score=71.0, changed=609, unchanged=324, early_stops=8/8
26 - INFO - chord#: 84 In build_straw_man_chord_sa. tolerance = 1, sa_iterations = 1000, initial_temperature = 3.0, cooling_rate = 0.999
26 - INFO - chord#: 64 done. best_score=27.0, changed=514, unchanged=419, early_stops=8/8
26 - INFO - chord#: 72 In build_straw_man_chord_sa. tolerance = 1, sa_iterations = 1000, initial_temperature = 3.0, cooling_rate = 0.999
26 - INFO - chord#: 80 done. best_score=125.0, changed=617, unchanged=298, early_stops=8/8
26 - INFO - chord#: 84 In build_straw_man_chord_sa. tolerance = 1, sa_iterations = 1000, initial_temperature = 3.0, cooling_rate = 0.999
26 - INFO - chord#: 80 done. best_score=64.0, changed=611, unchanged=239, early_stops=8/8
26 - INFO - chord#: 84 In build_straw_man_chord_sa. tolerance = 1, sa_iterations = 1000, initial_temperature = 3.0, cooling_rate = 0.999
26 - INFO - chord#: 72 done. best_score=27.0, changed=521, unchanged=381, early_stops=8/8
26 - INFO - chord#: 74 In build_straw_man_chord_sa. tolerance = 1, sa_iterations = 1000, initial_temperature = 3.0, cooling_rate = 0.999
26 - INFO - chord#: 64 done. best_score=27.0, changed=520, unchanged=394, early_stops=8/8
26 - INFO - chord#: 72 In build_straw_man_chord_sa. tolerance = 1, sa_iterations = 1000, initial_temperature = 3.0, cooling_rate = 0.999
26 - INFO - chord#: 55 done. best_score=111.0, changed=613, unchanged=382, early_stops=8/8
26 - INFO - chord#: 56 In build_straw_man_chord_sa. tolerance = 1, sa_iterations = 1000, initial_temperature = 3.0, cooling_rate = 0.999
26 - INFO - chord#: 80 done. best_score=64.0, changed=611, unchanged=388, early_stops=8/8
26 - INFO - chord#: 84 In build_straw_man_chord_sa. tolerance = 1, sa_iterations = 1000, initial_temperature = 3.0, cooling_rate = 0.999
26 - INFO - chord#: 64 done. best_score=27.0, changed=519, unchanged=378, early_stops=8/8
26 - INFO - chord#: 72 In build_straw_man_chord_sa. tolerance = 1, sa_iterations = 1000, initial_temperature = 3.0, cooling_rate = 0.999
26 - INFO - chord#: 76 done. best_score=27.0, changed=519, unchanged=421, early_stops=8/8
26 - INFO - chord#: 78 In build_straw_man_chord_sa. tolerance = 1, sa_iterations = 1000, initial_temperature = 3.0, cooling_rate = 0.999
26 - INFO - chord#: 84 done. best_score=31.0, changed=532, unchanged=415, early_stops=8/8
26 - INFO - chord#: 86 In build_straw_man_chord_sa. tolerance = 1, sa_iterations = 1000, initial_temperature = 3.0, cooling_rate = 0.999
26 - INFO - chord#: 56 done. best_score=9.0, changed=451, unchanged=390, early_stops=8/8
26 - INFO - chord#: 64 In build_straw_man_chord_sa. tolerance = 1, sa_iterations = 1000, initial_temperature = 3.0, cooling_rate = 0.999
26 - INFO - chord#: 84 done. best_score=31.0, changed=537, unchanged=300, early_stops=8/8
26 - INFO - chord#: 86 In build_straw_man_chord_sa. tolerance = 1, sa_iterations = 1000, initial_temperature = 3.0, cooling_rate = 0.999
26 - INFO - chord#: 72 done. best_score=36.0, changed=520, unchanged=351, early_stops=8/8
26 - INFO - chord#: 74 In build_straw_man_chord_sa. tolerance = 1, sa_iterations = 1000, initial_temperature = 3.0, cooling_rate = 0.999
26 - INFO - chord#: 74 done. best_score=48.0, changed=524, unchanged=316, early_stops=8/8
26 - INFO - chord#: 76 In build_straw_man_chord_sa. tolerance = 1, sa_iterations = 1000, initial_temperature = 3.0, cooling_rate = 0.999
26 - INFO - chord#: 84 done. best_score=31.0, changed=522, unchanged=343, early_stops=8/8
26 - INFO - chord#: 86 In build_straw_man_chord_sa. tolerance = 1, sa_iterations = 1000, initial_temperature = 3.0, cooling_rate = 0.999
26 - INFO - chord#: 72 done. best_score=27.0, changed=524, unchanged=355, early_stops=8/8
26 - INFO - chord#: 74 In build_straw_man_chord_sa. tolerance = 1, sa_iterations = 1000, initial_temperature = 3.0, cooling_rate = 0.999
26 - INFO - chord#: 84 done. best_score=31.0, changed=523, unchanged=401, early_stops=8/8
26 - INFO - chord#: 86 In build_straw_man_chord_sa. tolerance = 1, sa_iterations = 1000, initial_temperature = 3.0, cooling_rate = 0.999
26 - INFO - chord#: 78 done. best_score=27.0, changed=524, unchanged=437, early_stops=8/8
26 - INFO - chord#: 80 In build_straw_man_chord_sa. tolerance = 1, sa_iterations = 1000, initial_temperature = 3.0, cooling_rate = 0.999
26 - INFO - chord#: 80 done. best_score=104.0, changed=616, unchanged=443, early_stops=8/8
26 - INFO - chord#: 84 In build_straw_man_chord_sa. tolerance = 1, sa_iterations = 1000, initial_temperature = 3.0, cooling_rate = 0.999
26 - INFO - chord#: 64 done. best_score=27.0, changed=523, unchanged=589, early_stops=8/8
26 - INFO - chord#: 72 In build_straw_man_chord_sa. tolerance = 1, sa_iterations = 1000, initial_temperature = 3.0, cooling_rate = 0.999
26 - INFO - chord#: 72 done. best_score=27.0, changed=515, unchanged=435, early_stops=8/8
26 - INFO - chord#: 74 In build_straw_man_chord_sa. tolerance = 1, sa_iterations = 1000, initial_temperature = 3.0, cooling_rate = 0.999
26 - INFO - chord#: 74 done. best_score=60.0, changed=528, unchanged=361, early_stops=8/8
26 - INFO - chord#: 76 In build_straw_man_chord_sa. tolerance = 1, sa_iterations = 1000, initial_temperature = 3.0, cooling_rate = 0.999
26 - INFO - chord#: 76 done. best_score=27.0, changed=519, unchanged=481, early_stops=8/8
26 - INFO - chord#: 78 In build_straw_man_chord_sa. tolerance = 1, sa_iterations = 1000, initial_temperature = 3.0, cooling_rate = 0.999
26 - INFO - chord#: 74 done. best_score=48.0, changed=540, unchanged=342, early_stops=8/8
26 - INFO - chord#: 76 In build_straw_man_chord_sa. tolerance = 1, sa_iterations = 1000, initial_temperature = 3.0, cooling_rate = 0.999
26 - INFO - chord#: 84 done. best_score=49.0, changed=555, unchanged=326, early_stops=8/8
26 - INFO - chord#: 86 In build_straw_man_chord_sa. tolerance = 1, sa_iterations = 1000, initial_temperature = 3.0, cooling_rate = 0.999
26 - INFO - chord#: 72 done. best_score=27.0, changed=518, unchanged=386, early_stops=8/8
26 - INFO - chord#: 74 In build_straw_man_chord_sa. tolerance = 1, sa_iterations = 1000, initial_temperature = 3.0, cooling_rate = 0.999
26 - INFO - chord#: 80 done. best_score=64.0, changed=617, unchanged=412, early_stops=8/8
26 - INFO - chord#: 84 In build_straw_man_chord_sa. tolerance = 1, sa_iterations = 1000, initial_temperature = 3.0, cooling_rate = 0.999
26 - INFO - chord#: 86 done. best_score=67.0, changed=611, unchanged=315, early_stops=8/8
26 - INFO - chord#: 88 In build_straw_man_chord_sa. tolerance = 1, sa_iterations = 1000, initial_temperature = 3.0, cooling_rate = 0.999
26 - INFO - chord#: 86 done. best_score=67.0, changed=611, unchanged=379, early_stops=8/8
26 - INFO - chord#: 88 In build_straw_man_chord_sa. tolerance = 1, sa_iterations = 1000, initial_temperature = 3.0, cooling_rate = 0.999
26 - INFO - chord#: 88 done. best_score=9.0, changed=448, unchanged=389, early_stops=8/8
26 - INFO - chord#: 96 In build_straw_man_chord_sa. tolerance = 1, sa_iterations = 1000, initial_temperature = 3.0, cooling_rate = 0.999
26 - INFO - chord#: 74 done. best_score=48.0, changed=532, unchanged=432, early_stops=8/8
26 - INFO - chord#: 76 In build_straw_man_chord_sa. tolerance = 1, sa_iterations = 1000, initial_temperature = 3.0, cooling_rate = 0.999
26 - INFO - chord#: 88 done. best_score=9.0, changed=451, unchanged=377, early_stops=8/8
26 - INFO - chord#: 96 In build_straw_man_chord_sa. tolerance = 1, sa_iterations = 1000, initial_temperature = 3.0, cooling_rate = 0.999
26 - INFO - chord#: 78 done. best_score=27.0, changed=526, unchanged=388, early_stops=8/8
26 - INFO - chord#: 80 In build_straw_man_chord_sa. tolerance = 1, sa_iterations = 1000, initial_temperature = 3.0, cooling_rate = 0.999
26 - INFO - chord#: 74 done. best_score=48.0, changed=522, unchanged=293, early_stops=8/8
26 - INFO - chord#: 76 In build_straw_man_chord_sa. tolerance = 1, sa_iterations = 1000, initial_temperature = 3.0, cooling_rate = 0.999
26 - INFO - chord#: 76 done. best_score=27.0, changed=533, unchanged=559, early_stops=8/8
26 - INFO - chord#: 78 In build_straw_man_chord_sa. tolerance = 1, sa_iterations = 1000, initial_temperature = 3.0, cooling_rate = 0.999
26 - INFO - chord#: 76 done. best_score=27.0, changed=520, unchanged=402, early_stops=8/8
26 - INFO - chord#: 78 In build_straw_man_chord_sa. tolerance = 1, sa_iterations = 1000, initial_temperature = 3.0, cooling_rate = 0.999
26 - INFO - chord#: 80 done. best_score=104.0, changed=611, unchanged=303, early_stops=8/8
26 - INFO - chord#: 84 In build_straw_man_chord_sa. tolerance = 1, sa_iterations = 1000, initial_temperature = 3.0, cooling_rate = 0.999
26 - INFO - chord#: 86 done. best_score=137.0, changed=612, unchanged=369, early_stops=8/8
26 - INFO - chord#: 88 In build_straw_man_chord_sa. tolerance = 1, sa_iterations = 1000, initial_temperature = 3.0, cooling_rate = 0.999
26 - INFO - chord#: 84 done. best_score=31.0, changed=525, unchanged=347, early_stops=8/8
26 - INFO - chord#: 86 In build_straw_man_chord_sa. tolerance = 1, sa_iterations = 1000, initial_temperature = 3.0, cooling_rate = 0.999
26 - INFO - chord#: 88 done. best_score=9.0, changed=457, unchanged=371, early_stops=8/8
26 - INFO - chord#: 96 In build_straw_man_chord_sa. tolerance = 1, sa_iterations = 1000, initial_temperature = 3.0, cooling_rate = 0.999
26 - INFO - chord#: 96 done. best_score=27.0, changed=523, unchanged=374, early_stops=8/8
26 - INFO - chord#: 98 In build_straw_man_chord_sa. tolerance = 1, sa_iterations = 1000, initial_temperature = 3.0, cooling_rate = 0.999
26 - INFO - chord#: 96 done. best_score=27.0, changed=526, unchanged=520, early_stops=8/8
26 - INFO - chord#: 98 In build_straw_man_chord_sa. tolerance = 1, sa_iterations = 1000, initial_temperature = 3.0, cooling_rate = 0.999
26 - INFO - chord#: 86 done. best_score=67.0, changed=618, unchanged=407, early_stops=8/8
26 - INFO - chord#: 88 In build_straw_man_chord_sa. tolerance = 1, sa_iterations = 1000, initial_temperature = 3.0, cooling_rate = 0.999
26 - INFO - chord#: 76 done. best_score=27.0, changed=515, unchanged=418, early_stops=8/8
26 - INFO - chord#: 78 In build_straw_man_chord_sa. tolerance = 1, sa_iterations = 1000, initial_temperature = 3.0, cooling_rate = 0.999
26 - INFO - chord#: 84 done. best_score=49.0, changed=553, unchanged=285, early_stops=8/8
26 - INFO - chord#: 86 In build_straw_man_chord_sa. tolerance = 1, sa_iterations = 1000, initial_temperature = 3.0, cooling_rate = 0.999
26 - INFO - chord#: 88 done. best_score=9.0, changed=473, unchanged=367, early_stops=8/8
26 - INFO - chord#: 96 In build_straw_man_chord_sa. tolerance = 1, sa_iterations = 1000, initial_temperature = 3.0, cooling_rate = 0.999
26 - INFO - chord#: 78 done. best_score=27.0, changed=526, unchanged=557, early_stops=8/8
26 - INFO - chord#: 80 In build_straw_man_chord_sa. tolerance = 1, sa_iterations = 1000, initial_temperature = 3.0, cooling_rate = 0.999
26 - INFO - chord#: 76 done. best_score=27.0, changed=522, unchanged=511, early_stops=8/8
26 - INFO - chord#: 78 In build_straw_man_chord_sa. tolerance = 1, sa_iterations = 1000, initial_temperature = 3.0, cooling_rate = 0.999
26 - INFO - chord#: 78 done. best_score=27.0, changed=525, unchanged=416, early_stops=8/8
26 - INFO - chord#: 80 In build_straw_man_chord_sa. tolerance = 1, sa_iterations = 1000, initial_temperature = 3.0, cooling_rate = 0.999
26 - INFO - chord#: 96 done. best_score=27.0, changed=520, unchanged=464, early_stops=8/8
26 - INFO - chord#: 98 In build_straw_man_chord_sa. tolerance = 1, sa_iterations = 1000, initial_temperature = 3.0, cooling_rate = 0.999
26 - INFO - chord#: 86 done. best_score=140.0, changed=612, unchanged=346, early_stops=8/8
26 - INFO - chord#: 88 In build_straw_man_chord_sa. tolerance = 1, sa_iterations = 1000, initial_temperature = 3.0, cooling_rate = 0.999
26 - INFO - chord#: 78 done. best_score=27.0, changed=520, unchanged=426, early_stops=8/8
26 - INFO - chord#: 80 In build_straw_man_chord_sa. tolerance = 1, sa_iterations = 1000, initial_temperature = 3.0, cooling_rate = 0.999
26 - INFO - chord#: 88 done. best_score=9.0, changed=456, unchanged=379, early_stops=8/8
26 - INFO - chord#: 96 In build_straw_man_chord_sa. tolerance = 1, sa_iterations = 1000, initial_temperature = 3.0, cooling_rate = 0.999
26 - INFO - chord#: 78 done. best_score=27.0, changed=520, unchanged=381, early_stops=8/8
26 - INFO - chord#: 80 In build_straw_man_chord_sa. tolerance = 1, sa_iterations = 1000, initial_temperature = 3.0, cooling_rate = 0.999
26 - INFO - chord#: 80 done. best_score=71.0, changed=614, unchanged=478, early_stops=8/8
26 - INFO - chord#: 84 In build_straw_man_chord_sa. tolerance = 1, sa_iterations = 1000, initial_temperature = 3.0, cooling_rate = 0.999
26 - INFO - chord#: 86 done. best_score=78.0, changed=617, unchanged=220, early_stops=8/8
26 - INFO - chord#: 88 In build_straw_man_chord_sa. tolerance = 1, sa_iterations = 1000, initial_temperature = 3.0, cooling_rate = 0.999
26 - INFO - chord#: 96 done. best_score=27.0, changed=528, unchanged=481, early_stops=8/8
26 - INFO - chord#: 98 In build_straw_man_chord_sa. tolerance = 1, sa_iterations = 1000, initial_temperature = 3.0, cooling_rate = 0.999
26 - INFO - chord#: 88 done. best_score=9.0, changed=464, unchanged=391, early_stops=8/8
26 - INFO - chord#: 96 In build_straw_man_chord_sa. tolerance = 1, sa_iterations = 1000, initial_temperature = 3.0, cooling_rate = 0.999
26 - INFO - chord#: 86 done. best_score=67.0, changed=613, unchanged=248, early_stops=8/8
26 - INFO - chord#: 88 In build_straw_man_chord_sa. tolerance = 1, sa_iterations = 1000, initial_temperature = 3.0, cooling_rate = 0.999
26 - INFO - chord#: 98 done. best_score=90.0, changed=613, unchanged=426, early_stops=8/8
26 - INFO - chord#: 100 In build_straw_man_chord_sa. tolerance = 1, sa_iterations = 1000, initial_temperature = 3.0, cooling_rate = 0.999
26 - INFO - chord#: 88 done. best_score=9.0, changed=466, unchanged=357, early_stops=8/8
26 - INFO - chord#: 96 In build_straw_man_chord_sa. tolerance = 1, sa_iterations = 1000, initial_temperature = 3.0, cooling_rate = 0.999
26 - INFO - chord#: 96 done. best_score=27.0, changed=513, unchanged=416, early_stops=8/8
26 - INFO - chord#: 98 In build_straw_man_chord_sa. tolerance = 1, sa_iterations = 1000, initial_temperature = 3.0, cooling_rate = 0.999
26 - INFO - chord#: 98 done. best_score=82.0, changed=614, unchanged=327, early_stops=8/8
26 - INFO - chord#: 100 In build_straw_man_chord_sa. tolerance = 1, sa_iterations = 1000, initial_temperature = 3.0, cooling_rate = 0.999
26 - INFO - chord#: 84 done. best_score=31.0, changed=543, unchanged=323, early_stops=8/8
26 - INFO - chord#: 86 In build_straw_man_chord_sa. tolerance = 1, sa_iterations = 1000, initial_temperature = 3.0, cooling_rate = 0.999
26 - INFO - chord#: 80 done. best_score=64.0, changed=611, unchanged=346, early_stops=8/8
26 - INFO - chord#: 84 In build_straw_man_chord_sa. tolerance = 1, sa_iterations = 1000, initial_temperature = 3.0, cooling_rate = 0.999
26 - INFO - chord#: 96 done. best_score=27.0, changed=519, unchanged=368, early_stops=8/8
26 - INFO - chord#: 98 In build_straw_man_chord_sa. tolerance = 1, sa_iterations = 1000, initial_temperature = 3.0, cooling_rate = 0.999
26 - INFO - chord#: 80 done. best_score=64.0, changed=608, unchanged=231, early_stops=8/8
26 - INFO - chord#: 84 In build_straw_man_chord_sa. tolerance = 1, sa_iterations = 1000, initial_temperature = 3.0, cooling_rate = 0.999
26 - INFO - chord#: 100 done. best_score=27.0, changed=526, unchanged=402, early_stops=8/8
26 - INFO - chord#: 102 In build_straw_man_chord_sa. tolerance = 1, sa_iterations = 1000, initial_temperature = 3.0, cooling_rate = 0.999
26 - INFO - chord#: 100 done. best_score=27.0, changed=524, unchanged=374, early_stops=8/8
26 - INFO - chord#: 102 In build_straw_man_chord_sa. tolerance = 1, sa_iterations = 1000, initial_temperature = 3.0, cooling_rate = 0.999
26 - INFO - chord#: 96 done. best_score=27.0, changed=516, unchanged=388, early_stops=8/8
26 - INFO - chord#: 80 done. best_score=71.0, changed=607, unchanged=225, early_stops=8/8
26 - INFO - chord#: 98 In build_straw_man_chord_sa. tolerance = 1, sa_iterations = 1000, initial_temperature = 3.0, cooling_rate = 0.999
26 - INFO - chord#: 84 In build_straw_man_chord_sa. tolerance = 1, sa_iterations = 1000, initial_temperature = 3.0, cooling_rate = 0.999
26 - INFO - chord#: 84 done. best_score=31.0, changed=535, unchanged=404, early_stops=8/8
26 - INFO - chord#: 86 In build_straw_man_chord_sa. tolerance = 1, sa_iterations = 1000, initial_temperature = 3.0, cooling_rate = 0.999
26 - INFO - chord#: 80 done. best_score=71.0, changed=611, unchanged=471, early_stops=8/8
26 - INFO - chord#: 84 In build_straw_man_chord_sa. tolerance = 1, sa_iterations = 1000, initial_temperature = 3.0, cooling_rate = 0.999
26 - INFO - chord#: 98 done. best_score=90.0, changed=616, unchanged=421, early_stops=8/8
26 - INFO - chord#: 100 In build_straw_man_chord_sa. tolerance = 1, sa_iterations = 1000, initial_temperature = 3.0, cooling_rate = 0.999
26 - INFO - chord#: 84 done. best_score=31.0, changed=534, unchanged=381, early_stops=8/8
26 - INFO - chord#: 86 In build_straw_man_chord_sa. tolerance = 1, sa_iterations = 1000, initial_temperature = 3.0, cooling_rate = 0.999
26 - INFO - chord#: 98 done. best_score=97.0, changed=608, unchanged=357, early_stops=8/8
26 - INFO - chord#: 100 In build_straw_man_chord_sa. tolerance = 1, sa_iterations = 1000, initial_temperature = 3.0, cooling_rate = 0.999
26 - INFO - chord#: 86 done. best_score=67.0, changed=609, unchanged=273, early_stops=8/8
26 - INFO - chord#: 88 In build_straw_man_chord_sa. tolerance = 1, sa_iterations = 1000, initial_temperature = 3.0, cooling_rate = 0.999
26 - INFO - chord#: 84 done. best_score=31.0, changed=539, unchanged=420, early_stops=8/8
26 - INFO - chord#: 86 In build_straw_man_chord_sa. tolerance = 1, sa_iterations = 1000, initial_temperature = 3.0, cooling_rate = 0.999
26 - INFO - chord#: 84 done. best_score=31.0, changed=530, unchanged=355, early_stops=8/8
26 - INFO - chord#: 86 In build_straw_man_chord_sa. tolerance = 1, sa_iterations = 1000, initial_temperature = 3.0, cooling_rate = 0.999
26 - INFO - chord#: 88 done. best_score=9.0, changed=451, unchanged=382, early_stops=8/8
26 - INFO - chord#: 96 In build_straw_man_chord_sa. tolerance = 1, sa_iterations = 1000, initial_temperature = 3.0, cooling_rate = 0.999
26 - INFO - chord#: 100 done. best_score=27.0, changed=520, unchanged=447, early_stops=8/8
26 - INFO - chord#: 102 In build_straw_man_chord_sa. tolerance = 1, sa_iterations = 1000, initial_temperature = 3.0, cooling_rate = 0.999
26 - INFO - chord#: 102 done. best_score=67.0, changed=616, unchanged=383, early_stops=8/8
26 - INFO - chord#: 104 In build_straw_man_chord_sa. tolerance = 1, sa_iterations = 1000, initial_temperature = 3.0, cooling_rate = 0.999
26 - INFO - chord#: 98 done. best_score=97.0, changed=616, unchanged=429, early_stops=8/8
26 - INFO - chord#: 100 In build_straw_man_chord_sa. tolerance = 1, sa_iterations = 1000, initial_temperature = 3.0, cooling_rate = 0.999
26 - INFO - chord#: 100 done. best_score=27.0, changed=517, unchanged=415, early_stops=8/8
26 - INFO - chord#: 102 In build_straw_man_chord_sa. tolerance = 1, sa_iterations = 1000, initial_temperature = 3.0, cooling_rate = 0.999
26 - INFO - chord#: 96 done. best_score=27.0, changed=520, unchanged=441, early_stops=8/8
26 - INFO - chord#: 98 In build_straw_man_chord_sa. tolerance = 1, sa_iterations = 1000, initial_temperature = 3.0, cooling_rate = 0.999
26 - INFO - chord#: 86 done. best_score=112.0, changed=612, unchanged=277, early_stops=8/8
26 - INFO - chord#: 88 In build_straw_man_chord_sa. tolerance = 1, sa_iterations = 1000, initial_temperature = 3.0, cooling_rate = 0.999
26 - INFO - chord#: 86 done. best_score=67.0, changed=607, unchanged=203, early_stops=8/8
26 - INFO - chord#: 88 In build_straw_man_chord_sa. tolerance = 1, sa_iterations = 1000, initial_temperature = 3.0, cooling_rate = 0.999
26 - INFO - chord#: 102 done. best_score=137.0, changed=606, unchanged=282, early_stops=8/8
26 - INFO - chord#: 104 In build_straw_man_chord_sa. tolerance = 1, sa_iterations = 1000, initial_temperature = 3.0, cooling_rate = 0.999
26 - INFO - chord#: 98 done. best_score=82.0, changed=609, unchanged=217, early_stops=8/8
26 - INFO - chord#: 100 In build_straw_man_chord_sa. tolerance = 1, sa_iterations = 1000, initial_temperature = 3.0, cooling_rate = 0.999
26 - INFO - chord#: 88 done. best_score=9.0, changed=462, unchanged=375, early_stops=8/8
26 - INFO - chord#: 96 In build_straw_man_chord_sa. tolerance = 1, sa_iterations = 1000, initial_temperature = 3.0, cooling_rate = 0.999
26 - INFO - chord#: 98 done. best_score=82.0, changed=615, unchanged=593, early_stops=8/8
26 - INFO - chord#: 100 In build_straw_man_chord_sa. tolerance = 1, sa_iterations = 1000, initial_temperature = 3.0, cooling_rate = 0.999
26 - INFO - chord#: 88 done. best_score=9.0, changed=469, unchanged=373, early_stops=8/8
26 - INFO - chord#: 96 In build_straw_man_chord_sa. tolerance = 1, sa_iterations = 1000, initial_temperature = 3.0, cooling_rate = 0.999
26 - INFO - chord#: 100 done. best_score=27.0, changed=527, unchanged=307, early_stops=8/8
26 - INFO - chord#: 102 In build_straw_man_chord_sa. tolerance = 1, sa_iterations = 1000, initial_temperature = 3.0, cooling_rate = 0.999
26 - INFO - chord#: 104 done. best_score=27.0, changed=521, unchanged=355, early_stops=8/8
26 - INFO - chord#: 106 In build_straw_man_chord_sa. tolerance = 1, sa_iterations = 1000, initial_temperature = 3.0, cooling_rate = 0.999
26 - INFO - chord#: 100 done. best_score=27.0, changed=525, unchanged=360, early_stops=8/8
26 - INFO - chord#: 102 In build_straw_man_chord_sa. tolerance = 1, sa_iterations = 1000, initial_temperature = 3.0, cooling_rate = 0.999
26 - INFO - chord#: 96 done. best_score=27.0, changed=520, unchanged=476, early_stops=8/8
26 - INFO - chord#: 98 In build_straw_man_chord_sa. tolerance = 1, sa_iterations = 1000, initial_temperature = 3.0, cooling_rate = 0.999
26 - INFO - chord#: 100 done. best_score=27.0, changed=524, unchanged=404, early_stops=8/8
26 - INFO - chord#: 102 In build_straw_man_chord_sa. tolerance = 1, sa_iterations = 1000, initial_temperature = 3.0, cooling_rate = 0.999
26 - INFO - chord#: 104 done. best_score=27.0, changed=520, unchanged=466, early_stops=8/8
26 - INFO - chord#: 106 In build_straw_man_chord_sa. tolerance = 1, sa_iterations = 1000, initial_temperature = 3.0, cooling_rate = 0.999
26 - INFO - chord#: 96 done. best_score=27.0, changed=515, unchanged=358, early_stops=8/8
26 - INFO - chord#: 98 In build_straw_man_chord_sa. tolerance = 1, sa_iterations = 1000, initial_temperature = 3.0, cooling_rate = 0.999
26 - INFO - chord#: 102 done. best_score=67.0, changed=615, unchanged=321, early_stops=8/8
26 - INFO - chord#: 104 In build_straw_man_chord_sa. tolerance = 1, sa_iterations = 1000, initial_temperature = 3.0, cooling_rate = 0.999
26 - INFO - chord#: 86 done. best_score=67.0, changed=613, unchanged=429, early_stops=8/8
26 - INFO - chord#: 88 In build_straw_man_chord_sa. tolerance = 1, sa_iterations = 1000, initial_temperature = 3.0, cooling_rate = 0.999
26 - INFO - chord#: 86 done. best_score=67.0, changed=612, unchanged=350, early_stops=8/8
26 - INFO - chord#: 88 In build_straw_man_chord_sa. tolerance = 1, sa_iterations = 1000, initial_temperature = 3.0, cooling_rate = 0.999
26 - INFO - chord#: 98 done. best_score=82.0, changed=611, unchanged=320, early_stops=8/8
26 - INFO - chord#: 100 In build_straw_man_chord_sa. tolerance = 1, sa_iterations = 1000, initial_temperature = 3.0, cooling_rate = 0.999
26 - INFO - chord#: 88 done. best_score=9.0, changed=462, unchanged=394, early_stops=8/8
26 - INFO - chord#: 96 In build_straw_man_chord_sa. tolerance = 1, sa_iterations = 1000, initial_temperature = 3.0, cooling_rate = 0.999
26 - INFO - chord#: 88 done. best_score=9.0, changed=475, unchanged=390, early_stops=8/8
26 - INFO - chord#: 96 In build_straw_man_chord_sa. tolerance = 1, sa_iterations = 1000, initial_temperature = 3.0, cooling_rate = 0.999
26 - INFO - chord#: 102 done. best_score=157.0, changed=611, unchanged=393, early_stops=8/8
26 - INFO - chord#: 104 In build_straw_man_chord_sa. tolerance = 1, sa_iterations = 1000, initial_temperature = 3.0, cooling_rate = 0.999
26 - INFO - chord#: 102 done. best_score=78.0, changed=612, unchanged=357, early_stops=8/8
26 - INFO - chord#: 104 In build_straw_man_chord_sa. tolerance = 1, sa_iterations = 1000, initial_temperature = 3.0, cooling_rate = 0.999
26 - INFO - chord#: 106 done. best_score=82.0, changed=608, unchanged=247, early_stops=8/8
26 - INFO - chord#: 108 In build_straw_man_chord_sa. tolerance = 1, sa_iterations = 1000, initial_temperature = 3.0, cooling_rate = 0.999
26 - INFO - chord#: 104 done. best_score=27.0, changed=524, unchanged=437, early_stops=8/8
26 - INFO - chord#: 106 In build_straw_man_chord_sa. tolerance = 1, sa_iterations = 1000, initial_temperature = 3.0, cooling_rate = 0.999
26 - INFO - chord#: 100 done. best_score=27.0, changed=525, unchanged=444, early_stops=8/8
26 - INFO - chord#: 102 In build_straw_man_chord_sa. tolerance = 1, sa_iterations = 1000, initial_temperature = 3.0, cooling_rate = 0.999
26 - INFO - chord#: 96 done. best_score=27.0, changed=511, unchanged=318, early_stops=8/8
26 - INFO - chord#: 98 In build_straw_man_chord_sa. tolerance = 1, sa_iterations = 1000, initial_temperature = 3.0, cooling_rate = 0.999
26 - INFO - chord#: 102 done. best_score=67.0, changed=610, unchanged=305, early_stops=8/8
26 - INFO - chord#: 104 In build_straw_man_chord_sa. tolerance = 1, sa_iterations = 1000, initial_temperature = 3.0, cooling_rate = 0.999
26 - INFO - chord#: 98 done. best_score=97.0, changed=612, unchanged=277, early_stops=8/8
26 - INFO - chord#: 100 In build_straw_man_chord_sa. tolerance = 1, sa_iterations = 1000, initial_temperature = 3.0, cooling_rate = 0.999
26 - INFO - chord#: 98 done. best_score=97.0, changed=608, unchanged=288, early_stops=8/8
26 - INFO - chord#: 100 In build_straw_man_chord_sa. tolerance = 1, sa_iterations = 1000, initial_temperature = 3.0, cooling_rate = 0.999
26 - INFO - chord#: 102 done. best_score=78.0, changed=607, unchanged=231, early_stops=8/8
26 - INFO - chord#: 104 In build_straw_man_chord_sa. tolerance = 1, sa_iterations = 1000, initial_temperature = 3.0, cooling_rate = 0.999
26 - INFO - chord#: 108 done. best_score=27.0, changed=548, unchanged=407, early_stops=8/8
26 - INFO - chord#: 110 In build_straw_man_chord_sa. tolerance = 1, sa_iterations = 1000, initial_temperature = 3.0, cooling_rate = 0.999
26 - INFO - chord#: 96 done. best_score=27.0, changed=526, unchanged=509, early_stops=8/8
26 - INFO - chord#: 98 In build_straw_man_chord_sa. tolerance = 1, sa_iterations = 1000, initial_temperature = 3.0, cooling_rate = 0.999
26 - INFO - chord#: 104 done. best_score=27.0, changed=519, unchanged=403, early_stops=8/8
26 - INFO - chord#: 106 In build_straw_man_chord_sa. tolerance = 1, sa_iterations = 1000, initial_temperature = 3.0, cooling_rate = 0.999
26 - INFO - chord#: 104 done. best_score=27.0, changed=540, unchanged=560, early_stops=8/8
26 - INFO - chord#: 106 In build_straw_man_chord_sa. tolerance = 1, sa_iterations = 1000, initial_temperature = 3.0, cooling_rate = 0.999
26 - INFO - chord#: 100 done. best_score=27.0, changed=522, unchanged=314, early_stops=8/8
26 - INFO - chord#: 102 In build_straw_man_chord_sa. tolerance = 1, sa_iterations = 1000, initial_temperature = 3.0, cooling_rate = 0.999
26 - INFO - chord#: 100 done. best_score=27.0, changed=524, unchanged=438, early_stops=8/8
26 - INFO - chord#: 102 In build_straw_man_chord_sa. tolerance = 1, sa_iterations = 1000, initial_temperature = 3.0, cooling_rate = 0.999
26 - INFO - chord#: 104 done. best_score=27.0, changed=521, unchanged=426, early_stops=8/8
26 - INFO - chord#: 106 In build_straw_man_chord_sa. tolerance = 1, sa_iterations = 1000, initial_temperature = 3.0, cooling_rate = 0.999
26 - INFO - chord#: 106 done. best_score=82.0, changed=621, unchanged=586, early_stops=8/8
26 - INFO - chord#: 108 In build_straw_man_chord_sa. tolerance = 1, sa_iterations = 1000, initial_temperature = 3.0, cooling_rate = 0.999
26 - INFO - chord#: 106 done. best_score=146.0, changed=613, unchanged=242, early_stops=8/8
26 - INFO - chord#: 108 In build_straw_man_chord_sa. tolerance = 1, sa_iterations = 1000, initial_temperature = 3.0, cooling_rate = 0.999
26 - INFO - chord#: 104 done. best_score=27.0, changed=527, unchanged=570, early_stops=8/8
26 - INFO - chord#: 106 In build_straw_man_chord_sa. tolerance = 1, sa_iterations = 1000, initial_temperature = 3.0, cooling_rate = 0.999
26 - INFO - chord#: 102 done. best_score=137.0, changed=611, unchanged=275, early_stops=8/8
26 - INFO - chord#: 104 In build_straw_man_chord_sa. tolerance = 1, sa_iterations = 1000, initial_temperature = 3.0, cooling_rate = 0.999
26 - INFO - chord#: 98 done. best_score=90.0, changed=612, unchanged=263, early_stops=8/8
26 - INFO - chord#: 100 In build_straw_man_chord_sa. tolerance = 1, sa_iterations = 1000, initial_temperature = 3.0, cooling_rate = 0.999
26 - INFO - chord#: 108 done. best_score=27.0, changed=537, unchanged=446, early_stops=8/8
26 - INFO - chord#: 110 In build_straw_man_chord_sa. tolerance = 1, sa_iterations = 1000, initial_temperature = 3.0, cooling_rate = 0.999
26 - INFO - chord#: 110 done. best_score=70.0, changed=609, unchanged=323, early_stops=8/8
26 - INFO - chord#: 112 In build_straw_man_chord_sa. tolerance = 1, sa_iterations = 1000, initial_temperature = 3.0, cooling_rate = 0.999
26 - INFO - chord#: 98 done. best_score=120.0, changed=607, unchanged=249, early_stops=8/8
26 - INFO - chord#: 100 In build_straw_man_chord_sa. tolerance = 1, sa_iterations = 1000, initial_temperature = 3.0, cooling_rate = 0.999
26 - INFO - chord#: 108 done. best_score=27.0, changed=524, unchanged=347, early_stops=8/8
26 - INFO - chord#: 110 In build_straw_man_chord_sa. tolerance = 1, sa_iterations = 1000, initial_temperature = 3.0, cooling_rate = 0.999
26 - INFO - chord#: 100 done. best_score=27.0, changed=521, unchanged=344, early_stops=8/8
26 - INFO - chord#: 102 In build_straw_man_chord_sa. tolerance = 1, sa_iterations = 1000, initial_temperature = 3.0, cooling_rate = 0.999
26 - INFO - chord#: 104 done. best_score=27.0, changed=523, unchanged=523, early_stops=8/8
26 - INFO - chord#: 106 In build_straw_man_chord_sa. tolerance = 1, sa_iterations = 1000, initial_temperature = 3.0, cooling_rate = 0.999
26 - INFO - chord#: 106 done. best_score=108.0, changed=608, unchanged=272, early_stops=8/8
26 - INFO - chord#: 108 In build_straw_man_chord_sa. tolerance = 1, sa_iterations = 1000, initial_temperature = 3.0, cooling_rate = 0.999
26 - INFO - chord#: 102 done. best_score=137.0, changed=615, unchanged=280, early_stops=8/8
26 - INFO - chord#: 104 In build_straw_man_chord_sa. tolerance = 1, sa_iterations = 1000, initial_temperature = 3.0, cooling_rate = 0.999
26 - INFO - chord#: 112 done. best_score=31.0, changed=527, unchanged=288, early_stops=8/8
26 - INFO - chord#: 116 In build_straw_man_chord_sa. tolerance = 1, sa_iterations = 1000, initial_temperature = 3.0, cooling_rate = 0.999
26 - INFO - chord#: 102 done. best_score=67.0, changed=608, unchanged=308, early_stops=8/8
26 - INFO - chord#: 104 In build_straw_man_chord_sa. tolerance = 1, sa_iterations = 1000, initial_temperature = 3.0, cooling_rate = 0.999
26 - INFO - chord#: 106 done. best_score=82.0, changed=610, unchanged=407, early_stops=8/8
26 - INFO - chord#: 108 In build_straw_man_chord_sa. tolerance = 1, sa_iterations = 1000, initial_temperature = 3.0, cooling_rate = 0.999
26 - INFO - chord#: 108 done. best_score=27.0, changed=538, unchanged=304, early_stops=8/8
26 - INFO - chord#: 110 In build_straw_man_chord_sa. tolerance = 1, sa_iterations = 1000, initial_temperature = 3.0, cooling_rate = 0.999
26 - INFO - chord#: 106 done. best_score=82.0, changed=615, unchanged=408, early_stops=8/8
26 - INFO - chord#: 108 In build_straw_man_chord_sa. tolerance = 1, sa_iterations = 1000, initial_temperature = 3.0, cooling_rate = 0.999
26 - INFO - chord#: 100 done. best_score=27.0, changed=526, unchanged=444, early_stops=8/8
26 - INFO - chord#: 102 In build_straw_man_chord_sa. tolerance = 1, sa_iterations = 1000, initial_temperature = 3.0, cooling_rate = 0.999
26 - INFO - chord#: 106 done. best_score=127.0, changed=607, unchanged=276, early_stops=8/8
26 - INFO - chord#: 108 In build_straw_man_chord_sa. tolerance = 1, sa_iterations = 1000, initial_temperature = 3.0, cooling_rate = 0.999
26 - INFO - chord#: 116 done. best_score=27.0, changed=515, unchanged=321, early_stops=8/8
26 - INFO - chord#: 118 In build_straw_man_chord_sa. tolerance = 1, sa_iterations = 1000, initial_temperature = 3.0, cooling_rate = 0.999
26 - INFO - chord#: 104 done. best_score=27.0, changed=521, unchanged=347, early_stops=8/8
26 - INFO - chord#: 106 In build_straw_man_chord_sa. tolerance = 1, sa_iterations = 1000, initial_temperature = 3.0, cooling_rate = 0.999
26 - INFO - chord#: 104 done. best_score=27.0, changed=517, unchanged=414, early_stops=8/8
26 - INFO - chord#: 106 In build_straw_man_chord_sa. tolerance = 1, sa_iterations = 1000, initial_temperature = 3.0, cooling_rate = 0.999
26 - INFO - chord#: 108 done. best_score=27.0, changed=528, unchanged=349, early_stops=8/8
26 - INFO - chord#: 110 In build_straw_man_chord_sa. tolerance = 1, sa_iterations = 1000, initial_temperature = 3.0, cooling_rate = 0.999
26 - INFO - chord#: 110 done. best_score=70.0, changed=610, unchanged=252, early_stops=8/8
26 - INFO - chord#: 112 In build_straw_man_chord_sa. tolerance = 1, sa_iterations = 1000, initial_temperature = 3.0, cooling_rate = 0.999
26 - INFO - chord#: 108 done. best_score=57.0, changed=531, unchanged=399, early_stops=8/8
26 - INFO - chord#: 110 In build_straw_man_chord_sa. tolerance = 1, sa_iterations = 1000, initial_temperature = 3.0, cooling_rate = 0.999
26 - INFO - chord#: 108 done. best_score=27.0, changed=518, unchanged=320, early_stops=8/8
26 - INFO - chord#: 110 In build_straw_man_chord_sa. tolerance = 1, sa_iterations = 1000, initial_temperature = 3.0, cooling_rate = 0.999
26 - INFO - chord#: 110 done. best_score=70.0, changed=609, unchanged=301, early_stops=8/8
26 - INFO - chord#: 112 In build_straw_man_chord_sa. tolerance = 1, sa_iterations = 1000, initial_temperature = 3.0, cooling_rate = 0.999
26 - INFO - chord#: 106 done. best_score=82.0, changed=615, unchanged=304, early_stops=8/8
26 - INFO - chord#: 108 In build_straw_man_chord_sa. tolerance = 1, sa_iterations = 1000, initial_temperature = 3.0, cooling_rate = 0.999
26 - INFO - chord#: 102 done. best_score=67.0, changed=606, unchanged=302, early_stops=8/8
26 - INFO - chord#: 104 In build_straw_man_chord_sa. tolerance = 1, sa_iterations = 1000, initial_temperature = 3.0, cooling_rate = 0.999
26 - INFO - chord#: 112 done. best_score=31.0, changed=528, unchanged=299, early_stops=8/8
26 - INFO - chord#: 116 In build_straw_man_chord_sa. tolerance = 1, sa_iterations = 1000, initial_temperature = 3.0, cooling_rate = 0.999
26 - INFO - chord#: 110 done. best_score=70.0, changed=608, unchanged=276, early_stops=8/8
26 - INFO - chord#: 112 In build_straw_man_chord_sa. tolerance = 1, sa_iterations = 1000, initial_temperature = 3.0, cooling_rate = 0.999
26 - INFO - chord#: 112 done. best_score=31.0, changed=529, unchanged=303, early_stops=8/8
26 - INFO - chord#: 116 In build_straw_man_chord_sa. tolerance = 1, sa_iterations = 1000, initial_temperature = 3.0, cooling_rate = 0.999
26 - INFO - chord#: 108 done. best_score=27.0, changed=530, unchanged=412, early_stops=8/8
26 - INFO - chord#: 110 In build_straw_man_chord_sa. tolerance = 1, sa_iterations = 1000, initial_temperature = 3.0, cooling_rate = 0.999
26 - INFO - chord#: 118 done. best_score=167.0, changed=607, unchanged=254, early_stops=8/8
26 - INFO - chord#: 120 In build_straw_man_chord_sa. tolerance = 1, sa_iterations = 1000, initial_temperature = 3.0, cooling_rate = 0.999
26 - INFO - chord#: 102 done. best_score=67.0, changed=613, unchanged=357, early_stops=8/8
26 - INFO - chord#: 104 In build_straw_man_chord_sa. tolerance = 1, sa_iterations = 1000, initial_temperature = 3.0, cooling_rate = 0.999
26 - INFO - chord#: 120 done. best_score=11.0, changed=476, unchanged=345, early_stops=8/8
26 - INFO - chord#: 128 In build_straw_man_chord_sa. tolerance = 1, sa_iterations = 1000, initial_temperature = 3.0, cooling_rate = 0.999
26 - INFO - chord#: 104 done. best_score=27.0, changed=521, unchanged=376, early_stops=8/8
26 - INFO - chord#: 106 In build_straw_man_chord_sa. tolerance = 1, sa_iterations = 1000, initial_temperature = 3.0, cooling_rate = 0.999
26 - INFO - chord#: 110 done. best_score=70.0, changed=608, unchanged=266, early_stops=8/8
26 - INFO - chord#: 112 In build_straw_man_chord_sa. tolerance = 1, sa_iterations = 1000, initial_temperature = 3.0, cooling_rate = 0.999
26 - INFO - chord#: 112 done. best_score=31.0, changed=529, unchanged=362, early_stops=8/8
26 - INFO - chord#: 116 In build_straw_man_chord_sa. tolerance = 1, sa_iterations = 1000, initial_temperature = 3.0, cooling_rate = 0.999
26 - INFO - chord#: 116 done. best_score=27.0, changed=529, unchanged=339, early_stops=8/8
26 - INFO - chord#: 118 In build_straw_man_chord_sa. tolerance = 1, sa_iterations = 1000, initial_temperature = 3.0, cooling_rate = 0.999
26 - INFO - chord#: 116 done. best_score=27.0, changed=518, unchanged=379, early_stops=8/8
26 - INFO - chord#: 118 In build_straw_man_chord_sa. tolerance = 1, sa_iterations = 1000, initial_temperature = 3.0, cooling_rate = 0.999
26 - INFO - chord#: 106 done. best_score=97.0, changed=614, unchanged=269, early_stops=8/8
26 - INFO - chord#: 108 In build_straw_man_chord_sa. tolerance = 1, sa_iterations = 1000, initial_temperature = 3.0, cooling_rate = 0.999
26 - INFO - chord#: 110 done. best_score=70.0, changed=613, unchanged=323, early_stops=8/8
26 - INFO - chord#: 112 In build_straw_man_chord_sa. tolerance = 1, sa_iterations = 1000, initial_temperature = 3.0, cooling_rate = 0.999
26 - INFO - chord#: 128 done. best_score=27.0, changed=518, unchanged=365, early_stops=8/8
26 - INFO - chord#: 136 In build_straw_man_chord_sa. tolerance = 1, sa_iterations = 1000, initial_temperature = 3.0, cooling_rate = 0.999
26 - INFO - chord#: 106 done. best_score=97.0, changed=613, unchanged=363, early_stops=8/8
26 - INFO - chord#: 108 In build_straw_man_chord_sa. tolerance = 1, sa_iterations = 1000, initial_temperature = 3.0, cooling_rate = 0.999
26 - INFO - chord#: 112 done. best_score=31.0, changed=535, unchanged=332, early_stops=8/8
26 - INFO - chord#: 116 In build_straw_man_chord_sa. tolerance = 1, sa_iterations = 1000, initial_temperature = 3.0, cooling_rate = 0.999
26 - INFO - chord#: 116 done. best_score=27.0, changed=527, unchanged=415, early_stops=8/8
26 - INFO - chord#: 118 In build_straw_man_chord_sa. tolerance = 1, sa_iterations = 1000, initial_temperature = 3.0, cooling_rate = 0.999
26 - INFO - chord#: 110 done. best_score=70.0, changed=611, unchanged=337, early_stops=8/8
26 - INFO - chord#: 112 In build_straw_man_chord_sa. tolerance = 1, sa_iterations = 1000, initial_temperature = 3.0, cooling_rate = 0.999
26 - INFO - chord#: 104 done. best_score=27.0, changed=532, unchanged=477, early_stops=8/8
26 - INFO - chord#: 106 In build_straw_man_chord_sa. tolerance = 1, sa_iterations = 1000, initial_temperature = 3.0, cooling_rate = 0.999
26 - INFO - chord#: 136 done. best_score=27.0, changed=518, unchanged=355, early_stops=8/8
26 - INFO - chord#: 138 In build_straw_man_chord_sa. tolerance = 1, sa_iterations = 1000, initial_temperature = 3.0, cooling_rate = 0.999
26 - INFO - chord#: 116 done. best_score=27.0, changed=525, unchanged=367, early_stops=8/8
26 - INFO - chord#: 118 In build_straw_man_chord_sa. tolerance = 1, sa_iterations = 1000, initial_temperature = 3.0, cooling_rate = 0.999
26 - INFO - chord#: 112 done. best_score=31.0, changed=528, unchanged=314, early_stops=8/8
26 - INFO - chord#: 116 In build_straw_man_chord_sa. tolerance = 1, sa_iterations = 1000, initial_temperature = 3.0, cooling_rate = 0.999
26 - INFO - chord#: 108 done. best_score=27.0, changed=538, unchanged=379, early_stops=8/8
26 - INFO - chord#: 110 In build_straw_man_chord_sa. tolerance = 1, sa_iterations = 1000, initial_temperature = 3.0, cooling_rate = 0.999
26 - INFO - chord#: 110 done. best_score=149.0, changed=610, unchanged=339, early_stops=8/8
26 - INFO - chord#: 112 In build_straw_man_chord_sa. tolerance = 1, sa_iterations = 1000, initial_temperature = 3.0, cooling_rate = 0.999
26 - INFO - chord#: 108 done. best_score=27.0, changed=530, unchanged=309, early_stops=8/8
26 - INFO - chord#: 110 In build_straw_man_chord_sa. tolerance = 1, sa_iterations = 1000, initial_temperature = 3.0, cooling_rate = 0.999
26 - INFO - chord#: 106 done. best_score=82.0, changed=613, unchanged=264, early_stops=8/8
26 - INFO - chord#: 108 In build_straw_man_chord_sa. tolerance = 1, sa_iterations = 1000, initial_temperature = 3.0, cooling_rate = 0.999
26 - INFO - chord#: 112 done. best_score=31.0, changed=533, unchanged=368, early_stops=8/8
26 - INFO - chord#: 116 In build_straw_man_chord_sa. tolerance = 1, sa_iterations = 1000, initial_temperature = 3.0, cooling_rate = 0.999
26 - INFO - chord#: 118 done. best_score=67.0, changed=614, unchanged=229, early_stops=8/8
26 - INFO - chord#: 120 In build_straw_man_chord_sa. tolerance = 1, sa_iterations = 1000, initial_temperature = 3.0, cooling_rate = 0.999
26 - INFO - chord#: 112 done. best_score=31.0, changed=539, unchanged=313, early_stops=8/8
26 - INFO - chord#: 116 In build_straw_man_chord_sa. tolerance = 1, sa_iterations = 1000, initial_temperature = 3.0, cooling_rate = 0.999
26 - INFO - chord#: 120 done. best_score=11.0, changed=499, unchanged=348, early_stops=8/8
26 - INFO - chord#: 128 In build_straw_man_chord_sa. tolerance = 1, sa_iterations = 1000, initial_temperature = 3.0, cooling_rate = 0.999
26 - INFO - chord#: 116 done. best_score=27.0, changed=516, unchanged=378, early_stops=8/8
26 - INFO - chord#: 118 In build_straw_man_chord_sa. tolerance = 1, sa_iterations = 1000, initial_temperature = 3.0, cooling_rate = 0.999
26 - INFO - chord#: 108 done. best_score=27.0, changed=532, unchanged=290, early_stops=8/8
26 - INFO - chord#: 110 In build_straw_man_chord_sa. tolerance = 1, sa_iterations = 1000, initial_temperature = 3.0, cooling_rate = 0.999
26 - INFO - chord#: 118 done. best_score=137.0, changed=615, unchanged=341, early_stops=8/8
26 - INFO - chord#: 120 In build_straw_man_chord_sa. tolerance = 1, sa_iterations = 1000, initial_temperature = 3.0, cooling_rate = 0.999
26 - INFO - chord#: 116 done. best_score=27.0, changed=520, unchanged=463, early_stops=8/8
26 - INFO - chord#: 118 In build_straw_man_chord_sa. tolerance = 1, sa_iterations = 1000, initial_temperature = 3.0, cooling_rate = 0.999
26 - INFO - chord#: 118 done. best_score=67.0, changed=615, unchanged=354, early_stops=8/8
26 - INFO - chord#: 120 In build_straw_man_chord_sa. tolerance = 1, sa_iterations = 1000, initial_temperature = 3.0, cooling_rate = 0.999
26 - INFO - chord#: 120 done. best_score=11.0, changed=490, unchanged=347, early_stops=8/8
26 - INFO - chord#: 128 In build_straw_man_chord_sa. tolerance = 1, sa_iterations = 1000, initial_temperature = 3.0, cooling_rate = 0.999
26 - INFO - chord#: 116 done. best_score=27.0, changed=520, unchanged=432, early_stops=8/8
26 - INFO - chord#: 118 In build_straw_man_chord_sa. tolerance = 1, sa_iterations = 1000, initial_temperature = 3.0, cooling_rate = 0.999
26 - INFO - chord#: 128 done. best_score=27.0, changed=515, unchanged=370, early_stops=8/8
26 - INFO - chord#: 136 In build_straw_man_chord_sa. tolerance = 1, sa_iterations = 1000, initial_temperature = 3.0, cooling_rate = 0.999
26 - INFO - chord#: 120 done. best_score=11.0, changed=492, unchanged=355, early_stops=8/8
26 - INFO - chord#: 128 In build_straw_man_chord_sa. tolerance = 1, sa_iterations = 1000, initial_temperature = 3.0, cooling_rate = 0.999
26 - INFO - chord#: 138 done. best_score=74.0, changed=614, unchanged=297, early_stops=8/8
26 - INFO - chord#: 140 In build_straw_man_chord_sa. tolerance = 1, sa_iterations = 1000, initial_temperature = 3.0, cooling_rate = 0.999
26 - INFO - chord#: 106 done. best_score=82.0, changed=609, unchanged=363, early_stops=8/8
26 - INFO - chord#: 108 In build_straw_man_chord_sa. tolerance = 1, sa_iterations = 1000, initial_temperature = 3.0, cooling_rate = 0.999
26 - INFO - chord#: 110 done. best_score=105.0, changed=609, unchanged=226, early_stops=8/8
26 - INFO - chord#: 112 In build_straw_man_chord_sa. tolerance = 1, sa_iterations = 1000, initial_temperature = 3.0, cooling_rate = 0.999
26 - INFO - chord#: 118 done. best_score=137.0, changed=612, unchanged=334, early_stops=8/8
26 - INFO - chord#: 120 In build_straw_man_chord_sa. tolerance = 1, sa_iterations = 1000, initial_temperature = 3.0, cooling_rate = 0.999
26 - INFO - chord#: 120 done. best_score=11.0, changed=488, unchanged=317, early_stops=8/8
26 - INFO - chord#: 128 In build_straw_man_chord_sa. tolerance = 1, sa_iterations = 1000, initial_temperature = 3.0, cooling_rate = 0.999
26 - INFO - chord#: 136 done. best_score=27.0, changed=517, unchanged=360, early_stops=8/8
26 - INFO - chord#: 138 In build_straw_man_chord_sa. tolerance = 1, sa_iterations = 1000, initial_temperature = 3.0, cooling_rate = 0.999
26 - INFO - chord#: 110 done. best_score=70.0, changed=608, unchanged=293, early_stops=8/8
26 - INFO - chord#: 112 In build_straw_man_chord_sa. tolerance = 1, sa_iterations = 1000, initial_temperature = 3.0, cooling_rate = 0.999
26 - INFO - chord#: 128 done. best_score=27.0, changed=522, unchanged=395, early_stops=8/8
26 - INFO - chord#: 136 In build_straw_man_chord_sa. tolerance = 1, sa_iterations = 1000, initial_temperature = 3.0, cooling_rate = 0.999
26 - INFO - chord#: 128 done. best_score=27.0, changed=519, unchanged=390, early_stops=8/8
26 - INFO - chord#: 136 In build_straw_man_chord_sa. tolerance = 1, sa_iterations = 1000, initial_temperature = 3.0, cooling_rate = 0.999
26 - INFO - chord#: 140 done. best_score=27.0, changed=531, unchanged=499, early_stops=8/8
26 - INFO - chord#: 144 In build_straw_man_chord_sa. tolerance = 1, sa_iterations = 1000, initial_temperature = 3.0, cooling_rate = 0.999
26 - INFO - chord#: 108 done. best_score=27.0, changed=525, unchanged=322, early_stops=8/8
26 - INFO - chord#: 110 In build_straw_man_chord_sa. tolerance = 1, sa_iterations = 1000, initial_temperature = 3.0, cooling_rate = 0.999
26 - INFO - chord#: 112 done. best_score=31.0, changed=537, unchanged=369, early_stops=8/8
26 - INFO - chord#: 116 In build_straw_man_chord_sa. tolerance = 1, sa_iterations = 1000, initial_temperature = 3.0, cooling_rate = 0.999
26 - INFO - chord#: 128 done. best_score=27.0, changed=534, unchanged=399, early_stops=8/8
26 - INFO - chord#: 136 In build_straw_man_chord_sa. tolerance = 1, sa_iterations = 1000, initial_temperature = 3.0, cooling_rate = 0.999
26 - INFO - chord#: 118 done. best_score=96.0, changed=604, unchanged=212, early_stops=8/8
26 - INFO - chord#: 120 In build_straw_man_chord_sa. tolerance = 1, sa_iterations = 1000, initial_temperature = 3.0, cooling_rate = 0.999
26 - INFO - chord#: 110 done. best_score=70.0, changed=611, unchanged=370, early_stops=8/8
26 - INFO - chord#: 112 In build_straw_man_chord_sa. tolerance = 1, sa_iterations = 1000, initial_temperature = 3.0, cooling_rate = 0.999
26 - INFO - chord#: 112 done. best_score=31.0, changed=536, unchanged=318, early_stops=8/8
26 - INFO - chord#: 116 In build_straw_man_chord_sa. tolerance = 1, sa_iterations = 1000, initial_temperature = 3.0, cooling_rate = 0.999
26 - INFO - chord#: 136 done. best_score=27.0, changed=522, unchanged=315, early_stops=8/8
26 - INFO - chord#: 138 In build_straw_man_chord_sa. tolerance = 1, sa_iterations = 1000, initial_temperature = 3.0, cooling_rate = 0.999
26 - INFO - chord#: 120 done. best_score=11.0, changed=481, unchanged=365, early_stops=8/8
26 - INFO - chord#: 128 In build_straw_man_chord_sa. tolerance = 1, sa_iterations = 1000, initial_temperature = 3.0, cooling_rate = 0.999
26 - INFO - chord#: 136 done. best_score=27.0, changed=529, unchanged=416, early_stops=8/8
26 - INFO - chord#: 138 In build_straw_man_chord_sa. tolerance = 1, sa_iterations = 1000, initial_temperature = 3.0, cooling_rate = 0.999
26 - INFO - chord#: 118 done. best_score=137.0, changed=610, unchanged=253, early_stops=8/8
26 - INFO - chord#: 120 In build_straw_man_chord_sa. tolerance = 1, sa_iterations = 1000, initial_temperature = 3.0, cooling_rate = 0.999
26 - INFO - chord#: 144 done. best_score=35.0, changed=521, unchanged=462, early_stops=8/8
26 - INFO - chord#: 146 In build_straw_man_chord_sa. tolerance = 1, sa_iterations = 1000, initial_temperature = 3.0, cooling_rate = 0.999
26 - INFO - chord#: 118 done. best_score=96.0, changed=616, unchanged=398, early_stops=8/8
26 - INFO - chord#: 120 In build_straw_man_chord_sa. tolerance = 1, sa_iterations = 1000, initial_temperature = 3.0, cooling_rate = 0.999
26 - INFO - chord#: 136 done. best_score=27.0, changed=542, unchanged=490, early_stops=8/8
26 - INFO - chord#: 138 In build_straw_man_chord_sa. tolerance = 1, sa_iterations = 1000, initial_temperature = 3.0, cooling_rate = 0.999
26 - INFO - chord#: 120 done. best_score=11.0, changed=473, unchanged=378, early_stops=8/8
26 - INFO - chord#: 128 In build_straw_man_chord_sa. tolerance = 1, sa_iterations = 1000, initial_temperature = 3.0, cooling_rate = 0.999
26 - INFO - chord#: 116 done. best_score=27.0, changed=533, unchanged=445, early_stops=8/8
26 - INFO - chord#: 118 In build_straw_man_chord_sa. tolerance = 1, sa_iterations = 1000, initial_temperature = 3.0, cooling_rate = 0.999
26 - INFO - chord#: 112 done. best_score=31.0, changed=527, unchanged=354, early_stops=8/8
26 - INFO - chord#: 116 In build_straw_man_chord_sa. tolerance = 1, sa_iterations = 1000, initial_temperature = 3.0, cooling_rate = 0.999
26 - INFO - chord#: 120 done. best_score=11.0, changed=510, unchanged=309, early_stops=8/8
26 - INFO - chord#: 128 In build_straw_man_chord_sa. tolerance = 1, sa_iterations = 1000, initial_temperature = 3.0, cooling_rate = 0.999
26 - INFO - chord#: 116 done. best_score=27.0, changed=529, unchanged=383, early_stops=8/8
26 - INFO - chord#: 118 In build_straw_man_chord_sa. tolerance = 1, sa_iterations = 1000, initial_temperature = 3.0, cooling_rate = 0.999
26 - INFO - chord#: 138 done. best_score=96.0, changed=621, unchanged=337, early_stops=8/8
26 - INFO - chord#: 140 In build_straw_man_chord_sa. tolerance = 1, sa_iterations = 1000, initial_temperature = 3.0, cooling_rate = 0.999
26 - INFO - chord#: 128 done. best_score=27.0, changed=532, unchanged=409, early_stops=8/8
26 - INFO - chord#: 136 In build_straw_man_chord_sa. tolerance = 1, sa_iterations = 1000, initial_temperature = 3.0, cooling_rate = 0.999
26 - INFO - chord#: 128 done. best_score=27.0, changed=522, unchanged=348, early_stops=8/8
26 - INFO - chord#: 136 In build_straw_man_chord_sa. tolerance = 1, sa_iterations = 1000, initial_temperature = 3.0, cooling_rate = 0.999
26 - INFO - chord#: 116 done. best_score=27.0, changed=532, unchanged=398, early_stops=8/8
26 - INFO - chord#: 118 In build_straw_man_chord_sa. tolerance = 1, sa_iterations = 1000, initial_temperature = 3.0, cooling_rate = 0.999
26 - INFO - chord#: 128 done. best_score=27.0, changed=514, unchanged=333, early_stops=8/8
26 - INFO - chord#: 136 In build_straw_man_chord_sa. tolerance = 1, sa_iterations = 1000, initial_temperature = 3.0, cooling_rate = 0.999
26 - INFO - chord#: 138 done. best_score=96.0, changed=609, unchanged=310, early_stops=8/8
26 - INFO - chord#: 140 In build_straw_man_chord_sa. tolerance = 1, sa_iterations = 1000, initial_temperature = 3.0, cooling_rate = 0.999
26 - INFO - chord#: 110 done. best_score=70.0, changed=617, unchanged=349, early_stops=8/8
26 - INFO - chord#: 112 In build_straw_man_chord_sa. tolerance = 1, sa_iterations = 1000, initial_temperature = 3.0, cooling_rate = 0.999
26 - INFO - chord#: 140 done. best_score=27.0, changed=525, unchanged=455, early_stops=8/8
26 - INFO - chord#: 144 In build_straw_man_chord_sa. tolerance = 1, sa_iterations = 1000, initial_temperature = 3.0, cooling_rate = 0.999
26 - INFO - chord#: 136 done. best_score=27.0, changed=513, unchanged=336, early_stops=8/8
26 - INFO - chord#: 138 In build_straw_man_chord_sa. tolerance = 1, sa_iterations = 1000, initial_temperature = 3.0, cooling_rate = 0.999
26 - INFO - chord#: 146 done. best_score=146.0, changed=612, unchanged=353, early_stops=8/8
26 - INFO - chord#: 148 In build_straw_man_chord_sa. tolerance = 1, sa_iterations = 1000, initial_temperature = 3.0, cooling_rate = 0.999
26 - INFO - chord#: 138 done. best_score=96.0, changed=610, unchanged=243, early_stops=8/8
26 - INFO - chord#: 140 In build_straw_man_chord_sa. tolerance = 1, sa_iterations = 1000, initial_temperature = 3.0, cooling_rate = 0.999
26 - INFO - chord#: 136 done. best_score=27.0, changed=524, unchanged=432, early_stops=8/8
26 - INFO - chord#: 138 In build_straw_man_chord_sa. tolerance = 1, sa_iterations = 1000, initial_temperature = 3.0, cooling_rate = 0.999
26 - INFO - chord#: 138 done. best_score=121.0, changed=613, unchanged=303, early_stops=8/8
26 - INFO - chord#: 140 In build_straw_man_chord_sa. tolerance = 1, sa_iterations = 1000, initial_temperature = 3.0, cooling_rate = 0.999
26 - INFO - chord#: 136 done. best_score=27.0, changed=523, unchanged=337, early_stops=8/8
26 - INFO - chord#: 138 In build_straw_man_chord_sa. tolerance = 1, sa_iterations = 1000, initial_temperature = 3.0, cooling_rate = 0.999
26 - INFO - chord#: 140 done. best_score=27.0, changed=518, unchanged=518, early_stops=8/8
26 - INFO - chord#: 144 In build_straw_man_chord_sa. tolerance = 1, sa_iterations = 1000, initial_temperature = 3.0, cooling_rate = 0.999
26 - INFO - chord#: 112 done. best_score=31.0, changed=528, unchanged=348, early_stops=8/8
26 - INFO - chord#: 116 In build_straw_man_chord_sa. tolerance = 1, sa_iterations = 1000, initial_temperature = 3.0, cooling_rate = 0.999
26 - INFO - chord#: 144 done. best_score=35.0, changed=520, unchanged=383, early_stops=8/8
26 - INFO - chord#: 146 In build_straw_man_chord_sa. tolerance = 1, sa_iterations = 1000, initial_temperature = 3.0, cooling_rate = 0.999
26 - INFO - chord#: 118 done. best_score=167.0, changed=615, unchanged=261, early_stops=8/8
26 - INFO - chord#: 120 In build_straw_man_chord_sa. tolerance = 1, sa_iterations = 1000, initial_temperature = 3.0, cooling_rate = 0.999
26 - INFO - chord#: 118 done. best_score=137.0, changed=613, unchanged=312, early_stops=8/8
26 - INFO - chord#: 120 In build_straw_man_chord_sa. tolerance = 1, sa_iterations = 1000, initial_temperature = 3.0, cooling_rate = 0.999
26 - INFO - chord#: 120 done. best_score=11.0, changed=475, unchanged=348, early_stops=8/8
26 - INFO - chord#: 128 In build_straw_man_chord_sa. tolerance = 1, sa_iterations = 1000, initial_temperature = 3.0, cooling_rate = 0.999
26 - INFO - chord#: 140 done. best_score=27.0, changed=523, unchanged=438, early_stops=8/8
26 - INFO - chord#: 144 In build_straw_man_chord_sa. tolerance = 1, sa_iterations = 1000, initial_temperature = 3.0, cooling_rate = 0.999
26 - INFO - chord#: 144 done. best_score=35.0, changed=518, unchanged=335, early_stops=8/8
26 - INFO - chord#: 146 In build_straw_man_chord_sa. tolerance = 1, sa_iterations = 1000, initial_temperature = 3.0, cooling_rate = 0.999
26 - INFO - chord#: 120 done. best_score=11.0, changed=488, unchanged=342, early_stops=8/8
26 - INFO - chord#: 128 In build_straw_man_chord_sa. tolerance = 1, sa_iterations = 1000, initial_temperature = 3.0, cooling_rate = 0.999
26 - INFO - chord#: 140 done. best_score=27.0, changed=522, unchanged=367, early_stops=8/8
26 - INFO - chord#: 144 In build_straw_man_chord_sa. tolerance = 1, sa_iterations = 1000, initial_temperature = 3.0, cooling_rate = 0.999
26 - INFO - chord#: 118 done. best_score=67.0, changed=611, unchanged=270, early_stops=8/8
26 - INFO - chord#: 120 In build_straw_man_chord_sa. tolerance = 1, sa_iterations = 1000, initial_temperature = 3.0, cooling_rate = 0.999
26 - INFO - chord#: 116 done. best_score=27.0, changed=525, unchanged=346, early_stops=8/8
26 - INFO - chord#: 118 In build_straw_man_chord_sa. tolerance = 1, sa_iterations = 1000, initial_temperature = 3.0, cooling_rate = 0.999
26 - INFO - chord#: 120 done. best_score=11.0, changed=497, unchanged=337, early_stops=8/8
26 - INFO - chord#: 128 In build_straw_man_chord_sa. tolerance = 1, sa_iterations = 1000, initial_temperature = 3.0, cooling_rate = 0.999
26 - INFO - chord#: 148 done. best_score=137.0, changed=609, unchanged=249, early_stops=8/8
26 - INFO - chord#: 150 In build_straw_man_chord_sa. tolerance = 1, sa_iterations = 1000, initial_temperature = 3.0, cooling_rate = 0.999
26 - INFO - chord#: 138 done. best_score=121.0, changed=607, unchanged=219, early_stops=8/8
26 - INFO - chord#: 140 In build_straw_man_chord_sa. tolerance = 1, sa_iterations = 1000, initial_temperature = 3.0, cooling_rate = 0.999
26 - INFO - chord#: 138 done. best_score=74.0, changed=610, unchanged=224, early_stops=8/8
26 - INFO - chord#: 140 In build_straw_man_chord_sa. tolerance = 1, sa_iterations = 1000, initial_temperature = 3.0, cooling_rate = 0.999
26 - INFO - chord#: 128 done. best_score=27.0, changed=523, unchanged=391, early_stops=8/8
26 - INFO - chord#: 136 In build_straw_man_chord_sa. tolerance = 1, sa_iterations = 1000, initial_temperature = 3.0, cooling_rate = 0.999
26 - INFO - chord#: 144 done. best_score=35.0, changed=525, unchanged=608, early_stops=8/8
26 - INFO - chord#: 146 In build_straw_man_chord_sa. tolerance = 1, sa_iterations = 1000, initial_temperature = 3.0, cooling_rate = 0.999
26 - INFO - chord#: 128 done. best_score=27.0, changed=522, unchanged=366, early_stops=8/8
26 - INFO - chord#: 136 In build_straw_man_chord_sa. tolerance = 1, sa_iterations = 1000, initial_temperature = 3.0, cooling_rate = 0.999
26 - INFO - chord#: 144 done. best_score=35.0, changed=515, unchanged=320, early_stops=8/8
26 - INFO - chord#: 146 In build_straw_man_chord_sa. tolerance = 1, sa_iterations = 1000, initial_temperature = 3.0, cooling_rate = 0.999
26 - INFO - chord#: 128 done. best_score=27.0, changed=526, unchanged=458, early_stops=8/8
26 - INFO - chord#: 136 In build_straw_man_chord_sa. tolerance = 1, sa_iterations = 1000, initial_temperature = 3.0, cooling_rate = 0.999
26 - INFO - chord#: 150 done. best_score=36.0, changed=519, unchanged=326, early_stops=8/8
26 - INFO - chord#: 152 In build_straw_man_chord_sa. tolerance = 1, sa_iterations = 1000, initial_temperature = 3.0, cooling_rate = 0.999
26 - INFO - chord#: 140 done. best_score=27.0, changed=525, unchanged=481, early_stops=8/8
26 - INFO - chord#: 144 In build_straw_man_chord_sa. tolerance = 1, sa_iterations = 1000, initial_temperature = 3.0, cooling_rate = 0.999
26 - INFO - chord#: 146 done. best_score=71.0, changed=619, unchanged=390, early_stops=8/8
26 - INFO - chord#: 148 In build_straw_man_chord_sa. tolerance = 1, sa_iterations = 1000, initial_temperature = 3.0, cooling_rate = 0.999
26 - INFO - chord#: 138 done. best_score=74.0, changed=612, unchanged=294, early_stops=8/8
26 - INFO - chord#: 140 In build_straw_man_chord_sa. tolerance = 1, sa_iterations = 1000, initial_temperature = 3.0, cooling_rate = 0.999
26 - INFO - chord#: 136 done. best_score=27.0, changed=520, unchanged=353, early_stops=8/8
26 - INFO - chord#: 138 In build_straw_man_chord_sa. tolerance = 1, sa_iterations = 1000, initial_temperature = 3.0, cooling_rate = 0.999
26 - INFO - chord#: 140 done. best_score=27.0, changed=521, unchanged=436, early_stops=8/8
26 - INFO - chord#: 144 In build_straw_man_chord_sa. tolerance = 1, sa_iterations = 1000, initial_temperature = 3.0, cooling_rate = 0.999
26 - INFO - chord#: 146 done. best_score=155.0, changed=613, unchanged=271, early_stops=8/8
26 - INFO - chord#: 148 In build_straw_man_chord_sa. tolerance = 1, sa_iterations = 1000, initial_temperature = 3.0, cooling_rate = 0.999
26 - INFO - chord#: 136 done. best_score=27.0, changed=530, unchanged=427, early_stops=8/8
26 - INFO - chord#: 138 In build_straw_man_chord_sa. tolerance = 1, sa_iterations = 1000, initial_temperature = 3.0, cooling_rate = 0.999
26 - INFO - chord#: 152 done. best_score=27.0, changed=517, unchanged=395, early_stops=8/8
26 - INFO - chord#: 160 In build_straw_man_chord_sa. tolerance = 1, sa_iterations = 1000, initial_temperature = 3.0, cooling_rate = 0.999
26 - INFO - chord#: 136 done. best_score=27.0, changed=524, unchanged=438, early_stops=8/8
26 - INFO - chord#: 138 In build_straw_man_chord_sa. tolerance = 1, sa_iterations = 1000, initial_temperature = 3.0, cooling_rate = 0.999
26 - INFO - chord#: 144 done. best_score=35.0, changed=532, unchanged=485, early_stops=8/8
26 - INFO - chord#: 146 In build_straw_man_chord_sa. tolerance = 1, sa_iterations = 1000, initial_temperature = 3.0, cooling_rate = 0.999
26 - INFO - chord#: 118 done. best_score=96.0, changed=609, unchanged=234, early_stops=8/8
26 - INFO - chord#: 120 In build_straw_man_chord_sa. tolerance = 1, sa_iterations = 1000, initial_temperature = 3.0, cooling_rate = 0.999
26 - INFO - chord#: 120 done. best_score=11.0, changed=490, unchanged=366, early_stops=8/8
26 - INFO - chord#: 128 In build_straw_man_chord_sa. tolerance = 1, sa_iterations = 1000, initial_temperature = 3.0, cooling_rate = 0.999
26 - INFO - chord#: 140 done. best_score=27.0, changed=523, unchanged=585, early_stops=8/8
26 - INFO - chord#: 144 In build_straw_man_chord_sa. tolerance = 1, sa_iterations = 1000, initial_temperature = 3.0, cooling_rate = 0.999
26 - INFO - chord#: 144 done. best_score=35.0, changed=521, unchanged=415, early_stops=8/8
26 - INFO - chord#: 146 In build_straw_man_chord_sa. tolerance = 1, sa_iterations = 1000, initial_temperature = 3.0, cooling_rate = 0.999
26 - INFO - chord#: 160 done. best_score=27.0, changed=524, unchanged=423, early_stops=8/8
26 - INFO - chord#: 164 In build_straw_man_chord_sa. tolerance = 1, sa_iterations = 1000, initial_temperature = 3.0, cooling_rate = 0.999
26 - INFO - chord#: 146 done. best_score=71.0, changed=611, unchanged=275, early_stops=8/8
26 - INFO - chord#: 148 In build_straw_man_chord_sa. tolerance = 1, sa_iterations = 1000, initial_temperature = 3.0, cooling_rate = 0.999
26 - INFO - chord#: 146 done. best_score=71.0, changed=619, unchanged=512, early_stops=8/8
26 - INFO - chord#: 148 In build_straw_man_chord_sa. tolerance = 1, sa_iterations = 1000, initial_temperature = 3.0, cooling_rate = 0.999
26 - INFO - chord#: 148 done. best_score=125.0, changed=614, unchanged=288, early_stops=8/8
26 - INFO - chord#: 150 In build_straw_man_chord_sa. tolerance = 1, sa_iterations = 1000, initial_temperature = 3.0, cooling_rate = 0.999
26 - INFO - chord#: 148 done. best_score=67.0, changed=613, unchanged=221, early_stops=8/8
26 - INFO - chord#: 150 In build_straw_man_chord_sa. tolerance = 1, sa_iterations = 1000, initial_temperature = 3.0, cooling_rate = 0.999
26 - INFO - chord#: 164 done. best_score=27.0, changed=528, unchanged=515, early_stops=8/8
26 - INFO - chord#: 166 In build_straw_man_chord_sa. tolerance = 1, sa_iterations = 1000, initial_temperature = 3.0, cooling_rate = 0.999
26 - INFO - chord#: 138 done. best_score=96.0, changed=612, unchanged=260, early_stops=8/8
26 - INFO - chord#: 140 In build_straw_man_chord_sa. tolerance = 1, sa_iterations = 1000, initial_temperature = 3.0, cooling_rate = 0.999
26 - INFO - chord#: 128 done. best_score=27.0, changed=523, unchanged=407, early_stops=8/8
26 - INFO - chord#: 136 In build_straw_man_chord_sa. tolerance = 1, sa_iterations = 1000, initial_temperature = 3.0, cooling_rate = 0.999
26 - INFO - chord#: 146 done. best_score=71.0, changed=613, unchanged=308, early_stops=8/8
26 - INFO - chord#: 144 done. best_score=35.0, changed=525, unchanged=528, early_stops=8/8
26 - INFO - chord#: 148 In build_straw_man_chord_sa. tolerance = 1, sa_iterations = 1000, initial_temperature = 3.0, cooling_rate = 0.999
26 - INFO - chord#: 146 In build_straw_man_chord_sa. tolerance = 1, sa_iterations = 1000, initial_temperature = 3.0, cooling_rate = 0.999
26 - INFO - chord#: 150 done. best_score=75.0, changed=528, unchanged=304, early_stops=8/8
26 - INFO - chord#: 152 In build_straw_man_chord_sa. tolerance = 1, sa_iterations = 1000, initial_temperature = 3.0, cooling_rate = 0.999
26 - INFO - chord#: 150 done. best_score=36.0, changed=535, unchanged=399, early_stops=8/8
26 - INFO - chord#: 152 In build_straw_man_chord_sa. tolerance = 1, sa_iterations = 1000, initial_temperature = 3.0, cooling_rate = 0.999
26 - INFO - chord#: 136 done. best_score=27.0, changed=531, unchanged=379, early_stops=8/8
26 - INFO - chord#: 138 In build_straw_man_chord_sa. tolerance = 1, sa_iterations = 1000, initial_temperature = 3.0, cooling_rate = 0.999
26 - INFO - chord#: 152 done. best_score=27.0, changed=512, unchanged=329, early_stops=8/8
26 - INFO - chord#: 160 In build_straw_man_chord_sa. tolerance = 1, sa_iterations = 1000, initial_temperature = 3.0, cooling_rate = 0.999
26 - INFO - chord#: 152 done. best_score=27.0, changed=517, unchanged=358, early_stops=8/8
26 - INFO - chord#: 160 In build_straw_man_chord_sa. tolerance = 1, sa_iterations = 1000, initial_temperature = 3.0, cooling_rate = 0.999
26 - INFO - chord#: 140 done. best_score=27.0, changed=517, unchanged=449, early_stops=8/8
26 - INFO - chord#: 144 In build_straw_man_chord_sa. tolerance = 1, sa_iterations = 1000, initial_temperature = 3.0, cooling_rate = 0.999
26 - INFO - chord#: 138 done. best_score=74.0, changed=611, unchanged=483, early_stops=8/8
26 - INFO - chord#: 140 In build_straw_man_chord_sa. tolerance = 1, sa_iterations = 1000, initial_temperature = 3.0, cooling_rate = 0.999
26 - INFO - chord#: 146 done. best_score=64.0, changed=608, unchanged=256, early_stops=8/8
26 - INFO - chord#: 148 In build_straw_man_chord_sa. tolerance = 1, sa_iterations = 1000, initial_temperature = 3.0, cooling_rate = 0.999
26 - INFO - chord#: 138 done. best_score=96.0, changed=623, unchanged=699, early_stops=8/8
26 - INFO - chord#: 140 In build_straw_man_chord_sa. tolerance = 1, sa_iterations = 1000, initial_temperature = 3.0, cooling_rate = 0.999
26 - INFO - chord#: 148 done. best_score=67.0, changed=616, unchanged=421, early_stops=8/8
26 - INFO - chord#: 150 In build_straw_man_chord_sa. tolerance = 1, sa_iterations = 1000, initial_temperature = 3.0, cooling_rate = 0.999
26 - INFO - chord#: 160 done. best_score=27.0, changed=528, unchanged=373, early_stops=8/8
26 - INFO - chord#: 164 In build_straw_man_chord_sa. tolerance = 1, sa_iterations = 1000, initial_temperature = 3.0, cooling_rate = 0.999
26 - INFO - chord#: 160 done. best_score=27.0, changed=524, unchanged=460, early_stops=8/8
26 - INFO - chord#: 164 In build_straw_man_chord_sa. tolerance = 1, sa_iterations = 1000, initial_temperature = 3.0, cooling_rate = 0.999
26 - INFO - chord#: 148 done. best_score=67.0, changed=608, unchanged=485, early_stops=8/8
26 - INFO - chord#: 150 In build_straw_man_chord_sa. tolerance = 1, sa_iterations = 1000, initial_temperature = 3.0, cooling_rate = 0.999
26 - INFO - chord#: 166 done. best_score=74.0, changed=612, unchanged=350, early_stops=8/8
26 - INFO - chord#: 168 In build_straw_man_chord_sa. tolerance = 1, sa_iterations = 1000, initial_temperature = 3.0, cooling_rate = 0.999
26 - INFO - chord#: 140 done. best_score=27.0, changed=528, unchanged=443, early_stops=8/8
26 - INFO - chord#: 144 In build_straw_man_chord_sa. tolerance = 1, sa_iterations = 1000, initial_temperature = 3.0, cooling_rate = 0.999
26 - INFO - chord#: 150 done. best_score=36.0, changed=520, unchanged=346, early_stops=8/8
26 - INFO - chord#: 152 In build_straw_man_chord_sa. tolerance = 1, sa_iterations = 1000, initial_temperature = 3.0, cooling_rate = 0.999
26 - INFO - chord#: 148 done. best_score=67.0, changed=613, unchanged=310, early_stops=8/8
26 - INFO - chord#: 150 In build_straw_man_chord_sa. tolerance = 1, sa_iterations = 1000, initial_temperature = 3.0, cooling_rate = 0.999
26 - INFO - chord#: 144 done. best_score=35.0, changed=521, unchanged=357, early_stops=8/8
26 - INFO - chord#: 146 In build_straw_man_chord_sa. tolerance = 1, sa_iterations = 1000, initial_temperature = 3.0, cooling_rate = 0.999
26 - INFO - chord#: 146 done. best_score=71.0, changed=616, unchanged=272, early_stops=8/8
26 - INFO - chord#: 148 In build_straw_man_chord_sa. tolerance = 1, sa_iterations = 1000, initial_temperature = 3.0, cooling_rate = 0.999
26 - INFO - chord#: 140 done. best_score=27.0, changed=525, unchanged=395, early_stops=8/8
26 - INFO - chord#: 144 In build_straw_man_chord_sa. tolerance = 1, sa_iterations = 1000, initial_temperature = 3.0, cooling_rate = 0.999
26 - INFO - chord#: 164 done. best_score=27.0, changed=526, unchanged=404, early_stops=8/8
26 - INFO - chord#: 166 In build_straw_man_chord_sa. tolerance = 1, sa_iterations = 1000, initial_temperature = 3.0, cooling_rate = 0.999
26 - INFO - chord#: 164 done. best_score=27.0, changed=535, unchanged=424, early_stops=8/8
26 - INFO - chord#: 166 In build_straw_man_chord_sa. tolerance = 1, sa_iterations = 1000, initial_temperature = 3.0, cooling_rate = 0.999
26 - INFO - chord#: 150 done. best_score=36.0, changed=518, unchanged=335, early_stops=8/8
26 - INFO - chord#: 152 In build_straw_man_chord_sa. tolerance = 1, sa_iterations = 1000, initial_temperature = 3.0, cooling_rate = 0.999
26 - INFO - chord#: 150 done. best_score=36.0, changed=527, unchanged=346, early_stops=8/8
26 - INFO - chord#: 152 In build_straw_man_chord_sa. tolerance = 1, sa_iterations = 1000, initial_temperature = 3.0, cooling_rate = 0.999
26 - INFO - chord#: 168 done. best_score=27.0, changed=530, unchanged=544, early_stops=8/8
26 - INFO - chord#: 170 In build_straw_man_chord_sa. tolerance = 1, sa_iterations = 1000, initial_temperature = 3.0, cooling_rate = 0.999
26 - INFO - chord#: 138 done. best_score=74.0, changed=611, unchanged=298, early_stops=8/8
26 - INFO - chord#: 140 In build_straw_man_chord_sa. tolerance = 1, sa_iterations = 1000, initial_temperature = 3.0, cooling_rate = 0.999
26 - INFO - chord#: 152 done. best_score=27.0, changed=515, unchanged=535, early_stops=8/8
26 - INFO - chord#: 160 In build_straw_man_chord_sa. tolerance = 1, sa_iterations = 1000, initial_temperature = 3.0, cooling_rate = 0.999
26 - INFO - chord#: 144 done. best_score=35.0, changed=528, unchanged=537, early_stops=8/8
26 - INFO - chord#: 146 In build_straw_man_chord_sa. tolerance = 1, sa_iterations = 1000, initial_temperature = 3.0, cooling_rate = 0.999
26 - INFO - chord#: 148 done. best_score=67.0, changed=612, unchanged=282, early_stops=8/8
26 - INFO - chord#: 150 In build_straw_man_chord_sa. tolerance = 1, sa_iterations = 1000, initial_temperature = 3.0, cooling_rate = 0.999
26 - INFO - chord#: 152 done. best_score=27.0, changed=514, unchanged=389, early_stops=8/8
26 - INFO - chord#: 160 In build_straw_man_chord_sa. tolerance = 1, sa_iterations = 1000, initial_temperature = 3.0, cooling_rate = 0.999
26 - INFO - chord#: 144 done. best_score=35.0, changed=521, unchanged=622, early_stops=8/8
26 - INFO - chord#: 146 In build_straw_man_chord_sa. tolerance = 1, sa_iterations = 1000, initial_temperature = 3.0, cooling_rate = 0.999
26 - INFO - chord#: 170 done. best_score=36.0, changed=525, unchanged=487, early_stops=8/8
26 - INFO - chord#: 172 In build_straw_man_chord_sa. tolerance = 1, sa_iterations = 1000, initial_temperature = 3.0, cooling_rate = 0.999
26 - INFO - chord#: 160 done. best_score=27.0, changed=527, unchanged=461, early_stops=8/8
26 - INFO - chord#: 164 In build_straw_man_chord_sa. tolerance = 1, sa_iterations = 1000, initial_temperature = 3.0, cooling_rate = 0.999
26 - INFO - chord#: 152 done. best_score=27.0, changed=530, unchanged=514, early_stops=8/8
26 - INFO - chord#: 160 In build_straw_man_chord_sa. tolerance = 1, sa_iterations = 1000, initial_temperature = 3.0, cooling_rate = 0.999
26 - INFO - chord#: 140 done. best_score=27.0, changed=515, unchanged=397, early_stops=8/8
26 - INFO - chord#: 144 In build_straw_man_chord_sa. tolerance = 1, sa_iterations = 1000, initial_temperature = 3.0, cooling_rate = 0.999
26 - INFO - chord#: 166 done. best_score=74.0, changed=607, unchanged=232, early_stops=8/8
26 - INFO - chord#: 168 In build_straw_man_chord_sa. tolerance = 1, sa_iterations = 1000, initial_temperature = 3.0, cooling_rate = 0.999
26 - INFO - chord#: 150 done. best_score=36.0, changed=530, unchanged=389, early_stops=8/8
26 - INFO - chord#: 152 In build_straw_man_chord_sa. tolerance = 1, sa_iterations = 1000, initial_temperature = 3.0, cooling_rate = 0.999
26 - INFO - chord#: 146 done. best_score=71.0, changed=618, unchanged=437, early_stops=8/8
26 - INFO - chord#: 148 In build_straw_man_chord_sa. tolerance = 1, sa_iterations = 1000, initial_temperature = 3.0, cooling_rate = 0.999
26 - INFO - chord#: 172 done. best_score=27.0, changed=520, unchanged=428, early_stops=8/8
26 - INFO - chord#: 176 In build_straw_man_chord_sa. tolerance = 1, sa_iterations = 1000, initial_temperature = 3.0, cooling_rate = 0.999
26 - INFO - chord#: 148 done. best_score=67.0, changed=610, unchanged=367, early_stops=8/8
26 - INFO - chord#: 150 In build_straw_man_chord_sa. tolerance = 1, sa_iterations = 1000, initial_temperature = 3.0, cooling_rate = 0.999
26 - INFO - chord#: 164 done. best_score=27.0, changed=529, unchanged=456, early_stops=8/8
26 - INFO - chord#: 166 In build_straw_man_chord_sa. tolerance = 1, sa_iterations = 1000, initial_temperature = 3.0, cooling_rate = 0.999
26 - INFO - chord#: 166 done. best_score=74.0, changed=617, unchanged=384, early_stops=8/8
26 - INFO - chord#: 168 In build_straw_man_chord_sa. tolerance = 1, sa_iterations = 1000, initial_temperature = 3.0, cooling_rate = 0.999
26 - INFO - chord#: 160 done. best_score=27.0, changed=513, unchanged=366, early_stops=8/8
26 - INFO - chord#: 164 In build_straw_man_chord_sa. tolerance = 1, sa_iterations = 1000, initial_temperature = 3.0, cooling_rate = 0.999
26 - INFO - chord#: 146 done. best_score=71.0, changed=611, unchanged=280, early_stops=8/8
26 - INFO - chord#: 148 In build_straw_man_chord_sa. tolerance = 1, sa_iterations = 1000, initial_temperature = 3.0, cooling_rate = 0.999
26 - INFO - chord#: 168 done. best_score=27.0, changed=518, unchanged=394, early_stops=8/8
26 - INFO - chord#: 170 In build_straw_man_chord_sa. tolerance = 1, sa_iterations = 1000, initial_temperature = 3.0, cooling_rate = 0.999
26 - INFO - chord#: 152 done. best_score=27.0, changed=516, unchanged=408, early_stops=8/8
26 - INFO - chord#: 160 In build_straw_man_chord_sa. tolerance = 1, sa_iterations = 1000, initial_temperature = 3.0, cooling_rate = 0.999
26 - INFO - chord#: 160 done. best_score=27.0, changed=532, unchanged=546, early_stops=8/8
26 - INFO - chord#: 164 In build_straw_man_chord_sa. tolerance = 1, sa_iterations = 1000, initial_temperature = 3.0, cooling_rate = 0.999
26 - INFO - chord#: 144 done. best_score=35.0, changed=524, unchanged=432, early_stops=8/8
26 - INFO - chord#: 146 In build_straw_man_chord_sa. tolerance = 1, sa_iterations = 1000, initial_temperature = 3.0, cooling_rate = 0.999
26 - INFO - chord#: 168 done. best_score=27.0, changed=521, unchanged=373, early_stops=8/8
26 - INFO - chord#: 170 In build_straw_man_chord_sa. tolerance = 1, sa_iterations = 1000, initial_temperature = 3.0, cooling_rate = 0.999
26 - INFO - chord#: 150 done. best_score=36.0, changed=525, unchanged=325, early_stops=8/8
26 - INFO - chord#: 152 In build_straw_man_chord_sa. tolerance = 1, sa_iterations = 1000, initial_temperature = 3.0, cooling_rate = 0.999
26 - INFO - chord#: 164 done. best_score=27.0, changed=529, unchanged=455, early_stops=8/8
26 - INFO - chord#: 166 In build_straw_man_chord_sa. tolerance = 1, sa_iterations = 1000, initial_temperature = 3.0, cooling_rate = 0.999
26 - INFO - chord#: 160 done. best_score=27.0, changed=514, unchanged=341, early_stops=8/8
26 - INFO - chord#: 164 In build_straw_man_chord_sa. tolerance = 1, sa_iterations = 1000, initial_temperature = 3.0, cooling_rate = 0.999
26 - INFO - chord#: 170 done. best_score=36.0, changed=516, unchanged=417, early_stops=8/8
26 - INFO - chord#: 172 In build_straw_man_chord_sa. tolerance = 1, sa_iterations = 1000, initial_temperature = 3.0, cooling_rate = 0.999
26 - INFO - chord#: 164 done. best_score=27.0, changed=524, unchanged=519, early_stops=8/8
26 - INFO - chord#: 166 In build_straw_man_chord_sa. tolerance = 1, sa_iterations = 1000, initial_temperature = 3.0, cooling_rate = 0.999
26 - INFO - chord#: 146 done. best_score=64.0, changed=612, unchanged=381, early_stops=8/8
26 - INFO - chord#: 148 In build_straw_man_chord_sa. tolerance = 1, sa_iterations = 1000, initial_temperature = 3.0, cooling_rate = 0.999
26 - INFO - chord#: 166 done. best_score=74.0, changed=608, unchanged=230, early_stops=8/8
26 - INFO - chord#: 168 In build_straw_man_chord_sa. tolerance = 1, sa_iterations = 1000, initial_temperature = 3.0, cooling_rate = 0.999
26 - INFO - chord#: 170 done. best_score=36.0, changed=522, unchanged=508, early_stops=8/8
26 - INFO - chord#: 172 In build_straw_man_chord_sa. tolerance = 1, sa_iterations = 1000, initial_temperature = 3.0, cooling_rate = 0.999
26 - INFO - chord#: 164 done. best_score=27.0, changed=525, unchanged=349, early_stops=8/8
26 - INFO - chord#: 166 In build_straw_man_chord_sa. tolerance = 1, sa_iterations = 1000, initial_temperature = 3.0, cooling_rate = 0.999
26 - INFO - chord#: 152 done. best_score=27.0, changed=516, unchanged=576, early_stops=8/8
26 - INFO - chord#: 160 In build_straw_man_chord_sa. tolerance = 1, sa_iterations = 1000, initial_temperature = 3.0, cooling_rate = 0.999
26 - INFO - chord#: 148 done. best_score=67.0, changed=611, unchanged=258, early_stops=8/8
26 - INFO - chord#: 150 In build_straw_man_chord_sa. tolerance = 1, sa_iterations = 1000, initial_temperature = 3.0, cooling_rate = 0.999
26 - INFO - chord#: 176 done. best_score=146.0, changed=613, unchanged=432, early_stops=8/8
26 - INFO - chord#: 178 In build_straw_man_chord_sa. tolerance = 1, sa_iterations = 1000, initial_temperature = 3.0, cooling_rate = 0.999
26 - INFO - chord#: 172 done. best_score=27.0, changed=518, unchanged=393, early_stops=8/8
26 - INFO - chord#: 176 In build_straw_man_chord_sa. tolerance = 1, sa_iterations = 1000, initial_temperature = 3.0, cooling_rate = 0.999
26 - INFO - chord#: 148 done. best_score=67.0, changed=613, unchanged=382, early_stops=8/8
26 - INFO - chord#: 150 In build_straw_man_chord_sa. tolerance = 1, sa_iterations = 1000, initial_temperature = 3.0, cooling_rate = 0.999
26 - INFO - chord#: 168 done. best_score=27.0, changed=527, unchanged=446, early_stops=8/8
26 - INFO - chord#: 170 In build_straw_man_chord_sa. tolerance = 1, sa_iterations = 1000, initial_temperature = 3.0, cooling_rate = 0.999
26 - INFO - chord#: 146 done. best_score=71.0, changed=609, unchanged=263, early_stops=8/8
26 - INFO - chord#: 148 In build_straw_man_chord_sa. tolerance = 1, sa_iterations = 1000, initial_temperature = 3.0, cooling_rate = 0.999
26 - INFO - chord#: 178 done. best_score=35.0, changed=523, unchanged=323, early_stops=8/8
26 - INFO - chord#: 180 In build_straw_man_chord_sa. tolerance = 1, sa_iterations = 1000, initial_temperature = 3.0, cooling_rate = 0.999
26 - INFO - chord#: 150 done. best_score=36.0, changed=522, unchanged=329, early_stops=8/8
26 - INFO - chord#: 152 In build_straw_man_chord_sa. tolerance = 1, sa_iterations = 1000, initial_temperature = 3.0, cooling_rate = 0.999
26 - INFO - chord#: 172 done. best_score=27.0, changed=523, unchanged=590, early_stops=8/8
26 - INFO - chord#: 176 In build_straw_man_chord_sa. tolerance = 1, sa_iterations = 1000, initial_temperature = 3.0, cooling_rate = 0.999
26 - INFO - chord#: 160 done. best_score=27.0, changed=517, unchanged=474, early_stops=8/8
26 - INFO - chord#: 164 In build_straw_man_chord_sa. tolerance = 1, sa_iterations = 1000, initial_temperature = 3.0, cooling_rate = 0.999
26 - INFO - chord#: 150 done. best_score=36.0, changed=524, unchanged=385, early_stops=8/8
26 - INFO - chord#: 152 In build_straw_man_chord_sa. tolerance = 1, sa_iterations = 1000, initial_temperature = 3.0, cooling_rate = 0.999
26 - INFO - chord#: 166 done. best_score=96.0, changed=611, unchanged=236, early_stops=8/8
26 - INFO - chord#: 168 In build_straw_man_chord_sa. tolerance = 1, sa_iterations = 1000, initial_temperature = 3.0, cooling_rate = 0.999
26 - INFO - chord#: 170 done. best_score=36.0, changed=526, unchanged=391, early_stops=8/8
26 - INFO - chord#: 172 In build_straw_man_chord_sa. tolerance = 1, sa_iterations = 1000, initial_temperature = 3.0, cooling_rate = 0.999
26 - INFO - chord#: 148 done. best_score=166.0, changed=607, unchanged=204, early_stops=8/8
26 - INFO - chord#: 150 In build_straw_man_chord_sa. tolerance = 1, sa_iterations = 1000, initial_temperature = 3.0, cooling_rate = 0.999
26 - INFO - chord#: 180 done. best_score=27.0, changed=521, unchanged=375, early_stops=8/8
26 - INFO - chord#: 182 In build_straw_man_chord_sa. tolerance = 1, sa_iterations = 1000, initial_temperature = 3.0, cooling_rate = 0.999
26 - INFO - chord#: 152 done. best_score=27.0, changed=516, unchanged=512, early_stops=8/8
26 - INFO - chord#: 160 In build_straw_man_chord_sa. tolerance = 1, sa_iterations = 1000, initial_temperature = 3.0, cooling_rate = 0.999
26 - INFO - chord#: 166 done. best_score=74.0, changed=610, unchanged=252, early_stops=8/8
26 - INFO - chord#: 168 In build_straw_man_chord_sa. tolerance = 1, sa_iterations = 1000, initial_temperature = 3.0, cooling_rate = 0.999
26 - INFO - chord#: 166 done. best_score=121.0, changed=608, unchanged=293, early_stops=8/8
26 - INFO - chord#: 168 In build_straw_man_chord_sa. tolerance = 1, sa_iterations = 1000, initial_temperature = 3.0, cooling_rate = 0.999
26 - INFO - chord#: 164 done. best_score=27.0, changed=523, unchanged=326, early_stops=8/8
26 - INFO - chord#: 166 In build_straw_man_chord_sa. tolerance = 1, sa_iterations = 1000, initial_temperature = 3.0, cooling_rate = 0.999
26 - INFO - chord#: 152 done. best_score=27.0, changed=514, unchanged=360, early_stops=8/8
26 - INFO - chord#: 160 In build_straw_man_chord_sa. tolerance = 1, sa_iterations = 1000, initial_temperature = 3.0, cooling_rate = 0.999
26 - INFO - chord#: 150 done. best_score=36.0, changed=524, unchanged=373, early_stops=8/8
26 - INFO - chord#: 152 In build_straw_man_chord_sa. tolerance = 1, sa_iterations = 1000, initial_temperature = 3.0, cooling_rate = 0.999
26 - INFO - chord#: 172 done. best_score=27.0, changed=532, unchanged=467, early_stops=8/8
26 - INFO - chord#: 176 In build_straw_man_chord_sa. tolerance = 1, sa_iterations = 1000, initial_temperature = 3.0, cooling_rate = 0.999
26 - INFO - chord#: 182 done. best_score=47.0, changed=527, unchanged=370, early_stops=8/8
26 - INFO - chord#: 183 In build_straw_man_chord_sa. tolerance = 1, sa_iterations = 1000, initial_temperature = 3.0, cooling_rate = 0.999
26 - INFO - chord#: 168 done. best_score=27.0, changed=515, unchanged=345, early_stops=8/8
26 - INFO - chord#: 170 In build_straw_man_chord_sa. tolerance = 1, sa_iterations = 1000, initial_temperature = 3.0, cooling_rate = 0.999
26 - INFO - chord#: 168 done. best_score=27.0, changed=520, unchanged=504, early_stops=8/8
26 - INFO - chord#: 170 In build_straw_man_chord_sa. tolerance = 1, sa_iterations = 1000, initial_temperature = 3.0, cooling_rate = 0.999
26 - INFO - chord#: 160 done. best_score=27.0, changed=518, unchanged=407, early_stops=8/8
26 - INFO - chord#: 164 In build_straw_man_chord_sa. tolerance = 1, sa_iterations = 1000, initial_temperature = 3.0, cooling_rate = 0.999
26 - INFO - chord#: 176 done. best_score=64.0, changed=616, unchanged=359, early_stops=8/8
26 - INFO - chord#: 178 In build_straw_man_chord_sa. tolerance = 1, sa_iterations = 1000, initial_temperature = 3.0, cooling_rate = 0.999
26 - INFO - chord#: 168 done. best_score=27.0, changed=522, unchanged=355, early_stops=8/8
26 - INFO - chord#: 170 In build_straw_man_chord_sa. tolerance = 1, sa_iterations = 1000, initial_temperature = 3.0, cooling_rate = 0.999
26 - INFO - chord#: 152 done. best_score=27.0, changed=520, unchanged=361, early_stops=8/8
26 - INFO - chord#: 160 In build_straw_man_chord_sa. tolerance = 1, sa_iterations = 1000, initial_temperature = 3.0, cooling_rate = 0.999
26 - INFO - chord#: 176 done. best_score=71.0, changed=611, unchanged=405, early_stops=8/8
26 - INFO - chord#: 178 In build_straw_man_chord_sa. tolerance = 1, sa_iterations = 1000, initial_temperature = 3.0, cooling_rate = 0.999
26 - INFO - chord#: 148 done. best_score=67.0, changed=613, unchanged=333, early_stops=8/8
26 - INFO - chord#: 150 In build_straw_man_chord_sa. tolerance = 1, sa_iterations = 1000, initial_temperature = 3.0, cooling_rate = 0.999
26 - INFO - chord#: 160 done. best_score=27.0, changed=522, unchanged=325, early_stops=8/8
26 - INFO - chord#: 164 In build_straw_man_chord_sa. tolerance = 1, sa_iterations = 1000, initial_temperature = 3.0, cooling_rate = 0.999
26 - INFO - chord#: 164 done. best_score=27.0, changed=517, unchanged=358, early_stops=8/8
26 - INFO - chord#: 166 In build_straw_man_chord_sa. tolerance = 1, sa_iterations = 1000, initial_temperature = 3.0, cooling_rate = 0.999
26 - INFO - chord#: 178 done. best_score=37.0, changed=530, unchanged=345, early_stops=8/8
26 - INFO - chord#: 180 In build_straw_man_chord_sa. tolerance = 1, sa_iterations = 1000, initial_temperature = 3.0, cooling_rate = 0.999
26 - INFO - chord#: 170 done. best_score=36.0, changed=527, unchanged=367, early_stops=8/8
26 - INFO - chord#: 172 In build_straw_man_chord_sa. tolerance = 1, sa_iterations = 1000, initial_temperature = 3.0, cooling_rate = 0.999
26 - INFO - chord#: 178 done. best_score=35.0, changed=523, unchanged=320, early_stops=8/8
26 - INFO - chord#: 180 In build_straw_man_chord_sa. tolerance = 1, sa_iterations = 1000, initial_temperature = 3.0, cooling_rate = 0.999
26 - INFO - chord#: 170 done. best_score=36.0, changed=520, unchanged=437, early_stops=8/8
26 - INFO - chord#: 172 In build_straw_man_chord_sa. tolerance = 1, sa_iterations = 1000, initial_temperature = 3.0, cooling_rate = 0.999
26 - INFO - chord#: 176 done. best_score=71.0, changed=610, unchanged=271, early_stops=8/8
26 - INFO - chord#: 178 In build_straw_man_chord_sa. tolerance = 1, sa_iterations = 1000, initial_temperature = 3.0, cooling_rate = 0.999
26 - INFO - chord#: 160 done. best_score=27.0, changed=520, unchanged=527, early_stops=8/8
26 - INFO - chord#: 164 In build_straw_man_chord_sa. tolerance = 1, sa_iterations = 1000, initial_temperature = 3.0, cooling_rate = 0.999
26 - INFO - chord#: 164 done. best_score=27.0, changed=514, unchanged=337, early_stops=8/8
26 - INFO - chord#: 166 In build_straw_man_chord_sa. tolerance = 1, sa_iterations = 1000, initial_temperature = 3.0, cooling_rate = 0.999
26 - INFO - chord#: 170 done. best_score=36.0, changed=525, unchanged=402, early_stops=8/8
26 - INFO - chord#: 172 In build_straw_man_chord_sa. tolerance = 1, sa_iterations = 1000, initial_temperature = 3.0, cooling_rate = 0.999
26 - INFO - chord#: 150 done. best_score=36.0, changed=527, unchanged=394, early_stops=8/8
26 - INFO - chord#: 152 In build_straw_man_chord_sa. tolerance = 1, sa_iterations = 1000, initial_temperature = 3.0, cooling_rate = 0.999
26 - INFO - chord#: 183 done. best_score=121.0, changed=612, unchanged=275, early_stops=8/8
26 - INFO - chord#: 184 In build_straw_man_chord_sa. tolerance = 1, sa_iterations = 1000, initial_temperature = 3.0, cooling_rate = 0.999
26 - INFO - chord#: 180 done. best_score=27.0, changed=528, unchanged=478, early_stops=8/8
26 - INFO - chord#: 182 In build_straw_man_chord_sa. tolerance = 1, sa_iterations = 1000, initial_temperature = 3.0, cooling_rate = 0.999
26 - INFO - chord#: 184 done. best_score=9.0, changed=453, unchanged=385, early_stops=8/8
26 - INFO - chord#: 166 done. best_score=96.0, changed=612, unchanged=308, early_stops=8/8
26 - INFO - chord#: 168 In build_straw_man_chord_sa. tolerance = 1, sa_iterations = 1000, initial_temperature = 3.0, cooling_rate = 0.999
26 - INFO - chord#: 180 done. best_score=27.0, changed=521, unchanged=411, early_stops=8/8
26 - INFO - chord#: 182 In build_straw_man_chord_sa. tolerance = 1, sa_iterations = 1000, initial_temperature = 3.0, cooling_rate = 0.999
26 - INFO - chord#: 172 done. best_score=27.0, changed=524, unchanged=415, early_stops=8/8
26 - INFO - chord#: 176 In build_straw_man_chord_sa. tolerance = 1, sa_iterations = 1000, initial_temperature = 3.0, cooling_rate = 0.999
26 - INFO - chord#: 164 done. best_score=27.0, changed=516, unchanged=400, early_stops=8/8
26 - INFO - chord#: 166 In build_straw_man_chord_sa. tolerance = 1, sa_iterations = 1000, initial_temperature = 3.0, cooling_rate = 0.999
26 - INFO - chord#: 178 done. best_score=35.0, changed=524, unchanged=342, early_stops=8/8
26 - INFO - chord#: 180 In build_straw_man_chord_sa. tolerance = 1, sa_iterations = 1000, initial_temperature = 3.0, cooling_rate = 0.999
26 - INFO - chord#: 172 done. best_score=27.0, changed=522, unchanged=494, early_stops=8/8
26 - INFO - chord#: 176 In build_straw_man_chord_sa. tolerance = 1, sa_iterations = 1000, initial_temperature = 3.0, cooling_rate = 0.999
26 - INFO - chord#: 152 done. best_score=27.0, changed=516, unchanged=436, early_stops=8/8
26 - INFO - chord#: 160 In build_straw_man_chord_sa. tolerance = 1, sa_iterations = 1000, initial_temperature = 3.0, cooling_rate = 0.999
26 - INFO - chord#: 172 done. best_score=27.0, changed=521, unchanged=492, early_stops=8/8
26 - INFO - chord#: 176 In build_straw_man_chord_sa. tolerance = 1, sa_iterations = 1000, initial_temperature = 3.0, cooling_rate = 0.999
26 - INFO - chord#: 182 done. best_score=47.0, changed=526, unchanged=404, early_stops=8/8
26 - INFO - chord#: 183 In build_straw_man_chord_sa. tolerance = 1, sa_iterations = 1000, initial_temperature = 3.0, cooling_rate = 0.999
26 - INFO - chord#: 166 done. best_score=74.0, changed=614, unchanged=281, early_stops=8/8
26 - INFO - chord#: 168 In build_straw_man_chord_sa. tolerance = 1, sa_iterations = 1000, initial_temperature = 3.0, cooling_rate = 0.999
26 - INFO - chord#: 182 done. best_score=47.0, changed=523, unchanged=347, early_stops=8/8
26 - INFO - chord#: 183 In build_straw_man_chord_sa. tolerance = 1, sa_iterations = 1000, initial_temperature = 3.0, cooling_rate = 0.999
26 - INFO - chord#: 180 done. best_score=27.0, changed=517, unchanged=502, early_stops=8/8
26 - INFO - chord#: 182 In build_straw_man_chord_sa. tolerance = 1, sa_iterations = 1000, initial_temperature = 3.0, cooling_rate = 0.999
26 - INFO - chord#: 168 done. best_score=27.0, changed=510, unchanged=445, early_stops=8/8
26 - INFO - chord#: 170 In build_straw_man_chord_sa. tolerance = 1, sa_iterations = 1000, initial_temperature = 3.0, cooling_rate = 0.999
26 - INFO - chord#: 160 done. best_score=27.0, changed=519, unchanged=338, early_stops=8/8
26 - INFO - chord#: 164 In build_straw_man_chord_sa. tolerance = 1, sa_iterations = 1000, initial_temperature = 3.0, cooling_rate = 0.999
26 - INFO - chord#: 168 done. best_score=27.0, changed=521, unchanged=419, early_stops=8/8
26 - INFO - chord#: 170 In build_straw_man_chord_sa. tolerance = 1, sa_iterations = 1000, initial_temperature = 3.0, cooling_rate = 0.999
26 - INFO - chord#: 182 done. best_score=47.0, changed=521, unchanged=390, early_stops=8/8
26 - INFO - chord#: 183 In build_straw_man_chord_sa. tolerance = 1, sa_iterations = 1000, initial_temperature = 3.0, cooling_rate = 0.999
26 - INFO - chord#: 166 done. best_score=74.0, changed=612, unchanged=395, early_stops=8/8
26 - INFO - chord#: 168 In build_straw_man_chord_sa. tolerance = 1, sa_iterations = 1000, initial_temperature = 3.0, cooling_rate = 0.999
26 - INFO - chord#: 166 done. best_score=121.0, changed=614, unchanged=286, early_stops=8/8
26 - INFO - chord#: 168 In build_straw_man_chord_sa. tolerance = 1, sa_iterations = 1000, initial_temperature = 3.0, cooling_rate = 0.999
26 - INFO - chord#: 170 done. best_score=36.0, changed=514, unchanged=424, early_stops=8/8
26 - INFO - chord#: 172 In build_straw_man_chord_sa. tolerance = 1, sa_iterations = 1000, initial_temperature = 3.0, cooling_rate = 0.999
26 - INFO - chord#: 176 done. best_score=96.0, changed=615, unchanged=355, early_stops=8/8
26 - INFO - chord#: 178 In build_straw_man_chord_sa. tolerance = 1, sa_iterations = 1000, initial_temperature = 3.0, cooling_rate = 0.999
26 - INFO - chord#: 164 done. best_score=27.0, changed=518, unchanged=394, early_stops=8/8
26 - INFO - chord#: 176 done. best_score=64.0, changed=612, unchanged=276, early_stops=8/8
26 - INFO - chord#: 178 In build_straw_man_chord_sa. tolerance = 1, sa_iterations = 1000, initial_temperature = 3.0, cooling_rate = 0.999
26 - INFO - chord#: 166 In build_straw_man_chord_sa. tolerance = 1, sa_iterations = 1000, initial_temperature = 3.0, cooling_rate = 0.999
26 - INFO - chord#: 170 done. best_score=36.0, changed=529, unchanged=473, early_stops=8/8
26 - INFO - chord#: 172 In build_straw_man_chord_sa. tolerance = 1, sa_iterations = 1000, initial_temperature = 3.0, cooling_rate = 0.999
26 - INFO - chord#: 168 done. best_score=27.0, changed=513, unchanged=410, early_stops=8/8
26 - INFO - chord#: 170 In build_straw_man_chord_sa. tolerance = 1, sa_iterations = 1000, initial_temperature = 3.0, cooling_rate = 0.999
26 - INFO - chord#: 183 done. best_score=121.0, changed=608, unchanged=315, early_stops=8/8
26 - INFO - chord#: 184 In build_straw_man_chord_sa. tolerance = 1, sa_iterations = 1000, initial_temperature = 3.0, cooling_rate = 0.999
26 - INFO - chord#: 168 done. best_score=27.0, changed=521, unchanged=462, early_stops=8/8
26 - INFO - chord#: 170 In build_straw_man_chord_sa. tolerance = 1, sa_iterations = 1000, initial_temperature = 3.0, cooling_rate = 0.999
26 - INFO - chord#: 176 done. best_score=175.0, changed=609, unchanged=331, early_stops=8/8
26 - INFO - chord#: 178 In build_straw_man_chord_sa. tolerance = 1, sa_iterations = 1000, initial_temperature = 3.0, cooling_rate = 0.999
26 - INFO - chord#: 184 done. best_score=9.0, changed=462, unchanged=368, early_stops=8/8
26 - INFO - chord#: 183 done. best_score=121.0, changed=609, unchanged=353, early_stops=8/8
26 - INFO - chord#: 184 In build_straw_man_chord_sa. tolerance = 1, sa_iterations = 1000, initial_temperature = 3.0, cooling_rate = 0.999
26 - INFO - chord#: 172 done. best_score=27.0, changed=518, unchanged=422, early_stops=8/8
26 - INFO - chord#: 176 In build_straw_man_chord_sa. tolerance = 1, sa_iterations = 1000, initial_temperature = 3.0, cooling_rate = 0.999
26 - INFO - chord#: 184 done. best_score=9.0, changed=472, unchanged=350, early_stops=8/8
26 - INFO - chord#: 178 done. best_score=49.0, changed=530, unchanged=321, early_stops=8/8
26 - INFO - chord#: 180 In build_straw_man_chord_sa. tolerance = 1, sa_iterations = 1000, initial_temperature = 3.0, cooling_rate = 0.999
26 - INFO - chord#: 178 done. best_score=37.0, changed=517, unchanged=352, early_stops=8/8
26 - INFO - chord#: 180 In build_straw_man_chord_sa. tolerance = 1, sa_iterations = 1000, initial_temperature = 3.0, cooling_rate = 0.999
26 - INFO - chord#: 183 done. best_score=116.0, changed=611, unchanged=229, early_stops=8/8
26 - INFO - chord#: 184 In build_straw_man_chord_sa. tolerance = 1, sa_iterations = 1000, initial_temperature = 3.0, cooling_rate = 0.999
26 - INFO - chord#: 172 done. best_score=27.0, changed=521, unchanged=395, early_stops=8/8
26 - INFO - chord#: 176 In build_straw_man_chord_sa. tolerance = 1, sa_iterations = 1000, initial_temperature = 3.0, cooling_rate = 0.999
26 - INFO - chord#: 170 done. best_score=36.0, changed=533, unchanged=532, early_stops=8/8
26 - INFO - chord#: 172 In build_straw_man_chord_sa. tolerance = 1, sa_iterations = 1000, initial_temperature = 3.0, cooling_rate = 0.999
26 - INFO - chord#: 184 done. best_score=9.0, changed=457, unchanged=395, early_stops=8/8
26 - INFO - chord#: 170 done. best_score=36.0, changed=516, unchanged=311, early_stops=8/8
26 - INFO - chord#: 172 In build_straw_man_chord_sa. tolerance = 1, sa_iterations = 1000, initial_temperature = 3.0, cooling_rate = 0.999
26 - INFO - chord#: 178 done. best_score=49.0, changed=530, unchanged=349, early_stops=8/8
26 - INFO - chord#: 180 In build_straw_man_chord_sa. tolerance = 1, sa_iterations = 1000, initial_temperature = 3.0, cooling_rate = 0.999
26 - INFO - chord#: 180 done. best_score=27.0, changed=513, unchanged=319, early_stops=8/8
26 - INFO - chord#: 182 In build_straw_man_chord_sa. tolerance = 1, sa_iterations = 1000, initial_temperature = 3.0, cooling_rate = 0.999
26 - INFO - chord#: 180 done. best_score=27.0, changed=513, unchanged=355, early_stops=8/8
26 - INFO - chord#: 182 In build_straw_man_chord_sa. tolerance = 1, sa_iterations = 1000, initial_temperature = 3.0, cooling_rate = 0.999
26 - INFO - chord#: 172 done. best_score=27.0, changed=522, unchanged=381, early_stops=8/8
26 - INFO - chord#: 176 In build_straw_man_chord_sa. tolerance = 1, sa_iterations = 1000, initial_temperature = 3.0, cooling_rate = 0.999
26 - INFO - chord#: 172 done. best_score=27.0, changed=522, unchanged=426, early_stops=8/8
26 - INFO - chord#: 176 In build_straw_man_chord_sa. tolerance = 1, sa_iterations = 1000, initial_temperature = 3.0, cooling_rate = 0.999
26 - INFO - chord#: 180 done. best_score=27.0, changed=521, unchanged=316, early_stops=8/8
26 - INFO - chord#: 182 In build_straw_man_chord_sa. tolerance = 1, sa_iterations = 1000, initial_temperature = 3.0, cooling_rate = 0.999
26 - INFO - chord#: 166 done. best_score=74.0, changed=618, unchanged=294, early_stops=8/8
26 - INFO - chord#: 168 In build_straw_man_chord_sa. tolerance = 1, sa_iterations = 1000, initial_temperature = 3.0, cooling_rate = 0.999
26 - INFO - chord#: 182 done. best_score=47.0, changed=523, unchanged=332, early_stops=8/8
26 - INFO - chord#: 183 In build_straw_man_chord_sa. tolerance = 1, sa_iterations = 1000, initial_temperature = 3.0, cooling_rate = 0.999
26 - INFO - chord#: 182 done. best_score=47.0, changed=526, unchanged=478, early_stops=8/8
26 - INFO - chord#: 183 In build_straw_man_chord_sa. tolerance = 1, sa_iterations = 1000, initial_temperature = 3.0, cooling_rate = 0.999
26 - INFO - chord#: 176 done. best_score=145.0, changed=616, unchanged=482, early_stops=8/8
26 - INFO - chord#: 178 In build_straw_man_chord_sa. tolerance = 1, sa_iterations = 1000, initial_temperature = 3.0, cooling_rate = 0.999
26 - INFO - chord#: 176 done. best_score=64.0, changed=611, unchanged=366, early_stops=8/8
26 - INFO - chord#: 178 In build_straw_man_chord_sa. tolerance = 1, sa_iterations = 1000, initial_temperature = 3.0, cooling_rate = 0.999
26 - INFO - chord#: 182 done. best_score=47.0, changed=521, unchanged=460, early_stops=8/8
26 - INFO - chord#: 183 In build_straw_man_chord_sa. tolerance = 1, sa_iterations = 1000, initial_temperature = 3.0, cooling_rate = 0.999
26 - INFO - chord#: 178 done. best_score=49.0, changed=536, unchanged=372, early_stops=8/8
26 - INFO - chord#: 180 In build_straw_man_chord_sa. tolerance = 1, sa_iterations = 1000, initial_temperature = 3.0, cooling_rate = 0.999
26 - INFO - chord#: 168 done. best_score=27.0, changed=526, unchanged=461, early_stops=8/8
26 - INFO - chord#: 170 In build_straw_man_chord_sa. tolerance = 1, sa_iterations = 1000, initial_temperature = 3.0, cooling_rate = 0.999
26 - INFO - chord#: 176 done. best_score=205.0, changed=610, unchanged=312, early_stops=8/8
26 - INFO - chord#: 178 In build_straw_man_chord_sa. tolerance = 1, sa_iterations = 1000, initial_temperature = 3.0, cooling_rate = 0.999
26 - INFO - chord#: 176 done. best_score=64.0, changed=612, unchanged=288, early_stops=8/8
26 - INFO - chord#: 178 In build_straw_man_chord_sa. tolerance = 1, sa_iterations = 1000, initial_temperature = 3.0, cooling_rate = 0.999
26 - INFO - chord#: 178 done. best_score=37.0, changed=516, unchanged=307, early_stops=8/8
26 - INFO - chord#: 180 In build_straw_man_chord_sa. tolerance = 1, sa_iterations = 1000, initial_temperature = 3.0, cooling_rate = 0.999
26 - INFO - chord#: 180 done. best_score=27.0, changed=522, unchanged=400, early_stops=8/8
26 - INFO - chord#: 182 In build_straw_man_chord_sa. tolerance = 1, sa_iterations = 1000, initial_temperature = 3.0, cooling_rate = 0.999
26 - INFO - chord#: 178 done. best_score=37.0, changed=517, unchanged=441, early_stops=8/8
26 - INFO - chord#: 180 In build_straw_man_chord_sa. tolerance = 1, sa_iterations = 1000, initial_temperature = 3.0, cooling_rate = 0.999
26 - INFO - chord#: 178 done. best_score=37.0, changed=517, unchanged=336, early_stops=8/8
26 - INFO - chord#: 180 In build_straw_man_chord_sa. tolerance = 1, sa_iterations = 1000, initial_temperature = 3.0, cooling_rate = 0.999
26 - INFO - chord#: 183 done. best_score=93.0, changed=611, unchanged=322, early_stops=8/8
26 - INFO - chord#: 184 In build_straw_man_chord_sa. tolerance = 1, sa_iterations = 1000, initial_temperature = 3.0, cooling_rate = 0.999
26 - INFO - chord#: 184 done. best_score=9.0, changed=482, unchanged=358, early_stops=8/8
26 - INFO - chord#: 180 done. best_score=27.0, changed=521, unchanged=372, early_stops=8/8
26 - INFO - chord#: 182 In build_straw_man_chord_sa. tolerance = 1, sa_iterations = 1000, initial_temperature = 3.0, cooling_rate = 0.999
26 - INFO - chord#: 170 done. best_score=36.0, changed=526, unchanged=483, early_stops=8/8
26 - INFO - chord#: 172 In build_straw_man_chord_sa. tolerance = 1, sa_iterations = 1000, initial_temperature = 3.0, cooling_rate = 0.999
26 - INFO - chord#: 183 done. best_score=93.0, changed=616, unchanged=486, early_stops=8/8
26 - INFO - chord#: 184 In build_straw_man_chord_sa. tolerance = 1, sa_iterations = 1000, initial_temperature = 3.0, cooling_rate = 0.999
26 - INFO - chord#: 184 done. best_score=9.0, changed=474, unchanged=370, early_stops=8/8
26 - INFO - chord#: 182 done. best_score=47.0, changed=519, unchanged=453, early_stops=8/8
26 - INFO - chord#: 183 In build_straw_man_chord_sa. tolerance = 1, sa_iterations = 1000, initial_temperature = 3.0, cooling_rate = 0.999
26 - INFO - chord#: 180 done. best_score=27.0, changed=526, unchanged=390, early_stops=8/8
26 - INFO - chord#: 182 In build_straw_man_chord_sa. tolerance = 1, sa_iterations = 1000, initial_temperature = 3.0, cooling_rate = 0.999
26 - INFO - chord#: 180 done. best_score=27.0, changed=518, unchanged=384, early_stops=8/8
26 - INFO - chord#: 182 In build_straw_man_chord_sa. tolerance = 1, sa_iterations = 1000, initial_temperature = 3.0, cooling_rate = 0.999
26 - INFO - chord#: 182 done. best_score=47.0, changed=527, unchanged=374, early_stops=8/8
26 - INFO - chord#: 183 In build_straw_man_chord_sa. tolerance = 1, sa_iterations = 1000, initial_temperature = 3.0, cooling_rate = 0.999
26 - INFO - chord#: 172 done. best_score=27.0, changed=530, unchanged=461, early_stops=8/8
26 - INFO - chord#: 176 In build_straw_man_chord_sa. tolerance = 1, sa_iterations = 1000, initial_temperature = 3.0, cooling_rate = 0.999
26 - INFO - chord#: 183 done. best_score=111.0, changed=613, unchanged=349, early_stops=8/8
26 - INFO - chord#: 184 In build_straw_man_chord_sa. tolerance = 1, sa_iterations = 1000, initial_temperature = 3.0, cooling_rate = 0.999
26 - INFO - chord#: 182 done. best_score=47.0, changed=522, unchanged=336, early_stops=8/8
26 - INFO - chord#: 183 In build_straw_man_chord_sa. tolerance = 1, sa_iterations = 1000, initial_temperature = 3.0, cooling_rate = 0.999
26 - INFO - chord#: 184 done. best_score=9.0, changed=465, unchanged=393, early_stops=8/8
26 - INFO - chord#: 182 done. best_score=47.0, changed=510, unchanged=335, early_stops=8/8
26 - INFO - chord#: 183 In build_straw_man_chord_sa. tolerance = 1, sa_iterations = 1000, initial_temperature = 3.0, cooling_rate = 0.999
26 - INFO - chord#: 176 done. best_score=64.0, changed=610, unchanged=310, early_stops=8/8
26 - INFO - chord#: 178 In build_straw_man_chord_sa. tolerance = 1, sa_iterations = 1000, initial_temperature = 3.0, cooling_rate = 0.999
26 - INFO - chord#: 183 done. best_score=121.0, changed=608, unchanged=268, early_stops=8/8
26 - INFO - chord#: 184 In build_straw_man_chord_sa. tolerance = 1, sa_iterations = 1000, initial_temperature = 3.0, cooling_rate = 0.999
26 - INFO - chord#: 183 done. best_score=105.0, changed=615, unchanged=496, early_stops=8/8
26 - INFO - chord#: 184 In build_straw_man_chord_sa. tolerance = 1, sa_iterations = 1000, initial_temperature = 3.0, cooling_rate = 0.999
26 - INFO - chord#: 184 done. best_score=9.0, changed=474, unchanged=361, early_stops=8/8
26 - INFO - chord#: 184 done. best_score=9.0, changed=458, unchanged=367, early_stops=8/8
26 - INFO - chord#: 183 done. best_score=93.0, changed=612, unchanged=353, early_stops=8/8
26 - INFO - chord#: 184 In build_straw_man_chord_sa. tolerance = 1, sa_iterations = 1000, initial_temperature = 3.0, cooling_rate = 0.999
26 - INFO - chord#: 184 done. best_score=9.0, changed=442, unchanged=373, early_stops=8/8
26 - INFO - chord#: 178 done. best_score=37.0, changed=535, unchanged=374, early_stops=8/8
26 - INFO - chord#: 180 In build_straw_man_chord_sa. tolerance = 1, sa_iterations = 1000, initial_temperature = 3.0, cooling_rate = 0.999
26 - INFO - chord#: 183 done. best_score=113.0, changed=614, unchanged=408, early_stops=8/8
26 - INFO - chord#: 184 In build_straw_man_chord_sa. tolerance = 1, sa_iterations = 1000, initial_temperature = 3.0, cooling_rate = 0.999
26 - INFO - chord#: 184 done. best_score=9.0, changed=465, unchanged=358, early_stops=8/8
26 - INFO - chord#: 180 done. best_score=27.0, changed=512, unchanged=430, early_stops=8/8
26 - INFO - chord#: 182 In build_straw_man_chord_sa. tolerance = 1, sa_iterations = 1000, initial_temperature = 3.0, cooling_rate = 0.999
26 - INFO - chord#: 182 done. best_score=47.0, changed=527, unchanged=458, early_stops=8/8
26 - INFO - chord#: 183 In build_straw_man_chord_sa. tolerance = 1, sa_iterations = 1000, initial_temperature = 3.0, cooling_rate = 0.999
26 - INFO - chord#: 183 done. best_score=105.0, changed=610, unchanged=264, early_stops=8/8
26 - INFO - chord#: 184 In build_straw_man_chord_sa. tolerance = 1, sa_iterations = 1000, initial_temperature = 3.0, cooling_rate = 0.999
26 - INFO - chord#: 184 done. best_score=9.0, changed=451, unchanged=386, early_stops=8/8
26 - INFO - chord#: 0 In build_straw_man_chord_sa. tolerance = 1, sa_iterations = 1000, initial_temperature = 3.0, cooling_rate = 0.999
26 - INFO - chord#: 0 In build_straw_man_chord_sa. tolerance = 1, sa_iterations = 1000, initial_temperature = 3.0, cooling_rate = 0.999
26 - INFO - chord#: 0 In build_straw_man_chord_sa. tolerance = 1, sa_iterations = 1000, initial_temperature = 3.0, cooling_rate = 0.999
26 - INFO - chord#: 0 In build_straw_man_chord_sa. tolerance = 1, sa_iterations = 1000, initial_temperature = 3.0, cooling_rate = 0.999
26 - INFO - chord#: 0 In build_straw_man_chord_sa. tolerance = 1, sa_iterations = 1000, initial_temperature = 3.0, cooling_rate = 0.999
26 - INFO - chord#: 0 In build_straw_man_chord_sa. tolerance = 1, sa_iterations = 1000, initial_temperature = 3.0, cooling_rate = 0.999
26 - INFO - chord#: 0 In build_straw_man_chord_sa. tolerance = 1, sa_iterations = 1000, initial_temperature = 3.0, cooling_rate = 0.999
26 - INFO - chord#: 0 In build_straw_man_chord_sa. tolerance = 1, sa_iterations = 1000, initial_temperature = 3.0, cooling_rate = 0.999
26 - INFO - chord#: 0 In build_straw_man_chord_sa. tolerance = 1, sa_iterations = 1000, initial_temperature = 3.0, cooling_rate = 0.999
26 - INFO - chord#: 0 In build_straw_man_chord_sa. tolerance = 1, sa_iterations = 1000, initial_temperature = 3.0, cooling_rate = 0.999
26 - INFO - chord#: 0 In build_straw_man_chord_sa. tolerance = 1, sa_iterations = 1000, initial_temperature = 3.0, cooling_rate = 0.999
26 - INFO - chord#: 0 In build_straw_man_chord_sa. tolerance = 1, sa_iterations = 1000, initial_temperature = 3.0, cooling_rate = 0.999
26 - INFO - chord#: 0 done. best_score=27.0, changed=524, unchanged=380, early_stops=8/8
26 - INFO - chord#: 4 In build_straw_man_chord_sa. tolerance = 1, sa_iterations = 1000, initial_temperature = 3.0, cooling_rate = 0.999
26 - INFO - chord#: 0 done. best_score=27.0, changed=526, unchanged=430, early_stops=8/8
26 - INFO - chord#: 4 In build_straw_man_chord_sa. tolerance = 1, sa_iterations = 1000, initial_temperature = 3.0, cooling_rate = 0.999
26 - INFO - chord#: 0 done. best_score=27.0, changed=520, unchanged=398, early_stops=8/8
26 - INFO - chord#: 4 In build_straw_man_chord_sa. tolerance = 1, sa_iterations = 1000, initial_temperature = 3.0, cooling_rate = 0.999
26 - INFO - chord#: 0 done. best_score=27.0, changed=529, unchanged=510, early_stops=8/8
26 - INFO - chord#: 4 In build_straw_man_chord_sa. tolerance = 1, sa_iterations = 1000, initial_temperature = 3.0, cooling_rate = 0.999
26 - INFO - chord#: 0 done. best_score=27.0, changed=516, unchanged=403, early_stops=8/8
26 - INFO - chord#: 4 In build_straw_man_chord_sa. tolerance = 1, sa_iterations = 1000, initial_temperature = 3.0, cooling_rate = 0.999
26 - INFO - chord#: 0 done. best_score=27.0, changed=535, unchanged=583, early_stops=8/8
26 - INFO - chord#: 4 In build_straw_man_chord_sa. tolerance = 1, sa_iterations = 1000, initial_temperature = 3.0, cooling_rate = 0.999
26 - INFO - chord#: 0 done. best_score=27.0, changed=519, unchanged=478, early_stops=8/8
26 - INFO - chord#: 4 In build_straw_man_chord_sa. tolerance = 1, sa_iterations = 1000, initial_temperature = 3.0, cooling_rate = 0.999
26 - INFO - chord#: 0 done. best_score=27.0, changed=520, unchanged=386, early_stops=8/8
26 - INFO - chord#: 4 In build_straw_man_chord_sa. tolerance = 1, sa_iterations = 1000, initial_temperature = 3.0, cooling_rate = 0.999
26 - INFO - chord#: 0 done. best_score=27.0, changed=518, unchanged=423, early_stops=8/8
26 - INFO - chord#: 4 In build_straw_man_chord_sa. tolerance = 1, sa_iterations = 1000, initial_temperature = 3.0, cooling_rate = 0.999
26 - INFO - chord#: 0 done. best_score=27.0, changed=517, unchanged=430, early_stops=8/8
26 - INFO - chord#: 0 done. best_score=27.0, changed=519, unchanged=459, early_stops=8/8
26 - INFO - chord#: 4 In build_straw_man_chord_sa. tolerance = 1, sa_iterations = 1000, initial_temperature = 3.0, cooling_rate = 0.999
26 - INFO - chord#: 4 In build_straw_man_chord_sa. tolerance = 1, sa_iterations = 1000, initial_temperature = 3.0, cooling_rate = 0.999
26 - INFO - chord#: 0 done. best_score=27.0, changed=544, unchanged=649, early_stops=8/8
26 - INFO - chord#: 4 In build_straw_man_chord_sa. tolerance = 1, sa_iterations = 1000, initial_temperature = 3.0, cooling_rate = 0.999
26 - INFO - chord#: 4 done. best_score=27.0, changed=522, unchanged=335, early_stops=8/8
26 - INFO - chord#: 6 In build_straw_man_chord_sa. tolerance = 1, sa_iterations = 1000, initial_temperature = 3.0, cooling_rate = 0.999
26 - INFO - chord#: 4 done. best_score=27.0, changed=516, unchanged=375, early_stops=8/8
26 - INFO - chord#: 6 In build_straw_man_chord_sa. tolerance = 1, sa_iterations = 1000, initial_temperature = 3.0, cooling_rate = 0.999
26 - INFO - chord#: 4 done. best_score=27.0, changed=528, unchanged=353, early_stops=8/8
26 - INFO - chord#: 6 In build_straw_man_chord_sa. tolerance = 1, sa_iterations = 1000, initial_temperature = 3.0, cooling_rate = 0.999
26 - INFO - chord#: 4 done. best_score=27.0, changed=522, unchanged=443, early_stops=8/8
26 - INFO - chord#: 6 In build_straw_man_chord_sa. tolerance = 1, sa_iterations = 1000, initial_temperature = 3.0, cooling_rate = 0.999
26 - INFO - chord#: 4 done. best_score=27.0, changed=524, unchanged=366, early_stops=8/8
26 - INFO - chord#: 6 In build_straw_man_chord_sa. tolerance = 1, sa_iterations = 1000, initial_temperature = 3.0, cooling_rate = 0.999
26 - INFO - chord#: 4 done. best_score=27.0, changed=523, unchanged=440, early_stops=8/8
26 - INFO - chord#: 6 In build_straw_man_chord_sa. tolerance = 1, sa_iterations = 1000, initial_temperature = 3.0, cooling_rate = 0.999
26 - INFO - chord#: 4 done. best_score=27.0, changed=530, unchanged=343, early_stops=8/8
26 - INFO - chord#: 6 In build_straw_man_chord_sa. tolerance = 1, sa_iterations = 1000, initial_temperature = 3.0, cooling_rate = 0.999
26 - INFO - chord#: 4 done. best_score=27.0, changed=533, unchanged=402, early_stops=8/8
26 - INFO - chord#: 6 In build_straw_man_chord_sa. tolerance = 1, sa_iterations = 1000, initial_temperature = 3.0, cooling_rate = 0.999
26 - INFO - chord#: 4 done. best_score=27.0, changed=516, unchanged=300, early_stops=8/8
26 - INFO - chord#: 6 In build_straw_man_chord_sa. tolerance = 1, sa_iterations = 1000, initial_temperature = 3.0, cooling_rate = 0.999
26 - INFO - chord#: 4 done. best_score=27.0, changed=533, unchanged=420, early_stops=8/8
26 - INFO - chord#: 6 In build_straw_man_chord_sa. tolerance = 1, sa_iterations = 1000, initial_temperature = 3.0, cooling_rate = 0.999
26 - INFO - chord#: 4 done. best_score=27.0, changed=531, unchanged=537, early_stops=8/8
26 - INFO - chord#: 6 In build_straw_man_chord_sa. tolerance = 1, sa_iterations = 1000, initial_temperature = 3.0, cooling_rate = 0.999
26 - INFO - chord#: 4 done. best_score=27.0, changed=518, unchanged=386, early_stops=8/8
26 - INFO - chord#: 6 In build_straw_man_chord_sa. tolerance = 1, sa_iterations = 1000, initial_temperature = 3.0, cooling_rate = 0.999
26 - INFO - chord#: 6 done. best_score=27.0, changed=520, unchanged=382, early_stops=8/8
26 - INFO - chord#: 8 In build_straw_man_chord_sa. tolerance = 1, sa_iterations = 1000, initial_temperature = 3.0, cooling_rate = 0.999
26 - INFO - chord#: 6 done. best_score=27.0, changed=519, unchanged=438, early_stops=8/8
26 - INFO - chord#: 8 In build_straw_man_chord_sa. tolerance = 1, sa_iterations = 1000, initial_temperature = 3.0, cooling_rate = 0.999
26 - INFO - chord#: 6 done. best_score=27.0, changed=521, unchanged=363, early_stops=8/8
26 - INFO - chord#: 8 In build_straw_man_chord_sa. tolerance = 1, sa_iterations = 1000, initial_temperature = 3.0, cooling_rate = 0.999
26 - INFO - chord#: 6 done. best_score=27.0, changed=521, unchanged=384, early_stops=8/8
26 - INFO - chord#: 8 In build_straw_man_chord_sa. tolerance = 1, sa_iterations = 1000, initial_temperature = 3.0, cooling_rate = 0.999
26 - INFO - chord#: 6 done. best_score=27.0, changed=518, unchanged=472, early_stops=8/8
26 - INFO - chord#: 8 In build_straw_man_chord_sa. tolerance = 1, sa_iterations = 1000, initial_temperature = 3.0, cooling_rate = 0.999
26 - INFO - chord#: 6 done. best_score=27.0, changed=530, unchanged=345, early_stops=8/8
26 - INFO - chord#: 8 In build_straw_man_chord_sa. tolerance = 1, sa_iterations = 1000, initial_temperature = 3.0, cooling_rate = 0.999
26 - INFO - chord#: 6 done. best_score=27.0, changed=514, unchanged=334, early_stops=8/8
26 - INFO - chord#: 8 In build_straw_man_chord_sa. tolerance = 1, sa_iterations = 1000, initial_temperature = 3.0, cooling_rate = 0.999
26 - INFO - chord#: 6 done. best_score=27.0, changed=527, unchanged=475, early_stops=8/8
26 - INFO - chord#: 8 In build_straw_man_chord_sa. tolerance = 1, sa_iterations = 1000, initial_temperature = 3.0, cooling_rate = 0.999
26 - INFO - chord#: 6 done. best_score=27.0, changed=520, unchanged=437, early_stops=8/8
26 - INFO - chord#: 8 In build_straw_man_chord_sa. tolerance = 1, sa_iterations = 1000, initial_temperature = 3.0, cooling_rate = 0.999
26 - INFO - chord#: 8 done. best_score=27.0, changed=517, unchanged=368, early_stops=8/8
26 - INFO - chord#: 12 In build_straw_man_chord_sa. tolerance = 1, sa_iterations = 1000, initial_temperature = 3.0, cooling_rate = 0.999
26 - INFO - chord#: 6 done. best_score=27.0, changed=530, unchanged=396, early_stops=8/8
26 - INFO - chord#: 8 In build_straw_man_chord_sa. tolerance = 1, sa_iterations = 1000, initial_temperature = 3.0, cooling_rate = 0.999
26 - INFO - chord#: 6 done. best_score=27.0, changed=525, unchanged=450, early_stops=8/8
26 - INFO - chord#: 8 In build_straw_man_chord_sa. tolerance = 1, sa_iterations = 1000, initial_temperature = 3.0, cooling_rate = 0.999
26 - INFO - chord#: 8 done. best_score=27.0, changed=525, unchanged=363, early_stops=8/8
26 - INFO - chord#: 12 In build_straw_man_chord_sa. tolerance = 1, sa_iterations = 1000, initial_temperature = 3.0, cooling_rate = 0.999
26 - INFO - chord#: 8 done. best_score=27.0, changed=515, unchanged=334, early_stops=8/8
26 - INFO - chord#: 12 In build_straw_man_chord_sa. tolerance = 1, sa_iterations = 1000, initial_temperature = 3.0, cooling_rate = 0.999
26 - INFO - chord#: 8 done. best_score=27.0, changed=524, unchanged=371, early_stops=8/8
26 - INFO - chord#: 12 In build_straw_man_chord_sa. tolerance = 1, sa_iterations = 1000, initial_temperature = 3.0, cooling_rate = 0.999
26 - INFO - chord#: 8 done. best_score=27.0, changed=532, unchanged=403, early_stops=8/8
26 - INFO - chord#: 12 In build_straw_man_chord_sa. tolerance = 1, sa_iterations = 1000, initial_temperature = 3.0, cooling_rate = 0.999
26 - INFO - chord#: 8 done. best_score=27.0, changed=518, unchanged=392, early_stops=8/8
26 - INFO - chord#: 12 In build_straw_man_chord_sa. tolerance = 1, sa_iterations = 1000, initial_temperature = 3.0, cooling_rate = 0.999
26 - INFO - chord#: 6 done. best_score=27.0, changed=521, unchanged=455, early_stops=8/8
26 - INFO - chord#: 8 In build_straw_man_chord_sa. tolerance = 1, sa_iterations = 1000, initial_temperature = 3.0, cooling_rate = 0.999
26 - INFO - chord#: 8 done. best_score=27.0, changed=538, unchanged=413, early_stops=8/8
26 - INFO - chord#: 12 In build_straw_man_chord_sa. tolerance = 1, sa_iterations = 1000, initial_temperature = 3.0, cooling_rate = 0.999
26 - INFO - chord#: 8 done. best_score=27.0, changed=514, unchanged=331, early_stops=8/8
26 - INFO - chord#: 12 In build_straw_man_chord_sa. tolerance = 1, sa_iterations = 1000, initial_temperature = 3.0, cooling_rate = 0.999
26 - INFO - chord#: 8 done. best_score=27.0, changed=529, unchanged=470, early_stops=8/8
26 - INFO - chord#: 12 In build_straw_man_chord_sa. tolerance = 1, sa_iterations = 1000, initial_temperature = 3.0, cooling_rate = 0.999
26 - INFO - chord#: 12 done. best_score=27.0, changed=522, unchanged=438, early_stops=8/8
26 - INFO - chord#: 14 In build_straw_man_chord_sa. tolerance = 1, sa_iterations = 1000, initial_temperature = 3.0, cooling_rate = 0.999
26 - INFO - chord#: 8 done. best_score=27.0, changed=525, unchanged=406, early_stops=8/8
26 - INFO - chord#: 12 In build_straw_man_chord_sa. tolerance = 1, sa_iterations = 1000, initial_temperature = 3.0, cooling_rate = 0.999
26 - INFO - chord#: 12 done. best_score=27.0, changed=518, unchanged=339, early_stops=8/8
26 - INFO - chord#: 14 In build_straw_man_chord_sa. tolerance = 1, sa_iterations = 1000, initial_temperature = 3.0, cooling_rate = 0.999
26 - INFO - chord#: 8 done. best_score=27.0, changed=518, unchanged=320, early_stops=8/8
26 - INFO - chord#: 12 In build_straw_man_chord_sa. tolerance = 1, sa_iterations = 1000, initial_temperature = 3.0, cooling_rate = 0.999
26 - INFO - chord#: 12 done. best_score=27.0, changed=529, unchanged=383, early_stops=8/8
26 - INFO - chord#: 14 In build_straw_man_chord_sa. tolerance = 1, sa_iterations = 1000, initial_temperature = 3.0, cooling_rate = 0.999
26 - INFO - chord#: 12 done. best_score=27.0, changed=526, unchanged=457, early_stops=8/8
26 - INFO - chord#: 14 In build_straw_man_chord_sa. tolerance = 1, sa_iterations = 1000, initial_temperature = 3.0, cooling_rate = 0.999
26 - INFO - chord#: 12 done. best_score=27.0, changed=514, unchanged=301, early_stops=8/8
26 - INFO - chord#: 14 In build_straw_man_chord_sa. tolerance = 1, sa_iterations = 1000, initial_temperature = 3.0, cooling_rate = 0.999
26 - INFO - chord#: 8 done. best_score=27.0, changed=528, unchanged=387, early_stops=8/8
26 - INFO - chord#: 12 In build_straw_man_chord_sa. tolerance = 1, sa_iterations = 1000, initial_temperature = 3.0, cooling_rate = 0.999
26 - INFO - chord#: 12 done. best_score=27.0, changed=526, unchanged=404, early_stops=8/8
26 - INFO - chord#: 14 In build_straw_man_chord_sa. tolerance = 1, sa_iterations = 1000, initial_temperature = 3.0, cooling_rate = 0.999
26 - INFO - chord#: 12 done. best_score=27.0, changed=526, unchanged=413, early_stops=8/8
26 - INFO - chord#: 14 In build_straw_man_chord_sa. tolerance = 1, sa_iterations = 1000, initial_temperature = 3.0, cooling_rate = 0.999
26 - INFO - chord#: 12 done. best_score=27.0, changed=517, unchanged=374, early_stops=8/8
26 - INFO - chord#: 14 In build_straw_man_chord_sa. tolerance = 1, sa_iterations = 1000, initial_temperature = 3.0, cooling_rate = 0.999
26 - INFO - chord#: 12 done. best_score=27.0, changed=532, unchanged=394, early_stops=8/8
26 - INFO - chord#: 14 In build_straw_man_chord_sa. tolerance = 1, sa_iterations = 1000, initial_temperature = 3.0, cooling_rate = 0.999
26 - INFO - chord#: 12 done. best_score=27.0, changed=522, unchanged=404, early_stops=8/8
26 - INFO - chord#: 14 In build_straw_man_chord_sa. tolerance = 1, sa_iterations = 1000, initial_temperature = 3.0, cooling_rate = 0.999
26 - INFO - chord#: 12 done. best_score=27.0, changed=526, unchanged=432, early_stops=8/8
26 - INFO - chord#: 14 In build_straw_man_chord_sa. tolerance = 1, sa_iterations = 1000, initial_temperature = 3.0, cooling_rate = 0.999
26 - INFO - chord#: 12 done. best_score=27.0, changed=529, unchanged=422, early_stops=8/8
26 - INFO - chord#: 14 In build_straw_man_chord_sa. tolerance = 1, sa_iterations = 1000, initial_temperature = 3.0, cooling_rate = 0.999
26 - INFO - chord#: 14 done. best_score=168.0, changed=606, unchanged=207, early_stops=8/8
26 - INFO - chord#: 16 In build_straw_man_chord_sa. tolerance = 1, sa_iterations = 1000, initial_temperature = 3.0, cooling_rate = 0.999
26 - INFO - chord#: 14 done. best_score=164.0, changed=606, unchanged=248, early_stops=8/8
26 - INFO - chord#: 16 In build_straw_man_chord_sa. tolerance = 1, sa_iterations = 1000, initial_temperature = 3.0, cooling_rate = 0.999
26 - INFO - chord#: 14 done. best_score=74.0, changed=609, unchanged=267, early_stops=8/8
26 - INFO - chord#: 16 In build_straw_man_chord_sa. tolerance = 1, sa_iterations = 1000, initial_temperature = 3.0, cooling_rate = 0.999
26 - INFO - chord#: 14 done. best_score=74.0, changed=611, unchanged=330, early_stops=8/8
26 - INFO - chord#: 16 In build_straw_man_chord_sa. tolerance = 1, sa_iterations = 1000, initial_temperature = 3.0, cooling_rate = 0.999
26 - INFO - chord#: 14 done. best_score=74.0, changed=615, unchanged=424, early_stops=8/8
26 - INFO - chord#: 16 In build_straw_man_chord_sa. tolerance = 1, sa_iterations = 1000, initial_temperature = 3.0, cooling_rate = 0.999
26 - INFO - chord#: 16 done. best_score=31.0, changed=516, unchanged=353, early_stops=8/8
26 - INFO - chord#: 18 In build_straw_man_chord_sa. tolerance = 1, sa_iterations = 1000, initial_temperature = 3.0, cooling_rate = 0.999
26 - INFO - chord#: 16 done. best_score=49.0, changed=519, unchanged=380, early_stops=8/8
26 - INFO - chord#: 18 In build_straw_man_chord_sa. tolerance = 1, sa_iterations = 1000, initial_temperature = 3.0, cooling_rate = 0.999
26 - INFO - chord#: 18 done. best_score=7.0, changed=517, unchanged=299, early_stops=8/8
26 - INFO - chord#: 20 In build_straw_man_chord_sa. tolerance = 1, sa_iterations = 1000, initial_temperature = 3.0, cooling_rate = 0.999
26 - INFO - chord#: 18 done. best_score=19.0, changed=513, unchanged=295, early_stops=8/8
26 - INFO - chord#: 20 In build_straw_man_chord_sa. tolerance = 1, sa_iterations = 1000, initial_temperature = 3.0, cooling_rate = 0.999
26 - INFO - chord#: 14 done. best_score=74.0, changed=609, unchanged=285, early_stops=8/8
26 - INFO - chord#: 16 In build_straw_man_chord_sa. tolerance = 1, sa_iterations = 1000, initial_temperature = 3.0, cooling_rate = 0.999
26 - INFO - chord#: 16 done. best_score=31.0, changed=519, unchanged=379, early_stops=8/8
26 - INFO - chord#: 18 In build_straw_man_chord_sa. tolerance = 1, sa_iterations = 1000, initial_temperature = 3.0, cooling_rate = 0.999
26 - INFO - chord#: 18 done. best_score=7.0, changed=499, unchanged=313, early_stops=8/8
26 - INFO - chord#: 20 In build_straw_man_chord_sa. tolerance = 1, sa_iterations = 1000, initial_temperature = 3.0, cooling_rate = 0.999
26 - INFO - chord#: 16 done. best_score=31.0, changed=527, unchanged=391, early_stops=8/8
26 - INFO - chord#: 18 In build_straw_man_chord_sa. tolerance = 1, sa_iterations = 1000, initial_temperature = 3.0, cooling_rate = 0.999
26 - INFO - chord#: 16 done. best_score=31.0, changed=530, unchanged=428, early_stops=8/8
26 - INFO - chord#: 18 In build_straw_man_chord_sa. tolerance = 1, sa_iterations = 1000, initial_temperature = 3.0, cooling_rate = 0.999
26 - INFO - chord#: 18 done. best_score=7.0, changed=527, unchanged=293, early_stops=8/8
26 - INFO - chord#: 20 In build_straw_man_chord_sa. tolerance = 1, sa_iterations = 1000, initial_temperature = 3.0, cooling_rate = 0.999
26 - INFO - chord#: 14 done. best_score=96.0, changed=612, unchanged=253, early_stops=8/8
26 - INFO - chord#: 16 In build_straw_man_chord_sa. tolerance = 1, sa_iterations = 1000, initial_temperature = 3.0, cooling_rate = 0.999
26 - INFO - chord#: 14 done. best_score=137.0, changed=611, unchanged=282, early_stops=8/8
26 - INFO - chord#: 16 In build_straw_man_chord_sa. tolerance = 1, sa_iterations = 1000, initial_temperature = 3.0, cooling_rate = 0.999
26 - INFO - chord#: 18 done. best_score=7.0, changed=502, unchanged=317, early_stops=8/8
26 - INFO - chord#: 20 In build_straw_man_chord_sa. tolerance = 1, sa_iterations = 1000, initial_temperature = 3.0, cooling_rate = 0.999
26 - INFO - chord#: 14 done. best_score=74.0, changed=610, unchanged=417, early_stops=8/8
26 - INFO - chord#: 16 In build_straw_man_chord_sa. tolerance = 1, sa_iterations = 1000, initial_temperature = 3.0, cooling_rate = 0.999
26 - INFO - chord#: 20 done. best_score=27.0, changed=524, unchanged=437, early_stops=8/8
26 - INFO - chord#: 22 In build_straw_man_chord_sa. tolerance = 1, sa_iterations = 1000, initial_temperature = 3.0, cooling_rate = 0.999
26 - INFO - chord#: 16 done. best_score=31.0, changed=528, unchanged=440, early_stops=8/8
26 - INFO - chord#: 18 In build_straw_man_chord_sa. tolerance = 1, sa_iterations = 1000, initial_temperature = 3.0, cooling_rate = 0.999
26 - INFO - chord#: 14 done. best_score=162.0, changed=612, unchanged=329, early_stops=8/8
26 - INFO - chord#: 16 In build_straw_man_chord_sa. tolerance = 1, sa_iterations = 1000, initial_temperature = 3.0, cooling_rate = 0.999
26 - INFO - chord#: 20 done. best_score=27.0, changed=526, unchanged=500, early_stops=8/8
26 - INFO - chord#: 22 In build_straw_man_chord_sa. tolerance = 1, sa_iterations = 1000, initial_temperature = 3.0, cooling_rate = 0.999
26 - INFO - chord#: 18 done. best_score=7.0, changed=500, unchanged=325, early_stops=8/8
26 - INFO - chord#: 20 In build_straw_man_chord_sa. tolerance = 1, sa_iterations = 1000, initial_temperature = 3.0, cooling_rate = 0.999
26 - INFO - chord#: 14 done. best_score=74.0, changed=617, unchanged=415, early_stops=8/8
26 - INFO - chord#: 16 In build_straw_man_chord_sa. tolerance = 1, sa_iterations = 1000, initial_temperature = 3.0, cooling_rate = 0.999
26 - INFO - chord#: 20 done. best_score=27.0, changed=525, unchanged=525, early_stops=8/8
26 - INFO - chord#: 22 In build_straw_man_chord_sa. tolerance = 1, sa_iterations = 1000, initial_temperature = 3.0, cooling_rate = 0.999
26 - INFO - chord#: 14 done. best_score=96.0, changed=614, unchanged=375, early_stops=8/8
26 - INFO - chord#: 16 In build_straw_man_chord_sa. tolerance = 1, sa_iterations = 1000, initial_temperature = 3.0, cooling_rate = 0.999
26 - INFO - chord#: 20 done. best_score=27.0, changed=521, unchanged=451, early_stops=8/8
26 - INFO - chord#: 22 In build_straw_man_chord_sa. tolerance = 1, sa_iterations = 1000, initial_temperature = 3.0, cooling_rate = 0.999
26 - INFO - chord#: 16 done. best_score=31.0, changed=520, unchanged=371, early_stops=8/8
26 - INFO - chord#: 18 In build_straw_man_chord_sa. tolerance = 1, sa_iterations = 1000, initial_temperature = 3.0, cooling_rate = 0.999
26 - INFO - chord#: 16 done. best_score=31.0, changed=521, unchanged=407, early_stops=8/8
26 - INFO - chord#: 18 In build_straw_man_chord_sa. tolerance = 1, sa_iterations = 1000, initial_temperature = 3.0, cooling_rate = 0.999
26 - INFO - chord#: 16 done. best_score=31.0, changed=527, unchanged=440, early_stops=8/8
26 - INFO - chord#: 18 In build_straw_man_chord_sa. tolerance = 1, sa_iterations = 1000, initial_temperature = 3.0, cooling_rate = 0.999
26 - INFO - chord#: 18 done. best_score=7.0, changed=503, unchanged=308, early_stops=8/8
26 - INFO - chord#: 20 In build_straw_man_chord_sa. tolerance = 1, sa_iterations = 1000, initial_temperature = 3.0, cooling_rate = 0.999
26 - INFO - chord#: 20 done. best_score=27.0, changed=527, unchanged=642, early_stops=8/8
26 - INFO - chord#: 22 In build_straw_man_chord_sa. tolerance = 1, sa_iterations = 1000, initial_temperature = 3.0, cooling_rate = 0.999
26 - INFO - chord#: 18 done. best_score=7.0, changed=504, unchanged=311, early_stops=8/8
26 - INFO - chord#: 20 In build_straw_man_chord_sa. tolerance = 1, sa_iterations = 1000, initial_temperature = 3.0, cooling_rate = 0.999
26 - INFO - chord#: 16 done. best_score=49.0, changed=516, unchanged=380, early_stops=8/8
26 - INFO - chord#: 18 In build_straw_man_chord_sa. tolerance = 1, sa_iterations = 1000, initial_temperature = 3.0, cooling_rate = 0.999
26 - INFO - chord#: 18 done. best_score=7.0, changed=498, unchanged=310, early_stops=8/8
26 - INFO - chord#: 20 In build_straw_man_chord_sa. tolerance = 1, sa_iterations = 1000, initial_temperature = 3.0, cooling_rate = 0.999
26 - INFO - chord#: 20 done. best_score=27.0, changed=522, unchanged=421, early_stops=8/8
26 - INFO - chord#: 22 In build_straw_man_chord_sa. tolerance = 1, sa_iterations = 1000, initial_temperature = 3.0, cooling_rate = 0.999
26 - INFO - chord#: 18 done. best_score=19.0, changed=525, unchanged=294, early_stops=8/8
26 - INFO - chord#: 20 In build_straw_man_chord_sa. tolerance = 1, sa_iterations = 1000, initial_temperature = 3.0, cooling_rate = 0.999
26 - INFO - chord#: 16 done. best_score=31.0, changed=521, unchanged=376, early_stops=8/8
26 - INFO - chord#: 18 In build_straw_man_chord_sa. tolerance = 1, sa_iterations = 1000, initial_temperature = 3.0, cooling_rate = 0.999
26 - INFO - chord#: 16 done. best_score=31.0, changed=528, unchanged=421, early_stops=8/8
26 - INFO - chord#: 18 In build_straw_man_chord_sa. tolerance = 1, sa_iterations = 1000, initial_temperature = 3.0, cooling_rate = 0.999
26 - INFO - chord#: 18 done. best_score=7.0, changed=491, unchanged=340, early_stops=8/8
26 - INFO - chord#: 20 In build_straw_man_chord_sa. tolerance = 1, sa_iterations = 1000, initial_temperature = 3.0, cooling_rate = 0.999
26 - INFO - chord#: 22 done. best_score=78.0, changed=616, unchanged=244, early_stops=8/8
26 - INFO - chord#: 24 In build_straw_man_chord_sa. tolerance = 1, sa_iterations = 1000, initial_temperature = 3.0, cooling_rate = 0.999
26 - INFO - chord#: 18 done. best_score=7.0, changed=511, unchanged=312, early_stops=8/8
26 - INFO - chord#: 20 In build_straw_man_chord_sa. tolerance = 1, sa_iterations = 1000, initial_temperature = 3.0, cooling_rate = 0.999
26 - INFO - chord#: 24 done. best_score=9.0, changed=449, unchanged=387, early_stops=8/8
26 - INFO - chord#: 32 In build_straw_man_chord_sa. tolerance = 1, sa_iterations = 1000, initial_temperature = 3.0, cooling_rate = 0.999
26 - INFO - chord#: 20 done. best_score=27.0, changed=515, unchanged=338, early_stops=8/8
26 - INFO - chord#: 22 In build_straw_man_chord_sa. tolerance = 1, sa_iterations = 1000, initial_temperature = 3.0, cooling_rate = 0.999
26 - INFO - chord#: 20 done. best_score=27.0, changed=532, unchanged=461, early_stops=8/8
26 - INFO - chord#: 22 In build_straw_man_chord_sa. tolerance = 1, sa_iterations = 1000, initial_temperature = 3.0, cooling_rate = 0.999
26 - INFO - chord#: 20 done. best_score=27.0, changed=522, unchanged=400, early_stops=8/8
26 - INFO - chord#: 22 In build_straw_man_chord_sa. tolerance = 1, sa_iterations = 1000, initial_temperature = 3.0, cooling_rate = 0.999
26 - INFO - chord#: 22 done. best_score=125.0, changed=619, unchanged=457, early_stops=8/8
26 - INFO - chord#: 24 In build_straw_man_chord_sa. tolerance = 1, sa_iterations = 1000, initial_temperature = 3.0, cooling_rate = 0.999
26 - INFO - chord#: 22 done. best_score=125.0, changed=614, unchanged=310, early_stops=8/8
26 - INFO - chord#: 24 In build_straw_man_chord_sa. tolerance = 1, sa_iterations = 1000, initial_temperature = 3.0, cooling_rate = 0.999
26 - INFO - chord#: 20 done. best_score=27.0, changed=514, unchanged=320, early_stops=8/8
26 - INFO - chord#: 22 In build_straw_man_chord_sa. tolerance = 1, sa_iterations = 1000, initial_temperature = 3.0, cooling_rate = 0.999
26 - INFO - chord#: 22 done. best_score=125.0, changed=610, unchanged=288, early_stops=8/8
26 - INFO - chord#: 24 In build_straw_man_chord_sa. tolerance = 1, sa_iterations = 1000, initial_temperature = 3.0, cooling_rate = 0.999
26 - INFO - chord#: 24 done. best_score=9.0, changed=469, unchanged=393, early_stops=8/8
26 - INFO - chord#: 32 In build_straw_man_chord_sa. tolerance = 1, sa_iterations = 1000, initial_temperature = 3.0, cooling_rate = 0.999
26 - INFO - chord#: 24 done. best_score=9.0, changed=465, unchanged=357, early_stops=8/8
26 - INFO - chord#: 32 In build_straw_man_chord_sa. tolerance = 1, sa_iterations = 1000, initial_temperature = 3.0, cooling_rate = 0.999
26 - INFO - chord#: 32 done. best_score=27.0, changed=529, unchanged=307, early_stops=8/8
26 - INFO - chord#: 38 In build_straw_man_chord_sa. tolerance = 1, sa_iterations = 1000, initial_temperature = 3.0, cooling_rate = 0.999
26 - INFO - chord#: 22 done. best_score=67.0, changed=615, unchanged=254, early_stops=8/8
26 - INFO - chord#: 24 In build_straw_man_chord_sa. tolerance = 1, sa_iterations = 1000, initial_temperature = 3.0, cooling_rate = 0.999
26 - INFO - chord#: 24 done. best_score=9.0, changed=456, unchanged=375, early_stops=8/8
26 - INFO - chord#: 32 In build_straw_man_chord_sa. tolerance = 1, sa_iterations = 1000, initial_temperature = 3.0, cooling_rate = 0.999
26 - INFO - chord#: 20 done. best_score=27.0, changed=521, unchanged=527, early_stops=8/8
26 - INFO - chord#: 22 In build_straw_man_chord_sa. tolerance = 1, sa_iterations = 1000, initial_temperature = 3.0, cooling_rate = 0.999
26 - INFO - chord#: 24 done. best_score=9.0, changed=450, unchanged=355, early_stops=8/8
26 - INFO - chord#: 32 In build_straw_man_chord_sa. tolerance = 1, sa_iterations = 1000, initial_temperature = 3.0, cooling_rate = 0.999
26 - INFO - chord#: 20 done. best_score=27.0, changed=515, unchanged=470, early_stops=8/8
26 - INFO - chord#: 22 In build_straw_man_chord_sa. tolerance = 1, sa_iterations = 1000, initial_temperature = 3.0, cooling_rate = 0.999
26 - INFO - chord#: 32 done. best_score=27.0, changed=524, unchanged=355, early_stops=8/8
26 - INFO - chord#: 38 In build_straw_man_chord_sa. tolerance = 1, sa_iterations = 1000, initial_temperature = 3.0, cooling_rate = 0.999
26 - INFO - chord#: 32 done. best_score=27.0, changed=523, unchanged=294, early_stops=8/8
26 - INFO - chord#: 38 In build_straw_man_chord_sa. tolerance = 1, sa_iterations = 1000, initial_temperature = 3.0, cooling_rate = 0.999
26 - INFO - chord#: 32 done. best_score=27.0, changed=529, unchanged=341, early_stops=8/8
26 - INFO - chord#: 38 In build_straw_man_chord_sa. tolerance = 1, sa_iterations = 1000, initial_temperature = 3.0, cooling_rate = 0.999
26 - INFO - chord#: 32 done. best_score=27.0, changed=525, unchanged=340, early_stops=8/8
26 - INFO - chord#: 38 In build_straw_man_chord_sa. tolerance = 1, sa_iterations = 1000, initial_temperature = 3.0, cooling_rate = 0.999
26 - INFO - chord#: 22 done. best_score=67.0, changed=610, unchanged=402, early_stops=8/8
26 - INFO - chord#: 24 In build_straw_man_chord_sa. tolerance = 1, sa_iterations = 1000, initial_temperature = 3.0, cooling_rate = 0.999
26 - INFO - chord#: 24 done. best_score=9.0, changed=471, unchanged=376, early_stops=8/8
26 - INFO - chord#: 32 In build_straw_man_chord_sa. tolerance = 1, sa_iterations = 1000, initial_temperature = 3.0, cooling_rate = 0.999
26 - INFO - chord#: 22 done. best_score=67.0, changed=608, unchanged=238, early_stops=8/8
26 - INFO - chord#: 24 In build_straw_man_chord_sa. tolerance = 1, sa_iterations = 1000, initial_temperature = 3.0, cooling_rate = 0.999
26 - INFO - chord#: 24 done. best_score=9.0, changed=453, unchanged=359, early_stops=8/8
26 - INFO - chord#: 32 In build_straw_man_chord_sa. tolerance = 1, sa_iterations = 1000, initial_temperature = 3.0, cooling_rate = 0.999
26 - INFO - chord#: 22 done. best_score=137.0, changed=611, unchanged=325, early_stops=8/8
26 - INFO - chord#: 24 In build_straw_man_chord_sa. tolerance = 1, sa_iterations = 1000, initial_temperature = 3.0, cooling_rate = 0.999
26 - INFO - chord#: 22 done. best_score=125.0, changed=618, unchanged=269, early_stops=8/8
26 - INFO - chord#: 24 In build_straw_man_chord_sa. tolerance = 1, sa_iterations = 1000, initial_temperature = 3.0, cooling_rate = 0.999
26 - INFO - chord#: 22 done. best_score=78.0, changed=614, unchanged=378, early_stops=8/8
26 - INFO - chord#: 24 In build_straw_man_chord_sa. tolerance = 1, sa_iterations = 1000, initial_temperature = 3.0, cooling_rate = 0.999
26 - INFO - chord#: 38 done. best_score=74.0, changed=610, unchanged=367, early_stops=8/8
26 - INFO - chord#: 40 In build_straw_man_chord_sa. tolerance = 1, sa_iterations = 1000, initial_temperature = 3.0, cooling_rate = 0.999
26 - INFO - chord#: 24 done. best_score=9.0, changed=470, unchanged=400, early_stops=8/8
26 - INFO - chord#: 32 In build_straw_man_chord_sa. tolerance = 1, sa_iterations = 1000, initial_temperature = 3.0, cooling_rate = 0.999
26 - INFO - chord#: 24 done. best_score=9.0, changed=448, unchanged=379, early_stops=8/8
26 - INFO - chord#: 32 In build_straw_man_chord_sa. tolerance = 1, sa_iterations = 1000, initial_temperature = 3.0, cooling_rate = 0.999
26 - INFO - chord#: 22 done. best_score=67.0, changed=613, unchanged=367, early_stops=8/8
26 - INFO - chord#: 24 In build_straw_man_chord_sa. tolerance = 1, sa_iterations = 1000, initial_temperature = 3.0, cooling_rate = 0.999
26 - INFO - chord#: 24 done. best_score=9.0, changed=448, unchanged=378, early_stops=8/8
26 - INFO - chord#: 32 In build_straw_man_chord_sa. tolerance = 1, sa_iterations = 1000, initial_temperature = 3.0, cooling_rate = 0.999
26 - INFO - chord#: 32 done. best_score=27.0, changed=519, unchanged=391, early_stops=8/8
26 - INFO - chord#: 38 In build_straw_man_chord_sa. tolerance = 1, sa_iterations = 1000, initial_temperature = 3.0, cooling_rate = 0.999
26 - INFO - chord#: 24 done. best_score=9.0, changed=457, unchanged=432, early_stops=8/8
26 - INFO - chord#: 32 In build_straw_man_chord_sa. tolerance = 1, sa_iterations = 1000, initial_temperature = 3.0, cooling_rate = 0.999
26 - INFO - chord#: 38 done. best_score=96.0, changed=612, unchanged=296, early_stops=8/8
26 - INFO - chord#: 40 In build_straw_man_chord_sa. tolerance = 1, sa_iterations = 1000, initial_temperature = 3.0, cooling_rate = 0.999
26 - INFO - chord#: 38 done. best_score=74.0, changed=609, unchanged=299, early_stops=8/8
26 - INFO - chord#: 40 In build_straw_man_chord_sa. tolerance = 1, sa_iterations = 1000, initial_temperature = 3.0, cooling_rate = 0.999
26 - INFO - chord#: 38 done. best_score=121.0, changed=614, unchanged=307, early_stops=8/8
26 - INFO - chord#: 40 In build_straw_man_chord_sa. tolerance = 1, sa_iterations = 1000, initial_temperature = 3.0, cooling_rate = 0.999
26 - INFO - chord#: 32 done. best_score=27.0, changed=535, unchanged=431, early_stops=8/8
26 - INFO - chord#: 38 In build_straw_man_chord_sa. tolerance = 1, sa_iterations = 1000, initial_temperature = 3.0, cooling_rate = 0.999
26 - INFO - chord#: 38 done. best_score=121.0, changed=610, unchanged=319, early_stops=8/8
26 - INFO - chord#: 40 In build_straw_man_chord_sa. tolerance = 1, sa_iterations = 1000, initial_temperature = 3.0, cooling_rate = 0.999
26 - INFO - chord#: 22 done. best_score=67.0, changed=612, unchanged=421, early_stops=8/8
26 - INFO - chord#: 24 In build_straw_man_chord_sa. tolerance = 1, sa_iterations = 1000, initial_temperature = 3.0, cooling_rate = 0.999
26 - INFO - chord#: 32 done. best_score=27.0, changed=520, unchanged=320, early_stops=8/8
26 - INFO - chord#: 38 In build_straw_man_chord_sa. tolerance = 1, sa_iterations = 1000, initial_temperature = 3.0, cooling_rate = 0.999
26 - INFO - chord#: 40 done. best_score=27.0, changed=526, unchanged=418, early_stops=8/8
26 - INFO - chord#: 42 In build_straw_man_chord_sa. tolerance = 1, sa_iterations = 1000, initial_temperature = 3.0, cooling_rate = 0.999
26 - INFO - chord#: 32 done. best_score=27.0, changed=528, unchanged=304, early_stops=8/8
26 - INFO - chord#: 38 In build_straw_man_chord_sa. tolerance = 1, sa_iterations = 1000, initial_temperature = 3.0, cooling_rate = 0.999
26 - INFO - chord#: 32 done. best_score=27.0, changed=533, unchanged=348, early_stops=8/8
26 - INFO - chord#: 38 In build_straw_man_chord_sa. tolerance = 1, sa_iterations = 1000, initial_temperature = 3.0, cooling_rate = 0.999
26 - INFO - chord#: 24 done. best_score=9.0, changed=460, unchanged=359, early_stops=8/8
26 - INFO - chord#: 32 done. best_score=27.0, changed=528, unchanged=409, early_stops=8/8
26 - INFO - chord#: 32 In build_straw_man_chord_sa. tolerance = 1, sa_iterations = 1000, initial_temperature = 3.0, cooling_rate = 0.999
26 - INFO - chord#: 38 In build_straw_man_chord_sa. tolerance = 1, sa_iterations = 1000, initial_temperature = 3.0, cooling_rate = 0.999
26 - INFO - chord#: 40 done. best_score=27.0, changed=521, unchanged=352, early_stops=8/8
26 - INFO - chord#: 42 In build_straw_man_chord_sa. tolerance = 1, sa_iterations = 1000, initial_temperature = 3.0, cooling_rate = 0.999
26 - INFO - chord#: 40 done. best_score=27.0, changed=529, unchanged=536, early_stops=8/8
26 - INFO - chord#: 42 In build_straw_man_chord_sa. tolerance = 1, sa_iterations = 1000, initial_temperature = 3.0, cooling_rate = 0.999
26 - INFO - chord#: 40 done. best_score=27.0, changed=524, unchanged=359, early_stops=8/8
26 - INFO - chord#: 42 In build_straw_man_chord_sa. tolerance = 1, sa_iterations = 1000, initial_temperature = 3.0, cooling_rate = 0.999
26 - INFO - chord#: 40 done. best_score=27.0, changed=520, unchanged=411, early_stops=8/8
26 - INFO - chord#: 42 In build_straw_man_chord_sa. tolerance = 1, sa_iterations = 1000, initial_temperature = 3.0, cooling_rate = 0.999
26 - INFO - chord#: 42 done. best_score=36.0, changed=524, unchanged=430, early_stops=8/8
26 - INFO - chord#: 44 In build_straw_man_chord_sa. tolerance = 1, sa_iterations = 1000, initial_temperature = 3.0, cooling_rate = 0.999
26 - INFO - chord#: 32 done. best_score=27.0, changed=515, unchanged=339, early_stops=8/8
26 - INFO - chord#: 38 In build_straw_man_chord_sa. tolerance = 1, sa_iterations = 1000, initial_temperature = 3.0, cooling_rate = 0.999
26 - INFO - chord#: 42 done. best_score=36.0, changed=521, unchanged=344, early_stops=8/8
26 - INFO - chord#: 44 In build_straw_man_chord_sa. tolerance = 1, sa_iterations = 1000, initial_temperature = 3.0, cooling_rate = 0.999
26 - INFO - chord#: 42 done. best_score=36.0, changed=521, unchanged=379, early_stops=8/8
26 - INFO - chord#: 44 In build_straw_man_chord_sa. tolerance = 1, sa_iterations = 1000, initial_temperature = 3.0, cooling_rate = 0.999
26 - INFO - chord#: 42 done. best_score=36.0, changed=512, unchanged=331, early_stops=8/8
26 - INFO - chord#: 44 In build_straw_man_chord_sa. tolerance = 1, sa_iterations = 1000, initial_temperature = 3.0, cooling_rate = 0.999
26 - INFO - chord#: 38 done. best_score=149.0, changed=615, unchanged=222, early_stops=8/8
26 - INFO - chord#: 40 In build_straw_man_chord_sa. tolerance = 1, sa_iterations = 1000, initial_temperature = 3.0, cooling_rate = 0.999
26 - INFO - chord#: 44 done. best_score=27.0, changed=518, unchanged=370, early_stops=8/8
26 - INFO - chord#: 48 In build_straw_man_chord_sa. tolerance = 1, sa_iterations = 1000, initial_temperature = 3.0, cooling_rate = 0.999
26 - INFO - chord#: 42 done. best_score=36.0, changed=522, unchanged=354, early_stops=8/8
26 - INFO - chord#: 44 In build_straw_man_chord_sa. tolerance = 1, sa_iterations = 1000, initial_temperature = 3.0, cooling_rate = 0.999
26 - INFO - chord#: 44 done. best_score=27.0, changed=522, unchanged=374, early_stops=8/8
26 - INFO - chord#: 48 In build_straw_man_chord_sa. tolerance = 1, sa_iterations = 1000, initial_temperature = 3.0, cooling_rate = 0.999
26 - INFO - chord#: 38 done. best_score=121.0, changed=612, unchanged=284, early_stops=8/8
26 - INFO - chord#: 40 In build_straw_man_chord_sa. tolerance = 1, sa_iterations = 1000, initial_temperature = 3.0, cooling_rate = 0.999
26 - INFO - chord#: 38 done. best_score=74.0, changed=604, unchanged=217, early_stops=8/8
26 - INFO - chord#: 40 In build_straw_man_chord_sa. tolerance = 1, sa_iterations = 1000, initial_temperature = 3.0, cooling_rate = 0.999
26 - INFO - chord#: 44 done. best_score=27.0, changed=521, unchanged=378, early_stops=8/8
26 - INFO - chord#: 48 In build_straw_man_chord_sa. tolerance = 1, sa_iterations = 1000, initial_temperature = 3.0, cooling_rate = 0.999
26 - INFO - chord#: 38 done. best_score=121.0, changed=612, unchanged=315, early_stops=8/8
26 - INFO - chord#: 40 In build_straw_man_chord_sa. tolerance = 1, sa_iterations = 1000, initial_temperature = 3.0, cooling_rate = 0.999
26 - INFO - chord#: 44 done. best_score=27.0, changed=520, unchanged=387, early_stops=8/8
26 - INFO - chord#: 48 In build_straw_man_chord_sa. tolerance = 1, sa_iterations = 1000, initial_temperature = 3.0, cooling_rate = 0.999
26 - INFO - chord#: 38 done. best_score=74.0, changed=610, unchanged=293, early_stops=8/8
26 - INFO - chord#: 40 In build_straw_man_chord_sa. tolerance = 1, sa_iterations = 1000, initial_temperature = 3.0, cooling_rate = 0.999
26 - INFO - chord#: 38 done. best_score=121.0, changed=621, unchanged=511, early_stops=8/8
26 - INFO - chord#: 40 In build_straw_man_chord_sa. tolerance = 1, sa_iterations = 1000, initial_temperature = 3.0, cooling_rate = 0.999
26 - INFO - chord#: 40 done. best_score=27.0, changed=520, unchanged=484, early_stops=8/8
26 - INFO - chord#: 42 In build_straw_man_chord_sa. tolerance = 1, sa_iterations = 1000, initial_temperature = 3.0, cooling_rate = 0.999
26 - INFO - chord#: 40 done. best_score=27.0, changed=519, unchanged=360, early_stops=8/8
26 - INFO - chord#: 42 In build_straw_man_chord_sa. tolerance = 1, sa_iterations = 1000, initial_temperature = 3.0, cooling_rate = 0.999
26 - INFO - chord#: 44 done. best_score=27.0, changed=523, unchanged=450, early_stops=8/8
26 - INFO - chord#: 48 In build_straw_man_chord_sa. tolerance = 1, sa_iterations = 1000, initial_temperature = 3.0, cooling_rate = 0.999
26 - INFO - chord#: 38 done. best_score=74.0, changed=611, unchanged=242, early_stops=8/8
26 - INFO - chord#: 40 In build_straw_man_chord_sa. tolerance = 1, sa_iterations = 1000, initial_temperature = 3.0, cooling_rate = 0.999
26 - INFO - chord#: 40 done. best_score=27.0, changed=515, unchanged=393, early_stops=8/8
26 - INFO - chord#: 42 In build_straw_man_chord_sa. tolerance = 1, sa_iterations = 1000, initial_temperature = 3.0, cooling_rate = 0.999
26 - INFO - chord#: 40 done. best_score=27.0, changed=520, unchanged=357, early_stops=8/8
26 - INFO - chord#: 42 In build_straw_man_chord_sa. tolerance = 1, sa_iterations = 1000, initial_temperature = 3.0, cooling_rate = 0.999
26 - INFO - chord#: 48 done. best_score=125.0, changed=609, unchanged=254, early_stops=8/8
26 - INFO - chord#: 50 In build_straw_man_chord_sa. tolerance = 1, sa_iterations = 1000, initial_temperature = 3.0, cooling_rate = 0.999
26 - INFO - chord#: 40 done. best_score=27.0, changed=514, unchanged=380, early_stops=8/8
26 - INFO - chord#: 42 In build_straw_man_chord_sa. tolerance = 1, sa_iterations = 1000, initial_temperature = 3.0, cooling_rate = 0.999
26 - INFO - chord#: 40 done. best_score=27.0, changed=519, unchanged=491, early_stops=8/8
26 - INFO - chord#: 42 In build_straw_man_chord_sa. tolerance = 1, sa_iterations = 1000, initial_temperature = 3.0, cooling_rate = 0.999
26 - INFO - chord#: 42 done. best_score=36.0, changed=525, unchanged=413, early_stops=8/8
26 - INFO - chord#: 44 In build_straw_man_chord_sa. tolerance = 1, sa_iterations = 1000, initial_temperature = 3.0, cooling_rate = 0.999
26 - INFO - chord#: 42 done. best_score=36.0, changed=525, unchanged=439, early_stops=8/8
26 - INFO - chord#: 44 In build_straw_man_chord_sa. tolerance = 1, sa_iterations = 1000, initial_temperature = 3.0, cooling_rate = 0.999
26 - INFO - chord#: 48 done. best_score=64.0, changed=612, unchanged=294, early_stops=8/8
26 - INFO - chord#: 50 In build_straw_man_chord_sa. tolerance = 1, sa_iterations = 1000, initial_temperature = 3.0, cooling_rate = 0.999
26 - INFO - chord#: 50 done. best_score=49.0, changed=546, unchanged=364, early_stops=8/8
26 - INFO - chord#: 52 In build_straw_man_chord_sa. tolerance = 1, sa_iterations = 1000, initial_temperature = 3.0, cooling_rate = 0.999
26 - INFO - chord#: 48 done. best_score=64.0, changed=613, unchanged=432, early_stops=8/8
26 - INFO - chord#: 50 In build_straw_man_chord_sa. tolerance = 1, sa_iterations = 1000, initial_temperature = 3.0, cooling_rate = 0.999
26 - INFO - chord#: 42 done. best_score=36.0, changed=517, unchanged=364, early_stops=8/8
26 - INFO - chord#: 44 In build_straw_man_chord_sa. tolerance = 1, sa_iterations = 1000, initial_temperature = 3.0, cooling_rate = 0.999
26 - INFO - chord#: 48 done. best_score=145.0, changed=610, unchanged=380, early_stops=8/8
26 - INFO - chord#: 50 In build_straw_man_chord_sa. tolerance = 1, sa_iterations = 1000, initial_temperature = 3.0, cooling_rate = 0.999
26 - INFO - chord#: 42 done. best_score=36.0, changed=520, unchanged=371, early_stops=8/8
26 - INFO - chord#: 44 In build_straw_man_chord_sa. tolerance = 1, sa_iterations = 1000, initial_temperature = 3.0, cooling_rate = 0.999
26 - INFO - chord#: 42 done. best_score=36.0, changed=517, unchanged=319, early_stops=8/8
26 - INFO - chord#: 44 In build_straw_man_chord_sa. tolerance = 1, sa_iterations = 1000, initial_temperature = 3.0, cooling_rate = 0.999
26 - INFO - chord#: 40 done. best_score=27.0, changed=516, unchanged=411, early_stops=8/8
26 - INFO - chord#: 42 In build_straw_man_chord_sa. tolerance = 1, sa_iterations = 1000, initial_temperature = 3.0, cooling_rate = 0.999
26 - INFO - chord#: 50 done. best_score=37.0, changed=527, unchanged=377, early_stops=8/8
26 - INFO - chord#: 44 done. best_score=27.0, changed=520, unchanged=505, early_stops=8/8
26 - INFO - chord#: 48 In build_straw_man_chord_sa. tolerance = 1, sa_iterations = 1000, initial_temperature = 3.0, cooling_rate = 0.999
26 - INFO - chord#: 52 In build_straw_man_chord_sa. tolerance = 1, sa_iterations = 1000, initial_temperature = 3.0, cooling_rate = 0.999
26 - INFO - chord#: 42 done. best_score=36.0, changed=527, unchanged=402, early_stops=8/8
26 - INFO - chord#: 44 In build_straw_man_chord_sa. tolerance = 1, sa_iterations = 1000, initial_temperature = 3.0, cooling_rate = 0.999
26 - INFO - chord#: 50 done. best_score=37.0, changed=522, unchanged=339, early_stops=8/8
26 - INFO - chord#: 52 In build_straw_man_chord_sa. tolerance = 1, sa_iterations = 1000, initial_temperature = 3.0, cooling_rate = 0.999
26 - INFO - chord#: 52 done. best_score=27.0, changed=527, unchanged=398, early_stops=8/8
26 - INFO - chord#: 54 In build_straw_man_chord_sa. tolerance = 1, sa_iterations = 1000, initial_temperature = 3.0, cooling_rate = 0.999
26 - INFO - chord#: 50 done. best_score=49.0, changed=529, unchanged=355, early_stops=8/8
26 - INFO - chord#: 52 In build_straw_man_chord_sa. tolerance = 1, sa_iterations = 1000, initial_temperature = 3.0, cooling_rate = 0.999
26 - INFO - chord#: 44 done. best_score=27.0, changed=518, unchanged=406, early_stops=8/8
26 - INFO - chord#: 48 In build_straw_man_chord_sa. tolerance = 1, sa_iterations = 1000, initial_temperature = 3.0, cooling_rate = 0.999
26 - INFO - chord#: 44 done. best_score=27.0, changed=517, unchanged=371, early_stops=8/8
26 - INFO - chord#: 48 In build_straw_man_chord_sa. tolerance = 1, sa_iterations = 1000, initial_temperature = 3.0, cooling_rate = 0.999
26 - INFO - chord#: 42 done. best_score=36.0, changed=526, unchanged=493, early_stops=8/8
26 - INFO - chord#: 44 In build_straw_man_chord_sa. tolerance = 1, sa_iterations = 1000, initial_temperature = 3.0, cooling_rate = 0.999
26 - INFO - chord#: 48 done. best_score=157.0, changed=615, unchanged=378, early_stops=8/8
26 - INFO - chord#: 50 In build_straw_man_chord_sa. tolerance = 1, sa_iterations = 1000, initial_temperature = 3.0, cooling_rate = 0.999
26 - INFO - chord#: 44 done. best_score=27.0, changed=522, unchanged=562, early_stops=8/8
26 - INFO - chord#: 48 In build_straw_man_chord_sa. tolerance = 1, sa_iterations = 1000, initial_temperature = 3.0, cooling_rate = 0.999
26 - INFO - chord#: 44 done. best_score=27.0, changed=527, unchanged=488, early_stops=8/8
26 - INFO - chord#: 48 In build_straw_man_chord_sa. tolerance = 1, sa_iterations = 1000, initial_temperature = 3.0, cooling_rate = 0.999
26 - INFO - chord#: 52 done. best_score=27.0, changed=525, unchanged=539, early_stops=8/8
26 - INFO - chord#: 54 In build_straw_man_chord_sa. tolerance = 1, sa_iterations = 1000, initial_temperature = 3.0, cooling_rate = 0.999
26 - INFO - chord#: 44 done. best_score=27.0, changed=513, unchanged=352, early_stops=8/8
26 - INFO - chord#: 48 In build_straw_man_chord_sa. tolerance = 1, sa_iterations = 1000, initial_temperature = 3.0, cooling_rate = 0.999
26 - INFO - chord#: 54 done. best_score=47.0, changed=528, unchanged=410, early_stops=8/8
26 - INFO - chord#: 55 In build_straw_man_chord_sa. tolerance = 1, sa_iterations = 1000, initial_temperature = 3.0, cooling_rate = 0.999
26 - INFO - chord#: 52 done. best_score=27.0, changed=520, unchanged=605, early_stops=8/8
26 - INFO - chord#: 54 In build_straw_man_chord_sa. tolerance = 1, sa_iterations = 1000, initial_temperature = 3.0, cooling_rate = 0.999
26 - INFO - chord#: 52 done. best_score=27.0, changed=526, unchanged=488, early_stops=8/8
26 - INFO - chord#: 54 In build_straw_man_chord_sa. tolerance = 1, sa_iterations = 1000, initial_temperature = 3.0, cooling_rate = 0.999
26 - INFO - chord#: 48 done. best_score=125.0, changed=608, unchanged=311, early_stops=8/8
26 - INFO - chord#: 50 In build_straw_man_chord_sa. tolerance = 1, sa_iterations = 1000, initial_temperature = 3.0, cooling_rate = 0.999
26 - INFO - chord#: 50 done. best_score=37.0, changed=520, unchanged=426, early_stops=8/8
26 - INFO - chord#: 52 In build_straw_man_chord_sa. tolerance = 1, sa_iterations = 1000, initial_temperature = 3.0, cooling_rate = 0.999
26 - INFO - chord#: 54 done. best_score=47.0, changed=522, unchanged=394, early_stops=8/8
26 - INFO - chord#: 55 In build_straw_man_chord_sa. tolerance = 1, sa_iterations = 1000, initial_temperature = 3.0, cooling_rate = 0.999
26 - INFO - chord#: 44 done. best_score=27.0, changed=523, unchanged=488, early_stops=8/8
26 - INFO - chord#: 48 In build_straw_man_chord_sa. tolerance = 1, sa_iterations = 1000, initial_temperature = 3.0, cooling_rate = 0.999
26 - INFO - chord#: 54 done. best_score=47.0, changed=522, unchanged=300, early_stops=8/8
26 - INFO - chord#: 55 In build_straw_man_chord_sa. tolerance = 1, sa_iterations = 1000, initial_temperature = 3.0, cooling_rate = 0.999
26 - INFO - chord#: 54 done. best_score=47.0, changed=527, unchanged=397, early_stops=8/8
26 - INFO - chord#: 55 In build_straw_man_chord_sa. tolerance = 1, sa_iterations = 1000, initial_temperature = 3.0, cooling_rate = 0.999
26 - INFO - chord#: 48 done. best_score=104.0, changed=607, unchanged=230, early_stops=8/8
26 - INFO - chord#: 50 In build_straw_man_chord_sa. tolerance = 1, sa_iterations = 1000, initial_temperature = 3.0, cooling_rate = 0.999
26 - INFO - chord#: 50 done. best_score=49.0, changed=523, unchanged=343, early_stops=8/8
26 - INFO - chord#: 52 In build_straw_man_chord_sa. tolerance = 1, sa_iterations = 1000, initial_temperature = 3.0, cooling_rate = 0.999
26 - INFO - chord#: 50 done. best_score=37.0, changed=527, unchanged=369, early_stops=8/8
26 - INFO - chord#: 52 In build_straw_man_chord_sa. tolerance = 1, sa_iterations = 1000, initial_temperature = 3.0, cooling_rate = 0.999
26 - INFO - chord#: 48 done. best_score=146.0, changed=613, unchanged=349, early_stops=8/8
26 - INFO - chord#: 50 In build_straw_man_chord_sa. tolerance = 1, sa_iterations = 1000, initial_temperature = 3.0, cooling_rate = 0.999
26 - INFO - chord#: 52 done. best_score=27.0, changed=516, unchanged=369, early_stops=8/8
26 - INFO - chord#: 54 In build_straw_man_chord_sa. tolerance = 1, sa_iterations = 1000, initial_temperature = 3.0, cooling_rate = 0.999
26 - INFO - chord#: 55 done. best_score=120.0, changed=611, unchanged=269, early_stops=8/8
26 - INFO - chord#: 56 In build_straw_man_chord_sa. tolerance = 1, sa_iterations = 1000, initial_temperature = 3.0, cooling_rate = 0.999
26 - INFO - chord#: 48 done. best_score=64.0, changed=616, unchanged=304, early_stops=8/8
26 - INFO - chord#: 50 In build_straw_man_chord_sa. tolerance = 1, sa_iterations = 1000, initial_temperature = 3.0, cooling_rate = 0.999
26 - INFO - chord#: 56 done. best_score=9.0, changed=474, unchanged=354, early_stops=8/8
26 - INFO - chord#: 64 In build_straw_man_chord_sa. tolerance = 1, sa_iterations = 1000, initial_temperature = 3.0, cooling_rate = 0.999
26 - INFO - chord#: 48 done. best_score=157.0, changed=613, unchanged=380, early_stops=8/8
26 - INFO - chord#: 50 In build_straw_man_chord_sa. tolerance = 1, sa_iterations = 1000, initial_temperature = 3.0, cooling_rate = 0.999
26 - INFO - chord#: 52 done. best_score=27.0, changed=522, unchanged=461, early_stops=8/8
26 - INFO - chord#: 54 In build_straw_man_chord_sa. tolerance = 1, sa_iterations = 1000, initial_temperature = 3.0, cooling_rate = 0.999
26 - INFO - chord#: 48 done. best_score=154.0, changed=616, unchanged=397, early_stops=8/8
26 - INFO - chord#: 50 In build_straw_man_chord_sa. tolerance = 1, sa_iterations = 1000, initial_temperature = 3.0, cooling_rate = 0.999
26 - INFO - chord#: 50 done. best_score=35.0, changed=525, unchanged=331, early_stops=8/8
26 - INFO - chord#: 52 In build_straw_man_chord_sa. tolerance = 1, sa_iterations = 1000, initial_temperature = 3.0, cooling_rate = 0.999
26 - INFO - chord#: 50 done. best_score=35.0, changed=526, unchanged=377, early_stops=8/8
26 - INFO - chord#: 52 In build_straw_man_chord_sa. tolerance = 1, sa_iterations = 1000, initial_temperature = 3.0, cooling_rate = 0.999
26 - INFO - chord#: 55 done. best_score=111.0, changed=612, unchanged=247, early_stops=8/8
26 - INFO - chord#: 56 In build_straw_man_chord_sa. tolerance = 1, sa_iterations = 1000, initial_temperature = 3.0, cooling_rate = 0.999
26 - INFO - chord#: 54 done. best_score=47.0, changed=521, unchanged=368, early_stops=8/8
26 - INFO - chord#: 55 In build_straw_man_chord_sa. tolerance = 1, sa_iterations = 1000, initial_temperature = 3.0, cooling_rate = 0.999
26 - INFO - chord#: 55 done. best_score=113.0, changed=613, unchanged=337, early_stops=8/8
26 - INFO - chord#: 56 In build_straw_man_chord_sa. tolerance = 1, sa_iterations = 1000, initial_temperature = 3.0, cooling_rate = 0.999
26 - INFO - chord#: 52 done. best_score=27.0, changed=521, unchanged=470, early_stops=8/8
26 - INFO - chord#: 54 In build_straw_man_chord_sa. tolerance = 1, sa_iterations = 1000, initial_temperature = 3.0, cooling_rate = 0.999
26 - INFO - chord#: 64 done. best_score=27.0, changed=514, unchanged=432, early_stops=8/8
26 - INFO - chord#: 72 In build_straw_man_chord_sa. tolerance = 1, sa_iterations = 1000, initial_temperature = 3.0, cooling_rate = 0.999
26 - INFO - chord#: 55 done. best_score=166.0, changed=608, unchanged=337, early_stops=8/8
26 - INFO - chord#: 56 In build_straw_man_chord_sa. tolerance = 1, sa_iterations = 1000, initial_temperature = 3.0, cooling_rate = 0.999
26 - INFO - chord#: 56 done. best_score=9.0, changed=455, unchanged=372, early_stops=8/8
26 - INFO - chord#: 64 In build_straw_man_chord_sa. tolerance = 1, sa_iterations = 1000, initial_temperature = 3.0, cooling_rate = 0.999
26 - INFO - chord#: 48 done. best_score=154.0, changed=613, unchanged=334, early_stops=8/8
26 - INFO - chord#: 50 In build_straw_man_chord_sa. tolerance = 1, sa_iterations = 1000, initial_temperature = 3.0, cooling_rate = 0.999
26 - INFO - chord#: 56 done. best_score=9.0, changed=459, unchanged=350, early_stops=8/8
26 - INFO - chord#: 64 In build_straw_man_chord_sa. tolerance = 1, sa_iterations = 1000, initial_temperature = 3.0, cooling_rate = 0.999
26 - INFO - chord#: 56 done. best_score=9.0, changed=465, unchanged=357, early_stops=8/8
26 - INFO - chord#: 64 In build_straw_man_chord_sa. tolerance = 1, sa_iterations = 1000, initial_temperature = 3.0, cooling_rate = 0.999
26 - INFO - chord#: 50 done. best_score=37.0, changed=528, unchanged=385, early_stops=8/8
26 - INFO - chord#: 52 In build_straw_man_chord_sa. tolerance = 1, sa_iterations = 1000, initial_temperature = 3.0, cooling_rate = 0.999
26 - INFO - chord#: 54 done. best_score=47.0, changed=526, unchanged=471, early_stops=8/8
26 - INFO - chord#: 55 In build_straw_man_chord_sa. tolerance = 1, sa_iterations = 1000, initial_temperature = 3.0, cooling_rate = 0.999
26 - INFO - chord#: 52 done. best_score=27.0, changed=518, unchanged=416, early_stops=8/8
26 - INFO - chord#: 54 In build_straw_man_chord_sa. tolerance = 1, sa_iterations = 1000, initial_temperature = 3.0, cooling_rate = 0.999
26 - INFO - chord#: 50 done. best_score=37.0, changed=527, unchanged=469, early_stops=8/8
26 - INFO - chord#: 52 In build_straw_man_chord_sa. tolerance = 1, sa_iterations = 1000, initial_temperature = 3.0, cooling_rate = 0.999
26 - INFO - chord#: 72 done. best_score=27.0, changed=525, unchanged=479, early_stops=8/8
26 - INFO - chord#: 74 In build_straw_man_chord_sa. tolerance = 1, sa_iterations = 1000, initial_temperature = 3.0, cooling_rate = 0.999
26 - INFO - chord#: 64 done. best_score=27.0, changed=527, unchanged=449, early_stops=8/8
26 - INFO - chord#: 72 In build_straw_man_chord_sa. tolerance = 1, sa_iterations = 1000, initial_temperature = 3.0, cooling_rate = 0.999
26 - INFO - chord#: 64 done. best_score=27.0, changed=521, unchanged=431, early_stops=8/8
26 - INFO - chord#: 72 In build_straw_man_chord_sa. tolerance = 1, sa_iterations = 1000, initial_temperature = 3.0, cooling_rate = 0.999
26 - INFO - chord#: 52 done. best_score=27.0, changed=521, unchanged=528, early_stops=8/8
26 - INFO - chord#: 54 In build_straw_man_chord_sa. tolerance = 1, sa_iterations = 1000, initial_temperature = 3.0, cooling_rate = 0.999
26 - INFO - chord#: 64 done. best_score=27.0, changed=519, unchanged=410, early_stops=8/8
26 - INFO - chord#: 72 In build_straw_man_chord_sa. tolerance = 1, sa_iterations = 1000, initial_temperature = 3.0, cooling_rate = 0.999
26 - INFO - chord#: 50 done. best_score=37.0, changed=521, unchanged=365, early_stops=8/8
26 - INFO - chord#: 52 In build_straw_man_chord_sa. tolerance = 1, sa_iterations = 1000, initial_temperature = 3.0, cooling_rate = 0.999
26 - INFO - chord#: 54 done. best_score=47.0, changed=526, unchanged=364, early_stops=8/8
26 - INFO - chord#: 55 In build_straw_man_chord_sa. tolerance = 1, sa_iterations = 1000, initial_temperature = 3.0, cooling_rate = 0.999
26 - INFO - chord#: 52 done. best_score=27.0, changed=525, unchanged=383, early_stops=8/8
26 - INFO - chord#: 54 In build_straw_man_chord_sa. tolerance = 1, sa_iterations = 1000, initial_temperature = 3.0, cooling_rate = 0.999
26 - INFO - chord#: 54 done. best_score=47.0, changed=515, unchanged=362, early_stops=8/8
26 - INFO - chord#: 55 In build_straw_man_chord_sa. tolerance = 1, sa_iterations = 1000, initial_temperature = 3.0, cooling_rate = 0.999
26 - INFO - chord#: 74 done. best_score=48.0, changed=522, unchanged=320, early_stops=8/8
26 - INFO - chord#: 76 In build_straw_man_chord_sa. tolerance = 1, sa_iterations = 1000, initial_temperature = 3.0, cooling_rate = 0.999
26 - INFO - chord#: 72 done. best_score=27.0, changed=520, unchanged=365, early_stops=8/8
26 - INFO - chord#: 74 In build_straw_man_chord_sa. tolerance = 1, sa_iterations = 1000, initial_temperature = 3.0, cooling_rate = 0.999
26 - INFO - chord#: 72 done. best_score=27.0, changed=518, unchanged=367, early_stops=8/8
26 - INFO - chord#: 74 In build_straw_man_chord_sa. tolerance = 1, sa_iterations = 1000, initial_temperature = 3.0, cooling_rate = 0.999
26 - INFO - chord#: 52 done. best_score=27.0, changed=525, unchanged=397, early_stops=8/8
26 - INFO - chord#: 54 In build_straw_man_chord_sa. tolerance = 1, sa_iterations = 1000, initial_temperature = 3.0, cooling_rate = 0.999
26 - INFO - chord#: 72 done. best_score=27.0, changed=532, unchanged=491, early_stops=8/8
26 - INFO - chord#: 74 In build_straw_man_chord_sa. tolerance = 1, sa_iterations = 1000, initial_temperature = 3.0, cooling_rate = 0.999
26 - INFO - chord#: 54 done. best_score=47.0, changed=518, unchanged=444, early_stops=8/8
26 - INFO - chord#: 55 In build_straw_man_chord_sa. tolerance = 1, sa_iterations = 1000, initial_temperature = 3.0, cooling_rate = 0.999
26 - INFO - chord#: 55 done. best_score=113.0, changed=608, unchanged=241, early_stops=8/8
26 - INFO - chord#: 56 In build_straw_man_chord_sa. tolerance = 1, sa_iterations = 1000, initial_temperature = 3.0, cooling_rate = 0.999
26 - INFO - chord#: 52 done. best_score=27.0, changed=526, unchanged=465, early_stops=8/8
26 - INFO - chord#: 54 In build_straw_man_chord_sa. tolerance = 1, sa_iterations = 1000, initial_temperature = 3.0, cooling_rate = 0.999
26 - INFO - chord#: 56 done. best_score=9.0, changed=437, unchanged=380, early_stops=8/8
26 - INFO - chord#: 64 In build_straw_man_chord_sa. tolerance = 1, sa_iterations = 1000, initial_temperature = 3.0, cooling_rate = 0.999
26 - INFO - chord#: 76 done. best_score=27.0, changed=518, unchanged=369, early_stops=8/8
26 - INFO - chord#: 78 In build_straw_man_chord_sa. tolerance = 1, sa_iterations = 1000, initial_temperature = 3.0, cooling_rate = 0.999
26 - INFO - chord#: 54 done. best_score=47.0, changed=535, unchanged=434, early_stops=8/8
26 - INFO - chord#: 74 done. best_score=48.0, changed=519, unchanged=295, early_stops=8/8
26 - INFO - chord#: 55 In build_straw_man_chord_sa. tolerance = 1, sa_iterations = 1000, initial_temperature = 3.0, cooling_rate = 0.999
26 - INFO - chord#: 76 In build_straw_man_chord_sa. tolerance = 1, sa_iterations = 1000, initial_temperature = 3.0, cooling_rate = 0.999
26 - INFO - chord#: 74 done. best_score=48.0, changed=524, unchanged=309, early_stops=8/8
26 - INFO - chord#: 76 In build_straw_man_chord_sa. tolerance = 1, sa_iterations = 1000, initial_temperature = 3.0, cooling_rate = 0.999
26 - INFO - chord#: 74 done. best_score=48.0, changed=525, unchanged=310, early_stops=8/8
26 - INFO - chord#: 76 In build_straw_man_chord_sa. tolerance = 1, sa_iterations = 1000, initial_temperature = 3.0, cooling_rate = 0.999
26 - INFO - chord#: 55 done. best_score=120.0, changed=615, unchanged=447, early_stops=8/8
26 - INFO - chord#: 56 In build_straw_man_chord_sa. tolerance = 1, sa_iterations = 1000, initial_temperature = 3.0, cooling_rate = 0.999
26 - INFO - chord#: 54 done. best_score=47.0, changed=539, unchanged=558, early_stops=8/8
26 - INFO - chord#: 55 In build_straw_man_chord_sa. tolerance = 1, sa_iterations = 1000, initial_temperature = 3.0, cooling_rate = 0.999
26 - INFO - chord#: 64 done. best_score=27.0, changed=518, unchanged=392, early_stops=8/8
26 - INFO - chord#: 72 In build_straw_man_chord_sa. tolerance = 1, sa_iterations = 1000, initial_temperature = 3.0, cooling_rate = 0.999
26 - INFO - chord#: 56 done. best_score=9.0, changed=455, unchanged=387, early_stops=8/8
26 - INFO - chord#: 64 In build_straw_man_chord_sa. tolerance = 1, sa_iterations = 1000, initial_temperature = 3.0, cooling_rate = 0.999
26 - INFO - chord#: 54 done. best_score=47.0, changed=525, unchanged=431, early_stops=8/8
26 - INFO - chord#: 55 In build_straw_man_chord_sa. tolerance = 1, sa_iterations = 1000, initial_temperature = 3.0, cooling_rate = 0.999
26 - INFO - chord#: 55 done. best_score=105.0, changed=610, unchanged=250, early_stops=8/8
26 - INFO - chord#: 56 In build_straw_man_chord_sa. tolerance = 1, sa_iterations = 1000, initial_temperature = 3.0, cooling_rate = 0.999
26 - INFO - chord#: 55 done. best_score=93.0, changed=606, unchanged=245, early_stops=8/8
26 - INFO - chord#: 56 In build_straw_man_chord_sa. tolerance = 1, sa_iterations = 1000, initial_temperature = 3.0, cooling_rate = 0.999
26 - INFO - chord#: 76 done. best_score=27.0, changed=512, unchanged=350, early_stops=8/8
26 - INFO - chord#: 78 In build_straw_man_chord_sa. tolerance = 1, sa_iterations = 1000, initial_temperature = 3.0, cooling_rate = 0.999
26 - INFO - chord#: 78 done. best_score=27.0, changed=527, unchanged=493, early_stops=8/8
26 - INFO - chord#: 80 In build_straw_man_chord_sa. tolerance = 1, sa_iterations = 1000, initial_temperature = 3.0, cooling_rate = 0.999
26 - INFO - chord#: 76 done. best_score=27.0, changed=520, unchanged=458, early_stops=8/8
26 - INFO - chord#: 78 In build_straw_man_chord_sa. tolerance = 1, sa_iterations = 1000, initial_temperature = 3.0, cooling_rate = 0.999
26 - INFO - chord#: 76 done. best_score=27.0, changed=520, unchanged=442, early_stops=8/8
26 - INFO - chord#: 78 In build_straw_man_chord_sa. tolerance = 1, sa_iterations = 1000, initial_temperature = 3.0, cooling_rate = 0.999
26 - INFO - chord#: 56 done. best_score=9.0, changed=467, unchanged=422, early_stops=8/8
26 - INFO - chord#: 64 In build_straw_man_chord_sa. tolerance = 1, sa_iterations = 1000, initial_temperature = 3.0, cooling_rate = 0.999
26 - INFO - chord#: 56 done. best_score=9.0, changed=456, unchanged=354, early_stops=8/8
26 - INFO - chord#: 64 In build_straw_man_chord_sa. tolerance = 1, sa_iterations = 1000, initial_temperature = 3.0, cooling_rate = 0.999
26 - INFO - chord#: 72 done. best_score=27.0, changed=525, unchanged=328, early_stops=8/8
26 - INFO - chord#: 74 In build_straw_man_chord_sa. tolerance = 1, sa_iterations = 1000, initial_temperature = 3.0, cooling_rate = 0.999
26 - INFO - chord#: 78 done. best_score=27.0, changed=524, unchanged=465, early_stops=8/8
26 - INFO - chord#: 80 In build_straw_man_chord_sa. tolerance = 1, sa_iterations = 1000, initial_temperature = 3.0, cooling_rate = 0.999
26 - INFO - chord#: 64 done. best_score=27.0, changed=527, unchanged=415, early_stops=8/8
26 - INFO - chord#: 72 In build_straw_man_chord_sa. tolerance = 1, sa_iterations = 1000, initial_temperature = 3.0, cooling_rate = 0.999
26 - INFO - chord#: 78 done. best_score=27.0, changed=532, unchanged=495, early_stops=8/8
26 - INFO - chord#: 80 In build_straw_man_chord_sa. tolerance = 1, sa_iterations = 1000, initial_temperature = 3.0, cooling_rate = 0.999
26 - INFO - chord#: 78 done. best_score=27.0, changed=527, unchanged=454, early_stops=8/8
26 - INFO - chord#: 80 In build_straw_man_chord_sa. tolerance = 1, sa_iterations = 1000, initial_temperature = 3.0, cooling_rate = 0.999
26 - INFO - chord#: 64 done. best_score=27.0, changed=523, unchanged=429, early_stops=8/8
26 - INFO - chord#: 72 In build_straw_man_chord_sa. tolerance = 1, sa_iterations = 1000, initial_temperature = 3.0, cooling_rate = 0.999
26 - INFO - chord#: 74 done. best_score=48.0, changed=521, unchanged=326, early_stops=8/8
26 - INFO - chord#: 76 In build_straw_man_chord_sa. tolerance = 1, sa_iterations = 1000, initial_temperature = 3.0, cooling_rate = 0.999
26 - INFO - chord#: 64 done. best_score=27.0, changed=529, unchanged=498, early_stops=8/8
26 - INFO - chord#: 72 In build_straw_man_chord_sa. tolerance = 1, sa_iterations = 1000, initial_temperature = 3.0, cooling_rate = 0.999
26 - INFO - chord#: 72 done. best_score=27.0, changed=527, unchanged=353, early_stops=8/8
26 - INFO - chord#: 74 In build_straw_man_chord_sa. tolerance = 1, sa_iterations = 1000, initial_temperature = 3.0, cooling_rate = 0.999
26 - INFO - chord#: 72 done. best_score=27.0, changed=519, unchanged=332, early_stops=8/8
26 - INFO - chord#: 74 In build_straw_man_chord_sa. tolerance = 1, sa_iterations = 1000, initial_temperature = 3.0, cooling_rate = 0.999
26 - INFO - chord#: 55 done. best_score=166.0, changed=612, unchanged=362, early_stops=8/8
26 - INFO - chord#: 56 In build_straw_man_chord_sa. tolerance = 1, sa_iterations = 1000, initial_temperature = 3.0, cooling_rate = 0.999
26 - INFO - chord#: 80 done. best_score=71.0, changed=611, unchanged=304, early_stops=8/8
26 - INFO - chord#: 84 In build_straw_man_chord_sa. tolerance = 1, sa_iterations = 1000, initial_temperature = 3.0, cooling_rate = 0.999
26 - INFO - chord#: 55 done. best_score=111.0, changed=615, unchanged=550, early_stops=8/8
26 - INFO - chord#: 56 In build_straw_man_chord_sa. tolerance = 1, sa_iterations = 1000, initial_temperature = 3.0, cooling_rate = 0.999
26 - INFO - chord#: 76 done. best_score=27.0, changed=524, unchanged=397, early_stops=8/8
26 - INFO - chord#: 78 In build_straw_man_chord_sa. tolerance = 1, sa_iterations = 1000, initial_temperature = 3.0, cooling_rate = 0.999
26 - INFO - chord#: 56 done. best_score=9.0, changed=457, unchanged=375, early_stops=8/8
26 - INFO - chord#: 64 In build_straw_man_chord_sa. tolerance = 1, sa_iterations = 1000, initial_temperature = 3.0, cooling_rate = 0.999
26 - INFO - chord#: 55 done. best_score=116.0, changed=608, unchanged=347, early_stops=8/8
26 - INFO - chord#: 56 In build_straw_man_chord_sa. tolerance = 1, sa_iterations = 1000, initial_temperature = 3.0, cooling_rate = 0.999
26 - INFO - chord#: 56 done. best_score=9.0, changed=460, unchanged=371, early_stops=8/8
26 - INFO - chord#: 64 In build_straw_man_chord_sa. tolerance = 1, sa_iterations = 1000, initial_temperature = 3.0, cooling_rate = 0.999
26 - INFO - chord#: 72 done. best_score=27.0, changed=515, unchanged=343, early_stops=8/8
26 - INFO - chord#: 74 In build_straw_man_chord_sa. tolerance = 1, sa_iterations = 1000, initial_temperature = 3.0, cooling_rate = 0.999
26 - INFO - chord#: 55 done. best_score=105.0, changed=612, unchanged=385, early_stops=8/8
26 - INFO - chord#: 56 In build_straw_man_chord_sa. tolerance = 1, sa_iterations = 1000, initial_temperature = 3.0, cooling_rate = 0.999
26 - INFO - chord#: 56 done. best_score=9.0, changed=446, unchanged=375, early_stops=8/8
26 - INFO - chord#: 64 In build_straw_man_chord_sa. tolerance = 1, sa_iterations = 1000, initial_temperature = 3.0, cooling_rate = 0.999
26 - INFO - chord#: 74 done. best_score=48.0, changed=531, unchanged=313, early_stops=8/8
26 - INFO - chord#: 76 In build_straw_man_chord_sa. tolerance = 1, sa_iterations = 1000, initial_temperature = 3.0, cooling_rate = 0.999
26 - INFO - chord#: 84 done. best_score=31.0, changed=543, unchanged=299, early_stops=8/8
26 - INFO - chord#: 86 In build_straw_man_chord_sa. tolerance = 1, sa_iterations = 1000, initial_temperature = 3.0, cooling_rate = 0.999
26 - INFO - chord#: 80 done. best_score=96.0, changed=609, unchanged=289, early_stops=8/8
26 - INFO - chord#: 84 In build_straw_man_chord_sa. tolerance = 1, sa_iterations = 1000, initial_temperature = 3.0, cooling_rate = 0.999
26 - INFO - chord#: 56 done. best_score=9.0, changed=460, unchanged=381, early_stops=8/8
26 - INFO - chord#: 64 In build_straw_man_chord_sa. tolerance = 1, sa_iterations = 1000, initial_temperature = 3.0, cooling_rate = 0.999
26 - INFO - chord#: 74 done. best_score=48.0, changed=522, unchanged=301, early_stops=8/8
26 - INFO - chord#: 76 In build_straw_man_chord_sa. tolerance = 1, sa_iterations = 1000, initial_temperature = 3.0, cooling_rate = 0.999
26 - INFO - chord#: 80 done. best_score=64.0, changed=610, unchanged=358, early_stops=8/8
26 - INFO - chord#: 84 In build_straw_man_chord_sa. tolerance = 1, sa_iterations = 1000, initial_temperature = 3.0, cooling_rate = 0.999
26 - INFO - chord#: 78 done. best_score=27.0, changed=522, unchanged=376, early_stops=8/8
26 - INFO - chord#: 80 In build_straw_man_chord_sa. tolerance = 1, sa_iterations = 1000, initial_temperature = 3.0, cooling_rate = 0.999
26 - INFO - chord#: 64 done. best_score=27.0, changed=518, unchanged=420, early_stops=8/8
26 - INFO - chord#: 72 In build_straw_man_chord_sa. tolerance = 1, sa_iterations = 1000, initial_temperature = 3.0, cooling_rate = 0.999
26 - INFO - chord#: 64 done. best_score=36.0, changed=520, unchanged=424, early_stops=8/8
26 - INFO - chord#: 72 In build_straw_man_chord_sa. tolerance = 1, sa_iterations = 1000, initial_temperature = 3.0, cooling_rate = 0.999
26 - INFO - chord#: 80 done. best_score=71.0, changed=616, unchanged=503, early_stops=8/8
26 - INFO - chord#: 84 In build_straw_man_chord_sa. tolerance = 1, sa_iterations = 1000, initial_temperature = 3.0, cooling_rate = 0.999
26 - INFO - chord#: 74 done. best_score=48.0, changed=523, unchanged=360, early_stops=8/8
26 - INFO - chord#: 76 In build_straw_man_chord_sa. tolerance = 1, sa_iterations = 1000, initial_temperature = 3.0, cooling_rate = 0.999
26 - INFO - chord#: 64 done. best_score=27.0, changed=519, unchanged=369, early_stops=8/8
26 - INFO - chord#: 72 In build_straw_man_chord_sa. tolerance = 1, sa_iterations = 1000, initial_temperature = 3.0, cooling_rate = 0.999
26 - INFO - chord#: 84 done. best_score=49.0, changed=552, unchanged=265, early_stops=8/8
26 - INFO - chord#: 86 In build_straw_man_chord_sa. tolerance = 1, sa_iterations = 1000, initial_temperature = 3.0, cooling_rate = 0.999
26 - INFO - chord#: 76 done. best_score=27.0, changed=528, unchanged=472, early_stops=8/8
26 - INFO - chord#: 78 In build_straw_man_chord_sa. tolerance = 1, sa_iterations = 1000, initial_temperature = 3.0, cooling_rate = 0.999
26 - INFO - chord#: 64 done. best_score=36.0, changed=524, unchanged=379, early_stops=8/8
26 - INFO - chord#: 72 In build_straw_man_chord_sa. tolerance = 1, sa_iterations = 1000, initial_temperature = 3.0, cooling_rate = 0.999
26 - INFO - chord#: 84 done. best_score=31.0, changed=535, unchanged=359, early_stops=8/8
26 - INFO - chord#: 86 In build_straw_man_chord_sa. tolerance = 1, sa_iterations = 1000, initial_temperature = 3.0, cooling_rate = 0.999
26 - INFO - chord#: 76 done. best_score=27.0, changed=512, unchanged=319, early_stops=8/8
26 - INFO - chord#: 78 In build_straw_man_chord_sa. tolerance = 1, sa_iterations = 1000, initial_temperature = 3.0, cooling_rate = 0.999
26 - INFO - chord#: 84 done. best_score=31.0, changed=519, unchanged=328, early_stops=8/8
26 - INFO - chord#: 86 In build_straw_man_chord_sa. tolerance = 1, sa_iterations = 1000, initial_temperature = 3.0, cooling_rate = 0.999
26 - INFO - chord#: 78 done. best_score=27.0, changed=518, unchanged=379, early_stops=8/8
26 - INFO - chord#: 72 done. best_score=27.0, changed=515, unchanged=422, early_stops=8/8
26 - INFO - chord#: 80 In build_straw_man_chord_sa. tolerance = 1, sa_iterations = 1000, initial_temperature = 3.0, cooling_rate = 0.999
26 - INFO - chord#: 74 In build_straw_man_chord_sa. tolerance = 1, sa_iterations = 1000, initial_temperature = 3.0, cooling_rate = 0.999
26 - INFO - chord#: 72 done. best_score=27.0, changed=515, unchanged=323, early_stops=8/8
26 - INFO - chord#: 74 In build_straw_man_chord_sa. tolerance = 1, sa_iterations = 1000, initial_temperature = 3.0, cooling_rate = 0.999
26 - INFO - chord#: 72 done. best_score=27.0, changed=535, unchanged=558, early_stops=8/8
26 - INFO - chord#: 74 In build_straw_man_chord_sa. tolerance = 1, sa_iterations = 1000, initial_temperature = 3.0, cooling_rate = 0.999
26 - INFO - chord#: 86 done. best_score=67.0, changed=611, unchanged=278, early_stops=8/8
26 - INFO - chord#: 88 In build_straw_man_chord_sa. tolerance = 1, sa_iterations = 1000, initial_temperature = 3.0, cooling_rate = 0.999
26 - INFO - chord#: 76 done. best_score=27.0, changed=519, unchanged=477, early_stops=8/8
26 - INFO - chord#: 78 In build_straw_man_chord_sa. tolerance = 1, sa_iterations = 1000, initial_temperature = 3.0, cooling_rate = 0.999
26 - INFO - chord#: 88 done. best_score=9.0, changed=460, unchanged=369, early_stops=8/8
26 - INFO - chord#: 96 In build_straw_man_chord_sa. tolerance = 1, sa_iterations = 1000, initial_temperature = 3.0, cooling_rate = 0.999
26 - INFO - chord#: 72 done. best_score=27.0, changed=519, unchanged=406, early_stops=8/8
26 - INFO - chord#: 74 In build_straw_man_chord_sa. tolerance = 1, sa_iterations = 1000, initial_temperature = 3.0, cooling_rate = 0.999
26 - INFO - chord#: 78 done. best_score=27.0, changed=520, unchanged=428, early_stops=8/8
26 - INFO - chord#: 80 In build_straw_man_chord_sa. tolerance = 1, sa_iterations = 1000, initial_temperature = 3.0, cooling_rate = 0.999
26 - INFO - chord#: 86 done. best_score=78.0, changed=612, unchanged=203, early_stops=8/8
26 - INFO - chord#: 88 In build_straw_man_chord_sa. tolerance = 1, sa_iterations = 1000, initial_temperature = 3.0, cooling_rate = 0.999
26 - INFO - chord#: 80 done. best_score=146.0, changed=607, unchanged=362, early_stops=8/8
26 - INFO - chord#: 84 In build_straw_man_chord_sa. tolerance = 1, sa_iterations = 1000, initial_temperature = 3.0, cooling_rate = 0.999
26 - INFO - chord#: 88 done. best_score=9.0, changed=469, unchanged=369, early_stops=8/8
26 - INFO - chord#: 96 In build_straw_man_chord_sa. tolerance = 1, sa_iterations = 1000, initial_temperature = 3.0, cooling_rate = 0.999
26 - INFO - chord#: 86 done. best_score=67.0, changed=605, unchanged=211, early_stops=8/8
26 - INFO - chord#: 88 In build_straw_man_chord_sa. tolerance = 1, sa_iterations = 1000, initial_temperature = 3.0, cooling_rate = 0.999
26 - INFO - chord#: 74 done. best_score=48.0, changed=540, unchanged=352, early_stops=8/8
26 - INFO - chord#: 76 In build_straw_man_chord_sa. tolerance = 1, sa_iterations = 1000, initial_temperature = 3.0, cooling_rate = 0.999
26 - INFO - chord#: 74 done. best_score=48.0, changed=537, unchanged=441, early_stops=8/8
26 - INFO - chord#: 76 In build_straw_man_chord_sa. tolerance = 1, sa_iterations = 1000, initial_temperature = 3.0, cooling_rate = 0.999
26 - INFO - chord#: 74 done. best_score=48.0, changed=526, unchanged=341, early_stops=8/8
26 - INFO - chord#: 76 In build_straw_man_chord_sa. tolerance = 1, sa_iterations = 1000, initial_temperature = 3.0, cooling_rate = 0.999
26 - INFO - chord#: 88 done. best_score=9.0, changed=466, unchanged=368, early_stops=8/8
26 - INFO - chord#: 96 In build_straw_man_chord_sa. tolerance = 1, sa_iterations = 1000, initial_temperature = 3.0, cooling_rate = 0.999
26 - INFO - chord#: 78 done. best_score=27.0, changed=526, unchanged=413, early_stops=8/8
26 - INFO - chord#: 80 In build_straw_man_chord_sa. tolerance = 1, sa_iterations = 1000, initial_temperature = 3.0, cooling_rate = 0.999
26 - INFO - chord#: 96 done. best_score=27.0, changed=520, unchanged=513, early_stops=8/8
26 - INFO - chord#: 98 In build_straw_man_chord_sa. tolerance = 1, sa_iterations = 1000, initial_temperature = 3.0, cooling_rate = 0.999
26 - INFO - chord#: 84 done. best_score=31.0, changed=532, unchanged=415, early_stops=8/8
26 - INFO - chord#: 86 In build_straw_man_chord_sa. tolerance = 1, sa_iterations = 1000, initial_temperature = 3.0, cooling_rate = 0.999
26 - INFO - chord#: 74 done. best_score=48.0, changed=532, unchanged=427, early_stops=8/8
26 - INFO - chord#: 76 In build_straw_man_chord_sa. tolerance = 1, sa_iterations = 1000, initial_temperature = 3.0, cooling_rate = 0.999
26 - INFO - chord#: 86 done. best_score=67.0, changed=611, unchanged=247, early_stops=8/8
26 - INFO - chord#: 88 In build_straw_man_chord_sa. tolerance = 1, sa_iterations = 1000, initial_temperature = 3.0, cooling_rate = 0.999
26 - INFO - chord#: 96 done. best_score=27.0, changed=518, unchanged=528, early_stops=8/8
26 - INFO - chord#: 98 In build_straw_man_chord_sa. tolerance = 1, sa_iterations = 1000, initial_temperature = 3.0, cooling_rate = 0.999
26 - INFO - chord#: 88 done. best_score=9.0, changed=471, unchanged=389, early_stops=8/8
26 - INFO - chord#: 96 In build_straw_man_chord_sa. tolerance = 1, sa_iterations = 1000, initial_temperature = 3.0, cooling_rate = 0.999
26 - INFO - chord#: 80 done. best_score=64.0, changed=612, unchanged=297, early_stops=8/8
26 - INFO - chord#: 84 In build_straw_man_chord_sa. tolerance = 1, sa_iterations = 1000, initial_temperature = 3.0, cooling_rate = 0.999
26 - INFO - chord#: 76 done. best_score=27.0, changed=514, unchanged=432, early_stops=8/8
26 - INFO - chord#: 78 In build_straw_man_chord_sa. tolerance = 1, sa_iterations = 1000, initial_temperature = 3.0, cooling_rate = 0.999
26 - INFO - chord#: 96 done. best_score=27.0, changed=529, unchanged=430, early_stops=8/8
26 - INFO - chord#: 98 In build_straw_man_chord_sa. tolerance = 1, sa_iterations = 1000, initial_temperature = 3.0, cooling_rate = 0.999
26 - INFO - chord#: 76 done. best_score=27.0, changed=516, unchanged=450, early_stops=8/8
26 - INFO - chord#: 78 In build_straw_man_chord_sa. tolerance = 1, sa_iterations = 1000, initial_temperature = 3.0, cooling_rate = 0.999
26 - INFO - chord#: 76 done. best_score=27.0, changed=527, unchanged=576, early_stops=8/8
26 - INFO - chord#: 78 In build_straw_man_chord_sa. tolerance = 1, sa_iterations = 1000, initial_temperature = 3.0, cooling_rate = 0.999
26 - INFO - chord#: 76 done. best_score=27.0, changed=521, unchanged=392, early_stops=8/8
26 - INFO - chord#: 78 In build_straw_man_chord_sa. tolerance = 1, sa_iterations = 1000, initial_temperature = 3.0, cooling_rate = 0.999
26 - INFO - chord#: 96 done. best_score=27.0, changed=520, unchanged=464, early_stops=8/8
26 - INFO - chord#: 98 In build_straw_man_chord_sa. tolerance = 1, sa_iterations = 1000, initial_temperature = 3.0, cooling_rate = 0.999
26 - INFO - chord#: 84 done. best_score=31.0, changed=519, unchanged=404, early_stops=8/8
26 - INFO - chord#: 86 In build_straw_man_chord_sa. tolerance = 1, sa_iterations = 1000, initial_temperature = 3.0, cooling_rate = 0.999
26 - INFO - chord#: 78 done. best_score=27.0, changed=521, unchanged=354, early_stops=8/8
26 - INFO - chord#: 80 In build_straw_man_chord_sa. tolerance = 1, sa_iterations = 1000, initial_temperature = 3.0, cooling_rate = 0.999
26 - INFO - chord#: 86 done. best_score=67.0, changed=608, unchanged=218, early_stops=8/8
26 - INFO - chord#: 88 In build_straw_man_chord_sa. tolerance = 1, sa_iterations = 1000, initial_temperature = 3.0, cooling_rate = 0.999
26 - INFO - chord#: 78 done. best_score=27.0, changed=525, unchanged=511, early_stops=8/8
26 - INFO - chord#: 80 In build_straw_man_chord_sa. tolerance = 1, sa_iterations = 1000, initial_temperature = 3.0, cooling_rate = 0.999
26 - INFO - chord#: 98 done. best_score=82.0, changed=611, unchanged=297, early_stops=8/8
26 - INFO - chord#: 100 In build_straw_man_chord_sa. tolerance = 1, sa_iterations = 1000, initial_temperature = 3.0, cooling_rate = 0.999
26 - INFO - chord#: 88 done. best_score=9.0, changed=470, unchanged=347, early_stops=8/8
26 - INFO - chord#: 96 In build_straw_man_chord_sa. tolerance = 1, sa_iterations = 1000, initial_temperature = 3.0, cooling_rate = 0.999
26 - INFO - chord#: 80 done. best_score=96.0, changed=610, unchanged=453, early_stops=8/8
26 - INFO - chord#: 84 In build_straw_man_chord_sa. tolerance = 1, sa_iterations = 1000, initial_temperature = 3.0, cooling_rate = 0.999
26 - INFO - chord#: 78 done. best_score=27.0, changed=528, unchanged=395, early_stops=8/8
26 - INFO - chord#: 80 In build_straw_man_chord_sa. tolerance = 1, sa_iterations = 1000, initial_temperature = 3.0, cooling_rate = 0.999
26 - INFO - chord#: 80 done. best_score=140.0, changed=614, unchanged=290, early_stops=8/8
26 - INFO - chord#: 84 In build_straw_man_chord_sa. tolerance = 1, sa_iterations = 1000, initial_temperature = 3.0, cooling_rate = 0.999
26 - INFO - chord#: 78 done. best_score=27.0, changed=521, unchanged=525, early_stops=8/8
26 - INFO - chord#: 80 In build_straw_man_chord_sa. tolerance = 1, sa_iterations = 1000, initial_temperature = 3.0, cooling_rate = 0.999
26 - INFO - chord#: 98 done. best_score=97.0, changed=613, unchanged=387, early_stops=8/8
26 - INFO - chord#: 100 In build_straw_man_chord_sa. tolerance = 1, sa_iterations = 1000, initial_temperature = 3.0, cooling_rate = 0.999
26 - INFO - chord#: 100 done. best_score=27.0, changed=525, unchanged=438, early_stops=8/8
26 - INFO - chord#: 102 In build_straw_man_chord_sa. tolerance = 1, sa_iterations = 1000, initial_temperature = 3.0, cooling_rate = 0.999
26 - INFO - chord#: 98 done. best_score=97.0, changed=613, unchanged=388, early_stops=8/8
26 - INFO - chord#: 100 In build_straw_man_chord_sa. tolerance = 1, sa_iterations = 1000, initial_temperature = 3.0, cooling_rate = 0.999
26 - INFO - chord#: 84 done. best_score=49.0, changed=540, unchanged=312, early_stops=8/8
26 - INFO - chord#: 86 In build_straw_man_chord_sa. tolerance = 1, sa_iterations = 1000, initial_temperature = 3.0, cooling_rate = 0.999
26 - INFO - chord#: 96 done. best_score=27.0, changed=529, unchanged=596, early_stops=8/8
26 - INFO - chord#: 98 In build_straw_man_chord_sa. tolerance = 1, sa_iterations = 1000, initial_temperature = 3.0, cooling_rate = 0.999
26 - INFO - chord#: 84 done. best_score=58.0, changed=567, unchanged=252, early_stops=8/8
26 - INFO - chord#: 86 In build_straw_man_chord_sa. tolerance = 1, sa_iterations = 1000, initial_temperature = 3.0, cooling_rate = 0.999
26 - INFO - chord#: 100 done. best_score=27.0, changed=518, unchanged=366, early_stops=8/8
26 - INFO - chord#: 102 In build_straw_man_chord_sa. tolerance = 1, sa_iterations = 1000, initial_temperature = 3.0, cooling_rate = 0.999
26 - INFO - chord#: 86 done. best_score=67.0, changed=608, unchanged=324, early_stops=8/8
26 - INFO - chord#: 88 In build_straw_man_chord_sa. tolerance = 1, sa_iterations = 1000, initial_temperature = 3.0, cooling_rate = 0.999
26 - INFO - chord#: 98 done. best_score=127.0, changed=611, unchanged=278, early_stops=8/8
26 - INFO - chord#: 100 In build_straw_man_chord_sa. tolerance = 1, sa_iterations = 1000, initial_temperature = 3.0, cooling_rate = 0.999
26 - INFO - chord#: 88 done. best_score=9.0, changed=459, unchanged=381, early_stops=8/8
26 - INFO - chord#: 96 In build_straw_man_chord_sa. tolerance = 1, sa_iterations = 1000, initial_temperature = 3.0, cooling_rate = 0.999
26 - INFO - chord#: 100 done. best_score=27.0, changed=527, unchanged=501, early_stops=8/8
26 - INFO - chord#: 102 In build_straw_man_chord_sa. tolerance = 1, sa_iterations = 1000, initial_temperature = 3.0, cooling_rate = 0.999
26 - INFO - chord#: 80 done. best_score=64.0, changed=610, unchanged=248, early_stops=8/8
26 - INFO - chord#: 84 In build_straw_man_chord_sa. tolerance = 1, sa_iterations = 1000, initial_temperature = 3.0, cooling_rate = 0.999
26 - INFO - chord#: 100 done. best_score=27.0, changed=532, unchanged=305, early_stops=8/8
26 - INFO - chord#: 102 In build_straw_man_chord_sa. tolerance = 1, sa_iterations = 1000, initial_temperature = 3.0, cooling_rate = 0.999
26 - INFO - chord#: 80 done. best_score=71.0, changed=609, unchanged=233, early_stops=8/8
26 - INFO - chord#: 84 In build_straw_man_chord_sa. tolerance = 1, sa_iterations = 1000, initial_temperature = 3.0, cooling_rate = 0.999
26 - INFO - chord#: 80 done. best_score=96.0, changed=613, unchanged=364, early_stops=8/8
26 - INFO - chord#: 84 In build_straw_man_chord_sa. tolerance = 1, sa_iterations = 1000, initial_temperature = 3.0, cooling_rate = 0.999
26 - INFO - chord#: 96 done. best_score=27.0, changed=525, unchanged=496, early_stops=8/8
26 - INFO - chord#: 98 In build_straw_man_chord_sa. tolerance = 1, sa_iterations = 1000, initial_temperature = 3.0, cooling_rate = 0.999
26 - INFO - chord#: 80 done. best_score=71.0, changed=608, unchanged=308, early_stops=8/8
26 - INFO - chord#: 84 In build_straw_man_chord_sa. tolerance = 1, sa_iterations = 1000, initial_temperature = 3.0, cooling_rate = 0.999
26 - INFO - chord#: 102 done. best_score=67.0, changed=615, unchanged=402, early_stops=8/8
26 - INFO - chord#: 104 In build_straw_man_chord_sa. tolerance = 1, sa_iterations = 1000, initial_temperature = 3.0, cooling_rate = 0.999
26 - INFO - chord#: 86 done. best_score=67.0, changed=606, unchanged=217, early_stops=8/8
26 - INFO - chord#: 88 In build_straw_man_chord_sa. tolerance = 1, sa_iterations = 1000, initial_temperature = 3.0, cooling_rate = 0.999
26 - INFO - chord#: 98 done. best_score=82.0, changed=614, unchanged=320, early_stops=8/8
26 - INFO - chord#: 100 In build_straw_man_chord_sa. tolerance = 1, sa_iterations = 1000, initial_temperature = 3.0, cooling_rate = 0.999
26 - INFO - chord#: 102 done. best_score=140.0, changed=615, unchanged=304, early_stops=8/8
26 - INFO - chord#: 104 In build_straw_man_chord_sa. tolerance = 1, sa_iterations = 1000, initial_temperature = 3.0, cooling_rate = 0.999
26 - INFO - chord#: 84 done. best_score=31.0, changed=528, unchanged=332, early_stops=8/8
26 - INFO - chord#: 86 In build_straw_man_chord_sa. tolerance = 1, sa_iterations = 1000, initial_temperature = 3.0, cooling_rate = 0.999
26 - INFO - chord#: 88 done. best_score=9.0, changed=450, unchanged=380, early_stops=8/8
26 - INFO - chord#: 96 In build_straw_man_chord_sa. tolerance = 1, sa_iterations = 1000, initial_temperature = 3.0, cooling_rate = 0.999
26 - INFO - chord#: 84 done. best_score=31.0, changed=523, unchanged=308, early_stops=8/8
26 - INFO - chord#: 86 In build_straw_man_chord_sa. tolerance = 1, sa_iterations = 1000, initial_temperature = 3.0, cooling_rate = 0.999
26 - INFO - chord#: 84 done. best_score=31.0, changed=536, unchanged=330, early_stops=8/8
26 - INFO - chord#: 86 In build_straw_man_chord_sa. tolerance = 1, sa_iterations = 1000, initial_temperature = 3.0, cooling_rate = 0.999
26 - INFO - chord#: 86 done. best_score=78.0, changed=611, unchanged=336, early_stops=8/8
26 - INFO - chord#: 88 In build_straw_man_chord_sa. tolerance = 1, sa_iterations = 1000, initial_temperature = 3.0, cooling_rate = 0.999
26 - INFO - chord#: 84 done. best_score=31.0, changed=516, unchanged=300, early_stops=8/8
26 - INFO - chord#: 86 In build_straw_man_chord_sa. tolerance = 1, sa_iterations = 1000, initial_temperature = 3.0, cooling_rate = 0.999
26 - INFO - chord#: 102 done. best_score=67.0, changed=612, unchanged=257, early_stops=8/8
26 - INFO - chord#: 104 In build_straw_man_chord_sa. tolerance = 1, sa_iterations = 1000, initial_temperature = 3.0, cooling_rate = 0.999
26 - INFO - chord#: 88 done. best_score=9.0, changed=462, unchanged=357, early_stops=8/8
26 - INFO - chord#: 96 In build_straw_man_chord_sa. tolerance = 1, sa_iterations = 1000, initial_temperature = 3.0, cooling_rate = 0.999
26 - INFO - chord#: 104 done. best_score=27.0, changed=518, unchanged=510, early_stops=8/8
26 - INFO - chord#: 106 In build_straw_man_chord_sa. tolerance = 1, sa_iterations = 1000, initial_temperature = 3.0, cooling_rate = 0.999
26 - INFO - chord#: 104 done. best_score=27.0, changed=519, unchanged=385, early_stops=8/8
26 - INFO - chord#: 106 In build_straw_man_chord_sa. tolerance = 1, sa_iterations = 1000, initial_temperature = 3.0, cooling_rate = 0.999
26 - INFO - chord#: 100 done. best_score=27.0, changed=531, unchanged=398, early_stops=8/8
26 - INFO - chord#: 102 In build_straw_man_chord_sa. tolerance = 1, sa_iterations = 1000, initial_temperature = 3.0, cooling_rate = 0.999
26 - INFO - chord#: 104 done. best_score=27.0, changed=517, unchanged=408, early_stops=8/8
26 - INFO - chord#: 106 In build_straw_man_chord_sa. tolerance = 1, sa_iterations = 1000, initial_temperature = 3.0, cooling_rate = 0.999
26 - INFO - chord#: 96 done. best_score=27.0, changed=526, unchanged=370, early_stops=8/8
26 - INFO - chord#: 98 In build_straw_man_chord_sa. tolerance = 1, sa_iterations = 1000, initial_temperature = 3.0, cooling_rate = 0.999
26 - INFO - chord#: 98 done. best_score=82.0, changed=613, unchanged=313, early_stops=8/8
26 - INFO - chord#: 100 In build_straw_man_chord_sa. tolerance = 1, sa_iterations = 1000, initial_temperature = 3.0, cooling_rate = 0.999
26 - INFO - chord#: 96 done. best_score=27.0, changed=522, unchanged=415, early_stops=8/8
26 - INFO - chord#: 98 In build_straw_man_chord_sa. tolerance = 1, sa_iterations = 1000, initial_temperature = 3.0, cooling_rate = 0.999
26 - INFO - chord#: 102 done. best_score=67.0, changed=618, unchanged=554, early_stops=8/8
26 - INFO - chord#: 104 In build_straw_man_chord_sa. tolerance = 1, sa_iterations = 1000, initial_temperature = 3.0, cooling_rate = 0.999
26 - INFO - chord#: 86 done. best_score=67.0, changed=616, unchanged=334, early_stops=8/8
26 - INFO - chord#: 88 In build_straw_man_chord_sa. tolerance = 1, sa_iterations = 1000, initial_temperature = 3.0, cooling_rate = 0.999
26 - INFO - chord#: 100 done. best_score=27.0, changed=519, unchanged=343, early_stops=8/8
26 - INFO - chord#: 102 In build_straw_man_chord_sa. tolerance = 1, sa_iterations = 1000, initial_temperature = 3.0, cooling_rate = 0.999
26 - INFO - chord#: 88 done. best_score=9.0, changed=463, unchanged=394, early_stops=8/8
26 - INFO - chord#: 96 In build_straw_man_chord_sa. tolerance = 1, sa_iterations = 1000, initial_temperature = 3.0, cooling_rate = 0.999
26 - INFO - chord#: 104 done. best_score=27.0, changed=519, unchanged=374, early_stops=8/8
26 - INFO - chord#: 106 In build_straw_man_chord_sa. tolerance = 1, sa_iterations = 1000, initial_temperature = 3.0, cooling_rate = 0.999
26 - INFO - chord#: 106 done. best_score=120.0, changed=615, unchanged=303, early_stops=8/8
26 - INFO - chord#: 108 In build_straw_man_chord_sa. tolerance = 1, sa_iterations = 1000, initial_temperature = 3.0, cooling_rate = 0.999
26 - INFO - chord#: 86 done. best_score=137.0, changed=616, unchanged=284, early_stops=8/8
26 - INFO - chord#: 88 In build_straw_man_chord_sa. tolerance = 1, sa_iterations = 1000, initial_temperature = 3.0, cooling_rate = 0.999
26 - INFO - chord#: 86 done. best_score=67.0, changed=612, unchanged=330, early_stops=8/8
26 - INFO - chord#: 88 In build_straw_man_chord_sa. tolerance = 1, sa_iterations = 1000, initial_temperature = 3.0, cooling_rate = 0.999
26 - INFO - chord#: 86 done. best_score=67.0, changed=610, unchanged=358, early_stops=8/8
26 - INFO - chord#: 88 In build_straw_man_chord_sa. tolerance = 1, sa_iterations = 1000, initial_temperature = 3.0, cooling_rate = 0.999
26 - INFO - chord#: 88 done. best_score=9.0, changed=448, unchanged=370, early_stops=8/8
26 - INFO - chord#: 96 In build_straw_man_chord_sa. tolerance = 1, sa_iterations = 1000, initial_temperature = 3.0, cooling_rate = 0.999
26 - INFO - chord#: 88 done. best_score=9.0, changed=461, unchanged=379, early_stops=8/8
26 - INFO - chord#: 96 In build_straw_man_chord_sa. tolerance = 1, sa_iterations = 1000, initial_temperature = 3.0, cooling_rate = 0.999
26 - INFO - chord#: 88 done. best_score=9.0, changed=450, unchanged=391, early_stops=8/8
26 - INFO - chord#: 96 In build_straw_man_chord_sa. tolerance = 1, sa_iterations = 1000, initial_temperature = 3.0, cooling_rate = 0.999
26 - INFO - chord#: 106 done. best_score=82.0, changed=618, unchanged=464, early_stops=8/8
26 - INFO - chord#: 108 In build_straw_man_chord_sa. tolerance = 1, sa_iterations = 1000, initial_temperature = 3.0, cooling_rate = 0.999
26 - INFO - chord#: 108 done. best_score=27.0, changed=529, unchanged=404, early_stops=8/8
26 - INFO - chord#: 110 In build_straw_man_chord_sa. tolerance = 1, sa_iterations = 1000, initial_temperature = 3.0, cooling_rate = 0.999
26 - INFO - chord#: 106 done. best_score=82.0, changed=616, unchanged=408, early_stops=8/8
26 - INFO - chord#: 108 In build_straw_man_chord_sa. tolerance = 1, sa_iterations = 1000, initial_temperature = 3.0, cooling_rate = 0.999
26 - INFO - chord#: 96 done. best_score=27.0, changed=522, unchanged=478, early_stops=8/8
26 - INFO - chord#: 98 In build_straw_man_chord_sa. tolerance = 1, sa_iterations = 1000, initial_temperature = 3.0, cooling_rate = 0.999
26 - INFO - chord#: 102 done. best_score=137.0, changed=610, unchanged=397, early_stops=8/8
26 - INFO - chord#: 104 In build_straw_man_chord_sa. tolerance = 1, sa_iterations = 1000, initial_temperature = 3.0, cooling_rate = 0.999
26 - INFO - chord#: 98 done. best_score=82.0, changed=609, unchanged=244, early_stops=8/8
26 - INFO - chord#: 100 In build_straw_man_chord_sa. tolerance = 1, sa_iterations = 1000, initial_temperature = 3.0, cooling_rate = 0.999
26 - INFO - chord#: 108 done. best_score=27.0, changed=531, unchanged=336, early_stops=8/8
26 - INFO - chord#: 110 In build_straw_man_chord_sa. tolerance = 1, sa_iterations = 1000, initial_temperature = 3.0, cooling_rate = 0.999
26 - INFO - chord#: 96 done. best_score=27.0, changed=526, unchanged=481, early_stops=8/8
26 - INFO - chord#: 98 In build_straw_man_chord_sa. tolerance = 1, sa_iterations = 1000, initial_temperature = 3.0, cooling_rate = 0.999
26 - INFO - chord#: 96 done. best_score=36.0, changed=518, unchanged=363, early_stops=8/8
26 - INFO - chord#: 98 In build_straw_man_chord_sa. tolerance = 1, sa_iterations = 1000, initial_temperature = 3.0, cooling_rate = 0.999
26 - INFO - chord#: 108 done. best_score=27.0, changed=527, unchanged=356, early_stops=8/8
26 - INFO - chord#: 110 In build_straw_man_chord_sa. tolerance = 1, sa_iterations = 1000, initial_temperature = 3.0, cooling_rate = 0.999
26 - INFO - chord#: 98 done. best_score=90.0, changed=619, unchanged=416, early_stops=8/8
26 - INFO - chord#: 100 In build_straw_man_chord_sa. tolerance = 1, sa_iterations = 1000, initial_temperature = 3.0, cooling_rate = 0.999
26 - INFO - chord#: 102 done. best_score=67.0, changed=609, unchanged=345, early_stops=8/8
26 - INFO - chord#: 104 In build_straw_man_chord_sa. tolerance = 1, sa_iterations = 1000, initial_temperature = 3.0, cooling_rate = 0.999
26 - INFO - chord#: 96 done. best_score=27.0, changed=526, unchanged=423, early_stops=8/8
26 - INFO - chord#: 98 In build_straw_man_chord_sa. tolerance = 1, sa_iterations = 1000, initial_temperature = 3.0, cooling_rate = 0.999
26 - INFO - chord#: 104 done. best_score=27.0, changed=520, unchanged=377, early_stops=8/8
26 - INFO - chord#: 106 In build_straw_man_chord_sa. tolerance = 1, sa_iterations = 1000, initial_temperature = 3.0, cooling_rate = 0.999
26 - INFO - chord#: 106 done. best_score=82.0, changed=619, unchanged=460, early_stops=8/8
26 - INFO - chord#: 108 In build_straw_man_chord_sa. tolerance = 1, sa_iterations = 1000, initial_temperature = 3.0, cooling_rate = 0.999
26 - INFO - chord#: 100 done. best_score=27.0, changed=526, unchanged=449, early_stops=8/8
26 - INFO - chord#: 102 In build_straw_man_chord_sa. tolerance = 1, sa_iterations = 1000, initial_temperature = 3.0, cooling_rate = 0.999
26 - INFO - chord#: 110 done. best_score=70.0, changed=612, unchanged=262, early_stops=8/8
26 - INFO - chord#: 112 In build_straw_man_chord_sa. tolerance = 1, sa_iterations = 1000, initial_temperature = 3.0, cooling_rate = 0.999
26 - INFO - chord#: 104 done. best_score=27.0, changed=511, unchanged=311, early_stops=8/8
26 - INFO - chord#: 106 In build_straw_man_chord_sa. tolerance = 1, sa_iterations = 1000, initial_temperature = 3.0, cooling_rate = 0.999
26 - INFO - chord#: 100 done. best_score=27.0, changed=531, unchanged=381, early_stops=8/8
26 - INFO - chord#: 102 In build_straw_man_chord_sa. tolerance = 1, sa_iterations = 1000, initial_temperature = 3.0, cooling_rate = 0.999
26 - INFO - chord#: 108 done. best_score=27.0, changed=517, unchanged=303, early_stops=8/8
26 - INFO - chord#: 110 In build_straw_man_chord_sa. tolerance = 1, sa_iterations = 1000, initial_temperature = 3.0, cooling_rate = 0.999
26 - INFO - chord#: 112 done. best_score=31.0, changed=528, unchanged=286, early_stops=8/8
26 - INFO - chord#: 116 In build_straw_man_chord_sa. tolerance = 1, sa_iterations = 1000, initial_temperature = 3.0, cooling_rate = 0.999
26 - INFO - chord#: 98 done. best_score=97.0, changed=610, unchanged=277, early_stops=8/8
26 - INFO - chord#: 100 In build_straw_man_chord_sa. tolerance = 1, sa_iterations = 1000, initial_temperature = 3.0, cooling_rate = 0.999
26 - INFO - chord#: 110 done. best_score=70.0, changed=611, unchanged=314, early_stops=8/8
26 - INFO - chord#: 112 In build_straw_man_chord_sa. tolerance = 1, sa_iterations = 1000, initial_temperature = 3.0, cooling_rate = 0.999
26 - INFO - chord#: 98 done. best_score=97.0, changed=607, unchanged=320, early_stops=8/8
26 - INFO - chord#: 100 In build_straw_man_chord_sa. tolerance = 1, sa_iterations = 1000, initial_temperature = 3.0, cooling_rate = 0.999
26 - INFO - chord#: 110 done. best_score=104.0, changed=614, unchanged=450, early_stops=8/8
26 - INFO - chord#: 112 In build_straw_man_chord_sa. tolerance = 1, sa_iterations = 1000, initial_temperature = 3.0, cooling_rate = 0.999
26 - INFO - chord#: 116 done. best_score=27.0, changed=530, unchanged=420, early_stops=8/8
26 - INFO - chord#: 118 In build_straw_man_chord_sa. tolerance = 1, sa_iterations = 1000, initial_temperature = 3.0, cooling_rate = 0.999
26 - INFO - chord#: 98 done. best_score=146.0, changed=609, unchanged=333, early_stops=8/8
26 - INFO - chord#: 100 In build_straw_man_chord_sa. tolerance = 1, sa_iterations = 1000, initial_temperature = 3.0, cooling_rate = 0.999
26 - INFO - chord#: 106 done. best_score=97.0, changed=607, unchanged=211, early_stops=8/8
26 - INFO - chord#: 108 In build_straw_man_chord_sa. tolerance = 1, sa_iterations = 1000, initial_temperature = 3.0, cooling_rate = 0.999
26 - INFO - chord#: 112 done. best_score=31.0, changed=541, unchanged=357, early_stops=8/8
26 - INFO - chord#: 116 In build_straw_man_chord_sa. tolerance = 1, sa_iterations = 1000, initial_temperature = 3.0, cooling_rate = 0.999
26 - INFO - chord#: 98 done. best_score=97.0, changed=613, unchanged=356, early_stops=8/8
26 - INFO - chord#: 100 In build_straw_man_chord_sa. tolerance = 1, sa_iterations = 1000, initial_temperature = 3.0, cooling_rate = 0.999
26 - INFO - chord#: 100 done. best_score=27.0, changed=521, unchanged=516, early_stops=8/8
26 - INFO - chord#: 102 In build_straw_man_chord_sa. tolerance = 1, sa_iterations = 1000, initial_temperature = 3.0, cooling_rate = 0.999
26 - INFO - chord#: 112 done. best_score=59.0, changed=530, unchanged=302, early_stops=8/8
26 - INFO - chord#: 116 In build_straw_man_chord_sa. tolerance = 1, sa_iterations = 1000, initial_temperature = 3.0, cooling_rate = 0.999
26 - INFO - chord#: 102 done. best_score=78.0, changed=608, unchanged=246, early_stops=8/8
26 - INFO - chord#: 104 In build_straw_man_chord_sa. tolerance = 1, sa_iterations = 1000, initial_temperature = 3.0, cooling_rate = 0.999
26 - INFO - chord#: 100 done. best_score=27.0, changed=528, unchanged=427, early_stops=8/8
26 - INFO - chord#: 102 In build_straw_man_chord_sa. tolerance = 1, sa_iterations = 1000, initial_temperature = 3.0, cooling_rate = 0.999
26 - INFO - chord#: 106 done. best_score=82.0, changed=612, unchanged=450, early_stops=8/8
26 - INFO - chord#: 108 In build_straw_man_chord_sa. tolerance = 1, sa_iterations = 1000, initial_temperature = 3.0, cooling_rate = 0.999
26 - INFO - chord#: 110 done. best_score=70.0, changed=609, unchanged=280, early_stops=8/8
26 - INFO - chord#: 112 In build_straw_man_chord_sa. tolerance = 1, sa_iterations = 1000, initial_temperature = 3.0, cooling_rate = 0.999
26 - INFO - chord#: 100 done. best_score=27.0, changed=520, unchanged=319, early_stops=8/8
26 - INFO - chord#: 102 In build_straw_man_chord_sa. tolerance = 1, sa_iterations = 1000, initial_temperature = 3.0, cooling_rate = 0.999
26 - INFO - chord#: 116 done. best_score=27.0, changed=518, unchanged=375, early_stops=8/8
26 - INFO - chord#: 118 In build_straw_man_chord_sa. tolerance = 1, sa_iterations = 1000, initial_temperature = 3.0, cooling_rate = 0.999
26 - INFO - chord#: 108 done. best_score=27.0, changed=525, unchanged=385, early_stops=8/8
26 - INFO - chord#: 110 In build_straw_man_chord_sa. tolerance = 1, sa_iterations = 1000, initial_temperature = 3.0, cooling_rate = 0.999
26 - INFO - chord#: 100 done. best_score=27.0, changed=522, unchanged=344, early_stops=8/8
26 - INFO - chord#: 102 In build_straw_man_chord_sa. tolerance = 1, sa_iterations = 1000, initial_temperature = 3.0, cooling_rate = 0.999
26 - INFO - chord#: 102 done. best_score=67.0, changed=615, unchanged=370, early_stops=8/8
26 - INFO - chord#: 104 In build_straw_man_chord_sa. tolerance = 1, sa_iterations = 1000, initial_temperature = 3.0, cooling_rate = 0.999
26 - INFO - chord#: 116 done. best_score=27.0, changed=529, unchanged=471, early_stops=8/8
26 - INFO - chord#: 118 In build_straw_man_chord_sa. tolerance = 1, sa_iterations = 1000, initial_temperature = 3.0, cooling_rate = 0.999
26 - INFO - chord#: 108 done. best_score=27.0, changed=523, unchanged=343, early_stops=8/8
26 - INFO - chord#: 110 In build_straw_man_chord_sa. tolerance = 1, sa_iterations = 1000, initial_temperature = 3.0, cooling_rate = 0.999
26 - INFO - chord#: 112 done. best_score=31.0, changed=542, unchanged=397, early_stops=8/8
26 - INFO - chord#: 116 In build_straw_man_chord_sa. tolerance = 1, sa_iterations = 1000, initial_temperature = 3.0, cooling_rate = 0.999
26 - INFO - chord#: 104 done. best_score=27.0, changed=519, unchanged=349, early_stops=8/8
26 - INFO - chord#: 106 In build_straw_man_chord_sa. tolerance = 1, sa_iterations = 1000, initial_temperature = 3.0, cooling_rate = 0.999
26 - INFO - chord#: 104 done. best_score=27.0, changed=524, unchanged=361, early_stops=8/8
26 - INFO - chord#: 106 In build_straw_man_chord_sa. tolerance = 1, sa_iterations = 1000, initial_temperature = 3.0, cooling_rate = 0.999
26 - INFO - chord#: 116 done. best_score=27.0, changed=515, unchanged=328, early_stops=8/8
26 - INFO - chord#: 118 In build_straw_man_chord_sa. tolerance = 1, sa_iterations = 1000, initial_temperature = 3.0, cooling_rate = 0.999
26 - INFO - chord#: 118 done. best_score=67.0, changed=618, unchanged=516, early_stops=8/8
26 - INFO - chord#: 120 In build_straw_man_chord_sa. tolerance = 1, sa_iterations = 1000, initial_temperature = 3.0, cooling_rate = 0.999
26 - INFO - chord#: 102 done. best_score=137.0, changed=617, unchanged=344, early_stops=8/8
26 - INFO - chord#: 104 In build_straw_man_chord_sa. tolerance = 1, sa_iterations = 1000, initial_temperature = 3.0, cooling_rate = 0.999
26 - INFO - chord#: 120 done. best_score=11.0, changed=475, unchanged=340, early_stops=8/8
26 - INFO - chord#: 128 In build_straw_man_chord_sa. tolerance = 1, sa_iterations = 1000, initial_temperature = 3.0, cooling_rate = 0.999
26 - INFO - chord#: 102 done. best_score=140.0, changed=618, unchanged=494, early_stops=8/8
26 - INFO - chord#: 104 In build_straw_man_chord_sa. tolerance = 1, sa_iterations = 1000, initial_temperature = 3.0, cooling_rate = 0.999
26 - INFO - chord#: 118 done. best_score=67.0, changed=611, unchanged=271, early_stops=8/8
26 - INFO - chord#: 120 In build_straw_man_chord_sa. tolerance = 1, sa_iterations = 1000, initial_temperature = 3.0, cooling_rate = 0.999
26 - INFO - chord#: 102 done. best_score=140.0, changed=611, unchanged=285, early_stops=8/8
26 - INFO - chord#: 104 In build_straw_man_chord_sa. tolerance = 1, sa_iterations = 1000, initial_temperature = 3.0, cooling_rate = 0.999
26 - INFO - chord#: 110 done. best_score=70.0, changed=614, unchanged=313, early_stops=8/8
26 - INFO - chord#: 112 In build_straw_man_chord_sa. tolerance = 1, sa_iterations = 1000, initial_temperature = 3.0, cooling_rate = 0.999
26 - INFO - chord#: 102 done. best_score=78.0, changed=607, unchanged=264, early_stops=8/8
26 - INFO - chord#: 104 In build_straw_man_chord_sa. tolerance = 1, sa_iterations = 1000, initial_temperature = 3.0, cooling_rate = 0.999
26 - INFO - chord#: 110 done. best_score=104.0, changed=613, unchanged=343, early_stops=8/8
26 - INFO - chord#: 112 In build_straw_man_chord_sa. tolerance = 1, sa_iterations = 1000, initial_temperature = 3.0, cooling_rate = 0.999
26 - INFO - chord#: 120 done. best_score=11.0, changed=475, unchanged=343, early_stops=8/8
26 - INFO - chord#: 128 In build_straw_man_chord_sa. tolerance = 1, sa_iterations = 1000, initial_temperature = 3.0, cooling_rate = 0.999
26 - INFO - chord#: 118 done. best_score=67.0, changed=615, unchanged=312, early_stops=8/8
26 - INFO - chord#: 120 In build_straw_man_chord_sa. tolerance = 1, sa_iterations = 1000, initial_temperature = 3.0, cooling_rate = 0.999
26 - INFO - chord#: 104 done. best_score=27.0, changed=527, unchanged=496, early_stops=8/8
26 - INFO - chord#: 106 In build_straw_man_chord_sa. tolerance = 1, sa_iterations = 1000, initial_temperature = 3.0, cooling_rate = 0.999
26 - INFO - chord#: 128 done. best_score=27.0, changed=521, unchanged=429, early_stops=8/8
26 - INFO - chord#: 136 In build_straw_man_chord_sa. tolerance = 1, sa_iterations = 1000, initial_temperature = 3.0, cooling_rate = 0.999
26 - INFO - chord#: 120 done. best_score=11.0, changed=487, unchanged=341, early_stops=8/8
26 - INFO - chord#: 128 In build_straw_man_chord_sa. tolerance = 1, sa_iterations = 1000, initial_temperature = 3.0, cooling_rate = 0.999
26 - INFO - chord#: 106 done. best_score=82.0, changed=612, unchanged=262, early_stops=8/8
26 - INFO - chord#: 108 In build_straw_man_chord_sa. tolerance = 1, sa_iterations = 1000, initial_temperature = 3.0, cooling_rate = 0.999
26 - INFO - chord#: 104 done. best_score=27.0, changed=525, unchanged=399, early_stops=8/8
26 - INFO - chord#: 106 In build_straw_man_chord_sa. tolerance = 1, sa_iterations = 1000, initial_temperature = 3.0, cooling_rate = 0.999
26 - INFO - chord#: 112 done. best_score=31.0, changed=532, unchanged=314, early_stops=8/8
26 - INFO - chord#: 116 In build_straw_man_chord_sa. tolerance = 1, sa_iterations = 1000, initial_temperature = 3.0, cooling_rate = 0.999
26 - INFO - chord#: 118 done. best_score=67.0, changed=613, unchanged=258, early_stops=8/8
26 - INFO - chord#: 120 In build_straw_man_chord_sa. tolerance = 1, sa_iterations = 1000, initial_temperature = 3.0, cooling_rate = 0.999
26 - INFO - chord#: 104 done. best_score=27.0, changed=515, unchanged=470, early_stops=8/8
26 - INFO - chord#: 106 In build_straw_man_chord_sa. tolerance = 1, sa_iterations = 1000, initial_temperature = 3.0, cooling_rate = 0.999
26 - INFO - chord#: 112 done. best_score=31.0, changed=543, unchanged=372, early_stops=8/8
26 - INFO - chord#: 116 In build_straw_man_chord_sa. tolerance = 1, sa_iterations = 1000, initial_temperature = 3.0, cooling_rate = 0.999
26 - INFO - chord#: 104 done. best_score=27.0, changed=524, unchanged=403, early_stops=8/8
26 - INFO - chord#: 106 In build_straw_man_chord_sa. tolerance = 1, sa_iterations = 1000, initial_temperature = 3.0, cooling_rate = 0.999
26 - INFO - chord#: 136 done. best_score=27.0, changed=518, unchanged=357, early_stops=8/8
26 - INFO - chord#: 138 In build_straw_man_chord_sa. tolerance = 1, sa_iterations = 1000, initial_temperature = 3.0, cooling_rate = 0.999
26 - INFO - chord#: 120 done. best_score=11.0, changed=478, unchanged=369, early_stops=8/8
26 - INFO - chord#: 128 In build_straw_man_chord_sa. tolerance = 1, sa_iterations = 1000, initial_temperature = 3.0, cooling_rate = 0.999
26 - INFO - chord#: 128 done. best_score=27.0, changed=518, unchanged=353, early_stops=8/8
26 - INFO - chord#: 136 In build_straw_man_chord_sa. tolerance = 1, sa_iterations = 1000, initial_temperature = 3.0, cooling_rate = 0.999
26 - INFO - chord#: 128 done. best_score=27.0, changed=526, unchanged=418, early_stops=8/8
26 - INFO - chord#: 136 In build_straw_man_chord_sa. tolerance = 1, sa_iterations = 1000, initial_temperature = 3.0, cooling_rate = 0.999
26 - INFO - chord#: 106 done. best_score=82.0, changed=618, unchanged=311, early_stops=8/8
26 - INFO - chord#: 108 In build_straw_man_chord_sa. tolerance = 1, sa_iterations = 1000, initial_temperature = 3.0, cooling_rate = 0.999
26 - INFO - chord#: 108 done. best_score=27.0, changed=520, unchanged=333, early_stops=8/8
26 - INFO - chord#: 110 In build_straw_man_chord_sa. tolerance = 1, sa_iterations = 1000, initial_temperature = 3.0, cooling_rate = 0.999
26 - INFO - chord#: 116 done. best_score=27.0, changed=536, unchanged=396, early_stops=8/8
26 - INFO - chord#: 118 In build_straw_man_chord_sa. tolerance = 1, sa_iterations = 1000, initial_temperature = 3.0, cooling_rate = 0.999
26 - INFO - chord#: 128 done. best_score=27.0, changed=528, unchanged=396, early_stops=8/8
26 - INFO - chord#: 136 In build_straw_man_chord_sa. tolerance = 1, sa_iterations = 1000, initial_temperature = 3.0, cooling_rate = 0.999
26 - INFO - chord#: 116 done. best_score=27.0, changed=535, unchanged=475, early_stops=8/8
26 - INFO - chord#: 118 In build_straw_man_chord_sa. tolerance = 1, sa_iterations = 1000, initial_temperature = 3.0, cooling_rate = 0.999
26 - INFO - chord#: 136 done. best_score=27.0, changed=527, unchanged=508, early_stops=8/8
26 - INFO - chord#: 138 In build_straw_man_chord_sa. tolerance = 1, sa_iterations = 1000, initial_temperature = 3.0, cooling_rate = 0.999
26 - INFO - chord#: 106 done. best_score=120.0, changed=604, unchanged=206, early_stops=8/8
26 - INFO - chord#: 108 In build_straw_man_chord_sa. tolerance = 1, sa_iterations = 1000, initial_temperature = 3.0, cooling_rate = 0.999
26 - INFO - chord#: 108 done. best_score=27.0, changed=533, unchanged=396, early_stops=8/8
26 - INFO - chord#: 110 In build_straw_man_chord_sa. tolerance = 1, sa_iterations = 1000, initial_temperature = 3.0, cooling_rate = 0.999
26 - INFO - chord#: 136 done. best_score=27.0, changed=526, unchanged=480, early_stops=8/8
26 - INFO - chord#: 138 In build_straw_man_chord_sa. tolerance = 1, sa_iterations = 1000, initial_temperature = 3.0, cooling_rate = 0.999
26 - INFO - chord#: 106 done. best_score=82.0, changed=608, unchanged=310, early_stops=8/8
26 - INFO - chord#: 108 In build_straw_man_chord_sa. tolerance = 1, sa_iterations = 1000, initial_temperature = 3.0, cooling_rate = 0.999
26 - INFO - chord#: 106 done. best_score=82.0, changed=607, unchanged=245, early_stops=8/8
26 - INFO - chord#: 108 In build_straw_man_chord_sa. tolerance = 1, sa_iterations = 1000, initial_temperature = 3.0, cooling_rate = 0.999
26 - INFO - chord#: 136 done. best_score=27.0, changed=526, unchanged=410, early_stops=8/8
26 - INFO - chord#: 138 In build_straw_man_chord_sa. tolerance = 1, sa_iterations = 1000, initial_temperature = 3.0, cooling_rate = 0.999
26 - INFO - chord#: 138 done. best_score=96.0, changed=615, unchanged=283, early_stops=8/8
26 - INFO - chord#: 140 In build_straw_man_chord_sa. tolerance = 1, sa_iterations = 1000, initial_temperature = 3.0, cooling_rate = 0.999
26 - INFO - chord#: 108 done. best_score=27.0, changed=527, unchanged=332, early_stops=8/8
26 - INFO - chord#: 110 In build_straw_man_chord_sa. tolerance = 1, sa_iterations = 1000, initial_temperature = 3.0, cooling_rate = 0.999
26 - INFO - chord#: 106 done. best_score=82.0, changed=611, unchanged=311, early_stops=8/8
26 - INFO - chord#: 108 In build_straw_man_chord_sa. tolerance = 1, sa_iterations = 1000, initial_temperature = 3.0, cooling_rate = 0.999
26 - INFO - chord#: 108 done. best_score=27.0, changed=524, unchanged=370, early_stops=8/8
26 - INFO - chord#: 110 In build_straw_man_chord_sa. tolerance = 1, sa_iterations = 1000, initial_temperature = 3.0, cooling_rate = 0.999
26 - INFO - chord#: 108 done. best_score=27.0, changed=529, unchanged=375, early_stops=8/8
26 - INFO - chord#: 110 In build_straw_man_chord_sa. tolerance = 1, sa_iterations = 1000, initial_temperature = 3.0, cooling_rate = 0.999
26 - INFO - chord#: 110 done. best_score=70.0, changed=608, unchanged=280, early_stops=8/8
26 - INFO - chord#: 112 In build_straw_man_chord_sa. tolerance = 1, sa_iterations = 1000, initial_temperature = 3.0, cooling_rate = 0.999
26 - INFO - chord#: 118 done. best_score=96.0, changed=609, unchanged=341, early_stops=8/8
26 - INFO - chord#: 120 In build_straw_man_chord_sa. tolerance = 1, sa_iterations = 1000, initial_temperature = 3.0, cooling_rate = 0.999
26 - INFO - chord#: 140 done. best_score=27.0, changed=526, unchanged=423, early_stops=8/8
26 - INFO - chord#: 144 In build_straw_man_chord_sa. tolerance = 1, sa_iterations = 1000, initial_temperature = 3.0, cooling_rate = 0.999
26 - INFO - chord#: 120 done. best_score=11.0, changed=505, unchanged=363, early_stops=8/8
26 - INFO - chord#: 128 In build_straw_man_chord_sa. tolerance = 1, sa_iterations = 1000, initial_temperature = 3.0, cooling_rate = 0.999
26 - INFO - chord#: 138 done. best_score=74.0, changed=611, unchanged=323, early_stops=8/8
26 - INFO - chord#: 140 In build_straw_man_chord_sa. tolerance = 1, sa_iterations = 1000, initial_temperature = 3.0, cooling_rate = 0.999
26 - INFO - chord#: 110 done. best_score=70.0, changed=608, unchanged=246, early_stops=8/8
26 - INFO - chord#: 112 In build_straw_man_chord_sa. tolerance = 1, sa_iterations = 1000, initial_temperature = 3.0, cooling_rate = 0.999
26 - INFO - chord#: 108 done. best_score=27.0, changed=536, unchanged=417, early_stops=8/8
26 - INFO - chord#: 110 In build_straw_man_chord_sa. tolerance = 1, sa_iterations = 1000, initial_temperature = 3.0, cooling_rate = 0.999
26 - INFO - chord#: 112 done. best_score=31.0, changed=541, unchanged=269, early_stops=8/8
26 - INFO - chord#: 116 In build_straw_man_chord_sa. tolerance = 1, sa_iterations = 1000, initial_temperature = 3.0, cooling_rate = 0.999
26 - INFO - chord#: 138 done. best_score=74.0, changed=611, unchanged=300, early_stops=8/8
26 - INFO - chord#: 140 In build_straw_man_chord_sa. tolerance = 1, sa_iterations = 1000, initial_temperature = 3.0, cooling_rate = 0.999
26 - INFO - chord#: 118 done. best_score=96.0, changed=610, unchanged=386, early_stops=8/8
26 - INFO - chord#: 120 In build_straw_man_chord_sa. tolerance = 1, sa_iterations = 1000, initial_temperature = 3.0, cooling_rate = 0.999
26 - INFO - chord#: 128 done. best_score=27.0, changed=525, unchanged=383, early_stops=8/8
26 - INFO - chord#: 136 In build_straw_man_chord_sa. tolerance = 1, sa_iterations = 1000, initial_temperature = 3.0, cooling_rate = 0.999
26 - INFO - chord#: 144 done. best_score=35.0, changed=526, unchanged=399, early_stops=8/8
26 - INFO - chord#: 146 In build_straw_man_chord_sa. tolerance = 1, sa_iterations = 1000, initial_temperature = 3.0, cooling_rate = 0.999
26 - INFO - chord#: 138 done. best_score=96.0, changed=613, unchanged=360, early_stops=8/8
26 - INFO - chord#: 140 In build_straw_man_chord_sa. tolerance = 1, sa_iterations = 1000, initial_temperature = 3.0, cooling_rate = 0.999
26 - INFO - chord#: 120 done. best_score=11.0, changed=480, unchanged=347, early_stops=8/8
26 - INFO - chord#: 128 In build_straw_man_chord_sa. tolerance = 1, sa_iterations = 1000, initial_temperature = 3.0, cooling_rate = 0.999
26 - INFO - chord#: 110 done. best_score=75.0, changed=614, unchanged=386, early_stops=8/8
26 - INFO - chord#: 112 In build_straw_man_chord_sa. tolerance = 1, sa_iterations = 1000, initial_temperature = 3.0, cooling_rate = 0.999
26 - INFO - chord#: 140 done. best_score=27.0, changed=522, unchanged=506, early_stops=8/8
26 - INFO - chord#: 144 In build_straw_man_chord_sa. tolerance = 1, sa_iterations = 1000, initial_temperature = 3.0, cooling_rate = 0.999
26 - INFO - chord#: 112 done. best_score=31.0, changed=519, unchanged=306, early_stops=8/8
26 - INFO - chord#: 116 In build_straw_man_chord_sa. tolerance = 1, sa_iterations = 1000, initial_temperature = 3.0, cooling_rate = 0.999
26 - INFO - chord#: 140 done. best_score=27.0, changed=516, unchanged=426, early_stops=8/8
26 - INFO - chord#: 144 In build_straw_man_chord_sa. tolerance = 1, sa_iterations = 1000, initial_temperature = 3.0, cooling_rate = 0.999
26 - INFO - chord#: 110 done. best_score=104.0, changed=611, unchanged=354, early_stops=8/8
26 - INFO - chord#: 112 In build_straw_man_chord_sa. tolerance = 1, sa_iterations = 1000, initial_temperature = 3.0, cooling_rate = 0.999
26 - INFO - chord#: 116 done. best_score=27.0, changed=521, unchanged=433, early_stops=8/8
26 - INFO - chord#: 118 In build_straw_man_chord_sa. tolerance = 1, sa_iterations = 1000, initial_temperature = 3.0, cooling_rate = 0.999
26 - INFO - chord#: 136 done. best_score=27.0, changed=531, unchanged=407, early_stops=8/8
26 - INFO - chord#: 138 In build_straw_man_chord_sa. tolerance = 1, sa_iterations = 1000, initial_temperature = 3.0, cooling_rate = 0.999
26 - INFO - chord#: 110 done. best_score=70.0, changed=611, unchanged=272, early_stops=8/8
26 - INFO - chord#: 112 In build_straw_man_chord_sa. tolerance = 1, sa_iterations = 1000, initial_temperature = 3.0, cooling_rate = 0.999
26 - INFO - chord#: 144 done. best_score=35.0, changed=520, unchanged=406, early_stops=8/8
26 - INFO - chord#: 146 In build_straw_man_chord_sa. tolerance = 1, sa_iterations = 1000, initial_temperature = 3.0, cooling_rate = 0.999
26 - INFO - chord#: 112 done. best_score=31.0, changed=532, unchanged=363, early_stops=8/8
26 - INFO - chord#: 116 In build_straw_man_chord_sa. tolerance = 1, sa_iterations = 1000, initial_temperature = 3.0, cooling_rate = 0.999
26 - INFO - chord#: 140 done. best_score=27.0, changed=530, unchanged=573, early_stops=8/8
26 - INFO - chord#: 144 In build_straw_man_chord_sa. tolerance = 1, sa_iterations = 1000, initial_temperature = 3.0, cooling_rate = 0.999
26 - INFO - chord#: 128 done. best_score=27.0, changed=520, unchanged=417, early_stops=8/8
26 - INFO - chord#: 136 In build_straw_man_chord_sa. tolerance = 1, sa_iterations = 1000, initial_temperature = 3.0, cooling_rate = 0.999
26 - INFO - chord#: 146 done. best_score=71.0, changed=612, unchanged=261, early_stops=8/8
26 - INFO - chord#: 148 In build_straw_man_chord_sa. tolerance = 1, sa_iterations = 1000, initial_temperature = 3.0, cooling_rate = 0.999
26 - INFO - chord#: 116 done. best_score=27.0, changed=530, unchanged=468, early_stops=8/8
26 - INFO - chord#: 118 In build_straw_man_chord_sa. tolerance = 1, sa_iterations = 1000, initial_temperature = 3.0, cooling_rate = 0.999
26 - INFO - chord#: 112 done. best_score=59.0, changed=531, unchanged=323, early_stops=8/8
26 - INFO - chord#: 116 In build_straw_man_chord_sa. tolerance = 1, sa_iterations = 1000, initial_temperature = 3.0, cooling_rate = 0.999
26 - INFO - chord#: 144 done. best_score=35.0, changed=521, unchanged=426, early_stops=8/8
26 - INFO - chord#: 146 In build_straw_man_chord_sa. tolerance = 1, sa_iterations = 1000, initial_temperature = 3.0, cooling_rate = 0.999
26 - INFO - chord#: 112 done. best_score=31.0, changed=528, unchanged=325, early_stops=8/8
26 - INFO - chord#: 116 In build_straw_man_chord_sa. tolerance = 1, sa_iterations = 1000, initial_temperature = 3.0, cooling_rate = 0.999
26 - INFO - chord#: 110 done. best_score=75.0, changed=609, unchanged=295, early_stops=8/8
26 - INFO - chord#: 112 In build_straw_man_chord_sa. tolerance = 1, sa_iterations = 1000, initial_temperature = 3.0, cooling_rate = 0.999
26 - INFO - chord#: 116 done. best_score=27.0, changed=529, unchanged=339, early_stops=8/8
26 - INFO - chord#: 118 In build_straw_man_chord_sa. tolerance = 1, sa_iterations = 1000, initial_temperature = 3.0, cooling_rate = 0.999
26 - INFO - chord#: 136 done. best_score=27.0, changed=521, unchanged=398, early_stops=8/8
26 - INFO - chord#: 138 In build_straw_man_chord_sa. tolerance = 1, sa_iterations = 1000, initial_temperature = 3.0, cooling_rate = 0.999
26 - INFO - chord#: 144 done. best_score=35.0, changed=524, unchanged=401, early_stops=8/8
26 - INFO - chord#: 146 In build_straw_man_chord_sa. tolerance = 1, sa_iterations = 1000, initial_temperature = 3.0, cooling_rate = 0.999
26 - INFO - chord#: 116 done. best_score=27.0, changed=531, unchanged=496, early_stops=8/8
26 - INFO - chord#: 118 In build_straw_man_chord_sa. tolerance = 1, sa_iterations = 1000, initial_temperature = 3.0, cooling_rate = 0.999
26 - INFO - chord#: 116 done. best_score=27.0, changed=527, unchanged=340, early_stops=8/8
26 - INFO - chord#: 118 In build_straw_man_chord_sa. tolerance = 1, sa_iterations = 1000, initial_temperature = 3.0, cooling_rate = 0.999
26 - INFO - chord#: 112 done. best_score=31.0, changed=522, unchanged=357, early_stops=8/8
26 - INFO - chord#: 116 In build_straw_man_chord_sa. tolerance = 1, sa_iterations = 1000, initial_temperature = 3.0, cooling_rate = 0.999
26 - INFO - chord#: 146 done. best_score=146.0, changed=613, unchanged=302, early_stops=8/8
26 - INFO - chord#: 148 In build_straw_man_chord_sa. tolerance = 1, sa_iterations = 1000, initial_temperature = 3.0, cooling_rate = 0.999
26 - INFO - chord#: 148 done. best_score=67.0, changed=613, unchanged=254, early_stops=8/8
26 - INFO - chord#: 150 In build_straw_man_chord_sa. tolerance = 1, sa_iterations = 1000, initial_temperature = 3.0, cooling_rate = 0.999
26 - INFO - chord#: 146 done. best_score=71.0, changed=615, unchanged=223, early_stops=8/8
26 - INFO - chord#: 148 In build_straw_man_chord_sa. tolerance = 1, sa_iterations = 1000, initial_temperature = 3.0, cooling_rate = 0.999
26 - INFO - chord#: 118 done. best_score=145.0, changed=609, unchanged=316, early_stops=8/8
26 - INFO - chord#: 120 In build_straw_man_chord_sa. tolerance = 1, sa_iterations = 1000, initial_temperature = 3.0, cooling_rate = 0.999
26 - INFO - chord#: 120 done. best_score=11.0, changed=494, unchanged=318, early_stops=8/8
26 - INFO - chord#: 128 In build_straw_man_chord_sa. tolerance = 1, sa_iterations = 1000, initial_temperature = 3.0, cooling_rate = 0.999
26 - INFO - chord#: 138 done. best_score=74.0, changed=610, unchanged=448, early_stops=8/8
26 - INFO - chord#: 140 In build_straw_man_chord_sa. tolerance = 1, sa_iterations = 1000, initial_temperature = 3.0, cooling_rate = 0.999
26 - INFO - chord#: 116 done. best_score=27.0, changed=519, unchanged=346, early_stops=8/8
26 - INFO - chord#: 118 In build_straw_man_chord_sa. tolerance = 1, sa_iterations = 1000, initial_temperature = 3.0, cooling_rate = 0.999
26 - INFO - chord#: 118 done. best_score=67.0, changed=611, unchanged=266, early_stops=8/8
26 - INFO - chord#: 120 In build_straw_man_chord_sa. tolerance = 1, sa_iterations = 1000, initial_temperature = 3.0, cooling_rate = 0.999
26 - INFO - chord#: 150 done. best_score=36.0, changed=513, unchanged=330, early_stops=8/8
26 - INFO - chord#: 152 In build_straw_man_chord_sa. tolerance = 1, sa_iterations = 1000, initial_temperature = 3.0, cooling_rate = 0.999
26 - INFO - chord#: 138 done. best_score=121.0, changed=606, unchanged=232, early_stops=8/8
26 - INFO - chord#: 140 In build_straw_man_chord_sa. tolerance = 1, sa_iterations = 1000, initial_temperature = 3.0, cooling_rate = 0.999
26 - INFO - chord#: 120 done. best_score=11.0, changed=480, unchanged=364, early_stops=8/8
26 - INFO - chord#: 128 In build_straw_man_chord_sa. tolerance = 1, sa_iterations = 1000, initial_temperature = 3.0, cooling_rate = 0.999
26 - INFO - chord#: 118 done. best_score=67.0, changed=609, unchanged=346, early_stops=8/8
26 - INFO - chord#: 120 In build_straw_man_chord_sa. tolerance = 1, sa_iterations = 1000, initial_temperature = 3.0, cooling_rate = 0.999
26 - INFO - chord#: 120 done. best_score=11.0, changed=477, unchanged=334, early_stops=8/8
26 - INFO - chord#: 128 In build_straw_man_chord_sa. tolerance = 1, sa_iterations = 1000, initial_temperature = 3.0, cooling_rate = 0.999
26 - INFO - chord#: 118 done. best_score=67.0, changed=610, unchanged=323, early_stops=8/8
26 - INFO - chord#: 120 In build_straw_man_chord_sa. tolerance = 1, sa_iterations = 1000, initial_temperature = 3.0, cooling_rate = 0.999
26 - INFO - chord#: 128 done. best_score=27.0, changed=521, unchanged=344, early_stops=8/8
26 - INFO - chord#: 136 In build_straw_man_chord_sa. tolerance = 1, sa_iterations = 1000, initial_temperature = 3.0, cooling_rate = 0.999
26 - INFO - chord#: 152 done. best_score=27.0, changed=514, unchanged=331, early_stops=8/8
26 - INFO - chord#: 160 In build_straw_man_chord_sa. tolerance = 1, sa_iterations = 1000, initial_temperature = 3.0, cooling_rate = 0.999
26 - INFO - chord#: 146 done. best_score=71.0, changed=616, unchanged=332, early_stops=8/8
26 - INFO - chord#: 120 done. best_score=11.0, changed=478, unchanged=341, early_stops=8/8
26 - INFO - chord#: 148 In build_straw_man_chord_sa. tolerance = 1, sa_iterations = 1000, initial_temperature = 3.0, cooling_rate = 0.999
26 - INFO - chord#: 128 In build_straw_man_chord_sa. tolerance = 1, sa_iterations = 1000, initial_temperature = 3.0, cooling_rate = 0.999
26 - INFO - chord#: 140 done. best_score=27.0, changed=514, unchanged=353, early_stops=8/8
26 - INFO - chord#: 144 In build_straw_man_chord_sa. tolerance = 1, sa_iterations = 1000, initial_temperature = 3.0, cooling_rate = 0.999
26 - INFO - chord#: 140 done. best_score=27.0, changed=522, unchanged=493, early_stops=8/8
26 - INFO - chord#: 144 In build_straw_man_chord_sa. tolerance = 1, sa_iterations = 1000, initial_temperature = 3.0, cooling_rate = 0.999
26 - INFO - chord#: 148 done. best_score=67.0, changed=620, unchanged=437, early_stops=8/8
26 - INFO - chord#: 150 In build_straw_man_chord_sa. tolerance = 1, sa_iterations = 1000, initial_temperature = 3.0, cooling_rate = 0.999
26 - INFO - chord#: 128 done. best_score=27.0, changed=522, unchanged=341, early_stops=8/8
26 - INFO - chord#: 136 In build_straw_man_chord_sa. tolerance = 1, sa_iterations = 1000, initial_temperature = 3.0, cooling_rate = 0.999
26 - INFO - chord#: 128 done. best_score=27.0, changed=521, unchanged=373, early_stops=8/8
26 - INFO - chord#: 136 In build_straw_man_chord_sa. tolerance = 1, sa_iterations = 1000, initial_temperature = 3.0, cooling_rate = 0.999
26 - INFO - chord#: 148 done. best_score=67.0, changed=620, unchanged=337, early_stops=8/8
26 - INFO - chord#: 150 In build_straw_man_chord_sa. tolerance = 1, sa_iterations = 1000, initial_temperature = 3.0, cooling_rate = 0.999
26 - INFO - chord#: 118 done. best_score=67.0, changed=611, unchanged=379, early_stops=8/8
26 - INFO - chord#: 120 In build_straw_man_chord_sa. tolerance = 1, sa_iterations = 1000, initial_temperature = 3.0, cooling_rate = 0.999
26 - INFO - chord#: 160 done. best_score=27.0, changed=518, unchanged=317, early_stops=8/8
26 - INFO - chord#: 164 In build_straw_man_chord_sa. tolerance = 1, sa_iterations = 1000, initial_temperature = 3.0, cooling_rate = 0.999
26 - INFO - chord#: 128 done. best_score=27.0, changed=515, unchanged=384, early_stops=8/8
26 - INFO - chord#: 136 In build_straw_man_chord_sa. tolerance = 1, sa_iterations = 1000, initial_temperature = 3.0, cooling_rate = 0.999
26 - INFO - chord#: 144 done. best_score=35.0, changed=521, unchanged=328, early_stops=8/8
26 - INFO - chord#: 146 In build_straw_man_chord_sa. tolerance = 1, sa_iterations = 1000, initial_temperature = 3.0, cooling_rate = 0.999
26 - INFO - chord#: 150 done. best_score=36.0, changed=520, unchanged=322, early_stops=8/8
26 - INFO - chord#: 152 In build_straw_man_chord_sa. tolerance = 1, sa_iterations = 1000, initial_temperature = 3.0, cooling_rate = 0.999
26 - INFO - chord#: 136 done. best_score=27.0, changed=514, unchanged=359, early_stops=8/8
26 - INFO - chord#: 138 In build_straw_man_chord_sa. tolerance = 1, sa_iterations = 1000, initial_temperature = 3.0, cooling_rate = 0.999
26 - INFO - chord#: 120 done. best_score=11.0, changed=480, unchanged=350, early_stops=8/8
26 - INFO - chord#: 128 In build_straw_man_chord_sa. tolerance = 1, sa_iterations = 1000, initial_temperature = 3.0, cooling_rate = 0.999
26 - INFO - chord#: 144 done. best_score=35.0, changed=524, unchanged=517, early_stops=8/8
26 - INFO - chord#: 146 In build_straw_man_chord_sa. tolerance = 1, sa_iterations = 1000, initial_temperature = 3.0, cooling_rate = 0.999
26 - INFO - chord#: 150 done. best_score=36.0, changed=537, unchanged=396, early_stops=8/8
26 - INFO - chord#: 152 In build_straw_man_chord_sa. tolerance = 1, sa_iterations = 1000, initial_temperature = 3.0, cooling_rate = 0.999
26 - INFO - chord#: 136 done. best_score=27.0, changed=518, unchanged=380, early_stops=8/8
26 - INFO - chord#: 138 In build_straw_man_chord_sa. tolerance = 1, sa_iterations = 1000, initial_temperature = 3.0, cooling_rate = 0.999
26 - INFO - chord#: 136 done. best_score=27.0, changed=520, unchanged=467, early_stops=8/8
26 - INFO - chord#: 138 In build_straw_man_chord_sa. tolerance = 1, sa_iterations = 1000, initial_temperature = 3.0, cooling_rate = 0.999
26 - INFO - chord#: 164 done. best_score=27.0, changed=517, unchanged=452, early_stops=8/8
26 - INFO - chord#: 166 In build_straw_man_chord_sa. tolerance = 1, sa_iterations = 1000, initial_temperature = 3.0, cooling_rate = 0.999
26 - INFO - chord#: 118 done. best_score=96.0, changed=614, unchanged=354, early_stops=8/8
26 - INFO - chord#: 120 In build_straw_man_chord_sa. tolerance = 1, sa_iterations = 1000, initial_temperature = 3.0, cooling_rate = 0.999
26 - INFO - chord#: 136 done. best_score=27.0, changed=520, unchanged=388, early_stops=8/8
26 - INFO - chord#: 138 In build_straw_man_chord_sa. tolerance = 1, sa_iterations = 1000, initial_temperature = 3.0, cooling_rate = 0.999
26 - INFO - chord#: 152 done. best_score=27.0, changed=513, unchanged=381, early_stops=8/8
26 - INFO - chord#: 160 In build_straw_man_chord_sa. tolerance = 1, sa_iterations = 1000, initial_temperature = 3.0, cooling_rate = 0.999
26 - INFO - chord#: 120 done. best_score=11.0, changed=504, unchanged=348, early_stops=8/8
26 - INFO - chord#: 128 In build_straw_man_chord_sa. tolerance = 1, sa_iterations = 1000, initial_temperature = 3.0, cooling_rate = 0.999
26 - INFO - chord#: 128 done. best_score=27.0, changed=523, unchanged=402, early_stops=8/8
26 - INFO - chord#: 136 In build_straw_man_chord_sa. tolerance = 1, sa_iterations = 1000, initial_temperature = 3.0, cooling_rate = 0.999
26 - INFO - chord#: 152 done. best_score=27.0, changed=525, unchanged=529, early_stops=8/8
26 - INFO - chord#: 160 In build_straw_man_chord_sa. tolerance = 1, sa_iterations = 1000, initial_temperature = 3.0, cooling_rate = 0.999
26 - INFO - chord#: 146 done. best_score=71.0, changed=613, unchanged=200, early_stops=8/8
26 - INFO - chord#: 148 In build_straw_man_chord_sa. tolerance = 1, sa_iterations = 1000, initial_temperature = 3.0, cooling_rate = 0.999
26 - INFO - chord#: 148 done. best_score=67.0, changed=613, unchanged=308, early_stops=8/8
26 - INFO - chord#: 150 In build_straw_man_chord_sa. tolerance = 1, sa_iterations = 1000, initial_temperature = 3.0, cooling_rate = 0.999
26 - INFO - chord#: 160 done. best_score=27.0, changed=517, unchanged=362, early_stops=8/8
26 - INFO - chord#: 164 In build_straw_man_chord_sa. tolerance = 1, sa_iterations = 1000, initial_temperature = 3.0, cooling_rate = 0.999
26 - INFO - chord#: 138 done. best_score=96.0, changed=615, unchanged=253, early_stops=8/8
26 - INFO - chord#: 140 In build_straw_man_chord_sa. tolerance = 1, sa_iterations = 1000, initial_temperature = 3.0, cooling_rate = 0.999
26 - INFO - chord#: 128 done. best_score=27.0, changed=521, unchanged=326, early_stops=8/8
26 - INFO - chord#: 136 In build_straw_man_chord_sa. tolerance = 1, sa_iterations = 1000, initial_temperature = 3.0, cooling_rate = 0.999
26 - INFO - chord#: 160 done. best_score=27.0, changed=513, unchanged=337, early_stops=8/8
26 - INFO - chord#: 164 In build_straw_man_chord_sa. tolerance = 1, sa_iterations = 1000, initial_temperature = 3.0, cooling_rate = 0.999
26 - INFO - chord#: 136 done. best_score=27.0, changed=516, unchanged=523, early_stops=8/8
26 - INFO - chord#: 138 In build_straw_man_chord_sa. tolerance = 1, sa_iterations = 1000, initial_temperature = 3.0, cooling_rate = 0.999
26 - INFO - chord#: 150 done. best_score=36.0, changed=524, unchanged=324, early_stops=8/8
26 - INFO - chord#: 152 In build_straw_man_chord_sa. tolerance = 1, sa_iterations = 1000, initial_temperature = 3.0, cooling_rate = 0.999
26 - INFO - chord#: 164 done. best_score=27.0, changed=526, unchanged=426, early_stops=8/8
26 - INFO - chord#: 166 In build_straw_man_chord_sa. tolerance = 1, sa_iterations = 1000, initial_temperature = 3.0, cooling_rate = 0.999
26 - INFO - chord#: 166 done. best_score=74.0, changed=614, unchanged=253, early_stops=8/8
26 - INFO - chord#: 168 In build_straw_man_chord_sa. tolerance = 1, sa_iterations = 1000, initial_temperature = 3.0, cooling_rate = 0.999
26 - INFO - chord#: 138 done. best_score=148.0, changed=607, unchanged=267, early_stops=8/8
26 - INFO - chord#: 140 In build_straw_man_chord_sa. tolerance = 1, sa_iterations = 1000, initial_temperature = 3.0, cooling_rate = 0.999
26 - INFO - chord#: 146 done. best_score=71.0, changed=612, unchanged=280, early_stops=8/8
26 - INFO - chord#: 148 In build_straw_man_chord_sa. tolerance = 1, sa_iterations = 1000, initial_temperature = 3.0, cooling_rate = 0.999
26 - INFO - chord#: 140 done. best_score=27.0, changed=525, unchanged=355, early_stops=8/8
26 - INFO - chord#: 144 In build_straw_man_chord_sa. tolerance = 1, sa_iterations = 1000, initial_temperature = 3.0, cooling_rate = 0.999
26 - INFO - chord#: 164 done. best_score=27.0, changed=529, unchanged=479, early_stops=8/8
26 - INFO - chord#: 166 In build_straw_man_chord_sa. tolerance = 1, sa_iterations = 1000, initial_temperature = 3.0, cooling_rate = 0.999
26 - INFO - chord#: 138 done. best_score=167.0, changed=609, unchanged=283, early_stops=8/8
26 - INFO - chord#: 140 In build_straw_man_chord_sa. tolerance = 1, sa_iterations = 1000, initial_temperature = 3.0, cooling_rate = 0.999
26 - INFO - chord#: 138 done. best_score=96.0, changed=615, unchanged=313, early_stops=8/8
26 - INFO - chord#: 140 In build_straw_man_chord_sa. tolerance = 1, sa_iterations = 1000, initial_temperature = 3.0, cooling_rate = 0.999
26 - INFO - chord#: 136 done. best_score=27.0, changed=523, unchanged=369, early_stops=8/8
26 - INFO - chord#: 138 In build_straw_man_chord_sa. tolerance = 1, sa_iterations = 1000, initial_temperature = 3.0, cooling_rate = 0.999
26 - INFO - chord#: 148 done. best_score=67.0, changed=610, unchanged=246, early_stops=8/8
26 - INFO - chord#: 150 In build_straw_man_chord_sa. tolerance = 1, sa_iterations = 1000, initial_temperature = 3.0, cooling_rate = 0.999
26 - INFO - chord#: 152 done. best_score=27.0, changed=517, unchanged=323, early_stops=8/8
26 - INFO - chord#: 160 In build_straw_man_chord_sa. tolerance = 1, sa_iterations = 1000, initial_temperature = 3.0, cooling_rate = 0.999
26 - INFO - chord#: 168 done. best_score=27.0, changed=520, unchanged=439, early_stops=8/8
26 - INFO - chord#: 170 In build_straw_man_chord_sa. tolerance = 1, sa_iterations = 1000, initial_temperature = 3.0, cooling_rate = 0.999
26 - INFO - chord#: 144 done. best_score=35.0, changed=521, unchanged=351, early_stops=8/8
26 - INFO - chord#: 146 In build_straw_man_chord_sa. tolerance = 1, sa_iterations = 1000, initial_temperature = 3.0, cooling_rate = 0.999
26 - INFO - chord#: 140 done. best_score=27.0, changed=527, unchanged=449, early_stops=8/8
26 - INFO - chord#: 144 In build_straw_man_chord_sa. tolerance = 1, sa_iterations = 1000, initial_temperature = 3.0, cooling_rate = 0.999
26 - INFO - chord#: 140 done. best_score=27.0, changed=519, unchanged=361, early_stops=8/8
26 - INFO - chord#: 144 In build_straw_man_chord_sa. tolerance = 1, sa_iterations = 1000, initial_temperature = 3.0, cooling_rate = 0.999
26 - INFO - chord#: 140 done. best_score=27.0, changed=516, unchanged=308, early_stops=8/8
26 - INFO - chord#: 144 In build_straw_man_chord_sa. tolerance = 1, sa_iterations = 1000, initial_temperature = 3.0, cooling_rate = 0.999
26 - INFO - chord#: 150 done. best_score=36.0, changed=529, unchanged=464, early_stops=8/8
26 - INFO - chord#: 152 In build_straw_man_chord_sa. tolerance = 1, sa_iterations = 1000, initial_temperature = 3.0, cooling_rate = 0.999
26 - INFO - chord#: 170 done. best_score=36.0, changed=516, unchanged=425, early_stops=8/8
26 - INFO - chord#: 172 In build_straw_man_chord_sa. tolerance = 1, sa_iterations = 1000, initial_temperature = 3.0, cooling_rate = 0.999
26 - INFO - chord#: 160 done. best_score=27.0, changed=518, unchanged=383, early_stops=8/8
26 - INFO - chord#: 164 In build_straw_man_chord_sa. tolerance = 1, sa_iterations = 1000, initial_temperature = 3.0, cooling_rate = 0.999
26 - INFO - chord#: 138 done. best_score=74.0, changed=612, unchanged=320, early_stops=8/8
26 - INFO - chord#: 140 In build_straw_man_chord_sa. tolerance = 1, sa_iterations = 1000, initial_temperature = 3.0, cooling_rate = 0.999
26 - INFO - chord#: 144 done. best_score=35.0, changed=515, unchanged=382, early_stops=8/8
26 - INFO - chord#: 146 In build_straw_man_chord_sa. tolerance = 1, sa_iterations = 1000, initial_temperature = 3.0, cooling_rate = 0.999
26 - INFO - chord#: 166 done. best_score=74.0, changed=615, unchanged=381, early_stops=8/8
26 - INFO - chord#: 168 In build_straw_man_chord_sa. tolerance = 1, sa_iterations = 1000, initial_temperature = 3.0, cooling_rate = 0.999
26 - INFO - chord#: 166 done. best_score=74.0, changed=609, unchanged=290, early_stops=8/8
26 - INFO - chord#: 168 In build_straw_man_chord_sa. tolerance = 1, sa_iterations = 1000, initial_temperature = 3.0, cooling_rate = 0.999
26 - INFO - chord#: 152 done. best_score=27.0, changed=521, unchanged=412, early_stops=8/8
26 - INFO - chord#: 160 In build_straw_man_chord_sa. tolerance = 1, sa_iterations = 1000, initial_temperature = 3.0, cooling_rate = 0.999
26 - INFO - chord#: 144 done. best_score=35.0, changed=516, unchanged=318, early_stops=8/8
26 - INFO - chord#: 146 In build_straw_man_chord_sa. tolerance = 1, sa_iterations = 1000, initial_temperature = 3.0, cooling_rate = 0.999
26 - INFO - chord#: 144 done. best_score=35.0, changed=519, unchanged=423, early_stops=8/8
26 - INFO - chord#: 146 In build_straw_man_chord_sa. tolerance = 1, sa_iterations = 1000, initial_temperature = 3.0, cooling_rate = 0.999
26 - INFO - chord#: 148 done. best_score=137.0, changed=614, unchanged=302, early_stops=8/8
26 - INFO - chord#: 150 In build_straw_man_chord_sa. tolerance = 1, sa_iterations = 1000, initial_temperature = 3.0, cooling_rate = 0.999
26 - INFO - chord#: 172 done. best_score=27.0, changed=513, unchanged=389, early_stops=8/8
26 - INFO - chord#: 176 In build_straw_man_chord_sa. tolerance = 1, sa_iterations = 1000, initial_temperature = 3.0, cooling_rate = 0.999
26 - INFO - chord#: 164 done. best_score=27.0, changed=523, unchanged=332, early_stops=8/8
26 - INFO - chord#: 166 In build_straw_man_chord_sa. tolerance = 1, sa_iterations = 1000, initial_temperature = 3.0, cooling_rate = 0.999
26 - INFO - chord#: 146 done. best_score=71.0, changed=613, unchanged=326, early_stops=8/8
26 - INFO - chord#: 148 In build_straw_man_chord_sa. tolerance = 1, sa_iterations = 1000, initial_temperature = 3.0, cooling_rate = 0.999
26 - INFO - chord#: 138 done. best_score=148.0, changed=611, unchanged=289, early_stops=8/8
26 - INFO - chord#: 140 In build_straw_man_chord_sa. tolerance = 1, sa_iterations = 1000, initial_temperature = 3.0, cooling_rate = 0.999
26 - INFO - chord#: 168 done. best_score=27.0, changed=523, unchanged=402, early_stops=8/8
26 - INFO - chord#: 170 In build_straw_man_chord_sa. tolerance = 1, sa_iterations = 1000, initial_temperature = 3.0, cooling_rate = 0.999
26 - INFO - chord#: 168 done. best_score=27.0, changed=517, unchanged=449, early_stops=8/8
26 - INFO - chord#: 170 In build_straw_man_chord_sa. tolerance = 1, sa_iterations = 1000, initial_temperature = 3.0, cooling_rate = 0.999
26 - INFO - chord#: 160 done. best_score=27.0, changed=521, unchanged=416, early_stops=8/8
26 - INFO - chord#: 164 In build_straw_man_chord_sa. tolerance = 1, sa_iterations = 1000, initial_temperature = 3.0, cooling_rate = 0.999
26 - INFO - chord#: 140 done. best_score=27.0, changed=522, unchanged=509, early_stops=8/8
26 - INFO - chord#: 144 In build_straw_man_chord_sa. tolerance = 1, sa_iterations = 1000, initial_temperature = 3.0, cooling_rate = 0.999
26 - INFO - chord#: 150 done. best_score=36.0, changed=524, unchanged=328, early_stops=8/8
26 - INFO - chord#: 152 In build_straw_man_chord_sa. tolerance = 1, sa_iterations = 1000, initial_temperature = 3.0, cooling_rate = 0.999
26 - INFO - chord#: 146 done. best_score=71.0, changed=612, unchanged=268, early_stops=8/8
26 - INFO - chord#: 148 In build_straw_man_chord_sa. tolerance = 1, sa_iterations = 1000, initial_temperature = 3.0, cooling_rate = 0.999
26 - INFO - chord#: 170 done. best_score=36.0, changed=520, unchanged=425, early_stops=8/8
26 - INFO - chord#: 172 In build_straw_man_chord_sa. tolerance = 1, sa_iterations = 1000, initial_temperature = 3.0, cooling_rate = 0.999
26 - INFO - chord#: 170 done. best_score=36.0, changed=521, unchanged=411, early_stops=8/8
26 - INFO - chord#: 172 In build_straw_man_chord_sa. tolerance = 1, sa_iterations = 1000, initial_temperature = 3.0, cooling_rate = 0.999
26 - INFO - chord#: 140 done. best_score=27.0, changed=523, unchanged=470, early_stops=8/8
26 - INFO - chord#: 144 In build_straw_man_chord_sa. tolerance = 1, sa_iterations = 1000, initial_temperature = 3.0, cooling_rate = 0.999
26 - INFO - chord#: 152 done. best_score=27.0, changed=522, unchanged=393, early_stops=8/8
26 - INFO - chord#: 160 In build_straw_man_chord_sa. tolerance = 1, sa_iterations = 1000, initial_temperature = 3.0, cooling_rate = 0.999
26 - INFO - chord#: 164 done. best_score=27.0, changed=529, unchanged=436, early_stops=8/8
26 - INFO - chord#: 166 In build_straw_man_chord_sa. tolerance = 1, sa_iterations = 1000, initial_temperature = 3.0, cooling_rate = 0.999
26 - INFO - chord#: 144 done. best_score=35.0, changed=520, unchanged=454, early_stops=8/8
26 - INFO - chord#: 146 In build_straw_man_chord_sa. tolerance = 1, sa_iterations = 1000, initial_temperature = 3.0, cooling_rate = 0.999
26 - INFO - chord#: 146 done. best_score=71.0, changed=613, unchanged=300, early_stops=8/8
26 - INFO - chord#: 148 In build_straw_man_chord_sa. tolerance = 1, sa_iterations = 1000, initial_temperature = 3.0, cooling_rate = 0.999
26 - INFO - chord#: 146 done. best_score=71.0, changed=611, unchanged=237, early_stops=8/8
26 - INFO - chord#: 148 In build_straw_man_chord_sa. tolerance = 1, sa_iterations = 1000, initial_temperature = 3.0, cooling_rate = 0.999
26 - INFO - chord#: 148 done. best_score=67.0, changed=609, unchanged=302, early_stops=8/8
26 - INFO - chord#: 150 In build_straw_man_chord_sa. tolerance = 1, sa_iterations = 1000, initial_temperature = 3.0, cooling_rate = 0.999
26 - INFO - chord#: 172 done. best_score=27.0, changed=517, unchanged=309, early_stops=8/8
26 - INFO - chord#: 176 In build_straw_man_chord_sa. tolerance = 1, sa_iterations = 1000, initial_temperature = 3.0, cooling_rate = 0.999
26 - INFO - chord#: 166 done. best_score=168.0, changed=611, unchanged=244, early_stops=8/8
26 - INFO - chord#: 168 In build_straw_man_chord_sa. tolerance = 1, sa_iterations = 1000, initial_temperature = 3.0, cooling_rate = 0.999
26 - INFO - chord#: 172 done. best_score=27.0, changed=530, unchanged=535, early_stops=8/8
26 - INFO - chord#: 176 In build_straw_man_chord_sa. tolerance = 1, sa_iterations = 1000, initial_temperature = 3.0, cooling_rate = 0.999
26 - INFO - chord#: 160 done. best_score=27.0, changed=531, unchanged=476, early_stops=8/8
26 - INFO - chord#: 164 In build_straw_man_chord_sa. tolerance = 1, sa_iterations = 1000, initial_temperature = 3.0, cooling_rate = 0.999
26 - INFO - chord#: 176 done. best_score=64.0, changed=614, unchanged=597, early_stops=8/8
26 - INFO - chord#: 178 In build_straw_man_chord_sa. tolerance = 1, sa_iterations = 1000, initial_temperature = 3.0, cooling_rate = 0.999
26 - INFO - chord#: 144 done. best_score=35.0, changed=515, unchanged=399, early_stops=8/8
26 - INFO - chord#: 146 In build_straw_man_chord_sa. tolerance = 1, sa_iterations = 1000, initial_temperature = 3.0, cooling_rate = 0.999
26 - INFO - chord#: 150 done. best_score=36.0, changed=528, unchanged=379, early_stops=8/8
26 - INFO - chord#: 152 In build_straw_man_chord_sa. tolerance = 1, sa_iterations = 1000, initial_temperature = 3.0, cooling_rate = 0.999
26 - INFO - chord#: 148 done. best_score=137.0, changed=609, unchanged=318, early_stops=8/8
26 - INFO - chord#: 150 In build_straw_man_chord_sa. tolerance = 1, sa_iterations = 1000, initial_temperature = 3.0, cooling_rate = 0.999
26 - INFO - chord#: 164 done. best_score=27.0, changed=518, unchanged=426, early_stops=8/8
26 - INFO - chord#: 166 In build_straw_man_chord_sa. tolerance = 1, sa_iterations = 1000, initial_temperature = 3.0, cooling_rate = 0.999
26 - INFO - chord#: 178 done. best_score=37.0, changed=524, unchanged=408, early_stops=8/8
26 - INFO - chord#: 180 In build_straw_man_chord_sa. tolerance = 1, sa_iterations = 1000, initial_temperature = 3.0, cooling_rate = 0.999
26 - INFO - chord#: 168 done. best_score=27.0, changed=523, unchanged=431, early_stops=8/8
26 - INFO - chord#: 170 In build_straw_man_chord_sa. tolerance = 1, sa_iterations = 1000, initial_temperature = 3.0, cooling_rate = 0.999
26 - INFO - chord#: 150 done. best_score=36.0, changed=521, unchanged=360, early_stops=8/8
26 - INFO - chord#: 152 In build_straw_man_chord_sa. tolerance = 1, sa_iterations = 1000, initial_temperature = 3.0, cooling_rate = 0.999
26 - INFO - chord#: 152 done. best_score=27.0, changed=526, unchanged=557, early_stops=8/8
26 - INFO - chord#: 160 In build_straw_man_chord_sa. tolerance = 1, sa_iterations = 1000, initial_temperature = 3.0, cooling_rate = 0.999
26 - INFO - chord#: 146 done. best_score=71.0, changed=616, unchanged=288, early_stops=8/8
26 - INFO - chord#: 148 In build_straw_man_chord_sa. tolerance = 1, sa_iterations = 1000, initial_temperature = 3.0, cooling_rate = 0.999
26 - INFO - chord#: 166 done. best_score=74.0, changed=608, unchanged=275, early_stops=8/8
26 - INFO - chord#: 168 In build_straw_man_chord_sa. tolerance = 1, sa_iterations = 1000, initial_temperature = 3.0, cooling_rate = 0.999
26 - INFO - chord#: 176 done. best_score=174.0, changed=612, unchanged=238, early_stops=8/8
26 - INFO - chord#: 178 In build_straw_man_chord_sa. tolerance = 1, sa_iterations = 1000, initial_temperature = 3.0, cooling_rate = 0.999
26 - INFO - chord#: 180 done. best_score=27.0, changed=518, unchanged=335, early_stops=8/8
26 - INFO - chord#: 182 In build_straw_man_chord_sa. tolerance = 1, sa_iterations = 1000, initial_temperature = 3.0, cooling_rate = 0.999
26 - INFO - chord#: 176 done. best_score=104.0, changed=611, unchanged=394, early_stops=8/8
26 - INFO - chord#: 178 In build_straw_man_chord_sa. tolerance = 1, sa_iterations = 1000, initial_temperature = 3.0, cooling_rate = 0.999
26 - INFO - chord#: 148 done. best_score=137.0, changed=610, unchanged=292, early_stops=8/8
26 - INFO - chord#: 150 In build_straw_man_chord_sa. tolerance = 1, sa_iterations = 1000, initial_temperature = 3.0, cooling_rate = 0.999
26 - INFO - chord#: 148 done. best_score=67.0, changed=609, unchanged=387, early_stops=8/8
26 - INFO - chord#: 150 In build_straw_man_chord_sa. tolerance = 1, sa_iterations = 1000, initial_temperature = 3.0, cooling_rate = 0.999
26 - INFO - chord#: 146 done. best_score=71.0, changed=613, unchanged=251, early_stops=8/8
26 - INFO - chord#: 148 In build_straw_man_chord_sa. tolerance = 1, sa_iterations = 1000, initial_temperature = 3.0, cooling_rate = 0.999
26 - INFO - chord#: 152 done. best_score=27.0, changed=522, unchanged=491, early_stops=8/8
26 - INFO - chord#: 160 In build_straw_man_chord_sa. tolerance = 1, sa_iterations = 1000, initial_temperature = 3.0, cooling_rate = 0.999
26 - INFO - chord#: 170 done. best_score=36.0, changed=521, unchanged=485, early_stops=8/8
26 - INFO - chord#: 172 In build_straw_man_chord_sa. tolerance = 1, sa_iterations = 1000, initial_temperature = 3.0, cooling_rate = 0.999
26 - INFO - chord#: 178 done. best_score=67.0, changed=537, unchanged=401, early_stops=8/8
26 - INFO - chord#: 180 In build_straw_man_chord_sa. tolerance = 1, sa_iterations = 1000, initial_temperature = 3.0, cooling_rate = 0.999
26 - INFO - chord#: 160 done. best_score=27.0, changed=525, unchanged=471, early_stops=8/8
26 - INFO - chord#: 164 In build_straw_man_chord_sa. tolerance = 1, sa_iterations = 1000, initial_temperature = 3.0, cooling_rate = 0.999
26 - INFO - chord#: 178 done. best_score=37.0, changed=527, unchanged=361, early_stops=8/8
26 - INFO - chord#: 180 In build_straw_man_chord_sa. tolerance = 1, sa_iterations = 1000, initial_temperature = 3.0, cooling_rate = 0.999
26 - INFO - chord#: 182 done. best_score=47.0, changed=527, unchanged=380, early_stops=8/8
26 - INFO - chord#: 183 In build_straw_man_chord_sa. tolerance = 1, sa_iterations = 1000, initial_temperature = 3.0, cooling_rate = 0.999
26 - INFO - chord#: 166 done. best_score=96.0, changed=612, unchanged=252, early_stops=8/8
26 - INFO - chord#: 168 In build_straw_man_chord_sa. tolerance = 1, sa_iterations = 1000, initial_temperature = 3.0, cooling_rate = 0.999
26 - INFO - chord#: 168 done. best_score=27.0, changed=524, unchanged=506, early_stops=8/8
26 - INFO - chord#: 170 In build_straw_man_chord_sa. tolerance = 1, sa_iterations = 1000, initial_temperature = 3.0, cooling_rate = 0.999
26 - INFO - chord#: 150 done. best_score=36.0, changed=531, unchanged=380, early_stops=8/8
26 - INFO - chord#: 152 In build_straw_man_chord_sa. tolerance = 1, sa_iterations = 1000, initial_temperature = 3.0, cooling_rate = 0.999
26 - INFO - chord#: 150 done. best_score=36.0, changed=523, unchanged=333, early_stops=8/8
26 - INFO - chord#: 152 In build_straw_man_chord_sa. tolerance = 1, sa_iterations = 1000, initial_temperature = 3.0, cooling_rate = 0.999
26 - INFO - chord#: 164 done. best_score=27.0, changed=520, unchanged=416, early_stops=8/8
26 - INFO - chord#: 166 In build_straw_man_chord_sa. tolerance = 1, sa_iterations = 1000, initial_temperature = 3.0, cooling_rate = 0.999
26 - INFO - chord#: 160 done. best_score=27.0, changed=524, unchanged=589, early_stops=8/8
26 - INFO - chord#: 164 In build_straw_man_chord_sa. tolerance = 1, sa_iterations = 1000, initial_temperature = 3.0, cooling_rate = 0.999
26 - INFO - chord#: 180 done. best_score=27.0, changed=517, unchanged=385, early_stops=8/8
26 - INFO - chord#: 182 In build_straw_man_chord_sa. tolerance = 1, sa_iterations = 1000, initial_temperature = 3.0, cooling_rate = 0.999
26 - INFO - chord#: 180 done. best_score=27.0, changed=526, unchanged=597, early_stops=8/8
26 - INFO - chord#: 182 In build_straw_man_chord_sa. tolerance = 1, sa_iterations = 1000, initial_temperature = 3.0, cooling_rate = 0.999
26 - INFO - chord#: 172 done. best_score=27.0, changed=520, unchanged=442, early_stops=8/8
26 - INFO - chord#: 176 In build_straw_man_chord_sa. tolerance = 1, sa_iterations = 1000, initial_temperature = 3.0, cooling_rate = 0.999
26 - INFO - chord#: 168 done. best_score=27.0, changed=523, unchanged=451, early_stops=8/8
26 - INFO - chord#: 170 In build_straw_man_chord_sa. tolerance = 1, sa_iterations = 1000, initial_temperature = 3.0, cooling_rate = 0.999
26 - INFO - chord#: 148 done. best_score=67.0, changed=613, unchanged=262, early_stops=8/8
26 - INFO - chord#: 150 In build_straw_man_chord_sa. tolerance = 1, sa_iterations = 1000, initial_temperature = 3.0, cooling_rate = 0.999
26 - INFO - chord#: 152 done. best_score=27.0, changed=522, unchanged=355, early_stops=8/8
26 - INFO - chord#: 160 In build_straw_man_chord_sa. tolerance = 1, sa_iterations = 1000, initial_temperature = 3.0, cooling_rate = 0.999
26 - INFO - chord#: 170 done. best_score=36.0, changed=516, unchanged=400, early_stops=8/8
26 - INFO - chord#: 172 In build_straw_man_chord_sa. tolerance = 1, sa_iterations = 1000, initial_temperature = 3.0, cooling_rate = 0.999
26 - INFO - chord#: 164 done. best_score=27.0, changed=530, unchanged=372, early_stops=8/8
26 - INFO - chord#: 166 In build_straw_man_chord_sa. tolerance = 1, sa_iterations = 1000, initial_temperature = 3.0, cooling_rate = 0.999
26 - INFO - chord#: 182 done. best_score=47.0, changed=517, unchanged=363, early_stops=8/8
26 - INFO - chord#: 183 In build_straw_man_chord_sa. tolerance = 1, sa_iterations = 1000, initial_temperature = 3.0, cooling_rate = 0.999
26 - INFO - chord#: 182 done. best_score=47.0, changed=527, unchanged=333, early_stops=8/8
26 - INFO - chord#: 183 In build_straw_man_chord_sa. tolerance = 1, sa_iterations = 1000, initial_temperature = 3.0, cooling_rate = 0.999
26 - INFO - chord#: 152 done. best_score=27.0, changed=516, unchanged=513, early_stops=8/8
26 - INFO - chord#: 160 In build_straw_man_chord_sa. tolerance = 1, sa_iterations = 1000, initial_temperature = 3.0, cooling_rate = 0.999
26 - INFO - chord#: 148 done. best_score=67.0, changed=612, unchanged=297, early_stops=8/8
26 - INFO - chord#: 150 In build_straw_man_chord_sa. tolerance = 1, sa_iterations = 1000, initial_temperature = 3.0, cooling_rate = 0.999
26 - INFO - chord#: 170 done. best_score=36.0, changed=522, unchanged=391, early_stops=8/8
26 - INFO - chord#: 172 In build_straw_man_chord_sa. tolerance = 1, sa_iterations = 1000, initial_temperature = 3.0, cooling_rate = 0.999
26 - INFO - chord#: 183 done. best_score=93.0, changed=613, unchanged=338, early_stops=8/8
26 - INFO - chord#: 184 In build_straw_man_chord_sa. tolerance = 1, sa_iterations = 1000, initial_temperature = 3.0, cooling_rate = 0.999
26 - INFO - chord#: 172 done. best_score=27.0, changed=513, unchanged=390, early_stops=8/8
26 - INFO - chord#: 176 In build_straw_man_chord_sa. tolerance = 1, sa_iterations = 1000, initial_temperature = 3.0, cooling_rate = 0.999
26 - INFO - chord#: 150 done. best_score=36.0, changed=522, unchanged=382, early_stops=8/8
26 - INFO - chord#: 152 In build_straw_man_chord_sa. tolerance = 1, sa_iterations = 1000, initial_temperature = 3.0, cooling_rate = 0.999
26 - INFO - chord#: 184 done. best_score=9.0, changed=462, unchanged=390, early_stops=8/8
26 - INFO - chord#: 160 done. best_score=27.0, changed=535, unchanged=662, early_stops=8/8
26 - INFO - chord#: 164 In build_straw_man_chord_sa. tolerance = 1, sa_iterations = 1000, initial_temperature = 3.0, cooling_rate = 0.999
26 - INFO - chord#: 150 done. best_score=36.0, changed=522, unchanged=359, early_stops=8/8
26 - INFO - chord#: 152 In build_straw_man_chord_sa. tolerance = 1, sa_iterations = 1000, initial_temperature = 3.0, cooling_rate = 0.999
26 - INFO - chord#: 172 done. best_score=27.0, changed=524, unchanged=521, early_stops=8/8
26 - INFO - chord#: 176 In build_straw_man_chord_sa. tolerance = 1, sa_iterations = 1000, initial_temperature = 3.0, cooling_rate = 0.999
26 - INFO - chord#: 160 done. best_score=27.0, changed=521, unchanged=489, early_stops=8/8
26 - INFO - chord#: 164 In build_straw_man_chord_sa. tolerance = 1, sa_iterations = 1000, initial_temperature = 3.0, cooling_rate = 0.999
26 - INFO - chord#: 166 done. best_score=74.0, changed=613, unchanged=353, early_stops=8/8
26 - INFO - chord#: 168 In build_straw_man_chord_sa. tolerance = 1, sa_iterations = 1000, initial_temperature = 3.0, cooling_rate = 0.999
26 - INFO - chord#: 176 done. best_score=157.0, changed=609, unchanged=315, early_stops=8/8
26 - INFO - chord#: 178 In build_straw_man_chord_sa. tolerance = 1, sa_iterations = 1000, initial_temperature = 3.0, cooling_rate = 0.999
26 - INFO - chord#: 164 done. best_score=27.0, changed=524, unchanged=477, early_stops=8/8
26 - INFO - chord#: 166 In build_straw_man_chord_sa. tolerance = 1, sa_iterations = 1000, initial_temperature = 3.0, cooling_rate = 0.999
26 - INFO - chord#: 183 done. best_score=111.0, changed=615, unchanged=276, early_stops=8/8
26 - INFO - chord#: 184 In build_straw_man_chord_sa. tolerance = 1, sa_iterations = 1000, initial_temperature = 3.0, cooling_rate = 0.999
26 - INFO - chord#: 152 done. best_score=27.0, changed=530, unchanged=595, early_stops=8/8
26 - INFO - chord#: 160 In build_straw_man_chord_sa. tolerance = 1, sa_iterations = 1000, initial_temperature = 3.0, cooling_rate = 0.999
26 - INFO - chord#: 184 done. best_score=9.0, changed=463, unchanged=369, early_stops=8/8
26 - INFO - chord#: 166 done. best_score=74.0, changed=612, unchanged=359, early_stops=8/8
26 - INFO - chord#: 168 In build_straw_man_chord_sa. tolerance = 1, sa_iterations = 1000, initial_temperature = 3.0, cooling_rate = 0.999
26 - INFO - chord#: 183 done. best_score=105.0, changed=613, unchanged=305, early_stops=8/8
26 - INFO - chord#: 184 In build_straw_man_chord_sa. tolerance = 1, sa_iterations = 1000, initial_temperature = 3.0, cooling_rate = 0.999
26 - INFO - chord#: 164 done. best_score=27.0, changed=518, unchanged=410, early_stops=8/8
26 - INFO - chord#: 166 In build_straw_man_chord_sa. tolerance = 1, sa_iterations = 1000, initial_temperature = 3.0, cooling_rate = 0.999
26 - INFO - chord#: 178 done. best_score=37.0, changed=518, unchanged=423, early_stops=8/8
26 - INFO - chord#: 180 In build_straw_man_chord_sa. tolerance = 1, sa_iterations = 1000, initial_temperature = 3.0, cooling_rate = 0.999
26 - INFO - chord#: 152 done. best_score=27.0, changed=517, unchanged=402, early_stops=8/8
26 - INFO - chord#: 160 In build_straw_man_chord_sa. tolerance = 1, sa_iterations = 1000, initial_temperature = 3.0, cooling_rate = 0.999
26 - INFO - chord#: 184 done. best_score=9.0, changed=466, unchanged=363, early_stops=8/8
26 - INFO - chord#: 168 done. best_score=27.0, changed=524, unchanged=406, early_stops=8/8
26 - INFO - chord#: 170 In build_straw_man_chord_sa. tolerance = 1, sa_iterations = 1000, initial_temperature = 3.0, cooling_rate = 0.999
26 - INFO - chord#: 176 done. best_score=64.0, changed=610, unchanged=275, early_stops=8/8
26 - INFO - chord#: 178 In build_straw_man_chord_sa. tolerance = 1, sa_iterations = 1000, initial_temperature = 3.0, cooling_rate = 0.999
26 - INFO - chord#: 168 done. best_score=27.0, changed=525, unchanged=435, early_stops=8/8
26 - INFO - chord#: 170 In build_straw_man_chord_sa. tolerance = 1, sa_iterations = 1000, initial_temperature = 3.0, cooling_rate = 0.999
26 - INFO - chord#: 160 done. best_score=27.0, changed=522, unchanged=440, early_stops=8/8
26 - INFO - chord#: 164 In build_straw_man_chord_sa. tolerance = 1, sa_iterations = 1000, initial_temperature = 3.0, cooling_rate = 0.999
26 - INFO - chord#: 180 done. best_score=27.0, changed=522, unchanged=449, early_stops=8/8
26 - INFO - chord#: 182 In build_straw_man_chord_sa. tolerance = 1, sa_iterations = 1000, initial_temperature = 3.0, cooling_rate = 0.999
26 - INFO - chord#: 176 done. best_score=172.0, changed=609, unchanged=347, early_stops=8/8
26 - INFO - chord#: 178 In build_straw_man_chord_sa. tolerance = 1, sa_iterations = 1000, initial_temperature = 3.0, cooling_rate = 0.999
26 - INFO - chord#: 160 done. best_score=27.0, changed=528, unchanged=467, early_stops=8/8
26 - INFO - chord#: 164 In build_straw_man_chord_sa. tolerance = 1, sa_iterations = 1000, initial_temperature = 3.0, cooling_rate = 0.999
26 - INFO - chord#: 178 done. best_score=35.0, changed=525, unchanged=378, early_stops=8/8
26 - INFO - chord#: 180 In build_straw_man_chord_sa. tolerance = 1, sa_iterations = 1000, initial_temperature = 3.0, cooling_rate = 0.999
26 - INFO - chord#: 170 done. best_score=36.0, changed=519, unchanged=303, early_stops=8/8
26 - INFO - chord#: 172 In build_straw_man_chord_sa. tolerance = 1, sa_iterations = 1000, initial_temperature = 3.0, cooling_rate = 0.999
26 - INFO - chord#: 166 done. best_score=74.0, changed=619, unchanged=352, early_stops=8/8
26 - INFO - chord#: 168 In build_straw_man_chord_sa. tolerance = 1, sa_iterations = 1000, initial_temperature = 3.0, cooling_rate = 0.999
26 - INFO - chord#: 170 done. best_score=36.0, changed=527, unchanged=521, early_stops=8/8
26 - INFO - chord#: 172 In build_straw_man_chord_sa. tolerance = 1, sa_iterations = 1000, initial_temperature = 3.0, cooling_rate = 0.999
26 - INFO - chord#: 178 done. best_score=37.0, changed=525, unchanged=346, early_stops=8/8
26 - INFO - chord#: 180 In build_straw_man_chord_sa. tolerance = 1, sa_iterations = 1000, initial_temperature = 3.0, cooling_rate = 0.999
26 - INFO - chord#: 182 done. best_score=47.0, changed=518, unchanged=364, early_stops=8/8
26 - INFO - chord#: 183 In build_straw_man_chord_sa. tolerance = 1, sa_iterations = 1000, initial_temperature = 3.0, cooling_rate = 0.999
26 - INFO - chord#: 164 done. best_score=27.0, changed=527, unchanged=375, early_stops=8/8
26 - INFO - chord#: 166 In build_straw_man_chord_sa. tolerance = 1, sa_iterations = 1000, initial_temperature = 3.0, cooling_rate = 0.999
26 - INFO - chord#: 166 done. best_score=121.0, changed=612, unchanged=259, early_stops=8/8
26 - INFO - chord#: 168 In build_straw_man_chord_sa. tolerance = 1, sa_iterations = 1000, initial_temperature = 3.0, cooling_rate = 0.999
26 - INFO - chord#: 164 done. best_score=27.0, changed=524, unchanged=381, early_stops=8/8
26 - INFO - chord#: 166 In build_straw_man_chord_sa. tolerance = 1, sa_iterations = 1000, initial_temperature = 3.0, cooling_rate = 0.999
26 - INFO - chord#: 180 done. best_score=27.0, changed=532, unchanged=576, early_stops=8/8
26 - INFO - chord#: 182 In build_straw_man_chord_sa. tolerance = 1, sa_iterations = 1000, initial_temperature = 3.0, cooling_rate = 0.999
26 - INFO - chord#: 172 done. best_score=27.0, changed=523, unchanged=340, early_stops=8/8
26 - INFO - chord#: 176 In build_straw_man_chord_sa. tolerance = 1, sa_iterations = 1000, initial_temperature = 3.0, cooling_rate = 0.999
26 - INFO - chord#: 168 done. best_score=27.0, changed=515, unchanged=428, early_stops=8/8
26 - INFO - chord#: 170 In build_straw_man_chord_sa. tolerance = 1, sa_iterations = 1000, initial_temperature = 3.0, cooling_rate = 0.999
26 - INFO - chord#: 180 done. best_score=27.0, changed=521, unchanged=393, early_stops=8/8
26 - INFO - chord#: 182 In build_straw_man_chord_sa. tolerance = 1, sa_iterations = 1000, initial_temperature = 3.0, cooling_rate = 0.999
26 - INFO - chord#: 172 done. best_score=27.0, changed=526, unchanged=440, early_stops=8/8
26 - INFO - chord#: 176 In build_straw_man_chord_sa. tolerance = 1, sa_iterations = 1000, initial_temperature = 3.0, cooling_rate = 0.999
26 - INFO - chord#: 168 done. best_score=27.0, changed=525, unchanged=415, early_stops=8/8
26 - INFO - chord#: 170 In build_straw_man_chord_sa. tolerance = 1, sa_iterations = 1000, initial_temperature = 3.0, cooling_rate = 0.999
26 - INFO - chord#: 182 done. best_score=47.0, changed=523, unchanged=439, early_stops=8/8
26 - INFO - chord#: 183 In build_straw_man_chord_sa. tolerance = 1, sa_iterations = 1000, initial_temperature = 3.0, cooling_rate = 0.999
26 - INFO - chord#: 182 done. best_score=47.0, changed=542, unchanged=383, early_stops=8/8
26 - INFO - chord#: 183 In build_straw_man_chord_sa. tolerance = 1, sa_iterations = 1000, initial_temperature = 3.0, cooling_rate = 0.999
26 - INFO - chord#: 170 done. best_score=36.0, changed=532, unchanged=545, early_stops=8/8
26 - INFO - chord#: 172 In build_straw_man_chord_sa. tolerance = 1, sa_iterations = 1000, initial_temperature = 3.0, cooling_rate = 0.999
26 - INFO - chord#: 170 done. best_score=36.0, changed=536, unchanged=482, early_stops=8/8
26 - INFO - chord#: 172 In build_straw_man_chord_sa. tolerance = 1, sa_iterations = 1000, initial_temperature = 3.0, cooling_rate = 0.999
26 - INFO - chord#: 183 done. best_score=111.0, changed=616, unchanged=436, early_stops=8/8
26 - INFO - chord#: 184 In build_straw_man_chord_sa. tolerance = 1, sa_iterations = 1000, initial_temperature = 3.0, cooling_rate = 0.999
26 - INFO - chord#: 176 done. best_score=64.0, changed=612, unchanged=341, early_stops=8/8
26 - INFO - chord#: 178 In build_straw_man_chord_sa. tolerance = 1, sa_iterations = 1000, initial_temperature = 3.0, cooling_rate = 0.999
26 - INFO - chord#: 166 done. best_score=96.0, changed=609, unchanged=269, early_stops=8/8
26 - INFO - chord#: 168 In build_straw_man_chord_sa. tolerance = 1, sa_iterations = 1000, initial_temperature = 3.0, cooling_rate = 0.999
26 - INFO - chord#: 184 done. best_score=9.0, changed=456, unchanged=371, early_stops=8/8
26 - INFO - chord#: 172 done. best_score=27.0, changed=518, unchanged=506, early_stops=8/8
26 - INFO - chord#: 176 In build_straw_man_chord_sa. tolerance = 1, sa_iterations = 1000, initial_temperature = 3.0, cooling_rate = 0.999
26 - INFO - chord#: 166 done. best_score=121.0, changed=610, unchanged=293, early_stops=8/8
26 - INFO - chord#: 168 In build_straw_man_chord_sa. tolerance = 1, sa_iterations = 1000, initial_temperature = 3.0, cooling_rate = 0.999
26 - INFO - chord#: 172 done. best_score=27.0, changed=514, unchanged=322, early_stops=8/8
26 - INFO - chord#: 176 In build_straw_man_chord_sa. tolerance = 1, sa_iterations = 1000, initial_temperature = 3.0, cooling_rate = 0.999
26 - INFO - chord#: 176 done. best_score=157.0, changed=607, unchanged=246, early_stops=8/8
26 - INFO - chord#: 178 In build_straw_man_chord_sa. tolerance = 1, sa_iterations = 1000, initial_temperature = 3.0, cooling_rate = 0.999
26 - INFO - chord#: 178 done. best_score=37.0, changed=525, unchanged=345, early_stops=8/8
26 - INFO - chord#: 180 In build_straw_man_chord_sa. tolerance = 1, sa_iterations = 1000, initial_temperature = 3.0, cooling_rate = 0.999
26 - INFO - chord#: 183 done. best_score=113.0, changed=607, unchanged=316, early_stops=8/8
26 - INFO - chord#: 184 In build_straw_man_chord_sa. tolerance = 1, sa_iterations = 1000, initial_temperature = 3.0, cooling_rate = 0.999
26 - INFO - chord#: 168 done. best_score=27.0, changed=517, unchanged=371, early_stops=8/8
26 - INFO - chord#: 170 In build_straw_man_chord_sa. tolerance = 1, sa_iterations = 1000, initial_temperature = 3.0, cooling_rate = 0.999
26 - INFO - chord#: 183 done. best_score=105.0, changed=608, unchanged=251, early_stops=8/8
26 - INFO - chord#: 184 In build_straw_man_chord_sa. tolerance = 1, sa_iterations = 1000, initial_temperature = 3.0, cooling_rate = 0.999
26 - INFO - chord#: 184 done. best_score=9.0, changed=459, unchanged=371, early_stops=8/8
26 - INFO - chord#: 184 done. best_score=9.0, changed=470, unchanged=392, early_stops=8/8
26 - INFO - chord#: 178 done. best_score=35.0, changed=524, unchanged=336, early_stops=8/8
26 - INFO - chord#: 180 In build_straw_man_chord_sa. tolerance = 1, sa_iterations = 1000, initial_temperature = 3.0, cooling_rate = 0.999
26 - INFO - chord#: 168 done. best_score=27.0, changed=518, unchanged=381, early_stops=8/8
26 - INFO - chord#: 170 In build_straw_man_chord_sa. tolerance = 1, sa_iterations = 1000, initial_temperature = 3.0, cooling_rate = 0.999
26 - INFO - chord#: 180 done. best_score=27.0, changed=516, unchanged=473, early_stops=8/8
26 - INFO - chord#: 182 In build_straw_man_chord_sa. tolerance = 1, sa_iterations = 1000, initial_temperature = 3.0, cooling_rate = 0.999
26 - INFO - chord#: 170 done. best_score=36.0, changed=522, unchanged=451, early_stops=8/8
26 - INFO - chord#: 172 In build_straw_man_chord_sa. tolerance = 1, sa_iterations = 1000, initial_temperature = 3.0, cooling_rate = 0.999
26 - INFO - chord#: 176 done. best_score=64.0, changed=614, unchanged=267, early_stops=8/8
26 - INFO - chord#: 178 In build_straw_man_chord_sa. tolerance = 1, sa_iterations = 1000, initial_temperature = 3.0, cooling_rate = 0.999
26 - INFO - chord#: 176 done. best_score=157.0, changed=609, unchanged=252, early_stops=8/8
26 - INFO - chord#: 178 In build_straw_man_chord_sa. tolerance = 1, sa_iterations = 1000, initial_temperature = 3.0, cooling_rate = 0.999
26 - INFO - chord#: 180 done. best_score=27.0, changed=518, unchanged=405, early_stops=8/8
26 - INFO - chord#: 182 In build_straw_man_chord_sa. tolerance = 1, sa_iterations = 1000, initial_temperature = 3.0, cooling_rate = 0.999
26 - INFO - chord#: 170 done. best_score=36.0, changed=532, unchanged=405, early_stops=8/8
26 - INFO - chord#: 172 In build_straw_man_chord_sa. tolerance = 1, sa_iterations = 1000, initial_temperature = 3.0, cooling_rate = 0.999
26 - INFO - chord#: 182 done. best_score=47.0, changed=524, unchanged=377, early_stops=8/8
26 - INFO - chord#: 183 In build_straw_man_chord_sa. tolerance = 1, sa_iterations = 1000, initial_temperature = 3.0, cooling_rate = 0.999
26 - INFO - chord#: 172 done. best_score=27.0, changed=516, unchanged=338, early_stops=8/8
26 - INFO - chord#: 176 In build_straw_man_chord_sa. tolerance = 1, sa_iterations = 1000, initial_temperature = 3.0, cooling_rate = 0.999
26 - INFO - chord#: 178 done. best_score=35.0, changed=524, unchanged=377, early_stops=8/8
26 - INFO - chord#: 180 In build_straw_man_chord_sa. tolerance = 1, sa_iterations = 1000, initial_temperature = 3.0, cooling_rate = 0.999
26 - INFO - chord#: 178 done. best_score=35.0, changed=527, unchanged=425, early_stops=8/8
26 - INFO - chord#: 180 In build_straw_man_chord_sa. tolerance = 1, sa_iterations = 1000, initial_temperature = 3.0, cooling_rate = 0.999
26 - INFO - chord#: 172 done. best_score=27.0, changed=513, unchanged=373, early_stops=8/8
26 - INFO - chord#: 176 In build_straw_man_chord_sa. tolerance = 1, sa_iterations = 1000, initial_temperature = 3.0, cooling_rate = 0.999
26 - INFO - chord#: 182 done. best_score=47.0, changed=521, unchanged=510, early_stops=8/8
26 - INFO - chord#: 183 In build_straw_man_chord_sa. tolerance = 1, sa_iterations = 1000, initial_temperature = 3.0, cooling_rate = 0.999
26 - INFO - chord#: 180 done. best_score=27.0, changed=519, unchanged=382, early_stops=8/8
26 - INFO - chord#: 182 In build_straw_man_chord_sa. tolerance = 1, sa_iterations = 1000, initial_temperature = 3.0, cooling_rate = 0.999
26 - INFO - chord#: 180 done. best_score=27.0, changed=522, unchanged=426, early_stops=8/8
26 - INFO - chord#: 182 In build_straw_man_chord_sa. tolerance = 1, sa_iterations = 1000, initial_temperature = 3.0, cooling_rate = 0.999
26 - INFO - chord#: 176 done. best_score=145.0, changed=612, unchanged=294, early_stops=8/8
26 - INFO - chord#: 178 In build_straw_man_chord_sa. tolerance = 1, sa_iterations = 1000, initial_temperature = 3.0, cooling_rate = 0.999
26 - INFO - chord#: 182 done. best_score=47.0, changed=527, unchanged=425, early_stops=8/8
26 - INFO - chord#: 183 In build_straw_man_chord_sa. tolerance = 1, sa_iterations = 1000, initial_temperature = 3.0, cooling_rate = 0.999
26 - INFO - chord#: 183 done. best_score=93.0, changed=610, unchanged=359, early_stops=8/8
26 - INFO - chord#: 184 In build_straw_man_chord_sa. tolerance = 1, sa_iterations = 1000, initial_temperature = 3.0, cooling_rate = 0.999
26 - INFO - chord#: 182 done. best_score=47.0, changed=522, unchanged=440, early_stops=8/8
26 - INFO - chord#: 183 In build_straw_man_chord_sa. tolerance = 1, sa_iterations = 1000, initial_temperature = 3.0, cooling_rate = 0.999
26 - INFO - chord#: 184 done. best_score=9.0, changed=465, unchanged=376, early_stops=8/8
26 - INFO - chord#: 176 done. best_score=157.0, changed=610, unchanged=351, early_stops=8/8
26 - INFO - chord#: 178 In build_straw_man_chord_sa. tolerance = 1, sa_iterations = 1000, initial_temperature = 3.0, cooling_rate = 0.999
26 - INFO - chord#: 178 done. best_score=37.0, changed=535, unchanged=408, early_stops=8/8
26 - INFO - chord#: 180 In build_straw_man_chord_sa. tolerance = 1, sa_iterations = 1000, initial_temperature = 3.0, cooling_rate = 0.999
26 - INFO - chord#: 183 done. best_score=111.0, changed=613, unchanged=389, early_stops=8/8
26 - INFO - chord#: 184 In build_straw_man_chord_sa. tolerance = 1, sa_iterations = 1000, initial_temperature = 3.0, cooling_rate = 0.999
26 - INFO - chord#: 184 done. best_score=9.0, changed=462, unchanged=364, early_stops=8/8
26 - INFO - chord#: 178 done. best_score=37.0, changed=521, unchanged=328, early_stops=8/8
26 - INFO - chord#: 180 In build_straw_man_chord_sa. tolerance = 1, sa_iterations = 1000, initial_temperature = 3.0, cooling_rate = 0.999
26 - INFO - chord#: 180 done. best_score=27.0, changed=514, unchanged=364, early_stops=8/8
26 - INFO - chord#: 182 In build_straw_man_chord_sa. tolerance = 1, sa_iterations = 1000, initial_temperature = 3.0, cooling_rate = 0.999
26 - INFO - chord#: 183 done. best_score=115.0, changed=613, unchanged=234, early_stops=8/8
26 - INFO - chord#: 184 In build_straw_man_chord_sa. tolerance = 1, sa_iterations = 1000, initial_temperature = 3.0, cooling_rate = 0.999
26 - INFO - chord#: 180 done. best_score=27.0, changed=526, unchanged=377, early_stops=8/8
26 - INFO - chord#: 182 In build_straw_man_chord_sa. tolerance = 1, sa_iterations = 1000, initial_temperature = 3.0, cooling_rate = 0.999
26 - INFO - chord#: 184 done. best_score=9.0, changed=476, unchanged=396, early_stops=8/8
26 - INFO - chord#: 182 done. best_score=47.0, changed=513, unchanged=382, early_stops=8/8
26 - INFO - chord#: 183 In build_straw_man_chord_sa. tolerance = 1, sa_iterations = 1000, initial_temperature = 3.0, cooling_rate = 0.999
26 - INFO - chord#: 183 done. best_score=111.0, changed=613, unchanged=347, early_stops=8/8
26 - INFO - chord#: 184 In build_straw_man_chord_sa. tolerance = 1, sa_iterations = 1000, initial_temperature = 3.0, cooling_rate = 0.999
26 - INFO - chord#: 184 done. best_score=9.0, changed=456, unchanged=355, early_stops=8/8
26 - INFO - chord#: 182 done. best_score=47.0, changed=522, unchanged=372, early_stops=8/8
26 - INFO - chord#: 183 In build_straw_man_chord_sa. tolerance = 1, sa_iterations = 1000, initial_temperature = 3.0, cooling_rate = 0.999
26 - INFO - chord#: 183 done. best_score=93.0, changed=613, unchanged=397, early_stops=8/8
26 - INFO - chord#: 184 In build_straw_man_chord_sa. tolerance = 1, sa_iterations = 1000, initial_temperature = 3.0, cooling_rate = 0.999
26 - INFO - chord#: 184 done. best_score=9.0, changed=488, unchanged=375, early_stops=8/8
26 - INFO - chord#: 183 done. best_score=121.0, changed=609, unchanged=305, early_stops=8/8
26 - INFO - chord#: 184 In build_straw_man_chord_sa. tolerance = 1, sa_iterations = 1000, initial_temperature = 3.0, cooling_rate = 0.999
26 - INFO - chord#: 184 done. best_score=9.0, changed=464, unchanged=368, early_stops=8/8
26 - INFO - chord#: 0 In build_straw_man_chord_sa. tolerance = 1, sa_iterations = 1000, initial_temperature = 3.0, cooling_rate = 0.999
26 - INFO - chord#: 0 In build_straw_man_chord_sa. tolerance = 1, sa_iterations = 1000, initial_temperature = 3.0, cooling_rate = 0.999
26 - INFO - chord#: 0 In build_straw_man_chord_sa. tolerance = 1, sa_iterations = 1000, initial_temperature = 3.0, cooling_rate = 0.999
26 - INFO - chord#: 0 In build_straw_man_chord_sa. tolerance = 1, sa_iterations = 1000, initial_temperature = 3.0, cooling_rate = 0.999
26 - INFO - chord#: 0 In build_straw_man_chord_sa. tolerance = 1, sa_iterations = 1000, initial_temperature = 3.0, cooling_rate = 0.999
26 - INFO - chord#: 0 In build_straw_man_chord_sa. tolerance = 1, sa_iterations = 1000, initial_temperature = 3.0, cooling_rate = 0.999
26 - INFO - chord#: 0 In build_straw_man_chord_sa. tolerance = 1, sa_iterations = 1000, initial_temperature = 3.0, cooling_rate = 0.999
26 - INFO - chord#: 0 In build_straw_man_chord_sa. tolerance = 1, sa_iterations = 1000, initial_temperature = 3.0, cooling_rate = 0.999
26 - INFO - chord#: 0 In build_straw_man_chord_sa. tolerance = 1, sa_iterations = 1000, initial_temperature = 3.0, cooling_rate = 0.999
26 - INFO - chord#: 0 In build_straw_man_chord_sa. tolerance = 1, sa_iterations = 1000, initial_temperature = 3.0, cooling_rate = 0.999
26 - INFO - chord#: 0 In build_straw_man_chord_sa. tolerance = 1, sa_iterations = 1000, initial_temperature = 3.0, cooling_rate = 0.999
26 - INFO - chord#: 0 In build_straw_man_chord_sa. tolerance = 1, sa_iterations = 1000, initial_temperature = 3.0, cooling_rate = 0.999
26 - INFO - chord#: 0 done. best_score=27.0, changed=520, unchanged=366, early_stops=8/8
26 - INFO - chord#: 4 In build_straw_man_chord_sa. tolerance = 1, sa_iterations = 1000, initial_temperature = 3.0, cooling_rate = 0.999
26 - INFO - chord#: 0 done. best_score=27.0, changed=523, unchanged=364, early_stops=8/8
26 - INFO - chord#: 4 In build_straw_man_chord_sa. tolerance = 1, sa_iterations = 1000, initial_temperature = 3.0, cooling_rate = 0.999
26 - INFO - chord#: 0 done. best_score=27.0, changed=515, unchanged=359, early_stops=8/8
26 - INFO - chord#: 4 In build_straw_man_chord_sa. tolerance = 1, sa_iterations = 1000, initial_temperature = 3.0, cooling_rate = 0.999
26 - INFO - chord#: 0 done. best_score=27.0, changed=527, unchanged=483, early_stops=8/8
26 - INFO - chord#: 4 In build_straw_man_chord_sa. tolerance = 1, sa_iterations = 1000, initial_temperature = 3.0, cooling_rate = 0.999
26 - INFO - chord#: 0 done. best_score=27.0, changed=515, unchanged=392, early_stops=8/8
26 - INFO - chord#: 4 In build_straw_man_chord_sa. tolerance = 1, sa_iterations = 1000, initial_temperature = 3.0, cooling_rate = 0.999
26 - INFO - chord#: 0 done. best_score=27.0, changed=518, unchanged=450, early_stops=8/8
26 - INFO - chord#: 4 In build_straw_man_chord_sa. tolerance = 1, sa_iterations = 1000, initial_temperature = 3.0, cooling_rate = 0.999
26 - INFO - chord#: 0 done. best_score=27.0, changed=518, unchanged=473, early_stops=8/8
26 - INFO - chord#: 4 In build_straw_man_chord_sa. tolerance = 1, sa_iterations = 1000, initial_temperature = 3.0, cooling_rate = 0.999
26 - INFO - chord#: 0 done. best_score=27.0, changed=520, unchanged=450, early_stops=8/8
26 - INFO - chord#: 4 In build_straw_man_chord_sa. tolerance = 1, sa_iterations = 1000, initial_temperature = 3.0, cooling_rate = 0.999
26 - INFO - chord#: 0 done. best_score=27.0, changed=521, unchanged=495, early_stops=8/8
26 - INFO - chord#: 4 In build_straw_man_chord_sa. tolerance = 1, sa_iterations = 1000, initial_temperature = 3.0, cooling_rate = 0.999
26 - INFO - chord#: 0 done. best_score=27.0, changed=524, unchanged=454, early_stops=8/8
26 - INFO - chord#: 4 In build_straw_man_chord_sa. tolerance = 1, sa_iterations = 1000, initial_temperature = 3.0, cooling_rate = 0.999
26 - INFO - chord#: 0 done. best_score=27.0, changed=522, unchanged=426, early_stops=8/8
26 - INFO - chord#: 4 In build_straw_man_chord_sa. tolerance = 1, sa_iterations = 1000, initial_temperature = 3.0, cooling_rate = 0.999
26 - INFO - chord#: 0 done. best_score=27.0, changed=525, unchanged=452, early_stops=8/8
26 - INFO - chord#: 4 In build_straw_man_chord_sa. tolerance = 1, sa_iterations = 1000, initial_temperature = 3.0, cooling_rate = 0.999
26 - INFO - chord#: 4 done. best_score=27.0, changed=517, unchanged=428, early_stops=8/8
26 - INFO - chord#: 6 In build_straw_man_chord_sa. tolerance = 1, sa_iterations = 1000, initial_temperature = 3.0, cooling_rate = 0.999
26 - INFO - chord#: 4 done. best_score=27.0, changed=517, unchanged=331, early_stops=8/8
26 - INFO - chord#: 6 In build_straw_man_chord_sa. tolerance = 1, sa_iterations = 1000, initial_temperature = 3.0, cooling_rate = 0.999
26 - INFO - chord#: 4 done. best_score=27.0, changed=523, unchanged=354, early_stops=8/8
26 - INFO - chord#: 6 In build_straw_man_chord_sa. tolerance = 1, sa_iterations = 1000, initial_temperature = 3.0, cooling_rate = 0.999
26 - INFO - chord#: 4 done. best_score=27.0, changed=523, unchanged=423, early_stops=8/8
26 - INFO - chord#: 6 In build_straw_man_chord_sa. tolerance = 1, sa_iterations = 1000, initial_temperature = 3.0, cooling_rate = 0.999
26 - INFO - chord#: 4 done. best_score=27.0, changed=525, unchanged=404, early_stops=8/8
26 - INFO - chord#: 6 In build_straw_man_chord_sa. tolerance = 1, sa_iterations = 1000, initial_temperature = 3.0, cooling_rate = 0.999
26 - INFO - chord#: 4 done. best_score=27.0, changed=528, unchanged=425, early_stops=8/8
26 - INFO - chord#: 4 done. best_score=27.0, changed=521, unchanged=369, early_stops=8/8
26 - INFO - chord#: 6 In build_straw_man_chord_sa. tolerance = 1, sa_iterations = 1000, initial_temperature = 3.0, cooling_rate = 0.999
26 - INFO - chord#: 6 In build_straw_man_chord_sa. tolerance = 1, sa_iterations = 1000, initial_temperature = 3.0, cooling_rate = 0.999
26 - INFO - chord#: 4 done. best_score=27.0, changed=526, unchanged=460, early_stops=8/8
26 - INFO - chord#: 6 In build_straw_man_chord_sa. tolerance = 1, sa_iterations = 1000, initial_temperature = 3.0, cooling_rate = 0.999
26 - INFO - chord#: 4 done. best_score=27.0, changed=522, unchanged=428, early_stops=8/8
26 - INFO - chord#: 6 In build_straw_man_chord_sa. tolerance = 1, sa_iterations = 1000, initial_temperature = 3.0, cooling_rate = 0.999
26 - INFO - chord#: 4 done. best_score=27.0, changed=525, unchanged=348, early_stops=8/8
26 - INFO - chord#: 6 In build_straw_man_chord_sa. tolerance = 1, sa_iterations = 1000, initial_temperature = 3.0, cooling_rate = 0.999
26 - INFO - chord#: 4 done. best_score=27.0, changed=523, unchanged=384, early_stops=8/8
26 - INFO - chord#: 6 In build_straw_man_chord_sa. tolerance = 1, sa_iterations = 1000, initial_temperature = 3.0, cooling_rate = 0.999
26 - INFO - chord#: 4 done. best_score=27.0, changed=528, unchanged=525, early_stops=8/8
26 - INFO - chord#: 6 In build_straw_man_chord_sa. tolerance = 1, sa_iterations = 1000, initial_temperature = 3.0, cooling_rate = 0.999
26 - INFO - chord#: 6 done. best_score=27.0, changed=525, unchanged=413, early_stops=8/8
26 - INFO - chord#: 8 In build_straw_man_chord_sa. tolerance = 1, sa_iterations = 1000, initial_temperature = 3.0, cooling_rate = 0.999
26 - INFO - chord#: 6 done. best_score=27.0, changed=536, unchanged=476, early_stops=8/8
26 - INFO - chord#: 8 In build_straw_man_chord_sa. tolerance = 1, sa_iterations = 1000, initial_temperature = 3.0, cooling_rate = 0.999
26 - INFO - chord#: 6 done. best_score=27.0, changed=518, unchanged=371, early_stops=8/8
26 - INFO - chord#: 8 In build_straw_man_chord_sa. tolerance = 1, sa_iterations = 1000, initial_temperature = 3.0, cooling_rate = 0.999
26 - INFO - chord#: 6 done. best_score=27.0, changed=514, unchanged=302, early_stops=8/8
26 - INFO - chord#: 8 In build_straw_man_chord_sa. tolerance = 1, sa_iterations = 1000, initial_temperature = 3.0, cooling_rate = 0.999
26 - INFO - chord#: 6 done. best_score=27.0, changed=528, unchanged=382, early_stops=8/8
26 - INFO - chord#: 8 In build_straw_man_chord_sa. tolerance = 1, sa_iterations = 1000, initial_temperature = 3.0, cooling_rate = 0.999
26 - INFO - chord#: 6 done. best_score=27.0, changed=514, unchanged=327, early_stops=8/8
26 - INFO - chord#: 8 In build_straw_man_chord_sa. tolerance = 1, sa_iterations = 1000, initial_temperature = 3.0, cooling_rate = 0.999
26 - INFO - chord#: 6 done. best_score=27.0, changed=523, unchanged=346, early_stops=8/8
26 - INFO - chord#: 8 In build_straw_man_chord_sa. tolerance = 1, sa_iterations = 1000, initial_temperature = 3.0, cooling_rate = 0.999
26 - INFO - chord#: 6 done. best_score=27.0, changed=514, unchanged=386, early_stops=8/8
26 - INFO - chord#: 8 In build_straw_man_chord_sa. tolerance = 1, sa_iterations = 1000, initial_temperature = 3.0, cooling_rate = 0.999
26 - INFO - chord#: 6 done. best_score=27.0, changed=523, unchanged=478, early_stops=8/8
26 - INFO - chord#: 8 In build_straw_man_chord_sa. tolerance = 1, sa_iterations = 1000, initial_temperature = 3.0, cooling_rate = 0.999
26 - INFO - chord#: 6 done. best_score=27.0, changed=518, unchanged=328, early_stops=8/8
26 - INFO - chord#: 8 In build_straw_man_chord_sa. tolerance = 1, sa_iterations = 1000, initial_temperature = 3.0, cooling_rate = 0.999
26 - INFO - chord#: 8 done. best_score=27.0, changed=518, unchanged=323, early_stops=8/8
26 - INFO - chord#: 12 In build_straw_man_chord_sa. tolerance = 1, sa_iterations = 1000, initial_temperature = 3.0, cooling_rate = 0.999
26 - INFO - chord#: 6 done. best_score=27.0, changed=521, unchanged=399, early_stops=8/8
26 - INFO - chord#: 8 In build_straw_man_chord_sa. tolerance = 1, sa_iterations = 1000, initial_temperature = 3.0, cooling_rate = 0.999
26 - INFO - chord#: 8 done. best_score=27.0, changed=516, unchanged=357, early_stops=8/8
26 - INFO - chord#: 12 In build_straw_man_chord_sa. tolerance = 1, sa_iterations = 1000, initial_temperature = 3.0, cooling_rate = 0.999
26 - INFO - chord#: 6 done. best_score=27.0, changed=529, unchanged=448, early_stops=8/8
26 - INFO - chord#: 8 In build_straw_man_chord_sa. tolerance = 1, sa_iterations = 1000, initial_temperature = 3.0, cooling_rate = 0.999
26 - INFO - chord#: 8 done. best_score=27.0, changed=521, unchanged=378, early_stops=8/8
26 - INFO - chord#: 12 In build_straw_man_chord_sa. tolerance = 1, sa_iterations = 1000, initial_temperature = 3.0, cooling_rate = 0.999
26 - INFO - chord#: 8 done. best_score=27.0, changed=530, unchanged=313, early_stops=8/8
26 - INFO - chord#: 12 In build_straw_man_chord_sa. tolerance = 1, sa_iterations = 1000, initial_temperature = 3.0, cooling_rate = 0.999
26 - INFO - chord#: 8 done. best_score=27.0, changed=527, unchanged=363, early_stops=8/8
26 - INFO - chord#: 12 In build_straw_man_chord_sa. tolerance = 1, sa_iterations = 1000, initial_temperature = 3.0, cooling_rate = 0.999
26 - INFO - chord#: 8 done. best_score=27.0, changed=523, unchanged=484, early_stops=8/8
26 - INFO - chord#: 12 In build_straw_man_chord_sa. tolerance = 1, sa_iterations = 1000, initial_temperature = 3.0, cooling_rate = 0.999
26 - INFO - chord#: 8 done. best_score=27.0, changed=514, unchanged=392, early_stops=8/8
26 - INFO - chord#: 12 In build_straw_man_chord_sa. tolerance = 1, sa_iterations = 1000, initial_temperature = 3.0, cooling_rate = 0.999
26 - INFO - chord#: 12 done. best_score=27.0, changed=519, unchanged=347, early_stops=8/8
26 - INFO - chord#: 14 In build_straw_man_chord_sa. tolerance = 1, sa_iterations = 1000, initial_temperature = 3.0, cooling_rate = 0.999
26 - INFO - chord#: 8 done. best_score=27.0, changed=532, unchanged=413, early_stops=8/8
26 - INFO - chord#: 12 In build_straw_man_chord_sa. tolerance = 1, sa_iterations = 1000, initial_temperature = 3.0, cooling_rate = 0.999
26 - INFO - chord#: 8 done. best_score=27.0, changed=524, unchanged=435, early_stops=8/8
26 - INFO - chord#: 12 In build_straw_man_chord_sa. tolerance = 1, sa_iterations = 1000, initial_temperature = 3.0, cooling_rate = 0.999
26 - INFO - chord#: 12 done. best_score=27.0, changed=521, unchanged=347, early_stops=8/8
26 - INFO - chord#: 14 In build_straw_man_chord_sa. tolerance = 1, sa_iterations = 1000, initial_temperature = 3.0, cooling_rate = 0.999
26 - INFO - chord#: 12 done. best_score=27.0, changed=524, unchanged=433, early_stops=8/8
26 - INFO - chord#: 14 In build_straw_man_chord_sa. tolerance = 1, sa_iterations = 1000, initial_temperature = 3.0, cooling_rate = 0.999
26 - INFO - chord#: 8 done. best_score=27.0, changed=530, unchanged=395, early_stops=8/8
26 - INFO - chord#: 12 In build_straw_man_chord_sa. tolerance = 1, sa_iterations = 1000, initial_temperature = 3.0, cooling_rate = 0.999
26 - INFO - chord#: 8 done. best_score=27.0, changed=520, unchanged=337, early_stops=8/8
26 - INFO - chord#: 12 In build_straw_man_chord_sa. tolerance = 1, sa_iterations = 1000, initial_temperature = 3.0, cooling_rate = 0.999
26 - INFO - chord#: 12 done. best_score=27.0, changed=522, unchanged=361, early_stops=8/8
26 - INFO - chord#: 14 In build_straw_man_chord_sa. tolerance = 1, sa_iterations = 1000, initial_temperature = 3.0, cooling_rate = 0.999
26 - INFO - chord#: 12 done. best_score=27.0, changed=522, unchanged=350, early_stops=8/8
26 - INFO - chord#: 14 In build_straw_man_chord_sa. tolerance = 1, sa_iterations = 1000, initial_temperature = 3.0, cooling_rate = 0.999
26 - INFO - chord#: 8 done. best_score=27.0, changed=523, unchanged=411, early_stops=8/8
26 - INFO - chord#: 12 In build_straw_man_chord_sa. tolerance = 1, sa_iterations = 1000, initial_temperature = 3.0, cooling_rate = 0.999
26 - INFO - chord#: 12 done. best_score=27.0, changed=519, unchanged=356, early_stops=8/8
26 - INFO - chord#: 14 In build_straw_man_chord_sa. tolerance = 1, sa_iterations = 1000, initial_temperature = 3.0, cooling_rate = 0.999
26 - INFO - chord#: 12 done. best_score=27.0, changed=532, unchanged=439, early_stops=8/8
26 - INFO - chord#: 14 In build_straw_man_chord_sa. tolerance = 1, sa_iterations = 1000, initial_temperature = 3.0, cooling_rate = 0.999
26 - INFO - chord#: 12 done. best_score=27.0, changed=522, unchanged=419, early_stops=8/8
26 - INFO - chord#: 14 In build_straw_man_chord_sa. tolerance = 1, sa_iterations = 1000, initial_temperature = 3.0, cooling_rate = 0.999
26 - INFO - chord#: 12 done. best_score=27.0, changed=525, unchanged=401, early_stops=8/8
26 - INFO - chord#: 14 In build_straw_man_chord_sa. tolerance = 1, sa_iterations = 1000, initial_temperature = 3.0, cooling_rate = 0.999
26 - INFO - chord#: 12 done. best_score=27.0, changed=528, unchanged=391, early_stops=8/8
26 - INFO - chord#: 14 In build_straw_man_chord_sa. tolerance = 1, sa_iterations = 1000, initial_temperature = 3.0, cooling_rate = 0.999
26 - INFO - chord#: 12 done. best_score=27.0, changed=535, unchanged=422, early_stops=8/8
26 - INFO - chord#: 14 In build_straw_man_chord_sa. tolerance = 1, sa_iterations = 1000, initial_temperature = 3.0, cooling_rate = 0.999
26 - INFO - chord#: 12 done. best_score=27.0, changed=517, unchanged=363, early_stops=8/8
26 - INFO - chord#: 14 In build_straw_man_chord_sa. tolerance = 1, sa_iterations = 1000, initial_temperature = 3.0, cooling_rate = 0.999
26 - INFO - chord#: 14 done. best_score=96.0, changed=613, unchanged=236, early_stops=8/8
26 - INFO - chord#: 16 In build_straw_man_chord_sa. tolerance = 1, sa_iterations = 1000, initial_temperature = 3.0, cooling_rate = 0.999
26 - INFO - chord#: 14 done. best_score=149.0, changed=614, unchanged=336, early_stops=8/8
26 - INFO - chord#: 16 In build_straw_man_chord_sa. tolerance = 1, sa_iterations = 1000, initial_temperature = 3.0, cooling_rate = 0.999
26 - INFO - chord#: 14 done. best_score=148.0, changed=613, unchanged=307, early_stops=8/8
26 - INFO - chord#: 16 In build_straw_man_chord_sa. tolerance = 1, sa_iterations = 1000, initial_temperature = 3.0, cooling_rate = 0.999
26 - INFO - chord#: 14 done. best_score=121.0, changed=611, unchanged=380, early_stops=8/8
26 - INFO - chord#: 16 In build_straw_man_chord_sa. tolerance = 1, sa_iterations = 1000, initial_temperature = 3.0, cooling_rate = 0.999
26 - INFO - chord#: 14 done. best_score=149.0, changed=620, unchanged=351, early_stops=8/8
26 - INFO - chord#: 16 In build_straw_man_chord_sa. tolerance = 1, sa_iterations = 1000, initial_temperature = 3.0, cooling_rate = 0.999
26 - INFO - chord#: 16 done. best_score=31.0, changed=525, unchanged=335, early_stops=8/8
26 - INFO - chord#: 18 In build_straw_man_chord_sa. tolerance = 1, sa_iterations = 1000, initial_temperature = 3.0, cooling_rate = 0.999
26 - INFO - chord#: 16 done. best_score=31.0, changed=530, unchanged=427, early_stops=8/8
26 - INFO - chord#: 18 In build_straw_man_chord_sa. tolerance = 1, sa_iterations = 1000, initial_temperature = 3.0, cooling_rate = 0.999
26 - INFO - chord#: 18 done. best_score=7.0, changed=492, unchanged=325, early_stops=8/8
26 - INFO - chord#: 20 In build_straw_man_chord_sa. tolerance = 1, sa_iterations = 1000, initial_temperature = 3.0, cooling_rate = 0.999
26 - INFO - chord#: 16 done. best_score=31.0, changed=527, unchanged=480, early_stops=8/8
26 - INFO - chord#: 18 In build_straw_man_chord_sa. tolerance = 1, sa_iterations = 1000, initial_temperature = 3.0, cooling_rate = 0.999
26 - INFO - chord#: 16 done. best_score=31.0, changed=521, unchanged=335, early_stops=8/8
26 - INFO - chord#: 18 In build_straw_man_chord_sa. tolerance = 1, sa_iterations = 1000, initial_temperature = 3.0, cooling_rate = 0.999
26 - INFO - chord#: 16 done. best_score=49.0, changed=528, unchanged=446, early_stops=8/8
26 - INFO - chord#: 18 In build_straw_man_chord_sa. tolerance = 1, sa_iterations = 1000, initial_temperature = 3.0, cooling_rate = 0.999
26 - INFO - chord#: 18 done. best_score=7.0, changed=494, unchanged=323, early_stops=8/8
26 - INFO - chord#: 20 In build_straw_man_chord_sa. tolerance = 1, sa_iterations = 1000, initial_temperature = 3.0, cooling_rate = 0.999
26 - INFO - chord#: 18 done. best_score=7.0, changed=484, unchanged=329, early_stops=8/8
26 - INFO - chord#: 18 done. best_score=7.0, changed=525, unchanged=309, early_stops=8/8
26 - INFO - chord#: 20 In build_straw_man_chord_sa. tolerance = 1, sa_iterations = 1000, initial_temperature = 3.0, cooling_rate = 0.999
26 - INFO - chord#: 20 In build_straw_man_chord_sa. tolerance = 1, sa_iterations = 1000, initial_temperature = 3.0, cooling_rate = 0.999
26 - INFO - chord#: 18 done. best_score=26.0, changed=530, unchanged=286, early_stops=8/8
26 - INFO - chord#: 20 In build_straw_man_chord_sa. tolerance = 1, sa_iterations = 1000, initial_temperature = 3.0, cooling_rate = 0.999
26 - INFO - chord#: 14 done. best_score=74.0, changed=608, unchanged=258, early_stops=8/8
26 - INFO - chord#: 16 In build_straw_man_chord_sa. tolerance = 1, sa_iterations = 1000, initial_temperature = 3.0, cooling_rate = 0.999
26 - INFO - chord#: 14 done. best_score=74.0, changed=615, unchanged=367, early_stops=8/8
26 - INFO - chord#: 16 In build_straw_man_chord_sa. tolerance = 1, sa_iterations = 1000, initial_temperature = 3.0, cooling_rate = 0.999
26 - INFO - chord#: 14 done. best_score=96.0, changed=608, unchanged=242, early_stops=8/8
26 - INFO - chord#: 16 In build_straw_man_chord_sa. tolerance = 1, sa_iterations = 1000, initial_temperature = 3.0, cooling_rate = 0.999
26 - INFO - chord#: 20 done. best_score=27.0, changed=519, unchanged=331, early_stops=8/8
26 - INFO - chord#: 22 In build_straw_man_chord_sa. tolerance = 1, sa_iterations = 1000, initial_temperature = 3.0, cooling_rate = 0.999
26 - INFO - chord#: 14 done. best_score=96.0, changed=613, unchanged=387, early_stops=8/8
26 - INFO - chord#: 16 In build_straw_man_chord_sa. tolerance = 1, sa_iterations = 1000, initial_temperature = 3.0, cooling_rate = 0.999
26 - INFO - chord#: 14 done. best_score=127.0, changed=609, unchanged=372, early_stops=8/8
26 - INFO - chord#: 16 In build_straw_man_chord_sa. tolerance = 1, sa_iterations = 1000, initial_temperature = 3.0, cooling_rate = 0.999
26 - INFO - chord#: 20 done. best_score=27.0, changed=517, unchanged=364, early_stops=8/8
26 - INFO - chord#: 22 In build_straw_man_chord_sa. tolerance = 1, sa_iterations = 1000, initial_temperature = 3.0, cooling_rate = 0.999
26 - INFO - chord#: 20 done. best_score=27.0, changed=520, unchanged=377, early_stops=8/8
26 - INFO - chord#: 22 In build_straw_man_chord_sa. tolerance = 1, sa_iterations = 1000, initial_temperature = 3.0, cooling_rate = 0.999
26 - INFO - chord#: 20 done. best_score=27.0, changed=515, unchanged=359, early_stops=8/8
26 - INFO - chord#: 22 In build_straw_man_chord_sa. tolerance = 1, sa_iterations = 1000, initial_temperature = 3.0, cooling_rate = 0.999
26 - INFO - chord#: 20 done. best_score=27.0, changed=528, unchanged=474, early_stops=8/8
26 - INFO - chord#: 22 In build_straw_man_chord_sa. tolerance = 1, sa_iterations = 1000, initial_temperature = 3.0, cooling_rate = 0.999
26 - INFO - chord#: 16 done. best_score=31.0, changed=520, unchanged=351, early_stops=8/8
26 - INFO - chord#: 18 In build_straw_man_chord_sa. tolerance = 1, sa_iterations = 1000, initial_temperature = 3.0, cooling_rate = 0.999
26 - INFO - chord#: 14 done. best_score=74.0, changed=612, unchanged=441, early_stops=8/8
26 - INFO - chord#: 16 In build_straw_man_chord_sa. tolerance = 1, sa_iterations = 1000, initial_temperature = 3.0, cooling_rate = 0.999
26 - INFO - chord#: 14 done. best_score=96.0, changed=617, unchanged=466, early_stops=8/8
26 - INFO - chord#: 16 In build_straw_man_chord_sa. tolerance = 1, sa_iterations = 1000, initial_temperature = 3.0, cooling_rate = 0.999
26 - INFO - chord#: 18 done. best_score=7.0, changed=501, unchanged=305, early_stops=8/8
26 - INFO - chord#: 20 In build_straw_man_chord_sa. tolerance = 1, sa_iterations = 1000, initial_temperature = 3.0, cooling_rate = 0.999
26 - INFO - chord#: 16 done. best_score=31.0, changed=529, unchanged=498, early_stops=8/8
26 - INFO - chord#: 18 In build_straw_man_chord_sa. tolerance = 1, sa_iterations = 1000, initial_temperature = 3.0, cooling_rate = 0.999
26 - INFO - chord#: 16 done. best_score=31.0, changed=525, unchanged=401, early_stops=8/8
26 - INFO - chord#: 18 In build_straw_man_chord_sa. tolerance = 1, sa_iterations = 1000, initial_temperature = 3.0, cooling_rate = 0.999
26 - INFO - chord#: 18 done. best_score=7.0, changed=516, unchanged=310, early_stops=8/8
26 - INFO - chord#: 20 In build_straw_man_chord_sa. tolerance = 1, sa_iterations = 1000, initial_temperature = 3.0, cooling_rate = 0.999
26 - INFO - chord#: 18 done. best_score=7.0, changed=491, unchanged=328, early_stops=8/8
26 - INFO - chord#: 20 In build_straw_man_chord_sa. tolerance = 1, sa_iterations = 1000, initial_temperature = 3.0, cooling_rate = 0.999
26 - INFO - chord#: 16 done. best_score=31.0, changed=529, unchanged=377, early_stops=8/8
26 - INFO - chord#: 18 In build_straw_man_chord_sa. tolerance = 1, sa_iterations = 1000, initial_temperature = 3.0, cooling_rate = 0.999
26 - INFO - chord#: 16 done. best_score=31.0, changed=533, unchanged=375, early_stops=8/8
26 - INFO - chord#: 18 In build_straw_man_chord_sa. tolerance = 1, sa_iterations = 1000, initial_temperature = 3.0, cooling_rate = 0.999
26 - INFO - chord#: 18 done. best_score=7.0, changed=502, unchanged=314, early_stops=8/8
26 - INFO - chord#: 20 In build_straw_man_chord_sa. tolerance = 1, sa_iterations = 1000, initial_temperature = 3.0, cooling_rate = 0.999
26 - INFO - chord#: 18 done. best_score=7.0, changed=509, unchanged=315, early_stops=8/8
26 - INFO - chord#: 20 In build_straw_man_chord_sa. tolerance = 1, sa_iterations = 1000, initial_temperature = 3.0, cooling_rate = 0.999
26 - INFO - chord#: 16 done. best_score=31.0, changed=519, unchanged=344, early_stops=8/8
26 - INFO - chord#: 18 In build_straw_man_chord_sa. tolerance = 1, sa_iterations = 1000, initial_temperature = 3.0, cooling_rate = 0.999
26 - INFO - chord#: 16 done. best_score=31.0, changed=522, unchanged=369, early_stops=8/8
26 - INFO - chord#: 18 In build_straw_man_chord_sa. tolerance = 1, sa_iterations = 1000, initial_temperature = 3.0, cooling_rate = 0.999
26 - INFO - chord#: 18 done. best_score=7.0, changed=514, unchanged=298, early_stops=8/8
26 - INFO - chord#: 20 In build_straw_man_chord_sa. tolerance = 1, sa_iterations = 1000, initial_temperature = 3.0, cooling_rate = 0.999
26 - INFO - chord#: 18 done. best_score=7.0, changed=512, unchanged=298, early_stops=8/8
26 - INFO - chord#: 20 In build_straw_man_chord_sa. tolerance = 1, sa_iterations = 1000, initial_temperature = 3.0, cooling_rate = 0.999
26 - INFO - chord#: 22 done. best_score=137.0, changed=612, unchanged=310, early_stops=8/8
26 - INFO - chord#: 24 In build_straw_man_chord_sa. tolerance = 1, sa_iterations = 1000, initial_temperature = 3.0, cooling_rate = 0.999
26 - INFO - chord#: 20 done. best_score=27.0, changed=523, unchanged=516, early_stops=8/8
26 - INFO - chord#: 22 In build_straw_man_chord_sa. tolerance = 1, sa_iterations = 1000, initial_temperature = 3.0, cooling_rate = 0.999
26 - INFO - chord#: 20 done. best_score=27.0, changed=521, unchanged=423, early_stops=8/8
26 - INFO - chord#: 22 In build_straw_man_chord_sa. tolerance = 1, sa_iterations = 1000, initial_temperature = 3.0, cooling_rate = 0.999
26 - INFO - chord#: 22 done. best_score=78.0, changed=614, unchanged=243, early_stops=8/8
26 - INFO - chord#: 24 In build_straw_man_chord_sa. tolerance = 1, sa_iterations = 1000, initial_temperature = 3.0, cooling_rate = 0.999
26 - INFO - chord#: 22 done. best_score=125.0, changed=616, unchanged=258, early_stops=8/8
26 - INFO - chord#: 24 In build_straw_man_chord_sa. tolerance = 1, sa_iterations = 1000, initial_temperature = 3.0, cooling_rate = 0.999
26 - INFO - chord#: 24 done. best_score=9.0, changed=458, unchanged=366, early_stops=8/8
26 - INFO - chord#: 32 In build_straw_man_chord_sa. tolerance = 1, sa_iterations = 1000, initial_temperature = 3.0, cooling_rate = 0.999
26 - INFO - chord#: 20 done. best_score=27.0, changed=523, unchanged=486, early_stops=8/8
26 - INFO - chord#: 22 In build_straw_man_chord_sa. tolerance = 1, sa_iterations = 1000, initial_temperature = 3.0, cooling_rate = 0.999
26 - INFO - chord#: 24 done. best_score=9.0, changed=457, unchanged=363, early_stops=8/8
26 - INFO - chord#: 32 In build_straw_man_chord_sa. tolerance = 1, sa_iterations = 1000, initial_temperature = 3.0, cooling_rate = 0.999
26 - INFO - chord#: 24 done. best_score=9.0, changed=460, unchanged=377, early_stops=8/8
26 - INFO - chord#: 32 In build_straw_man_chord_sa. tolerance = 1, sa_iterations = 1000, initial_temperature = 3.0, cooling_rate = 0.999
26 - INFO - chord#: 22 done. best_score=67.0, changed=611, unchanged=361, early_stops=8/8
26 - INFO - chord#: 24 In build_straw_man_chord_sa. tolerance = 1, sa_iterations = 1000, initial_temperature = 3.0, cooling_rate = 0.999
26 - INFO - chord#: 22 done. best_score=67.0, changed=618, unchanged=389, early_stops=8/8
26 - INFO - chord#: 24 In build_straw_man_chord_sa. tolerance = 1, sa_iterations = 1000, initial_temperature = 3.0, cooling_rate = 0.999
26 - INFO - chord#: 20 done. best_score=27.0, changed=521, unchanged=482, early_stops=8/8
26 - INFO - chord#: 22 In build_straw_man_chord_sa. tolerance = 1, sa_iterations = 1000, initial_temperature = 3.0, cooling_rate = 0.999
26 - INFO - chord#: 24 done. best_score=9.0, changed=461, unchanged=377, early_stops=8/8
26 - INFO - chord#: 32 In build_straw_man_chord_sa. tolerance = 1, sa_iterations = 1000, initial_temperature = 3.0, cooling_rate = 0.999
26 - INFO - chord#: 24 done. best_score=9.0, changed=460, unchanged=377, early_stops=8/8
26 - INFO - chord#: 32 In build_straw_man_chord_sa. tolerance = 1, sa_iterations = 1000, initial_temperature = 3.0, cooling_rate = 0.999
26 - INFO - chord#: 20 done. best_score=27.0, changed=519, unchanged=575, early_stops=8/8
26 - INFO - chord#: 22 In build_straw_man_chord_sa. tolerance = 1, sa_iterations = 1000, initial_temperature = 3.0, cooling_rate = 0.999
26 - INFO - chord#: 20 done. best_score=27.0, changed=518, unchanged=454, early_stops=8/8
26 - INFO - chord#: 22 In build_straw_man_chord_sa. tolerance = 1, sa_iterations = 1000, initial_temperature = 3.0, cooling_rate = 0.999
26 - INFO - chord#: 32 done. best_score=27.0, changed=529, unchanged=402, early_stops=8/8
26 - INFO - chord#: 38 In build_straw_man_chord_sa. tolerance = 1, sa_iterations = 1000, initial_temperature = 3.0, cooling_rate = 0.999
26 - INFO - chord#: 32 done. best_score=27.0, changed=530, unchanged=348, early_stops=8/8
26 - INFO - chord#: 38 In build_straw_man_chord_sa. tolerance = 1, sa_iterations = 1000, initial_temperature = 3.0, cooling_rate = 0.999
26 - INFO - chord#: 32 done. best_score=27.0, changed=522, unchanged=366, early_stops=8/8
26 - INFO - chord#: 38 In build_straw_man_chord_sa. tolerance = 1, sa_iterations = 1000, initial_temperature = 3.0, cooling_rate = 0.999
26 - INFO - chord#: 20 done. best_score=27.0, changed=534, unchanged=547, early_stops=8/8
26 - INFO - chord#: 22 In build_straw_man_chord_sa. tolerance = 1, sa_iterations = 1000, initial_temperature = 3.0, cooling_rate = 0.999
26 - INFO - chord#: 32 done. best_score=27.0, changed=529, unchanged=374, early_stops=8/8
26 - INFO - chord#: 38 In build_straw_man_chord_sa. tolerance = 1, sa_iterations = 1000, initial_temperature = 3.0, cooling_rate = 0.999
26 - INFO - chord#: 32 done. best_score=27.0, changed=530, unchanged=412, early_stops=8/8
26 - INFO - chord#: 38 In build_straw_man_chord_sa. tolerance = 1, sa_iterations = 1000, initial_temperature = 3.0, cooling_rate = 0.999
26 - INFO - chord#: 22 done. best_score=78.0, changed=610, unchanged=264, early_stops=8/8
26 - INFO - chord#: 24 In build_straw_man_chord_sa. tolerance = 1, sa_iterations = 1000, initial_temperature = 3.0, cooling_rate = 0.999
26 - INFO - chord#: 22 done. best_score=67.0, changed=616, unchanged=311, early_stops=8/8
26 - INFO - chord#: 24 In build_straw_man_chord_sa. tolerance = 1, sa_iterations = 1000, initial_temperature = 3.0, cooling_rate = 0.999
26 - INFO - chord#: 24 done. best_score=9.0, changed=465, unchanged=356, early_stops=8/8
26 - INFO - chord#: 32 In build_straw_man_chord_sa. tolerance = 1, sa_iterations = 1000, initial_temperature = 3.0, cooling_rate = 0.999
26 - INFO - chord#: 24 done. best_score=9.0, changed=467, unchanged=371, early_stops=8/8
26 - INFO - chord#: 32 In build_straw_man_chord_sa. tolerance = 1, sa_iterations = 1000, initial_temperature = 3.0, cooling_rate = 0.999
26 - INFO - chord#: 38 done. best_score=96.0, changed=610, unchanged=215, early_stops=8/8
26 - INFO - chord#: 40 In build_straw_man_chord_sa. tolerance = 1, sa_iterations = 1000, initial_temperature = 3.0, cooling_rate = 0.999
26 - INFO - chord#: 22 done. best_score=67.0, changed=618, unchanged=463, early_stops=8/8
26 - INFO - chord#: 24 In build_straw_man_chord_sa. tolerance = 1, sa_iterations = 1000, initial_temperature = 3.0, cooling_rate = 0.999
26 - INFO - chord#: 22 done. best_score=125.0, changed=617, unchanged=355, early_stops=8/8
26 - INFO - chord#: 24 In build_straw_man_chord_sa. tolerance = 1, sa_iterations = 1000, initial_temperature = 3.0, cooling_rate = 0.999
26 - INFO - chord#: 22 done. best_score=67.0, changed=609, unchanged=273, early_stops=8/8
26 - INFO - chord#: 24 In build_straw_man_chord_sa. tolerance = 1, sa_iterations = 1000, initial_temperature = 3.0, cooling_rate = 0.999
26 - INFO - chord#: 38 done. best_score=96.0, changed=612, unchanged=265, early_stops=8/8
26 - INFO - chord#: 40 In build_straw_man_chord_sa. tolerance = 1, sa_iterations = 1000, initial_temperature = 3.0, cooling_rate = 0.999
26 - INFO - chord#: 24 done. best_score=9.0, changed=455, unchanged=374, early_stops=8/8
26 - INFO - chord#: 32 In build_straw_man_chord_sa. tolerance = 1, sa_iterations = 1000, initial_temperature = 3.0, cooling_rate = 0.999
26 - INFO - chord#: 24 done. best_score=9.0, changed=471, unchanged=379, early_stops=8/8
26 - INFO - chord#: 32 In build_straw_man_chord_sa. tolerance = 1, sa_iterations = 1000, initial_temperature = 3.0, cooling_rate = 0.999
26 - INFO - chord#: 38 done. best_score=121.0, changed=612, unchanged=321, early_stops=8/8
26 - INFO - chord#: 40 In build_straw_man_chord_sa. tolerance = 1, sa_iterations = 1000, initial_temperature = 3.0, cooling_rate = 0.999
26 - INFO - chord#: 22 done. best_score=67.0, changed=610, unchanged=276, early_stops=8/8
26 - INFO - chord#: 24 In build_straw_man_chord_sa. tolerance = 1, sa_iterations = 1000, initial_temperature = 3.0, cooling_rate = 0.999
26 - INFO - chord#: 32 done. best_score=27.0, changed=531, unchanged=433, early_stops=8/8
26 - INFO - chord#: 38 In build_straw_man_chord_sa. tolerance = 1, sa_iterations = 1000, initial_temperature = 3.0, cooling_rate = 0.999
26 - INFO - chord#: 24 done. best_score=9.0, changed=459, unchanged=361, early_stops=8/8
26 - INFO - chord#: 32 In build_straw_man_chord_sa. tolerance = 1, sa_iterations = 1000, initial_temperature = 3.0, cooling_rate = 0.999
26 - INFO - chord#: 32 done. best_score=27.0, changed=519, unchanged=401, early_stops=8/8
26 - INFO - chord#: 38 In build_straw_man_chord_sa. tolerance = 1, sa_iterations = 1000, initial_temperature = 3.0, cooling_rate = 0.999
26 - INFO - chord#: 24 done. best_score=9.0, changed=470, unchanged=419, early_stops=8/8
26 - INFO - chord#: 32 In build_straw_man_chord_sa. tolerance = 1, sa_iterations = 1000, initial_temperature = 3.0, cooling_rate = 0.999
26 - INFO - chord#: 40 done. best_score=27.0, changed=525, unchanged=451, early_stops=8/8
26 - INFO - chord#: 42 In build_straw_man_chord_sa. tolerance = 1, sa_iterations = 1000, initial_temperature = 3.0, cooling_rate = 0.999
26 - INFO - chord#: 38 done. best_score=74.0, changed=615, unchanged=362, early_stops=8/8
26 - INFO - chord#: 40 In build_straw_man_chord_sa. tolerance = 1, sa_iterations = 1000, initial_temperature = 3.0, cooling_rate = 0.999
26 - INFO - chord#: 22 done. best_score=67.0, changed=615, unchanged=384, early_stops=8/8
26 - INFO - chord#: 24 In build_straw_man_chord_sa. tolerance = 1, sa_iterations = 1000, initial_temperature = 3.0, cooling_rate = 0.999
26 - INFO - chord#: 40 done. best_score=27.0, changed=518, unchanged=420, early_stops=8/8
26 - INFO - chord#: 42 In build_straw_man_chord_sa. tolerance = 1, sa_iterations = 1000, initial_temperature = 3.0, cooling_rate = 0.999
26 - INFO - chord#: 24 done. best_score=9.0, changed=459, unchanged=419, early_stops=8/8
26 - INFO - chord#: 32 In build_straw_man_chord_sa. tolerance = 1, sa_iterations = 1000, initial_temperature = 3.0, cooling_rate = 0.999
26 - INFO - chord#: 32 done. best_score=27.0, changed=532, unchanged=356, early_stops=8/8
26 - INFO - chord#: 38 In build_straw_man_chord_sa. tolerance = 1, sa_iterations = 1000, initial_temperature = 3.0, cooling_rate = 0.999
26 - INFO - chord#: 32 done. best_score=27.0, changed=526, unchanged=366, early_stops=8/8
26 - INFO - chord#: 38 In build_straw_man_chord_sa. tolerance = 1, sa_iterations = 1000, initial_temperature = 3.0, cooling_rate = 0.999
26 - INFO - chord#: 40 done. best_score=27.0, changed=521, unchanged=463, early_stops=8/8
26 - INFO - chord#: 42 In build_straw_man_chord_sa. tolerance = 1, sa_iterations = 1000, initial_temperature = 3.0, cooling_rate = 0.999
26 - INFO - chord#: 32 done. best_score=27.0, changed=527, unchanged=320, early_stops=8/8
26 - INFO - chord#: 38 In build_straw_man_chord_sa. tolerance = 1, sa_iterations = 1000, initial_temperature = 3.0, cooling_rate = 0.999
26 - INFO - chord#: 38 done. best_score=121.0, changed=614, unchanged=326, early_stops=8/8
26 - INFO - chord#: 40 In build_straw_man_chord_sa. tolerance = 1, sa_iterations = 1000, initial_temperature = 3.0, cooling_rate = 0.999
26 - INFO - chord#: 32 done. best_score=27.0, changed=526, unchanged=378, early_stops=8/8
26 - INFO - chord#: 38 In build_straw_man_chord_sa. tolerance = 1, sa_iterations = 1000, initial_temperature = 3.0, cooling_rate = 0.999
26 - INFO - chord#: 40 done. best_score=27.0, changed=523, unchanged=392, early_stops=8/8
26 - INFO - chord#: 42 In build_straw_man_chord_sa. tolerance = 1, sa_iterations = 1000, initial_temperature = 3.0, cooling_rate = 0.999
26 - INFO - chord#: 42 done. best_score=36.0, changed=527, unchanged=448, early_stops=8/8
26 - INFO - chord#: 44 In build_straw_man_chord_sa. tolerance = 1, sa_iterations = 1000, initial_temperature = 3.0, cooling_rate = 0.999
26 - INFO - chord#: 32 done. best_score=27.0, changed=534, unchanged=380, early_stops=8/8
26 - INFO - chord#: 38 In build_straw_man_chord_sa. tolerance = 1, sa_iterations = 1000, initial_temperature = 3.0, cooling_rate = 0.999
26 - INFO - chord#: 42 done. best_score=36.0, changed=527, unchanged=496, early_stops=8/8
26 - INFO - chord#: 44 In build_straw_man_chord_sa. tolerance = 1, sa_iterations = 1000, initial_temperature = 3.0, cooling_rate = 0.999
26 - INFO - chord#: 42 done. best_score=36.0, changed=523, unchanged=448, early_stops=8/8
26 - INFO - chord#: 44 In build_straw_man_chord_sa. tolerance = 1, sa_iterations = 1000, initial_temperature = 3.0, cooling_rate = 0.999
26 - INFO - chord#: 40 done. best_score=27.0, changed=521, unchanged=422, early_stops=8/8
26 - INFO - chord#: 42 In build_straw_man_chord_sa. tolerance = 1, sa_iterations = 1000, initial_temperature = 3.0, cooling_rate = 0.999
26 - INFO - chord#: 42 done. best_score=36.0, changed=520, unchanged=397, early_stops=8/8
26 - INFO - chord#: 44 In build_straw_man_chord_sa. tolerance = 1, sa_iterations = 1000, initial_temperature = 3.0, cooling_rate = 0.999
26 - INFO - chord#: 38 done. best_score=121.0, changed=617, unchanged=302, early_stops=8/8
26 - INFO - chord#: 40 In build_straw_man_chord_sa. tolerance = 1, sa_iterations = 1000, initial_temperature = 3.0, cooling_rate = 0.999
26 - INFO - chord#: 44 done. best_score=27.0, changed=526, unchanged=553, early_stops=8/8
26 - INFO - chord#: 48 In build_straw_man_chord_sa. tolerance = 1, sa_iterations = 1000, initial_temperature = 3.0, cooling_rate = 0.999
26 - INFO - chord#: 38 done. best_score=74.0, changed=613, unchanged=433, early_stops=8/8
26 - INFO - chord#: 40 In build_straw_man_chord_sa. tolerance = 1, sa_iterations = 1000, initial_temperature = 3.0, cooling_rate = 0.999
26 - INFO - chord#: 44 done. best_score=27.0, changed=515, unchanged=425, early_stops=8/8
26 - INFO - chord#: 48 In build_straw_man_chord_sa. tolerance = 1, sa_iterations = 1000, initial_temperature = 3.0, cooling_rate = 0.999
26 - INFO - chord#: 44 done. best_score=27.0, changed=519, unchanged=335, early_stops=8/8
26 - INFO - chord#: 48 In build_straw_man_chord_sa. tolerance = 1, sa_iterations = 1000, initial_temperature = 3.0, cooling_rate = 0.999
26 - INFO - chord#: 38 done. best_score=96.0, changed=610, unchanged=226, early_stops=8/8
26 - INFO - chord#: 40 In build_straw_man_chord_sa. tolerance = 1, sa_iterations = 1000, initial_temperature = 3.0, cooling_rate = 0.999
26 - INFO - chord#: 42 done. best_score=36.0, changed=517, unchanged=400, early_stops=8/8
26 - INFO - chord#: 44 In build_straw_man_chord_sa. tolerance = 1, sa_iterations = 1000, initial_temperature = 3.0, cooling_rate = 0.999
26 - INFO - chord#: 44 done. best_score=27.0, changed=515, unchanged=438, early_stops=8/8
26 - INFO - chord#: 48 In build_straw_man_chord_sa. tolerance = 1, sa_iterations = 1000, initial_temperature = 3.0, cooling_rate = 0.999
26 - INFO - chord#: 40 done. best_score=27.0, changed=519, unchanged=365, early_stops=8/8
26 - INFO - chord#: 42 In build_straw_man_chord_sa. tolerance = 1, sa_iterations = 1000, initial_temperature = 3.0, cooling_rate = 0.999
26 - INFO - chord#: 38 done. best_score=74.0, changed=614, unchanged=319, early_stops=8/8
26 - INFO - chord#: 40 In build_straw_man_chord_sa. tolerance = 1, sa_iterations = 1000, initial_temperature = 3.0, cooling_rate = 0.999
26 - INFO - chord#: 40 done. best_score=27.0, changed=516, unchanged=390, early_stops=8/8
26 - INFO - chord#: 42 In build_straw_man_chord_sa. tolerance = 1, sa_iterations = 1000, initial_temperature = 3.0, cooling_rate = 0.999
26 - INFO - chord#: 38 done. best_score=74.0, changed=612, unchanged=367, early_stops=8/8
26 - INFO - chord#: 40 In build_straw_man_chord_sa. tolerance = 1, sa_iterations = 1000, initial_temperature = 3.0, cooling_rate = 0.999
26 - INFO - chord#: 38 done. best_score=74.0, changed=612, unchanged=431, early_stops=8/8
26 - INFO - chord#: 40 In build_straw_man_chord_sa. tolerance = 1, sa_iterations = 1000, initial_temperature = 3.0, cooling_rate = 0.999
26 - INFO - chord#: 38 done. best_score=74.0, changed=611, unchanged=314, early_stops=8/8
26 - INFO - chord#: 40 In build_straw_man_chord_sa. tolerance = 1, sa_iterations = 1000, initial_temperature = 3.0, cooling_rate = 0.999
26 - INFO - chord#: 44 done. best_score=27.0, changed=516, unchanged=452, early_stops=8/8
26 - INFO - chord#: 48 In build_straw_man_chord_sa. tolerance = 1, sa_iterations = 1000, initial_temperature = 3.0, cooling_rate = 0.999
26 - INFO - chord#: 42 done. best_score=36.0, changed=517, unchanged=347, early_stops=8/8
26 - INFO - chord#: 44 In build_straw_man_chord_sa. tolerance = 1, sa_iterations = 1000, initial_temperature = 3.0, cooling_rate = 0.999
26 - INFO - chord#: 40 done. best_score=27.0, changed=526, unchanged=422, early_stops=8/8
26 - INFO - chord#: 42 In build_straw_man_chord_sa. tolerance = 1, sa_iterations = 1000, initial_temperature = 3.0, cooling_rate = 0.999
26 - INFO - chord#: 48 done. best_score=145.0, changed=614, unchanged=250, early_stops=8/8
26 - INFO - chord#: 50 In build_straw_man_chord_sa. tolerance = 1, sa_iterations = 1000, initial_temperature = 3.0, cooling_rate = 0.999
26 - INFO - chord#: 40 done. best_score=27.0, changed=525, unchanged=424, early_stops=8/8
26 - INFO - chord#: 42 In build_straw_man_chord_sa. tolerance = 1, sa_iterations = 1000, initial_temperature = 3.0, cooling_rate = 0.999
26 - INFO - chord#: 48 done. best_score=125.0, changed=611, unchanged=352, early_stops=8/8
26 - INFO - chord#: 50 In build_straw_man_chord_sa. tolerance = 1, sa_iterations = 1000, initial_temperature = 3.0, cooling_rate = 0.999
26 - INFO - chord#: 42 done. best_score=36.0, changed=524, unchanged=569, early_stops=8/8
26 - INFO - chord#: 44 In build_straw_man_chord_sa. tolerance = 1, sa_iterations = 1000, initial_temperature = 3.0, cooling_rate = 0.999
26 - INFO - chord#: 40 done. best_score=27.0, changed=518, unchanged=367, early_stops=8/8
26 - INFO - chord#: 42 In build_straw_man_chord_sa. tolerance = 1, sa_iterations = 1000, initial_temperature = 3.0, cooling_rate = 0.999
26 - INFO - chord#: 40 done. best_score=27.0, changed=523, unchanged=435, early_stops=8/8
26 - INFO - chord#: 42 In build_straw_man_chord_sa. tolerance = 1, sa_iterations = 1000, initial_temperature = 3.0, cooling_rate = 0.999
26 - INFO - chord#: 48 done. best_score=96.0, changed=609, unchanged=260, early_stops=8/8
26 - INFO - chord#: 50 In build_straw_man_chord_sa. tolerance = 1, sa_iterations = 1000, initial_temperature = 3.0, cooling_rate = 0.999
26 - INFO - chord#: 50 done. best_score=49.0, changed=523, unchanged=348, early_stops=8/8
26 - INFO - chord#: 52 In build_straw_man_chord_sa. tolerance = 1, sa_iterations = 1000, initial_temperature = 3.0, cooling_rate = 0.999
26 - INFO - chord#: 40 done. best_score=27.0, changed=520, unchanged=435, early_stops=8/8
26 - INFO - chord#: 42 In build_straw_man_chord_sa. tolerance = 1, sa_iterations = 1000, initial_temperature = 3.0, cooling_rate = 0.999
26 - INFO - chord#: 42 done. best_score=36.0, changed=522, unchanged=377, early_stops=8/8
26 - INFO - chord#: 50 done. best_score=49.0, changed=538, unchanged=334, early_stops=8/8
26 - INFO - chord#: 52 In build_straw_man_chord_sa. tolerance = 1, sa_iterations = 1000, initial_temperature = 3.0, cooling_rate = 0.999
26 - INFO - chord#: 44 In build_straw_man_chord_sa. tolerance = 1, sa_iterations = 1000, initial_temperature = 3.0, cooling_rate = 0.999
26 - INFO - chord#: 48 done. best_score=64.0, changed=617, unchanged=443, early_stops=8/8
26 - INFO - chord#: 50 In build_straw_man_chord_sa. tolerance = 1, sa_iterations = 1000, initial_temperature = 3.0, cooling_rate = 0.999
26 - INFO - chord#: 44 done. best_score=27.0, changed=531, unchanged=461, early_stops=8/8
26 - INFO - chord#: 48 In build_straw_man_chord_sa. tolerance = 1, sa_iterations = 1000, initial_temperature = 3.0, cooling_rate = 0.999
26 - INFO - chord#: 50 done. best_score=49.0, changed=535, unchanged=323, early_stops=8/8
26 - INFO - chord#: 52 In build_straw_man_chord_sa. tolerance = 1, sa_iterations = 1000, initial_temperature = 3.0, cooling_rate = 0.999
26 - INFO - chord#: 44 done. best_score=27.0, changed=520, unchanged=351, early_stops=8/8
26 - INFO - chord#: 48 In build_straw_man_chord_sa. tolerance = 1, sa_iterations = 1000, initial_temperature = 3.0, cooling_rate = 0.999
26 - INFO - chord#: 42 done. best_score=36.0, changed=530, unchanged=437, early_stops=8/8
26 - INFO - chord#: 44 In build_straw_man_chord_sa. tolerance = 1, sa_iterations = 1000, initial_temperature = 3.0, cooling_rate = 0.999
26 - INFO - chord#: 42 done. best_score=36.0, changed=522, unchanged=438, early_stops=8/8
26 - INFO - chord#: 44 In build_straw_man_chord_sa. tolerance = 1, sa_iterations = 1000, initial_temperature = 3.0, cooling_rate = 0.999
26 - INFO - chord#: 48 done. best_score=104.0, changed=607, unchanged=212, early_stops=8/8
26 - INFO - chord#: 50 In build_straw_man_chord_sa. tolerance = 1, sa_iterations = 1000, initial_temperature = 3.0, cooling_rate = 0.999
26 - INFO - chord#: 52 done. best_score=27.0, changed=515, unchanged=361, early_stops=8/8
26 - INFO - chord#: 54 In build_straw_man_chord_sa. tolerance = 1, sa_iterations = 1000, initial_temperature = 3.0, cooling_rate = 0.999
26 - INFO - chord#: 42 done. best_score=36.0, changed=525, unchanged=376, early_stops=8/8
26 - INFO - chord#: 44 In build_straw_man_chord_sa. tolerance = 1, sa_iterations = 1000, initial_temperature = 3.0, cooling_rate = 0.999
26 - INFO - chord#: 42 done. best_score=36.0, changed=523, unchanged=362, early_stops=8/8
26 - INFO - chord#: 44 In build_straw_man_chord_sa. tolerance = 1, sa_iterations = 1000, initial_temperature = 3.0, cooling_rate = 0.999
26 - INFO - chord#: 52 done. best_score=27.0, changed=517, unchanged=471, early_stops=8/8
26 - INFO - chord#: 54 In build_straw_man_chord_sa. tolerance = 1, sa_iterations = 1000, initial_temperature = 3.0, cooling_rate = 0.999
26 - INFO - chord#: 50 done. best_score=37.0, changed=526, unchanged=385, early_stops=8/8
26 - INFO - chord#: 52 In build_straw_man_chord_sa. tolerance = 1, sa_iterations = 1000, initial_temperature = 3.0, cooling_rate = 0.999
26 - INFO - chord#: 44 done. best_score=27.0, changed=522, unchanged=481, early_stops=8/8
26 - INFO - chord#: 48 In build_straw_man_chord_sa. tolerance = 1, sa_iterations = 1000, initial_temperature = 3.0, cooling_rate = 0.999
26 - INFO - chord#: 52 done. best_score=27.0, changed=519, unchanged=486, early_stops=8/8
26 - INFO - chord#: 54 In build_straw_man_chord_sa. tolerance = 1, sa_iterations = 1000, initial_temperature = 3.0, cooling_rate = 0.999
26 - INFO - chord#: 50 done. best_score=37.0, changed=524, unchanged=345, early_stops=8/8
26 - INFO - chord#: 52 In build_straw_man_chord_sa. tolerance = 1, sa_iterations = 1000, initial_temperature = 3.0, cooling_rate = 0.999
26 - INFO - chord#: 44 done. best_score=27.0, changed=518, unchanged=362, early_stops=8/8
26 - INFO - chord#: 48 In build_straw_man_chord_sa. tolerance = 1, sa_iterations = 1000, initial_temperature = 3.0, cooling_rate = 0.999
26 - INFO - chord#: 54 done. best_score=47.0, changed=529, unchanged=320, early_stops=8/8
26 - INFO - chord#: 55 In build_straw_man_chord_sa. tolerance = 1, sa_iterations = 1000, initial_temperature = 3.0, cooling_rate = 0.999
26 - INFO - chord#: 44 done. best_score=27.0, changed=524, unchanged=409, early_stops=8/8
26 - INFO - chord#: 48 In build_straw_man_chord_sa. tolerance = 1, sa_iterations = 1000, initial_temperature = 3.0, cooling_rate = 0.999
26 - INFO - chord#: 54 done. best_score=47.0, changed=524, unchanged=336, early_stops=8/8
26 - INFO - chord#: 55 In build_straw_man_chord_sa. tolerance = 1, sa_iterations = 1000, initial_temperature = 3.0, cooling_rate = 0.999
26 - INFO - chord#: 44 done. best_score=27.0, changed=523, unchanged=374, early_stops=8/8
26 - INFO - chord#: 48 In build_straw_man_chord_sa. tolerance = 1, sa_iterations = 1000, initial_temperature = 3.0, cooling_rate = 0.999
26 - INFO - chord#: 44 done. best_score=27.0, changed=514, unchanged=402, early_stops=8/8
26 - INFO - chord#: 48 In build_straw_man_chord_sa. tolerance = 1, sa_iterations = 1000, initial_temperature = 3.0, cooling_rate = 0.999
26 - INFO - chord#: 54 done. best_score=47.0, changed=524, unchanged=410, early_stops=8/8
26 - INFO - chord#: 55 In build_straw_man_chord_sa. tolerance = 1, sa_iterations = 1000, initial_temperature = 3.0, cooling_rate = 0.999
26 - INFO - chord#: 48 done. best_score=64.0, changed=608, unchanged=323, early_stops=8/8
26 - INFO - chord#: 50 In build_straw_man_chord_sa. tolerance = 1, sa_iterations = 1000, initial_temperature = 3.0, cooling_rate = 0.999
26 - INFO - chord#: 52 done. best_score=27.0, changed=517, unchanged=421, early_stops=8/8
26 - INFO - chord#: 54 In build_straw_man_chord_sa. tolerance = 1, sa_iterations = 1000, initial_temperature = 3.0, cooling_rate = 0.999
26 - INFO - chord#: 52 done. best_score=27.0, changed=523, unchanged=358, early_stops=8/8
26 - INFO - chord#: 54 In build_straw_man_chord_sa. tolerance = 1, sa_iterations = 1000, initial_temperature = 3.0, cooling_rate = 0.999
26 - INFO - chord#: 48 done. best_score=154.0, changed=605, unchanged=209, early_stops=8/8
26 - INFO - chord#: 50 In build_straw_man_chord_sa. tolerance = 1, sa_iterations = 1000, initial_temperature = 3.0, cooling_rate = 0.999
26 - INFO - chord#: 50 done. best_score=37.0, changed=521, unchanged=414, early_stops=8/8
26 - INFO - chord#: 52 In build_straw_man_chord_sa. tolerance = 1, sa_iterations = 1000, initial_temperature = 3.0, cooling_rate = 0.999
26 - INFO - chord#: 48 done. best_score=64.0, changed=610, unchanged=316, early_stops=8/8
26 - INFO - chord#: 50 In build_straw_man_chord_sa. tolerance = 1, sa_iterations = 1000, initial_temperature = 3.0, cooling_rate = 0.999
26 - INFO - chord#: 54 done. best_score=47.0, changed=537, unchanged=502, early_stops=8/8
26 - INFO - chord#: 55 In build_straw_man_chord_sa. tolerance = 1, sa_iterations = 1000, initial_temperature = 3.0, cooling_rate = 0.999
26 - INFO - chord#: 48 done. best_score=64.0, changed=613, unchanged=580, early_stops=8/8
26 - INFO - chord#: 50 In build_straw_man_chord_sa. tolerance = 1, sa_iterations = 1000, initial_temperature = 3.0, cooling_rate = 0.999
26 - INFO - chord#: 54 done. best_score=47.0, changed=520, unchanged=431, early_stops=8/8
26 - INFO - chord#: 55 In build_straw_man_chord_sa. tolerance = 1, sa_iterations = 1000, initial_temperature = 3.0, cooling_rate = 0.999
26 - INFO - chord#: 50 done. best_score=37.0, changed=527, unchanged=449, early_stops=8/8
26 - INFO - chord#: 52 In build_straw_man_chord_sa. tolerance = 1, sa_iterations = 1000, initial_temperature = 3.0, cooling_rate = 0.999
26 - INFO - chord#: 55 done. best_score=113.0, changed=609, unchanged=324, early_stops=8/8
26 - INFO - chord#: 56 In build_straw_man_chord_sa. tolerance = 1, sa_iterations = 1000, initial_temperature = 3.0, cooling_rate = 0.999
26 - INFO - chord#: 50 done. best_score=37.0, changed=528, unchanged=376, early_stops=8/8
26 - INFO - chord#: 52 In build_straw_man_chord_sa. tolerance = 1, sa_iterations = 1000, initial_temperature = 3.0, cooling_rate = 0.999
26 - INFO - chord#: 52 done. best_score=27.0, changed=514, unchanged=429, early_stops=8/8
26 - INFO - chord#: 54 In build_straw_man_chord_sa. tolerance = 1, sa_iterations = 1000, initial_temperature = 3.0, cooling_rate = 0.999
26 - INFO - chord#: 48 done. best_score=133.0, changed=610, unchanged=302, early_stops=8/8
26 - INFO - chord#: 50 In build_straw_man_chord_sa. tolerance = 1, sa_iterations = 1000, initial_temperature = 3.0, cooling_rate = 0.999
26 - INFO - chord#: 56 done. best_score=9.0, changed=473, unchanged=372, early_stops=8/8
26 - INFO - chord#: 64 In build_straw_man_chord_sa. tolerance = 1, sa_iterations = 1000, initial_temperature = 3.0, cooling_rate = 0.999
26 - INFO - chord#: 55 done. best_score=155.0, changed=609, unchanged=306, early_stops=8/8
26 - INFO - chord#: 56 In build_straw_man_chord_sa. tolerance = 1, sa_iterations = 1000, initial_temperature = 3.0, cooling_rate = 0.999
26 - INFO - chord#: 50 done. best_score=35.0, changed=519, unchanged=323, early_stops=8/8
26 - INFO - chord#: 52 In build_straw_man_chord_sa. tolerance = 1, sa_iterations = 1000, initial_temperature = 3.0, cooling_rate = 0.999
26 - INFO - chord#: 48 done. best_score=154.0, changed=613, unchanged=347, early_stops=8/8
26 - INFO - chord#: 50 In build_straw_man_chord_sa. tolerance = 1, sa_iterations = 1000, initial_temperature = 3.0, cooling_rate = 0.999
26 - INFO - chord#: 55 done. best_score=111.0, changed=615, unchanged=396, early_stops=8/8
26 - INFO - chord#: 56 In build_straw_man_chord_sa. tolerance = 1, sa_iterations = 1000, initial_temperature = 3.0, cooling_rate = 0.999
26 - INFO - chord#: 52 done. best_score=27.0, changed=515, unchanged=492, early_stops=8/8
26 - INFO - chord#: 54 In build_straw_man_chord_sa. tolerance = 1, sa_iterations = 1000, initial_temperature = 3.0, cooling_rate = 0.999
26 - INFO - chord#: 56 done. best_score=9.0, changed=455, unchanged=396, early_stops=8/8
26 - INFO - chord#: 64 In build_straw_man_chord_sa. tolerance = 1, sa_iterations = 1000, initial_temperature = 3.0, cooling_rate = 0.999
26 - INFO - chord#: 56 done. best_score=9.0, changed=487, unchanged=409, early_stops=8/8
26 - INFO - chord#: 64 In build_straw_man_chord_sa. tolerance = 1, sa_iterations = 1000, initial_temperature = 3.0, cooling_rate = 0.999
26 - INFO - chord#: 54 done. best_score=47.0, changed=528, unchanged=442, early_stops=8/8
26 - INFO - chord#: 55 In build_straw_man_chord_sa. tolerance = 1, sa_iterations = 1000, initial_temperature = 3.0, cooling_rate = 0.999
26 - INFO - chord#: 50 done. best_score=37.0, changed=517, unchanged=299, early_stops=8/8
26 - INFO - chord#: 52 In build_straw_man_chord_sa. tolerance = 1, sa_iterations = 1000, initial_temperature = 3.0, cooling_rate = 0.999
26 - INFO - chord#: 48 done. best_score=146.0, changed=617, unchanged=469, early_stops=8/8
26 - INFO - chord#: 50 In build_straw_man_chord_sa. tolerance = 1, sa_iterations = 1000, initial_temperature = 3.0, cooling_rate = 0.999
26 - INFO - chord#: 64 done. best_score=27.0, changed=520, unchanged=420, early_stops=8/8
26 - INFO - chord#: 72 In build_straw_man_chord_sa. tolerance = 1, sa_iterations = 1000, initial_temperature = 3.0, cooling_rate = 0.999
26 - INFO - chord#: 52 done. best_score=27.0, changed=523, unchanged=607, early_stops=8/8
26 - INFO - chord#: 54 In build_straw_man_chord_sa. tolerance = 1, sa_iterations = 1000, initial_temperature = 3.0, cooling_rate = 0.999
26 - INFO - chord#: 55 done. best_score=120.0, changed=611, unchanged=213, early_stops=8/8
26 - INFO - chord#: 56 In build_straw_man_chord_sa. tolerance = 1, sa_iterations = 1000, initial_temperature = 3.0, cooling_rate = 0.999
26 - INFO - chord#: 56 done. best_score=9.0, changed=466, unchanged=370, early_stops=8/8
26 - INFO - chord#: 64 In build_straw_man_chord_sa. tolerance = 1, sa_iterations = 1000, initial_temperature = 3.0, cooling_rate = 0.999
26 - INFO - chord#: 50 done. best_score=37.0, changed=517, unchanged=356, early_stops=8/8
26 - INFO - chord#: 52 In build_straw_man_chord_sa. tolerance = 1, sa_iterations = 1000, initial_temperature = 3.0, cooling_rate = 0.999
26 - INFO - chord#: 54 done. best_score=47.0, changed=523, unchanged=381, early_stops=8/8
26 - INFO - chord#: 55 In build_straw_man_chord_sa. tolerance = 1, sa_iterations = 1000, initial_temperature = 3.0, cooling_rate = 0.999
26 - INFO - chord#: 52 done. best_score=27.0, changed=520, unchanged=349, early_stops=8/8
26 - INFO - chord#: 54 In build_straw_man_chord_sa. tolerance = 1, sa_iterations = 1000, initial_temperature = 3.0, cooling_rate = 0.999
26 - INFO - chord#: 64 done. best_score=27.0, changed=512, unchanged=367, early_stops=8/8
26 - INFO - chord#: 72 In build_straw_man_chord_sa. tolerance = 1, sa_iterations = 1000, initial_temperature = 3.0, cooling_rate = 0.999
26 - INFO - chord#: 64 done. best_score=27.0, changed=513, unchanged=446, early_stops=8/8
26 - INFO - chord#: 72 In build_straw_man_chord_sa. tolerance = 1, sa_iterations = 1000, initial_temperature = 3.0, cooling_rate = 0.999
26 - INFO - chord#: 55 done. best_score=121.0, changed=610, unchanged=240, early_stops=8/8
26 - INFO - chord#: 56 In build_straw_man_chord_sa. tolerance = 1, sa_iterations = 1000, initial_temperature = 3.0, cooling_rate = 0.999
26 - INFO - chord#: 54 done. best_score=47.0, changed=514, unchanged=315, early_stops=8/8
26 - INFO - chord#: 55 In build_straw_man_chord_sa. tolerance = 1, sa_iterations = 1000, initial_temperature = 3.0, cooling_rate = 0.999
26 - INFO - chord#: 72 done. best_score=27.0, changed=527, unchanged=397, early_stops=8/8
26 - INFO - chord#: 74 In build_straw_man_chord_sa. tolerance = 1, sa_iterations = 1000, initial_temperature = 3.0, cooling_rate = 0.999
26 - INFO - chord#: 50 done. best_score=35.0, changed=515, unchanged=346, early_stops=8/8
26 - INFO - chord#: 52 In build_straw_man_chord_sa. tolerance = 1, sa_iterations = 1000, initial_temperature = 3.0, cooling_rate = 0.999
26 - INFO - chord#: 56 done. best_score=9.0, changed=466, unchanged=371, early_stops=8/8
26 - INFO - chord#: 64 In build_straw_man_chord_sa. tolerance = 1, sa_iterations = 1000, initial_temperature = 3.0, cooling_rate = 0.999
26 - INFO - chord#: 52 done. best_score=27.0, changed=525, unchanged=505, early_stops=8/8
26 - INFO - chord#: 54 In build_straw_man_chord_sa. tolerance = 1, sa_iterations = 1000, initial_temperature = 3.0, cooling_rate = 0.999
26 - INFO - chord#: 72 done. best_score=27.0, changed=515, unchanged=371, early_stops=8/8
26 - INFO - chord#: 74 In build_straw_man_chord_sa. tolerance = 1, sa_iterations = 1000, initial_temperature = 3.0, cooling_rate = 0.999
26 - INFO - chord#: 64 done. best_score=27.0, changed=522, unchanged=437, early_stops=8/8
26 - INFO - chord#: 72 In build_straw_man_chord_sa. tolerance = 1, sa_iterations = 1000, initial_temperature = 3.0, cooling_rate = 0.999
26 - INFO - chord#: 54 done. best_score=47.0, changed=520, unchanged=352, early_stops=8/8
26 - INFO - chord#: 55 In build_straw_man_chord_sa. tolerance = 1, sa_iterations = 1000, initial_temperature = 3.0, cooling_rate = 0.999
26 - INFO - chord#: 52 done. best_score=27.0, changed=518, unchanged=424, early_stops=8/8
26 - INFO - chord#: 54 In build_straw_man_chord_sa. tolerance = 1, sa_iterations = 1000, initial_temperature = 3.0, cooling_rate = 0.999
26 - INFO - chord#: 74 done. best_score=48.0, changed=528, unchanged=305, early_stops=8/8
26 - INFO - chord#: 76 In build_straw_man_chord_sa. tolerance = 1, sa_iterations = 1000, initial_temperature = 3.0, cooling_rate = 0.999
26 - INFO - chord#: 72 done. best_score=27.0, changed=524, unchanged=393, early_stops=8/8
26 - INFO - chord#: 74 In build_straw_man_chord_sa. tolerance = 1, sa_iterations = 1000, initial_temperature = 3.0, cooling_rate = 0.999
26 - INFO - chord#: 52 done. best_score=27.0, changed=524, unchanged=532, early_stops=8/8
26 - INFO - chord#: 54 In build_straw_man_chord_sa. tolerance = 1, sa_iterations = 1000, initial_temperature = 3.0, cooling_rate = 0.999
26 - INFO - chord#: 74 done. best_score=48.0, changed=531, unchanged=381, early_stops=8/8
26 - INFO - chord#: 76 In build_straw_man_chord_sa. tolerance = 1, sa_iterations = 1000, initial_temperature = 3.0, cooling_rate = 0.999
26 - INFO - chord#: 72 done. best_score=27.0, changed=513, unchanged=303, early_stops=8/8
26 - INFO - chord#: 74 In build_straw_man_chord_sa. tolerance = 1, sa_iterations = 1000, initial_temperature = 3.0, cooling_rate = 0.999
26 - INFO - chord#: 55 done. best_score=113.0, changed=616, unchanged=470, early_stops=8/8
26 - INFO - chord#: 56 In build_straw_man_chord_sa. tolerance = 1, sa_iterations = 1000, initial_temperature = 3.0, cooling_rate = 0.999
26 - INFO - chord#: 64 done. best_score=27.0, changed=532, unchanged=504, early_stops=8/8
26 - INFO - chord#: 72 In build_straw_man_chord_sa. tolerance = 1, sa_iterations = 1000, initial_temperature = 3.0, cooling_rate = 0.999
26 - INFO - chord#: 54 done. best_score=47.0, changed=530, unchanged=493, early_stops=8/8
26 - INFO - chord#: 55 In build_straw_man_chord_sa. tolerance = 1, sa_iterations = 1000, initial_temperature = 3.0, cooling_rate = 0.999
26 - INFO - chord#: 56 done. best_score=9.0, changed=471, unchanged=400, early_stops=8/8
26 - INFO - chord#: 64 In build_straw_man_chord_sa. tolerance = 1, sa_iterations = 1000, initial_temperature = 3.0, cooling_rate = 0.999
26 - INFO - chord#: 76 done. best_score=27.0, changed=520, unchanged=463, early_stops=8/8
26 - INFO - chord#: 78 In build_straw_man_chord_sa. tolerance = 1, sa_iterations = 1000, initial_temperature = 3.0, cooling_rate = 0.999
26 - INFO - chord#: 55 done. best_score=111.0, changed=609, unchanged=280, early_stops=8/8
26 - INFO - chord#: 56 In build_straw_man_chord_sa. tolerance = 1, sa_iterations = 1000, initial_temperature = 3.0, cooling_rate = 0.999
26 - INFO - chord#: 55 done. best_score=93.0, changed=613, unchanged=450, early_stops=8/8
26 - INFO - chord#: 56 In build_straw_man_chord_sa. tolerance = 1, sa_iterations = 1000, initial_temperature = 3.0, cooling_rate = 0.999
26 - INFO - chord#: 54 done. best_score=47.0, changed=530, unchanged=415, early_stops=8/8
26 - INFO - chord#: 55 In build_straw_man_chord_sa. tolerance = 1, sa_iterations = 1000, initial_temperature = 3.0, cooling_rate = 0.999
26 - INFO - chord#: 56 done. best_score=9.0, changed=458, unchanged=367, early_stops=8/8
26 - INFO - chord#: 64 In build_straw_man_chord_sa. tolerance = 1, sa_iterations = 1000, initial_temperature = 3.0, cooling_rate = 0.999
26 - INFO - chord#: 74 done. best_score=48.0, changed=529, unchanged=362, early_stops=8/8
26 - INFO - chord#: 76 In build_straw_man_chord_sa. tolerance = 1, sa_iterations = 1000, initial_temperature = 3.0, cooling_rate = 0.999
26 - INFO - chord#: 56 done. best_score=9.0, changed=471, unchanged=383, early_stops=8/8
26 - INFO - chord#: 64 In build_straw_man_chord_sa. tolerance = 1, sa_iterations = 1000, initial_temperature = 3.0, cooling_rate = 0.999
26 - INFO - chord#: 76 done. best_score=27.0, changed=519, unchanged=377, early_stops=8/8
26 - INFO - chord#: 78 In build_straw_man_chord_sa. tolerance = 1, sa_iterations = 1000, initial_temperature = 3.0, cooling_rate = 0.999
26 - INFO - chord#: 74 done. best_score=48.0, changed=519, unchanged=311, early_stops=8/8
26 - INFO - chord#: 76 In build_straw_man_chord_sa. tolerance = 1, sa_iterations = 1000, initial_temperature = 3.0, cooling_rate = 0.999
26 - INFO - chord#: 54 done. best_score=47.0, changed=530, unchanged=461, early_stops=8/8
26 - INFO - chord#: 55 In build_straw_man_chord_sa. tolerance = 1, sa_iterations = 1000, initial_temperature = 3.0, cooling_rate = 0.999
26 - INFO - chord#: 64 done. best_score=27.0, changed=524, unchanged=343, early_stops=8/8
26 - INFO - chord#: 72 In build_straw_man_chord_sa. tolerance = 1, sa_iterations = 1000, initial_temperature = 3.0, cooling_rate = 0.999
26 - INFO - chord#: 78 done. best_score=27.0, changed=523, unchanged=380, early_stops=8/8
26 - INFO - chord#: 80 In build_straw_man_chord_sa. tolerance = 1, sa_iterations = 1000, initial_temperature = 3.0, cooling_rate = 0.999
26 - INFO - chord#: 72 done. best_score=27.0, changed=519, unchanged=423, early_stops=8/8
26 - INFO - chord#: 74 In build_straw_man_chord_sa. tolerance = 1, sa_iterations = 1000, initial_temperature = 3.0, cooling_rate = 0.999
26 - INFO - chord#: 78 done. best_score=27.0, changed=518, unchanged=422, early_stops=8/8
26 - INFO - chord#: 80 In build_straw_man_chord_sa. tolerance = 1, sa_iterations = 1000, initial_temperature = 3.0, cooling_rate = 0.999
26 - INFO - chord#: 64 done. best_score=27.0, changed=517, unchanged=409, early_stops=8/8
26 - INFO - chord#: 72 In build_straw_man_chord_sa. tolerance = 1, sa_iterations = 1000, initial_temperature = 3.0, cooling_rate = 0.999
26 - INFO - chord#: 64 done. best_score=27.0, changed=520, unchanged=441, early_stops=8/8
26 - INFO - chord#: 72 In build_straw_man_chord_sa. tolerance = 1, sa_iterations = 1000, initial_temperature = 3.0, cooling_rate = 0.999
26 - INFO - chord#: 76 done. best_score=27.0, changed=511, unchanged=436, early_stops=8/8
26 - INFO - chord#: 78 In build_straw_man_chord_sa. tolerance = 1, sa_iterations = 1000, initial_temperature = 3.0, cooling_rate = 0.999
26 - INFO - chord#: 76 done. best_score=27.0, changed=519, unchanged=428, early_stops=8/8
26 - INFO - chord#: 78 In build_straw_man_chord_sa. tolerance = 1, sa_iterations = 1000, initial_temperature = 3.0, cooling_rate = 0.999
26 - INFO - chord#: 72 done. best_score=27.0, changed=519, unchanged=320, early_stops=8/8
26 - INFO - chord#: 74 In build_straw_man_chord_sa. tolerance = 1, sa_iterations = 1000, initial_temperature = 3.0, cooling_rate = 0.999
26 - INFO - chord#: 55 done. best_score=144.0, changed=613, unchanged=325, early_stops=8/8
26 - INFO - chord#: 56 In build_straw_man_chord_sa. tolerance = 1, sa_iterations = 1000, initial_temperature = 3.0, cooling_rate = 0.999
26 - INFO - chord#: 74 done. best_score=48.0, changed=518, unchanged=339, early_stops=8/8
26 - INFO - chord#: 76 In build_straw_man_chord_sa. tolerance = 1, sa_iterations = 1000, initial_temperature = 3.0, cooling_rate = 0.999
26 - INFO - chord#: 56 done. best_score=9.0, changed=449, unchanged=409, early_stops=8/8
26 - INFO - chord#: 64 In build_straw_man_chord_sa. tolerance = 1, sa_iterations = 1000, initial_temperature = 3.0, cooling_rate = 0.999
26 - INFO - chord#: 72 done. best_score=27.0, changed=521, unchanged=429, early_stops=8/8
26 - INFO - chord#: 74 In build_straw_man_chord_sa. tolerance = 1, sa_iterations = 1000, initial_temperature = 3.0, cooling_rate = 0.999
26 - INFO - chord#: 72 done. best_score=27.0, changed=531, unchanged=471, early_stops=8/8
26 - INFO - chord#: 74 In build_straw_man_chord_sa. tolerance = 1, sa_iterations = 1000, initial_temperature = 3.0, cooling_rate = 0.999
26 - INFO - chord#: 78 done. best_score=27.0, changed=520, unchanged=365, early_stops=8/8
26 - INFO - chord#: 80 In build_straw_man_chord_sa. tolerance = 1, sa_iterations = 1000, initial_temperature = 3.0, cooling_rate = 0.999
26 - INFO - chord#: 55 done. best_score=105.0, changed=612, unchanged=304, early_stops=8/8
26 - INFO - chord#: 56 In build_straw_man_chord_sa. tolerance = 1, sa_iterations = 1000, initial_temperature = 3.0, cooling_rate = 0.999
26 - INFO - chord#: 55 done. best_score=115.0, changed=605, unchanged=216, early_stops=8/8
26 - INFO - chord#: 56 In build_straw_man_chord_sa. tolerance = 1, sa_iterations = 1000, initial_temperature = 3.0, cooling_rate = 0.999
26 - INFO - chord#: 74 done. best_score=48.0, changed=519, unchanged=316, early_stops=8/8
26 - INFO - chord#: 76 In build_straw_man_chord_sa. tolerance = 1, sa_iterations = 1000, initial_temperature = 3.0, cooling_rate = 0.999
26 - INFO - chord#: 78 done. best_score=27.0, changed=520, unchanged=418, early_stops=8/8
26 - INFO - chord#: 80 In build_straw_man_chord_sa. tolerance = 1, sa_iterations = 1000, initial_temperature = 3.0, cooling_rate = 0.999
26 - INFO - chord#: 56 done. best_score=9.0, changed=453, unchanged=398, early_stops=8/8
26 - INFO - chord#: 64 In build_straw_man_chord_sa. tolerance = 1, sa_iterations = 1000, initial_temperature = 3.0, cooling_rate = 0.999
26 - INFO - chord#: 56 done. best_score=9.0, changed=457, unchanged=364, early_stops=8/8
26 - INFO - chord#: 80 done. best_score=71.0, changed=608, unchanged=260, early_stops=8/8
26 - INFO - chord#: 84 In build_straw_man_chord_sa. tolerance = 1, sa_iterations = 1000, initial_temperature = 3.0, cooling_rate = 0.999
26 - INFO - chord#: 64 In build_straw_man_chord_sa. tolerance = 1, sa_iterations = 1000, initial_temperature = 3.0, cooling_rate = 0.999
26 - INFO - chord#: 80 done. best_score=64.0, changed=610, unchanged=267, early_stops=8/8
26 - INFO - chord#: 84 In build_straw_man_chord_sa. tolerance = 1, sa_iterations = 1000, initial_temperature = 3.0, cooling_rate = 0.999
26 - INFO - chord#: 74 done. best_score=48.0, changed=532, unchanged=333, early_stops=8/8
26 - INFO - chord#: 76 In build_straw_man_chord_sa. tolerance = 1, sa_iterations = 1000, initial_temperature = 3.0, cooling_rate = 0.999
26 - INFO - chord#: 74 done. best_score=48.0, changed=535, unchanged=439, early_stops=8/8
26 - INFO - chord#: 76 In build_straw_man_chord_sa. tolerance = 1, sa_iterations = 1000, initial_temperature = 3.0, cooling_rate = 0.999
26 - INFO - chord#: 76 done. best_score=27.0, changed=518, unchanged=391, early_stops=8/8
26 - INFO - chord#: 78 In build_straw_man_chord_sa. tolerance = 1, sa_iterations = 1000, initial_temperature = 3.0, cooling_rate = 0.999
26 - INFO - chord#: 76 done. best_score=27.0, changed=525, unchanged=365, early_stops=8/8
26 - INFO - chord#: 78 In build_straw_man_chord_sa. tolerance = 1, sa_iterations = 1000, initial_temperature = 3.0, cooling_rate = 0.999
26 - INFO - chord#: 64 done. best_score=27.0, changed=518, unchanged=482, early_stops=8/8
26 - INFO - chord#: 72 In build_straw_man_chord_sa. tolerance = 1, sa_iterations = 1000, initial_temperature = 3.0, cooling_rate = 0.999
26 - INFO - chord#: 84 done. best_score=31.0, changed=529, unchanged=368, early_stops=8/8
26 - INFO - chord#: 86 In build_straw_man_chord_sa. tolerance = 1, sa_iterations = 1000, initial_temperature = 3.0, cooling_rate = 0.999
26 - INFO - chord#: 55 done. best_score=111.0, changed=617, unchanged=381, early_stops=8/8
26 - INFO - chord#: 56 In build_straw_man_chord_sa. tolerance = 1, sa_iterations = 1000, initial_temperature = 3.0, cooling_rate = 0.999
26 - INFO - chord#: 64 done. best_score=36.0, changed=522, unchanged=367, early_stops=8/8
26 - INFO - chord#: 72 In build_straw_man_chord_sa. tolerance = 1, sa_iterations = 1000, initial_temperature = 3.0, cooling_rate = 0.999
26 - INFO - chord#: 84 done. best_score=31.0, changed=532, unchanged=358, early_stops=8/8
26 - INFO - chord#: 86 In build_straw_man_chord_sa. tolerance = 1, sa_iterations = 1000, initial_temperature = 3.0, cooling_rate = 0.999
26 - INFO - chord#: 56 done. best_score=9.0, changed=467, unchanged=365, early_stops=8/8
26 - INFO - chord#: 64 In build_straw_man_chord_sa. tolerance = 1, sa_iterations = 1000, initial_temperature = 3.0, cooling_rate = 0.999
26 - INFO - chord#: 76 done. best_score=27.0, changed=515, unchanged=381, early_stops=8/8
26 - INFO - chord#: 78 In build_straw_man_chord_sa. tolerance = 1, sa_iterations = 1000, initial_temperature = 3.0, cooling_rate = 0.999
26 - INFO - chord#: 64 done. best_score=27.0, changed=525, unchanged=542, early_stops=8/8
26 - INFO - chord#: 72 In build_straw_man_chord_sa. tolerance = 1, sa_iterations = 1000, initial_temperature = 3.0, cooling_rate = 0.999
26 - INFO - chord#: 76 done. best_score=27.0, changed=520, unchanged=560, early_stops=8/8
26 - INFO - chord#: 78 In build_straw_man_chord_sa. tolerance = 1, sa_iterations = 1000, initial_temperature = 3.0, cooling_rate = 0.999
26 - INFO - chord#: 78 done. best_score=27.0, changed=522, unchanged=442, early_stops=8/8
26 - INFO - chord#: 80 In build_straw_man_chord_sa. tolerance = 1, sa_iterations = 1000, initial_temperature = 3.0, cooling_rate = 0.999
26 - INFO - chord#: 78 done. best_score=27.0, changed=526, unchanged=445, early_stops=8/8
26 - INFO - chord#: 80 In build_straw_man_chord_sa. tolerance = 1, sa_iterations = 1000, initial_temperature = 3.0, cooling_rate = 0.999
26 - INFO - chord#: 72 done. best_score=27.0, changed=521, unchanged=444, early_stops=8/8
26 - INFO - chord#: 74 In build_straw_man_chord_sa. tolerance = 1, sa_iterations = 1000, initial_temperature = 3.0, cooling_rate = 0.999
26 - INFO - chord#: 80 done. best_score=71.0, changed=607, unchanged=318, early_stops=8/8
26 - INFO - chord#: 84 In build_straw_man_chord_sa. tolerance = 1, sa_iterations = 1000, initial_temperature = 3.0, cooling_rate = 0.999
26 - INFO - chord#: 78 done. best_score=27.0, changed=522, unchanged=393, early_stops=8/8
26 - INFO - chord#: 80 In build_straw_man_chord_sa. tolerance = 1, sa_iterations = 1000, initial_temperature = 3.0, cooling_rate = 0.999
26 - INFO - chord#: 72 done. best_score=27.0, changed=530, unchanged=569, early_stops=8/8
26 - INFO - chord#: 74 In build_straw_man_chord_sa. tolerance = 1, sa_iterations = 1000, initial_temperature = 3.0, cooling_rate = 0.999
26 - INFO - chord#: 64 done. best_score=27.0, changed=514, unchanged=448, early_stops=8/8
26 - INFO - chord#: 72 In build_straw_man_chord_sa. tolerance = 1, sa_iterations = 1000, initial_temperature = 3.0, cooling_rate = 0.999
26 - INFO - chord#: 78 done. best_score=27.0, changed=531, unchanged=449, early_stops=8/8
26 - INFO - chord#: 80 In build_straw_man_chord_sa. tolerance = 1, sa_iterations = 1000, initial_temperature = 3.0, cooling_rate = 0.999
26 - INFO - chord#: 74 done. best_score=48.0, changed=523, unchanged=294, early_stops=8/8
26 - INFO - chord#: 76 In build_straw_man_chord_sa. tolerance = 1, sa_iterations = 1000, initial_temperature = 3.0, cooling_rate = 0.999
26 - INFO - chord#: 72 done. best_score=27.0, changed=524, unchanged=483, early_stops=8/8
26 - INFO - chord#: 74 In build_straw_man_chord_sa. tolerance = 1, sa_iterations = 1000, initial_temperature = 3.0, cooling_rate = 0.999
26 - INFO - chord#: 84 done. best_score=58.0, changed=561, unchanged=271, early_stops=8/8
26 - INFO - chord#: 86 In build_straw_man_chord_sa. tolerance = 1, sa_iterations = 1000, initial_temperature = 3.0, cooling_rate = 0.999
26 - INFO - chord#: 80 done. best_score=64.0, changed=619, unchanged=505, early_stops=8/8
26 - INFO - chord#: 84 In build_straw_man_chord_sa. tolerance = 1, sa_iterations = 1000, initial_temperature = 3.0, cooling_rate = 0.999
26 - INFO - chord#: 86 done. best_score=67.0, changed=614, unchanged=223, early_stops=8/8
26 - INFO - chord#: 88 In build_straw_man_chord_sa. tolerance = 1, sa_iterations = 1000, initial_temperature = 3.0, cooling_rate = 0.999
26 - INFO - chord#: 86 done. best_score=137.0, changed=615, unchanged=315, early_stops=8/8
26 - INFO - chord#: 88 In build_straw_man_chord_sa. tolerance = 1, sa_iterations = 1000, initial_temperature = 3.0, cooling_rate = 0.999
26 - INFO - chord#: 76 done. best_score=27.0, changed=521, unchanged=339, early_stops=8/8
26 - INFO - chord#: 78 In build_straw_man_chord_sa. tolerance = 1, sa_iterations = 1000, initial_temperature = 3.0, cooling_rate = 0.999
26 - INFO - chord#: 88 done. best_score=9.0, changed=481, unchanged=387, early_stops=8/8
26 - INFO - chord#: 96 In build_straw_man_chord_sa. tolerance = 1, sa_iterations = 1000, initial_temperature = 3.0, cooling_rate = 0.999
26 - INFO - chord#: 74 done. best_score=48.0, changed=529, unchanged=392, early_stops=8/8
26 - INFO - chord#: 76 In build_straw_man_chord_sa. tolerance = 1, sa_iterations = 1000, initial_temperature = 3.0, cooling_rate = 0.999
26 - INFO - chord#: 88 done. best_score=9.0, changed=484, unchanged=375, early_stops=8/8
26 - INFO - chord#: 96 In build_straw_man_chord_sa. tolerance = 1, sa_iterations = 1000, initial_temperature = 3.0, cooling_rate = 0.999
26 - INFO - chord#: 72 done. best_score=27.0, changed=527, unchanged=428, early_stops=8/8
26 - INFO - chord#: 74 In build_straw_man_chord_sa. tolerance = 1, sa_iterations = 1000, initial_temperature = 3.0, cooling_rate = 0.999
26 - INFO - chord#: 74 done. best_score=48.0, changed=547, unchanged=320, early_stops=8/8
26 - INFO - chord#: 76 In build_straw_man_chord_sa. tolerance = 1, sa_iterations = 1000, initial_temperature = 3.0, cooling_rate = 0.999
26 - INFO - chord#: 80 done. best_score=71.0, changed=612, unchanged=346, early_stops=8/8
26 - INFO - chord#: 84 In build_straw_man_chord_sa. tolerance = 1, sa_iterations = 1000, initial_temperature = 3.0, cooling_rate = 0.999
26 - INFO - chord#: 80 done. best_score=145.0, changed=609, unchanged=227, early_stops=8/8
26 - INFO - chord#: 84 In build_straw_man_chord_sa. tolerance = 1, sa_iterations = 1000, initial_temperature = 3.0, cooling_rate = 0.999
26 - INFO - chord#: 80 done. best_score=71.0, changed=612, unchanged=301, early_stops=8/8
26 - INFO - chord#: 84 In build_straw_man_chord_sa. tolerance = 1, sa_iterations = 1000, initial_temperature = 3.0, cooling_rate = 0.999
26 - INFO - chord#: 78 done. best_score=27.0, changed=526, unchanged=448, early_stops=8/8
26 - INFO - chord#: 80 In build_straw_man_chord_sa. tolerance = 1, sa_iterations = 1000, initial_temperature = 3.0, cooling_rate = 0.999
26 - INFO - chord#: 80 done. best_score=71.0, changed=609, unchanged=254, early_stops=8/8
26 - INFO - chord#: 84 In build_straw_man_chord_sa. tolerance = 1, sa_iterations = 1000, initial_temperature = 3.0, cooling_rate = 0.999
26 - INFO - chord#: 96 done. best_score=27.0, changed=523, unchanged=346, early_stops=8/8
26 - INFO - chord#: 98 In build_straw_man_chord_sa. tolerance = 1, sa_iterations = 1000, initial_temperature = 3.0, cooling_rate = 0.999
26 - INFO - chord#: 84 done. best_score=31.0, changed=524, unchanged=419, early_stops=8/8
26 - INFO - chord#: 86 In build_straw_man_chord_sa. tolerance = 1, sa_iterations = 1000, initial_temperature = 3.0, cooling_rate = 0.999
26 - INFO - chord#: 96 done. best_score=27.0, changed=518, unchanged=375, early_stops=8/8
26 - INFO - chord#: 98 In build_straw_man_chord_sa. tolerance = 1, sa_iterations = 1000, initial_temperature = 3.0, cooling_rate = 0.999
26 - INFO - chord#: 84 done. best_score=31.0, changed=520, unchanged=355, early_stops=8/8
26 - INFO - chord#: 86 In build_straw_man_chord_sa. tolerance = 1, sa_iterations = 1000, initial_temperature = 3.0, cooling_rate = 0.999
26 - INFO - chord#: 74 done. best_score=48.0, changed=529, unchanged=334, early_stops=8/8
26 - INFO - chord#: 76 In build_straw_man_chord_sa. tolerance = 1, sa_iterations = 1000, initial_temperature = 3.0, cooling_rate = 0.999
26 - INFO - chord#: 76 done. best_score=27.0, changed=510, unchanged=386, early_stops=8/8
26 - INFO - chord#: 78 In build_straw_man_chord_sa. tolerance = 1, sa_iterations = 1000, initial_temperature = 3.0, cooling_rate = 0.999
26 - INFO - chord#: 86 done. best_score=137.0, changed=614, unchanged=343, early_stops=8/8
26 - INFO - chord#: 88 In build_straw_man_chord_sa. tolerance = 1, sa_iterations = 1000, initial_temperature = 3.0, cooling_rate = 0.999
26 - INFO - chord#: 84 done. best_score=31.0, changed=523, unchanged=351, early_stops=8/8
26 - INFO - chord#: 86 In build_straw_man_chord_sa. tolerance = 1, sa_iterations = 1000, initial_temperature = 3.0, cooling_rate = 0.999
26 - INFO - chord#: 76 done. best_score=27.0, changed=524, unchanged=380, early_stops=8/8
26 - INFO - chord#: 78 In build_straw_man_chord_sa. tolerance = 1, sa_iterations = 1000, initial_temperature = 3.0, cooling_rate = 0.999
26 - INFO - chord#: 88 done. best_score=9.0, changed=466, unchanged=396, early_stops=8/8
26 - INFO - chord#: 96 In build_straw_man_chord_sa. tolerance = 1, sa_iterations = 1000, initial_temperature = 3.0, cooling_rate = 0.999
26 - INFO - chord#: 84 done. best_score=31.0, changed=557, unchanged=289, early_stops=8/8
26 - INFO - chord#: 86 In build_straw_man_chord_sa. tolerance = 1, sa_iterations = 1000, initial_temperature = 3.0, cooling_rate = 0.999
26 - INFO - chord#: 84 done. best_score=31.0, changed=526, unchanged=337, early_stops=8/8
26 - INFO - chord#: 86 In build_straw_man_chord_sa. tolerance = 1, sa_iterations = 1000, initial_temperature = 3.0, cooling_rate = 0.999
26 - INFO - chord#: 78 done. best_score=27.0, changed=526, unchanged=430, early_stops=8/8
26 - INFO - chord#: 80 In build_straw_man_chord_sa. tolerance = 1, sa_iterations = 1000, initial_temperature = 3.0, cooling_rate = 0.999
26 - INFO - chord#: 76 done. best_score=27.0, changed=521, unchanged=431, early_stops=8/8
26 - INFO - chord#: 78 In build_straw_man_chord_sa. tolerance = 1, sa_iterations = 1000, initial_temperature = 3.0, cooling_rate = 0.999
26 - INFO - chord#: 96 done. best_score=27.0, changed=522, unchanged=470, early_stops=8/8
26 - INFO - chord#: 98 In build_straw_man_chord_sa. tolerance = 1, sa_iterations = 1000, initial_temperature = 3.0, cooling_rate = 0.999
26 - INFO - chord#: 78 done. best_score=27.0, changed=522, unchanged=430, early_stops=8/8
26 - INFO - chord#: 80 In build_straw_man_chord_sa. tolerance = 1, sa_iterations = 1000, initial_temperature = 3.0, cooling_rate = 0.999
26 - INFO - chord#: 98 done. best_score=97.0, changed=609, unchanged=241, early_stops=8/8
26 - INFO - chord#: 100 In build_straw_man_chord_sa. tolerance = 1, sa_iterations = 1000, initial_temperature = 3.0, cooling_rate = 0.999
26 - INFO - chord#: 80 done. best_score=64.0, changed=612, unchanged=363, early_stops=8/8
26 - INFO - chord#: 84 In build_straw_man_chord_sa. tolerance = 1, sa_iterations = 1000, initial_temperature = 3.0, cooling_rate = 0.999
26 - INFO - chord#: 86 done. best_score=67.0, changed=613, unchanged=271, early_stops=8/8
26 - INFO - chord#: 88 In build_straw_man_chord_sa. tolerance = 1, sa_iterations = 1000, initial_temperature = 3.0, cooling_rate = 0.999
26 - INFO - chord#: 86 done. best_score=137.0, changed=616, unchanged=364, early_stops=8/8
26 - INFO - chord#: 88 In build_straw_man_chord_sa. tolerance = 1, sa_iterations = 1000, initial_temperature = 3.0, cooling_rate = 0.999
26 - INFO - chord#: 98 done. best_score=162.0, changed=610, unchanged=214, early_stops=8/8
26 - INFO - chord#: 100 In build_straw_man_chord_sa. tolerance = 1, sa_iterations = 1000, initial_temperature = 3.0, cooling_rate = 0.999
26 - INFO - chord#: 88 done. best_score=9.0, changed=461, unchanged=379, early_stops=8/8
26 - INFO - chord#: 96 In build_straw_man_chord_sa. tolerance = 1, sa_iterations = 1000, initial_temperature = 3.0, cooling_rate = 0.999
26 - INFO - chord#: 78 done. best_score=27.0, changed=518, unchanged=374, early_stops=8/8
26 - INFO - chord#: 80 In build_straw_man_chord_sa. tolerance = 1, sa_iterations = 1000, initial_temperature = 3.0, cooling_rate = 0.999
26 - INFO - chord#: 100 done. best_score=27.0, changed=517, unchanged=408, early_stops=8/8
26 - INFO - chord#: 102 In build_straw_man_chord_sa. tolerance = 1, sa_iterations = 1000, initial_temperature = 3.0, cooling_rate = 0.999
26 - INFO - chord#: 88 done. best_score=9.0, changed=452, unchanged=361, early_stops=8/8
26 - INFO - chord#: 96 In build_straw_man_chord_sa. tolerance = 1, sa_iterations = 1000, initial_temperature = 3.0, cooling_rate = 0.999
26 - INFO - chord#: 86 done. best_score=67.0, changed=612, unchanged=270, early_stops=8/8
26 - INFO - chord#: 88 In build_straw_man_chord_sa. tolerance = 1, sa_iterations = 1000, initial_temperature = 3.0, cooling_rate = 0.999
26 - INFO - chord#: 86 done. best_score=67.0, changed=613, unchanged=367, early_stops=8/8
26 - INFO - chord#: 88 In build_straw_man_chord_sa. tolerance = 1, sa_iterations = 1000, initial_temperature = 3.0, cooling_rate = 0.999
26 - INFO - chord#: 88 done. best_score=9.0, changed=457, unchanged=377, early_stops=8/8
26 - INFO - chord#: 96 In build_straw_man_chord_sa. tolerance = 1, sa_iterations = 1000, initial_temperature = 3.0, cooling_rate = 0.999
26 - INFO - chord#: 88 done. best_score=9.0, changed=470, unchanged=395, early_stops=8/8
26 - INFO - chord#: 96 In build_straw_man_chord_sa. tolerance = 1, sa_iterations = 1000, initial_temperature = 3.0, cooling_rate = 0.999
26 - INFO - chord#: 84 done. best_score=31.0, changed=534, unchanged=467, early_stops=8/8
26 - INFO - chord#: 86 In build_straw_man_chord_sa. tolerance = 1, sa_iterations = 1000, initial_temperature = 3.0, cooling_rate = 0.999
26 - INFO - chord#: 100 done. best_score=27.0, changed=545, unchanged=427, early_stops=8/8
26 - INFO - chord#: 102 In build_straw_man_chord_sa. tolerance = 1, sa_iterations = 1000, initial_temperature = 3.0, cooling_rate = 0.999
26 - INFO - chord#: 86 done. best_score=141.0, changed=609, unchanged=331, early_stops=8/8
26 - INFO - chord#: 88 In build_straw_man_chord_sa. tolerance = 1, sa_iterations = 1000, initial_temperature = 3.0, cooling_rate = 0.999
26 - INFO - chord#: 96 done. best_score=27.0, changed=522, unchanged=581, early_stops=8/8
26 - INFO - chord#: 98 In build_straw_man_chord_sa. tolerance = 1, sa_iterations = 1000, initial_temperature = 3.0, cooling_rate = 0.999
26 - INFO - chord#: 96 done. best_score=27.0, changed=535, unchanged=470, early_stops=8/8
26 - INFO - chord#: 98 In build_straw_man_chord_sa. tolerance = 1, sa_iterations = 1000, initial_temperature = 3.0, cooling_rate = 0.999
26 - INFO - chord#: 88 done. best_score=9.0, changed=454, unchanged=378, early_stops=8/8
26 - INFO - chord#: 96 In build_straw_man_chord_sa. tolerance = 1, sa_iterations = 1000, initial_temperature = 3.0, cooling_rate = 0.999
26 - INFO - chord#: 98 done. best_score=82.0, changed=612, unchanged=406, early_stops=8/8
26 - INFO - chord#: 100 In build_straw_man_chord_sa. tolerance = 1, sa_iterations = 1000, initial_temperature = 3.0, cooling_rate = 0.999
26 - INFO - chord#: 96 done. best_score=27.0, changed=517, unchanged=436, early_stops=8/8
26 - INFO - chord#: 98 In build_straw_man_chord_sa. tolerance = 1, sa_iterations = 1000, initial_temperature = 3.0, cooling_rate = 0.999
26 - INFO - chord#: 80 done. best_score=71.0, changed=615, unchanged=341, early_stops=8/8
26 - INFO - chord#: 84 In build_straw_man_chord_sa. tolerance = 1, sa_iterations = 1000, initial_temperature = 3.0, cooling_rate = 0.999
26 - INFO - chord#: 80 done. best_score=96.0, changed=608, unchanged=352, early_stops=8/8
26 - INFO - chord#: 84 In build_straw_man_chord_sa. tolerance = 1, sa_iterations = 1000, initial_temperature = 3.0, cooling_rate = 0.999
26 - INFO - chord#: 96 done. best_score=27.0, changed=516, unchanged=499, early_stops=8/8
26 - INFO - chord#: 98 In build_straw_man_chord_sa. tolerance = 1, sa_iterations = 1000, initial_temperature = 3.0, cooling_rate = 0.999
26 - INFO - chord#: 102 done. best_score=137.0, changed=611, unchanged=345, early_stops=8/8
26 - INFO - chord#: 104 In build_straw_man_chord_sa. tolerance = 1, sa_iterations = 1000, initial_temperature = 3.0, cooling_rate = 0.999
26 - INFO - chord#: 100 done. best_score=27.0, changed=525, unchanged=333, early_stops=8/8
26 - INFO - chord#: 102 In build_straw_man_chord_sa. tolerance = 1, sa_iterations = 1000, initial_temperature = 3.0, cooling_rate = 0.999
26 - INFO - chord#: 96 done. best_score=27.0, changed=523, unchanged=404, early_stops=8/8
26 - INFO - chord#: 98 In build_straw_man_chord_sa. tolerance = 1, sa_iterations = 1000, initial_temperature = 3.0, cooling_rate = 0.999
26 - INFO - chord#: 84 done. best_score=31.0, changed=533, unchanged=308, early_stops=8/8
26 - INFO - chord#: 86 In build_straw_man_chord_sa. tolerance = 1, sa_iterations = 1000, initial_temperature = 3.0, cooling_rate = 0.999
26 - INFO - chord#: 80 done. best_score=64.0, changed=613, unchanged=328, early_stops=8/8
26 - INFO - chord#: 84 In build_straw_man_chord_sa. tolerance = 1, sa_iterations = 1000, initial_temperature = 3.0, cooling_rate = 0.999
26 - INFO - chord#: 84 done. best_score=49.0, changed=542, unchanged=298, early_stops=8/8
26 - INFO - chord#: 86 In build_straw_man_chord_sa. tolerance = 1, sa_iterations = 1000, initial_temperature = 3.0, cooling_rate = 0.999
26 - INFO - chord#: 86 done. best_score=137.0, changed=613, unchanged=445, early_stops=8/8
26 - INFO - chord#: 88 In build_straw_man_chord_sa. tolerance = 1, sa_iterations = 1000, initial_temperature = 3.0, cooling_rate = 0.999
26 - INFO - chord#: 102 done. best_score=137.0, changed=607, unchanged=233, early_stops=8/8
26 - INFO - chord#: 104 In build_straw_man_chord_sa. tolerance = 1, sa_iterations = 1000, initial_temperature = 3.0, cooling_rate = 0.999
26 - INFO - chord#: 88 done. best_score=9.0, changed=459, unchanged=382, early_stops=8/8
26 - INFO - chord#: 96 In build_straw_man_chord_sa. tolerance = 1, sa_iterations = 1000, initial_temperature = 3.0, cooling_rate = 0.999
26 - INFO - chord#: 98 done. best_score=146.0, changed=609, unchanged=212, early_stops=8/8
26 - INFO - chord#: 100 In build_straw_man_chord_sa. tolerance = 1, sa_iterations = 1000, initial_temperature = 3.0, cooling_rate = 0.999
26 - INFO - chord#: 104 done. best_score=27.0, changed=521, unchanged=604, early_stops=8/8
26 - INFO - chord#: 106 In build_straw_man_chord_sa. tolerance = 1, sa_iterations = 1000, initial_temperature = 3.0, cooling_rate = 0.999
26 - INFO - chord#: 98 done. best_score=82.0, changed=617, unchanged=340, early_stops=8/8
26 - INFO - chord#: 100 In build_straw_man_chord_sa. tolerance = 1, sa_iterations = 1000, initial_temperature = 3.0, cooling_rate = 0.999
26 - INFO - chord#: 98 done. best_score=82.0, changed=616, unchanged=516, early_stops=8/8
26 - INFO - chord#: 100 In build_straw_man_chord_sa. tolerance = 1, sa_iterations = 1000, initial_temperature = 3.0, cooling_rate = 0.999
26 - INFO - chord#: 84 done. best_score=31.0, changed=522, unchanged=296, early_stops=8/8
26 - INFO - chord#: 86 In build_straw_man_chord_sa. tolerance = 1, sa_iterations = 1000, initial_temperature = 3.0, cooling_rate = 0.999
26 - INFO - chord#: 100 done. best_score=27.0, changed=524, unchanged=368, early_stops=8/8
26 - INFO - chord#: 102 In build_straw_man_chord_sa. tolerance = 1, sa_iterations = 1000, initial_temperature = 3.0, cooling_rate = 0.999
26 - INFO - chord#: 100 done. best_score=27.0, changed=521, unchanged=317, early_stops=8/8
26 - INFO - chord#: 102 In build_straw_man_chord_sa. tolerance = 1, sa_iterations = 1000, initial_temperature = 3.0, cooling_rate = 0.999
26 - INFO - chord#: 96 done. best_score=27.0, changed=516, unchanged=386, early_stops=8/8
26 - INFO - chord#: 98 In build_straw_man_chord_sa. tolerance = 1, sa_iterations = 1000, initial_temperature = 3.0, cooling_rate = 0.999
26 - INFO - chord#: 104 done. best_score=27.0, changed=519, unchanged=410, early_stops=8/8
26 - INFO - chord#: 106 In build_straw_man_chord_sa. tolerance = 1, sa_iterations = 1000, initial_temperature = 3.0, cooling_rate = 0.999
26 - INFO - chord#: 100 done. best_score=27.0, changed=527, unchanged=368, early_stops=8/8
26 - INFO - chord#: 102 In build_straw_man_chord_sa. tolerance = 1, sa_iterations = 1000, initial_temperature = 3.0, cooling_rate = 0.999
26 - INFO - chord#: 102 done. best_score=137.0, changed=614, unchanged=386, early_stops=8/8
26 - INFO - chord#: 104 In build_straw_man_chord_sa. tolerance = 1, sa_iterations = 1000, initial_temperature = 3.0, cooling_rate = 0.999
26 - INFO - chord#: 98 done. best_score=82.0, changed=614, unchanged=329, early_stops=8/8
26 - INFO - chord#: 100 In build_straw_man_chord_sa. tolerance = 1, sa_iterations = 1000, initial_temperature = 3.0, cooling_rate = 0.999
26 - INFO - chord#: 98 done. best_score=97.0, changed=606, unchanged=275, early_stops=8/8
26 - INFO - chord#: 100 In build_straw_man_chord_sa. tolerance = 1, sa_iterations = 1000, initial_temperature = 3.0, cooling_rate = 0.999
26 - INFO - chord#: 86 done. best_score=161.0, changed=608, unchanged=281, early_stops=8/8
26 - INFO - chord#: 88 In build_straw_man_chord_sa. tolerance = 1, sa_iterations = 1000, initial_temperature = 3.0, cooling_rate = 0.999
26 - INFO - chord#: 106 done. best_score=82.0, changed=610, unchanged=257, early_stops=8/8
26 - INFO - chord#: 108 In build_straw_man_chord_sa. tolerance = 1, sa_iterations = 1000, initial_temperature = 3.0, cooling_rate = 0.999
26 - INFO - chord#: 88 done. best_score=9.0, changed=458, unchanged=371, early_stops=8/8
26 - INFO - chord#: 96 In build_straw_man_chord_sa. tolerance = 1, sa_iterations = 1000, initial_temperature = 3.0, cooling_rate = 0.999
26 - INFO - chord#: 86 done. best_score=67.0, changed=617, unchanged=315, early_stops=8/8
26 - INFO - chord#: 88 In build_straw_man_chord_sa. tolerance = 1, sa_iterations = 1000, initial_temperature = 3.0, cooling_rate = 0.999
26 - INFO - chord#: 88 done. best_score=9.0, changed=459, unchanged=372, early_stops=8/8
26 - INFO - chord#: 104 done. best_score=27.0, changed=530, unchanged=444, early_stops=8/8
26 - INFO - chord#: 96 In build_straw_man_chord_sa. tolerance = 1, sa_iterations = 1000, initial_temperature = 3.0, cooling_rate = 0.999
26 - INFO - chord#: 106 In build_straw_man_chord_sa. tolerance = 1, sa_iterations = 1000, initial_temperature = 3.0, cooling_rate = 0.999
26 - INFO - chord#: 100 done. best_score=27.0, changed=524, unchanged=321, early_stops=8/8
26 - INFO - chord#: 102 In build_straw_man_chord_sa. tolerance = 1, sa_iterations = 1000, initial_temperature = 3.0, cooling_rate = 0.999
26 - INFO - chord#: 100 done. best_score=27.0, changed=530, unchanged=508, early_stops=8/8
26 - INFO - chord#: 102 In build_straw_man_chord_sa. tolerance = 1, sa_iterations = 1000, initial_temperature = 3.0, cooling_rate = 0.999
26 - INFO - chord#: 102 done. best_score=137.0, changed=616, unchanged=303, early_stops=8/8
26 - INFO - chord#: 104 In build_straw_man_chord_sa. tolerance = 1, sa_iterations = 1000, initial_temperature = 3.0, cooling_rate = 0.999
26 - INFO - chord#: 102 done. best_score=78.0, changed=612, unchanged=320, early_stops=8/8
26 - INFO - chord#: 104 In build_straw_man_chord_sa. tolerance = 1, sa_iterations = 1000, initial_temperature = 3.0, cooling_rate = 0.999
26 - INFO - chord#: 108 done. best_score=27.0, changed=536, unchanged=491, early_stops=8/8
26 - INFO - chord#: 110 In build_straw_man_chord_sa. tolerance = 1, sa_iterations = 1000, initial_temperature = 3.0, cooling_rate = 0.999
26 - INFO - chord#: 98 done. best_score=82.0, changed=617, unchanged=405, early_stops=8/8
26 - INFO - chord#: 100 In build_straw_man_chord_sa. tolerance = 1, sa_iterations = 1000, initial_temperature = 3.0, cooling_rate = 0.999
26 - INFO - chord#: 96 done. best_score=27.0, changed=518, unchanged=350, early_stops=8/8
26 - INFO - chord#: 98 In build_straw_man_chord_sa. tolerance = 1, sa_iterations = 1000, initial_temperature = 3.0, cooling_rate = 0.999
26 - INFO - chord#: 102 done. best_score=142.0, changed=612, unchanged=292, early_stops=8/8
26 - INFO - chord#: 104 In build_straw_man_chord_sa. tolerance = 1, sa_iterations = 1000, initial_temperature = 3.0, cooling_rate = 0.999
26 - INFO - chord#: 86 done. best_score=67.0, changed=616, unchanged=379, early_stops=8/8
26 - INFO - chord#: 88 In build_straw_man_chord_sa. tolerance = 1, sa_iterations = 1000, initial_temperature = 3.0, cooling_rate = 0.999
26 - INFO - chord#: 88 done. best_score=9.0, changed=448, unchanged=370, early_stops=8/8
26 - INFO - chord#: 96 In build_straw_man_chord_sa. tolerance = 1, sa_iterations = 1000, initial_temperature = 3.0, cooling_rate = 0.999
26 - INFO - chord#: 100 done. best_score=27.0, changed=517, unchanged=335, early_stops=8/8
26 - INFO - chord#: 102 In build_straw_man_chord_sa. tolerance = 1, sa_iterations = 1000, initial_temperature = 3.0, cooling_rate = 0.999
26 - INFO - chord#: 96 done. best_score=27.0, changed=527, unchanged=587, early_stops=8/8
26 - INFO - chord#: 98 In build_straw_man_chord_sa. tolerance = 1, sa_iterations = 1000, initial_temperature = 3.0, cooling_rate = 0.999
26 - INFO - chord#: 104 done. best_score=27.0, changed=523, unchanged=471, early_stops=8/8
26 - INFO - chord#: 106 In build_straw_man_chord_sa. tolerance = 1, sa_iterations = 1000, initial_temperature = 3.0, cooling_rate = 0.999
26 - INFO - chord#: 104 done. best_score=27.0, changed=515, unchanged=422, early_stops=8/8
26 - INFO - chord#: 106 In build_straw_man_chord_sa. tolerance = 1, sa_iterations = 1000, initial_temperature = 3.0, cooling_rate = 0.999
26 - INFO - chord#: 106 done. best_score=82.0, changed=612, unchanged=388, early_stops=8/8
26 - INFO - chord#: 108 In build_straw_man_chord_sa. tolerance = 1, sa_iterations = 1000, initial_temperature = 3.0, cooling_rate = 0.999
26 - INFO - chord#: 104 done. best_score=27.0, changed=517, unchanged=429, early_stops=8/8
26 - INFO - chord#: 106 In build_straw_man_chord_sa. tolerance = 1, sa_iterations = 1000, initial_temperature = 3.0, cooling_rate = 0.999
26 - INFO - chord#: 96 done. best_score=27.0, changed=511, unchanged=310, early_stops=8/8
26 - INFO - chord#: 98 In build_straw_man_chord_sa. tolerance = 1, sa_iterations = 1000, initial_temperature = 3.0, cooling_rate = 0.999
26 - INFO - chord#: 106 done. best_score=82.0, changed=611, unchanged=238, early_stops=8/8
26 - INFO - chord#: 108 In build_straw_man_chord_sa. tolerance = 1, sa_iterations = 1000, initial_temperature = 3.0, cooling_rate = 0.999
26 - INFO - chord#: 108 done. best_score=27.0, changed=524, unchanged=290, early_stops=8/8
26 - INFO - chord#: 110 In build_straw_man_chord_sa. tolerance = 1, sa_iterations = 1000, initial_temperature = 3.0, cooling_rate = 0.999
26 - INFO - chord#: 102 done. best_score=137.0, changed=610, unchanged=390, early_stops=8/8
26 - INFO - chord#: 104 In build_straw_man_chord_sa. tolerance = 1, sa_iterations = 1000, initial_temperature = 3.0, cooling_rate = 0.999
26 - INFO - chord#: 102 done. best_score=67.0, changed=618, unchanged=348, early_stops=8/8
26 - INFO - chord#: 104 In build_straw_man_chord_sa. tolerance = 1, sa_iterations = 1000, initial_temperature = 3.0, cooling_rate = 0.999
26 - INFO - chord#: 110 done. best_score=70.0, changed=619, unchanged=447, early_stops=8/8
26 - INFO - chord#: 112 In build_straw_man_chord_sa. tolerance = 1, sa_iterations = 1000, initial_temperature = 3.0, cooling_rate = 0.999
26 - INFO - chord#: 102 done. best_score=137.0, changed=614, unchanged=236, early_stops=8/8
26 - INFO - chord#: 104 In build_straw_man_chord_sa. tolerance = 1, sa_iterations = 1000, initial_temperature = 3.0, cooling_rate = 0.999
26 - INFO - chord#: 98 done. best_score=82.0, changed=611, unchanged=330, early_stops=8/8
26 - INFO - chord#: 100 In build_straw_man_chord_sa. tolerance = 1, sa_iterations = 1000, initial_temperature = 3.0, cooling_rate = 0.999
26 - INFO - chord#: 108 done. best_score=27.0, changed=524, unchanged=408, early_stops=8/8
26 - INFO - chord#: 110 In build_straw_man_chord_sa. tolerance = 1, sa_iterations = 1000, initial_temperature = 3.0, cooling_rate = 0.999
26 - INFO - chord#: 104 done. best_score=27.0, changed=525, unchanged=348, early_stops=8/8
26 - INFO - chord#: 106 In build_straw_man_chord_sa. tolerance = 1, sa_iterations = 1000, initial_temperature = 3.0, cooling_rate = 0.999
26 - INFO - chord#: 106 done. best_score=82.0, changed=614, unchanged=318, early_stops=8/8
26 - INFO - chord#: 108 In build_straw_man_chord_sa. tolerance = 1, sa_iterations = 1000, initial_temperature = 3.0, cooling_rate = 0.999
26 - INFO - chord#: 106 done. best_score=82.0, changed=609, unchanged=226, early_stops=8/8
26 - INFO - chord#: 108 In build_straw_man_chord_sa. tolerance = 1, sa_iterations = 1000, initial_temperature = 3.0, cooling_rate = 0.999
26 - INFO - chord#: 112 done. best_score=31.0, changed=535, unchanged=356, early_stops=8/8
26 - INFO - chord#: 116 In build_straw_man_chord_sa. tolerance = 1, sa_iterations = 1000, initial_temperature = 3.0, cooling_rate = 0.999
26 - INFO - chord#: 104 done. best_score=27.0, changed=526, unchanged=478, early_stops=8/8
26 - INFO - chord#: 106 In build_straw_man_chord_sa. tolerance = 1, sa_iterations = 1000, initial_temperature = 3.0, cooling_rate = 0.999
26 - INFO - chord#: 106 done. best_score=82.0, changed=615, unchanged=343, early_stops=8/8
26 - INFO - chord#: 108 In build_straw_man_chord_sa. tolerance = 1, sa_iterations = 1000, initial_temperature = 3.0, cooling_rate = 0.999
26 - INFO - chord#: 98 done. best_score=82.0, changed=612, unchanged=274, early_stops=8/8
26 - INFO - chord#: 100 In build_straw_man_chord_sa. tolerance = 1, sa_iterations = 1000, initial_temperature = 3.0, cooling_rate = 0.999
26 - INFO - chord#: 104 done. best_score=27.0, changed=518, unchanged=380, early_stops=8/8
26 - INFO - chord#: 106 In build_straw_man_chord_sa. tolerance = 1, sa_iterations = 1000, initial_temperature = 3.0, cooling_rate = 0.999
26 - INFO - chord#: 100 done. best_score=27.0, changed=528, unchanged=408, early_stops=8/8
26 - INFO - chord#: 102 In build_straw_man_chord_sa. tolerance = 1, sa_iterations = 1000, initial_temperature = 3.0, cooling_rate = 0.999
26 - INFO - chord#: 108 done. best_score=27.0, changed=528, unchanged=334, early_stops=8/8
26 - INFO - chord#: 110 In build_straw_man_chord_sa. tolerance = 1, sa_iterations = 1000, initial_temperature = 3.0, cooling_rate = 0.999
26 - INFO - chord#: 108 done. best_score=27.0, changed=520, unchanged=360, early_stops=8/8
26 - INFO - chord#: 110 In build_straw_man_chord_sa. tolerance = 1, sa_iterations = 1000, initial_temperature = 3.0, cooling_rate = 0.999
26 - INFO - chord#: 116 done. best_score=27.0, changed=527, unchanged=418, early_stops=8/8
26 - INFO - chord#: 118 In build_straw_man_chord_sa. tolerance = 1, sa_iterations = 1000, initial_temperature = 3.0, cooling_rate = 0.999
26 - INFO - chord#: 110 done. best_score=70.0, changed=610, unchanged=261, early_stops=8/8
26 - INFO - chord#: 112 In build_straw_man_chord_sa. tolerance = 1, sa_iterations = 1000, initial_temperature = 3.0, cooling_rate = 0.999
26 - INFO - chord#: 100 done. best_score=27.0, changed=518, unchanged=342, early_stops=8/8
26 - INFO - chord#: 102 In build_straw_man_chord_sa. tolerance = 1, sa_iterations = 1000, initial_temperature = 3.0, cooling_rate = 0.999
26 - INFO - chord#: 98 done. best_score=97.0, changed=608, unchanged=247, early_stops=8/8
26 - INFO - chord#: 100 In build_straw_man_chord_sa. tolerance = 1, sa_iterations = 1000, initial_temperature = 3.0, cooling_rate = 0.999
26 - INFO - chord#: 108 done. best_score=27.0, changed=518, unchanged=313, early_stops=8/8
26 - INFO - chord#: 110 In build_straw_man_chord_sa. tolerance = 1, sa_iterations = 1000, initial_temperature = 3.0, cooling_rate = 0.999
26 - INFO - chord#: 106 done. best_score=82.0, changed=614, unchanged=310, early_stops=8/8
26 - INFO - chord#: 108 In build_straw_man_chord_sa. tolerance = 1, sa_iterations = 1000, initial_temperature = 3.0, cooling_rate = 0.999
26 - INFO - chord#: 112 done. best_score=31.0, changed=532, unchanged=338, early_stops=8/8
26 - INFO - chord#: 116 In build_straw_man_chord_sa. tolerance = 1, sa_iterations = 1000, initial_temperature = 3.0, cooling_rate = 0.999
26 - INFO - chord#: 100 done. best_score=27.0, changed=521, unchanged=354, early_stops=8/8
26 - INFO - chord#: 102 In build_straw_man_chord_sa. tolerance = 1, sa_iterations = 1000, initial_temperature = 3.0, cooling_rate = 0.999
26 - INFO - chord#: 106 done. best_score=82.0, changed=612, unchanged=252, early_stops=8/8
26 - INFO - chord#: 108 In build_straw_man_chord_sa. tolerance = 1, sa_iterations = 1000, initial_temperature = 3.0, cooling_rate = 0.999
26 - INFO - chord#: 110 done. best_score=70.0, changed=610, unchanged=237, early_stops=8/8
26 - INFO - chord#: 112 In build_straw_man_chord_sa. tolerance = 1, sa_iterations = 1000, initial_temperature = 3.0, cooling_rate = 0.999
26 - INFO - chord#: 106 done. best_score=82.0, changed=612, unchanged=285, early_stops=8/8
26 - INFO - chord#: 108 In build_straw_man_chord_sa. tolerance = 1, sa_iterations = 1000, initial_temperature = 3.0, cooling_rate = 0.999
26 - INFO - chord#: 110 done. best_score=111.0, changed=609, unchanged=233, early_stops=8/8
26 - INFO - chord#: 112 In build_straw_man_chord_sa. tolerance = 1, sa_iterations = 1000, initial_temperature = 3.0, cooling_rate = 0.999
26 - INFO - chord#: 102 done. best_score=67.0, changed=610, unchanged=248, early_stops=8/8
26 - INFO - chord#: 104 In build_straw_man_chord_sa. tolerance = 1, sa_iterations = 1000, initial_temperature = 3.0, cooling_rate = 0.999
26 - INFO - chord#: 110 done. best_score=70.0, changed=610, unchanged=390, early_stops=8/8
26 - INFO - chord#: 112 In build_straw_man_chord_sa. tolerance = 1, sa_iterations = 1000, initial_temperature = 3.0, cooling_rate = 0.999
26 - INFO - chord#: 108 done. best_score=27.0, changed=528, unchanged=406, early_stops=8/8
26 - INFO - chord#: 110 In build_straw_man_chord_sa. tolerance = 1, sa_iterations = 1000, initial_temperature = 3.0, cooling_rate = 0.999
26 - INFO - chord#: 108 done. best_score=27.0, changed=523, unchanged=302, early_stops=8/8
26 - INFO - chord#: 110 In build_straw_man_chord_sa. tolerance = 1, sa_iterations = 1000, initial_temperature = 3.0, cooling_rate = 0.999
26 - INFO - chord#: 116 done. best_score=27.0, changed=521, unchanged=441, early_stops=8/8
26 - INFO - chord#: 118 In build_straw_man_chord_sa. tolerance = 1, sa_iterations = 1000, initial_temperature = 3.0, cooling_rate = 0.999
26 - INFO - chord#: 118 done. best_score=78.0, changed=613, unchanged=367, early_stops=8/8
26 - INFO - chord#: 120 In build_straw_man_chord_sa. tolerance = 1, sa_iterations = 1000, initial_temperature = 3.0, cooling_rate = 0.999
26 - INFO - chord#: 112 done. best_score=31.0, changed=526, unchanged=302, early_stops=8/8
26 - INFO - chord#: 116 In build_straw_man_chord_sa. tolerance = 1, sa_iterations = 1000, initial_temperature = 3.0, cooling_rate = 0.999
26 - INFO - chord#: 108 done. best_score=27.0, changed=525, unchanged=323, early_stops=8/8
26 - INFO - chord#: 110 In build_straw_man_chord_sa. tolerance = 1, sa_iterations = 1000, initial_temperature = 3.0, cooling_rate = 0.999
26 - INFO - chord#: 112 done. best_score=31.0, changed=517, unchanged=310, early_stops=8/8
26 - INFO - chord#: 116 In build_straw_man_chord_sa. tolerance = 1, sa_iterations = 1000, initial_temperature = 3.0, cooling_rate = 0.999
26 - INFO - chord#: 120 done. best_score=11.0, changed=501, unchanged=347, early_stops=8/8
26 - INFO - chord#: 128 In build_straw_man_chord_sa. tolerance = 1, sa_iterations = 1000, initial_temperature = 3.0, cooling_rate = 0.999
26 - INFO - chord#: 102 done. best_score=67.0, changed=609, unchanged=277, early_stops=8/8
26 - INFO - chord#: 104 In build_straw_man_chord_sa. tolerance = 1, sa_iterations = 1000, initial_temperature = 3.0, cooling_rate = 0.999
26 - INFO - chord#: 112 done. best_score=31.0, changed=539, unchanged=310, early_stops=8/8
26 - INFO - chord#: 116 In build_straw_man_chord_sa. tolerance = 1, sa_iterations = 1000, initial_temperature = 3.0, cooling_rate = 0.999
26 - INFO - chord#: 104 done. best_score=27.0, changed=516, unchanged=353, early_stops=8/8
26 - INFO - chord#: 106 In build_straw_man_chord_sa. tolerance = 1, sa_iterations = 1000, initial_temperature = 3.0, cooling_rate = 0.999
26 - INFO - chord#: 110 done. best_score=70.0, changed=609, unchanged=282, early_stops=8/8
26 - INFO - chord#: 112 In build_straw_man_chord_sa. tolerance = 1, sa_iterations = 1000, initial_temperature = 3.0, cooling_rate = 0.999
26 - INFO - chord#: 116 done. best_score=27.0, changed=520, unchanged=339, early_stops=8/8
26 - INFO - chord#: 118 In build_straw_man_chord_sa. tolerance = 1, sa_iterations = 1000, initial_temperature = 3.0, cooling_rate = 0.999
26 - INFO - chord#: 116 done. best_score=27.0, changed=523, unchanged=422, early_stops=8/8
26 - INFO - chord#: 118 In build_straw_man_chord_sa. tolerance = 1, sa_iterations = 1000, initial_temperature = 3.0, cooling_rate = 0.999
26 - INFO - chord#: 128 done. best_score=27.0, changed=523, unchanged=409, early_stops=8/8
26 - INFO - chord#: 136 In build_straw_man_chord_sa. tolerance = 1, sa_iterations = 1000, initial_temperature = 3.0, cooling_rate = 0.999
26 - INFO - chord#: 116 done. best_score=27.0, changed=516, unchanged=416, early_stops=8/8
26 - INFO - chord#: 118 In build_straw_man_chord_sa. tolerance = 1, sa_iterations = 1000, initial_temperature = 3.0, cooling_rate = 0.999
26 - INFO - chord#: 102 done. best_score=140.0, changed=615, unchanged=302, early_stops=8/8
26 - INFO - chord#: 104 In build_straw_man_chord_sa. tolerance = 1, sa_iterations = 1000, initial_temperature = 3.0, cooling_rate = 0.999
26 - INFO - chord#: 104 done. best_score=27.0, changed=532, unchanged=411, early_stops=8/8
26 - INFO - chord#: 106 In build_straw_man_chord_sa. tolerance = 1, sa_iterations = 1000, initial_temperature = 3.0, cooling_rate = 0.999
26 - INFO - chord#: 112 done. best_score=31.0, changed=532, unchanged=339, early_stops=8/8
26 - INFO - chord#: 116 In build_straw_man_chord_sa. tolerance = 1, sa_iterations = 1000, initial_temperature = 3.0, cooling_rate = 0.999
26 - INFO - chord#: 110 done. best_score=70.0, changed=613, unchanged=326, early_stops=8/8
26 - INFO - chord#: 112 In build_straw_man_chord_sa. tolerance = 1, sa_iterations = 1000, initial_temperature = 3.0, cooling_rate = 0.999
26 - INFO - chord#: 110 done. best_score=70.0, changed=613, unchanged=322, early_stops=8/8
26 - INFO - chord#: 112 In build_straw_man_chord_sa. tolerance = 1, sa_iterations = 1000, initial_temperature = 3.0, cooling_rate = 0.999
26 - INFO - chord#: 136 done. best_score=27.0, changed=525, unchanged=355, early_stops=8/8
26 - INFO - chord#: 138 In build_straw_man_chord_sa. tolerance = 1, sa_iterations = 1000, initial_temperature = 3.0, cooling_rate = 0.999
26 - INFO - chord#: 110 done. best_score=70.0, changed=610, unchanged=254, early_stops=8/8
26 - INFO - chord#: 112 In build_straw_man_chord_sa. tolerance = 1, sa_iterations = 1000, initial_temperature = 3.0, cooling_rate = 0.999
26 - INFO - chord#: 106 done. best_score=97.0, changed=609, unchanged=253, early_stops=8/8
26 - INFO - chord#: 108 In build_straw_man_chord_sa. tolerance = 1, sa_iterations = 1000, initial_temperature = 3.0, cooling_rate = 0.999
26 - INFO - chord#: 104 done. best_score=27.0, changed=513, unchanged=349, early_stops=8/8
26 - INFO - chord#: 112 done. best_score=31.0, changed=528, unchanged=332, early_stops=8/8
26 - INFO - chord#: 116 done. best_score=27.0, changed=526, unchanged=439, early_stops=8/8
26 - INFO - chord#: 118 In build_straw_man_chord_sa. tolerance = 1, sa_iterations = 1000, initial_temperature = 3.0, cooling_rate = 0.999
26 - INFO - chord#: 116 In build_straw_man_chord_sa. tolerance = 1, sa_iterations = 1000, initial_temperature = 3.0, cooling_rate = 0.999
26 - INFO - chord#: 106 In build_straw_man_chord_sa. tolerance = 1, sa_iterations = 1000, initial_temperature = 3.0, cooling_rate = 0.999
26 - INFO - chord#: 118 done. best_score=67.0, changed=607, unchanged=358, early_stops=8/8
26 - INFO - chord#: 120 In build_straw_man_chord_sa. tolerance = 1, sa_iterations = 1000, initial_temperature = 3.0, cooling_rate = 0.999
26 - INFO - chord#: 112 done. best_score=31.0, changed=524, unchanged=308, early_stops=8/8
26 - INFO - chord#: 116 In build_straw_man_chord_sa. tolerance = 1, sa_iterations = 1000, initial_temperature = 3.0, cooling_rate = 0.999
26 - INFO - chord#: 120 done. best_score=11.0, changed=497, unchanged=344, early_stops=8/8
26 - INFO - chord#: 128 In build_straw_man_chord_sa. tolerance = 1, sa_iterations = 1000, initial_temperature = 3.0, cooling_rate = 0.999
26 - INFO - chord#: 112 done. best_score=31.0, changed=525, unchanged=368, early_stops=8/8
26 - INFO - chord#: 116 In build_straw_man_chord_sa. tolerance = 1, sa_iterations = 1000, initial_temperature = 3.0, cooling_rate = 0.999
26 - INFO - chord#: 118 done. best_score=67.0, changed=611, unchanged=348, early_stops=8/8
26 - INFO - chord#: 120 In build_straw_man_chord_sa. tolerance = 1, sa_iterations = 1000, initial_temperature = 3.0, cooling_rate = 0.999
26 - INFO - chord#: 106 done. best_score=127.0, changed=612, unchanged=244, early_stops=8/8
26 - INFO - chord#: 108 In build_straw_man_chord_sa. tolerance = 1, sa_iterations = 1000, initial_temperature = 3.0, cooling_rate = 0.999
26 - INFO - chord#: 120 done. best_score=11.0, changed=486, unchanged=365, early_stops=8/8
26 - INFO - chord#: 128 In build_straw_man_chord_sa. tolerance = 1, sa_iterations = 1000, initial_temperature = 3.0, cooling_rate = 0.999
26 - INFO - chord#: 118 done. best_score=67.0, changed=611, unchanged=334, early_stops=8/8
26 - INFO - chord#: 120 In build_straw_man_chord_sa. tolerance = 1, sa_iterations = 1000, initial_temperature = 3.0, cooling_rate = 0.999
26 - INFO - chord#: 116 done. best_score=27.0, changed=522, unchanged=385, early_stops=8/8
26 - INFO - chord#: 120 done. best_score=11.0, changed=497, unchanged=353, early_stops=8/8
26 - INFO - chord#: 118 In build_straw_man_chord_sa. tolerance = 1, sa_iterations = 1000, initial_temperature = 3.0, cooling_rate = 0.999
26 - INFO - chord#: 128 In build_straw_man_chord_sa. tolerance = 1, sa_iterations = 1000, initial_temperature = 3.0, cooling_rate = 0.999
26 - INFO - chord#: 116 done. best_score=27.0, changed=523, unchanged=348, early_stops=8/8
26 - INFO - chord#: 118 In build_straw_man_chord_sa. tolerance = 1, sa_iterations = 1000, initial_temperature = 3.0, cooling_rate = 0.999
26 - INFO - chord#: 108 done. best_score=27.0, changed=523, unchanged=365, early_stops=8/8
26 - INFO - chord#: 110 In build_straw_man_chord_sa. tolerance = 1, sa_iterations = 1000, initial_temperature = 3.0, cooling_rate = 0.999
26 - INFO - chord#: 118 done. best_score=96.0, changed=613, unchanged=381, early_stops=8/8
26 - INFO - chord#: 120 In build_straw_man_chord_sa. tolerance = 1, sa_iterations = 1000, initial_temperature = 3.0, cooling_rate = 0.999
26 - INFO - chord#: 116 done. best_score=27.0, changed=524, unchanged=349, early_stops=8/8
26 - INFO - chord#: 118 In build_straw_man_chord_sa. tolerance = 1, sa_iterations = 1000, initial_temperature = 3.0, cooling_rate = 0.999
26 - INFO - chord#: 138 done. best_score=167.0, changed=617, unchanged=265, early_stops=8/8
26 - INFO - chord#: 140 In build_straw_man_chord_sa. tolerance = 1, sa_iterations = 1000, initial_temperature = 3.0, cooling_rate = 0.999
26 - INFO - chord#: 128 done. best_score=27.0, changed=522, unchanged=336, early_stops=8/8
26 - INFO - chord#: 136 In build_straw_man_chord_sa. tolerance = 1, sa_iterations = 1000, initial_temperature = 3.0, cooling_rate = 0.999
26 - INFO - chord#: 120 done. best_score=11.0, changed=469, unchanged=362, early_stops=8/8
26 - INFO - chord#: 128 In build_straw_man_chord_sa. tolerance = 1, sa_iterations = 1000, initial_temperature = 3.0, cooling_rate = 0.999
26 - INFO - chord#: 108 done. best_score=27.0, changed=514, unchanged=323, early_stops=8/8
26 - INFO - chord#: 110 In build_straw_man_chord_sa. tolerance = 1, sa_iterations = 1000, initial_temperature = 3.0, cooling_rate = 0.999
26 - INFO - chord#: 128 done. best_score=27.0, changed=519, unchanged=436, early_stops=8/8
26 - INFO - chord#: 136 In build_straw_man_chord_sa. tolerance = 1, sa_iterations = 1000, initial_temperature = 3.0, cooling_rate = 0.999
26 - INFO - chord#: 128 done. best_score=27.0, changed=523, unchanged=379, early_stops=8/8
26 - INFO - chord#: 136 In build_straw_man_chord_sa. tolerance = 1, sa_iterations = 1000, initial_temperature = 3.0, cooling_rate = 0.999
26 - INFO - chord#: 140 done. best_score=27.0, changed=523, unchanged=390, early_stops=8/8
26 - INFO - chord#: 144 In build_straw_man_chord_sa. tolerance = 1, sa_iterations = 1000, initial_temperature = 3.0, cooling_rate = 0.999
26 - INFO - chord#: 136 done. best_score=27.0, changed=527, unchanged=409, early_stops=8/8
26 - INFO - chord#: 138 In build_straw_man_chord_sa. tolerance = 1, sa_iterations = 1000, initial_temperature = 3.0, cooling_rate = 0.999
26 - INFO - chord#: 128 done. best_score=27.0, changed=521, unchanged=446, early_stops=8/8
26 - INFO - chord#: 136 In build_straw_man_chord_sa. tolerance = 1, sa_iterations = 1000, initial_temperature = 3.0, cooling_rate = 0.999
26 - INFO - chord#: 136 done. best_score=27.0, changed=527, unchanged=377, early_stops=8/8
26 - INFO - chord#: 138 In build_straw_man_chord_sa. tolerance = 1, sa_iterations = 1000, initial_temperature = 3.0, cooling_rate = 0.999
26 - INFO - chord#: 106 done. best_score=82.0, changed=614, unchanged=353, early_stops=8/8
26 - INFO - chord#: 108 In build_straw_man_chord_sa. tolerance = 1, sa_iterations = 1000, initial_temperature = 3.0, cooling_rate = 0.999
26 - INFO - chord#: 136 done. best_score=27.0, changed=526, unchanged=445, early_stops=8/8
26 - INFO - chord#: 138 In build_straw_man_chord_sa. tolerance = 1, sa_iterations = 1000, initial_temperature = 3.0, cooling_rate = 0.999
26 - INFO - chord#: 118 done. best_score=67.0, changed=610, unchanged=452, early_stops=8/8
26 - INFO - chord#: 120 In build_straw_man_chord_sa. tolerance = 1, sa_iterations = 1000, initial_temperature = 3.0, cooling_rate = 0.999
26 - INFO - chord#: 144 done. best_score=35.0, changed=529, unchanged=530, early_stops=8/8
26 - INFO - chord#: 146 In build_straw_man_chord_sa. tolerance = 1, sa_iterations = 1000, initial_temperature = 3.0, cooling_rate = 0.999
26 - INFO - chord#: 120 done. best_score=11.0, changed=468, unchanged=363, early_stops=8/8
26 - INFO - chord#: 128 In build_straw_man_chord_sa. tolerance = 1, sa_iterations = 1000, initial_temperature = 3.0, cooling_rate = 0.999
26 - INFO - chord#: 118 done. best_score=195.0, changed=611, unchanged=326, early_stops=8/8
26 - INFO - chord#: 120 In build_straw_man_chord_sa. tolerance = 1, sa_iterations = 1000, initial_temperature = 3.0, cooling_rate = 0.999
26 - INFO - chord#: 110 done. best_score=70.0, changed=612, unchanged=380, early_stops=8/8
26 - INFO - chord#: 112 In build_straw_man_chord_sa. tolerance = 1, sa_iterations = 1000, initial_temperature = 3.0, cooling_rate = 0.999
26 - INFO - chord#: 120 done. best_score=11.0, changed=489, unchanged=348, early_stops=8/8
26 - INFO - chord#: 128 In build_straw_man_chord_sa. tolerance = 1, sa_iterations = 1000, initial_temperature = 3.0, cooling_rate = 0.999
26 - INFO - chord#: 110 done. best_score=70.0, changed=613, unchanged=300, early_stops=8/8
26 - INFO - chord#: 112 In build_straw_man_chord_sa. tolerance = 1, sa_iterations = 1000, initial_temperature = 3.0, cooling_rate = 0.999
26 - INFO - chord#: 118 done. best_score=145.0, changed=615, unchanged=262, early_stops=8/8
26 - INFO - chord#: 120 In build_straw_man_chord_sa. tolerance = 1, sa_iterations = 1000, initial_temperature = 3.0, cooling_rate = 0.999
26 - INFO - chord#: 136 done. best_score=27.0, changed=527, unchanged=456, early_stops=8/8
26 - INFO - chord#: 138 In build_straw_man_chord_sa. tolerance = 1, sa_iterations = 1000, initial_temperature = 3.0, cooling_rate = 0.999
26 - INFO - chord#: 108 done. best_score=27.0, changed=531, unchanged=355, early_stops=8/8
26 - INFO - chord#: 110 In build_straw_man_chord_sa. tolerance = 1, sa_iterations = 1000, initial_temperature = 3.0, cooling_rate = 0.999
26 - INFO - chord#: 118 done. best_score=67.0, changed=617, unchanged=458, early_stops=8/8
26 - INFO - chord#: 120 In build_straw_man_chord_sa. tolerance = 1, sa_iterations = 1000, initial_temperature = 3.0, cooling_rate = 0.999
26 - INFO - chord#: 120 done. best_score=11.0, changed=481, unchanged=339, early_stops=8/8
26 - INFO - chord#: 128 In build_straw_man_chord_sa. tolerance = 1, sa_iterations = 1000, initial_temperature = 3.0, cooling_rate = 0.999
26 - INFO - chord#: 120 done. best_score=11.0, changed=480, unchanged=365, early_stops=8/8
26 - INFO - chord#: 128 In build_straw_man_chord_sa. tolerance = 1, sa_iterations = 1000, initial_temperature = 3.0, cooling_rate = 0.999
26 - INFO - chord#: 112 done. best_score=31.0, changed=529, unchanged=319, early_stops=8/8
26 - INFO - chord#: 116 In build_straw_man_chord_sa. tolerance = 1, sa_iterations = 1000, initial_temperature = 3.0, cooling_rate = 0.999
26 - INFO - chord#: 112 done. best_score=31.0, changed=517, unchanged=313, early_stops=8/8
26 - INFO - chord#: 116 In build_straw_man_chord_sa. tolerance = 1, sa_iterations = 1000, initial_temperature = 3.0, cooling_rate = 0.999
26 - INFO - chord#: 128 done. best_score=27.0, changed=530, unchanged=525, early_stops=8/8
26 - INFO - chord#: 136 In build_straw_man_chord_sa. tolerance = 1, sa_iterations = 1000, initial_temperature = 3.0, cooling_rate = 0.999
26 - INFO - chord#: 128 done. best_score=27.0, changed=523, unchanged=609, early_stops=8/8
26 - INFO - chord#: 136 In build_straw_man_chord_sa. tolerance = 1, sa_iterations = 1000, initial_temperature = 3.0, cooling_rate = 0.999
26 - INFO - chord#: 138 done. best_score=74.0, changed=612, unchanged=374, early_stops=8/8
26 - INFO - chord#: 140 In build_straw_man_chord_sa. tolerance = 1, sa_iterations = 1000, initial_temperature = 3.0, cooling_rate = 0.999
26 - INFO - chord#: 146 done. best_score=71.0, changed=605, unchanged=203, early_stops=8/8
26 - INFO - chord#: 148 In build_straw_man_chord_sa. tolerance = 1, sa_iterations = 1000, initial_temperature = 3.0, cooling_rate = 0.999
26 - INFO - chord#: 128 done. best_score=27.0, changed=521, unchanged=421, early_stops=8/8
26 - INFO - chord#: 136 In build_straw_man_chord_sa. tolerance = 1, sa_iterations = 1000, initial_temperature = 3.0, cooling_rate = 0.999
26 - INFO - chord#: 138 done. best_score=74.0, changed=610, unchanged=338, early_stops=8/8
26 - INFO - chord#: 140 In build_straw_man_chord_sa. tolerance = 1, sa_iterations = 1000, initial_temperature = 3.0, cooling_rate = 0.999
26 - INFO - chord#: 128 done. best_score=27.0, changed=529, unchanged=432, early_stops=8/8
26 - INFO - chord#: 136 In build_straw_man_chord_sa. tolerance = 1, sa_iterations = 1000, initial_temperature = 3.0, cooling_rate = 0.999
26 - INFO - chord#: 116 done. best_score=27.0, changed=519, unchanged=368, early_stops=8/8
26 - INFO - chord#: 118 In build_straw_man_chord_sa. tolerance = 1, sa_iterations = 1000, initial_temperature = 3.0, cooling_rate = 0.999
26 - INFO - chord#: 138 done. best_score=121.0, changed=617, unchanged=383, early_stops=8/8
26 - INFO - chord#: 140 In build_straw_man_chord_sa. tolerance = 1, sa_iterations = 1000, initial_temperature = 3.0, cooling_rate = 0.999
26 - INFO - chord#: 116 done. best_score=27.0, changed=526, unchanged=403, early_stops=8/8
26 - INFO - chord#: 118 In build_straw_man_chord_sa. tolerance = 1, sa_iterations = 1000, initial_temperature = 3.0, cooling_rate = 0.999
26 - INFO - chord#: 136 done. best_score=27.0, changed=520, unchanged=425, early_stops=8/8
26 - INFO - chord#: 138 In build_straw_man_chord_sa. tolerance = 1, sa_iterations = 1000, initial_temperature = 3.0, cooling_rate = 0.999
26 - INFO - chord#: 140 done. best_score=27.0, changed=521, unchanged=436, early_stops=8/8
26 - INFO - chord#: 144 In build_straw_man_chord_sa. tolerance = 1, sa_iterations = 1000, initial_temperature = 3.0, cooling_rate = 0.999
26 - INFO - chord#: 136 done. best_score=27.0, changed=519, unchanged=374, early_stops=8/8
26 - INFO - chord#: 138 In build_straw_man_chord_sa. tolerance = 1, sa_iterations = 1000, initial_temperature = 3.0, cooling_rate = 0.999
26 - INFO - chord#: 136 done. best_score=27.0, changed=529, unchanged=535, early_stops=8/8
26 - INFO - chord#: 138 In build_straw_man_chord_sa. tolerance = 1, sa_iterations = 1000, initial_temperature = 3.0, cooling_rate = 0.999
26 - INFO - chord#: 110 done. best_score=141.0, changed=607, unchanged=213, early_stops=8/8
26 - INFO - chord#: 140 done. best_score=27.0, changed=520, unchanged=447, early_stops=8/8
26 - INFO - chord#: 112 In build_straw_man_chord_sa. tolerance = 1, sa_iterations = 1000, initial_temperature = 3.0, cooling_rate = 0.999
26 - INFO - chord#: 144 In build_straw_man_chord_sa. tolerance = 1, sa_iterations = 1000, initial_temperature = 3.0, cooling_rate = 0.999
26 - INFO - chord#: 136 done. best_score=27.0, changed=524, unchanged=407, early_stops=8/8
26 - INFO - chord#: 138 In build_straw_man_chord_sa. tolerance = 1, sa_iterations = 1000, initial_temperature = 3.0, cooling_rate = 0.999
26 - INFO - chord#: 140 done. best_score=27.0, changed=523, unchanged=395, early_stops=8/8
26 - INFO - chord#: 144 In build_straw_man_chord_sa. tolerance = 1, sa_iterations = 1000, initial_temperature = 3.0, cooling_rate = 0.999
26 - INFO - chord#: 138 done. best_score=74.0, changed=611, unchanged=444, early_stops=8/8
26 - INFO - chord#: 140 In build_straw_man_chord_sa. tolerance = 1, sa_iterations = 1000, initial_temperature = 3.0, cooling_rate = 0.999
26 - INFO - chord#: 148 done. best_score=67.0, changed=615, unchanged=246, early_stops=8/8
26 - INFO - chord#: 150 In build_straw_man_chord_sa. tolerance = 1, sa_iterations = 1000, initial_temperature = 3.0, cooling_rate = 0.999
26 - INFO - chord#: 144 done. best_score=35.0, changed=520, unchanged=447, early_stops=8/8
26 - INFO - chord#: 146 In build_straw_man_chord_sa. tolerance = 1, sa_iterations = 1000, initial_temperature = 3.0, cooling_rate = 0.999
26 - INFO - chord#: 112 done. best_score=31.0, changed=559, unchanged=292, early_stops=8/8
26 - INFO - chord#: 116 In build_straw_man_chord_sa. tolerance = 1, sa_iterations = 1000, initial_temperature = 3.0, cooling_rate = 0.999
26 - INFO - chord#: 144 done. best_score=35.0, changed=521, unchanged=439, early_stops=8/8
26 - INFO - chord#: 146 In build_straw_man_chord_sa. tolerance = 1, sa_iterations = 1000, initial_temperature = 3.0, cooling_rate = 0.999
26 - INFO - chord#: 118 done. best_score=137.0, changed=611, unchanged=332, early_stops=8/8
26 - INFO - chord#: 120 In build_straw_man_chord_sa. tolerance = 1, sa_iterations = 1000, initial_temperature = 3.0, cooling_rate = 0.999
26 - INFO - chord#: 120 done. best_score=11.0, changed=489, unchanged=355, early_stops=8/8
26 - INFO - chord#: 128 In build_straw_man_chord_sa. tolerance = 1, sa_iterations = 1000, initial_temperature = 3.0, cooling_rate = 0.999
26 - INFO - chord#: 150 done. best_score=36.0, changed=528, unchanged=392, early_stops=8/8
26 - INFO - chord#: 152 In build_straw_man_chord_sa. tolerance = 1, sa_iterations = 1000, initial_temperature = 3.0, cooling_rate = 0.999
26 - INFO - chord#: 144 done. best_score=35.0, changed=518, unchanged=390, early_stops=8/8
26 - INFO - chord#: 146 In build_straw_man_chord_sa. tolerance = 1, sa_iterations = 1000, initial_temperature = 3.0, cooling_rate = 0.999
26 - INFO - chord#: 118 done. best_score=137.0, changed=609, unchanged=298, early_stops=8/8
26 - INFO - chord#: 120 In build_straw_man_chord_sa. tolerance = 1, sa_iterations = 1000, initial_temperature = 3.0, cooling_rate = 0.999
26 - INFO - chord#: 116 done. best_score=27.0, changed=516, unchanged=377, early_stops=8/8
26 - INFO - chord#: 118 In build_straw_man_chord_sa. tolerance = 1, sa_iterations = 1000, initial_temperature = 3.0, cooling_rate = 0.999
26 - INFO - chord#: 140 done. best_score=27.0, changed=529, unchanged=634, early_stops=8/8
26 - INFO - chord#: 144 In build_straw_man_chord_sa. tolerance = 1, sa_iterations = 1000, initial_temperature = 3.0, cooling_rate = 0.999
26 - INFO - chord#: 120 done. best_score=11.0, changed=475, unchanged=361, early_stops=8/8
26 - INFO - chord#: 128 In build_straw_man_chord_sa. tolerance = 1, sa_iterations = 1000, initial_temperature = 3.0, cooling_rate = 0.999
26 - INFO - chord#: 138 done. best_score=74.0, changed=612, unchanged=367, early_stops=8/8
26 - INFO - chord#: 140 In build_straw_man_chord_sa. tolerance = 1, sa_iterations = 1000, initial_temperature = 3.0, cooling_rate = 0.999
26 - INFO - chord#: 138 done. best_score=148.0, changed=610, unchanged=290, early_stops=8/8
26 - INFO - chord#: 140 In build_straw_man_chord_sa. tolerance = 1, sa_iterations = 1000, initial_temperature = 3.0, cooling_rate = 0.999
26 - INFO - chord#: 128 done. best_score=27.0, changed=520, unchanged=377, early_stops=8/8
26 - INFO - chord#: 136 In build_straw_man_chord_sa. tolerance = 1, sa_iterations = 1000, initial_temperature = 3.0, cooling_rate = 0.999
26 - INFO - chord#: 152 done. best_score=27.0, changed=518, unchanged=468, early_stops=8/8
26 - INFO - chord#: 160 In build_straw_man_chord_sa. tolerance = 1, sa_iterations = 1000, initial_temperature = 3.0, cooling_rate = 0.999
26 - INFO - chord#: 138 done. best_score=74.0, changed=606, unchanged=360, early_stops=8/8
26 - INFO - chord#: 140 In build_straw_man_chord_sa. tolerance = 1, sa_iterations = 1000, initial_temperature = 3.0, cooling_rate = 0.999
26 - INFO - chord#: 138 done. best_score=96.0, changed=612, unchanged=251, early_stops=8/8
26 - INFO - chord#: 140 In build_straw_man_chord_sa. tolerance = 1, sa_iterations = 1000, initial_temperature = 3.0, cooling_rate = 0.999
26 - INFO - chord#: 146 done. best_score=71.0, changed=618, unchanged=275, early_stops=8/8
26 - INFO - chord#: 148 In build_straw_man_chord_sa. tolerance = 1, sa_iterations = 1000, initial_temperature = 3.0, cooling_rate = 0.999
26 - INFO - chord#: 146 done. best_score=71.0, changed=615, unchanged=353, early_stops=8/8
26 - INFO - chord#: 148 In build_straw_man_chord_sa. tolerance = 1, sa_iterations = 1000, initial_temperature = 3.0, cooling_rate = 0.999
26 - INFO - chord#: 128 done. best_score=27.0, changed=520, unchanged=436, early_stops=8/8
26 - INFO - chord#: 136 In build_straw_man_chord_sa. tolerance = 1, sa_iterations = 1000, initial_temperature = 3.0, cooling_rate = 0.999
26 - INFO - chord#: 144 done. best_score=35.0, changed=519, unchanged=394, early_stops=8/8
26 - INFO - chord#: 146 In build_straw_man_chord_sa. tolerance = 1, sa_iterations = 1000, initial_temperature = 3.0, cooling_rate = 0.999
26 - INFO - chord#: 140 done. best_score=27.0, changed=519, unchanged=428, early_stops=8/8
26 - INFO - chord#: 144 In build_straw_man_chord_sa. tolerance = 1, sa_iterations = 1000, initial_temperature = 3.0, cooling_rate = 0.999
26 - INFO - chord#: 136 done. best_score=27.0, changed=520, unchanged=360, early_stops=8/8
26 - INFO - chord#: 138 In build_straw_man_chord_sa. tolerance = 1, sa_iterations = 1000, initial_temperature = 3.0, cooling_rate = 0.999
26 - INFO - chord#: 160 done. best_score=27.0, changed=526, unchanged=560, early_stops=8/8
26 - INFO - chord#: 164 In build_straw_man_chord_sa. tolerance = 1, sa_iterations = 1000, initial_temperature = 3.0, cooling_rate = 0.999
26 - INFO - chord#: 140 done. best_score=27.0, changed=525, unchanged=408, early_stops=8/8
26 - INFO - chord#: 144 In build_straw_man_chord_sa. tolerance = 1, sa_iterations = 1000, initial_temperature = 3.0, cooling_rate = 0.999
26 - INFO - chord#: 140 done. best_score=27.0, changed=521, unchanged=487, early_stops=8/8
26 - INFO - chord#: 144 In build_straw_man_chord_sa. tolerance = 1, sa_iterations = 1000, initial_temperature = 3.0, cooling_rate = 0.999
26 - INFO - chord#: 140 done. best_score=27.0, changed=526, unchanged=473, early_stops=8/8
26 - INFO - chord#: 144 In build_straw_man_chord_sa. tolerance = 1, sa_iterations = 1000, initial_temperature = 3.0, cooling_rate = 0.999
26 - INFO - chord#: 136 done. best_score=27.0, changed=523, unchanged=392, early_stops=8/8
26 - INFO - chord#: 138 In build_straw_man_chord_sa. tolerance = 1, sa_iterations = 1000, initial_temperature = 3.0, cooling_rate = 0.999
26 - INFO - chord#: 146 done. best_score=71.0, changed=611, unchanged=352, early_stops=8/8
26 - INFO - chord#: 148 In build_straw_man_chord_sa. tolerance = 1, sa_iterations = 1000, initial_temperature = 3.0, cooling_rate = 0.999
26 - INFO - chord#: 164 done. best_score=27.0, changed=518, unchanged=358, early_stops=8/8
26 - INFO - chord#: 166 In build_straw_man_chord_sa. tolerance = 1, sa_iterations = 1000, initial_temperature = 3.0, cooling_rate = 0.999
26 - INFO - chord#: 144 done. best_score=35.0, changed=524, unchanged=612, early_stops=8/8
26 - INFO - chord#: 146 In build_straw_man_chord_sa. tolerance = 1, sa_iterations = 1000, initial_temperature = 3.0, cooling_rate = 0.999
26 - INFO - chord#: 148 done. best_score=137.0, changed=610, unchanged=255, early_stops=8/8
26 - INFO - chord#: 150 In build_straw_man_chord_sa. tolerance = 1, sa_iterations = 1000, initial_temperature = 3.0, cooling_rate = 0.999
26 - INFO - chord#: 118 done. best_score=67.0, changed=612, unchanged=297, early_stops=8/8
26 - INFO - chord#: 120 In build_straw_man_chord_sa. tolerance = 1, sa_iterations = 1000, initial_temperature = 3.0, cooling_rate = 0.999
26 - INFO - chord#: 120 done. best_score=11.0, changed=488, unchanged=332, early_stops=8/8
26 - INFO - chord#: 128 In build_straw_man_chord_sa. tolerance = 1, sa_iterations = 1000, initial_temperature = 3.0, cooling_rate = 0.999
26 - INFO - chord#: 148 done. best_score=67.0, changed=609, unchanged=252, early_stops=8/8
26 - INFO - chord#: 150 In build_straw_man_chord_sa. tolerance = 1, sa_iterations = 1000, initial_temperature = 3.0, cooling_rate = 0.999
26 - INFO - chord#: 144 done. best_score=35.0, changed=517, unchanged=479, early_stops=8/8
26 - INFO - chord#: 146 In build_straw_man_chord_sa. tolerance = 1, sa_iterations = 1000, initial_temperature = 3.0, cooling_rate = 0.999
26 - INFO - chord#: 144 done. best_score=35.0, changed=524, unchanged=489, early_stops=8/8
26 - INFO - chord#: 146 In build_straw_man_chord_sa. tolerance = 1, sa_iterations = 1000, initial_temperature = 3.0, cooling_rate = 0.999
26 - INFO - chord#: 144 done. best_score=35.0, changed=525, unchanged=506, early_stops=8/8
26 - INFO - chord#: 146 In build_straw_man_chord_sa. tolerance = 1, sa_iterations = 1000, initial_temperature = 3.0, cooling_rate = 0.999
26 - INFO - chord#: 146 done. best_score=71.0, changed=611, unchanged=219, early_stops=8/8
26 - INFO - chord#: 148 In build_straw_man_chord_sa. tolerance = 1, sa_iterations = 1000, initial_temperature = 3.0, cooling_rate = 0.999
26 - INFO - chord#: 150 done. best_score=36.0, changed=528, unchanged=356, early_stops=8/8
26 - INFO - chord#: 152 In build_straw_man_chord_sa. tolerance = 1, sa_iterations = 1000, initial_temperature = 3.0, cooling_rate = 0.999
26 - INFO - chord#: 150 done. best_score=36.0, changed=526, unchanged=361, early_stops=8/8
26 - INFO - chord#: 152 In build_straw_man_chord_sa. tolerance = 1, sa_iterations = 1000, initial_temperature = 3.0, cooling_rate = 0.999
26 - INFO - chord#: 138 done. best_score=96.0, changed=611, unchanged=386, early_stops=8/8
26 - INFO - chord#: 140 In build_straw_man_chord_sa. tolerance = 1, sa_iterations = 1000, initial_temperature = 3.0, cooling_rate = 0.999
26 - INFO - chord#: 128 done. best_score=27.0, changed=526, unchanged=454, early_stops=8/8
26 - INFO - chord#: 136 In build_straw_man_chord_sa. tolerance = 1, sa_iterations = 1000, initial_temperature = 3.0, cooling_rate = 0.999
26 - INFO - chord#: 152 done. best_score=27.0, changed=517, unchanged=452, early_stops=8/8
26 - INFO - chord#: 160 In build_straw_man_chord_sa. tolerance = 1, sa_iterations = 1000, initial_temperature = 3.0, cooling_rate = 0.999
26 - INFO - chord#: 166 done. best_score=96.0, changed=606, unchanged=281, early_stops=8/8
26 - INFO - chord#: 168 In build_straw_man_chord_sa. tolerance = 1, sa_iterations = 1000, initial_temperature = 3.0, cooling_rate = 0.999
26 - INFO - chord#: 146 done. best_score=71.0, changed=617, unchanged=282, early_stops=8/8
26 - INFO - chord#: 148 In build_straw_man_chord_sa. tolerance = 1, sa_iterations = 1000, initial_temperature = 3.0, cooling_rate = 0.999
26 - INFO - chord#: 138 done. best_score=96.0, changed=611, unchanged=363, early_stops=8/8
26 - INFO - chord#: 140 In build_straw_man_chord_sa. tolerance = 1, sa_iterations = 1000, initial_temperature = 3.0, cooling_rate = 0.999
26 - INFO - chord#: 152 done. best_score=27.0, changed=520, unchanged=362, early_stops=8/8
26 - INFO - chord#: 160 In build_straw_man_chord_sa. tolerance = 1, sa_iterations = 1000, initial_temperature = 3.0, cooling_rate = 0.999
26 - INFO - chord#: 146 done. best_score=71.0, changed=609, unchanged=221, early_stops=8/8
26 - INFO - chord#: 148 In build_straw_man_chord_sa. tolerance = 1, sa_iterations = 1000, initial_temperature = 3.0, cooling_rate = 0.999
26 - INFO - chord#: 148 done. best_score=67.0, changed=613, unchanged=469, early_stops=8/8
26 - INFO - chord#: 150 In build_straw_man_chord_sa. tolerance = 1, sa_iterations = 1000, initial_temperature = 3.0, cooling_rate = 0.999
26 - INFO - chord#: 160 done. best_score=27.0, changed=522, unchanged=398, early_stops=8/8
26 - INFO - chord#: 164 In build_straw_man_chord_sa. tolerance = 1, sa_iterations = 1000, initial_temperature = 3.0, cooling_rate = 0.999
26 - INFO - chord#: 146 done. best_score=146.0, changed=608, unchanged=245, early_stops=8/8
26 - INFO - chord#: 148 In build_straw_man_chord_sa. tolerance = 1, sa_iterations = 1000, initial_temperature = 3.0, cooling_rate = 0.999
26 - INFO - chord#: 168 done. best_score=27.0, changed=526, unchanged=468, early_stops=8/8
26 - INFO - chord#: 170 In build_straw_man_chord_sa. tolerance = 1, sa_iterations = 1000, initial_temperature = 3.0, cooling_rate = 0.999
26 - INFO - chord#: 136 done. best_score=27.0, changed=524, unchanged=479, early_stops=8/8
26 - INFO - chord#: 138 In build_straw_man_chord_sa. tolerance = 1, sa_iterations = 1000, initial_temperature = 3.0, cooling_rate = 0.999
26 - INFO - chord#: 160 done. best_score=27.0, changed=523, unchanged=401, early_stops=8/8
26 - INFO - chord#: 164 In build_straw_man_chord_sa. tolerance = 1, sa_iterations = 1000, initial_temperature = 3.0, cooling_rate = 0.999
26 - INFO - chord#: 140 done. best_score=27.0, changed=526, unchanged=561, early_stops=8/8
26 - INFO - chord#: 144 In build_straw_man_chord_sa. tolerance = 1, sa_iterations = 1000, initial_temperature = 3.0, cooling_rate = 0.999
26 - INFO - chord#: 140 done. best_score=27.0, changed=526, unchanged=532, early_stops=8/8
26 - INFO - chord#: 144 In build_straw_man_chord_sa. tolerance = 1, sa_iterations = 1000, initial_temperature = 3.0, cooling_rate = 0.999
26 - INFO - chord#: 148 done. best_score=67.0, changed=614, unchanged=288, early_stops=8/8
26 - INFO - chord#: 150 In build_straw_man_chord_sa. tolerance = 1, sa_iterations = 1000, initial_temperature = 3.0, cooling_rate = 0.999
26 - INFO - chord#: 146 done. best_score=71.0, changed=613, unchanged=392, early_stops=8/8
26 - INFO - chord#: 148 In build_straw_man_chord_sa. tolerance = 1, sa_iterations = 1000, initial_temperature = 3.0, cooling_rate = 0.999
26 - INFO - chord#: 164 done. best_score=27.0, changed=527, unchanged=448, early_stops=8/8
26 - INFO - chord#: 166 In build_straw_man_chord_sa. tolerance = 1, sa_iterations = 1000, initial_temperature = 3.0, cooling_rate = 0.999
26 - INFO - chord#: 150 done. best_score=36.0, changed=530, unchanged=344, early_stops=8/8
26 - INFO - chord#: 152 In build_straw_man_chord_sa. tolerance = 1, sa_iterations = 1000, initial_temperature = 3.0, cooling_rate = 0.999
26 - INFO - chord#: 164 done. best_score=27.0, changed=520, unchanged=431, early_stops=8/8
26 - INFO - chord#: 166 In build_straw_man_chord_sa. tolerance = 1, sa_iterations = 1000, initial_temperature = 3.0, cooling_rate = 0.999
26 - INFO - chord#: 170 done. best_score=36.0, changed=517, unchanged=404, early_stops=8/8
26 - INFO - chord#: 172 In build_straw_man_chord_sa. tolerance = 1, sa_iterations = 1000, initial_temperature = 3.0, cooling_rate = 0.999
26 - INFO - chord#: 144 done. best_score=35.0, changed=512, unchanged=307, early_stops=8/8
26 - INFO - chord#: 146 In build_straw_man_chord_sa. tolerance = 1, sa_iterations = 1000, initial_temperature = 3.0, cooling_rate = 0.999
26 - INFO - chord#: 144 done. best_score=35.0, changed=524, unchanged=463, early_stops=8/8
26 - INFO - chord#: 146 In build_straw_man_chord_sa. tolerance = 1, sa_iterations = 1000, initial_temperature = 3.0, cooling_rate = 0.999
26 - INFO - chord#: 148 done. best_score=67.0, changed=611, unchanged=272, early_stops=8/8
26 - INFO - chord#: 150 In build_straw_man_chord_sa. tolerance = 1, sa_iterations = 1000, initial_temperature = 3.0, cooling_rate = 0.999
26 - INFO - chord#: 148 done. best_score=67.0, changed=614, unchanged=389, early_stops=8/8
26 - INFO - chord#: 150 In build_straw_man_chord_sa. tolerance = 1, sa_iterations = 1000, initial_temperature = 3.0, cooling_rate = 0.999
26 - INFO - chord#: 150 done. best_score=36.0, changed=526, unchanged=317, early_stops=8/8
26 - INFO - chord#: 152 In build_straw_man_chord_sa. tolerance = 1, sa_iterations = 1000, initial_temperature = 3.0, cooling_rate = 0.999
26 - INFO - chord#: 172 done. best_score=27.0, changed=517, unchanged=388, early_stops=8/8
26 - INFO - chord#: 176 In build_straw_man_chord_sa. tolerance = 1, sa_iterations = 1000, initial_temperature = 3.0, cooling_rate = 0.999
26 - INFO - chord#: 152 done. best_score=27.0, changed=516, unchanged=408, early_stops=8/8
26 - INFO - chord#: 160 In build_straw_man_chord_sa. tolerance = 1, sa_iterations = 1000, initial_temperature = 3.0, cooling_rate = 0.999
26 - INFO - chord#: 150 done. best_score=36.0, changed=520, unchanged=327, early_stops=8/8
26 - INFO - chord#: 152 In build_straw_man_chord_sa. tolerance = 1, sa_iterations = 1000, initial_temperature = 3.0, cooling_rate = 0.999
26 - INFO - chord#: 150 done. best_score=36.0, changed=522, unchanged=356, early_stops=8/8
26 - INFO - chord#: 152 In build_straw_man_chord_sa. tolerance = 1, sa_iterations = 1000, initial_temperature = 3.0, cooling_rate = 0.999
26 - INFO - chord#: 148 done. best_score=67.0, changed=611, unchanged=281, early_stops=8/8
26 - INFO - chord#: 150 In build_straw_man_chord_sa. tolerance = 1, sa_iterations = 1000, initial_temperature = 3.0, cooling_rate = 0.999
26 - INFO - chord#: 152 done. best_score=27.0, changed=512, unchanged=469, early_stops=8/8
26 - INFO - chord#: 160 In build_straw_man_chord_sa. tolerance = 1, sa_iterations = 1000, initial_temperature = 3.0, cooling_rate = 0.999
26 - INFO - chord#: 152 done. best_score=27.0, changed=518, unchanged=386, early_stops=8/8
26 - INFO - chord#: 160 In build_straw_man_chord_sa. tolerance = 1, sa_iterations = 1000, initial_temperature = 3.0, cooling_rate = 0.999
26 - INFO - chord#: 152 done. best_score=27.0, changed=521, unchanged=427, early_stops=8/8
26 - INFO - chord#: 160 In build_straw_man_chord_sa. tolerance = 1, sa_iterations = 1000, initial_temperature = 3.0, cooling_rate = 0.999
26 - INFO - chord#: 166 done. best_score=74.0, changed=615, unchanged=363, early_stops=8/8
26 - INFO - chord#: 168 In build_straw_man_chord_sa. tolerance = 1, sa_iterations = 1000, initial_temperature = 3.0, cooling_rate = 0.999
26 - INFO - chord#: 150 done. best_score=36.0, changed=527, unchanged=409, early_stops=8/8
26 - INFO - chord#: 152 In build_straw_man_chord_sa. tolerance = 1, sa_iterations = 1000, initial_temperature = 3.0, cooling_rate = 0.999
26 - INFO - chord#: 166 done. best_score=74.0, changed=614, unchanged=360, early_stops=8/8
26 - INFO - chord#: 168 In build_straw_man_chord_sa. tolerance = 1, sa_iterations = 1000, initial_temperature = 3.0, cooling_rate = 0.999
26 - INFO - chord#: 160 done. best_score=27.0, changed=529, unchanged=497, early_stops=8/8
26 - INFO - chord#: 164 In build_straw_man_chord_sa. tolerance = 1, sa_iterations = 1000, initial_temperature = 3.0, cooling_rate = 0.999
26 - INFO - chord#: 146 done. best_score=71.0, changed=614, unchanged=249, early_stops=8/8
26 - INFO - chord#: 148 In build_straw_man_chord_sa. tolerance = 1, sa_iterations = 1000, initial_temperature = 3.0, cooling_rate = 0.999
26 - INFO - chord#: 146 done. best_score=155.0, changed=612, unchanged=307, early_stops=8/8
26 - INFO - chord#: 148 In build_straw_man_chord_sa. tolerance = 1, sa_iterations = 1000, initial_temperature = 3.0, cooling_rate = 0.999
26 - INFO - chord#: 176 done. best_score=64.0, changed=606, unchanged=278, early_stops=8/8
26 - INFO - chord#: 178 In build_straw_man_chord_sa. tolerance = 1, sa_iterations = 1000, initial_temperature = 3.0, cooling_rate = 0.999
26 - INFO - chord#: 160 done. best_score=27.0, changed=513, unchanged=364, early_stops=8/8
26 - INFO - chord#: 164 In build_straw_man_chord_sa. tolerance = 1, sa_iterations = 1000, initial_temperature = 3.0, cooling_rate = 0.999
26 - INFO - chord#: 138 done. best_score=74.0, changed=620, unchanged=627, early_stops=8/8
26 - INFO - chord#: 140 In build_straw_man_chord_sa. tolerance = 1, sa_iterations = 1000, initial_temperature = 3.0, cooling_rate = 0.999
26 - INFO - chord#: 148 done. best_score=67.0, changed=619, unchanged=436, early_stops=8/8
26 - INFO - chord#: 150 In build_straw_man_chord_sa. tolerance = 1, sa_iterations = 1000, initial_temperature = 3.0, cooling_rate = 0.999
26 - INFO - chord#: 160 done. best_score=27.0, changed=521, unchanged=379, early_stops=8/8
26 - INFO - chord#: 164 In build_straw_man_chord_sa. tolerance = 1, sa_iterations = 1000, initial_temperature = 3.0, cooling_rate = 0.999
26 - INFO - chord#: 160 done. best_score=27.0, changed=527, unchanged=470, early_stops=8/8
26 - INFO - chord#: 164 In build_straw_man_chord_sa. tolerance = 1, sa_iterations = 1000, initial_temperature = 3.0, cooling_rate = 0.999
26 - INFO - chord#: 168 done. best_score=27.0, changed=525, unchanged=398, early_stops=8/8
26 - INFO - chord#: 170 In build_straw_man_chord_sa. tolerance = 1, sa_iterations = 1000, initial_temperature = 3.0, cooling_rate = 0.999
26 - INFO - chord#: 164 done. best_score=27.0, changed=522, unchanged=348, early_stops=8/8
26 - INFO - chord#: 166 In build_straw_man_chord_sa. tolerance = 1, sa_iterations = 1000, initial_temperature = 3.0, cooling_rate = 0.999
26 - INFO - chord#: 164 done. best_score=27.0, changed=520, unchanged=339, early_stops=8/8
26 - INFO - chord#: 166 In build_straw_man_chord_sa. tolerance = 1, sa_iterations = 1000, initial_temperature = 3.0, cooling_rate = 0.999
26 - INFO - chord#: 152 done. best_score=27.0, changed=529, unchanged=530, early_stops=8/8
26 - INFO - chord#: 160 In build_straw_man_chord_sa. tolerance = 1, sa_iterations = 1000, initial_temperature = 3.0, cooling_rate = 0.999
26 - INFO - chord#: 168 done. best_score=27.0, changed=523, unchanged=552, early_stops=8/8
26 - INFO - chord#: 170 In build_straw_man_chord_sa. tolerance = 1, sa_iterations = 1000, initial_temperature = 3.0, cooling_rate = 0.999
26 - INFO - chord#: 178 done. best_score=37.0, changed=532, unchanged=403, early_stops=8/8
26 - INFO - chord#: 180 In build_straw_man_chord_sa. tolerance = 1, sa_iterations = 1000, initial_temperature = 3.0, cooling_rate = 0.999
26 - INFO - chord#: 164 done. best_score=27.0, changed=525, unchanged=378, early_stops=8/8
26 - INFO - chord#: 166 In build_straw_man_chord_sa. tolerance = 1, sa_iterations = 1000, initial_temperature = 3.0, cooling_rate = 0.999
26 - INFO - chord#: 164 done. best_score=27.0, changed=517, unchanged=497, early_stops=8/8
26 - INFO - chord#: 166 In build_straw_man_chord_sa. tolerance = 1, sa_iterations = 1000, initial_temperature = 3.0, cooling_rate = 0.999
26 - INFO - chord#: 170 done. best_score=36.0, changed=521, unchanged=397, early_stops=8/8
26 - INFO - chord#: 172 In build_straw_man_chord_sa. tolerance = 1, sa_iterations = 1000, initial_temperature = 3.0, cooling_rate = 0.999
26 - INFO - chord#: 150 done. best_score=36.0, changed=535, unchanged=432, early_stops=8/8
26 - INFO - chord#: 152 In build_straw_man_chord_sa. tolerance = 1, sa_iterations = 1000, initial_temperature = 3.0, cooling_rate = 0.999
26 - INFO - chord#: 140 done. best_score=27.0, changed=539, unchanged=730, early_stops=8/8
26 - INFO - chord#: 144 In build_straw_man_chord_sa. tolerance = 1, sa_iterations = 1000, initial_temperature = 3.0, cooling_rate = 0.999
26 - INFO - chord#: 170 done. best_score=36.0, changed=517, unchanged=308, early_stops=8/8
26 - INFO - chord#: 172 In build_straw_man_chord_sa. tolerance = 1, sa_iterations = 1000, initial_temperature = 3.0, cooling_rate = 0.999
26 - INFO - chord#: 180 done. best_score=27.0, changed=517, unchanged=375, early_stops=8/8
26 - INFO - chord#: 182 In build_straw_man_chord_sa. tolerance = 1, sa_iterations = 1000, initial_temperature = 3.0, cooling_rate = 0.999
26 - INFO - chord#: 160 done. best_score=27.0, changed=521, unchanged=631, early_stops=8/8
26 - INFO - chord#: 164 In build_straw_man_chord_sa. tolerance = 1, sa_iterations = 1000, initial_temperature = 3.0, cooling_rate = 0.999
26 - INFO - chord#: 172 done. best_score=27.0, changed=525, unchanged=497, early_stops=8/8
26 - INFO - chord#: 176 In build_straw_man_chord_sa. tolerance = 1, sa_iterations = 1000, initial_temperature = 3.0, cooling_rate = 0.999
26 - INFO - chord#: 152 done. best_score=27.0, changed=518, unchanged=426, early_stops=8/8
26 - INFO - chord#: 160 In build_straw_man_chord_sa. tolerance = 1, sa_iterations = 1000, initial_temperature = 3.0, cooling_rate = 0.999
26 - INFO - chord#: 148 done. best_score=67.0, changed=613, unchanged=339, early_stops=8/8
26 - INFO - chord#: 150 In build_straw_man_chord_sa. tolerance = 1, sa_iterations = 1000, initial_temperature = 3.0, cooling_rate = 0.999
26 - INFO - chord#: 182 done. best_score=47.0, changed=532, unchanged=488, early_stops=8/8
26 - INFO - chord#: 183 In build_straw_man_chord_sa. tolerance = 1, sa_iterations = 1000, initial_temperature = 3.0, cooling_rate = 0.999
26 - INFO - chord#: 166 done. best_score=74.0, changed=609, unchanged=262, early_stops=8/8
26 - INFO - chord#: 168 In build_straw_man_chord_sa. tolerance = 1, sa_iterations = 1000, initial_temperature = 3.0, cooling_rate = 0.999
26 - INFO - chord#: 172 done. best_score=27.0, changed=526, unchanged=635, early_stops=8/8
26 - INFO - chord#: 176 In build_straw_man_chord_sa. tolerance = 1, sa_iterations = 1000, initial_temperature = 3.0, cooling_rate = 0.999
26 - INFO - chord#: 144 done. best_score=35.0, changed=513, unchanged=413, early_stops=8/8
26 - INFO - chord#: 146 In build_straw_man_chord_sa. tolerance = 1, sa_iterations = 1000, initial_temperature = 3.0, cooling_rate = 0.999
26 - INFO - chord#: 148 done. best_score=67.0, changed=614, unchanged=537, early_stops=8/8
26 - INFO - chord#: 150 In build_straw_man_chord_sa. tolerance = 1, sa_iterations = 1000, initial_temperature = 3.0, cooling_rate = 0.999
26 - INFO - chord#: 164 done. best_score=27.0, changed=516, unchanged=353, early_stops=8/8
26 - INFO - chord#: 166 In build_straw_man_chord_sa. tolerance = 1, sa_iterations = 1000, initial_temperature = 3.0, cooling_rate = 0.999
26 - INFO - chord#: 166 done. best_score=74.0, changed=612, unchanged=354, early_stops=8/8
26 - INFO - chord#: 168 In build_straw_man_chord_sa. tolerance = 1, sa_iterations = 1000, initial_temperature = 3.0, cooling_rate = 0.999
26 - INFO - chord#: 166 done. best_score=121.0, changed=619, unchanged=362, early_stops=8/8
26 - INFO - chord#: 168 In build_straw_man_chord_sa. tolerance = 1, sa_iterations = 1000, initial_temperature = 3.0, cooling_rate = 0.999
26 - INFO - chord#: 166 done. best_score=121.0, changed=614, unchanged=339, early_stops=8/8
26 - INFO - chord#: 168 In build_straw_man_chord_sa. tolerance = 1, sa_iterations = 1000, initial_temperature = 3.0, cooling_rate = 0.999
26 - INFO - chord#: 160 done. best_score=27.0, changed=522, unchanged=406, early_stops=8/8
26 - INFO - chord#: 164 In build_straw_man_chord_sa. tolerance = 1, sa_iterations = 1000, initial_temperature = 3.0, cooling_rate = 0.999
26 - INFO - chord#: 150 done. best_score=36.0, changed=516, unchanged=361, early_stops=8/8
26 - INFO - chord#: 152 In build_straw_man_chord_sa. tolerance = 1, sa_iterations = 1000, initial_temperature = 3.0, cooling_rate = 0.999
26 - INFO - chord#: 168 done. best_score=27.0, changed=513, unchanged=411, early_stops=8/8
26 - INFO - chord#: 170 In build_straw_man_chord_sa. tolerance = 1, sa_iterations = 1000, initial_temperature = 3.0, cooling_rate = 0.999
26 - INFO - chord#: 150 done. best_score=36.0, changed=523, unchanged=322, early_stops=8/8
26 - INFO - chord#: 152 In build_straw_man_chord_sa. tolerance = 1, sa_iterations = 1000, initial_temperature = 3.0, cooling_rate = 0.999
26 - INFO - chord#: 168 done. best_score=27.0, changed=521, unchanged=364, early_stops=8/8
26 - INFO - chord#: 170 In build_straw_man_chord_sa. tolerance = 1, sa_iterations = 1000, initial_temperature = 3.0, cooling_rate = 0.999
26 - INFO - chord#: 176 done. best_score=154.0, changed=610, unchanged=308, early_stops=8/8
26 - INFO - chord#: 178 In build_straw_man_chord_sa. tolerance = 1, sa_iterations = 1000, initial_temperature = 3.0, cooling_rate = 0.999
26 - INFO - chord#: 168 done. best_score=27.0, changed=519, unchanged=435, early_stops=8/8
26 - INFO - chord#: 170 In build_straw_man_chord_sa. tolerance = 1, sa_iterations = 1000, initial_temperature = 3.0, cooling_rate = 0.999
26 - INFO - chord#: 164 done. best_score=27.0, changed=519, unchanged=357, early_stops=8/8
26 - INFO - chord#: 166 In build_straw_man_chord_sa. tolerance = 1, sa_iterations = 1000, initial_temperature = 3.0, cooling_rate = 0.999
26 - INFO - chord#: 152 done. best_score=27.0, changed=515, unchanged=441, early_stops=8/8
26 - INFO - chord#: 160 In build_straw_man_chord_sa. tolerance = 1, sa_iterations = 1000, initial_temperature = 3.0, cooling_rate = 0.999
26 - INFO - chord#: 170 done. best_score=36.0, changed=523, unchanged=405, early_stops=8/8
26 - INFO - chord#: 172 In build_straw_man_chord_sa. tolerance = 1, sa_iterations = 1000, initial_temperature = 3.0, cooling_rate = 0.999
26 - INFO - chord#: 168 done. best_score=27.0, changed=517, unchanged=559, early_stops=8/8
26 - INFO - chord#: 170 In build_straw_man_chord_sa. tolerance = 1, sa_iterations = 1000, initial_temperature = 3.0, cooling_rate = 0.999
26 - INFO - chord#: 176 done. best_score=64.0, changed=611, unchanged=347, early_stops=8/8
26 - INFO - chord#: 178 In build_straw_man_chord_sa. tolerance = 1, sa_iterations = 1000, initial_temperature = 3.0, cooling_rate = 0.999
26 - INFO - chord#: 152 done. best_score=27.0, changed=515, unchanged=409, early_stops=8/8
26 - INFO - chord#: 160 In build_straw_man_chord_sa. tolerance = 1, sa_iterations = 1000, initial_temperature = 3.0, cooling_rate = 0.999
26 - INFO - chord#: 183 done. best_score=115.0, changed=609, unchanged=344, early_stops=8/8
26 - INFO - chord#: 184 In build_straw_man_chord_sa. tolerance = 1, sa_iterations = 1000, initial_temperature = 3.0, cooling_rate = 0.999
26 - INFO - chord#: 146 done. best_score=71.0, changed=611, unchanged=273, early_stops=8/8
26 - INFO - chord#: 148 In build_straw_man_chord_sa. tolerance = 1, sa_iterations = 1000, initial_temperature = 3.0, cooling_rate = 0.999
26 - INFO - chord#: 170 done. best_score=36.0, changed=518, unchanged=391, early_stops=8/8
26 - INFO - chord#: 172 In build_straw_man_chord_sa. tolerance = 1, sa_iterations = 1000, initial_temperature = 3.0, cooling_rate = 0.999
26 - INFO - chord#: 184 done. best_score=9.0, changed=460, unchanged=358, early_stops=8/8
26 - INFO - chord#: 170 done. best_score=36.0, changed=518, unchanged=321, early_stops=8/8
26 - INFO - chord#: 172 In build_straw_man_chord_sa. tolerance = 1, sa_iterations = 1000, initial_temperature = 3.0, cooling_rate = 0.999
26 - INFO - chord#: 178 done. best_score=37.0, changed=523, unchanged=416, early_stops=8/8
26 - INFO - chord#: 180 In build_straw_man_chord_sa. tolerance = 1, sa_iterations = 1000, initial_temperature = 3.0, cooling_rate = 0.999
26 - INFO - chord#: 172 done. best_score=27.0, changed=528, unchanged=408, early_stops=8/8
26 - INFO - chord#: 176 In build_straw_man_chord_sa. tolerance = 1, sa_iterations = 1000, initial_temperature = 3.0, cooling_rate = 0.999
26 - INFO - chord#: 160 done. best_score=27.0, changed=532, unchanged=535, early_stops=8/8
26 - INFO - chord#: 164 In build_straw_man_chord_sa. tolerance = 1, sa_iterations = 1000, initial_temperature = 3.0, cooling_rate = 0.999
26 - INFO - chord#: 178 done. best_score=37.0, changed=523, unchanged=351, early_stops=8/8
26 - INFO - chord#: 180 In build_straw_man_chord_sa. tolerance = 1, sa_iterations = 1000, initial_temperature = 3.0, cooling_rate = 0.999
26 - INFO - chord#: 170 done. best_score=36.0, changed=518, unchanged=341, early_stops=8/8
26 - INFO - chord#: 172 In build_straw_man_chord_sa. tolerance = 1, sa_iterations = 1000, initial_temperature = 3.0, cooling_rate = 0.999
26 - INFO - chord#: 160 done. best_score=27.0, changed=519, unchanged=391, early_stops=8/8
26 - INFO - chord#: 164 In build_straw_man_chord_sa. tolerance = 1, sa_iterations = 1000, initial_temperature = 3.0, cooling_rate = 0.999
26 - INFO - chord#: 166 done. best_score=96.0, changed=610, unchanged=383, early_stops=8/8
26 - INFO - chord#: 168 In build_straw_man_chord_sa. tolerance = 1, sa_iterations = 1000, initial_temperature = 3.0, cooling_rate = 0.999
26 - INFO - chord#: 172 done. best_score=27.0, changed=519, unchanged=340, early_stops=8/8
26 - INFO - chord#: 176 In build_straw_man_chord_sa. tolerance = 1, sa_iterations = 1000, initial_temperature = 3.0, cooling_rate = 0.999
26 - INFO - chord#: 172 done. best_score=27.0, changed=530, unchanged=600, early_stops=8/8
26 - INFO - chord#: 176 In build_straw_man_chord_sa. tolerance = 1, sa_iterations = 1000, initial_temperature = 3.0, cooling_rate = 0.999
26 - INFO - chord#: 164 done. best_score=27.0, changed=522, unchanged=361, early_stops=8/8
26 - INFO - chord#: 166 In build_straw_man_chord_sa. tolerance = 1, sa_iterations = 1000, initial_temperature = 3.0, cooling_rate = 0.999
26 - INFO - chord#: 180 done. best_score=27.0, changed=526, unchanged=501, early_stops=8/8
26 - INFO - chord#: 182 In build_straw_man_chord_sa. tolerance = 1, sa_iterations = 1000, initial_temperature = 3.0, cooling_rate = 0.999
26 - INFO - chord#: 180 done. best_score=27.0, changed=527, unchanged=528, early_stops=8/8
26 - INFO - chord#: 182 In build_straw_man_chord_sa. tolerance = 1, sa_iterations = 1000, initial_temperature = 3.0, cooling_rate = 0.999
26 - INFO - chord#: 164 done. best_score=27.0, changed=530, unchanged=444, early_stops=8/8
26 - INFO - chord#: 166 In build_straw_man_chord_sa. tolerance = 1, sa_iterations = 1000, initial_temperature = 3.0, cooling_rate = 0.999
26 - INFO - chord#: 172 done. best_score=27.0, changed=514, unchanged=363, early_stops=8/8
26 - INFO - chord#: 176 In build_straw_man_chord_sa. tolerance = 1, sa_iterations = 1000, initial_temperature = 3.0, cooling_rate = 0.999
26 - INFO - chord#: 168 done. best_score=27.0, changed=514, unchanged=373, early_stops=8/8
26 - INFO - chord#: 170 In build_straw_man_chord_sa. tolerance = 1, sa_iterations = 1000, initial_temperature = 3.0, cooling_rate = 0.999
26 - INFO - chord#: 182 done. best_score=47.0, changed=517, unchanged=406, early_stops=8/8
26 - INFO - chord#: 183 In build_straw_man_chord_sa. tolerance = 1, sa_iterations = 1000, initial_temperature = 3.0, cooling_rate = 0.999
26 - INFO - chord#: 166 done. best_score=74.0, changed=614, unchanged=357, early_stops=8/8
26 - INFO - chord#: 168 In build_straw_man_chord_sa. tolerance = 1, sa_iterations = 1000, initial_temperature = 3.0, cooling_rate = 0.999
26 - INFO - chord#: 148 done. best_score=67.0, changed=610, unchanged=302, early_stops=8/8
26 - INFO - chord#: 150 In build_straw_man_chord_sa. tolerance = 1, sa_iterations = 1000, initial_temperature = 3.0, cooling_rate = 0.999
26 - INFO - chord#: 182 done. best_score=47.0, changed=524, unchanged=399, early_stops=8/8
26 - INFO - chord#: 183 In build_straw_man_chord_sa. tolerance = 1, sa_iterations = 1000, initial_temperature = 3.0, cooling_rate = 0.999
26 - INFO - chord#: 176 done. best_score=154.0, changed=611, unchanged=332, early_stops=8/8
26 - INFO - chord#: 178 In build_straw_man_chord_sa. tolerance = 1, sa_iterations = 1000, initial_temperature = 3.0, cooling_rate = 0.999
26 - INFO - chord#: 166 done. best_score=74.0, changed=610, unchanged=350, early_stops=8/8
26 - INFO - chord#: 168 In build_straw_man_chord_sa. tolerance = 1, sa_iterations = 1000, initial_temperature = 3.0, cooling_rate = 0.999
26 - INFO - chord#: 176 done. best_score=64.0, changed=616, unchanged=384, early_stops=8/8
26 - INFO - chord#: 178 In build_straw_man_chord_sa. tolerance = 1, sa_iterations = 1000, initial_temperature = 3.0, cooling_rate = 0.999
26 - INFO - chord#: 176 done. best_score=125.0, changed=612, unchanged=395, early_stops=8/8
26 - INFO - chord#: 178 In build_straw_man_chord_sa. tolerance = 1, sa_iterations = 1000, initial_temperature = 3.0, cooling_rate = 0.999
26 - INFO - chord#: 170 done. best_score=36.0, changed=514, unchanged=310, early_stops=8/8
26 - INFO - chord#: 172 In build_straw_man_chord_sa. tolerance = 1, sa_iterations = 1000, initial_temperature = 3.0, cooling_rate = 0.999
26 - INFO - chord#: 150 done. best_score=36.0, changed=529, unchanged=413, early_stops=8/8
26 - INFO - chord#: 152 In build_straw_man_chord_sa. tolerance = 1, sa_iterations = 1000, initial_temperature = 3.0, cooling_rate = 0.999
26 - INFO - chord#: 168 done. best_score=27.0, changed=516, unchanged=363, early_stops=8/8
26 - INFO - chord#: 170 In build_straw_man_chord_sa. tolerance = 1, sa_iterations = 1000, initial_temperature = 3.0, cooling_rate = 0.999
26 - INFO - chord#: 166 done. best_score=74.0, changed=611, unchanged=230, early_stops=8/8
26 - INFO - chord#: 168 In build_straw_man_chord_sa. tolerance = 1, sa_iterations = 1000, initial_temperature = 3.0, cooling_rate = 0.999
26 - INFO - chord#: 178 done. best_score=49.0, changed=538, unchanged=303, early_stops=8/8
26 - INFO - chord#: 180 In build_straw_man_chord_sa. tolerance = 1, sa_iterations = 1000, initial_temperature = 3.0, cooling_rate = 0.999
26 - INFO - chord#: 178 done. best_score=37.0, changed=526, unchanged=427, early_stops=8/8
26 - INFO - chord#: 180 In build_straw_man_chord_sa. tolerance = 1, sa_iterations = 1000, initial_temperature = 3.0, cooling_rate = 0.999
26 - INFO - chord#: 178 done. best_score=37.0, changed=526, unchanged=497, early_stops=8/8
26 - INFO - chord#: 180 In build_straw_man_chord_sa. tolerance = 1, sa_iterations = 1000, initial_temperature = 3.0, cooling_rate = 0.999
26 - INFO - chord#: 168 done. best_score=27.0, changed=526, unchanged=533, early_stops=8/8
26 - INFO - chord#: 170 In build_straw_man_chord_sa. tolerance = 1, sa_iterations = 1000, initial_temperature = 3.0, cooling_rate = 0.999
26 - INFO - chord#: 172 done. best_score=27.0, changed=523, unchanged=401, early_stops=8/8
26 - INFO - chord#: 176 In build_straw_man_chord_sa. tolerance = 1, sa_iterations = 1000, initial_temperature = 3.0, cooling_rate = 0.999
26 - INFO - chord#: 152 done. best_score=27.0, changed=518, unchanged=325, early_stops=8/8
26 - INFO - chord#: 160 In build_straw_man_chord_sa. tolerance = 1, sa_iterations = 1000, initial_temperature = 3.0, cooling_rate = 0.999
26 - INFO - chord#: 170 done. best_score=36.0, changed=525, unchanged=352, early_stops=8/8
26 - INFO - chord#: 172 In build_straw_man_chord_sa. tolerance = 1, sa_iterations = 1000, initial_temperature = 3.0, cooling_rate = 0.999
26 - INFO - chord#: 168 done. best_score=27.0, changed=521, unchanged=477, early_stops=8/8
26 - INFO - chord#: 170 In build_straw_man_chord_sa. tolerance = 1, sa_iterations = 1000, initial_temperature = 3.0, cooling_rate = 0.999
26 - INFO - chord#: 176 done. best_score=96.0, changed=614, unchanged=437, early_stops=8/8
26 - INFO - chord#: 178 In build_straw_man_chord_sa. tolerance = 1, sa_iterations = 1000, initial_temperature = 3.0, cooling_rate = 0.999
26 - INFO - chord#: 180 done. best_score=27.0, changed=523, unchanged=537, early_stops=8/8
26 - INFO - chord#: 182 In build_straw_man_chord_sa. tolerance = 1, sa_iterations = 1000, initial_temperature = 3.0, cooling_rate = 0.999
26 - INFO - chord#: 183 done. best_score=113.0, changed=614, unchanged=327, early_stops=8/8
26 - INFO - chord#: 184 In build_straw_man_chord_sa. tolerance = 1, sa_iterations = 1000, initial_temperature = 3.0, cooling_rate = 0.999
26 - INFO - chord#: 170 done. best_score=36.0, changed=519, unchanged=351, early_stops=8/8
26 - INFO - chord#: 172 In build_straw_man_chord_sa. tolerance = 1, sa_iterations = 1000, initial_temperature = 3.0, cooling_rate = 0.999
26 - INFO - chord#: 183 done. best_score=113.0, changed=610, unchanged=410, early_stops=8/8
26 - INFO - chord#: 184 In build_straw_man_chord_sa. tolerance = 1, sa_iterations = 1000, initial_temperature = 3.0, cooling_rate = 0.999
26 - INFO - chord#: 180 done. best_score=27.0, changed=522, unchanged=368, early_stops=8/8
26 - INFO - chord#: 182 In build_straw_man_chord_sa. tolerance = 1, sa_iterations = 1000, initial_temperature = 3.0, cooling_rate = 0.999
26 - INFO - chord#: 184 done. best_score=9.0, changed=467, unchanged=352, early_stops=8/8
26 - INFO - chord#: 180 done. best_score=27.0, changed=521, unchanged=374, early_stops=8/8
26 - INFO - chord#: 182 In build_straw_man_chord_sa. tolerance = 1, sa_iterations = 1000, initial_temperature = 3.0, cooling_rate = 0.999
26 - INFO - chord#: 184 done. best_score=9.0, changed=461, unchanged=395, early_stops=8/8
26 - INFO - chord#: 160 done. best_score=27.0, changed=514, unchanged=357, early_stops=8/8
26 - INFO - chord#: 164 In build_straw_man_chord_sa. tolerance = 1, sa_iterations = 1000, initial_temperature = 3.0, cooling_rate = 0.999
26 - INFO - chord#: 170 done. best_score=36.0, changed=521, unchanged=399, early_stops=8/8
26 - INFO - chord#: 172 In build_straw_man_chord_sa. tolerance = 1, sa_iterations = 1000, initial_temperature = 3.0, cooling_rate = 0.999
26 - INFO - chord#: 178 done. best_score=49.0, changed=520, unchanged=339, early_stops=8/8
26 - INFO - chord#: 180 In build_straw_man_chord_sa. tolerance = 1, sa_iterations = 1000, initial_temperature = 3.0, cooling_rate = 0.999
26 - INFO - chord#: 172 done. best_score=27.0, changed=516, unchanged=338, early_stops=8/8
26 - INFO - chord#: 176 In build_straw_man_chord_sa. tolerance = 1, sa_iterations = 1000, initial_temperature = 3.0, cooling_rate = 0.999
26 - INFO - chord#: 182 done. best_score=47.0, changed=522, unchanged=430, early_stops=8/8
26 - INFO - chord#: 183 In build_straw_man_chord_sa. tolerance = 1, sa_iterations = 1000, initial_temperature = 3.0, cooling_rate = 0.999
26 - INFO - chord#: 172 done. best_score=27.0, changed=519, unchanged=349, early_stops=8/8
26 - INFO - chord#: 176 In build_straw_man_chord_sa. tolerance = 1, sa_iterations = 1000, initial_temperature = 3.0, cooling_rate = 0.999
26 - INFO - chord#: 182 done. best_score=47.0, changed=526, unchanged=453, early_stops=8/8
26 - INFO - chord#: 183 In build_straw_man_chord_sa. tolerance = 1, sa_iterations = 1000, initial_temperature = 3.0, cooling_rate = 0.999
26 - INFO - chord#: 176 done. best_score=71.0, changed=611, unchanged=256, early_stops=8/8
26 - INFO - chord#: 178 In build_straw_man_chord_sa. tolerance = 1, sa_iterations = 1000, initial_temperature = 3.0, cooling_rate = 0.999
26 - INFO - chord#: 164 done. best_score=27.0, changed=521, unchanged=404, early_stops=8/8
26 - INFO - chord#: 166 In build_straw_man_chord_sa. tolerance = 1, sa_iterations = 1000, initial_temperature = 3.0, cooling_rate = 0.999
26 - INFO - chord#: 182 done. best_score=47.0, changed=527, unchanged=336, early_stops=8/8
26 - INFO - chord#: 183 In build_straw_man_chord_sa. tolerance = 1, sa_iterations = 1000, initial_temperature = 3.0, cooling_rate = 0.999
26 - INFO - chord#: 172 done. best_score=27.0, changed=523, unchanged=392, early_stops=8/8
26 - INFO - chord#: 176 In build_straw_man_chord_sa. tolerance = 1, sa_iterations = 1000, initial_temperature = 3.0, cooling_rate = 0.999
26 - INFO - chord#: 180 done. best_score=27.0, changed=534, unchanged=449, early_stops=8/8
26 - INFO - chord#: 182 In build_straw_man_chord_sa. tolerance = 1, sa_iterations = 1000, initial_temperature = 3.0, cooling_rate = 0.999
26 - INFO - chord#: 178 done. best_score=35.0, changed=520, unchanged=343, early_stops=8/8
26 - INFO - chord#: 180 In build_straw_man_chord_sa. tolerance = 1, sa_iterations = 1000, initial_temperature = 3.0, cooling_rate = 0.999
26 - INFO - chord#: 182 done. best_score=47.0, changed=524, unchanged=429, early_stops=8/8
26 - INFO - chord#: 183 In build_straw_man_chord_sa. tolerance = 1, sa_iterations = 1000, initial_temperature = 3.0, cooling_rate = 0.999
26 - INFO - chord#: 180 done. best_score=27.0, changed=518, unchanged=375, early_stops=8/8
26 - INFO - chord#: 182 In build_straw_man_chord_sa. tolerance = 1, sa_iterations = 1000, initial_temperature = 3.0, cooling_rate = 0.999
26 - INFO - chord#: 183 done. best_score=116.0, changed=613, unchanged=341, early_stops=8/8
26 - INFO - chord#: 184 In build_straw_man_chord_sa. tolerance = 1, sa_iterations = 1000, initial_temperature = 3.0, cooling_rate = 0.999
26 - INFO - chord#: 176 done. best_score=157.0, changed=616, unchanged=419, early_stops=8/8
26 - INFO - chord#: 178 In build_straw_man_chord_sa. tolerance = 1, sa_iterations = 1000, initial_temperature = 3.0, cooling_rate = 0.999
26 - INFO - chord#: 183 done. best_score=111.0, changed=609, unchanged=296, early_stops=8/8
26 - INFO - chord#: 184 In build_straw_man_chord_sa. tolerance = 1, sa_iterations = 1000, initial_temperature = 3.0, cooling_rate = 0.999
26 - INFO - chord#: 176 done. best_score=96.0, changed=611, unchanged=305, early_stops=8/8
26 - INFO - chord#: 178 In build_straw_man_chord_sa. tolerance = 1, sa_iterations = 1000, initial_temperature = 3.0, cooling_rate = 0.999
26 - INFO - chord#: 184 done. best_score=9.0, changed=471, unchanged=360, early_stops=8/8
26 - INFO - chord#: 184 done. best_score=9.0, changed=477, unchanged=346, early_stops=8/8
26 - INFO - chord#: 176 done. best_score=96.0, changed=608, unchanged=298, early_stops=8/8
26 - INFO - chord#: 178 In build_straw_man_chord_sa. tolerance = 1, sa_iterations = 1000, initial_temperature = 3.0, cooling_rate = 0.999
26 - INFO - chord#: 182 done. best_score=47.0, changed=532, unchanged=470, early_stops=8/8
26 - INFO - chord#: 183 In build_straw_man_chord_sa. tolerance = 1, sa_iterations = 1000, initial_temperature = 3.0, cooling_rate = 0.999
26 - INFO - chord#: 183 done. best_score=111.0, changed=611, unchanged=300, early_stops=8/8
26 - INFO - chord#: 184 In build_straw_man_chord_sa. tolerance = 1, sa_iterations = 1000, initial_temperature = 3.0, cooling_rate = 0.999
26 - INFO - chord#: 166 done. best_score=168.0, changed=613, unchanged=349, early_stops=8/8
26 - INFO - chord#: 168 In build_straw_man_chord_sa. tolerance = 1, sa_iterations = 1000, initial_temperature = 3.0, cooling_rate = 0.999
26 - INFO - chord#: 178 done. best_score=37.0, changed=528, unchanged=340, early_stops=8/8
26 - INFO - chord#: 180 In build_straw_man_chord_sa. tolerance = 1, sa_iterations = 1000, initial_temperature = 3.0, cooling_rate = 0.999
26 - INFO - chord#: 178 done. best_score=58.0, changed=528, unchanged=306, early_stops=8/8
26 - INFO - chord#: 180 In build_straw_man_chord_sa. tolerance = 1, sa_iterations = 1000, initial_temperature = 3.0, cooling_rate = 0.999
26 - INFO - chord#: 178 done. best_score=49.0, changed=531, unchanged=299, early_stops=8/8
26 - INFO - chord#: 180 In build_straw_man_chord_sa. tolerance = 1, sa_iterations = 1000, initial_temperature = 3.0, cooling_rate = 0.999
26 - INFO - chord#: 184 done. best_score=9.0, changed=459, unchanged=375, early_stops=8/8
26 - INFO - chord#: 183 done. best_score=146.0, changed=609, unchanged=254, early_stops=8/8
26 - INFO - chord#: 184 In build_straw_man_chord_sa. tolerance = 1, sa_iterations = 1000, initial_temperature = 3.0, cooling_rate = 0.999
26 - INFO - chord#: 180 done. best_score=27.0, changed=524, unchanged=445, early_stops=8/8
26 - INFO - chord#: 182 In build_straw_man_chord_sa. tolerance = 1, sa_iterations = 1000, initial_temperature = 3.0, cooling_rate = 0.999
26 - INFO - chord#: 184 done. best_score=9.0, changed=469, unchanged=377, early_stops=8/8
26 - INFO - chord#: 168 done. best_score=27.0, changed=524, unchanged=427, early_stops=8/8
26 - INFO - chord#: 170 In build_straw_man_chord_sa. tolerance = 1, sa_iterations = 1000, initial_temperature = 3.0, cooling_rate = 0.999
26 - INFO - chord#: 180 done. best_score=27.0, changed=522, unchanged=371, early_stops=8/8
26 - INFO - chord#: 182 In build_straw_man_chord_sa. tolerance = 1, sa_iterations = 1000, initial_temperature = 3.0, cooling_rate = 0.999
26 - INFO - chord#: 180 done. best_score=27.0, changed=525, unchanged=550, early_stops=8/8
26 - INFO - chord#: 182 In build_straw_man_chord_sa. tolerance = 1, sa_iterations = 1000, initial_temperature = 3.0, cooling_rate = 0.999
26 - INFO - chord#: 182 done. best_score=47.0, changed=522, unchanged=397, early_stops=8/8
26 - INFO - chord#: 183 In build_straw_man_chord_sa. tolerance = 1, sa_iterations = 1000, initial_temperature = 3.0, cooling_rate = 0.999
26 - INFO - chord#: 170 done. best_score=36.0, changed=524, unchanged=469, early_stops=8/8
26 - INFO - chord#: 172 In build_straw_man_chord_sa. tolerance = 1, sa_iterations = 1000, initial_temperature = 3.0, cooling_rate = 0.999
26 - INFO - chord#: 182 done. best_score=47.0, changed=522, unchanged=347, early_stops=8/8
26 - INFO - chord#: 183 In build_straw_man_chord_sa. tolerance = 1, sa_iterations = 1000, initial_temperature = 3.0, cooling_rate = 0.999
26 - INFO - chord#: 183 done. best_score=93.0, changed=616, unchanged=325, early_stops=8/8
26 - INFO - chord#: 184 In build_straw_man_chord_sa. tolerance = 1, sa_iterations = 1000, initial_temperature = 3.0, cooling_rate = 0.999
26 - INFO - chord#: 182 done. best_score=47.0, changed=531, unchanged=572, early_stops=8/8
26 - INFO - chord#: 183 In build_straw_man_chord_sa. tolerance = 1, sa_iterations = 1000, initial_temperature = 3.0, cooling_rate = 0.999
26 - INFO - chord#: 184 done. best_score=9.0, changed=457, unchanged=360, early_stops=8/8
26 - INFO - chord#: 172 done. best_score=27.0, changed=521, unchanged=375, early_stops=8/8
26 - INFO - chord#: 176 In build_straw_man_chord_sa. tolerance = 1, sa_iterations = 1000, initial_temperature = 3.0, cooling_rate = 0.999
26 - INFO - chord#: 183 done. best_score=115.0, changed=612, unchanged=257, early_stops=8/8
26 - INFO - chord#: 184 In build_straw_man_chord_sa. tolerance = 1, sa_iterations = 1000, initial_temperature = 3.0, cooling_rate = 0.999
26 - INFO - chord#: 183 done. best_score=93.0, changed=614, unchanged=231, early_stops=8/8
26 - INFO - chord#: 184 In build_straw_man_chord_sa. tolerance = 1, sa_iterations = 1000, initial_temperature = 3.0, cooling_rate = 0.999
26 - INFO - chord#: 184 done. best_score=9.0, changed=462, unchanged=377, early_stops=8/8
26 - INFO - chord#: 184 done. best_score=9.0, changed=449, unchanged=391, early_stops=8/8
26 - INFO - chord#: 183 done. best_score=115.0, changed=619, unchanged=546, early_stops=8/8
26 - INFO - chord#: 184 In build_straw_man_chord_sa. tolerance = 1, sa_iterations = 1000, initial_temperature = 3.0, cooling_rate = 0.999
26 - INFO - chord#: 176 done. best_score=104.0, changed=620, unchanged=302, early_stops=8/8
26 - INFO - chord#: 178 In build_straw_man_chord_sa. tolerance = 1, sa_iterations = 1000, initial_temperature = 3.0, cooling_rate = 0.999
26 - INFO - chord#: 184 done. best_score=9.0, changed=467, unchanged=367, early_stops=8/8
26 - INFO - chord#: 178 done. best_score=37.0, changed=528, unchanged=347, early_stops=8/8
26 - INFO - chord#: 180 In build_straw_man_chord_sa. tolerance = 1, sa_iterations = 1000, initial_temperature = 3.0, cooling_rate = 0.999
26 - INFO - chord#: 180 done. best_score=27.0, changed=521, unchanged=430, early_stops=8/8
26 - INFO - chord#: 182 In build_straw_man_chord_sa. tolerance = 1, sa_iterations = 1000, initial_temperature = 3.0, cooling_rate = 0.999
26 - INFO - chord#: 182 done. best_score=47.0, changed=522, unchanged=373, early_stops=8/8
26 - INFO - chord#: 183 In build_straw_man_chord_sa. tolerance = 1, sa_iterations = 1000, initial_temperature = 3.0, cooling_rate = 0.999
26 - INFO - chord#: 183 done. best_score=111.0, changed=615, unchanged=500, early_stops=8/8
26 - INFO - chord#: 184 In build_straw_man_chord_sa. tolerance = 1, sa_iterations = 1000, initial_temperature = 3.0, cooling_rate = 0.999
26 - INFO - chord#: 184 done. best_score=9.0, changed=465, unchanged=367, early_stops=8/8
26 - INFO - save_midi_file = False, 
26 - INFO - version = 'bwv263', chorale.shape = (4, 192), root = 7, keys[root] = 'G♮', mode = 'major', time_sig = '4/4'
26 - INFO - In load_chorale_in_cents. About to load top_notes from file_name = '/home/prent/Repos/One-footed-bride-tuning/Archive/straw-man/t1_r1.50_s0_md33_sn0/bwv263top-notes.npy'
26 - INFO - Loaded top_notes from /home/prent/Repos/One-footed-bride-tuning/Archive/straw-man/t1_r1.50_s0_md33_sn0/bwv263top-notes.npy, re-ordered by chorale frequency
26 - INFO - chorale_in_cents.shape = (4, 192), chorale.shape = (4, 192)
26 - INFO - cent value based on top_notes
26 - INFO - Chord 0: [ 700  200 1100  700]
26 - INFO - Chord 1: [ 700  200 1100  700]
26 - INFO - Chord 2: [ 700  200 1100  700]
26 - INFO - Chord 3: [ 700  200 1100  700]
26 - INFO - Chord 4: [ 700  200 1100  700]
26 - INFO - Chord 5: [ 700  200 1100  700]
26 - INFO - Chord 6: [ 700  200 1100  700]
26 - INFO - Chord 7: [ 700  200 1100  700]
26 - INFO - Chord 8: [200 200 900 600]
26 - INFO - Chord 9: [200 200 900 600]
26 - INFO - cent_value_chorale.shape = (4, 192), chorale.shape = (4, 192), G♮ major
26 - INFO - cent value based on 12 TET
26 - INFO - Chord 0: [ 700  200 1100  700]
26 - INFO - Chord 1: [ 700  200 1100  700]
26 - INFO - Chord 2: [ 700  200 1100  700]
26 - INFO - Chord 3: [ 700  200 1100  700]
26 - INFO - Chord 4: [ 700  200 1100  700]
26 - INFO - Chord 5: [ 700  200 1100  700]
26 - INFO - Chord 6: [ 700  200 1100  700]
26 - INFO - Chord 7: [ 700  200 1100  700]
26 - INFO - Chord 8: [200 200 900 600]
26 - INFO - Chord 9: [200 200 900 600]
26 - INFO - cent_value_chorale.shape = (4, 192), chorale.shape = (4, 192), G♮ major
26 - INFO - Current top_notes:
26 - INFO -    0    1    2    3    4    5    6    7    8    9   10   11
26 - INFO -   D♮   G♮   A♮   B♮   F♯   E♮   C♮   C♯   F♮   G♯   D♯   A♯
26 - INFO -    2    7    9   11    6    4    0    1    5    8    3   10
26 - INFO -  200  700  900 1100  600  400    0  100  500  800  300 1000
26 - INFO - chord#: 0 In build_straw_man_chord_sa. tolerance = 1, sa_iterations = 1000, initial_temperature = 3.0, cooling_rate = 0.999
26 - INFO - chord#: 0 In build_straw_man_chord_sa. tolerance = 1, sa_iterations = 1000, initial_temperature = 3.0, cooling_rate = 0.999
26 - INFO - chord#: 0 In build_straw_man_chord_sa. tolerance = 1, sa_iterations = 1000, initial_temperature = 3.0, cooling_rate = 0.999
26 - INFO - chord#: 0 In build_straw_man_chord_sa. tolerance = 1, sa_iterations = 1000, initial_temperature = 3.0, cooling_rate = 0.999
26 - INFO - chord#: 0 In build_straw_man_chord_sa. tolerance = 1, sa_iterations = 1000, initial_temperature = 3.0, cooling_rate = 0.999
26 - INFO - chord#: 0 In build_straw_man_chord_sa. tolerance = 1, sa_iterations = 1000, initial_temperature = 3.0, cooling_rate = 0.999
26 - INFO - chord#: 0 In build_straw_man_chord_sa. tolerance = 1, sa_iterations = 1000, initial_temperature = 3.0, cooling_rate = 0.999
26 - INFO - chord#: 0 In build_straw_man_chord_sa. tolerance = 1, sa_iterations = 1000, initial_temperature = 3.0, cooling_rate = 0.999
26 - INFO - chord#: 0 In build_straw_man_chord_sa. tolerance = 1, sa_iterations = 1000, initial_temperature = 3.0, cooling_rate = 0.999
26 - INFO - chord#: 0 In build_straw_man_chord_sa. tolerance = 1, sa_iterations = 1000, initial_temperature = 3.0, cooling_rate = 0.999
26 - INFO - chord#: 0 In build_straw_man_chord_sa. tolerance = 1, sa_iterations = 1000, initial_temperature = 3.0, cooling_rate = 0.999
26 - INFO - chord#: 0 In build_straw_man_chord_sa. tolerance = 1, sa_iterations = 1000, initial_temperature = 3.0, cooling_rate = 0.999
26 - INFO - chord#: 0 done. best_score=27.0, changed=529, unchanged=370, early_stops=8/8
26 - INFO - chord#: 8 In build_straw_man_chord_sa. tolerance = 1, sa_iterations = 1000, initial_temperature = 3.0, cooling_rate = 0.999
26 - INFO - chord#: 0 done. best_score=27.0, changed=522, unchanged=356, early_stops=8/8
26 - INFO - chord#: 8 In build_straw_man_chord_sa. tolerance = 1, sa_iterations = 1000, initial_temperature = 3.0, cooling_rate = 0.999
26 - INFO - chord#: 0 done. best_score=27.0, changed=518, unchanged=424, early_stops=8/8
26 - INFO - chord#: 8 In build_straw_man_chord_sa. tolerance = 1, sa_iterations = 1000, initial_temperature = 3.0, cooling_rate = 0.999
26 - INFO - chord#: 0 done. best_score=27.0, changed=515, unchanged=457, early_stops=8/8
26 - INFO - chord#: 8 In build_straw_man_chord_sa. tolerance = 1, sa_iterations = 1000, initial_temperature = 3.0, cooling_rate = 0.999
26 - INFO - chord#: 0 done. best_score=27.0, changed=511, unchanged=320, early_stops=8/8
26 - INFO - chord#: 8 In build_straw_man_chord_sa. tolerance = 1, sa_iterations = 1000, initial_temperature = 3.0, cooling_rate = 0.999
26 - INFO - chord#: 0 done. best_score=27.0, changed=520, unchanged=595, early_stops=8/8
26 - INFO - chord#: 8 In build_straw_man_chord_sa. tolerance = 1, sa_iterations = 1000, initial_temperature = 3.0, cooling_rate = 0.999
26 - INFO - chord#: 0 done. best_score=27.0, changed=521, unchanged=507, early_stops=8/8
26 - INFO - chord#: 8 In build_straw_man_chord_sa. tolerance = 1, sa_iterations = 1000, initial_temperature = 3.0, cooling_rate = 0.999
26 - INFO - chord#: 0 done. best_score=27.0, changed=516, unchanged=430, early_stops=8/8
26 - INFO - chord#: 8 In build_straw_man_chord_sa. tolerance = 1, sa_iterations = 1000, initial_temperature = 3.0, cooling_rate = 0.999
26 - INFO - chord#: 0 done. best_score=27.0, changed=522, unchanged=449, early_stops=8/8
26 - INFO - chord#: 8 In build_straw_man_chord_sa. tolerance = 1, sa_iterations = 1000, initial_temperature = 3.0, cooling_rate = 0.999
26 - INFO - chord#: 0 done. best_score=27.0, changed=522, unchanged=486, early_stops=8/8
26 - INFO - chord#: 8 In build_straw_man_chord_sa. tolerance = 1, sa_iterations = 1000, initial_temperature = 3.0, cooling_rate = 0.999
26 - INFO - chord#: 0 done. best_score=27.0, changed=522, unchanged=510, early_stops=8/8
26 - INFO - chord#: 8 In build_straw_man_chord_sa. tolerance = 1, sa_iterations = 1000, initial_temperature = 3.0, cooling_rate = 0.999
26 - INFO - chord#: 0 done. best_score=27.0, changed=525, unchanged=557, early_stops=8/8
26 - INFO - chord#: 8 In build_straw_man_chord_sa. tolerance = 1, sa_iterations = 1000, initial_temperature = 3.0, cooling_rate = 0.999
26 - INFO - chord#: 8 done. best_score=27.0, changed=515, unchanged=456, early_stops=8/8
26 - INFO - chord#: 10 In build_straw_man_chord_sa. tolerance = 1, sa_iterations = 1000, initial_temperature = 3.0, cooling_rate = 0.999
26 - INFO - chord#: 8 done. best_score=36.0, changed=515, unchanged=416, early_stops=8/8
26 - INFO - chord#: 10 In build_straw_man_chord_sa. tolerance = 1, sa_iterations = 1000, initial_temperature = 3.0, cooling_rate = 0.999
26 - INFO - chord#: 8 done. best_score=27.0, changed=524, unchanged=446, early_stops=8/8
26 - INFO - chord#: 10 In build_straw_man_chord_sa. tolerance = 1, sa_iterations = 1000, initial_temperature = 3.0, cooling_rate = 0.999
26 - INFO - chord#: 8 done. best_score=27.0, changed=533, unchanged=615, early_stops=8/8
26 - INFO - chord#: 10 In build_straw_man_chord_sa. tolerance = 1, sa_iterations = 1000, initial_temperature = 3.0, cooling_rate = 0.999
26 - INFO - chord#: 8 done. best_score=27.0, changed=521, unchanged=337, early_stops=8/8
26 - INFO - chord#: 10 In build_straw_man_chord_sa. tolerance = 1, sa_iterations = 1000, initial_temperature = 3.0, cooling_rate = 0.999
26 - INFO - chord#: 8 done. best_score=27.0, changed=528, unchanged=522, early_stops=8/8
26 - INFO - chord#: 10 In build_straw_man_chord_sa. tolerance = 1, sa_iterations = 1000, initial_temperature = 3.0, cooling_rate = 0.999
26 - INFO - chord#: 8 done. best_score=27.0, changed=514, unchanged=346, early_stops=8/8
26 - INFO - chord#: 10 In build_straw_man_chord_sa. tolerance = 1, sa_iterations = 1000, initial_temperature = 3.0, cooling_rate = 0.999
26 - INFO - chord#: 8 done. best_score=27.0, changed=529, unchanged=450, early_stops=8/8
26 - INFO - chord#: 10 In build_straw_man_chord_sa. tolerance = 1, sa_iterations = 1000, initial_temperature = 3.0, cooling_rate = 0.999
26 - INFO - chord#: 8 done. best_score=27.0, changed=516, unchanged=345, early_stops=8/8
26 - INFO - chord#: 10 In build_straw_man_chord_sa. tolerance = 1, sa_iterations = 1000, initial_temperature = 3.0, cooling_rate = 0.999
26 - INFO - chord#: 8 done. best_score=27.0, changed=514, unchanged=331, early_stops=8/8
26 - INFO - chord#: 10 In build_straw_man_chord_sa. tolerance = 1, sa_iterations = 1000, initial_temperature = 3.0, cooling_rate = 0.999
26 - INFO - chord#: 8 done. best_score=27.0, changed=519, unchanged=445, early_stops=8/8
26 - INFO - chord#: 10 In build_straw_man_chord_sa. tolerance = 1, sa_iterations = 1000, initial_temperature = 3.0, cooling_rate = 0.999
26 - INFO - chord#: 8 done. best_score=27.0, changed=526, unchanged=485, early_stops=8/8
26 - INFO - chord#: 10 In build_straw_man_chord_sa. tolerance = 1, sa_iterations = 1000, initial_temperature = 3.0, cooling_rate = 0.999
26 - INFO - chord#: 10 done. best_score=27.0, changed=522, unchanged=322, early_stops=8/8
26 - INFO - chord#: 12 In build_straw_man_chord_sa. tolerance = 1, sa_iterations = 1000, initial_temperature = 3.0, cooling_rate = 0.999
26 - INFO - chord#: 10 done. best_score=36.0, changed=536, unchanged=281, early_stops=8/8
26 - INFO - chord#: 12 In build_straw_man_chord_sa. tolerance = 1, sa_iterations = 1000, initial_temperature = 3.0, cooling_rate = 0.999
26 - INFO - chord#: 10 done. best_score=27.0, changed=523, unchanged=314, early_stops=8/8
26 - INFO - chord#: 12 In build_straw_man_chord_sa. tolerance = 1, sa_iterations = 1000, initial_temperature = 3.0, cooling_rate = 0.999
26 - INFO - chord#: 10 done. best_score=27.0, changed=526, unchanged=348, early_stops=8/8
26 - INFO - chord#: 12 In build_straw_man_chord_sa. tolerance = 1, sa_iterations = 1000, initial_temperature = 3.0, cooling_rate = 0.999
26 - INFO - chord#: 10 done. best_score=27.0, changed=532, unchanged=331, early_stops=8/8
26 - INFO - chord#: 12 In build_straw_man_chord_sa. tolerance = 1, sa_iterations = 1000, initial_temperature = 3.0, cooling_rate = 0.999
26 - INFO - chord#: 10 done. best_score=27.0, changed=524, unchanged=417, early_stops=8/8
26 - INFO - chord#: 12 In build_straw_man_chord_sa. tolerance = 1, sa_iterations = 1000, initial_temperature = 3.0, cooling_rate = 0.999
26 - INFO - chord#: 10 done. best_score=27.0, changed=520, unchanged=326, early_stops=8/8
26 - INFO - chord#: 12 In build_straw_man_chord_sa. tolerance = 1, sa_iterations = 1000, initial_temperature = 3.0, cooling_rate = 0.999
26 - INFO - chord#: 10 done. best_score=27.0, changed=523, unchanged=317, early_stops=8/8
26 - INFO - chord#: 12 In build_straw_man_chord_sa. tolerance = 1, sa_iterations = 1000, initial_temperature = 3.0, cooling_rate = 0.999
26 - INFO - chord#: 10 done. best_score=27.0, changed=518, unchanged=362, early_stops=8/8
26 - INFO - chord#: 12 In build_straw_man_chord_sa. tolerance = 1, sa_iterations = 1000, initial_temperature = 3.0, cooling_rate = 0.999
26 - INFO - chord#: 10 done. best_score=27.0, changed=524, unchanged=326, early_stops=8/8
26 - INFO - chord#: 12 In build_straw_man_chord_sa. tolerance = 1, sa_iterations = 1000, initial_temperature = 3.0, cooling_rate = 0.999
26 - INFO - chord#: 10 done. best_score=27.0, changed=538, unchanged=350, early_stops=8/8
26 - INFO - chord#: 12 In build_straw_man_chord_sa. tolerance = 1, sa_iterations = 1000, initial_temperature = 3.0, cooling_rate = 0.999
26 - INFO - chord#: 10 done. best_score=27.0, changed=521, unchanged=318, early_stops=8/8
26 - INFO - chord#: 12 In build_straw_man_chord_sa. tolerance = 1, sa_iterations = 1000, initial_temperature = 3.0, cooling_rate = 0.999
26 - INFO - chord#: 12 done. best_score=70.0, changed=610, unchanged=255, early_stops=8/8
26 - INFO - chord#: 14 In build_straw_man_chord_sa. tolerance = 1, sa_iterations = 1000, initial_temperature = 3.0, cooling_rate = 0.999
26 - INFO - chord#: 12 done. best_score=70.0, changed=612, unchanged=371, early_stops=8/8
26 - INFO - chord#: 14 In build_straw_man_chord_sa. tolerance = 1, sa_iterations = 1000, initial_temperature = 3.0, cooling_rate = 0.999
26 - INFO - chord#: 12 done. best_score=104.0, changed=615, unchanged=341, early_stops=8/8
26 - INFO - chord#: 14 In build_straw_man_chord_sa. tolerance = 1, sa_iterations = 1000, initial_temperature = 3.0, cooling_rate = 0.999
26 - INFO - chord#: 12 done. best_score=70.0, changed=612, unchanged=352, early_stops=8/8
26 - INFO - chord#: 14 In build_straw_man_chord_sa. tolerance = 1, sa_iterations = 1000, initial_temperature = 3.0, cooling_rate = 0.999
26 - INFO - chord#: 12 done. best_score=70.0, changed=607, unchanged=265, early_stops=8/8
26 - INFO - chord#: 14 In build_straw_man_chord_sa. tolerance = 1, sa_iterations = 1000, initial_temperature = 3.0, cooling_rate = 0.999
26 - INFO - chord#: 12 done. best_score=75.0, changed=618, unchanged=454, early_stops=8/8
26 - INFO - chord#: 14 In build_straw_man_chord_sa. tolerance = 1, sa_iterations = 1000, initial_temperature = 3.0, cooling_rate = 0.999
26 - INFO - chord#: 12 done. best_score=104.0, changed=614, unchanged=275, early_stops=8/8
26 - INFO - chord#: 14 In build_straw_man_chord_sa. tolerance = 1, sa_iterations = 1000, initial_temperature = 3.0, cooling_rate = 0.999
26 - INFO - chord#: 12 done. best_score=75.0, changed=612, unchanged=232, early_stops=8/8
26 - INFO - chord#: 14 In build_straw_man_chord_sa. tolerance = 1, sa_iterations = 1000, initial_temperature = 3.0, cooling_rate = 0.999
26 - INFO - chord#: 12 done. best_score=70.0, changed=610, unchanged=233, early_stops=8/8
26 - INFO - chord#: 14 In build_straw_man_chord_sa. tolerance = 1, sa_iterations = 1000, initial_temperature = 3.0, cooling_rate = 0.999
26 - INFO - chord#: 14 done. best_score=27.0, changed=533, unchanged=338, early_stops=8/8
26 - INFO - chord#: 16 In build_straw_man_chord_sa. tolerance = 1, sa_iterations = 1000, initial_temperature = 3.0, cooling_rate = 0.999
26 - INFO - chord#: 14 done. best_score=27.0, changed=525, unchanged=388, early_stops=8/8
26 - INFO - chord#: 16 In build_straw_man_chord_sa. tolerance = 1, sa_iterations = 1000, initial_temperature = 3.0, cooling_rate = 0.999
26 - INFO - chord#: 12 done. best_score=104.0, changed=608, unchanged=289, early_stops=8/8
26 - INFO - chord#: 14 In build_straw_man_chord_sa. tolerance = 1, sa_iterations = 1000, initial_temperature = 3.0, cooling_rate = 0.999
26 - INFO - chord#: 14 done. best_score=57.0, changed=526, unchanged=310, early_stops=8/8
26 - INFO - chord#: 16 In build_straw_man_chord_sa. tolerance = 1, sa_iterations = 1000, initial_temperature = 3.0, cooling_rate = 0.999
26 - INFO - chord#: 14 done. best_score=27.0, changed=527, unchanged=326, early_stops=8/8
26 - INFO - chord#: 16 In build_straw_man_chord_sa. tolerance = 1, sa_iterations = 1000, initial_temperature = 3.0, cooling_rate = 0.999
26 - INFO - chord#: 14 done. best_score=36.0, changed=516, unchanged=301, early_stops=8/8
26 - INFO - chord#: 16 In build_straw_man_chord_sa. tolerance = 1, sa_iterations = 1000, initial_temperature = 3.0, cooling_rate = 0.999
26 - INFO - chord#: 14 done. best_score=27.0, changed=519, unchanged=306, early_stops=8/8
26 - INFO - chord#: 16 In build_straw_man_chord_sa. tolerance = 1, sa_iterations = 1000, initial_temperature = 3.0, cooling_rate = 0.999
26 - INFO - chord#: 12 done. best_score=104.0, changed=608, unchanged=398, early_stops=8/8
26 - INFO - chord#: 14 In build_straw_man_chord_sa. tolerance = 1, sa_iterations = 1000, initial_temperature = 3.0, cooling_rate = 0.999
26 - INFO - chord#: 12 done. best_score=75.0, changed=608, unchanged=368, early_stops=8/8
26 - INFO - chord#: 14 In build_straw_man_chord_sa. tolerance = 1, sa_iterations = 1000, initial_temperature = 3.0, cooling_rate = 0.999
26 - INFO - chord#: 14 done. best_score=27.0, changed=529, unchanged=333, early_stops=8/8
26 - INFO - chord#: 16 In build_straw_man_chord_sa. tolerance = 1, sa_iterations = 1000, initial_temperature = 3.0, cooling_rate = 0.999
26 - INFO - chord#: 14 done. best_score=36.0, changed=538, unchanged=415, early_stops=8/8
26 - INFO - chord#: 16 In build_straw_man_chord_sa. tolerance = 1, sa_iterations = 1000, initial_temperature = 3.0, cooling_rate = 0.999
26 - INFO - chord#: 14 done. best_score=27.0, changed=530, unchanged=358, early_stops=8/8
26 - INFO - chord#: 16 In build_straw_man_chord_sa. tolerance = 1, sa_iterations = 1000, initial_temperature = 3.0, cooling_rate = 0.999
26 - INFO - chord#: 14 done. best_score=57.0, changed=514, unchanged=359, early_stops=8/8
26 - INFO - chord#: 16 In build_straw_man_chord_sa. tolerance = 1, sa_iterations = 1000, initial_temperature = 3.0, cooling_rate = 0.999
26 - INFO - chord#: 14 done. best_score=27.0, changed=535, unchanged=353, early_stops=8/8
26 - INFO - chord#: 16 In build_straw_man_chord_sa. tolerance = 1, sa_iterations = 1000, initial_temperature = 3.0, cooling_rate = 0.999
26 - INFO - chord#: 14 done. best_score=36.0, changed=530, unchanged=350, early_stops=8/8
26 - INFO - chord#: 16 In build_straw_man_chord_sa. tolerance = 1, sa_iterations = 1000, initial_temperature = 3.0, cooling_rate = 0.999
26 - INFO - chord#: 16 done. best_score=71.0, changed=611, unchanged=283, early_stops=8/8
26 - INFO - chord#: 20 In build_straw_man_chord_sa. tolerance = 1, sa_iterations = 1000, initial_temperature = 3.0, cooling_rate = 0.999
26 - INFO - chord#: 16 done. best_score=64.0, changed=612, unchanged=340, early_stops=8/8
26 - INFO - chord#: 20 In build_straw_man_chord_sa. tolerance = 1, sa_iterations = 1000, initial_temperature = 3.0, cooling_rate = 0.999
26 - INFO - chord#: 16 done. best_score=64.0, changed=617, unchanged=425, early_stops=8/8
26 - INFO - chord#: 20 In build_straw_man_chord_sa. tolerance = 1, sa_iterations = 1000, initial_temperature = 3.0, cooling_rate = 0.999
26 - INFO - chord#: 20 done. best_score=27.0, changed=520, unchanged=343, early_stops=8/8
26 - INFO - chord#: 22 In build_straw_man_chord_sa. tolerance = 1, sa_iterations = 1000, initial_temperature = 3.0, cooling_rate = 0.999
26 - INFO - chord#: 16 done. best_score=71.0, changed=624, unchanged=477, early_stops=8/8
26 - INFO - chord#: 20 In build_straw_man_chord_sa. tolerance = 1, sa_iterations = 1000, initial_temperature = 3.0, cooling_rate = 0.999
26 - INFO - chord#: 16 done. best_score=104.0, changed=612, unchanged=415, early_stops=8/8
26 - INFO - chord#: 20 In build_straw_man_chord_sa. tolerance = 1, sa_iterations = 1000, initial_temperature = 3.0, cooling_rate = 0.999
26 - INFO - chord#: 16 done. best_score=104.0, changed=615, unchanged=356, early_stops=8/8
26 - INFO - chord#: 20 In build_straw_man_chord_sa. tolerance = 1, sa_iterations = 1000, initial_temperature = 3.0, cooling_rate = 0.999
26 - INFO - chord#: 20 done. best_score=27.0, changed=518, unchanged=369, early_stops=8/8
26 - INFO - chord#: 22 In build_straw_man_chord_sa. tolerance = 1, sa_iterations = 1000, initial_temperature = 3.0, cooling_rate = 0.999
26 - INFO - chord#: 22 done. best_score=9.0, changed=486, unchanged=375, early_stops=8/8
26 - INFO - chord#: 24 In build_straw_man_chord_sa. tolerance = 1, sa_iterations = 1000, initial_temperature = 3.0, cooling_rate = 0.999
26 - INFO - chord#: 16 done. best_score=64.0, changed=617, unchanged=406, early_stops=8/8
26 - INFO - chord#: 20 In build_straw_man_chord_sa. tolerance = 1, sa_iterations = 1000, initial_temperature = 3.0, cooling_rate = 0.999
26 - INFO - chord#: 16 done. best_score=64.0, changed=615, unchanged=317, early_stops=8/8
26 - INFO - chord#: 20 In build_straw_man_chord_sa. tolerance = 1, sa_iterations = 1000, initial_temperature = 3.0, cooling_rate = 0.999
26 - INFO - chord#: 22 done. best_score=9.0, changed=472, unchanged=349, early_stops=8/8
26 - INFO - chord#: 24 In build_straw_man_chord_sa. tolerance = 1, sa_iterations = 1000, initial_temperature = 3.0, cooling_rate = 0.999
26 - INFO - chord#: 16 done. best_score=146.0, changed=609, unchanged=253, early_stops=8/8
26 - INFO - chord#: 20 In build_straw_man_chord_sa. tolerance = 1, sa_iterations = 1000, initial_temperature = 3.0, cooling_rate = 0.999
26 - INFO - chord#: 20 done. best_score=27.0, changed=525, unchanged=348, early_stops=8/8
26 - INFO - chord#: 22 In build_straw_man_chord_sa. tolerance = 1, sa_iterations = 1000, initial_temperature = 3.0, cooling_rate = 0.999
26 - INFO - chord#: 20 done. best_score=61.0, changed=527, unchanged=331, early_stops=8/8
26 - INFO - chord#: 22 In build_straw_man_chord_sa. tolerance = 1, sa_iterations = 1000, initial_temperature = 3.0, cooling_rate = 0.999
26 - INFO - chord#: 20 done. best_score=27.0, changed=527, unchanged=436, early_stops=8/8
26 - INFO - chord#: 22 In build_straw_man_chord_sa. tolerance = 1, sa_iterations = 1000, initial_temperature = 3.0, cooling_rate = 0.999
26 - INFO - chord#: 22 done. best_score=9.0, changed=490, unchanged=362, early_stops=8/8
26 - INFO - chord#: 24 In build_straw_man_chord_sa. tolerance = 1, sa_iterations = 1000, initial_temperature = 3.0, cooling_rate = 0.999
26 - INFO - chord#: 22 done. best_score=9.0, changed=496, unchanged=315, early_stops=8/8
26 - INFO - chord#: 24 In build_straw_man_chord_sa. tolerance = 1, sa_iterations = 1000, initial_temperature = 3.0, cooling_rate = 0.999
26 - INFO - chord#: 16 done. best_score=64.0, changed=611, unchanged=359, early_stops=8/8
26 - INFO - chord#: 20 In build_straw_man_chord_sa. tolerance = 1, sa_iterations = 1000, initial_temperature = 3.0, cooling_rate = 0.999
26 - INFO - chord#: 16 done. best_score=64.0, changed=608, unchanged=359, early_stops=8/8
26 - INFO - chord#: 20 In build_straw_man_chord_sa. tolerance = 1, sa_iterations = 1000, initial_temperature = 3.0, cooling_rate = 0.999
26 - INFO - chord#: 22 done. best_score=9.0, changed=476, unchanged=343, early_stops=8/8
26 - INFO - chord#: 24 In build_straw_man_chord_sa. tolerance = 1, sa_iterations = 1000, initial_temperature = 3.0, cooling_rate = 0.999
26 - INFO - chord#: 24 done. best_score=27.0, changed=521, unchanged=390, early_stops=8/8
26 - INFO - chord#: 28 In build_straw_man_chord_sa. tolerance = 1, sa_iterations = 1000, initial_temperature = 3.0, cooling_rate = 0.999
26 - INFO - chord#: 20 done. best_score=57.0, changed=530, unchanged=501, early_stops=8/8
26 - INFO - chord#: 22 In build_straw_man_chord_sa. tolerance = 1, sa_iterations = 1000, initial_temperature = 3.0, cooling_rate = 0.999
26 - INFO - chord#: 20 done. best_score=27.0, changed=516, unchanged=355, early_stops=8/8
26 - INFO - chord#: 22 In build_straw_man_chord_sa. tolerance = 1, sa_iterations = 1000, initial_temperature = 3.0, cooling_rate = 0.999
26 - INFO - chord#: 20 done. best_score=27.0, changed=527, unchanged=400, early_stops=8/8
26 - INFO - chord#: 22 In build_straw_man_chord_sa. tolerance = 1, sa_iterations = 1000, initial_temperature = 3.0, cooling_rate = 0.999
26 - INFO - chord#: 24 done. best_score=27.0, changed=529, unchanged=387, early_stops=8/8
26 - INFO - chord#: 28 In build_straw_man_chord_sa. tolerance = 1, sa_iterations = 1000, initial_temperature = 3.0, cooling_rate = 0.999
26 - INFO - chord#: 22 done. best_score=9.0, changed=493, unchanged=321, early_stops=8/8
26 - INFO - chord#: 24 In build_straw_man_chord_sa. tolerance = 1, sa_iterations = 1000, initial_temperature = 3.0, cooling_rate = 0.999
26 - INFO - chord#: 22 done. best_score=9.0, changed=479, unchanged=362, early_stops=8/8
26 - INFO - chord#: 24 In build_straw_man_chord_sa. tolerance = 1, sa_iterations = 1000, initial_temperature = 3.0, cooling_rate = 0.999
26 - INFO - chord#: 22 done. best_score=9.0, changed=473, unchanged=371, early_stops=8/8
26 - INFO - chord#: 24 In build_straw_man_chord_sa. tolerance = 1, sa_iterations = 1000, initial_temperature = 3.0, cooling_rate = 0.999
26 - INFO - chord#: 20 done. best_score=27.0, changed=525, unchanged=391, early_stops=8/8
26 - INFO - chord#: 22 In build_straw_man_chord_sa. tolerance = 1, sa_iterations = 1000, initial_temperature = 3.0, cooling_rate = 0.999
26 - INFO - chord#: 24 done. best_score=27.0, changed=514, unchanged=367, early_stops=8/8
26 - INFO - chord#: 28 In build_straw_man_chord_sa. tolerance = 1, sa_iterations = 1000, initial_temperature = 3.0, cooling_rate = 0.999
26 - INFO - chord#: 22 done. best_score=9.0, changed=462, unchanged=351, early_stops=8/8
26 - INFO - chord#: 20 done. best_score=27.0, changed=517, unchanged=390, early_stops=8/8
26 - INFO - chord#: 24 In build_straw_man_chord_sa. tolerance = 1, sa_iterations = 1000, initial_temperature = 3.0, cooling_rate = 0.999
26 - INFO - chord#: 22 In build_straw_man_chord_sa. tolerance = 1, sa_iterations = 1000, initial_temperature = 3.0, cooling_rate = 0.999
26 - INFO - chord#: 16 done. best_score=64.0, changed=615, unchanged=471, early_stops=8/8
26 - INFO - chord#: 20 In build_straw_man_chord_sa. tolerance = 1, sa_iterations = 1000, initial_temperature = 3.0, cooling_rate = 0.999
26 - INFO - chord#: 28 done. best_score=27.0, changed=523, unchanged=346, early_stops=8/8
26 - INFO - chord#: 32 In build_straw_man_chord_sa. tolerance = 1, sa_iterations = 1000, initial_temperature = 3.0, cooling_rate = 0.999
26 - INFO - chord#: 24 done. best_score=27.0, changed=527, unchanged=488, early_stops=8/8
26 - INFO - chord#: 28 In build_straw_man_chord_sa. tolerance = 1, sa_iterations = 1000, initial_temperature = 3.0, cooling_rate = 0.999
26 - INFO - chord#: 24 done. best_score=27.0, changed=520, unchanged=442, early_stops=8/8
26 - INFO - chord#: 28 In build_straw_man_chord_sa. tolerance = 1, sa_iterations = 1000, initial_temperature = 3.0, cooling_rate = 0.999
26 - INFO - chord#: 20 done. best_score=27.0, changed=539, unchanged=459, early_stops=8/8
26 - INFO - chord#: 22 In build_straw_man_chord_sa. tolerance = 1, sa_iterations = 1000, initial_temperature = 3.0, cooling_rate = 0.999
26 - INFO - chord#: 28 done. best_score=27.0, changed=521, unchanged=362, early_stops=8/8
26 - INFO - chord#: 32 In build_straw_man_chord_sa. tolerance = 1, sa_iterations = 1000, initial_temperature = 3.0, cooling_rate = 0.999
26 - INFO - chord#: 22 done. best_score=9.0, changed=500, unchanged=369, early_stops=8/8
26 - INFO - chord#: 24 In build_straw_man_chord_sa. tolerance = 1, sa_iterations = 1000, initial_temperature = 3.0, cooling_rate = 0.999
26 - INFO - chord#: 22 done. best_score=9.0, changed=466, unchanged=338, early_stops=8/8
26 - INFO - chord#: 24 In build_straw_man_chord_sa. tolerance = 1, sa_iterations = 1000, initial_temperature = 3.0, cooling_rate = 0.999
26 - INFO - chord#: 24 done. best_score=27.0, changed=516, unchanged=370, early_stops=8/8
26 - INFO - chord#: 28 In build_straw_man_chord_sa. tolerance = 1, sa_iterations = 1000, initial_temperature = 3.0, cooling_rate = 0.999
26 - INFO - chord#: 24 done. best_score=27.0, changed=517, unchanged=366, early_stops=8/8
26 - INFO - chord#: 28 done. best_score=27.0, changed=521, unchanged=389, early_stops=8/8
26 - INFO - chord#: 28 In build_straw_man_chord_sa. tolerance = 1, sa_iterations = 1000, initial_temperature = 3.0, cooling_rate = 0.999
26 - INFO - chord#: 32 In build_straw_man_chord_sa. tolerance = 1, sa_iterations = 1000, initial_temperature = 3.0, cooling_rate = 0.999
26 - INFO - chord#: 24 done. best_score=27.0, changed=525, unchanged=481, early_stops=8/8
26 - INFO - chord#: 28 In build_straw_man_chord_sa. tolerance = 1, sa_iterations = 1000, initial_temperature = 3.0, cooling_rate = 0.999
26 - INFO - chord#: 28 done. best_score=27.0, changed=515, unchanged=295, early_stops=8/8
26 - INFO - chord#: 32 In build_straw_man_chord_sa. tolerance = 1, sa_iterations = 1000, initial_temperature = 3.0, cooling_rate = 0.999
26 - INFO - chord#: 32 done. best_score=27.0, changed=526, unchanged=437, early_stops=8/8
26 - INFO - chord#: 34 In build_straw_man_chord_sa. tolerance = 1, sa_iterations = 1000, initial_temperature = 3.0, cooling_rate = 0.999
26 - INFO - chord#: 28 done. best_score=27.0, changed=527, unchanged=388, early_stops=8/8
26 - INFO - chord#: 32 In build_straw_man_chord_sa. tolerance = 1, sa_iterations = 1000, initial_temperature = 3.0, cooling_rate = 0.999
26 - INFO - chord#: 20 done. best_score=27.0, changed=520, unchanged=388, early_stops=8/8
26 - INFO - chord#: 22 In build_straw_man_chord_sa. tolerance = 1, sa_iterations = 1000, initial_temperature = 3.0, cooling_rate = 0.999
26 - INFO - chord#: 32 done. best_score=27.0, changed=527, unchanged=350, early_stops=8/8
26 - INFO - chord#: 34 In build_straw_man_chord_sa. tolerance = 1, sa_iterations = 1000, initial_temperature = 3.0, cooling_rate = 0.999
26 - INFO - chord#: 24 done. best_score=27.0, changed=520, unchanged=324, early_stops=8/8
26 - INFO - chord#: 28 In build_straw_man_chord_sa. tolerance = 1, sa_iterations = 1000, initial_temperature = 3.0, cooling_rate = 0.999
26 - INFO - chord#: 22 done. best_score=9.0, changed=481, unchanged=336, early_stops=8/8
26 - INFO - chord#: 24 In build_straw_man_chord_sa. tolerance = 1, sa_iterations = 1000, initial_temperature = 3.0, cooling_rate = 0.999
26 - INFO - chord#: 28 done. best_score=27.0, changed=527, unchanged=324, early_stops=8/8
26 - INFO - chord#: 32 In build_straw_man_chord_sa. tolerance = 1, sa_iterations = 1000, initial_temperature = 3.0, cooling_rate = 0.999
26 - INFO - chord#: 24 done. best_score=27.0, changed=525, unchanged=379, early_stops=8/8
26 - INFO - chord#: 28 In build_straw_man_chord_sa. tolerance = 1, sa_iterations = 1000, initial_temperature = 3.0, cooling_rate = 0.999
26 - INFO - chord#: 24 done. best_score=27.0, changed=521, unchanged=403, early_stops=8/8
26 - INFO - chord#: 28 In build_straw_man_chord_sa. tolerance = 1, sa_iterations = 1000, initial_temperature = 3.0, cooling_rate = 0.999
26 - INFO - chord#: 32 done. best_score=27.0, changed=519, unchanged=316, early_stops=8/8
26 - INFO - chord#: 34 In build_straw_man_chord_sa. tolerance = 1, sa_iterations = 1000, initial_temperature = 3.0, cooling_rate = 0.999
26 - INFO - chord#: 32 done. best_score=27.0, changed=532, unchanged=340, early_stops=8/8
26 - INFO - chord#: 34 In build_straw_man_chord_sa. tolerance = 1, sa_iterations = 1000, initial_temperature = 3.0, cooling_rate = 0.999
26 - INFO - chord#: 32 done. best_score=27.0, changed=530, unchanged=362, early_stops=8/8
26 - INFO - chord#: 34 In build_straw_man_chord_sa. tolerance = 1, sa_iterations = 1000, initial_temperature = 3.0, cooling_rate = 0.999
26 - INFO - chord#: 28 done. best_score=27.0, changed=523, unchanged=363, early_stops=8/8
26 - INFO - chord#: 32 In build_straw_man_chord_sa. tolerance = 1, sa_iterations = 1000, initial_temperature = 3.0, cooling_rate = 0.999
26 - INFO - chord#: 28 done. best_score=27.0, changed=525, unchanged=441, early_stops=8/8
26 - INFO - chord#: 32 In build_straw_man_chord_sa. tolerance = 1, sa_iterations = 1000, initial_temperature = 3.0, cooling_rate = 0.999
26 - INFO - chord#: 28 done. best_score=27.0, changed=522, unchanged=379, early_stops=8/8
26 - INFO - chord#: 32 In build_straw_man_chord_sa. tolerance = 1, sa_iterations = 1000, initial_temperature = 3.0, cooling_rate = 0.999
26 - INFO - chord#: 28 done. best_score=27.0, changed=526, unchanged=350, early_stops=8/8
26 - INFO - chord#: 32 In build_straw_man_chord_sa. tolerance = 1, sa_iterations = 1000, initial_temperature = 3.0, cooling_rate = 0.999
26 - INFO - chord#: 24 done. best_score=27.0, changed=523, unchanged=475, early_stops=8/8
26 - INFO - chord#: 28 In build_straw_man_chord_sa. tolerance = 1, sa_iterations = 1000, initial_temperature = 3.0, cooling_rate = 0.999
26 - INFO - chord#: 32 done. best_score=27.0, changed=520, unchanged=397, early_stops=8/8
26 - INFO - chord#: 34 In build_straw_man_chord_sa. tolerance = 1, sa_iterations = 1000, initial_temperature = 3.0, cooling_rate = 0.999
26 - INFO - chord#: 28 done. best_score=27.0, changed=522, unchanged=411, early_stops=8/8
26 - INFO - chord#: 32 In build_straw_man_chord_sa. tolerance = 1, sa_iterations = 1000, initial_temperature = 3.0, cooling_rate = 0.999
26 - INFO - chord#: 32 done. best_score=27.0, changed=529, unchanged=364, early_stops=8/8
26 - INFO - chord#: 34 In build_straw_man_chord_sa. tolerance = 1, sa_iterations = 1000, initial_temperature = 3.0, cooling_rate = 0.999
26 - INFO - chord#: 34 done. best_score=70.0, changed=613, unchanged=307, early_stops=8/8
26 - INFO - chord#: 36 In build_straw_man_chord_sa. tolerance = 1, sa_iterations = 1000, initial_temperature = 3.0, cooling_rate = 0.999
26 - INFO - chord#: 32 done. best_score=27.0, changed=528, unchanged=309, early_stops=8/8
26 - INFO - chord#: 34 In build_straw_man_chord_sa. tolerance = 1, sa_iterations = 1000, initial_temperature = 3.0, cooling_rate = 0.999
26 - INFO - chord#: 34 done. best_score=70.0, changed=615, unchanged=289, early_stops=8/8
26 - INFO - chord#: 36 In build_straw_man_chord_sa. tolerance = 1, sa_iterations = 1000, initial_temperature = 3.0, cooling_rate = 0.999
26 - INFO - chord#: 32 done. best_score=27.0, changed=514, unchanged=363, early_stops=8/8
26 - INFO - chord#: 34 In build_straw_man_chord_sa. tolerance = 1, sa_iterations = 1000, initial_temperature = 3.0, cooling_rate = 0.999
26 - INFO - chord#: 32 done. best_score=27.0, changed=516, unchanged=366, early_stops=8/8
26 - INFO - chord#: 34 In build_straw_man_chord_sa. tolerance = 1, sa_iterations = 1000, initial_temperature = 3.0, cooling_rate = 0.999
26 - INFO - chord#: 28 done. best_score=27.0, changed=528, unchanged=304, early_stops=8/8
26 - INFO - chord#: 32 In build_straw_man_chord_sa. tolerance = 1, sa_iterations = 1000, initial_temperature = 3.0, cooling_rate = 0.999
26 - INFO - chord#: 36 done. best_score=27.0, changed=532, unchanged=324, early_stops=8/8
26 - INFO - chord#: 38 In build_straw_man_chord_sa. tolerance = 1, sa_iterations = 1000, initial_temperature = 3.0, cooling_rate = 0.999
26 - INFO - chord#: 32 done. best_score=27.0, changed=528, unchanged=348, early_stops=8/8
26 - INFO - chord#: 34 done. best_score=70.0, changed=614, unchanged=312, early_stops=8/8
26 - INFO - chord#: 36 In build_straw_man_chord_sa. tolerance = 1, sa_iterations = 1000, initial_temperature = 3.0, cooling_rate = 0.999
26 - INFO - chord#: 34 In build_straw_man_chord_sa. tolerance = 1, sa_iterations = 1000, initial_temperature = 3.0, cooling_rate = 0.999
26 - INFO - chord#: 34 done. best_score=70.0, changed=608, unchanged=279, early_stops=8/8
26 - INFO - chord#: 36 In build_straw_man_chord_sa. tolerance = 1, sa_iterations = 1000, initial_temperature = 3.0, cooling_rate = 0.999
26 - INFO - chord#: 34 done. best_score=70.0, changed=612, unchanged=311, early_stops=8/8
26 - INFO - chord#: 36 In build_straw_man_chord_sa. tolerance = 1, sa_iterations = 1000, initial_temperature = 3.0, cooling_rate = 0.999
26 - INFO - chord#: 36 done. best_score=27.0, changed=523, unchanged=319, early_stops=8/8
26 - INFO - chord#: 38 In build_straw_man_chord_sa. tolerance = 1, sa_iterations = 1000, initial_temperature = 3.0, cooling_rate = 0.999
26 - INFO - chord#: 36 done. best_score=27.0, changed=526, unchanged=338, early_stops=8/8
26 - INFO - chord#: 38 In build_straw_man_chord_sa. tolerance = 1, sa_iterations = 1000, initial_temperature = 3.0, cooling_rate = 0.999
26 - INFO - chord#: 32 done. best_score=27.0, changed=526, unchanged=380, early_stops=8/8
26 - INFO - chord#: 34 In build_straw_man_chord_sa. tolerance = 1, sa_iterations = 1000, initial_temperature = 3.0, cooling_rate = 0.999
26 - INFO - chord#: 36 done. best_score=27.0, changed=515, unchanged=322, early_stops=8/8
26 - INFO - chord#: 38 In build_straw_man_chord_sa. tolerance = 1, sa_iterations = 1000, initial_temperature = 3.0, cooling_rate = 0.999
26 - INFO - chord#: 36 done. best_score=27.0, changed=525, unchanged=417, early_stops=8/8
26 - INFO - chord#: 38 In build_straw_man_chord_sa. tolerance = 1, sa_iterations = 1000, initial_temperature = 3.0, cooling_rate = 0.999
26 - INFO - chord#: 34 done. best_score=70.0, changed=612, unchanged=352, early_stops=8/8
26 - INFO - chord#: 36 In build_straw_man_chord_sa. tolerance = 1, sa_iterations = 1000, initial_temperature = 3.0, cooling_rate = 0.999
26 - INFO - chord#: 34 done. best_score=70.0, changed=607, unchanged=238, early_stops=8/8
26 - INFO - chord#: 36 In build_straw_man_chord_sa. tolerance = 1, sa_iterations = 1000, initial_temperature = 3.0, cooling_rate = 0.999
26 - INFO - chord#: 34 done. best_score=70.0, changed=618, unchanged=460, early_stops=8/8
26 - INFO - chord#: 36 In build_straw_man_chord_sa. tolerance = 1, sa_iterations = 1000, initial_temperature = 3.0, cooling_rate = 0.999
26 - INFO - chord#: 34 done. best_score=70.0, changed=613, unchanged=380, early_stops=8/8
26 - INFO - chord#: 36 In build_straw_man_chord_sa. tolerance = 1, sa_iterations = 1000, initial_temperature = 3.0, cooling_rate = 0.999
26 - INFO - chord#: 34 done. best_score=70.0, changed=617, unchanged=305, early_stops=8/8
26 - INFO - chord#: 36 In build_straw_man_chord_sa. tolerance = 1, sa_iterations = 1000, initial_temperature = 3.0, cooling_rate = 0.999
26 - INFO - chord#: 38 done. best_score=82.0, changed=609, unchanged=316, early_stops=8/8
26 - INFO - chord#: 40 In build_straw_man_chord_sa. tolerance = 1, sa_iterations = 1000, initial_temperature = 3.0, cooling_rate = 0.999
26 - INFO - chord#: 36 done. best_score=27.0, changed=518, unchanged=328, early_stops=8/8
26 - INFO - chord#: 38 In build_straw_man_chord_sa. tolerance = 1, sa_iterations = 1000, initial_temperature = 3.0, cooling_rate = 0.999
26 - INFO - chord#: 34 done. best_score=111.0, changed=613, unchanged=245, early_stops=8/8
26 - INFO - chord#: 36 In build_straw_man_chord_sa. tolerance = 1, sa_iterations = 1000, initial_temperature = 3.0, cooling_rate = 0.999
26 - INFO - chord#: 36 done. best_score=27.0, changed=544, unchanged=484, early_stops=8/8
26 - INFO - chord#: 38 In build_straw_man_chord_sa. tolerance = 1, sa_iterations = 1000, initial_temperature = 3.0, cooling_rate = 0.999
26 - INFO - chord#: 36 done. best_score=27.0, changed=524, unchanged=373, early_stops=8/8
26 - INFO - chord#: 38 In build_straw_man_chord_sa. tolerance = 1, sa_iterations = 1000, initial_temperature = 3.0, cooling_rate = 0.999
26 - INFO - chord#: 38 done. best_score=82.0, changed=615, unchanged=295, early_stops=8/8
26 - INFO - chord#: 40 In build_straw_man_chord_sa. tolerance = 1, sa_iterations = 1000, initial_temperature = 3.0, cooling_rate = 0.999
26 - INFO - chord#: 38 done. best_score=82.0, changed=610, unchanged=283, early_stops=8/8
26 - INFO - chord#: 40 In build_straw_man_chord_sa. tolerance = 1, sa_iterations = 1000, initial_temperature = 3.0, cooling_rate = 0.999
26 - INFO - chord#: 36 done. best_score=27.0, changed=521, unchanged=385, early_stops=8/8
26 - INFO - chord#: 38 In build_straw_man_chord_sa. tolerance = 1, sa_iterations = 1000, initial_temperature = 3.0, cooling_rate = 0.999
26 - INFO - chord#: 40 done. best_score=31.0, changed=522, unchanged=339, early_stops=8/8
26 - INFO - chord#: 42 In build_straw_man_chord_sa. tolerance = 1, sa_iterations = 1000, initial_temperature = 3.0, cooling_rate = 0.999
26 - INFO - chord#: 38 done. best_score=120.0, changed=611, unchanged=286, early_stops=8/8
26 - INFO - chord#: 40 In build_straw_man_chord_sa. tolerance = 1, sa_iterations = 1000, initial_temperature = 3.0, cooling_rate = 0.999
26 - INFO - chord#: 36 done. best_score=27.0, changed=525, unchanged=359, early_stops=8/8
26 - INFO - chord#: 38 In build_straw_man_chord_sa. tolerance = 1, sa_iterations = 1000, initial_temperature = 3.0, cooling_rate = 0.999
26 - INFO - chord#: 38 done. best_score=82.0, changed=612, unchanged=341, early_stops=8/8
26 - INFO - chord#: 40 In build_straw_man_chord_sa. tolerance = 1, sa_iterations = 1000, initial_temperature = 3.0, cooling_rate = 0.999
26 - INFO - chord#: 34 done. best_score=141.0, changed=610, unchanged=270, early_stops=8/8
26 - INFO - chord#: 36 In build_straw_man_chord_sa. tolerance = 1, sa_iterations = 1000, initial_temperature = 3.0, cooling_rate = 0.999
26 - INFO - chord#: 36 done. best_score=27.0, changed=538, unchanged=350, early_stops=8/8
26 - INFO - chord#: 38 In build_straw_man_chord_sa. tolerance = 1, sa_iterations = 1000, initial_temperature = 3.0, cooling_rate = 0.999
26 - INFO - chord#: 40 done. best_score=31.0, changed=517, unchanged=326, early_stops=8/8
26 - INFO - chord#: 42 In build_straw_man_chord_sa. tolerance = 1, sa_iterations = 1000, initial_temperature = 3.0, cooling_rate = 0.999
26 - INFO - chord#: 40 done. best_score=31.0, changed=525, unchanged=344, early_stops=8/8
26 - INFO - chord#: 42 In build_straw_man_chord_sa. tolerance = 1, sa_iterations = 1000, initial_temperature = 3.0, cooling_rate = 0.999
26 - INFO - chord#: 40 done. best_score=31.0, changed=521, unchanged=360, early_stops=8/8
26 - INFO - chord#: 42 In build_straw_man_chord_sa. tolerance = 1, sa_iterations = 1000, initial_temperature = 3.0, cooling_rate = 0.999
26 - INFO - chord#: 36 done. best_score=27.0, changed=545, unchanged=272, early_stops=8/8
26 - INFO - chord#: 38 In build_straw_man_chord_sa. tolerance = 1, sa_iterations = 1000, initial_temperature = 3.0, cooling_rate = 0.999
26 - INFO - chord#: 40 done. best_score=31.0, changed=530, unchanged=345, early_stops=8/8
26 - INFO - chord#: 42 In build_straw_man_chord_sa. tolerance = 1, sa_iterations = 1000, initial_temperature = 3.0, cooling_rate = 0.999
26 - INFO - chord#: 38 done. best_score=120.0, changed=606, unchanged=217, early_stops=8/8
26 - INFO - chord#: 40 In build_straw_man_chord_sa. tolerance = 1, sa_iterations = 1000, initial_temperature = 3.0, cooling_rate = 0.999
26 - INFO - chord#: 38 done. best_score=120.0, changed=613, unchanged=267, early_stops=8/8
26 - INFO - chord#: 40 In build_straw_man_chord_sa. tolerance = 1, sa_iterations = 1000, initial_temperature = 3.0, cooling_rate = 0.999
26 - INFO - chord#: 42 done. best_score=94.0, changed=606, unchanged=232, early_stops=8/8
26 - INFO - chord#: 44 In build_straw_man_chord_sa. tolerance = 1, sa_iterations = 1000, initial_temperature = 3.0, cooling_rate = 0.999
26 - INFO - chord#: 40 done. best_score=31.0, changed=524, unchanged=303, early_stops=8/8
26 - INFO - chord#: 42 In build_straw_man_chord_sa. tolerance = 1, sa_iterations = 1000, initial_temperature = 3.0, cooling_rate = 0.999
26 - INFO - chord#: 42 done. best_score=94.0, changed=607, unchanged=237, early_stops=8/8
26 - INFO - chord#: 44 In build_straw_man_chord_sa. tolerance = 1, sa_iterations = 1000, initial_temperature = 3.0, cooling_rate = 0.999
26 - INFO - chord#: 38 done. best_score=120.0, changed=609, unchanged=218, early_stops=8/8
26 - INFO - chord#: 40 In build_straw_man_chord_sa. tolerance = 1, sa_iterations = 1000, initial_temperature = 3.0, cooling_rate = 0.999
26 - INFO - chord#: 38 done. best_score=82.0, changed=612, unchanged=393, early_stops=8/8
26 - INFO - chord#: 40 In build_straw_man_chord_sa. tolerance = 1, sa_iterations = 1000, initial_temperature = 3.0, cooling_rate = 0.999
26 - INFO - chord#: 40 done. best_score=31.0, changed=522, unchanged=348, early_stops=8/8
26 - INFO - chord#: 42 In build_straw_man_chord_sa. tolerance = 1, sa_iterations = 1000, initial_temperature = 3.0, cooling_rate = 0.999
26 - INFO - chord#: 44 done. best_score=27.0, changed=520, unchanged=357, early_stops=8/8
26 - INFO - chord#: 46 In build_straw_man_chord_sa. tolerance = 1, sa_iterations = 1000, initial_temperature = 3.0, cooling_rate = 0.999
26 - INFO - chord#: 38 done. best_score=82.0, changed=613, unchanged=251, early_stops=8/8
26 - INFO - chord#: 40 In build_straw_man_chord_sa. tolerance = 1, sa_iterations = 1000, initial_temperature = 3.0, cooling_rate = 0.999
26 - INFO - chord#: 42 done. best_score=93.0, changed=612, unchanged=382, early_stops=8/8
26 - INFO - chord#: 44 In build_straw_man_chord_sa. tolerance = 1, sa_iterations = 1000, initial_temperature = 3.0, cooling_rate = 0.999
26 - INFO - chord#: 42 done. best_score=94.0, changed=616, unchanged=334, early_stops=8/8
26 - INFO - chord#: 44 In build_straw_man_chord_sa. tolerance = 1, sa_iterations = 1000, initial_temperature = 3.0, cooling_rate = 0.999
26 - INFO - chord#: 38 done. best_score=82.0, changed=611, unchanged=329, early_stops=8/8
26 - INFO - chord#: 40 In build_straw_man_chord_sa. tolerance = 1, sa_iterations = 1000, initial_temperature = 3.0, cooling_rate = 0.999
26 - INFO - chord#: 38 done. best_score=82.0, changed=618, unchanged=409, early_stops=8/8
26 - INFO - chord#: 40 In build_straw_man_chord_sa. tolerance = 1, sa_iterations = 1000, initial_temperature = 3.0, cooling_rate = 0.999
26 - INFO - chord#: 42 done. best_score=93.0, changed=606, unchanged=248, early_stops=8/8
26 - INFO - chord#: 44 In build_straw_man_chord_sa. tolerance = 1, sa_iterations = 1000, initial_temperature = 3.0, cooling_rate = 0.999
26 - INFO - chord#: 44 done. best_score=27.0, changed=522, unchanged=430, early_stops=8/8
26 - INFO - chord#: 46 In build_straw_man_chord_sa. tolerance = 1, sa_iterations = 1000, initial_temperature = 3.0, cooling_rate = 0.999
26 - INFO - chord#: 40 done. best_score=31.0, changed=525, unchanged=385, early_stops=8/8
26 - INFO - chord#: 42 In build_straw_man_chord_sa. tolerance = 1, sa_iterations = 1000, initial_temperature = 3.0, cooling_rate = 0.999
26 - INFO - chord#: 40 done. best_score=31.0, changed=541, unchanged=437, early_stops=8/8
26 - INFO - chord#: 46 done. best_score=27.0, changed=532, unchanged=555, early_stops=8/8
26 - INFO - chord#: 42 In build_straw_man_chord_sa. tolerance = 1, sa_iterations = 1000, initial_temperature = 3.0, cooling_rate = 0.999
26 - INFO - chord#: 48 In build_straw_man_chord_sa. tolerance = 1, sa_iterations = 1000, initial_temperature = 3.0, cooling_rate = 0.999
26 - INFO - chord#: 40 done. best_score=31.0, changed=519, unchanged=337, early_stops=8/8
26 - INFO - chord#: 42 In build_straw_man_chord_sa. tolerance = 1, sa_iterations = 1000, initial_temperature = 3.0, cooling_rate = 0.999
26 - INFO - chord#: 44 done. best_score=27.0, changed=519, unchanged=388, early_stops=8/8
26 - INFO - chord#: 46 In build_straw_man_chord_sa. tolerance = 1, sa_iterations = 1000, initial_temperature = 3.0, cooling_rate = 0.999
26 - INFO - chord#: 44 done. best_score=27.0, changed=518, unchanged=388, early_stops=8/8
26 - INFO - chord#: 46 In build_straw_man_chord_sa. tolerance = 1, sa_iterations = 1000, initial_temperature = 3.0, cooling_rate = 0.999
26 - INFO - chord#: 46 done. best_score=27.0, changed=516, unchanged=338, early_stops=8/8
26 - INFO - chord#: 48 In build_straw_man_chord_sa. tolerance = 1, sa_iterations = 1000, initial_temperature = 3.0, cooling_rate = 0.999
26 - INFO - chord#: 40 done. best_score=31.0, changed=519, unchanged=338, early_stops=8/8
26 - INFO - chord#: 42 In build_straw_man_chord_sa. tolerance = 1, sa_iterations = 1000, initial_temperature = 3.0, cooling_rate = 0.999
26 - INFO - chord#: 40 done. best_score=31.0, changed=530, unchanged=387, early_stops=8/8
26 - INFO - chord#: 42 In build_straw_man_chord_sa. tolerance = 1, sa_iterations = 1000, initial_temperature = 3.0, cooling_rate = 0.999
26 - INFO - chord#: 42 done. best_score=105.0, changed=616, unchanged=361, early_stops=8/8
26 - INFO - chord#: 44 In build_straw_man_chord_sa. tolerance = 1, sa_iterations = 1000, initial_temperature = 3.0, cooling_rate = 0.999
26 - INFO - chord#: 44 done. best_score=27.0, changed=520, unchanged=478, early_stops=8/8
26 - INFO - chord#: 46 In build_straw_man_chord_sa. tolerance = 1, sa_iterations = 1000, initial_temperature = 3.0, cooling_rate = 0.999
26 - INFO - chord#: 46 done. best_score=27.0, changed=521, unchanged=408, early_stops=8/8
26 - INFO - chord#: 48 In build_straw_man_chord_sa. tolerance = 1, sa_iterations = 1000, initial_temperature = 3.0, cooling_rate = 0.999
26 - INFO - chord#: 46 done. best_score=27.0, changed=522, unchanged=334, early_stops=8/8
26 - INFO - chord#: 48 In build_straw_man_chord_sa. tolerance = 1, sa_iterations = 1000, initial_temperature = 3.0, cooling_rate = 0.999
26 - INFO - chord#: 42 done. best_score=96.0, changed=608, unchanged=325, early_stops=8/8
26 - INFO - chord#: 44 In build_straw_man_chord_sa. tolerance = 1, sa_iterations = 1000, initial_temperature = 3.0, cooling_rate = 0.999
26 - INFO - chord#: 44 done. best_score=27.0, changed=518, unchanged=401, early_stops=8/8
26 - INFO - chord#: 46 In build_straw_man_chord_sa. tolerance = 1, sa_iterations = 1000, initial_temperature = 3.0, cooling_rate = 0.999
26 - INFO - chord#: 42 done. best_score=94.0, changed=617, unchanged=263, early_stops=8/8
26 - INFO - chord#: 44 In build_straw_man_chord_sa. tolerance = 1, sa_iterations = 1000, initial_temperature = 3.0, cooling_rate = 0.999
26 - INFO - chord#: 46 done. best_score=27.0, changed=522, unchanged=344, early_stops=8/8
26 - INFO - chord#: 48 In build_straw_man_chord_sa. tolerance = 1, sa_iterations = 1000, initial_temperature = 3.0, cooling_rate = 0.999
26 - INFO - chord#: 48 done. best_score=74.0, changed=617, unchanged=287, early_stops=8/8
26 - INFO - chord#: 50 In build_straw_man_chord_sa. tolerance = 1, sa_iterations = 1000, initial_temperature = 3.0, cooling_rate = 0.999
26 - INFO - chord#: 46 done. best_score=27.0, changed=521, unchanged=394, early_stops=8/8
26 - INFO - chord#: 48 In build_straw_man_chord_sa. tolerance = 1, sa_iterations = 1000, initial_temperature = 3.0, cooling_rate = 0.999
26 - INFO - chord#: 44 done. best_score=27.0, changed=518, unchanged=358, early_stops=8/8
26 - INFO - chord#: 46 In build_straw_man_chord_sa. tolerance = 1, sa_iterations = 1000, initial_temperature = 3.0, cooling_rate = 0.999
26 - INFO - chord#: 42 done. best_score=167.0, changed=608, unchanged=345, early_stops=8/8
26 - INFO - chord#: 44 In build_straw_man_chord_sa. tolerance = 1, sa_iterations = 1000, initial_temperature = 3.0, cooling_rate = 0.999
26 - INFO - chord#: 42 done. best_score=93.0, changed=613, unchanged=375, early_stops=8/8
26 - INFO - chord#: 44 In build_straw_man_chord_sa. tolerance = 1, sa_iterations = 1000, initial_temperature = 3.0, cooling_rate = 0.999
26 - INFO - chord#: 42 done. best_score=96.0, changed=607, unchanged=233, early_stops=8/8
26 - INFO - chord#: 44 In build_straw_man_chord_sa. tolerance = 1, sa_iterations = 1000, initial_temperature = 3.0, cooling_rate = 0.999
26 - INFO - chord#: 44 done. best_score=27.0, changed=526, unchanged=408, early_stops=8/8
26 - INFO - chord#: 46 In build_straw_man_chord_sa. tolerance = 1, sa_iterations = 1000, initial_temperature = 3.0, cooling_rate = 0.999
26 - INFO - chord#: 50 done. best_score=27.0, changed=531, unchanged=393, early_stops=8/8
26 - INFO - chord#: 51 In build_straw_man_chord_sa. tolerance = 1, sa_iterations = 1000, initial_temperature = 3.0, cooling_rate = 0.999
26 - INFO - chord#: 48 done. best_score=74.0, changed=611, unchanged=311, early_stops=8/8
26 - INFO - chord#: 50 In build_straw_man_chord_sa. tolerance = 1, sa_iterations = 1000, initial_temperature = 3.0, cooling_rate = 0.999
26 - INFO - chord#: 48 done. best_score=74.0, changed=617, unchanged=531, early_stops=8/8
26 - INFO - chord#: 50 In build_straw_man_chord_sa. tolerance = 1, sa_iterations = 1000, initial_temperature = 3.0, cooling_rate = 0.999
26 - INFO - chord#: 46 done. best_score=27.0, changed=528, unchanged=423, early_stops=8/8
26 - INFO - chord#: 48 In build_straw_man_chord_sa. tolerance = 1, sa_iterations = 1000, initial_temperature = 3.0, cooling_rate = 0.999
26 - INFO - chord#: 44 done. best_score=27.0, changed=516, unchanged=360, early_stops=8/8
26 - INFO - chord#: 46 In build_straw_man_chord_sa. tolerance = 1, sa_iterations = 1000, initial_temperature = 3.0, cooling_rate = 0.999
26 - INFO - chord#: 46 done. best_score=27.0, changed=516, unchanged=316, early_stops=8/8
26 - INFO - chord#: 48 In build_straw_man_chord_sa. tolerance = 1, sa_iterations = 1000, initial_temperature = 3.0, cooling_rate = 0.999
26 - INFO - chord#: 42 done. best_score=75.0, changed=616, unchanged=500, early_stops=8/8
26 - INFO - chord#: 44 In build_straw_man_chord_sa. tolerance = 1, sa_iterations = 1000, initial_temperature = 3.0, cooling_rate = 0.999
26 - INFO - chord#: 48 done. best_score=96.0, changed=612, unchanged=417, early_stops=8/8
26 - INFO - chord#: 50 In build_straw_man_chord_sa. tolerance = 1, sa_iterations = 1000, initial_temperature = 3.0, cooling_rate = 0.999
26 - INFO - chord#: 44 done. best_score=27.0, changed=515, unchanged=386, early_stops=8/8
26 - INFO - chord#: 46 In build_straw_man_chord_sa. tolerance = 1, sa_iterations = 1000, initial_temperature = 3.0, cooling_rate = 0.999
26 - INFO - chord#: 44 done. best_score=27.0, changed=518, unchanged=423, early_stops=8/8
26 - INFO - chord#: 46 In build_straw_man_chord_sa. tolerance = 1, sa_iterations = 1000, initial_temperature = 3.0, cooling_rate = 0.999
26 - INFO - chord#: 48 done. best_score=96.0, changed=608, unchanged=317, early_stops=8/8
26 - INFO - chord#: 50 In build_straw_man_chord_sa. tolerance = 1, sa_iterations = 1000, initial_temperature = 3.0, cooling_rate = 0.999
26 - INFO - chord#: 50 done. best_score=27.0, changed=517, unchanged=304, early_stops=8/8
26 - INFO - chord#: 51 In build_straw_man_chord_sa. tolerance = 1, sa_iterations = 1000, initial_temperature = 3.0, cooling_rate = 0.999
26 - INFO - chord#: 50 done. best_score=27.0, changed=534, unchanged=406, early_stops=8/8
26 - INFO - chord#: 51 In build_straw_man_chord_sa. tolerance = 1, sa_iterations = 1000, initial_temperature = 3.0, cooling_rate = 0.999
26 - INFO - chord#: 48 done. best_score=145.0, changed=611, unchanged=327, early_stops=8/8
26 - INFO - chord#: 50 In build_straw_man_chord_sa. tolerance = 1, sa_iterations = 1000, initial_temperature = 3.0, cooling_rate = 0.999
26 - INFO - chord#: 46 done. best_score=27.0, changed=523, unchanged=336, early_stops=8/8
26 - INFO - chord#: 48 In build_straw_man_chord_sa. tolerance = 1, sa_iterations = 1000, initial_temperature = 3.0, cooling_rate = 0.999
26 - INFO - chord#: 44 done. best_score=27.0, changed=518, unchanged=415, early_stops=8/8
26 - INFO - chord#: 46 In build_straw_man_chord_sa. tolerance = 1, sa_iterations = 1000, initial_temperature = 3.0, cooling_rate = 0.999
26 - INFO - chord#: 46 done. best_score=27.0, changed=511, unchanged=310, early_stops=8/8
26 - INFO - chord#: 48 In build_straw_man_chord_sa. tolerance = 1, sa_iterations = 1000, initial_temperature = 3.0, cooling_rate = 0.999
26 - INFO - chord#: 50 done. best_score=27.0, changed=527, unchanged=362, early_stops=8/8
26 - INFO - chord#: 51 In build_straw_man_chord_sa. tolerance = 1, sa_iterations = 1000, initial_temperature = 3.0, cooling_rate = 0.999
26 - INFO - chord#: 46 done. best_score=27.0, changed=526, unchanged=401, early_stops=8/8
26 - INFO - chord#: 48 In build_straw_man_chord_sa. tolerance = 1, sa_iterations = 1000, initial_temperature = 3.0, cooling_rate = 0.999
26 - INFO - chord#: 50 done. best_score=27.0, changed=524, unchanged=419, early_stops=8/8
26 - INFO - chord#: 51 In build_straw_man_chord_sa. tolerance = 1, sa_iterations = 1000, initial_temperature = 3.0, cooling_rate = 0.999
26 - INFO - chord#: 51 done. best_score=64.0, changed=614, unchanged=270, early_stops=8/8
26 - INFO - chord#: 52 In build_straw_man_chord_sa. tolerance = 1, sa_iterations = 1000, initial_temperature = 3.0, cooling_rate = 0.999
26 - INFO - chord#: 50 done. best_score=36.0, changed=538, unchanged=294, early_stops=8/8
26 - INFO - chord#: 51 In build_straw_man_chord_sa. tolerance = 1, sa_iterations = 1000, initial_temperature = 3.0, cooling_rate = 0.999
26 - INFO - chord#: 48 done. best_score=149.0, changed=610, unchanged=324, early_stops=8/8
26 - INFO - chord#: 50 In build_straw_man_chord_sa. tolerance = 1, sa_iterations = 1000, initial_temperature = 3.0, cooling_rate = 0.999
26 - INFO - chord#: 46 done. best_score=27.0, changed=521, unchanged=349, early_stops=8/8
26 - INFO - chord#: 48 In build_straw_man_chord_sa. tolerance = 1, sa_iterations = 1000, initial_temperature = 3.0, cooling_rate = 0.999
26 - INFO - chord#: 52 done. best_score=27.0, changed=529, unchanged=455, early_stops=8/8
26 - INFO - chord#: 54 In build_straw_man_chord_sa. tolerance = 1, sa_iterations = 1000, initial_temperature = 3.0, cooling_rate = 0.999
26 - INFO - chord#: 48 done. best_score=144.0, changed=616, unchanged=341, early_stops=8/8
26 - INFO - chord#: 50 In build_straw_man_chord_sa. tolerance = 1, sa_iterations = 1000, initial_temperature = 3.0, cooling_rate = 0.999
26 - INFO - chord#: 51 done. best_score=104.0, changed=612, unchanged=319, early_stops=8/8
26 - INFO - chord#: 52 In build_straw_man_chord_sa. tolerance = 1, sa_iterations = 1000, initial_temperature = 3.0, cooling_rate = 0.999
26 - INFO - chord#: 54 done. best_score=9.0, changed=481, unchanged=351, early_stops=8/8
26 - INFO - chord#: 56 In build_straw_man_chord_sa. tolerance = 1, sa_iterations = 1000, initial_temperature = 3.0, cooling_rate = 0.999
26 - INFO - chord#: 51 done. best_score=64.0, changed=612, unchanged=370, early_stops=8/8
26 - INFO - chord#: 52 In build_straw_man_chord_sa. tolerance = 1, sa_iterations = 1000, initial_temperature = 3.0, cooling_rate = 0.999
26 - INFO - chord#: 50 done. best_score=27.0, changed=518, unchanged=348, early_stops=8/8
26 - INFO - chord#: 51 In build_straw_man_chord_sa. tolerance = 1, sa_iterations = 1000, initial_temperature = 3.0, cooling_rate = 0.999
26 - INFO - chord#: 52 done. best_score=57.0, changed=522, unchanged=309, early_stops=8/8
26 - INFO - chord#: 54 In build_straw_man_chord_sa. tolerance = 1, sa_iterations = 1000, initial_temperature = 3.0, cooling_rate = 0.999
26 - INFO - chord#: 51 done. best_score=104.0, changed=616, unchanged=230, early_stops=8/8
26 - INFO - chord#: 52 In build_straw_man_chord_sa. tolerance = 1, sa_iterations = 1000, initial_temperature = 3.0, cooling_rate = 0.999
26 - INFO - chord#: 54 done. best_score=9.0, changed=531, unchanged=283, early_stops=8/8
26 - INFO - chord#: 56 In build_straw_man_chord_sa. tolerance = 1, sa_iterations = 1000, initial_temperature = 3.0, cooling_rate = 0.999
26 - INFO - chord#: 51 done. best_score=71.0, changed=609, unchanged=278, early_stops=8/8
26 - INFO - chord#: 52 In build_straw_man_chord_sa. tolerance = 1, sa_iterations = 1000, initial_temperature = 3.0, cooling_rate = 0.999
26 - INFO - chord#: 50 done. best_score=36.0, changed=540, unchanged=349, early_stops=8/8
26 - INFO - chord#: 51 In build_straw_man_chord_sa. tolerance = 1, sa_iterations = 1000, initial_temperature = 3.0, cooling_rate = 0.999
26 - INFO - chord#: 48 done. best_score=96.0, changed=613, unchanged=357, early_stops=8/8
26 - INFO - chord#: 50 In build_straw_man_chord_sa. tolerance = 1, sa_iterations = 1000, initial_temperature = 3.0, cooling_rate = 0.999
26 - INFO - chord#: 56 done. best_score=27.0, changed=526, unchanged=458, early_stops=8/8
26 - INFO - chord#: 60 In build_straw_man_chord_sa. tolerance = 1, sa_iterations = 1000, initial_temperature = 3.0, cooling_rate = 0.999
26 - INFO - chord#: 52 done. best_score=27.0, changed=526, unchanged=384, early_stops=8/8
26 - INFO - chord#: 54 In build_straw_man_chord_sa. tolerance = 1, sa_iterations = 1000, initial_temperature = 3.0, cooling_rate = 0.999
26 - INFO - chord#: 48 done. best_score=121.0, changed=609, unchanged=289, early_stops=8/8
26 - INFO - chord#: 50 In build_straw_man_chord_sa. tolerance = 1, sa_iterations = 1000, initial_temperature = 3.0, cooling_rate = 0.999
26 - INFO - chord#: 48 done. best_score=74.0, changed=614, unchanged=306, early_stops=8/8
26 - INFO - chord#: 50 In build_straw_man_chord_sa. tolerance = 1, sa_iterations = 1000, initial_temperature = 3.0, cooling_rate = 0.999
26 - INFO - chord#: 51 done. best_score=64.0, changed=610, unchanged=295, early_stops=8/8
26 - INFO - chord#: 52 In build_straw_man_chord_sa. tolerance = 1, sa_iterations = 1000, initial_temperature = 3.0, cooling_rate = 0.999
26 - INFO - chord#: 54 done. best_score=9.0, changed=472, unchanged=347, early_stops=8/8
26 - INFO - chord#: 56 In build_straw_man_chord_sa. tolerance = 1, sa_iterations = 1000, initial_temperature = 3.0, cooling_rate = 0.999
26 - INFO - chord#: 52 done. best_score=27.0, changed=521, unchanged=451, early_stops=8/8
26 - INFO - chord#: 54 In build_straw_man_chord_sa. tolerance = 1, sa_iterations = 1000, initial_temperature = 3.0, cooling_rate = 0.999
26 - INFO - chord#: 52 done. best_score=27.0, changed=516, unchanged=344, early_stops=8/8
26 - INFO - chord#: 54 In build_straw_man_chord_sa. tolerance = 1, sa_iterations = 1000, initial_temperature = 3.0, cooling_rate = 0.999
26 - INFO - chord#: 56 done. best_score=27.0, changed=526, unchanged=368, early_stops=8/8
26 - INFO - chord#: 60 In build_straw_man_chord_sa. tolerance = 1, sa_iterations = 1000, initial_temperature = 3.0, cooling_rate = 0.999
26 - INFO - chord#: 54 done. best_score=9.0, changed=471, unchanged=338, early_stops=8/8
26 - INFO - chord#: 56 In build_straw_man_chord_sa. tolerance = 1, sa_iterations = 1000, initial_temperature = 3.0, cooling_rate = 0.999
26 - INFO - chord#: 48 done. best_score=74.0, changed=606, unchanged=233, early_stops=8/8
26 - INFO - chord#: 50 In build_straw_man_chord_sa. tolerance = 1, sa_iterations = 1000, initial_temperature = 3.0, cooling_rate = 0.999
26 - INFO - chord#: 60 done. best_score=27.0, changed=527, unchanged=347, early_stops=8/8
26 - INFO - chord#: 64 In build_straw_man_chord_sa. tolerance = 1, sa_iterations = 1000, initial_temperature = 3.0, cooling_rate = 0.999
26 - INFO - chord#: 54 done. best_score=9.0, changed=484, unchanged=350, early_stops=8/8
26 - INFO - chord#: 56 In build_straw_man_chord_sa. tolerance = 1, sa_iterations = 1000, initial_temperature = 3.0, cooling_rate = 0.999
26 - INFO - chord#: 50 done. best_score=27.0, changed=526, unchanged=331, early_stops=8/8
26 - INFO - chord#: 51 In build_straw_man_chord_sa. tolerance = 1, sa_iterations = 1000, initial_temperature = 3.0, cooling_rate = 0.999
26 - INFO - chord#: 56 done. best_score=27.0, changed=521, unchanged=359, early_stops=8/8
26 - INFO - chord#: 60 In build_straw_man_chord_sa. tolerance = 1, sa_iterations = 1000, initial_temperature = 3.0, cooling_rate = 0.999
26 - INFO - chord#: 52 done. best_score=27.0, changed=520, unchanged=379, early_stops=8/8
26 - INFO - chord#: 54 In build_straw_man_chord_sa. tolerance = 1, sa_iterations = 1000, initial_temperature = 3.0, cooling_rate = 0.999
26 - INFO - chord#: 50 done. best_score=27.0, changed=526, unchanged=354, early_stops=8/8
26 - INFO - chord#: 51 In build_straw_man_chord_sa. tolerance = 1, sa_iterations = 1000, initial_temperature = 3.0, cooling_rate = 0.999
26 - INFO - chord#: 50 done. best_score=27.0, changed=528, unchanged=408, early_stops=8/8
26 - INFO - chord#: 51 In build_straw_man_chord_sa. tolerance = 1, sa_iterations = 1000, initial_temperature = 3.0, cooling_rate = 0.999
26 - INFO - chord#: 51 done. best_score=64.0, changed=612, unchanged=313, early_stops=8/8
26 - INFO - chord#: 52 In build_straw_man_chord_sa. tolerance = 1, sa_iterations = 1000, initial_temperature = 3.0, cooling_rate = 0.999
26 - INFO - chord#: 60 done. best_score=27.0, changed=526, unchanged=400, early_stops=8/8
26 - INFO - chord#: 64 In build_straw_man_chord_sa. tolerance = 1, sa_iterations = 1000, initial_temperature = 3.0, cooling_rate = 0.999
26 - INFO - chord#: 64 done. best_score=27.0, changed=523, unchanged=351, early_stops=8/8
26 - INFO - chord#: 66 In build_straw_man_chord_sa. tolerance = 1, sa_iterations = 1000, initial_temperature = 3.0, cooling_rate = 0.999
26 - INFO - chord#: 54 done. best_score=9.0, changed=468, unchanged=350, early_stops=8/8
26 - INFO - chord#: 56 In build_straw_man_chord_sa. tolerance = 1, sa_iterations = 1000, initial_temperature = 3.0, cooling_rate = 0.999
26 - INFO - chord#: 56 done. best_score=27.0, changed=523, unchanged=428, early_stops=8/8
26 - INFO - chord#: 60 In build_straw_man_chord_sa. tolerance = 1, sa_iterations = 1000, initial_temperature = 3.0, cooling_rate = 0.999
26 - INFO - chord#: 51 done. best_score=71.0, changed=615, unchanged=238, early_stops=8/8
26 - INFO - chord#: 52 In build_straw_man_chord_sa. tolerance = 1, sa_iterations = 1000, initial_temperature = 3.0, cooling_rate = 0.999
26 - INFO - chord#: 50 done. best_score=27.0, changed=515, unchanged=482, early_stops=8/8
26 - INFO - chord#: 51 In build_straw_man_chord_sa. tolerance = 1, sa_iterations = 1000, initial_temperature = 3.0, cooling_rate = 0.999
26 - INFO - chord#: 56 done. best_score=27.0, changed=535, unchanged=499, early_stops=8/8
26 - INFO - chord#: 60 In build_straw_man_chord_sa. tolerance = 1, sa_iterations = 1000, initial_temperature = 3.0, cooling_rate = 0.999
26 - INFO - chord#: 60 done. best_score=27.0, changed=531, unchanged=343, early_stops=8/8
26 - INFO - chord#: 64 In build_straw_man_chord_sa. tolerance = 1, sa_iterations = 1000, initial_temperature = 3.0, cooling_rate = 0.999
26 - INFO - chord#: 52 done. best_score=27.0, changed=521, unchanged=326, early_stops=8/8
26 - INFO - chord#: 54 In build_straw_man_chord_sa. tolerance = 1, sa_iterations = 1000, initial_temperature = 3.0, cooling_rate = 0.999
26 - INFO - chord#: 64 done. best_score=27.0, changed=526, unchanged=365, early_stops=8/8
26 - INFO - chord#: 66 In build_straw_man_chord_sa. tolerance = 1, sa_iterations = 1000, initial_temperature = 3.0, cooling_rate = 0.999
26 - INFO - chord#: 54 done. best_score=9.0, changed=465, unchanged=343, early_stops=8/8
26 - INFO - chord#: 56 In build_straw_man_chord_sa. tolerance = 1, sa_iterations = 1000, initial_temperature = 3.0, cooling_rate = 0.999
26 - INFO - chord#: 60 done. best_score=27.0, changed=522, unchanged=331, early_stops=8/8
26 - INFO - chord#: 64 In build_straw_man_chord_sa. tolerance = 1, sa_iterations = 1000, initial_temperature = 3.0, cooling_rate = 0.999
26 - INFO - chord#: 60 done. best_score=27.0, changed=524, unchanged=318, early_stops=8/8
26 - INFO - chord#: 64 In build_straw_man_chord_sa. tolerance = 1, sa_iterations = 1000, initial_temperature = 3.0, cooling_rate = 0.999
26 - INFO - chord#: 52 done. best_score=27.0, changed=522, unchanged=358, early_stops=8/8
26 - INFO - chord#: 54 In build_straw_man_chord_sa. tolerance = 1, sa_iterations = 1000, initial_temperature = 3.0, cooling_rate = 0.999
26 - INFO - chord#: 56 done. best_score=27.0, changed=525, unchanged=409, early_stops=8/8
26 - INFO - chord#: 60 In build_straw_man_chord_sa. tolerance = 1, sa_iterations = 1000, initial_temperature = 3.0, cooling_rate = 0.999
26 - INFO - chord#: 64 done. best_score=27.0, changed=531, unchanged=412, early_stops=8/8
26 - INFO - chord#: 66 In build_straw_man_chord_sa. tolerance = 1, sa_iterations = 1000, initial_temperature = 3.0, cooling_rate = 0.999
26 - INFO - chord#: 51 done. best_score=104.0, changed=613, unchanged=276, early_stops=8/8
26 - INFO - chord#: 52 In build_straw_man_chord_sa. tolerance = 1, sa_iterations = 1000, initial_temperature = 3.0, cooling_rate = 0.999
26 - INFO - chord#: 54 done. best_score=9.0, changed=482, unchanged=347, early_stops=8/8
26 - INFO - chord#: 56 In build_straw_man_chord_sa. tolerance = 1, sa_iterations = 1000, initial_temperature = 3.0, cooling_rate = 0.999
26 - INFO - chord#: 64 done. best_score=27.0, changed=522, unchanged=322, early_stops=8/8
26 - INFO - chord#: 66 In build_straw_man_chord_sa. tolerance = 1, sa_iterations = 1000, initial_temperature = 3.0, cooling_rate = 0.999
26 - INFO - chord#: 56 done. best_score=27.0, changed=520, unchanged=475, early_stops=8/8
26 - INFO - chord#: 60 In build_straw_man_chord_sa. tolerance = 1, sa_iterations = 1000, initial_temperature = 3.0, cooling_rate = 0.999
26 - INFO - chord#: 64 done. best_score=27.0, changed=518, unchanged=318, early_stops=8/8
26 - INFO - chord#: 66 In build_straw_man_chord_sa. tolerance = 1, sa_iterations = 1000, initial_temperature = 3.0, cooling_rate = 0.999
26 - INFO - chord#: 66 done. best_score=93.0, changed=617, unchanged=460, early_stops=8/8
26 - INFO - chord#: 68 In build_straw_man_chord_sa. tolerance = 1, sa_iterations = 1000, initial_temperature = 3.0, cooling_rate = 0.999
26 - INFO - chord#: 51 done. best_score=64.0, changed=610, unchanged=303, early_stops=8/8
26 - INFO - chord#: 52 In build_straw_man_chord_sa. tolerance = 1, sa_iterations = 1000, initial_temperature = 3.0, cooling_rate = 0.999
26 - INFO - chord#: 60 done. best_score=27.0, changed=523, unchanged=365, early_stops=8/8
26 - INFO - chord#: 64 In build_straw_man_chord_sa. tolerance = 1, sa_iterations = 1000, initial_temperature = 3.0, cooling_rate = 0.999
26 - INFO - chord#: 52 done. best_score=27.0, changed=523, unchanged=461, early_stops=8/8
26 - INFO - chord#: 54 In build_straw_man_chord_sa. tolerance = 1, sa_iterations = 1000, initial_temperature = 3.0, cooling_rate = 0.999
26 - INFO - chord#: 60 done. best_score=27.0, changed=519, unchanged=340, early_stops=8/8
26 - INFO - chord#: 64 In build_straw_man_chord_sa. tolerance = 1, sa_iterations = 1000, initial_temperature = 3.0, cooling_rate = 0.999
26 - INFO - chord#: 66 done. best_score=94.0, changed=615, unchanged=353, early_stops=8/8
26 - INFO - chord#: 68 In build_straw_man_chord_sa. tolerance = 1, sa_iterations = 1000, initial_temperature = 3.0, cooling_rate = 0.999
26 - INFO - chord#: 56 done. best_score=27.0, changed=528, unchanged=459, early_stops=8/8
26 - INFO - chord#: 60 In build_straw_man_chord_sa. tolerance = 1, sa_iterations = 1000, initial_temperature = 3.0, cooling_rate = 0.999
26 - INFO - chord#: 54 done. best_score=9.0, changed=469, unchanged=352, early_stops=8/8
26 - INFO - chord#: 56 In build_straw_man_chord_sa. tolerance = 1, sa_iterations = 1000, initial_temperature = 3.0, cooling_rate = 0.999
26 - INFO - chord#: 66 done. best_score=94.0, changed=607, unchanged=226, early_stops=8/8
26 - INFO - chord#: 68 In build_straw_man_chord_sa. tolerance = 1, sa_iterations = 1000, initial_temperature = 3.0, cooling_rate = 0.999
26 - INFO - chord#: 68 done. best_score=27.0, changed=519, unchanged=400, early_stops=8/8
26 - INFO - chord#: 70 In build_straw_man_chord_sa. tolerance = 1, sa_iterations = 1000, initial_temperature = 3.0, cooling_rate = 0.999
26 - INFO - chord#: 52 done. best_score=27.0, changed=530, unchanged=477, early_stops=8/8
26 - INFO - chord#: 54 In build_straw_man_chord_sa. tolerance = 1, sa_iterations = 1000, initial_temperature = 3.0, cooling_rate = 0.999
26 - INFO - chord#: 51 done. best_score=64.0, changed=622, unchanged=510, early_stops=8/8
26 - INFO - chord#: 52 In build_straw_man_chord_sa. tolerance = 1, sa_iterations = 1000, initial_temperature = 3.0, cooling_rate = 0.999
26 - INFO - chord#: 51 done. best_score=104.0, changed=610, unchanged=390, early_stops=8/8
26 - INFO - chord#: 52 In build_straw_man_chord_sa. tolerance = 1, sa_iterations = 1000, initial_temperature = 3.0, cooling_rate = 0.999
26 - INFO - chord#: 64 done. best_score=27.0, changed=531, unchanged=387, early_stops=8/8
26 - INFO - chord#: 66 In build_straw_man_chord_sa. tolerance = 1, sa_iterations = 1000, initial_temperature = 3.0, cooling_rate = 0.999
26 - INFO - chord#: 54 done. best_score=9.0, changed=468, unchanged=352, early_stops=8/8
26 - INFO - chord#: 56 In build_straw_man_chord_sa. tolerance = 1, sa_iterations = 1000, initial_temperature = 3.0, cooling_rate = 0.999
26 - INFO - chord#: 64 done. best_score=27.0, changed=528, unchanged=368, early_stops=8/8
26 - INFO - chord#: 66 In build_straw_man_chord_sa. tolerance = 1, sa_iterations = 1000, initial_temperature = 3.0, cooling_rate = 0.999
26 - INFO - chord#: 68 done. best_score=27.0, changed=539, unchanged=426, early_stops=8/8
26 - INFO - chord#: 70 In build_straw_man_chord_sa. tolerance = 1, sa_iterations = 1000, initial_temperature = 3.0, cooling_rate = 0.999
26 - INFO - chord#: 66 done. best_score=93.0, changed=619, unchanged=325, early_stops=8/8
26 - INFO - chord#: 68 In build_straw_man_chord_sa. tolerance = 1, sa_iterations = 1000, initial_temperature = 3.0, cooling_rate = 0.999
26 - INFO - chord#: 68 done. best_score=27.0, changed=522, unchanged=314, early_stops=8/8
26 - INFO - chord#: 70 In build_straw_man_chord_sa. tolerance = 1, sa_iterations = 1000, initial_temperature = 3.0, cooling_rate = 0.999
26 - INFO - chord#: 70 done. best_score=27.0, changed=523, unchanged=348, early_stops=8/8
26 - INFO - chord#: 72 In build_straw_man_chord_sa. tolerance = 1, sa_iterations = 1000, initial_temperature = 3.0, cooling_rate = 0.999
26 - INFO - chord#: 60 done. best_score=27.0, changed=519, unchanged=346, early_stops=8/8
26 - INFO - chord#: 64 In build_straw_man_chord_sa. tolerance = 1, sa_iterations = 1000, initial_temperature = 3.0, cooling_rate = 0.999
26 - INFO - chord#: 56 done. best_score=27.0, changed=522, unchanged=450, early_stops=8/8
26 - INFO - chord#: 60 In build_straw_man_chord_sa. tolerance = 1, sa_iterations = 1000, initial_temperature = 3.0, cooling_rate = 0.999
26 - INFO - chord#: 56 done. best_score=27.0, changed=519, unchanged=364, early_stops=8/8
26 - INFO - chord#: 60 In build_straw_man_chord_sa. tolerance = 1, sa_iterations = 1000, initial_temperature = 3.0, cooling_rate = 0.999
26 - INFO - chord#: 52 done. best_score=27.0, changed=520, unchanged=364, early_stops=8/8
26 - INFO - chord#: 54 In build_straw_man_chord_sa. tolerance = 1, sa_iterations = 1000, initial_temperature = 3.0, cooling_rate = 0.999
26 - INFO - chord#: 52 done. best_score=27.0, changed=522, unchanged=445, early_stops=8/8
26 - INFO - chord#: 54 In build_straw_man_chord_sa. tolerance = 1, sa_iterations = 1000, initial_temperature = 3.0, cooling_rate = 0.999
26 - INFO - chord#: 70 done. best_score=27.0, changed=531, unchanged=383, early_stops=8/8
26 - INFO - chord#: 72 In build_straw_man_chord_sa. tolerance = 1, sa_iterations = 1000, initial_temperature = 3.0, cooling_rate = 0.999
26 - INFO - chord#: 68 done. best_score=27.0, changed=513, unchanged=369, early_stops=8/8
26 - INFO - chord#: 70 In build_straw_man_chord_sa. tolerance = 1, sa_iterations = 1000, initial_temperature = 3.0, cooling_rate = 0.999
26 - INFO - chord#: 70 done. best_score=27.0, changed=522, unchanged=342, early_stops=8/8
26 - INFO - chord#: 72 In build_straw_man_chord_sa. tolerance = 1, sa_iterations = 1000, initial_temperature = 3.0, cooling_rate = 0.999
26 - INFO - chord#: 54 done. best_score=9.0, changed=469, unchanged=373, early_stops=8/8
26 - INFO - chord#: 56 In build_straw_man_chord_sa. tolerance = 1, sa_iterations = 1000, initial_temperature = 3.0, cooling_rate = 0.999
26 - INFO - chord#: 54 done. best_score=9.0, changed=476, unchanged=349, early_stops=8/8
26 - INFO - chord#: 56 In build_straw_man_chord_sa. tolerance = 1, sa_iterations = 1000, initial_temperature = 3.0, cooling_rate = 0.999
26 - INFO - chord#: 72 done. best_score=27.0, changed=536, unchanged=504, early_stops=8/8
26 - INFO - chord#: 74 In build_straw_man_chord_sa. tolerance = 1, sa_iterations = 1000, initial_temperature = 3.0, cooling_rate = 0.999
26 - INFO - chord#: 66 done. best_score=93.0, changed=616, unchanged=509, early_stops=8/8
26 - INFO - chord#: 68 In build_straw_man_chord_sa. tolerance = 1, sa_iterations = 1000, initial_temperature = 3.0, cooling_rate = 0.999
26 - INFO - chord#: 64 done. best_score=27.0, changed=517, unchanged=413, early_stops=8/8
26 - INFO - chord#: 66 In build_straw_man_chord_sa. tolerance = 1, sa_iterations = 1000, initial_temperature = 3.0, cooling_rate = 0.999
26 - INFO - chord#: 60 done. best_score=27.0, changed=517, unchanged=300, early_stops=8/8
26 - INFO - chord#: 64 In build_straw_man_chord_sa. tolerance = 1, sa_iterations = 1000, initial_temperature = 3.0, cooling_rate = 0.999
26 - INFO - chord#: 66 done. best_score=93.0, changed=606, unchanged=271, early_stops=8/8
26 - INFO - chord#: 68 In build_straw_man_chord_sa. tolerance = 1, sa_iterations = 1000, initial_temperature = 3.0, cooling_rate = 0.999
26 - INFO - chord#: 70 done. best_score=27.0, changed=518, unchanged=301, early_stops=8/8
26 - INFO - chord#: 72 In build_straw_man_chord_sa. tolerance = 1, sa_iterations = 1000, initial_temperature = 3.0, cooling_rate = 0.999
26 - INFO - chord#: 72 done. best_score=27.0, changed=535, unchanged=363, early_stops=8/8
26 - INFO - chord#: 74 In build_straw_man_chord_sa. tolerance = 1, sa_iterations = 1000, initial_temperature = 3.0, cooling_rate = 0.999
26 - INFO - chord#: 60 done. best_score=27.0, changed=535, unchanged=461, early_stops=8/8
26 - INFO - chord#: 64 In build_straw_man_chord_sa. tolerance = 1, sa_iterations = 1000, initial_temperature = 3.0, cooling_rate = 0.999
26 - INFO - chord#: 72 done. best_score=27.0, changed=540, unchanged=503, early_stops=8/8
26 - INFO - chord#: 74 In build_straw_man_chord_sa. tolerance = 1, sa_iterations = 1000, initial_temperature = 3.0, cooling_rate = 0.999
26 - INFO - chord#: 74 done. best_score=31.0, changed=524, unchanged=327, early_stops=8/8
26 - INFO - chord#: 76 In build_straw_man_chord_sa. tolerance = 1, sa_iterations = 1000, initial_temperature = 3.0, cooling_rate = 0.999
26 - INFO - chord#: 68 done. best_score=27.0, changed=521, unchanged=356, early_stops=8/8
26 - INFO - chord#: 70 In build_straw_man_chord_sa. tolerance = 1, sa_iterations = 1000, initial_temperature = 3.0, cooling_rate = 0.999
26 - INFO - chord#: 66 done. best_score=93.0, changed=612, unchanged=365, early_stops=8/8
26 - INFO - chord#: 68 In build_straw_man_chord_sa. tolerance = 1, sa_iterations = 1000, initial_temperature = 3.0, cooling_rate = 0.999
26 - INFO - chord#: 56 done. best_score=27.0, changed=530, unchanged=465, early_stops=8/8
26 - INFO - chord#: 60 In build_straw_man_chord_sa. tolerance = 1, sa_iterations = 1000, initial_temperature = 3.0, cooling_rate = 0.999
26 - INFO - chord#: 56 done. best_score=27.0, changed=530, unchanged=451, early_stops=8/8
26 - INFO - chord#: 60 In build_straw_man_chord_sa. tolerance = 1, sa_iterations = 1000, initial_temperature = 3.0, cooling_rate = 0.999
26 - INFO - chord#: 68 done. best_score=27.0, changed=525, unchanged=396, early_stops=8/8
26 - INFO - chord#: 70 In build_straw_man_chord_sa. tolerance = 1, sa_iterations = 1000, initial_temperature = 3.0, cooling_rate = 0.999
26 - INFO - chord#: 72 done. best_score=27.0, changed=527, unchanged=347, early_stops=8/8
26 - INFO - chord#: 74 In build_straw_man_chord_sa. tolerance = 1, sa_iterations = 1000, initial_temperature = 3.0, cooling_rate = 0.999
26 - INFO - chord#: 64 done. best_score=27.0, changed=516, unchanged=341, early_stops=8/8
26 - INFO - chord#: 66 In build_straw_man_chord_sa. tolerance = 1, sa_iterations = 1000, initial_temperature = 3.0, cooling_rate = 0.999
26 - INFO - chord#: 74 done. best_score=31.0, changed=531, unchanged=316, early_stops=8/8
26 - INFO - chord#: 76 In build_straw_man_chord_sa. tolerance = 1, sa_iterations = 1000, initial_temperature = 3.0, cooling_rate = 0.999
26 - INFO - chord#: 74 done. best_score=31.0, changed=531, unchanged=375, early_stops=8/8
26 - INFO - chord#: 76 In build_straw_man_chord_sa. tolerance = 1, sa_iterations = 1000, initial_temperature = 3.0, cooling_rate = 0.999
26 - INFO - chord#: 76 done. best_score=31.0, changed=527, unchanged=288, early_stops=8/8
26 - INFO - chord#: 78 In build_straw_man_chord_sa. tolerance = 1, sa_iterations = 1000, initial_temperature = 3.0, cooling_rate = 0.999
26 - INFO - chord#: 64 done. best_score=27.0, changed=521, unchanged=349, early_stops=8/8
26 - INFO - chord#: 66 In build_straw_man_chord_sa. tolerance = 1, sa_iterations = 1000, initial_temperature = 3.0, cooling_rate = 0.999
26 - INFO - chord#: 70 done. best_score=27.0, changed=532, unchanged=319, early_stops=8/8
26 - INFO - chord#: 72 In build_straw_man_chord_sa. tolerance = 1, sa_iterations = 1000, initial_temperature = 3.0, cooling_rate = 0.999
26 - INFO - chord#: 70 done. best_score=27.0, changed=528, unchanged=374, early_stops=8/8
26 - INFO - chord#: 72 In build_straw_man_chord_sa. tolerance = 1, sa_iterations = 1000, initial_temperature = 3.0, cooling_rate = 0.999
26 - INFO - chord#: 68 done. best_score=27.0, changed=522, unchanged=340, early_stops=8/8
26 - INFO - chord#: 70 In build_straw_man_chord_sa. tolerance = 1, sa_iterations = 1000, initial_temperature = 3.0, cooling_rate = 0.999
26 - INFO - chord#: 74 done. best_score=31.0, changed=527, unchanged=333, early_stops=8/8
26 - INFO - chord#: 76 In build_straw_man_chord_sa. tolerance = 1, sa_iterations = 1000, initial_temperature = 3.0, cooling_rate = 0.999
26 - INFO - chord#: 60 done. best_score=27.0, changed=517, unchanged=321, early_stops=8/8
26 - INFO - chord#: 64 In build_straw_man_chord_sa. tolerance = 1, sa_iterations = 1000, initial_temperature = 3.0, cooling_rate = 0.999
26 - INFO - chord#: 78 done. best_score=27.0, changed=514, unchanged=310, early_stops=8/8
26 - INFO - chord#: 80 In build_straw_man_chord_sa. tolerance = 1, sa_iterations = 1000, initial_temperature = 3.0, cooling_rate = 0.999
26 - INFO - chord#: 60 done. best_score=27.0, changed=518, unchanged=312, early_stops=8/8
26 - INFO - chord#: 64 In build_straw_man_chord_sa. tolerance = 1, sa_iterations = 1000, initial_temperature = 3.0, cooling_rate = 0.999
26 - INFO - chord#: 76 done. best_score=31.0, changed=527, unchanged=333, early_stops=8/8
26 - INFO - chord#: 78 In build_straw_man_chord_sa. tolerance = 1, sa_iterations = 1000, initial_temperature = 3.0, cooling_rate = 0.999
26 - INFO - chord#: 76 done. best_score=31.0, changed=539, unchanged=349, early_stops=8/8
26 - INFO - chord#: 78 In build_straw_man_chord_sa. tolerance = 1, sa_iterations = 1000, initial_temperature = 3.0, cooling_rate = 0.999
26 - INFO - chord#: 72 done. best_score=27.0, changed=519, unchanged=362, early_stops=8/8
26 - INFO - chord#: 74 In build_straw_man_chord_sa. tolerance = 1, sa_iterations = 1000, initial_temperature = 3.0, cooling_rate = 0.999
26 - INFO - chord#: 72 done. best_score=27.0, changed=519, unchanged=341, early_stops=8/8
26 - INFO - chord#: 74 In build_straw_man_chord_sa. tolerance = 1, sa_iterations = 1000, initial_temperature = 3.0, cooling_rate = 0.999
26 - INFO - chord#: 76 done. best_score=31.0, changed=537, unchanged=315, early_stops=8/8
26 - INFO - chord#: 78 In build_straw_man_chord_sa. tolerance = 1, sa_iterations = 1000, initial_temperature = 3.0, cooling_rate = 0.999
26 - INFO - chord#: 80 done. best_score=31.0, changed=526, unchanged=314, early_stops=8/8
26 - INFO - chord#: 82 In build_straw_man_chord_sa. tolerance = 1, sa_iterations = 1000, initial_temperature = 3.0, cooling_rate = 0.999
26 - INFO - chord#: 64 done. best_score=27.0, changed=526, unchanged=319, early_stops=8/8
26 - INFO - chord#: 66 In build_straw_man_chord_sa. tolerance = 1, sa_iterations = 1000, initial_temperature = 3.0, cooling_rate = 0.999
26 - INFO - chord#: 66 done. best_score=93.0, changed=616, unchanged=481, early_stops=8/8
26 - INFO - chord#: 68 In build_straw_man_chord_sa. tolerance = 1, sa_iterations = 1000, initial_temperature = 3.0, cooling_rate = 0.999
26 - INFO - chord#: 70 done. best_score=27.0, changed=528, unchanged=397, early_stops=8/8
26 - INFO - chord#: 72 In build_straw_man_chord_sa. tolerance = 1, sa_iterations = 1000, initial_temperature = 3.0, cooling_rate = 0.999
26 - INFO - chord#: 64 done. best_score=27.0, changed=532, unchanged=338, early_stops=8/8
26 - INFO - chord#: 66 In build_straw_man_chord_sa. tolerance = 1, sa_iterations = 1000, initial_temperature = 3.0, cooling_rate = 0.999
26 - INFO - chord#: 78 done. best_score=27.0, changed=536, unchanged=323, early_stops=8/8
26 - INFO - chord#: 80 In build_straw_man_chord_sa. tolerance = 1, sa_iterations = 1000, initial_temperature = 3.0, cooling_rate = 0.999
26 - INFO - chord#: 78 done. best_score=27.0, changed=528, unchanged=377, early_stops=8/8
26 - INFO - chord#: 80 In build_straw_man_chord_sa. tolerance = 1, sa_iterations = 1000, initial_temperature = 3.0, cooling_rate = 0.999
26 - INFO - chord#: 66 done. best_score=93.0, changed=612, unchanged=262, early_stops=8/8
26 - INFO - chord#: 68 In build_straw_man_chord_sa. tolerance = 1, sa_iterations = 1000, initial_temperature = 3.0, cooling_rate = 0.999
26 - INFO - chord#: 74 done. best_score=31.0, changed=526, unchanged=285, early_stops=8/8
26 - INFO - chord#: 76 In build_straw_man_chord_sa. tolerance = 1, sa_iterations = 1000, initial_temperature = 3.0, cooling_rate = 0.999
26 - INFO - chord#: 74 done. best_score=31.0, changed=529, unchanged=321, early_stops=8/8
26 - INFO - chord#: 76 In build_straw_man_chord_sa. tolerance = 1, sa_iterations = 1000, initial_temperature = 3.0, cooling_rate = 0.999
26 - INFO - chord#: 78 done. best_score=27.0, changed=530, unchanged=358, early_stops=8/8
26 - INFO - chord#: 80 In build_straw_man_chord_sa. tolerance = 1, sa_iterations = 1000, initial_temperature = 3.0, cooling_rate = 0.999
26 - INFO - chord#: 80 done. best_score=31.0, changed=518, unchanged=319, early_stops=8/8
26 - INFO - chord#: 82 In build_straw_man_chord_sa. tolerance = 1, sa_iterations = 1000, initial_temperature = 3.0, cooling_rate = 0.999
26 - INFO - chord#: 82 done. best_score=31.0, changed=525, unchanged=364, early_stops=8/8
26 - INFO - chord#: 84 In build_straw_man_chord_sa. tolerance = 1, sa_iterations = 1000, initial_temperature = 3.0, cooling_rate = 0.999
26 - INFO - chord#: 80 done. best_score=31.0, changed=522, unchanged=304, early_stops=8/8
26 - INFO - chord#: 82 In build_straw_man_chord_sa. tolerance = 1, sa_iterations = 1000, initial_temperature = 3.0, cooling_rate = 0.999
26 - INFO - chord#: 66 done. best_score=93.0, changed=615, unchanged=337, early_stops=8/8
26 - INFO - chord#: 68 In build_straw_man_chord_sa. tolerance = 1, sa_iterations = 1000, initial_temperature = 3.0, cooling_rate = 0.999
26 - INFO - chord#: 68 done. best_score=27.0, changed=527, unchanged=435, early_stops=8/8
26 - INFO - chord#: 70 In build_straw_man_chord_sa. tolerance = 1, sa_iterations = 1000, initial_temperature = 3.0, cooling_rate = 0.999
26 - INFO - chord#: 72 done. best_score=27.0, changed=526, unchanged=443, early_stops=8/8
26 - INFO - chord#: 74 In build_straw_man_chord_sa. tolerance = 1, sa_iterations = 1000, initial_temperature = 3.0, cooling_rate = 0.999
26 - INFO - chord#: 76 done. best_score=31.0, changed=531, unchanged=351, early_stops=8/8
26 - INFO - chord#: 78 In build_straw_man_chord_sa. tolerance = 1, sa_iterations = 1000, initial_temperature = 3.0, cooling_rate = 0.999
26 - INFO - chord#: 76 done. best_score=31.0, changed=532, unchanged=296, early_stops=8/8
26 - INFO - chord#: 78 In build_straw_man_chord_sa. tolerance = 1, sa_iterations = 1000, initial_temperature = 3.0, cooling_rate = 0.999
26 - INFO - chord#: 68 done. best_score=27.0, changed=518, unchanged=367, early_stops=8/8
26 - INFO - chord#: 80 done. best_score=31.0, changed=531, unchanged=405, early_stops=8/8
26 - INFO - chord#: 70 In build_straw_man_chord_sa. tolerance = 1, sa_iterations = 1000, initial_temperature = 3.0, cooling_rate = 0.999
26 - INFO - chord#: 82 In build_straw_man_chord_sa. tolerance = 1, sa_iterations = 1000, initial_temperature = 3.0, cooling_rate = 0.999
26 - INFO - chord#: 82 done. best_score=31.0, changed=535, unchanged=454, early_stops=8/8
26 - INFO - chord#: 84 In build_straw_man_chord_sa. tolerance = 1, sa_iterations = 1000, initial_temperature = 3.0, cooling_rate = 0.999
26 - INFO - chord#: 84 done. best_score=27.0, changed=524, unchanged=386, early_stops=8/8
26 - INFO - chord#: 86 In build_straw_man_chord_sa. tolerance = 1, sa_iterations = 1000, initial_temperature = 3.0, cooling_rate = 0.999
26 - INFO - chord#: 82 done. best_score=31.0, changed=532, unchanged=583, early_stops=8/8
26 - INFO - chord#: 84 In build_straw_man_chord_sa. tolerance = 1, sa_iterations = 1000, initial_temperature = 3.0, cooling_rate = 0.999
26 - INFO - chord#: 66 done. best_score=93.0, changed=610, unchanged=337, early_stops=8/8
26 - INFO - chord#: 68 In build_straw_man_chord_sa. tolerance = 1, sa_iterations = 1000, initial_temperature = 3.0, cooling_rate = 0.999
26 - INFO - chord#: 68 done. best_score=27.0, changed=522, unchanged=365, early_stops=8/8
26 - INFO - chord#: 70 In build_straw_man_chord_sa. tolerance = 1, sa_iterations = 1000, initial_temperature = 3.0, cooling_rate = 0.999
26 - INFO - chord#: 78 done. best_score=27.0, changed=518, unchanged=312, early_stops=8/8
26 - INFO - chord#: 80 In build_straw_man_chord_sa. tolerance = 1, sa_iterations = 1000, initial_temperature = 3.0, cooling_rate = 0.999
26 - INFO - chord#: 70 done. best_score=27.0, changed=523, unchanged=380, early_stops=8/8
26 - INFO - chord#: 72 In build_straw_man_chord_sa. tolerance = 1, sa_iterations = 1000, initial_temperature = 3.0, cooling_rate = 0.999
26 - INFO - chord#: 74 done. best_score=31.0, changed=520, unchanged=316, early_stops=8/8
26 - INFO - chord#: 76 In build_straw_man_chord_sa. tolerance = 1, sa_iterations = 1000, initial_temperature = 3.0, cooling_rate = 0.999
26 - INFO - chord#: 82 done. best_score=31.0, changed=521, unchanged=334, early_stops=8/8
26 - INFO - chord#: 84 In build_straw_man_chord_sa. tolerance = 1, sa_iterations = 1000, initial_temperature = 3.0, cooling_rate = 0.999
26 - INFO - chord#: 66 done. best_score=93.0, changed=614, unchanged=325, early_stops=8/8
26 - INFO - chord#: 68 In build_straw_man_chord_sa. tolerance = 1, sa_iterations = 1000, initial_temperature = 3.0, cooling_rate = 0.999
26 - INFO - chord#: 84 done. best_score=27.0, changed=518, unchanged=320, early_stops=8/8
26 - INFO - chord#: 86 In build_straw_man_chord_sa. tolerance = 1, sa_iterations = 1000, initial_temperature = 3.0, cooling_rate = 0.999
26 - INFO - chord#: 70 done. best_score=27.0, changed=514, unchanged=332, early_stops=8/8
26 - INFO - chord#: 72 In build_straw_man_chord_sa. tolerance = 1, sa_iterations = 1000, initial_temperature = 3.0, cooling_rate = 0.999
26 - INFO - chord#: 78 done. best_score=27.0, changed=536, unchanged=448, early_stops=8/8
26 - INFO - chord#: 80 In build_straw_man_chord_sa. tolerance = 1, sa_iterations = 1000, initial_temperature = 3.0, cooling_rate = 0.999
26 - INFO - chord#: 68 done. best_score=27.0, changed=520, unchanged=396, early_stops=8/8
26 - INFO - chord#: 70 In build_straw_man_chord_sa. tolerance = 1, sa_iterations = 1000, initial_temperature = 3.0, cooling_rate = 0.999
26 - INFO - chord#: 84 done. best_score=27.0, changed=524, unchanged=541, early_stops=8/8
26 - INFO - chord#: 86 In build_straw_man_chord_sa. tolerance = 1, sa_iterations = 1000, initial_temperature = 3.0, cooling_rate = 0.999
26 - INFO - chord#: 80 done. best_score=31.0, changed=534, unchanged=398, early_stops=8/8
26 - INFO - chord#: 82 In build_straw_man_chord_sa. tolerance = 1, sa_iterations = 1000, initial_temperature = 3.0, cooling_rate = 0.999
26 - INFO - chord#: 70 done. best_score=27.0, changed=531, unchanged=381, early_stops=8/8
26 - INFO - chord#: 72 In build_straw_man_chord_sa. tolerance = 1, sa_iterations = 1000, initial_temperature = 3.0, cooling_rate = 0.999
26 - INFO - chord#: 72 done. best_score=27.0, changed=529, unchanged=381, early_stops=8/8
26 - INFO - chord#: 74 In build_straw_man_chord_sa. tolerance = 1, sa_iterations = 1000, initial_temperature = 3.0, cooling_rate = 0.999
26 - INFO - chord#: 76 done. best_score=31.0, changed=524, unchanged=289, early_stops=8/8
26 - INFO - chord#: 78 In build_straw_man_chord_sa. tolerance = 1, sa_iterations = 1000, initial_temperature = 3.0, cooling_rate = 0.999
26 - INFO - chord#: 84 done. best_score=27.0, changed=525, unchanged=372, early_stops=8/8
26 - INFO - chord#: 86 In build_straw_man_chord_sa. tolerance = 1, sa_iterations = 1000, initial_temperature = 3.0, cooling_rate = 0.999
26 - INFO - chord#: 68 done. best_score=27.0, changed=514, unchanged=384, early_stops=8/8
26 - INFO - chord#: 70 In build_straw_man_chord_sa. tolerance = 1, sa_iterations = 1000, initial_temperature = 3.0, cooling_rate = 0.999
26 - INFO - chord#: 70 done. best_score=27.0, changed=537, unchanged=366, early_stops=8/8
26 - INFO - chord#: 72 In build_straw_man_chord_sa. tolerance = 1, sa_iterations = 1000, initial_temperature = 3.0, cooling_rate = 0.999
26 - INFO - chord#: 72 done. best_score=27.0, changed=516, unchanged=417, early_stops=8/8
26 - INFO - chord#: 74 In build_straw_man_chord_sa. tolerance = 1, sa_iterations = 1000, initial_temperature = 3.0, cooling_rate = 0.999
26 - INFO - chord#: 80 done. best_score=31.0, changed=531, unchanged=392, early_stops=8/8
26 - INFO - chord#: 82 In build_straw_man_chord_sa. tolerance = 1, sa_iterations = 1000, initial_temperature = 3.0, cooling_rate = 0.999
26 - INFO - chord#: 82 done. best_score=31.0, changed=513, unchanged=368, early_stops=8/8
26 - INFO - chord#: 84 In build_straw_man_chord_sa. tolerance = 1, sa_iterations = 1000, initial_temperature = 3.0, cooling_rate = 0.999
26 - INFO - chord#: 86 done. best_score=120.0, changed=611, unchanged=365, early_stops=8/8
26 - INFO - chord#: 87 In build_straw_man_chord_sa. tolerance = 1, sa_iterations = 1000, initial_temperature = 3.0, cooling_rate = 0.999
26 - INFO - chord#: 74 done. best_score=31.0, changed=515, unchanged=310, early_stops=8/8
26 - INFO - chord#: 76 In build_straw_man_chord_sa. tolerance = 1, sa_iterations = 1000, initial_temperature = 3.0, cooling_rate = 0.999
26 - INFO - chord#: 72 done. best_score=27.0, changed=518, unchanged=426, early_stops=8/8
26 - INFO - chord#: 74 In build_straw_man_chord_sa. tolerance = 1, sa_iterations = 1000, initial_temperature = 3.0, cooling_rate = 0.999
26 - INFO - chord#: 78 done. best_score=27.0, changed=524, unchanged=397, early_stops=8/8
26 - INFO - chord#: 80 In build_straw_man_chord_sa. tolerance = 1, sa_iterations = 1000, initial_temperature = 3.0, cooling_rate = 0.999
26 - INFO - chord#: 72 done. best_score=27.0, changed=525, unchanged=414, early_stops=8/8
26 - INFO - chord#: 74 In build_straw_man_chord_sa. tolerance = 1, sa_iterations = 1000, initial_temperature = 3.0, cooling_rate = 0.999
26 - INFO - chord#: 70 done. best_score=27.0, changed=528, unchanged=336, early_stops=8/8
26 - INFO - chord#: 72 In build_straw_man_chord_sa. tolerance = 1, sa_iterations = 1000, initial_temperature = 3.0, cooling_rate = 0.999
26 - INFO - chord#: 86 done. best_score=111.0, changed=607, unchanged=266, early_stops=8/8
26 - INFO - chord#: 87 In build_straw_man_chord_sa. tolerance = 1, sa_iterations = 1000, initial_temperature = 3.0, cooling_rate = 0.999
26 - INFO - chord#: 86 done. best_score=105.0, changed=609, unchanged=249, early_stops=8/8
26 - INFO - chord#: 87 In build_straw_man_chord_sa. tolerance = 1, sa_iterations = 1000, initial_temperature = 3.0, cooling_rate = 0.999
26 - INFO - chord#: 74 done. best_score=31.0, changed=534, unchanged=427, early_stops=8/8
26 - INFO - chord#: 76 In build_straw_man_chord_sa. tolerance = 1, sa_iterations = 1000, initial_temperature = 3.0, cooling_rate = 0.999
26 - INFO - chord#: 84 done. best_score=27.0, changed=526, unchanged=557, early_stops=8/8
26 - INFO - chord#: 86 In build_straw_man_chord_sa. tolerance = 1, sa_iterations = 1000, initial_temperature = 3.0, cooling_rate = 0.999
26 - INFO - chord#: 82 done. best_score=31.0, changed=524, unchanged=462, early_stops=8/8
26 - INFO - chord#: 84 In build_straw_man_chord_sa. tolerance = 1, sa_iterations = 1000, initial_temperature = 3.0, cooling_rate = 0.999
26 - INFO - chord#: 76 done. best_score=31.0, changed=526, unchanged=293, early_stops=8/8
26 - INFO - chord#: 78 In build_straw_man_chord_sa. tolerance = 1, sa_iterations = 1000, initial_temperature = 3.0, cooling_rate = 0.999
26 - INFO - chord#: 74 done. best_score=31.0, changed=535, unchanged=359, early_stops=8/8
26 - INFO - chord#: 76 In build_straw_man_chord_sa. tolerance = 1, sa_iterations = 1000, initial_temperature = 3.0, cooling_rate = 0.999
26 - INFO - chord#: 86 done. best_score=115.0, changed=608, unchanged=250, early_stops=8/8
26 - INFO - chord#: 87 In build_straw_man_chord_sa. tolerance = 1, sa_iterations = 1000, initial_temperature = 3.0, cooling_rate = 0.999
26 - INFO - chord#: 74 done. best_score=31.0, changed=530, unchanged=403, early_stops=8/8
26 - INFO - chord#: 76 In build_straw_man_chord_sa. tolerance = 1, sa_iterations = 1000, initial_temperature = 3.0, cooling_rate = 0.999
26 - INFO - chord#: 80 done. best_score=31.0, changed=518, unchanged=315, early_stops=8/8
26 - INFO - chord#: 82 In build_straw_man_chord_sa. tolerance = 1, sa_iterations = 1000, initial_temperature = 3.0, cooling_rate = 0.999
26 - INFO - chord#: 72 done. best_score=27.0, changed=524, unchanged=317, early_stops=8/8
26 - INFO - chord#: 74 In build_straw_man_chord_sa. tolerance = 1, sa_iterations = 1000, initial_temperature = 3.0, cooling_rate = 0.999
26 - INFO - chord#: 76 done. best_score=31.0, changed=530, unchanged=359, early_stops=8/8
26 - INFO - chord#: 78 In build_straw_man_chord_sa. tolerance = 1, sa_iterations = 1000, initial_temperature = 3.0, cooling_rate = 0.999
26 - INFO - chord#: 76 done. best_score=31.0, changed=533, unchanged=309, early_stops=8/8
26 - INFO - chord#: 78 In build_straw_man_chord_sa. tolerance = 1, sa_iterations = 1000, initial_temperature = 3.0, cooling_rate = 0.999
26 - INFO - chord#: 84 done. best_score=27.0, changed=518, unchanged=418, early_stops=8/8
26 - INFO - chord#: 86 In build_straw_man_chord_sa. tolerance = 1, sa_iterations = 1000, initial_temperature = 3.0, cooling_rate = 0.999
26 - INFO - chord#: 76 done. best_score=31.0, changed=524, unchanged=321, early_stops=8/8
26 - INFO - chord#: 78 In build_straw_man_chord_sa. tolerance = 1, sa_iterations = 1000, initial_temperature = 3.0, cooling_rate = 0.999
26 - INFO - chord#: 82 done. best_score=31.0, changed=520, unchanged=352, early_stops=8/8
26 - INFO - chord#: 84 In build_straw_man_chord_sa. tolerance = 1, sa_iterations = 1000, initial_temperature = 3.0, cooling_rate = 0.999
26 - INFO - chord#: 78 done. best_score=27.0, changed=530, unchanged=402, early_stops=8/8
26 - INFO - chord#: 80 In build_straw_man_chord_sa. tolerance = 1, sa_iterations = 1000, initial_temperature = 3.0, cooling_rate = 0.999
26 - INFO - chord#: 74 done. best_score=31.0, changed=541, unchanged=477, early_stops=8/8
26 - INFO - chord#: 76 In build_straw_man_chord_sa. tolerance = 1, sa_iterations = 1000, initial_temperature = 3.0, cooling_rate = 0.999
26 - INFO - chord#: 87 done. best_score=149.0, changed=614, unchanged=472, early_stops=8/8
26 - INFO - chord#: 88 In build_straw_man_chord_sa. tolerance = 1, sa_iterations = 1000, initial_temperature = 3.0, cooling_rate = 0.999
26 - INFO - chord#: 87 done. best_score=141.0, changed=607, unchanged=239, early_stops=8/8
26 - INFO - chord#: 88 In build_straw_man_chord_sa. tolerance = 1, sa_iterations = 1000, initial_temperature = 3.0, cooling_rate = 0.999
26 - INFO - chord#: 78 done. best_score=27.0, changed=519, unchanged=324, early_stops=8/8
26 - INFO - chord#: 80 In build_straw_man_chord_sa. tolerance = 1, sa_iterations = 1000, initial_temperature = 3.0, cooling_rate = 0.999
26 - INFO - chord#: 87 done. best_score=74.0, changed=611, unchanged=282, early_stops=8/8
26 - INFO - chord#: 88 In build_straw_man_chord_sa. tolerance = 1, sa_iterations = 1000, initial_temperature = 3.0, cooling_rate = 0.999
26 - INFO - chord#: 78 done. best_score=27.0, changed=523, unchanged=363, early_stops=8/8
26 - INFO - chord#: 80 In build_straw_man_chord_sa. tolerance = 1, sa_iterations = 1000, initial_temperature = 3.0, cooling_rate = 0.999
26 - INFO - chord#: 76 done. best_score=31.0, changed=527, unchanged=298, early_stops=8/8
26 - INFO - chord#: 78 In build_straw_man_chord_sa. tolerance = 1, sa_iterations = 1000, initial_temperature = 3.0, cooling_rate = 0.999
26 - INFO - chord#: 84 done. best_score=27.0, changed=526, unchanged=411, early_stops=8/8
26 - INFO - chord#: 86 In build_straw_man_chord_sa. tolerance = 1, sa_iterations = 1000, initial_temperature = 3.0, cooling_rate = 0.999
26 - INFO - chord#: 86 done. best_score=111.0, changed=614, unchanged=402, early_stops=8/8
26 - INFO - chord#: 87 In build_straw_man_chord_sa. tolerance = 1, sa_iterations = 1000, initial_temperature = 3.0, cooling_rate = 0.999
26 - INFO - chord#: 80 done. best_score=31.0, changed=522, unchanged=380, early_stops=8/8
26 - INFO - chord#: 82 In build_straw_man_chord_sa. tolerance = 1, sa_iterations = 1000, initial_temperature = 3.0, cooling_rate = 0.999
26 - INFO - chord#: 78 done. best_score=27.0, changed=518, unchanged=357, early_stops=8/8
26 - INFO - chord#: 80 In build_straw_man_chord_sa. tolerance = 1, sa_iterations = 1000, initial_temperature = 3.0, cooling_rate = 0.999
26 - INFO - chord#: 88 done. best_score=36.0, changed=530, unchanged=297, early_stops=8/8
26 - INFO - chord#: 96 In build_straw_man_chord_sa. tolerance = 1, sa_iterations = 1000, initial_temperature = 3.0, cooling_rate = 0.999
26 - INFO - chord#: 88 done. best_score=59.0, changed=521, unchanged=372, early_stops=8/8
26 - INFO - chord#: 96 In build_straw_man_chord_sa. tolerance = 1, sa_iterations = 1000, initial_temperature = 3.0, cooling_rate = 0.999
26 - INFO - chord#: 87 done. best_score=96.0, changed=609, unchanged=367, early_stops=8/8
26 - INFO - chord#: 88 In build_straw_man_chord_sa. tolerance = 1, sa_iterations = 1000, initial_temperature = 3.0, cooling_rate = 0.999
26 - INFO - chord#: 80 done. best_score=31.0, changed=521, unchanged=410, early_stops=8/8
26 - INFO - chord#: 82 In build_straw_man_chord_sa. tolerance = 1, sa_iterations = 1000, initial_temperature = 3.0, cooling_rate = 0.999
26 - INFO - chord#: 88 done. best_score=27.0, changed=527, unchanged=333, early_stops=8/8
26 - INFO - chord#: 96 In build_straw_man_chord_sa. tolerance = 1, sa_iterations = 1000, initial_temperature = 3.0, cooling_rate = 0.999
26 - INFO - chord#: 78 done. best_score=27.0, changed=520, unchanged=343, early_stops=8/8
26 - INFO - chord#: 80 In build_straw_man_chord_sa. tolerance = 1, sa_iterations = 1000, initial_temperature = 3.0, cooling_rate = 0.999
26 - INFO - chord#: 96 done. best_score=36.0, changed=529, unchanged=326, early_stops=8/8
26 - INFO - chord#: 98 In build_straw_man_chord_sa. tolerance = 1, sa_iterations = 1000, initial_temperature = 3.0, cooling_rate = 0.999
26 - INFO - chord#: 80 done. best_score=31.0, changed=531, unchanged=530, early_stops=8/8
26 - INFO - chord#: 82 In build_straw_man_chord_sa. tolerance = 1, sa_iterations = 1000, initial_temperature = 3.0, cooling_rate = 0.999
26 - INFO - chord#: 88 done. best_score=27.0, changed=532, unchanged=310, early_stops=8/8
26 - INFO - chord#: 96 In build_straw_man_chord_sa. tolerance = 1, sa_iterations = 1000, initial_temperature = 3.0, cooling_rate = 0.999
26 - INFO - chord#: 80 done. best_score=31.0, changed=518, unchanged=338, early_stops=8/8
26 - INFO - chord#: 82 In build_straw_man_chord_sa. tolerance = 1, sa_iterations = 1000, initial_temperature = 3.0, cooling_rate = 0.999
26 - INFO - chord#: 96 done. best_score=59.0, changed=544, unchanged=356, early_stops=8/8
26 - INFO - chord#: 98 In build_straw_man_chord_sa. tolerance = 1, sa_iterations = 1000, initial_temperature = 3.0, cooling_rate = 0.999
26 - INFO - chord#: 82 done. best_score=31.0, changed=532, unchanged=540, early_stops=8/8
26 - INFO - chord#: 84 In build_straw_man_chord_sa. tolerance = 1, sa_iterations = 1000, initial_temperature = 3.0, cooling_rate = 0.999
26 - INFO - chord#: 82 done. best_score=31.0, changed=512, unchanged=344, early_stops=8/8
26 - INFO - chord#: 84 In build_straw_man_chord_sa. tolerance = 1, sa_iterations = 1000, initial_temperature = 3.0, cooling_rate = 0.999
26 - INFO - chord#: 98 done. best_score=27.0, changed=534, unchanged=325, early_stops=8/8
26 - INFO - chord#: 102 In build_straw_man_chord_sa. tolerance = 1, sa_iterations = 1000, initial_temperature = 3.0, cooling_rate = 0.999
26 - INFO - chord#: 96 done. best_score=27.0, changed=525, unchanged=309, early_stops=8/8
26 - INFO - chord#: 98 In build_straw_man_chord_sa. tolerance = 1, sa_iterations = 1000, initial_temperature = 3.0, cooling_rate = 0.999
26 - INFO - chord#: 80 done. best_score=31.0, changed=519, unchanged=393, early_stops=8/8
26 - INFO - chord#: 82 In build_straw_man_chord_sa. tolerance = 1, sa_iterations = 1000, initial_temperature = 3.0, cooling_rate = 0.999
26 - INFO - chord#: 86 done. best_score=134.0, changed=614, unchanged=313, early_stops=8/8
26 - INFO - chord#: 87 In build_straw_man_chord_sa. tolerance = 1, sa_iterations = 1000, initial_temperature = 3.0, cooling_rate = 0.999
26 - INFO - chord#: 96 done. best_score=27.0, changed=536, unchanged=336, early_stops=8/8
26 - INFO - chord#: 98 In build_straw_man_chord_sa. tolerance = 1, sa_iterations = 1000, initial_temperature = 3.0, cooling_rate = 0.999
26 - INFO - chord#: 82 done. best_score=31.0, changed=528, unchanged=342, early_stops=8/8
26 - INFO - chord#: 84 In build_straw_man_chord_sa. tolerance = 1, sa_iterations = 1000, initial_temperature = 3.0, cooling_rate = 0.999
26 - INFO - chord#: 87 done. best_score=141.0, changed=617, unchanged=273, early_stops=8/8
26 - INFO - chord#: 88 In build_straw_man_chord_sa. tolerance = 1, sa_iterations = 1000, initial_temperature = 3.0, cooling_rate = 0.999
26 - INFO - chord#: 98 done. best_score=59.0, changed=535, unchanged=330, early_stops=8/8
26 - INFO - chord#: 102 In build_straw_man_chord_sa. tolerance = 1, sa_iterations = 1000, initial_temperature = 3.0, cooling_rate = 0.999
26 - INFO - chord#: 84 done. best_score=27.0, changed=523, unchanged=458, early_stops=8/8
26 - INFO - chord#: 86 In build_straw_man_chord_sa. tolerance = 1, sa_iterations = 1000, initial_temperature = 3.0, cooling_rate = 0.999
26 - INFO - chord#: 82 done. best_score=31.0, changed=529, unchanged=465, early_stops=8/8
26 - INFO - chord#: 84 In build_straw_man_chord_sa. tolerance = 1, sa_iterations = 1000, initial_temperature = 3.0, cooling_rate = 0.999
26 - INFO - chord#: 84 done. best_score=27.0, changed=517, unchanged=412, early_stops=8/8
26 - INFO - chord#: 86 In build_straw_man_chord_sa. tolerance = 1, sa_iterations = 1000, initial_temperature = 3.0, cooling_rate = 0.999
26 - INFO - chord#: 82 done. best_score=31.0, changed=523, unchanged=330, early_stops=8/8
26 - INFO - chord#: 84 In build_straw_man_chord_sa. tolerance = 1, sa_iterations = 1000, initial_temperature = 3.0, cooling_rate = 0.999
26 - INFO - chord#: 98 done. best_score=27.0, changed=531, unchanged=343, early_stops=8/8
26 - INFO - chord#: 102 In build_straw_man_chord_sa. tolerance = 1, sa_iterations = 1000, initial_temperature = 3.0, cooling_rate = 0.999
26 - INFO - chord#: 86 done. best_score=93.0, changed=615, unchanged=485, early_stops=8/8
26 - INFO - chord#: 87 In build_straw_man_chord_sa. tolerance = 1, sa_iterations = 1000, initial_temperature = 3.0, cooling_rate = 0.999
26 - INFO - chord#: 98 done. best_score=27.0, changed=521, unchanged=294, early_stops=8/8
26 - INFO - chord#: 102 In build_straw_man_chord_sa. tolerance = 1, sa_iterations = 1000, initial_temperature = 3.0, cooling_rate = 0.999
26 - INFO - chord#: 88 done. best_score=36.0, changed=520, unchanged=302, early_stops=8/8
26 - INFO - chord#: 96 In build_straw_man_chord_sa. tolerance = 1, sa_iterations = 1000, initial_temperature = 3.0, cooling_rate = 0.999
26 - INFO - chord#: 84 done. best_score=27.0, changed=516, unchanged=368, early_stops=8/8
26 - INFO - chord#: 86 In build_straw_man_chord_sa. tolerance = 1, sa_iterations = 1000, initial_temperature = 3.0, cooling_rate = 0.999
26 - INFO - chord#: 84 done. best_score=27.0, changed=525, unchanged=371, early_stops=8/8
26 - INFO - chord#: 86 In build_straw_man_chord_sa. tolerance = 1, sa_iterations = 1000, initial_temperature = 3.0, cooling_rate = 0.999
26 - INFO - chord#: 102 done. best_score=67.0, changed=613, unchanged=331, early_stops=8/8
26 - INFO - chord#: 104 In build_straw_man_chord_sa. tolerance = 1, sa_iterations = 1000, initial_temperature = 3.0, cooling_rate = 0.999
26 - INFO - chord#: 96 done. best_score=36.0, changed=529, unchanged=336, early_stops=8/8
26 - INFO - chord#: 98 In build_straw_man_chord_sa. tolerance = 1, sa_iterations = 1000, initial_temperature = 3.0, cooling_rate = 0.999
26 - INFO - chord#: 84 done. best_score=27.0, changed=520, unchanged=460, early_stops=8/8
26 - INFO - chord#: 86 In build_straw_man_chord_sa. tolerance = 1, sa_iterations = 1000, initial_temperature = 3.0, cooling_rate = 0.999
26 - INFO - chord#: 98 done. best_score=36.0, changed=535, unchanged=322, early_stops=8/8
26 - INFO - chord#: 102 In build_straw_man_chord_sa. tolerance = 1, sa_iterations = 1000, initial_temperature = 3.0, cooling_rate = 0.999
26 - INFO - chord#: 102 done. best_score=168.0, changed=608, unchanged=288, early_stops=8/8
26 - INFO - chord#: 104 In build_straw_man_chord_sa. tolerance = 1, sa_iterations = 1000, initial_temperature = 3.0, cooling_rate = 0.999
26 - INFO - chord#: 86 done. best_score=120.0, changed=613, unchanged=342, early_stops=8/8
26 - INFO - chord#: 87 In build_straw_man_chord_sa. tolerance = 1, sa_iterations = 1000, initial_temperature = 3.0, cooling_rate = 0.999
26 - INFO - chord#: 87 done. best_score=74.0, changed=616, unchanged=416, early_stops=8/8
26 - INFO - chord#: 88 In build_straw_man_chord_sa. tolerance = 1, sa_iterations = 1000, initial_temperature = 3.0, cooling_rate = 0.999
26 - INFO - chord#: 102 done. best_score=67.0, changed=613, unchanged=403, early_stops=8/8
26 - INFO - chord#: 104 In build_straw_man_chord_sa. tolerance = 1, sa_iterations = 1000, initial_temperature = 3.0, cooling_rate = 0.999
26 - INFO - chord#: 102 done. best_score=67.0, changed=609, unchanged=271, early_stops=8/8
26 - INFO - chord#: 104 In build_straw_man_chord_sa. tolerance = 1, sa_iterations = 1000, initial_temperature = 3.0, cooling_rate = 0.999
26 - INFO - chord#: 87 done. best_score=74.0, changed=615, unchanged=444, early_stops=8/8
26 - INFO - chord#: 88 In build_straw_man_chord_sa. tolerance = 1, sa_iterations = 1000, initial_temperature = 3.0, cooling_rate = 0.999
26 - INFO - chord#: 88 done. best_score=27.0, changed=524, unchanged=335, early_stops=8/8
26 - INFO - chord#: 96 In build_straw_man_chord_sa. tolerance = 1, sa_iterations = 1000, initial_temperature = 3.0, cooling_rate = 0.999
26 - INFO - chord#: 104 done. best_score=142.0, changed=616, unchanged=306, early_stops=8/8
26 - INFO - chord#: 106 In build_straw_man_chord_sa. tolerance = 1, sa_iterations = 1000, initial_temperature = 3.0, cooling_rate = 0.999
26 - INFO - chord#: 86 done. best_score=116.0, changed=613, unchanged=344, early_stops=8/8
26 - INFO - chord#: 87 In build_straw_man_chord_sa. tolerance = 1, sa_iterations = 1000, initial_temperature = 3.0, cooling_rate = 0.999
26 - INFO - chord#: 86 done. best_score=93.0, changed=615, unchanged=507, early_stops=8/8
26 - INFO - chord#: 87 In build_straw_man_chord_sa. tolerance = 1, sa_iterations = 1000, initial_temperature = 3.0, cooling_rate = 0.999
26 - INFO - chord#: 102 done. best_score=177.0, changed=610, unchanged=213, early_stops=8/8
26 - INFO - chord#: 104 In build_straw_man_chord_sa. tolerance = 1, sa_iterations = 1000, initial_temperature = 3.0, cooling_rate = 0.999
26 - INFO - chord#: 88 done. best_score=27.0, changed=528, unchanged=339, early_stops=8/8
26 - INFO - chord#: 96 In build_straw_man_chord_sa. tolerance = 1, sa_iterations = 1000, initial_temperature = 3.0, cooling_rate = 0.999
26 - INFO - chord#: 96 done. best_score=27.0, changed=530, unchanged=353, early_stops=8/8
26 - INFO - chord#: 98 In build_straw_man_chord_sa. tolerance = 1, sa_iterations = 1000, initial_temperature = 3.0, cooling_rate = 0.999
26 - INFO - chord#: 86 done. best_score=116.0, changed=614, unchanged=355, early_stops=8/8
26 - INFO - chord#: 87 In build_straw_man_chord_sa. tolerance = 1, sa_iterations = 1000, initial_temperature = 3.0, cooling_rate = 0.999
26 - INFO - chord#: 86 done. best_score=149.0, changed=614, unchanged=367, early_stops=8/8
26 - INFO - chord#: 87 In build_straw_man_chord_sa. tolerance = 1, sa_iterations = 1000, initial_temperature = 3.0, cooling_rate = 0.999
26 - INFO - chord#: 106 done. best_score=27.0, changed=520, unchanged=407, early_stops=8/8
26 - INFO - chord#: 108 In build_straw_man_chord_sa. tolerance = 1, sa_iterations = 1000, initial_temperature = 3.0, cooling_rate = 0.999
26 - INFO - chord#: 104 done. best_score=142.0, changed=614, unchanged=268, early_stops=8/8
26 - INFO - chord#: 106 In build_straw_man_chord_sa. tolerance = 1, sa_iterations = 1000, initial_temperature = 3.0, cooling_rate = 0.999
26 - INFO - chord#: 96 done. best_score=27.0, changed=525, unchanged=351, early_stops=8/8
26 - INFO - chord#: 98 In build_straw_man_chord_sa. tolerance = 1, sa_iterations = 1000, initial_temperature = 3.0, cooling_rate = 0.999
26 - INFO - chord#: 98 done. best_score=27.0, changed=526, unchanged=382, early_stops=8/8
26 - INFO - chord#: 102 In build_straw_man_chord_sa. tolerance = 1, sa_iterations = 1000, initial_temperature = 3.0, cooling_rate = 0.999
26 - INFO - chord#: 87 done. best_score=141.0, changed=615, unchanged=358, early_stops=8/8
26 - INFO - chord#: 88 In build_straw_man_chord_sa. tolerance = 1, sa_iterations = 1000, initial_temperature = 3.0, cooling_rate = 0.999
26 - INFO - chord#: 104 done. best_score=140.0, changed=610, unchanged=329, early_stops=8/8
26 - INFO - chord#: 106 In build_straw_man_chord_sa. tolerance = 1, sa_iterations = 1000, initial_temperature = 3.0, cooling_rate = 0.999
26 - INFO - chord#: 87 done. best_score=74.0, changed=612, unchanged=269, early_stops=8/8
26 - INFO - chord#: 88 In build_straw_man_chord_sa. tolerance = 1, sa_iterations = 1000, initial_temperature = 3.0, cooling_rate = 0.999
26 - INFO - chord#: 106 done. best_score=27.0, changed=519, unchanged=340, early_stops=8/8
26 - INFO - chord#: 108 In build_straw_man_chord_sa. tolerance = 1, sa_iterations = 1000, initial_temperature = 3.0, cooling_rate = 0.999
26 - INFO - chord#: 108 done. best_score=27.0, changed=519, unchanged=344, early_stops=8/8
26 - INFO - chord#: 110 In build_straw_man_chord_sa. tolerance = 1, sa_iterations = 1000, initial_temperature = 3.0, cooling_rate = 0.999
26 - INFO - chord#: 88 done. best_score=36.0, changed=535, unchanged=295, early_stops=8/8
26 - INFO - chord#: 96 In build_straw_man_chord_sa. tolerance = 1, sa_iterations = 1000, initial_temperature = 3.0, cooling_rate = 0.999
26 - INFO - chord#: 104 done. best_score=140.0, changed=610, unchanged=229, early_stops=8/8
26 - INFO - chord#: 106 In build_straw_man_chord_sa. tolerance = 1, sa_iterations = 1000, initial_temperature = 3.0, cooling_rate = 0.999
26 - INFO - chord#: 104 done. best_score=140.0, changed=615, unchanged=440, early_stops=8/8
26 - INFO - chord#: 106 In build_straw_man_chord_sa. tolerance = 1, sa_iterations = 1000, initial_temperature = 3.0, cooling_rate = 0.999
26 - INFO - chord#: 110 done. best_score=7.0, changed=497, unchanged=313, early_stops=8/8
26 - INFO - chord#: 112 In build_straw_man_chord_sa. tolerance = 1, sa_iterations = 1000, initial_temperature = 3.0, cooling_rate = 0.999
26 - INFO - chord#: 98 done. best_score=27.0, changed=527, unchanged=402, early_stops=8/8
26 - INFO - chord#: 102 In build_straw_man_chord_sa. tolerance = 1, sa_iterations = 1000, initial_temperature = 3.0, cooling_rate = 0.999
26 - INFO - chord#: 87 done. best_score=74.0, changed=615, unchanged=333, early_stops=8/8
26 - INFO - chord#: 88 In build_straw_man_chord_sa. tolerance = 1, sa_iterations = 1000, initial_temperature = 3.0, cooling_rate = 0.999
26 - INFO - chord#: 88 done. best_score=27.0, changed=534, unchanged=357, early_stops=8/8
26 - INFO - chord#: 96 In build_straw_man_chord_sa. tolerance = 1, sa_iterations = 1000, initial_temperature = 3.0, cooling_rate = 0.999
26 - INFO - chord#: 96 done. best_score=36.0, changed=521, unchanged=286, early_stops=8/8
26 - INFO - chord#: 98 In build_straw_man_chord_sa. tolerance = 1, sa_iterations = 1000, initial_temperature = 3.0, cooling_rate = 0.999
26 - INFO - chord#: 106 done. best_score=27.0, changed=531, unchanged=347, early_stops=8/8
26 - INFO - chord#: 108 In build_straw_man_chord_sa. tolerance = 1, sa_iterations = 1000, initial_temperature = 3.0, cooling_rate = 0.999
26 - INFO - chord#: 102 done. best_score=96.0, changed=613, unchanged=283, early_stops=8/8
26 - INFO - chord#: 104 In build_straw_man_chord_sa. tolerance = 1, sa_iterations = 1000, initial_temperature = 3.0, cooling_rate = 0.999
26 - INFO - chord#: 87 done. best_score=96.0, changed=607, unchanged=306, early_stops=8/8
26 - INFO - chord#: 88 In build_straw_man_chord_sa. tolerance = 1, sa_iterations = 1000, initial_temperature = 3.0, cooling_rate = 0.999
26 - INFO - chord#: 108 done. best_score=27.0, changed=533, unchanged=552, early_stops=8/8
26 - INFO - chord#: 106 done. best_score=27.0, changed=520, unchanged=416, early_stops=8/8
26 - INFO - chord#: 110 In build_straw_man_chord_sa. tolerance = 1, sa_iterations = 1000, initial_temperature = 3.0, cooling_rate = 0.999
26 - INFO - chord#: 108 In build_straw_man_chord_sa. tolerance = 1, sa_iterations = 1000, initial_temperature = 3.0, cooling_rate = 0.999
26 - INFO - chord#: 106 done. best_score=36.0, changed=526, unchanged=367, early_stops=8/8
26 - INFO - chord#: 108 In build_straw_man_chord_sa. tolerance = 1, sa_iterations = 1000, initial_temperature = 3.0, cooling_rate = 0.999
26 - INFO - chord#: 110 done. best_score=7.0, changed=498, unchanged=311, early_stops=8/8
26 - INFO - chord#: 112 In build_straw_man_chord_sa. tolerance = 1, sa_iterations = 1000, initial_temperature = 3.0, cooling_rate = 0.999
26 - INFO - chord#: 98 done. best_score=36.0, changed=523, unchanged=319, early_stops=8/8
26 - INFO - chord#: 102 In build_straw_man_chord_sa. tolerance = 1, sa_iterations = 1000, initial_temperature = 3.0, cooling_rate = 0.999
26 - INFO - chord#: 96 done. best_score=27.0, changed=522, unchanged=330, early_stops=8/8
26 - INFO - chord#: 98 In build_straw_man_chord_sa. tolerance = 1, sa_iterations = 1000, initial_temperature = 3.0, cooling_rate = 0.999
26 - INFO - chord#: 88 done. best_score=27.0, changed=534, unchanged=381, early_stops=8/8
26 - INFO - chord#: 96 In build_straw_man_chord_sa. tolerance = 1, sa_iterations = 1000, initial_temperature = 3.0, cooling_rate = 0.999
26 - INFO - chord#: 87 done. best_score=74.0, changed=616, unchanged=446, early_stops=8/8
26 - INFO - chord#: 88 In build_straw_man_chord_sa. tolerance = 1, sa_iterations = 1000, initial_temperature = 3.0, cooling_rate = 0.999
26 - INFO - chord#: 108 done. best_score=27.0, changed=519, unchanged=464, early_stops=8/8
26 - INFO - chord#: 110 In build_straw_man_chord_sa. tolerance = 1, sa_iterations = 1000, initial_temperature = 3.0, cooling_rate = 0.999
26 - INFO - chord#: 88 done. best_score=27.0, changed=529, unchanged=409, early_stops=8/8
26 - INFO - chord#: 96 In build_straw_man_chord_sa. tolerance = 1, sa_iterations = 1000, initial_temperature = 3.0, cooling_rate = 0.999
26 - INFO - chord#: 110 done. best_score=7.0, changed=497, unchanged=322, early_stops=8/8
26 - INFO - chord#: 112 In build_straw_man_chord_sa. tolerance = 1, sa_iterations = 1000, initial_temperature = 3.0, cooling_rate = 0.999
26 - INFO - chord#: 112 done. best_score=120.0, changed=616, unchanged=386, early_stops=8/8
26 - INFO - chord#: 114 In build_straw_man_chord_sa. tolerance = 1, sa_iterations = 1000, initial_temperature = 3.0, cooling_rate = 0.999
26 - INFO - chord#: 98 done. best_score=27.0, changed=523, unchanged=374, early_stops=8/8
26 - INFO - chord#: 102 In build_straw_man_chord_sa. tolerance = 1, sa_iterations = 1000, initial_temperature = 3.0, cooling_rate = 0.999
26 - INFO - chord#: 108 done. best_score=27.0, changed=516, unchanged=376, early_stops=8/8
26 - INFO - chord#: 110 In build_straw_man_chord_sa. tolerance = 1, sa_iterations = 1000, initial_temperature = 3.0, cooling_rate = 0.999
26 - INFO - chord#: 108 done. best_score=27.0, changed=519, unchanged=515, early_stops=8/8
26 - INFO - chord#: 110 In build_straw_man_chord_sa. tolerance = 1, sa_iterations = 1000, initial_temperature = 3.0, cooling_rate = 0.999
26 - INFO - chord#: 110 done. best_score=7.0, changed=499, unchanged=317, early_stops=8/8
26 - INFO - chord#: 112 In build_straw_man_chord_sa. tolerance = 1, sa_iterations = 1000, initial_temperature = 3.0, cooling_rate = 0.999
26 - INFO - chord#: 96 done. best_score=27.0, changed=531, unchanged=371, early_stops=8/8
26 - INFO - chord#: 98 In build_straw_man_chord_sa. tolerance = 1, sa_iterations = 1000, initial_temperature = 3.0, cooling_rate = 0.999
26 - INFO - chord#: 110 done. best_score=7.0, changed=504, unchanged=323, early_stops=8/8
26 - INFO - chord#: 112 In build_straw_man_chord_sa. tolerance = 1, sa_iterations = 1000, initial_temperature = 3.0, cooling_rate = 0.999
26 - INFO - chord#: 102 done. best_score=67.0, changed=614, unchanged=344, early_stops=8/8
26 - INFO - chord#: 104 In build_straw_man_chord_sa. tolerance = 1, sa_iterations = 1000, initial_temperature = 3.0, cooling_rate = 0.999
26 - INFO - chord#: 88 done. best_score=27.0, changed=519, unchanged=430, early_stops=8/8
26 - INFO - chord#: 96 In build_straw_man_chord_sa. tolerance = 1, sa_iterations = 1000, initial_temperature = 3.0, cooling_rate = 0.999
26 - INFO - chord#: 104 done. best_score=140.0, changed=607, unchanged=234, early_stops=8/8
26 - INFO - chord#: 106 In build_straw_man_chord_sa. tolerance = 1, sa_iterations = 1000, initial_temperature = 3.0, cooling_rate = 0.999
26 - INFO - chord#: 102 done. best_score=160.0, changed=613, unchanged=241, early_stops=8/8
26 - INFO - chord#: 104 In build_straw_man_chord_sa. tolerance = 1, sa_iterations = 1000, initial_temperature = 3.0, cooling_rate = 0.999
26 - INFO - chord#: 112 done. best_score=82.0, changed=607, unchanged=235, early_stops=8/8
26 - INFO - chord#: 114 In build_straw_man_chord_sa. tolerance = 1, sa_iterations = 1000, initial_temperature = 3.0, cooling_rate = 0.999
26 - INFO - chord#: 96 done. best_score=27.0, changed=534, unchanged=369, early_stops=8/8
26 - INFO - chord#: 98 In build_straw_man_chord_sa. tolerance = 1, sa_iterations = 1000, initial_temperature = 3.0, cooling_rate = 0.999
26 - INFO - chord#: 98 done. best_score=27.0, changed=533, unchanged=375, early_stops=8/8
26 - INFO - chord#: 102 In build_straw_man_chord_sa. tolerance = 1, sa_iterations = 1000, initial_temperature = 3.0, cooling_rate = 0.999
26 - INFO - chord#: 106 done. best_score=27.0, changed=541, unchanged=411, early_stops=8/8
26 - INFO - chord#: 108 In build_straw_man_chord_sa. tolerance = 1, sa_iterations = 1000, initial_temperature = 3.0, cooling_rate = 0.999
26 - INFO - chord#: 96 done. best_score=27.0, changed=518, unchanged=385, early_stops=8/8
26 - INFO - chord#: 98 In build_straw_man_chord_sa. tolerance = 1, sa_iterations = 1000, initial_temperature = 3.0, cooling_rate = 0.999
26 - INFO - chord#: 98 done. best_score=27.0, changed=516, unchanged=310, early_stops=8/8
26 - INFO - chord#: 102 In build_straw_man_chord_sa. tolerance = 1, sa_iterations = 1000, initial_temperature = 3.0, cooling_rate = 0.999
26 - INFO - chord#: 102 done. best_score=137.0, changed=610, unchanged=249, early_stops=8/8
26 - INFO - chord#: 104 In build_straw_man_chord_sa. tolerance = 1, sa_iterations = 1000, initial_temperature = 3.0, cooling_rate = 0.999
26 - INFO - chord#: 114 done. best_score=64.0, changed=617, unchanged=287, early_stops=8/8
26 - INFO - chord#: 115 In build_straw_man_chord_sa. tolerance = 1, sa_iterations = 1000, initial_temperature = 3.0, cooling_rate = 0.999
26 - INFO - chord#: 112 done. best_score=124.0, changed=610, unchanged=288, early_stops=8/8
26 - INFO - chord#: 114 In build_straw_man_chord_sa. tolerance = 1, sa_iterations = 1000, initial_temperature = 3.0, cooling_rate = 0.999
26 - INFO - chord#: 98 done. best_score=27.0, changed=525, unchanged=337, early_stops=8/8
26 - INFO - chord#: 102 In build_straw_man_chord_sa. tolerance = 1, sa_iterations = 1000, initial_temperature = 3.0, cooling_rate = 0.999
26 - INFO - chord#: 114 done. best_score=64.0, changed=606, unchanged=219, early_stops=8/8
26 - INFO - chord#: 115 In build_straw_man_chord_sa. tolerance = 1, sa_iterations = 1000, initial_temperature = 3.0, cooling_rate = 0.999
26 - INFO - chord#: 108 done. best_score=27.0, changed=521, unchanged=591, early_stops=8/8
26 - INFO - chord#: 110 In build_straw_man_chord_sa. tolerance = 1, sa_iterations = 1000, initial_temperature = 3.0, cooling_rate = 0.999
26 - INFO - chord#: 115 done. best_score=27.0, changed=534, unchanged=413, early_stops=8/8
26 - INFO - chord#: 116 In build_straw_man_chord_sa. tolerance = 1, sa_iterations = 1000, initial_temperature = 3.0, cooling_rate = 0.999
26 - INFO - chord#: 110 done. best_score=7.0, changed=490, unchanged=321, early_stops=8/8
26 - INFO - chord#: 112 In build_straw_man_chord_sa. tolerance = 1, sa_iterations = 1000, initial_temperature = 3.0, cooling_rate = 0.999
26 - INFO - chord#: 104 done. best_score=140.0, changed=618, unchanged=394, early_stops=8/8
26 - INFO - chord#: 106 In build_straw_man_chord_sa. tolerance = 1, sa_iterations = 1000, initial_temperature = 3.0, cooling_rate = 0.999
26 - INFO - chord#: 112 done. best_score=82.0, changed=612, unchanged=301, early_stops=8/8
26 - INFO - chord#: 114 In build_straw_man_chord_sa. tolerance = 1, sa_iterations = 1000, initial_temperature = 3.0, cooling_rate = 0.999
26 - INFO - chord#: 112 done. best_score=82.0, changed=611, unchanged=381, early_stops=8/8
26 - INFO - chord#: 114 In build_straw_man_chord_sa. tolerance = 1, sa_iterations = 1000, initial_temperature = 3.0, cooling_rate = 0.999
26 - INFO - chord#: 115 done. best_score=27.0, changed=525, unchanged=363, early_stops=8/8
26 - INFO - chord#: 116 In build_straw_man_chord_sa. tolerance = 1, sa_iterations = 1000, initial_temperature = 3.0, cooling_rate = 0.999
26 - INFO - chord#: 104 done. best_score=142.0, changed=607, unchanged=212, early_stops=8/8
26 - INFO - chord#: 106 In build_straw_man_chord_sa. tolerance = 1, sa_iterations = 1000, initial_temperature = 3.0, cooling_rate = 0.999
26 - INFO - chord#: 116 done. best_score=27.0, changed=523, unchanged=445, early_stops=8/8
26 - INFO - chord#: 118 In build_straw_man_chord_sa. tolerance = 1, sa_iterations = 1000, initial_temperature = 3.0, cooling_rate = 0.999
26 - INFO - chord#: 104 done. best_score=142.0, changed=618, unchanged=498, early_stops=8/8
26 - INFO - chord#: 106 In build_straw_man_chord_sa. tolerance = 1, sa_iterations = 1000, initial_temperature = 3.0, cooling_rate = 0.999
26 - INFO - chord#: 106 done. best_score=36.0, changed=529, unchanged=359, early_stops=8/8
26 - INFO - chord#: 108 In build_straw_man_chord_sa. tolerance = 1, sa_iterations = 1000, initial_temperature = 3.0, cooling_rate = 0.999
26 - INFO - chord#: 118 done. best_score=7.0, changed=511, unchanged=300, early_stops=8/8
26 - INFO - chord#: 120 In build_straw_man_chord_sa. tolerance = 1, sa_iterations = 1000, initial_temperature = 3.0, cooling_rate = 0.999
26 - INFO - chord#: 102 done. best_score=67.0, changed=616, unchanged=425, early_stops=8/8
26 - INFO - chord#: 104 In build_straw_man_chord_sa. tolerance = 1, sa_iterations = 1000, initial_temperature = 3.0, cooling_rate = 0.999
26 - INFO - chord#: 102 done. best_score=96.0, changed=611, unchanged=269, early_stops=8/8
26 - INFO - chord#: 104 In build_straw_man_chord_sa. tolerance = 1, sa_iterations = 1000, initial_temperature = 3.0, cooling_rate = 0.999
26 - INFO - chord#: 114 done. best_score=64.0, changed=616, unchanged=405, early_stops=8/8
26 - INFO - chord#: 115 In build_straw_man_chord_sa. tolerance = 1, sa_iterations = 1000, initial_temperature = 3.0, cooling_rate = 0.999
26 - INFO - chord#: 116 done. best_score=27.0, changed=527, unchanged=475, early_stops=8/8
26 - INFO - chord#: 118 In build_straw_man_chord_sa. tolerance = 1, sa_iterations = 1000, initial_temperature = 3.0, cooling_rate = 0.999
26 - INFO - chord#: 118 done. best_score=7.0, changed=509, unchanged=313, early_stops=8/8
26 - INFO - chord#: 120 In build_straw_man_chord_sa. tolerance = 1, sa_iterations = 1000, initial_temperature = 3.0, cooling_rate = 0.999
26 - INFO - chord#: 106 done. best_score=27.0, changed=525, unchanged=496, early_stops=8/8
26 - INFO - chord#: 108 In build_straw_man_chord_sa. tolerance = 1, sa_iterations = 1000, initial_temperature = 3.0, cooling_rate = 0.999
26 - INFO - chord#: 102 done. best_score=145.0, changed=611, unchanged=265, early_stops=8/8
26 - INFO - chord#: 104 In build_straw_man_chord_sa. tolerance = 1, sa_iterations = 1000, initial_temperature = 3.0, cooling_rate = 0.999
26 - INFO - chord#: 112 done. best_score=120.0, changed=612, unchanged=264, early_stops=8/8
26 - INFO - chord#: 114 In build_straw_man_chord_sa. tolerance = 1, sa_iterations = 1000, initial_temperature = 3.0, cooling_rate = 0.999
26 - INFO - chord#: 106 done. best_score=27.0, changed=515, unchanged=302, early_stops=8/8
26 - INFO - chord#: 108 In build_straw_man_chord_sa. tolerance = 1, sa_iterations = 1000, initial_temperature = 3.0, cooling_rate = 0.999
26 - INFO - chord#: 115 done. best_score=27.0, changed=519, unchanged=295, early_stops=8/8
26 - INFO - chord#: 116 In build_straw_man_chord_sa. tolerance = 1, sa_iterations = 1000, initial_temperature = 3.0, cooling_rate = 0.999
26 - INFO - chord#: 108 done. best_score=27.0, changed=527, unchanged=626, early_stops=8/8
26 - INFO - chord#: 110 In build_straw_man_chord_sa. tolerance = 1, sa_iterations = 1000, initial_temperature = 3.0, cooling_rate = 0.999
26 - INFO - chord#: 120 done. best_score=27.0, changed=521, unchanged=417, early_stops=8/8
26 - INFO - chord#: 124 In build_straw_man_chord_sa. tolerance = 1, sa_iterations = 1000, initial_temperature = 3.0, cooling_rate = 0.999
26 - INFO - chord#: 110 done. best_score=7.0, changed=503, unchanged=315, early_stops=8/8
26 - INFO - chord#: 112 In build_straw_man_chord_sa. tolerance = 1, sa_iterations = 1000, initial_temperature = 3.0, cooling_rate = 0.999
26 - INFO - chord#: 120 done. best_score=27.0, changed=515, unchanged=395, early_stops=8/8
26 - INFO - chord#: 124 In build_straw_man_chord_sa. tolerance = 1, sa_iterations = 1000, initial_temperature = 3.0, cooling_rate = 0.999
26 - INFO - chord#: 108 done. best_score=27.0, changed=521, unchanged=511, early_stops=8/8
26 - INFO - chord#: 110 In build_straw_man_chord_sa. tolerance = 1, sa_iterations = 1000, initial_temperature = 3.0, cooling_rate = 0.999
26 - INFO - chord#: 114 done. best_score=64.0, changed=612, unchanged=358, early_stops=8/8
26 - INFO - chord#: 115 In build_straw_man_chord_sa. tolerance = 1, sa_iterations = 1000, initial_temperature = 3.0, cooling_rate = 0.999
26 - INFO - chord#: 116 done. best_score=27.0, changed=523, unchanged=383, early_stops=8/8
26 - INFO - chord#: 118 In build_straw_man_chord_sa. tolerance = 1, sa_iterations = 1000, initial_temperature = 3.0, cooling_rate = 0.999
26 - INFO - chord#: 110 done. best_score=7.0, changed=505, unchanged=310, early_stops=8/8
26 - INFO - chord#: 112 In build_straw_man_chord_sa. tolerance = 1, sa_iterations = 1000, initial_temperature = 3.0, cooling_rate = 0.999
26 - INFO - chord#: 114 done. best_score=64.0, changed=618, unchanged=501, early_stops=8/8
26 - INFO - chord#: 115 In build_straw_man_chord_sa. tolerance = 1, sa_iterations = 1000, initial_temperature = 3.0, cooling_rate = 0.999
26 - INFO - chord#: 118 done. best_score=7.0, changed=503, unchanged=309, early_stops=8/8
26 - INFO - chord#: 120 In build_straw_man_chord_sa. tolerance = 1, sa_iterations = 1000, initial_temperature = 3.0, cooling_rate = 0.999
26 - INFO - chord#: 124 done. best_score=27.0, changed=530, unchanged=358, early_stops=8/8
26 - INFO - chord#: 128 In build_straw_man_chord_sa. tolerance = 1, sa_iterations = 1000, initial_temperature = 3.0, cooling_rate = 0.999
26 - INFO - chord#: 124 done. best_score=27.0, changed=528, unchanged=365, early_stops=8/8
26 - INFO - chord#: 128 In build_straw_man_chord_sa. tolerance = 1, sa_iterations = 1000, initial_temperature = 3.0, cooling_rate = 0.999
26 - INFO - chord#: 108 done. best_score=27.0, changed=523, unchanged=616, early_stops=8/8
26 - INFO - chord#: 110 In build_straw_man_chord_sa. tolerance = 1, sa_iterations = 1000, initial_temperature = 3.0, cooling_rate = 0.999
26 - INFO - chord#: 114 done. best_score=146.0, changed=611, unchanged=253, early_stops=8/8
26 - INFO - chord#: 115 In build_straw_man_chord_sa. tolerance = 1, sa_iterations = 1000, initial_temperature = 3.0, cooling_rate = 0.999
26 - INFO - chord#: 110 done. best_score=7.0, changed=506, unchanged=309, early_stops=8/8
26 - INFO - chord#: 112 In build_straw_man_chord_sa. tolerance = 1, sa_iterations = 1000, initial_temperature = 3.0, cooling_rate = 0.999
26 - INFO - chord#: 115 done. best_score=27.0, changed=532, unchanged=342, early_stops=8/8
26 - INFO - chord#: 116 In build_straw_man_chord_sa. tolerance = 1, sa_iterations = 1000, initial_temperature = 3.0, cooling_rate = 0.999
26 - INFO - chord#: 104 done. best_score=142.0, changed=612, unchanged=348, early_stops=8/8
26 - INFO - chord#: 106 In build_straw_man_chord_sa. tolerance = 1, sa_iterations = 1000, initial_temperature = 3.0, cooling_rate = 0.999
26 - INFO - chord#: 115 done. best_score=27.0, changed=531, unchanged=383, early_stops=8/8
26 - INFO - chord#: 116 In build_straw_man_chord_sa. tolerance = 1, sa_iterations = 1000, initial_temperature = 3.0, cooling_rate = 0.999
26 - INFO - chord#: 120 done. best_score=27.0, changed=527, unchanged=369, early_stops=8/8
26 - INFO - chord#: 124 In build_straw_man_chord_sa. tolerance = 1, sa_iterations = 1000, initial_temperature = 3.0, cooling_rate = 0.999
26 - INFO - chord#: 104 done. best_score=140.0, changed=613, unchanged=405, early_stops=8/8
26 - INFO - chord#: 106 In build_straw_man_chord_sa. tolerance = 1, sa_iterations = 1000, initial_temperature = 3.0, cooling_rate = 0.999
26 - INFO - chord#: 128 done. best_score=27.0, changed=526, unchanged=332, early_stops=8/8
26 - INFO - chord#: 130 In build_straw_man_chord_sa. tolerance = 1, sa_iterations = 1000, initial_temperature = 3.0, cooling_rate = 0.999
26 - INFO - chord#: 128 done. best_score=27.0, changed=518, unchanged=369, early_stops=8/8
26 - INFO - chord#: 130 In build_straw_man_chord_sa. tolerance = 1, sa_iterations = 1000, initial_temperature = 3.0, cooling_rate = 0.999
26 - INFO - chord#: 112 done. best_score=124.0, changed=615, unchanged=261, early_stops=8/8
26 - INFO - chord#: 114 In build_straw_man_chord_sa. tolerance = 1, sa_iterations = 1000, initial_temperature = 3.0, cooling_rate = 0.999
26 - INFO - chord#: 104 done. best_score=145.0, changed=616, unchanged=249, early_stops=8/8
26 - INFO - chord#: 106 In build_straw_man_chord_sa. tolerance = 1, sa_iterations = 1000, initial_temperature = 3.0, cooling_rate = 0.999
26 - INFO - chord#: 130 done. best_score=9.0, changed=489, unchanged=371, early_stops=8/8
26 - INFO - chord#: 132 In build_straw_man_chord_sa. tolerance = 1, sa_iterations = 1000, initial_temperature = 3.0, cooling_rate = 0.999
26 - INFO - chord#: 115 done. best_score=59.0, changed=549, unchanged=417, early_stops=8/8
26 - INFO - chord#: 116 In build_straw_man_chord_sa. tolerance = 1, sa_iterations = 1000, initial_temperature = 3.0, cooling_rate = 0.999
26 - INFO - chord#: 130 done. best_score=9.0, changed=490, unchanged=335, early_stops=8/8
26 - INFO - chord#: 132 In build_straw_man_chord_sa. tolerance = 1, sa_iterations = 1000, initial_temperature = 3.0, cooling_rate = 0.999
26 - INFO - chord#: 124 done. best_score=27.0, changed=531, unchanged=412, early_stops=8/8
26 - INFO - chord#: 128 In build_straw_man_chord_sa. tolerance = 1, sa_iterations = 1000, initial_temperature = 3.0, cooling_rate = 0.999
26 - INFO - chord#: 116 done. best_score=27.0, changed=522, unchanged=455, early_stops=8/8
26 - INFO - chord#: 118 In build_straw_man_chord_sa. tolerance = 1, sa_iterations = 1000, initial_temperature = 3.0, cooling_rate = 0.999
26 - INFO - chord#: 112 done. best_score=120.0, changed=609, unchanged=279, early_stops=8/8
26 - INFO - chord#: 114 In build_straw_man_chord_sa. tolerance = 1, sa_iterations = 1000, initial_temperature = 3.0, cooling_rate = 0.999
26 - INFO - chord#: 106 done. best_score=27.0, changed=516, unchanged=347, early_stops=8/8
26 - INFO - chord#: 108 In build_straw_man_chord_sa. tolerance = 1, sa_iterations = 1000, initial_temperature = 3.0, cooling_rate = 0.999
26 - INFO - chord#: 116 done. best_score=27.0, changed=524, unchanged=462, early_stops=8/8
26 - INFO - chord#: 118 In build_straw_man_chord_sa. tolerance = 1, sa_iterations = 1000, initial_temperature = 3.0, cooling_rate = 0.999
26 - INFO - chord#: 118 done. best_score=7.0, changed=512, unchanged=305, early_stops=8/8
26 - INFO - chord#: 120 In build_straw_man_chord_sa. tolerance = 1, sa_iterations = 1000, initial_temperature = 3.0, cooling_rate = 0.999
26 - INFO - chord#: 106 done. best_score=27.0, changed=521, unchanged=307, early_stops=8/8
26 - INFO - chord#: 108 In build_straw_man_chord_sa. tolerance = 1, sa_iterations = 1000, initial_temperature = 3.0, cooling_rate = 0.999
26 - INFO - chord#: 132 done. best_score=27.0, changed=521, unchanged=375, early_stops=8/8
26 - INFO - chord#: 134 In build_straw_man_chord_sa. tolerance = 1, sa_iterations = 1000, initial_temperature = 3.0, cooling_rate = 0.999
26 - INFO - chord#: 118 done. best_score=7.0, changed=507, unchanged=301, early_stops=8/8
26 - INFO - chord#: 120 In build_straw_man_chord_sa. tolerance = 1, sa_iterations = 1000, initial_temperature = 3.0, cooling_rate = 0.999
26 - INFO - chord#: 116 done. best_score=27.0, changed=519, unchanged=532, early_stops=8/8
26 - INFO - chord#: 118 In build_straw_man_chord_sa. tolerance = 1, sa_iterations = 1000, initial_temperature = 3.0, cooling_rate = 0.999
26 - INFO - chord#: 132 done. best_score=27.0, changed=520, unchanged=377, early_stops=8/8
26 - INFO - chord#: 134 In build_straw_man_chord_sa. tolerance = 1, sa_iterations = 1000, initial_temperature = 3.0, cooling_rate = 0.999
26 - INFO - chord#: 128 done. best_score=27.0, changed=520, unchanged=382, early_stops=8/8
26 - INFO - chord#: 130 In build_straw_man_chord_sa. tolerance = 1, sa_iterations = 1000, initial_temperature = 3.0, cooling_rate = 0.999
26 - INFO - chord#: 106 done. best_score=27.0, changed=526, unchanged=487, early_stops=8/8
26 - INFO - chord#: 108 In build_straw_man_chord_sa. tolerance = 1, sa_iterations = 1000, initial_temperature = 3.0, cooling_rate = 0.999
26 - INFO - chord#: 118 done. best_score=7.0, changed=501, unchanged=315, early_stops=8/8
26 - INFO - chord#: 120 In build_straw_man_chord_sa. tolerance = 1, sa_iterations = 1000, initial_temperature = 3.0, cooling_rate = 0.999
26 - INFO - chord#: 130 done. best_score=9.0, changed=482, unchanged=366, early_stops=8/8
26 - INFO - chord#: 132 In build_straw_man_chord_sa. tolerance = 1, sa_iterations = 1000, initial_temperature = 3.0, cooling_rate = 0.999
26 - INFO - chord#: 114 done. best_score=112.0, changed=614, unchanged=232, early_stops=8/8
26 - INFO - chord#: 115 In build_straw_man_chord_sa. tolerance = 1, sa_iterations = 1000, initial_temperature = 3.0, cooling_rate = 0.999
26 - INFO - chord#: 120 done. best_score=27.0, changed=517, unchanged=402, early_stops=8/8
26 - INFO - chord#: 124 In build_straw_man_chord_sa. tolerance = 1, sa_iterations = 1000, initial_temperature = 3.0, cooling_rate = 0.999
26 - INFO - chord#: 108 done. best_score=27.0, changed=514, unchanged=405, early_stops=8/8
26 - INFO - chord#: 110 In build_straw_man_chord_sa. tolerance = 1, sa_iterations = 1000, initial_temperature = 3.0, cooling_rate = 0.999
26 - INFO - chord#: 108 done. best_score=27.0, changed=518, unchanged=495, early_stops=8/8
26 - INFO - chord#: 110 In build_straw_man_chord_sa. tolerance = 1, sa_iterations = 1000, initial_temperature = 3.0, cooling_rate = 0.999
26 - INFO - chord#: 110 done. best_score=7.0, changed=507, unchanged=312, early_stops=8/8
26 - INFO - chord#: 112 In build_straw_man_chord_sa. tolerance = 1, sa_iterations = 1000, initial_temperature = 3.0, cooling_rate = 0.999
26 - INFO - chord#: 120 done. best_score=27.0, changed=523, unchanged=415, early_stops=8/8
26 - INFO - chord#: 124 In build_straw_man_chord_sa. tolerance = 1, sa_iterations = 1000, initial_temperature = 3.0, cooling_rate = 0.999
26 - INFO - chord#: 114 done. best_score=64.0, changed=612, unchanged=218, early_stops=8/8
26 - INFO - chord#: 115 In build_straw_man_chord_sa. tolerance = 1, sa_iterations = 1000, initial_temperature = 3.0, cooling_rate = 0.999
26 - INFO - chord#: 120 done. best_score=27.0, changed=524, unchanged=365, early_stops=8/8
26 - INFO - chord#: 124 In build_straw_man_chord_sa. tolerance = 1, sa_iterations = 1000, initial_temperature = 3.0, cooling_rate = 0.999
26 - INFO - chord#: 115 done. best_score=59.0, changed=535, unchanged=318, early_stops=8/8
26 - INFO - chord#: 116 In build_straw_man_chord_sa. tolerance = 1, sa_iterations = 1000, initial_temperature = 3.0, cooling_rate = 0.999
26 - INFO - chord#: 110 done. best_score=7.0, changed=498, unchanged=320, early_stops=8/8
26 - INFO - chord#: 112 done. best_score=120.0, changed=614, unchanged=345, early_stops=8/8
26 - INFO - chord#: 114 In build_straw_man_chord_sa. tolerance = 1, sa_iterations = 1000, initial_temperature = 3.0, cooling_rate = 0.999
26 - INFO - chord#: 112 In build_straw_man_chord_sa. tolerance = 1, sa_iterations = 1000, initial_temperature = 3.0, cooling_rate = 0.999
26 - INFO - chord#: 108 done. best_score=27.0, changed=517, unchanged=327, early_stops=8/8
26 - INFO - chord#: 110 In build_straw_man_chord_sa. tolerance = 1, sa_iterations = 1000, initial_temperature = 3.0, cooling_rate = 0.999
26 - INFO - chord#: 132 done. best_score=27.0, changed=515, unchanged=436, early_stops=8/8
26 - INFO - chord#: 134 In build_straw_man_chord_sa. tolerance = 1, sa_iterations = 1000, initial_temperature = 3.0, cooling_rate = 0.999
26 - INFO - chord#: 124 done. best_score=27.0, changed=529, unchanged=380, early_stops=8/8
26 - INFO - chord#: 128 In build_straw_man_chord_sa. tolerance = 1, sa_iterations = 1000, initial_temperature = 3.0, cooling_rate = 0.999
26 - INFO - chord#: 110 done. best_score=7.0, changed=489, unchanged=327, early_stops=8/8
26 - INFO - chord#: 112 In build_straw_man_chord_sa. tolerance = 1, sa_iterations = 1000, initial_temperature = 3.0, cooling_rate = 0.999
26 - INFO - chord#: 115 done. best_score=27.0, changed=528, unchanged=339, early_stops=8/8
26 - INFO - chord#: 116 In build_straw_man_chord_sa. tolerance = 1, sa_iterations = 1000, initial_temperature = 3.0, cooling_rate = 0.999
26 - INFO - chord#: 124 done. best_score=27.0, changed=531, unchanged=380, early_stops=8/8
26 - INFO - chord#: 128 In build_straw_man_chord_sa. tolerance = 1, sa_iterations = 1000, initial_temperature = 3.0, cooling_rate = 0.999
26 - INFO - chord#: 124 done. best_score=27.0, changed=531, unchanged=325, early_stops=8/8
26 - INFO - chord#: 128 In build_straw_man_chord_sa. tolerance = 1, sa_iterations = 1000, initial_temperature = 3.0, cooling_rate = 0.999
26 - INFO - chord#: 134 done. best_score=74.0, changed=610, unchanged=327, early_stops=8/8
26 - INFO - chord#: 136 In build_straw_man_chord_sa. tolerance = 1, sa_iterations = 1000, initial_temperature = 3.0, cooling_rate = 0.999
26 - INFO - chord#: 116 done. best_score=27.0, changed=512, unchanged=409, early_stops=8/8
26 - INFO - chord#: 118 In build_straw_man_chord_sa. tolerance = 1, sa_iterations = 1000, initial_temperature = 3.0, cooling_rate = 0.999
26 - INFO - chord#: 128 done. best_score=27.0, changed=529, unchanged=340, early_stops=8/8
26 - INFO - chord#: 130 In build_straw_man_chord_sa. tolerance = 1, sa_iterations = 1000, initial_temperature = 3.0, cooling_rate = 0.999
26 - INFO - chord#: 118 done. best_score=7.0, changed=512, unchanged=299, early_stops=8/8
26 - INFO - chord#: 120 In build_straw_man_chord_sa. tolerance = 1, sa_iterations = 1000, initial_temperature = 3.0, cooling_rate = 0.999
26 - INFO - chord#: 130 done. best_score=9.0, changed=477, unchanged=361, early_stops=8/8
26 - INFO - chord#: 132 In build_straw_man_chord_sa. tolerance = 1, sa_iterations = 1000, initial_temperature = 3.0, cooling_rate = 0.999
26 - INFO - chord#: 116 done. best_score=27.0, changed=520, unchanged=374, early_stops=8/8
26 - INFO - chord#: 118 In build_straw_man_chord_sa. tolerance = 1, sa_iterations = 1000, initial_temperature = 3.0, cooling_rate = 0.999
26 - INFO - chord#: 128 done. best_score=27.0, changed=519, unchanged=346, early_stops=8/8
26 - INFO - chord#: 130 In build_straw_man_chord_sa. tolerance = 1, sa_iterations = 1000, initial_temperature = 3.0, cooling_rate = 0.999
26 - INFO - chord#: 134 done. best_score=144.0, changed=617, unchanged=300, early_stops=8/8
26 - INFO - chord#: 136 In build_straw_man_chord_sa. tolerance = 1, sa_iterations = 1000, initial_temperature = 3.0, cooling_rate = 0.999
26 - INFO - chord#: 118 done. best_score=7.0, changed=506, unchanged=306, early_stops=8/8
26 - INFO - chord#: 120 In build_straw_man_chord_sa. tolerance = 1, sa_iterations = 1000, initial_temperature = 3.0, cooling_rate = 0.999
26 - INFO - chord#: 130 done. best_score=9.0, changed=482, unchanged=335, early_stops=8/8
26 - INFO - chord#: 132 In build_straw_man_chord_sa. tolerance = 1, sa_iterations = 1000, initial_temperature = 3.0, cooling_rate = 0.999
26 - INFO - chord#: 128 done. best_score=27.0, changed=521, unchanged=382, early_stops=8/8
26 - INFO - chord#: 130 In build_straw_man_chord_sa. tolerance = 1, sa_iterations = 1000, initial_temperature = 3.0, cooling_rate = 0.999
26 - INFO - chord#: 120 done. best_score=27.0, changed=520, unchanged=374, early_stops=8/8
26 - INFO - chord#: 124 In build_straw_man_chord_sa. tolerance = 1, sa_iterations = 1000, initial_temperature = 3.0, cooling_rate = 0.999
26 - INFO - chord#: 132 done. best_score=27.0, changed=508, unchanged=364, early_stops=8/8
26 - INFO - chord#: 134 In build_straw_man_chord_sa. tolerance = 1, sa_iterations = 1000, initial_temperature = 3.0, cooling_rate = 0.999
26 - INFO - chord#: 112 done. best_score=162.0, changed=607, unchanged=243, early_stops=8/8
26 - INFO - chord#: 114 In build_straw_man_chord_sa. tolerance = 1, sa_iterations = 1000, initial_temperature = 3.0, cooling_rate = 0.999
26 - INFO - chord#: 130 done. best_score=9.0, changed=472, unchanged=346, early_stops=8/8
26 - INFO - chord#: 132 In build_straw_man_chord_sa. tolerance = 1, sa_iterations = 1000, initial_temperature = 3.0, cooling_rate = 0.999
26 - INFO - chord#: 114 done. best_score=157.0, changed=613, unchanged=278, early_stops=8/8
26 - INFO - chord#: 115 In build_straw_man_chord_sa. tolerance = 1, sa_iterations = 1000, initial_temperature = 3.0, cooling_rate = 0.999
26 - INFO - chord#: 112 done. best_score=120.0, changed=614, unchanged=278, early_stops=8/8
26 - INFO - chord#: 114 In build_straw_man_chord_sa. tolerance = 1, sa_iterations = 1000, initial_temperature = 3.0, cooling_rate = 0.999
26 - INFO - chord#: 120 done. best_score=27.0, changed=515, unchanged=377, early_stops=8/8
26 - INFO - chord#: 124 In build_straw_man_chord_sa. tolerance = 1, sa_iterations = 1000, initial_temperature = 3.0, cooling_rate = 0.999
26 - INFO - chord#: 132 done. best_score=27.0, changed=517, unchanged=505, early_stops=8/8
26 - INFO - chord#: 134 In build_straw_man_chord_sa. tolerance = 1, sa_iterations = 1000, initial_temperature = 3.0, cooling_rate = 0.999
26 - INFO - chord#: 112 done. best_score=82.0, changed=609, unchanged=264, early_stops=8/8
26 - INFO - chord#: 114 In build_straw_man_chord_sa. tolerance = 1, sa_iterations = 1000, initial_temperature = 3.0, cooling_rate = 0.999
26 - INFO - chord#: 124 done. best_score=27.0, changed=530, unchanged=401, early_stops=8/8
26 - INFO - chord#: 128 In build_straw_man_chord_sa. tolerance = 1, sa_iterations = 1000, initial_temperature = 3.0, cooling_rate = 0.999
26 - INFO - chord#: 136 done. best_score=78.0, changed=612, unchanged=316, early_stops=8/8
26 - INFO - chord#: 138 In build_straw_man_chord_sa. tolerance = 1, sa_iterations = 1000, initial_temperature = 3.0, cooling_rate = 0.999
26 - INFO - chord#: 134 done. best_score=74.0, changed=620, unchanged=605, early_stops=8/8
26 - INFO - chord#: 136 In build_straw_man_chord_sa. tolerance = 1, sa_iterations = 1000, initial_temperature = 3.0, cooling_rate = 0.999
26 - INFO - chord#: 132 done. best_score=27.0, changed=523, unchanged=416, early_stops=8/8
26 - INFO - chord#: 134 In build_straw_man_chord_sa. tolerance = 1, sa_iterations = 1000, initial_temperature = 3.0, cooling_rate = 0.999
26 - INFO - chord#: 115 done. best_score=27.0, changed=532, unchanged=318, early_stops=8/8
26 - INFO - chord#: 116 In build_straw_man_chord_sa. tolerance = 1, sa_iterations = 1000, initial_temperature = 3.0, cooling_rate = 0.999
26 - INFO - chord#: 124 done. best_score=27.0, changed=520, unchanged=375, early_stops=8/8
26 - INFO - chord#: 128 In build_straw_man_chord_sa. tolerance = 1, sa_iterations = 1000, initial_temperature = 3.0, cooling_rate = 0.999
26 - INFO - chord#: 128 done. best_score=27.0, changed=527, unchanged=374, early_stops=8/8
26 - INFO - chord#: 130 In build_straw_man_chord_sa. tolerance = 1, sa_iterations = 1000, initial_temperature = 3.0, cooling_rate = 0.999
26 - INFO - chord#: 138 done. best_score=47.0, changed=519, unchanged=314, early_stops=8/8
26 - INFO - chord#: 140 In build_straw_man_chord_sa. tolerance = 1, sa_iterations = 1000, initial_temperature = 3.0, cooling_rate = 0.999
26 - INFO - chord#: 130 done. best_score=9.0, changed=483, unchanged=340, early_stops=8/8
26 - INFO - chord#: 132 In build_straw_man_chord_sa. tolerance = 1, sa_iterations = 1000, initial_temperature = 3.0, cooling_rate = 0.999
26 - INFO - chord#: 134 done. best_score=149.0, changed=610, unchanged=213, early_stops=8/8
26 - INFO - chord#: 136 In build_straw_man_chord_sa. tolerance = 1, sa_iterations = 1000, initial_temperature = 3.0, cooling_rate = 0.999
26 - INFO - chord#: 136 done. best_score=101.0, changed=615, unchanged=278, early_stops=8/8
26 - INFO - chord#: 138 In build_straw_man_chord_sa. tolerance = 1, sa_iterations = 1000, initial_temperature = 3.0, cooling_rate = 0.999
26 - INFO - chord#: 128 done. best_score=27.0, changed=525, unchanged=346, early_stops=8/8
26 - INFO - chord#: 130 In build_straw_man_chord_sa. tolerance = 1, sa_iterations = 1000, initial_temperature = 3.0, cooling_rate = 0.999
26 - INFO - chord#: 130 done. best_score=9.0, changed=493, unchanged=322, early_stops=8/8
26 - INFO - chord#: 132 In build_straw_man_chord_sa. tolerance = 1, sa_iterations = 1000, initial_temperature = 3.0, cooling_rate = 0.999
26 - INFO - chord#: 116 done. best_score=27.0, changed=522, unchanged=316, early_stops=8/8
26 - INFO - chord#: 118 In build_straw_man_chord_sa. tolerance = 1, sa_iterations = 1000, initial_temperature = 3.0, cooling_rate = 0.999
26 - INFO - chord#: 114 done. best_score=64.0, changed=617, unchanged=312, early_stops=8/8
26 - INFO - chord#: 115 In build_straw_man_chord_sa. tolerance = 1, sa_iterations = 1000, initial_temperature = 3.0, cooling_rate = 0.999
26 - INFO - chord#: 118 done. best_score=7.0, changed=508, unchanged=308, early_stops=8/8
26 - INFO - chord#: 120 In build_straw_man_chord_sa. tolerance = 1, sa_iterations = 1000, initial_temperature = 3.0, cooling_rate = 0.999
26 - INFO - chord#: 132 done. best_score=27.0, changed=517, unchanged=395, early_stops=8/8
26 - INFO - chord#: 134 In build_straw_man_chord_sa. tolerance = 1, sa_iterations = 1000, initial_temperature = 3.0, cooling_rate = 0.999
26 - INFO - chord#: 140 done. best_score=27.0, changed=525, unchanged=389, early_stops=8/8
26 - INFO - chord#: 142 In build_straw_man_chord_sa. tolerance = 1, sa_iterations = 1000, initial_temperature = 3.0, cooling_rate = 0.999
26 - INFO - chord#: 134 done. best_score=74.0, changed=616, unchanged=364, early_stops=8/8
26 - INFO - chord#: 136 In build_straw_man_chord_sa. tolerance = 1, sa_iterations = 1000, initial_temperature = 3.0, cooling_rate = 0.999
26 - INFO - chord#: 114 done. best_score=64.0, changed=613, unchanged=291, early_stops=8/8
26 - INFO - chord#: 115 In build_straw_man_chord_sa. tolerance = 1, sa_iterations = 1000, initial_temperature = 3.0, cooling_rate = 0.999
26 - INFO - chord#: 114 done. best_score=64.0, changed=609, unchanged=284, early_stops=8/8
26 - INFO - chord#: 115 In build_straw_man_chord_sa. tolerance = 1, sa_iterations = 1000, initial_temperature = 3.0, cooling_rate = 0.999
26 - INFO - chord#: 138 done. best_score=47.0, changed=529, unchanged=308, early_stops=8/8
26 - INFO - chord#: 140 In build_straw_man_chord_sa. tolerance = 1, sa_iterations = 1000, initial_temperature = 3.0, cooling_rate = 0.999
26 - INFO - chord#: 132 done. best_score=27.0, changed=515, unchanged=374, early_stops=8/8
26 - INFO - chord#: 134 In build_straw_man_chord_sa. tolerance = 1, sa_iterations = 1000, initial_temperature = 3.0, cooling_rate = 0.999
26 - INFO - chord#: 136 done. best_score=140.0, changed=613, unchanged=340, early_stops=8/8
26 - INFO - chord#: 138 In build_straw_man_chord_sa. tolerance = 1, sa_iterations = 1000, initial_temperature = 3.0, cooling_rate = 0.999
26 - INFO - chord#: 115 done. best_score=27.0, changed=531, unchanged=406, early_stops=8/8
26 - INFO - chord#: 116 In build_straw_man_chord_sa. tolerance = 1, sa_iterations = 1000, initial_temperature = 3.0, cooling_rate = 0.999
26 - INFO - chord#: 134 done. best_score=74.0, changed=609, unchanged=231, early_stops=8/8
26 - INFO - chord#: 136 In build_straw_man_chord_sa. tolerance = 1, sa_iterations = 1000, initial_temperature = 3.0, cooling_rate = 0.999
26 - INFO - chord#: 142 done. best_score=27.0, changed=524, unchanged=390, early_stops=8/8
26 - INFO - chord#: 144 In build_straw_man_chord_sa. tolerance = 1, sa_iterations = 1000, initial_temperature = 3.0, cooling_rate = 0.999
26 - INFO - chord#: 120 done. best_score=27.0, changed=515, unchanged=366, early_stops=8/8
26 - INFO - chord#: 124 In build_straw_man_chord_sa. tolerance = 1, sa_iterations = 1000, initial_temperature = 3.0, cooling_rate = 0.999
26 - INFO - chord#: 115 done. best_score=27.0, changed=531, unchanged=334, early_stops=8/8
26 - INFO - chord#: 116 In build_straw_man_chord_sa. tolerance = 1, sa_iterations = 1000, initial_temperature = 3.0, cooling_rate = 0.999
26 - INFO - chord#: 115 done. best_score=27.0, changed=523, unchanged=323, early_stops=8/8
26 - INFO - chord#: 116 In build_straw_man_chord_sa. tolerance = 1, sa_iterations = 1000, initial_temperature = 3.0, cooling_rate = 0.999
26 - INFO - chord#: 138 done. best_score=36.0, changed=526, unchanged=293, early_stops=8/8
26 - INFO - chord#: 140 In build_straw_man_chord_sa. tolerance = 1, sa_iterations = 1000, initial_temperature = 3.0, cooling_rate = 0.999
26 - INFO - chord#: 140 done. best_score=27.0, changed=517, unchanged=321, early_stops=8/8
26 - INFO - chord#: 142 In build_straw_man_chord_sa. tolerance = 1, sa_iterations = 1000, initial_temperature = 3.0, cooling_rate = 0.999
26 - INFO - chord#: 136 done. best_score=67.0, changed=613, unchanged=380, early_stops=8/8
26 - INFO - chord#: 138 In build_straw_man_chord_sa. tolerance = 1, sa_iterations = 1000, initial_temperature = 3.0, cooling_rate = 0.999
26 - INFO - chord#: 124 done. best_score=27.0, changed=526, unchanged=388, early_stops=8/8
26 - INFO - chord#: 128 In build_straw_man_chord_sa. tolerance = 1, sa_iterations = 1000, initial_temperature = 3.0, cooling_rate = 0.999
26 - INFO - chord#: 134 done. best_score=121.0, changed=609, unchanged=237, early_stops=8/8
26 - INFO - chord#: 136 In build_straw_man_chord_sa. tolerance = 1, sa_iterations = 1000, initial_temperature = 3.0, cooling_rate = 0.999
26 - INFO - chord#: 116 done. best_score=27.0, changed=518, unchanged=419, early_stops=8/8
26 - INFO - chord#: 118 In build_straw_man_chord_sa. tolerance = 1, sa_iterations = 1000, initial_temperature = 3.0, cooling_rate = 0.999
26 - INFO - chord#: 118 done. best_score=7.0, changed=477, unchanged=337, early_stops=8/8
26 - INFO - chord#: 120 In build_straw_man_chord_sa. tolerance = 1, sa_iterations = 1000, initial_temperature = 3.0, cooling_rate = 0.999
26 - INFO - chord#: 116 done. best_score=27.0, changed=522, unchanged=498, early_stops=8/8
26 - INFO - chord#: 118 In build_straw_man_chord_sa. tolerance = 1, sa_iterations = 1000, initial_temperature = 3.0, cooling_rate = 0.999
26 - INFO - chord#: 140 done. best_score=27.0, changed=520, unchanged=415, early_stops=8/8
26 - INFO - chord#: 142 In build_straw_man_chord_sa. tolerance = 1, sa_iterations = 1000, initial_temperature = 3.0, cooling_rate = 0.999
26 - INFO - chord#: 136 done. best_score=78.0, changed=611, unchanged=335, early_stops=8/8
26 - INFO - chord#: 138 In build_straw_man_chord_sa. tolerance = 1, sa_iterations = 1000, initial_temperature = 3.0, cooling_rate = 0.999
26 - INFO - chord#: 116 done. best_score=27.0, changed=522, unchanged=430, early_stops=8/8
26 - INFO - chord#: 118 In build_straw_man_chord_sa. tolerance = 1, sa_iterations = 1000, initial_temperature = 3.0, cooling_rate = 0.999
26 - INFO - chord#: 138 done. best_score=36.0, changed=521, unchanged=394, early_stops=8/8
26 - INFO - chord#: 140 In build_straw_man_chord_sa. tolerance = 1, sa_iterations = 1000, initial_temperature = 3.0, cooling_rate = 0.999
26 - INFO - chord#: 142 done. best_score=27.0, changed=520, unchanged=357, early_stops=8/8
26 - INFO - chord#: 144 In build_straw_man_chord_sa. tolerance = 1, sa_iterations = 1000, initial_temperature = 3.0, cooling_rate = 0.999
26 - INFO - chord#: 118 done. best_score=7.0, changed=502, unchanged=308, early_stops=8/8
26 - INFO - chord#: 120 In build_straw_man_chord_sa. tolerance = 1, sa_iterations = 1000, initial_temperature = 3.0, cooling_rate = 0.999
26 - INFO - chord#: 118 done. best_score=7.0, changed=517, unchanged=297, early_stops=8/8
26 - INFO - chord#: 120 In build_straw_man_chord_sa. tolerance = 1, sa_iterations = 1000, initial_temperature = 3.0, cooling_rate = 0.999
26 - INFO - chord#: 128 done. best_score=27.0, changed=533, unchanged=387, early_stops=8/8
26 - INFO - chord#: 130 In build_straw_man_chord_sa. tolerance = 1, sa_iterations = 1000, initial_temperature = 3.0, cooling_rate = 0.999
26 - INFO - chord#: 144 done. best_score=74.0, changed=614, unchanged=358, early_stops=8/8
26 - INFO - chord#: 146 In build_straw_man_chord_sa. tolerance = 1, sa_iterations = 1000, initial_temperature = 3.0, cooling_rate = 0.999
26 - INFO - chord#: 134 done. best_score=74.0, changed=619, unchanged=428, early_stops=8/8
26 - INFO - chord#: 136 In build_straw_man_chord_sa. tolerance = 1, sa_iterations = 1000, initial_temperature = 3.0, cooling_rate = 0.999
26 - INFO - chord#: 138 done. best_score=47.0, changed=535, unchanged=322, early_stops=8/8
26 - INFO - chord#: 140 In build_straw_man_chord_sa. tolerance = 1, sa_iterations = 1000, initial_temperature = 3.0, cooling_rate = 0.999
26 - INFO - chord#: 142 done. best_score=27.0, changed=527, unchanged=321, early_stops=8/8
26 - INFO - chord#: 144 In build_straw_man_chord_sa. tolerance = 1, sa_iterations = 1000, initial_temperature = 3.0, cooling_rate = 0.999
26 - INFO - chord#: 130 done. best_score=9.0, changed=462, unchanged=350, early_stops=8/8
26 - INFO - chord#: 132 In build_straw_man_chord_sa. tolerance = 1, sa_iterations = 1000, initial_temperature = 3.0, cooling_rate = 0.999
26 - INFO - chord#: 140 done. best_score=27.0, changed=524, unchanged=520, early_stops=8/8
26 - INFO - chord#: 142 In build_straw_man_chord_sa. tolerance = 1, sa_iterations = 1000, initial_temperature = 3.0, cooling_rate = 0.999
26 - INFO - chord#: 120 done. best_score=27.0, changed=535, unchanged=484, early_stops=8/8
26 - INFO - chord#: 124 In build_straw_man_chord_sa. tolerance = 1, sa_iterations = 1000, initial_temperature = 3.0, cooling_rate = 0.999
26 - INFO - chord#: 120 done. best_score=27.0, changed=522, unchanged=435, early_stops=8/8
26 - INFO - chord#: 124 In build_straw_man_chord_sa. tolerance = 1, sa_iterations = 1000, initial_temperature = 3.0, cooling_rate = 0.999
26 - INFO - chord#: 136 done. best_score=78.0, changed=611, unchanged=346, early_stops=8/8
26 - INFO - chord#: 138 In build_straw_man_chord_sa. tolerance = 1, sa_iterations = 1000, initial_temperature = 3.0, cooling_rate = 0.999
26 - INFO - chord#: 120 done. best_score=27.0, changed=509, unchanged=332, early_stops=8/8
26 - INFO - chord#: 124 In build_straw_man_chord_sa. tolerance = 1, sa_iterations = 1000, initial_temperature = 3.0, cooling_rate = 0.999
26 - INFO - chord#: 146 done. best_score=27.0, changed=521, unchanged=365, early_stops=8/8
26 - INFO - chord#: 147 In build_straw_man_chord_sa. tolerance = 1, sa_iterations = 1000, initial_temperature = 3.0, cooling_rate = 0.999
26 - INFO - chord#: 136 done. best_score=78.0, changed=615, unchanged=328, early_stops=8/8
26 - INFO - chord#: 138 In build_straw_man_chord_sa. tolerance = 1, sa_iterations = 1000, initial_temperature = 3.0, cooling_rate = 0.999
26 - INFO - chord#: 140 done. best_score=27.0, changed=525, unchanged=553, early_stops=8/8
26 - INFO - chord#: 142 In build_straw_man_chord_sa. tolerance = 1, sa_iterations = 1000, initial_temperature = 3.0, cooling_rate = 0.999
26 - INFO - chord#: 132 done. best_score=27.0, changed=522, unchanged=362, early_stops=8/8
26 - INFO - chord#: 134 In build_straw_man_chord_sa. tolerance = 1, sa_iterations = 1000, initial_temperature = 3.0, cooling_rate = 0.999
26 - INFO - chord#: 142 done. best_score=27.0, changed=527, unchanged=376, early_stops=8/8
26 - INFO - chord#: 144 In build_straw_man_chord_sa. tolerance = 1, sa_iterations = 1000, initial_temperature = 3.0, cooling_rate = 0.999
26 - INFO - chord#: 124 done. best_score=27.0, changed=527, unchanged=286, early_stops=8/8
26 - INFO - chord#: 128 In build_straw_man_chord_sa. tolerance = 1, sa_iterations = 1000, initial_temperature = 3.0, cooling_rate = 0.999
26 - INFO - chord#: 124 done. best_score=27.0, changed=533, unchanged=337, early_stops=8/8
26 - INFO - chord#: 128 In build_straw_man_chord_sa. tolerance = 1, sa_iterations = 1000, initial_temperature = 3.0, cooling_rate = 0.999
26 - INFO - chord#: 124 done. best_score=27.0, changed=534, unchanged=365, early_stops=8/8
26 - INFO - chord#: 128 In build_straw_man_chord_sa. tolerance = 1, sa_iterations = 1000, initial_temperature = 3.0, cooling_rate = 0.999
26 - INFO - chord#: 138 done. best_score=47.0, changed=519, unchanged=326, early_stops=8/8
26 - INFO - chord#: 140 In build_straw_man_chord_sa. tolerance = 1, sa_iterations = 1000, initial_temperature = 3.0, cooling_rate = 0.999
26 - INFO - chord#: 138 done. best_score=47.0, changed=527, unchanged=308, early_stops=8/8
26 - INFO - chord#: 140 In build_straw_man_chord_sa. tolerance = 1, sa_iterations = 1000, initial_temperature = 3.0, cooling_rate = 0.999
26 - INFO - chord#: 142 done. best_score=27.0, changed=523, unchanged=462, early_stops=8/8
26 - INFO - chord#: 144 In build_straw_man_chord_sa. tolerance = 1, sa_iterations = 1000, initial_temperature = 3.0, cooling_rate = 0.999
26 - INFO - chord#: 144 done. best_score=149.0, changed=608, unchanged=266, early_stops=8/8
26 - INFO - chord#: 146 In build_straw_man_chord_sa. tolerance = 1, sa_iterations = 1000, initial_temperature = 3.0, cooling_rate = 0.999
26 - INFO - chord#: 136 done. best_score=78.0, changed=610, unchanged=292, early_stops=8/8
26 - INFO - chord#: 138 In build_straw_man_chord_sa. tolerance = 1, sa_iterations = 1000, initial_temperature = 3.0, cooling_rate = 0.999
26 - INFO - chord#: 144 done. best_score=74.0, changed=612, unchanged=492, early_stops=8/8
26 - INFO - chord#: 146 In build_straw_man_chord_sa. tolerance = 1, sa_iterations = 1000, initial_temperature = 3.0, cooling_rate = 0.999
26 - INFO - chord#: 128 done. best_score=27.0, changed=524, unchanged=311, early_stops=8/8
26 - INFO - chord#: 130 In build_straw_man_chord_sa. tolerance = 1, sa_iterations = 1000, initial_temperature = 3.0, cooling_rate = 0.999
26 - INFO - chord#: 128 done. best_score=27.0, changed=527, unchanged=294, early_stops=8/8
26 - INFO - chord#: 130 In build_straw_man_chord_sa. tolerance = 1, sa_iterations = 1000, initial_temperature = 3.0, cooling_rate = 0.999
26 - INFO - chord#: 128 done. best_score=27.0, changed=515, unchanged=296, early_stops=8/8
26 - INFO - chord#: 130 In build_straw_man_chord_sa. tolerance = 1, sa_iterations = 1000, initial_temperature = 3.0, cooling_rate = 0.999
26 - INFO - chord#: 130 done. best_score=9.0, changed=487, unchanged=343, early_stops=8/8
26 - INFO - chord#: 132 In build_straw_man_chord_sa. tolerance = 1, sa_iterations = 1000, initial_temperature = 3.0, cooling_rate = 0.999
26 - INFO - chord#: 140 done. best_score=27.0, changed=513, unchanged=356, early_stops=8/8
26 - INFO - chord#: 142 In build_straw_man_chord_sa. tolerance = 1, sa_iterations = 1000, initial_temperature = 3.0, cooling_rate = 0.999
26 - INFO - chord#: 130 done. best_score=9.0, changed=483, unchanged=333, early_stops=8/8
26 - INFO - chord#: 132 In build_straw_man_chord_sa. tolerance = 1, sa_iterations = 1000, initial_temperature = 3.0, cooling_rate = 0.999
26 - INFO - chord#: 140 done. best_score=27.0, changed=516, unchanged=398, early_stops=8/8
26 - INFO - chord#: 142 In build_straw_man_chord_sa. tolerance = 1, sa_iterations = 1000, initial_temperature = 3.0, cooling_rate = 0.999
26 - INFO - chord#: 130 done. best_score=9.0, changed=491, unchanged=339, early_stops=8/8
26 - INFO - chord#: 132 In build_straw_man_chord_sa. tolerance = 1, sa_iterations = 1000, initial_temperature = 3.0, cooling_rate = 0.999
26 - INFO - chord#: 146 done. best_score=36.0, changed=526, unchanged=368, early_stops=8/8
26 - INFO - chord#: 147 In build_straw_man_chord_sa. tolerance = 1, sa_iterations = 1000, initial_temperature = 3.0, cooling_rate = 0.999
26 - INFO - chord#: 138 done. best_score=36.0, changed=515, unchanged=379, early_stops=8/8
26 - INFO - chord#: 140 In build_straw_man_chord_sa. tolerance = 1, sa_iterations = 1000, initial_temperature = 3.0, cooling_rate = 0.999
26 - INFO - chord#: 147 done. best_score=140.0, changed=608, unchanged=381, early_stops=8/8
26 - INFO - chord#: 148 In build_straw_man_chord_sa. tolerance = 1, sa_iterations = 1000, initial_temperature = 3.0, cooling_rate = 0.999
26 - INFO - chord#: 144 done. best_score=74.0, changed=611, unchanged=360, early_stops=8/8
26 - INFO - chord#: 146 In build_straw_man_chord_sa. tolerance = 1, sa_iterations = 1000, initial_temperature = 3.0, cooling_rate = 0.999
26 - INFO - chord#: 146 done. best_score=27.0, changed=515, unchanged=323, early_stops=8/8
26 - INFO - chord#: 147 In build_straw_man_chord_sa. tolerance = 1, sa_iterations = 1000, initial_temperature = 3.0, cooling_rate = 0.999
26 - INFO - chord#: 142 done. best_score=27.0, changed=523, unchanged=454, early_stops=8/8
26 - INFO - chord#: 144 In build_straw_man_chord_sa. tolerance = 1, sa_iterations = 1000, initial_temperature = 3.0, cooling_rate = 0.999
26 - INFO - chord#: 142 done. best_score=27.0, changed=515, unchanged=343, early_stops=8/8
26 - INFO - chord#: 144 In build_straw_man_chord_sa. tolerance = 1, sa_iterations = 1000, initial_temperature = 3.0, cooling_rate = 0.999
26 - INFO - chord#: 132 done. best_score=27.0, changed=518, unchanged=320, early_stops=8/8
26 - INFO - chord#: 134 In build_straw_man_chord_sa. tolerance = 1, sa_iterations = 1000, initial_temperature = 3.0, cooling_rate = 0.999
26 - INFO - chord#: 148 done. best_score=27.0, changed=520, unchanged=360, early_stops=8/8
26 - INFO - chord#: 150 In build_straw_man_chord_sa. tolerance = 1, sa_iterations = 1000, initial_temperature = 3.0, cooling_rate = 0.999
26 - INFO - chord#: 132 done. best_score=27.0, changed=523, unchanged=399, early_stops=8/8
26 - INFO - chord#: 134 In build_straw_man_chord_sa. tolerance = 1, sa_iterations = 1000, initial_temperature = 3.0, cooling_rate = 0.999
26 - INFO - chord#: 140 done. best_score=27.0, changed=519, unchanged=533, early_stops=8/8
26 - INFO - chord#: 142 In build_straw_man_chord_sa. tolerance = 1, sa_iterations = 1000, initial_temperature = 3.0, cooling_rate = 0.999
26 - INFO - chord#: 132 done. best_score=27.0, changed=524, unchanged=342, early_stops=8/8
26 - INFO - chord#: 134 In build_straw_man_chord_sa. tolerance = 1, sa_iterations = 1000, initial_temperature = 3.0, cooling_rate = 0.999
26 - INFO - chord#: 134 done. best_score=141.0, changed=617, unchanged=319, early_stops=8/8
26 - INFO - chord#: 136 In build_straw_man_chord_sa. tolerance = 1, sa_iterations = 1000, initial_temperature = 3.0, cooling_rate = 0.999
26 - INFO - chord#: 150 done. best_score=9.0, changed=456, unchanged=366, early_stops=8/8
26 - INFO - chord#: 152 In build_straw_man_chord_sa. tolerance = 1, sa_iterations = 1000, initial_temperature = 3.0, cooling_rate = 0.999
26 - INFO - chord#: 146 done. best_score=27.0, changed=529, unchanged=318, early_stops=8/8
26 - INFO - chord#: 147 In build_straw_man_chord_sa. tolerance = 1, sa_iterations = 1000, initial_temperature = 3.0, cooling_rate = 0.999
26 - INFO - chord#: 144 done. best_score=96.0, changed=617, unchanged=419, early_stops=8/8
26 - INFO - chord#: 146 In build_straw_man_chord_sa. tolerance = 1, sa_iterations = 1000, initial_temperature = 3.0, cooling_rate = 0.999
26 - INFO - chord#: 147 done. best_score=71.0, changed=619, unchanged=209, early_stops=8/8
26 - INFO - chord#: 148 In build_straw_man_chord_sa. tolerance = 1, sa_iterations = 1000, initial_temperature = 3.0, cooling_rate = 0.999
26 - INFO - chord#: 142 done. best_score=27.0, changed=519, unchanged=343, early_stops=8/8
26 - INFO - chord#: 144 In build_straw_man_chord_sa. tolerance = 1, sa_iterations = 1000, initial_temperature = 3.0, cooling_rate = 0.999
26 - INFO - chord#: 152 done. best_score=27.0, changed=509, unchanged=309, early_stops=8/8
26 - INFO - chord#: 156 In build_straw_man_chord_sa. tolerance = 1, sa_iterations = 1000, initial_temperature = 3.0, cooling_rate = 0.999
26 - INFO - chord#: 146 done. best_score=27.0, changed=540, unchanged=321, early_stops=8/8
26 - INFO - chord#: 147 In build_straw_man_chord_sa. tolerance = 1, sa_iterations = 1000, initial_temperature = 3.0, cooling_rate = 0.999
26 - INFO - chord#: 148 done. best_score=27.0, changed=529, unchanged=453, early_stops=8/8
26 - INFO - chord#: 150 In build_straw_man_chord_sa. tolerance = 1, sa_iterations = 1000, initial_temperature = 3.0, cooling_rate = 0.999
26 - INFO - chord#: 144 done. best_score=150.0, changed=605, unchanged=212, early_stops=8/8
26 - INFO - chord#: 146 In build_straw_man_chord_sa. tolerance = 1, sa_iterations = 1000, initial_temperature = 3.0, cooling_rate = 0.999
26 - INFO - chord#: 150 done. best_score=9.0, changed=462, unchanged=361, early_stops=8/8
26 - INFO - chord#: 152 In build_straw_man_chord_sa. tolerance = 1, sa_iterations = 1000, initial_temperature = 3.0, cooling_rate = 0.999
26 - INFO - chord#: 156 done. best_score=27.0, changed=522, unchanged=330, early_stops=8/8
26 - INFO - chord#: 160 In build_straw_man_chord_sa. tolerance = 1, sa_iterations = 1000, initial_temperature = 3.0, cooling_rate = 0.999
26 - INFO - chord#: 147 done. best_score=64.0, changed=615, unchanged=247, early_stops=8/8
26 - INFO - chord#: 148 In build_straw_man_chord_sa. tolerance = 1, sa_iterations = 1000, initial_temperature = 3.0, cooling_rate = 0.999
26 - INFO - chord#: 146 done. best_score=57.0, changed=531, unchanged=298, early_stops=8/8
26 - INFO - chord#: 147 In build_straw_man_chord_sa. tolerance = 1, sa_iterations = 1000, initial_temperature = 3.0, cooling_rate = 0.999
26 - INFO - chord#: 134 done. best_score=74.0, changed=612, unchanged=231, early_stops=8/8
26 - INFO - chord#: 136 In build_straw_man_chord_sa. tolerance = 1, sa_iterations = 1000, initial_temperature = 3.0, cooling_rate = 0.999
26 - INFO - chord#: 160 done. best_score=27.0, changed=517, unchanged=331, early_stops=8/8
26 - INFO - chord#: 162 In build_straw_man_chord_sa. tolerance = 1, sa_iterations = 1000, initial_temperature = 3.0, cooling_rate = 0.999
26 - INFO - chord#: 134 done. best_score=74.0, changed=616, unchanged=346, early_stops=8/8
26 - INFO - chord#: 136 In build_straw_man_chord_sa. tolerance = 1, sa_iterations = 1000, initial_temperature = 3.0, cooling_rate = 0.999
26 - INFO - chord#: 144 done. best_score=121.0, changed=616, unchanged=438, early_stops=8/8
26 - INFO - chord#: 146 In build_straw_man_chord_sa. tolerance = 1, sa_iterations = 1000, initial_temperature = 3.0, cooling_rate = 0.999
26 - INFO - chord#: 144 done. best_score=148.0, changed=612, unchanged=289, early_stops=8/8
26 - INFO - chord#: 146 In build_straw_man_chord_sa. tolerance = 1, sa_iterations = 1000, initial_temperature = 3.0, cooling_rate = 0.999
26 - INFO - chord#: 152 done. best_score=27.0, changed=529, unchanged=423, early_stops=8/8
26 - INFO - chord#: 156 In build_straw_man_chord_sa. tolerance = 1, sa_iterations = 1000, initial_temperature = 3.0, cooling_rate = 0.999
26 - INFO - chord#: 147 done. best_score=64.0, changed=620, unchanged=349, early_stops=8/8
26 - INFO - chord#: 148 In build_straw_man_chord_sa. tolerance = 1, sa_iterations = 1000, initial_temperature = 3.0, cooling_rate = 0.999
26 - INFO - chord#: 134 done. best_score=121.0, changed=612, unchanged=335, early_stops=8/8
26 - INFO - chord#: 136 In build_straw_man_chord_sa. tolerance = 1, sa_iterations = 1000, initial_temperature = 3.0, cooling_rate = 0.999
26 - INFO - chord#: 136 done. best_score=96.0, changed=621, unchanged=336, early_stops=8/8
26 - INFO - chord#: 138 In build_straw_man_chord_sa. tolerance = 1, sa_iterations = 1000, initial_temperature = 3.0, cooling_rate = 0.999
26 - INFO - chord#: 148 done. best_score=27.0, changed=523, unchanged=425, early_stops=8/8
26 - INFO - chord#: 150 In build_straw_man_chord_sa. tolerance = 1, sa_iterations = 1000, initial_temperature = 3.0, cooling_rate = 0.999
26 - INFO - chord#: 147 done. best_score=146.0, changed=613, unchanged=309, early_stops=8/8
26 - INFO - chord#: 148 In build_straw_man_chord_sa. tolerance = 1, sa_iterations = 1000, initial_temperature = 3.0, cooling_rate = 0.999
26 - INFO - chord#: 150 done. best_score=9.0, changed=484, unchanged=344, early_stops=8/8
26 - INFO - chord#: 152 In build_straw_man_chord_sa. tolerance = 1, sa_iterations = 1000, initial_temperature = 3.0, cooling_rate = 0.999
26 - INFO - chord#: 146 done. best_score=27.0, changed=521, unchanged=314, early_stops=8/8
26 - INFO - chord#: 147 In build_straw_man_chord_sa. tolerance = 1, sa_iterations = 1000, initial_temperature = 3.0, cooling_rate = 0.999
26 - INFO - chord#: 156 done. best_score=27.0, changed=520, unchanged=299, early_stops=8/8
26 - INFO - chord#: 162 done. best_score=27.0, changed=532, unchanged=407, early_stops=8/8
26 - INFO - chord#: 160 In build_straw_man_chord_sa. tolerance = 1, sa_iterations = 1000, initial_temperature = 3.0, cooling_rate = 0.999
26 - INFO - chord#: 164 In build_straw_man_chord_sa. tolerance = 1, sa_iterations = 1000, initial_temperature = 3.0, cooling_rate = 0.999
26 - INFO - chord#: 148 done. best_score=27.0, changed=518, unchanged=318, early_stops=8/8
26 - INFO - chord#: 150 In build_straw_man_chord_sa. tolerance = 1, sa_iterations = 1000, initial_temperature = 3.0, cooling_rate = 0.999
26 - INFO - chord#: 138 done. best_score=49.0, changed=518, unchanged=291, early_stops=8/8
26 - INFO - chord#: 140 In build_straw_man_chord_sa. tolerance = 1, sa_iterations = 1000, initial_temperature = 3.0, cooling_rate = 0.999
26 - INFO - chord#: 146 done. best_score=27.0, changed=529, unchanged=418, early_stops=8/8
26 - INFO - chord#: 147 In build_straw_man_chord_sa. tolerance = 1, sa_iterations = 1000, initial_temperature = 3.0, cooling_rate = 0.999
26 - INFO - chord#: 150 done. best_score=9.0, changed=472, unchanged=367, early_stops=8/8
26 - INFO - chord#: 152 In build_straw_man_chord_sa. tolerance = 1, sa_iterations = 1000, initial_temperature = 3.0, cooling_rate = 0.999
26 - INFO - chord#: 148 done. best_score=27.0, changed=520, unchanged=441, early_stops=8/8
26 - INFO - chord#: 150 In build_straw_man_chord_sa. tolerance = 1, sa_iterations = 1000, initial_temperature = 3.0, cooling_rate = 0.999
26 - INFO - chord#: 150 done. best_score=9.0, changed=476, unchanged=347, early_stops=8/8
26 - INFO - chord#: 152 In build_straw_man_chord_sa. tolerance = 1, sa_iterations = 1000, initial_temperature = 3.0, cooling_rate = 0.999
26 - INFO - chord#: 164 done. best_score=27.0, changed=516, unchanged=369, early_stops=8/8
26 - INFO - chord#: 166 In build_straw_man_chord_sa. tolerance = 1, sa_iterations = 1000, initial_temperature = 3.0, cooling_rate = 0.999
26 - INFO - chord#: 160 done. best_score=27.0, changed=519, unchanged=399, early_stops=8/8
26 - INFO - chord#: 162 In build_straw_man_chord_sa. tolerance = 1, sa_iterations = 1000, initial_temperature = 3.0, cooling_rate = 0.999
26 - INFO - chord#: 147 done. best_score=64.0, changed=618, unchanged=416, early_stops=8/8
26 - INFO - chord#: 148 In build_straw_man_chord_sa. tolerance = 1, sa_iterations = 1000, initial_temperature = 3.0, cooling_rate = 0.999
26 - INFO - chord#: 152 done. best_score=27.0, changed=518, unchanged=416, early_stops=8/8
26 - INFO - chord#: 156 In build_straw_man_chord_sa. tolerance = 1, sa_iterations = 1000, initial_temperature = 3.0, cooling_rate = 0.999
26 - INFO - chord#: 136 done. best_score=78.0, changed=611, unchanged=296, early_stops=8/8
26 - INFO - chord#: 138 In build_straw_man_chord_sa. tolerance = 1, sa_iterations = 1000, initial_temperature = 3.0, cooling_rate = 0.999
26 - INFO - chord#: 140 done. best_score=27.0, changed=527, unchanged=366, early_stops=8/8
26 - INFO - chord#: 142 In build_straw_man_chord_sa. tolerance = 1, sa_iterations = 1000, initial_temperature = 3.0, cooling_rate = 0.999
26 - INFO - chord#: 152 done. best_score=27.0, changed=520, unchanged=362, early_stops=8/8
26 - INFO - chord#: 156 In build_straw_man_chord_sa. tolerance = 1, sa_iterations = 1000, initial_temperature = 3.0, cooling_rate = 0.999
26 - INFO - chord#: 152 done. best_score=27.0, changed=535, unchanged=403, early_stops=8/8
26 - INFO - chord#: 156 In build_straw_man_chord_sa. tolerance = 1, sa_iterations = 1000, initial_temperature = 3.0, cooling_rate = 0.999
26 - INFO - chord#: 162 done. best_score=27.0, changed=527, unchanged=429, early_stops=8/8
26 - INFO - chord#: 164 In build_straw_man_chord_sa. tolerance = 1, sa_iterations = 1000, initial_temperature = 3.0, cooling_rate = 0.999
26 - INFO - chord#: 148 done. best_score=27.0, changed=527, unchanged=402, early_stops=8/8
26 - INFO - chord#: 150 In build_straw_man_chord_sa. tolerance = 1, sa_iterations = 1000, initial_temperature = 3.0, cooling_rate = 0.999
26 - INFO - chord#: 136 done. best_score=101.0, changed=615, unchanged=356, early_stops=8/8
26 - INFO - chord#: 138 In build_straw_man_chord_sa. tolerance = 1, sa_iterations = 1000, initial_temperature = 3.0, cooling_rate = 0.999
26 - INFO - chord#: 150 done. best_score=9.0, changed=477, unchanged=334, early_stops=8/8
26 - INFO - chord#: 152 In build_straw_man_chord_sa. tolerance = 1, sa_iterations = 1000, initial_temperature = 3.0, cooling_rate = 0.999
26 - INFO - chord#: 156 done. best_score=27.0, changed=532, unchanged=309, early_stops=8/8
26 - INFO - chord#: 160 In build_straw_man_chord_sa. tolerance = 1, sa_iterations = 1000, initial_temperature = 3.0, cooling_rate = 0.999
26 - INFO - chord#: 147 done. best_score=104.0, changed=614, unchanged=362, early_stops=8/8
26 - INFO - chord#: 148 In build_straw_man_chord_sa. tolerance = 1, sa_iterations = 1000, initial_temperature = 3.0, cooling_rate = 0.999
26 - INFO - chord#: 138 done. best_score=47.0, changed=537, unchanged=442, early_stops=8/8
26 - INFO - chord#: 140 In build_straw_man_chord_sa. tolerance = 1, sa_iterations = 1000, initial_temperature = 3.0, cooling_rate = 0.999
26 - INFO - chord#: 136 done. best_score=140.0, changed=614, unchanged=355, early_stops=8/8
26 - INFO - chord#: 138 In build_straw_man_chord_sa. tolerance = 1, sa_iterations = 1000, initial_temperature = 3.0, cooling_rate = 0.999
26 - INFO - chord#: 142 done. best_score=27.0, changed=519, unchanged=370, early_stops=8/8
26 - INFO - chord#: 144 In build_straw_man_chord_sa. tolerance = 1, sa_iterations = 1000, initial_temperature = 3.0, cooling_rate = 0.999
26 - INFO - chord#: 156 done. best_score=27.0, changed=531, unchanged=364, early_stops=8/8
26 - INFO - chord#: 160 In build_straw_man_chord_sa. tolerance = 1, sa_iterations = 1000, initial_temperature = 3.0, cooling_rate = 0.999
26 - INFO - chord#: 164 done. best_score=27.0, changed=521, unchanged=386, early_stops=8/8
26 - INFO - chord#: 166 In build_straw_man_chord_sa. tolerance = 1, sa_iterations = 1000, initial_temperature = 3.0, cooling_rate = 0.999
26 - INFO - chord#: 156 done. best_score=27.0, changed=527, unchanged=381, early_stops=8/8
26 - INFO - chord#: 160 In build_straw_man_chord_sa. tolerance = 1, sa_iterations = 1000, initial_temperature = 3.0, cooling_rate = 0.999
26 - INFO - chord#: 138 done. best_score=47.0, changed=527, unchanged=306, early_stops=8/8
26 - INFO - chord#: 140 In build_straw_man_chord_sa. tolerance = 1, sa_iterations = 1000, initial_temperature = 3.0, cooling_rate = 0.999
26 - INFO - chord#: 166 done. best_score=145.0, changed=616, unchanged=326, early_stops=8/8
26 - INFO - chord#: 168 In build_straw_man_chord_sa. tolerance = 1, sa_iterations = 1000, initial_temperature = 3.0, cooling_rate = 0.999
26 - INFO - chord#: 152 done. best_score=27.0, changed=527, unchanged=419, early_stops=8/8
26 - INFO - chord#: 156 In build_straw_man_chord_sa. tolerance = 1, sa_iterations = 1000, initial_temperature = 3.0, cooling_rate = 0.999
26 - INFO - chord#: 148 done. best_score=27.0, changed=523, unchanged=410, early_stops=8/8
26 - INFO - chord#: 150 In build_straw_man_chord_sa. tolerance = 1, sa_iterations = 1000, initial_temperature = 3.0, cooling_rate = 0.999
26 - INFO - chord#: 160 done. best_score=27.0, changed=519, unchanged=346, early_stops=8/8
26 - INFO - chord#: 162 In build_straw_man_chord_sa. tolerance = 1, sa_iterations = 1000, initial_temperature = 3.0, cooling_rate = 0.999
26 - INFO - chord#: 147 done. best_score=64.0, changed=607, unchanged=315, early_stops=8/8
26 - INFO - chord#: 148 In build_straw_man_chord_sa. tolerance = 1, sa_iterations = 1000, initial_temperature = 3.0, cooling_rate = 0.999
26 - INFO - chord#: 140 done. best_score=27.0, changed=520, unchanged=410, early_stops=8/8
26 - INFO - chord#: 142 In build_straw_man_chord_sa. tolerance = 1, sa_iterations = 1000, initial_temperature = 3.0, cooling_rate = 0.999
26 - INFO - chord#: 150 done. best_score=9.0, changed=490, unchanged=343, early_stops=8/8
26 - INFO - chord#: 152 In build_straw_man_chord_sa. tolerance = 1, sa_iterations = 1000, initial_temperature = 3.0, cooling_rate = 0.999
26 - INFO - chord#: 160 done. best_score=27.0, changed=532, unchanged=402, early_stops=8/8
26 - INFO - chord#: 162 In build_straw_man_chord_sa. tolerance = 1, sa_iterations = 1000, initial_temperature = 3.0, cooling_rate = 0.999
26 - INFO - chord#: 138 done. best_score=49.0, changed=528, unchanged=369, early_stops=8/8
26 - INFO - chord#: 140 In build_straw_man_chord_sa. tolerance = 1, sa_iterations = 1000, initial_temperature = 3.0, cooling_rate = 0.999
26 - INFO - chord#: 160 done. best_score=27.0, changed=522, unchanged=341, early_stops=8/8
26 - INFO - chord#: 162 In build_straw_man_chord_sa. tolerance = 1, sa_iterations = 1000, initial_temperature = 3.0, cooling_rate = 0.999
26 - INFO - chord#: 156 done. best_score=27.0, changed=513, unchanged=304, early_stops=8/8
26 - INFO - chord#: 160 In build_straw_man_chord_sa. tolerance = 1, sa_iterations = 1000, initial_temperature = 3.0, cooling_rate = 0.999
26 - INFO - chord#: 140 done. best_score=27.0, changed=517, unchanged=350, early_stops=8/8
26 - INFO - chord#: 142 In build_straw_man_chord_sa. tolerance = 1, sa_iterations = 1000, initial_temperature = 3.0, cooling_rate = 0.999
26 - INFO - chord#: 168 done. best_score=27.0, changed=526, unchanged=526, early_stops=8/8
26 - INFO - chord#: 170 In build_straw_man_chord_sa. tolerance = 1, sa_iterations = 1000, initial_temperature = 3.0, cooling_rate = 0.999
26 - INFO - chord#: 148 done. best_score=27.0, changed=518, unchanged=302, early_stops=8/8
26 - INFO - chord#: 150 In build_straw_man_chord_sa. tolerance = 1, sa_iterations = 1000, initial_temperature = 3.0, cooling_rate = 0.999
26 - INFO - chord#: 142 done. best_score=27.0, changed=522, unchanged=426, early_stops=8/8
26 - INFO - chord#: 144 In build_straw_man_chord_sa. tolerance = 1, sa_iterations = 1000, initial_temperature = 3.0, cooling_rate = 0.999
26 - INFO - chord#: 152 done. best_score=27.0, changed=518, unchanged=326, early_stops=8/8
26 - INFO - chord#: 156 In build_straw_man_chord_sa. tolerance = 1, sa_iterations = 1000, initial_temperature = 3.0, cooling_rate = 0.999
26 - INFO - chord#: 162 done. best_score=27.0, changed=524, unchanged=441, early_stops=8/8
26 - INFO - chord#: 164 In build_straw_man_chord_sa. tolerance = 1, sa_iterations = 1000, initial_temperature = 3.0, cooling_rate = 0.999
26 - INFO - chord#: 166 done. best_score=145.0, changed=607, unchanged=201, early_stops=8/8
26 - INFO - chord#: 168 In build_straw_man_chord_sa. tolerance = 1, sa_iterations = 1000, initial_temperature = 3.0, cooling_rate = 0.999
26 - INFO - chord#: 150 done. best_score=9.0, changed=472, unchanged=360, early_stops=8/8
26 - INFO - chord#: 152 In build_straw_man_chord_sa. tolerance = 1, sa_iterations = 1000, initial_temperature = 3.0, cooling_rate = 0.999
26 - INFO - chord#: 162 done. best_score=27.0, changed=524, unchanged=400, early_stops=8/8
26 - INFO - chord#: 164 In build_straw_man_chord_sa. tolerance = 1, sa_iterations = 1000, initial_temperature = 3.0, cooling_rate = 0.999
26 - INFO - chord#: 160 done. best_score=27.0, changed=522, unchanged=396, early_stops=8/8
26 - INFO - chord#: 162 In build_straw_man_chord_sa. tolerance = 1, sa_iterations = 1000, initial_temperature = 3.0, cooling_rate = 0.999
26 - INFO - chord#: 140 done. best_score=27.0, changed=529, unchanged=498, early_stops=8/8
26 - INFO - chord#: 142 In build_straw_man_chord_sa. tolerance = 1, sa_iterations = 1000, initial_temperature = 3.0, cooling_rate = 0.999
26 - INFO - chord#: 170 done. best_score=36.0, changed=523, unchanged=397, early_stops=8/8
26 - INFO - chord#: 172 In build_straw_man_chord_sa. tolerance = 1, sa_iterations = 1000, initial_temperature = 3.0, cooling_rate = 0.999
26 - INFO - chord#: 156 done. best_score=27.0, changed=519, unchanged=314, early_stops=8/8
26 - INFO - chord#: 160 In build_straw_man_chord_sa. tolerance = 1, sa_iterations = 1000, initial_temperature = 3.0, cooling_rate = 0.999
26 - INFO - chord#: 142 done. best_score=27.0, changed=521, unchanged=406, early_stops=8/8
26 - INFO - chord#: 144 In build_straw_man_chord_sa. tolerance = 1, sa_iterations = 1000, initial_temperature = 3.0, cooling_rate = 0.999
26 - INFO - chord#: 162 done. best_score=27.0, changed=530, unchanged=576, early_stops=8/8
26 - INFO - chord#: 164 In build_straw_man_chord_sa. tolerance = 1, sa_iterations = 1000, initial_temperature = 3.0, cooling_rate = 0.999
26 - INFO - chord#: 144 done. best_score=148.0, changed=613, unchanged=288, early_stops=8/8
26 - INFO - chord#: 146 In build_straw_man_chord_sa. tolerance = 1, sa_iterations = 1000, initial_temperature = 3.0, cooling_rate = 0.999
26 - INFO - chord#: 168 done. best_score=27.0, changed=514, unchanged=383, early_stops=8/8
26 - INFO - chord#: 170 In build_straw_man_chord_sa. tolerance = 1, sa_iterations = 1000, initial_temperature = 3.0, cooling_rate = 0.999
26 - INFO - chord#: 164 done. best_score=27.0, changed=517, unchanged=318, early_stops=8/8
26 - INFO - chord#: 166 In build_straw_man_chord_sa. tolerance = 1, sa_iterations = 1000, initial_temperature = 3.0, cooling_rate = 0.999
26 - INFO - chord#: 162 done. best_score=27.0, changed=519, unchanged=316, early_stops=8/8
26 - INFO - chord#: 164 In build_straw_man_chord_sa. tolerance = 1, sa_iterations = 1000, initial_temperature = 3.0, cooling_rate = 0.999
26 - INFO - chord#: 164 done. best_score=27.0, changed=519, unchanged=475, early_stops=8/8
26 - INFO - chord#: 166 In build_straw_man_chord_sa. tolerance = 1, sa_iterations = 1000, initial_temperature = 3.0, cooling_rate = 0.999
26 - INFO - chord#: 160 done. best_score=27.0, changed=517, unchanged=346, early_stops=8/8
26 - INFO - chord#: 162 In build_straw_man_chord_sa. tolerance = 1, sa_iterations = 1000, initial_temperature = 3.0, cooling_rate = 0.999
26 - INFO - chord#: 142 done. best_score=27.0, changed=524, unchanged=448, early_stops=8/8
26 - INFO - chord#: 144 In build_straw_man_chord_sa. tolerance = 1, sa_iterations = 1000, initial_temperature = 3.0, cooling_rate = 0.999
26 - INFO - chord#: 152 done. best_score=27.0, changed=529, unchanged=575, early_stops=8/8
26 - INFO - chord#: 156 In build_straw_man_chord_sa. tolerance = 1, sa_iterations = 1000, initial_temperature = 3.0, cooling_rate = 0.999
26 - INFO - chord#: 172 done. best_score=27.0, changed=523, unchanged=478, early_stops=8/8
26 - INFO - chord#: 174 In build_straw_man_chord_sa. tolerance = 1, sa_iterations = 1000, initial_temperature = 3.0, cooling_rate = 0.999
26 - INFO - chord#: 144 done. best_score=74.0, changed=606, unchanged=260, early_stops=8/8
26 - INFO - chord#: 146 In build_straw_man_chord_sa. tolerance = 1, sa_iterations = 1000, initial_temperature = 3.0, cooling_rate = 0.999
26 - INFO - chord#: 146 done. best_score=27.0, changed=529, unchanged=345, early_stops=8/8
26 - INFO - chord#: 147 In build_straw_man_chord_sa. tolerance = 1, sa_iterations = 1000, initial_temperature = 3.0, cooling_rate = 0.999
26 - INFO - chord#: 170 done. best_score=36.0, changed=524, unchanged=372, early_stops=8/8
26 - INFO - chord#: 172 In build_straw_man_chord_sa. tolerance = 1, sa_iterations = 1000, initial_temperature = 3.0, cooling_rate = 0.999
26 - INFO - chord#: 164 done. best_score=27.0, changed=514, unchanged=339, early_stops=8/8
26 - INFO - chord#: 166 In build_straw_man_chord_sa. tolerance = 1, sa_iterations = 1000, initial_temperature = 3.0, cooling_rate = 0.999
26 - INFO - chord#: 164 done. best_score=27.0, changed=526, unchanged=563, early_stops=8/8
26 - INFO - chord#: 166 In build_straw_man_chord_sa. tolerance = 1, sa_iterations = 1000, initial_temperature = 3.0, cooling_rate = 0.999
26 - INFO - chord#: 162 done. best_score=27.0, changed=524, unchanged=451, early_stops=8/8
26 - INFO - chord#: 164 In build_straw_man_chord_sa. tolerance = 1, sa_iterations = 1000, initial_temperature = 3.0, cooling_rate = 0.999
26 - INFO - chord#: 174 done. best_score=27.0, changed=519, unchanged=338, early_stops=8/8
26 - INFO - chord#: 176 In build_straw_man_chord_sa. tolerance = 1, sa_iterations = 1000, initial_temperature = 3.0, cooling_rate = 0.999
26 - INFO - chord#: 156 done. best_score=27.0, changed=519, unchanged=337, early_stops=8/8
26 - INFO - chord#: 160 In build_straw_man_chord_sa. tolerance = 1, sa_iterations = 1000, initial_temperature = 3.0, cooling_rate = 0.999
26 - INFO - chord#: 172 done. best_score=27.0, changed=521, unchanged=420, early_stops=8/8
26 - INFO - chord#: 174 In build_straw_man_chord_sa. tolerance = 1, sa_iterations = 1000, initial_temperature = 3.0, cooling_rate = 0.999
26 - INFO - chord#: 146 done. best_score=27.0, changed=516, unchanged=310, early_stops=8/8
26 - INFO - chord#: 147 In build_straw_man_chord_sa. tolerance = 1, sa_iterations = 1000, initial_temperature = 3.0, cooling_rate = 0.999
26 - INFO - chord#: 166 done. best_score=67.0, changed=614, unchanged=303, early_stops=8/8
26 - INFO - chord#: 168 In build_straw_man_chord_sa. tolerance = 1, sa_iterations = 1000, initial_temperature = 3.0, cooling_rate = 0.999
26 - INFO - chord#: 166 done. best_score=145.0, changed=607, unchanged=288, early_stops=8/8
26 - INFO - chord#: 168 In build_straw_man_chord_sa. tolerance = 1, sa_iterations = 1000, initial_temperature = 3.0, cooling_rate = 0.999
26 - INFO - chord#: 164 done. best_score=27.0, changed=510, unchanged=304, early_stops=8/8
26 - INFO - chord#: 166 In build_straw_man_chord_sa. tolerance = 1, sa_iterations = 1000, initial_temperature = 3.0, cooling_rate = 0.999
26 - INFO - chord#: 144 done. best_score=121.0, changed=610, unchanged=300, early_stops=8/8
26 - INFO - chord#: 146 In build_straw_man_chord_sa. tolerance = 1, sa_iterations = 1000, initial_temperature = 3.0, cooling_rate = 0.999
26 - INFO - chord#: 176 done. best_score=27.0, changed=520, unchanged=348, early_stops=8/8
26 - INFO - chord#: 180 In build_straw_man_chord_sa. tolerance = 1, sa_iterations = 1000, initial_temperature = 3.0, cooling_rate = 0.999
26 - INFO - chord#: 160 done. best_score=27.0, changed=516, unchanged=306, early_stops=8/8
26 - INFO - chord#: 162 In build_straw_man_chord_sa. tolerance = 1, sa_iterations = 1000, initial_temperature = 3.0, cooling_rate = 0.999
26 - INFO - chord#: 174 done. best_score=27.0, changed=522, unchanged=476, early_stops=8/8
26 - INFO - chord#: 176 In build_straw_man_chord_sa. tolerance = 1, sa_iterations = 1000, initial_temperature = 3.0, cooling_rate = 0.999
26 - INFO - chord#: 144 done. best_score=121.0, changed=615, unchanged=235, early_stops=8/8
26 - INFO - chord#: 146 In build_straw_man_chord_sa. tolerance = 1, sa_iterations = 1000, initial_temperature = 3.0, cooling_rate = 0.999
26 - INFO - chord#: 168 done. best_score=27.0, changed=523, unchanged=405, early_stops=8/8
26 - INFO - chord#: 170 In build_straw_man_chord_sa. tolerance = 1, sa_iterations = 1000, initial_temperature = 3.0, cooling_rate = 0.999
26 - INFO - chord#: 180 done. best_score=27.0, changed=520, unchanged=357, early_stops=8/8
26 - INFO - chord#: 182 In build_straw_man_chord_sa. tolerance = 1, sa_iterations = 1000, initial_temperature = 3.0, cooling_rate = 0.999
26 - INFO - chord#: 168 done. best_score=27.0, changed=530, unchanged=507, early_stops=8/8
26 - INFO - chord#: 170 In build_straw_man_chord_sa. tolerance = 1, sa_iterations = 1000, initial_temperature = 3.0, cooling_rate = 0.999
26 - INFO - chord#: 166 done. best_score=96.0, changed=610, unchanged=382, early_stops=8/8
26 - INFO - chord#: 168 In build_straw_man_chord_sa. tolerance = 1, sa_iterations = 1000, initial_temperature = 3.0, cooling_rate = 0.999
26 - INFO - chord#: 146 done. best_score=27.0, changed=531, unchanged=358, early_stops=8/8
26 - INFO - chord#: 147 In build_straw_man_chord_sa. tolerance = 1, sa_iterations = 1000, initial_temperature = 3.0, cooling_rate = 0.999
26 - INFO - chord#: 147 done. best_score=104.0, changed=610, unchanged=307, early_stops=8/8
26 - INFO - chord#: 148 In build_straw_man_chord_sa. tolerance = 1, sa_iterations = 1000, initial_temperature = 3.0, cooling_rate = 0.999
26 - INFO - chord#: 176 done. best_score=27.0, changed=526, unchanged=420, early_stops=8/8
26 - INFO - chord#: 180 In build_straw_man_chord_sa. tolerance = 1, sa_iterations = 1000, initial_temperature = 3.0, cooling_rate = 0.999
26 - INFO - chord#: 166 done. best_score=145.0, changed=614, unchanged=411, early_stops=8/8
26 - INFO - chord#: 168 In build_straw_man_chord_sa. tolerance = 1, sa_iterations = 1000, initial_temperature = 3.0, cooling_rate = 0.999
26 - INFO - chord#: 162 done. best_score=27.0, changed=525, unchanged=434, early_stops=8/8
26 - INFO - chord#: 164 In build_straw_man_chord_sa. tolerance = 1, sa_iterations = 1000, initial_temperature = 3.0, cooling_rate = 0.999
26 - INFO - chord#: 170 done. best_score=36.0, changed=522, unchanged=338, early_stops=8/8
26 - INFO - chord#: 172 In build_straw_man_chord_sa. tolerance = 1, sa_iterations = 1000, initial_temperature = 3.0, cooling_rate = 0.999
26 - INFO - chord#: 182 done. best_score=47.0, changed=517, unchanged=376, early_stops=8/8
26 - INFO - chord#: 183 In build_straw_man_chord_sa. tolerance = 1, sa_iterations = 1000, initial_temperature = 3.0, cooling_rate = 0.999
26 - INFO - chord#: 170 done. best_score=36.0, changed=520, unchanged=397, early_stops=8/8
26 - INFO - chord#: 172 In build_straw_man_chord_sa. tolerance = 1, sa_iterations = 1000, initial_temperature = 3.0, cooling_rate = 0.999
26 - INFO - chord#: 166 done. best_score=67.0, changed=614, unchanged=355, early_stops=8/8
26 - INFO - chord#: 168 In build_straw_man_chord_sa. tolerance = 1, sa_iterations = 1000, initial_temperature = 3.0, cooling_rate = 0.999
26 - INFO - chord#: 146 done. best_score=27.0, changed=526, unchanged=443, early_stops=8/8
26 - INFO - chord#: 147 In build_straw_man_chord_sa. tolerance = 1, sa_iterations = 1000, initial_temperature = 3.0, cooling_rate = 0.999
26 - INFO - chord#: 168 done. best_score=27.0, changed=521, unchanged=416, early_stops=8/8
26 - INFO - chord#: 170 In build_straw_man_chord_sa. tolerance = 1, sa_iterations = 1000, initial_temperature = 3.0, cooling_rate = 0.999
26 - INFO - chord#: 180 done. best_score=27.0, changed=523, unchanged=418, early_stops=8/8
26 - INFO - chord#: 182 In build_straw_man_chord_sa. tolerance = 1, sa_iterations = 1000, initial_temperature = 3.0, cooling_rate = 0.999
26 - INFO - chord#: 147 done. best_score=64.0, changed=614, unchanged=349, early_stops=8/8
26 - INFO - chord#: 148 In build_straw_man_chord_sa. tolerance = 1, sa_iterations = 1000, initial_temperature = 3.0, cooling_rate = 0.999
26 - INFO - chord#: 148 done. best_score=27.0, changed=514, unchanged=382, early_stops=8/8
26 - INFO - chord#: 150 In build_straw_man_chord_sa. tolerance = 1, sa_iterations = 1000, initial_temperature = 3.0, cooling_rate = 0.999
26 - INFO - chord#: 172 done. best_score=27.0, changed=520, unchanged=395, early_stops=8/8
26 - INFO - chord#: 174 In build_straw_man_chord_sa. tolerance = 1, sa_iterations = 1000, initial_temperature = 3.0, cooling_rate = 0.999
26 - INFO - chord#: 168 done. best_score=27.0, changed=527, unchanged=439, early_stops=8/8
26 - INFO - chord#: 170 In build_straw_man_chord_sa. tolerance = 1, sa_iterations = 1000, initial_temperature = 3.0, cooling_rate = 0.999
26 - INFO - chord#: 150 done. best_score=9.0, changed=462, unchanged=358, early_stops=8/8
26 - INFO - chord#: 152 In build_straw_man_chord_sa. tolerance = 1, sa_iterations = 1000, initial_temperature = 3.0, cooling_rate = 0.999
26 - INFO - chord#: 164 done. best_score=27.0, changed=524, unchanged=524, early_stops=8/8
26 - INFO - chord#: 166 In build_straw_man_chord_sa. tolerance = 1, sa_iterations = 1000, initial_temperature = 3.0, cooling_rate = 0.999
26 - INFO - chord#: 168 done. best_score=27.0, changed=522, unchanged=341, early_stops=8/8
26 - INFO - chord#: 170 In build_straw_man_chord_sa. tolerance = 1, sa_iterations = 1000, initial_temperature = 3.0, cooling_rate = 0.999
26 - INFO - chord#: 172 done. best_score=27.0, changed=527, unchanged=519, early_stops=8/8
26 - INFO - chord#: 174 In build_straw_man_chord_sa. tolerance = 1, sa_iterations = 1000, initial_temperature = 3.0, cooling_rate = 0.999
26 - INFO - chord#: 170 done. best_score=36.0, changed=522, unchanged=399, early_stops=8/8
26 - INFO - chord#: 172 In build_straw_man_chord_sa. tolerance = 1, sa_iterations = 1000, initial_temperature = 3.0, cooling_rate = 0.999
26 - INFO - chord#: 182 done. best_score=47.0, changed=527, unchanged=408, early_stops=8/8
26 - INFO - chord#: 183 In build_straw_man_chord_sa. tolerance = 1, sa_iterations = 1000, initial_temperature = 3.0, cooling_rate = 0.999
26 - INFO - chord#: 148 done. best_score=27.0, changed=508, unchanged=309, early_stops=8/8
26 - INFO - chord#: 174 done. best_score=27.0, changed=522, unchanged=327, early_stops=8/8
26 - INFO - chord#: 150 In build_straw_man_chord_sa. tolerance = 1, sa_iterations = 1000, initial_temperature = 3.0, cooling_rate = 0.999
26 - INFO - chord#: 176 In build_straw_man_chord_sa. tolerance = 1, sa_iterations = 1000, initial_temperature = 3.0, cooling_rate = 0.999
26 - INFO - chord#: 174 done. best_score=27.0, changed=521, unchanged=329, early_stops=8/8
26 - INFO - chord#: 150 done. best_score=9.0, changed=483, unchanged=370, early_stops=8/8
26 - INFO - chord#: 176 In build_straw_man_chord_sa. tolerance = 1, sa_iterations = 1000, initial_temperature = 3.0, cooling_rate = 0.999
26 - INFO - chord#: 152 In build_straw_man_chord_sa. tolerance = 1, sa_iterations = 1000, initial_temperature = 3.0, cooling_rate = 0.999
26 - INFO - chord#: 147 done. best_score=64.0, changed=610, unchanged=291, early_stops=8/8
26 - INFO - chord#: 148 In build_straw_man_chord_sa. tolerance = 1, sa_iterations = 1000, initial_temperature = 3.0, cooling_rate = 0.999
26 - INFO - chord#: 170 done. best_score=36.0, changed=521, unchanged=413, early_stops=8/8
26 - INFO - chord#: 183 done. best_score=120.0, changed=610, unchanged=248, early_stops=8/8
26 - INFO - chord#: 172 In build_straw_man_chord_sa. tolerance = 1, sa_iterations = 1000, initial_temperature = 3.0, cooling_rate = 0.999
26 - INFO - chord#: 184 In build_straw_man_chord_sa. tolerance = 1, sa_iterations = 1000, initial_temperature = 3.0, cooling_rate = 0.999
26 - INFO - chord#: 170 done. best_score=36.0, changed=524, unchanged=322, early_stops=8/8
26 - INFO - chord#: 172 In build_straw_man_chord_sa. tolerance = 1, sa_iterations = 1000, initial_temperature = 3.0, cooling_rate = 0.999
26 - INFO - chord#: 152 done. best_score=27.0, changed=521, unchanged=359, early_stops=8/8
26 - INFO - chord#: 156 In build_straw_man_chord_sa. tolerance = 1, sa_iterations = 1000, initial_temperature = 3.0, cooling_rate = 0.999
26 - INFO - chord#: 172 done. best_score=27.0, changed=521, unchanged=405, early_stops=8/8
26 - INFO - chord#: 174 In build_straw_man_chord_sa. tolerance = 1, sa_iterations = 1000, initial_temperature = 3.0, cooling_rate = 0.999
26 - INFO - chord#: 176 done. best_score=27.0, changed=526, unchanged=388, early_stops=8/8
26 - INFO - chord#: 180 In build_straw_man_chord_sa. tolerance = 1, sa_iterations = 1000, initial_temperature = 3.0, cooling_rate = 0.999
26 - INFO - chord#: 184 done. best_score=27.0, changed=530, unchanged=462, early_stops=8/8
26 - INFO - chord#: 176 done. best_score=27.0, changed=524, unchanged=443, early_stops=8/8
26 - INFO - chord#: 180 In build_straw_man_chord_sa. tolerance = 1, sa_iterations = 1000, initial_temperature = 3.0, cooling_rate = 0.999
26 - INFO - chord#: 152 done. best_score=27.0, changed=519, unchanged=406, early_stops=8/8
26 - INFO - chord#: 156 In build_straw_man_chord_sa. tolerance = 1, sa_iterations = 1000, initial_temperature = 3.0, cooling_rate = 0.999
26 - INFO - chord#: 147 done. best_score=64.0, changed=612, unchanged=353, early_stops=8/8
26 - INFO - chord#: 148 In build_straw_man_chord_sa. tolerance = 1, sa_iterations = 1000, initial_temperature = 3.0, cooling_rate = 0.999
26 - INFO - chord#: 172 done. best_score=27.0, changed=517, unchanged=523, early_stops=8/8
26 - INFO - chord#: 174 In build_straw_man_chord_sa. tolerance = 1, sa_iterations = 1000, initial_temperature = 3.0, cooling_rate = 0.999
26 - INFO - chord#: 148 done. best_score=27.0, changed=527, unchanged=402, early_stops=8/8
26 - INFO - chord#: 156 done. best_score=27.0, changed=518, unchanged=323, early_stops=8/8
26 - INFO - chord#: 150 In build_straw_man_chord_sa. tolerance = 1, sa_iterations = 1000, initial_temperature = 3.0, cooling_rate = 0.999
26 - INFO - chord#: 160 In build_straw_man_chord_sa. tolerance = 1, sa_iterations = 1000, initial_temperature = 3.0, cooling_rate = 0.999
26 - INFO - chord#: 174 done. best_score=27.0, changed=524, unchanged=527, early_stops=8/8
26 - INFO - chord#: 176 In build_straw_man_chord_sa. tolerance = 1, sa_iterations = 1000, initial_temperature = 3.0, cooling_rate = 0.999
26 - INFO - chord#: 166 done. best_score=125.0, changed=609, unchanged=264, early_stops=8/8
26 - INFO - chord#: 168 In build_straw_man_chord_sa. tolerance = 1, sa_iterations = 1000, initial_temperature = 3.0, cooling_rate = 0.999
26 - INFO - chord#: 180 done. best_score=27.0, changed=519, unchanged=498, early_stops=8/8
26 - INFO - chord#: 182 In build_straw_man_chord_sa. tolerance = 1, sa_iterations = 1000, initial_temperature = 3.0, cooling_rate = 0.999
26 - INFO - chord#: 172 done. best_score=27.0, changed=533, unchanged=446, early_stops=8/8
26 - INFO - chord#: 174 In build_straw_man_chord_sa. tolerance = 1, sa_iterations = 1000, initial_temperature = 3.0, cooling_rate = 0.999
26 - INFO - chord#: 150 done. best_score=9.0, changed=477, unchanged=337, early_stops=8/8
26 - INFO - chord#: 152 In build_straw_man_chord_sa. tolerance = 1, sa_iterations = 1000, initial_temperature = 3.0, cooling_rate = 0.999
26 - INFO - chord#: 183 done. best_score=113.0, changed=611, unchanged=305, early_stops=8/8
26 - INFO - chord#: 184 In build_straw_man_chord_sa. tolerance = 1, sa_iterations = 1000, initial_temperature = 3.0, cooling_rate = 0.999
26 - INFO - chord#: 180 done. best_score=27.0, changed=527, unchanged=479, early_stops=8/8
26 - INFO - chord#: 182 In build_straw_man_chord_sa. tolerance = 1, sa_iterations = 1000, initial_temperature = 3.0, cooling_rate = 0.999
26 - INFO - chord#: 174 done. best_score=27.0, changed=517, unchanged=392, early_stops=8/8
26 - INFO - chord#: 176 In build_straw_man_chord_sa. tolerance = 1, sa_iterations = 1000, initial_temperature = 3.0, cooling_rate = 0.999
26 - INFO - chord#: 156 done. best_score=27.0, changed=532, unchanged=318, early_stops=8/8
26 - INFO - chord#: 160 In build_straw_man_chord_sa. tolerance = 1, sa_iterations = 1000, initial_temperature = 3.0, cooling_rate = 0.999
26 - INFO - chord#: 176 done. best_score=27.0, changed=526, unchanged=506, early_stops=8/8
26 - INFO - chord#: 180 In build_straw_man_chord_sa. tolerance = 1, sa_iterations = 1000, initial_temperature = 3.0, cooling_rate = 0.999
26 - INFO - chord#: 148 done. best_score=27.0, changed=529, unchanged=430, early_stops=8/8
26 - INFO - chord#: 150 In build_straw_man_chord_sa. tolerance = 1, sa_iterations = 1000, initial_temperature = 3.0, cooling_rate = 0.999
26 - INFO - chord#: 168 done. best_score=27.0, changed=528, unchanged=424, early_stops=8/8
26 - INFO - chord#: 170 In build_straw_man_chord_sa. tolerance = 1, sa_iterations = 1000, initial_temperature = 3.0, cooling_rate = 0.999
26 - INFO - chord#: 160 done. best_score=27.0, changed=525, unchanged=457, early_stops=8/8
26 - INFO - chord#: 162 In build_straw_man_chord_sa. tolerance = 1, sa_iterations = 1000, initial_temperature = 3.0, cooling_rate = 0.999
26 - INFO - chord#: 174 done. best_score=27.0, changed=523, unchanged=368, early_stops=8/8
26 - INFO - chord#: 176 In build_straw_man_chord_sa. tolerance = 1, sa_iterations = 1000, initial_temperature = 3.0, cooling_rate = 0.999
26 - INFO - chord#: 184 done. best_score=27.0, changed=524, unchanged=330, early_stops=8/8
26 - INFO - chord#: 182 done. best_score=47.0, changed=527, unchanged=549, early_stops=8/8
26 - INFO - chord#: 183 In build_straw_man_chord_sa. tolerance = 1, sa_iterations = 1000, initial_temperature = 3.0, cooling_rate = 0.999
26 - INFO - chord#: 150 done. best_score=9.0, changed=479, unchanged=333, early_stops=8/8
26 - INFO - chord#: 152 In build_straw_man_chord_sa. tolerance = 1, sa_iterations = 1000, initial_temperature = 3.0, cooling_rate = 0.999
26 - INFO - chord#: 152 done. best_score=27.0, changed=522, unchanged=375, early_stops=8/8
26 - INFO - chord#: 156 In build_straw_man_chord_sa. tolerance = 1, sa_iterations = 1000, initial_temperature = 3.0, cooling_rate = 0.999
26 - INFO - chord#: 182 done. best_score=47.0, changed=525, unchanged=486, early_stops=8/8
26 - INFO - chord#: 183 In build_straw_man_chord_sa. tolerance = 1, sa_iterations = 1000, initial_temperature = 3.0, cooling_rate = 0.999
26 - INFO - chord#: 176 done. best_score=27.0, changed=519, unchanged=400, early_stops=8/8
26 - INFO - chord#: 180 In build_straw_man_chord_sa. tolerance = 1, sa_iterations = 1000, initial_temperature = 3.0, cooling_rate = 0.999
26 - INFO - chord#: 180 done. best_score=27.0, changed=517, unchanged=338, early_stops=8/8
26 - INFO - chord#: 182 In build_straw_man_chord_sa. tolerance = 1, sa_iterations = 1000, initial_temperature = 3.0, cooling_rate = 0.999
26 - INFO - chord#: 160 done. best_score=27.0, changed=525, unchanged=380, early_stops=8/8
26 - INFO - chord#: 162 In build_straw_man_chord_sa. tolerance = 1, sa_iterations = 1000, initial_temperature = 3.0, cooling_rate = 0.999
26 - INFO - chord#: 170 done. best_score=36.0, changed=528, unchanged=376, early_stops=8/8
26 - INFO - chord#: 172 In build_straw_man_chord_sa. tolerance = 1, sa_iterations = 1000, initial_temperature = 3.0, cooling_rate = 0.999
26 - INFO - chord#: 176 done. best_score=27.0, changed=525, unchanged=452, early_stops=8/8
26 - INFO - chord#: 180 In build_straw_man_chord_sa. tolerance = 1, sa_iterations = 1000, initial_temperature = 3.0, cooling_rate = 0.999
26 - INFO - chord#: 162 done. best_score=27.0, changed=528, unchanged=443, early_stops=8/8
26 - INFO - chord#: 164 In build_straw_man_chord_sa. tolerance = 1, sa_iterations = 1000, initial_temperature = 3.0, cooling_rate = 0.999
26 - INFO - chord#: 156 done. best_score=27.0, changed=525, unchanged=307, early_stops=8/8
26 - INFO - chord#: 160 In build_straw_man_chord_sa. tolerance = 1, sa_iterations = 1000, initial_temperature = 3.0, cooling_rate = 0.999
26 - INFO - chord#: 152 done. best_score=27.0, changed=522, unchanged=350, early_stops=8/8
26 - INFO - chord#: 156 In build_straw_man_chord_sa. tolerance = 1, sa_iterations = 1000, initial_temperature = 3.0, cooling_rate = 0.999
26 - INFO - chord#: 180 done. best_score=27.0, changed=517, unchanged=342, early_stops=8/8
26 - INFO - chord#: 182 In build_straw_man_chord_sa. tolerance = 1, sa_iterations = 1000, initial_temperature = 3.0, cooling_rate = 0.999
26 - INFO - chord#: 182 done. best_score=47.0, changed=526, unchanged=422, early_stops=8/8
26 - INFO - chord#: 183 In build_straw_man_chord_sa. tolerance = 1, sa_iterations = 1000, initial_temperature = 3.0, cooling_rate = 0.999
26 - INFO - chord#: 172 done. best_score=27.0, changed=522, unchanged=380, early_stops=8/8
26 - INFO - chord#: 174 In build_straw_man_chord_sa. tolerance = 1, sa_iterations = 1000, initial_temperature = 3.0, cooling_rate = 0.999
26 - INFO - chord#: 162 done. best_score=27.0, changed=529, unchanged=463, early_stops=8/8
26 - INFO - chord#: 164 In build_straw_man_chord_sa. tolerance = 1, sa_iterations = 1000, initial_temperature = 3.0, cooling_rate = 0.999
26 - INFO - chord#: 180 done. best_score=27.0, changed=534, unchanged=539, early_stops=8/8
26 - INFO - chord#: 182 In build_straw_man_chord_sa. tolerance = 1, sa_iterations = 1000, initial_temperature = 3.0, cooling_rate = 0.999
26 - INFO - chord#: 160 done. best_score=27.0, changed=530, unchanged=400, early_stops=8/8
26 - INFO - chord#: 162 In build_straw_man_chord_sa. tolerance = 1, sa_iterations = 1000, initial_temperature = 3.0, cooling_rate = 0.999
26 - INFO - chord#: 182 done. best_score=47.0, changed=510, unchanged=349, early_stops=8/8
26 - INFO - chord#: 183 In build_straw_man_chord_sa. tolerance = 1, sa_iterations = 1000, initial_temperature = 3.0, cooling_rate = 0.999
26 - INFO - chord#: 156 done. best_score=27.0, changed=525, unchanged=434, early_stops=8/8
26 - INFO - chord#: 160 In build_straw_man_chord_sa. tolerance = 1, sa_iterations = 1000, initial_temperature = 3.0, cooling_rate = 0.999
26 - INFO - chord#: 164 done. best_score=27.0, changed=522, unchanged=487, early_stops=8/8
26 - INFO - chord#: 166 In build_straw_man_chord_sa. tolerance = 1, sa_iterations = 1000, initial_temperature = 3.0, cooling_rate = 0.999
26 - INFO - chord#: 183 done. best_score=111.0, changed=610, unchanged=262, early_stops=8/8
26 - INFO - chord#: 184 In build_straw_man_chord_sa. tolerance = 1, sa_iterations = 1000, initial_temperature = 3.0, cooling_rate = 0.999
26 - INFO - chord#: 174 done. best_score=27.0, changed=515, unchanged=387, early_stops=8/8
26 - INFO - chord#: 176 In build_straw_man_chord_sa. tolerance = 1, sa_iterations = 1000, initial_temperature = 3.0, cooling_rate = 0.999
26 - INFO - chord#: 183 done. best_score=113.0, changed=612, unchanged=456, early_stops=8/8
26 - INFO - chord#: 184 In build_straw_man_chord_sa. tolerance = 1, sa_iterations = 1000, initial_temperature = 3.0, cooling_rate = 0.999
26 - INFO - chord#: 182 done. best_score=47.0, changed=520, unchanged=359, early_stops=8/8
26 - INFO - chord#: 183 In build_straw_man_chord_sa. tolerance = 1, sa_iterations = 1000, initial_temperature = 3.0, cooling_rate = 0.999
26 - INFO - chord#: 164 done. best_score=27.0, changed=522, unchanged=354, early_stops=8/8
26 - INFO - chord#: 166 In build_straw_man_chord_sa. tolerance = 1, sa_iterations = 1000, initial_temperature = 3.0, cooling_rate = 0.999
26 - INFO - chord#: 162 done. best_score=27.0, changed=522, unchanged=383, early_stops=8/8
26 - INFO - chord#: 164 In build_straw_man_chord_sa. tolerance = 1, sa_iterations = 1000, initial_temperature = 3.0, cooling_rate = 0.999
26 - INFO - chord#: 160 done. best_score=27.0, changed=525, unchanged=355, early_stops=8/8
26 - INFO - chord#: 162 In build_straw_man_chord_sa. tolerance = 1, sa_iterations = 1000, initial_temperature = 3.0, cooling_rate = 0.999
26 - INFO - chord#: 184 done. best_score=27.0, changed=523, unchanged=351, early_stops=8/8
26 - INFO - chord#: 183 done. best_score=105.0, changed=608, unchanged=224, early_stops=8/8
26 - INFO - chord#: 184 In build_straw_man_chord_sa. tolerance = 1, sa_iterations = 1000, initial_temperature = 3.0, cooling_rate = 0.999
26 - INFO - chord#: 176 done. best_score=27.0, changed=520, unchanged=348, early_stops=8/8
26 - INFO - chord#: 180 In build_straw_man_chord_sa. tolerance = 1, sa_iterations = 1000, initial_temperature = 3.0, cooling_rate = 0.999
26 - INFO - chord#: 184 done. best_score=27.0, changed=519, unchanged=471, early_stops=8/8
26 - INFO - chord#: 183 done. best_score=113.0, changed=608, unchanged=247, early_stops=8/8
26 - INFO - chord#: 184 In build_straw_man_chord_sa. tolerance = 1, sa_iterations = 1000, initial_temperature = 3.0, cooling_rate = 0.999
26 - INFO - chord#: 184 done. best_score=36.0, changed=530, unchanged=459, early_stops=8/8
26 - INFO - chord#: 180 done. best_score=27.0, changed=523, unchanged=329, early_stops=8/8
26 - INFO - chord#: 182 In build_straw_man_chord_sa. tolerance = 1, sa_iterations = 1000, initial_temperature = 3.0, cooling_rate = 0.999
26 - INFO - chord#: 164 done. best_score=27.0, changed=516, unchanged=400, early_stops=8/8
26 - INFO - chord#: 166 In build_straw_man_chord_sa. tolerance = 1, sa_iterations = 1000, initial_temperature = 3.0, cooling_rate = 0.999
26 - INFO - chord#: 162 done. best_score=27.0, changed=512, unchanged=447, early_stops=8/8
26 - INFO - chord#: 164 In build_straw_man_chord_sa. tolerance = 1, sa_iterations = 1000, initial_temperature = 3.0, cooling_rate = 0.999
26 - INFO - chord#: 166 done. best_score=137.0, changed=613, unchanged=340, early_stops=8/8
26 - INFO - chord#: 168 In build_straw_man_chord_sa. tolerance = 1, sa_iterations = 1000, initial_temperature = 3.0, cooling_rate = 0.999
26 - INFO - chord#: 184 done. best_score=27.0, changed=529, unchanged=418, early_stops=8/8
26 - INFO - chord#: 183 done. best_score=116.0, changed=607, unchanged=284, early_stops=8/8
26 - INFO - chord#: 184 In build_straw_man_chord_sa. tolerance = 1, sa_iterations = 1000, initial_temperature = 3.0, cooling_rate = 0.999
26 - INFO - chord#: 166 done. best_score=137.0, changed=611, unchanged=300, early_stops=8/8
26 - INFO - chord#: 168 In build_straw_man_chord_sa. tolerance = 1, sa_iterations = 1000, initial_temperature = 3.0, cooling_rate = 0.999
26 - INFO - chord#: 182 done. best_score=47.0, changed=519, unchanged=478, early_stops=8/8
26 - INFO - chord#: 183 In build_straw_man_chord_sa. tolerance = 1, sa_iterations = 1000, initial_temperature = 3.0, cooling_rate = 0.999
26 - INFO - chord#: 168 done. best_score=27.0, changed=517, unchanged=387, early_stops=8/8
26 - INFO - chord#: 170 In build_straw_man_chord_sa. tolerance = 1, sa_iterations = 1000, initial_temperature = 3.0, cooling_rate = 0.999
26 - INFO - chord#: 164 done. best_score=27.0, changed=522, unchanged=414, early_stops=8/8
26 - INFO - chord#: 166 In build_straw_man_chord_sa. tolerance = 1, sa_iterations = 1000, initial_temperature = 3.0, cooling_rate = 0.999
26 - INFO - chord#: 184 done. best_score=27.0, changed=525, unchanged=444, early_stops=8/8
26 - INFO - chord#: 168 done. best_score=27.0, changed=533, unchanged=425, early_stops=8/8
26 - INFO - chord#: 170 In build_straw_man_chord_sa. tolerance = 1, sa_iterations = 1000, initial_temperature = 3.0, cooling_rate = 0.999
26 - INFO - chord#: 170 done. best_score=36.0, changed=515, unchanged=301, early_stops=8/8
26 - INFO - chord#: 172 In build_straw_man_chord_sa. tolerance = 1, sa_iterations = 1000, initial_temperature = 3.0, cooling_rate = 0.999
26 - INFO - chord#: 166 done. best_score=67.0, changed=617, unchanged=539, early_stops=8/8
26 - INFO - chord#: 168 In build_straw_man_chord_sa. tolerance = 1, sa_iterations = 1000, initial_temperature = 3.0, cooling_rate = 0.999
26 - INFO - chord#: 172 done. best_score=27.0, changed=521, unchanged=397, early_stops=8/8
26 - INFO - chord#: 174 In build_straw_man_chord_sa. tolerance = 1, sa_iterations = 1000, initial_temperature = 3.0, cooling_rate = 0.999
26 - INFO - chord#: 170 done. best_score=36.0, changed=536, unchanged=492, early_stops=8/8
26 - INFO - chord#: 172 In build_straw_man_chord_sa. tolerance = 1, sa_iterations = 1000, initial_temperature = 3.0, cooling_rate = 0.999
26 - INFO - chord#: 166 done. best_score=67.0, changed=616, unchanged=370, early_stops=8/8
26 - INFO - chord#: 168 In build_straw_man_chord_sa. tolerance = 1, sa_iterations = 1000, initial_temperature = 3.0, cooling_rate = 0.999
26 - INFO - chord#: 183 done. best_score=93.0, changed=615, unchanged=366, early_stops=8/8
26 - INFO - chord#: 184 In build_straw_man_chord_sa. tolerance = 1, sa_iterations = 1000, initial_temperature = 3.0, cooling_rate = 0.999
26 - INFO - chord#: 168 done. best_score=27.0, changed=525, unchanged=335, early_stops=8/8
26 - INFO - chord#: 170 In build_straw_man_chord_sa. tolerance = 1, sa_iterations = 1000, initial_temperature = 3.0, cooling_rate = 0.999
26 - INFO - chord#: 174 done. best_score=27.0, changed=525, unchanged=365, early_stops=8/8
26 - INFO - chord#: 176 In build_straw_man_chord_sa. tolerance = 1, sa_iterations = 1000, initial_temperature = 3.0, cooling_rate = 0.999
26 - INFO - chord#: 172 done. best_score=27.0, changed=526, unchanged=671, early_stops=8/8
26 - INFO - chord#: 174 In build_straw_man_chord_sa. tolerance = 1, sa_iterations = 1000, initial_temperature = 3.0, cooling_rate = 0.999
26 - INFO - chord#: 184 done. best_score=27.0, changed=525, unchanged=398, early_stops=8/8
26 - INFO - chord#: 168 done. best_score=27.0, changed=526, unchanged=509, early_stops=8/8
26 - INFO - chord#: 170 In build_straw_man_chord_sa. tolerance = 1, sa_iterations = 1000, initial_temperature = 3.0, cooling_rate = 0.999
26 - INFO - chord#: 170 done. best_score=36.0, changed=524, unchanged=417, early_stops=8/8
26 - INFO - chord#: 172 In build_straw_man_chord_sa. tolerance = 1, sa_iterations = 1000, initial_temperature = 3.0, cooling_rate = 0.999
26 - INFO - chord#: 176 done. best_score=27.0, changed=528, unchanged=407, early_stops=8/8
26 - INFO - chord#: 180 In build_straw_man_chord_sa. tolerance = 1, sa_iterations = 1000, initial_temperature = 3.0, cooling_rate = 0.999
26 - INFO - chord#: 174 done. best_score=27.0, changed=520, unchanged=370, early_stops=8/8
26 - INFO - chord#: 176 In build_straw_man_chord_sa. tolerance = 1, sa_iterations = 1000, initial_temperature = 3.0, cooling_rate = 0.999
26 - INFO - chord#: 170 done. best_score=36.0, changed=522, unchanged=384, early_stops=8/8
26 - INFO - chord#: 172 In build_straw_man_chord_sa. tolerance = 1, sa_iterations = 1000, initial_temperature = 3.0, cooling_rate = 0.999
26 - INFO - chord#: 180 done. best_score=27.0, changed=519, unchanged=334, early_stops=8/8
26 - INFO - chord#: 182 In build_straw_man_chord_sa. tolerance = 1, sa_iterations = 1000, initial_temperature = 3.0, cooling_rate = 0.999
26 - INFO - chord#: 172 done. best_score=27.0, changed=521, unchanged=473, early_stops=8/8
26 - INFO - chord#: 174 In build_straw_man_chord_sa. tolerance = 1, sa_iterations = 1000, initial_temperature = 3.0, cooling_rate = 0.999
26 - INFO - chord#: 176 done. best_score=27.0, changed=528, unchanged=411, early_stops=8/8
26 - INFO - chord#: 180 In build_straw_man_chord_sa. tolerance = 1, sa_iterations = 1000, initial_temperature = 3.0, cooling_rate = 0.999
26 - INFO - chord#: 172 done. best_score=27.0, changed=519, unchanged=416, early_stops=8/8
26 - INFO - chord#: 174 In build_straw_man_chord_sa. tolerance = 1, sa_iterations = 1000, initial_temperature = 3.0, cooling_rate = 0.999
26 - INFO - chord#: 174 done. best_score=27.0, changed=531, unchanged=395, early_stops=8/8
26 - INFO - chord#: 182 done. best_score=47.0, changed=529, unchanged=413, early_stops=8/8
26 - INFO - chord#: 176 In build_straw_man_chord_sa. tolerance = 1, sa_iterations = 1000, initial_temperature = 3.0, cooling_rate = 0.999
26 - INFO - chord#: 183 In build_straw_man_chord_sa. tolerance = 1, sa_iterations = 1000, initial_temperature = 3.0, cooling_rate = 0.999
26 - INFO - chord#: 180 done. best_score=27.0, changed=520, unchanged=371, early_stops=8/8
26 - INFO - chord#: 182 In build_straw_man_chord_sa. tolerance = 1, sa_iterations = 1000, initial_temperature = 3.0, cooling_rate = 0.999
26 - INFO - chord#: 174 done. best_score=27.0, changed=523, unchanged=356, early_stops=8/8
26 - INFO - chord#: 176 In build_straw_man_chord_sa. tolerance = 1, sa_iterations = 1000, initial_temperature = 3.0, cooling_rate = 0.999
26 - INFO - chord#: 176 done. best_score=27.0, changed=521, unchanged=384, early_stops=8/8
26 - INFO - chord#: 180 In build_straw_man_chord_sa. tolerance = 1, sa_iterations = 1000, initial_temperature = 3.0, cooling_rate = 0.999
26 - INFO - chord#: 182 done. best_score=47.0, changed=525, unchanged=446, early_stops=8/8
26 - INFO - chord#: 183 In build_straw_man_chord_sa. tolerance = 1, sa_iterations = 1000, initial_temperature = 3.0, cooling_rate = 0.999
26 - INFO - chord#: 176 done. best_score=27.0, changed=521, unchanged=378, early_stops=8/8
26 - INFO - chord#: 180 In build_straw_man_chord_sa. tolerance = 1, sa_iterations = 1000, initial_temperature = 3.0, cooling_rate = 0.999
26 - INFO - chord#: 180 done. best_score=27.0, changed=520, unchanged=377, early_stops=8/8
26 - INFO - chord#: 182 In build_straw_man_chord_sa. tolerance = 1, sa_iterations = 1000, initial_temperature = 3.0, cooling_rate = 0.999
26 - INFO - chord#: 180 done. best_score=27.0, changed=524, unchanged=373, early_stops=8/8
26 - INFO - chord#: 182 In build_straw_man_chord_sa. tolerance = 1, sa_iterations = 1000, initial_temperature = 3.0, cooling_rate = 0.999
26 - INFO - chord#: 183 done. best_score=111.0, changed=611, unchanged=290, early_stops=8/8
26 - INFO - chord#: 184 In build_straw_man_chord_sa. tolerance = 1, sa_iterations = 1000, initial_temperature = 3.0, cooling_rate = 0.999
26 - INFO - chord#: 182 done. best_score=47.0, changed=521, unchanged=417, early_stops=8/8
26 - INFO - chord#: 183 In build_straw_man_chord_sa. tolerance = 1, sa_iterations = 1000, initial_temperature = 3.0, cooling_rate = 0.999
26 - INFO - chord#: 183 done. best_score=105.0, changed=607, unchanged=246, early_stops=8/8
26 - INFO - chord#: 184 In build_straw_man_chord_sa. tolerance = 1, sa_iterations = 1000, initial_temperature = 3.0, cooling_rate = 0.999
26 - INFO - chord#: 182 done. best_score=47.0, changed=525, unchanged=513, early_stops=8/8
26 - INFO - chord#: 183 In build_straw_man_chord_sa. tolerance = 1, sa_iterations = 1000, initial_temperature = 3.0, cooling_rate = 0.999
26 - INFO - chord#: 184 done. best_score=27.0, changed=517, unchanged=460, early_stops=8/8
26 - INFO - chord#: 184 done. best_score=27.0, changed=519, unchanged=314, early_stops=8/8
26 - INFO - chord#: 183 done. best_score=111.0, changed=616, unchanged=474, early_stops=8/8
26 - INFO - chord#: 184 In build_straw_man_chord_sa. tolerance = 1, sa_iterations = 1000, initial_temperature = 3.0, cooling_rate = 0.999
26 - INFO - chord#: 183 done. best_score=111.0, changed=613, unchanged=415, early_stops=8/8
26 - INFO - chord#: 184 In build_straw_man_chord_sa. tolerance = 1, sa_iterations = 1000, initial_temperature = 3.0, cooling_rate = 0.999
26 - INFO - chord#: 184 done. best_score=27.0, changed=526, unchanged=318, early_stops=8/8
26 - INFO - chord#: 184 done. best_score=27.0, changed=526, unchanged=400, early_stops=8/8
26 - INFO - chord#: 0 In build_straw_man_chord_sa. tolerance = 1, sa_iterations = 1000, initial_temperature = 3.0, cooling_rate = 0.999
26 - INFO - chord#: 0 In build_straw_man_chord_sa. tolerance = 1, sa_iterations = 1000, initial_temperature = 3.0, cooling_rate = 0.999
26 - INFO - chord#: 0 In build_straw_man_chord_sa. tolerance = 1, sa_iterations = 1000, initial_temperature = 3.0, cooling_rate = 0.999
26 - INFO - chord#: 0 In build_straw_man_chord_sa. tolerance = 1, sa_iterations = 1000, initial_temperature = 3.0, cooling_rate = 0.999
26 - INFO - chord#: 0 In build_straw_man_chord_sa. tolerance = 1, sa_iterations = 1000, initial_temperature = 3.0, cooling_rate = 0.999
26 - INFO - chord#: 0 In build_straw_man_chord_sa. tolerance = 1, sa_iterations = 1000, initial_temperature = 3.0, cooling_rate = 0.999
26 - INFO - chord#: 0 In build_straw_man_chord_sa. tolerance = 1, sa_iterations = 1000, initial_temperature = 3.0, cooling_rate = 0.999
26 - INFO - chord#: 0 In build_straw_man_chord_sa. tolerance = 1, sa_iterations = 1000, initial_temperature = 3.0, cooling_rate = 0.999
26 - INFO - chord#: 0 In build_straw_man_chord_sa. tolerance = 1, sa_iterations = 1000, initial_temperature = 3.0, cooling_rate = 0.999
26 - INFO - chord#: 0 In build_straw_man_chord_sa. tolerance = 1, sa_iterations = 1000, initial_temperature = 3.0, cooling_rate = 0.999
26 - INFO - chord#: 0 In build_straw_man_chord_sa. tolerance = 1, sa_iterations = 1000, initial_temperature = 3.0, cooling_rate = 0.999
26 - INFO - chord#: 0 In build_straw_man_chord_sa. tolerance = 1, sa_iterations = 1000, initial_temperature = 3.0, cooling_rate = 0.999
26 - INFO - chord#: 0 done. best_score=27.0, changed=517, unchanged=398, early_stops=8/8
26 - INFO - chord#: 8 In build_straw_man_chord_sa. tolerance = 1, sa_iterations = 1000, initial_temperature = 3.0, cooling_rate = 0.999
26 - INFO - chord#: 0 done. best_score=27.0, changed=521, unchanged=420, early_stops=8/8
26 - INFO - chord#: 8 In build_straw_man_chord_sa. tolerance = 1, sa_iterations = 1000, initial_temperature = 3.0, cooling_rate = 0.999
26 - INFO - chord#: 0 done. best_score=27.0, changed=523, unchanged=365, early_stops=8/8
26 - INFO - chord#: 8 In build_straw_man_chord_sa. tolerance = 1, sa_iterations = 1000, initial_temperature = 3.0, cooling_rate = 0.999
26 - INFO - chord#: 0 done. best_score=27.0, changed=519, unchanged=346, early_stops=8/8
26 - INFO - chord#: 8 In build_straw_man_chord_sa. tolerance = 1, sa_iterations = 1000, initial_temperature = 3.0, cooling_rate = 0.999
26 - INFO - chord#: 0 done. best_score=27.0, changed=523, unchanged=441, early_stops=8/8
26 - INFO - chord#: 0 done. best_score=27.0, changed=528, unchanged=541, early_stops=8/8
26 - INFO - chord#: 8 In build_straw_man_chord_sa. tolerance = 1, sa_iterations = 1000, initial_temperature = 3.0, cooling_rate = 0.999
26 - INFO - chord#: 0 done. best_score=27.0, changed=521, unchanged=555, early_stops=8/8
26 - INFO - chord#: 8 In build_straw_man_chord_sa. tolerance = 1, sa_iterations = 1000, initial_temperature = 3.0, cooling_rate = 0.999
26 - INFO - chord#: 8 In build_straw_man_chord_sa. tolerance = 1, sa_iterations = 1000, initial_temperature = 3.0, cooling_rate = 0.999
26 - INFO - chord#: 0 done. best_score=27.0, changed=516, unchanged=473, early_stops=8/8
26 - INFO - chord#: 8 In build_straw_man_chord_sa. tolerance = 1, sa_iterations = 1000, initial_temperature = 3.0, cooling_rate = 0.999
26 - INFO - chord#: 0 done. best_score=27.0, changed=515, unchanged=451, early_stops=8/8
26 - INFO - chord#: 8 In build_straw_man_chord_sa. tolerance = 1, sa_iterations = 1000, initial_temperature = 3.0, cooling_rate = 0.999
26 - INFO - chord#: 0 done. best_score=27.0, changed=523, unchanged=487, early_stops=8/8
26 - INFO - chord#: 8 In build_straw_man_chord_sa. tolerance = 1, sa_iterations = 1000, initial_temperature = 3.0, cooling_rate = 0.999
26 - INFO - chord#: 0 done. best_score=27.0, changed=518, unchanged=491, early_stops=8/8
26 - INFO - chord#: 8 In build_straw_man_chord_sa. tolerance = 1, sa_iterations = 1000, initial_temperature = 3.0, cooling_rate = 0.999
26 - INFO - chord#: 0 done. best_score=27.0, changed=523, unchanged=504, early_stops=8/8
26 - INFO - chord#: 8 In build_straw_man_chord_sa. tolerance = 1, sa_iterations = 1000, initial_temperature = 3.0, cooling_rate = 0.999
26 - INFO - chord#: 8 done. best_score=27.0, changed=522, unchanged=436, early_stops=8/8
26 - INFO - chord#: 10 In build_straw_man_chord_sa. tolerance = 1, sa_iterations = 1000, initial_temperature = 3.0, cooling_rate = 0.999
26 - INFO - chord#: 8 done. best_score=27.0, changed=515, unchanged=412, early_stops=8/8
26 - INFO - chord#: 10 In build_straw_man_chord_sa. tolerance = 1, sa_iterations = 1000, initial_temperature = 3.0, cooling_rate = 0.999
26 - INFO - chord#: 8 done. best_score=27.0, changed=525, unchanged=469, early_stops=8/8
26 - INFO - chord#: 10 In build_straw_man_chord_sa. tolerance = 1, sa_iterations = 1000, initial_temperature = 3.0, cooling_rate = 0.999
26 - INFO - chord#: 8 done. best_score=27.0, changed=520, unchanged=390, early_stops=8/8
26 - INFO - chord#: 10 In build_straw_man_chord_sa. tolerance = 1, sa_iterations = 1000, initial_temperature = 3.0, cooling_rate = 0.999
26 - INFO - chord#: 8 done. best_score=27.0, changed=521, unchanged=464, early_stops=8/8
26 - INFO - chord#: 10 In build_straw_man_chord_sa. tolerance = 1, sa_iterations = 1000, initial_temperature = 3.0, cooling_rate = 0.999
26 - INFO - chord#: 8 done. best_score=27.0, changed=512, unchanged=362, early_stops=8/8
26 - INFO - chord#: 10 In build_straw_man_chord_sa. tolerance = 1, sa_iterations = 1000, initial_temperature = 3.0, cooling_rate = 0.999
26 - INFO - chord#: 8 done. best_score=27.0, changed=515, unchanged=441, early_stops=8/8
26 - INFO - chord#: 10 In build_straw_man_chord_sa. tolerance = 1, sa_iterations = 1000, initial_temperature = 3.0, cooling_rate = 0.999
26 - INFO - chord#: 8 done. best_score=27.0, changed=513, unchanged=390, early_stops=8/8
26 - INFO - chord#: 10 In build_straw_man_chord_sa. tolerance = 1, sa_iterations = 1000, initial_temperature = 3.0, cooling_rate = 0.999
26 - INFO - chord#: 8 done. best_score=27.0, changed=528, unchanged=541, early_stops=8/8
26 - INFO - chord#: 10 In build_straw_man_chord_sa. tolerance = 1, sa_iterations = 1000, initial_temperature = 3.0, cooling_rate = 0.999
26 - INFO - chord#: 8 done. best_score=27.0, changed=522, unchanged=447, early_stops=8/8
26 - INFO - chord#: 10 In build_straw_man_chord_sa. tolerance = 1, sa_iterations = 1000, initial_temperature = 3.0, cooling_rate = 0.999
26 - INFO - chord#: 8 done. best_score=27.0, changed=525, unchanged=461, early_stops=8/8
26 - INFO - chord#: 10 In build_straw_man_chord_sa. tolerance = 1, sa_iterations = 1000, initial_temperature = 3.0, cooling_rate = 0.999
26 - INFO - chord#: 8 done. best_score=27.0, changed=521, unchanged=540, early_stops=8/8
26 - INFO - chord#: 10 In build_straw_man_chord_sa. tolerance = 1, sa_iterations = 1000, initial_temperature = 3.0, cooling_rate = 0.999
26 - INFO - chord#: 10 done. best_score=27.0, changed=529, unchanged=376, early_stops=8/8
26 - INFO - chord#: 12 In build_straw_man_chord_sa. tolerance = 1, sa_iterations = 1000, initial_temperature = 3.0, cooling_rate = 0.999
26 - INFO - chord#: 10 done. best_score=27.0, changed=534, unchanged=412, early_stops=8/8
26 - INFO - chord#: 12 In build_straw_man_chord_sa. tolerance = 1, sa_iterations = 1000, initial_temperature = 3.0, cooling_rate = 0.999
26 - INFO - chord#: 10 done. best_score=27.0, changed=524, unchanged=387, early_stops=8/8
26 - INFO - chord#: 12 In build_straw_man_chord_sa. tolerance = 1, sa_iterations = 1000, initial_temperature = 3.0, cooling_rate = 0.999
26 - INFO - chord#: 10 done. best_score=27.0, changed=523, unchanged=327, early_stops=8/8
26 - INFO - chord#: 12 In build_straw_man_chord_sa. tolerance = 1, sa_iterations = 1000, initial_temperature = 3.0, cooling_rate = 0.999
26 - INFO - chord#: 10 done. best_score=27.0, changed=524, unchanged=369, early_stops=8/8
26 - INFO - chord#: 12 In build_straw_man_chord_sa. tolerance = 1, sa_iterations = 1000, initial_temperature = 3.0, cooling_rate = 0.999
26 - INFO - chord#: 10 done. best_score=27.0, changed=538, unchanged=363, early_stops=8/8
26 - INFO - chord#: 12 In build_straw_man_chord_sa. tolerance = 1, sa_iterations = 1000, initial_temperature = 3.0, cooling_rate = 0.999
26 - INFO - chord#: 10 done. best_score=27.0, changed=520, unchanged=315, early_stops=8/8
26 - INFO - chord#: 12 In build_straw_man_chord_sa. tolerance = 1, sa_iterations = 1000, initial_temperature = 3.0, cooling_rate = 0.999
26 - INFO - chord#: 10 done. best_score=27.0, changed=534, unchanged=433, early_stops=8/8
26 - INFO - chord#: 12 In build_straw_man_chord_sa. tolerance = 1, sa_iterations = 1000, initial_temperature = 3.0, cooling_rate = 0.999
26 - INFO - chord#: 10 done. best_score=27.0, changed=523, unchanged=305, early_stops=8/8
26 - INFO - chord#: 12 In build_straw_man_chord_sa. tolerance = 1, sa_iterations = 1000, initial_temperature = 3.0, cooling_rate = 0.999
26 - INFO - chord#: 10 done. best_score=27.0, changed=523, unchanged=288, early_stops=8/8
26 - INFO - chord#: 12 In build_straw_man_chord_sa. tolerance = 1, sa_iterations = 1000, initial_temperature = 3.0, cooling_rate = 0.999
26 - INFO - chord#: 10 done. best_score=27.0, changed=532, unchanged=331, early_stops=8/8
26 - INFO - chord#: 12 In build_straw_man_chord_sa. tolerance = 1, sa_iterations = 1000, initial_temperature = 3.0, cooling_rate = 0.999
26 - INFO - chord#: 10 done. best_score=27.0, changed=535, unchanged=377, early_stops=8/8
26 - INFO - chord#: 12 In build_straw_man_chord_sa. tolerance = 1, sa_iterations = 1000, initial_temperature = 3.0, cooling_rate = 0.999
26 - INFO - chord#: 12 done. best_score=70.0, changed=617, unchanged=321, early_stops=8/8
26 - INFO - chord#: 14 In build_straw_man_chord_sa. tolerance = 1, sa_iterations = 1000, initial_temperature = 3.0, cooling_rate = 0.999
26 - INFO - chord#: 12 done. best_score=70.0, changed=611, unchanged=357, early_stops=8/8
26 - INFO - chord#: 14 In build_straw_man_chord_sa. tolerance = 1, sa_iterations = 1000, initial_temperature = 3.0, cooling_rate = 0.999
26 - INFO - chord#: 12 done. best_score=104.0, changed=623, unchanged=426, early_stops=8/8
26 - INFO - chord#: 14 In build_straw_man_chord_sa. tolerance = 1, sa_iterations = 1000, initial_temperature = 3.0, cooling_rate = 0.999
26 - INFO - chord#: 12 done. best_score=70.0, changed=616, unchanged=271, early_stops=8/8
26 - INFO - chord#: 14 In build_straw_man_chord_sa. tolerance = 1, sa_iterations = 1000, initial_temperature = 3.0, cooling_rate = 0.999
26 - INFO - chord#: 12 done. best_score=173.0, changed=608, unchanged=258, early_stops=8/8
26 - INFO - chord#: 14 In build_straw_man_chord_sa. tolerance = 1, sa_iterations = 1000, initial_temperature = 3.0, cooling_rate = 0.999
26 - INFO - chord#: 12 done. best_score=104.0, changed=611, unchanged=243, early_stops=8/8
26 - INFO - chord#: 14 In build_straw_man_chord_sa. tolerance = 1, sa_iterations = 1000, initial_temperature = 3.0, cooling_rate = 0.999
26 - INFO - chord#: 14 done. best_score=27.0, changed=516, unchanged=304, early_stops=8/8
26 - INFO - chord#: 16 In build_straw_man_chord_sa. tolerance = 1, sa_iterations = 1000, initial_temperature = 3.0, cooling_rate = 0.999
26 - INFO - chord#: 14 done. best_score=27.0, changed=526, unchanged=301, early_stops=8/8
26 - INFO - chord#: 16 In build_straw_man_chord_sa. tolerance = 1, sa_iterations = 1000, initial_temperature = 3.0, cooling_rate = 0.999
26 - INFO - chord#: 14 done. best_score=27.0, changed=534, unchanged=349, early_stops=8/8
26 - INFO - chord#: 16 In build_straw_man_chord_sa. tolerance = 1, sa_iterations = 1000, initial_temperature = 3.0, cooling_rate = 0.999
26 - INFO - chord#: 12 done. best_score=75.0, changed=611, unchanged=290, early_stops=8/8
26 - INFO - chord#: 14 In build_straw_man_chord_sa. tolerance = 1, sa_iterations = 1000, initial_temperature = 3.0, cooling_rate = 0.999
26 - INFO - chord#: 12 done. best_score=75.0, changed=608, unchanged=232, early_stops=8/8
26 - INFO - chord#: 14 In build_straw_man_chord_sa. tolerance = 1, sa_iterations = 1000, initial_temperature = 3.0, cooling_rate = 0.999
26 - INFO - chord#: 14 done. best_score=27.0, changed=541, unchanged=420, early_stops=8/8
26 - INFO - chord#: 16 In build_straw_man_chord_sa. tolerance = 1, sa_iterations = 1000, initial_temperature = 3.0, cooling_rate = 0.999
26 - INFO - chord#: 12 done. best_score=70.0, changed=617, unchanged=339, early_stops=8/8
26 - INFO - chord#: 14 In build_straw_man_chord_sa. tolerance = 1, sa_iterations = 1000, initial_temperature = 3.0, cooling_rate = 0.999
26 - INFO - chord#: 14 done. best_score=27.0, changed=535, unchanged=381, early_stops=8/8
26 - INFO - chord#: 16 In build_straw_man_chord_sa. tolerance = 1, sa_iterations = 1000, initial_temperature = 3.0, cooling_rate = 0.999
26 - INFO - chord#: 12 done. best_score=75.0, changed=616, unchanged=347, early_stops=8/8
26 - INFO - chord#: 14 In build_straw_man_chord_sa. tolerance = 1, sa_iterations = 1000, initial_temperature = 3.0, cooling_rate = 0.999
26 - INFO - chord#: 12 done. best_score=70.0, changed=611, unchanged=327, early_stops=8/8
26 - INFO - chord#: 14 In build_straw_man_chord_sa. tolerance = 1, sa_iterations = 1000, initial_temperature = 3.0, cooling_rate = 0.999
26 - INFO - chord#: 12 done. best_score=70.0, changed=611, unchanged=662, early_stops=8/8
26 - INFO - chord#: 14 In build_straw_man_chord_sa. tolerance = 1, sa_iterations = 1000, initial_temperature = 3.0, cooling_rate = 0.999
26 - INFO - chord#: 14 done. best_score=57.0, changed=532, unchanged=345, early_stops=8/8
26 - INFO - chord#: 16 In build_straw_man_chord_sa. tolerance = 1, sa_iterations = 1000, initial_temperature = 3.0, cooling_rate = 0.999
26 - INFO - chord#: 14 done. best_score=36.0, changed=529, unchanged=312, early_stops=8/8
26 - INFO - chord#: 16 In build_straw_man_chord_sa. tolerance = 1, sa_iterations = 1000, initial_temperature = 3.0, cooling_rate = 0.999
26 - INFO - chord#: 14 done. best_score=27.0, changed=513, unchanged=297, early_stops=8/8
26 - INFO - chord#: 16 In build_straw_man_chord_sa. tolerance = 1, sa_iterations = 1000, initial_temperature = 3.0, cooling_rate = 0.999
26 - INFO - chord#: 14 done. best_score=36.0, changed=525, unchanged=349, early_stops=8/8
26 - INFO - chord#: 16 In build_straw_man_chord_sa. tolerance = 1, sa_iterations = 1000, initial_temperature = 3.0, cooling_rate = 0.999
26 - INFO - chord#: 14 done. best_score=27.0, changed=522, unchanged=312, early_stops=8/8
26 - INFO - chord#: 16 In build_straw_man_chord_sa. tolerance = 1, sa_iterations = 1000, initial_temperature = 3.0, cooling_rate = 0.999
26 - INFO - chord#: 14 done. best_score=27.0, changed=523, unchanged=304, early_stops=8/8
26 - INFO - chord#: 16 In build_straw_man_chord_sa. tolerance = 1, sa_iterations = 1000, initial_temperature = 3.0, cooling_rate = 0.999
26 - INFO - chord#: 14 done. best_score=27.0, changed=520, unchanged=316, early_stops=8/8
26 - INFO - chord#: 16 In build_straw_man_chord_sa. tolerance = 1, sa_iterations = 1000, initial_temperature = 3.0, cooling_rate = 0.999
26 - INFO - chord#: 16 done. best_score=64.0, changed=612, unchanged=265, early_stops=8/8
26 - INFO - chord#: 20 In build_straw_man_chord_sa. tolerance = 1, sa_iterations = 1000, initial_temperature = 3.0, cooling_rate = 0.999
26 - INFO - chord#: 16 done. best_score=64.0, changed=608, unchanged=257, early_stops=8/8
26 - INFO - chord#: 20 In build_straw_man_chord_sa. tolerance = 1, sa_iterations = 1000, initial_temperature = 3.0, cooling_rate = 0.999
26 - INFO - chord#: 16 done. best_score=71.0, changed=610, unchanged=264, early_stops=8/8
26 - INFO - chord#: 20 In build_straw_man_chord_sa. tolerance = 1, sa_iterations = 1000, initial_temperature = 3.0, cooling_rate = 0.999
26 - INFO - chord#: 16 done. best_score=64.0, changed=612, unchanged=360, early_stops=8/8
26 - INFO - chord#: 20 In build_straw_man_chord_sa. tolerance = 1, sa_iterations = 1000, initial_temperature = 3.0, cooling_rate = 0.999
26 - INFO - chord#: 20 done. best_score=27.0, changed=519, unchanged=309, early_stops=8/8
26 - INFO - chord#: 22 In build_straw_man_chord_sa. tolerance = 1, sa_iterations = 1000, initial_temperature = 3.0, cooling_rate = 0.999
26 - INFO - chord#: 20 done. best_score=27.0, changed=519, unchanged=346, early_stops=8/8
26 - INFO - chord#: 22 In build_straw_man_chord_sa. tolerance = 1, sa_iterations = 1000, initial_temperature = 3.0, cooling_rate = 0.999
26 - INFO - chord#: 16 done. best_score=71.0, changed=616, unchanged=379, early_stops=8/8
26 - INFO - chord#: 20 In build_straw_man_chord_sa. tolerance = 1, sa_iterations = 1000, initial_temperature = 3.0, cooling_rate = 0.999
26 - INFO - chord#: 20 done. best_score=27.0, changed=525, unchanged=342, early_stops=8/8
26 - INFO - chord#: 22 In build_straw_man_chord_sa. tolerance = 1, sa_iterations = 1000, initial_temperature = 3.0, cooling_rate = 0.999
26 - INFO - chord#: 22 done. best_score=9.0, changed=477, unchanged=359, early_stops=8/8
26 - INFO - chord#: 24 In build_straw_man_chord_sa. tolerance = 1, sa_iterations = 1000, initial_temperature = 3.0, cooling_rate = 0.999
26 - INFO - chord#: 22 done. best_score=9.0, changed=474, unchanged=353, early_stops=8/8
26 - INFO - chord#: 24 In build_straw_man_chord_sa. tolerance = 1, sa_iterations = 1000, initial_temperature = 3.0, cooling_rate = 0.999
26 - INFO - chord#: 16 done. best_score=112.0, changed=609, unchanged=218, early_stops=8/8
26 - INFO - chord#: 20 In build_straw_man_chord_sa. tolerance = 1, sa_iterations = 1000, initial_temperature = 3.0, cooling_rate = 0.999
26 - INFO - chord#: 22 done. best_score=9.0, changed=479, unchanged=362, early_stops=8/8
26 - INFO - chord#: 24 In build_straw_man_chord_sa. tolerance = 1, sa_iterations = 1000, initial_temperature = 3.0, cooling_rate = 0.999
26 - INFO - chord#: 20 done. best_score=27.0, changed=527, unchanged=606, early_stops=8/8
26 - INFO - chord#: 22 In build_straw_man_chord_sa. tolerance = 1, sa_iterations = 1000, initial_temperature = 3.0, cooling_rate = 0.999
26 - INFO - chord#: 16 done. best_score=64.0, changed=607, unchanged=237, early_stops=8/8
26 - INFO - chord#: 20 In build_straw_man_chord_sa. tolerance = 1, sa_iterations = 1000, initial_temperature = 3.0, cooling_rate = 0.999
26 - INFO - chord#: 22 done. best_score=9.0, changed=465, unchanged=361, early_stops=8/8
26 - INFO - chord#: 24 In build_straw_man_chord_sa. tolerance = 1, sa_iterations = 1000, initial_temperature = 3.0, cooling_rate = 0.999
26 - INFO - chord#: 20 done. best_score=27.0, changed=528, unchanged=425, early_stops=8/8
26 - INFO - chord#: 22 In build_straw_man_chord_sa. tolerance = 1, sa_iterations = 1000, initial_temperature = 3.0, cooling_rate = 0.999
26 - INFO - chord#: 24 done. best_score=27.0, changed=526, unchanged=461, early_stops=8/8
26 - INFO - chord#: 28 In build_straw_man_chord_sa. tolerance = 1, sa_iterations = 1000, initial_temperature = 3.0, cooling_rate = 0.999
26 - INFO - chord#: 20 done. best_score=27.0, changed=525, unchanged=319, early_stops=8/8
26 - INFO - chord#: 22 In build_straw_man_chord_sa. tolerance = 1, sa_iterations = 1000, initial_temperature = 3.0, cooling_rate = 0.999
26 - INFO - chord#: 16 done. best_score=71.0, changed=611, unchanged=239, early_stops=8/8
26 - INFO - chord#: 20 In build_straw_man_chord_sa. tolerance = 1, sa_iterations = 1000, initial_temperature = 3.0, cooling_rate = 0.999
26 - INFO - chord#: 24 done. best_score=27.0, changed=526, unchanged=387, early_stops=8/8
26 - INFO - chord#: 28 In build_straw_man_chord_sa. tolerance = 1, sa_iterations = 1000, initial_temperature = 3.0, cooling_rate = 0.999
26 - INFO - chord#: 22 done. best_score=9.0, changed=449, unchanged=363, early_stops=8/8
26 - INFO - chord#: 24 In build_straw_man_chord_sa. tolerance = 1, sa_iterations = 1000, initial_temperature = 3.0, cooling_rate = 0.999
26 - INFO - chord#: 16 done. best_score=104.0, changed=610, unchanged=279, early_stops=8/8
26 - INFO - chord#: 20 In build_straw_man_chord_sa. tolerance = 1, sa_iterations = 1000, initial_temperature = 3.0, cooling_rate = 0.999
26 - INFO - chord#: 16 done. best_score=71.0, changed=616, unchanged=461, early_stops=8/8
26 - INFO - chord#: 20 In build_straw_man_chord_sa. tolerance = 1, sa_iterations = 1000, initial_temperature = 3.0, cooling_rate = 0.999
26 - INFO - chord#: 24 done. best_score=27.0, changed=525, unchanged=390, early_stops=8/8
26 - INFO - chord#: 28 In build_straw_man_chord_sa. tolerance = 1, sa_iterations = 1000, initial_temperature = 3.0, cooling_rate = 0.999
26 - INFO - chord#: 22 done. best_score=9.0, changed=498, unchanged=348, early_stops=8/8
26 - INFO - chord#: 24 In build_straw_man_chord_sa. tolerance = 1, sa_iterations = 1000, initial_temperature = 3.0, cooling_rate = 0.999
26 - INFO - chord#: 16 done. best_score=64.0, changed=613, unchanged=505, early_stops=8/8
26 - INFO - chord#: 20 In build_straw_man_chord_sa. tolerance = 1, sa_iterations = 1000, initial_temperature = 3.0, cooling_rate = 0.999
26 - INFO - chord#: 20 done. best_score=27.0, changed=522, unchanged=403, early_stops=8/8
26 - INFO - chord#: 22 In build_straw_man_chord_sa. tolerance = 1, sa_iterations = 1000, initial_temperature = 3.0, cooling_rate = 0.999
26 - INFO - chord#: 24 done. best_score=27.0, changed=512, unchanged=464, early_stops=8/8
26 - INFO - chord#: 28 In build_straw_man_chord_sa. tolerance = 1, sa_iterations = 1000, initial_temperature = 3.0, cooling_rate = 0.999
26 - INFO - chord#: 28 done. best_score=27.0, changed=524, unchanged=298, early_stops=8/8
26 - INFO - chord#: 32 In build_straw_man_chord_sa. tolerance = 1, sa_iterations = 1000, initial_temperature = 3.0, cooling_rate = 0.999
26 - INFO - chord#: 16 done. best_score=64.0, changed=612, unchanged=398, early_stops=8/8
26 - INFO - chord#: 20 In build_straw_man_chord_sa. tolerance = 1, sa_iterations = 1000, initial_temperature = 3.0, cooling_rate = 0.999
26 - INFO - chord#: 28 done. best_score=27.0, changed=521, unchanged=367, early_stops=8/8
26 - INFO - chord#: 32 In build_straw_man_chord_sa. tolerance = 1, sa_iterations = 1000, initial_temperature = 3.0, cooling_rate = 0.999
26 - INFO - chord#: 22 done. best_score=9.0, changed=485, unchanged=334, early_stops=8/8
26 - INFO - chord#: 24 In build_straw_man_chord_sa. tolerance = 1, sa_iterations = 1000, initial_temperature = 3.0, cooling_rate = 0.999
26 - INFO - chord#: 20 done. best_score=27.0, changed=526, unchanged=336, early_stops=8/8
26 - INFO - chord#: 22 In build_straw_man_chord_sa. tolerance = 1, sa_iterations = 1000, initial_temperature = 3.0, cooling_rate = 0.999
26 - INFO - chord#: 28 done. best_score=27.0, changed=524, unchanged=376, early_stops=8/8
26 - INFO - chord#: 32 In build_straw_man_chord_sa. tolerance = 1, sa_iterations = 1000, initial_temperature = 3.0, cooling_rate = 0.999
26 - INFO - chord#: 20 done. best_score=61.0, changed=518, unchanged=292, early_stops=8/8
26 - INFO - chord#: 22 In build_straw_man_chord_sa. tolerance = 1, sa_iterations = 1000, initial_temperature = 3.0, cooling_rate = 0.999
26 - INFO - chord#: 24 done. best_score=27.0, changed=521, unchanged=386, early_stops=8/8
26 - INFO - chord#: 28 In build_straw_man_chord_sa. tolerance = 1, sa_iterations = 1000, initial_temperature = 3.0, cooling_rate = 0.999
26 - INFO - chord#: 24 done. best_score=27.0, changed=520, unchanged=352, early_stops=8/8
26 - INFO - chord#: 28 In build_straw_man_chord_sa. tolerance = 1, sa_iterations = 1000, initial_temperature = 3.0, cooling_rate = 0.999
26 - INFO - chord#: 20 done. best_score=59.0, changed=531, unchanged=443, early_stops=8/8
26 - INFO - chord#: 22 In build_straw_man_chord_sa. tolerance = 1, sa_iterations = 1000, initial_temperature = 3.0, cooling_rate = 0.999
26 - INFO - chord#: 22 done. best_score=9.0, changed=477, unchanged=339, early_stops=8/8
26 - INFO - chord#: 24 In build_straw_man_chord_sa. tolerance = 1, sa_iterations = 1000, initial_temperature = 3.0, cooling_rate = 0.999
26 - INFO - chord#: 22 done. best_score=9.0, changed=510, unchanged=311, early_stops=8/8
26 - INFO - chord#: 24 In build_straw_man_chord_sa. tolerance = 1, sa_iterations = 1000, initial_temperature = 3.0, cooling_rate = 0.999
26 - INFO - chord#: 22 done. best_score=9.0, changed=484, unchanged=361, early_stops=8/8
26 - INFO - chord#: 24 In build_straw_man_chord_sa. tolerance = 1, sa_iterations = 1000, initial_temperature = 3.0, cooling_rate = 0.999
26 - INFO - chord#: 28 done. best_score=27.0, changed=536, unchanged=346, early_stops=8/8
26 - INFO - chord#: 32 In build_straw_man_chord_sa. tolerance = 1, sa_iterations = 1000, initial_temperature = 3.0, cooling_rate = 0.999
26 - INFO - chord#: 32 done. best_score=27.0, changed=536, unchanged=401, early_stops=8/8
26 - INFO - chord#: 34 In build_straw_man_chord_sa. tolerance = 1, sa_iterations = 1000, initial_temperature = 3.0, cooling_rate = 0.999
26 - INFO - chord#: 32 done. best_score=27.0, changed=529, unchanged=352, early_stops=8/8
26 - INFO - chord#: 34 In build_straw_man_chord_sa. tolerance = 1, sa_iterations = 1000, initial_temperature = 3.0, cooling_rate = 0.999
26 - INFO - chord#: 20 done. best_score=27.0, changed=519, unchanged=404, early_stops=8/8
26 - INFO - chord#: 22 In build_straw_man_chord_sa. tolerance = 1, sa_iterations = 1000, initial_temperature = 3.0, cooling_rate = 0.999
26 - INFO - chord#: 20 done. best_score=27.0, changed=524, unchanged=361, early_stops=8/8
26 - INFO - chord#: 22 In build_straw_man_chord_sa. tolerance = 1, sa_iterations = 1000, initial_temperature = 3.0, cooling_rate = 0.999
26 - INFO - chord#: 22 done. best_score=9.0, changed=468, unchanged=341, early_stops=8/8
26 - INFO - chord#: 24 In build_straw_man_chord_sa. tolerance = 1, sa_iterations = 1000, initial_temperature = 3.0, cooling_rate = 0.999
26 - INFO - chord#: 32 done. best_score=27.0, changed=526, unchanged=337, early_stops=8/8
26 - INFO - chord#: 34 In build_straw_man_chord_sa. tolerance = 1, sa_iterations = 1000, initial_temperature = 3.0, cooling_rate = 0.999
26 - INFO - chord#: 28 done. best_score=27.0, changed=513, unchanged=293, early_stops=8/8
26 - INFO - chord#: 32 In build_straw_man_chord_sa. tolerance = 1, sa_iterations = 1000, initial_temperature = 3.0, cooling_rate = 0.999
26 - INFO - chord#: 24 done. best_score=27.0, changed=517, unchanged=387, early_stops=8/8
26 - INFO - chord#: 28 In build_straw_man_chord_sa. tolerance = 1, sa_iterations = 1000, initial_temperature = 3.0, cooling_rate = 0.999
26 - INFO - chord#: 28 done. best_score=27.0, changed=520, unchanged=324, early_stops=8/8
26 - INFO - chord#: 32 In build_straw_man_chord_sa. tolerance = 1, sa_iterations = 1000, initial_temperature = 3.0, cooling_rate = 0.999
26 - INFO - chord#: 22 done. best_score=9.0, changed=474, unchanged=352, early_stops=8/8
26 - INFO - chord#: 24 In build_straw_man_chord_sa. tolerance = 1, sa_iterations = 1000, initial_temperature = 3.0, cooling_rate = 0.999
26 - INFO - chord#: 32 done. best_score=27.0, changed=532, unchanged=341, early_stops=8/8
26 - INFO - chord#: 34 In build_straw_man_chord_sa. tolerance = 1, sa_iterations = 1000, initial_temperature = 3.0, cooling_rate = 0.999
26 - INFO - chord#: 24 done. best_score=27.0, changed=521, unchanged=491, early_stops=8/8
26 - INFO - chord#: 28 In build_straw_man_chord_sa. tolerance = 1, sa_iterations = 1000, initial_temperature = 3.0, cooling_rate = 0.999
26 - INFO - chord#: 24 done. best_score=27.0, changed=522, unchanged=431, early_stops=8/8
26 - INFO - chord#: 28 In build_straw_man_chord_sa. tolerance = 1, sa_iterations = 1000, initial_temperature = 3.0, cooling_rate = 0.999
26 - INFO - chord#: 24 done. best_score=27.0, changed=522, unchanged=410, early_stops=8/8
26 - INFO - chord#: 28 In build_straw_man_chord_sa. tolerance = 1, sa_iterations = 1000, initial_temperature = 3.0, cooling_rate = 0.999
26 - INFO - chord#: 32 done. best_score=27.0, changed=524, unchanged=341, early_stops=8/8
26 - INFO - chord#: 34 In build_straw_man_chord_sa. tolerance = 1, sa_iterations = 1000, initial_temperature = 3.0, cooling_rate = 0.999
26 - INFO - chord#: 32 done. best_score=27.0, changed=521, unchanged=319, early_stops=8/8
26 - INFO - chord#: 34 In build_straw_man_chord_sa. tolerance = 1, sa_iterations = 1000, initial_temperature = 3.0, cooling_rate = 0.999
26 - INFO - chord#: 28 done. best_score=27.0, changed=520, unchanged=340, early_stops=8/8
26 - INFO - chord#: 32 In build_straw_man_chord_sa. tolerance = 1, sa_iterations = 1000, initial_temperature = 3.0, cooling_rate = 0.999
26 - INFO - chord#: 24 done. best_score=27.0, changed=514, unchanged=309, early_stops=8/8
26 - INFO - chord#: 28 In build_straw_man_chord_sa. tolerance = 1, sa_iterations = 1000, initial_temperature = 3.0, cooling_rate = 0.999
26 - INFO - chord#: 24 done. best_score=27.0, changed=511, unchanged=331, early_stops=8/8
26 - INFO - chord#: 28 In build_straw_man_chord_sa. tolerance = 1, sa_iterations = 1000, initial_temperature = 3.0, cooling_rate = 0.999
26 - INFO - chord#: 28 done. best_score=27.0, changed=528, unchanged=384, early_stops=8/8
26 - INFO - chord#: 32 In build_straw_man_chord_sa. tolerance = 1, sa_iterations = 1000, initial_temperature = 3.0, cooling_rate = 0.999
26 - INFO - chord#: 28 done. best_score=27.0, changed=520, unchanged=338, early_stops=8/8
26 - INFO - chord#: 32 In build_straw_man_chord_sa. tolerance = 1, sa_iterations = 1000, initial_temperature = 3.0, cooling_rate = 0.999
26 - INFO - chord#: 28 done. best_score=27.0, changed=534, unchanged=350, early_stops=8/8
26 - INFO - chord#: 32 In build_straw_man_chord_sa. tolerance = 1, sa_iterations = 1000, initial_temperature = 3.0, cooling_rate = 0.999
26 - INFO - chord#: 34 done. best_score=70.0, changed=611, unchanged=314, early_stops=8/8
26 - INFO - chord#: 36 In build_straw_man_chord_sa. tolerance = 1, sa_iterations = 1000, initial_temperature = 3.0, cooling_rate = 0.999
26 - INFO - chord#: 34 done. best_score=70.0, changed=610, unchanged=356, early_stops=8/8
26 - INFO - chord#: 36 In build_straw_man_chord_sa. tolerance = 1, sa_iterations = 1000, initial_temperature = 3.0, cooling_rate = 0.999
26 - INFO - chord#: 28 done. best_score=27.0, changed=525, unchanged=309, early_stops=8/8
26 - INFO - chord#: 32 In build_straw_man_chord_sa. tolerance = 1, sa_iterations = 1000, initial_temperature = 3.0, cooling_rate = 0.999
26 - INFO - chord#: 28 done. best_score=27.0, changed=525, unchanged=319, early_stops=8/8
26 - INFO - chord#: 32 In build_straw_man_chord_sa. tolerance = 1, sa_iterations = 1000, initial_temperature = 3.0, cooling_rate = 0.999
26 - INFO - chord#: 32 done. best_score=27.0, changed=522, unchanged=384, early_stops=8/8
26 - INFO - chord#: 34 In build_straw_man_chord_sa. tolerance = 1, sa_iterations = 1000, initial_temperature = 3.0, cooling_rate = 0.999
26 - INFO - chord#: 34 done. best_score=70.0, changed=613, unchanged=376, early_stops=8/8
26 - INFO - chord#: 36 In build_straw_man_chord_sa. tolerance = 1, sa_iterations = 1000, initial_temperature = 3.0, cooling_rate = 0.999
26 - INFO - chord#: 36 done. best_score=27.0, changed=519, unchanged=327, early_stops=8/8
26 - INFO - chord#: 38 In build_straw_man_chord_sa. tolerance = 1, sa_iterations = 1000, initial_temperature = 3.0, cooling_rate = 0.999
26 - INFO - chord#: 34 done. best_score=70.0, changed=614, unchanged=335, early_stops=8/8
26 - INFO - chord#: 36 In build_straw_man_chord_sa. tolerance = 1, sa_iterations = 1000, initial_temperature = 3.0, cooling_rate = 0.999
26 - INFO - chord#: 36 done. best_score=27.0, changed=535, unchanged=382, early_stops=8/8
26 - INFO - chord#: 38 In build_straw_man_chord_sa. tolerance = 1, sa_iterations = 1000, initial_temperature = 3.0, cooling_rate = 0.999
26 - INFO - chord#: 32 done. best_score=27.0, changed=529, unchanged=331, early_stops=8/8
26 - INFO - chord#: 34 In build_straw_man_chord_sa. tolerance = 1, sa_iterations = 1000, initial_temperature = 3.0, cooling_rate = 0.999
26 - INFO - chord#: 32 done. best_score=27.0, changed=526, unchanged=390, early_stops=8/8
26 - INFO - chord#: 34 In build_straw_man_chord_sa. tolerance = 1, sa_iterations = 1000, initial_temperature = 3.0, cooling_rate = 0.999
26 - INFO - chord#: 32 done. best_score=27.0, changed=518, unchanged=360, early_stops=8/8
26 - INFO - chord#: 34 In build_straw_man_chord_sa. tolerance = 1, sa_iterations = 1000, initial_temperature = 3.0, cooling_rate = 0.999
26 - INFO - chord#: 34 done. best_score=70.0, changed=615, unchanged=298, early_stops=8/8
26 - INFO - chord#: 36 In build_straw_man_chord_sa. tolerance = 1, sa_iterations = 1000, initial_temperature = 3.0, cooling_rate = 0.999
26 - INFO - chord#: 36 done. best_score=27.0, changed=517, unchanged=332, early_stops=8/8
26 - INFO - chord#: 38 In build_straw_man_chord_sa. tolerance = 1, sa_iterations = 1000, initial_temperature = 3.0, cooling_rate = 0.999
26 - INFO - chord#: 32 done. best_score=27.0, changed=529, unchanged=370, early_stops=8/8
26 - INFO - chord#: 34 In build_straw_man_chord_sa. tolerance = 1, sa_iterations = 1000, initial_temperature = 3.0, cooling_rate = 0.999
26 - INFO - chord#: 34 done. best_score=70.0, changed=614, unchanged=295, early_stops=8/8
26 - INFO - chord#: 36 In build_straw_man_chord_sa. tolerance = 1, sa_iterations = 1000, initial_temperature = 3.0, cooling_rate = 0.999
26 - INFO - chord#: 32 done. best_score=27.0, changed=529, unchanged=333, early_stops=8/8
26 - INFO - chord#: 34 In build_straw_man_chord_sa. tolerance = 1, sa_iterations = 1000, initial_temperature = 3.0, cooling_rate = 0.999
26 - INFO - chord#: 36 done. best_score=27.0, changed=521, unchanged=333, early_stops=8/8
26 - INFO - chord#: 38 In build_straw_man_chord_sa. tolerance = 1, sa_iterations = 1000, initial_temperature = 3.0, cooling_rate = 0.999
26 - INFO - chord#: 36 done. best_score=27.0, changed=527, unchanged=376, early_stops=8/8
26 - INFO - chord#: 38 In build_straw_man_chord_sa. tolerance = 1, sa_iterations = 1000, initial_temperature = 3.0, cooling_rate = 0.999
26 - INFO - chord#: 36 done. best_score=27.0, changed=527, unchanged=318, early_stops=8/8
26 - INFO - chord#: 38 In build_straw_man_chord_sa. tolerance = 1, sa_iterations = 1000, initial_temperature = 3.0, cooling_rate = 0.999
26 - INFO - chord#: 34 done. best_score=141.0, changed=609, unchanged=261, early_stops=8/8
26 - INFO - chord#: 36 In build_straw_man_chord_sa. tolerance = 1, sa_iterations = 1000, initial_temperature = 3.0, cooling_rate = 0.999
26 - INFO - chord#: 38 done. best_score=120.0, changed=609, unchanged=268, early_stops=8/8
26 - INFO - chord#: 40 In build_straw_man_chord_sa. tolerance = 1, sa_iterations = 1000, initial_temperature = 3.0, cooling_rate = 0.999
26 - INFO - chord#: 38 done. best_score=82.0, changed=609, unchanged=238, early_stops=8/8
26 - INFO - chord#: 40 In build_straw_man_chord_sa. tolerance = 1, sa_iterations = 1000, initial_temperature = 3.0, cooling_rate = 0.999
26 - INFO - chord#: 34 done. best_score=70.0, changed=609, unchanged=301, early_stops=8/8
26 - INFO - chord#: 36 In build_straw_man_chord_sa. tolerance = 1, sa_iterations = 1000, initial_temperature = 3.0, cooling_rate = 0.999
26 - INFO - chord#: 40 done. best_score=31.0, changed=530, unchanged=351, early_stops=8/8
26 - INFO - chord#: 42 In build_straw_man_chord_sa. tolerance = 1, sa_iterations = 1000, initial_temperature = 3.0, cooling_rate = 0.999
26 - INFO - chord#: 38 done. best_score=82.0, changed=614, unchanged=394, early_stops=8/8
26 - INFO - chord#: 40 In build_straw_man_chord_sa. tolerance = 1, sa_iterations = 1000, initial_temperature = 3.0, cooling_rate = 0.999
26 - INFO - chord#: 40 done. best_score=31.0, changed=524, unchanged=329, early_stops=8/8
26 - INFO - chord#: 42 In build_straw_man_chord_sa. tolerance = 1, sa_iterations = 1000, initial_temperature = 3.0, cooling_rate = 0.999
26 - INFO - chord#: 34 done. best_score=70.0, changed=615, unchanged=372, early_stops=8/8
26 - INFO - chord#: 36 In build_straw_man_chord_sa. tolerance = 1, sa_iterations = 1000, initial_temperature = 3.0, cooling_rate = 0.999
26 - INFO - chord#: 34 done. best_score=70.0, changed=612, unchanged=333, early_stops=8/8
26 - INFO - chord#: 36 In build_straw_man_chord_sa. tolerance = 1, sa_iterations = 1000, initial_temperature = 3.0, cooling_rate = 0.999
26 - INFO - chord#: 34 done. best_score=111.0, changed=610, unchanged=218, early_stops=8/8
26 - INFO - chord#: 36 In build_straw_man_chord_sa. tolerance = 1, sa_iterations = 1000, initial_temperature = 3.0, cooling_rate = 0.999
26 - INFO - chord#: 36 done. best_score=27.0, changed=551, unchanged=262, early_stops=8/8
26 - INFO - chord#: 38 In build_straw_man_chord_sa. tolerance = 1, sa_iterations = 1000, initial_temperature = 3.0, cooling_rate = 0.999
26 - INFO - chord#: 36 done. best_score=27.0, changed=516, unchanged=302, early_stops=8/8
26 - INFO - chord#: 38 In build_straw_man_chord_sa. tolerance = 1, sa_iterations = 1000, initial_temperature = 3.0, cooling_rate = 0.999
26 - INFO - chord#: 34 done. best_score=70.0, changed=610, unchanged=277, early_stops=8/8
26 - INFO - chord#: 36 In build_straw_man_chord_sa. tolerance = 1, sa_iterations = 1000, initial_temperature = 3.0, cooling_rate = 0.999
26 - INFO - chord#: 40 done. best_score=31.0, changed=524, unchanged=351, early_stops=8/8
26 - INFO - chord#: 42 In build_straw_man_chord_sa. tolerance = 1, sa_iterations = 1000, initial_temperature = 3.0, cooling_rate = 0.999
26 - INFO - chord#: 38 done. best_score=82.0, changed=615, unchanged=446, early_stops=8/8
26 - INFO - chord#: 40 In build_straw_man_chord_sa. tolerance = 1, sa_iterations = 1000, initial_temperature = 3.0, cooling_rate = 0.999
26 - INFO - chord#: 38 done. best_score=82.0, changed=610, unchanged=273, early_stops=8/8
26 - INFO - chord#: 40 In build_straw_man_chord_sa. tolerance = 1, sa_iterations = 1000, initial_temperature = 3.0, cooling_rate = 0.999
26 - INFO - chord#: 36 done. best_score=27.0, changed=531, unchanged=334, early_stops=8/8
26 - INFO - chord#: 38 In build_straw_man_chord_sa. tolerance = 1, sa_iterations = 1000, initial_temperature = 3.0, cooling_rate = 0.999
26 - INFO - chord#: 36 done. best_score=27.0, changed=530, unchanged=291, early_stops=8/8
26 - INFO - chord#: 38 In build_straw_man_chord_sa. tolerance = 1, sa_iterations = 1000, initial_temperature = 3.0, cooling_rate = 0.999
26 - INFO - chord#: 36 done. best_score=27.0, changed=530, unchanged=339, early_stops=8/8
26 - INFO - chord#: 38 In build_straw_man_chord_sa. tolerance = 1, sa_iterations = 1000, initial_temperature = 3.0, cooling_rate = 0.999
26 - INFO - chord#: 38 done. best_score=82.0, changed=618, unchanged=409, early_stops=8/8
26 - INFO - chord#: 40 In build_straw_man_chord_sa. tolerance = 1, sa_iterations = 1000, initial_temperature = 3.0, cooling_rate = 0.999
26 - INFO - chord#: 36 done. best_score=27.0, changed=525, unchanged=318, early_stops=8/8
26 - INFO - chord#: 38 In build_straw_man_chord_sa. tolerance = 1, sa_iterations = 1000, initial_temperature = 3.0, cooling_rate = 0.999
26 - INFO - chord#: 42 done. best_score=93.0, changed=616, unchanged=289, early_stops=8/8
26 - INFO - chord#: 44 In build_straw_man_chord_sa. tolerance = 1, sa_iterations = 1000, initial_temperature = 3.0, cooling_rate = 0.999
26 - INFO - chord#: 40 done. best_score=31.0, changed=532, unchanged=347, early_stops=8/8
26 - INFO - chord#: 42 In build_straw_man_chord_sa. tolerance = 1, sa_iterations = 1000, initial_temperature = 3.0, cooling_rate = 0.999
26 - INFO - chord#: 40 done. best_score=31.0, changed=529, unchanged=301, early_stops=8/8
26 - INFO - chord#: 42 In build_straw_man_chord_sa. tolerance = 1, sa_iterations = 1000, initial_temperature = 3.0, cooling_rate = 0.999
26 - INFO - chord#: 42 done. best_score=93.0, changed=612, unchanged=448, early_stops=8/8
26 - INFO - chord#: 44 In build_straw_man_chord_sa. tolerance = 1, sa_iterations = 1000, initial_temperature = 3.0, cooling_rate = 0.999
26 - INFO - chord#: 38 done. best_score=82.0, changed=611, unchanged=315, early_stops=8/8
26 - INFO - chord#: 40 In build_straw_man_chord_sa. tolerance = 1, sa_iterations = 1000, initial_temperature = 3.0, cooling_rate = 0.999
26 - INFO - chord#: 40 done. best_score=31.0, changed=520, unchanged=356, early_stops=8/8
26 - INFO - chord#: 42 In build_straw_man_chord_sa. tolerance = 1, sa_iterations = 1000, initial_temperature = 3.0, cooling_rate = 0.999
26 - INFO - chord#: 38 done. best_score=82.0, changed=614, unchanged=277, early_stops=8/8
26 - INFO - chord#: 40 In build_straw_man_chord_sa. tolerance = 1, sa_iterations = 1000, initial_temperature = 3.0, cooling_rate = 0.999
26 - INFO - chord#: 44 done. best_score=27.0, changed=521, unchanged=500, early_stops=8/8
26 - INFO - chord#: 46 In build_straw_man_chord_sa. tolerance = 1, sa_iterations = 1000, initial_temperature = 3.0, cooling_rate = 0.999
26 - INFO - chord#: 42 done. best_score=162.0, changed=610, unchanged=304, early_stops=8/8
26 - INFO - chord#: 44 In build_straw_man_chord_sa. tolerance = 1, sa_iterations = 1000, initial_temperature = 3.0, cooling_rate = 0.999
26 - INFO - chord#: 44 done. best_score=27.0, changed=525, unchanged=416, early_stops=8/8
26 - INFO - chord#: 46 In build_straw_man_chord_sa. tolerance = 1, sa_iterations = 1000, initial_temperature = 3.0, cooling_rate = 0.999
26 - INFO - chord#: 40 done. best_score=31.0, changed=528, unchanged=384, early_stops=8/8
26 - INFO - chord#: 42 In build_straw_man_chord_sa. tolerance = 1, sa_iterations = 1000, initial_temperature = 3.0, cooling_rate = 0.999
26 - INFO - chord#: 38 done. best_score=82.0, changed=618, unchanged=375, early_stops=8/8
26 - INFO - chord#: 40 In build_straw_man_chord_sa. tolerance = 1, sa_iterations = 1000, initial_temperature = 3.0, cooling_rate = 0.999
26 - INFO - chord#: 40 done. best_score=31.0, changed=532, unchanged=381, early_stops=8/8
26 - INFO - chord#: 42 In build_straw_man_chord_sa. tolerance = 1, sa_iterations = 1000, initial_temperature = 3.0, cooling_rate = 0.999
26 - INFO - chord#: 46 done. best_score=27.0, changed=517, unchanged=375, early_stops=8/8
26 - INFO - chord#: 48 In build_straw_man_chord_sa. tolerance = 1, sa_iterations = 1000, initial_temperature = 3.0, cooling_rate = 0.999
26 - INFO - chord#: 38 done. best_score=82.0, changed=615, unchanged=415, early_stops=8/8
26 - INFO - chord#: 40 In build_straw_man_chord_sa. tolerance = 1, sa_iterations = 1000, initial_temperature = 3.0, cooling_rate = 0.999
26 - INFO - chord#: 44 done. best_score=27.0, changed=527, unchanged=357, early_stops=8/8
26 - INFO - chord#: 46 In build_straw_man_chord_sa. tolerance = 1, sa_iterations = 1000, initial_temperature = 3.0, cooling_rate = 0.999
26 - INFO - chord#: 38 done. best_score=82.0, changed=613, unchanged=378, early_stops=8/8
26 - INFO - chord#: 40 In build_straw_man_chord_sa. tolerance = 1, sa_iterations = 1000, initial_temperature = 3.0, cooling_rate = 0.999
26 - INFO - chord#: 46 done. best_score=27.0, changed=519, unchanged=319, early_stops=8/8
26 - INFO - chord#: 48 In build_straw_man_chord_sa. tolerance = 1, sa_iterations = 1000, initial_temperature = 3.0, cooling_rate = 0.999
26 - INFO - chord#: 42 done. best_score=96.0, changed=607, unchanged=299, early_stops=8/8
26 - INFO - chord#: 44 In build_straw_man_chord_sa. tolerance = 1, sa_iterations = 1000, initial_temperature = 3.0, cooling_rate = 0.999
26 - INFO - chord#: 40 done. best_score=31.0, changed=523, unchanged=373, early_stops=8/8
26 - INFO - chord#: 42 In build_straw_man_chord_sa. tolerance = 1, sa_iterations = 1000, initial_temperature = 3.0, cooling_rate = 0.999
26 - INFO - chord#: 42 done. best_score=96.0, changed=612, unchanged=265, early_stops=8/8
26 - INFO - chord#: 44 In build_straw_man_chord_sa. tolerance = 1, sa_iterations = 1000, initial_temperature = 3.0, cooling_rate = 0.999
26 - INFO - chord#: 40 done. best_score=31.0, changed=521, unchanged=372, early_stops=8/8
26 - INFO - chord#: 42 In build_straw_man_chord_sa. tolerance = 1, sa_iterations = 1000, initial_temperature = 3.0, cooling_rate = 0.999
26 - INFO - chord#: 46 done. best_score=27.0, changed=522, unchanged=381, early_stops=8/8
26 - INFO - chord#: 48 In build_straw_man_chord_sa. tolerance = 1, sa_iterations = 1000, initial_temperature = 3.0, cooling_rate = 0.999
26 - INFO - chord#: 38 done. best_score=97.0, changed=616, unchanged=422, early_stops=8/8
26 - INFO - chord#: 40 In build_straw_man_chord_sa. tolerance = 1, sa_iterations = 1000, initial_temperature = 3.0, cooling_rate = 0.999
26 - INFO - chord#: 42 done. best_score=96.0, changed=609, unchanged=270, early_stops=8/8
26 - INFO - chord#: 44 In build_straw_man_chord_sa. tolerance = 1, sa_iterations = 1000, initial_temperature = 3.0, cooling_rate = 0.999
26 - INFO - chord#: 40 done. best_score=31.0, changed=532, unchanged=425, early_stops=8/8
26 - INFO - chord#: 42 In build_straw_man_chord_sa. tolerance = 1, sa_iterations = 1000, initial_temperature = 3.0, cooling_rate = 0.999
26 - INFO - chord#: 48 done. best_score=145.0, changed=609, unchanged=255, early_stops=8/8
26 - INFO - chord#: 50 In build_straw_man_chord_sa. tolerance = 1, sa_iterations = 1000, initial_temperature = 3.0, cooling_rate = 0.999
26 - INFO - chord#: 42 done. best_score=94.0, changed=610, unchanged=330, early_stops=8/8
26 - INFO - chord#: 44 In build_straw_man_chord_sa. tolerance = 1, sa_iterations = 1000, initial_temperature = 3.0, cooling_rate = 0.999
26 - INFO - chord#: 44 done. best_score=27.0, changed=530, unchanged=394, early_stops=8/8
26 - INFO - chord#: 46 In build_straw_man_chord_sa. tolerance = 1, sa_iterations = 1000, initial_temperature = 3.0, cooling_rate = 0.999
26 - INFO - chord#: 44 done. best_score=27.0, changed=523, unchanged=358, early_stops=8/8
26 - INFO - chord#: 46 In build_straw_man_chord_sa. tolerance = 1, sa_iterations = 1000, initial_temperature = 3.0, cooling_rate = 0.999
26 - INFO - chord#: 42 done. best_score=94.0, changed=611, unchanged=446, early_stops=8/8
26 - INFO - chord#: 44 In build_straw_man_chord_sa. tolerance = 1, sa_iterations = 1000, initial_temperature = 3.0, cooling_rate = 0.999
26 - INFO - chord#: 40 done. best_score=31.0, changed=531, unchanged=349, early_stops=8/8
26 - INFO - chord#: 42 In build_straw_man_chord_sa. tolerance = 1, sa_iterations = 1000, initial_temperature = 3.0, cooling_rate = 0.999
26 - INFO - chord#: 44 done. best_score=27.0, changed=516, unchanged=386, early_stops=8/8
26 - INFO - chord#: 46 In build_straw_man_chord_sa. tolerance = 1, sa_iterations = 1000, initial_temperature = 3.0, cooling_rate = 0.999
26 - INFO - chord#: 50 done. best_score=36.0, changed=525, unchanged=358, early_stops=8/8
26 - INFO - chord#: 51 In build_straw_man_chord_sa. tolerance = 1, sa_iterations = 1000, initial_temperature = 3.0, cooling_rate = 0.999
26 - INFO - chord#: 48 done. best_score=74.0, changed=611, unchanged=428, early_stops=8/8
26 - INFO - chord#: 50 In build_straw_man_chord_sa. tolerance = 1, sa_iterations = 1000, initial_temperature = 3.0, cooling_rate = 0.999
26 - INFO - chord#: 42 done. best_score=96.0, changed=613, unchanged=292, early_stops=8/8
26 - INFO - chord#: 44 In build_straw_man_chord_sa. tolerance = 1, sa_iterations = 1000, initial_temperature = 3.0, cooling_rate = 0.999
26 - INFO - chord#: 46 done. best_score=27.0, changed=517, unchanged=324, early_stops=8/8
26 - INFO - chord#: 48 In build_straw_man_chord_sa. tolerance = 1, sa_iterations = 1000, initial_temperature = 3.0, cooling_rate = 0.999
26 - INFO - chord#: 42 done. best_score=94.0, changed=612, unchanged=336, early_stops=8/8
26 - INFO - chord#: 44 In build_straw_man_chord_sa. tolerance = 1, sa_iterations = 1000, initial_temperature = 3.0, cooling_rate = 0.999
26 - INFO - chord#: 44 done. best_score=27.0, changed=529, unchanged=436, early_stops=8/8
26 - INFO - chord#: 46 In build_straw_man_chord_sa. tolerance = 1, sa_iterations = 1000, initial_temperature = 3.0, cooling_rate = 0.999
26 - INFO - chord#: 46 done. best_score=27.0, changed=521, unchanged=366, early_stops=8/8
26 - INFO - chord#: 48 In build_straw_man_chord_sa. tolerance = 1, sa_iterations = 1000, initial_temperature = 3.0, cooling_rate = 0.999
26 - INFO - chord#: 44 done. best_score=36.0, changed=541, unchanged=361, early_stops=8/8
26 - INFO - chord#: 46 In build_straw_man_chord_sa. tolerance = 1, sa_iterations = 1000, initial_temperature = 3.0, cooling_rate = 0.999
26 - INFO - chord#: 46 done. best_score=27.0, changed=523, unchanged=356, early_stops=8/8
26 - INFO - chord#: 48 In build_straw_man_chord_sa. tolerance = 1, sa_iterations = 1000, initial_temperature = 3.0, cooling_rate = 0.999
26 - INFO - chord#: 44 done. best_score=27.0, changed=525, unchanged=372, early_stops=8/8
26 - INFO - chord#: 46 In build_straw_man_chord_sa. tolerance = 1, sa_iterations = 1000, initial_temperature = 3.0, cooling_rate = 0.999
26 - INFO - chord#: 46 done. best_score=27.0, changed=517, unchanged=352, early_stops=8/8
26 - INFO - chord#: 48 In build_straw_man_chord_sa. tolerance = 1, sa_iterations = 1000, initial_temperature = 3.0, cooling_rate = 0.999
26 - INFO - chord#: 44 done. best_score=27.0, changed=524, unchanged=388, early_stops=8/8
26 - INFO - chord#: 46 In build_straw_man_chord_sa. tolerance = 1, sa_iterations = 1000, initial_temperature = 3.0, cooling_rate = 0.999
26 - INFO - chord#: 50 done. best_score=27.0, changed=521, unchanged=455, early_stops=8/8
26 - INFO - chord#: 51 In build_straw_man_chord_sa. tolerance = 1, sa_iterations = 1000, initial_temperature = 3.0, cooling_rate = 0.999
26 - INFO - chord#: 46 done. best_score=36.0, changed=525, unchanged=388, early_stops=8/8
26 - INFO - chord#: 48 In build_straw_man_chord_sa. tolerance = 1, sa_iterations = 1000, initial_temperature = 3.0, cooling_rate = 0.999
26 - INFO - chord#: 42 done. best_score=129.0, changed=610, unchanged=470, early_stops=8/8
26 - INFO - chord#: 44 In build_straw_man_chord_sa. tolerance = 1, sa_iterations = 1000, initial_temperature = 3.0, cooling_rate = 0.999
26 - INFO - chord#: 48 done. best_score=74.0, changed=614, unchanged=439, early_stops=8/8
26 - INFO - chord#: 50 In build_straw_man_chord_sa. tolerance = 1, sa_iterations = 1000, initial_temperature = 3.0, cooling_rate = 0.999
26 - INFO - chord#: 51 done. best_score=71.0, changed=608, unchanged=227, early_stops=8/8
26 - INFO - chord#: 52 In build_straw_man_chord_sa. tolerance = 1, sa_iterations = 1000, initial_temperature = 3.0, cooling_rate = 0.999
26 - INFO - chord#: 46 done. best_score=27.0, changed=516, unchanged=320, early_stops=8/8
26 - INFO - chord#: 48 In build_straw_man_chord_sa. tolerance = 1, sa_iterations = 1000, initial_temperature = 3.0, cooling_rate = 0.999
26 - INFO - chord#: 46 done. best_score=27.0, changed=514, unchanged=356, early_stops=8/8
26 - INFO - chord#: 48 In build_straw_man_chord_sa. tolerance = 1, sa_iterations = 1000, initial_temperature = 3.0, cooling_rate = 0.999
26 - INFO - chord#: 42 done. best_score=96.0, changed=616, unchanged=332, early_stops=8/8
26 - INFO - chord#: 44 In build_straw_man_chord_sa. tolerance = 1, sa_iterations = 1000, initial_temperature = 3.0, cooling_rate = 0.999
26 - INFO - chord#: 48 done. best_score=96.0, changed=609, unchanged=272, early_stops=8/8
26 - INFO - chord#: 52 done. best_score=27.0, changed=519, unchanged=362, early_stops=8/8
26 - INFO - chord#: 50 In build_straw_man_chord_sa. tolerance = 1, sa_iterations = 1000, initial_temperature = 3.0, cooling_rate = 0.999
26 - INFO - chord#: 54 In build_straw_man_chord_sa. tolerance = 1, sa_iterations = 1000, initial_temperature = 3.0, cooling_rate = 0.999
26 - INFO - chord#: 44 done. best_score=27.0, changed=520, unchanged=440, early_stops=8/8
26 - INFO - chord#: 46 In build_straw_man_chord_sa. tolerance = 1, sa_iterations = 1000, initial_temperature = 3.0, cooling_rate = 0.999
26 - INFO - chord#: 48 done. best_score=96.0, changed=611, unchanged=255, early_stops=8/8
26 - INFO - chord#: 50 In build_straw_man_chord_sa. tolerance = 1, sa_iterations = 1000, initial_temperature = 3.0, cooling_rate = 0.999
26 - INFO - chord#: 50 done. best_score=27.0, changed=518, unchanged=435, early_stops=8/8
26 - INFO - chord#: 51 In build_straw_man_chord_sa. tolerance = 1, sa_iterations = 1000, initial_temperature = 3.0, cooling_rate = 0.999
26 - INFO - chord#: 54 done. best_score=9.0, changed=489, unchanged=346, early_stops=8/8
26 - INFO - chord#: 56 In build_straw_man_chord_sa. tolerance = 1, sa_iterations = 1000, initial_temperature = 3.0, cooling_rate = 0.999
26 - INFO - chord#: 48 done. best_score=144.0, changed=608, unchanged=226, early_stops=8/8
26 - INFO - chord#: 50 In build_straw_man_chord_sa. tolerance = 1, sa_iterations = 1000, initial_temperature = 3.0, cooling_rate = 0.999
26 - INFO - chord#: 48 done. best_score=149.0, changed=612, unchanged=205, early_stops=8/8
26 - INFO - chord#: 50 In build_straw_man_chord_sa. tolerance = 1, sa_iterations = 1000, initial_temperature = 3.0, cooling_rate = 0.999
26 - INFO - chord#: 51 done. best_score=64.0, changed=614, unchanged=263, early_stops=8/8
26 - INFO - chord#: 52 In build_straw_man_chord_sa. tolerance = 1, sa_iterations = 1000, initial_temperature = 3.0, cooling_rate = 0.999
26 - INFO - chord#: 44 done. best_score=27.0, changed=524, unchanged=507, early_stops=8/8
26 - INFO - chord#: 46 In build_straw_man_chord_sa. tolerance = 1, sa_iterations = 1000, initial_temperature = 3.0, cooling_rate = 0.999
26 - INFO - chord#: 48 done. best_score=74.0, changed=609, unchanged=305, early_stops=8/8
26 - INFO - chord#: 50 In build_straw_man_chord_sa. tolerance = 1, sa_iterations = 1000, initial_temperature = 3.0, cooling_rate = 0.999
26 - INFO - chord#: 46 done. best_score=27.0, changed=528, unchanged=341, early_stops=8/8
26 - INFO - chord#: 48 In build_straw_man_chord_sa. tolerance = 1, sa_iterations = 1000, initial_temperature = 3.0, cooling_rate = 0.999
26 - INFO - chord#: 56 done. best_score=27.0, changed=519, unchanged=326, early_stops=8/8
26 - INFO - chord#: 60 In build_straw_man_chord_sa. tolerance = 1, sa_iterations = 1000, initial_temperature = 3.0, cooling_rate = 0.999
26 - INFO - chord#: 48 done. best_score=141.0, changed=611, unchanged=261, early_stops=8/8
26 - INFO - chord#: 50 In build_straw_man_chord_sa. tolerance = 1, sa_iterations = 1000, initial_temperature = 3.0, cooling_rate = 0.999
26 - INFO - chord#: 50 done. best_score=27.0, changed=522, unchanged=329, early_stops=8/8
26 - INFO - chord#: 51 In build_straw_man_chord_sa. tolerance = 1, sa_iterations = 1000, initial_temperature = 3.0, cooling_rate = 0.999
26 - INFO - chord#: 50 done. best_score=27.0, changed=550, unchanged=340, early_stops=8/8
26 - INFO - chord#: 51 In build_straw_man_chord_sa. tolerance = 1, sa_iterations = 1000, initial_temperature = 3.0, cooling_rate = 0.999
26 - INFO - chord#: 50 done. best_score=36.0, changed=538, unchanged=347, early_stops=8/8
26 - INFO - chord#: 51 In build_straw_man_chord_sa. tolerance = 1, sa_iterations = 1000, initial_temperature = 3.0, cooling_rate = 0.999
26 - INFO - chord#: 52 done. best_score=27.0, changed=516, unchanged=380, early_stops=8/8
26 - INFO - chord#: 54 In build_straw_man_chord_sa. tolerance = 1, sa_iterations = 1000, initial_temperature = 3.0, cooling_rate = 0.999
26 - INFO - chord#: 50 done. best_score=27.0, changed=517, unchanged=372, early_stops=8/8
26 - INFO - chord#: 51 In build_straw_man_chord_sa. tolerance = 1, sa_iterations = 1000, initial_temperature = 3.0, cooling_rate = 0.999
26 - INFO - chord#: 54 done. best_score=9.0, changed=472, unchanged=346, early_stops=8/8
26 - INFO - chord#: 56 In build_straw_man_chord_sa. tolerance = 1, sa_iterations = 1000, initial_temperature = 3.0, cooling_rate = 0.999
26 - INFO - chord#: 46 done. best_score=27.0, changed=525, unchanged=369, early_stops=8/8
26 - INFO - chord#: 48 done. best_score=168.0, changed=612, unchanged=360, early_stops=8/8
26 - INFO - chord#: 50 In build_straw_man_chord_sa. tolerance = 1, sa_iterations = 1000, initial_temperature = 3.0, cooling_rate = 0.999
26 - INFO - chord#: 48 In build_straw_man_chord_sa. tolerance = 1, sa_iterations = 1000, initial_temperature = 3.0, cooling_rate = 0.999
26 - INFO - chord#: 60 done. best_score=27.0, changed=525, unchanged=400, early_stops=8/8
26 - INFO - chord#: 64 In build_straw_man_chord_sa. tolerance = 1, sa_iterations = 1000, initial_temperature = 3.0, cooling_rate = 0.999
26 - INFO - chord#: 50 done. best_score=27.0, changed=520, unchanged=381, early_stops=8/8
26 - INFO - chord#: 51 In build_straw_man_chord_sa. tolerance = 1, sa_iterations = 1000, initial_temperature = 3.0, cooling_rate = 0.999
26 - INFO - chord#: 50 done. best_score=27.0, changed=518, unchanged=319, early_stops=8/8
26 - INFO - chord#: 51 In build_straw_man_chord_sa. tolerance = 1, sa_iterations = 1000, initial_temperature = 3.0, cooling_rate = 0.999
26 - INFO - chord#: 51 done. best_score=64.0, changed=605, unchanged=238, early_stops=8/8
26 - INFO - chord#: 52 In build_straw_man_chord_sa. tolerance = 1, sa_iterations = 1000, initial_temperature = 3.0, cooling_rate = 0.999
26 - INFO - chord#: 64 done. best_score=27.0, changed=516, unchanged=314, early_stops=8/8
26 - INFO - chord#: 66 In build_straw_man_chord_sa. tolerance = 1, sa_iterations = 1000, initial_temperature = 3.0, cooling_rate = 0.999
26 - INFO - chord#: 56 done. best_score=27.0, changed=517, unchanged=342, early_stops=8/8
26 - INFO - chord#: 60 In build_straw_man_chord_sa. tolerance = 1, sa_iterations = 1000, initial_temperature = 3.0, cooling_rate = 0.999
26 - INFO - chord#: 50 done. best_score=27.0, changed=528, unchanged=353, early_stops=8/8
26 - INFO - chord#: 51 In build_straw_man_chord_sa. tolerance = 1, sa_iterations = 1000, initial_temperature = 3.0, cooling_rate = 0.999
26 - INFO - chord#: 51 done. best_score=71.0, changed=619, unchanged=258, early_stops=8/8
26 - INFO - chord#: 52 In build_straw_man_chord_sa. tolerance = 1, sa_iterations = 1000, initial_temperature = 3.0, cooling_rate = 0.999
26 - INFO - chord#: 51 done. best_score=104.0, changed=610, unchanged=216, early_stops=8/8
26 - INFO - chord#: 52 In build_straw_man_chord_sa. tolerance = 1, sa_iterations = 1000, initial_temperature = 3.0, cooling_rate = 0.999
26 - INFO - chord#: 48 done. best_score=74.0, changed=617, unchanged=348, early_stops=8/8
26 - INFO - chord#: 50 In build_straw_man_chord_sa. tolerance = 1, sa_iterations = 1000, initial_temperature = 3.0, cooling_rate = 0.999
26 - INFO - chord#: 51 done. best_score=64.0, changed=609, unchanged=241, early_stops=8/8
26 - INFO - chord#: 52 In build_straw_man_chord_sa. tolerance = 1, sa_iterations = 1000, initial_temperature = 3.0, cooling_rate = 0.999
26 - INFO - chord#: 52 done. best_score=27.0, changed=523, unchanged=362, early_stops=8/8
26 - INFO - chord#: 54 In build_straw_man_chord_sa. tolerance = 1, sa_iterations = 1000, initial_temperature = 3.0, cooling_rate = 0.999
26 - INFO - chord#: 60 done. best_score=27.0, changed=528, unchanged=304, early_stops=8/8
26 - INFO - chord#: 64 In build_straw_man_chord_sa. tolerance = 1, sa_iterations = 1000, initial_temperature = 3.0, cooling_rate = 0.999
26 - INFO - chord#: 52 done. best_score=27.0, changed=521, unchanged=363, early_stops=8/8
26 - INFO - chord#: 54 In build_straw_man_chord_sa. tolerance = 1, sa_iterations = 1000, initial_temperature = 3.0, cooling_rate = 0.999
26 - INFO - chord#: 54 done. best_score=9.0, changed=488, unchanged=335, early_stops=8/8
26 - INFO - chord#: 56 In build_straw_man_chord_sa. tolerance = 1, sa_iterations = 1000, initial_temperature = 3.0, cooling_rate = 0.999
26 - INFO - chord#: 51 done. best_score=157.0, changed=612, unchanged=219, early_stops=8/8
26 - INFO - chord#: 52 In build_straw_man_chord_sa. tolerance = 1, sa_iterations = 1000, initial_temperature = 3.0, cooling_rate = 0.999
26 - INFO - chord#: 51 done. best_score=145.0, changed=618, unchanged=347, early_stops=8/8
26 - INFO - chord#: 52 In build_straw_man_chord_sa. tolerance = 1, sa_iterations = 1000, initial_temperature = 3.0, cooling_rate = 0.999
26 - INFO - chord#: 52 done. best_score=27.0, changed=516, unchanged=441, early_stops=8/8
26 - INFO - chord#: 54 In build_straw_man_chord_sa. tolerance = 1, sa_iterations = 1000, initial_temperature = 3.0, cooling_rate = 0.999
26 - INFO - chord#: 54 done. best_score=9.0, changed=466, unchanged=386, early_stops=8/8
26 - INFO - chord#: 56 In build_straw_man_chord_sa. tolerance = 1, sa_iterations = 1000, initial_temperature = 3.0, cooling_rate = 0.999
26 - INFO - chord#: 50 done. best_score=27.0, changed=514, unchanged=357, early_stops=8/8
26 - INFO - chord#: 51 In build_straw_man_chord_sa. tolerance = 1, sa_iterations = 1000, initial_temperature = 3.0, cooling_rate = 0.999
26 - INFO - chord#: 54 done. best_score=9.0, changed=474, unchanged=354, early_stops=8/8
26 - INFO - chord#: 56 In build_straw_man_chord_sa. tolerance = 1, sa_iterations = 1000, initial_temperature = 3.0, cooling_rate = 0.999
26 - INFO - chord#: 52 done. best_score=27.0, changed=523, unchanged=434, early_stops=8/8
26 - INFO - chord#: 54 In build_straw_man_chord_sa. tolerance = 1, sa_iterations = 1000, initial_temperature = 3.0, cooling_rate = 0.999
26 - INFO - chord#: 66 done. best_score=96.0, changed=611, unchanged=343, early_stops=8/8
26 - INFO - chord#: 68 In build_straw_man_chord_sa. tolerance = 1, sa_iterations = 1000, initial_temperature = 3.0, cooling_rate = 0.999
26 - INFO - chord#: 52 done. best_score=27.0, changed=527, unchanged=389, early_stops=8/8
26 - INFO - chord#: 54 In build_straw_man_chord_sa. tolerance = 1, sa_iterations = 1000, initial_temperature = 3.0, cooling_rate = 0.999
26 - INFO - chord#: 54 done. best_score=9.0, changed=482, unchanged=328, early_stops=8/8
26 - INFO - chord#: 56 In build_straw_man_chord_sa. tolerance = 1, sa_iterations = 1000, initial_temperature = 3.0, cooling_rate = 0.999
26 - INFO - chord#: 48 done. best_score=148.0, changed=615, unchanged=424, early_stops=8/8
26 - INFO - chord#: 50 In build_straw_man_chord_sa. tolerance = 1, sa_iterations = 1000, initial_temperature = 3.0, cooling_rate = 0.999
26 - INFO - chord#: 64 done. best_score=27.0, changed=534, unchanged=337, early_stops=8/8
26 - INFO - chord#: 66 In build_straw_man_chord_sa. tolerance = 1, sa_iterations = 1000, initial_temperature = 3.0, cooling_rate = 0.999
26 - INFO - chord#: 54 done. best_score=9.0, changed=470, unchanged=362, early_stops=8/8
26 - INFO - chord#: 56 In build_straw_man_chord_sa. tolerance = 1, sa_iterations = 1000, initial_temperature = 3.0, cooling_rate = 0.999
26 - INFO - chord#: 56 done. best_score=27.0, changed=525, unchanged=324, early_stops=8/8
26 - INFO - chord#: 60 In build_straw_man_chord_sa. tolerance = 1, sa_iterations = 1000, initial_temperature = 3.0, cooling_rate = 0.999
26 - INFO - chord#: 56 done. best_score=27.0, changed=520, unchanged=375, early_stops=8/8
26 - INFO - chord#: 60 In build_straw_man_chord_sa. tolerance = 1, sa_iterations = 1000, initial_temperature = 3.0, cooling_rate = 0.999
26 - INFO - chord#: 51 done. best_score=104.0, changed=614, unchanged=401, early_stops=8/8
26 - INFO - chord#: 52 In build_straw_man_chord_sa. tolerance = 1, sa_iterations = 1000, initial_temperature = 3.0, cooling_rate = 0.999
26 - INFO - chord#: 52 done. best_score=27.0, changed=528, unchanged=425, early_stops=8/8
26 - INFO - chord#: 54 In build_straw_man_chord_sa. tolerance = 1, sa_iterations = 1000, initial_temperature = 3.0, cooling_rate = 0.999
26 - INFO - chord#: 56 done. best_score=27.0, changed=521, unchanged=375, early_stops=8/8
26 - INFO - chord#: 60 In build_straw_man_chord_sa. tolerance = 1, sa_iterations = 1000, initial_temperature = 3.0, cooling_rate = 0.999
26 - INFO - chord#: 51 done. best_score=64.0, changed=607, unchanged=248, early_stops=8/8
26 - INFO - chord#: 52 In build_straw_man_chord_sa. tolerance = 1, sa_iterations = 1000, initial_temperature = 3.0, cooling_rate = 0.999
26 - INFO - chord#: 54 done. best_score=9.0, changed=491, unchanged=334, early_stops=8/8
26 - INFO - chord#: 56 In build_straw_man_chord_sa. tolerance = 1, sa_iterations = 1000, initial_temperature = 3.0, cooling_rate = 0.999
26 - INFO - chord#: 68 done. best_score=27.0, changed=519, unchanged=365, early_stops=8/8
26 - INFO - chord#: 70 In build_straw_man_chord_sa. tolerance = 1, sa_iterations = 1000, initial_temperature = 3.0, cooling_rate = 0.999
26 - INFO - chord#: 50 done. best_score=27.0, changed=527, unchanged=324, early_stops=8/8
26 - INFO - chord#: 51 In build_straw_man_chord_sa. tolerance = 1, sa_iterations = 1000, initial_temperature = 3.0, cooling_rate = 0.999
26 - INFO - chord#: 60 done. best_score=27.0, changed=520, unchanged=314, early_stops=8/8
26 - INFO - chord#: 64 In build_straw_man_chord_sa. tolerance = 1, sa_iterations = 1000, initial_temperature = 3.0, cooling_rate = 0.999
26 - INFO - chord#: 56 done. best_score=27.0, changed=514, unchanged=332, early_stops=8/8
26 - INFO - chord#: 60 In build_straw_man_chord_sa. tolerance = 1, sa_iterations = 1000, initial_temperature = 3.0, cooling_rate = 0.999
26 - INFO - chord#: 56 done. best_score=27.0, changed=527, unchanged=431, early_stops=8/8
26 - INFO - chord#: 60 In build_straw_man_chord_sa. tolerance = 1, sa_iterations = 1000, initial_temperature = 3.0, cooling_rate = 0.999
26 - INFO - chord#: 60 done. best_score=27.0, changed=529, unchanged=402, early_stops=8/8
26 - INFO - chord#: 64 In build_straw_man_chord_sa. tolerance = 1, sa_iterations = 1000, initial_temperature = 3.0, cooling_rate = 0.999
26 - INFO - chord#: 60 done. best_score=27.0, changed=520, unchanged=323, early_stops=8/8
26 - INFO - chord#: 64 In build_straw_man_chord_sa. tolerance = 1, sa_iterations = 1000, initial_temperature = 3.0, cooling_rate = 0.999
26 - INFO - chord#: 52 done. best_score=27.0, changed=525, unchanged=368, early_stops=8/8
26 - INFO - chord#: 54 In build_straw_man_chord_sa. tolerance = 1, sa_iterations = 1000, initial_temperature = 3.0, cooling_rate = 0.999
26 - INFO - chord#: 70 done. best_score=27.0, changed=527, unchanged=324, early_stops=8/8
26 - INFO - chord#: 72 In build_straw_man_chord_sa. tolerance = 1, sa_iterations = 1000, initial_temperature = 3.0, cooling_rate = 0.999
26 - INFO - chord#: 52 done. best_score=27.0, changed=515, unchanged=368, early_stops=8/8
26 - INFO - chord#: 54 In build_straw_man_chord_sa. tolerance = 1, sa_iterations = 1000, initial_temperature = 3.0, cooling_rate = 0.999
26 - INFO - chord#: 51 done. best_score=64.0, changed=609, unchanged=229, early_stops=8/8
26 - INFO - chord#: 52 In build_straw_man_chord_sa. tolerance = 1, sa_iterations = 1000, initial_temperature = 3.0, cooling_rate = 0.999
26 - INFO - chord#: 54 done. best_score=9.0, changed=475, unchanged=348, early_stops=8/8
26 - INFO - chord#: 56 In build_straw_man_chord_sa. tolerance = 1, sa_iterations = 1000, initial_temperature = 3.0, cooling_rate = 0.999
26 - INFO - chord#: 56 done. best_score=27.0, changed=516, unchanged=334, early_stops=8/8
26 - INFO - chord#: 60 In build_straw_man_chord_sa. tolerance = 1, sa_iterations = 1000, initial_temperature = 3.0, cooling_rate = 0.999
26 - INFO - chord#: 60 done. best_score=27.0, changed=516, unchanged=309, early_stops=8/8
26 - INFO - chord#: 64 In build_straw_man_chord_sa. tolerance = 1, sa_iterations = 1000, initial_temperature = 3.0, cooling_rate = 0.999
26 - INFO - chord#: 54 done. best_score=9.0, changed=473, unchanged=365, early_stops=8/8
26 - INFO - chord#: 56 In build_straw_man_chord_sa. tolerance = 1, sa_iterations = 1000, initial_temperature = 3.0, cooling_rate = 0.999
26 - INFO - chord#: 64 done. best_score=27.0, changed=535, unchanged=413, early_stops=8/8
26 - INFO - chord#: 66 In build_straw_man_chord_sa. tolerance = 1, sa_iterations = 1000, initial_temperature = 3.0, cooling_rate = 0.999
26 - INFO - chord#: 64 done. best_score=27.0, changed=522, unchanged=320, early_stops=8/8
26 - INFO - chord#: 66 In build_straw_man_chord_sa. tolerance = 1, sa_iterations = 1000, initial_temperature = 3.0, cooling_rate = 0.999
26 - INFO - chord#: 60 done. best_score=27.0, changed=528, unchanged=395, early_stops=8/8
26 - INFO - chord#: 64 In build_straw_man_chord_sa. tolerance = 1, sa_iterations = 1000, initial_temperature = 3.0, cooling_rate = 0.999
26 - INFO - chord#: 64 done. best_score=27.0, changed=536, unchanged=370, early_stops=8/8
26 - INFO - chord#: 66 In build_straw_man_chord_sa. tolerance = 1, sa_iterations = 1000, initial_temperature = 3.0, cooling_rate = 0.999
26 - INFO - chord#: 72 done. best_score=27.0, changed=526, unchanged=454, early_stops=8/8
26 - INFO - chord#: 74 In build_straw_man_chord_sa. tolerance = 1, sa_iterations = 1000, initial_temperature = 3.0, cooling_rate = 0.999
26 - INFO - chord#: 64 done. best_score=27.0, changed=521, unchanged=334, early_stops=8/8
26 - INFO - chord#: 66 In build_straw_man_chord_sa. tolerance = 1, sa_iterations = 1000, initial_temperature = 3.0, cooling_rate = 0.999
26 - INFO - chord#: 66 done. best_score=93.0, changed=613, unchanged=356, early_stops=8/8
26 - INFO - chord#: 68 In build_straw_man_chord_sa. tolerance = 1, sa_iterations = 1000, initial_temperature = 3.0, cooling_rate = 0.999
26 - INFO - chord#: 52 done. best_score=27.0, changed=520, unchanged=411, early_stops=8/8
26 - INFO - chord#: 54 In build_straw_man_chord_sa. tolerance = 1, sa_iterations = 1000, initial_temperature = 3.0, cooling_rate = 0.999
26 - INFO - chord#: 60 done. best_score=27.0, changed=529, unchanged=393, early_stops=8/8
26 - INFO - chord#: 64 In build_straw_man_chord_sa. tolerance = 1, sa_iterations = 1000, initial_temperature = 3.0, cooling_rate = 0.999
26 - INFO - chord#: 64 done. best_score=27.0, changed=521, unchanged=338, early_stops=8/8
26 - INFO - chord#: 66 In build_straw_man_chord_sa. tolerance = 1, sa_iterations = 1000, initial_temperature = 3.0, cooling_rate = 0.999
26 - INFO - chord#: 56 done. best_score=27.0, changed=518, unchanged=380, early_stops=8/8
26 - INFO - chord#: 60 In build_straw_man_chord_sa. tolerance = 1, sa_iterations = 1000, initial_temperature = 3.0, cooling_rate = 0.999
26 - INFO - chord#: 54 done. best_score=9.0, changed=478, unchanged=357, early_stops=8/8
26 - INFO - chord#: 56 In build_straw_man_chord_sa. tolerance = 1, sa_iterations = 1000, initial_temperature = 3.0, cooling_rate = 0.999
26 - INFO - chord#: 56 done. best_score=27.0, changed=517, unchanged=381, early_stops=8/8
26 - INFO - chord#: 60 In build_straw_man_chord_sa. tolerance = 1, sa_iterations = 1000, initial_temperature = 3.0, cooling_rate = 0.999
26 - INFO - chord#: 74 done. best_score=31.0, changed=534, unchanged=289, early_stops=8/8
26 - INFO - chord#: 76 In build_straw_man_chord_sa. tolerance = 1, sa_iterations = 1000, initial_temperature = 3.0, cooling_rate = 0.999
26 - INFO - chord#: 68 done. best_score=27.0, changed=516, unchanged=311, early_stops=8/8
26 - INFO - chord#: 70 In build_straw_man_chord_sa. tolerance = 1, sa_iterations = 1000, initial_temperature = 3.0, cooling_rate = 0.999
26 - INFO - chord#: 51 done. best_score=64.0, changed=608, unchanged=314, early_stops=8/8
26 - INFO - chord#: 52 In build_straw_man_chord_sa. tolerance = 1, sa_iterations = 1000, initial_temperature = 3.0, cooling_rate = 0.999
26 - INFO - chord#: 64 done. best_score=27.0, changed=522, unchanged=334, early_stops=8/8
26 - INFO - chord#: 66 In build_straw_man_chord_sa. tolerance = 1, sa_iterations = 1000, initial_temperature = 3.0, cooling_rate = 0.999
26 - INFO - chord#: 66 done. best_score=94.0, changed=613, unchanged=292, early_stops=8/8
26 - INFO - chord#: 68 In build_straw_man_chord_sa. tolerance = 1, sa_iterations = 1000, initial_temperature = 3.0, cooling_rate = 0.999
26 - INFO - chord#: 66 done. best_score=96.0, changed=613, unchanged=329, early_stops=8/8
26 - INFO - chord#: 68 In build_straw_man_chord_sa. tolerance = 1, sa_iterations = 1000, initial_temperature = 3.0, cooling_rate = 0.999
26 - INFO - chord#: 60 done. best_score=27.0, changed=533, unchanged=444, early_stops=8/8
26 - INFO - chord#: 64 In build_straw_man_chord_sa. tolerance = 1, sa_iterations = 1000, initial_temperature = 3.0, cooling_rate = 0.999
26 - INFO - chord#: 76 done. best_score=31.0, changed=522, unchanged=310, early_stops=8/8
26 - INFO - chord#: 78 In build_straw_man_chord_sa. tolerance = 1, sa_iterations = 1000, initial_temperature = 3.0, cooling_rate = 0.999
26 - INFO - chord#: 66 done. best_score=93.0, changed=615, unchanged=311, early_stops=8/8
26 - INFO - chord#: 68 In build_straw_man_chord_sa. tolerance = 1, sa_iterations = 1000, initial_temperature = 3.0, cooling_rate = 0.999
26 - INFO - chord#: 60 done. best_score=27.0, changed=525, unchanged=387, early_stops=8/8
26 - INFO - chord#: 64 In build_straw_man_chord_sa. tolerance = 1, sa_iterations = 1000, initial_temperature = 3.0, cooling_rate = 0.999
26 - INFO - chord#: 56 done. best_score=27.0, changed=519, unchanged=410, early_stops=8/8
26 - INFO - chord#: 60 In build_straw_man_chord_sa. tolerance = 1, sa_iterations = 1000, initial_temperature = 3.0, cooling_rate = 0.999
26 - INFO - chord#: 66 done. best_score=94.0, changed=611, unchanged=322, early_stops=8/8
26 - INFO - chord#: 68 In build_straw_man_chord_sa. tolerance = 1, sa_iterations = 1000, initial_temperature = 3.0, cooling_rate = 0.999
26 - INFO - chord#: 70 done. best_score=27.0, changed=519, unchanged=302, early_stops=8/8
26 - INFO - chord#: 72 In build_straw_man_chord_sa. tolerance = 1, sa_iterations = 1000, initial_temperature = 3.0, cooling_rate = 0.999
26 - INFO - chord#: 78 done. best_score=27.0, changed=523, unchanged=313, early_stops=8/8
26 - INFO - chord#: 80 In build_straw_man_chord_sa. tolerance = 1, sa_iterations = 1000, initial_temperature = 3.0, cooling_rate = 0.999
26 - INFO - chord#: 68 done. best_score=27.0, changed=529, unchanged=433, early_stops=8/8
26 - INFO - chord#: 70 In build_straw_man_chord_sa. tolerance = 1, sa_iterations = 1000, initial_temperature = 3.0, cooling_rate = 0.999
26 - INFO - chord#: 52 done. best_score=27.0, changed=520, unchanged=318, early_stops=8/8
26 - INFO - chord#: 54 In build_straw_man_chord_sa. tolerance = 1, sa_iterations = 1000, initial_temperature = 3.0, cooling_rate = 0.999
26 - INFO - chord#: 68 done. best_score=27.0, changed=532, unchanged=381, early_stops=8/8
26 - INFO - chord#: 70 In build_straw_man_chord_sa. tolerance = 1, sa_iterations = 1000, initial_temperature = 3.0, cooling_rate = 0.999
26 - INFO - chord#: 64 done. best_score=27.0, changed=530, unchanged=375, early_stops=8/8
26 - INFO - chord#: 66 In build_straw_man_chord_sa. tolerance = 1, sa_iterations = 1000, initial_temperature = 3.0, cooling_rate = 0.999
26 - INFO - chord#: 68 done. best_score=27.0, changed=519, unchanged=387, early_stops=8/8
26 - INFO - chord#: 70 In build_straw_man_chord_sa. tolerance = 1, sa_iterations = 1000, initial_temperature = 3.0, cooling_rate = 0.999
26 - INFO - chord#: 64 done. best_score=27.0, changed=531, unchanged=478, early_stops=8/8
26 - INFO - chord#: 66 In build_straw_man_chord_sa. tolerance = 1, sa_iterations = 1000, initial_temperature = 3.0, cooling_rate = 0.999
26 - INFO - chord#: 54 done. best_score=9.0, changed=471, unchanged=346, early_stops=8/8
26 - INFO - chord#: 56 In build_straw_man_chord_sa. tolerance = 1, sa_iterations = 1000, initial_temperature = 3.0, cooling_rate = 0.999
26 - INFO - chord#: 66 done. best_score=93.0, changed=617, unchanged=423, early_stops=8/8
26 - INFO - chord#: 68 In build_straw_man_chord_sa. tolerance = 1, sa_iterations = 1000, initial_temperature = 3.0, cooling_rate = 0.999
26 - INFO - chord#: 60 done. best_score=27.0, changed=524, unchanged=362, early_stops=8/8
26 - INFO - chord#: 64 In build_straw_man_chord_sa. tolerance = 1, sa_iterations = 1000, initial_temperature = 3.0, cooling_rate = 0.999
26 - INFO - chord#: 68 done. best_score=27.0, changed=537, unchanged=460, early_stops=8/8
26 - INFO - chord#: 70 In build_straw_man_chord_sa. tolerance = 1, sa_iterations = 1000, initial_temperature = 3.0, cooling_rate = 0.999
26 - INFO - chord#: 70 done. best_score=27.0, changed=523, unchanged=360, early_stops=8/8
26 - INFO - chord#: 72 In build_straw_man_chord_sa. tolerance = 1, sa_iterations = 1000, initial_temperature = 3.0, cooling_rate = 0.999
26 - INFO - chord#: 80 done. best_score=31.0, changed=533, unchanged=406, early_stops=8/8
26 - INFO - chord#: 82 In build_straw_man_chord_sa. tolerance = 1, sa_iterations = 1000, initial_temperature = 3.0, cooling_rate = 0.999
26 - INFO - chord#: 72 done. best_score=27.0, changed=520, unchanged=434, early_stops=8/8
26 - INFO - chord#: 74 In build_straw_man_chord_sa. tolerance = 1, sa_iterations = 1000, initial_temperature = 3.0, cooling_rate = 0.999
26 - INFO - chord#: 70 done. best_score=27.0, changed=529, unchanged=406, early_stops=8/8
26 - INFO - chord#: 72 In build_straw_man_chord_sa. tolerance = 1, sa_iterations = 1000, initial_temperature = 3.0, cooling_rate = 0.999
26 - INFO - chord#: 70 done. best_score=27.0, changed=518, unchanged=303, early_stops=8/8
26 - INFO - chord#: 72 In build_straw_man_chord_sa. tolerance = 1, sa_iterations = 1000, initial_temperature = 3.0, cooling_rate = 0.999
26 - INFO - chord#: 68 done. best_score=27.0, changed=518, unchanged=322, early_stops=8/8
26 - INFO - chord#: 70 In build_straw_man_chord_sa. tolerance = 1, sa_iterations = 1000, initial_temperature = 3.0, cooling_rate = 0.999
26 - INFO - chord#: 70 done. best_score=27.0, changed=524, unchanged=338, early_stops=8/8
26 - INFO - chord#: 72 In build_straw_man_chord_sa. tolerance = 1, sa_iterations = 1000, initial_temperature = 3.0, cooling_rate = 0.999
26 - INFO - chord#: 64 done. best_score=27.0, changed=519, unchanged=319, early_stops=8/8
26 - INFO - chord#: 66 In build_straw_man_chord_sa. tolerance = 1, sa_iterations = 1000, initial_temperature = 3.0, cooling_rate = 0.999
26 - INFO - chord#: 56 done. best_score=27.0, changed=530, unchanged=460, early_stops=8/8
26 - INFO - chord#: 60 In build_straw_man_chord_sa. tolerance = 1, sa_iterations = 1000, initial_temperature = 3.0, cooling_rate = 0.999
26 - INFO - chord#: 72 done. best_score=27.0, changed=522, unchanged=374, early_stops=8/8
26 - INFO - chord#: 74 In build_straw_man_chord_sa. tolerance = 1, sa_iterations = 1000, initial_temperature = 3.0, cooling_rate = 0.999
26 - INFO - chord#: 72 done. best_score=27.0, changed=520, unchanged=414, early_stops=8/8
26 - INFO - chord#: 74 In build_straw_man_chord_sa. tolerance = 1, sa_iterations = 1000, initial_temperature = 3.0, cooling_rate = 0.999
26 - INFO - chord#: 82 done. best_score=31.0, changed=518, unchanged=430, early_stops=8/8
26 - INFO - chord#: 84 In build_straw_man_chord_sa. tolerance = 1, sa_iterations = 1000, initial_temperature = 3.0, cooling_rate = 0.999
26 - INFO - chord#: 66 done. best_score=93.0, changed=609, unchanged=209, early_stops=8/8
26 - INFO - chord#: 68 In build_straw_man_chord_sa. tolerance = 1, sa_iterations = 1000, initial_temperature = 3.0, cooling_rate = 0.999
26 - INFO - chord#: 74 done. best_score=31.0, changed=531, unchanged=375, early_stops=8/8
26 - INFO - chord#: 76 In build_straw_man_chord_sa. tolerance = 1, sa_iterations = 1000, initial_temperature = 3.0, cooling_rate = 0.999
26 - INFO - chord#: 66 done. best_score=94.0, changed=622, unchanged=454, early_stops=8/8
26 - INFO - chord#: 68 In build_straw_man_chord_sa. tolerance = 1, sa_iterations = 1000, initial_temperature = 3.0, cooling_rate = 0.999
26 - INFO - chord#: 70 done. best_score=27.0, changed=541, unchanged=333, early_stops=8/8
26 - INFO - chord#: 72 In build_straw_man_chord_sa. tolerance = 1, sa_iterations = 1000, initial_temperature = 3.0, cooling_rate = 0.999
26 - INFO - chord#: 72 done. best_score=27.0, changed=524, unchanged=370, early_stops=8/8
26 - INFO - chord#: 74 In build_straw_man_chord_sa. tolerance = 1, sa_iterations = 1000, initial_temperature = 3.0, cooling_rate = 0.999
26 - INFO - chord#: 66 done. best_score=93.0, changed=607, unchanged=228, early_stops=8/8
26 - INFO - chord#: 68 In build_straw_man_chord_sa. tolerance = 1, sa_iterations = 1000, initial_temperature = 3.0, cooling_rate = 0.999
26 - INFO - chord#: 74 done. best_score=31.0, changed=536, unchanged=319, early_stops=8/8
26 - INFO - chord#: 76 In build_straw_man_chord_sa. tolerance = 1, sa_iterations = 1000, initial_temperature = 3.0, cooling_rate = 0.999
26 - INFO - chord#: 72 done. best_score=27.0, changed=530, unchanged=409, early_stops=8/8
26 - INFO - chord#: 74 In build_straw_man_chord_sa. tolerance = 1, sa_iterations = 1000, initial_temperature = 3.0, cooling_rate = 0.999
26 - INFO - chord#: 74 done. best_score=31.0, changed=529, unchanged=433, early_stops=8/8
26 - INFO - chord#: 76 In build_straw_man_chord_sa. tolerance = 1, sa_iterations = 1000, initial_temperature = 3.0, cooling_rate = 0.999
26 - INFO - chord#: 84 done. best_score=27.0, changed=521, unchanged=428, early_stops=8/8
26 - INFO - chord#: 86 In build_straw_man_chord_sa. tolerance = 1, sa_iterations = 1000, initial_temperature = 3.0, cooling_rate = 0.999
26 - INFO - chord#: 68 done. best_score=27.0, changed=522, unchanged=379, early_stops=8/8
26 - INFO - chord#: 70 In build_straw_man_chord_sa. tolerance = 1, sa_iterations = 1000, initial_temperature = 3.0, cooling_rate = 0.999
26 - INFO - chord#: 60 done. best_score=27.0, changed=523, unchanged=327, early_stops=8/8
26 - INFO - chord#: 64 In build_straw_man_chord_sa. tolerance = 1, sa_iterations = 1000, initial_temperature = 3.0, cooling_rate = 0.999
26 - INFO - chord#: 76 done. best_score=31.0, changed=527, unchanged=297, early_stops=8/8
26 - INFO - chord#: 78 In build_straw_man_chord_sa. tolerance = 1, sa_iterations = 1000, initial_temperature = 3.0, cooling_rate = 0.999
26 - INFO - chord#: 68 done. best_score=27.0, changed=520, unchanged=338, early_stops=8/8
26 - INFO - chord#: 70 In build_straw_man_chord_sa. tolerance = 1, sa_iterations = 1000, initial_temperature = 3.0, cooling_rate = 0.999
26 - INFO - chord#: 74 done. best_score=31.0, changed=533, unchanged=369, early_stops=8/8
26 - INFO - chord#: 76 In build_straw_man_chord_sa. tolerance = 1, sa_iterations = 1000, initial_temperature = 3.0, cooling_rate = 0.999
26 - INFO - chord#: 72 done. best_score=27.0, changed=524, unchanged=469, early_stops=8/8
26 - INFO - chord#: 74 In build_straw_man_chord_sa. tolerance = 1, sa_iterations = 1000, initial_temperature = 3.0, cooling_rate = 0.999
26 - INFO - chord#: 76 done. best_score=31.0, changed=521, unchanged=304, early_stops=8/8
26 - INFO - chord#: 78 In build_straw_man_chord_sa. tolerance = 1, sa_iterations = 1000, initial_temperature = 3.0, cooling_rate = 0.999
26 - INFO - chord#: 68 done. best_score=27.0, changed=528, unchanged=319, early_stops=8/8
26 - INFO - chord#: 70 In build_straw_man_chord_sa. tolerance = 1, sa_iterations = 1000, initial_temperature = 3.0, cooling_rate = 0.999
26 - INFO - chord#: 76 done. best_score=31.0, changed=530, unchanged=317, early_stops=8/8
26 - INFO - chord#: 78 In build_straw_man_chord_sa. tolerance = 1, sa_iterations = 1000, initial_temperature = 3.0, cooling_rate = 0.999
26 - INFO - chord#: 70 done. best_score=27.0, changed=522, unchanged=318, early_stops=8/8
26 - INFO - chord#: 72 In build_straw_man_chord_sa. tolerance = 1, sa_iterations = 1000, initial_temperature = 3.0, cooling_rate = 0.999
26 - INFO - chord#: 74 done. best_score=31.0, changed=521, unchanged=331, early_stops=8/8
26 - INFO - chord#: 76 In build_straw_man_chord_sa. tolerance = 1, sa_iterations = 1000, initial_temperature = 3.0, cooling_rate = 0.999
26 - INFO - chord#: 78 done. best_score=27.0, changed=522, unchanged=310, early_stops=8/8
26 - INFO - chord#: 80 In build_straw_man_chord_sa. tolerance = 1, sa_iterations = 1000, initial_temperature = 3.0, cooling_rate = 0.999
26 - INFO - chord#: 64 done. best_score=27.0, changed=529, unchanged=350, early_stops=8/8
26 - INFO - chord#: 66 In build_straw_man_chord_sa. tolerance = 1, sa_iterations = 1000, initial_temperature = 3.0, cooling_rate = 0.999
26 - INFO - chord#: 76 done. best_score=31.0, changed=528, unchanged=314, early_stops=8/8
26 - INFO - chord#: 78 In build_straw_man_chord_sa. tolerance = 1, sa_iterations = 1000, initial_temperature = 3.0, cooling_rate = 0.999
26 - INFO - chord#: 66 done. best_score=94.0, changed=617, unchanged=313, early_stops=8/8
26 - INFO - chord#: 68 In build_straw_man_chord_sa. tolerance = 1, sa_iterations = 1000, initial_temperature = 3.0, cooling_rate = 0.999
26 - INFO - chord#: 70 done. best_score=27.0, changed=527, unchanged=352, early_stops=8/8
26 - INFO - chord#: 72 In build_straw_man_chord_sa. tolerance = 1, sa_iterations = 1000, initial_temperature = 3.0, cooling_rate = 0.999
26 - INFO - chord#: 74 done. best_score=31.0, changed=535, unchanged=327, early_stops=8/8
26 - INFO - chord#: 76 In build_straw_man_chord_sa. tolerance = 1, sa_iterations = 1000, initial_temperature = 3.0, cooling_rate = 0.999
26 - INFO - chord#: 78 done. best_score=27.0, changed=531, unchanged=339, early_stops=8/8
26 - INFO - chord#: 80 In build_straw_man_chord_sa. tolerance = 1, sa_iterations = 1000, initial_temperature = 3.0, cooling_rate = 0.999
26 - INFO - chord#: 78 done. best_score=27.0, changed=527, unchanged=309, early_stops=8/8
26 - INFO - chord#: 80 In build_straw_man_chord_sa. tolerance = 1, sa_iterations = 1000, initial_temperature = 3.0, cooling_rate = 0.999
26 - INFO - chord#: 70 done. best_score=27.0, changed=522, unchanged=341, early_stops=8/8
26 - INFO - chord#: 72 In build_straw_man_chord_sa. tolerance = 1, sa_iterations = 1000, initial_temperature = 3.0, cooling_rate = 0.999
26 - INFO - chord#: 72 done. best_score=27.0, changed=531, unchanged=445, early_stops=8/8
26 - INFO - chord#: 74 In build_straw_man_chord_sa. tolerance = 1, sa_iterations = 1000, initial_temperature = 3.0, cooling_rate = 0.999
26 - INFO - chord#: 76 done. best_score=31.0, changed=529, unchanged=299, early_stops=8/8
26 - INFO - chord#: 78 In build_straw_man_chord_sa. tolerance = 1, sa_iterations = 1000, initial_temperature = 3.0, cooling_rate = 0.999
26 - INFO - chord#: 86 done. best_score=116.0, changed=608, unchanged=262, early_stops=8/8
26 - INFO - chord#: 87 In build_straw_man_chord_sa. tolerance = 1, sa_iterations = 1000, initial_temperature = 3.0, cooling_rate = 0.999
26 - INFO - chord#: 78 done. best_score=27.0, changed=520, unchanged=308, early_stops=8/8
26 - INFO - chord#: 80 In build_straw_man_chord_sa. tolerance = 1, sa_iterations = 1000, initial_temperature = 3.0, cooling_rate = 0.999
26 - INFO - chord#: 80 done. best_score=31.0, changed=527, unchanged=378, early_stops=8/8
26 - INFO - chord#: 82 In build_straw_man_chord_sa. tolerance = 1, sa_iterations = 1000, initial_temperature = 3.0, cooling_rate = 0.999
26 - INFO - chord#: 76 done. best_score=31.0, changed=511, unchanged=301, early_stops=8/8
26 - INFO - chord#: 78 In build_straw_man_chord_sa. tolerance = 1, sa_iterations = 1000, initial_temperature = 3.0, cooling_rate = 0.999
26 - INFO - chord#: 80 done. best_score=31.0, changed=530, unchanged=328, early_stops=8/8
26 - INFO - chord#: 68 done. best_score=27.0, changed=522, unchanged=365, early_stops=8/8
26 - INFO - chord#: 82 In build_straw_man_chord_sa. tolerance = 1, sa_iterations = 1000, initial_temperature = 3.0, cooling_rate = 0.999
26 - INFO - chord#: 70 In build_straw_man_chord_sa. tolerance = 1, sa_iterations = 1000, initial_temperature = 3.0, cooling_rate = 0.999
26 - INFO - chord#: 72 done. best_score=27.0, changed=521, unchanged=308, early_stops=8/8
26 - INFO - chord#: 80 done. best_score=31.0, changed=526, unchanged=379, early_stops=8/8
26 - INFO - chord#: 82 In build_straw_man_chord_sa. tolerance = 1, sa_iterations = 1000, initial_temperature = 3.0, cooling_rate = 0.999
26 - INFO - chord#: 74 In build_straw_man_chord_sa. tolerance = 1, sa_iterations = 1000, initial_temperature = 3.0, cooling_rate = 0.999
26 - INFO - chord#: 74 done. best_score=31.0, changed=523, unchanged=403, early_stops=8/8
26 - INFO - chord#: 76 In build_straw_man_chord_sa. tolerance = 1, sa_iterations = 1000, initial_temperature = 3.0, cooling_rate = 0.999
26 - INFO - chord#: 72 done. best_score=27.0, changed=518, unchanged=429, early_stops=8/8
26 - INFO - chord#: 74 In build_straw_man_chord_sa. tolerance = 1, sa_iterations = 1000, initial_temperature = 3.0, cooling_rate = 0.999
26 - INFO - chord#: 80 done. best_score=31.0, changed=521, unchanged=353, early_stops=8/8
26 - INFO - chord#: 82 In build_straw_man_chord_sa. tolerance = 1, sa_iterations = 1000, initial_temperature = 3.0, cooling_rate = 0.999
26 - INFO - chord#: 78 done. best_score=27.0, changed=527, unchanged=352, early_stops=8/8
26 - INFO - chord#: 80 In build_straw_man_chord_sa. tolerance = 1, sa_iterations = 1000, initial_temperature = 3.0, cooling_rate = 0.999
26 - INFO - chord#: 78 done. best_score=27.0, changed=516, unchanged=306, early_stops=8/8
26 - INFO - chord#: 80 In build_straw_man_chord_sa. tolerance = 1, sa_iterations = 1000, initial_temperature = 3.0, cooling_rate = 0.999
26 - INFO - chord#: 70 done. best_score=27.0, changed=521, unchanged=330, early_stops=8/8
26 - INFO - chord#: 72 In build_straw_man_chord_sa. tolerance = 1, sa_iterations = 1000, initial_temperature = 3.0, cooling_rate = 0.999
26 - INFO - chord#: 82 done. best_score=31.0, changed=513, unchanged=365, early_stops=8/8
26 - INFO - chord#: 84 In build_straw_man_chord_sa. tolerance = 1, sa_iterations = 1000, initial_temperature = 3.0, cooling_rate = 0.999
26 - INFO - chord#: 82 done. best_score=31.0, changed=522, unchanged=428, early_stops=8/8
26 - INFO - chord#: 84 In build_straw_man_chord_sa. tolerance = 1, sa_iterations = 1000, initial_temperature = 3.0, cooling_rate = 0.999
26 - INFO - chord#: 66 done. best_score=93.0, changed=610, unchanged=243, early_stops=8/8
26 - INFO - chord#: 68 In build_straw_man_chord_sa. tolerance = 1, sa_iterations = 1000, initial_temperature = 3.0, cooling_rate = 0.999
26 - INFO - chord#: 82 done. best_score=31.0, changed=532, unchanged=476, early_stops=8/8
26 - INFO - chord#: 84 In build_straw_man_chord_sa. tolerance = 1, sa_iterations = 1000, initial_temperature = 3.0, cooling_rate = 0.999
26 - INFO - chord#: 76 done. best_score=31.0, changed=527, unchanged=290, early_stops=8/8
26 - INFO - chord#: 78 In build_straw_man_chord_sa. tolerance = 1, sa_iterations = 1000, initial_temperature = 3.0, cooling_rate = 0.999
26 - INFO - chord#: 74 done. best_score=31.0, changed=528, unchanged=337, early_stops=8/8
26 - INFO - chord#: 76 In build_straw_man_chord_sa. tolerance = 1, sa_iterations = 1000, initial_temperature = 3.0, cooling_rate = 0.999
26 - INFO - chord#: 82 done. best_score=31.0, changed=512, unchanged=305, early_stops=8/8
26 - INFO - chord#: 74 done. best_score=31.0, changed=522, unchanged=307, early_stops=8/8
26 - INFO - chord#: 84 In build_straw_man_chord_sa. tolerance = 1, sa_iterations = 1000, initial_temperature = 3.0, cooling_rate = 0.999
26 - INFO - chord#: 76 In build_straw_man_chord_sa. tolerance = 1, sa_iterations = 1000, initial_temperature = 3.0, cooling_rate = 0.999
26 - INFO - chord#: 80 done. best_score=31.0, changed=521, unchanged=310, early_stops=8/8
26 - INFO - chord#: 82 In build_straw_man_chord_sa. tolerance = 1, sa_iterations = 1000, initial_temperature = 3.0, cooling_rate = 0.999
26 - INFO - chord#: 80 done. best_score=31.0, changed=519, unchanged=338, early_stops=8/8
26 - INFO - chord#: 82 In build_straw_man_chord_sa. tolerance = 1, sa_iterations = 1000, initial_temperature = 3.0, cooling_rate = 0.999
26 - INFO - chord#: 78 done. best_score=27.0, changed=528, unchanged=357, early_stops=8/8
26 - INFO - chord#: 80 In build_straw_man_chord_sa. tolerance = 1, sa_iterations = 1000, initial_temperature = 3.0, cooling_rate = 0.999
26 - INFO - chord#: 84 done. best_score=27.0, changed=518, unchanged=338, early_stops=8/8
26 - INFO - chord#: 86 In build_straw_man_chord_sa. tolerance = 1, sa_iterations = 1000, initial_temperature = 3.0, cooling_rate = 0.999
26 - INFO - chord#: 72 done. best_score=27.0, changed=521, unchanged=324, early_stops=8/8
26 - INFO - chord#: 74 In build_straw_man_chord_sa. tolerance = 1, sa_iterations = 1000, initial_temperature = 3.0, cooling_rate = 0.999
26 - INFO - chord#: 76 done. best_score=31.0, changed=541, unchanged=309, early_stops=8/8
26 - INFO - chord#: 78 In build_straw_man_chord_sa. tolerance = 1, sa_iterations = 1000, initial_temperature = 3.0, cooling_rate = 0.999
26 - INFO - chord#: 87 done. best_score=74.0, changed=609, unchanged=393, early_stops=8/8
26 - INFO - chord#: 88 In build_straw_man_chord_sa. tolerance = 1, sa_iterations = 1000, initial_temperature = 3.0, cooling_rate = 0.999
26 - INFO - chord#: 84 done. best_score=27.0, changed=523, unchanged=538, early_stops=8/8
26 - INFO - chord#: 86 In build_straw_man_chord_sa. tolerance = 1, sa_iterations = 1000, initial_temperature = 3.0, cooling_rate = 0.999
26 - INFO - chord#: 84 done. best_score=27.0, changed=520, unchanged=456, early_stops=8/8
26 - INFO - chord#: 86 In build_straw_man_chord_sa. tolerance = 1, sa_iterations = 1000, initial_temperature = 3.0, cooling_rate = 0.999
26 - INFO - chord#: 68 done. best_score=27.0, changed=529, unchanged=443, early_stops=8/8
26 - INFO - chord#: 70 In build_straw_man_chord_sa. tolerance = 1, sa_iterations = 1000, initial_temperature = 3.0, cooling_rate = 0.999
26 - INFO - chord#: 84 done. best_score=27.0, changed=512, unchanged=336, early_stops=8/8
26 - INFO - chord#: 86 In build_straw_man_chord_sa. tolerance = 1, sa_iterations = 1000, initial_temperature = 3.0, cooling_rate = 0.999
26 - INFO - chord#: 76 done. best_score=31.0, changed=523, unchanged=295, early_stops=8/8
26 - INFO - chord#: 78 In build_straw_man_chord_sa. tolerance = 1, sa_iterations = 1000, initial_temperature = 3.0, cooling_rate = 0.999
26 - INFO - chord#: 82 done. best_score=31.0, changed=520, unchanged=407, early_stops=8/8
26 - INFO - chord#: 84 In build_straw_man_chord_sa. tolerance = 1, sa_iterations = 1000, initial_temperature = 3.0, cooling_rate = 0.999
26 - INFO - chord#: 82 done. best_score=31.0, changed=522, unchanged=410, early_stops=8/8
26 - INFO - chord#: 84 In build_straw_man_chord_sa. tolerance = 1, sa_iterations = 1000, initial_temperature = 3.0, cooling_rate = 0.999
26 - INFO - chord#: 88 done. best_score=27.0, changed=525, unchanged=364, early_stops=8/8
26 - INFO - chord#: 96 In build_straw_man_chord_sa. tolerance = 1, sa_iterations = 1000, initial_temperature = 3.0, cooling_rate = 0.999
26 - INFO - chord#: 80 done. best_score=31.0, changed=524, unchanged=351, early_stops=8/8
26 - INFO - chord#: 82 In build_straw_man_chord_sa. tolerance = 1, sa_iterations = 1000, initial_temperature = 3.0, cooling_rate = 0.999
26 - INFO - chord#: 74 done. best_score=31.0, changed=528, unchanged=335, early_stops=8/8
26 - INFO - chord#: 76 In build_straw_man_chord_sa. tolerance = 1, sa_iterations = 1000, initial_temperature = 3.0, cooling_rate = 0.999
26 - INFO - chord#: 78 done. best_score=27.0, changed=522, unchanged=410, early_stops=8/8
26 - INFO - chord#: 80 In build_straw_man_chord_sa. tolerance = 1, sa_iterations = 1000, initial_temperature = 3.0, cooling_rate = 0.999
26 - INFO - chord#: 70 done. best_score=27.0, changed=529, unchanged=384, early_stops=8/8
26 - INFO - chord#: 72 In build_straw_man_chord_sa. tolerance = 1, sa_iterations = 1000, initial_temperature = 3.0, cooling_rate = 0.999
26 - INFO - chord#: 78 done. best_score=27.0, changed=529, unchanged=316, early_stops=8/8
26 - INFO - chord#: 80 In build_straw_man_chord_sa. tolerance = 1, sa_iterations = 1000, initial_temperature = 3.0, cooling_rate = 0.999
26 - INFO - chord#: 96 done. best_score=27.0, changed=527, unchanged=400, early_stops=8/8
26 - INFO - chord#: 98 In build_straw_man_chord_sa. tolerance = 1, sa_iterations = 1000, initial_temperature = 3.0, cooling_rate = 0.999
26 - INFO - chord#: 84 done. best_score=27.0, changed=522, unchanged=525, early_stops=8/8
26 - INFO - chord#: 86 In build_straw_man_chord_sa. tolerance = 1, sa_iterations = 1000, initial_temperature = 3.0, cooling_rate = 0.999
26 - INFO - chord#: 82 done. best_score=31.0, changed=529, unchanged=441, early_stops=8/8
26 - INFO - chord#: 84 In build_straw_man_chord_sa. tolerance = 1, sa_iterations = 1000, initial_temperature = 3.0, cooling_rate = 0.999
26 - INFO - chord#: 84 done. best_score=27.0, changed=514, unchanged=361, early_stops=8/8
26 - INFO - chord#: 86 In build_straw_man_chord_sa. tolerance = 1, sa_iterations = 1000, initial_temperature = 3.0, cooling_rate = 0.999
26 - INFO - chord#: 76 done. best_score=31.0, changed=526, unchanged=333, early_stops=8/8
26 - INFO - chord#: 78 In build_straw_man_chord_sa. tolerance = 1, sa_iterations = 1000, initial_temperature = 3.0, cooling_rate = 0.999
26 - INFO - chord#: 80 done. best_score=31.0, changed=529, unchanged=318, early_stops=8/8
26 - INFO - chord#: 82 In build_straw_man_chord_sa. tolerance = 1, sa_iterations = 1000, initial_temperature = 3.0, cooling_rate = 0.999
26 - INFO - chord#: 86 done. best_score=111.0, changed=612, unchanged=272, early_stops=8/8
26 - INFO - chord#: 87 In build_straw_man_chord_sa. tolerance = 1, sa_iterations = 1000, initial_temperature = 3.0, cooling_rate = 0.999
26 - INFO - chord#: 86 done. best_score=116.0, changed=608, unchanged=365, early_stops=8/8
26 - INFO - chord#: 87 In build_straw_man_chord_sa. tolerance = 1, sa_iterations = 1000, initial_temperature = 3.0, cooling_rate = 0.999
26 - INFO - chord#: 72 done. best_score=27.0, changed=518, unchanged=432, early_stops=8/8
26 - INFO - chord#: 74 In build_straw_man_chord_sa. tolerance = 1, sa_iterations = 1000, initial_temperature = 3.0, cooling_rate = 0.999
26 - INFO - chord#: 98 done. best_score=27.0, changed=529, unchanged=408, early_stops=8/8
26 - INFO - chord#: 102 In build_straw_man_chord_sa. tolerance = 1, sa_iterations = 1000, initial_temperature = 3.0, cooling_rate = 0.999
26 - INFO - chord#: 80 done. best_score=31.0, changed=538, unchanged=455, early_stops=8/8
26 - INFO - chord#: 82 In build_straw_man_chord_sa. tolerance = 1, sa_iterations = 1000, initial_temperature = 3.0, cooling_rate = 0.999
26 - INFO - chord#: 86 done. best_score=121.0, changed=617, unchanged=346, early_stops=8/8
26 - INFO - chord#: 87 In build_straw_man_chord_sa. tolerance = 1, sa_iterations = 1000, initial_temperature = 3.0, cooling_rate = 0.999
26 - INFO - chord#: 84 done. best_score=27.0, changed=516, unchanged=419, early_stops=8/8
26 - INFO - chord#: 86 In build_straw_man_chord_sa. tolerance = 1, sa_iterations = 1000, initial_temperature = 3.0, cooling_rate = 0.999
26 - INFO - chord#: 86 done. best_score=105.0, changed=610, unchanged=355, early_stops=8/8
26 - INFO - chord#: 87 In build_straw_man_chord_sa. tolerance = 1, sa_iterations = 1000, initial_temperature = 3.0, cooling_rate = 0.999
26 - INFO - chord#: 78 done. best_score=27.0, changed=528, unchanged=447, early_stops=8/8
26 - INFO - chord#: 80 In build_straw_man_chord_sa. tolerance = 1, sa_iterations = 1000, initial_temperature = 3.0, cooling_rate = 0.999
26 - INFO - chord#: 82 done. best_score=31.0, changed=524, unchanged=429, early_stops=8/8
26 - INFO - chord#: 84 In build_straw_man_chord_sa. tolerance = 1, sa_iterations = 1000, initial_temperature = 3.0, cooling_rate = 0.999
26 - INFO - chord#: 74 done. best_score=31.0, changed=538, unchanged=358, early_stops=8/8
26 - INFO - chord#: 76 In build_straw_man_chord_sa. tolerance = 1, sa_iterations = 1000, initial_temperature = 3.0, cooling_rate = 0.999
26 - INFO - chord#: 82 done. best_score=31.0, changed=509, unchanged=328, early_stops=8/8
26 - INFO - chord#: 84 In build_straw_man_chord_sa. tolerance = 1, sa_iterations = 1000, initial_temperature = 3.0, cooling_rate = 0.999
26 - INFO - chord#: 86 done. best_score=113.0, changed=609, unchanged=297, early_stops=8/8
26 - INFO - chord#: 87 In build_straw_man_chord_sa. tolerance = 1, sa_iterations = 1000, initial_temperature = 3.0, cooling_rate = 0.999
26 - INFO - chord#: 80 done. best_score=31.0, changed=534, unchanged=446, early_stops=8/8
26 - INFO - chord#: 82 In build_straw_man_chord_sa. tolerance = 1, sa_iterations = 1000, initial_temperature = 3.0, cooling_rate = 0.999
26 - INFO - chord#: 102 done. best_score=67.0, changed=612, unchanged=282, early_stops=8/8
26 - INFO - chord#: 104 In build_straw_man_chord_sa. tolerance = 1, sa_iterations = 1000, initial_temperature = 3.0, cooling_rate = 0.999
26 - INFO - chord#: 76 done. best_score=31.0, changed=522, unchanged=305, early_stops=8/8
26 - INFO - chord#: 78 In build_straw_man_chord_sa. tolerance = 1, sa_iterations = 1000, initial_temperature = 3.0, cooling_rate = 0.999
26 - INFO - chord#: 84 done. best_score=27.0, changed=527, unchanged=461, early_stops=8/8
26 - INFO - chord#: 86 In build_straw_man_chord_sa. tolerance = 1, sa_iterations = 1000, initial_temperature = 3.0, cooling_rate = 0.999
26 - INFO - chord#: 87 done. best_score=74.0, changed=616, unchanged=354, early_stops=8/8
26 - INFO - chord#: 88 In build_straw_man_chord_sa. tolerance = 1, sa_iterations = 1000, initial_temperature = 3.0, cooling_rate = 0.999
26 - INFO - chord#: 87 done. best_score=149.0, changed=613, unchanged=253, early_stops=8/8
26 - INFO - chord#: 88 In build_straw_man_chord_sa. tolerance = 1, sa_iterations = 1000, initial_temperature = 3.0, cooling_rate = 0.999
26 - INFO - chord#: 86 done. best_score=113.0, changed=612, unchanged=382, early_stops=8/8
26 - INFO - chord#: 87 In build_straw_man_chord_sa. tolerance = 1, sa_iterations = 1000, initial_temperature = 3.0, cooling_rate = 0.999
26 - INFO - chord#: 84 done. best_score=27.0, changed=523, unchanged=493, early_stops=8/8
26 - INFO - chord#: 86 In build_straw_man_chord_sa. tolerance = 1, sa_iterations = 1000, initial_temperature = 3.0, cooling_rate = 0.999
26 - INFO - chord#: 86 done. best_score=113.0, changed=617, unchanged=400, early_stops=8/8
26 - INFO - chord#: 87 In build_straw_man_chord_sa. tolerance = 1, sa_iterations = 1000, initial_temperature = 3.0, cooling_rate = 0.999
26 - INFO - chord#: 87 done. best_score=141.0, changed=619, unchanged=566, early_stops=8/8
26 - INFO - chord#: 88 In build_straw_man_chord_sa. tolerance = 1, sa_iterations = 1000, initial_temperature = 3.0, cooling_rate = 0.999
26 - INFO - chord#: 88 done. best_score=27.0, changed=538, unchanged=343, early_stops=8/8
26 - INFO - chord#: 96 In build_straw_man_chord_sa. tolerance = 1, sa_iterations = 1000, initial_temperature = 3.0, cooling_rate = 0.999
26 - INFO - chord#: 88 done. best_score=36.0, changed=531, unchanged=297, early_stops=8/8
26 - INFO - chord#: 96 In build_straw_man_chord_sa. tolerance = 1, sa_iterations = 1000, initial_temperature = 3.0, cooling_rate = 0.999
26 - INFO - chord#: 82 done. best_score=31.0, changed=526, unchanged=458, early_stops=8/8
26 - INFO - chord#: 84 In build_straw_man_chord_sa. tolerance = 1, sa_iterations = 1000, initial_temperature = 3.0, cooling_rate = 0.999
26 - INFO - chord#: 87 done. best_score=74.0, changed=610, unchanged=351, early_stops=8/8
26 - INFO - chord#: 88 In build_straw_man_chord_sa. tolerance = 1, sa_iterations = 1000, initial_temperature = 3.0, cooling_rate = 0.999
26 - INFO - chord#: 78 done. best_score=27.0, changed=533, unchanged=441, early_stops=8/8
26 - INFO - chord#: 80 In build_straw_man_chord_sa. tolerance = 1, sa_iterations = 1000, initial_temperature = 3.0, cooling_rate = 0.999
26 - INFO - chord#: 87 done. best_score=74.0, changed=610, unchanged=294, early_stops=8/8
26 - INFO - chord#: 88 In build_straw_man_chord_sa. tolerance = 1, sa_iterations = 1000, initial_temperature = 3.0, cooling_rate = 0.999
26 - INFO - chord#: 88 done. best_score=36.0, changed=526, unchanged=344, early_stops=8/8
26 - INFO - chord#: 96 In build_straw_man_chord_sa. tolerance = 1, sa_iterations = 1000, initial_temperature = 3.0, cooling_rate = 0.999
26 - INFO - chord#: 96 done. best_score=27.0, changed=532, unchanged=329, early_stops=8/8
26 - INFO - chord#: 98 In build_straw_man_chord_sa. tolerance = 1, sa_iterations = 1000, initial_temperature = 3.0, cooling_rate = 0.999
26 - INFO - chord#: 96 done. best_score=36.0, changed=539, unchanged=298, early_stops=8/8
26 - INFO - chord#: 98 In build_straw_man_chord_sa. tolerance = 1, sa_iterations = 1000, initial_temperature = 3.0, cooling_rate = 0.999
26 - INFO - chord#: 88 done. best_score=27.0, changed=522, unchanged=322, early_stops=8/8
26 - INFO - chord#: 96 In build_straw_man_chord_sa. tolerance = 1, sa_iterations = 1000, initial_temperature = 3.0, cooling_rate = 0.999
26 - INFO - chord#: 104 done. best_score=143.0, changed=614, unchanged=351, early_stops=8/8
26 - INFO - chord#: 106 In build_straw_man_chord_sa. tolerance = 1, sa_iterations = 1000, initial_temperature = 3.0, cooling_rate = 0.999
26 - INFO - chord#: 88 done. best_score=27.0, changed=523, unchanged=341, early_stops=8/8
26 - INFO - chord#: 98 done. best_score=27.0, changed=518, unchanged=318, early_stops=8/8
26 - INFO - chord#: 96 In build_straw_man_chord_sa. tolerance = 1, sa_iterations = 1000, initial_temperature = 3.0, cooling_rate = 0.999
26 - INFO - chord#: 102 In build_straw_man_chord_sa. tolerance = 1, sa_iterations = 1000, initial_temperature = 3.0, cooling_rate = 0.999
26 - INFO - chord#: 96 done. best_score=36.0, changed=546, unchanged=356, early_stops=8/8
26 - INFO - chord#: 98 In build_straw_man_chord_sa. tolerance = 1, sa_iterations = 1000, initial_temperature = 3.0, cooling_rate = 0.999
26 - INFO - chord#: 80 done. best_score=31.0, changed=530, unchanged=441, early_stops=8/8
26 - INFO - chord#: 82 In build_straw_man_chord_sa. tolerance = 1, sa_iterations = 1000, initial_temperature = 3.0, cooling_rate = 0.999
26 - INFO - chord#: 98 done. best_score=36.0, changed=529, unchanged=310, early_stops=8/8
26 - INFO - chord#: 102 In build_straw_man_chord_sa. tolerance = 1, sa_iterations = 1000, initial_temperature = 3.0, cooling_rate = 0.999
26 - INFO - chord#: 84 done. best_score=27.0, changed=531, unchanged=567, early_stops=8/8
26 - INFO - chord#: 86 In build_straw_man_chord_sa. tolerance = 1, sa_iterations = 1000, initial_temperature = 3.0, cooling_rate = 0.999
26 - INFO - chord#: 86 done. best_score=120.0, changed=611, unchanged=361, early_stops=8/8
26 - INFO - chord#: 87 In build_straw_man_chord_sa. tolerance = 1, sa_iterations = 1000, initial_temperature = 3.0, cooling_rate = 0.999
26 - INFO - chord#: 98 done. best_score=36.0, changed=529, unchanged=322, early_stops=8/8
26 - INFO - chord#: 102 In build_straw_man_chord_sa. tolerance = 1, sa_iterations = 1000, initial_temperature = 3.0, cooling_rate = 0.999
26 - INFO - chord#: 96 done. best_score=27.0, changed=527, unchanged=326, early_stops=8/8
26 - INFO - chord#: 98 In build_straw_man_chord_sa. tolerance = 1, sa_iterations = 1000, initial_temperature = 3.0, cooling_rate = 0.999
26 - INFO - chord#: 87 done. best_score=141.0, changed=613, unchanged=360, early_stops=8/8
26 - INFO - chord#: 88 In build_straw_man_chord_sa. tolerance = 1, sa_iterations = 1000, initial_temperature = 3.0, cooling_rate = 0.999
26 - INFO - chord#: 87 done. best_score=141.0, changed=613, unchanged=290, early_stops=8/8
26 - INFO - chord#: 88 In build_straw_man_chord_sa. tolerance = 1, sa_iterations = 1000, initial_temperature = 3.0, cooling_rate = 0.999
26 - INFO - chord#: 96 done. best_score=27.0, changed=536, unchanged=323, early_stops=8/8
26 - INFO - chord#: 98 In build_straw_man_chord_sa. tolerance = 1, sa_iterations = 1000, initial_temperature = 3.0, cooling_rate = 0.999
26 - INFO - chord#: 106 done. best_score=27.0, changed=524, unchanged=430, early_stops=8/8
26 - INFO - chord#: 108 In build_straw_man_chord_sa. tolerance = 1, sa_iterations = 1000, initial_temperature = 3.0, cooling_rate = 0.999
26 - INFO - chord#: 86 done. best_score=105.0, changed=618, unchanged=348, early_stops=8/8
26 - INFO - chord#: 87 In build_straw_man_chord_sa. tolerance = 1, sa_iterations = 1000, initial_temperature = 3.0, cooling_rate = 0.999
26 - INFO - chord#: 82 done. best_score=31.0, changed=527, unchanged=395, early_stops=8/8
26 - INFO - chord#: 84 In build_straw_man_chord_sa. tolerance = 1, sa_iterations = 1000, initial_temperature = 3.0, cooling_rate = 0.999
26 - INFO - chord#: 88 done. best_score=27.0, changed=523, unchanged=306, early_stops=8/8
26 - INFO - chord#: 96 In build_straw_man_chord_sa. tolerance = 1, sa_iterations = 1000, initial_temperature = 3.0, cooling_rate = 0.999
26 - INFO - chord#: 98 done. best_score=27.0, changed=523, unchanged=352, early_stops=8/8
26 - INFO - chord#: 102 In build_straw_man_chord_sa. tolerance = 1, sa_iterations = 1000, initial_temperature = 3.0, cooling_rate = 0.999
26 - INFO - chord#: 102 done. best_score=67.0, changed=609, unchanged=230, early_stops=8/8
26 - INFO - chord#: 104 In build_straw_man_chord_sa. tolerance = 1, sa_iterations = 1000, initial_temperature = 3.0, cooling_rate = 0.999
26 - INFO - chord#: 98 done. best_score=27.0, changed=531, unchanged=372, early_stops=8/8
26 - INFO - chord#: 102 In build_straw_man_chord_sa. tolerance = 1, sa_iterations = 1000, initial_temperature = 3.0, cooling_rate = 0.999
26 - INFO - chord#: 108 done. best_score=27.0, changed=517, unchanged=401, early_stops=8/8
26 - INFO - chord#: 110 In build_straw_man_chord_sa. tolerance = 1, sa_iterations = 1000, initial_temperature = 3.0, cooling_rate = 0.999
26 - INFO - chord#: 88 done. best_score=36.0, changed=531, unchanged=431, early_stops=8/8
26 - INFO - chord#: 96 In build_straw_man_chord_sa. tolerance = 1, sa_iterations = 1000, initial_temperature = 3.0, cooling_rate = 0.999
26 - INFO - chord#: 110 done. best_score=7.0, changed=513, unchanged=303, early_stops=8/8
26 - INFO - chord#: 112 In build_straw_man_chord_sa. tolerance = 1, sa_iterations = 1000, initial_temperature = 3.0, cooling_rate = 0.999
26 - INFO - chord#: 102 done. best_score=168.0, changed=612, unchanged=352, early_stops=8/8
26 - INFO - chord#: 104 In build_straw_man_chord_sa. tolerance = 1, sa_iterations = 1000, initial_temperature = 3.0, cooling_rate = 0.999
26 - INFO - chord#: 102 done. best_score=78.0, changed=609, unchanged=267, early_stops=8/8
26 - INFO - chord#: 104 In build_straw_man_chord_sa. tolerance = 1, sa_iterations = 1000, initial_temperature = 3.0, cooling_rate = 0.999
26 - INFO - chord#: 96 done. best_score=27.0, changed=535, unchanged=340, early_stops=8/8
26 - INFO - chord#: 98 In build_straw_man_chord_sa. tolerance = 1, sa_iterations = 1000, initial_temperature = 3.0, cooling_rate = 0.999
26 - INFO - chord#: 84 done. best_score=27.0, changed=518, unchanged=620, early_stops=8/8
26 - INFO - chord#: 86 In build_straw_man_chord_sa. tolerance = 1, sa_iterations = 1000, initial_temperature = 3.0, cooling_rate = 0.999
26 - INFO - chord#: 86 done. best_score=116.0, changed=609, unchanged=295, early_stops=8/8
26 - INFO - chord#: 87 In build_straw_man_chord_sa. tolerance = 1, sa_iterations = 1000, initial_temperature = 3.0, cooling_rate = 0.999
26 - INFO - chord#: 87 done. best_score=74.0, changed=607, unchanged=235, early_stops=8/8
26 - INFO - chord#: 88 In build_straw_man_chord_sa. tolerance = 1, sa_iterations = 1000, initial_temperature = 3.0, cooling_rate = 0.999
26 - INFO - chord#: 96 done. best_score=27.0, changed=518, unchanged=339, early_stops=8/8
26 - INFO - chord#: 98 In build_straw_man_chord_sa. tolerance = 1, sa_iterations = 1000, initial_temperature = 3.0, cooling_rate = 0.999
26 - INFO - chord#: 87 done. best_score=74.0, changed=609, unchanged=353, early_stops=8/8
26 - INFO - chord#: 88 In build_straw_man_chord_sa. tolerance = 1, sa_iterations = 1000, initial_temperature = 3.0, cooling_rate = 0.999
26 - INFO - chord#: 102 done. best_score=67.0, changed=609, unchanged=257, early_stops=8/8
26 - INFO - chord#: 104 In build_straw_man_chord_sa. tolerance = 1, sa_iterations = 1000, initial_temperature = 3.0, cooling_rate = 0.999
26 - INFO - chord#: 98 done. best_score=27.0, changed=516, unchanged=314, early_stops=8/8
26 - INFO - chord#: 102 In build_straw_man_chord_sa. tolerance = 1, sa_iterations = 1000, initial_temperature = 3.0, cooling_rate = 0.999
26 - INFO - chord#: 88 done. best_score=27.0, changed=534, unchanged=354, early_stops=8/8
26 - INFO - chord#: 96 In build_straw_man_chord_sa. tolerance = 1, sa_iterations = 1000, initial_temperature = 3.0, cooling_rate = 0.999
26 - INFO - chord#: 88 done. best_score=27.0, changed=528, unchanged=307, early_stops=8/8
26 - INFO - chord#: 96 In build_straw_man_chord_sa. tolerance = 1, sa_iterations = 1000, initial_temperature = 3.0, cooling_rate = 0.999
26 - INFO - chord#: 98 done. best_score=27.0, changed=538, unchanged=394, early_stops=8/8
26 - INFO - chord#: 102 In build_straw_man_chord_sa. tolerance = 1, sa_iterations = 1000, initial_temperature = 3.0, cooling_rate = 0.999
26 - INFO - chord#: 104 done. best_score=142.0, changed=616, unchanged=398, early_stops=8/8
26 - INFO - chord#: 106 In build_straw_man_chord_sa. tolerance = 1, sa_iterations = 1000, initial_temperature = 3.0, cooling_rate = 0.999
26 - INFO - chord#: 102 done. best_score=137.0, changed=613, unchanged=304, early_stops=8/8
26 - INFO - chord#: 104 In build_straw_man_chord_sa. tolerance = 1, sa_iterations = 1000, initial_temperature = 3.0, cooling_rate = 0.999
26 - INFO - chord#: 104 done. best_score=140.0, changed=614, unchanged=349, early_stops=8/8
26 - INFO - chord#: 106 In build_straw_man_chord_sa. tolerance = 1, sa_iterations = 1000, initial_temperature = 3.0, cooling_rate = 0.999
26 - INFO - chord#: 112 done. best_score=82.0, changed=620, unchanged=421, early_stops=8/8
26 - INFO - chord#: 114 In build_straw_man_chord_sa. tolerance = 1, sa_iterations = 1000, initial_temperature = 3.0, cooling_rate = 0.999
26 - INFO - chord#: 104 done. best_score=142.0, changed=612, unchanged=284, early_stops=8/8
26 - INFO - chord#: 106 In build_straw_man_chord_sa. tolerance = 1, sa_iterations = 1000, initial_temperature = 3.0, cooling_rate = 0.999
26 - INFO - chord#: 96 done. best_score=27.0, changed=538, unchanged=355, early_stops=8/8
26 - INFO - chord#: 98 In build_straw_man_chord_sa. tolerance = 1, sa_iterations = 1000, initial_temperature = 3.0, cooling_rate = 0.999
26 - INFO - chord#: 96 done. best_score=27.0, changed=524, unchanged=338, early_stops=8/8
26 - INFO - chord#: 98 In build_straw_man_chord_sa. tolerance = 1, sa_iterations = 1000, initial_temperature = 3.0, cooling_rate = 0.999
26 - INFO - chord#: 87 done. best_score=74.0, changed=611, unchanged=238, early_stops=8/8
26 - INFO - chord#: 88 In build_straw_man_chord_sa. tolerance = 1, sa_iterations = 1000, initial_temperature = 3.0, cooling_rate = 0.999
26 - INFO - chord#: 106 done. best_score=27.0, changed=518, unchanged=405, early_stops=8/8
26 - INFO - chord#: 108 In build_straw_man_chord_sa. tolerance = 1, sa_iterations = 1000, initial_temperature = 3.0, cooling_rate = 0.999
26 - INFO - chord#: 106 done. best_score=27.0, changed=522, unchanged=360, early_stops=8/8
26 - INFO - chord#: 108 In build_straw_man_chord_sa. tolerance = 1, sa_iterations = 1000, initial_temperature = 3.0, cooling_rate = 0.999
26 - INFO - chord#: 86 done. best_score=115.0, changed=615, unchanged=301, early_stops=8/8
26 - INFO - chord#: 87 In build_straw_man_chord_sa. tolerance = 1, sa_iterations = 1000, initial_temperature = 3.0, cooling_rate = 0.999
26 - INFO - chord#: 106 done. best_score=36.0, changed=524, unchanged=355, early_stops=8/8
26 - INFO - chord#: 108 In build_straw_man_chord_sa. tolerance = 1, sa_iterations = 1000, initial_temperature = 3.0, cooling_rate = 0.999
26 - INFO - chord#: 104 done. best_score=140.0, changed=616, unchanged=299, early_stops=8/8
26 - INFO - chord#: 106 In build_straw_man_chord_sa. tolerance = 1, sa_iterations = 1000, initial_temperature = 3.0, cooling_rate = 0.999
26 - INFO - chord#: 98 done. best_score=27.0, changed=525, unchanged=350, early_stops=8/8
26 - INFO - chord#: 102 In build_straw_man_chord_sa. tolerance = 1, sa_iterations = 1000, initial_temperature = 3.0, cooling_rate = 0.999
26 - INFO - chord#: 88 done. best_score=27.0, changed=529, unchanged=374, early_stops=8/8
26 - INFO - chord#: 96 In build_straw_man_chord_sa. tolerance = 1, sa_iterations = 1000, initial_temperature = 3.0, cooling_rate = 0.999
26 - INFO - chord#: 98 done. best_score=27.0, changed=531, unchanged=426, early_stops=8/8
26 - INFO - chord#: 102 In build_straw_man_chord_sa. tolerance = 1, sa_iterations = 1000, initial_temperature = 3.0, cooling_rate = 0.999
26 - INFO - chord#: 108 done. best_score=27.0, changed=513, unchanged=422, early_stops=8/8
26 - INFO - chord#: 110 In build_straw_man_chord_sa. tolerance = 1, sa_iterations = 1000, initial_temperature = 3.0, cooling_rate = 0.999
26 - INFO - chord#: 108 done. best_score=27.0, changed=521, unchanged=452, early_stops=8/8
26 - INFO - chord#: 110 In build_straw_man_chord_sa. tolerance = 1, sa_iterations = 1000, initial_temperature = 3.0, cooling_rate = 0.999
26 - INFO - chord#: 102 done. best_score=137.0, changed=613, unchanged=336, early_stops=8/8
26 - INFO - chord#: 104 In build_straw_man_chord_sa. tolerance = 1, sa_iterations = 1000, initial_temperature = 3.0, cooling_rate = 0.999
26 - INFO - chord#: 110 done. best_score=7.0, changed=496, unchanged=308, early_stops=8/8
26 - INFO - chord#: 112 In build_straw_man_chord_sa. tolerance = 1, sa_iterations = 1000, initial_temperature = 3.0, cooling_rate = 0.999
26 - INFO - chord#: 110 done. best_score=7.0, changed=520, unchanged=296, early_stops=8/8
26 - INFO - chord#: 112 In build_straw_man_chord_sa. tolerance = 1, sa_iterations = 1000, initial_temperature = 3.0, cooling_rate = 0.999
26 - INFO - chord#: 108 done. best_score=27.0, changed=520, unchanged=405, early_stops=8/8
26 - INFO - chord#: 110 In build_straw_man_chord_sa. tolerance = 1, sa_iterations = 1000, initial_temperature = 3.0, cooling_rate = 0.999
26 - INFO - chord#: 114 done. best_score=146.0, changed=610, unchanged=246, early_stops=8/8
26 - INFO - chord#: 115 In build_straw_man_chord_sa. tolerance = 1, sa_iterations = 1000, initial_temperature = 3.0, cooling_rate = 0.999
26 - INFO - chord#: 110 done. best_score=7.0, changed=503, unchanged=307, early_stops=8/8
26 - INFO - chord#: 112 In build_straw_man_chord_sa. tolerance = 1, sa_iterations = 1000, initial_temperature = 3.0, cooling_rate = 0.999
26 - INFO - chord#: 106 done. best_score=27.0, changed=527, unchanged=495, early_stops=8/8
26 - INFO - chord#: 108 In build_straw_man_chord_sa. tolerance = 1, sa_iterations = 1000, initial_temperature = 3.0, cooling_rate = 0.999
26 - INFO - chord#: 102 done. best_score=67.0, changed=618, unchanged=333, early_stops=8/8
26 - INFO - chord#: 104 In build_straw_man_chord_sa. tolerance = 1, sa_iterations = 1000, initial_temperature = 3.0, cooling_rate = 0.999
26 - INFO - chord#: 104 done. best_score=140.0, changed=615, unchanged=309, early_stops=8/8
26 - INFO - chord#: 106 In build_straw_man_chord_sa. tolerance = 1, sa_iterations = 1000, initial_temperature = 3.0, cooling_rate = 0.999
26 - INFO - chord#: 96 done. best_score=27.0, changed=534, unchanged=398, early_stops=8/8
26 - INFO - chord#: 98 In build_straw_man_chord_sa. tolerance = 1, sa_iterations = 1000, initial_temperature = 3.0, cooling_rate = 0.999
26 - INFO - chord#: 115 done. best_score=27.0, changed=532, unchanged=355, early_stops=8/8
26 - INFO - chord#: 116 In build_straw_man_chord_sa. tolerance = 1, sa_iterations = 1000, initial_temperature = 3.0, cooling_rate = 0.999
26 - INFO - chord#: 102 done. best_score=96.0, changed=609, unchanged=220, early_stops=8/8
26 - INFO - chord#: 104 In build_straw_man_chord_sa. tolerance = 1, sa_iterations = 1000, initial_temperature = 3.0, cooling_rate = 0.999
26 - INFO - chord#: 87 done. best_score=96.0, changed=608, unchanged=205, early_stops=8/8
26 - INFO - chord#: 88 In build_straw_man_chord_sa. tolerance = 1, sa_iterations = 1000, initial_temperature = 3.0, cooling_rate = 0.999
26 - INFO - chord#: 108 done. best_score=27.0, changed=521, unchanged=377, early_stops=8/8
26 - INFO - chord#: 110 In build_straw_man_chord_sa. tolerance = 1, sa_iterations = 1000, initial_temperature = 3.0, cooling_rate = 0.999
26 - INFO - chord#: 110 done. best_score=7.0, changed=508, unchanged=313, early_stops=8/8
26 - INFO - chord#: 112 In build_straw_man_chord_sa. tolerance = 1, sa_iterations = 1000, initial_temperature = 3.0, cooling_rate = 0.999
26 - INFO - chord#: 98 done. best_score=27.0, changed=525, unchanged=339, early_stops=8/8
26 - INFO - chord#: 102 In build_straw_man_chord_sa. tolerance = 1, sa_iterations = 1000, initial_temperature = 3.0, cooling_rate = 0.999
26 - INFO - chord#: 106 done. best_score=27.0, changed=523, unchanged=378, early_stops=8/8
26 - INFO - chord#: 108 In build_straw_man_chord_sa. tolerance = 1, sa_iterations = 1000, initial_temperature = 3.0, cooling_rate = 0.999
26 - INFO - chord#: 116 done. best_score=27.0, changed=525, unchanged=536, early_stops=8/8
26 - INFO - chord#: 118 In build_straw_man_chord_sa. tolerance = 1, sa_iterations = 1000, initial_temperature = 3.0, cooling_rate = 0.999
26 - INFO - chord#: 112 done. best_score=82.0, changed=610, unchanged=239, early_stops=8/8
26 - INFO - chord#: 114 In build_straw_man_chord_sa. tolerance = 1, sa_iterations = 1000, initial_temperature = 3.0, cooling_rate = 0.999
26 - INFO - chord#: 112 done. best_score=82.0, changed=611, unchanged=252, early_stops=8/8
26 - INFO - chord#: 114 In build_straw_man_chord_sa. tolerance = 1, sa_iterations = 1000, initial_temperature = 3.0, cooling_rate = 0.999
26 - INFO - chord#: 118 done. best_score=7.0, changed=507, unchanged=318, early_stops=8/8
26 - INFO - chord#: 120 In build_straw_man_chord_sa. tolerance = 1, sa_iterations = 1000, initial_temperature = 3.0, cooling_rate = 0.999
26 - INFO - chord#: 88 done. best_score=27.0, changed=523, unchanged=353, early_stops=8/8
26 - INFO - chord#: 96 In build_straw_man_chord_sa. tolerance = 1, sa_iterations = 1000, initial_temperature = 3.0, cooling_rate = 0.999
26 - INFO - chord#: 102 done. best_score=67.0, changed=616, unchanged=354, early_stops=8/8
26 - INFO - chord#: 104 In build_straw_man_chord_sa. tolerance = 1, sa_iterations = 1000, initial_temperature = 3.0, cooling_rate = 0.999
26 - INFO - chord#: 112 done. best_score=120.0, changed=615, unchanged=352, early_stops=8/8
26 - INFO - chord#: 114 In build_straw_man_chord_sa. tolerance = 1, sa_iterations = 1000, initial_temperature = 3.0, cooling_rate = 0.999
26 - INFO - chord#: 104 done. best_score=140.0, changed=614, unchanged=410, early_stops=8/8
26 - INFO - chord#: 106 In build_straw_man_chord_sa. tolerance = 1, sa_iterations = 1000, initial_temperature = 3.0, cooling_rate = 0.999
26 - INFO - chord#: 104 done. best_score=142.0, changed=611, unchanged=331, early_stops=8/8
26 - INFO - chord#: 106 In build_straw_man_chord_sa. tolerance = 1, sa_iterations = 1000, initial_temperature = 3.0, cooling_rate = 0.999
26 - INFO - chord#: 108 done. best_score=27.0, changed=522, unchanged=392, early_stops=8/8
26 - INFO - chord#: 110 In build_straw_man_chord_sa. tolerance = 1, sa_iterations = 1000, initial_temperature = 3.0, cooling_rate = 0.999
26 - INFO - chord#: 120 done. best_score=27.0, changed=518, unchanged=429, early_stops=8/8
26 - INFO - chord#: 124 In build_straw_man_chord_sa. tolerance = 1, sa_iterations = 1000, initial_temperature = 3.0, cooling_rate = 0.999
26 - INFO - chord#: 104 done. best_score=140.0, changed=611, unchanged=277, early_stops=8/8
26 - INFO - chord#: 106 In build_straw_man_chord_sa. tolerance = 1, sa_iterations = 1000, initial_temperature = 3.0, cooling_rate = 0.999
26 - INFO - chord#: 96 done. best_score=27.0, changed=514, unchanged=330, early_stops=8/8
26 - INFO - chord#: 98 In build_straw_man_chord_sa. tolerance = 1, sa_iterations = 1000, initial_temperature = 3.0, cooling_rate = 0.999
26 - INFO - chord#: 110 done. best_score=7.0, changed=514, unchanged=302, early_stops=8/8
26 - INFO - chord#: 112 In build_straw_man_chord_sa. tolerance = 1, sa_iterations = 1000, initial_temperature = 3.0, cooling_rate = 0.999
26 - INFO - chord#: 106 done. best_score=27.0, changed=525, unchanged=330, early_stops=8/8
26 - INFO - chord#: 108 In build_straw_man_chord_sa. tolerance = 1, sa_iterations = 1000, initial_temperature = 3.0, cooling_rate = 0.999
26 - INFO - chord#: 114 done. best_score=150.0, changed=615, unchanged=272, early_stops=8/8
26 - INFO - chord#: 115 In build_straw_man_chord_sa. tolerance = 1, sa_iterations = 1000, initial_temperature = 3.0, cooling_rate = 0.999
26 - INFO - chord#: 124 done. best_score=27.0, changed=525, unchanged=367, early_stops=8/8
26 - INFO - chord#: 128 In build_straw_man_chord_sa. tolerance = 1, sa_iterations = 1000, initial_temperature = 3.0, cooling_rate = 0.999
26 - INFO - chord#: 106 done. best_score=27.0, changed=518, unchanged=365, early_stops=8/8
26 - INFO - chord#: 108 In build_straw_man_chord_sa. tolerance = 1, sa_iterations = 1000, initial_temperature = 3.0, cooling_rate = 0.999
26 - INFO - chord#: 112 done. best_score=82.0, changed=615, unchanged=408, early_stops=8/8
26 - INFO - chord#: 114 In build_straw_man_chord_sa. tolerance = 1, sa_iterations = 1000, initial_temperature = 3.0, cooling_rate = 0.999
26 - INFO - chord#: 98 done. best_score=27.0, changed=532, unchanged=402, early_stops=8/8
26 - INFO - chord#: 102 In build_straw_man_chord_sa. tolerance = 1, sa_iterations = 1000, initial_temperature = 3.0, cooling_rate = 0.999
26 - INFO - chord#: 106 done. best_score=27.0, changed=518, unchanged=366, early_stops=8/8
26 - INFO - chord#: 108 In build_straw_man_chord_sa. tolerance = 1, sa_iterations = 1000, initial_temperature = 3.0, cooling_rate = 0.999
26 - INFO - chord#: 102 done. best_score=96.0, changed=608, unchanged=282, early_stops=8/8
26 - INFO - chord#: 104 In build_straw_man_chord_sa. tolerance = 1, sa_iterations = 1000, initial_temperature = 3.0, cooling_rate = 0.999
26 - INFO - chord#: 114 done. best_score=146.0, changed=609, unchanged=443, early_stops=8/8
26 - INFO - chord#: 115 In build_straw_man_chord_sa. tolerance = 1, sa_iterations = 1000, initial_temperature = 3.0, cooling_rate = 0.999
26 - INFO - chord#: 114 done. best_score=64.0, changed=614, unchanged=324, early_stops=8/8
26 - INFO - chord#: 115 In build_straw_man_chord_sa. tolerance = 1, sa_iterations = 1000, initial_temperature = 3.0, cooling_rate = 0.999
26 - INFO - chord#: 115 done. best_score=61.0, changed=541, unchanged=279, early_stops=8/8
26 - INFO - chord#: 116 In build_straw_man_chord_sa. tolerance = 1, sa_iterations = 1000, initial_temperature = 3.0, cooling_rate = 0.999
26 - INFO - chord#: 104 done. best_score=140.0, changed=609, unchanged=210, early_stops=8/8
26 - INFO - chord#: 106 In build_straw_man_chord_sa. tolerance = 1, sa_iterations = 1000, initial_temperature = 3.0, cooling_rate = 0.999
26 - INFO - chord#: 128 done. best_score=27.0, changed=522, unchanged=315, early_stops=8/8
26 - INFO - chord#: 130 In build_straw_man_chord_sa. tolerance = 1, sa_iterations = 1000, initial_temperature = 3.0, cooling_rate = 0.999
26 - INFO - chord#: 108 done. best_score=27.0, changed=524, unchanged=398, early_stops=8/8
26 - INFO - chord#: 110 In build_straw_man_chord_sa. tolerance = 1, sa_iterations = 1000, initial_temperature = 3.0, cooling_rate = 0.999
26 - INFO - chord#: 130 done. best_score=9.0, changed=475, unchanged=351, early_stops=8/8
26 - INFO - chord#: 132 In build_straw_man_chord_sa. tolerance = 1, sa_iterations = 1000, initial_temperature = 3.0, cooling_rate = 0.999
26 - INFO - chord#: 110 done. best_score=7.0, changed=504, unchanged=313, early_stops=8/8
26 - INFO - chord#: 112 In build_straw_man_chord_sa. tolerance = 1, sa_iterations = 1000, initial_temperature = 3.0, cooling_rate = 0.999
26 - INFO - chord#: 115 done. best_score=27.0, changed=524, unchanged=373, early_stops=8/8
26 - INFO - chord#: 116 In build_straw_man_chord_sa. tolerance = 1, sa_iterations = 1000, initial_temperature = 3.0, cooling_rate = 0.999
26 - INFO - chord#: 115 done. best_score=27.0, changed=529, unchanged=394, early_stops=8/8
26 - INFO - chord#: 116 In build_straw_man_chord_sa. tolerance = 1, sa_iterations = 1000, initial_temperature = 3.0, cooling_rate = 0.999
26 - INFO - chord#: 108 done. best_score=27.0, changed=517, unchanged=462, early_stops=8/8
26 - INFO - chord#: 110 In build_straw_man_chord_sa. tolerance = 1, sa_iterations = 1000, initial_temperature = 3.0, cooling_rate = 0.999
26 - INFO - chord#: 116 done. best_score=27.0, changed=518, unchanged=423, early_stops=8/8
26 - INFO - chord#: 118 In build_straw_man_chord_sa. tolerance = 1, sa_iterations = 1000, initial_temperature = 3.0, cooling_rate = 0.999
26 - INFO - chord#: 110 done. best_score=7.0, changed=520, unchanged=289, early_stops=8/8
26 - INFO - chord#: 112 In build_straw_man_chord_sa. tolerance = 1, sa_iterations = 1000, initial_temperature = 3.0, cooling_rate = 0.999
26 - INFO - chord#: 118 done. best_score=7.0, changed=501, unchanged=308, early_stops=8/8
26 - INFO - chord#: 120 In build_straw_man_chord_sa. tolerance = 1, sa_iterations = 1000, initial_temperature = 3.0, cooling_rate = 0.999
26 - INFO - chord#: 108 done. best_score=27.0, changed=521, unchanged=569, early_stops=8/8
26 - INFO - chord#: 110 In build_straw_man_chord_sa. tolerance = 1, sa_iterations = 1000, initial_temperature = 3.0, cooling_rate = 0.999
26 - INFO - chord#: 106 done. best_score=27.0, changed=516, unchanged=307, early_stops=8/8
26 - INFO - chord#: 108 In build_straw_man_chord_sa. tolerance = 1, sa_iterations = 1000, initial_temperature = 3.0, cooling_rate = 0.999
26 - INFO - chord#: 132 done. best_score=27.0, changed=514, unchanged=365, early_stops=8/8
26 - INFO - chord#: 134 In build_straw_man_chord_sa. tolerance = 1, sa_iterations = 1000, initial_temperature = 3.0, cooling_rate = 0.999
26 - INFO - chord#: 110 done. best_score=7.0, changed=474, unchanged=337, early_stops=8/8
26 - INFO - chord#: 112 In build_straw_man_chord_sa. tolerance = 1, sa_iterations = 1000, initial_temperature = 3.0, cooling_rate = 0.999
26 - INFO - chord#: 112 done. best_score=120.0, changed=613, unchanged=310, early_stops=8/8
26 - INFO - chord#: 114 In build_straw_man_chord_sa. tolerance = 1, sa_iterations = 1000, initial_temperature = 3.0, cooling_rate = 0.999
26 - INFO - chord#: 116 done. best_score=27.0, changed=530, unchanged=386, early_stops=8/8
26 - INFO - chord#: 118 In build_straw_man_chord_sa. tolerance = 1, sa_iterations = 1000, initial_temperature = 3.0, cooling_rate = 0.999
26 - INFO - chord#: 118 done. best_score=7.0, changed=507, unchanged=313, early_stops=8/8
26 - INFO - chord#: 120 In build_straw_man_chord_sa. tolerance = 1, sa_iterations = 1000, initial_temperature = 3.0, cooling_rate = 0.999
26 - INFO - chord#: 114 done. best_score=64.0, changed=617, unchanged=389, early_stops=8/8
26 - INFO - chord#: 115 In build_straw_man_chord_sa. tolerance = 1, sa_iterations = 1000, initial_temperature = 3.0, cooling_rate = 0.999
26 - INFO - chord#: 116 done. best_score=27.0, changed=520, unchanged=466, early_stops=8/8
26 - INFO - chord#: 118 In build_straw_man_chord_sa. tolerance = 1, sa_iterations = 1000, initial_temperature = 3.0, cooling_rate = 0.999
26 - INFO - chord#: 104 done. best_score=140.0, changed=611, unchanged=242, early_stops=8/8
26 - INFO - chord#: 106 In build_straw_man_chord_sa. tolerance = 1, sa_iterations = 1000, initial_temperature = 3.0, cooling_rate = 0.999
26 - INFO - chord#: 102 done. best_score=67.0, changed=610, unchanged=283, early_stops=8/8
26 - INFO - chord#: 104 In build_straw_man_chord_sa. tolerance = 1, sa_iterations = 1000, initial_temperature = 3.0, cooling_rate = 0.999
26 - INFO - chord#: 118 done. best_score=7.0, changed=492, unchanged=334, early_stops=8/8
26 - INFO - chord#: 120 In build_straw_man_chord_sa. tolerance = 1, sa_iterations = 1000, initial_temperature = 3.0, cooling_rate = 0.999
26 - INFO - chord#: 120 done. best_score=27.0, changed=533, unchanged=382, early_stops=8/8
26 - INFO - chord#: 124 In build_straw_man_chord_sa. tolerance = 1, sa_iterations = 1000, initial_temperature = 3.0, cooling_rate = 0.999
26 - INFO - chord#: 108 done. best_score=27.0, changed=524, unchanged=442, early_stops=8/8
26 - INFO - chord#: 110 In build_straw_man_chord_sa. tolerance = 1, sa_iterations = 1000, initial_temperature = 3.0, cooling_rate = 0.999
26 - INFO - chord#: 115 done. best_score=27.0, changed=526, unchanged=323, early_stops=8/8
26 - INFO - chord#: 116 In build_straw_man_chord_sa. tolerance = 1, sa_iterations = 1000, initial_temperature = 3.0, cooling_rate = 0.999
26 - INFO - chord#: 110 done. best_score=7.0, changed=502, unchanged=319, early_stops=8/8
26 - INFO - chord#: 112 In build_straw_man_chord_sa. tolerance = 1, sa_iterations = 1000, initial_temperature = 3.0, cooling_rate = 0.999
26 - INFO - chord#: 112 done. best_score=146.0, changed=611, unchanged=372, early_stops=8/8
26 - INFO - chord#: 114 In build_straw_man_chord_sa. tolerance = 1, sa_iterations = 1000, initial_temperature = 3.0, cooling_rate = 0.999
26 - INFO - chord#: 120 done. best_score=27.0, changed=529, unchanged=583, early_stops=8/8
26 - INFO - chord#: 124 In build_straw_man_chord_sa. tolerance = 1, sa_iterations = 1000, initial_temperature = 3.0, cooling_rate = 0.999
26 - INFO - chord#: 124 done. best_score=27.0, changed=537, unchanged=415, early_stops=8/8
26 - INFO - chord#: 128 In build_straw_man_chord_sa. tolerance = 1, sa_iterations = 1000, initial_temperature = 3.0, cooling_rate = 0.999
26 - INFO - chord#: 106 done. best_score=27.0, changed=530, unchanged=430, early_stops=8/8
26 - INFO - chord#: 108 In build_straw_man_chord_sa. tolerance = 1, sa_iterations = 1000, initial_temperature = 3.0, cooling_rate = 0.999
26 - INFO - chord#: 120 done. best_score=27.0, changed=536, unchanged=551, early_stops=8/8
26 - INFO - chord#: 124 In build_straw_man_chord_sa. tolerance = 1, sa_iterations = 1000, initial_temperature = 3.0, cooling_rate = 0.999
26 - INFO - chord#: 116 done. best_score=27.0, changed=515, unchanged=357, early_stops=8/8
26 - INFO - chord#: 118 In build_straw_man_chord_sa. tolerance = 1, sa_iterations = 1000, initial_temperature = 3.0, cooling_rate = 0.999
26 - INFO - chord#: 118 done. best_score=7.0, changed=493, unchanged=310, early_stops=8/8
26 - INFO - chord#: 120 In build_straw_man_chord_sa. tolerance = 1, sa_iterations = 1000, initial_temperature = 3.0, cooling_rate = 0.999
26 - INFO - chord#: 124 done. best_score=27.0, changed=521, unchanged=388, early_stops=8/8
26 - INFO - chord#: 128 In build_straw_man_chord_sa. tolerance = 1, sa_iterations = 1000, initial_temperature = 3.0, cooling_rate = 0.999
26 - INFO - chord#: 134 done. best_score=96.0, changed=617, unchanged=368, early_stops=8/8
26 - INFO - chord#: 136 In build_straw_man_chord_sa. tolerance = 1, sa_iterations = 1000, initial_temperature = 3.0, cooling_rate = 0.999
26 - INFO - chord#: 128 done. best_score=27.0, changed=525, unchanged=310, early_stops=8/8
26 - INFO - chord#: 130 In build_straw_man_chord_sa. tolerance = 1, sa_iterations = 1000, initial_temperature = 3.0, cooling_rate = 0.999
26 - INFO - chord#: 112 done. best_score=82.0, changed=617, unchanged=356, early_stops=8/8
26 - INFO - chord#: 114 In build_straw_man_chord_sa. tolerance = 1, sa_iterations = 1000, initial_temperature = 3.0, cooling_rate = 0.999
26 - INFO - chord#: 124 done. best_score=27.0, changed=526, unchanged=317, early_stops=8/8
26 - INFO - chord#: 128 In build_straw_man_chord_sa. tolerance = 1, sa_iterations = 1000, initial_temperature = 3.0, cooling_rate = 0.999
26 - INFO - chord#: 130 done. best_score=9.0, changed=475, unchanged=356, early_stops=8/8
26 - INFO - chord#: 132 In build_straw_man_chord_sa. tolerance = 1, sa_iterations = 1000, initial_temperature = 3.0, cooling_rate = 0.999
26 - INFO - chord#: 112 done. best_score=120.0, changed=608, unchanged=346, early_stops=8/8
26 - INFO - chord#: 114 In build_straw_man_chord_sa. tolerance = 1, sa_iterations = 1000, initial_temperature = 3.0, cooling_rate = 0.999
26 - INFO - chord#: 114 done. best_score=64.0, changed=618, unchanged=365, early_stops=8/8
26 - INFO - chord#: 115 In build_straw_man_chord_sa. tolerance = 1, sa_iterations = 1000, initial_temperature = 3.0, cooling_rate = 0.999
26 - INFO - chord#: 120 done. best_score=27.0, changed=513, unchanged=317, early_stops=8/8
26 - INFO - chord#: 124 In build_straw_man_chord_sa. tolerance = 1, sa_iterations = 1000, initial_temperature = 3.0, cooling_rate = 0.999
26 - INFO - chord#: 104 done. best_score=145.0, changed=608, unchanged=268, early_stops=8/8
26 - INFO - chord#: 106 In build_straw_man_chord_sa. tolerance = 1, sa_iterations = 1000, initial_temperature = 3.0, cooling_rate = 0.999
26 - INFO - chord#: 108 done. best_score=27.0, changed=517, unchanged=489, early_stops=8/8
26 - INFO - chord#: 110 In build_straw_man_chord_sa. tolerance = 1, sa_iterations = 1000, initial_temperature = 3.0, cooling_rate = 0.999
26 - INFO - chord#: 128 done. best_score=27.0, changed=524, unchanged=446, early_stops=8/8
26 - INFO - chord#: 130 In build_straw_man_chord_sa. tolerance = 1, sa_iterations = 1000, initial_temperature = 3.0, cooling_rate = 0.999
26 - INFO - chord#: 110 done. best_score=7.0, changed=508, unchanged=313, early_stops=8/8
26 - INFO - chord#: 112 In build_straw_man_chord_sa. tolerance = 1, sa_iterations = 1000, initial_temperature = 3.0, cooling_rate = 0.999
26 - INFO - chord#: 128 done. best_score=27.0, changed=519, unchanged=327, early_stops=8/8
26 - INFO - chord#: 130 In build_straw_man_chord_sa. tolerance = 1, sa_iterations = 1000, initial_temperature = 3.0, cooling_rate = 0.999
26 - INFO - chord#: 132 done. best_score=27.0, changed=515, unchanged=426, early_stops=8/8
26 - INFO - chord#: 134 In build_straw_man_chord_sa. tolerance = 1, sa_iterations = 1000, initial_temperature = 3.0, cooling_rate = 0.999
26 - INFO - chord#: 130 done. best_score=9.0, changed=464, unchanged=351, early_stops=8/8
26 - INFO - chord#: 132 In build_straw_man_chord_sa. tolerance = 1, sa_iterations = 1000, initial_temperature = 3.0, cooling_rate = 0.999
26 - INFO - chord#: 130 done. best_score=9.0, changed=478, unchanged=346, early_stops=8/8
26 - INFO - chord#: 132 In build_straw_man_chord_sa. tolerance = 1, sa_iterations = 1000, initial_temperature = 3.0, cooling_rate = 0.999
26 - INFO - chord#: 114 done. best_score=71.0, changed=618, unchanged=533, early_stops=8/8
26 - INFO - chord#: 115 In build_straw_man_chord_sa. tolerance = 1, sa_iterations = 1000, initial_temperature = 3.0, cooling_rate = 0.999
26 - INFO - chord#: 115 done. best_score=27.0, changed=539, unchanged=411, early_stops=8/8
26 - INFO - chord#: 116 In build_straw_man_chord_sa. tolerance = 1, sa_iterations = 1000, initial_temperature = 3.0, cooling_rate = 0.999
26 - INFO - chord#: 124 done. best_score=27.0, changed=523, unchanged=443, early_stops=8/8
26 - INFO - chord#: 128 In build_straw_man_chord_sa. tolerance = 1, sa_iterations = 1000, initial_temperature = 3.0, cooling_rate = 0.999
26 - INFO - chord#: 106 done. best_score=27.0, changed=524, unchanged=371, early_stops=8/8
26 - INFO - chord#: 108 In build_straw_man_chord_sa. tolerance = 1, sa_iterations = 1000, initial_temperature = 3.0, cooling_rate = 0.999
26 - INFO - chord#: 112 done. best_score=132.0, changed=613, unchanged=352, early_stops=8/8
26 - INFO - chord#: 114 In build_straw_man_chord_sa. tolerance = 1, sa_iterations = 1000, initial_temperature = 3.0, cooling_rate = 0.999
26 - INFO - chord#: 132 done. best_score=27.0, changed=522, unchanged=543, early_stops=8/8
26 - INFO - chord#: 134 In build_straw_man_chord_sa. tolerance = 1, sa_iterations = 1000, initial_temperature = 3.0, cooling_rate = 0.999
26 - INFO - chord#: 132 done. best_score=27.0, changed=520, unchanged=388, early_stops=8/8
26 - INFO - chord#: 134 In build_straw_man_chord_sa. tolerance = 1, sa_iterations = 1000, initial_temperature = 3.0, cooling_rate = 0.999
26 - INFO - chord#: 115 done. best_score=36.0, changed=534, unchanged=320, early_stops=8/8
26 - INFO - chord#: 116 In build_straw_man_chord_sa. tolerance = 1, sa_iterations = 1000, initial_temperature = 3.0, cooling_rate = 0.999
26 - INFO - chord#: 136 done. best_score=78.0, changed=611, unchanged=389, early_stops=8/8
26 - INFO - chord#: 138 In build_straw_man_chord_sa. tolerance = 1, sa_iterations = 1000, initial_temperature = 3.0, cooling_rate = 0.999
26 - INFO - chord#: 114 done. best_score=64.0, changed=611, unchanged=262, early_stops=8/8
26 - INFO - chord#: 115 In build_straw_man_chord_sa. tolerance = 1, sa_iterations = 1000, initial_temperature = 3.0, cooling_rate = 0.999
26 - INFO - chord#: 128 done. best_score=27.0, changed=529, unchanged=464, early_stops=8/8
26 - INFO - chord#: 130 In build_straw_man_chord_sa. tolerance = 1, sa_iterations = 1000, initial_temperature = 3.0, cooling_rate = 0.999
26 - INFO - chord#: 116 done. best_score=27.0, changed=517, unchanged=431, early_stops=8/8
26 - INFO - chord#: 118 In build_straw_man_chord_sa. tolerance = 1, sa_iterations = 1000, initial_temperature = 3.0, cooling_rate = 0.999
26 - INFO - chord#: 130 done. best_score=9.0, changed=478, unchanged=362, early_stops=8/8
26 - INFO - chord#: 132 In build_straw_man_chord_sa. tolerance = 1, sa_iterations = 1000, initial_temperature = 3.0, cooling_rate = 0.999
26 - INFO - chord#: 118 done. best_score=7.0, changed=501, unchanged=323, early_stops=8/8
26 - INFO - chord#: 120 In build_straw_man_chord_sa. tolerance = 1, sa_iterations = 1000, initial_temperature = 3.0, cooling_rate = 0.999
26 - INFO - chord#: 138 done. best_score=47.0, changed=525, unchanged=328, early_stops=8/8
26 - INFO - chord#: 140 In build_straw_man_chord_sa. tolerance = 1, sa_iterations = 1000, initial_temperature = 3.0, cooling_rate = 0.999
26 - INFO - chord#: 108 done. best_score=27.0, changed=526, unchanged=426, early_stops=8/8
26 - INFO - chord#: 110 In build_straw_man_chord_sa. tolerance = 1, sa_iterations = 1000, initial_temperature = 3.0, cooling_rate = 0.999
26 - INFO - chord#: 114 done. best_score=64.0, changed=617, unchanged=367, early_stops=8/8
26 - INFO - chord#: 115 In build_straw_man_chord_sa. tolerance = 1, sa_iterations = 1000, initial_temperature = 3.0, cooling_rate = 0.999
26 - INFO - chord#: 116 done. best_score=27.0, changed=520, unchanged=494, early_stops=8/8
26 - INFO - chord#: 118 In build_straw_man_chord_sa. tolerance = 1, sa_iterations = 1000, initial_temperature = 3.0, cooling_rate = 0.999
26 - INFO - chord#: 110 done. best_score=7.0, changed=511, unchanged=300, early_stops=8/8
26 - INFO - chord#: 112 In build_straw_man_chord_sa. tolerance = 1, sa_iterations = 1000, initial_temperature = 3.0, cooling_rate = 0.999
26 - INFO - chord#: 112 done. best_score=82.0, changed=607, unchanged=238, early_stops=8/8
26 - INFO - chord#: 114 In build_straw_man_chord_sa. tolerance = 1, sa_iterations = 1000, initial_temperature = 3.0, cooling_rate = 0.999
26 - INFO - chord#: 118 done. best_score=7.0, changed=475, unchanged=334, early_stops=8/8
26 - INFO - chord#: 120 In build_straw_man_chord_sa. tolerance = 1, sa_iterations = 1000, initial_temperature = 3.0, cooling_rate = 0.999
26 - INFO - chord#: 115 done. best_score=27.0, changed=529, unchanged=423, early_stops=8/8
26 - INFO - chord#: 116 In build_straw_man_chord_sa. tolerance = 1, sa_iterations = 1000, initial_temperature = 3.0, cooling_rate = 0.999
26 - INFO - chord#: 134 done. best_score=74.0, changed=610, unchanged=404, early_stops=8/8
26 - INFO - chord#: 136 In build_straw_man_chord_sa. tolerance = 1, sa_iterations = 1000, initial_temperature = 3.0, cooling_rate = 0.999
26 - INFO - chord#: 132 done. best_score=27.0, changed=521, unchanged=413, early_stops=8/8
26 - INFO - chord#: 134 In build_straw_man_chord_sa. tolerance = 1, sa_iterations = 1000, initial_temperature = 3.0, cooling_rate = 0.999
26 - INFO - chord#: 140 done. best_score=27.0, changed=511, unchanged=299, early_stops=8/8
26 - INFO - chord#: 142 In build_straw_man_chord_sa. tolerance = 1, sa_iterations = 1000, initial_temperature = 3.0, cooling_rate = 0.999
26 - INFO - chord#: 114 done. best_score=146.0, changed=612, unchanged=274, early_stops=8/8
26 - INFO - chord#: 115 In build_straw_man_chord_sa. tolerance = 1, sa_iterations = 1000, initial_temperature = 3.0, cooling_rate = 0.999
26 - INFO - chord#: 120 done. best_score=27.0, changed=524, unchanged=477, early_stops=8/8
26 - INFO - chord#: 124 In build_straw_man_chord_sa. tolerance = 1, sa_iterations = 1000, initial_temperature = 3.0, cooling_rate = 0.999
26 - INFO - chord#: 115 done. best_score=27.0, changed=526, unchanged=354, early_stops=8/8
26 - INFO - chord#: 116 In build_straw_man_chord_sa. tolerance = 1, sa_iterations = 1000, initial_temperature = 3.0, cooling_rate = 0.999
26 - INFO - chord#: 120 done. best_score=27.0, changed=514, unchanged=321, early_stops=8/8
26 - INFO - chord#: 124 In build_straw_man_chord_sa. tolerance = 1, sa_iterations = 1000, initial_temperature = 3.0, cooling_rate = 0.999
26 - INFO - chord#: 134 done. best_score=74.0, changed=609, unchanged=297, early_stops=8/8
26 - INFO - chord#: 136 In build_straw_man_chord_sa. tolerance = 1, sa_iterations = 1000, initial_temperature = 3.0, cooling_rate = 0.999
26 - INFO - chord#: 134 done. best_score=149.0, changed=610, unchanged=314, early_stops=8/8
26 - INFO - chord#: 136 In build_straw_man_chord_sa. tolerance = 1, sa_iterations = 1000, initial_temperature = 3.0, cooling_rate = 0.999
26 - INFO - chord#: 142 done. best_score=27.0, changed=523, unchanged=324, early_stops=8/8
26 - INFO - chord#: 144 In build_straw_man_chord_sa. tolerance = 1, sa_iterations = 1000, initial_temperature = 3.0, cooling_rate = 0.999
26 - INFO - chord#: 116 done. best_score=27.0, changed=529, unchanged=475, early_stops=8/8
26 - INFO - chord#: 118 In build_straw_man_chord_sa. tolerance = 1, sa_iterations = 1000, initial_temperature = 3.0, cooling_rate = 0.999
26 - INFO - chord#: 115 done. best_score=27.0, changed=521, unchanged=325, early_stops=8/8
26 - INFO - chord#: 116 In build_straw_man_chord_sa. tolerance = 1, sa_iterations = 1000, initial_temperature = 3.0, cooling_rate = 0.999
26 - INFO - chord#: 124 done. best_score=27.0, changed=524, unchanged=310, early_stops=8/8
26 - INFO - chord#: 128 In build_straw_man_chord_sa. tolerance = 1, sa_iterations = 1000, initial_temperature = 3.0, cooling_rate = 0.999
26 - INFO - chord#: 118 done. best_score=7.0, changed=507, unchanged=304, early_stops=8/8
26 - INFO - chord#: 120 In build_straw_man_chord_sa. tolerance = 1, sa_iterations = 1000, initial_temperature = 3.0, cooling_rate = 0.999
26 - INFO - chord#: 124 done. best_score=27.0, changed=528, unchanged=340, early_stops=8/8
26 - INFO - chord#: 128 In build_straw_man_chord_sa. tolerance = 1, sa_iterations = 1000, initial_temperature = 3.0, cooling_rate = 0.999
26 - INFO - chord#: 116 done. best_score=27.0, changed=523, unchanged=478, early_stops=8/8
26 - INFO - chord#: 118 In build_straw_man_chord_sa. tolerance = 1, sa_iterations = 1000, initial_temperature = 3.0, cooling_rate = 0.999
26 - INFO - chord#: 134 done. best_score=74.0, changed=606, unchanged=224, early_stops=8/8
26 - INFO - chord#: 136 In build_straw_man_chord_sa. tolerance = 1, sa_iterations = 1000, initial_temperature = 3.0, cooling_rate = 0.999
26 - INFO - chord#: 118 done. best_score=7.0, changed=512, unchanged=300, early_stops=8/8
26 - INFO - chord#: 120 In build_straw_man_chord_sa. tolerance = 1, sa_iterations = 1000, initial_temperature = 3.0, cooling_rate = 0.999
26 - INFO - chord#: 136 done. best_score=125.0, changed=609, unchanged=293, early_stops=8/8
26 - INFO - chord#: 138 In build_straw_man_chord_sa. tolerance = 1, sa_iterations = 1000, initial_temperature = 3.0, cooling_rate = 0.999
26 - INFO - chord#: 128 done. best_score=27.0, changed=522, unchanged=327, early_stops=8/8
26 - INFO - chord#: 130 In build_straw_man_chord_sa. tolerance = 1, sa_iterations = 1000, initial_temperature = 3.0, cooling_rate = 0.999
26 - INFO - chord#: 130 done. best_score=9.0, changed=483, unchanged=375, early_stops=8/8
26 - INFO - chord#: 132 In build_straw_man_chord_sa. tolerance = 1, sa_iterations = 1000, initial_temperature = 3.0, cooling_rate = 0.999
26 - INFO - chord#: 112 done. best_score=124.0, changed=612, unchanged=318, early_stops=8/8
26 - INFO - chord#: 114 In build_straw_man_chord_sa. tolerance = 1, sa_iterations = 1000, initial_temperature = 3.0, cooling_rate = 0.999
26 - INFO - chord#: 128 done. best_score=27.0, changed=518, unchanged=332, early_stops=8/8
26 - INFO - chord#: 130 In build_straw_man_chord_sa. tolerance = 1, sa_iterations = 1000, initial_temperature = 3.0, cooling_rate = 0.999
26 - INFO - chord#: 120 done. best_score=27.0, changed=524, unchanged=365, early_stops=8/8
26 - INFO - chord#: 124 In build_straw_man_chord_sa. tolerance = 1, sa_iterations = 1000, initial_temperature = 3.0, cooling_rate = 0.999
26 - INFO - chord#: 116 done. best_score=27.0, changed=526, unchanged=577, early_stops=8/8
26 - INFO - chord#: 118 In build_straw_man_chord_sa. tolerance = 1, sa_iterations = 1000, initial_temperature = 3.0, cooling_rate = 0.999
26 - INFO - chord#: 130 done. best_score=9.0, changed=476, unchanged=348, early_stops=8/8
26 - INFO - chord#: 132 In build_straw_man_chord_sa. tolerance = 1, sa_iterations = 1000, initial_temperature = 3.0, cooling_rate = 0.999
26 - INFO - chord#: 144 done. best_score=149.0, changed=610, unchanged=216, early_stops=8/8
26 - INFO - chord#: 146 In build_straw_man_chord_sa. tolerance = 1, sa_iterations = 1000, initial_temperature = 3.0, cooling_rate = 0.999
26 - INFO - chord#: 136 done. best_score=67.0, changed=612, unchanged=302, early_stops=8/8
26 - INFO - chord#: 138 In build_straw_man_chord_sa. tolerance = 1, sa_iterations = 1000, initial_temperature = 3.0, cooling_rate = 0.999
26 - INFO - chord#: 114 done. best_score=104.0, changed=621, unchanged=545, early_stops=8/8
26 - INFO - chord#: 115 In build_straw_man_chord_sa. tolerance = 1, sa_iterations = 1000, initial_temperature = 3.0, cooling_rate = 0.999
26 - INFO - chord#: 138 done. best_score=49.0, changed=521, unchanged=331, early_stops=8/8
26 - INFO - chord#: 140 In build_straw_man_chord_sa. tolerance = 1, sa_iterations = 1000, initial_temperature = 3.0, cooling_rate = 0.999
26 - INFO - chord#: 118 done. best_score=7.0, changed=498, unchanged=311, early_stops=8/8
26 - INFO - chord#: 120 In build_straw_man_chord_sa. tolerance = 1, sa_iterations = 1000, initial_temperature = 3.0, cooling_rate = 0.999
26 - INFO - chord#: 136 done. best_score=78.0, changed=612, unchanged=373, early_stops=8/8
26 - INFO - chord#: 138 In build_straw_man_chord_sa. tolerance = 1, sa_iterations = 1000, initial_temperature = 3.0, cooling_rate = 0.999
26 - INFO - chord#: 120 done. best_score=27.0, changed=527, unchanged=428, early_stops=8/8
26 - INFO - chord#: 124 In build_straw_man_chord_sa. tolerance = 1, sa_iterations = 1000, initial_temperature = 3.0, cooling_rate = 0.999
26 - INFO - chord#: 132 done. best_score=27.0, changed=514, unchanged=313, early_stops=8/8
26 - INFO - chord#: 134 In build_straw_man_chord_sa. tolerance = 1, sa_iterations = 1000, initial_temperature = 3.0, cooling_rate = 0.999
26 - INFO - chord#: 124 done. best_score=27.0, changed=518, unchanged=337, early_stops=8/8
26 - INFO - chord#: 128 In build_straw_man_chord_sa. tolerance = 1, sa_iterations = 1000, initial_temperature = 3.0, cooling_rate = 0.999
26 - INFO - chord#: 138 done. best_score=36.0, changed=526, unchanged=387, early_stops=8/8
26 - INFO - chord#: 140 In build_straw_man_chord_sa. tolerance = 1, sa_iterations = 1000, initial_temperature = 3.0, cooling_rate = 0.999
26 - INFO - chord#: 115 done. best_score=61.0, changed=521, unchanged=314, early_stops=8/8
26 - INFO - chord#: 116 In build_straw_man_chord_sa. tolerance = 1, sa_iterations = 1000, initial_temperature = 3.0, cooling_rate = 0.999
26 - INFO - chord#: 140 done. best_score=27.0, changed=513, unchanged=346, early_stops=8/8
26 - INFO - chord#: 142 In build_straw_man_chord_sa. tolerance = 1, sa_iterations = 1000, initial_temperature = 3.0, cooling_rate = 0.999
26 - INFO - chord#: 146 done. best_score=27.0, changed=527, unchanged=422, early_stops=8/8
26 - INFO - chord#: 147 In build_straw_man_chord_sa. tolerance = 1, sa_iterations = 1000, initial_temperature = 3.0, cooling_rate = 0.999
26 - INFO - chord#: 132 done. best_score=27.0, changed=534, unchanged=460, early_stops=8/8
26 - INFO - chord#: 134 In build_straw_man_chord_sa. tolerance = 1, sa_iterations = 1000, initial_temperature = 3.0, cooling_rate = 0.999
26 - INFO - chord#: 138 done. best_score=47.0, changed=526, unchanged=304, early_stops=8/8
26 - INFO - chord#: 140 In build_straw_man_chord_sa. tolerance = 1, sa_iterations = 1000, initial_temperature = 3.0, cooling_rate = 0.999
26 - INFO - chord#: 136 done. best_score=137.0, changed=609, unchanged=310, early_stops=8/8
26 - INFO - chord#: 138 In build_straw_man_chord_sa. tolerance = 1, sa_iterations = 1000, initial_temperature = 3.0, cooling_rate = 0.999
26 - INFO - chord#: 124 done. best_score=27.0, changed=520, unchanged=325, early_stops=8/8
26 - INFO - chord#: 128 In build_straw_man_chord_sa. tolerance = 1, sa_iterations = 1000, initial_temperature = 3.0, cooling_rate = 0.999
26 - INFO - chord#: 120 done. best_score=27.0, changed=527, unchanged=417, early_stops=8/8
26 - INFO - chord#: 124 In build_straw_man_chord_sa. tolerance = 1, sa_iterations = 1000, initial_temperature = 3.0, cooling_rate = 0.999
26 - INFO - chord#: 128 done. best_score=27.0, changed=527, unchanged=343, early_stops=8/8
26 - INFO - chord#: 130 In build_straw_man_chord_sa. tolerance = 1, sa_iterations = 1000, initial_temperature = 3.0, cooling_rate = 0.999
26 - INFO - chord#: 142 done. best_score=27.0, changed=517, unchanged=319, early_stops=8/8
26 - INFO - chord#: 144 In build_straw_man_chord_sa. tolerance = 1, sa_iterations = 1000, initial_temperature = 3.0, cooling_rate = 0.999
26 - INFO - chord#: 140 done. best_score=27.0, changed=514, unchanged=307, early_stops=8/8
26 - INFO - chord#: 142 In build_straw_man_chord_sa. tolerance = 1, sa_iterations = 1000, initial_temperature = 3.0, cooling_rate = 0.999
26 - INFO - chord#: 130 done. best_score=9.0, changed=468, unchanged=348, early_stops=8/8
26 - INFO - chord#: 132 In build_straw_man_chord_sa. tolerance = 1, sa_iterations = 1000, initial_temperature = 3.0, cooling_rate = 0.999
26 - INFO - chord#: 114 done. best_score=104.0, changed=617, unchanged=307, early_stops=8/8
26 - INFO - chord#: 115 In build_straw_man_chord_sa. tolerance = 1, sa_iterations = 1000, initial_temperature = 3.0, cooling_rate = 0.999
26 - INFO - chord#: 138 done. best_score=36.0, changed=524, unchanged=348, early_stops=8/8
26 - INFO - chord#: 140 In build_straw_man_chord_sa. tolerance = 1, sa_iterations = 1000, initial_temperature = 3.0, cooling_rate = 0.999
26 - INFO - chord#: 140 done. best_score=27.0, changed=526, unchanged=494, early_stops=8/8
26 - INFO - chord#: 142 In build_straw_man_chord_sa. tolerance = 1, sa_iterations = 1000, initial_temperature = 3.0, cooling_rate = 0.999
26 - INFO - chord#: 116 done. best_score=27.0, changed=529, unchanged=404, early_stops=8/8
26 - INFO - chord#: 118 In build_straw_man_chord_sa. tolerance = 1, sa_iterations = 1000, initial_temperature = 3.0, cooling_rate = 0.999
26 - INFO - chord#: 128 done. best_score=27.0, changed=544, unchanged=358, early_stops=8/8
26 - INFO - chord#: 130 In build_straw_man_chord_sa. tolerance = 1, sa_iterations = 1000, initial_temperature = 3.0, cooling_rate = 0.999
26 - INFO - chord#: 124 done. best_score=27.0, changed=518, unchanged=322, early_stops=8/8
26 - INFO - chord#: 128 In build_straw_man_chord_sa. tolerance = 1, sa_iterations = 1000, initial_temperature = 3.0, cooling_rate = 0.999
26 - INFO - chord#: 118 done. best_score=7.0, changed=508, unchanged=304, early_stops=8/8
26 - INFO - chord#: 120 In build_straw_man_chord_sa. tolerance = 1, sa_iterations = 1000, initial_temperature = 3.0, cooling_rate = 0.999
26 - INFO - chord#: 130 done. best_score=9.0, changed=467, unchanged=359, early_stops=8/8
26 - INFO - chord#: 132 In build_straw_man_chord_sa. tolerance = 1, sa_iterations = 1000, initial_temperature = 3.0, cooling_rate = 0.999
26 - INFO - chord#: 134 done. best_score=96.0, changed=612, unchanged=304, early_stops=8/8
26 - INFO - chord#: 136 In build_straw_man_chord_sa. tolerance = 1, sa_iterations = 1000, initial_temperature = 3.0, cooling_rate = 0.999
26 - INFO - chord#: 142 done. best_score=27.0, changed=518, unchanged=431, early_stops=8/8
26 - INFO - chord#: 144 In build_straw_man_chord_sa. tolerance = 1, sa_iterations = 1000, initial_temperature = 3.0, cooling_rate = 0.999
26 - INFO - chord#: 115 done. best_score=27.0, changed=518, unchanged=341, early_stops=8/8
26 - INFO - chord#: 116 In build_straw_man_chord_sa. tolerance = 1, sa_iterations = 1000, initial_temperature = 3.0, cooling_rate = 0.999
26 - INFO - chord#: 142 done. best_score=27.0, changed=524, unchanged=435, early_stops=8/8
26 - INFO - chord#: 144 In build_straw_man_chord_sa. tolerance = 1, sa_iterations = 1000, initial_temperature = 3.0, cooling_rate = 0.999
26 - INFO - chord#: 147 done. best_score=71.0, changed=611, unchanged=295, early_stops=8/8
26 - INFO - chord#: 148 In build_straw_man_chord_sa. tolerance = 1, sa_iterations = 1000, initial_temperature = 3.0, cooling_rate = 0.999
26 - INFO - chord#: 140 done. best_score=27.0, changed=527, unchanged=496, early_stops=8/8
26 - INFO - chord#: 142 In build_straw_man_chord_sa. tolerance = 1, sa_iterations = 1000, initial_temperature = 3.0, cooling_rate = 0.999
26 - INFO - chord#: 132 done. best_score=27.0, changed=524, unchanged=403, early_stops=8/8
26 - INFO - chord#: 134 In build_straw_man_chord_sa. tolerance = 1, sa_iterations = 1000, initial_temperature = 3.0, cooling_rate = 0.999
26 - INFO - chord#: 128 done. best_score=27.0, changed=521, unchanged=315, early_stops=8/8
26 - INFO - chord#: 130 In build_straw_man_chord_sa. tolerance = 1, sa_iterations = 1000, initial_temperature = 3.0, cooling_rate = 0.999
26 - INFO - chord#: 144 done. best_score=74.0, changed=606, unchanged=223, early_stops=8/8
26 - INFO - chord#: 146 In build_straw_man_chord_sa. tolerance = 1, sa_iterations = 1000, initial_temperature = 3.0, cooling_rate = 0.999
26 - INFO - chord#: 120 done. best_score=27.0, changed=517, unchanged=304, early_stops=8/8
26 - INFO - chord#: 124 In build_straw_man_chord_sa. tolerance = 1, sa_iterations = 1000, initial_temperature = 3.0, cooling_rate = 0.999
26 - INFO - chord#: 132 done. best_score=27.0, changed=519, unchanged=372, early_stops=8/8
26 - INFO - chord#: 134 In build_straw_man_chord_sa. tolerance = 1, sa_iterations = 1000, initial_temperature = 3.0, cooling_rate = 0.999
26 - INFO - chord#: 130 done. best_score=9.0, changed=484, unchanged=347, early_stops=8/8
26 - INFO - chord#: 132 In build_straw_man_chord_sa. tolerance = 1, sa_iterations = 1000, initial_temperature = 3.0, cooling_rate = 0.999
26 - INFO - chord#: 148 done. best_score=27.0, changed=521, unchanged=371, early_stops=8/8
26 - INFO - chord#: 150 In build_straw_man_chord_sa. tolerance = 1, sa_iterations = 1000, initial_temperature = 3.0, cooling_rate = 0.999
26 - INFO - chord#: 142 done. best_score=27.0, changed=512, unchanged=294, early_stops=8/8
26 - INFO - chord#: 144 In build_straw_man_chord_sa. tolerance = 1, sa_iterations = 1000, initial_temperature = 3.0, cooling_rate = 0.999
26 - INFO - chord#: 150 done. best_score=9.0, changed=467, unchanged=358, early_stops=8/8
26 - INFO - chord#: 152 In build_straw_man_chord_sa. tolerance = 1, sa_iterations = 1000, initial_temperature = 3.0, cooling_rate = 0.999
26 - INFO - chord#: 116 done. best_score=27.0, changed=513, unchanged=410, early_stops=8/8
26 - INFO - chord#: 118 In build_straw_man_chord_sa. tolerance = 1, sa_iterations = 1000, initial_temperature = 3.0, cooling_rate = 0.999
26 - INFO - chord#: 134 done. best_score=74.0, changed=618, unchanged=390, early_stops=8/8
26 - INFO - chord#: 136 In build_straw_man_chord_sa. tolerance = 1, sa_iterations = 1000, initial_temperature = 3.0, cooling_rate = 0.999
26 - INFO - chord#: 144 done. best_score=74.0, changed=608, unchanged=239, early_stops=8/8
26 - INFO - chord#: 146 In build_straw_man_chord_sa. tolerance = 1, sa_iterations = 1000, initial_temperature = 3.0, cooling_rate = 0.999
26 - INFO - chord#: 118 done. best_score=7.0, changed=503, unchanged=307, early_stops=8/8
26 - INFO - chord#: 120 In build_straw_man_chord_sa. tolerance = 1, sa_iterations = 1000, initial_temperature = 3.0, cooling_rate = 0.999
26 - INFO - chord#: 124 done. best_score=27.0, changed=540, unchanged=339, early_stops=8/8
26 - INFO - chord#: 128 In build_straw_man_chord_sa. tolerance = 1, sa_iterations = 1000, initial_temperature = 3.0, cooling_rate = 0.999
26 - INFO - chord#: 136 done. best_score=78.0, changed=608, unchanged=240, early_stops=8/8
26 - INFO - chord#: 138 In build_straw_man_chord_sa. tolerance = 1, sa_iterations = 1000, initial_temperature = 3.0, cooling_rate = 0.999
26 - INFO - chord#: 146 done. best_score=27.0, changed=528, unchanged=424, early_stops=8/8
26 - INFO - chord#: 147 In build_straw_man_chord_sa. tolerance = 1, sa_iterations = 1000, initial_temperature = 3.0, cooling_rate = 0.999
26 - INFO - chord#: 132 done. best_score=27.0, changed=519, unchanged=375, early_stops=8/8
26 - INFO - chord#: 134 In build_straw_man_chord_sa. tolerance = 1, sa_iterations = 1000, initial_temperature = 3.0, cooling_rate = 0.999
26 - INFO - chord#: 144 done. best_score=96.0, changed=610, unchanged=264, early_stops=8/8
26 - INFO - chord#: 146 In build_straw_man_chord_sa. tolerance = 1, sa_iterations = 1000, initial_temperature = 3.0, cooling_rate = 0.999
26 - INFO - chord#: 152 done. best_score=27.0, changed=524, unchanged=363, early_stops=8/8
26 - INFO - chord#: 156 In build_straw_man_chord_sa. tolerance = 1, sa_iterations = 1000, initial_temperature = 3.0, cooling_rate = 0.999
26 - INFO - chord#: 146 done. best_score=27.0, changed=516, unchanged=368, early_stops=8/8
26 - INFO - chord#: 147 In build_straw_man_chord_sa. tolerance = 1, sa_iterations = 1000, initial_temperature = 3.0, cooling_rate = 0.999
26 - INFO - chord#: 138 done. best_score=47.0, changed=523, unchanged=344, early_stops=8/8
26 - INFO - chord#: 140 In build_straw_man_chord_sa. tolerance = 1, sa_iterations = 1000, initial_temperature = 3.0, cooling_rate = 0.999
26 - INFO - chord#: 120 done. best_score=27.0, changed=523, unchanged=368, early_stops=8/8
26 - INFO - chord#: 124 In build_straw_man_chord_sa. tolerance = 1, sa_iterations = 1000, initial_temperature = 3.0, cooling_rate = 0.999
26 - INFO - chord#: 128 done. best_score=27.0, changed=521, unchanged=354, early_stops=8/8
26 - INFO - chord#: 130 In build_straw_man_chord_sa. tolerance = 1, sa_iterations = 1000, initial_temperature = 3.0, cooling_rate = 0.999
26 - INFO - chord#: 144 done. best_score=96.0, changed=611, unchanged=254, early_stops=8/8
26 - INFO - chord#: 146 In build_straw_man_chord_sa. tolerance = 1, sa_iterations = 1000, initial_temperature = 3.0, cooling_rate = 0.999
26 - INFO - chord#: 146 done. best_score=27.0, changed=532, unchanged=335, early_stops=8/8
26 - INFO - chord#: 147 In build_straw_man_chord_sa. tolerance = 1, sa_iterations = 1000, initial_temperature = 3.0, cooling_rate = 0.999
26 - INFO - chord#: 156 done. best_score=27.0, changed=525, unchanged=341, early_stops=8/8
26 - INFO - chord#: 160 In build_straw_man_chord_sa. tolerance = 1, sa_iterations = 1000, initial_temperature = 3.0, cooling_rate = 0.999
26 - INFO - chord#: 130 done. best_score=9.0, changed=471, unchanged=358, early_stops=8/8
26 - INFO - chord#: 132 In build_straw_man_chord_sa. tolerance = 1, sa_iterations = 1000, initial_temperature = 3.0, cooling_rate = 0.999
26 - INFO - chord#: 134 done. best_score=74.0, changed=615, unchanged=337, early_stops=8/8
26 - INFO - chord#: 136 In build_straw_man_chord_sa. tolerance = 1, sa_iterations = 1000, initial_temperature = 3.0, cooling_rate = 0.999
26 - INFO - chord#: 140 done. best_score=27.0, changed=517, unchanged=329, early_stops=8/8
26 - INFO - chord#: 142 In build_straw_man_chord_sa. tolerance = 1, sa_iterations = 1000, initial_temperature = 3.0, cooling_rate = 0.999
26 - INFO - chord#: 134 done. best_score=74.0, changed=611, unchanged=278, early_stops=8/8
26 - INFO - chord#: 136 In build_straw_man_chord_sa. tolerance = 1, sa_iterations = 1000, initial_temperature = 3.0, cooling_rate = 0.999
26 - INFO - chord#: 147 done. best_score=64.0, changed=610, unchanged=249, early_stops=8/8
26 - INFO - chord#: 148 In build_straw_man_chord_sa. tolerance = 1, sa_iterations = 1000, initial_temperature = 3.0, cooling_rate = 0.999
26 - INFO - chord#: 124 done. best_score=27.0, changed=523, unchanged=351, early_stops=8/8
26 - INFO - chord#: 128 In build_straw_man_chord_sa. tolerance = 1, sa_iterations = 1000, initial_temperature = 3.0, cooling_rate = 0.999
26 - INFO - chord#: 160 done. best_score=27.0, changed=523, unchanged=378, early_stops=8/8
26 - INFO - chord#: 162 In build_straw_man_chord_sa. tolerance = 1, sa_iterations = 1000, initial_temperature = 3.0, cooling_rate = 0.999
26 - INFO - chord#: 146 done. best_score=27.0, changed=528, unchanged=430, early_stops=8/8
26 - INFO - chord#: 147 In build_straw_man_chord_sa. tolerance = 1, sa_iterations = 1000, initial_temperature = 3.0, cooling_rate = 0.999
26 - INFO - chord#: 132 done. best_score=27.0, changed=520, unchanged=365, early_stops=8/8
26 - INFO - chord#: 134 In build_straw_man_chord_sa. tolerance = 1, sa_iterations = 1000, initial_temperature = 3.0, cooling_rate = 0.999
26 - INFO - chord#: 142 done. best_score=27.0, changed=528, unchanged=454, early_stops=8/8
26 - INFO - chord#: 144 In build_straw_man_chord_sa. tolerance = 1, sa_iterations = 1000, initial_temperature = 3.0, cooling_rate = 0.999
26 - INFO - chord#: 148 done. best_score=27.0, changed=526, unchanged=444, early_stops=8/8
26 - INFO - chord#: 150 In build_straw_man_chord_sa. tolerance = 1, sa_iterations = 1000, initial_temperature = 3.0, cooling_rate = 0.999
26 - INFO - chord#: 150 done. best_score=9.0, changed=468, unchanged=347, early_stops=8/8
26 - INFO - chord#: 152 In build_straw_man_chord_sa. tolerance = 1, sa_iterations = 1000, initial_temperature = 3.0, cooling_rate = 0.999
26 - INFO - chord#: 147 done. best_score=125.0, changed=612, unchanged=361, early_stops=8/8
26 - INFO - chord#: 148 In build_straw_man_chord_sa. tolerance = 1, sa_iterations = 1000, initial_temperature = 3.0, cooling_rate = 0.999
26 - INFO - chord#: 162 done. best_score=27.0, changed=537, unchanged=541, early_stops=8/8
26 - INFO - chord#: 164 In build_straw_man_chord_sa. tolerance = 1, sa_iterations = 1000, initial_temperature = 3.0, cooling_rate = 0.999
26 - INFO - chord#: 128 done. best_score=27.0, changed=528, unchanged=417, early_stops=8/8
26 - INFO - chord#: 130 In build_straw_man_chord_sa. tolerance = 1, sa_iterations = 1000, initial_temperature = 3.0, cooling_rate = 0.999
26 - INFO - chord#: 136 done. best_score=78.0, changed=619, unchanged=505, early_stops=8/8
26 - INFO - chord#: 138 In build_straw_man_chord_sa. tolerance = 1, sa_iterations = 1000, initial_temperature = 3.0, cooling_rate = 0.999
26 - INFO - chord#: 147 done. best_score=64.0, changed=610, unchanged=297, early_stops=8/8
26 - INFO - chord#: 148 In build_straw_man_chord_sa. tolerance = 1, sa_iterations = 1000, initial_temperature = 3.0, cooling_rate = 0.999
26 - INFO - chord#: 134 done. best_score=96.0, changed=614, unchanged=372, early_stops=8/8
26 - INFO - chord#: 136 In build_straw_man_chord_sa. tolerance = 1, sa_iterations = 1000, initial_temperature = 3.0, cooling_rate = 0.999
26 - INFO - chord#: 130 done. best_score=9.0, changed=480, unchanged=335, early_stops=8/8
26 - INFO - chord#: 132 In build_straw_man_chord_sa. tolerance = 1, sa_iterations = 1000, initial_temperature = 3.0, cooling_rate = 0.999
26 - INFO - chord#: 152 done. best_score=27.0, changed=524, unchanged=323, early_stops=8/8
26 - INFO - chord#: 156 In build_straw_man_chord_sa. tolerance = 1, sa_iterations = 1000, initial_temperature = 3.0, cooling_rate = 0.999
26 - INFO - chord#: 148 done. best_score=27.0, changed=524, unchanged=448, early_stops=8/8
26 - INFO - chord#: 150 In build_straw_man_chord_sa. tolerance = 1, sa_iterations = 1000, initial_temperature = 3.0, cooling_rate = 0.999
26 - INFO - chord#: 164 done. best_score=27.0, changed=519, unchanged=414, early_stops=8/8
26 - INFO - chord#: 166 In build_straw_man_chord_sa. tolerance = 1, sa_iterations = 1000, initial_temperature = 3.0, cooling_rate = 0.999
26 - INFO - chord#: 148 done. best_score=27.0, changed=516, unchanged=335, early_stops=8/8
26 - INFO - chord#: 150 In build_straw_man_chord_sa. tolerance = 1, sa_iterations = 1000, initial_temperature = 3.0, cooling_rate = 0.999
26 - INFO - chord#: 150 done. best_score=9.0, changed=469, unchanged=348, early_stops=8/8
26 - INFO - chord#: 152 In build_straw_man_chord_sa. tolerance = 1, sa_iterations = 1000, initial_temperature = 3.0, cooling_rate = 0.999
26 - INFO - chord#: 138 done. best_score=36.0, changed=528, unchanged=327, early_stops=8/8
26 - INFO - chord#: 140 In build_straw_man_chord_sa. tolerance = 1, sa_iterations = 1000, initial_temperature = 3.0, cooling_rate = 0.999
26 - INFO - chord#: 147 done. best_score=64.0, changed=611, unchanged=285, early_stops=8/8
26 - INFO - chord#: 150 done. best_score=9.0, changed=474, unchanged=344, early_stops=8/8
26 - INFO - chord#: 148 In build_straw_man_chord_sa. tolerance = 1, sa_iterations = 1000, initial_temperature = 3.0, cooling_rate = 0.999
26 - INFO - chord#: 152 In build_straw_man_chord_sa. tolerance = 1, sa_iterations = 1000, initial_temperature = 3.0, cooling_rate = 0.999
26 - INFO - chord#: 136 done. best_score=78.0, changed=611, unchanged=310, early_stops=8/8
26 - INFO - chord#: 138 In build_straw_man_chord_sa. tolerance = 1, sa_iterations = 1000, initial_temperature = 3.0, cooling_rate = 0.999
26 - INFO - chord#: 132 done. best_score=27.0, changed=527, unchanged=368, early_stops=8/8
26 - INFO - chord#: 134 In build_straw_man_chord_sa. tolerance = 1, sa_iterations = 1000, initial_temperature = 3.0, cooling_rate = 0.999
26 - INFO - chord#: 144 done. best_score=141.0, changed=613, unchanged=287, early_stops=8/8
26 - INFO - chord#: 146 In build_straw_man_chord_sa. tolerance = 1, sa_iterations = 1000, initial_temperature = 3.0, cooling_rate = 0.999
26 - INFO - chord#: 156 done. best_score=27.0, changed=523, unchanged=353, early_stops=8/8
26 - INFO - chord#: 160 In build_straw_man_chord_sa. tolerance = 1, sa_iterations = 1000, initial_temperature = 3.0, cooling_rate = 0.999
26 - INFO - chord#: 136 done. best_score=78.0, changed=612, unchanged=412, early_stops=8/8
26 - INFO - chord#: 138 In build_straw_man_chord_sa. tolerance = 1, sa_iterations = 1000, initial_temperature = 3.0, cooling_rate = 0.999
26 - INFO - chord#: 148 done. best_score=27.0, changed=520, unchanged=342, early_stops=8/8
26 - INFO - chord#: 150 In build_straw_man_chord_sa. tolerance = 1, sa_iterations = 1000, initial_temperature = 3.0, cooling_rate = 0.999
26 - INFO - chord#: 152 done. best_score=27.0, changed=528, unchanged=462, early_stops=8/8
26 - INFO - chord#: 156 In build_straw_man_chord_sa. tolerance = 1, sa_iterations = 1000, initial_temperature = 3.0, cooling_rate = 0.999
26 - INFO - chord#: 152 done. best_score=27.0, changed=527, unchanged=417, early_stops=8/8
26 - INFO - chord#: 156 In build_straw_man_chord_sa. tolerance = 1, sa_iterations = 1000, initial_temperature = 3.0, cooling_rate = 0.999
26 - INFO - chord#: 160 done. best_score=27.0, changed=517, unchanged=335, early_stops=8/8
26 - INFO - chord#: 162 In build_straw_man_chord_sa. tolerance = 1, sa_iterations = 1000, initial_temperature = 3.0, cooling_rate = 0.999
26 - INFO - chord#: 150 done. best_score=9.0, changed=479, unchanged=328, early_stops=8/8
26 - INFO - chord#: 152 In build_straw_man_chord_sa. tolerance = 1, sa_iterations = 1000, initial_temperature = 3.0, cooling_rate = 0.999
26 - INFO - chord#: 138 done. best_score=36.0, changed=519, unchanged=335, early_stops=8/8
26 - INFO - chord#: 140 In build_straw_man_chord_sa. tolerance = 1, sa_iterations = 1000, initial_temperature = 3.0, cooling_rate = 0.999
26 - INFO - chord#: 140 done. best_score=27.0, changed=527, unchanged=482, early_stops=8/8
26 - INFO - chord#: 142 In build_straw_man_chord_sa. tolerance = 1, sa_iterations = 1000, initial_temperature = 3.0, cooling_rate = 0.999
26 - INFO - chord#: 146 done. best_score=27.0, changed=524, unchanged=378, early_stops=8/8
26 - INFO - chord#: 147 In build_straw_man_chord_sa. tolerance = 1, sa_iterations = 1000, initial_temperature = 3.0, cooling_rate = 0.999
26 - INFO - chord#: 134 done. best_score=74.0, changed=613, unchanged=458, early_stops=8/8
26 - INFO - chord#: 136 In build_straw_man_chord_sa. tolerance = 1, sa_iterations = 1000, initial_temperature = 3.0, cooling_rate = 0.999
26 - INFO - chord#: 136 done. best_score=157.0, changed=610, unchanged=222, early_stops=8/8
26 - INFO - chord#: 138 In build_straw_man_chord_sa. tolerance = 1, sa_iterations = 1000, initial_temperature = 3.0, cooling_rate = 0.999
26 - INFO - chord#: 156 done. best_score=27.0, changed=532, unchanged=360, early_stops=8/8
26 - INFO - chord#: 160 In build_straw_man_chord_sa. tolerance = 1, sa_iterations = 1000, initial_temperature = 3.0, cooling_rate = 0.999
26 - INFO - chord#: 156 done. best_score=27.0, changed=521, unchanged=352, early_stops=8/8
26 - INFO - chord#: 160 In build_straw_man_chord_sa. tolerance = 1, sa_iterations = 1000, initial_temperature = 3.0, cooling_rate = 0.999
26 - INFO - chord#: 162 done. best_score=27.0, changed=519, unchanged=405, early_stops=8/8
26 - INFO - chord#: 164 In build_straw_man_chord_sa. tolerance = 1, sa_iterations = 1000, initial_temperature = 3.0, cooling_rate = 0.999
26 - INFO - chord#: 138 done. best_score=47.0, changed=518, unchanged=309, early_stops=8/8
26 - INFO - chord#: 140 In build_straw_man_chord_sa. tolerance = 1, sa_iterations = 1000, initial_temperature = 3.0, cooling_rate = 0.999
26 - INFO - chord#: 152 done. best_score=27.0, changed=523, unchanged=422, early_stops=8/8
26 - INFO - chord#: 156 In build_straw_man_chord_sa. tolerance = 1, sa_iterations = 1000, initial_temperature = 3.0, cooling_rate = 0.999
26 - INFO - chord#: 142 done. best_score=27.0, changed=526, unchanged=412, early_stops=8/8
26 - INFO - chord#: 144 In build_straw_man_chord_sa. tolerance = 1, sa_iterations = 1000, initial_temperature = 3.0, cooling_rate = 0.999
26 - INFO - chord#: 166 done. best_score=67.0, changed=619, unchanged=521, early_stops=8/8
26 - INFO - chord#: 168 In build_straw_man_chord_sa. tolerance = 1, sa_iterations = 1000, initial_temperature = 3.0, cooling_rate = 0.999
26 - INFO - chord#: 140 done. best_score=27.0, changed=520, unchanged=360, early_stops=8/8
26 - INFO - chord#: 142 In build_straw_man_chord_sa. tolerance = 1, sa_iterations = 1000, initial_temperature = 3.0, cooling_rate = 0.999
26 - INFO - chord#: 160 done. best_score=27.0, changed=529, unchanged=432, early_stops=8/8
26 - INFO - chord#: 162 In build_straw_man_chord_sa. tolerance = 1, sa_iterations = 1000, initial_temperature = 3.0, cooling_rate = 0.999
26 - INFO - chord#: 138 done. best_score=49.0, changed=522, unchanged=377, early_stops=8/8
26 - INFO - chord#: 140 In build_straw_man_chord_sa. tolerance = 1, sa_iterations = 1000, initial_temperature = 3.0, cooling_rate = 0.999
26 - INFO - chord#: 160 done. best_score=27.0, changed=529, unchanged=513, early_stops=8/8
26 - INFO - chord#: 162 In build_straw_man_chord_sa. tolerance = 1, sa_iterations = 1000, initial_temperature = 3.0, cooling_rate = 0.999
26 - INFO - chord#: 164 done. best_score=27.0, changed=523, unchanged=482, early_stops=8/8
26 - INFO - chord#: 166 In build_straw_man_chord_sa. tolerance = 1, sa_iterations = 1000, initial_temperature = 3.0, cooling_rate = 0.999
26 - INFO - chord#: 156 done. best_score=27.0, changed=534, unchanged=375, early_stops=8/8
26 - INFO - chord#: 160 In build_straw_man_chord_sa. tolerance = 1, sa_iterations = 1000, initial_temperature = 3.0, cooling_rate = 0.999
26 - INFO - chord#: 147 done. best_score=64.0, changed=610, unchanged=218, early_stops=8/8
26 - INFO - chord#: 148 In build_straw_man_chord_sa. tolerance = 1, sa_iterations = 1000, initial_temperature = 3.0, cooling_rate = 0.999
26 - INFO - chord#: 134 done. best_score=96.0, changed=620, unchanged=450, early_stops=8/8
26 - INFO - chord#: 136 In build_straw_man_chord_sa. tolerance = 1, sa_iterations = 1000, initial_temperature = 3.0, cooling_rate = 0.999
26 - INFO - chord#: 142 done. best_score=27.0, changed=520, unchanged=361, early_stops=8/8
26 - INFO - chord#: 144 In build_straw_man_chord_sa. tolerance = 1, sa_iterations = 1000, initial_temperature = 3.0, cooling_rate = 0.999
26 - INFO - chord#: 140 done. best_score=27.0, changed=522, unchanged=481, early_stops=8/8
26 - INFO - chord#: 142 In build_straw_man_chord_sa. tolerance = 1, sa_iterations = 1000, initial_temperature = 3.0, cooling_rate = 0.999
26 - INFO - chord#: 168 done. best_score=27.0, changed=522, unchanged=373, early_stops=8/8
26 - INFO - chord#: 170 In build_straw_man_chord_sa. tolerance = 1, sa_iterations = 1000, initial_temperature = 3.0, cooling_rate = 0.999
26 - INFO - chord#: 162 done. best_score=27.0, changed=526, unchanged=412, early_stops=8/8
26 - INFO - chord#: 164 In build_straw_man_chord_sa. tolerance = 1, sa_iterations = 1000, initial_temperature = 3.0, cooling_rate = 0.999
26 - INFO - chord#: 162 done. best_score=27.0, changed=527, unchanged=338, early_stops=8/8
26 - INFO - chord#: 164 In build_straw_man_chord_sa. tolerance = 1, sa_iterations = 1000, initial_temperature = 3.0, cooling_rate = 0.999
26 - INFO - chord#: 140 done. best_score=27.0, changed=518, unchanged=414, early_stops=8/8
26 - INFO - chord#: 142 In build_straw_man_chord_sa. tolerance = 1, sa_iterations = 1000, initial_temperature = 3.0, cooling_rate = 0.999
26 - INFO - chord#: 148 done. best_score=27.0, changed=531, unchanged=342, early_stops=8/8
26 - INFO - chord#: 150 In build_straw_man_chord_sa. tolerance = 1, sa_iterations = 1000, initial_temperature = 3.0, cooling_rate = 0.999
26 - INFO - chord#: 160 done. best_score=27.0, changed=525, unchanged=446, early_stops=8/8
26 - INFO - chord#: 162 In build_straw_man_chord_sa. tolerance = 1, sa_iterations = 1000, initial_temperature = 3.0, cooling_rate = 0.999
26 - INFO - chord#: 150 done. best_score=9.0, changed=486, unchanged=351, early_stops=8/8
26 - INFO - chord#: 152 In build_straw_man_chord_sa. tolerance = 1, sa_iterations = 1000, initial_temperature = 3.0, cooling_rate = 0.999
26 - INFO - chord#: 144 done. best_score=74.0, changed=614, unchanged=302, early_stops=8/8
26 - INFO - chord#: 146 In build_straw_man_chord_sa. tolerance = 1, sa_iterations = 1000, initial_temperature = 3.0, cooling_rate = 0.999
26 - INFO - chord#: 142 done. best_score=27.0, changed=516, unchanged=344, early_stops=8/8
26 - INFO - chord#: 144 In build_straw_man_chord_sa. tolerance = 1, sa_iterations = 1000, initial_temperature = 3.0, cooling_rate = 0.999
26 - INFO - chord#: 136 done. best_score=125.0, changed=614, unchanged=297, early_stops=8/8
26 - INFO - chord#: 138 In build_straw_man_chord_sa. tolerance = 1, sa_iterations = 1000, initial_temperature = 3.0, cooling_rate = 0.999
26 - INFO - chord#: 164 done. best_score=27.0, changed=517, unchanged=545, early_stops=8/8
26 - INFO - chord#: 166 In build_straw_man_chord_sa. tolerance = 1, sa_iterations = 1000, initial_temperature = 3.0, cooling_rate = 0.999
26 - INFO - chord#: 164 done. best_score=27.0, changed=522, unchanged=552, early_stops=8/8
26 - INFO - chord#: 166 In build_straw_man_chord_sa. tolerance = 1, sa_iterations = 1000, initial_temperature = 3.0, cooling_rate = 0.999
26 - INFO - chord#: 170 done. best_score=36.0, changed=531, unchanged=392, early_stops=8/8
26 - INFO - chord#: 172 In build_straw_man_chord_sa. tolerance = 1, sa_iterations = 1000, initial_temperature = 3.0, cooling_rate = 0.999
26 - INFO - chord#: 166 done. best_score=195.0, changed=609, unchanged=213, early_stops=8/8
26 - INFO - chord#: 168 In build_straw_man_chord_sa. tolerance = 1, sa_iterations = 1000, initial_temperature = 3.0, cooling_rate = 0.999
26 - INFO - chord#: 142 done. best_score=27.0, changed=525, unchanged=326, early_stops=8/8
26 - INFO - chord#: 144 In build_straw_man_chord_sa. tolerance = 1, sa_iterations = 1000, initial_temperature = 3.0, cooling_rate = 0.999
26 - INFO - chord#: 152 done. best_score=27.0, changed=524, unchanged=345, early_stops=8/8
26 - INFO - chord#: 156 In build_straw_man_chord_sa. tolerance = 1, sa_iterations = 1000, initial_temperature = 3.0, cooling_rate = 0.999
26 - INFO - chord#: 146 done. best_score=27.0, changed=523, unchanged=398, early_stops=8/8
26 - INFO - chord#: 147 In build_straw_man_chord_sa. tolerance = 1, sa_iterations = 1000, initial_temperature = 3.0, cooling_rate = 0.999
26 - INFO - chord#: 162 done. best_score=27.0, changed=519, unchanged=422, early_stops=8/8
26 - INFO - chord#: 164 In build_straw_man_chord_sa. tolerance = 1, sa_iterations = 1000, initial_temperature = 3.0, cooling_rate = 0.999
26 - INFO - chord#: 144 done. best_score=74.0, changed=615, unchanged=293, early_stops=8/8
26 - INFO - chord#: 146 In build_straw_man_chord_sa. tolerance = 1, sa_iterations = 1000, initial_temperature = 3.0, cooling_rate = 0.999
26 - INFO - chord#: 138 done. best_score=49.0, changed=526, unchanged=441, early_stops=8/8
26 - INFO - chord#: 140 In build_straw_man_chord_sa. tolerance = 1, sa_iterations = 1000, initial_temperature = 3.0, cooling_rate = 0.999
26 - INFO - chord#: 168 done. best_score=27.0, changed=521, unchanged=338, early_stops=8/8
26 - INFO - chord#: 170 In build_straw_man_chord_sa. tolerance = 1, sa_iterations = 1000, initial_temperature = 3.0, cooling_rate = 0.999
26 - INFO - chord#: 172 done. best_score=27.0, changed=520, unchanged=403, early_stops=8/8
26 - INFO - chord#: 174 In build_straw_man_chord_sa. tolerance = 1, sa_iterations = 1000, initial_temperature = 3.0, cooling_rate = 0.999
26 - INFO - chord#: 156 done. best_score=27.0, changed=530, unchanged=364, early_stops=8/8
26 - INFO - chord#: 160 In build_straw_man_chord_sa. tolerance = 1, sa_iterations = 1000, initial_temperature = 3.0, cooling_rate = 0.999
26 - INFO - chord#: 136 done. best_score=78.0, changed=609, unchanged=356, early_stops=8/8
26 - INFO - chord#: 138 In build_straw_man_chord_sa. tolerance = 1, sa_iterations = 1000, initial_temperature = 3.0, cooling_rate = 0.999
26 - INFO - chord#: 146 done. best_score=27.0, changed=526, unchanged=345, early_stops=8/8
26 - INFO - chord#: 147 In build_straw_man_chord_sa. tolerance = 1, sa_iterations = 1000, initial_temperature = 3.0, cooling_rate = 0.999
26 - INFO - chord#: 166 done. best_score=96.0, changed=613, unchanged=280, early_stops=8/8
26 - INFO - chord#: 168 In build_straw_man_chord_sa. tolerance = 1, sa_iterations = 1000, initial_temperature = 3.0, cooling_rate = 0.999
26 - INFO - chord#: 170 done. best_score=36.0, changed=523, unchanged=389, early_stops=8/8
26 - INFO - chord#: 172 In build_straw_man_chord_sa. tolerance = 1, sa_iterations = 1000, initial_temperature = 3.0, cooling_rate = 0.999
26 - INFO - chord#: 164 done. best_score=27.0, changed=531, unchanged=492, early_stops=8/8
26 - INFO - chord#: 166 In build_straw_man_chord_sa. tolerance = 1, sa_iterations = 1000, initial_temperature = 3.0, cooling_rate = 0.999
26 - INFO - chord#: 166 done. best_score=67.0, changed=619, unchanged=355, early_stops=8/8
26 - INFO - chord#: 168 In build_straw_man_chord_sa. tolerance = 1, sa_iterations = 1000, initial_temperature = 3.0, cooling_rate = 0.999
26 - INFO - chord#: 160 done. best_score=27.0, changed=526, unchanged=375, early_stops=8/8
26 - INFO - chord#: 162 In build_straw_man_chord_sa. tolerance = 1, sa_iterations = 1000, initial_temperature = 3.0, cooling_rate = 0.999
26 - INFO - chord#: 140 done. best_score=27.0, changed=519, unchanged=458, early_stops=8/8
26 - INFO - chord#: 142 In build_straw_man_chord_sa. tolerance = 1, sa_iterations = 1000, initial_temperature = 3.0, cooling_rate = 0.999
26 - INFO - chord#: 174 done. best_score=27.0, changed=522, unchanged=364, early_stops=8/8
26 - INFO - chord#: 176 In build_straw_man_chord_sa. tolerance = 1, sa_iterations = 1000, initial_temperature = 3.0, cooling_rate = 0.999
26 - INFO - chord#: 144 done. best_score=74.0, changed=612, unchanged=425, early_stops=8/8
26 - INFO - chord#: 146 In build_straw_man_chord_sa. tolerance = 1, sa_iterations = 1000, initial_temperature = 3.0, cooling_rate = 0.999
26 - INFO - chord#: 138 done. best_score=47.0, changed=526, unchanged=355, early_stops=8/8
26 - INFO - chord#: 140 In build_straw_man_chord_sa. tolerance = 1, sa_iterations = 1000, initial_temperature = 3.0, cooling_rate = 0.999
26 - INFO - chord#: 144 done. best_score=145.0, changed=615, unchanged=312, early_stops=8/8
26 - INFO - chord#: 146 In build_straw_man_chord_sa. tolerance = 1, sa_iterations = 1000, initial_temperature = 3.0, cooling_rate = 0.999
26 - INFO - chord#: 168 done. best_score=27.0, changed=515, unchanged=337, early_stops=8/8
26 - INFO - chord#: 170 In build_straw_man_chord_sa. tolerance = 1, sa_iterations = 1000, initial_temperature = 3.0, cooling_rate = 0.999
26 - INFO - chord#: 172 done. best_score=27.0, changed=517, unchanged=441, early_stops=8/8
26 - INFO - chord#: 174 In build_straw_man_chord_sa. tolerance = 1, sa_iterations = 1000, initial_temperature = 3.0, cooling_rate = 0.999
26 - INFO - chord#: 162 done. best_score=27.0, changed=517, unchanged=373, early_stops=8/8
26 - INFO - chord#: 164 In build_straw_man_chord_sa. tolerance = 1, sa_iterations = 1000, initial_temperature = 3.0, cooling_rate = 0.999
26 - INFO - chord#: 168 done. best_score=27.0, changed=515, unchanged=409, early_stops=8/8
26 - INFO - chord#: 170 In build_straw_man_chord_sa. tolerance = 1, sa_iterations = 1000, initial_temperature = 3.0, cooling_rate = 0.999
26 - INFO - chord#: 147 done. best_score=104.0, changed=614, unchanged=404, early_stops=8/8
26 - INFO - chord#: 148 In build_straw_man_chord_sa. tolerance = 1, sa_iterations = 1000, initial_temperature = 3.0, cooling_rate = 0.999
26 - INFO - chord#: 142 done. best_score=27.0, changed=525, unchanged=345, early_stops=8/8
26 - INFO - chord#: 144 In build_straw_man_chord_sa. tolerance = 1, sa_iterations = 1000, initial_temperature = 3.0, cooling_rate = 0.999
26 - INFO - chord#: 176 done. best_score=27.0, changed=524, unchanged=354, early_stops=8/8
26 - INFO - chord#: 180 In build_straw_man_chord_sa. tolerance = 1, sa_iterations = 1000, initial_temperature = 3.0, cooling_rate = 0.999
26 - INFO - chord#: 170 done. best_score=36.0, changed=512, unchanged=305, early_stops=8/8
26 - INFO - chord#: 172 In build_straw_man_chord_sa. tolerance = 1, sa_iterations = 1000, initial_temperature = 3.0, cooling_rate = 0.999
26 - INFO - chord#: 174 done. best_score=27.0, changed=523, unchanged=380, early_stops=8/8
26 - INFO - chord#: 176 In build_straw_man_chord_sa. tolerance = 1, sa_iterations = 1000, initial_temperature = 3.0, cooling_rate = 0.999
26 - INFO - chord#: 146 done. best_score=27.0, changed=532, unchanged=399, early_stops=8/8
26 - INFO - chord#: 147 In build_straw_man_chord_sa. tolerance = 1, sa_iterations = 1000, initial_temperature = 3.0, cooling_rate = 0.999
26 - INFO - chord#: 146 done. best_score=36.0, changed=533, unchanged=307, early_stops=8/8
26 - INFO - chord#: 147 In build_straw_man_chord_sa. tolerance = 1, sa_iterations = 1000, initial_temperature = 3.0, cooling_rate = 0.999
26 - INFO - chord#: 147 done. best_score=64.0, changed=615, unchanged=269, early_stops=8/8
26 - INFO - chord#: 148 In build_straw_man_chord_sa. tolerance = 1, sa_iterations = 1000, initial_temperature = 3.0, cooling_rate = 0.999
26 - INFO - chord#: 170 done. best_score=36.0, changed=515, unchanged=335, early_stops=8/8
26 - INFO - chord#: 172 In build_straw_man_chord_sa. tolerance = 1, sa_iterations = 1000, initial_temperature = 3.0, cooling_rate = 0.999
26 - INFO - chord#: 164 done. best_score=27.0, changed=514, unchanged=402, early_stops=8/8
26 - INFO - chord#: 166 In build_straw_man_chord_sa. tolerance = 1, sa_iterations = 1000, initial_temperature = 3.0, cooling_rate = 0.999
26 - INFO - chord#: 148 done. best_score=27.0, changed=523, unchanged=317, early_stops=8/8
26 - INFO - chord#: 150 In build_straw_man_chord_sa. tolerance = 1, sa_iterations = 1000, initial_temperature = 3.0, cooling_rate = 0.999
26 - INFO - chord#: 140 done. best_score=27.0, changed=519, unchanged=509, early_stops=8/8
26 - INFO - chord#: 142 In build_straw_man_chord_sa. tolerance = 1, sa_iterations = 1000, initial_temperature = 3.0, cooling_rate = 0.999
26 - INFO - chord#: 150 done. best_score=9.0, changed=468, unchanged=337, early_stops=8/8
26 - INFO - chord#: 152 In build_straw_man_chord_sa. tolerance = 1, sa_iterations = 1000, initial_temperature = 3.0, cooling_rate = 0.999
26 - INFO - chord#: 176 done. best_score=27.0, changed=521, unchanged=310, early_stops=8/8
26 - INFO - chord#: 180 In build_straw_man_chord_sa. tolerance = 1, sa_iterations = 1000, initial_temperature = 3.0, cooling_rate = 0.999
26 - INFO - chord#: 180 done. best_score=27.0, changed=525, unchanged=452, early_stops=8/8
26 - INFO - chord#: 182 In build_straw_man_chord_sa. tolerance = 1, sa_iterations = 1000, initial_temperature = 3.0, cooling_rate = 0.999
26 - INFO - chord#: 148 done. best_score=27.0, changed=521, unchanged=334, early_stops=8/8
26 - INFO - chord#: 150 In build_straw_man_chord_sa. tolerance = 1, sa_iterations = 1000, initial_temperature = 3.0, cooling_rate = 0.999
26 - INFO - chord#: 172 done. best_score=27.0, changed=521, unchanged=504, early_stops=8/8
26 - INFO - chord#: 174 In build_straw_man_chord_sa. tolerance = 1, sa_iterations = 1000, initial_temperature = 3.0, cooling_rate = 0.999
26 - INFO - chord#: 172 done. best_score=27.0, changed=521, unchanged=377, early_stops=8/8
26 - INFO - chord#: 174 In build_straw_man_chord_sa. tolerance = 1, sa_iterations = 1000, initial_temperature = 3.0, cooling_rate = 0.999
26 - INFO - chord#: 150 done. best_score=9.0, changed=471, unchanged=353, early_stops=8/8
26 - INFO - chord#: 152 In build_straw_man_chord_sa. tolerance = 1, sa_iterations = 1000, initial_temperature = 3.0, cooling_rate = 0.999
26 - INFO - chord#: 142 done. best_score=27.0, changed=520, unchanged=358, early_stops=8/8
26 - INFO - chord#: 144 In build_straw_man_chord_sa. tolerance = 1, sa_iterations = 1000, initial_temperature = 3.0, cooling_rate = 0.999
26 - INFO - chord#: 166 done. best_score=67.0, changed=618, unchanged=569, early_stops=8/8
26 - INFO - chord#: 168 In build_straw_man_chord_sa. tolerance = 1, sa_iterations = 1000, initial_temperature = 3.0, cooling_rate = 0.999
26 - INFO - chord#: 152 done. best_score=27.0, changed=520, unchanged=325, early_stops=8/8
26 - INFO - chord#: 156 In build_straw_man_chord_sa. tolerance = 1, sa_iterations = 1000, initial_temperature = 3.0, cooling_rate = 0.999
26 - INFO - chord#: 180 done. best_score=27.0, changed=525, unchanged=479, early_stops=8/8
26 - INFO - chord#: 182 In build_straw_man_chord_sa. tolerance = 1, sa_iterations = 1000, initial_temperature = 3.0, cooling_rate = 0.999
26 - INFO - chord#: 174 done. best_score=27.0, changed=520, unchanged=364, early_stops=8/8
26 - INFO - chord#: 176 In build_straw_man_chord_sa. tolerance = 1, sa_iterations = 1000, initial_temperature = 3.0, cooling_rate = 0.999
26 - INFO - chord#: 147 done. best_score=71.0, changed=622, unchanged=210, early_stops=8/8
26 - INFO - chord#: 148 In build_straw_man_chord_sa. tolerance = 1, sa_iterations = 1000, initial_temperature = 3.0, cooling_rate = 0.999
26 - INFO - chord#: 182 done. best_score=47.0, changed=523, unchanged=391, early_stops=8/8
26 - INFO - chord#: 183 In build_straw_man_chord_sa. tolerance = 1, sa_iterations = 1000, initial_temperature = 3.0, cooling_rate = 0.999
26 - INFO - chord#: 174 done. best_score=27.0, changed=525, unchanged=510, early_stops=8/8
26 - INFO - chord#: 176 In build_straw_man_chord_sa. tolerance = 1, sa_iterations = 1000, initial_temperature = 3.0, cooling_rate = 0.999
26 - INFO - chord#: 166 done. best_score=67.0, changed=610, unchanged=274, early_stops=8/8
26 - INFO - chord#: 168 In build_straw_man_chord_sa. tolerance = 1, sa_iterations = 1000, initial_temperature = 3.0, cooling_rate = 0.999
26 - INFO - chord#: 144 done. best_score=74.0, changed=609, unchanged=314, early_stops=8/8
26 - INFO - chord#: 146 In build_straw_man_chord_sa. tolerance = 1, sa_iterations = 1000, initial_temperature = 3.0, cooling_rate = 0.999
26 - INFO - chord#: 152 done. best_score=27.0, changed=521, unchanged=348, early_stops=8/8
26 - INFO - chord#: 156 In build_straw_man_chord_sa. tolerance = 1, sa_iterations = 1000, initial_temperature = 3.0, cooling_rate = 0.999
26 - INFO - chord#: 156 done. best_score=27.0, changed=524, unchanged=337, early_stops=8/8
26 - INFO - chord#: 160 In build_straw_man_chord_sa. tolerance = 1, sa_iterations = 1000, initial_temperature = 3.0, cooling_rate = 0.999
26 - INFO - chord#: 168 done. best_score=27.0, changed=527, unchanged=415, early_stops=8/8
26 - INFO - chord#: 170 In build_straw_man_chord_sa. tolerance = 1, sa_iterations = 1000, initial_temperature = 3.0, cooling_rate = 0.999
26 - INFO - chord#: 182 done. best_score=47.0, changed=521, unchanged=336, early_stops=8/8
26 - INFO - chord#: 183 In build_straw_man_chord_sa. tolerance = 1, sa_iterations = 1000, initial_temperature = 3.0, cooling_rate = 0.999
26 - INFO - chord#: 176 done. best_score=27.0, changed=522, unchanged=366, early_stops=8/8
26 - INFO - chord#: 180 In build_straw_man_chord_sa. tolerance = 1, sa_iterations = 1000, initial_temperature = 3.0, cooling_rate = 0.999
26 - INFO - chord#: 147 done. best_score=104.0, changed=611, unchanged=316, early_stops=8/8
26 - INFO - chord#: 148 In build_straw_man_chord_sa. tolerance = 1, sa_iterations = 1000, initial_temperature = 3.0, cooling_rate = 0.999
26 - INFO - chord#: 176 done. best_score=27.0, changed=520, unchanged=345, early_stops=8/8
26 - INFO - chord#: 180 In build_straw_man_chord_sa. tolerance = 1, sa_iterations = 1000, initial_temperature = 3.0, cooling_rate = 0.999
26 - INFO - chord#: 148 done. best_score=27.0, changed=529, unchanged=364, early_stops=8/8
26 - INFO - chord#: 150 In build_straw_man_chord_sa. tolerance = 1, sa_iterations = 1000, initial_temperature = 3.0, cooling_rate = 0.999
26 - INFO - chord#: 156 done. best_score=27.0, changed=516, unchanged=305, early_stops=8/8
26 - INFO - chord#: 160 In build_straw_man_chord_sa. tolerance = 1, sa_iterations = 1000, initial_temperature = 3.0, cooling_rate = 0.999
26 - INFO - chord#: 168 done. best_score=27.0, changed=526, unchanged=338, early_stops=8/8
26 - INFO - chord#: 170 In build_straw_man_chord_sa. tolerance = 1, sa_iterations = 1000, initial_temperature = 3.0, cooling_rate = 0.999
26 - INFO - chord#: 160 done. best_score=27.0, changed=522, unchanged=452, early_stops=8/8
26 - INFO - chord#: 162 In build_straw_man_chord_sa. tolerance = 1, sa_iterations = 1000, initial_temperature = 3.0, cooling_rate = 0.999
26 - INFO - chord#: 150 done. best_score=9.0, changed=483, unchanged=359, early_stops=8/8
26 - INFO - chord#: 152 In build_straw_man_chord_sa. tolerance = 1, sa_iterations = 1000, initial_temperature = 3.0, cooling_rate = 0.999
26 - INFO - chord#: 146 done. best_score=27.0, changed=521, unchanged=373, early_stops=8/8
26 - INFO - chord#: 147 In build_straw_man_chord_sa. tolerance = 1, sa_iterations = 1000, initial_temperature = 3.0, cooling_rate = 0.999
26 - INFO - chord#: 144 done. best_score=74.0, changed=608, unchanged=235, early_stops=8/8
26 - INFO - chord#: 146 In build_straw_man_chord_sa. tolerance = 1, sa_iterations = 1000, initial_temperature = 3.0, cooling_rate = 0.999
26 - INFO - chord#: 180 done. best_score=27.0, changed=517, unchanged=364, early_stops=8/8
26 - INFO - chord#: 182 In build_straw_man_chord_sa. tolerance = 1, sa_iterations = 1000, initial_temperature = 3.0, cooling_rate = 0.999
26 - INFO - chord#: 170 done. best_score=36.0, changed=512, unchanged=339, early_stops=8/8
26 - INFO - chord#: 172 In build_straw_man_chord_sa. tolerance = 1, sa_iterations = 1000, initial_temperature = 3.0, cooling_rate = 0.999
26 - INFO - chord#: 160 done. best_score=27.0, changed=524, unchanged=386, early_stops=8/8
26 - INFO - chord#: 162 In build_straw_man_chord_sa. tolerance = 1, sa_iterations = 1000, initial_temperature = 3.0, cooling_rate = 0.999
26 - INFO - chord#: 180 done. best_score=27.0, changed=532, unchanged=548, early_stops=8/8
26 - INFO - chord#: 148 done. best_score=27.0, changed=525, unchanged=387, early_stops=8/8
26 - INFO - chord#: 182 In build_straw_man_chord_sa. tolerance = 1, sa_iterations = 1000, initial_temperature = 3.0, cooling_rate = 0.999
26 - INFO - chord#: 150 In build_straw_man_chord_sa. tolerance = 1, sa_iterations = 1000, initial_temperature = 3.0, cooling_rate = 0.999
26 - INFO - chord#: 170 done. best_score=36.0, changed=522, unchanged=351, early_stops=8/8
26 - INFO - chord#: 172 In build_straw_man_chord_sa. tolerance = 1, sa_iterations = 1000, initial_temperature = 3.0, cooling_rate = 0.999
26 - INFO - chord#: 162 done. best_score=27.0, changed=513, unchanged=392, early_stops=8/8
26 - INFO - chord#: 164 In build_straw_man_chord_sa. tolerance = 1, sa_iterations = 1000, initial_temperature = 3.0, cooling_rate = 0.999
26 - INFO - chord#: 150 done. best_score=9.0, changed=471, unchanged=336, early_stops=8/8
26 - INFO - chord#: 152 In build_straw_man_chord_sa. tolerance = 1, sa_iterations = 1000, initial_temperature = 3.0, cooling_rate = 0.999
26 - INFO - chord#: 152 done. best_score=27.0, changed=518, unchanged=365, early_stops=8/8
26 - INFO - chord#: 156 In build_straw_man_chord_sa. tolerance = 1, sa_iterations = 1000, initial_temperature = 3.0, cooling_rate = 0.999
26 - INFO - chord#: 182 done. best_score=47.0, changed=517, unchanged=390, early_stops=8/8
26 - INFO - chord#: 183 In build_straw_man_chord_sa. tolerance = 1, sa_iterations = 1000, initial_temperature = 3.0, cooling_rate = 0.999
26 - INFO - chord#: 146 done. best_score=27.0, changed=521, unchanged=317, early_stops=8/8
26 - INFO - chord#: 147 In build_straw_man_chord_sa. tolerance = 1, sa_iterations = 1000, initial_temperature = 3.0, cooling_rate = 0.999
26 - INFO - chord#: 162 done. best_score=27.0, changed=518, unchanged=412, early_stops=8/8
26 - INFO - chord#: 164 In build_straw_man_chord_sa. tolerance = 1, sa_iterations = 1000, initial_temperature = 3.0, cooling_rate = 0.999
26 - INFO - chord#: 183 done. best_score=111.0, changed=608, unchanged=292, early_stops=8/8
26 - INFO - chord#: 184 In build_straw_man_chord_sa. tolerance = 1, sa_iterations = 1000, initial_temperature = 3.0, cooling_rate = 0.999
26 - INFO - chord#: 183 done. best_score=93.0, changed=610, unchanged=306, early_stops=8/8
26 - INFO - chord#: 184 In build_straw_man_chord_sa. tolerance = 1, sa_iterations = 1000, initial_temperature = 3.0, cooling_rate = 0.999
26 - INFO - chord#: 182 done. best_score=47.0, changed=527, unchanged=475, early_stops=8/8
26 - INFO - chord#: 183 In build_straw_man_chord_sa. tolerance = 1, sa_iterations = 1000, initial_temperature = 3.0, cooling_rate = 0.999
26 - INFO - chord#: 172 done. best_score=27.0, changed=518, unchanged=407, early_stops=8/8
26 - INFO - chord#: 174 In build_straw_man_chord_sa. tolerance = 1, sa_iterations = 1000, initial_temperature = 3.0, cooling_rate = 0.999
26 - INFO - chord#: 172 done. best_score=27.0, changed=515, unchanged=454, early_stops=8/8
26 - INFO - chord#: 164 done. best_score=27.0, changed=514, unchanged=414, early_stops=8/8
26 - INFO - chord#: 174 In build_straw_man_chord_sa. tolerance = 1, sa_iterations = 1000, initial_temperature = 3.0, cooling_rate = 0.999
26 - INFO - chord#: 166 In build_straw_man_chord_sa. tolerance = 1, sa_iterations = 1000, initial_temperature = 3.0, cooling_rate = 0.999
26 - INFO - chord#: 152 done. best_score=27.0, changed=516, unchanged=328, early_stops=8/8
26 - INFO - chord#: 156 In build_straw_man_chord_sa. tolerance = 1, sa_iterations = 1000, initial_temperature = 3.0, cooling_rate = 0.999
26 - INFO - chord#: 156 done. best_score=27.0, changed=529, unchanged=358, early_stops=8/8
26 - INFO - chord#: 160 In build_straw_man_chord_sa. tolerance = 1, sa_iterations = 1000, initial_temperature = 3.0, cooling_rate = 0.999
26 - INFO - chord#: 184 done. best_score=27.0, changed=522, unchanged=425, early_stops=8/8
26 - INFO - chord#: 184 done. best_score=27.0, changed=515, unchanged=316, early_stops=8/8
26 - INFO - chord#: 174 done. best_score=27.0, changed=527, unchanged=392, early_stops=8/8
26 - INFO - chord#: 176 In build_straw_man_chord_sa. tolerance = 1, sa_iterations = 1000, initial_temperature = 3.0, cooling_rate = 0.999
26 - INFO - chord#: 164 done. best_score=27.0, changed=527, unchanged=489, early_stops=8/8
26 - INFO - chord#: 166 In build_straw_man_chord_sa. tolerance = 1, sa_iterations = 1000, initial_temperature = 3.0, cooling_rate = 0.999
26 - INFO - chord#: 174 done. best_score=27.0, changed=520, unchanged=348, early_stops=8/8
26 - INFO - chord#: 176 In build_straw_man_chord_sa. tolerance = 1, sa_iterations = 1000, initial_temperature = 3.0, cooling_rate = 0.999
26 - INFO - chord#: 147 done. best_score=64.0, changed=610, unchanged=324, early_stops=8/8
26 - INFO - chord#: 148 In build_straw_man_chord_sa. tolerance = 1, sa_iterations = 1000, initial_temperature = 3.0, cooling_rate = 0.999
26 - INFO - chord#: 156 done. best_score=27.0, changed=528, unchanged=314, early_stops=8/8
26 - INFO - chord#: 160 In build_straw_man_chord_sa. tolerance = 1, sa_iterations = 1000, initial_temperature = 3.0, cooling_rate = 0.999
26 - INFO - chord#: 160 done. best_score=27.0, changed=522, unchanged=386, early_stops=8/8
26 - INFO - chord#: 162 In build_straw_man_chord_sa. tolerance = 1, sa_iterations = 1000, initial_temperature = 3.0, cooling_rate = 0.999
26 - INFO - chord#: 176 done. best_score=27.0, changed=524, unchanged=306, early_stops=8/8
26 - INFO - chord#: 180 In build_straw_man_chord_sa. tolerance = 1, sa_iterations = 1000, initial_temperature = 3.0, cooling_rate = 0.999
26 - INFO - chord#: 183 done. best_score=105.0, changed=612, unchanged=328, early_stops=8/8
26 - INFO - chord#: 184 In build_straw_man_chord_sa. tolerance = 1, sa_iterations = 1000, initial_temperature = 3.0, cooling_rate = 0.999
26 - INFO - chord#: 166 done. best_score=137.0, changed=607, unchanged=273, early_stops=8/8
26 - INFO - chord#: 168 In build_straw_man_chord_sa. tolerance = 1, sa_iterations = 1000, initial_temperature = 3.0, cooling_rate = 0.999
26 - INFO - chord#: 183 done. best_score=105.0, changed=612, unchanged=237, early_stops=8/8
26 - INFO - chord#: 184 In build_straw_man_chord_sa. tolerance = 1, sa_iterations = 1000, initial_temperature = 3.0, cooling_rate = 0.999
26 - INFO - chord#: 147 done. best_score=146.0, changed=611, unchanged=310, early_stops=8/8
26 - INFO - chord#: 148 In build_straw_man_chord_sa. tolerance = 1, sa_iterations = 1000, initial_temperature = 3.0, cooling_rate = 0.999
26 - INFO - chord#: 176 done. best_score=27.0, changed=523, unchanged=362, early_stops=8/8
26 - INFO - chord#: 180 In build_straw_man_chord_sa. tolerance = 1, sa_iterations = 1000, initial_temperature = 3.0, cooling_rate = 0.999
26 - INFO - chord#: 148 done. best_score=27.0, changed=527, unchanged=341, early_stops=8/8
26 - INFO - chord#: 150 In build_straw_man_chord_sa. tolerance = 1, sa_iterations = 1000, initial_temperature = 3.0, cooling_rate = 0.999
26 - INFO - chord#: 160 done. best_score=27.0, changed=526, unchanged=383, early_stops=8/8
26 - INFO - chord#: 162 In build_straw_man_chord_sa. tolerance = 1, sa_iterations = 1000, initial_temperature = 3.0, cooling_rate = 0.999
26 - INFO - chord#: 150 done. best_score=9.0, changed=473, unchanged=361, early_stops=8/8
26 - INFO - chord#: 152 In build_straw_man_chord_sa. tolerance = 1, sa_iterations = 1000, initial_temperature = 3.0, cooling_rate = 0.999
26 - INFO - chord#: 180 done. best_score=27.0, changed=522, unchanged=390, early_stops=8/8
26 - INFO - chord#: 182 In build_straw_man_chord_sa. tolerance = 1, sa_iterations = 1000, initial_temperature = 3.0, cooling_rate = 0.999
26 - INFO - chord#: 184 done. best_score=27.0, changed=528, unchanged=414, early_stops=8/8
26 - INFO - chord#: 162 done. best_score=27.0, changed=519, unchanged=353, early_stops=8/8
26 - INFO - chord#: 164 In build_straw_man_chord_sa. tolerance = 1, sa_iterations = 1000, initial_temperature = 3.0, cooling_rate = 0.999
26 - INFO - chord#: 184 done. best_score=27.0, changed=523, unchanged=326, early_stops=8/8
26 - INFO - chord#: 166 done. best_score=96.0, changed=617, unchanged=237, early_stops=8/8
26 - INFO - chord#: 168 In build_straw_man_chord_sa. tolerance = 1, sa_iterations = 1000, initial_temperature = 3.0, cooling_rate = 0.999
26 - INFO - chord#: 148 done. best_score=27.0, changed=520, unchanged=324, early_stops=8/8
26 - INFO - chord#: 150 In build_straw_man_chord_sa. tolerance = 1, sa_iterations = 1000, initial_temperature = 3.0, cooling_rate = 0.999
26 - INFO - chord#: 168 done. best_score=27.0, changed=537, unchanged=435, early_stops=8/8
26 - INFO - chord#: 170 In build_straw_man_chord_sa. tolerance = 1, sa_iterations = 1000, initial_temperature = 3.0, cooling_rate = 0.999
26 - INFO - chord#: 150 done. best_score=9.0, changed=467, unchanged=349, early_stops=8/8
26 - INFO - chord#: 152 In build_straw_man_chord_sa. tolerance = 1, sa_iterations = 1000, initial_temperature = 3.0, cooling_rate = 0.999
26 - INFO - chord#: 180 done. best_score=27.0, changed=518, unchanged=423, early_stops=8/8
26 - INFO - chord#: 182 In build_straw_man_chord_sa. tolerance = 1, sa_iterations = 1000, initial_temperature = 3.0, cooling_rate = 0.999
26 - INFO - chord#: 162 done. best_score=27.0, changed=516, unchanged=346, early_stops=8/8
26 - INFO - chord#: 164 In build_straw_man_chord_sa. tolerance = 1, sa_iterations = 1000, initial_temperature = 3.0, cooling_rate = 0.999
26 - INFO - chord#: 152 done. best_score=27.0, changed=520, unchanged=386, early_stops=8/8
26 - INFO - chord#: 156 In build_straw_man_chord_sa. tolerance = 1, sa_iterations = 1000, initial_temperature = 3.0, cooling_rate = 0.999
26 - INFO - chord#: 182 done. best_score=47.0, changed=524, unchanged=464, early_stops=8/8
26 - INFO - chord#: 183 In build_straw_man_chord_sa. tolerance = 1, sa_iterations = 1000, initial_temperature = 3.0, cooling_rate = 0.999
26 - INFO - chord#: 164 done. best_score=27.0, changed=515, unchanged=347, early_stops=8/8
26 - INFO - chord#: 166 In build_straw_man_chord_sa. tolerance = 1, sa_iterations = 1000, initial_temperature = 3.0, cooling_rate = 0.999
26 - INFO - chord#: 168 done. best_score=27.0, changed=517, unchanged=410, early_stops=8/8
26 - INFO - chord#: 170 In build_straw_man_chord_sa. tolerance = 1, sa_iterations = 1000, initial_temperature = 3.0, cooling_rate = 0.999
26 - INFO - chord#: 170 done. best_score=36.0, changed=530, unchanged=417, early_stops=8/8
26 - INFO - chord#: 172 In build_straw_man_chord_sa. tolerance = 1, sa_iterations = 1000, initial_temperature = 3.0, cooling_rate = 0.999
26 - INFO - chord#: 152 done. best_score=27.0, changed=514, unchanged=313, early_stops=8/8
26 - INFO - chord#: 156 In build_straw_man_chord_sa. tolerance = 1, sa_iterations = 1000, initial_temperature = 3.0, cooling_rate = 0.999
26 - INFO - chord#: 182 done. best_score=47.0, changed=523, unchanged=388, early_stops=8/8
26 - INFO - chord#: 183 In build_straw_man_chord_sa. tolerance = 1, sa_iterations = 1000, initial_temperature = 3.0, cooling_rate = 0.999
26 - INFO - chord#: 164 done. best_score=27.0, changed=525, unchanged=521, early_stops=8/8
26 - INFO - chord#: 166 In build_straw_man_chord_sa. tolerance = 1, sa_iterations = 1000, initial_temperature = 3.0, cooling_rate = 0.999
26 - INFO - chord#: 156 done. best_score=27.0, changed=529, unchanged=383, early_stops=8/8
26 - INFO - chord#: 160 In build_straw_man_chord_sa. tolerance = 1, sa_iterations = 1000, initial_temperature = 3.0, cooling_rate = 0.999
26 - INFO - chord#: 170 done. best_score=36.0, changed=528, unchanged=432, early_stops=8/8
26 - INFO - chord#: 172 In build_straw_man_chord_sa. tolerance = 1, sa_iterations = 1000, initial_temperature = 3.0, cooling_rate = 0.999
26 - INFO - chord#: 156 done. best_score=27.0, changed=526, unchanged=374, early_stops=8/8
26 - INFO - chord#: 160 In build_straw_man_chord_sa. tolerance = 1, sa_iterations = 1000, initial_temperature = 3.0, cooling_rate = 0.999
26 - INFO - chord#: 172 done. best_score=27.0, changed=525, unchanged=448, early_stops=8/8
26 - INFO - chord#: 174 In build_straw_man_chord_sa. tolerance = 1, sa_iterations = 1000, initial_temperature = 3.0, cooling_rate = 0.999
26 - INFO - chord#: 160 done. best_score=27.0, changed=512, unchanged=339, early_stops=8/8
26 - INFO - chord#: 162 In build_straw_man_chord_sa. tolerance = 1, sa_iterations = 1000, initial_temperature = 3.0, cooling_rate = 0.999
26 - INFO - chord#: 160 done. best_score=27.0, changed=521, unchanged=373, early_stops=8/8
26 - INFO - chord#: 162 In build_straw_man_chord_sa. tolerance = 1, sa_iterations = 1000, initial_temperature = 3.0, cooling_rate = 0.999
26 - INFO - chord#: 172 done. best_score=27.0, changed=518, unchanged=339, early_stops=8/8
26 - INFO - chord#: 174 In build_straw_man_chord_sa. tolerance = 1, sa_iterations = 1000, initial_temperature = 3.0, cooling_rate = 0.999
26 - INFO - chord#: 174 done. best_score=27.0, changed=524, unchanged=418, early_stops=8/8
26 - INFO - chord#: 183 done. best_score=116.0, changed=606, unchanged=301, early_stops=8/8
26 - INFO - chord#: 176 In build_straw_man_chord_sa. tolerance = 1, sa_iterations = 1000, initial_temperature = 3.0, cooling_rate = 0.999
26 - INFO - chord#: 184 In build_straw_man_chord_sa. tolerance = 1, sa_iterations = 1000, initial_temperature = 3.0, cooling_rate = 0.999
26 - INFO - chord#: 166 done. best_score=67.0, changed=606, unchanged=207, early_stops=8/8
26 - INFO - chord#: 168 In build_straw_man_chord_sa. tolerance = 1, sa_iterations = 1000, initial_temperature = 3.0, cooling_rate = 0.999
26 - INFO - chord#: 166 done. best_score=67.0, changed=609, unchanged=318, early_stops=8/8
26 - INFO - chord#: 168 In build_straw_man_chord_sa. tolerance = 1, sa_iterations = 1000, initial_temperature = 3.0, cooling_rate = 0.999
26 - INFO - chord#: 183 done. best_score=105.0, changed=612, unchanged=307, early_stops=8/8
26 - INFO - chord#: 184 In build_straw_man_chord_sa. tolerance = 1, sa_iterations = 1000, initial_temperature = 3.0, cooling_rate = 0.999
26 - INFO - chord#: 162 done. best_score=27.0, changed=527, unchanged=482, early_stops=8/8
26 - INFO - chord#: 164 In build_straw_man_chord_sa. tolerance = 1, sa_iterations = 1000, initial_temperature = 3.0, cooling_rate = 0.999
26 - INFO - chord#: 174 done. best_score=27.0, changed=521, unchanged=334, early_stops=8/8
26 - INFO - chord#: 176 In build_straw_man_chord_sa. tolerance = 1, sa_iterations = 1000, initial_temperature = 3.0, cooling_rate = 0.999
26 - INFO - chord#: 184 done. best_score=27.0, changed=532, unchanged=426, early_stops=8/8
26 - INFO - chord#: 176 done. best_score=27.0, changed=516, unchanged=384, early_stops=8/8
26 - INFO - chord#: 180 In build_straw_man_chord_sa. tolerance = 1, sa_iterations = 1000, initial_temperature = 3.0, cooling_rate = 0.999
26 - INFO - chord#: 162 done. best_score=27.0, changed=530, unchanged=412, early_stops=8/8
26 - INFO - chord#: 164 In build_straw_man_chord_sa. tolerance = 1, sa_iterations = 1000, initial_temperature = 3.0, cooling_rate = 0.999
26 - INFO - chord#: 168 done. best_score=27.0, changed=530, unchanged=440, early_stops=8/8
26 - INFO - chord#: 170 In build_straw_man_chord_sa. tolerance = 1, sa_iterations = 1000, initial_temperature = 3.0, cooling_rate = 0.999
26 - INFO - chord#: 184 done. best_score=27.0, changed=524, unchanged=457, early_stops=8/8
26 - INFO - chord#: 168 done. best_score=27.0, changed=520, unchanged=375, early_stops=8/8
26 - INFO - chord#: 170 In build_straw_man_chord_sa. tolerance = 1, sa_iterations = 1000, initial_temperature = 3.0, cooling_rate = 0.999
26 - INFO - chord#: 164 done. best_score=27.0, changed=516, unchanged=383, early_stops=8/8
26 - INFO - chord#: 166 In build_straw_man_chord_sa. tolerance = 1, sa_iterations = 1000, initial_temperature = 3.0, cooling_rate = 0.999
26 - INFO - chord#: 176 done. best_score=27.0, changed=526, unchanged=495, early_stops=8/8
26 - INFO - chord#: 180 In build_straw_man_chord_sa. tolerance = 1, sa_iterations = 1000, initial_temperature = 3.0, cooling_rate = 0.999
26 - INFO - chord#: 180 done. best_score=27.0, changed=526, unchanged=377, early_stops=8/8
26 - INFO - chord#: 182 In build_straw_man_chord_sa. tolerance = 1, sa_iterations = 1000, initial_temperature = 3.0, cooling_rate = 0.999
26 - INFO - chord#: 164 done. best_score=27.0, changed=521, unchanged=371, early_stops=8/8
26 - INFO - chord#: 166 In build_straw_man_chord_sa. tolerance = 1, sa_iterations = 1000, initial_temperature = 3.0, cooling_rate = 0.999
26 - INFO - chord#: 170 done. best_score=36.0, changed=525, unchanged=422, early_stops=8/8
26 - INFO - chord#: 172 In build_straw_man_chord_sa. tolerance = 1, sa_iterations = 1000, initial_temperature = 3.0, cooling_rate = 0.999
26 - INFO - chord#: 170 done. best_score=36.0, changed=523, unchanged=409, early_stops=8/8
26 - INFO - chord#: 172 In build_straw_man_chord_sa. tolerance = 1, sa_iterations = 1000, initial_temperature = 3.0, cooling_rate = 0.999
26 - INFO - chord#: 180 done. best_score=27.0, changed=527, unchanged=458, early_stops=8/8
26 - INFO - chord#: 182 In build_straw_man_chord_sa. tolerance = 1, sa_iterations = 1000, initial_temperature = 3.0, cooling_rate = 0.999
26 - INFO - chord#: 182 done. best_score=47.0, changed=521, unchanged=336, early_stops=8/8
26 - INFO - chord#: 183 In build_straw_man_chord_sa. tolerance = 1, sa_iterations = 1000, initial_temperature = 3.0, cooling_rate = 0.999
26 - INFO - chord#: 172 done. best_score=27.0, changed=510, unchanged=434, early_stops=8/8
26 - INFO - chord#: 174 In build_straw_man_chord_sa. tolerance = 1, sa_iterations = 1000, initial_temperature = 3.0, cooling_rate = 0.999
26 - INFO - chord#: 172 done. best_score=27.0, changed=515, unchanged=379, early_stops=8/8
26 - INFO - chord#: 174 In build_straw_man_chord_sa. tolerance = 1, sa_iterations = 1000, initial_temperature = 3.0, cooling_rate = 0.999
26 - INFO - chord#: 166 done. best_score=96.0, changed=608, unchanged=300, early_stops=8/8
26 - INFO - chord#: 168 In build_straw_man_chord_sa. tolerance = 1, sa_iterations = 1000, initial_temperature = 3.0, cooling_rate = 0.999
26 - INFO - chord#: 182 done. best_score=47.0, changed=520, unchanged=359, early_stops=8/8
26 - INFO - chord#: 183 In build_straw_man_chord_sa. tolerance = 1, sa_iterations = 1000, initial_temperature = 3.0, cooling_rate = 0.999
26 - INFO - chord#: 174 done. best_score=27.0, changed=527, unchanged=437, early_stops=8/8
26 - INFO - chord#: 176 In build_straw_man_chord_sa. tolerance = 1, sa_iterations = 1000, initial_temperature = 3.0, cooling_rate = 0.999
26 - INFO - chord#: 174 done. best_score=27.0, changed=525, unchanged=447, early_stops=8/8
26 - INFO - chord#: 176 In build_straw_man_chord_sa. tolerance = 1, sa_iterations = 1000, initial_temperature = 3.0, cooling_rate = 0.999
26 - INFO - chord#: 168 done. best_score=27.0, changed=522, unchanged=325, early_stops=8/8
26 - INFO - chord#: 170 In build_straw_man_chord_sa. tolerance = 1, sa_iterations = 1000, initial_temperature = 3.0, cooling_rate = 0.999
26 - INFO - chord#: 166 done. best_score=67.0, changed=614, unchanged=577, early_stops=8/8
26 - INFO - chord#: 168 In build_straw_man_chord_sa. tolerance = 1, sa_iterations = 1000, initial_temperature = 3.0, cooling_rate = 0.999
26 - INFO - chord#: 183 done. best_score=115.0, changed=614, unchanged=259, early_stops=8/8
26 - INFO - chord#: 184 In build_straw_man_chord_sa. tolerance = 1, sa_iterations = 1000, initial_temperature = 3.0, cooling_rate = 0.999
26 - INFO - chord#: 176 done. best_score=27.0, changed=518, unchanged=353, early_stops=8/8
26 - INFO - chord#: 180 In build_straw_man_chord_sa. tolerance = 1, sa_iterations = 1000, initial_temperature = 3.0, cooling_rate = 0.999
26 - INFO - chord#: 176 done. best_score=27.0, changed=517, unchanged=350, early_stops=8/8
26 - INFO - chord#: 180 In build_straw_man_chord_sa. tolerance = 1, sa_iterations = 1000, initial_temperature = 3.0, cooling_rate = 0.999
26 - INFO - chord#: 168 done. best_score=36.0, changed=523, unchanged=493, early_stops=8/8
26 - INFO - chord#: 170 In build_straw_man_chord_sa. tolerance = 1, sa_iterations = 1000, initial_temperature = 3.0, cooling_rate = 0.999
26 - INFO - chord#: 170 done. best_score=36.0, changed=523, unchanged=430, early_stops=8/8
26 - INFO - chord#: 172 In build_straw_man_chord_sa. tolerance = 1, sa_iterations = 1000, initial_temperature = 3.0, cooling_rate = 0.999
26 - INFO - chord#: 184 done. best_score=27.0, changed=519, unchanged=346, early_stops=8/8
26 - INFO - chord#: 180 done. best_score=27.0, changed=512, unchanged=314, early_stops=8/8
26 - INFO - chord#: 182 In build_straw_man_chord_sa. tolerance = 1, sa_iterations = 1000, initial_temperature = 3.0, cooling_rate = 0.999
26 - INFO - chord#: 183 done. best_score=116.0, changed=613, unchanged=322, early_stops=8/8
26 - INFO - chord#: 184 In build_straw_man_chord_sa. tolerance = 1, sa_iterations = 1000, initial_temperature = 3.0, cooling_rate = 0.999
26 - INFO - chord#: 180 done. best_score=27.0, changed=526, unchanged=416, early_stops=8/8
26 - INFO - chord#: 182 In build_straw_man_chord_sa. tolerance = 1, sa_iterations = 1000, initial_temperature = 3.0, cooling_rate = 0.999
26 - INFO - chord#: 170 done. best_score=36.0, changed=531, unchanged=369, early_stops=8/8
26 - INFO - chord#: 172 In build_straw_man_chord_sa. tolerance = 1, sa_iterations = 1000, initial_temperature = 3.0, cooling_rate = 0.999
26 - INFO - chord#: 172 done. best_score=27.0, changed=522, unchanged=500, early_stops=8/8
26 - INFO - chord#: 174 In build_straw_man_chord_sa. tolerance = 1, sa_iterations = 1000, initial_temperature = 3.0, cooling_rate = 0.999
26 - INFO - chord#: 182 done. best_score=47.0, changed=515, unchanged=320, early_stops=8/8
26 - INFO - chord#: 183 In build_straw_man_chord_sa. tolerance = 1, sa_iterations = 1000, initial_temperature = 3.0, cooling_rate = 0.999
26 - INFO - chord#: 184 done. best_score=27.0, changed=523, unchanged=336, early_stops=8/8
26 - INFO - chord#: 182 done. best_score=47.0, changed=525, unchanged=445, early_stops=8/8
26 - INFO - chord#: 183 In build_straw_man_chord_sa. tolerance = 1, sa_iterations = 1000, initial_temperature = 3.0, cooling_rate = 0.999
26 - INFO - chord#: 174 done. best_score=27.0, changed=523, unchanged=360, early_stops=8/8
26 - INFO - chord#: 176 In build_straw_man_chord_sa. tolerance = 1, sa_iterations = 1000, initial_temperature = 3.0, cooling_rate = 0.999
26 - INFO - chord#: 172 done. best_score=27.0, changed=519, unchanged=390, early_stops=8/8
26 - INFO - chord#: 174 In build_straw_man_chord_sa. tolerance = 1, sa_iterations = 1000, initial_temperature = 3.0, cooling_rate = 0.999
26 - INFO - chord#: 174 done. best_score=27.0, changed=522, unchanged=374, early_stops=8/8
26 - INFO - chord#: 176 In build_straw_man_chord_sa. tolerance = 1, sa_iterations = 1000, initial_temperature = 3.0, cooling_rate = 0.999
26 - INFO - chord#: 176 done. best_score=27.0, changed=523, unchanged=359, early_stops=8/8
26 - INFO - chord#: 180 In build_straw_man_chord_sa. tolerance = 1, sa_iterations = 1000, initial_temperature = 3.0, cooling_rate = 0.999
26 - INFO - chord#: 183 done. best_score=111.0, changed=611, unchanged=336, early_stops=8/8
26 - INFO - chord#: 184 In build_straw_man_chord_sa. tolerance = 1, sa_iterations = 1000, initial_temperature = 3.0, cooling_rate = 0.999
26 - INFO - chord#: 180 done. best_score=27.0, changed=519, unchanged=388, early_stops=8/8
26 - INFO - chord#: 182 In build_straw_man_chord_sa. tolerance = 1, sa_iterations = 1000, initial_temperature = 3.0, cooling_rate = 0.999
26 - INFO - chord#: 176 done. best_score=27.0, changed=528, unchanged=523, early_stops=8/8
26 - INFO - chord#: 180 In build_straw_man_chord_sa. tolerance = 1, sa_iterations = 1000, initial_temperature = 3.0, cooling_rate = 0.999
26 - INFO - chord#: 183 done. best_score=111.0, changed=611, unchanged=372, early_stops=8/8
26 - INFO - chord#: 184 In build_straw_man_chord_sa. tolerance = 1, sa_iterations = 1000, initial_temperature = 3.0, cooling_rate = 0.999
26 - INFO - chord#: 184 done. best_score=27.0, changed=522, unchanged=349, early_stops=8/8
26 - INFO - chord#: 182 done. best_score=61.0, changed=523, unchanged=428, early_stops=8/8
26 - INFO - chord#: 183 In build_straw_man_chord_sa. tolerance = 1, sa_iterations = 1000, initial_temperature = 3.0, cooling_rate = 0.999
26 - INFO - chord#: 180 done. best_score=27.0, changed=519, unchanged=369, early_stops=8/8
26 - INFO - chord#: 182 In build_straw_man_chord_sa. tolerance = 1, sa_iterations = 1000, initial_temperature = 3.0, cooling_rate = 0.999
26 - INFO - chord#: 184 done. best_score=27.0, changed=520, unchanged=360, early_stops=8/8
26 - INFO - chord#: 182 done. best_score=47.0, changed=531, unchanged=440, early_stops=8/8
26 - INFO - chord#: 183 In build_straw_man_chord_sa. tolerance = 1, sa_iterations = 1000, initial_temperature = 3.0, cooling_rate = 0.999
26 - INFO - chord#: 183 done. best_score=116.0, changed=611, unchanged=319, early_stops=8/8
26 - INFO - chord#: 184 In build_straw_man_chord_sa. tolerance = 1, sa_iterations = 1000, initial_temperature = 3.0, cooling_rate = 0.999
26 - INFO - chord#: 184 done. best_score=27.0, changed=523, unchanged=392, early_stops=8/8
26 - INFO - chord#: 183 done. best_score=113.0, changed=616, unchanged=521, early_stops=8/8
26 - INFO - chord#: 184 In build_straw_man_chord_sa. tolerance = 1, sa_iterations = 1000, initial_temperature = 3.0, cooling_rate = 0.999
26 - INFO - chord#: 184 done. best_score=27.0, changed=529, unchanged=537, early_stops=8/8
26 - INFO - chord#: 0 In build_straw_man_chord_sa. tolerance = 1, sa_iterations = 1000, initial_temperature = 3.0, cooling_rate = 0.999
26 - INFO - chord#: 0 In build_straw_man_chord_sa. tolerance = 1, sa_iterations = 1000, initial_temperature = 3.0, cooling_rate = 0.999
26 - INFO - chord#: 0 In build_straw_man_chord_sa. tolerance = 1, sa_iterations = 1000, initial_temperature = 3.0, cooling_rate = 0.999
26 - INFO - chord#: 0 In build_straw_man_chord_sa. tolerance = 1, sa_iterations = 1000, initial_temperature = 3.0, cooling_rate = 0.999
26 - INFO - chord#: 0 In build_straw_man_chord_sa. tolerance = 1, sa_iterations = 1000, initial_temperature = 3.0, cooling_rate = 0.999
26 - INFO - chord#: 0 In build_straw_man_chord_sa. tolerance = 1, sa_iterations = 1000, initial_temperature = 3.0, cooling_rate = 0.999
26 - INFO - chord#: 0 In build_straw_man_chord_sa. tolerance = 1, sa_iterations = 1000, initial_temperature = 3.0, cooling_rate = 0.999
26 - INFO - chord#: 0 In build_straw_man_chord_sa. tolerance = 1, sa_iterations = 1000, initial_temperature = 3.0, cooling_rate = 0.999
26 - INFO - chord#: 0 In build_straw_man_chord_sa. tolerance = 1, sa_iterations = 1000, initial_temperature = 3.0, cooling_rate = 0.999
26 - INFO - chord#: 0 In build_straw_man_chord_sa. tolerance = 1, sa_iterations = 1000, initial_temperature = 3.0, cooling_rate = 0.999
26 - INFO - chord#: 0 In build_straw_man_chord_sa. tolerance = 1, sa_iterations = 1000, initial_temperature = 3.0, cooling_rate = 0.999
26 - INFO - chord#: 0 In build_straw_man_chord_sa. tolerance = 1, sa_iterations = 1000, initial_temperature = 3.0, cooling_rate = 0.999
26 - INFO - chord#: 0 done. best_score=27.0, changed=517, unchanged=413, early_stops=8/8
26 - INFO - chord#: 8 In build_straw_man_chord_sa. tolerance = 1, sa_iterations = 1000, initial_temperature = 3.0, cooling_rate = 0.999
26 - INFO - chord#: 0 done. best_score=27.0, changed=520, unchanged=490, early_stops=8/8
26 - INFO - chord#: 8 In build_straw_man_chord_sa. tolerance = 1, sa_iterations = 1000, initial_temperature = 3.0, cooling_rate = 0.999
26 - INFO - chord#: 0 done. best_score=27.0, changed=520, unchanged=392, early_stops=8/8
26 - INFO - chord#: 8 In build_straw_man_chord_sa. tolerance = 1, sa_iterations = 1000, initial_temperature = 3.0, cooling_rate = 0.999
26 - INFO - chord#: 0 done. best_score=27.0, changed=524, unchanged=416, early_stops=8/8
26 - INFO - chord#: 8 In build_straw_man_chord_sa. tolerance = 1, sa_iterations = 1000, initial_temperature = 3.0, cooling_rate = 0.999
26 - INFO - chord#: 0 done. best_score=27.0, changed=520, unchanged=456, early_stops=8/8
26 - INFO - chord#: 8 In build_straw_man_chord_sa. tolerance = 1, sa_iterations = 1000, initial_temperature = 3.0, cooling_rate = 0.999
26 - INFO - chord#: 0 done. best_score=27.0, changed=513, unchanged=320, early_stops=8/8
26 - INFO - chord#: 8 In build_straw_man_chord_sa. tolerance = 1, sa_iterations = 1000, initial_temperature = 3.0, cooling_rate = 0.999
26 - INFO - chord#: 0 done. best_score=36.0, changed=521, unchanged=360, early_stops=8/8
26 - INFO - chord#: 8 In build_straw_man_chord_sa. tolerance = 1, sa_iterations = 1000, initial_temperature = 3.0, cooling_rate = 0.999
26 - INFO - chord#: 0 done. best_score=36.0, changed=519, unchanged=372, early_stops=8/8
26 - INFO - chord#: 8 In build_straw_man_chord_sa. tolerance = 1, sa_iterations = 1000, initial_temperature = 3.0, cooling_rate = 0.999
26 - INFO - chord#: 0 done. best_score=27.0, changed=517, unchanged=496, early_stops=8/8
26 - INFO - chord#: 8 In build_straw_man_chord_sa. tolerance = 1, sa_iterations = 1000, initial_temperature = 3.0, cooling_rate = 0.999
26 - INFO - chord#: 0 done. best_score=27.0, changed=519, unchanged=419, early_stops=8/8
26 - INFO - chord#: 8 In build_straw_man_chord_sa. tolerance = 1, sa_iterations = 1000, initial_temperature = 3.0, cooling_rate = 0.999
26 - INFO - chord#: 0 done. best_score=27.0, changed=533, unchanged=516, early_stops=8/8
26 - INFO - chord#: 8 In build_straw_man_chord_sa. tolerance = 1, sa_iterations = 1000, initial_temperature = 3.0, cooling_rate = 0.999
26 - INFO - chord#: 0 done. best_score=27.0, changed=522, unchanged=446, early_stops=8/8
26 - INFO - chord#: 8 In build_straw_man_chord_sa. tolerance = 1, sa_iterations = 1000, initial_temperature = 3.0, cooling_rate = 0.999
26 - INFO - chord#: 8 done. best_score=27.0, changed=530, unchanged=422, early_stops=8/8
26 - INFO - chord#: 10 In build_straw_man_chord_sa. tolerance = 1, sa_iterations = 1000, initial_temperature = 3.0, cooling_rate = 0.999
26 - INFO - chord#: 8 done. best_score=27.0, changed=517, unchanged=371, early_stops=8/8
26 - INFO - chord#: 10 In build_straw_man_chord_sa. tolerance = 1, sa_iterations = 1000, initial_temperature = 3.0, cooling_rate = 0.999
26 - INFO - chord#: 8 done. best_score=27.0, changed=520, unchanged=405, early_stops=8/8
26 - INFO - chord#: 10 In build_straw_man_chord_sa. tolerance = 1, sa_iterations = 1000, initial_temperature = 3.0, cooling_rate = 0.999
26 - INFO - chord#: 8 done. best_score=27.0, changed=525, unchanged=434, early_stops=8/8
26 - INFO - chord#: 10 In build_straw_man_chord_sa. tolerance = 1, sa_iterations = 1000, initial_temperature = 3.0, cooling_rate = 0.999
26 - INFO - chord#: 8 done. best_score=27.0, changed=522, unchanged=576, early_stops=8/8
26 - INFO - chord#: 10 In build_straw_man_chord_sa. tolerance = 1, sa_iterations = 1000, initial_temperature = 3.0, cooling_rate = 0.999
26 - INFO - chord#: 8 done. best_score=27.0, changed=524, unchanged=418, early_stops=8/8
26 - INFO - chord#: 10 In build_straw_man_chord_sa. tolerance = 1, sa_iterations = 1000, initial_temperature = 3.0, cooling_rate = 0.999
26 - INFO - chord#: 8 done. best_score=27.0, changed=515, unchanged=335, early_stops=8/8
26 - INFO - chord#: 10 In build_straw_man_chord_sa. tolerance = 1, sa_iterations = 1000, initial_temperature = 3.0, cooling_rate = 0.999
26 - INFO - chord#: 8 done. best_score=27.0, changed=518, unchanged=393, early_stops=8/8
26 - INFO - chord#: 10 In build_straw_man_chord_sa. tolerance = 1, sa_iterations = 1000, initial_temperature = 3.0, cooling_rate = 0.999
26 - INFO - chord#: 8 done. best_score=27.0, changed=523, unchanged=452, early_stops=8/8
26 - INFO - chord#: 10 In build_straw_man_chord_sa. tolerance = 1, sa_iterations = 1000, initial_temperature = 3.0, cooling_rate = 0.999
26 - INFO - chord#: 8 done. best_score=27.0, changed=524, unchanged=461, early_stops=8/8
26 - INFO - chord#: 10 In build_straw_man_chord_sa. tolerance = 1, sa_iterations = 1000, initial_temperature = 3.0, cooling_rate = 0.999
26 - INFO - chord#: 8 done. best_score=27.0, changed=529, unchanged=508, early_stops=8/8
26 - INFO - chord#: 10 In build_straw_man_chord_sa. tolerance = 1, sa_iterations = 1000, initial_temperature = 3.0, cooling_rate = 0.999
26 - INFO - chord#: 8 done. best_score=27.0, changed=524, unchanged=429, early_stops=8/8
26 - INFO - chord#: 10 In build_straw_man_chord_sa. tolerance = 1, sa_iterations = 1000, initial_temperature = 3.0, cooling_rate = 0.999
26 - INFO - chord#: 10 done. best_score=27.0, changed=532, unchanged=421, early_stops=8/8
26 - INFO - chord#: 12 In build_straw_man_chord_sa. tolerance = 1, sa_iterations = 1000, initial_temperature = 3.0, cooling_rate = 0.999
26 - INFO - chord#: 10 done. best_score=27.0, changed=530, unchanged=328, early_stops=8/8
26 - INFO - chord#: 10 done. best_score=27.0, changed=522, unchanged=335, early_stops=8/8
26 - INFO - chord#: 12 In build_straw_man_chord_sa. tolerance = 1, sa_iterations = 1000, initial_temperature = 3.0, cooling_rate = 0.999
26 - INFO - chord#: 12 In build_straw_man_chord_sa. tolerance = 1, sa_iterations = 1000, initial_temperature = 3.0, cooling_rate = 0.999
26 - INFO - chord#: 10 done. best_score=27.0, changed=522, unchanged=338, early_stops=8/8
26 - INFO - chord#: 12 In build_straw_man_chord_sa. tolerance = 1, sa_iterations = 1000, initial_temperature = 3.0, cooling_rate = 0.999
26 - INFO - chord#: 10 done. best_score=27.0, changed=529, unchanged=347, early_stops=8/8
26 - INFO - chord#: 12 In build_straw_man_chord_sa. tolerance = 1, sa_iterations = 1000, initial_temperature = 3.0, cooling_rate = 0.999
26 - INFO - chord#: 10 done. best_score=27.0, changed=524, unchanged=319, early_stops=8/8
26 - INFO - chord#: 12 In build_straw_man_chord_sa. tolerance = 1, sa_iterations = 1000, initial_temperature = 3.0, cooling_rate = 0.999
26 - INFO - chord#: 10 done. best_score=27.0, changed=524, unchanged=310, early_stops=8/8
26 - INFO - chord#: 12 In build_straw_man_chord_sa. tolerance = 1, sa_iterations = 1000, initial_temperature = 3.0, cooling_rate = 0.999
26 - INFO - chord#: 10 done. best_score=27.0, changed=527, unchanged=417, early_stops=8/8
26 - INFO - chord#: 12 In build_straw_man_chord_sa. tolerance = 1, sa_iterations = 1000, initial_temperature = 3.0, cooling_rate = 0.999
26 - INFO - chord#: 10 done. best_score=27.0, changed=526, unchanged=347, early_stops=8/8
26 - INFO - chord#: 12 In build_straw_man_chord_sa. tolerance = 1, sa_iterations = 1000, initial_temperature = 3.0, cooling_rate = 0.999
26 - INFO - chord#: 10 done. best_score=27.0, changed=530, unchanged=376, early_stops=8/8
26 - INFO - chord#: 12 In build_straw_man_chord_sa. tolerance = 1, sa_iterations = 1000, initial_temperature = 3.0, cooling_rate = 0.999
26 - INFO - chord#: 10 done. best_score=27.0, changed=517, unchanged=304, early_stops=8/8
26 - INFO - chord#: 12 In build_straw_man_chord_sa. tolerance = 1, sa_iterations = 1000, initial_temperature = 3.0, cooling_rate = 0.999
26 - INFO - chord#: 10 done. best_score=27.0, changed=527, unchanged=321, early_stops=8/8
26 - INFO - chord#: 12 In build_straw_man_chord_sa. tolerance = 1, sa_iterations = 1000, initial_temperature = 3.0, cooling_rate = 0.999
26 - INFO - chord#: 12 done. best_score=104.0, changed=612, unchanged=223, early_stops=8/8
26 - INFO - chord#: 14 In build_straw_man_chord_sa. tolerance = 1, sa_iterations = 1000, initial_temperature = 3.0, cooling_rate = 0.999
26 - INFO - chord#: 12 done. best_score=75.0, changed=606, unchanged=299, early_stops=8/8
26 - INFO - chord#: 14 In build_straw_man_chord_sa. tolerance = 1, sa_iterations = 1000, initial_temperature = 3.0, cooling_rate = 0.999
26 - INFO - chord#: 12 done. best_score=108.0, changed=611, unchanged=322, early_stops=8/8
26 - INFO - chord#: 14 In build_straw_man_chord_sa. tolerance = 1, sa_iterations = 1000, initial_temperature = 3.0, cooling_rate = 0.999
26 - INFO - chord#: 12 done. best_score=70.0, changed=606, unchanged=259, early_stops=8/8
26 - INFO - chord#: 14 In build_straw_man_chord_sa. tolerance = 1, sa_iterations = 1000, initial_temperature = 3.0, cooling_rate = 0.999
26 - INFO - chord#: 12 done. best_score=108.0, changed=611, unchanged=267, early_stops=8/8
26 - INFO - chord#: 14 In build_straw_man_chord_sa. tolerance = 1, sa_iterations = 1000, initial_temperature = 3.0, cooling_rate = 0.999
26 - INFO - chord#: 14 done. best_score=57.0, changed=539, unchanged=318, early_stops=8/8
26 - INFO - chord#: 16 In build_straw_man_chord_sa. tolerance = 1, sa_iterations = 1000, initial_temperature = 3.0, cooling_rate = 0.999
26 - INFO - chord#: 14 done. best_score=36.0, changed=531, unchanged=319, early_stops=8/8
26 - INFO - chord#: 16 In build_straw_man_chord_sa. tolerance = 1, sa_iterations = 1000, initial_temperature = 3.0, cooling_rate = 0.999
26 - INFO - chord#: 14 done. best_score=57.0, changed=534, unchanged=305, early_stops=8/8
26 - INFO - chord#: 16 In build_straw_man_chord_sa. tolerance = 1, sa_iterations = 1000, initial_temperature = 3.0, cooling_rate = 0.999
26 - INFO - chord#: 14 done. best_score=27.0, changed=520, unchanged=315, early_stops=8/8
26 - INFO - chord#: 16 In build_straw_man_chord_sa. tolerance = 1, sa_iterations = 1000, initial_temperature = 3.0, cooling_rate = 0.999
26 - INFO - chord#: 14 done. best_score=57.0, changed=539, unchanged=301, early_stops=8/8
26 - INFO - chord#: 16 In build_straw_man_chord_sa. tolerance = 1, sa_iterations = 1000, initial_temperature = 3.0, cooling_rate = 0.999
26 - INFO - chord#: 12 done. best_score=75.0, changed=606, unchanged=208, early_stops=8/8
26 - INFO - chord#: 14 In build_straw_man_chord_sa. tolerance = 1, sa_iterations = 1000, initial_temperature = 3.0, cooling_rate = 0.999
26 - INFO - chord#: 12 done. best_score=158.0, changed=610, unchanged=322, early_stops=8/8
26 - INFO - chord#: 14 In build_straw_man_chord_sa. tolerance = 1, sa_iterations = 1000, initial_temperature = 3.0, cooling_rate = 0.999
26 - INFO - chord#: 12 done. best_score=75.0, changed=610, unchanged=265, early_stops=8/8
26 - INFO - chord#: 14 In build_straw_man_chord_sa. tolerance = 1, sa_iterations = 1000, initial_temperature = 3.0, cooling_rate = 0.999
26 - INFO - chord#: 12 done. best_score=70.0, changed=612, unchanged=353, early_stops=8/8
26 - INFO - chord#: 14 In build_straw_man_chord_sa. tolerance = 1, sa_iterations = 1000, initial_temperature = 3.0, cooling_rate = 0.999
26 - INFO - chord#: 12 done. best_score=104.0, changed=609, unchanged=385, early_stops=8/8
26 - INFO - chord#: 14 In build_straw_man_chord_sa. tolerance = 1, sa_iterations = 1000, initial_temperature = 3.0, cooling_rate = 0.999
26 - INFO - chord#: 12 done. best_score=70.0, changed=612, unchanged=301, early_stops=8/8
26 - INFO - chord#: 14 In build_straw_man_chord_sa. tolerance = 1, sa_iterations = 1000, initial_temperature = 3.0, cooling_rate = 0.999
26 - INFO - chord#: 12 done. best_score=70.0, changed=610, unchanged=333, early_stops=8/8
26 - INFO - chord#: 14 In build_straw_man_chord_sa. tolerance = 1, sa_iterations = 1000, initial_temperature = 3.0, cooling_rate = 0.999
26 - INFO - chord#: 14 done. best_score=36.0, changed=530, unchanged=337, early_stops=8/8
26 - INFO - chord#: 16 In build_straw_man_chord_sa. tolerance = 1, sa_iterations = 1000, initial_temperature = 3.0, cooling_rate = 0.999
26 - INFO - chord#: 14 done. best_score=27.0, changed=516, unchanged=305, early_stops=8/8
26 - INFO - chord#: 16 In build_straw_man_chord_sa. tolerance = 1, sa_iterations = 1000, initial_temperature = 3.0, cooling_rate = 0.999
26 - INFO - chord#: 14 done. best_score=36.0, changed=522, unchanged=333, early_stops=8/8
26 - INFO - chord#: 16 In build_straw_man_chord_sa. tolerance = 1, sa_iterations = 1000, initial_temperature = 3.0, cooling_rate = 0.999
26 - INFO - chord#: 14 done. best_score=27.0, changed=526, unchanged=342, early_stops=8/8
26 - INFO - chord#: 16 In build_straw_man_chord_sa. tolerance = 1, sa_iterations = 1000, initial_temperature = 3.0, cooling_rate = 0.999
26 - INFO - chord#: 14 done. best_score=57.0, changed=526, unchanged=410, early_stops=8/8
26 - INFO - chord#: 16 In build_straw_man_chord_sa. tolerance = 1, sa_iterations = 1000, initial_temperature = 3.0, cooling_rate = 0.999
26 - INFO - chord#: 14 done. best_score=27.0, changed=533, unchanged=407, early_stops=8/8
26 - INFO - chord#: 16 In build_straw_man_chord_sa. tolerance = 1, sa_iterations = 1000, initial_temperature = 3.0, cooling_rate = 0.999
26 - INFO - chord#: 14 done. best_score=27.0, changed=526, unchanged=341, early_stops=8/8
26 - INFO - chord#: 16 In build_straw_man_chord_sa. tolerance = 1, sa_iterations = 1000, initial_temperature = 3.0, cooling_rate = 0.999
26 - INFO - chord#: 16 done. best_score=64.0, changed=612, unchanged=257, early_stops=8/8
26 - INFO - chord#: 20 In build_straw_man_chord_sa. tolerance = 1, sa_iterations = 1000, initial_temperature = 3.0, cooling_rate = 0.999
26 - INFO - chord#: 16 done. best_score=64.0, changed=608, unchanged=222, early_stops=8/8
26 - INFO - chord#: 20 In build_straw_man_chord_sa. tolerance = 1, sa_iterations = 1000, initial_temperature = 3.0, cooling_rate = 0.999
26 - INFO - chord#: 16 done. best_score=125.0, changed=611, unchanged=303, early_stops=8/8
26 - INFO - chord#: 20 In build_straw_man_chord_sa. tolerance = 1, sa_iterations = 1000, initial_temperature = 3.0, cooling_rate = 0.999
26 - INFO - chord#: 16 done. best_score=104.0, changed=618, unchanged=280, early_stops=8/8
26 - INFO - chord#: 20 In build_straw_man_chord_sa. tolerance = 1, sa_iterations = 1000, initial_temperature = 3.0, cooling_rate = 0.999
26 - INFO - chord#: 16 done. best_score=71.0, changed=608, unchanged=434, early_stops=8/8
26 - INFO - chord#: 20 In build_straw_man_chord_sa. tolerance = 1, sa_iterations = 1000, initial_temperature = 3.0, cooling_rate = 0.999
26 - INFO - chord#: 20 done. best_score=27.0, changed=525, unchanged=489, early_stops=8/8
26 - INFO - chord#: 22 In build_straw_man_chord_sa. tolerance = 1, sa_iterations = 1000, initial_temperature = 3.0, cooling_rate = 0.999
26 - INFO - chord#: 20 done. best_score=27.0, changed=523, unchanged=475, early_stops=8/8
26 - INFO - chord#: 22 In build_straw_man_chord_sa. tolerance = 1, sa_iterations = 1000, initial_temperature = 3.0, cooling_rate = 0.999
26 - INFO - chord#: 20 done. best_score=27.0, changed=527, unchanged=450, early_stops=8/8
26 - INFO - chord#: 22 In build_straw_man_chord_sa. tolerance = 1, sa_iterations = 1000, initial_temperature = 3.0, cooling_rate = 0.999
26 - INFO - chord#: 20 done. best_score=27.0, changed=521, unchanged=398, early_stops=8/8
26 - INFO - chord#: 22 In build_straw_man_chord_sa. tolerance = 1, sa_iterations = 1000, initial_temperature = 3.0, cooling_rate = 0.999
26 - INFO - chord#: 22 done. best_score=9.0, changed=475, unchanged=330, early_stops=8/8
26 - INFO - chord#: 24 In build_straw_man_chord_sa. tolerance = 1, sa_iterations = 1000, initial_temperature = 3.0, cooling_rate = 0.999
26 - INFO - chord#: 22 done. best_score=9.0, changed=467, unchanged=365, early_stops=8/8
26 - INFO - chord#: 24 In build_straw_man_chord_sa. tolerance = 1, sa_iterations = 1000, initial_temperature = 3.0, cooling_rate = 0.999
26 - INFO - chord#: 22 done. best_score=9.0, changed=475, unchanged=333, early_stops=8/8
26 - INFO - chord#: 24 In build_straw_man_chord_sa. tolerance = 1, sa_iterations = 1000, initial_temperature = 3.0, cooling_rate = 0.999
26 - INFO - chord#: 22 done. best_score=9.0, changed=467, unchanged=362, early_stops=8/8
26 - INFO - chord#: 24 In build_straw_man_chord_sa. tolerance = 1, sa_iterations = 1000, initial_temperature = 3.0, cooling_rate = 0.999
26 - INFO - chord#: 20 done. best_score=27.0, changed=524, unchanged=440, early_stops=8/8
26 - INFO - chord#: 22 In build_straw_man_chord_sa. tolerance = 1, sa_iterations = 1000, initial_temperature = 3.0, cooling_rate = 0.999
26 - INFO - chord#: 16 done. best_score=146.0, changed=610, unchanged=309, early_stops=8/8
26 - INFO - chord#: 20 In build_straw_man_chord_sa. tolerance = 1, sa_iterations = 1000, initial_temperature = 3.0, cooling_rate = 0.999
26 - INFO - chord#: 22 done. best_score=9.0, changed=470, unchanged=363, early_stops=8/8
26 - INFO - chord#: 24 In build_straw_man_chord_sa. tolerance = 1, sa_iterations = 1000, initial_temperature = 3.0, cooling_rate = 0.999
26 - INFO - chord#: 16 done. best_score=64.0, changed=623, unchanged=453, early_stops=8/8
26 - INFO - chord#: 20 In build_straw_man_chord_sa. tolerance = 1, sa_iterations = 1000, initial_temperature = 3.0, cooling_rate = 0.999
26 - INFO - chord#: 16 done. best_score=140.0, changed=614, unchanged=321, early_stops=8/8
26 - INFO - chord#: 20 In build_straw_man_chord_sa. tolerance = 1, sa_iterations = 1000, initial_temperature = 3.0, cooling_rate = 0.999
26 - INFO - chord#: 24 done. best_score=27.0, changed=512, unchanged=307, early_stops=8/8
26 - INFO - chord#: 28 In build_straw_man_chord_sa. tolerance = 1, sa_iterations = 1000, initial_temperature = 3.0, cooling_rate = 0.999
26 - INFO - chord#: 24 done. best_score=27.0, changed=521, unchanged=366, early_stops=8/8
26 - INFO - chord#: 28 In build_straw_man_chord_sa. tolerance = 1, sa_iterations = 1000, initial_temperature = 3.0, cooling_rate = 0.999
26 - INFO - chord#: 24 done. best_score=27.0, changed=524, unchanged=461, early_stops=8/8
26 - INFO - chord#: 28 In build_straw_man_chord_sa. tolerance = 1, sa_iterations = 1000, initial_temperature = 3.0, cooling_rate = 0.999
26 - INFO - chord#: 24 done. best_score=27.0, changed=528, unchanged=511, early_stops=8/8
26 - INFO - chord#: 28 In build_straw_man_chord_sa. tolerance = 1, sa_iterations = 1000, initial_temperature = 3.0, cooling_rate = 0.999
26 - INFO - chord#: 16 done. best_score=71.0, changed=611, unchanged=308, early_stops=8/8
26 - INFO - chord#: 20 In build_straw_man_chord_sa. tolerance = 1, sa_iterations = 1000, initial_temperature = 3.0, cooling_rate = 0.999
26 - INFO - chord#: 16 done. best_score=146.0, changed=615, unchanged=387, early_stops=8/8
26 - INFO - chord#: 20 In build_straw_man_chord_sa. tolerance = 1, sa_iterations = 1000, initial_temperature = 3.0, cooling_rate = 0.999
26 - INFO - chord#: 20 done. best_score=27.0, changed=513, unchanged=341, early_stops=8/8
26 - INFO - chord#: 22 In build_straw_man_chord_sa. tolerance = 1, sa_iterations = 1000, initial_temperature = 3.0, cooling_rate = 0.999
26 - INFO - chord#: 24 done. best_score=27.0, changed=534, unchanged=429, early_stops=8/8
26 - INFO - chord#: 28 In build_straw_man_chord_sa. tolerance = 1, sa_iterations = 1000, initial_temperature = 3.0, cooling_rate = 0.999
26 - INFO - chord#: 16 done. best_score=64.0, changed=613, unchanged=376, early_stops=8/8
26 - INFO - chord#: 20 In build_straw_man_chord_sa. tolerance = 1, sa_iterations = 1000, initial_temperature = 3.0, cooling_rate = 0.999
26 - INFO - chord#: 20 done. best_score=27.0, changed=518, unchanged=413, early_stops=8/8
26 - INFO - chord#: 22 In build_straw_man_chord_sa. tolerance = 1, sa_iterations = 1000, initial_temperature = 3.0, cooling_rate = 0.999
26 - INFO - chord#: 28 done. best_score=27.0, changed=536, unchanged=383, early_stops=8/8
26 - INFO - chord#: 32 In build_straw_man_chord_sa. tolerance = 1, sa_iterations = 1000, initial_temperature = 3.0, cooling_rate = 0.999
26 - INFO - chord#: 20 done. best_score=27.0, changed=518, unchanged=400, early_stops=8/8
26 - INFO - chord#: 22 In build_straw_man_chord_sa. tolerance = 1, sa_iterations = 1000, initial_temperature = 3.0, cooling_rate = 0.999
26 - INFO - chord#: 28 done. best_score=27.0, changed=529, unchanged=381, early_stops=8/8
26 - INFO - chord#: 32 In build_straw_man_chord_sa. tolerance = 1, sa_iterations = 1000, initial_temperature = 3.0, cooling_rate = 0.999
26 - INFO - chord#: 16 done. best_score=64.0, changed=619, unchanged=557, early_stops=8/8
26 - INFO - chord#: 20 In build_straw_man_chord_sa. tolerance = 1, sa_iterations = 1000, initial_temperature = 3.0, cooling_rate = 0.999
26 - INFO - chord#: 28 done. best_score=27.0, changed=524, unchanged=337, early_stops=8/8
26 - INFO - chord#: 32 In build_straw_man_chord_sa. tolerance = 1, sa_iterations = 1000, initial_temperature = 3.0, cooling_rate = 0.999
26 - INFO - chord#: 28 done. best_score=27.0, changed=530, unchanged=429, early_stops=8/8
26 - INFO - chord#: 32 In build_straw_man_chord_sa. tolerance = 1, sa_iterations = 1000, initial_temperature = 3.0, cooling_rate = 0.999
26 - INFO - chord#: 22 done. best_score=9.0, changed=452, unchanged=362, early_stops=8/8
26 - INFO - chord#: 24 In build_straw_man_chord_sa. tolerance = 1, sa_iterations = 1000, initial_temperature = 3.0, cooling_rate = 0.999
26 - INFO - chord#: 22 done. best_score=9.0, changed=469, unchanged=359, early_stops=8/8
26 - INFO - chord#: 24 In build_straw_man_chord_sa. tolerance = 1, sa_iterations = 1000, initial_temperature = 3.0, cooling_rate = 0.999
26 - INFO - chord#: 22 done. best_score=9.0, changed=464, unchanged=345, early_stops=8/8
26 - INFO - chord#: 24 In build_straw_man_chord_sa. tolerance = 1, sa_iterations = 1000, initial_temperature = 3.0, cooling_rate = 0.999
26 - INFO - chord#: 28 done. best_score=27.0, changed=535, unchanged=344, early_stops=8/8
26 - INFO - chord#: 32 In build_straw_man_chord_sa. tolerance = 1, sa_iterations = 1000, initial_temperature = 3.0, cooling_rate = 0.999
26 - INFO - chord#: 20 done. best_score=27.0, changed=518, unchanged=358, early_stops=8/8
26 - INFO - chord#: 22 In build_straw_man_chord_sa. tolerance = 1, sa_iterations = 1000, initial_temperature = 3.0, cooling_rate = 0.999
26 - INFO - chord#: 20 done. best_score=27.0, changed=523, unchanged=406, early_stops=8/8
26 - INFO - chord#: 22 In build_straw_man_chord_sa. tolerance = 1, sa_iterations = 1000, initial_temperature = 3.0, cooling_rate = 0.999
26 - INFO - chord#: 32 done. best_score=27.0, changed=515, unchanged=324, early_stops=8/8
26 - INFO - chord#: 34 In build_straw_man_chord_sa. tolerance = 1, sa_iterations = 1000, initial_temperature = 3.0, cooling_rate = 0.999
26 - INFO - chord#: 20 done. best_score=27.0, changed=520, unchanged=369, early_stops=8/8
26 - INFO - chord#: 22 In build_straw_man_chord_sa. tolerance = 1, sa_iterations = 1000, initial_temperature = 3.0, cooling_rate = 0.999
26 - INFO - chord#: 32 done. best_score=27.0, changed=524, unchanged=365, early_stops=8/8
26 - INFO - chord#: 34 In build_straw_man_chord_sa. tolerance = 1, sa_iterations = 1000, initial_temperature = 3.0, cooling_rate = 0.999
26 - INFO - chord#: 32 done. best_score=27.0, changed=522, unchanged=356, early_stops=8/8
26 - INFO - chord#: 34 In build_straw_man_chord_sa. tolerance = 1, sa_iterations = 1000, initial_temperature = 3.0, cooling_rate = 0.999
26 - INFO - chord#: 32 done. best_score=27.0, changed=527, unchanged=341, early_stops=8/8
26 - INFO - chord#: 34 In build_straw_man_chord_sa. tolerance = 1, sa_iterations = 1000, initial_temperature = 3.0, cooling_rate = 0.999
26 - INFO - chord#: 22 done. best_score=9.0, changed=467, unchanged=347, early_stops=8/8
26 - INFO - chord#: 24 In build_straw_man_chord_sa. tolerance = 1, sa_iterations = 1000, initial_temperature = 3.0, cooling_rate = 0.999
26 - INFO - chord#: 22 done. best_score=9.0, changed=474, unchanged=349, early_stops=8/8
26 - INFO - chord#: 24 In build_straw_man_chord_sa. tolerance = 1, sa_iterations = 1000, initial_temperature = 3.0, cooling_rate = 0.999
26 - INFO - chord#: 22 done. best_score=9.0, changed=484, unchanged=355, early_stops=8/8
26 - INFO - chord#: 24 In build_straw_man_chord_sa. tolerance = 1, sa_iterations = 1000, initial_temperature = 3.0, cooling_rate = 0.999
26 - INFO - chord#: 20 done. best_score=27.0, changed=522, unchanged=357, early_stops=8/8
26 - INFO - chord#: 22 In build_straw_man_chord_sa. tolerance = 1, sa_iterations = 1000, initial_temperature = 3.0, cooling_rate = 0.999
26 - INFO - chord#: 24 done. best_score=27.0, changed=522, unchanged=371, early_stops=8/8
26 - INFO - chord#: 28 In build_straw_man_chord_sa. tolerance = 1, sa_iterations = 1000, initial_temperature = 3.0, cooling_rate = 0.999
26 - INFO - chord#: 22 done. best_score=9.0, changed=477, unchanged=333, early_stops=8/8
26 - INFO - chord#: 24 In build_straw_man_chord_sa. tolerance = 1, sa_iterations = 1000, initial_temperature = 3.0, cooling_rate = 0.999
26 - INFO - chord#: 32 done. best_score=27.0, changed=523, unchanged=400, early_stops=8/8
26 - INFO - chord#: 34 In build_straw_man_chord_sa. tolerance = 1, sa_iterations = 1000, initial_temperature = 3.0, cooling_rate = 0.999
26 - INFO - chord#: 24 done. best_score=27.0, changed=509, unchanged=327, early_stops=8/8
26 - INFO - chord#: 28 In build_straw_man_chord_sa. tolerance = 1, sa_iterations = 1000, initial_temperature = 3.0, cooling_rate = 0.999
26 - INFO - chord#: 24 done. best_score=27.0, changed=532, unchanged=578, early_stops=8/8
26 - INFO - chord#: 28 In build_straw_man_chord_sa. tolerance = 1, sa_iterations = 1000, initial_temperature = 3.0, cooling_rate = 0.999
26 - INFO - chord#: 24 done. best_score=27.0, changed=518, unchanged=351, early_stops=8/8
26 - INFO - chord#: 28 In build_straw_man_chord_sa. tolerance = 1, sa_iterations = 1000, initial_temperature = 3.0, cooling_rate = 0.999
26 - INFO - chord#: 24 done. best_score=27.0, changed=528, unchanged=386, early_stops=8/8
26 - INFO - chord#: 28 In build_straw_man_chord_sa. tolerance = 1, sa_iterations = 1000, initial_temperature = 3.0, cooling_rate = 0.999
26 - INFO - chord#: 28 done. best_score=27.0, changed=531, unchanged=334, early_stops=8/8
26 - INFO - chord#: 32 In build_straw_man_chord_sa. tolerance = 1, sa_iterations = 1000, initial_temperature = 3.0, cooling_rate = 0.999
26 - INFO - chord#: 24 done. best_score=27.0, changed=527, unchanged=432, early_stops=8/8
26 - INFO - chord#: 28 In build_straw_man_chord_sa. tolerance = 1, sa_iterations = 1000, initial_temperature = 3.0, cooling_rate = 0.999
26 - INFO - chord#: 28 done. best_score=27.0, changed=528, unchanged=361, early_stops=8/8
26 - INFO - chord#: 32 In build_straw_man_chord_sa. tolerance = 1, sa_iterations = 1000, initial_temperature = 3.0, cooling_rate = 0.999
26 - INFO - chord#: 24 done. best_score=27.0, changed=535, unchanged=403, early_stops=8/8
26 - INFO - chord#: 28 In build_straw_man_chord_sa. tolerance = 1, sa_iterations = 1000, initial_temperature = 3.0, cooling_rate = 0.999
26 - INFO - chord#: 28 done. best_score=27.0, changed=526, unchanged=382, early_stops=8/8
26 - INFO - chord#: 32 In build_straw_man_chord_sa. tolerance = 1, sa_iterations = 1000, initial_temperature = 3.0, cooling_rate = 0.999
26 - INFO - chord#: 28 done. best_score=27.0, changed=532, unchanged=356, early_stops=8/8
26 - INFO - chord#: 32 In build_straw_man_chord_sa. tolerance = 1, sa_iterations = 1000, initial_temperature = 3.0, cooling_rate = 0.999
26 - INFO - chord#: 34 done. best_score=70.0, changed=615, unchanged=252, early_stops=8/8
26 - INFO - chord#: 36 In build_straw_man_chord_sa. tolerance = 1, sa_iterations = 1000, initial_temperature = 3.0, cooling_rate = 0.999
26 - INFO - chord#: 34 done. best_score=70.0, changed=613, unchanged=336, early_stops=8/8
26 - INFO - chord#: 36 In build_straw_man_chord_sa. tolerance = 1, sa_iterations = 1000, initial_temperature = 3.0, cooling_rate = 0.999
26 - INFO - chord#: 28 done. best_score=27.0, changed=524, unchanged=332, early_stops=8/8
26 - INFO - chord#: 32 In build_straw_man_chord_sa. tolerance = 1, sa_iterations = 1000, initial_temperature = 3.0, cooling_rate = 0.999
26 - INFO - chord#: 34 done. best_score=70.0, changed=612, unchanged=373, early_stops=8/8
26 - INFO - chord#: 36 In build_straw_man_chord_sa. tolerance = 1, sa_iterations = 1000, initial_temperature = 3.0, cooling_rate = 0.999
26 - INFO - chord#: 28 done. best_score=27.0, changed=516, unchanged=302, early_stops=8/8
26 - INFO - chord#: 32 In build_straw_man_chord_sa. tolerance = 1, sa_iterations = 1000, initial_temperature = 3.0, cooling_rate = 0.999
26 - INFO - chord#: 32 done. best_score=27.0, changed=524, unchanged=453, early_stops=8/8
26 - INFO - chord#: 34 In build_straw_man_chord_sa. tolerance = 1, sa_iterations = 1000, initial_temperature = 3.0, cooling_rate = 0.999
26 - INFO - chord#: 32 done. best_score=27.0, changed=527, unchanged=356, early_stops=8/8
26 - INFO - chord#: 34 In build_straw_man_chord_sa. tolerance = 1, sa_iterations = 1000, initial_temperature = 3.0, cooling_rate = 0.999
26 - INFO - chord#: 32 done. best_score=27.0, changed=522, unchanged=323, early_stops=8/8
26 - INFO - chord#: 34 In build_straw_man_chord_sa. tolerance = 1, sa_iterations = 1000, initial_temperature = 3.0, cooling_rate = 0.999
26 - INFO - chord#: 34 done. best_score=70.0, changed=611, unchanged=340, early_stops=8/8
26 - INFO - chord#: 36 In build_straw_man_chord_sa. tolerance = 1, sa_iterations = 1000, initial_temperature = 3.0, cooling_rate = 0.999
26 - INFO - chord#: 34 done. best_score=70.0, changed=609, unchanged=400, early_stops=8/8
26 - INFO - chord#: 36 In build_straw_man_chord_sa. tolerance = 1, sa_iterations = 1000, initial_temperature = 3.0, cooling_rate = 0.999
26 - INFO - chord#: 36 done. best_score=27.0, changed=519, unchanged=336, early_stops=8/8
26 - INFO - chord#: 38 In build_straw_man_chord_sa. tolerance = 1, sa_iterations = 1000, initial_temperature = 3.0, cooling_rate = 0.999
26 - INFO - chord#: 36 done. best_score=27.0, changed=524, unchanged=327, early_stops=8/8
26 - INFO - chord#: 38 In build_straw_man_chord_sa. tolerance = 1, sa_iterations = 1000, initial_temperature = 3.0, cooling_rate = 0.999
26 - INFO - chord#: 28 done. best_score=27.0, changed=525, unchanged=325, early_stops=8/8
26 - INFO - chord#: 32 In build_straw_man_chord_sa. tolerance = 1, sa_iterations = 1000, initial_temperature = 3.0, cooling_rate = 0.999
26 - INFO - chord#: 32 done. best_score=27.0, changed=529, unchanged=359, early_stops=8/8
26 - INFO - chord#: 34 In build_straw_man_chord_sa. tolerance = 1, sa_iterations = 1000, initial_temperature = 3.0, cooling_rate = 0.999
26 - INFO - chord#: 32 done. best_score=27.0, changed=528, unchanged=424, early_stops=8/8
26 - INFO - chord#: 34 In build_straw_man_chord_sa. tolerance = 1, sa_iterations = 1000, initial_temperature = 3.0, cooling_rate = 0.999
26 - INFO - chord#: 36 done. best_score=27.0, changed=535, unchanged=445, early_stops=8/8
26 - INFO - chord#: 38 In build_straw_man_chord_sa. tolerance = 1, sa_iterations = 1000, initial_temperature = 3.0, cooling_rate = 0.999
26 - INFO - chord#: 32 done. best_score=27.0, changed=518, unchanged=330, early_stops=8/8
26 - INFO - chord#: 34 In build_straw_man_chord_sa. tolerance = 1, sa_iterations = 1000, initial_temperature = 3.0, cooling_rate = 0.999
26 - INFO - chord#: 36 done. best_score=27.0, changed=528, unchanged=443, early_stops=8/8
26 - INFO - chord#: 38 In build_straw_man_chord_sa. tolerance = 1, sa_iterations = 1000, initial_temperature = 3.0, cooling_rate = 0.999
26 - INFO - chord#: 36 done. best_score=27.0, changed=520, unchanged=300, early_stops=8/8
26 - INFO - chord#: 38 In build_straw_man_chord_sa. tolerance = 1, sa_iterations = 1000, initial_temperature = 3.0, cooling_rate = 0.999
26 - INFO - chord#: 32 done. best_score=27.0, changed=522, unchanged=322, early_stops=8/8
26 - INFO - chord#: 34 In build_straw_man_chord_sa. tolerance = 1, sa_iterations = 1000, initial_temperature = 3.0, cooling_rate = 0.999
26 - INFO - chord#: 38 done. best_score=82.0, changed=612, unchanged=231, early_stops=8/8
26 - INFO - chord#: 40 In build_straw_man_chord_sa. tolerance = 1, sa_iterations = 1000, initial_temperature = 3.0, cooling_rate = 0.999
26 - INFO - chord#: 34 done. best_score=70.0, changed=609, unchanged=308, early_stops=8/8
26 - INFO - chord#: 36 In build_straw_man_chord_sa. tolerance = 1, sa_iterations = 1000, initial_temperature = 3.0, cooling_rate = 0.999
26 - INFO - chord#: 34 done. best_score=70.0, changed=610, unchanged=289, early_stops=8/8
26 - INFO - chord#: 36 In build_straw_man_chord_sa. tolerance = 1, sa_iterations = 1000, initial_temperature = 3.0, cooling_rate = 0.999
26 - INFO - chord#: 34 done. best_score=70.0, changed=617, unchanged=355, early_stops=8/8
26 - INFO - chord#: 36 In build_straw_man_chord_sa. tolerance = 1, sa_iterations = 1000, initial_temperature = 3.0, cooling_rate = 0.999
26 - INFO - chord#: 38 done. best_score=82.0, changed=612, unchanged=401, early_stops=8/8
26 - INFO - chord#: 40 In build_straw_man_chord_sa. tolerance = 1, sa_iterations = 1000, initial_temperature = 3.0, cooling_rate = 0.999
26 - INFO - chord#: 38 done. best_score=120.0, changed=610, unchanged=340, early_stops=8/8
26 - INFO - chord#: 40 In build_straw_man_chord_sa. tolerance = 1, sa_iterations = 1000, initial_temperature = 3.0, cooling_rate = 0.999
26 - INFO - chord#: 34 done. best_score=70.0, changed=613, unchanged=356, early_stops=8/8
26 - INFO - chord#: 36 In build_straw_man_chord_sa. tolerance = 1, sa_iterations = 1000, initial_temperature = 3.0, cooling_rate = 0.999
26 - INFO - chord#: 38 done. best_score=82.0, changed=611, unchanged=249, early_stops=8/8
26 - INFO - chord#: 40 In build_straw_man_chord_sa. tolerance = 1, sa_iterations = 1000, initial_temperature = 3.0, cooling_rate = 0.999
26 - INFO - chord#: 40 done. best_score=31.0, changed=530, unchanged=409, early_stops=8/8
26 - INFO - chord#: 42 In build_straw_man_chord_sa. tolerance = 1, sa_iterations = 1000, initial_temperature = 3.0, cooling_rate = 0.999
26 - INFO - chord#: 36 done. best_score=27.0, changed=531, unchanged=371, early_stops=8/8
26 - INFO - chord#: 38 In build_straw_man_chord_sa. tolerance = 1, sa_iterations = 1000, initial_temperature = 3.0, cooling_rate = 0.999
26 - INFO - chord#: 36 done. best_score=27.0, changed=520, unchanged=332, early_stops=8/8
26 - INFO - chord#: 38 In build_straw_man_chord_sa. tolerance = 1, sa_iterations = 1000, initial_temperature = 3.0, cooling_rate = 0.999
26 - INFO - chord#: 40 done. best_score=31.0, changed=521, unchanged=391, early_stops=8/8
26 - INFO - chord#: 42 In build_straw_man_chord_sa. tolerance = 1, sa_iterations = 1000, initial_temperature = 3.0, cooling_rate = 0.999
26 - INFO - chord#: 34 done. best_score=70.0, changed=616, unchanged=418, early_stops=8/8
26 - INFO - chord#: 36 In build_straw_man_chord_sa. tolerance = 1, sa_iterations = 1000, initial_temperature = 3.0, cooling_rate = 0.999
26 - INFO - chord#: 36 done. best_score=27.0, changed=528, unchanged=384, early_stops=8/8
26 - INFO - chord#: 38 In build_straw_man_chord_sa. tolerance = 1, sa_iterations = 1000, initial_temperature = 3.0, cooling_rate = 0.999
26 - INFO - chord#: 40 done. best_score=31.0, changed=533, unchanged=419, early_stops=8/8
26 - INFO - chord#: 42 In build_straw_man_chord_sa. tolerance = 1, sa_iterations = 1000, initial_temperature = 3.0, cooling_rate = 0.999
26 - INFO - chord#: 40 done. best_score=31.0, changed=525, unchanged=323, early_stops=8/8
26 - INFO - chord#: 42 In build_straw_man_chord_sa. tolerance = 1, sa_iterations = 1000, initial_temperature = 3.0, cooling_rate = 0.999
26 - INFO - chord#: 38 done. best_score=82.0, changed=614, unchanged=390, early_stops=8/8
26 - INFO - chord#: 40 In build_straw_man_chord_sa. tolerance = 1, sa_iterations = 1000, initial_temperature = 3.0, cooling_rate = 0.999
26 - INFO - chord#: 34 done. best_score=105.0, changed=613, unchanged=247, early_stops=8/8
26 - INFO - chord#: 36 In build_straw_man_chord_sa. tolerance = 1, sa_iterations = 1000, initial_temperature = 3.0, cooling_rate = 0.999
26 - INFO - chord#: 34 done. best_score=70.0, changed=618, unchanged=376, early_stops=8/8
26 - INFO - chord#: 36 In build_straw_man_chord_sa. tolerance = 1, sa_iterations = 1000, initial_temperature = 3.0, cooling_rate = 0.999
26 - INFO - chord#: 36 done. best_score=27.0, changed=522, unchanged=420, early_stops=8/8
26 - INFO - chord#: 38 In build_straw_man_chord_sa. tolerance = 1, sa_iterations = 1000, initial_temperature = 3.0, cooling_rate = 0.999
26 - INFO - chord#: 36 done. best_score=27.0, changed=518, unchanged=298, early_stops=8/8
26 - INFO - chord#: 38 In build_straw_man_chord_sa. tolerance = 1, sa_iterations = 1000, initial_temperature = 3.0, cooling_rate = 0.999
26 - INFO - chord#: 36 done. best_score=27.0, changed=517, unchanged=337, early_stops=8/8
26 - INFO - chord#: 38 In build_straw_man_chord_sa. tolerance = 1, sa_iterations = 1000, initial_temperature = 3.0, cooling_rate = 0.999
26 - INFO - chord#: 40 done. best_score=31.0, changed=530, unchanged=363, early_stops=8/8
26 - INFO - chord#: 42 In build_straw_man_chord_sa. tolerance = 1, sa_iterations = 1000, initial_temperature = 3.0, cooling_rate = 0.999
26 - INFO - chord#: 42 done. best_score=93.0, changed=611, unchanged=280, early_stops=8/8
26 - INFO - chord#: 44 In build_straw_man_chord_sa. tolerance = 1, sa_iterations = 1000, initial_temperature = 3.0, cooling_rate = 0.999
26 - INFO - chord#: 36 done. best_score=27.0, changed=518, unchanged=374, early_stops=8/8
26 - INFO - chord#: 38 In build_straw_man_chord_sa. tolerance = 1, sa_iterations = 1000, initial_temperature = 3.0, cooling_rate = 0.999
26 - INFO - chord#: 42 done. best_score=96.0, changed=607, unchanged=251, early_stops=8/8
26 - INFO - chord#: 44 In build_straw_man_chord_sa. tolerance = 1, sa_iterations = 1000, initial_temperature = 3.0, cooling_rate = 0.999
26 - INFO - chord#: 38 done. best_score=82.0, changed=615, unchanged=343, early_stops=8/8
26 - INFO - chord#: 40 In build_straw_man_chord_sa. tolerance = 1, sa_iterations = 1000, initial_temperature = 3.0, cooling_rate = 0.999
26 - INFO - chord#: 38 done. best_score=82.0, changed=614, unchanged=424, early_stops=8/8
26 - INFO - chord#: 40 In build_straw_man_chord_sa. tolerance = 1, sa_iterations = 1000, initial_temperature = 3.0, cooling_rate = 0.999
26 - INFO - chord#: 42 done. best_score=96.0, changed=610, unchanged=325, early_stops=8/8
26 - INFO - chord#: 44 In build_straw_man_chord_sa. tolerance = 1, sa_iterations = 1000, initial_temperature = 3.0, cooling_rate = 0.999
26 - INFO - chord#: 42 done. best_score=93.0, changed=613, unchanged=358, early_stops=8/8
26 - INFO - chord#: 44 In build_straw_man_chord_sa. tolerance = 1, sa_iterations = 1000, initial_temperature = 3.0, cooling_rate = 0.999
26 - INFO - chord#: 44 done. best_score=27.0, changed=515, unchanged=353, early_stops=8/8
26 - INFO - chord#: 46 In build_straw_man_chord_sa. tolerance = 1, sa_iterations = 1000, initial_temperature = 3.0, cooling_rate = 0.999
26 - INFO - chord#: 38 done. best_score=82.0, changed=610, unchanged=235, early_stops=8/8
26 - INFO - chord#: 40 In build_straw_man_chord_sa. tolerance = 1, sa_iterations = 1000, initial_temperature = 3.0, cooling_rate = 0.999
26 - INFO - chord#: 40 done. best_score=31.0, changed=515, unchanged=314, early_stops=8/8
26 - INFO - chord#: 42 In build_straw_man_chord_sa. tolerance = 1, sa_iterations = 1000, initial_temperature = 3.0, cooling_rate = 0.999
26 - INFO - chord#: 44 done. best_score=27.0, changed=522, unchanged=359, early_stops=8/8
26 - INFO - chord#: 46 In build_straw_man_chord_sa. tolerance = 1, sa_iterations = 1000, initial_temperature = 3.0, cooling_rate = 0.999
26 - INFO - chord#: 38 done. best_score=82.0, changed=613, unchanged=212, early_stops=8/8
26 - INFO - chord#: 40 In build_straw_man_chord_sa. tolerance = 1, sa_iterations = 1000, initial_temperature = 3.0, cooling_rate = 0.999
26 - INFO - chord#: 40 done. best_score=31.0, changed=535, unchanged=510, early_stops=8/8
26 - INFO - chord#: 42 In build_straw_man_chord_sa. tolerance = 1, sa_iterations = 1000, initial_temperature = 3.0, cooling_rate = 0.999
26 - INFO - chord#: 44 done. best_score=27.0, changed=522, unchanged=416, early_stops=8/8
26 - INFO - chord#: 46 In build_straw_man_chord_sa. tolerance = 1, sa_iterations = 1000, initial_temperature = 3.0, cooling_rate = 0.999
26 - INFO - chord#: 44 done. best_score=27.0, changed=511, unchanged=335, early_stops=8/8
26 - INFO - chord#: 46 In build_straw_man_chord_sa. tolerance = 1, sa_iterations = 1000, initial_temperature = 3.0, cooling_rate = 0.999
26 - INFO - chord#: 46 done. best_score=27.0, changed=529, unchanged=429, early_stops=8/8
26 - INFO - chord#: 48 In build_straw_man_chord_sa. tolerance = 1, sa_iterations = 1000, initial_temperature = 3.0, cooling_rate = 0.999
26 - INFO - chord#: 46 done. best_score=27.0, changed=530, unchanged=347, early_stops=8/8
26 - INFO - chord#: 48 In build_straw_man_chord_sa. tolerance = 1, sa_iterations = 1000, initial_temperature = 3.0, cooling_rate = 0.999
26 - INFO - chord#: 38 done. best_score=127.0, changed=604, unchanged=207, early_stops=8/8
26 - INFO - chord#: 40 In build_straw_man_chord_sa. tolerance = 1, sa_iterations = 1000, initial_temperature = 3.0, cooling_rate = 0.999
26 - INFO - chord#: 40 done. best_score=31.0, changed=522, unchanged=414, early_stops=8/8
26 - INFO - chord#: 42 In build_straw_man_chord_sa. tolerance = 1, sa_iterations = 1000, initial_temperature = 3.0, cooling_rate = 0.999
26 - INFO - chord#: 40 done. best_score=31.0, changed=521, unchanged=337, early_stops=8/8
26 - INFO - chord#: 42 In build_straw_man_chord_sa. tolerance = 1, sa_iterations = 1000, initial_temperature = 3.0, cooling_rate = 0.999
26 - INFO - chord#: 38 done. best_score=82.0, changed=620, unchanged=396, early_stops=8/8
26 - INFO - chord#: 40 In build_straw_man_chord_sa. tolerance = 1, sa_iterations = 1000, initial_temperature = 3.0, cooling_rate = 0.999
26 - INFO - chord#: 42 done. best_score=94.0, changed=614, unchanged=321, early_stops=8/8
26 - INFO - chord#: 44 In build_straw_man_chord_sa. tolerance = 1, sa_iterations = 1000, initial_temperature = 3.0, cooling_rate = 0.999
26 - INFO - chord#: 46 done. best_score=27.0, changed=523, unchanged=351, early_stops=8/8
26 - INFO - chord#: 48 In build_straw_man_chord_sa. tolerance = 1, sa_iterations = 1000, initial_temperature = 3.0, cooling_rate = 0.999
26 - INFO - chord#: 46 done. best_score=27.0, changed=520, unchanged=447, early_stops=8/8
26 - INFO - chord#: 48 In build_straw_man_chord_sa. tolerance = 1, sa_iterations = 1000, initial_temperature = 3.0, cooling_rate = 0.999
26 - INFO - chord#: 38 done. best_score=82.0, changed=617, unchanged=404, early_stops=8/8
26 - INFO - chord#: 40 In build_straw_man_chord_sa. tolerance = 1, sa_iterations = 1000, initial_temperature = 3.0, cooling_rate = 0.999
26 - INFO - chord#: 40 done. best_score=31.0, changed=524, unchanged=366, early_stops=8/8
26 - INFO - chord#: 42 In build_straw_man_chord_sa. tolerance = 1, sa_iterations = 1000, initial_temperature = 3.0, cooling_rate = 0.999
26 - INFO - chord#: 42 done. best_score=93.0, changed=615, unchanged=378, early_stops=8/8
26 - INFO - chord#: 44 In build_straw_man_chord_sa. tolerance = 1, sa_iterations = 1000, initial_temperature = 3.0, cooling_rate = 0.999
26 - INFO - chord#: 40 done. best_score=31.0, changed=535, unchanged=436, early_stops=8/8
26 - INFO - chord#: 42 In build_straw_man_chord_sa. tolerance = 1, sa_iterations = 1000, initial_temperature = 3.0, cooling_rate = 0.999
26 - INFO - chord#: 42 done. best_score=75.0, changed=613, unchanged=286, early_stops=8/8
26 - INFO - chord#: 44 In build_straw_man_chord_sa. tolerance = 1, sa_iterations = 1000, initial_temperature = 3.0, cooling_rate = 0.999
26 - INFO - chord#: 44 done. best_score=27.0, changed=532, unchanged=414, early_stops=8/8
26 - INFO - chord#: 46 In build_straw_man_chord_sa. tolerance = 1, sa_iterations = 1000, initial_temperature = 3.0, cooling_rate = 0.999
26 - INFO - chord#: 48 done. best_score=74.0, changed=609, unchanged=244, early_stops=8/8
26 - INFO - chord#: 50 In build_straw_man_chord_sa. tolerance = 1, sa_iterations = 1000, initial_temperature = 3.0, cooling_rate = 0.999
26 - INFO - chord#: 40 done. best_score=31.0, changed=521, unchanged=312, early_stops=8/8
26 - INFO - chord#: 42 In build_straw_man_chord_sa. tolerance = 1, sa_iterations = 1000, initial_temperature = 3.0, cooling_rate = 0.999
26 - INFO - chord#: 48 done. best_score=74.0, changed=615, unchanged=338, early_stops=8/8
26 - INFO - chord#: 50 In build_straw_man_chord_sa. tolerance = 1, sa_iterations = 1000, initial_temperature = 3.0, cooling_rate = 0.999
26 - INFO - chord#: 44 done. best_score=27.0, changed=516, unchanged=462, early_stops=8/8
26 - INFO - chord#: 46 In build_straw_man_chord_sa. tolerance = 1, sa_iterations = 1000, initial_temperature = 3.0, cooling_rate = 0.999
26 - INFO - chord#: 48 done. best_score=145.0, changed=610, unchanged=239, early_stops=8/8
26 - INFO - chord#: 50 In build_straw_man_chord_sa. tolerance = 1, sa_iterations = 1000, initial_temperature = 3.0, cooling_rate = 0.999
26 - INFO - chord#: 42 done. best_score=93.0, changed=606, unchanged=273, early_stops=8/8
26 - INFO - chord#: 44 In build_straw_man_chord_sa. tolerance = 1, sa_iterations = 1000, initial_temperature = 3.0, cooling_rate = 0.999
26 - INFO - chord#: 44 done. best_score=27.0, changed=519, unchanged=365, early_stops=8/8
26 - INFO - chord#: 46 In build_straw_man_chord_sa. tolerance = 1, sa_iterations = 1000, initial_temperature = 3.0, cooling_rate = 0.999
26 - INFO - chord#: 48 done. best_score=121.0, changed=609, unchanged=293, early_stops=8/8
26 - INFO - chord#: 50 In build_straw_man_chord_sa. tolerance = 1, sa_iterations = 1000, initial_temperature = 3.0, cooling_rate = 0.999
26 - INFO - chord#: 50 done. best_score=27.0, changed=523, unchanged=319, early_stops=8/8
26 - INFO - chord#: 51 In build_straw_man_chord_sa. tolerance = 1, sa_iterations = 1000, initial_temperature = 3.0, cooling_rate = 0.999
26 - INFO - chord#: 46 done. best_score=27.0, changed=532, unchanged=454, early_stops=8/8
26 - INFO - chord#: 48 In build_straw_man_chord_sa. tolerance = 1, sa_iterations = 1000, initial_temperature = 3.0, cooling_rate = 0.999
26 - INFO - chord#: 42 done. best_score=93.0, changed=616, unchanged=316, early_stops=8/8
26 - INFO - chord#: 44 In build_straw_man_chord_sa. tolerance = 1, sa_iterations = 1000, initial_temperature = 3.0, cooling_rate = 0.999
26 - INFO - chord#: 50 done. best_score=27.0, changed=514, unchanged=313, early_stops=8/8
26 - INFO - chord#: 51 In build_straw_man_chord_sa. tolerance = 1, sa_iterations = 1000, initial_temperature = 3.0, cooling_rate = 0.999
26 - INFO - chord#: 46 done. best_score=27.0, changed=520, unchanged=336, early_stops=8/8
26 - INFO - chord#: 48 In build_straw_man_chord_sa. tolerance = 1, sa_iterations = 1000, initial_temperature = 3.0, cooling_rate = 0.999
26 - INFO - chord#: 46 done. best_score=27.0, changed=517, unchanged=347, early_stops=8/8
26 - INFO - chord#: 48 In build_straw_man_chord_sa. tolerance = 1, sa_iterations = 1000, initial_temperature = 3.0, cooling_rate = 0.999
26 - INFO - chord#: 50 done. best_score=36.0, changed=529, unchanged=434, early_stops=8/8
26 - INFO - chord#: 51 In build_straw_man_chord_sa. tolerance = 1, sa_iterations = 1000, initial_temperature = 3.0, cooling_rate = 0.999
26 - INFO - chord#: 42 done. best_score=94.0, changed=613, unchanged=248, early_stops=8/8
26 - INFO - chord#: 44 In build_straw_man_chord_sa. tolerance = 1, sa_iterations = 1000, initial_temperature = 3.0, cooling_rate = 0.999
26 - INFO - chord#: 44 done. best_score=27.0, changed=518, unchanged=332, early_stops=8/8
26 - INFO - chord#: 46 In build_straw_man_chord_sa. tolerance = 1, sa_iterations = 1000, initial_temperature = 3.0, cooling_rate = 0.999
26 - INFO - chord#: 50 done. best_score=27.0, changed=523, unchanged=360, early_stops=8/8
26 - INFO - chord#: 51 In build_straw_man_chord_sa. tolerance = 1, sa_iterations = 1000, initial_temperature = 3.0, cooling_rate = 0.999
26 - INFO - chord#: 42 done. best_score=96.0, changed=611, unchanged=320, early_stops=8/8
26 - INFO - chord#: 44 In build_straw_man_chord_sa. tolerance = 1, sa_iterations = 1000, initial_temperature = 3.0, cooling_rate = 0.999
26 - INFO - chord#: 42 done. best_score=129.0, changed=606, unchanged=225, early_stops=8/8
26 - INFO - chord#: 44 In build_straw_man_chord_sa. tolerance = 1, sa_iterations = 1000, initial_temperature = 3.0, cooling_rate = 0.999
26 - INFO - chord#: 44 done. best_score=27.0, changed=523, unchanged=504, early_stops=8/8
26 - INFO - chord#: 46 In build_straw_man_chord_sa. tolerance = 1, sa_iterations = 1000, initial_temperature = 3.0, cooling_rate = 0.999
26 - INFO - chord#: 44 done. best_score=27.0, changed=525, unchanged=338, early_stops=8/8
26 - INFO - chord#: 46 In build_straw_man_chord_sa. tolerance = 1, sa_iterations = 1000, initial_temperature = 3.0, cooling_rate = 0.999
26 - INFO - chord#: 46 done. best_score=27.0, changed=525, unchanged=346, early_stops=8/8
26 - INFO - chord#: 48 In build_straw_man_chord_sa. tolerance = 1, sa_iterations = 1000, initial_temperature = 3.0, cooling_rate = 0.999
26 - INFO - chord#: 51 done. best_score=125.0, changed=611, unchanged=318, early_stops=8/8
26 - INFO - chord#: 52 In build_straw_man_chord_sa. tolerance = 1, sa_iterations = 1000, initial_temperature = 3.0, cooling_rate = 0.999
26 - INFO - chord#: 48 done. best_score=74.0, changed=607, unchanged=204, early_stops=8/8
26 - INFO - chord#: 50 In build_straw_man_chord_sa. tolerance = 1, sa_iterations = 1000, initial_temperature = 3.0, cooling_rate = 0.999
26 - INFO - chord#: 51 done. best_score=64.0, changed=613, unchanged=215, early_stops=8/8
26 - INFO - chord#: 52 In build_straw_man_chord_sa. tolerance = 1, sa_iterations = 1000, initial_temperature = 3.0, cooling_rate = 0.999
26 - INFO - chord#: 48 done. best_score=96.0, changed=610, unchanged=230, early_stops=8/8
26 - INFO - chord#: 50 In build_straw_man_chord_sa. tolerance = 1, sa_iterations = 1000, initial_temperature = 3.0, cooling_rate = 0.999
26 - INFO - chord#: 44 done. best_score=27.0, changed=518, unchanged=479, early_stops=8/8
26 - INFO - chord#: 46 In build_straw_man_chord_sa. tolerance = 1, sa_iterations = 1000, initial_temperature = 3.0, cooling_rate = 0.999
26 - INFO - chord#: 46 done. best_score=27.0, changed=519, unchanged=354, early_stops=8/8
26 - INFO - chord#: 48 In build_straw_man_chord_sa. tolerance = 1, sa_iterations = 1000, initial_temperature = 3.0, cooling_rate = 0.999
26 - INFO - chord#: 44 done. best_score=27.0, changed=524, unchanged=365, early_stops=8/8
26 - INFO - chord#: 46 In build_straw_man_chord_sa. tolerance = 1, sa_iterations = 1000, initial_temperature = 3.0, cooling_rate = 0.999
26 - INFO - chord#: 51 done. best_score=71.0, changed=612, unchanged=244, early_stops=8/8
26 - INFO - chord#: 52 In build_straw_man_chord_sa. tolerance = 1, sa_iterations = 1000, initial_temperature = 3.0, cooling_rate = 0.999
26 - INFO - chord#: 48 done. best_score=96.0, changed=609, unchanged=406, early_stops=8/8
26 - INFO - chord#: 50 In build_straw_man_chord_sa. tolerance = 1, sa_iterations = 1000, initial_temperature = 3.0, cooling_rate = 0.999
26 - INFO - chord#: 46 done. best_score=27.0, changed=522, unchanged=441, early_stops=8/8
26 - INFO - chord#: 48 In build_straw_man_chord_sa. tolerance = 1, sa_iterations = 1000, initial_temperature = 3.0, cooling_rate = 0.999
26 - INFO - chord#: 52 done. best_score=27.0, changed=518, unchanged=307, early_stops=8/8
26 - INFO - chord#: 54 In build_straw_man_chord_sa. tolerance = 1, sa_iterations = 1000, initial_temperature = 3.0, cooling_rate = 0.999
26 - INFO - chord#: 51 done. best_score=64.0, changed=612, unchanged=309, early_stops=8/8
26 - INFO - chord#: 52 In build_straw_man_chord_sa. tolerance = 1, sa_iterations = 1000, initial_temperature = 3.0, cooling_rate = 0.999
26 - INFO - chord#: 52 done. best_score=27.0, changed=520, unchanged=415, early_stops=8/8
26 - INFO - chord#: 54 In build_straw_man_chord_sa. tolerance = 1, sa_iterations = 1000, initial_temperature = 3.0, cooling_rate = 0.999
26 - INFO - chord#: 54 done. best_score=9.0, changed=461, unchanged=365, early_stops=8/8
26 - INFO - chord#: 56 In build_straw_man_chord_sa. tolerance = 1, sa_iterations = 1000, initial_temperature = 3.0, cooling_rate = 0.999
26 - INFO - chord#: 50 done. best_score=27.0, changed=521, unchanged=387, early_stops=8/8
26 - INFO - chord#: 51 In build_straw_man_chord_sa. tolerance = 1, sa_iterations = 1000, initial_temperature = 3.0, cooling_rate = 0.999
26 - INFO - chord#: 54 done. best_score=9.0, changed=489, unchanged=333, early_stops=8/8
26 - INFO - chord#: 56 In build_straw_man_chord_sa. tolerance = 1, sa_iterations = 1000, initial_temperature = 3.0, cooling_rate = 0.999
26 - INFO - chord#: 46 done. best_score=27.0, changed=517, unchanged=378, early_stops=8/8
26 - INFO - chord#: 48 In build_straw_man_chord_sa. tolerance = 1, sa_iterations = 1000, initial_temperature = 3.0, cooling_rate = 0.999
26 - INFO - chord#: 52 done. best_score=27.0, changed=525, unchanged=490, early_stops=8/8
26 - INFO - chord#: 54 In build_straw_man_chord_sa. tolerance = 1, sa_iterations = 1000, initial_temperature = 3.0, cooling_rate = 0.999
26 - INFO - chord#: 46 done. best_score=27.0, changed=535, unchanged=444, early_stops=8/8
26 - INFO - chord#: 48 In build_straw_man_chord_sa. tolerance = 1, sa_iterations = 1000, initial_temperature = 3.0, cooling_rate = 0.999
26 - INFO - chord#: 50 done. best_score=27.0, changed=523, unchanged=474, early_stops=8/8
26 - INFO - chord#: 51 In build_straw_man_chord_sa. tolerance = 1, sa_iterations = 1000, initial_temperature = 3.0, cooling_rate = 0.999
26 - INFO - chord#: 50 done. best_score=27.0, changed=526, unchanged=430, early_stops=8/8
26 - INFO - chord#: 51 In build_straw_man_chord_sa. tolerance = 1, sa_iterations = 1000, initial_temperature = 3.0, cooling_rate = 0.999
26 - INFO - chord#: 54 done. best_score=9.0, changed=476, unchanged=348, early_stops=8/8
26 - INFO - chord#: 56 In build_straw_man_chord_sa. tolerance = 1, sa_iterations = 1000, initial_temperature = 3.0, cooling_rate = 0.999
26 - INFO - chord#: 52 done. best_score=27.0, changed=520, unchanged=391, early_stops=8/8
26 - INFO - chord#: 54 In build_straw_man_chord_sa. tolerance = 1, sa_iterations = 1000, initial_temperature = 3.0, cooling_rate = 0.999
26 - INFO - chord#: 54 done. best_score=9.0, changed=481, unchanged=356, early_stops=8/8
26 - INFO - chord#: 56 In build_straw_man_chord_sa. tolerance = 1, sa_iterations = 1000, initial_temperature = 3.0, cooling_rate = 0.999
26 - INFO - chord#: 56 done. best_score=27.0, changed=517, unchanged=459, early_stops=8/8
26 - INFO - chord#: 60 In build_straw_man_chord_sa. tolerance = 1, sa_iterations = 1000, initial_temperature = 3.0, cooling_rate = 0.999
26 - INFO - chord#: 56 done. best_score=27.0, changed=523, unchanged=454, early_stops=8/8
26 - INFO - chord#: 60 In build_straw_man_chord_sa. tolerance = 1, sa_iterations = 1000, initial_temperature = 3.0, cooling_rate = 0.999
26 - INFO - chord#: 48 done. best_score=74.0, changed=618, unchanged=382, early_stops=8/8
26 - INFO - chord#: 50 In build_straw_man_chord_sa. tolerance = 1, sa_iterations = 1000, initial_temperature = 3.0, cooling_rate = 0.999
26 - INFO - chord#: 48 done. best_score=74.0, changed=609, unchanged=243, early_stops=8/8
26 - INFO - chord#: 50 In build_straw_man_chord_sa. tolerance = 1, sa_iterations = 1000, initial_temperature = 3.0, cooling_rate = 0.999
26 - INFO - chord#: 56 done. best_score=27.0, changed=533, unchanged=427, early_stops=8/8
26 - INFO - chord#: 60 In build_straw_man_chord_sa. tolerance = 1, sa_iterations = 1000, initial_temperature = 3.0, cooling_rate = 0.999
26 - INFO - chord#: 60 done. best_score=27.0, changed=525, unchanged=326, early_stops=8/8
26 - INFO - chord#: 64 In build_straw_man_chord_sa. tolerance = 1, sa_iterations = 1000, initial_temperature = 3.0, cooling_rate = 0.999
26 - INFO - chord#: 56 done. best_score=27.0, changed=531, unchanged=562, early_stops=8/8
26 - INFO - chord#: 60 In build_straw_man_chord_sa. tolerance = 1, sa_iterations = 1000, initial_temperature = 3.0, cooling_rate = 0.999
26 - INFO - chord#: 48 done. best_score=121.0, changed=609, unchanged=238, early_stops=8/8
26 - INFO - chord#: 50 In build_straw_man_chord_sa. tolerance = 1, sa_iterations = 1000, initial_temperature = 3.0, cooling_rate = 0.999
26 - INFO - chord#: 51 done. best_score=146.0, changed=615, unchanged=251, early_stops=8/8
26 - INFO - chord#: 52 In build_straw_man_chord_sa. tolerance = 1, sa_iterations = 1000, initial_temperature = 3.0, cooling_rate = 0.999
26 - INFO - chord#: 60 done. best_score=27.0, changed=526, unchanged=392, early_stops=8/8
26 - INFO - chord#: 64 In build_straw_man_chord_sa. tolerance = 1, sa_iterations = 1000, initial_temperature = 3.0, cooling_rate = 0.999
26 - INFO - chord#: 60 done. best_score=27.0, changed=524, unchanged=359, early_stops=8/8
26 - INFO - chord#: 64 In build_straw_man_chord_sa. tolerance = 1, sa_iterations = 1000, initial_temperature = 3.0, cooling_rate = 0.999
26 - INFO - chord#: 64 done. best_score=27.0, changed=526, unchanged=292, early_stops=8/8
26 - INFO - chord#: 66 In build_straw_man_chord_sa. tolerance = 1, sa_iterations = 1000, initial_temperature = 3.0, cooling_rate = 0.999
26 - INFO - chord#: 50 done. best_score=27.0, changed=513, unchanged=338, early_stops=8/8
26 - INFO - chord#: 51 In build_straw_man_chord_sa. tolerance = 1, sa_iterations = 1000, initial_temperature = 3.0, cooling_rate = 0.999
26 - INFO - chord#: 48 done. best_score=141.0, changed=607, unchanged=239, early_stops=8/8
26 - INFO - chord#: 50 In build_straw_man_chord_sa. tolerance = 1, sa_iterations = 1000, initial_temperature = 3.0, cooling_rate = 0.999
26 - INFO - chord#: 48 done. best_score=121.0, changed=609, unchanged=221, early_stops=8/8
26 - INFO - chord#: 50 In build_straw_man_chord_sa. tolerance = 1, sa_iterations = 1000, initial_temperature = 3.0, cooling_rate = 0.999
26 - INFO - chord#: 50 done. best_score=27.0, changed=527, unchanged=410, early_stops=8/8
26 - INFO - chord#: 51 In build_straw_man_chord_sa. tolerance = 1, sa_iterations = 1000, initial_temperature = 3.0, cooling_rate = 0.999
26 - INFO - chord#: 60 done. best_score=27.0, changed=528, unchanged=376, early_stops=8/8
26 - INFO - chord#: 64 In build_straw_man_chord_sa. tolerance = 1, sa_iterations = 1000, initial_temperature = 3.0, cooling_rate = 0.999
26 - INFO - chord#: 51 done. best_score=64.0, changed=610, unchanged=278, early_stops=8/8
26 - INFO - chord#: 52 In build_straw_man_chord_sa. tolerance = 1, sa_iterations = 1000, initial_temperature = 3.0, cooling_rate = 0.999
26 - INFO - chord#: 52 done. best_score=27.0, changed=521, unchanged=336, early_stops=8/8
26 - INFO - chord#: 54 In build_straw_man_chord_sa. tolerance = 1, sa_iterations = 1000, initial_temperature = 3.0, cooling_rate = 0.999
26 - INFO - chord#: 64 done. best_score=27.0, changed=531, unchanged=337, early_stops=8/8
26 - INFO - chord#: 66 In build_straw_man_chord_sa. tolerance = 1, sa_iterations = 1000, initial_temperature = 3.0, cooling_rate = 0.999
26 - INFO - chord#: 54 done. best_score=9.0, changed=480, unchanged=337, early_stops=8/8
26 - INFO - chord#: 56 In build_straw_man_chord_sa. tolerance = 1, sa_iterations = 1000, initial_temperature = 3.0, cooling_rate = 0.999
26 - INFO - chord#: 50 done. best_score=27.0, changed=529, unchanged=342, early_stops=8/8
26 - INFO - chord#: 51 In build_straw_man_chord_sa. tolerance = 1, sa_iterations = 1000, initial_temperature = 3.0, cooling_rate = 0.999
26 - INFO - chord#: 64 done. best_score=27.0, changed=526, unchanged=354, early_stops=8/8
26 - INFO - chord#: 66 In build_straw_man_chord_sa. tolerance = 1, sa_iterations = 1000, initial_temperature = 3.0, cooling_rate = 0.999
26 - INFO - chord#: 64 done. best_score=27.0, changed=523, unchanged=352, early_stops=8/8
26 - INFO - chord#: 66 In build_straw_man_chord_sa. tolerance = 1, sa_iterations = 1000, initial_temperature = 3.0, cooling_rate = 0.999
26 - INFO - chord#: 50 done. best_score=36.0, changed=518, unchanged=320, early_stops=8/8
26 - INFO - chord#: 51 In build_straw_man_chord_sa. tolerance = 1, sa_iterations = 1000, initial_temperature = 3.0, cooling_rate = 0.999
26 - INFO - chord#: 52 done. best_score=27.0, changed=525, unchanged=480, early_stops=8/8
26 - INFO - chord#: 54 In build_straw_man_chord_sa. tolerance = 1, sa_iterations = 1000, initial_temperature = 3.0, cooling_rate = 0.999
26 - INFO - chord#: 51 done. best_score=64.0, changed=611, unchanged=466, early_stops=8/8
26 - INFO - chord#: 52 In build_straw_man_chord_sa. tolerance = 1, sa_iterations = 1000, initial_temperature = 3.0, cooling_rate = 0.999
26 - INFO - chord#: 54 done. best_score=9.0, changed=480, unchanged=361, early_stops=8/8
26 - INFO - chord#: 56 In build_straw_man_chord_sa. tolerance = 1, sa_iterations = 1000, initial_temperature = 3.0, cooling_rate = 0.999
26 - INFO - chord#: 56 done. best_score=27.0, changed=516, unchanged=361, early_stops=8/8
26 - INFO - chord#: 60 In build_straw_man_chord_sa. tolerance = 1, sa_iterations = 1000, initial_temperature = 3.0, cooling_rate = 0.999
26 - INFO - chord#: 50 done. best_score=27.0, changed=526, unchanged=460, early_stops=8/8
26 - INFO - chord#: 51 In build_straw_man_chord_sa. tolerance = 1, sa_iterations = 1000, initial_temperature = 3.0, cooling_rate = 0.999
26 - INFO - chord#: 66 done. best_score=96.0, changed=614, unchanged=350, early_stops=8/8
26 - INFO - chord#: 68 In build_straw_man_chord_sa. tolerance = 1, sa_iterations = 1000, initial_temperature = 3.0, cooling_rate = 0.999
26 - INFO - chord#: 66 done. best_score=96.0, changed=612, unchanged=242, early_stops=8/8
26 - INFO - chord#: 68 In build_straw_man_chord_sa. tolerance = 1, sa_iterations = 1000, initial_temperature = 3.0, cooling_rate = 0.999
26 - INFO - chord#: 60 done. best_score=27.0, changed=519, unchanged=362, early_stops=8/8
26 - INFO - chord#: 64 In build_straw_man_chord_sa. tolerance = 1, sa_iterations = 1000, initial_temperature = 3.0, cooling_rate = 0.999
26 - INFO - chord#: 56 done. best_score=27.0, changed=527, unchanged=381, early_stops=8/8
26 - INFO - chord#: 60 In build_straw_man_chord_sa. tolerance = 1, sa_iterations = 1000, initial_temperature = 3.0, cooling_rate = 0.999
26 - INFO - chord#: 52 done. best_score=27.0, changed=526, unchanged=473, early_stops=8/8
26 - INFO - chord#: 54 In build_straw_man_chord_sa. tolerance = 1, sa_iterations = 1000, initial_temperature = 3.0, cooling_rate = 0.999
26 - INFO - chord#: 66 done. best_score=105.0, changed=612, unchanged=256, early_stops=8/8
26 - INFO - chord#: 68 In build_straw_man_chord_sa. tolerance = 1, sa_iterations = 1000, initial_temperature = 3.0, cooling_rate = 0.999
26 - INFO - chord#: 54 done. best_score=9.0, changed=475, unchanged=353, early_stops=8/8
26 - INFO - chord#: 56 In build_straw_man_chord_sa. tolerance = 1, sa_iterations = 1000, initial_temperature = 3.0, cooling_rate = 0.999
26 - INFO - chord#: 68 done. best_score=27.0, changed=522, unchanged=329, early_stops=8/8
26 - INFO - chord#: 70 In build_straw_man_chord_sa. tolerance = 1, sa_iterations = 1000, initial_temperature = 3.0, cooling_rate = 0.999
26 - INFO - chord#: 51 done. best_score=64.0, changed=620, unchanged=418, early_stops=8/8
26 - INFO - chord#: 52 In build_straw_man_chord_sa. tolerance = 1, sa_iterations = 1000, initial_temperature = 3.0, cooling_rate = 0.999
26 - INFO - chord#: 68 done. best_score=27.0, changed=526, unchanged=441, early_stops=8/8
26 - INFO - chord#: 70 In build_straw_man_chord_sa. tolerance = 1, sa_iterations = 1000, initial_temperature = 3.0, cooling_rate = 0.999
26 - INFO - chord#: 60 done. best_score=27.0, changed=523, unchanged=312, early_stops=8/8
26 - INFO - chord#: 51 done. best_score=104.0, changed=611, unchanged=431, early_stops=8/8
26 - INFO - chord#: 64 In build_straw_man_chord_sa. tolerance = 1, sa_iterations = 1000, initial_temperature = 3.0, cooling_rate = 0.999
26 - INFO - chord#: 52 In build_straw_man_chord_sa. tolerance = 1, sa_iterations = 1000, initial_temperature = 3.0, cooling_rate = 0.999
26 - INFO - chord#: 64 done. best_score=27.0, changed=532, unchanged=408, early_stops=8/8
26 - INFO - chord#: 66 In build_straw_man_chord_sa. tolerance = 1, sa_iterations = 1000, initial_temperature = 3.0, cooling_rate = 0.999
26 - INFO - chord#: 66 done. best_score=93.0, changed=617, unchanged=409, early_stops=8/8
26 - INFO - chord#: 68 In build_straw_man_chord_sa. tolerance = 1, sa_iterations = 1000, initial_temperature = 3.0, cooling_rate = 0.999
26 - INFO - chord#: 51 done. best_score=64.0, changed=610, unchanged=284, early_stops=8/8
26 - INFO - chord#: 52 In build_straw_man_chord_sa. tolerance = 1, sa_iterations = 1000, initial_temperature = 3.0, cooling_rate = 0.999
26 - INFO - chord#: 68 done. best_score=27.0, changed=527, unchanged=478, early_stops=8/8
26 - INFO - chord#: 70 In build_straw_man_chord_sa. tolerance = 1, sa_iterations = 1000, initial_temperature = 3.0, cooling_rate = 0.999
26 - INFO - chord#: 70 done. best_score=27.0, changed=525, unchanged=347, early_stops=8/8
26 - INFO - chord#: 72 In build_straw_man_chord_sa. tolerance = 1, sa_iterations = 1000, initial_temperature = 3.0, cooling_rate = 0.999
26 - INFO - chord#: 51 done. best_score=71.0, changed=613, unchanged=361, early_stops=8/8
26 - INFO - chord#: 52 In build_straw_man_chord_sa. tolerance = 1, sa_iterations = 1000, initial_temperature = 3.0, cooling_rate = 0.999
26 - INFO - chord#: 70 done. best_score=27.0, changed=521, unchanged=324, early_stops=8/8
26 - INFO - chord#: 72 In build_straw_man_chord_sa. tolerance = 1, sa_iterations = 1000, initial_temperature = 3.0, cooling_rate = 0.999
26 - INFO - chord#: 52 done. best_score=27.0, changed=517, unchanged=346, early_stops=8/8
26 - INFO - chord#: 54 In build_straw_man_chord_sa. tolerance = 1, sa_iterations = 1000, initial_temperature = 3.0, cooling_rate = 0.999
26 - INFO - chord#: 56 done. best_score=27.0, changed=522, unchanged=425, early_stops=8/8
26 - INFO - chord#: 60 In build_straw_man_chord_sa. tolerance = 1, sa_iterations = 1000, initial_temperature = 3.0, cooling_rate = 0.999
26 - INFO - chord#: 52 done. best_score=80.0, changed=526, unchanged=345, early_stops=8/8
26 - INFO - chord#: 54 In build_straw_man_chord_sa. tolerance = 1, sa_iterations = 1000, initial_temperature = 3.0, cooling_rate = 0.999
26 - INFO - chord#: 64 done. best_score=27.0, changed=518, unchanged=340, early_stops=8/8
26 - INFO - chord#: 66 In build_straw_man_chord_sa. tolerance = 1, sa_iterations = 1000, initial_temperature = 3.0, cooling_rate = 0.999
26 - INFO - chord#: 68 done. best_score=27.0, changed=532, unchanged=535, early_stops=8/8
26 - INFO - chord#: 70 In build_straw_man_chord_sa. tolerance = 1, sa_iterations = 1000, initial_temperature = 3.0, cooling_rate = 0.999
26 - INFO - chord#: 70 done. best_score=27.0, changed=520, unchanged=310, early_stops=8/8
26 - INFO - chord#: 72 In build_straw_man_chord_sa. tolerance = 1, sa_iterations = 1000, initial_temperature = 3.0, cooling_rate = 0.999
26 - INFO - chord#: 54 done. best_score=9.0, changed=470, unchanged=347, early_stops=8/8
26 - INFO - chord#: 56 In build_straw_man_chord_sa. tolerance = 1, sa_iterations = 1000, initial_temperature = 3.0, cooling_rate = 0.999
26 - INFO - chord#: 51 done. best_score=64.0, changed=613, unchanged=459, early_stops=8/8
26 - INFO - chord#: 52 In build_straw_man_chord_sa. tolerance = 1, sa_iterations = 1000, initial_temperature = 3.0, cooling_rate = 0.999
26 - INFO - chord#: 54 done. best_score=9.0, changed=517, unchanged=294, early_stops=8/8
26 - INFO - chord#: 56 In build_straw_man_chord_sa. tolerance = 1, sa_iterations = 1000, initial_temperature = 3.0, cooling_rate = 0.999
26 - INFO - chord#: 52 done. best_score=27.0, changed=530, unchanged=378, early_stops=8/8
26 - INFO - chord#: 54 In build_straw_man_chord_sa. tolerance = 1, sa_iterations = 1000, initial_temperature = 3.0, cooling_rate = 0.999
26 - INFO - chord#: 72 done. best_score=27.0, changed=520, unchanged=332, early_stops=8/8
26 - INFO - chord#: 74 In build_straw_man_chord_sa. tolerance = 1, sa_iterations = 1000, initial_temperature = 3.0, cooling_rate = 0.999
26 - INFO - chord#: 52 done. best_score=27.0, changed=515, unchanged=299, early_stops=8/8
26 - INFO - chord#: 54 In build_straw_man_chord_sa. tolerance = 1, sa_iterations = 1000, initial_temperature = 3.0, cooling_rate = 0.999
26 - INFO - chord#: 72 done. best_score=27.0, changed=532, unchanged=393, early_stops=8/8
26 - INFO - chord#: 74 In build_straw_man_chord_sa. tolerance = 1, sa_iterations = 1000, initial_temperature = 3.0, cooling_rate = 0.999
26 - INFO - chord#: 54 done. best_score=9.0, changed=472, unchanged=345, early_stops=8/8
26 - INFO - chord#: 56 In build_straw_man_chord_sa. tolerance = 1, sa_iterations = 1000, initial_temperature = 3.0, cooling_rate = 0.999
26 - INFO - chord#: 60 done. best_score=27.0, changed=526, unchanged=357, early_stops=8/8
26 - INFO - chord#: 64 In build_straw_man_chord_sa. tolerance = 1, sa_iterations = 1000, initial_temperature = 3.0, cooling_rate = 0.999
26 - INFO - chord#: 54 done. best_score=9.0, changed=464, unchanged=352, early_stops=8/8
26 - INFO - chord#: 56 In build_straw_man_chord_sa. tolerance = 1, sa_iterations = 1000, initial_temperature = 3.0, cooling_rate = 0.999
26 - INFO - chord#: 70 done. best_score=27.0, changed=535, unchanged=388, early_stops=8/8
26 - INFO - chord#: 72 In build_straw_man_chord_sa. tolerance = 1, sa_iterations = 1000, initial_temperature = 3.0, cooling_rate = 0.999
26 - INFO - chord#: 66 done. best_score=93.0, changed=611, unchanged=265, early_stops=8/8
26 - INFO - chord#: 68 In build_straw_man_chord_sa. tolerance = 1, sa_iterations = 1000, initial_temperature = 3.0, cooling_rate = 0.999
26 - INFO - chord#: 72 done. best_score=27.0, changed=535, unchanged=385, early_stops=8/8
26 - INFO - chord#: 74 In build_straw_man_chord_sa. tolerance = 1, sa_iterations = 1000, initial_temperature = 3.0, cooling_rate = 0.999
26 - INFO - chord#: 74 done. best_score=31.0, changed=522, unchanged=303, early_stops=8/8
26 - INFO - chord#: 76 In build_straw_man_chord_sa. tolerance = 1, sa_iterations = 1000, initial_temperature = 3.0, cooling_rate = 0.999
26 - INFO - chord#: 52 done. best_score=27.0, changed=520, unchanged=359, early_stops=8/8
26 - INFO - chord#: 54 In build_straw_man_chord_sa. tolerance = 1, sa_iterations = 1000, initial_temperature = 3.0, cooling_rate = 0.999
26 - INFO - chord#: 56 done. best_score=27.0, changed=529, unchanged=347, early_stops=8/8
26 - INFO - chord#: 60 In build_straw_man_chord_sa. tolerance = 1, sa_iterations = 1000, initial_temperature = 3.0, cooling_rate = 0.999
26 - INFO - chord#: 74 done. best_score=31.0, changed=528, unchanged=357, early_stops=8/8
26 - INFO - chord#: 76 In build_straw_man_chord_sa. tolerance = 1, sa_iterations = 1000, initial_temperature = 3.0, cooling_rate = 0.999
26 - INFO - chord#: 54 done. best_score=9.0, changed=486, unchanged=345, early_stops=8/8
26 - INFO - chord#: 56 In build_straw_man_chord_sa. tolerance = 1, sa_iterations = 1000, initial_temperature = 3.0, cooling_rate = 0.999
26 - INFO - chord#: 56 done. best_score=27.0, changed=512, unchanged=445, early_stops=8/8
26 - INFO - chord#: 60 In build_straw_man_chord_sa. tolerance = 1, sa_iterations = 1000, initial_temperature = 3.0, cooling_rate = 0.999
26 - INFO - chord#: 68 done. best_score=27.0, changed=530, unchanged=356, early_stops=8/8
26 - INFO - chord#: 70 In build_straw_man_chord_sa. tolerance = 1, sa_iterations = 1000, initial_temperature = 3.0, cooling_rate = 0.999
26 - INFO - chord#: 64 done. best_score=27.0, changed=521, unchanged=342, early_stops=8/8
26 - INFO - chord#: 66 In build_straw_man_chord_sa. tolerance = 1, sa_iterations = 1000, initial_temperature = 3.0, cooling_rate = 0.999
26 - INFO - chord#: 72 done. best_score=27.0, changed=523, unchanged=371, early_stops=8/8
26 - INFO - chord#: 74 In build_straw_man_chord_sa. tolerance = 1, sa_iterations = 1000, initial_temperature = 3.0, cooling_rate = 0.999
26 - INFO - chord#: 74 done. best_score=31.0, changed=526, unchanged=351, early_stops=8/8
26 - INFO - chord#: 76 In build_straw_man_chord_sa. tolerance = 1, sa_iterations = 1000, initial_temperature = 3.0, cooling_rate = 0.999
26 - INFO - chord#: 56 done. best_score=27.0, changed=526, unchanged=411, early_stops=8/8
26 - INFO - chord#: 60 In build_straw_man_chord_sa. tolerance = 1, sa_iterations = 1000, initial_temperature = 3.0, cooling_rate = 0.999
26 - INFO - chord#: 76 done. best_score=31.0, changed=535, unchanged=342, early_stops=8/8
26 - INFO - chord#: 78 In build_straw_man_chord_sa. tolerance = 1, sa_iterations = 1000, initial_temperature = 3.0, cooling_rate = 0.999
26 - INFO - chord#: 56 done. best_score=27.0, changed=527, unchanged=346, early_stops=8/8
26 - INFO - chord#: 60 In build_straw_man_chord_sa. tolerance = 1, sa_iterations = 1000, initial_temperature = 3.0, cooling_rate = 0.999
26 - INFO - chord#: 66 done. best_score=93.0, changed=619, unchanged=350, early_stops=8/8
26 - INFO - chord#: 68 In build_straw_man_chord_sa. tolerance = 1, sa_iterations = 1000, initial_temperature = 3.0, cooling_rate = 0.999
26 - INFO - chord#: 76 done. best_score=31.0, changed=534, unchanged=292, early_stops=8/8
26 - INFO - chord#: 78 In build_straw_man_chord_sa. tolerance = 1, sa_iterations = 1000, initial_temperature = 3.0, cooling_rate = 0.999
26 - INFO - chord#: 60 done. best_score=27.0, changed=522, unchanged=333, early_stops=8/8
26 - INFO - chord#: 64 In build_straw_man_chord_sa. tolerance = 1, sa_iterations = 1000, initial_temperature = 3.0, cooling_rate = 0.999
26 - INFO - chord#: 74 done. best_score=31.0, changed=525, unchanged=300, early_stops=8/8
26 - INFO - chord#: 76 In build_straw_man_chord_sa. tolerance = 1, sa_iterations = 1000, initial_temperature = 3.0, cooling_rate = 0.999
26 - INFO - chord#: 60 done. best_score=27.0, changed=525, unchanged=363, early_stops=8/8
26 - INFO - chord#: 70 done. best_score=27.0, changed=529, unchanged=372, early_stops=8/8
26 - INFO - chord#: 64 In build_straw_man_chord_sa. tolerance = 1, sa_iterations = 1000, initial_temperature = 3.0, cooling_rate = 0.999
26 - INFO - chord#: 72 In build_straw_man_chord_sa. tolerance = 1, sa_iterations = 1000, initial_temperature = 3.0, cooling_rate = 0.999
26 - INFO - chord#: 76 done. best_score=31.0, changed=541, unchanged=342, early_stops=8/8
26 - INFO - chord#: 78 In build_straw_man_chord_sa. tolerance = 1, sa_iterations = 1000, initial_temperature = 3.0, cooling_rate = 0.999
26 - INFO - chord#: 56 done. best_score=27.0, changed=529, unchanged=446, early_stops=8/8
26 - INFO - chord#: 60 In build_straw_man_chord_sa. tolerance = 1, sa_iterations = 1000, initial_temperature = 3.0, cooling_rate = 0.999
26 - INFO - chord#: 78 done. best_score=27.0, changed=522, unchanged=328, early_stops=8/8
26 - INFO - chord#: 80 In build_straw_man_chord_sa. tolerance = 1, sa_iterations = 1000, initial_temperature = 3.0, cooling_rate = 0.999
26 - INFO - chord#: 68 done. best_score=27.0, changed=526, unchanged=408, early_stops=8/8
26 - INFO - chord#: 70 In build_straw_man_chord_sa. tolerance = 1, sa_iterations = 1000, initial_temperature = 3.0, cooling_rate = 0.999
26 - INFO - chord#: 78 done. best_score=27.0, changed=526, unchanged=307, early_stops=8/8
26 - INFO - chord#: 80 In build_straw_man_chord_sa. tolerance = 1, sa_iterations = 1000, initial_temperature = 3.0, cooling_rate = 0.999
26 - INFO - chord#: 60 done. best_score=27.0, changed=532, unchanged=397, early_stops=8/8
26 - INFO - chord#: 64 In build_straw_man_chord_sa. tolerance = 1, sa_iterations = 1000, initial_temperature = 3.0, cooling_rate = 0.999
26 - INFO - chord#: 60 done. best_score=27.0, changed=532, unchanged=361, early_stops=8/8
26 - INFO - chord#: 64 In build_straw_man_chord_sa. tolerance = 1, sa_iterations = 1000, initial_temperature = 3.0, cooling_rate = 0.999
26 - INFO - chord#: 64 done. best_score=27.0, changed=527, unchanged=397, early_stops=8/8
26 - INFO - chord#: 66 In build_straw_man_chord_sa. tolerance = 1, sa_iterations = 1000, initial_temperature = 3.0, cooling_rate = 0.999
26 - INFO - chord#: 76 done. best_score=31.0, changed=540, unchanged=396, early_stops=8/8
26 - INFO - chord#: 78 In build_straw_man_chord_sa. tolerance = 1, sa_iterations = 1000, initial_temperature = 3.0, cooling_rate = 0.999
26 - INFO - chord#: 72 done. best_score=27.0, changed=536, unchanged=316, early_stops=8/8
26 - INFO - chord#: 74 In build_straw_man_chord_sa. tolerance = 1, sa_iterations = 1000, initial_temperature = 3.0, cooling_rate = 0.999
26 - INFO - chord#: 64 done. best_score=27.0, changed=527, unchanged=319, early_stops=8/8
26 - INFO - chord#: 66 In build_straw_man_chord_sa. tolerance = 1, sa_iterations = 1000, initial_temperature = 3.0, cooling_rate = 0.999
26 - INFO - chord#: 78 done. best_score=27.0, changed=528, unchanged=399, early_stops=8/8
26 - INFO - chord#: 80 In build_straw_man_chord_sa. tolerance = 1, sa_iterations = 1000, initial_temperature = 3.0, cooling_rate = 0.999
26 - INFO - chord#: 80 done. best_score=31.0, changed=525, unchanged=328, early_stops=8/8
26 - INFO - chord#: 82 In build_straw_man_chord_sa. tolerance = 1, sa_iterations = 1000, initial_temperature = 3.0, cooling_rate = 0.999
26 - INFO - chord#: 70 done. best_score=27.0, changed=527, unchanged=450, early_stops=8/8
26 - INFO - chord#: 72 In build_straw_man_chord_sa. tolerance = 1, sa_iterations = 1000, initial_temperature = 3.0, cooling_rate = 0.999
26 - INFO - chord#: 80 done. best_score=31.0, changed=527, unchanged=438, early_stops=8/8
26 - INFO - chord#: 82 In build_straw_man_chord_sa. tolerance = 1, sa_iterations = 1000, initial_temperature = 3.0, cooling_rate = 0.999
26 - INFO - chord#: 60 done. best_score=27.0, changed=530, unchanged=394, early_stops=8/8
26 - INFO - chord#: 64 In build_straw_man_chord_sa. tolerance = 1, sa_iterations = 1000, initial_temperature = 3.0, cooling_rate = 0.999
26 - INFO - chord#: 64 done. best_score=27.0, changed=516, unchanged=351, early_stops=8/8
26 - INFO - chord#: 66 In build_straw_man_chord_sa. tolerance = 1, sa_iterations = 1000, initial_temperature = 3.0, cooling_rate = 0.999
26 - INFO - chord#: 64 done. best_score=27.0, changed=541, unchanged=391, early_stops=8/8
26 - INFO - chord#: 66 In build_straw_man_chord_sa. tolerance = 1, sa_iterations = 1000, initial_temperature = 3.0, cooling_rate = 0.999
26 - INFO - chord#: 74 done. best_score=31.0, changed=521, unchanged=323, early_stops=8/8
26 - INFO - chord#: 76 In build_straw_man_chord_sa. tolerance = 1, sa_iterations = 1000, initial_temperature = 3.0, cooling_rate = 0.999
26 - INFO - chord#: 78 done. best_score=27.0, changed=525, unchanged=375, early_stops=8/8
26 - INFO - chord#: 80 In build_straw_man_chord_sa. tolerance = 1, sa_iterations = 1000, initial_temperature = 3.0, cooling_rate = 0.999
26 - INFO - chord#: 80 done. best_score=31.0, changed=524, unchanged=384, early_stops=8/8
26 - INFO - chord#: 82 In build_straw_man_chord_sa. tolerance = 1, sa_iterations = 1000, initial_temperature = 3.0, cooling_rate = 0.999
26 - INFO - chord#: 82 done. best_score=31.0, changed=524, unchanged=368, early_stops=8/8
26 - INFO - chord#: 84 In build_straw_man_chord_sa. tolerance = 1, sa_iterations = 1000, initial_temperature = 3.0, cooling_rate = 0.999
26 - INFO - chord#: 72 done. best_score=27.0, changed=526, unchanged=369, early_stops=8/8
26 - INFO - chord#: 74 In build_straw_man_chord_sa. tolerance = 1, sa_iterations = 1000, initial_temperature = 3.0, cooling_rate = 0.999
26 - INFO - chord#: 82 done. best_score=31.0, changed=516, unchanged=457, early_stops=8/8
26 - INFO - chord#: 84 In build_straw_man_chord_sa. tolerance = 1, sa_iterations = 1000, initial_temperature = 3.0, cooling_rate = 0.999
26 - INFO - chord#: 64 done. best_score=27.0, changed=527, unchanged=321, early_stops=8/8
26 - INFO - chord#: 66 In build_straw_man_chord_sa. tolerance = 1, sa_iterations = 1000, initial_temperature = 3.0, cooling_rate = 0.999
26 - INFO - chord#: 66 done. best_score=93.0, changed=617, unchanged=523, early_stops=8/8
26 - INFO - chord#: 68 In build_straw_man_chord_sa. tolerance = 1, sa_iterations = 1000, initial_temperature = 3.0, cooling_rate = 0.999
26 - INFO - chord#: 76 done. best_score=31.0, changed=533, unchanged=312, early_stops=8/8
26 - INFO - chord#: 78 In build_straw_man_chord_sa. tolerance = 1, sa_iterations = 1000, initial_temperature = 3.0, cooling_rate = 0.999
26 - INFO - chord#: 80 done. best_score=31.0, changed=522, unchanged=344, early_stops=8/8
26 - INFO - chord#: 82 In build_straw_man_chord_sa. tolerance = 1, sa_iterations = 1000, initial_temperature = 3.0, cooling_rate = 0.999
26 - INFO - chord#: 82 done. best_score=31.0, changed=514, unchanged=330, early_stops=8/8
26 - INFO - chord#: 84 In build_straw_man_chord_sa. tolerance = 1, sa_iterations = 1000, initial_temperature = 3.0, cooling_rate = 0.999
26 - INFO - chord#: 74 done. best_score=31.0, changed=523, unchanged=292, early_stops=8/8
26 - INFO - chord#: 76 In build_straw_man_chord_sa. tolerance = 1, sa_iterations = 1000, initial_temperature = 3.0, cooling_rate = 0.999
26 - INFO - chord#: 84 done. best_score=27.0, changed=516, unchanged=434, early_stops=8/8
26 - INFO - chord#: 86 In build_straw_man_chord_sa. tolerance = 1, sa_iterations = 1000, initial_temperature = 3.0, cooling_rate = 0.999
26 - INFO - chord#: 66 done. best_score=94.0, changed=611, unchanged=259, early_stops=8/8
26 - INFO - chord#: 68 In build_straw_man_chord_sa. tolerance = 1, sa_iterations = 1000, initial_temperature = 3.0, cooling_rate = 0.999
26 - INFO - chord#: 84 done. best_score=27.0, changed=519, unchanged=433, early_stops=8/8
26 - INFO - chord#: 86 In build_straw_man_chord_sa. tolerance = 1, sa_iterations = 1000, initial_temperature = 3.0, cooling_rate = 0.999
26 - INFO - chord#: 68 done. best_score=27.0, changed=525, unchanged=379, early_stops=8/8
26 - INFO - chord#: 70 In build_straw_man_chord_sa. tolerance = 1, sa_iterations = 1000, initial_temperature = 3.0, cooling_rate = 0.999
26 - INFO - chord#: 78 done. best_score=27.0, changed=523, unchanged=353, early_stops=8/8
26 - INFO - chord#: 80 In build_straw_man_chord_sa. tolerance = 1, sa_iterations = 1000, initial_temperature = 3.0, cooling_rate = 0.999
26 - INFO - chord#: 82 done. best_score=31.0, changed=535, unchanged=378, early_stops=8/8
26 - INFO - chord#: 84 In build_straw_man_chord_sa. tolerance = 1, sa_iterations = 1000, initial_temperature = 3.0, cooling_rate = 0.999
26 - INFO - chord#: 66 done. best_score=105.0, changed=606, unchanged=337, early_stops=8/8
26 - INFO - chord#: 68 In build_straw_man_chord_sa. tolerance = 1, sa_iterations = 1000, initial_temperature = 3.0, cooling_rate = 0.999
26 - INFO - chord#: 66 done. best_score=93.0, changed=608, unchanged=239, early_stops=8/8
26 - INFO - chord#: 68 In build_straw_man_chord_sa. tolerance = 1, sa_iterations = 1000, initial_temperature = 3.0, cooling_rate = 0.999
26 - INFO - chord#: 84 done. best_score=27.0, changed=514, unchanged=421, early_stops=8/8
26 - INFO - chord#: 86 In build_straw_man_chord_sa. tolerance = 1, sa_iterations = 1000, initial_temperature = 3.0, cooling_rate = 0.999
26 - INFO - chord#: 76 done. best_score=31.0, changed=528, unchanged=311, early_stops=8/8
26 - INFO - chord#: 78 In build_straw_man_chord_sa. tolerance = 1, sa_iterations = 1000, initial_temperature = 3.0, cooling_rate = 0.999
26 - INFO - chord#: 66 done. best_score=93.0, changed=609, unchanged=268, early_stops=8/8
26 - INFO - chord#: 68 In build_straw_man_chord_sa. tolerance = 1, sa_iterations = 1000, initial_temperature = 3.0, cooling_rate = 0.999
26 - INFO - chord#: 68 done. best_score=27.0, changed=532, unchanged=358, early_stops=8/8
26 - INFO - chord#: 70 In build_straw_man_chord_sa. tolerance = 1, sa_iterations = 1000, initial_temperature = 3.0, cooling_rate = 0.999
26 - INFO - chord#: 80 done. best_score=31.0, changed=527, unchanged=417, early_stops=8/8
26 - INFO - chord#: 82 In build_straw_man_chord_sa. tolerance = 1, sa_iterations = 1000, initial_temperature = 3.0, cooling_rate = 0.999
26 - INFO - chord#: 70 done. best_score=27.0, changed=532, unchanged=360, early_stops=8/8
26 - INFO - chord#: 72 In build_straw_man_chord_sa. tolerance = 1, sa_iterations = 1000, initial_temperature = 3.0, cooling_rate = 0.999
26 - INFO - chord#: 84 done. best_score=27.0, changed=519, unchanged=425, early_stops=8/8
26 - INFO - chord#: 86 In build_straw_man_chord_sa. tolerance = 1, sa_iterations = 1000, initial_temperature = 3.0, cooling_rate = 0.999
26 - INFO - chord#: 78 done. best_score=27.0, changed=526, unchanged=364, early_stops=8/8
26 - INFO - chord#: 80 In build_straw_man_chord_sa. tolerance = 1, sa_iterations = 1000, initial_temperature = 3.0, cooling_rate = 0.999
26 - INFO - chord#: 68 done. best_score=27.0, changed=529, unchanged=388, early_stops=8/8
26 - INFO - chord#: 70 In build_straw_man_chord_sa. tolerance = 1, sa_iterations = 1000, initial_temperature = 3.0, cooling_rate = 0.999
26 - INFO - chord#: 68 done. best_score=27.0, changed=524, unchanged=407, early_stops=8/8
26 - INFO - chord#: 70 In build_straw_man_chord_sa. tolerance = 1, sa_iterations = 1000, initial_temperature = 3.0, cooling_rate = 0.999
26 - INFO - chord#: 66 done. best_score=93.0, changed=619, unchanged=364, early_stops=8/8
26 - INFO - chord#: 68 In build_straw_man_chord_sa. tolerance = 1, sa_iterations = 1000, initial_temperature = 3.0, cooling_rate = 0.999
26 - INFO - chord#: 70 done. best_score=27.0, changed=528, unchanged=316, early_stops=8/8
26 - INFO - chord#: 68 done. best_score=27.0, changed=536, unchanged=605, early_stops=8/8
26 - INFO - chord#: 72 In build_straw_man_chord_sa. tolerance = 1, sa_iterations = 1000, initial_temperature = 3.0, cooling_rate = 0.999
26 - INFO - chord#: 70 In build_straw_man_chord_sa. tolerance = 1, sa_iterations = 1000, initial_temperature = 3.0, cooling_rate = 0.999
26 - INFO - chord#: 82 done. best_score=31.0, changed=522, unchanged=398, early_stops=8/8
26 - INFO - chord#: 84 In build_straw_man_chord_sa. tolerance = 1, sa_iterations = 1000, initial_temperature = 3.0, cooling_rate = 0.999
26 - INFO - chord#: 86 done. best_score=144.0, changed=610, unchanged=338, early_stops=8/8
26 - INFO - chord#: 87 In build_straw_man_chord_sa. tolerance = 1, sa_iterations = 1000, initial_temperature = 3.0, cooling_rate = 0.999
26 - INFO - chord#: 86 done. best_score=116.0, changed=613, unchanged=327, early_stops=8/8
26 - INFO - chord#: 87 In build_straw_man_chord_sa. tolerance = 1, sa_iterations = 1000, initial_temperature = 3.0, cooling_rate = 0.999
26 - INFO - chord#: 80 done. best_score=31.0, changed=526, unchanged=412, early_stops=8/8
26 - INFO - chord#: 82 In build_straw_man_chord_sa. tolerance = 1, sa_iterations = 1000, initial_temperature = 3.0, cooling_rate = 0.999
26 - INFO - chord#: 72 done. best_score=27.0, changed=516, unchanged=383, early_stops=8/8
26 - INFO - chord#: 74 In build_straw_man_chord_sa. tolerance = 1, sa_iterations = 1000, initial_temperature = 3.0, cooling_rate = 0.999
26 - INFO - chord#: 70 done. best_score=27.0, changed=522, unchanged=313, early_stops=8/8
26 - INFO - chord#: 72 In build_straw_man_chord_sa. tolerance = 1, sa_iterations = 1000, initial_temperature = 3.0, cooling_rate = 0.999
26 - INFO - chord#: 70 done. best_score=27.0, changed=515, unchanged=327, early_stops=8/8
26 - INFO - chord#: 72 In build_straw_man_chord_sa. tolerance = 1, sa_iterations = 1000, initial_temperature = 3.0, cooling_rate = 0.999
26 - INFO - chord#: 86 done. best_score=113.0, changed=618, unchanged=340, early_stops=8/8
26 - INFO - chord#: 87 In build_straw_man_chord_sa. tolerance = 1, sa_iterations = 1000, initial_temperature = 3.0, cooling_rate = 0.999
26 - INFO - chord#: 68 done. best_score=27.0, changed=524, unchanged=468, early_stops=8/8
26 - INFO - chord#: 70 done. best_score=27.0, changed=523, unchanged=304, early_stops=8/8
26 - INFO - chord#: 70 In build_straw_man_chord_sa. tolerance = 1, sa_iterations = 1000, initial_temperature = 3.0, cooling_rate = 0.999
26 - INFO - chord#: 72 In build_straw_man_chord_sa. tolerance = 1, sa_iterations = 1000, initial_temperature = 3.0, cooling_rate = 0.999
26 - INFO - chord#: 84 done. best_score=27.0, changed=527, unchanged=455, early_stops=8/8
26 - INFO - chord#: 86 In build_straw_man_chord_sa. tolerance = 1, sa_iterations = 1000, initial_temperature = 3.0, cooling_rate = 0.999
26 - INFO - chord#: 82 done. best_score=31.0, changed=530, unchanged=403, early_stops=8/8
26 - INFO - chord#: 84 In build_straw_man_chord_sa. tolerance = 1, sa_iterations = 1000, initial_temperature = 3.0, cooling_rate = 0.999
26 - INFO - chord#: 72 done. best_score=27.0, changed=524, unchanged=498, early_stops=8/8
26 - INFO - chord#: 74 In build_straw_man_chord_sa. tolerance = 1, sa_iterations = 1000, initial_temperature = 3.0, cooling_rate = 0.999
26 - INFO - chord#: 74 done. best_score=31.0, changed=528, unchanged=358, early_stops=8/8
26 - INFO - chord#: 76 In build_straw_man_chord_sa. tolerance = 1, sa_iterations = 1000, initial_temperature = 3.0, cooling_rate = 0.999
26 - INFO - chord#: 72 done. best_score=27.0, changed=526, unchanged=298, early_stops=8/8
26 - INFO - chord#: 74 In build_straw_man_chord_sa. tolerance = 1, sa_iterations = 1000, initial_temperature = 3.0, cooling_rate = 0.999
26 - INFO - chord#: 72 done. best_score=27.0, changed=518, unchanged=367, early_stops=8/8
26 - INFO - chord#: 74 In build_straw_man_chord_sa. tolerance = 1, sa_iterations = 1000, initial_temperature = 3.0, cooling_rate = 0.999
26 - INFO - chord#: 86 done. best_score=105.0, changed=612, unchanged=379, early_stops=8/8
26 - INFO - chord#: 87 In build_straw_man_chord_sa. tolerance = 1, sa_iterations = 1000, initial_temperature = 3.0, cooling_rate = 0.999
26 - INFO - chord#: 70 done. best_score=27.0, changed=519, unchanged=350, early_stops=8/8
26 - INFO - chord#: 72 In build_straw_man_chord_sa. tolerance = 1, sa_iterations = 1000, initial_temperature = 3.0, cooling_rate = 0.999
26 - INFO - chord#: 72 done. best_score=27.0, changed=523, unchanged=378, early_stops=8/8
26 - INFO - chord#: 74 In build_straw_man_chord_sa. tolerance = 1, sa_iterations = 1000, initial_temperature = 3.0, cooling_rate = 0.999
26 - INFO - chord#: 84 done. best_score=27.0, changed=534, unchanged=581, early_stops=8/8
26 - INFO - chord#: 86 In build_straw_man_chord_sa. tolerance = 1, sa_iterations = 1000, initial_temperature = 3.0, cooling_rate = 0.999
26 - INFO - chord#: 87 done. best_score=74.0, changed=620, unchanged=325, early_stops=8/8
26 - INFO - chord#: 88 In build_straw_man_chord_sa. tolerance = 1, sa_iterations = 1000, initial_temperature = 3.0, cooling_rate = 0.999
26 - INFO - chord#: 74 done. best_score=31.0, changed=533, unchanged=433, early_stops=8/8
26 - INFO - chord#: 76 In build_straw_man_chord_sa. tolerance = 1, sa_iterations = 1000, initial_temperature = 3.0, cooling_rate = 0.999
26 - INFO - chord#: 76 done. best_score=31.0, changed=527, unchanged=296, early_stops=8/8
26 - INFO - chord#: 78 In build_straw_man_chord_sa. tolerance = 1, sa_iterations = 1000, initial_temperature = 3.0, cooling_rate = 0.999
26 - INFO - chord#: 74 done. best_score=31.0, changed=537, unchanged=309, early_stops=8/8
26 - INFO - chord#: 76 In build_straw_man_chord_sa. tolerance = 1, sa_iterations = 1000, initial_temperature = 3.0, cooling_rate = 0.999
26 - INFO - chord#: 74 done. best_score=31.0, changed=538, unchanged=354, early_stops=8/8
26 - INFO - chord#: 76 In build_straw_man_chord_sa. tolerance = 1, sa_iterations = 1000, initial_temperature = 3.0, cooling_rate = 0.999
26 - INFO - chord#: 87 done. best_score=141.0, changed=619, unchanged=468, early_stops=8/8
26 - INFO - chord#: 88 In build_straw_man_chord_sa. tolerance = 1, sa_iterations = 1000, initial_temperature = 3.0, cooling_rate = 0.999
26 - INFO - chord#: 72 done. best_score=27.0, changed=521, unchanged=346, early_stops=8/8
26 - INFO - chord#: 74 In build_straw_man_chord_sa. tolerance = 1, sa_iterations = 1000, initial_temperature = 3.0, cooling_rate = 0.999
26 - INFO - chord#: 88 done. best_score=27.0, changed=538, unchanged=356, early_stops=8/8
26 - INFO - chord#: 96 In build_straw_man_chord_sa. tolerance = 1, sa_iterations = 1000, initial_temperature = 3.0, cooling_rate = 0.999
26 - INFO - chord#: 74 done. best_score=31.0, changed=541, unchanged=423, early_stops=8/8
26 - INFO - chord#: 76 In build_straw_man_chord_sa. tolerance = 1, sa_iterations = 1000, initial_temperature = 3.0, cooling_rate = 0.999
26 - INFO - chord#: 86 done. best_score=111.0, changed=617, unchanged=294, early_stops=8/8
26 - INFO - chord#: 87 In build_straw_man_chord_sa. tolerance = 1, sa_iterations = 1000, initial_temperature = 3.0, cooling_rate = 0.999
26 - INFO - chord#: 76 done. best_score=31.0, changed=522, unchanged=365, early_stops=8/8
26 - INFO - chord#: 78 In build_straw_man_chord_sa. tolerance = 1, sa_iterations = 1000, initial_temperature = 3.0, cooling_rate = 0.999
26 - INFO - chord#: 87 done. best_score=149.0, changed=613, unchanged=385, early_stops=8/8
26 - INFO - chord#: 88 In build_straw_man_chord_sa. tolerance = 1, sa_iterations = 1000, initial_temperature = 3.0, cooling_rate = 0.999
26 - INFO - chord#: 88 done. best_score=36.0, changed=528, unchanged=335, early_stops=8/8
26 - INFO - chord#: 96 In build_straw_man_chord_sa. tolerance = 1, sa_iterations = 1000, initial_temperature = 3.0, cooling_rate = 0.999
26 - INFO - chord#: 76 done. best_score=31.0, changed=536, unchanged=293, early_stops=8/8
26 - INFO - chord#: 78 In build_straw_man_chord_sa. tolerance = 1, sa_iterations = 1000, initial_temperature = 3.0, cooling_rate = 0.999
26 - INFO - chord#: 78 done. best_score=27.0, changed=530, unchanged=357, early_stops=8/8
26 - INFO - chord#: 80 In build_straw_man_chord_sa. tolerance = 1, sa_iterations = 1000, initial_temperature = 3.0, cooling_rate = 0.999
26 - INFO - chord#: 87 done. best_score=74.0, changed=614, unchanged=318, early_stops=8/8
26 - INFO - chord#: 88 In build_straw_man_chord_sa. tolerance = 1, sa_iterations = 1000, initial_temperature = 3.0, cooling_rate = 0.999
26 - INFO - chord#: 76 done. best_score=31.0, changed=535, unchanged=362, early_stops=8/8
26 - INFO - chord#: 78 In build_straw_man_chord_sa. tolerance = 1, sa_iterations = 1000, initial_temperature = 3.0, cooling_rate = 0.999
26 - INFO - chord#: 96 done. best_score=27.0, changed=522, unchanged=329, early_stops=8/8
26 - INFO - chord#: 98 In build_straw_man_chord_sa. tolerance = 1, sa_iterations = 1000, initial_temperature = 3.0, cooling_rate = 0.999
26 - INFO - chord#: 74 done. best_score=31.0, changed=537, unchanged=340, early_stops=8/8
26 - INFO - chord#: 76 In build_straw_man_chord_sa. tolerance = 1, sa_iterations = 1000, initial_temperature = 3.0, cooling_rate = 0.999
26 - INFO - chord#: 76 done. best_score=31.0, changed=526, unchanged=321, early_stops=8/8
26 - INFO - chord#: 78 In build_straw_man_chord_sa. tolerance = 1, sa_iterations = 1000, initial_temperature = 3.0, cooling_rate = 0.999
26 - INFO - chord#: 96 done. best_score=36.0, changed=539, unchanged=329, early_stops=8/8
26 - INFO - chord#: 98 In build_straw_man_chord_sa. tolerance = 1, sa_iterations = 1000, initial_temperature = 3.0, cooling_rate = 0.999
26 - INFO - chord#: 88 done. best_score=27.0, changed=541, unchanged=508, early_stops=8/8
26 - INFO - chord#: 96 In build_straw_man_chord_sa. tolerance = 1, sa_iterations = 1000, initial_temperature = 3.0, cooling_rate = 0.999
26 - INFO - chord#: 78 done. best_score=27.0, changed=519, unchanged=310, early_stops=8/8
26 - INFO - chord#: 80 In build_straw_man_chord_sa. tolerance = 1, sa_iterations = 1000, initial_temperature = 3.0, cooling_rate = 0.999
26 - INFO - chord#: 88 done. best_score=27.0, changed=531, unchanged=310, early_stops=8/8
26 - INFO - chord#: 96 In build_straw_man_chord_sa. tolerance = 1, sa_iterations = 1000, initial_temperature = 3.0, cooling_rate = 0.999
26 - INFO - chord#: 80 done. best_score=31.0, changed=533, unchanged=413, early_stops=8/8
26 - INFO - chord#: 82 In build_straw_man_chord_sa. tolerance = 1, sa_iterations = 1000, initial_temperature = 3.0, cooling_rate = 0.999
26 - INFO - chord#: 78 done. best_score=27.0, changed=525, unchanged=413, early_stops=8/8
26 - INFO - chord#: 80 In build_straw_man_chord_sa. tolerance = 1, sa_iterations = 1000, initial_temperature = 3.0, cooling_rate = 0.999
26 - INFO - chord#: 98 done. best_score=27.0, changed=530, unchanged=335, early_stops=8/8
26 - INFO - chord#: 102 In build_straw_man_chord_sa. tolerance = 1, sa_iterations = 1000, initial_temperature = 3.0, cooling_rate = 0.999
26 - INFO - chord#: 78 done. best_score=27.0, changed=516, unchanged=314, early_stops=8/8
26 - INFO - chord#: 80 In build_straw_man_chord_sa. tolerance = 1, sa_iterations = 1000, initial_temperature = 3.0, cooling_rate = 0.999
26 - INFO - chord#: 98 done. best_score=36.0, changed=532, unchanged=308, early_stops=8/8
26 - INFO - chord#: 102 In build_straw_man_chord_sa. tolerance = 1, sa_iterations = 1000, initial_temperature = 3.0, cooling_rate = 0.999
26 - INFO - chord#: 76 done. best_score=31.0, changed=521, unchanged=313, early_stops=8/8
26 - INFO - chord#: 78 In build_straw_man_chord_sa. tolerance = 1, sa_iterations = 1000, initial_temperature = 3.0, cooling_rate = 0.999
26 - INFO - chord#: 96 done. best_score=27.0, changed=516, unchanged=297, early_stops=8/8
26 - INFO - chord#: 98 In build_straw_man_chord_sa. tolerance = 1, sa_iterations = 1000, initial_temperature = 3.0, cooling_rate = 0.999
26 - INFO - chord#: 87 done. best_score=149.0, changed=619, unchanged=269, early_stops=8/8
26 - INFO - chord#: 88 In build_straw_man_chord_sa. tolerance = 1, sa_iterations = 1000, initial_temperature = 3.0, cooling_rate = 0.999
26 - INFO - chord#: 96 done. best_score=27.0, changed=534, unchanged=365, early_stops=8/8
26 - INFO - chord#: 98 In build_straw_man_chord_sa. tolerance = 1, sa_iterations = 1000, initial_temperature = 3.0, cooling_rate = 0.999
26 - INFO - chord#: 82 done. best_score=31.0, changed=510, unchanged=321, early_stops=8/8
26 - INFO - chord#: 84 In build_straw_man_chord_sa. tolerance = 1, sa_iterations = 1000, initial_temperature = 3.0, cooling_rate = 0.999
26 - INFO - chord#: 78 done. best_score=27.0, changed=529, unchanged=312, early_stops=8/8
26 - INFO - chord#: 80 In build_straw_man_chord_sa. tolerance = 1, sa_iterations = 1000, initial_temperature = 3.0, cooling_rate = 0.999
26 - INFO - chord#: 80 done. best_score=31.0, changed=524, unchanged=355, early_stops=8/8
26 - INFO - chord#: 82 In build_straw_man_chord_sa. tolerance = 1, sa_iterations = 1000, initial_temperature = 3.0, cooling_rate = 0.999
26 - INFO - chord#: 80 done. best_score=31.0, changed=524, unchanged=337, early_stops=8/8
26 - INFO - chord#: 82 In build_straw_man_chord_sa. tolerance = 1, sa_iterations = 1000, initial_temperature = 3.0, cooling_rate = 0.999
26 - INFO - chord#: 86 done. best_score=115.0, changed=616, unchanged=567, early_stops=8/8
26 - INFO - chord#: 87 In build_straw_man_chord_sa. tolerance = 1, sa_iterations = 1000, initial_temperature = 3.0, cooling_rate = 0.999
26 - INFO - chord#: 80 done. best_score=31.0, changed=523, unchanged=373, early_stops=8/8
26 - INFO - chord#: 82 In build_straw_man_chord_sa. tolerance = 1, sa_iterations = 1000, initial_temperature = 3.0, cooling_rate = 0.999
26 - INFO - chord#: 98 done. best_score=27.0, changed=533, unchanged=406, early_stops=8/8
26 - INFO - chord#: 102 In build_straw_man_chord_sa. tolerance = 1, sa_iterations = 1000, initial_temperature = 3.0, cooling_rate = 0.999
26 - INFO - chord#: 88 done. best_score=36.0, changed=537, unchanged=339, early_stops=8/8
26 - INFO - chord#: 96 In build_straw_man_chord_sa. tolerance = 1, sa_iterations = 1000, initial_temperature = 3.0, cooling_rate = 0.999
26 - INFO - chord#: 98 done. best_score=27.0, changed=526, unchanged=393, early_stops=8/8
26 - INFO - chord#: 102 In build_straw_man_chord_sa. tolerance = 1, sa_iterations = 1000, initial_temperature = 3.0, cooling_rate = 0.999
26 - INFO - chord#: 78 done. best_score=27.0, changed=524, unchanged=372, early_stops=8/8
26 - INFO - chord#: 80 In build_straw_man_chord_sa. tolerance = 1, sa_iterations = 1000, initial_temperature = 3.0, cooling_rate = 0.999
26 - INFO - chord#: 84 done. best_score=27.0, changed=519, unchanged=371, early_stops=8/8
26 - INFO - chord#: 86 In build_straw_man_chord_sa. tolerance = 1, sa_iterations = 1000, initial_temperature = 3.0, cooling_rate = 0.999
26 - INFO - chord#: 80 done. best_score=31.0, changed=518, unchanged=335, early_stops=8/8
26 - INFO - chord#: 82 In build_straw_man_chord_sa. tolerance = 1, sa_iterations = 1000, initial_temperature = 3.0, cooling_rate = 0.999
26 - INFO - chord#: 102 done. best_score=137.0, changed=607, unchanged=272, early_stops=8/8
26 - INFO - chord#: 104 In build_straw_man_chord_sa. tolerance = 1, sa_iterations = 1000, initial_temperature = 3.0, cooling_rate = 0.999
26 - INFO - chord#: 96 done. best_score=36.0, changed=540, unchanged=313, early_stops=8/8
26 - INFO - chord#: 98 In build_straw_man_chord_sa. tolerance = 1, sa_iterations = 1000, initial_temperature = 3.0, cooling_rate = 0.999
26 - INFO - chord#: 82 done. best_score=31.0, changed=527, unchanged=469, early_stops=8/8
26 - INFO - chord#: 84 In build_straw_man_chord_sa. tolerance = 1, sa_iterations = 1000, initial_temperature = 3.0, cooling_rate = 0.999
26 - INFO - chord#: 102 done. best_score=67.0, changed=608, unchanged=301, early_stops=8/8
26 - INFO - chord#: 104 In build_straw_man_chord_sa. tolerance = 1, sa_iterations = 1000, initial_temperature = 3.0, cooling_rate = 0.999
26 - INFO - chord#: 82 done. best_score=31.0, changed=520, unchanged=402, early_stops=8/8
26 - INFO - chord#: 84 In build_straw_man_chord_sa. tolerance = 1, sa_iterations = 1000, initial_temperature = 3.0, cooling_rate = 0.999
26 - INFO - chord#: 82 done. best_score=31.0, changed=523, unchanged=423, early_stops=8/8
26 - INFO - chord#: 84 In build_straw_man_chord_sa. tolerance = 1, sa_iterations = 1000, initial_temperature = 3.0, cooling_rate = 0.999
26 - INFO - chord#: 80 done. best_score=31.0, changed=524, unchanged=341, early_stops=8/8
26 - INFO - chord#: 82 In build_straw_man_chord_sa. tolerance = 1, sa_iterations = 1000, initial_temperature = 3.0, cooling_rate = 0.999
26 - INFO - chord#: 98 done. best_score=36.0, changed=527, unchanged=313, early_stops=8/8
26 - INFO - chord#: 102 In build_straw_man_chord_sa. tolerance = 1, sa_iterations = 1000, initial_temperature = 3.0, cooling_rate = 0.999
26 - INFO - chord#: 82 done. best_score=31.0, changed=520, unchanged=366, early_stops=8/8
26 - INFO - chord#: 84 In build_straw_man_chord_sa. tolerance = 1, sa_iterations = 1000, initial_temperature = 3.0, cooling_rate = 0.999
26 - INFO - chord#: 84 done. best_score=27.0, changed=517, unchanged=348, early_stops=8/8
26 - INFO - chord#: 86 In build_straw_man_chord_sa. tolerance = 1, sa_iterations = 1000, initial_temperature = 3.0, cooling_rate = 0.999
26 - INFO - chord#: 102 done. best_score=96.0, changed=612, unchanged=315, early_stops=8/8
26 - INFO - chord#: 104 In build_straw_man_chord_sa. tolerance = 1, sa_iterations = 1000, initial_temperature = 3.0, cooling_rate = 0.999
26 - INFO - chord#: 84 done. best_score=27.0, changed=520, unchanged=444, early_stops=8/8
26 - INFO - chord#: 86 In build_straw_man_chord_sa. tolerance = 1, sa_iterations = 1000, initial_temperature = 3.0, cooling_rate = 0.999
26 - INFO - chord#: 82 done. best_score=31.0, changed=517, unchanged=367, early_stops=8/8
26 - INFO - chord#: 84 In build_straw_man_chord_sa. tolerance = 1, sa_iterations = 1000, initial_temperature = 3.0, cooling_rate = 0.999
26 - INFO - chord#: 84 done. best_score=27.0, changed=517, unchanged=421, early_stops=8/8
26 - INFO - chord#: 86 In build_straw_man_chord_sa. tolerance = 1, sa_iterations = 1000, initial_temperature = 3.0, cooling_rate = 0.999
26 - INFO - chord#: 102 done. best_score=125.0, changed=611, unchanged=364, early_stops=8/8
26 - INFO - chord#: 104 In build_straw_man_chord_sa. tolerance = 1, sa_iterations = 1000, initial_temperature = 3.0, cooling_rate = 0.999
26 - INFO - chord#: 86 done. best_score=113.0, changed=609, unchanged=273, early_stops=8/8
26 - INFO - chord#: 87 In build_straw_man_chord_sa. tolerance = 1, sa_iterations = 1000, initial_temperature = 3.0, cooling_rate = 0.999
26 - INFO - chord#: 84 done. best_score=27.0, changed=520, unchanged=484, early_stops=8/8
26 - INFO - chord#: 86 In build_straw_man_chord_sa. tolerance = 1, sa_iterations = 1000, initial_temperature = 3.0, cooling_rate = 0.999
26 - INFO - chord#: 87 done. best_score=141.0, changed=615, unchanged=356, early_stops=8/8
26 - INFO - chord#: 88 In build_straw_man_chord_sa. tolerance = 1, sa_iterations = 1000, initial_temperature = 3.0, cooling_rate = 0.999
26 - INFO - chord#: 104 done. best_score=142.0, changed=613, unchanged=251, early_stops=8/8
26 - INFO - chord#: 106 In build_straw_man_chord_sa. tolerance = 1, sa_iterations = 1000, initial_temperature = 3.0, cooling_rate = 0.999
26 - INFO - chord#: 104 done. best_score=140.0, changed=615, unchanged=419, early_stops=8/8
26 - INFO - chord#: 106 In build_straw_man_chord_sa. tolerance = 1, sa_iterations = 1000, initial_temperature = 3.0, cooling_rate = 0.999
26 - INFO - chord#: 84 done. best_score=27.0, changed=520, unchanged=387, early_stops=8/8
26 - INFO - chord#: 86 In build_straw_man_chord_sa. tolerance = 1, sa_iterations = 1000, initial_temperature = 3.0, cooling_rate = 0.999
26 - INFO - chord#: 102 done. best_score=78.0, changed=614, unchanged=346, early_stops=8/8
26 - INFO - chord#: 104 In build_straw_man_chord_sa. tolerance = 1, sa_iterations = 1000, initial_temperature = 3.0, cooling_rate = 0.999
26 - INFO - chord#: 106 done. best_score=36.0, changed=527, unchanged=365, early_stops=8/8
26 - INFO - chord#: 108 In build_straw_man_chord_sa. tolerance = 1, sa_iterations = 1000, initial_temperature = 3.0, cooling_rate = 0.999
26 - INFO - chord#: 88 done. best_score=36.0, changed=519, unchanged=355, early_stops=8/8
26 - INFO - chord#: 96 In build_straw_man_chord_sa. tolerance = 1, sa_iterations = 1000, initial_temperature = 3.0, cooling_rate = 0.999
26 - INFO - chord#: 106 done. best_score=27.0, changed=533, unchanged=396, early_stops=8/8
26 - INFO - chord#: 108 In build_straw_man_chord_sa. tolerance = 1, sa_iterations = 1000, initial_temperature = 3.0, cooling_rate = 0.999
26 - INFO - chord#: 104 done. best_score=193.0, changed=606, unchanged=204, early_stops=8/8
26 - INFO - chord#: 106 In build_straw_man_chord_sa. tolerance = 1, sa_iterations = 1000, initial_temperature = 3.0, cooling_rate = 0.999
26 - INFO - chord#: 104 done. best_score=143.0, changed=616, unchanged=351, early_stops=8/8
26 - INFO - chord#: 106 In build_straw_man_chord_sa. tolerance = 1, sa_iterations = 1000, initial_temperature = 3.0, cooling_rate = 0.999
26 - INFO - chord#: 86 done. best_score=93.0, changed=614, unchanged=266, early_stops=8/8
26 - INFO - chord#: 87 In build_straw_man_chord_sa. tolerance = 1, sa_iterations = 1000, initial_temperature = 3.0, cooling_rate = 0.999
26 - INFO - chord#: 86 done. best_score=115.0, changed=609, unchanged=214, early_stops=8/8
26 - INFO - chord#: 87 In build_straw_man_chord_sa. tolerance = 1, sa_iterations = 1000, initial_temperature = 3.0, cooling_rate = 0.999
26 - INFO - chord#: 96 done. best_score=36.0, changed=520, unchanged=295, early_stops=8/8
26 - INFO - chord#: 98 In build_straw_man_chord_sa. tolerance = 1, sa_iterations = 1000, initial_temperature = 3.0, cooling_rate = 0.999
26 - INFO - chord#: 106 done. best_score=36.0, changed=534, unchanged=351, early_stops=8/8
26 - INFO - chord#: 108 In build_straw_man_chord_sa. tolerance = 1, sa_iterations = 1000, initial_temperature = 3.0, cooling_rate = 0.999
26 - INFO - chord#: 108 done. best_score=27.0, changed=531, unchanged=605, early_stops=8/8
26 - INFO - chord#: 110 In build_straw_man_chord_sa. tolerance = 1, sa_iterations = 1000, initial_temperature = 3.0, cooling_rate = 0.999
26 - INFO - chord#: 108 done. best_score=27.0, changed=514, unchanged=355, early_stops=8/8
26 - INFO - chord#: 110 In build_straw_man_chord_sa. tolerance = 1, sa_iterations = 1000, initial_temperature = 3.0, cooling_rate = 0.999
26 - INFO - chord#: 87 done. best_score=74.0, changed=608, unchanged=207, early_stops=8/8
26 - INFO - chord#: 88 In build_straw_man_chord_sa. tolerance = 1, sa_iterations = 1000, initial_temperature = 3.0, cooling_rate = 0.999
26 - INFO - chord#: 86 done. best_score=115.0, changed=610, unchanged=345, early_stops=8/8
26 - INFO - chord#: 87 In build_straw_man_chord_sa. tolerance = 1, sa_iterations = 1000, initial_temperature = 3.0, cooling_rate = 0.999
26 - INFO - chord#: 110 done. best_score=7.0, changed=524, unchanged=294, early_stops=8/8
26 - INFO - chord#: 112 In build_straw_man_chord_sa. tolerance = 1, sa_iterations = 1000, initial_temperature = 3.0, cooling_rate = 0.999
26 - INFO - chord#: 110 done. best_score=7.0, changed=495, unchanged=321, early_stops=8/8
26 - INFO - chord#: 112 In build_straw_man_chord_sa. tolerance = 1, sa_iterations = 1000, initial_temperature = 3.0, cooling_rate = 0.999
26 - INFO - chord#: 106 done. best_score=27.0, changed=519, unchanged=304, early_stops=8/8
26 - INFO - chord#: 108 In build_straw_man_chord_sa. tolerance = 1, sa_iterations = 1000, initial_temperature = 3.0, cooling_rate = 0.999
26 - INFO - chord#: 86 done. best_score=113.0, changed=611, unchanged=367, early_stops=8/8
26 - INFO - chord#: 87 In build_straw_man_chord_sa. tolerance = 1, sa_iterations = 1000, initial_temperature = 3.0, cooling_rate = 0.999
26 - INFO - chord#: 104 done. best_score=142.0, changed=610, unchanged=240, early_stops=8/8
26 - INFO - chord#: 106 In build_straw_man_chord_sa. tolerance = 1, sa_iterations = 1000, initial_temperature = 3.0, cooling_rate = 0.999
26 - INFO - chord#: 98 done. best_score=36.0, changed=527, unchanged=320, early_stops=8/8
26 - INFO - chord#: 102 In build_straw_man_chord_sa. tolerance = 1, sa_iterations = 1000, initial_temperature = 3.0, cooling_rate = 0.999
26 - INFO - chord#: 108 done. best_score=27.0, changed=526, unchanged=445, early_stops=8/8
26 - INFO - chord#: 110 In build_straw_man_chord_sa. tolerance = 1, sa_iterations = 1000, initial_temperature = 3.0, cooling_rate = 0.999
26 - INFO - chord#: 88 done. best_score=27.0, changed=539, unchanged=426, early_stops=8/8
26 - INFO - chord#: 96 In build_straw_man_chord_sa. tolerance = 1, sa_iterations = 1000, initial_temperature = 3.0, cooling_rate = 0.999
26 - INFO - chord#: 110 done. best_score=7.0, changed=519, unchanged=325, early_stops=8/8
26 - INFO - chord#: 112 In build_straw_man_chord_sa. tolerance = 1, sa_iterations = 1000, initial_temperature = 3.0, cooling_rate = 0.999
26 - INFO - chord#: 108 done. best_score=27.0, changed=520, unchanged=446, early_stops=8/8
26 - INFO - chord#: 110 In build_straw_man_chord_sa. tolerance = 1, sa_iterations = 1000, initial_temperature = 3.0, cooling_rate = 0.999
26 - INFO - chord#: 86 done. best_score=105.0, changed=612, unchanged=320, early_stops=8/8
26 - INFO - chord#: 87 In build_straw_man_chord_sa. tolerance = 1, sa_iterations = 1000, initial_temperature = 3.0, cooling_rate = 0.999
26 - INFO - chord#: 110 done. best_score=7.0, changed=504, unchanged=316, early_stops=8/8
26 - INFO - chord#: 112 In build_straw_man_chord_sa. tolerance = 1, sa_iterations = 1000, initial_temperature = 3.0, cooling_rate = 0.999
26 - INFO - chord#: 106 done. best_score=27.0, changed=523, unchanged=484, early_stops=8/8
26 - INFO - chord#: 108 In build_straw_man_chord_sa. tolerance = 1, sa_iterations = 1000, initial_temperature = 3.0, cooling_rate = 0.999
26 - INFO - chord#: 96 done. best_score=27.0, changed=522, unchanged=325, early_stops=8/8
26 - INFO - chord#: 98 In build_straw_man_chord_sa. tolerance = 1, sa_iterations = 1000, initial_temperature = 3.0, cooling_rate = 0.999
26 - INFO - chord#: 112 done. best_score=146.0, changed=607, unchanged=272, early_stops=8/8
26 - INFO - chord#: 114 In build_straw_man_chord_sa. tolerance = 1, sa_iterations = 1000, initial_temperature = 3.0, cooling_rate = 0.999
26 - INFO - chord#: 112 done. best_score=82.0, changed=612, unchanged=257, early_stops=8/8
26 - INFO - chord#: 114 In build_straw_man_chord_sa. tolerance = 1, sa_iterations = 1000, initial_temperature = 3.0, cooling_rate = 0.999
26 - INFO - chord#: 87 done. best_score=74.0, changed=611, unchanged=392, early_stops=8/8
26 - INFO - chord#: 88 In build_straw_man_chord_sa. tolerance = 1, sa_iterations = 1000, initial_temperature = 3.0, cooling_rate = 0.999
26 - INFO - chord#: 108 done. best_score=27.0, changed=520, unchanged=424, early_stops=8/8
26 - INFO - chord#: 110 In build_straw_man_chord_sa. tolerance = 1, sa_iterations = 1000, initial_temperature = 3.0, cooling_rate = 0.999
26 - INFO - chord#: 110 done. best_score=7.0, changed=494, unchanged=334, early_stops=8/8
26 - INFO - chord#: 112 In build_straw_man_chord_sa. tolerance = 1, sa_iterations = 1000, initial_temperature = 3.0, cooling_rate = 0.999
26 - INFO - chord#: 87 done. best_score=96.0, changed=617, unchanged=399, early_stops=8/8
26 - INFO - chord#: 88 In build_straw_man_chord_sa. tolerance = 1, sa_iterations = 1000, initial_temperature = 3.0, cooling_rate = 0.999
26 - INFO - chord#: 87 done. best_score=144.0, changed=612, unchanged=353, early_stops=8/8
26 - INFO - chord#: 88 In build_straw_man_chord_sa. tolerance = 1, sa_iterations = 1000, initial_temperature = 3.0, cooling_rate = 0.999
26 - INFO - chord#: 98 done. best_score=27.0, changed=526, unchanged=353, early_stops=8/8
26 - INFO - chord#: 102 In build_straw_man_chord_sa. tolerance = 1, sa_iterations = 1000, initial_temperature = 3.0, cooling_rate = 0.999
26 - INFO - chord#: 102 done. best_score=78.0, changed=623, unchanged=370, early_stops=8/8
26 - INFO - chord#: 104 In build_straw_man_chord_sa. tolerance = 1, sa_iterations = 1000, initial_temperature = 3.0, cooling_rate = 0.999
26 - INFO - chord#: 112 done. best_score=124.0, changed=610, unchanged=300, early_stops=8/8
26 - INFO - chord#: 114 In build_straw_man_chord_sa. tolerance = 1, sa_iterations = 1000, initial_temperature = 3.0, cooling_rate = 0.999
26 - INFO - chord#: 87 done. best_score=74.0, changed=613, unchanged=466, early_stops=8/8
26 - INFO - chord#: 88 In build_straw_man_chord_sa. tolerance = 1, sa_iterations = 1000, initial_temperature = 3.0, cooling_rate = 0.999
26 - INFO - chord#: 88 done. best_score=27.0, changed=520, unchanged=308, early_stops=8/8
26 - INFO - chord#: 96 In build_straw_man_chord_sa. tolerance = 1, sa_iterations = 1000, initial_temperature = 3.0, cooling_rate = 0.999
26 - INFO - chord#: 88 done. best_score=27.0, changed=538, unchanged=345, early_stops=8/8
26 - INFO - chord#: 96 In build_straw_man_chord_sa. tolerance = 1, sa_iterations = 1000, initial_temperature = 3.0, cooling_rate = 0.999
26 - INFO - chord#: 112 done. best_score=120.0, changed=610, unchanged=316, early_stops=8/8
26 - INFO - chord#: 114 In build_straw_man_chord_sa. tolerance = 1, sa_iterations = 1000, initial_temperature = 3.0, cooling_rate = 0.999
26 - INFO - chord#: 87 done. best_score=74.0, changed=614, unchanged=348, early_stops=8/8
26 - INFO - chord#: 88 In build_straw_man_chord_sa. tolerance = 1, sa_iterations = 1000, initial_temperature = 3.0, cooling_rate = 0.999
26 - INFO - chord#: 88 done. best_score=36.0, changed=532, unchanged=300, early_stops=8/8
26 - INFO - chord#: 96 In build_straw_man_chord_sa. tolerance = 1, sa_iterations = 1000, initial_temperature = 3.0, cooling_rate = 0.999
26 - INFO - chord#: 114 done. best_score=104.0, changed=611, unchanged=242, early_stops=8/8
26 - INFO - chord#: 115 In build_straw_man_chord_sa. tolerance = 1, sa_iterations = 1000, initial_temperature = 3.0, cooling_rate = 0.999
26 - INFO - chord#: 88 done. best_score=27.0, changed=526, unchanged=329, early_stops=8/8
26 - INFO - chord#: 96 In build_straw_man_chord_sa. tolerance = 1, sa_iterations = 1000, initial_temperature = 3.0, cooling_rate = 0.999
26 - INFO - chord#: 96 done. best_score=27.0, changed=520, unchanged=310, early_stops=8/8
26 - INFO - chord#: 98 In build_straw_man_chord_sa. tolerance = 1, sa_iterations = 1000, initial_temperature = 3.0, cooling_rate = 0.999
26 - INFO - chord#: 114 done. best_score=64.0, changed=612, unchanged=430, early_stops=8/8
26 - INFO - chord#: 115 In build_straw_man_chord_sa. tolerance = 1, sa_iterations = 1000, initial_temperature = 3.0, cooling_rate = 0.999
26 - INFO - chord#: 96 done. best_score=27.0, changed=533, unchanged=437, early_stops=8/8
26 - INFO - chord#: 98 In build_straw_man_chord_sa. tolerance = 1, sa_iterations = 1000, initial_temperature = 3.0, cooling_rate = 0.999
26 - INFO - chord#: 96 done. best_score=36.0, changed=533, unchanged=286, early_stops=8/8
26 - INFO - chord#: 98 In build_straw_man_chord_sa. tolerance = 1, sa_iterations = 1000, initial_temperature = 3.0, cooling_rate = 0.999
26 - INFO - chord#: 88 done. best_score=27.0, changed=519, unchanged=329, early_stops=8/8
26 - INFO - chord#: 96 In build_straw_man_chord_sa. tolerance = 1, sa_iterations = 1000, initial_temperature = 3.0, cooling_rate = 0.999
26 - INFO - chord#: 112 done. best_score=120.0, changed=609, unchanged=250, early_stops=8/8
26 - INFO - chord#: 114 In build_straw_man_chord_sa. tolerance = 1, sa_iterations = 1000, initial_temperature = 3.0, cooling_rate = 0.999
26 - INFO - chord#: 115 done. best_score=61.0, changed=541, unchanged=344, early_stops=8/8
26 - INFO - chord#: 116 In build_straw_man_chord_sa. tolerance = 1, sa_iterations = 1000, initial_temperature = 3.0, cooling_rate = 0.999
26 - INFO - chord#: 114 done. best_score=104.0, changed=606, unchanged=202, early_stops=8/8
26 - INFO - chord#: 115 In build_straw_man_chord_sa. tolerance = 1, sa_iterations = 1000, initial_temperature = 3.0, cooling_rate = 0.999
26 - INFO - chord#: 115 done. best_score=27.0, changed=528, unchanged=347, early_stops=8/8
26 - INFO - chord#: 116 In build_straw_man_chord_sa. tolerance = 1, sa_iterations = 1000, initial_temperature = 3.0, cooling_rate = 0.999
26 - INFO - chord#: 98 done. best_score=27.0, changed=527, unchanged=335, early_stops=8/8
26 - INFO - chord#: 102 In build_straw_man_chord_sa. tolerance = 1, sa_iterations = 1000, initial_temperature = 3.0, cooling_rate = 0.999
26 - INFO - chord#: 96 done. best_score=27.0, changed=525, unchanged=379, early_stops=8/8
26 - INFO - chord#: 98 In build_straw_man_chord_sa. tolerance = 1, sa_iterations = 1000, initial_temperature = 3.0, cooling_rate = 0.999
26 - INFO - chord#: 102 done. best_score=67.0, changed=613, unchanged=246, early_stops=8/8
26 - INFO - chord#: 104 In build_straw_man_chord_sa. tolerance = 1, sa_iterations = 1000, initial_temperature = 3.0, cooling_rate = 0.999
26 - INFO - chord#: 98 done. best_score=27.0, changed=527, unchanged=313, early_stops=8/8
26 - INFO - chord#: 102 In build_straw_man_chord_sa. tolerance = 1, sa_iterations = 1000, initial_temperature = 3.0, cooling_rate = 0.999
26 - INFO - chord#: 98 done. best_score=36.0, changed=551, unchanged=309, early_stops=8/8
26 - INFO - chord#: 102 In build_straw_man_chord_sa. tolerance = 1, sa_iterations = 1000, initial_temperature = 3.0, cooling_rate = 0.999
26 - INFO - chord#: 114 done. best_score=71.0, changed=613, unchanged=234, early_stops=8/8
26 - INFO - chord#: 115 In build_straw_man_chord_sa. tolerance = 1, sa_iterations = 1000, initial_temperature = 3.0, cooling_rate = 0.999
26 - INFO - chord#: 96 done. best_score=27.0, changed=520, unchanged=362, early_stops=8/8
26 - INFO - chord#: 98 In build_straw_man_chord_sa. tolerance = 1, sa_iterations = 1000, initial_temperature = 3.0, cooling_rate = 0.999
26 - INFO - chord#: 115 done. best_score=61.0, changed=543, unchanged=367, early_stops=8/8
26 - INFO - chord#: 116 In build_straw_man_chord_sa. tolerance = 1, sa_iterations = 1000, initial_temperature = 3.0, cooling_rate = 0.999
26 - INFO - chord#: 116 done. best_score=27.0, changed=519, unchanged=432, early_stops=8/8
26 - INFO - chord#: 118 In build_straw_man_chord_sa. tolerance = 1, sa_iterations = 1000, initial_temperature = 3.0, cooling_rate = 0.999
26 - INFO - chord#: 116 done. best_score=27.0, changed=526, unchanged=489, early_stops=8/8
26 - INFO - chord#: 118 In build_straw_man_chord_sa. tolerance = 1, sa_iterations = 1000, initial_temperature = 3.0, cooling_rate = 0.999
26 - INFO - chord#: 118 done. best_score=7.0, changed=512, unchanged=298, early_stops=8/8
26 - INFO - chord#: 120 In build_straw_man_chord_sa. tolerance = 1, sa_iterations = 1000, initial_temperature = 3.0, cooling_rate = 0.999
26 - INFO - chord#: 104 done. best_score=142.0, changed=617, unchanged=331, early_stops=8/8
26 - INFO - chord#: 106 In build_straw_man_chord_sa. tolerance = 1, sa_iterations = 1000, initial_temperature = 3.0, cooling_rate = 0.999
26 - INFO - chord#: 118 done. best_score=7.0, changed=493, unchanged=319, early_stops=8/8
26 - INFO - chord#: 120 In build_straw_man_chord_sa. tolerance = 1, sa_iterations = 1000, initial_temperature = 3.0, cooling_rate = 0.999
26 - INFO - chord#: 115 done. best_score=27.0, changed=522, unchanged=297, early_stops=8/8
26 - INFO - chord#: 116 In build_straw_man_chord_sa. tolerance = 1, sa_iterations = 1000, initial_temperature = 3.0, cooling_rate = 0.999
26 - INFO - chord#: 98 done. best_score=27.0, changed=538, unchanged=367, early_stops=8/8
26 - INFO - chord#: 102 In build_straw_man_chord_sa. tolerance = 1, sa_iterations = 1000, initial_temperature = 3.0, cooling_rate = 0.999
26 - INFO - chord#: 98 done. best_score=27.0, changed=535, unchanged=338, early_stops=8/8
26 - INFO - chord#: 102 In build_straw_man_chord_sa. tolerance = 1, sa_iterations = 1000, initial_temperature = 3.0, cooling_rate = 0.999
26 - INFO - chord#: 116 done. best_score=27.0, changed=527, unchanged=572, early_stops=8/8
26 - INFO - chord#: 118 In build_straw_man_chord_sa. tolerance = 1, sa_iterations = 1000, initial_temperature = 3.0, cooling_rate = 0.999
26 - INFO - chord#: 114 done. best_score=64.0, changed=618, unchanged=356, early_stops=8/8
26 - INFO - chord#: 115 In build_straw_man_chord_sa. tolerance = 1, sa_iterations = 1000, initial_temperature = 3.0, cooling_rate = 0.999
26 - INFO - chord#: 120 done. best_score=27.0, changed=518, unchanged=387, early_stops=8/8
26 - INFO - chord#: 124 In build_straw_man_chord_sa. tolerance = 1, sa_iterations = 1000, initial_temperature = 3.0, cooling_rate = 0.999
26 - INFO - chord#: 116 done. best_score=27.0, changed=510, unchanged=335, early_stops=8/8
26 - INFO - chord#: 118 In build_straw_man_chord_sa. tolerance = 1, sa_iterations = 1000, initial_temperature = 3.0, cooling_rate = 0.999
26 - INFO - chord#: 120 done. best_score=27.0, changed=526, unchanged=359, early_stops=8/8
26 - INFO - chord#: 124 In build_straw_man_chord_sa. tolerance = 1, sa_iterations = 1000, initial_temperature = 3.0, cooling_rate = 0.999
26 - INFO - chord#: 106 done. best_score=36.0, changed=523, unchanged=354, early_stops=8/8
26 - INFO - chord#: 108 In build_straw_man_chord_sa. tolerance = 1, sa_iterations = 1000, initial_temperature = 3.0, cooling_rate = 0.999
26 - INFO - chord#: 118 done. best_score=7.0, changed=500, unchanged=321, early_stops=8/8
26 - INFO - chord#: 120 In build_straw_man_chord_sa. tolerance = 1, sa_iterations = 1000, initial_temperature = 3.0, cooling_rate = 0.999
26 - INFO - chord#: 118 done. best_score=7.0, changed=492, unchanged=317, early_stops=8/8
26 - INFO - chord#: 120 In build_straw_man_chord_sa. tolerance = 1, sa_iterations = 1000, initial_temperature = 3.0, cooling_rate = 0.999
26 - INFO - chord#: 102 done. best_score=67.0, changed=609, unchanged=351, early_stops=8/8
26 - INFO - chord#: 104 In build_straw_man_chord_sa. tolerance = 1, sa_iterations = 1000, initial_temperature = 3.0, cooling_rate = 0.999
26 - INFO - chord#: 102 done. best_score=78.0, changed=614, unchanged=264, early_stops=8/8
26 - INFO - chord#: 104 In build_straw_man_chord_sa. tolerance = 1, sa_iterations = 1000, initial_temperature = 3.0, cooling_rate = 0.999
26 - INFO - chord#: 115 done. best_score=27.0, changed=524, unchanged=403, early_stops=8/8
26 - INFO - chord#: 116 In build_straw_man_chord_sa. tolerance = 1, sa_iterations = 1000, initial_temperature = 3.0, cooling_rate = 0.999
26 - INFO - chord#: 124 done. best_score=27.0, changed=527, unchanged=357, early_stops=8/8
26 - INFO - chord#: 128 In build_straw_man_chord_sa. tolerance = 1, sa_iterations = 1000, initial_temperature = 3.0, cooling_rate = 0.999
26 - INFO - chord#: 104 done. best_score=140.0, changed=614, unchanged=261, early_stops=8/8
26 - INFO - chord#: 106 In build_straw_man_chord_sa. tolerance = 1, sa_iterations = 1000, initial_temperature = 3.0, cooling_rate = 0.999
26 - INFO - chord#: 102 done. best_score=137.0, changed=616, unchanged=312, early_stops=8/8
26 - INFO - chord#: 104 In build_straw_man_chord_sa. tolerance = 1, sa_iterations = 1000, initial_temperature = 3.0, cooling_rate = 0.999
26 - INFO - chord#: 124 done. best_score=27.0, changed=528, unchanged=418, early_stops=8/8
26 - INFO - chord#: 128 In build_straw_man_chord_sa. tolerance = 1, sa_iterations = 1000, initial_temperature = 3.0, cooling_rate = 0.999
26 - INFO - chord#: 120 done. best_score=27.0, changed=526, unchanged=368, early_stops=8/8
26 - INFO - chord#: 124 In build_straw_man_chord_sa. tolerance = 1, sa_iterations = 1000, initial_temperature = 3.0, cooling_rate = 0.999
26 - INFO - chord#: 120 done. best_score=27.0, changed=516, unchanged=388, early_stops=8/8
26 - INFO - chord#: 124 In build_straw_man_chord_sa. tolerance = 1, sa_iterations = 1000, initial_temperature = 3.0, cooling_rate = 0.999
26 - INFO - chord#: 108 done. best_score=27.0, changed=517, unchanged=372, early_stops=8/8
26 - INFO - chord#: 110 In build_straw_man_chord_sa. tolerance = 1, sa_iterations = 1000, initial_temperature = 3.0, cooling_rate = 0.999
26 - INFO - chord#: 110 done. best_score=7.0, changed=498, unchanged=313, early_stops=8/8
26 - INFO - chord#: 112 In build_straw_man_chord_sa. tolerance = 1, sa_iterations = 1000, initial_temperature = 3.0, cooling_rate = 0.999
26 - INFO - chord#: 116 done. best_score=27.0, changed=515, unchanged=354, early_stops=8/8
26 - INFO - chord#: 118 In build_straw_man_chord_sa. tolerance = 1, sa_iterations = 1000, initial_temperature = 3.0, cooling_rate = 0.999
26 - INFO - chord#: 128 done. best_score=27.0, changed=516, unchanged=298, early_stops=8/8
26 - INFO - chord#: 130 In build_straw_man_chord_sa. tolerance = 1, sa_iterations = 1000, initial_temperature = 3.0, cooling_rate = 0.999
26 - INFO - chord#: 128 done. best_score=27.0, changed=531, unchanged=323, early_stops=8/8
26 - INFO - chord#: 130 In build_straw_man_chord_sa. tolerance = 1, sa_iterations = 1000, initial_temperature = 3.0, cooling_rate = 0.999
26 - INFO - chord#: 124 done. best_score=27.0, changed=518, unchanged=310, early_stops=8/8
26 - INFO - chord#: 128 In build_straw_man_chord_sa. tolerance = 1, sa_iterations = 1000, initial_temperature = 3.0, cooling_rate = 0.999
26 - INFO - chord#: 118 done. best_score=7.0, changed=483, unchanged=340, early_stops=8/8
26 - INFO - chord#: 120 In build_straw_man_chord_sa. tolerance = 1, sa_iterations = 1000, initial_temperature = 3.0, cooling_rate = 0.999
26 - INFO - chord#: 130 done. best_score=9.0, changed=476, unchanged=356, early_stops=8/8
26 - INFO - chord#: 132 In build_straw_man_chord_sa. tolerance = 1, sa_iterations = 1000, initial_temperature = 3.0, cooling_rate = 0.999
26 - INFO - chord#: 106 done. best_score=27.0, changed=518, unchanged=329, early_stops=8/8
26 - INFO - chord#: 108 In build_straw_man_chord_sa. tolerance = 1, sa_iterations = 1000, initial_temperature = 3.0, cooling_rate = 0.999
26 - INFO - chord#: 130 done. best_score=9.0, changed=457, unchanged=365, early_stops=8/8
26 - INFO - chord#: 132 In build_straw_man_chord_sa. tolerance = 1, sa_iterations = 1000, initial_temperature = 3.0, cooling_rate = 0.999
26 - INFO - chord#: 124 done. best_score=27.0, changed=533, unchanged=405, early_stops=8/8
26 - INFO - chord#: 128 In build_straw_man_chord_sa. tolerance = 1, sa_iterations = 1000, initial_temperature = 3.0, cooling_rate = 0.999
26 - INFO - chord#: 102 done. best_score=157.0, changed=614, unchanged=285, early_stops=8/8
26 - INFO - chord#: 104 In build_straw_man_chord_sa. tolerance = 1, sa_iterations = 1000, initial_temperature = 3.0, cooling_rate = 0.999
26 - INFO - chord#: 102 done. best_score=67.0, changed=617, unchanged=387, early_stops=8/8
26 - INFO - chord#: 104 In build_straw_man_chord_sa. tolerance = 1, sa_iterations = 1000, initial_temperature = 3.0, cooling_rate = 0.999
26 - INFO - chord#: 128 done. best_score=27.0, changed=520, unchanged=355, early_stops=8/8
26 - INFO - chord#: 130 In build_straw_man_chord_sa. tolerance = 1, sa_iterations = 1000, initial_temperature = 3.0, cooling_rate = 0.999
26 - INFO - chord#: 120 done. best_score=27.0, changed=519, unchanged=326, early_stops=8/8
26 - INFO - chord#: 124 In build_straw_man_chord_sa. tolerance = 1, sa_iterations = 1000, initial_temperature = 3.0, cooling_rate = 0.999
26 - INFO - chord#: 132 done. best_score=27.0, changed=522, unchanged=403, early_stops=8/8
26 - INFO - chord#: 134 In build_straw_man_chord_sa. tolerance = 1, sa_iterations = 1000, initial_temperature = 3.0, cooling_rate = 0.999
26 - INFO - chord#: 132 done. best_score=27.0, changed=519, unchanged=417, early_stops=8/8
26 - INFO - chord#: 134 In build_straw_man_chord_sa. tolerance = 1, sa_iterations = 1000, initial_temperature = 3.0, cooling_rate = 0.999
26 - INFO - chord#: 128 done. best_score=27.0, changed=526, unchanged=320, early_stops=8/8
26 - INFO - chord#: 130 In build_straw_man_chord_sa. tolerance = 1, sa_iterations = 1000, initial_temperature = 3.0, cooling_rate = 0.999
26 - INFO - chord#: 130 done. best_score=9.0, changed=484, unchanged=342, early_stops=8/8
26 - INFO - chord#: 132 In build_straw_man_chord_sa. tolerance = 1, sa_iterations = 1000, initial_temperature = 3.0, cooling_rate = 0.999
26 - INFO - chord#: 104 done. best_score=142.0, changed=618, unchanged=497, early_stops=8/8
26 - INFO - chord#: 106 In build_straw_man_chord_sa. tolerance = 1, sa_iterations = 1000, initial_temperature = 3.0, cooling_rate = 0.999
26 - INFO - chord#: 108 done. best_score=27.0, changed=519, unchanged=397, early_stops=8/8
26 - INFO - chord#: 110 In build_straw_man_chord_sa. tolerance = 1, sa_iterations = 1000, initial_temperature = 3.0, cooling_rate = 0.999
26 - INFO - chord#: 130 done. best_score=9.0, changed=485, unchanged=337, early_stops=8/8
26 - INFO - chord#: 132 In build_straw_man_chord_sa. tolerance = 1, sa_iterations = 1000, initial_temperature = 3.0, cooling_rate = 0.999
26 - INFO - chord#: 104 done. best_score=140.0, changed=610, unchanged=297, early_stops=8/8
26 - INFO - chord#: 106 In build_straw_man_chord_sa. tolerance = 1, sa_iterations = 1000, initial_temperature = 3.0, cooling_rate = 0.999
26 - INFO - chord#: 110 done. best_score=7.0, changed=483, unchanged=327, early_stops=8/8
26 - INFO - chord#: 112 In build_straw_man_chord_sa. tolerance = 1, sa_iterations = 1000, initial_temperature = 3.0, cooling_rate = 0.999
26 - INFO - chord#: 124 done. best_score=27.0, changed=526, unchanged=428, early_stops=8/8
26 - INFO - chord#: 128 In build_straw_man_chord_sa. tolerance = 1, sa_iterations = 1000, initial_temperature = 3.0, cooling_rate = 0.999
26 - INFO - chord#: 106 done. best_score=36.0, changed=527, unchanged=353, early_stops=8/8
26 - INFO - chord#: 108 In build_straw_man_chord_sa. tolerance = 1, sa_iterations = 1000, initial_temperature = 3.0, cooling_rate = 0.999
26 - INFO - chord#: 132 done. best_score=27.0, changed=519, unchanged=393, early_stops=8/8
26 - INFO - chord#: 134 In build_straw_man_chord_sa. tolerance = 1, sa_iterations = 1000, initial_temperature = 3.0, cooling_rate = 0.999
26 - INFO - chord#: 104 done. best_score=140.0, changed=617, unchanged=409, early_stops=8/8
26 - INFO - chord#: 106 In build_straw_man_chord_sa. tolerance = 1, sa_iterations = 1000, initial_temperature = 3.0, cooling_rate = 0.999
26 - INFO - chord#: 132 done. best_score=27.0, changed=526, unchanged=435, early_stops=8/8
26 - INFO - chord#: 134 In build_straw_man_chord_sa. tolerance = 1, sa_iterations = 1000, initial_temperature = 3.0, cooling_rate = 0.999
26 - INFO - chord#: 112 done. best_score=82.0, changed=614, unchanged=259, early_stops=8/8
26 - INFO - chord#: 114 In build_straw_man_chord_sa. tolerance = 1, sa_iterations = 1000, initial_temperature = 3.0, cooling_rate = 0.999
26 - INFO - chord#: 128 done. best_score=27.0, changed=518, unchanged=320, early_stops=8/8
26 - INFO - chord#: 130 In build_straw_man_chord_sa. tolerance = 1, sa_iterations = 1000, initial_temperature = 3.0, cooling_rate = 0.999
26 - INFO - chord#: 130 done. best_score=9.0, changed=487, unchanged=358, early_stops=8/8
26 - INFO - chord#: 132 In build_straw_man_chord_sa. tolerance = 1, sa_iterations = 1000, initial_temperature = 3.0, cooling_rate = 0.999
26 - INFO - chord#: 106 done. best_score=27.0, changed=517, unchanged=527, early_stops=8/8
26 - INFO - chord#: 108 In build_straw_man_chord_sa. tolerance = 1, sa_iterations = 1000, initial_temperature = 3.0, cooling_rate = 0.999
26 - INFO - chord#: 108 done. best_score=27.0, changed=511, unchanged=306, early_stops=8/8
26 - INFO - chord#: 110 In build_straw_man_chord_sa. tolerance = 1, sa_iterations = 1000, initial_temperature = 3.0, cooling_rate = 0.999
26 - INFO - chord#: 104 done. best_score=140.0, changed=611, unchanged=292, early_stops=8/8
26 - INFO - chord#: 106 In build_straw_man_chord_sa. tolerance = 1, sa_iterations = 1000, initial_temperature = 3.0, cooling_rate = 0.999
26 - INFO - chord#: 110 done. best_score=7.0, changed=502, unchanged=309, early_stops=8/8
26 - INFO - chord#: 112 In build_straw_man_chord_sa. tolerance = 1, sa_iterations = 1000, initial_temperature = 3.0, cooling_rate = 0.999
26 - INFO - chord#: 106 done. best_score=27.0, changed=521, unchanged=355, early_stops=8/8
26 - INFO - chord#: 108 In build_straw_man_chord_sa. tolerance = 1, sa_iterations = 1000, initial_temperature = 3.0, cooling_rate = 0.999
26 - INFO - chord#: 104 done. best_score=142.0, changed=615, unchanged=418, early_stops=8/8
26 - INFO - chord#: 106 In build_straw_man_chord_sa. tolerance = 1, sa_iterations = 1000, initial_temperature = 3.0, cooling_rate = 0.999
26 - INFO - chord#: 134 done. best_score=74.0, changed=610, unchanged=319, early_stops=8/8
26 - INFO - chord#: 136 In build_straw_man_chord_sa. tolerance = 1, sa_iterations = 1000, initial_temperature = 3.0, cooling_rate = 0.999
26 - INFO - chord#: 134 done. best_score=74.0, changed=612, unchanged=404, early_stops=8/8
26 - INFO - chord#: 136 In build_straw_man_chord_sa. tolerance = 1, sa_iterations = 1000, initial_temperature = 3.0, cooling_rate = 0.999
26 - INFO - chord#: 132 done. best_score=27.0, changed=525, unchanged=330, early_stops=8/8
26 - INFO - chord#: 134 In build_straw_man_chord_sa. tolerance = 1, sa_iterations = 1000, initial_temperature = 3.0, cooling_rate = 0.999
26 - INFO - chord#: 112 done. best_score=119.0, changed=605, unchanged=213, early_stops=8/8
26 - INFO - chord#: 114 In build_straw_man_chord_sa. tolerance = 1, sa_iterations = 1000, initial_temperature = 3.0, cooling_rate = 0.999
26 - INFO - chord#: 108 done. best_score=27.0, changed=520, unchanged=428, early_stops=8/8
26 - INFO - chord#: 110 In build_straw_man_chord_sa. tolerance = 1, sa_iterations = 1000, initial_temperature = 3.0, cooling_rate = 0.999
26 - INFO - chord#: 106 done. best_score=27.0, changed=520, unchanged=378, early_stops=8/8
26 - INFO - chord#: 108 In build_straw_man_chord_sa. tolerance = 1, sa_iterations = 1000, initial_temperature = 3.0, cooling_rate = 0.999
26 - INFO - chord#: 110 done. best_score=7.0, changed=482, unchanged=327, early_stops=8/8
26 - INFO - chord#: 112 In build_straw_man_chord_sa. tolerance = 1, sa_iterations = 1000, initial_temperature = 3.0, cooling_rate = 0.999
26 - INFO - chord#: 106 done. best_score=36.0, changed=540, unchanged=439, early_stops=8/8
26 - INFO - chord#: 108 In build_straw_man_chord_sa. tolerance = 1, sa_iterations = 1000, initial_temperature = 3.0, cooling_rate = 0.999
26 - INFO - chord#: 134 done. best_score=74.0, changed=609, unchanged=383, early_stops=8/8
26 - INFO - chord#: 136 In build_straw_man_chord_sa. tolerance = 1, sa_iterations = 1000, initial_temperature = 3.0, cooling_rate = 0.999
26 - INFO - chord#: 108 done. best_score=27.0, changed=516, unchanged=337, early_stops=8/8
26 - INFO - chord#: 110 In build_straw_man_chord_sa. tolerance = 1, sa_iterations = 1000, initial_temperature = 3.0, cooling_rate = 0.999
26 - INFO - chord#: 110 done. best_score=7.0, changed=500, unchanged=318, early_stops=8/8
26 - INFO - chord#: 112 In build_straw_man_chord_sa. tolerance = 1, sa_iterations = 1000, initial_temperature = 3.0, cooling_rate = 0.999
26 - INFO - chord#: 134 done. best_score=74.0, changed=610, unchanged=395, early_stops=8/8
26 - INFO - chord#: 136 In build_straw_man_chord_sa. tolerance = 1, sa_iterations = 1000, initial_temperature = 3.0, cooling_rate = 0.999
26 - INFO - chord#: 114 done. best_score=64.0, changed=613, unchanged=278, early_stops=8/8
26 - INFO - chord#: 115 In build_straw_man_chord_sa. tolerance = 1, sa_iterations = 1000, initial_temperature = 3.0, cooling_rate = 0.999
26 - INFO - chord#: 112 done. best_score=82.0, changed=612, unchanged=274, early_stops=8/8
26 - INFO - chord#: 114 In build_straw_man_chord_sa. tolerance = 1, sa_iterations = 1000, initial_temperature = 3.0, cooling_rate = 0.999
26 - INFO - chord#: 136 done. best_score=137.0, changed=607, unchanged=224, early_stops=8/8
26 - INFO - chord#: 138 In build_straw_man_chord_sa. tolerance = 1, sa_iterations = 1000, initial_temperature = 3.0, cooling_rate = 0.999
26 - INFO - chord#: 108 done. best_score=27.0, changed=523, unchanged=437, early_stops=8/8
26 - INFO - chord#: 110 In build_straw_man_chord_sa. tolerance = 1, sa_iterations = 1000, initial_temperature = 3.0, cooling_rate = 0.999
26 - INFO - chord#: 108 done. best_score=27.0, changed=512, unchanged=428, early_stops=8/8
26 - INFO - chord#: 110 In build_straw_man_chord_sa. tolerance = 1, sa_iterations = 1000, initial_temperature = 3.0, cooling_rate = 0.999
26 - INFO - chord#: 110 done. best_score=7.0, changed=496, unchanged=319, early_stops=8/8
26 - INFO - chord#: 112 In build_straw_man_chord_sa. tolerance = 1, sa_iterations = 1000, initial_temperature = 3.0, cooling_rate = 0.999
26 - INFO - chord#: 136 done. best_score=78.0, changed=610, unchanged=348, early_stops=8/8
26 - INFO - chord#: 138 In build_straw_man_chord_sa. tolerance = 1, sa_iterations = 1000, initial_temperature = 3.0, cooling_rate = 0.999
26 - INFO - chord#: 110 done. best_score=7.0, changed=494, unchanged=318, early_stops=8/8
26 - INFO - chord#: 112 In build_straw_man_chord_sa. tolerance = 1, sa_iterations = 1000, initial_temperature = 3.0, cooling_rate = 0.999
26 - INFO - chord#: 115 done. best_score=27.0, changed=532, unchanged=339, early_stops=8/8
26 - INFO - chord#: 116 In build_straw_man_chord_sa. tolerance = 1, sa_iterations = 1000, initial_temperature = 3.0, cooling_rate = 0.999
26 - INFO - chord#: 134 done. best_score=74.0, changed=616, unchanged=278, early_stops=8/8
26 - INFO - chord#: 136 In build_straw_man_chord_sa. tolerance = 1, sa_iterations = 1000, initial_temperature = 3.0, cooling_rate = 0.999
26 - INFO - chord#: 114 done. best_score=71.0, changed=622, unchanged=463, early_stops=8/8
26 - INFO - chord#: 115 In build_straw_man_chord_sa. tolerance = 1, sa_iterations = 1000, initial_temperature = 3.0, cooling_rate = 0.999
26 - INFO - chord#: 138 done. best_score=47.0, changed=529, unchanged=366, early_stops=8/8
26 - INFO - chord#: 140 In build_straw_man_chord_sa. tolerance = 1, sa_iterations = 1000, initial_temperature = 3.0, cooling_rate = 0.999
26 - INFO - chord#: 138 done. best_score=47.0, changed=521, unchanged=301, early_stops=8/8
26 - INFO - chord#: 140 In build_straw_man_chord_sa. tolerance = 1, sa_iterations = 1000, initial_temperature = 3.0, cooling_rate = 0.999
26 - INFO - chord#: 136 done. best_score=119.0, changed=616, unchanged=361, early_stops=8/8
26 - INFO - chord#: 138 In build_straw_man_chord_sa. tolerance = 1, sa_iterations = 1000, initial_temperature = 3.0, cooling_rate = 0.999
26 - INFO - chord#: 136 done. best_score=78.0, changed=606, unchanged=300, early_stops=8/8
26 - INFO - chord#: 138 In build_straw_man_chord_sa. tolerance = 1, sa_iterations = 1000, initial_temperature = 3.0, cooling_rate = 0.999
26 - INFO - chord#: 116 done. best_score=27.0, changed=524, unchanged=438, early_stops=8/8
26 - INFO - chord#: 118 In build_straw_man_chord_sa. tolerance = 1, sa_iterations = 1000, initial_temperature = 3.0, cooling_rate = 0.999
26 - INFO - chord#: 112 done. best_score=82.0, changed=614, unchanged=301, early_stops=8/8
26 - INFO - chord#: 114 In build_straw_man_chord_sa. tolerance = 1, sa_iterations = 1000, initial_temperature = 3.0, cooling_rate = 0.999
26 - INFO - chord#: 114 done. best_score=146.0, changed=614, unchanged=247, early_stops=8/8
26 - INFO - chord#: 115 In build_straw_man_chord_sa. tolerance = 1, sa_iterations = 1000, initial_temperature = 3.0, cooling_rate = 0.999
26 - INFO - chord#: 118 done. best_score=7.0, changed=514, unchanged=292, early_stops=8/8
26 - INFO - chord#: 120 In build_straw_man_chord_sa. tolerance = 1, sa_iterations = 1000, initial_temperature = 3.0, cooling_rate = 0.999
26 - INFO - chord#: 115 done. best_score=36.0, changed=544, unchanged=345, early_stops=8/8
26 - INFO - chord#: 116 In build_straw_man_chord_sa. tolerance = 1, sa_iterations = 1000, initial_temperature = 3.0, cooling_rate = 0.999
26 - INFO - chord#: 140 done. best_score=27.0, changed=521, unchanged=396, early_stops=8/8
26 - INFO - chord#: 142 In build_straw_man_chord_sa. tolerance = 1, sa_iterations = 1000, initial_temperature = 3.0, cooling_rate = 0.999
26 - INFO - chord#: 140 done. best_score=27.0, changed=528, unchanged=399, early_stops=8/8
26 - INFO - chord#: 142 In build_straw_man_chord_sa. tolerance = 1, sa_iterations = 1000, initial_temperature = 3.0, cooling_rate = 0.999
26 - INFO - chord#: 138 done. best_score=47.0, changed=520, unchanged=313, early_stops=8/8
26 - INFO - chord#: 140 In build_straw_man_chord_sa. tolerance = 1, sa_iterations = 1000, initial_temperature = 3.0, cooling_rate = 0.999
26 - INFO - chord#: 112 done. best_score=82.0, changed=616, unchanged=324, early_stops=8/8
26 - INFO - chord#: 114 In build_straw_man_chord_sa. tolerance = 1, sa_iterations = 1000, initial_temperature = 3.0, cooling_rate = 0.999
26 - INFO - chord#: 138 done. best_score=47.0, changed=519, unchanged=389, early_stops=8/8
26 - INFO - chord#: 140 In build_straw_man_chord_sa. tolerance = 1, sa_iterations = 1000, initial_temperature = 3.0, cooling_rate = 0.999
26 - INFO - chord#: 115 done. best_score=27.0, changed=523, unchanged=347, early_stops=8/8
26 - INFO - chord#: 116 In build_straw_man_chord_sa. tolerance = 1, sa_iterations = 1000, initial_temperature = 3.0, cooling_rate = 0.999
26 - INFO - chord#: 142 done. best_score=27.0, changed=527, unchanged=355, early_stops=8/8
26 - INFO - chord#: 144 In build_straw_man_chord_sa. tolerance = 1, sa_iterations = 1000, initial_temperature = 3.0, cooling_rate = 0.999
26 - INFO - chord#: 136 done. best_score=78.0, changed=613, unchanged=341, early_stops=8/8
26 - INFO - chord#: 138 In build_straw_man_chord_sa. tolerance = 1, sa_iterations = 1000, initial_temperature = 3.0, cooling_rate = 0.999
26 - INFO - chord#: 142 done. best_score=27.0, changed=520, unchanged=312, early_stops=8/8
26 - INFO - chord#: 144 In build_straw_man_chord_sa. tolerance = 1, sa_iterations = 1000, initial_temperature = 3.0, cooling_rate = 0.999
26 - INFO - chord#: 120 done. best_score=27.0, changed=526, unchanged=396, early_stops=8/8
26 - INFO - chord#: 124 In build_straw_man_chord_sa. tolerance = 1, sa_iterations = 1000, initial_temperature = 3.0, cooling_rate = 0.999
26 - INFO - chord#: 116 done. best_score=27.0, changed=525, unchanged=493, early_stops=8/8
26 - INFO - chord#: 118 In build_straw_man_chord_sa. tolerance = 1, sa_iterations = 1000, initial_temperature = 3.0, cooling_rate = 0.999
26 - INFO - chord#: 112 done. best_score=82.0, changed=611, unchanged=319, early_stops=8/8
26 - INFO - chord#: 114 In build_straw_man_chord_sa. tolerance = 1, sa_iterations = 1000, initial_temperature = 3.0, cooling_rate = 0.999
26 - INFO - chord#: 118 done. best_score=7.0, changed=502, unchanged=316, early_stops=8/8
26 - INFO - chord#: 120 In build_straw_man_chord_sa. tolerance = 1, sa_iterations = 1000, initial_temperature = 3.0, cooling_rate = 0.999
26 - INFO - chord#: 140 done. best_score=27.0, changed=530, unchanged=584, early_stops=8/8
26 - INFO - chord#: 142 In build_straw_man_chord_sa. tolerance = 1, sa_iterations = 1000, initial_temperature = 3.0, cooling_rate = 0.999
26 - INFO - chord#: 140 done. best_score=27.0, changed=530, unchanged=421, early_stops=8/8
26 - INFO - chord#: 142 In build_straw_man_chord_sa. tolerance = 1, sa_iterations = 1000, initial_temperature = 3.0, cooling_rate = 0.999
26 - INFO - chord#: 112 done. best_score=82.0, changed=620, unchanged=371, early_stops=8/8
26 - INFO - chord#: 114 In build_straw_man_chord_sa. tolerance = 1, sa_iterations = 1000, initial_temperature = 3.0, cooling_rate = 0.999
26 - INFO - chord#: 116 done. best_score=27.0, changed=522, unchanged=447, early_stops=8/8
26 - INFO - chord#: 118 In build_straw_man_chord_sa. tolerance = 1, sa_iterations = 1000, initial_temperature = 3.0, cooling_rate = 0.999
26 - INFO - chord#: 138 done. best_score=47.0, changed=529, unchanged=328, early_stops=8/8
26 - INFO - chord#: 140 In build_straw_man_chord_sa. tolerance = 1, sa_iterations = 1000, initial_temperature = 3.0, cooling_rate = 0.999
26 - INFO - chord#: 118 done. best_score=7.0, changed=491, unchanged=321, early_stops=8/8
26 - INFO - chord#: 120 In build_straw_man_chord_sa. tolerance = 1, sa_iterations = 1000, initial_temperature = 3.0, cooling_rate = 0.999
26 - INFO - chord#: 124 done. best_score=27.0, changed=517, unchanged=325, early_stops=8/8
26 - INFO - chord#: 128 In build_straw_man_chord_sa. tolerance = 1, sa_iterations = 1000, initial_temperature = 3.0, cooling_rate = 0.999
26 - INFO - chord#: 114 done. best_score=64.0, changed=611, unchanged=273, early_stops=8/8
26 - INFO - chord#: 115 In build_straw_man_chord_sa. tolerance = 1, sa_iterations = 1000, initial_temperature = 3.0, cooling_rate = 0.999
26 - INFO - chord#: 142 done. best_score=27.0, changed=520, unchanged=365, early_stops=8/8
26 - INFO - chord#: 144 In build_straw_man_chord_sa. tolerance = 1, sa_iterations = 1000, initial_temperature = 3.0, cooling_rate = 0.999
26 - INFO - chord#: 142 done. best_score=27.0, changed=525, unchanged=382, early_stops=8/8
26 - INFO - chord#: 144 In build_straw_man_chord_sa. tolerance = 1, sa_iterations = 1000, initial_temperature = 3.0, cooling_rate = 0.999
26 - INFO - chord#: 120 done. best_score=27.0, changed=525, unchanged=407, early_stops=8/8
26 - INFO - chord#: 124 In build_straw_man_chord_sa. tolerance = 1, sa_iterations = 1000, initial_temperature = 3.0, cooling_rate = 0.999
26 - INFO - chord#: 114 done. best_score=104.0, changed=608, unchanged=270, early_stops=8/8
26 - INFO - chord#: 115 In build_straw_man_chord_sa. tolerance = 1, sa_iterations = 1000, initial_temperature = 3.0, cooling_rate = 0.999
26 - INFO - chord#: 120 done. best_score=27.0, changed=529, unchanged=346, early_stops=8/8
26 - INFO - chord#: 124 In build_straw_man_chord_sa. tolerance = 1, sa_iterations = 1000, initial_temperature = 3.0, cooling_rate = 0.999
26 - INFO - chord#: 140 done. best_score=27.0, changed=525, unchanged=469, early_stops=8/8
26 - INFO - chord#: 142 In build_straw_man_chord_sa. tolerance = 1, sa_iterations = 1000, initial_temperature = 3.0, cooling_rate = 0.999
26 - INFO - chord#: 144 done. best_score=74.0, changed=612, unchanged=310, early_stops=8/8
26 - INFO - chord#: 146 In build_straw_man_chord_sa. tolerance = 1, sa_iterations = 1000, initial_temperature = 3.0, cooling_rate = 0.999
26 - INFO - chord#: 144 done. best_score=74.0, changed=613, unchanged=236, early_stops=8/8
26 - INFO - chord#: 146 In build_straw_man_chord_sa. tolerance = 1, sa_iterations = 1000, initial_temperature = 3.0, cooling_rate = 0.999
26 - INFO - chord#: 128 done. best_score=27.0, changed=525, unchanged=308, early_stops=8/8
26 - INFO - chord#: 130 In build_straw_man_chord_sa. tolerance = 1, sa_iterations = 1000, initial_temperature = 3.0, cooling_rate = 0.999
26 - INFO - chord#: 115 done. best_score=27.0, changed=526, unchanged=353, early_stops=8/8
26 - INFO - chord#: 116 In build_straw_man_chord_sa. tolerance = 1, sa_iterations = 1000, initial_temperature = 3.0, cooling_rate = 0.999
26 - INFO - chord#: 130 done. best_score=9.0, changed=494, unchanged=337, early_stops=8/8
26 - INFO - chord#: 132 In build_straw_man_chord_sa. tolerance = 1, sa_iterations = 1000, initial_temperature = 3.0, cooling_rate = 0.999
26 - INFO - chord#: 124 done. best_score=27.0, changed=525, unchanged=330, early_stops=8/8
26 - INFO - chord#: 128 In build_straw_man_chord_sa. tolerance = 1, sa_iterations = 1000, initial_temperature = 3.0, cooling_rate = 0.999
26 - INFO - chord#: 142 done. best_score=27.0, changed=524, unchanged=385, early_stops=8/8
26 - INFO - chord#: 144 In build_straw_man_chord_sa. tolerance = 1, sa_iterations = 1000, initial_temperature = 3.0, cooling_rate = 0.999
26 - INFO - chord#: 114 done. best_score=146.0, changed=612, unchanged=285, early_stops=8/8
26 - INFO - chord#: 115 In build_straw_man_chord_sa. tolerance = 1, sa_iterations = 1000, initial_temperature = 3.0, cooling_rate = 0.999
26 - INFO - chord#: 124 done. best_score=27.0, changed=533, unchanged=348, early_stops=8/8
26 - INFO - chord#: 128 In build_straw_man_chord_sa. tolerance = 1, sa_iterations = 1000, initial_temperature = 3.0, cooling_rate = 0.999
26 - INFO - chord#: 115 done. best_score=61.0, changed=521, unchanged=314, early_stops=8/8
26 - INFO - chord#: 116 In build_straw_man_chord_sa. tolerance = 1, sa_iterations = 1000, initial_temperature = 3.0, cooling_rate = 0.999
26 - INFO - chord#: 146 done. best_score=27.0, changed=520, unchanged=382, early_stops=8/8
26 - INFO - chord#: 147 In build_straw_man_chord_sa. tolerance = 1, sa_iterations = 1000, initial_temperature = 3.0, cooling_rate = 0.999
26 - INFO - chord#: 146 done. best_score=27.0, changed=532, unchanged=454, early_stops=8/8
26 - INFO - chord#: 147 In build_straw_man_chord_sa. tolerance = 1, sa_iterations = 1000, initial_temperature = 3.0, cooling_rate = 0.999
26 - INFO - chord#: 114 done. best_score=64.0, changed=614, unchanged=309, early_stops=8/8
26 - INFO - chord#: 115 In build_straw_man_chord_sa. tolerance = 1, sa_iterations = 1000, initial_temperature = 3.0, cooling_rate = 0.999
26 - INFO - chord#: 116 done. best_score=27.0, changed=522, unchanged=382, early_stops=8/8
26 - INFO - chord#: 118 In build_straw_man_chord_sa. tolerance = 1, sa_iterations = 1000, initial_temperature = 3.0, cooling_rate = 0.999
26 - INFO - chord#: 128 done. best_score=27.0, changed=522, unchanged=397, early_stops=8/8
26 - INFO - chord#: 130 In build_straw_man_chord_sa. tolerance = 1, sa_iterations = 1000, initial_temperature = 3.0, cooling_rate = 0.999
26 - INFO - chord#: 132 done. best_score=27.0, changed=527, unchanged=379, early_stops=8/8
26 - INFO - chord#: 134 In build_straw_man_chord_sa. tolerance = 1, sa_iterations = 1000, initial_temperature = 3.0, cooling_rate = 0.999
26 - INFO - chord#: 144 done. best_score=96.0, changed=613, unchanged=384, early_stops=8/8
26 - INFO - chord#: 146 In build_straw_man_chord_sa. tolerance = 1, sa_iterations = 1000, initial_temperature = 3.0, cooling_rate = 0.999
26 - INFO - chord#: 130 done. best_score=9.0, changed=471, unchanged=350, early_stops=8/8
26 - INFO - chord#: 132 In build_straw_man_chord_sa. tolerance = 1, sa_iterations = 1000, initial_temperature = 3.0, cooling_rate = 0.999
26 - INFO - chord#: 118 done. best_score=7.0, changed=493, unchanged=332, early_stops=8/8
26 - INFO - chord#: 120 In build_straw_man_chord_sa. tolerance = 1, sa_iterations = 1000, initial_temperature = 3.0, cooling_rate = 0.999
26 - INFO - chord#: 115 done. best_score=27.0, changed=528, unchanged=337, early_stops=8/8
26 - INFO - chord#: 116 In build_straw_man_chord_sa. tolerance = 1, sa_iterations = 1000, initial_temperature = 3.0, cooling_rate = 0.999
26 - INFO - chord#: 116 done. best_score=27.0, changed=514, unchanged=388, early_stops=8/8
26 - INFO - chord#: 118 In build_straw_man_chord_sa. tolerance = 1, sa_iterations = 1000, initial_temperature = 3.0, cooling_rate = 0.999
26 - INFO - chord#: 128 done. best_score=27.0, changed=529, unchanged=386, early_stops=8/8
26 - INFO - chord#: 130 In build_straw_man_chord_sa. tolerance = 1, sa_iterations = 1000, initial_temperature = 3.0, cooling_rate = 0.999
26 - INFO - chord#: 144 done. best_score=74.0, changed=624, unchanged=533, early_stops=8/8
26 - INFO - chord#: 146 In build_straw_man_chord_sa. tolerance = 1, sa_iterations = 1000, initial_temperature = 3.0, cooling_rate = 0.999
26 - INFO - chord#: 118 done. best_score=7.0, changed=495, unchanged=315, early_stops=8/8
26 - INFO - chord#: 120 In build_straw_man_chord_sa. tolerance = 1, sa_iterations = 1000, initial_temperature = 3.0, cooling_rate = 0.999
26 - INFO - chord#: 130 done. best_score=9.0, changed=489, unchanged=338, early_stops=8/8
26 - INFO - chord#: 132 In build_straw_man_chord_sa. tolerance = 1, sa_iterations = 1000, initial_temperature = 3.0, cooling_rate = 0.999
26 - INFO - chord#: 115 done. best_score=27.0, changed=541, unchanged=467, early_stops=8/8
26 - INFO - chord#: 116 In build_straw_man_chord_sa. tolerance = 1, sa_iterations = 1000, initial_temperature = 3.0, cooling_rate = 0.999
26 - INFO - chord#: 132 done. best_score=27.0, changed=513, unchanged=295, early_stops=8/8
26 - INFO - chord#: 134 In build_straw_man_chord_sa. tolerance = 1, sa_iterations = 1000, initial_temperature = 3.0, cooling_rate = 0.999
26 - INFO - chord#: 146 done. best_score=27.0, changed=520, unchanged=387, early_stops=8/8
26 - INFO - chord#: 147 In build_straw_man_chord_sa. tolerance = 1, sa_iterations = 1000, initial_temperature = 3.0, cooling_rate = 0.999
26 - INFO - chord#: 144 done. best_score=74.0, changed=607, unchanged=326, early_stops=8/8
26 - INFO - chord#: 146 In build_straw_man_chord_sa. tolerance = 1, sa_iterations = 1000, initial_temperature = 3.0, cooling_rate = 0.999
26 - INFO - chord#: 120 done. best_score=27.0, changed=523, unchanged=340, early_stops=8/8
26 - INFO - chord#: 124 In build_straw_man_chord_sa. tolerance = 1, sa_iterations = 1000, initial_temperature = 3.0, cooling_rate = 0.999
26 - INFO - chord#: 146 done. best_score=27.0, changed=522, unchanged=347, early_stops=8/8
26 - INFO - chord#: 147 In build_straw_man_chord_sa. tolerance = 1, sa_iterations = 1000, initial_temperature = 3.0, cooling_rate = 0.999
26 - INFO - chord#: 116 done. best_score=27.0, changed=527, unchanged=427, early_stops=8/8
26 - INFO - chord#: 118 In build_straw_man_chord_sa. tolerance = 1, sa_iterations = 1000, initial_temperature = 3.0, cooling_rate = 0.999
26 - INFO - chord#: 147 done. best_score=104.0, changed=607, unchanged=297, early_stops=8/8
26 - INFO - chord#: 148 In build_straw_man_chord_sa. tolerance = 1, sa_iterations = 1000, initial_temperature = 3.0, cooling_rate = 0.999
26 - INFO - chord#: 147 done. best_score=64.0, changed=612, unchanged=285, early_stops=8/8
26 - INFO - chord#: 148 In build_straw_man_chord_sa. tolerance = 1, sa_iterations = 1000, initial_temperature = 3.0, cooling_rate = 0.999
26 - INFO - chord#: 118 done. best_score=7.0, changed=491, unchanged=321, early_stops=8/8
26 - INFO - chord#: 120 In build_straw_man_chord_sa. tolerance = 1, sa_iterations = 1000, initial_temperature = 3.0, cooling_rate = 0.999
26 - INFO - chord#: 120 done. best_score=27.0, changed=518, unchanged=318, early_stops=8/8
26 - INFO - chord#: 124 In build_straw_man_chord_sa. tolerance = 1, sa_iterations = 1000, initial_temperature = 3.0, cooling_rate = 0.999
26 - INFO - chord#: 132 done. best_score=27.0, changed=525, unchanged=402, early_stops=8/8
26 - INFO - chord#: 134 In build_straw_man_chord_sa. tolerance = 1, sa_iterations = 1000, initial_temperature = 3.0, cooling_rate = 0.999
26 - INFO - chord#: 116 done. best_score=27.0, changed=524, unchanged=502, early_stops=8/8
26 - INFO - chord#: 118 In build_straw_man_chord_sa. tolerance = 1, sa_iterations = 1000, initial_temperature = 3.0, cooling_rate = 0.999
26 - INFO - chord#: 118 done. best_score=7.0, changed=503, unchanged=310, early_stops=8/8
26 - INFO - chord#: 120 In build_straw_man_chord_sa. tolerance = 1, sa_iterations = 1000, initial_temperature = 3.0, cooling_rate = 0.999
26 - INFO - chord#: 146 done. best_score=27.0, changed=520, unchanged=356, early_stops=8/8
26 - INFO - chord#: 147 In build_straw_man_chord_sa. tolerance = 1, sa_iterations = 1000, initial_temperature = 3.0, cooling_rate = 0.999
26 - INFO - chord#: 148 done. best_score=27.0, changed=520, unchanged=359, early_stops=8/8
26 - INFO - chord#: 150 In build_straw_man_chord_sa. tolerance = 1, sa_iterations = 1000, initial_temperature = 3.0, cooling_rate = 0.999
26 - INFO - chord#: 124 done. best_score=27.0, changed=521, unchanged=321, early_stops=8/8
26 - INFO - chord#: 128 In build_straw_man_chord_sa. tolerance = 1, sa_iterations = 1000, initial_temperature = 3.0, cooling_rate = 0.999
26 - INFO - chord#: 148 done. best_score=27.0, changed=529, unchanged=431, early_stops=8/8
26 - INFO - chord#: 150 In build_straw_man_chord_sa. tolerance = 1, sa_iterations = 1000, initial_temperature = 3.0, cooling_rate = 0.999
26 - INFO - chord#: 150 done. best_score=9.0, changed=465, unchanged=359, early_stops=8/8
26 - INFO - chord#: 152 In build_straw_man_chord_sa. tolerance = 1, sa_iterations = 1000, initial_temperature = 3.0, cooling_rate = 0.999
26 - INFO - chord#: 134 done. best_score=74.0, changed=608, unchanged=248, early_stops=8/8
26 - INFO - chord#: 136 In build_straw_man_chord_sa. tolerance = 1, sa_iterations = 1000, initial_temperature = 3.0, cooling_rate = 0.999
26 - INFO - chord#: 150 done. best_score=9.0, changed=476, unchanged=374, early_stops=8/8
26 - INFO - chord#: 152 In build_straw_man_chord_sa. tolerance = 1, sa_iterations = 1000, initial_temperature = 3.0, cooling_rate = 0.999
26 - INFO - chord#: 124 done. best_score=27.0, changed=526, unchanged=363, early_stops=8/8
26 - INFO - chord#: 128 In build_straw_man_chord_sa. tolerance = 1, sa_iterations = 1000, initial_temperature = 3.0, cooling_rate = 0.999
26 - INFO - chord#: 134 done. best_score=74.0, changed=609, unchanged=232, early_stops=8/8
26 - INFO - chord#: 136 In build_straw_man_chord_sa. tolerance = 1, sa_iterations = 1000, initial_temperature = 3.0, cooling_rate = 0.999
26 - INFO - chord#: 147 done. best_score=64.0, changed=615, unchanged=343, early_stops=8/8
26 - INFO - chord#: 148 In build_straw_man_chord_sa. tolerance = 1, sa_iterations = 1000, initial_temperature = 3.0, cooling_rate = 0.999
26 - INFO - chord#: 120 done. best_score=27.0, changed=519, unchanged=400, early_stops=8/8
26 - INFO - chord#: 124 In build_straw_man_chord_sa. tolerance = 1, sa_iterations = 1000, initial_temperature = 3.0, cooling_rate = 0.999
26 - INFO - chord#: 120 done. best_score=27.0, changed=519, unchanged=402, early_stops=8/8
26 - INFO - chord#: 124 In build_straw_man_chord_sa. tolerance = 1, sa_iterations = 1000, initial_temperature = 3.0, cooling_rate = 0.999
26 - INFO - chord#: 128 done. best_score=27.0, changed=522, unchanged=337, early_stops=8/8
26 - INFO - chord#: 130 In build_straw_man_chord_sa. tolerance = 1, sa_iterations = 1000, initial_temperature = 3.0, cooling_rate = 0.999
26 - INFO - chord#: 152 done. best_score=27.0, changed=522, unchanged=502, early_stops=8/8
26 - INFO - chord#: 156 In build_straw_man_chord_sa. tolerance = 1, sa_iterations = 1000, initial_temperature = 3.0, cooling_rate = 0.999
26 - INFO - chord#: 152 done. best_score=27.0, changed=520, unchanged=348, early_stops=8/8
26 - INFO - chord#: 156 In build_straw_man_chord_sa. tolerance = 1, sa_iterations = 1000, initial_temperature = 3.0, cooling_rate = 0.999
26 - INFO - chord#: 147 done. best_score=64.0, changed=613, unchanged=328, early_stops=8/8
26 - INFO - chord#: 148 In build_straw_man_chord_sa. tolerance = 1, sa_iterations = 1000, initial_temperature = 3.0, cooling_rate = 0.999
26 - INFO - chord#: 130 done. best_score=9.0, changed=475, unchanged=357, early_stops=8/8
26 - INFO - chord#: 132 In build_straw_man_chord_sa. tolerance = 1, sa_iterations = 1000, initial_temperature = 3.0, cooling_rate = 0.999
26 - INFO - chord#: 128 done. best_score=27.0, changed=522, unchanged=370, early_stops=8/8
26 - INFO - chord#: 130 In build_straw_man_chord_sa. tolerance = 1, sa_iterations = 1000, initial_temperature = 3.0, cooling_rate = 0.999
26 - INFO - chord#: 148 done. best_score=27.0, changed=535, unchanged=470, early_stops=8/8
26 - INFO - chord#: 150 In build_straw_man_chord_sa. tolerance = 1, sa_iterations = 1000, initial_temperature = 3.0, cooling_rate = 0.999
26 - INFO - chord#: 130 done. best_score=9.0, changed=479, unchanged=349, early_stops=8/8
26 - INFO - chord#: 132 In build_straw_man_chord_sa. tolerance = 1, sa_iterations = 1000, initial_temperature = 3.0, cooling_rate = 0.999
26 - INFO - chord#: 124 done. best_score=27.0, changed=521, unchanged=319, early_stops=8/8
26 - INFO - chord#: 128 In build_straw_man_chord_sa. tolerance = 1, sa_iterations = 1000, initial_temperature = 3.0, cooling_rate = 0.999
26 - INFO - chord#: 124 done. best_score=27.0, changed=527, unchanged=343, early_stops=8/8
26 - INFO - chord#: 128 In build_straw_man_chord_sa. tolerance = 1, sa_iterations = 1000, initial_temperature = 3.0, cooling_rate = 0.999
26 - INFO - chord#: 156 done. best_score=27.0, changed=526, unchanged=300, early_stops=8/8
26 - INFO - chord#: 160 In build_straw_man_chord_sa. tolerance = 1, sa_iterations = 1000, initial_temperature = 3.0, cooling_rate = 0.999
26 - INFO - chord#: 147 done. best_score=64.0, changed=615, unchanged=290, early_stops=8/8
26 - INFO - chord#: 148 In build_straw_man_chord_sa. tolerance = 1, sa_iterations = 1000, initial_temperature = 3.0, cooling_rate = 0.999
26 - INFO - chord#: 150 done. best_score=9.0, changed=467, unchanged=358, early_stops=8/8
26 - INFO - chord#: 152 In build_straw_man_chord_sa. tolerance = 1, sa_iterations = 1000, initial_temperature = 3.0, cooling_rate = 0.999
26 - INFO - chord#: 148 done. best_score=27.0, changed=518, unchanged=348, early_stops=8/8
26 - INFO - chord#: 150 In build_straw_man_chord_sa. tolerance = 1, sa_iterations = 1000, initial_temperature = 3.0, cooling_rate = 0.999
26 - INFO - chord#: 156 done. best_score=27.0, changed=528, unchanged=386, early_stops=8/8
26 - INFO - chord#: 160 In build_straw_man_chord_sa. tolerance = 1, sa_iterations = 1000, initial_temperature = 3.0, cooling_rate = 0.999
26 - INFO - chord#: 134 done. best_score=74.0, changed=611, unchanged=265, early_stops=8/8
26 - INFO - chord#: 136 In build_straw_man_chord_sa. tolerance = 1, sa_iterations = 1000, initial_temperature = 3.0, cooling_rate = 0.999
26 - INFO - chord#: 150 done. best_score=9.0, changed=466, unchanged=369, early_stops=8/8
26 - INFO - chord#: 152 In build_straw_man_chord_sa. tolerance = 1, sa_iterations = 1000, initial_temperature = 3.0, cooling_rate = 0.999
26 - INFO - chord#: 132 done. best_score=27.0, changed=516, unchanged=333, early_stops=8/8
26 - INFO - chord#: 134 In build_straw_man_chord_sa. tolerance = 1, sa_iterations = 1000, initial_temperature = 3.0, cooling_rate = 0.999
26 - INFO - chord#: 160 done. best_score=27.0, changed=524, unchanged=371, early_stops=8/8
26 - INFO - chord#: 162 In build_straw_man_chord_sa. tolerance = 1, sa_iterations = 1000, initial_temperature = 3.0, cooling_rate = 0.999
26 - INFO - chord#: 148 done. best_score=27.0, changed=520, unchanged=412, early_stops=8/8
26 - INFO - chord#: 150 In build_straw_man_chord_sa. tolerance = 1, sa_iterations = 1000, initial_temperature = 3.0, cooling_rate = 0.999
26 - INFO - chord#: 160 done. best_score=27.0, changed=514, unchanged=301, early_stops=8/8
26 - INFO - chord#: 162 In build_straw_man_chord_sa. tolerance = 1, sa_iterations = 1000, initial_temperature = 3.0, cooling_rate = 0.999
26 - INFO - chord#: 152 done. best_score=27.0, changed=513, unchanged=326, early_stops=8/8
26 - INFO - chord#: 156 In build_straw_man_chord_sa. tolerance = 1, sa_iterations = 1000, initial_temperature = 3.0, cooling_rate = 0.999
26 - INFO - chord#: 128 done. best_score=27.0, changed=529, unchanged=377, early_stops=8/8
26 - INFO - chord#: 130 In build_straw_man_chord_sa. tolerance = 1, sa_iterations = 1000, initial_temperature = 3.0, cooling_rate = 0.999
26 - INFO - chord#: 128 done. best_score=27.0, changed=520, unchanged=322, early_stops=8/8
26 - INFO - chord#: 130 In build_straw_man_chord_sa. tolerance = 1, sa_iterations = 1000, initial_temperature = 3.0, cooling_rate = 0.999
26 - INFO - chord#: 150 done. best_score=9.0, changed=460, unchanged=353, early_stops=8/8
26 - INFO - chord#: 152 In build_straw_man_chord_sa. tolerance = 1, sa_iterations = 1000, initial_temperature = 3.0, cooling_rate = 0.999
26 - INFO - chord#: 132 done. best_score=27.0, changed=527, unchanged=478, early_stops=8/8
26 - INFO - chord#: 134 In build_straw_man_chord_sa. tolerance = 1, sa_iterations = 1000, initial_temperature = 3.0, cooling_rate = 0.999
26 - INFO - chord#: 136 done. best_score=140.0, changed=616, unchanged=386, early_stops=8/8
26 - INFO - chord#: 138 In build_straw_man_chord_sa. tolerance = 1, sa_iterations = 1000, initial_temperature = 3.0, cooling_rate = 0.999
26 - INFO - chord#: 136 done. best_score=157.0, changed=616, unchanged=334, early_stops=8/8
26 - INFO - chord#: 138 In build_straw_man_chord_sa. tolerance = 1, sa_iterations = 1000, initial_temperature = 3.0, cooling_rate = 0.999
26 - INFO - chord#: 130 done. best_score=9.0, changed=470, unchanged=356, early_stops=8/8
26 - INFO - chord#: 132 In build_straw_man_chord_sa. tolerance = 1, sa_iterations = 1000, initial_temperature = 3.0, cooling_rate = 0.999
26 - INFO - chord#: 130 done. best_score=9.0, changed=470, unchanged=362, early_stops=8/8
26 - INFO - chord#: 132 In build_straw_man_chord_sa. tolerance = 1, sa_iterations = 1000, initial_temperature = 3.0, cooling_rate = 0.999
26 - INFO - chord#: 152 done. best_score=27.0, changed=516, unchanged=481, early_stops=8/8
26 - INFO - chord#: 156 In build_straw_man_chord_sa. tolerance = 1, sa_iterations = 1000, initial_temperature = 3.0, cooling_rate = 0.999
26 - INFO - chord#: 162 done. best_score=27.0, changed=515, unchanged=317, early_stops=8/8
26 - INFO - chord#: 164 In build_straw_man_chord_sa. tolerance = 1, sa_iterations = 1000, initial_temperature = 3.0, cooling_rate = 0.999
26 - INFO - chord#: 156 done. best_score=27.0, changed=523, unchanged=374, early_stops=8/8
26 - INFO - chord#: 160 In build_straw_man_chord_sa. tolerance = 1, sa_iterations = 1000, initial_temperature = 3.0, cooling_rate = 0.999
26 - INFO - chord#: 162 done. best_score=27.0, changed=524, unchanged=542, early_stops=8/8
26 - INFO - chord#: 164 In build_straw_man_chord_sa. tolerance = 1, sa_iterations = 1000, initial_temperature = 3.0, cooling_rate = 0.999
26 - INFO - chord#: 138 done. best_score=49.0, changed=532, unchanged=357, early_stops=8/8
26 - INFO - chord#: 140 In build_straw_man_chord_sa. tolerance = 1, sa_iterations = 1000, initial_temperature = 3.0, cooling_rate = 0.999
26 - INFO - chord#: 152 done. best_score=27.0, changed=523, unchanged=442, early_stops=8/8
26 - INFO - chord#: 156 In build_straw_man_chord_sa. tolerance = 1, sa_iterations = 1000, initial_temperature = 3.0, cooling_rate = 0.999
26 - INFO - chord#: 138 done. best_score=49.0, changed=534, unchanged=360, early_stops=8/8
26 - INFO - chord#: 140 In build_straw_man_chord_sa. tolerance = 1, sa_iterations = 1000, initial_temperature = 3.0, cooling_rate = 0.999
26 - INFO - chord#: 156 done. best_score=27.0, changed=529, unchanged=360, early_stops=8/8
26 - INFO - chord#: 160 In build_straw_man_chord_sa. tolerance = 1, sa_iterations = 1000, initial_temperature = 3.0, cooling_rate = 0.999
26 - INFO - chord#: 132 done. best_score=27.0, changed=523, unchanged=386, early_stops=8/8
26 - INFO - chord#: 134 In build_straw_man_chord_sa. tolerance = 1, sa_iterations = 1000, initial_temperature = 3.0, cooling_rate = 0.999
26 - INFO - chord#: 132 done. best_score=27.0, changed=518, unchanged=325, early_stops=8/8
26 - INFO - chord#: 134 In build_straw_man_chord_sa. tolerance = 1, sa_iterations = 1000, initial_temperature = 3.0, cooling_rate = 0.999
26 - INFO - chord#: 160 done. best_score=27.0, changed=520, unchanged=353, early_stops=8/8
26 - INFO - chord#: 162 In build_straw_man_chord_sa. tolerance = 1, sa_iterations = 1000, initial_temperature = 3.0, cooling_rate = 0.999
26 - INFO - chord#: 164 done. best_score=27.0, changed=529, unchanged=601, early_stops=8/8
26 - INFO - chord#: 166 In build_straw_man_chord_sa. tolerance = 1, sa_iterations = 1000, initial_temperature = 3.0, cooling_rate = 0.999
26 - INFO - chord#: 136 done. best_score=159.0, changed=610, unchanged=239, early_stops=8/8
26 - INFO - chord#: 138 In build_straw_man_chord_sa. tolerance = 1, sa_iterations = 1000, initial_temperature = 3.0, cooling_rate = 0.999
26 - INFO - chord#: 156 done. best_score=27.0, changed=533, unchanged=331, early_stops=8/8
26 - INFO - chord#: 160 In build_straw_man_chord_sa. tolerance = 1, sa_iterations = 1000, initial_temperature = 3.0, cooling_rate = 0.999
26 - INFO - chord#: 134 done. best_score=74.0, changed=609, unchanged=245, early_stops=8/8
26 - INFO - chord#: 136 In build_straw_man_chord_sa. tolerance = 1, sa_iterations = 1000, initial_temperature = 3.0, cooling_rate = 0.999
26 - INFO - chord#: 160 done. best_score=27.0, changed=529, unchanged=338, early_stops=8/8
26 - INFO - chord#: 162 In build_straw_man_chord_sa. tolerance = 1, sa_iterations = 1000, initial_temperature = 3.0, cooling_rate = 0.999
26 - INFO - chord#: 164 done. best_score=27.0, changed=527, unchanged=600, early_stops=8/8
26 - INFO - chord#: 166 In build_straw_man_chord_sa. tolerance = 1, sa_iterations = 1000, initial_temperature = 3.0, cooling_rate = 0.999
26 - INFO - chord#: 140 done. best_score=27.0, changed=516, unchanged=352, early_stops=8/8
26 - INFO - chord#: 142 In build_straw_man_chord_sa. tolerance = 1, sa_iterations = 1000, initial_temperature = 3.0, cooling_rate = 0.999
26 - INFO - chord#: 140 done. best_score=27.0, changed=514, unchanged=349, early_stops=8/8
26 - INFO - chord#: 142 In build_straw_man_chord_sa. tolerance = 1, sa_iterations = 1000, initial_temperature = 3.0, cooling_rate = 0.999
26 - INFO - chord#: 162 done. best_score=27.0, changed=512, unchanged=314, early_stops=8/8
26 - INFO - chord#: 164 In build_straw_man_chord_sa. tolerance = 1, sa_iterations = 1000, initial_temperature = 3.0, cooling_rate = 0.999
26 - INFO - chord#: 160 done. best_score=27.0, changed=517, unchanged=344, early_stops=8/8
26 - INFO - chord#: 162 In build_straw_man_chord_sa. tolerance = 1, sa_iterations = 1000, initial_temperature = 3.0, cooling_rate = 0.999
26 - INFO - chord#: 134 done. best_score=74.0, changed=612, unchanged=240, early_stops=8/8
26 - INFO - chord#: 136 In build_straw_man_chord_sa. tolerance = 1, sa_iterations = 1000, initial_temperature = 3.0, cooling_rate = 0.999
26 - INFO - chord#: 138 done. best_score=47.0, changed=536, unchanged=366, early_stops=8/8
26 - INFO - chord#: 140 In build_straw_man_chord_sa. tolerance = 1, sa_iterations = 1000, initial_temperature = 3.0, cooling_rate = 0.999
26 - INFO - chord#: 162 done. best_score=27.0, changed=520, unchanged=424, early_stops=8/8
26 - INFO - chord#: 164 In build_straw_man_chord_sa. tolerance = 1, sa_iterations = 1000, initial_temperature = 3.0, cooling_rate = 0.999
26 - INFO - chord#: 142 done. best_score=27.0, changed=511, unchanged=318, early_stops=8/8
26 - INFO - chord#: 144 In build_straw_man_chord_sa. tolerance = 1, sa_iterations = 1000, initial_temperature = 3.0, cooling_rate = 0.999
26 - INFO - chord#: 142 done. best_score=27.0, changed=521, unchanged=376, early_stops=8/8
26 - INFO - chord#: 144 In build_straw_man_chord_sa. tolerance = 1, sa_iterations = 1000, initial_temperature = 3.0, cooling_rate = 0.999
26 - INFO - chord#: 134 done. best_score=121.0, changed=611, unchanged=236, early_stops=8/8
26 - INFO - chord#: 136 In build_straw_man_chord_sa. tolerance = 1, sa_iterations = 1000, initial_temperature = 3.0, cooling_rate = 0.999
26 - INFO - chord#: 164 done. best_score=27.0, changed=513, unchanged=483, early_stops=8/8
26 - INFO - chord#: 166 In build_straw_man_chord_sa. tolerance = 1, sa_iterations = 1000, initial_temperature = 3.0, cooling_rate = 0.999
26 - INFO - chord#: 166 done. best_score=67.0, changed=609, unchanged=276, early_stops=8/8
26 - INFO - chord#: 168 In build_straw_man_chord_sa. tolerance = 1, sa_iterations = 1000, initial_temperature = 3.0, cooling_rate = 0.999
26 - INFO - chord#: 162 done. best_score=27.0, changed=519, unchanged=412, early_stops=8/8
26 - INFO - chord#: 164 In build_straw_man_chord_sa. tolerance = 1, sa_iterations = 1000, initial_temperature = 3.0, cooling_rate = 0.999
26 - INFO - chord#: 164 done. best_score=27.0, changed=526, unchanged=394, early_stops=8/8
26 - INFO - chord#: 166 In build_straw_man_chord_sa. tolerance = 1, sa_iterations = 1000, initial_temperature = 3.0, cooling_rate = 0.999
26 - INFO - chord#: 140 done. best_score=27.0, changed=521, unchanged=421, early_stops=8/8
26 - INFO - chord#: 142 In build_straw_man_chord_sa. tolerance = 1, sa_iterations = 1000, initial_temperature = 3.0, cooling_rate = 0.999
26 - INFO - chord#: 166 done. best_score=67.0, changed=610, unchanged=293, early_stops=8/8
26 - INFO - chord#: 168 In build_straw_man_chord_sa. tolerance = 1, sa_iterations = 1000, initial_temperature = 3.0, cooling_rate = 0.999
26 - INFO - chord#: 168 done. best_score=27.0, changed=519, unchanged=393, early_stops=8/8
26 - INFO - chord#: 170 In build_straw_man_chord_sa. tolerance = 1, sa_iterations = 1000, initial_temperature = 3.0, cooling_rate = 0.999
26 - INFO - chord#: 134 done. best_score=74.0, changed=615, unchanged=406, early_stops=8/8
26 - INFO - chord#: 136 In build_straw_man_chord_sa. tolerance = 1, sa_iterations = 1000, initial_temperature = 3.0, cooling_rate = 0.999
26 - INFO - chord#: 164 done. best_score=27.0, changed=522, unchanged=527, early_stops=8/8
26 - INFO - chord#: 166 In build_straw_man_chord_sa. tolerance = 1, sa_iterations = 1000, initial_temperature = 3.0, cooling_rate = 0.999
26 - INFO - chord#: 136 done. best_score=96.0, changed=609, unchanged=341, early_stops=8/8
26 - INFO - chord#: 138 In build_straw_man_chord_sa. tolerance = 1, sa_iterations = 1000, initial_temperature = 3.0, cooling_rate = 0.999
26 - INFO - chord#: 168 done. best_score=27.0, changed=519, unchanged=403, early_stops=8/8
26 - INFO - chord#: 170 In build_straw_man_chord_sa. tolerance = 1, sa_iterations = 1000, initial_temperature = 3.0, cooling_rate = 0.999
26 - INFO - chord#: 142 done. best_score=27.0, changed=525, unchanged=425, early_stops=8/8
26 - INFO - chord#: 144 In build_straw_man_chord_sa. tolerance = 1, sa_iterations = 1000, initial_temperature = 3.0, cooling_rate = 0.999
26 - INFO - chord#: 170 done. best_score=36.0, changed=520, unchanged=339, early_stops=8/8
26 - INFO - chord#: 172 In build_straw_man_chord_sa. tolerance = 1, sa_iterations = 1000, initial_temperature = 3.0, cooling_rate = 0.999
26 - INFO - chord#: 136 done. best_score=78.0, changed=615, unchanged=280, early_stops=8/8
26 - INFO - chord#: 138 In build_straw_man_chord_sa. tolerance = 1, sa_iterations = 1000, initial_temperature = 3.0, cooling_rate = 0.999
26 - INFO - chord#: 136 done. best_score=101.0, changed=608, unchanged=299, early_stops=8/8
26 - INFO - chord#: 138 In build_straw_man_chord_sa. tolerance = 1, sa_iterations = 1000, initial_temperature = 3.0, cooling_rate = 0.999
26 - INFO - chord#: 144 done. best_score=144.0, changed=612, unchanged=253, early_stops=8/8
26 - INFO - chord#: 146 In build_straw_man_chord_sa. tolerance = 1, sa_iterations = 1000, initial_temperature = 3.0, cooling_rate = 0.999
26 - INFO - chord#: 138 done. best_score=49.0, changed=527, unchanged=312, early_stops=8/8
26 - INFO - chord#: 140 In build_straw_man_chord_sa. tolerance = 1, sa_iterations = 1000, initial_temperature = 3.0, cooling_rate = 0.999
26 - INFO - chord#: 170 done. best_score=36.0, changed=517, unchanged=407, early_stops=8/8
26 - INFO - chord#: 172 In build_straw_man_chord_sa. tolerance = 1, sa_iterations = 1000, initial_temperature = 3.0, cooling_rate = 0.999
26 - INFO - chord#: 166 done. best_score=67.0, changed=614, unchanged=534, early_stops=8/8
26 - INFO - chord#: 168 In build_straw_man_chord_sa. tolerance = 1, sa_iterations = 1000, initial_temperature = 3.0, cooling_rate = 0.999
26 - INFO - chord#: 166 done. best_score=67.0, changed=616, unchanged=380, early_stops=8/8
26 - INFO - chord#: 168 In build_straw_man_chord_sa. tolerance = 1, sa_iterations = 1000, initial_temperature = 3.0, cooling_rate = 0.999
26 - INFO - chord#: 144 done. best_score=74.0, changed=609, unchanged=527, early_stops=8/8
26 - INFO - chord#: 146 In build_straw_man_chord_sa. tolerance = 1, sa_iterations = 1000, initial_temperature = 3.0, cooling_rate = 0.999
26 - INFO - chord#: 138 done. best_score=47.0, changed=530, unchanged=357, early_stops=8/8
26 - INFO - chord#: 140 In build_straw_man_chord_sa. tolerance = 1, sa_iterations = 1000, initial_temperature = 3.0, cooling_rate = 0.999
26 - INFO - chord#: 172 done. best_score=27.0, changed=525, unchanged=465, early_stops=8/8
26 - INFO - chord#: 174 In build_straw_man_chord_sa. tolerance = 1, sa_iterations = 1000, initial_temperature = 3.0, cooling_rate = 0.999
26 - INFO - chord#: 138 done. best_score=47.0, changed=534, unchanged=410, early_stops=8/8
26 - INFO - chord#: 140 In build_straw_man_chord_sa. tolerance = 1, sa_iterations = 1000, initial_temperature = 3.0, cooling_rate = 0.999
26 - INFO - chord#: 146 done. best_score=36.0, changed=548, unchanged=287, early_stops=8/8
26 - INFO - chord#: 147 In build_straw_man_chord_sa. tolerance = 1, sa_iterations = 1000, initial_temperature = 3.0, cooling_rate = 0.999
26 - INFO - chord#: 166 done. best_score=67.0, changed=611, unchanged=345, early_stops=8/8
26 - INFO - chord#: 168 In build_straw_man_chord_sa. tolerance = 1, sa_iterations = 1000, initial_temperature = 3.0, cooling_rate = 0.999
26 - INFO - chord#: 172 done. best_score=36.0, changed=519, unchanged=340, early_stops=8/8
26 - INFO - chord#: 174 In build_straw_man_chord_sa. tolerance = 1, sa_iterations = 1000, initial_temperature = 3.0, cooling_rate = 0.999
26 - INFO - chord#: 168 done. best_score=27.0, changed=519, unchanged=430, early_stops=8/8
26 - INFO - chord#: 170 In build_straw_man_chord_sa. tolerance = 1, sa_iterations = 1000, initial_temperature = 3.0, cooling_rate = 0.999
26 - INFO - chord#: 168 done. best_score=27.0, changed=520, unchanged=353, early_stops=8/8
26 - INFO - chord#: 170 In build_straw_man_chord_sa. tolerance = 1, sa_iterations = 1000, initial_temperature = 3.0, cooling_rate = 0.999
26 - INFO - chord#: 140 done. best_score=27.0, changed=526, unchanged=517, early_stops=8/8
26 - INFO - chord#: 142 In build_straw_man_chord_sa. tolerance = 1, sa_iterations = 1000, initial_temperature = 3.0, cooling_rate = 0.999
26 - INFO - chord#: 174 done. best_score=27.0, changed=528, unchanged=393, early_stops=8/8
26 - INFO - chord#: 176 In build_straw_man_chord_sa. tolerance = 1, sa_iterations = 1000, initial_temperature = 3.0, cooling_rate = 0.999
26 - INFO - chord#: 146 done. best_score=27.0, changed=517, unchanged=377, early_stops=8/8
26 - INFO - chord#: 147 In build_straw_man_chord_sa. tolerance = 1, sa_iterations = 1000, initial_temperature = 3.0, cooling_rate = 0.999
26 - INFO - chord#: 140 done. best_score=27.0, changed=527, unchanged=636, early_stops=8/8
26 - INFO - chord#: 142 In build_straw_man_chord_sa. tolerance = 1, sa_iterations = 1000, initial_temperature = 3.0, cooling_rate = 0.999
26 - INFO - chord#: 144 done. best_score=145.0, changed=611, unchanged=260, early_stops=8/8
26 - INFO - chord#: 146 In build_straw_man_chord_sa. tolerance = 1, sa_iterations = 1000, initial_temperature = 3.0, cooling_rate = 0.999
26 - INFO - chord#: 174 done. best_score=27.0, changed=519, unchanged=309, early_stops=8/8
26 - INFO - chord#: 176 In build_straw_man_chord_sa. tolerance = 1, sa_iterations = 1000, initial_temperature = 3.0, cooling_rate = 0.999
26 - INFO - chord#: 136 done. best_score=78.0, changed=612, unchanged=352, early_stops=8/8
26 - INFO - chord#: 138 In build_straw_man_chord_sa. tolerance = 1, sa_iterations = 1000, initial_temperature = 3.0, cooling_rate = 0.999
26 - INFO - chord#: 168 done. best_score=27.0, changed=522, unchanged=348, early_stops=8/8
26 - INFO - chord#: 170 In build_straw_man_chord_sa. tolerance = 1, sa_iterations = 1000, initial_temperature = 3.0, cooling_rate = 0.999
26 - INFO - chord#: 140 done. best_score=27.0, changed=519, unchanged=362, early_stops=8/8
26 - INFO - chord#: 142 In build_straw_man_chord_sa. tolerance = 1, sa_iterations = 1000, initial_temperature = 3.0, cooling_rate = 0.999
26 - INFO - chord#: 170 done. best_score=36.0, changed=527, unchanged=396, early_stops=8/8
26 - INFO - chord#: 172 In build_straw_man_chord_sa. tolerance = 1, sa_iterations = 1000, initial_temperature = 3.0, cooling_rate = 0.999
26 - INFO - chord#: 176 done. best_score=27.0, changed=511, unchanged=296, early_stops=8/8
26 - INFO - chord#: 180 In build_straw_man_chord_sa. tolerance = 1, sa_iterations = 1000, initial_temperature = 3.0, cooling_rate = 0.999
26 - INFO - chord#: 170 done. best_score=36.0, changed=524, unchanged=416, early_stops=8/8
26 - INFO - chord#: 172 In build_straw_man_chord_sa. tolerance = 1, sa_iterations = 1000, initial_temperature = 3.0, cooling_rate = 0.999
26 - INFO - chord#: 142 done. best_score=27.0, changed=518, unchanged=400, early_stops=8/8
26 - INFO - chord#: 144 In build_straw_man_chord_sa. tolerance = 1, sa_iterations = 1000, initial_temperature = 3.0, cooling_rate = 0.999
26 - INFO - chord#: 176 done. best_score=27.0, changed=517, unchanged=328, early_stops=8/8
26 - INFO - chord#: 180 In build_straw_man_chord_sa. tolerance = 1, sa_iterations = 1000, initial_temperature = 3.0, cooling_rate = 0.999
26 - INFO - chord#: 142 done. best_score=27.0, changed=533, unchanged=434, early_stops=8/8
26 - INFO - chord#: 144 In build_straw_man_chord_sa. tolerance = 1, sa_iterations = 1000, initial_temperature = 3.0, cooling_rate = 0.999
26 - INFO - chord#: 146 done. best_score=36.0, changed=532, unchanged=296, early_stops=8/8
26 - INFO - chord#: 147 In build_straw_man_chord_sa. tolerance = 1, sa_iterations = 1000, initial_temperature = 3.0, cooling_rate = 0.999
26 - INFO - chord#: 170 done. best_score=36.0, changed=525, unchanged=385, early_stops=8/8
26 - INFO - chord#: 172 In build_straw_man_chord_sa. tolerance = 1, sa_iterations = 1000, initial_temperature = 3.0, cooling_rate = 0.999
26 - INFO - chord#: 142 done. best_score=27.0, changed=521, unchanged=329, early_stops=8/8
26 - INFO - chord#: 144 In build_straw_man_chord_sa. tolerance = 1, sa_iterations = 1000, initial_temperature = 3.0, cooling_rate = 0.999
26 - INFO - chord#: 172 done. best_score=27.0, changed=513, unchanged=325, early_stops=8/8
26 - INFO - chord#: 174 In build_straw_man_chord_sa. tolerance = 1, sa_iterations = 1000, initial_temperature = 3.0, cooling_rate = 0.999
26 - INFO - chord#: 138 done. best_score=47.0, changed=525, unchanged=469, early_stops=8/8
26 - INFO - chord#: 140 In build_straw_man_chord_sa. tolerance = 1, sa_iterations = 1000, initial_temperature = 3.0, cooling_rate = 0.999
26 - INFO - chord#: 147 done. best_score=71.0, changed=613, unchanged=216, early_stops=8/8
26 - INFO - chord#: 148 In build_straw_man_chord_sa. tolerance = 1, sa_iterations = 1000, initial_temperature = 3.0, cooling_rate = 0.999
26 - INFO - chord#: 180 done. best_score=27.0, changed=518, unchanged=423, early_stops=8/8
26 - INFO - chord#: 182 In build_straw_man_chord_sa. tolerance = 1, sa_iterations = 1000, initial_temperature = 3.0, cooling_rate = 0.999
26 - INFO - chord#: 172 done. best_score=27.0, changed=522, unchanged=488, early_stops=8/8
26 - INFO - chord#: 174 In build_straw_man_chord_sa. tolerance = 1, sa_iterations = 1000, initial_temperature = 3.0, cooling_rate = 0.999
26 - INFO - chord#: 180 done. best_score=27.0, changed=521, unchanged=425, early_stops=8/8
26 - INFO - chord#: 182 In build_straw_man_chord_sa. tolerance = 1, sa_iterations = 1000, initial_temperature = 3.0, cooling_rate = 0.999
26 - INFO - chord#: 172 done. best_score=27.0, changed=527, unchanged=465, early_stops=8/8
26 - INFO - chord#: 174 In build_straw_man_chord_sa. tolerance = 1, sa_iterations = 1000, initial_temperature = 3.0, cooling_rate = 0.999
26 - INFO - chord#: 174 done. best_score=27.0, changed=536, unchanged=396, early_stops=8/8
26 - INFO - chord#: 176 In build_straw_man_chord_sa. tolerance = 1, sa_iterations = 1000, initial_temperature = 3.0, cooling_rate = 0.999
26 - INFO - chord#: 182 done. best_score=47.0, changed=513, unchanged=338, early_stops=8/8
26 - INFO - chord#: 183 In build_straw_man_chord_sa. tolerance = 1, sa_iterations = 1000, initial_temperature = 3.0, cooling_rate = 0.999
26 - INFO - chord#: 148 done. best_score=36.0, changed=526, unchanged=346, early_stops=8/8
26 - INFO - chord#: 150 In build_straw_man_chord_sa. tolerance = 1, sa_iterations = 1000, initial_temperature = 3.0, cooling_rate = 0.999
26 - INFO - chord#: 174 done. best_score=27.0, changed=529, unchanged=404, early_stops=8/8
26 - INFO - chord#: 176 In build_straw_man_chord_sa. tolerance = 1, sa_iterations = 1000, initial_temperature = 3.0, cooling_rate = 0.999
26 - INFO - chord#: 140 done. best_score=27.0, changed=517, unchanged=375, early_stops=8/8
26 - INFO - chord#: 142 In build_straw_man_chord_sa. tolerance = 1, sa_iterations = 1000, initial_temperature = 3.0, cooling_rate = 0.999
26 - INFO - chord#: 150 done. best_score=9.0, changed=506, unchanged=312, early_stops=8/8
26 - INFO - chord#: 152 In build_straw_man_chord_sa. tolerance = 1, sa_iterations = 1000, initial_temperature = 3.0, cooling_rate = 0.999
26 - INFO - chord#: 147 done. best_score=71.0, changed=608, unchanged=240, early_stops=8/8
26 - INFO - chord#: 148 In build_straw_man_chord_sa. tolerance = 1, sa_iterations = 1000, initial_temperature = 3.0, cooling_rate = 0.999
26 - INFO - chord#: 182 done. best_score=47.0, changed=530, unchanged=542, early_stops=8/8
26 - INFO - chord#: 183 In build_straw_man_chord_sa. tolerance = 1, sa_iterations = 1000, initial_temperature = 3.0, cooling_rate = 0.999
26 - INFO - chord#: 174 done. best_score=27.0, changed=527, unchanged=355, early_stops=8/8
26 - INFO - chord#: 176 In build_straw_man_chord_sa. tolerance = 1, sa_iterations = 1000, initial_temperature = 3.0, cooling_rate = 0.999
26 - INFO - chord#: 176 done. best_score=27.0, changed=527, unchanged=396, early_stops=8/8
26 - INFO - chord#: 180 In build_straw_man_chord_sa. tolerance = 1, sa_iterations = 1000, initial_temperature = 3.0, cooling_rate = 0.999
26 - INFO - chord#: 147 done. best_score=64.0, changed=613, unchanged=446, early_stops=8/8
26 - INFO - chord#: 148 In build_straw_man_chord_sa. tolerance = 1, sa_iterations = 1000, initial_temperature = 3.0, cooling_rate = 0.999
26 - INFO - chord#: 176 done. best_score=27.0, changed=522, unchanged=465, early_stops=8/8
26 - INFO - chord#: 180 In build_straw_man_chord_sa. tolerance = 1, sa_iterations = 1000, initial_temperature = 3.0, cooling_rate = 0.999
26 - INFO - chord#: 148 done. best_score=27.0, changed=527, unchanged=560, early_stops=8/8
26 - INFO - chord#: 150 In build_straw_man_chord_sa. tolerance = 1, sa_iterations = 1000, initial_temperature = 3.0, cooling_rate = 0.999
26 - INFO - chord#: 144 done. best_score=74.0, changed=616, unchanged=336, early_stops=8/8
26 - INFO - chord#: 146 In build_straw_man_chord_sa. tolerance = 1, sa_iterations = 1000, initial_temperature = 3.0, cooling_rate = 0.999
26 - INFO - chord#: 142 done. best_score=27.0, changed=522, unchanged=475, early_stops=8/8
26 - INFO - chord#: 144 In build_straw_man_chord_sa. tolerance = 1, sa_iterations = 1000, initial_temperature = 3.0, cooling_rate = 0.999
26 - INFO - chord#: 176 done. best_score=27.0, changed=530, unchanged=428, early_stops=8/8
26 - INFO - chord#: 180 In build_straw_man_chord_sa. tolerance = 1, sa_iterations = 1000, initial_temperature = 3.0, cooling_rate = 0.999
26 - INFO - chord#: 152 done. best_score=27.0, changed=523, unchanged=420, early_stops=8/8
26 - INFO - chord#: 156 In build_straw_man_chord_sa. tolerance = 1, sa_iterations = 1000, initial_temperature = 3.0, cooling_rate = 0.999
26 - INFO - chord#: 150 done. best_score=9.0, changed=477, unchanged=355, early_stops=8/8
26 - INFO - chord#: 152 In build_straw_man_chord_sa. tolerance = 1, sa_iterations = 1000, initial_temperature = 3.0, cooling_rate = 0.999
26 - INFO - chord#: 180 done. best_score=27.0, changed=510, unchanged=389, early_stops=8/8
26 - INFO - chord#: 182 In build_straw_man_chord_sa. tolerance = 1, sa_iterations = 1000, initial_temperature = 3.0, cooling_rate = 0.999
26 - INFO - chord#: 144 done. best_score=74.0, changed=623, unchanged=537, early_stops=8/8
26 - INFO - chord#: 146 In build_straw_man_chord_sa. tolerance = 1, sa_iterations = 1000, initial_temperature = 3.0, cooling_rate = 0.999
26 - INFO - chord#: 148 done. best_score=27.0, changed=529, unchanged=388, early_stops=8/8
26 - INFO - chord#: 150 In build_straw_man_chord_sa. tolerance = 1, sa_iterations = 1000, initial_temperature = 3.0, cooling_rate = 0.999
26 - INFO - chord#: 180 done. best_score=27.0, changed=518, unchanged=433, early_stops=8/8
26 - INFO - chord#: 182 In build_straw_man_chord_sa. tolerance = 1, sa_iterations = 1000, initial_temperature = 3.0, cooling_rate = 0.999
26 - INFO - chord#: 183 done. best_score=105.0, changed=608, unchanged=289, early_stops=8/8
26 - INFO - chord#: 184 In build_straw_man_chord_sa. tolerance = 1, sa_iterations = 1000, initial_temperature = 3.0, cooling_rate = 0.999
26 - INFO - chord#: 150 done. best_score=9.0, changed=475, unchanged=358, early_stops=8/8
26 - INFO - chord#: 152 In build_straw_man_chord_sa. tolerance = 1, sa_iterations = 1000, initial_temperature = 3.0, cooling_rate = 0.999
26 - INFO - chord#: 180 done. best_score=27.0, changed=517, unchanged=312, early_stops=8/8
26 - INFO - chord#: 182 In build_straw_man_chord_sa. tolerance = 1, sa_iterations = 1000, initial_temperature = 3.0, cooling_rate = 0.999
26 - INFO - chord#: 144 done. best_score=74.0, changed=614, unchanged=544, early_stops=8/8
26 - INFO - chord#: 146 In build_straw_man_chord_sa. tolerance = 1, sa_iterations = 1000, initial_temperature = 3.0, cooling_rate = 0.999
26 - INFO - chord#: 156 done. best_score=27.0, changed=528, unchanged=318, early_stops=8/8
26 - INFO - chord#: 160 In build_straw_man_chord_sa. tolerance = 1, sa_iterations = 1000, initial_temperature = 3.0, cooling_rate = 0.999
26 - INFO - chord#: 152 done. best_score=27.0, changed=529, unchanged=440, early_stops=8/8
26 - INFO - chord#: 156 In build_straw_man_chord_sa. tolerance = 1, sa_iterations = 1000, initial_temperature = 3.0, cooling_rate = 0.999
26 - INFO - chord#: 182 done. best_score=47.0, changed=524, unchanged=356, early_stops=8/8
26 - INFO - chord#: 183 In build_straw_man_chord_sa. tolerance = 1, sa_iterations = 1000, initial_temperature = 3.0, cooling_rate = 0.999
26 - INFO - chord#: 146 done. best_score=27.0, changed=522, unchanged=354, early_stops=8/8
26 - INFO - chord#: 147 In build_straw_man_chord_sa. tolerance = 1, sa_iterations = 1000, initial_temperature = 3.0, cooling_rate = 0.999
26 - INFO - chord#: 183 done. best_score=111.0, changed=612, unchanged=308, early_stops=8/8
26 - INFO - chord#: 184 In build_straw_man_chord_sa. tolerance = 1, sa_iterations = 1000, initial_temperature = 3.0, cooling_rate = 0.999
26 - INFO - chord#: 184 done. best_score=27.0, changed=520, unchanged=323, early_stops=8/8
26 - INFO - chord#: 146 done. best_score=27.0, changed=532, unchanged=398, early_stops=8/8
26 - INFO - chord#: 147 In build_straw_man_chord_sa. tolerance = 1, sa_iterations = 1000, initial_temperature = 3.0, cooling_rate = 0.999
26 - INFO - chord#: 182 done. best_score=47.0, changed=511, unchanged=456, early_stops=8/8
26 - INFO - chord#: 183 In build_straw_man_chord_sa. tolerance = 1, sa_iterations = 1000, initial_temperature = 3.0, cooling_rate = 0.999
26 - INFO - chord#: 152 done. best_score=27.0, changed=517, unchanged=325, early_stops=8/8
26 - INFO - chord#: 156 In build_straw_man_chord_sa. tolerance = 1, sa_iterations = 1000, initial_temperature = 3.0, cooling_rate = 0.999
26 - INFO - chord#: 182 done. best_score=47.0, changed=523, unchanged=394, early_stops=8/8
26 - INFO - chord#: 183 In build_straw_man_chord_sa. tolerance = 1, sa_iterations = 1000, initial_temperature = 3.0, cooling_rate = 0.999
26 - INFO - chord#: 156 done. best_score=27.0, changed=518, unchanged=407, early_stops=8/8
26 - INFO - chord#: 160 In build_straw_man_chord_sa. tolerance = 1, sa_iterations = 1000, initial_temperature = 3.0, cooling_rate = 0.999
26 - INFO - chord#: 184 done. best_score=27.0, changed=525, unchanged=373, early_stops=8/8
26 - INFO - chord#: 146 done. best_score=27.0, changed=524, unchanged=312, early_stops=8/8
26 - INFO - chord#: 147 In build_straw_man_chord_sa. tolerance = 1, sa_iterations = 1000, initial_temperature = 3.0, cooling_rate = 0.999
26 - INFO - chord#: 160 done. best_score=27.0, changed=526, unchanged=386, early_stops=8/8
26 - INFO - chord#: 162 In build_straw_man_chord_sa. tolerance = 1, sa_iterations = 1000, initial_temperature = 3.0, cooling_rate = 0.999
26 - INFO - chord#: 144 done. best_score=141.0, changed=611, unchanged=315, early_stops=8/8
26 - INFO - chord#: 146 In build_straw_man_chord_sa. tolerance = 1, sa_iterations = 1000, initial_temperature = 3.0, cooling_rate = 0.999
26 - INFO - chord#: 160 done. best_score=27.0, changed=520, unchanged=313, early_stops=8/8
26 - INFO - chord#: 162 In build_straw_man_chord_sa. tolerance = 1, sa_iterations = 1000, initial_temperature = 3.0, cooling_rate = 0.999
26 - INFO - chord#: 156 done. best_score=27.0, changed=526, unchanged=373, early_stops=8/8
26 - INFO - chord#: 160 In build_straw_man_chord_sa. tolerance = 1, sa_iterations = 1000, initial_temperature = 3.0, cooling_rate = 0.999
26 - INFO - chord#: 183 done. best_score=105.0, changed=611, unchanged=275, early_stops=8/8
26 - INFO - chord#: 184 In build_straw_man_chord_sa. tolerance = 1, sa_iterations = 1000, initial_temperature = 3.0, cooling_rate = 0.999
26 - INFO - chord#: 146 done. best_score=36.0, changed=523, unchanged=370, early_stops=8/8
26 - INFO - chord#: 147 In build_straw_man_chord_sa. tolerance = 1, sa_iterations = 1000, initial_temperature = 3.0, cooling_rate = 0.999
26 - INFO - chord#: 162 done. best_score=27.0, changed=537, unchanged=451, early_stops=8/8
26 - INFO - chord#: 164 In build_straw_man_chord_sa. tolerance = 1, sa_iterations = 1000, initial_temperature = 3.0, cooling_rate = 0.999
26 - INFO - chord#: 162 done. best_score=27.0, changed=519, unchanged=339, early_stops=8/8
26 - INFO - chord#: 164 In build_straw_man_chord_sa. tolerance = 1, sa_iterations = 1000, initial_temperature = 3.0, cooling_rate = 0.999
26 - INFO - chord#: 183 done. best_score=174.0, changed=608, unchanged=216, early_stops=8/8
26 - INFO - chord#: 184 In build_straw_man_chord_sa. tolerance = 1, sa_iterations = 1000, initial_temperature = 3.0, cooling_rate = 0.999
26 - INFO - chord#: 147 done. best_score=64.0, changed=608, unchanged=255, early_stops=8/8
26 - INFO - chord#: 148 In build_straw_man_chord_sa. tolerance = 1, sa_iterations = 1000, initial_temperature = 3.0, cooling_rate = 0.999
26 - INFO - chord#: 160 done. best_score=27.0, changed=521, unchanged=331, early_stops=8/8
26 - INFO - chord#: 162 In build_straw_man_chord_sa. tolerance = 1, sa_iterations = 1000, initial_temperature = 3.0, cooling_rate = 0.999
26 - INFO - chord#: 184 done. best_score=27.0, changed=522, unchanged=392, early_stops=8/8
26 - INFO - chord#: 183 done. best_score=93.0, changed=614, unchanged=348, early_stops=8/8
26 - INFO - chord#: 184 In build_straw_man_chord_sa. tolerance = 1, sa_iterations = 1000, initial_temperature = 3.0, cooling_rate = 0.999
26 - INFO - chord#: 184 done. best_score=27.0, changed=516, unchanged=315, early_stops=8/8
26 - INFO - chord#: 164 done. best_score=27.0, changed=516, unchanged=365, early_stops=8/8
26 - INFO - chord#: 166 In build_straw_man_chord_sa. tolerance = 1, sa_iterations = 1000, initial_temperature = 3.0, cooling_rate = 0.999
26 - INFO - chord#: 164 done. best_score=27.0, changed=519, unchanged=415, early_stops=8/8
26 - INFO - chord#: 166 In build_straw_man_chord_sa. tolerance = 1, sa_iterations = 1000, initial_temperature = 3.0, cooling_rate = 0.999
26 - INFO - chord#: 147 done. best_score=64.0, changed=615, unchanged=514, early_stops=8/8
26 - INFO - chord#: 148 In build_straw_man_chord_sa. tolerance = 1, sa_iterations = 1000, initial_temperature = 3.0, cooling_rate = 0.999
26 - INFO - chord#: 148 done. best_score=27.0, changed=524, unchanged=424, early_stops=8/8
26 - INFO - chord#: 150 In build_straw_man_chord_sa. tolerance = 1, sa_iterations = 1000, initial_temperature = 3.0, cooling_rate = 0.999
26 - INFO - chord#: 150 done. best_score=9.0, changed=462, unchanged=364, early_stops=8/8
26 - INFO - chord#: 152 In build_straw_man_chord_sa. tolerance = 1, sa_iterations = 1000, initial_temperature = 3.0, cooling_rate = 0.999
26 - INFO - chord#: 162 done. best_score=27.0, changed=522, unchanged=358, early_stops=8/8
26 - INFO - chord#: 164 In build_straw_man_chord_sa. tolerance = 1, sa_iterations = 1000, initial_temperature = 3.0, cooling_rate = 0.999
26 - INFO - chord#: 147 done. best_score=64.0, changed=611, unchanged=303, early_stops=8/8
26 - INFO - chord#: 148 In build_straw_man_chord_sa. tolerance = 1, sa_iterations = 1000, initial_temperature = 3.0, cooling_rate = 0.999
26 - INFO - chord#: 184 done. best_score=27.0, changed=522, unchanged=429, early_stops=8/8
26 - INFO - chord#: 148 done. best_score=27.0, changed=531, unchanged=344, early_stops=8/8
26 - INFO - chord#: 150 In build_straw_man_chord_sa. tolerance = 1, sa_iterations = 1000, initial_temperature = 3.0, cooling_rate = 0.999
26 - INFO - chord#: 147 done. best_score=71.0, changed=612, unchanged=357, early_stops=8/8
26 - INFO - chord#: 148 In build_straw_man_chord_sa. tolerance = 1, sa_iterations = 1000, initial_temperature = 3.0, cooling_rate = 0.999
26 - INFO - chord#: 150 done. best_score=9.0, changed=479, unchanged=331, early_stops=8/8
26 - INFO - chord#: 152 In build_straw_man_chord_sa. tolerance = 1, sa_iterations = 1000, initial_temperature = 3.0, cooling_rate = 0.999
26 - INFO - chord#: 152 done. best_score=27.0, changed=527, unchanged=401, early_stops=8/8
26 - INFO - chord#: 156 In build_straw_man_chord_sa. tolerance = 1, sa_iterations = 1000, initial_temperature = 3.0, cooling_rate = 0.999
26 - INFO - chord#: 164 done. best_score=27.0, changed=529, unchanged=474, early_stops=8/8
26 - INFO - chord#: 166 In build_straw_man_chord_sa. tolerance = 1, sa_iterations = 1000, initial_temperature = 3.0, cooling_rate = 0.999
26 - INFO - chord#: 148 done. best_score=27.0, changed=525, unchanged=431, early_stops=8/8
26 - INFO - chord#: 150 In build_straw_man_chord_sa. tolerance = 1, sa_iterations = 1000, initial_temperature = 3.0, cooling_rate = 0.999
26 - INFO - chord#: 148 done. best_score=27.0, changed=529, unchanged=454, early_stops=8/8
26 - INFO - chord#: 150 In build_straw_man_chord_sa. tolerance = 1, sa_iterations = 1000, initial_temperature = 3.0, cooling_rate = 0.999
26 - INFO - chord#: 166 done. best_score=96.0, changed=613, unchanged=243, early_stops=8/8
26 - INFO - chord#: 168 In build_straw_man_chord_sa. tolerance = 1, sa_iterations = 1000, initial_temperature = 3.0, cooling_rate = 0.999
26 - INFO - chord#: 150 done. best_score=9.0, changed=483, unchanged=355, early_stops=8/8
26 - INFO - chord#: 152 In build_straw_man_chord_sa. tolerance = 1, sa_iterations = 1000, initial_temperature = 3.0, cooling_rate = 0.999
26 - INFO - chord#: 150 done. best_score=9.0, changed=476, unchanged=345, early_stops=8/8
26 - INFO - chord#: 152 In build_straw_man_chord_sa. tolerance = 1, sa_iterations = 1000, initial_temperature = 3.0, cooling_rate = 0.999
26 - INFO - chord#: 152 done. best_score=27.0, changed=522, unchanged=356, early_stops=8/8
26 - INFO - chord#: 156 In build_straw_man_chord_sa. tolerance = 1, sa_iterations = 1000, initial_temperature = 3.0, cooling_rate = 0.999
26 - INFO - chord#: 156 done. best_score=27.0, changed=528, unchanged=329, early_stops=8/8
26 - INFO - chord#: 160 In build_straw_man_chord_sa. tolerance = 1, sa_iterations = 1000, initial_temperature = 3.0, cooling_rate = 0.999
26 - INFO - chord#: 166 done. best_score=67.0, changed=610, unchanged=307, early_stops=8/8
26 - INFO - chord#: 168 In build_straw_man_chord_sa. tolerance = 1, sa_iterations = 1000, initial_temperature = 3.0, cooling_rate = 0.999
26 - INFO - chord#: 156 done. best_score=27.0, changed=524, unchanged=362, early_stops=8/8
26 - INFO - chord#: 160 In build_straw_man_chord_sa. tolerance = 1, sa_iterations = 1000, initial_temperature = 3.0, cooling_rate = 0.999
26 - INFO - chord#: 168 done. best_score=27.0, changed=523, unchanged=460, early_stops=8/8
26 - INFO - chord#: 152 done. best_score=27.0, changed=524, unchanged=438, early_stops=8/8
26 - INFO - chord#: 170 In build_straw_man_chord_sa. tolerance = 1, sa_iterations = 1000, initial_temperature = 3.0, cooling_rate = 0.999
26 - INFO - chord#: 156 In build_straw_man_chord_sa. tolerance = 1, sa_iterations = 1000, initial_temperature = 3.0, cooling_rate = 0.999
26 - INFO - chord#: 160 done. best_score=27.0, changed=522, unchanged=435, early_stops=8/8
26 - INFO - chord#: 162 In build_straw_man_chord_sa. tolerance = 1, sa_iterations = 1000, initial_temperature = 3.0, cooling_rate = 0.999
26 - INFO - chord#: 152 done. best_score=27.0, changed=524, unchanged=389, early_stops=8/8
26 - INFO - chord#: 156 In build_straw_man_chord_sa. tolerance = 1, sa_iterations = 1000, initial_temperature = 3.0, cooling_rate = 0.999
26 - INFO - chord#: 168 done. best_score=27.0, changed=514, unchanged=333, early_stops=8/8
26 - INFO - chord#: 170 In build_straw_man_chord_sa. tolerance = 1, sa_iterations = 1000, initial_temperature = 3.0, cooling_rate = 0.999
26 - INFO - chord#: 166 done. best_score=162.0, changed=614, unchanged=264, early_stops=8/8
26 - INFO - chord#: 168 In build_straw_man_chord_sa. tolerance = 1, sa_iterations = 1000, initial_temperature = 3.0, cooling_rate = 0.999
26 - INFO - chord#: 160 done. best_score=27.0, changed=511, unchanged=304, early_stops=8/8
26 - INFO - chord#: 162 In build_straw_man_chord_sa. tolerance = 1, sa_iterations = 1000, initial_temperature = 3.0, cooling_rate = 0.999
26 - INFO - chord#: 156 done. best_score=27.0, changed=521, unchanged=317, early_stops=8/8
26 - INFO - chord#: 160 In build_straw_man_chord_sa. tolerance = 1, sa_iterations = 1000, initial_temperature = 3.0, cooling_rate = 0.999
26 - INFO - chord#: 170 done. best_score=36.0, changed=522, unchanged=379, early_stops=8/8
26 - INFO - chord#: 172 In build_straw_man_chord_sa. tolerance = 1, sa_iterations = 1000, initial_temperature = 3.0, cooling_rate = 0.999
26 - INFO - chord#: 162 done. best_score=27.0, changed=530, unchanged=400, early_stops=8/8
26 - INFO - chord#: 164 In build_straw_man_chord_sa. tolerance = 1, sa_iterations = 1000, initial_temperature = 3.0, cooling_rate = 0.999
26 - INFO - chord#: 156 done. best_score=27.0, changed=532, unchanged=387, early_stops=8/8
26 - INFO - chord#: 160 In build_straw_man_chord_sa. tolerance = 1, sa_iterations = 1000, initial_temperature = 3.0, cooling_rate = 0.999
26 - INFO - chord#: 170 done. best_score=36.0, changed=527, unchanged=390, early_stops=8/8
26 - INFO - chord#: 172 In build_straw_man_chord_sa. tolerance = 1, sa_iterations = 1000, initial_temperature = 3.0, cooling_rate = 0.999
26 - INFO - chord#: 168 done. best_score=27.0, changed=526, unchanged=449, early_stops=8/8
26 - INFO - chord#: 170 In build_straw_man_chord_sa. tolerance = 1, sa_iterations = 1000, initial_temperature = 3.0, cooling_rate = 0.999
26 - INFO - chord#: 160 done. best_score=27.0, changed=526, unchanged=372, early_stops=8/8
26 - INFO - chord#: 162 In build_straw_man_chord_sa. tolerance = 1, sa_iterations = 1000, initial_temperature = 3.0, cooling_rate = 0.999
26 - INFO - chord#: 162 done. best_score=27.0, changed=520, unchanged=386, early_stops=8/8
26 - INFO - chord#: 164 In build_straw_man_chord_sa. tolerance = 1, sa_iterations = 1000, initial_temperature = 3.0, cooling_rate = 0.999
26 - INFO - chord#: 172 done. best_score=27.0, changed=509, unchanged=394, early_stops=8/8
26 - INFO - chord#: 174 In build_straw_man_chord_sa. tolerance = 1, sa_iterations = 1000, initial_temperature = 3.0, cooling_rate = 0.999
26 - INFO - chord#: 160 done. best_score=27.0, changed=524, unchanged=397, early_stops=8/8
26 - INFO - chord#: 162 In build_straw_man_chord_sa. tolerance = 1, sa_iterations = 1000, initial_temperature = 3.0, cooling_rate = 0.999
26 - INFO - chord#: 164 done. best_score=27.0, changed=520, unchanged=631, early_stops=8/8
26 - INFO - chord#: 166 In build_straw_man_chord_sa. tolerance = 1, sa_iterations = 1000, initial_temperature = 3.0, cooling_rate = 0.999
26 - INFO - chord#: 170 done. best_score=36.0, changed=516, unchanged=310, early_stops=8/8
26 - INFO - chord#: 172 In build_straw_man_chord_sa. tolerance = 1, sa_iterations = 1000, initial_temperature = 3.0, cooling_rate = 0.999
26 - INFO - chord#: 172 done. best_score=27.0, changed=526, unchanged=443, early_stops=8/8
26 - INFO - chord#: 174 In build_straw_man_chord_sa. tolerance = 1, sa_iterations = 1000, initial_temperature = 3.0, cooling_rate = 0.999
26 - INFO - chord#: 162 done. best_score=27.0, changed=521, unchanged=360, early_stops=8/8
26 - INFO - chord#: 164 In build_straw_man_chord_sa. tolerance = 1, sa_iterations = 1000, initial_temperature = 3.0, cooling_rate = 0.999
26 - INFO - chord#: 174 done. best_score=27.0, changed=520, unchanged=361, early_stops=8/8
26 - INFO - chord#: 176 In build_straw_man_chord_sa. tolerance = 1, sa_iterations = 1000, initial_temperature = 3.0, cooling_rate = 0.999
26 - INFO - chord#: 162 done. best_score=27.0, changed=524, unchanged=399, early_stops=8/8
26 - INFO - chord#: 164 In build_straw_man_chord_sa. tolerance = 1, sa_iterations = 1000, initial_temperature = 3.0, cooling_rate = 0.999
26 - INFO - chord#: 164 done. best_score=27.0, changed=520, unchanged=495, early_stops=8/8
26 - INFO - chord#: 166 In build_straw_man_chord_sa. tolerance = 1, sa_iterations = 1000, initial_temperature = 3.0, cooling_rate = 0.999
26 - INFO - chord#: 172 done. best_score=27.0, changed=514, unchanged=353, early_stops=8/8
26 - INFO - chord#: 174 In build_straw_man_chord_sa. tolerance = 1, sa_iterations = 1000, initial_temperature = 3.0, cooling_rate = 0.999
26 - INFO - chord#: 174 done. best_score=27.0, changed=523, unchanged=414, early_stops=8/8
26 - INFO - chord#: 176 In build_straw_man_chord_sa. tolerance = 1, sa_iterations = 1000, initial_temperature = 3.0, cooling_rate = 0.999
26 - INFO - chord#: 164 done. best_score=27.0, changed=520, unchanged=474, early_stops=8/8
26 - INFO - chord#: 166 In build_straw_man_chord_sa. tolerance = 1, sa_iterations = 1000, initial_temperature = 3.0, cooling_rate = 0.999
26 - INFO - chord#: 176 done. best_score=27.0, changed=516, unchanged=376, early_stops=8/8
26 - INFO - chord#: 180 In build_straw_man_chord_sa. tolerance = 1, sa_iterations = 1000, initial_temperature = 3.0, cooling_rate = 0.999
26 - INFO - chord#: 174 done. best_score=27.0, changed=523, unchanged=406, early_stops=8/8
26 - INFO - chord#: 176 In build_straw_man_chord_sa. tolerance = 1, sa_iterations = 1000, initial_temperature = 3.0, cooling_rate = 0.999
26 - INFO - chord#: 164 done. best_score=27.0, changed=522, unchanged=434, early_stops=8/8
26 - INFO - chord#: 166 In build_straw_man_chord_sa. tolerance = 1, sa_iterations = 1000, initial_temperature = 3.0, cooling_rate = 0.999
26 - INFO - chord#: 176 done. best_score=27.0, changed=519, unchanged=319, early_stops=8/8
26 - INFO - chord#: 180 In build_straw_man_chord_sa. tolerance = 1, sa_iterations = 1000, initial_temperature = 3.0, cooling_rate = 0.999
26 - INFO - chord#: 166 done. best_score=78.0, changed=614, unchanged=418, early_stops=8/8
26 - INFO - chord#: 168 In build_straw_man_chord_sa. tolerance = 1, sa_iterations = 1000, initial_temperature = 3.0, cooling_rate = 0.999
26 - INFO - chord#: 180 done. best_score=27.0, changed=528, unchanged=456, early_stops=8/8
26 - INFO - chord#: 182 In build_straw_man_chord_sa. tolerance = 1, sa_iterations = 1000, initial_temperature = 3.0, cooling_rate = 0.999
26 - INFO - chord#: 180 done. best_score=27.0, changed=518, unchanged=454, early_stops=8/8
26 - INFO - chord#: 182 In build_straw_man_chord_sa. tolerance = 1, sa_iterations = 1000, initial_temperature = 3.0, cooling_rate = 0.999
26 - INFO - chord#: 176 done. best_score=27.0, changed=528, unchanged=476, early_stops=8/8
26 - INFO - chord#: 180 In build_straw_man_chord_sa. tolerance = 1, sa_iterations = 1000, initial_temperature = 3.0, cooling_rate = 0.999
26 - INFO - chord#: 168 done. best_score=36.0, changed=524, unchanged=377, early_stops=8/8
26 - INFO - chord#: 170 In build_straw_man_chord_sa. tolerance = 1, sa_iterations = 1000, initial_temperature = 3.0, cooling_rate = 0.999
26 - INFO - chord#: 182 done. best_score=47.0, changed=522, unchanged=411, early_stops=8/8
26 - INFO - chord#: 183 In build_straw_man_chord_sa. tolerance = 1, sa_iterations = 1000, initial_temperature = 3.0, cooling_rate = 0.999
26 - INFO - chord#: 166 done. best_score=145.0, changed=608, unchanged=340, early_stops=8/8
26 - INFO - chord#: 168 In build_straw_man_chord_sa. tolerance = 1, sa_iterations = 1000, initial_temperature = 3.0, cooling_rate = 0.999
26 - INFO - chord#: 166 done. best_score=67.0, changed=612, unchanged=341, early_stops=8/8
26 - INFO - chord#: 168 In build_straw_man_chord_sa. tolerance = 1, sa_iterations = 1000, initial_temperature = 3.0, cooling_rate = 0.999
26 - INFO - chord#: 182 done. best_score=47.0, changed=531, unchanged=447, early_stops=8/8
26 - INFO - chord#: 183 In build_straw_man_chord_sa. tolerance = 1, sa_iterations = 1000, initial_temperature = 3.0, cooling_rate = 0.999
26 - INFO - chord#: 180 done. best_score=27.0, changed=517, unchanged=469, early_stops=8/8
26 - INFO - chord#: 182 In build_straw_man_chord_sa. tolerance = 1, sa_iterations = 1000, initial_temperature = 3.0, cooling_rate = 0.999
26 - INFO - chord#: 166 done. best_score=137.0, changed=612, unchanged=373, early_stops=8/8
26 - INFO - chord#: 168 In build_straw_man_chord_sa. tolerance = 1, sa_iterations = 1000, initial_temperature = 3.0, cooling_rate = 0.999
26 - INFO - chord#: 170 done. best_score=36.0, changed=529, unchanged=418, early_stops=8/8
26 - INFO - chord#: 172 In build_straw_man_chord_sa. tolerance = 1, sa_iterations = 1000, initial_temperature = 3.0, cooling_rate = 0.999
26 - INFO - chord#: 168 done. best_score=27.0, changed=523, unchanged=452, early_stops=8/8
26 - INFO - chord#: 170 In build_straw_man_chord_sa. tolerance = 1, sa_iterations = 1000, initial_temperature = 3.0, cooling_rate = 0.999
26 - INFO - chord#: 168 done. best_score=27.0, changed=519, unchanged=463, early_stops=8/8
26 - INFO - chord#: 170 In build_straw_man_chord_sa. tolerance = 1, sa_iterations = 1000, initial_temperature = 3.0, cooling_rate = 0.999
26 - INFO - chord#: 182 done. best_score=47.0, changed=518, unchanged=339, early_stops=8/8
26 - INFO - chord#: 183 In build_straw_man_chord_sa. tolerance = 1, sa_iterations = 1000, initial_temperature = 3.0, cooling_rate = 0.999
26 - INFO - chord#: 172 done. best_score=27.0, changed=508, unchanged=298, early_stops=8/8
26 - INFO - chord#: 174 In build_straw_man_chord_sa. tolerance = 1, sa_iterations = 1000, initial_temperature = 3.0, cooling_rate = 0.999
26 - INFO - chord#: 168 done. best_score=27.0, changed=535, unchanged=473, early_stops=8/8
26 - INFO - chord#: 170 In build_straw_man_chord_sa. tolerance = 1, sa_iterations = 1000, initial_temperature = 3.0, cooling_rate = 0.999
26 - INFO - chord#: 170 done. best_score=36.0, changed=524, unchanged=356, early_stops=8/8
26 - INFO - chord#: 172 In build_straw_man_chord_sa. tolerance = 1, sa_iterations = 1000, initial_temperature = 3.0, cooling_rate = 0.999
26 - INFO - chord#: 183 done. best_score=144.0, changed=607, unchanged=287, early_stops=8/8
26 - INFO - chord#: 184 In build_straw_man_chord_sa. tolerance = 1, sa_iterations = 1000, initial_temperature = 3.0, cooling_rate = 0.999
26 - INFO - chord#: 170 done. best_score=36.0, changed=529, unchanged=476, early_stops=8/8
26 - INFO - chord#: 172 In build_straw_man_chord_sa. tolerance = 1, sa_iterations = 1000, initial_temperature = 3.0, cooling_rate = 0.999
26 - INFO - chord#: 174 done. best_score=27.0, changed=522, unchanged=444, early_stops=8/8
26 - INFO - chord#: 176 In build_straw_man_chord_sa. tolerance = 1, sa_iterations = 1000, initial_temperature = 3.0, cooling_rate = 0.999
26 - INFO - chord#: 170 done. best_score=36.0, changed=520, unchanged=404, early_stops=8/8
26 - INFO - chord#: 172 In build_straw_man_chord_sa. tolerance = 1, sa_iterations = 1000, initial_temperature = 3.0, cooling_rate = 0.999
26 - INFO - chord#: 183 done. best_score=113.0, changed=613, unchanged=305, early_stops=8/8
26 - INFO - chord#: 184 In build_straw_man_chord_sa. tolerance = 1, sa_iterations = 1000, initial_temperature = 3.0, cooling_rate = 0.999
26 - INFO - chord#: 172 done. best_score=27.0, changed=515, unchanged=376, early_stops=8/8
26 - INFO - chord#: 174 In build_straw_man_chord_sa. tolerance = 1, sa_iterations = 1000, initial_temperature = 3.0, cooling_rate = 0.999
26 - INFO - chord#: 184 done. best_score=27.0, changed=537, unchanged=455, early_stops=8/8
26 - INFO - chord#: 183 done. best_score=157.0, changed=610, unchanged=226, early_stops=8/8
26 - INFO - chord#: 184 In build_straw_man_chord_sa. tolerance = 1, sa_iterations = 1000, initial_temperature = 3.0, cooling_rate = 0.999
26 - INFO - chord#: 172 done. best_score=27.0, changed=512, unchanged=360, early_stops=8/8
26 - INFO - chord#: 174 In build_straw_man_chord_sa. tolerance = 1, sa_iterations = 1000, initial_temperature = 3.0, cooling_rate = 0.999
26 - INFO - chord#: 176 done. best_score=27.0, changed=527, unchanged=486, early_stops=8/8
26 - INFO - chord#: 180 In build_straw_man_chord_sa. tolerance = 1, sa_iterations = 1000, initial_temperature = 3.0, cooling_rate = 0.999
26 - INFO - chord#: 184 done. best_score=27.0, changed=525, unchanged=345, early_stops=8/8
26 - INFO - chord#: 174 done. best_score=27.0, changed=519, unchanged=343, early_stops=8/8
26 - INFO - chord#: 176 In build_straw_man_chord_sa. tolerance = 1, sa_iterations = 1000, initial_temperature = 3.0, cooling_rate = 0.999
26 - INFO - chord#: 172 done. best_score=27.0, changed=527, unchanged=505, early_stops=8/8
26 - INFO - chord#: 174 In build_straw_man_chord_sa. tolerance = 1, sa_iterations = 1000, initial_temperature = 3.0, cooling_rate = 0.999
26 - INFO - chord#: 184 done. best_score=27.0, changed=525, unchanged=386, early_stops=8/8
26 - INFO - chord#: 174 done. best_score=27.0, changed=526, unchanged=428, early_stops=8/8
26 - INFO - chord#: 176 In build_straw_man_chord_sa. tolerance = 1, sa_iterations = 1000, initial_temperature = 3.0, cooling_rate = 0.999
26 - INFO - chord#: 180 done. best_score=27.0, changed=514, unchanged=420, early_stops=8/8
26 - INFO - chord#: 182 In build_straw_man_chord_sa. tolerance = 1, sa_iterations = 1000, initial_temperature = 3.0, cooling_rate = 0.999
26 - INFO - chord#: 174 done. best_score=27.0, changed=528, unchanged=413, early_stops=8/8
26 - INFO - chord#: 176 In build_straw_man_chord_sa. tolerance = 1, sa_iterations = 1000, initial_temperature = 3.0, cooling_rate = 0.999
26 - INFO - chord#: 176 done. best_score=27.0, changed=522, unchanged=412, early_stops=8/8
26 - INFO - chord#: 180 In build_straw_man_chord_sa. tolerance = 1, sa_iterations = 1000, initial_temperature = 3.0, cooling_rate = 0.999
26 - INFO - chord#: 176 done. best_score=27.0, changed=535, unchanged=392, early_stops=8/8
26 - INFO - chord#: 180 In build_straw_man_chord_sa. tolerance = 1, sa_iterations = 1000, initial_temperature = 3.0, cooling_rate = 0.999
26 - INFO - chord#: 182 done. best_score=47.0, changed=518, unchanged=401, early_stops=8/8
26 - INFO - chord#: 183 In build_straw_man_chord_sa. tolerance = 1, sa_iterations = 1000, initial_temperature = 3.0, cooling_rate = 0.999
26 - INFO - chord#: 176 done. best_score=27.0, changed=515, unchanged=355, early_stops=8/8
26 - INFO - chord#: 180 In build_straw_man_chord_sa. tolerance = 1, sa_iterations = 1000, initial_temperature = 3.0, cooling_rate = 0.999
26 - INFO - chord#: 180 done. best_score=27.0, changed=516, unchanged=320, early_stops=8/8
26 - INFO - chord#: 182 In build_straw_man_chord_sa. tolerance = 1, sa_iterations = 1000, initial_temperature = 3.0, cooling_rate = 0.999
26 - INFO - chord#: 180 done. best_score=27.0, changed=514, unchanged=337, early_stops=8/8
26 - INFO - chord#: 182 In build_straw_man_chord_sa. tolerance = 1, sa_iterations = 1000, initial_temperature = 3.0, cooling_rate = 0.999
26 - INFO - chord#: 180 done. best_score=27.0, changed=512, unchanged=307, early_stops=8/8
26 - INFO - chord#: 182 In build_straw_man_chord_sa. tolerance = 1, sa_iterations = 1000, initial_temperature = 3.0, cooling_rate = 0.999
26 - INFO - chord#: 182 done. best_score=47.0, changed=533, unchanged=412, early_stops=8/8
26 - INFO - chord#: 183 In build_straw_man_chord_sa. tolerance = 1, sa_iterations = 1000, initial_temperature = 3.0, cooling_rate = 0.999
26 - INFO - chord#: 182 done. best_score=47.0, changed=522, unchanged=467, early_stops=8/8
26 - INFO - chord#: 183 In build_straw_man_chord_sa. tolerance = 1, sa_iterations = 1000, initial_temperature = 3.0, cooling_rate = 0.999
26 - INFO - chord#: 182 done. best_score=47.0, changed=515, unchanged=342, early_stops=8/8
26 - INFO - chord#: 183 In build_straw_man_chord_sa. tolerance = 1, sa_iterations = 1000, initial_temperature = 3.0, cooling_rate = 0.999
26 - INFO - chord#: 183 done. best_score=113.0, changed=619, unchanged=439, early_stops=8/8
26 - INFO - chord#: 184 In build_straw_man_chord_sa. tolerance = 1, sa_iterations = 1000, initial_temperature = 3.0, cooling_rate = 0.999
26 - INFO - chord#: 184 done. best_score=27.0, changed=525, unchanged=425, early_stops=8/8
26 - INFO - chord#: 183 done. best_score=105.0, changed=608, unchanged=281, early_stops=8/8
26 - INFO - chord#: 184 In build_straw_man_chord_sa. tolerance = 1, sa_iterations = 1000, initial_temperature = 3.0, cooling_rate = 0.999
26 - INFO - chord#: 183 done. best_score=93.0, changed=618, unchanged=534, early_stops=8/8
26 - INFO - chord#: 184 In build_straw_man_chord_sa. tolerance = 1, sa_iterations = 1000, initial_temperature = 3.0, cooling_rate = 0.999
26 - INFO - chord#: 183 done. best_score=105.0, changed=614, unchanged=401, early_stops=8/8
26 - INFO - chord#: 184 In build_straw_man_chord_sa. tolerance = 1, sa_iterations = 1000, initial_temperature = 3.0, cooling_rate = 0.999
26 - INFO - chord#: 184 done. best_score=27.0, changed=522, unchanged=325, early_stops=8/8
26 - INFO - chord#: 184 done. best_score=27.0, changed=535, unchanged=349, early_stops=8/8
26 - INFO - chord#: 184 done. best_score=27.0, changed=516, unchanged=358, early_stops=8/8
26 - INFO - chord#: 0 In build_straw_man_chord_sa. tolerance = 1, sa_iterations = 1000, initial_temperature = 3.0, cooling_rate = 0.999
26 - INFO - chord#: 0 In build_straw_man_chord_sa. tolerance = 1, sa_iterations = 1000, initial_temperature = 3.0, cooling_rate = 0.999
26 - INFO - chord#: 0 In build_straw_man_chord_sa. tolerance = 1, sa_iterations = 1000, initial_temperature = 3.0, cooling_rate = 0.999
26 - INFO - chord#: 0 In build_straw_man_chord_sa. tolerance = 1, sa_iterations = 1000, initial_temperature = 3.0, cooling_rate = 0.999
26 - INFO - chord#: 0 In build_straw_man_chord_sa. tolerance = 1, sa_iterations = 1000, initial_temperature = 3.0, cooling_rate = 0.999
26 - INFO - chord#: 0 In build_straw_man_chord_sa. tolerance = 1, sa_iterations = 1000, initial_temperature = 3.0, cooling_rate = 0.999
26 - INFO - chord#: 0 In build_straw_man_chord_sa. tolerance = 1, sa_iterations = 1000, initial_temperature = 3.0, cooling_rate = 0.999
26 - INFO - chord#: 0 In build_straw_man_chord_sa. tolerance = 1, sa_iterations = 1000, initial_temperature = 3.0, cooling_rate = 0.999
26 - INFO - chord#: 0 In build_straw_man_chord_sa. tolerance = 1, sa_iterations = 1000, initial_temperature = 3.0, cooling_rate = 0.999
26 - INFO - chord#: 0 In build_straw_man_chord_sa. tolerance = 1, sa_iterations = 1000, initial_temperature = 3.0, cooling_rate = 0.999
26 - INFO - chord#: 0 In build_straw_man_chord_sa. tolerance = 1, sa_iterations = 1000, initial_temperature = 3.0, cooling_rate = 0.999
26 - INFO - chord#: 0 In build_straw_man_chord_sa. tolerance = 1, sa_iterations = 1000, initial_temperature = 3.0, cooling_rate = 0.999
26 - INFO - chord#: 0 done. best_score=27.0, changed=519, unchanged=385, early_stops=8/8
26 - INFO - chord#: 8 In build_straw_man_chord_sa. tolerance = 1, sa_iterations = 1000, initial_temperature = 3.0, cooling_rate = 0.999
26 - INFO - chord#: 0 done. best_score=27.0, changed=521, unchanged=457, early_stops=8/8
26 - INFO - chord#: 8 In build_straw_man_chord_sa. tolerance = 1, sa_iterations = 1000, initial_temperature = 3.0, cooling_rate = 0.999
26 - INFO - chord#: 0 done. best_score=27.0, changed=517, unchanged=477, early_stops=8/8
26 - INFO - chord#: 8 In build_straw_man_chord_sa. tolerance = 1, sa_iterations = 1000, initial_temperature = 3.0, cooling_rate = 0.999
26 - INFO - chord#: 0 done. best_score=27.0, changed=516, unchanged=391, early_stops=8/8
26 - INFO - chord#: 8 In build_straw_man_chord_sa. tolerance = 1, sa_iterations = 1000, initial_temperature = 3.0, cooling_rate = 0.999
26 - INFO - chord#: 0 done. best_score=27.0, changed=527, unchanged=490, early_stops=8/8
26 - INFO - chord#: 8 In build_straw_man_chord_sa. tolerance = 1, sa_iterations = 1000, initial_temperature = 3.0, cooling_rate = 0.999
26 - INFO - chord#: 0 done. best_score=27.0, changed=528, unchanged=557, early_stops=8/8
26 - INFO - chord#: 8 In build_straw_man_chord_sa. tolerance = 1, sa_iterations = 1000, initial_temperature = 3.0, cooling_rate = 0.999
26 - INFO - chord#: 0 done. best_score=27.0, changed=525, unchanged=464, early_stops=8/8
26 - INFO - chord#: 8 In build_straw_man_chord_sa. tolerance = 1, sa_iterations = 1000, initial_temperature = 3.0, cooling_rate = 0.999
26 - INFO - chord#: 0 done. best_score=27.0, changed=514, unchanged=379, early_stops=8/8
26 - INFO - chord#: 8 In build_straw_man_chord_sa. tolerance = 1, sa_iterations = 1000, initial_temperature = 3.0, cooling_rate = 0.999
26 - INFO - chord#: 0 done. best_score=27.0, changed=520, unchanged=360, early_stops=8/8
26 - INFO - chord#: 8 In build_straw_man_chord_sa. tolerance = 1, sa_iterations = 1000, initial_temperature = 3.0, cooling_rate = 0.999
26 - INFO - chord#: 0 done. best_score=27.0, changed=528, unchanged=389, early_stops=8/8
26 - INFO - chord#: 8 In build_straw_man_chord_sa. tolerance = 1, sa_iterations = 1000, initial_temperature = 3.0, cooling_rate = 0.999
26 - INFO - chord#: 0 done. best_score=27.0, changed=518, unchanged=429, early_stops=8/8
26 - INFO - chord#: 8 In build_straw_man_chord_sa. tolerance = 1, sa_iterations = 1000, initial_temperature = 3.0, cooling_rate = 0.999
26 - INFO - chord#: 0 done. best_score=27.0, changed=529, unchanged=654, early_stops=8/8
26 - INFO - chord#: 8 In build_straw_man_chord_sa. tolerance = 1, sa_iterations = 1000, initial_temperature = 3.0, cooling_rate = 0.999
26 - INFO - chord#: 8 done. best_score=27.0, changed=512, unchanged=332, early_stops=8/8
26 - INFO - chord#: 10 In build_straw_man_chord_sa. tolerance = 1, sa_iterations = 1000, initial_temperature = 3.0, cooling_rate = 0.999
26 - INFO - chord#: 8 done. best_score=27.0, changed=518, unchanged=348, early_stops=8/8
26 - INFO - chord#: 10 In build_straw_man_chord_sa. tolerance = 1, sa_iterations = 1000, initial_temperature = 3.0, cooling_rate = 0.999
26 - INFO - chord#: 8 done. best_score=27.0, changed=515, unchanged=348, early_stops=8/8
26 - INFO - chord#: 10 In build_straw_man_chord_sa. tolerance = 1, sa_iterations = 1000, initial_temperature = 3.0, cooling_rate = 0.999
26 - INFO - chord#: 8 done. best_score=27.0, changed=522, unchanged=382, early_stops=8/8
26 - INFO - chord#: 10 In build_straw_man_chord_sa. tolerance = 1, sa_iterations = 1000, initial_temperature = 3.0, cooling_rate = 0.999
26 - INFO - chord#: 8 done. best_score=27.0, changed=514, unchanged=376, early_stops=8/8
26 - INFO - chord#: 10 In build_straw_man_chord_sa. tolerance = 1, sa_iterations = 1000, initial_temperature = 3.0, cooling_rate = 0.999
26 - INFO - chord#: 8 done. best_score=27.0, changed=520, unchanged=443, early_stops=8/8
26 - INFO - chord#: 10 In build_straw_man_chord_sa. tolerance = 1, sa_iterations = 1000, initial_temperature = 3.0, cooling_rate = 0.999
26 - INFO - chord#: 8 done. best_score=27.0, changed=520, unchanged=301, early_stops=8/8
26 - INFO - chord#: 10 In build_straw_man_chord_sa. tolerance = 1, sa_iterations = 1000, initial_temperature = 3.0, cooling_rate = 0.999
26 - INFO - chord#: 8 done. best_score=27.0, changed=525, unchanged=431, early_stops=8/8
26 - INFO - chord#: 10 In build_straw_man_chord_sa. tolerance = 1, sa_iterations = 1000, initial_temperature = 3.0, cooling_rate = 0.999
26 - INFO - chord#: 8 done. best_score=27.0, changed=521, unchanged=362, early_stops=8/8
26 - INFO - chord#: 10 In build_straw_man_chord_sa. tolerance = 1, sa_iterations = 1000, initial_temperature = 3.0, cooling_rate = 0.999
26 - INFO - chord#: 8 done. best_score=27.0, changed=519, unchanged=464, early_stops=8/8
26 - INFO - chord#: 10 In build_straw_man_chord_sa. tolerance = 1, sa_iterations = 1000, initial_temperature = 3.0, cooling_rate = 0.999
26 - INFO - chord#: 10 done. best_score=27.0, changed=516, unchanged=349, early_stops=8/8
26 - INFO - chord#: 12 In build_straw_man_chord_sa. tolerance = 1, sa_iterations = 1000, initial_temperature = 3.0, cooling_rate = 0.999
26 - INFO - chord#: 8 done. best_score=27.0, changed=518, unchanged=551, early_stops=8/8
26 - INFO - chord#: 10 In build_straw_man_chord_sa. tolerance = 1, sa_iterations = 1000, initial_temperature = 3.0, cooling_rate = 0.999
26 - INFO - chord#: 8 done. best_score=27.0, changed=523, unchanged=445, early_stops=8/8
26 - INFO - chord#: 10 In build_straw_man_chord_sa. tolerance = 1, sa_iterations = 1000, initial_temperature = 3.0, cooling_rate = 0.999
26 - INFO - chord#: 10 done. best_score=27.0, changed=524, unchanged=376, early_stops=8/8
26 - INFO - chord#: 12 In build_straw_man_chord_sa. tolerance = 1, sa_iterations = 1000, initial_temperature = 3.0, cooling_rate = 0.999
26 - INFO - chord#: 10 done. best_score=27.0, changed=526, unchanged=363, early_stops=8/8
26 - INFO - chord#: 12 In build_straw_man_chord_sa. tolerance = 1, sa_iterations = 1000, initial_temperature = 3.0, cooling_rate = 0.999
26 - INFO - chord#: 10 done. best_score=27.0, changed=517, unchanged=309, early_stops=8/8
26 - INFO - chord#: 12 In build_straw_man_chord_sa. tolerance = 1, sa_iterations = 1000, initial_temperature = 3.0, cooling_rate = 0.999
26 - INFO - chord#: 10 done. best_score=27.0, changed=523, unchanged=413, early_stops=8/8
26 - INFO - chord#: 12 In build_straw_man_chord_sa. tolerance = 1, sa_iterations = 1000, initial_temperature = 3.0, cooling_rate = 0.999
26 - INFO - chord#: 10 done. best_score=27.0, changed=521, unchanged=316, early_stops=8/8
26 - INFO - chord#: 12 In build_straw_man_chord_sa. tolerance = 1, sa_iterations = 1000, initial_temperature = 3.0, cooling_rate = 0.999
26 - INFO - chord#: 10 done. best_score=27.0, changed=526, unchanged=335, early_stops=8/8
26 - INFO - chord#: 10 done. best_score=27.0, changed=524, unchanged=303, early_stops=8/8
26 - INFO - chord#: 12 In build_straw_man_chord_sa. tolerance = 1, sa_iterations = 1000, initial_temperature = 3.0, cooling_rate = 0.999
26 - INFO - chord#: 12 In build_straw_man_chord_sa. tolerance = 1, sa_iterations = 1000, initial_temperature = 3.0, cooling_rate = 0.999
26 - INFO - chord#: 10 done. best_score=27.0, changed=518, unchanged=305, early_stops=8/8
26 - INFO - chord#: 12 In build_straw_man_chord_sa. tolerance = 1, sa_iterations = 1000, initial_temperature = 3.0, cooling_rate = 0.999
26 - INFO - chord#: 10 done. best_score=27.0, changed=524, unchanged=371, early_stops=8/8
26 - INFO - chord#: 12 In build_straw_man_chord_sa. tolerance = 1, sa_iterations = 1000, initial_temperature = 3.0, cooling_rate = 0.999
26 - INFO - chord#: 10 done. best_score=27.0, changed=536, unchanged=387, early_stops=8/8
26 - INFO - chord#: 12 In build_straw_man_chord_sa. tolerance = 1, sa_iterations = 1000, initial_temperature = 3.0, cooling_rate = 0.999
26 - INFO - chord#: 10 done. best_score=27.0, changed=528, unchanged=392, early_stops=8/8
26 - INFO - chord#: 12 In build_straw_man_chord_sa. tolerance = 1, sa_iterations = 1000, initial_temperature = 3.0, cooling_rate = 0.999
26 - INFO - chord#: 12 done. best_score=104.0, changed=610, unchanged=331, early_stops=8/8
26 - INFO - chord#: 14 In build_straw_man_chord_sa. tolerance = 1, sa_iterations = 1000, initial_temperature = 3.0, cooling_rate = 0.999
26 - INFO - chord#: 12 done. best_score=104.0, changed=612, unchanged=340, early_stops=8/8
26 - INFO - chord#: 14 In build_straw_man_chord_sa. tolerance = 1, sa_iterations = 1000, initial_temperature = 3.0, cooling_rate = 0.999
26 - INFO - chord#: 12 done. best_score=70.0, changed=611, unchanged=348, early_stops=8/8
26 - INFO - chord#: 14 In build_straw_man_chord_sa. tolerance = 1, sa_iterations = 1000, initial_temperature = 3.0, cooling_rate = 0.999
26 - INFO - chord#: 12 done. best_score=70.0, changed=615, unchanged=450, early_stops=8/8
26 - INFO - chord#: 14 In build_straw_man_chord_sa. tolerance = 1, sa_iterations = 1000, initial_temperature = 3.0, cooling_rate = 0.999
26 - INFO - chord#: 14 done. best_score=27.0, changed=532, unchanged=353, early_stops=8/8
26 - INFO - chord#: 14 done. best_score=57.0, changed=523, unchanged=399, early_stops=8/8
26 - INFO - chord#: 16 In build_straw_man_chord_sa. tolerance = 1, sa_iterations = 1000, initial_temperature = 3.0, cooling_rate = 0.999
26 - INFO - chord#: 16 In build_straw_man_chord_sa. tolerance = 1, sa_iterations = 1000, initial_temperature = 3.0, cooling_rate = 0.999
26 - INFO - chord#: 12 done. best_score=75.0, changed=619, unchanged=280, early_stops=8/8
26 - INFO - chord#: 14 In build_straw_man_chord_sa. tolerance = 1, sa_iterations = 1000, initial_temperature = 3.0, cooling_rate = 0.999
26 - INFO - chord#: 14 done. best_score=27.0, changed=520, unchanged=297, early_stops=8/8
26 - INFO - chord#: 16 In build_straw_man_chord_sa. tolerance = 1, sa_iterations = 1000, initial_temperature = 3.0, cooling_rate = 0.999
26 - INFO - chord#: 12 done. best_score=70.0, changed=612, unchanged=465, early_stops=8/8
26 - INFO - chord#: 14 In build_straw_man_chord_sa. tolerance = 1, sa_iterations = 1000, initial_temperature = 3.0, cooling_rate = 0.999
26 - INFO - chord#: 12 done. best_score=104.0, changed=611, unchanged=291, early_stops=8/8
26 - INFO - chord#: 14 In build_straw_man_chord_sa. tolerance = 1, sa_iterations = 1000, initial_temperature = 3.0, cooling_rate = 0.999
26 - INFO - chord#: 12 done. best_score=75.0, changed=617, unchanged=473, early_stops=8/8
26 - INFO - chord#: 14 In build_straw_man_chord_sa. tolerance = 1, sa_iterations = 1000, initial_temperature = 3.0, cooling_rate = 0.999
26 - INFO - chord#: 12 done. best_score=75.0, changed=613, unchanged=229, early_stops=8/8
26 - INFO - chord#: 14 In build_straw_man_chord_sa. tolerance = 1, sa_iterations = 1000, initial_temperature = 3.0, cooling_rate = 0.999
26 - INFO - chord#: 12 done. best_score=70.0, changed=615, unchanged=334, early_stops=8/8
26 - INFO - chord#: 14 In build_straw_man_chord_sa. tolerance = 1, sa_iterations = 1000, initial_temperature = 3.0, cooling_rate = 0.999
26 - INFO - chord#: 12 done. best_score=70.0, changed=615, unchanged=424, early_stops=8/8
26 - INFO - chord#: 14 In build_straw_man_chord_sa. tolerance = 1, sa_iterations = 1000, initial_temperature = 3.0, cooling_rate = 0.999
26 - INFO - chord#: 12 done. best_score=70.0, changed=613, unchanged=393, early_stops=8/8
26 - INFO - chord#: 14 In build_straw_man_chord_sa. tolerance = 1, sa_iterations = 1000, initial_temperature = 3.0, cooling_rate = 0.999
26 - INFO - chord#: 14 done. best_score=36.0, changed=528, unchanged=372, early_stops=8/8
26 - INFO - chord#: 16 In build_straw_man_chord_sa. tolerance = 1, sa_iterations = 1000, initial_temperature = 3.0, cooling_rate = 0.999
26 - INFO - chord#: 14 done. best_score=36.0, changed=540, unchanged=409, early_stops=8/8
26 - INFO - chord#: 16 In build_straw_man_chord_sa. tolerance = 1, sa_iterations = 1000, initial_temperature = 3.0, cooling_rate = 0.999
26 - INFO - chord#: 14 done. best_score=27.0, changed=525, unchanged=383, early_stops=8/8
26 - INFO - chord#: 16 In build_straw_man_chord_sa. tolerance = 1, sa_iterations = 1000, initial_temperature = 3.0, cooling_rate = 0.999
26 - INFO - chord#: 14 done. best_score=27.0, changed=542, unchanged=470, early_stops=8/8
26 - INFO - chord#: 16 In build_straw_man_chord_sa. tolerance = 1, sa_iterations = 1000, initial_temperature = 3.0, cooling_rate = 0.999
26 - INFO - chord#: 14 done. best_score=27.0, changed=521, unchanged=353, early_stops=8/8
26 - INFO - chord#: 16 In build_straw_man_chord_sa. tolerance = 1, sa_iterations = 1000, initial_temperature = 3.0, cooling_rate = 0.999
26 - INFO - chord#: 14 done. best_score=27.0, changed=530, unchanged=363, early_stops=8/8
26 - INFO - chord#: 16 In build_straw_man_chord_sa. tolerance = 1, sa_iterations = 1000, initial_temperature = 3.0, cooling_rate = 0.999
26 - INFO - chord#: 14 done. best_score=36.0, changed=533, unchanged=394, early_stops=8/8
26 - INFO - chord#: 16 In build_straw_man_chord_sa. tolerance = 1, sa_iterations = 1000, initial_temperature = 3.0, cooling_rate = 0.999
26 - INFO - chord#: 14 done. best_score=27.0, changed=532, unchanged=364, early_stops=8/8
26 - INFO - chord#: 16 In build_straw_man_chord_sa. tolerance = 1, sa_iterations = 1000, initial_temperature = 3.0, cooling_rate = 0.999
26 - INFO - chord#: 14 done. best_score=27.0, changed=520, unchanged=332, early_stops=8/8
26 - INFO - chord#: 16 In build_straw_man_chord_sa. tolerance = 1, sa_iterations = 1000, initial_temperature = 3.0, cooling_rate = 0.999
26 - INFO - chord#: 16 done. best_score=71.0, changed=606, unchanged=204, early_stops=8/8
26 - INFO - chord#: 20 In build_straw_man_chord_sa. tolerance = 1, sa_iterations = 1000, initial_temperature = 3.0, cooling_rate = 0.999
26 - INFO - chord#: 20 done. best_score=27.0, changed=515, unchanged=348, early_stops=8/8
26 - INFO - chord#: 22 In build_straw_man_chord_sa. tolerance = 1, sa_iterations = 1000, initial_temperature = 3.0, cooling_rate = 0.999
26 - INFO - chord#: 22 done. best_score=9.0, changed=475, unchanged=353, early_stops=8/8
26 - INFO - chord#: 24 In build_straw_man_chord_sa. tolerance = 1, sa_iterations = 1000, initial_temperature = 3.0, cooling_rate = 0.999
26 - INFO - chord#: 16 done. best_score=64.0, changed=615, unchanged=370, early_stops=8/8
26 - INFO - chord#: 20 In build_straw_man_chord_sa. tolerance = 1, sa_iterations = 1000, initial_temperature = 3.0, cooling_rate = 0.999
26 - INFO - chord#: 16 done. best_score=64.0, changed=618, unchanged=411, early_stops=8/8
26 - INFO - chord#: 20 In build_straw_man_chord_sa. tolerance = 1, sa_iterations = 1000, initial_temperature = 3.0, cooling_rate = 0.999
26 - INFO - chord#: 16 done. best_score=104.0, changed=612, unchanged=401, early_stops=8/8
26 - INFO - chord#: 20 In build_straw_man_chord_sa. tolerance = 1, sa_iterations = 1000, initial_temperature = 3.0, cooling_rate = 0.999
26 - INFO - chord#: 16 done. best_score=64.0, changed=616, unchanged=336, early_stops=8/8
26 - INFO - chord#: 20 In build_straw_man_chord_sa. tolerance = 1, sa_iterations = 1000, initial_temperature = 3.0, cooling_rate = 0.999
26 - INFO - chord#: 16 done. best_score=64.0, changed=611, unchanged=297, early_stops=8/8
26 - INFO - chord#: 20 In build_straw_man_chord_sa. tolerance = 1, sa_iterations = 1000, initial_temperature = 3.0, cooling_rate = 0.999
26 - INFO - chord#: 16 done. best_score=64.0, changed=617, unchanged=427, early_stops=8/8
26 - INFO - chord#: 20 In build_straw_man_chord_sa. tolerance = 1, sa_iterations = 1000, initial_temperature = 3.0, cooling_rate = 0.999
26 - INFO - chord#: 24 done. best_score=27.0, changed=527, unchanged=414, early_stops=8/8
26 - INFO - chord#: 28 In build_straw_man_chord_sa. tolerance = 1, sa_iterations = 1000, initial_temperature = 3.0, cooling_rate = 0.999
26 - INFO - chord#: 16 done. best_score=71.0, changed=609, unchanged=324, early_stops=8/8
26 - INFO - chord#: 20 In build_straw_man_chord_sa. tolerance = 1, sa_iterations = 1000, initial_temperature = 3.0, cooling_rate = 0.999
26 - INFO - chord#: 20 done. best_score=27.0, changed=515, unchanged=302, early_stops=8/8
26 - INFO - chord#: 22 In build_straw_man_chord_sa. tolerance = 1, sa_iterations = 1000, initial_temperature = 3.0, cooling_rate = 0.999
26 - INFO - chord#: 16 done. best_score=71.0, changed=615, unchanged=402, early_stops=8/8
26 - INFO - chord#: 20 In build_straw_man_chord_sa. tolerance = 1, sa_iterations = 1000, initial_temperature = 3.0, cooling_rate = 0.999
26 - INFO - chord#: 16 done. best_score=64.0, changed=615, unchanged=304, early_stops=8/8
26 - INFO - chord#: 20 In build_straw_man_chord_sa. tolerance = 1, sa_iterations = 1000, initial_temperature = 3.0, cooling_rate = 0.999
26 - INFO - chord#: 16 done. best_score=146.0, changed=617, unchanged=483, early_stops=8/8
26 - INFO - chord#: 20 In build_straw_man_chord_sa. tolerance = 1, sa_iterations = 1000, initial_temperature = 3.0, cooling_rate = 0.999
26 - INFO - chord#: 22 done. best_score=9.0, changed=466, unchanged=349, early_stops=8/8
26 - INFO - chord#: 24 In build_straw_man_chord_sa. tolerance = 1, sa_iterations = 1000, initial_temperature = 3.0, cooling_rate = 0.999
26 - INFO - chord#: 20 done. best_score=27.0, changed=521, unchanged=372, early_stops=8/8
26 - INFO - chord#: 22 In build_straw_man_chord_sa. tolerance = 1, sa_iterations = 1000, initial_temperature = 3.0, cooling_rate = 0.999
26 - INFO - chord#: 20 done. best_score=27.0, changed=526, unchanged=403, early_stops=8/8
26 - INFO - chord#: 22 In build_straw_man_chord_sa. tolerance = 1, sa_iterations = 1000, initial_temperature = 3.0, cooling_rate = 0.999
26 - INFO - chord#: 16 done. best_score=146.0, changed=610, unchanged=338, early_stops=8/8
26 - INFO - chord#: 20 In build_straw_man_chord_sa. tolerance = 1, sa_iterations = 1000, initial_temperature = 3.0, cooling_rate = 0.999
26 - INFO - chord#: 20 done. best_score=27.0, changed=522, unchanged=336, early_stops=8/8
26 - INFO - chord#: 22 In build_straw_man_chord_sa. tolerance = 1, sa_iterations = 1000, initial_temperature = 3.0, cooling_rate = 0.999
26 - INFO - chord#: 20 done. best_score=27.0, changed=516, unchanged=387, early_stops=8/8
26 - INFO - chord#: 22 In build_straw_man_chord_sa. tolerance = 1, sa_iterations = 1000, initial_temperature = 3.0, cooling_rate = 0.999
26 - INFO - chord#: 20 done. best_score=27.0, changed=526, unchanged=444, early_stops=8/8
26 - INFO - chord#: 22 In build_straw_man_chord_sa. tolerance = 1, sa_iterations = 1000, initial_temperature = 3.0, cooling_rate = 0.999
26 - INFO - chord#: 22 done. best_score=9.0, changed=484, unchanged=344, early_stops=8/8
26 - INFO - chord#: 24 In build_straw_man_chord_sa. tolerance = 1, sa_iterations = 1000, initial_temperature = 3.0, cooling_rate = 0.999
26 - INFO - chord#: 22 done. best_score=9.0, changed=461, unchanged=364, early_stops=8/8
26 - INFO - chord#: 24 In build_straw_man_chord_sa. tolerance = 1, sa_iterations = 1000, initial_temperature = 3.0, cooling_rate = 0.999
26 - INFO - chord#: 22 done. best_score=9.0, changed=484, unchanged=368, early_stops=8/8
26 - INFO - chord#: 24 In build_straw_man_chord_sa. tolerance = 1, sa_iterations = 1000, initial_temperature = 3.0, cooling_rate = 0.999
26 - INFO - chord#: 22 done. best_score=9.0, changed=469, unchanged=368, early_stops=8/8
26 - INFO - chord#: 24 In build_straw_man_chord_sa. tolerance = 1, sa_iterations = 1000, initial_temperature = 3.0, cooling_rate = 0.999
26 - INFO - chord#: 22 done. best_score=9.0, changed=477, unchanged=338, early_stops=8/8
26 - INFO - chord#: 24 In build_straw_man_chord_sa. tolerance = 1, sa_iterations = 1000, initial_temperature = 3.0, cooling_rate = 0.999
26 - INFO - chord#: 28 done. best_score=27.0, changed=529, unchanged=440, early_stops=8/8
26 - INFO - chord#: 32 In build_straw_man_chord_sa. tolerance = 1, sa_iterations = 1000, initial_temperature = 3.0, cooling_rate = 0.999
26 - INFO - chord#: 20 done. best_score=61.0, changed=518, unchanged=330, early_stops=8/8
26 - INFO - chord#: 22 In build_straw_man_chord_sa. tolerance = 1, sa_iterations = 1000, initial_temperature = 3.0, cooling_rate = 0.999
26 - INFO - chord#: 20 done. best_score=27.0, changed=532, unchanged=414, early_stops=8/8
26 - INFO - chord#: 22 In build_straw_man_chord_sa. tolerance = 1, sa_iterations = 1000, initial_temperature = 3.0, cooling_rate = 0.999
26 - INFO - chord#: 20 done. best_score=27.0, changed=518, unchanged=349, early_stops=8/8
26 - INFO - chord#: 22 In build_straw_man_chord_sa. tolerance = 1, sa_iterations = 1000, initial_temperature = 3.0, cooling_rate = 0.999
26 - INFO - chord#: 20 done. best_score=27.0, changed=526, unchanged=369, early_stops=8/8
26 - INFO - chord#: 22 In build_straw_man_chord_sa. tolerance = 1, sa_iterations = 1000, initial_temperature = 3.0, cooling_rate = 0.999
26 - INFO - chord#: 22 done. best_score=9.0, changed=532, unchanged=283, early_stops=8/8
26 - INFO - chord#: 24 In build_straw_man_chord_sa. tolerance = 1, sa_iterations = 1000, initial_temperature = 3.0, cooling_rate = 0.999
26 - INFO - chord#: 20 done. best_score=27.0, changed=518, unchanged=402, early_stops=8/8
26 - INFO - chord#: 22 In build_straw_man_chord_sa. tolerance = 1, sa_iterations = 1000, initial_temperature = 3.0, cooling_rate = 0.999
26 - INFO - chord#: 22 done. best_score=9.0, changed=479, unchanged=346, early_stops=8/8
26 - INFO - chord#: 24 In build_straw_man_chord_sa. tolerance = 1, sa_iterations = 1000, initial_temperature = 3.0, cooling_rate = 0.999
26 - INFO - chord#: 24 done. best_score=27.0, changed=520, unchanged=367, early_stops=8/8
26 - INFO - chord#: 28 In build_straw_man_chord_sa. tolerance = 1, sa_iterations = 1000, initial_temperature = 3.0, cooling_rate = 0.999
26 - INFO - chord#: 22 done. best_score=9.0, changed=481, unchanged=334, early_stops=8/8
26 - INFO - chord#: 24 In build_straw_man_chord_sa. tolerance = 1, sa_iterations = 1000, initial_temperature = 3.0, cooling_rate = 0.999
26 - INFO - chord#: 24 done. best_score=27.0, changed=521, unchanged=359, early_stops=8/8
26 - INFO - chord#: 28 In build_straw_man_chord_sa. tolerance = 1, sa_iterations = 1000, initial_temperature = 3.0, cooling_rate = 0.999
26 - INFO - chord#: 22 done. best_score=9.0, changed=472, unchanged=341, early_stops=8/8
26 - INFO - chord#: 24 In build_straw_man_chord_sa. tolerance = 1, sa_iterations = 1000, initial_temperature = 3.0, cooling_rate = 0.999
26 - INFO - chord#: 22 done. best_score=9.0, changed=469, unchanged=346, early_stops=8/8
26 - INFO - chord#: 24 In build_straw_man_chord_sa. tolerance = 1, sa_iterations = 1000, initial_temperature = 3.0, cooling_rate = 0.999
26 - INFO - chord#: 24 done. best_score=36.0, changed=531, unchanged=458, early_stops=8/8
26 - INFO - chord#: 28 In build_straw_man_chord_sa. tolerance = 1, sa_iterations = 1000, initial_temperature = 3.0, cooling_rate = 0.999
26 - INFO - chord#: 32 done. best_score=27.0, changed=523, unchanged=322, early_stops=8/8
26 - INFO - chord#: 34 In build_straw_man_chord_sa. tolerance = 1, sa_iterations = 1000, initial_temperature = 3.0, cooling_rate = 0.999
26 - INFO - chord#: 24 done. best_score=27.0, changed=523, unchanged=399, early_stops=8/8
26 - INFO - chord#: 28 In build_straw_man_chord_sa. tolerance = 1, sa_iterations = 1000, initial_temperature = 3.0, cooling_rate = 0.999
26 - INFO - chord#: 24 done. best_score=27.0, changed=518, unchanged=332, early_stops=8/8
26 - INFO - chord#: 28 In build_straw_man_chord_sa. tolerance = 1, sa_iterations = 1000, initial_temperature = 3.0, cooling_rate = 0.999
26 - INFO - chord#: 24 done. best_score=27.0, changed=515, unchanged=331, early_stops=8/8
26 - INFO - chord#: 28 In build_straw_man_chord_sa. tolerance = 1, sa_iterations = 1000, initial_temperature = 3.0, cooling_rate = 0.999
26 - INFO - chord#: 24 done. best_score=36.0, changed=525, unchanged=393, early_stops=8/8
26 - INFO - chord#: 28 In build_straw_man_chord_sa. tolerance = 1, sa_iterations = 1000, initial_temperature = 3.0, cooling_rate = 0.999
26 - INFO - chord#: 24 done. best_score=27.0, changed=521, unchanged=335, early_stops=8/8
26 - INFO - chord#: 28 In build_straw_man_chord_sa. tolerance = 1, sa_iterations = 1000, initial_temperature = 3.0, cooling_rate = 0.999
26 - INFO - chord#: 28 done. best_score=27.0, changed=535, unchanged=365, early_stops=8/8
26 - INFO - chord#: 32 In build_straw_man_chord_sa. tolerance = 1, sa_iterations = 1000, initial_temperature = 3.0, cooling_rate = 0.999
26 - INFO - chord#: 28 done. best_score=27.0, changed=531, unchanged=377, early_stops=8/8
26 - INFO - chord#: 32 In build_straw_man_chord_sa. tolerance = 1, sa_iterations = 1000, initial_temperature = 3.0, cooling_rate = 0.999
26 - INFO - chord#: 28 done. best_score=27.0, changed=526, unchanged=366, early_stops=8/8
26 - INFO - chord#: 32 In build_straw_man_chord_sa. tolerance = 1, sa_iterations = 1000, initial_temperature = 3.0, cooling_rate = 0.999
26 - INFO - chord#: 28 done. best_score=27.0, changed=532, unchanged=419, early_stops=8/8
26 - INFO - chord#: 32 In build_straw_man_chord_sa. tolerance = 1, sa_iterations = 1000, initial_temperature = 3.0, cooling_rate = 0.999
26 - INFO - chord#: 24 done. best_score=27.0, changed=522, unchanged=404, early_stops=8/8
26 - INFO - chord#: 28 In build_straw_man_chord_sa. tolerance = 1, sa_iterations = 1000, initial_temperature = 3.0, cooling_rate = 0.999
26 - INFO - chord#: 24 done. best_score=27.0, changed=525, unchanged=401, early_stops=8/8
26 - INFO - chord#: 28 In build_straw_man_chord_sa. tolerance = 1, sa_iterations = 1000, initial_temperature = 3.0, cooling_rate = 0.999
26 - INFO - chord#: 28 done. best_score=27.0, changed=533, unchanged=349, early_stops=8/8
26 - INFO - chord#: 32 In build_straw_man_chord_sa. tolerance = 1, sa_iterations = 1000, initial_temperature = 3.0, cooling_rate = 0.999
26 - INFO - chord#: 24 done. best_score=27.0, changed=525, unchanged=441, early_stops=8/8
26 - INFO - chord#: 28 In build_straw_man_chord_sa. tolerance = 1, sa_iterations = 1000, initial_temperature = 3.0, cooling_rate = 0.999
26 - INFO - chord#: 28 done. best_score=27.0, changed=527, unchanged=345, early_stops=8/8
26 - INFO - chord#: 32 In build_straw_man_chord_sa. tolerance = 1, sa_iterations = 1000, initial_temperature = 3.0, cooling_rate = 0.999
26 - INFO - chord#: 28 done. best_score=27.0, changed=522, unchanged=307, early_stops=8/8
26 - INFO - chord#: 32 In build_straw_man_chord_sa. tolerance = 1, sa_iterations = 1000, initial_temperature = 3.0, cooling_rate = 0.999
26 - INFO - chord#: 32 done. best_score=27.0, changed=537, unchanged=400, early_stops=8/8
26 - INFO - chord#: 34 In build_straw_man_chord_sa. tolerance = 1, sa_iterations = 1000, initial_temperature = 3.0, cooling_rate = 0.999
26 - INFO - chord#: 28 done. best_score=27.0, changed=526, unchanged=325, early_stops=8/8
26 - INFO - chord#: 32 In build_straw_man_chord_sa. tolerance = 1, sa_iterations = 1000, initial_temperature = 3.0, cooling_rate = 0.999
26 - INFO - chord#: 32 done. best_score=27.0, changed=520, unchanged=427, early_stops=8/8
26 - INFO - chord#: 34 In build_straw_man_chord_sa. tolerance = 1, sa_iterations = 1000, initial_temperature = 3.0, cooling_rate = 0.999
26 - INFO - chord#: 32 done. best_score=27.0, changed=533, unchanged=345, early_stops=8/8
26 - INFO - chord#: 34 In build_straw_man_chord_sa. tolerance = 1, sa_iterations = 1000, initial_temperature = 3.0, cooling_rate = 0.999
26 - INFO - chord#: 32 done. best_score=27.0, changed=534, unchanged=372, early_stops=8/8
26 - INFO - chord#: 34 In build_straw_man_chord_sa. tolerance = 1, sa_iterations = 1000, initial_temperature = 3.0, cooling_rate = 0.999
26 - INFO - chord#: 28 done. best_score=27.0, changed=523, unchanged=368, early_stops=8/8
26 - INFO - chord#: 32 In build_straw_man_chord_sa. tolerance = 1, sa_iterations = 1000, initial_temperature = 3.0, cooling_rate = 0.999
26 - INFO - chord#: 28 done. best_score=27.0, changed=527, unchanged=358, early_stops=8/8
26 - INFO - chord#: 32 In build_straw_man_chord_sa. tolerance = 1, sa_iterations = 1000, initial_temperature = 3.0, cooling_rate = 0.999
26 - INFO - chord#: 34 done. best_score=111.0, changed=618, unchanged=415, early_stops=8/8
26 - INFO - chord#: 36 In build_straw_man_chord_sa. tolerance = 1, sa_iterations = 1000, initial_temperature = 3.0, cooling_rate = 0.999
26 - INFO - chord#: 28 done. best_score=27.0, changed=524, unchanged=404, early_stops=8/8
26 - INFO - chord#: 32 done. best_score=27.0, changed=527, unchanged=345, early_stops=8/8
26 - INFO - chord#: 32 In build_straw_man_chord_sa. tolerance = 1, sa_iterations = 1000, initial_temperature = 3.0, cooling_rate = 0.999
26 - INFO - chord#: 34 In build_straw_man_chord_sa. tolerance = 1, sa_iterations = 1000, initial_temperature = 3.0, cooling_rate = 0.999
26 - INFO - chord#: 32 done. best_score=27.0, changed=522, unchanged=381, early_stops=8/8
26 - INFO - chord#: 34 In build_straw_man_chord_sa. tolerance = 1, sa_iterations = 1000, initial_temperature = 3.0, cooling_rate = 0.999
26 - INFO - chord#: 32 done. best_score=27.0, changed=543, unchanged=534, early_stops=8/8
26 - INFO - chord#: 34 In build_straw_man_chord_sa. tolerance = 1, sa_iterations = 1000, initial_temperature = 3.0, cooling_rate = 0.999
26 - INFO - chord#: 32 done. best_score=27.0, changed=528, unchanged=380, early_stops=8/8
26 - INFO - chord#: 34 In build_straw_man_chord_sa. tolerance = 1, sa_iterations = 1000, initial_temperature = 3.0, cooling_rate = 0.999
26 - INFO - chord#: 36 done. best_score=27.0, changed=525, unchanged=363, early_stops=8/8
26 - INFO - chord#: 38 In build_straw_man_chord_sa. tolerance = 1, sa_iterations = 1000, initial_temperature = 3.0, cooling_rate = 0.999
26 - INFO - chord#: 32 done. best_score=27.0, changed=524, unchanged=369, early_stops=8/8
26 - INFO - chord#: 34 In build_straw_man_chord_sa. tolerance = 1, sa_iterations = 1000, initial_temperature = 3.0, cooling_rate = 0.999
26 - INFO - chord#: 32 done. best_score=27.0, changed=519, unchanged=335, early_stops=8/8
26 - INFO - chord#: 34 In build_straw_man_chord_sa. tolerance = 1, sa_iterations = 1000, initial_temperature = 3.0, cooling_rate = 0.999
26 - INFO - chord#: 32 done. best_score=27.0, changed=520, unchanged=296, early_stops=8/8
26 - INFO - chord#: 34 In build_straw_man_chord_sa. tolerance = 1, sa_iterations = 1000, initial_temperature = 3.0, cooling_rate = 0.999
26 - INFO - chord#: 34 done. best_score=70.0, changed=615, unchanged=301, early_stops=8/8
26 - INFO - chord#: 36 In build_straw_man_chord_sa. tolerance = 1, sa_iterations = 1000, initial_temperature = 3.0, cooling_rate = 0.999
26 - INFO - chord#: 34 done. best_score=70.0, changed=611, unchanged=326, early_stops=8/8
26 - INFO - chord#: 36 In build_straw_man_chord_sa. tolerance = 1, sa_iterations = 1000, initial_temperature = 3.0, cooling_rate = 0.999
26 - INFO - chord#: 34 done. best_score=70.0, changed=609, unchanged=289, early_stops=8/8
26 - INFO - chord#: 36 In build_straw_man_chord_sa. tolerance = 1, sa_iterations = 1000, initial_temperature = 3.0, cooling_rate = 0.999
26 - INFO - chord#: 36 done. best_score=27.0, changed=528, unchanged=318, early_stops=8/8
26 - INFO - chord#: 38 In build_straw_man_chord_sa. tolerance = 1, sa_iterations = 1000, initial_temperature = 3.0, cooling_rate = 0.999
26 - INFO - chord#: 36 done. best_score=27.0, changed=536, unchanged=375, early_stops=8/8
26 - INFO - chord#: 38 In build_straw_man_chord_sa. tolerance = 1, sa_iterations = 1000, initial_temperature = 3.0, cooling_rate = 0.999
26 - INFO - chord#: 36 done. best_score=27.0, changed=527, unchanged=390, early_stops=8/8
26 - INFO - chord#: 38 In build_straw_man_chord_sa. tolerance = 1, sa_iterations = 1000, initial_temperature = 3.0, cooling_rate = 0.999
26 - INFO - chord#: 34 done. best_score=70.0, changed=613, unchanged=293, early_stops=8/8
26 - INFO - chord#: 36 In build_straw_man_chord_sa. tolerance = 1, sa_iterations = 1000, initial_temperature = 3.0, cooling_rate = 0.999
26 - INFO - chord#: 34 done. best_score=70.0, changed=614, unchanged=418, early_stops=8/8
26 - INFO - chord#: 36 In build_straw_man_chord_sa. tolerance = 1, sa_iterations = 1000, initial_temperature = 3.0, cooling_rate = 0.999
26 - INFO - chord#: 34 done. best_score=160.0, changed=608, unchanged=259, early_stops=8/8
26 - INFO - chord#: 36 In build_straw_man_chord_sa. tolerance = 1, sa_iterations = 1000, initial_temperature = 3.0, cooling_rate = 0.999
26 - INFO - chord#: 34 done. best_score=70.0, changed=608, unchanged=263, early_stops=8/8
26 - INFO - chord#: 36 In build_straw_man_chord_sa. tolerance = 1, sa_iterations = 1000, initial_temperature = 3.0, cooling_rate = 0.999
26 - INFO - chord#: 38 done. best_score=82.0, changed=608, unchanged=267, early_stops=8/8
26 - INFO - chord#: 40 In build_straw_man_chord_sa. tolerance = 1, sa_iterations = 1000, initial_temperature = 3.0, cooling_rate = 0.999
26 - INFO - chord#: 34 done. best_score=103.0, changed=619, unchanged=388, early_stops=8/8
26 - INFO - chord#: 36 In build_straw_man_chord_sa. tolerance = 1, sa_iterations = 1000, initial_temperature = 3.0, cooling_rate = 0.999
26 - INFO - chord#: 36 done. best_score=27.0, changed=525, unchanged=303, early_stops=8/8
26 - INFO - chord#: 38 In build_straw_man_chord_sa. tolerance = 1, sa_iterations = 1000, initial_temperature = 3.0, cooling_rate = 0.999
26 - INFO - chord#: 34 done. best_score=70.0, changed=611, unchanged=316, early_stops=8/8
26 - INFO - chord#: 36 In build_straw_man_chord_sa. tolerance = 1, sa_iterations = 1000, initial_temperature = 3.0, cooling_rate = 0.999
26 - INFO - chord#: 36 done. best_score=27.0, changed=527, unchanged=322, early_stops=8/8
26 - INFO - chord#: 38 In build_straw_man_chord_sa. tolerance = 1, sa_iterations = 1000, initial_temperature = 3.0, cooling_rate = 0.999
26 - INFO - chord#: 34 done. best_score=160.0, changed=616, unchanged=303, early_stops=8/8
26 - INFO - chord#: 36 In build_straw_man_chord_sa. tolerance = 1, sa_iterations = 1000, initial_temperature = 3.0, cooling_rate = 0.999
26 - INFO - chord#: 34 done. best_score=70.0, changed=611, unchanged=329, early_stops=8/8
26 - INFO - chord#: 36 In build_straw_man_chord_sa. tolerance = 1, sa_iterations = 1000, initial_temperature = 3.0, cooling_rate = 0.999
26 - INFO - chord#: 36 done. best_score=27.0, changed=523, unchanged=363, early_stops=8/8
26 - INFO - chord#: 38 In build_straw_man_chord_sa. tolerance = 1, sa_iterations = 1000, initial_temperature = 3.0, cooling_rate = 0.999
26 - INFO - chord#: 40 done. best_score=31.0, changed=518, unchanged=345, early_stops=8/8
26 - INFO - chord#: 42 In build_straw_man_chord_sa. tolerance = 1, sa_iterations = 1000, initial_temperature = 3.0, cooling_rate = 0.999
26 - INFO - chord#: 36 done. best_score=27.0, changed=526, unchanged=405, early_stops=8/8
26 - INFO - chord#: 38 In build_straw_man_chord_sa. tolerance = 1, sa_iterations = 1000, initial_temperature = 3.0, cooling_rate = 0.999
26 - INFO - chord#: 36 done. best_score=27.0, changed=536, unchanged=406, early_stops=8/8
26 - INFO - chord#: 38 In build_straw_man_chord_sa. tolerance = 1, sa_iterations = 1000, initial_temperature = 3.0, cooling_rate = 0.999
26 - INFO - chord#: 38 done. best_score=82.0, changed=610, unchanged=282, early_stops=8/8
26 - INFO - chord#: 40 In build_straw_man_chord_sa. tolerance = 1, sa_iterations = 1000, initial_temperature = 3.0, cooling_rate = 0.999
26 - INFO - chord#: 36 done. best_score=27.0, changed=534, unchanged=356, early_stops=8/8
26 - INFO - chord#: 38 In build_straw_man_chord_sa. tolerance = 1, sa_iterations = 1000, initial_temperature = 3.0, cooling_rate = 0.999
26 - INFO - chord#: 38 done. best_score=82.0, changed=612, unchanged=293, early_stops=8/8
26 - INFO - chord#: 40 In build_straw_man_chord_sa. tolerance = 1, sa_iterations = 1000, initial_temperature = 3.0, cooling_rate = 0.999
26 - INFO - chord#: 36 done. best_score=27.0, changed=561, unchanged=250, early_stops=8/8
26 - INFO - chord#: 38 In build_straw_man_chord_sa. tolerance = 1, sa_iterations = 1000, initial_temperature = 3.0, cooling_rate = 0.999
26 - INFO - chord#: 38 done. best_score=97.0, changed=619, unchanged=450, early_stops=8/8
26 - INFO - chord#: 40 In build_straw_man_chord_sa. tolerance = 1, sa_iterations = 1000, initial_temperature = 3.0, cooling_rate = 0.999
26 - INFO - chord#: 36 done. best_score=27.0, changed=517, unchanged=349, early_stops=8/8
26 - INFO - chord#: 38 In build_straw_man_chord_sa. tolerance = 1, sa_iterations = 1000, initial_temperature = 3.0, cooling_rate = 0.999
26 - INFO - chord#: 40 done. best_score=31.0, changed=530, unchanged=339, early_stops=8/8
26 - INFO - chord#: 42 In build_straw_man_chord_sa. tolerance = 1, sa_iterations = 1000, initial_temperature = 3.0, cooling_rate = 0.999
26 - INFO - chord#: 40 done. best_score=31.0, changed=518, unchanged=355, early_stops=8/8
26 - INFO - chord#: 42 In build_straw_man_chord_sa. tolerance = 1, sa_iterations = 1000, initial_temperature = 3.0, cooling_rate = 0.999
26 - INFO - chord#: 40 done. best_score=31.0, changed=526, unchanged=337, early_stops=8/8
26 - INFO - chord#: 42 In build_straw_man_chord_sa. tolerance = 1, sa_iterations = 1000, initial_temperature = 3.0, cooling_rate = 0.999
26 - INFO - chord#: 38 done. best_score=82.0, changed=608, unchanged=305, early_stops=8/8
26 - INFO - chord#: 40 In build_straw_man_chord_sa. tolerance = 1, sa_iterations = 1000, initial_temperature = 3.0, cooling_rate = 0.999
26 - INFO - chord#: 42 done. best_score=129.0, changed=614, unchanged=289, early_stops=8/8
26 - INFO - chord#: 44 In build_straw_man_chord_sa. tolerance = 1, sa_iterations = 1000, initial_temperature = 3.0, cooling_rate = 0.999
26 - INFO - chord#: 38 done. best_score=82.0, changed=614, unchanged=300, early_stops=8/8
26 - INFO - chord#: 40 In build_straw_man_chord_sa. tolerance = 1, sa_iterations = 1000, initial_temperature = 3.0, cooling_rate = 0.999
26 - INFO - chord#: 38 done. best_score=82.0, changed=618, unchanged=309, early_stops=8/8
26 - INFO - chord#: 40 In build_straw_man_chord_sa. tolerance = 1, sa_iterations = 1000, initial_temperature = 3.0, cooling_rate = 0.999
26 - INFO - chord#: 40 done. best_score=31.0, changed=525, unchanged=376, early_stops=8/8
26 - INFO - chord#: 42 In build_straw_man_chord_sa. tolerance = 1, sa_iterations = 1000, initial_temperature = 3.0, cooling_rate = 0.999
26 - INFO - chord#: 38 done. best_score=82.0, changed=612, unchanged=336, early_stops=8/8
26 - INFO - chord#: 40 In build_straw_man_chord_sa. tolerance = 1, sa_iterations = 1000, initial_temperature = 3.0, cooling_rate = 0.999
26 - INFO - chord#: 44 done. best_score=27.0, changed=520, unchanged=397, early_stops=8/8
26 - INFO - chord#: 46 In build_straw_man_chord_sa. tolerance = 1, sa_iterations = 1000, initial_temperature = 3.0, cooling_rate = 0.999
26 - INFO - chord#: 38 done. best_score=120.0, changed=611, unchanged=307, early_stops=8/8
26 - INFO - chord#: 40 In build_straw_man_chord_sa. tolerance = 1, sa_iterations = 1000, initial_temperature = 3.0, cooling_rate = 0.999
26 - INFO - chord#: 38 done. best_score=82.0, changed=608, unchanged=246, early_stops=8/8
26 - INFO - chord#: 40 In build_straw_man_chord_sa. tolerance = 1, sa_iterations = 1000, initial_temperature = 3.0, cooling_rate = 0.999
26 - INFO - chord#: 40 done. best_score=31.0, changed=521, unchanged=329, early_stops=8/8
26 - INFO - chord#: 42 In build_straw_man_chord_sa. tolerance = 1, sa_iterations = 1000, initial_temperature = 3.0, cooling_rate = 0.999
26 - INFO - chord#: 40 done. best_score=31.0, changed=522, unchanged=375, early_stops=8/8
26 - INFO - chord#: 42 In build_straw_man_chord_sa. tolerance = 1, sa_iterations = 1000, initial_temperature = 3.0, cooling_rate = 0.999
26 - INFO - chord#: 38 done. best_score=82.0, changed=620, unchanged=485, early_stops=8/8
26 - INFO - chord#: 40 In build_straw_man_chord_sa. tolerance = 1, sa_iterations = 1000, initial_temperature = 3.0, cooling_rate = 0.999
26 - INFO - chord#: 42 done. best_score=94.0, changed=613, unchanged=398, early_stops=8/8
26 - INFO - chord#: 44 In build_straw_man_chord_sa. tolerance = 1, sa_iterations = 1000, initial_temperature = 3.0, cooling_rate = 0.999
26 - INFO - chord#: 40 done. best_score=31.0, changed=525, unchanged=308, early_stops=8/8
26 - INFO - chord#: 42 In build_straw_man_chord_sa. tolerance = 1, sa_iterations = 1000, initial_temperature = 3.0, cooling_rate = 0.999
26 - INFO - chord#: 46 done. best_score=27.0, changed=519, unchanged=323, early_stops=8/8
26 - INFO - chord#: 48 In build_straw_man_chord_sa. tolerance = 1, sa_iterations = 1000, initial_temperature = 3.0, cooling_rate = 0.999
26 - INFO - chord#: 42 done. best_score=96.0, changed=608, unchanged=329, early_stops=8/8
26 - INFO - chord#: 44 In build_straw_man_chord_sa. tolerance = 1, sa_iterations = 1000, initial_temperature = 3.0, cooling_rate = 0.999
26 - INFO - chord#: 38 done. best_score=120.0, changed=613, unchanged=390, early_stops=8/8
26 - INFO - chord#: 40 In build_straw_man_chord_sa. tolerance = 1, sa_iterations = 1000, initial_temperature = 3.0, cooling_rate = 0.999
26 - INFO - chord#: 42 done. best_score=93.0, changed=618, unchanged=342, early_stops=8/8
26 - INFO - chord#: 44 In build_straw_man_chord_sa. tolerance = 1, sa_iterations = 1000, initial_temperature = 3.0, cooling_rate = 0.999
26 - INFO - chord#: 40 done. best_score=31.0, changed=523, unchanged=333, early_stops=8/8
26 - INFO - chord#: 42 In build_straw_man_chord_sa. tolerance = 1, sa_iterations = 1000, initial_temperature = 3.0, cooling_rate = 0.999
26 - INFO - chord#: 44 done. best_score=27.0, changed=526, unchanged=342, early_stops=8/8
26 - INFO - chord#: 46 In build_straw_man_chord_sa. tolerance = 1, sa_iterations = 1000, initial_temperature = 3.0, cooling_rate = 0.999
26 - INFO - chord#: 40 done. best_score=31.0, changed=524, unchanged=414, early_stops=8/8
26 - INFO - chord#: 42 In build_straw_man_chord_sa. tolerance = 1, sa_iterations = 1000, initial_temperature = 3.0, cooling_rate = 0.999
26 - INFO - chord#: 44 done. best_score=27.0, changed=516, unchanged=324, early_stops=8/8
26 - INFO - chord#: 46 In build_straw_man_chord_sa. tolerance = 1, sa_iterations = 1000, initial_temperature = 3.0, cooling_rate = 0.999
26 - INFO - chord#: 42 done. best_score=93.0, changed=611, unchanged=297, early_stops=8/8
26 - INFO - chord#: 44 In build_straw_man_chord_sa. tolerance = 1, sa_iterations = 1000, initial_temperature = 3.0, cooling_rate = 0.999
26 - INFO - chord#: 40 done. best_score=31.0, changed=528, unchanged=471, early_stops=8/8
26 - INFO - chord#: 42 In build_straw_man_chord_sa. tolerance = 1, sa_iterations = 1000, initial_temperature = 3.0, cooling_rate = 0.999
26 - INFO - chord#: 40 done. best_score=31.0, changed=531, unchanged=444, early_stops=8/8
26 - INFO - chord#: 42 In build_straw_man_chord_sa. tolerance = 1, sa_iterations = 1000, initial_temperature = 3.0, cooling_rate = 0.999
26 - INFO - chord#: 46 done. best_score=27.0, changed=522, unchanged=346, early_stops=8/8
26 - INFO - chord#: 48 In build_straw_man_chord_sa. tolerance = 1, sa_iterations = 1000, initial_temperature = 3.0, cooling_rate = 0.999
26 - INFO - chord#: 44 done. best_score=27.0, changed=516, unchanged=415, early_stops=8/8
26 - INFO - chord#: 46 In build_straw_man_chord_sa. tolerance = 1, sa_iterations = 1000, initial_temperature = 3.0, cooling_rate = 0.999
26 - INFO - chord#: 42 done. best_score=148.0, changed=614, unchanged=252, early_stops=8/8
26 - INFO - chord#: 44 In build_straw_man_chord_sa. tolerance = 1, sa_iterations = 1000, initial_temperature = 3.0, cooling_rate = 0.999
26 - INFO - chord#: 46 done. best_score=27.0, changed=516, unchanged=384, early_stops=8/8
26 - INFO - chord#: 48 In build_straw_man_chord_sa. tolerance = 1, sa_iterations = 1000, initial_temperature = 3.0, cooling_rate = 0.999
26 - INFO - chord#: 42 done. best_score=94.0, changed=612, unchanged=233, early_stops=8/8
26 - INFO - chord#: 44 In build_straw_man_chord_sa. tolerance = 1, sa_iterations = 1000, initial_temperature = 3.0, cooling_rate = 0.999
26 - INFO - chord#: 44 done. best_score=27.0, changed=523, unchanged=400, early_stops=8/8
26 - INFO - chord#: 46 In build_straw_man_chord_sa. tolerance = 1, sa_iterations = 1000, initial_temperature = 3.0, cooling_rate = 0.999
26 - INFO - chord#: 42 done. best_score=96.0, changed=613, unchanged=415, early_stops=8/8
26 - INFO - chord#: 44 In build_straw_man_chord_sa. tolerance = 1, sa_iterations = 1000, initial_temperature = 3.0, cooling_rate = 0.999
26 - INFO - chord#: 44 done. best_score=27.0, changed=525, unchanged=355, early_stops=8/8
26 - INFO - chord#: 46 In build_straw_man_chord_sa. tolerance = 1, sa_iterations = 1000, initial_temperature = 3.0, cooling_rate = 0.999
26 - INFO - chord#: 46 done. best_score=27.0, changed=526, unchanged=414, early_stops=8/8
26 - INFO - chord#: 48 In build_straw_man_chord_sa. tolerance = 1, sa_iterations = 1000, initial_temperature = 3.0, cooling_rate = 0.999
26 - INFO - chord#: 48 done. best_score=74.0, changed=621, unchanged=441, early_stops=8/8
26 - INFO - chord#: 50 In build_straw_man_chord_sa. tolerance = 1, sa_iterations = 1000, initial_temperature = 3.0, cooling_rate = 0.999
26 - INFO - chord#: 46 done. best_score=27.0, changed=520, unchanged=347, early_stops=8/8
26 - INFO - chord#: 48 In build_straw_man_chord_sa. tolerance = 1, sa_iterations = 1000, initial_temperature = 3.0, cooling_rate = 0.999
26 - INFO - chord#: 44 done. best_score=27.0, changed=513, unchanged=346, early_stops=8/8
26 - INFO - chord#: 46 In build_straw_man_chord_sa. tolerance = 1, sa_iterations = 1000, initial_temperature = 3.0, cooling_rate = 0.999
26 - INFO - chord#: 42 done. best_score=93.0, changed=613, unchanged=284, early_stops=8/8
26 - INFO - chord#: 44 In build_straw_man_chord_sa. tolerance = 1, sa_iterations = 1000, initial_temperature = 3.0, cooling_rate = 0.999
26 - INFO - chord#: 42 done. best_score=93.0, changed=615, unchanged=381, early_stops=8/8
26 - INFO - chord#: 44 In build_straw_man_chord_sa. tolerance = 1, sa_iterations = 1000, initial_temperature = 3.0, cooling_rate = 0.999
26 - INFO - chord#: 46 done. best_score=27.0, changed=523, unchanged=491, early_stops=8/8
26 - INFO - chord#: 48 In build_straw_man_chord_sa. tolerance = 1, sa_iterations = 1000, initial_temperature = 3.0, cooling_rate = 0.999
26 - INFO - chord#: 50 done. best_score=27.0, changed=515, unchanged=305, early_stops=8/8
26 - INFO - chord#: 51 In build_straw_man_chord_sa. tolerance = 1, sa_iterations = 1000, initial_temperature = 3.0, cooling_rate = 0.999
26 - INFO - chord#: 44 done. best_score=27.0, changed=522, unchanged=442, early_stops=8/8
26 - INFO - chord#: 46 In build_straw_man_chord_sa. tolerance = 1, sa_iterations = 1000, initial_temperature = 3.0, cooling_rate = 0.999
26 - INFO - chord#: 42 done. best_score=93.0, changed=617, unchanged=316, early_stops=8/8
26 - INFO - chord#: 44 In build_straw_man_chord_sa. tolerance = 1, sa_iterations = 1000, initial_temperature = 3.0, cooling_rate = 0.999
26 - INFO - chord#: 46 done. best_score=27.0, changed=515, unchanged=330, early_stops=8/8
26 - INFO - chord#: 48 In build_straw_man_chord_sa. tolerance = 1, sa_iterations = 1000, initial_temperature = 3.0, cooling_rate = 0.999
26 - INFO - chord#: 48 done. best_score=96.0, changed=618, unchanged=440, early_stops=8/8
26 - INFO - chord#: 50 In build_straw_man_chord_sa. tolerance = 1, sa_iterations = 1000, initial_temperature = 3.0, cooling_rate = 0.999
26 - INFO - chord#: 42 done. best_score=94.0, changed=610, unchanged=382, early_stops=8/8
26 - INFO - chord#: 44 In build_straw_man_chord_sa. tolerance = 1, sa_iterations = 1000, initial_temperature = 3.0, cooling_rate = 0.999
26 - INFO - chord#: 44 done. best_score=27.0, changed=522, unchanged=407, early_stops=8/8
26 - INFO - chord#: 46 In build_straw_man_chord_sa. tolerance = 1, sa_iterations = 1000, initial_temperature = 3.0, cooling_rate = 0.999
26 - INFO - chord#: 48 done. best_score=141.0, changed=615, unchanged=465, early_stops=8/8
26 - INFO - chord#: 50 In build_straw_man_chord_sa. tolerance = 1, sa_iterations = 1000, initial_temperature = 3.0, cooling_rate = 0.999
26 - INFO - chord#: 44 done. best_score=27.0, changed=519, unchanged=481, early_stops=8/8
26 - INFO - chord#: 46 In build_straw_man_chord_sa. tolerance = 1, sa_iterations = 1000, initial_temperature = 3.0, cooling_rate = 0.999
26 - INFO - chord#: 46 done. best_score=27.0, changed=519, unchanged=325, early_stops=8/8
26 - INFO - chord#: 48 In build_straw_man_chord_sa. tolerance = 1, sa_iterations = 1000, initial_temperature = 3.0, cooling_rate = 0.999
26 - INFO - chord#: 48 done. best_score=141.0, changed=606, unchanged=203, early_stops=8/8
26 - INFO - chord#: 50 In build_straw_man_chord_sa. tolerance = 1, sa_iterations = 1000, initial_temperature = 3.0, cooling_rate = 0.999
26 - INFO - chord#: 44 done. best_score=27.0, changed=523, unchanged=362, early_stops=8/8
26 - INFO - chord#: 46 In build_straw_man_chord_sa. tolerance = 1, sa_iterations = 1000, initial_temperature = 3.0, cooling_rate = 0.999
26 - INFO - chord#: 50 done. best_score=27.0, changed=530, unchanged=411, early_stops=8/8
26 - INFO - chord#: 51 In build_straw_man_chord_sa. tolerance = 1, sa_iterations = 1000, initial_temperature = 3.0, cooling_rate = 0.999
26 - INFO - chord#: 48 done. best_score=121.0, changed=616, unchanged=350, early_stops=8/8
26 - INFO - chord#: 50 In build_straw_man_chord_sa. tolerance = 1, sa_iterations = 1000, initial_temperature = 3.0, cooling_rate = 0.999
26 - INFO - chord#: 44 done. best_score=27.0, changed=515, unchanged=400, early_stops=8/8
26 - INFO - chord#: 46 In build_straw_man_chord_sa. tolerance = 1, sa_iterations = 1000, initial_temperature = 3.0, cooling_rate = 0.999
26 - INFO - chord#: 46 done. best_score=27.0, changed=515, unchanged=321, early_stops=8/8
26 - INFO - chord#: 48 In build_straw_man_chord_sa. tolerance = 1, sa_iterations = 1000, initial_temperature = 3.0, cooling_rate = 0.999
26 - INFO - chord#: 50 done. best_score=27.0, changed=522, unchanged=380, early_stops=8/8
26 - INFO - chord#: 51 In build_straw_man_chord_sa. tolerance = 1, sa_iterations = 1000, initial_temperature = 3.0, cooling_rate = 0.999
26 - INFO - chord#: 46 done. best_score=27.0, changed=522, unchanged=466, early_stops=8/8
26 - INFO - chord#: 48 In build_straw_man_chord_sa. tolerance = 1, sa_iterations = 1000, initial_temperature = 3.0, cooling_rate = 0.999
26 - INFO - chord#: 48 done. best_score=74.0, changed=615, unchanged=456, early_stops=8/8
26 - INFO - chord#: 50 In build_straw_man_chord_sa. tolerance = 1, sa_iterations = 1000, initial_temperature = 3.0, cooling_rate = 0.999
26 - INFO - chord#: 50 done. best_score=36.0, changed=526, unchanged=326, early_stops=8/8
26 - INFO - chord#: 51 In build_straw_man_chord_sa. tolerance = 1, sa_iterations = 1000, initial_temperature = 3.0, cooling_rate = 0.999
26 - INFO - chord#: 46 done. best_score=27.0, changed=522, unchanged=395, early_stops=8/8
26 - INFO - chord#: 48 In build_straw_man_chord_sa. tolerance = 1, sa_iterations = 1000, initial_temperature = 3.0, cooling_rate = 0.999
26 - INFO - chord#: 51 done. best_score=64.0, changed=614, unchanged=323, early_stops=8/8
26 - INFO - chord#: 52 In build_straw_man_chord_sa. tolerance = 1, sa_iterations = 1000, initial_temperature = 3.0, cooling_rate = 0.999
26 - INFO - chord#: 50 done. best_score=27.0, changed=522, unchanged=347, early_stops=8/8
26 - INFO - chord#: 51 In build_straw_man_chord_sa. tolerance = 1, sa_iterations = 1000, initial_temperature = 3.0, cooling_rate = 0.999
26 - INFO - chord#: 48 done. best_score=74.0, changed=613, unchanged=314, early_stops=8/8
26 - INFO - chord#: 50 In build_straw_man_chord_sa. tolerance = 1, sa_iterations = 1000, initial_temperature = 3.0, cooling_rate = 0.999
26 - INFO - chord#: 46 done. best_score=27.0, changed=519, unchanged=353, early_stops=8/8
26 - INFO - chord#: 48 In build_straw_man_chord_sa. tolerance = 1, sa_iterations = 1000, initial_temperature = 3.0, cooling_rate = 0.999
26 - INFO - chord#: 50 done. best_score=27.0, changed=527, unchanged=313, early_stops=8/8
26 - INFO - chord#: 51 In build_straw_man_chord_sa. tolerance = 1, sa_iterations = 1000, initial_temperature = 3.0, cooling_rate = 0.999
26 - INFO - chord#: 52 done. best_score=27.0, changed=518, unchanged=453, early_stops=8/8
26 - INFO - chord#: 54 In build_straw_man_chord_sa. tolerance = 1, sa_iterations = 1000, initial_temperature = 3.0, cooling_rate = 0.999
26 - INFO - chord#: 51 done. best_score=64.0, changed=616, unchanged=284, early_stops=8/8
26 - INFO - chord#: 52 In build_straw_man_chord_sa. tolerance = 1, sa_iterations = 1000, initial_temperature = 3.0, cooling_rate = 0.999
26 - INFO - chord#: 50 done. best_score=27.0, changed=525, unchanged=342, early_stops=8/8
26 - INFO - chord#: 51 In build_straw_man_chord_sa. tolerance = 1, sa_iterations = 1000, initial_temperature = 3.0, cooling_rate = 0.999
26 - INFO - chord#: 54 done. best_score=9.0, changed=473, unchanged=359, early_stops=8/8
26 - INFO - chord#: 56 In build_straw_man_chord_sa. tolerance = 1, sa_iterations = 1000, initial_temperature = 3.0, cooling_rate = 0.999
26 - INFO - chord#: 51 done. best_score=64.0, changed=615, unchanged=450, early_stops=8/8
26 - INFO - chord#: 52 In build_straw_man_chord_sa. tolerance = 1, sa_iterations = 1000, initial_temperature = 3.0, cooling_rate = 0.999
26 - INFO - chord#: 52 done. best_score=27.0, changed=528, unchanged=424, early_stops=8/8
26 - INFO - chord#: 54 In build_straw_man_chord_sa. tolerance = 1, sa_iterations = 1000, initial_temperature = 3.0, cooling_rate = 0.999
26 - INFO - chord#: 51 done. best_score=71.0, changed=619, unchanged=495, early_stops=8/8
26 - INFO - chord#: 52 In build_straw_man_chord_sa. tolerance = 1, sa_iterations = 1000, initial_temperature = 3.0, cooling_rate = 0.999
26 - INFO - chord#: 48 done. best_score=74.0, changed=612, unchanged=543, early_stops=8/8
26 - INFO - chord#: 50 In build_straw_man_chord_sa. tolerance = 1, sa_iterations = 1000, initial_temperature = 3.0, cooling_rate = 0.999
26 - INFO - chord#: 48 done. best_score=74.0, changed=611, unchanged=395, early_stops=8/8
26 - INFO - chord#: 50 In build_straw_man_chord_sa. tolerance = 1, sa_iterations = 1000, initial_temperature = 3.0, cooling_rate = 0.999
26 - INFO - chord#: 54 done. best_score=9.0, changed=495, unchanged=330, early_stops=8/8
26 - INFO - chord#: 56 In build_straw_man_chord_sa. tolerance = 1, sa_iterations = 1000, initial_temperature = 3.0, cooling_rate = 0.999
26 - INFO - chord#: 48 done. best_score=96.0, changed=610, unchanged=337, early_stops=8/8
26 - INFO - chord#: 50 In build_straw_man_chord_sa. tolerance = 1, sa_iterations = 1000, initial_temperature = 3.0, cooling_rate = 0.999
26 - INFO - chord#: 56 done. best_score=27.0, changed=521, unchanged=433, early_stops=8/8
26 - INFO - chord#: 60 In build_straw_man_chord_sa. tolerance = 1, sa_iterations = 1000, initial_temperature = 3.0, cooling_rate = 0.999
26 - INFO - chord#: 48 done. best_score=141.0, changed=613, unchanged=435, early_stops=8/8
26 - INFO - chord#: 50 In build_straw_man_chord_sa. tolerance = 1, sa_iterations = 1000, initial_temperature = 3.0, cooling_rate = 0.999
26 - INFO - chord#: 52 done. best_score=27.0, changed=530, unchanged=510, early_stops=8/8
26 - INFO - chord#: 54 In build_straw_man_chord_sa. tolerance = 1, sa_iterations = 1000, initial_temperature = 3.0, cooling_rate = 0.999
26 - INFO - chord#: 52 done. best_score=61.0, changed=531, unchanged=325, early_stops=8/8
26 - INFO - chord#: 54 In build_straw_man_chord_sa. tolerance = 1, sa_iterations = 1000, initial_temperature = 3.0, cooling_rate = 0.999
26 - INFO - chord#: 51 done. best_score=64.0, changed=609, unchanged=325, early_stops=8/8
26 - INFO - chord#: 52 In build_straw_man_chord_sa. tolerance = 1, sa_iterations = 1000, initial_temperature = 3.0, cooling_rate = 0.999
26 - INFO - chord#: 51 done. best_score=140.0, changed=612, unchanged=329, early_stops=8/8
26 - INFO - chord#: 52 In build_straw_man_chord_sa. tolerance = 1, sa_iterations = 1000, initial_temperature = 3.0, cooling_rate = 0.999
26 - INFO - chord#: 54 done. best_score=9.0, changed=496, unchanged=313, early_stops=8/8
26 - INFO - chord#: 56 In build_straw_man_chord_sa. tolerance = 1, sa_iterations = 1000, initial_temperature = 3.0, cooling_rate = 0.999
26 - INFO - chord#: 54 done. best_score=9.0, changed=473, unchanged=357, early_stops=8/8
26 - INFO - chord#: 56 In build_straw_man_chord_sa. tolerance = 1, sa_iterations = 1000, initial_temperature = 3.0, cooling_rate = 0.999
26 - INFO - chord#: 56 done. best_score=27.0, changed=517, unchanged=350, early_stops=8/8
26 - INFO - chord#: 60 In build_straw_man_chord_sa. tolerance = 1, sa_iterations = 1000, initial_temperature = 3.0, cooling_rate = 0.999
26 - INFO - chord#: 48 done. best_score=74.0, changed=613, unchanged=328, early_stops=8/8
26 - INFO - chord#: 50 In build_straw_man_chord_sa. tolerance = 1, sa_iterations = 1000, initial_temperature = 3.0, cooling_rate = 0.999
26 - INFO - chord#: 50 done. best_score=27.0, changed=522, unchanged=444, early_stops=8/8
26 - INFO - chord#: 51 In build_straw_man_chord_sa. tolerance = 1, sa_iterations = 1000, initial_temperature = 3.0, cooling_rate = 0.999
26 - INFO - chord#: 50 done. best_score=27.0, changed=523, unchanged=473, early_stops=8/8
26 - INFO - chord#: 51 In build_straw_man_chord_sa. tolerance = 1, sa_iterations = 1000, initial_temperature = 3.0, cooling_rate = 0.999
26 - INFO - chord#: 60 done. best_score=27.0, changed=528, unchanged=356, early_stops=8/8
26 - INFO - chord#: 64 In build_straw_man_chord_sa. tolerance = 1, sa_iterations = 1000, initial_temperature = 3.0, cooling_rate = 0.999
26 - INFO - chord#: 50 done. best_score=36.0, changed=531, unchanged=393, early_stops=8/8
26 - INFO - chord#: 51 In build_straw_man_chord_sa. tolerance = 1, sa_iterations = 1000, initial_temperature = 3.0, cooling_rate = 0.999
26 - INFO - chord#: 50 done. best_score=27.0, changed=533, unchanged=448, early_stops=8/8
26 - INFO - chord#: 51 In build_straw_man_chord_sa. tolerance = 1, sa_iterations = 1000, initial_temperature = 3.0, cooling_rate = 0.999
26 - INFO - chord#: 52 done. best_score=27.0, changed=521, unchanged=392, early_stops=8/8
26 - INFO - chord#: 54 In build_straw_man_chord_sa. tolerance = 1, sa_iterations = 1000, initial_temperature = 3.0, cooling_rate = 0.999
26 - INFO - chord#: 51 done. best_score=64.0, changed=615, unchanged=382, early_stops=8/8
26 - INFO - chord#: 52 In build_straw_man_chord_sa. tolerance = 1, sa_iterations = 1000, initial_temperature = 3.0, cooling_rate = 0.999
26 - INFO - chord#: 56 done. best_score=27.0, changed=517, unchanged=343, early_stops=8/8
26 - INFO - chord#: 60 In build_straw_man_chord_sa. tolerance = 1, sa_iterations = 1000, initial_temperature = 3.0, cooling_rate = 0.999
26 - INFO - chord#: 56 done. best_score=27.0, changed=523, unchanged=454, early_stops=8/8
26 - INFO - chord#: 60 In build_straw_man_chord_sa. tolerance = 1, sa_iterations = 1000, initial_temperature = 3.0, cooling_rate = 0.999
26 - INFO - chord#: 54 done. best_score=9.0, changed=482, unchanged=329, early_stops=8/8
26 - INFO - chord#: 56 In build_straw_man_chord_sa. tolerance = 1, sa_iterations = 1000, initial_temperature = 3.0, cooling_rate = 0.999
26 - INFO - chord#: 60 done. best_score=27.0, changed=517, unchanged=317, early_stops=8/8
26 - INFO - chord#: 64 In build_straw_man_chord_sa. tolerance = 1, sa_iterations = 1000, initial_temperature = 3.0, cooling_rate = 0.999
26 - INFO - chord#: 52 done. best_score=27.0, changed=522, unchanged=394, early_stops=8/8
26 - INFO - chord#: 54 In build_straw_man_chord_sa. tolerance = 1, sa_iterations = 1000, initial_temperature = 3.0, cooling_rate = 0.999
26 - INFO - chord#: 50 done. best_score=27.0, changed=534, unchanged=448, early_stops=8/8
26 - INFO - chord#: 51 In build_straw_man_chord_sa. tolerance = 1, sa_iterations = 1000, initial_temperature = 3.0, cooling_rate = 0.999
26 - INFO - chord#: 54 done. best_score=9.0, changed=472, unchanged=337, early_stops=8/8
26 - INFO - chord#: 56 In build_straw_man_chord_sa. tolerance = 1, sa_iterations = 1000, initial_temperature = 3.0, cooling_rate = 0.999
26 - INFO - chord#: 64 done. best_score=27.0, changed=527, unchanged=352, early_stops=8/8
26 - INFO - chord#: 66 In build_straw_man_chord_sa. tolerance = 1, sa_iterations = 1000, initial_temperature = 3.0, cooling_rate = 0.999
26 - INFO - chord#: 60 done. best_score=27.0, changed=527, unchanged=397, early_stops=8/8
26 - INFO - chord#: 64 In build_straw_man_chord_sa. tolerance = 1, sa_iterations = 1000, initial_temperature = 3.0, cooling_rate = 0.999
26 - INFO - chord#: 52 done. best_score=27.0, changed=517, unchanged=336, early_stops=8/8
26 - INFO - chord#: 60 done. best_score=27.0, changed=530, unchanged=421, early_stops=8/8
26 - INFO - chord#: 64 In build_straw_man_chord_sa. tolerance = 1, sa_iterations = 1000, initial_temperature = 3.0, cooling_rate = 0.999
26 - INFO - chord#: 54 In build_straw_man_chord_sa. tolerance = 1, sa_iterations = 1000, initial_temperature = 3.0, cooling_rate = 0.999
26 - INFO - chord#: 56 done. best_score=27.0, changed=525, unchanged=454, early_stops=8/8
26 - INFO - chord#: 60 In build_straw_man_chord_sa. tolerance = 1, sa_iterations = 1000, initial_temperature = 3.0, cooling_rate = 0.999
26 - INFO - chord#: 64 done. best_score=27.0, changed=531, unchanged=449, early_stops=8/8
26 - INFO - chord#: 66 In build_straw_man_chord_sa. tolerance = 1, sa_iterations = 1000, initial_temperature = 3.0, cooling_rate = 0.999
26 - INFO - chord#: 54 done. best_score=9.0, changed=473, unchanged=363, early_stops=8/8
26 - INFO - chord#: 56 In build_straw_man_chord_sa. tolerance = 1, sa_iterations = 1000, initial_temperature = 3.0, cooling_rate = 0.999
26 - INFO - chord#: 51 done. best_score=71.0, changed=607, unchanged=291, early_stops=8/8
26 - INFO - chord#: 52 In build_straw_man_chord_sa. tolerance = 1, sa_iterations = 1000, initial_temperature = 3.0, cooling_rate = 0.999
26 - INFO - chord#: 56 done. best_score=27.0, changed=520, unchanged=390, early_stops=8/8
26 - INFO - chord#: 60 In build_straw_man_chord_sa. tolerance = 1, sa_iterations = 1000, initial_temperature = 3.0, cooling_rate = 0.999
26 - INFO - chord#: 64 done. best_score=27.0, changed=517, unchanged=375, early_stops=8/8
26 - INFO - chord#: 66 In build_straw_man_chord_sa. tolerance = 1, sa_iterations = 1000, initial_temperature = 3.0, cooling_rate = 0.999
26 - INFO - chord#: 64 done. best_score=27.0, changed=524, unchanged=342, early_stops=8/8
26 - INFO - chord#: 66 In build_straw_man_chord_sa. tolerance = 1, sa_iterations = 1000, initial_temperature = 3.0, cooling_rate = 0.999
26 - INFO - chord#: 60 done. best_score=27.0, changed=528, unchanged=366, early_stops=8/8
26 - INFO - chord#: 64 In build_straw_man_chord_sa. tolerance = 1, sa_iterations = 1000, initial_temperature = 3.0, cooling_rate = 0.999
26 - INFO - chord#: 51 done. best_score=64.0, changed=617, unchanged=364, early_stops=8/8
26 - INFO - chord#: 52 In build_straw_man_chord_sa. tolerance = 1, sa_iterations = 1000, initial_temperature = 3.0, cooling_rate = 0.999
26 - INFO - chord#: 51 done. best_score=64.0, changed=613, unchanged=326, early_stops=8/8
26 - INFO - chord#: 52 In build_straw_man_chord_sa. tolerance = 1, sa_iterations = 1000, initial_temperature = 3.0, cooling_rate = 0.999
26 - INFO - chord#: 52 done. best_score=61.0, changed=523, unchanged=371, early_stops=8/8
26 - INFO - chord#: 54 In build_straw_man_chord_sa. tolerance = 1, sa_iterations = 1000, initial_temperature = 3.0, cooling_rate = 0.999
26 - INFO - chord#: 56 done. best_score=27.0, changed=531, unchanged=415, early_stops=8/8
26 - INFO - chord#: 60 In build_straw_man_chord_sa. tolerance = 1, sa_iterations = 1000, initial_temperature = 3.0, cooling_rate = 0.999
26 - INFO - chord#: 51 done. best_score=64.0, changed=614, unchanged=376, early_stops=8/8
26 - INFO - chord#: 52 In build_straw_man_chord_sa. tolerance = 1, sa_iterations = 1000, initial_temperature = 3.0, cooling_rate = 0.999
26 - INFO - chord#: 51 done. best_score=104.0, changed=617, unchanged=387, early_stops=8/8
26 - INFO - chord#: 52 In build_straw_man_chord_sa. tolerance = 1, sa_iterations = 1000, initial_temperature = 3.0, cooling_rate = 0.999
26 - INFO - chord#: 66 done. best_score=94.0, changed=609, unchanged=217, early_stops=8/8
26 - INFO - chord#: 68 In build_straw_man_chord_sa. tolerance = 1, sa_iterations = 1000, initial_temperature = 3.0, cooling_rate = 0.999
26 - INFO - chord#: 54 done. best_score=9.0, changed=478, unchanged=342, early_stops=8/8
26 - INFO - chord#: 56 In build_straw_man_chord_sa. tolerance = 1, sa_iterations = 1000, initial_temperature = 3.0, cooling_rate = 0.999
26 - INFO - chord#: 60 done. best_score=27.0, changed=525, unchanged=327, early_stops=8/8
26 - INFO - chord#: 64 In build_straw_man_chord_sa. tolerance = 1, sa_iterations = 1000, initial_temperature = 3.0, cooling_rate = 0.999
26 - INFO - chord#: 64 done. best_score=27.0, changed=516, unchanged=388, early_stops=8/8
26 - INFO - chord#: 66 In build_straw_man_chord_sa. tolerance = 1, sa_iterations = 1000, initial_temperature = 3.0, cooling_rate = 0.999
26 - INFO - chord#: 52 done. best_score=27.0, changed=517, unchanged=324, early_stops=8/8
26 - INFO - chord#: 54 In build_straw_man_chord_sa. tolerance = 1, sa_iterations = 1000, initial_temperature = 3.0, cooling_rate = 0.999
26 - INFO - chord#: 52 done. best_score=27.0, changed=529, unchanged=425, early_stops=8/8
26 - INFO - chord#: 54 In build_straw_man_chord_sa. tolerance = 1, sa_iterations = 1000, initial_temperature = 3.0, cooling_rate = 0.999
26 - INFO - chord#: 52 done. best_score=27.0, changed=522, unchanged=307, early_stops=8/8
26 - INFO - chord#: 54 In build_straw_man_chord_sa. tolerance = 1, sa_iterations = 1000, initial_temperature = 3.0, cooling_rate = 0.999
26 - INFO - chord#: 54 done. best_score=9.0, changed=479, unchanged=347, early_stops=8/8
26 - INFO - chord#: 56 In build_straw_man_chord_sa. tolerance = 1, sa_iterations = 1000, initial_temperature = 3.0, cooling_rate = 0.999
26 - INFO - chord#: 54 done. best_score=9.0, changed=467, unchanged=352, early_stops=8/8
26 - INFO - chord#: 56 In build_straw_man_chord_sa. tolerance = 1, sa_iterations = 1000, initial_temperature = 3.0, cooling_rate = 0.999
26 - INFO - chord#: 66 done. best_score=93.0, changed=614, unchanged=351, early_stops=8/8
26 - INFO - chord#: 68 In build_straw_man_chord_sa. tolerance = 1, sa_iterations = 1000, initial_temperature = 3.0, cooling_rate = 0.999
26 - INFO - chord#: 54 done. best_score=9.0, changed=463, unchanged=355, early_stops=8/8
26 - INFO - chord#: 56 In build_straw_man_chord_sa. tolerance = 1, sa_iterations = 1000, initial_temperature = 3.0, cooling_rate = 0.999
26 - INFO - chord#: 66 done. best_score=105.0, changed=610, unchanged=317, early_stops=8/8
26 - INFO - chord#: 68 In build_straw_man_chord_sa. tolerance = 1, sa_iterations = 1000, initial_temperature = 3.0, cooling_rate = 0.999
26 - INFO - chord#: 60 done. best_score=27.0, changed=527, unchanged=466, early_stops=8/8
26 - INFO - chord#: 64 In build_straw_man_chord_sa. tolerance = 1, sa_iterations = 1000, initial_temperature = 3.0, cooling_rate = 0.999
26 - INFO - chord#: 56 done. best_score=27.0, changed=521, unchanged=370, early_stops=8/8
26 - INFO - chord#: 60 In build_straw_man_chord_sa. tolerance = 1, sa_iterations = 1000, initial_temperature = 3.0, cooling_rate = 0.999
26 - INFO - chord#: 66 done. best_score=96.0, changed=617, unchanged=312, early_stops=8/8
26 - INFO - chord#: 68 In build_straw_man_chord_sa. tolerance = 1, sa_iterations = 1000, initial_temperature = 3.0, cooling_rate = 0.999
26 - INFO - chord#: 52 done. best_score=27.0, changed=520, unchanged=415, early_stops=8/8
26 - INFO - chord#: 54 In build_straw_man_chord_sa. tolerance = 1, sa_iterations = 1000, initial_temperature = 3.0, cooling_rate = 0.999
26 - INFO - chord#: 68 done. best_score=27.0, changed=520, unchanged=442, early_stops=8/8
26 - INFO - chord#: 70 In build_straw_man_chord_sa. tolerance = 1, sa_iterations = 1000, initial_temperature = 3.0, cooling_rate = 0.999
26 - INFO - chord#: 64 done. best_score=27.0, changed=517, unchanged=424, early_stops=8/8
26 - INFO - chord#: 66 In build_straw_man_chord_sa. tolerance = 1, sa_iterations = 1000, initial_temperature = 3.0, cooling_rate = 0.999
26 - INFO - chord#: 54 done. best_score=9.0, changed=458, unchanged=362, early_stops=8/8
26 - INFO - chord#: 56 In build_straw_man_chord_sa. tolerance = 1, sa_iterations = 1000, initial_temperature = 3.0, cooling_rate = 0.999
26 - INFO - chord#: 68 done. best_score=27.0, changed=524, unchanged=386, early_stops=8/8
26 - INFO - chord#: 70 In build_straw_man_chord_sa. tolerance = 1, sa_iterations = 1000, initial_temperature = 3.0, cooling_rate = 0.999
26 - INFO - chord#: 68 done. best_score=27.0, changed=519, unchanged=374, early_stops=8/8
26 - INFO - chord#: 70 In build_straw_man_chord_sa. tolerance = 1, sa_iterations = 1000, initial_temperature = 3.0, cooling_rate = 0.999
26 - INFO - chord#: 60 done. best_score=27.0, changed=522, unchanged=373, early_stops=8/8
26 - INFO - chord#: 64 In build_straw_man_chord_sa. tolerance = 1, sa_iterations = 1000, initial_temperature = 3.0, cooling_rate = 0.999
26 - INFO - chord#: 56 done. best_score=27.0, changed=524, unchanged=496, early_stops=8/8
26 - INFO - chord#: 60 In build_straw_man_chord_sa. tolerance = 1, sa_iterations = 1000, initial_temperature = 3.0, cooling_rate = 0.999
26 - INFO - chord#: 56 done. best_score=27.0, changed=525, unchanged=426, early_stops=8/8
26 - INFO - chord#: 60 In build_straw_man_chord_sa. tolerance = 1, sa_iterations = 1000, initial_temperature = 3.0, cooling_rate = 0.999
26 - INFO - chord#: 66 done. best_score=93.0, changed=610, unchanged=244, early_stops=8/8
26 - INFO - chord#: 68 In build_straw_man_chord_sa. tolerance = 1, sa_iterations = 1000, initial_temperature = 3.0, cooling_rate = 0.999
26 - INFO - chord#: 56 done. best_score=27.0, changed=530, unchanged=385, early_stops=8/8
26 - INFO - chord#: 60 In build_straw_man_chord_sa. tolerance = 1, sa_iterations = 1000, initial_temperature = 3.0, cooling_rate = 0.999
26 - INFO - chord#: 68 done. best_score=27.0, changed=518, unchanged=353, early_stops=8/8
26 - INFO - chord#: 70 In build_straw_man_chord_sa. tolerance = 1, sa_iterations = 1000, initial_temperature = 3.0, cooling_rate = 0.999
26 - INFO - chord#: 64 done. best_score=27.0, changed=527, unchanged=418, early_stops=8/8
26 - INFO - chord#: 66 In build_straw_man_chord_sa. tolerance = 1, sa_iterations = 1000, initial_temperature = 3.0, cooling_rate = 0.999
26 - INFO - chord#: 70 done. best_score=27.0, changed=522, unchanged=338, early_stops=8/8
26 - INFO - chord#: 72 In build_straw_man_chord_sa. tolerance = 1, sa_iterations = 1000, initial_temperature = 3.0, cooling_rate = 0.999
26 - INFO - chord#: 70 done. best_score=27.0, changed=532, unchanged=402, early_stops=8/8
26 - INFO - chord#: 72 In build_straw_man_chord_sa. tolerance = 1, sa_iterations = 1000, initial_temperature = 3.0, cooling_rate = 0.999
26 - INFO - chord#: 70 done. best_score=27.0, changed=530, unchanged=339, early_stops=8/8
26 - INFO - chord#: 72 In build_straw_man_chord_sa. tolerance = 1, sa_iterations = 1000, initial_temperature = 3.0, cooling_rate = 0.999
26 - INFO - chord#: 56 done. best_score=27.0, changed=525, unchanged=464, early_stops=8/8
26 - INFO - chord#: 60 In build_straw_man_chord_sa. tolerance = 1, sa_iterations = 1000, initial_temperature = 3.0, cooling_rate = 0.999
26 - INFO - chord#: 68 done. best_score=27.0, changed=515, unchanged=310, early_stops=8/8
26 - INFO - chord#: 70 In build_straw_man_chord_sa. tolerance = 1, sa_iterations = 1000, initial_temperature = 3.0, cooling_rate = 0.999
26 - INFO - chord#: 64 done. best_score=27.0, changed=528, unchanged=437, early_stops=8/8
26 - INFO - chord#: 66 In build_straw_man_chord_sa. tolerance = 1, sa_iterations = 1000, initial_temperature = 3.0, cooling_rate = 0.999
26 - INFO - chord#: 60 done. best_score=27.0, changed=530, unchanged=349, early_stops=8/8
26 - INFO - chord#: 64 In build_straw_man_chord_sa. tolerance = 1, sa_iterations = 1000, initial_temperature = 3.0, cooling_rate = 0.999
26 - INFO - chord#: 60 done. best_score=27.0, changed=517, unchanged=397, early_stops=8/8
26 - INFO - chord#: 64 In build_straw_man_chord_sa. tolerance = 1, sa_iterations = 1000, initial_temperature = 3.0, cooling_rate = 0.999
26 - INFO - chord#: 60 done. best_score=27.0, changed=525, unchanged=308, early_stops=8/8
26 - INFO - chord#: 64 In build_straw_man_chord_sa. tolerance = 1, sa_iterations = 1000, initial_temperature = 3.0, cooling_rate = 0.999
26 - INFO - chord#: 70 done. best_score=27.0, changed=519, unchanged=308, early_stops=8/8
26 - INFO - chord#: 72 In build_straw_man_chord_sa. tolerance = 1, sa_iterations = 1000, initial_temperature = 3.0, cooling_rate = 0.999
26 - INFO - chord#: 72 done. best_score=27.0, changed=517, unchanged=366, early_stops=8/8
26 - INFO - chord#: 74 In build_straw_man_chord_sa. tolerance = 1, sa_iterations = 1000, initial_temperature = 3.0, cooling_rate = 0.999
26 - INFO - chord#: 72 done. best_score=27.0, changed=530, unchanged=412, early_stops=8/8
26 - INFO - chord#: 74 In build_straw_man_chord_sa. tolerance = 1, sa_iterations = 1000, initial_temperature = 3.0, cooling_rate = 0.999
26 - INFO - chord#: 70 done. best_score=27.0, changed=529, unchanged=410, early_stops=8/8
26 - INFO - chord#: 72 In build_straw_man_chord_sa. tolerance = 1, sa_iterations = 1000, initial_temperature = 3.0, cooling_rate = 0.999
26 - INFO - chord#: 72 done. best_score=27.0, changed=528, unchanged=433, early_stops=8/8
26 - INFO - chord#: 74 In build_straw_man_chord_sa. tolerance = 1, sa_iterations = 1000, initial_temperature = 3.0, cooling_rate = 0.999
26 - INFO - chord#: 64 done. best_score=27.0, changed=527, unchanged=351, early_stops=8/8
26 - INFO - chord#: 66 In build_straw_man_chord_sa. tolerance = 1, sa_iterations = 1000, initial_temperature = 3.0, cooling_rate = 0.999
26 - INFO - chord#: 60 done. best_score=27.0, changed=531, unchanged=370, early_stops=8/8
26 - INFO - chord#: 64 In build_straw_man_chord_sa. tolerance = 1, sa_iterations = 1000, initial_temperature = 3.0, cooling_rate = 0.999
26 - INFO - chord#: 64 done. best_score=27.0, changed=528, unchanged=351, early_stops=8/8
26 - INFO - chord#: 66 In build_straw_man_chord_sa. tolerance = 1, sa_iterations = 1000, initial_temperature = 3.0, cooling_rate = 0.999
26 - INFO - chord#: 66 done. best_score=93.0, changed=612, unchanged=384, early_stops=8/8
26 - INFO - chord#: 68 In build_straw_man_chord_sa. tolerance = 1, sa_iterations = 1000, initial_temperature = 3.0, cooling_rate = 0.999
26 - INFO - chord#: 72 done. best_score=27.0, changed=519, unchanged=392, early_stops=8/8
26 - INFO - chord#: 74 In build_straw_man_chord_sa. tolerance = 1, sa_iterations = 1000, initial_temperature = 3.0, cooling_rate = 0.999
26 - INFO - chord#: 64 done. best_score=27.0, changed=533, unchanged=423, early_stops=8/8
26 - INFO - chord#: 66 In build_straw_man_chord_sa. tolerance = 1, sa_iterations = 1000, initial_temperature = 3.0, cooling_rate = 0.999
26 - INFO - chord#: 66 done. best_score=94.0, changed=606, unchanged=199, early_stops=8/8
26 - INFO - chord#: 68 In build_straw_man_chord_sa. tolerance = 1, sa_iterations = 1000, initial_temperature = 3.0, cooling_rate = 0.999
26 - INFO - chord#: 74 done. best_score=31.0, changed=527, unchanged=339, early_stops=8/8
26 - INFO - chord#: 76 In build_straw_man_chord_sa. tolerance = 1, sa_iterations = 1000, initial_temperature = 3.0, cooling_rate = 0.999
26 - INFO - chord#: 74 done. best_score=31.0, changed=522, unchanged=338, early_stops=8/8
26 - INFO - chord#: 76 In build_straw_man_chord_sa. tolerance = 1, sa_iterations = 1000, initial_temperature = 3.0, cooling_rate = 0.999
26 - INFO - chord#: 72 done. best_score=27.0, changed=516, unchanged=337, early_stops=8/8
26 - INFO - chord#: 74 In build_straw_man_chord_sa. tolerance = 1, sa_iterations = 1000, initial_temperature = 3.0, cooling_rate = 0.999
26 - INFO - chord#: 74 done. best_score=31.0, changed=526, unchanged=395, early_stops=8/8
26 - INFO - chord#: 76 In build_straw_man_chord_sa. tolerance = 1, sa_iterations = 1000, initial_temperature = 3.0, cooling_rate = 0.999
26 - INFO - chord#: 66 done. best_score=94.0, changed=608, unchanged=226, early_stops=8/8
26 - INFO - chord#: 68 In build_straw_man_chord_sa. tolerance = 1, sa_iterations = 1000, initial_temperature = 3.0, cooling_rate = 0.999
26 - INFO - chord#: 64 done. best_score=27.0, changed=528, unchanged=350, early_stops=8/8
26 - INFO - chord#: 66 In build_straw_man_chord_sa. tolerance = 1, sa_iterations = 1000, initial_temperature = 3.0, cooling_rate = 0.999
26 - INFO - chord#: 76 done. best_score=31.0, changed=534, unchanged=330, early_stops=8/8
26 - INFO - chord#: 78 In build_straw_man_chord_sa. tolerance = 1, sa_iterations = 1000, initial_temperature = 3.0, cooling_rate = 0.999
26 - INFO - chord#: 68 done. best_score=27.0, changed=522, unchanged=401, early_stops=8/8
26 - INFO - chord#: 70 In build_straw_man_chord_sa. tolerance = 1, sa_iterations = 1000, initial_temperature = 3.0, cooling_rate = 0.999
26 - INFO - chord#: 74 done. best_score=31.0, changed=538, unchanged=412, early_stops=8/8
26 - INFO - chord#: 76 In build_straw_man_chord_sa. tolerance = 1, sa_iterations = 1000, initial_temperature = 3.0, cooling_rate = 0.999
26 - INFO - chord#: 76 done. best_score=31.0, changed=546, unchanged=368, early_stops=8/8
26 - INFO - chord#: 78 In build_straw_man_chord_sa. tolerance = 1, sa_iterations = 1000, initial_temperature = 3.0, cooling_rate = 0.999
26 - INFO - chord#: 68 done. best_score=27.0, changed=522, unchanged=354, early_stops=8/8
26 - INFO - chord#: 70 In build_straw_man_chord_sa. tolerance = 1, sa_iterations = 1000, initial_temperature = 3.0, cooling_rate = 0.999
26 - INFO - chord#: 76 done. best_score=31.0, changed=523, unchanged=310, early_stops=8/8
26 - INFO - chord#: 78 In build_straw_man_chord_sa. tolerance = 1, sa_iterations = 1000, initial_temperature = 3.0, cooling_rate = 0.999
26 - INFO - chord#: 66 done. best_score=93.0, changed=613, unchanged=252, early_stops=8/8
26 - INFO - chord#: 68 In build_straw_man_chord_sa. tolerance = 1, sa_iterations = 1000, initial_temperature = 3.0, cooling_rate = 0.999
26 - INFO - chord#: 68 done. best_score=27.0, changed=525, unchanged=502, early_stops=8/8
26 - INFO - chord#: 70 In build_straw_man_chord_sa. tolerance = 1, sa_iterations = 1000, initial_temperature = 3.0, cooling_rate = 0.999
26 - INFO - chord#: 74 done. best_score=31.0, changed=533, unchanged=380, early_stops=8/8
26 - INFO - chord#: 76 In build_straw_man_chord_sa. tolerance = 1, sa_iterations = 1000, initial_temperature = 3.0, cooling_rate = 0.999
26 - INFO - chord#: 66 done. best_score=93.0, changed=608, unchanged=262, early_stops=8/8
26 - INFO - chord#: 68 In build_straw_man_chord_sa. tolerance = 1, sa_iterations = 1000, initial_temperature = 3.0, cooling_rate = 0.999
26 - INFO - chord#: 78 done. best_score=27.0, changed=529, unchanged=338, early_stops=8/8
26 - INFO - chord#: 80 In build_straw_man_chord_sa. tolerance = 1, sa_iterations = 1000, initial_temperature = 3.0, cooling_rate = 0.999
26 - INFO - chord#: 70 done. best_score=27.0, changed=536, unchanged=344, early_stops=8/8
26 - INFO - chord#: 72 In build_straw_man_chord_sa. tolerance = 1, sa_iterations = 1000, initial_temperature = 3.0, cooling_rate = 0.999
26 - INFO - chord#: 70 done. best_score=27.0, changed=527, unchanged=321, early_stops=8/8
26 - INFO - chord#: 72 In build_straw_man_chord_sa. tolerance = 1, sa_iterations = 1000, initial_temperature = 3.0, cooling_rate = 0.999
26 - INFO - chord#: 76 done. best_score=31.0, changed=526, unchanged=309, early_stops=8/8
26 - INFO - chord#: 78 In build_straw_man_chord_sa. tolerance = 1, sa_iterations = 1000, initial_temperature = 3.0, cooling_rate = 0.999
26 - INFO - chord#: 66 done. best_score=93.0, changed=608, unchanged=240, early_stops=8/8
26 - INFO - chord#: 68 In build_straw_man_chord_sa. tolerance = 1, sa_iterations = 1000, initial_temperature = 3.0, cooling_rate = 0.999
26 - INFO - chord#: 70 done. best_score=27.0, changed=522, unchanged=309, early_stops=8/8
26 - INFO - chord#: 72 In build_straw_man_chord_sa. tolerance = 1, sa_iterations = 1000, initial_temperature = 3.0, cooling_rate = 0.999
26 - INFO - chord#: 78 done. best_score=27.0, changed=540, unchanged=406, early_stops=8/8
26 - INFO - chord#: 80 In build_straw_man_chord_sa. tolerance = 1, sa_iterations = 1000, initial_temperature = 3.0, cooling_rate = 0.999
26 - INFO - chord#: 68 done. best_score=27.0, changed=523, unchanged=432, early_stops=8/8
26 - INFO - chord#: 70 In build_straw_man_chord_sa. tolerance = 1, sa_iterations = 1000, initial_temperature = 3.0, cooling_rate = 0.999
26 - INFO - chord#: 78 done. best_score=27.0, changed=533, unchanged=379, early_stops=8/8
26 - INFO - chord#: 80 In build_straw_man_chord_sa. tolerance = 1, sa_iterations = 1000, initial_temperature = 3.0, cooling_rate = 0.999
26 - INFO - chord#: 76 done. best_score=31.0, changed=557, unchanged=393, early_stops=8/8
26 - INFO - chord#: 78 In build_straw_man_chord_sa. tolerance = 1, sa_iterations = 1000, initial_temperature = 3.0, cooling_rate = 0.999
26 - INFO - chord#: 80 done. best_score=31.0, changed=526, unchanged=383, early_stops=8/8
26 - INFO - chord#: 82 In build_straw_man_chord_sa. tolerance = 1, sa_iterations = 1000, initial_temperature = 3.0, cooling_rate = 0.999
26 - INFO - chord#: 68 done. best_score=27.0, changed=537, unchanged=475, early_stops=8/8
26 - INFO - chord#: 70 In build_straw_man_chord_sa. tolerance = 1, sa_iterations = 1000, initial_temperature = 3.0, cooling_rate = 0.999
26 - INFO - chord#: 72 done. best_score=27.0, changed=525, unchanged=325, early_stops=8/8
26 - INFO - chord#: 74 In build_straw_man_chord_sa. tolerance = 1, sa_iterations = 1000, initial_temperature = 3.0, cooling_rate = 0.999
26 - INFO - chord#: 66 done. best_score=93.0, changed=613, unchanged=237, early_stops=8/8
26 - INFO - chord#: 68 In build_straw_man_chord_sa. tolerance = 1, sa_iterations = 1000, initial_temperature = 3.0, cooling_rate = 0.999
26 - INFO - chord#: 78 done. best_score=27.0, changed=527, unchanged=308, early_stops=8/8
26 - INFO - chord#: 80 In build_straw_man_chord_sa. tolerance = 1, sa_iterations = 1000, initial_temperature = 3.0, cooling_rate = 0.999
26 - INFO - chord#: 80 done. best_score=31.0, changed=528, unchanged=433, early_stops=8/8
26 - INFO - chord#: 82 In build_straw_man_chord_sa. tolerance = 1, sa_iterations = 1000, initial_temperature = 3.0, cooling_rate = 0.999
26 - INFO - chord#: 72 done. best_score=27.0, changed=525, unchanged=391, early_stops=8/8
26 - INFO - chord#: 74 In build_straw_man_chord_sa. tolerance = 1, sa_iterations = 1000, initial_temperature = 3.0, cooling_rate = 0.999
26 - INFO - chord#: 70 done. best_score=27.0, changed=532, unchanged=350, early_stops=8/8
26 - INFO - chord#: 72 In build_straw_man_chord_sa. tolerance = 1, sa_iterations = 1000, initial_temperature = 3.0, cooling_rate = 0.999
26 - INFO - chord#: 72 done. best_score=27.0, changed=525, unchanged=413, early_stops=8/8
26 - INFO - chord#: 74 In build_straw_man_chord_sa. tolerance = 1, sa_iterations = 1000, initial_temperature = 3.0, cooling_rate = 0.999
26 - INFO - chord#: 68 done. best_score=27.0, changed=524, unchanged=437, early_stops=8/8
26 - INFO - chord#: 70 In build_straw_man_chord_sa. tolerance = 1, sa_iterations = 1000, initial_temperature = 3.0, cooling_rate = 0.999
26 - INFO - chord#: 80 done. best_score=31.0, changed=526, unchanged=375, early_stops=8/8
26 - INFO - chord#: 82 In build_straw_man_chord_sa. tolerance = 1, sa_iterations = 1000, initial_temperature = 3.0, cooling_rate = 0.999
26 - INFO - chord#: 78 done. best_score=27.0, changed=526, unchanged=336, early_stops=8/8
26 - INFO - chord#: 80 In build_straw_man_chord_sa. tolerance = 1, sa_iterations = 1000, initial_temperature = 3.0, cooling_rate = 0.999
26 - INFO - chord#: 70 done. best_score=27.0, changed=536, unchanged=376, early_stops=8/8
26 - INFO - chord#: 72 In build_straw_man_chord_sa. tolerance = 1, sa_iterations = 1000, initial_temperature = 3.0, cooling_rate = 0.999
26 - INFO - chord#: 82 done. best_score=31.0, changed=525, unchanged=429, early_stops=8/8
26 - INFO - chord#: 84 In build_straw_man_chord_sa. tolerance = 1, sa_iterations = 1000, initial_temperature = 3.0, cooling_rate = 0.999
26 - INFO - chord#: 68 done. best_score=27.0, changed=526, unchanged=414, early_stops=8/8
26 - INFO - chord#: 70 In build_straw_man_chord_sa. tolerance = 1, sa_iterations = 1000, initial_temperature = 3.0, cooling_rate = 0.999
26 - INFO - chord#: 74 done. best_score=31.0, changed=538, unchanged=326, early_stops=8/8
26 - INFO - chord#: 76 In build_straw_man_chord_sa. tolerance = 1, sa_iterations = 1000, initial_temperature = 3.0, cooling_rate = 0.999
26 - INFO - chord#: 74 done. best_score=31.0, changed=534, unchanged=423, early_stops=8/8
26 - INFO - chord#: 76 In build_straw_man_chord_sa. tolerance = 1, sa_iterations = 1000, initial_temperature = 3.0, cooling_rate = 0.999
26 - INFO - chord#: 82 done. best_score=31.0, changed=522, unchanged=393, early_stops=8/8
26 - INFO - chord#: 84 In build_straw_man_chord_sa. tolerance = 1, sa_iterations = 1000, initial_temperature = 3.0, cooling_rate = 0.999
26 - INFO - chord#: 80 done. best_score=31.0, changed=518, unchanged=324, early_stops=8/8
26 - INFO - chord#: 82 In build_straw_man_chord_sa. tolerance = 1, sa_iterations = 1000, initial_temperature = 3.0, cooling_rate = 0.999
26 - INFO - chord#: 72 done. best_score=27.0, changed=522, unchanged=409, early_stops=8/8
26 - INFO - chord#: 74 In build_straw_man_chord_sa. tolerance = 1, sa_iterations = 1000, initial_temperature = 3.0, cooling_rate = 0.999
26 - INFO - chord#: 74 done. best_score=31.0, changed=537, unchanged=365, early_stops=8/8
26 - INFO - chord#: 76 In build_straw_man_chord_sa. tolerance = 1, sa_iterations = 1000, initial_temperature = 3.0, cooling_rate = 0.999
26 - INFO - chord#: 72 done. best_score=27.0, changed=525, unchanged=394, early_stops=8/8
26 - INFO - chord#: 74 In build_straw_man_chord_sa. tolerance = 1, sa_iterations = 1000, initial_temperature = 3.0, cooling_rate = 0.999
26 - INFO - chord#: 70 done. best_score=27.0, changed=529, unchanged=465, early_stops=8/8
26 - INFO - chord#: 72 In build_straw_man_chord_sa. tolerance = 1, sa_iterations = 1000, initial_temperature = 3.0, cooling_rate = 0.999
26 - INFO - chord#: 82 done. best_score=31.0, changed=514, unchanged=381, early_stops=8/8
26 - INFO - chord#: 84 In build_straw_man_chord_sa. tolerance = 1, sa_iterations = 1000, initial_temperature = 3.0, cooling_rate = 0.999
26 - INFO - chord#: 84 done. best_score=27.0, changed=527, unchanged=397, early_stops=8/8
26 - INFO - chord#: 86 In build_straw_man_chord_sa. tolerance = 1, sa_iterations = 1000, initial_temperature = 3.0, cooling_rate = 0.999
26 - INFO - chord#: 80 done. best_score=31.0, changed=525, unchanged=399, early_stops=8/8
26 - INFO - chord#: 82 In build_straw_man_chord_sa. tolerance = 1, sa_iterations = 1000, initial_temperature = 3.0, cooling_rate = 0.999
26 - INFO - chord#: 70 done. best_score=27.0, changed=526, unchanged=350, early_stops=8/8
26 - INFO - chord#: 72 In build_straw_man_chord_sa. tolerance = 1, sa_iterations = 1000, initial_temperature = 3.0, cooling_rate = 0.999
26 - INFO - chord#: 76 done. best_score=31.0, changed=534, unchanged=390, early_stops=8/8
26 - INFO - chord#: 78 In build_straw_man_chord_sa. tolerance = 1, sa_iterations = 1000, initial_temperature = 3.0, cooling_rate = 0.999
26 - INFO - chord#: 76 done. best_score=31.0, changed=532, unchanged=288, early_stops=8/8
26 - INFO - chord#: 78 In build_straw_man_chord_sa. tolerance = 1, sa_iterations = 1000, initial_temperature = 3.0, cooling_rate = 0.999
26 - INFO - chord#: 74 done. best_score=31.0, changed=519, unchanged=314, early_stops=8/8
26 - INFO - chord#: 76 In build_straw_man_chord_sa. tolerance = 1, sa_iterations = 1000, initial_temperature = 3.0, cooling_rate = 0.999
26 - INFO - chord#: 74 done. best_score=31.0, changed=522, unchanged=367, early_stops=8/8
26 - INFO - chord#: 76 In build_straw_man_chord_sa. tolerance = 1, sa_iterations = 1000, initial_temperature = 3.0, cooling_rate = 0.999
26 - INFO - chord#: 82 done. best_score=31.0, changed=522, unchanged=400, early_stops=8/8
26 - INFO - chord#: 84 In build_straw_man_chord_sa. tolerance = 1, sa_iterations = 1000, initial_temperature = 3.0, cooling_rate = 0.999
26 - INFO - chord#: 76 done. best_score=31.0, changed=533, unchanged=296, early_stops=8/8
26 - INFO - chord#: 78 In build_straw_man_chord_sa. tolerance = 1, sa_iterations = 1000, initial_temperature = 3.0, cooling_rate = 0.999
26 - INFO - chord#: 84 done. best_score=27.0, changed=520, unchanged=428, early_stops=8/8
26 - INFO - chord#: 86 In build_straw_man_chord_sa. tolerance = 1, sa_iterations = 1000, initial_temperature = 3.0, cooling_rate = 0.999
26 - INFO - chord#: 84 done. best_score=27.0, changed=514, unchanged=389, early_stops=8/8
26 - INFO - chord#: 86 In build_straw_man_chord_sa. tolerance = 1, sa_iterations = 1000, initial_temperature = 3.0, cooling_rate = 0.999
26 - INFO - chord#: 72 done. best_score=27.0, changed=522, unchanged=351, early_stops=8/8
26 - INFO - chord#: 74 In build_straw_man_chord_sa. tolerance = 1, sa_iterations = 1000, initial_temperature = 3.0, cooling_rate = 0.999
26 - INFO - chord#: 72 done. best_score=27.0, changed=529, unchanged=443, early_stops=8/8
26 - INFO - chord#: 74 In build_straw_man_chord_sa. tolerance = 1, sa_iterations = 1000, initial_temperature = 3.0, cooling_rate = 0.999
26 - INFO - chord#: 78 done. best_score=27.0, changed=523, unchanged=368, early_stops=8/8
26 - INFO - chord#: 80 In build_straw_man_chord_sa. tolerance = 1, sa_iterations = 1000, initial_temperature = 3.0, cooling_rate = 0.999
26 - INFO - chord#: 82 done. best_score=31.0, changed=517, unchanged=366, early_stops=8/8
26 - INFO - chord#: 84 In build_straw_man_chord_sa. tolerance = 1, sa_iterations = 1000, initial_temperature = 3.0, cooling_rate = 0.999
26 - INFO - chord#: 76 done. best_score=31.0, changed=541, unchanged=308, early_stops=8/8
26 - INFO - chord#: 78 In build_straw_man_chord_sa. tolerance = 1, sa_iterations = 1000, initial_temperature = 3.0, cooling_rate = 0.999
26 - INFO - chord#: 78 done. best_score=27.0, changed=523, unchanged=336, early_stops=8/8
26 - INFO - chord#: 80 In build_straw_man_chord_sa. tolerance = 1, sa_iterations = 1000, initial_temperature = 3.0, cooling_rate = 0.999
26 - INFO - chord#: 76 done. best_score=31.0, changed=535, unchanged=333, early_stops=8/8
26 - INFO - chord#: 78 In build_straw_man_chord_sa. tolerance = 1, sa_iterations = 1000, initial_temperature = 3.0, cooling_rate = 0.999
26 - INFO - chord#: 84 done. best_score=27.0, changed=516, unchanged=420, early_stops=8/8
26 - INFO - chord#: 86 In build_straw_man_chord_sa. tolerance = 1, sa_iterations = 1000, initial_temperature = 3.0, cooling_rate = 0.999
26 - INFO - chord#: 80 done. best_score=31.0, changed=527, unchanged=320, early_stops=8/8
26 - INFO - chord#: 82 In build_straw_man_chord_sa. tolerance = 1, sa_iterations = 1000, initial_temperature = 3.0, cooling_rate = 0.999
26 - INFO - chord#: 78 done. best_score=27.0, changed=526, unchanged=392, early_stops=8/8
26 - INFO - chord#: 80 In build_straw_man_chord_sa. tolerance = 1, sa_iterations = 1000, initial_temperature = 3.0, cooling_rate = 0.999
26 - INFO - chord#: 78 done. best_score=27.0, changed=524, unchanged=306, early_stops=8/8
26 - INFO - chord#: 80 In build_straw_man_chord_sa. tolerance = 1, sa_iterations = 1000, initial_temperature = 3.0, cooling_rate = 0.999
26 - INFO - chord#: 74 done. best_score=31.0, changed=522, unchanged=315, early_stops=8/8
26 - INFO - chord#: 76 In build_straw_man_chord_sa. tolerance = 1, sa_iterations = 1000, initial_temperature = 3.0, cooling_rate = 0.999
26 - INFO - chord#: 74 done. best_score=31.0, changed=528, unchanged=375, early_stops=8/8
26 - INFO - chord#: 76 In build_straw_man_chord_sa. tolerance = 1, sa_iterations = 1000, initial_temperature = 3.0, cooling_rate = 0.999
26 - INFO - chord#: 80 done. best_score=31.0, changed=518, unchanged=415, early_stops=8/8
26 - INFO - chord#: 82 In build_straw_man_chord_sa. tolerance = 1, sa_iterations = 1000, initial_temperature = 3.0, cooling_rate = 0.999
26 - INFO - chord#: 84 done. best_score=27.0, changed=517, unchanged=519, early_stops=8/8
26 - INFO - chord#: 86 In build_straw_man_chord_sa. tolerance = 1, sa_iterations = 1000, initial_temperature = 3.0, cooling_rate = 0.999
26 - INFO - chord#: 86 done. best_score=116.0, changed=619, unchanged=418, early_stops=8/8
26 - INFO - chord#: 87 In build_straw_man_chord_sa. tolerance = 1, sa_iterations = 1000, initial_temperature = 3.0, cooling_rate = 0.999
26 - INFO - chord#: 78 done. best_score=27.0, changed=525, unchanged=371, early_stops=8/8
26 - INFO - chord#: 80 In build_straw_man_chord_sa. tolerance = 1, sa_iterations = 1000, initial_temperature = 3.0, cooling_rate = 0.999
26 - INFO - chord#: 82 done. best_score=31.0, changed=512, unchanged=312, early_stops=8/8
26 - INFO - chord#: 84 In build_straw_man_chord_sa. tolerance = 1, sa_iterations = 1000, initial_temperature = 3.0, cooling_rate = 0.999
26 - INFO - chord#: 80 done. best_score=31.0, changed=524, unchanged=304, early_stops=8/8
26 - INFO - chord#: 82 In build_straw_man_chord_sa. tolerance = 1, sa_iterations = 1000, initial_temperature = 3.0, cooling_rate = 0.999
26 - INFO - chord#: 76 done. best_score=31.0, changed=545, unchanged=343, early_stops=8/8
26 - INFO - chord#: 78 In build_straw_man_chord_sa. tolerance = 1, sa_iterations = 1000, initial_temperature = 3.0, cooling_rate = 0.999
26 - INFO - chord#: 80 done. best_score=31.0, changed=525, unchanged=380, early_stops=8/8
26 - INFO - chord#: 82 In build_straw_man_chord_sa. tolerance = 1, sa_iterations = 1000, initial_temperature = 3.0, cooling_rate = 0.999
26 - INFO - chord#: 82 done. best_score=31.0, changed=526, unchanged=399, early_stops=8/8
26 - INFO - chord#: 84 In build_straw_man_chord_sa. tolerance = 1, sa_iterations = 1000, initial_temperature = 3.0, cooling_rate = 0.999
26 - INFO - chord#: 76 done. best_score=31.0, changed=532, unchanged=314, early_stops=8/8
26 - INFO - chord#: 78 In build_straw_man_chord_sa. tolerance = 1, sa_iterations = 1000, initial_temperature = 3.0, cooling_rate = 0.999
26 - INFO - chord#: 80 done. best_score=31.0, changed=521, unchanged=387, early_stops=8/8
26 - INFO - chord#: 82 In build_straw_man_chord_sa. tolerance = 1, sa_iterations = 1000, initial_temperature = 3.0, cooling_rate = 0.999
26 - INFO - chord#: 86 done. best_score=93.0, changed=611, unchanged=298, early_stops=8/8
26 - INFO - chord#: 87 In build_straw_man_chord_sa. tolerance = 1, sa_iterations = 1000, initial_temperature = 3.0, cooling_rate = 0.999
26 - INFO - chord#: 82 done. best_score=31.0, changed=516, unchanged=396, early_stops=8/8
26 - INFO - chord#: 84 In build_straw_man_chord_sa. tolerance = 1, sa_iterations = 1000, initial_temperature = 3.0, cooling_rate = 0.999
26 - INFO - chord#: 84 done. best_score=27.0, changed=527, unchanged=433, early_stops=8/8
26 - INFO - chord#: 86 In build_straw_man_chord_sa. tolerance = 1, sa_iterations = 1000, initial_temperature = 3.0, cooling_rate = 0.999
26 - INFO - chord#: 78 done. best_score=27.0, changed=520, unchanged=356, early_stops=8/8
26 - INFO - chord#: 80 In build_straw_man_chord_sa. tolerance = 1, sa_iterations = 1000, initial_temperature = 3.0, cooling_rate = 0.999
26 - INFO - chord#: 84 done. best_score=27.0, changed=521, unchanged=427, early_stops=8/8
26 - INFO - chord#: 86 In build_straw_man_chord_sa. tolerance = 1, sa_iterations = 1000, initial_temperature = 3.0, cooling_rate = 0.999
26 - INFO - chord#: 78 done. best_score=27.0, changed=527, unchanged=418, early_stops=8/8
26 - INFO - chord#: 80 In build_straw_man_chord_sa. tolerance = 1, sa_iterations = 1000, initial_temperature = 3.0, cooling_rate = 0.999
26 - INFO - chord#: 82 done. best_score=31.0, changed=523, unchanged=551, early_stops=8/8
26 - INFO - chord#: 84 In build_straw_man_chord_sa. tolerance = 1, sa_iterations = 1000, initial_temperature = 3.0, cooling_rate = 0.999
26 - INFO - chord#: 82 done. best_score=31.0, changed=519, unchanged=411, early_stops=8/8
26 - INFO - chord#: 84 In build_straw_man_chord_sa. tolerance = 1, sa_iterations = 1000, initial_temperature = 3.0, cooling_rate = 0.999
26 - INFO - chord#: 86 done. best_score=111.0, changed=618, unchanged=454, early_stops=8/8
26 - INFO - chord#: 87 In build_straw_man_chord_sa. tolerance = 1, sa_iterations = 1000, initial_temperature = 3.0, cooling_rate = 0.999
26 - INFO - chord#: 87 done. best_score=74.0, changed=613, unchanged=311, early_stops=8/8
26 - INFO - chord#: 88 In build_straw_man_chord_sa. tolerance = 1, sa_iterations = 1000, initial_temperature = 3.0, cooling_rate = 0.999
26 - INFO - chord#: 80 done. best_score=31.0, changed=524, unchanged=389, early_stops=8/8
26 - INFO - chord#: 82 In build_straw_man_chord_sa. tolerance = 1, sa_iterations = 1000, initial_temperature = 3.0, cooling_rate = 0.999
26 - INFO - chord#: 84 done. best_score=27.0, changed=511, unchanged=401, early_stops=8/8
26 - INFO - chord#: 86 In build_straw_man_chord_sa. tolerance = 1, sa_iterations = 1000, initial_temperature = 3.0, cooling_rate = 0.999
26 - INFO - chord#: 86 done. best_score=111.0, changed=613, unchanged=414, early_stops=8/8
26 - INFO - chord#: 87 In build_straw_man_chord_sa. tolerance = 1, sa_iterations = 1000, initial_temperature = 3.0, cooling_rate = 0.999
26 - INFO - chord#: 88 done. best_score=27.0, changed=529, unchanged=326, early_stops=8/8
26 - INFO - chord#: 96 In build_straw_man_chord_sa. tolerance = 1, sa_iterations = 1000, initial_temperature = 3.0, cooling_rate = 0.999
26 - INFO - chord#: 86 done. best_score=105.0, changed=613, unchanged=367, early_stops=8/8
26 - INFO - chord#: 87 In build_straw_man_chord_sa. tolerance = 1, sa_iterations = 1000, initial_temperature = 3.0, cooling_rate = 0.999
26 - INFO - chord#: 80 done. best_score=31.0, changed=535, unchanged=483, early_stops=8/8
26 - INFO - chord#: 82 In build_straw_man_chord_sa. tolerance = 1, sa_iterations = 1000, initial_temperature = 3.0, cooling_rate = 0.999
26 - INFO - chord#: 84 done. best_score=27.0, changed=528, unchanged=576, early_stops=8/8
26 - INFO - chord#: 86 In build_straw_man_chord_sa. tolerance = 1, sa_iterations = 1000, initial_temperature = 3.0, cooling_rate = 0.999
26 - INFO - chord#: 84 done. best_score=27.0, changed=514, unchanged=355, early_stops=8/8
26 - INFO - chord#: 86 In build_straw_man_chord_sa. tolerance = 1, sa_iterations = 1000, initial_temperature = 3.0, cooling_rate = 0.999
26 - INFO - chord#: 82 done. best_score=31.0, changed=523, unchanged=348, early_stops=8/8
26 - INFO - chord#: 84 In build_straw_man_chord_sa. tolerance = 1, sa_iterations = 1000, initial_temperature = 3.0, cooling_rate = 0.999
26 - INFO - chord#: 86 done. best_score=113.0, changed=611, unchanged=252, early_stops=8/8
26 - INFO - chord#: 87 In build_straw_man_chord_sa. tolerance = 1, sa_iterations = 1000, initial_temperature = 3.0, cooling_rate = 0.999
26 - INFO - chord#: 96 done. best_score=27.0, changed=519, unchanged=328, early_stops=8/8
26 - INFO - chord#: 98 In build_straw_man_chord_sa. tolerance = 1, sa_iterations = 1000, initial_temperature = 3.0, cooling_rate = 0.999
26 - INFO - chord#: 87 done. best_score=74.0, changed=615, unchanged=431, early_stops=8/8
26 - INFO - chord#: 88 In build_straw_man_chord_sa. tolerance = 1, sa_iterations = 1000, initial_temperature = 3.0, cooling_rate = 0.999
26 - INFO - chord#: 86 done. best_score=115.0, changed=614, unchanged=354, early_stops=8/8
26 - INFO - chord#: 87 In build_straw_man_chord_sa. tolerance = 1, sa_iterations = 1000, initial_temperature = 3.0, cooling_rate = 0.999
26 - INFO - chord#: 82 done. best_score=31.0, changed=530, unchanged=485, early_stops=8/8
26 - INFO - chord#: 84 In build_straw_man_chord_sa. tolerance = 1, sa_iterations = 1000, initial_temperature = 3.0, cooling_rate = 0.999
26 - INFO - chord#: 84 done. best_score=27.0, changed=524, unchanged=582, early_stops=8/8
26 - INFO - chord#: 86 In build_straw_man_chord_sa. tolerance = 1, sa_iterations = 1000, initial_temperature = 3.0, cooling_rate = 0.999
26 - INFO - chord#: 98 done. best_score=27.0, changed=519, unchanged=331, early_stops=8/8
26 - INFO - chord#: 102 In build_straw_man_chord_sa. tolerance = 1, sa_iterations = 1000, initial_temperature = 3.0, cooling_rate = 0.999
26 - INFO - chord#: 86 done. best_score=111.0, changed=614, unchanged=405, early_stops=8/8
26 - INFO - chord#: 87 In build_straw_man_chord_sa. tolerance = 1, sa_iterations = 1000, initial_temperature = 3.0, cooling_rate = 0.999
26 - INFO - chord#: 88 done. best_score=27.0, changed=529, unchanged=397, early_stops=8/8
26 - INFO - chord#: 96 In build_straw_man_chord_sa. tolerance = 1, sa_iterations = 1000, initial_temperature = 3.0, cooling_rate = 0.999
26 - INFO - chord#: 87 done. best_score=149.0, changed=612, unchanged=357, early_stops=8/8
26 - INFO - chord#: 88 In build_straw_man_chord_sa. tolerance = 1, sa_iterations = 1000, initial_temperature = 3.0, cooling_rate = 0.999
26 - INFO - chord#: 87 done. best_score=74.0, changed=611, unchanged=293, early_stops=8/8
26 - INFO - chord#: 88 In build_straw_man_chord_sa. tolerance = 1, sa_iterations = 1000, initial_temperature = 3.0, cooling_rate = 0.999
26 - INFO - chord#: 84 done. best_score=27.0, changed=523, unchanged=419, early_stops=8/8
26 - INFO - chord#: 86 In build_straw_man_chord_sa. tolerance = 1, sa_iterations = 1000, initial_temperature = 3.0, cooling_rate = 0.999
26 - INFO - chord#: 87 done. best_score=96.0, changed=615, unchanged=382, early_stops=8/8
26 - INFO - chord#: 88 In build_straw_man_chord_sa. tolerance = 1, sa_iterations = 1000, initial_temperature = 3.0, cooling_rate = 0.999
26 - INFO - chord#: 86 done. best_score=111.0, changed=611, unchanged=285, early_stops=8/8
26 - INFO - chord#: 87 In build_straw_man_chord_sa. tolerance = 1, sa_iterations = 1000, initial_temperature = 3.0, cooling_rate = 0.999
26 - INFO - chord#: 87 done. best_score=74.0, changed=612, unchanged=267, early_stops=8/8
26 - INFO - chord#: 88 In build_straw_man_chord_sa. tolerance = 1, sa_iterations = 1000, initial_temperature = 3.0, cooling_rate = 0.999
26 - INFO - chord#: 86 done. best_score=111.0, changed=612, unchanged=307, early_stops=8/8
26 - INFO - chord#: 87 In build_straw_man_chord_sa. tolerance = 1, sa_iterations = 1000, initial_temperature = 3.0, cooling_rate = 0.999
26 - INFO - chord#: 88 done. best_score=36.0, changed=519, unchanged=342, early_stops=8/8
26 - INFO - chord#: 96 In build_straw_man_chord_sa. tolerance = 1, sa_iterations = 1000, initial_temperature = 3.0, cooling_rate = 0.999
26 - INFO - chord#: 88 done. best_score=27.0, changed=517, unchanged=299, early_stops=8/8
26 - INFO - chord#: 96 In build_straw_man_chord_sa. tolerance = 1, sa_iterations = 1000, initial_temperature = 3.0, cooling_rate = 0.999
26 - INFO - chord#: 96 done. best_score=27.0, changed=521, unchanged=365, early_stops=8/8
26 - INFO - chord#: 98 In build_straw_man_chord_sa. tolerance = 1, sa_iterations = 1000, initial_temperature = 3.0, cooling_rate = 0.999
26 - INFO - chord#: 88 done. best_score=27.0, changed=533, unchanged=389, early_stops=8/8
26 - INFO - chord#: 96 In build_straw_man_chord_sa. tolerance = 1, sa_iterations = 1000, initial_temperature = 3.0, cooling_rate = 0.999
26 - INFO - chord#: 87 done. best_score=74.0, changed=615, unchanged=346, early_stops=8/8
26 - INFO - chord#: 88 In build_straw_man_chord_sa. tolerance = 1, sa_iterations = 1000, initial_temperature = 3.0, cooling_rate = 0.999
26 - INFO - chord#: 88 done. best_score=27.0, changed=531, unchanged=393, early_stops=8/8
26 - INFO - chord#: 96 In build_straw_man_chord_sa. tolerance = 1, sa_iterations = 1000, initial_temperature = 3.0, cooling_rate = 0.999
26 - INFO - chord#: 102 done. best_score=67.0, changed=616, unchanged=409, early_stops=8/8
26 - INFO - chord#: 104 In build_straw_man_chord_sa. tolerance = 1, sa_iterations = 1000, initial_temperature = 3.0, cooling_rate = 0.999
26 - INFO - chord#: 86 done. best_score=113.0, changed=609, unchanged=351, early_stops=8/8
26 - INFO - chord#: 87 In build_straw_man_chord_sa. tolerance = 1, sa_iterations = 1000, initial_temperature = 3.0, cooling_rate = 0.999
26 - INFO - chord#: 96 done. best_score=27.0, changed=527, unchanged=296, early_stops=8/8
26 - INFO - chord#: 98 In build_straw_man_chord_sa. tolerance = 1, sa_iterations = 1000, initial_temperature = 3.0, cooling_rate = 0.999
26 - INFO - chord#: 88 done. best_score=27.0, changed=527, unchanged=320, early_stops=8/8
26 - INFO - chord#: 96 done. best_score=36.0, changed=534, unchanged=319, early_stops=8/8
26 - INFO - chord#: 96 In build_straw_man_chord_sa. tolerance = 1, sa_iterations = 1000, initial_temperature = 3.0, cooling_rate = 0.999
26 - INFO - chord#: 98 In build_straw_man_chord_sa. tolerance = 1, sa_iterations = 1000, initial_temperature = 3.0, cooling_rate = 0.999
26 - INFO - chord#: 98 done. best_score=27.0, changed=519, unchanged=304, early_stops=8/8
26 - INFO - chord#: 102 In build_straw_man_chord_sa. tolerance = 1, sa_iterations = 1000, initial_temperature = 3.0, cooling_rate = 0.999
26 - INFO - chord#: 96 done. best_score=27.0, changed=519, unchanged=328, early_stops=8/8
26 - INFO - chord#: 98 In build_straw_man_chord_sa. tolerance = 1, sa_iterations = 1000, initial_temperature = 3.0, cooling_rate = 0.999
26 - INFO - chord#: 87 done. best_score=74.0, changed=608, unchanged=407, early_stops=8/8
26 - INFO - chord#: 88 In build_straw_man_chord_sa. tolerance = 1, sa_iterations = 1000, initial_temperature = 3.0, cooling_rate = 0.999
26 - INFO - chord#: 96 done. best_score=27.0, changed=529, unchanged=322, early_stops=8/8
26 - INFO - chord#: 98 In build_straw_man_chord_sa. tolerance = 1, sa_iterations = 1000, initial_temperature = 3.0, cooling_rate = 0.999
26 - INFO - chord#: 87 done. best_score=141.0, changed=611, unchanged=220, early_stops=8/8
26 - INFO - chord#: 88 In build_straw_man_chord_sa. tolerance = 1, sa_iterations = 1000, initial_temperature = 3.0, cooling_rate = 0.999
26 - INFO - chord#: 98 done. best_score=27.0, changed=529, unchanged=342, early_stops=8/8
26 - INFO - chord#: 102 In build_straw_man_chord_sa. tolerance = 1, sa_iterations = 1000, initial_temperature = 3.0, cooling_rate = 0.999
26 - INFO - chord#: 96 done. best_score=27.0, changed=530, unchanged=330, early_stops=8/8
26 - INFO - chord#: 98 In build_straw_man_chord_sa. tolerance = 1, sa_iterations = 1000, initial_temperature = 3.0, cooling_rate = 0.999
26 - INFO - chord#: 88 done. best_score=27.0, changed=522, unchanged=316, early_stops=8/8
26 - INFO - chord#: 96 In build_straw_man_chord_sa. tolerance = 1, sa_iterations = 1000, initial_temperature = 3.0, cooling_rate = 0.999
26 - INFO - chord#: 98 done. best_score=36.0, changed=528, unchanged=382, early_stops=8/8
26 - INFO - chord#: 102 In build_straw_man_chord_sa. tolerance = 1, sa_iterations = 1000, initial_temperature = 3.0, cooling_rate = 0.999
26 - INFO - chord#: 98 done. best_score=27.0, changed=522, unchanged=315, early_stops=8/8
26 - INFO - chord#: 102 In build_straw_man_chord_sa. tolerance = 1, sa_iterations = 1000, initial_temperature = 3.0, cooling_rate = 0.999
26 - INFO - chord#: 88 done. best_score=27.0, changed=530, unchanged=347, early_stops=8/8
26 - INFO - chord#: 96 In build_straw_man_chord_sa. tolerance = 1, sa_iterations = 1000, initial_temperature = 3.0, cooling_rate = 0.999
26 - INFO - chord#: 98 done. best_score=27.0, changed=528, unchanged=401, early_stops=8/8
26 - INFO - chord#: 102 In build_straw_man_chord_sa. tolerance = 1, sa_iterations = 1000, initial_temperature = 3.0, cooling_rate = 0.999
26 - INFO - chord#: 86 done. best_score=134.0, changed=610, unchanged=339, early_stops=8/8
26 - INFO - chord#: 87 In build_straw_man_chord_sa. tolerance = 1, sa_iterations = 1000, initial_temperature = 3.0, cooling_rate = 0.999
26 - INFO - chord#: 87 done. best_score=96.0, changed=610, unchanged=252, early_stops=8/8
26 - INFO - chord#: 88 In build_straw_man_chord_sa. tolerance = 1, sa_iterations = 1000, initial_temperature = 3.0, cooling_rate = 0.999
26 - INFO - chord#: 104 done. best_score=142.0, changed=614, unchanged=289, early_stops=8/8
26 - INFO - chord#: 106 In build_straw_man_chord_sa. tolerance = 1, sa_iterations = 1000, initial_temperature = 3.0, cooling_rate = 0.999
26 - INFO - chord#: 96 done. best_score=27.0, changed=531, unchanged=345, early_stops=8/8
26 - INFO - chord#: 98 In build_straw_man_chord_sa. tolerance = 1, sa_iterations = 1000, initial_temperature = 3.0, cooling_rate = 0.999
26 - INFO - chord#: 98 done. best_score=27.0, changed=531, unchanged=404, early_stops=8/8
26 - INFO - chord#: 102 In build_straw_man_chord_sa. tolerance = 1, sa_iterations = 1000, initial_temperature = 3.0, cooling_rate = 0.999
26 - INFO - chord#: 96 done. best_score=27.0, changed=526, unchanged=317, early_stops=8/8
26 - INFO - chord#: 98 In build_straw_man_chord_sa. tolerance = 1, sa_iterations = 1000, initial_temperature = 3.0, cooling_rate = 0.999
26 - INFO - chord#: 87 done. best_score=141.0, changed=615, unchanged=325, early_stops=8/8
26 - INFO - chord#: 88 In build_straw_man_chord_sa. tolerance = 1, sa_iterations = 1000, initial_temperature = 3.0, cooling_rate = 0.999
26 - INFO - chord#: 88 done. best_score=27.0, changed=516, unchanged=311, early_stops=8/8
26 - INFO - chord#: 96 In build_straw_man_chord_sa. tolerance = 1, sa_iterations = 1000, initial_temperature = 3.0, cooling_rate = 0.999
26 - INFO - chord#: 106 done. best_score=36.0, changed=518, unchanged=345, early_stops=8/8
26 - INFO - chord#: 108 In build_straw_man_chord_sa. tolerance = 1, sa_iterations = 1000, initial_temperature = 3.0, cooling_rate = 0.999
26 - INFO - chord#: 102 done. best_score=67.0, changed=610, unchanged=273, early_stops=8/8
26 - INFO - chord#: 104 In build_straw_man_chord_sa. tolerance = 1, sa_iterations = 1000, initial_temperature = 3.0, cooling_rate = 0.999
26 - INFO - chord#: 98 done. best_score=27.0, changed=531, unchanged=397, early_stops=8/8
26 - INFO - chord#: 102 In build_straw_man_chord_sa. tolerance = 1, sa_iterations = 1000, initial_temperature = 3.0, cooling_rate = 0.999
26 - INFO - chord#: 102 done. best_score=137.0, changed=611, unchanged=308, early_stops=8/8
26 - INFO - chord#: 104 In build_straw_man_chord_sa. tolerance = 1, sa_iterations = 1000, initial_temperature = 3.0, cooling_rate = 0.999
26 - INFO - chord#: 98 done. best_score=27.0, changed=534, unchanged=504, early_stops=8/8
26 - INFO - chord#: 102 In build_straw_man_chord_sa. tolerance = 1, sa_iterations = 1000, initial_temperature = 3.0, cooling_rate = 0.999
26 - INFO - chord#: 88 done. best_score=36.0, changed=533, unchanged=339, early_stops=8/8
26 - INFO - chord#: 96 In build_straw_man_chord_sa. tolerance = 1, sa_iterations = 1000, initial_temperature = 3.0, cooling_rate = 0.999
26 - INFO - chord#: 102 done. best_score=168.0, changed=610, unchanged=270, early_stops=8/8
26 - INFO - chord#: 104 In build_straw_man_chord_sa. tolerance = 1, sa_iterations = 1000, initial_temperature = 3.0, cooling_rate = 0.999
26 - INFO - chord#: 96 done. best_score=27.0, changed=525, unchanged=367, early_stops=8/8
26 - INFO - chord#: 98 In build_straw_man_chord_sa. tolerance = 1, sa_iterations = 1000, initial_temperature = 3.0, cooling_rate = 0.999
26 - INFO - chord#: 102 done. best_score=96.0, changed=615, unchanged=318, early_stops=8/8
26 - INFO - chord#: 104 In build_straw_man_chord_sa. tolerance = 1, sa_iterations = 1000, initial_temperature = 3.0, cooling_rate = 0.999
26 - INFO - chord#: 108 done. best_score=27.0, changed=517, unchanged=398, early_stops=8/8
26 - INFO - chord#: 110 In build_straw_man_chord_sa. tolerance = 1, sa_iterations = 1000, initial_temperature = 3.0, cooling_rate = 0.999
26 - INFO - chord#: 102 done. best_score=145.0, changed=608, unchanged=220, early_stops=8/8
26 - INFO - chord#: 104 In build_straw_man_chord_sa. tolerance = 1, sa_iterations = 1000, initial_temperature = 3.0, cooling_rate = 0.999
26 - INFO - chord#: 110 done. best_score=7.0, changed=514, unchanged=305, early_stops=8/8
26 - INFO - chord#: 112 In build_straw_man_chord_sa. tolerance = 1, sa_iterations = 1000, initial_temperature = 3.0, cooling_rate = 0.999
26 - INFO - chord#: 102 done. best_score=67.0, changed=615, unchanged=356, early_stops=8/8
26 - INFO - chord#: 104 In build_straw_man_chord_sa. tolerance = 1, sa_iterations = 1000, initial_temperature = 3.0, cooling_rate = 0.999
26 - INFO - chord#: 96 done. best_score=27.0, changed=529, unchanged=350, early_stops=8/8
26 - INFO - chord#: 98 In build_straw_man_chord_sa. tolerance = 1, sa_iterations = 1000, initial_temperature = 3.0, cooling_rate = 0.999
26 - INFO - chord#: 87 done. best_score=74.0, changed=613, unchanged=350, early_stops=8/8
26 - INFO - chord#: 88 In build_straw_man_chord_sa. tolerance = 1, sa_iterations = 1000, initial_temperature = 3.0, cooling_rate = 0.999
26 - INFO - chord#: 98 done. best_score=27.0, changed=530, unchanged=332, early_stops=8/8
26 - INFO - chord#: 102 In build_straw_man_chord_sa. tolerance = 1, sa_iterations = 1000, initial_temperature = 3.0, cooling_rate = 0.999
26 - INFO - chord#: 104 done. best_score=140.0, changed=614, unchanged=222, early_stops=8/8
26 - INFO - chord#: 106 In build_straw_man_chord_sa. tolerance = 1, sa_iterations = 1000, initial_temperature = 3.0, cooling_rate = 0.999
26 - INFO - chord#: 102 done. best_score=67.0, changed=611, unchanged=425, early_stops=8/8
26 - INFO - chord#: 104 In build_straw_man_chord_sa. tolerance = 1, sa_iterations = 1000, initial_temperature = 3.0, cooling_rate = 0.999
26 - INFO - chord#: 104 done. best_score=140.0, changed=610, unchanged=258, early_stops=8/8
26 - INFO - chord#: 106 In build_straw_man_chord_sa. tolerance = 1, sa_iterations = 1000, initial_temperature = 3.0, cooling_rate = 0.999
26 - INFO - chord#: 102 done. best_score=67.0, changed=617, unchanged=303, early_stops=8/8
26 - INFO - chord#: 104 In build_straw_man_chord_sa. tolerance = 1, sa_iterations = 1000, initial_temperature = 3.0, cooling_rate = 0.999
26 - INFO - chord#: 98 done. best_score=27.0, changed=525, unchanged=328, early_stops=8/8
26 - INFO - chord#: 102 In build_straw_man_chord_sa. tolerance = 1, sa_iterations = 1000, initial_temperature = 3.0, cooling_rate = 0.999
26 - INFO - chord#: 88 done. best_score=27.0, changed=521, unchanged=345, early_stops=8/8
26 - INFO - chord#: 96 In build_straw_man_chord_sa. tolerance = 1, sa_iterations = 1000, initial_temperature = 3.0, cooling_rate = 0.999
26 - INFO - chord#: 106 done. best_score=27.0, changed=513, unchanged=318, early_stops=8/8
26 - INFO - chord#: 108 In build_straw_man_chord_sa. tolerance = 1, sa_iterations = 1000, initial_temperature = 3.0, cooling_rate = 0.999
26 - INFO - chord#: 104 done. best_score=140.0, changed=611, unchanged=285, early_stops=8/8
26 - INFO - chord#: 106 In build_straw_man_chord_sa. tolerance = 1, sa_iterations = 1000, initial_temperature = 3.0, cooling_rate = 0.999
26 - INFO - chord#: 112 done. best_score=82.0, changed=610, unchanged=247, early_stops=8/8
26 - INFO - chord#: 114 In build_straw_man_chord_sa. tolerance = 1, sa_iterations = 1000, initial_temperature = 3.0, cooling_rate = 0.999
26 - INFO - chord#: 106 done. best_score=27.0, changed=524, unchanged=359, early_stops=8/8
26 - INFO - chord#: 108 In build_straw_man_chord_sa. tolerance = 1, sa_iterations = 1000, initial_temperature = 3.0, cooling_rate = 0.999
26 - INFO - chord#: 104 done. best_score=142.0, changed=612, unchanged=338, early_stops=8/8
26 - INFO - chord#: 106 In build_straw_man_chord_sa. tolerance = 1, sa_iterations = 1000, initial_temperature = 3.0, cooling_rate = 0.999
26 - INFO - chord#: 96 done. best_score=27.0, changed=525, unchanged=377, early_stops=8/8
26 - INFO - chord#: 98 In build_straw_man_chord_sa. tolerance = 1, sa_iterations = 1000, initial_temperature = 3.0, cooling_rate = 0.999
26 - INFO - chord#: 104 done. best_score=142.0, changed=613, unchanged=410, early_stops=8/8
26 - INFO - chord#: 106 In build_straw_man_chord_sa. tolerance = 1, sa_iterations = 1000, initial_temperature = 3.0, cooling_rate = 0.999
26 - INFO - chord#: 108 done. best_score=27.0, changed=520, unchanged=458, early_stops=8/8
26 - INFO - chord#: 110 In build_straw_man_chord_sa. tolerance = 1, sa_iterations = 1000, initial_temperature = 3.0, cooling_rate = 0.999
26 - INFO - chord#: 104 done. best_score=142.0, changed=617, unchanged=314, early_stops=8/8
26 - INFO - chord#: 106 In build_straw_man_chord_sa. tolerance = 1, sa_iterations = 1000, initial_temperature = 3.0, cooling_rate = 0.999
26 - INFO - chord#: 108 done. best_score=27.0, changed=513, unchanged=323, early_stops=8/8
26 - INFO - chord#: 110 In build_straw_man_chord_sa. tolerance = 1, sa_iterations = 1000, initial_temperature = 3.0, cooling_rate = 0.999
26 - INFO - chord#: 110 done. best_score=7.0, changed=491, unchanged=328, early_stops=8/8
26 - INFO - chord#: 112 In build_straw_man_chord_sa. tolerance = 1, sa_iterations = 1000, initial_temperature = 3.0, cooling_rate = 0.999
26 - INFO - chord#: 106 done. best_score=27.0, changed=524, unchanged=526, early_stops=8/8
26 - INFO - chord#: 108 In build_straw_man_chord_sa. tolerance = 1, sa_iterations = 1000, initial_temperature = 3.0, cooling_rate = 0.999
26 - INFO - chord#: 110 done. best_score=7.0, changed=481, unchanged=331, early_stops=8/8
26 - INFO - chord#: 112 In build_straw_man_chord_sa. tolerance = 1, sa_iterations = 1000, initial_temperature = 3.0, cooling_rate = 0.999
26 - INFO - chord#: 104 done. best_score=140.0, changed=607, unchanged=297, early_stops=8/8
26 - INFO - chord#: 106 In build_straw_man_chord_sa. tolerance = 1, sa_iterations = 1000, initial_temperature = 3.0, cooling_rate = 0.999
26 - INFO - chord#: 102 done. best_score=137.0, changed=610, unchanged=365, early_stops=8/8
26 - INFO - chord#: 104 In build_straw_man_chord_sa. tolerance = 1, sa_iterations = 1000, initial_temperature = 3.0, cooling_rate = 0.999
26 - INFO - chord#: 98 done. best_score=27.0, changed=520, unchanged=345, early_stops=8/8
26 - INFO - chord#: 102 In build_straw_man_chord_sa. tolerance = 1, sa_iterations = 1000, initial_temperature = 3.0, cooling_rate = 0.999
26 - INFO - chord#: 106 done. best_score=27.0, changed=519, unchanged=377, early_stops=8/8
26 - INFO - chord#: 108 In build_straw_man_chord_sa. tolerance = 1, sa_iterations = 1000, initial_temperature = 3.0, cooling_rate = 0.999
26 - INFO - chord#: 106 done. best_score=36.0, changed=532, unchanged=372, early_stops=8/8
26 - INFO - chord#: 108 In build_straw_man_chord_sa. tolerance = 1, sa_iterations = 1000, initial_temperature = 3.0, cooling_rate = 0.999
26 - INFO - chord#: 106 done. best_score=27.0, changed=523, unchanged=433, early_stops=8/8
26 - INFO - chord#: 108 In build_straw_man_chord_sa. tolerance = 1, sa_iterations = 1000, initial_temperature = 3.0, cooling_rate = 0.999
26 - INFO - chord#: 104 done. best_score=140.0, changed=616, unchanged=473, early_stops=8/8
26 - INFO - chord#: 106 In build_straw_man_chord_sa. tolerance = 1, sa_iterations = 1000, initial_temperature = 3.0, cooling_rate = 0.999
26 - INFO - chord#: 102 done. best_score=67.0, changed=616, unchanged=307, early_stops=8/8
26 - INFO - chord#: 104 In build_straw_man_chord_sa. tolerance = 1, sa_iterations = 1000, initial_temperature = 3.0, cooling_rate = 0.999
26 - INFO - chord#: 108 done. best_score=27.0, changed=521, unchanged=533, early_stops=8/8
26 - INFO - chord#: 110 In build_straw_man_chord_sa. tolerance = 1, sa_iterations = 1000, initial_temperature = 3.0, cooling_rate = 0.999
26 - INFO - chord#: 106 done. best_score=27.0, changed=523, unchanged=305, early_stops=8/8
26 - INFO - chord#: 108 In build_straw_man_chord_sa. tolerance = 1, sa_iterations = 1000, initial_temperature = 3.0, cooling_rate = 0.999
26 - INFO - chord#: 110 done. best_score=7.0, changed=527, unchanged=282, early_stops=8/8
26 - INFO - chord#: 112 In build_straw_man_chord_sa. tolerance = 1, sa_iterations = 1000, initial_temperature = 3.0, cooling_rate = 0.999
26 - INFO - chord#: 114 done. best_score=104.0, changed=613, unchanged=267, early_stops=8/8
26 - INFO - chord#: 115 In build_straw_man_chord_sa. tolerance = 1, sa_iterations = 1000, initial_temperature = 3.0, cooling_rate = 0.999
26 - INFO - chord#: 108 done. best_score=27.0, changed=516, unchanged=441, early_stops=8/8
26 - INFO - chord#: 110 In build_straw_man_chord_sa. tolerance = 1, sa_iterations = 1000, initial_temperature = 3.0, cooling_rate = 0.999
26 - INFO - chord#: 106 done. best_score=27.0, changed=514, unchanged=322, early_stops=8/8
26 - INFO - chord#: 108 In build_straw_man_chord_sa. tolerance = 1, sa_iterations = 1000, initial_temperature = 3.0, cooling_rate = 0.999
26 - INFO - chord#: 108 done. best_score=27.0, changed=526, unchanged=422, early_stops=8/8
26 - INFO - chord#: 110 In build_straw_man_chord_sa. tolerance = 1, sa_iterations = 1000, initial_temperature = 3.0, cooling_rate = 0.999
26 - INFO - chord#: 108 done. best_score=27.0, changed=525, unchanged=473, early_stops=8/8
26 - INFO - chord#: 110 In build_straw_man_chord_sa. tolerance = 1, sa_iterations = 1000, initial_temperature = 3.0, cooling_rate = 0.999
26 - INFO - chord#: 110 done. best_score=7.0, changed=505, unchanged=306, early_stops=8/8
26 - INFO - chord#: 112 In build_straw_man_chord_sa. tolerance = 1, sa_iterations = 1000, initial_temperature = 3.0, cooling_rate = 0.999
26 - INFO - chord#: 110 done. best_score=7.0, changed=474, unchanged=338, early_stops=8/8
26 - INFO - chord#: 112 In build_straw_man_chord_sa. tolerance = 1, sa_iterations = 1000, initial_temperature = 3.0, cooling_rate = 0.999
26 - INFO - chord#: 112 done. best_score=120.0, changed=614, unchanged=353, early_stops=8/8
26 - INFO - chord#: 114 In build_straw_man_chord_sa. tolerance = 1, sa_iterations = 1000, initial_temperature = 3.0, cooling_rate = 0.999
26 - INFO - chord#: 110 done. best_score=7.0, changed=505, unchanged=310, early_stops=8/8
26 - INFO - chord#: 112 In build_straw_man_chord_sa. tolerance = 1, sa_iterations = 1000, initial_temperature = 3.0, cooling_rate = 0.999
26 - INFO - chord#: 115 done. best_score=61.0, changed=531, unchanged=307, early_stops=8/8
26 - INFO - chord#: 116 In build_straw_man_chord_sa. tolerance = 1, sa_iterations = 1000, initial_temperature = 3.0, cooling_rate = 0.999
26 - INFO - chord#: 108 done. best_score=27.0, changed=518, unchanged=499, early_stops=8/8
26 - INFO - chord#: 110 In build_straw_man_chord_sa. tolerance = 1, sa_iterations = 1000, initial_temperature = 3.0, cooling_rate = 0.999
26 - INFO - chord#: 104 done. best_score=140.0, changed=606, unchanged=292, early_stops=8/8
26 - INFO - chord#: 106 In build_straw_man_chord_sa. tolerance = 1, sa_iterations = 1000, initial_temperature = 3.0, cooling_rate = 0.999
26 - INFO - chord#: 110 done. best_score=7.0, changed=511, unchanged=307, early_stops=8/8
26 - INFO - chord#: 112 In build_straw_man_chord_sa. tolerance = 1, sa_iterations = 1000, initial_temperature = 3.0, cooling_rate = 0.999
26 - INFO - chord#: 102 done. best_score=67.0, changed=613, unchanged=386, early_stops=8/8
26 - INFO - chord#: 104 In build_straw_man_chord_sa. tolerance = 1, sa_iterations = 1000, initial_temperature = 3.0, cooling_rate = 0.999
26 - INFO - chord#: 108 done. best_score=27.0, changed=521, unchanged=368, early_stops=8/8
26 - INFO - chord#: 110 In build_straw_man_chord_sa. tolerance = 1, sa_iterations = 1000, initial_temperature = 3.0, cooling_rate = 0.999
26 - INFO - chord#: 110 done. best_score=7.0, changed=515, unchanged=320, early_stops=8/8
26 - INFO - chord#: 112 In build_straw_man_chord_sa. tolerance = 1, sa_iterations = 1000, initial_temperature = 3.0, cooling_rate = 0.999
26 - INFO - chord#: 112 done. best_score=82.0, changed=619, unchanged=472, early_stops=8/8
26 - INFO - chord#: 114 In build_straw_man_chord_sa. tolerance = 1, sa_iterations = 1000, initial_temperature = 3.0, cooling_rate = 0.999
26 - INFO - chord#: 116 done. best_score=27.0, changed=517, unchanged=447, early_stops=8/8
26 - INFO - chord#: 118 In build_straw_man_chord_sa. tolerance = 1, sa_iterations = 1000, initial_temperature = 3.0, cooling_rate = 0.999
26 - INFO - chord#: 112 done. best_score=120.0, changed=615, unchanged=427, early_stops=8/8
26 - INFO - chord#: 114 In build_straw_man_chord_sa. tolerance = 1, sa_iterations = 1000, initial_temperature = 3.0, cooling_rate = 0.999
26 - INFO - chord#: 104 done. best_score=142.0, changed=611, unchanged=339, early_stops=8/8
26 - INFO - chord#: 106 In build_straw_man_chord_sa. tolerance = 1, sa_iterations = 1000, initial_temperature = 3.0, cooling_rate = 0.999
26 - INFO - chord#: 118 done. best_score=7.0, changed=492, unchanged=317, early_stops=8/8
26 - INFO - chord#: 120 In build_straw_man_chord_sa. tolerance = 1, sa_iterations = 1000, initial_temperature = 3.0, cooling_rate = 0.999
26 - INFO - chord#: 112 done. best_score=120.0, changed=610, unchanged=261, early_stops=8/8
26 - INFO - chord#: 114 In build_straw_man_chord_sa. tolerance = 1, sa_iterations = 1000, initial_temperature = 3.0, cooling_rate = 0.999
26 - INFO - chord#: 106 done. best_score=27.0, changed=522, unchanged=399, early_stops=8/8
26 - INFO - chord#: 108 In build_straw_man_chord_sa. tolerance = 1, sa_iterations = 1000, initial_temperature = 3.0, cooling_rate = 0.999
26 - INFO - chord#: 114 done. best_score=104.0, changed=613, unchanged=282, early_stops=8/8
26 - INFO - chord#: 115 In build_straw_man_chord_sa. tolerance = 1, sa_iterations = 1000, initial_temperature = 3.0, cooling_rate = 0.999
26 - INFO - chord#: 112 done. best_score=120.0, changed=610, unchanged=343, early_stops=8/8
26 - INFO - chord#: 114 In build_straw_man_chord_sa. tolerance = 1, sa_iterations = 1000, initial_temperature = 3.0, cooling_rate = 0.999
26 - INFO - chord#: 112 done. best_score=82.0, changed=614, unchanged=294, early_stops=8/8
26 - INFO - chord#: 114 In build_straw_man_chord_sa. tolerance = 1, sa_iterations = 1000, initial_temperature = 3.0, cooling_rate = 0.999
26 - INFO - chord#: 106 done. best_score=27.0, changed=523, unchanged=446, early_stops=8/8
26 - INFO - chord#: 115 done. best_score=27.0, changed=535, unchanged=369, early_stops=8/8
26 - INFO - chord#: 108 In build_straw_man_chord_sa. tolerance = 1, sa_iterations = 1000, initial_temperature = 3.0, cooling_rate = 0.999
26 - INFO - chord#: 116 In build_straw_man_chord_sa. tolerance = 1, sa_iterations = 1000, initial_temperature = 3.0, cooling_rate = 0.999
26 - INFO - chord#: 104 done. best_score=142.0, changed=612, unchanged=282, early_stops=8/8
26 - INFO - chord#: 106 In build_straw_man_chord_sa. tolerance = 1, sa_iterations = 1000, initial_temperature = 3.0, cooling_rate = 0.999
26 - INFO - chord#: 120 done. best_score=27.0, changed=515, unchanged=331, early_stops=8/8
26 - INFO - chord#: 124 In build_straw_man_chord_sa. tolerance = 1, sa_iterations = 1000, initial_temperature = 3.0, cooling_rate = 0.999
26 - INFO - chord#: 112 done. best_score=120.0, changed=609, unchanged=259, early_stops=8/8
26 - INFO - chord#: 114 In build_straw_man_chord_sa. tolerance = 1, sa_iterations = 1000, initial_temperature = 3.0, cooling_rate = 0.999
26 - INFO - chord#: 108 done. best_score=27.0, changed=518, unchanged=404, early_stops=8/8
26 - INFO - chord#: 110 In build_straw_man_chord_sa. tolerance = 1, sa_iterations = 1000, initial_temperature = 3.0, cooling_rate = 0.999
26 - INFO - chord#: 110 done. best_score=7.0, changed=500, unchanged=317, early_stops=8/8
26 - INFO - chord#: 112 In build_straw_man_chord_sa. tolerance = 1, sa_iterations = 1000, initial_temperature = 3.0, cooling_rate = 0.999
26 - INFO - chord#: 114 done. best_score=64.0, changed=612, unchanged=242, early_stops=8/8
26 - INFO - chord#: 115 In build_straw_man_chord_sa. tolerance = 1, sa_iterations = 1000, initial_temperature = 3.0, cooling_rate = 0.999
26 - INFO - chord#: 114 done. best_score=64.0, changed=610, unchanged=266, early_stops=8/8
26 - INFO - chord#: 115 In build_straw_man_chord_sa. tolerance = 1, sa_iterations = 1000, initial_temperature = 3.0, cooling_rate = 0.999
26 - INFO - chord#: 112 done. best_score=150.0, changed=614, unchanged=361, early_stops=8/8
26 - INFO - chord#: 114 In build_straw_man_chord_sa. tolerance = 1, sa_iterations = 1000, initial_temperature = 3.0, cooling_rate = 0.999
26 - INFO - chord#: 106 done. best_score=27.0, changed=521, unchanged=368, early_stops=8/8
26 - INFO - chord#: 108 In build_straw_man_chord_sa. tolerance = 1, sa_iterations = 1000, initial_temperature = 3.0, cooling_rate = 0.999
26 - INFO - chord#: 124 done. best_score=27.0, changed=527, unchanged=339, early_stops=8/8
26 - INFO - chord#: 128 In build_straw_man_chord_sa. tolerance = 1, sa_iterations = 1000, initial_temperature = 3.0, cooling_rate = 0.999
26 - INFO - chord#: 116 done. best_score=27.0, changed=526, unchanged=563, early_stops=8/8
26 - INFO - chord#: 118 In build_straw_man_chord_sa. tolerance = 1, sa_iterations = 1000, initial_temperature = 3.0, cooling_rate = 0.999
26 - INFO - chord#: 108 done. best_score=27.0, changed=522, unchanged=458, early_stops=8/8
26 - INFO - chord#: 110 In build_straw_man_chord_sa. tolerance = 1, sa_iterations = 1000, initial_temperature = 3.0, cooling_rate = 0.999
26 - INFO - chord#: 118 done. best_score=7.0, changed=492, unchanged=330, early_stops=8/8
26 - INFO - chord#: 120 In build_straw_man_chord_sa. tolerance = 1, sa_iterations = 1000, initial_temperature = 3.0, cooling_rate = 0.999
26 - INFO - chord#: 114 done. best_score=64.0, changed=614, unchanged=422, early_stops=8/8
26 - INFO - chord#: 115 In build_straw_man_chord_sa. tolerance = 1, sa_iterations = 1000, initial_temperature = 3.0, cooling_rate = 0.999
26 - INFO - chord#: 115 done. best_score=27.0, changed=525, unchanged=330, early_stops=8/8
26 - INFO - chord#: 116 In build_straw_man_chord_sa. tolerance = 1, sa_iterations = 1000, initial_temperature = 3.0, cooling_rate = 0.999
26 - INFO - chord#: 110 done. best_score=7.0, changed=498, unchanged=333, early_stops=8/8
26 - INFO - chord#: 112 In build_straw_man_chord_sa. tolerance = 1, sa_iterations = 1000, initial_temperature = 3.0, cooling_rate = 0.999
26 - INFO - chord#: 114 done. best_score=104.0, changed=608, unchanged=310, early_stops=8/8
26 - INFO - chord#: 115 In build_straw_man_chord_sa. tolerance = 1, sa_iterations = 1000, initial_temperature = 3.0, cooling_rate = 0.999
26 - INFO - chord#: 115 done. best_score=27.0, changed=528, unchanged=372, early_stops=8/8
26 - INFO - chord#: 116 In build_straw_man_chord_sa. tolerance = 1, sa_iterations = 1000, initial_temperature = 3.0, cooling_rate = 0.999
26 - INFO - chord#: 108 done. best_score=27.0, changed=516, unchanged=449, early_stops=8/8
26 - INFO - chord#: 110 In build_straw_man_chord_sa. tolerance = 1, sa_iterations = 1000, initial_temperature = 3.0, cooling_rate = 0.999
26 - INFO - chord#: 128 done. best_score=27.0, changed=520, unchanged=309, early_stops=8/8
26 - INFO - chord#: 130 In build_straw_man_chord_sa. tolerance = 1, sa_iterations = 1000, initial_temperature = 3.0, cooling_rate = 0.999
26 - INFO - chord#: 110 done. best_score=7.0, changed=490, unchanged=318, early_stops=8/8
26 - INFO - chord#: 112 In build_straw_man_chord_sa. tolerance = 1, sa_iterations = 1000, initial_temperature = 3.0, cooling_rate = 0.999
26 - INFO - chord#: 114 done. best_score=157.0, changed=609, unchanged=260, early_stops=8/8
26 - INFO - chord#: 115 In build_straw_man_chord_sa. tolerance = 1, sa_iterations = 1000, initial_temperature = 3.0, cooling_rate = 0.999
26 - INFO - chord#: 115 done. best_score=27.0, changed=523, unchanged=306, early_stops=8/8
26 - INFO - chord#: 116 In build_straw_man_chord_sa. tolerance = 1, sa_iterations = 1000, initial_temperature = 3.0, cooling_rate = 0.999
26 - INFO - chord#: 114 done. best_score=64.0, changed=612, unchanged=308, early_stops=8/8
26 - INFO - chord#: 115 In build_straw_man_chord_sa. tolerance = 1, sa_iterations = 1000, initial_temperature = 3.0, cooling_rate = 0.999
26 - INFO - chord#: 130 done. best_score=9.0, changed=480, unchanged=347, early_stops=8/8
26 - INFO - chord#: 132 In build_straw_man_chord_sa. tolerance = 1, sa_iterations = 1000, initial_temperature = 3.0, cooling_rate = 0.999
26 - INFO - chord#: 115 done. best_score=27.0, changed=530, unchanged=288, early_stops=8/8
26 - INFO - chord#: 116 In build_straw_man_chord_sa. tolerance = 1, sa_iterations = 1000, initial_temperature = 3.0, cooling_rate = 0.999
26 - INFO - chord#: 120 done. best_score=27.0, changed=530, unchanged=494, early_stops=8/8
26 - INFO - chord#: 124 In build_straw_man_chord_sa. tolerance = 1, sa_iterations = 1000, initial_temperature = 3.0, cooling_rate = 0.999
26 - INFO - chord#: 116 done. best_score=27.0, changed=521, unchanged=468, early_stops=8/8
26 - INFO - chord#: 118 In build_straw_man_chord_sa. tolerance = 1, sa_iterations = 1000, initial_temperature = 3.0, cooling_rate = 0.999
26 - INFO - chord#: 118 done. best_score=7.0, changed=499, unchanged=325, early_stops=8/8
26 - INFO - chord#: 120 In build_straw_man_chord_sa. tolerance = 1, sa_iterations = 1000, initial_temperature = 3.0, cooling_rate = 0.999
26 - INFO - chord#: 115 done. best_score=27.0, changed=531, unchanged=358, early_stops=8/8
26 - INFO - chord#: 116 In build_straw_man_chord_sa. tolerance = 1, sa_iterations = 1000, initial_temperature = 3.0, cooling_rate = 0.999
26 - INFO - chord#: 112 done. best_score=146.0, changed=611, unchanged=205, early_stops=8/8
26 - INFO - chord#: 114 In build_straw_man_chord_sa. tolerance = 1, sa_iterations = 1000, initial_temperature = 3.0, cooling_rate = 0.999
26 - INFO - chord#: 116 done. best_score=27.0, changed=524, unchanged=418, early_stops=8/8
26 - INFO - chord#: 118 In build_straw_man_chord_sa. tolerance = 1, sa_iterations = 1000, initial_temperature = 3.0, cooling_rate = 0.999
26 - INFO - chord#: 116 done. best_score=27.0, changed=517, unchanged=424, early_stops=8/8
26 - INFO - chord#: 118 In build_straw_man_chord_sa. tolerance = 1, sa_iterations = 1000, initial_temperature = 3.0, cooling_rate = 0.999
26 - INFO - chord#: 114 done. best_score=125.0, changed=609, unchanged=301, early_stops=8/8
26 - INFO - chord#: 115 In build_straw_man_chord_sa. tolerance = 1, sa_iterations = 1000, initial_temperature = 3.0, cooling_rate = 0.999
26 - INFO - chord#: 124 done. best_score=27.0, changed=527, unchanged=377, early_stops=8/8
26 - INFO - chord#: 128 In build_straw_man_chord_sa. tolerance = 1, sa_iterations = 1000, initial_temperature = 3.0, cooling_rate = 0.999
26 - INFO - chord#: 115 done. best_score=27.0, changed=522, unchanged=304, early_stops=8/8
26 - INFO - chord#: 116 In build_straw_man_chord_sa. tolerance = 1, sa_iterations = 1000, initial_temperature = 3.0, cooling_rate = 0.999
26 - INFO - chord#: 116 done. best_score=27.0, changed=518, unchanged=464, early_stops=8/8
26 - INFO - chord#: 118 In build_straw_man_chord_sa. tolerance = 1, sa_iterations = 1000, initial_temperature = 3.0, cooling_rate = 0.999
26 - INFO - chord#: 118 done. best_score=7.0, changed=497, unchanged=308, early_stops=8/8
26 - INFO - chord#: 120 In build_straw_man_chord_sa. tolerance = 1, sa_iterations = 1000, initial_temperature = 3.0, cooling_rate = 0.999
26 - INFO - chord#: 118 done. best_score=7.0, changed=509, unchanged=310, early_stops=8/8
26 - INFO - chord#: 120 In build_straw_man_chord_sa. tolerance = 1, sa_iterations = 1000, initial_temperature = 3.0, cooling_rate = 0.999
26 - INFO - chord#: 132 done. best_score=27.0, changed=520, unchanged=338, early_stops=8/8
26 - INFO - chord#: 134 In build_straw_man_chord_sa. tolerance = 1, sa_iterations = 1000, initial_temperature = 3.0, cooling_rate = 0.999
26 - INFO - chord#: 118 done. best_score=7.0, changed=502, unchanged=312, early_stops=8/8
26 - INFO - chord#: 120 In build_straw_man_chord_sa. tolerance = 1, sa_iterations = 1000, initial_temperature = 3.0, cooling_rate = 0.999
26 - INFO - chord#: 120 done. best_score=27.0, changed=517, unchanged=383, early_stops=8/8
26 - INFO - chord#: 124 In build_straw_man_chord_sa. tolerance = 1, sa_iterations = 1000, initial_temperature = 3.0, cooling_rate = 0.999
26 - INFO - chord#: 116 done. best_score=27.0, changed=513, unchanged=351, early_stops=8/8
26 - INFO - chord#: 118 In build_straw_man_chord_sa. tolerance = 1, sa_iterations = 1000, initial_temperature = 3.0, cooling_rate = 0.999
26 - INFO - chord#: 118 done. best_score=7.0, changed=495, unchanged=311, early_stops=8/8
26 - INFO - chord#: 120 In build_straw_man_chord_sa. tolerance = 1, sa_iterations = 1000, initial_temperature = 3.0, cooling_rate = 0.999
26 - INFO - chord#: 115 done. best_score=61.0, changed=541, unchanged=304, early_stops=8/8
26 - INFO - chord#: 116 In build_straw_man_chord_sa. tolerance = 1, sa_iterations = 1000, initial_temperature = 3.0, cooling_rate = 0.999
26 - INFO - chord#: 112 done. best_score=124.0, changed=611, unchanged=235, early_stops=8/8
26 - INFO - chord#: 114 In build_straw_man_chord_sa. tolerance = 1, sa_iterations = 1000, initial_temperature = 3.0, cooling_rate = 0.999
26 - INFO - chord#: 128 done. best_score=27.0, changed=522, unchanged=350, early_stops=8/8
26 - INFO - chord#: 130 In build_straw_man_chord_sa. tolerance = 1, sa_iterations = 1000, initial_temperature = 3.0, cooling_rate = 0.999
26 - INFO - chord#: 120 done. best_score=27.0, changed=524, unchanged=382, early_stops=8/8
26 - INFO - chord#: 124 In build_straw_man_chord_sa. tolerance = 1, sa_iterations = 1000, initial_temperature = 3.0, cooling_rate = 0.999
26 - INFO - chord#: 112 done. best_score=82.0, changed=610, unchanged=312, early_stops=8/8
26 - INFO - chord#: 114 In build_straw_man_chord_sa. tolerance = 1, sa_iterations = 1000, initial_temperature = 3.0, cooling_rate = 0.999
26 - INFO - chord#: 120 done. best_score=27.0, changed=517, unchanged=342, early_stops=8/8
26 - INFO - chord#: 124 In build_straw_man_chord_sa. tolerance = 1, sa_iterations = 1000, initial_temperature = 3.0, cooling_rate = 0.999
26 - INFO - chord#: 130 done. best_score=9.0, changed=473, unchanged=347, early_stops=8/8
26 - INFO - chord#: 132 In build_straw_man_chord_sa. tolerance = 1, sa_iterations = 1000, initial_temperature = 3.0, cooling_rate = 0.999
26 - INFO - chord#: 120 done. best_score=27.0, changed=521, unchanged=333, early_stops=8/8
26 - INFO - chord#: 124 In build_straw_man_chord_sa. tolerance = 1, sa_iterations = 1000, initial_temperature = 3.0, cooling_rate = 0.999
26 - INFO - chord#: 116 done. best_score=27.0, changed=517, unchanged=338, early_stops=8/8
26 - INFO - chord#: 118 In build_straw_man_chord_sa. tolerance = 1, sa_iterations = 1000, initial_temperature = 3.0, cooling_rate = 0.999
26 - INFO - chord#: 124 done. best_score=27.0, changed=532, unchanged=334, early_stops=8/8
26 - INFO - chord#: 128 In build_straw_man_chord_sa. tolerance = 1, sa_iterations = 1000, initial_temperature = 3.0, cooling_rate = 0.999
26 - INFO - chord#: 118 done. best_score=7.0, changed=516, unchanged=308, early_stops=8/8
26 - INFO - chord#: 120 In build_straw_man_chord_sa. tolerance = 1, sa_iterations = 1000, initial_temperature = 3.0, cooling_rate = 0.999
26 - INFO - chord#: 116 done. best_score=27.0, changed=526, unchanged=448, early_stops=8/8
26 - INFO - chord#: 118 In build_straw_man_chord_sa. tolerance = 1, sa_iterations = 1000, initial_temperature = 3.0, cooling_rate = 0.999
26 - INFO - chord#: 120 done. best_score=27.0, changed=521, unchanged=488, early_stops=8/8
26 - INFO - chord#: 124 In build_straw_man_chord_sa. tolerance = 1, sa_iterations = 1000, initial_temperature = 3.0, cooling_rate = 0.999
26 - INFO - chord#: 124 done. best_score=27.0, changed=522, unchanged=342, early_stops=8/8
26 - INFO - chord#: 128 In build_straw_man_chord_sa. tolerance = 1, sa_iterations = 1000, initial_temperature = 3.0, cooling_rate = 0.999
26 - INFO - chord#: 124 done. best_score=27.0, changed=534, unchanged=405, early_stops=8/8
26 - INFO - chord#: 128 In build_straw_man_chord_sa. tolerance = 1, sa_iterations = 1000, initial_temperature = 3.0, cooling_rate = 0.999
26 - INFO - chord#: 118 done. best_score=7.0, changed=507, unchanged=318, early_stops=8/8
26 - INFO - chord#: 120 In build_straw_man_chord_sa. tolerance = 1, sa_iterations = 1000, initial_temperature = 3.0, cooling_rate = 0.999
26 - INFO - chord#: 132 done. best_score=27.0, changed=521, unchanged=428, early_stops=8/8
26 - INFO - chord#: 134 In build_straw_man_chord_sa. tolerance = 1, sa_iterations = 1000, initial_temperature = 3.0, cooling_rate = 0.999
26 - INFO - chord#: 124 done. best_score=27.0, changed=521, unchanged=358, early_stops=8/8
26 - INFO - chord#: 128 In build_straw_man_chord_sa. tolerance = 1, sa_iterations = 1000, initial_temperature = 3.0, cooling_rate = 0.999
26 - INFO - chord#: 128 done. best_score=27.0, changed=534, unchanged=380, early_stops=8/8
26 - INFO - chord#: 130 In build_straw_man_chord_sa. tolerance = 1, sa_iterations = 1000, initial_temperature = 3.0, cooling_rate = 0.999
26 - INFO - chord#: 130 done. best_score=9.0, changed=476, unchanged=332, early_stops=8/8
26 - INFO - chord#: 132 In build_straw_man_chord_sa. tolerance = 1, sa_iterations = 1000, initial_temperature = 3.0, cooling_rate = 0.999
26 - INFO - chord#: 114 done. best_score=71.0, changed=619, unchanged=392, early_stops=8/8
26 - INFO - chord#: 115 In build_straw_man_chord_sa. tolerance = 1, sa_iterations = 1000, initial_temperature = 3.0, cooling_rate = 0.999
26 - INFO - chord#: 124 done. best_score=27.0, changed=531, unchanged=332, early_stops=8/8
26 - INFO - chord#: 128 In build_straw_man_chord_sa. tolerance = 1, sa_iterations = 1000, initial_temperature = 3.0, cooling_rate = 0.999
26 - INFO - chord#: 128 done. best_score=27.0, changed=522, unchanged=374, early_stops=8/8
26 - INFO - chord#: 130 In build_straw_man_chord_sa. tolerance = 1, sa_iterations = 1000, initial_temperature = 3.0, cooling_rate = 0.999
26 - INFO - chord#: 120 done. best_score=27.0, changed=530, unchanged=407, early_stops=8/8
26 - INFO - chord#: 124 In build_straw_man_chord_sa. tolerance = 1, sa_iterations = 1000, initial_temperature = 3.0, cooling_rate = 0.999
26 - INFO - chord#: 114 done. best_score=146.0, changed=611, unchanged=339, early_stops=8/8
26 - INFO - chord#: 115 In build_straw_man_chord_sa. tolerance = 1, sa_iterations = 1000, initial_temperature = 3.0, cooling_rate = 0.999
26 - INFO - chord#: 134 done. best_score=96.0, changed=616, unchanged=341, early_stops=8/8
26 - INFO - chord#: 136 In build_straw_man_chord_sa. tolerance = 1, sa_iterations = 1000, initial_temperature = 3.0, cooling_rate = 0.999
26 - INFO - chord#: 128 done. best_score=27.0, changed=533, unchanged=382, early_stops=8/8
26 - INFO - chord#: 130 In build_straw_man_chord_sa. tolerance = 1, sa_iterations = 1000, initial_temperature = 3.0, cooling_rate = 0.999
26 - INFO - chord#: 130 done. best_score=9.0, changed=494, unchanged=361, early_stops=8/8
26 - INFO - chord#: 132 In build_straw_man_chord_sa. tolerance = 1, sa_iterations = 1000, initial_temperature = 3.0, cooling_rate = 0.999
26 - INFO - chord#: 128 done. best_score=27.0, changed=525, unchanged=367, early_stops=8/8
26 - INFO - chord#: 130 In build_straw_man_chord_sa. tolerance = 1, sa_iterations = 1000, initial_temperature = 3.0, cooling_rate = 0.999
26 - INFO - chord#: 120 done. best_score=27.0, changed=525, unchanged=426, early_stops=8/8
26 - INFO - chord#: 124 In build_straw_man_chord_sa. tolerance = 1, sa_iterations = 1000, initial_temperature = 3.0, cooling_rate = 0.999
26 - INFO - chord#: 132 done. best_score=27.0, changed=520, unchanged=401, early_stops=8/8
26 - INFO - chord#: 134 In build_straw_man_chord_sa. tolerance = 1, sa_iterations = 1000, initial_temperature = 3.0, cooling_rate = 0.999
26 - INFO - chord#: 130 done. best_score=9.0, changed=479, unchanged=352, early_stops=8/8
26 - INFO - chord#: 132 In build_straw_man_chord_sa. tolerance = 1, sa_iterations = 1000, initial_temperature = 3.0, cooling_rate = 0.999
26 - INFO - chord#: 115 done. best_score=36.0, changed=539, unchanged=301, early_stops=8/8
26 - INFO - chord#: 116 In build_straw_man_chord_sa. tolerance = 1, sa_iterations = 1000, initial_temperature = 3.0, cooling_rate = 0.999
26 - INFO - chord#: 128 done. best_score=27.0, changed=523, unchanged=340, early_stops=8/8
26 - INFO - chord#: 130 In build_straw_man_chord_sa. tolerance = 1, sa_iterations = 1000, initial_temperature = 3.0, cooling_rate = 0.999
26 - INFO - chord#: 130 done. best_score=9.0, changed=468, unchanged=358, early_stops=8/8
26 - INFO - chord#: 132 In build_straw_man_chord_sa. tolerance = 1, sa_iterations = 1000, initial_temperature = 3.0, cooling_rate = 0.999
26 - INFO - chord#: 115 done. best_score=59.0, changed=534, unchanged=309, early_stops=8/8
26 - INFO - chord#: 116 In build_straw_man_chord_sa. tolerance = 1, sa_iterations = 1000, initial_temperature = 3.0, cooling_rate = 0.999
26 - INFO - chord#: 130 done. best_score=9.0, changed=473, unchanged=355, early_stops=8/8
26 - INFO - chord#: 132 In build_straw_man_chord_sa. tolerance = 1, sa_iterations = 1000, initial_temperature = 3.0, cooling_rate = 0.999
26 - INFO - chord#: 124 done. best_score=27.0, changed=529, unchanged=392, early_stops=8/8
26 - INFO - chord#: 128 In build_straw_man_chord_sa. tolerance = 1, sa_iterations = 1000, initial_temperature = 3.0, cooling_rate = 0.999
26 - INFO - chord#: 114 done. best_score=64.0, changed=614, unchanged=390, early_stops=8/8
26 - INFO - chord#: 115 In build_straw_man_chord_sa. tolerance = 1, sa_iterations = 1000, initial_temperature = 3.0, cooling_rate = 0.999
26 - INFO - chord#: 132 done. best_score=27.0, changed=514, unchanged=366, early_stops=8/8
26 - INFO - chord#: 134 In build_straw_man_chord_sa. tolerance = 1, sa_iterations = 1000, initial_temperature = 3.0, cooling_rate = 0.999
26 - INFO - chord#: 124 done. best_score=27.0, changed=520, unchanged=332, early_stops=8/8
26 - INFO - chord#: 128 In build_straw_man_chord_sa. tolerance = 1, sa_iterations = 1000, initial_temperature = 3.0, cooling_rate = 0.999
26 - INFO - chord#: 132 done. best_score=27.0, changed=520, unchanged=387, early_stops=8/8
26 - INFO - chord#: 134 In build_straw_man_chord_sa. tolerance = 1, sa_iterations = 1000, initial_temperature = 3.0, cooling_rate = 0.999
26 - INFO - chord#: 116 done. best_score=36.0, changed=525, unchanged=455, early_stops=8/8
26 - INFO - chord#: 118 In build_straw_man_chord_sa. tolerance = 1, sa_iterations = 1000, initial_temperature = 3.0, cooling_rate = 0.999
26 - INFO - chord#: 132 done. best_score=27.0, changed=518, unchanged=437, early_stops=8/8
26 - INFO - chord#: 134 In build_straw_man_chord_sa. tolerance = 1, sa_iterations = 1000, initial_temperature = 3.0, cooling_rate = 0.999
26 - INFO - chord#: 134 done. best_score=74.0, changed=608, unchanged=412, early_stops=8/8
26 - INFO - chord#: 136 In build_straw_man_chord_sa. tolerance = 1, sa_iterations = 1000, initial_temperature = 3.0, cooling_rate = 0.999
26 - INFO - chord#: 116 done. best_score=27.0, changed=518, unchanged=539, early_stops=8/8
26 - INFO - chord#: 118 In build_straw_man_chord_sa. tolerance = 1, sa_iterations = 1000, initial_temperature = 3.0, cooling_rate = 0.999
26 - INFO - chord#: 115 done. best_score=27.0, changed=534, unchanged=349, early_stops=8/8
26 - INFO - chord#: 116 In build_straw_man_chord_sa. tolerance = 1, sa_iterations = 1000, initial_temperature = 3.0, cooling_rate = 0.999
26 - INFO - chord#: 132 done. best_score=27.0, changed=525, unchanged=502, early_stops=8/8
26 - INFO - chord#: 134 In build_straw_man_chord_sa. tolerance = 1, sa_iterations = 1000, initial_temperature = 3.0, cooling_rate = 0.999
26 - INFO - chord#: 128 done. best_score=27.0, changed=525, unchanged=367, early_stops=8/8
26 - INFO - chord#: 130 In build_straw_man_chord_sa. tolerance = 1, sa_iterations = 1000, initial_temperature = 3.0, cooling_rate = 0.999
26 - INFO - chord#: 118 done. best_score=7.0, changed=490, unchanged=315, early_stops=8/8
26 - INFO - chord#: 120 In build_straw_man_chord_sa. tolerance = 1, sa_iterations = 1000, initial_temperature = 3.0, cooling_rate = 0.999
26 - INFO - chord#: 118 done. best_score=7.0, changed=502, unchanged=338, early_stops=8/8
26 - INFO - chord#: 120 In build_straw_man_chord_sa. tolerance = 1, sa_iterations = 1000, initial_temperature = 3.0, cooling_rate = 0.999
26 - INFO - chord#: 130 done. best_score=9.0, changed=475, unchanged=364, early_stops=8/8
26 - INFO - chord#: 132 In build_straw_man_chord_sa. tolerance = 1, sa_iterations = 1000, initial_temperature = 3.0, cooling_rate = 0.999
26 - INFO - chord#: 128 done. best_score=27.0, changed=517, unchanged=318, early_stops=8/8
26 - INFO - chord#: 130 In build_straw_man_chord_sa. tolerance = 1, sa_iterations = 1000, initial_temperature = 3.0, cooling_rate = 0.999
26 - INFO - chord#: 116 done. best_score=27.0, changed=528, unchanged=447, early_stops=8/8
26 - INFO - chord#: 118 In build_straw_man_chord_sa. tolerance = 1, sa_iterations = 1000, initial_temperature = 3.0, cooling_rate = 0.999
26 - INFO - chord#: 130 done. best_score=9.0, changed=477, unchanged=349, early_stops=8/8
26 - INFO - chord#: 134 done. best_score=96.0, changed=610, unchanged=317, early_stops=8/8
26 - INFO - chord#: 132 In build_straw_man_chord_sa. tolerance = 1, sa_iterations = 1000, initial_temperature = 3.0, cooling_rate = 0.999
26 - INFO - chord#: 136 In build_straw_man_chord_sa. tolerance = 1, sa_iterations = 1000, initial_temperature = 3.0, cooling_rate = 0.999
26 - INFO - chord#: 136 done. best_score=101.0, changed=610, unchanged=254, early_stops=8/8
26 - INFO - chord#: 138 In build_straw_man_chord_sa. tolerance = 1, sa_iterations = 1000, initial_temperature = 3.0, cooling_rate = 0.999
26 - INFO - chord#: 118 done. best_score=7.0, changed=504, unchanged=319, early_stops=8/8
26 - INFO - chord#: 120 In build_straw_man_chord_sa. tolerance = 1, sa_iterations = 1000, initial_temperature = 3.0, cooling_rate = 0.999
26 - INFO - chord#: 120 done. best_score=27.0, changed=527, unchanged=438, early_stops=8/8
26 - INFO - chord#: 124 In build_straw_man_chord_sa. tolerance = 1, sa_iterations = 1000, initial_temperature = 3.0, cooling_rate = 0.999
26 - INFO - chord#: 132 done. best_score=27.0, changed=526, unchanged=451, early_stops=8/8
26 - INFO - chord#: 134 In build_straw_man_chord_sa. tolerance = 1, sa_iterations = 1000, initial_temperature = 3.0, cooling_rate = 0.999
26 - INFO - chord#: 120 done. best_score=27.0, changed=531, unchanged=588, early_stops=8/8
26 - INFO - chord#: 124 In build_straw_man_chord_sa. tolerance = 1, sa_iterations = 1000, initial_temperature = 3.0, cooling_rate = 0.999
26 - INFO - chord#: 138 done. best_score=47.0, changed=530, unchanged=287, early_stops=8/8
26 - INFO - chord#: 140 In build_straw_man_chord_sa. tolerance = 1, sa_iterations = 1000, initial_temperature = 3.0, cooling_rate = 0.999
26 - INFO - chord#: 134 done. best_score=74.0, changed=612, unchanged=425, early_stops=8/8
26 - INFO - chord#: 136 In build_straw_man_chord_sa. tolerance = 1, sa_iterations = 1000, initial_temperature = 3.0, cooling_rate = 0.999
26 - INFO - chord#: 124 done. best_score=27.0, changed=531, unchanged=327, early_stops=8/8
26 - INFO - chord#: 128 In build_straw_man_chord_sa. tolerance = 1, sa_iterations = 1000, initial_temperature = 3.0, cooling_rate = 0.999
26 - INFO - chord#: 120 done. best_score=27.0, changed=511, unchanged=442, early_stops=8/8
26 - INFO - chord#: 124 In build_straw_man_chord_sa. tolerance = 1, sa_iterations = 1000, initial_temperature = 3.0, cooling_rate = 0.999
26 - INFO - chord#: 132 done. best_score=27.0, changed=515, unchanged=462, early_stops=8/8
26 - INFO - chord#: 134 In build_straw_man_chord_sa. tolerance = 1, sa_iterations = 1000, initial_temperature = 3.0, cooling_rate = 0.999
26 - INFO - chord#: 136 done. best_score=78.0, changed=610, unchanged=300, early_stops=8/8
26 - INFO - chord#: 138 In build_straw_man_chord_sa. tolerance = 1, sa_iterations = 1000, initial_temperature = 3.0, cooling_rate = 0.999
26 - INFO - chord#: 134 done. best_score=96.0, changed=614, unchanged=306, early_stops=8/8
26 - INFO - chord#: 136 In build_straw_man_chord_sa. tolerance = 1, sa_iterations = 1000, initial_temperature = 3.0, cooling_rate = 0.999
26 - INFO - chord#: 134 done. best_score=74.0, changed=608, unchanged=261, early_stops=8/8
26 - INFO - chord#: 136 In build_straw_man_chord_sa. tolerance = 1, sa_iterations = 1000, initial_temperature = 3.0, cooling_rate = 0.999
26 - INFO - chord#: 134 done. best_score=96.0, changed=611, unchanged=343, early_stops=8/8
26 - INFO - chord#: 136 In build_straw_man_chord_sa. tolerance = 1, sa_iterations = 1000, initial_temperature = 3.0, cooling_rate = 0.999
26 - INFO - chord#: 124 done. best_score=27.0, changed=533, unchanged=390, early_stops=8/8
26 - INFO - chord#: 128 In build_straw_man_chord_sa. tolerance = 1, sa_iterations = 1000, initial_temperature = 3.0, cooling_rate = 0.999
26 - INFO - chord#: 124 done. best_score=27.0, changed=519, unchanged=316, early_stops=8/8
26 - INFO - chord#: 128 In build_straw_man_chord_sa. tolerance = 1, sa_iterations = 1000, initial_temperature = 3.0, cooling_rate = 0.999
26 - INFO - chord#: 140 done. best_score=27.0, changed=523, unchanged=453, early_stops=8/8
26 - INFO - chord#: 142 In build_straw_man_chord_sa. tolerance = 1, sa_iterations = 1000, initial_temperature = 3.0, cooling_rate = 0.999
26 - INFO - chord#: 128 done. best_score=27.0, changed=524, unchanged=375, early_stops=8/8
26 - INFO - chord#: 130 In build_straw_man_chord_sa. tolerance = 1, sa_iterations = 1000, initial_temperature = 3.0, cooling_rate = 0.999
26 - INFO - chord#: 138 done. best_score=47.0, changed=515, unchanged=346, early_stops=8/8
26 - INFO - chord#: 140 In build_straw_man_chord_sa. tolerance = 1, sa_iterations = 1000, initial_temperature = 3.0, cooling_rate = 0.999
26 - INFO - chord#: 130 done. best_score=9.0, changed=521, unchanged=308, early_stops=8/8
26 - INFO - chord#: 132 In build_straw_man_chord_sa. tolerance = 1, sa_iterations = 1000, initial_temperature = 3.0, cooling_rate = 0.999
26 - INFO - chord#: 136 done. best_score=78.0, changed=612, unchanged=304, early_stops=8/8
26 - INFO - chord#: 138 In build_straw_man_chord_sa. tolerance = 1, sa_iterations = 1000, initial_temperature = 3.0, cooling_rate = 0.999
26 - INFO - chord#: 142 done. best_score=27.0, changed=520, unchanged=371, early_stops=8/8
26 - INFO - chord#: 144 In build_straw_man_chord_sa. tolerance = 1, sa_iterations = 1000, initial_temperature = 3.0, cooling_rate = 0.999
26 - INFO - chord#: 128 done. best_score=27.0, changed=527, unchanged=348, early_stops=8/8
26 - INFO - chord#: 130 In build_straw_man_chord_sa. tolerance = 1, sa_iterations = 1000, initial_temperature = 3.0, cooling_rate = 0.999
26 - INFO - chord#: 128 done. best_score=27.0, changed=527, unchanged=356, early_stops=8/8
26 - INFO - chord#: 130 In build_straw_man_chord_sa. tolerance = 1, sa_iterations = 1000, initial_temperature = 3.0, cooling_rate = 0.999
26 - INFO - chord#: 130 done. best_score=9.0, changed=473, unchanged=349, early_stops=8/8
26 - INFO - chord#: 132 In build_straw_man_chord_sa. tolerance = 1, sa_iterations = 1000, initial_temperature = 3.0, cooling_rate = 0.999
26 - INFO - chord#: 138 done. best_score=47.0, changed=518, unchanged=329, early_stops=8/8
26 - INFO - chord#: 140 In build_straw_man_chord_sa. tolerance = 1, sa_iterations = 1000, initial_temperature = 3.0, cooling_rate = 0.999
26 - INFO - chord#: 134 done. best_score=96.0, changed=614, unchanged=253, early_stops=8/8
26 - INFO - chord#: 136 In build_straw_man_chord_sa. tolerance = 1, sa_iterations = 1000, initial_temperature = 3.0, cooling_rate = 0.999
26 - INFO - chord#: 130 done. best_score=9.0, changed=464, unchanged=359, early_stops=8/8
26 - INFO - chord#: 132 In build_straw_man_chord_sa. tolerance = 1, sa_iterations = 1000, initial_temperature = 3.0, cooling_rate = 0.999
26 - INFO - chord#: 132 done. best_score=27.0, changed=526, unchanged=440, early_stops=8/8
26 - INFO - chord#: 134 In build_straw_man_chord_sa. tolerance = 1, sa_iterations = 1000, initial_temperature = 3.0, cooling_rate = 0.999
26 - INFO - chord#: 136 done. best_score=137.0, changed=611, unchanged=235, early_stops=8/8
26 - INFO - chord#: 140 done. best_score=27.0, changed=519, unchanged=455, early_stops=8/8
26 - INFO - chord#: 138 In build_straw_man_chord_sa. tolerance = 1, sa_iterations = 1000, initial_temperature = 3.0, cooling_rate = 0.999
26 - INFO - chord#: 142 In build_straw_man_chord_sa. tolerance = 1, sa_iterations = 1000, initial_temperature = 3.0, cooling_rate = 0.999
26 - INFO - chord#: 136 done. best_score=131.0, changed=613, unchanged=319, early_stops=8/8
26 - INFO - chord#: 138 In build_straw_man_chord_sa. tolerance = 1, sa_iterations = 1000, initial_temperature = 3.0, cooling_rate = 0.999
26 - INFO - chord#: 132 done. best_score=27.0, changed=530, unchanged=407, early_stops=8/8
26 - INFO - chord#: 134 In build_straw_man_chord_sa. tolerance = 1, sa_iterations = 1000, initial_temperature = 3.0, cooling_rate = 0.999
26 - INFO - chord#: 140 done. best_score=27.0, changed=516, unchanged=455, early_stops=8/8
26 - INFO - chord#: 142 In build_straw_man_chord_sa. tolerance = 1, sa_iterations = 1000, initial_temperature = 3.0, cooling_rate = 0.999
26 - INFO - chord#: 142 done. best_score=27.0, changed=518, unchanged=339, early_stops=8/8
26 - INFO - chord#: 144 In build_straw_man_chord_sa. tolerance = 1, sa_iterations = 1000, initial_temperature = 3.0, cooling_rate = 0.999
26 - INFO - chord#: 136 done. best_score=166.0, changed=612, unchanged=233, early_stops=8/8
26 - INFO - chord#: 138 In build_straw_man_chord_sa. tolerance = 1, sa_iterations = 1000, initial_temperature = 3.0, cooling_rate = 0.999
26 - INFO - chord#: 138 done. best_score=36.0, changed=526, unchanged=324, early_stops=8/8
26 - INFO - chord#: 140 In build_straw_man_chord_sa. tolerance = 1, sa_iterations = 1000, initial_temperature = 3.0, cooling_rate = 0.999
26 - INFO - chord#: 132 done. best_score=27.0, changed=521, unchanged=364, early_stops=8/8
26 - INFO - chord#: 134 In build_straw_man_chord_sa. tolerance = 1, sa_iterations = 1000, initial_temperature = 3.0, cooling_rate = 0.999
26 - INFO - chord#: 134 done. best_score=74.0, changed=611, unchanged=411, early_stops=8/8
26 - INFO - chord#: 136 In build_straw_man_chord_sa. tolerance = 1, sa_iterations = 1000, initial_temperature = 3.0, cooling_rate = 0.999
26 - INFO - chord#: 144 done. best_score=141.0, changed=609, unchanged=264, early_stops=8/8
26 - INFO - chord#: 146 In build_straw_man_chord_sa. tolerance = 1, sa_iterations = 1000, initial_temperature = 3.0, cooling_rate = 0.999
26 - INFO - chord#: 142 done. best_score=27.0, changed=520, unchanged=355, early_stops=8/8
26 - INFO - chord#: 144 In build_straw_man_chord_sa. tolerance = 1, sa_iterations = 1000, initial_temperature = 3.0, cooling_rate = 0.999
26 - INFO - chord#: 138 done. best_score=47.0, changed=520, unchanged=302, early_stops=8/8
26 - INFO - chord#: 140 In build_straw_man_chord_sa. tolerance = 1, sa_iterations = 1000, initial_temperature = 3.0, cooling_rate = 0.999
26 - INFO - chord#: 134 done. best_score=168.0, changed=605, unchanged=213, early_stops=8/8
26 - INFO - chord#: 136 In build_straw_man_chord_sa. tolerance = 1, sa_iterations = 1000, initial_temperature = 3.0, cooling_rate = 0.999
26 - INFO - chord#: 140 done. best_score=27.0, changed=521, unchanged=348, early_stops=8/8
26 - INFO - chord#: 142 In build_straw_man_chord_sa. tolerance = 1, sa_iterations = 1000, initial_temperature = 3.0, cooling_rate = 0.999
26 - INFO - chord#: 136 done. best_score=78.0, changed=619, unchanged=449, early_stops=8/8
26 - INFO - chord#: 138 In build_straw_man_chord_sa. tolerance = 1, sa_iterations = 1000, initial_temperature = 3.0, cooling_rate = 0.999
26 - INFO - chord#: 138 done. best_score=36.0, changed=523, unchanged=410, early_stops=8/8
26 - INFO - chord#: 140 In build_straw_man_chord_sa. tolerance = 1, sa_iterations = 1000, initial_temperature = 3.0, cooling_rate = 0.999
26 - INFO - chord#: 146 done. best_score=36.0, changed=525, unchanged=284, early_stops=8/8
26 - INFO - chord#: 147 In build_straw_man_chord_sa. tolerance = 1, sa_iterations = 1000, initial_temperature = 3.0, cooling_rate = 0.999
26 - INFO - chord#: 136 done. best_score=78.0, changed=611, unchanged=313, early_stops=8/8
26 - INFO - chord#: 138 In build_straw_man_chord_sa. tolerance = 1, sa_iterations = 1000, initial_temperature = 3.0, cooling_rate = 0.999
26 - INFO - chord#: 142 done. best_score=27.0, changed=530, unchanged=418, early_stops=8/8
26 - INFO - chord#: 144 In build_straw_man_chord_sa. tolerance = 1, sa_iterations = 1000, initial_temperature = 3.0, cooling_rate = 0.999
26 - INFO - chord#: 140 done. best_score=27.0, changed=518, unchanged=413, early_stops=8/8
26 - INFO - chord#: 142 In build_straw_man_chord_sa. tolerance = 1, sa_iterations = 1000, initial_temperature = 3.0, cooling_rate = 0.999
26 - INFO - chord#: 134 done. best_score=148.0, changed=612, unchanged=238, early_stops=8/8
26 - INFO - chord#: 136 In build_straw_man_chord_sa. tolerance = 1, sa_iterations = 1000, initial_temperature = 3.0, cooling_rate = 0.999
26 - INFO - chord#: 144 done. best_score=149.0, changed=608, unchanged=231, early_stops=8/8
26 - INFO - chord#: 146 In build_straw_man_chord_sa. tolerance = 1, sa_iterations = 1000, initial_temperature = 3.0, cooling_rate = 0.999
26 - INFO - chord#: 138 done. best_score=47.0, changed=542, unchanged=509, early_stops=8/8
26 - INFO - chord#: 140 In build_straw_man_chord_sa. tolerance = 1, sa_iterations = 1000, initial_temperature = 3.0, cooling_rate = 0.999
26 - INFO - chord#: 134 done. best_score=96.0, changed=610, unchanged=247, early_stops=8/8
26 - INFO - chord#: 136 In build_straw_man_chord_sa. tolerance = 1, sa_iterations = 1000, initial_temperature = 3.0, cooling_rate = 0.999
26 - INFO - chord#: 140 done. best_score=27.0, changed=518, unchanged=389, early_stops=8/8
26 - INFO - chord#: 142 In build_straw_man_chord_sa. tolerance = 1, sa_iterations = 1000, initial_temperature = 3.0, cooling_rate = 0.999
26 - INFO - chord#: 144 done. best_score=74.0, changed=609, unchanged=242, early_stops=8/8
26 - INFO - chord#: 146 In build_straw_man_chord_sa. tolerance = 1, sa_iterations = 1000, initial_temperature = 3.0, cooling_rate = 0.999
26 - INFO - chord#: 136 done. best_score=131.0, changed=608, unchanged=210, early_stops=8/8
26 - INFO - chord#: 138 In build_straw_man_chord_sa. tolerance = 1, sa_iterations = 1000, initial_temperature = 3.0, cooling_rate = 0.999
26 - INFO - chord#: 138 done. best_score=47.0, changed=528, unchanged=300, early_stops=8/8
26 - INFO - chord#: 140 In build_straw_man_chord_sa. tolerance = 1, sa_iterations = 1000, initial_temperature = 3.0, cooling_rate = 0.999
26 - INFO - chord#: 142 done. best_score=27.0, changed=514, unchanged=349, early_stops=8/8
26 - INFO - chord#: 144 In build_straw_man_chord_sa. tolerance = 1, sa_iterations = 1000, initial_temperature = 3.0, cooling_rate = 0.999
26 - INFO - chord#: 146 done. best_score=36.0, changed=522, unchanged=328, early_stops=8/8
26 - INFO - chord#: 147 In build_straw_man_chord_sa. tolerance = 1, sa_iterations = 1000, initial_temperature = 3.0, cooling_rate = 0.999
26 - INFO - chord#: 146 done. best_score=27.0, changed=518, unchanged=298, early_stops=8/8
26 - INFO - chord#: 147 In build_straw_man_chord_sa. tolerance = 1, sa_iterations = 1000, initial_temperature = 3.0, cooling_rate = 0.999
26 - INFO - chord#: 142 done. best_score=27.0, changed=528, unchanged=469, early_stops=8/8
26 - INFO - chord#: 144 In build_straw_man_chord_sa. tolerance = 1, sa_iterations = 1000, initial_temperature = 3.0, cooling_rate = 0.999
26 - INFO - chord#: 136 done. best_score=96.0, changed=611, unchanged=358, early_stops=8/8
26 - INFO - chord#: 138 In build_straw_man_chord_sa. tolerance = 1, sa_iterations = 1000, initial_temperature = 3.0, cooling_rate = 0.999
26 - INFO - chord#: 140 done. best_score=27.0, changed=519, unchanged=421, early_stops=8/8
26 - INFO - chord#: 142 In build_straw_man_chord_sa. tolerance = 1, sa_iterations = 1000, initial_temperature = 3.0, cooling_rate = 0.999
26 - INFO - chord#: 138 done. best_score=47.0, changed=521, unchanged=330, early_stops=8/8
26 - INFO - chord#: 140 In build_straw_man_chord_sa. tolerance = 1, sa_iterations = 1000, initial_temperature = 3.0, cooling_rate = 0.999
26 - INFO - chord#: 140 done. best_score=27.0, changed=529, unchanged=511, early_stops=8/8
26 - INFO - chord#: 142 In build_straw_man_chord_sa. tolerance = 1, sa_iterations = 1000, initial_temperature = 3.0, cooling_rate = 0.999
26 - INFO - chord#: 147 done. best_score=71.0, changed=609, unchanged=257, early_stops=8/8
26 - INFO - chord#: 148 In build_straw_man_chord_sa. tolerance = 1, sa_iterations = 1000, initial_temperature = 3.0, cooling_rate = 0.999
26 - INFO - chord#: 144 done. best_score=74.0, changed=611, unchanged=395, early_stops=8/8
26 - INFO - chord#: 146 In build_straw_man_chord_sa. tolerance = 1, sa_iterations = 1000, initial_temperature = 3.0, cooling_rate = 0.999
26 - INFO - chord#: 138 done. best_score=49.0, changed=525, unchanged=397, early_stops=8/8
26 - INFO - chord#: 140 In build_straw_man_chord_sa. tolerance = 1, sa_iterations = 1000, initial_temperature = 3.0, cooling_rate = 0.999
26 - INFO - chord#: 142 done. best_score=27.0, changed=512, unchanged=420, early_stops=8/8
26 - INFO - chord#: 144 In build_straw_man_chord_sa. tolerance = 1, sa_iterations = 1000, initial_temperature = 3.0, cooling_rate = 0.999
26 - INFO - chord#: 136 done. best_score=125.0, changed=606, unchanged=311, early_stops=8/8
26 - INFO - chord#: 138 In build_straw_man_chord_sa. tolerance = 1, sa_iterations = 1000, initial_temperature = 3.0, cooling_rate = 0.999
26 - INFO - chord#: 136 done. best_score=78.0, changed=609, unchanged=337, early_stops=8/8
26 - INFO - chord#: 138 In build_straw_man_chord_sa. tolerance = 1, sa_iterations = 1000, initial_temperature = 3.0, cooling_rate = 0.999
26 - INFO - chord#: 142 done. best_score=27.0, changed=526, unchanged=384, early_stops=8/8
26 - INFO - chord#: 144 In build_straw_man_chord_sa. tolerance = 1, sa_iterations = 1000, initial_temperature = 3.0, cooling_rate = 0.999
26 - INFO - chord#: 148 done. best_score=27.0, changed=526, unchanged=424, early_stops=8/8
26 - INFO - chord#: 150 In build_straw_man_chord_sa. tolerance = 1, sa_iterations = 1000, initial_temperature = 3.0, cooling_rate = 0.999
26 - INFO - chord#: 146 done. best_score=27.0, changed=527, unchanged=340, early_stops=8/8
26 - INFO - chord#: 147 In build_straw_man_chord_sa. tolerance = 1, sa_iterations = 1000, initial_temperature = 3.0, cooling_rate = 0.999
26 - INFO - chord#: 140 done. best_score=27.0, changed=530, unchanged=612, early_stops=8/8
26 - INFO - chord#: 142 In build_straw_man_chord_sa. tolerance = 1, sa_iterations = 1000, initial_temperature = 3.0, cooling_rate = 0.999
26 - INFO - chord#: 150 done. best_score=9.0, changed=464, unchanged=354, early_stops=8/8
26 - INFO - chord#: 152 In build_straw_man_chord_sa. tolerance = 1, sa_iterations = 1000, initial_temperature = 3.0, cooling_rate = 0.999
26 - INFO - chord#: 144 done. best_score=74.0, changed=611, unchanged=237, early_stops=8/8
26 - INFO - chord#: 146 In build_straw_man_chord_sa. tolerance = 1, sa_iterations = 1000, initial_temperature = 3.0, cooling_rate = 0.999
26 - INFO - chord#: 138 done. best_score=47.0, changed=519, unchanged=326, early_stops=8/8
26 - INFO - chord#: 140 In build_straw_man_chord_sa. tolerance = 1, sa_iterations = 1000, initial_temperature = 3.0, cooling_rate = 0.999
26 - INFO - chord#: 144 done. best_score=121.0, changed=606, unchanged=240, early_stops=8/8
26 - INFO - chord#: 146 In build_straw_man_chord_sa. tolerance = 1, sa_iterations = 1000, initial_temperature = 3.0, cooling_rate = 0.999
26 - INFO - chord#: 147 done. best_score=64.0, changed=609, unchanged=302, early_stops=8/8
26 - INFO - chord#: 148 In build_straw_man_chord_sa. tolerance = 1, sa_iterations = 1000, initial_temperature = 3.0, cooling_rate = 0.999
26 - INFO - chord#: 138 done. best_score=49.0, changed=523, unchanged=333, early_stops=8/8
26 - INFO - chord#: 140 In build_straw_man_chord_sa. tolerance = 1, sa_iterations = 1000, initial_temperature = 3.0, cooling_rate = 0.999
26 - INFO - chord#: 140 done. best_score=27.0, changed=534, unchanged=532, early_stops=8/8
26 - INFO - chord#: 142 In build_straw_man_chord_sa. tolerance = 1, sa_iterations = 1000, initial_temperature = 3.0, cooling_rate = 0.999
26 - INFO - chord#: 147 done. best_score=71.0, changed=616, unchanged=328, early_stops=8/8
26 - INFO - chord#: 148 In build_straw_man_chord_sa. tolerance = 1, sa_iterations = 1000, initial_temperature = 3.0, cooling_rate = 0.999
26 - INFO - chord#: 142 done. best_score=27.0, changed=518, unchanged=327, early_stops=8/8
26 - INFO - chord#: 144 In build_straw_man_chord_sa. tolerance = 1, sa_iterations = 1000, initial_temperature = 3.0, cooling_rate = 0.999
26 - INFO - chord#: 140 done. best_score=27.0, changed=526, unchanged=422, early_stops=8/8
26 - INFO - chord#: 142 In build_straw_man_chord_sa. tolerance = 1, sa_iterations = 1000, initial_temperature = 3.0, cooling_rate = 0.999
26 - INFO - chord#: 148 done. best_score=27.0, changed=524, unchanged=392, early_stops=8/8
26 - INFO - chord#: 150 In build_straw_man_chord_sa. tolerance = 1, sa_iterations = 1000, initial_temperature = 3.0, cooling_rate = 0.999
26 - INFO - chord#: 152 done. best_score=27.0, changed=514, unchanged=315, early_stops=8/8
26 - INFO - chord#: 146 done. best_score=27.0, changed=518, unchanged=303, early_stops=8/8
26 - INFO - chord#: 156 In build_straw_man_chord_sa. tolerance = 1, sa_iterations = 1000, initial_temperature = 3.0, cooling_rate = 0.999
26 - INFO - chord#: 147 In build_straw_man_chord_sa. tolerance = 1, sa_iterations = 1000, initial_temperature = 3.0, cooling_rate = 0.999
26 - INFO - chord#: 146 done. best_score=27.0, changed=516, unchanged=320, early_stops=8/8
26 - INFO - chord#: 147 In build_straw_man_chord_sa. tolerance = 1, sa_iterations = 1000, initial_temperature = 3.0, cooling_rate = 0.999
26 - INFO - chord#: 144 done. best_score=74.0, changed=617, unchanged=335, early_stops=8/8
26 - INFO - chord#: 146 In build_straw_man_chord_sa. tolerance = 1, sa_iterations = 1000, initial_temperature = 3.0, cooling_rate = 0.999
26 - INFO - chord#: 150 done. best_score=9.0, changed=468, unchanged=353, early_stops=8/8
26 - INFO - chord#: 152 In build_straw_man_chord_sa. tolerance = 1, sa_iterations = 1000, initial_temperature = 3.0, cooling_rate = 0.999
26 - INFO - chord#: 142 done. best_score=27.0, changed=526, unchanged=481, early_stops=8/8
26 - INFO - chord#: 144 In build_straw_man_chord_sa. tolerance = 1, sa_iterations = 1000, initial_temperature = 3.0, cooling_rate = 0.999
26 - INFO - chord#: 148 done. best_score=27.0, changed=525, unchanged=360, early_stops=8/8
26 - INFO - chord#: 150 In build_straw_man_chord_sa. tolerance = 1, sa_iterations = 1000, initial_temperature = 3.0, cooling_rate = 0.999
26 - INFO - chord#: 147 done. best_score=64.0, changed=607, unchanged=263, early_stops=8/8
26 - INFO - chord#: 148 In build_straw_man_chord_sa. tolerance = 1, sa_iterations = 1000, initial_temperature = 3.0, cooling_rate = 0.999
26 - INFO - chord#: 144 done. best_score=96.0, changed=606, unchanged=263, early_stops=8/8
26 - INFO - chord#: 146 In build_straw_man_chord_sa. tolerance = 1, sa_iterations = 1000, initial_temperature = 3.0, cooling_rate = 0.999
26 - INFO - chord#: 150 done. best_score=9.0, changed=471, unchanged=357, early_stops=8/8
26 - INFO - chord#: 152 In build_straw_man_chord_sa. tolerance = 1, sa_iterations = 1000, initial_temperature = 3.0, cooling_rate = 0.999
26 - INFO - chord#: 140 done. best_score=27.0, changed=526, unchanged=584, early_stops=8/8
26 - INFO - chord#: 142 In build_straw_man_chord_sa. tolerance = 1, sa_iterations = 1000, initial_temperature = 3.0, cooling_rate = 0.999
26 - INFO - chord#: 142 done. best_score=27.0, changed=525, unchanged=340, early_stops=8/8
26 - INFO - chord#: 144 In build_straw_man_chord_sa. tolerance = 1, sa_iterations = 1000, initial_temperature = 3.0, cooling_rate = 0.999
26 - INFO - chord#: 156 done. best_score=27.0, changed=523, unchanged=334, early_stops=8/8
26 - INFO - chord#: 160 In build_straw_man_chord_sa. tolerance = 1, sa_iterations = 1000, initial_temperature = 3.0, cooling_rate = 0.999
26 - INFO - chord#: 146 done. best_score=27.0, changed=518, unchanged=403, early_stops=8/8
26 - INFO - chord#: 147 In build_straw_man_chord_sa. tolerance = 1, sa_iterations = 1000, initial_temperature = 3.0, cooling_rate = 0.999
26 - INFO - chord#: 152 done. best_score=27.0, changed=514, unchanged=318, early_stops=8/8
26 - INFO - chord#: 156 In build_straw_man_chord_sa. tolerance = 1, sa_iterations = 1000, initial_temperature = 3.0, cooling_rate = 0.999
26 - INFO - chord#: 148 done. best_score=27.0, changed=533, unchanged=407, early_stops=8/8
26 - INFO - chord#: 150 In build_straw_man_chord_sa. tolerance = 1, sa_iterations = 1000, initial_temperature = 3.0, cooling_rate = 0.999
26 - INFO - chord#: 150 done. best_score=9.0, changed=463, unchanged=353, early_stops=8/8
26 - INFO - chord#: 152 In build_straw_man_chord_sa. tolerance = 1, sa_iterations = 1000, initial_temperature = 3.0, cooling_rate = 0.999
26 - INFO - chord#: 142 done. best_score=27.0, changed=512, unchanged=376, early_stops=8/8
26 - INFO - chord#: 144 In build_straw_man_chord_sa. tolerance = 1, sa_iterations = 1000, initial_temperature = 3.0, cooling_rate = 0.999
26 - INFO - chord#: 156 done. best_score=27.0, changed=518, unchanged=319, early_stops=8/8
26 - INFO - chord#: 160 In build_straw_man_chord_sa. tolerance = 1, sa_iterations = 1000, initial_temperature = 3.0, cooling_rate = 0.999
26 - INFO - chord#: 146 done. best_score=27.0, changed=523, unchanged=465, early_stops=8/8
26 - INFO - chord#: 147 In build_straw_man_chord_sa. tolerance = 1, sa_iterations = 1000, initial_temperature = 3.0, cooling_rate = 0.999
26 - INFO - chord#: 160 done. best_score=27.0, changed=525, unchanged=441, early_stops=8/8
26 - INFO - chord#: 162 In build_straw_man_chord_sa. tolerance = 1, sa_iterations = 1000, initial_temperature = 3.0, cooling_rate = 0.999
26 - INFO - chord#: 152 done. best_score=27.0, changed=530, unchanged=569, early_stops=8/8
26 - INFO - chord#: 156 In build_straw_man_chord_sa. tolerance = 1, sa_iterations = 1000, initial_temperature = 3.0, cooling_rate = 0.999
26 - INFO - chord#: 144 done. best_score=149.0, changed=608, unchanged=297, early_stops=8/8
26 - INFO - chord#: 146 In build_straw_man_chord_sa. tolerance = 1, sa_iterations = 1000, initial_temperature = 3.0, cooling_rate = 0.999
26 - INFO - chord#: 144 done. best_score=74.0, changed=608, unchanged=273, early_stops=8/8
26 - INFO - chord#: 146 In build_straw_man_chord_sa. tolerance = 1, sa_iterations = 1000, initial_temperature = 3.0, cooling_rate = 0.999
26 - INFO - chord#: 152 done. best_score=27.0, changed=521, unchanged=511, early_stops=8/8
26 - INFO - chord#: 156 In build_straw_man_chord_sa. tolerance = 1, sa_iterations = 1000, initial_temperature = 3.0, cooling_rate = 0.999
26 - INFO - chord#: 147 done. best_score=112.0, changed=610, unchanged=284, early_stops=8/8
26 - INFO - chord#: 148 In build_straw_man_chord_sa. tolerance = 1, sa_iterations = 1000, initial_temperature = 3.0, cooling_rate = 0.999
26 - INFO - chord#: 160 done. best_score=27.0, changed=529, unchanged=453, early_stops=8/8
26 - INFO - chord#: 162 In build_straw_man_chord_sa. tolerance = 1, sa_iterations = 1000, initial_temperature = 3.0, cooling_rate = 0.999
26 - INFO - chord#: 147 done. best_score=64.0, changed=617, unchanged=446, early_stops=8/8
26 - INFO - chord#: 148 In build_straw_man_chord_sa. tolerance = 1, sa_iterations = 1000, initial_temperature = 3.0, cooling_rate = 0.999
26 - INFO - chord#: 162 done. best_score=27.0, changed=520, unchanged=383, early_stops=8/8
26 - INFO - chord#: 164 In build_straw_man_chord_sa. tolerance = 1, sa_iterations = 1000, initial_temperature = 3.0, cooling_rate = 0.999
26 - INFO - chord#: 144 done. best_score=121.0, changed=610, unchanged=343, early_stops=8/8
26 - INFO - chord#: 146 In build_straw_man_chord_sa. tolerance = 1, sa_iterations = 1000, initial_temperature = 3.0, cooling_rate = 0.999
26 - INFO - chord#: 156 done. best_score=27.0, changed=537, unchanged=416, early_stops=8/8
26 - INFO - chord#: 160 In build_straw_man_chord_sa. tolerance = 1, sa_iterations = 1000, initial_temperature = 3.0, cooling_rate = 0.999
26 - INFO - chord#: 147 done. best_score=64.0, changed=612, unchanged=316, early_stops=8/8
26 - INFO - chord#: 148 In build_straw_man_chord_sa. tolerance = 1, sa_iterations = 1000, initial_temperature = 3.0, cooling_rate = 0.999
26 - INFO - chord#: 156 done. best_score=27.0, changed=534, unchanged=457, early_stops=8/8
26 - INFO - chord#: 160 In build_straw_man_chord_sa. tolerance = 1, sa_iterations = 1000, initial_temperature = 3.0, cooling_rate = 0.999
26 - INFO - chord#: 146 done. best_score=36.0, changed=536, unchanged=363, early_stops=8/8
26 - INFO - chord#: 147 In build_straw_man_chord_sa. tolerance = 1, sa_iterations = 1000, initial_temperature = 3.0, cooling_rate = 0.999
26 - INFO - chord#: 148 done. best_score=27.0, changed=522, unchanged=388, early_stops=8/8
26 - INFO - chord#: 150 In build_straw_man_chord_sa. tolerance = 1, sa_iterations = 1000, initial_temperature = 3.0, cooling_rate = 0.999
26 - INFO - chord#: 146 done. best_score=27.0, changed=526, unchanged=397, early_stops=8/8
26 - INFO - chord#: 147 In build_straw_man_chord_sa. tolerance = 1, sa_iterations = 1000, initial_temperature = 3.0, cooling_rate = 0.999
26 - INFO - chord#: 162 done. best_score=27.0, changed=514, unchanged=319, early_stops=8/8
26 - INFO - chord#: 164 In build_straw_man_chord_sa. tolerance = 1, sa_iterations = 1000, initial_temperature = 3.0, cooling_rate = 0.999
26 - INFO - chord#: 148 done. best_score=57.0, changed=523, unchanged=374, early_stops=8/8
26 - INFO - chord#: 150 In build_straw_man_chord_sa. tolerance = 1, sa_iterations = 1000, initial_temperature = 3.0, cooling_rate = 0.999
26 - INFO - chord#: 150 done. best_score=9.0, changed=463, unchanged=363, early_stops=8/8
26 - INFO - chord#: 152 In build_straw_man_chord_sa. tolerance = 1, sa_iterations = 1000, initial_temperature = 3.0, cooling_rate = 0.999
26 - INFO - chord#: 164 done. best_score=27.0, changed=526, unchanged=511, early_stops=8/8
26 - INFO - chord#: 166 In build_straw_man_chord_sa. tolerance = 1, sa_iterations = 1000, initial_temperature = 3.0, cooling_rate = 0.999
26 - INFO - chord#: 150 done. best_score=9.0, changed=526, unchanged=291, early_stops=8/8
26 - INFO - chord#: 152 In build_straw_man_chord_sa. tolerance = 1, sa_iterations = 1000, initial_temperature = 3.0, cooling_rate = 0.999
26 - INFO - chord#: 146 done. best_score=27.0, changed=525, unchanged=366, early_stops=8/8
26 - INFO - chord#: 147 In build_straw_man_chord_sa. tolerance = 1, sa_iterations = 1000, initial_temperature = 3.0, cooling_rate = 0.999
26 - INFO - chord#: 148 done. best_score=27.0, changed=518, unchanged=387, early_stops=8/8
26 - INFO - chord#: 150 In build_straw_man_chord_sa. tolerance = 1, sa_iterations = 1000, initial_temperature = 3.0, cooling_rate = 0.999
26 - INFO - chord#: 160 done. best_score=27.0, changed=525, unchanged=350, early_stops=8/8
26 - INFO - chord#: 162 In build_straw_man_chord_sa. tolerance = 1, sa_iterations = 1000, initial_temperature = 3.0, cooling_rate = 0.999
26 - INFO - chord#: 160 done. best_score=27.0, changed=524, unchanged=407, early_stops=8/8
26 - INFO - chord#: 162 In build_straw_man_chord_sa. tolerance = 1, sa_iterations = 1000, initial_temperature = 3.0, cooling_rate = 0.999
26 - INFO - chord#: 144 done. best_score=145.0, changed=612, unchanged=296, early_stops=8/8
26 - INFO - chord#: 146 In build_straw_man_chord_sa. tolerance = 1, sa_iterations = 1000, initial_temperature = 3.0, cooling_rate = 0.999
26 - INFO - chord#: 150 done. best_score=9.0, changed=483, unchanged=342, early_stops=8/8
26 - INFO - chord#: 152 In build_straw_man_chord_sa. tolerance = 1, sa_iterations = 1000, initial_temperature = 3.0, cooling_rate = 0.999
26 - INFO - chord#: 164 done. best_score=27.0, changed=513, unchanged=322, early_stops=8/8
26 - INFO - chord#: 166 In build_straw_man_chord_sa. tolerance = 1, sa_iterations = 1000, initial_temperature = 3.0, cooling_rate = 0.999
26 - INFO - chord#: 152 done. best_score=27.0, changed=518, unchanged=354, early_stops=8/8
26 - INFO - chord#: 156 In build_straw_man_chord_sa. tolerance = 1, sa_iterations = 1000, initial_temperature = 3.0, cooling_rate = 0.999
26 - INFO - chord#: 147 done. best_score=64.0, changed=617, unchanged=419, early_stops=8/8
26 - INFO - chord#: 148 In build_straw_man_chord_sa. tolerance = 1, sa_iterations = 1000, initial_temperature = 3.0, cooling_rate = 0.999
26 - INFO - chord#: 152 done. best_score=27.0, changed=518, unchanged=337, early_stops=8/8
26 - INFO - chord#: 156 In build_straw_man_chord_sa. tolerance = 1, sa_iterations = 1000, initial_temperature = 3.0, cooling_rate = 0.999
26 - INFO - chord#: 162 done. best_score=27.0, changed=523, unchanged=519, early_stops=8/8
26 - INFO - chord#: 164 In build_straw_man_chord_sa. tolerance = 1, sa_iterations = 1000, initial_temperature = 3.0, cooling_rate = 0.999
26 - INFO - chord#: 162 done. best_score=27.0, changed=516, unchanged=312, early_stops=8/8
26 - INFO - chord#: 164 In build_straw_man_chord_sa. tolerance = 1, sa_iterations = 1000, initial_temperature = 3.0, cooling_rate = 0.999
26 - INFO - chord#: 152 done. best_score=27.0, changed=532, unchanged=455, early_stops=8/8
26 - INFO - chord#: 156 In build_straw_man_chord_sa. tolerance = 1, sa_iterations = 1000, initial_temperature = 3.0, cooling_rate = 0.999
26 - INFO - chord#: 146 done. best_score=36.0, changed=538, unchanged=446, early_stops=8/8
26 - INFO - chord#: 147 In build_straw_man_chord_sa. tolerance = 1, sa_iterations = 1000, initial_temperature = 3.0, cooling_rate = 0.999
26 - INFO - chord#: 147 done. best_score=71.0, changed=612, unchanged=254, early_stops=8/8
26 - INFO - chord#: 148 In build_straw_man_chord_sa. tolerance = 1, sa_iterations = 1000, initial_temperature = 3.0, cooling_rate = 0.999
26 - INFO - chord#: 148 done. best_score=27.0, changed=522, unchanged=417, early_stops=8/8
26 - INFO - chord#: 150 In build_straw_man_chord_sa. tolerance = 1, sa_iterations = 1000, initial_temperature = 3.0, cooling_rate = 0.999
26 - INFO - chord#: 147 done. best_score=112.0, changed=606, unchanged=204, early_stops=8/8
26 - INFO - chord#: 148 In build_straw_man_chord_sa. tolerance = 1, sa_iterations = 1000, initial_temperature = 3.0, cooling_rate = 0.999
26 - INFO - chord#: 156 done. best_score=27.0, changed=527, unchanged=346, early_stops=8/8
26 - INFO - chord#: 160 In build_straw_man_chord_sa. tolerance = 1, sa_iterations = 1000, initial_temperature = 3.0, cooling_rate = 0.999
26 - INFO - chord#: 156 done. best_score=27.0, changed=514, unchanged=310, early_stops=8/8
26 - INFO - chord#: 160 In build_straw_man_chord_sa. tolerance = 1, sa_iterations = 1000, initial_temperature = 3.0, cooling_rate = 0.999
26 - INFO - chord#: 147 done. best_score=64.0, changed=608, unchanged=247, early_stops=8/8
26 - INFO - chord#: 148 In build_straw_man_chord_sa. tolerance = 1, sa_iterations = 1000, initial_temperature = 3.0, cooling_rate = 0.999
26 - INFO - chord#: 150 done. best_score=9.0, changed=471, unchanged=353, early_stops=8/8
26 - INFO - chord#: 152 In build_straw_man_chord_sa. tolerance = 1, sa_iterations = 1000, initial_temperature = 3.0, cooling_rate = 0.999
26 - INFO - chord#: 164 done. best_score=27.0, changed=528, unchanged=487, early_stops=8/8
26 - INFO - chord#: 166 In build_straw_man_chord_sa. tolerance = 1, sa_iterations = 1000, initial_temperature = 3.0, cooling_rate = 0.999
26 - INFO - chord#: 166 done. best_score=67.0, changed=619, unchanged=469, early_stops=8/8
26 - INFO - chord#: 168 In build_straw_man_chord_sa. tolerance = 1, sa_iterations = 1000, initial_temperature = 3.0, cooling_rate = 0.999
26 - INFO - chord#: 156 done. best_score=27.0, changed=534, unchanged=433, early_stops=8/8
26 - INFO - chord#: 160 In build_straw_man_chord_sa. tolerance = 1, sa_iterations = 1000, initial_temperature = 3.0, cooling_rate = 0.999
26 - INFO - chord#: 164 done. best_score=27.0, changed=514, unchanged=329, early_stops=8/8
26 - INFO - chord#: 166 In build_straw_man_chord_sa. tolerance = 1, sa_iterations = 1000, initial_temperature = 3.0, cooling_rate = 0.999
26 - INFO - chord#: 166 done. best_score=67.0, changed=612, unchanged=323, early_stops=8/8
26 - INFO - chord#: 168 In build_straw_man_chord_sa. tolerance = 1, sa_iterations = 1000, initial_temperature = 3.0, cooling_rate = 0.999
26 - INFO - chord#: 148 done. best_score=27.0, changed=526, unchanged=345, early_stops=8/8
26 - INFO - chord#: 150 In build_straw_man_chord_sa. tolerance = 1, sa_iterations = 1000, initial_temperature = 3.0, cooling_rate = 0.999
26 - INFO - chord#: 148 done. best_score=27.0, changed=527, unchanged=402, early_stops=8/8
26 - INFO - chord#: 150 In build_straw_man_chord_sa. tolerance = 1, sa_iterations = 1000, initial_temperature = 3.0, cooling_rate = 0.999
26 - INFO - chord#: 160 done. best_score=27.0, changed=523, unchanged=314, early_stops=8/8
26 - INFO - chord#: 162 In build_straw_man_chord_sa. tolerance = 1, sa_iterations = 1000, initial_temperature = 3.0, cooling_rate = 0.999
26 - INFO - chord#: 160 done. best_score=27.0, changed=524, unchanged=434, early_stops=8/8
26 - INFO - chord#: 162 In build_straw_man_chord_sa. tolerance = 1, sa_iterations = 1000, initial_temperature = 3.0, cooling_rate = 0.999
26 - INFO - chord#: 148 done. best_score=57.0, changed=539, unchanged=445, early_stops=8/8
26 - INFO - chord#: 150 In build_straw_man_chord_sa. tolerance = 1, sa_iterations = 1000, initial_temperature = 3.0, cooling_rate = 0.999
26 - INFO - chord#: 152 done. best_score=27.0, changed=523, unchanged=401, early_stops=8/8
26 - INFO - chord#: 156 In build_straw_man_chord_sa. tolerance = 1, sa_iterations = 1000, initial_temperature = 3.0, cooling_rate = 0.999
26 - INFO - chord#: 160 done. best_score=27.0, changed=525, unchanged=360, early_stops=8/8
26 - INFO - chord#: 162 In build_straw_man_chord_sa. tolerance = 1, sa_iterations = 1000, initial_temperature = 3.0, cooling_rate = 0.999
26 - INFO - chord#: 150 done. best_score=9.0, changed=476, unchanged=337, early_stops=8/8
26 - INFO - chord#: 152 In build_straw_man_chord_sa. tolerance = 1, sa_iterations = 1000, initial_temperature = 3.0, cooling_rate = 0.999
26 - INFO - chord#: 150 done. best_score=9.0, changed=470, unchanged=339, early_stops=8/8
26 - INFO - chord#: 152 In build_straw_man_chord_sa. tolerance = 1, sa_iterations = 1000, initial_temperature = 3.0, cooling_rate = 0.999
26 - INFO - chord#: 168 done. best_score=27.0, changed=522, unchanged=372, early_stops=8/8
26 - INFO - chord#: 170 In build_straw_man_chord_sa. tolerance = 1, sa_iterations = 1000, initial_temperature = 3.0, cooling_rate = 0.999
26 - INFO - chord#: 150 done. best_score=9.0, changed=532, unchanged=284, early_stops=8/8
26 - INFO - chord#: 152 In build_straw_man_chord_sa. tolerance = 1, sa_iterations = 1000, initial_temperature = 3.0, cooling_rate = 0.999
26 - INFO - chord#: 168 done. best_score=27.0, changed=525, unchanged=374, early_stops=8/8
26 - INFO - chord#: 170 In build_straw_man_chord_sa. tolerance = 1, sa_iterations = 1000, initial_temperature = 3.0, cooling_rate = 0.999
26 - INFO - chord#: 147 done. best_score=71.0, changed=608, unchanged=290, early_stops=8/8
26 - INFO - chord#: 148 In build_straw_man_chord_sa. tolerance = 1, sa_iterations = 1000, initial_temperature = 3.0, cooling_rate = 0.999
26 - INFO - chord#: 156 done. best_score=27.0, changed=526, unchanged=439, early_stops=8/8
26 - INFO - chord#: 160 In build_straw_man_chord_sa. tolerance = 1, sa_iterations = 1000, initial_temperature = 3.0, cooling_rate = 0.999
26 - INFO - chord#: 162 done. best_score=27.0, changed=519, unchanged=409, early_stops=8/8
26 - INFO - chord#: 164 In build_straw_man_chord_sa. tolerance = 1, sa_iterations = 1000, initial_temperature = 3.0, cooling_rate = 0.999
26 - INFO - chord#: 166 done. best_score=67.0, changed=612, unchanged=271, early_stops=8/8
26 - INFO - chord#: 168 In build_straw_man_chord_sa. tolerance = 1, sa_iterations = 1000, initial_temperature = 3.0, cooling_rate = 0.999
26 - INFO - chord#: 162 done. best_score=27.0, changed=528, unchanged=350, early_stops=8/8
26 - INFO - chord#: 164 In build_straw_man_chord_sa. tolerance = 1, sa_iterations = 1000, initial_temperature = 3.0, cooling_rate = 0.999
26 - INFO - chord#: 152 done. best_score=27.0, changed=521, unchanged=381, early_stops=8/8
26 - INFO - chord#: 156 In build_straw_man_chord_sa. tolerance = 1, sa_iterations = 1000, initial_temperature = 3.0, cooling_rate = 0.999
26 - INFO - chord#: 162 done. best_score=27.0, changed=522, unchanged=406, early_stops=8/8
26 - INFO - chord#: 164 In build_straw_man_chord_sa. tolerance = 1, sa_iterations = 1000, initial_temperature = 3.0, cooling_rate = 0.999
26 - INFO - chord#: 170 done. best_score=36.0, changed=523, unchanged=391, early_stops=8/8
26 - INFO - chord#: 172 In build_straw_man_chord_sa. tolerance = 1, sa_iterations = 1000, initial_temperature = 3.0, cooling_rate = 0.999
26 - INFO - chord#: 152 done. best_score=27.0, changed=520, unchanged=371, early_stops=8/8
26 - INFO - chord#: 156 In build_straw_man_chord_sa. tolerance = 1, sa_iterations = 1000, initial_temperature = 3.0, cooling_rate = 0.999
26 - INFO - chord#: 152 done. best_score=27.0, changed=525, unchanged=352, early_stops=8/8
26 - INFO - chord#: 156 In build_straw_man_chord_sa. tolerance = 1, sa_iterations = 1000, initial_temperature = 3.0, cooling_rate = 0.999
26 - INFO - chord#: 170 done. best_score=36.0, changed=525, unchanged=403, early_stops=8/8
26 - INFO - chord#: 172 In build_straw_man_chord_sa. tolerance = 1, sa_iterations = 1000, initial_temperature = 3.0, cooling_rate = 0.999
26 - INFO - chord#: 160 done. best_score=27.0, changed=517, unchanged=305, early_stops=8/8
26 - INFO - chord#: 162 In build_straw_man_chord_sa. tolerance = 1, sa_iterations = 1000, initial_temperature = 3.0, cooling_rate = 0.999
26 - INFO - chord#: 156 done. best_score=27.0, changed=517, unchanged=307, early_stops=8/8
26 - INFO - chord#: 160 In build_straw_man_chord_sa. tolerance = 1, sa_iterations = 1000, initial_temperature = 3.0, cooling_rate = 0.999
26 - INFO - chord#: 166 done. best_score=67.0, changed=616, unchanged=324, early_stops=8/8
26 - INFO - chord#: 168 In build_straw_man_chord_sa. tolerance = 1, sa_iterations = 1000, initial_temperature = 3.0, cooling_rate = 0.999
26 - INFO - chord#: 148 done. best_score=27.0, changed=526, unchanged=401, early_stops=8/8
26 - INFO - chord#: 164 done. best_score=27.0, changed=519, unchanged=370, early_stops=8/8
26 - INFO - chord#: 150 In build_straw_man_chord_sa. tolerance = 1, sa_iterations = 1000, initial_temperature = 3.0, cooling_rate = 0.999
26 - INFO - chord#: 166 In build_straw_man_chord_sa. tolerance = 1, sa_iterations = 1000, initial_temperature = 3.0, cooling_rate = 0.999
26 - INFO - chord#: 168 done. best_score=27.0, changed=523, unchanged=481, early_stops=8/8
26 - INFO - chord#: 170 In build_straw_man_chord_sa. tolerance = 1, sa_iterations = 1000, initial_temperature = 3.0, cooling_rate = 0.999
26 - INFO - chord#: 150 done. best_score=9.0, changed=483, unchanged=356, early_stops=8/8
26 - INFO - chord#: 152 In build_straw_man_chord_sa. tolerance = 1, sa_iterations = 1000, initial_temperature = 3.0, cooling_rate = 0.999
26 - INFO - chord#: 172 done. best_score=27.0, changed=526, unchanged=469, early_stops=8/8
26 - INFO - chord#: 174 In build_straw_man_chord_sa. tolerance = 1, sa_iterations = 1000, initial_temperature = 3.0, cooling_rate = 0.999
26 - INFO - chord#: 164 done. best_score=27.0, changed=520, unchanged=392, early_stops=8/8
26 - INFO - chord#: 166 In build_straw_man_chord_sa. tolerance = 1, sa_iterations = 1000, initial_temperature = 3.0, cooling_rate = 0.999
26 - INFO - chord#: 156 done. best_score=27.0, changed=524, unchanged=339, early_stops=8/8
26 - INFO - chord#: 160 In build_straw_man_chord_sa. tolerance = 1, sa_iterations = 1000, initial_temperature = 3.0, cooling_rate = 0.999
26 - INFO - chord#: 156 done. best_score=27.0, changed=523, unchanged=339, early_stops=8/8
26 - INFO - chord#: 160 In build_straw_man_chord_sa. tolerance = 1, sa_iterations = 1000, initial_temperature = 3.0, cooling_rate = 0.999
26 - INFO - chord#: 164 done. best_score=27.0, changed=522, unchanged=481, early_stops=8/8
26 - INFO - chord#: 166 In build_straw_man_chord_sa. tolerance = 1, sa_iterations = 1000, initial_temperature = 3.0, cooling_rate = 0.999
26 - INFO - chord#: 162 done. best_score=27.0, changed=520, unchanged=448, early_stops=8/8
26 - INFO - chord#: 164 In build_straw_man_chord_sa. tolerance = 1, sa_iterations = 1000, initial_temperature = 3.0, cooling_rate = 0.999
26 - INFO - chord#: 160 done. best_score=27.0, changed=518, unchanged=444, early_stops=8/8
26 - INFO - chord#: 162 In build_straw_man_chord_sa. tolerance = 1, sa_iterations = 1000, initial_temperature = 3.0, cooling_rate = 0.999
26 - INFO - chord#: 172 done. best_score=27.0, changed=521, unchanged=549, early_stops=8/8
26 - INFO - chord#: 174 In build_straw_man_chord_sa. tolerance = 1, sa_iterations = 1000, initial_temperature = 3.0, cooling_rate = 0.999
26 - INFO - chord#: 170 done. best_score=36.0, changed=523, unchanged=396, early_stops=8/8
26 - INFO - chord#: 172 In build_straw_man_chord_sa. tolerance = 1, sa_iterations = 1000, initial_temperature = 3.0, cooling_rate = 0.999
26 - INFO - chord#: 174 done. best_score=27.0, changed=533, unchanged=388, early_stops=8/8
26 - INFO - chord#: 176 In build_straw_man_chord_sa. tolerance = 1, sa_iterations = 1000, initial_temperature = 3.0, cooling_rate = 0.999
26 - INFO - chord#: 168 done. best_score=27.0, changed=524, unchanged=483, early_stops=8/8
26 - INFO - chord#: 170 In build_straw_man_chord_sa. tolerance = 1, sa_iterations = 1000, initial_temperature = 3.0, cooling_rate = 0.999
26 - INFO - chord#: 160 done. best_score=27.0, changed=522, unchanged=318, early_stops=8/8
26 - INFO - chord#: 162 In build_straw_man_chord_sa. tolerance = 1, sa_iterations = 1000, initial_temperature = 3.0, cooling_rate = 0.999
26 - INFO - chord#: 152 done. best_score=27.0, changed=528, unchanged=440, early_stops=8/8
26 - INFO - chord#: 156 In build_straw_man_chord_sa. tolerance = 1, sa_iterations = 1000, initial_temperature = 3.0, cooling_rate = 0.999
26 - INFO - chord#: 160 done. best_score=27.0, changed=518, unchanged=351, early_stops=8/8
26 - INFO - chord#: 162 In build_straw_man_chord_sa. tolerance = 1, sa_iterations = 1000, initial_temperature = 3.0, cooling_rate = 0.999
26 - INFO - chord#: 164 done. best_score=27.0, changed=514, unchanged=358, early_stops=8/8
26 - INFO - chord#: 166 In build_straw_man_chord_sa. tolerance = 1, sa_iterations = 1000, initial_temperature = 3.0, cooling_rate = 0.999
26 - INFO - chord#: 174 done. best_score=27.0, changed=520, unchanged=375, early_stops=8/8
26 - INFO - chord#: 176 In build_straw_man_chord_sa. tolerance = 1, sa_iterations = 1000, initial_temperature = 3.0, cooling_rate = 0.999
26 - INFO - chord#: 162 done. best_score=27.0, changed=529, unchanged=418, early_stops=8/8
26 - INFO - chord#: 164 In build_straw_man_chord_sa. tolerance = 1, sa_iterations = 1000, initial_temperature = 3.0, cooling_rate = 0.999
26 - INFO - chord#: 172 done. best_score=27.0, changed=518, unchanged=408, early_stops=8/8
26 - INFO - chord#: 174 In build_straw_man_chord_sa. tolerance = 1, sa_iterations = 1000, initial_temperature = 3.0, cooling_rate = 0.999
26 - INFO - chord#: 176 done. best_score=27.0, changed=521, unchanged=379, early_stops=8/8
26 - INFO - chord#: 180 In build_straw_man_chord_sa. tolerance = 1, sa_iterations = 1000, initial_temperature = 3.0, cooling_rate = 0.999
26 - INFO - chord#: 166 done. best_score=67.0, changed=614, unchanged=540, early_stops=8/8
26 - INFO - chord#: 168 In build_straw_man_chord_sa. tolerance = 1, sa_iterations = 1000, initial_temperature = 3.0, cooling_rate = 0.999
26 - INFO - chord#: 156 done. best_score=27.0, changed=542, unchanged=371, early_stops=8/8
26 - INFO - chord#: 160 In build_straw_man_chord_sa. tolerance = 1, sa_iterations = 1000, initial_temperature = 3.0, cooling_rate = 0.999
26 - INFO - chord#: 162 done. best_score=27.0, changed=530, unchanged=471, early_stops=8/8
26 - INFO - chord#: 164 In build_straw_man_chord_sa. tolerance = 1, sa_iterations = 1000, initial_temperature = 3.0, cooling_rate = 0.999
26 - INFO - chord#: 164 done. best_score=27.0, changed=515, unchanged=361, early_stops=8/8
26 - INFO - chord#: 166 In build_straw_man_chord_sa. tolerance = 1, sa_iterations = 1000, initial_temperature = 3.0, cooling_rate = 0.999
26 - INFO - chord#: 162 done. best_score=27.0, changed=523, unchanged=398, early_stops=8/8
26 - INFO - chord#: 164 In build_straw_man_chord_sa. tolerance = 1, sa_iterations = 1000, initial_temperature = 3.0, cooling_rate = 0.999
26 - INFO - chord#: 174 done. best_score=27.0, changed=527, unchanged=407, early_stops=8/8
26 - INFO - chord#: 176 In build_straw_man_chord_sa. tolerance = 1, sa_iterations = 1000, initial_temperature = 3.0, cooling_rate = 0.999
26 - INFO - chord#: 176 done. best_score=27.0, changed=518, unchanged=385, early_stops=8/8
26 - INFO - chord#: 180 In build_straw_man_chord_sa. tolerance = 1, sa_iterations = 1000, initial_temperature = 3.0, cooling_rate = 0.999
26 - INFO - chord#: 170 done. best_score=36.0, changed=523, unchanged=397, early_stops=8/8
26 - INFO - chord#: 172 In build_straw_man_chord_sa. tolerance = 1, sa_iterations = 1000, initial_temperature = 3.0, cooling_rate = 0.999
26 - INFO - chord#: 180 done. best_score=27.0, changed=520, unchanged=403, early_stops=8/8
26 - INFO - chord#: 182 In build_straw_man_chord_sa. tolerance = 1, sa_iterations = 1000, initial_temperature = 3.0, cooling_rate = 0.999
26 - INFO - chord#: 166 done. best_score=67.0, changed=607, unchanged=253, early_stops=8/8
26 - INFO - chord#: 168 In build_straw_man_chord_sa. tolerance = 1, sa_iterations = 1000, initial_temperature = 3.0, cooling_rate = 0.999
26 - INFO - chord#: 166 done. best_score=96.0, changed=611, unchanged=253, early_stops=8/8
26 - INFO - chord#: 168 In build_straw_man_chord_sa. tolerance = 1, sa_iterations = 1000, initial_temperature = 3.0, cooling_rate = 0.999
26 - INFO - chord#: 168 done. best_score=27.0, changed=517, unchanged=429, early_stops=8/8
26 - INFO - chord#: 170 In build_straw_man_chord_sa. tolerance = 1, sa_iterations = 1000, initial_temperature = 3.0, cooling_rate = 0.999
26 - INFO - chord#: 160 done. best_score=27.0, changed=524, unchanged=358, early_stops=8/8
26 - INFO - chord#: 162 In build_straw_man_chord_sa. tolerance = 1, sa_iterations = 1000, initial_temperature = 3.0, cooling_rate = 0.999
26 - INFO - chord#: 164 done. best_score=27.0, changed=517, unchanged=350, early_stops=8/8
26 - INFO - chord#: 166 In build_straw_man_chord_sa. tolerance = 1, sa_iterations = 1000, initial_temperature = 3.0, cooling_rate = 0.999
26 - INFO - chord#: 176 done. best_score=27.0, changed=524, unchanged=347, early_stops=8/8
26 - INFO - chord#: 180 In build_straw_man_chord_sa. tolerance = 1, sa_iterations = 1000, initial_temperature = 3.0, cooling_rate = 0.999
26 - INFO - chord#: 182 done. best_score=47.0, changed=519, unchanged=400, early_stops=8/8
26 - INFO - chord#: 183 In build_straw_man_chord_sa. tolerance = 1, sa_iterations = 1000, initial_temperature = 3.0, cooling_rate = 0.999
26 - INFO - chord#: 180 done. best_score=27.0, changed=520, unchanged=398, early_stops=8/8
26 - INFO - chord#: 182 In build_straw_man_chord_sa. tolerance = 1, sa_iterations = 1000, initial_temperature = 3.0, cooling_rate = 0.999
26 - INFO - chord#: 164 done. best_score=27.0, changed=522, unchanged=437, early_stops=8/8
26 - INFO - chord#: 166 In build_straw_man_chord_sa. tolerance = 1, sa_iterations = 1000, initial_temperature = 3.0, cooling_rate = 0.999
26 - INFO - chord#: 168 done. best_score=27.0, changed=527, unchanged=370, early_stops=8/8
26 - INFO - chord#: 170 In build_straw_man_chord_sa. tolerance = 1, sa_iterations = 1000, initial_temperature = 3.0, cooling_rate = 0.999
26 - INFO - chord#: 170 done. best_score=36.0, changed=514, unchanged=308, early_stops=8/8
26 - INFO - chord#: 172 In build_straw_man_chord_sa. tolerance = 1, sa_iterations = 1000, initial_temperature = 3.0, cooling_rate = 0.999
26 - INFO - chord#: 172 done. best_score=27.0, changed=518, unchanged=536, early_stops=8/8
26 - INFO - chord#: 174 In build_straw_man_chord_sa. tolerance = 1, sa_iterations = 1000, initial_temperature = 3.0, cooling_rate = 0.999
26 - INFO - chord#: 180 done. best_score=27.0, changed=518, unchanged=407, early_stops=8/8
26 - INFO - chord#: 182 In build_straw_man_chord_sa. tolerance = 1, sa_iterations = 1000, initial_temperature = 3.0, cooling_rate = 0.999
26 - INFO - chord#: 168 done. best_score=27.0, changed=524, unchanged=438, early_stops=8/8
26 - INFO - chord#: 170 In build_straw_man_chord_sa. tolerance = 1, sa_iterations = 1000, initial_temperature = 3.0, cooling_rate = 0.999
26 - INFO - chord#: 162 done. best_score=27.0, changed=528, unchanged=460, early_stops=8/8
26 - INFO - chord#: 164 In build_straw_man_chord_sa. tolerance = 1, sa_iterations = 1000, initial_temperature = 3.0, cooling_rate = 0.999
26 - INFO - chord#: 166 done. best_score=67.0, changed=613, unchanged=399, early_stops=8/8
26 - INFO - chord#: 168 In build_straw_man_chord_sa. tolerance = 1, sa_iterations = 1000, initial_temperature = 3.0, cooling_rate = 0.999
26 - INFO - chord#: 166 done. best_score=137.0, changed=619, unchanged=490, early_stops=8/8
26 - INFO - chord#: 168 In build_straw_man_chord_sa. tolerance = 1, sa_iterations = 1000, initial_temperature = 3.0, cooling_rate = 0.999
26 - INFO - chord#: 170 done. best_score=36.0, changed=524, unchanged=317, early_stops=8/8
26 - INFO - chord#: 172 In build_straw_man_chord_sa. tolerance = 1, sa_iterations = 1000, initial_temperature = 3.0, cooling_rate = 0.999
26 - INFO - chord#: 182 done. best_score=47.0, changed=525, unchanged=513, early_stops=8/8
26 - INFO - chord#: 183 In build_straw_man_chord_sa. tolerance = 1, sa_iterations = 1000, initial_temperature = 3.0, cooling_rate = 0.999
26 - INFO - chord#: 172 done. best_score=27.0, changed=518, unchanged=520, early_stops=8/8
26 - INFO - chord#: 174 In build_straw_man_chord_sa. tolerance = 1, sa_iterations = 1000, initial_temperature = 3.0, cooling_rate = 0.999
26 - INFO - chord#: 174 done. best_score=27.0, changed=526, unchanged=393, early_stops=8/8
26 - INFO - chord#: 176 In build_straw_man_chord_sa. tolerance = 1, sa_iterations = 1000, initial_temperature = 3.0, cooling_rate = 0.999
26 - INFO - chord#: 182 done. best_score=47.0, changed=523, unchanged=398, early_stops=8/8
26 - INFO - chord#: 183 In build_straw_man_chord_sa. tolerance = 1, sa_iterations = 1000, initial_temperature = 3.0, cooling_rate = 0.999
26 - INFO - chord#: 170 done. best_score=36.0, changed=520, unchanged=338, early_stops=8/8
26 - INFO - chord#: 172 In build_straw_man_chord_sa. tolerance = 1, sa_iterations = 1000, initial_temperature = 3.0, cooling_rate = 0.999
26 - INFO - chord#: 168 done. best_score=27.0, changed=525, unchanged=406, early_stops=8/8
26 - INFO - chord#: 170 In build_straw_man_chord_sa. tolerance = 1, sa_iterations = 1000, initial_temperature = 3.0, cooling_rate = 0.999
26 - INFO - chord#: 166 done. best_score=145.0, changed=612, unchanged=240, early_stops=8/8
26 - INFO - chord#: 168 In build_straw_man_chord_sa. tolerance = 1, sa_iterations = 1000, initial_temperature = 3.0, cooling_rate = 0.999
26 - INFO - chord#: 164 done. best_score=27.0, changed=526, unchanged=400, early_stops=8/8
26 - INFO - chord#: 168 done. best_score=27.0, changed=523, unchanged=359, early_stops=8/8
26 - INFO - chord#: 166 In build_straw_man_chord_sa. tolerance = 1, sa_iterations = 1000, initial_temperature = 3.0, cooling_rate = 0.999
26 - INFO - chord#: 170 In build_straw_man_chord_sa. tolerance = 1, sa_iterations = 1000, initial_temperature = 3.0, cooling_rate = 0.999
26 - INFO - chord#: 172 done. best_score=27.0, changed=520, unchanged=375, early_stops=8/8
26 - INFO - chord#: 174 In build_straw_man_chord_sa. tolerance = 1, sa_iterations = 1000, initial_temperature = 3.0, cooling_rate = 0.999
26 - INFO - chord#: 174 done. best_score=27.0, changed=514, unchanged=312, early_stops=8/8
26 - INFO - chord#: 176 In build_straw_man_chord_sa. tolerance = 1, sa_iterations = 1000, initial_temperature = 3.0, cooling_rate = 0.999
26 - INFO - chord#: 183 done. best_score=113.0, changed=609, unchanged=337, early_stops=8/8
26 - INFO - chord#: 184 In build_straw_man_chord_sa. tolerance = 1, sa_iterations = 1000, initial_temperature = 3.0, cooling_rate = 0.999
26 - INFO - chord#: 166 done. best_score=67.0, changed=609, unchanged=261, early_stops=8/8
26 - INFO - chord#: 168 In build_straw_man_chord_sa. tolerance = 1, sa_iterations = 1000, initial_temperature = 3.0, cooling_rate = 0.999
26 - INFO - chord#: 176 done. best_score=27.0, changed=527, unchanged=365, early_stops=8/8
26 - INFO - chord#: 180 In build_straw_man_chord_sa. tolerance = 1, sa_iterations = 1000, initial_temperature = 3.0, cooling_rate = 0.999
26 - INFO - chord#: 170 done. best_score=36.0, changed=522, unchanged=371, early_stops=8/8
26 - INFO - chord#: 172 In build_straw_man_chord_sa. tolerance = 1, sa_iterations = 1000, initial_temperature = 3.0, cooling_rate = 0.999
26 - INFO - chord#: 170 done. best_score=36.0, changed=518, unchanged=343, early_stops=8/8
26 - INFO - chord#: 172 In build_straw_man_chord_sa. tolerance = 1, sa_iterations = 1000, initial_temperature = 3.0, cooling_rate = 0.999
26 - INFO - chord#: 174 done. best_score=27.0, changed=515, unchanged=347, early_stops=8/8
26 - INFO - chord#: 176 In build_straw_man_chord_sa. tolerance = 1, sa_iterations = 1000, initial_temperature = 3.0, cooling_rate = 0.999
26 - INFO - chord#: 176 done. best_score=27.0, changed=519, unchanged=397, early_stops=8/8
26 - INFO - chord#: 180 In build_straw_man_chord_sa. tolerance = 1, sa_iterations = 1000, initial_temperature = 3.0, cooling_rate = 0.999
26 - INFO - chord#: 168 done. best_score=27.0, changed=524, unchanged=418, early_stops=8/8
26 - INFO - chord#: 170 In build_straw_man_chord_sa. tolerance = 1, sa_iterations = 1000, initial_temperature = 3.0, cooling_rate = 0.999
26 - INFO - chord#: 184 done. best_score=27.0, changed=526, unchanged=474, early_stops=8/8
26 - INFO - chord#: 172 done. best_score=27.0, changed=518, unchanged=507, early_stops=8/8
26 - INFO - chord#: 174 In build_straw_man_chord_sa. tolerance = 1, sa_iterations = 1000, initial_temperature = 3.0, cooling_rate = 0.999
26 - INFO - chord#: 168 done. best_score=27.0, changed=517, unchanged=303, early_stops=8/8
26 - INFO - chord#: 170 In build_straw_man_chord_sa. tolerance = 1, sa_iterations = 1000, initial_temperature = 3.0, cooling_rate = 0.999
26 - INFO - chord#: 180 done. best_score=27.0, changed=519, unchanged=507, early_stops=8/8
26 - INFO - chord#: 182 In build_straw_man_chord_sa. tolerance = 1, sa_iterations = 1000, initial_temperature = 3.0, cooling_rate = 0.999
26 - INFO - chord#: 183 done. best_score=116.0, changed=610, unchanged=307, early_stops=8/8
26 - INFO - chord#: 184 In build_straw_man_chord_sa. tolerance = 1, sa_iterations = 1000, initial_temperature = 3.0, cooling_rate = 0.999
26 - INFO - chord#: 172 done. best_score=27.0, changed=525, unchanged=382, early_stops=8/8
26 - INFO - chord#: 174 In build_straw_man_chord_sa. tolerance = 1, sa_iterations = 1000, initial_temperature = 3.0, cooling_rate = 0.999
26 - INFO - chord#: 180 done. best_score=27.0, changed=522, unchanged=414, early_stops=8/8
26 - INFO - chord#: 182 In build_straw_man_chord_sa. tolerance = 1, sa_iterations = 1000, initial_temperature = 3.0, cooling_rate = 0.999
26 - INFO - chord#: 166 done. best_score=67.0, changed=609, unchanged=229, early_stops=8/8
26 - INFO - chord#: 168 In build_straw_man_chord_sa. tolerance = 1, sa_iterations = 1000, initial_temperature = 3.0, cooling_rate = 0.999
26 - INFO - chord#: 172 done. best_score=27.0, changed=521, unchanged=504, early_stops=8/8
26 - INFO - chord#: 174 In build_straw_man_chord_sa. tolerance = 1, sa_iterations = 1000, initial_temperature = 3.0, cooling_rate = 0.999
26 - INFO - chord#: 183 done. best_score=111.0, changed=615, unchanged=391, early_stops=8/8
26 - INFO - chord#: 184 In build_straw_man_chord_sa. tolerance = 1, sa_iterations = 1000, initial_temperature = 3.0, cooling_rate = 0.999
26 - INFO - chord#: 176 done. best_score=27.0, changed=523, unchanged=470, early_stops=8/8
26 - INFO - chord#: 180 In build_straw_man_chord_sa. tolerance = 1, sa_iterations = 1000, initial_temperature = 3.0, cooling_rate = 0.999
26 - INFO - chord#: 174 done. best_score=27.0, changed=525, unchanged=351, early_stops=8/8
26 - INFO - chord#: 176 In build_straw_man_chord_sa. tolerance = 1, sa_iterations = 1000, initial_temperature = 3.0, cooling_rate = 0.999
26 - INFO - chord#: 170 done. best_score=36.0, changed=528, unchanged=439, early_stops=8/8
26 - INFO - chord#: 172 In build_straw_man_chord_sa. tolerance = 1, sa_iterations = 1000, initial_temperature = 3.0, cooling_rate = 0.999
26 - INFO - chord#: 184 done. best_score=27.0, changed=521, unchanged=409, early_stops=8/8
26 - INFO - chord#: 170 done. best_score=36.0, changed=530, unchanged=407, early_stops=8/8
26 - INFO - chord#: 172 In build_straw_man_chord_sa. tolerance = 1, sa_iterations = 1000, initial_temperature = 3.0, cooling_rate = 0.999
26 - INFO - chord#: 174 done. best_score=27.0, changed=528, unchanged=416, early_stops=8/8
26 - INFO - chord#: 176 In build_straw_man_chord_sa. tolerance = 1, sa_iterations = 1000, initial_temperature = 3.0, cooling_rate = 0.999
26 - INFO - chord#: 182 done. best_score=47.0, changed=515, unchanged=317, early_stops=8/8
26 - INFO - chord#: 183 In build_straw_man_chord_sa. tolerance = 1, sa_iterations = 1000, initial_temperature = 3.0, cooling_rate = 0.999
26 - INFO - chord#: 184 done. best_score=27.0, changed=521, unchanged=360, early_stops=8/8
26 - INFO - chord#: 168 done. best_score=27.0, changed=520, unchanged=335, early_stops=8/8
26 - INFO - chord#: 170 In build_straw_man_chord_sa. tolerance = 1, sa_iterations = 1000, initial_temperature = 3.0, cooling_rate = 0.999
26 - INFO - chord#: 174 done. best_score=27.0, changed=533, unchanged=534, early_stops=8/8
26 - INFO - chord#: 176 In build_straw_man_chord_sa. tolerance = 1, sa_iterations = 1000, initial_temperature = 3.0, cooling_rate = 0.999
26 - INFO - chord#: 182 done. best_score=47.0, changed=535, unchanged=447, early_stops=8/8
26 - INFO - chord#: 183 In build_straw_man_chord_sa. tolerance = 1, sa_iterations = 1000, initial_temperature = 3.0, cooling_rate = 0.999
26 - INFO - chord#: 176 done. best_score=27.0, changed=531, unchanged=418, early_stops=8/8
26 - INFO - chord#: 180 In build_straw_man_chord_sa. tolerance = 1, sa_iterations = 1000, initial_temperature = 3.0, cooling_rate = 0.999
26 - INFO - chord#: 180 done. best_score=27.0, changed=525, unchanged=508, early_stops=8/8
26 - INFO - chord#: 182 In build_straw_man_chord_sa. tolerance = 1, sa_iterations = 1000, initial_temperature = 3.0, cooling_rate = 0.999
26 - INFO - chord#: 172 done. best_score=27.0, changed=516, unchanged=379, early_stops=8/8
26 - INFO - chord#: 174 In build_straw_man_chord_sa. tolerance = 1, sa_iterations = 1000, initial_temperature = 3.0, cooling_rate = 0.999
26 - INFO - chord#: 176 done. best_score=27.0, changed=518, unchanged=336, early_stops=8/8
26 - INFO - chord#: 180 In build_straw_man_chord_sa. tolerance = 1, sa_iterations = 1000, initial_temperature = 3.0, cooling_rate = 0.999
26 - INFO - chord#: 170 done. best_score=36.0, changed=514, unchanged=337, early_stops=8/8
26 - INFO - chord#: 172 In build_straw_man_chord_sa. tolerance = 1, sa_iterations = 1000, initial_temperature = 3.0, cooling_rate = 0.999
26 - INFO - chord#: 176 done. best_score=27.0, changed=518, unchanged=395, early_stops=8/8
26 - INFO - chord#: 180 In build_straw_man_chord_sa. tolerance = 1, sa_iterations = 1000, initial_temperature = 3.0, cooling_rate = 0.999
26 - INFO - chord#: 172 done. best_score=27.0, changed=521, unchanged=481, early_stops=8/8
26 - INFO - chord#: 174 In build_straw_man_chord_sa. tolerance = 1, sa_iterations = 1000, initial_temperature = 3.0, cooling_rate = 0.999
26 - INFO - chord#: 174 done. best_score=27.0, changed=521, unchanged=433, early_stops=8/8
26 - INFO - chord#: 176 In build_straw_man_chord_sa. tolerance = 1, sa_iterations = 1000, initial_temperature = 3.0, cooling_rate = 0.999
26 - INFO - chord#: 180 done. best_score=27.0, changed=521, unchanged=417, early_stops=8/8
26 - INFO - chord#: 182 In build_straw_man_chord_sa. tolerance = 1, sa_iterations = 1000, initial_temperature = 3.0, cooling_rate = 0.999
26 - INFO - chord#: 182 done. best_score=47.0, changed=524, unchanged=448, early_stops=8/8
26 - INFO - chord#: 183 In build_straw_man_chord_sa. tolerance = 1, sa_iterations = 1000, initial_temperature = 3.0, cooling_rate = 0.999
26 - INFO - chord#: 180 done. best_score=27.0, changed=521, unchanged=489, early_stops=8/8
26 - INFO - chord#: 182 In build_straw_man_chord_sa. tolerance = 1, sa_iterations = 1000, initial_temperature = 3.0, cooling_rate = 0.999
26 - INFO - chord#: 172 done. best_score=27.0, changed=525, unchanged=370, early_stops=8/8
26 - INFO - chord#: 174 In build_straw_man_chord_sa. tolerance = 1, sa_iterations = 1000, initial_temperature = 3.0, cooling_rate = 0.999
26 - INFO - chord#: 180 done. best_score=27.0, changed=517, unchanged=402, early_stops=8/8
26 - INFO - chord#: 182 In build_straw_man_chord_sa. tolerance = 1, sa_iterations = 1000, initial_temperature = 3.0, cooling_rate = 0.999
26 - INFO - chord#: 174 done. best_score=27.0, changed=534, unchanged=359, early_stops=8/8
26 - INFO - chord#: 176 In build_straw_man_chord_sa. tolerance = 1, sa_iterations = 1000, initial_temperature = 3.0, cooling_rate = 0.999
26 - INFO - chord#: 183 done. best_score=113.0, changed=610, unchanged=333, early_stops=8/8
26 - INFO - chord#: 184 In build_straw_man_chord_sa. tolerance = 1, sa_iterations = 1000, initial_temperature = 3.0, cooling_rate = 0.999
26 - INFO - chord#: 176 done. best_score=27.0, changed=521, unchanged=399, early_stops=8/8
26 - INFO - chord#: 180 In build_straw_man_chord_sa. tolerance = 1, sa_iterations = 1000, initial_temperature = 3.0, cooling_rate = 0.999
26 - INFO - chord#: 182 done. best_score=47.0, changed=521, unchanged=404, early_stops=8/8
26 - INFO - chord#: 183 In build_straw_man_chord_sa. tolerance = 1, sa_iterations = 1000, initial_temperature = 3.0, cooling_rate = 0.999
26 - INFO - chord#: 174 done. best_score=27.0, changed=531, unchanged=396, early_stops=8/8
26 - INFO - chord#: 176 In build_straw_man_chord_sa. tolerance = 1, sa_iterations = 1000, initial_temperature = 3.0, cooling_rate = 0.999
26 - INFO - chord#: 182 done. best_score=47.0, changed=515, unchanged=298, early_stops=8/8
26 - INFO - chord#: 183 In build_straw_man_chord_sa. tolerance = 1, sa_iterations = 1000, initial_temperature = 3.0, cooling_rate = 0.999
26 - INFO - chord#: 182 done. best_score=47.0, changed=533, unchanged=446, early_stops=8/8
26 - INFO - chord#: 183 In build_straw_man_chord_sa. tolerance = 1, sa_iterations = 1000, initial_temperature = 3.0, cooling_rate = 0.999
26 - INFO - chord#: 184 done. best_score=27.0, changed=523, unchanged=371, early_stops=8/8
26 - INFO - chord#: 176 done. best_score=27.0, changed=533, unchanged=422, early_stops=8/8
26 - INFO - chord#: 180 In build_straw_man_chord_sa. tolerance = 1, sa_iterations = 1000, initial_temperature = 3.0, cooling_rate = 0.999
26 - INFO - chord#: 180 done. best_score=27.0, changed=528, unchanged=517, early_stops=8/8
26 - INFO - chord#: 182 In build_straw_man_chord_sa. tolerance = 1, sa_iterations = 1000, initial_temperature = 3.0, cooling_rate = 0.999
26 - INFO - chord#: 176 done. best_score=27.0, changed=521, unchanged=430, early_stops=8/8
26 - INFO - chord#: 180 In build_straw_man_chord_sa. tolerance = 1, sa_iterations = 1000, initial_temperature = 3.0, cooling_rate = 0.999
26 - INFO - chord#: 183 done. best_score=105.0, changed=619, unchanged=511, early_stops=8/8
26 - INFO - chord#: 184 In build_straw_man_chord_sa. tolerance = 1, sa_iterations = 1000, initial_temperature = 3.0, cooling_rate = 0.999
26 - INFO - chord#: 180 done. best_score=27.0, changed=520, unchanged=357, early_stops=8/8
26 - INFO - chord#: 182 In build_straw_man_chord_sa. tolerance = 1, sa_iterations = 1000, initial_temperature = 3.0, cooling_rate = 0.999
26 - INFO - chord#: 182 done. best_score=47.0, changed=522, unchanged=346, early_stops=8/8
26 - INFO - chord#: 183 In build_straw_man_chord_sa. tolerance = 1, sa_iterations = 1000, initial_temperature = 3.0, cooling_rate = 0.999
26 - INFO - chord#: 183 done. best_score=105.0, changed=614, unchanged=278, early_stops=8/8
26 - INFO - chord#: 184 In build_straw_man_chord_sa. tolerance = 1, sa_iterations = 1000, initial_temperature = 3.0, cooling_rate = 0.999
26 - INFO - chord#: 180 done. best_score=27.0, changed=525, unchanged=444, early_stops=8/8
26 - INFO - chord#: 182 In build_straw_man_chord_sa. tolerance = 1, sa_iterations = 1000, initial_temperature = 3.0, cooling_rate = 0.999
26 - INFO - chord#: 184 done. best_score=57.0, changed=530, unchanged=417, early_stops=8/8
26 - INFO - chord#: 183 done. best_score=111.0, changed=612, unchanged=344, early_stops=8/8
26 - INFO - chord#: 184 In build_straw_man_chord_sa. tolerance = 1, sa_iterations = 1000, initial_temperature = 3.0, cooling_rate = 0.999
26 - INFO - chord#: 183 done. best_score=93.0, changed=610, unchanged=371, early_stops=8/8
26 - INFO - chord#: 184 In build_straw_man_chord_sa. tolerance = 1, sa_iterations = 1000, initial_temperature = 3.0, cooling_rate = 0.999
26 - INFO - chord#: 182 done. best_score=47.0, changed=522, unchanged=386, early_stops=8/8
26 - INFO - chord#: 183 In build_straw_man_chord_sa. tolerance = 1, sa_iterations = 1000, initial_temperature = 3.0, cooling_rate = 0.999
26 - INFO - chord#: 183 done. best_score=111.0, changed=610, unchanged=308, early_stops=8/8
26 - INFO - chord#: 184 In build_straw_man_chord_sa. tolerance = 1, sa_iterations = 1000, initial_temperature = 3.0, cooling_rate = 0.999
26 - INFO - chord#: 184 done. best_score=27.0, changed=530, unchanged=428, early_stops=8/8
26 - INFO - chord#: 182 done. best_score=47.0, changed=530, unchanged=380, early_stops=8/8
26 - INFO - chord#: 183 In build_straw_man_chord_sa. tolerance = 1, sa_iterations = 1000, initial_temperature = 3.0, cooling_rate = 0.999
26 - INFO - chord#: 184 done. best_score=27.0, changed=526, unchanged=442, early_stops=8/8
26 - INFO - chord#: 184 done. best_score=27.0, changed=525, unchanged=440, early_stops=8/8
26 - INFO - chord#: 184 done. best_score=27.0, changed=517, unchanged=351, early_stops=8/8
26 - INFO - chord#: 183 done. best_score=144.0, changed=609, unchanged=346, early_stops=8/8
26 - INFO - chord#: 184 In build_straw_man_chord_sa. tolerance = 1, sa_iterations = 1000, initial_temperature = 3.0, cooling_rate = 0.999
26 - INFO - chord#: 183 done. best_score=115.0, changed=614, unchanged=331, early_stops=8/8
26 - INFO - chord#: 184 In build_straw_man_chord_sa. tolerance = 1, sa_iterations = 1000, initial_temperature = 3.0, cooling_rate = 0.999
26 - INFO - chord#: 184 done. best_score=27.0, changed=526, unchanged=396, early_stops=8/8
26 - INFO - chord#: 183 done. best_score=115.0, changed=615, unchanged=405, early_stops=8/8
26 - INFO - chord#: 184 In build_straw_man_chord_sa. tolerance = 1, sa_iterations = 1000, initial_temperature = 3.0, cooling_rate = 0.999
26 - INFO - chord#: 184 done. best_score=27.0, changed=527, unchanged=411, early_stops=8/8
26 - INFO - chord#: 184 done. best_score=27.0, changed=526, unchanged=416, early_stops=8/8
26 - INFO - chord#: 0 In build_straw_man_chord_sa. tolerance = 1, sa_iterations = 1000, initial_temperature = 3.0, cooling_rate = 0.999
26 - INFO - chord#: 0 In build_straw_man_chord_sa. tolerance = 1, sa_iterations = 1000, initial_temperature = 3.0, cooling_rate = 0.999
26 - INFO - chord#: 0 In build_straw_man_chord_sa. tolerance = 1, sa_iterations = 1000, initial_temperature = 3.0, cooling_rate = 0.999
26 - INFO - chord#: 0 In build_straw_man_chord_sa. tolerance = 1, sa_iterations = 1000, initial_temperature = 3.0, cooling_rate = 0.999
26 - INFO - chord#: 0 In build_straw_man_chord_sa. tolerance = 1, sa_iterations = 1000, initial_temperature = 3.0, cooling_rate = 0.999
26 - INFO - chord#: 0 In build_straw_man_chord_sa. tolerance = 1, sa_iterations = 1000, initial_temperature = 3.0, cooling_rate = 0.999
26 - INFO - chord#: 0 In build_straw_man_chord_sa. tolerance = 1, sa_iterations = 1000, initial_temperature = 3.0, cooling_rate = 0.999
26 - INFO - chord#: 0 In build_straw_man_chord_sa. tolerance = 1, sa_iterations = 1000, initial_temperature = 3.0, cooling_rate = 0.999
26 - INFO - chord#: 0 In build_straw_man_chord_sa. tolerance = 1, sa_iterations = 1000, initial_temperature = 3.0, cooling_rate = 0.999
26 - INFO - chord#: 0 In build_straw_man_chord_sa. tolerance = 1, sa_iterations = 1000, initial_temperature = 3.0, cooling_rate = 0.999
26 - INFO - chord#: 0 In build_straw_man_chord_sa. tolerance = 1, sa_iterations = 1000, initial_temperature = 3.0, cooling_rate = 0.999
26 - INFO - chord#: 0 In build_straw_man_chord_sa. tolerance = 1, sa_iterations = 1000, initial_temperature = 3.0, cooling_rate = 0.999
26 - INFO - chord#: 0 done. best_score=27.0, changed=528, unchanged=489, early_stops=8/8
26 - INFO - chord#: 8 In build_straw_man_chord_sa. tolerance = 1, sa_iterations = 1000, initial_temperature = 3.0, cooling_rate = 0.999
26 - INFO - chord#: 0 done. best_score=27.0, changed=527, unchanged=415, early_stops=8/8
26 - INFO - chord#: 8 In build_straw_man_chord_sa. tolerance = 1, sa_iterations = 1000, initial_temperature = 3.0, cooling_rate = 0.999
26 - INFO - chord#: 0 done. best_score=27.0, changed=525, unchanged=521, early_stops=8/8
26 - INFO - chord#: 8 In build_straw_man_chord_sa. tolerance = 1, sa_iterations = 1000, initial_temperature = 3.0, cooling_rate = 0.999
26 - INFO - chord#: 0 done. best_score=27.0, changed=532, unchanged=427, early_stops=8/8
26 - INFO - chord#: 8 In build_straw_man_chord_sa. tolerance = 1, sa_iterations = 1000, initial_temperature = 3.0, cooling_rate = 0.999
26 - INFO - chord#: 0 done. best_score=27.0, changed=525, unchanged=541, early_stops=8/8
26 - INFO - chord#: 8 In build_straw_man_chord_sa. tolerance = 1, sa_iterations = 1000, initial_temperature = 3.0, cooling_rate = 0.999
26 - INFO - chord#: 0 done. best_score=27.0, changed=531, unchanged=579, early_stops=8/8
26 - INFO - chord#: 8 In build_straw_man_chord_sa. tolerance = 1, sa_iterations = 1000, initial_temperature = 3.0, cooling_rate = 0.999
26 - INFO - chord#: 0 done. best_score=27.0, changed=519, unchanged=409, early_stops=8/8
26 - INFO - chord#: 8 In build_straw_man_chord_sa. tolerance = 1, sa_iterations = 1000, initial_temperature = 3.0, cooling_rate = 0.999
26 - INFO - chord#: 0 done. best_score=27.0, changed=522, unchanged=394, early_stops=8/8
26 - INFO - chord#: 8 In build_straw_man_chord_sa. tolerance = 1, sa_iterations = 1000, initial_temperature = 3.0, cooling_rate = 0.999
26 - INFO - chord#: 0 done. best_score=27.0, changed=519, unchanged=465, early_stops=8/8
26 - INFO - chord#: 8 In build_straw_man_chord_sa. tolerance = 1, sa_iterations = 1000, initial_temperature = 3.0, cooling_rate = 0.999
26 - INFO - chord#: 0 done. best_score=27.0, changed=523, unchanged=474, early_stops=8/8
26 - INFO - chord#: 8 In build_straw_man_chord_sa. tolerance = 1, sa_iterations = 1000, initial_temperature = 3.0, cooling_rate = 0.999
26 - INFO - chord#: 0 done. best_score=27.0, changed=519, unchanged=517, early_stops=8/8
26 - INFO - chord#: 8 In build_straw_man_chord_sa. tolerance = 1, sa_iterations = 1000, initial_temperature = 3.0, cooling_rate = 0.999
26 - INFO - chord#: 0 done. best_score=27.0, changed=519, unchanged=543, early_stops=8/8
26 - INFO - chord#: 8 In build_straw_man_chord_sa. tolerance = 1, sa_iterations = 1000, initial_temperature = 3.0, cooling_rate = 0.999
26 - INFO - chord#: 8 done. best_score=27.0, changed=517, unchanged=376, early_stops=8/8
26 - INFO - chord#: 10 In build_straw_man_chord_sa. tolerance = 1, sa_iterations = 1000, initial_temperature = 3.0, cooling_rate = 0.999
26 - INFO - chord#: 8 done. best_score=27.0, changed=520, unchanged=533, early_stops=8/8
26 - INFO - chord#: 10 In build_straw_man_chord_sa. tolerance = 1, sa_iterations = 1000, initial_temperature = 3.0, cooling_rate = 0.999
26 - INFO - chord#: 8 done. best_score=27.0, changed=520, unchanged=399, early_stops=8/8
26 - INFO - chord#: 10 In build_straw_man_chord_sa. tolerance = 1, sa_iterations = 1000, initial_temperature = 3.0, cooling_rate = 0.999
26 - INFO - chord#: 8 done. best_score=27.0, changed=518, unchanged=394, early_stops=8/8
26 - INFO - chord#: 10 In build_straw_man_chord_sa. tolerance = 1, sa_iterations = 1000, initial_temperature = 3.0, cooling_rate = 0.999
26 - INFO - chord#: 8 done. best_score=27.0, changed=522, unchanged=487, early_stops=8/8
26 - INFO - chord#: 10 In build_straw_man_chord_sa. tolerance = 1, sa_iterations = 1000, initial_temperature = 3.0, cooling_rate = 0.999
26 - INFO - chord#: 8 done. best_score=27.0, changed=514, unchanged=343, early_stops=8/8
26 - INFO - chord#: 10 In build_straw_man_chord_sa. tolerance = 1, sa_iterations = 1000, initial_temperature = 3.0, cooling_rate = 0.999
26 - INFO - chord#: 8 done. best_score=27.0, changed=522, unchanged=463, early_stops=8/8
26 - INFO - chord#: 10 In build_straw_man_chord_sa. tolerance = 1, sa_iterations = 1000, initial_temperature = 3.0, cooling_rate = 0.999
26 - INFO - chord#: 8 done. best_score=27.0, changed=517, unchanged=364, early_stops=8/8
26 - INFO - chord#: 10 In build_straw_man_chord_sa. tolerance = 1, sa_iterations = 1000, initial_temperature = 3.0, cooling_rate = 0.999
26 - INFO - chord#: 8 done. best_score=27.0, changed=524, unchanged=443, early_stops=8/8
26 - INFO - chord#: 10 In build_straw_man_chord_sa. tolerance = 1, sa_iterations = 1000, initial_temperature = 3.0, cooling_rate = 0.999
26 - INFO - chord#: 8 done. best_score=27.0, changed=529, unchanged=553, early_stops=8/8
26 - INFO - chord#: 10 In build_straw_man_chord_sa. tolerance = 1, sa_iterations = 1000, initial_temperature = 3.0, cooling_rate = 0.999
26 - INFO - chord#: 8 done. best_score=27.0, changed=527, unchanged=429, early_stops=8/8
26 - INFO - chord#: 10 In build_straw_man_chord_sa. tolerance = 1, sa_iterations = 1000, initial_temperature = 3.0, cooling_rate = 0.999
26 - INFO - chord#: 8 done. best_score=27.0, changed=528, unchanged=533, early_stops=8/8
26 - INFO - chord#: 10 In build_straw_man_chord_sa. tolerance = 1, sa_iterations = 1000, initial_temperature = 3.0, cooling_rate = 0.999
26 - INFO - chord#: 10 done. best_score=27.0, changed=522, unchanged=332, early_stops=8/8
26 - INFO - chord#: 12 In build_straw_man_chord_sa. tolerance = 1, sa_iterations = 1000, initial_temperature = 3.0, cooling_rate = 0.999
26 - INFO - chord#: 10 done. best_score=27.0, changed=527, unchanged=334, early_stops=8/8
26 - INFO - chord#: 12 In build_straw_man_chord_sa. tolerance = 1, sa_iterations = 1000, initial_temperature = 3.0, cooling_rate = 0.999
26 - INFO - chord#: 10 done. best_score=27.0, changed=530, unchanged=347, early_stops=8/8
26 - INFO - chord#: 12 In build_straw_man_chord_sa. tolerance = 1, sa_iterations = 1000, initial_temperature = 3.0, cooling_rate = 0.999
26 - INFO - chord#: 10 done. best_score=27.0, changed=518, unchanged=356, early_stops=8/8
26 - INFO - chord#: 12 In build_straw_man_chord_sa. tolerance = 1, sa_iterations = 1000, initial_temperature = 3.0, cooling_rate = 0.999
26 - INFO - chord#: 10 done. best_score=27.0, changed=525, unchanged=324, early_stops=8/8
26 - INFO - chord#: 12 In build_straw_man_chord_sa. tolerance = 1, sa_iterations = 1000, initial_temperature = 3.0, cooling_rate = 0.999
26 - INFO - chord#: 10 done. best_score=27.0, changed=525, unchanged=315, early_stops=8/8
26 - INFO - chord#: 12 In build_straw_man_chord_sa. tolerance = 1, sa_iterations = 1000, initial_temperature = 3.0, cooling_rate = 0.999
26 - INFO - chord#: 10 done. best_score=27.0, changed=527, unchanged=345, early_stops=8/8
26 - INFO - chord#: 12 In build_straw_man_chord_sa. tolerance = 1, sa_iterations = 1000, initial_temperature = 3.0, cooling_rate = 0.999
26 - INFO - chord#: 10 done. best_score=27.0, changed=529, unchanged=350, early_stops=8/8
26 - INFO - chord#: 12 In build_straw_man_chord_sa. tolerance = 1, sa_iterations = 1000, initial_temperature = 3.0, cooling_rate = 0.999
26 - INFO - chord#: 10 done. best_score=27.0, changed=531, unchanged=418, early_stops=8/8
26 - INFO - chord#: 12 In build_straw_man_chord_sa. tolerance = 1, sa_iterations = 1000, initial_temperature = 3.0, cooling_rate = 0.999
26 - INFO - chord#: 10 done. best_score=27.0, changed=528, unchanged=327, early_stops=8/8
26 - INFO - chord#: 12 In build_straw_man_chord_sa. tolerance = 1, sa_iterations = 1000, initial_temperature = 3.0, cooling_rate = 0.999
26 - INFO - chord#: 10 done. best_score=27.0, changed=532, unchanged=344, early_stops=8/8
26 - INFO - chord#: 12 In build_straw_man_chord_sa. tolerance = 1, sa_iterations = 1000, initial_temperature = 3.0, cooling_rate = 0.999
26 - INFO - chord#: 10 done. best_score=27.0, changed=532, unchanged=330, early_stops=8/8
26 - INFO - chord#: 12 In build_straw_man_chord_sa. tolerance = 1, sa_iterations = 1000, initial_temperature = 3.0, cooling_rate = 0.999
26 - INFO - chord#: 12 done. best_score=70.0, changed=609, unchanged=380, early_stops=8/8
26 - INFO - chord#: 14 In build_straw_man_chord_sa. tolerance = 1, sa_iterations = 1000, initial_temperature = 3.0, cooling_rate = 0.999
26 - INFO - chord#: 12 done. best_score=121.0, changed=610, unchanged=280, early_stops=8/8
26 - INFO - chord#: 14 In build_straw_man_chord_sa. tolerance = 1, sa_iterations = 1000, initial_temperature = 3.0, cooling_rate = 0.999
26 - INFO - chord#: 12 done. best_score=104.0, changed=613, unchanged=296, early_stops=8/8
26 - INFO - chord#: 14 In build_straw_man_chord_sa. tolerance = 1, sa_iterations = 1000, initial_temperature = 3.0, cooling_rate = 0.999
26 - INFO - chord#: 14 done. best_score=27.0, changed=538, unchanged=345, early_stops=8/8
26 - INFO - chord#: 16 In build_straw_man_chord_sa. tolerance = 1, sa_iterations = 1000, initial_temperature = 3.0, cooling_rate = 0.999
26 - INFO - chord#: 12 done. best_score=70.0, changed=619, unchanged=489, early_stops=8/8
26 - INFO - chord#: 14 In build_straw_man_chord_sa. tolerance = 1, sa_iterations = 1000, initial_temperature = 3.0, cooling_rate = 0.999
26 - INFO - chord#: 14 done. best_score=27.0, changed=528, unchanged=302, early_stops=8/8
26 - INFO - chord#: 16 In build_straw_man_chord_sa. tolerance = 1, sa_iterations = 1000, initial_temperature = 3.0, cooling_rate = 0.999
26 - INFO - chord#: 12 done. best_score=70.0, changed=606, unchanged=228, early_stops=8/8
26 - INFO - chord#: 14 In build_straw_man_chord_sa. tolerance = 1, sa_iterations = 1000, initial_temperature = 3.0, cooling_rate = 0.999
26 - INFO - chord#: 14 done. best_score=57.0, changed=524, unchanged=352, early_stops=8/8
26 - INFO - chord#: 16 In build_straw_man_chord_sa. tolerance = 1, sa_iterations = 1000, initial_temperature = 3.0, cooling_rate = 0.999
26 - INFO - chord#: 12 done. best_score=121.0, changed=612, unchanged=284, early_stops=8/8
26 - INFO - chord#: 12 done. best_score=70.0, changed=614, unchanged=410, early_stops=8/8
26 - INFO - chord#: 14 In build_straw_man_chord_sa. tolerance = 1, sa_iterations = 1000, initial_temperature = 3.0, cooling_rate = 0.999
26 - INFO - chord#: 14 In build_straw_man_chord_sa. tolerance = 1, sa_iterations = 1000, initial_temperature = 3.0, cooling_rate = 0.999
26 - INFO - chord#: 12 done. best_score=75.0, changed=610, unchanged=279, early_stops=8/8
26 - INFO - chord#: 14 In build_straw_man_chord_sa. tolerance = 1, sa_iterations = 1000, initial_temperature = 3.0, cooling_rate = 0.999
26 - INFO - chord#: 12 done. best_score=70.0, changed=611, unchanged=306, early_stops=8/8
26 - INFO - chord#: 14 In build_straw_man_chord_sa. tolerance = 1, sa_iterations = 1000, initial_temperature = 3.0, cooling_rate = 0.999
26 - INFO - chord#: 12 done. best_score=70.0, changed=609, unchanged=251, early_stops=8/8
26 - INFO - chord#: 14 In build_straw_man_chord_sa. tolerance = 1, sa_iterations = 1000, initial_temperature = 3.0, cooling_rate = 0.999
26 - INFO - chord#: 14 done. best_score=27.0, changed=519, unchanged=322, early_stops=8/8
26 - INFO - chord#: 16 In build_straw_man_chord_sa. tolerance = 1, sa_iterations = 1000, initial_temperature = 3.0, cooling_rate = 0.999
26 - INFO - chord#: 12 done. best_score=70.0, changed=611, unchanged=315, early_stops=8/8
26 - INFO - chord#: 14 In build_straw_man_chord_sa. tolerance = 1, sa_iterations = 1000, initial_temperature = 3.0, cooling_rate = 0.999
26 - INFO - chord#: 12 done. best_score=70.0, changed=616, unchanged=508, early_stops=8/8
26 - INFO - chord#: 14 In build_straw_man_chord_sa. tolerance = 1, sa_iterations = 1000, initial_temperature = 3.0, cooling_rate = 0.999
26 - INFO - chord#: 14 done. best_score=27.0, changed=523, unchanged=309, early_stops=8/8
26 - INFO - chord#: 16 In build_straw_man_chord_sa. tolerance = 1, sa_iterations = 1000, initial_temperature = 3.0, cooling_rate = 0.999
26 - INFO - chord#: 14 done. best_score=27.0, changed=533, unchanged=321, early_stops=8/8
26 - INFO - chord#: 16 In build_straw_man_chord_sa. tolerance = 1, sa_iterations = 1000, initial_temperature = 3.0, cooling_rate = 0.999
26 - INFO - chord#: 14 done. best_score=36.0, changed=533, unchanged=339, early_stops=8/8
26 - INFO - chord#: 16 In build_straw_man_chord_sa. tolerance = 1, sa_iterations = 1000, initial_temperature = 3.0, cooling_rate = 0.999
26 - INFO - chord#: 14 done. best_score=27.0, changed=526, unchanged=347, early_stops=8/8
26 - INFO - chord#: 16 In build_straw_man_chord_sa. tolerance = 1, sa_iterations = 1000, initial_temperature = 3.0, cooling_rate = 0.999
26 - INFO - chord#: 14 done. best_score=27.0, changed=522, unchanged=394, early_stops=8/8
26 - INFO - chord#: 16 In build_straw_man_chord_sa. tolerance = 1, sa_iterations = 1000, initial_temperature = 3.0, cooling_rate = 0.999
26 - INFO - chord#: 14 done. best_score=27.0, changed=533, unchanged=355, early_stops=8/8
26 - INFO - chord#: 16 In build_straw_man_chord_sa. tolerance = 1, sa_iterations = 1000, initial_temperature = 3.0, cooling_rate = 0.999
26 - INFO - chord#: 14 done. best_score=27.0, changed=518, unchanged=337, early_stops=8/8
26 - INFO - chord#: 16 In build_straw_man_chord_sa. tolerance = 1, sa_iterations = 1000, initial_temperature = 3.0, cooling_rate = 0.999
26 - INFO - chord#: 14 done. best_score=27.0, changed=522, unchanged=337, early_stops=8/8
26 - INFO - chord#: 16 In build_straw_man_chord_sa. tolerance = 1, sa_iterations = 1000, initial_temperature = 3.0, cooling_rate = 0.999
26 - INFO - chord#: 16 done. best_score=64.0, changed=610, unchanged=247, early_stops=8/8
26 - INFO - chord#: 20 In build_straw_man_chord_sa. tolerance = 1, sa_iterations = 1000, initial_temperature = 3.0, cooling_rate = 0.999
26 - INFO - chord#: 16 done. best_score=155.0, changed=611, unchanged=248, early_stops=8/8
26 - INFO - chord#: 20 In build_straw_man_chord_sa. tolerance = 1, sa_iterations = 1000, initial_temperature = 3.0, cooling_rate = 0.999
26 - INFO - chord#: 16 done. best_score=71.0, changed=615, unchanged=345, early_stops=8/8
26 - INFO - chord#: 20 In build_straw_man_chord_sa. tolerance = 1, sa_iterations = 1000, initial_temperature = 3.0, cooling_rate = 0.999
26 - INFO - chord#: 20 done. best_score=27.0, changed=525, unchanged=331, early_stops=8/8
26 - INFO - chord#: 22 In build_straw_man_chord_sa. tolerance = 1, sa_iterations = 1000, initial_temperature = 3.0, cooling_rate = 0.999
26 - INFO - chord#: 20 done. best_score=27.0, changed=529, unchanged=415, early_stops=8/8
26 - INFO - chord#: 22 In build_straw_man_chord_sa. tolerance = 1, sa_iterations = 1000, initial_temperature = 3.0, cooling_rate = 0.999
26 - INFO - chord#: 22 done. best_score=9.0, changed=490, unchanged=339, early_stops=8/8
26 - INFO - chord#: 24 In build_straw_man_chord_sa. tolerance = 1, sa_iterations = 1000, initial_temperature = 3.0, cooling_rate = 0.999
26 - INFO - chord#: 16 done. best_score=71.0, changed=611, unchanged=349, early_stops=8/8
26 - INFO - chord#: 20 In build_straw_man_chord_sa. tolerance = 1, sa_iterations = 1000, initial_temperature = 3.0, cooling_rate = 0.999
26 - INFO - chord#: 22 done. best_score=9.0, changed=473, unchanged=351, early_stops=8/8
26 - INFO - chord#: 24 In build_straw_man_chord_sa. tolerance = 1, sa_iterations = 1000, initial_temperature = 3.0, cooling_rate = 0.999
26 - INFO - chord#: 20 done. best_score=27.0, changed=522, unchanged=376, early_stops=8/8
26 - INFO - chord#: 22 In build_straw_man_chord_sa. tolerance = 1, sa_iterations = 1000, initial_temperature = 3.0, cooling_rate = 0.999
26 - INFO - chord#: 16 done. best_score=71.0, changed=611, unchanged=300, early_stops=8/8
26 - INFO - chord#: 20 In build_straw_man_chord_sa. tolerance = 1, sa_iterations = 1000, initial_temperature = 3.0, cooling_rate = 0.999
26 - INFO - chord#: 16 done. best_score=140.0, changed=610, unchanged=255, early_stops=8/8
26 - INFO - chord#: 20 In build_straw_man_chord_sa. tolerance = 1, sa_iterations = 1000, initial_temperature = 3.0, cooling_rate = 0.999
26 - INFO - chord#: 22 done. best_score=9.0, changed=481, unchanged=335, early_stops=8/8
26 - INFO - chord#: 24 In build_straw_man_chord_sa. tolerance = 1, sa_iterations = 1000, initial_temperature = 3.0, cooling_rate = 0.999
26 - INFO - chord#: 24 done. best_score=27.0, changed=522, unchanged=437, early_stops=8/8
26 - INFO - chord#: 28 In build_straw_man_chord_sa. tolerance = 1, sa_iterations = 1000, initial_temperature = 3.0, cooling_rate = 0.999
26 - INFO - chord#: 20 done. best_score=27.0, changed=526, unchanged=381, early_stops=8/8
26 - INFO - chord#: 22 In build_straw_man_chord_sa. tolerance = 1, sa_iterations = 1000, initial_temperature = 3.0, cooling_rate = 0.999
26 - INFO - chord#: 16 done. best_score=104.0, changed=612, unchanged=297, early_stops=8/8
26 - INFO - chord#: 20 In build_straw_man_chord_sa. tolerance = 1, sa_iterations = 1000, initial_temperature = 3.0, cooling_rate = 0.999
26 - INFO - chord#: 24 done. best_score=27.0, changed=531, unchanged=462, early_stops=8/8
26 - INFO - chord#: 28 In build_straw_man_chord_sa. tolerance = 1, sa_iterations = 1000, initial_temperature = 3.0, cooling_rate = 0.999
26 - INFO - chord#: 22 done. best_score=9.0, changed=491, unchanged=339, early_stops=8/8
26 - INFO - chord#: 24 In build_straw_man_chord_sa. tolerance = 1, sa_iterations = 1000, initial_temperature = 3.0, cooling_rate = 0.999
26 - INFO - chord#: 16 done. best_score=64.0, changed=614, unchanged=307, early_stops=8/8
26 - INFO - chord#: 20 In build_straw_man_chord_sa. tolerance = 1, sa_iterations = 1000, initial_temperature = 3.0, cooling_rate = 0.999
26 - INFO - chord#: 16 done. best_score=71.0, changed=618, unchanged=431, early_stops=8/8
26 - INFO - chord#: 20 In build_straw_man_chord_sa. tolerance = 1, sa_iterations = 1000, initial_temperature = 3.0, cooling_rate = 0.999
26 - INFO - chord#: 16 done. best_score=71.0, changed=612, unchanged=295, early_stops=8/8
26 - INFO - chord#: 20 In build_straw_man_chord_sa. tolerance = 1, sa_iterations = 1000, initial_temperature = 3.0, cooling_rate = 0.999
26 - INFO - chord#: 16 done. best_score=64.0, changed=618, unchanged=428, early_stops=8/8
26 - INFO - chord#: 20 In build_straw_man_chord_sa. tolerance = 1, sa_iterations = 1000, initial_temperature = 3.0, cooling_rate = 0.999
26 - INFO - chord#: 20 done. best_score=27.0, changed=528, unchanged=316, early_stops=8/8
26 - INFO - chord#: 22 In build_straw_man_chord_sa. tolerance = 1, sa_iterations = 1000, initial_temperature = 3.0, cooling_rate = 0.999
26 - INFO - chord#: 16 done. best_score=146.0, changed=614, unchanged=371, early_stops=8/8
26 - INFO - chord#: 20 In build_straw_man_chord_sa. tolerance = 1, sa_iterations = 1000, initial_temperature = 3.0, cooling_rate = 0.999
26 - INFO - chord#: 28 done. best_score=27.0, changed=520, unchanged=319, early_stops=8/8
26 - INFO - chord#: 32 In build_straw_man_chord_sa. tolerance = 1, sa_iterations = 1000, initial_temperature = 3.0, cooling_rate = 0.999
26 - INFO - chord#: 20 done. best_score=27.0, changed=517, unchanged=388, early_stops=8/8
26 - INFO - chord#: 22 In build_straw_man_chord_sa. tolerance = 1, sa_iterations = 1000, initial_temperature = 3.0, cooling_rate = 0.999
26 - INFO - chord#: 22 done. best_score=9.0, changed=484, unchanged=341, early_stops=8/8
26 - INFO - chord#: 24 In build_straw_man_chord_sa. tolerance = 1, sa_iterations = 1000, initial_temperature = 3.0, cooling_rate = 0.999
26 - INFO - chord#: 24 done. best_score=27.0, changed=520, unchanged=410, early_stops=8/8
26 - INFO - chord#: 28 In build_straw_man_chord_sa. tolerance = 1, sa_iterations = 1000, initial_temperature = 3.0, cooling_rate = 0.999
26 - INFO - chord#: 28 done. best_score=27.0, changed=519, unchanged=306, early_stops=8/8
26 - INFO - chord#: 32 In build_straw_man_chord_sa. tolerance = 1, sa_iterations = 1000, initial_temperature = 3.0, cooling_rate = 0.999
26 - INFO - chord#: 20 done. best_score=27.0, changed=527, unchanged=369, early_stops=8/8
26 - INFO - chord#: 22 In build_straw_man_chord_sa. tolerance = 1, sa_iterations = 1000, initial_temperature = 3.0, cooling_rate = 0.999
26 - INFO - chord#: 22 done. best_score=9.0, changed=497, unchanged=364, early_stops=8/8
26 - INFO - chord#: 24 In build_straw_man_chord_sa. tolerance = 1, sa_iterations = 1000, initial_temperature = 3.0, cooling_rate = 0.999
26 - INFO - chord#: 20 done. best_score=57.0, changed=520, unchanged=370, early_stops=8/8
26 - INFO - chord#: 22 In build_straw_man_chord_sa. tolerance = 1, sa_iterations = 1000, initial_temperature = 3.0, cooling_rate = 0.999
26 - INFO - chord#: 20 done. best_score=27.0, changed=518, unchanged=307, early_stops=8/8
26 - INFO - chord#: 22 In build_straw_man_chord_sa. tolerance = 1, sa_iterations = 1000, initial_temperature = 3.0, cooling_rate = 0.999
26 - INFO - chord#: 22 done. best_score=9.0, changed=466, unchanged=366, early_stops=8/8
26 - INFO - chord#: 20 done. best_score=27.0, changed=524, unchanged=362, early_stops=8/8
26 - INFO - chord#: 24 In build_straw_man_chord_sa. tolerance = 1, sa_iterations = 1000, initial_temperature = 3.0, cooling_rate = 0.999
26 - INFO - chord#: 22 In build_straw_man_chord_sa. tolerance = 1, sa_iterations = 1000, initial_temperature = 3.0, cooling_rate = 0.999
26 - INFO - chord#: 20 done. best_score=27.0, changed=525, unchanged=367, early_stops=8/8
26 - INFO - chord#: 22 In build_straw_man_chord_sa. tolerance = 1, sa_iterations = 1000, initial_temperature = 3.0, cooling_rate = 0.999
26 - INFO - chord#: 22 done. best_score=9.0, changed=476, unchanged=339, early_stops=8/8
26 - INFO - chord#: 24 In build_straw_man_chord_sa. tolerance = 1, sa_iterations = 1000, initial_temperature = 3.0, cooling_rate = 0.999
26 - INFO - chord#: 22 done. best_score=9.0, changed=478, unchanged=360, early_stops=8/8
26 - INFO - chord#: 24 In build_straw_man_chord_sa. tolerance = 1, sa_iterations = 1000, initial_temperature = 3.0, cooling_rate = 0.999
26 - INFO - chord#: 22 done. best_score=9.0, changed=478, unchanged=343, early_stops=8/8
26 - INFO - chord#: 24 In build_straw_man_chord_sa. tolerance = 1, sa_iterations = 1000, initial_temperature = 3.0, cooling_rate = 0.999
26 - INFO - chord#: 32 done. best_score=27.0, changed=523, unchanged=359, early_stops=8/8
26 - INFO - chord#: 34 In build_straw_man_chord_sa. tolerance = 1, sa_iterations = 1000, initial_temperature = 3.0, cooling_rate = 0.999
26 - INFO - chord#: 24 done. best_score=36.0, changed=520, unchanged=464, early_stops=8/8
26 - INFO - chord#: 28 In build_straw_man_chord_sa. tolerance = 1, sa_iterations = 1000, initial_temperature = 3.0, cooling_rate = 0.999
26 - INFO - chord#: 20 done. best_score=27.0, changed=522, unchanged=362, early_stops=8/8
26 - INFO - chord#: 22 In build_straw_man_chord_sa. tolerance = 1, sa_iterations = 1000, initial_temperature = 3.0, cooling_rate = 0.999
26 - INFO - chord#: 22 done. best_score=9.0, changed=478, unchanged=347, early_stops=8/8
26 - INFO - chord#: 24 In build_straw_man_chord_sa. tolerance = 1, sa_iterations = 1000, initial_temperature = 3.0, cooling_rate = 0.999
26 - INFO - chord#: 24 done. best_score=27.0, changed=518, unchanged=341, early_stops=8/8
26 - INFO - chord#: 28 In build_straw_man_chord_sa. tolerance = 1, sa_iterations = 1000, initial_temperature = 3.0, cooling_rate = 0.999
26 - INFO - chord#: 32 done. best_score=27.0, changed=525, unchanged=341, early_stops=8/8
26 - INFO - chord#: 22 done. best_score=9.0, changed=468, unchanged=364, early_stops=8/8
26 - INFO - chord#: 24 In build_straw_man_chord_sa. tolerance = 1, sa_iterations = 1000, initial_temperature = 3.0, cooling_rate = 0.999
26 - INFO - chord#: 34 In build_straw_man_chord_sa. tolerance = 1, sa_iterations = 1000, initial_temperature = 3.0, cooling_rate = 0.999
26 - INFO - chord#: 28 done. best_score=27.0, changed=524, unchanged=357, early_stops=8/8
26 - INFO - chord#: 32 In build_straw_man_chord_sa. tolerance = 1, sa_iterations = 1000, initial_temperature = 3.0, cooling_rate = 0.999
26 - INFO - chord#: 24 done. best_score=27.0, changed=523, unchanged=414, early_stops=8/8
26 - INFO - chord#: 28 In build_straw_man_chord_sa. tolerance = 1, sa_iterations = 1000, initial_temperature = 3.0, cooling_rate = 0.999
26 - INFO - chord#: 24 done. best_score=27.0, changed=525, unchanged=426, early_stops=8/8
26 - INFO - chord#: 28 In build_straw_man_chord_sa. tolerance = 1, sa_iterations = 1000, initial_temperature = 3.0, cooling_rate = 0.999
26 - INFO - chord#: 24 done. best_score=27.0, changed=516, unchanged=335, early_stops=8/8
26 - INFO - chord#: 28 In build_straw_man_chord_sa. tolerance = 1, sa_iterations = 1000, initial_temperature = 3.0, cooling_rate = 0.999
26 - INFO - chord#: 28 done. best_score=27.0, changed=524, unchanged=295, early_stops=8/8
26 - INFO - chord#: 32 In build_straw_man_chord_sa. tolerance = 1, sa_iterations = 1000, initial_temperature = 3.0, cooling_rate = 0.999
26 - INFO - chord#: 24 done. best_score=27.0, changed=521, unchanged=421, early_stops=8/8
26 - INFO - chord#: 28 In build_straw_man_chord_sa. tolerance = 1, sa_iterations = 1000, initial_temperature = 3.0, cooling_rate = 0.999
26 - INFO - chord#: 24 done. best_score=27.0, changed=520, unchanged=324, early_stops=8/8
26 - INFO - chord#: 28 In build_straw_man_chord_sa. tolerance = 1, sa_iterations = 1000, initial_temperature = 3.0, cooling_rate = 0.999
26 - INFO - chord#: 24 done. best_score=27.0, changed=531, unchanged=418, early_stops=8/8
26 - INFO - chord#: 28 In build_straw_man_chord_sa. tolerance = 1, sa_iterations = 1000, initial_temperature = 3.0, cooling_rate = 0.999
26 - INFO - chord#: 28 done. best_score=27.0, changed=528, unchanged=364, early_stops=8/8
26 - INFO - chord#: 32 In build_straw_man_chord_sa. tolerance = 1, sa_iterations = 1000, initial_temperature = 3.0, cooling_rate = 0.999
26 - INFO - chord#: 24 done. best_score=27.0, changed=520, unchanged=368, early_stops=8/8
26 - INFO - chord#: 28 In build_straw_man_chord_sa. tolerance = 1, sa_iterations = 1000, initial_temperature = 3.0, cooling_rate = 0.999
26 - INFO - chord#: 32 done. best_score=27.0, changed=534, unchanged=365, early_stops=8/8
26 - INFO - chord#: 34 In build_straw_man_chord_sa. tolerance = 1, sa_iterations = 1000, initial_temperature = 3.0, cooling_rate = 0.999
26 - INFO - chord#: 28 done. best_score=27.0, changed=520, unchanged=330, early_stops=8/8
26 - INFO - chord#: 32 In build_straw_man_chord_sa. tolerance = 1, sa_iterations = 1000, initial_temperature = 3.0, cooling_rate = 0.999
26 - INFO - chord#: 28 done. best_score=27.0, changed=527, unchanged=328, early_stops=8/8
26 - INFO - chord#: 32 In build_straw_man_chord_sa. tolerance = 1, sa_iterations = 1000, initial_temperature = 3.0, cooling_rate = 0.999
26 - INFO - chord#: 28 done. best_score=27.0, changed=532, unchanged=458, early_stops=8/8
26 - INFO - chord#: 32 In build_straw_man_chord_sa. tolerance = 1, sa_iterations = 1000, initial_temperature = 3.0, cooling_rate = 0.999
26 - INFO - chord#: 28 done. best_score=27.0, changed=521, unchanged=363, early_stops=8/8
26 - INFO - chord#: 32 In build_straw_man_chord_sa. tolerance = 1, sa_iterations = 1000, initial_temperature = 3.0, cooling_rate = 0.999
26 - INFO - chord#: 34 done. best_score=70.0, changed=611, unchanged=314, early_stops=8/8
26 - INFO - chord#: 36 In build_straw_man_chord_sa. tolerance = 1, sa_iterations = 1000, initial_temperature = 3.0, cooling_rate = 0.999
26 - INFO - chord#: 32 done. best_score=27.0, changed=527, unchanged=376, early_stops=8/8
26 - INFO - chord#: 34 In build_straw_man_chord_sa. tolerance = 1, sa_iterations = 1000, initial_temperature = 3.0, cooling_rate = 0.999
26 - INFO - chord#: 28 done. best_score=27.0, changed=525, unchanged=390, early_stops=8/8
26 - INFO - chord#: 32 In build_straw_man_chord_sa. tolerance = 1, sa_iterations = 1000, initial_temperature = 3.0, cooling_rate = 0.999
26 - INFO - chord#: 28 done. best_score=27.0, changed=530, unchanged=345, early_stops=8/8
26 - INFO - chord#: 32 In build_straw_man_chord_sa. tolerance = 1, sa_iterations = 1000, initial_temperature = 3.0, cooling_rate = 0.999
26 - INFO - chord#: 34 done. best_score=70.0, changed=610, unchanged=264, early_stops=8/8
26 - INFO - chord#: 36 In build_straw_man_chord_sa. tolerance = 1, sa_iterations = 1000, initial_temperature = 3.0, cooling_rate = 0.999
26 - INFO - chord#: 32 done. best_score=27.0, changed=525, unchanged=373, early_stops=8/8
26 - INFO - chord#: 34 In build_straw_man_chord_sa. tolerance = 1, sa_iterations = 1000, initial_temperature = 3.0, cooling_rate = 0.999
26 - INFO - chord#: 32 done. best_score=27.0, changed=516, unchanged=307, early_stops=8/8
26 - INFO - chord#: 34 In build_straw_man_chord_sa. tolerance = 1, sa_iterations = 1000, initial_temperature = 3.0, cooling_rate = 0.999
26 - INFO - chord#: 28 done. best_score=27.0, changed=526, unchanged=332, early_stops=8/8
26 - INFO - chord#: 32 In build_straw_man_chord_sa. tolerance = 1, sa_iterations = 1000, initial_temperature = 3.0, cooling_rate = 0.999
26 - INFO - chord#: 32 done. best_score=27.0, changed=529, unchanged=421, early_stops=8/8
26 - INFO - chord#: 34 In build_straw_man_chord_sa. tolerance = 1, sa_iterations = 1000, initial_temperature = 3.0, cooling_rate = 0.999
26 - INFO - chord#: 32 done. best_score=27.0, changed=519, unchanged=307, early_stops=8/8
26 - INFO - chord#: 34 In build_straw_man_chord_sa. tolerance = 1, sa_iterations = 1000, initial_temperature = 3.0, cooling_rate = 0.999
26 - INFO - chord#: 36 done. best_score=27.0, changed=528, unchanged=380, early_stops=8/8
26 - INFO - chord#: 38 In build_straw_man_chord_sa. tolerance = 1, sa_iterations = 1000, initial_temperature = 3.0, cooling_rate = 0.999
26 - INFO - chord#: 36 done. best_score=27.0, changed=526, unchanged=402, early_stops=8/8
26 - INFO - chord#: 38 In build_straw_man_chord_sa. tolerance = 1, sa_iterations = 1000, initial_temperature = 3.0, cooling_rate = 0.999
26 - INFO - chord#: 32 done. best_score=27.0, changed=523, unchanged=385, early_stops=8/8
26 - INFO - chord#: 34 In build_straw_man_chord_sa. tolerance = 1, sa_iterations = 1000, initial_temperature = 3.0, cooling_rate = 0.999
26 - INFO - chord#: 32 done. best_score=27.0, changed=532, unchanged=336, early_stops=8/8
26 - INFO - chord#: 34 In build_straw_man_chord_sa. tolerance = 1, sa_iterations = 1000, initial_temperature = 3.0, cooling_rate = 0.999
26 - INFO - chord#: 32 done. best_score=27.0, changed=525, unchanged=356, early_stops=8/8
26 - INFO - chord#: 34 In build_straw_man_chord_sa. tolerance = 1, sa_iterations = 1000, initial_temperature = 3.0, cooling_rate = 0.999
26 - INFO - chord#: 32 done. best_score=27.0, changed=524, unchanged=384, early_stops=8/8
26 - INFO - chord#: 34 In build_straw_man_chord_sa. tolerance = 1, sa_iterations = 1000, initial_temperature = 3.0, cooling_rate = 0.999
26 - INFO - chord#: 34 done. best_score=70.0, changed=611, unchanged=305, early_stops=8/8
26 - INFO - chord#: 36 In build_straw_man_chord_sa. tolerance = 1, sa_iterations = 1000, initial_temperature = 3.0, cooling_rate = 0.999
26 - INFO - chord#: 34 done. best_score=70.0, changed=611, unchanged=234, early_stops=8/8
26 - INFO - chord#: 36 In build_straw_man_chord_sa. tolerance = 1, sa_iterations = 1000, initial_temperature = 3.0, cooling_rate = 0.999
26 - INFO - chord#: 34 done. best_score=75.0, changed=613, unchanged=391, early_stops=8/8
26 - INFO - chord#: 36 In build_straw_man_chord_sa. tolerance = 1, sa_iterations = 1000, initial_temperature = 3.0, cooling_rate = 0.999
26 - INFO - chord#: 34 done. best_score=70.0, changed=607, unchanged=232, early_stops=8/8
26 - INFO - chord#: 36 In build_straw_man_chord_sa. tolerance = 1, sa_iterations = 1000, initial_temperature = 3.0, cooling_rate = 0.999
26 - INFO - chord#: 34 done. best_score=70.0, changed=614, unchanged=226, early_stops=8/8
26 - INFO - chord#: 36 In build_straw_man_chord_sa. tolerance = 1, sa_iterations = 1000, initial_temperature = 3.0, cooling_rate = 0.999
26 - INFO - chord#: 36 done. best_score=27.0, changed=529, unchanged=314, early_stops=8/8
26 - INFO - chord#: 38 In build_straw_man_chord_sa. tolerance = 1, sa_iterations = 1000, initial_temperature = 3.0, cooling_rate = 0.999
26 - INFO - chord#: 36 done. best_score=27.0, changed=526, unchanged=363, early_stops=8/8
26 - INFO - chord#: 38 In build_straw_man_chord_sa. tolerance = 1, sa_iterations = 1000, initial_temperature = 3.0, cooling_rate = 0.999
26 - INFO - chord#: 34 done. best_score=70.0, changed=612, unchanged=303, early_stops=8/8
26 - INFO - chord#: 36 In build_straw_man_chord_sa. tolerance = 1, sa_iterations = 1000, initial_temperature = 3.0, cooling_rate = 0.999
26 - INFO - chord#: 36 done. best_score=36.0, changed=536, unchanged=292, early_stops=8/8
26 - INFO - chord#: 38 In build_straw_man_chord_sa. tolerance = 1, sa_iterations = 1000, initial_temperature = 3.0, cooling_rate = 0.999
26 - INFO - chord#: 38 done. best_score=82.0, changed=617, unchanged=378, early_stops=8/8
26 - INFO - chord#: 40 In build_straw_man_chord_sa. tolerance = 1, sa_iterations = 1000, initial_temperature = 3.0, cooling_rate = 0.999
26 - INFO - chord#: 34 done. best_score=70.0, changed=605, unchanged=236, early_stops=8/8
26 - INFO - chord#: 36 In build_straw_man_chord_sa. tolerance = 1, sa_iterations = 1000, initial_temperature = 3.0, cooling_rate = 0.999
26 - INFO - chord#: 36 done. best_score=27.0, changed=531, unchanged=353, early_stops=8/8
26 - INFO - chord#: 38 In build_straw_man_chord_sa. tolerance = 1, sa_iterations = 1000, initial_temperature = 3.0, cooling_rate = 0.999
26 - INFO - chord#: 38 done. best_score=120.0, changed=612, unchanged=415, early_stops=8/8
26 - INFO - chord#: 40 In build_straw_man_chord_sa. tolerance = 1, sa_iterations = 1000, initial_temperature = 3.0, cooling_rate = 0.999
26 - INFO - chord#: 36 done. best_score=27.0, changed=520, unchanged=403, early_stops=8/8
26 - INFO - chord#: 38 In build_straw_man_chord_sa. tolerance = 1, sa_iterations = 1000, initial_temperature = 3.0, cooling_rate = 0.999
26 - INFO - chord#: 34 done. best_score=70.0, changed=615, unchanged=311, early_stops=8/8
26 - INFO - chord#: 36 In build_straw_man_chord_sa. tolerance = 1, sa_iterations = 1000, initial_temperature = 3.0, cooling_rate = 0.999
26 - INFO - chord#: 36 done. best_score=27.0, changed=525, unchanged=315, early_stops=8/8
26 - INFO - chord#: 38 In build_straw_man_chord_sa. tolerance = 1, sa_iterations = 1000, initial_temperature = 3.0, cooling_rate = 0.999
26 - INFO - chord#: 34 done. best_score=70.0, changed=612, unchanged=378, early_stops=8/8
26 - INFO - chord#: 36 In build_straw_man_chord_sa. tolerance = 1, sa_iterations = 1000, initial_temperature = 3.0, cooling_rate = 0.999
26 - INFO - chord#: 40 done. best_score=31.0, changed=520, unchanged=356, early_stops=8/8
26 - INFO - chord#: 42 In build_straw_man_chord_sa. tolerance = 1, sa_iterations = 1000, initial_temperature = 3.0, cooling_rate = 0.999
26 - INFO - chord#: 36 done. best_score=27.0, changed=517, unchanged=312, early_stops=8/8
26 - INFO - chord#: 38 In build_straw_man_chord_sa. tolerance = 1, sa_iterations = 1000, initial_temperature = 3.0, cooling_rate = 0.999
26 - INFO - chord#: 40 done. best_score=31.0, changed=517, unchanged=327, early_stops=8/8
26 - INFO - chord#: 42 In build_straw_man_chord_sa. tolerance = 1, sa_iterations = 1000, initial_temperature = 3.0, cooling_rate = 0.999
26 - INFO - chord#: 34 done. best_score=149.0, changed=612, unchanged=327, early_stops=8/8
26 - INFO - chord#: 36 In build_straw_man_chord_sa. tolerance = 1, sa_iterations = 1000, initial_temperature = 3.0, cooling_rate = 0.999
26 - INFO - chord#: 38 done. best_score=97.0, changed=608, unchanged=220, early_stops=8/8
26 - INFO - chord#: 40 In build_straw_man_chord_sa. tolerance = 1, sa_iterations = 1000, initial_temperature = 3.0, cooling_rate = 0.999
26 - INFO - chord#: 38 done. best_score=82.0, changed=609, unchanged=264, early_stops=8/8
26 - INFO - chord#: 40 In build_straw_man_chord_sa. tolerance = 1, sa_iterations = 1000, initial_temperature = 3.0, cooling_rate = 0.999
26 - INFO - chord#: 36 done. best_score=27.0, changed=522, unchanged=398, early_stops=8/8
26 - INFO - chord#: 38 In build_straw_man_chord_sa. tolerance = 1, sa_iterations = 1000, initial_temperature = 3.0, cooling_rate = 0.999
26 - INFO - chord#: 36 done. best_score=27.0, changed=524, unchanged=313, early_stops=8/8
26 - INFO - chord#: 38 In build_straw_man_chord_sa. tolerance = 1, sa_iterations = 1000, initial_temperature = 3.0, cooling_rate = 0.999
26 - INFO - chord#: 38 done. best_score=119.0, changed=605, unchanged=203, early_stops=8/8
26 - INFO - chord#: 40 In build_straw_man_chord_sa. tolerance = 1, sa_iterations = 1000, initial_temperature = 3.0, cooling_rate = 0.999
26 - INFO - chord#: 40 done. best_score=31.0, changed=519, unchanged=347, early_stops=8/8
26 - INFO - chord#: 42 In build_straw_man_chord_sa. tolerance = 1, sa_iterations = 1000, initial_temperature = 3.0, cooling_rate = 0.999
26 - INFO - chord#: 36 done. best_score=27.0, changed=538, unchanged=317, early_stops=8/8
26 - INFO - chord#: 38 In build_straw_man_chord_sa. tolerance = 1, sa_iterations = 1000, initial_temperature = 3.0, cooling_rate = 0.999
26 - INFO - chord#: 38 done. best_score=82.0, changed=614, unchanged=351, early_stops=8/8
26 - INFO - chord#: 40 In build_straw_man_chord_sa. tolerance = 1, sa_iterations = 1000, initial_temperature = 3.0, cooling_rate = 0.999
26 - INFO - chord#: 40 done. best_score=31.0, changed=530, unchanged=398, early_stops=8/8
26 - INFO - chord#: 42 In build_straw_man_chord_sa. tolerance = 1, sa_iterations = 1000, initial_temperature = 3.0, cooling_rate = 0.999
26 - INFO - chord#: 42 done. best_score=93.0, changed=610, unchanged=229, early_stops=8/8
26 - INFO - chord#: 44 In build_straw_man_chord_sa. tolerance = 1, sa_iterations = 1000, initial_temperature = 3.0, cooling_rate = 0.999
26 - INFO - chord#: 38 done. best_score=82.0, changed=609, unchanged=334, early_stops=8/8
26 - INFO - chord#: 40 In build_straw_man_chord_sa. tolerance = 1, sa_iterations = 1000, initial_temperature = 3.0, cooling_rate = 0.999
26 - INFO - chord#: 40 done. best_score=31.0, changed=564, unchanged=252, early_stops=8/8
26 - INFO - chord#: 42 In build_straw_man_chord_sa. tolerance = 1, sa_iterations = 1000, initial_temperature = 3.0, cooling_rate = 0.999
26 - INFO - chord#: 42 done. best_score=94.0, changed=611, unchanged=215, early_stops=8/8
26 - INFO - chord#: 44 In build_straw_man_chord_sa. tolerance = 1, sa_iterations = 1000, initial_temperature = 3.0, cooling_rate = 0.999
26 - INFO - chord#: 38 done. best_score=82.0, changed=610, unchanged=268, early_stops=8/8
26 - INFO - chord#: 40 In build_straw_man_chord_sa. tolerance = 1, sa_iterations = 1000, initial_temperature = 3.0, cooling_rate = 0.999
26 - INFO - chord#: 40 done. best_score=31.0, changed=523, unchanged=395, early_stops=8/8
26 - INFO - chord#: 42 In build_straw_man_chord_sa. tolerance = 1, sa_iterations = 1000, initial_temperature = 3.0, cooling_rate = 0.999
26 - INFO - chord#: 38 done. best_score=120.0, changed=608, unchanged=219, early_stops=8/8
26 - INFO - chord#: 40 In build_straw_man_chord_sa. tolerance = 1, sa_iterations = 1000, initial_temperature = 3.0, cooling_rate = 0.999
26 - INFO - chord#: 40 done. best_score=31.0, changed=526, unchanged=392, early_stops=8/8
26 - INFO - chord#: 42 In build_straw_man_chord_sa. tolerance = 1, sa_iterations = 1000, initial_temperature = 3.0, cooling_rate = 0.999
26 - INFO - chord#: 44 done. best_score=27.0, changed=523, unchanged=376, early_stops=8/8
26 - INFO - chord#: 46 In build_straw_man_chord_sa. tolerance = 1, sa_iterations = 1000, initial_temperature = 3.0, cooling_rate = 0.999
26 - INFO - chord#: 44 done. best_score=27.0, changed=529, unchanged=347, early_stops=8/8
26 - INFO - chord#: 46 In build_straw_man_chord_sa. tolerance = 1, sa_iterations = 1000, initial_temperature = 3.0, cooling_rate = 0.999
26 - INFO - chord#: 40 done. best_score=31.0, changed=517, unchanged=321, early_stops=8/8
26 - INFO - chord#: 42 In build_straw_man_chord_sa. tolerance = 1, sa_iterations = 1000, initial_temperature = 3.0, cooling_rate = 0.999
26 - INFO - chord#: 40 done. best_score=31.0, changed=522, unchanged=377, early_stops=8/8
26 - INFO - chord#: 42 In build_straw_man_chord_sa. tolerance = 1, sa_iterations = 1000, initial_temperature = 3.0, cooling_rate = 0.999
26 - INFO - chord#: 42 done. best_score=94.0, changed=616, unchanged=403, early_stops=8/8
26 - INFO - chord#: 44 In build_straw_man_chord_sa. tolerance = 1, sa_iterations = 1000, initial_temperature = 3.0, cooling_rate = 0.999
26 - INFO - chord#: 42 done. best_score=148.0, changed=610, unchanged=339, early_stops=8/8
26 - INFO - chord#: 44 In build_straw_man_chord_sa. tolerance = 1, sa_iterations = 1000, initial_temperature = 3.0, cooling_rate = 0.999
26 - INFO - chord#: 46 done. best_score=27.0, changed=533, unchanged=549, early_stops=8/8
26 - INFO - chord#: 48 In build_straw_man_chord_sa. tolerance = 1, sa_iterations = 1000, initial_temperature = 3.0, cooling_rate = 0.999
26 - INFO - chord#: 46 done. best_score=27.0, changed=530, unchanged=446, early_stops=8/8
26 - INFO - chord#: 48 In build_straw_man_chord_sa. tolerance = 1, sa_iterations = 1000, initial_temperature = 3.0, cooling_rate = 0.999
26 - INFO - chord#: 38 done. best_score=120.0, changed=613, unchanged=377, early_stops=8/8
26 - INFO - chord#: 40 In build_straw_man_chord_sa. tolerance = 1, sa_iterations = 1000, initial_temperature = 3.0, cooling_rate = 0.999
26 - INFO - chord#: 38 done. best_score=97.0, changed=612, unchanged=297, early_stops=8/8
26 - INFO - chord#: 40 In build_straw_man_chord_sa. tolerance = 1, sa_iterations = 1000, initial_temperature = 3.0, cooling_rate = 0.999
26 - INFO - chord#: 38 done. best_score=82.0, changed=619, unchanged=466, early_stops=8/8
26 - INFO - chord#: 40 In build_straw_man_chord_sa. tolerance = 1, sa_iterations = 1000, initial_temperature = 3.0, cooling_rate = 0.999
26 - INFO - chord#: 44 done. best_score=27.0, changed=523, unchanged=469, early_stops=8/8
26 - INFO - chord#: 46 In build_straw_man_chord_sa. tolerance = 1, sa_iterations = 1000, initial_temperature = 3.0, cooling_rate = 0.999
26 - INFO - chord#: 42 done. best_score=94.0, changed=614, unchanged=345, early_stops=8/8
26 - INFO - chord#: 44 In build_straw_man_chord_sa. tolerance = 1, sa_iterations = 1000, initial_temperature = 3.0, cooling_rate = 0.999
26 - INFO - chord#: 42 done. best_score=96.0, changed=614, unchanged=426, early_stops=8/8
26 - INFO - chord#: 44 In build_straw_man_chord_sa. tolerance = 1, sa_iterations = 1000, initial_temperature = 3.0, cooling_rate = 0.999
26 - INFO - chord#: 44 done. best_score=27.0, changed=519, unchanged=402, early_stops=8/8
26 - INFO - chord#: 46 In build_straw_man_chord_sa. tolerance = 1, sa_iterations = 1000, initial_temperature = 3.0, cooling_rate = 0.999
26 - INFO - chord#: 40 done. best_score=31.0, changed=520, unchanged=384, early_stops=8/8
26 - INFO - chord#: 42 In build_straw_man_chord_sa. tolerance = 1, sa_iterations = 1000, initial_temperature = 3.0, cooling_rate = 0.999
26 - INFO - chord#: 40 done. best_score=31.0, changed=519, unchanged=386, early_stops=8/8
26 - INFO - chord#: 42 In build_straw_man_chord_sa. tolerance = 1, sa_iterations = 1000, initial_temperature = 3.0, cooling_rate = 0.999
26 - INFO - chord#: 42 done. best_score=93.0, changed=609, unchanged=379, early_stops=8/8
26 - INFO - chord#: 44 In build_straw_man_chord_sa. tolerance = 1, sa_iterations = 1000, initial_temperature = 3.0, cooling_rate = 0.999
26 - INFO - chord#: 40 done. best_score=31.0, changed=520, unchanged=337, early_stops=8/8
26 - INFO - chord#: 42 In build_straw_man_chord_sa. tolerance = 1, sa_iterations = 1000, initial_temperature = 3.0, cooling_rate = 0.999
26 - INFO - chord#: 46 done. best_score=27.0, changed=524, unchanged=331, early_stops=8/8
26 - INFO - chord#: 48 In build_straw_man_chord_sa. tolerance = 1, sa_iterations = 1000, initial_temperature = 3.0, cooling_rate = 0.999
26 - INFO - chord#: 44 done. best_score=27.0, changed=513, unchanged=321, early_stops=8/8
26 - INFO - chord#: 46 In build_straw_man_chord_sa. tolerance = 1, sa_iterations = 1000, initial_temperature = 3.0, cooling_rate = 0.999
26 - INFO - chord#: 42 done. best_score=162.0, changed=615, unchanged=346, early_stops=8/8
26 - INFO - chord#: 44 In build_straw_man_chord_sa. tolerance = 1, sa_iterations = 1000, initial_temperature = 3.0, cooling_rate = 0.999
26 - INFO - chord#: 46 done. best_score=27.0, changed=522, unchanged=382, early_stops=8/8
26 - INFO - chord#: 48 In build_straw_man_chord_sa. tolerance = 1, sa_iterations = 1000, initial_temperature = 3.0, cooling_rate = 0.999
26 - INFO - chord#: 42 done. best_score=96.0, changed=608, unchanged=236, early_stops=8/8
26 - INFO - chord#: 44 In build_straw_man_chord_sa. tolerance = 1, sa_iterations = 1000, initial_temperature = 3.0, cooling_rate = 0.999
26 - INFO - chord#: 44 done. best_score=27.0, changed=526, unchanged=395, early_stops=8/8
26 - INFO - chord#: 46 In build_straw_man_chord_sa. tolerance = 1, sa_iterations = 1000, initial_temperature = 3.0, cooling_rate = 0.999
26 - INFO - chord#: 48 done. best_score=96.0, changed=612, unchanged=267, early_stops=8/8
26 - INFO - chord#: 50 In build_straw_man_chord_sa. tolerance = 1, sa_iterations = 1000, initial_temperature = 3.0, cooling_rate = 0.999
26 - INFO - chord#: 48 done. best_score=74.0, changed=619, unchanged=483, early_stops=8/8
26 - INFO - chord#: 50 In build_straw_man_chord_sa. tolerance = 1, sa_iterations = 1000, initial_temperature = 3.0, cooling_rate = 0.999
26 - INFO - chord#: 44 done. best_score=27.0, changed=523, unchanged=435, early_stops=8/8
26 - INFO - chord#: 46 In build_straw_man_chord_sa. tolerance = 1, sa_iterations = 1000, initial_temperature = 3.0, cooling_rate = 0.999
26 - INFO - chord#: 46 done. best_score=27.0, changed=519, unchanged=347, early_stops=8/8
26 - INFO - chord#: 48 In build_straw_man_chord_sa. tolerance = 1, sa_iterations = 1000, initial_temperature = 3.0, cooling_rate = 0.999
26 - INFO - chord#: 44 done. best_score=27.0, changed=530, unchanged=325, early_stops=8/8
26 - INFO - chord#: 46 In build_straw_man_chord_sa. tolerance = 1, sa_iterations = 1000, initial_temperature = 3.0, cooling_rate = 0.999
26 - INFO - chord#: 50 done. best_score=27.0, changed=524, unchanged=332, early_stops=8/8
26 - INFO - chord#: 51 In build_straw_man_chord_sa. tolerance = 1, sa_iterations = 1000, initial_temperature = 3.0, cooling_rate = 0.999
26 - INFO - chord#: 44 done. best_score=27.0, changed=526, unchanged=477, early_stops=8/8
26 - INFO - chord#: 46 In build_straw_man_chord_sa. tolerance = 1, sa_iterations = 1000, initial_temperature = 3.0, cooling_rate = 0.999
26 - INFO - chord#: 46 done. best_score=27.0, changed=528, unchanged=468, early_stops=8/8
26 - INFO - chord#: 48 In build_straw_man_chord_sa. tolerance = 1, sa_iterations = 1000, initial_temperature = 3.0, cooling_rate = 0.999
26 - INFO - chord#: 42 done. best_score=96.0, changed=608, unchanged=232, early_stops=8/8
26 - INFO - chord#: 44 In build_straw_man_chord_sa. tolerance = 1, sa_iterations = 1000, initial_temperature = 3.0, cooling_rate = 0.999
26 - INFO - chord#: 50 done. best_score=27.0, changed=512, unchanged=340, early_stops=8/8
26 - INFO - chord#: 51 In build_straw_man_chord_sa. tolerance = 1, sa_iterations = 1000, initial_temperature = 3.0, cooling_rate = 0.999
26 - INFO - chord#: 46 done. best_score=27.0, changed=522, unchanged=379, early_stops=8/8
26 - INFO - chord#: 48 In build_straw_man_chord_sa. tolerance = 1, sa_iterations = 1000, initial_temperature = 3.0, cooling_rate = 0.999
26 - INFO - chord#: 48 done. best_score=74.0, changed=614, unchanged=377, early_stops=8/8
26 - INFO - chord#: 50 In build_straw_man_chord_sa. tolerance = 1, sa_iterations = 1000, initial_temperature = 3.0, cooling_rate = 0.999
26 - INFO - chord#: 46 done. best_score=27.0, changed=524, unchanged=453, early_stops=8/8
26 - INFO - chord#: 48 In build_straw_man_chord_sa. tolerance = 1, sa_iterations = 1000, initial_temperature = 3.0, cooling_rate = 0.999
26 - INFO - chord#: 46 done. best_score=27.0, changed=526, unchanged=379, early_stops=8/8
26 - INFO - chord#: 48 In build_straw_man_chord_sa. tolerance = 1, sa_iterations = 1000, initial_temperature = 3.0, cooling_rate = 0.999
26 - INFO - chord#: 42 done. best_score=96.0, changed=613, unchanged=367, early_stops=8/8
26 - INFO - chord#: 44 In build_straw_man_chord_sa. tolerance = 1, sa_iterations = 1000, initial_temperature = 3.0, cooling_rate = 0.999
26 - INFO - chord#: 48 done. best_score=74.0, changed=610, unchanged=314, early_stops=8/8
26 - INFO - chord#: 50 In build_straw_man_chord_sa. tolerance = 1, sa_iterations = 1000, initial_temperature = 3.0, cooling_rate = 0.999
26 - INFO - chord#: 42 done. best_score=129.0, changed=622, unchanged=490, early_stops=8/8
26 - INFO - chord#: 44 In build_straw_man_chord_sa. tolerance = 1, sa_iterations = 1000, initial_temperature = 3.0, cooling_rate = 0.999
26 - INFO - chord#: 44 done. best_score=27.0, changed=525, unchanged=460, early_stops=8/8
26 - INFO - chord#: 46 In build_straw_man_chord_sa. tolerance = 1, sa_iterations = 1000, initial_temperature = 3.0, cooling_rate = 0.999
26 - INFO - chord#: 50 done. best_score=27.0, changed=527, unchanged=383, early_stops=8/8
26 - INFO - chord#: 51 In build_straw_man_chord_sa. tolerance = 1, sa_iterations = 1000, initial_temperature = 3.0, cooling_rate = 0.999
26 - INFO - chord#: 51 done. best_score=64.0, changed=611, unchanged=280, early_stops=8/8
26 - INFO - chord#: 52 In build_straw_man_chord_sa. tolerance = 1, sa_iterations = 1000, initial_temperature = 3.0, cooling_rate = 0.999
26 - INFO - chord#: 48 done. best_score=96.0, changed=613, unchanged=545, early_stops=8/8
26 - INFO - chord#: 50 In build_straw_man_chord_sa. tolerance = 1, sa_iterations = 1000, initial_temperature = 3.0, cooling_rate = 0.999
26 - INFO - chord#: 51 done. best_score=64.0, changed=606, unchanged=210, early_stops=8/8
26 - INFO - chord#: 52 In build_straw_man_chord_sa. tolerance = 1, sa_iterations = 1000, initial_temperature = 3.0, cooling_rate = 0.999
26 - INFO - chord#: 44 done. best_score=27.0, changed=520, unchanged=401, early_stops=8/8
26 - INFO - chord#: 46 In build_straw_man_chord_sa. tolerance = 1, sa_iterations = 1000, initial_temperature = 3.0, cooling_rate = 0.999
26 - INFO - chord#: 48 done. best_score=149.0, changed=612, unchanged=335, early_stops=8/8
26 - INFO - chord#: 50 In build_straw_man_chord_sa. tolerance = 1, sa_iterations = 1000, initial_temperature = 3.0, cooling_rate = 0.999
26 - INFO - chord#: 44 done. best_score=27.0, changed=519, unchanged=392, early_stops=8/8
26 - INFO - chord#: 46 In build_straw_man_chord_sa. tolerance = 1, sa_iterations = 1000, initial_temperature = 3.0, cooling_rate = 0.999
26 - INFO - chord#: 46 done. best_score=27.0, changed=519, unchanged=367, early_stops=8/8
26 - INFO - chord#: 48 In build_straw_man_chord_sa. tolerance = 1, sa_iterations = 1000, initial_temperature = 3.0, cooling_rate = 0.999
26 - INFO - chord#: 50 done. best_score=27.0, changed=522, unchanged=478, early_stops=8/8
26 - INFO - chord#: 51 In build_straw_man_chord_sa. tolerance = 1, sa_iterations = 1000, initial_temperature = 3.0, cooling_rate = 0.999
26 - INFO - chord#: 48 done. best_score=74.0, changed=616, unchanged=445, early_stops=8/8
26 - INFO - chord#: 50 In build_straw_man_chord_sa. tolerance = 1, sa_iterations = 1000, initial_temperature = 3.0, cooling_rate = 0.999
26 - INFO - chord#: 52 done. best_score=27.0, changed=529, unchanged=379, early_stops=8/8
26 - INFO - chord#: 54 In build_straw_man_chord_sa. tolerance = 1, sa_iterations = 1000, initial_temperature = 3.0, cooling_rate = 0.999
26 - INFO - chord#: 50 done. best_score=27.0, changed=536, unchanged=350, early_stops=8/8
26 - INFO - chord#: 51 In build_straw_man_chord_sa. tolerance = 1, sa_iterations = 1000, initial_temperature = 3.0, cooling_rate = 0.999
26 - INFO - chord#: 54 done. best_score=9.0, changed=483, unchanged=339, early_stops=8/8
26 - INFO - chord#: 56 In build_straw_man_chord_sa. tolerance = 1, sa_iterations = 1000, initial_temperature = 3.0, cooling_rate = 0.999
26 - INFO - chord#: 52 done. best_score=27.0, changed=516, unchanged=314, early_stops=8/8
26 - INFO - chord#: 54 In build_straw_man_chord_sa. tolerance = 1, sa_iterations = 1000, initial_temperature = 3.0, cooling_rate = 0.999
26 - INFO - chord#: 54 done. best_score=9.0, changed=485, unchanged=338, early_stops=8/8
26 - INFO - chord#: 56 In build_straw_man_chord_sa. tolerance = 1, sa_iterations = 1000, initial_temperature = 3.0, cooling_rate = 0.999
26 - INFO - chord#: 50 done. best_score=36.0, changed=535, unchanged=372, early_stops=8/8
26 - INFO - chord#: 51 In build_straw_man_chord_sa. tolerance = 1, sa_iterations = 1000, initial_temperature = 3.0, cooling_rate = 0.999
26 - INFO - chord#: 48 done. best_score=96.0, changed=613, unchanged=333, early_stops=8/8
26 - INFO - chord#: 50 In build_straw_man_chord_sa. tolerance = 1, sa_iterations = 1000, initial_temperature = 3.0, cooling_rate = 0.999
26 - INFO - chord#: 46 done. best_score=27.0, changed=526, unchanged=458, early_stops=8/8
26 - INFO - chord#: 48 In build_straw_man_chord_sa. tolerance = 1, sa_iterations = 1000, initial_temperature = 3.0, cooling_rate = 0.999
26 - INFO - chord#: 46 done. best_score=27.0, changed=529, unchanged=470, early_stops=8/8
26 - INFO - chord#: 48 In build_straw_man_chord_sa. tolerance = 1, sa_iterations = 1000, initial_temperature = 3.0, cooling_rate = 0.999
26 - INFO - chord#: 50 done. best_score=27.0, changed=529, unchanged=411, early_stops=8/8
26 - INFO - chord#: 51 In build_straw_man_chord_sa. tolerance = 1, sa_iterations = 1000, initial_temperature = 3.0, cooling_rate = 0.999
26 - INFO - chord#: 48 done. best_score=141.0, changed=617, unchanged=423, early_stops=8/8
26 - INFO - chord#: 50 In build_straw_man_chord_sa. tolerance = 1, sa_iterations = 1000, initial_temperature = 3.0, cooling_rate = 0.999
26 - INFO - chord#: 51 done. best_score=146.0, changed=614, unchanged=340, early_stops=8/8
26 - INFO - chord#: 52 In build_straw_man_chord_sa. tolerance = 1, sa_iterations = 1000, initial_temperature = 3.0, cooling_rate = 0.999
26 - INFO - chord#: 56 done. best_score=27.0, changed=530, unchanged=507, early_stops=8/8
26 - INFO - chord#: 60 In build_straw_man_chord_sa. tolerance = 1, sa_iterations = 1000, initial_temperature = 3.0, cooling_rate = 0.999
26 - INFO - chord#: 56 done. best_score=27.0, changed=524, unchanged=420, early_stops=8/8
26 - INFO - chord#: 60 In build_straw_man_chord_sa. tolerance = 1, sa_iterations = 1000, initial_temperature = 3.0, cooling_rate = 0.999
26 - INFO - chord#: 50 done. best_score=27.0, changed=531, unchanged=364, early_stops=8/8
26 - INFO - chord#: 51 In build_straw_man_chord_sa. tolerance = 1, sa_iterations = 1000, initial_temperature = 3.0, cooling_rate = 0.999
26 - INFO - chord#: 60 done. best_score=27.0, changed=525, unchanged=311, early_stops=8/8
26 - INFO - chord#: 64 In build_straw_man_chord_sa. tolerance = 1, sa_iterations = 1000, initial_temperature = 3.0, cooling_rate = 0.999
26 - INFO - chord#: 52 done. best_score=27.0, changed=528, unchanged=468, early_stops=8/8
26 - INFO - chord#: 54 In build_straw_man_chord_sa. tolerance = 1, sa_iterations = 1000, initial_temperature = 3.0, cooling_rate = 0.999
26 - INFO - chord#: 60 done. best_score=27.0, changed=521, unchanged=313, early_stops=8/8
26 - INFO - chord#: 64 In build_straw_man_chord_sa. tolerance = 1, sa_iterations = 1000, initial_temperature = 3.0, cooling_rate = 0.999
26 - INFO - chord#: 51 done. best_score=104.0, changed=614, unchanged=291, early_stops=8/8
26 - INFO - chord#: 52 In build_straw_man_chord_sa. tolerance = 1, sa_iterations = 1000, initial_temperature = 3.0, cooling_rate = 0.999
26 - INFO - chord#: 50 done. best_score=36.0, changed=531, unchanged=342, early_stops=8/8
26 - INFO - chord#: 51 In build_straw_man_chord_sa. tolerance = 1, sa_iterations = 1000, initial_temperature = 3.0, cooling_rate = 0.999
26 - INFO - chord#: 54 done. best_score=9.0, changed=475, unchanged=337, early_stops=8/8
26 - INFO - chord#: 56 In build_straw_man_chord_sa. tolerance = 1, sa_iterations = 1000, initial_temperature = 3.0, cooling_rate = 0.999
26 - INFO - chord#: 51 done. best_score=64.0, changed=610, unchanged=289, early_stops=8/8
26 - INFO - chord#: 52 In build_straw_man_chord_sa. tolerance = 1, sa_iterations = 1000, initial_temperature = 3.0, cooling_rate = 0.999
26 - INFO - chord#: 48 done. best_score=121.0, changed=618, unchanged=376, early_stops=8/8
26 - INFO - chord#: 50 In build_straw_man_chord_sa. tolerance = 1, sa_iterations = 1000, initial_temperature = 3.0, cooling_rate = 0.999
26 - INFO - chord#: 51 done. best_score=146.0, changed=612, unchanged=341, early_stops=8/8
26 - INFO - chord#: 52 In build_straw_man_chord_sa. tolerance = 1, sa_iterations = 1000, initial_temperature = 3.0, cooling_rate = 0.999
26 - INFO - chord#: 64 done. best_score=27.0, changed=526, unchanged=357, early_stops=8/8
26 - INFO - chord#: 66 In build_straw_man_chord_sa. tolerance = 1, sa_iterations = 1000, initial_temperature = 3.0, cooling_rate = 0.999
26 - INFO - chord#: 64 done. best_score=27.0, changed=529, unchanged=343, early_stops=8/8
26 - INFO - chord#: 66 In build_straw_man_chord_sa. tolerance = 1, sa_iterations = 1000, initial_temperature = 3.0, cooling_rate = 0.999
26 - INFO - chord#: 48 done. best_score=149.0, changed=613, unchanged=310, early_stops=8/8
26 - INFO - chord#: 50 In build_straw_man_chord_sa. tolerance = 1, sa_iterations = 1000, initial_temperature = 3.0, cooling_rate = 0.999
26 - INFO - chord#: 56 done. best_score=27.0, changed=527, unchanged=378, early_stops=8/8
26 - INFO - chord#: 60 In build_straw_man_chord_sa. tolerance = 1, sa_iterations = 1000, initial_temperature = 3.0, cooling_rate = 0.999
26 - INFO - chord#: 52 done. best_score=27.0, changed=529, unchanged=474, early_stops=8/8
26 - INFO - chord#: 54 In build_straw_man_chord_sa. tolerance = 1, sa_iterations = 1000, initial_temperature = 3.0, cooling_rate = 0.999
26 - INFO - chord#: 48 done. best_score=150.0, changed=612, unchanged=318, early_stops=8/8
26 - INFO - chord#: 50 In build_straw_man_chord_sa. tolerance = 1, sa_iterations = 1000, initial_temperature = 3.0, cooling_rate = 0.999
26 - INFO - chord#: 54 done. best_score=9.0, changed=469, unchanged=357, early_stops=8/8
26 - INFO - chord#: 56 In build_straw_man_chord_sa. tolerance = 1, sa_iterations = 1000, initial_temperature = 3.0, cooling_rate = 0.999
26 - INFO - chord#: 52 done. best_score=27.0, changed=522, unchanged=324, early_stops=8/8
26 - INFO - chord#: 54 In build_straw_man_chord_sa. tolerance = 1, sa_iterations = 1000, initial_temperature = 3.0, cooling_rate = 0.999
26 - INFO - chord#: 52 done. best_score=27.0, changed=532, unchanged=400, early_stops=8/8
26 - INFO - chord#: 54 In build_straw_man_chord_sa. tolerance = 1, sa_iterations = 1000, initial_temperature = 3.0, cooling_rate = 0.999
26 - INFO - chord#: 54 done. best_score=9.0, changed=484, unchanged=350, early_stops=8/8
26 - INFO - chord#: 56 In build_straw_man_chord_sa. tolerance = 1, sa_iterations = 1000, initial_temperature = 3.0, cooling_rate = 0.999
26 - INFO - chord#: 54 done. best_score=9.0, changed=496, unchanged=355, early_stops=8/8
26 - INFO - chord#: 56 In build_straw_man_chord_sa. tolerance = 1, sa_iterations = 1000, initial_temperature = 3.0, cooling_rate = 0.999
26 - INFO - chord#: 50 done. best_score=36.0, changed=520, unchanged=340, early_stops=8/8
26 - INFO - chord#: 51 In build_straw_man_chord_sa. tolerance = 1, sa_iterations = 1000, initial_temperature = 3.0, cooling_rate = 0.999
26 - INFO - chord#: 50 done. best_score=27.0, changed=524, unchanged=478, early_stops=8/8
26 - INFO - chord#: 51 In build_straw_man_chord_sa. tolerance = 1, sa_iterations = 1000, initial_temperature = 3.0, cooling_rate = 0.999
26 - INFO - chord#: 60 done. best_score=27.0, changed=525, unchanged=374, early_stops=8/8
26 - INFO - chord#: 64 In build_straw_man_chord_sa. tolerance = 1, sa_iterations = 1000, initial_temperature = 3.0, cooling_rate = 0.999
26 - INFO - chord#: 56 done. best_score=27.0, changed=528, unchanged=377, early_stops=8/8
26 - INFO - chord#: 60 In build_straw_man_chord_sa. tolerance = 1, sa_iterations = 1000, initial_temperature = 3.0, cooling_rate = 0.999
26 - INFO - chord#: 66 done. best_score=198.0, changed=605, unchanged=214, early_stops=8/8
26 - INFO - chord#: 68 In build_straw_man_chord_sa. tolerance = 1, sa_iterations = 1000, initial_temperature = 3.0, cooling_rate = 0.999
26 - INFO - chord#: 51 done. best_score=64.0, changed=622, unchanged=542, early_stops=8/8
26 - INFO - chord#: 52 In build_straw_man_chord_sa. tolerance = 1, sa_iterations = 1000, initial_temperature = 3.0, cooling_rate = 0.999
26 - INFO - chord#: 50 done. best_score=27.0, changed=540, unchanged=422, early_stops=8/8
26 - INFO - chord#: 51 In build_straw_man_chord_sa. tolerance = 1, sa_iterations = 1000, initial_temperature = 3.0, cooling_rate = 0.999
26 - INFO - chord#: 56 done. best_score=27.0, changed=530, unchanged=458, early_stops=8/8
26 - INFO - chord#: 60 In build_straw_man_chord_sa. tolerance = 1, sa_iterations = 1000, initial_temperature = 3.0, cooling_rate = 0.999
26 - INFO - chord#: 66 done. best_score=93.0, changed=610, unchanged=306, early_stops=8/8
26 - INFO - chord#: 68 In build_straw_man_chord_sa. tolerance = 1, sa_iterations = 1000, initial_temperature = 3.0, cooling_rate = 0.999
26 - INFO - chord#: 64 done. best_score=27.0, changed=520, unchanged=324, early_stops=8/8
26 - INFO - chord#: 66 In build_straw_man_chord_sa. tolerance = 1, sa_iterations = 1000, initial_temperature = 3.0, cooling_rate = 0.999
26 - INFO - chord#: 51 done. best_score=71.0, changed=616, unchanged=318, early_stops=8/8
26 - INFO - chord#: 52 In build_straw_man_chord_sa. tolerance = 1, sa_iterations = 1000, initial_temperature = 3.0, cooling_rate = 0.999
26 - INFO - chord#: 51 done. best_score=64.0, changed=612, unchanged=448, early_stops=8/8
26 - INFO - chord#: 52 In build_straw_man_chord_sa. tolerance = 1, sa_iterations = 1000, initial_temperature = 3.0, cooling_rate = 0.999
26 - INFO - chord#: 56 done. best_score=27.0, changed=518, unchanged=403, early_stops=8/8
26 - INFO - chord#: 60 In build_straw_man_chord_sa. tolerance = 1, sa_iterations = 1000, initial_temperature = 3.0, cooling_rate = 0.999
26 - INFO - chord#: 60 done. best_score=27.0, changed=522, unchanged=366, early_stops=8/8
26 - INFO - chord#: 64 In build_straw_man_chord_sa. tolerance = 1, sa_iterations = 1000, initial_temperature = 3.0, cooling_rate = 0.999
26 - INFO - chord#: 68 done. best_score=27.0, changed=520, unchanged=447, early_stops=8/8
26 - INFO - chord#: 70 In build_straw_man_chord_sa. tolerance = 1, sa_iterations = 1000, initial_temperature = 3.0, cooling_rate = 0.999
26 - INFO - chord#: 60 done. best_score=27.0, changed=533, unchanged=332, early_stops=8/8
26 - INFO - chord#: 64 In build_straw_man_chord_sa. tolerance = 1, sa_iterations = 1000, initial_temperature = 3.0, cooling_rate = 0.999
26 - INFO - chord#: 68 done. best_score=27.0, changed=527, unchanged=370, early_stops=8/8
26 - INFO - chord#: 70 In build_straw_man_chord_sa. tolerance = 1, sa_iterations = 1000, initial_temperature = 3.0, cooling_rate = 0.999
26 - INFO - chord#: 52 done. best_score=27.0, changed=524, unchanged=422, early_stops=8/8
26 - INFO - chord#: 54 In build_straw_man_chord_sa. tolerance = 1, sa_iterations = 1000, initial_temperature = 3.0, cooling_rate = 0.999
26 - INFO - chord#: 52 done. best_score=27.0, changed=536, unchanged=418, early_stops=8/8
26 - INFO - chord#: 54 In build_straw_man_chord_sa. tolerance = 1, sa_iterations = 1000, initial_temperature = 3.0, cooling_rate = 0.999
26 - INFO - chord#: 52 done. best_score=27.0, changed=528, unchanged=326, early_stops=8/8
26 - INFO - chord#: 54 In build_straw_man_chord_sa. tolerance = 1, sa_iterations = 1000, initial_temperature = 3.0, cooling_rate = 0.999
26 - INFO - chord#: 64 done. best_score=27.0, changed=524, unchanged=304, early_stops=8/8
26 - INFO - chord#: 66 In build_straw_man_chord_sa. tolerance = 1, sa_iterations = 1000, initial_temperature = 3.0, cooling_rate = 0.999
26 - INFO - chord#: 60 done. best_score=27.0, changed=526, unchanged=312, early_stops=8/8
26 - INFO - chord#: 54 done. best_score=9.0, changed=480, unchanged=343, early_stops=8/8
26 - INFO - chord#: 64 In build_straw_man_chord_sa. tolerance = 1, sa_iterations = 1000, initial_temperature = 3.0, cooling_rate = 0.999
26 - INFO - chord#: 56 In build_straw_man_chord_sa. tolerance = 1, sa_iterations = 1000, initial_temperature = 3.0, cooling_rate = 0.999
26 - INFO - chord#: 54 done. best_score=9.0, changed=477, unchanged=342, early_stops=8/8
26 - INFO - chord#: 56 In build_straw_man_chord_sa. tolerance = 1, sa_iterations = 1000, initial_temperature = 3.0, cooling_rate = 0.999
26 - INFO - chord#: 51 done. best_score=64.0, changed=612, unchanged=392, early_stops=8/8
26 - INFO - chord#: 52 In build_straw_man_chord_sa. tolerance = 1, sa_iterations = 1000, initial_temperature = 3.0, cooling_rate = 0.999
26 - INFO - chord#: 54 done. best_score=9.0, changed=461, unchanged=366, early_stops=8/8
26 - INFO - chord#: 56 In build_straw_man_chord_sa. tolerance = 1, sa_iterations = 1000, initial_temperature = 3.0, cooling_rate = 0.999
26 - INFO - chord#: 70 done. best_score=27.0, changed=525, unchanged=330, early_stops=8/8
26 - INFO - chord#: 72 In build_straw_man_chord_sa. tolerance = 1, sa_iterations = 1000, initial_temperature = 3.0, cooling_rate = 0.999
26 - INFO - chord#: 51 done. best_score=64.0, changed=604, unchanged=211, early_stops=8/8
26 - INFO - chord#: 52 In build_straw_man_chord_sa. tolerance = 1, sa_iterations = 1000, initial_temperature = 3.0, cooling_rate = 0.999
26 - INFO - chord#: 64 done. best_score=27.0, changed=518, unchanged=378, early_stops=8/8
26 - INFO - chord#: 66 In build_straw_man_chord_sa. tolerance = 1, sa_iterations = 1000, initial_temperature = 3.0, cooling_rate = 0.999
26 - INFO - chord#: 70 done. best_score=27.0, changed=535, unchanged=421, early_stops=8/8
26 - INFO - chord#: 72 In build_straw_man_chord_sa. tolerance = 1, sa_iterations = 1000, initial_temperature = 3.0, cooling_rate = 0.999
26 - INFO - chord#: 66 done. best_score=93.0, changed=617, unchanged=294, early_stops=8/8
26 - INFO - chord#: 68 In build_straw_man_chord_sa. tolerance = 1, sa_iterations = 1000, initial_temperature = 3.0, cooling_rate = 0.999
26 - INFO - chord#: 64 done. best_score=27.0, changed=522, unchanged=315, early_stops=8/8
26 - INFO - chord#: 66 In build_straw_man_chord_sa. tolerance = 1, sa_iterations = 1000, initial_temperature = 3.0, cooling_rate = 0.999
26 - INFO - chord#: 52 done. best_score=27.0, changed=526, unchanged=442, early_stops=8/8
26 - INFO - chord#: 54 In build_straw_man_chord_sa. tolerance = 1, sa_iterations = 1000, initial_temperature = 3.0, cooling_rate = 0.999
26 - INFO - chord#: 72 done. best_score=27.0, changed=526, unchanged=356, early_stops=8/8
26 - INFO - chord#: 74 In build_straw_man_chord_sa. tolerance = 1, sa_iterations = 1000, initial_temperature = 3.0, cooling_rate = 0.999
26 - INFO - chord#: 56 done. best_score=27.0, changed=530, unchanged=513, early_stops=8/8
26 - INFO - chord#: 60 In build_straw_man_chord_sa. tolerance = 1, sa_iterations = 1000, initial_temperature = 3.0, cooling_rate = 0.999
26 - INFO - chord#: 54 done. best_score=9.0, changed=470, unchanged=350, early_stops=8/8
26 - INFO - chord#: 56 In build_straw_man_chord_sa. tolerance = 1, sa_iterations = 1000, initial_temperature = 3.0, cooling_rate = 0.999
26 - INFO - chord#: 72 done. best_score=27.0, changed=519, unchanged=360, early_stops=8/8
26 - INFO - chord#: 74 In build_straw_man_chord_sa. tolerance = 1, sa_iterations = 1000, initial_temperature = 3.0, cooling_rate = 0.999
26 - INFO - chord#: 52 done. best_score=27.0, changed=535, unchanged=430, early_stops=8/8
26 - INFO - chord#: 54 In build_straw_man_chord_sa. tolerance = 1, sa_iterations = 1000, initial_temperature = 3.0, cooling_rate = 0.999
26 - INFO - chord#: 56 done. best_score=27.0, changed=522, unchanged=491, early_stops=8/8
26 - INFO - chord#: 60 In build_straw_man_chord_sa. tolerance = 1, sa_iterations = 1000, initial_temperature = 3.0, cooling_rate = 0.999
26 - INFO - chord#: 56 done. best_score=27.0, changed=528, unchanged=487, early_stops=8/8
26 - INFO - chord#: 60 In build_straw_man_chord_sa. tolerance = 1, sa_iterations = 1000, initial_temperature = 3.0, cooling_rate = 0.999
26 - INFO - chord#: 68 done. best_score=27.0, changed=524, unchanged=406, early_stops=8/8
26 - INFO - chord#: 70 In build_straw_man_chord_sa. tolerance = 1, sa_iterations = 1000, initial_temperature = 3.0, cooling_rate = 0.999
26 - INFO - chord#: 54 done. best_score=9.0, changed=467, unchanged=356, early_stops=8/8
26 - INFO - chord#: 56 In build_straw_man_chord_sa. tolerance = 1, sa_iterations = 1000, initial_temperature = 3.0, cooling_rate = 0.999
26 - INFO - chord#: 51 done. best_score=64.0, changed=621, unchanged=501, early_stops=8/8
26 - INFO - chord#: 52 In build_straw_man_chord_sa. tolerance = 1, sa_iterations = 1000, initial_temperature = 3.0, cooling_rate = 0.999
26 - INFO - chord#: 74 done. best_score=31.0, changed=533, unchanged=415, early_stops=8/8
26 - INFO - chord#: 76 In build_straw_man_chord_sa. tolerance = 1, sa_iterations = 1000, initial_temperature = 3.0, cooling_rate = 0.999
26 - INFO - chord#: 66 done. best_score=105.0, changed=610, unchanged=345, early_stops=8/8
26 - INFO - chord#: 68 In build_straw_man_chord_sa. tolerance = 1, sa_iterations = 1000, initial_temperature = 3.0, cooling_rate = 0.999
26 - INFO - chord#: 74 done. best_score=31.0, changed=526, unchanged=373, early_stops=8/8
26 - INFO - chord#: 76 In build_straw_man_chord_sa. tolerance = 1, sa_iterations = 1000, initial_temperature = 3.0, cooling_rate = 0.999
26 - INFO - chord#: 56 done. best_score=27.0, changed=523, unchanged=355, early_stops=8/8
26 - INFO - chord#: 60 In build_straw_man_chord_sa. tolerance = 1, sa_iterations = 1000, initial_temperature = 3.0, cooling_rate = 0.999
26 - INFO - chord#: 66 done. best_score=96.0, changed=618, unchanged=318, early_stops=8/8
26 - INFO - chord#: 68 In build_straw_man_chord_sa. tolerance = 1, sa_iterations = 1000, initial_temperature = 3.0, cooling_rate = 0.999
26 - INFO - chord#: 60 done. best_score=27.0, changed=537, unchanged=419, early_stops=8/8
26 - INFO - chord#: 64 In build_straw_man_chord_sa. tolerance = 1, sa_iterations = 1000, initial_temperature = 3.0, cooling_rate = 0.999
26 - INFO - chord#: 60 done. best_score=27.0, changed=526, unchanged=330, early_stops=8/8
26 - INFO - chord#: 64 In build_straw_man_chord_sa. tolerance = 1, sa_iterations = 1000, initial_temperature = 3.0, cooling_rate = 0.999
26 - INFO - chord#: 70 done. best_score=27.0, changed=533, unchanged=419, early_stops=8/8
26 - INFO - chord#: 72 In build_straw_man_chord_sa. tolerance = 1, sa_iterations = 1000, initial_temperature = 3.0, cooling_rate = 0.999
26 - INFO - chord#: 60 done. best_score=27.0, changed=524, unchanged=356, early_stops=8/8
26 - INFO - chord#: 64 In build_straw_man_chord_sa. tolerance = 1, sa_iterations = 1000, initial_temperature = 3.0, cooling_rate = 0.999
26 - INFO - chord#: 76 done. best_score=31.0, changed=524, unchanged=349, early_stops=8/8
26 - INFO - chord#: 78 In build_straw_man_chord_sa. tolerance = 1, sa_iterations = 1000, initial_temperature = 3.0, cooling_rate = 0.999
26 - INFO - chord#: 56 done. best_score=27.0, changed=520, unchanged=332, early_stops=8/8
26 - INFO - chord#: 60 In build_straw_man_chord_sa. tolerance = 1, sa_iterations = 1000, initial_temperature = 3.0, cooling_rate = 0.999
26 - INFO - chord#: 68 done. best_score=27.0, changed=521, unchanged=312, early_stops=8/8
26 - INFO - chord#: 70 In build_straw_man_chord_sa. tolerance = 1, sa_iterations = 1000, initial_temperature = 3.0, cooling_rate = 0.999
26 - INFO - chord#: 52 done. best_score=27.0, changed=540, unchanged=466, early_stops=8/8
26 - INFO - chord#: 54 In build_straw_man_chord_sa. tolerance = 1, sa_iterations = 1000, initial_temperature = 3.0, cooling_rate = 0.999
26 - INFO - chord#: 76 done. best_score=31.0, changed=537, unchanged=440, early_stops=8/8
26 - INFO - chord#: 78 In build_straw_man_chord_sa. tolerance = 1, sa_iterations = 1000, initial_temperature = 3.0, cooling_rate = 0.999
26 - INFO - chord#: 68 done. best_score=27.0, changed=521, unchanged=344, early_stops=8/8
26 - INFO - chord#: 70 In build_straw_man_chord_sa. tolerance = 1, sa_iterations = 1000, initial_temperature = 3.0, cooling_rate = 0.999
26 - INFO - chord#: 60 done. best_score=27.0, changed=536, unchanged=471, early_stops=8/8
26 - INFO - chord#: 64 In build_straw_man_chord_sa. tolerance = 1, sa_iterations = 1000, initial_temperature = 3.0, cooling_rate = 0.999
26 - INFO - chord#: 72 done. best_score=27.0, changed=519, unchanged=310, early_stops=8/8
26 - INFO - chord#: 74 In build_straw_man_chord_sa. tolerance = 1, sa_iterations = 1000, initial_temperature = 3.0, cooling_rate = 0.999
26 - INFO - chord#: 54 done. best_score=9.0, changed=481, unchanged=341, early_stops=8/8
26 - INFO - chord#: 56 In build_straw_man_chord_sa. tolerance = 1, sa_iterations = 1000, initial_temperature = 3.0, cooling_rate = 0.999
26 - INFO - chord#: 64 done. best_score=27.0, changed=526, unchanged=348, early_stops=8/8
26 - INFO - chord#: 66 In build_straw_man_chord_sa. tolerance = 1, sa_iterations = 1000, initial_temperature = 3.0, cooling_rate = 0.999
26 - INFO - chord#: 66 done. best_score=93.0, changed=610, unchanged=352, early_stops=8/8
26 - INFO - chord#: 68 In build_straw_man_chord_sa. tolerance = 1, sa_iterations = 1000, initial_temperature = 3.0, cooling_rate = 0.999
26 - INFO - chord#: 64 done. best_score=27.0, changed=522, unchanged=345, early_stops=8/8
26 - INFO - chord#: 66 In build_straw_man_chord_sa. tolerance = 1, sa_iterations = 1000, initial_temperature = 3.0, cooling_rate = 0.999
26 - INFO - chord#: 64 done. best_score=27.0, changed=530, unchanged=350, early_stops=8/8
26 - INFO - chord#: 66 In build_straw_man_chord_sa. tolerance = 1, sa_iterations = 1000, initial_temperature = 3.0, cooling_rate = 0.999
26 - INFO - chord#: 70 done. best_score=27.0, changed=527, unchanged=353, early_stops=8/8
26 - INFO - chord#: 72 In build_straw_man_chord_sa. tolerance = 1, sa_iterations = 1000, initial_temperature = 3.0, cooling_rate = 0.999
26 - INFO - chord#: 78 done. best_score=27.0, changed=523, unchanged=343, early_stops=8/8
26 - INFO - chord#: 80 In build_straw_man_chord_sa. tolerance = 1, sa_iterations = 1000, initial_temperature = 3.0, cooling_rate = 0.999
26 - INFO - chord#: 60 done. best_score=27.0, changed=524, unchanged=362, early_stops=8/8
26 - INFO - chord#: 64 In build_straw_man_chord_sa. tolerance = 1, sa_iterations = 1000, initial_temperature = 3.0, cooling_rate = 0.999
26 - INFO - chord#: 78 done. best_score=27.0, changed=527, unchanged=426, early_stops=8/8
26 - INFO - chord#: 80 In build_straw_man_chord_sa. tolerance = 1, sa_iterations = 1000, initial_temperature = 3.0, cooling_rate = 0.999
26 - INFO - chord#: 70 done. best_score=27.0, changed=527, unchanged=338, early_stops=8/8
26 - INFO - chord#: 72 In build_straw_man_chord_sa. tolerance = 1, sa_iterations = 1000, initial_temperature = 3.0, cooling_rate = 0.999
26 - INFO - chord#: 74 done. best_score=31.0, changed=529, unchanged=310, early_stops=8/8
26 - INFO - chord#: 76 In build_straw_man_chord_sa. tolerance = 1, sa_iterations = 1000, initial_temperature = 3.0, cooling_rate = 0.999
26 - INFO - chord#: 64 done. best_score=27.0, changed=523, unchanged=338, early_stops=8/8
26 - INFO - chord#: 66 In build_straw_man_chord_sa. tolerance = 1, sa_iterations = 1000, initial_temperature = 3.0, cooling_rate = 0.999
26 - INFO - chord#: 68 done. best_score=27.0, changed=528, unchanged=449, early_stops=8/8
26 - INFO - chord#: 70 In build_straw_man_chord_sa. tolerance = 1, sa_iterations = 1000, initial_temperature = 3.0, cooling_rate = 0.999
26 - INFO - chord#: 56 done. best_score=27.0, changed=515, unchanged=343, early_stops=8/8
26 - INFO - chord#: 60 In build_straw_man_chord_sa. tolerance = 1, sa_iterations = 1000, initial_temperature = 3.0, cooling_rate = 0.999
26 - INFO - chord#: 72 done. best_score=27.0, changed=531, unchanged=435, early_stops=8/8
26 - INFO - chord#: 74 In build_straw_man_chord_sa. tolerance = 1, sa_iterations = 1000, initial_temperature = 3.0, cooling_rate = 0.999
26 - INFO - chord#: 80 done. best_score=31.0, changed=537, unchanged=390, early_stops=8/8
26 - INFO - chord#: 82 In build_straw_man_chord_sa. tolerance = 1, sa_iterations = 1000, initial_temperature = 3.0, cooling_rate = 0.999
26 - INFO - chord#: 76 done. best_score=31.0, changed=531, unchanged=294, early_stops=8/8
26 - INFO - chord#: 80 done. best_score=31.0, changed=517, unchanged=329, early_stops=8/8
26 - INFO - chord#: 78 In build_straw_man_chord_sa. tolerance = 1, sa_iterations = 1000, initial_temperature = 3.0, cooling_rate = 0.999
26 - INFO - chord#: 82 In build_straw_man_chord_sa. tolerance = 1, sa_iterations = 1000, initial_temperature = 3.0, cooling_rate = 0.999
26 - INFO - chord#: 72 done. best_score=27.0, changed=517, unchanged=374, early_stops=8/8
26 - INFO - chord#: 74 In build_straw_man_chord_sa. tolerance = 1, sa_iterations = 1000, initial_temperature = 3.0, cooling_rate = 0.999
26 - INFO - chord#: 64 done. best_score=27.0, changed=521, unchanged=331, early_stops=8/8
26 - INFO - chord#: 66 In build_straw_man_chord_sa. tolerance = 1, sa_iterations = 1000, initial_temperature = 3.0, cooling_rate = 0.999
26 - INFO - chord#: 70 done. best_score=27.0, changed=517, unchanged=340, early_stops=8/8
26 - INFO - chord#: 72 In build_straw_man_chord_sa. tolerance = 1, sa_iterations = 1000, initial_temperature = 3.0, cooling_rate = 0.999
26 - INFO - chord#: 74 done. best_score=31.0, changed=530, unchanged=344, early_stops=8/8
26 - INFO - chord#: 76 In build_straw_man_chord_sa. tolerance = 1, sa_iterations = 1000, initial_temperature = 3.0, cooling_rate = 0.999
26 - INFO - chord#: 60 done. best_score=27.0, changed=525, unchanged=307, early_stops=8/8
26 - INFO - chord#: 64 In build_straw_man_chord_sa. tolerance = 1, sa_iterations = 1000, initial_temperature = 3.0, cooling_rate = 0.999
26 - INFO - chord#: 82 done. best_score=31.0, changed=523, unchanged=482, early_stops=8/8
26 - INFO - chord#: 84 In build_straw_man_chord_sa. tolerance = 1, sa_iterations = 1000, initial_temperature = 3.0, cooling_rate = 0.999
26 - INFO - chord#: 82 done. best_score=31.0, changed=512, unchanged=411, early_stops=8/8
26 - INFO - chord#: 84 In build_straw_man_chord_sa. tolerance = 1, sa_iterations = 1000, initial_temperature = 3.0, cooling_rate = 0.999
26 - INFO - chord#: 78 done. best_score=27.0, changed=524, unchanged=420, early_stops=8/8
26 - INFO - chord#: 80 In build_straw_man_chord_sa. tolerance = 1, sa_iterations = 1000, initial_temperature = 3.0, cooling_rate = 0.999
26 - INFO - chord#: 74 done. best_score=31.0, changed=531, unchanged=344, early_stops=8/8
26 - INFO - chord#: 76 In build_straw_man_chord_sa. tolerance = 1, sa_iterations = 1000, initial_temperature = 3.0, cooling_rate = 0.999
26 - INFO - chord#: 72 done. best_score=27.0, changed=528, unchanged=346, early_stops=8/8
26 - INFO - chord#: 74 In build_straw_man_chord_sa. tolerance = 1, sa_iterations = 1000, initial_temperature = 3.0, cooling_rate = 0.999
26 - INFO - chord#: 66 done. best_score=93.0, changed=613, unchanged=376, early_stops=8/8
26 - INFO - chord#: 68 In build_straw_man_chord_sa. tolerance = 1, sa_iterations = 1000, initial_temperature = 3.0, cooling_rate = 0.999
26 - INFO - chord#: 66 done. best_score=93.0, changed=611, unchanged=371, early_stops=8/8
26 - INFO - chord#: 68 In build_straw_man_chord_sa. tolerance = 1, sa_iterations = 1000, initial_temperature = 3.0, cooling_rate = 0.999
26 - INFO - chord#: 76 done. best_score=31.0, changed=532, unchanged=348, early_stops=8/8
26 - INFO - chord#: 78 In build_straw_man_chord_sa. tolerance = 1, sa_iterations = 1000, initial_temperature = 3.0, cooling_rate = 0.999
26 - INFO - chord#: 66 done. best_score=93.0, changed=617, unchanged=468, early_stops=8/8
26 - INFO - chord#: 68 In build_straw_man_chord_sa. tolerance = 1, sa_iterations = 1000, initial_temperature = 3.0, cooling_rate = 0.999
26 - INFO - chord#: 76 done. best_score=31.0, changed=535, unchanged=306, early_stops=8/8
26 - INFO - chord#: 78 In build_straw_man_chord_sa. tolerance = 1, sa_iterations = 1000, initial_temperature = 3.0, cooling_rate = 0.999
26 - INFO - chord#: 64 done. best_score=27.0, changed=519, unchanged=315, early_stops=8/8
26 - INFO - chord#: 66 In build_straw_man_chord_sa. tolerance = 1, sa_iterations = 1000, initial_temperature = 3.0, cooling_rate = 0.999
26 - INFO - chord#: 80 done. best_score=31.0, changed=528, unchanged=354, early_stops=8/8
26 - INFO - chord#: 82 In build_straw_man_chord_sa. tolerance = 1, sa_iterations = 1000, initial_temperature = 3.0, cooling_rate = 0.999
26 - INFO - chord#: 84 done. best_score=27.0, changed=528, unchanged=442, early_stops=8/8
26 - INFO - chord#: 86 In build_straw_man_chord_sa. tolerance = 1, sa_iterations = 1000, initial_temperature = 3.0, cooling_rate = 0.999
26 - INFO - chord#: 84 done. best_score=27.0, changed=525, unchanged=514, early_stops=8/8
26 - INFO - chord#: 86 In build_straw_man_chord_sa. tolerance = 1, sa_iterations = 1000, initial_temperature = 3.0, cooling_rate = 0.999
26 - INFO - chord#: 74 done. best_score=31.0, changed=535, unchanged=375, early_stops=8/8
26 - INFO - chord#: 76 In build_straw_man_chord_sa. tolerance = 1, sa_iterations = 1000, initial_temperature = 3.0, cooling_rate = 0.999
26 - INFO - chord#: 78 done. best_score=27.0, changed=517, unchanged=343, early_stops=8/8
26 - INFO - chord#: 80 In build_straw_man_chord_sa. tolerance = 1, sa_iterations = 1000, initial_temperature = 3.0, cooling_rate = 0.999
26 - INFO - chord#: 66 done. best_score=93.0, changed=617, unchanged=437, early_stops=8/8
26 - INFO - chord#: 68 In build_straw_man_chord_sa. tolerance = 1, sa_iterations = 1000, initial_temperature = 3.0, cooling_rate = 0.999
26 - INFO - chord#: 68 done. best_score=27.0, changed=522, unchanged=355, early_stops=8/8
26 - INFO - chord#: 70 In build_straw_man_chord_sa. tolerance = 1, sa_iterations = 1000, initial_temperature = 3.0, cooling_rate = 0.999
26 - INFO - chord#: 68 done. best_score=27.0, changed=528, unchanged=396, early_stops=8/8
26 - INFO - chord#: 70 In build_straw_man_chord_sa. tolerance = 1, sa_iterations = 1000, initial_temperature = 3.0, cooling_rate = 0.999
26 - INFO - chord#: 78 done. best_score=27.0, changed=530, unchanged=336, early_stops=8/8
26 - INFO - chord#: 80 In build_straw_man_chord_sa. tolerance = 1, sa_iterations = 1000, initial_temperature = 3.0, cooling_rate = 0.999
26 - INFO - chord#: 82 done. best_score=31.0, changed=526, unchanged=400, early_stops=8/8
26 - INFO - chord#: 84 In build_straw_man_chord_sa. tolerance = 1, sa_iterations = 1000, initial_temperature = 3.0, cooling_rate = 0.999
26 - INFO - chord#: 68 done. best_score=27.0, changed=524, unchanged=355, early_stops=8/8
26 - INFO - chord#: 70 In build_straw_man_chord_sa. tolerance = 1, sa_iterations = 1000, initial_temperature = 3.0, cooling_rate = 0.999
26 - INFO - chord#: 66 done. best_score=93.0, changed=619, unchanged=403, early_stops=8/8
26 - INFO - chord#: 68 In build_straw_man_chord_sa. tolerance = 1, sa_iterations = 1000, initial_temperature = 3.0, cooling_rate = 0.999
26 - INFO - chord#: 76 done. best_score=31.0, changed=518, unchanged=296, early_stops=8/8
26 - INFO - chord#: 78 In build_straw_man_chord_sa. tolerance = 1, sa_iterations = 1000, initial_temperature = 3.0, cooling_rate = 0.999
26 - INFO - chord#: 80 done. best_score=31.0, changed=523, unchanged=320, early_stops=8/8
26 - INFO - chord#: 82 In build_straw_man_chord_sa. tolerance = 1, sa_iterations = 1000, initial_temperature = 3.0, cooling_rate = 0.999
26 - INFO - chord#: 68 done. best_score=27.0, changed=520, unchanged=323, early_stops=8/8
26 - INFO - chord#: 70 In build_straw_man_chord_sa. tolerance = 1, sa_iterations = 1000, initial_temperature = 3.0, cooling_rate = 0.999
26 - INFO - chord#: 80 done. best_score=31.0, changed=519, unchanged=306, early_stops=8/8
26 - INFO - chord#: 82 In build_straw_man_chord_sa. tolerance = 1, sa_iterations = 1000, initial_temperature = 3.0, cooling_rate = 0.999
26 - INFO - chord#: 70 done. best_score=27.0, changed=526, unchanged=352, early_stops=8/8
26 - INFO - chord#: 72 In build_straw_man_chord_sa. tolerance = 1, sa_iterations = 1000, initial_temperature = 3.0, cooling_rate = 0.999
26 - INFO - chord#: 70 done. best_score=27.0, changed=525, unchanged=365, early_stops=8/8
26 - INFO - chord#: 72 In build_straw_man_chord_sa. tolerance = 1, sa_iterations = 1000, initial_temperature = 3.0, cooling_rate = 0.999
26 - INFO - chord#: 84 done. best_score=27.0, changed=523, unchanged=349, early_stops=8/8
26 - INFO - chord#: 86 In build_straw_man_chord_sa. tolerance = 1, sa_iterations = 1000, initial_temperature = 3.0, cooling_rate = 0.999
26 - INFO - chord#: 70 done. best_score=27.0, changed=520, unchanged=329, early_stops=8/8
26 - INFO - chord#: 72 In build_straw_man_chord_sa. tolerance = 1, sa_iterations = 1000, initial_temperature = 3.0, cooling_rate = 0.999
26 - INFO - chord#: 78 done. best_score=27.0, changed=531, unchanged=407, early_stops=8/8
26 - INFO - chord#: 80 In build_straw_man_chord_sa. tolerance = 1, sa_iterations = 1000, initial_temperature = 3.0, cooling_rate = 0.999
26 - INFO - chord#: 66 done. best_score=96.0, changed=609, unchanged=239, early_stops=8/8
26 - INFO - chord#: 68 In build_straw_man_chord_sa. tolerance = 1, sa_iterations = 1000, initial_temperature = 3.0, cooling_rate = 0.999
26 - INFO - chord#: 68 done. best_score=27.0, changed=523, unchanged=340, early_stops=8/8
26 - INFO - chord#: 70 In build_straw_man_chord_sa. tolerance = 1, sa_iterations = 1000, initial_temperature = 3.0, cooling_rate = 0.999
26 - INFO - chord#: 82 done. best_score=31.0, changed=530, unchanged=497, early_stops=8/8
26 - INFO - chord#: 84 In build_straw_man_chord_sa. tolerance = 1, sa_iterations = 1000, initial_temperature = 3.0, cooling_rate = 0.999
26 - INFO - chord#: 86 done. best_score=111.0, changed=614, unchanged=375, early_stops=8/8
26 - INFO - chord#: 87 In build_straw_man_chord_sa. tolerance = 1, sa_iterations = 1000, initial_temperature = 3.0, cooling_rate = 0.999
26 - INFO - chord#: 82 done. best_score=31.0, changed=521, unchanged=335, early_stops=8/8
26 - INFO - chord#: 84 In build_straw_man_chord_sa. tolerance = 1, sa_iterations = 1000, initial_temperature = 3.0, cooling_rate = 0.999
26 - INFO - chord#: 70 done. best_score=27.0, changed=525, unchanged=367, early_stops=8/8
26 - INFO - chord#: 72 In build_straw_man_chord_sa. tolerance = 1, sa_iterations = 1000, initial_temperature = 3.0, cooling_rate = 0.999
26 - INFO - chord#: 86 done. best_score=113.0, changed=613, unchanged=389, early_stops=8/8
26 - INFO - chord#: 87 In build_straw_man_chord_sa. tolerance = 1, sa_iterations = 1000, initial_temperature = 3.0, cooling_rate = 0.999
26 - INFO - chord#: 72 done. best_score=27.0, changed=522, unchanged=419, early_stops=8/8
26 - INFO - chord#: 74 In build_straw_man_chord_sa. tolerance = 1, sa_iterations = 1000, initial_temperature = 3.0, cooling_rate = 0.999
26 - INFO - chord#: 80 done. best_score=31.0, changed=511, unchanged=331, early_stops=8/8
26 - INFO - chord#: 82 In build_straw_man_chord_sa. tolerance = 1, sa_iterations = 1000, initial_temperature = 3.0, cooling_rate = 0.999
26 - INFO - chord#: 72 done. best_score=27.0, changed=528, unchanged=471, early_stops=8/8
26 - INFO - chord#: 74 In build_straw_man_chord_sa. tolerance = 1, sa_iterations = 1000, initial_temperature = 3.0, cooling_rate = 0.999
26 - INFO - chord#: 72 done. best_score=27.0, changed=527, unchanged=364, early_stops=8/8
26 - INFO - chord#: 74 In build_straw_man_chord_sa. tolerance = 1, sa_iterations = 1000, initial_temperature = 3.0, cooling_rate = 0.999
26 - INFO - chord#: 68 done. best_score=27.0, changed=518, unchanged=303, early_stops=8/8
26 - INFO - chord#: 70 In build_straw_man_chord_sa. tolerance = 1, sa_iterations = 1000, initial_temperature = 3.0, cooling_rate = 0.999
26 - INFO - chord#: 84 done. best_score=27.0, changed=518, unchanged=393, early_stops=8/8
26 - INFO - chord#: 86 In build_straw_man_chord_sa. tolerance = 1, sa_iterations = 1000, initial_temperature = 3.0, cooling_rate = 0.999
26 - INFO - chord#: 70 done. best_score=27.0, changed=526, unchanged=466, early_stops=8/8
26 - INFO - chord#: 72 In build_straw_man_chord_sa. tolerance = 1, sa_iterations = 1000, initial_temperature = 3.0, cooling_rate = 0.999
26 - INFO - chord#: 84 done. best_score=27.0, changed=520, unchanged=403, early_stops=8/8
26 - INFO - chord#: 86 In build_straw_man_chord_sa. tolerance = 1, sa_iterations = 1000, initial_temperature = 3.0, cooling_rate = 0.999
26 - INFO - chord#: 74 done. best_score=31.0, changed=528, unchanged=329, early_stops=8/8
26 - INFO - chord#: 76 In build_straw_man_chord_sa. tolerance = 1, sa_iterations = 1000, initial_temperature = 3.0, cooling_rate = 0.999
26 - INFO - chord#: 72 done. best_score=27.0, changed=516, unchanged=312, early_stops=8/8
26 - INFO - chord#: 74 In build_straw_man_chord_sa. tolerance = 1, sa_iterations = 1000, initial_temperature = 3.0, cooling_rate = 0.999
26 - INFO - chord#: 86 done. best_score=155.0, changed=612, unchanged=262, early_stops=8/8
26 - INFO - chord#: 87 In build_straw_man_chord_sa. tolerance = 1, sa_iterations = 1000, initial_temperature = 3.0, cooling_rate = 0.999
26 - INFO - chord#: 82 done. best_score=31.0, changed=518, unchanged=394, early_stops=8/8
26 - INFO - chord#: 84 In build_straw_man_chord_sa. tolerance = 1, sa_iterations = 1000, initial_temperature = 3.0, cooling_rate = 0.999
26 - INFO - chord#: 74 done. best_score=31.0, changed=522, unchanged=309, early_stops=8/8
26 - INFO - chord#: 76 In build_straw_man_chord_sa. tolerance = 1, sa_iterations = 1000, initial_temperature = 3.0, cooling_rate = 0.999
26 - INFO - chord#: 70 done. best_score=27.0, changed=529, unchanged=309, early_stops=8/8
26 - INFO - chord#: 72 In build_straw_man_chord_sa. tolerance = 1, sa_iterations = 1000, initial_temperature = 3.0, cooling_rate = 0.999
26 - INFO - chord#: 74 done. best_score=31.0, changed=521, unchanged=339, early_stops=8/8
26 - INFO - chord#: 76 In build_straw_man_chord_sa. tolerance = 1, sa_iterations = 1000, initial_temperature = 3.0, cooling_rate = 0.999
26 - INFO - chord#: 72 done. best_score=27.0, changed=519, unchanged=357, early_stops=8/8
26 - INFO - chord#: 74 In build_straw_man_chord_sa. tolerance = 1, sa_iterations = 1000, initial_temperature = 3.0, cooling_rate = 0.999
26 - INFO - chord#: 76 done. best_score=31.0, changed=519, unchanged=290, early_stops=8/8
26 - INFO - chord#: 78 In build_straw_man_chord_sa. tolerance = 1, sa_iterations = 1000, initial_temperature = 3.0, cooling_rate = 0.999
26 - INFO - chord#: 74 done. best_score=31.0, changed=519, unchanged=342, early_stops=8/8
26 - INFO - chord#: 76 In build_straw_man_chord_sa. tolerance = 1, sa_iterations = 1000, initial_temperature = 3.0, cooling_rate = 0.999
26 - INFO - chord#: 84 done. best_score=27.0, changed=522, unchanged=406, early_stops=8/8
26 - INFO - chord#: 86 In build_straw_man_chord_sa. tolerance = 1, sa_iterations = 1000, initial_temperature = 3.0, cooling_rate = 0.999
26 - INFO - chord#: 76 done. best_score=31.0, changed=536, unchanged=316, early_stops=8/8
26 - INFO - chord#: 78 In build_straw_man_chord_sa. tolerance = 1, sa_iterations = 1000, initial_temperature = 3.0, cooling_rate = 0.999
26 - INFO - chord#: 87 done. best_score=141.0, changed=612, unchanged=388, early_stops=8/8
26 - INFO - chord#: 88 In build_straw_man_chord_sa. tolerance = 1, sa_iterations = 1000, initial_temperature = 3.0, cooling_rate = 0.999
26 - INFO - chord#: 76 done. best_score=31.0, changed=523, unchanged=332, early_stops=8/8
26 - INFO - chord#: 78 In build_straw_man_chord_sa. tolerance = 1, sa_iterations = 1000, initial_temperature = 3.0, cooling_rate = 0.999
26 - INFO - chord#: 72 done. best_score=27.0, changed=527, unchanged=357, early_stops=8/8
26 - INFO - chord#: 74 In build_straw_man_chord_sa. tolerance = 1, sa_iterations = 1000, initial_temperature = 3.0, cooling_rate = 0.999
26 - INFO - chord#: 78 done. best_score=27.0, changed=518, unchanged=345, early_stops=8/8
26 - INFO - chord#: 80 In build_straw_man_chord_sa. tolerance = 1, sa_iterations = 1000, initial_temperature = 3.0, cooling_rate = 0.999
26 - INFO - chord#: 74 done. best_score=31.0, changed=536, unchanged=391, early_stops=8/8
26 - INFO - chord#: 76 In build_straw_man_chord_sa. tolerance = 1, sa_iterations = 1000, initial_temperature = 3.0, cooling_rate = 0.999
26 - INFO - chord#: 76 done. best_score=31.0, changed=524, unchanged=310, early_stops=8/8
26 - INFO - chord#: 78 In build_straw_man_chord_sa. tolerance = 1, sa_iterations = 1000, initial_temperature = 3.0, cooling_rate = 0.999
26 - INFO - chord#: 86 done. best_score=93.0, changed=610, unchanged=399, early_stops=8/8
26 - INFO - chord#: 87 In build_straw_man_chord_sa. tolerance = 1, sa_iterations = 1000, initial_temperature = 3.0, cooling_rate = 0.999
26 - INFO - chord#: 88 done. best_score=36.0, changed=546, unchanged=373, early_stops=8/8
26 - INFO - chord#: 96 In build_straw_man_chord_sa. tolerance = 1, sa_iterations = 1000, initial_temperature = 3.0, cooling_rate = 0.999
26 - INFO - chord#: 87 done. best_score=74.0, changed=626, unchanged=430, early_stops=8/8
26 - INFO - chord#: 88 In build_straw_man_chord_sa. tolerance = 1, sa_iterations = 1000, initial_temperature = 3.0, cooling_rate = 0.999
26 - INFO - chord#: 87 done. best_score=141.0, changed=611, unchanged=309, early_stops=8/8
26 - INFO - chord#: 88 In build_straw_man_chord_sa. tolerance = 1, sa_iterations = 1000, initial_temperature = 3.0, cooling_rate = 0.999
26 - INFO - chord#: 86 done. best_score=93.0, changed=615, unchanged=435, early_stops=8/8
26 - INFO - chord#: 87 In build_straw_man_chord_sa. tolerance = 1, sa_iterations = 1000, initial_temperature = 3.0, cooling_rate = 0.999
26 - INFO - chord#: 78 done. best_score=27.0, changed=521, unchanged=341, early_stops=8/8
26 - INFO - chord#: 80 In build_straw_man_chord_sa. tolerance = 1, sa_iterations = 1000, initial_temperature = 3.0, cooling_rate = 0.999
26 - INFO - chord#: 80 done. best_score=31.0, changed=517, unchanged=356, early_stops=8/8
26 - INFO - chord#: 82 In build_straw_man_chord_sa. tolerance = 1, sa_iterations = 1000, initial_temperature = 3.0, cooling_rate = 0.999
26 - INFO - chord#: 78 done. best_score=27.0, changed=520, unchanged=371, early_stops=8/8
26 - INFO - chord#: 80 In build_straw_man_chord_sa. tolerance = 1, sa_iterations = 1000, initial_temperature = 3.0, cooling_rate = 0.999
26 - INFO - chord#: 74 done. best_score=31.0, changed=523, unchanged=323, early_stops=8/8
26 - INFO - chord#: 76 In build_straw_man_chord_sa. tolerance = 1, sa_iterations = 1000, initial_temperature = 3.0, cooling_rate = 0.999
26 - INFO - chord#: 76 done. best_score=31.0, changed=524, unchanged=405, early_stops=8/8
26 - INFO - chord#: 78 In build_straw_man_chord_sa. tolerance = 1, sa_iterations = 1000, initial_temperature = 3.0, cooling_rate = 0.999
26 - INFO - chord#: 96 done. best_score=27.0, changed=533, unchanged=336, early_stops=8/8
26 - INFO - chord#: 98 In build_straw_man_chord_sa. tolerance = 1, sa_iterations = 1000, initial_temperature = 3.0, cooling_rate = 0.999
26 - INFO - chord#: 88 done. best_score=27.0, changed=530, unchanged=355, early_stops=8/8
26 - INFO - chord#: 96 In build_straw_man_chord_sa. tolerance = 1, sa_iterations = 1000, initial_temperature = 3.0, cooling_rate = 0.999
26 - INFO - chord#: 88 done. best_score=27.0, changed=527, unchanged=376, early_stops=8/8
26 - INFO - chord#: 96 In build_straw_man_chord_sa. tolerance = 1, sa_iterations = 1000, initial_temperature = 3.0, cooling_rate = 0.999
26 - INFO - chord#: 78 done. best_score=27.0, changed=523, unchanged=368, early_stops=8/8
26 - INFO - chord#: 80 In build_straw_man_chord_sa. tolerance = 1, sa_iterations = 1000, initial_temperature = 3.0, cooling_rate = 0.999
26 - INFO - chord#: 82 done. best_score=31.0, changed=525, unchanged=387, early_stops=8/8
26 - INFO - chord#: 84 In build_straw_man_chord_sa. tolerance = 1, sa_iterations = 1000, initial_temperature = 3.0, cooling_rate = 0.999
26 - INFO - chord#: 80 done. best_score=31.0, changed=522, unchanged=321, early_stops=8/8
26 - INFO - chord#: 86 done. best_score=93.0, changed=610, unchanged=280, early_stops=8/8
26 - INFO - chord#: 87 In build_straw_man_chord_sa. tolerance = 1, sa_iterations = 1000, initial_temperature = 3.0, cooling_rate = 0.999
26 - INFO - chord#: 82 In build_straw_man_chord_sa. tolerance = 1, sa_iterations = 1000, initial_temperature = 3.0, cooling_rate = 0.999
26 - INFO - chord#: 76 done. best_score=31.0, changed=528, unchanged=298, early_stops=8/8
26 - INFO - chord#: 78 In build_straw_man_chord_sa. tolerance = 1, sa_iterations = 1000, initial_temperature = 3.0, cooling_rate = 0.999
26 - INFO - chord#: 80 done. best_score=31.0, changed=527, unchanged=389, early_stops=8/8
26 - INFO - chord#: 82 In build_straw_man_chord_sa. tolerance = 1, sa_iterations = 1000, initial_temperature = 3.0, cooling_rate = 0.999
26 - INFO - chord#: 98 done. best_score=27.0, changed=522, unchanged=325, early_stops=8/8
26 - INFO - chord#: 102 In build_straw_man_chord_sa. tolerance = 1, sa_iterations = 1000, initial_temperature = 3.0, cooling_rate = 0.999
26 - INFO - chord#: 96 done. best_score=27.0, changed=532, unchanged=354, early_stops=8/8
26 - INFO - chord#: 98 In build_straw_man_chord_sa. tolerance = 1, sa_iterations = 1000, initial_temperature = 3.0, cooling_rate = 0.999
26 - INFO - chord#: 78 done. best_score=27.0, changed=521, unchanged=360, early_stops=8/8
26 - INFO - chord#: 80 In build_straw_man_chord_sa. tolerance = 1, sa_iterations = 1000, initial_temperature = 3.0, cooling_rate = 0.999
26 - INFO - chord#: 87 done. best_score=74.0, changed=606, unchanged=242, early_stops=8/8
26 - INFO - chord#: 88 In build_straw_man_chord_sa. tolerance = 1, sa_iterations = 1000, initial_temperature = 3.0, cooling_rate = 0.999
26 - INFO - chord#: 96 done. best_score=27.0, changed=526, unchanged=370, early_stops=8/8
26 - INFO - chord#: 98 In build_straw_man_chord_sa. tolerance = 1, sa_iterations = 1000, initial_temperature = 3.0, cooling_rate = 0.999
26 - INFO - chord#: 80 done. best_score=31.0, changed=519, unchanged=324, early_stops=8/8
26 - INFO - chord#: 82 In build_straw_man_chord_sa. tolerance = 1, sa_iterations = 1000, initial_temperature = 3.0, cooling_rate = 0.999
26 - INFO - chord#: 84 done. best_score=27.0, changed=521, unchanged=449, early_stops=8/8
26 - INFO - chord#: 86 In build_straw_man_chord_sa. tolerance = 1, sa_iterations = 1000, initial_temperature = 3.0, cooling_rate = 0.999
26 - INFO - chord#: 82 done. best_score=31.0, changed=517, unchanged=376, early_stops=8/8
26 - INFO - chord#: 84 In build_straw_man_chord_sa. tolerance = 1, sa_iterations = 1000, initial_temperature = 3.0, cooling_rate = 0.999
26 - INFO - chord#: 98 done. best_score=27.0, changed=527, unchanged=345, early_stops=8/8
26 - INFO - chord#: 102 In build_straw_man_chord_sa. tolerance = 1, sa_iterations = 1000, initial_temperature = 3.0, cooling_rate = 0.999
26 - INFO - chord#: 87 done. best_score=144.0, changed=616, unchanged=484, early_stops=8/8
26 - INFO - chord#: 88 In build_straw_man_chord_sa. tolerance = 1, sa_iterations = 1000, initial_temperature = 3.0, cooling_rate = 0.999
26 - INFO - chord#: 78 done. best_score=27.0, changed=531, unchanged=403, early_stops=8/8
26 - INFO - chord#: 80 In build_straw_man_chord_sa. tolerance = 1, sa_iterations = 1000, initial_temperature = 3.0, cooling_rate = 0.999
26 - INFO - chord#: 88 done. best_score=27.0, changed=524, unchanged=351, early_stops=8/8
26 - INFO - chord#: 96 In build_straw_man_chord_sa. tolerance = 1, sa_iterations = 1000, initial_temperature = 3.0, cooling_rate = 0.999
26 - INFO - chord#: 82 done. best_score=31.0, changed=526, unchanged=345, early_stops=8/8
26 - INFO - chord#: 84 In build_straw_man_chord_sa. tolerance = 1, sa_iterations = 1000, initial_temperature = 3.0, cooling_rate = 0.999
26 - INFO - chord#: 80 done. best_score=31.0, changed=535, unchanged=395, early_stops=8/8
26 - INFO - chord#: 82 In build_straw_man_chord_sa. tolerance = 1, sa_iterations = 1000, initial_temperature = 3.0, cooling_rate = 0.999
26 - INFO - chord#: 98 done. best_score=27.0, changed=519, unchanged=301, early_stops=8/8
26 - INFO - chord#: 102 In build_straw_man_chord_sa. tolerance = 1, sa_iterations = 1000, initial_temperature = 3.0, cooling_rate = 0.999
26 - INFO - chord#: 87 done. best_score=96.0, changed=612, unchanged=258, early_stops=8/8
26 - INFO - chord#: 88 In build_straw_man_chord_sa. tolerance = 1, sa_iterations = 1000, initial_temperature = 3.0, cooling_rate = 0.999
26 - INFO - chord#: 88 done. best_score=36.0, changed=541, unchanged=396, early_stops=8/8
26 - INFO - chord#: 96 In build_straw_man_chord_sa. tolerance = 1, sa_iterations = 1000, initial_temperature = 3.0, cooling_rate = 0.999
26 - INFO - chord#: 82 done. best_score=31.0, changed=520, unchanged=405, early_stops=8/8
26 - INFO - chord#: 84 In build_straw_man_chord_sa. tolerance = 1, sa_iterations = 1000, initial_temperature = 3.0, cooling_rate = 0.999
26 - INFO - chord#: 96 done. best_score=27.0, changed=536, unchanged=391, early_stops=8/8
26 - INFO - chord#: 98 In build_straw_man_chord_sa. tolerance = 1, sa_iterations = 1000, initial_temperature = 3.0, cooling_rate = 0.999
26 - INFO - chord#: 102 done. best_score=67.0, changed=610, unchanged=323, early_stops=8/8
26 - INFO - chord#: 104 In build_straw_man_chord_sa. tolerance = 1, sa_iterations = 1000, initial_temperature = 3.0, cooling_rate = 0.999
26 - INFO - chord#: 84 done. best_score=27.0, changed=516, unchanged=431, early_stops=8/8
26 - INFO - chord#: 86 In build_straw_man_chord_sa. tolerance = 1, sa_iterations = 1000, initial_temperature = 3.0, cooling_rate = 0.999
26 - INFO - chord#: 80 done. best_score=31.0, changed=517, unchanged=338, early_stops=8/8
26 - INFO - chord#: 82 In build_straw_man_chord_sa. tolerance = 1, sa_iterations = 1000, initial_temperature = 3.0, cooling_rate = 0.999
26 - INFO - chord#: 88 done. best_score=27.0, changed=530, unchanged=330, early_stops=8/8
26 - INFO - chord#: 96 In build_straw_man_chord_sa. tolerance = 1, sa_iterations = 1000, initial_temperature = 3.0, cooling_rate = 0.999
26 - INFO - chord#: 84 done. best_score=27.0, changed=516, unchanged=411, early_stops=8/8
26 - INFO - chord#: 86 In build_straw_man_chord_sa. tolerance = 1, sa_iterations = 1000, initial_temperature = 3.0, cooling_rate = 0.999
26 - INFO - chord#: 82 done. best_score=31.0, changed=520, unchanged=422, early_stops=8/8
26 - INFO - chord#: 84 In build_straw_man_chord_sa. tolerance = 1, sa_iterations = 1000, initial_temperature = 3.0, cooling_rate = 0.999
26 - INFO - chord#: 96 done. best_score=27.0, changed=526, unchanged=311, early_stops=8/8
26 - INFO - chord#: 98 In build_straw_man_chord_sa. tolerance = 1, sa_iterations = 1000, initial_temperature = 3.0, cooling_rate = 0.999
26 - INFO - chord#: 98 done. best_score=27.0, changed=532, unchanged=391, early_stops=8/8
26 - INFO - chord#: 102 In build_straw_man_chord_sa. tolerance = 1, sa_iterations = 1000, initial_temperature = 3.0, cooling_rate = 0.999
26 - INFO - chord#: 84 done. best_score=27.0, changed=511, unchanged=344, early_stops=8/8
26 - INFO - chord#: 86 In build_straw_man_chord_sa. tolerance = 1, sa_iterations = 1000, initial_temperature = 3.0, cooling_rate = 0.999
26 - INFO - chord#: 102 done. best_score=67.0, changed=611, unchanged=331, early_stops=8/8
26 - INFO - chord#: 104 In build_straw_man_chord_sa. tolerance = 1, sa_iterations = 1000, initial_temperature = 3.0, cooling_rate = 0.999
26 - INFO - chord#: 86 done. best_score=105.0, changed=611, unchanged=342, early_stops=8/8
26 - INFO - chord#: 87 In build_straw_man_chord_sa. tolerance = 1, sa_iterations = 1000, initial_temperature = 3.0, cooling_rate = 0.999
26 - INFO - chord#: 96 done. best_score=27.0, changed=517, unchanged=317, early_stops=8/8
26 - INFO - chord#: 98 In build_straw_man_chord_sa. tolerance = 1, sa_iterations = 1000, initial_temperature = 3.0, cooling_rate = 0.999
26 - INFO - chord#: 98 done. best_score=27.0, changed=523, unchanged=355, early_stops=8/8
26 - INFO - chord#: 102 In build_straw_man_chord_sa. tolerance = 1, sa_iterations = 1000, initial_temperature = 3.0, cooling_rate = 0.999
26 - INFO - chord#: 82 done. best_score=31.0, changed=523, unchanged=414, early_stops=8/8
26 - INFO - chord#: 84 In build_straw_man_chord_sa. tolerance = 1, sa_iterations = 1000, initial_temperature = 3.0, cooling_rate = 0.999
26 - INFO - chord#: 84 done. best_score=27.0, changed=521, unchanged=444, early_stops=8/8
26 - INFO - chord#: 86 In build_straw_man_chord_sa. tolerance = 1, sa_iterations = 1000, initial_temperature = 3.0, cooling_rate = 0.999
26 - INFO - chord#: 98 done. best_score=27.0, changed=518, unchanged=299, early_stops=8/8
26 - INFO - chord#: 102 In build_straw_man_chord_sa. tolerance = 1, sa_iterations = 1000, initial_temperature = 3.0, cooling_rate = 0.999
26 - INFO - chord#: 104 done. best_score=181.0, changed=606, unchanged=217, early_stops=8/8
26 - INFO - chord#: 106 In build_straw_man_chord_sa. tolerance = 1, sa_iterations = 1000, initial_temperature = 3.0, cooling_rate = 0.999
26 - INFO - chord#: 102 done. best_score=67.0, changed=612, unchanged=315, early_stops=8/8
26 - INFO - chord#: 104 In build_straw_man_chord_sa. tolerance = 1, sa_iterations = 1000, initial_temperature = 3.0, cooling_rate = 0.999
26 - INFO - chord#: 84 done. best_score=27.0, changed=516, unchanged=325, early_stops=8/8
26 - INFO - chord#: 86 In build_straw_man_chord_sa. tolerance = 1, sa_iterations = 1000, initial_temperature = 3.0, cooling_rate = 0.999
26 - INFO - chord#: 87 done. best_score=96.0, changed=609, unchanged=295, early_stops=8/8
26 - INFO - chord#: 88 In build_straw_man_chord_sa. tolerance = 1, sa_iterations = 1000, initial_temperature = 3.0, cooling_rate = 0.999
26 - INFO - chord#: 102 done. best_score=67.0, changed=615, unchanged=273, early_stops=8/8
26 - INFO - chord#: 104 In build_straw_man_chord_sa. tolerance = 1, sa_iterations = 1000, initial_temperature = 3.0, cooling_rate = 0.999
26 - INFO - chord#: 106 done. best_score=27.0, changed=525, unchanged=363, early_stops=8/8
26 - INFO - chord#: 108 In build_straw_man_chord_sa. tolerance = 1, sa_iterations = 1000, initial_temperature = 3.0, cooling_rate = 0.999
26 - INFO - chord#: 104 done. best_score=142.0, changed=611, unchanged=233, early_stops=8/8
26 - INFO - chord#: 106 In build_straw_man_chord_sa. tolerance = 1, sa_iterations = 1000, initial_temperature = 3.0, cooling_rate = 0.999
26 - INFO - chord#: 86 done. best_score=113.0, changed=610, unchanged=261, early_stops=8/8
26 - INFO - chord#: 87 In build_straw_man_chord_sa. tolerance = 1, sa_iterations = 1000, initial_temperature = 3.0, cooling_rate = 0.999
26 - INFO - chord#: 88 done. best_score=27.0, changed=525, unchanged=325, early_stops=8/8
26 - INFO - chord#: 96 In build_straw_man_chord_sa. tolerance = 1, sa_iterations = 1000, initial_temperature = 3.0, cooling_rate = 0.999
26 - INFO - chord#: 86 done. best_score=113.0, changed=613, unchanged=513, early_stops=8/8
26 - INFO - chord#: 87 In build_straw_man_chord_sa. tolerance = 1, sa_iterations = 1000, initial_temperature = 3.0, cooling_rate = 0.999
26 - INFO - chord#: 106 done. best_score=36.0, changed=528, unchanged=392, early_stops=8/8
26 - INFO - chord#: 108 In build_straw_man_chord_sa. tolerance = 1, sa_iterations = 1000, initial_temperature = 3.0, cooling_rate = 0.999
26 - INFO - chord#: 102 done. best_score=137.0, changed=621, unchanged=498, early_stops=8/8
26 - INFO - chord#: 104 In build_straw_man_chord_sa. tolerance = 1, sa_iterations = 1000, initial_temperature = 3.0, cooling_rate = 0.999
26 - INFO - chord#: 86 done. best_score=111.0, changed=612, unchanged=333, early_stops=8/8
26 - INFO - chord#: 87 In build_straw_man_chord_sa. tolerance = 1, sa_iterations = 1000, initial_temperature = 3.0, cooling_rate = 0.999
26 - INFO - chord#: 108 done. best_score=27.0, changed=523, unchanged=460, early_stops=8/8
26 - INFO - chord#: 110 In build_straw_man_chord_sa. tolerance = 1, sa_iterations = 1000, initial_temperature = 3.0, cooling_rate = 0.999
26 - INFO - chord#: 110 done. best_score=7.0, changed=513, unchanged=302, early_stops=8/8
26 - INFO - chord#: 112 In build_straw_man_chord_sa. tolerance = 1, sa_iterations = 1000, initial_temperature = 3.0, cooling_rate = 0.999
26 - INFO - chord#: 96 done. best_score=27.0, changed=533, unchanged=389, early_stops=8/8
26 - INFO - chord#: 98 In build_straw_man_chord_sa. tolerance = 1, sa_iterations = 1000, initial_temperature = 3.0, cooling_rate = 0.999
26 - INFO - chord#: 102 done. best_score=67.0, changed=618, unchanged=276, early_stops=8/8
26 - INFO - chord#: 104 In build_straw_man_chord_sa. tolerance = 1, sa_iterations = 1000, initial_temperature = 3.0, cooling_rate = 0.999
26 - INFO - chord#: 86 done. best_score=113.0, changed=612, unchanged=303, early_stops=8/8
26 - INFO - chord#: 87 In build_straw_man_chord_sa. tolerance = 1, sa_iterations = 1000, initial_temperature = 3.0, cooling_rate = 0.999
26 - INFO - chord#: 104 done. best_score=140.0, changed=610, unchanged=327, early_stops=8/8
26 - INFO - chord#: 106 In build_straw_man_chord_sa. tolerance = 1, sa_iterations = 1000, initial_temperature = 3.0, cooling_rate = 0.999
26 - INFO - chord#: 104 done. best_score=145.0, changed=613, unchanged=334, early_stops=8/8
26 - INFO - chord#: 106 In build_straw_man_chord_sa. tolerance = 1, sa_iterations = 1000, initial_temperature = 3.0, cooling_rate = 0.999
26 - INFO - chord#: 108 done. best_score=27.0, changed=521, unchanged=352, early_stops=8/8
26 - INFO - chord#: 110 In build_straw_man_chord_sa. tolerance = 1, sa_iterations = 1000, initial_temperature = 3.0, cooling_rate = 0.999
26 - INFO - chord#: 98 done. best_score=27.0, changed=525, unchanged=329, early_stops=8/8
26 - INFO - chord#: 102 In build_straw_man_chord_sa. tolerance = 1, sa_iterations = 1000, initial_temperature = 3.0, cooling_rate = 0.999
26 - INFO - chord#: 110 done. best_score=7.0, changed=514, unchanged=290, early_stops=8/8
26 - INFO - chord#: 112 In build_straw_man_chord_sa. tolerance = 1, sa_iterations = 1000, initial_temperature = 3.0, cooling_rate = 0.999
26 - INFO - chord#: 86 done. best_score=113.0, changed=611, unchanged=347, early_stops=8/8
26 - INFO - chord#: 87 done. best_score=74.0, changed=617, unchanged=326, early_stops=8/8
26 - INFO - chord#: 87 In build_straw_man_chord_sa. tolerance = 1, sa_iterations = 1000, initial_temperature = 3.0, cooling_rate = 0.999
26 - INFO - chord#: 88 In build_straw_man_chord_sa. tolerance = 1, sa_iterations = 1000, initial_temperature = 3.0, cooling_rate = 0.999
26 - INFO - chord#: 106 done. best_score=27.0, changed=514, unchanged=337, early_stops=8/8
26 - INFO - chord#: 108 In build_straw_man_chord_sa. tolerance = 1, sa_iterations = 1000, initial_temperature = 3.0, cooling_rate = 0.999
26 - INFO - chord#: 87 done. best_score=149.0, changed=613, unchanged=233, early_stops=8/8
26 - INFO - chord#: 88 In build_straw_man_chord_sa. tolerance = 1, sa_iterations = 1000, initial_temperature = 3.0, cooling_rate = 0.999
26 - INFO - chord#: 104 done. best_score=142.0, changed=617, unchanged=303, early_stops=8/8
26 - INFO - chord#: 106 In build_straw_man_chord_sa. tolerance = 1, sa_iterations = 1000, initial_temperature = 3.0, cooling_rate = 0.999
26 - INFO - chord#: 106 done. best_score=27.0, changed=516, unchanged=388, early_stops=8/8
26 - INFO - chord#: 108 In build_straw_man_chord_sa. tolerance = 1, sa_iterations = 1000, initial_temperature = 3.0, cooling_rate = 0.999
26 - INFO - chord#: 88 done. best_score=27.0, changed=531, unchanged=328, early_stops=8/8
26 - INFO - chord#: 112 done. best_score=82.0, changed=611, unchanged=356, early_stops=8/8
26 - INFO - chord#: 96 In build_straw_man_chord_sa. tolerance = 1, sa_iterations = 1000, initial_temperature = 3.0, cooling_rate = 0.999
26 - INFO - chord#: 114 In build_straw_man_chord_sa. tolerance = 1, sa_iterations = 1000, initial_temperature = 3.0, cooling_rate = 0.999
26 - INFO - chord#: 88 done. best_score=27.0, changed=530, unchanged=312, early_stops=8/8
26 - INFO - chord#: 96 In build_straw_man_chord_sa. tolerance = 1, sa_iterations = 1000, initial_temperature = 3.0, cooling_rate = 0.999
26 - INFO - chord#: 87 done. best_score=74.0, changed=609, unchanged=327, early_stops=8/8
26 - INFO - chord#: 88 In build_straw_man_chord_sa. tolerance = 1, sa_iterations = 1000, initial_temperature = 3.0, cooling_rate = 0.999
26 - INFO - chord#: 108 done. best_score=27.0, changed=525, unchanged=554, early_stops=8/8
26 - INFO - chord#: 110 In build_straw_man_chord_sa. tolerance = 1, sa_iterations = 1000, initial_temperature = 3.0, cooling_rate = 0.999
26 - INFO - chord#: 106 done. best_score=27.0, changed=523, unchanged=369, early_stops=8/8
26 - INFO - chord#: 108 In build_straw_man_chord_sa. tolerance = 1, sa_iterations = 1000, initial_temperature = 3.0, cooling_rate = 0.999
26 - INFO - chord#: 110 done. best_score=7.0, changed=494, unchanged=312, early_stops=8/8
26 - INFO - chord#: 112 In build_straw_man_chord_sa. tolerance = 1, sa_iterations = 1000, initial_temperature = 3.0, cooling_rate = 0.999
26 - INFO - chord#: 104 done. best_score=140.0, changed=613, unchanged=353, early_stops=8/8
26 - INFO - chord#: 106 In build_straw_man_chord_sa. tolerance = 1, sa_iterations = 1000, initial_temperature = 3.0, cooling_rate = 0.999
26 - INFO - chord#: 108 done. best_score=27.0, changed=516, unchanged=420, early_stops=8/8
26 - INFO - chord#: 110 In build_straw_man_chord_sa. tolerance = 1, sa_iterations = 1000, initial_temperature = 3.0, cooling_rate = 0.999
26 - INFO - chord#: 112 done. best_score=82.0, changed=611, unchanged=288, early_stops=8/8
26 - INFO - chord#: 114 In build_straw_man_chord_sa. tolerance = 1, sa_iterations = 1000, initial_temperature = 3.0, cooling_rate = 0.999
26 - INFO - chord#: 102 done. best_score=67.0, changed=614, unchanged=451, early_stops=8/8
26 - INFO - chord#: 104 In build_straw_man_chord_sa. tolerance = 1, sa_iterations = 1000, initial_temperature = 3.0, cooling_rate = 0.999
26 - INFO - chord#: 96 done. best_score=27.0, changed=528, unchanged=367, early_stops=8/8
26 - INFO - chord#: 98 In build_straw_man_chord_sa. tolerance = 1, sa_iterations = 1000, initial_temperature = 3.0, cooling_rate = 0.999
26 - INFO - chord#: 96 done. best_score=27.0, changed=529, unchanged=385, early_stops=8/8
26 - INFO - chord#: 98 In build_straw_man_chord_sa. tolerance = 1, sa_iterations = 1000, initial_temperature = 3.0, cooling_rate = 0.999
26 - INFO - chord#: 110 done. best_score=7.0, changed=497, unchanged=330, early_stops=8/8
26 - INFO - chord#: 112 In build_straw_man_chord_sa. tolerance = 1, sa_iterations = 1000, initial_temperature = 3.0, cooling_rate = 0.999
26 - INFO - chord#: 87 done. best_score=150.0, changed=610, unchanged=351, early_stops=8/8
26 - INFO - chord#: 88 In build_straw_man_chord_sa. tolerance = 1, sa_iterations = 1000, initial_temperature = 3.0, cooling_rate = 0.999
26 - INFO - chord#: 108 done. best_score=27.0, changed=516, unchanged=345, early_stops=8/8
26 - INFO - chord#: 110 In build_straw_man_chord_sa. tolerance = 1, sa_iterations = 1000, initial_temperature = 3.0, cooling_rate = 0.999
26 - INFO - chord#: 88 done. best_score=27.0, changed=545, unchanged=439, early_stops=8/8
26 - INFO - chord#: 96 In build_straw_man_chord_sa. tolerance = 1, sa_iterations = 1000, initial_temperature = 3.0, cooling_rate = 0.999
26 - INFO - chord#: 110 done. best_score=7.0, changed=506, unchanged=306, early_stops=8/8
26 - INFO - chord#: 112 In build_straw_man_chord_sa. tolerance = 1, sa_iterations = 1000, initial_temperature = 3.0, cooling_rate = 0.999
26 - INFO - chord#: 98 done. best_score=27.0, changed=524, unchanged=354, early_stops=8/8
26 - INFO - chord#: 87 done. best_score=74.0, changed=608, unchanged=309, early_stops=8/8
26 - INFO - chord#: 88 In build_straw_man_chord_sa. tolerance = 1, sa_iterations = 1000, initial_temperature = 3.0, cooling_rate = 0.999
26 - INFO - chord#: 102 In build_straw_man_chord_sa. tolerance = 1, sa_iterations = 1000, initial_temperature = 3.0, cooling_rate = 0.999
26 - INFO - chord#: 106 done. best_score=27.0, changed=521, unchanged=398, early_stops=8/8
26 - INFO - chord#: 108 In build_straw_man_chord_sa. tolerance = 1, sa_iterations = 1000, initial_temperature = 3.0, cooling_rate = 0.999
26 - INFO - chord#: 98 done. best_score=27.0, changed=523, unchanged=348, early_stops=8/8
26 - INFO - chord#: 102 In build_straw_man_chord_sa. tolerance = 1, sa_iterations = 1000, initial_temperature = 3.0, cooling_rate = 0.999
26 - INFO - chord#: 114 done. best_score=64.0, changed=609, unchanged=325, early_stops=8/8
26 - INFO - chord#: 115 In build_straw_man_chord_sa. tolerance = 1, sa_iterations = 1000, initial_temperature = 3.0, cooling_rate = 0.999
26 - INFO - chord#: 88 done. best_score=27.0, changed=535, unchanged=311, early_stops=8/8
26 - INFO - chord#: 96 In build_straw_man_chord_sa. tolerance = 1, sa_iterations = 1000, initial_temperature = 3.0, cooling_rate = 0.999
26 - INFO - chord#: 96 done. best_score=27.0, changed=520, unchanged=361, early_stops=8/8
26 - INFO - chord#: 98 In build_straw_man_chord_sa. tolerance = 1, sa_iterations = 1000, initial_temperature = 3.0, cooling_rate = 0.999
26 - INFO - chord#: 88 done. best_score=27.0, changed=526, unchanged=344, early_stops=8/8
26 - INFO - chord#: 96 In build_straw_man_chord_sa. tolerance = 1, sa_iterations = 1000, initial_temperature = 3.0, cooling_rate = 0.999
26 - INFO - chord#: 115 done. best_score=27.0, changed=527, unchanged=331, early_stops=8/8
26 - INFO - chord#: 116 In build_straw_man_chord_sa. tolerance = 1, sa_iterations = 1000, initial_temperature = 3.0, cooling_rate = 0.999
26 - INFO - chord#: 104 done. best_score=142.0, changed=610, unchanged=254, early_stops=8/8
26 - INFO - chord#: 106 In build_straw_man_chord_sa. tolerance = 1, sa_iterations = 1000, initial_temperature = 3.0, cooling_rate = 0.999
26 - INFO - chord#: 114 done. best_score=64.0, changed=616, unchanged=352, early_stops=8/8
26 - INFO - chord#: 115 In build_straw_man_chord_sa. tolerance = 1, sa_iterations = 1000, initial_temperature = 3.0, cooling_rate = 0.999
26 - INFO - chord#: 96 done. best_score=27.0, changed=532, unchanged=367, early_stops=8/8
26 - INFO - chord#: 108 done. best_score=27.0, changed=527, unchanged=477, early_stops=8/8
26 - INFO - chord#: 98 In build_straw_man_chord_sa. tolerance = 1, sa_iterations = 1000, initial_temperature = 3.0, cooling_rate = 0.999
26 - INFO - chord#: 110 In build_straw_man_chord_sa. tolerance = 1, sa_iterations = 1000, initial_temperature = 3.0, cooling_rate = 0.999
26 - INFO - chord#: 96 done. best_score=27.0, changed=521, unchanged=334, early_stops=8/8
26 - INFO - chord#: 98 In build_straw_man_chord_sa. tolerance = 1, sa_iterations = 1000, initial_temperature = 3.0, cooling_rate = 0.999
26 - INFO - chord#: 112 done. best_score=120.0, changed=616, unchanged=356, early_stops=8/8
26 - INFO - chord#: 114 In build_straw_man_chord_sa. tolerance = 1, sa_iterations = 1000, initial_temperature = 3.0, cooling_rate = 0.999
26 - INFO - chord#: 102 done. best_score=67.0, changed=611, unchanged=244, early_stops=8/8
26 - INFO - chord#: 104 In build_straw_man_chord_sa. tolerance = 1, sa_iterations = 1000, initial_temperature = 3.0, cooling_rate = 0.999
26 - INFO - chord#: 110 done. best_score=7.0, changed=500, unchanged=315, early_stops=8/8
26 - INFO - chord#: 112 In build_straw_man_chord_sa. tolerance = 1, sa_iterations = 1000, initial_temperature = 3.0, cooling_rate = 0.999
26 - INFO - chord#: 98 done. best_score=27.0, changed=534, unchanged=382, early_stops=8/8
26 - INFO - chord#: 102 In build_straw_man_chord_sa. tolerance = 1, sa_iterations = 1000, initial_temperature = 3.0, cooling_rate = 0.999
26 - INFO - chord#: 112 done. best_score=82.0, changed=611, unchanged=300, early_stops=8/8
26 - INFO - chord#: 114 In build_straw_man_chord_sa. tolerance = 1, sa_iterations = 1000, initial_temperature = 3.0, cooling_rate = 0.999
26 - INFO - chord#: 116 done. best_score=27.0, changed=528, unchanged=419, early_stops=8/8
26 - INFO - chord#: 118 In build_straw_man_chord_sa. tolerance = 1, sa_iterations = 1000, initial_temperature = 3.0, cooling_rate = 0.999
26 - INFO - chord#: 115 done. best_score=27.0, changed=528, unchanged=375, early_stops=8/8
26 - INFO - chord#: 116 In build_straw_man_chord_sa. tolerance = 1, sa_iterations = 1000, initial_temperature = 3.0, cooling_rate = 0.999
26 - INFO - chord#: 106 done. best_score=27.0, changed=531, unchanged=449, early_stops=8/8
26 - INFO - chord#: 108 In build_straw_man_chord_sa. tolerance = 1, sa_iterations = 1000, initial_temperature = 3.0, cooling_rate = 0.999
26 - INFO - chord#: 98 done. best_score=27.0, changed=521, unchanged=315, early_stops=8/8
26 - INFO - chord#: 102 In build_straw_man_chord_sa. tolerance = 1, sa_iterations = 1000, initial_temperature = 3.0, cooling_rate = 0.999
26 - INFO - chord#: 118 done. best_score=7.0, changed=501, unchanged=337, early_stops=8/8
26 - INFO - chord#: 120 In build_straw_man_chord_sa. tolerance = 1, sa_iterations = 1000, initial_temperature = 3.0, cooling_rate = 0.999
26 - INFO - chord#: 98 done. best_score=27.0, changed=520, unchanged=292, early_stops=8/8
26 - INFO - chord#: 102 In build_straw_man_chord_sa. tolerance = 1, sa_iterations = 1000, initial_temperature = 3.0, cooling_rate = 0.999
26 - INFO - chord#: 112 done. best_score=124.0, changed=615, unchanged=394, early_stops=8/8
26 - INFO - chord#: 114 In build_straw_man_chord_sa. tolerance = 1, sa_iterations = 1000, initial_temperature = 3.0, cooling_rate = 0.999
26 - INFO - chord#: 102 done. best_score=67.0, changed=612, unchanged=343, early_stops=8/8
26 - INFO - chord#: 104 In build_straw_man_chord_sa. tolerance = 1, sa_iterations = 1000, initial_temperature = 3.0, cooling_rate = 0.999
26 - INFO - chord#: 108 done. best_score=27.0, changed=515, unchanged=331, early_stops=8/8
26 - INFO - chord#: 110 In build_straw_man_chord_sa. tolerance = 1, sa_iterations = 1000, initial_temperature = 3.0, cooling_rate = 0.999
26 - INFO - chord#: 116 done. best_score=27.0, changed=515, unchanged=362, early_stops=8/8
26 - INFO - chord#: 118 In build_straw_man_chord_sa. tolerance = 1, sa_iterations = 1000, initial_temperature = 3.0, cooling_rate = 0.999
26 - INFO - chord#: 110 done. best_score=7.0, changed=517, unchanged=292, early_stops=8/8
26 - INFO - chord#: 112 In build_straw_man_chord_sa. tolerance = 1, sa_iterations = 1000, initial_temperature = 3.0, cooling_rate = 0.999
26 - INFO - chord#: 118 done. best_score=7.0, changed=495, unchanged=315, early_stops=8/8
26 - INFO - chord#: 120 In build_straw_man_chord_sa. tolerance = 1, sa_iterations = 1000, initial_temperature = 3.0, cooling_rate = 0.999
26 - INFO - chord#: 120 done. best_score=27.0, changed=520, unchanged=416, early_stops=8/8
26 - INFO - chord#: 124 In build_straw_man_chord_sa. tolerance = 1, sa_iterations = 1000, initial_temperature = 3.0, cooling_rate = 0.999
26 - INFO - chord#: 104 done. best_score=143.0, changed=617, unchanged=357, early_stops=8/8
26 - INFO - chord#: 106 In build_straw_man_chord_sa. tolerance = 1, sa_iterations = 1000, initial_temperature = 3.0, cooling_rate = 0.999
26 - INFO - chord#: 102 done. best_score=67.0, changed=611, unchanged=250, early_stops=8/8
26 - INFO - chord#: 104 In build_straw_man_chord_sa. tolerance = 1, sa_iterations = 1000, initial_temperature = 3.0, cooling_rate = 0.999
26 - INFO - chord#: 114 done. best_score=64.0, changed=607, unchanged=306, early_stops=8/8
26 - INFO - chord#: 115 In build_straw_man_chord_sa. tolerance = 1, sa_iterations = 1000, initial_temperature = 3.0, cooling_rate = 0.999
26 - INFO - chord#: 102 done. best_score=67.0, changed=610, unchanged=292, early_stops=8/8
26 - INFO - chord#: 104 In build_straw_man_chord_sa. tolerance = 1, sa_iterations = 1000, initial_temperature = 3.0, cooling_rate = 0.999
26 - INFO - chord#: 124 done. best_score=27.0, changed=524, unchanged=375, early_stops=8/8
26 - INFO - chord#: 128 In build_straw_man_chord_sa. tolerance = 1, sa_iterations = 1000, initial_temperature = 3.0, cooling_rate = 0.999
26 - INFO - chord#: 120 done. best_score=27.0, changed=515, unchanged=356, early_stops=8/8
26 - INFO - chord#: 124 In build_straw_man_chord_sa. tolerance = 1, sa_iterations = 1000, initial_temperature = 3.0, cooling_rate = 0.999
26 - INFO - chord#: 112 done. best_score=146.0, changed=610, unchanged=280, early_stops=8/8
26 - INFO - chord#: 114 In build_straw_man_chord_sa. tolerance = 1, sa_iterations = 1000, initial_temperature = 3.0, cooling_rate = 0.999
26 - INFO - chord#: 114 done. best_score=64.0, changed=625, unchanged=484, early_stops=8/8
26 - INFO - chord#: 115 In build_straw_man_chord_sa. tolerance = 1, sa_iterations = 1000, initial_temperature = 3.0, cooling_rate = 0.999
26 - INFO - chord#: 102 done. best_score=67.0, changed=612, unchanged=211, early_stops=8/8
26 - INFO - chord#: 104 In build_straw_man_chord_sa. tolerance = 1, sa_iterations = 1000, initial_temperature = 3.0, cooling_rate = 0.999
26 - INFO - chord#: 106 done. best_score=27.0, changed=524, unchanged=408, early_stops=8/8
26 - INFO - chord#: 108 In build_straw_man_chord_sa. tolerance = 1, sa_iterations = 1000, initial_temperature = 3.0, cooling_rate = 0.999
26 - INFO - chord#: 115 done. best_score=27.0, changed=527, unchanged=321, early_stops=8/8
26 - INFO - chord#: 116 In build_straw_man_chord_sa. tolerance = 1, sa_iterations = 1000, initial_temperature = 3.0, cooling_rate = 0.999
26 - INFO - chord#: 128 done. best_score=27.0, changed=520, unchanged=313, early_stops=8/8
26 - INFO - chord#: 130 In build_straw_man_chord_sa. tolerance = 1, sa_iterations = 1000, initial_temperature = 3.0, cooling_rate = 0.999
26 - INFO - chord#: 114 done. best_score=104.0, changed=616, unchanged=416, early_stops=8/8
26 - INFO - chord#: 115 In build_straw_man_chord_sa. tolerance = 1, sa_iterations = 1000, initial_temperature = 3.0, cooling_rate = 0.999
26 - INFO - chord#: 124 done. best_score=27.0, changed=536, unchanged=388, early_stops=8/8
26 - INFO - chord#: 128 In build_straw_man_chord_sa. tolerance = 1, sa_iterations = 1000, initial_temperature = 3.0, cooling_rate = 0.999
26 - INFO - chord#: 115 done. best_score=27.0, changed=521, unchanged=320, early_stops=8/8
26 - INFO - chord#: 116 In build_straw_man_chord_sa. tolerance = 1, sa_iterations = 1000, initial_temperature = 3.0, cooling_rate = 0.999
26 - INFO - chord#: 130 done. best_score=9.0, changed=468, unchanged=374, early_stops=8/8
26 - INFO - chord#: 132 In build_straw_man_chord_sa. tolerance = 1, sa_iterations = 1000, initial_temperature = 3.0, cooling_rate = 0.999
26 - INFO - chord#: 104 done. best_score=140.0, changed=614, unchanged=365, early_stops=8/8
26 - INFO - chord#: 106 In build_straw_man_chord_sa. tolerance = 1, sa_iterations = 1000, initial_temperature = 3.0, cooling_rate = 0.999
26 - INFO - chord#: 112 done. best_score=150.0, changed=622, unchanged=420, early_stops=8/8
26 - INFO - chord#: 114 In build_straw_man_chord_sa. tolerance = 1, sa_iterations = 1000, initial_temperature = 3.0, cooling_rate = 0.999
26 - INFO - chord#: 108 done. best_score=27.0, changed=518, unchanged=463, early_stops=8/8
26 - INFO - chord#: 110 In build_straw_man_chord_sa. tolerance = 1, sa_iterations = 1000, initial_temperature = 3.0, cooling_rate = 0.999
26 - INFO - chord#: 128 done. best_score=27.0, changed=536, unchanged=340, early_stops=8/8
26 - INFO - chord#: 130 In build_straw_man_chord_sa. tolerance = 1, sa_iterations = 1000, initial_temperature = 3.0, cooling_rate = 0.999
26 - INFO - chord#: 116 done. best_score=27.0, changed=516, unchanged=439, early_stops=8/8
26 - INFO - chord#: 118 In build_straw_man_chord_sa. tolerance = 1, sa_iterations = 1000, initial_temperature = 3.0, cooling_rate = 0.999
26 - INFO - chord#: 115 done. best_score=36.0, changed=527, unchanged=317, early_stops=8/8
26 - INFO - chord#: 116 In build_straw_man_chord_sa. tolerance = 1, sa_iterations = 1000, initial_temperature = 3.0, cooling_rate = 0.999
26 - INFO - chord#: 110 done. best_score=7.0, changed=498, unchanged=310, early_stops=8/8
26 - INFO - chord#: 112 In build_straw_man_chord_sa. tolerance = 1, sa_iterations = 1000, initial_temperature = 3.0, cooling_rate = 0.999
26 - INFO - chord#: 132 done. best_score=27.0, changed=523, unchanged=394, early_stops=8/8
26 - INFO - chord#: 134 In build_straw_man_chord_sa. tolerance = 1, sa_iterations = 1000, initial_temperature = 3.0, cooling_rate = 0.999
26 - INFO - chord#: 130 done. best_score=9.0, changed=496, unchanged=311, early_stops=8/8
26 - INFO - chord#: 132 In build_straw_man_chord_sa. tolerance = 1, sa_iterations = 1000, initial_temperature = 3.0, cooling_rate = 0.999
26 - INFO - chord#: 116 done. best_score=27.0, changed=518, unchanged=469, early_stops=8/8
26 - INFO - chord#: 118 In build_straw_man_chord_sa. tolerance = 1, sa_iterations = 1000, initial_temperature = 3.0, cooling_rate = 0.999
26 - INFO - chord#: 118 done. best_score=7.0, changed=508, unchanged=315, early_stops=8/8
26 - INFO - chord#: 120 In build_straw_man_chord_sa. tolerance = 1, sa_iterations = 1000, initial_temperature = 3.0, cooling_rate = 0.999
26 - INFO - chord#: 104 done. best_score=140.0, changed=613, unchanged=334, early_stops=8/8
26 - INFO - chord#: 106 In build_straw_man_chord_sa. tolerance = 1, sa_iterations = 1000, initial_temperature = 3.0, cooling_rate = 0.999
26 - INFO - chord#: 104 done. best_score=143.0, changed=612, unchanged=260, early_stops=8/8
26 - INFO - chord#: 106 In build_straw_man_chord_sa. tolerance = 1, sa_iterations = 1000, initial_temperature = 3.0, cooling_rate = 0.999
26 - INFO - chord#: 118 done. best_score=7.0, changed=497, unchanged=322, early_stops=8/8
26 - INFO - chord#: 120 In build_straw_man_chord_sa. tolerance = 1, sa_iterations = 1000, initial_temperature = 3.0, cooling_rate = 0.999
26 - INFO - chord#: 106 done. best_score=27.0, changed=518, unchanged=325, early_stops=8/8
26 - INFO - chord#: 108 In build_straw_man_chord_sa. tolerance = 1, sa_iterations = 1000, initial_temperature = 3.0, cooling_rate = 0.999
26 - INFO - chord#: 114 done. best_score=64.0, changed=611, unchanged=314, early_stops=8/8
26 - INFO - chord#: 115 In build_straw_man_chord_sa. tolerance = 1, sa_iterations = 1000, initial_temperature = 3.0, cooling_rate = 0.999
26 - INFO - chord#: 116 done. best_score=27.0, changed=515, unchanged=430, early_stops=8/8
26 - INFO - chord#: 118 In build_straw_man_chord_sa. tolerance = 1, sa_iterations = 1000, initial_temperature = 3.0, cooling_rate = 0.999
26 - INFO - chord#: 106 done. best_score=27.0, changed=525, unchanged=405, early_stops=8/8
26 - INFO - chord#: 108 In build_straw_man_chord_sa. tolerance = 1, sa_iterations = 1000, initial_temperature = 3.0, cooling_rate = 0.999
26 - INFO - chord#: 132 done. best_score=27.0, changed=522, unchanged=473, early_stops=8/8
26 - INFO - chord#: 134 In build_straw_man_chord_sa. tolerance = 1, sa_iterations = 1000, initial_temperature = 3.0, cooling_rate = 0.999
26 - INFO - chord#: 120 done. best_score=27.0, changed=533, unchanged=352, early_stops=8/8
26 - INFO - chord#: 124 In build_straw_man_chord_sa. tolerance = 1, sa_iterations = 1000, initial_temperature = 3.0, cooling_rate = 0.999
26 - INFO - chord#: 118 done. best_score=7.0, changed=509, unchanged=300, early_stops=8/8
26 - INFO - chord#: 120 In build_straw_man_chord_sa. tolerance = 1, sa_iterations = 1000, initial_temperature = 3.0, cooling_rate = 0.999
26 - INFO - chord#: 120 done. best_score=27.0, changed=526, unchanged=423, early_stops=8/8
26 - INFO - chord#: 124 In build_straw_man_chord_sa. tolerance = 1, sa_iterations = 1000, initial_temperature = 3.0, cooling_rate = 0.999
26 - INFO - chord#: 114 done. best_score=125.0, changed=608, unchanged=234, early_stops=8/8
26 - INFO - chord#: 115 In build_straw_man_chord_sa. tolerance = 1, sa_iterations = 1000, initial_temperature = 3.0, cooling_rate = 0.999
26 - INFO - chord#: 104 done. best_score=142.0, changed=613, unchanged=405, early_stops=8/8
26 - INFO - chord#: 106 In build_straw_man_chord_sa. tolerance = 1, sa_iterations = 1000, initial_temperature = 3.0, cooling_rate = 0.999
26 - INFO - chord#: 106 done. best_score=27.0, changed=539, unchanged=439, early_stops=8/8
26 - INFO - chord#: 108 In build_straw_man_chord_sa. tolerance = 1, sa_iterations = 1000, initial_temperature = 3.0, cooling_rate = 0.999
26 - INFO - chord#: 115 done. best_score=27.0, changed=521, unchanged=310, early_stops=8/8
26 - INFO - chord#: 116 In build_straw_man_chord_sa. tolerance = 1, sa_iterations = 1000, initial_temperature = 3.0, cooling_rate = 0.999
26 - INFO - chord#: 134 done. best_score=74.0, changed=606, unchanged=211, early_stops=8/8
26 - INFO - chord#: 136 In build_straw_man_chord_sa. tolerance = 1, sa_iterations = 1000, initial_temperature = 3.0, cooling_rate = 0.999
26 - INFO - chord#: 108 done. best_score=27.0, changed=525, unchanged=465, early_stops=8/8
26 - INFO - chord#: 110 In build_straw_man_chord_sa. tolerance = 1, sa_iterations = 1000, initial_temperature = 3.0, cooling_rate = 0.999
26 - INFO - chord#: 115 done. best_score=61.0, changed=538, unchanged=320, early_stops=8/8
26 - INFO - chord#: 116 In build_straw_man_chord_sa. tolerance = 1, sa_iterations = 1000, initial_temperature = 3.0, cooling_rate = 0.999
26 - INFO - chord#: 108 done. best_score=27.0, changed=520, unchanged=469, early_stops=8/8
26 - INFO - chord#: 110 In build_straw_man_chord_sa. tolerance = 1, sa_iterations = 1000, initial_temperature = 3.0, cooling_rate = 0.999
26 - INFO - chord#: 124 done. best_score=27.0, changed=524, unchanged=335, early_stops=8/8
26 - INFO - chord#: 128 In build_straw_man_chord_sa. tolerance = 1, sa_iterations = 1000, initial_temperature = 3.0, cooling_rate = 0.999
26 - INFO - chord#: 124 done. best_score=27.0, changed=519, unchanged=322, early_stops=8/8
26 - INFO - chord#: 128 In build_straw_man_chord_sa. tolerance = 1, sa_iterations = 1000, initial_temperature = 3.0, cooling_rate = 0.999
26 - INFO - chord#: 110 done. best_score=7.0, changed=500, unchanged=315, early_stops=8/8
26 - INFO - chord#: 112 In build_straw_man_chord_sa. tolerance = 1, sa_iterations = 1000, initial_temperature = 3.0, cooling_rate = 0.999
26 - INFO - chord#: 112 done. best_score=82.0, changed=612, unchanged=360, early_stops=8/8
26 - INFO - chord#: 114 In build_straw_man_chord_sa. tolerance = 1, sa_iterations = 1000, initial_temperature = 3.0, cooling_rate = 0.999
26 - INFO - chord#: 110 done. best_score=7.0, changed=504, unchanged=301, early_stops=8/8
26 - INFO - chord#: 112 In build_straw_man_chord_sa. tolerance = 1, sa_iterations = 1000, initial_temperature = 3.0, cooling_rate = 0.999
26 - INFO - chord#: 120 done. best_score=27.0, changed=519, unchanged=371, early_stops=8/8
26 - INFO - chord#: 124 In build_straw_man_chord_sa. tolerance = 1, sa_iterations = 1000, initial_temperature = 3.0, cooling_rate = 0.999
26 - INFO - chord#: 106 done. best_score=27.0, changed=519, unchanged=402, early_stops=8/8
26 - INFO - chord#: 108 In build_straw_man_chord_sa. tolerance = 1, sa_iterations = 1000, initial_temperature = 3.0, cooling_rate = 0.999
26 - INFO - chord#: 108 done. best_score=27.0, changed=514, unchanged=323, early_stops=8/8
26 - INFO - chord#: 110 In build_straw_man_chord_sa. tolerance = 1, sa_iterations = 1000, initial_temperature = 3.0, cooling_rate = 0.999
26 - INFO - chord#: 128 done. best_score=27.0, changed=529, unchanged=349, early_stops=8/8
26 - INFO - chord#: 130 In build_straw_man_chord_sa. tolerance = 1, sa_iterations = 1000, initial_temperature = 3.0, cooling_rate = 0.999
26 - INFO - chord#: 116 done. best_score=27.0, changed=520, unchanged=394, early_stops=8/8
26 - INFO - chord#: 118 In build_straw_man_chord_sa. tolerance = 1, sa_iterations = 1000, initial_temperature = 3.0, cooling_rate = 0.999
26 - INFO - chord#: 110 done. best_score=7.0, changed=486, unchanged=334, early_stops=8/8
26 - INFO - chord#: 112 In build_straw_man_chord_sa. tolerance = 1, sa_iterations = 1000, initial_temperature = 3.0, cooling_rate = 0.999
26 - INFO - chord#: 116 done. best_score=27.0, changed=519, unchanged=391, early_stops=8/8
26 - INFO - chord#: 118 In build_straw_man_chord_sa. tolerance = 1, sa_iterations = 1000, initial_temperature = 3.0, cooling_rate = 0.999
26 - INFO - chord#: 134 done. best_score=96.0, changed=611, unchanged=217, early_stops=8/8
26 - INFO - chord#: 136 In build_straw_man_chord_sa. tolerance = 1, sa_iterations = 1000, initial_temperature = 3.0, cooling_rate = 0.999
26 - INFO - chord#: 130 done. best_score=9.0, changed=482, unchanged=349, early_stops=8/8
26 - INFO - chord#: 132 In build_straw_man_chord_sa. tolerance = 1, sa_iterations = 1000, initial_temperature = 3.0, cooling_rate = 0.999
26 - INFO - chord#: 118 done. best_score=7.0, changed=485, unchanged=319, early_stops=8/8
26 - INFO - chord#: 120 In build_straw_man_chord_sa. tolerance = 1, sa_iterations = 1000, initial_temperature = 3.0, cooling_rate = 0.999
26 - INFO - chord#: 118 done. best_score=7.0, changed=497, unchanged=325, early_stops=8/8
26 - INFO - chord#: 120 In build_straw_man_chord_sa. tolerance = 1, sa_iterations = 1000, initial_temperature = 3.0, cooling_rate = 0.999
26 - INFO - chord#: 128 done. best_score=27.0, changed=524, unchanged=365, early_stops=8/8
26 - INFO - chord#: 130 In build_straw_man_chord_sa. tolerance = 1, sa_iterations = 1000, initial_temperature = 3.0, cooling_rate = 0.999
26 - INFO - chord#: 124 done. best_score=27.0, changed=527, unchanged=359, early_stops=8/8
26 - INFO - chord#: 128 In build_straw_man_chord_sa. tolerance = 1, sa_iterations = 1000, initial_temperature = 3.0, cooling_rate = 0.999
26 - INFO - chord#: 130 done. best_score=9.0, changed=485, unchanged=330, early_stops=8/8
26 - INFO - chord#: 132 In build_straw_man_chord_sa. tolerance = 1, sa_iterations = 1000, initial_temperature = 3.0, cooling_rate = 0.999
26 - INFO - chord#: 108 done. best_score=27.0, changed=529, unchanged=417, early_stops=8/8
26 - INFO - chord#: 110 In build_straw_man_chord_sa. tolerance = 1, sa_iterations = 1000, initial_temperature = 3.0, cooling_rate = 0.999
26 - INFO - chord#: 120 done. best_score=27.0, changed=520, unchanged=339, early_stops=8/8
26 - INFO - chord#: 124 In build_straw_man_chord_sa. tolerance = 1, sa_iterations = 1000, initial_temperature = 3.0, cooling_rate = 0.999
26 - INFO - chord#: 114 done. best_score=104.0, changed=609, unchanged=227, early_stops=8/8
26 - INFO - chord#: 115 In build_straw_man_chord_sa. tolerance = 1, sa_iterations = 1000, initial_temperature = 3.0, cooling_rate = 0.999
26 - INFO - chord#: 132 done. best_score=27.0, changed=518, unchanged=371, early_stops=8/8
26 - INFO - chord#: 134 In build_straw_man_chord_sa. tolerance = 1, sa_iterations = 1000, initial_temperature = 3.0, cooling_rate = 0.999
26 - INFO - chord#: 110 done. best_score=7.0, changed=495, unchanged=312, early_stops=8/8
26 - INFO - chord#: 112 In build_straw_man_chord_sa. tolerance = 1, sa_iterations = 1000, initial_temperature = 3.0, cooling_rate = 0.999
26 - INFO - chord#: 136 done. best_score=131.0, changed=616, unchanged=323, early_stops=8/8
26 - INFO - chord#: 138 In build_straw_man_chord_sa. tolerance = 1, sa_iterations = 1000, initial_temperature = 3.0, cooling_rate = 0.999
26 - INFO - chord#: 128 done. best_score=27.0, changed=528, unchanged=380, early_stops=8/8
26 - INFO - chord#: 130 In build_straw_man_chord_sa. tolerance = 1, sa_iterations = 1000, initial_temperature = 3.0, cooling_rate = 0.999
26 - INFO - chord#: 120 done. best_score=27.0, changed=531, unchanged=468, early_stops=8/8
26 - INFO - chord#: 124 In build_straw_man_chord_sa. tolerance = 1, sa_iterations = 1000, initial_temperature = 3.0, cooling_rate = 0.999
26 - INFO - chord#: 112 done. best_score=82.0, changed=619, unchanged=402, early_stops=8/8
26 - INFO - chord#: 114 In build_straw_man_chord_sa. tolerance = 1, sa_iterations = 1000, initial_temperature = 3.0, cooling_rate = 0.999
26 - INFO - chord#: 132 done. best_score=27.0, changed=536, unchanged=437, early_stops=8/8
26 - INFO - chord#: 134 In build_straw_man_chord_sa. tolerance = 1, sa_iterations = 1000, initial_temperature = 3.0, cooling_rate = 0.999
26 - INFO - chord#: 115 done. best_score=61.0, changed=530, unchanged=318, early_stops=8/8
26 - INFO - chord#: 116 In build_straw_man_chord_sa. tolerance = 1, sa_iterations = 1000, initial_temperature = 3.0, cooling_rate = 0.999
26 - INFO - chord#: 130 done. best_score=9.0, changed=475, unchanged=344, early_stops=8/8
26 - INFO - chord#: 132 In build_straw_man_chord_sa. tolerance = 1, sa_iterations = 1000, initial_temperature = 3.0, cooling_rate = 0.999
26 - INFO - chord#: 124 done. best_score=27.0, changed=535, unchanged=372, early_stops=8/8
26 - INFO - chord#: 128 In build_straw_man_chord_sa. tolerance = 1, sa_iterations = 1000, initial_temperature = 3.0, cooling_rate = 0.999
26 - INFO - chord#: 138 done. best_score=47.0, changed=526, unchanged=316, early_stops=8/8
26 - INFO - chord#: 140 In build_straw_man_chord_sa. tolerance = 1, sa_iterations = 1000, initial_temperature = 3.0, cooling_rate = 0.999
26 - INFO - chord#: 112 done. best_score=82.0, changed=615, unchanged=339, early_stops=8/8
26 - INFO - chord#: 114 In build_straw_man_chord_sa. tolerance = 1, sa_iterations = 1000, initial_temperature = 3.0, cooling_rate = 0.999
26 - INFO - chord#: 136 done. best_score=78.0, changed=616, unchanged=332, early_stops=8/8
26 - INFO - chord#: 138 In build_straw_man_chord_sa. tolerance = 1, sa_iterations = 1000, initial_temperature = 3.0, cooling_rate = 0.999
26 - INFO - chord#: 124 done. best_score=27.0, changed=524, unchanged=330, early_stops=8/8
26 - INFO - chord#: 128 In build_straw_man_chord_sa. tolerance = 1, sa_iterations = 1000, initial_temperature = 3.0, cooling_rate = 0.999
26 - INFO - chord#: 128 done. best_score=27.0, changed=529, unchanged=360, early_stops=8/8
26 - INFO - chord#: 130 In build_straw_man_chord_sa. tolerance = 1, sa_iterations = 1000, initial_temperature = 3.0, cooling_rate = 0.999
26 - INFO - chord#: 116 done. best_score=27.0, changed=518, unchanged=452, early_stops=8/8
26 - INFO - chord#: 118 In build_straw_man_chord_sa. tolerance = 1, sa_iterations = 1000, initial_temperature = 3.0, cooling_rate = 0.999
26 - INFO - chord#: 112 done. best_score=124.0, changed=609, unchanged=356, early_stops=8/8
26 - INFO - chord#: 114 In build_straw_man_chord_sa. tolerance = 1, sa_iterations = 1000, initial_temperature = 3.0, cooling_rate = 0.999
26 - INFO - chord#: 130 done. best_score=9.0, changed=473, unchanged=349, early_stops=8/8
26 - INFO - chord#: 132 In build_straw_man_chord_sa. tolerance = 1, sa_iterations = 1000, initial_temperature = 3.0, cooling_rate = 0.999
26 - INFO - chord#: 118 done. best_score=7.0, changed=505, unchanged=345, early_stops=8/8
26 - INFO - chord#: 120 In build_straw_man_chord_sa. tolerance = 1, sa_iterations = 1000, initial_temperature = 3.0, cooling_rate = 0.999
26 - INFO - chord#: 132 done. best_score=27.0, changed=524, unchanged=407, early_stops=8/8
26 - INFO - chord#: 140 done. best_score=27.0, changed=510, unchanged=350, early_stops=8/8
26 - INFO - chord#: 134 In build_straw_man_chord_sa. tolerance = 1, sa_iterations = 1000, initial_temperature = 3.0, cooling_rate = 0.999
26 - INFO - chord#: 142 In build_straw_man_chord_sa. tolerance = 1, sa_iterations = 1000, initial_temperature = 3.0, cooling_rate = 0.999
26 - INFO - chord#: 134 done. best_score=74.0, changed=610, unchanged=283, early_stops=8/8
26 - INFO - chord#: 136 In build_straw_man_chord_sa. tolerance = 1, sa_iterations = 1000, initial_temperature = 3.0, cooling_rate = 0.999
26 - INFO - chord#: 138 done. best_score=47.0, changed=528, unchanged=400, early_stops=8/8
26 - INFO - chord#: 140 In build_straw_man_chord_sa. tolerance = 1, sa_iterations = 1000, initial_temperature = 3.0, cooling_rate = 0.999
26 - INFO - chord#: 128 done. best_score=27.0, changed=525, unchanged=383, early_stops=8/8
26 - INFO - chord#: 130 In build_straw_man_chord_sa. tolerance = 1, sa_iterations = 1000, initial_temperature = 3.0, cooling_rate = 0.999
26 - INFO - chord#: 132 done. best_score=27.0, changed=521, unchanged=391, early_stops=8/8
26 - INFO - chord#: 134 In build_straw_man_chord_sa. tolerance = 1, sa_iterations = 1000, initial_temperature = 3.0, cooling_rate = 0.999
26 - INFO - chord#: 114 done. best_score=64.0, changed=619, unchanged=528, early_stops=8/8
26 - INFO - chord#: 115 In build_straw_man_chord_sa. tolerance = 1, sa_iterations = 1000, initial_temperature = 3.0, cooling_rate = 0.999
26 - INFO - chord#: 130 done. best_score=9.0, changed=486, unchanged=337, early_stops=8/8
26 - INFO - chord#: 132 In build_straw_man_chord_sa. tolerance = 1, sa_iterations = 1000, initial_temperature = 3.0, cooling_rate = 0.999
26 - INFO - chord#: 120 done. best_score=27.0, changed=521, unchanged=399, early_stops=8/8
26 - INFO - chord#: 124 In build_straw_man_chord_sa. tolerance = 1, sa_iterations = 1000, initial_temperature = 3.0, cooling_rate = 0.999
26 - INFO - chord#: 142 done. best_score=27.0, changed=523, unchanged=334, early_stops=8/8
26 - INFO - chord#: 144 In build_straw_man_chord_sa. tolerance = 1, sa_iterations = 1000, initial_temperature = 3.0, cooling_rate = 0.999
26 - INFO - chord#: 140 done. best_score=27.0, changed=520, unchanged=386, early_stops=8/8
26 - INFO - chord#: 142 In build_straw_man_chord_sa. tolerance = 1, sa_iterations = 1000, initial_temperature = 3.0, cooling_rate = 0.999
26 - INFO - chord#: 114 done. best_score=64.0, changed=611, unchanged=287, early_stops=8/8
26 - INFO - chord#: 115 In build_straw_man_chord_sa. tolerance = 1, sa_iterations = 1000, initial_temperature = 3.0, cooling_rate = 0.999
26 - INFO - chord#: 124 done. best_score=27.0, changed=531, unchanged=376, early_stops=8/8
26 - INFO - chord#: 128 In build_straw_man_chord_sa. tolerance = 1, sa_iterations = 1000, initial_temperature = 3.0, cooling_rate = 0.999
26 - INFO - chord#: 115 done. best_score=27.0, changed=529, unchanged=387, early_stops=8/8
26 - INFO - chord#: 116 In build_straw_man_chord_sa. tolerance = 1, sa_iterations = 1000, initial_temperature = 3.0, cooling_rate = 0.999
26 - INFO - chord#: 134 done. best_score=74.0, changed=616, unchanged=384, early_stops=8/8
26 - INFO - chord#: 136 In build_straw_man_chord_sa. tolerance = 1, sa_iterations = 1000, initial_temperature = 3.0, cooling_rate = 0.999
26 - INFO - chord#: 142 done. best_score=27.0, changed=514, unchanged=321, early_stops=8/8
26 - INFO - chord#: 112 done. best_score=124.0, changed=621, unchanged=598, early_stops=8/8
26 - INFO - chord#: 144 In build_straw_man_chord_sa. tolerance = 1, sa_iterations = 1000, initial_temperature = 3.0, cooling_rate = 0.999
26 - INFO - chord#: 114 In build_straw_man_chord_sa. tolerance = 1, sa_iterations = 1000, initial_temperature = 3.0, cooling_rate = 0.999
26 - INFO - chord#: 132 done. best_score=27.0, changed=514, unchanged=392, early_stops=8/8
26 - INFO - chord#: 134 In build_straw_man_chord_sa. tolerance = 1, sa_iterations = 1000, initial_temperature = 3.0, cooling_rate = 0.999
26 - INFO - chord#: 115 done. best_score=27.0, changed=524, unchanged=307, early_stops=8/8
26 - INFO - chord#: 116 In build_straw_man_chord_sa. tolerance = 1, sa_iterations = 1000, initial_temperature = 3.0, cooling_rate = 0.999
26 - INFO - chord#: 114 done. best_score=112.0, changed=614, unchanged=325, early_stops=8/8
26 - INFO - chord#: 115 In build_straw_man_chord_sa. tolerance = 1, sa_iterations = 1000, initial_temperature = 3.0, cooling_rate = 0.999
26 - INFO - chord#: 136 done. best_score=67.0, changed=614, unchanged=335, early_stops=8/8
26 - INFO - chord#: 138 In build_straw_man_chord_sa. tolerance = 1, sa_iterations = 1000, initial_temperature = 3.0, cooling_rate = 0.999
26 - INFO - chord#: 128 done. best_score=27.0, changed=521, unchanged=321, early_stops=8/8
26 - INFO - chord#: 130 In build_straw_man_chord_sa. tolerance = 1, sa_iterations = 1000, initial_temperature = 3.0, cooling_rate = 0.999
26 - INFO - chord#: 134 done. best_score=96.0, changed=611, unchanged=263, early_stops=8/8
26 - INFO - chord#: 136 In build_straw_man_chord_sa. tolerance = 1, sa_iterations = 1000, initial_temperature = 3.0, cooling_rate = 0.999
26 - INFO - chord#: 116 done. best_score=27.0, changed=516, unchanged=406, early_stops=8/8
26 - INFO - chord#: 118 In build_straw_man_chord_sa. tolerance = 1, sa_iterations = 1000, initial_temperature = 3.0, cooling_rate = 0.999
26 - INFO - chord#: 130 done. best_score=9.0, changed=470, unchanged=356, early_stops=8/8
26 - INFO - chord#: 132 In build_straw_man_chord_sa. tolerance = 1, sa_iterations = 1000, initial_temperature = 3.0, cooling_rate = 0.999
26 - INFO - chord#: 118 done. best_score=7.0, changed=503, unchanged=314, early_stops=8/8
26 - INFO - chord#: 120 In build_straw_man_chord_sa. tolerance = 1, sa_iterations = 1000, initial_temperature = 3.0, cooling_rate = 0.999
26 - INFO - chord#: 116 done. best_score=27.0, changed=521, unchanged=405, early_stops=8/8
26 - INFO - chord#: 118 In build_straw_man_chord_sa. tolerance = 1, sa_iterations = 1000, initial_temperature = 3.0, cooling_rate = 0.999
26 - INFO - chord#: 115 done. best_score=36.0, changed=536, unchanged=337, early_stops=8/8
26 - INFO - chord#: 116 In build_straw_man_chord_sa. tolerance = 1, sa_iterations = 1000, initial_temperature = 3.0, cooling_rate = 0.999
26 - INFO - chord#: 118 done. best_score=7.0, changed=498, unchanged=315, early_stops=8/8
26 - INFO - chord#: 120 In build_straw_man_chord_sa. tolerance = 1, sa_iterations = 1000, initial_temperature = 3.0, cooling_rate = 0.999
26 - INFO - chord#: 138 done. best_score=36.0, changed=521, unchanged=312, early_stops=8/8
26 - INFO - chord#: 140 In build_straw_man_chord_sa. tolerance = 1, sa_iterations = 1000, initial_temperature = 3.0, cooling_rate = 0.999
26 - INFO - chord#: 132 done. best_score=27.0, changed=522, unchanged=433, early_stops=8/8
26 - INFO - chord#: 134 In build_straw_man_chord_sa. tolerance = 1, sa_iterations = 1000, initial_temperature = 3.0, cooling_rate = 0.999
26 - INFO - chord#: 134 done. best_score=74.0, changed=619, unchanged=517, early_stops=8/8
26 - INFO - chord#: 136 In build_straw_man_chord_sa. tolerance = 1, sa_iterations = 1000, initial_temperature = 3.0, cooling_rate = 0.999
26 - INFO - chord#: 120 done. best_score=27.0, changed=519, unchanged=387, early_stops=8/8
26 - INFO - chord#: 124 In build_straw_man_chord_sa. tolerance = 1, sa_iterations = 1000, initial_temperature = 3.0, cooling_rate = 0.999
26 - INFO - chord#: 144 done. best_score=96.0, changed=612, unchanged=248, early_stops=8/8
26 - INFO - chord#: 146 In build_straw_man_chord_sa. tolerance = 1, sa_iterations = 1000, initial_temperature = 3.0, cooling_rate = 0.999
26 - INFO - chord#: 120 done. best_score=27.0, changed=518, unchanged=307, early_stops=8/8
26 - INFO - chord#: 124 In build_straw_man_chord_sa. tolerance = 1, sa_iterations = 1000, initial_temperature = 3.0, cooling_rate = 0.999
26 - INFO - chord#: 144 done. best_score=74.0, changed=612, unchanged=414, early_stops=8/8
26 - INFO - chord#: 146 In build_straw_man_chord_sa. tolerance = 1, sa_iterations = 1000, initial_temperature = 3.0, cooling_rate = 0.999
26 - INFO - chord#: 134 done. best_score=74.0, changed=607, unchanged=218, early_stops=8/8
26 - INFO - chord#: 136 In build_straw_man_chord_sa. tolerance = 1, sa_iterations = 1000, initial_temperature = 3.0, cooling_rate = 0.999
26 - INFO - chord#: 140 done. best_score=27.0, changed=517, unchanged=395, early_stops=8/8
26 - INFO - chord#: 142 In build_straw_man_chord_sa. tolerance = 1, sa_iterations = 1000, initial_temperature = 3.0, cooling_rate = 0.999
26 - INFO - chord#: 116 done. best_score=27.0, changed=530, unchanged=556, early_stops=8/8
26 - INFO - chord#: 118 In build_straw_man_chord_sa. tolerance = 1, sa_iterations = 1000, initial_temperature = 3.0, cooling_rate = 0.999
26 - INFO - chord#: 114 done. best_score=104.0, changed=613, unchanged=405, early_stops=8/8
26 - INFO - chord#: 115 In build_straw_man_chord_sa. tolerance = 1, sa_iterations = 1000, initial_temperature = 3.0, cooling_rate = 0.999
26 - INFO - chord#: 124 done. best_score=27.0, changed=516, unchanged=299, early_stops=8/8
26 - INFO - chord#: 128 In build_straw_man_chord_sa. tolerance = 1, sa_iterations = 1000, initial_temperature = 3.0, cooling_rate = 0.999
26 - INFO - chord#: 118 done. best_score=7.0, changed=493, unchanged=327, early_stops=8/8
26 - INFO - chord#: 120 In build_straw_man_chord_sa. tolerance = 1, sa_iterations = 1000, initial_temperature = 3.0, cooling_rate = 0.999
26 - INFO - chord#: 124 done. best_score=27.0, changed=524, unchanged=350, early_stops=8/8
26 - INFO - chord#: 128 In build_straw_man_chord_sa. tolerance = 1, sa_iterations = 1000, initial_temperature = 3.0, cooling_rate = 0.999
26 - INFO - chord#: 136 done. best_score=78.0, changed=613, unchanged=329, early_stops=8/8
26 - INFO - chord#: 138 In build_straw_man_chord_sa. tolerance = 1, sa_iterations = 1000, initial_temperature = 3.0, cooling_rate = 0.999
26 - INFO - chord#: 136 done. best_score=78.0, changed=609, unchanged=313, early_stops=8/8
26 - INFO - chord#: 138 In build_straw_man_chord_sa. tolerance = 1, sa_iterations = 1000, initial_temperature = 3.0, cooling_rate = 0.999
26 - INFO - chord#: 146 done. best_score=27.0, changed=531, unchanged=355, early_stops=8/8
26 - INFO - chord#: 147 In build_straw_man_chord_sa. tolerance = 1, sa_iterations = 1000, initial_temperature = 3.0, cooling_rate = 0.999
26 - INFO - chord#: 142 done. best_score=27.0, changed=520, unchanged=352, early_stops=8/8
26 - INFO - chord#: 144 In build_straw_man_chord_sa. tolerance = 1, sa_iterations = 1000, initial_temperature = 3.0, cooling_rate = 0.999
26 - INFO - chord#: 146 done. best_score=27.0, changed=525, unchanged=414, early_stops=8/8
26 - INFO - chord#: 147 In build_straw_man_chord_sa. tolerance = 1, sa_iterations = 1000, initial_temperature = 3.0, cooling_rate = 0.999
26 - INFO - chord#: 115 done. best_score=36.0, changed=537, unchanged=338, early_stops=8/8
26 - INFO - chord#: 116 In build_straw_man_chord_sa. tolerance = 1, sa_iterations = 1000, initial_temperature = 3.0, cooling_rate = 0.999
26 - INFO - chord#: 128 done. best_score=27.0, changed=528, unchanged=374, early_stops=8/8
26 - INFO - chord#: 130 In build_straw_man_chord_sa. tolerance = 1, sa_iterations = 1000, initial_temperature = 3.0, cooling_rate = 0.999
26 - INFO - chord#: 128 done. best_score=27.0, changed=520, unchanged=328, early_stops=8/8
26 - INFO - chord#: 130 In build_straw_man_chord_sa. tolerance = 1, sa_iterations = 1000, initial_temperature = 3.0, cooling_rate = 0.999
26 - INFO - chord#: 130 done. best_score=9.0, changed=479, unchanged=348, early_stops=8/8
26 - INFO - chord#: 132 In build_straw_man_chord_sa. tolerance = 1, sa_iterations = 1000, initial_temperature = 3.0, cooling_rate = 0.999
26 - INFO - chord#: 138 done. best_score=47.0, changed=528, unchanged=342, early_stops=8/8
26 - INFO - chord#: 140 In build_straw_man_chord_sa. tolerance = 1, sa_iterations = 1000, initial_temperature = 3.0, cooling_rate = 0.999
26 - INFO - chord#: 134 done. best_score=96.0, changed=612, unchanged=319, early_stops=8/8
26 - INFO - chord#: 136 In build_straw_man_chord_sa. tolerance = 1, sa_iterations = 1000, initial_temperature = 3.0, cooling_rate = 0.999
26 - INFO - chord#: 120 done. best_score=27.0, changed=524, unchanged=487, early_stops=8/8
26 - INFO - chord#: 124 In build_straw_man_chord_sa. tolerance = 1, sa_iterations = 1000, initial_temperature = 3.0, cooling_rate = 0.999
26 - INFO - chord#: 130 done. best_score=9.0, changed=479, unchanged=367, early_stops=8/8
26 - INFO - chord#: 132 In build_straw_man_chord_sa. tolerance = 1, sa_iterations = 1000, initial_temperature = 3.0, cooling_rate = 0.999
26 - INFO - chord#: 138 done. best_score=36.0, changed=524, unchanged=395, early_stops=8/8
26 - INFO - chord#: 140 In build_straw_man_chord_sa. tolerance = 1, sa_iterations = 1000, initial_temperature = 3.0, cooling_rate = 0.999
26 - INFO - chord#: 136 done. best_score=101.0, changed=618, unchanged=396, early_stops=8/8
26 - INFO - chord#: 138 In build_straw_man_chord_sa. tolerance = 1, sa_iterations = 1000, initial_temperature = 3.0, cooling_rate = 0.999
26 - INFO - chord#: 116 done. best_score=27.0, changed=525, unchanged=517, early_stops=8/8
26 - INFO - chord#: 118 In build_straw_man_chord_sa. tolerance = 1, sa_iterations = 1000, initial_temperature = 3.0, cooling_rate = 0.999
26 - INFO - chord#: 118 done. best_score=7.0, changed=509, unchanged=305, early_stops=8/8
26 - INFO - chord#: 120 In build_straw_man_chord_sa. tolerance = 1, sa_iterations = 1000, initial_temperature = 3.0, cooling_rate = 0.999
26 - INFO - chord#: 132 done. best_score=27.0, changed=523, unchanged=439, early_stops=8/8
26 - INFO - chord#: 134 In build_straw_man_chord_sa. tolerance = 1, sa_iterations = 1000, initial_temperature = 3.0, cooling_rate = 0.999
26 - INFO - chord#: 136 done. best_score=125.0, changed=611, unchanged=247, early_stops=8/8
26 - INFO - chord#: 138 In build_straw_man_chord_sa. tolerance = 1, sa_iterations = 1000, initial_temperature = 3.0, cooling_rate = 0.999
26 - INFO - chord#: 140 done. best_score=27.0, changed=524, unchanged=498, early_stops=8/8
26 - INFO - chord#: 142 In build_straw_man_chord_sa. tolerance = 1, sa_iterations = 1000, initial_temperature = 3.0, cooling_rate = 0.999
26 - INFO - chord#: 132 done. best_score=27.0, changed=537, unchanged=503, early_stops=8/8
26 - INFO - chord#: 134 In build_straw_man_chord_sa. tolerance = 1, sa_iterations = 1000, initial_temperature = 3.0, cooling_rate = 0.999
26 - INFO - chord#: 138 done. best_score=47.0, changed=535, unchanged=290, early_stops=8/8
26 - INFO - chord#: 140 In build_straw_man_chord_sa. tolerance = 1, sa_iterations = 1000, initial_temperature = 3.0, cooling_rate = 0.999
26 - INFO - chord#: 124 done. best_score=27.0, changed=531, unchanged=440, early_stops=8/8
26 - INFO - chord#: 128 In build_straw_man_chord_sa. tolerance = 1, sa_iterations = 1000, initial_temperature = 3.0, cooling_rate = 0.999
26 - INFO - chord#: 140 done. best_score=27.0, changed=525, unchanged=377, early_stops=8/8
26 - INFO - chord#: 142 In build_straw_man_chord_sa. tolerance = 1, sa_iterations = 1000, initial_temperature = 3.0, cooling_rate = 0.999
26 - INFO - chord#: 144 done. best_score=74.0, changed=612, unchanged=305, early_stops=8/8
26 - INFO - chord#: 146 In build_straw_man_chord_sa. tolerance = 1, sa_iterations = 1000, initial_temperature = 3.0, cooling_rate = 0.999
26 - INFO - chord#: 120 done. best_score=27.0, changed=524, unchanged=390, early_stops=8/8
26 - INFO - chord#: 124 In build_straw_man_chord_sa. tolerance = 1, sa_iterations = 1000, initial_temperature = 3.0, cooling_rate = 0.999
26 - INFO - chord#: 142 done. best_score=27.0, changed=521, unchanged=341, early_stops=8/8
26 - INFO - chord#: 144 In build_straw_man_chord_sa. tolerance = 1, sa_iterations = 1000, initial_temperature = 3.0, cooling_rate = 0.999
26 - INFO - chord#: 140 done. best_score=27.0, changed=512, unchanged=420, early_stops=8/8
26 - INFO - chord#: 142 In build_straw_man_chord_sa. tolerance = 1, sa_iterations = 1000, initial_temperature = 3.0, cooling_rate = 0.999
26 - INFO - chord#: 138 done. best_score=49.0, changed=529, unchanged=361, early_stops=8/8
26 - INFO - chord#: 140 In build_straw_man_chord_sa. tolerance = 1, sa_iterations = 1000, initial_temperature = 3.0, cooling_rate = 0.999
26 - INFO - chord#: 128 done. best_score=27.0, changed=519, unchanged=375, early_stops=8/8
26 - INFO - chord#: 130 In build_straw_man_chord_sa. tolerance = 1, sa_iterations = 1000, initial_temperature = 3.0, cooling_rate = 0.999
26 - INFO - chord#: 147 done. best_score=104.0, changed=610, unchanged=366, early_stops=8/8
26 - INFO - chord#: 148 In build_straw_man_chord_sa. tolerance = 1, sa_iterations = 1000, initial_temperature = 3.0, cooling_rate = 0.999
26 - INFO - chord#: 147 done. best_score=64.0, changed=615, unchanged=375, early_stops=8/8
26 - INFO - chord#: 148 In build_straw_man_chord_sa. tolerance = 1, sa_iterations = 1000, initial_temperature = 3.0, cooling_rate = 0.999
26 - INFO - chord#: 142 done. best_score=27.0, changed=529, unchanged=369, early_stops=8/8
26 - INFO - chord#: 144 In build_straw_man_chord_sa. tolerance = 1, sa_iterations = 1000, initial_temperature = 3.0, cooling_rate = 0.999
26 - INFO - chord#: 130 done. best_score=9.0, changed=474, unchanged=343, early_stops=8/8
26 - INFO - chord#: 132 In build_straw_man_chord_sa. tolerance = 1, sa_iterations = 1000, initial_temperature = 3.0, cooling_rate = 0.999
26 - INFO - chord#: 124 done. best_score=27.0, changed=523, unchanged=323, early_stops=8/8
26 - INFO - chord#: 128 In build_straw_man_chord_sa. tolerance = 1, sa_iterations = 1000, initial_temperature = 3.0, cooling_rate = 0.999
26 - INFO - chord#: 146 done. best_score=27.0, changed=519, unchanged=308, early_stops=8/8
26 - INFO - chord#: 147 In build_straw_man_chord_sa. tolerance = 1, sa_iterations = 1000, initial_temperature = 3.0, cooling_rate = 0.999
26 - INFO - chord#: 134 done. best_score=74.0, changed=610, unchanged=219, early_stops=8/8
26 - INFO - chord#: 136 In build_straw_man_chord_sa. tolerance = 1, sa_iterations = 1000, initial_temperature = 3.0, cooling_rate = 0.999
26 - INFO - chord#: 142 done. best_score=27.0, changed=523, unchanged=480, early_stops=8/8
26 - INFO - chord#: 144 In build_straw_man_chord_sa. tolerance = 1, sa_iterations = 1000, initial_temperature = 3.0, cooling_rate = 0.999
26 - INFO - chord#: 148 done. best_score=27.0, changed=516, unchanged=321, early_stops=8/8
26 - INFO - chord#: 150 In build_straw_man_chord_sa. tolerance = 1, sa_iterations = 1000, initial_temperature = 3.0, cooling_rate = 0.999
26 - INFO - chord#: 136 done. best_score=78.0, changed=619, unchanged=686, early_stops=8/8
26 - INFO - chord#: 138 In build_straw_man_chord_sa. tolerance = 1, sa_iterations = 1000, initial_temperature = 3.0, cooling_rate = 0.999
26 - INFO - chord#: 134 done. best_score=74.0, changed=609, unchanged=319, early_stops=8/8
26 - INFO - chord#: 136 In build_straw_man_chord_sa. tolerance = 1, sa_iterations = 1000, initial_temperature = 3.0, cooling_rate = 0.999
26 - INFO - chord#: 148 done. best_score=27.0, changed=529, unchanged=353, early_stops=8/8
26 - INFO - chord#: 150 In build_straw_man_chord_sa. tolerance = 1, sa_iterations = 1000, initial_temperature = 3.0, cooling_rate = 0.999
26 - INFO - chord#: 150 done. best_score=9.0, changed=476, unchanged=355, early_stops=8/8
26 - INFO - chord#: 152 In build_straw_man_chord_sa. tolerance = 1, sa_iterations = 1000, initial_temperature = 3.0, cooling_rate = 0.999
26 - INFO - chord#: 140 done. best_score=27.0, changed=539, unchanged=661, early_stops=8/8
26 - INFO - chord#: 142 In build_straw_man_chord_sa. tolerance = 1, sa_iterations = 1000, initial_temperature = 3.0, cooling_rate = 0.999
26 - INFO - chord#: 150 done. best_score=9.0, changed=480, unchanged=338, early_stops=8/8
26 - INFO - chord#: 152 In build_straw_man_chord_sa. tolerance = 1, sa_iterations = 1000, initial_temperature = 3.0, cooling_rate = 0.999
26 - INFO - chord#: 128 done. best_score=27.0, changed=520, unchanged=312, early_stops=8/8
26 - INFO - chord#: 130 In build_straw_man_chord_sa. tolerance = 1, sa_iterations = 1000, initial_temperature = 3.0, cooling_rate = 0.999
26 - INFO - chord#: 132 done. best_score=27.0, changed=514, unchanged=357, early_stops=8/8
26 - INFO - chord#: 134 In build_straw_man_chord_sa. tolerance = 1, sa_iterations = 1000, initial_temperature = 3.0, cooling_rate = 0.999
26 - INFO - chord#: 144 done. best_score=145.0, changed=610, unchanged=272, early_stops=8/8
26 - INFO - chord#: 146 In build_straw_man_chord_sa. tolerance = 1, sa_iterations = 1000, initial_temperature = 3.0, cooling_rate = 0.999
26 - INFO - chord#: 130 done. best_score=9.0, changed=474, unchanged=377, early_stops=8/8
26 - INFO - chord#: 132 In build_straw_man_chord_sa. tolerance = 1, sa_iterations = 1000, initial_temperature = 3.0, cooling_rate = 0.999
26 - INFO - chord#: 138 done. best_score=36.0, changed=522, unchanged=393, early_stops=8/8
26 - INFO - chord#: 140 In build_straw_man_chord_sa. tolerance = 1, sa_iterations = 1000, initial_temperature = 3.0, cooling_rate = 0.999
26 - INFO - chord#: 142 done. best_score=27.0, changed=534, unchanged=518, early_stops=8/8
26 - INFO - chord#: 144 In build_straw_man_chord_sa. tolerance = 1, sa_iterations = 1000, initial_temperature = 3.0, cooling_rate = 0.999
26 - INFO - chord#: 144 done. best_score=74.0, changed=612, unchanged=327, early_stops=8/8
26 - INFO - chord#: 146 In build_straw_man_chord_sa. tolerance = 1, sa_iterations = 1000, initial_temperature = 3.0, cooling_rate = 0.999
26 - INFO - chord#: 152 done. best_score=27.0, changed=526, unchanged=334, early_stops=8/8
26 - INFO - chord#: 156 In build_straw_man_chord_sa. tolerance = 1, sa_iterations = 1000, initial_temperature = 3.0, cooling_rate = 0.999
26 - INFO - chord#: 146 done. best_score=36.0, changed=523, unchanged=341, early_stops=8/8
26 - INFO - chord#: 147 In build_straw_man_chord_sa. tolerance = 1, sa_iterations = 1000, initial_temperature = 3.0, cooling_rate = 0.999
26 - INFO - chord#: 144 done. best_score=149.0, changed=612, unchanged=224, early_stops=8/8
26 - INFO - chord#: 146 In build_straw_man_chord_sa. tolerance = 1, sa_iterations = 1000, initial_temperature = 3.0, cooling_rate = 0.999
26 - INFO - chord#: 152 done. best_score=27.0, changed=521, unchanged=413, early_stops=8/8
26 - INFO - chord#: 156 In build_straw_man_chord_sa. tolerance = 1, sa_iterations = 1000, initial_temperature = 3.0, cooling_rate = 0.999
26 - INFO - chord#: 132 done. best_score=27.0, changed=520, unchanged=372, early_stops=8/8
26 - INFO - chord#: 134 In build_straw_man_chord_sa. tolerance = 1, sa_iterations = 1000, initial_temperature = 3.0, cooling_rate = 0.999
26 - INFO - chord#: 140 done. best_score=27.0, changed=529, unchanged=518, early_stops=8/8
26 - INFO - chord#: 142 In build_straw_man_chord_sa. tolerance = 1, sa_iterations = 1000, initial_temperature = 3.0, cooling_rate = 0.999
26 - INFO - chord#: 136 done. best_score=78.0, changed=608, unchanged=249, early_stops=8/8
26 - INFO - chord#: 138 In build_straw_man_chord_sa. tolerance = 1, sa_iterations = 1000, initial_temperature = 3.0, cooling_rate = 0.999
26 - INFO - chord#: 136 done. best_score=96.0, changed=612, unchanged=226, early_stops=8/8
26 - INFO - chord#: 138 In build_straw_man_chord_sa. tolerance = 1, sa_iterations = 1000, initial_temperature = 3.0, cooling_rate = 0.999
26 - INFO - chord#: 147 done. best_score=64.0, changed=617, unchanged=350, early_stops=8/8
26 - INFO - chord#: 148 In build_straw_man_chord_sa. tolerance = 1, sa_iterations = 1000, initial_temperature = 3.0, cooling_rate = 0.999
26 - INFO - chord#: 146 done. best_score=27.0, changed=522, unchanged=370, early_stops=8/8
26 - INFO - chord#: 147 In build_straw_man_chord_sa. tolerance = 1, sa_iterations = 1000, initial_temperature = 3.0, cooling_rate = 0.999
26 - INFO - chord#: 156 done. best_score=27.0, changed=528, unchanged=352, early_stops=8/8
26 - INFO - chord#: 160 In build_straw_man_chord_sa. tolerance = 1, sa_iterations = 1000, initial_temperature = 3.0, cooling_rate = 0.999
26 - INFO - chord#: 146 done. best_score=36.0, changed=527, unchanged=391, early_stops=8/8
26 - INFO - chord#: 147 In build_straw_man_chord_sa. tolerance = 1, sa_iterations = 1000, initial_temperature = 3.0, cooling_rate = 0.999
26 - INFO - chord#: 156 done. best_score=27.0, changed=524, unchanged=316, early_stops=8/8
26 - INFO - chord#: 160 In build_straw_man_chord_sa. tolerance = 1, sa_iterations = 1000, initial_temperature = 3.0, cooling_rate = 0.999
26 - INFO - chord#: 142 done. best_score=27.0, changed=530, unchanged=371, early_stops=8/8
26 - INFO - chord#: 144 In build_straw_man_chord_sa. tolerance = 1, sa_iterations = 1000, initial_temperature = 3.0, cooling_rate = 0.999
26 - INFO - chord#: 138 done. best_score=49.0, changed=521, unchanged=378, early_stops=8/8
26 - INFO - chord#: 140 In build_straw_man_chord_sa. tolerance = 1, sa_iterations = 1000, initial_temperature = 3.0, cooling_rate = 0.999
26 - INFO - chord#: 138 done. best_score=47.0, changed=531, unchanged=321, early_stops=8/8
26 - INFO - chord#: 140 In build_straw_man_chord_sa. tolerance = 1, sa_iterations = 1000, initial_temperature = 3.0, cooling_rate = 0.999
26 - INFO - chord#: 144 done. best_score=145.0, changed=610, unchanged=207, early_stops=8/8
26 - INFO - chord#: 146 In build_straw_man_chord_sa. tolerance = 1, sa_iterations = 1000, initial_temperature = 3.0, cooling_rate = 0.999
26 - INFO - chord#: 147 done. best_score=71.0, changed=614, unchanged=254, early_stops=8/8
26 - INFO - chord#: 148 In build_straw_man_chord_sa. tolerance = 1, sa_iterations = 1000, initial_temperature = 3.0, cooling_rate = 0.999
26 - INFO - chord#: 148 done. best_score=27.0, changed=530, unchanged=418, early_stops=8/8
26 - INFO - chord#: 150 In build_straw_man_chord_sa. tolerance = 1, sa_iterations = 1000, initial_temperature = 3.0, cooling_rate = 0.999
26 - INFO - chord#: 160 done. best_score=27.0, changed=521, unchanged=399, early_stops=8/8
26 - INFO - chord#: 162 In build_straw_man_chord_sa. tolerance = 1, sa_iterations = 1000, initial_temperature = 3.0, cooling_rate = 0.999
26 - INFO - chord#: 134 done. best_score=74.0, changed=618, unchanged=332, early_stops=8/8
26 - INFO - chord#: 136 In build_straw_man_chord_sa. tolerance = 1, sa_iterations = 1000, initial_temperature = 3.0, cooling_rate = 0.999
26 - INFO - chord#: 150 done. best_score=9.0, changed=471, unchanged=342, early_stops=8/8
26 - INFO - chord#: 152 In build_straw_man_chord_sa. tolerance = 1, sa_iterations = 1000, initial_temperature = 3.0, cooling_rate = 0.999
26 - INFO - chord#: 160 done. best_score=27.0, changed=527, unchanged=415, early_stops=8/8
26 - INFO - chord#: 162 In build_straw_man_chord_sa. tolerance = 1, sa_iterations = 1000, initial_temperature = 3.0, cooling_rate = 0.999
26 - INFO - chord#: 146 done. best_score=36.0, changed=519, unchanged=301, early_stops=8/8
26 - INFO - chord#: 147 In build_straw_man_chord_sa. tolerance = 1, sa_iterations = 1000, initial_temperature = 3.0, cooling_rate = 0.999
26 - INFO - chord#: 140 done. best_score=27.0, changed=515, unchanged=492, early_stops=8/8
26 - INFO - chord#: 142 In build_straw_man_chord_sa. tolerance = 1, sa_iterations = 1000, initial_temperature = 3.0, cooling_rate = 0.999
26 - INFO - chord#: 148 done. best_score=27.0, changed=536, unchanged=479, early_stops=8/8
26 - INFO - chord#: 150 In build_straw_man_chord_sa. tolerance = 1, sa_iterations = 1000, initial_temperature = 3.0, cooling_rate = 0.999
26 - INFO - chord#: 147 done. best_score=71.0, changed=608, unchanged=218, early_stops=8/8
26 - INFO - chord#: 148 In build_straw_man_chord_sa. tolerance = 1, sa_iterations = 1000, initial_temperature = 3.0, cooling_rate = 0.999
26 - INFO - chord#: 150 done. best_score=9.0, changed=482, unchanged=340, early_stops=8/8
26 - INFO - chord#: 152 In build_straw_man_chord_sa. tolerance = 1, sa_iterations = 1000, initial_temperature = 3.0, cooling_rate = 0.999
26 - INFO - chord#: 140 done. best_score=27.0, changed=518, unchanged=487, early_stops=8/8
26 - INFO - chord#: 142 In build_straw_man_chord_sa. tolerance = 1, sa_iterations = 1000, initial_temperature = 3.0, cooling_rate = 0.999
26 - INFO - chord#: 134 done. best_score=96.0, changed=614, unchanged=246, early_stops=8/8
26 - INFO - chord#: 136 In build_straw_man_chord_sa. tolerance = 1, sa_iterations = 1000, initial_temperature = 3.0, cooling_rate = 0.999
26 - INFO - chord#: 162 done. best_score=27.0, changed=518, unchanged=395, early_stops=8/8
26 - INFO - chord#: 164 In build_straw_man_chord_sa. tolerance = 1, sa_iterations = 1000, initial_temperature = 3.0, cooling_rate = 0.999
26 - INFO - chord#: 147 done. best_score=64.0, changed=608, unchanged=317, early_stops=8/8
26 - INFO - chord#: 148 In build_straw_man_chord_sa. tolerance = 1, sa_iterations = 1000, initial_temperature = 3.0, cooling_rate = 0.999
26 - INFO - chord#: 142 done. best_score=27.0, changed=531, unchanged=410, early_stops=8/8
26 - INFO - chord#: 144 In build_straw_man_chord_sa. tolerance = 1, sa_iterations = 1000, initial_temperature = 3.0, cooling_rate = 0.999
26 - INFO - chord#: 152 done. best_score=27.0, changed=524, unchanged=414, early_stops=8/8
26 - INFO - chord#: 162 done. best_score=27.0, changed=519, unchanged=358, early_stops=8/8
26 - INFO - chord#: 156 In build_straw_man_chord_sa. tolerance = 1, sa_iterations = 1000, initial_temperature = 3.0, cooling_rate = 0.999
26 - INFO - chord#: 164 In build_straw_man_chord_sa. tolerance = 1, sa_iterations = 1000, initial_temperature = 3.0, cooling_rate = 0.999
26 - INFO - chord#: 144 done. best_score=74.0, changed=614, unchanged=341, early_stops=8/8
26 - INFO - chord#: 146 In build_straw_man_chord_sa. tolerance = 1, sa_iterations = 1000, initial_temperature = 3.0, cooling_rate = 0.999
26 - INFO - chord#: 148 done. best_score=27.0, changed=519, unchanged=339, early_stops=8/8
26 - INFO - chord#: 150 In build_straw_man_chord_sa. tolerance = 1, sa_iterations = 1000, initial_temperature = 3.0, cooling_rate = 0.999
26 - INFO - chord#: 152 done. best_score=27.0, changed=523, unchanged=380, early_stops=8/8
26 - INFO - chord#: 156 In build_straw_man_chord_sa. tolerance = 1, sa_iterations = 1000, initial_temperature = 3.0, cooling_rate = 0.999
26 - INFO - chord#: 150 done. best_score=9.0, changed=465, unchanged=342, early_stops=8/8
26 - INFO - chord#: 152 In build_straw_man_chord_sa. tolerance = 1, sa_iterations = 1000, initial_temperature = 3.0, cooling_rate = 0.999
26 - INFO - chord#: 142 done. best_score=27.0, changed=518, unchanged=321, early_stops=8/8
26 - INFO - chord#: 144 In build_straw_man_chord_sa. tolerance = 1, sa_iterations = 1000, initial_temperature = 3.0, cooling_rate = 0.999
26 - INFO - chord#: 147 done. best_score=71.0, changed=615, unchanged=204, early_stops=8/8
26 - INFO - chord#: 148 In build_straw_man_chord_sa. tolerance = 1, sa_iterations = 1000, initial_temperature = 3.0, cooling_rate = 0.999
26 - INFO - chord#: 148 done. best_score=27.0, changed=518, unchanged=355, early_stops=8/8
26 - INFO - chord#: 150 In build_straw_man_chord_sa. tolerance = 1, sa_iterations = 1000, initial_temperature = 3.0, cooling_rate = 0.999
26 - INFO - chord#: 156 done. best_score=27.0, changed=526, unchanged=304, early_stops=8/8
26 - INFO - chord#: 160 In build_straw_man_chord_sa. tolerance = 1, sa_iterations = 1000, initial_temperature = 3.0, cooling_rate = 0.999
26 - INFO - chord#: 146 done. best_score=27.0, changed=520, unchanged=381, early_stops=8/8
26 - INFO - chord#: 147 In build_straw_man_chord_sa. tolerance = 1, sa_iterations = 1000, initial_temperature = 3.0, cooling_rate = 0.999
26 - INFO - chord#: 136 done. best_score=101.0, changed=606, unchanged=220, early_stops=8/8
26 - INFO - chord#: 164 done. best_score=27.0, changed=522, unchanged=452, early_stops=8/8
26 - INFO - chord#: 138 In build_straw_man_chord_sa. tolerance = 1, sa_iterations = 1000, initial_temperature = 3.0, cooling_rate = 0.999
26 - INFO - chord#: 166 In build_straw_man_chord_sa. tolerance = 1, sa_iterations = 1000, initial_temperature = 3.0, cooling_rate = 0.999
26 - INFO - chord#: 150 done. best_score=9.0, changed=467, unchanged=360, early_stops=8/8
26 - INFO - chord#: 152 In build_straw_man_chord_sa. tolerance = 1, sa_iterations = 1000, initial_temperature = 3.0, cooling_rate = 0.999
26 - INFO - chord#: 156 done. best_score=27.0, changed=528, unchanged=357, early_stops=8/8
26 - INFO - chord#: 160 In build_straw_man_chord_sa. tolerance = 1, sa_iterations = 1000, initial_temperature = 3.0, cooling_rate = 0.999
26 - INFO - chord#: 164 done. best_score=27.0, changed=515, unchanged=434, early_stops=8/8
26 - INFO - chord#: 166 In build_straw_man_chord_sa. tolerance = 1, sa_iterations = 1000, initial_temperature = 3.0, cooling_rate = 0.999
26 - INFO - chord#: 148 done. best_score=27.0, changed=514, unchanged=333, early_stops=8/8
26 - INFO - chord#: 150 In build_straw_man_chord_sa. tolerance = 1, sa_iterations = 1000, initial_temperature = 3.0, cooling_rate = 0.999
26 - INFO - chord#: 152 done. best_score=27.0, changed=528, unchanged=445, early_stops=8/8
26 - INFO - chord#: 156 In build_straw_man_chord_sa. tolerance = 1, sa_iterations = 1000, initial_temperature = 3.0, cooling_rate = 0.999
26 - INFO - chord#: 150 done. best_score=9.0, changed=462, unchanged=380, early_stops=8/8
26 - INFO - chord#: 152 In build_straw_man_chord_sa. tolerance = 1, sa_iterations = 1000, initial_temperature = 3.0, cooling_rate = 0.999
26 - INFO - chord#: 144 done. best_score=74.0, changed=612, unchanged=280, early_stops=8/8
26 - INFO - chord#: 146 In build_straw_man_chord_sa. tolerance = 1, sa_iterations = 1000, initial_temperature = 3.0, cooling_rate = 0.999
26 - INFO - chord#: 160 done. best_score=27.0, changed=525, unchanged=421, early_stops=8/8
26 - INFO - chord#: 162 In build_straw_man_chord_sa. tolerance = 1, sa_iterations = 1000, initial_temperature = 3.0, cooling_rate = 0.999
26 - INFO - chord#: 160 done. best_score=27.0, changed=517, unchanged=315, early_stops=8/8
26 - INFO - chord#: 138 done. best_score=47.0, changed=524, unchanged=348, early_stops=8/8
26 - INFO - chord#: 162 In build_straw_man_chord_sa. tolerance = 1, sa_iterations = 1000, initial_temperature = 3.0, cooling_rate = 0.999
26 - INFO - chord#: 140 In build_straw_man_chord_sa. tolerance = 1, sa_iterations = 1000, initial_temperature = 3.0, cooling_rate = 0.999
26 - INFO - chord#: 152 done. best_score=27.0, changed=518, unchanged=345, early_stops=8/8
26 - INFO - chord#: 156 In build_straw_man_chord_sa. tolerance = 1, sa_iterations = 1000, initial_temperature = 3.0, cooling_rate = 0.999
26 - INFO - chord#: 156 done. best_score=27.0, changed=526, unchanged=432, early_stops=8/8
26 - INFO - chord#: 160 In build_straw_man_chord_sa. tolerance = 1, sa_iterations = 1000, initial_temperature = 3.0, cooling_rate = 0.999
26 - INFO - chord#: 136 done. best_score=166.0, changed=609, unchanged=266, early_stops=8/8
26 - INFO - chord#: 138 In build_straw_man_chord_sa. tolerance = 1, sa_iterations = 1000, initial_temperature = 3.0, cooling_rate = 0.999
26 - INFO - chord#: 144 done. best_score=96.0, changed=610, unchanged=292, early_stops=8/8
26 - INFO - chord#: 146 In build_straw_man_chord_sa. tolerance = 1, sa_iterations = 1000, initial_temperature = 3.0, cooling_rate = 0.999
26 - INFO - chord#: 152 done. best_score=27.0, changed=520, unchanged=332, early_stops=8/8
26 - INFO - chord#: 156 In build_straw_man_chord_sa. tolerance = 1, sa_iterations = 1000, initial_temperature = 3.0, cooling_rate = 0.999
26 - INFO - chord#: 146 done. best_score=27.0, changed=526, unchanged=474, early_stops=8/8
26 - INFO - chord#: 147 In build_straw_man_chord_sa. tolerance = 1, sa_iterations = 1000, initial_temperature = 3.0, cooling_rate = 0.999
26 - INFO - chord#: 162 done. best_score=27.0, changed=524, unchanged=414, early_stops=8/8
26 - INFO - chord#: 164 In build_straw_man_chord_sa. tolerance = 1, sa_iterations = 1000, initial_temperature = 3.0, cooling_rate = 0.999
26 - INFO - chord#: 160 done. best_score=27.0, changed=523, unchanged=336, early_stops=8/8
26 - INFO - chord#: 162 In build_straw_man_chord_sa. tolerance = 1, sa_iterations = 1000, initial_temperature = 3.0, cooling_rate = 0.999
26 - INFO - chord#: 147 done. best_score=64.0, changed=613, unchanged=264, early_stops=8/8
26 - INFO - chord#: 148 In build_straw_man_chord_sa. tolerance = 1, sa_iterations = 1000, initial_temperature = 3.0, cooling_rate = 0.999
26 - INFO - chord#: 162 done. best_score=27.0, changed=521, unchanged=352, early_stops=8/8
26 - INFO - chord#: 164 In build_straw_man_chord_sa. tolerance = 1, sa_iterations = 1000, initial_temperature = 3.0, cooling_rate = 0.999
26 - INFO - chord#: 140 done. best_score=27.0, changed=511, unchanged=330, early_stops=8/8
26 - INFO - chord#: 142 In build_straw_man_chord_sa. tolerance = 1, sa_iterations = 1000, initial_temperature = 3.0, cooling_rate = 0.999
26 - INFO - chord#: 156 done. best_score=27.0, changed=520, unchanged=338, early_stops=8/8
26 - INFO - chord#: 160 In build_straw_man_chord_sa. tolerance = 1, sa_iterations = 1000, initial_temperature = 3.0, cooling_rate = 0.999
26 - INFO - chord#: 138 done. best_score=36.0, changed=518, unchanged=325, early_stops=8/8
26 - INFO - chord#: 140 In build_straw_man_chord_sa. tolerance = 1, sa_iterations = 1000, initial_temperature = 3.0, cooling_rate = 0.999
26 - INFO - chord#: 156 done. best_score=27.0, changed=527, unchanged=388, early_stops=8/8
26 - INFO - chord#: 160 In build_straw_man_chord_sa. tolerance = 1, sa_iterations = 1000, initial_temperature = 3.0, cooling_rate = 0.999
26 - INFO - chord#: 166 done. best_score=96.0, changed=617, unchanged=346, early_stops=8/8
26 - INFO - chord#: 168 In build_straw_man_chord_sa. tolerance = 1, sa_iterations = 1000, initial_temperature = 3.0, cooling_rate = 0.999
26 - INFO - chord#: 166 done. best_score=145.0, changed=609, unchanged=242, early_stops=8/8
26 - INFO - chord#: 168 In build_straw_man_chord_sa. tolerance = 1, sa_iterations = 1000, initial_temperature = 3.0, cooling_rate = 0.999
26 - INFO - chord#: 146 done. best_score=27.0, changed=525, unchanged=396, early_stops=8/8
26 - INFO - chord#: 147 In build_straw_man_chord_sa. tolerance = 1, sa_iterations = 1000, initial_temperature = 3.0, cooling_rate = 0.999
26 - INFO - chord#: 162 done. best_score=27.0, changed=522, unchanged=448, early_stops=8/8
26 - INFO - chord#: 164 In build_straw_man_chord_sa. tolerance = 1, sa_iterations = 1000, initial_temperature = 3.0, cooling_rate = 0.999
26 - INFO - chord#: 164 done. best_score=27.0, changed=526, unchanged=418, early_stops=8/8
26 - INFO - chord#: 166 In build_straw_man_chord_sa. tolerance = 1, sa_iterations = 1000, initial_temperature = 3.0, cooling_rate = 0.999
26 - INFO - chord#: 160 done. best_score=27.0, changed=526, unchanged=343, early_stops=8/8
26 - INFO - chord#: 162 In build_straw_man_chord_sa. tolerance = 1, sa_iterations = 1000, initial_temperature = 3.0, cooling_rate = 0.999
26 - INFO - chord#: 148 done. best_score=27.0, changed=536, unchanged=469, early_stops=8/8
26 - INFO - chord#: 150 In build_straw_man_chord_sa. tolerance = 1, sa_iterations = 1000, initial_temperature = 3.0, cooling_rate = 0.999
26 - INFO - chord#: 160 done. best_score=27.0, changed=523, unchanged=328, early_stops=8/8
26 - INFO - chord#: 162 In build_straw_man_chord_sa. tolerance = 1, sa_iterations = 1000, initial_temperature = 3.0, cooling_rate = 0.999
26 - INFO - chord#: 164 done. best_score=36.0, changed=520, unchanged=309, early_stops=8/8
26 - INFO - chord#: 166 In build_straw_man_chord_sa. tolerance = 1, sa_iterations = 1000, initial_temperature = 3.0, cooling_rate = 0.999
26 - INFO - chord#: 142 done. best_score=27.0, changed=522, unchanged=411, early_stops=8/8
26 - INFO - chord#: 144 In build_straw_man_chord_sa. tolerance = 1, sa_iterations = 1000, initial_temperature = 3.0, cooling_rate = 0.999
26 - INFO - chord#: 150 done. best_score=9.0, changed=468, unchanged=345, early_stops=8/8
26 - INFO - chord#: 152 In build_straw_man_chord_sa. tolerance = 1, sa_iterations = 1000, initial_temperature = 3.0, cooling_rate = 0.999
26 - INFO - chord#: 140 done. best_score=27.0, changed=521, unchanged=419, early_stops=8/8
26 - INFO - chord#: 142 In build_straw_man_chord_sa. tolerance = 1, sa_iterations = 1000, initial_temperature = 3.0, cooling_rate = 0.999
26 - INFO - chord#: 168 done. best_score=27.0, changed=524, unchanged=396, early_stops=8/8
26 - INFO - chord#: 170 In build_straw_man_chord_sa. tolerance = 1, sa_iterations = 1000, initial_temperature = 3.0, cooling_rate = 0.999
26 - INFO - chord#: 168 done. best_score=27.0, changed=528, unchanged=399, early_stops=8/8
26 - INFO - chord#: 170 In build_straw_man_chord_sa. tolerance = 1, sa_iterations = 1000, initial_temperature = 3.0, cooling_rate = 0.999
26 - INFO - chord#: 164 done. best_score=27.0, changed=526, unchanged=441, early_stops=8/8
26 - INFO - chord#: 166 In build_straw_man_chord_sa. tolerance = 1, sa_iterations = 1000, initial_temperature = 3.0, cooling_rate = 0.999
26 - INFO - chord#: 162 done. best_score=27.0, changed=520, unchanged=334, early_stops=8/8
26 - INFO - chord#: 164 In build_straw_man_chord_sa. tolerance = 1, sa_iterations = 1000, initial_temperature = 3.0, cooling_rate = 0.999
26 - INFO - chord#: 147 done. best_score=64.0, changed=616, unchanged=432, early_stops=8/8
26 - INFO - chord#: 148 In build_straw_man_chord_sa. tolerance = 1, sa_iterations = 1000, initial_temperature = 3.0, cooling_rate = 0.999
26 - INFO - chord#: 162 done. best_score=27.0, changed=522, unchanged=401, early_stops=8/8
26 - INFO - chord#: 164 In build_straw_man_chord_sa. tolerance = 1, sa_iterations = 1000, initial_temperature = 3.0, cooling_rate = 0.999
26 - INFO - chord#: 142 done. best_score=27.0, changed=513, unchanged=327, early_stops=8/8
26 - INFO - chord#: 144 In build_straw_man_chord_sa. tolerance = 1, sa_iterations = 1000, initial_temperature = 3.0, cooling_rate = 0.999
26 - INFO - chord#: 152 done. best_score=27.0, changed=529, unchanged=430, early_stops=8/8
26 - INFO - chord#: 156 In build_straw_man_chord_sa. tolerance = 1, sa_iterations = 1000, initial_temperature = 3.0, cooling_rate = 0.999
26 - INFO - chord#: 147 done. best_score=64.0, changed=614, unchanged=260, early_stops=8/8
26 - INFO - chord#: 148 In build_straw_man_chord_sa. tolerance = 1, sa_iterations = 1000, initial_temperature = 3.0, cooling_rate = 0.999
26 - INFO - chord#: 170 done. best_score=36.0, changed=524, unchanged=365, early_stops=8/8
26 - INFO - chord#: 172 In build_straw_man_chord_sa. tolerance = 1, sa_iterations = 1000, initial_temperature = 3.0, cooling_rate = 0.999
26 - INFO - chord#: 148 done. best_score=27.0, changed=528, unchanged=415, early_stops=8/8
26 - INFO - chord#: 150 In build_straw_man_chord_sa. tolerance = 1, sa_iterations = 1000, initial_temperature = 3.0, cooling_rate = 0.999
26 - INFO - chord#: 170 done. best_score=36.0, changed=520, unchanged=393, early_stops=8/8
26 - INFO - chord#: 172 In build_straw_man_chord_sa. tolerance = 1, sa_iterations = 1000, initial_temperature = 3.0, cooling_rate = 0.999
26 - INFO - chord#: 150 done. best_score=9.0, changed=498, unchanged=332, early_stops=8/8
26 - INFO - chord#: 152 In build_straw_man_chord_sa. tolerance = 1, sa_iterations = 1000, initial_temperature = 3.0, cooling_rate = 0.999
26 - INFO - chord#: 164 done. best_score=27.0, changed=530, unchanged=538, early_stops=8/8
26 - INFO - chord#: 166 In build_straw_man_chord_sa. tolerance = 1, sa_iterations = 1000, initial_temperature = 3.0, cooling_rate = 0.999
26 - INFO - chord#: 164 done. best_score=27.0, changed=517, unchanged=549, early_stops=8/8
26 - INFO - chord#: 166 In build_straw_man_chord_sa. tolerance = 1, sa_iterations = 1000, initial_temperature = 3.0, cooling_rate = 0.999
26 - INFO - chord#: 166 done. best_score=145.0, changed=609, unchanged=438, early_stops=8/8
26 - INFO - chord#: 168 In build_straw_man_chord_sa. tolerance = 1, sa_iterations = 1000, initial_temperature = 3.0, cooling_rate = 0.999
26 - INFO - chord#: 148 done. best_score=27.0, changed=525, unchanged=419, early_stops=8/8
26 - INFO - chord#: 150 In build_straw_man_chord_sa. tolerance = 1, sa_iterations = 1000, initial_temperature = 3.0, cooling_rate = 0.999
26 - INFO - chord#: 166 done. best_score=78.0, changed=613, unchanged=343, early_stops=8/8
26 - INFO - chord#: 168 In build_straw_man_chord_sa. tolerance = 1, sa_iterations = 1000, initial_temperature = 3.0, cooling_rate = 0.999
26 - INFO - chord#: 156 done. best_score=27.0, changed=521, unchanged=345, early_stops=8/8
26 - INFO - chord#: 160 In build_straw_man_chord_sa. tolerance = 1, sa_iterations = 1000, initial_temperature = 3.0, cooling_rate = 0.999
26 - INFO - chord#: 150 done. best_score=9.0, changed=469, unchanged=347, early_stops=8/8
26 - INFO - chord#: 152 In build_straw_man_chord_sa. tolerance = 1, sa_iterations = 1000, initial_temperature = 3.0, cooling_rate = 0.999
26 - INFO - chord#: 166 done. best_score=67.0, changed=610, unchanged=288, early_stops=8/8
26 - INFO - chord#: 168 In build_straw_man_chord_sa. tolerance = 1, sa_iterations = 1000, initial_temperature = 3.0, cooling_rate = 0.999
26 - INFO - chord#: 144 done. best_score=150.0, changed=615, unchanged=280, early_stops=8/8
26 - INFO - chord#: 146 In build_straw_man_chord_sa. tolerance = 1, sa_iterations = 1000, initial_temperature = 3.0, cooling_rate = 0.999
26 - INFO - chord#: 172 done. best_score=27.0, changed=525, unchanged=567, early_stops=8/8
26 - INFO - chord#: 174 In build_straw_man_chord_sa. tolerance = 1, sa_iterations = 1000, initial_temperature = 3.0, cooling_rate = 0.999
26 - INFO - chord#: 152 done. best_score=27.0, changed=524, unchanged=359, early_stops=8/8
26 - INFO - chord#: 156 In build_straw_man_chord_sa. tolerance = 1, sa_iterations = 1000, initial_temperature = 3.0, cooling_rate = 0.999
26 - INFO - chord#: 168 done. best_score=27.0, changed=523, unchanged=380, early_stops=8/8
26 - INFO - chord#: 170 In build_straw_man_chord_sa. tolerance = 1, sa_iterations = 1000, initial_temperature = 3.0, cooling_rate = 0.999
26 - INFO - chord#: 144 done. best_score=121.0, changed=607, unchanged=252, early_stops=8/8
26 - INFO - chord#: 146 In build_straw_man_chord_sa. tolerance = 1, sa_iterations = 1000, initial_temperature = 3.0, cooling_rate = 0.999
26 - INFO - chord#: 172 done. best_score=27.0, changed=525, unchanged=529, early_stops=8/8
26 - INFO - chord#: 174 In build_straw_man_chord_sa. tolerance = 1, sa_iterations = 1000, initial_temperature = 3.0, cooling_rate = 0.999
26 - INFO - chord#: 160 done. best_score=27.0, changed=524, unchanged=370, early_stops=8/8
26 - INFO - chord#: 162 In build_straw_man_chord_sa. tolerance = 1, sa_iterations = 1000, initial_temperature = 3.0, cooling_rate = 0.999
26 - INFO - chord#: 168 done. best_score=27.0, changed=518, unchanged=332, early_stops=8/8
26 - INFO - chord#: 170 In build_straw_man_chord_sa. tolerance = 1, sa_iterations = 1000, initial_temperature = 3.0, cooling_rate = 0.999
26 - INFO - chord#: 168 done. best_score=27.0, changed=521, unchanged=402, early_stops=8/8
26 - INFO - chord#: 170 In build_straw_man_chord_sa. tolerance = 1, sa_iterations = 1000, initial_temperature = 3.0, cooling_rate = 0.999
26 - INFO - chord#: 152 done. best_score=27.0, changed=528, unchanged=463, early_stops=8/8
26 - INFO - chord#: 156 In build_straw_man_chord_sa. tolerance = 1, sa_iterations = 1000, initial_temperature = 3.0, cooling_rate = 0.999
26 - INFO - chord#: 156 done. best_score=27.0, changed=525, unchanged=335, early_stops=8/8
26 - INFO - chord#: 160 In build_straw_man_chord_sa. tolerance = 1, sa_iterations = 1000, initial_temperature = 3.0, cooling_rate = 0.999
26 - INFO - chord#: 146 done. best_score=27.0, changed=523, unchanged=326, early_stops=8/8
26 - INFO - chord#: 147 In build_straw_man_chord_sa. tolerance = 1, sa_iterations = 1000, initial_temperature = 3.0, cooling_rate = 0.999
26 - INFO - chord#: 174 done. best_score=27.0, changed=514, unchanged=333, early_stops=8/8
26 - INFO - chord#: 176 In build_straw_man_chord_sa. tolerance = 1, sa_iterations = 1000, initial_temperature = 3.0, cooling_rate = 0.999
26 - INFO - chord#: 174 done. best_score=27.0, changed=513, unchanged=354, early_stops=8/8
26 - INFO - chord#: 176 In build_straw_man_chord_sa. tolerance = 1, sa_iterations = 1000, initial_temperature = 3.0, cooling_rate = 0.999
26 - INFO - chord#: 166 done. best_score=67.0, changed=614, unchanged=316, early_stops=8/8
26 - INFO - chord#: 168 In build_straw_man_chord_sa. tolerance = 1, sa_iterations = 1000, initial_temperature = 3.0, cooling_rate = 0.999
26 - INFO - chord#: 170 done. best_score=36.0, changed=520, unchanged=336, early_stops=8/8
26 - INFO - chord#: 172 In build_straw_man_chord_sa. tolerance = 1, sa_iterations = 1000, initial_temperature = 3.0, cooling_rate = 0.999
26 - INFO - chord#: 146 done. best_score=27.0, changed=519, unchanged=379, early_stops=8/8
26 - INFO - chord#: 147 In build_straw_man_chord_sa. tolerance = 1, sa_iterations = 1000, initial_temperature = 3.0, cooling_rate = 0.999
26 - INFO - chord#: 166 done. best_score=137.0, changed=607, unchanged=223, early_stops=8/8
26 - INFO - chord#: 168 In build_straw_man_chord_sa. tolerance = 1, sa_iterations = 1000, initial_temperature = 3.0, cooling_rate = 0.999
26 - INFO - chord#: 162 done. best_score=27.0, changed=517, unchanged=355, early_stops=8/8
26 - INFO - chord#: 164 In build_straw_man_chord_sa. tolerance = 1, sa_iterations = 1000, initial_temperature = 3.0, cooling_rate = 0.999
26 - INFO - chord#: 156 done. best_score=27.0, changed=522, unchanged=298, early_stops=8/8
26 - INFO - chord#: 160 In build_straw_man_chord_sa. tolerance = 1, sa_iterations = 1000, initial_temperature = 3.0, cooling_rate = 0.999
26 - INFO - chord#: 170 done. best_score=36.0, changed=529, unchanged=519, early_stops=8/8
26 - INFO - chord#: 172 In build_straw_man_chord_sa. tolerance = 1, sa_iterations = 1000, initial_temperature = 3.0, cooling_rate = 0.999
26 - INFO - chord#: 160 done. best_score=27.0, changed=514, unchanged=339, early_stops=8/8
26 - INFO - chord#: 162 In build_straw_man_chord_sa. tolerance = 1, sa_iterations = 1000, initial_temperature = 3.0, cooling_rate = 0.999
26 - INFO - chord#: 170 done. best_score=36.0, changed=525, unchanged=410, early_stops=8/8
26 - INFO - chord#: 172 In build_straw_man_chord_sa. tolerance = 1, sa_iterations = 1000, initial_temperature = 3.0, cooling_rate = 0.999
26 - INFO - chord#: 176 done. best_score=27.0, changed=518, unchanged=342, early_stops=8/8
26 - INFO - chord#: 180 In build_straw_man_chord_sa. tolerance = 1, sa_iterations = 1000, initial_temperature = 3.0, cooling_rate = 0.999
26 - INFO - chord#: 168 done. best_score=27.0, changed=519, unchanged=318, early_stops=8/8
26 - INFO - chord#: 170 In build_straw_man_chord_sa. tolerance = 1, sa_iterations = 1000, initial_temperature = 3.0, cooling_rate = 0.999
26 - INFO - chord#: 160 done. best_score=27.0, changed=523, unchanged=335, early_stops=8/8
26 - INFO - chord#: 162 In build_straw_man_chord_sa. tolerance = 1, sa_iterations = 1000, initial_temperature = 3.0, cooling_rate = 0.999
26 - INFO - chord#: 176 done. best_score=27.0, changed=532, unchanged=467, early_stops=8/8
26 - INFO - chord#: 180 In build_straw_man_chord_sa. tolerance = 1, sa_iterations = 1000, initial_temperature = 3.0, cooling_rate = 0.999
26 - INFO - chord#: 172 done. best_score=27.0, changed=528, unchanged=441, early_stops=8/8
26 - INFO - chord#: 174 In build_straw_man_chord_sa. tolerance = 1, sa_iterations = 1000, initial_temperature = 3.0, cooling_rate = 0.999
26 - INFO - chord#: 162 done. best_score=27.0, changed=521, unchanged=365, early_stops=8/8
26 - INFO - chord#: 164 In build_straw_man_chord_sa. tolerance = 1, sa_iterations = 1000, initial_temperature = 3.0, cooling_rate = 0.999
26 - INFO - chord#: 164 done. best_score=27.0, changed=530, unchanged=479, early_stops=8/8
26 - INFO - chord#: 166 In build_straw_man_chord_sa. tolerance = 1, sa_iterations = 1000, initial_temperature = 3.0, cooling_rate = 0.999
26 - INFO - chord#: 168 done. best_score=27.0, changed=519, unchanged=375, early_stops=8/8
26 - INFO - chord#: 170 In build_straw_man_chord_sa. tolerance = 1, sa_iterations = 1000, initial_temperature = 3.0, cooling_rate = 0.999
26 - INFO - chord#: 172 done. best_score=27.0, changed=529, unchanged=526, early_stops=8/8
26 - INFO - chord#: 174 In build_straw_man_chord_sa. tolerance = 1, sa_iterations = 1000, initial_temperature = 3.0, cooling_rate = 0.999
26 - INFO - chord#: 147 done. best_score=64.0, changed=610, unchanged=290, early_stops=8/8
26 - INFO - chord#: 148 In build_straw_man_chord_sa. tolerance = 1, sa_iterations = 1000, initial_temperature = 3.0, cooling_rate = 0.999
26 - INFO - chord#: 180 done. best_score=27.0, changed=526, unchanged=373, early_stops=8/8
26 - INFO - chord#: 182 In build_straw_man_chord_sa. tolerance = 1, sa_iterations = 1000, initial_temperature = 3.0, cooling_rate = 0.999
26 - INFO - chord#: 170 done. best_score=36.0, changed=525, unchanged=336, early_stops=8/8
26 - INFO - chord#: 172 In build_straw_man_chord_sa. tolerance = 1, sa_iterations = 1000, initial_temperature = 3.0, cooling_rate = 0.999
26 - INFO - chord#: 162 done. best_score=27.0, changed=524, unchanged=407, early_stops=8/8
26 - INFO - chord#: 164 In build_straw_man_chord_sa. tolerance = 1, sa_iterations = 1000, initial_temperature = 3.0, cooling_rate = 0.999
26 - INFO - chord#: 164 done. best_score=27.0, changed=516, unchanged=398, early_stops=8/8
26 - INFO - chord#: 166 In build_straw_man_chord_sa. tolerance = 1, sa_iterations = 1000, initial_temperature = 3.0, cooling_rate = 0.999
26 - INFO - chord#: 172 done. best_score=27.0, changed=517, unchanged=579, early_stops=8/8
26 - INFO - chord#: 174 In build_straw_man_chord_sa. tolerance = 1, sa_iterations = 1000, initial_temperature = 3.0, cooling_rate = 0.999
26 - INFO - chord#: 174 done. best_score=27.0, changed=520, unchanged=309, early_stops=8/8
26 - INFO - chord#: 176 In build_straw_man_chord_sa. tolerance = 1, sa_iterations = 1000, initial_temperature = 3.0, cooling_rate = 0.999
26 - INFO - chord#: 174 done. best_score=27.0, changed=517, unchanged=328, early_stops=8/8
26 - INFO - chord#: 176 In build_straw_man_chord_sa. tolerance = 1, sa_iterations = 1000, initial_temperature = 3.0, cooling_rate = 0.999
26 - INFO - chord#: 180 done. best_score=27.0, changed=520, unchanged=375, early_stops=8/8
26 - INFO - chord#: 182 In build_straw_man_chord_sa. tolerance = 1, sa_iterations = 1000, initial_temperature = 3.0, cooling_rate = 0.999
26 - INFO - chord#: 148 done. best_score=27.0, changed=509, unchanged=314, early_stops=8/8
26 - INFO - chord#: 150 In build_straw_man_chord_sa. tolerance = 1, sa_iterations = 1000, initial_temperature = 3.0, cooling_rate = 0.999
26 - INFO - chord#: 170 done. best_score=36.0, changed=516, unchanged=396, early_stops=8/8
26 - INFO - chord#: 172 In build_straw_man_chord_sa. tolerance = 1, sa_iterations = 1000, initial_temperature = 3.0, cooling_rate = 0.999
26 - INFO - chord#: 172 done. best_score=27.0, changed=518, unchanged=390, early_stops=8/8
26 - INFO - chord#: 174 In build_straw_man_chord_sa. tolerance = 1, sa_iterations = 1000, initial_temperature = 3.0, cooling_rate = 0.999
26 - INFO - chord#: 164 done. best_score=27.0, changed=517, unchanged=324, early_stops=8/8
26 - INFO - chord#: 166 In build_straw_man_chord_sa. tolerance = 1, sa_iterations = 1000, initial_temperature = 3.0, cooling_rate = 0.999
26 - INFO - chord#: 147 done. best_score=64.0, changed=616, unchanged=295, early_stops=8/8
26 - INFO - chord#: 148 In build_straw_man_chord_sa. tolerance = 1, sa_iterations = 1000, initial_temperature = 3.0, cooling_rate = 0.999
26 - INFO - chord#: 182 done. best_score=47.0, changed=521, unchanged=403, early_stops=8/8
26 - INFO - chord#: 183 In build_straw_man_chord_sa. tolerance = 1, sa_iterations = 1000, initial_temperature = 3.0, cooling_rate = 0.999
26 - INFO - chord#: 150 done. best_score=9.0, changed=467, unchanged=379, early_stops=8/8
26 - INFO - chord#: 152 In build_straw_man_chord_sa. tolerance = 1, sa_iterations = 1000, initial_temperature = 3.0, cooling_rate = 0.999
26 - INFO - chord#: 174 done. best_score=27.0, changed=520, unchanged=336, early_stops=8/8
26 - INFO - chord#: 176 In build_straw_man_chord_sa. tolerance = 1, sa_iterations = 1000, initial_temperature = 3.0, cooling_rate = 0.999
26 - INFO - chord#: 176 done. best_score=27.0, changed=517, unchanged=345, early_stops=8/8
26 - INFO - chord#: 180 In build_straw_man_chord_sa. tolerance = 1, sa_iterations = 1000, initial_temperature = 3.0, cooling_rate = 0.999
26 - INFO - chord#: 182 done. best_score=47.0, changed=519, unchanged=364, early_stops=8/8
26 - INFO - chord#: 183 In build_straw_man_chord_sa. tolerance = 1, sa_iterations = 1000, initial_temperature = 3.0, cooling_rate = 0.999
26 - INFO - chord#: 176 done. best_score=27.0, changed=530, unchanged=494, early_stops=8/8
26 - INFO - chord#: 180 In build_straw_man_chord_sa. tolerance = 1, sa_iterations = 1000, initial_temperature = 3.0, cooling_rate = 0.999
26 - INFO - chord#: 174 done. best_score=27.0, changed=523, unchanged=434, early_stops=8/8
26 - INFO - chord#: 176 In build_straw_man_chord_sa. tolerance = 1, sa_iterations = 1000, initial_temperature = 3.0, cooling_rate = 0.999
26 - INFO - chord#: 166 done. best_score=137.0, changed=610, unchanged=261, early_stops=8/8
26 - INFO - chord#: 168 In build_straw_man_chord_sa. tolerance = 1, sa_iterations = 1000, initial_temperature = 3.0, cooling_rate = 0.999
26 - INFO - chord#: 172 done. best_score=27.0, changed=525, unchanged=452, early_stops=8/8
26 - INFO - chord#: 174 In build_straw_man_chord_sa. tolerance = 1, sa_iterations = 1000, initial_temperature = 3.0, cooling_rate = 0.999
26 - INFO - chord#: 148 done. best_score=27.0, changed=526, unchanged=377, early_stops=8/8
26 - INFO - chord#: 150 In build_straw_man_chord_sa. tolerance = 1, sa_iterations = 1000, initial_temperature = 3.0, cooling_rate = 0.999
26 - INFO - chord#: 180 done. best_score=27.0, changed=519, unchanged=403, early_stops=8/8
26 - INFO - chord#: 182 In build_straw_man_chord_sa. tolerance = 1, sa_iterations = 1000, initial_temperature = 3.0, cooling_rate = 0.999
26 - INFO - chord#: 176 done. best_score=27.0, changed=526, unchanged=407, early_stops=8/8
26 - INFO - chord#: 180 In build_straw_man_chord_sa. tolerance = 1, sa_iterations = 1000, initial_temperature = 3.0, cooling_rate = 0.999
26 - INFO - chord#: 150 done. best_score=9.0, changed=469, unchanged=358, early_stops=8/8
26 - INFO - chord#: 152 In build_straw_man_chord_sa. tolerance = 1, sa_iterations = 1000, initial_temperature = 3.0, cooling_rate = 0.999
26 - INFO - chord#: 152 done. best_score=27.0, changed=515, unchanged=437, early_stops=8/8
26 - INFO - chord#: 156 In build_straw_man_chord_sa. tolerance = 1, sa_iterations = 1000, initial_temperature = 3.0, cooling_rate = 0.999
26 - INFO - chord#: 166 done. best_score=67.0, changed=614, unchanged=406, early_stops=8/8
26 - INFO - chord#: 168 In build_straw_man_chord_sa. tolerance = 1, sa_iterations = 1000, initial_temperature = 3.0, cooling_rate = 0.999
26 - INFO - chord#: 180 done. best_score=27.0, changed=520, unchanged=491, early_stops=8/8
26 - INFO - chord#: 182 In build_straw_man_chord_sa. tolerance = 1, sa_iterations = 1000, initial_temperature = 3.0, cooling_rate = 0.999
26 - INFO - chord#: 176 done. best_score=27.0, changed=520, unchanged=378, early_stops=8/8
26 - INFO - chord#: 180 In build_straw_man_chord_sa. tolerance = 1, sa_iterations = 1000, initial_temperature = 3.0, cooling_rate = 0.999
26 - INFO - chord#: 174 done. best_score=27.0, changed=528, unchanged=347, early_stops=8/8
26 - INFO - chord#: 176 In build_straw_man_chord_sa. tolerance = 1, sa_iterations = 1000, initial_temperature = 3.0, cooling_rate = 0.999
26 - INFO - chord#: 168 done. best_score=27.0, changed=518, unchanged=320, early_stops=8/8
26 - INFO - chord#: 170 In build_straw_man_chord_sa. tolerance = 1, sa_iterations = 1000, initial_temperature = 3.0, cooling_rate = 0.999
26 - INFO - chord#: 166 done. best_score=67.0, changed=609, unchanged=366, early_stops=8/8
26 - INFO - chord#: 168 In build_straw_man_chord_sa. tolerance = 1, sa_iterations = 1000, initial_temperature = 3.0, cooling_rate = 0.999
26 - INFO - chord#: 182 done. best_score=47.0, changed=520, unchanged=340, early_stops=8/8
26 - INFO - chord#: 183 In build_straw_man_chord_sa. tolerance = 1, sa_iterations = 1000, initial_temperature = 3.0, cooling_rate = 0.999
26 - INFO - chord#: 180 done. best_score=27.0, changed=525, unchanged=349, early_stops=8/8
26 - INFO - chord#: 182 In build_straw_man_chord_sa. tolerance = 1, sa_iterations = 1000, initial_temperature = 3.0, cooling_rate = 0.999
26 - INFO - chord#: 152 done. best_score=27.0, changed=517, unchanged=327, early_stops=8/8
26 - INFO - chord#: 156 In build_straw_man_chord_sa. tolerance = 1, sa_iterations = 1000, initial_temperature = 3.0, cooling_rate = 0.999
26 - INFO - chord#: 168 done. best_score=27.0, changed=516, unchanged=376, early_stops=8/8
26 - INFO - chord#: 170 In build_straw_man_chord_sa. tolerance = 1, sa_iterations = 1000, initial_temperature = 3.0, cooling_rate = 0.999
26 - INFO - chord#: 156 done. best_score=27.0, changed=527, unchanged=458, early_stops=8/8
26 - INFO - chord#: 160 In build_straw_man_chord_sa. tolerance = 1, sa_iterations = 1000, initial_temperature = 3.0, cooling_rate = 0.999
26 - INFO - chord#: 180 done. best_score=27.0, changed=524, unchanged=418, early_stops=8/8
26 - INFO - chord#: 182 In build_straw_man_chord_sa. tolerance = 1, sa_iterations = 1000, initial_temperature = 3.0, cooling_rate = 0.999
26 - INFO - chord#: 176 done. best_score=27.0, changed=521, unchanged=375, early_stops=8/8
26 - INFO - chord#: 180 In build_straw_man_chord_sa. tolerance = 1, sa_iterations = 1000, initial_temperature = 3.0, cooling_rate = 0.999
26 - INFO - chord#: 183 done. best_score=105.0, changed=607, unchanged=276, early_stops=8/8
26 - INFO - chord#: 184 In build_straw_man_chord_sa. tolerance = 1, sa_iterations = 1000, initial_temperature = 3.0, cooling_rate = 0.999
26 - INFO - chord#: 182 done. best_score=47.0, changed=518, unchanged=388, early_stops=8/8
26 - INFO - chord#: 183 In build_straw_man_chord_sa. tolerance = 1, sa_iterations = 1000, initial_temperature = 3.0, cooling_rate = 0.999
26 - INFO - chord#: 170 done. best_score=36.0, changed=521, unchanged=374, early_stops=8/8
26 - INFO - chord#: 172 In build_straw_man_chord_sa. tolerance = 1, sa_iterations = 1000, initial_temperature = 3.0, cooling_rate = 0.999
26 - INFO - chord#: 168 done. best_score=27.0, changed=522, unchanged=423, early_stops=8/8
26 - INFO - chord#: 170 In build_straw_man_chord_sa. tolerance = 1, sa_iterations = 1000, initial_temperature = 3.0, cooling_rate = 0.999
26 - INFO - chord#: 182 done. best_score=47.0, changed=520, unchanged=374, early_stops=8/8
26 - INFO - chord#: 183 In build_straw_man_chord_sa. tolerance = 1, sa_iterations = 1000, initial_temperature = 3.0, cooling_rate = 0.999
26 - INFO - chord#: 156 done. best_score=27.0, changed=526, unchanged=350, early_stops=8/8
26 - INFO - chord#: 160 In build_straw_man_chord_sa. tolerance = 1, sa_iterations = 1000, initial_temperature = 3.0, cooling_rate = 0.999
26 - INFO - chord#: 170 done. best_score=36.0, changed=527, unchanged=330, early_stops=8/8
26 - INFO - chord#: 172 In build_straw_man_chord_sa. tolerance = 1, sa_iterations = 1000, initial_temperature = 3.0, cooling_rate = 0.999
26 - INFO - chord#: 180 done. best_score=27.0, changed=517, unchanged=441, early_stops=8/8
26 - INFO - chord#: 182 In build_straw_man_chord_sa. tolerance = 1, sa_iterations = 1000, initial_temperature = 3.0, cooling_rate = 0.999
26 - INFO - chord#: 182 done. best_score=47.0, changed=532, unchanged=449, early_stops=8/8
26 - INFO - chord#: 183 In build_straw_man_chord_sa. tolerance = 1, sa_iterations = 1000, initial_temperature = 3.0, cooling_rate = 0.999
26 - INFO - chord#: 160 done. best_score=27.0, changed=518, unchanged=323, early_stops=8/8
26 - INFO - chord#: 162 In build_straw_man_chord_sa. tolerance = 1, sa_iterations = 1000, initial_temperature = 3.0, cooling_rate = 0.999
26 - INFO - chord#: 184 done. best_score=27.0, changed=526, unchanged=377, early_stops=8/8
26 - INFO - chord#: 183 done. best_score=113.0, changed=613, unchanged=393, early_stops=8/8
26 - INFO - chord#: 184 In build_straw_man_chord_sa. tolerance = 1, sa_iterations = 1000, initial_temperature = 3.0, cooling_rate = 0.999
26 - INFO - chord#: 170 done. best_score=36.0, changed=519, unchanged=420, early_stops=8/8
26 - INFO - chord#: 172 In build_straw_man_chord_sa. tolerance = 1, sa_iterations = 1000, initial_temperature = 3.0, cooling_rate = 0.999
26 - INFO - chord#: 172 done. best_score=27.0, changed=511, unchanged=310, early_stops=8/8
26 - INFO - chord#: 174 In build_straw_man_chord_sa. tolerance = 1, sa_iterations = 1000, initial_temperature = 3.0, cooling_rate = 0.999
26 - INFO - chord#: 182 done. best_score=47.0, changed=521, unchanged=382, early_stops=8/8
26 - INFO - chord#: 183 In build_straw_man_chord_sa. tolerance = 1, sa_iterations = 1000, initial_temperature = 3.0, cooling_rate = 0.999
26 - INFO - chord#: 183 done. best_score=113.0, changed=615, unchanged=366, early_stops=8/8
26 - INFO - chord#: 184 In build_straw_man_chord_sa. tolerance = 1, sa_iterations = 1000, initial_temperature = 3.0, cooling_rate = 0.999
26 - INFO - chord#: 172 done. best_score=27.0, changed=515, unchanged=485, early_stops=8/8
26 - INFO - chord#: 174 In build_straw_man_chord_sa. tolerance = 1, sa_iterations = 1000, initial_temperature = 3.0, cooling_rate = 0.999
26 - INFO - chord#: 160 done. best_score=27.0, changed=534, unchanged=486, early_stops=8/8
26 - INFO - chord#: 162 In build_straw_man_chord_sa. tolerance = 1, sa_iterations = 1000, initial_temperature = 3.0, cooling_rate = 0.999
26 - INFO - chord#: 184 done. best_score=27.0, changed=527, unchanged=343, early_stops=8/8
26 - INFO - chord#: 162 done. best_score=27.0, changed=525, unchanged=430, early_stops=8/8
26 - INFO - chord#: 164 In build_straw_man_chord_sa. tolerance = 1, sa_iterations = 1000, initial_temperature = 3.0, cooling_rate = 0.999
26 - INFO - chord#: 183 done. best_score=105.0, changed=615, unchanged=258, early_stops=8/8
26 - INFO - chord#: 184 In build_straw_man_chord_sa. tolerance = 1, sa_iterations = 1000, initial_temperature = 3.0, cooling_rate = 0.999
26 - INFO - chord#: 174 done. best_score=27.0, changed=519, unchanged=468, early_stops=8/8
26 - INFO - chord#: 176 In build_straw_man_chord_sa. tolerance = 1, sa_iterations = 1000, initial_temperature = 3.0, cooling_rate = 0.999
26 - INFO - chord#: 172 done. best_score=27.0, changed=521, unchanged=655, early_stops=8/8
26 - INFO - chord#: 174 In build_straw_man_chord_sa. tolerance = 1, sa_iterations = 1000, initial_temperature = 3.0, cooling_rate = 0.999
26 - INFO - chord#: 184 done. best_score=27.0, changed=526, unchanged=350, early_stops=8/8
26 - INFO - chord#: 174 done. best_score=27.0, changed=528, unchanged=312, early_stops=8/8
26 - INFO - chord#: 176 In build_straw_man_chord_sa. tolerance = 1, sa_iterations = 1000, initial_temperature = 3.0, cooling_rate = 0.999
26 - INFO - chord#: 162 done. best_score=27.0, changed=518, unchanged=472, early_stops=8/8
26 - INFO - chord#: 164 In build_straw_man_chord_sa. tolerance = 1, sa_iterations = 1000, initial_temperature = 3.0, cooling_rate = 0.999
26 - INFO - chord#: 183 done. best_score=115.0, changed=607, unchanged=299, early_stops=8/8
26 - INFO - chord#: 184 In build_straw_man_chord_sa. tolerance = 1, sa_iterations = 1000, initial_temperature = 3.0, cooling_rate = 0.999
26 - INFO - chord#: 183 done. best_score=113.0, changed=617, unchanged=472, early_stops=8/8
26 - INFO - chord#: 184 In build_straw_man_chord_sa. tolerance = 1, sa_iterations = 1000, initial_temperature = 3.0, cooling_rate = 0.999
26 - INFO - chord#: 174 done. best_score=27.0, changed=526, unchanged=311, early_stops=8/8
26 - INFO - chord#: 176 In build_straw_man_chord_sa. tolerance = 1, sa_iterations = 1000, initial_temperature = 3.0, cooling_rate = 0.999
26 - INFO - chord#: 164 done. best_score=27.0, changed=521, unchanged=470, early_stops=8/8
26 - INFO - chord#: 166 In build_straw_man_chord_sa. tolerance = 1, sa_iterations = 1000, initial_temperature = 3.0, cooling_rate = 0.999
26 - INFO - chord#: 184 done. best_score=27.0, changed=512, unchanged=415, early_stops=8/8
26 - INFO - chord#: 176 done. best_score=27.0, changed=520, unchanged=373, early_stops=8/8
26 - INFO - chord#: 180 In build_straw_man_chord_sa. tolerance = 1, sa_iterations = 1000, initial_temperature = 3.0, cooling_rate = 0.999
26 - INFO - chord#: 176 done. best_score=27.0, changed=517, unchanged=453, early_stops=8/8
26 - INFO - chord#: 180 In build_straw_man_chord_sa. tolerance = 1, sa_iterations = 1000, initial_temperature = 3.0, cooling_rate = 0.999
26 - INFO - chord#: 184 done. best_score=27.0, changed=525, unchanged=376, early_stops=8/8
26 - INFO - chord#: 164 done. best_score=27.0, changed=520, unchanged=395, early_stops=8/8
26 - INFO - chord#: 166 In build_straw_man_chord_sa. tolerance = 1, sa_iterations = 1000, initial_temperature = 3.0, cooling_rate = 0.999
26 - INFO - chord#: 184 done. best_score=27.0, changed=525, unchanged=390, early_stops=8/8
26 - INFO - chord#: 183 done. best_score=121.0, changed=613, unchanged=427, early_stops=8/8
26 - INFO - chord#: 184 In build_straw_man_chord_sa. tolerance = 1, sa_iterations = 1000, initial_temperature = 3.0, cooling_rate = 0.999
26 - INFO - chord#: 176 done. best_score=27.0, changed=528, unchanged=511, early_stops=8/8
26 - INFO - chord#: 180 In build_straw_man_chord_sa. tolerance = 1, sa_iterations = 1000, initial_temperature = 3.0, cooling_rate = 0.999
26 - INFO - chord#: 180 done. best_score=27.0, changed=521, unchanged=345, early_stops=8/8
26 - INFO - chord#: 182 In build_straw_man_chord_sa. tolerance = 1, sa_iterations = 1000, initial_temperature = 3.0, cooling_rate = 0.999
26 - INFO - chord#: 180 done. best_score=27.0, changed=524, unchanged=342, early_stops=8/8
26 - INFO - chord#: 182 In build_straw_man_chord_sa. tolerance = 1, sa_iterations = 1000, initial_temperature = 3.0, cooling_rate = 0.999
26 - INFO - chord#: 184 done. best_score=27.0, changed=521, unchanged=383, early_stops=8/8
26 - INFO - chord#: 180 done. best_score=27.0, changed=522, unchanged=382, early_stops=8/8
26 - INFO - chord#: 182 In build_straw_man_chord_sa. tolerance = 1, sa_iterations = 1000, initial_temperature = 3.0, cooling_rate = 0.999
26 - INFO - chord#: 182 done. best_score=47.0, changed=522, unchanged=338, early_stops=8/8
26 - INFO - chord#: 183 In build_straw_man_chord_sa. tolerance = 1, sa_iterations = 1000, initial_temperature = 3.0, cooling_rate = 0.999
26 - INFO - chord#: 182 done. best_score=47.0, changed=519, unchanged=312, early_stops=8/8
26 - INFO - chord#: 183 In build_straw_man_chord_sa. tolerance = 1, sa_iterations = 1000, initial_temperature = 3.0, cooling_rate = 0.999
26 - INFO - chord#: 166 done. best_score=67.0, changed=609, unchanged=372, early_stops=8/8
26 - INFO - chord#: 168 In build_straw_man_chord_sa. tolerance = 1, sa_iterations = 1000, initial_temperature = 3.0, cooling_rate = 0.999
26 - INFO - chord#: 166 done. best_score=67.0, changed=613, unchanged=379, early_stops=8/8
26 - INFO - chord#: 168 In build_straw_man_chord_sa. tolerance = 1, sa_iterations = 1000, initial_temperature = 3.0, cooling_rate = 0.999
26 - INFO - chord#: 182 done. best_score=47.0, changed=524, unchanged=484, early_stops=8/8
26 - INFO - chord#: 183 In build_straw_man_chord_sa. tolerance = 1, sa_iterations = 1000, initial_temperature = 3.0, cooling_rate = 0.999
26 - INFO - chord#: 168 done. best_score=27.0, changed=531, unchanged=457, early_stops=8/8
26 - INFO - chord#: 170 In build_straw_man_chord_sa. tolerance = 1, sa_iterations = 1000, initial_temperature = 3.0, cooling_rate = 0.999
26 - INFO - chord#: 168 done. best_score=27.0, changed=530, unchanged=484, early_stops=8/8
26 - INFO - chord#: 170 In build_straw_man_chord_sa. tolerance = 1, sa_iterations = 1000, initial_temperature = 3.0, cooling_rate = 0.999
26 - INFO - chord#: 183 done. best_score=105.0, changed=608, unchanged=255, early_stops=8/8
26 - INFO - chord#: 184 In build_straw_man_chord_sa. tolerance = 1, sa_iterations = 1000, initial_temperature = 3.0, cooling_rate = 0.999
26 - INFO - chord#: 170 done. best_score=36.0, changed=531, unchanged=407, early_stops=8/8
26 - INFO - chord#: 172 In build_straw_man_chord_sa. tolerance = 1, sa_iterations = 1000, initial_temperature = 3.0, cooling_rate = 0.999
26 - INFO - chord#: 183 done. best_score=113.0, changed=613, unchanged=314, early_stops=8/8
26 - INFO - chord#: 184 In build_straw_man_chord_sa. tolerance = 1, sa_iterations = 1000, initial_temperature = 3.0, cooling_rate = 0.999
26 - INFO - chord#: 170 done. best_score=36.0, changed=527, unchanged=399, early_stops=8/8
26 - INFO - chord#: 172 In build_straw_man_chord_sa. tolerance = 1, sa_iterations = 1000, initial_temperature = 3.0, cooling_rate = 0.999
26 - INFO - chord#: 183 done. best_score=93.0, changed=618, unchanged=354, early_stops=8/8
26 - INFO - chord#: 184 In build_straw_man_chord_sa. tolerance = 1, sa_iterations = 1000, initial_temperature = 3.0, cooling_rate = 0.999
26 - INFO - chord#: 184 done. best_score=27.0, changed=531, unchanged=436, early_stops=8/8
26 - INFO - chord#: 172 done. best_score=27.0, changed=515, unchanged=412, early_stops=8/8
26 - INFO - chord#: 174 In build_straw_man_chord_sa. tolerance = 1, sa_iterations = 1000, initial_temperature = 3.0, cooling_rate = 0.999
26 - INFO - chord#: 184 done. best_score=27.0, changed=522, unchanged=443, early_stops=8/8
26 - INFO - chord#: 172 done. best_score=27.0, changed=534, unchanged=503, early_stops=8/8
26 - INFO - chord#: 174 In build_straw_man_chord_sa. tolerance = 1, sa_iterations = 1000, initial_temperature = 3.0, cooling_rate = 0.999
26 - INFO - chord#: 184 done. best_score=27.0, changed=533, unchanged=424, early_stops=8/8
26 - INFO - chord#: 174 done. best_score=27.0, changed=522, unchanged=344, early_stops=8/8
26 - INFO - chord#: 176 In build_straw_man_chord_sa. tolerance = 1, sa_iterations = 1000, initial_temperature = 3.0, cooling_rate = 0.999
26 - INFO - chord#: 174 done. best_score=27.0, changed=522, unchanged=364, early_stops=8/8
26 - INFO - chord#: 176 In build_straw_man_chord_sa. tolerance = 1, sa_iterations = 1000, initial_temperature = 3.0, cooling_rate = 0.999
26 - INFO - chord#: 176 done. best_score=27.0, changed=516, unchanged=327, early_stops=8/8
26 - INFO - chord#: 180 In build_straw_man_chord_sa. tolerance = 1, sa_iterations = 1000, initial_temperature = 3.0, cooling_rate = 0.999
26 - INFO - chord#: 176 done. best_score=27.0, changed=523, unchanged=369, early_stops=8/8
26 - INFO - chord#: 180 In build_straw_man_chord_sa. tolerance = 1, sa_iterations = 1000, initial_temperature = 3.0, cooling_rate = 0.999
26 - INFO - chord#: 180 done. best_score=27.0, changed=517, unchanged=361, early_stops=8/8
26 - INFO - chord#: 182 In build_straw_man_chord_sa. tolerance = 1, sa_iterations = 1000, initial_temperature = 3.0, cooling_rate = 0.999
26 - INFO - chord#: 180 done. best_score=27.0, changed=526, unchanged=359, early_stops=8/8
26 - INFO - chord#: 182 In build_straw_man_chord_sa. tolerance = 1, sa_iterations = 1000, initial_temperature = 3.0, cooling_rate = 0.999
26 - INFO - chord#: 182 done. best_score=47.0, changed=522, unchanged=342, early_stops=8/8
26 - INFO - chord#: 183 In build_straw_man_chord_sa. tolerance = 1, sa_iterations = 1000, initial_temperature = 3.0, cooling_rate = 0.999
26 - INFO - chord#: 182 done. best_score=47.0, changed=514, unchanged=345, early_stops=8/8
26 - INFO - chord#: 183 In build_straw_man_chord_sa. tolerance = 1, sa_iterations = 1000, initial_temperature = 3.0, cooling_rate = 0.999
26 - INFO - chord#: 183 done. best_score=146.0, changed=613, unchanged=303, early_stops=8/8
26 - INFO - chord#: 184 In build_straw_man_chord_sa. tolerance = 1, sa_iterations = 1000, initial_temperature = 3.0, cooling_rate = 0.999
26 - INFO - chord#: 183 done. best_score=144.0, changed=610, unchanged=299, early_stops=8/8
26 - INFO - chord#: 184 In build_straw_man_chord_sa. tolerance = 1, sa_iterations = 1000, initial_temperature = 3.0, cooling_rate = 0.999
26 - INFO - chord#: 184 done. best_score=27.0, changed=525, unchanged=392, early_stops=8/8
26 - INFO - chord#: 184 done. best_score=27.0, changed=524, unchanged=451, early_stops=8/8
26 - INFO - chord#: 0 In build_straw_man_chord_sa. tolerance = 1, sa_iterations = 1000, initial_temperature = 3.0, cooling_rate = 0.999
26 - INFO - chord#: 0 In build_straw_man_chord_sa. tolerance = 1, sa_iterations = 1000, initial_temperature = 3.0, cooling_rate = 0.999
26 - INFO - chord#: 0 In build_straw_man_chord_sa. tolerance = 1, sa_iterations = 1000, initial_temperature = 3.0, cooling_rate = 0.999
26 - INFO - chord#: 0 In build_straw_man_chord_sa. tolerance = 1, sa_iterations = 1000, initial_temperature = 3.0, cooling_rate = 0.999
26 - INFO - chord#: 0 In build_straw_man_chord_sa. tolerance = 1, sa_iterations = 1000, initial_temperature = 3.0, cooling_rate = 0.999
26 - INFO - chord#: 0 In build_straw_man_chord_sa. tolerance = 1, sa_iterations = 1000, initial_temperature = 3.0, cooling_rate = 0.999
26 - INFO - chord#: 0 In build_straw_man_chord_sa. tolerance = 1, sa_iterations = 1000, initial_temperature = 3.0, cooling_rate = 0.999
26 - INFO - chord#: 0 In build_straw_man_chord_sa. tolerance = 1, sa_iterations = 1000, initial_temperature = 3.0, cooling_rate = 0.999
26 - INFO - chord#: 0 In build_straw_man_chord_sa. tolerance = 1, sa_iterations = 1000, initial_temperature = 3.0, cooling_rate = 0.999
26 - INFO - chord#: 0 In build_straw_man_chord_sa. tolerance = 1, sa_iterations = 1000, initial_temperature = 3.0, cooling_rate = 0.999
26 - INFO - chord#: 0 In build_straw_man_chord_sa. tolerance = 1, sa_iterations = 1000, initial_temperature = 3.0, cooling_rate = 0.999
26 - INFO - chord#: 0 In build_straw_man_chord_sa. tolerance = 1, sa_iterations = 1000, initial_temperature = 3.0, cooling_rate = 0.999
26 - INFO - chord#: 0 done. best_score=27.0, changed=515, unchanged=433, early_stops=8/8
26 - INFO - chord#: 8 In build_straw_man_chord_sa. tolerance = 1, sa_iterations = 1000, initial_temperature = 3.0, cooling_rate = 0.999
26 - INFO - chord#: 0 done. best_score=27.0, changed=528, unchanged=438, early_stops=8/8
26 - INFO - chord#: 0 done. best_score=27.0, changed=520, unchanged=395, early_stops=8/8
26 - INFO - chord#: 8 In build_straw_man_chord_sa. tolerance = 1, sa_iterations = 1000, initial_temperature = 3.0, cooling_rate = 0.999
26 - INFO - chord#: 8 In build_straw_man_chord_sa. tolerance = 1, sa_iterations = 1000, initial_temperature = 3.0, cooling_rate = 0.999
26 - INFO - chord#: 0 done. best_score=27.0, changed=513, unchanged=402, early_stops=8/8
26 - INFO - chord#: 8 In build_straw_man_chord_sa. tolerance = 1, sa_iterations = 1000, initial_temperature = 3.0, cooling_rate = 0.999
26 - INFO - chord#: 0 done. best_score=27.0, changed=527, unchanged=413, early_stops=8/8
26 - INFO - chord#: 8 In build_straw_man_chord_sa. tolerance = 1, sa_iterations = 1000, initial_temperature = 3.0, cooling_rate = 0.999
26 - INFO - chord#: 0 done. best_score=27.0, changed=513, unchanged=322, early_stops=8/8
26 - INFO - chord#: 8 In build_straw_man_chord_sa. tolerance = 1, sa_iterations = 1000, initial_temperature = 3.0, cooling_rate = 0.999
26 - INFO - chord#: 0 done. best_score=27.0, changed=518, unchanged=370, early_stops=8/8
26 - INFO - chord#: 8 In build_straw_man_chord_sa. tolerance = 1, sa_iterations = 1000, initial_temperature = 3.0, cooling_rate = 0.999
26 - INFO - chord#: 0 done. best_score=27.0, changed=522, unchanged=358, early_stops=8/8
26 - INFO - chord#: 8 In build_straw_man_chord_sa. tolerance = 1, sa_iterations = 1000, initial_temperature = 3.0, cooling_rate = 0.999
26 - INFO - chord#: 0 done. best_score=27.0, changed=513, unchanged=398, early_stops=8/8
26 - INFO - chord#: 8 In build_straw_man_chord_sa. tolerance = 1, sa_iterations = 1000, initial_temperature = 3.0, cooling_rate = 0.999
26 - INFO - chord#: 0 done. best_score=27.0, changed=530, unchanged=494, early_stops=8/8
26 - INFO - chord#: 8 In build_straw_man_chord_sa. tolerance = 1, sa_iterations = 1000, initial_temperature = 3.0, cooling_rate = 0.999
26 - INFO - chord#: 0 done. best_score=27.0, changed=522, unchanged=405, early_stops=8/8
26 - INFO - chord#: 8 In build_straw_man_chord_sa. tolerance = 1, sa_iterations = 1000, initial_temperature = 3.0, cooling_rate = 0.999
26 - INFO - chord#: 0 done. best_score=27.0, changed=524, unchanged=510, early_stops=8/8
26 - INFO - chord#: 8 In build_straw_man_chord_sa. tolerance = 1, sa_iterations = 1000, initial_temperature = 3.0, cooling_rate = 0.999
26 - INFO - chord#: 8 done. best_score=27.0, changed=520, unchanged=453, early_stops=8/8
26 - INFO - chord#: 10 In build_straw_man_chord_sa. tolerance = 1, sa_iterations = 1000, initial_temperature = 3.0, cooling_rate = 0.999
26 - INFO - chord#: 8 done. best_score=27.0, changed=522, unchanged=426, early_stops=8/8
26 - INFO - chord#: 10 In build_straw_man_chord_sa. tolerance = 1, sa_iterations = 1000, initial_temperature = 3.0, cooling_rate = 0.999
26 - INFO - chord#: 8 done. best_score=27.0, changed=525, unchanged=452, early_stops=8/8
26 - INFO - chord#: 10 In build_straw_man_chord_sa. tolerance = 1, sa_iterations = 1000, initial_temperature = 3.0, cooling_rate = 0.999
26 - INFO - chord#: 8 done. best_score=27.0, changed=519, unchanged=440, early_stops=8/8
26 - INFO - chord#: 10 In build_straw_man_chord_sa. tolerance = 1, sa_iterations = 1000, initial_temperature = 3.0, cooling_rate = 0.999
26 - INFO - chord#: 8 done. best_score=27.0, changed=525, unchanged=422, early_stops=8/8
26 - INFO - chord#: 10 In build_straw_man_chord_sa. tolerance = 1, sa_iterations = 1000, initial_temperature = 3.0, cooling_rate = 0.999
26 - INFO - chord#: 8 done. best_score=27.0, changed=514, unchanged=354, early_stops=8/8
26 - INFO - chord#: 10 In build_straw_man_chord_sa. tolerance = 1, sa_iterations = 1000, initial_temperature = 3.0, cooling_rate = 0.999
26 - INFO - chord#: 8 done. best_score=27.0, changed=520, unchanged=387, early_stops=8/8
26 - INFO - chord#: 10 In build_straw_man_chord_sa. tolerance = 1, sa_iterations = 1000, initial_temperature = 3.0, cooling_rate = 0.999
26 - INFO - chord#: 8 done. best_score=27.0, changed=516, unchanged=410, early_stops=8/8
26 - INFO - chord#: 10 In build_straw_man_chord_sa. tolerance = 1, sa_iterations = 1000, initial_temperature = 3.0, cooling_rate = 0.999
26 - INFO - chord#: 8 done. best_score=27.0, changed=530, unchanged=485, early_stops=8/8
26 - INFO - chord#: 10 In build_straw_man_chord_sa. tolerance = 1, sa_iterations = 1000, initial_temperature = 3.0, cooling_rate = 0.999
26 - INFO - chord#: 8 done. best_score=27.0, changed=515, unchanged=368, early_stops=8/8
26 - INFO - chord#: 10 In build_straw_man_chord_sa. tolerance = 1, sa_iterations = 1000, initial_temperature = 3.0, cooling_rate = 0.999
26 - INFO - chord#: 8 done. best_score=27.0, changed=515, unchanged=376, early_stops=8/8
26 - INFO - chord#: 10 In build_straw_man_chord_sa. tolerance = 1, sa_iterations = 1000, initial_temperature = 3.0, cooling_rate = 0.999
26 - INFO - chord#: 8 done. best_score=27.0, changed=526, unchanged=546, early_stops=8/8
26 - INFO - chord#: 10 In build_straw_man_chord_sa. tolerance = 1, sa_iterations = 1000, initial_temperature = 3.0, cooling_rate = 0.999
26 - INFO - chord#: 10 done. best_score=27.0, changed=526, unchanged=362, early_stops=8/8
26 - INFO - chord#: 12 In build_straw_man_chord_sa. tolerance = 1, sa_iterations = 1000, initial_temperature = 3.0, cooling_rate = 0.999
26 - INFO - chord#: 10 done. best_score=27.0, changed=537, unchanged=424, early_stops=8/8
26 - INFO - chord#: 12 In build_straw_man_chord_sa. tolerance = 1, sa_iterations = 1000, initial_temperature = 3.0, cooling_rate = 0.999
26 - INFO - chord#: 10 done. best_score=27.0, changed=525, unchanged=403, early_stops=8/8
26 - INFO - chord#: 12 In build_straw_man_chord_sa. tolerance = 1, sa_iterations = 1000, initial_temperature = 3.0, cooling_rate = 0.999
26 - INFO - chord#: 10 done. best_score=27.0, changed=532, unchanged=437, early_stops=8/8
26 - INFO - chord#: 12 In build_straw_man_chord_sa. tolerance = 1, sa_iterations = 1000, initial_temperature = 3.0, cooling_rate = 0.999
26 - INFO - chord#: 10 done. best_score=27.0, changed=533, unchanged=392, early_stops=8/8
26 - INFO - chord#: 12 In build_straw_man_chord_sa. tolerance = 1, sa_iterations = 1000, initial_temperature = 3.0, cooling_rate = 0.999
26 - INFO - chord#: 10 done. best_score=27.0, changed=522, unchanged=318, early_stops=8/8
26 - INFO - chord#: 12 In build_straw_man_chord_sa. tolerance = 1, sa_iterations = 1000, initial_temperature = 3.0, cooling_rate = 0.999
26 - INFO - chord#: 10 done. best_score=27.0, changed=519, unchanged=342, early_stops=8/8
26 - INFO - chord#: 12 In build_straw_man_chord_sa. tolerance = 1, sa_iterations = 1000, initial_temperature = 3.0, cooling_rate = 0.999
26 - INFO - chord#: 10 done. best_score=27.0, changed=534, unchanged=357, early_stops=8/8
26 - INFO - chord#: 12 In build_straw_man_chord_sa. tolerance = 1, sa_iterations = 1000, initial_temperature = 3.0, cooling_rate = 0.999
26 - INFO - chord#: 10 done. best_score=27.0, changed=520, unchanged=419, early_stops=8/8
26 - INFO - chord#: 12 In build_straw_man_chord_sa. tolerance = 1, sa_iterations = 1000, initial_temperature = 3.0, cooling_rate = 0.999
26 - INFO - chord#: 10 done. best_score=27.0, changed=533, unchanged=397, early_stops=8/8
26 - INFO - chord#: 12 In build_straw_man_chord_sa. tolerance = 1, sa_iterations = 1000, initial_temperature = 3.0, cooling_rate = 0.999
26 - INFO - chord#: 10 done. best_score=27.0, changed=526, unchanged=371, early_stops=8/8
26 - INFO - chord#: 12 In build_straw_man_chord_sa. tolerance = 1, sa_iterations = 1000, initial_temperature = 3.0, cooling_rate = 0.999
26 - INFO - chord#: 10 done. best_score=27.0, changed=524, unchanged=327, early_stops=8/8
26 - INFO - chord#: 12 In build_straw_man_chord_sa. tolerance = 1, sa_iterations = 1000, initial_temperature = 3.0, cooling_rate = 0.999
26 - INFO - chord#: 12 done. best_score=75.0, changed=618, unchanged=366, early_stops=8/8
26 - INFO - chord#: 14 In build_straw_man_chord_sa. tolerance = 1, sa_iterations = 1000, initial_temperature = 3.0, cooling_rate = 0.999
26 - INFO - chord#: 12 done. best_score=104.0, changed=612, unchanged=273, early_stops=8/8
26 - INFO - chord#: 14 In build_straw_man_chord_sa. tolerance = 1, sa_iterations = 1000, initial_temperature = 3.0, cooling_rate = 0.999
26 - INFO - chord#: 12 done. best_score=104.0, changed=609, unchanged=435, early_stops=8/8
26 - INFO - chord#: 14 In build_straw_man_chord_sa. tolerance = 1, sa_iterations = 1000, initial_temperature = 3.0, cooling_rate = 0.999
26 - INFO - chord#: 12 done. best_score=70.0, changed=611, unchanged=489, early_stops=8/8
26 - INFO - chord#: 14 In build_straw_man_chord_sa. tolerance = 1, sa_iterations = 1000, initial_temperature = 3.0, cooling_rate = 0.999
26 - INFO - chord#: 12 done. best_score=75.0, changed=612, unchanged=434, early_stops=8/8
26 - INFO - chord#: 14 In build_straw_man_chord_sa. tolerance = 1, sa_iterations = 1000, initial_temperature = 3.0, cooling_rate = 0.999
26 - INFO - chord#: 12 done. best_score=70.0, changed=612, unchanged=302, early_stops=8/8
26 - INFO - chord#: 14 In build_straw_man_chord_sa. tolerance = 1, sa_iterations = 1000, initial_temperature = 3.0, cooling_rate = 0.999
26 - INFO - chord#: 12 done. best_score=104.0, changed=613, unchanged=330, early_stops=8/8
26 - INFO - chord#: 14 In build_straw_man_chord_sa. tolerance = 1, sa_iterations = 1000, initial_temperature = 3.0, cooling_rate = 0.999
26 - INFO - chord#: 14 done. best_score=36.0, changed=535, unchanged=335, early_stops=8/8
26 - INFO - chord#: 16 In build_straw_man_chord_sa. tolerance = 1, sa_iterations = 1000, initial_temperature = 3.0, cooling_rate = 0.999
26 - INFO - chord#: 14 done. best_score=57.0, changed=524, unchanged=352, early_stops=8/8
26 - INFO - chord#: 16 In build_straw_man_chord_sa. tolerance = 1, sa_iterations = 1000, initial_temperature = 3.0, cooling_rate = 0.999
26 - INFO - chord#: 12 done. best_score=108.0, changed=608, unchanged=326, early_stops=8/8
26 - INFO - chord#: 14 In build_straw_man_chord_sa. tolerance = 1, sa_iterations = 1000, initial_temperature = 3.0, cooling_rate = 0.999
26 - INFO - chord#: 14 done. best_score=27.0, changed=533, unchanged=310, early_stops=8/8
26 - INFO - chord#: 16 In build_straw_man_chord_sa. tolerance = 1, sa_iterations = 1000, initial_temperature = 3.0, cooling_rate = 0.999
26 - INFO - chord#: 12 done. best_score=70.0, changed=611, unchanged=257, early_stops=8/8
26 - INFO - chord#: 14 In build_straw_man_chord_sa. tolerance = 1, sa_iterations = 1000, initial_temperature = 3.0, cooling_rate = 0.999
26 - INFO - chord#: 14 done. best_score=36.0, changed=531, unchanged=366, early_stops=8/8
26 - INFO - chord#: 16 In build_straw_man_chord_sa. tolerance = 1, sa_iterations = 1000, initial_temperature = 3.0, cooling_rate = 0.999
26 - INFO - chord#: 14 done. best_score=27.0, changed=523, unchanged=367, early_stops=8/8
26 - INFO - chord#: 16 In build_straw_man_chord_sa. tolerance = 1, sa_iterations = 1000, initial_temperature = 3.0, cooling_rate = 0.999
26 - INFO - chord#: 12 done. best_score=75.0, changed=616, unchanged=400, early_stops=8/8
26 - INFO - chord#: 14 In build_straw_man_chord_sa. tolerance = 1, sa_iterations = 1000, initial_temperature = 3.0, cooling_rate = 0.999
26 - INFO - chord#: 12 done. best_score=75.0, changed=618, unchanged=356, early_stops=8/8
26 - INFO - chord#: 14 In build_straw_man_chord_sa. tolerance = 1, sa_iterations = 1000, initial_temperature = 3.0, cooling_rate = 0.999
26 - INFO - chord#: 14 done. best_score=27.0, changed=526, unchanged=326, early_stops=8/8
26 - INFO - chord#: 16 In build_straw_man_chord_sa. tolerance = 1, sa_iterations = 1000, initial_temperature = 3.0, cooling_rate = 0.999
26 - INFO - chord#: 14 done. best_score=57.0, changed=527, unchanged=364, early_stops=8/8
26 - INFO - chord#: 16 In build_straw_man_chord_sa. tolerance = 1, sa_iterations = 1000, initial_temperature = 3.0, cooling_rate = 0.999
26 - INFO - chord#: 12 done. best_score=70.0, changed=613, unchanged=468, early_stops=8/8
26 - INFO - chord#: 14 In build_straw_man_chord_sa. tolerance = 1, sa_iterations = 1000, initial_temperature = 3.0, cooling_rate = 0.999
26 - INFO - chord#: 14 done. best_score=57.0, changed=533, unchanged=347, early_stops=8/8
26 - INFO - chord#: 16 In build_straw_man_chord_sa. tolerance = 1, sa_iterations = 1000, initial_temperature = 3.0, cooling_rate = 0.999
26 - INFO - chord#: 14 done. best_score=27.0, changed=521, unchanged=329, early_stops=8/8
26 - INFO - chord#: 16 In build_straw_man_chord_sa. tolerance = 1, sa_iterations = 1000, initial_temperature = 3.0, cooling_rate = 0.999
26 - INFO - chord#: 14 done. best_score=36.0, changed=525, unchanged=316, early_stops=8/8
26 - INFO - chord#: 16 In build_straw_man_chord_sa. tolerance = 1, sa_iterations = 1000, initial_temperature = 3.0, cooling_rate = 0.999
26 - INFO - chord#: 14 done. best_score=36.0, changed=531, unchanged=380, early_stops=8/8
26 - INFO - chord#: 16 In build_straw_man_chord_sa. tolerance = 1, sa_iterations = 1000, initial_temperature = 3.0, cooling_rate = 0.999
26 - INFO - chord#: 14 done. best_score=27.0, changed=524, unchanged=353, early_stops=8/8
26 - INFO - chord#: 16 In build_straw_man_chord_sa. tolerance = 1, sa_iterations = 1000, initial_temperature = 3.0, cooling_rate = 0.999
26 - INFO - chord#: 16 done. best_score=64.0, changed=610, unchanged=231, early_stops=8/8
26 - INFO - chord#: 20 In build_straw_man_chord_sa. tolerance = 1, sa_iterations = 1000, initial_temperature = 3.0, cooling_rate = 0.999
26 - INFO - chord#: 16 done. best_score=146.0, changed=616, unchanged=224, early_stops=8/8
26 - INFO - chord#: 20 In build_straw_man_chord_sa. tolerance = 1, sa_iterations = 1000, initial_temperature = 3.0, cooling_rate = 0.999
26 - INFO - chord#: 16 done. best_score=104.0, changed=610, unchanged=317, early_stops=8/8
26 - INFO - chord#: 20 In build_straw_man_chord_sa. tolerance = 1, sa_iterations = 1000, initial_temperature = 3.0, cooling_rate = 0.999
26 - INFO - chord#: 16 done. best_score=71.0, changed=610, unchanged=325, early_stops=8/8
26 - INFO - chord#: 20 In build_straw_man_chord_sa. tolerance = 1, sa_iterations = 1000, initial_temperature = 3.0, cooling_rate = 0.999
26 - INFO - chord#: 20 done. best_score=27.0, changed=517, unchanged=344, early_stops=8/8
26 - INFO - chord#: 22 In build_straw_man_chord_sa. tolerance = 1, sa_iterations = 1000, initial_temperature = 3.0, cooling_rate = 0.999
26 - INFO - chord#: 20 done. best_score=27.0, changed=525, unchanged=408, early_stops=8/8
26 - INFO - chord#: 22 In build_straw_man_chord_sa. tolerance = 1, sa_iterations = 1000, initial_temperature = 3.0, cooling_rate = 0.999
26 - INFO - chord#: 20 done. best_score=27.0, changed=519, unchanged=341, early_stops=8/8
26 - INFO - chord#: 22 In build_straw_man_chord_sa. tolerance = 1, sa_iterations = 1000, initial_temperature = 3.0, cooling_rate = 0.999
26 - INFO - chord#: 16 done. best_score=64.0, changed=617, unchanged=329, early_stops=8/8
26 - INFO - chord#: 20 In build_straw_man_chord_sa. tolerance = 1, sa_iterations = 1000, initial_temperature = 3.0, cooling_rate = 0.999
26 - INFO - chord#: 16 done. best_score=71.0, changed=611, unchanged=266, early_stops=8/8
26 - INFO - chord#: 20 In build_straw_man_chord_sa. tolerance = 1, sa_iterations = 1000, initial_temperature = 3.0, cooling_rate = 0.999
26 - INFO - chord#: 22 done. best_score=9.0, changed=476, unchanged=364, early_stops=8/8
26 - INFO - chord#: 24 In build_straw_man_chord_sa. tolerance = 1, sa_iterations = 1000, initial_temperature = 3.0, cooling_rate = 0.999
26 - INFO - chord#: 22 done. best_score=9.0, changed=480, unchanged=344, early_stops=8/8
26 - INFO - chord#: 24 In build_straw_man_chord_sa. tolerance = 1, sa_iterations = 1000, initial_temperature = 3.0, cooling_rate = 0.999
26 - INFO - chord#: 16 done. best_score=64.0, changed=623, unchanged=687, early_stops=8/8
26 - INFO - chord#: 20 In build_straw_man_chord_sa. tolerance = 1, sa_iterations = 1000, initial_temperature = 3.0, cooling_rate = 0.999
26 - INFO - chord#: 22 done. best_score=9.0, changed=469, unchanged=342, early_stops=8/8
26 - INFO - chord#: 24 In build_straw_man_chord_sa. tolerance = 1, sa_iterations = 1000, initial_temperature = 3.0, cooling_rate = 0.999
26 - INFO - chord#: 20 done. best_score=27.0, changed=524, unchanged=417, early_stops=8/8
26 - INFO - chord#: 22 In build_straw_man_chord_sa. tolerance = 1, sa_iterations = 1000, initial_temperature = 3.0, cooling_rate = 0.999
26 - INFO - chord#: 16 done. best_score=104.0, changed=613, unchanged=262, early_stops=8/8
26 - INFO - chord#: 20 In build_straw_man_chord_sa. tolerance = 1, sa_iterations = 1000, initial_temperature = 3.0, cooling_rate = 0.999
26 - INFO - chord#: 22 done. best_score=9.0, changed=488, unchanged=339, early_stops=8/8
26 - INFO - chord#: 24 In build_straw_man_chord_sa. tolerance = 1, sa_iterations = 1000, initial_temperature = 3.0, cooling_rate = 0.999
26 - INFO - chord#: 20 done. best_score=27.0, changed=518, unchanged=353, early_stops=8/8
26 - INFO - chord#: 22 In build_straw_man_chord_sa. tolerance = 1, sa_iterations = 1000, initial_temperature = 3.0, cooling_rate = 0.999
26 - INFO - chord#: 20 done. best_score=27.0, changed=521, unchanged=386, early_stops=8/8
26 - INFO - chord#: 22 In build_straw_man_chord_sa. tolerance = 1, sa_iterations = 1000, initial_temperature = 3.0, cooling_rate = 0.999
26 - INFO - chord#: 16 done. best_score=64.0, changed=611, unchanged=307, early_stops=8/8
26 - INFO - chord#: 20 In build_straw_man_chord_sa. tolerance = 1, sa_iterations = 1000, initial_temperature = 3.0, cooling_rate = 0.999
26 - INFO - chord#: 22 done. best_score=9.0, changed=501, unchanged=327, early_stops=8/8
26 - INFO - chord#: 24 In build_straw_man_chord_sa. tolerance = 1, sa_iterations = 1000, initial_temperature = 3.0, cooling_rate = 0.999
26 - INFO - chord#: 20 done. best_score=27.0, changed=523, unchanged=362, early_stops=8/8
26 - INFO - chord#: 22 In build_straw_man_chord_sa. tolerance = 1, sa_iterations = 1000, initial_temperature = 3.0, cooling_rate = 0.999
26 - INFO - chord#: 22 done. best_score=9.0, changed=463, unchanged=353, early_stops=8/8
26 - INFO - chord#: 24 In build_straw_man_chord_sa. tolerance = 1, sa_iterations = 1000, initial_temperature = 3.0, cooling_rate = 0.999
26 - INFO - chord#: 24 done. best_score=27.0, changed=526, unchanged=380, early_stops=8/8
26 - INFO - chord#: 28 In build_straw_man_chord_sa. tolerance = 1, sa_iterations = 1000, initial_temperature = 3.0, cooling_rate = 0.999
26 - INFO - chord#: 24 done. best_score=27.0, changed=526, unchanged=418, early_stops=8/8
26 - INFO - chord#: 28 In build_straw_man_chord_sa. tolerance = 1, sa_iterations = 1000, initial_temperature = 3.0, cooling_rate = 0.999
26 - INFO - chord#: 24 done. best_score=27.0, changed=516, unchanged=391, early_stops=8/8
26 - INFO - chord#: 28 In build_straw_man_chord_sa. tolerance = 1, sa_iterations = 1000, initial_temperature = 3.0, cooling_rate = 0.999
26 - INFO - chord#: 22 done. best_score=9.0, changed=483, unchanged=341, early_stops=8/8
26 - INFO - chord#: 24 In build_straw_man_chord_sa. tolerance = 1, sa_iterations = 1000, initial_temperature = 3.0, cooling_rate = 0.999
26 - INFO - chord#: 16 done. best_score=71.0, changed=609, unchanged=401, early_stops=8/8
26 - INFO - chord#: 20 In build_straw_man_chord_sa. tolerance = 1, sa_iterations = 1000, initial_temperature = 3.0, cooling_rate = 0.999
26 - INFO - chord#: 20 done. best_score=27.0, changed=520, unchanged=387, early_stops=8/8
26 - INFO - chord#: 24 done. best_score=27.0, changed=519, unchanged=467, early_stops=8/8
26 - INFO - chord#: 16 done. best_score=64.0, changed=613, unchanged=422, early_stops=8/8
26 - INFO - chord#: 20 In build_straw_man_chord_sa. tolerance = 1, sa_iterations = 1000, initial_temperature = 3.0, cooling_rate = 0.999
26 - INFO - chord#: 22 In build_straw_man_chord_sa. tolerance = 1, sa_iterations = 1000, initial_temperature = 3.0, cooling_rate = 0.999
26 - INFO - chord#: 28 In build_straw_man_chord_sa. tolerance = 1, sa_iterations = 1000, initial_temperature = 3.0, cooling_rate = 0.999
26 - INFO - chord#: 22 done. best_score=9.0, changed=464, unchanged=360, early_stops=8/8
26 - INFO - chord#: 24 In build_straw_man_chord_sa. tolerance = 1, sa_iterations = 1000, initial_temperature = 3.0, cooling_rate = 0.999
26 - INFO - chord#: 20 done. best_score=27.0, changed=522, unchanged=383, early_stops=8/8
26 - INFO - chord#: 22 In build_straw_man_chord_sa. tolerance = 1, sa_iterations = 1000, initial_temperature = 3.0, cooling_rate = 0.999
26 - INFO - chord#: 16 done. best_score=71.0, changed=615, unchanged=376, early_stops=8/8
26 - INFO - chord#: 20 In build_straw_man_chord_sa. tolerance = 1, sa_iterations = 1000, initial_temperature = 3.0, cooling_rate = 0.999
26 - INFO - chord#: 24 done. best_score=27.0, changed=515, unchanged=449, early_stops=8/8
26 - INFO - chord#: 28 In build_straw_man_chord_sa. tolerance = 1, sa_iterations = 1000, initial_temperature = 3.0, cooling_rate = 0.999
26 - INFO - chord#: 24 done. best_score=27.0, changed=516, unchanged=319, early_stops=8/8
26 - INFO - chord#: 28 In build_straw_man_chord_sa. tolerance = 1, sa_iterations = 1000, initial_temperature = 3.0, cooling_rate = 0.999
26 - INFO - chord#: 28 done. best_score=27.0, changed=522, unchanged=402, early_stops=8/8
26 - INFO - chord#: 32 In build_straw_man_chord_sa. tolerance = 1, sa_iterations = 1000, initial_temperature = 3.0, cooling_rate = 0.999
26 - INFO - chord#: 22 done. best_score=9.0, changed=473, unchanged=365, early_stops=8/8
26 - INFO - chord#: 24 In build_straw_man_chord_sa. tolerance = 1, sa_iterations = 1000, initial_temperature = 3.0, cooling_rate = 0.999
26 - INFO - chord#: 28 done. best_score=27.0, changed=527, unchanged=332, early_stops=8/8
26 - INFO - chord#: 28 done. best_score=27.0, changed=524, unchanged=327, early_stops=8/8
26 - INFO - chord#: 32 In build_straw_man_chord_sa. tolerance = 1, sa_iterations = 1000, initial_temperature = 3.0, cooling_rate = 0.999
26 - INFO - chord#: 32 In build_straw_man_chord_sa. tolerance = 1, sa_iterations = 1000, initial_temperature = 3.0, cooling_rate = 0.999
26 - INFO - chord#: 28 done. best_score=27.0, changed=533, unchanged=448, early_stops=8/8
26 - INFO - chord#: 24 done. best_score=27.0, changed=529, unchanged=388, early_stops=8/8
26 - INFO - chord#: 32 In build_straw_man_chord_sa. tolerance = 1, sa_iterations = 1000, initial_temperature = 3.0, cooling_rate = 0.999
26 - INFO - chord#: 28 In build_straw_man_chord_sa. tolerance = 1, sa_iterations = 1000, initial_temperature = 3.0, cooling_rate = 0.999
26 - INFO - chord#: 20 done. best_score=61.0, changed=538, unchanged=354, early_stops=8/8
26 - INFO - chord#: 22 In build_straw_man_chord_sa. tolerance = 1, sa_iterations = 1000, initial_temperature = 3.0, cooling_rate = 0.999
26 - INFO - chord#: 20 done. best_score=27.0, changed=515, unchanged=317, early_stops=8/8
26 - INFO - chord#: 22 In build_straw_man_chord_sa. tolerance = 1, sa_iterations = 1000, initial_temperature = 3.0, cooling_rate = 0.999
26 - INFO - chord#: 22 done. best_score=9.0, changed=522, unchanged=320, early_stops=8/8
26 - INFO - chord#: 24 In build_straw_man_chord_sa. tolerance = 1, sa_iterations = 1000, initial_temperature = 3.0, cooling_rate = 0.999
26 - INFO - chord#: 22 done. best_score=9.0, changed=479, unchanged=348, early_stops=8/8
26 - INFO - chord#: 24 In build_straw_man_chord_sa. tolerance = 1, sa_iterations = 1000, initial_temperature = 3.0, cooling_rate = 0.999
26 - INFO - chord#: 28 done. best_score=27.0, changed=532, unchanged=340, early_stops=8/8
26 - INFO - chord#: 32 In build_straw_man_chord_sa. tolerance = 1, sa_iterations = 1000, initial_temperature = 3.0, cooling_rate = 0.999
26 - INFO - chord#: 28 done. best_score=27.0, changed=534, unchanged=330, early_stops=8/8
26 - INFO - chord#: 32 In build_straw_man_chord_sa. tolerance = 1, sa_iterations = 1000, initial_temperature = 3.0, cooling_rate = 0.999
26 - INFO - chord#: 32 done. best_score=27.0, changed=526, unchanged=369, early_stops=8/8
26 - INFO - chord#: 34 In build_straw_man_chord_sa. tolerance = 1, sa_iterations = 1000, initial_temperature = 3.0, cooling_rate = 0.999
26 - INFO - chord#: 20 done. best_score=27.0, changed=542, unchanged=342, early_stops=8/8
26 - INFO - chord#: 22 In build_straw_man_chord_sa. tolerance = 1, sa_iterations = 1000, initial_temperature = 3.0, cooling_rate = 0.999
26 - INFO - chord#: 24 done. best_score=27.0, changed=518, unchanged=436, early_stops=8/8
26 - INFO - chord#: 28 In build_straw_man_chord_sa. tolerance = 1, sa_iterations = 1000, initial_temperature = 3.0, cooling_rate = 0.999
26 - INFO - chord#: 28 done. best_score=27.0, changed=517, unchanged=313, early_stops=8/8
26 - INFO - chord#: 32 In build_straw_man_chord_sa. tolerance = 1, sa_iterations = 1000, initial_temperature = 3.0, cooling_rate = 0.999
26 - INFO - chord#: 32 done. best_score=27.0, changed=524, unchanged=350, early_stops=8/8
26 - INFO - chord#: 34 In build_straw_man_chord_sa. tolerance = 1, sa_iterations = 1000, initial_temperature = 3.0, cooling_rate = 0.999
26 - INFO - chord#: 22 done. best_score=9.0, changed=478, unchanged=366, early_stops=8/8
26 - INFO - chord#: 24 In build_straw_man_chord_sa. tolerance = 1, sa_iterations = 1000, initial_temperature = 3.0, cooling_rate = 0.999
26 - INFO - chord#: 32 done. best_score=27.0, changed=517, unchanged=293, early_stops=8/8
26 - INFO - chord#: 34 In build_straw_man_chord_sa. tolerance = 1, sa_iterations = 1000, initial_temperature = 3.0, cooling_rate = 0.999
26 - INFO - chord#: 32 done. best_score=27.0, changed=527, unchanged=365, early_stops=8/8
26 - INFO - chord#: 34 In build_straw_man_chord_sa. tolerance = 1, sa_iterations = 1000, initial_temperature = 3.0, cooling_rate = 0.999
26 - INFO - chord#: 24 done. best_score=27.0, changed=522, unchanged=402, early_stops=8/8
26 - INFO - chord#: 28 In build_straw_man_chord_sa. tolerance = 1, sa_iterations = 1000, initial_temperature = 3.0, cooling_rate = 0.999
26 - INFO - chord#: 32 done. best_score=27.0, changed=527, unchanged=347, early_stops=8/8
26 - INFO - chord#: 34 In build_straw_man_chord_sa. tolerance = 1, sa_iterations = 1000, initial_temperature = 3.0, cooling_rate = 0.999
26 - INFO - chord#: 32 done. best_score=27.0, changed=523, unchanged=402, early_stops=8/8
26 - INFO - chord#: 34 In build_straw_man_chord_sa. tolerance = 1, sa_iterations = 1000, initial_temperature = 3.0, cooling_rate = 0.999
26 - INFO - chord#: 24 done. best_score=27.0, changed=520, unchanged=334, early_stops=8/8
26 - INFO - chord#: 28 In build_straw_man_chord_sa. tolerance = 1, sa_iterations = 1000, initial_temperature = 3.0, cooling_rate = 0.999
26 - INFO - chord#: 24 done. best_score=27.0, changed=525, unchanged=502, early_stops=8/8
26 - INFO - chord#: 28 In build_straw_man_chord_sa. tolerance = 1, sa_iterations = 1000, initial_temperature = 3.0, cooling_rate = 0.999
26 - INFO - chord#: 32 done. best_score=27.0, changed=520, unchanged=336, early_stops=8/8
26 - INFO - chord#: 34 In build_straw_man_chord_sa. tolerance = 1, sa_iterations = 1000, initial_temperature = 3.0, cooling_rate = 0.999
26 - INFO - chord#: 28 done. best_score=27.0, changed=532, unchanged=359, early_stops=8/8
26 - INFO - chord#: 32 In build_straw_man_chord_sa. tolerance = 1, sa_iterations = 1000, initial_temperature = 3.0, cooling_rate = 0.999
26 - INFO - chord#: 28 done. best_score=27.0, changed=532, unchanged=348, early_stops=8/8
26 - INFO - chord#: 32 In build_straw_man_chord_sa. tolerance = 1, sa_iterations = 1000, initial_temperature = 3.0, cooling_rate = 0.999
26 - INFO - chord#: 28 done. best_score=27.0, changed=532, unchanged=334, early_stops=8/8
26 - INFO - chord#: 32 In build_straw_man_chord_sa. tolerance = 1, sa_iterations = 1000, initial_temperature = 3.0, cooling_rate = 0.999
26 - INFO - chord#: 28 done. best_score=27.0, changed=533, unchanged=305, early_stops=8/8
26 - INFO - chord#: 32 In build_straw_man_chord_sa. tolerance = 1, sa_iterations = 1000, initial_temperature = 3.0, cooling_rate = 0.999
26 - INFO - chord#: 24 done. best_score=27.0, changed=531, unchanged=479, early_stops=8/8
26 - INFO - chord#: 28 In build_straw_man_chord_sa. tolerance = 1, sa_iterations = 1000, initial_temperature = 3.0, cooling_rate = 0.999
26 - INFO - chord#: 34 done. best_score=70.0, changed=616, unchanged=277, early_stops=8/8
26 - INFO - chord#: 36 In build_straw_man_chord_sa. tolerance = 1, sa_iterations = 1000, initial_temperature = 3.0, cooling_rate = 0.999
26 - INFO - chord#: 32 done. best_score=27.0, changed=528, unchanged=384, early_stops=8/8
26 - INFO - chord#: 34 In build_straw_man_chord_sa. tolerance = 1, sa_iterations = 1000, initial_temperature = 3.0, cooling_rate = 0.999
26 - INFO - chord#: 34 done. best_score=70.0, changed=611, unchanged=372, early_stops=8/8
26 - INFO - chord#: 36 In build_straw_man_chord_sa. tolerance = 1, sa_iterations = 1000, initial_temperature = 3.0, cooling_rate = 0.999
26 - INFO - chord#: 34 done. best_score=70.0, changed=614, unchanged=359, early_stops=8/8
26 - INFO - chord#: 36 In build_straw_man_chord_sa. tolerance = 1, sa_iterations = 1000, initial_temperature = 3.0, cooling_rate = 0.999
26 - INFO - chord#: 32 done. best_score=27.0, changed=528, unchanged=354, early_stops=8/8
26 - INFO - chord#: 34 In build_straw_man_chord_sa. tolerance = 1, sa_iterations = 1000, initial_temperature = 3.0, cooling_rate = 0.999
26 - INFO - chord#: 34 done. best_score=104.0, changed=610, unchanged=352, early_stops=8/8
26 - INFO - chord#: 36 In build_straw_man_chord_sa. tolerance = 1, sa_iterations = 1000, initial_temperature = 3.0, cooling_rate = 0.999
26 - INFO - chord#: 32 done. best_score=27.0, changed=523, unchanged=370, early_stops=8/8
26 - INFO - chord#: 34 In build_straw_man_chord_sa. tolerance = 1, sa_iterations = 1000, initial_temperature = 3.0, cooling_rate = 0.999
26 - INFO - chord#: 32 done. best_score=27.0, changed=521, unchanged=343, early_stops=8/8
26 - INFO - chord#: 34 In build_straw_man_chord_sa. tolerance = 1, sa_iterations = 1000, initial_temperature = 3.0, cooling_rate = 0.999
26 - INFO - chord#: 34 done. best_score=104.0, changed=609, unchanged=240, early_stops=8/8
26 - INFO - chord#: 36 In build_straw_man_chord_sa. tolerance = 1, sa_iterations = 1000, initial_temperature = 3.0, cooling_rate = 0.999
26 - INFO - chord#: 34 done. best_score=70.0, changed=608, unchanged=278, early_stops=8/8
26 - INFO - chord#: 36 In build_straw_man_chord_sa. tolerance = 1, sa_iterations = 1000, initial_temperature = 3.0, cooling_rate = 0.999
26 - INFO - chord#: 28 done. best_score=27.0, changed=521, unchanged=349, early_stops=8/8
26 - INFO - chord#: 32 In build_straw_man_chord_sa. tolerance = 1, sa_iterations = 1000, initial_temperature = 3.0, cooling_rate = 0.999
26 - INFO - chord#: 34 done. best_score=70.0, changed=614, unchanged=425, early_stops=8/8
26 - INFO - chord#: 36 In build_straw_man_chord_sa. tolerance = 1, sa_iterations = 1000, initial_temperature = 3.0, cooling_rate = 0.999
26 - INFO - chord#: 36 done. best_score=27.0, changed=519, unchanged=357, early_stops=8/8
26 - INFO - chord#: 38 In build_straw_man_chord_sa. tolerance = 1, sa_iterations = 1000, initial_temperature = 3.0, cooling_rate = 0.999
26 - INFO - chord#: 36 done. best_score=27.0, changed=524, unchanged=285, early_stops=8/8
26 - INFO - chord#: 36 done. best_score=27.0, changed=518, unchanged=320, early_stops=8/8
26 - INFO - chord#: 38 In build_straw_man_chord_sa. tolerance = 1, sa_iterations = 1000, initial_temperature = 3.0, cooling_rate = 0.999
26 - INFO - chord#: 38 In build_straw_man_chord_sa. tolerance = 1, sa_iterations = 1000, initial_temperature = 3.0, cooling_rate = 0.999
26 - INFO - chord#: 36 done. best_score=61.0, changed=534, unchanged=352, early_stops=8/8
26 - INFO - chord#: 38 In build_straw_man_chord_sa. tolerance = 1, sa_iterations = 1000, initial_temperature = 3.0, cooling_rate = 0.999
26 - INFO - chord#: 36 done. best_score=27.0, changed=518, unchanged=337, early_stops=8/8
26 - INFO - chord#: 38 In build_straw_man_chord_sa. tolerance = 1, sa_iterations = 1000, initial_temperature = 3.0, cooling_rate = 0.999
26 - INFO - chord#: 36 done. best_score=27.0, changed=535, unchanged=393, early_stops=8/8
26 - INFO - chord#: 38 In build_straw_man_chord_sa. tolerance = 1, sa_iterations = 1000, initial_temperature = 3.0, cooling_rate = 0.999
26 - INFO - chord#: 32 done. best_score=27.0, changed=513, unchanged=319, early_stops=8/8
26 - INFO - chord#: 34 In build_straw_man_chord_sa. tolerance = 1, sa_iterations = 1000, initial_temperature = 3.0, cooling_rate = 0.999
26 - INFO - chord#: 36 done. best_score=27.0, changed=530, unchanged=379, early_stops=8/8
26 - INFO - chord#: 38 In build_straw_man_chord_sa. tolerance = 1, sa_iterations = 1000, initial_temperature = 3.0, cooling_rate = 0.999
26 - INFO - chord#: 34 done. best_score=111.0, changed=609, unchanged=217, early_stops=8/8
26 - INFO - chord#: 36 In build_straw_man_chord_sa. tolerance = 1, sa_iterations = 1000, initial_temperature = 3.0, cooling_rate = 0.999
26 - INFO - chord#: 34 done. best_score=70.0, changed=610, unchanged=297, early_stops=8/8
26 - INFO - chord#: 36 In build_straw_man_chord_sa. tolerance = 1, sa_iterations = 1000, initial_temperature = 3.0, cooling_rate = 0.999
26 - INFO - chord#: 34 done. best_score=70.0, changed=614, unchanged=315, early_stops=8/8
26 - INFO - chord#: 36 In build_straw_man_chord_sa. tolerance = 1, sa_iterations = 1000, initial_temperature = 3.0, cooling_rate = 0.999
26 - INFO - chord#: 38 done. best_score=82.0, changed=613, unchanged=265, early_stops=8/8
26 - INFO - chord#: 40 In build_straw_man_chord_sa. tolerance = 1, sa_iterations = 1000, initial_temperature = 3.0, cooling_rate = 0.999
26 - INFO - chord#: 34 done. best_score=70.0, changed=611, unchanged=310, early_stops=8/8
26 - INFO - chord#: 36 In build_straw_man_chord_sa. tolerance = 1, sa_iterations = 1000, initial_temperature = 3.0, cooling_rate = 0.999
26 - INFO - chord#: 36 done. best_score=27.0, changed=531, unchanged=323, early_stops=8/8
26 - INFO - chord#: 38 In build_straw_man_chord_sa. tolerance = 1, sa_iterations = 1000, initial_temperature = 3.0, cooling_rate = 0.999
26 - INFO - chord#: 38 done. best_score=82.0, changed=615, unchanged=458, early_stops=8/8
26 - INFO - chord#: 40 In build_straw_man_chord_sa. tolerance = 1, sa_iterations = 1000, initial_temperature = 3.0, cooling_rate = 0.999
26 - INFO - chord#: 38 done. best_score=82.0, changed=613, unchanged=284, early_stops=8/8
26 - INFO - chord#: 40 In build_straw_man_chord_sa. tolerance = 1, sa_iterations = 1000, initial_temperature = 3.0, cooling_rate = 0.999
26 - INFO - chord#: 36 done. best_score=27.0, changed=525, unchanged=308, early_stops=8/8
26 - INFO - chord#: 38 In build_straw_man_chord_sa. tolerance = 1, sa_iterations = 1000, initial_temperature = 3.0, cooling_rate = 0.999
26 - INFO - chord#: 40 done. best_score=31.0, changed=535, unchanged=286, early_stops=8/8
26 - INFO - chord#: 42 In build_straw_man_chord_sa. tolerance = 1, sa_iterations = 1000, initial_temperature = 3.0, cooling_rate = 0.999
26 - INFO - chord#: 38 done. best_score=97.0, changed=614, unchanged=278, early_stops=8/8
26 - INFO - chord#: 40 In build_straw_man_chord_sa. tolerance = 1, sa_iterations = 1000, initial_temperature = 3.0, cooling_rate = 0.999
26 - INFO - chord#: 38 done. best_score=82.0, changed=616, unchanged=358, early_stops=8/8
26 - INFO - chord#: 40 In build_straw_man_chord_sa. tolerance = 1, sa_iterations = 1000, initial_temperature = 3.0, cooling_rate = 0.999
26 - INFO - chord#: 38 done. best_score=120.0, changed=612, unchanged=402, early_stops=8/8
26 - INFO - chord#: 40 In build_straw_man_chord_sa. tolerance = 1, sa_iterations = 1000, initial_temperature = 3.0, cooling_rate = 0.999
26 - INFO - chord#: 36 done. best_score=27.0, changed=523, unchanged=317, early_stops=8/8
26 - INFO - chord#: 38 In build_straw_man_chord_sa. tolerance = 1, sa_iterations = 1000, initial_temperature = 3.0, cooling_rate = 0.999
26 - INFO - chord#: 40 done. best_score=31.0, changed=523, unchanged=343, early_stops=8/8
26 - INFO - chord#: 42 In build_straw_man_chord_sa. tolerance = 1, sa_iterations = 1000, initial_temperature = 3.0, cooling_rate = 0.999
26 - INFO - chord#: 36 done. best_score=27.0, changed=554, unchanged=398, early_stops=8/8
26 - INFO - chord#: 38 In build_straw_man_chord_sa. tolerance = 1, sa_iterations = 1000, initial_temperature = 3.0, cooling_rate = 0.999
26 - INFO - chord#: 40 done. best_score=31.0, changed=537, unchanged=405, early_stops=8/8
26 - INFO - chord#: 42 In build_straw_man_chord_sa. tolerance = 1, sa_iterations = 1000, initial_temperature = 3.0, cooling_rate = 0.999
26 - INFO - chord#: 38 done. best_score=120.0, changed=613, unchanged=392, early_stops=8/8
26 - INFO - chord#: 40 In build_straw_man_chord_sa. tolerance = 1, sa_iterations = 1000, initial_temperature = 3.0, cooling_rate = 0.999
26 - INFO - chord#: 34 done. best_score=70.0, changed=615, unchanged=449, early_stops=8/8
26 - INFO - chord#: 36 In build_straw_man_chord_sa. tolerance = 1, sa_iterations = 1000, initial_temperature = 3.0, cooling_rate = 0.999
26 - INFO - chord#: 40 done. best_score=31.0, changed=520, unchanged=404, early_stops=8/8
26 - INFO - chord#: 42 In build_straw_man_chord_sa. tolerance = 1, sa_iterations = 1000, initial_temperature = 3.0, cooling_rate = 0.999
26 - INFO - chord#: 40 done. best_score=31.0, changed=521, unchanged=411, early_stops=8/8
26 - INFO - chord#: 42 In build_straw_man_chord_sa. tolerance = 1, sa_iterations = 1000, initial_temperature = 3.0, cooling_rate = 0.999
26 - INFO - chord#: 40 done. best_score=31.0, changed=533, unchanged=398, early_stops=8/8
26 - INFO - chord#: 42 In build_straw_man_chord_sa. tolerance = 1, sa_iterations = 1000, initial_temperature = 3.0, cooling_rate = 0.999
26 - INFO - chord#: 38 done. best_score=147.0, changed=607, unchanged=332, early_stops=8/8
26 - INFO - chord#: 40 In build_straw_man_chord_sa. tolerance = 1, sa_iterations = 1000, initial_temperature = 3.0, cooling_rate = 0.999
26 - INFO - chord#: 40 done. best_score=31.0, changed=521, unchanged=359, early_stops=8/8
26 - INFO - chord#: 42 In build_straw_man_chord_sa. tolerance = 1, sa_iterations = 1000, initial_temperature = 3.0, cooling_rate = 0.999
26 - INFO - chord#: 36 done. best_score=27.0, changed=531, unchanged=368, early_stops=8/8
26 - INFO - chord#: 38 In build_straw_man_chord_sa. tolerance = 1, sa_iterations = 1000, initial_temperature = 3.0, cooling_rate = 0.999
26 - INFO - chord#: 42 done. best_score=94.0, changed=607, unchanged=279, early_stops=8/8
26 - INFO - chord#: 44 In build_straw_man_chord_sa. tolerance = 1, sa_iterations = 1000, initial_temperature = 3.0, cooling_rate = 0.999
26 - INFO - chord#: 40 done. best_score=31.0, changed=523, unchanged=314, early_stops=8/8
26 - INFO - chord#: 42 In build_straw_man_chord_sa. tolerance = 1, sa_iterations = 1000, initial_temperature = 3.0, cooling_rate = 0.999
26 - INFO - chord#: 38 done. best_score=82.0, changed=613, unchanged=322, early_stops=8/8
26 - INFO - chord#: 40 In build_straw_man_chord_sa. tolerance = 1, sa_iterations = 1000, initial_temperature = 3.0, cooling_rate = 0.999
26 - INFO - chord#: 42 done. best_score=105.0, changed=611, unchanged=447, early_stops=8/8
26 - INFO - chord#: 44 In build_straw_man_chord_sa. tolerance = 1, sa_iterations = 1000, initial_temperature = 3.0, cooling_rate = 0.999
26 - INFO - chord#: 42 done. best_score=94.0, changed=609, unchanged=215, early_stops=8/8
26 - INFO - chord#: 44 In build_straw_man_chord_sa. tolerance = 1, sa_iterations = 1000, initial_temperature = 3.0, cooling_rate = 0.999
26 - INFO - chord#: 42 done. best_score=93.0, changed=615, unchanged=418, early_stops=8/8
26 - INFO - chord#: 44 In build_straw_man_chord_sa. tolerance = 1, sa_iterations = 1000, initial_temperature = 3.0, cooling_rate = 0.999
26 - INFO - chord#: 38 done. best_score=82.0, changed=616, unchanged=345, early_stops=8/8
26 - INFO - chord#: 40 In build_straw_man_chord_sa. tolerance = 1, sa_iterations = 1000, initial_temperature = 3.0, cooling_rate = 0.999
26 - INFO - chord#: 42 done. best_score=94.0, changed=613, unchanged=321, early_stops=8/8
26 - INFO - chord#: 44 In build_straw_man_chord_sa. tolerance = 1, sa_iterations = 1000, initial_temperature = 3.0, cooling_rate = 0.999
26 - INFO - chord#: 44 done. best_score=27.0, changed=531, unchanged=441, early_stops=8/8
26 - INFO - chord#: 46 In build_straw_man_chord_sa. tolerance = 1, sa_iterations = 1000, initial_temperature = 3.0, cooling_rate = 0.999
26 - INFO - chord#: 38 done. best_score=82.0, changed=614, unchanged=442, early_stops=8/8
26 - INFO - chord#: 40 In build_straw_man_chord_sa. tolerance = 1, sa_iterations = 1000, initial_temperature = 3.0, cooling_rate = 0.999
26 - INFO - chord#: 44 done. best_score=27.0, changed=529, unchanged=507, early_stops=8/8
26 - INFO - chord#: 46 In build_straw_man_chord_sa. tolerance = 1, sa_iterations = 1000, initial_temperature = 3.0, cooling_rate = 0.999
26 - INFO - chord#: 40 done. best_score=31.0, changed=533, unchanged=459, early_stops=8/8
26 - INFO - chord#: 42 In build_straw_man_chord_sa. tolerance = 1, sa_iterations = 1000, initial_temperature = 3.0, cooling_rate = 0.999
26 - INFO - chord#: 42 done. best_score=162.0, changed=614, unchanged=291, early_stops=8/8
26 - INFO - chord#: 44 In build_straw_man_chord_sa. tolerance = 1, sa_iterations = 1000, initial_temperature = 3.0, cooling_rate = 0.999
26 - INFO - chord#: 44 done. best_score=27.0, changed=515, unchanged=322, early_stops=8/8
26 - INFO - chord#: 46 In build_straw_man_chord_sa. tolerance = 1, sa_iterations = 1000, initial_temperature = 3.0, cooling_rate = 0.999
26 - INFO - chord#: 44 done. best_score=27.0, changed=521, unchanged=446, early_stops=8/8
26 - INFO - chord#: 46 In build_straw_man_chord_sa. tolerance = 1, sa_iterations = 1000, initial_temperature = 3.0, cooling_rate = 0.999
26 - INFO - chord#: 42 done. best_score=96.0, changed=610, unchanged=243, early_stops=8/8
26 - INFO - chord#: 44 In build_straw_man_chord_sa. tolerance = 1, sa_iterations = 1000, initial_temperature = 3.0, cooling_rate = 0.999
26 - INFO - chord#: 46 done. best_score=27.0, changed=515, unchanged=369, early_stops=8/8
26 - INFO - chord#: 48 In build_straw_man_chord_sa. tolerance = 1, sa_iterations = 1000, initial_temperature = 3.0, cooling_rate = 0.999
26 - INFO - chord#: 44 done. best_score=27.0, changed=520, unchanged=328, early_stops=8/8
26 - INFO - chord#: 46 In build_straw_man_chord_sa. tolerance = 1, sa_iterations = 1000, initial_temperature = 3.0, cooling_rate = 0.999
26 - INFO - chord#: 40 done. best_score=31.0, changed=526, unchanged=362, early_stops=8/8
26 - INFO - chord#: 42 In build_straw_man_chord_sa. tolerance = 1, sa_iterations = 1000, initial_temperature = 3.0, cooling_rate = 0.999
26 - INFO - chord#: 42 done. best_score=93.0, changed=609, unchanged=306, early_stops=8/8
26 - INFO - chord#: 44 In build_straw_man_chord_sa. tolerance = 1, sa_iterations = 1000, initial_temperature = 3.0, cooling_rate = 0.999
26 - INFO - chord#: 46 done. best_score=27.0, changed=524, unchanged=432, early_stops=8/8
26 - INFO - chord#: 48 In build_straw_man_chord_sa. tolerance = 1, sa_iterations = 1000, initial_temperature = 3.0, cooling_rate = 0.999
26 - INFO - chord#: 40 done. best_score=31.0, changed=525, unchanged=331, early_stops=8/8
26 - INFO - chord#: 42 In build_straw_man_chord_sa. tolerance = 1, sa_iterations = 1000, initial_temperature = 3.0, cooling_rate = 0.999
26 - INFO - chord#: 38 done. best_score=97.0, changed=616, unchanged=257, early_stops=8/8
26 - INFO - chord#: 40 In build_straw_man_chord_sa. tolerance = 1, sa_iterations = 1000, initial_temperature = 3.0, cooling_rate = 0.999
26 - INFO - chord#: 46 done. best_score=27.0, changed=529, unchanged=374, early_stops=8/8
26 - INFO - chord#: 48 In build_straw_man_chord_sa. tolerance = 1, sa_iterations = 1000, initial_temperature = 3.0, cooling_rate = 0.999
26 - INFO - chord#: 46 done. best_score=27.0, changed=512, unchanged=336, early_stops=8/8
26 - INFO - chord#: 48 In build_straw_man_chord_sa. tolerance = 1, sa_iterations = 1000, initial_temperature = 3.0, cooling_rate = 0.999
26 - INFO - chord#: 44 done. best_score=27.0, changed=522, unchanged=365, early_stops=8/8
26 - INFO - chord#: 46 In build_straw_man_chord_sa. tolerance = 1, sa_iterations = 1000, initial_temperature = 3.0, cooling_rate = 0.999
26 - INFO - chord#: 46 done. best_score=27.0, changed=511, unchanged=307, early_stops=8/8
26 - INFO - chord#: 48 In build_straw_man_chord_sa. tolerance = 1, sa_iterations = 1000, initial_temperature = 3.0, cooling_rate = 0.999
26 - INFO - chord#: 44 done. best_score=27.0, changed=521, unchanged=375, early_stops=8/8
26 - INFO - chord#: 46 In build_straw_man_chord_sa. tolerance = 1, sa_iterations = 1000, initial_temperature = 3.0, cooling_rate = 0.999
26 - INFO - chord#: 40 done. best_score=31.0, changed=526, unchanged=320, early_stops=8/8
26 - INFO - chord#: 42 In build_straw_man_chord_sa. tolerance = 1, sa_iterations = 1000, initial_temperature = 3.0, cooling_rate = 0.999
26 - INFO - chord#: 44 done. best_score=27.0, changed=521, unchanged=385, early_stops=8/8
26 - INFO - chord#: 46 In build_straw_man_chord_sa. tolerance = 1, sa_iterations = 1000, initial_temperature = 3.0, cooling_rate = 0.999
26 - INFO - chord#: 46 done. best_score=27.0, changed=520, unchanged=316, early_stops=8/8
26 - INFO - chord#: 48 In build_straw_man_chord_sa. tolerance = 1, sa_iterations = 1000, initial_temperature = 3.0, cooling_rate = 0.999
26 - INFO - chord#: 48 done. best_score=96.0, changed=615, unchanged=344, early_stops=8/8
26 - INFO - chord#: 50 In build_straw_man_chord_sa. tolerance = 1, sa_iterations = 1000, initial_temperature = 3.0, cooling_rate = 0.999
26 - INFO - chord#: 46 done. best_score=27.0, changed=533, unchanged=568, early_stops=8/8
26 - INFO - chord#: 48 In build_straw_man_chord_sa. tolerance = 1, sa_iterations = 1000, initial_temperature = 3.0, cooling_rate = 0.999
26 - INFO - chord#: 42 done. best_score=93.0, changed=611, unchanged=373, early_stops=8/8
26 - INFO - chord#: 44 In build_straw_man_chord_sa. tolerance = 1, sa_iterations = 1000, initial_temperature = 3.0, cooling_rate = 0.999
26 - INFO - chord#: 48 done. best_score=74.0, changed=612, unchanged=391, early_stops=8/8
26 - INFO - chord#: 50 In build_straw_man_chord_sa. tolerance = 1, sa_iterations = 1000, initial_temperature = 3.0, cooling_rate = 0.999
26 - INFO - chord#: 46 done. best_score=27.0, changed=520, unchanged=416, early_stops=8/8
26 - INFO - chord#: 48 In build_straw_man_chord_sa. tolerance = 1, sa_iterations = 1000, initial_temperature = 3.0, cooling_rate = 0.999
26 - INFO - chord#: 48 done. best_score=74.0, changed=607, unchanged=232, early_stops=8/8
26 - INFO - chord#: 50 In build_straw_man_chord_sa. tolerance = 1, sa_iterations = 1000, initial_temperature = 3.0, cooling_rate = 0.999
26 - INFO - chord#: 42 done. best_score=94.0, changed=610, unchanged=246, early_stops=8/8
26 - INFO - chord#: 44 In build_straw_man_chord_sa. tolerance = 1, sa_iterations = 1000, initial_temperature = 3.0, cooling_rate = 0.999
26 - INFO - chord#: 50 done. best_score=27.0, changed=529, unchanged=281, early_stops=8/8
26 - INFO - chord#: 51 In build_straw_man_chord_sa. tolerance = 1, sa_iterations = 1000, initial_temperature = 3.0, cooling_rate = 0.999
26 - INFO - chord#: 48 done. best_score=96.0, changed=613, unchanged=332, early_stops=8/8
26 - INFO - chord#: 50 In build_straw_man_chord_sa. tolerance = 1, sa_iterations = 1000, initial_temperature = 3.0, cooling_rate = 0.999
26 - INFO - chord#: 42 done. best_score=96.0, changed=613, unchanged=393, early_stops=8/8
26 - INFO - chord#: 44 In build_straw_man_chord_sa. tolerance = 1, sa_iterations = 1000, initial_temperature = 3.0, cooling_rate = 0.999
26 - INFO - chord#: 48 done. best_score=121.0, changed=614, unchanged=333, early_stops=8/8
26 - INFO - chord#: 50 In build_straw_man_chord_sa. tolerance = 1, sa_iterations = 1000, initial_temperature = 3.0, cooling_rate = 0.999
26 - INFO - chord#: 44 done. best_score=27.0, changed=522, unchanged=524, early_stops=8/8
26 - INFO - chord#: 46 In build_straw_man_chord_sa. tolerance = 1, sa_iterations = 1000, initial_temperature = 3.0, cooling_rate = 0.999
26 - INFO - chord#: 50 done. best_score=27.0, changed=525, unchanged=393, early_stops=8/8
26 - INFO - chord#: 51 In build_straw_man_chord_sa. tolerance = 1, sa_iterations = 1000, initial_temperature = 3.0, cooling_rate = 0.999
26 - INFO - chord#: 50 done. best_score=27.0, changed=528, unchanged=392, early_stops=8/8
26 - INFO - chord#: 51 In build_straw_man_chord_sa. tolerance = 1, sa_iterations = 1000, initial_temperature = 3.0, cooling_rate = 0.999
26 - INFO - chord#: 50 done. best_score=27.0, changed=522, unchanged=342, early_stops=8/8
26 - INFO - chord#: 51 In build_straw_man_chord_sa. tolerance = 1, sa_iterations = 1000, initial_temperature = 3.0, cooling_rate = 0.999
26 - INFO - chord#: 42 done. best_score=96.0, changed=608, unchanged=279, early_stops=8/8
26 - INFO - chord#: 44 In build_straw_man_chord_sa. tolerance = 1, sa_iterations = 1000, initial_temperature = 3.0, cooling_rate = 0.999
26 - INFO - chord#: 50 done. best_score=27.0, changed=517, unchanged=309, early_stops=8/8
26 - INFO - chord#: 51 In build_straw_man_chord_sa. tolerance = 1, sa_iterations = 1000, initial_temperature = 3.0, cooling_rate = 0.999
26 - INFO - chord#: 44 done. best_score=27.0, changed=519, unchanged=475, early_stops=8/8
26 - INFO - chord#: 46 In build_straw_man_chord_sa. tolerance = 1, sa_iterations = 1000, initial_temperature = 3.0, cooling_rate = 0.999
26 - INFO - chord#: 44 done. best_score=27.0, changed=528, unchanged=401, early_stops=8/8
26 - INFO - chord#: 46 In build_straw_man_chord_sa. tolerance = 1, sa_iterations = 1000, initial_temperature = 3.0, cooling_rate = 0.999
26 - INFO - chord#: 48 done. best_score=121.0, changed=611, unchanged=347, early_stops=8/8
26 - INFO - chord#: 50 In build_straw_man_chord_sa. tolerance = 1, sa_iterations = 1000, initial_temperature = 3.0, cooling_rate = 0.999
26 - INFO - chord#: 48 done. best_score=141.0, changed=610, unchanged=351, early_stops=8/8
26 - INFO - chord#: 50 In build_straw_man_chord_sa. tolerance = 1, sa_iterations = 1000, initial_temperature = 3.0, cooling_rate = 0.999
26 - INFO - chord#: 46 done. best_score=27.0, changed=531, unchanged=332, early_stops=8/8
26 - INFO - chord#: 48 In build_straw_man_chord_sa. tolerance = 1, sa_iterations = 1000, initial_temperature = 3.0, cooling_rate = 0.999
26 - INFO - chord#: 51 done. best_score=64.0, changed=609, unchanged=286, early_stops=8/8
26 - INFO - chord#: 52 In build_straw_man_chord_sa. tolerance = 1, sa_iterations = 1000, initial_temperature = 3.0, cooling_rate = 0.999
26 - INFO - chord#: 44 done. best_score=27.0, changed=524, unchanged=349, early_stops=8/8
26 - INFO - chord#: 46 In build_straw_man_chord_sa. tolerance = 1, sa_iterations = 1000, initial_temperature = 3.0, cooling_rate = 0.999
26 - INFO - chord#: 46 done. best_score=27.0, changed=525, unchanged=469, early_stops=8/8
26 - INFO - chord#: 48 In build_straw_man_chord_sa. tolerance = 1, sa_iterations = 1000, initial_temperature = 3.0, cooling_rate = 0.999
26 - INFO - chord#: 46 done. best_score=27.0, changed=516, unchanged=386, early_stops=8/8
26 - INFO - chord#: 48 In build_straw_man_chord_sa. tolerance = 1, sa_iterations = 1000, initial_temperature = 3.0, cooling_rate = 0.999
26 - INFO - chord#: 50 done. best_score=27.0, changed=519, unchanged=355, early_stops=8/8
26 - INFO - chord#: 51 In build_straw_man_chord_sa. tolerance = 1, sa_iterations = 1000, initial_temperature = 3.0, cooling_rate = 0.999
26 - INFO - chord#: 50 done. best_score=36.0, changed=525, unchanged=362, early_stops=8/8
26 - INFO - chord#: 51 In build_straw_man_chord_sa. tolerance = 1, sa_iterations = 1000, initial_temperature = 3.0, cooling_rate = 0.999
26 - INFO - chord#: 52 done. best_score=27.0, changed=520, unchanged=405, early_stops=8/8
26 - INFO - chord#: 54 In build_straw_man_chord_sa. tolerance = 1, sa_iterations = 1000, initial_temperature = 3.0, cooling_rate = 0.999
26 - INFO - chord#: 51 done. best_score=140.0, changed=611, unchanged=306, early_stops=8/8
26 - INFO - chord#: 52 In build_straw_man_chord_sa. tolerance = 1, sa_iterations = 1000, initial_temperature = 3.0, cooling_rate = 0.999
26 - INFO - chord#: 48 done. best_score=74.0, changed=611, unchanged=451, early_stops=8/8
26 - INFO - chord#: 50 In build_straw_man_chord_sa. tolerance = 1, sa_iterations = 1000, initial_temperature = 3.0, cooling_rate = 0.999
26 - INFO - chord#: 54 done. best_score=9.0, changed=480, unchanged=331, early_stops=8/8
26 - INFO - chord#: 56 In build_straw_man_chord_sa. tolerance = 1, sa_iterations = 1000, initial_temperature = 3.0, cooling_rate = 0.999
26 - INFO - chord#: 51 done. best_score=64.0, changed=612, unchanged=354, early_stops=8/8
26 - INFO - chord#: 52 In build_straw_man_chord_sa. tolerance = 1, sa_iterations = 1000, initial_temperature = 3.0, cooling_rate = 0.999
26 - INFO - chord#: 46 done. best_score=27.0, changed=515, unchanged=365, early_stops=8/8
26 - INFO - chord#: 48 In build_straw_man_chord_sa. tolerance = 1, sa_iterations = 1000, initial_temperature = 3.0, cooling_rate = 0.999
26 - INFO - chord#: 51 done. best_score=64.0, changed=608, unchanged=306, early_stops=8/8
26 - INFO - chord#: 52 In build_straw_man_chord_sa. tolerance = 1, sa_iterations = 1000, initial_temperature = 3.0, cooling_rate = 0.999
26 - INFO - chord#: 51 done. best_score=64.0, changed=617, unchanged=446, early_stops=8/8
26 - INFO - chord#: 52 In build_straw_man_chord_sa. tolerance = 1, sa_iterations = 1000, initial_temperature = 3.0, cooling_rate = 0.999
26 - INFO - chord#: 52 done. best_score=27.0, changed=523, unchanged=368, early_stops=8/8
26 - INFO - chord#: 54 In build_straw_man_chord_sa. tolerance = 1, sa_iterations = 1000, initial_temperature = 3.0, cooling_rate = 0.999
26 - INFO - chord#: 56 done. best_score=27.0, changed=527, unchanged=384, early_stops=8/8
26 - INFO - chord#: 60 In build_straw_man_chord_sa. tolerance = 1, sa_iterations = 1000, initial_temperature = 3.0, cooling_rate = 0.999
26 - INFO - chord#: 52 done. best_score=36.0, changed=529, unchanged=358, early_stops=8/8
26 - INFO - chord#: 54 In build_straw_man_chord_sa. tolerance = 1, sa_iterations = 1000, initial_temperature = 3.0, cooling_rate = 0.999
26 - INFO - chord#: 54 done. best_score=9.0, changed=478, unchanged=334, early_stops=8/8
26 - INFO - chord#: 56 In build_straw_man_chord_sa. tolerance = 1, sa_iterations = 1000, initial_temperature = 3.0, cooling_rate = 0.999
26 - INFO - chord#: 50 done. best_score=27.0, changed=526, unchanged=399, early_stops=8/8
26 - INFO - chord#: 51 In build_straw_man_chord_sa. tolerance = 1, sa_iterations = 1000, initial_temperature = 3.0, cooling_rate = 0.999
26 - INFO - chord#: 54 done. best_score=16.0, changed=487, unchanged=342, early_stops=8/8
26 - INFO - chord#: 56 In build_straw_man_chord_sa. tolerance = 1, sa_iterations = 1000, initial_temperature = 3.0, cooling_rate = 0.999
26 - INFO - chord#: 48 done. best_score=74.0, changed=613, unchanged=297, early_stops=8/8
26 - INFO - chord#: 50 In build_straw_man_chord_sa. tolerance = 1, sa_iterations = 1000, initial_temperature = 3.0, cooling_rate = 0.999
26 - INFO - chord#: 52 done. best_score=27.0, changed=532, unchanged=374, early_stops=8/8
26 - INFO - chord#: 54 In build_straw_man_chord_sa. tolerance = 1, sa_iterations = 1000, initial_temperature = 3.0, cooling_rate = 0.999
26 - INFO - chord#: 52 done. best_score=27.0, changed=526, unchanged=462, early_stops=8/8
26 - INFO - chord#: 54 In build_straw_man_chord_sa. tolerance = 1, sa_iterations = 1000, initial_temperature = 3.0, cooling_rate = 0.999
26 - INFO - chord#: 54 done. best_score=9.0, changed=474, unchanged=343, early_stops=8/8
26 - INFO - chord#: 56 In build_straw_man_chord_sa. tolerance = 1, sa_iterations = 1000, initial_temperature = 3.0, cooling_rate = 0.999
26 - INFO - chord#: 60 done. best_score=27.0, changed=522, unchanged=347, early_stops=8/8
26 - INFO - chord#: 64 In build_straw_man_chord_sa. tolerance = 1, sa_iterations = 1000, initial_temperature = 3.0, cooling_rate = 0.999
26 - INFO - chord#: 54 done. best_score=9.0, changed=494, unchanged=337, early_stops=8/8
26 - INFO - chord#: 56 In build_straw_man_chord_sa. tolerance = 1, sa_iterations = 1000, initial_temperature = 3.0, cooling_rate = 0.999
26 - INFO - chord#: 51 done. best_score=71.0, changed=619, unchanged=348, early_stops=8/8
26 - INFO - chord#: 51 done. best_score=64.0, changed=613, unchanged=401, early_stops=8/8
26 - INFO - chord#: 52 In build_straw_man_chord_sa. tolerance = 1, sa_iterations = 1000, initial_temperature = 3.0, cooling_rate = 0.999
26 - INFO - chord#: 52 In build_straw_man_chord_sa. tolerance = 1, sa_iterations = 1000, initial_temperature = 3.0, cooling_rate = 0.999
26 - INFO - chord#: 48 done. best_score=74.0, changed=608, unchanged=335, early_stops=8/8
26 - INFO - chord#: 50 In build_straw_man_chord_sa. tolerance = 1, sa_iterations = 1000, initial_temperature = 3.0, cooling_rate = 0.999
26 - INFO - chord#: 56 done. best_score=27.0, changed=531, unchanged=388, early_stops=8/8
26 - INFO - chord#: 60 In build_straw_man_chord_sa. tolerance = 1, sa_iterations = 1000, initial_temperature = 3.0, cooling_rate = 0.999
26 - INFO - chord#: 48 done. best_score=149.0, changed=615, unchanged=371, early_stops=8/8
26 - INFO - chord#: 50 In build_straw_man_chord_sa. tolerance = 1, sa_iterations = 1000, initial_temperature = 3.0, cooling_rate = 0.999
26 - INFO - chord#: 56 done. best_score=27.0, changed=535, unchanged=444, early_stops=8/8
26 - INFO - chord#: 60 In build_straw_man_chord_sa. tolerance = 1, sa_iterations = 1000, initial_temperature = 3.0, cooling_rate = 0.999
26 - INFO - chord#: 50 done. best_score=27.0, changed=527, unchanged=465, early_stops=8/8
26 - INFO - chord#: 51 In build_straw_man_chord_sa. tolerance = 1, sa_iterations = 1000, initial_temperature = 3.0, cooling_rate = 0.999
26 - INFO - chord#: 64 done. best_score=27.0, changed=525, unchanged=383, early_stops=8/8
26 - INFO - chord#: 66 In build_straw_man_chord_sa. tolerance = 1, sa_iterations = 1000, initial_temperature = 3.0, cooling_rate = 0.999
26 - INFO - chord#: 52 done. best_score=27.0, changed=520, unchanged=373, early_stops=8/8
26 - INFO - chord#: 54 In build_straw_man_chord_sa. tolerance = 1, sa_iterations = 1000, initial_temperature = 3.0, cooling_rate = 0.999
26 - INFO - chord#: 56 done. best_score=27.0, changed=524, unchanged=416, early_stops=8/8
26 - INFO - chord#: 60 In build_straw_man_chord_sa. tolerance = 1, sa_iterations = 1000, initial_temperature = 3.0, cooling_rate = 0.999
26 - INFO - chord#: 52 done. best_score=27.0, changed=523, unchanged=318, early_stops=8/8
26 - INFO - chord#: 54 In build_straw_man_chord_sa. tolerance = 1, sa_iterations = 1000, initial_temperature = 3.0, cooling_rate = 0.999
26 - INFO - chord#: 60 done. best_score=27.0, changed=524, unchanged=344, early_stops=8/8
26 - INFO - chord#: 64 In build_straw_man_chord_sa. tolerance = 1, sa_iterations = 1000, initial_temperature = 3.0, cooling_rate = 0.999
26 - INFO - chord#: 54 done. best_score=9.0, changed=477, unchanged=360, early_stops=8/8
26 - INFO - chord#: 56 In build_straw_man_chord_sa. tolerance = 1, sa_iterations = 1000, initial_temperature = 3.0, cooling_rate = 0.999
26 - INFO - chord#: 60 done. best_score=27.0, changed=526, unchanged=340, early_stops=8/8
26 - INFO - chord#: 64 In build_straw_man_chord_sa. tolerance = 1, sa_iterations = 1000, initial_temperature = 3.0, cooling_rate = 0.999
26 - INFO - chord#: 54 done. best_score=9.0, changed=464, unchanged=372, early_stops=8/8
26 - INFO - chord#: 56 In build_straw_man_chord_sa. tolerance = 1, sa_iterations = 1000, initial_temperature = 3.0, cooling_rate = 0.999
26 - INFO - chord#: 56 done. best_score=27.0, changed=520, unchanged=444, early_stops=8/8
26 - INFO - chord#: 60 In build_straw_man_chord_sa. tolerance = 1, sa_iterations = 1000, initial_temperature = 3.0, cooling_rate = 0.999
26 - INFO - chord#: 50 done. best_score=27.0, changed=534, unchanged=419, early_stops=8/8
26 - INFO - chord#: 51 In build_straw_man_chord_sa. tolerance = 1, sa_iterations = 1000, initial_temperature = 3.0, cooling_rate = 0.999
26 - INFO - chord#: 50 done. best_score=27.0, changed=528, unchanged=439, early_stops=8/8
26 - INFO - chord#: 51 In build_straw_man_chord_sa. tolerance = 1, sa_iterations = 1000, initial_temperature = 3.0, cooling_rate = 0.999
26 - INFO - chord#: 48 done. best_score=74.0, changed=614, unchanged=414, early_stops=8/8
26 - INFO - chord#: 50 In build_straw_man_chord_sa. tolerance = 1, sa_iterations = 1000, initial_temperature = 3.0, cooling_rate = 0.999
26 - INFO - chord#: 60 done. best_score=27.0, changed=529, unchanged=368, early_stops=8/8
26 - INFO - chord#: 64 In build_straw_man_chord_sa. tolerance = 1, sa_iterations = 1000, initial_temperature = 3.0, cooling_rate = 0.999
26 - INFO - chord#: 64 done. best_score=27.0, changed=534, unchanged=392, early_stops=8/8
26 - INFO - chord#: 66 In build_straw_man_chord_sa. tolerance = 1, sa_iterations = 1000, initial_temperature = 3.0, cooling_rate = 0.999
26 - INFO - chord#: 56 done. best_score=27.0, changed=521, unchanged=319, early_stops=8/8
26 - INFO - chord#: 60 In build_straw_man_chord_sa. tolerance = 1, sa_iterations = 1000, initial_temperature = 3.0, cooling_rate = 0.999
26 - INFO - chord#: 64 done. best_score=27.0, changed=531, unchanged=438, early_stops=8/8
26 - INFO - chord#: 66 In build_straw_man_chord_sa. tolerance = 1, sa_iterations = 1000, initial_temperature = 3.0, cooling_rate = 0.999
26 - INFO - chord#: 60 done. best_score=27.0, changed=515, unchanged=370, early_stops=8/8
26 - INFO - chord#: 64 In build_straw_man_chord_sa. tolerance = 1, sa_iterations = 1000, initial_temperature = 3.0, cooling_rate = 0.999
26 - INFO - chord#: 56 done. best_score=27.0, changed=518, unchanged=360, early_stops=8/8
26 - INFO - chord#: 60 In build_straw_man_chord_sa. tolerance = 1, sa_iterations = 1000, initial_temperature = 3.0, cooling_rate = 0.999
26 - INFO - chord#: 51 done. best_score=64.0, changed=615, unchanged=408, early_stops=8/8
26 - INFO - chord#: 52 In build_straw_man_chord_sa. tolerance = 1, sa_iterations = 1000, initial_temperature = 3.0, cooling_rate = 0.999
26 - INFO - chord#: 64 done. best_score=27.0, changed=518, unchanged=348, early_stops=8/8
26 - INFO - chord#: 66 In build_straw_man_chord_sa. tolerance = 1, sa_iterations = 1000, initial_temperature = 3.0, cooling_rate = 0.999
26 - INFO - chord#: 50 done. best_score=27.0, changed=523, unchanged=391, early_stops=8/8
26 - INFO - chord#: 51 In build_straw_man_chord_sa. tolerance = 1, sa_iterations = 1000, initial_temperature = 3.0, cooling_rate = 0.999
26 - INFO - chord#: 60 done. best_score=27.0, changed=525, unchanged=303, early_stops=8/8
26 - INFO - chord#: 64 In build_straw_man_chord_sa. tolerance = 1, sa_iterations = 1000, initial_temperature = 3.0, cooling_rate = 0.999
26 - INFO - chord#: 64 done. best_score=27.0, changed=526, unchanged=330, early_stops=8/8
26 - INFO - chord#: 66 In build_straw_man_chord_sa. tolerance = 1, sa_iterations = 1000, initial_temperature = 3.0, cooling_rate = 0.999
26 - INFO - chord#: 66 done. best_score=96.0, changed=612, unchanged=440, early_stops=8/8
26 - INFO - chord#: 68 In build_straw_man_chord_sa. tolerance = 1, sa_iterations = 1000, initial_temperature = 3.0, cooling_rate = 0.999
26 - INFO - chord#: 51 done. best_score=64.0, changed=616, unchanged=298, early_stops=8/8
26 - INFO - chord#: 52 In build_straw_man_chord_sa. tolerance = 1, sa_iterations = 1000, initial_temperature = 3.0, cooling_rate = 0.999
26 - INFO - chord#: 60 done. best_score=27.0, changed=530, unchanged=378, early_stops=8/8
26 - INFO - chord#: 64 In build_straw_man_chord_sa. tolerance = 1, sa_iterations = 1000, initial_temperature = 3.0, cooling_rate = 0.999
26 - INFO - chord#: 51 done. best_score=104.0, changed=612, unchanged=292, early_stops=8/8
26 - INFO - chord#: 52 In build_straw_man_chord_sa. tolerance = 1, sa_iterations = 1000, initial_temperature = 3.0, cooling_rate = 0.999
26 - INFO - chord#: 64 done. best_score=27.0, changed=520, unchanged=326, early_stops=8/8
26 - INFO - chord#: 66 In build_straw_man_chord_sa. tolerance = 1, sa_iterations = 1000, initial_temperature = 3.0, cooling_rate = 0.999
26 - INFO - chord#: 52 done. best_score=27.0, changed=525, unchanged=487, early_stops=8/8
26 - INFO - chord#: 54 In build_straw_man_chord_sa. tolerance = 1, sa_iterations = 1000, initial_temperature = 3.0, cooling_rate = 0.999
26 - INFO - chord#: 66 done. best_score=96.0, changed=610, unchanged=209, early_stops=8/8
26 - INFO - chord#: 68 In build_straw_man_chord_sa. tolerance = 1, sa_iterations = 1000, initial_temperature = 3.0, cooling_rate = 0.999
26 - INFO - chord#: 54 done. best_score=9.0, changed=479, unchanged=335, early_stops=8/8
26 - INFO - chord#: 56 In build_straw_man_chord_sa. tolerance = 1, sa_iterations = 1000, initial_temperature = 3.0, cooling_rate = 0.999
26 - INFO - chord#: 66 done. best_score=96.0, changed=619, unchanged=279, early_stops=8/8
26 - INFO - chord#: 68 In build_straw_man_chord_sa. tolerance = 1, sa_iterations = 1000, initial_temperature = 3.0, cooling_rate = 0.999
26 - INFO - chord#: 52 done. best_score=27.0, changed=518, unchanged=376, early_stops=8/8
26 - INFO - chord#: 54 In build_straw_man_chord_sa. tolerance = 1, sa_iterations = 1000, initial_temperature = 3.0, cooling_rate = 0.999
26 - INFO - chord#: 68 done. best_score=27.0, changed=517, unchanged=327, early_stops=8/8
26 - INFO - chord#: 70 In build_straw_man_chord_sa. tolerance = 1, sa_iterations = 1000, initial_temperature = 3.0, cooling_rate = 0.999
26 - INFO - chord#: 52 done. best_score=27.0, changed=519, unchanged=367, early_stops=8/8
26 - INFO - chord#: 64 done. best_score=27.0, changed=527, unchanged=350, early_stops=8/8
26 - INFO - chord#: 54 In build_straw_man_chord_sa. tolerance = 1, sa_iterations = 1000, initial_temperature = 3.0, cooling_rate = 0.999
26 - INFO - chord#: 66 In build_straw_man_chord_sa. tolerance = 1, sa_iterations = 1000, initial_temperature = 3.0, cooling_rate = 0.999
26 - INFO - chord#: 68 done. best_score=27.0, changed=528, unchanged=437, early_stops=8/8
26 - INFO - chord#: 70 In build_straw_man_chord_sa. tolerance = 1, sa_iterations = 1000, initial_temperature = 3.0, cooling_rate = 0.999
26 - INFO - chord#: 54 done. best_score=9.0, changed=474, unchanged=340, early_stops=8/8
26 - INFO - chord#: 56 In build_straw_man_chord_sa. tolerance = 1, sa_iterations = 1000, initial_temperature = 3.0, cooling_rate = 0.999
26 - INFO - chord#: 54 done. best_score=9.0, changed=476, unchanged=363, early_stops=8/8
26 - INFO - chord#: 56 In build_straw_man_chord_sa. tolerance = 1, sa_iterations = 1000, initial_temperature = 3.0, cooling_rate = 0.999
26 - INFO - chord#: 68 done. best_score=27.0, changed=523, unchanged=363, early_stops=8/8
26 - INFO - chord#: 70 In build_straw_man_chord_sa. tolerance = 1, sa_iterations = 1000, initial_temperature = 3.0, cooling_rate = 0.999
26 - INFO - chord#: 56 done. best_score=27.0, changed=520, unchanged=378, early_stops=8/8
26 - INFO - chord#: 60 In build_straw_man_chord_sa. tolerance = 1, sa_iterations = 1000, initial_temperature = 3.0, cooling_rate = 0.999
26 - INFO - chord#: 66 done. best_score=75.0, changed=617, unchanged=469, early_stops=8/8
26 - INFO - chord#: 68 In build_straw_man_chord_sa. tolerance = 1, sa_iterations = 1000, initial_temperature = 3.0, cooling_rate = 0.999
26 - INFO - chord#: 51 done. best_score=64.0, changed=613, unchanged=554, early_stops=8/8
26 - INFO - chord#: 52 In build_straw_man_chord_sa. tolerance = 1, sa_iterations = 1000, initial_temperature = 3.0, cooling_rate = 0.999
26 - INFO - chord#: 70 done. best_score=27.0, changed=528, unchanged=333, early_stops=8/8
26 - INFO - chord#: 72 In build_straw_man_chord_sa. tolerance = 1, sa_iterations = 1000, initial_temperature = 3.0, cooling_rate = 0.999
26 - INFO - chord#: 51 done. best_score=64.0, changed=611, unchanged=302, early_stops=8/8
26 - INFO - chord#: 52 In build_straw_man_chord_sa. tolerance = 1, sa_iterations = 1000, initial_temperature = 3.0, cooling_rate = 0.999
26 - INFO - chord#: 56 done. best_score=27.0, changed=514, unchanged=357, early_stops=8/8
26 - INFO - chord#: 60 In build_straw_man_chord_sa. tolerance = 1, sa_iterations = 1000, initial_temperature = 3.0, cooling_rate = 0.999
26 - INFO - chord#: 66 done. best_score=93.0, changed=609, unchanged=306, early_stops=8/8
26 - INFO - chord#: 68 In build_straw_man_chord_sa. tolerance = 1, sa_iterations = 1000, initial_temperature = 3.0, cooling_rate = 0.999
26 - INFO - chord#: 70 done. best_score=27.0, changed=541, unchanged=361, early_stops=8/8
26 - INFO - chord#: 72 In build_straw_man_chord_sa. tolerance = 1, sa_iterations = 1000, initial_temperature = 3.0, cooling_rate = 0.999
26 - INFO - chord#: 60 done. best_score=27.0, changed=524, unchanged=300, early_stops=8/8
26 - INFO - chord#: 64 In build_straw_man_chord_sa. tolerance = 1, sa_iterations = 1000, initial_temperature = 3.0, cooling_rate = 0.999
26 - INFO - chord#: 70 done. best_score=27.0, changed=529, unchanged=417, early_stops=8/8
26 - INFO - chord#: 72 In build_straw_man_chord_sa. tolerance = 1, sa_iterations = 1000, initial_temperature = 3.0, cooling_rate = 0.999
26 - INFO - chord#: 68 done. best_score=27.0, changed=514, unchanged=293, early_stops=8/8
26 - INFO - chord#: 70 In build_straw_man_chord_sa. tolerance = 1, sa_iterations = 1000, initial_temperature = 3.0, cooling_rate = 0.999
26 - INFO - chord#: 56 done. best_score=27.0, changed=526, unchanged=321, early_stops=8/8
26 - INFO - chord#: 60 In build_straw_man_chord_sa. tolerance = 1, sa_iterations = 1000, initial_temperature = 3.0, cooling_rate = 0.999
26 - INFO - chord#: 72 done. best_score=27.0, changed=529, unchanged=314, early_stops=8/8
26 - INFO - chord#: 74 In build_straw_man_chord_sa. tolerance = 1, sa_iterations = 1000, initial_temperature = 3.0, cooling_rate = 0.999
26 - INFO - chord#: 66 done. best_score=93.0, changed=608, unchanged=317, early_stops=8/8
26 - INFO - chord#: 68 In build_straw_man_chord_sa. tolerance = 1, sa_iterations = 1000, initial_temperature = 3.0, cooling_rate = 0.999
26 - INFO - chord#: 52 done. best_score=27.0, changed=523, unchanged=392, early_stops=8/8
26 - INFO - chord#: 54 In build_straw_man_chord_sa. tolerance = 1, sa_iterations = 1000, initial_temperature = 3.0, cooling_rate = 0.999
26 - INFO - chord#: 60 done. best_score=27.0, changed=526, unchanged=315, early_stops=8/8
26 - INFO - chord#: 64 In build_straw_man_chord_sa. tolerance = 1, sa_iterations = 1000, initial_temperature = 3.0, cooling_rate = 0.999
26 - INFO - chord#: 52 done. best_score=27.0, changed=524, unchanged=380, early_stops=8/8
26 - INFO - chord#: 54 In build_straw_man_chord_sa. tolerance = 1, sa_iterations = 1000, initial_temperature = 3.0, cooling_rate = 0.999
26 - INFO - chord#: 54 done. best_score=9.0, changed=470, unchanged=343, early_stops=8/8
26 - INFO - chord#: 64 done. best_score=27.0, changed=524, unchanged=363, early_stops=8/8
26 - INFO - chord#: 56 In build_straw_man_chord_sa. tolerance = 1, sa_iterations = 1000, initial_temperature = 3.0, cooling_rate = 0.999
26 - INFO - chord#: 66 In build_straw_man_chord_sa. tolerance = 1, sa_iterations = 1000, initial_temperature = 3.0, cooling_rate = 0.999
26 - INFO - chord#: 70 done. best_score=27.0, changed=529, unchanged=336, early_stops=8/8
26 - INFO - chord#: 72 In build_straw_man_chord_sa. tolerance = 1, sa_iterations = 1000, initial_temperature = 3.0, cooling_rate = 0.999
26 - INFO - chord#: 72 done. best_score=27.0, changed=529, unchanged=520, early_stops=8/8
26 - INFO - chord#: 74 In build_straw_man_chord_sa. tolerance = 1, sa_iterations = 1000, initial_temperature = 3.0, cooling_rate = 0.999
26 - INFO - chord#: 54 done. best_score=9.0, changed=468, unchanged=363, early_stops=8/8
26 - INFO - chord#: 56 In build_straw_man_chord_sa. tolerance = 1, sa_iterations = 1000, initial_temperature = 3.0, cooling_rate = 0.999
26 - INFO - chord#: 72 done. best_score=27.0, changed=526, unchanged=369, early_stops=8/8
26 - INFO - chord#: 74 In build_straw_man_chord_sa. tolerance = 1, sa_iterations = 1000, initial_temperature = 3.0, cooling_rate = 0.999
26 - INFO - chord#: 68 done. best_score=27.0, changed=534, unchanged=540, early_stops=8/8
26 - INFO - chord#: 70 In build_straw_man_chord_sa. tolerance = 1, sa_iterations = 1000, initial_temperature = 3.0, cooling_rate = 0.999
26 - INFO - chord#: 60 done. best_score=27.0, changed=519, unchanged=320, early_stops=8/8
26 - INFO - chord#: 64 In build_straw_man_chord_sa. tolerance = 1, sa_iterations = 1000, initial_temperature = 3.0, cooling_rate = 0.999
26 - INFO - chord#: 74 done. best_score=31.0, changed=533, unchanged=324, early_stops=8/8
26 - INFO - chord#: 76 In build_straw_man_chord_sa. tolerance = 1, sa_iterations = 1000, initial_temperature = 3.0, cooling_rate = 0.999
26 - INFO - chord#: 64 done. best_score=27.0, changed=528, unchanged=436, early_stops=8/8
26 - INFO - chord#: 66 In build_straw_man_chord_sa. tolerance = 1, sa_iterations = 1000, initial_temperature = 3.0, cooling_rate = 0.999
26 - INFO - chord#: 68 done. best_score=27.0, changed=524, unchanged=448, early_stops=8/8
26 - INFO - chord#: 70 In build_straw_man_chord_sa. tolerance = 1, sa_iterations = 1000, initial_temperature = 3.0, cooling_rate = 0.999
26 - INFO - chord#: 66 done. best_score=93.0, changed=611, unchanged=505, early_stops=8/8
26 - INFO - chord#: 68 In build_straw_man_chord_sa. tolerance = 1, sa_iterations = 1000, initial_temperature = 3.0, cooling_rate = 0.999
26 - INFO - chord#: 72 done. best_score=27.0, changed=519, unchanged=334, early_stops=8/8
26 - INFO - chord#: 74 In build_straw_man_chord_sa. tolerance = 1, sa_iterations = 1000, initial_temperature = 3.0, cooling_rate = 0.999
26 - INFO - chord#: 74 done. best_score=31.0, changed=521, unchanged=299, early_stops=8/8
26 - INFO - chord#: 76 In build_straw_man_chord_sa. tolerance = 1, sa_iterations = 1000, initial_temperature = 3.0, cooling_rate = 0.999
26 - INFO - chord#: 56 done. best_score=27.0, changed=525, unchanged=364, early_stops=8/8
26 - INFO - chord#: 60 In build_straw_man_chord_sa. tolerance = 1, sa_iterations = 1000, initial_temperature = 3.0, cooling_rate = 0.999
26 - INFO - chord#: 56 done. best_score=27.0, changed=520, unchanged=350, early_stops=8/8
26 - INFO - chord#: 60 In build_straw_man_chord_sa. tolerance = 1, sa_iterations = 1000, initial_temperature = 3.0, cooling_rate = 0.999
26 - INFO - chord#: 74 done. best_score=31.0, changed=518, unchanged=311, early_stops=8/8
26 - INFO - chord#: 76 In build_straw_man_chord_sa. tolerance = 1, sa_iterations = 1000, initial_temperature = 3.0, cooling_rate = 0.999
26 - INFO - chord#: 70 done. best_score=27.0, changed=524, unchanged=349, early_stops=8/8
26 - INFO - chord#: 72 In build_straw_man_chord_sa. tolerance = 1, sa_iterations = 1000, initial_temperature = 3.0, cooling_rate = 0.999
26 - INFO - chord#: 64 done. best_score=27.0, changed=529, unchanged=341, early_stops=8/8
26 - INFO - chord#: 66 In build_straw_man_chord_sa. tolerance = 1, sa_iterations = 1000, initial_temperature = 3.0, cooling_rate = 0.999
26 - INFO - chord#: 76 done. best_score=31.0, changed=528, unchanged=319, early_stops=8/8
26 - INFO - chord#: 78 In build_straw_man_chord_sa. tolerance = 1, sa_iterations = 1000, initial_temperature = 3.0, cooling_rate = 0.999
26 - INFO - chord#: 74 done. best_score=31.0, changed=521, unchanged=308, early_stops=8/8
26 - INFO - chord#: 76 In build_straw_man_chord_sa. tolerance = 1, sa_iterations = 1000, initial_temperature = 3.0, cooling_rate = 0.999
26 - INFO - chord#: 76 done. best_score=31.0, changed=517, unchanged=334, early_stops=8/8
26 - INFO - chord#: 78 In build_straw_man_chord_sa. tolerance = 1, sa_iterations = 1000, initial_temperature = 3.0, cooling_rate = 0.999
26 - INFO - chord#: 68 done. best_score=27.0, changed=522, unchanged=373, early_stops=8/8
26 - INFO - chord#: 70 In build_straw_man_chord_sa. tolerance = 1, sa_iterations = 1000, initial_temperature = 3.0, cooling_rate = 0.999
26 - INFO - chord#: 70 done. best_score=27.0, changed=524, unchanged=318, early_stops=8/8
26 - INFO - chord#: 72 In build_straw_man_chord_sa. tolerance = 1, sa_iterations = 1000, initial_temperature = 3.0, cooling_rate = 0.999
26 - INFO - chord#: 60 done. best_score=27.0, changed=521, unchanged=327, early_stops=8/8
26 - INFO - chord#: 64 In build_straw_man_chord_sa. tolerance = 1, sa_iterations = 1000, initial_temperature = 3.0, cooling_rate = 0.999
26 - INFO - chord#: 66 done. best_score=94.0, changed=614, unchanged=380, early_stops=8/8
26 - INFO - chord#: 68 In build_straw_man_chord_sa. tolerance = 1, sa_iterations = 1000, initial_temperature = 3.0, cooling_rate = 0.999
26 - INFO - chord#: 60 done. best_score=27.0, changed=523, unchanged=309, early_stops=8/8
26 - INFO - chord#: 64 In build_straw_man_chord_sa. tolerance = 1, sa_iterations = 1000, initial_temperature = 3.0, cooling_rate = 0.999
26 - INFO - chord#: 76 done. best_score=31.0, changed=523, unchanged=300, early_stops=8/8
26 - INFO - chord#: 78 In build_straw_man_chord_sa. tolerance = 1, sa_iterations = 1000, initial_temperature = 3.0, cooling_rate = 0.999
26 - INFO - chord#: 76 done. best_score=31.0, changed=529, unchanged=318, early_stops=8/8
26 - INFO - chord#: 78 In build_straw_man_chord_sa. tolerance = 1, sa_iterations = 1000, initial_temperature = 3.0, cooling_rate = 0.999
26 - INFO - chord#: 66 done. best_score=96.0, changed=611, unchanged=232, early_stops=8/8
26 - INFO - chord#: 68 In build_straw_man_chord_sa. tolerance = 1, sa_iterations = 1000, initial_temperature = 3.0, cooling_rate = 0.999
26 - INFO - chord#: 72 done. best_score=27.0, changed=525, unchanged=401, early_stops=8/8
26 - INFO - chord#: 74 In build_straw_man_chord_sa. tolerance = 1, sa_iterations = 1000, initial_temperature = 3.0, cooling_rate = 0.999
26 - INFO - chord#: 78 done. best_score=27.0, changed=527, unchanged=369, early_stops=8/8
26 - INFO - chord#: 80 In build_straw_man_chord_sa. tolerance = 1, sa_iterations = 1000, initial_temperature = 3.0, cooling_rate = 0.999
26 - INFO - chord#: 78 done. best_score=27.0, changed=524, unchanged=400, early_stops=8/8
26 - INFO - chord#: 80 In build_straw_man_chord_sa. tolerance = 1, sa_iterations = 1000, initial_temperature = 3.0, cooling_rate = 0.999
26 - INFO - chord#: 70 done. best_score=27.0, changed=528, unchanged=381, early_stops=8/8
26 - INFO - chord#: 72 In build_straw_man_chord_sa. tolerance = 1, sa_iterations = 1000, initial_temperature = 3.0, cooling_rate = 0.999
26 - INFO - chord#: 64 done. best_score=27.0, changed=525, unchanged=343, early_stops=8/8
26 - INFO - chord#: 66 In build_straw_man_chord_sa. tolerance = 1, sa_iterations = 1000, initial_temperature = 3.0, cooling_rate = 0.999
26 - INFO - chord#: 72 done. best_score=27.0, changed=521, unchanged=314, early_stops=8/8
26 - INFO - chord#: 74 In build_straw_man_chord_sa. tolerance = 1, sa_iterations = 1000, initial_temperature = 3.0, cooling_rate = 0.999
26 - INFO - chord#: 68 done. best_score=27.0, changed=524, unchanged=428, early_stops=8/8
26 - INFO - chord#: 70 In build_straw_man_chord_sa. tolerance = 1, sa_iterations = 1000, initial_temperature = 3.0, cooling_rate = 0.999
26 - INFO - chord#: 64 done. best_score=27.0, changed=520, unchanged=308, early_stops=8/8
26 - INFO - chord#: 66 In build_straw_man_chord_sa. tolerance = 1, sa_iterations = 1000, initial_temperature = 3.0, cooling_rate = 0.999
26 - INFO - chord#: 78 done. best_score=27.0, changed=523, unchanged=432, early_stops=8/8
26 - INFO - chord#: 80 In build_straw_man_chord_sa. tolerance = 1, sa_iterations = 1000, initial_temperature = 3.0, cooling_rate = 0.999
26 - INFO - chord#: 78 done. best_score=27.0, changed=529, unchanged=306, early_stops=8/8
26 - INFO - chord#: 80 In build_straw_man_chord_sa. tolerance = 1, sa_iterations = 1000, initial_temperature = 3.0, cooling_rate = 0.999
26 - INFO - chord#: 68 done. best_score=27.0, changed=518, unchanged=420, early_stops=8/8
26 - INFO - chord#: 70 In build_straw_man_chord_sa. tolerance = 1, sa_iterations = 1000, initial_temperature = 3.0, cooling_rate = 0.999
26 - INFO - chord#: 74 done. best_score=31.0, changed=530, unchanged=322, early_stops=8/8
26 - INFO - chord#: 76 In build_straw_man_chord_sa. tolerance = 1, sa_iterations = 1000, initial_temperature = 3.0, cooling_rate = 0.999
26 - INFO - chord#: 80 done. best_score=31.0, changed=535, unchanged=434, early_stops=8/8
26 - INFO - chord#: 82 In build_straw_man_chord_sa. tolerance = 1, sa_iterations = 1000, initial_temperature = 3.0, cooling_rate = 0.999
26 - INFO - chord#: 72 done. best_score=27.0, changed=521, unchanged=301, early_stops=8/8
26 - INFO - chord#: 74 In build_straw_man_chord_sa. tolerance = 1, sa_iterations = 1000, initial_temperature = 3.0, cooling_rate = 0.999
26 - INFO - chord#: 80 done. best_score=31.0, changed=521, unchanged=354, early_stops=8/8
26 - INFO - chord#: 82 In build_straw_man_chord_sa. tolerance = 1, sa_iterations = 1000, initial_temperature = 3.0, cooling_rate = 0.999
26 - INFO - chord#: 74 done. best_score=31.0, changed=524, unchanged=312, early_stops=8/8
26 - INFO - chord#: 76 In build_straw_man_chord_sa. tolerance = 1, sa_iterations = 1000, initial_temperature = 3.0, cooling_rate = 0.999
26 - INFO - chord#: 70 done. best_score=27.0, changed=537, unchanged=481, early_stops=8/8
26 - INFO - chord#: 72 In build_straw_man_chord_sa. tolerance = 1, sa_iterations = 1000, initial_temperature = 3.0, cooling_rate = 0.999
26 - INFO - chord#: 80 done. best_score=31.0, changed=521, unchanged=360, early_stops=8/8
26 - INFO - chord#: 82 In build_straw_man_chord_sa. tolerance = 1, sa_iterations = 1000, initial_temperature = 3.0, cooling_rate = 0.999
26 - INFO - chord#: 80 done. best_score=31.0, changed=524, unchanged=339, early_stops=8/8
26 - INFO - chord#: 82 In build_straw_man_chord_sa. tolerance = 1, sa_iterations = 1000, initial_temperature = 3.0, cooling_rate = 0.999
26 - INFO - chord#: 70 done. best_score=27.0, changed=523, unchanged=332, early_stops=8/8
26 - INFO - chord#: 72 In build_straw_man_chord_sa. tolerance = 1, sa_iterations = 1000, initial_temperature = 3.0, cooling_rate = 0.999
26 - INFO - chord#: 66 done. best_score=93.0, changed=612, unchanged=450, early_stops=8/8
26 - INFO - chord#: 68 In build_straw_man_chord_sa. tolerance = 1, sa_iterations = 1000, initial_temperature = 3.0, cooling_rate = 0.999
26 - INFO - chord#: 76 done. best_score=31.0, changed=531, unchanged=300, early_stops=8/8
26 - INFO - chord#: 78 In build_straw_man_chord_sa. tolerance = 1, sa_iterations = 1000, initial_temperature = 3.0, cooling_rate = 0.999
26 - INFO - chord#: 82 done. best_score=31.0, changed=523, unchanged=355, early_stops=8/8
26 - INFO - chord#: 84 In build_straw_man_chord_sa. tolerance = 1, sa_iterations = 1000, initial_temperature = 3.0, cooling_rate = 0.999
26 - INFO - chord#: 74 done. best_score=31.0, changed=521, unchanged=339, early_stops=8/8
26 - INFO - chord#: 82 done. best_score=31.0, changed=517, unchanged=330, early_stops=8/8
26 - INFO - chord#: 76 In build_straw_man_chord_sa. tolerance = 1, sa_iterations = 1000, initial_temperature = 3.0, cooling_rate = 0.999
26 - INFO - chord#: 84 In build_straw_man_chord_sa. tolerance = 1, sa_iterations = 1000, initial_temperature = 3.0, cooling_rate = 0.999
26 - INFO - chord#: 72 done. best_score=27.0, changed=513, unchanged=350, early_stops=8/8
26 - INFO - chord#: 74 In build_straw_man_chord_sa. tolerance = 1, sa_iterations = 1000, initial_temperature = 3.0, cooling_rate = 0.999
26 - INFO - chord#: 76 done. best_score=31.0, changed=544, unchanged=296, early_stops=8/8
26 - INFO - chord#: 78 In build_straw_man_chord_sa. tolerance = 1, sa_iterations = 1000, initial_temperature = 3.0, cooling_rate = 0.999
26 - INFO - chord#: 82 done. best_score=31.0, changed=520, unchanged=418, early_stops=8/8
26 - INFO - chord#: 84 In build_straw_man_chord_sa. tolerance = 1, sa_iterations = 1000, initial_temperature = 3.0, cooling_rate = 0.999
26 - INFO - chord#: 82 done. best_score=31.0, changed=527, unchanged=420, early_stops=8/8
26 - INFO - chord#: 84 In build_straw_man_chord_sa. tolerance = 1, sa_iterations = 1000, initial_temperature = 3.0, cooling_rate = 0.999
26 - INFO - chord#: 72 done. best_score=27.0, changed=518, unchanged=481, early_stops=8/8
26 - INFO - chord#: 74 In build_straw_man_chord_sa. tolerance = 1, sa_iterations = 1000, initial_temperature = 3.0, cooling_rate = 0.999
26 - INFO - chord#: 66 done. best_score=93.0, changed=619, unchanged=418, early_stops=8/8
26 - INFO - chord#: 68 In build_straw_man_chord_sa. tolerance = 1, sa_iterations = 1000, initial_temperature = 3.0, cooling_rate = 0.999
26 - INFO - chord#: 68 done. best_score=27.0, changed=527, unchanged=415, early_stops=8/8
26 - INFO - chord#: 70 In build_straw_man_chord_sa. tolerance = 1, sa_iterations = 1000, initial_temperature = 3.0, cooling_rate = 0.999
26 - INFO - chord#: 76 done. best_score=31.0, changed=528, unchanged=332, early_stops=8/8
26 - INFO - chord#: 78 In build_straw_man_chord_sa. tolerance = 1, sa_iterations = 1000, initial_temperature = 3.0, cooling_rate = 0.999
26 - INFO - chord#: 84 done. best_score=27.0, changed=517, unchanged=500, early_stops=8/8
26 - INFO - chord#: 86 In build_straw_man_chord_sa. tolerance = 1, sa_iterations = 1000, initial_temperature = 3.0, cooling_rate = 0.999
26 - INFO - chord#: 78 done. best_score=27.0, changed=524, unchanged=360, early_stops=8/8
26 - INFO - chord#: 80 In build_straw_man_chord_sa. tolerance = 1, sa_iterations = 1000, initial_temperature = 3.0, cooling_rate = 0.999
26 - INFO - chord#: 74 done. best_score=31.0, changed=538, unchanged=422, early_stops=8/8
26 - INFO - chord#: 76 In build_straw_man_chord_sa. tolerance = 1, sa_iterations = 1000, initial_temperature = 3.0, cooling_rate = 0.999
26 - INFO - chord#: 78 done. best_score=27.0, changed=529, unchanged=324, early_stops=8/8
26 - INFO - chord#: 74 done. best_score=31.0, changed=525, unchanged=317, early_stops=8/8
26 - INFO - chord#: 80 In build_straw_man_chord_sa. tolerance = 1, sa_iterations = 1000, initial_temperature = 3.0, cooling_rate = 0.999
26 - INFO - chord#: 76 In build_straw_man_chord_sa. tolerance = 1, sa_iterations = 1000, initial_temperature = 3.0, cooling_rate = 0.999
26 - INFO - chord#: 84 done. best_score=27.0, changed=524, unchanged=429, early_stops=8/8
26 - INFO - chord#: 86 In build_straw_man_chord_sa. tolerance = 1, sa_iterations = 1000, initial_temperature = 3.0, cooling_rate = 0.999
26 - INFO - chord#: 84 done. best_score=27.0, changed=520, unchanged=461, early_stops=8/8
26 - INFO - chord#: 86 In build_straw_man_chord_sa. tolerance = 1, sa_iterations = 1000, initial_temperature = 3.0, cooling_rate = 0.999
26 - INFO - chord#: 84 done. best_score=27.0, changed=523, unchanged=553, early_stops=8/8
26 - INFO - chord#: 86 In build_straw_man_chord_sa. tolerance = 1, sa_iterations = 1000, initial_temperature = 3.0, cooling_rate = 0.999
26 - INFO - chord#: 66 done. best_score=93.0, changed=618, unchanged=486, early_stops=8/8
26 - INFO - chord#: 68 In build_straw_man_chord_sa. tolerance = 1, sa_iterations = 1000, initial_temperature = 3.0, cooling_rate = 0.999
26 - INFO - chord#: 68 done. best_score=27.0, changed=524, unchanged=331, early_stops=8/8
26 - INFO - chord#: 70 In build_straw_man_chord_sa. tolerance = 1, sa_iterations = 1000, initial_temperature = 3.0, cooling_rate = 0.999
26 - INFO - chord#: 78 done. best_score=27.0, changed=515, unchanged=306, early_stops=8/8
26 - INFO - chord#: 80 In build_straw_man_chord_sa. tolerance = 1, sa_iterations = 1000, initial_temperature = 3.0, cooling_rate = 0.999
26 - INFO - chord#: 76 done. best_score=31.0, changed=525, unchanged=291, early_stops=8/8
26 - INFO - chord#: 78 In build_straw_man_chord_sa. tolerance = 1, sa_iterations = 1000, initial_temperature = 3.0, cooling_rate = 0.999
26 - INFO - chord#: 70 done. best_score=27.0, changed=540, unchanged=526, early_stops=8/8
26 - INFO - chord#: 72 In build_straw_man_chord_sa. tolerance = 1, sa_iterations = 1000, initial_temperature = 3.0, cooling_rate = 0.999
26 - INFO - chord#: 80 done. best_score=31.0, changed=531, unchanged=367, early_stops=8/8
26 - INFO - chord#: 82 In build_straw_man_chord_sa. tolerance = 1, sa_iterations = 1000, initial_temperature = 3.0, cooling_rate = 0.999
26 - INFO - chord#: 76 done. best_score=31.0, changed=535, unchanged=347, early_stops=8/8
26 - INFO - chord#: 78 In build_straw_man_chord_sa. tolerance = 1, sa_iterations = 1000, initial_temperature = 3.0, cooling_rate = 0.999
26 - INFO - chord#: 80 done. best_score=31.0, changed=519, unchanged=316, early_stops=8/8
26 - INFO - chord#: 82 In build_straw_man_chord_sa. tolerance = 1, sa_iterations = 1000, initial_temperature = 3.0, cooling_rate = 0.999
26 - INFO - chord#: 68 done. best_score=27.0, changed=519, unchanged=361, early_stops=8/8
26 - INFO - chord#: 70 In build_straw_man_chord_sa. tolerance = 1, sa_iterations = 1000, initial_temperature = 3.0, cooling_rate = 0.999
26 - INFO - chord#: 70 done. best_score=27.0, changed=524, unchanged=328, early_stops=8/8
26 - INFO - chord#: 72 In build_straw_man_chord_sa. tolerance = 1, sa_iterations = 1000, initial_temperature = 3.0, cooling_rate = 0.999
26 - INFO - chord#: 80 done. best_score=31.0, changed=520, unchanged=345, early_stops=8/8
26 - INFO - chord#: 82 In build_straw_man_chord_sa. tolerance = 1, sa_iterations = 1000, initial_temperature = 3.0, cooling_rate = 0.999
26 - INFO - chord#: 78 done. best_score=27.0, changed=535, unchanged=374, early_stops=8/8
26 - INFO - chord#: 80 In build_straw_man_chord_sa. tolerance = 1, sa_iterations = 1000, initial_temperature = 3.0, cooling_rate = 0.999
26 - INFO - chord#: 72 done. best_score=27.0, changed=526, unchanged=342, early_stops=8/8
26 - INFO - chord#: 74 In build_straw_man_chord_sa. tolerance = 1, sa_iterations = 1000, initial_temperature = 3.0, cooling_rate = 0.999
26 - INFO - chord#: 78 done. best_score=27.0, changed=519, unchanged=372, early_stops=8/8
26 - INFO - chord#: 80 In build_straw_man_chord_sa. tolerance = 1, sa_iterations = 1000, initial_temperature = 3.0, cooling_rate = 0.999
26 - INFO - chord#: 82 done. best_score=31.0, changed=519, unchanged=387, early_stops=8/8
26 - INFO - chord#: 84 In build_straw_man_chord_sa. tolerance = 1, sa_iterations = 1000, initial_temperature = 3.0, cooling_rate = 0.999
26 - INFO - chord#: 70 done. best_score=27.0, changed=519, unchanged=342, early_stops=8/8
26 - INFO - chord#: 72 In build_straw_man_chord_sa. tolerance = 1, sa_iterations = 1000, initial_temperature = 3.0, cooling_rate = 0.999
26 - INFO - chord#: 82 done. best_score=31.0, changed=527, unchanged=500, early_stops=8/8
26 - INFO - chord#: 84 In build_straw_man_chord_sa. tolerance = 1, sa_iterations = 1000, initial_temperature = 3.0, cooling_rate = 0.999
26 - INFO - chord#: 80 done. best_score=31.0, changed=514, unchanged=320, early_stops=8/8
26 - INFO - chord#: 82 In build_straw_man_chord_sa. tolerance = 1, sa_iterations = 1000, initial_temperature = 3.0, cooling_rate = 0.999
26 - INFO - chord#: 72 done. best_score=27.0, changed=518, unchanged=393, early_stops=8/8
26 - INFO - chord#: 74 In build_straw_man_chord_sa. tolerance = 1, sa_iterations = 1000, initial_temperature = 3.0, cooling_rate = 0.999
26 - INFO - chord#: 86 done. best_score=121.0, changed=610, unchanged=328, early_stops=8/8
26 - INFO - chord#: 87 In build_straw_man_chord_sa. tolerance = 1, sa_iterations = 1000, initial_temperature = 3.0, cooling_rate = 0.999
26 - INFO - chord#: 86 done. best_score=121.0, changed=607, unchanged=303, early_stops=8/8
26 - INFO - chord#: 87 In build_straw_man_chord_sa. tolerance = 1, sa_iterations = 1000, initial_temperature = 3.0, cooling_rate = 0.999
26 - INFO - chord#: 82 done. best_score=31.0, changed=519, unchanged=385, early_stops=8/8
26 - INFO - chord#: 84 In build_straw_man_chord_sa. tolerance = 1, sa_iterations = 1000, initial_temperature = 3.0, cooling_rate = 0.999
26 - INFO - chord#: 80 done. best_score=31.0, changed=534, unchanged=361, early_stops=8/8
26 - INFO - chord#: 82 In build_straw_man_chord_sa. tolerance = 1, sa_iterations = 1000, initial_temperature = 3.0, cooling_rate = 0.999
26 - INFO - chord#: 74 done. best_score=31.0, changed=530, unchanged=319, early_stops=8/8
26 - INFO - chord#: 76 In build_straw_man_chord_sa. tolerance = 1, sa_iterations = 1000, initial_temperature = 3.0, cooling_rate = 0.999
26 - INFO - chord#: 86 done. best_score=93.0, changed=613, unchanged=343, early_stops=8/8
26 - INFO - chord#: 87 In build_straw_man_chord_sa. tolerance = 1, sa_iterations = 1000, initial_temperature = 3.0, cooling_rate = 0.999
26 - INFO - chord#: 72 done. best_score=27.0, changed=520, unchanged=375, early_stops=8/8
26 - INFO - chord#: 74 In build_straw_man_chord_sa. tolerance = 1, sa_iterations = 1000, initial_temperature = 3.0, cooling_rate = 0.999
26 - INFO - chord#: 84 done. best_score=27.0, changed=512, unchanged=414, early_stops=8/8
26 - INFO - chord#: 86 In build_straw_man_chord_sa. tolerance = 1, sa_iterations = 1000, initial_temperature = 3.0, cooling_rate = 0.999
26 - INFO - chord#: 86 done. best_score=111.0, changed=612, unchanged=436, early_stops=8/8
26 - INFO - chord#: 87 In build_straw_man_chord_sa. tolerance = 1, sa_iterations = 1000, initial_temperature = 3.0, cooling_rate = 0.999
26 - INFO - chord#: 82 done. best_score=31.0, changed=523, unchanged=321, early_stops=8/8
26 - INFO - chord#: 84 In build_straw_man_chord_sa. tolerance = 1, sa_iterations = 1000, initial_temperature = 3.0, cooling_rate = 0.999
26 - INFO - chord#: 84 done. best_score=27.0, changed=518, unchanged=359, early_stops=8/8
26 - INFO - chord#: 86 In build_straw_man_chord_sa. tolerance = 1, sa_iterations = 1000, initial_temperature = 3.0, cooling_rate = 0.999
26 - INFO - chord#: 74 done. best_score=31.0, changed=523, unchanged=366, early_stops=8/8
26 - INFO - chord#: 76 In build_straw_man_chord_sa. tolerance = 1, sa_iterations = 1000, initial_temperature = 3.0, cooling_rate = 0.999
26 - INFO - chord#: 82 done. best_score=31.0, changed=521, unchanged=436, early_stops=8/8
26 - INFO - chord#: 84 In build_straw_man_chord_sa. tolerance = 1, sa_iterations = 1000, initial_temperature = 3.0, cooling_rate = 0.999
26 - INFO - chord#: 74 done. best_score=31.0, changed=525, unchanged=302, early_stops=8/8
26 - INFO - chord#: 76 In build_straw_man_chord_sa. tolerance = 1, sa_iterations = 1000, initial_temperature = 3.0, cooling_rate = 0.999
26 - INFO - chord#: 76 done. best_score=31.0, changed=531, unchanged=287, early_stops=8/8
26 - INFO - chord#: 78 In build_straw_man_chord_sa. tolerance = 1, sa_iterations = 1000, initial_temperature = 3.0, cooling_rate = 0.999
26 - INFO - chord#: 84 done. best_score=27.0, changed=531, unchanged=426, early_stops=8/8
26 - INFO - chord#: 86 In build_straw_man_chord_sa. tolerance = 1, sa_iterations = 1000, initial_temperature = 3.0, cooling_rate = 0.999
26 - INFO - chord#: 84 done. best_score=27.0, changed=520, unchanged=414, early_stops=8/8
26 - INFO - chord#: 86 In build_straw_man_chord_sa. tolerance = 1, sa_iterations = 1000, initial_temperature = 3.0, cooling_rate = 0.999
26 - INFO - chord#: 87 done. best_score=74.0, changed=604, unchanged=213, early_stops=8/8
26 - INFO - chord#: 88 In build_straw_man_chord_sa. tolerance = 1, sa_iterations = 1000, initial_temperature = 3.0, cooling_rate = 0.999
26 - INFO - chord#: 76 done. best_score=31.0, changed=543, unchanged=329, early_stops=8/8
26 - INFO - chord#: 78 In build_straw_man_chord_sa. tolerance = 1, sa_iterations = 1000, initial_temperature = 3.0, cooling_rate = 0.999
26 - INFO - chord#: 76 done. best_score=31.0, changed=536, unchanged=355, early_stops=8/8
26 - INFO - chord#: 78 In build_straw_man_chord_sa. tolerance = 1, sa_iterations = 1000, initial_temperature = 3.0, cooling_rate = 0.999
26 - INFO - chord#: 84 done. best_score=27.0, changed=527, unchanged=507, early_stops=8/8
26 - INFO - chord#: 86 In build_straw_man_chord_sa. tolerance = 1, sa_iterations = 1000, initial_temperature = 3.0, cooling_rate = 0.999
26 - INFO - chord#: 87 done. best_score=149.0, changed=606, unchanged=298, early_stops=8/8
26 - INFO - chord#: 88 In build_straw_man_chord_sa. tolerance = 1, sa_iterations = 1000, initial_temperature = 3.0, cooling_rate = 0.999
26 - INFO - chord#: 78 done. best_score=27.0, changed=528, unchanged=359, early_stops=8/8
26 - INFO - chord#: 80 In build_straw_man_chord_sa. tolerance = 1, sa_iterations = 1000, initial_temperature = 3.0, cooling_rate = 0.999
26 - INFO - chord#: 88 done. best_score=27.0, changed=521, unchanged=302, early_stops=8/8
26 - INFO - chord#: 96 In build_straw_man_chord_sa. tolerance = 1, sa_iterations = 1000, initial_temperature = 3.0, cooling_rate = 0.999
26 - INFO - chord#: 78 done. best_score=27.0, changed=522, unchanged=305, early_stops=8/8
26 - INFO - chord#: 80 In build_straw_man_chord_sa. tolerance = 1, sa_iterations = 1000, initial_temperature = 3.0, cooling_rate = 0.999
26 - INFO - chord#: 87 done. best_score=149.0, changed=615, unchanged=305, early_stops=8/8
26 - INFO - chord#: 88 In build_straw_man_chord_sa. tolerance = 1, sa_iterations = 1000, initial_temperature = 3.0, cooling_rate = 0.999
26 - INFO - chord#: 88 done. best_score=36.0, changed=541, unchanged=316, early_stops=8/8
26 - INFO - chord#: 96 In build_straw_man_chord_sa. tolerance = 1, sa_iterations = 1000, initial_temperature = 3.0, cooling_rate = 0.999
26 - INFO - chord#: 86 done. best_score=111.0, changed=613, unchanged=413, early_stops=8/8
26 - INFO - chord#: 87 In build_straw_man_chord_sa. tolerance = 1, sa_iterations = 1000, initial_temperature = 3.0, cooling_rate = 0.999
26 - INFO - chord#: 78 done. best_score=27.0, changed=515, unchanged=315, early_stops=8/8
26 - INFO - chord#: 80 In build_straw_man_chord_sa. tolerance = 1, sa_iterations = 1000, initial_temperature = 3.0, cooling_rate = 0.999
26 - INFO - chord#: 87 done. best_score=74.0, changed=610, unchanged=275, early_stops=8/8
26 - INFO - chord#: 88 In build_straw_man_chord_sa. tolerance = 1, sa_iterations = 1000, initial_temperature = 3.0, cooling_rate = 0.999
26 - INFO - chord#: 80 done. best_score=31.0, changed=530, unchanged=407, early_stops=8/8
26 - INFO - chord#: 82 In build_straw_man_chord_sa. tolerance = 1, sa_iterations = 1000, initial_temperature = 3.0, cooling_rate = 0.999
26 - INFO - chord#: 96 done. best_score=27.0, changed=523, unchanged=302, early_stops=8/8
26 - INFO - chord#: 98 In build_straw_man_chord_sa. tolerance = 1, sa_iterations = 1000, initial_temperature = 3.0, cooling_rate = 0.999
26 - INFO - chord#: 96 done. best_score=36.0, changed=532, unchanged=304, early_stops=8/8
26 - INFO - chord#: 98 In build_straw_man_chord_sa. tolerance = 1, sa_iterations = 1000, initial_temperature = 3.0, cooling_rate = 0.999
26 - INFO - chord#: 80 done. best_score=31.0, changed=537, unchanged=433, early_stops=8/8
26 - INFO - chord#: 82 In build_straw_man_chord_sa. tolerance = 1, sa_iterations = 1000, initial_temperature = 3.0, cooling_rate = 0.999
26 - INFO - chord#: 88 done. best_score=36.0, changed=533, unchanged=319, early_stops=8/8
26 - INFO - chord#: 96 In build_straw_man_chord_sa. tolerance = 1, sa_iterations = 1000, initial_temperature = 3.0, cooling_rate = 0.999
26 - INFO - chord#: 86 done. best_score=105.0, changed=616, unchanged=338, early_stops=8/8
26 - INFO - chord#: 87 In build_straw_man_chord_sa. tolerance = 1, sa_iterations = 1000, initial_temperature = 3.0, cooling_rate = 0.999
26 - INFO - chord#: 80 done. best_score=31.0, changed=516, unchanged=386, early_stops=8/8
26 - INFO - chord#: 82 In build_straw_man_chord_sa. tolerance = 1, sa_iterations = 1000, initial_temperature = 3.0, cooling_rate = 0.999
26 - INFO - chord#: 86 done. best_score=111.0, changed=619, unchanged=409, early_stops=8/8
26 - INFO - chord#: 87 In build_straw_man_chord_sa. tolerance = 1, sa_iterations = 1000, initial_temperature = 3.0, cooling_rate = 0.999
26 - INFO - chord#: 86 done. best_score=93.0, changed=614, unchanged=341, early_stops=8/8
26 - INFO - chord#: 87 In build_straw_man_chord_sa. tolerance = 1, sa_iterations = 1000, initial_temperature = 3.0, cooling_rate = 0.999
26 - INFO - chord#: 88 done. best_score=27.0, changed=520, unchanged=339, early_stops=8/8
26 - INFO - chord#: 96 In build_straw_man_chord_sa. tolerance = 1, sa_iterations = 1000, initial_temperature = 3.0, cooling_rate = 0.999
26 - INFO - chord#: 98 done. best_score=27.0, changed=529, unchanged=402, early_stops=8/8
26 - INFO - chord#: 102 In build_straw_man_chord_sa. tolerance = 1, sa_iterations = 1000, initial_temperature = 3.0, cooling_rate = 0.999
26 - INFO - chord#: 98 done. best_score=36.0, changed=529, unchanged=331, early_stops=8/8
26 - INFO - chord#: 102 In build_straw_man_chord_sa. tolerance = 1, sa_iterations = 1000, initial_temperature = 3.0, cooling_rate = 0.999
26 - INFO - chord#: 82 done. best_score=31.0, changed=521, unchanged=303, early_stops=8/8
26 - INFO - chord#: 84 In build_straw_man_chord_sa. tolerance = 1, sa_iterations = 1000, initial_temperature = 3.0, cooling_rate = 0.999
26 - INFO - chord#: 86 done. best_score=111.0, changed=610, unchanged=365, early_stops=8/8
26 - INFO - chord#: 87 In build_straw_man_chord_sa. tolerance = 1, sa_iterations = 1000, initial_temperature = 3.0, cooling_rate = 0.999
26 - INFO - chord#: 82 done. best_score=31.0, changed=513, unchanged=386, early_stops=8/8
26 - INFO - chord#: 84 In build_straw_man_chord_sa. tolerance = 1, sa_iterations = 1000, initial_temperature = 3.0, cooling_rate = 0.999
26 - INFO - chord#: 96 done. best_score=36.0, changed=528, unchanged=285, early_stops=8/8
26 - INFO - chord#: 98 In build_straw_man_chord_sa. tolerance = 1, sa_iterations = 1000, initial_temperature = 3.0, cooling_rate = 0.999
26 - INFO - chord#: 87 done. best_score=149.0, changed=609, unchanged=290, early_stops=8/8
26 - INFO - chord#: 88 In build_straw_man_chord_sa. tolerance = 1, sa_iterations = 1000, initial_temperature = 3.0, cooling_rate = 0.999
26 - INFO - chord#: 82 done. best_score=31.0, changed=515, unchanged=317, early_stops=8/8
26 - INFO - chord#: 84 In build_straw_man_chord_sa. tolerance = 1, sa_iterations = 1000, initial_temperature = 3.0, cooling_rate = 0.999
26 - INFO - chord#: 96 done. best_score=27.0, changed=528, unchanged=364, early_stops=8/8
26 - INFO - chord#: 98 In build_straw_man_chord_sa. tolerance = 1, sa_iterations = 1000, initial_temperature = 3.0, cooling_rate = 0.999
26 - INFO - chord#: 84 done. best_score=27.0, changed=522, unchanged=346, early_stops=8/8
26 - INFO - chord#: 86 In build_straw_man_chord_sa. tolerance = 1, sa_iterations = 1000, initial_temperature = 3.0, cooling_rate = 0.999
26 - INFO - chord#: 98 done. best_score=36.0, changed=535, unchanged=327, early_stops=8/8
26 - INFO - chord#: 102 In build_straw_man_chord_sa. tolerance = 1, sa_iterations = 1000, initial_temperature = 3.0, cooling_rate = 0.999
26 - INFO - chord#: 84 done. best_score=27.0, changed=520, unchanged=464, early_stops=8/8
26 - INFO - chord#: 86 In build_straw_man_chord_sa. tolerance = 1, sa_iterations = 1000, initial_temperature = 3.0, cooling_rate = 0.999
26 - INFO - chord#: 88 done. best_score=27.0, changed=538, unchanged=397, early_stops=8/8
26 - INFO - chord#: 96 In build_straw_man_chord_sa. tolerance = 1, sa_iterations = 1000, initial_temperature = 3.0, cooling_rate = 0.999
26 - INFO - chord#: 87 done. best_score=96.0, changed=613, unchanged=280, early_stops=8/8
26 - INFO - chord#: 88 In build_straw_man_chord_sa. tolerance = 1, sa_iterations = 1000, initial_temperature = 3.0, cooling_rate = 0.999
26 - INFO - chord#: 102 done. best_score=67.0, changed=613, unchanged=311, early_stops=8/8
26 - INFO - chord#: 104 In build_straw_man_chord_sa. tolerance = 1, sa_iterations = 1000, initial_temperature = 3.0, cooling_rate = 0.999
26 - INFO - chord#: 98 done. best_score=27.0, changed=534, unchanged=399, early_stops=8/8
26 - INFO - chord#: 102 In build_straw_man_chord_sa. tolerance = 1, sa_iterations = 1000, initial_temperature = 3.0, cooling_rate = 0.999
26 - INFO - chord#: 87 done. best_score=74.0, changed=612, unchanged=292, early_stops=8/8
26 - INFO - chord#: 88 In build_straw_man_chord_sa. tolerance = 1, sa_iterations = 1000, initial_temperature = 3.0, cooling_rate = 0.999
26 - INFO - chord#: 102 done. best_score=78.0, changed=617, unchanged=404, early_stops=8/8
26 - INFO - chord#: 104 In build_straw_man_chord_sa. tolerance = 1, sa_iterations = 1000, initial_temperature = 3.0, cooling_rate = 0.999
26 - INFO - chord#: 84 done. best_score=27.0, changed=534, unchanged=580, early_stops=8/8
26 - INFO - chord#: 86 In build_straw_man_chord_sa. tolerance = 1, sa_iterations = 1000, initial_temperature = 3.0, cooling_rate = 0.999
26 - INFO - chord#: 96 done. best_score=27.0, changed=522, unchanged=320, early_stops=8/8
26 - INFO - chord#: 98 In build_straw_man_chord_sa. tolerance = 1, sa_iterations = 1000, initial_temperature = 3.0, cooling_rate = 0.999
26 - INFO - chord#: 87 done. best_score=141.0, changed=613, unchanged=340, early_stops=8/8
26 - INFO - chord#: 88 In build_straw_man_chord_sa. tolerance = 1, sa_iterations = 1000, initial_temperature = 3.0, cooling_rate = 0.999
26 - INFO - chord#: 87 done. best_score=144.0, changed=616, unchanged=337, early_stops=8/8
26 - INFO - chord#: 88 In build_straw_man_chord_sa. tolerance = 1, sa_iterations = 1000, initial_temperature = 3.0, cooling_rate = 0.999
26 - INFO - chord#: 88 done. best_score=27.0, changed=528, unchanged=297, early_stops=8/8
26 - INFO - chord#: 96 In build_straw_man_chord_sa. tolerance = 1, sa_iterations = 1000, initial_temperature = 3.0, cooling_rate = 0.999
26 - INFO - chord#: 88 done. best_score=27.0, changed=527, unchanged=335, early_stops=8/8
26 - INFO - chord#: 96 In build_straw_man_chord_sa. tolerance = 1, sa_iterations = 1000, initial_temperature = 3.0, cooling_rate = 0.999
26 - INFO - chord#: 86 done. best_score=115.0, changed=607, unchanged=273, early_stops=8/8
26 - INFO - chord#: 87 In build_straw_man_chord_sa. tolerance = 1, sa_iterations = 1000, initial_temperature = 3.0, cooling_rate = 0.999
26 - INFO - chord#: 98 done. best_score=27.0, changed=526, unchanged=351, early_stops=8/8
26 - INFO - chord#: 102 In build_straw_man_chord_sa. tolerance = 1, sa_iterations = 1000, initial_temperature = 3.0, cooling_rate = 0.999
26 - INFO - chord#: 88 done. best_score=36.0, changed=551, unchanged=317, early_stops=8/8
26 - INFO - chord#: 96 In build_straw_man_chord_sa. tolerance = 1, sa_iterations = 1000, initial_temperature = 3.0, cooling_rate = 0.999
26 - INFO - chord#: 88 done. best_score=36.0, changed=545, unchanged=337, early_stops=8/8
26 - INFO - chord#: 96 In build_straw_man_chord_sa. tolerance = 1, sa_iterations = 1000, initial_temperature = 3.0, cooling_rate = 0.999
26 - INFO - chord#: 102 done. best_score=78.0, changed=611, unchanged=349, early_stops=8/8
26 - INFO - chord#: 104 In build_straw_man_chord_sa. tolerance = 1, sa_iterations = 1000, initial_temperature = 3.0, cooling_rate = 0.999
26 - INFO - chord#: 96 done. best_score=27.0, changed=523, unchanged=323, early_stops=8/8
26 - INFO - chord#: 98 In build_straw_man_chord_sa. tolerance = 1, sa_iterations = 1000, initial_temperature = 3.0, cooling_rate = 0.999
26 - INFO - chord#: 96 done. best_score=27.0, changed=519, unchanged=398, early_stops=8/8
26 - INFO - chord#: 98 In build_straw_man_chord_sa. tolerance = 1, sa_iterations = 1000, initial_temperature = 3.0, cooling_rate = 0.999
26 - INFO - chord#: 86 done. best_score=121.0, changed=609, unchanged=252, early_stops=8/8
26 - INFO - chord#: 87 In build_straw_man_chord_sa. tolerance = 1, sa_iterations = 1000, initial_temperature = 3.0, cooling_rate = 0.999
26 - INFO - chord#: 96 done. best_score=36.0, changed=522, unchanged=307, early_stops=8/8
26 - INFO - chord#: 98 In build_straw_man_chord_sa. tolerance = 1, sa_iterations = 1000, initial_temperature = 3.0, cooling_rate = 0.999
26 - INFO - chord#: 102 done. best_score=137.0, changed=606, unchanged=247, early_stops=8/8
26 - INFO - chord#: 104 In build_straw_man_chord_sa. tolerance = 1, sa_iterations = 1000, initial_temperature = 3.0, cooling_rate = 0.999
26 - INFO - chord#: 96 done. best_score=36.0, changed=518, unchanged=318, early_stops=8/8
26 - INFO - chord#: 98 In build_straw_man_chord_sa. tolerance = 1, sa_iterations = 1000, initial_temperature = 3.0, cooling_rate = 0.999
26 - INFO - chord#: 104 done. best_score=143.0, changed=615, unchanged=355, early_stops=8/8
26 - INFO - chord#: 106 In build_straw_man_chord_sa. tolerance = 1, sa_iterations = 1000, initial_temperature = 3.0, cooling_rate = 0.999
26 - INFO - chord#: 98 done. best_score=27.0, changed=527, unchanged=301, early_stops=8/8
26 - INFO - chord#: 102 In build_straw_man_chord_sa. tolerance = 1, sa_iterations = 1000, initial_temperature = 3.0, cooling_rate = 0.999
26 - INFO - chord#: 104 done. best_score=140.0, changed=619, unchanged=402, early_stops=8/8
26 - INFO - chord#: 106 In build_straw_man_chord_sa. tolerance = 1, sa_iterations = 1000, initial_temperature = 3.0, cooling_rate = 0.999
26 - INFO - chord#: 98 done. best_score=36.0, changed=528, unchanged=299, early_stops=8/8
26 - INFO - chord#: 102 In build_straw_man_chord_sa. tolerance = 1, sa_iterations = 1000, initial_temperature = 3.0, cooling_rate = 0.999
26 - INFO - chord#: 102 done. best_score=157.0, changed=608, unchanged=236, early_stops=8/8
26 - INFO - chord#: 104 In build_straw_man_chord_sa. tolerance = 1, sa_iterations = 1000, initial_temperature = 3.0, cooling_rate = 0.999
26 - INFO - chord#: 98 done. best_score=27.0, changed=534, unchanged=426, early_stops=8/8
26 - INFO - chord#: 102 In build_straw_man_chord_sa. tolerance = 1, sa_iterations = 1000, initial_temperature = 3.0, cooling_rate = 0.999
26 - INFO - chord#: 87 done. best_score=141.0, changed=613, unchanged=373, early_stops=8/8
26 - INFO - chord#: 88 In build_straw_man_chord_sa. tolerance = 1, sa_iterations = 1000, initial_temperature = 3.0, cooling_rate = 0.999
26 - INFO - chord#: 106 done. best_score=27.0, changed=523, unchanged=322, early_stops=8/8
26 - INFO - chord#: 108 In build_straw_man_chord_sa. tolerance = 1, sa_iterations = 1000, initial_temperature = 3.0, cooling_rate = 0.999
26 - INFO - chord#: 98 done. best_score=27.0, changed=538, unchanged=332, early_stops=8/8
26 - INFO - chord#: 102 In build_straw_man_chord_sa. tolerance = 1, sa_iterations = 1000, initial_temperature = 3.0, cooling_rate = 0.999
26 - INFO - chord#: 106 done. best_score=27.0, changed=525, unchanged=438, early_stops=8/8
26 - INFO - chord#: 108 In build_straw_man_chord_sa. tolerance = 1, sa_iterations = 1000, initial_temperature = 3.0, cooling_rate = 0.999
26 - INFO - chord#: 86 done. best_score=116.0, changed=612, unchanged=401, early_stops=8/8
26 - INFO - chord#: 87 In build_straw_man_chord_sa. tolerance = 1, sa_iterations = 1000, initial_temperature = 3.0, cooling_rate = 0.999
26 - INFO - chord#: 104 done. best_score=140.0, changed=605, unchanged=211, early_stops=8/8
26 - INFO - chord#: 106 In build_straw_man_chord_sa. tolerance = 1, sa_iterations = 1000, initial_temperature = 3.0, cooling_rate = 0.999
26 - INFO - chord#: 88 done. best_score=27.0, changed=536, unchanged=316, early_stops=8/8
26 - INFO - chord#: 96 In build_straw_man_chord_sa. tolerance = 1, sa_iterations = 1000, initial_temperature = 3.0, cooling_rate = 0.999
26 - INFO - chord#: 108 done. best_score=27.0, changed=518, unchanged=486, early_stops=8/8
26 - INFO - chord#: 110 In build_straw_man_chord_sa. tolerance = 1, sa_iterations = 1000, initial_temperature = 3.0, cooling_rate = 0.999
26 - INFO - chord#: 108 done. best_score=27.0, changed=517, unchanged=428, early_stops=8/8
26 - INFO - chord#: 110 In build_straw_man_chord_sa. tolerance = 1, sa_iterations = 1000, initial_temperature = 3.0, cooling_rate = 0.999
26 - INFO - chord#: 87 done. best_score=149.0, changed=613, unchanged=278, early_stops=8/8
26 - INFO - chord#: 88 In build_straw_man_chord_sa. tolerance = 1, sa_iterations = 1000, initial_temperature = 3.0, cooling_rate = 0.999
26 - INFO - chord#: 102 done. best_score=168.0, changed=613, unchanged=263, early_stops=8/8
26 - INFO - chord#: 104 In build_straw_man_chord_sa. tolerance = 1, sa_iterations = 1000, initial_temperature = 3.0, cooling_rate = 0.999
26 - INFO - chord#: 110 done. best_score=7.0, changed=502, unchanged=314, early_stops=8/8
26 - INFO - chord#: 112 In build_straw_man_chord_sa. tolerance = 1, sa_iterations = 1000, initial_temperature = 3.0, cooling_rate = 0.999
26 - INFO - chord#: 110 done. best_score=7.0, changed=507, unchanged=327, early_stops=8/8
26 - INFO - chord#: 112 In build_straw_man_chord_sa. tolerance = 1, sa_iterations = 1000, initial_temperature = 3.0, cooling_rate = 0.999
26 - INFO - chord#: 102 done. best_score=96.0, changed=607, unchanged=451, early_stops=8/8
26 - INFO - chord#: 104 In build_straw_man_chord_sa. tolerance = 1, sa_iterations = 1000, initial_temperature = 3.0, cooling_rate = 0.999
26 - INFO - chord#: 96 done. best_score=27.0, changed=523, unchanged=389, early_stops=8/8
26 - INFO - chord#: 98 In build_straw_man_chord_sa. tolerance = 1, sa_iterations = 1000, initial_temperature = 3.0, cooling_rate = 0.999
26 - INFO - chord#: 104 done. best_score=140.0, changed=607, unchanged=288, early_stops=8/8
26 - INFO - chord#: 106 In build_straw_man_chord_sa. tolerance = 1, sa_iterations = 1000, initial_temperature = 3.0, cooling_rate = 0.999
26 - INFO - chord#: 106 done. best_score=27.0, changed=536, unchanged=433, early_stops=8/8
26 - INFO - chord#: 108 In build_straw_man_chord_sa. tolerance = 1, sa_iterations = 1000, initial_temperature = 3.0, cooling_rate = 0.999
26 - INFO - chord#: 104 done. best_score=142.0, changed=612, unchanged=344, early_stops=8/8
26 - INFO - chord#: 106 In build_straw_man_chord_sa. tolerance = 1, sa_iterations = 1000, initial_temperature = 3.0, cooling_rate = 0.999
26 - INFO - chord#: 102 done. best_score=67.0, changed=608, unchanged=257, early_stops=8/8
26 - INFO - chord#: 104 In build_straw_man_chord_sa. tolerance = 1, sa_iterations = 1000, initial_temperature = 3.0, cooling_rate = 0.999
26 - INFO - chord#: 88 done. best_score=36.0, changed=528, unchanged=310, early_stops=8/8
26 - INFO - chord#: 96 In build_straw_man_chord_sa. tolerance = 1, sa_iterations = 1000, initial_temperature = 3.0, cooling_rate = 0.999
26 - INFO - chord#: 98 done. best_score=27.0, changed=516, unchanged=321, early_stops=8/8
26 - INFO - chord#: 102 In build_straw_man_chord_sa. tolerance = 1, sa_iterations = 1000, initial_temperature = 3.0, cooling_rate = 0.999
26 - INFO - chord#: 87 done. best_score=74.0, changed=610, unchanged=212, early_stops=8/8
26 - INFO - chord#: 88 In build_straw_man_chord_sa. tolerance = 1, sa_iterations = 1000, initial_temperature = 3.0, cooling_rate = 0.999
26 - INFO - chord#: 106 done. best_score=36.0, changed=523, unchanged=329, early_stops=8/8
26 - INFO - chord#: 108 In build_straw_man_chord_sa. tolerance = 1, sa_iterations = 1000, initial_temperature = 3.0, cooling_rate = 0.999
26 - INFO - chord#: 102 done. best_score=67.0, changed=616, unchanged=297, early_stops=8/8
26 - INFO - chord#: 104 In build_straw_man_chord_sa. tolerance = 1, sa_iterations = 1000, initial_temperature = 3.0, cooling_rate = 0.999
26 - INFO - chord#: 106 done. best_score=27.0, changed=521, unchanged=382, early_stops=8/8
26 - INFO - chord#: 108 In build_straw_man_chord_sa. tolerance = 1, sa_iterations = 1000, initial_temperature = 3.0, cooling_rate = 0.999
26 - INFO - chord#: 108 done. best_score=27.0, changed=516, unchanged=382, early_stops=8/8
26 - INFO - chord#: 110 In build_straw_man_chord_sa. tolerance = 1, sa_iterations = 1000, initial_temperature = 3.0, cooling_rate = 0.999
26 - INFO - chord#: 96 done. best_score=36.0, changed=546, unchanged=327, early_stops=8/8
26 - INFO - chord#: 98 In build_straw_man_chord_sa. tolerance = 1, sa_iterations = 1000, initial_temperature = 3.0, cooling_rate = 0.999
26 - INFO - chord#: 110 done. best_score=7.0, changed=492, unchanged=317, early_stops=8/8
26 - INFO - chord#: 112 In build_straw_man_chord_sa. tolerance = 1, sa_iterations = 1000, initial_temperature = 3.0, cooling_rate = 0.999
26 - INFO - chord#: 104 done. best_score=142.0, changed=607, unchanged=272, early_stops=8/8
26 - INFO - chord#: 106 In build_straw_man_chord_sa. tolerance = 1, sa_iterations = 1000, initial_temperature = 3.0, cooling_rate = 0.999
26 - INFO - chord#: 88 done. best_score=27.0, changed=525, unchanged=348, early_stops=8/8
26 - INFO - chord#: 96 In build_straw_man_chord_sa. tolerance = 1, sa_iterations = 1000, initial_temperature = 3.0, cooling_rate = 0.999
26 - INFO - chord#: 112 done. best_score=82.0, changed=611, unchanged=323, early_stops=8/8
26 - INFO - chord#: 114 In build_straw_man_chord_sa. tolerance = 1, sa_iterations = 1000, initial_temperature = 3.0, cooling_rate = 0.999
26 - INFO - chord#: 108 done. best_score=27.0, changed=522, unchanged=432, early_stops=8/8
26 - INFO - chord#: 110 In build_straw_man_chord_sa. tolerance = 1, sa_iterations = 1000, initial_temperature = 3.0, cooling_rate = 0.999
26 - INFO - chord#: 112 done. best_score=120.0, changed=613, unchanged=412, early_stops=8/8
26 - INFO - chord#: 114 In build_straw_man_chord_sa. tolerance = 1, sa_iterations = 1000, initial_temperature = 3.0, cooling_rate = 0.999
26 - INFO - chord#: 108 done. best_score=27.0, changed=528, unchanged=463, early_stops=8/8
26 - INFO - chord#: 110 In build_straw_man_chord_sa. tolerance = 1, sa_iterations = 1000, initial_temperature = 3.0, cooling_rate = 0.999
26 - INFO - chord#: 110 done. best_score=7.0, changed=508, unchanged=299, early_stops=8/8
26 - INFO - chord#: 112 In build_straw_man_chord_sa. tolerance = 1, sa_iterations = 1000, initial_temperature = 3.0, cooling_rate = 0.999
26 - INFO - chord#: 98 done. best_score=36.0, changed=521, unchanged=313, early_stops=8/8
26 - INFO - chord#: 102 In build_straw_man_chord_sa. tolerance = 1, sa_iterations = 1000, initial_temperature = 3.0, cooling_rate = 0.999
26 - INFO - chord#: 104 done. best_score=140.0, changed=613, unchanged=483, early_stops=8/8
26 - INFO - chord#: 106 In build_straw_man_chord_sa. tolerance = 1, sa_iterations = 1000, initial_temperature = 3.0, cooling_rate = 0.999
26 - INFO - chord#: 106 done. best_score=27.0, changed=520, unchanged=352, early_stops=8/8
26 - INFO - chord#: 108 In build_straw_man_chord_sa. tolerance = 1, sa_iterations = 1000, initial_temperature = 3.0, cooling_rate = 0.999
26 - INFO - chord#: 102 done. best_score=67.0, changed=615, unchanged=250, early_stops=8/8
26 - INFO - chord#: 104 In build_straw_man_chord_sa. tolerance = 1, sa_iterations = 1000, initial_temperature = 3.0, cooling_rate = 0.999
26 - INFO - chord#: 110 done. best_score=7.0, changed=497, unchanged=309, early_stops=8/8
26 - INFO - chord#: 112 In build_straw_man_chord_sa. tolerance = 1, sa_iterations = 1000, initial_temperature = 3.0, cooling_rate = 0.999
26 - INFO - chord#: 96 done. best_score=27.0, changed=525, unchanged=323, early_stops=8/8
26 - INFO - chord#: 98 In build_straw_man_chord_sa. tolerance = 1, sa_iterations = 1000, initial_temperature = 3.0, cooling_rate = 0.999
26 - INFO - chord#: 104 done. best_score=140.0, changed=608, unchanged=306, early_stops=8/8
26 - INFO - chord#: 106 In build_straw_man_chord_sa. tolerance = 1, sa_iterations = 1000, initial_temperature = 3.0, cooling_rate = 0.999
26 - INFO - chord#: 106 done. best_score=36.0, changed=533, unchanged=395, early_stops=8/8
26 - INFO - chord#: 108 In build_straw_man_chord_sa. tolerance = 1, sa_iterations = 1000, initial_temperature = 3.0, cooling_rate = 0.999
26 - INFO - chord#: 108 done. best_score=27.0, changed=530, unchanged=446, early_stops=8/8
26 - INFO - chord#: 110 In build_straw_man_chord_sa. tolerance = 1, sa_iterations = 1000, initial_temperature = 3.0, cooling_rate = 0.999
26 - INFO - chord#: 104 done. best_score=140.0, changed=610, unchanged=269, early_stops=8/8
26 - INFO - chord#: 106 In build_straw_man_chord_sa. tolerance = 1, sa_iterations = 1000, initial_temperature = 3.0, cooling_rate = 0.999
26 - INFO - chord#: 110 done. best_score=7.0, changed=509, unchanged=296, early_stops=8/8
26 - INFO - chord#: 112 In build_straw_man_chord_sa. tolerance = 1, sa_iterations = 1000, initial_temperature = 3.0, cooling_rate = 0.999
26 - INFO - chord#: 98 done. best_score=27.0, changed=531, unchanged=356, early_stops=8/8
26 - INFO - chord#: 102 In build_straw_man_chord_sa. tolerance = 1, sa_iterations = 1000, initial_temperature = 3.0, cooling_rate = 0.999
26 - INFO - chord#: 114 done. best_score=104.0, changed=612, unchanged=345, early_stops=8/8
26 - INFO - chord#: 115 In build_straw_man_chord_sa. tolerance = 1, sa_iterations = 1000, initial_temperature = 3.0, cooling_rate = 0.999
26 - INFO - chord#: 106 done. best_score=27.0, changed=527, unchanged=464, early_stops=8/8
26 - INFO - chord#: 108 In build_straw_man_chord_sa. tolerance = 1, sa_iterations = 1000, initial_temperature = 3.0, cooling_rate = 0.999
26 - INFO - chord#: 108 done. best_score=27.0, changed=518, unchanged=411, early_stops=8/8
26 - INFO - chord#: 110 In build_straw_man_chord_sa. tolerance = 1, sa_iterations = 1000, initial_temperature = 3.0, cooling_rate = 0.999
26 - INFO - chord#: 112 done. best_score=82.0, changed=612, unchanged=308, early_stops=8/8
26 - INFO - chord#: 114 In build_straw_man_chord_sa. tolerance = 1, sa_iterations = 1000, initial_temperature = 3.0, cooling_rate = 0.999
26 - INFO - chord#: 114 done. best_score=104.0, changed=615, unchanged=360, early_stops=8/8
26 - INFO - chord#: 115 In build_straw_man_chord_sa. tolerance = 1, sa_iterations = 1000, initial_temperature = 3.0, cooling_rate = 0.999
26 - INFO - chord#: 110 done. best_score=7.0, changed=505, unchanged=312, early_stops=8/8
26 - INFO - chord#: 112 In build_straw_man_chord_sa. tolerance = 1, sa_iterations = 1000, initial_temperature = 3.0, cooling_rate = 0.999
26 - INFO - chord#: 112 done. best_score=82.0, changed=610, unchanged=339, early_stops=8/8
26 - INFO - chord#: 114 In build_straw_man_chord_sa. tolerance = 1, sa_iterations = 1000, initial_temperature = 3.0, cooling_rate = 0.999
26 - INFO - chord#: 102 done. best_score=137.0, changed=609, unchanged=255, early_stops=8/8
26 - INFO - chord#: 104 In build_straw_man_chord_sa. tolerance = 1, sa_iterations = 1000, initial_temperature = 3.0, cooling_rate = 0.999
26 - INFO - chord#: 106 done. best_score=27.0, changed=527, unchanged=423, early_stops=8/8
26 - INFO - chord#: 108 In build_straw_man_chord_sa. tolerance = 1, sa_iterations = 1000, initial_temperature = 3.0, cooling_rate = 0.999
26 - INFO - chord#: 104 done. best_score=140.0, changed=611, unchanged=375, early_stops=8/8
26 - INFO - chord#: 106 In build_straw_man_chord_sa. tolerance = 1, sa_iterations = 1000, initial_temperature = 3.0, cooling_rate = 0.999
26 - INFO - chord#: 112 done. best_score=82.0, changed=613, unchanged=219, early_stops=8/8
26 - INFO - chord#: 115 done. best_score=27.0, changed=526, unchanged=399, early_stops=8/8
26 - INFO - chord#: 116 In build_straw_man_chord_sa. tolerance = 1, sa_iterations = 1000, initial_temperature = 3.0, cooling_rate = 0.999
26 - INFO - chord#: 114 In build_straw_man_chord_sa. tolerance = 1, sa_iterations = 1000, initial_temperature = 3.0, cooling_rate = 0.999
26 - INFO - chord#: 115 done. best_score=61.0, changed=549, unchanged=287, early_stops=8/8
26 - INFO - chord#: 116 In build_straw_man_chord_sa. tolerance = 1, sa_iterations = 1000, initial_temperature = 3.0, cooling_rate = 0.999
26 - INFO - chord#: 108 done. best_score=27.0, changed=523, unchanged=440, early_stops=8/8
26 - INFO - chord#: 110 In build_straw_man_chord_sa. tolerance = 1, sa_iterations = 1000, initial_temperature = 3.0, cooling_rate = 0.999
26 - INFO - chord#: 110 done. best_score=7.0, changed=501, unchanged=312, early_stops=8/8
26 - INFO - chord#: 112 In build_straw_man_chord_sa. tolerance = 1, sa_iterations = 1000, initial_temperature = 3.0, cooling_rate = 0.999
26 - INFO - chord#: 108 done. best_score=27.0, changed=515, unchanged=312, early_stops=8/8
26 - INFO - chord#: 106 done. best_score=27.0, changed=519, unchanged=409, early_stops=8/8
26 - INFO - chord#: 110 In build_straw_man_chord_sa. tolerance = 1, sa_iterations = 1000, initial_temperature = 3.0, cooling_rate = 0.999
26 - INFO - chord#: 116 done. best_score=27.0, changed=521, unchanged=332, early_stops=8/8
26 - INFO - chord#: 108 In build_straw_man_chord_sa. tolerance = 1, sa_iterations = 1000, initial_temperature = 3.0, cooling_rate = 0.999
26 - INFO - chord#: 118 In build_straw_man_chord_sa. tolerance = 1, sa_iterations = 1000, initial_temperature = 3.0, cooling_rate = 0.999
26 - INFO - chord#: 118 done. best_score=7.0, changed=496, unchanged=311, early_stops=8/8
26 - INFO - chord#: 120 In build_straw_man_chord_sa. tolerance = 1, sa_iterations = 1000, initial_temperature = 3.0, cooling_rate = 0.999
26 - INFO - chord#: 110 done. best_score=7.0, changed=492, unchanged=320, early_stops=8/8
26 - INFO - chord#: 112 In build_straw_man_chord_sa. tolerance = 1, sa_iterations = 1000, initial_temperature = 3.0, cooling_rate = 0.999
26 - INFO - chord#: 102 done. best_score=125.0, changed=617, unchanged=268, early_stops=8/8
26 - INFO - chord#: 104 In build_straw_man_chord_sa. tolerance = 1, sa_iterations = 1000, initial_temperature = 3.0, cooling_rate = 0.999
26 - INFO - chord#: 112 done. best_score=82.0, changed=614, unchanged=401, early_stops=8/8
26 - INFO - chord#: 114 In build_straw_man_chord_sa. tolerance = 1, sa_iterations = 1000, initial_temperature = 3.0, cooling_rate = 0.999
26 - INFO - chord#: 116 done. best_score=27.0, changed=521, unchanged=468, early_stops=8/8
26 - INFO - chord#: 118 In build_straw_man_chord_sa. tolerance = 1, sa_iterations = 1000, initial_temperature = 3.0, cooling_rate = 0.999
26 - INFO - chord#: 118 done. best_score=7.0, changed=493, unchanged=310, early_stops=8/8
26 - INFO - chord#: 120 In build_straw_man_chord_sa. tolerance = 1, sa_iterations = 1000, initial_temperature = 3.0, cooling_rate = 0.999
26 - INFO - chord#: 112 done. best_score=82.0, changed=611, unchanged=291, early_stops=8/8
26 - INFO - chord#: 114 In build_straw_man_chord_sa. tolerance = 1, sa_iterations = 1000, initial_temperature = 3.0, cooling_rate = 0.999
26 - INFO - chord#: 114 done. best_score=146.0, changed=608, unchanged=291, early_stops=8/8
26 - INFO - chord#: 115 In build_straw_man_chord_sa. tolerance = 1, sa_iterations = 1000, initial_temperature = 3.0, cooling_rate = 0.999
26 - INFO - chord#: 114 done. best_score=146.0, changed=613, unchanged=392, early_stops=8/8
26 - INFO - chord#: 115 In build_straw_man_chord_sa. tolerance = 1, sa_iterations = 1000, initial_temperature = 3.0, cooling_rate = 0.999
26 - INFO - chord#: 108 done. best_score=27.0, changed=513, unchanged=400, early_stops=8/8
26 - INFO - chord#: 110 In build_straw_man_chord_sa. tolerance = 1, sa_iterations = 1000, initial_temperature = 3.0, cooling_rate = 0.999
26 - INFO - chord#: 120 done. best_score=27.0, changed=516, unchanged=347, early_stops=8/8
26 - INFO - chord#: 124 In build_straw_man_chord_sa. tolerance = 1, sa_iterations = 1000, initial_temperature = 3.0, cooling_rate = 0.999
26 - INFO - chord#: 110 done. best_score=7.0, changed=514, unchanged=304, early_stops=8/8
26 - INFO - chord#: 112 In build_straw_man_chord_sa. tolerance = 1, sa_iterations = 1000, initial_temperature = 3.0, cooling_rate = 0.999
26 - INFO - chord#: 114 done. best_score=64.0, changed=611, unchanged=270, early_stops=8/8
26 - INFO - chord#: 115 In build_straw_man_chord_sa. tolerance = 1, sa_iterations = 1000, initial_temperature = 3.0, cooling_rate = 0.999
26 - INFO - chord#: 115 done. best_score=72.0, changed=524, unchanged=325, early_stops=8/8
26 - INFO - chord#: 116 In build_straw_man_chord_sa. tolerance = 1, sa_iterations = 1000, initial_temperature = 3.0, cooling_rate = 0.999
26 - INFO - chord#: 120 done. best_score=27.0, changed=525, unchanged=434, early_stops=8/8
26 - INFO - chord#: 124 In build_straw_man_chord_sa. tolerance = 1, sa_iterations = 1000, initial_temperature = 3.0, cooling_rate = 0.999
26 - INFO - chord#: 115 done. best_score=72.0, changed=542, unchanged=321, early_stops=8/8
26 - INFO - chord#: 116 In build_straw_man_chord_sa. tolerance = 1, sa_iterations = 1000, initial_temperature = 3.0, cooling_rate = 0.999
26 - INFO - chord#: 104 done. best_score=142.0, changed=615, unchanged=457, early_stops=8/8
26 - INFO - chord#: 106 In build_straw_man_chord_sa. tolerance = 1, sa_iterations = 1000, initial_temperature = 3.0, cooling_rate = 0.999
26 - INFO - chord#: 124 done. best_score=27.0, changed=525, unchanged=352, early_stops=8/8
26 - INFO - chord#: 128 In build_straw_man_chord_sa. tolerance = 1, sa_iterations = 1000, initial_temperature = 3.0, cooling_rate = 0.999
26 - INFO - chord#: 115 done. best_score=27.0, changed=537, unchanged=353, early_stops=8/8
26 - INFO - chord#: 116 In build_straw_man_chord_sa. tolerance = 1, sa_iterations = 1000, initial_temperature = 3.0, cooling_rate = 0.999
26 - INFO - chord#: 104 done. best_score=140.0, changed=608, unchanged=223, early_stops=8/8
26 - INFO - chord#: 106 In build_straw_man_chord_sa. tolerance = 1, sa_iterations = 1000, initial_temperature = 3.0, cooling_rate = 0.999
26 - INFO - chord#: 124 done. best_score=27.0, changed=528, unchanged=391, early_stops=8/8
26 - INFO - chord#: 128 In build_straw_man_chord_sa. tolerance = 1, sa_iterations = 1000, initial_temperature = 3.0, cooling_rate = 0.999
26 - INFO - chord#: 116 done. best_score=27.0, changed=515, unchanged=339, early_stops=8/8
26 - INFO - chord#: 118 In build_straw_man_chord_sa. tolerance = 1, sa_iterations = 1000, initial_temperature = 3.0, cooling_rate = 0.999
26 - INFO - chord#: 118 done. best_score=7.0, changed=499, unchanged=305, early_stops=8/8
26 - INFO - chord#: 120 In build_straw_man_chord_sa. tolerance = 1, sa_iterations = 1000, initial_temperature = 3.0, cooling_rate = 0.999
26 - INFO - chord#: 116 done. best_score=27.0, changed=522, unchanged=418, early_stops=8/8
26 - INFO - chord#: 118 In build_straw_man_chord_sa. tolerance = 1, sa_iterations = 1000, initial_temperature = 3.0, cooling_rate = 0.999
26 - INFO - chord#: 112 done. best_score=120.0, changed=608, unchanged=319, early_stops=8/8
26 - INFO - chord#: 114 In build_straw_man_chord_sa. tolerance = 1, sa_iterations = 1000, initial_temperature = 3.0, cooling_rate = 0.999
26 - INFO - chord#: 114 done. best_score=64.0, changed=617, unchanged=350, early_stops=8/8
26 - INFO - chord#: 115 In build_straw_man_chord_sa. tolerance = 1, sa_iterations = 1000, initial_temperature = 3.0, cooling_rate = 0.999
26 - INFO - chord#: 112 done. best_score=82.0, changed=615, unchanged=373, early_stops=8/8
26 - INFO - chord#: 114 In build_straw_man_chord_sa. tolerance = 1, sa_iterations = 1000, initial_temperature = 3.0, cooling_rate = 0.999
26 - INFO - chord#: 106 done. best_score=27.0, changed=529, unchanged=412, early_stops=8/8
26 - INFO - chord#: 108 In build_straw_man_chord_sa. tolerance = 1, sa_iterations = 1000, initial_temperature = 3.0, cooling_rate = 0.999
26 - INFO - chord#: 128 done. best_score=27.0, changed=529, unchanged=413, early_stops=8/8
26 - INFO - chord#: 130 In build_straw_man_chord_sa. tolerance = 1, sa_iterations = 1000, initial_temperature = 3.0, cooling_rate = 0.999
26 - INFO - chord#: 114 done. best_score=104.0, changed=611, unchanged=419, early_stops=8/8
26 - INFO - chord#: 115 In build_straw_man_chord_sa. tolerance = 1, sa_iterations = 1000, initial_temperature = 3.0, cooling_rate = 0.999
26 - INFO - chord#: 118 done. best_score=7.0, changed=491, unchanged=317, early_stops=8/8
26 - INFO - chord#: 120 In build_straw_man_chord_sa. tolerance = 1, sa_iterations = 1000, initial_temperature = 3.0, cooling_rate = 0.999
26 - INFO - chord#: 112 done. best_score=120.0, changed=609, unchanged=242, early_stops=8/8
26 - INFO - chord#: 114 In build_straw_man_chord_sa. tolerance = 1, sa_iterations = 1000, initial_temperature = 3.0, cooling_rate = 0.999
26 - INFO - chord#: 130 done. best_score=9.0, changed=473, unchanged=377, early_stops=8/8
26 - INFO - chord#: 132 In build_straw_man_chord_sa. tolerance = 1, sa_iterations = 1000, initial_temperature = 3.0, cooling_rate = 0.999
26 - INFO - chord#: 128 done. best_score=27.0, changed=524, unchanged=345, early_stops=8/8
26 - INFO - chord#: 130 In build_straw_man_chord_sa. tolerance = 1, sa_iterations = 1000, initial_temperature = 3.0, cooling_rate = 0.999
26 - INFO - chord#: 116 done. best_score=27.0, changed=524, unchanged=440, early_stops=8/8
26 - INFO - chord#: 118 In build_straw_man_chord_sa. tolerance = 1, sa_iterations = 1000, initial_temperature = 3.0, cooling_rate = 0.999
26 - INFO - chord#: 106 done. best_score=36.0, changed=531, unchanged=378, early_stops=8/8
26 - INFO - chord#: 108 In build_straw_man_chord_sa. tolerance = 1, sa_iterations = 1000, initial_temperature = 3.0, cooling_rate = 0.999
26 - INFO - chord#: 130 done. best_score=9.0, changed=479, unchanged=369, early_stops=8/8
26 - INFO - chord#: 132 In build_straw_man_chord_sa. tolerance = 1, sa_iterations = 1000, initial_temperature = 3.0, cooling_rate = 0.999
26 - INFO - chord#: 118 done. best_score=7.0, changed=502, unchanged=320, early_stops=8/8
26 - INFO - chord#: 120 In build_straw_man_chord_sa. tolerance = 1, sa_iterations = 1000, initial_temperature = 3.0, cooling_rate = 0.999
26 - INFO - chord#: 115 done. best_score=27.0, changed=525, unchanged=302, early_stops=8/8
26 - INFO - chord#: 116 In build_straw_man_chord_sa. tolerance = 1, sa_iterations = 1000, initial_temperature = 3.0, cooling_rate = 0.999
26 - INFO - chord#: 120 done. best_score=27.0, changed=518, unchanged=446, early_stops=8/8
26 - INFO - chord#: 124 In build_straw_man_chord_sa. tolerance = 1, sa_iterations = 1000, initial_temperature = 3.0, cooling_rate = 0.999
26 - INFO - chord#: 115 done. best_score=61.0, changed=540, unchanged=312, early_stops=8/8
26 - INFO - chord#: 116 In build_straw_man_chord_sa. tolerance = 1, sa_iterations = 1000, initial_temperature = 3.0, cooling_rate = 0.999
26 - INFO - chord#: 120 done. best_score=27.0, changed=521, unchanged=451, early_stops=8/8
26 - INFO - chord#: 124 In build_straw_man_chord_sa. tolerance = 1, sa_iterations = 1000, initial_temperature = 3.0, cooling_rate = 0.999
26 - INFO - chord#: 108 done. best_score=27.0, changed=522, unchanged=413, early_stops=8/8
26 - INFO - chord#: 110 In build_straw_man_chord_sa. tolerance = 1, sa_iterations = 1000, initial_temperature = 3.0, cooling_rate = 0.999
26 - INFO - chord#: 132 done. best_score=27.0, changed=517, unchanged=389, early_stops=8/8
26 - INFO - chord#: 134 In build_straw_man_chord_sa. tolerance = 1, sa_iterations = 1000, initial_temperature = 3.0, cooling_rate = 0.999
26 - INFO - chord#: 124 done. best_score=27.0, changed=523, unchanged=341, early_stops=8/8
26 - INFO - chord#: 128 In build_straw_man_chord_sa. tolerance = 1, sa_iterations = 1000, initial_temperature = 3.0, cooling_rate = 0.999
26 - INFO - chord#: 110 done. best_score=7.0, changed=503, unchanged=304, early_stops=8/8
26 - INFO - chord#: 112 In build_straw_man_chord_sa. tolerance = 1, sa_iterations = 1000, initial_temperature = 3.0, cooling_rate = 0.999
26 - INFO - chord#: 132 done. best_score=27.0, changed=517, unchanged=398, early_stops=8/8
26 - INFO - chord#: 134 In build_straw_man_chord_sa. tolerance = 1, sa_iterations = 1000, initial_temperature = 3.0, cooling_rate = 0.999
26 - INFO - chord#: 120 done. best_score=27.0, changed=523, unchanged=334, early_stops=8/8
26 - INFO - chord#: 124 In build_straw_man_chord_sa. tolerance = 1, sa_iterations = 1000, initial_temperature = 3.0, cooling_rate = 0.999
26 - INFO - chord#: 108 done. best_score=27.0, changed=513, unchanged=388, early_stops=8/8
26 - INFO - chord#: 110 In build_straw_man_chord_sa. tolerance = 1, sa_iterations = 1000, initial_temperature = 3.0, cooling_rate = 0.999
26 - INFO - chord#: 116 done. best_score=27.0, changed=518, unchanged=454, early_stops=8/8
26 - INFO - chord#: 118 In build_straw_man_chord_sa. tolerance = 1, sa_iterations = 1000, initial_temperature = 3.0, cooling_rate = 0.999
26 - INFO - chord#: 118 done. best_score=7.0, changed=497, unchanged=317, early_stops=8/8
26 - INFO - chord#: 120 In build_straw_man_chord_sa. tolerance = 1, sa_iterations = 1000, initial_temperature = 3.0, cooling_rate = 0.999
26 - INFO - chord#: 110 done. best_score=7.0, changed=508, unchanged=308, early_stops=8/8
26 - INFO - chord#: 112 In build_straw_man_chord_sa. tolerance = 1, sa_iterations = 1000, initial_temperature = 3.0, cooling_rate = 0.999
26 - INFO - chord#: 114 done. best_score=64.0, changed=619, unchanged=321, early_stops=8/8
26 - INFO - chord#: 115 In build_straw_man_chord_sa. tolerance = 1, sa_iterations = 1000, initial_temperature = 3.0, cooling_rate = 0.999
26 - INFO - chord#: 116 done. best_score=27.0, changed=522, unchanged=360, early_stops=8/8
26 - INFO - chord#: 118 In build_straw_man_chord_sa. tolerance = 1, sa_iterations = 1000, initial_temperature = 3.0, cooling_rate = 0.999
26 - INFO - chord#: 124 done. best_score=27.0, changed=522, unchanged=337, early_stops=8/8
26 - INFO - chord#: 128 In build_straw_man_chord_sa. tolerance = 1, sa_iterations = 1000, initial_temperature = 3.0, cooling_rate = 0.999
26 - INFO - chord#: 114 done. best_score=64.0, changed=614, unchanged=421, early_stops=8/8
26 - INFO - chord#: 115 In build_straw_man_chord_sa. tolerance = 1, sa_iterations = 1000, initial_temperature = 3.0, cooling_rate = 0.999
26 - INFO - chord#: 118 done. best_score=7.0, changed=487, unchanged=321, early_stops=8/8
26 - INFO - chord#: 120 In build_straw_man_chord_sa. tolerance = 1, sa_iterations = 1000, initial_temperature = 3.0, cooling_rate = 0.999
26 - INFO - chord#: 124 done. best_score=27.0, changed=525, unchanged=334, early_stops=8/8
26 - INFO - chord#: 128 In build_straw_man_chord_sa. tolerance = 1, sa_iterations = 1000, initial_temperature = 3.0, cooling_rate = 0.999
26 - INFO - chord#: 128 done. best_score=27.0, changed=536, unchanged=425, early_stops=8/8
26 - INFO - chord#: 130 In build_straw_man_chord_sa. tolerance = 1, sa_iterations = 1000, initial_temperature = 3.0, cooling_rate = 0.999
26 - INFO - chord#: 130 done. best_score=9.0, changed=481, unchanged=333, early_stops=8/8
26 - INFO - chord#: 132 In build_straw_man_chord_sa. tolerance = 1, sa_iterations = 1000, initial_temperature = 3.0, cooling_rate = 0.999
26 - INFO - chord#: 114 done. best_score=64.0, changed=616, unchanged=338, early_stops=8/8
26 - INFO - chord#: 115 In build_straw_man_chord_sa. tolerance = 1, sa_iterations = 1000, initial_temperature = 3.0, cooling_rate = 0.999
26 - INFO - chord#: 115 done. best_score=27.0, changed=522, unchanged=396, early_stops=8/8
26 - INFO - chord#: 116 In build_straw_man_chord_sa. tolerance = 1, sa_iterations = 1000, initial_temperature = 3.0, cooling_rate = 0.999
26 - INFO - chord#: 120 done. best_score=27.0, changed=520, unchanged=330, early_stops=8/8
26 - INFO - chord#: 124 In build_straw_man_chord_sa. tolerance = 1, sa_iterations = 1000, initial_temperature = 3.0, cooling_rate = 0.999
26 - INFO - chord#: 115 done. best_score=27.0, changed=535, unchanged=433, early_stops=8/8
26 - INFO - chord#: 116 In build_straw_man_chord_sa. tolerance = 1, sa_iterations = 1000, initial_temperature = 3.0, cooling_rate = 0.999
26 - INFO - chord#: 128 done. best_score=27.0, changed=526, unchanged=334, early_stops=8/8
26 - INFO - chord#: 130 In build_straw_man_chord_sa. tolerance = 1, sa_iterations = 1000, initial_temperature = 3.0, cooling_rate = 0.999
26 - INFO - chord#: 128 done. best_score=27.0, changed=531, unchanged=371, early_stops=8/8
26 - INFO - chord#: 130 In build_straw_man_chord_sa. tolerance = 1, sa_iterations = 1000, initial_temperature = 3.0, cooling_rate = 0.999
26 - INFO - chord#: 130 done. best_score=9.0, changed=475, unchanged=356, early_stops=8/8
26 - INFO - chord#: 132 In build_straw_man_chord_sa. tolerance = 1, sa_iterations = 1000, initial_temperature = 3.0, cooling_rate = 0.999
26 - INFO - chord#: 130 done. best_score=9.0, changed=479, unchanged=340, early_stops=8/8
26 - INFO - chord#: 132 In build_straw_man_chord_sa. tolerance = 1, sa_iterations = 1000, initial_temperature = 3.0, cooling_rate = 0.999
26 - INFO - chord#: 120 done. best_score=27.0, changed=518, unchanged=408, early_stops=8/8
26 - INFO - chord#: 124 In build_straw_man_chord_sa. tolerance = 1, sa_iterations = 1000, initial_temperature = 3.0, cooling_rate = 0.999
26 - INFO - chord#: 132 done. best_score=27.0, changed=514, unchanged=447, early_stops=8/8
26 - INFO - chord#: 134 In build_straw_man_chord_sa. tolerance = 1, sa_iterations = 1000, initial_temperature = 3.0, cooling_rate = 0.999
26 - INFO - chord#: 124 done. best_score=27.0, changed=521, unchanged=352, early_stops=8/8
26 - INFO - chord#: 128 In build_straw_man_chord_sa. tolerance = 1, sa_iterations = 1000, initial_temperature = 3.0, cooling_rate = 0.999
26 - INFO - chord#: 116 done. best_score=27.0, changed=514, unchanged=383, early_stops=8/8
26 - INFO - chord#: 118 In build_straw_man_chord_sa. tolerance = 1, sa_iterations = 1000, initial_temperature = 3.0, cooling_rate = 0.999
26 - INFO - chord#: 115 done. best_score=27.0, changed=524, unchanged=364, early_stops=8/8
26 - INFO - chord#: 116 In build_straw_man_chord_sa. tolerance = 1, sa_iterations = 1000, initial_temperature = 3.0, cooling_rate = 0.999
26 - INFO - chord#: 134 done. best_score=74.0, changed=608, unchanged=208, early_stops=8/8
26 - INFO - chord#: 136 In build_straw_man_chord_sa. tolerance = 1, sa_iterations = 1000, initial_temperature = 3.0, cooling_rate = 0.999
26 - INFO - chord#: 134 done. best_score=74.0, changed=609, unchanged=360, early_stops=8/8
26 - INFO - chord#: 136 In build_straw_man_chord_sa. tolerance = 1, sa_iterations = 1000, initial_temperature = 3.0, cooling_rate = 0.999
26 - INFO - chord#: 118 done. best_score=7.0, changed=528, unchanged=293, early_stops=8/8
26 - INFO - chord#: 120 In build_straw_man_chord_sa. tolerance = 1, sa_iterations = 1000, initial_temperature = 3.0, cooling_rate = 0.999
26 - INFO - chord#: 112 done. best_score=124.0, changed=610, unchanged=255, early_stops=8/8
26 - INFO - chord#: 114 In build_straw_man_chord_sa. tolerance = 1, sa_iterations = 1000, initial_temperature = 3.0, cooling_rate = 0.999
26 - INFO - chord#: 116 done. best_score=27.0, changed=517, unchanged=386, early_stops=8/8
26 - INFO - chord#: 118 In build_straw_man_chord_sa. tolerance = 1, sa_iterations = 1000, initial_temperature = 3.0, cooling_rate = 0.999
26 - INFO - chord#: 118 done. best_score=7.0, changed=500, unchanged=325, early_stops=8/8
26 - INFO - chord#: 120 In build_straw_man_chord_sa. tolerance = 1, sa_iterations = 1000, initial_temperature = 3.0, cooling_rate = 0.999
26 - INFO - chord#: 132 done. best_score=27.0, changed=521, unchanged=466, early_stops=8/8
26 - INFO - chord#: 134 In build_straw_man_chord_sa. tolerance = 1, sa_iterations = 1000, initial_temperature = 3.0, cooling_rate = 0.999
26 - INFO - chord#: 112 done. best_score=120.0, changed=610, unchanged=284, early_stops=8/8
26 - INFO - chord#: 114 In build_straw_man_chord_sa. tolerance = 1, sa_iterations = 1000, initial_temperature = 3.0, cooling_rate = 0.999
26 - INFO - chord#: 128 done. best_score=27.0, changed=528, unchanged=345, early_stops=8/8
26 - INFO - chord#: 130 In build_straw_man_chord_sa. tolerance = 1, sa_iterations = 1000, initial_temperature = 3.0, cooling_rate = 0.999
26 - INFO - chord#: 124 done. best_score=27.0, changed=523, unchanged=348, early_stops=8/8
26 - INFO - chord#: 128 In build_straw_man_chord_sa. tolerance = 1, sa_iterations = 1000, initial_temperature = 3.0, cooling_rate = 0.999
26 - INFO - chord#: 132 done. best_score=27.0, changed=518, unchanged=327, early_stops=8/8
26 - INFO - chord#: 134 In build_straw_man_chord_sa. tolerance = 1, sa_iterations = 1000, initial_temperature = 3.0, cooling_rate = 0.999
26 - INFO - chord#: 130 done. best_score=9.0, changed=474, unchanged=363, early_stops=8/8
26 - INFO - chord#: 132 In build_straw_man_chord_sa. tolerance = 1, sa_iterations = 1000, initial_temperature = 3.0, cooling_rate = 0.999
26 - INFO - chord#: 116 done. best_score=27.0, changed=522, unchanged=408, early_stops=8/8
26 - INFO - chord#: 118 In build_straw_man_chord_sa. tolerance = 1, sa_iterations = 1000, initial_temperature = 3.0, cooling_rate = 0.999
26 - INFO - chord#: 120 done. best_score=27.0, changed=520, unchanged=508, early_stops=8/8
26 - INFO - chord#: 124 In build_straw_man_chord_sa. tolerance = 1, sa_iterations = 1000, initial_temperature = 3.0, cooling_rate = 0.999
26 - INFO - chord#: 118 done. best_score=7.0, changed=508, unchanged=301, early_stops=8/8
26 - INFO - chord#: 120 In build_straw_man_chord_sa. tolerance = 1, sa_iterations = 1000, initial_temperature = 3.0, cooling_rate = 0.999
26 - INFO - chord#: 120 done. best_score=27.0, changed=525, unchanged=398, early_stops=8/8
26 - INFO - chord#: 124 In build_straw_man_chord_sa. tolerance = 1, sa_iterations = 1000, initial_temperature = 3.0, cooling_rate = 0.999
26 - INFO - chord#: 132 done. best_score=27.0, changed=523, unchanged=391, early_stops=8/8
26 - INFO - chord#: 134 In build_straw_man_chord_sa. tolerance = 1, sa_iterations = 1000, initial_temperature = 3.0, cooling_rate = 0.999
26 - INFO - chord#: 124 done. best_score=27.0, changed=529, unchanged=331, early_stops=8/8
26 - INFO - chord#: 128 In build_straw_man_chord_sa. tolerance = 1, sa_iterations = 1000, initial_temperature = 3.0, cooling_rate = 0.999
26 - INFO - chord#: 128 done. best_score=27.0, changed=542, unchanged=530, early_stops=8/8
26 - INFO - chord#: 130 In build_straw_man_chord_sa. tolerance = 1, sa_iterations = 1000, initial_temperature = 3.0, cooling_rate = 0.999
26 - INFO - chord#: 136 done. best_score=78.0, changed=615, unchanged=269, early_stops=8/8
26 - INFO - chord#: 138 In build_straw_man_chord_sa. tolerance = 1, sa_iterations = 1000, initial_temperature = 3.0, cooling_rate = 0.999
26 - INFO - chord#: 114 done. best_score=104.0, changed=611, unchanged=249, early_stops=8/8
26 - INFO - chord#: 115 In build_straw_man_chord_sa. tolerance = 1, sa_iterations = 1000, initial_temperature = 3.0, cooling_rate = 0.999
26 - INFO - chord#: 124 done. best_score=27.0, changed=535, unchanged=421, early_stops=8/8
26 - INFO - chord#: 128 In build_straw_man_chord_sa. tolerance = 1, sa_iterations = 1000, initial_temperature = 3.0, cooling_rate = 0.999
26 - INFO - chord#: 134 done. best_score=141.0, changed=617, unchanged=397, early_stops=8/8
26 - INFO - chord#: 136 In build_straw_man_chord_sa. tolerance = 1, sa_iterations = 1000, initial_temperature = 3.0, cooling_rate = 0.999
26 - INFO - chord#: 130 done. best_score=9.0, changed=473, unchanged=387, early_stops=8/8
26 - INFO - chord#: 136 done. best_score=78.0, changed=607, unchanged=211, early_stops=8/8
26 - INFO - chord#: 138 In build_straw_man_chord_sa. tolerance = 1, sa_iterations = 1000, initial_temperature = 3.0, cooling_rate = 0.999
26 - INFO - chord#: 132 In build_straw_man_chord_sa. tolerance = 1, sa_iterations = 1000, initial_temperature = 3.0, cooling_rate = 0.999
26 - INFO - chord#: 120 done. best_score=27.0, changed=525, unchanged=484, early_stops=8/8
26 - INFO - chord#: 124 In build_straw_man_chord_sa. tolerance = 1, sa_iterations = 1000, initial_temperature = 3.0, cooling_rate = 0.999
26 - INFO - chord#: 128 done. best_score=27.0, changed=525, unchanged=345, early_stops=8/8
26 - INFO - chord#: 130 In build_straw_man_chord_sa. tolerance = 1, sa_iterations = 1000, initial_temperature = 3.0, cooling_rate = 0.999
26 - INFO - chord#: 134 done. best_score=96.0, changed=614, unchanged=310, early_stops=8/8
26 - INFO - chord#: 136 In build_straw_man_chord_sa. tolerance = 1, sa_iterations = 1000, initial_temperature = 3.0, cooling_rate = 0.999
26 - INFO - chord#: 138 done. best_score=36.0, changed=527, unchanged=372, early_stops=8/8
26 - INFO - chord#: 140 In build_straw_man_chord_sa. tolerance = 1, sa_iterations = 1000, initial_temperature = 3.0, cooling_rate = 0.999
26 - INFO - chord#: 130 done. best_score=9.0, changed=464, unchanged=364, early_stops=8/8
26 - INFO - chord#: 132 In build_straw_man_chord_sa. tolerance = 1, sa_iterations = 1000, initial_temperature = 3.0, cooling_rate = 0.999
26 - INFO - chord#: 128 done. best_score=27.0, changed=527, unchanged=328, early_stops=8/8
26 - INFO - chord#: 130 In build_straw_man_chord_sa. tolerance = 1, sa_iterations = 1000, initial_temperature = 3.0, cooling_rate = 0.999
26 - INFO - chord#: 115 done. best_score=36.0, changed=529, unchanged=305, early_stops=8/8
26 - INFO - chord#: 116 In build_straw_man_chord_sa. tolerance = 1, sa_iterations = 1000, initial_temperature = 3.0, cooling_rate = 0.999
26 - INFO - chord#: 130 done. best_score=9.0, changed=472, unchanged=337, early_stops=8/8
26 - INFO - chord#: 132 In build_straw_man_chord_sa. tolerance = 1, sa_iterations = 1000, initial_temperature = 3.0, cooling_rate = 0.999
26 - INFO - chord#: 114 done. best_score=64.0, changed=616, unchanged=370, early_stops=8/8
26 - INFO - chord#: 115 In build_straw_man_chord_sa. tolerance = 1, sa_iterations = 1000, initial_temperature = 3.0, cooling_rate = 0.999
26 - INFO - chord#: 138 done. best_score=47.0, changed=525, unchanged=357, early_stops=8/8
26 - INFO - chord#: 140 In build_straw_man_chord_sa. tolerance = 1, sa_iterations = 1000, initial_temperature = 3.0, cooling_rate = 0.999
26 - INFO - chord#: 132 done. best_score=27.0, changed=524, unchanged=373, early_stops=8/8
26 - INFO - chord#: 134 In build_straw_man_chord_sa. tolerance = 1, sa_iterations = 1000, initial_temperature = 3.0, cooling_rate = 0.999
26 - INFO - chord#: 124 done. best_score=27.0, changed=517, unchanged=351, early_stops=8/8
26 - INFO - chord#: 128 In build_straw_man_chord_sa. tolerance = 1, sa_iterations = 1000, initial_temperature = 3.0, cooling_rate = 0.999
26 - INFO - chord#: 134 done. best_score=121.0, changed=612, unchanged=331, early_stops=8/8
26 - INFO - chord#: 136 In build_straw_man_chord_sa. tolerance = 1, sa_iterations = 1000, initial_temperature = 3.0, cooling_rate = 0.999
26 - INFO - chord#: 132 done. best_score=27.0, changed=516, unchanged=343, early_stops=8/8
26 - INFO - chord#: 134 In build_straw_man_chord_sa. tolerance = 1, sa_iterations = 1000, initial_temperature = 3.0, cooling_rate = 0.999
26 - INFO - chord#: 140 done. best_score=27.0, changed=526, unchanged=571, early_stops=8/8
26 - INFO - chord#: 142 In build_straw_man_chord_sa. tolerance = 1, sa_iterations = 1000, initial_temperature = 3.0, cooling_rate = 0.999
26 - INFO - chord#: 134 done. best_score=121.0, changed=611, unchanged=336, early_stops=8/8
26 - INFO - chord#: 136 In build_straw_man_chord_sa. tolerance = 1, sa_iterations = 1000, initial_temperature = 3.0, cooling_rate = 0.999
26 - INFO - chord#: 115 done. best_score=27.0, changed=522, unchanged=318, early_stops=8/8
26 - INFO - chord#: 116 In build_straw_man_chord_sa. tolerance = 1, sa_iterations = 1000, initial_temperature = 3.0, cooling_rate = 0.999
26 - INFO - chord#: 116 done. best_score=27.0, changed=515, unchanged=424, early_stops=8/8
26 - INFO - chord#: 118 In build_straw_man_chord_sa. tolerance = 1, sa_iterations = 1000, initial_temperature = 3.0, cooling_rate = 0.999
26 - INFO - chord#: 136 done. best_score=78.0, changed=605, unchanged=296, early_stops=8/8
26 - INFO - chord#: 132 done. best_score=27.0, changed=523, unchanged=463, early_stops=8/8
26 - INFO - chord#: 138 In build_straw_man_chord_sa. tolerance = 1, sa_iterations = 1000, initial_temperature = 3.0, cooling_rate = 0.999
26 - INFO - chord#: 134 In build_straw_man_chord_sa. tolerance = 1, sa_iterations = 1000, initial_temperature = 3.0, cooling_rate = 0.999
26 - INFO - chord#: 118 done. best_score=7.0, changed=509, unchanged=303, early_stops=8/8
26 - INFO - chord#: 120 In build_straw_man_chord_sa. tolerance = 1, sa_iterations = 1000, initial_temperature = 3.0, cooling_rate = 0.999
26 - INFO - chord#: 128 done. best_score=27.0, changed=517, unchanged=327, early_stops=8/8
26 - INFO - chord#: 130 In build_straw_man_chord_sa. tolerance = 1, sa_iterations = 1000, initial_temperature = 3.0, cooling_rate = 0.999
26 - INFO - chord#: 140 done. best_score=27.0, changed=521, unchanged=499, early_stops=8/8
26 - INFO - chord#: 142 In build_straw_man_chord_sa. tolerance = 1, sa_iterations = 1000, initial_temperature = 3.0, cooling_rate = 0.999
26 - INFO - chord#: 130 done. best_score=9.0, changed=469, unchanged=344, early_stops=8/8
26 - INFO - chord#: 132 In build_straw_man_chord_sa. tolerance = 1, sa_iterations = 1000, initial_temperature = 3.0, cooling_rate = 0.999
26 - INFO - chord#: 142 done. best_score=27.0, changed=534, unchanged=534, early_stops=8/8
26 - INFO - chord#: 144 In build_straw_man_chord_sa. tolerance = 1, sa_iterations = 1000, initial_temperature = 3.0, cooling_rate = 0.999
26 - INFO - chord#: 138 done. best_score=47.0, changed=537, unchanged=327, early_stops=8/8
26 - INFO - chord#: 140 In build_straw_man_chord_sa. tolerance = 1, sa_iterations = 1000, initial_temperature = 3.0, cooling_rate = 0.999
26 - INFO - chord#: 136 done. best_score=140.0, changed=613, unchanged=394, early_stops=8/8
26 - INFO - chord#: 138 In build_straw_man_chord_sa. tolerance = 1, sa_iterations = 1000, initial_temperature = 3.0, cooling_rate = 0.999
26 - INFO - chord#: 116 done. best_score=27.0, changed=522, unchanged=431, early_stops=8/8
26 - INFO - chord#: 118 In build_straw_man_chord_sa. tolerance = 1, sa_iterations = 1000, initial_temperature = 3.0, cooling_rate = 0.999
26 - INFO - chord#: 120 done. best_score=27.0, changed=520, unchanged=400, early_stops=8/8
26 - INFO - chord#: 124 In build_straw_man_chord_sa. tolerance = 1, sa_iterations = 1000, initial_temperature = 3.0, cooling_rate = 0.999
26 - INFO - chord#: 118 done. best_score=7.0, changed=501, unchanged=313, early_stops=8/8
26 - INFO - chord#: 120 In build_straw_man_chord_sa. tolerance = 1, sa_iterations = 1000, initial_temperature = 3.0, cooling_rate = 0.999
26 - INFO - chord#: 142 done. best_score=27.0, changed=521, unchanged=343, early_stops=8/8
26 - INFO - chord#: 144 In build_straw_man_chord_sa. tolerance = 1, sa_iterations = 1000, initial_temperature = 3.0, cooling_rate = 0.999
26 - INFO - chord#: 132 done. best_score=27.0, changed=517, unchanged=410, early_stops=8/8
26 - INFO - chord#: 134 In build_straw_man_chord_sa. tolerance = 1, sa_iterations = 1000, initial_temperature = 3.0, cooling_rate = 0.999
26 - INFO - chord#: 140 done. best_score=27.0, changed=514, unchanged=443, early_stops=8/8
26 - INFO - chord#: 142 In build_straw_man_chord_sa. tolerance = 1, sa_iterations = 1000, initial_temperature = 3.0, cooling_rate = 0.999
26 - INFO - chord#: 138 done. best_score=36.0, changed=533, unchanged=344, early_stops=8/8
26 - INFO - chord#: 140 In build_straw_man_chord_sa. tolerance = 1, sa_iterations = 1000, initial_temperature = 3.0, cooling_rate = 0.999
26 - INFO - chord#: 134 done. best_score=74.0, changed=609, unchanged=240, early_stops=8/8
26 - INFO - chord#: 136 In build_straw_man_chord_sa. tolerance = 1, sa_iterations = 1000, initial_temperature = 3.0, cooling_rate = 0.999
26 - INFO - chord#: 134 done. best_score=96.0, changed=612, unchanged=316, early_stops=8/8
26 - INFO - chord#: 136 In build_straw_man_chord_sa. tolerance = 1, sa_iterations = 1000, initial_temperature = 3.0, cooling_rate = 0.999
26 - INFO - chord#: 136 done. best_score=78.0, changed=613, unchanged=348, early_stops=8/8
26 - INFO - chord#: 138 In build_straw_man_chord_sa. tolerance = 1, sa_iterations = 1000, initial_temperature = 3.0, cooling_rate = 0.999
26 - INFO - chord#: 136 done. best_score=78.0, changed=612, unchanged=340, early_stops=8/8
26 - INFO - chord#: 138 In build_straw_man_chord_sa. tolerance = 1, sa_iterations = 1000, initial_temperature = 3.0, cooling_rate = 0.999
26 - INFO - chord#: 134 done. best_score=74.0, changed=618, unchanged=520, early_stops=8/8
26 - INFO - chord#: 136 In build_straw_man_chord_sa. tolerance = 1, sa_iterations = 1000, initial_temperature = 3.0, cooling_rate = 0.999
26 - INFO - chord#: 124 done. best_score=27.0, changed=536, unchanged=407, early_stops=8/8
26 - INFO - chord#: 128 In build_straw_man_chord_sa. tolerance = 1, sa_iterations = 1000, initial_temperature = 3.0, cooling_rate = 0.999
26 - INFO - chord#: 120 done. best_score=27.0, changed=521, unchanged=367, early_stops=8/8
26 - INFO - chord#: 124 In build_straw_man_chord_sa. tolerance = 1, sa_iterations = 1000, initial_temperature = 3.0, cooling_rate = 0.999
26 - INFO - chord#: 142 done. best_score=27.0, changed=541, unchanged=519, early_stops=8/8
26 - INFO - chord#: 144 In build_straw_man_chord_sa. tolerance = 1, sa_iterations = 1000, initial_temperature = 3.0, cooling_rate = 0.999
26 - INFO - chord#: 144 done. best_score=148.0, changed=613, unchanged=327, early_stops=8/8
26 - INFO - chord#: 146 In build_straw_man_chord_sa. tolerance = 1, sa_iterations = 1000, initial_temperature = 3.0, cooling_rate = 0.999
26 - INFO - chord#: 138 done. best_score=47.0, changed=533, unchanged=311, early_stops=8/8
26 - INFO - chord#: 140 In build_straw_man_chord_sa. tolerance = 1, sa_iterations = 1000, initial_temperature = 3.0, cooling_rate = 0.999
26 - INFO - chord#: 140 done. best_score=27.0, changed=522, unchanged=395, early_stops=8/8
26 - INFO - chord#: 142 In build_straw_man_chord_sa. tolerance = 1, sa_iterations = 1000, initial_temperature = 3.0, cooling_rate = 0.999
26 - INFO - chord#: 138 done. best_score=47.0, changed=526, unchanged=327, early_stops=8/8
26 - INFO - chord#: 140 In build_straw_man_chord_sa. tolerance = 1, sa_iterations = 1000, initial_temperature = 3.0, cooling_rate = 0.999
26 - INFO - chord#: 146 done. best_score=27.0, changed=534, unchanged=308, early_stops=8/8
26 - INFO - chord#: 147 In build_straw_man_chord_sa. tolerance = 1, sa_iterations = 1000, initial_temperature = 3.0, cooling_rate = 0.999
26 - INFO - chord#: 128 done. best_score=27.0, changed=526, unchanged=461, early_stops=8/8
26 - INFO - chord#: 130 In build_straw_man_chord_sa. tolerance = 1, sa_iterations = 1000, initial_temperature = 3.0, cooling_rate = 0.999
26 - INFO - chord#: 124 done. best_score=27.0, changed=520, unchanged=373, early_stops=8/8
26 - INFO - chord#: 128 In build_straw_man_chord_sa. tolerance = 1, sa_iterations = 1000, initial_temperature = 3.0, cooling_rate = 0.999
26 - INFO - chord#: 140 done. best_score=27.0, changed=523, unchanged=462, early_stops=8/8
26 - INFO - chord#: 142 In build_straw_man_chord_sa. tolerance = 1, sa_iterations = 1000, initial_temperature = 3.0, cooling_rate = 0.999
26 - INFO - chord#: 130 done. best_score=9.0, changed=480, unchanged=352, early_stops=8/8
26 - INFO - chord#: 132 In build_straw_man_chord_sa. tolerance = 1, sa_iterations = 1000, initial_temperature = 3.0, cooling_rate = 0.999
26 - INFO - chord#: 144 done. best_score=96.0, changed=620, unchanged=360, early_stops=8/8
26 - INFO - chord#: 146 In build_straw_man_chord_sa. tolerance = 1, sa_iterations = 1000, initial_temperature = 3.0, cooling_rate = 0.999
26 - INFO - chord#: 142 done. best_score=27.0, changed=537, unchanged=494, early_stops=8/8
26 - INFO - chord#: 144 In build_straw_man_chord_sa. tolerance = 1, sa_iterations = 1000, initial_temperature = 3.0, cooling_rate = 0.999
26 - INFO - chord#: 136 done. best_score=78.0, changed=612, unchanged=360, early_stops=8/8
26 - INFO - chord#: 138 In build_straw_man_chord_sa. tolerance = 1, sa_iterations = 1000, initial_temperature = 3.0, cooling_rate = 0.999
26 - INFO - chord#: 134 done. best_score=96.0, changed=612, unchanged=408, early_stops=8/8
26 - INFO - chord#: 136 In build_straw_man_chord_sa. tolerance = 1, sa_iterations = 1000, initial_temperature = 3.0, cooling_rate = 0.999
26 - INFO - chord#: 140 done. best_score=27.0, changed=511, unchanged=513, early_stops=8/8
26 - INFO - chord#: 142 In build_straw_man_chord_sa. tolerance = 1, sa_iterations = 1000, initial_temperature = 3.0, cooling_rate = 0.999
26 - INFO - chord#: 128 done. best_score=27.0, changed=523, unchanged=307, early_stops=8/8
26 - INFO - chord#: 130 In build_straw_man_chord_sa. tolerance = 1, sa_iterations = 1000, initial_temperature = 3.0, cooling_rate = 0.999
26 - INFO - chord#: 136 done. best_score=162.0, changed=611, unchanged=308, early_stops=8/8
26 - INFO - chord#: 138 In build_straw_man_chord_sa. tolerance = 1, sa_iterations = 1000, initial_temperature = 3.0, cooling_rate = 0.999
26 - INFO - chord#: 142 done. best_score=27.0, changed=523, unchanged=348, early_stops=8/8
26 - INFO - chord#: 144 In build_straw_man_chord_sa. tolerance = 1, sa_iterations = 1000, initial_temperature = 3.0, cooling_rate = 0.999
26 - INFO - chord#: 136 done. best_score=78.0, changed=611, unchanged=304, early_stops=8/8
26 - INFO - chord#: 138 In build_straw_man_chord_sa. tolerance = 1, sa_iterations = 1000, initial_temperature = 3.0, cooling_rate = 0.999
26 - INFO - chord#: 144 done. best_score=74.0, changed=614, unchanged=315, early_stops=8/8
26 - INFO - chord#: 146 In build_straw_man_chord_sa. tolerance = 1, sa_iterations = 1000, initial_temperature = 3.0, cooling_rate = 0.999
26 - INFO - chord#: 130 done. best_score=9.0, changed=466, unchanged=350, early_stops=8/8
26 - INFO - chord#: 132 In build_straw_man_chord_sa. tolerance = 1, sa_iterations = 1000, initial_temperature = 3.0, cooling_rate = 0.999
26 - INFO - chord#: 138 done. best_score=47.0, changed=524, unchanged=294, early_stops=8/8
26 - INFO - chord#: 140 In build_straw_man_chord_sa. tolerance = 1, sa_iterations = 1000, initial_temperature = 3.0, cooling_rate = 0.999
26 - INFO - chord#: 146 done. best_score=27.0, changed=527, unchanged=298, early_stops=8/8
26 - INFO - chord#: 147 In build_straw_man_chord_sa. tolerance = 1, sa_iterations = 1000, initial_temperature = 3.0, cooling_rate = 0.999
26 - INFO - chord#: 132 done. best_score=27.0, changed=523, unchanged=465, early_stops=8/8
26 - INFO - chord#: 134 In build_straw_man_chord_sa. tolerance = 1, sa_iterations = 1000, initial_temperature = 3.0, cooling_rate = 0.999
26 - INFO - chord#: 138 done. best_score=49.0, changed=534, unchanged=386, early_stops=8/8
26 - INFO - chord#: 140 In build_straw_man_chord_sa. tolerance = 1, sa_iterations = 1000, initial_temperature = 3.0, cooling_rate = 0.999
26 - INFO - chord#: 142 done. best_score=27.0, changed=526, unchanged=393, early_stops=8/8
26 - INFO - chord#: 144 In build_straw_man_chord_sa. tolerance = 1, sa_iterations = 1000, initial_temperature = 3.0, cooling_rate = 0.999
26 - INFO - chord#: 147 done. best_score=146.0, changed=608, unchanged=284, early_stops=8/8
26 - INFO - chord#: 148 In build_straw_man_chord_sa. tolerance = 1, sa_iterations = 1000, initial_temperature = 3.0, cooling_rate = 0.999
26 - INFO - chord#: 138 done. best_score=47.0, changed=524, unchanged=337, early_stops=8/8
26 - INFO - chord#: 140 In build_straw_man_chord_sa. tolerance = 1, sa_iterations = 1000, initial_temperature = 3.0, cooling_rate = 0.999
26 - INFO - chord#: 146 done. best_score=27.0, changed=536, unchanged=465, early_stops=8/8
26 - INFO - chord#: 147 In build_straw_man_chord_sa. tolerance = 1, sa_iterations = 1000, initial_temperature = 3.0, cooling_rate = 0.999
26 - INFO - chord#: 132 done. best_score=27.0, changed=517, unchanged=358, early_stops=8/8
26 - INFO - chord#: 134 In build_straw_man_chord_sa. tolerance = 1, sa_iterations = 1000, initial_temperature = 3.0, cooling_rate = 0.999
26 - INFO - chord#: 140 done. best_score=27.0, changed=528, unchanged=534, early_stops=8/8
26 - INFO - chord#: 142 In build_straw_man_chord_sa. tolerance = 1, sa_iterations = 1000, initial_temperature = 3.0, cooling_rate = 0.999
26 - INFO - chord#: 148 done. best_score=27.0, changed=521, unchanged=360, early_stops=8/8
26 - INFO - chord#: 150 In build_straw_man_chord_sa. tolerance = 1, sa_iterations = 1000, initial_temperature = 3.0, cooling_rate = 0.999
26 - INFO - chord#: 136 done. best_score=101.0, changed=608, unchanged=291, early_stops=8/8
26 - INFO - chord#: 138 In build_straw_man_chord_sa. tolerance = 1, sa_iterations = 1000, initial_temperature = 3.0, cooling_rate = 0.999
26 - INFO - chord#: 140 done. best_score=27.0, changed=517, unchanged=392, early_stops=8/8
26 - INFO - chord#: 142 In build_straw_man_chord_sa. tolerance = 1, sa_iterations = 1000, initial_temperature = 3.0, cooling_rate = 0.999
26 - INFO - chord#: 150 done. best_score=9.0, changed=479, unchanged=357, early_stops=8/8
26 - INFO - chord#: 152 In build_straw_man_chord_sa. tolerance = 1, sa_iterations = 1000, initial_temperature = 3.0, cooling_rate = 0.999
26 - INFO - chord#: 144 done. best_score=74.0, changed=613, unchanged=561, early_stops=8/8
26 - INFO - chord#: 146 In build_straw_man_chord_sa. tolerance = 1, sa_iterations = 1000, initial_temperature = 3.0, cooling_rate = 0.999
26 - INFO - chord#: 142 done. best_score=27.0, changed=521, unchanged=368, early_stops=8/8
26 - INFO - chord#: 144 In build_straw_man_chord_sa. tolerance = 1, sa_iterations = 1000, initial_temperature = 3.0, cooling_rate = 0.999
26 - INFO - chord#: 140 done. best_score=27.0, changed=522, unchanged=438, early_stops=8/8
26 - INFO - chord#: 142 In build_straw_man_chord_sa. tolerance = 1, sa_iterations = 1000, initial_temperature = 3.0, cooling_rate = 0.999
26 - INFO - chord#: 144 done. best_score=148.0, changed=611, unchanged=287, early_stops=8/8
26 - INFO - chord#: 146 In build_straw_man_chord_sa. tolerance = 1, sa_iterations = 1000, initial_temperature = 3.0, cooling_rate = 0.999
26 - INFO - chord#: 138 done. best_score=47.0, changed=537, unchanged=346, early_stops=8/8
26 - INFO - chord#: 140 In build_straw_man_chord_sa. tolerance = 1, sa_iterations = 1000, initial_temperature = 3.0, cooling_rate = 0.999
26 - INFO - chord#: 142 done. best_score=27.0, changed=531, unchanged=472, early_stops=8/8
26 - INFO - chord#: 144 In build_straw_man_chord_sa. tolerance = 1, sa_iterations = 1000, initial_temperature = 3.0, cooling_rate = 0.999
26 - INFO - chord#: 134 done. best_score=121.0, changed=608, unchanged=264, early_stops=8/8
26 - INFO - chord#: 136 In build_straw_man_chord_sa. tolerance = 1, sa_iterations = 1000, initial_temperature = 3.0, cooling_rate = 0.999
26 - INFO - chord#: 152 done. best_score=27.0, changed=528, unchanged=378, early_stops=8/8
26 - INFO - chord#: 156 In build_straw_man_chord_sa. tolerance = 1, sa_iterations = 1000, initial_temperature = 3.0, cooling_rate = 0.999
26 - INFO - chord#: 146 done. best_score=27.0, changed=521, unchanged=335, early_stops=8/8
26 - INFO - chord#: 147 In build_straw_man_chord_sa. tolerance = 1, sa_iterations = 1000, initial_temperature = 3.0, cooling_rate = 0.999
26 - INFO - chord#: 144 done. best_score=141.0, changed=609, unchanged=235, early_stops=8/8
26 - INFO - chord#: 146 In build_straw_man_chord_sa. tolerance = 1, sa_iterations = 1000, initial_temperature = 3.0, cooling_rate = 0.999
26 - INFO - chord#: 142 done. best_score=27.0, changed=529, unchanged=413, early_stops=8/8
26 - INFO - chord#: 144 In build_straw_man_chord_sa. tolerance = 1, sa_iterations = 1000, initial_temperature = 3.0, cooling_rate = 0.999
26 - INFO - chord#: 147 done. best_score=64.0, changed=620, unchanged=419, early_stops=8/8
26 - INFO - chord#: 148 In build_straw_man_chord_sa. tolerance = 1, sa_iterations = 1000, initial_temperature = 3.0, cooling_rate = 0.999
26 - INFO - chord#: 140 done. best_score=27.0, changed=513, unchanged=347, early_stops=8/8
26 - INFO - chord#: 142 In build_straw_man_chord_sa. tolerance = 1, sa_iterations = 1000, initial_temperature = 3.0, cooling_rate = 0.999
26 - INFO - chord#: 146 done. best_score=27.0, changed=519, unchanged=390, early_stops=8/8
26 - INFO - chord#: 147 In build_straw_man_chord_sa. tolerance = 1, sa_iterations = 1000, initial_temperature = 3.0, cooling_rate = 0.999
26 - INFO - chord#: 147 done. best_score=64.0, changed=615, unchanged=337, early_stops=8/8
26 - INFO - chord#: 148 In build_straw_man_chord_sa. tolerance = 1, sa_iterations = 1000, initial_temperature = 3.0, cooling_rate = 0.999
26 - INFO - chord#: 156 done. best_score=27.0, changed=532, unchanged=369, early_stops=8/8
26 - INFO - chord#: 160 In build_straw_man_chord_sa. tolerance = 1, sa_iterations = 1000, initial_temperature = 3.0, cooling_rate = 0.999
26 - INFO - chord#: 134 done. best_score=74.0, changed=613, unchanged=297, early_stops=8/8
26 - INFO - chord#: 136 In build_straw_man_chord_sa. tolerance = 1, sa_iterations = 1000, initial_temperature = 3.0, cooling_rate = 0.999
26 - INFO - chord#: 146 done. best_score=36.0, changed=536, unchanged=338, early_stops=8/8
26 - INFO - chord#: 147 In build_straw_man_chord_sa. tolerance = 1, sa_iterations = 1000, initial_temperature = 3.0, cooling_rate = 0.999
26 - INFO - chord#: 142 done. best_score=27.0, changed=524, unchanged=432, early_stops=8/8
26 - INFO - chord#: 144 In build_straw_man_chord_sa. tolerance = 1, sa_iterations = 1000, initial_temperature = 3.0, cooling_rate = 0.999
26 - INFO - chord#: 148 done. best_score=27.0, changed=520, unchanged=359, early_stops=8/8
26 - INFO - chord#: 150 In build_straw_man_chord_sa. tolerance = 1, sa_iterations = 1000, initial_temperature = 3.0, cooling_rate = 0.999
26 - INFO - chord#: 148 done. best_score=27.0, changed=525, unchanged=437, early_stops=8/8
26 - INFO - chord#: 150 In build_straw_man_chord_sa. tolerance = 1, sa_iterations = 1000, initial_temperature = 3.0, cooling_rate = 0.999
26 - INFO - chord#: 144 done. best_score=149.0, changed=611, unchanged=233, early_stops=8/8
26 - INFO - chord#: 146 In build_straw_man_chord_sa. tolerance = 1, sa_iterations = 1000, initial_temperature = 3.0, cooling_rate = 0.999
26 - INFO - chord#: 160 done. best_score=27.0, changed=517, unchanged=324, early_stops=8/8
26 - INFO - chord#: 162 In build_straw_man_chord_sa. tolerance = 1, sa_iterations = 1000, initial_temperature = 3.0, cooling_rate = 0.999
26 - INFO - chord#: 150 done. best_score=9.0, changed=470, unchanged=354, early_stops=8/8
26 - INFO - chord#: 152 In build_straw_man_chord_sa. tolerance = 1, sa_iterations = 1000, initial_temperature = 3.0, cooling_rate = 0.999
26 - INFO - chord#: 150 done. best_score=9.0, changed=460, unchanged=361, early_stops=8/8
26 - INFO - chord#: 152 In build_straw_man_chord_sa. tolerance = 1, sa_iterations = 1000, initial_temperature = 3.0, cooling_rate = 0.999
26 - INFO - chord#: 144 done. best_score=74.0, changed=610, unchanged=304, early_stops=8/8
26 - INFO - chord#: 146 In build_straw_man_chord_sa. tolerance = 1, sa_iterations = 1000, initial_temperature = 3.0, cooling_rate = 0.999
26 - INFO - chord#: 147 done. best_score=104.0, changed=613, unchanged=314, early_stops=8/8
26 - INFO - chord#: 148 In build_straw_man_chord_sa. tolerance = 1, sa_iterations = 1000, initial_temperature = 3.0, cooling_rate = 0.999
26 - INFO - chord#: 136 done. best_score=96.0, changed=612, unchanged=380, early_stops=8/8
26 - INFO - chord#: 138 In build_straw_man_chord_sa. tolerance = 1, sa_iterations = 1000, initial_temperature = 3.0, cooling_rate = 0.999
26 - INFO - chord#: 146 done. best_score=36.0, changed=527, unchanged=351, early_stops=8/8
26 - INFO - chord#: 147 In build_straw_man_chord_sa. tolerance = 1, sa_iterations = 1000, initial_temperature = 3.0, cooling_rate = 0.999
26 - INFO - chord#: 152 done. best_score=27.0, changed=524, unchanged=408, early_stops=8/8
26 - INFO - chord#: 156 In build_straw_man_chord_sa. tolerance = 1, sa_iterations = 1000, initial_temperature = 3.0, cooling_rate = 0.999
26 - INFO - chord#: 162 done. best_score=27.0, changed=519, unchanged=432, early_stops=8/8
26 - INFO - chord#: 164 In build_straw_man_chord_sa. tolerance = 1, sa_iterations = 1000, initial_temperature = 3.0, cooling_rate = 0.999
26 - INFO - chord#: 146 done. best_score=27.0, changed=519, unchanged=313, early_stops=8/8
26 - INFO - chord#: 147 In build_straw_man_chord_sa. tolerance = 1, sa_iterations = 1000, initial_temperature = 3.0, cooling_rate = 0.999
26 - INFO - chord#: 148 done. best_score=27.0, changed=527, unchanged=369, early_stops=8/8
26 - INFO - chord#: 150 In build_straw_man_chord_sa. tolerance = 1, sa_iterations = 1000, initial_temperature = 3.0, cooling_rate = 0.999
26 - INFO - chord#: 144 done. best_score=121.0, changed=612, unchanged=331, early_stops=8/8
26 - INFO - chord#: 146 In build_straw_man_chord_sa. tolerance = 1, sa_iterations = 1000, initial_temperature = 3.0, cooling_rate = 0.999
26 - INFO - chord#: 144 done. best_score=74.0, changed=604, unchanged=202, early_stops=8/8
26 - INFO - chord#: 146 In build_straw_man_chord_sa. tolerance = 1, sa_iterations = 1000, initial_temperature = 3.0, cooling_rate = 0.999
26 - INFO - chord#: 152 done. best_score=27.0, changed=526, unchanged=471, early_stops=8/8
26 - INFO - chord#: 156 In build_straw_man_chord_sa. tolerance = 1, sa_iterations = 1000, initial_temperature = 3.0, cooling_rate = 0.999
26 - INFO - chord#: 138 done. best_score=49.0, changed=526, unchanged=316, early_stops=8/8
26 - INFO - chord#: 140 In build_straw_man_chord_sa. tolerance = 1, sa_iterations = 1000, initial_temperature = 3.0, cooling_rate = 0.999
26 - INFO - chord#: 150 done. best_score=9.0, changed=474, unchanged=349, early_stops=8/8
26 - INFO - chord#: 152 In build_straw_man_chord_sa. tolerance = 1, sa_iterations = 1000, initial_temperature = 3.0, cooling_rate = 0.999
26 - INFO - chord#: 156 done. best_score=27.0, changed=530, unchanged=368, early_stops=8/8
26 - INFO - chord#: 160 In build_straw_man_chord_sa. tolerance = 1, sa_iterations = 1000, initial_temperature = 3.0, cooling_rate = 0.999
26 - INFO - chord#: 147 done. best_score=104.0, changed=615, unchanged=346, early_stops=8/8
26 - INFO - chord#: 148 In build_straw_man_chord_sa. tolerance = 1, sa_iterations = 1000, initial_temperature = 3.0, cooling_rate = 0.999
26 - INFO - chord#: 147 done. best_score=71.0, changed=608, unchanged=201, early_stops=8/8
26 - INFO - chord#: 148 In build_straw_man_chord_sa. tolerance = 1, sa_iterations = 1000, initial_temperature = 3.0, cooling_rate = 0.999
26 - INFO - chord#: 164 done. best_score=27.0, changed=527, unchanged=525, early_stops=8/8
26 - INFO - chord#: 166 In build_straw_man_chord_sa. tolerance = 1, sa_iterations = 1000, initial_temperature = 3.0, cooling_rate = 0.999
26 - INFO - chord#: 136 done. best_score=157.0, changed=611, unchanged=270, early_stops=8/8
26 - INFO - chord#: 138 In build_straw_man_chord_sa. tolerance = 1, sa_iterations = 1000, initial_temperature = 3.0, cooling_rate = 0.999
26 - INFO - chord#: 146 done. best_score=27.0, changed=518, unchanged=339, early_stops=8/8
26 - INFO - chord#: 147 In build_straw_man_chord_sa. tolerance = 1, sa_iterations = 1000, initial_temperature = 3.0, cooling_rate = 0.999
26 - INFO - chord#: 160 done. best_score=27.0, changed=517, unchanged=381, early_stops=8/8
26 - INFO - chord#: 140 done. best_score=27.0, changed=514, unchanged=348, early_stops=8/8
26 - INFO - chord#: 162 In build_straw_man_chord_sa. tolerance = 1, sa_iterations = 1000, initial_temperature = 3.0, cooling_rate = 0.999
26 - INFO - chord#: 142 In build_straw_man_chord_sa. tolerance = 1, sa_iterations = 1000, initial_temperature = 3.0, cooling_rate = 0.999
26 - INFO - chord#: 152 done. best_score=27.0, changed=528, unchanged=377, early_stops=8/8
26 - INFO - chord#: 156 In build_straw_man_chord_sa. tolerance = 1, sa_iterations = 1000, initial_temperature = 3.0, cooling_rate = 0.999
26 - INFO - chord#: 156 done. best_score=27.0, changed=526, unchanged=388, early_stops=8/8
26 - INFO - chord#: 160 In build_straw_man_chord_sa. tolerance = 1, sa_iterations = 1000, initial_temperature = 3.0, cooling_rate = 0.999
26 - INFO - chord#: 147 done. best_score=146.0, changed=609, unchanged=261, early_stops=8/8
26 - INFO - chord#: 148 In build_straw_man_chord_sa. tolerance = 1, sa_iterations = 1000, initial_temperature = 3.0, cooling_rate = 0.999
26 - INFO - chord#: 146 done. best_score=27.0, changed=528, unchanged=449, early_stops=8/8
26 - INFO - chord#: 147 In build_straw_man_chord_sa. tolerance = 1, sa_iterations = 1000, initial_temperature = 3.0, cooling_rate = 0.999
26 - INFO - chord#: 148 done. best_score=27.0, changed=529, unchanged=359, early_stops=8/8
26 - INFO - chord#: 150 In build_straw_man_chord_sa. tolerance = 1, sa_iterations = 1000, initial_temperature = 3.0, cooling_rate = 0.999
26 - INFO - chord#: 148 done. best_score=27.0, changed=521, unchanged=326, early_stops=8/8
26 - INFO - chord#: 150 In build_straw_man_chord_sa. tolerance = 1, sa_iterations = 1000, initial_temperature = 3.0, cooling_rate = 0.999
26 - INFO - chord#: 150 done. best_score=9.0, changed=495, unchanged=312, early_stops=8/8
26 - INFO - chord#: 152 In build_straw_man_chord_sa. tolerance = 1, sa_iterations = 1000, initial_temperature = 3.0, cooling_rate = 0.999
26 - INFO - chord#: 150 done. best_score=9.0, changed=493, unchanged=328, early_stops=8/8
26 - INFO - chord#: 152 In build_straw_man_chord_sa. tolerance = 1, sa_iterations = 1000, initial_temperature = 3.0, cooling_rate = 0.999
26 - INFO - chord#: 138 done. best_score=36.0, changed=520, unchanged=433, early_stops=8/8
26 - INFO - chord#: 140 In build_straw_man_chord_sa. tolerance = 1, sa_iterations = 1000, initial_temperature = 3.0, cooling_rate = 0.999
26 - INFO - chord#: 156 done. best_score=27.0, changed=519, unchanged=412, early_stops=8/8
26 - INFO - chord#: 160 In build_straw_man_chord_sa. tolerance = 1, sa_iterations = 1000, initial_temperature = 3.0, cooling_rate = 0.999
26 - INFO - chord#: 162 done. best_score=27.0, changed=520, unchanged=387, early_stops=8/8
26 - INFO - chord#: 164 In build_straw_man_chord_sa. tolerance = 1, sa_iterations = 1000, initial_temperature = 3.0, cooling_rate = 0.999
26 - INFO - chord#: 160 done. best_score=27.0, changed=522, unchanged=409, early_stops=8/8
26 - INFO - chord#: 162 In build_straw_man_chord_sa. tolerance = 1, sa_iterations = 1000, initial_temperature = 3.0, cooling_rate = 0.999
26 - INFO - chord#: 148 done. best_score=61.0, changed=524, unchanged=338, early_stops=8/8
26 - INFO - chord#: 150 In build_straw_man_chord_sa. tolerance = 1, sa_iterations = 1000, initial_temperature = 3.0, cooling_rate = 0.999
26 - INFO - chord#: 142 done. best_score=27.0, changed=523, unchanged=421, early_stops=8/8
26 - INFO - chord#: 144 In build_straw_man_chord_sa. tolerance = 1, sa_iterations = 1000, initial_temperature = 3.0, cooling_rate = 0.999
26 - INFO - chord#: 147 done. best_score=64.0, changed=607, unchanged=241, early_stops=8/8
26 - INFO - chord#: 148 In build_straw_man_chord_sa. tolerance = 1, sa_iterations = 1000, initial_temperature = 3.0, cooling_rate = 0.999
26 - INFO - chord#: 150 done. best_score=9.0, changed=481, unchanged=357, early_stops=8/8
26 - INFO - chord#: 152 In build_straw_man_chord_sa. tolerance = 1, sa_iterations = 1000, initial_temperature = 3.0, cooling_rate = 0.999
26 - INFO - chord#: 160 done. best_score=27.0, changed=521, unchanged=349, early_stops=8/8
26 - INFO - chord#: 162 In build_straw_man_chord_sa. tolerance = 1, sa_iterations = 1000, initial_temperature = 3.0, cooling_rate = 0.999
26 - INFO - chord#: 152 done. best_score=27.0, changed=525, unchanged=342, early_stops=8/8
26 - INFO - chord#: 156 In build_straw_man_chord_sa. tolerance = 1, sa_iterations = 1000, initial_temperature = 3.0, cooling_rate = 0.999
26 - INFO - chord#: 166 done. best_score=67.0, changed=618, unchanged=381, early_stops=8/8
26 - INFO - chord#: 168 In build_straw_man_chord_sa. tolerance = 1, sa_iterations = 1000, initial_temperature = 3.0, cooling_rate = 0.999
26 - INFO - chord#: 152 done. best_score=27.0, changed=518, unchanged=360, early_stops=8/8
26 - INFO - chord#: 156 In build_straw_man_chord_sa. tolerance = 1, sa_iterations = 1000, initial_temperature = 3.0, cooling_rate = 0.999
26 - INFO - chord#: 162 done. best_score=27.0, changed=520, unchanged=320, early_stops=8/8
26 - INFO - chord#: 164 In build_straw_man_chord_sa. tolerance = 1, sa_iterations = 1000, initial_temperature = 3.0, cooling_rate = 0.999
26 - INFO - chord#: 164 done. best_score=27.0, changed=515, unchanged=447, early_stops=8/8
26 - INFO - chord#: 166 In build_straw_man_chord_sa. tolerance = 1, sa_iterations = 1000, initial_temperature = 3.0, cooling_rate = 0.999
26 - INFO - chord#: 140 done. best_score=27.0, changed=527, unchanged=554, early_stops=8/8
26 - INFO - chord#: 142 In build_straw_man_chord_sa. tolerance = 1, sa_iterations = 1000, initial_temperature = 3.0, cooling_rate = 0.999
26 - INFO - chord#: 147 done. best_score=64.0, changed=609, unchanged=398, early_stops=8/8
26 - INFO - chord#: 148 In build_straw_man_chord_sa. tolerance = 1, sa_iterations = 1000, initial_temperature = 3.0, cooling_rate = 0.999
26 - INFO - chord#: 148 done. best_score=27.0, changed=522, unchanged=444, early_stops=8/8
26 - INFO - chord#: 150 In build_straw_man_chord_sa. tolerance = 1, sa_iterations = 1000, initial_temperature = 3.0, cooling_rate = 0.999
26 - INFO - chord#: 152 done. best_score=27.0, changed=524, unchanged=416, early_stops=8/8
26 - INFO - chord#: 156 In build_straw_man_chord_sa. tolerance = 1, sa_iterations = 1000, initial_temperature = 3.0, cooling_rate = 0.999
26 - INFO - chord#: 150 done. best_score=9.0, changed=482, unchanged=355, early_stops=8/8
26 - INFO - chord#: 152 In build_straw_man_chord_sa. tolerance = 1, sa_iterations = 1000, initial_temperature = 3.0, cooling_rate = 0.999
26 - INFO - chord#: 162 done. best_score=27.0, changed=509, unchanged=374, early_stops=8/8
26 - INFO - chord#: 164 In build_straw_man_chord_sa. tolerance = 1, sa_iterations = 1000, initial_temperature = 3.0, cooling_rate = 0.999
26 - INFO - chord#: 156 done. best_score=27.0, changed=530, unchanged=333, early_stops=8/8
26 - INFO - chord#: 160 In build_straw_man_chord_sa. tolerance = 1, sa_iterations = 1000, initial_temperature = 3.0, cooling_rate = 0.999
26 - INFO - chord#: 156 done. best_score=27.0, changed=530, unchanged=375, early_stops=8/8
26 - INFO - chord#: 160 In build_straw_man_chord_sa. tolerance = 1, sa_iterations = 1000, initial_temperature = 3.0, cooling_rate = 0.999
26 - INFO - chord#: 168 done. best_score=27.0, changed=527, unchanged=466, early_stops=8/8
26 - INFO - chord#: 170 In build_straw_man_chord_sa. tolerance = 1, sa_iterations = 1000, initial_temperature = 3.0, cooling_rate = 0.999
26 - INFO - chord#: 164 done. best_score=27.0, changed=525, unchanged=439, early_stops=8/8
26 - INFO - chord#: 166 In build_straw_man_chord_sa. tolerance = 1, sa_iterations = 1000, initial_temperature = 3.0, cooling_rate = 0.999
26 - INFO - chord#: 142 done. best_score=27.0, changed=520, unchanged=329, early_stops=8/8
26 - INFO - chord#: 144 In build_straw_man_chord_sa. tolerance = 1, sa_iterations = 1000, initial_temperature = 3.0, cooling_rate = 0.999
26 - INFO - chord#: 147 done. best_score=64.0, changed=615, unchanged=352, early_stops=8/8
26 - INFO - chord#: 148 In build_straw_man_chord_sa. tolerance = 1, sa_iterations = 1000, initial_temperature = 3.0, cooling_rate = 0.999
26 - INFO - chord#: 148 done. best_score=27.0, changed=526, unchanged=494, early_stops=8/8
26 - INFO - chord#: 150 In build_straw_man_chord_sa. tolerance = 1, sa_iterations = 1000, initial_temperature = 3.0, cooling_rate = 0.999
26 - INFO - chord#: 156 done. best_score=27.0, changed=538, unchanged=398, early_stops=8/8
26 - INFO - chord#: 160 In build_straw_man_chord_sa. tolerance = 1, sa_iterations = 1000, initial_temperature = 3.0, cooling_rate = 0.999
26 - INFO - chord#: 144 done. best_score=74.0, changed=607, unchanged=215, early_stops=8/8
26 - INFO - chord#: 146 In build_straw_man_chord_sa. tolerance = 1, sa_iterations = 1000, initial_temperature = 3.0, cooling_rate = 0.999
26 - INFO - chord#: 164 done. best_score=27.0, changed=514, unchanged=315, early_stops=8/8
26 - INFO - chord#: 166 In build_straw_man_chord_sa. tolerance = 1, sa_iterations = 1000, initial_temperature = 3.0, cooling_rate = 0.999
26 - INFO - chord#: 150 done. best_score=9.0, changed=463, unchanged=357, early_stops=8/8
26 - INFO - chord#: 152 In build_straw_man_chord_sa. tolerance = 1, sa_iterations = 1000, initial_temperature = 3.0, cooling_rate = 0.999
26 - INFO - chord#: 160 done. best_score=27.0, changed=526, unchanged=365, early_stops=8/8
26 - INFO - chord#: 162 In build_straw_man_chord_sa. tolerance = 1, sa_iterations = 1000, initial_temperature = 3.0, cooling_rate = 0.999
26 - INFO - chord#: 152 done. best_score=27.0, changed=518, unchanged=366, early_stops=8/8
26 - INFO - chord#: 156 In build_straw_man_chord_sa. tolerance = 1, sa_iterations = 1000, initial_temperature = 3.0, cooling_rate = 0.999
26 - INFO - chord#: 170 done. best_score=36.0, changed=530, unchanged=376, early_stops=8/8
26 - INFO - chord#: 172 In build_straw_man_chord_sa. tolerance = 1, sa_iterations = 1000, initial_temperature = 3.0, cooling_rate = 0.999
26 - INFO - chord#: 160 done. best_score=27.0, changed=523, unchanged=361, early_stops=8/8
26 - INFO - chord#: 162 In build_straw_man_chord_sa. tolerance = 1, sa_iterations = 1000, initial_temperature = 3.0, cooling_rate = 0.999
26 - INFO - chord#: 160 done. best_score=27.0, changed=528, unchanged=431, early_stops=8/8
26 - INFO - chord#: 162 In build_straw_man_chord_sa. tolerance = 1, sa_iterations = 1000, initial_temperature = 3.0, cooling_rate = 0.999
26 - INFO - chord#: 166 done. best_score=96.0, changed=615, unchanged=399, early_stops=8/8
26 - INFO - chord#: 168 In build_straw_man_chord_sa. tolerance = 1, sa_iterations = 1000, initial_temperature = 3.0, cooling_rate = 0.999
26 - INFO - chord#: 148 done. best_score=27.0, changed=517, unchanged=453, early_stops=8/8
26 - INFO - chord#: 150 In build_straw_man_chord_sa. tolerance = 1, sa_iterations = 1000, initial_temperature = 3.0, cooling_rate = 0.999
26 - INFO - chord#: 152 done. best_score=27.0, changed=521, unchanged=358, early_stops=8/8
26 - INFO - chord#: 156 In build_straw_man_chord_sa. tolerance = 1, sa_iterations = 1000, initial_temperature = 3.0, cooling_rate = 0.999
26 - INFO - chord#: 150 done. best_score=9.0, changed=466, unchanged=358, early_stops=8/8
26 - INFO - chord#: 152 In build_straw_man_chord_sa. tolerance = 1, sa_iterations = 1000, initial_temperature = 3.0, cooling_rate = 0.999
26 - INFO - chord#: 146 done. best_score=27.0, changed=524, unchanged=407, early_stops=8/8
26 - INFO - chord#: 147 In build_straw_man_chord_sa. tolerance = 1, sa_iterations = 1000, initial_temperature = 3.0, cooling_rate = 0.999
26 - INFO - chord#: 172 done. best_score=27.0, changed=519, unchanged=451, early_stops=8/8
26 - INFO - chord#: 174 In build_straw_man_chord_sa. tolerance = 1, sa_iterations = 1000, initial_temperature = 3.0, cooling_rate = 0.999
26 - INFO - chord#: 162 done. best_score=27.0, changed=525, unchanged=404, early_stops=8/8
26 - INFO - chord#: 164 In build_straw_man_chord_sa. tolerance = 1, sa_iterations = 1000, initial_temperature = 3.0, cooling_rate = 0.999
26 - INFO - chord#: 156 done. best_score=27.0, changed=527, unchanged=452, early_stops=8/8
26 - INFO - chord#: 160 In build_straw_man_chord_sa. tolerance = 1, sa_iterations = 1000, initial_temperature = 3.0, cooling_rate = 0.999
26 - INFO - chord#: 166 done. best_score=96.0, changed=611, unchanged=295, early_stops=8/8
26 - INFO - chord#: 168 In build_straw_man_chord_sa. tolerance = 1, sa_iterations = 1000, initial_temperature = 3.0, cooling_rate = 0.999
26 - INFO - chord#: 162 done. best_score=27.0, changed=523, unchanged=430, early_stops=8/8
26 - INFO - chord#: 164 In build_straw_man_chord_sa. tolerance = 1, sa_iterations = 1000, initial_temperature = 3.0, cooling_rate = 0.999
26 - INFO - chord#: 162 done. best_score=27.0, changed=522, unchanged=434, early_stops=8/8
26 - INFO - chord#: 164 In build_straw_man_chord_sa. tolerance = 1, sa_iterations = 1000, initial_temperature = 3.0, cooling_rate = 0.999
26 - INFO - chord#: 168 done. best_score=27.0, changed=528, unchanged=447, early_stops=8/8
26 - INFO - chord#: 170 In build_straw_man_chord_sa. tolerance = 1, sa_iterations = 1000, initial_temperature = 3.0, cooling_rate = 0.999
26 - INFO - chord#: 166 done. best_score=157.0, changed=612, unchanged=298, early_stops=8/8
26 - INFO - chord#: 168 In build_straw_man_chord_sa. tolerance = 1, sa_iterations = 1000, initial_temperature = 3.0, cooling_rate = 0.999
26 - INFO - chord#: 144 done. best_score=121.0, changed=610, unchanged=272, early_stops=8/8
26 - INFO - chord#: 146 In build_straw_man_chord_sa. tolerance = 1, sa_iterations = 1000, initial_temperature = 3.0, cooling_rate = 0.999
26 - INFO - chord#: 152 done. best_score=27.0, changed=530, unchanged=445, early_stops=8/8
26 - INFO - chord#: 156 In build_straw_man_chord_sa. tolerance = 1, sa_iterations = 1000, initial_temperature = 3.0, cooling_rate = 0.999
26 - INFO - chord#: 156 done. best_score=27.0, changed=532, unchanged=420, early_stops=8/8
26 - INFO - chord#: 160 In build_straw_man_chord_sa. tolerance = 1, sa_iterations = 1000, initial_temperature = 3.0, cooling_rate = 0.999
26 - INFO - chord#: 174 done. best_score=27.0, changed=519, unchanged=416, early_stops=8/8
26 - INFO - chord#: 176 In build_straw_man_chord_sa. tolerance = 1, sa_iterations = 1000, initial_temperature = 3.0, cooling_rate = 0.999
26 - INFO - chord#: 168 done. best_score=27.0, changed=518, unchanged=324, early_stops=8/8
26 - INFO - chord#: 170 In build_straw_man_chord_sa. tolerance = 1, sa_iterations = 1000, initial_temperature = 3.0, cooling_rate = 0.999
26 - INFO - chord#: 164 done. best_score=36.0, changed=515, unchanged=344, early_stops=8/8
26 - INFO - chord#: 166 In build_straw_man_chord_sa. tolerance = 1, sa_iterations = 1000, initial_temperature = 3.0, cooling_rate = 0.999
26 - INFO - chord#: 160 done. best_score=27.0, changed=532, unchanged=418, early_stops=8/8
26 - INFO - chord#: 162 In build_straw_man_chord_sa. tolerance = 1, sa_iterations = 1000, initial_temperature = 3.0, cooling_rate = 0.999
26 - INFO - chord#: 164 done. best_score=27.0, changed=526, unchanged=489, early_stops=8/8
26 - INFO - chord#: 166 In build_straw_man_chord_sa. tolerance = 1, sa_iterations = 1000, initial_temperature = 3.0, cooling_rate = 0.999
26 - INFO - chord#: 170 done. best_score=36.0, changed=516, unchanged=352, early_stops=8/8
26 - INFO - chord#: 172 In build_straw_man_chord_sa. tolerance = 1, sa_iterations = 1000, initial_temperature = 3.0, cooling_rate = 0.999
26 - INFO - chord#: 156 done. best_score=27.0, changed=522, unchanged=318, early_stops=8/8
26 - INFO - chord#: 160 In build_straw_man_chord_sa. tolerance = 1, sa_iterations = 1000, initial_temperature = 3.0, cooling_rate = 0.999
26 - INFO - chord#: 164 done. best_score=27.0, changed=520, unchanged=470, early_stops=8/8
26 - INFO - chord#: 166 In build_straw_man_chord_sa. tolerance = 1, sa_iterations = 1000, initial_temperature = 3.0, cooling_rate = 0.999
26 - INFO - chord#: 168 done. best_score=27.0, changed=521, unchanged=472, early_stops=8/8
26 - INFO - chord#: 170 In build_straw_man_chord_sa. tolerance = 1, sa_iterations = 1000, initial_temperature = 3.0, cooling_rate = 0.999
26 - INFO - chord#: 176 done. best_score=27.0, changed=523, unchanged=349, early_stops=8/8
26 - INFO - chord#: 180 In build_straw_man_chord_sa. tolerance = 1, sa_iterations = 1000, initial_temperature = 3.0, cooling_rate = 0.999
26 - INFO - chord#: 160 done. best_score=27.0, changed=518, unchanged=333, early_stops=8/8
26 - INFO - chord#: 162 In build_straw_man_chord_sa. tolerance = 1, sa_iterations = 1000, initial_temperature = 3.0, cooling_rate = 0.999
26 - INFO - chord#: 146 done. best_score=27.0, changed=517, unchanged=467, early_stops=8/8
26 - INFO - chord#: 147 In build_straw_man_chord_sa. tolerance = 1, sa_iterations = 1000, initial_temperature = 3.0, cooling_rate = 0.999
26 - INFO - chord#: 162 done. best_score=27.0, changed=516, unchanged=401, early_stops=8/8
26 - INFO - chord#: 164 In build_straw_man_chord_sa. tolerance = 1, sa_iterations = 1000, initial_temperature = 3.0, cooling_rate = 0.999
26 - INFO - chord#: 172 done. best_score=27.0, changed=526, unchanged=558, early_stops=8/8
26 - INFO - chord#: 174 In build_straw_man_chord_sa. tolerance = 1, sa_iterations = 1000, initial_temperature = 3.0, cooling_rate = 0.999
26 - INFO - chord#: 170 done. best_score=36.0, changed=530, unchanged=493, early_stops=8/8
26 - INFO - chord#: 172 In build_straw_man_chord_sa. tolerance = 1, sa_iterations = 1000, initial_temperature = 3.0, cooling_rate = 0.999
26 - INFO - chord#: 160 done. best_score=27.0, changed=530, unchanged=388, early_stops=8/8
26 - INFO - chord#: 162 In build_straw_man_chord_sa. tolerance = 1, sa_iterations = 1000, initial_temperature = 3.0, cooling_rate = 0.999
26 - INFO - chord#: 170 done. best_score=36.0, changed=515, unchanged=390, early_stops=8/8
26 - INFO - chord#: 172 In build_straw_man_chord_sa. tolerance = 1, sa_iterations = 1000, initial_temperature = 3.0, cooling_rate = 0.999
26 - INFO - chord#: 180 done. best_score=27.0, changed=517, unchanged=398, early_stops=8/8
26 - INFO - chord#: 182 In build_straw_man_chord_sa. tolerance = 1, sa_iterations = 1000, initial_temperature = 3.0, cooling_rate = 0.999
26 - INFO - chord#: 147 done. best_score=104.0, changed=611, unchanged=345, early_stops=8/8
26 - INFO - chord#: 148 In build_straw_man_chord_sa. tolerance = 1, sa_iterations = 1000, initial_temperature = 3.0, cooling_rate = 0.999
26 - INFO - chord#: 162 done. best_score=27.0, changed=516, unchanged=339, early_stops=8/8
26 - INFO - chord#: 164 In build_straw_man_chord_sa. tolerance = 1, sa_iterations = 1000, initial_temperature = 3.0, cooling_rate = 0.999
26 - INFO - chord#: 164 done. best_score=27.0, changed=516, unchanged=449, early_stops=8/8
26 - INFO - chord#: 166 In build_straw_man_chord_sa. tolerance = 1, sa_iterations = 1000, initial_temperature = 3.0, cooling_rate = 0.999
26 - INFO - chord#: 174 done. best_score=27.0, changed=530, unchanged=402, early_stops=8/8
26 - INFO - chord#: 176 In build_straw_man_chord_sa. tolerance = 1, sa_iterations = 1000, initial_temperature = 3.0, cooling_rate = 0.999
26 - INFO - chord#: 162 done. best_score=27.0, changed=519, unchanged=398, early_stops=8/8
26 - INFO - chord#: 164 In build_straw_man_chord_sa. tolerance = 1, sa_iterations = 1000, initial_temperature = 3.0, cooling_rate = 0.999
26 - INFO - chord#: 166 done. best_score=78.0, changed=610, unchanged=250, early_stops=8/8
26 - INFO - chord#: 168 In build_straw_man_chord_sa. tolerance = 1, sa_iterations = 1000, initial_temperature = 3.0, cooling_rate = 0.999
26 - INFO - chord#: 172 done. best_score=27.0, changed=518, unchanged=310, early_stops=8/8
26 - INFO - chord#: 174 In build_straw_man_chord_sa. tolerance = 1, sa_iterations = 1000, initial_temperature = 3.0, cooling_rate = 0.999
26 - INFO - chord#: 182 done. best_score=47.0, changed=513, unchanged=369, early_stops=8/8
26 - INFO - chord#: 183 In build_straw_man_chord_sa. tolerance = 1, sa_iterations = 1000, initial_temperature = 3.0, cooling_rate = 0.999
26 - INFO - chord#: 166 done. best_score=67.0, changed=615, unchanged=431, early_stops=8/8
26 - INFO - chord#: 168 In build_straw_man_chord_sa. tolerance = 1, sa_iterations = 1000, initial_temperature = 3.0, cooling_rate = 0.999
26 - INFO - chord#: 172 done. best_score=27.0, changed=516, unchanged=418, early_stops=8/8
26 - INFO - chord#: 174 In build_straw_man_chord_sa. tolerance = 1, sa_iterations = 1000, initial_temperature = 3.0, cooling_rate = 0.999
26 - INFO - chord#: 148 done. best_score=27.0, changed=517, unchanged=354, early_stops=8/8
26 - INFO - chord#: 150 In build_straw_man_chord_sa. tolerance = 1, sa_iterations = 1000, initial_temperature = 3.0, cooling_rate = 0.999
26 - INFO - chord#: 166 done. best_score=137.0, changed=610, unchanged=281, early_stops=8/8
26 - INFO - chord#: 168 In build_straw_man_chord_sa. tolerance = 1, sa_iterations = 1000, initial_temperature = 3.0, cooling_rate = 0.999
26 - INFO - chord#: 164 done. best_score=27.0, changed=517, unchanged=389, early_stops=8/8
26 - INFO - chord#: 166 In build_straw_man_chord_sa. tolerance = 1, sa_iterations = 1000, initial_temperature = 3.0, cooling_rate = 0.999
26 - INFO - chord#: 176 done. best_score=27.0, changed=522, unchanged=408, early_stops=8/8
26 - INFO - chord#: 180 In build_straw_man_chord_sa. tolerance = 1, sa_iterations = 1000, initial_temperature = 3.0, cooling_rate = 0.999
26 - INFO - chord#: 150 done. best_score=9.0, changed=475, unchanged=339, early_stops=8/8
26 - INFO - chord#: 152 In build_straw_man_chord_sa. tolerance = 1, sa_iterations = 1000, initial_temperature = 3.0, cooling_rate = 0.999
26 - INFO - chord#: 164 done. best_score=27.0, changed=521, unchanged=400, early_stops=8/8
26 - INFO - chord#: 166 In build_straw_man_chord_sa. tolerance = 1, sa_iterations = 1000, initial_temperature = 3.0, cooling_rate = 0.999
26 - INFO - chord#: 147 done. best_score=64.0, changed=610, unchanged=225, early_stops=8/8
26 - INFO - chord#: 148 In build_straw_man_chord_sa. tolerance = 1, sa_iterations = 1000, initial_temperature = 3.0, cooling_rate = 0.999
26 - INFO - chord#: 168 done. best_score=27.0, changed=524, unchanged=423, early_stops=8/8
26 - INFO - chord#: 170 In build_straw_man_chord_sa. tolerance = 1, sa_iterations = 1000, initial_temperature = 3.0, cooling_rate = 0.999
26 - INFO - chord#: 174 done. best_score=27.0, changed=524, unchanged=329, early_stops=8/8
26 - INFO - chord#: 176 In build_straw_man_chord_sa. tolerance = 1, sa_iterations = 1000, initial_temperature = 3.0, cooling_rate = 0.999
26 - INFO - chord#: 174 done. best_score=27.0, changed=519, unchanged=366, early_stops=8/8
26 - INFO - chord#: 176 In build_straw_man_chord_sa. tolerance = 1, sa_iterations = 1000, initial_temperature = 3.0, cooling_rate = 0.999
26 - INFO - chord#: 168 done. best_score=27.0, changed=523, unchanged=368, early_stops=8/8
26 - INFO - chord#: 170 In build_straw_man_chord_sa. tolerance = 1, sa_iterations = 1000, initial_temperature = 3.0, cooling_rate = 0.999
26 - INFO - chord#: 180 done. best_score=27.0, changed=518, unchanged=394, early_stops=8/8
26 - INFO - chord#: 182 In build_straw_man_chord_sa. tolerance = 1, sa_iterations = 1000, initial_temperature = 3.0, cooling_rate = 0.999
26 - INFO - chord#: 168 done. best_score=27.0, changed=525, unchanged=357, early_stops=8/8
26 - INFO - chord#: 170 In build_straw_man_chord_sa. tolerance = 1, sa_iterations = 1000, initial_temperature = 3.0, cooling_rate = 0.999
26 - INFO - chord#: 152 done. best_score=27.0, changed=521, unchanged=375, early_stops=8/8
26 - INFO - chord#: 176 done. best_score=27.0, changed=518, unchanged=313, early_stops=8/8
26 - INFO - chord#: 180 In build_straw_man_chord_sa. tolerance = 1, sa_iterations = 1000, initial_temperature = 3.0, cooling_rate = 0.999
26 - INFO - chord#: 156 In build_straw_man_chord_sa. tolerance = 1, sa_iterations = 1000, initial_temperature = 3.0, cooling_rate = 0.999
26 - INFO - chord#: 148 done. best_score=27.0, changed=532, unchanged=376, early_stops=8/8
26 - INFO - chord#: 150 In build_straw_man_chord_sa. tolerance = 1, sa_iterations = 1000, initial_temperature = 3.0, cooling_rate = 0.999
26 - INFO - chord#: 166 done. best_score=96.0, changed=614, unchanged=413, early_stops=8/8
26 - INFO - chord#: 168 In build_straw_man_chord_sa. tolerance = 1, sa_iterations = 1000, initial_temperature = 3.0, cooling_rate = 0.999
26 - INFO - chord#: 170 done. best_score=36.0, changed=520, unchanged=370, early_stops=8/8
26 - INFO - chord#: 172 In build_straw_man_chord_sa. tolerance = 1, sa_iterations = 1000, initial_temperature = 3.0, cooling_rate = 0.999
26 - INFO - chord#: 183 done. best_score=93.0, changed=606, unchanged=250, early_stops=8/8
26 - INFO - chord#: 184 In build_straw_man_chord_sa. tolerance = 1, sa_iterations = 1000, initial_temperature = 3.0, cooling_rate = 0.999
26 - INFO - chord#: 150 done. best_score=9.0, changed=494, unchanged=340, early_stops=8/8
26 - INFO - chord#: 152 In build_straw_man_chord_sa. tolerance = 1, sa_iterations = 1000, initial_temperature = 3.0, cooling_rate = 0.999
26 - INFO - chord#: 170 done. best_score=36.0, changed=521, unchanged=446, early_stops=8/8
26 - INFO - chord#: 172 In build_straw_man_chord_sa. tolerance = 1, sa_iterations = 1000, initial_temperature = 3.0, cooling_rate = 0.999
26 - INFO - chord#: 176 done. best_score=27.0, changed=528, unchanged=506, early_stops=8/8
26 - INFO - chord#: 180 In build_straw_man_chord_sa. tolerance = 1, sa_iterations = 1000, initial_temperature = 3.0, cooling_rate = 0.999
26 - INFO - chord#: 182 done. best_score=47.0, changed=512, unchanged=369, early_stops=8/8
26 - INFO - chord#: 183 In build_straw_man_chord_sa. tolerance = 1, sa_iterations = 1000, initial_temperature = 3.0, cooling_rate = 0.999
26 - INFO - chord#: 166 done. best_score=96.0, changed=611, unchanged=234, early_stops=8/8
26 - INFO - chord#: 168 In build_straw_man_chord_sa. tolerance = 1, sa_iterations = 1000, initial_temperature = 3.0, cooling_rate = 0.999
26 - INFO - chord#: 156 done. best_score=27.0, changed=514, unchanged=298, early_stops=8/8
26 - INFO - chord#: 160 In build_straw_man_chord_sa. tolerance = 1, sa_iterations = 1000, initial_temperature = 3.0, cooling_rate = 0.999
26 - INFO - chord#: 180 done. best_score=27.0, changed=521, unchanged=409, early_stops=8/8
26 - INFO - chord#: 182 In build_straw_man_chord_sa. tolerance = 1, sa_iterations = 1000, initial_temperature = 3.0, cooling_rate = 0.999
26 - INFO - chord#: 170 done. best_score=36.0, changed=529, unchanged=462, early_stops=8/8
26 - INFO - chord#: 172 In build_straw_man_chord_sa. tolerance = 1, sa_iterations = 1000, initial_temperature = 3.0, cooling_rate = 0.999
26 - INFO - chord#: 172 done. best_score=27.0, changed=526, unchanged=440, early_stops=8/8
26 - INFO - chord#: 174 In build_straw_man_chord_sa. tolerance = 1, sa_iterations = 1000, initial_temperature = 3.0, cooling_rate = 0.999
26 - INFO - chord#: 168 done. best_score=27.0, changed=526, unchanged=469, early_stops=8/8
26 - INFO - chord#: 170 In build_straw_man_chord_sa. tolerance = 1, sa_iterations = 1000, initial_temperature = 3.0, cooling_rate = 0.999
26 - INFO - chord#: 184 done. best_score=27.0, changed=518, unchanged=317, early_stops=8/8
26 - INFO - chord#: 166 done. best_score=145.0, changed=615, unchanged=368, early_stops=8/8
26 - INFO - chord#: 168 In build_straw_man_chord_sa. tolerance = 1, sa_iterations = 1000, initial_temperature = 3.0, cooling_rate = 0.999
26 - INFO - chord#: 152 done. best_score=27.0, changed=531, unchanged=399, early_stops=8/8
26 - INFO - chord#: 156 In build_straw_man_chord_sa. tolerance = 1, sa_iterations = 1000, initial_temperature = 3.0, cooling_rate = 0.999
26 - INFO - chord#: 168 done. best_score=27.0, changed=520, unchanged=413, early_stops=8/8
26 - INFO - chord#: 170 In build_straw_man_chord_sa. tolerance = 1, sa_iterations = 1000, initial_temperature = 3.0, cooling_rate = 0.999
26 - INFO - chord#: 180 done. best_score=27.0, changed=528, unchanged=519, early_stops=8/8
26 - INFO - chord#: 182 In build_straw_man_chord_sa. tolerance = 1, sa_iterations = 1000, initial_temperature = 3.0, cooling_rate = 0.999
26 - INFO - chord#: 172 done. best_score=27.0, changed=517, unchanged=368, early_stops=8/8
26 - INFO - chord#: 174 In build_straw_man_chord_sa. tolerance = 1, sa_iterations = 1000, initial_temperature = 3.0, cooling_rate = 0.999
26 - INFO - chord#: 182 done. best_score=47.0, changed=513, unchanged=307, early_stops=8/8
26 - INFO - chord#: 183 In build_straw_man_chord_sa. tolerance = 1, sa_iterations = 1000, initial_temperature = 3.0, cooling_rate = 0.999
26 - INFO - chord#: 160 done. best_score=27.0, changed=521, unchanged=356, early_stops=8/8
26 - INFO - chord#: 162 In build_straw_man_chord_sa. tolerance = 1, sa_iterations = 1000, initial_temperature = 3.0, cooling_rate = 0.999
26 - INFO - chord#: 174 done. best_score=27.0, changed=519, unchanged=358, early_stops=8/8
26 - INFO - chord#: 176 In build_straw_man_chord_sa. tolerance = 1, sa_iterations = 1000, initial_temperature = 3.0, cooling_rate = 0.999
26 - INFO - chord#: 156 done. best_score=27.0, changed=529, unchanged=378, early_stops=8/8
26 - INFO - chord#: 160 In build_straw_man_chord_sa. tolerance = 1, sa_iterations = 1000, initial_temperature = 3.0, cooling_rate = 0.999
26 - INFO - chord#: 172 done. best_score=36.0, changed=522, unchanged=468, early_stops=8/8
26 - INFO - chord#: 174 In build_straw_man_chord_sa. tolerance = 1, sa_iterations = 1000, initial_temperature = 3.0, cooling_rate = 0.999
26 - INFO - chord#: 168 done. best_score=27.0, changed=513, unchanged=365, early_stops=8/8
26 - INFO - chord#: 170 In build_straw_man_chord_sa. tolerance = 1, sa_iterations = 1000, initial_temperature = 3.0, cooling_rate = 0.999
26 - INFO - chord#: 170 done. best_score=36.0, changed=529, unchanged=471, early_stops=8/8
26 - INFO - chord#: 172 In build_straw_man_chord_sa. tolerance = 1, sa_iterations = 1000, initial_temperature = 3.0, cooling_rate = 0.999
26 - INFO - chord#: 170 done. best_score=36.0, changed=529, unchanged=358, early_stops=8/8
26 - INFO - chord#: 172 In build_straw_man_chord_sa. tolerance = 1, sa_iterations = 1000, initial_temperature = 3.0, cooling_rate = 0.999
26 - INFO - chord#: 174 done. best_score=27.0, changed=515, unchanged=400, early_stops=8/8
26 - INFO - chord#: 176 In build_straw_man_chord_sa. tolerance = 1, sa_iterations = 1000, initial_temperature = 3.0, cooling_rate = 0.999
26 - INFO - chord#: 183 done. best_score=93.0, changed=612, unchanged=299, early_stops=8/8
26 - INFO - chord#: 184 In build_straw_man_chord_sa. tolerance = 1, sa_iterations = 1000, initial_temperature = 3.0, cooling_rate = 0.999
26 - INFO - chord#: 182 done. best_score=47.0, changed=516, unchanged=394, early_stops=8/8
26 - INFO - chord#: 183 In build_straw_man_chord_sa. tolerance = 1, sa_iterations = 1000, initial_temperature = 3.0, cooling_rate = 0.999
26 - INFO - chord#: 176 done. best_score=27.0, changed=516, unchanged=334, early_stops=8/8
26 - INFO - chord#: 180 In build_straw_man_chord_sa. tolerance = 1, sa_iterations = 1000, initial_temperature = 3.0, cooling_rate = 0.999
26 - INFO - chord#: 162 done. best_score=27.0, changed=533, unchanged=477, early_stops=8/8
26 - INFO - chord#: 164 In build_straw_man_chord_sa. tolerance = 1, sa_iterations = 1000, initial_temperature = 3.0, cooling_rate = 0.999
26 - INFO - chord#: 160 done. best_score=27.0, changed=519, unchanged=352, early_stops=8/8
26 - INFO - chord#: 162 In build_straw_man_chord_sa. tolerance = 1, sa_iterations = 1000, initial_temperature = 3.0, cooling_rate = 0.999
26 - INFO - chord#: 184 done. best_score=27.0, changed=528, unchanged=476, early_stops=8/8
26 - INFO - chord#: 176 done. best_score=27.0, changed=527, unchanged=405, early_stops=8/8
26 - INFO - chord#: 172 done. best_score=27.0, changed=517, unchanged=427, early_stops=8/8
26 - INFO - chord#: 180 In build_straw_man_chord_sa. tolerance = 1, sa_iterations = 1000, initial_temperature = 3.0, cooling_rate = 0.999
26 - INFO - chord#: 174 In build_straw_man_chord_sa. tolerance = 1, sa_iterations = 1000, initial_temperature = 3.0, cooling_rate = 0.999
26 - INFO - chord#: 174 done. best_score=27.0, changed=533, unchanged=479, early_stops=8/8
26 - INFO - chord#: 176 In build_straw_man_chord_sa. tolerance = 1, sa_iterations = 1000, initial_temperature = 3.0, cooling_rate = 0.999
26 - INFO - chord#: 172 done. best_score=27.0, changed=520, unchanged=320, early_stops=8/8
26 - INFO - chord#: 174 In build_straw_man_chord_sa. tolerance = 1, sa_iterations = 1000, initial_temperature = 3.0, cooling_rate = 0.999
26 - INFO - chord#: 170 done. best_score=36.0, changed=515, unchanged=392, early_stops=8/8
26 - INFO - chord#: 172 In build_straw_man_chord_sa. tolerance = 1, sa_iterations = 1000, initial_temperature = 3.0, cooling_rate = 0.999
26 - INFO - chord#: 180 done. best_score=27.0, changed=517, unchanged=454, early_stops=8/8
26 - INFO - chord#: 182 In build_straw_man_chord_sa. tolerance = 1, sa_iterations = 1000, initial_temperature = 3.0, cooling_rate = 0.999
26 - INFO - chord#: 183 done. best_score=111.0, changed=611, unchanged=286, early_stops=8/8
26 - INFO - chord#: 184 In build_straw_man_chord_sa. tolerance = 1, sa_iterations = 1000, initial_temperature = 3.0, cooling_rate = 0.999
26 - INFO - chord#: 162 done. best_score=27.0, changed=520, unchanged=434, early_stops=8/8
26 - INFO - chord#: 164 In build_straw_man_chord_sa. tolerance = 1, sa_iterations = 1000, initial_temperature = 3.0, cooling_rate = 0.999
26 - INFO - chord#: 164 done. best_score=27.0, changed=519, unchanged=422, early_stops=8/8
26 - INFO - chord#: 166 In build_straw_man_chord_sa. tolerance = 1, sa_iterations = 1000, initial_temperature = 3.0, cooling_rate = 0.999
26 - INFO - chord#: 174 done. best_score=27.0, changed=523, unchanged=402, early_stops=8/8
26 - INFO - chord#: 176 In build_straw_man_chord_sa. tolerance = 1, sa_iterations = 1000, initial_temperature = 3.0, cooling_rate = 0.999
26 - INFO - chord#: 180 done. best_score=27.0, changed=524, unchanged=570, early_stops=8/8
26 - INFO - chord#: 182 In build_straw_man_chord_sa. tolerance = 1, sa_iterations = 1000, initial_temperature = 3.0, cooling_rate = 0.999
26 - INFO - chord#: 172 done. best_score=27.0, changed=521, unchanged=406, early_stops=8/8
26 - INFO - chord#: 174 In build_straw_man_chord_sa. tolerance = 1, sa_iterations = 1000, initial_temperature = 3.0, cooling_rate = 0.999
26 - INFO - chord#: 174 done. best_score=27.0, changed=525, unchanged=367, early_stops=8/8
26 - INFO - chord#: 176 In build_straw_man_chord_sa. tolerance = 1, sa_iterations = 1000, initial_temperature = 3.0, cooling_rate = 0.999
26 - INFO - chord#: 182 done. best_score=47.0, changed=525, unchanged=372, early_stops=8/8
26 - INFO - chord#: 183 In build_straw_man_chord_sa. tolerance = 1, sa_iterations = 1000, initial_temperature = 3.0, cooling_rate = 0.999
26 - INFO - chord#: 184 done. best_score=27.0, changed=523, unchanged=423, early_stops=8/8
26 - INFO - chord#: 176 done. best_score=27.0, changed=530, unchanged=408, early_stops=8/8
26 - INFO - chord#: 180 In build_straw_man_chord_sa. tolerance = 1, sa_iterations = 1000, initial_temperature = 3.0, cooling_rate = 0.999
26 - INFO - chord#: 164 done. best_score=27.0, changed=520, unchanged=386, early_stops=8/8
26 - INFO - chord#: 166 In build_straw_man_chord_sa. tolerance = 1, sa_iterations = 1000, initial_temperature = 3.0, cooling_rate = 0.999
26 - INFO - chord#: 176 done. best_score=27.0, changed=525, unchanged=410, early_stops=8/8
26 - INFO - chord#: 180 In build_straw_man_chord_sa. tolerance = 1, sa_iterations = 1000, initial_temperature = 3.0, cooling_rate = 0.999
26 - INFO - chord#: 183 done. best_score=105.0, changed=611, unchanged=318, early_stops=8/8
26 - INFO - chord#: 184 In build_straw_man_chord_sa. tolerance = 1, sa_iterations = 1000, initial_temperature = 3.0, cooling_rate = 0.999
26 - INFO - chord#: 174 done. best_score=27.0, changed=515, unchanged=357, early_stops=8/8
26 - INFO - chord#: 176 In build_straw_man_chord_sa. tolerance = 1, sa_iterations = 1000, initial_temperature = 3.0, cooling_rate = 0.999
26 - INFO - chord#: 182 done. best_score=47.0, changed=524, unchanged=509, early_stops=8/8
26 - INFO - chord#: 183 In build_straw_man_chord_sa. tolerance = 1, sa_iterations = 1000, initial_temperature = 3.0, cooling_rate = 0.999
26 - INFO - chord#: 176 done. best_score=27.0, changed=522, unchanged=374, early_stops=8/8
26 - INFO - chord#: 180 In build_straw_man_chord_sa. tolerance = 1, sa_iterations = 1000, initial_temperature = 3.0, cooling_rate = 0.999
26 - INFO - chord#: 180 done. best_score=27.0, changed=527, unchanged=404, early_stops=8/8
26 - INFO - chord#: 182 In build_straw_man_chord_sa. tolerance = 1, sa_iterations = 1000, initial_temperature = 3.0, cooling_rate = 0.999
26 - INFO - chord#: 180 done. best_score=27.0, changed=520, unchanged=383, early_stops=8/8
26 - INFO - chord#: 182 In build_straw_man_chord_sa. tolerance = 1, sa_iterations = 1000, initial_temperature = 3.0, cooling_rate = 0.999
26 - INFO - chord#: 184 done. best_score=57.0, changed=529, unchanged=487, early_stops=8/8
26 - INFO - chord#: 176 done. best_score=27.0, changed=514, unchanged=399, early_stops=8/8
26 - INFO - chord#: 180 In build_straw_man_chord_sa. tolerance = 1, sa_iterations = 1000, initial_temperature = 3.0, cooling_rate = 0.999
26 - INFO - chord#: 166 done. best_score=67.0, changed=616, unchanged=289, early_stops=8/8
26 - INFO - chord#: 168 In build_straw_man_chord_sa. tolerance = 1, sa_iterations = 1000, initial_temperature = 3.0, cooling_rate = 0.999
26 - INFO - chord#: 180 done. best_score=27.0, changed=525, unchanged=450, early_stops=8/8
26 - INFO - chord#: 182 In build_straw_man_chord_sa. tolerance = 1, sa_iterations = 1000, initial_temperature = 3.0, cooling_rate = 0.999
26 - INFO - chord#: 182 done. best_score=47.0, changed=536, unchanged=562, early_stops=8/8
26 - INFO - chord#: 183 done. best_score=111.0, changed=617, unchanged=347, early_stops=8/8
26 - INFO - chord#: 183 In build_straw_man_chord_sa. tolerance = 1, sa_iterations = 1000, initial_temperature = 3.0, cooling_rate = 0.999
26 - INFO - chord#: 184 In build_straw_man_chord_sa. tolerance = 1, sa_iterations = 1000, initial_temperature = 3.0, cooling_rate = 0.999
26 - INFO - chord#: 182 done. best_score=47.0, changed=518, unchanged=368, early_stops=8/8
26 - INFO - chord#: 183 In build_straw_man_chord_sa. tolerance = 1, sa_iterations = 1000, initial_temperature = 3.0, cooling_rate = 0.999
26 - INFO - chord#: 166 done. best_score=96.0, changed=609, unchanged=317, early_stops=8/8
26 - INFO - chord#: 168 In build_straw_man_chord_sa. tolerance = 1, sa_iterations = 1000, initial_temperature = 3.0, cooling_rate = 0.999
26 - INFO - chord#: 180 done. best_score=27.0, changed=532, unchanged=393, early_stops=8/8
26 - INFO - chord#: 182 In build_straw_man_chord_sa. tolerance = 1, sa_iterations = 1000, initial_temperature = 3.0, cooling_rate = 0.999
26 - INFO - chord#: 184 done. best_score=27.0, changed=521, unchanged=349, early_stops=8/8
26 - INFO - chord#: 182 done. best_score=47.0, changed=538, unchanged=435, early_stops=8/8
26 - INFO - chord#: 183 In build_straw_man_chord_sa. tolerance = 1, sa_iterations = 1000, initial_temperature = 3.0, cooling_rate = 0.999
26 - INFO - chord#: 168 done. best_score=27.0, changed=527, unchanged=364, early_stops=8/8
26 - INFO - chord#: 170 In build_straw_man_chord_sa. tolerance = 1, sa_iterations = 1000, initial_temperature = 3.0, cooling_rate = 0.999
26 - INFO - chord#: 168 done. best_score=27.0, changed=516, unchanged=437, early_stops=8/8
26 - INFO - chord#: 170 In build_straw_man_chord_sa. tolerance = 1, sa_iterations = 1000, initial_temperature = 3.0, cooling_rate = 0.999
26 - INFO - chord#: 182 done. best_score=47.0, changed=523, unchanged=451, early_stops=8/8
26 - INFO - chord#: 183 In build_straw_man_chord_sa. tolerance = 1, sa_iterations = 1000, initial_temperature = 3.0, cooling_rate = 0.999
26 - INFO - chord#: 183 done. best_score=115.0, changed=612, unchanged=404, early_stops=8/8
26 - INFO - chord#: 184 In build_straw_man_chord_sa. tolerance = 1, sa_iterations = 1000, initial_temperature = 3.0, cooling_rate = 0.999
26 - INFO - chord#: 170 done. best_score=36.0, changed=523, unchanged=367, early_stops=8/8
26 - INFO - chord#: 172 In build_straw_man_chord_sa. tolerance = 1, sa_iterations = 1000, initial_temperature = 3.0, cooling_rate = 0.999
26 - INFO - chord#: 183 done. best_score=134.0, changed=608, unchanged=274, early_stops=8/8
26 - INFO - chord#: 184 In build_straw_man_chord_sa. tolerance = 1, sa_iterations = 1000, initial_temperature = 3.0, cooling_rate = 0.999
26 - INFO - chord#: 183 done. best_score=111.0, changed=620, unchanged=266, early_stops=8/8
26 - INFO - chord#: 184 In build_straw_man_chord_sa. tolerance = 1, sa_iterations = 1000, initial_temperature = 3.0, cooling_rate = 0.999
26 - INFO - chord#: 184 done. best_score=27.0, changed=524, unchanged=342, early_stops=8/8
26 - INFO - chord#: 170 done. best_score=36.0, changed=522, unchanged=405, early_stops=8/8
26 - INFO - chord#: 172 In build_straw_man_chord_sa. tolerance = 1, sa_iterations = 1000, initial_temperature = 3.0, cooling_rate = 0.999
26 - INFO - chord#: 184 done. best_score=27.0, changed=518, unchanged=341, early_stops=8/8
26 - INFO - chord#: 184 done. best_score=27.0, changed=525, unchanged=389, early_stops=8/8
26 - INFO - chord#: 172 done. best_score=27.0, changed=522, unchanged=510, early_stops=8/8
26 - INFO - chord#: 174 In build_straw_man_chord_sa. tolerance = 1, sa_iterations = 1000, initial_temperature = 3.0, cooling_rate = 0.999
26 - INFO - chord#: 183 done. best_score=172.0, changed=608, unchanged=300, early_stops=8/8
26 - INFO - chord#: 184 In build_straw_man_chord_sa. tolerance = 1, sa_iterations = 1000, initial_temperature = 3.0, cooling_rate = 0.999
26 - INFO - chord#: 172 done. best_score=27.0, changed=517, unchanged=422, early_stops=8/8
26 - INFO - chord#: 174 In build_straw_man_chord_sa. tolerance = 1, sa_iterations = 1000, initial_temperature = 3.0, cooling_rate = 0.999
26 - INFO - chord#: 183 done. best_score=111.0, changed=615, unchanged=345, early_stops=8/8
26 - INFO - chord#: 184 In build_straw_man_chord_sa. tolerance = 1, sa_iterations = 1000, initial_temperature = 3.0, cooling_rate = 0.999
26 - INFO - chord#: 174 done. best_score=27.0, changed=524, unchanged=385, early_stops=8/8
26 - INFO - chord#: 176 In build_straw_man_chord_sa. tolerance = 1, sa_iterations = 1000, initial_temperature = 3.0, cooling_rate = 0.999
26 - INFO - chord#: 184 done. best_score=27.0, changed=522, unchanged=374, early_stops=8/8
26 - INFO - chord#: 174 done. best_score=27.0, changed=517, unchanged=346, early_stops=8/8
26 - INFO - chord#: 176 In build_straw_man_chord_sa. tolerance = 1, sa_iterations = 1000, initial_temperature = 3.0, cooling_rate = 0.999
26 - INFO - chord#: 184 done. best_score=27.0, changed=528, unchanged=432, early_stops=8/8
26 - INFO - chord#: 176 done. best_score=27.0, changed=520, unchanged=367, early_stops=8/8
26 - INFO - chord#: 180 In build_straw_man_chord_sa. tolerance = 1, sa_iterations = 1000, initial_temperature = 3.0, cooling_rate = 0.999
26 - INFO - chord#: 176 done. best_score=27.0, changed=535, unchanged=454, early_stops=8/8
26 - INFO - chord#: 180 In build_straw_man_chord_sa. tolerance = 1, sa_iterations = 1000, initial_temperature = 3.0, cooling_rate = 0.999
26 - INFO - chord#: 180 done. best_score=27.0, changed=519, unchanged=354, early_stops=8/8
26 - INFO - chord#: 182 In build_straw_man_chord_sa. tolerance = 1, sa_iterations = 1000, initial_temperature = 3.0, cooling_rate = 0.999
26 - INFO - chord#: 180 done. best_score=27.0, changed=521, unchanged=471, early_stops=8/8
26 - INFO - chord#: 182 In build_straw_man_chord_sa. tolerance = 1, sa_iterations = 1000, initial_temperature = 3.0, cooling_rate = 0.999
26 - INFO - chord#: 182 done. best_score=47.0, changed=521, unchanged=410, early_stops=8/8
26 - INFO - chord#: 183 In build_straw_man_chord_sa. tolerance = 1, sa_iterations = 1000, initial_temperature = 3.0, cooling_rate = 0.999
26 - INFO - chord#: 182 done. best_score=47.0, changed=530, unchanged=530, early_stops=8/8
26 - INFO - chord#: 183 In build_straw_man_chord_sa. tolerance = 1, sa_iterations = 1000, initial_temperature = 3.0, cooling_rate = 0.999
26 - INFO - chord#: 183 done. best_score=121.0, changed=611, unchanged=400, early_stops=8/8
26 - INFO - chord#: 184 In build_straw_man_chord_sa. tolerance = 1, sa_iterations = 1000, initial_temperature = 3.0, cooling_rate = 0.999
26 - INFO - chord#: 183 done. best_score=113.0, changed=616, unchanged=324, early_stops=8/8
26 - INFO - chord#: 184 In build_straw_man_chord_sa. tolerance = 1, sa_iterations = 1000, initial_temperature = 3.0, cooling_rate = 0.999
26 - INFO - chord#: 184 done. best_score=27.0, changed=521, unchanged=502, early_stops=8/8
26 - INFO - chord#: 184 done. best_score=27.0, changed=517, unchanged=321, early_stops=8/8
26 - INFO - save_midi_file = False, 
26 - INFO - version = 'bwv264', chorale.shape = (4, 148), root = 7, keys[root] = 'G♮', mode = 'major', time_sig = '4/4'
26 - INFO - In load_chorale_in_cents. About to load top_notes from file_name = '/home/prent/Repos/One-footed-bride-tuning/Archive/straw-man/t1_r1.50_s0_md33_sn0/bwv264top-notes.npy'
26 - INFO - Loaded top_notes from /home/prent/Repos/One-footed-bride-tuning/Archive/straw-man/t1_r1.50_s0_md33_sn0/bwv264top-notes.npy, re-ordered by chorale frequency
26 - INFO - chorale_in_cents.shape = (4, 148), chorale.shape = (4, 148)
26 - INFO - cent value based on top_notes
26 - INFO - Chord 0: [ 200 1100  700  700]
26 - INFO - Chord 1: [ 200 1100  700  700]
26 - INFO - Chord 2: [ 200 1100  700  700]
26 - INFO - Chord 3: [ 200 1100  700  700]
26 - INFO - Chord 4: [ 700  400 1100  400]
26 - INFO - Chord 5: [ 700  400 1100  400]
26 - INFO - Chord 6: [ 700  700 1100  400]
26 - INFO - Chord 7: [ 700  700 1100  400]
26 - INFO - Chord 8: [900 700 200 200]
26 - INFO - Chord 9: [900 700 200 200]
26 - INFO - cent_value_chorale.shape = (4, 148), chorale.shape = (4, 148), G♮ major
26 - INFO - cent value based on 12 TET
26 - INFO - Chord 0: [ 200 1100  700  700]
26 - INFO - Chord 1: [ 200 1100  700  700]
26 - INFO - Chord 2: [ 200 1100  700  700]
26 - INFO - Chord 3: [ 200 1100  700  700]
26 - INFO - Chord 4: [ 700  400 1100  400]
26 - INFO - Chord 5: [ 700  400 1100  400]
26 - INFO - Chord 6: [ 700  700 1100  400]
26 - INFO - Chord 7: [ 700  700 1100  400]
26 - INFO - Chord 8: [900 700 200 200]
26 - INFO - Chord 9: [900 700 200 200]
26 - INFO - cent_value_chorale.shape = (4, 148), chorale.shape = (4, 148), G♮ major
26 - INFO - Current top_notes:
26 - INFO -    0    1    2    3    4    5    6    7    8    9   10   11
26 - INFO -   G♮   D♮   B♮   A♮   F♯   C♮   E♮   D♯   C♯   F♮   G♯   A♯
26 - INFO -    7    2   11    9    6    0    4    3    1    5    8   10
26 - INFO -  700  200 1100  900  600    0  400  300  100  500  800 1000
26 - INFO - chord#: 0 In build_straw_man_chord_sa. tolerance = 1, sa_iterations = 1000, initial_temperature = 3.0, cooling_rate = 0.999
26 - INFO - chord#: 0 In build_straw_man_chord_sa. tolerance = 1, sa_iterations = 1000, initial_temperature = 3.0, cooling_rate = 0.999
26 - INFO - chord#: 0 In build_straw_man_chord_sa. tolerance = 1, sa_iterations = 1000, initial_temperature = 3.0, cooling_rate = 0.999
26 - INFO - chord#: 0 In build_straw_man_chord_sa. tolerance = 1, sa_iterations = 1000, initial_temperature = 3.0, cooling_rate = 0.999
26 - INFO - chord#: 0 In build_straw_man_chord_sa. tolerance = 1, sa_iterations = 1000, initial_temperature = 3.0, cooling_rate = 0.999
26 - INFO - chord#: 0 In build_straw_man_chord_sa. tolerance = 1, sa_iterations = 1000, initial_temperature = 3.0, cooling_rate = 0.999
26 - INFO - chord#: 0 In build_straw_man_chord_sa. tolerance = 1, sa_iterations = 1000, initial_temperature = 3.0, cooling_rate = 0.999
26 - INFO - chord#: 0 In build_straw_man_chord_sa. tolerance = 1, sa_iterations = 1000, initial_temperature = 3.0, cooling_rate = 0.999
26 - INFO - chord#: 0 In build_straw_man_chord_sa. tolerance = 1, sa_iterations = 1000, initial_temperature = 3.0, cooling_rate = 0.999
26 - INFO - chord#: 0 In build_straw_man_chord_sa. tolerance = 1, sa_iterations = 1000, initial_temperature = 3.0, cooling_rate = 0.999
26 - INFO - chord#: 0 In build_straw_man_chord_sa. tolerance = 1, sa_iterations = 1000, initial_temperature = 3.0, cooling_rate = 0.999
26 - INFO - chord#: 0 In build_straw_man_chord_sa. tolerance = 1, sa_iterations = 1000, initial_temperature = 3.0, cooling_rate = 0.999
26 - INFO - chord#: 0 done. best_score=27.0, changed=519, unchanged=338, early_stops=8/8
26 - INFO - chord#: 4 In build_straw_man_chord_sa. tolerance = 1, sa_iterations = 1000, initial_temperature = 3.0, cooling_rate = 0.999
26 - INFO - chord#: 0 done. best_score=27.0, changed=517, unchanged=393, early_stops=8/8
26 - INFO - chord#: 4 In build_straw_man_chord_sa. tolerance = 1, sa_iterations = 1000, initial_temperature = 3.0, cooling_rate = 0.999
26 - INFO - chord#: 0 done. best_score=27.0, changed=524, unchanged=415, early_stops=8/8
26 - INFO - chord#: 4 In build_straw_man_chord_sa. tolerance = 1, sa_iterations = 1000, initial_temperature = 3.0, cooling_rate = 0.999
26 - INFO - chord#: 0 done. best_score=27.0, changed=523, unchanged=491, early_stops=8/8
26 - INFO - chord#: 4 In build_straw_man_chord_sa. tolerance = 1, sa_iterations = 1000, initial_temperature = 3.0, cooling_rate = 0.999
26 - INFO - chord#: 0 done. best_score=27.0, changed=523, unchanged=537, early_stops=8/8
26 - INFO - chord#: 4 In build_straw_man_chord_sa. tolerance = 1, sa_iterations = 1000, initial_temperature = 3.0, cooling_rate = 0.999
26 - INFO - chord#: 0 done. best_score=27.0, changed=517, unchanged=377, early_stops=8/8
26 - INFO - chord#: 4 In build_straw_man_chord_sa. tolerance = 1, sa_iterations = 1000, initial_temperature = 3.0, cooling_rate = 0.999
26 - INFO - chord#: 0 done. best_score=27.0, changed=520, unchanged=380, early_stops=8/8
26 - INFO - chord#: 4 In build_straw_man_chord_sa. tolerance = 1, sa_iterations = 1000, initial_temperature = 3.0, cooling_rate = 0.999
26 - INFO - chord#: 0 done. best_score=27.0, changed=527, unchanged=549, early_stops=8/8
26 - INFO - chord#: 4 In build_straw_man_chord_sa. tolerance = 1, sa_iterations = 1000, initial_temperature = 3.0, cooling_rate = 0.999
26 - INFO - chord#: 0 done. best_score=27.0, changed=528, unchanged=506, early_stops=8/8
26 - INFO - chord#: 4 In build_straw_man_chord_sa. tolerance = 1, sa_iterations = 1000, initial_temperature = 3.0, cooling_rate = 0.999
26 - INFO - chord#: 0 done. best_score=27.0, changed=525, unchanged=518, early_stops=8/8
26 - INFO - chord#: 4 In build_straw_man_chord_sa. tolerance = 1, sa_iterations = 1000, initial_temperature = 3.0, cooling_rate = 0.999
26 - INFO - chord#: 0 done. best_score=27.0, changed=525, unchanged=599, early_stops=8/8
26 - INFO - chord#: 4 In build_straw_man_chord_sa. tolerance = 1, sa_iterations = 1000, initial_temperature = 3.0, cooling_rate = 0.999
26 - INFO - chord#: 0 done. best_score=27.0, changed=525, unchanged=570, early_stops=8/8
26 - INFO - chord#: 4 In build_straw_man_chord_sa. tolerance = 1, sa_iterations = 1000, initial_temperature = 3.0, cooling_rate = 0.999
26 - INFO - chord#: 4 done. best_score=27.0, changed=531, unchanged=335, early_stops=8/8
26 - INFO - chord#: 6 In build_straw_man_chord_sa. tolerance = 1, sa_iterations = 1000, initial_temperature = 3.0, cooling_rate = 0.999
26 - INFO - chord#: 4 done. best_score=27.0, changed=519, unchanged=384, early_stops=8/8
26 - INFO - chord#: 6 In build_straw_man_chord_sa. tolerance = 1, sa_iterations = 1000, initial_temperature = 3.0, cooling_rate = 0.999
26 - INFO - chord#: 4 done. best_score=27.0, changed=518, unchanged=360, early_stops=8/8
26 - INFO - chord#: 6 In build_straw_man_chord_sa. tolerance = 1, sa_iterations = 1000, initial_temperature = 3.0, cooling_rate = 0.999
26 - INFO - chord#: 4 done. best_score=27.0, changed=519, unchanged=354, early_stops=8/8
26 - INFO - chord#: 6 In build_straw_man_chord_sa. tolerance = 1, sa_iterations = 1000, initial_temperature = 3.0, cooling_rate = 0.999
26 - INFO - chord#: 4 done. best_score=27.0, changed=525, unchanged=400, early_stops=8/8
26 - INFO - chord#: 6 In build_straw_man_chord_sa. tolerance = 1, sa_iterations = 1000, initial_temperature = 3.0, cooling_rate = 0.999
26 - INFO - chord#: 4 done. best_score=27.0, changed=522, unchanged=342, early_stops=8/8
26 - INFO - chord#: 6 In build_straw_man_chord_sa. tolerance = 1, sa_iterations = 1000, initial_temperature = 3.0, cooling_rate = 0.999
26 - INFO - chord#: 4 done. best_score=27.0, changed=528, unchanged=377, early_stops=8/8
26 - INFO - chord#: 6 In build_straw_man_chord_sa. tolerance = 1, sa_iterations = 1000, initial_temperature = 3.0, cooling_rate = 0.999
26 - INFO - chord#: 4 done. best_score=27.0, changed=521, unchanged=306, early_stops=8/8
26 - INFO - chord#: 6 In build_straw_man_chord_sa. tolerance = 1, sa_iterations = 1000, initial_temperature = 3.0, cooling_rate = 0.999
26 - INFO - chord#: 4 done. best_score=27.0, changed=514, unchanged=347, early_stops=8/8
26 - INFO - chord#: 6 In build_straw_man_chord_sa. tolerance = 1, sa_iterations = 1000, initial_temperature = 3.0, cooling_rate = 0.999
26 - INFO - chord#: 4 done. best_score=27.0, changed=521, unchanged=342, early_stops=8/8
26 - INFO - chord#: 6 In build_straw_man_chord_sa. tolerance = 1, sa_iterations = 1000, initial_temperature = 3.0, cooling_rate = 0.999
26 - INFO - chord#: 6 done. best_score=27.0, changed=529, unchanged=337, early_stops=8/8
26 - INFO - chord#: 8 In build_straw_man_chord_sa. tolerance = 1, sa_iterations = 1000, initial_temperature = 3.0, cooling_rate = 0.999
26 - INFO - chord#: 4 done. best_score=27.0, changed=522, unchanged=353, early_stops=8/8
26 - INFO - chord#: 6 In build_straw_man_chord_sa. tolerance = 1, sa_iterations = 1000, initial_temperature = 3.0, cooling_rate = 0.999
26 - INFO - chord#: 4 done. best_score=27.0, changed=532, unchanged=480, early_stops=8/8
26 - INFO - chord#: 6 In build_straw_man_chord_sa. tolerance = 1, sa_iterations = 1000, initial_temperature = 3.0, cooling_rate = 0.999
26 - INFO - chord#: 6 done. best_score=27.0, changed=523, unchanged=342, early_stops=8/8
26 - INFO - chord#: 8 In build_straw_man_chord_sa. tolerance = 1, sa_iterations = 1000, initial_temperature = 3.0, cooling_rate = 0.999
26 - INFO - chord#: 6 done. best_score=27.0, changed=526, unchanged=425, early_stops=8/8
26 - INFO - chord#: 8 In build_straw_man_chord_sa. tolerance = 1, sa_iterations = 1000, initial_temperature = 3.0, cooling_rate = 0.999
26 - INFO - chord#: 6 done. best_score=27.0, changed=515, unchanged=303, early_stops=8/8
26 - INFO - chord#: 8 In build_straw_man_chord_sa. tolerance = 1, sa_iterations = 1000, initial_temperature = 3.0, cooling_rate = 0.999
26 - INFO - chord#: 6 done. best_score=27.0, changed=521, unchanged=490, early_stops=8/8
26 - INFO - chord#: 8 In build_straw_man_chord_sa. tolerance = 1, sa_iterations = 1000, initial_temperature = 3.0, cooling_rate = 0.999
26 - INFO - chord#: 6 done. best_score=27.0, changed=528, unchanged=353, early_stops=8/8
26 - INFO - chord#: 8 In build_straw_man_chord_sa. tolerance = 1, sa_iterations = 1000, initial_temperature = 3.0, cooling_rate = 0.999
26 - INFO - chord#: 6 done. best_score=27.0, changed=523, unchanged=305, early_stops=8/8
26 - INFO - chord#: 8 In build_straw_man_chord_sa. tolerance = 1, sa_iterations = 1000, initial_temperature = 3.0, cooling_rate = 0.999
26 - INFO - chord#: 8 done. best_score=31.0, changed=522, unchanged=370, early_stops=8/8
26 - INFO - chord#: 10 In build_straw_man_chord_sa. tolerance = 1, sa_iterations = 1000, initial_temperature = 3.0, cooling_rate = 0.999
26 - INFO - chord#: 6 done. best_score=27.0, changed=520, unchanged=337, early_stops=8/8
26 - INFO - chord#: 8 In build_straw_man_chord_sa. tolerance = 1, sa_iterations = 1000, initial_temperature = 3.0, cooling_rate = 0.999
26 - INFO - chord#: 6 done. best_score=27.0, changed=528, unchanged=362, early_stops=8/8
26 - INFO - chord#: 6 done. best_score=27.0, changed=526, unchanged=390, early_stops=8/8
26 - INFO - chord#: 8 In build_straw_man_chord_sa. tolerance = 1, sa_iterations = 1000, initial_temperature = 3.0, cooling_rate = 0.999
26 - INFO - chord#: 8 In build_straw_man_chord_sa. tolerance = 1, sa_iterations = 1000, initial_temperature = 3.0, cooling_rate = 0.999
26 - INFO - chord#: 6 done. best_score=27.0, changed=519, unchanged=318, early_stops=8/8
26 - INFO - chord#: 8 In build_straw_man_chord_sa. tolerance = 1, sa_iterations = 1000, initial_temperature = 3.0, cooling_rate = 0.999
26 - INFO - chord#: 8 done. best_score=31.0, changed=522, unchanged=358, early_stops=8/8
26 - INFO - chord#: 10 In build_straw_man_chord_sa. tolerance = 1, sa_iterations = 1000, initial_temperature = 3.0, cooling_rate = 0.999
26 - INFO - chord#: 6 done. best_score=27.0, changed=525, unchanged=368, early_stops=8/8
26 - INFO - chord#: 8 done. best_score=31.0, changed=522, unchanged=389, early_stops=8/8
26 - INFO - chord#: 8 In build_straw_man_chord_sa. tolerance = 1, sa_iterations = 1000, initial_temperature = 3.0, cooling_rate = 0.999
26 - INFO - chord#: 10 In build_straw_man_chord_sa. tolerance = 1, sa_iterations = 1000, initial_temperature = 3.0, cooling_rate = 0.999
26 - INFO - chord#: 8 done. best_score=31.0, changed=530, unchanged=467, early_stops=8/8
26 - INFO - chord#: 10 In build_straw_man_chord_sa. tolerance = 1, sa_iterations = 1000, initial_temperature = 3.0, cooling_rate = 0.999
26 - INFO - chord#: 8 done. best_score=31.0, changed=523, unchanged=409, early_stops=8/8
26 - INFO - chord#: 10 In build_straw_man_chord_sa. tolerance = 1, sa_iterations = 1000, initial_temperature = 3.0, cooling_rate = 0.999
26 - INFO - chord#: 10 done. best_score=27.0, changed=522, unchanged=417, early_stops=8/8
26 - INFO - chord#: 12 In build_straw_man_chord_sa. tolerance = 1, sa_iterations = 1000, initial_temperature = 3.0, cooling_rate = 0.999
26 - INFO - chord#: 8 done. best_score=31.0, changed=520, unchanged=347, early_stops=8/8
26 - INFO - chord#: 10 In build_straw_man_chord_sa. tolerance = 1, sa_iterations = 1000, initial_temperature = 3.0, cooling_rate = 0.999
26 - INFO - chord#: 8 done. best_score=31.0, changed=527, unchanged=418, early_stops=8/8
26 - INFO - chord#: 10 In build_straw_man_chord_sa. tolerance = 1, sa_iterations = 1000, initial_temperature = 3.0, cooling_rate = 0.999
26 - INFO - chord#: 8 done. best_score=31.0, changed=519, unchanged=401, early_stops=8/8
26 - INFO - chord#: 10 In build_straw_man_chord_sa. tolerance = 1, sa_iterations = 1000, initial_temperature = 3.0, cooling_rate = 0.999
26 - INFO - chord#: 10 done. best_score=27.0, changed=520, unchanged=364, early_stops=8/8
26 - INFO - chord#: 12 In build_straw_man_chord_sa. tolerance = 1, sa_iterations = 1000, initial_temperature = 3.0, cooling_rate = 0.999
26 - INFO - chord#: 8 done. best_score=31.0, changed=514, unchanged=334, early_stops=8/8
26 - INFO - chord#: 10 In build_straw_man_chord_sa. tolerance = 1, sa_iterations = 1000, initial_temperature = 3.0, cooling_rate = 0.999
26 - INFO - chord#: 10 done. best_score=27.0, changed=520, unchanged=396, early_stops=8/8
26 - INFO - chord#: 12 In build_straw_man_chord_sa. tolerance = 1, sa_iterations = 1000, initial_temperature = 3.0, cooling_rate = 0.999
26 - INFO - chord#: 8 done. best_score=31.0, changed=520, unchanged=390, early_stops=8/8
26 - INFO - chord#: 10 In build_straw_man_chord_sa. tolerance = 1, sa_iterations = 1000, initial_temperature = 3.0, cooling_rate = 0.999
26 - INFO - chord#: 10 done. best_score=27.0, changed=525, unchanged=403, early_stops=8/8
26 - INFO - chord#: 12 In build_straw_man_chord_sa. tolerance = 1, sa_iterations = 1000, initial_temperature = 3.0, cooling_rate = 0.999
26 - INFO - chord#: 8 done. best_score=31.0, changed=530, unchanged=448, early_stops=8/8
26 - INFO - chord#: 10 In build_straw_man_chord_sa. tolerance = 1, sa_iterations = 1000, initial_temperature = 3.0, cooling_rate = 0.999
26 - INFO - chord#: 8 done. best_score=31.0, changed=522, unchanged=366, early_stops=8/8
26 - INFO - chord#: 10 In build_straw_man_chord_sa. tolerance = 1, sa_iterations = 1000, initial_temperature = 3.0, cooling_rate = 0.999
26 - INFO - chord#: 10 done. best_score=27.0, changed=513, unchanged=436, early_stops=8/8
26 - INFO - chord#: 12 In build_straw_man_chord_sa. tolerance = 1, sa_iterations = 1000, initial_temperature = 3.0, cooling_rate = 0.999
26 - INFO - chord#: 12 done. best_score=27.0, changed=520, unchanged=386, early_stops=8/8
26 - INFO - chord#: 14 In build_straw_man_chord_sa. tolerance = 1, sa_iterations = 1000, initial_temperature = 3.0, cooling_rate = 0.999
26 - INFO - chord#: 10 done. best_score=27.0, changed=522, unchanged=426, early_stops=8/8
26 - INFO - chord#: 12 In build_straw_man_chord_sa. tolerance = 1, sa_iterations = 1000, initial_temperature = 3.0, cooling_rate = 0.999
26 - INFO - chord#: 12 done. best_score=27.0, changed=527, unchanged=316, early_stops=8/8
26 - INFO - chord#: 14 In build_straw_man_chord_sa. tolerance = 1, sa_iterations = 1000, initial_temperature = 3.0, cooling_rate = 0.999
26 - INFO - chord#: 12 done. best_score=27.0, changed=523, unchanged=414, early_stops=8/8
26 - INFO - chord#: 14 In build_straw_man_chord_sa. tolerance = 1, sa_iterations = 1000, initial_temperature = 3.0, cooling_rate = 0.999
26 - INFO - chord#: 12 done. best_score=27.0, changed=514, unchanged=395, early_stops=8/8
26 - INFO - chord#: 14 In build_straw_man_chord_sa. tolerance = 1, sa_iterations = 1000, initial_temperature = 3.0, cooling_rate = 0.999
26 - INFO - chord#: 10 done. best_score=27.0, changed=517, unchanged=436, early_stops=8/8
26 - INFO - chord#: 12 In build_straw_man_chord_sa. tolerance = 1, sa_iterations = 1000, initial_temperature = 3.0, cooling_rate = 0.999
26 - INFO - chord#: 10 done. best_score=27.0, changed=525, unchanged=471, early_stops=8/8
26 - INFO - chord#: 12 In build_straw_man_chord_sa. tolerance = 1, sa_iterations = 1000, initial_temperature = 3.0, cooling_rate = 0.999
26 - INFO - chord#: 10 done. best_score=27.0, changed=525, unchanged=410, early_stops=8/8
26 - INFO - chord#: 10 done. best_score=27.0, changed=521, unchanged=394, early_stops=8/8
26 - INFO - chord#: 12 In build_straw_man_chord_sa. tolerance = 1, sa_iterations = 1000, initial_temperature = 3.0, cooling_rate = 0.999
26 - INFO - chord#: 12 In build_straw_man_chord_sa. tolerance = 1, sa_iterations = 1000, initial_temperature = 3.0, cooling_rate = 0.999
26 - INFO - chord#: 12 done. best_score=27.0, changed=529, unchanged=346, early_stops=8/8
26 - INFO - chord#: 14 In build_straw_man_chord_sa. tolerance = 1, sa_iterations = 1000, initial_temperature = 3.0, cooling_rate = 0.999
26 - INFO - chord#: 10 done. best_score=27.0, changed=518, unchanged=410, early_stops=8/8
26 - INFO - chord#: 12 In build_straw_man_chord_sa. tolerance = 1, sa_iterations = 1000, initial_temperature = 3.0, cooling_rate = 0.999
26 - INFO - chord#: 10 done. best_score=27.0, changed=518, unchanged=430, early_stops=8/8
26 - INFO - chord#: 12 In build_straw_man_chord_sa. tolerance = 1, sa_iterations = 1000, initial_temperature = 3.0, cooling_rate = 0.999
26 - INFO - chord#: 12 done. best_score=27.0, changed=519, unchanged=416, early_stops=8/8
26 - INFO - chord#: 14 In build_straw_man_chord_sa. tolerance = 1, sa_iterations = 1000, initial_temperature = 3.0, cooling_rate = 0.999
26 - INFO - chord#: 12 done. best_score=27.0, changed=530, unchanged=511, early_stops=8/8
26 - INFO - chord#: 14 In build_straw_man_chord_sa. tolerance = 1, sa_iterations = 1000, initial_temperature = 3.0, cooling_rate = 0.999
26 - INFO - chord#: 12 done. best_score=27.0, changed=523, unchanged=462, early_stops=8/8
26 - INFO - chord#: 14 In build_straw_man_chord_sa. tolerance = 1, sa_iterations = 1000, initial_temperature = 3.0, cooling_rate = 0.999
26 - INFO - chord#: 12 done. best_score=27.0, changed=518, unchanged=369, early_stops=8/8
26 - INFO - chord#: 14 In build_straw_man_chord_sa. tolerance = 1, sa_iterations = 1000, initial_temperature = 3.0, cooling_rate = 0.999
26 - INFO - chord#: 12 done. best_score=27.0, changed=526, unchanged=391, early_stops=8/8
26 - INFO - chord#: 14 In build_straw_man_chord_sa. tolerance = 1, sa_iterations = 1000, initial_temperature = 3.0, cooling_rate = 0.999
26 - INFO - chord#: 12 done. best_score=27.0, changed=522, unchanged=394, early_stops=8/8
26 - INFO - chord#: 14 In build_straw_man_chord_sa. tolerance = 1, sa_iterations = 1000, initial_temperature = 3.0, cooling_rate = 0.999
26 - INFO - chord#: 12 done. best_score=27.0, changed=533, unchanged=566, early_stops=8/8
26 - INFO - chord#: 14 In build_straw_man_chord_sa. tolerance = 1, sa_iterations = 1000, initial_temperature = 3.0, cooling_rate = 0.999
26 - INFO - chord#: 14 done. best_score=74.0, changed=613, unchanged=254, early_stops=8/8
26 - INFO - chord#: 15 In build_straw_man_chord_sa. tolerance = 1, sa_iterations = 1000, initial_temperature = 3.0, cooling_rate = 0.999
26 - INFO - chord#: 14 done. best_score=74.0, changed=616, unchanged=322, early_stops=8/8
26 - INFO - chord#: 15 In build_straw_man_chord_sa. tolerance = 1, sa_iterations = 1000, initial_temperature = 3.0, cooling_rate = 0.999
26 - INFO - chord#: 14 done. best_score=121.0, changed=615, unchanged=326, early_stops=8/8
26 - INFO - chord#: 15 In build_straw_man_chord_sa. tolerance = 1, sa_iterations = 1000, initial_temperature = 3.0, cooling_rate = 0.999
26 - INFO - chord#: 14 done. best_score=74.0, changed=614, unchanged=383, early_stops=8/8
26 - INFO - chord#: 15 In build_straw_man_chord_sa. tolerance = 1, sa_iterations = 1000, initial_temperature = 3.0, cooling_rate = 0.999
26 - INFO - chord#: 14 done. best_score=74.0, changed=613, unchanged=341, early_stops=8/8
26 - INFO - chord#: 15 In build_straw_man_chord_sa. tolerance = 1, sa_iterations = 1000, initial_temperature = 3.0, cooling_rate = 0.999
26 - INFO - chord#: 14 done. best_score=74.0, changed=611, unchanged=330, early_stops=8/8
26 - INFO - chord#: 15 In build_straw_man_chord_sa. tolerance = 1, sa_iterations = 1000, initial_temperature = 3.0, cooling_rate = 0.999
26 - INFO - chord#: 14 done. best_score=167.0, changed=607, unchanged=204, early_stops=8/8
26 - INFO - chord#: 15 In build_straw_man_chord_sa. tolerance = 1, sa_iterations = 1000, initial_temperature = 3.0, cooling_rate = 0.999
26 - INFO - chord#: 14 done. best_score=96.0, changed=617, unchanged=377, early_stops=8/8
26 - INFO - chord#: 15 In build_straw_man_chord_sa. tolerance = 1, sa_iterations = 1000, initial_temperature = 3.0, cooling_rate = 0.999
26 - INFO - chord#: 14 done. best_score=74.0, changed=616, unchanged=245, early_stops=8/8
26 - INFO - chord#: 15 In build_straw_man_chord_sa. tolerance = 1, sa_iterations = 1000, initial_temperature = 3.0, cooling_rate = 0.999
26 - INFO - chord#: 14 done. best_score=74.0, changed=610, unchanged=245, early_stops=8/8
26 - INFO - chord#: 15 In build_straw_man_chord_sa. tolerance = 1, sa_iterations = 1000, initial_temperature = 3.0, cooling_rate = 0.999
26 - INFO - chord#: 15 done. best_score=64.0, changed=609, unchanged=261, early_stops=8/8
26 - INFO - chord#: 16 In build_straw_man_chord_sa. tolerance = 1, sa_iterations = 1000, initial_temperature = 3.0, cooling_rate = 0.999
26 - INFO - chord#: 15 done. best_score=125.0, changed=609, unchanged=309, early_stops=8/8
26 - INFO - chord#: 16 In build_straw_man_chord_sa. tolerance = 1, sa_iterations = 1000, initial_temperature = 3.0, cooling_rate = 0.999
26 - INFO - chord#: 15 done. best_score=146.0, changed=608, unchanged=222, early_stops=8/8
26 - INFO - chord#: 16 In build_straw_man_chord_sa. tolerance = 1, sa_iterations = 1000, initial_temperature = 3.0, cooling_rate = 0.999
26 - INFO - chord#: 14 done. best_score=74.0, changed=610, unchanged=300, early_stops=8/8
26 - INFO - chord#: 15 In build_straw_man_chord_sa. tolerance = 1, sa_iterations = 1000, initial_temperature = 3.0, cooling_rate = 0.999
26 - INFO - chord#: 15 done. best_score=125.0, changed=604, unchanged=205, early_stops=8/8
26 - INFO - chord#: 16 In build_straw_man_chord_sa. tolerance = 1, sa_iterations = 1000, initial_temperature = 3.0, cooling_rate = 0.999
26 - INFO - chord#: 14 done. best_score=74.0, changed=615, unchanged=306, early_stops=8/8
26 - INFO - chord#: 15 In build_straw_man_chord_sa. tolerance = 1, sa_iterations = 1000, initial_temperature = 3.0, cooling_rate = 0.999
26 - INFO - chord#: 15 done. best_score=64.0, changed=615, unchanged=321, early_stops=8/8
26 - INFO - chord#: 16 In build_straw_man_chord_sa. tolerance = 1, sa_iterations = 1000, initial_temperature = 3.0, cooling_rate = 0.999
26 - INFO - chord#: 16 done. best_score=27.0, changed=527, unchanged=409, early_stops=8/8
26 - INFO - chord#: 18 In build_straw_man_chord_sa. tolerance = 1, sa_iterations = 1000, initial_temperature = 3.0, cooling_rate = 0.999
26 - INFO - chord#: 16 done. best_score=27.0, changed=520, unchanged=350, early_stops=8/8
26 - INFO - chord#: 18 In build_straw_man_chord_sa. tolerance = 1, sa_iterations = 1000, initial_temperature = 3.0, cooling_rate = 0.999
26 - INFO - chord#: 16 done. best_score=27.0, changed=520, unchanged=564, early_stops=8/8
26 - INFO - chord#: 18 In build_straw_man_chord_sa. tolerance = 1, sa_iterations = 1000, initial_temperature = 3.0, cooling_rate = 0.999
26 - INFO - chord#: 16 done. best_score=27.0, changed=526, unchanged=412, early_stops=8/8
26 - INFO - chord#: 18 In build_straw_man_chord_sa. tolerance = 1, sa_iterations = 1000, initial_temperature = 3.0, cooling_rate = 0.999
26 - INFO - chord#: 16 done. best_score=27.0, changed=518, unchanged=550, early_stops=8/8
26 - INFO - chord#: 18 In build_straw_man_chord_sa. tolerance = 1, sa_iterations = 1000, initial_temperature = 3.0, cooling_rate = 0.999
26 - INFO - chord#: 15 done. best_score=64.0, changed=609, unchanged=418, early_stops=8/8
26 - INFO - chord#: 16 In build_straw_man_chord_sa. tolerance = 1, sa_iterations = 1000, initial_temperature = 3.0, cooling_rate = 0.999
26 - INFO - chord#: 15 done. best_score=104.0, changed=612, unchanged=235, early_stops=8/8
26 - INFO - chord#: 16 In build_straw_man_chord_sa. tolerance = 1, sa_iterations = 1000, initial_temperature = 3.0, cooling_rate = 0.999
26 - INFO - chord#: 15 done. best_score=64.0, changed=610, unchanged=251, early_stops=8/8
26 - INFO - chord#: 16 In build_straw_man_chord_sa. tolerance = 1, sa_iterations = 1000, initial_temperature = 3.0, cooling_rate = 0.999
26 - INFO - chord#: 15 done. best_score=146.0, changed=613, unchanged=271, early_stops=8/8
26 - INFO - chord#: 16 In build_straw_man_chord_sa. tolerance = 1, sa_iterations = 1000, initial_temperature = 3.0, cooling_rate = 0.999
26 - INFO - chord#: 18 done. best_score=162.0, changed=604, unchanged=200, early_stops=8/8
26 - INFO - chord#: 20 In build_straw_man_chord_sa. tolerance = 1, sa_iterations = 1000, initial_temperature = 3.0, cooling_rate = 0.999
26 - INFO - chord#: 18 done. best_score=67.0, changed=606, unchanged=210, early_stops=8/8
26 - INFO - chord#: 20 In build_straw_man_chord_sa. tolerance = 1, sa_iterations = 1000, initial_temperature = 3.0, cooling_rate = 0.999
26 - INFO - chord#: 15 done. best_score=112.0, changed=611, unchanged=307, early_stops=8/8
26 - INFO - chord#: 16 In build_straw_man_chord_sa. tolerance = 1, sa_iterations = 1000, initial_temperature = 3.0, cooling_rate = 0.999
26 - INFO - chord#: 15 done. best_score=64.0, changed=611, unchanged=268, early_stops=8/8
26 - INFO - chord#: 16 In build_straw_man_chord_sa. tolerance = 1, sa_iterations = 1000, initial_temperature = 3.0, cooling_rate = 0.999
26 - INFO - chord#: 16 done. best_score=27.0, changed=522, unchanged=350, early_stops=8/8
26 - INFO - chord#: 18 In build_straw_man_chord_sa. tolerance = 1, sa_iterations = 1000, initial_temperature = 3.0, cooling_rate = 0.999
26 - INFO - chord#: 18 done. best_score=96.0, changed=606, unchanged=309, early_stops=8/8
26 - INFO - chord#: 20 In build_straw_man_chord_sa. tolerance = 1, sa_iterations = 1000, initial_temperature = 3.0, cooling_rate = 0.999
26 - INFO - chord#: 15 done. best_score=64.0, changed=608, unchanged=263, early_stops=8/8
26 - INFO - chord#: 16 In build_straw_man_chord_sa. tolerance = 1, sa_iterations = 1000, initial_temperature = 3.0, cooling_rate = 0.999
26 - INFO - chord#: 16 done. best_score=27.0, changed=523, unchanged=445, early_stops=8/8
26 - INFO - chord#: 18 In build_straw_man_chord_sa. tolerance = 1, sa_iterations = 1000, initial_temperature = 3.0, cooling_rate = 0.999
26 - INFO - chord#: 18 done. best_score=137.0, changed=609, unchanged=279, early_stops=8/8
26 - INFO - chord#: 20 In build_straw_man_chord_sa. tolerance = 1, sa_iterations = 1000, initial_temperature = 3.0, cooling_rate = 0.999
26 - INFO - chord#: 20 done. best_score=27.0, changed=528, unchanged=419, early_stops=8/8
26 - INFO - chord#: 28 In build_straw_man_chord_sa. tolerance = 1, sa_iterations = 1000, initial_temperature = 3.0, cooling_rate = 0.999
26 - INFO - chord#: 16 done. best_score=27.0, changed=522, unchanged=395, early_stops=8/8
26 - INFO - chord#: 18 In build_straw_man_chord_sa. tolerance = 1, sa_iterations = 1000, initial_temperature = 3.0, cooling_rate = 0.999
26 - INFO - chord#: 20 done. best_score=27.0, changed=525, unchanged=359, early_stops=8/8
26 - INFO - chord#: 28 In build_straw_man_chord_sa. tolerance = 1, sa_iterations = 1000, initial_temperature = 3.0, cooling_rate = 0.999
26 - INFO - chord#: 16 done. best_score=57.0, changed=517, unchanged=343, early_stops=8/8
26 - INFO - chord#: 18 In build_straw_man_chord_sa. tolerance = 1, sa_iterations = 1000, initial_temperature = 3.0, cooling_rate = 0.999
26 - INFO - chord#: 18 done. best_score=67.0, changed=612, unchanged=281, early_stops=8/8
26 - INFO - chord#: 20 In build_straw_man_chord_sa. tolerance = 1, sa_iterations = 1000, initial_temperature = 3.0, cooling_rate = 0.999
26 - INFO - chord#: 16 done. best_score=27.0, changed=518, unchanged=395, early_stops=8/8
26 - INFO - chord#: 18 In build_straw_man_chord_sa. tolerance = 1, sa_iterations = 1000, initial_temperature = 3.0, cooling_rate = 0.999
26 - INFO - chord#: 20 done. best_score=27.0, changed=520, unchanged=365, early_stops=8/8
26 - INFO - chord#: 28 In build_straw_man_chord_sa. tolerance = 1, sa_iterations = 1000, initial_temperature = 3.0, cooling_rate = 0.999
26 - INFO - chord#: 16 done. best_score=27.0, changed=519, unchanged=405, early_stops=8/8
26 - INFO - chord#: 18 In build_straw_man_chord_sa. tolerance = 1, sa_iterations = 1000, initial_temperature = 3.0, cooling_rate = 0.999
26 - INFO - chord#: 20 done. best_score=27.0, changed=520, unchanged=376, early_stops=8/8
26 - INFO - chord#: 28 In build_straw_man_chord_sa. tolerance = 1, sa_iterations = 1000, initial_temperature = 3.0, cooling_rate = 0.999
26 - INFO - chord#: 28 done. best_score=27.0, changed=528, unchanged=455, early_stops=8/8
26 - INFO - chord#: 32 In build_straw_man_chord_sa. tolerance = 1, sa_iterations = 1000, initial_temperature = 3.0, cooling_rate = 0.999
26 - INFO - chord#: 20 done. best_score=27.0, changed=520, unchanged=358, early_stops=8/8
26 - INFO - chord#: 28 In build_straw_man_chord_sa. tolerance = 1, sa_iterations = 1000, initial_temperature = 3.0, cooling_rate = 0.999
26 - INFO - chord#: 16 done. best_score=27.0, changed=526, unchanged=382, early_stops=8/8
26 - INFO - chord#: 18 In build_straw_man_chord_sa. tolerance = 1, sa_iterations = 1000, initial_temperature = 3.0, cooling_rate = 0.999
26 - INFO - chord#: 28 done. best_score=27.0, changed=523, unchanged=493, early_stops=8/8
26 - INFO - chord#: 32 In build_straw_man_chord_sa. tolerance = 1, sa_iterations = 1000, initial_temperature = 3.0, cooling_rate = 0.999
26 - INFO - chord#: 28 done. best_score=27.0, changed=521, unchanged=404, early_stops=8/8
26 - INFO - chord#: 32 In build_straw_man_chord_sa. tolerance = 1, sa_iterations = 1000, initial_temperature = 3.0, cooling_rate = 0.999
26 - INFO - chord#: 28 done. best_score=27.0, changed=515, unchanged=393, early_stops=8/8
26 - INFO - chord#: 32 In build_straw_man_chord_sa. tolerance = 1, sa_iterations = 1000, initial_temperature = 3.0, cooling_rate = 0.999
26 - INFO - chord#: 28 done. best_score=27.0, changed=523, unchanged=395, early_stops=8/8
26 - INFO - chord#: 32 In build_straw_man_chord_sa. tolerance = 1, sa_iterations = 1000, initial_temperature = 3.0, cooling_rate = 0.999
26 - INFO - chord#: 32 done. best_score=27.0, changed=518, unchanged=365, early_stops=8/8
26 - INFO - chord#: 36 In build_straw_man_chord_sa. tolerance = 1, sa_iterations = 1000, initial_temperature = 3.0, cooling_rate = 0.999
26 - INFO - chord#: 18 done. best_score=67.0, changed=611, unchanged=244, early_stops=8/8
26 - INFO - chord#: 20 In build_straw_man_chord_sa. tolerance = 1, sa_iterations = 1000, initial_temperature = 3.0, cooling_rate = 0.999
26 - INFO - chord#: 32 done. best_score=27.0, changed=523, unchanged=525, early_stops=8/8
26 - INFO - chord#: 36 In build_straw_man_chord_sa. tolerance = 1, sa_iterations = 1000, initial_temperature = 3.0, cooling_rate = 0.999
26 - INFO - chord#: 32 done. best_score=27.0, changed=522, unchanged=426, early_stops=8/8
26 - INFO - chord#: 36 In build_straw_man_chord_sa. tolerance = 1, sa_iterations = 1000, initial_temperature = 3.0, cooling_rate = 0.999
26 - INFO - chord#: 18 done. best_score=67.0, changed=609, unchanged=232, early_stops=8/8
26 - INFO - chord#: 20 In build_straw_man_chord_sa. tolerance = 1, sa_iterations = 1000, initial_temperature = 3.0, cooling_rate = 0.999
26 - INFO - chord#: 18 done. best_score=140.0, changed=613, unchanged=252, early_stops=8/8
26 - INFO - chord#: 20 In build_straw_man_chord_sa. tolerance = 1, sa_iterations = 1000, initial_temperature = 3.0, cooling_rate = 0.999
26 - INFO - chord#: 18 done. best_score=195.0, changed=612, unchanged=398, early_stops=8/8
26 - INFO - chord#: 20 In build_straw_man_chord_sa. tolerance = 1, sa_iterations = 1000, initial_temperature = 3.0, cooling_rate = 0.999
26 - INFO - chord#: 18 done. best_score=67.0, changed=610, unchanged=258, early_stops=8/8
26 - INFO - chord#: 20 In build_straw_man_chord_sa. tolerance = 1, sa_iterations = 1000, initial_temperature = 3.0, cooling_rate = 0.999
26 - INFO - chord#: 36 done. best_score=27.0, changed=516, unchanged=348, early_stops=8/8
26 - INFO - chord#: 38 In build_straw_man_chord_sa. tolerance = 1, sa_iterations = 1000, initial_temperature = 3.0, cooling_rate = 0.999
26 - INFO - chord#: 18 done. best_score=96.0, changed=610, unchanged=245, early_stops=8/8
26 - INFO - chord#: 20 In build_straw_man_chord_sa. tolerance = 1, sa_iterations = 1000, initial_temperature = 3.0, cooling_rate = 0.999
26 - INFO - chord#: 32 done. best_score=27.0, changed=516, unchanged=335, early_stops=8/8
26 - INFO - chord#: 36 In build_straw_man_chord_sa. tolerance = 1, sa_iterations = 1000, initial_temperature = 3.0, cooling_rate = 0.999
26 - INFO - chord#: 36 done. best_score=27.0, changed=520, unchanged=330, early_stops=8/8
26 - INFO - chord#: 38 In build_straw_man_chord_sa. tolerance = 1, sa_iterations = 1000, initial_temperature = 3.0, cooling_rate = 0.999
26 - INFO - chord#: 20 done. best_score=27.0, changed=527, unchanged=392, early_stops=8/8
26 - INFO - chord#: 28 In build_straw_man_chord_sa. tolerance = 1, sa_iterations = 1000, initial_temperature = 3.0, cooling_rate = 0.999
26 - INFO - chord#: 32 done. best_score=27.0, changed=533, unchanged=405, early_stops=8/8
26 - INFO - chord#: 36 In build_straw_man_chord_sa. tolerance = 1, sa_iterations = 1000, initial_temperature = 3.0, cooling_rate = 0.999
26 - INFO - chord#: 20 done. best_score=61.0, changed=519, unchanged=335, early_stops=8/8
26 - INFO - chord#: 28 In build_straw_man_chord_sa. tolerance = 1, sa_iterations = 1000, initial_temperature = 3.0, cooling_rate = 0.999
26 - INFO - chord#: 36 done. best_score=27.0, changed=527, unchanged=480, early_stops=8/8
26 - INFO - chord#: 38 In build_straw_man_chord_sa. tolerance = 1, sa_iterations = 1000, initial_temperature = 3.0, cooling_rate = 0.999
26 - INFO - chord#: 20 done. best_score=27.0, changed=518, unchanged=319, early_stops=8/8
26 - INFO - chord#: 28 In build_straw_man_chord_sa. tolerance = 1, sa_iterations = 1000, initial_temperature = 3.0, cooling_rate = 0.999
26 - INFO - chord#: 20 done. best_score=27.0, changed=528, unchanged=451, early_stops=8/8
26 - INFO - chord#: 28 In build_straw_man_chord_sa. tolerance = 1, sa_iterations = 1000, initial_temperature = 3.0, cooling_rate = 0.999
26 - INFO - chord#: 36 done. best_score=27.0, changed=526, unchanged=422, early_stops=8/8
26 - INFO - chord#: 38 In build_straw_man_chord_sa. tolerance = 1, sa_iterations = 1000, initial_temperature = 3.0, cooling_rate = 0.999
26 - INFO - chord#: 38 done. best_score=27.0, changed=525, unchanged=329, early_stops=8/8
26 - INFO - chord#: 40 In build_straw_man_chord_sa. tolerance = 1, sa_iterations = 1000, initial_temperature = 3.0, cooling_rate = 0.999
26 - INFO - chord#: 38 done. best_score=27.0, changed=527, unchanged=432, early_stops=8/8
26 - INFO - chord#: 40 In build_straw_man_chord_sa. tolerance = 1, sa_iterations = 1000, initial_temperature = 3.0, cooling_rate = 0.999
26 - INFO - chord#: 28 done. best_score=27.0, changed=512, unchanged=409, early_stops=8/8
26 - INFO - chord#: 32 In build_straw_man_chord_sa. tolerance = 1, sa_iterations = 1000, initial_temperature = 3.0, cooling_rate = 0.999
26 - INFO - chord#: 20 done. best_score=27.0, changed=524, unchanged=376, early_stops=8/8
26 - INFO - chord#: 28 In build_straw_man_chord_sa. tolerance = 1, sa_iterations = 1000, initial_temperature = 3.0, cooling_rate = 0.999
26 - INFO - chord#: 18 done. best_score=96.0, changed=613, unchanged=352, early_stops=8/8
26 - INFO - chord#: 20 In build_straw_man_chord_sa. tolerance = 1, sa_iterations = 1000, initial_temperature = 3.0, cooling_rate = 0.999
26 - INFO - chord#: 20 done. best_score=27.0, changed=535, unchanged=537, early_stops=8/8
26 - INFO - chord#: 28 In build_straw_man_chord_sa. tolerance = 1, sa_iterations = 1000, initial_temperature = 3.0, cooling_rate = 0.999
26 - INFO - chord#: 36 done. best_score=27.0, changed=529, unchanged=409, early_stops=8/8
26 - INFO - chord#: 38 In build_straw_man_chord_sa. tolerance = 1, sa_iterations = 1000, initial_temperature = 3.0, cooling_rate = 0.999
26 - INFO - chord#: 28 done. best_score=27.0, changed=537, unchanged=475, early_stops=8/8
26 - INFO - chord#: 32 In build_straw_man_chord_sa. tolerance = 1, sa_iterations = 1000, initial_temperature = 3.0, cooling_rate = 0.999
26 - INFO - chord#: 38 done. best_score=27.0, changed=529, unchanged=425, early_stops=8/8
26 - INFO - chord#: 40 In build_straw_man_chord_sa. tolerance = 1, sa_iterations = 1000, initial_temperature = 3.0, cooling_rate = 0.999
26 - INFO - chord#: 28 done. best_score=27.0, changed=514, unchanged=345, early_stops=8/8
26 - INFO - chord#: 32 In build_straw_man_chord_sa. tolerance = 1, sa_iterations = 1000, initial_temperature = 3.0, cooling_rate = 0.999
26 - INFO - chord#: 40 done. best_score=35.0, changed=521, unchanged=342, early_stops=8/8
26 - INFO - chord#: 42 In build_straw_man_chord_sa. tolerance = 1, sa_iterations = 1000, initial_temperature = 3.0, cooling_rate = 0.999
26 - INFO - chord#: 40 done. best_score=35.0, changed=514, unchanged=329, early_stops=8/8
26 - INFO - chord#: 42 In build_straw_man_chord_sa. tolerance = 1, sa_iterations = 1000, initial_temperature = 3.0, cooling_rate = 0.999
26 - INFO - chord#: 38 done. best_score=27.0, changed=527, unchanged=350, early_stops=8/8
26 - INFO - chord#: 40 In build_straw_man_chord_sa. tolerance = 1, sa_iterations = 1000, initial_temperature = 3.0, cooling_rate = 0.999
26 - INFO - chord#: 32 done. best_score=27.0, changed=520, unchanged=316, early_stops=8/8
26 - INFO - chord#: 36 In build_straw_man_chord_sa. tolerance = 1, sa_iterations = 1000, initial_temperature = 3.0, cooling_rate = 0.999
26 - INFO - chord#: 28 done. best_score=27.0, changed=513, unchanged=405, early_stops=8/8
26 - INFO - chord#: 32 In build_straw_man_chord_sa. tolerance = 1, sa_iterations = 1000, initial_temperature = 3.0, cooling_rate = 0.999
26 - INFO - chord#: 20 done. best_score=27.0, changed=520, unchanged=307, early_stops=8/8
26 - INFO - chord#: 28 In build_straw_man_chord_sa. tolerance = 1, sa_iterations = 1000, initial_temperature = 3.0, cooling_rate = 0.999
26 - INFO - chord#: 28 done. best_score=27.0, changed=524, unchanged=377, early_stops=8/8
26 - INFO - chord#: 32 In build_straw_man_chord_sa. tolerance = 1, sa_iterations = 1000, initial_temperature = 3.0, cooling_rate = 0.999
26 - INFO - chord#: 28 done. best_score=27.0, changed=522, unchanged=426, early_stops=8/8
26 - INFO - chord#: 32 In build_straw_man_chord_sa. tolerance = 1, sa_iterations = 1000, initial_temperature = 3.0, cooling_rate = 0.999
26 - INFO - chord#: 40 done. best_score=35.0, changed=518, unchanged=327, early_stops=8/8
26 - INFO - chord#: 42 In build_straw_man_chord_sa. tolerance = 1, sa_iterations = 1000, initial_temperature = 3.0, cooling_rate = 0.999
26 - INFO - chord#: 32 done. best_score=27.0, changed=523, unchanged=366, early_stops=8/8
26 - INFO - chord#: 36 In build_straw_man_chord_sa. tolerance = 1, sa_iterations = 1000, initial_temperature = 3.0, cooling_rate = 0.999
26 - INFO - chord#: 42 done. best_score=36.0, changed=542, unchanged=273, early_stops=8/8
26 - INFO - chord#: 44 In build_straw_man_chord_sa. tolerance = 1, sa_iterations = 1000, initial_temperature = 3.0, cooling_rate = 0.999
26 - INFO - chord#: 38 done. best_score=27.0, changed=525, unchanged=401, early_stops=8/8
26 - INFO - chord#: 40 In build_straw_man_chord_sa. tolerance = 1, sa_iterations = 1000, initial_temperature = 3.0, cooling_rate = 0.999
26 - INFO - chord#: 36 done. best_score=27.0, changed=516, unchanged=373, early_stops=8/8
26 - INFO - chord#: 38 In build_straw_man_chord_sa. tolerance = 1, sa_iterations = 1000, initial_temperature = 3.0, cooling_rate = 0.999
26 - INFO - chord#: 42 done. best_score=36.0, changed=527, unchanged=367, early_stops=8/8
26 - INFO - chord#: 44 In build_straw_man_chord_sa. tolerance = 1, sa_iterations = 1000, initial_temperature = 3.0, cooling_rate = 0.999
26 - INFO - chord#: 40 done. best_score=35.0, changed=521, unchanged=423, early_stops=8/8
26 - INFO - chord#: 42 In build_straw_man_chord_sa. tolerance = 1, sa_iterations = 1000, initial_temperature = 3.0, cooling_rate = 0.999
26 - INFO - chord#: 32 done. best_score=27.0, changed=523, unchanged=344, early_stops=8/8
26 - INFO - chord#: 36 In build_straw_man_chord_sa. tolerance = 1, sa_iterations = 1000, initial_temperature = 3.0, cooling_rate = 0.999
26 - INFO - chord#: 32 done. best_score=27.0, changed=514, unchanged=312, early_stops=8/8
26 - INFO - chord#: 36 In build_straw_man_chord_sa. tolerance = 1, sa_iterations = 1000, initial_temperature = 3.0, cooling_rate = 0.999
26 - INFO - chord#: 42 done. best_score=27.0, changed=522, unchanged=373, early_stops=8/8
26 - INFO - chord#: 44 In build_straw_man_chord_sa. tolerance = 1, sa_iterations = 1000, initial_temperature = 3.0, cooling_rate = 0.999
26 - INFO - chord#: 36 done. best_score=27.0, changed=517, unchanged=407, early_stops=8/8
26 - INFO - chord#: 38 In build_straw_man_chord_sa. tolerance = 1, sa_iterations = 1000, initial_temperature = 3.0, cooling_rate = 0.999
26 - INFO - chord#: 44 done. best_score=31.0, changed=545, unchanged=298, early_stops=8/8
26 - INFO - chord#: 46 In build_straw_man_chord_sa. tolerance = 1, sa_iterations = 1000, initial_temperature = 3.0, cooling_rate = 0.999
26 - INFO - chord#: 32 done. best_score=27.0, changed=525, unchanged=397, early_stops=8/8
26 - INFO - chord#: 36 In build_straw_man_chord_sa. tolerance = 1, sa_iterations = 1000, initial_temperature = 3.0, cooling_rate = 0.999
26 - INFO - chord#: 28 done. best_score=27.0, changed=523, unchanged=552, early_stops=8/8
26 - INFO - chord#: 32 In build_straw_man_chord_sa. tolerance = 1, sa_iterations = 1000, initial_temperature = 3.0, cooling_rate = 0.999
26 - INFO - chord#: 44 done. best_score=31.0, changed=565, unchanged=281, early_stops=8/8
26 - INFO - chord#: 46 In build_straw_man_chord_sa. tolerance = 1, sa_iterations = 1000, initial_temperature = 3.0, cooling_rate = 0.999
26 - INFO - chord#: 32 done. best_score=27.0, changed=521, unchanged=411, early_stops=8/8
26 - INFO - chord#: 36 In build_straw_man_chord_sa. tolerance = 1, sa_iterations = 1000, initial_temperature = 3.0, cooling_rate = 0.999
26 - INFO - chord#: 38 done. best_score=27.0, changed=531, unchanged=366, early_stops=8/8
26 - INFO - chord#: 40 In build_straw_man_chord_sa. tolerance = 1, sa_iterations = 1000, initial_temperature = 3.0, cooling_rate = 0.999
26 - INFO - chord#: 42 done. best_score=27.0, changed=511, unchanged=298, early_stops=8/8
26 - INFO - chord#: 44 In build_straw_man_chord_sa. tolerance = 1, sa_iterations = 1000, initial_temperature = 3.0, cooling_rate = 0.999
26 - INFO - chord#: 40 done. best_score=35.0, changed=523, unchanged=431, early_stops=8/8
26 - INFO - chord#: 42 In build_straw_man_chord_sa. tolerance = 1, sa_iterations = 1000, initial_temperature = 3.0, cooling_rate = 0.999
26 - INFO - chord#: 44 done. best_score=31.0, changed=521, unchanged=299, early_stops=8/8
26 - INFO - chord#: 46 In build_straw_man_chord_sa. tolerance = 1, sa_iterations = 1000, initial_temperature = 3.0, cooling_rate = 0.999
26 - INFO - chord#: 36 done. best_score=27.0, changed=525, unchanged=424, early_stops=8/8
26 - INFO - chord#: 38 In build_straw_man_chord_sa. tolerance = 1, sa_iterations = 1000, initial_temperature = 3.0, cooling_rate = 0.999
26 - INFO - chord#: 38 done. best_score=27.0, changed=517, unchanged=356, early_stops=8/8
26 - INFO - chord#: 40 In build_straw_man_chord_sa. tolerance = 1, sa_iterations = 1000, initial_temperature = 3.0, cooling_rate = 0.999
26 - INFO - chord#: 46 done. best_score=27.0, changed=523, unchanged=435, early_stops=8/8
26 - INFO - chord#: 47 In build_straw_man_chord_sa. tolerance = 1, sa_iterations = 1000, initial_temperature = 3.0, cooling_rate = 0.999
26 - INFO - chord#: 36 done. best_score=27.0, changed=525, unchanged=414, early_stops=8/8
26 - INFO - chord#: 38 In build_straw_man_chord_sa. tolerance = 1, sa_iterations = 1000, initial_temperature = 3.0, cooling_rate = 0.999
26 - INFO - chord#: 36 done. best_score=27.0, changed=526, unchanged=339, early_stops=8/8
26 - INFO - chord#: 38 In build_straw_man_chord_sa. tolerance = 1, sa_iterations = 1000, initial_temperature = 3.0, cooling_rate = 0.999
26 - INFO - chord#: 46 done. best_score=27.0, changed=521, unchanged=412, early_stops=8/8
26 - INFO - chord#: 47 In build_straw_man_chord_sa. tolerance = 1, sa_iterations = 1000, initial_temperature = 3.0, cooling_rate = 0.999
26 - INFO - chord#: 44 done. best_score=31.0, changed=521, unchanged=313, early_stops=8/8
26 - INFO - chord#: 46 In build_straw_man_chord_sa. tolerance = 1, sa_iterations = 1000, initial_temperature = 3.0, cooling_rate = 0.999
26 - INFO - chord#: 32 done. best_score=27.0, changed=523, unchanged=461, early_stops=8/8
26 - INFO - chord#: 36 In build_straw_man_chord_sa. tolerance = 1, sa_iterations = 1000, initial_temperature = 3.0, cooling_rate = 0.999
26 - INFO - chord#: 40 done. best_score=35.0, changed=515, unchanged=458, early_stops=8/8
26 - INFO - chord#: 42 In build_straw_man_chord_sa. tolerance = 1, sa_iterations = 1000, initial_temperature = 3.0, cooling_rate = 0.999
26 - INFO - chord#: 36 done. best_score=27.0, changed=521, unchanged=446, early_stops=8/8
26 - INFO - chord#: 38 In build_straw_man_chord_sa. tolerance = 1, sa_iterations = 1000, initial_temperature = 3.0, cooling_rate = 0.999
26 - INFO - chord#: 46 done. best_score=27.0, changed=524, unchanged=538, early_stops=8/8
26 - INFO - chord#: 47 In build_straw_man_chord_sa. tolerance = 1, sa_iterations = 1000, initial_temperature = 3.0, cooling_rate = 0.999
26 - INFO - chord#: 42 done. best_score=36.0, changed=537, unchanged=412, early_stops=8/8
26 - INFO - chord#: 44 In build_straw_man_chord_sa. tolerance = 1, sa_iterations = 1000, initial_temperature = 3.0, cooling_rate = 0.999
26 - INFO - chord#: 38 done. best_score=27.0, changed=526, unchanged=381, early_stops=8/8
26 - INFO - chord#: 40 In build_straw_man_chord_sa. tolerance = 1, sa_iterations = 1000, initial_temperature = 3.0, cooling_rate = 0.999
26 - INFO - chord#: 40 done. best_score=35.0, changed=522, unchanged=490, early_stops=8/8
26 - INFO - chord#: 42 In build_straw_man_chord_sa. tolerance = 1, sa_iterations = 1000, initial_temperature = 3.0, cooling_rate = 0.999
26 - INFO - chord#: 46 done. best_score=27.0, changed=520, unchanged=453, early_stops=8/8
26 - INFO - chord#: 47 In build_straw_man_chord_sa. tolerance = 1, sa_iterations = 1000, initial_temperature = 3.0, cooling_rate = 0.999
26 - INFO - chord#: 42 done. best_score=36.0, changed=529, unchanged=367, early_stops=8/8
26 - INFO - chord#: 44 In build_straw_man_chord_sa. tolerance = 1, sa_iterations = 1000, initial_temperature = 3.0, cooling_rate = 0.999
26 - INFO - chord#: 38 done. best_score=27.0, changed=522, unchanged=387, early_stops=8/8
26 - INFO - chord#: 40 In build_straw_man_chord_sa. tolerance = 1, sa_iterations = 1000, initial_temperature = 3.0, cooling_rate = 0.999
26 - INFO - chord#: 36 done. best_score=27.0, changed=526, unchanged=360, early_stops=8/8
26 - INFO - chord#: 38 In build_straw_man_chord_sa. tolerance = 1, sa_iterations = 1000, initial_temperature = 3.0, cooling_rate = 0.999
26 - INFO - chord#: 38 done. best_score=27.0, changed=530, unchanged=378, early_stops=8/8
26 - INFO - chord#: 40 In build_straw_man_chord_sa. tolerance = 1, sa_iterations = 1000, initial_temperature = 3.0, cooling_rate = 0.999
26 - INFO - chord#: 38 done. best_score=27.0, changed=518, unchanged=372, early_stops=8/8
26 - INFO - chord#: 40 In build_straw_man_chord_sa. tolerance = 1, sa_iterations = 1000, initial_temperature = 3.0, cooling_rate = 0.999
26 - INFO - chord#: 44 done. best_score=58.0, changed=570, unchanged=343, early_stops=8/8
26 - INFO - chord#: 46 In build_straw_man_chord_sa. tolerance = 1, sa_iterations = 1000, initial_temperature = 3.0, cooling_rate = 0.999
26 - INFO - chord#: 42 done. best_score=36.0, changed=524, unchanged=435, early_stops=8/8
26 - INFO - chord#: 44 In build_straw_man_chord_sa. tolerance = 1, sa_iterations = 1000, initial_temperature = 3.0, cooling_rate = 0.999
26 - INFO - chord#: 47 done. best_score=67.0, changed=609, unchanged=276, early_stops=8/8
26 - INFO - chord#: 48 In build_straw_man_chord_sa. tolerance = 1, sa_iterations = 1000, initial_temperature = 3.0, cooling_rate = 0.999
26 - INFO - chord#: 44 done. best_score=31.0, changed=576, unchanged=318, early_stops=8/8
26 - INFO - chord#: 46 In build_straw_man_chord_sa. tolerance = 1, sa_iterations = 1000, initial_temperature = 3.0, cooling_rate = 0.999
26 - INFO - chord#: 47 done. best_score=167.0, changed=608, unchanged=284, early_stops=8/8
26 - INFO - chord#: 48 In build_straw_man_chord_sa. tolerance = 1, sa_iterations = 1000, initial_temperature = 3.0, cooling_rate = 0.999
26 - INFO - chord#: 40 done. best_score=35.0, changed=520, unchanged=465, early_stops=8/8
26 - INFO - chord#: 42 In build_straw_man_chord_sa. tolerance = 1, sa_iterations = 1000, initial_temperature = 3.0, cooling_rate = 0.999
26 - INFO - chord#: 40 done. best_score=35.0, changed=511, unchanged=308, early_stops=8/8
26 - INFO - chord#: 42 In build_straw_man_chord_sa. tolerance = 1, sa_iterations = 1000, initial_temperature = 3.0, cooling_rate = 0.999
26 - INFO - chord#: 47 done. best_score=67.0, changed=611, unchanged=231, early_stops=8/8
26 - INFO - chord#: 48 In build_straw_man_chord_sa. tolerance = 1, sa_iterations = 1000, initial_temperature = 3.0, cooling_rate = 0.999
26 - INFO - chord#: 38 done. best_score=27.0, changed=528, unchanged=467, early_stops=8/8
26 - INFO - chord#: 40 In build_straw_man_chord_sa. tolerance = 1, sa_iterations = 1000, initial_temperature = 3.0, cooling_rate = 0.999
26 - INFO - chord#: 44 done. best_score=31.0, changed=541, unchanged=298, early_stops=8/8
26 - INFO - chord#: 46 In build_straw_man_chord_sa. tolerance = 1, sa_iterations = 1000, initial_temperature = 3.0, cooling_rate = 0.999
26 - INFO - chord#: 40 done. best_score=35.0, changed=525, unchanged=427, early_stops=8/8
26 - INFO - chord#: 42 In build_straw_man_chord_sa. tolerance = 1, sa_iterations = 1000, initial_temperature = 3.0, cooling_rate = 0.999
26 - INFO - chord#: 46 done. best_score=27.0, changed=533, unchanged=394, early_stops=8/8
26 - INFO - chord#: 47 In build_straw_man_chord_sa. tolerance = 1, sa_iterations = 1000, initial_temperature = 3.0, cooling_rate = 0.999
26 - INFO - chord#: 48 done. best_score=27.0, changed=518, unchanged=358, early_stops=8/8
26 - INFO - chord#: 56 In build_straw_man_chord_sa. tolerance = 1, sa_iterations = 1000, initial_temperature = 3.0, cooling_rate = 0.999
26 - INFO - chord#: 40 done. best_score=35.0, changed=532, unchanged=456, early_stops=8/8
26 - INFO - chord#: 42 In build_straw_man_chord_sa. tolerance = 1, sa_iterations = 1000, initial_temperature = 3.0, cooling_rate = 0.999
26 - INFO - chord#: 46 done. best_score=27.0, changed=526, unchanged=415, early_stops=8/8
26 - INFO - chord#: 47 In build_straw_man_chord_sa. tolerance = 1, sa_iterations = 1000, initial_temperature = 3.0, cooling_rate = 0.999
26 - INFO - chord#: 48 done. best_score=27.0, changed=530, unchanged=398, early_stops=8/8
26 - INFO - chord#: 56 In build_straw_man_chord_sa. tolerance = 1, sa_iterations = 1000, initial_temperature = 3.0, cooling_rate = 0.999
26 - INFO - chord#: 47 done. best_score=137.0, changed=613, unchanged=379, early_stops=8/8
26 - INFO - chord#: 48 In build_straw_man_chord_sa. tolerance = 1, sa_iterations = 1000, initial_temperature = 3.0, cooling_rate = 0.999
26 - INFO - chord#: 42 done. best_score=36.0, changed=524, unchanged=401, early_stops=8/8
26 - INFO - chord#: 44 In build_straw_man_chord_sa. tolerance = 1, sa_iterations = 1000, initial_temperature = 3.0, cooling_rate = 0.999
26 - INFO - chord#: 48 done. best_score=27.0, changed=519, unchanged=381, early_stops=8/8
26 - INFO - chord#: 56 In build_straw_man_chord_sa. tolerance = 1, sa_iterations = 1000, initial_temperature = 3.0, cooling_rate = 0.999
26 - INFO - chord#: 42 done. best_score=36.0, changed=525, unchanged=308, early_stops=8/8
26 - INFO - chord#: 44 In build_straw_man_chord_sa. tolerance = 1, sa_iterations = 1000, initial_temperature = 3.0, cooling_rate = 0.999
26 - INFO - chord#: 46 done. best_score=27.0, changed=516, unchanged=463, early_stops=8/8
26 - INFO - chord#: 47 In build_straw_man_chord_sa. tolerance = 1, sa_iterations = 1000, initial_temperature = 3.0, cooling_rate = 0.999
26 - INFO - chord#: 56 done. best_score=27.0, changed=527, unchanged=363, early_stops=8/8
26 - INFO - chord#: 60 In build_straw_man_chord_sa. tolerance = 1, sa_iterations = 1000, initial_temperature = 3.0, cooling_rate = 0.999
26 - INFO - chord#: 42 done. best_score=36.0, changed=529, unchanged=323, early_stops=8/8
26 - INFO - chord#: 44 In build_straw_man_chord_sa. tolerance = 1, sa_iterations = 1000, initial_temperature = 3.0, cooling_rate = 0.999
26 - INFO - chord#: 40 done. best_score=35.0, changed=529, unchanged=448, early_stops=8/8
26 - INFO - chord#: 42 In build_straw_man_chord_sa. tolerance = 1, sa_iterations = 1000, initial_temperature = 3.0, cooling_rate = 0.999
26 - INFO - chord#: 42 done. best_score=36.0, changed=527, unchanged=286, early_stops=8/8
26 - INFO - chord#: 44 In build_straw_man_chord_sa. tolerance = 1, sa_iterations = 1000, initial_temperature = 3.0, cooling_rate = 0.999
26 - INFO - chord#: 56 done. best_score=27.0, changed=520, unchanged=323, early_stops=8/8
26 - INFO - chord#: 60 In build_straw_man_chord_sa. tolerance = 1, sa_iterations = 1000, initial_temperature = 3.0, cooling_rate = 0.999
26 - INFO - chord#: 48 done. best_score=27.0, changed=524, unchanged=397, early_stops=8/8
26 - INFO - chord#: 56 In build_straw_man_chord_sa. tolerance = 1, sa_iterations = 1000, initial_temperature = 3.0, cooling_rate = 0.999
26 - INFO - chord#: 56 done. best_score=27.0, changed=517, unchanged=330, early_stops=8/8
26 - INFO - chord#: 60 In build_straw_man_chord_sa. tolerance = 1, sa_iterations = 1000, initial_temperature = 3.0, cooling_rate = 0.999
26 - INFO - chord#: 44 done. best_score=31.0, changed=527, unchanged=302, early_stops=8/8
26 - INFO - chord#: 46 In build_straw_man_chord_sa. tolerance = 1, sa_iterations = 1000, initial_temperature = 3.0, cooling_rate = 0.999
26 - INFO - chord#: 44 done. best_score=31.0, changed=534, unchanged=333, early_stops=8/8
26 - INFO - chord#: 46 In build_straw_man_chord_sa. tolerance = 1, sa_iterations = 1000, initial_temperature = 3.0, cooling_rate = 0.999
26 - INFO - chord#: 60 done. best_score=27.0, changed=522, unchanged=378, early_stops=8/8
26 - INFO - chord#: 64 In build_straw_man_chord_sa. tolerance = 1, sa_iterations = 1000, initial_temperature = 3.0, cooling_rate = 0.999
26 - INFO - chord#: 44 done. best_score=31.0, changed=523, unchanged=288, early_stops=8/8
26 - INFO - chord#: 46 In build_straw_man_chord_sa. tolerance = 1, sa_iterations = 1000, initial_temperature = 3.0, cooling_rate = 0.999
26 - INFO - chord#: 60 done. best_score=27.0, changed=528, unchanged=437, early_stops=8/8
26 - INFO - chord#: 64 In build_straw_man_chord_sa. tolerance = 1, sa_iterations = 1000, initial_temperature = 3.0, cooling_rate = 0.999
26 - INFO - chord#: 44 done. best_score=58.0, changed=553, unchanged=306, early_stops=8/8
26 - INFO - chord#: 46 In build_straw_man_chord_sa. tolerance = 1, sa_iterations = 1000, initial_temperature = 3.0, cooling_rate = 0.999
26 - INFO - chord#: 42 done. best_score=36.0, changed=519, unchanged=314, early_stops=8/8
26 - INFO - chord#: 44 In build_straw_man_chord_sa. tolerance = 1, sa_iterations = 1000, initial_temperature = 3.0, cooling_rate = 0.999
26 - INFO - chord#: 56 done. best_score=27.0, changed=525, unchanged=325, early_stops=8/8
26 - INFO - chord#: 60 In build_straw_man_chord_sa. tolerance = 1, sa_iterations = 1000, initial_temperature = 3.0, cooling_rate = 0.999
26 - INFO - chord#: 47 done. best_score=67.0, changed=617, unchanged=302, early_stops=8/8
26 - INFO - chord#: 48 In build_straw_man_chord_sa. tolerance = 1, sa_iterations = 1000, initial_temperature = 3.0, cooling_rate = 0.999
26 - INFO - chord#: 60 done. best_score=27.0, changed=530, unchanged=442, early_stops=8/8
26 - INFO - chord#: 64 In build_straw_man_chord_sa. tolerance = 1, sa_iterations = 1000, initial_temperature = 3.0, cooling_rate = 0.999
26 - INFO - chord#: 47 done. best_score=125.0, changed=609, unchanged=215, early_stops=8/8
26 - INFO - chord#: 48 In build_straw_man_chord_sa. tolerance = 1, sa_iterations = 1000, initial_temperature = 3.0, cooling_rate = 0.999
26 - INFO - chord#: 64 done. best_score=27.0, changed=519, unchanged=373, early_stops=8/8
26 - INFO - chord#: 68 In build_straw_man_chord_sa. tolerance = 1, sa_iterations = 1000, initial_temperature = 3.0, cooling_rate = 0.999
26 - INFO - chord#: 46 done. best_score=27.0, changed=528, unchanged=408, early_stops=8/8
26 - INFO - chord#: 47 In build_straw_man_chord_sa. tolerance = 1, sa_iterations = 1000, initial_temperature = 3.0, cooling_rate = 0.999
26 - INFO - chord#: 47 done. best_score=67.0, changed=614, unchanged=326, early_stops=8/8
26 - INFO - chord#: 48 In build_straw_man_chord_sa. tolerance = 1, sa_iterations = 1000, initial_temperature = 3.0, cooling_rate = 0.999
26 - INFO - chord#: 46 done. best_score=27.0, changed=526, unchanged=462, early_stops=8/8
26 - INFO - chord#: 47 In build_straw_man_chord_sa. tolerance = 1, sa_iterations = 1000, initial_temperature = 3.0, cooling_rate = 0.999
26 - INFO - chord#: 64 done. best_score=27.0, changed=533, unchanged=380, early_stops=8/8
26 - INFO - chord#: 68 In build_straw_man_chord_sa. tolerance = 1, sa_iterations = 1000, initial_temperature = 3.0, cooling_rate = 0.999
26 - INFO - chord#: 46 done. best_score=27.0, changed=519, unchanged=358, early_stops=8/8
26 - INFO - chord#: 47 In build_straw_man_chord_sa. tolerance = 1, sa_iterations = 1000, initial_temperature = 3.0, cooling_rate = 0.999
26 - INFO - chord#: 60 done. best_score=27.0, changed=525, unchanged=362, early_stops=8/8
26 - INFO - chord#: 64 In build_straw_man_chord_sa. tolerance = 1, sa_iterations = 1000, initial_temperature = 3.0, cooling_rate = 0.999
26 - INFO - chord#: 64 done. best_score=27.0, changed=524, unchanged=323, early_stops=8/8
26 - INFO - chord#: 68 In build_straw_man_chord_sa. tolerance = 1, sa_iterations = 1000, initial_temperature = 3.0, cooling_rate = 0.999
26 - INFO - chord#: 46 done. best_score=27.0, changed=523, unchanged=386, early_stops=8/8
26 - INFO - chord#: 47 In build_straw_man_chord_sa. tolerance = 1, sa_iterations = 1000, initial_temperature = 3.0, cooling_rate = 0.999
26 - INFO - chord#: 48 done. best_score=27.0, changed=526, unchanged=461, early_stops=8/8
26 - INFO - chord#: 56 In build_straw_man_chord_sa. tolerance = 1, sa_iterations = 1000, initial_temperature = 3.0, cooling_rate = 0.999
26 - INFO - chord#: 44 done. best_score=31.0, changed=543, unchanged=381, early_stops=8/8
26 - INFO - chord#: 46 In build_straw_man_chord_sa. tolerance = 1, sa_iterations = 1000, initial_temperature = 3.0, cooling_rate = 0.999
26 - INFO - chord#: 48 done. best_score=57.0, changed=529, unchanged=386, early_stops=8/8
26 - INFO - chord#: 56 In build_straw_man_chord_sa. tolerance = 1, sa_iterations = 1000, initial_temperature = 3.0, cooling_rate = 0.999
26 - INFO - chord#: 68 done. best_score=35.0, changed=525, unchanged=420, early_stops=8/8
26 - INFO - chord#: 70 In build_straw_man_chord_sa. tolerance = 1, sa_iterations = 1000, initial_temperature = 3.0, cooling_rate = 0.999
26 - INFO - chord#: 68 done. best_score=35.0, changed=523, unchanged=412, early_stops=8/8
26 - INFO - chord#: 70 In build_straw_man_chord_sa. tolerance = 1, sa_iterations = 1000, initial_temperature = 3.0, cooling_rate = 0.999
26 - INFO - chord#: 48 done. best_score=27.0, changed=518, unchanged=417, early_stops=8/8
26 - INFO - chord#: 56 In build_straw_man_chord_sa. tolerance = 1, sa_iterations = 1000, initial_temperature = 3.0, cooling_rate = 0.999
26 - INFO - chord#: 64 done. best_score=27.0, changed=522, unchanged=391, early_stops=8/8
26 - INFO - chord#: 68 In build_straw_man_chord_sa. tolerance = 1, sa_iterations = 1000, initial_temperature = 3.0, cooling_rate = 0.999
26 - INFO - chord#: 68 done. best_score=35.0, changed=527, unchanged=384, early_stops=8/8
26 - INFO - chord#: 70 In build_straw_man_chord_sa. tolerance = 1, sa_iterations = 1000, initial_temperature = 3.0, cooling_rate = 0.999
26 - INFO - chord#: 56 done. best_score=27.0, changed=522, unchanged=322, early_stops=8/8
26 - INFO - chord#: 60 In build_straw_man_chord_sa. tolerance = 1, sa_iterations = 1000, initial_temperature = 3.0, cooling_rate = 0.999
26 - INFO - chord#: 56 done. best_score=36.0, changed=522, unchanged=301, early_stops=8/8
26 - INFO - chord#: 60 In build_straw_man_chord_sa. tolerance = 1, sa_iterations = 1000, initial_temperature = 3.0, cooling_rate = 0.999
26 - INFO - chord#: 46 done. best_score=27.0, changed=524, unchanged=391, early_stops=8/8
26 - INFO - chord#: 47 In build_straw_man_chord_sa. tolerance = 1, sa_iterations = 1000, initial_temperature = 3.0, cooling_rate = 0.999
26 - INFO - chord#: 70 done. best_score=36.0, changed=535, unchanged=451, early_stops=8/8
26 - INFO - chord#: 72 In build_straw_man_chord_sa. tolerance = 1, sa_iterations = 1000, initial_temperature = 3.0, cooling_rate = 0.999
26 - INFO - chord#: 70 done. best_score=36.0, changed=523, unchanged=342, early_stops=8/8
26 - INFO - chord#: 72 In build_straw_man_chord_sa. tolerance = 1, sa_iterations = 1000, initial_temperature = 3.0, cooling_rate = 0.999
26 - INFO - chord#: 68 done. best_score=35.0, changed=528, unchanged=376, early_stops=8/8
26 - INFO - chord#: 70 In build_straw_man_chord_sa. tolerance = 1, sa_iterations = 1000, initial_temperature = 3.0, cooling_rate = 0.999
26 - INFO - chord#: 70 done. best_score=36.0, changed=525, unchanged=393, early_stops=8/8
26 - INFO - chord#: 72 In build_straw_man_chord_sa. tolerance = 1, sa_iterations = 1000, initial_temperature = 3.0, cooling_rate = 0.999
26 - INFO - chord#: 60 done. best_score=27.0, changed=526, unchanged=405, early_stops=8/8
26 - INFO - chord#: 64 In build_straw_man_chord_sa. tolerance = 1, sa_iterations = 1000, initial_temperature = 3.0, cooling_rate = 0.999
26 - INFO - chord#: 56 done. best_score=27.0, changed=515, unchanged=308, early_stops=8/8
26 - INFO - chord#: 60 In build_straw_man_chord_sa. tolerance = 1, sa_iterations = 1000, initial_temperature = 3.0, cooling_rate = 0.999
26 - INFO - chord#: 60 done. best_score=27.0, changed=521, unchanged=424, early_stops=8/8
26 - INFO - chord#: 64 In build_straw_man_chord_sa. tolerance = 1, sa_iterations = 1000, initial_temperature = 3.0, cooling_rate = 0.999
26 - INFO - chord#: 47 done. best_score=67.0, changed=608, unchanged=260, early_stops=8/8
26 - INFO - chord#: 48 In build_straw_man_chord_sa. tolerance = 1, sa_iterations = 1000, initial_temperature = 3.0, cooling_rate = 0.999
26 - INFO - chord#: 72 done. best_score=27.0, changed=516, unchanged=422, early_stops=8/8
26 - INFO - chord#: 74 In build_straw_man_chord_sa. tolerance = 1, sa_iterations = 1000, initial_temperature = 3.0, cooling_rate = 0.999
26 - INFO - chord#: 72 done. best_score=27.0, changed=516, unchanged=362, early_stops=8/8
26 - INFO - chord#: 74 In build_straw_man_chord_sa. tolerance = 1, sa_iterations = 1000, initial_temperature = 3.0, cooling_rate = 0.999
26 - INFO - chord#: 47 done. best_score=137.0, changed=611, unchanged=331, early_stops=8/8
26 - INFO - chord#: 48 In build_straw_man_chord_sa. tolerance = 1, sa_iterations = 1000, initial_temperature = 3.0, cooling_rate = 0.999
26 - INFO - chord#: 47 done. best_score=67.0, changed=612, unchanged=309, early_stops=8/8
26 - INFO - chord#: 48 In build_straw_man_chord_sa. tolerance = 1, sa_iterations = 1000, initial_temperature = 3.0, cooling_rate = 0.999
26 - INFO - chord#: 64 done. best_score=27.0, changed=526, unchanged=326, early_stops=8/8
26 - INFO - chord#: 68 In build_straw_man_chord_sa. tolerance = 1, sa_iterations = 1000, initial_temperature = 3.0, cooling_rate = 0.999
26 - INFO - chord#: 70 done. best_score=36.0, changed=523, unchanged=412, early_stops=8/8
26 - INFO - chord#: 72 In build_straw_man_chord_sa. tolerance = 1, sa_iterations = 1000, initial_temperature = 3.0, cooling_rate = 0.999
26 - INFO - chord#: 72 done. best_score=27.0, changed=527, unchanged=512, early_stops=8/8
26 - INFO - chord#: 74 In build_straw_man_chord_sa. tolerance = 1, sa_iterations = 1000, initial_temperature = 3.0, cooling_rate = 0.999
26 - INFO - chord#: 47 done. best_score=96.0, changed=609, unchanged=361, early_stops=8/8
26 - INFO - chord#: 48 In build_straw_man_chord_sa. tolerance = 1, sa_iterations = 1000, initial_temperature = 3.0, cooling_rate = 0.999
26 - INFO - chord#: 60 done. best_score=27.0, changed=526, unchanged=359, early_stops=8/8
26 - INFO - chord#: 64 In build_straw_man_chord_sa. tolerance = 1, sa_iterations = 1000, initial_temperature = 3.0, cooling_rate = 0.999
26 - INFO - chord#: 64 done. best_score=27.0, changed=532, unchanged=475, early_stops=8/8
26 - INFO - chord#: 68 In build_straw_man_chord_sa. tolerance = 1, sa_iterations = 1000, initial_temperature = 3.0, cooling_rate = 0.999
26 - INFO - chord#: 48 done. best_score=27.0, changed=519, unchanged=362, early_stops=8/8
26 - INFO - chord#: 56 In build_straw_man_chord_sa. tolerance = 1, sa_iterations = 1000, initial_temperature = 3.0, cooling_rate = 0.999
26 - INFO - chord#: 68 done. best_score=35.0, changed=524, unchanged=356, early_stops=8/8
26 - INFO - chord#: 70 In build_straw_man_chord_sa. tolerance = 1, sa_iterations = 1000, initial_temperature = 3.0, cooling_rate = 0.999
26 - INFO - chord#: 48 done. best_score=27.0, changed=512, unchanged=401, early_stops=8/8
26 - INFO - chord#: 56 In build_straw_man_chord_sa. tolerance = 1, sa_iterations = 1000, initial_temperature = 3.0, cooling_rate = 0.999
26 - INFO - chord#: 72 done. best_score=27.0, changed=526, unchanged=373, early_stops=8/8
26 - INFO - chord#: 74 In build_straw_man_chord_sa. tolerance = 1, sa_iterations = 1000, initial_temperature = 3.0, cooling_rate = 0.999
26 - INFO - chord#: 48 done. best_score=27.0, changed=533, unchanged=412, early_stops=8/8
26 - INFO - chord#: 56 In build_straw_man_chord_sa. tolerance = 1, sa_iterations = 1000, initial_temperature = 3.0, cooling_rate = 0.999
26 - INFO - chord#: 68 done. best_score=35.0, changed=516, unchanged=311, early_stops=8/8
26 - INFO - chord#: 70 In build_straw_man_chord_sa. tolerance = 1, sa_iterations = 1000, initial_temperature = 3.0, cooling_rate = 0.999
26 - INFO - chord#: 48 done. best_score=27.0, changed=526, unchanged=391, early_stops=8/8
26 - INFO - chord#: 56 In build_straw_man_chord_sa. tolerance = 1, sa_iterations = 1000, initial_temperature = 3.0, cooling_rate = 0.999
26 - INFO - chord#: 64 done. best_score=27.0, changed=524, unchanged=390, early_stops=8/8
26 - INFO - chord#: 68 In build_straw_man_chord_sa. tolerance = 1, sa_iterations = 1000, initial_temperature = 3.0, cooling_rate = 0.999
26 - INFO - chord#: 56 done. best_score=27.0, changed=519, unchanged=354, early_stops=8/8
26 - INFO - chord#: 60 In build_straw_man_chord_sa. tolerance = 1, sa_iterations = 1000, initial_temperature = 3.0, cooling_rate = 0.999
26 - INFO - chord#: 70 done. best_score=36.0, changed=526, unchanged=329, early_stops=8/8
26 - INFO - chord#: 72 In build_straw_man_chord_sa. tolerance = 1, sa_iterations = 1000, initial_temperature = 3.0, cooling_rate = 0.999
26 - INFO - chord#: 47 done. best_score=67.0, changed=614, unchanged=428, early_stops=8/8
26 - INFO - chord#: 48 In build_straw_man_chord_sa. tolerance = 1, sa_iterations = 1000, initial_temperature = 3.0, cooling_rate = 0.999
26 - INFO - chord#: 74 done. best_score=120.0, changed=614, unchanged=238, early_stops=8/8
26 - INFO - chord#: 76 In build_straw_man_chord_sa. tolerance = 1, sa_iterations = 1000, initial_temperature = 3.0, cooling_rate = 0.999
26 - INFO - chord#: 74 done. best_score=82.0, changed=610, unchanged=308, early_stops=8/8
26 - INFO - chord#: 76 In build_straw_man_chord_sa. tolerance = 1, sa_iterations = 1000, initial_temperature = 3.0, cooling_rate = 0.999
26 - INFO - chord#: 70 done. best_score=36.0, changed=533, unchanged=453, early_stops=8/8
26 - INFO - chord#: 72 In build_straw_man_chord_sa. tolerance = 1, sa_iterations = 1000, initial_temperature = 3.0, cooling_rate = 0.999
26 - INFO - chord#: 56 done. best_score=27.0, changed=535, unchanged=413, early_stops=8/8
26 - INFO - chord#: 60 In build_straw_man_chord_sa. tolerance = 1, sa_iterations = 1000, initial_temperature = 3.0, cooling_rate = 0.999
26 - INFO - chord#: 56 done. best_score=27.0, changed=520, unchanged=363, early_stops=8/8
26 - INFO - chord#: 60 In build_straw_man_chord_sa. tolerance = 1, sa_iterations = 1000, initial_temperature = 3.0, cooling_rate = 0.999
26 - INFO - chord#: 56 done. best_score=27.0, changed=525, unchanged=327, early_stops=8/8
26 - INFO - chord#: 60 In build_straw_man_chord_sa. tolerance = 1, sa_iterations = 1000, initial_temperature = 3.0, cooling_rate = 0.999
26 - INFO - chord#: 74 done. best_score=97.0, changed=614, unchanged=353, early_stops=8/8
26 - INFO - chord#: 76 In build_straw_man_chord_sa. tolerance = 1, sa_iterations = 1000, initial_temperature = 3.0, cooling_rate = 0.999
26 - INFO - chord#: 68 done. best_score=35.0, changed=526, unchanged=500, early_stops=8/8
26 - INFO - chord#: 70 In build_straw_man_chord_sa. tolerance = 1, sa_iterations = 1000, initial_temperature = 3.0, cooling_rate = 0.999
26 - INFO - chord#: 60 done. best_score=27.0, changed=525, unchanged=315, early_stops=8/8
26 - INFO - chord#: 64 In build_straw_man_chord_sa. tolerance = 1, sa_iterations = 1000, initial_temperature = 3.0, cooling_rate = 0.999
26 - INFO - chord#: 76 done. best_score=31.0, changed=521, unchanged=377, early_stops=8/8
26 - INFO - chord#: 80 In build_straw_man_chord_sa. tolerance = 1, sa_iterations = 1000, initial_temperature = 3.0, cooling_rate = 0.999
26 - INFO - chord#: 76 done. best_score=31.0, changed=523, unchanged=356, early_stops=8/8
26 - INFO - chord#: 80 In build_straw_man_chord_sa. tolerance = 1, sa_iterations = 1000, initial_temperature = 3.0, cooling_rate = 0.999
26 - INFO - chord#: 72 done. best_score=27.0, changed=519, unchanged=374, early_stops=8/8
26 - INFO - chord#: 74 In build_straw_man_chord_sa. tolerance = 1, sa_iterations = 1000, initial_temperature = 3.0, cooling_rate = 0.999
26 - INFO - chord#: 48 done. best_score=27.0, changed=514, unchanged=378, early_stops=8/8
26 - INFO - chord#: 56 In build_straw_man_chord_sa. tolerance = 1, sa_iterations = 1000, initial_temperature = 3.0, cooling_rate = 0.999
26 - INFO - chord#: 72 done. best_score=27.0, changed=518, unchanged=411, early_stops=8/8
26 - INFO - chord#: 74 In build_straw_man_chord_sa. tolerance = 1, sa_iterations = 1000, initial_temperature = 3.0, cooling_rate = 0.999
26 - INFO - chord#: 60 done. best_score=27.0, changed=525, unchanged=333, early_stops=8/8
26 - INFO - chord#: 64 In build_straw_man_chord_sa. tolerance = 1, sa_iterations = 1000, initial_temperature = 3.0, cooling_rate = 0.999
26 - INFO - chord#: 60 done. best_score=27.0, changed=529, unchanged=346, early_stops=8/8
26 - INFO - chord#: 64 In build_straw_man_chord_sa. tolerance = 1, sa_iterations = 1000, initial_temperature = 3.0, cooling_rate = 0.999
26 - INFO - chord#: 76 done. best_score=31.0, changed=520, unchanged=322, early_stops=8/8
26 - INFO - chord#: 80 In build_straw_man_chord_sa. tolerance = 1, sa_iterations = 1000, initial_temperature = 3.0, cooling_rate = 0.999
26 - INFO - chord#: 60 done. best_score=27.0, changed=531, unchanged=375, early_stops=8/8
26 - INFO - chord#: 64 In build_straw_man_chord_sa. tolerance = 1, sa_iterations = 1000, initial_temperature = 3.0, cooling_rate = 0.999
26 - INFO - chord#: 64 done. best_score=27.0, changed=529, unchanged=357, early_stops=8/8
26 - INFO - chord#: 68 In build_straw_man_chord_sa. tolerance = 1, sa_iterations = 1000, initial_temperature = 3.0, cooling_rate = 0.999
26 - INFO - chord#: 80 done. best_score=27.0, changed=520, unchanged=447, early_stops=8/8
26 - INFO - chord#: 84 In build_straw_man_chord_sa. tolerance = 1, sa_iterations = 1000, initial_temperature = 3.0, cooling_rate = 0.999
26 - INFO - chord#: 74 done. best_score=82.0, changed=616, unchanged=503, early_stops=8/8
26 - INFO - chord#: 76 In build_straw_man_chord_sa. tolerance = 1, sa_iterations = 1000, initial_temperature = 3.0, cooling_rate = 0.999
26 - INFO - chord#: 70 done. best_score=36.0, changed=522, unchanged=333, early_stops=8/8
26 - INFO - chord#: 72 In build_straw_man_chord_sa. tolerance = 1, sa_iterations = 1000, initial_temperature = 3.0, cooling_rate = 0.999
26 - INFO - chord#: 80 done. best_score=27.0, changed=522, unchanged=462, early_stops=8/8
26 - INFO - chord#: 84 In build_straw_man_chord_sa. tolerance = 1, sa_iterations = 1000, initial_temperature = 3.0, cooling_rate = 0.999
26 - INFO - chord#: 56 done. best_score=27.0, changed=525, unchanged=359, early_stops=8/8
26 - INFO - chord#: 60 In build_straw_man_chord_sa. tolerance = 1, sa_iterations = 1000, initial_temperature = 3.0, cooling_rate = 0.999
26 - INFO - chord#: 64 done. best_score=27.0, changed=523, unchanged=364, early_stops=8/8
26 - INFO - chord#: 68 In build_straw_man_chord_sa. tolerance = 1, sa_iterations = 1000, initial_temperature = 3.0, cooling_rate = 0.999
26 - INFO - chord#: 64 done. best_score=27.0, changed=527, unchanged=337, early_stops=8/8
26 - INFO - chord#: 68 In build_straw_man_chord_sa. tolerance = 1, sa_iterations = 1000, initial_temperature = 3.0, cooling_rate = 0.999
26 - INFO - chord#: 80 done. best_score=27.0, changed=523, unchanged=422, early_stops=8/8
26 - INFO - chord#: 84 In build_straw_man_chord_sa. tolerance = 1, sa_iterations = 1000, initial_temperature = 3.0, cooling_rate = 0.999
26 - INFO - chord#: 64 done. best_score=27.0, changed=523, unchanged=321, early_stops=8/8
26 - INFO - chord#: 68 In build_straw_man_chord_sa. tolerance = 1, sa_iterations = 1000, initial_temperature = 3.0, cooling_rate = 0.999
26 - INFO - chord#: 76 done. best_score=31.0, changed=531, unchanged=400, early_stops=8/8
26 - INFO - chord#: 80 In build_straw_man_chord_sa. tolerance = 1, sa_iterations = 1000, initial_temperature = 3.0, cooling_rate = 0.999
26 - INFO - chord#: 84 done. best_score=27.0, changed=528, unchanged=313, early_stops=8/8
26 - INFO - chord#: 88 In build_straw_man_chord_sa. tolerance = 1, sa_iterations = 1000, initial_temperature = 3.0, cooling_rate = 0.999
26 - INFO - chord#: 84 done. best_score=27.0, changed=528, unchanged=479, early_stops=8/8
26 - INFO - chord#: 88 In build_straw_man_chord_sa. tolerance = 1, sa_iterations = 1000, initial_temperature = 3.0, cooling_rate = 0.999
26 - INFO - chord#: 68 done. best_score=35.0, changed=523, unchanged=430, early_stops=8/8
26 - INFO - chord#: 70 In build_straw_man_chord_sa. tolerance = 1, sa_iterations = 1000, initial_temperature = 3.0, cooling_rate = 0.999
26 - INFO - chord#: 74 done. best_score=108.0, changed=612, unchanged=262, early_stops=8/8
26 - INFO - chord#: 76 In build_straw_man_chord_sa. tolerance = 1, sa_iterations = 1000, initial_temperature = 3.0, cooling_rate = 0.999
26 - INFO - chord#: 60 done. best_score=27.0, changed=521, unchanged=313, early_stops=8/8
26 - INFO - chord#: 64 In build_straw_man_chord_sa. tolerance = 1, sa_iterations = 1000, initial_temperature = 3.0, cooling_rate = 0.999
26 - INFO - chord#: 72 done. best_score=27.0, changed=525, unchanged=360, early_stops=8/8
26 - INFO - chord#: 74 In build_straw_man_chord_sa. tolerance = 1, sa_iterations = 1000, initial_temperature = 3.0, cooling_rate = 0.999
26 - INFO - chord#: 84 done. best_score=27.0, changed=528, unchanged=430, early_stops=8/8
26 - INFO - chord#: 88 In build_straw_man_chord_sa. tolerance = 1, sa_iterations = 1000, initial_temperature = 3.0, cooling_rate = 0.999
26 - INFO - chord#: 68 done. best_score=35.0, changed=531, unchanged=391, early_stops=8/8
26 - INFO - chord#: 70 In build_straw_man_chord_sa. tolerance = 1, sa_iterations = 1000, initial_temperature = 3.0, cooling_rate = 0.999
26 - INFO - chord#: 68 done. best_score=35.0, changed=515, unchanged=337, early_stops=8/8
26 - INFO - chord#: 70 In build_straw_man_chord_sa. tolerance = 1, sa_iterations = 1000, initial_temperature = 3.0, cooling_rate = 0.999
26 - INFO - chord#: 74 done. best_score=120.0, changed=615, unchanged=334, early_stops=8/8
26 - INFO - chord#: 76 In build_straw_man_chord_sa. tolerance = 1, sa_iterations = 1000, initial_temperature = 3.0, cooling_rate = 0.999
26 - INFO - chord#: 68 done. best_score=35.0, changed=518, unchanged=335, early_stops=8/8
26 - INFO - chord#: 70 In build_straw_man_chord_sa. tolerance = 1, sa_iterations = 1000, initial_temperature = 3.0, cooling_rate = 0.999
26 - INFO - chord#: 80 done. best_score=27.0, changed=517, unchanged=397, early_stops=8/8
26 - INFO - chord#: 84 In build_straw_man_chord_sa. tolerance = 1, sa_iterations = 1000, initial_temperature = 3.0, cooling_rate = 0.999
26 - INFO - chord#: 76 done. best_score=31.0, changed=529, unchanged=445, early_stops=8/8
26 - INFO - chord#: 80 In build_straw_man_chord_sa. tolerance = 1, sa_iterations = 1000, initial_temperature = 3.0, cooling_rate = 0.999
26 - INFO - chord#: 70 done. best_score=36.0, changed=521, unchanged=392, early_stops=8/8
26 - INFO - chord#: 72 In build_straw_man_chord_sa. tolerance = 1, sa_iterations = 1000, initial_temperature = 3.0, cooling_rate = 0.999
26 - INFO - chord#: 64 done. best_score=27.0, changed=521, unchanged=355, early_stops=8/8
26 - INFO - chord#: 68 In build_straw_man_chord_sa. tolerance = 1, sa_iterations = 1000, initial_temperature = 3.0, cooling_rate = 0.999
26 - INFO - chord#: 84 done. best_score=27.0, changed=521, unchanged=365, early_stops=8/8
26 - INFO - chord#: 88 In build_straw_man_chord_sa. tolerance = 1, sa_iterations = 1000, initial_temperature = 3.0, cooling_rate = 0.999
26 - INFO - chord#: 76 done. best_score=31.0, changed=533, unchanged=531, early_stops=8/8
26 - INFO - chord#: 80 In build_straw_man_chord_sa. tolerance = 1, sa_iterations = 1000, initial_temperature = 3.0, cooling_rate = 0.999
26 - INFO - chord#: 70 done. best_score=36.0, changed=517, unchanged=305, early_stops=8/8
26 - INFO - chord#: 72 In build_straw_man_chord_sa. tolerance = 1, sa_iterations = 1000, initial_temperature = 3.0, cooling_rate = 0.999
26 - INFO - chord#: 70 done. best_score=36.0, changed=524, unchanged=369, early_stops=8/8
26 - INFO - chord#: 72 In build_straw_man_chord_sa. tolerance = 1, sa_iterations = 1000, initial_temperature = 3.0, cooling_rate = 0.999
26 - INFO - chord#: 70 done. best_score=36.0, changed=519, unchanged=298, early_stops=8/8
26 - INFO - chord#: 72 In build_straw_man_chord_sa. tolerance = 1, sa_iterations = 1000, initial_temperature = 3.0, cooling_rate = 0.999
26 - INFO - chord#: 80 done. best_score=27.0, changed=518, unchanged=359, early_stops=8/8
26 - INFO - chord#: 84 In build_straw_man_chord_sa. tolerance = 1, sa_iterations = 1000, initial_temperature = 3.0, cooling_rate = 0.999
26 - INFO - chord#: 88 done. best_score=82.0, changed=608, unchanged=305, early_stops=8/8
26 - INFO - chord#: 90 In build_straw_man_chord_sa. tolerance = 1, sa_iterations = 1000, initial_temperature = 3.0, cooling_rate = 0.999
26 - INFO - chord#: 88 done. best_score=120.0, changed=612, unchanged=315, early_stops=8/8
26 - INFO - chord#: 90 In build_straw_man_chord_sa. tolerance = 1, sa_iterations = 1000, initial_temperature = 3.0, cooling_rate = 0.999
26 - INFO - chord#: 68 done. best_score=35.0, changed=525, unchanged=419, early_stops=8/8
26 - INFO - chord#: 70 In build_straw_man_chord_sa. tolerance = 1, sa_iterations = 1000, initial_temperature = 3.0, cooling_rate = 0.999
26 - INFO - chord#: 72 done. best_score=27.0, changed=523, unchanged=419, early_stops=8/8
26 - INFO - chord#: 74 In build_straw_man_chord_sa. tolerance = 1, sa_iterations = 1000, initial_temperature = 3.0, cooling_rate = 0.999
26 - INFO - chord#: 80 done. best_score=27.0, changed=517, unchanged=354, early_stops=8/8
26 - INFO - chord#: 84 In build_straw_man_chord_sa. tolerance = 1, sa_iterations = 1000, initial_temperature = 3.0, cooling_rate = 0.999
26 - INFO - chord#: 84 done. best_score=27.0, changed=525, unchanged=335, early_stops=8/8
26 - INFO - chord#: 88 In build_straw_man_chord_sa. tolerance = 1, sa_iterations = 1000, initial_temperature = 3.0, cooling_rate = 0.999
26 - INFO - chord#: 88 done. best_score=120.0, changed=612, unchanged=292, early_stops=8/8
26 - INFO - chord#: 90 In build_straw_man_chord_sa. tolerance = 1, sa_iterations = 1000, initial_temperature = 3.0, cooling_rate = 0.999
26 - INFO - chord#: 74 done. best_score=146.0, changed=611, unchanged=277, early_stops=8/8
26 - INFO - chord#: 76 In build_straw_man_chord_sa. tolerance = 1, sa_iterations = 1000, initial_temperature = 3.0, cooling_rate = 0.999
26 - INFO - chord#: 72 done. best_score=27.0, changed=519, unchanged=319, early_stops=8/8
26 - INFO - chord#: 74 In build_straw_man_chord_sa. tolerance = 1, sa_iterations = 1000, initial_temperature = 3.0, cooling_rate = 0.999
26 - INFO - chord#: 90 done. best_score=27.0, changed=528, unchanged=432, early_stops=8/8
26 - INFO - chord#: 92 In build_straw_man_chord_sa. tolerance = 1, sa_iterations = 1000, initial_temperature = 3.0, cooling_rate = 0.999
26 - INFO - chord#: 72 done. best_score=27.0, changed=514, unchanged=349, early_stops=8/8
26 - INFO - chord#: 74 In build_straw_man_chord_sa. tolerance = 1, sa_iterations = 1000, initial_temperature = 3.0, cooling_rate = 0.999
26 - INFO - chord#: 72 done. best_score=27.0, changed=521, unchanged=449, early_stops=8/8
26 - INFO - chord#: 74 In build_straw_man_chord_sa. tolerance = 1, sa_iterations = 1000, initial_temperature = 3.0, cooling_rate = 0.999
26 - INFO - chord#: 90 done. best_score=27.0, changed=532, unchanged=358, early_stops=8/8
26 - INFO - chord#: 92 In build_straw_man_chord_sa. tolerance = 1, sa_iterations = 1000, initial_temperature = 3.0, cooling_rate = 0.999
26 - INFO - chord#: 84 done. best_score=27.0, changed=523, unchanged=457, early_stops=8/8
26 - INFO - chord#: 88 In build_straw_man_chord_sa. tolerance = 1, sa_iterations = 1000, initial_temperature = 3.0, cooling_rate = 0.999
26 - INFO - chord#: 70 done. best_score=36.0, changed=522, unchanged=390, early_stops=8/8
26 - INFO - chord#: 72 In build_straw_man_chord_sa. tolerance = 1, sa_iterations = 1000, initial_temperature = 3.0, cooling_rate = 0.999
26 - INFO - chord#: 88 done. best_score=120.0, changed=612, unchanged=240, early_stops=8/8
26 - INFO - chord#: 90 In build_straw_man_chord_sa. tolerance = 1, sa_iterations = 1000, initial_temperature = 3.0, cooling_rate = 0.999
26 - INFO - chord#: 90 done. best_score=27.0, changed=521, unchanged=376, early_stops=8/8
26 - INFO - chord#: 92 In build_straw_man_chord_sa. tolerance = 1, sa_iterations = 1000, initial_temperature = 3.0, cooling_rate = 0.999
26 - INFO - chord#: 92 done. best_score=27.0, changed=535, unchanged=357, early_stops=8/8
26 - INFO - chord#: 94 In build_straw_man_chord_sa. tolerance = 1, sa_iterations = 1000, initial_temperature = 3.0, cooling_rate = 0.999
26 - INFO - chord#: 76 done. best_score=31.0, changed=526, unchanged=389, early_stops=8/8
26 - INFO - chord#: 80 In build_straw_man_chord_sa. tolerance = 1, sa_iterations = 1000, initial_temperature = 3.0, cooling_rate = 0.999
26 - INFO - chord#: 92 done. best_score=27.0, changed=540, unchanged=405, early_stops=8/8
26 - INFO - chord#: 94 In build_straw_man_chord_sa. tolerance = 1, sa_iterations = 1000, initial_temperature = 3.0, cooling_rate = 0.999
26 - INFO - chord#: 92 done. best_score=27.0, changed=534, unchanged=427, early_stops=8/8
26 - INFO - chord#: 94 In build_straw_man_chord_sa. tolerance = 1, sa_iterations = 1000, initial_temperature = 3.0, cooling_rate = 0.999
26 - INFO - chord#: 90 done. best_score=27.0, changed=536, unchanged=375, early_stops=8/8
26 - INFO - chord#: 92 In build_straw_man_chord_sa. tolerance = 1, sa_iterations = 1000, initial_temperature = 3.0, cooling_rate = 0.999
26 - INFO - chord#: 72 done. best_score=27.0, changed=523, unchanged=464, early_stops=8/8
26 - INFO - chord#: 74 In build_straw_man_chord_sa. tolerance = 1, sa_iterations = 1000, initial_temperature = 3.0, cooling_rate = 0.999
26 - INFO - chord#: 80 done. best_score=27.0, changed=517, unchanged=394, early_stops=8/8
26 - INFO - chord#: 84 In build_straw_man_chord_sa. tolerance = 1, sa_iterations = 1000, initial_temperature = 3.0, cooling_rate = 0.999
26 - INFO - chord#: 88 done. best_score=120.0, changed=613, unchanged=322, early_stops=8/8
26 - INFO - chord#: 90 In build_straw_man_chord_sa. tolerance = 1, sa_iterations = 1000, initial_temperature = 3.0, cooling_rate = 0.999
26 - INFO - chord#: 74 done. best_score=82.0, changed=611, unchanged=312, early_stops=8/8
26 - INFO - chord#: 76 In build_straw_man_chord_sa. tolerance = 1, sa_iterations = 1000, initial_temperature = 3.0, cooling_rate = 0.999
26 - INFO - chord#: 92 done. best_score=27.0, changed=530, unchanged=367, early_stops=8/8
26 - INFO - chord#: 94 In build_straw_man_chord_sa. tolerance = 1, sa_iterations = 1000, initial_temperature = 3.0, cooling_rate = 0.999
26 - INFO - chord#: 74 done. best_score=82.0, changed=607, unchanged=221, early_stops=8/8
26 - INFO - chord#: 76 In build_straw_man_chord_sa. tolerance = 1, sa_iterations = 1000, initial_temperature = 3.0, cooling_rate = 0.999
26 - INFO - chord#: 74 done. best_score=82.0, changed=609, unchanged=275, early_stops=8/8
26 - INFO - chord#: 76 In build_straw_man_chord_sa. tolerance = 1, sa_iterations = 1000, initial_temperature = 3.0, cooling_rate = 0.999
26 - INFO - chord#: 88 done. best_score=82.0, changed=611, unchanged=237, early_stops=8/8
26 - INFO - chord#: 90 In build_straw_man_chord_sa. tolerance = 1, sa_iterations = 1000, initial_temperature = 3.0, cooling_rate = 0.999
26 - INFO - chord#: 74 done. best_score=82.0, changed=610, unchanged=328, early_stops=8/8
26 - INFO - chord#: 76 In build_straw_man_chord_sa. tolerance = 1, sa_iterations = 1000, initial_temperature = 3.0, cooling_rate = 0.999
26 - INFO - chord#: 94 done. best_score=155.0, changed=613, unchanged=306, early_stops=8/8
26 - INFO - chord#: 96 In build_straw_man_chord_sa. tolerance = 1, sa_iterations = 1000, initial_temperature = 3.0, cooling_rate = 0.999
26 - INFO - chord#: 84 done. best_score=27.0, changed=523, unchanged=371, early_stops=8/8
26 - INFO - chord#: 88 In build_straw_man_chord_sa. tolerance = 1, sa_iterations = 1000, initial_temperature = 3.0, cooling_rate = 0.999
26 - INFO - chord#: 90 done. best_score=27.0, changed=530, unchanged=410, early_stops=8/8
26 - INFO - chord#: 92 In build_straw_man_chord_sa. tolerance = 1, sa_iterations = 1000, initial_temperature = 3.0, cooling_rate = 0.999
26 - INFO - chord#: 94 done. best_score=78.0, changed=616, unchanged=357, early_stops=8/8
26 - INFO - chord#: 96 In build_straw_man_chord_sa. tolerance = 1, sa_iterations = 1000, initial_temperature = 3.0, cooling_rate = 0.999
26 - INFO - chord#: 90 done. best_score=27.0, changed=541, unchanged=338, early_stops=8/8
26 - INFO - chord#: 76 done. best_score=31.0, changed=533, unchanged=346, early_stops=8/8
26 - INFO - chord#: 92 In build_straw_man_chord_sa. tolerance = 1, sa_iterations = 1000, initial_temperature = 3.0, cooling_rate = 0.999
26 - INFO - chord#: 80 In build_straw_man_chord_sa. tolerance = 1, sa_iterations = 1000, initial_temperature = 3.0, cooling_rate = 0.999
26 - INFO - chord#: 76 done. best_score=31.0, changed=523, unchanged=311, early_stops=8/8
26 - INFO - chord#: 80 In build_straw_man_chord_sa. tolerance = 1, sa_iterations = 1000, initial_temperature = 3.0, cooling_rate = 0.999
26 - INFO - chord#: 76 done. best_score=31.0, changed=527, unchanged=401, early_stops=8/8
26 - INFO - chord#: 80 In build_straw_man_chord_sa. tolerance = 1, sa_iterations = 1000, initial_temperature = 3.0, cooling_rate = 0.999
26 - INFO - chord#: 76 done. best_score=31.0, changed=516, unchanged=329, early_stops=8/8
26 - INFO - chord#: 80 In build_straw_man_chord_sa. tolerance = 1, sa_iterations = 1000, initial_temperature = 3.0, cooling_rate = 0.999
26 - INFO - chord#: 94 done. best_score=78.0, changed=615, unchanged=348, early_stops=8/8
26 - INFO - chord#: 96 In build_straw_man_chord_sa. tolerance = 1, sa_iterations = 1000, initial_temperature = 3.0, cooling_rate = 0.999
26 - INFO - chord#: 92 done. best_score=27.0, changed=517, unchanged=301, early_stops=8/8
26 - INFO - chord#: 94 In build_straw_man_chord_sa. tolerance = 1, sa_iterations = 1000, initial_temperature = 3.0, cooling_rate = 0.999
26 - INFO - chord#: 74 done. best_score=82.0, changed=619, unchanged=274, early_stops=8/8
26 - INFO - chord#: 76 In build_straw_man_chord_sa. tolerance = 1, sa_iterations = 1000, initial_temperature = 3.0, cooling_rate = 0.999
26 - INFO - chord#: 92 done. best_score=27.0, changed=524, unchanged=324, early_stops=8/8
26 - INFO - chord#: 94 In build_straw_man_chord_sa. tolerance = 1, sa_iterations = 1000, initial_temperature = 3.0, cooling_rate = 0.999
26 - INFO - chord#: 80 done. best_score=27.0, changed=522, unchanged=363, early_stops=8/8
26 - INFO - chord#: 84 In build_straw_man_chord_sa. tolerance = 1, sa_iterations = 1000, initial_temperature = 3.0, cooling_rate = 0.999
26 - INFO - chord#: 94 done. best_score=78.0, changed=607, unchanged=310, early_stops=8/8
26 - INFO - chord#: 96 In build_straw_man_chord_sa. tolerance = 1, sa_iterations = 1000, initial_temperature = 3.0, cooling_rate = 0.999
26 - INFO - chord#: 80 done. best_score=27.0, changed=518, unchanged=380, early_stops=8/8
26 - INFO - chord#: 84 In build_straw_man_chord_sa. tolerance = 1, sa_iterations = 1000, initial_temperature = 3.0, cooling_rate = 0.999
26 - INFO - chord#: 80 done. best_score=27.0, changed=524, unchanged=512, early_stops=8/8
26 - INFO - chord#: 84 In build_straw_man_chord_sa. tolerance = 1, sa_iterations = 1000, initial_temperature = 3.0, cooling_rate = 0.999
26 - INFO - chord#: 80 done. best_score=27.0, changed=528, unchanged=459, early_stops=8/8
26 - INFO - chord#: 84 In build_straw_man_chord_sa. tolerance = 1, sa_iterations = 1000, initial_temperature = 3.0, cooling_rate = 0.999
26 - INFO - chord#: 96 done. best_score=70.0, changed=609, unchanged=300, early_stops=8/8
26 - INFO - chord#: 98 In build_straw_man_chord_sa. tolerance = 1, sa_iterations = 1000, initial_temperature = 3.0, cooling_rate = 0.999
26 - INFO - chord#: 76 done. best_score=31.0, changed=526, unchanged=331, early_stops=8/8
26 - INFO - chord#: 80 In build_straw_man_chord_sa. tolerance = 1, sa_iterations = 1000, initial_temperature = 3.0, cooling_rate = 0.999
26 - INFO - chord#: 96 done. best_score=70.0, changed=612, unchanged=352, early_stops=8/8
26 - INFO - chord#: 98 In build_straw_man_chord_sa. tolerance = 1, sa_iterations = 1000, initial_temperature = 3.0, cooling_rate = 0.999
26 - INFO - chord#: 84 done. best_score=27.0, changed=519, unchanged=303, early_stops=8/8
26 - INFO - chord#: 88 In build_straw_man_chord_sa. tolerance = 1, sa_iterations = 1000, initial_temperature = 3.0, cooling_rate = 0.999
26 - INFO - chord#: 84 done. best_score=27.0, changed=520, unchanged=400, early_stops=8/8
26 - INFO - chord#: 88 In build_straw_man_chord_sa. tolerance = 1, sa_iterations = 1000, initial_temperature = 3.0, cooling_rate = 0.999
26 - INFO - chord#: 84 done. best_score=27.0, changed=521, unchanged=330, early_stops=8/8
26 - INFO - chord#: 88 In build_straw_man_chord_sa. tolerance = 1, sa_iterations = 1000, initial_temperature = 3.0, cooling_rate = 0.999
26 - INFO - chord#: 98 done. best_score=27.0, changed=526, unchanged=368, early_stops=8/8
26 - INFO - chord#: 100 In build_straw_man_chord_sa. tolerance = 1, sa_iterations = 1000, initial_temperature = 3.0, cooling_rate = 0.999
26 - INFO - chord#: 84 done. best_score=27.0, changed=523, unchanged=429, early_stops=8/8
26 - INFO - chord#: 88 In build_straw_man_chord_sa. tolerance = 1, sa_iterations = 1000, initial_temperature = 3.0, cooling_rate = 0.999
26 - INFO - chord#: 88 done. best_score=82.0, changed=610, unchanged=367, early_stops=8/8
26 - INFO - chord#: 90 In build_straw_man_chord_sa. tolerance = 1, sa_iterations = 1000, initial_temperature = 3.0, cooling_rate = 0.999
26 - INFO - chord#: 94 done. best_score=119.0, changed=613, unchanged=263, early_stops=8/8
26 - INFO - chord#: 96 In build_straw_man_chord_sa. tolerance = 1, sa_iterations = 1000, initial_temperature = 3.0, cooling_rate = 0.999
26 - INFO - chord#: 96 done. best_score=75.0, changed=615, unchanged=462, early_stops=8/8
26 - INFO - chord#: 98 In build_straw_man_chord_sa. tolerance = 1, sa_iterations = 1000, initial_temperature = 3.0, cooling_rate = 0.999
26 - INFO - chord#: 80 done. best_score=27.0, changed=517, unchanged=503, early_stops=8/8
26 - INFO - chord#: 84 In build_straw_man_chord_sa. tolerance = 1, sa_iterations = 1000, initial_temperature = 3.0, cooling_rate = 0.999
26 - INFO - chord#: 96 done. best_score=75.0, changed=613, unchanged=232, early_stops=8/8
26 - INFO - chord#: 98 In build_straw_man_chord_sa. tolerance = 1, sa_iterations = 1000, initial_temperature = 3.0, cooling_rate = 0.999
26 - INFO - chord#: 98 done. best_score=27.0, changed=523, unchanged=387, early_stops=8/8
26 - INFO - chord#: 100 In build_straw_man_chord_sa. tolerance = 1, sa_iterations = 1000, initial_temperature = 3.0, cooling_rate = 0.999
26 - INFO - chord#: 94 done. best_score=119.0, changed=615, unchanged=446, early_stops=8/8
26 - INFO - chord#: 96 In build_straw_man_chord_sa. tolerance = 1, sa_iterations = 1000, initial_temperature = 3.0, cooling_rate = 0.999
26 - INFO - chord#: 100 done. best_score=31.0, changed=528, unchanged=478, early_stops=8/8
26 - INFO - chord#: 102 In build_straw_man_chord_sa. tolerance = 1, sa_iterations = 1000, initial_temperature = 3.0, cooling_rate = 0.999
26 - INFO - chord#: 98 done. best_score=36.0, changed=533, unchanged=311, early_stops=8/8
26 - INFO - chord#: 100 In build_straw_man_chord_sa. tolerance = 1, sa_iterations = 1000, initial_temperature = 3.0, cooling_rate = 0.999
26 - INFO - chord#: 90 done. best_score=27.0, changed=521, unchanged=338, early_stops=8/8
26 - INFO - chord#: 92 In build_straw_man_chord_sa. tolerance = 1, sa_iterations = 1000, initial_temperature = 3.0, cooling_rate = 0.999
26 - INFO - chord#: 98 done. best_score=27.0, changed=525, unchanged=344, early_stops=8/8
26 - INFO - chord#: 100 In build_straw_man_chord_sa. tolerance = 1, sa_iterations = 1000, initial_temperature = 3.0, cooling_rate = 0.999
26 - INFO - chord#: 100 done. best_score=31.0, changed=530, unchanged=412, early_stops=8/8
26 - INFO - chord#: 102 In build_straw_man_chord_sa. tolerance = 1, sa_iterations = 1000, initial_temperature = 3.0, cooling_rate = 0.999
26 - INFO - chord#: 84 done. best_score=27.0, changed=520, unchanged=297, early_stops=8/8
26 - INFO - chord#: 88 In build_straw_man_chord_sa. tolerance = 1, sa_iterations = 1000, initial_temperature = 3.0, cooling_rate = 0.999
26 - INFO - chord#: 102 done. best_score=27.0, changed=517, unchanged=399, early_stops=8/8
26 - INFO - chord#: 103 In build_straw_man_chord_sa. tolerance = 1, sa_iterations = 1000, initial_temperature = 3.0, cooling_rate = 0.999
26 - INFO - chord#: 100 done. best_score=31.0, changed=576, unchanged=240, early_stops=8/8
26 - INFO - chord#: 102 In build_straw_man_chord_sa. tolerance = 1, sa_iterations = 1000, initial_temperature = 3.0, cooling_rate = 0.999
26 - INFO - chord#: 100 done. best_score=31.0, changed=524, unchanged=395, early_stops=8/8
26 - INFO - chord#: 102 In build_straw_man_chord_sa. tolerance = 1, sa_iterations = 1000, initial_temperature = 3.0, cooling_rate = 0.999
26 - INFO - chord#: 92 done. best_score=27.0, changed=530, unchanged=380, early_stops=8/8
26 - INFO - chord#: 94 In build_straw_man_chord_sa. tolerance = 1, sa_iterations = 1000, initial_temperature = 3.0, cooling_rate = 0.999
26 - INFO - chord#: 88 done. best_score=82.0, changed=607, unchanged=245, early_stops=8/8
26 - INFO - chord#: 90 In build_straw_man_chord_sa. tolerance = 1, sa_iterations = 1000, initial_temperature = 3.0, cooling_rate = 0.999
26 - INFO - chord#: 102 done. best_score=27.0, changed=522, unchanged=383, early_stops=8/8
26 - INFO - chord#: 103 In build_straw_man_chord_sa. tolerance = 1, sa_iterations = 1000, initial_temperature = 3.0, cooling_rate = 0.999
26 - INFO - chord#: 88 done. best_score=120.0, changed=616, unchanged=303, early_stops=8/8
26 - INFO - chord#: 90 In build_straw_man_chord_sa. tolerance = 1, sa_iterations = 1000, initial_temperature = 3.0, cooling_rate = 0.999
26 - INFO - chord#: 96 done. best_score=70.0, changed=614, unchanged=320, early_stops=8/8
26 - INFO - chord#: 98 In build_straw_man_chord_sa. tolerance = 1, sa_iterations = 1000, initial_temperature = 3.0, cooling_rate = 0.999
26 - INFO - chord#: 88 done. best_score=82.0, changed=611, unchanged=354, early_stops=8/8
26 - INFO - chord#: 90 In build_straw_man_chord_sa. tolerance = 1, sa_iterations = 1000, initial_temperature = 3.0, cooling_rate = 0.999
26 - INFO - chord#: 88 done. best_score=82.0, changed=609, unchanged=308, early_stops=8/8
26 - INFO - chord#: 90 In build_straw_man_chord_sa. tolerance = 1, sa_iterations = 1000, initial_temperature = 3.0, cooling_rate = 0.999
26 - INFO - chord#: 96 done. best_score=75.0, changed=609, unchanged=296, early_stops=8/8
26 - INFO - chord#: 98 In build_straw_man_chord_sa. tolerance = 1, sa_iterations = 1000, initial_temperature = 3.0, cooling_rate = 0.999
26 - INFO - chord#: 102 done. best_score=27.0, changed=524, unchanged=489, early_stops=8/8
26 - INFO - chord#: 103 In build_straw_man_chord_sa. tolerance = 1, sa_iterations = 1000, initial_temperature = 3.0, cooling_rate = 0.999
26 - INFO - chord#: 102 done. best_score=27.0, changed=514, unchanged=401, early_stops=8/8
26 - INFO - chord#: 103 In build_straw_man_chord_sa. tolerance = 1, sa_iterations = 1000, initial_temperature = 3.0, cooling_rate = 0.999
26 - INFO - chord#: 90 done. best_score=27.0, changed=525, unchanged=354, early_stops=8/8
26 - INFO - chord#: 92 In build_straw_man_chord_sa. tolerance = 1, sa_iterations = 1000, initial_temperature = 3.0, cooling_rate = 0.999
26 - INFO - chord#: 98 done. best_score=27.0, changed=531, unchanged=354, early_stops=8/8
26 - INFO - chord#: 100 In build_straw_man_chord_sa. tolerance = 1, sa_iterations = 1000, initial_temperature = 3.0, cooling_rate = 0.999
26 - INFO - chord#: 98 done. best_score=27.0, changed=529, unchanged=416, early_stops=8/8
26 - INFO - chord#: 100 In build_straw_man_chord_sa. tolerance = 1, sa_iterations = 1000, initial_temperature = 3.0, cooling_rate = 0.999
26 - INFO - chord#: 90 done. best_score=27.0, changed=524, unchanged=406, early_stops=8/8
26 - INFO - chord#: 92 In build_straw_man_chord_sa. tolerance = 1, sa_iterations = 1000, initial_temperature = 3.0, cooling_rate = 0.999
26 - INFO - chord#: 90 done. best_score=27.0, changed=524, unchanged=303, early_stops=8/8
26 - INFO - chord#: 92 In build_straw_man_chord_sa. tolerance = 1, sa_iterations = 1000, initial_temperature = 3.0, cooling_rate = 0.999
26 - INFO - chord#: 90 done. best_score=27.0, changed=523, unchanged=347, early_stops=8/8
26 - INFO - chord#: 92 In build_straw_man_chord_sa. tolerance = 1, sa_iterations = 1000, initial_temperature = 3.0, cooling_rate = 0.999
26 - INFO - chord#: 88 done. best_score=120.0, changed=609, unchanged=278, early_stops=8/8
26 - INFO - chord#: 90 In build_straw_man_chord_sa. tolerance = 1, sa_iterations = 1000, initial_temperature = 3.0, cooling_rate = 0.999
26 - INFO - chord#: 100 done. best_score=31.0, changed=523, unchanged=343, early_stops=8/8
26 - INFO - chord#: 102 In build_straw_man_chord_sa. tolerance = 1, sa_iterations = 1000, initial_temperature = 3.0, cooling_rate = 0.999
26 - INFO - chord#: 94 done. best_score=78.0, changed=613, unchanged=301, early_stops=8/8
26 - INFO - chord#: 96 In build_straw_man_chord_sa. tolerance = 1, sa_iterations = 1000, initial_temperature = 3.0, cooling_rate = 0.999
26 - INFO - chord#: 92 done. best_score=27.0, changed=528, unchanged=343, early_stops=8/8
26 - INFO - chord#: 94 In build_straw_man_chord_sa. tolerance = 1, sa_iterations = 1000, initial_temperature = 3.0, cooling_rate = 0.999
26 - INFO - chord#: 100 done. best_score=31.0, changed=522, unchanged=400, early_stops=8/8
26 - INFO - chord#: 102 In build_straw_man_chord_sa. tolerance = 1, sa_iterations = 1000, initial_temperature = 3.0, cooling_rate = 0.999
26 - INFO - chord#: 103 done. best_score=67.0, changed=613, unchanged=366, early_stops=8/8
26 - INFO - chord#: 104 In build_straw_man_chord_sa. tolerance = 1, sa_iterations = 1000, initial_temperature = 3.0, cooling_rate = 0.999
26 - INFO - chord#: 92 done. best_score=27.0, changed=521, unchanged=402, early_stops=8/8
26 - INFO - chord#: 94 In build_straw_man_chord_sa. tolerance = 1, sa_iterations = 1000, initial_temperature = 3.0, cooling_rate = 0.999
26 - INFO - chord#: 92 done. best_score=27.0, changed=526, unchanged=376, early_stops=8/8
26 - INFO - chord#: 94 In build_straw_man_chord_sa. tolerance = 1, sa_iterations = 1000, initial_temperature = 3.0, cooling_rate = 0.999
26 - INFO - chord#: 92 done. best_score=27.0, changed=519, unchanged=319, early_stops=8/8
26 - INFO - chord#: 94 In build_straw_man_chord_sa. tolerance = 1, sa_iterations = 1000, initial_temperature = 3.0, cooling_rate = 0.999
26 - INFO - chord#: 103 done. best_score=137.0, changed=613, unchanged=236, early_stops=8/8
26 - INFO - chord#: 104 In build_straw_man_chord_sa. tolerance = 1, sa_iterations = 1000, initial_temperature = 3.0, cooling_rate = 0.999
26 - INFO - chord#: 90 done. best_score=27.0, changed=517, unchanged=327, early_stops=8/8
26 - INFO - chord#: 92 In build_straw_man_chord_sa. tolerance = 1, sa_iterations = 1000, initial_temperature = 3.0, cooling_rate = 0.999
26 - INFO - chord#: 103 done. best_score=67.0, changed=619, unchanged=633, early_stops=8/8
26 - INFO - chord#: 104 In build_straw_man_chord_sa. tolerance = 1, sa_iterations = 1000, initial_temperature = 3.0, cooling_rate = 0.999
26 - INFO - chord#: 102 done. best_score=27.0, changed=518, unchanged=398, early_stops=8/8
26 - INFO - chord#: 103 In build_straw_man_chord_sa. tolerance = 1, sa_iterations = 1000, initial_temperature = 3.0, cooling_rate = 0.999
26 - INFO - chord#: 103 done. best_score=67.0, changed=618, unchanged=471, early_stops=8/8
26 - INFO - chord#: 104 In build_straw_man_chord_sa. tolerance = 1, sa_iterations = 1000, initial_temperature = 3.0, cooling_rate = 0.999
26 - INFO - chord#: 102 done. best_score=27.0, changed=518, unchanged=371, early_stops=8/8
26 - INFO - chord#: 103 In build_straw_man_chord_sa. tolerance = 1, sa_iterations = 1000, initial_temperature = 3.0, cooling_rate = 0.999
26 - INFO - chord#: 104 done. best_score=27.0, changed=518, unchanged=404, early_stops=8/8
26 - INFO - chord#: 106 In build_straw_man_chord_sa. tolerance = 1, sa_iterations = 1000, initial_temperature = 3.0, cooling_rate = 0.999
26 - INFO - chord#: 104 done. best_score=27.0, changed=526, unchanged=434, early_stops=8/8
26 - INFO - chord#: 106 In build_straw_man_chord_sa. tolerance = 1, sa_iterations = 1000, initial_temperature = 3.0, cooling_rate = 0.999
26 - INFO - chord#: 92 done. best_score=27.0, changed=518, unchanged=326, early_stops=8/8
26 - INFO - chord#: 94 In build_straw_man_chord_sa. tolerance = 1, sa_iterations = 1000, initial_temperature = 3.0, cooling_rate = 0.999
26 - INFO - chord#: 104 done. best_score=27.0, changed=520, unchanged=349, early_stops=8/8
26 - INFO - chord#: 104 done. best_score=27.0, changed=514, unchanged=380, early_stops=8/8
26 - INFO - chord#: 106 In build_straw_man_chord_sa. tolerance = 1, sa_iterations = 1000, initial_temperature = 3.0, cooling_rate = 0.999
26 - INFO - chord#: 106 In build_straw_man_chord_sa. tolerance = 1, sa_iterations = 1000, initial_temperature = 3.0, cooling_rate = 0.999
26 - INFO - chord#: 106 done. best_score=37.0, changed=515, unchanged=321, early_stops=8/8
26 - INFO - chord#: 108 In build_straw_man_chord_sa. tolerance = 1, sa_iterations = 1000, initial_temperature = 3.0, cooling_rate = 0.999
26 - INFO - chord#: 96 done. best_score=75.0, changed=618, unchanged=358, early_stops=8/8
26 - INFO - chord#: 98 In build_straw_man_chord_sa. tolerance = 1, sa_iterations = 1000, initial_temperature = 3.0, cooling_rate = 0.999
26 - INFO - chord#: 106 done. best_score=37.0, changed=529, unchanged=408, early_stops=8/8
26 - INFO - chord#: 108 In build_straw_man_chord_sa. tolerance = 1, sa_iterations = 1000, initial_temperature = 3.0, cooling_rate = 0.999
26 - INFO - chord#: 94 done. best_score=119.0, changed=610, unchanged=313, early_stops=8/8
26 - INFO - chord#: 96 In build_straw_man_chord_sa. tolerance = 1, sa_iterations = 1000, initial_temperature = 3.0, cooling_rate = 0.999
26 - INFO - chord#: 94 done. best_score=119.0, changed=610, unchanged=316, early_stops=8/8
26 - INFO - chord#: 96 In build_straw_man_chord_sa. tolerance = 1, sa_iterations = 1000, initial_temperature = 3.0, cooling_rate = 0.999
26 - INFO - chord#: 98 done. best_score=36.0, changed=529, unchanged=305, early_stops=8/8
26 - INFO - chord#: 100 In build_straw_man_chord_sa. tolerance = 1, sa_iterations = 1000, initial_temperature = 3.0, cooling_rate = 0.999
26 - INFO - chord#: 103 done. best_score=67.0, changed=612, unchanged=263, early_stops=8/8
26 - INFO - chord#: 104 In build_straw_man_chord_sa. tolerance = 1, sa_iterations = 1000, initial_temperature = 3.0, cooling_rate = 0.999
26 - INFO - chord#: 106 done. best_score=35.0, changed=521, unchanged=357, early_stops=8/8
26 - INFO - chord#: 108 In build_straw_man_chord_sa. tolerance = 1, sa_iterations = 1000, initial_temperature = 3.0, cooling_rate = 0.999
26 - INFO - chord#: 106 done. best_score=37.0, changed=520, unchanged=327, early_stops=8/8
26 - INFO - chord#: 108 In build_straw_man_chord_sa. tolerance = 1, sa_iterations = 1000, initial_temperature = 3.0, cooling_rate = 0.999
26 - INFO - chord#: 108 done. best_score=27.0, changed=522, unchanged=513, early_stops=8/8
26 - INFO - chord#: 110 In build_straw_man_chord_sa. tolerance = 1, sa_iterations = 1000, initial_temperature = 3.0, cooling_rate = 0.999
26 - INFO - chord#: 94 done. best_score=67.0, changed=614, unchanged=393, early_stops=8/8
26 - INFO - chord#: 96 In build_straw_man_chord_sa. tolerance = 1, sa_iterations = 1000, initial_temperature = 3.0, cooling_rate = 0.999
26 - INFO - chord#: 100 done. best_score=31.0, changed=523, unchanged=316, early_stops=8/8
26 - INFO - chord#: 102 In build_straw_man_chord_sa. tolerance = 1, sa_iterations = 1000, initial_temperature = 3.0, cooling_rate = 0.999
26 - INFO - chord#: 108 done. best_score=27.0, changed=525, unchanged=561, early_stops=8/8
26 - INFO - chord#: 110 In build_straw_man_chord_sa. tolerance = 1, sa_iterations = 1000, initial_temperature = 3.0, cooling_rate = 0.999
26 - INFO - chord#: 94 done. best_score=67.0, changed=612, unchanged=449, early_stops=8/8
26 - INFO - chord#: 96 In build_straw_man_chord_sa. tolerance = 1, sa_iterations = 1000, initial_temperature = 3.0, cooling_rate = 0.999
26 - INFO - chord#: 103 done. best_score=137.0, changed=616, unchanged=365, early_stops=8/8
26 - INFO - chord#: 104 In build_straw_man_chord_sa. tolerance = 1, sa_iterations = 1000, initial_temperature = 3.0, cooling_rate = 0.999
26 - INFO - chord#: 104 done. best_score=27.0, changed=520, unchanged=390, early_stops=8/8
26 - INFO - chord#: 106 In build_straw_man_chord_sa. tolerance = 1, sa_iterations = 1000, initial_temperature = 3.0, cooling_rate = 0.999
26 - INFO - chord#: 108 done. best_score=36.0, changed=526, unchanged=409, early_stops=8/8
26 - INFO - chord#: 110 In build_straw_man_chord_sa. tolerance = 1, sa_iterations = 1000, initial_temperature = 3.0, cooling_rate = 0.999
26 - INFO - chord#: 108 done. best_score=27.0, changed=531, unchanged=462, early_stops=8/8
26 - INFO - chord#: 110 In build_straw_man_chord_sa. tolerance = 1, sa_iterations = 1000, initial_temperature = 3.0, cooling_rate = 0.999
26 - INFO - chord#: 102 done. best_score=27.0, changed=521, unchanged=410, early_stops=8/8
26 - INFO - chord#: 103 In build_straw_man_chord_sa. tolerance = 1, sa_iterations = 1000, initial_temperature = 3.0, cooling_rate = 0.999
26 - INFO - chord#: 94 done. best_score=67.0, changed=609, unchanged=365, early_stops=8/8
26 - INFO - chord#: 96 In build_straw_man_chord_sa. tolerance = 1, sa_iterations = 1000, initial_temperature = 3.0, cooling_rate = 0.999
26 - INFO - chord#: 96 done. best_score=70.0, changed=610, unchanged=318, early_stops=8/8
26 - INFO - chord#: 98 In build_straw_man_chord_sa. tolerance = 1, sa_iterations = 1000, initial_temperature = 3.0, cooling_rate = 0.999
26 - INFO - chord#: 104 done. best_score=27.0, changed=519, unchanged=371, early_stops=8/8
26 - INFO - chord#: 106 In build_straw_man_chord_sa. tolerance = 1, sa_iterations = 1000, initial_temperature = 3.0, cooling_rate = 0.999
26 - INFO - chord#: 106 done. best_score=35.0, changed=526, unchanged=402, early_stops=8/8
26 - INFO - chord#: 108 In build_straw_man_chord_sa. tolerance = 1, sa_iterations = 1000, initial_temperature = 3.0, cooling_rate = 0.999
26 - INFO - chord#: 96 done. best_score=75.0, changed=612, unchanged=252, early_stops=8/8
26 - INFO - chord#: 98 In build_straw_man_chord_sa. tolerance = 1, sa_iterations = 1000, initial_temperature = 3.0, cooling_rate = 0.999
26 - INFO - chord#: 96 done. best_score=70.0, changed=613, unchanged=296, early_stops=8/8
26 - INFO - chord#: 98 In build_straw_man_chord_sa. tolerance = 1, sa_iterations = 1000, initial_temperature = 3.0, cooling_rate = 0.999
26 - INFO - chord#: 98 done. best_score=36.0, changed=525, unchanged=297, early_stops=8/8
26 - INFO - chord#: 100 In build_straw_man_chord_sa. tolerance = 1, sa_iterations = 1000, initial_temperature = 3.0, cooling_rate = 0.999
26 - INFO - chord#: 98 done. best_score=27.0, changed=533, unchanged=386, early_stops=8/8
26 - INFO - chord#: 100 In build_straw_man_chord_sa. tolerance = 1, sa_iterations = 1000, initial_temperature = 3.0, cooling_rate = 0.999
26 - INFO - chord#: 110 done. best_score=99.0, changed=607, unchanged=308, early_stops=8/8
26 - INFO - chord#: 111 In build_straw_man_chord_sa. tolerance = 1, sa_iterations = 1000, initial_temperature = 3.0, cooling_rate = 0.999
26 - INFO - chord#: 106 done. best_score=37.0, changed=518, unchanged=383, early_stops=8/8
26 - INFO - chord#: 108 In build_straw_man_chord_sa. tolerance = 1, sa_iterations = 1000, initial_temperature = 3.0, cooling_rate = 0.999
26 - INFO - chord#: 110 done. best_score=99.0, changed=618, unchanged=496, early_stops=8/8
26 - INFO - chord#: 111 In build_straw_man_chord_sa. tolerance = 1, sa_iterations = 1000, initial_temperature = 3.0, cooling_rate = 0.999
26 - INFO - chord#: 96 done. best_score=154.0, changed=619, unchanged=399, early_stops=8/8
26 - INFO - chord#: 98 In build_straw_man_chord_sa. tolerance = 1, sa_iterations = 1000, initial_temperature = 3.0, cooling_rate = 0.999
26 - INFO - chord#: 108 done. best_score=36.0, changed=524, unchanged=323, early_stops=8/8
26 - INFO - chord#: 110 In build_straw_man_chord_sa. tolerance = 1, sa_iterations = 1000, initial_temperature = 3.0, cooling_rate = 0.999
26 - INFO - chord#: 110 done. best_score=103.0, changed=614, unchanged=343, early_stops=8/8
26 - INFO - chord#: 111 In build_straw_man_chord_sa. tolerance = 1, sa_iterations = 1000, initial_temperature = 3.0, cooling_rate = 0.999
26 - INFO - chord#: 100 done. best_score=58.0, changed=572, unchanged=312, early_stops=8/8
26 - INFO - chord#: 102 In build_straw_man_chord_sa. tolerance = 1, sa_iterations = 1000, initial_temperature = 3.0, cooling_rate = 0.999
26 - INFO - chord#: 103 done. best_score=67.0, changed=616, unchanged=327, early_stops=8/8
26 - INFO - chord#: 104 In build_straw_man_chord_sa. tolerance = 1, sa_iterations = 1000, initial_temperature = 3.0, cooling_rate = 0.999
26 - INFO - chord#: 98 done. best_score=27.0, changed=535, unchanged=345, early_stops=8/8
26 - INFO - chord#: 100 In build_straw_man_chord_sa. tolerance = 1, sa_iterations = 1000, initial_temperature = 3.0, cooling_rate = 0.999
26 - INFO - chord#: 110 done. best_score=99.0, changed=609, unchanged=239, early_stops=8/8
26 - INFO - chord#: 111 In build_straw_man_chord_sa. tolerance = 1, sa_iterations = 1000, initial_temperature = 3.0, cooling_rate = 0.999
26 - INFO - chord#: 96 done. best_score=70.0, changed=616, unchanged=317, early_stops=8/8
26 - INFO - chord#: 98 In build_straw_man_chord_sa. tolerance = 1, sa_iterations = 1000, initial_temperature = 3.0, cooling_rate = 0.999
26 - INFO - chord#: 111 done. best_score=36.0, changed=530, unchanged=344, early_stops=8/8
26 - INFO - chord#: 112 In build_straw_man_chord_sa. tolerance = 1, sa_iterations = 1000, initial_temperature = 3.0, cooling_rate = 0.999
26 - INFO - chord#: 111 done. best_score=36.0, changed=519, unchanged=323, early_stops=8/8
26 - INFO - chord#: 112 In build_straw_man_chord_sa. tolerance = 1, sa_iterations = 1000, initial_temperature = 3.0, cooling_rate = 0.999
26 - INFO - chord#: 98 done. best_score=61.0, changed=538, unchanged=271, early_stops=8/8
26 - INFO - chord#: 100 In build_straw_man_chord_sa. tolerance = 1, sa_iterations = 1000, initial_temperature = 3.0, cooling_rate = 0.999
26 - INFO - chord#: 100 done. best_score=31.0, changed=541, unchanged=502, early_stops=8/8
26 - INFO - chord#: 102 In build_straw_man_chord_sa. tolerance = 1, sa_iterations = 1000, initial_temperature = 3.0, cooling_rate = 0.999
26 - INFO - chord#: 108 done. best_score=27.0, changed=522, unchanged=431, early_stops=8/8
26 - INFO - chord#: 110 In build_straw_man_chord_sa. tolerance = 1, sa_iterations = 1000, initial_temperature = 3.0, cooling_rate = 0.999
26 - INFO - chord#: 102 done. best_score=88.0, changed=533, unchanged=357, early_stops=8/8
26 - INFO - chord#: 103 In build_straw_man_chord_sa. tolerance = 1, sa_iterations = 1000, initial_temperature = 3.0, cooling_rate = 0.999
26 - INFO - chord#: 111 done. best_score=36.0, changed=522, unchanged=354, early_stops=8/8
26 - INFO - chord#: 112 In build_straw_man_chord_sa. tolerance = 1, sa_iterations = 1000, initial_temperature = 3.0, cooling_rate = 0.999
26 - INFO - chord#: 104 done. best_score=27.0, changed=521, unchanged=443, early_stops=8/8
26 - INFO - chord#: 106 In build_straw_man_chord_sa. tolerance = 1, sa_iterations = 1000, initial_temperature = 3.0, cooling_rate = 0.999
26 - INFO - chord#: 100 done. best_score=31.0, changed=525, unchanged=332, early_stops=8/8
26 - INFO - chord#: 102 In build_straw_man_chord_sa. tolerance = 1, sa_iterations = 1000, initial_temperature = 3.0, cooling_rate = 0.999
26 - INFO - chord#: 98 done. best_score=27.0, changed=530, unchanged=307, early_stops=8/8
26 - INFO - chord#: 100 In build_straw_man_chord_sa. tolerance = 1, sa_iterations = 1000, initial_temperature = 3.0, cooling_rate = 0.999
26 - INFO - chord#: 111 done. best_score=36.0, changed=528, unchanged=333, early_stops=8/8
26 - INFO - chord#: 112 In build_straw_man_chord_sa. tolerance = 1, sa_iterations = 1000, initial_temperature = 3.0, cooling_rate = 0.999
26 - INFO - chord#: 112 done. best_score=27.0, changed=526, unchanged=475, early_stops=8/8
26 - INFO - chord#: 120 In build_straw_man_chord_sa. tolerance = 1, sa_iterations = 1000, initial_temperature = 3.0, cooling_rate = 0.999
26 - INFO - chord#: 112 done. best_score=27.0, changed=520, unchanged=343, early_stops=8/8
26 - INFO - chord#: 120 In build_straw_man_chord_sa. tolerance = 1, sa_iterations = 1000, initial_temperature = 3.0, cooling_rate = 0.999
26 - INFO - chord#: 100 done. best_score=59.0, changed=544, unchanged=576, early_stops=8/8
26 - INFO - chord#: 102 In build_straw_man_chord_sa. tolerance = 1, sa_iterations = 1000, initial_temperature = 3.0, cooling_rate = 0.999
26 - INFO - chord#: 102 done. best_score=27.0, changed=525, unchanged=373, early_stops=8/8
26 - INFO - chord#: 103 In build_straw_man_chord_sa. tolerance = 1, sa_iterations = 1000, initial_temperature = 3.0, cooling_rate = 0.999
26 - INFO - chord#: 112 done. best_score=27.0, changed=518, unchanged=478, early_stops=8/8
26 - INFO - chord#: 120 In build_straw_man_chord_sa. tolerance = 1, sa_iterations = 1000, initial_temperature = 3.0, cooling_rate = 0.999
26 - INFO - chord#: 100 done. best_score=31.0, changed=524, unchanged=331, early_stops=8/8
26 - INFO - chord#: 102 In build_straw_man_chord_sa. tolerance = 1, sa_iterations = 1000, initial_temperature = 3.0, cooling_rate = 0.999
26 - INFO - chord#: 120 done. best_score=27.0, changed=515, unchanged=336, early_stops=8/8
26 - INFO - chord#: 124 In build_straw_man_chord_sa. tolerance = 1, sa_iterations = 1000, initial_temperature = 3.0, cooling_rate = 0.999
26 - INFO - chord#: 102 done. best_score=27.0, changed=526, unchanged=435, early_stops=8/8
26 - INFO - chord#: 103 In build_straw_man_chord_sa. tolerance = 1, sa_iterations = 1000, initial_temperature = 3.0, cooling_rate = 0.999
26 - INFO - chord#: 106 done. best_score=37.0, changed=517, unchanged=324, early_stops=8/8
26 - INFO - chord#: 108 In build_straw_man_chord_sa. tolerance = 1, sa_iterations = 1000, initial_temperature = 3.0, cooling_rate = 0.999
26 - INFO - chord#: 112 done. best_score=27.0, changed=521, unchanged=394, early_stops=8/8
26 - INFO - chord#: 120 In build_straw_man_chord_sa. tolerance = 1, sa_iterations = 1000, initial_temperature = 3.0, cooling_rate = 0.999
26 - INFO - chord#: 102 done. best_score=27.0, changed=531, unchanged=395, early_stops=8/8
26 - INFO - chord#: 103 In build_straw_man_chord_sa. tolerance = 1, sa_iterations = 1000, initial_temperature = 3.0, cooling_rate = 0.999
26 - INFO - chord#: 120 done. best_score=27.0, changed=525, unchanged=426, early_stops=8/8
26 - INFO - chord#: 124 In build_straw_man_chord_sa. tolerance = 1, sa_iterations = 1000, initial_temperature = 3.0, cooling_rate = 0.999
26 - INFO - chord#: 103 done. best_score=166.0, changed=616, unchanged=316, early_stops=8/8
26 - INFO - chord#: 104 In build_straw_man_chord_sa. tolerance = 1, sa_iterations = 1000, initial_temperature = 3.0, cooling_rate = 0.999
26 - INFO - chord#: 102 done. best_score=27.0, changed=524, unchanged=453, early_stops=8/8
26 - INFO - chord#: 103 In build_straw_man_chord_sa. tolerance = 1, sa_iterations = 1000, initial_temperature = 3.0, cooling_rate = 0.999
26 - INFO - chord#: 124 done. best_score=27.0, changed=536, unchanged=418, early_stops=8/8
26 - INFO - chord#: 126 In build_straw_man_chord_sa. tolerance = 1, sa_iterations = 1000, initial_temperature = 3.0, cooling_rate = 0.999
26 - INFO - chord#: 108 done. best_score=27.0, changed=516, unchanged=359, early_stops=8/8
26 - INFO - chord#: 110 In build_straw_man_chord_sa. tolerance = 1, sa_iterations = 1000, initial_temperature = 3.0, cooling_rate = 0.999
26 - INFO - chord#: 120 done. best_score=27.0, changed=531, unchanged=410, early_stops=8/8
26 - INFO - chord#: 124 In build_straw_man_chord_sa. tolerance = 1, sa_iterations = 1000, initial_temperature = 3.0, cooling_rate = 0.999
26 - INFO - chord#: 110 done. best_score=99.0, changed=610, unchanged=294, early_stops=8/8
26 - INFO - chord#: 111 In build_straw_man_chord_sa. tolerance = 1, sa_iterations = 1000, initial_temperature = 3.0, cooling_rate = 0.999
26 - INFO - chord#: 124 done. best_score=27.0, changed=519, unchanged=459, early_stops=8/8
26 - INFO - chord#: 126 In build_straw_man_chord_sa. tolerance = 1, sa_iterations = 1000, initial_temperature = 3.0, cooling_rate = 0.999
26 - INFO - chord#: 120 done. best_score=27.0, changed=520, unchanged=483, early_stops=8/8
26 - INFO - chord#: 124 In build_straw_man_chord_sa. tolerance = 1, sa_iterations = 1000, initial_temperature = 3.0, cooling_rate = 0.999
26 - INFO - chord#: 103 done. best_score=67.0, changed=609, unchanged=250, early_stops=8/8
26 - INFO - chord#: 104 In build_straw_man_chord_sa. tolerance = 1, sa_iterations = 1000, initial_temperature = 3.0, cooling_rate = 0.999
26 - INFO - chord#: 126 done. best_score=27.0, changed=519, unchanged=390, early_stops=8/8
26 - INFO - chord#: 128 In build_straw_man_chord_sa. tolerance = 1, sa_iterations = 1000, initial_temperature = 3.0, cooling_rate = 0.999
26 - INFO - chord#: 104 done. best_score=27.0, changed=516, unchanged=456, early_stops=8/8
26 - INFO - chord#: 106 In build_straw_man_chord_sa. tolerance = 1, sa_iterations = 1000, initial_temperature = 3.0, cooling_rate = 0.999
26 - INFO - chord#: 110 done. best_score=99.0, changed=619, unchanged=862, early_stops=8/8
26 - INFO - chord#: 111 In build_straw_man_chord_sa. tolerance = 1, sa_iterations = 1000, initial_temperature = 3.0, cooling_rate = 0.999
26 - INFO - chord#: 103 done. best_score=67.0, changed=610, unchanged=234, early_stops=8/8
26 - INFO - chord#: 104 In build_straw_man_chord_sa. tolerance = 1, sa_iterations = 1000, initial_temperature = 3.0, cooling_rate = 0.999
26 - INFO - chord#: 126 done. best_score=27.0, changed=533, unchanged=335, early_stops=8/8
26 - INFO - chord#: 128 In build_straw_man_chord_sa. tolerance = 1, sa_iterations = 1000, initial_temperature = 3.0, cooling_rate = 0.999
26 - INFO - chord#: 124 done. best_score=27.0, changed=520, unchanged=456, early_stops=8/8
26 - INFO - chord#: 126 In build_straw_man_chord_sa. tolerance = 1, sa_iterations = 1000, initial_temperature = 3.0, cooling_rate = 0.999
26 - INFO - chord#: 111 done. best_score=36.0, changed=529, unchanged=436, early_stops=8/8
26 - INFO - chord#: 112 In build_straw_man_chord_sa. tolerance = 1, sa_iterations = 1000, initial_temperature = 3.0, cooling_rate = 0.999
26 - INFO - chord#: 128 done. best_score=27.0, changed=522, unchanged=356, early_stops=8/8
26 - INFO - chord#: 132 In build_straw_man_chord_sa. tolerance = 1, sa_iterations = 1000, initial_temperature = 3.0, cooling_rate = 0.999
26 - INFO - chord#: 124 done. best_score=27.0, changed=532, unchanged=437, early_stops=8/8
26 - INFO - chord#: 126 In build_straw_man_chord_sa. tolerance = 1, sa_iterations = 1000, initial_temperature = 3.0, cooling_rate = 0.999
26 - INFO - chord#: 103 done. best_score=157.0, changed=607, unchanged=254, early_stops=8/8
26 - INFO - chord#: 104 In build_straw_man_chord_sa. tolerance = 1, sa_iterations = 1000, initial_temperature = 3.0, cooling_rate = 0.999
26 - INFO - chord#: 106 done. best_score=37.0, changed=529, unchanged=394, early_stops=8/8
26 - INFO - chord#: 108 In build_straw_man_chord_sa. tolerance = 1, sa_iterations = 1000, initial_temperature = 3.0, cooling_rate = 0.999
26 - INFO - chord#: 111 done. best_score=36.0, changed=537, unchanged=342, early_stops=8/8
26 - INFO - chord#: 112 In build_straw_man_chord_sa. tolerance = 1, sa_iterations = 1000, initial_temperature = 3.0, cooling_rate = 0.999
26 - INFO - chord#: 103 done. best_score=145.0, changed=612, unchanged=238, early_stops=8/8
26 - INFO - chord#: 104 In build_straw_man_chord_sa. tolerance = 1, sa_iterations = 1000, initial_temperature = 3.0, cooling_rate = 0.999
26 - INFO - chord#: 104 done. best_score=27.0, changed=521, unchanged=383, early_stops=8/8
26 - INFO - chord#: 106 In build_straw_man_chord_sa. tolerance = 1, sa_iterations = 1000, initial_temperature = 3.0, cooling_rate = 0.999
26 - INFO - chord#: 110 done. best_score=121.0, changed=607, unchanged=223, early_stops=8/8
26 - INFO - chord#: 111 In build_straw_man_chord_sa. tolerance = 1, sa_iterations = 1000, initial_temperature = 3.0, cooling_rate = 0.999
26 - INFO - chord#: 104 done. best_score=27.0, changed=520, unchanged=471, early_stops=8/8
26 - INFO - chord#: 106 In build_straw_man_chord_sa. tolerance = 1, sa_iterations = 1000, initial_temperature = 3.0, cooling_rate = 0.999
26 - INFO - chord#: 128 done. best_score=27.0, changed=524, unchanged=447, early_stops=8/8
26 - INFO - chord#: 132 In build_straw_man_chord_sa. tolerance = 1, sa_iterations = 1000, initial_temperature = 3.0, cooling_rate = 0.999
26 - INFO - chord#: 126 done. best_score=27.0, changed=521, unchanged=302, early_stops=8/8
26 - INFO - chord#: 128 In build_straw_man_chord_sa. tolerance = 1, sa_iterations = 1000, initial_temperature = 3.0, cooling_rate = 0.999
26 - INFO - chord#: 132 done. best_score=31.0, changed=520, unchanged=344, early_stops=8/8
26 - INFO - chord#: 134 In build_straw_man_chord_sa. tolerance = 1, sa_iterations = 1000, initial_temperature = 3.0, cooling_rate = 0.999
26 - INFO - chord#: 126 done. best_score=27.0, changed=524, unchanged=321, early_stops=8/8
26 - INFO - chord#: 128 In build_straw_man_chord_sa. tolerance = 1, sa_iterations = 1000, initial_temperature = 3.0, cooling_rate = 0.999
26 - INFO - chord#: 104 done. best_score=27.0, changed=518, unchanged=360, early_stops=8/8
26 - INFO - chord#: 106 In build_straw_man_chord_sa. tolerance = 1, sa_iterations = 1000, initial_temperature = 3.0, cooling_rate = 0.999
26 - INFO - chord#: 108 done. best_score=27.0, changed=525, unchanged=378, early_stops=8/8
26 - INFO - chord#: 110 In build_straw_man_chord_sa. tolerance = 1, sa_iterations = 1000, initial_temperature = 3.0, cooling_rate = 0.999
26 - INFO - chord#: 104 done. best_score=27.0, changed=514, unchanged=320, early_stops=8/8
26 - INFO - chord#: 106 In build_straw_man_chord_sa. tolerance = 1, sa_iterations = 1000, initial_temperature = 3.0, cooling_rate = 0.999
26 - INFO - chord#: 106 done. best_score=37.0, changed=523, unchanged=368, early_stops=8/8
26 - INFO - chord#: 108 In build_straw_man_chord_sa. tolerance = 1, sa_iterations = 1000, initial_temperature = 3.0, cooling_rate = 0.999
26 - INFO - chord#: 112 done. best_score=27.0, changed=522, unchanged=417, early_stops=8/8
26 - INFO - chord#: 120 In build_straw_man_chord_sa. tolerance = 1, sa_iterations = 1000, initial_temperature = 3.0, cooling_rate = 0.999
26 - INFO - chord#: 132 done. best_score=31.0, changed=524, unchanged=395, early_stops=8/8
26 - INFO - chord#: 111 done. best_score=36.0, changed=521, unchanged=435, early_stops=8/8
26 - INFO - chord#: 134 In build_straw_man_chord_sa. tolerance = 1, sa_iterations = 1000, initial_temperature = 3.0, cooling_rate = 0.999
26 - INFO - chord#: 112 In build_straw_man_chord_sa. tolerance = 1, sa_iterations = 1000, initial_temperature = 3.0, cooling_rate = 0.999
26 - INFO - chord#: 106 done. best_score=37.0, changed=523, unchanged=401, early_stops=8/8
26 - INFO - chord#: 108 In build_straw_man_chord_sa. tolerance = 1, sa_iterations = 1000, initial_temperature = 3.0, cooling_rate = 0.999
26 - INFO - chord#: 112 done. best_score=27.0, changed=540, unchanged=532, early_stops=8/8
26 - INFO - chord#: 120 In build_straw_man_chord_sa. tolerance = 1, sa_iterations = 1000, initial_temperature = 3.0, cooling_rate = 0.999
26 - INFO - chord#: 134 done. best_score=27.0, changed=522, unchanged=437, early_stops=8/8
26 - INFO - chord#: 135 In build_straw_man_chord_sa. tolerance = 1, sa_iterations = 1000, initial_temperature = 3.0, cooling_rate = 0.999
26 - INFO - chord#: 128 done. best_score=27.0, changed=537, unchanged=556, early_stops=8/8
26 - INFO - chord#: 132 In build_straw_man_chord_sa. tolerance = 1, sa_iterations = 1000, initial_temperature = 3.0, cooling_rate = 0.999
26 - INFO - chord#: 106 done. best_score=37.0, changed=514, unchanged=336, early_stops=8/8
26 - INFO - chord#: 108 In build_straw_man_chord_sa. tolerance = 1, sa_iterations = 1000, initial_temperature = 3.0, cooling_rate = 0.999
26 - INFO - chord#: 128 done. best_score=27.0, changed=520, unchanged=328, early_stops=8/8
26 - INFO - chord#: 132 In build_straw_man_chord_sa. tolerance = 1, sa_iterations = 1000, initial_temperature = 3.0, cooling_rate = 0.999
26 - INFO - chord#: 134 done. best_score=27.0, changed=523, unchanged=390, early_stops=8/8
26 - INFO - chord#: 135 In build_straw_man_chord_sa. tolerance = 1, sa_iterations = 1000, initial_temperature = 3.0, cooling_rate = 0.999
26 - INFO - chord#: 112 done. best_score=27.0, changed=522, unchanged=439, early_stops=8/8
26 - INFO - chord#: 120 In build_straw_man_chord_sa. tolerance = 1, sa_iterations = 1000, initial_temperature = 3.0, cooling_rate = 0.999
26 - INFO - chord#: 108 done. best_score=27.0, changed=521, unchanged=443, early_stops=8/8
26 - INFO - chord#: 110 In build_straw_man_chord_sa. tolerance = 1, sa_iterations = 1000, initial_temperature = 3.0, cooling_rate = 0.999
26 - INFO - chord#: 106 done. best_score=37.0, changed=521, unchanged=356, early_stops=8/8
26 - INFO - chord#: 108 In build_straw_man_chord_sa. tolerance = 1, sa_iterations = 1000, initial_temperature = 3.0, cooling_rate = 0.999
26 - INFO - chord#: 120 done. best_score=27.0, changed=521, unchanged=389, early_stops=8/8
26 - INFO - chord#: 124 In build_straw_man_chord_sa. tolerance = 1, sa_iterations = 1000, initial_temperature = 3.0, cooling_rate = 0.999
26 - INFO - chord#: 108 done. best_score=27.0, changed=515, unchanged=361, early_stops=8/8
26 - INFO - chord#: 110 In build_straw_man_chord_sa. tolerance = 1, sa_iterations = 1000, initial_temperature = 3.0, cooling_rate = 0.999
26 - INFO - chord#: 120 done. best_score=27.0, changed=527, unchanged=448, early_stops=8/8
26 - INFO - chord#: 124 In build_straw_man_chord_sa. tolerance = 1, sa_iterations = 1000, initial_temperature = 3.0, cooling_rate = 0.999
26 - INFO - chord#: 108 done. best_score=27.0, changed=529, unchanged=514, early_stops=8/8
26 - INFO - chord#: 110 In build_straw_man_chord_sa. tolerance = 1, sa_iterations = 1000, initial_temperature = 3.0, cooling_rate = 0.999
26 - INFO - chord#: 132 done. best_score=31.0, changed=529, unchanged=363, early_stops=8/8
26 - INFO - chord#: 134 In build_straw_man_chord_sa. tolerance = 1, sa_iterations = 1000, initial_temperature = 3.0, cooling_rate = 0.999
26 - INFO - chord#: 132 done. best_score=31.0, changed=523, unchanged=310, early_stops=8/8
26 - INFO - chord#: 134 In build_straw_man_chord_sa. tolerance = 1, sa_iterations = 1000, initial_temperature = 3.0, cooling_rate = 0.999
26 - INFO - chord#: 110 done. best_score=105.0, changed=611, unchanged=252, early_stops=8/8
26 - INFO - chord#: 111 In build_straw_man_chord_sa. tolerance = 1, sa_iterations = 1000, initial_temperature = 3.0, cooling_rate = 0.999
26 - INFO - chord#: 120 done. best_score=27.0, changed=528, unchanged=402, early_stops=8/8
26 - INFO - chord#: 124 In build_straw_man_chord_sa. tolerance = 1, sa_iterations = 1000, initial_temperature = 3.0, cooling_rate = 0.999
26 - INFO - chord#: 124 done. best_score=27.0, changed=528, unchanged=345, early_stops=8/8
26 - INFO - chord#: 126 In build_straw_man_chord_sa. tolerance = 1, sa_iterations = 1000, initial_temperature = 3.0, cooling_rate = 0.999
26 - INFO - chord#: 108 done. best_score=27.0, changed=518, unchanged=304, early_stops=8/8
26 - INFO - chord#: 110 In build_straw_man_chord_sa. tolerance = 1, sa_iterations = 1000, initial_temperature = 3.0, cooling_rate = 0.999
26 - INFO - chord#: 124 done. best_score=27.0, changed=526, unchanged=398, early_stops=8/8
26 - INFO - chord#: 126 In build_straw_man_chord_sa. tolerance = 1, sa_iterations = 1000, initial_temperature = 3.0, cooling_rate = 0.999
26 - INFO - chord#: 134 done. best_score=27.0, changed=518, unchanged=336, early_stops=8/8
26 - INFO - chord#: 135 In build_straw_man_chord_sa. tolerance = 1, sa_iterations = 1000, initial_temperature = 3.0, cooling_rate = 0.999
26 - INFO - chord#: 111 done. best_score=36.0, changed=538, unchanged=389, early_stops=8/8
26 - INFO - chord#: 112 In build_straw_man_chord_sa. tolerance = 1, sa_iterations = 1000, initial_temperature = 3.0, cooling_rate = 0.999
26 - INFO - chord#: 134 done. best_score=27.0, changed=514, unchanged=319, early_stops=8/8
26 - INFO - chord#: 135 In build_straw_man_chord_sa. tolerance = 1, sa_iterations = 1000, initial_temperature = 3.0, cooling_rate = 0.999
26 - INFO - chord#: 135 done. best_score=67.0, changed=608, unchanged=282, early_stops=8/8
26 - INFO - chord#: 136 In build_straw_man_chord_sa. tolerance = 1, sa_iterations = 1000, initial_temperature = 3.0, cooling_rate = 0.999
26 - INFO - chord#: 124 done. best_score=27.0, changed=526, unchanged=424, early_stops=8/8
26 - INFO - chord#: 126 In build_straw_man_chord_sa. tolerance = 1, sa_iterations = 1000, initial_temperature = 3.0, cooling_rate = 0.999
26 - INFO - chord#: 135 done. best_score=96.0, changed=618, unchanged=622, early_stops=8/8
26 - INFO - chord#: 136 In build_straw_man_chord_sa. tolerance = 1, sa_iterations = 1000, initial_temperature = 3.0, cooling_rate = 0.999
26 - INFO - chord#: 110 done. best_score=130.0, changed=606, unchanged=248, early_stops=8/8
26 - INFO - chord#: 111 In build_straw_man_chord_sa. tolerance = 1, sa_iterations = 1000, initial_temperature = 3.0, cooling_rate = 0.999
26 - INFO - chord#: 126 done. best_score=27.0, changed=523, unchanged=380, early_stops=8/8
26 - INFO - chord#: 128 In build_straw_man_chord_sa. tolerance = 1, sa_iterations = 1000, initial_temperature = 3.0, cooling_rate = 0.999
26 - INFO - chord#: 126 done. best_score=27.0, changed=528, unchanged=378, early_stops=8/8
26 - INFO - chord#: 128 In build_straw_man_chord_sa. tolerance = 1, sa_iterations = 1000, initial_temperature = 3.0, cooling_rate = 0.999
26 - INFO - chord#: 136 done. best_score=27.0, changed=523, unchanged=356, early_stops=8/8
26 - INFO - chord#: 112 done. best_score=27.0, changed=522, unchanged=490, early_stops=8/8
26 - INFO - chord#: 120 In build_straw_man_chord_sa. tolerance = 1, sa_iterations = 1000, initial_temperature = 3.0, cooling_rate = 0.999
26 - INFO - chord#: 126 done. best_score=27.0, changed=523, unchanged=301, early_stops=8/8
26 - INFO - chord#: 128 In build_straw_man_chord_sa. tolerance = 1, sa_iterations = 1000, initial_temperature = 3.0, cooling_rate = 0.999
26 - INFO - chord#: 111 done. best_score=72.0, changed=527, unchanged=367, early_stops=8/8
26 - INFO - chord#: 112 In build_straw_man_chord_sa. tolerance = 1, sa_iterations = 1000, initial_temperature = 3.0, cooling_rate = 0.999
26 - INFO - chord#: 136 done. best_score=27.0, changed=528, unchanged=342, early_stops=8/8
26 - INFO - chord#: 110 done. best_score=121.0, changed=613, unchanged=367, early_stops=8/8
26 - INFO - chord#: 111 In build_straw_man_chord_sa. tolerance = 1, sa_iterations = 1000, initial_temperature = 3.0, cooling_rate = 0.999
26 - INFO - chord#: 128 done. best_score=27.0, changed=517, unchanged=394, early_stops=8/8
26 - INFO - chord#: 132 In build_straw_man_chord_sa. tolerance = 1, sa_iterations = 1000, initial_temperature = 3.0, cooling_rate = 0.999
26 - INFO - chord#: 110 done. best_score=99.0, changed=611, unchanged=292, early_stops=8/8
26 - INFO - chord#: 111 In build_straw_man_chord_sa. tolerance = 1, sa_iterations = 1000, initial_temperature = 3.0, cooling_rate = 0.999
26 - INFO - chord#: 120 done. best_score=27.0, changed=514, unchanged=429, early_stops=8/8
26 - INFO - chord#: 124 In build_straw_man_chord_sa. tolerance = 1, sa_iterations = 1000, initial_temperature = 3.0, cooling_rate = 0.999
26 - INFO - chord#: 128 done. best_score=27.0, changed=525, unchanged=417, early_stops=8/8
26 - INFO - chord#: 132 In build_straw_man_chord_sa. tolerance = 1, sa_iterations = 1000, initial_temperature = 3.0, cooling_rate = 0.999
26 - INFO - chord#: 135 done. best_score=195.0, changed=607, unchanged=214, early_stops=8/8
26 - INFO - chord#: 136 In build_straw_man_chord_sa. tolerance = 1, sa_iterations = 1000, initial_temperature = 3.0, cooling_rate = 0.999
26 - INFO - chord#: 128 done. best_score=27.0, changed=530, unchanged=431, early_stops=8/8
26 - INFO - chord#: 132 In build_straw_man_chord_sa. tolerance = 1, sa_iterations = 1000, initial_temperature = 3.0, cooling_rate = 0.999
26 - INFO - chord#: 112 done. best_score=27.0, changed=517, unchanged=474, early_stops=8/8
26 - INFO - chord#: 120 In build_straw_man_chord_sa. tolerance = 1, sa_iterations = 1000, initial_temperature = 3.0, cooling_rate = 0.999
26 - INFO - chord#: 111 done. best_score=36.0, changed=520, unchanged=385, early_stops=8/8
26 - INFO - chord#: 112 In build_straw_man_chord_sa. tolerance = 1, sa_iterations = 1000, initial_temperature = 3.0, cooling_rate = 0.999
26 - INFO - chord#: 132 done. best_score=31.0, changed=526, unchanged=345, early_stops=8/8
26 - INFO - chord#: 134 In build_straw_man_chord_sa. tolerance = 1, sa_iterations = 1000, initial_temperature = 3.0, cooling_rate = 0.999
26 - INFO - chord#: 135 done. best_score=167.0, changed=613, unchanged=326, early_stops=8/8
26 - INFO - chord#: 136 In build_straw_man_chord_sa. tolerance = 1, sa_iterations = 1000, initial_temperature = 3.0, cooling_rate = 0.999
26 - INFO - chord#: 110 done. best_score=121.0, changed=614, unchanged=451, early_stops=8/8
26 - INFO - chord#: 111 In build_straw_man_chord_sa. tolerance = 1, sa_iterations = 1000, initial_temperature = 3.0, cooling_rate = 0.999
26 - INFO - chord#: 136 done. best_score=27.0, changed=522, unchanged=323, early_stops=8/8
26 - INFO - chord#: 124 done. best_score=27.0, changed=519, unchanged=404, early_stops=8/8
26 - INFO - chord#: 126 In build_straw_man_chord_sa. tolerance = 1, sa_iterations = 1000, initial_temperature = 3.0, cooling_rate = 0.999
26 - INFO - chord#: 111 done. best_score=36.0, changed=522, unchanged=379, early_stops=8/8
26 - INFO - chord#: 112 In build_straw_man_chord_sa. tolerance = 1, sa_iterations = 1000, initial_temperature = 3.0, cooling_rate = 0.999
26 - INFO - chord#: 132 done. best_score=31.0, changed=533, unchanged=410, early_stops=8/8
26 - INFO - chord#: 134 In build_straw_man_chord_sa. tolerance = 1, sa_iterations = 1000, initial_temperature = 3.0, cooling_rate = 0.999
26 - INFO - chord#: 120 done. best_score=27.0, changed=524, unchanged=345, early_stops=8/8
26 - INFO - chord#: 124 In build_straw_man_chord_sa. tolerance = 1, sa_iterations = 1000, initial_temperature = 3.0, cooling_rate = 0.999
26 - INFO - chord#: 132 done. best_score=31.0, changed=527, unchanged=368, early_stops=8/8
26 - INFO - chord#: 134 In build_straw_man_chord_sa. tolerance = 1, sa_iterations = 1000, initial_temperature = 3.0, cooling_rate = 0.999
26 - INFO - chord#: 112 done. best_score=27.0, changed=517, unchanged=418, early_stops=8/8
26 - INFO - chord#: 120 In build_straw_man_chord_sa. tolerance = 1, sa_iterations = 1000, initial_temperature = 3.0, cooling_rate = 0.999
26 - INFO - chord#: 111 done. best_score=36.0, changed=535, unchanged=422, early_stops=8/8
26 - INFO - chord#: 112 In build_straw_man_chord_sa. tolerance = 1, sa_iterations = 1000, initial_temperature = 3.0, cooling_rate = 0.999
26 - INFO - chord#: 136 done. best_score=27.0, changed=515, unchanged=316, early_stops=8/8
26 - INFO - chord#: 126 done. best_score=27.0, changed=521, unchanged=353, early_stops=8/8
26 - INFO - chord#: 128 In build_straw_man_chord_sa. tolerance = 1, sa_iterations = 1000, initial_temperature = 3.0, cooling_rate = 0.999
26 - INFO - chord#: 134 done. best_score=27.0, changed=521, unchanged=369, early_stops=8/8
26 - INFO - chord#: 135 In build_straw_man_chord_sa. tolerance = 1, sa_iterations = 1000, initial_temperature = 3.0, cooling_rate = 0.999
26 - INFO - chord#: 134 done. best_score=27.0, changed=519, unchanged=373, early_stops=8/8
26 - INFO - chord#: 135 In build_straw_man_chord_sa. tolerance = 1, sa_iterations = 1000, initial_temperature = 3.0, cooling_rate = 0.999
26 - INFO - chord#: 124 done. best_score=27.0, changed=523, unchanged=415, early_stops=8/8
26 - INFO - chord#: 126 In build_straw_man_chord_sa. tolerance = 1, sa_iterations = 1000, initial_temperature = 3.0, cooling_rate = 0.999
26 - INFO - chord#: 112 done. best_score=27.0, changed=518, unchanged=469, early_stops=8/8
26 - INFO - chord#: 120 In build_straw_man_chord_sa. tolerance = 1, sa_iterations = 1000, initial_temperature = 3.0, cooling_rate = 0.999
26 - INFO - chord#: 120 done. best_score=27.0, changed=518, unchanged=326, early_stops=8/8
26 - INFO - chord#: 124 In build_straw_man_chord_sa. tolerance = 1, sa_iterations = 1000, initial_temperature = 3.0, cooling_rate = 0.999
26 - INFO - chord#: 134 done. best_score=27.0, changed=525, unchanged=333, early_stops=8/8
26 - INFO - chord#: 135 In build_straw_man_chord_sa. tolerance = 1, sa_iterations = 1000, initial_temperature = 3.0, cooling_rate = 0.999
26 - INFO - chord#: 112 done. best_score=27.0, changed=525, unchanged=440, early_stops=8/8
26 - INFO - chord#: 120 In build_straw_man_chord_sa. tolerance = 1, sa_iterations = 1000, initial_temperature = 3.0, cooling_rate = 0.999
26 - INFO - chord#: 128 done. best_score=27.0, changed=526, unchanged=446, early_stops=8/8
26 - INFO - chord#: 132 In build_straw_man_chord_sa. tolerance = 1, sa_iterations = 1000, initial_temperature = 3.0, cooling_rate = 0.999
26 - INFO - chord#: 126 done. best_score=27.0, changed=520, unchanged=331, early_stops=8/8
26 - INFO - chord#: 128 In build_straw_man_chord_sa. tolerance = 1, sa_iterations = 1000, initial_temperature = 3.0, cooling_rate = 0.999
26 - INFO - chord#: 124 done. best_score=27.0, changed=530, unchanged=414, early_stops=8/8
26 - INFO - chord#: 126 In build_straw_man_chord_sa. tolerance = 1, sa_iterations = 1000, initial_temperature = 3.0, cooling_rate = 0.999
26 - INFO - chord#: 120 done. best_score=27.0, changed=515, unchanged=439, early_stops=8/8
26 - INFO - chord#: 124 In build_straw_man_chord_sa. tolerance = 1, sa_iterations = 1000, initial_temperature = 3.0, cooling_rate = 0.999
26 - INFO - chord#: 120 done. best_score=27.0, changed=526, unchanged=384, early_stops=8/8
26 - INFO - chord#: 124 In build_straw_man_chord_sa. tolerance = 1, sa_iterations = 1000, initial_temperature = 3.0, cooling_rate = 0.999
26 - INFO - chord#: 132 done. best_score=31.0, changed=524, unchanged=332, early_stops=8/8
26 - INFO - chord#: 134 In build_straw_man_chord_sa. tolerance = 1, sa_iterations = 1000, initial_temperature = 3.0, cooling_rate = 0.999
26 - INFO - chord#: 128 done. best_score=27.0, changed=524, unchanged=416, early_stops=8/8
26 - INFO - chord#: 132 In build_straw_man_chord_sa. tolerance = 1, sa_iterations = 1000, initial_temperature = 3.0, cooling_rate = 0.999
26 - INFO - chord#: 126 done. best_score=27.0, changed=523, unchanged=323, early_stops=8/8
26 - INFO - chord#: 128 In build_straw_man_chord_sa. tolerance = 1, sa_iterations = 1000, initial_temperature = 3.0, cooling_rate = 0.999
26 - INFO - chord#: 135 done. best_score=67.0, changed=615, unchanged=244, early_stops=8/8
26 - INFO - chord#: 136 In build_straw_man_chord_sa. tolerance = 1, sa_iterations = 1000, initial_temperature = 3.0, cooling_rate = 0.999
26 - INFO - chord#: 124 done. best_score=27.0, changed=525, unchanged=400, early_stops=8/8
26 - INFO - chord#: 126 In build_straw_man_chord_sa. tolerance = 1, sa_iterations = 1000, initial_temperature = 3.0, cooling_rate = 0.999
26 - INFO - chord#: 135 done. best_score=145.0, changed=613, unchanged=269, early_stops=8/8
26 - INFO - chord#: 136 In build_straw_man_chord_sa. tolerance = 1, sa_iterations = 1000, initial_temperature = 3.0, cooling_rate = 0.999
26 - INFO - chord#: 134 done. best_score=27.0, changed=518, unchanged=349, early_stops=8/8
26 - INFO - chord#: 135 In build_straw_man_chord_sa. tolerance = 1, sa_iterations = 1000, initial_temperature = 3.0, cooling_rate = 0.999
26 - INFO - chord#: 135 done. best_score=137.0, changed=610, unchanged=225, early_stops=8/8
26 - INFO - chord#: 136 In build_straw_man_chord_sa. tolerance = 1, sa_iterations = 1000, initial_temperature = 3.0, cooling_rate = 0.999
26 - INFO - chord#: 132 done. best_score=31.0, changed=513, unchanged=324, early_stops=8/8
26 - INFO - chord#: 134 In build_straw_man_chord_sa. tolerance = 1, sa_iterations = 1000, initial_temperature = 3.0, cooling_rate = 0.999
26 - INFO - chord#: 124 done. best_score=27.0, changed=528, unchanged=502, early_stops=8/8
26 - INFO - chord#: 126 In build_straw_man_chord_sa. tolerance = 1, sa_iterations = 1000, initial_temperature = 3.0, cooling_rate = 0.999
26 - INFO - chord#: 128 done. best_score=27.0, changed=515, unchanged=386, early_stops=8/8
26 - INFO - chord#: 132 In build_straw_man_chord_sa. tolerance = 1, sa_iterations = 1000, initial_temperature = 3.0, cooling_rate = 0.999
26 - INFO - chord#: 126 done. best_score=27.0, changed=524, unchanged=359, early_stops=8/8
26 - INFO - chord#: 128 In build_straw_man_chord_sa. tolerance = 1, sa_iterations = 1000, initial_temperature = 3.0, cooling_rate = 0.999
26 - INFO - chord#: 136 done. best_score=27.0, changed=514, unchanged=385, early_stops=8/8
26 - INFO - chord#: 126 done. best_score=27.0, changed=533, unchanged=382, early_stops=8/8
26 - INFO - chord#: 128 In build_straw_man_chord_sa. tolerance = 1, sa_iterations = 1000, initial_temperature = 3.0, cooling_rate = 0.999
26 - INFO - chord#: 136 done. best_score=27.0, changed=521, unchanged=434, early_stops=8/8
26 - INFO - chord#: 136 done. best_score=27.0, changed=523, unchanged=406, early_stops=8/8
26 - INFO - chord#: 132 done. best_score=31.0, changed=526, unchanged=359, early_stops=8/8
26 - INFO - chord#: 134 In build_straw_man_chord_sa. tolerance = 1, sa_iterations = 1000, initial_temperature = 3.0, cooling_rate = 0.999
26 - INFO - chord#: 134 done. best_score=27.0, changed=525, unchanged=526, early_stops=8/8
26 - INFO - chord#: 135 In build_straw_man_chord_sa. tolerance = 1, sa_iterations = 1000, initial_temperature = 3.0, cooling_rate = 0.999
26 - INFO - chord#: 128 done. best_score=27.0, changed=526, unchanged=367, early_stops=8/8
26 - INFO - chord#: 132 In build_straw_man_chord_sa. tolerance = 1, sa_iterations = 1000, initial_temperature = 3.0, cooling_rate = 0.999
26 - INFO - chord#: 128 done. best_score=27.0, changed=527, unchanged=420, early_stops=8/8
26 - INFO - chord#: 132 In build_straw_man_chord_sa. tolerance = 1, sa_iterations = 1000, initial_temperature = 3.0, cooling_rate = 0.999
26 - INFO - chord#: 132 done. best_score=31.0, changed=517, unchanged=366, early_stops=8/8
26 - INFO - chord#: 134 In build_straw_man_chord_sa. tolerance = 1, sa_iterations = 1000, initial_temperature = 3.0, cooling_rate = 0.999
26 - INFO - chord#: 134 done. best_score=27.0, changed=518, unchanged=486, early_stops=8/8
26 - INFO - chord#: 135 In build_straw_man_chord_sa. tolerance = 1, sa_iterations = 1000, initial_temperature = 3.0, cooling_rate = 0.999
26 - INFO - chord#: 135 done. best_score=137.0, changed=611, unchanged=386, early_stops=8/8
26 - INFO - chord#: 136 In build_straw_man_chord_sa. tolerance = 1, sa_iterations = 1000, initial_temperature = 3.0, cooling_rate = 0.999
26 - INFO - chord#: 132 done. best_score=31.0, changed=515, unchanged=366, early_stops=8/8
26 - INFO - chord#: 134 In build_straw_man_chord_sa. tolerance = 1, sa_iterations = 1000, initial_temperature = 3.0, cooling_rate = 0.999
26 - INFO - chord#: 134 done. best_score=27.0, changed=531, unchanged=448, early_stops=8/8
26 - INFO - chord#: 135 In build_straw_man_chord_sa. tolerance = 1, sa_iterations = 1000, initial_temperature = 3.0, cooling_rate = 0.999
26 - INFO - chord#: 136 done. best_score=27.0, changed=518, unchanged=347, early_stops=8/8
26 - INFO - chord#: 135 done. best_score=137.0, changed=612, unchanged=317, early_stops=8/8
26 - INFO - chord#: 136 In build_straw_man_chord_sa. tolerance = 1, sa_iterations = 1000, initial_temperature = 3.0, cooling_rate = 0.999
26 - INFO - chord#: 134 done. best_score=27.0, changed=531, unchanged=459, early_stops=8/8
26 - INFO - chord#: 135 In build_straw_man_chord_sa. tolerance = 1, sa_iterations = 1000, initial_temperature = 3.0, cooling_rate = 0.999
26 - INFO - chord#: 135 done. best_score=167.0, changed=609, unchanged=243, early_stops=8/8
26 - INFO - chord#: 136 In build_straw_man_chord_sa. tolerance = 1, sa_iterations = 1000, initial_temperature = 3.0, cooling_rate = 0.999
26 - INFO - chord#: 136 done. best_score=27.0, changed=521, unchanged=416, early_stops=8/8
26 - INFO - chord#: 136 done. best_score=27.0, changed=521, unchanged=407, early_stops=8/8
26 - INFO - chord#: 135 done. best_score=157.0, changed=608, unchanged=314, early_stops=8/8
26 - INFO - chord#: 136 In build_straw_man_chord_sa. tolerance = 1, sa_iterations = 1000, initial_temperature = 3.0, cooling_rate = 0.999
26 - INFO - chord#: 135 done. best_score=67.0, changed=612, unchanged=318, early_stops=8/8
26 - INFO - chord#: 136 In build_straw_man_chord_sa. tolerance = 1, sa_iterations = 1000, initial_temperature = 3.0, cooling_rate = 0.999
26 - INFO - chord#: 136 done. best_score=27.0, changed=523, unchanged=373, early_stops=8/8
26 - INFO - chord#: 136 done. best_score=27.0, changed=520, unchanged=377, early_stops=8/8
26 - INFO - chord#: 0 In build_straw_man_chord_sa. tolerance = 1, sa_iterations = 1000, initial_temperature = 3.0, cooling_rate = 0.999
26 - INFO - chord#: 0 In build_straw_man_chord_sa. tolerance = 1, sa_iterations = 1000, initial_temperature = 3.0, cooling_rate = 0.999
26 - INFO - chord#: 0 In build_straw_man_chord_sa. tolerance = 1, sa_iterations = 1000, initial_temperature = 3.0, cooling_rate = 0.999
26 - INFO - chord#: 0 In build_straw_man_chord_sa. tolerance = 1, sa_iterations = 1000, initial_temperature = 3.0, cooling_rate = 0.999
26 - INFO - chord#: 0 In build_straw_man_chord_sa. tolerance = 1, sa_iterations = 1000, initial_temperature = 3.0, cooling_rate = 0.999
26 - INFO - chord#: 0 In build_straw_man_chord_sa. tolerance = 1, sa_iterations = 1000, initial_temperature = 3.0, cooling_rate = 0.999
26 - INFO - chord#: 0 In build_straw_man_chord_sa. tolerance = 1, sa_iterations = 1000, initial_temperature = 3.0, cooling_rate = 0.999
26 - INFO - chord#: 0 In build_straw_man_chord_sa. tolerance = 1, sa_iterations = 1000, initial_temperature = 3.0, cooling_rate = 0.999
26 - INFO - chord#: 0 In build_straw_man_chord_sa. tolerance = 1, sa_iterations = 1000, initial_temperature = 3.0, cooling_rate = 0.999
26 - INFO - chord#: 0 In build_straw_man_chord_sa. tolerance = 1, sa_iterations = 1000, initial_temperature = 3.0, cooling_rate = 0.999
26 - INFO - chord#: 0 In build_straw_man_chord_sa. tolerance = 1, sa_iterations = 1000, initial_temperature = 3.0, cooling_rate = 0.999
26 - INFO - chord#: 0 In build_straw_man_chord_sa. tolerance = 1, sa_iterations = 1000, initial_temperature = 3.0, cooling_rate = 0.999
26 - INFO - chord#: 0 done. best_score=27.0, changed=519, unchanged=315, early_stops=8/8
26 - INFO - chord#: 4 In build_straw_man_chord_sa. tolerance = 1, sa_iterations = 1000, initial_temperature = 3.0, cooling_rate = 0.999
26 - INFO - chord#: 0 done. best_score=27.0, changed=520, unchanged=463, early_stops=8/8
26 - INFO - chord#: 4 In build_straw_man_chord_sa. tolerance = 1, sa_iterations = 1000, initial_temperature = 3.0, cooling_rate = 0.999
26 - INFO - chord#: 0 done. best_score=27.0, changed=527, unchanged=431, early_stops=8/8
26 - INFO - chord#: 4 In build_straw_man_chord_sa. tolerance = 1, sa_iterations = 1000, initial_temperature = 3.0, cooling_rate = 0.999
26 - INFO - chord#: 0 done. best_score=27.0, changed=515, unchanged=371, early_stops=8/8
26 - INFO - chord#: 4 In build_straw_man_chord_sa. tolerance = 1, sa_iterations = 1000, initial_temperature = 3.0, cooling_rate = 0.999
26 - INFO - chord#: 0 done. best_score=27.0, changed=521, unchanged=418, early_stops=8/8
26 - INFO - chord#: 4 In build_straw_man_chord_sa. tolerance = 1, sa_iterations = 1000, initial_temperature = 3.0, cooling_rate = 0.999
26 - INFO - chord#: 0 done. best_score=27.0, changed=513, unchanged=392, early_stops=8/8
26 - INFO - chord#: 4 In build_straw_man_chord_sa. tolerance = 1, sa_iterations = 1000, initial_temperature = 3.0, cooling_rate = 0.999
26 - INFO - chord#: 0 done. best_score=27.0, changed=519, unchanged=481, early_stops=8/8
26 - INFO - chord#: 4 In build_straw_man_chord_sa. tolerance = 1, sa_iterations = 1000, initial_temperature = 3.0, cooling_rate = 0.999
26 - INFO - chord#: 0 done. best_score=27.0, changed=530, unchanged=545, early_stops=8/8
26 - INFO - chord#: 4 In build_straw_man_chord_sa. tolerance = 1, sa_iterations = 1000, initial_temperature = 3.0, cooling_rate = 0.999
26 - INFO - chord#: 0 done. best_score=27.0, changed=523, unchanged=388, early_stops=8/8
26 - INFO - chord#: 0 done. best_score=27.0, changed=523, unchanged=598, early_stops=8/8
26 - INFO - chord#: 4 In build_straw_man_chord_sa. tolerance = 1, sa_iterations = 1000, initial_temperature = 3.0, cooling_rate = 0.999
26 - INFO - chord#: 4 In build_straw_man_chord_sa. tolerance = 1, sa_iterations = 1000, initial_temperature = 3.0, cooling_rate = 0.999
26 - INFO - chord#: 0 done. best_score=27.0, changed=515, unchanged=408, early_stops=8/8
26 - INFO - chord#: 4 In build_straw_man_chord_sa. tolerance = 1, sa_iterations = 1000, initial_temperature = 3.0, cooling_rate = 0.999
26 - INFO - chord#: 4 done. best_score=27.0, changed=525, unchanged=383, early_stops=8/8
26 - INFO - chord#: 6 In build_straw_man_chord_sa. tolerance = 1, sa_iterations = 1000, initial_temperature = 3.0, cooling_rate = 0.999
26 - INFO - chord#: 0 done. best_score=27.0, changed=523, unchanged=368, early_stops=8/8
26 - INFO - chord#: 4 In build_straw_man_chord_sa. tolerance = 1, sa_iterations = 1000, initial_temperature = 3.0, cooling_rate = 0.999
26 - INFO - chord#: 4 done. best_score=27.0, changed=519, unchanged=317, early_stops=8/8
26 - INFO - chord#: 6 In build_straw_man_chord_sa. tolerance = 1, sa_iterations = 1000, initial_temperature = 3.0, cooling_rate = 0.999
26 - INFO - chord#: 4 done. best_score=27.0, changed=516, unchanged=395, early_stops=8/8
26 - INFO - chord#: 6 In build_straw_man_chord_sa. tolerance = 1, sa_iterations = 1000, initial_temperature = 3.0, cooling_rate = 0.999
26 - INFO - chord#: 4 done. best_score=27.0, changed=520, unchanged=379, early_stops=8/8
26 - INFO - chord#: 6 In build_straw_man_chord_sa. tolerance = 1, sa_iterations = 1000, initial_temperature = 3.0, cooling_rate = 0.999
26 - INFO - chord#: 4 done. best_score=27.0, changed=523, unchanged=380, early_stops=8/8
26 - INFO - chord#: 6 In build_straw_man_chord_sa. tolerance = 1, sa_iterations = 1000, initial_temperature = 3.0, cooling_rate = 0.999
26 - INFO - chord#: 4 done. best_score=27.0, changed=524, unchanged=409, early_stops=8/8
26 - INFO - chord#: 6 In build_straw_man_chord_sa. tolerance = 1, sa_iterations = 1000, initial_temperature = 3.0, cooling_rate = 0.999
26 - INFO - chord#: 4 done. best_score=27.0, changed=526, unchanged=397, early_stops=8/8
26 - INFO - chord#: 6 In build_straw_man_chord_sa. tolerance = 1, sa_iterations = 1000, initial_temperature = 3.0, cooling_rate = 0.999
26 - INFO - chord#: 6 done. best_score=27.0, changed=529, unchanged=288, early_stops=8/8
26 - INFO - chord#: 8 In build_straw_man_chord_sa. tolerance = 1, sa_iterations = 1000, initial_temperature = 3.0, cooling_rate = 0.999
26 - INFO - chord#: 6 done. best_score=27.0, changed=522, unchanged=350, early_stops=8/8
26 - INFO - chord#: 4 done. best_score=27.0, changed=522, unchanged=449, early_stops=8/8
26 - INFO - chord#: 8 In build_straw_man_chord_sa. tolerance = 1, sa_iterations = 1000, initial_temperature = 3.0, cooling_rate = 0.999
26 - INFO - chord#: 6 In build_straw_man_chord_sa. tolerance = 1, sa_iterations = 1000, initial_temperature = 3.0, cooling_rate = 0.999
26 - INFO - chord#: 6 done. best_score=27.0, changed=527, unchanged=363, early_stops=8/8
26 - INFO - chord#: 8 In build_straw_man_chord_sa. tolerance = 1, sa_iterations = 1000, initial_temperature = 3.0, cooling_rate = 0.999
26 - INFO - chord#: 4 done. best_score=27.0, changed=523, unchanged=343, early_stops=8/8
26 - INFO - chord#: 6 In build_straw_man_chord_sa. tolerance = 1, sa_iterations = 1000, initial_temperature = 3.0, cooling_rate = 0.999
26 - INFO - chord#: 4 done. best_score=27.0, changed=523, unchanged=372, early_stops=8/8
26 - INFO - chord#: 6 In build_straw_man_chord_sa. tolerance = 1, sa_iterations = 1000, initial_temperature = 3.0, cooling_rate = 0.999
26 - INFO - chord#: 4 done. best_score=27.0, changed=527, unchanged=427, early_stops=8/8
26 - INFO - chord#: 6 In build_straw_man_chord_sa. tolerance = 1, sa_iterations = 1000, initial_temperature = 3.0, cooling_rate = 0.999
26 - INFO - chord#: 4 done. best_score=27.0, changed=515, unchanged=401, early_stops=8/8
26 - INFO - chord#: 6 In build_straw_man_chord_sa. tolerance = 1, sa_iterations = 1000, initial_temperature = 3.0, cooling_rate = 0.999
26 - INFO - chord#: 6 done. best_score=27.0, changed=533, unchanged=329, early_stops=8/8
26 - INFO - chord#: 8 In build_straw_man_chord_sa. tolerance = 1, sa_iterations = 1000, initial_temperature = 3.0, cooling_rate = 0.999
26 - INFO - chord#: 8 done. best_score=31.0, changed=520, unchanged=376, early_stops=8/8
26 - INFO - chord#: 10 In build_straw_man_chord_sa. tolerance = 1, sa_iterations = 1000, initial_temperature = 3.0, cooling_rate = 0.999
26 - INFO - chord#: 8 done. best_score=31.0, changed=519, unchanged=423, early_stops=8/8
26 - INFO - chord#: 10 In build_straw_man_chord_sa. tolerance = 1, sa_iterations = 1000, initial_temperature = 3.0, cooling_rate = 0.999
26 - INFO - chord#: 6 done. best_score=27.0, changed=534, unchanged=422, early_stops=8/8
26 - INFO - chord#: 8 In build_straw_man_chord_sa. tolerance = 1, sa_iterations = 1000, initial_temperature = 3.0, cooling_rate = 0.999
26 - INFO - chord#: 6 done. best_score=27.0, changed=533, unchanged=422, early_stops=8/8
26 - INFO - chord#: 8 In build_straw_man_chord_sa. tolerance = 1, sa_iterations = 1000, initial_temperature = 3.0, cooling_rate = 0.999
26 - INFO - chord#: 6 done. best_score=27.0, changed=525, unchanged=344, early_stops=8/8
26 - INFO - chord#: 8 In build_straw_man_chord_sa. tolerance = 1, sa_iterations = 1000, initial_temperature = 3.0, cooling_rate = 0.999
26 - INFO - chord#: 6 done. best_score=27.0, changed=526, unchanged=377, early_stops=8/8
26 - INFO - chord#: 8 In build_straw_man_chord_sa. tolerance = 1, sa_iterations = 1000, initial_temperature = 3.0, cooling_rate = 0.999
26 - INFO - chord#: 8 done. best_score=31.0, changed=527, unchanged=419, early_stops=8/8
26 - INFO - chord#: 10 In build_straw_man_chord_sa. tolerance = 1, sa_iterations = 1000, initial_temperature = 3.0, cooling_rate = 0.999
26 - INFO - chord#: 6 done. best_score=27.0, changed=529, unchanged=346, early_stops=8/8
26 - INFO - chord#: 8 In build_straw_man_chord_sa. tolerance = 1, sa_iterations = 1000, initial_temperature = 3.0, cooling_rate = 0.999
26 - INFO - chord#: 6 done. best_score=27.0, changed=524, unchanged=371, early_stops=8/8
26 - INFO - chord#: 8 In build_straw_man_chord_sa. tolerance = 1, sa_iterations = 1000, initial_temperature = 3.0, cooling_rate = 0.999
26 - INFO - chord#: 6 done. best_score=27.0, changed=526, unchanged=313, early_stops=8/8
26 - INFO - chord#: 8 In build_straw_man_chord_sa. tolerance = 1, sa_iterations = 1000, initial_temperature = 3.0, cooling_rate = 0.999
26 - INFO - chord#: 10 done. best_score=27.0, changed=516, unchanged=403, early_stops=8/8
26 - INFO - chord#: 12 In build_straw_man_chord_sa. tolerance = 1, sa_iterations = 1000, initial_temperature = 3.0, cooling_rate = 0.999
26 - INFO - chord#: 6 done. best_score=27.0, changed=531, unchanged=380, early_stops=8/8
26 - INFO - chord#: 8 In build_straw_man_chord_sa. tolerance = 1, sa_iterations = 1000, initial_temperature = 3.0, cooling_rate = 0.999
26 - INFO - chord#: 10 done. best_score=27.0, changed=521, unchanged=443, early_stops=8/8
26 - INFO - chord#: 12 In build_straw_man_chord_sa. tolerance = 1, sa_iterations = 1000, initial_temperature = 3.0, cooling_rate = 0.999
26 - INFO - chord#: 10 done. best_score=27.0, changed=522, unchanged=365, early_stops=8/8
26 - INFO - chord#: 12 In build_straw_man_chord_sa. tolerance = 1, sa_iterations = 1000, initial_temperature = 3.0, cooling_rate = 0.999
26 - INFO - chord#: 8 done. best_score=31.0, changed=524, unchanged=383, early_stops=8/8
26 - INFO - chord#: 10 In build_straw_man_chord_sa. tolerance = 1, sa_iterations = 1000, initial_temperature = 3.0, cooling_rate = 0.999
26 - INFO - chord#: 8 done. best_score=31.0, changed=523, unchanged=338, early_stops=8/8
26 - INFO - chord#: 10 In build_straw_man_chord_sa. tolerance = 1, sa_iterations = 1000, initial_temperature = 3.0, cooling_rate = 0.999
26 - INFO - chord#: 8 done. best_score=31.0, changed=513, unchanged=341, early_stops=8/8
26 - INFO - chord#: 10 In build_straw_man_chord_sa. tolerance = 1, sa_iterations = 1000, initial_temperature = 3.0, cooling_rate = 0.999
26 - INFO - chord#: 8 done. best_score=31.0, changed=532, unchanged=360, early_stops=8/8
26 - INFO - chord#: 10 In build_straw_man_chord_sa. tolerance = 1, sa_iterations = 1000, initial_temperature = 3.0, cooling_rate = 0.999
26 - INFO - chord#: 8 done. best_score=31.0, changed=522, unchanged=497, early_stops=8/8
26 - INFO - chord#: 10 In build_straw_man_chord_sa. tolerance = 1, sa_iterations = 1000, initial_temperature = 3.0, cooling_rate = 0.999
26 - INFO - chord#: 8 done. best_score=31.0, changed=520, unchanged=424, early_stops=8/8
26 - INFO - chord#: 10 In build_straw_man_chord_sa. tolerance = 1, sa_iterations = 1000, initial_temperature = 3.0, cooling_rate = 0.999
26 - INFO - chord#: 8 done. best_score=31.0, changed=517, unchanged=423, early_stops=8/8
26 - INFO - chord#: 10 In build_straw_man_chord_sa. tolerance = 1, sa_iterations = 1000, initial_temperature = 3.0, cooling_rate = 0.999
26 - INFO - chord#: 12 done. best_score=27.0, changed=532, unchanged=442, early_stops=8/8
26 - INFO - chord#: 14 In build_straw_man_chord_sa. tolerance = 1, sa_iterations = 1000, initial_temperature = 3.0, cooling_rate = 0.999
26 - INFO - chord#: 10 done. best_score=27.0, changed=515, unchanged=372, early_stops=8/8
26 - INFO - chord#: 12 In build_straw_man_chord_sa. tolerance = 1, sa_iterations = 1000, initial_temperature = 3.0, cooling_rate = 0.999
26 - INFO - chord#: 8 done. best_score=31.0, changed=525, unchanged=390, early_stops=8/8
26 - INFO - chord#: 10 In build_straw_man_chord_sa. tolerance = 1, sa_iterations = 1000, initial_temperature = 3.0, cooling_rate = 0.999
26 - INFO - chord#: 8 done. best_score=31.0, changed=532, unchanged=426, early_stops=8/8
26 - INFO - chord#: 10 In build_straw_man_chord_sa. tolerance = 1, sa_iterations = 1000, initial_temperature = 3.0, cooling_rate = 0.999
26 - INFO - chord#: 12 done. best_score=27.0, changed=525, unchanged=445, early_stops=8/8
26 - INFO - chord#: 14 In build_straw_man_chord_sa. tolerance = 1, sa_iterations = 1000, initial_temperature = 3.0, cooling_rate = 0.999
26 - INFO - chord#: 10 done. best_score=27.0, changed=518, unchanged=489, early_stops=8/8
26 - INFO - chord#: 12 In build_straw_man_chord_sa. tolerance = 1, sa_iterations = 1000, initial_temperature = 3.0, cooling_rate = 0.999
26 - INFO - chord#: 12 done. best_score=27.0, changed=523, unchanged=383, early_stops=8/8
26 - INFO - chord#: 14 In build_straw_man_chord_sa. tolerance = 1, sa_iterations = 1000, initial_temperature = 3.0, cooling_rate = 0.999
26 - INFO - chord#: 10 done. best_score=27.0, changed=525, unchanged=331, early_stops=8/8
26 - INFO - chord#: 12 In build_straw_man_chord_sa. tolerance = 1, sa_iterations = 1000, initial_temperature = 3.0, cooling_rate = 0.999
26 - INFO - chord#: 10 done. best_score=27.0, changed=536, unchanged=540, early_stops=8/8
26 - INFO - chord#: 12 In build_straw_man_chord_sa. tolerance = 1, sa_iterations = 1000, initial_temperature = 3.0, cooling_rate = 0.999
26 - INFO - chord#: 10 done. best_score=27.0, changed=530, unchanged=477, early_stops=8/8
26 - INFO - chord#: 12 In build_straw_man_chord_sa. tolerance = 1, sa_iterations = 1000, initial_temperature = 3.0, cooling_rate = 0.999
26 - INFO - chord#: 10 done. best_score=27.0, changed=519, unchanged=476, early_stops=8/8
26 - INFO - chord#: 12 In build_straw_man_chord_sa. tolerance = 1, sa_iterations = 1000, initial_temperature = 3.0, cooling_rate = 0.999
26 - INFO - chord#: 10 done. best_score=27.0, changed=527, unchanged=475, early_stops=8/8
26 - INFO - chord#: 12 In build_straw_man_chord_sa. tolerance = 1, sa_iterations = 1000, initial_temperature = 3.0, cooling_rate = 0.999
26 - INFO - chord#: 12 done. best_score=27.0, changed=527, unchanged=430, early_stops=8/8
26 - INFO - chord#: 14 In build_straw_man_chord_sa. tolerance = 1, sa_iterations = 1000, initial_temperature = 3.0, cooling_rate = 0.999
26 - INFO - chord#: 12 done. best_score=27.0, changed=531, unchanged=498, early_stops=8/8
26 - INFO - chord#: 14 In build_straw_man_chord_sa. tolerance = 1, sa_iterations = 1000, initial_temperature = 3.0, cooling_rate = 0.999
26 - INFO - chord#: 12 done. best_score=27.0, changed=536, unchanged=470, early_stops=8/8
26 - INFO - chord#: 14 In build_straw_man_chord_sa. tolerance = 1, sa_iterations = 1000, initial_temperature = 3.0, cooling_rate = 0.999
26 - INFO - chord#: 10 done. best_score=27.0, changed=523, unchanged=370, early_stops=8/8
26 - INFO - chord#: 12 In build_straw_man_chord_sa. tolerance = 1, sa_iterations = 1000, initial_temperature = 3.0, cooling_rate = 0.999
26 - INFO - chord#: 10 done. best_score=27.0, changed=523, unchanged=539, early_stops=8/8
26 - INFO - chord#: 12 In build_straw_man_chord_sa. tolerance = 1, sa_iterations = 1000, initial_temperature = 3.0, cooling_rate = 0.999
26 - INFO - chord#: 12 done. best_score=27.0, changed=525, unchanged=476, early_stops=8/8
26 - INFO - chord#: 14 In build_straw_man_chord_sa. tolerance = 1, sa_iterations = 1000, initial_temperature = 3.0, cooling_rate = 0.999
26 - INFO - chord#: 12 done. best_score=27.0, changed=514, unchanged=337, early_stops=8/8
26 - INFO - chord#: 14 In build_straw_man_chord_sa. tolerance = 1, sa_iterations = 1000, initial_temperature = 3.0, cooling_rate = 0.999
26 - INFO - chord#: 12 done. best_score=27.0, changed=524, unchanged=395, early_stops=8/8
26 - INFO - chord#: 14 In build_straw_man_chord_sa. tolerance = 1, sa_iterations = 1000, initial_temperature = 3.0, cooling_rate = 0.999
26 - INFO - chord#: 12 done. best_score=27.0, changed=520, unchanged=498, early_stops=8/8
26 - INFO - chord#: 14 In build_straw_man_chord_sa. tolerance = 1, sa_iterations = 1000, initial_temperature = 3.0, cooling_rate = 0.999
26 - INFO - chord#: 14 done. best_score=74.0, changed=612, unchanged=354, early_stops=8/8
26 - INFO - chord#: 15 In build_straw_man_chord_sa. tolerance = 1, sa_iterations = 1000, initial_temperature = 3.0, cooling_rate = 0.999
26 - INFO - chord#: 14 done. best_score=74.0, changed=612, unchanged=389, early_stops=8/8
26 - INFO - chord#: 15 In build_straw_man_chord_sa. tolerance = 1, sa_iterations = 1000, initial_temperature = 3.0, cooling_rate = 0.999
26 - INFO - chord#: 12 done. best_score=27.0, changed=523, unchanged=395, early_stops=8/8
26 - INFO - chord#: 14 In build_straw_man_chord_sa. tolerance = 1, sa_iterations = 1000, initial_temperature = 3.0, cooling_rate = 0.999
26 - INFO - chord#: 12 done. best_score=27.0, changed=527, unchanged=499, early_stops=8/8
26 - INFO - chord#: 14 In build_straw_man_chord_sa. tolerance = 1, sa_iterations = 1000, initial_temperature = 3.0, cooling_rate = 0.999
26 - INFO - chord#: 14 done. best_score=74.0, changed=613, unchanged=284, early_stops=8/8
26 - INFO - chord#: 15 In build_straw_man_chord_sa. tolerance = 1, sa_iterations = 1000, initial_temperature = 3.0, cooling_rate = 0.999
26 - INFO - chord#: 14 done. best_score=74.0, changed=612, unchanged=392, early_stops=8/8
26 - INFO - chord#: 15 In build_straw_man_chord_sa. tolerance = 1, sa_iterations = 1000, initial_temperature = 3.0, cooling_rate = 0.999
26 - INFO - chord#: 14 done. best_score=74.0, changed=615, unchanged=347, early_stops=8/8
26 - INFO - chord#: 15 In build_straw_man_chord_sa. tolerance = 1, sa_iterations = 1000, initial_temperature = 3.0, cooling_rate = 0.999
26 - INFO - chord#: 14 done. best_score=74.0, changed=618, unchanged=450, early_stops=8/8
26 - INFO - chord#: 15 In build_straw_man_chord_sa. tolerance = 1, sa_iterations = 1000, initial_temperature = 3.0, cooling_rate = 0.999
26 - INFO - chord#: 14 done. best_score=96.0, changed=619, unchanged=369, early_stops=8/8
26 - INFO - chord#: 15 In build_straw_man_chord_sa. tolerance = 1, sa_iterations = 1000, initial_temperature = 3.0, cooling_rate = 0.999
26 - INFO - chord#: 14 done. best_score=74.0, changed=617, unchanged=298, early_stops=8/8
26 - INFO - chord#: 15 In build_straw_man_chord_sa. tolerance = 1, sa_iterations = 1000, initial_temperature = 3.0, cooling_rate = 0.999
26 - INFO - chord#: 14 done. best_score=74.0, changed=610, unchanged=309, early_stops=8/8
26 - INFO - chord#: 15 In build_straw_man_chord_sa. tolerance = 1, sa_iterations = 1000, initial_temperature = 3.0, cooling_rate = 0.999
26 - INFO - chord#: 15 done. best_score=64.0, changed=614, unchanged=259, early_stops=8/8
26 - INFO - chord#: 16 In build_straw_man_chord_sa. tolerance = 1, sa_iterations = 1000, initial_temperature = 3.0, cooling_rate = 0.999
26 - INFO - chord#: 15 done. best_score=64.0, changed=612, unchanged=369, early_stops=8/8
26 - INFO - chord#: 16 In build_straw_man_chord_sa. tolerance = 1, sa_iterations = 1000, initial_temperature = 3.0, cooling_rate = 0.999
26 - INFO - chord#: 14 done. best_score=74.0, changed=613, unchanged=367, early_stops=8/8
26 - INFO - chord#: 15 In build_straw_man_chord_sa. tolerance = 1, sa_iterations = 1000, initial_temperature = 3.0, cooling_rate = 0.999
26 - INFO - chord#: 14 done. best_score=74.0, changed=614, unchanged=246, early_stops=8/8
26 - INFO - chord#: 15 In build_straw_man_chord_sa. tolerance = 1, sa_iterations = 1000, initial_temperature = 3.0, cooling_rate = 0.999
26 - INFO - chord#: 15 done. best_score=64.0, changed=609, unchanged=278, early_stops=8/8
26 - INFO - chord#: 16 In build_straw_man_chord_sa. tolerance = 1, sa_iterations = 1000, initial_temperature = 3.0, cooling_rate = 0.999
26 - INFO - chord#: 14 done. best_score=74.0, changed=611, unchanged=349, early_stops=8/8
26 - INFO - chord#: 15 In build_straw_man_chord_sa. tolerance = 1, sa_iterations = 1000, initial_temperature = 3.0, cooling_rate = 0.999
26 - INFO - chord#: 16 done. best_score=27.0, changed=516, unchanged=429, early_stops=8/8
26 - INFO - chord#: 18 In build_straw_man_chord_sa. tolerance = 1, sa_iterations = 1000, initial_temperature = 3.0, cooling_rate = 0.999
26 - INFO - chord#: 16 done. best_score=27.0, changed=524, unchanged=460, early_stops=8/8
26 - INFO - chord#: 18 In build_straw_man_chord_sa. tolerance = 1, sa_iterations = 1000, initial_temperature = 3.0, cooling_rate = 0.999
26 - INFO - chord#: 15 done. best_score=104.0, changed=612, unchanged=292, early_stops=8/8
26 - INFO - chord#: 16 In build_straw_man_chord_sa. tolerance = 1, sa_iterations = 1000, initial_temperature = 3.0, cooling_rate = 0.999
26 - INFO - chord#: 15 done. best_score=64.0, changed=608, unchanged=370, early_stops=8/8
26 - INFO - chord#: 16 In build_straw_man_chord_sa. tolerance = 1, sa_iterations = 1000, initial_temperature = 3.0, cooling_rate = 0.999
26 - INFO - chord#: 15 done. best_score=64.0, changed=610, unchanged=302, early_stops=8/8
26 - INFO - chord#: 16 In build_straw_man_chord_sa. tolerance = 1, sa_iterations = 1000, initial_temperature = 3.0, cooling_rate = 0.999
26 - INFO - chord#: 16 done. best_score=27.0, changed=524, unchanged=383, early_stops=8/8
26 - INFO - chord#: 15 done. best_score=64.0, changed=613, unchanged=263, early_stops=8/8
26 - INFO - chord#: 18 In build_straw_man_chord_sa. tolerance = 1, sa_iterations = 1000, initial_temperature = 3.0, cooling_rate = 0.999
26 - INFO - chord#: 16 In build_straw_man_chord_sa. tolerance = 1, sa_iterations = 1000, initial_temperature = 3.0, cooling_rate = 0.999
26 - INFO - chord#: 16 done. best_score=27.0, changed=523, unchanged=459, early_stops=8/8
26 - INFO - chord#: 18 In build_straw_man_chord_sa. tolerance = 1, sa_iterations = 1000, initial_temperature = 3.0, cooling_rate = 0.999
26 - INFO - chord#: 16 done. best_score=27.0, changed=522, unchanged=509, early_stops=8/8
26 - INFO - chord#: 18 In build_straw_man_chord_sa. tolerance = 1, sa_iterations = 1000, initial_temperature = 3.0, cooling_rate = 0.999
26 - INFO - chord#: 15 done. best_score=64.0, changed=617, unchanged=399, early_stops=8/8
26 - INFO - chord#: 16 In build_straw_man_chord_sa. tolerance = 1, sa_iterations = 1000, initial_temperature = 3.0, cooling_rate = 0.999
26 - INFO - chord#: 16 done. best_score=27.0, changed=524, unchanged=439, early_stops=8/8
26 - INFO - chord#: 18 In build_straw_man_chord_sa. tolerance = 1, sa_iterations = 1000, initial_temperature = 3.0, cooling_rate = 0.999
26 - INFO - chord#: 15 done. best_score=64.0, changed=609, unchanged=267, early_stops=8/8
26 - INFO - chord#: 16 In build_straw_man_chord_sa. tolerance = 1, sa_iterations = 1000, initial_temperature = 3.0, cooling_rate = 0.999
26 - INFO - chord#: 16 done. best_score=27.0, changed=525, unchanged=418, early_stops=8/8
26 - INFO - chord#: 18 In build_straw_man_chord_sa. tolerance = 1, sa_iterations = 1000, initial_temperature = 3.0, cooling_rate = 0.999
26 - INFO - chord#: 15 done. best_score=64.0, changed=613, unchanged=348, early_stops=8/8
26 - INFO - chord#: 16 In build_straw_man_chord_sa. tolerance = 1, sa_iterations = 1000, initial_temperature = 3.0, cooling_rate = 0.999
26 - INFO - chord#: 15 done. best_score=64.0, changed=609, unchanged=346, early_stops=8/8
26 - INFO - chord#: 16 In build_straw_man_chord_sa. tolerance = 1, sa_iterations = 1000, initial_temperature = 3.0, cooling_rate = 0.999
26 - INFO - chord#: 16 done. best_score=27.0, changed=526, unchanged=361, early_stops=8/8
26 - INFO - chord#: 18 In build_straw_man_chord_sa. tolerance = 1, sa_iterations = 1000, initial_temperature = 3.0, cooling_rate = 0.999
26 - INFO - chord#: 18 done. best_score=67.0, changed=618, unchanged=290, early_stops=8/8
26 - INFO - chord#: 20 In build_straw_man_chord_sa. tolerance = 1, sa_iterations = 1000, initial_temperature = 3.0, cooling_rate = 0.999
26 - INFO - chord#: 18 done. best_score=67.0, changed=613, unchanged=420, early_stops=8/8
26 - INFO - chord#: 20 In build_straw_man_chord_sa. tolerance = 1, sa_iterations = 1000, initial_temperature = 3.0, cooling_rate = 0.999
26 - INFO - chord#: 16 done. best_score=27.0, changed=520, unchanged=406, early_stops=8/8
26 - INFO - chord#: 18 In build_straw_man_chord_sa. tolerance = 1, sa_iterations = 1000, initial_temperature = 3.0, cooling_rate = 0.999
26 - INFO - chord#: 15 done. best_score=64.0, changed=613, unchanged=343, early_stops=8/8
26 - INFO - chord#: 16 In build_straw_man_chord_sa. tolerance = 1, sa_iterations = 1000, initial_temperature = 3.0, cooling_rate = 0.999
26 - INFO - chord#: 20 done. best_score=27.0, changed=511, unchanged=309, early_stops=8/8
26 - INFO - chord#: 28 In build_straw_man_chord_sa. tolerance = 1, sa_iterations = 1000, initial_temperature = 3.0, cooling_rate = 0.999
26 - INFO - chord#: 20 done. best_score=27.0, changed=517, unchanged=309, early_stops=8/8
26 - INFO - chord#: 28 In build_straw_man_chord_sa. tolerance = 1, sa_iterations = 1000, initial_temperature = 3.0, cooling_rate = 0.999
26 - INFO - chord#: 18 done. best_score=67.0, changed=610, unchanged=306, early_stops=8/8
26 - INFO - chord#: 20 In build_straw_man_chord_sa. tolerance = 1, sa_iterations = 1000, initial_temperature = 3.0, cooling_rate = 0.999
26 - INFO - chord#: 16 done. best_score=27.0, changed=527, unchanged=557, early_stops=8/8
26 - INFO - chord#: 18 In build_straw_man_chord_sa. tolerance = 1, sa_iterations = 1000, initial_temperature = 3.0, cooling_rate = 0.999
26 - INFO - chord#: 18 done. best_score=67.0, changed=611, unchanged=283, early_stops=8/8
26 - INFO - chord#: 20 In build_straw_man_chord_sa. tolerance = 1, sa_iterations = 1000, initial_temperature = 3.0, cooling_rate = 0.999
26 - INFO - chord#: 16 done. best_score=27.0, changed=528, unchanged=422, early_stops=8/8
26 - INFO - chord#: 18 In build_straw_man_chord_sa. tolerance = 1, sa_iterations = 1000, initial_temperature = 3.0, cooling_rate = 0.999
26 - INFO - chord#: 18 done. best_score=96.0, changed=614, unchanged=332, early_stops=8/8
26 - INFO - chord#: 20 In build_straw_man_chord_sa. tolerance = 1, sa_iterations = 1000, initial_temperature = 3.0, cooling_rate = 0.999
26 - INFO - chord#: 18 done. best_score=67.0, changed=612, unchanged=401, early_stops=8/8
26 - INFO - chord#: 20 In build_straw_man_chord_sa. tolerance = 1, sa_iterations = 1000, initial_temperature = 3.0, cooling_rate = 0.999
26 - INFO - chord#: 16 done. best_score=27.0, changed=528, unchanged=476, early_stops=8/8
26 - INFO - chord#: 18 In build_straw_man_chord_sa. tolerance = 1, sa_iterations = 1000, initial_temperature = 3.0, cooling_rate = 0.999
26 - INFO - chord#: 20 done. best_score=27.0, changed=527, unchanged=364, early_stops=8/8
26 - INFO - chord#: 28 In build_straw_man_chord_sa. tolerance = 1, sa_iterations = 1000, initial_temperature = 3.0, cooling_rate = 0.999
26 - INFO - chord#: 18 done. best_score=67.0, changed=614, unchanged=407, early_stops=8/8
26 - INFO - chord#: 20 In build_straw_man_chord_sa. tolerance = 1, sa_iterations = 1000, initial_temperature = 3.0, cooling_rate = 0.999
26 - INFO - chord#: 28 done. best_score=27.0, changed=529, unchanged=429, early_stops=8/8
26 - INFO - chord#: 32 In build_straw_man_chord_sa. tolerance = 1, sa_iterations = 1000, initial_temperature = 3.0, cooling_rate = 0.999
26 - INFO - chord#: 20 done. best_score=27.0, changed=518, unchanged=314, early_stops=8/8
26 - INFO - chord#: 28 In build_straw_man_chord_sa. tolerance = 1, sa_iterations = 1000, initial_temperature = 3.0, cooling_rate = 0.999
26 - INFO - chord#: 20 done. best_score=27.0, changed=520, unchanged=327, early_stops=8/8
26 - INFO - chord#: 28 In build_straw_man_chord_sa. tolerance = 1, sa_iterations = 1000, initial_temperature = 3.0, cooling_rate = 0.999
26 - INFO - chord#: 20 done. best_score=27.0, changed=519, unchanged=360, early_stops=8/8
26 - INFO - chord#: 28 In build_straw_man_chord_sa. tolerance = 1, sa_iterations = 1000, initial_temperature = 3.0, cooling_rate = 0.999
26 - INFO - chord#: 28 done. best_score=27.0, changed=517, unchanged=505, early_stops=8/8
26 - INFO - chord#: 32 In build_straw_man_chord_sa. tolerance = 1, sa_iterations = 1000, initial_temperature = 3.0, cooling_rate = 0.999
26 - INFO - chord#: 20 done. best_score=27.0, changed=518, unchanged=339, early_stops=8/8
26 - INFO - chord#: 28 In build_straw_man_chord_sa. tolerance = 1, sa_iterations = 1000, initial_temperature = 3.0, cooling_rate = 0.999
26 - INFO - chord#: 18 done. best_score=67.0, changed=614, unchanged=352, early_stops=8/8
26 - INFO - chord#: 20 In build_straw_man_chord_sa. tolerance = 1, sa_iterations = 1000, initial_temperature = 3.0, cooling_rate = 0.999
26 - INFO - chord#: 32 done. best_score=27.0, changed=523, unchanged=394, early_stops=8/8
26 - INFO - chord#: 36 In build_straw_man_chord_sa. tolerance = 1, sa_iterations = 1000, initial_temperature = 3.0, cooling_rate = 0.999
26 - INFO - chord#: 28 done. best_score=27.0, changed=522, unchanged=504, early_stops=8/8
26 - INFO - chord#: 32 In build_straw_man_chord_sa. tolerance = 1, sa_iterations = 1000, initial_temperature = 3.0, cooling_rate = 0.999
26 - INFO - chord#: 28 done. best_score=27.0, changed=522, unchanged=442, early_stops=8/8
26 - INFO - chord#: 32 In build_straw_man_chord_sa. tolerance = 1, sa_iterations = 1000, initial_temperature = 3.0, cooling_rate = 0.999
26 - INFO - chord#: 28 done. best_score=27.0, changed=517, unchanged=393, early_stops=8/8
26 - INFO - chord#: 32 In build_straw_man_chord_sa. tolerance = 1, sa_iterations = 1000, initial_temperature = 3.0, cooling_rate = 0.999
26 - INFO - chord#: 28 done. best_score=27.0, changed=532, unchanged=500, early_stops=8/8
26 - INFO - chord#: 32 In build_straw_man_chord_sa. tolerance = 1, sa_iterations = 1000, initial_temperature = 3.0, cooling_rate = 0.999
26 - INFO - chord#: 18 done. best_score=67.0, changed=612, unchanged=333, early_stops=8/8
26 - INFO - chord#: 20 In build_straw_man_chord_sa. tolerance = 1, sa_iterations = 1000, initial_temperature = 3.0, cooling_rate = 0.999
26 - INFO - chord#: 32 done. best_score=27.0, changed=525, unchanged=386, early_stops=8/8
26 - INFO - chord#: 36 In build_straw_man_chord_sa. tolerance = 1, sa_iterations = 1000, initial_temperature = 3.0, cooling_rate = 0.999
26 - INFO - chord#: 18 done. best_score=67.0, changed=613, unchanged=471, early_stops=8/8
26 - INFO - chord#: 20 In build_straw_man_chord_sa. tolerance = 1, sa_iterations = 1000, initial_temperature = 3.0, cooling_rate = 0.999
26 - INFO - chord#: 28 done. best_score=27.0, changed=525, unchanged=369, early_stops=8/8
26 - INFO - chord#: 32 In build_straw_man_chord_sa. tolerance = 1, sa_iterations = 1000, initial_temperature = 3.0, cooling_rate = 0.999
26 - INFO - chord#: 36 done. best_score=27.0, changed=524, unchanged=368, early_stops=8/8
26 - INFO - chord#: 38 In build_straw_man_chord_sa. tolerance = 1, sa_iterations = 1000, initial_temperature = 3.0, cooling_rate = 0.999
26 - INFO - chord#: 20 done. best_score=27.0, changed=522, unchanged=348, early_stops=8/8
26 - INFO - chord#: 28 In build_straw_man_chord_sa. tolerance = 1, sa_iterations = 1000, initial_temperature = 3.0, cooling_rate = 0.999
26 - INFO - chord#: 32 done. best_score=27.0, changed=521, unchanged=387, early_stops=8/8
26 - INFO - chord#: 36 In build_straw_man_chord_sa. tolerance = 1, sa_iterations = 1000, initial_temperature = 3.0, cooling_rate = 0.999
26 - INFO - chord#: 18 done. best_score=157.0, changed=609, unchanged=241, early_stops=8/8
26 - INFO - chord#: 20 In build_straw_man_chord_sa. tolerance = 1, sa_iterations = 1000, initial_temperature = 3.0, cooling_rate = 0.999
26 - INFO - chord#: 32 done. best_score=27.0, changed=529, unchanged=400, early_stops=8/8
26 - INFO - chord#: 36 In build_straw_man_chord_sa. tolerance = 1, sa_iterations = 1000, initial_temperature = 3.0, cooling_rate = 0.999
26 - INFO - chord#: 32 done. best_score=27.0, changed=518, unchanged=353, early_stops=8/8
26 - INFO - chord#: 36 In build_straw_man_chord_sa. tolerance = 1, sa_iterations = 1000, initial_temperature = 3.0, cooling_rate = 0.999
26 - INFO - chord#: 20 done. best_score=27.0, changed=533, unchanged=386, early_stops=8/8
26 - INFO - chord#: 28 In build_straw_man_chord_sa. tolerance = 1, sa_iterations = 1000, initial_temperature = 3.0, cooling_rate = 0.999
26 - INFO - chord#: 32 done. best_score=27.0, changed=528, unchanged=344, early_stops=8/8
26 - INFO - chord#: 36 In build_straw_man_chord_sa. tolerance = 1, sa_iterations = 1000, initial_temperature = 3.0, cooling_rate = 0.999
26 - INFO - chord#: 18 done. best_score=157.0, changed=618, unchanged=467, early_stops=8/8
26 - INFO - chord#: 36 done. best_score=27.0, changed=518, unchanged=334, early_stops=8/8
26 - INFO - chord#: 20 In build_straw_man_chord_sa. tolerance = 1, sa_iterations = 1000, initial_temperature = 3.0, cooling_rate = 0.999
26 - INFO - chord#: 38 In build_straw_man_chord_sa. tolerance = 1, sa_iterations = 1000, initial_temperature = 3.0, cooling_rate = 0.999
26 - INFO - chord#: 20 done. best_score=27.0, changed=534, unchanged=438, early_stops=8/8
26 - INFO - chord#: 28 In build_straw_man_chord_sa. tolerance = 1, sa_iterations = 1000, initial_temperature = 3.0, cooling_rate = 0.999
26 - INFO - chord#: 32 done. best_score=27.0, changed=515, unchanged=369, early_stops=8/8
26 - INFO - chord#: 36 In build_straw_man_chord_sa. tolerance = 1, sa_iterations = 1000, initial_temperature = 3.0, cooling_rate = 0.999
26 - INFO - chord#: 38 done. best_score=27.0, changed=512, unchanged=370, early_stops=8/8
26 - INFO - chord#: 40 In build_straw_man_chord_sa. tolerance = 1, sa_iterations = 1000, initial_temperature = 3.0, cooling_rate = 0.999
26 - INFO - chord#: 36 done. best_score=27.0, changed=521, unchanged=394, early_stops=8/8
26 - INFO - chord#: 38 In build_straw_man_chord_sa. tolerance = 1, sa_iterations = 1000, initial_temperature = 3.0, cooling_rate = 0.999
26 - INFO - chord#: 36 done. best_score=27.0, changed=522, unchanged=333, early_stops=8/8
26 - INFO - chord#: 38 In build_straw_man_chord_sa. tolerance = 1, sa_iterations = 1000, initial_temperature = 3.0, cooling_rate = 0.999
26 - INFO - chord#: 36 done. best_score=27.0, changed=521, unchanged=354, early_stops=8/8
26 - INFO - chord#: 38 In build_straw_man_chord_sa. tolerance = 1, sa_iterations = 1000, initial_temperature = 3.0, cooling_rate = 0.999
26 - INFO - chord#: 28 done. best_score=27.0, changed=513, unchanged=437, early_stops=8/8
26 - INFO - chord#: 32 In build_straw_man_chord_sa. tolerance = 1, sa_iterations = 1000, initial_temperature = 3.0, cooling_rate = 0.999
26 - INFO - chord#: 20 done. best_score=27.0, changed=519, unchanged=335, early_stops=8/8
26 - INFO - chord#: 28 In build_straw_man_chord_sa. tolerance = 1, sa_iterations = 1000, initial_temperature = 3.0, cooling_rate = 0.999
26 - INFO - chord#: 36 done. best_score=27.0, changed=521, unchanged=322, early_stops=8/8
26 - INFO - chord#: 38 In build_straw_man_chord_sa. tolerance = 1, sa_iterations = 1000, initial_temperature = 3.0, cooling_rate = 0.999
26 - INFO - chord#: 28 done. best_score=27.0, changed=517, unchanged=327, early_stops=8/8
26 - INFO - chord#: 32 In build_straw_man_chord_sa. tolerance = 1, sa_iterations = 1000, initial_temperature = 3.0, cooling_rate = 0.999
26 - INFO - chord#: 36 done. best_score=27.0, changed=515, unchanged=302, early_stops=8/8
26 - INFO - chord#: 38 In build_straw_man_chord_sa. tolerance = 1, sa_iterations = 1000, initial_temperature = 3.0, cooling_rate = 0.999
26 - INFO - chord#: 28 done. best_score=27.0, changed=526, unchanged=423, early_stops=8/8
26 - INFO - chord#: 32 In build_straw_man_chord_sa. tolerance = 1, sa_iterations = 1000, initial_temperature = 3.0, cooling_rate = 0.999
26 - INFO - chord#: 20 done. best_score=27.0, changed=518, unchanged=339, early_stops=8/8
26 - INFO - chord#: 28 In build_straw_man_chord_sa. tolerance = 1, sa_iterations = 1000, initial_temperature = 3.0, cooling_rate = 0.999
26 - INFO - chord#: 38 done. best_score=27.0, changed=522, unchanged=316, early_stops=8/8
26 - INFO - chord#: 40 In build_straw_man_chord_sa. tolerance = 1, sa_iterations = 1000, initial_temperature = 3.0, cooling_rate = 0.999
26 - INFO - chord#: 40 done. best_score=35.0, changed=525, unchanged=336, early_stops=8/8
26 - INFO - chord#: 42 In build_straw_man_chord_sa. tolerance = 1, sa_iterations = 1000, initial_temperature = 3.0, cooling_rate = 0.999
26 - INFO - chord#: 38 done. best_score=27.0, changed=521, unchanged=432, early_stops=8/8
26 - INFO - chord#: 40 In build_straw_man_chord_sa. tolerance = 1, sa_iterations = 1000, initial_temperature = 3.0, cooling_rate = 0.999
26 - INFO - chord#: 38 done. best_score=27.0, changed=525, unchanged=443, early_stops=8/8
26 - INFO - chord#: 40 In build_straw_man_chord_sa. tolerance = 1, sa_iterations = 1000, initial_temperature = 3.0, cooling_rate = 0.999
26 - INFO - chord#: 38 done. best_score=27.0, changed=515, unchanged=410, early_stops=8/8
26 - INFO - chord#: 40 In build_straw_man_chord_sa. tolerance = 1, sa_iterations = 1000, initial_temperature = 3.0, cooling_rate = 0.999
26 - INFO - chord#: 32 done. best_score=27.0, changed=521, unchanged=423, early_stops=8/8
26 - INFO - chord#: 36 In build_straw_man_chord_sa. tolerance = 1, sa_iterations = 1000, initial_temperature = 3.0, cooling_rate = 0.999
26 - INFO - chord#: 28 done. best_score=27.0, changed=532, unchanged=568, early_stops=8/8
26 - INFO - chord#: 32 In build_straw_man_chord_sa. tolerance = 1, sa_iterations = 1000, initial_temperature = 3.0, cooling_rate = 0.999
26 - INFO - chord#: 38 done. best_score=27.0, changed=529, unchanged=374, early_stops=8/8
26 - INFO - chord#: 40 In build_straw_man_chord_sa. tolerance = 1, sa_iterations = 1000, initial_temperature = 3.0, cooling_rate = 0.999
26 - INFO - chord#: 32 done. best_score=27.0, changed=517, unchanged=417, early_stops=8/8
26 - INFO - chord#: 36 In build_straw_man_chord_sa. tolerance = 1, sa_iterations = 1000, initial_temperature = 3.0, cooling_rate = 0.999
26 - INFO - chord#: 42 done. best_score=36.0, changed=526, unchanged=331, early_stops=8/8
26 - INFO - chord#: 44 In build_straw_man_chord_sa. tolerance = 1, sa_iterations = 1000, initial_temperature = 3.0, cooling_rate = 0.999
26 - INFO - chord#: 38 done. best_score=27.0, changed=529, unchanged=341, early_stops=8/8
26 - INFO - chord#: 40 In build_straw_man_chord_sa. tolerance = 1, sa_iterations = 1000, initial_temperature = 3.0, cooling_rate = 0.999
26 - INFO - chord#: 40 done. best_score=35.0, changed=529, unchanged=444, early_stops=8/8
26 - INFO - chord#: 42 In build_straw_man_chord_sa. tolerance = 1, sa_iterations = 1000, initial_temperature = 3.0, cooling_rate = 0.999
26 - INFO - chord#: 32 done. best_score=27.0, changed=528, unchanged=479, early_stops=8/8
26 - INFO - chord#: 36 In build_straw_man_chord_sa. tolerance = 1, sa_iterations = 1000, initial_temperature = 3.0, cooling_rate = 0.999
26 - INFO - chord#: 40 done. best_score=35.0, changed=515, unchanged=375, early_stops=8/8
26 - INFO - chord#: 42 In build_straw_man_chord_sa. tolerance = 1, sa_iterations = 1000, initial_temperature = 3.0, cooling_rate = 0.999
26 - INFO - chord#: 40 done. best_score=35.0, changed=524, unchanged=407, early_stops=8/8
26 - INFO - chord#: 42 In build_straw_man_chord_sa. tolerance = 1, sa_iterations = 1000, initial_temperature = 3.0, cooling_rate = 0.999
26 - INFO - chord#: 28 done. best_score=27.0, changed=532, unchanged=560, early_stops=8/8
26 - INFO - chord#: 32 In build_straw_man_chord_sa. tolerance = 1, sa_iterations = 1000, initial_temperature = 3.0, cooling_rate = 0.999
26 - INFO - chord#: 40 done. best_score=35.0, changed=530, unchanged=461, early_stops=8/8
26 - INFO - chord#: 42 In build_straw_man_chord_sa. tolerance = 1, sa_iterations = 1000, initial_temperature = 3.0, cooling_rate = 0.999
26 - INFO - chord#: 44 done. best_score=31.0, changed=523, unchanged=293, early_stops=8/8
26 - INFO - chord#: 46 In build_straw_man_chord_sa. tolerance = 1, sa_iterations = 1000, initial_temperature = 3.0, cooling_rate = 0.999
26 - INFO - chord#: 36 done. best_score=27.0, changed=525, unchanged=363, early_stops=8/8
26 - INFO - chord#: 38 In build_straw_man_chord_sa. tolerance = 1, sa_iterations = 1000, initial_temperature = 3.0, cooling_rate = 0.999
26 - INFO - chord#: 36 done. best_score=27.0, changed=520, unchanged=369, early_stops=8/8
26 - INFO - chord#: 38 In build_straw_man_chord_sa. tolerance = 1, sa_iterations = 1000, initial_temperature = 3.0, cooling_rate = 0.999
26 - INFO - chord#: 40 done. best_score=35.0, changed=535, unchanged=370, early_stops=8/8
26 - INFO - chord#: 42 In build_straw_man_chord_sa. tolerance = 1, sa_iterations = 1000, initial_temperature = 3.0, cooling_rate = 0.999
26 - INFO - chord#: 42 done. best_score=36.0, changed=527, unchanged=382, early_stops=8/8
26 - INFO - chord#: 44 In build_straw_man_chord_sa. tolerance = 1, sa_iterations = 1000, initial_temperature = 3.0, cooling_rate = 0.999
26 - INFO - chord#: 32 done. best_score=27.0, changed=528, unchanged=370, early_stops=8/8
26 - INFO - chord#: 36 In build_straw_man_chord_sa. tolerance = 1, sa_iterations = 1000, initial_temperature = 3.0, cooling_rate = 0.999
26 - INFO - chord#: 40 done. best_score=35.0, changed=523, unchanged=382, early_stops=8/8
26 - INFO - chord#: 42 In build_straw_man_chord_sa. tolerance = 1, sa_iterations = 1000, initial_temperature = 3.0, cooling_rate = 0.999
26 - INFO - chord#: 42 done. best_score=36.0, changed=526, unchanged=323, early_stops=8/8
26 - INFO - chord#: 44 In build_straw_man_chord_sa. tolerance = 1, sa_iterations = 1000, initial_temperature = 3.0, cooling_rate = 0.999
26 - INFO - chord#: 42 done. best_score=36.0, changed=534, unchanged=353, early_stops=8/8
26 - INFO - chord#: 44 In build_straw_man_chord_sa. tolerance = 1, sa_iterations = 1000, initial_temperature = 3.0, cooling_rate = 0.999
26 - INFO - chord#: 36 done. best_score=27.0, changed=529, unchanged=404, early_stops=8/8
26 - INFO - chord#: 38 In build_straw_man_chord_sa. tolerance = 1, sa_iterations = 1000, initial_temperature = 3.0, cooling_rate = 0.999
26 - INFO - chord#: 42 done. best_score=36.0, changed=521, unchanged=388, early_stops=8/8
26 - INFO - chord#: 44 In build_straw_man_chord_sa. tolerance = 1, sa_iterations = 1000, initial_temperature = 3.0, cooling_rate = 0.999
26 - INFO - chord#: 32 done. best_score=27.0, changed=528, unchanged=437, early_stops=8/8
26 - INFO - chord#: 36 In build_straw_man_chord_sa. tolerance = 1, sa_iterations = 1000, initial_temperature = 3.0, cooling_rate = 0.999
26 - INFO - chord#: 46 done. best_score=27.0, changed=521, unchanged=400, early_stops=8/8
26 - INFO - chord#: 47 In build_straw_man_chord_sa. tolerance = 1, sa_iterations = 1000, initial_temperature = 3.0, cooling_rate = 0.999
26 - INFO - chord#: 42 done. best_score=36.0, changed=521, unchanged=332, early_stops=8/8
26 - INFO - chord#: 44 In build_straw_man_chord_sa. tolerance = 1, sa_iterations = 1000, initial_temperature = 3.0, cooling_rate = 0.999
26 - INFO - chord#: 38 done. best_score=27.0, changed=525, unchanged=380, early_stops=8/8
26 - INFO - chord#: 40 In build_straw_man_chord_sa. tolerance = 1, sa_iterations = 1000, initial_temperature = 3.0, cooling_rate = 0.999
26 - INFO - chord#: 44 done. best_score=58.0, changed=593, unchanged=220, early_stops=8/8
26 - INFO - chord#: 46 In build_straw_man_chord_sa. tolerance = 1, sa_iterations = 1000, initial_temperature = 3.0, cooling_rate = 0.999
26 - INFO - chord#: 44 done. best_score=31.0, changed=546, unchanged=423, early_stops=8/8
26 - INFO - chord#: 46 In build_straw_man_chord_sa. tolerance = 1, sa_iterations = 1000, initial_temperature = 3.0, cooling_rate = 0.999
26 - INFO - chord#: 44 done. best_score=31.0, changed=528, unchanged=302, early_stops=8/8
26 - INFO - chord#: 46 In build_straw_man_chord_sa. tolerance = 1, sa_iterations = 1000, initial_temperature = 3.0, cooling_rate = 0.999
26 - INFO - chord#: 38 done. best_score=27.0, changed=524, unchanged=468, early_stops=8/8
26 - INFO - chord#: 40 In build_straw_man_chord_sa. tolerance = 1, sa_iterations = 1000, initial_temperature = 3.0, cooling_rate = 0.999
26 - INFO - chord#: 44 done. best_score=31.0, changed=532, unchanged=329, early_stops=8/8
26 - INFO - chord#: 46 In build_straw_man_chord_sa. tolerance = 1, sa_iterations = 1000, initial_temperature = 3.0, cooling_rate = 0.999
26 - INFO - chord#: 36 done. best_score=27.0, changed=524, unchanged=434, early_stops=8/8
26 - INFO - chord#: 38 In build_straw_man_chord_sa. tolerance = 1, sa_iterations = 1000, initial_temperature = 3.0, cooling_rate = 0.999
26 - INFO - chord#: 42 done. best_score=36.0, changed=524, unchanged=307, early_stops=8/8
26 - INFO - chord#: 44 In build_straw_man_chord_sa. tolerance = 1, sa_iterations = 1000, initial_temperature = 3.0, cooling_rate = 0.999
26 - INFO - chord#: 38 done. best_score=27.0, changed=520, unchanged=401, early_stops=8/8
26 - INFO - chord#: 40 In build_straw_man_chord_sa. tolerance = 1, sa_iterations = 1000, initial_temperature = 3.0, cooling_rate = 0.999
26 - INFO - chord#: 44 done. best_score=31.0, changed=555, unchanged=328, early_stops=8/8
26 - INFO - chord#: 46 In build_straw_man_chord_sa. tolerance = 1, sa_iterations = 1000, initial_temperature = 3.0, cooling_rate = 0.999
26 - INFO - chord#: 36 done. best_score=27.0, changed=516, unchanged=411, early_stops=8/8
26 - INFO - chord#: 38 In build_straw_man_chord_sa. tolerance = 1, sa_iterations = 1000, initial_temperature = 3.0, cooling_rate = 0.999
26 - INFO - chord#: 46 done. best_score=61.0, changed=536, unchanged=302, early_stops=8/8
26 - INFO - chord#: 47 In build_straw_man_chord_sa. tolerance = 1, sa_iterations = 1000, initial_temperature = 3.0, cooling_rate = 0.999
26 - INFO - chord#: 46 done. best_score=27.0, changed=517, unchanged=441, early_stops=8/8
26 - INFO - chord#: 47 In build_straw_man_chord_sa. tolerance = 1, sa_iterations = 1000, initial_temperature = 3.0, cooling_rate = 0.999
26 - INFO - chord#: 40 done. best_score=35.0, changed=522, unchanged=514, early_stops=8/8
26 - INFO - chord#: 42 In build_straw_man_chord_sa. tolerance = 1, sa_iterations = 1000, initial_temperature = 3.0, cooling_rate = 0.999
26 - INFO - chord#: 46 done. best_score=27.0, changed=526, unchanged=513, early_stops=8/8
26 - INFO - chord#: 47 In build_straw_man_chord_sa. tolerance = 1, sa_iterations = 1000, initial_temperature = 3.0, cooling_rate = 0.999
26 - INFO - chord#: 46 done. best_score=27.0, changed=519, unchanged=316, early_stops=8/8
26 - INFO - chord#: 47 In build_straw_man_chord_sa. tolerance = 1, sa_iterations = 1000, initial_temperature = 3.0, cooling_rate = 0.999
26 - INFO - chord#: 44 done. best_score=31.0, changed=541, unchanged=350, early_stops=8/8
26 - INFO - chord#: 46 In build_straw_man_chord_sa. tolerance = 1, sa_iterations = 1000, initial_temperature = 3.0, cooling_rate = 0.999
26 - INFO - chord#: 40 done. best_score=35.0, changed=530, unchanged=363, early_stops=8/8
26 - INFO - chord#: 42 In build_straw_man_chord_sa. tolerance = 1, sa_iterations = 1000, initial_temperature = 3.0, cooling_rate = 0.999
26 - INFO - chord#: 38 done. best_score=27.0, changed=537, unchanged=445, early_stops=8/8
26 - INFO - chord#: 40 In build_straw_man_chord_sa. tolerance = 1, sa_iterations = 1000, initial_temperature = 3.0, cooling_rate = 0.999
26 - INFO - chord#: 46 done. best_score=27.0, changed=527, unchanged=419, early_stops=8/8
26 - INFO - chord#: 47 In build_straw_man_chord_sa. tolerance = 1, sa_iterations = 1000, initial_temperature = 3.0, cooling_rate = 0.999
26 - INFO - chord#: 40 done. best_score=35.0, changed=518, unchanged=325, early_stops=8/8
26 - INFO - chord#: 42 In build_straw_man_chord_sa. tolerance = 1, sa_iterations = 1000, initial_temperature = 3.0, cooling_rate = 0.999
26 - INFO - chord#: 38 done. best_score=27.0, changed=520, unchanged=371, early_stops=8/8
26 - INFO - chord#: 40 In build_straw_man_chord_sa. tolerance = 1, sa_iterations = 1000, initial_temperature = 3.0, cooling_rate = 0.999
26 - INFO - chord#: 42 done. best_score=36.0, changed=528, unchanged=405, early_stops=8/8
26 - INFO - chord#: 44 In build_straw_man_chord_sa. tolerance = 1, sa_iterations = 1000, initial_temperature = 3.0, cooling_rate = 0.999
26 - INFO - chord#: 47 done. best_score=145.0, changed=614, unchanged=400, early_stops=8/8
26 - INFO - chord#: 48 In build_straw_man_chord_sa. tolerance = 1, sa_iterations = 1000, initial_temperature = 3.0, cooling_rate = 0.999
26 - INFO - chord#: 42 done. best_score=36.0, changed=533, unchanged=351, early_stops=8/8
26 - INFO - chord#: 44 In build_straw_man_chord_sa. tolerance = 1, sa_iterations = 1000, initial_temperature = 3.0, cooling_rate = 0.999
26 - INFO - chord#: 46 done. best_score=27.0, changed=519, unchanged=388, early_stops=8/8
26 - INFO - chord#: 47 In build_straw_man_chord_sa. tolerance = 1, sa_iterations = 1000, initial_temperature = 3.0, cooling_rate = 0.999
26 - INFO - chord#: 44 done. best_score=31.0, changed=529, unchanged=306, early_stops=8/8
26 - INFO - chord#: 46 In build_straw_man_chord_sa. tolerance = 1, sa_iterations = 1000, initial_temperature = 3.0, cooling_rate = 0.999
26 - INFO - chord#: 42 done. best_score=36.0, changed=523, unchanged=301, early_stops=8/8
26 - INFO - chord#: 44 In build_straw_man_chord_sa. tolerance = 1, sa_iterations = 1000, initial_temperature = 3.0, cooling_rate = 0.999
26 - INFO - chord#: 40 done. best_score=35.0, changed=518, unchanged=438, early_stops=8/8
26 - INFO - chord#: 42 In build_straw_man_chord_sa. tolerance = 1, sa_iterations = 1000, initial_temperature = 3.0, cooling_rate = 0.999
26 - INFO - chord#: 47 done. best_score=67.0, changed=613, unchanged=402, early_stops=8/8
26 - INFO - chord#: 48 In build_straw_man_chord_sa. tolerance = 1, sa_iterations = 1000, initial_temperature = 3.0, cooling_rate = 0.999
26 - INFO - chord#: 47 done. best_score=67.0, changed=608, unchanged=261, early_stops=8/8
26 - INFO - chord#: 48 In build_straw_man_chord_sa. tolerance = 1, sa_iterations = 1000, initial_temperature = 3.0, cooling_rate = 0.999
26 - INFO - chord#: 48 done. best_score=27.0, changed=526, unchanged=381, early_stops=8/8
26 - INFO - chord#: 56 In build_straw_man_chord_sa. tolerance = 1, sa_iterations = 1000, initial_temperature = 3.0, cooling_rate = 0.999
26 - INFO - chord#: 40 done. best_score=35.0, changed=523, unchanged=450, early_stops=8/8
26 - INFO - chord#: 42 In build_straw_man_chord_sa. tolerance = 1, sa_iterations = 1000, initial_temperature = 3.0, cooling_rate = 0.999
26 - INFO - chord#: 47 done. best_score=67.0, changed=608, unchanged=257, early_stops=8/8
26 - INFO - chord#: 48 In build_straw_man_chord_sa. tolerance = 1, sa_iterations = 1000, initial_temperature = 3.0, cooling_rate = 0.999
26 - INFO - chord#: 47 done. best_score=96.0, changed=605, unchanged=225, early_stops=8/8
26 - INFO - chord#: 48 In build_straw_man_chord_sa. tolerance = 1, sa_iterations = 1000, initial_temperature = 3.0, cooling_rate = 0.999
26 - INFO - chord#: 44 done. best_score=31.0, changed=526, unchanged=310, early_stops=8/8
26 - INFO - chord#: 46 In build_straw_man_chord_sa. tolerance = 1, sa_iterations = 1000, initial_temperature = 3.0, cooling_rate = 0.999
26 - INFO - chord#: 46 done. best_score=27.0, changed=520, unchanged=341, early_stops=8/8
26 - INFO - chord#: 47 In build_straw_man_chord_sa. tolerance = 1, sa_iterations = 1000, initial_temperature = 3.0, cooling_rate = 0.999
26 - INFO - chord#: 44 done. best_score=31.0, changed=537, unchanged=364, early_stops=8/8
26 - INFO - chord#: 46 In build_straw_man_chord_sa. tolerance = 1, sa_iterations = 1000, initial_temperature = 3.0, cooling_rate = 0.999
26 - INFO - chord#: 48 done. best_score=27.0, changed=518, unchanged=384, early_stops=8/8
26 - INFO - chord#: 56 In build_straw_man_chord_sa. tolerance = 1, sa_iterations = 1000, initial_temperature = 3.0, cooling_rate = 0.999
26 - INFO - chord#: 48 done. best_score=27.0, changed=529, unchanged=409, early_stops=8/8
26 - INFO - chord#: 56 In build_straw_man_chord_sa. tolerance = 1, sa_iterations = 1000, initial_temperature = 3.0, cooling_rate = 0.999
26 - INFO - chord#: 56 done. best_score=27.0, changed=527, unchanged=323, early_stops=8/8
26 - INFO - chord#: 60 In build_straw_man_chord_sa. tolerance = 1, sa_iterations = 1000, initial_temperature = 3.0, cooling_rate = 0.999
26 - INFO - chord#: 42 done. best_score=36.0, changed=519, unchanged=371, early_stops=8/8
26 - INFO - chord#: 44 In build_straw_man_chord_sa. tolerance = 1, sa_iterations = 1000, initial_temperature = 3.0, cooling_rate = 0.999
26 - INFO - chord#: 47 done. best_score=67.0, changed=615, unchanged=304, early_stops=8/8
26 - INFO - chord#: 48 In build_straw_man_chord_sa. tolerance = 1, sa_iterations = 1000, initial_temperature = 3.0, cooling_rate = 0.999
26 - INFO - chord#: 48 done. best_score=27.0, changed=526, unchanged=423, early_stops=8/8
26 - INFO - chord#: 56 In build_straw_man_chord_sa. tolerance = 1, sa_iterations = 1000, initial_temperature = 3.0, cooling_rate = 0.999
26 - INFO - chord#: 42 done. best_score=36.0, changed=525, unchanged=379, early_stops=8/8
26 - INFO - chord#: 44 In build_straw_man_chord_sa. tolerance = 1, sa_iterations = 1000, initial_temperature = 3.0, cooling_rate = 0.999
26 - INFO - chord#: 48 done. best_score=27.0, changed=518, unchanged=383, early_stops=8/8
26 - INFO - chord#: 56 In build_straw_man_chord_sa. tolerance = 1, sa_iterations = 1000, initial_temperature = 3.0, cooling_rate = 0.999
26 - INFO - chord#: 56 done. best_score=27.0, changed=522, unchanged=427, early_stops=8/8
26 - INFO - chord#: 60 In build_straw_man_chord_sa. tolerance = 1, sa_iterations = 1000, initial_temperature = 3.0, cooling_rate = 0.999
26 - INFO - chord#: 46 done. best_score=27.0, changed=516, unchanged=363, early_stops=8/8
26 - INFO - chord#: 47 In build_straw_man_chord_sa. tolerance = 1, sa_iterations = 1000, initial_temperature = 3.0, cooling_rate = 0.999
26 - INFO - chord#: 56 done. best_score=27.0, changed=520, unchanged=396, early_stops=8/8
26 - INFO - chord#: 60 In build_straw_man_chord_sa. tolerance = 1, sa_iterations = 1000, initial_temperature = 3.0, cooling_rate = 0.999
26 - INFO - chord#: 60 done. best_score=27.0, changed=532, unchanged=381, early_stops=8/8
26 - INFO - chord#: 64 In build_straw_man_chord_sa. tolerance = 1, sa_iterations = 1000, initial_temperature = 3.0, cooling_rate = 0.999
26 - INFO - chord#: 46 done. best_score=27.0, changed=520, unchanged=439, early_stops=8/8
26 - INFO - chord#: 47 In build_straw_man_chord_sa. tolerance = 1, sa_iterations = 1000, initial_temperature = 3.0, cooling_rate = 0.999
26 - INFO - chord#: 44 done. best_score=31.0, changed=530, unchanged=332, early_stops=8/8
26 - INFO - chord#: 46 In build_straw_man_chord_sa. tolerance = 1, sa_iterations = 1000, initial_temperature = 3.0, cooling_rate = 0.999
26 - INFO - chord#: 44 done. best_score=58.0, changed=599, unchanged=209, early_stops=8/8
26 - INFO - chord#: 46 In build_straw_man_chord_sa. tolerance = 1, sa_iterations = 1000, initial_temperature = 3.0, cooling_rate = 0.999
26 - INFO - chord#: 56 done. best_score=27.0, changed=529, unchanged=389, early_stops=8/8
26 - INFO - chord#: 60 In build_straw_man_chord_sa. tolerance = 1, sa_iterations = 1000, initial_temperature = 3.0, cooling_rate = 0.999
26 - INFO - chord#: 56 done. best_score=27.0, changed=526, unchanged=381, early_stops=8/8
26 - INFO - chord#: 60 In build_straw_man_chord_sa. tolerance = 1, sa_iterations = 1000, initial_temperature = 3.0, cooling_rate = 0.999
26 - INFO - chord#: 48 done. best_score=27.0, changed=524, unchanged=402, early_stops=8/8
26 - INFO - chord#: 56 In build_straw_man_chord_sa. tolerance = 1, sa_iterations = 1000, initial_temperature = 3.0, cooling_rate = 0.999
26 - INFO - chord#: 60 done. best_score=27.0, changed=526, unchanged=368, early_stops=8/8
26 - INFO - chord#: 64 In build_straw_man_chord_sa. tolerance = 1, sa_iterations = 1000, initial_temperature = 3.0, cooling_rate = 0.999
26 - INFO - chord#: 64 done. best_score=27.0, changed=521, unchanged=323, early_stops=8/8
26 - INFO - chord#: 68 In build_straw_man_chord_sa. tolerance = 1, sa_iterations = 1000, initial_temperature = 3.0, cooling_rate = 0.999
26 - INFO - chord#: 47 done. best_score=137.0, changed=616, unchanged=335, early_stops=8/8
26 - INFO - chord#: 48 In build_straw_man_chord_sa. tolerance = 1, sa_iterations = 1000, initial_temperature = 3.0, cooling_rate = 0.999
26 - INFO - chord#: 60 done. best_score=27.0, changed=531, unchanged=377, early_stops=8/8
26 - INFO - chord#: 64 In build_straw_man_chord_sa. tolerance = 1, sa_iterations = 1000, initial_temperature = 3.0, cooling_rate = 0.999
26 - INFO - chord#: 60 done. best_score=27.0, changed=523, unchanged=355, early_stops=8/8
26 - INFO - chord#: 64 In build_straw_man_chord_sa. tolerance = 1, sa_iterations = 1000, initial_temperature = 3.0, cooling_rate = 0.999
26 - INFO - chord#: 60 done. best_score=27.0, changed=521, unchanged=335, early_stops=8/8
26 - INFO - chord#: 64 In build_straw_man_chord_sa. tolerance = 1, sa_iterations = 1000, initial_temperature = 3.0, cooling_rate = 0.999
26 - INFO - chord#: 46 done. best_score=58.0, changed=537, unchanged=366, early_stops=8/8
26 - INFO - chord#: 47 In build_straw_man_chord_sa. tolerance = 1, sa_iterations = 1000, initial_temperature = 3.0, cooling_rate = 0.999
26 - INFO - chord#: 56 done. best_score=27.0, changed=524, unchanged=343, early_stops=8/8
26 - INFO - chord#: 60 In build_straw_man_chord_sa. tolerance = 1, sa_iterations = 1000, initial_temperature = 3.0, cooling_rate = 0.999
26 - INFO - chord#: 64 done. best_score=27.0, changed=523, unchanged=354, early_stops=8/8
26 - INFO - chord#: 68 In build_straw_man_chord_sa. tolerance = 1, sa_iterations = 1000, initial_temperature = 3.0, cooling_rate = 0.999
26 - INFO - chord#: 46 done. best_score=27.0, changed=519, unchanged=445, early_stops=8/8
26 - INFO - chord#: 47 In build_straw_man_chord_sa. tolerance = 1, sa_iterations = 1000, initial_temperature = 3.0, cooling_rate = 0.999
26 - INFO - chord#: 68 done. best_score=35.0, changed=524, unchanged=432, early_stops=8/8
26 - INFO - chord#: 70 In build_straw_man_chord_sa. tolerance = 1, sa_iterations = 1000, initial_temperature = 3.0, cooling_rate = 0.999
26 - INFO - chord#: 47 done. best_score=137.0, changed=616, unchanged=579, early_stops=8/8
26 - INFO - chord#: 48 In build_straw_man_chord_sa. tolerance = 1, sa_iterations = 1000, initial_temperature = 3.0, cooling_rate = 0.999
26 - INFO - chord#: 64 done. best_score=27.0, changed=530, unchanged=343, early_stops=8/8
26 - INFO - chord#: 68 In build_straw_man_chord_sa. tolerance = 1, sa_iterations = 1000, initial_temperature = 3.0, cooling_rate = 0.999
26 - INFO - chord#: 48 done. best_score=27.0, changed=528, unchanged=372, early_stops=8/8
26 - INFO - chord#: 56 In build_straw_man_chord_sa. tolerance = 1, sa_iterations = 1000, initial_temperature = 3.0, cooling_rate = 0.999
26 - INFO - chord#: 64 done. best_score=27.0, changed=521, unchanged=295, early_stops=8/8
26 - INFO - chord#: 68 In build_straw_man_chord_sa. tolerance = 1, sa_iterations = 1000, initial_temperature = 3.0, cooling_rate = 0.999
26 - INFO - chord#: 64 done. best_score=27.0, changed=526, unchanged=372, early_stops=8/8
26 - INFO - chord#: 68 In build_straw_man_chord_sa. tolerance = 1, sa_iterations = 1000, initial_temperature = 3.0, cooling_rate = 0.999
26 - INFO - chord#: 68 done. best_score=35.0, changed=523, unchanged=414, early_stops=8/8
26 - INFO - chord#: 70 In build_straw_man_chord_sa. tolerance = 1, sa_iterations = 1000, initial_temperature = 3.0, cooling_rate = 0.999
26 - INFO - chord#: 60 done. best_score=27.0, changed=520, unchanged=445, early_stops=8/8
26 - INFO - chord#: 64 In build_straw_man_chord_sa. tolerance = 1, sa_iterations = 1000, initial_temperature = 3.0, cooling_rate = 0.999
26 - INFO - chord#: 70 done. best_score=36.0, changed=528, unchanged=343, early_stops=8/8
26 - INFO - chord#: 72 In build_straw_man_chord_sa. tolerance = 1, sa_iterations = 1000, initial_temperature = 3.0, cooling_rate = 0.999
26 - INFO - chord#: 48 done. best_score=27.0, changed=544, unchanged=387, early_stops=8/8
26 - INFO - chord#: 56 In build_straw_man_chord_sa. tolerance = 1, sa_iterations = 1000, initial_temperature = 3.0, cooling_rate = 0.999
26 - INFO - chord#: 47 done. best_score=67.0, changed=611, unchanged=285, early_stops=8/8
26 - INFO - chord#: 48 In build_straw_man_chord_sa. tolerance = 1, sa_iterations = 1000, initial_temperature = 3.0, cooling_rate = 0.999
26 - INFO - chord#: 68 done. best_score=35.0, changed=529, unchanged=441, early_stops=8/8
26 - INFO - chord#: 70 In build_straw_man_chord_sa. tolerance = 1, sa_iterations = 1000, initial_temperature = 3.0, cooling_rate = 0.999
26 - INFO - chord#: 68 done. best_score=35.0, changed=523, unchanged=376, early_stops=8/8
26 - INFO - chord#: 70 In build_straw_man_chord_sa. tolerance = 1, sa_iterations = 1000, initial_temperature = 3.0, cooling_rate = 0.999
26 - INFO - chord#: 68 done. best_score=35.0, changed=524, unchanged=426, early_stops=8/8
26 - INFO - chord#: 70 In build_straw_man_chord_sa. tolerance = 1, sa_iterations = 1000, initial_temperature = 3.0, cooling_rate = 0.999
26 - INFO - chord#: 56 done. best_score=27.0, changed=528, unchanged=456, early_stops=8/8
26 - INFO - chord#: 60 In build_straw_man_chord_sa. tolerance = 1, sa_iterations = 1000, initial_temperature = 3.0, cooling_rate = 0.999
26 - INFO - chord#: 47 done. best_score=137.0, changed=610, unchanged=449, early_stops=8/8
26 - INFO - chord#: 48 In build_straw_man_chord_sa. tolerance = 1, sa_iterations = 1000, initial_temperature = 3.0, cooling_rate = 0.999
26 - INFO - chord#: 70 done. best_score=36.0, changed=523, unchanged=389, early_stops=8/8
26 - INFO - chord#: 72 In build_straw_man_chord_sa. tolerance = 1, sa_iterations = 1000, initial_temperature = 3.0, cooling_rate = 0.999
26 - INFO - chord#: 72 done. best_score=27.0, changed=520, unchanged=350, early_stops=8/8
26 - INFO - chord#: 74 In build_straw_man_chord_sa. tolerance = 1, sa_iterations = 1000, initial_temperature = 3.0, cooling_rate = 0.999
26 - INFO - chord#: 56 done. best_score=27.0, changed=521, unchanged=343, early_stops=8/8
26 - INFO - chord#: 60 In build_straw_man_chord_sa. tolerance = 1, sa_iterations = 1000, initial_temperature = 3.0, cooling_rate = 0.999
26 - INFO - chord#: 47 done. best_score=160.0, changed=612, unchanged=299, early_stops=8/8
26 - INFO - chord#: 48 In build_straw_man_chord_sa. tolerance = 1, sa_iterations = 1000, initial_temperature = 3.0, cooling_rate = 0.999
26 - INFO - chord#: 64 done. best_score=27.0, changed=531, unchanged=382, early_stops=8/8
26 - INFO - chord#: 68 In build_straw_man_chord_sa. tolerance = 1, sa_iterations = 1000, initial_temperature = 3.0, cooling_rate = 0.999
26 - INFO - chord#: 70 done. best_score=36.0, changed=523, unchanged=372, early_stops=8/8
26 - INFO - chord#: 72 In build_straw_man_chord_sa. tolerance = 1, sa_iterations = 1000, initial_temperature = 3.0, cooling_rate = 0.999
26 - INFO - chord#: 48 done. best_score=27.0, changed=521, unchanged=381, early_stops=8/8
26 - INFO - chord#: 56 In build_straw_man_chord_sa. tolerance = 1, sa_iterations = 1000, initial_temperature = 3.0, cooling_rate = 0.999
26 - INFO - chord#: 70 done. best_score=36.0, changed=517, unchanged=428, early_stops=8/8
26 - INFO - chord#: 72 In build_straw_man_chord_sa. tolerance = 1, sa_iterations = 1000, initial_temperature = 3.0, cooling_rate = 0.999
26 - INFO - chord#: 70 done. best_score=36.0, changed=522, unchanged=403, early_stops=8/8
26 - INFO - chord#: 72 In build_straw_man_chord_sa. tolerance = 1, sa_iterations = 1000, initial_temperature = 3.0, cooling_rate = 0.999
26 - INFO - chord#: 60 done. best_score=27.0, changed=531, unchanged=344, early_stops=8/8
26 - INFO - chord#: 64 In build_straw_man_chord_sa. tolerance = 1, sa_iterations = 1000, initial_temperature = 3.0, cooling_rate = 0.999
26 - INFO - chord#: 48 done. best_score=27.0, changed=525, unchanged=367, early_stops=8/8
26 - INFO - chord#: 56 In build_straw_man_chord_sa. tolerance = 1, sa_iterations = 1000, initial_temperature = 3.0, cooling_rate = 0.999
26 - INFO - chord#: 60 done. best_score=27.0, changed=520, unchanged=374, early_stops=8/8
26 - INFO - chord#: 64 In build_straw_man_chord_sa. tolerance = 1, sa_iterations = 1000, initial_temperature = 3.0, cooling_rate = 0.999
26 - INFO - chord#: 72 done. best_score=27.0, changed=521, unchanged=420, early_stops=8/8
26 - INFO - chord#: 74 In build_straw_man_chord_sa. tolerance = 1, sa_iterations = 1000, initial_temperature = 3.0, cooling_rate = 0.999
26 - INFO - chord#: 47 done. best_score=67.0, changed=617, unchanged=349, early_stops=8/8
26 - INFO - chord#: 48 In build_straw_man_chord_sa. tolerance = 1, sa_iterations = 1000, initial_temperature = 3.0, cooling_rate = 0.999
26 - INFO - chord#: 48 done. best_score=27.0, changed=529, unchanged=392, early_stops=8/8
26 - INFO - chord#: 56 In build_straw_man_chord_sa. tolerance = 1, sa_iterations = 1000, initial_temperature = 3.0, cooling_rate = 0.999
26 - INFO - chord#: 72 done. best_score=27.0, changed=530, unchanged=428, early_stops=8/8
26 - INFO - chord#: 74 In build_straw_man_chord_sa. tolerance = 1, sa_iterations = 1000, initial_temperature = 3.0, cooling_rate = 0.999
26 - INFO - chord#: 56 done. best_score=27.0, changed=522, unchanged=339, early_stops=8/8
26 - INFO - chord#: 60 In build_straw_man_chord_sa. tolerance = 1, sa_iterations = 1000, initial_temperature = 3.0, cooling_rate = 0.999
26 - INFO - chord#: 68 done. best_score=35.0, changed=525, unchanged=548, early_stops=8/8
26 - INFO - chord#: 70 In build_straw_man_chord_sa. tolerance = 1, sa_iterations = 1000, initial_temperature = 3.0, cooling_rate = 0.999
26 - INFO - chord#: 72 done. best_score=27.0, changed=521, unchanged=522, early_stops=8/8
26 - INFO - chord#: 74 In build_straw_man_chord_sa. tolerance = 1, sa_iterations = 1000, initial_temperature = 3.0, cooling_rate = 0.999
26 - INFO - chord#: 72 done. best_score=27.0, changed=521, unchanged=413, early_stops=8/8
26 - INFO - chord#: 74 In build_straw_man_chord_sa. tolerance = 1, sa_iterations = 1000, initial_temperature = 3.0, cooling_rate = 0.999
26 - INFO - chord#: 64 done. best_score=27.0, changed=526, unchanged=324, early_stops=8/8
26 - INFO - chord#: 68 In build_straw_man_chord_sa. tolerance = 1, sa_iterations = 1000, initial_temperature = 3.0, cooling_rate = 0.999
26 - INFO - chord#: 64 done. best_score=27.0, changed=524, unchanged=388, early_stops=8/8
26 - INFO - chord#: 68 In build_straw_man_chord_sa. tolerance = 1, sa_iterations = 1000, initial_temperature = 3.0, cooling_rate = 0.999
26 - INFO - chord#: 74 done. best_score=82.0, changed=608, unchanged=209, early_stops=8/8
26 - INFO - chord#: 76 In build_straw_man_chord_sa. tolerance = 1, sa_iterations = 1000, initial_temperature = 3.0, cooling_rate = 0.999
26 - INFO - chord#: 56 done. best_score=27.0, changed=528, unchanged=373, early_stops=8/8
26 - INFO - chord#: 60 In build_straw_man_chord_sa. tolerance = 1, sa_iterations = 1000, initial_temperature = 3.0, cooling_rate = 0.999
26 - INFO - chord#: 48 done. best_score=27.0, changed=520, unchanged=411, early_stops=8/8
26 - INFO - chord#: 56 In build_straw_man_chord_sa. tolerance = 1, sa_iterations = 1000, initial_temperature = 3.0, cooling_rate = 0.999
26 - INFO - chord#: 56 done. best_score=27.0, changed=534, unchanged=436, early_stops=8/8
26 - INFO - chord#: 60 In build_straw_man_chord_sa. tolerance = 1, sa_iterations = 1000, initial_temperature = 3.0, cooling_rate = 0.999
26 - INFO - chord#: 60 done. best_score=27.0, changed=522, unchanged=336, early_stops=8/8
26 - INFO - chord#: 64 In build_straw_man_chord_sa. tolerance = 1, sa_iterations = 1000, initial_temperature = 3.0, cooling_rate = 0.999
26 - INFO - chord#: 70 done. best_score=36.0, changed=522, unchanged=332, early_stops=8/8
26 - INFO - chord#: 72 In build_straw_man_chord_sa. tolerance = 1, sa_iterations = 1000, initial_temperature = 3.0, cooling_rate = 0.999
26 - INFO - chord#: 68 done. best_score=35.0, changed=530, unchanged=371, early_stops=8/8
26 - INFO - chord#: 70 In build_straw_man_chord_sa. tolerance = 1, sa_iterations = 1000, initial_temperature = 3.0, cooling_rate = 0.999
26 - INFO - chord#: 60 done. best_score=27.0, changed=526, unchanged=346, early_stops=8/8
26 - INFO - chord#: 64 In build_straw_man_chord_sa. tolerance = 1, sa_iterations = 1000, initial_temperature = 3.0, cooling_rate = 0.999
26 - INFO - chord#: 76 done. best_score=31.0, changed=529, unchanged=432, early_stops=8/8
26 - INFO - chord#: 80 In build_straw_man_chord_sa. tolerance = 1, sa_iterations = 1000, initial_temperature = 3.0, cooling_rate = 0.999
26 - INFO - chord#: 74 done. best_score=120.0, changed=611, unchanged=284, early_stops=8/8
26 - INFO - chord#: 76 In build_straw_man_chord_sa. tolerance = 1, sa_iterations = 1000, initial_temperature = 3.0, cooling_rate = 0.999
26 - INFO - chord#: 68 done. best_score=35.0, changed=529, unchanged=426, early_stops=8/8
26 - INFO - chord#: 70 In build_straw_man_chord_sa. tolerance = 1, sa_iterations = 1000, initial_temperature = 3.0, cooling_rate = 0.999
26 - INFO - chord#: 56 done. best_score=27.0, changed=525, unchanged=344, early_stops=8/8
26 - INFO - chord#: 60 In build_straw_man_chord_sa. tolerance = 1, sa_iterations = 1000, initial_temperature = 3.0, cooling_rate = 0.999
26 - INFO - chord#: 60 done. best_score=27.0, changed=523, unchanged=380, early_stops=8/8
26 - INFO - chord#: 64 In build_straw_man_chord_sa. tolerance = 1, sa_iterations = 1000, initial_temperature = 3.0, cooling_rate = 0.999
26 - INFO - chord#: 64 done. best_score=27.0, changed=528, unchanged=342, early_stops=8/8
26 - INFO - chord#: 68 In build_straw_man_chord_sa. tolerance = 1, sa_iterations = 1000, initial_temperature = 3.0, cooling_rate = 0.999
26 - INFO - chord#: 64 done. best_score=27.0, changed=529, unchanged=343, early_stops=8/8
26 - INFO - chord#: 68 In build_straw_man_chord_sa. tolerance = 1, sa_iterations = 1000, initial_temperature = 3.0, cooling_rate = 0.999
26 - INFO - chord#: 74 done. best_score=82.0, changed=609, unchanged=292, early_stops=8/8
26 - INFO - chord#: 76 In build_straw_man_chord_sa. tolerance = 1, sa_iterations = 1000, initial_temperature = 3.0, cooling_rate = 0.999
26 - INFO - chord#: 74 done. best_score=82.0, changed=609, unchanged=282, early_stops=8/8
26 - INFO - chord#: 76 In build_straw_man_chord_sa. tolerance = 1, sa_iterations = 1000, initial_temperature = 3.0, cooling_rate = 0.999
26 - INFO - chord#: 70 done. best_score=36.0, changed=521, unchanged=404, early_stops=8/8
26 - INFO - chord#: 72 In build_straw_man_chord_sa. tolerance = 1, sa_iterations = 1000, initial_temperature = 3.0, cooling_rate = 0.999
26 - INFO - chord#: 80 done. best_score=27.0, changed=514, unchanged=421, early_stops=8/8
26 - INFO - chord#: 84 In build_straw_man_chord_sa. tolerance = 1, sa_iterations = 1000, initial_temperature = 3.0, cooling_rate = 0.999
26 - INFO - chord#: 74 done. best_score=82.0, changed=608, unchanged=231, early_stops=8/8
26 - INFO - chord#: 76 In build_straw_man_chord_sa. tolerance = 1, sa_iterations = 1000, initial_temperature = 3.0, cooling_rate = 0.999
26 - INFO - chord#: 76 done. best_score=31.0, changed=539, unchanged=384, early_stops=8/8
26 - INFO - chord#: 80 In build_straw_man_chord_sa. tolerance = 1, sa_iterations = 1000, initial_temperature = 3.0, cooling_rate = 0.999
26 - INFO - chord#: 72 done. best_score=27.0, changed=518, unchanged=441, early_stops=8/8
26 - INFO - chord#: 74 In build_straw_man_chord_sa. tolerance = 1, sa_iterations = 1000, initial_temperature = 3.0, cooling_rate = 0.999
26 - INFO - chord#: 70 done. best_score=36.0, changed=528, unchanged=332, early_stops=8/8
26 - INFO - chord#: 72 In build_straw_man_chord_sa. tolerance = 1, sa_iterations = 1000, initial_temperature = 3.0, cooling_rate = 0.999
26 - INFO - chord#: 60 done. best_score=27.0, changed=529, unchanged=337, early_stops=8/8
26 - INFO - chord#: 64 In build_straw_man_chord_sa. tolerance = 1, sa_iterations = 1000, initial_temperature = 3.0, cooling_rate = 0.999
26 - INFO - chord#: 76 done. best_score=31.0, changed=525, unchanged=317, early_stops=8/8
26 - INFO - chord#: 80 In build_straw_man_chord_sa. tolerance = 1, sa_iterations = 1000, initial_temperature = 3.0, cooling_rate = 0.999
26 - INFO - chord#: 64 done. best_score=27.0, changed=523, unchanged=398, early_stops=8/8
26 - INFO - chord#: 68 In build_straw_man_chord_sa. tolerance = 1, sa_iterations = 1000, initial_temperature = 3.0, cooling_rate = 0.999
26 - INFO - chord#: 76 done. best_score=31.0, changed=526, unchanged=356, early_stops=8/8
26 - INFO - chord#: 80 In build_straw_man_chord_sa. tolerance = 1, sa_iterations = 1000, initial_temperature = 3.0, cooling_rate = 0.999
26 - INFO - chord#: 68 done. best_score=35.0, changed=541, unchanged=534, early_stops=8/8
26 - INFO - chord#: 70 In build_straw_man_chord_sa. tolerance = 1, sa_iterations = 1000, initial_temperature = 3.0, cooling_rate = 0.999
26 - INFO - chord#: 68 done. best_score=35.0, changed=524, unchanged=376, early_stops=8/8
26 - INFO - chord#: 70 In build_straw_man_chord_sa. tolerance = 1, sa_iterations = 1000, initial_temperature = 3.0, cooling_rate = 0.999
26 - INFO - chord#: 84 done. best_score=27.0, changed=527, unchanged=468, early_stops=8/8
26 - INFO - chord#: 88 In build_straw_man_chord_sa. tolerance = 1, sa_iterations = 1000, initial_temperature = 3.0, cooling_rate = 0.999
26 - INFO - chord#: 72 done. best_score=27.0, changed=522, unchanged=458, early_stops=8/8
26 - INFO - chord#: 74 In build_straw_man_chord_sa. tolerance = 1, sa_iterations = 1000, initial_temperature = 3.0, cooling_rate = 0.999
26 - INFO - chord#: 76 done. best_score=31.0, changed=530, unchanged=360, early_stops=8/8
26 - INFO - chord#: 80 In build_straw_man_chord_sa. tolerance = 1, sa_iterations = 1000, initial_temperature = 3.0, cooling_rate = 0.999
26 - INFO - chord#: 80 done. best_score=27.0, changed=515, unchanged=487, early_stops=8/8
26 - INFO - chord#: 84 In build_straw_man_chord_sa. tolerance = 1, sa_iterations = 1000, initial_temperature = 3.0, cooling_rate = 0.999
26 - INFO - chord#: 72 done. best_score=27.0, changed=516, unchanged=372, early_stops=8/8
26 - INFO - chord#: 74 In build_straw_man_chord_sa. tolerance = 1, sa_iterations = 1000, initial_temperature = 3.0, cooling_rate = 0.999
26 - INFO - chord#: 80 done. best_score=27.0, changed=522, unchanged=397, early_stops=8/8
26 - INFO - chord#: 84 In build_straw_man_chord_sa. tolerance = 1, sa_iterations = 1000, initial_temperature = 3.0, cooling_rate = 0.999
26 - INFO - chord#: 80 done. best_score=27.0, changed=519, unchanged=403, early_stops=8/8
26 - INFO - chord#: 84 In build_straw_man_chord_sa. tolerance = 1, sa_iterations = 1000, initial_temperature = 3.0, cooling_rate = 0.999
26 - INFO - chord#: 64 done. best_score=27.0, changed=522, unchanged=402, early_stops=8/8
26 - INFO - chord#: 68 In build_straw_man_chord_sa. tolerance = 1, sa_iterations = 1000, initial_temperature = 3.0, cooling_rate = 0.999
26 - INFO - chord#: 70 done. best_score=36.0, changed=520, unchanged=389, early_stops=8/8
26 - INFO - chord#: 72 In build_straw_man_chord_sa. tolerance = 1, sa_iterations = 1000, initial_temperature = 3.0, cooling_rate = 0.999
26 - INFO - chord#: 68 done. best_score=35.0, changed=514, unchanged=368, early_stops=8/8
26 - INFO - chord#: 70 In build_straw_man_chord_sa. tolerance = 1, sa_iterations = 1000, initial_temperature = 3.0, cooling_rate = 0.999
26 - INFO - chord#: 84 done. best_score=27.0, changed=520, unchanged=353, early_stops=8/8
26 - INFO - chord#: 88 In build_straw_man_chord_sa. tolerance = 1, sa_iterations = 1000, initial_temperature = 3.0, cooling_rate = 0.999
26 - INFO - chord#: 70 done. best_score=36.0, changed=527, unchanged=384, early_stops=8/8
26 - INFO - chord#: 72 In build_straw_man_chord_sa. tolerance = 1, sa_iterations = 1000, initial_temperature = 3.0, cooling_rate = 0.999
26 - INFO - chord#: 80 done. best_score=27.0, changed=528, unchanged=372, early_stops=8/8
26 - INFO - chord#: 84 In build_straw_man_chord_sa. tolerance = 1, sa_iterations = 1000, initial_temperature = 3.0, cooling_rate = 0.999
26 - INFO - chord#: 84 done. best_score=27.0, changed=519, unchanged=320, early_stops=8/8
26 - INFO - chord#: 88 In build_straw_man_chord_sa. tolerance = 1, sa_iterations = 1000, initial_temperature = 3.0, cooling_rate = 0.999
26 - INFO - chord#: 84 done. best_score=27.0, changed=526, unchanged=437, early_stops=8/8
26 - INFO - chord#: 88 In build_straw_man_chord_sa. tolerance = 1, sa_iterations = 1000, initial_temperature = 3.0, cooling_rate = 0.999
26 - INFO - chord#: 68 done. best_score=35.0, changed=522, unchanged=296, early_stops=8/8
26 - INFO - chord#: 70 In build_straw_man_chord_sa. tolerance = 1, sa_iterations = 1000, initial_temperature = 3.0, cooling_rate = 0.999
26 - INFO - chord#: 74 done. best_score=82.0, changed=611, unchanged=279, early_stops=8/8
26 - INFO - chord#: 76 In build_straw_man_chord_sa. tolerance = 1, sa_iterations = 1000, initial_temperature = 3.0, cooling_rate = 0.999
26 - INFO - chord#: 70 done. best_score=36.0, changed=522, unchanged=334, early_stops=8/8
26 - INFO - chord#: 72 In build_straw_man_chord_sa. tolerance = 1, sa_iterations = 1000, initial_temperature = 3.0, cooling_rate = 0.999
26 - INFO - chord#: 72 done. best_score=27.0, changed=534, unchanged=662, early_stops=8/8
26 - INFO - chord#: 74 In build_straw_man_chord_sa. tolerance = 1, sa_iterations = 1000, initial_temperature = 3.0, cooling_rate = 0.999
26 - INFO - chord#: 74 done. best_score=82.0, changed=616, unchanged=359, early_stops=8/8
26 - INFO - chord#: 76 In build_straw_man_chord_sa. tolerance = 1, sa_iterations = 1000, initial_temperature = 3.0, cooling_rate = 0.999
26 - INFO - chord#: 72 done. best_score=27.0, changed=519, unchanged=500, early_stops=8/8
26 - INFO - chord#: 74 In build_straw_man_chord_sa. tolerance = 1, sa_iterations = 1000, initial_temperature = 3.0, cooling_rate = 0.999
26 - INFO - chord#: 84 done. best_score=27.0, changed=524, unchanged=453, early_stops=8/8
26 - INFO - chord#: 88 In build_straw_man_chord_sa. tolerance = 1, sa_iterations = 1000, initial_temperature = 3.0, cooling_rate = 0.999
26 - INFO - chord#: 88 done. best_score=120.0, changed=620, unchanged=447, early_stops=8/8
26 - INFO - chord#: 90 In build_straw_man_chord_sa. tolerance = 1, sa_iterations = 1000, initial_temperature = 3.0, cooling_rate = 0.999
26 - INFO - chord#: 76 done. best_score=31.0, changed=532, unchanged=356, early_stops=8/8
26 - INFO - chord#: 80 In build_straw_man_chord_sa. tolerance = 1, sa_iterations = 1000, initial_temperature = 3.0, cooling_rate = 0.999
26 - INFO - chord#: 70 done. best_score=36.0, changed=525, unchanged=495, early_stops=8/8
26 - INFO - chord#: 72 In build_straw_man_chord_sa. tolerance = 1, sa_iterations = 1000, initial_temperature = 3.0, cooling_rate = 0.999
26 - INFO - chord#: 76 done. best_score=31.0, changed=548, unchanged=424, early_stops=8/8
26 - INFO - chord#: 80 In build_straw_man_chord_sa. tolerance = 1, sa_iterations = 1000, initial_temperature = 3.0, cooling_rate = 0.999
26 - INFO - chord#: 74 done. best_score=82.0, changed=612, unchanged=319, early_stops=8/8
26 - INFO - chord#: 76 In build_straw_man_chord_sa. tolerance = 1, sa_iterations = 1000, initial_temperature = 3.0, cooling_rate = 0.999
26 - INFO - chord#: 88 done. best_score=120.0, changed=613, unchanged=325, early_stops=8/8
26 - INFO - chord#: 90 In build_straw_man_chord_sa. tolerance = 1, sa_iterations = 1000, initial_temperature = 3.0, cooling_rate = 0.999
26 - INFO - chord#: 72 done. best_score=27.0, changed=523, unchanged=533, early_stops=8/8
26 - INFO - chord#: 74 In build_straw_man_chord_sa. tolerance = 1, sa_iterations = 1000, initial_temperature = 3.0, cooling_rate = 0.999
26 - INFO - chord#: 90 done. best_score=27.0, changed=518, unchanged=327, early_stops=8/8
26 - INFO - chord#: 92 In build_straw_man_chord_sa. tolerance = 1, sa_iterations = 1000, initial_temperature = 3.0, cooling_rate = 0.999
26 - INFO - chord#: 80 done. best_score=27.0, changed=519, unchanged=384, early_stops=8/8
26 - INFO - chord#: 84 In build_straw_man_chord_sa. tolerance = 1, sa_iterations = 1000, initial_temperature = 3.0, cooling_rate = 0.999
26 - INFO - chord#: 88 done. best_score=82.0, changed=613, unchanged=367, early_stops=8/8
26 - INFO - chord#: 90 In build_straw_man_chord_sa. tolerance = 1, sa_iterations = 1000, initial_temperature = 3.0, cooling_rate = 0.999
26 - INFO - chord#: 74 done. best_score=82.0, changed=608, unchanged=298, early_stops=8/8
26 - INFO - chord#: 76 In build_straw_man_chord_sa. tolerance = 1, sa_iterations = 1000, initial_temperature = 3.0, cooling_rate = 0.999
26 - INFO - chord#: 80 done. best_score=27.0, changed=520, unchanged=468, early_stops=8/8
26 - INFO - chord#: 84 In build_straw_man_chord_sa. tolerance = 1, sa_iterations = 1000, initial_temperature = 3.0, cooling_rate = 0.999
26 - INFO - chord#: 92 done. best_score=27.0, changed=523, unchanged=360, early_stops=8/8
26 - INFO - chord#: 94 In build_straw_man_chord_sa. tolerance = 1, sa_iterations = 1000, initial_temperature = 3.0, cooling_rate = 0.999
26 - INFO - chord#: 90 done. best_score=27.0, changed=526, unchanged=333, early_stops=8/8
26 - INFO - chord#: 92 In build_straw_man_chord_sa. tolerance = 1, sa_iterations = 1000, initial_temperature = 3.0, cooling_rate = 0.999
26 - INFO - chord#: 88 done. best_score=120.0, changed=615, unchanged=443, early_stops=8/8
26 - INFO - chord#: 90 In build_straw_man_chord_sa. tolerance = 1, sa_iterations = 1000, initial_temperature = 3.0, cooling_rate = 0.999
26 - INFO - chord#: 76 done. best_score=31.0, changed=521, unchanged=339, early_stops=8/8
26 - INFO - chord#: 80 In build_straw_man_chord_sa. tolerance = 1, sa_iterations = 1000, initial_temperature = 3.0, cooling_rate = 0.999
26 - INFO - chord#: 72 done. best_score=27.0, changed=522, unchanged=442, early_stops=8/8
26 - INFO - chord#: 74 In build_straw_man_chord_sa. tolerance = 1, sa_iterations = 1000, initial_temperature = 3.0, cooling_rate = 0.999
26 - INFO - chord#: 74 done. best_score=82.0, changed=612, unchanged=231, early_stops=8/8
26 - INFO - chord#: 76 In build_straw_man_chord_sa. tolerance = 1, sa_iterations = 1000, initial_temperature = 3.0, cooling_rate = 0.999
26 - INFO - chord#: 90 done. best_score=27.0, changed=518, unchanged=313, early_stops=8/8
26 - INFO - chord#: 92 In build_straw_man_chord_sa. tolerance = 1, sa_iterations = 1000, initial_temperature = 3.0, cooling_rate = 0.999
26 - INFO - chord#: 84 done. best_score=27.0, changed=527, unchanged=348, early_stops=8/8
26 - INFO - chord#: 88 In build_straw_man_chord_sa. tolerance = 1, sa_iterations = 1000, initial_temperature = 3.0, cooling_rate = 0.999
26 - INFO - chord#: 92 done. best_score=27.0, changed=534, unchanged=351, early_stops=8/8
26 - INFO - chord#: 94 In build_straw_man_chord_sa. tolerance = 1, sa_iterations = 1000, initial_temperature = 3.0, cooling_rate = 0.999
26 - INFO - chord#: 76 done. best_score=31.0, changed=526, unchanged=401, early_stops=8/8
26 - INFO - chord#: 80 In build_straw_man_chord_sa. tolerance = 1, sa_iterations = 1000, initial_temperature = 3.0, cooling_rate = 0.999
26 - INFO - chord#: 84 done. best_score=27.0, changed=523, unchanged=392, early_stops=8/8
26 - INFO - chord#: 88 In build_straw_man_chord_sa. tolerance = 1, sa_iterations = 1000, initial_temperature = 3.0, cooling_rate = 0.999
26 - INFO - chord#: 90 done. best_score=27.0, changed=524, unchanged=384, early_stops=8/8
26 - INFO - chord#: 92 In build_straw_man_chord_sa. tolerance = 1, sa_iterations = 1000, initial_temperature = 3.0, cooling_rate = 0.999
26 - INFO - chord#: 88 done. best_score=82.0, changed=606, unchanged=292, early_stops=8/8
26 - INFO - chord#: 90 In build_straw_man_chord_sa. tolerance = 1, sa_iterations = 1000, initial_temperature = 3.0, cooling_rate = 0.999
26 - INFO - chord#: 80 done. best_score=27.0, changed=527, unchanged=541, early_stops=8/8
26 - INFO - chord#: 84 In build_straw_man_chord_sa. tolerance = 1, sa_iterations = 1000, initial_temperature = 3.0, cooling_rate = 0.999
26 - INFO - chord#: 92 done. best_score=27.0, changed=528, unchanged=383, early_stops=8/8
26 - INFO - chord#: 94 In build_straw_man_chord_sa. tolerance = 1, sa_iterations = 1000, initial_temperature = 3.0, cooling_rate = 0.999
26 - INFO - chord#: 76 done. best_score=31.0, changed=523, unchanged=345, early_stops=8/8
26 - INFO - chord#: 80 In build_straw_man_chord_sa. tolerance = 1, sa_iterations = 1000, initial_temperature = 3.0, cooling_rate = 0.999
26 - INFO - chord#: 80 done. best_score=27.0, changed=516, unchanged=326, early_stops=8/8
26 - INFO - chord#: 84 In build_straw_man_chord_sa. tolerance = 1, sa_iterations = 1000, initial_temperature = 3.0, cooling_rate = 0.999
26 - INFO - chord#: 92 done. best_score=27.0, changed=537, unchanged=447, early_stops=8/8
26 - INFO - chord#: 94 In build_straw_man_chord_sa. tolerance = 1, sa_iterations = 1000, initial_temperature = 3.0, cooling_rate = 0.999
26 - INFO - chord#: 74 done. best_score=82.0, changed=613, unchanged=366, early_stops=8/8
26 - INFO - chord#: 76 In build_straw_man_chord_sa. tolerance = 1, sa_iterations = 1000, initial_temperature = 3.0, cooling_rate = 0.999
26 - INFO - chord#: 90 done. best_score=27.0, changed=522, unchanged=354, early_stops=8/8
26 - INFO - chord#: 92 In build_straw_man_chord_sa. tolerance = 1, sa_iterations = 1000, initial_temperature = 3.0, cooling_rate = 0.999
26 - INFO - chord#: 94 done. best_score=119.0, changed=612, unchanged=353, early_stops=8/8
26 - INFO - chord#: 96 In build_straw_man_chord_sa. tolerance = 1, sa_iterations = 1000, initial_temperature = 3.0, cooling_rate = 0.999
26 - INFO - chord#: 84 done. best_score=27.0, changed=521, unchanged=353, early_stops=8/8
26 - INFO - chord#: 88 In build_straw_man_chord_sa. tolerance = 1, sa_iterations = 1000, initial_temperature = 3.0, cooling_rate = 0.999
26 - INFO - chord#: 84 done. best_score=27.0, changed=533, unchanged=424, early_stops=8/8
26 - INFO - chord#: 88 In build_straw_man_chord_sa. tolerance = 1, sa_iterations = 1000, initial_temperature = 3.0, cooling_rate = 0.999
26 - INFO - chord#: 80 done. best_score=27.0, changed=519, unchanged=382, early_stops=8/8
26 - INFO - chord#: 84 In build_straw_man_chord_sa. tolerance = 1, sa_iterations = 1000, initial_temperature = 3.0, cooling_rate = 0.999
26 - INFO - chord#: 74 done. best_score=120.0, changed=611, unchanged=348, early_stops=8/8
26 - INFO - chord#: 76 In build_straw_man_chord_sa. tolerance = 1, sa_iterations = 1000, initial_temperature = 3.0, cooling_rate = 0.999
26 - INFO - chord#: 76 done. best_score=31.0, changed=522, unchanged=409, early_stops=8/8
26 - INFO - chord#: 80 In build_straw_man_chord_sa. tolerance = 1, sa_iterations = 1000, initial_temperature = 3.0, cooling_rate = 0.999
26 - INFO - chord#: 94 done. best_score=67.0, changed=615, unchanged=369, early_stops=8/8
26 - INFO - chord#: 96 In build_straw_man_chord_sa. tolerance = 1, sa_iterations = 1000, initial_temperature = 3.0, cooling_rate = 0.999
26 - INFO - chord#: 92 done. best_score=27.0, changed=518, unchanged=371, early_stops=8/8
26 - INFO - chord#: 94 In build_straw_man_chord_sa. tolerance = 1, sa_iterations = 1000, initial_temperature = 3.0, cooling_rate = 0.999
26 - INFO - chord#: 88 done. best_score=146.0, changed=612, unchanged=295, early_stops=8/8
26 - INFO - chord#: 90 In build_straw_man_chord_sa. tolerance = 1, sa_iterations = 1000, initial_temperature = 3.0, cooling_rate = 0.999
26 - INFO - chord#: 88 done. best_score=82.0, changed=619, unchanged=524, early_stops=8/8
26 - INFO - chord#: 90 In build_straw_man_chord_sa. tolerance = 1, sa_iterations = 1000, initial_temperature = 3.0, cooling_rate = 0.999
26 - INFO - chord#: 84 done. best_score=27.0, changed=529, unchanged=363, early_stops=8/8
26 - INFO - chord#: 88 In build_straw_man_chord_sa. tolerance = 1, sa_iterations = 1000, initial_temperature = 3.0, cooling_rate = 0.999
26 - INFO - chord#: 94 done. best_score=78.0, changed=617, unchanged=366, early_stops=8/8
26 - INFO - chord#: 96 In build_straw_man_chord_sa. tolerance = 1, sa_iterations = 1000, initial_temperature = 3.0, cooling_rate = 0.999
26 - INFO - chord#: 76 done. best_score=31.0, changed=527, unchanged=383, early_stops=8/8
26 - INFO - chord#: 80 In build_straw_man_chord_sa. tolerance = 1, sa_iterations = 1000, initial_temperature = 3.0, cooling_rate = 0.999
26 - INFO - chord#: 94 done. best_score=67.0, changed=614, unchanged=399, early_stops=8/8
26 - INFO - chord#: 96 In build_straw_man_chord_sa. tolerance = 1, sa_iterations = 1000, initial_temperature = 3.0, cooling_rate = 0.999
26 - INFO - chord#: 80 done. best_score=27.0, changed=521, unchanged=526, early_stops=8/8
26 - INFO - chord#: 84 In build_straw_man_chord_sa. tolerance = 1, sa_iterations = 1000, initial_temperature = 3.0, cooling_rate = 0.999
26 - INFO - chord#: 96 done. best_score=70.0, changed=613, unchanged=387, early_stops=8/8
26 - INFO - chord#: 98 In build_straw_man_chord_sa. tolerance = 1, sa_iterations = 1000, initial_temperature = 3.0, cooling_rate = 0.999
26 - INFO - chord#: 90 done. best_score=36.0, changed=540, unchanged=345, early_stops=8/8
26 - INFO - chord#: 92 In build_straw_man_chord_sa. tolerance = 1, sa_iterations = 1000, initial_temperature = 3.0, cooling_rate = 0.999
26 - INFO - chord#: 90 done. best_score=27.0, changed=534, unchanged=312, early_stops=8/8
26 - INFO - chord#: 92 In build_straw_man_chord_sa. tolerance = 1, sa_iterations = 1000, initial_temperature = 3.0, cooling_rate = 0.999
26 - INFO - chord#: 88 done. best_score=146.0, changed=612, unchanged=341, early_stops=8/8
26 - INFO - chord#: 90 In build_straw_man_chord_sa. tolerance = 1, sa_iterations = 1000, initial_temperature = 3.0, cooling_rate = 0.999
26 - INFO - chord#: 80 done. best_score=27.0, changed=523, unchanged=357, early_stops=8/8
26 - INFO - chord#: 84 In build_straw_man_chord_sa. tolerance = 1, sa_iterations = 1000, initial_temperature = 3.0, cooling_rate = 0.999
26 - INFO - chord#: 88 done. best_score=82.0, changed=609, unchanged=285, early_stops=8/8
26 - INFO - chord#: 90 In build_straw_man_chord_sa. tolerance = 1, sa_iterations = 1000, initial_temperature = 3.0, cooling_rate = 0.999
26 - INFO - chord#: 96 done. best_score=70.0, changed=613, unchanged=410, early_stops=8/8
26 - INFO - chord#: 98 In build_straw_man_chord_sa. tolerance = 1, sa_iterations = 1000, initial_temperature = 3.0, cooling_rate = 0.999
26 - INFO - chord#: 84 done. best_score=27.0, changed=511, unchanged=292, early_stops=8/8
26 - INFO - chord#: 88 In build_straw_man_chord_sa. tolerance = 1, sa_iterations = 1000, initial_temperature = 3.0, cooling_rate = 0.999
26 - INFO - chord#: 92 done. best_score=27.0, changed=524, unchanged=318, early_stops=8/8
26 - INFO - chord#: 94 In build_straw_man_chord_sa. tolerance = 1, sa_iterations = 1000, initial_temperature = 3.0, cooling_rate = 0.999
26 - INFO - chord#: 98 done. best_score=27.0, changed=523, unchanged=381, early_stops=8/8
26 - INFO - chord#: 100 In build_straw_man_chord_sa. tolerance = 1, sa_iterations = 1000, initial_temperature = 3.0, cooling_rate = 0.999
26 - INFO - chord#: 92 done. best_score=36.0, changed=526, unchanged=308, early_stops=8/8
26 - INFO - chord#: 94 In build_straw_man_chord_sa. tolerance = 1, sa_iterations = 1000, initial_temperature = 3.0, cooling_rate = 0.999
26 - INFO - chord#: 90 done. best_score=27.0, changed=535, unchanged=370, early_stops=8/8
26 - INFO - chord#: 92 In build_straw_man_chord_sa. tolerance = 1, sa_iterations = 1000, initial_temperature = 3.0, cooling_rate = 0.999
26 - INFO - chord#: 96 done. best_score=70.0, changed=612, unchanged=253, early_stops=8/8
26 - INFO - chord#: 98 In build_straw_man_chord_sa. tolerance = 1, sa_iterations = 1000, initial_temperature = 3.0, cooling_rate = 0.999
26 - INFO - chord#: 98 done. best_score=27.0, changed=523, unchanged=349, early_stops=8/8
26 - INFO - chord#: 100 In build_straw_man_chord_sa. tolerance = 1, sa_iterations = 1000, initial_temperature = 3.0, cooling_rate = 0.999
26 - INFO - chord#: 96 done. best_score=70.0, changed=611, unchanged=435, early_stops=8/8
26 - INFO - chord#: 98 In build_straw_man_chord_sa. tolerance = 1, sa_iterations = 1000, initial_temperature = 3.0, cooling_rate = 0.999
26 - INFO - chord#: 94 done. best_score=67.0, changed=610, unchanged=362, early_stops=8/8
26 - INFO - chord#: 96 In build_straw_man_chord_sa. tolerance = 1, sa_iterations = 1000, initial_temperature = 3.0, cooling_rate = 0.999
26 - INFO - chord#: 100 done. best_score=31.0, changed=531, unchanged=360, early_stops=8/8
26 - INFO - chord#: 102 In build_straw_man_chord_sa. tolerance = 1, sa_iterations = 1000, initial_temperature = 3.0, cooling_rate = 0.999
26 - INFO - chord#: 84 done. best_score=27.0, changed=518, unchanged=452, early_stops=8/8
26 - INFO - chord#: 88 In build_straw_man_chord_sa. tolerance = 1, sa_iterations = 1000, initial_temperature = 3.0, cooling_rate = 0.999
26 - INFO - chord#: 90 done. best_score=27.0, changed=530, unchanged=468, early_stops=8/8
26 - INFO - chord#: 92 In build_straw_man_chord_sa. tolerance = 1, sa_iterations = 1000, initial_temperature = 3.0, cooling_rate = 0.999
26 - INFO - chord#: 92 done. best_score=27.0, changed=541, unchanged=391, early_stops=8/8
26 - INFO - chord#: 94 In build_straw_man_chord_sa. tolerance = 1, sa_iterations = 1000, initial_temperature = 3.0, cooling_rate = 0.999
26 - INFO - chord#: 98 done. best_score=27.0, changed=525, unchanged=354, early_stops=8/8
26 - INFO - chord#: 100 In build_straw_man_chord_sa. tolerance = 1, sa_iterations = 1000, initial_temperature = 3.0, cooling_rate = 0.999
26 - INFO - chord#: 100 done. best_score=31.0, changed=523, unchanged=357, early_stops=8/8
26 - INFO - chord#: 102 In build_straw_man_chord_sa. tolerance = 1, sa_iterations = 1000, initial_temperature = 3.0, cooling_rate = 0.999
26 - INFO - chord#: 98 done. best_score=27.0, changed=524, unchanged=393, early_stops=8/8
26 - INFO - chord#: 100 In build_straw_man_chord_sa. tolerance = 1, sa_iterations = 1000, initial_temperature = 3.0, cooling_rate = 0.999
26 - INFO - chord#: 88 done. best_score=82.0, changed=620, unchanged=438, early_stops=8/8
26 - INFO - chord#: 90 In build_straw_man_chord_sa. tolerance = 1, sa_iterations = 1000, initial_temperature = 3.0, cooling_rate = 0.999
26 - INFO - chord#: 102 done. best_score=27.0, changed=522, unchanged=350, early_stops=8/8
26 - INFO - chord#: 103 In build_straw_man_chord_sa. tolerance = 1, sa_iterations = 1000, initial_temperature = 3.0, cooling_rate = 0.999
26 - INFO - chord#: 92 done. best_score=27.0, changed=533, unchanged=358, early_stops=8/8
26 - INFO - chord#: 94 In build_straw_man_chord_sa. tolerance = 1, sa_iterations = 1000, initial_temperature = 3.0, cooling_rate = 0.999
26 - INFO - chord#: 94 done. best_score=67.0, changed=614, unchanged=338, early_stops=8/8
26 - INFO - chord#: 96 In build_straw_man_chord_sa. tolerance = 1, sa_iterations = 1000, initial_temperature = 3.0, cooling_rate = 0.999
26 - INFO - chord#: 100 done. best_score=31.0, changed=539, unchanged=358, early_stops=8/8
26 - INFO - chord#: 102 In build_straw_man_chord_sa. tolerance = 1, sa_iterations = 1000, initial_temperature = 3.0, cooling_rate = 0.999
26 - INFO - chord#: 100 done. best_score=31.0, changed=529, unchanged=438, early_stops=8/8
26 - INFO - chord#: 102 In build_straw_man_chord_sa. tolerance = 1, sa_iterations = 1000, initial_temperature = 3.0, cooling_rate = 0.999
26 - INFO - chord#: 94 done. best_score=119.0, changed=606, unchanged=232, early_stops=8/8
26 - INFO - chord#: 96 In build_straw_man_chord_sa. tolerance = 1, sa_iterations = 1000, initial_temperature = 3.0, cooling_rate = 0.999
26 - INFO - chord#: 102 done. best_score=27.0, changed=525, unchanged=473, early_stops=8/8
26 - INFO - chord#: 103 In build_straw_man_chord_sa. tolerance = 1, sa_iterations = 1000, initial_temperature = 3.0, cooling_rate = 0.999
26 - INFO - chord#: 90 done. best_score=27.0, changed=529, unchanged=371, early_stops=8/8
26 - INFO - chord#: 92 In build_straw_man_chord_sa. tolerance = 1, sa_iterations = 1000, initial_temperature = 3.0, cooling_rate = 0.999
26 - INFO - chord#: 96 done. best_score=70.0, changed=609, unchanged=295, early_stops=8/8
26 - INFO - chord#: 98 In build_straw_man_chord_sa. tolerance = 1, sa_iterations = 1000, initial_temperature = 3.0, cooling_rate = 0.999
26 - INFO - chord#: 88 done. best_score=119.0, changed=616, unchanged=403, early_stops=8/8
26 - INFO - chord#: 90 In build_straw_man_chord_sa. tolerance = 1, sa_iterations = 1000, initial_temperature = 3.0, cooling_rate = 0.999
26 - INFO - chord#: 102 done. best_score=27.0, changed=519, unchanged=355, early_stops=8/8
26 - INFO - chord#: 103 In build_straw_man_chord_sa. tolerance = 1, sa_iterations = 1000, initial_temperature = 3.0, cooling_rate = 0.999
26 - INFO - chord#: 102 done. best_score=27.0, changed=524, unchanged=430, early_stops=8/8
26 - INFO - chord#: 103 In build_straw_man_chord_sa. tolerance = 1, sa_iterations = 1000, initial_temperature = 3.0, cooling_rate = 0.999
26 - INFO - chord#: 94 done. best_score=78.0, changed=610, unchanged=305, early_stops=8/8
26 - INFO - chord#: 96 In build_straw_man_chord_sa. tolerance = 1, sa_iterations = 1000, initial_temperature = 3.0, cooling_rate = 0.999
26 - INFO - chord#: 88 done. best_score=82.0, changed=609, unchanged=307, early_stops=8/8
26 - INFO - chord#: 90 In build_straw_man_chord_sa. tolerance = 1, sa_iterations = 1000, initial_temperature = 3.0, cooling_rate = 0.999
26 - INFO - chord#: 92 done. best_score=27.0, changed=527, unchanged=327, early_stops=8/8
26 - INFO - chord#: 94 In build_straw_man_chord_sa. tolerance = 1, sa_iterations = 1000, initial_temperature = 3.0, cooling_rate = 0.999
26 - INFO - chord#: 98 done. best_score=27.0, changed=522, unchanged=318, early_stops=8/8
26 - INFO - chord#: 100 In build_straw_man_chord_sa. tolerance = 1, sa_iterations = 1000, initial_temperature = 3.0, cooling_rate = 0.999
26 - INFO - chord#: 90 done. best_score=36.0, changed=537, unchanged=321, early_stops=8/8
26 - INFO - chord#: 103 done. best_score=67.0, changed=620, unchanged=388, early_stops=8/8
26 - INFO - chord#: 92 In build_straw_man_chord_sa. tolerance = 1, sa_iterations = 1000, initial_temperature = 3.0, cooling_rate = 0.999
26 - INFO - chord#: 104 In build_straw_man_chord_sa. tolerance = 1, sa_iterations = 1000, initial_temperature = 3.0, cooling_rate = 0.999
26 - INFO - chord#: 94 done. best_score=140.0, changed=608, unchanged=224, early_stops=8/8
26 - INFO - chord#: 96 In build_straw_man_chord_sa. tolerance = 1, sa_iterations = 1000, initial_temperature = 3.0, cooling_rate = 0.999
26 - INFO - chord#: 96 done. best_score=70.0, changed=610, unchanged=281, early_stops=8/8
26 - INFO - chord#: 98 In build_straw_man_chord_sa. tolerance = 1, sa_iterations = 1000, initial_temperature = 3.0, cooling_rate = 0.999
26 - INFO - chord#: 90 done. best_score=27.0, changed=530, unchanged=342, early_stops=8/8
26 - INFO - chord#: 92 In build_straw_man_chord_sa. tolerance = 1, sa_iterations = 1000, initial_temperature = 3.0, cooling_rate = 0.999
26 - INFO - chord#: 103 done. best_score=67.0, changed=612, unchanged=366, early_stops=8/8
26 - INFO - chord#: 104 In build_straw_man_chord_sa. tolerance = 1, sa_iterations = 1000, initial_temperature = 3.0, cooling_rate = 0.999
26 - INFO - chord#: 100 done. best_score=31.0, changed=529, unchanged=371, early_stops=8/8
26 - INFO - chord#: 102 In build_straw_man_chord_sa. tolerance = 1, sa_iterations = 1000, initial_temperature = 3.0, cooling_rate = 0.999
26 - INFO - chord#: 104 done. best_score=27.0, changed=531, unchanged=418, early_stops=8/8
26 - INFO - chord#: 106 In build_straw_man_chord_sa. tolerance = 1, sa_iterations = 1000, initial_temperature = 3.0, cooling_rate = 0.999
26 - INFO - chord#: 92 done. best_score=27.0, changed=547, unchanged=413, early_stops=8/8
26 - INFO - chord#: 94 In build_straw_man_chord_sa. tolerance = 1, sa_iterations = 1000, initial_temperature = 3.0, cooling_rate = 0.999
26 - INFO - chord#: 103 done. best_score=145.0, changed=613, unchanged=263, early_stops=8/8
26 - INFO - chord#: 104 In build_straw_man_chord_sa. tolerance = 1, sa_iterations = 1000, initial_temperature = 3.0, cooling_rate = 0.999
26 - INFO - chord#: 103 done. best_score=67.0, changed=606, unchanged=268, early_stops=8/8
26 - INFO - chord#: 104 In build_straw_man_chord_sa. tolerance = 1, sa_iterations = 1000, initial_temperature = 3.0, cooling_rate = 0.999
26 - INFO - chord#: 96 done. best_score=70.0, changed=619, unchanged=350, early_stops=8/8
26 - INFO - chord#: 98 In build_straw_man_chord_sa. tolerance = 1, sa_iterations = 1000, initial_temperature = 3.0, cooling_rate = 0.999
26 - INFO - chord#: 98 done. best_score=27.0, changed=529, unchanged=279, early_stops=8/8
26 - INFO - chord#: 100 In build_straw_man_chord_sa. tolerance = 1, sa_iterations = 1000, initial_temperature = 3.0, cooling_rate = 0.999
26 - INFO - chord#: 96 done. best_score=70.0, changed=613, unchanged=348, early_stops=8/8
26 - INFO - chord#: 98 In build_straw_man_chord_sa. tolerance = 1, sa_iterations = 1000, initial_temperature = 3.0, cooling_rate = 0.999
26 - INFO - chord#: 92 done. best_score=27.0, changed=531, unchanged=402, early_stops=8/8
26 - INFO - chord#: 94 In build_straw_man_chord_sa. tolerance = 1, sa_iterations = 1000, initial_temperature = 3.0, cooling_rate = 0.999
26 - INFO - chord#: 104 done. best_score=27.0, changed=525, unchanged=502, early_stops=8/8
26 - INFO - chord#: 106 In build_straw_man_chord_sa. tolerance = 1, sa_iterations = 1000, initial_temperature = 3.0, cooling_rate = 0.999
26 - INFO - chord#: 102 done. best_score=27.0, changed=520, unchanged=427, early_stops=8/8
26 - INFO - chord#: 103 In build_straw_man_chord_sa. tolerance = 1, sa_iterations = 1000, initial_temperature = 3.0, cooling_rate = 0.999
26 - INFO - chord#: 106 done. best_score=37.0, changed=530, unchanged=439, early_stops=8/8
26 - INFO - chord#: 108 In build_straw_man_chord_sa. tolerance = 1, sa_iterations = 1000, initial_temperature = 3.0, cooling_rate = 0.999
26 - INFO - chord#: 98 done. best_score=27.0, changed=517, unchanged=311, early_stops=8/8
26 - INFO - chord#: 100 In build_straw_man_chord_sa. tolerance = 1, sa_iterations = 1000, initial_temperature = 3.0, cooling_rate = 0.999
26 - INFO - chord#: 96 done. best_score=128.0, changed=613, unchanged=338, early_stops=8/8
26 - INFO - chord#: 98 In build_straw_man_chord_sa. tolerance = 1, sa_iterations = 1000, initial_temperature = 3.0, cooling_rate = 0.999
26 - INFO - chord#: 104 done. best_score=27.0, changed=529, unchanged=491, early_stops=8/8
26 - INFO - chord#: 106 In build_straw_man_chord_sa. tolerance = 1, sa_iterations = 1000, initial_temperature = 3.0, cooling_rate = 0.999
26 - INFO - chord#: 104 done. best_score=27.0, changed=519, unchanged=536, early_stops=8/8
26 - INFO - chord#: 106 In build_straw_man_chord_sa. tolerance = 1, sa_iterations = 1000, initial_temperature = 3.0, cooling_rate = 0.999
26 - INFO - chord#: 100 done. best_score=31.0, changed=515, unchanged=307, early_stops=8/8
26 - INFO - chord#: 102 In build_straw_man_chord_sa. tolerance = 1, sa_iterations = 1000, initial_temperature = 3.0, cooling_rate = 0.999
26 - INFO - chord#: 94 done. best_score=67.0, changed=609, unchanged=321, early_stops=8/8
26 - INFO - chord#: 96 In build_straw_man_chord_sa. tolerance = 1, sa_iterations = 1000, initial_temperature = 3.0, cooling_rate = 0.999
26 - INFO - chord#: 98 done. best_score=27.0, changed=512, unchanged=384, early_stops=8/8
26 - INFO - chord#: 100 In build_straw_man_chord_sa. tolerance = 1, sa_iterations = 1000, initial_temperature = 3.0, cooling_rate = 0.999
26 - INFO - chord#: 106 done. best_score=37.0, changed=523, unchanged=396, early_stops=8/8
26 - INFO - chord#: 108 In build_straw_man_chord_sa. tolerance = 1, sa_iterations = 1000, initial_temperature = 3.0, cooling_rate = 0.999
26 - INFO - chord#: 98 done. best_score=27.0, changed=531, unchanged=339, early_stops=8/8
26 - INFO - chord#: 100 In build_straw_man_chord_sa. tolerance = 1, sa_iterations = 1000, initial_temperature = 3.0, cooling_rate = 0.999
26 - INFO - chord#: 100 done. best_score=31.0, changed=523, unchanged=395, early_stops=8/8
26 - INFO - chord#: 102 In build_straw_man_chord_sa. tolerance = 1, sa_iterations = 1000, initial_temperature = 3.0, cooling_rate = 0.999
26 - INFO - chord#: 106 done. best_score=37.0, changed=529, unchanged=376, early_stops=8/8
26 - INFO - chord#: 108 In build_straw_man_chord_sa. tolerance = 1, sa_iterations = 1000, initial_temperature = 3.0, cooling_rate = 0.999
26 - INFO - chord#: 106 done. best_score=37.0, changed=528, unchanged=362, early_stops=8/8
26 - INFO - chord#: 108 In build_straw_man_chord_sa. tolerance = 1, sa_iterations = 1000, initial_temperature = 3.0, cooling_rate = 0.999
26 - INFO - chord#: 108 done. best_score=27.0, changed=524, unchanged=330, early_stops=8/8
26 - INFO - chord#: 110 In build_straw_man_chord_sa. tolerance = 1, sa_iterations = 1000, initial_temperature = 3.0, cooling_rate = 0.999
26 - INFO - chord#: 102 done. best_score=27.0, changed=522, unchanged=410, early_stops=8/8
26 - INFO - chord#: 103 In build_straw_man_chord_sa. tolerance = 1, sa_iterations = 1000, initial_temperature = 3.0, cooling_rate = 0.999
26 - INFO - chord#: 94 done. best_score=67.0, changed=610, unchanged=245, early_stops=8/8
26 - INFO - chord#: 96 In build_straw_man_chord_sa. tolerance = 1, sa_iterations = 1000, initial_temperature = 3.0, cooling_rate = 0.999
26 - INFO - chord#: 100 done. best_score=31.0, changed=537, unchanged=405, early_stops=8/8
26 - INFO - chord#: 102 In build_straw_man_chord_sa. tolerance = 1, sa_iterations = 1000, initial_temperature = 3.0, cooling_rate = 0.999
26 - INFO - chord#: 100 done. best_score=31.0, changed=537, unchanged=451, early_stops=8/8
26 - INFO - chord#: 102 In build_straw_man_chord_sa. tolerance = 1, sa_iterations = 1000, initial_temperature = 3.0, cooling_rate = 0.999
26 - INFO - chord#: 108 done. best_score=27.0, changed=525, unchanged=374, early_stops=8/8
26 - INFO - chord#: 110 In build_straw_man_chord_sa. tolerance = 1, sa_iterations = 1000, initial_temperature = 3.0, cooling_rate = 0.999
26 - INFO - chord#: 102 done. best_score=27.0, changed=522, unchanged=480, early_stops=8/8
26 - INFO - chord#: 103 In build_straw_man_chord_sa. tolerance = 1, sa_iterations = 1000, initial_temperature = 3.0, cooling_rate = 0.999
26 - INFO - chord#: 108 done. best_score=27.0, changed=526, unchanged=393, early_stops=8/8
26 - INFO - chord#: 110 In build_straw_man_chord_sa. tolerance = 1, sa_iterations = 1000, initial_temperature = 3.0, cooling_rate = 0.999
26 - INFO - chord#: 108 done. best_score=27.0, changed=521, unchanged=393, early_stops=8/8
26 - INFO - chord#: 110 In build_straw_man_chord_sa. tolerance = 1, sa_iterations = 1000, initial_temperature = 3.0, cooling_rate = 0.999
26 - INFO - chord#: 96 done. best_score=70.0, changed=619, unchanged=344, early_stops=8/8
26 - INFO - chord#: 98 In build_straw_man_chord_sa. tolerance = 1, sa_iterations = 1000, initial_temperature = 3.0, cooling_rate = 0.999
26 - INFO - chord#: 103 done. best_score=67.0, changed=611, unchanged=266, early_stops=8/8
26 - INFO - chord#: 104 In build_straw_man_chord_sa. tolerance = 1, sa_iterations = 1000, initial_temperature = 3.0, cooling_rate = 0.999
26 - INFO - chord#: 94 done. best_score=119.0, changed=611, unchanged=412, early_stops=8/8
26 - INFO - chord#: 96 In build_straw_man_chord_sa. tolerance = 1, sa_iterations = 1000, initial_temperature = 3.0, cooling_rate = 0.999
26 - INFO - chord#: 102 done. best_score=27.0, changed=522, unchanged=396, early_stops=8/8
26 - INFO - chord#: 103 In build_straw_man_chord_sa. tolerance = 1, sa_iterations = 1000, initial_temperature = 3.0, cooling_rate = 0.999
26 - INFO - chord#: 102 done. best_score=27.0, changed=514, unchanged=355, early_stops=8/8
26 - INFO - chord#: 103 In build_straw_man_chord_sa. tolerance = 1, sa_iterations = 1000, initial_temperature = 3.0, cooling_rate = 0.999
26 - INFO - chord#: 98 done. best_score=27.0, changed=522, unchanged=311, early_stops=8/8
26 - INFO - chord#: 100 In build_straw_man_chord_sa. tolerance = 1, sa_iterations = 1000, initial_temperature = 3.0, cooling_rate = 0.999
26 - INFO - chord#: 104 done. best_score=27.0, changed=515, unchanged=427, early_stops=8/8
26 - INFO - chord#: 106 In build_straw_man_chord_sa. tolerance = 1, sa_iterations = 1000, initial_temperature = 3.0, cooling_rate = 0.999
26 - INFO - chord#: 110 done. best_score=148.0, changed=609, unchanged=227, early_stops=8/8
26 - INFO - chord#: 111 In build_straw_man_chord_sa. tolerance = 1, sa_iterations = 1000, initial_temperature = 3.0, cooling_rate = 0.999
26 - INFO - chord#: 100 done. best_score=31.0, changed=526, unchanged=347, early_stops=8/8
26 - INFO - chord#: 102 In build_straw_man_chord_sa. tolerance = 1, sa_iterations = 1000, initial_temperature = 3.0, cooling_rate = 0.999
26 - INFO - chord#: 96 done. best_score=70.0, changed=616, unchanged=318, early_stops=8/8
26 - INFO - chord#: 98 In build_straw_man_chord_sa. tolerance = 1, sa_iterations = 1000, initial_temperature = 3.0, cooling_rate = 0.999
26 - INFO - chord#: 103 done. best_score=67.0, changed=614, unchanged=338, early_stops=8/8
26 - INFO - chord#: 104 In build_straw_man_chord_sa. tolerance = 1, sa_iterations = 1000, initial_temperature = 3.0, cooling_rate = 0.999
26 - INFO - chord#: 103 done. best_score=67.0, changed=611, unchanged=428, early_stops=8/8
26 - INFO - chord#: 104 In build_straw_man_chord_sa. tolerance = 1, sa_iterations = 1000, initial_temperature = 3.0, cooling_rate = 0.999
26 - INFO - chord#: 110 done. best_score=99.0, changed=613, unchanged=386, early_stops=8/8
26 - INFO - chord#: 111 In build_straw_man_chord_sa. tolerance = 1, sa_iterations = 1000, initial_temperature = 3.0, cooling_rate = 0.999
26 - INFO - chord#: 110 done. best_score=99.0, changed=611, unchanged=361, early_stops=8/8
26 - INFO - chord#: 111 In build_straw_man_chord_sa. tolerance = 1, sa_iterations = 1000, initial_temperature = 3.0, cooling_rate = 0.999
26 - INFO - chord#: 111 done. best_score=36.0, changed=533, unchanged=306, early_stops=8/8
26 - INFO - chord#: 112 In build_straw_man_chord_sa. tolerance = 1, sa_iterations = 1000, initial_temperature = 3.0, cooling_rate = 0.999
26 - INFO - chord#: 106 done. best_score=37.0, changed=524, unchanged=378, early_stops=8/8
26 - INFO - chord#: 108 In build_straw_man_chord_sa. tolerance = 1, sa_iterations = 1000, initial_temperature = 3.0, cooling_rate = 0.999
26 - INFO - chord#: 102 done. best_score=27.0, changed=526, unchanged=422, early_stops=8/8
26 - INFO - chord#: 103 In build_straw_man_chord_sa. tolerance = 1, sa_iterations = 1000, initial_temperature = 3.0, cooling_rate = 0.999
26 - INFO - chord#: 110 done. best_score=121.0, changed=613, unchanged=463, early_stops=8/8
26 - INFO - chord#: 111 In build_straw_man_chord_sa. tolerance = 1, sa_iterations = 1000, initial_temperature = 3.0, cooling_rate = 0.999
26 - INFO - chord#: 98 done. best_score=27.0, changed=526, unchanged=345, early_stops=8/8
26 - INFO - chord#: 100 In build_straw_man_chord_sa. tolerance = 1, sa_iterations = 1000, initial_temperature = 3.0, cooling_rate = 0.999
26 - INFO - chord#: 103 done. best_score=67.0, changed=618, unchanged=444, early_stops=8/8
26 - INFO - chord#: 104 In build_straw_man_chord_sa. tolerance = 1, sa_iterations = 1000, initial_temperature = 3.0, cooling_rate = 0.999
26 - INFO - chord#: 104 done. best_score=27.0, changed=522, unchanged=449, early_stops=8/8
26 - INFO - chord#: 106 In build_straw_man_chord_sa. tolerance = 1, sa_iterations = 1000, initial_temperature = 3.0, cooling_rate = 0.999
26 - INFO - chord#: 104 done. best_score=27.0, changed=520, unchanged=358, early_stops=8/8
26 - INFO - chord#: 106 In build_straw_man_chord_sa. tolerance = 1, sa_iterations = 1000, initial_temperature = 3.0, cooling_rate = 0.999
26 - INFO - chord#: 111 done. best_score=36.0, changed=522, unchanged=357, early_stops=8/8
26 - INFO - chord#: 112 In build_straw_man_chord_sa. tolerance = 1, sa_iterations = 1000, initial_temperature = 3.0, cooling_rate = 0.999
26 - INFO - chord#: 111 done. best_score=36.0, changed=520, unchanged=472, early_stops=8/8
26 - INFO - chord#: 112 In build_straw_man_chord_sa. tolerance = 1, sa_iterations = 1000, initial_temperature = 3.0, cooling_rate = 0.999
26 - INFO - chord#: 112 done. best_score=27.0, changed=511, unchanged=356, early_stops=8/8
26 - INFO - chord#: 120 In build_straw_man_chord_sa. tolerance = 1, sa_iterations = 1000, initial_temperature = 3.0, cooling_rate = 0.999
26 - INFO - chord#: 96 done. best_score=70.0, changed=616, unchanged=457, early_stops=8/8
26 - INFO - chord#: 98 In build_straw_man_chord_sa. tolerance = 1, sa_iterations = 1000, initial_temperature = 3.0, cooling_rate = 0.999
26 - INFO - chord#: 103 done. best_score=67.0, changed=615, unchanged=343, early_stops=8/8
26 - INFO - chord#: 104 In build_straw_man_chord_sa. tolerance = 1, sa_iterations = 1000, initial_temperature = 3.0, cooling_rate = 0.999
26 - INFO - chord#: 108 done. best_score=27.0, changed=521, unchanged=330, early_stops=8/8
26 - INFO - chord#: 110 In build_straw_man_chord_sa. tolerance = 1, sa_iterations = 1000, initial_temperature = 3.0, cooling_rate = 0.999
26 - INFO - chord#: 111 done. best_score=36.0, changed=519, unchanged=504, early_stops=8/8
26 - INFO - chord#: 112 In build_straw_man_chord_sa. tolerance = 1, sa_iterations = 1000, initial_temperature = 3.0, cooling_rate = 0.999
26 - INFO - chord#: 100 done. best_score=31.0, changed=534, unchanged=421, early_stops=8/8
26 - INFO - chord#: 102 In build_straw_man_chord_sa. tolerance = 1, sa_iterations = 1000, initial_temperature = 3.0, cooling_rate = 0.999
26 - INFO - chord#: 112 done. best_score=27.0, changed=524, unchanged=496, early_stops=8/8
26 - INFO - chord#: 120 In build_straw_man_chord_sa. tolerance = 1, sa_iterations = 1000, initial_temperature = 3.0, cooling_rate = 0.999
26 - INFO - chord#: 120 done. best_score=27.0, changed=513, unchanged=379, early_stops=8/8
26 - INFO - chord#: 124 In build_straw_man_chord_sa. tolerance = 1, sa_iterations = 1000, initial_temperature = 3.0, cooling_rate = 0.999
26 - INFO - chord#: 106 done. best_score=37.0, changed=521, unchanged=365, early_stops=8/8
26 - INFO - chord#: 108 In build_straw_man_chord_sa. tolerance = 1, sa_iterations = 1000, initial_temperature = 3.0, cooling_rate = 0.999
26 - INFO - chord#: 98 done. best_score=27.0, changed=524, unchanged=339, early_stops=8/8
26 - INFO - chord#: 100 In build_straw_man_chord_sa. tolerance = 1, sa_iterations = 1000, initial_temperature = 3.0, cooling_rate = 0.999
26 - INFO - chord#: 112 done. best_score=27.0, changed=532, unchanged=575, early_stops=8/8
26 - INFO - chord#: 120 In build_straw_man_chord_sa. tolerance = 1, sa_iterations = 1000, initial_temperature = 3.0, cooling_rate = 0.999
26 - INFO - chord#: 104 done. best_score=27.0, changed=518, unchanged=556, early_stops=8/8
26 - INFO - chord#: 106 In build_straw_man_chord_sa. tolerance = 1, sa_iterations = 1000, initial_temperature = 3.0, cooling_rate = 0.999
26 - INFO - chord#: 103 done. best_score=137.0, changed=613, unchanged=287, early_stops=8/8
26 - INFO - chord#: 104 In build_straw_man_chord_sa. tolerance = 1, sa_iterations = 1000, initial_temperature = 3.0, cooling_rate = 0.999
26 - INFO - chord#: 106 done. best_score=37.0, changed=528, unchanged=471, early_stops=8/8
26 - INFO - chord#: 108 In build_straw_man_chord_sa. tolerance = 1, sa_iterations = 1000, initial_temperature = 3.0, cooling_rate = 0.999
26 - INFO - chord#: 104 done. best_score=27.0, changed=517, unchanged=348, early_stops=8/8
26 - INFO - chord#: 106 In build_straw_man_chord_sa. tolerance = 1, sa_iterations = 1000, initial_temperature = 3.0, cooling_rate = 0.999
26 - INFO - chord#: 112 done. best_score=27.0, changed=520, unchanged=446, early_stops=8/8
26 - INFO - chord#: 120 In build_straw_man_chord_sa. tolerance = 1, sa_iterations = 1000, initial_temperature = 3.0, cooling_rate = 0.999
26 - INFO - chord#: 124 done. best_score=27.0, changed=527, unchanged=466, early_stops=8/8
26 - INFO - chord#: 126 In build_straw_man_chord_sa. tolerance = 1, sa_iterations = 1000, initial_temperature = 3.0, cooling_rate = 0.999
26 - INFO - chord#: 120 done. best_score=27.0, changed=519, unchanged=401, early_stops=8/8
26 - INFO - chord#: 124 In build_straw_man_chord_sa. tolerance = 1, sa_iterations = 1000, initial_temperature = 3.0, cooling_rate = 0.999
26 - INFO - chord#: 102 done. best_score=27.0, changed=518, unchanged=497, early_stops=8/8
26 - INFO - chord#: 103 In build_straw_man_chord_sa. tolerance = 1, sa_iterations = 1000, initial_temperature = 3.0, cooling_rate = 0.999
26 - INFO - chord#: 120 done. best_score=27.0, changed=525, unchanged=369, early_stops=8/8
26 - INFO - chord#: 124 In build_straw_man_chord_sa. tolerance = 1, sa_iterations = 1000, initial_temperature = 3.0, cooling_rate = 0.999
26 - INFO - chord#: 100 done. best_score=31.0, changed=521, unchanged=328, early_stops=8/8
26 - INFO - chord#: 102 In build_straw_man_chord_sa. tolerance = 1, sa_iterations = 1000, initial_temperature = 3.0, cooling_rate = 0.999
26 - INFO - chord#: 104 done. best_score=27.0, changed=522, unchanged=493, early_stops=8/8
26 - INFO - chord#: 106 In build_straw_man_chord_sa. tolerance = 1, sa_iterations = 1000, initial_temperature = 3.0, cooling_rate = 0.999
26 - INFO - chord#: 108 done. best_score=27.0, changed=527, unchanged=406, early_stops=8/8
26 - INFO - chord#: 110 In build_straw_man_chord_sa. tolerance = 1, sa_iterations = 1000, initial_temperature = 3.0, cooling_rate = 0.999
26 - INFO - chord#: 106 done. best_score=37.0, changed=526, unchanged=392, early_stops=8/8
26 - INFO - chord#: 108 In build_straw_man_chord_sa. tolerance = 1, sa_iterations = 1000, initial_temperature = 3.0, cooling_rate = 0.999
26 - INFO - chord#: 108 done. best_score=27.0, changed=521, unchanged=371, early_stops=8/8
26 - INFO - chord#: 110 In build_straw_man_chord_sa. tolerance = 1, sa_iterations = 1000, initial_temperature = 3.0, cooling_rate = 0.999
26 - INFO - chord#: 120 done. best_score=27.0, changed=528, unchanged=387, early_stops=8/8
26 - INFO - chord#: 124 In build_straw_man_chord_sa. tolerance = 1, sa_iterations = 1000, initial_temperature = 3.0, cooling_rate = 0.999
26 - INFO - chord#: 124 done. best_score=27.0, changed=525, unchanged=337, early_stops=8/8
26 - INFO - chord#: 126 done. best_score=27.0, changed=521, unchanged=335, early_stops=8/8
26 - INFO - chord#: 126 In build_straw_man_chord_sa. tolerance = 1, sa_iterations = 1000, initial_temperature = 3.0, cooling_rate = 0.999
26 - INFO - chord#: 128 In build_straw_man_chord_sa. tolerance = 1, sa_iterations = 1000, initial_temperature = 3.0, cooling_rate = 0.999
26 - INFO - chord#: 106 done. best_score=37.0, changed=521, unchanged=393, early_stops=8/8
26 - INFO - chord#: 108 In build_straw_man_chord_sa. tolerance = 1, sa_iterations = 1000, initial_temperature = 3.0, cooling_rate = 0.999
26 - INFO - chord#: 124 done. best_score=27.0, changed=526, unchanged=427, early_stops=8/8
26 - INFO - chord#: 126 In build_straw_man_chord_sa. tolerance = 1, sa_iterations = 1000, initial_temperature = 3.0, cooling_rate = 0.999
26 - INFO - chord#: 106 done. best_score=37.0, changed=522, unchanged=365, early_stops=8/8
26 - INFO - chord#: 108 In build_straw_man_chord_sa. tolerance = 1, sa_iterations = 1000, initial_temperature = 3.0, cooling_rate = 0.999
26 - INFO - chord#: 102 done. best_score=27.0, changed=525, unchanged=463, early_stops=8/8
26 - INFO - chord#: 103 In build_straw_man_chord_sa. tolerance = 1, sa_iterations = 1000, initial_temperature = 3.0, cooling_rate = 0.999
26 - INFO - chord#: 110 done. best_score=99.0, changed=608, unchanged=304, early_stops=8/8
26 - INFO - chord#: 111 In build_straw_man_chord_sa. tolerance = 1, sa_iterations = 1000, initial_temperature = 3.0, cooling_rate = 0.999
26 - INFO - chord#: 124 done. best_score=27.0, changed=519, unchanged=340, early_stops=8/8
26 - INFO - chord#: 126 In build_straw_man_chord_sa. tolerance = 1, sa_iterations = 1000, initial_temperature = 3.0, cooling_rate = 0.999
26 - INFO - chord#: 126 done. best_score=27.0, changed=532, unchanged=439, early_stops=8/8
26 - INFO - chord#: 128 In build_straw_man_chord_sa. tolerance = 1, sa_iterations = 1000, initial_temperature = 3.0, cooling_rate = 0.999
26 - INFO - chord#: 128 done. best_score=27.0, changed=521, unchanged=401, early_stops=8/8
26 - INFO - chord#: 132 In build_straw_man_chord_sa. tolerance = 1, sa_iterations = 1000, initial_temperature = 3.0, cooling_rate = 0.999
26 - INFO - chord#: 108 done. best_score=27.0, changed=525, unchanged=334, early_stops=8/8
26 - INFO - chord#: 110 In build_straw_man_chord_sa. tolerance = 1, sa_iterations = 1000, initial_temperature = 3.0, cooling_rate = 0.999
26 - INFO - chord#: 126 done. best_score=27.0, changed=537, unchanged=483, early_stops=8/8
26 - INFO - chord#: 128 In build_straw_man_chord_sa. tolerance = 1, sa_iterations = 1000, initial_temperature = 3.0, cooling_rate = 0.999
26 - INFO - chord#: 108 done. best_score=27.0, changed=533, unchanged=331, early_stops=8/8
26 - INFO - chord#: 110 In build_straw_man_chord_sa. tolerance = 1, sa_iterations = 1000, initial_temperature = 3.0, cooling_rate = 0.999
26 - INFO - chord#: 126 done. best_score=27.0, changed=521, unchanged=335, early_stops=8/8
26 - INFO - chord#: 128 In build_straw_man_chord_sa. tolerance = 1, sa_iterations = 1000, initial_temperature = 3.0, cooling_rate = 0.999
26 - INFO - chord#: 111 done. best_score=36.0, changed=525, unchanged=367, early_stops=8/8
26 - INFO - chord#: 112 In build_straw_man_chord_sa. tolerance = 1, sa_iterations = 1000, initial_temperature = 3.0, cooling_rate = 0.999
26 - INFO - chord#: 108 done. best_score=27.0, changed=536, unchanged=410, early_stops=8/8
26 - INFO - chord#: 110 In build_straw_man_chord_sa. tolerance = 1, sa_iterations = 1000, initial_temperature = 3.0, cooling_rate = 0.999
26 - INFO - chord#: 132 done. best_score=31.0, changed=521, unchanged=328, early_stops=8/8
26 - INFO - chord#: 134 In build_straw_man_chord_sa. tolerance = 1, sa_iterations = 1000, initial_temperature = 3.0, cooling_rate = 0.999
26 - INFO - chord#: 128 done. best_score=27.0, changed=532, unchanged=497, early_stops=8/8
26 - INFO - chord#: 132 In build_straw_man_chord_sa. tolerance = 1, sa_iterations = 1000, initial_temperature = 3.0, cooling_rate = 0.999
26 - INFO - chord#: 128 done. best_score=27.0, changed=514, unchanged=374, early_stops=8/8
26 - INFO - chord#: 132 In build_straw_man_chord_sa. tolerance = 1, sa_iterations = 1000, initial_temperature = 3.0, cooling_rate = 0.999
26 - INFO - chord#: 110 done. best_score=140.0, changed=612, unchanged=238, early_stops=8/8
26 - INFO - chord#: 111 In build_straw_man_chord_sa. tolerance = 1, sa_iterations = 1000, initial_temperature = 3.0, cooling_rate = 0.999
26 - INFO - chord#: 103 done. best_score=67.0, changed=611, unchanged=385, early_stops=8/8
26 - INFO - chord#: 104 In build_straw_man_chord_sa. tolerance = 1, sa_iterations = 1000, initial_temperature = 3.0, cooling_rate = 0.999
26 - INFO - chord#: 128 done. best_score=27.0, changed=520, unchanged=361, early_stops=8/8
26 - INFO - chord#: 132 In build_straw_man_chord_sa. tolerance = 1, sa_iterations = 1000, initial_temperature = 3.0, cooling_rate = 0.999
26 - INFO - chord#: 110 done. best_score=99.0, changed=616, unchanged=271, early_stops=8/8
26 - INFO - chord#: 111 In build_straw_man_chord_sa. tolerance = 1, sa_iterations = 1000, initial_temperature = 3.0, cooling_rate = 0.999
26 - INFO - chord#: 132 done. best_score=31.0, changed=529, unchanged=324, early_stops=8/8
26 - INFO - chord#: 134 In build_straw_man_chord_sa. tolerance = 1, sa_iterations = 1000, initial_temperature = 3.0, cooling_rate = 0.999
26 - INFO - chord#: 134 done. best_score=27.0, changed=531, unchanged=458, early_stops=8/8
26 - INFO - chord#: 135 In build_straw_man_chord_sa. tolerance = 1, sa_iterations = 1000, initial_temperature = 3.0, cooling_rate = 0.999
26 - INFO - chord#: 112 done. best_score=27.0, changed=516, unchanged=385, early_stops=8/8
26 - INFO - chord#: 120 In build_straw_man_chord_sa. tolerance = 1, sa_iterations = 1000, initial_temperature = 3.0, cooling_rate = 0.999
26 - INFO - chord#: 111 done. best_score=36.0, changed=519, unchanged=331, early_stops=8/8
26 - INFO - chord#: 112 In build_straw_man_chord_sa. tolerance = 1, sa_iterations = 1000, initial_temperature = 3.0, cooling_rate = 0.999
26 - INFO - chord#: 132 done. best_score=31.0, changed=531, unchanged=467, early_stops=8/8
26 - INFO - chord#: 134 In build_straw_man_chord_sa. tolerance = 1, sa_iterations = 1000, initial_temperature = 3.0, cooling_rate = 0.999
26 - INFO - chord#: 132 done. best_score=31.0, changed=519, unchanged=332, early_stops=8/8
26 - INFO - chord#: 134 In build_straw_man_chord_sa. tolerance = 1, sa_iterations = 1000, initial_temperature = 3.0, cooling_rate = 0.999
26 - INFO - chord#: 103 done. best_score=96.0, changed=610, unchanged=337, early_stops=8/8
26 - INFO - chord#: 104 In build_straw_man_chord_sa. tolerance = 1, sa_iterations = 1000, initial_temperature = 3.0, cooling_rate = 0.999
26 - INFO - chord#: 104 done. best_score=27.0, changed=515, unchanged=367, early_stops=8/8
26 - INFO - chord#: 106 In build_straw_man_chord_sa. tolerance = 1, sa_iterations = 1000, initial_temperature = 3.0, cooling_rate = 0.999
26 - INFO - chord#: 134 done. best_score=27.0, changed=522, unchanged=391, early_stops=8/8
26 - INFO - chord#: 135 In build_straw_man_chord_sa. tolerance = 1, sa_iterations = 1000, initial_temperature = 3.0, cooling_rate = 0.999
26 - INFO - chord#: 111 done. best_score=36.0, changed=517, unchanged=389, early_stops=8/8
26 - INFO - chord#: 112 In build_straw_man_chord_sa. tolerance = 1, sa_iterations = 1000, initial_temperature = 3.0, cooling_rate = 0.999
26 - INFO - chord#: 112 done. best_score=27.0, changed=517, unchanged=439, early_stops=8/8
26 - INFO - chord#: 120 In build_straw_man_chord_sa. tolerance = 1, sa_iterations = 1000, initial_temperature = 3.0, cooling_rate = 0.999
26 - INFO - chord#: 134 done. best_score=27.0, changed=526, unchanged=410, early_stops=8/8
26 - INFO - chord#: 135 In build_straw_man_chord_sa. tolerance = 1, sa_iterations = 1000, initial_temperature = 3.0, cooling_rate = 0.999
26 - INFO - chord#: 110 done. best_score=148.0, changed=612, unchanged=257, early_stops=8/8
26 - INFO - chord#: 111 In build_straw_man_chord_sa. tolerance = 1, sa_iterations = 1000, initial_temperature = 3.0, cooling_rate = 0.999
26 - INFO - chord#: 120 done. best_score=27.0, changed=509, unchanged=339, early_stops=8/8
26 - INFO - chord#: 124 In build_straw_man_chord_sa. tolerance = 1, sa_iterations = 1000, initial_temperature = 3.0, cooling_rate = 0.999
26 - INFO - chord#: 134 done. best_score=27.0, changed=517, unchanged=353, early_stops=8/8
26 - INFO - chord#: 135 In build_straw_man_chord_sa. tolerance = 1, sa_iterations = 1000, initial_temperature = 3.0, cooling_rate = 0.999
26 - INFO - chord#: 110 done. best_score=99.0, changed=611, unchanged=420, early_stops=8/8
26 - INFO - chord#: 111 In build_straw_man_chord_sa. tolerance = 1, sa_iterations = 1000, initial_temperature = 3.0, cooling_rate = 0.999
26 - INFO - chord#: 110 done. best_score=99.0, changed=613, unchanged=449, early_stops=8/8
26 - INFO - chord#: 111 In build_straw_man_chord_sa. tolerance = 1, sa_iterations = 1000, initial_temperature = 3.0, cooling_rate = 0.999
26 - INFO - chord#: 135 done. best_score=137.0, changed=609, unchanged=217, early_stops=8/8
26 - INFO - chord#: 136 In build_straw_man_chord_sa. tolerance = 1, sa_iterations = 1000, initial_temperature = 3.0, cooling_rate = 0.999
26 - INFO - chord#: 106 done. best_score=37.0, changed=515, unchanged=319, early_stops=8/8
26 - INFO - chord#: 108 In build_straw_man_chord_sa. tolerance = 1, sa_iterations = 1000, initial_temperature = 3.0, cooling_rate = 0.999
26 - INFO - chord#: 104 done. best_score=27.0, changed=517, unchanged=590, early_stops=8/8
26 - INFO - chord#: 106 In build_straw_man_chord_sa. tolerance = 1, sa_iterations = 1000, initial_temperature = 3.0, cooling_rate = 0.999
26 - INFO - chord#: 120 done. best_score=27.0, changed=522, unchanged=453, early_stops=8/8
26 - INFO - chord#: 124 In build_straw_man_chord_sa. tolerance = 1, sa_iterations = 1000, initial_temperature = 3.0, cooling_rate = 0.999
26 - INFO - chord#: 112 done. best_score=27.0, changed=520, unchanged=461, early_stops=8/8
26 - INFO - chord#: 120 In build_straw_man_chord_sa. tolerance = 1, sa_iterations = 1000, initial_temperature = 3.0, cooling_rate = 0.999
26 - INFO - chord#: 111 done. best_score=36.0, changed=524, unchanged=309, early_stops=8/8
26 - INFO - chord#: 112 In build_straw_man_chord_sa. tolerance = 1, sa_iterations = 1000, initial_temperature = 3.0, cooling_rate = 0.999
26 - INFO - chord#: 124 done. best_score=27.0, changed=523, unchanged=366, early_stops=8/8
26 - INFO - chord#: 126 In build_straw_man_chord_sa. tolerance = 1, sa_iterations = 1000, initial_temperature = 3.0, cooling_rate = 0.999
26 - INFO - chord#: 111 done. best_score=36.0, changed=522, unchanged=391, early_stops=8/8
26 - INFO - chord#: 112 In build_straw_man_chord_sa. tolerance = 1, sa_iterations = 1000, initial_temperature = 3.0, cooling_rate = 0.999
26 - INFO - chord#: 135 done. best_score=67.0, changed=606, unchanged=243, early_stops=8/8
26 - INFO - chord#: 136 In build_straw_man_chord_sa. tolerance = 1, sa_iterations = 1000, initial_temperature = 3.0, cooling_rate = 0.999
26 - INFO - chord#: 136 done. best_score=27.0, changed=529, unchanged=471, early_stops=8/8
26 - INFO - chord#: 111 done. best_score=36.0, changed=531, unchanged=398, early_stops=8/8
26 - INFO - chord#: 112 In build_straw_man_chord_sa. tolerance = 1, sa_iterations = 1000, initial_temperature = 3.0, cooling_rate = 0.999
26 - INFO - chord#: 135 done. best_score=162.0, changed=612, unchanged=235, early_stops=8/8
26 - INFO - chord#: 136 In build_straw_man_chord_sa. tolerance = 1, sa_iterations = 1000, initial_temperature = 3.0, cooling_rate = 0.999
26 - INFO - chord#: 124 done. best_score=27.0, changed=540, unchanged=448, early_stops=8/8
26 - INFO - chord#: 126 In build_straw_man_chord_sa. tolerance = 1, sa_iterations = 1000, initial_temperature = 3.0, cooling_rate = 0.999
26 - INFO - chord#: 108 done. best_score=27.0, changed=524, unchanged=404, early_stops=8/8
26 - INFO - chord#: 110 In build_straw_man_chord_sa. tolerance = 1, sa_iterations = 1000, initial_temperature = 3.0, cooling_rate = 0.999
26 - INFO - chord#: 126 done. best_score=27.0, changed=526, unchanged=304, early_stops=8/8
26 - INFO - chord#: 128 In build_straw_man_chord_sa. tolerance = 1, sa_iterations = 1000, initial_temperature = 3.0, cooling_rate = 0.999
26 - INFO - chord#: 120 done. best_score=27.0, changed=526, unchanged=331, early_stops=8/8
26 - INFO - chord#: 124 In build_straw_man_chord_sa. tolerance = 1, sa_iterations = 1000, initial_temperature = 3.0, cooling_rate = 0.999
26 - INFO - chord#: 106 done. best_score=37.0, changed=521, unchanged=356, early_stops=8/8
26 - INFO - chord#: 108 In build_straw_man_chord_sa. tolerance = 1, sa_iterations = 1000, initial_temperature = 3.0, cooling_rate = 0.999
26 - INFO - chord#: 136 done. best_score=27.0, changed=532, unchanged=410, early_stops=8/8
26 - INFO - chord#: 112 done. best_score=27.0, changed=516, unchanged=480, early_stops=8/8
26 - INFO - chord#: 120 In build_straw_man_chord_sa. tolerance = 1, sa_iterations = 1000, initial_temperature = 3.0, cooling_rate = 0.999
26 - INFO - chord#: 112 done. best_score=27.0, changed=520, unchanged=484, early_stops=8/8
26 - INFO - chord#: 120 In build_straw_man_chord_sa. tolerance = 1, sa_iterations = 1000, initial_temperature = 3.0, cooling_rate = 0.999
26 - INFO - chord#: 135 done. best_score=67.0, changed=615, unchanged=373, early_stops=8/8
26 - INFO - chord#: 136 In build_straw_man_chord_sa. tolerance = 1, sa_iterations = 1000, initial_temperature = 3.0, cooling_rate = 0.999
26 - INFO - chord#: 126 done. best_score=27.0, changed=519, unchanged=336, early_stops=8/8
26 - INFO - chord#: 128 In build_straw_man_chord_sa. tolerance = 1, sa_iterations = 1000, initial_temperature = 3.0, cooling_rate = 0.999
26 - INFO - chord#: 136 done. best_score=27.0, changed=528, unchanged=446, early_stops=8/8
26 - INFO - chord#: 124 done. best_score=27.0, changed=528, unchanged=449, early_stops=8/8
26 - INFO - chord#: 126 In build_straw_man_chord_sa. tolerance = 1, sa_iterations = 1000, initial_temperature = 3.0, cooling_rate = 0.999
26 - INFO - chord#: 112 done. best_score=27.0, changed=515, unchanged=390, early_stops=8/8
26 - INFO - chord#: 120 In build_straw_man_chord_sa. tolerance = 1, sa_iterations = 1000, initial_temperature = 3.0, cooling_rate = 0.999
26 - INFO - chord#: 108 done. best_score=27.0, changed=522, unchanged=346, early_stops=8/8
26 - INFO - chord#: 110 In build_straw_man_chord_sa. tolerance = 1, sa_iterations = 1000, initial_temperature = 3.0, cooling_rate = 0.999
26 - INFO - chord#: 120 done. best_score=27.0, changed=527, unchanged=376, early_stops=8/8
26 - INFO - chord#: 124 In build_straw_man_chord_sa. tolerance = 1, sa_iterations = 1000, initial_temperature = 3.0, cooling_rate = 0.999
26 - INFO - chord#: 128 done. best_score=27.0, changed=526, unchanged=606, early_stops=8/8
26 - INFO - chord#: 132 In build_straw_man_chord_sa. tolerance = 1, sa_iterations = 1000, initial_temperature = 3.0, cooling_rate = 0.999
26 - INFO - chord#: 136 done. best_score=27.0, changed=519, unchanged=373, early_stops=8/8
26 - INFO - chord#: 120 done. best_score=27.0, changed=521, unchanged=419, early_stops=8/8
26 - INFO - chord#: 124 In build_straw_man_chord_sa. tolerance = 1, sa_iterations = 1000, initial_temperature = 3.0, cooling_rate = 0.999
26 - INFO - chord#: 128 done. best_score=27.0, changed=524, unchanged=326, early_stops=8/8
26 - INFO - chord#: 132 In build_straw_man_chord_sa. tolerance = 1, sa_iterations = 1000, initial_temperature = 3.0, cooling_rate = 0.999
26 - INFO - chord#: 126 done. best_score=27.0, changed=533, unchanged=302, early_stops=8/8
26 - INFO - chord#: 128 In build_straw_man_chord_sa. tolerance = 1, sa_iterations = 1000, initial_temperature = 3.0, cooling_rate = 0.999
26 - INFO - chord#: 110 done. best_score=130.0, changed=606, unchanged=204, early_stops=8/8
26 - INFO - chord#: 111 In build_straw_man_chord_sa. tolerance = 1, sa_iterations = 1000, initial_temperature = 3.0, cooling_rate = 0.999
26 - INFO - chord#: 120 done. best_score=27.0, changed=535, unchanged=481, early_stops=8/8
26 - INFO - chord#: 124 In build_straw_man_chord_sa. tolerance = 1, sa_iterations = 1000, initial_temperature = 3.0, cooling_rate = 0.999
26 - INFO - chord#: 124 done. best_score=27.0, changed=516, unchanged=348, early_stops=8/8
26 - INFO - chord#: 126 In build_straw_man_chord_sa. tolerance = 1, sa_iterations = 1000, initial_temperature = 3.0, cooling_rate = 0.999
26 - INFO - chord#: 124 done. best_score=27.0, changed=520, unchanged=327, early_stops=8/8
26 - INFO - chord#: 126 In build_straw_man_chord_sa. tolerance = 1, sa_iterations = 1000, initial_temperature = 3.0, cooling_rate = 0.999
26 - INFO - chord#: 132 done. best_score=31.0, changed=526, unchanged=428, early_stops=8/8
26 - INFO - chord#: 134 In build_straw_man_chord_sa. tolerance = 1, sa_iterations = 1000, initial_temperature = 3.0, cooling_rate = 0.999
26 - INFO - chord#: 132 done. best_score=31.0, changed=528, unchanged=397, early_stops=8/8
26 - INFO - chord#: 134 In build_straw_man_chord_sa. tolerance = 1, sa_iterations = 1000, initial_temperature = 3.0, cooling_rate = 0.999
26 - INFO - chord#: 128 done. best_score=27.0, changed=520, unchanged=352, early_stops=8/8
26 - INFO - chord#: 132 In build_straw_man_chord_sa. tolerance = 1, sa_iterations = 1000, initial_temperature = 3.0, cooling_rate = 0.999
26 - INFO - chord#: 111 done. best_score=72.0, changed=530, unchanged=313, early_stops=8/8
26 - INFO - chord#: 112 In build_straw_man_chord_sa. tolerance = 1, sa_iterations = 1000, initial_temperature = 3.0, cooling_rate = 0.999
26 - INFO - chord#: 126 done. best_score=27.0, changed=528, unchanged=355, early_stops=8/8
26 - INFO - chord#: 128 In build_straw_man_chord_sa. tolerance = 1, sa_iterations = 1000, initial_temperature = 3.0, cooling_rate = 0.999
26 - INFO - chord#: 126 done. best_score=27.0, changed=525, unchanged=373, early_stops=8/8
26 - INFO - chord#: 128 In build_straw_man_chord_sa. tolerance = 1, sa_iterations = 1000, initial_temperature = 3.0, cooling_rate = 0.999
26 - INFO - chord#: 124 done. best_score=27.0, changed=527, unchanged=476, early_stops=8/8
26 - INFO - chord#: 126 In build_straw_man_chord_sa. tolerance = 1, sa_iterations = 1000, initial_temperature = 3.0, cooling_rate = 0.999
26 - INFO - chord#: 134 done. best_score=27.0, changed=522, unchanged=351, early_stops=8/8
26 - INFO - chord#: 135 In build_straw_man_chord_sa. tolerance = 1, sa_iterations = 1000, initial_temperature = 3.0, cooling_rate = 0.999
26 - INFO - chord#: 132 done. best_score=31.0, changed=524, unchanged=348, early_stops=8/8
26 - INFO - chord#: 134 In build_straw_man_chord_sa. tolerance = 1, sa_iterations = 1000, initial_temperature = 3.0, cooling_rate = 0.999
26 - INFO - chord#: 134 done. best_score=27.0, changed=526, unchanged=425, early_stops=8/8
26 - INFO - chord#: 135 In build_straw_man_chord_sa. tolerance = 1, sa_iterations = 1000, initial_temperature = 3.0, cooling_rate = 0.999
26 - INFO - chord#: 128 done. best_score=27.0, changed=516, unchanged=365, early_stops=8/8
26 - INFO - chord#: 132 In build_straw_man_chord_sa. tolerance = 1, sa_iterations = 1000, initial_temperature = 3.0, cooling_rate = 0.999
26 - INFO - chord#: 128 done. best_score=27.0, changed=519, unchanged=369, early_stops=8/8
26 - INFO - chord#: 132 In build_straw_man_chord_sa. tolerance = 1, sa_iterations = 1000, initial_temperature = 3.0, cooling_rate = 0.999
26 - INFO - chord#: 112 done. best_score=27.0, changed=525, unchanged=539, early_stops=8/8
26 - INFO - chord#: 120 In build_straw_man_chord_sa. tolerance = 1, sa_iterations = 1000, initial_temperature = 3.0, cooling_rate = 0.999
26 - INFO - chord#: 126 done. best_score=27.0, changed=537, unchanged=358, early_stops=8/8
26 - INFO - chord#: 128 In build_straw_man_chord_sa. tolerance = 1, sa_iterations = 1000, initial_temperature = 3.0, cooling_rate = 0.999
26 - INFO - chord#: 134 done. best_score=27.0, changed=515, unchanged=345, early_stops=8/8
26 - INFO - chord#: 135 In build_straw_man_chord_sa. tolerance = 1, sa_iterations = 1000, initial_temperature = 3.0, cooling_rate = 0.999
26 - INFO - chord#: 110 done. best_score=99.0, changed=613, unchanged=372, early_stops=8/8
26 - INFO - chord#: 111 In build_straw_man_chord_sa. tolerance = 1, sa_iterations = 1000, initial_temperature = 3.0, cooling_rate = 0.999
26 - INFO - chord#: 128 done. best_score=27.0, changed=511, unchanged=301, early_stops=8/8
26 - INFO - chord#: 132 done. best_score=31.0, changed=524, unchanged=389, early_stops=8/8
26 - INFO - chord#: 132 In build_straw_man_chord_sa. tolerance = 1, sa_iterations = 1000, initial_temperature = 3.0, cooling_rate = 0.999
26 - INFO - chord#: 134 In build_straw_man_chord_sa. tolerance = 1, sa_iterations = 1000, initial_temperature = 3.0, cooling_rate = 0.999
26 - INFO - chord#: 132 done. best_score=31.0, changed=537, unchanged=438, early_stops=8/8
26 - INFO - chord#: 134 In build_straw_man_chord_sa. tolerance = 1, sa_iterations = 1000, initial_temperature = 3.0, cooling_rate = 0.999
26 - INFO - chord#: 120 done. best_score=27.0, changed=529, unchanged=359, early_stops=8/8
26 - INFO - chord#: 124 In build_straw_man_chord_sa. tolerance = 1, sa_iterations = 1000, initial_temperature = 3.0, cooling_rate = 0.999
26 - INFO - chord#: 135 done. best_score=145.0, changed=610, unchanged=318, early_stops=8/8
26 - INFO - chord#: 136 In build_straw_man_chord_sa. tolerance = 1, sa_iterations = 1000, initial_temperature = 3.0, cooling_rate = 0.999
26 - INFO - chord#: 132 done. best_score=31.0, changed=528, unchanged=346, early_stops=8/8
26 - INFO - chord#: 134 In build_straw_man_chord_sa. tolerance = 1, sa_iterations = 1000, initial_temperature = 3.0, cooling_rate = 0.999
26 - INFO - chord#: 111 done. best_score=36.0, changed=531, unchanged=332, early_stops=8/8
26 - INFO - chord#: 112 In build_straw_man_chord_sa. tolerance = 1, sa_iterations = 1000, initial_temperature = 3.0, cooling_rate = 0.999
26 - INFO - chord#: 134 done. best_score=27.0, changed=522, unchanged=464, early_stops=8/8
26 - INFO - chord#: 135 In build_straw_man_chord_sa. tolerance = 1, sa_iterations = 1000, initial_temperature = 3.0, cooling_rate = 0.999
26 - INFO - chord#: 134 done. best_score=27.0, changed=526, unchanged=491, early_stops=8/8
26 - INFO - chord#: 135 In build_straw_man_chord_sa. tolerance = 1, sa_iterations = 1000, initial_temperature = 3.0, cooling_rate = 0.999
26 - INFO - chord#: 124 done. best_score=27.0, changed=528, unchanged=495, early_stops=8/8
26 - INFO - chord#: 126 In build_straw_man_chord_sa. tolerance = 1, sa_iterations = 1000, initial_temperature = 3.0, cooling_rate = 0.999
26 - INFO - chord#: 135 done. best_score=137.0, changed=612, unchanged=224, early_stops=8/8
26 - INFO - chord#: 136 In build_straw_man_chord_sa. tolerance = 1, sa_iterations = 1000, initial_temperature = 3.0, cooling_rate = 0.999
26 - INFO - chord#: 136 done. best_score=27.0, changed=529, unchanged=467, early_stops=8/8
26 - INFO - chord#: 134 done. best_score=27.0, changed=522, unchanged=319, early_stops=8/8
26 - INFO - chord#: 135 In build_straw_man_chord_sa. tolerance = 1, sa_iterations = 1000, initial_temperature = 3.0, cooling_rate = 0.999
26 - INFO - chord#: 135 done. best_score=137.0, changed=613, unchanged=429, early_stops=8/8
26 - INFO - chord#: 136 In build_straw_man_chord_sa. tolerance = 1, sa_iterations = 1000, initial_temperature = 3.0, cooling_rate = 0.999
26 - INFO - chord#: 126 done. best_score=27.0, changed=531, unchanged=371, early_stops=8/8
26 - INFO - chord#: 128 In build_straw_man_chord_sa. tolerance = 1, sa_iterations = 1000, initial_temperature = 3.0, cooling_rate = 0.999
26 - INFO - chord#: 136 done. best_score=27.0, changed=540, unchanged=444, early_stops=8/8
26 - INFO - chord#: 112 done. best_score=27.0, changed=523, unchanged=590, early_stops=8/8
26 - INFO - chord#: 120 In build_straw_man_chord_sa. tolerance = 1, sa_iterations = 1000, initial_temperature = 3.0, cooling_rate = 0.999
26 - INFO - chord#: 136 done. best_score=27.0, changed=525, unchanged=315, early_stops=8/8
26 - INFO - chord#: 128 done. best_score=27.0, changed=526, unchanged=515, early_stops=8/8
26 - INFO - chord#: 132 In build_straw_man_chord_sa. tolerance = 1, sa_iterations = 1000, initial_temperature = 3.0, cooling_rate = 0.999
26 - INFO - chord#: 135 done. best_score=145.0, changed=614, unchanged=257, early_stops=8/8
26 - INFO - chord#: 136 In build_straw_man_chord_sa. tolerance = 1, sa_iterations = 1000, initial_temperature = 3.0, cooling_rate = 0.999
26 - INFO - chord#: 120 done. best_score=27.0, changed=530, unchanged=509, early_stops=8/8
26 - INFO - chord#: 124 In build_straw_man_chord_sa. tolerance = 1, sa_iterations = 1000, initial_temperature = 3.0, cooling_rate = 0.999
26 - INFO - chord#: 135 done. best_score=67.0, changed=615, unchanged=364, early_stops=8/8
26 - INFO - chord#: 136 In build_straw_man_chord_sa. tolerance = 1, sa_iterations = 1000, initial_temperature = 3.0, cooling_rate = 0.999
26 - INFO - chord#: 132 done. best_score=31.0, changed=527, unchanged=401, early_stops=8/8
26 - INFO - chord#: 134 In build_straw_man_chord_sa. tolerance = 1, sa_iterations = 1000, initial_temperature = 3.0, cooling_rate = 0.999
26 - INFO - chord#: 136 done. best_score=27.0, changed=521, unchanged=377, early_stops=8/8
26 - INFO - chord#: 136 done. best_score=27.0, changed=521, unchanged=361, early_stops=8/8
26 - INFO - chord#: 135 done. best_score=67.0, changed=619, unchanged=453, early_stops=8/8
26 - INFO - chord#: 136 In build_straw_man_chord_sa. tolerance = 1, sa_iterations = 1000, initial_temperature = 3.0, cooling_rate = 0.999
26 - INFO - chord#: 124 done. best_score=27.0, changed=537, unchanged=468, early_stops=8/8
26 - INFO - chord#: 126 In build_straw_man_chord_sa. tolerance = 1, sa_iterations = 1000, initial_temperature = 3.0, cooling_rate = 0.999
26 - INFO - chord#: 134 done. best_score=27.0, changed=517, unchanged=328, early_stops=8/8
26 - INFO - chord#: 135 In build_straw_man_chord_sa. tolerance = 1, sa_iterations = 1000, initial_temperature = 3.0, cooling_rate = 0.999
26 - INFO - chord#: 136 done. best_score=27.0, changed=521, unchanged=350, early_stops=8/8
26 - INFO - chord#: 126 done. best_score=27.0, changed=537, unchanged=430, early_stops=8/8
26 - INFO - chord#: 128 In build_straw_man_chord_sa. tolerance = 1, sa_iterations = 1000, initial_temperature = 3.0, cooling_rate = 0.999
26 - INFO - chord#: 128 done. best_score=27.0, changed=524, unchanged=422, early_stops=8/8
26 - INFO - chord#: 132 In build_straw_man_chord_sa. tolerance = 1, sa_iterations = 1000, initial_temperature = 3.0, cooling_rate = 0.999
26 - INFO - chord#: 135 done. best_score=137.0, changed=613, unchanged=229, early_stops=8/8
26 - INFO - chord#: 136 In build_straw_man_chord_sa. tolerance = 1, sa_iterations = 1000, initial_temperature = 3.0, cooling_rate = 0.999
26 - INFO - chord#: 132 done. best_score=31.0, changed=520, unchanged=427, early_stops=8/8
26 - INFO - chord#: 134 In build_straw_man_chord_sa. tolerance = 1, sa_iterations = 1000, initial_temperature = 3.0, cooling_rate = 0.999
26 - INFO - chord#: 136 done. best_score=27.0, changed=524, unchanged=451, early_stops=8/8
26 - INFO - chord#: 134 done. best_score=27.0, changed=519, unchanged=429, early_stops=8/8
26 - INFO - chord#: 135 In build_straw_man_chord_sa. tolerance = 1, sa_iterations = 1000, initial_temperature = 3.0, cooling_rate = 0.999
26 - INFO - chord#: 135 done. best_score=137.0, changed=617, unchanged=373, early_stops=8/8
26 - INFO - chord#: 136 In build_straw_man_chord_sa. tolerance = 1, sa_iterations = 1000, initial_temperature = 3.0, cooling_rate = 0.999
26 - INFO - chord#: 136 done. best_score=27.0, changed=531, unchanged=403, early_stops=8/8
26 - INFO - chord#: 0 In build_straw_man_chord_sa. tolerance = 1, sa_iterations = 1000, initial_temperature = 3.0, cooling_rate = 0.999
26 - INFO - chord#: 0 In build_straw_man_chord_sa. tolerance = 1, sa_iterations = 1000, initial_temperature = 3.0, cooling_rate = 0.999
26 - INFO - chord#: 0 In build_straw_man_chord_sa. tolerance = 1, sa_iterations = 1000, initial_temperature = 3.0, cooling_rate = 0.999
26 - INFO - chord#: 0 In build_straw_man_chord_sa. tolerance = 1, sa_iterations = 1000, initial_temperature = 3.0, cooling_rate = 0.999
26 - INFO - chord#: 0 In build_straw_man_chord_sa. tolerance = 1, sa_iterations = 1000, initial_temperature = 3.0, cooling_rate = 0.999
26 - INFO - chord#: 0 In build_straw_man_chord_sa. tolerance = 1, sa_iterations = 1000, initial_temperature = 3.0, cooling_rate = 0.999
26 - INFO - chord#: 0 In build_straw_man_chord_sa. tolerance = 1, sa_iterations = 1000, initial_temperature = 3.0, cooling_rate = 0.999
26 - INFO - chord#: 0 In build_straw_man_chord_sa. tolerance = 1, sa_iterations = 1000, initial_temperature = 3.0, cooling_rate = 0.999
26 - INFO - chord#: 0 In build_straw_man_chord_sa. tolerance = 1, sa_iterations = 1000, initial_temperature = 3.0, cooling_rate = 0.999
26 - INFO - chord#: 0 In build_straw_man_chord_sa. tolerance = 1, sa_iterations = 1000, initial_temperature = 3.0, cooling_rate = 0.999
26 - INFO - chord#: 0 In build_straw_man_chord_sa. tolerance = 1, sa_iterations = 1000, initial_temperature = 3.0, cooling_rate = 0.999
26 - INFO - chord#: 0 In build_straw_man_chord_sa. tolerance = 1, sa_iterations = 1000, initial_temperature = 3.0, cooling_rate = 0.999
26 - INFO - chord#: 0 done. best_score=27.0, changed=517, unchanged=373, early_stops=8/8
26 - INFO - chord#: 4 In build_straw_man_chord_sa. tolerance = 1, sa_iterations = 1000, initial_temperature = 3.0, cooling_rate = 0.999
26 - INFO - chord#: 0 done. best_score=27.0, changed=523, unchanged=404, early_stops=8/8
26 - INFO - chord#: 4 In build_straw_man_chord_sa. tolerance = 1, sa_iterations = 1000, initial_temperature = 3.0, cooling_rate = 0.999
26 - INFO - chord#: 0 done. best_score=27.0, changed=517, unchanged=477, early_stops=8/8
26 - INFO - chord#: 4 In build_straw_man_chord_sa. tolerance = 1, sa_iterations = 1000, initial_temperature = 3.0, cooling_rate = 0.999
26 - INFO - chord#: 0 done. best_score=27.0, changed=519, unchanged=430, early_stops=8/8
26 - INFO - chord#: 4 In build_straw_man_chord_sa. tolerance = 1, sa_iterations = 1000, initial_temperature = 3.0, cooling_rate = 0.999
26 - INFO - chord#: 0 done. best_score=27.0, changed=516, unchanged=384, early_stops=8/8
26 - INFO - chord#: 4 In build_straw_man_chord_sa. tolerance = 1, sa_iterations = 1000, initial_temperature = 3.0, cooling_rate = 0.999
26 - INFO - chord#: 0 done. best_score=27.0, changed=512, unchanged=313, early_stops=8/8
26 - INFO - chord#: 4 In build_straw_man_chord_sa. tolerance = 1, sa_iterations = 1000, initial_temperature = 3.0, cooling_rate = 0.999
26 - INFO - chord#: 0 done. best_score=27.0, changed=518, unchanged=324, early_stops=8/8
26 - INFO - chord#: 4 In build_straw_man_chord_sa. tolerance = 1, sa_iterations = 1000, initial_temperature = 3.0, cooling_rate = 0.999
26 - INFO - chord#: 0 done. best_score=27.0, changed=526, unchanged=619, early_stops=8/8
26 - INFO - chord#: 4 In build_straw_man_chord_sa. tolerance = 1, sa_iterations = 1000, initial_temperature = 3.0, cooling_rate = 0.999
26 - INFO - chord#: 0 done. best_score=27.0, changed=526, unchanged=402, early_stops=8/8
26 - INFO - chord#: 4 In build_straw_man_chord_sa. tolerance = 1, sa_iterations = 1000, initial_temperature = 3.0, cooling_rate = 0.999
26 - INFO - chord#: 0 done. best_score=27.0, changed=520, unchanged=468, early_stops=8/8
26 - INFO - chord#: 4 In build_straw_man_chord_sa. tolerance = 1, sa_iterations = 1000, initial_temperature = 3.0, cooling_rate = 0.999
26 - INFO - chord#: 0 done. best_score=27.0, changed=524, unchanged=494, early_stops=8/8
26 - INFO - chord#: 4 In build_straw_man_chord_sa. tolerance = 1, sa_iterations = 1000, initial_temperature = 3.0, cooling_rate = 0.999
26 - INFO - chord#: 0 done. best_score=27.0, changed=525, unchanged=521, early_stops=8/8
26 - INFO - chord#: 4 In build_straw_man_chord_sa. tolerance = 1, sa_iterations = 1000, initial_temperature = 3.0, cooling_rate = 0.999
26 - INFO - chord#: 4 done. best_score=27.0, changed=525, unchanged=322, early_stops=8/8
26 - INFO - chord#: 6 In build_straw_man_chord_sa. tolerance = 1, sa_iterations = 1000, initial_temperature = 3.0, cooling_rate = 0.999
26 - INFO - chord#: 4 done. best_score=27.0, changed=520, unchanged=361, early_stops=8/8
26 - INFO - chord#: 6 In build_straw_man_chord_sa. tolerance = 1, sa_iterations = 1000, initial_temperature = 3.0, cooling_rate = 0.999
26 - INFO - chord#: 4 done. best_score=27.0, changed=526, unchanged=416, early_stops=8/8
26 - INFO - chord#: 6 In build_straw_man_chord_sa. tolerance = 1, sa_iterations = 1000, initial_temperature = 3.0, cooling_rate = 0.999
26 - INFO - chord#: 4 done. best_score=27.0, changed=520, unchanged=358, early_stops=8/8
26 - INFO - chord#: 6 In build_straw_man_chord_sa. tolerance = 1, sa_iterations = 1000, initial_temperature = 3.0, cooling_rate = 0.999
26 - INFO - chord#: 4 done. best_score=27.0, changed=525, unchanged=317, early_stops=8/8
26 - INFO - chord#: 6 In build_straw_man_chord_sa. tolerance = 1, sa_iterations = 1000, initial_temperature = 3.0, cooling_rate = 0.999
26 - INFO - chord#: 4 done. best_score=27.0, changed=528, unchanged=377, early_stops=8/8
26 - INFO - chord#: 6 In build_straw_man_chord_sa. tolerance = 1, sa_iterations = 1000, initial_temperature = 3.0, cooling_rate = 0.999
26 - INFO - chord#: 4 done. best_score=27.0, changed=527, unchanged=466, early_stops=8/8
26 - INFO - chord#: 6 In build_straw_man_chord_sa. tolerance = 1, sa_iterations = 1000, initial_temperature = 3.0, cooling_rate = 0.999
26 - INFO - chord#: 4 done. best_score=27.0, changed=514, unchanged=312, early_stops=8/8
26 - INFO - chord#: 6 In build_straw_man_chord_sa. tolerance = 1, sa_iterations = 1000, initial_temperature = 3.0, cooling_rate = 0.999
26 - INFO - chord#: 4 done. best_score=27.0, changed=529, unchanged=497, early_stops=8/8
26 - INFO - chord#: 6 In build_straw_man_chord_sa. tolerance = 1, sa_iterations = 1000, initial_temperature = 3.0, cooling_rate = 0.999
26 - INFO - chord#: 4 done. best_score=27.0, changed=517, unchanged=346, early_stops=8/8
26 - INFO - chord#: 6 In build_straw_man_chord_sa. tolerance = 1, sa_iterations = 1000, initial_temperature = 3.0, cooling_rate = 0.999
26 - INFO - chord#: 4 done. best_score=27.0, changed=521, unchanged=311, early_stops=8/8
26 - INFO - chord#: 6 In build_straw_man_chord_sa. tolerance = 1, sa_iterations = 1000, initial_temperature = 3.0, cooling_rate = 0.999
26 - INFO - chord#: 4 done. best_score=27.0, changed=525, unchanged=386, early_stops=8/8
26 - INFO - chord#: 6 In build_straw_man_chord_sa. tolerance = 1, sa_iterations = 1000, initial_temperature = 3.0, cooling_rate = 0.999
26 - INFO - chord#: 6 done. best_score=27.0, changed=533, unchanged=440, early_stops=8/8
26 - INFO - chord#: 8 In build_straw_man_chord_sa. tolerance = 1, sa_iterations = 1000, initial_temperature = 3.0, cooling_rate = 0.999
26 - INFO - chord#: 6 done. best_score=27.0, changed=532, unchanged=426, early_stops=8/8
26 - INFO - chord#: 8 In build_straw_man_chord_sa. tolerance = 1, sa_iterations = 1000, initial_temperature = 3.0, cooling_rate = 0.999
26 - INFO - chord#: 6 done. best_score=27.0, changed=528, unchanged=382, early_stops=8/8
26 - INFO - chord#: 8 In build_straw_man_chord_sa. tolerance = 1, sa_iterations = 1000, initial_temperature = 3.0, cooling_rate = 0.999
26 - INFO - chord#: 6 done. best_score=27.0, changed=528, unchanged=410, early_stops=8/8
26 - INFO - chord#: 8 In build_straw_man_chord_sa. tolerance = 1, sa_iterations = 1000, initial_temperature = 3.0, cooling_rate = 0.999
26 - INFO - chord#: 6 done. best_score=27.0, changed=536, unchanged=322, early_stops=8/8
26 - INFO - chord#: 8 In build_straw_man_chord_sa. tolerance = 1, sa_iterations = 1000, initial_temperature = 3.0, cooling_rate = 0.999
26 - INFO - chord#: 6 done. best_score=27.0, changed=512, unchanged=296, early_stops=8/8
26 - INFO - chord#: 8 In build_straw_man_chord_sa. tolerance = 1, sa_iterations = 1000, initial_temperature = 3.0, cooling_rate = 0.999
26 - INFO - chord#: 6 done. best_score=27.0, changed=527, unchanged=358, early_stops=8/8
26 - INFO - chord#: 8 In build_straw_man_chord_sa. tolerance = 1, sa_iterations = 1000, initial_temperature = 3.0, cooling_rate = 0.999
26 - INFO - chord#: 6 done. best_score=27.0, changed=541, unchanged=339, early_stops=8/8
26 - INFO - chord#: 8 In build_straw_man_chord_sa. tolerance = 1, sa_iterations = 1000, initial_temperature = 3.0, cooling_rate = 0.999
26 - INFO - chord#: 6 done. best_score=27.0, changed=519, unchanged=297, early_stops=8/8
26 - INFO - chord#: 8 In build_straw_man_chord_sa. tolerance = 1, sa_iterations = 1000, initial_temperature = 3.0, cooling_rate = 0.999
26 - INFO - chord#: 6 done. best_score=27.0, changed=520, unchanged=341, early_stops=8/8
26 - INFO - chord#: 8 In build_straw_man_chord_sa. tolerance = 1, sa_iterations = 1000, initial_temperature = 3.0, cooling_rate = 0.999
26 - INFO - chord#: 6 done. best_score=27.0, changed=519, unchanged=288, early_stops=8/8
26 - INFO - chord#: 8 In build_straw_man_chord_sa. tolerance = 1, sa_iterations = 1000, initial_temperature = 3.0, cooling_rate = 0.999
26 - INFO - chord#: 8 done. best_score=31.0, changed=518, unchanged=356, early_stops=8/8
26 - INFO - chord#: 10 In build_straw_man_chord_sa. tolerance = 1, sa_iterations = 1000, initial_temperature = 3.0, cooling_rate = 0.999
26 - INFO - chord#: 6 done. best_score=27.0, changed=529, unchanged=362, early_stops=8/8
26 - INFO - chord#: 8 In build_straw_man_chord_sa. tolerance = 1, sa_iterations = 1000, initial_temperature = 3.0, cooling_rate = 0.999
26 - INFO - chord#: 8 done. best_score=31.0, changed=527, unchanged=345, early_stops=8/8
26 - INFO - chord#: 10 In build_straw_man_chord_sa. tolerance = 1, sa_iterations = 1000, initial_temperature = 3.0, cooling_rate = 0.999
26 - INFO - chord#: 8 done. best_score=31.0, changed=527, unchanged=547, early_stops=8/8
26 - INFO - chord#: 10 In build_straw_man_chord_sa. tolerance = 1, sa_iterations = 1000, initial_temperature = 3.0, cooling_rate = 0.999
26 - INFO - chord#: 8 done. best_score=31.0, changed=526, unchanged=424, early_stops=8/8
26 - INFO - chord#: 10 In build_straw_man_chord_sa. tolerance = 1, sa_iterations = 1000, initial_temperature = 3.0, cooling_rate = 0.999
26 - INFO - chord#: 8 done. best_score=31.0, changed=531, unchanged=432, early_stops=8/8
26 - INFO - chord#: 10 In build_straw_man_chord_sa. tolerance = 1, sa_iterations = 1000, initial_temperature = 3.0, cooling_rate = 0.999
26 - INFO - chord#: 8 done. best_score=31.0, changed=526, unchanged=452, early_stops=8/8
26 - INFO - chord#: 10 In build_straw_man_chord_sa. tolerance = 1, sa_iterations = 1000, initial_temperature = 3.0, cooling_rate = 0.999
26 - INFO - chord#: 8 done. best_score=31.0, changed=526, unchanged=461, early_stops=8/8
26 - INFO - chord#: 10 In build_straw_man_chord_sa. tolerance = 1, sa_iterations = 1000, initial_temperature = 3.0, cooling_rate = 0.999
26 - INFO - chord#: 8 done. best_score=31.0, changed=524, unchanged=368, early_stops=8/8
26 - INFO - chord#: 10 In build_straw_man_chord_sa. tolerance = 1, sa_iterations = 1000, initial_temperature = 3.0, cooling_rate = 0.999
26 - INFO - chord#: 10 done. best_score=27.0, changed=521, unchanged=431, early_stops=8/8
26 - INFO - chord#: 12 In build_straw_man_chord_sa. tolerance = 1, sa_iterations = 1000, initial_temperature = 3.0, cooling_rate = 0.999
26 - INFO - chord#: 8 done. best_score=31.0, changed=522, unchanged=312, early_stops=8/8
26 - INFO - chord#: 10 In build_straw_man_chord_sa. tolerance = 1, sa_iterations = 1000, initial_temperature = 3.0, cooling_rate = 0.999
26 - INFO - chord#: 8 done. best_score=31.0, changed=516, unchanged=360, early_stops=8/8
26 - INFO - chord#: 10 In build_straw_man_chord_sa. tolerance = 1, sa_iterations = 1000, initial_temperature = 3.0, cooling_rate = 0.999
26 - INFO - chord#: 8 done. best_score=31.0, changed=524, unchanged=333, early_stops=8/8
26 - INFO - chord#: 10 In build_straw_man_chord_sa. tolerance = 1, sa_iterations = 1000, initial_temperature = 3.0, cooling_rate = 0.999
26 - INFO - chord#: 8 done. best_score=31.0, changed=524, unchanged=431, early_stops=8/8
26 - INFO - chord#: 10 In build_straw_man_chord_sa. tolerance = 1, sa_iterations = 1000, initial_temperature = 3.0, cooling_rate = 0.999
26 - INFO - chord#: 10 done. best_score=27.0, changed=520, unchanged=362, early_stops=8/8
26 - INFO - chord#: 12 In build_straw_man_chord_sa. tolerance = 1, sa_iterations = 1000, initial_temperature = 3.0, cooling_rate = 0.999
26 - INFO - chord#: 10 done. best_score=27.0, changed=520, unchanged=479, early_stops=8/8
26 - INFO - chord#: 12 In build_straw_man_chord_sa. tolerance = 1, sa_iterations = 1000, initial_temperature = 3.0, cooling_rate = 0.999
26 - INFO - chord#: 10 done. best_score=27.0, changed=529, unchanged=456, early_stops=8/8
26 - INFO - chord#: 12 In build_straw_man_chord_sa. tolerance = 1, sa_iterations = 1000, initial_temperature = 3.0, cooling_rate = 0.999
26 - INFO - chord#: 10 done. best_score=27.0, changed=526, unchanged=497, early_stops=8/8
26 - INFO - chord#: 12 In build_straw_man_chord_sa. tolerance = 1, sa_iterations = 1000, initial_temperature = 3.0, cooling_rate = 0.999
26 - INFO - chord#: 10 done. best_score=27.0, changed=522, unchanged=389, early_stops=8/8
26 - INFO - chord#: 12 In build_straw_man_chord_sa. tolerance = 1, sa_iterations = 1000, initial_temperature = 3.0, cooling_rate = 0.999
26 - INFO - chord#: 10 done. best_score=27.0, changed=531, unchanged=427, early_stops=8/8
26 - INFO - chord#: 12 In build_straw_man_chord_sa. tolerance = 1, sa_iterations = 1000, initial_temperature = 3.0, cooling_rate = 0.999
26 - INFO - chord#: 10 done. best_score=27.0, changed=523, unchanged=406, early_stops=8/8
26 - INFO - chord#: 12 In build_straw_man_chord_sa. tolerance = 1, sa_iterations = 1000, initial_temperature = 3.0, cooling_rate = 0.999
26 - INFO - chord#: 12 done. best_score=27.0, changed=520, unchanged=527, early_stops=8/8
26 - INFO - chord#: 14 In build_straw_man_chord_sa. tolerance = 1, sa_iterations = 1000, initial_temperature = 3.0, cooling_rate = 0.999
26 - INFO - chord#: 12 done. best_score=27.0, changed=513, unchanged=329, early_stops=8/8
26 - INFO - chord#: 14 In build_straw_man_chord_sa. tolerance = 1, sa_iterations = 1000, initial_temperature = 3.0, cooling_rate = 0.999
26 - INFO - chord#: 12 done. best_score=27.0, changed=520, unchanged=305, early_stops=8/8
26 - INFO - chord#: 14 In build_straw_man_chord_sa. tolerance = 1, sa_iterations = 1000, initial_temperature = 3.0, cooling_rate = 0.999
26 - INFO - chord#: 10 done. best_score=27.0, changed=523, unchanged=448, early_stops=8/8
26 - INFO - chord#: 12 In build_straw_man_chord_sa. tolerance = 1, sa_iterations = 1000, initial_temperature = 3.0, cooling_rate = 0.999
26 - INFO - chord#: 12 done. best_score=27.0, changed=519, unchanged=441, early_stops=8/8
26 - INFO - chord#: 14 In build_straw_man_chord_sa. tolerance = 1, sa_iterations = 1000, initial_temperature = 3.0, cooling_rate = 0.999
26 - INFO - chord#: 10 done. best_score=27.0, changed=523, unchanged=432, early_stops=8/8
26 - INFO - chord#: 12 In build_straw_man_chord_sa. tolerance = 1, sa_iterations = 1000, initial_temperature = 3.0, cooling_rate = 0.999
26 - INFO - chord#: 10 done. best_score=27.0, changed=520, unchanged=437, early_stops=8/8
26 - INFO - chord#: 12 In build_straw_man_chord_sa. tolerance = 1, sa_iterations = 1000, initial_temperature = 3.0, cooling_rate = 0.999
26 - INFO - chord#: 10 done. best_score=27.0, changed=528, unchanged=433, early_stops=8/8
26 - INFO - chord#: 12 In build_straw_man_chord_sa. tolerance = 1, sa_iterations = 1000, initial_temperature = 3.0, cooling_rate = 0.999
26 - INFO - chord#: 12 done. best_score=27.0, changed=521, unchanged=451, early_stops=8/8
26 - INFO - chord#: 14 In build_straw_man_chord_sa. tolerance = 1, sa_iterations = 1000, initial_temperature = 3.0, cooling_rate = 0.999
26 - INFO - chord#: 12 done. best_score=27.0, changed=529, unchanged=563, early_stops=8/8
26 - INFO - chord#: 14 In build_straw_man_chord_sa. tolerance = 1, sa_iterations = 1000, initial_temperature = 3.0, cooling_rate = 0.999
26 - INFO - chord#: 12 done. best_score=27.0, changed=514, unchanged=389, early_stops=8/8
26 - INFO - chord#: 14 In build_straw_man_chord_sa. tolerance = 1, sa_iterations = 1000, initial_temperature = 3.0, cooling_rate = 0.999
26 - INFO - chord#: 12 done. best_score=27.0, changed=522, unchanged=430, early_stops=8/8
26 - INFO - chord#: 14 In build_straw_man_chord_sa. tolerance = 1, sa_iterations = 1000, initial_temperature = 3.0, cooling_rate = 0.999
26 - INFO - chord#: 12 done. best_score=27.0, changed=524, unchanged=387, early_stops=8/8
26 - INFO - chord#: 14 In build_straw_man_chord_sa. tolerance = 1, sa_iterations = 1000, initial_temperature = 3.0, cooling_rate = 0.999
26 - INFO - chord#: 12 done. best_score=27.0, changed=519, unchanged=409, early_stops=8/8
26 - INFO - chord#: 14 In build_straw_man_chord_sa. tolerance = 1, sa_iterations = 1000, initial_temperature = 3.0, cooling_rate = 0.999
26 - INFO - chord#: 12 done. best_score=27.0, changed=520, unchanged=355, early_stops=8/8
26 - INFO - chord#: 14 In build_straw_man_chord_sa. tolerance = 1, sa_iterations = 1000, initial_temperature = 3.0, cooling_rate = 0.999
26 - INFO - chord#: 12 done. best_score=27.0, changed=522, unchanged=522, early_stops=8/8
26 - INFO - chord#: 14 In build_straw_man_chord_sa. tolerance = 1, sa_iterations = 1000, initial_temperature = 3.0, cooling_rate = 0.999
26 - INFO - chord#: 14 done. best_score=74.0, changed=610, unchanged=227, early_stops=8/8
26 - INFO - chord#: 15 In build_straw_man_chord_sa. tolerance = 1, sa_iterations = 1000, initial_temperature = 3.0, cooling_rate = 0.999
26 - INFO - chord#: 14 done. best_score=74.0, changed=610, unchanged=276, early_stops=8/8
26 - INFO - chord#: 15 In build_straw_man_chord_sa. tolerance = 1, sa_iterations = 1000, initial_temperature = 3.0, cooling_rate = 0.999
26 - INFO - chord#: 14 done. best_score=74.0, changed=614, unchanged=318, early_stops=8/8
26 - INFO - chord#: 15 In build_straw_man_chord_sa. tolerance = 1, sa_iterations = 1000, initial_temperature = 3.0, cooling_rate = 0.999
26 - INFO - chord#: 14 done. best_score=74.0, changed=614, unchanged=523, early_stops=8/8
26 - INFO - chord#: 15 In build_straw_man_chord_sa. tolerance = 1, sa_iterations = 1000, initial_temperature = 3.0, cooling_rate = 0.999
26 - INFO - chord#: 14 done. best_score=74.0, changed=611, unchanged=268, early_stops=8/8
26 - INFO - chord#: 15 In build_straw_man_chord_sa. tolerance = 1, sa_iterations = 1000, initial_temperature = 3.0, cooling_rate = 0.999
26 - INFO - chord#: 14 done. best_score=74.0, changed=607, unchanged=328, early_stops=8/8
26 - INFO - chord#: 15 In build_straw_man_chord_sa. tolerance = 1, sa_iterations = 1000, initial_temperature = 3.0, cooling_rate = 0.999
26 - INFO - chord#: 14 done. best_score=74.0, changed=615, unchanged=287, early_stops=8/8
26 - INFO - chord#: 15 In build_straw_man_chord_sa. tolerance = 1, sa_iterations = 1000, initial_temperature = 3.0, cooling_rate = 0.999
26 - INFO - chord#: 14 done. best_score=148.0, changed=606, unchanged=206, early_stops=8/8
26 - INFO - chord#: 15 In build_straw_man_chord_sa. tolerance = 1, sa_iterations = 1000, initial_temperature = 3.0, cooling_rate = 0.999
26 - INFO - chord#: 14 done. best_score=74.0, changed=609, unchanged=242, early_stops=8/8
26 - INFO - chord#: 15 In build_straw_man_chord_sa. tolerance = 1, sa_iterations = 1000, initial_temperature = 3.0, cooling_rate = 0.999
26 - INFO - chord#: 15 done. best_score=64.0, changed=610, unchanged=231, early_stops=8/8
26 - INFO - chord#: 16 In build_straw_man_chord_sa. tolerance = 1, sa_iterations = 1000, initial_temperature = 3.0, cooling_rate = 0.999
26 - INFO - chord#: 15 done. best_score=146.0, changed=617, unchanged=365, early_stops=8/8
26 - INFO - chord#: 16 In build_straw_man_chord_sa. tolerance = 1, sa_iterations = 1000, initial_temperature = 3.0, cooling_rate = 0.999
26 - INFO - chord#: 14 done. best_score=74.0, changed=609, unchanged=385, early_stops=8/8
26 - INFO - chord#: 15 In build_straw_man_chord_sa. tolerance = 1, sa_iterations = 1000, initial_temperature = 3.0, cooling_rate = 0.999
26 - INFO - chord#: 14 done. best_score=96.0, changed=609, unchanged=307, early_stops=8/8
26 - INFO - chord#: 15 In build_straw_man_chord_sa. tolerance = 1, sa_iterations = 1000, initial_temperature = 3.0, cooling_rate = 0.999
26 - INFO - chord#: 14 done. best_score=96.0, changed=613, unchanged=477, early_stops=8/8
26 - INFO - chord#: 15 In build_straw_man_chord_sa. tolerance = 1, sa_iterations = 1000, initial_temperature = 3.0, cooling_rate = 0.999
26 - INFO - chord#: 15 done. best_score=64.0, changed=615, unchanged=352, early_stops=8/8
26 - INFO - chord#: 16 In build_straw_man_chord_sa. tolerance = 1, sa_iterations = 1000, initial_temperature = 3.0, cooling_rate = 0.999
26 - INFO - chord#: 15 done. best_score=104.0, changed=614, unchanged=257, early_stops=8/8
26 - INFO - chord#: 16 In build_straw_man_chord_sa. tolerance = 1, sa_iterations = 1000, initial_temperature = 3.0, cooling_rate = 0.999
26 - INFO - chord#: 16 done. best_score=27.0, changed=530, unchanged=453, early_stops=8/8
26 - INFO - chord#: 18 In build_straw_man_chord_sa. tolerance = 1, sa_iterations = 1000, initial_temperature = 3.0, cooling_rate = 0.999
26 - INFO - chord#: 16 done. best_score=27.0, changed=521, unchanged=409, early_stops=8/8
26 - INFO - chord#: 18 In build_straw_man_chord_sa. tolerance = 1, sa_iterations = 1000, initial_temperature = 3.0, cooling_rate = 0.999
26 - INFO - chord#: 15 done. best_score=64.0, changed=611, unchanged=210, early_stops=8/8
26 - INFO - chord#: 16 In build_straw_man_chord_sa. tolerance = 1, sa_iterations = 1000, initial_temperature = 3.0, cooling_rate = 0.999
26 - INFO - chord#: 15 done. best_score=64.0, changed=608, unchanged=352, early_stops=8/8
26 - INFO - chord#: 16 In build_straw_man_chord_sa. tolerance = 1, sa_iterations = 1000, initial_temperature = 3.0, cooling_rate = 0.999
26 - INFO - chord#: 16 done. best_score=27.0, changed=518, unchanged=462, early_stops=8/8
26 - INFO - chord#: 18 In build_straw_man_chord_sa. tolerance = 1, sa_iterations = 1000, initial_temperature = 3.0, cooling_rate = 0.999
26 - INFO - chord#: 15 done. best_score=104.0, changed=611, unchanged=299, early_stops=8/8
26 - INFO - chord#: 16 In build_straw_man_chord_sa. tolerance = 1, sa_iterations = 1000, initial_temperature = 3.0, cooling_rate = 0.999
26 - INFO - chord#: 16 done. best_score=27.0, changed=519, unchanged=547, early_stops=8/8
26 - INFO - chord#: 18 In build_straw_man_chord_sa. tolerance = 1, sa_iterations = 1000, initial_temperature = 3.0, cooling_rate = 0.999
26 - INFO - chord#: 15 done. best_score=64.0, changed=611, unchanged=382, early_stops=8/8
26 - INFO - chord#: 16 In build_straw_man_chord_sa. tolerance = 1, sa_iterations = 1000, initial_temperature = 3.0, cooling_rate = 0.999
26 - INFO - chord#: 16 done. best_score=27.0, changed=511, unchanged=361, early_stops=8/8
26 - INFO - chord#: 18 In build_straw_man_chord_sa. tolerance = 1, sa_iterations = 1000, initial_temperature = 3.0, cooling_rate = 0.999
26 - INFO - chord#: 16 done. best_score=27.0, changed=525, unchanged=510, early_stops=8/8
26 - INFO - chord#: 18 In build_straw_man_chord_sa. tolerance = 1, sa_iterations = 1000, initial_temperature = 3.0, cooling_rate = 0.999
26 - INFO - chord#: 15 done. best_score=104.0, changed=610, unchanged=296, early_stops=8/8
26 - INFO - chord#: 16 In build_straw_man_chord_sa. tolerance = 1, sa_iterations = 1000, initial_temperature = 3.0, cooling_rate = 0.999
26 - INFO - chord#: 15 done. best_score=150.0, changed=616, unchanged=323, early_stops=8/8
26 - INFO - chord#: 16 In build_straw_man_chord_sa. tolerance = 1, sa_iterations = 1000, initial_temperature = 3.0, cooling_rate = 0.999
26 - INFO - chord#: 15 done. best_score=104.0, changed=614, unchanged=276, early_stops=8/8
26 - INFO - chord#: 16 In build_straw_man_chord_sa. tolerance = 1, sa_iterations = 1000, initial_temperature = 3.0, cooling_rate = 0.999
26 - INFO - chord#: 16 done. best_score=27.0, changed=515, unchanged=396, early_stops=8/8
26 - INFO - chord#: 18 In build_straw_man_chord_sa. tolerance = 1, sa_iterations = 1000, initial_temperature = 3.0, cooling_rate = 0.999
26 - INFO - chord#: 18 done. best_score=67.0, changed=615, unchanged=301, early_stops=8/8
26 - INFO - chord#: 20 In build_straw_man_chord_sa. tolerance = 1, sa_iterations = 1000, initial_temperature = 3.0, cooling_rate = 0.999
26 - INFO - chord#: 16 done. best_score=27.0, changed=515, unchanged=340, early_stops=8/8
26 - INFO - chord#: 18 In build_straw_man_chord_sa. tolerance = 1, sa_iterations = 1000, initial_temperature = 3.0, cooling_rate = 0.999
26 - INFO - chord#: 16 done. best_score=27.0, changed=520, unchanged=436, early_stops=8/8
26 - INFO - chord#: 18 In build_straw_man_chord_sa. tolerance = 1, sa_iterations = 1000, initial_temperature = 3.0, cooling_rate = 0.999
26 - INFO - chord#: 20 done. best_score=27.0, changed=525, unchanged=384, early_stops=8/8
26 - INFO - chord#: 28 In build_straw_man_chord_sa. tolerance = 1, sa_iterations = 1000, initial_temperature = 3.0, cooling_rate = 0.999
26 - INFO - chord#: 18 done. best_score=166.0, changed=613, unchanged=330, early_stops=8/8
26 - INFO - chord#: 20 In build_straw_man_chord_sa. tolerance = 1, sa_iterations = 1000, initial_temperature = 3.0, cooling_rate = 0.999
26 - INFO - chord#: 15 done. best_score=64.0, changed=613, unchanged=520, early_stops=8/8
26 - INFO - chord#: 16 In build_straw_man_chord_sa. tolerance = 1, sa_iterations = 1000, initial_temperature = 3.0, cooling_rate = 0.999
26 - INFO - chord#: 16 done. best_score=27.0, changed=526, unchanged=373, early_stops=8/8
26 - INFO - chord#: 18 In build_straw_man_chord_sa. tolerance = 1, sa_iterations = 1000, initial_temperature = 3.0, cooling_rate = 0.999
26 - INFO - chord#: 16 done. best_score=57.0, changed=529, unchanged=397, early_stops=8/8
26 - INFO - chord#: 18 In build_straw_man_chord_sa. tolerance = 1, sa_iterations = 1000, initial_temperature = 3.0, cooling_rate = 0.999
26 - INFO - chord#: 18 done. best_score=96.0, changed=614, unchanged=432, early_stops=8/8
26 - INFO - chord#: 20 In build_straw_man_chord_sa. tolerance = 1, sa_iterations = 1000, initial_temperature = 3.0, cooling_rate = 0.999
26 - INFO - chord#: 18 done. best_score=67.0, changed=612, unchanged=396, early_stops=8/8
26 - INFO - chord#: 20 In build_straw_man_chord_sa. tolerance = 1, sa_iterations = 1000, initial_temperature = 3.0, cooling_rate = 0.999
26 - INFO - chord#: 18 done. best_score=137.0, changed=617, unchanged=436, early_stops=8/8
26 - INFO - chord#: 20 In build_straw_man_chord_sa. tolerance = 1, sa_iterations = 1000, initial_temperature = 3.0, cooling_rate = 0.999
26 - INFO - chord#: 28 done. best_score=27.0, changed=519, unchanged=321, early_stops=8/8
26 - INFO - chord#: 32 In build_straw_man_chord_sa. tolerance = 1, sa_iterations = 1000, initial_temperature = 3.0, cooling_rate = 0.999
26 - INFO - chord#: 18 done. best_score=78.0, changed=614, unchanged=388, early_stops=8/8
26 - INFO - chord#: 20 In build_straw_man_chord_sa. tolerance = 1, sa_iterations = 1000, initial_temperature = 3.0, cooling_rate = 0.999
26 - INFO - chord#: 20 done. best_score=27.0, changed=528, unchanged=420, early_stops=8/8
26 - INFO - chord#: 28 In build_straw_man_chord_sa. tolerance = 1, sa_iterations = 1000, initial_temperature = 3.0, cooling_rate = 0.999
26 - INFO - chord#: 16 done. best_score=27.0, changed=526, unchanged=384, early_stops=8/8
26 - INFO - chord#: 18 In build_straw_man_chord_sa. tolerance = 1, sa_iterations = 1000, initial_temperature = 3.0, cooling_rate = 0.999
26 - INFO - chord#: 18 done. best_score=67.0, changed=613, unchanged=298, early_stops=8/8
26 - INFO - chord#: 20 In build_straw_man_chord_sa. tolerance = 1, sa_iterations = 1000, initial_temperature = 3.0, cooling_rate = 0.999
26 - INFO - chord#: 20 done. best_score=27.0, changed=517, unchanged=313, early_stops=8/8
26 - INFO - chord#: 28 In build_straw_man_chord_sa. tolerance = 1, sa_iterations = 1000, initial_temperature = 3.0, cooling_rate = 0.999
26 - INFO - chord#: 20 done. best_score=27.0, changed=535, unchanged=506, early_stops=8/8
26 - INFO - chord#: 28 In build_straw_man_chord_sa. tolerance = 1, sa_iterations = 1000, initial_temperature = 3.0, cooling_rate = 0.999
26 - INFO - chord#: 32 done. best_score=27.0, changed=526, unchanged=414, early_stops=8/8
26 - INFO - chord#: 36 In build_straw_man_chord_sa. tolerance = 1, sa_iterations = 1000, initial_temperature = 3.0, cooling_rate = 0.999
26 - INFO - chord#: 20 done. best_score=27.0, changed=531, unchanged=461, early_stops=8/8
26 - INFO - chord#: 28 In build_straw_man_chord_sa. tolerance = 1, sa_iterations = 1000, initial_temperature = 3.0, cooling_rate = 0.999
26 - INFO - chord#: 20 done. best_score=27.0, changed=525, unchanged=418, early_stops=8/8
26 - INFO - chord#: 28 In build_straw_man_chord_sa. tolerance = 1, sa_iterations = 1000, initial_temperature = 3.0, cooling_rate = 0.999
26 - INFO - chord#: 28 done. best_score=27.0, changed=522, unchanged=419, early_stops=8/8
26 - INFO - chord#: 32 In build_straw_man_chord_sa. tolerance = 1, sa_iterations = 1000, initial_temperature = 3.0, cooling_rate = 0.999
26 - INFO - chord#: 20 done. best_score=27.0, changed=526, unchanged=495, early_stops=8/8
26 - INFO - chord#: 28 In build_straw_man_chord_sa. tolerance = 1, sa_iterations = 1000, initial_temperature = 3.0, cooling_rate = 0.999
26 - INFO - chord#: 18 done. best_score=145.0, changed=612, unchanged=284, early_stops=8/8
26 - INFO - chord#: 20 In build_straw_man_chord_sa. tolerance = 1, sa_iterations = 1000, initial_temperature = 3.0, cooling_rate = 0.999
26 - INFO - chord#: 18 done. best_score=78.0, changed=614, unchanged=425, early_stops=8/8
26 - INFO - chord#: 20 In build_straw_man_chord_sa. tolerance = 1, sa_iterations = 1000, initial_temperature = 3.0, cooling_rate = 0.999
26 - INFO - chord#: 18 done. best_score=140.0, changed=609, unchanged=281, early_stops=8/8
26 - INFO - chord#: 20 In build_straw_man_chord_sa. tolerance = 1, sa_iterations = 1000, initial_temperature = 3.0, cooling_rate = 0.999
26 - INFO - chord#: 28 done. best_score=27.0, changed=528, unchanged=461, early_stops=8/8
26 - INFO - chord#: 32 In build_straw_man_chord_sa. tolerance = 1, sa_iterations = 1000, initial_temperature = 3.0, cooling_rate = 0.999
26 - INFO - chord#: 36 done. best_score=27.0, changed=520, unchanged=318, early_stops=8/8
26 - INFO - chord#: 38 In build_straw_man_chord_sa. tolerance = 1, sa_iterations = 1000, initial_temperature = 3.0, cooling_rate = 0.999
26 - INFO - chord#: 28 done. best_score=27.0, changed=517, unchanged=444, early_stops=8/8
26 - INFO - chord#: 32 In build_straw_man_chord_sa. tolerance = 1, sa_iterations = 1000, initial_temperature = 3.0, cooling_rate = 0.999
26 - INFO - chord#: 28 done. best_score=27.0, changed=530, unchanged=505, early_stops=8/8
26 - INFO - chord#: 32 In build_straw_man_chord_sa. tolerance = 1, sa_iterations = 1000, initial_temperature = 3.0, cooling_rate = 0.999
26 - INFO - chord#: 28 done. best_score=27.0, changed=525, unchanged=447, early_stops=8/8
26 - INFO - chord#: 32 In build_straw_man_chord_sa. tolerance = 1, sa_iterations = 1000, initial_temperature = 3.0, cooling_rate = 0.999
26 - INFO - chord#: 32 done. best_score=27.0, changed=517, unchanged=384, early_stops=8/8
26 - INFO - chord#: 36 In build_straw_man_chord_sa. tolerance = 1, sa_iterations = 1000, initial_temperature = 3.0, cooling_rate = 0.999
26 - INFO - chord#: 18 done. best_score=137.0, changed=615, unchanged=342, early_stops=8/8
26 - INFO - chord#: 20 In build_straw_man_chord_sa. tolerance = 1, sa_iterations = 1000, initial_temperature = 3.0, cooling_rate = 0.999
26 - INFO - chord#: 28 done. best_score=27.0, changed=522, unchanged=351, early_stops=8/8
26 - INFO - chord#: 32 In build_straw_man_chord_sa. tolerance = 1, sa_iterations = 1000, initial_temperature = 3.0, cooling_rate = 0.999
26 - INFO - chord#: 20 done. best_score=27.0, changed=511, unchanged=317, early_stops=8/8
26 - INFO - chord#: 28 In build_straw_man_chord_sa. tolerance = 1, sa_iterations = 1000, initial_temperature = 3.0, cooling_rate = 0.999
26 - INFO - chord#: 20 done. best_score=27.0, changed=520, unchanged=390, early_stops=8/8
26 - INFO - chord#: 28 In build_straw_man_chord_sa. tolerance = 1, sa_iterations = 1000, initial_temperature = 3.0, cooling_rate = 0.999
26 - INFO - chord#: 20 done. best_score=27.0, changed=532, unchanged=366, early_stops=8/8
26 - INFO - chord#: 28 In build_straw_man_chord_sa. tolerance = 1, sa_iterations = 1000, initial_temperature = 3.0, cooling_rate = 0.999
26 - INFO - chord#: 38 done. best_score=27.0, changed=521, unchanged=319, early_stops=8/8
26 - INFO - chord#: 40 In build_straw_man_chord_sa. tolerance = 1, sa_iterations = 1000, initial_temperature = 3.0, cooling_rate = 0.999
26 - INFO - chord#: 32 done. best_score=27.0, changed=525, unchanged=470, early_stops=8/8
26 - INFO - chord#: 36 In build_straw_man_chord_sa. tolerance = 1, sa_iterations = 1000, initial_temperature = 3.0, cooling_rate = 0.999
26 - INFO - chord#: 32 done. best_score=27.0, changed=529, unchanged=357, early_stops=8/8
26 - INFO - chord#: 36 In build_straw_man_chord_sa. tolerance = 1, sa_iterations = 1000, initial_temperature = 3.0, cooling_rate = 0.999
26 - INFO - chord#: 36 done. best_score=27.0, changed=526, unchanged=444, early_stops=8/8
26 - INFO - chord#: 38 In build_straw_man_chord_sa. tolerance = 1, sa_iterations = 1000, initial_temperature = 3.0, cooling_rate = 0.999
26 - INFO - chord#: 18 done. best_score=137.0, changed=612, unchanged=349, early_stops=8/8
26 - INFO - chord#: 20 In build_straw_man_chord_sa. tolerance = 1, sa_iterations = 1000, initial_temperature = 3.0, cooling_rate = 0.999
26 - INFO - chord#: 32 done. best_score=27.0, changed=523, unchanged=398, early_stops=8/8
26 - INFO - chord#: 36 In build_straw_man_chord_sa. tolerance = 1, sa_iterations = 1000, initial_temperature = 3.0, cooling_rate = 0.999
26 - INFO - chord#: 32 done. best_score=27.0, changed=518, unchanged=392, early_stops=8/8
26 - INFO - chord#: 36 In build_straw_man_chord_sa. tolerance = 1, sa_iterations = 1000, initial_temperature = 3.0, cooling_rate = 0.999
26 - INFO - chord#: 20 done. best_score=27.0, changed=525, unchanged=381, early_stops=8/8
26 - INFO - chord#: 28 In build_straw_man_chord_sa. tolerance = 1, sa_iterations = 1000, initial_temperature = 3.0, cooling_rate = 0.999
26 - INFO - chord#: 32 done. best_score=27.0, changed=527, unchanged=420, early_stops=8/8
26 - INFO - chord#: 36 In build_straw_man_chord_sa. tolerance = 1, sa_iterations = 1000, initial_temperature = 3.0, cooling_rate = 0.999
26 - INFO - chord#: 40 done. best_score=35.0, changed=518, unchanged=313, early_stops=8/8
26 - INFO - chord#: 42 In build_straw_man_chord_sa. tolerance = 1, sa_iterations = 1000, initial_temperature = 3.0, cooling_rate = 0.999
26 - INFO - chord#: 36 done. best_score=27.0, changed=525, unchanged=379, early_stops=8/8
26 - INFO - chord#: 38 In build_straw_man_chord_sa. tolerance = 1, sa_iterations = 1000, initial_temperature = 3.0, cooling_rate = 0.999
26 - INFO - chord#: 36 done. best_score=27.0, changed=525, unchanged=378, early_stops=8/8
26 - INFO - chord#: 38 In build_straw_man_chord_sa. tolerance = 1, sa_iterations = 1000, initial_temperature = 3.0, cooling_rate = 0.999
26 - INFO - chord#: 28 done. best_score=27.0, changed=521, unchanged=441, early_stops=8/8
26 - INFO - chord#: 32 In build_straw_man_chord_sa. tolerance = 1, sa_iterations = 1000, initial_temperature = 3.0, cooling_rate = 0.999
26 - INFO - chord#: 28 done. best_score=27.0, changed=520, unchanged=345, early_stops=8/8
26 - INFO - chord#: 32 In build_straw_man_chord_sa. tolerance = 1, sa_iterations = 1000, initial_temperature = 3.0, cooling_rate = 0.999
26 - INFO - chord#: 36 done. best_score=27.0, changed=518, unchanged=312, early_stops=8/8
26 - INFO - chord#: 38 In build_straw_man_chord_sa. tolerance = 1, sa_iterations = 1000, initial_temperature = 3.0, cooling_rate = 0.999
26 - INFO - chord#: 28 done. best_score=27.0, changed=522, unchanged=441, early_stops=8/8
26 - INFO - chord#: 32 In build_straw_man_chord_sa. tolerance = 1, sa_iterations = 1000, initial_temperature = 3.0, cooling_rate = 0.999
26 - INFO - chord#: 38 done. best_score=27.0, changed=519, unchanged=386, early_stops=8/8
26 - INFO - chord#: 40 In build_straw_man_chord_sa. tolerance = 1, sa_iterations = 1000, initial_temperature = 3.0, cooling_rate = 0.999
26 - INFO - chord#: 20 done. best_score=27.0, changed=529, unchanged=362, early_stops=8/8
26 - INFO - chord#: 28 In build_straw_man_chord_sa. tolerance = 1, sa_iterations = 1000, initial_temperature = 3.0, cooling_rate = 0.999
26 - INFO - chord#: 36 done. best_score=27.0, changed=526, unchanged=368, early_stops=8/8
26 - INFO - chord#: 38 In build_straw_man_chord_sa. tolerance = 1, sa_iterations = 1000, initial_temperature = 3.0, cooling_rate = 0.999
26 - INFO - chord#: 42 done. best_score=36.0, changed=522, unchanged=312, early_stops=8/8
26 - INFO - chord#: 44 In build_straw_man_chord_sa. tolerance = 1, sa_iterations = 1000, initial_temperature = 3.0, cooling_rate = 0.999
26 - INFO - chord#: 36 done. best_score=27.0, changed=527, unchanged=570, early_stops=8/8
26 - INFO - chord#: 38 In build_straw_man_chord_sa. tolerance = 1, sa_iterations = 1000, initial_temperature = 3.0, cooling_rate = 0.999
26 - INFO - chord#: 28 done. best_score=27.0, changed=526, unchanged=477, early_stops=8/8
26 - INFO - chord#: 32 In build_straw_man_chord_sa. tolerance = 1, sa_iterations = 1000, initial_temperature = 3.0, cooling_rate = 0.999
26 - INFO - chord#: 38 done. best_score=27.0, changed=533, unchanged=454, early_stops=8/8
26 - INFO - chord#: 40 In build_straw_man_chord_sa. tolerance = 1, sa_iterations = 1000, initial_temperature = 3.0, cooling_rate = 0.999
26 - INFO - chord#: 38 done. best_score=27.0, changed=527, unchanged=321, early_stops=8/8
26 - INFO - chord#: 40 In build_straw_man_chord_sa. tolerance = 1, sa_iterations = 1000, initial_temperature = 3.0, cooling_rate = 0.999
26 - INFO - chord#: 40 done. best_score=35.0, changed=526, unchanged=361, early_stops=8/8
26 - INFO - chord#: 42 In build_straw_man_chord_sa. tolerance = 1, sa_iterations = 1000, initial_temperature = 3.0, cooling_rate = 0.999
26 - INFO - chord#: 38 done. best_score=27.0, changed=520, unchanged=415, early_stops=8/8
26 - INFO - chord#: 40 In build_straw_man_chord_sa. tolerance = 1, sa_iterations = 1000, initial_temperature = 3.0, cooling_rate = 0.999
26 - INFO - chord#: 32 done. best_score=27.0, changed=517, unchanged=331, early_stops=8/8
26 - INFO - chord#: 36 In build_straw_man_chord_sa. tolerance = 1, sa_iterations = 1000, initial_temperature = 3.0, cooling_rate = 0.999
26 - INFO - chord#: 32 done. best_score=27.0, changed=517, unchanged=372, early_stops=8/8
26 - INFO - chord#: 36 In build_straw_man_chord_sa. tolerance = 1, sa_iterations = 1000, initial_temperature = 3.0, cooling_rate = 0.999
26 - INFO - chord#: 32 done. best_score=27.0, changed=521, unchanged=327, early_stops=8/8
26 - INFO - chord#: 36 In build_straw_man_chord_sa. tolerance = 1, sa_iterations = 1000, initial_temperature = 3.0, cooling_rate = 0.999
26 - INFO - chord#: 44 done. best_score=31.0, changed=526, unchanged=309, early_stops=8/8
26 - INFO - chord#: 46 In build_straw_man_chord_sa. tolerance = 1, sa_iterations = 1000, initial_temperature = 3.0, cooling_rate = 0.999
26 - INFO - chord#: 28 done. best_score=27.0, changed=519, unchanged=364, early_stops=8/8
26 - INFO - chord#: 32 In build_straw_man_chord_sa. tolerance = 1, sa_iterations = 1000, initial_temperature = 3.0, cooling_rate = 0.999
26 - INFO - chord#: 38 done. best_score=27.0, changed=514, unchanged=316, early_stops=8/8
26 - INFO - chord#: 40 In build_straw_man_chord_sa. tolerance = 1, sa_iterations = 1000, initial_temperature = 3.0, cooling_rate = 0.999
26 - INFO - chord#: 40 done. best_score=35.0, changed=519, unchanged=434, early_stops=8/8
26 - INFO - chord#: 40 done. best_score=35.0, changed=516, unchanged=338, early_stops=8/8
26 - INFO - chord#: 42 In build_straw_man_chord_sa. tolerance = 1, sa_iterations = 1000, initial_temperature = 3.0, cooling_rate = 0.999
26 - INFO - chord#: 42 In build_straw_man_chord_sa. tolerance = 1, sa_iterations = 1000, initial_temperature = 3.0, cooling_rate = 0.999
26 - INFO - chord#: 38 done. best_score=27.0, changed=525, unchanged=431, early_stops=8/8
26 - INFO - chord#: 40 In build_straw_man_chord_sa. tolerance = 1, sa_iterations = 1000, initial_temperature = 3.0, cooling_rate = 0.999
26 - INFO - chord#: 42 done. best_score=36.0, changed=521, unchanged=345, early_stops=8/8
26 - INFO - chord#: 44 In build_straw_man_chord_sa. tolerance = 1, sa_iterations = 1000, initial_temperature = 3.0, cooling_rate = 0.999
26 - INFO - chord#: 32 done. best_score=27.0, changed=514, unchanged=380, early_stops=8/8
26 - INFO - chord#: 36 In build_straw_man_chord_sa. tolerance = 1, sa_iterations = 1000, initial_temperature = 3.0, cooling_rate = 0.999
26 - INFO - chord#: 40 done. best_score=35.0, changed=521, unchanged=416, early_stops=8/8
26 - INFO - chord#: 42 In build_straw_man_chord_sa. tolerance = 1, sa_iterations = 1000, initial_temperature = 3.0, cooling_rate = 0.999
26 - INFO - chord#: 46 done. best_score=27.0, changed=516, unchanged=299, early_stops=8/8
26 - INFO - chord#: 47 In build_straw_man_chord_sa. tolerance = 1, sa_iterations = 1000, initial_temperature = 3.0, cooling_rate = 0.999
26 - INFO - chord#: 36 done. best_score=27.0, changed=518, unchanged=301, early_stops=8/8
26 - INFO - chord#: 38 In build_straw_man_chord_sa. tolerance = 1, sa_iterations = 1000, initial_temperature = 3.0, cooling_rate = 0.999
26 - INFO - chord#: 36 done. best_score=27.0, changed=519, unchanged=381, early_stops=8/8
26 - INFO - chord#: 38 In build_straw_man_chord_sa. tolerance = 1, sa_iterations = 1000, initial_temperature = 3.0, cooling_rate = 0.999
26 - INFO - chord#: 36 done. best_score=27.0, changed=527, unchanged=415, early_stops=8/8
26 - INFO - chord#: 38 In build_straw_man_chord_sa. tolerance = 1, sa_iterations = 1000, initial_temperature = 3.0, cooling_rate = 0.999
26 - INFO - chord#: 32 done. best_score=27.0, changed=516, unchanged=357, early_stops=8/8
26 - INFO - chord#: 40 done. best_score=35.0, changed=521, unchanged=358, early_stops=8/8
26 - INFO - chord#: 42 In build_straw_man_chord_sa. tolerance = 1, sa_iterations = 1000, initial_temperature = 3.0, cooling_rate = 0.999
26 - INFO - chord#: 36 In build_straw_man_chord_sa. tolerance = 1, sa_iterations = 1000, initial_temperature = 3.0, cooling_rate = 0.999
26 - INFO - chord#: 44 done. best_score=58.0, changed=614, unchanged=214, early_stops=8/8
26 - INFO - chord#: 46 In build_straw_man_chord_sa. tolerance = 1, sa_iterations = 1000, initial_temperature = 3.0, cooling_rate = 0.999
26 - INFO - chord#: 42 done. best_score=36.0, changed=529, unchanged=336, early_stops=8/8
26 - INFO - chord#: 44 In build_straw_man_chord_sa. tolerance = 1, sa_iterations = 1000, initial_temperature = 3.0, cooling_rate = 0.999
26 - INFO - chord#: 42 done. best_score=36.0, changed=522, unchanged=378, early_stops=8/8
26 - INFO - chord#: 44 In build_straw_man_chord_sa. tolerance = 1, sa_iterations = 1000, initial_temperature = 3.0, cooling_rate = 0.999
26 - INFO - chord#: 40 done. best_score=35.0, changed=522, unchanged=469, early_stops=8/8
26 - INFO - chord#: 42 In build_straw_man_chord_sa. tolerance = 1, sa_iterations = 1000, initial_temperature = 3.0, cooling_rate = 0.999
26 - INFO - chord#: 42 done. best_score=27.0, changed=533, unchanged=391, early_stops=8/8
26 - INFO - chord#: 44 In build_straw_man_chord_sa. tolerance = 1, sa_iterations = 1000, initial_temperature = 3.0, cooling_rate = 0.999
26 - INFO - chord#: 36 done. best_score=27.0, changed=526, unchanged=461, early_stops=8/8
26 - INFO - chord#: 38 In build_straw_man_chord_sa. tolerance = 1, sa_iterations = 1000, initial_temperature = 3.0, cooling_rate = 0.999
26 - INFO - chord#: 38 done. best_score=27.0, changed=525, unchanged=380, early_stops=8/8
26 - INFO - chord#: 40 In build_straw_man_chord_sa. tolerance = 1, sa_iterations = 1000, initial_temperature = 3.0, cooling_rate = 0.999
26 - INFO - chord#: 44 done. best_score=31.0, changed=530, unchanged=311, early_stops=8/8
26 - INFO - chord#: 46 In build_straw_man_chord_sa. tolerance = 1, sa_iterations = 1000, initial_temperature = 3.0, cooling_rate = 0.999
26 - INFO - chord#: 44 done. best_score=58.0, changed=576, unchanged=276, early_stops=8/8
26 - INFO - chord#: 46 In build_straw_man_chord_sa. tolerance = 1, sa_iterations = 1000, initial_temperature = 3.0, cooling_rate = 0.999
26 - INFO - chord#: 38 done. best_score=27.0, changed=528, unchanged=413, early_stops=8/8
26 - INFO - chord#: 40 In build_straw_man_chord_sa. tolerance = 1, sa_iterations = 1000, initial_temperature = 3.0, cooling_rate = 0.999
26 - INFO - chord#: 46 done. best_score=27.0, changed=516, unchanged=343, early_stops=8/8
26 - INFO - chord#: 47 In build_straw_man_chord_sa. tolerance = 1, sa_iterations = 1000, initial_temperature = 3.0, cooling_rate = 0.999
26 - INFO - chord#: 38 done. best_score=27.0, changed=522, unchanged=357, early_stops=8/8
26 - INFO - chord#: 40 In build_straw_man_chord_sa. tolerance = 1, sa_iterations = 1000, initial_temperature = 3.0, cooling_rate = 0.999
26 - INFO - chord#: 36 done. best_score=27.0, changed=522, unchanged=459, early_stops=8/8
26 - INFO - chord#: 38 In build_straw_man_chord_sa. tolerance = 1, sa_iterations = 1000, initial_temperature = 3.0, cooling_rate = 0.999
26 - INFO - chord#: 42 done. best_score=36.0, changed=523, unchanged=339, early_stops=8/8
26 - INFO - chord#: 44 In build_straw_man_chord_sa. tolerance = 1, sa_iterations = 1000, initial_temperature = 3.0, cooling_rate = 0.999
26 - INFO - chord#: 42 done. best_score=36.0, changed=532, unchanged=453, early_stops=8/8
26 - INFO - chord#: 44 In build_straw_man_chord_sa. tolerance = 1, sa_iterations = 1000, initial_temperature = 3.0, cooling_rate = 0.999
26 - INFO - chord#: 44 done. best_score=31.0, changed=516, unchanged=332, early_stops=8/8
26 - INFO - chord#: 46 In build_straw_man_chord_sa. tolerance = 1, sa_iterations = 1000, initial_temperature = 3.0, cooling_rate = 0.999
26 - INFO - chord#: 47 done. best_score=67.0, changed=606, unchanged=224, early_stops=8/8
26 - INFO - chord#: 48 In build_straw_man_chord_sa. tolerance = 1, sa_iterations = 1000, initial_temperature = 3.0, cooling_rate = 0.999
26 - INFO - chord#: 38 done. best_score=27.0, changed=521, unchanged=361, early_stops=8/8
26 - INFO - chord#: 40 In build_straw_man_chord_sa. tolerance = 1, sa_iterations = 1000, initial_temperature = 3.0, cooling_rate = 0.999
26 - INFO - chord#: 46 done. best_score=27.0, changed=535, unchanged=460, early_stops=8/8
26 - INFO - chord#: 47 In build_straw_man_chord_sa. tolerance = 1, sa_iterations = 1000, initial_temperature = 3.0, cooling_rate = 0.999
26 - INFO - chord#: 46 done. best_score=27.0, changed=526, unchanged=403, early_stops=8/8
26 - INFO - chord#: 47 In build_straw_man_chord_sa. tolerance = 1, sa_iterations = 1000, initial_temperature = 3.0, cooling_rate = 0.999
26 - INFO - chord#: 40 done. best_score=35.0, changed=516, unchanged=406, early_stops=8/8
26 - INFO - chord#: 42 In build_straw_man_chord_sa. tolerance = 1, sa_iterations = 1000, initial_temperature = 3.0, cooling_rate = 0.999
26 - INFO - chord#: 40 done. best_score=35.0, changed=514, unchanged=394, early_stops=8/8
26 - INFO - chord#: 42 In build_straw_man_chord_sa. tolerance = 1, sa_iterations = 1000, initial_temperature = 3.0, cooling_rate = 0.999
26 - INFO - chord#: 48 done. best_score=27.0, changed=522, unchanged=357, early_stops=8/8
26 - INFO - chord#: 56 In build_straw_man_chord_sa. tolerance = 1, sa_iterations = 1000, initial_temperature = 3.0, cooling_rate = 0.999
26 - INFO - chord#: 44 done. best_score=31.0, changed=554, unchanged=387, early_stops=8/8
26 - INFO - chord#: 46 In build_straw_man_chord_sa. tolerance = 1, sa_iterations = 1000, initial_temperature = 3.0, cooling_rate = 0.999
26 - INFO - chord#: 44 done. best_score=31.0, changed=537, unchanged=310, early_stops=8/8
26 - INFO - chord#: 46 In build_straw_man_chord_sa. tolerance = 1, sa_iterations = 1000, initial_temperature = 3.0, cooling_rate = 0.999
26 - INFO - chord#: 40 done. best_score=35.0, changed=523, unchanged=460, early_stops=8/8
26 - INFO - chord#: 42 In build_straw_man_chord_sa. tolerance = 1, sa_iterations = 1000, initial_temperature = 3.0, cooling_rate = 0.999
26 - INFO - chord#: 46 done. best_score=27.0, changed=523, unchanged=422, early_stops=8/8
26 - INFO - chord#: 47 In build_straw_man_chord_sa. tolerance = 1, sa_iterations = 1000, initial_temperature = 3.0, cooling_rate = 0.999
26 - INFO - chord#: 38 done. best_score=27.0, changed=534, unchanged=391, early_stops=8/8
26 - INFO - chord#: 40 In build_straw_man_chord_sa. tolerance = 1, sa_iterations = 1000, initial_temperature = 3.0, cooling_rate = 0.999
26 - INFO - chord#: 42 done. best_score=36.0, changed=532, unchanged=285, early_stops=8/8
26 - INFO - chord#: 44 In build_straw_man_chord_sa. tolerance = 1, sa_iterations = 1000, initial_temperature = 3.0, cooling_rate = 0.999
26 - INFO - chord#: 40 done. best_score=35.0, changed=515, unchanged=314, early_stops=8/8
26 - INFO - chord#: 42 In build_straw_man_chord_sa. tolerance = 1, sa_iterations = 1000, initial_temperature = 3.0, cooling_rate = 0.999
26 - INFO - chord#: 56 done. best_score=27.0, changed=525, unchanged=347, early_stops=8/8
26 - INFO - chord#: 60 In build_straw_man_chord_sa. tolerance = 1, sa_iterations = 1000, initial_temperature = 3.0, cooling_rate = 0.999
26 - INFO - chord#: 46 done. best_score=27.0, changed=525, unchanged=385, early_stops=8/8
26 - INFO - chord#: 47 In build_straw_man_chord_sa. tolerance = 1, sa_iterations = 1000, initial_temperature = 3.0, cooling_rate = 0.999
26 - INFO - chord#: 42 done. best_score=36.0, changed=524, unchanged=337, early_stops=8/8
26 - INFO - chord#: 44 In build_straw_man_chord_sa. tolerance = 1, sa_iterations = 1000, initial_temperature = 3.0, cooling_rate = 0.999
26 - INFO - chord#: 46 done. best_score=27.0, changed=520, unchanged=455, early_stops=8/8
26 - INFO - chord#: 47 In build_straw_man_chord_sa. tolerance = 1, sa_iterations = 1000, initial_temperature = 3.0, cooling_rate = 0.999
26 - INFO - chord#: 42 done. best_score=36.0, changed=528, unchanged=353, early_stops=8/8
26 - INFO - chord#: 44 In build_straw_man_chord_sa. tolerance = 1, sa_iterations = 1000, initial_temperature = 3.0, cooling_rate = 0.999
26 - INFO - chord#: 44 done. best_score=31.0, changed=547, unchanged=311, early_stops=8/8
26 - INFO - chord#: 46 In build_straw_man_chord_sa. tolerance = 1, sa_iterations = 1000, initial_temperature = 3.0, cooling_rate = 0.999
26 - INFO - chord#: 40 done. best_score=35.0, changed=523, unchanged=420, early_stops=8/8
26 - INFO - chord#: 42 In build_straw_man_chord_sa. tolerance = 1, sa_iterations = 1000, initial_temperature = 3.0, cooling_rate = 0.999
26 - INFO - chord#: 47 done. best_score=137.0, changed=614, unchanged=401, early_stops=8/8
26 - INFO - chord#: 48 In build_straw_man_chord_sa. tolerance = 1, sa_iterations = 1000, initial_temperature = 3.0, cooling_rate = 0.999
26 - INFO - chord#: 60 done. best_score=27.0, changed=517, unchanged=300, early_stops=8/8
26 - INFO - chord#: 64 In build_straw_man_chord_sa. tolerance = 1, sa_iterations = 1000, initial_temperature = 3.0, cooling_rate = 0.999
26 - INFO - chord#: 47 done. best_score=96.0, changed=608, unchanged=333, early_stops=8/8
26 - INFO - chord#: 48 In build_straw_man_chord_sa. tolerance = 1, sa_iterations = 1000, initial_temperature = 3.0, cooling_rate = 0.999
26 - INFO - chord#: 47 done. best_score=96.0, changed=615, unchanged=388, early_stops=8/8
26 - INFO - chord#: 48 In build_straw_man_chord_sa. tolerance = 1, sa_iterations = 1000, initial_temperature = 3.0, cooling_rate = 0.999
26 - INFO - chord#: 42 done. best_score=36.0, changed=524, unchanged=357, early_stops=8/8
26 - INFO - chord#: 44 In build_straw_man_chord_sa. tolerance = 1, sa_iterations = 1000, initial_temperature = 3.0, cooling_rate = 0.999
26 - INFO - chord#: 44 done. best_score=31.0, changed=557, unchanged=250, early_stops=8/8
26 - INFO - chord#: 46 In build_straw_man_chord_sa. tolerance = 1, sa_iterations = 1000, initial_temperature = 3.0, cooling_rate = 0.999
26 - INFO - chord#: 44 done. best_score=31.0, changed=534, unchanged=405, early_stops=8/8
26 - INFO - chord#: 46 In build_straw_man_chord_sa. tolerance = 1, sa_iterations = 1000, initial_temperature = 3.0, cooling_rate = 0.999
26 - INFO - chord#: 46 done. best_score=27.0, changed=523, unchanged=447, early_stops=8/8
26 - INFO - chord#: 47 In build_straw_man_chord_sa. tolerance = 1, sa_iterations = 1000, initial_temperature = 3.0, cooling_rate = 0.999
26 - INFO - chord#: 42 done. best_score=36.0, changed=528, unchanged=306, early_stops=8/8
26 - INFO - chord#: 44 In build_straw_man_chord_sa. tolerance = 1, sa_iterations = 1000, initial_temperature = 3.0, cooling_rate = 0.999
26 - INFO - chord#: 64 done. best_score=27.0, changed=521, unchanged=369, early_stops=8/8
26 - INFO - chord#: 68 In build_straw_man_chord_sa. tolerance = 1, sa_iterations = 1000, initial_temperature = 3.0, cooling_rate = 0.999
26 - INFO - chord#: 48 done. best_score=27.0, changed=520, unchanged=340, early_stops=8/8
26 - INFO - chord#: 56 In build_straw_man_chord_sa. tolerance = 1, sa_iterations = 1000, initial_temperature = 3.0, cooling_rate = 0.999
26 - INFO - chord#: 48 done. best_score=27.0, changed=516, unchanged=332, early_stops=8/8
26 - INFO - chord#: 56 In build_straw_man_chord_sa. tolerance = 1, sa_iterations = 1000, initial_temperature = 3.0, cooling_rate = 0.999
26 - INFO - chord#: 48 done. best_score=27.0, changed=519, unchanged=368, early_stops=8/8
26 - INFO - chord#: 56 In build_straw_man_chord_sa. tolerance = 1, sa_iterations = 1000, initial_temperature = 3.0, cooling_rate = 0.999
26 - INFO - chord#: 47 done. best_score=96.0, changed=613, unchanged=264, early_stops=8/8
26 - INFO - chord#: 48 In build_straw_man_chord_sa. tolerance = 1, sa_iterations = 1000, initial_temperature = 3.0, cooling_rate = 0.999
26 - INFO - chord#: 44 done. best_score=58.0, changed=541, unchanged=310, early_stops=8/8
26 - INFO - chord#: 46 In build_straw_man_chord_sa. tolerance = 1, sa_iterations = 1000, initial_temperature = 3.0, cooling_rate = 0.999
26 - INFO - chord#: 46 done. best_score=27.0, changed=522, unchanged=324, early_stops=8/8
26 - INFO - chord#: 47 In build_straw_man_chord_sa. tolerance = 1, sa_iterations = 1000, initial_temperature = 3.0, cooling_rate = 0.999
26 - INFO - chord#: 46 done. best_score=27.0, changed=523, unchanged=499, early_stops=8/8
26 - INFO - chord#: 47 In build_straw_man_chord_sa. tolerance = 1, sa_iterations = 1000, initial_temperature = 3.0, cooling_rate = 0.999
26 - INFO - chord#: 68 done. best_score=35.0, changed=526, unchanged=390, early_stops=8/8
26 - INFO - chord#: 70 In build_straw_man_chord_sa. tolerance = 1, sa_iterations = 1000, initial_temperature = 3.0, cooling_rate = 0.999
26 - INFO - chord#: 44 done. best_score=31.0, changed=579, unchanged=278, early_stops=8/8
26 - INFO - chord#: 46 In build_straw_man_chord_sa. tolerance = 1, sa_iterations = 1000, initial_temperature = 3.0, cooling_rate = 0.999
26 - INFO - chord#: 56 done. best_score=27.0, changed=531, unchanged=402, early_stops=8/8
26 - INFO - chord#: 60 In build_straw_man_chord_sa. tolerance = 1, sa_iterations = 1000, initial_temperature = 3.0, cooling_rate = 0.999
26 - INFO - chord#: 47 done. best_score=167.0, changed=616, unchanged=375, early_stops=8/8
26 - INFO - chord#: 48 In build_straw_man_chord_sa. tolerance = 1, sa_iterations = 1000, initial_temperature = 3.0, cooling_rate = 0.999
26 - INFO - chord#: 47 done. best_score=67.0, changed=611, unchanged=319, early_stops=8/8
26 - INFO - chord#: 48 In build_straw_man_chord_sa. tolerance = 1, sa_iterations = 1000, initial_temperature = 3.0, cooling_rate = 0.999
26 - INFO - chord#: 56 done. best_score=27.0, changed=522, unchanged=384, early_stops=8/8
26 - INFO - chord#: 60 In build_straw_man_chord_sa. tolerance = 1, sa_iterations = 1000, initial_temperature = 3.0, cooling_rate = 0.999
26 - INFO - chord#: 56 done. best_score=27.0, changed=524, unchanged=454, early_stops=8/8
26 - INFO - chord#: 60 In build_straw_man_chord_sa. tolerance = 1, sa_iterations = 1000, initial_temperature = 3.0, cooling_rate = 0.999
26 - INFO - chord#: 48 done. best_score=27.0, changed=523, unchanged=328, early_stops=8/8
26 - INFO - chord#: 56 In build_straw_man_chord_sa. tolerance = 1, sa_iterations = 1000, initial_temperature = 3.0, cooling_rate = 0.999
26 - INFO - chord#: 46 done. best_score=58.0, changed=532, unchanged=443, early_stops=8/8
26 - INFO - chord#: 47 In build_straw_man_chord_sa. tolerance = 1, sa_iterations = 1000, initial_temperature = 3.0, cooling_rate = 0.999
26 - INFO - chord#: 60 done. best_score=27.0, changed=529, unchanged=381, early_stops=8/8
26 - INFO - chord#: 64 In build_straw_man_chord_sa. tolerance = 1, sa_iterations = 1000, initial_temperature = 3.0, cooling_rate = 0.999
26 - INFO - chord#: 48 done. best_score=27.0, changed=522, unchanged=482, early_stops=8/8
26 - INFO - chord#: 56 In build_straw_man_chord_sa. tolerance = 1, sa_iterations = 1000, initial_temperature = 3.0, cooling_rate = 0.999
26 - INFO - chord#: 70 done. best_score=36.0, changed=522, unchanged=447, early_stops=8/8
26 - INFO - chord#: 72 In build_straw_man_chord_sa. tolerance = 1, sa_iterations = 1000, initial_temperature = 3.0, cooling_rate = 0.999
26 - INFO - chord#: 60 done. best_score=27.0, changed=517, unchanged=331, early_stops=8/8
26 - INFO - chord#: 64 In build_straw_man_chord_sa. tolerance = 1, sa_iterations = 1000, initial_temperature = 3.0, cooling_rate = 0.999
26 - INFO - chord#: 60 done. best_score=27.0, changed=523, unchanged=371, early_stops=8/8
26 - INFO - chord#: 64 In build_straw_man_chord_sa. tolerance = 1, sa_iterations = 1000, initial_temperature = 3.0, cooling_rate = 0.999
26 - INFO - chord#: 46 done. best_score=27.0, changed=522, unchanged=449, early_stops=8/8
26 - INFO - chord#: 47 In build_straw_man_chord_sa. tolerance = 1, sa_iterations = 1000, initial_temperature = 3.0, cooling_rate = 0.999
26 - INFO - chord#: 47 done. best_score=145.0, changed=612, unchanged=386, early_stops=8/8
26 - INFO - chord#: 48 In build_straw_man_chord_sa. tolerance = 1, sa_iterations = 1000, initial_temperature = 3.0, cooling_rate = 0.999
26 - INFO - chord#: 48 done. best_score=27.0, changed=525, unchanged=482, early_stops=8/8
26 - INFO - chord#: 56 In build_straw_man_chord_sa. tolerance = 1, sa_iterations = 1000, initial_temperature = 3.0, cooling_rate = 0.999
26 - INFO - chord#: 56 done. best_score=27.0, changed=529, unchanged=435, early_stops=8/8
26 - INFO - chord#: 60 In build_straw_man_chord_sa. tolerance = 1, sa_iterations = 1000, initial_temperature = 3.0, cooling_rate = 0.999
26 - INFO - chord#: 64 done. best_score=27.0, changed=521, unchanged=361, early_stops=8/8
26 - INFO - chord#: 68 In build_straw_man_chord_sa. tolerance = 1, sa_iterations = 1000, initial_temperature = 3.0, cooling_rate = 0.999
26 - INFO - chord#: 56 done. best_score=27.0, changed=522, unchanged=344, early_stops=8/8
26 - INFO - chord#: 60 In build_straw_man_chord_sa. tolerance = 1, sa_iterations = 1000, initial_temperature = 3.0, cooling_rate = 0.999
26 - INFO - chord#: 64 done. best_score=27.0, changed=534, unchanged=347, early_stops=8/8
26 - INFO - chord#: 68 In build_straw_man_chord_sa. tolerance = 1, sa_iterations = 1000, initial_temperature = 3.0, cooling_rate = 0.999
26 - INFO - chord#: 64 done. best_score=27.0, changed=530, unchanged=338, early_stops=8/8
26 - INFO - chord#: 68 In build_straw_man_chord_sa. tolerance = 1, sa_iterations = 1000, initial_temperature = 3.0, cooling_rate = 0.999
26 - INFO - chord#: 72 done. best_score=27.0, changed=525, unchanged=466, early_stops=8/8
26 - INFO - chord#: 74 In build_straw_man_chord_sa. tolerance = 1, sa_iterations = 1000, initial_temperature = 3.0, cooling_rate = 0.999
26 - INFO - chord#: 48 done. best_score=27.0, changed=520, unchanged=375, early_stops=8/8
26 - INFO - chord#: 56 In build_straw_man_chord_sa. tolerance = 1, sa_iterations = 1000, initial_temperature = 3.0, cooling_rate = 0.999
26 - INFO - chord#: 47 done. best_score=67.0, changed=609, unchanged=246, early_stops=8/8
26 - INFO - chord#: 48 In build_straw_man_chord_sa. tolerance = 1, sa_iterations = 1000, initial_temperature = 3.0, cooling_rate = 0.999
26 - INFO - chord#: 60 done. best_score=27.0, changed=523, unchanged=416, early_stops=8/8
26 - INFO - chord#: 64 In build_straw_man_chord_sa. tolerance = 1, sa_iterations = 1000, initial_temperature = 3.0, cooling_rate = 0.999
26 - INFO - chord#: 56 done. best_score=27.0, changed=526, unchanged=419, early_stops=8/8
26 - INFO - chord#: 60 In build_straw_man_chord_sa. tolerance = 1, sa_iterations = 1000, initial_temperature = 3.0, cooling_rate = 0.999
26 - INFO - chord#: 68 done. best_score=35.0, changed=526, unchanged=390, early_stops=8/8
26 - INFO - chord#: 70 In build_straw_man_chord_sa. tolerance = 1, sa_iterations = 1000, initial_temperature = 3.0, cooling_rate = 0.999
26 - INFO - chord#: 47 done. best_score=160.0, changed=613, unchanged=302, early_stops=8/8
26 - INFO - chord#: 48 In build_straw_man_chord_sa. tolerance = 1, sa_iterations = 1000, initial_temperature = 3.0, cooling_rate = 0.999
26 - INFO - chord#: 60 done. best_score=27.0, changed=522, unchanged=309, early_stops=8/8
26 - INFO - chord#: 64 In build_straw_man_chord_sa. tolerance = 1, sa_iterations = 1000, initial_temperature = 3.0, cooling_rate = 0.999
26 - INFO - chord#: 68 done. best_score=35.0, changed=530, unchanged=410, early_stops=8/8
26 - INFO - chord#: 70 In build_straw_man_chord_sa. tolerance = 1, sa_iterations = 1000, initial_temperature = 3.0, cooling_rate = 0.999
26 - INFO - chord#: 47 done. best_score=67.0, changed=615, unchanged=486, early_stops=8/8
26 - INFO - chord#: 48 In build_straw_man_chord_sa. tolerance = 1, sa_iterations = 1000, initial_temperature = 3.0, cooling_rate = 0.999
26 - INFO - chord#: 68 done. best_score=35.0, changed=527, unchanged=466, early_stops=8/8
26 - INFO - chord#: 70 In build_straw_man_chord_sa. tolerance = 1, sa_iterations = 1000, initial_temperature = 3.0, cooling_rate = 0.999
26 - INFO - chord#: 56 done. best_score=27.0, changed=527, unchanged=315, early_stops=8/8
26 - INFO - chord#: 60 In build_straw_man_chord_sa. tolerance = 1, sa_iterations = 1000, initial_temperature = 3.0, cooling_rate = 0.999
26 - INFO - chord#: 48 done. best_score=27.0, changed=524, unchanged=423, early_stops=8/8
26 - INFO - chord#: 56 In build_straw_man_chord_sa. tolerance = 1, sa_iterations = 1000, initial_temperature = 3.0, cooling_rate = 0.999
26 - INFO - chord#: 64 done. best_score=27.0, changed=521, unchanged=294, early_stops=8/8
26 - INFO - chord#: 68 In build_straw_man_chord_sa. tolerance = 1, sa_iterations = 1000, initial_temperature = 3.0, cooling_rate = 0.999
26 - INFO - chord#: 70 done. best_score=36.0, changed=521, unchanged=314, early_stops=8/8
26 - INFO - chord#: 60 done. best_score=27.0, changed=530, unchanged=353, early_stops=8/8
26 - INFO - chord#: 72 In build_straw_man_chord_sa. tolerance = 1, sa_iterations = 1000, initial_temperature = 3.0, cooling_rate = 0.999
26 - INFO - chord#: 64 In build_straw_man_chord_sa. tolerance = 1, sa_iterations = 1000, initial_temperature = 3.0, cooling_rate = 0.999
26 - INFO - chord#: 48 done. best_score=27.0, changed=527, unchanged=382, early_stops=8/8
26 - INFO - chord#: 56 In build_straw_man_chord_sa. tolerance = 1, sa_iterations = 1000, initial_temperature = 3.0, cooling_rate = 0.999
26 - INFO - chord#: 48 done. best_score=27.0, changed=523, unchanged=368, early_stops=8/8
26 - INFO - chord#: 56 In build_straw_man_chord_sa. tolerance = 1, sa_iterations = 1000, initial_temperature = 3.0, cooling_rate = 0.999
26 - INFO - chord#: 60 done. best_score=27.0, changed=529, unchanged=328, early_stops=8/8
26 - INFO - chord#: 64 In build_straw_man_chord_sa. tolerance = 1, sa_iterations = 1000, initial_temperature = 3.0, cooling_rate = 0.999
26 - INFO - chord#: 70 done. best_score=36.0, changed=531, unchanged=345, early_stops=8/8
26 - INFO - chord#: 72 In build_straw_man_chord_sa. tolerance = 1, sa_iterations = 1000, initial_temperature = 3.0, cooling_rate = 0.999
26 - INFO - chord#: 70 done. best_score=36.0, changed=528, unchanged=329, early_stops=8/8
26 - INFO - chord#: 72 In build_straw_man_chord_sa. tolerance = 1, sa_iterations = 1000, initial_temperature = 3.0, cooling_rate = 0.999
26 - INFO - chord#: 64 done. best_score=27.0, changed=522, unchanged=411, early_stops=8/8
26 - INFO - chord#: 68 In build_straw_man_chord_sa. tolerance = 1, sa_iterations = 1000, initial_temperature = 3.0, cooling_rate = 0.999
26 - INFO - chord#: 74 done. best_score=82.0, changed=609, unchanged=349, early_stops=8/8
26 - INFO - chord#: 76 In build_straw_man_chord_sa. tolerance = 1, sa_iterations = 1000, initial_temperature = 3.0, cooling_rate = 0.999
26 - INFO - chord#: 47 done. best_score=96.0, changed=612, unchanged=447, early_stops=8/8
26 - INFO - chord#: 48 In build_straw_man_chord_sa. tolerance = 1, sa_iterations = 1000, initial_temperature = 3.0, cooling_rate = 0.999
26 - INFO - chord#: 56 done. best_score=27.0, changed=526, unchanged=396, early_stops=8/8
26 - INFO - chord#: 60 In build_straw_man_chord_sa. tolerance = 1, sa_iterations = 1000, initial_temperature = 3.0, cooling_rate = 0.999
26 - INFO - chord#: 56 done. best_score=27.0, changed=530, unchanged=373, early_stops=8/8
26 - INFO - chord#: 60 In build_straw_man_chord_sa. tolerance = 1, sa_iterations = 1000, initial_temperature = 3.0, cooling_rate = 0.999
26 - INFO - chord#: 68 done. best_score=35.0, changed=522, unchanged=345, early_stops=8/8
26 - INFO - chord#: 70 In build_straw_man_chord_sa. tolerance = 1, sa_iterations = 1000, initial_temperature = 3.0, cooling_rate = 0.999
26 - INFO - chord#: 72 done. best_score=27.0, changed=525, unchanged=490, early_stops=8/8
26 - INFO - chord#: 74 In build_straw_man_chord_sa. tolerance = 1, sa_iterations = 1000, initial_temperature = 3.0, cooling_rate = 0.999
26 - INFO - chord#: 64 done. best_score=27.0, changed=527, unchanged=364, early_stops=8/8
26 - INFO - chord#: 68 In build_straw_man_chord_sa. tolerance = 1, sa_iterations = 1000, initial_temperature = 3.0, cooling_rate = 0.999
26 - INFO - chord#: 56 done. best_score=27.0, changed=521, unchanged=444, early_stops=8/8
26 - INFO - chord#: 60 In build_straw_man_chord_sa. tolerance = 1, sa_iterations = 1000, initial_temperature = 3.0, cooling_rate = 0.999
26 - INFO - chord#: 64 done. best_score=27.0, changed=532, unchanged=312, early_stops=8/8
26 - INFO - chord#: 68 In build_straw_man_chord_sa. tolerance = 1, sa_iterations = 1000, initial_temperature = 3.0, cooling_rate = 0.999
26 - INFO - chord#: 72 done. best_score=27.0, changed=526, unchanged=433, early_stops=8/8
26 - INFO - chord#: 74 In build_straw_man_chord_sa. tolerance = 1, sa_iterations = 1000, initial_temperature = 3.0, cooling_rate = 0.999
26 - INFO - chord#: 68 done. best_score=35.0, changed=528, unchanged=415, early_stops=8/8
26 - INFO - chord#: 70 In build_straw_man_chord_sa. tolerance = 1, sa_iterations = 1000, initial_temperature = 3.0, cooling_rate = 0.999
26 - INFO - chord#: 72 done. best_score=27.0, changed=516, unchanged=348, early_stops=8/8
26 - INFO - chord#: 74 In build_straw_man_chord_sa. tolerance = 1, sa_iterations = 1000, initial_temperature = 3.0, cooling_rate = 0.999
26 - INFO - chord#: 76 done. best_score=31.0, changed=520, unchanged=333, early_stops=8/8
26 - INFO - chord#: 80 In build_straw_man_chord_sa. tolerance = 1, sa_iterations = 1000, initial_temperature = 3.0, cooling_rate = 0.999
26 - INFO - chord#: 60 done. best_score=27.0, changed=526, unchanged=335, early_stops=8/8
26 - INFO - chord#: 64 In build_straw_man_chord_sa. tolerance = 1, sa_iterations = 1000, initial_temperature = 3.0, cooling_rate = 0.999
26 - INFO - chord#: 48 done. best_score=27.0, changed=530, unchanged=381, early_stops=8/8
26 - INFO - chord#: 56 In build_straw_man_chord_sa. tolerance = 1, sa_iterations = 1000, initial_temperature = 3.0, cooling_rate = 0.999
26 - INFO - chord#: 68 done. best_score=35.0, changed=523, unchanged=370, early_stops=8/8
26 - INFO - chord#: 70 In build_straw_man_chord_sa. tolerance = 1, sa_iterations = 1000, initial_temperature = 3.0, cooling_rate = 0.999
26 - INFO - chord#: 60 done. best_score=27.0, changed=525, unchanged=384, early_stops=8/8
26 - INFO - chord#: 64 In build_straw_man_chord_sa. tolerance = 1, sa_iterations = 1000, initial_temperature = 3.0, cooling_rate = 0.999
26 - INFO - chord#: 60 done. best_score=27.0, changed=530, unchanged=427, early_stops=8/8
26 - INFO - chord#: 64 In build_straw_man_chord_sa. tolerance = 1, sa_iterations = 1000, initial_temperature = 3.0, cooling_rate = 0.999
26 - INFO - chord#: 70 done. best_score=36.0, changed=528, unchanged=340, early_stops=8/8
26 - INFO - chord#: 72 In build_straw_man_chord_sa. tolerance = 1, sa_iterations = 1000, initial_temperature = 3.0, cooling_rate = 0.999
26 - INFO - chord#: 68 done. best_score=35.0, changed=530, unchanged=486, early_stops=8/8
26 - INFO - chord#: 70 In build_straw_man_chord_sa. tolerance = 1, sa_iterations = 1000, initial_temperature = 3.0, cooling_rate = 0.999
26 - INFO - chord#: 80 done. best_score=27.0, changed=517, unchanged=545, early_stops=8/8
26 - INFO - chord#: 84 In build_straw_man_chord_sa. tolerance = 1, sa_iterations = 1000, initial_temperature = 3.0, cooling_rate = 0.999
26 - INFO - chord#: 70 done. best_score=36.0, changed=525, unchanged=389, early_stops=8/8
26 - INFO - chord#: 72 In build_straw_man_chord_sa. tolerance = 1, sa_iterations = 1000, initial_temperature = 3.0, cooling_rate = 0.999
26 - INFO - chord#: 64 done. best_score=27.0, changed=524, unchanged=324, early_stops=8/8
26 - INFO - chord#: 68 In build_straw_man_chord_sa. tolerance = 1, sa_iterations = 1000, initial_temperature = 3.0, cooling_rate = 0.999
26 - INFO - chord#: 64 done. best_score=27.0, changed=522, unchanged=288, early_stops=8/8
26 - INFO - chord#: 68 In build_straw_man_chord_sa. tolerance = 1, sa_iterations = 1000, initial_temperature = 3.0, cooling_rate = 0.999
26 - INFO - chord#: 74 done. best_score=82.0, changed=608, unchanged=211, early_stops=8/8
26 - INFO - chord#: 76 In build_straw_man_chord_sa. tolerance = 1, sa_iterations = 1000, initial_temperature = 3.0, cooling_rate = 0.999
26 - INFO - chord#: 70 done. best_score=36.0, changed=529, unchanged=450, early_stops=8/8
26 - INFO - chord#: 72 In build_straw_man_chord_sa. tolerance = 1, sa_iterations = 1000, initial_temperature = 3.0, cooling_rate = 0.999
26 - INFO - chord#: 64 done. best_score=27.0, changed=521, unchanged=346, early_stops=8/8
26 - INFO - chord#: 68 In build_straw_man_chord_sa. tolerance = 1, sa_iterations = 1000, initial_temperature = 3.0, cooling_rate = 0.999
26 - INFO - chord#: 56 done. best_score=27.0, changed=522, unchanged=420, early_stops=8/8
26 - INFO - chord#: 60 In build_straw_man_chord_sa. tolerance = 1, sa_iterations = 1000, initial_temperature = 3.0, cooling_rate = 0.999
26 - INFO - chord#: 84 done. best_score=27.0, changed=523, unchanged=485, early_stops=8/8
26 - INFO - chord#: 88 In build_straw_man_chord_sa. tolerance = 1, sa_iterations = 1000, initial_temperature = 3.0, cooling_rate = 0.999
26 - INFO - chord#: 74 done. best_score=82.0, changed=611, unchanged=349, early_stops=8/8
26 - INFO - chord#: 76 In build_straw_man_chord_sa. tolerance = 1, sa_iterations = 1000, initial_temperature = 3.0, cooling_rate = 0.999
26 - INFO - chord#: 68 done. best_score=35.0, changed=521, unchanged=400, early_stops=8/8
26 - INFO - chord#: 70 In build_straw_man_chord_sa. tolerance = 1, sa_iterations = 1000, initial_temperature = 3.0, cooling_rate = 0.999
26 - INFO - chord#: 70 done. best_score=36.0, changed=518, unchanged=382, early_stops=8/8
26 - INFO - chord#: 72 In build_straw_man_chord_sa. tolerance = 1, sa_iterations = 1000, initial_temperature = 3.0, cooling_rate = 0.999
26 - INFO - chord#: 72 done. best_score=27.0, changed=523, unchanged=591, early_stops=8/8
26 - INFO - chord#: 74 In build_straw_man_chord_sa. tolerance = 1, sa_iterations = 1000, initial_temperature = 3.0, cooling_rate = 0.999
26 - INFO - chord#: 68 done. best_score=35.0, changed=530, unchanged=347, early_stops=8/8
26 - INFO - chord#: 70 In build_straw_man_chord_sa. tolerance = 1, sa_iterations = 1000, initial_temperature = 3.0, cooling_rate = 0.999
26 - INFO - chord#: 72 done. best_score=27.0, changed=514, unchanged=330, early_stops=8/8
26 - INFO - chord#: 74 In build_straw_man_chord_sa. tolerance = 1, sa_iterations = 1000, initial_temperature = 3.0, cooling_rate = 0.999
26 - INFO - chord#: 76 done. best_score=31.0, changed=526, unchanged=477, early_stops=8/8
26 - INFO - chord#: 80 In build_straw_man_chord_sa. tolerance = 1, sa_iterations = 1000, initial_temperature = 3.0, cooling_rate = 0.999
26 - INFO - chord#: 72 done. best_score=27.0, changed=524, unchanged=537, early_stops=8/8
26 - INFO - chord#: 74 In build_straw_man_chord_sa. tolerance = 1, sa_iterations = 1000, initial_temperature = 3.0, cooling_rate = 0.999
26 - INFO - chord#: 74 done. best_score=82.0, changed=613, unchanged=297, early_stops=8/8
26 - INFO - chord#: 76 In build_straw_man_chord_sa. tolerance = 1, sa_iterations = 1000, initial_temperature = 3.0, cooling_rate = 0.999
26 - INFO - chord#: 60 done. best_score=27.0, changed=528, unchanged=357, early_stops=8/8
26 - INFO - chord#: 64 In build_straw_man_chord_sa. tolerance = 1, sa_iterations = 1000, initial_temperature = 3.0, cooling_rate = 0.999
26 - INFO - chord#: 68 done. best_score=35.0, changed=530, unchanged=468, early_stops=8/8
26 - INFO - chord#: 70 In build_straw_man_chord_sa. tolerance = 1, sa_iterations = 1000, initial_temperature = 3.0, cooling_rate = 0.999
26 - INFO - chord#: 76 done. best_score=31.0, changed=522, unchanged=332, early_stops=8/8
26 - INFO - chord#: 80 In build_straw_man_chord_sa. tolerance = 1, sa_iterations = 1000, initial_temperature = 3.0, cooling_rate = 0.999
26 - INFO - chord#: 70 done. best_score=36.0, changed=528, unchanged=338, early_stops=8/8
26 - INFO - chord#: 72 In build_straw_man_chord_sa. tolerance = 1, sa_iterations = 1000, initial_temperature = 3.0, cooling_rate = 0.999
26 - INFO - chord#: 70 done. best_score=36.0, changed=524, unchanged=402, early_stops=8/8
26 - INFO - chord#: 72 In build_straw_man_chord_sa. tolerance = 1, sa_iterations = 1000, initial_temperature = 3.0, cooling_rate = 0.999
26 - INFO - chord#: 80 done. best_score=27.0, changed=523, unchanged=354, early_stops=8/8
26 - INFO - chord#: 84 In build_straw_man_chord_sa. tolerance = 1, sa_iterations = 1000, initial_temperature = 3.0, cooling_rate = 0.999
26 - INFO - chord#: 72 done. best_score=27.0, changed=524, unchanged=365, early_stops=8/8
26 - INFO - chord#: 74 In build_straw_man_chord_sa. tolerance = 1, sa_iterations = 1000, initial_temperature = 3.0, cooling_rate = 0.999
26 - INFO - chord#: 64 done. best_score=27.0, changed=531, unchanged=357, early_stops=8/8
26 - INFO - chord#: 68 In build_straw_man_chord_sa. tolerance = 1, sa_iterations = 1000, initial_temperature = 3.0, cooling_rate = 0.999
26 - INFO - chord#: 76 done. best_score=31.0, changed=520, unchanged=366, early_stops=8/8
26 - INFO - chord#: 80 In build_straw_man_chord_sa. tolerance = 1, sa_iterations = 1000, initial_temperature = 3.0, cooling_rate = 0.999
26 - INFO - chord#: 80 done. best_score=27.0, changed=523, unchanged=471, early_stops=8/8
26 - INFO - chord#: 84 In build_straw_man_chord_sa. tolerance = 1, sa_iterations = 1000, initial_temperature = 3.0, cooling_rate = 0.999
26 - INFO - chord#: 70 done. best_score=36.0, changed=529, unchanged=430, early_stops=8/8
26 - INFO - chord#: 72 In build_straw_man_chord_sa. tolerance = 1, sa_iterations = 1000, initial_temperature = 3.0, cooling_rate = 0.999
26 - INFO - chord#: 72 done. best_score=27.0, changed=521, unchanged=479, early_stops=8/8
26 - INFO - chord#: 74 In build_straw_man_chord_sa. tolerance = 1, sa_iterations = 1000, initial_temperature = 3.0, cooling_rate = 0.999
26 - INFO - chord#: 74 done. best_score=82.0, changed=609, unchanged=210, early_stops=8/8
26 - INFO - chord#: 76 In build_straw_man_chord_sa. tolerance = 1, sa_iterations = 1000, initial_temperature = 3.0, cooling_rate = 0.999
26 - INFO - chord#: 84 done. best_score=27.0, changed=532, unchanged=413, early_stops=8/8
26 - INFO - chord#: 88 In build_straw_man_chord_sa. tolerance = 1, sa_iterations = 1000, initial_temperature = 3.0, cooling_rate = 0.999
26 - INFO - chord#: 72 done. best_score=27.0, changed=520, unchanged=500, early_stops=8/8
26 - INFO - chord#: 74 In build_straw_man_chord_sa. tolerance = 1, sa_iterations = 1000, initial_temperature = 3.0, cooling_rate = 0.999
26 - INFO - chord#: 88 done. best_score=82.0, changed=613, unchanged=438, early_stops=8/8
26 - INFO - chord#: 90 In build_straw_man_chord_sa. tolerance = 1, sa_iterations = 1000, initial_temperature = 3.0, cooling_rate = 0.999
26 - INFO - chord#: 68 done. best_score=35.0, changed=525, unchanged=388, early_stops=8/8
26 - INFO - chord#: 70 In build_straw_man_chord_sa. tolerance = 1, sa_iterations = 1000, initial_temperature = 3.0, cooling_rate = 0.999
26 - INFO - chord#: 84 done. best_score=27.0, changed=514, unchanged=358, early_stops=8/8
26 - INFO - chord#: 88 In build_straw_man_chord_sa. tolerance = 1, sa_iterations = 1000, initial_temperature = 3.0, cooling_rate = 0.999
26 - INFO - chord#: 74 done. best_score=82.0, changed=604, unchanged=236, early_stops=8/8
26 - INFO - chord#: 76 In build_straw_man_chord_sa. tolerance = 1, sa_iterations = 1000, initial_temperature = 3.0, cooling_rate = 0.999
26 - INFO - chord#: 80 done. best_score=27.0, changed=522, unchanged=451, early_stops=8/8
26 - INFO - chord#: 84 In build_straw_man_chord_sa. tolerance = 1, sa_iterations = 1000, initial_temperature = 3.0, cooling_rate = 0.999
26 - INFO - chord#: 74 done. best_score=82.0, changed=614, unchanged=339, early_stops=8/8
26 - INFO - chord#: 76 In build_straw_man_chord_sa. tolerance = 1, sa_iterations = 1000, initial_temperature = 3.0, cooling_rate = 0.999
26 - INFO - chord#: 76 done. best_score=31.0, changed=510, unchanged=320, early_stops=8/8
26 - INFO - chord#: 80 In build_straw_man_chord_sa. tolerance = 1, sa_iterations = 1000, initial_temperature = 3.0, cooling_rate = 0.999
26 - INFO - chord#: 90 done. best_score=27.0, changed=525, unchanged=371, early_stops=8/8
26 - INFO - chord#: 92 In build_straw_man_chord_sa. tolerance = 1, sa_iterations = 1000, initial_temperature = 3.0, cooling_rate = 0.999
26 - INFO - chord#: 72 done. best_score=27.0, changed=530, unchanged=575, early_stops=8/8
26 - INFO - chord#: 74 In build_straw_man_chord_sa. tolerance = 1, sa_iterations = 1000, initial_temperature = 3.0, cooling_rate = 0.999
26 - INFO - chord#: 70 done. best_score=36.0, changed=512, unchanged=322, early_stops=8/8
26 - INFO - chord#: 72 In build_straw_man_chord_sa. tolerance = 1, sa_iterations = 1000, initial_temperature = 3.0, cooling_rate = 0.999
26 - INFO - chord#: 76 done. best_score=31.0, changed=523, unchanged=315, early_stops=8/8
26 - INFO - chord#: 80 In build_straw_man_chord_sa. tolerance = 1, sa_iterations = 1000, initial_temperature = 3.0, cooling_rate = 0.999
26 - INFO - chord#: 74 done. best_score=120.0, changed=610, unchanged=289, early_stops=8/8
26 - INFO - chord#: 76 In build_straw_man_chord_sa. tolerance = 1, sa_iterations = 1000, initial_temperature = 3.0, cooling_rate = 0.999
26 - INFO - chord#: 84 done. best_score=27.0, changed=520, unchanged=376, early_stops=8/8
26 - INFO - chord#: 88 In build_straw_man_chord_sa. tolerance = 1, sa_iterations = 1000, initial_temperature = 3.0, cooling_rate = 0.999
26 - INFO - chord#: 76 done. best_score=31.0, changed=523, unchanged=361, early_stops=8/8
26 - INFO - chord#: 80 In build_straw_man_chord_sa. tolerance = 1, sa_iterations = 1000, initial_temperature = 3.0, cooling_rate = 0.999
26 - INFO - chord#: 80 done. best_score=27.0, changed=522, unchanged=470, early_stops=8/8
26 - INFO - chord#: 84 In build_straw_man_chord_sa. tolerance = 1, sa_iterations = 1000, initial_temperature = 3.0, cooling_rate = 0.999
26 - INFO - chord#: 92 done. best_score=27.0, changed=526, unchanged=338, early_stops=8/8
26 - INFO - chord#: 94 In build_straw_man_chord_sa. tolerance = 1, sa_iterations = 1000, initial_temperature = 3.0, cooling_rate = 0.999
26 - INFO - chord#: 74 done. best_score=82.0, changed=617, unchanged=250, early_stops=8/8
26 - INFO - chord#: 76 In build_straw_man_chord_sa. tolerance = 1, sa_iterations = 1000, initial_temperature = 3.0, cooling_rate = 0.999
26 - INFO - chord#: 74 done. best_score=108.0, changed=614, unchanged=406, early_stops=8/8
26 - INFO - chord#: 76 In build_straw_man_chord_sa. tolerance = 1, sa_iterations = 1000, initial_temperature = 3.0, cooling_rate = 0.999
26 - INFO - chord#: 88 done. best_score=82.0, changed=614, unchanged=298, early_stops=8/8
26 - INFO - chord#: 90 In build_straw_man_chord_sa. tolerance = 1, sa_iterations = 1000, initial_temperature = 3.0, cooling_rate = 0.999
26 - INFO - chord#: 76 done. best_score=31.0, changed=517, unchanged=331, early_stops=8/8
26 - INFO - chord#: 80 In build_straw_man_chord_sa. tolerance = 1, sa_iterations = 1000, initial_temperature = 3.0, cooling_rate = 0.999
26 - INFO - chord#: 84 done. best_score=27.0, changed=525, unchanged=458, early_stops=8/8
26 - INFO - chord#: 88 In build_straw_man_chord_sa. tolerance = 1, sa_iterations = 1000, initial_temperature = 3.0, cooling_rate = 0.999
26 - INFO - chord#: 76 done. best_score=49.0, changed=539, unchanged=317, early_stops=8/8
26 - INFO - chord#: 80 In build_straw_man_chord_sa. tolerance = 1, sa_iterations = 1000, initial_temperature = 3.0, cooling_rate = 0.999
26 - INFO - chord#: 80 done. best_score=27.0, changed=517, unchanged=386, early_stops=8/8
26 - INFO - chord#: 84 In build_straw_man_chord_sa. tolerance = 1, sa_iterations = 1000, initial_temperature = 3.0, cooling_rate = 0.999
26 - INFO - chord#: 88 done. best_score=82.0, changed=619, unchanged=408, early_stops=8/8
26 - INFO - chord#: 90 In build_straw_man_chord_sa. tolerance = 1, sa_iterations = 1000, initial_temperature = 3.0, cooling_rate = 0.999
26 - INFO - chord#: 76 done. best_score=31.0, changed=515, unchanged=314, early_stops=8/8
26 - INFO - chord#: 80 In build_straw_man_chord_sa. tolerance = 1, sa_iterations = 1000, initial_temperature = 3.0, cooling_rate = 0.999
26 - INFO - chord#: 72 done. best_score=27.0, changed=530, unchanged=622, early_stops=8/8
26 - INFO - chord#: 74 In build_straw_man_chord_sa. tolerance = 1, sa_iterations = 1000, initial_temperature = 3.0, cooling_rate = 0.999
26 - INFO - chord#: 80 done. best_score=27.0, changed=521, unchanged=454, early_stops=8/8
26 - INFO - chord#: 84 In build_straw_man_chord_sa. tolerance = 1, sa_iterations = 1000, initial_temperature = 3.0, cooling_rate = 0.999
26 - INFO - chord#: 90 done. best_score=27.0, changed=521, unchanged=356, early_stops=8/8
26 - INFO - chord#: 92 In build_straw_man_chord_sa. tolerance = 1, sa_iterations = 1000, initial_temperature = 3.0, cooling_rate = 0.999
26 - INFO - chord#: 90 done. best_score=27.0, changed=537, unchanged=403, early_stops=8/8
26 - INFO - chord#: 92 In build_straw_man_chord_sa. tolerance = 1, sa_iterations = 1000, initial_temperature = 3.0, cooling_rate = 0.999
26 - INFO - chord#: 80 done. best_score=27.0, changed=523, unchanged=422, early_stops=8/8
26 - INFO - chord#: 84 In build_straw_man_chord_sa. tolerance = 1, sa_iterations = 1000, initial_temperature = 3.0, cooling_rate = 0.999
26 - INFO - chord#: 84 done. best_score=27.0, changed=519, unchanged=363, early_stops=8/8
26 - INFO - chord#: 88 In build_straw_man_chord_sa. tolerance = 1, sa_iterations = 1000, initial_temperature = 3.0, cooling_rate = 0.999
26 - INFO - chord#: 80 done. best_score=27.0, changed=529, unchanged=497, early_stops=8/8
26 - INFO - chord#: 84 In build_straw_man_chord_sa. tolerance = 1, sa_iterations = 1000, initial_temperature = 3.0, cooling_rate = 0.999
26 - INFO - chord#: 80 done. best_score=27.0, changed=517, unchanged=425, early_stops=8/8
26 - INFO - chord#: 84 In build_straw_man_chord_sa. tolerance = 1, sa_iterations = 1000, initial_temperature = 3.0, cooling_rate = 0.999
26 - INFO - chord#: 92 done. best_score=27.0, changed=522, unchanged=350, early_stops=8/8
26 - INFO - chord#: 94 In build_straw_man_chord_sa. tolerance = 1, sa_iterations = 1000, initial_temperature = 3.0, cooling_rate = 0.999
26 - INFO - chord#: 84 done. best_score=27.0, changed=522, unchanged=380, early_stops=8/8
26 - INFO - chord#: 88 In build_straw_man_chord_sa. tolerance = 1, sa_iterations = 1000, initial_temperature = 3.0, cooling_rate = 0.999
26 - INFO - chord#: 88 done. best_score=82.0, changed=611, unchanged=264, early_stops=8/8
26 - INFO - chord#: 90 In build_straw_man_chord_sa. tolerance = 1, sa_iterations = 1000, initial_temperature = 3.0, cooling_rate = 0.999
26 - INFO - chord#: 92 done. best_score=27.0, changed=533, unchanged=376, early_stops=8/8
26 - INFO - chord#: 94 In build_straw_man_chord_sa. tolerance = 1, sa_iterations = 1000, initial_temperature = 3.0, cooling_rate = 0.999
26 - INFO - chord#: 74 done. best_score=82.0, changed=615, unchanged=505, early_stops=8/8
26 - INFO - chord#: 76 In build_straw_man_chord_sa. tolerance = 1, sa_iterations = 1000, initial_temperature = 3.0, cooling_rate = 0.999
26 - INFO - chord#: 84 done. best_score=27.0, changed=522, unchanged=367, early_stops=8/8
26 - INFO - chord#: 88 In build_straw_man_chord_sa. tolerance = 1, sa_iterations = 1000, initial_temperature = 3.0, cooling_rate = 0.999
26 - INFO - chord#: 88 done. best_score=120.0, changed=609, unchanged=247, early_stops=8/8
26 - INFO - chord#: 90 In build_straw_man_chord_sa. tolerance = 1, sa_iterations = 1000, initial_temperature = 3.0, cooling_rate = 0.999
26 - INFO - chord#: 84 done. best_score=27.0, changed=522, unchanged=352, early_stops=8/8
26 - INFO - chord#: 88 In build_straw_man_chord_sa. tolerance = 1, sa_iterations = 1000, initial_temperature = 3.0, cooling_rate = 0.999
26 - INFO - chord#: 74 done. best_score=82.0, changed=617, unchanged=397, early_stops=8/8
26 - INFO - chord#: 76 In build_straw_man_chord_sa. tolerance = 1, sa_iterations = 1000, initial_temperature = 3.0, cooling_rate = 0.999
26 - INFO - chord#: 94 done. best_score=67.0, changed=611, unchanged=385, early_stops=8/8
26 - INFO - chord#: 96 In build_straw_man_chord_sa. tolerance = 1, sa_iterations = 1000, initial_temperature = 3.0, cooling_rate = 0.999
26 - INFO - chord#: 84 done. best_score=27.0, changed=525, unchanged=434, early_stops=8/8
26 - INFO - chord#: 88 In build_straw_man_chord_sa. tolerance = 1, sa_iterations = 1000, initial_temperature = 3.0, cooling_rate = 0.999
26 - INFO - chord#: 90 done. best_score=27.0, changed=522, unchanged=325, early_stops=8/8
26 - INFO - chord#: 92 In build_straw_man_chord_sa. tolerance = 1, sa_iterations = 1000, initial_temperature = 3.0, cooling_rate = 0.999
26 - INFO - chord#: 76 done. best_score=31.0, changed=531, unchanged=404, early_stops=8/8
26 - INFO - chord#: 80 In build_straw_man_chord_sa. tolerance = 1, sa_iterations = 1000, initial_temperature = 3.0, cooling_rate = 0.999
26 - INFO - chord#: 90 done. best_score=27.0, changed=533, unchanged=425, early_stops=8/8
26 - INFO - chord#: 92 In build_straw_man_chord_sa. tolerance = 1, sa_iterations = 1000, initial_temperature = 3.0, cooling_rate = 0.999
26 - INFO - chord#: 76 done. best_score=31.0, changed=526, unchanged=421, early_stops=8/8
26 - INFO - chord#: 80 In build_straw_man_chord_sa. tolerance = 1, sa_iterations = 1000, initial_temperature = 3.0, cooling_rate = 0.999
26 - INFO - chord#: 92 done. best_score=27.0, changed=534, unchanged=354, early_stops=8/8
26 - INFO - chord#: 94 In build_straw_man_chord_sa. tolerance = 1, sa_iterations = 1000, initial_temperature = 3.0, cooling_rate = 0.999
26 - INFO - chord#: 88 done. best_score=82.0, changed=612, unchanged=292, early_stops=8/8
26 - INFO - chord#: 90 In build_straw_man_chord_sa. tolerance = 1, sa_iterations = 1000, initial_temperature = 3.0, cooling_rate = 0.999
26 - INFO - chord#: 94 done. best_score=137.0, changed=612, unchanged=402, early_stops=8/8
26 - INFO - chord#: 96 In build_straw_man_chord_sa. tolerance = 1, sa_iterations = 1000, initial_temperature = 3.0, cooling_rate = 0.999
26 - INFO - chord#: 92 done. best_score=27.0, changed=521, unchanged=356, early_stops=8/8
26 - INFO - chord#: 94 In build_straw_man_chord_sa. tolerance = 1, sa_iterations = 1000, initial_temperature = 3.0, cooling_rate = 0.999
26 - INFO - chord#: 88 done. best_score=145.0, changed=613, unchanged=303, early_stops=8/8
26 - INFO - chord#: 90 In build_straw_man_chord_sa. tolerance = 1, sa_iterations = 1000, initial_temperature = 3.0, cooling_rate = 0.999
26 - INFO - chord#: 80 done. best_score=27.0, changed=533, unchanged=380, early_stops=8/8
26 - INFO - chord#: 84 In build_straw_man_chord_sa. tolerance = 1, sa_iterations = 1000, initial_temperature = 3.0, cooling_rate = 0.999
26 - INFO - chord#: 94 done. best_score=119.0, changed=610, unchanged=368, early_stops=8/8
26 - INFO - chord#: 96 In build_straw_man_chord_sa. tolerance = 1, sa_iterations = 1000, initial_temperature = 3.0, cooling_rate = 0.999
26 - INFO - chord#: 96 done. best_score=70.0, changed=612, unchanged=239, early_stops=8/8
26 - INFO - chord#: 98 In build_straw_man_chord_sa. tolerance = 1, sa_iterations = 1000, initial_temperature = 3.0, cooling_rate = 0.999
26 - INFO - chord#: 80 done. best_score=27.0, changed=515, unchanged=415, early_stops=8/8
26 - INFO - chord#: 84 In build_straw_man_chord_sa. tolerance = 1, sa_iterations = 1000, initial_temperature = 3.0, cooling_rate = 0.999
26 - INFO - chord#: 88 done. best_score=82.0, changed=624, unchanged=483, early_stops=8/8
26 - INFO - chord#: 90 In build_straw_man_chord_sa. tolerance = 1, sa_iterations = 1000, initial_temperature = 3.0, cooling_rate = 0.999
26 - INFO - chord#: 90 done. best_score=27.0, changed=529, unchanged=383, early_stops=8/8
26 - INFO - chord#: 92 In build_straw_man_chord_sa. tolerance = 1, sa_iterations = 1000, initial_temperature = 3.0, cooling_rate = 0.999
26 - INFO - chord#: 88 done. best_score=82.0, changed=613, unchanged=397, early_stops=8/8
26 - INFO - chord#: 90 In build_straw_man_chord_sa. tolerance = 1, sa_iterations = 1000, initial_temperature = 3.0, cooling_rate = 0.999
26 - INFO - chord#: 90 done. best_score=61.0, changed=532, unchanged=304, early_stops=8/8
26 - INFO - chord#: 92 In build_straw_man_chord_sa. tolerance = 1, sa_iterations = 1000, initial_temperature = 3.0, cooling_rate = 0.999
26 - INFO - chord#: 84 done. best_score=27.0, changed=526, unchanged=401, early_stops=8/8
26 - INFO - chord#: 88 In build_straw_man_chord_sa. tolerance = 1, sa_iterations = 1000, initial_temperature = 3.0, cooling_rate = 0.999
26 - INFO - chord#: 88 done. best_score=124.0, changed=612, unchanged=325, early_stops=8/8
26 - INFO - chord#: 90 In build_straw_man_chord_sa. tolerance = 1, sa_iterations = 1000, initial_temperature = 3.0, cooling_rate = 0.999
26 - INFO - chord#: 90 done. best_score=27.0, changed=527, unchanged=350, early_stops=8/8
26 - INFO - chord#: 92 In build_straw_man_chord_sa. tolerance = 1, sa_iterations = 1000, initial_temperature = 3.0, cooling_rate = 0.999
26 - INFO - chord#: 98 done. best_score=27.0, changed=526, unchanged=371, early_stops=8/8
26 - INFO - chord#: 100 In build_straw_man_chord_sa. tolerance = 1, sa_iterations = 1000, initial_temperature = 3.0, cooling_rate = 0.999
26 - INFO - chord#: 90 done. best_score=27.0, changed=523, unchanged=349, early_stops=8/8
26 - INFO - chord#: 92 In build_straw_man_chord_sa. tolerance = 1, sa_iterations = 1000, initial_temperature = 3.0, cooling_rate = 0.999
26 - INFO - chord#: 92 done. best_score=27.0, changed=531, unchanged=455, early_stops=8/8
26 - INFO - chord#: 94 In build_straw_man_chord_sa. tolerance = 1, sa_iterations = 1000, initial_temperature = 3.0, cooling_rate = 0.999
26 - INFO - chord#: 84 done. best_score=27.0, changed=526, unchanged=523, early_stops=8/8
26 - INFO - chord#: 88 In build_straw_man_chord_sa. tolerance = 1, sa_iterations = 1000, initial_temperature = 3.0, cooling_rate = 0.999
26 - INFO - chord#: 92 done. best_score=27.0, changed=526, unchanged=309, early_stops=8/8
26 - INFO - chord#: 94 In build_straw_man_chord_sa. tolerance = 1, sa_iterations = 1000, initial_temperature = 3.0, cooling_rate = 0.999
26 - INFO - chord#: 96 done. best_score=75.0, changed=607, unchanged=269, early_stops=8/8
26 - INFO - chord#: 98 In build_straw_man_chord_sa. tolerance = 1, sa_iterations = 1000, initial_temperature = 3.0, cooling_rate = 0.999
26 - INFO - chord#: 92 done. best_score=27.0, changed=525, unchanged=338, early_stops=8/8
26 - INFO - chord#: 94 In build_straw_man_chord_sa. tolerance = 1, sa_iterations = 1000, initial_temperature = 3.0, cooling_rate = 0.999
26 - INFO - chord#: 94 done. best_score=155.0, changed=611, unchanged=355, early_stops=8/8
26 - INFO - chord#: 96 In build_straw_man_chord_sa. tolerance = 1, sa_iterations = 1000, initial_temperature = 3.0, cooling_rate = 0.999
26 - INFO - chord#: 90 done. best_score=61.0, changed=525, unchanged=309, early_stops=8/8
26 - INFO - chord#: 92 In build_straw_man_chord_sa. tolerance = 1, sa_iterations = 1000, initial_temperature = 3.0, cooling_rate = 0.999
26 - INFO - chord#: 92 done. best_score=27.0, changed=530, unchanged=361, early_stops=8/8
26 - INFO - chord#: 94 In build_straw_man_chord_sa. tolerance = 1, sa_iterations = 1000, initial_temperature = 3.0, cooling_rate = 0.999
26 - INFO - chord#: 96 done. best_score=112.0, changed=607, unchanged=349, early_stops=8/8
26 - INFO - chord#: 98 In build_straw_man_chord_sa. tolerance = 1, sa_iterations = 1000, initial_temperature = 3.0, cooling_rate = 0.999
26 - INFO - chord#: 100 done. best_score=31.0, changed=519, unchanged=296, early_stops=8/8
26 - INFO - chord#: 102 In build_straw_man_chord_sa. tolerance = 1, sa_iterations = 1000, initial_temperature = 3.0, cooling_rate = 0.999
26 - INFO - chord#: 94 done. best_score=67.0, changed=613, unchanged=451, early_stops=8/8
26 - INFO - chord#: 96 In build_straw_man_chord_sa. tolerance = 1, sa_iterations = 1000, initial_temperature = 3.0, cooling_rate = 0.999
26 - INFO - chord#: 98 done. best_score=36.0, changed=540, unchanged=316, early_stops=8/8
26 - INFO - chord#: 100 In build_straw_man_chord_sa. tolerance = 1, sa_iterations = 1000, initial_temperature = 3.0, cooling_rate = 0.999
26 - INFO - chord#: 92 done. best_score=27.0, changed=530, unchanged=290, early_stops=8/8
26 - INFO - chord#: 94 In build_straw_man_chord_sa. tolerance = 1, sa_iterations = 1000, initial_temperature = 3.0, cooling_rate = 0.999
26 - INFO - chord#: 98 done. best_score=61.0, changed=524, unchanged=309, early_stops=8/8
26 - INFO - chord#: 100 In build_straw_man_chord_sa. tolerance = 1, sa_iterations = 1000, initial_temperature = 3.0, cooling_rate = 0.999
26 - INFO - chord#: 88 done. best_score=120.0, changed=613, unchanged=319, early_stops=8/8
26 - INFO - chord#: 90 In build_straw_man_chord_sa. tolerance = 1, sa_iterations = 1000, initial_temperature = 3.0, cooling_rate = 0.999
26 - INFO - chord#: 102 done. best_score=27.0, changed=515, unchanged=427, early_stops=8/8
26 - INFO - chord#: 103 In build_straw_man_chord_sa. tolerance = 1, sa_iterations = 1000, initial_temperature = 3.0, cooling_rate = 0.999
26 - INFO - chord#: 94 done. best_score=67.0, changed=613, unchanged=296, early_stops=8/8
26 - INFO - chord#: 96 In build_straw_man_chord_sa. tolerance = 1, sa_iterations = 1000, initial_temperature = 3.0, cooling_rate = 0.999
26 - INFO - chord#: 100 done. best_score=31.0, changed=542, unchanged=328, early_stops=8/8
26 - INFO - chord#: 102 In build_straw_man_chord_sa. tolerance = 1, sa_iterations = 1000, initial_temperature = 3.0, cooling_rate = 0.999
26 - INFO - chord#: 96 done. best_score=70.0, changed=613, unchanged=292, early_stops=8/8
26 - INFO - chord#: 98 In build_straw_man_chord_sa. tolerance = 1, sa_iterations = 1000, initial_temperature = 3.0, cooling_rate = 0.999
26 - INFO - chord#: 100 done. best_score=59.0, changed=522, unchanged=308, early_stops=8/8
26 - INFO - chord#: 102 In build_straw_man_chord_sa. tolerance = 1, sa_iterations = 1000, initial_temperature = 3.0, cooling_rate = 0.999
26 - INFO - chord#: 94 done. best_score=67.0, changed=614, unchanged=329, early_stops=8/8
26 - INFO - chord#: 96 In build_straw_man_chord_sa. tolerance = 1, sa_iterations = 1000, initial_temperature = 3.0, cooling_rate = 0.999
26 - INFO - chord#: 90 done. best_score=27.0, changed=517, unchanged=302, early_stops=8/8
26 - INFO - chord#: 92 In build_straw_man_chord_sa. tolerance = 1, sa_iterations = 1000, initial_temperature = 3.0, cooling_rate = 0.999
26 - INFO - chord#: 88 done. best_score=82.0, changed=611, unchanged=356, early_stops=8/8
26 - INFO - chord#: 90 In build_straw_man_chord_sa. tolerance = 1, sa_iterations = 1000, initial_temperature = 3.0, cooling_rate = 0.999
26 - INFO - chord#: 102 done. best_score=27.0, changed=520, unchanged=345, early_stops=8/8
26 - INFO - chord#: 103 In build_straw_man_chord_sa. tolerance = 1, sa_iterations = 1000, initial_temperature = 3.0, cooling_rate = 0.999
26 - INFO - chord#: 96 done. best_score=70.0, changed=611, unchanged=295, early_stops=8/8
26 - INFO - chord#: 98 In build_straw_man_chord_sa. tolerance = 1, sa_iterations = 1000, initial_temperature = 3.0, cooling_rate = 0.999
26 - INFO - chord#: 98 done. best_score=27.0, changed=524, unchanged=306, early_stops=8/8
26 - INFO - chord#: 100 In build_straw_man_chord_sa. tolerance = 1, sa_iterations = 1000, initial_temperature = 3.0, cooling_rate = 0.999
26 - INFO - chord#: 94 done. best_score=78.0, changed=611, unchanged=433, early_stops=8/8
26 - INFO - chord#: 96 In build_straw_man_chord_sa. tolerance = 1, sa_iterations = 1000, initial_temperature = 3.0, cooling_rate = 0.999
26 - INFO - chord#: 94 done. best_score=67.0, changed=613, unchanged=421, early_stops=8/8
26 - INFO - chord#: 96 In build_straw_man_chord_sa. tolerance = 1, sa_iterations = 1000, initial_temperature = 3.0, cooling_rate = 0.999
26 - INFO - chord#: 102 done. best_score=57.0, changed=517, unchanged=289, early_stops=8/8
26 - INFO - chord#: 103 In build_straw_man_chord_sa. tolerance = 1, sa_iterations = 1000, initial_temperature = 3.0, cooling_rate = 0.999
26 - INFO - chord#: 98 done. best_score=27.0, changed=527, unchanged=363, early_stops=8/8
26 - INFO - chord#: 100 In build_straw_man_chord_sa. tolerance = 1, sa_iterations = 1000, initial_temperature = 3.0, cooling_rate = 0.999
26 - INFO - chord#: 92 done. best_score=27.0, changed=524, unchanged=352, early_stops=8/8
26 - INFO - chord#: 94 In build_straw_man_chord_sa. tolerance = 1, sa_iterations = 1000, initial_temperature = 3.0, cooling_rate = 0.999
26 - INFO - chord#: 96 done. best_score=70.0, changed=612, unchanged=334, early_stops=8/8
26 - INFO - chord#: 98 In build_straw_man_chord_sa. tolerance = 1, sa_iterations = 1000, initial_temperature = 3.0, cooling_rate = 0.999
26 - INFO - chord#: 100 done. best_score=31.0, changed=521, unchanged=354, early_stops=8/8
26 - INFO - chord#: 102 In build_straw_man_chord_sa. tolerance = 1, sa_iterations = 1000, initial_temperature = 3.0, cooling_rate = 0.999
26 - INFO - chord#: 90 done. best_score=27.0, changed=520, unchanged=305, early_stops=8/8
26 - INFO - chord#: 92 In build_straw_man_chord_sa. tolerance = 1, sa_iterations = 1000, initial_temperature = 3.0, cooling_rate = 0.999
26 - INFO - chord#: 94 done. best_score=96.0, changed=614, unchanged=327, early_stops=8/8
26 - INFO - chord#: 96 In build_straw_man_chord_sa. tolerance = 1, sa_iterations = 1000, initial_temperature = 3.0, cooling_rate = 0.999
26 - INFO - chord#: 96 done. best_score=104.0, changed=612, unchanged=258, early_stops=8/8
26 - INFO - chord#: 98 In build_straw_man_chord_sa. tolerance = 1, sa_iterations = 1000, initial_temperature = 3.0, cooling_rate = 0.999
26 - INFO - chord#: 103 done. best_score=67.0, changed=612, unchanged=303, early_stops=8/8
26 - INFO - chord#: 104 In build_straw_man_chord_sa. tolerance = 1, sa_iterations = 1000, initial_temperature = 3.0, cooling_rate = 0.999
26 - INFO - chord#: 100 done. best_score=31.0, changed=518, unchanged=345, early_stops=8/8
26 - INFO - chord#: 102 In build_straw_man_chord_sa. tolerance = 1, sa_iterations = 1000, initial_temperature = 3.0, cooling_rate = 0.999
26 - INFO - chord#: 98 done. best_score=27.0, changed=523, unchanged=364, early_stops=8/8
26 - INFO - chord#: 100 In build_straw_man_chord_sa. tolerance = 1, sa_iterations = 1000, initial_temperature = 3.0, cooling_rate = 0.999
26 - INFO - chord#: 102 done. best_score=27.0, changed=519, unchanged=358, early_stops=8/8
26 - INFO - chord#: 92 done. best_score=27.0, changed=531, unchanged=306, early_stops=8/8
26 - INFO - chord#: 103 In build_straw_man_chord_sa. tolerance = 1, sa_iterations = 1000, initial_temperature = 3.0, cooling_rate = 0.999
26 - INFO - chord#: 94 In build_straw_man_chord_sa. tolerance = 1, sa_iterations = 1000, initial_temperature = 3.0, cooling_rate = 0.999
26 - INFO - chord#: 96 done. best_score=105.0, changed=612, unchanged=304, early_stops=8/8
26 - INFO - chord#: 98 In build_straw_man_chord_sa. tolerance = 1, sa_iterations = 1000, initial_temperature = 3.0, cooling_rate = 0.999
26 - INFO - chord#: 98 done. best_score=74.0, changed=522, unchanged=324, early_stops=8/8
26 - INFO - chord#: 100 In build_straw_man_chord_sa. tolerance = 1, sa_iterations = 1000, initial_temperature = 3.0, cooling_rate = 0.999
26 - INFO - chord#: 103 done. best_score=157.0, changed=616, unchanged=421, early_stops=8/8
26 - INFO - chord#: 104 In build_straw_man_chord_sa. tolerance = 1, sa_iterations = 1000, initial_temperature = 3.0, cooling_rate = 0.999
26 - INFO - chord#: 102 done. best_score=27.0, changed=515, unchanged=367, early_stops=8/8
26 - INFO - chord#: 103 In build_straw_man_chord_sa. tolerance = 1, sa_iterations = 1000, initial_temperature = 3.0, cooling_rate = 0.999
26 - INFO - chord#: 100 done. best_score=31.0, changed=526, unchanged=370, early_stops=8/8
26 - INFO - chord#: 102 In build_straw_man_chord_sa. tolerance = 1, sa_iterations = 1000, initial_temperature = 3.0, cooling_rate = 0.999
26 - INFO - chord#: 103 done. best_score=140.0, changed=614, unchanged=377, early_stops=8/8
26 - INFO - chord#: 104 In build_straw_man_chord_sa. tolerance = 1, sa_iterations = 1000, initial_temperature = 3.0, cooling_rate = 0.999
26 - INFO - chord#: 104 done. best_score=27.0, changed=527, unchanged=516, early_stops=8/8
26 - INFO - chord#: 106 In build_straw_man_chord_sa. tolerance = 1, sa_iterations = 1000, initial_temperature = 3.0, cooling_rate = 0.999
26 - INFO - chord#: 96 done. best_score=70.0, changed=609, unchanged=380, early_stops=8/8
26 - INFO - chord#: 98 In build_straw_man_chord_sa. tolerance = 1, sa_iterations = 1000, initial_temperature = 3.0, cooling_rate = 0.999
26 - INFO - chord#: 98 done. best_score=36.0, changed=528, unchanged=320, early_stops=8/8
26 - INFO - chord#: 100 In build_straw_man_chord_sa. tolerance = 1, sa_iterations = 1000, initial_temperature = 3.0, cooling_rate = 0.999
26 - INFO - chord#: 100 done. best_score=58.0, changed=521, unchanged=334, early_stops=8/8
26 - INFO - chord#: 102 In build_straw_man_chord_sa. tolerance = 1, sa_iterations = 1000, initial_temperature = 3.0, cooling_rate = 0.999
26 - INFO - chord#: 104 done. best_score=27.0, changed=513, unchanged=376, early_stops=8/8
26 - INFO - chord#: 106 In build_straw_man_chord_sa. tolerance = 1, sa_iterations = 1000, initial_temperature = 3.0, cooling_rate = 0.999
26 - INFO - chord#: 94 done. best_score=67.0, changed=608, unchanged=283, early_stops=8/8
26 - INFO - chord#: 96 In build_straw_man_chord_sa. tolerance = 1, sa_iterations = 1000, initial_temperature = 3.0, cooling_rate = 0.999
26 - INFO - chord#: 102 done. best_score=27.0, changed=521, unchanged=372, early_stops=8/8
26 - INFO - chord#: 103 In build_straw_man_chord_sa. tolerance = 1, sa_iterations = 1000, initial_temperature = 3.0, cooling_rate = 0.999
26 - INFO - chord#: 96 done. best_score=75.0, changed=612, unchanged=273, early_stops=8/8
26 - INFO - chord#: 98 In build_straw_man_chord_sa. tolerance = 1, sa_iterations = 1000, initial_temperature = 3.0, cooling_rate = 0.999
26 - INFO - chord#: 103 done. best_score=145.0, changed=608, unchanged=246, early_stops=8/8
26 - INFO - chord#: 104 In build_straw_man_chord_sa. tolerance = 1, sa_iterations = 1000, initial_temperature = 3.0, cooling_rate = 0.999
26 - INFO - chord#: 100 done. best_score=31.0, changed=528, unchanged=356, early_stops=8/8
26 - INFO - chord#: 102 In build_straw_man_chord_sa. tolerance = 1, sa_iterations = 1000, initial_temperature = 3.0, cooling_rate = 0.999
26 - INFO - chord#: 98 done. best_score=27.0, changed=529, unchanged=337, early_stops=8/8
26 - INFO - chord#: 100 In build_straw_man_chord_sa. tolerance = 1, sa_iterations = 1000, initial_temperature = 3.0, cooling_rate = 0.999
26 - INFO - chord#: 104 done. best_score=27.0, changed=528, unchanged=471, early_stops=8/8
26 - INFO - chord#: 106 In build_straw_man_chord_sa. tolerance = 1, sa_iterations = 1000, initial_temperature = 3.0, cooling_rate = 0.999
26 - INFO - chord#: 102 done. best_score=27.0, changed=529, unchanged=417, early_stops=8/8
26 - INFO - chord#: 103 In build_straw_man_chord_sa. tolerance = 1, sa_iterations = 1000, initial_temperature = 3.0, cooling_rate = 0.999
26 - INFO - chord#: 106 done. best_score=37.0, changed=527, unchanged=508, early_stops=8/8
26 - INFO - chord#: 108 In build_straw_man_chord_sa. tolerance = 1, sa_iterations = 1000, initial_temperature = 3.0, cooling_rate = 0.999
26 - INFO - chord#: 106 done. best_score=37.0, changed=529, unchanged=423, early_stops=8/8
26 - INFO - chord#: 108 In build_straw_man_chord_sa. tolerance = 1, sa_iterations = 1000, initial_temperature = 3.0, cooling_rate = 0.999
26 - INFO - chord#: 102 done. best_score=27.0, changed=528, unchanged=471, early_stops=8/8
26 - INFO - chord#: 103 In build_straw_man_chord_sa. tolerance = 1, sa_iterations = 1000, initial_temperature = 3.0, cooling_rate = 0.999
26 - INFO - chord#: 98 done. best_score=36.0, changed=547, unchanged=312, early_stops=8/8
26 - INFO - chord#: 100 In build_straw_man_chord_sa. tolerance = 1, sa_iterations = 1000, initial_temperature = 3.0, cooling_rate = 0.999
26 - INFO - chord#: 94 done. best_score=78.0, changed=609, unchanged=332, early_stops=8/8
26 - INFO - chord#: 96 In build_straw_man_chord_sa. tolerance = 1, sa_iterations = 1000, initial_temperature = 3.0, cooling_rate = 0.999
26 - INFO - chord#: 104 done. best_score=27.0, changed=518, unchanged=365, early_stops=8/8
26 - INFO - chord#: 106 In build_straw_man_chord_sa. tolerance = 1, sa_iterations = 1000, initial_temperature = 3.0, cooling_rate = 0.999
26 - INFO - chord#: 100 done. best_score=31.0, changed=526, unchanged=404, early_stops=8/8
26 - INFO - chord#: 102 In build_straw_man_chord_sa. tolerance = 1, sa_iterations = 1000, initial_temperature = 3.0, cooling_rate = 0.999
26 - INFO - chord#: 106 done. best_score=37.0, changed=524, unchanged=426, early_stops=8/8
26 - INFO - chord#: 108 In build_straw_man_chord_sa. tolerance = 1, sa_iterations = 1000, initial_temperature = 3.0, cooling_rate = 0.999
26 - INFO - chord#: 103 done. best_score=67.0, changed=611, unchanged=295, early_stops=8/8
26 - INFO - chord#: 104 In build_straw_man_chord_sa. tolerance = 1, sa_iterations = 1000, initial_temperature = 3.0, cooling_rate = 0.999
26 - INFO - chord#: 96 done. best_score=149.0, changed=609, unchanged=220, early_stops=8/8
26 - INFO - chord#: 98 In build_straw_man_chord_sa. tolerance = 1, sa_iterations = 1000, initial_temperature = 3.0, cooling_rate = 0.999
26 - INFO - chord#: 108 done. best_score=27.0, changed=525, unchanged=467, early_stops=8/8
26 - INFO - chord#: 110 In build_straw_man_chord_sa. tolerance = 1, sa_iterations = 1000, initial_temperature = 3.0, cooling_rate = 0.999
26 - INFO - chord#: 108 done. best_score=27.0, changed=513, unchanged=301, early_stops=8/8
26 - INFO - chord#: 110 In build_straw_man_chord_sa. tolerance = 1, sa_iterations = 1000, initial_temperature = 3.0, cooling_rate = 0.999
26 - INFO - chord#: 100 done. best_score=31.0, changed=524, unchanged=301, early_stops=8/8
26 - INFO - chord#: 102 In build_straw_man_chord_sa. tolerance = 1, sa_iterations = 1000, initial_temperature = 3.0, cooling_rate = 0.999
26 - INFO - chord#: 103 done. best_score=67.0, changed=615, unchanged=338, early_stops=8/8
26 - INFO - chord#: 104 In build_straw_man_chord_sa. tolerance = 1, sa_iterations = 1000, initial_temperature = 3.0, cooling_rate = 0.999
26 - INFO - chord#: 102 done. best_score=27.0, changed=519, unchanged=404, early_stops=8/8
26 - INFO - chord#: 103 In build_straw_man_chord_sa. tolerance = 1, sa_iterations = 1000, initial_temperature = 3.0, cooling_rate = 0.999
26 - INFO - chord#: 106 done. best_score=37.0, changed=516, unchanged=341, early_stops=8/8
26 - INFO - chord#: 108 In build_straw_man_chord_sa. tolerance = 1, sa_iterations = 1000, initial_temperature = 3.0, cooling_rate = 0.999
26 - INFO - chord#: 108 done. best_score=27.0, changed=520, unchanged=402, early_stops=8/8
26 - INFO - chord#: 110 In build_straw_man_chord_sa. tolerance = 1, sa_iterations = 1000, initial_temperature = 3.0, cooling_rate = 0.999
26 - INFO - chord#: 98 done. best_score=27.0, changed=523, unchanged=290, early_stops=8/8
26 - INFO - chord#: 100 In build_straw_man_chord_sa. tolerance = 1, sa_iterations = 1000, initial_temperature = 3.0, cooling_rate = 0.999
26 - INFO - chord#: 104 done. best_score=27.0, changed=530, unchanged=505, early_stops=8/8
26 - INFO - chord#: 106 In build_straw_man_chord_sa. tolerance = 1, sa_iterations = 1000, initial_temperature = 3.0, cooling_rate = 0.999
26 - INFO - chord#: 102 done. best_score=27.0, changed=520, unchanged=418, early_stops=8/8
26 - INFO - chord#: 103 In build_straw_man_chord_sa. tolerance = 1, sa_iterations = 1000, initial_temperature = 3.0, cooling_rate = 0.999
26 - INFO - chord#: 104 done. best_score=27.0, changed=529, unchanged=541, early_stops=8/8
26 - INFO - chord#: 106 In build_straw_man_chord_sa. tolerance = 1, sa_iterations = 1000, initial_temperature = 3.0, cooling_rate = 0.999
26 - INFO - chord#: 103 done. best_score=96.0, changed=613, unchanged=337, early_stops=8/8
26 - INFO - chord#: 104 In build_straw_man_chord_sa. tolerance = 1, sa_iterations = 1000, initial_temperature = 3.0, cooling_rate = 0.999
26 - INFO - chord#: 103 done. best_score=67.0, changed=615, unchanged=283, early_stops=8/8
26 - INFO - chord#: 104 In build_straw_man_chord_sa. tolerance = 1, sa_iterations = 1000, initial_temperature = 3.0, cooling_rate = 0.999
26 - INFO - chord#: 100 done. best_score=31.0, changed=524, unchanged=390, early_stops=8/8
26 - INFO - chord#: 102 In build_straw_man_chord_sa. tolerance = 1, sa_iterations = 1000, initial_temperature = 3.0, cooling_rate = 0.999
26 - INFO - chord#: 108 done. best_score=27.0, changed=523, unchanged=344, early_stops=8/8
26 - INFO - chord#: 110 In build_straw_man_chord_sa. tolerance = 1, sa_iterations = 1000, initial_temperature = 3.0, cooling_rate = 0.999
26 - INFO - chord#: 96 done. best_score=75.0, changed=614, unchanged=341, early_stops=8/8
26 - INFO - chord#: 98 In build_straw_man_chord_sa. tolerance = 1, sa_iterations = 1000, initial_temperature = 3.0, cooling_rate = 0.999
26 - INFO - chord#: 106 done. best_score=37.0, changed=530, unchanged=400, early_stops=8/8
26 - INFO - chord#: 108 In build_straw_man_chord_sa. tolerance = 1, sa_iterations = 1000, initial_temperature = 3.0, cooling_rate = 0.999
26 - INFO - chord#: 110 done. best_score=99.0, changed=611, unchanged=289, early_stops=8/8
26 - INFO - chord#: 111 In build_straw_man_chord_sa. tolerance = 1, sa_iterations = 1000, initial_temperature = 3.0, cooling_rate = 0.999
26 - INFO - chord#: 104 done. best_score=27.0, changed=519, unchanged=435, early_stops=8/8
26 - INFO - chord#: 106 In build_straw_man_chord_sa. tolerance = 1, sa_iterations = 1000, initial_temperature = 3.0, cooling_rate = 0.999
26 - INFO - chord#: 106 done. best_score=37.0, changed=519, unchanged=368, early_stops=8/8
26 - INFO - chord#: 108 In build_straw_man_chord_sa. tolerance = 1, sa_iterations = 1000, initial_temperature = 3.0, cooling_rate = 0.999
26 - INFO - chord#: 104 done. best_score=27.0, changed=518, unchanged=378, early_stops=8/8
26 - INFO - chord#: 106 In build_straw_man_chord_sa. tolerance = 1, sa_iterations = 1000, initial_temperature = 3.0, cooling_rate = 0.999
26 - INFO - chord#: 102 done. best_score=27.0, changed=526, unchanged=417, early_stops=8/8
26 - INFO - chord#: 103 In build_straw_man_chord_sa. tolerance = 1, sa_iterations = 1000, initial_temperature = 3.0, cooling_rate = 0.999
26 - INFO - chord#: 98 done. best_score=36.0, changed=532, unchanged=321, early_stops=8/8
26 - INFO - chord#: 100 In build_straw_man_chord_sa. tolerance = 1, sa_iterations = 1000, initial_temperature = 3.0, cooling_rate = 0.999
26 - INFO - chord#: 103 done. best_score=67.0, changed=611, unchanged=561, early_stops=8/8
26 - INFO - chord#: 104 In build_straw_man_chord_sa. tolerance = 1, sa_iterations = 1000, initial_temperature = 3.0, cooling_rate = 0.999
26 - INFO - chord#: 110 done. best_score=99.0, changed=614, unchanged=368, early_stops=8/8
26 - INFO - chord#: 111 In build_straw_man_chord_sa. tolerance = 1, sa_iterations = 1000, initial_temperature = 3.0, cooling_rate = 0.999
26 - INFO - chord#: 108 done. best_score=27.0, changed=516, unchanged=299, early_stops=8/8
26 - INFO - chord#: 110 In build_straw_man_chord_sa. tolerance = 1, sa_iterations = 1000, initial_temperature = 3.0, cooling_rate = 0.999
26 - INFO - chord#: 110 done. best_score=99.0, changed=610, unchanged=283, early_stops=8/8
26 - INFO - chord#: 111 In build_straw_man_chord_sa. tolerance = 1, sa_iterations = 1000, initial_temperature = 3.0, cooling_rate = 0.999
26 - INFO - chord#: 111 done. best_score=36.0, changed=531, unchanged=289, early_stops=8/8
26 - INFO - chord#: 112 In build_straw_man_chord_sa. tolerance = 1, sa_iterations = 1000, initial_temperature = 3.0, cooling_rate = 0.999
26 - INFO - chord#: 106 done. best_score=37.0, changed=525, unchanged=361, early_stops=8/8
26 - INFO - chord#: 108 In build_straw_man_chord_sa. tolerance = 1, sa_iterations = 1000, initial_temperature = 3.0, cooling_rate = 0.999
26 - INFO - chord#: 108 done. best_score=27.0, changed=528, unchanged=516, early_stops=8/8
26 - INFO - chord#: 110 In build_straw_man_chord_sa. tolerance = 1, sa_iterations = 1000, initial_temperature = 3.0, cooling_rate = 0.999
26 - INFO - chord#: 100 done. best_score=31.0, changed=543, unchanged=328, early_stops=8/8
26 - INFO - chord#: 102 In build_straw_man_chord_sa. tolerance = 1, sa_iterations = 1000, initial_temperature = 3.0, cooling_rate = 0.999
26 - INFO - chord#: 106 done. best_score=37.0, changed=527, unchanged=398, early_stops=8/8
26 - INFO - chord#: 108 In build_straw_man_chord_sa. tolerance = 1, sa_iterations = 1000, initial_temperature = 3.0, cooling_rate = 0.999
26 - INFO - chord#: 104 done. best_score=36.0, changed=515, unchanged=378, early_stops=8/8
26 - INFO - chord#: 106 In build_straw_man_chord_sa. tolerance = 1, sa_iterations = 1000, initial_temperature = 3.0, cooling_rate = 0.999
26 - INFO - chord#: 111 done. best_score=36.0, changed=523, unchanged=358, early_stops=8/8
26 - INFO - chord#: 112 In build_straw_man_chord_sa. tolerance = 1, sa_iterations = 1000, initial_temperature = 3.0, cooling_rate = 0.999
26 - INFO - chord#: 111 done. best_score=36.0, changed=518, unchanged=362, early_stops=8/8
26 - INFO - chord#: 112 In build_straw_man_chord_sa. tolerance = 1, sa_iterations = 1000, initial_temperature = 3.0, cooling_rate = 0.999
26 - INFO - chord#: 103 done. best_score=67.0, changed=613, unchanged=440, early_stops=8/8
26 - INFO - chord#: 104 In build_straw_man_chord_sa. tolerance = 1, sa_iterations = 1000, initial_temperature = 3.0, cooling_rate = 0.999
26 - INFO - chord#: 108 done. best_score=27.0, changed=525, unchanged=392, early_stops=8/8
26 - INFO - chord#: 110 In build_straw_man_chord_sa. tolerance = 1, sa_iterations = 1000, initial_temperature = 3.0, cooling_rate = 0.999
26 - INFO - chord#: 110 done. best_score=121.0, changed=611, unchanged=259, early_stops=8/8
26 - INFO - chord#: 111 In build_straw_man_chord_sa. tolerance = 1, sa_iterations = 1000, initial_temperature = 3.0, cooling_rate = 0.999
26 - INFO - chord#: 103 done. best_score=67.0, changed=613, unchanged=240, early_stops=8/8
26 - INFO - chord#: 104 In build_straw_man_chord_sa. tolerance = 1, sa_iterations = 1000, initial_temperature = 3.0, cooling_rate = 0.999
26 - INFO - chord#: 112 done. best_score=27.0, changed=518, unchanged=425, early_stops=8/8
26 - INFO - chord#: 120 In build_straw_man_chord_sa. tolerance = 1, sa_iterations = 1000, initial_temperature = 3.0, cooling_rate = 0.999
26 - INFO - chord#: 102 done. best_score=27.0, changed=517, unchanged=436, early_stops=8/8
26 - INFO - chord#: 103 In build_straw_man_chord_sa. tolerance = 1, sa_iterations = 1000, initial_temperature = 3.0, cooling_rate = 0.999
26 - INFO - chord#: 108 done. best_score=27.0, changed=518, unchanged=338, early_stops=8/8
26 - INFO - chord#: 110 In build_straw_man_chord_sa. tolerance = 1, sa_iterations = 1000, initial_temperature = 3.0, cooling_rate = 0.999
26 - INFO - chord#: 106 done. best_score=35.0, changed=524, unchanged=346, early_stops=8/8
26 - INFO - chord#: 108 In build_straw_man_chord_sa. tolerance = 1, sa_iterations = 1000, initial_temperature = 3.0, cooling_rate = 0.999
26 - INFO - chord#: 112 done. best_score=27.0, changed=515, unchanged=432, early_stops=8/8
26 - INFO - chord#: 120 In build_straw_man_chord_sa. tolerance = 1, sa_iterations = 1000, initial_temperature = 3.0, cooling_rate = 0.999
26 - INFO - chord#: 112 done. best_score=27.0, changed=518, unchanged=520, early_stops=8/8
26 - INFO - chord#: 120 In build_straw_man_chord_sa. tolerance = 1, sa_iterations = 1000, initial_temperature = 3.0, cooling_rate = 0.999
26 - INFO - chord#: 104 done. best_score=27.0, changed=519, unchanged=458, early_stops=8/8
26 - INFO - chord#: 106 In build_straw_man_chord_sa. tolerance = 1, sa_iterations = 1000, initial_temperature = 3.0, cooling_rate = 0.999
26 - INFO - chord#: 104 done. best_score=27.0, changed=520, unchanged=412, early_stops=8/8
26 - INFO - chord#: 106 In build_straw_man_chord_sa. tolerance = 1, sa_iterations = 1000, initial_temperature = 3.0, cooling_rate = 0.999
26 - INFO - chord#: 111 done. best_score=36.0, changed=522, unchanged=355, early_stops=8/8
26 - INFO - chord#: 112 In build_straw_man_chord_sa. tolerance = 1, sa_iterations = 1000, initial_temperature = 3.0, cooling_rate = 0.999
26 - INFO - chord#: 120 done. best_score=27.0, changed=521, unchanged=447, early_stops=8/8
26 - INFO - chord#: 124 In build_straw_man_chord_sa. tolerance = 1, sa_iterations = 1000, initial_temperature = 3.0, cooling_rate = 0.999
26 - INFO - chord#: 110 done. best_score=121.0, changed=613, unchanged=307, early_stops=8/8
26 - INFO - chord#: 111 In build_straw_man_chord_sa. tolerance = 1, sa_iterations = 1000, initial_temperature = 3.0, cooling_rate = 0.999
26 - INFO - chord#: 108 done. best_score=36.0, changed=522, unchanged=368, early_stops=8/8
26 - INFO - chord#: 110 In build_straw_man_chord_sa. tolerance = 1, sa_iterations = 1000, initial_temperature = 3.0, cooling_rate = 0.999
26 - INFO - chord#: 120 done. best_score=27.0, changed=524, unchanged=457, early_stops=8/8
26 - INFO - chord#: 124 In build_straw_man_chord_sa. tolerance = 1, sa_iterations = 1000, initial_temperature = 3.0, cooling_rate = 0.999
26 - INFO - chord#: 120 done. best_score=27.0, changed=518, unchanged=361, early_stops=8/8
26 - INFO - chord#: 124 In build_straw_man_chord_sa. tolerance = 1, sa_iterations = 1000, initial_temperature = 3.0, cooling_rate = 0.999
26 - INFO - chord#: 124 done. best_score=27.0, changed=521, unchanged=358, early_stops=8/8
26 - INFO - chord#: 126 In build_straw_man_chord_sa. tolerance = 1, sa_iterations = 1000, initial_temperature = 3.0, cooling_rate = 0.999
26 - INFO - chord#: 110 done. best_score=99.0, changed=614, unchanged=281, early_stops=8/8
26 - INFO - chord#: 111 In build_straw_man_chord_sa. tolerance = 1, sa_iterations = 1000, initial_temperature = 3.0, cooling_rate = 0.999
26 - INFO - chord#: 106 done. best_score=37.0, changed=519, unchanged=353, early_stops=8/8
26 - INFO - chord#: 108 In build_straw_man_chord_sa. tolerance = 1, sa_iterations = 1000, initial_temperature = 3.0, cooling_rate = 0.999
26 - INFO - chord#: 112 done. best_score=27.0, changed=515, unchanged=382, early_stops=8/8
26 - INFO - chord#: 120 In build_straw_man_chord_sa. tolerance = 1, sa_iterations = 1000, initial_temperature = 3.0, cooling_rate = 0.999
26 - INFO - chord#: 106 done. best_score=37.0, changed=522, unchanged=445, early_stops=8/8
26 - INFO - chord#: 108 In build_straw_man_chord_sa. tolerance = 1, sa_iterations = 1000, initial_temperature = 3.0, cooling_rate = 0.999
26 - INFO - chord#: 111 done. best_score=36.0, changed=519, unchanged=389, early_stops=8/8
26 - INFO - chord#: 112 In build_straw_man_chord_sa. tolerance = 1, sa_iterations = 1000, initial_temperature = 3.0, cooling_rate = 0.999
26 - INFO - chord#: 110 done. best_score=121.0, changed=611, unchanged=254, early_stops=8/8
26 - INFO - chord#: 111 In build_straw_man_chord_sa. tolerance = 1, sa_iterations = 1000, initial_temperature = 3.0, cooling_rate = 0.999
26 - INFO - chord#: 103 done. best_score=67.0, changed=611, unchanged=349, early_stops=8/8
26 - INFO - chord#: 104 In build_straw_man_chord_sa. tolerance = 1, sa_iterations = 1000, initial_temperature = 3.0, cooling_rate = 0.999
26 - INFO - chord#: 124 done. best_score=27.0, changed=525, unchanged=485, early_stops=8/8
26 - INFO - chord#: 126 In build_straw_man_chord_sa. tolerance = 1, sa_iterations = 1000, initial_temperature = 3.0, cooling_rate = 0.999
26 - INFO - chord#: 126 done. best_score=27.0, changed=528, unchanged=367, early_stops=8/8
26 - INFO - chord#: 128 In build_straw_man_chord_sa. tolerance = 1, sa_iterations = 1000, initial_temperature = 3.0, cooling_rate = 0.999
26 - INFO - chord#: 124 done. best_score=27.0, changed=523, unchanged=404, early_stops=8/8
26 - INFO - chord#: 126 In build_straw_man_chord_sa. tolerance = 1, sa_iterations = 1000, initial_temperature = 3.0, cooling_rate = 0.999
26 - INFO - chord#: 110 done. best_score=99.0, changed=613, unchanged=487, early_stops=8/8
26 - INFO - chord#: 111 In build_straw_man_chord_sa. tolerance = 1, sa_iterations = 1000, initial_temperature = 3.0, cooling_rate = 0.999
26 - INFO - chord#: 111 done. best_score=36.0, changed=530, unchanged=404, early_stops=8/8
26 - INFO - chord#: 112 In build_straw_man_chord_sa. tolerance = 1, sa_iterations = 1000, initial_temperature = 3.0, cooling_rate = 0.999
26 - INFO - chord#: 108 done. best_score=27.0, changed=532, unchanged=544, early_stops=8/8
26 - INFO - chord#: 110 In build_straw_man_chord_sa. tolerance = 1, sa_iterations = 1000, initial_temperature = 3.0, cooling_rate = 0.999
26 - INFO - chord#: 111 done. best_score=36.0, changed=523, unchanged=342, early_stops=8/8
26 - INFO - chord#: 112 In build_straw_man_chord_sa. tolerance = 1, sa_iterations = 1000, initial_temperature = 3.0, cooling_rate = 0.999
26 - INFO - chord#: 126 done. best_score=27.0, changed=530, unchanged=348, early_stops=8/8
26 - INFO - chord#: 128 In build_straw_man_chord_sa. tolerance = 1, sa_iterations = 1000, initial_temperature = 3.0, cooling_rate = 0.999
26 - INFO - chord#: 108 done. best_score=27.0, changed=515, unchanged=373, early_stops=8/8
26 - INFO - chord#: 110 In build_straw_man_chord_sa. tolerance = 1, sa_iterations = 1000, initial_temperature = 3.0, cooling_rate = 0.999
26 - INFO - chord#: 104 done. best_score=27.0, changed=522, unchanged=381, early_stops=8/8
26 - INFO - chord#: 106 In build_straw_man_chord_sa. tolerance = 1, sa_iterations = 1000, initial_temperature = 3.0, cooling_rate = 0.999
26 - INFO - chord#: 120 done. best_score=27.0, changed=539, unchanged=487, early_stops=8/8
26 - INFO - chord#: 124 In build_straw_man_chord_sa. tolerance = 1, sa_iterations = 1000, initial_temperature = 3.0, cooling_rate = 0.999
26 - INFO - chord#: 112 done. best_score=27.0, changed=527, unchanged=518, early_stops=8/8
26 - INFO - chord#: 120 In build_straw_man_chord_sa. tolerance = 1, sa_iterations = 1000, initial_temperature = 3.0, cooling_rate = 0.999
26 - INFO - chord#: 128 done. best_score=27.0, changed=518, unchanged=483, early_stops=8/8
26 - INFO - chord#: 132 In build_straw_man_chord_sa. tolerance = 1, sa_iterations = 1000, initial_temperature = 3.0, cooling_rate = 0.999
26 - INFO - chord#: 111 done. best_score=36.0, changed=522, unchanged=317, early_stops=8/8
26 - INFO - chord#: 112 In build_straw_man_chord_sa. tolerance = 1, sa_iterations = 1000, initial_temperature = 3.0, cooling_rate = 0.999
26 - INFO - chord#: 126 done. best_score=27.0, changed=539, unchanged=426, early_stops=8/8
26 - INFO - chord#: 128 In build_straw_man_chord_sa. tolerance = 1, sa_iterations = 1000, initial_temperature = 3.0, cooling_rate = 0.999
26 - INFO - chord#: 110 done. best_score=111.0, changed=609, unchanged=370, early_stops=8/8
26 - INFO - chord#: 111 In build_straw_man_chord_sa. tolerance = 1, sa_iterations = 1000, initial_temperature = 3.0, cooling_rate = 0.999
26 - INFO - chord#: 128 done. best_score=27.0, changed=523, unchanged=448, early_stops=8/8
26 - INFO - chord#: 132 In build_straw_man_chord_sa. tolerance = 1, sa_iterations = 1000, initial_temperature = 3.0, cooling_rate = 0.999
26 - INFO - chord#: 112 done. best_score=27.0, changed=522, unchanged=422, early_stops=8/8
26 - INFO - chord#: 120 In build_straw_man_chord_sa. tolerance = 1, sa_iterations = 1000, initial_temperature = 3.0, cooling_rate = 0.999
26 - INFO - chord#: 106 done. best_score=37.0, changed=519, unchanged=381, early_stops=8/8
26 - INFO - chord#: 108 In build_straw_man_chord_sa. tolerance = 1, sa_iterations = 1000, initial_temperature = 3.0, cooling_rate = 0.999
26 - INFO - chord#: 124 done. best_score=27.0, changed=518, unchanged=337, early_stops=8/8
26 - INFO - chord#: 126 In build_straw_man_chord_sa. tolerance = 1, sa_iterations = 1000, initial_temperature = 3.0, cooling_rate = 0.999
26 - INFO - chord#: 112 done. best_score=27.0, changed=521, unchanged=512, early_stops=8/8
26 - INFO - chord#: 120 In build_straw_man_chord_sa. tolerance = 1, sa_iterations = 1000, initial_temperature = 3.0, cooling_rate = 0.999
26 - INFO - chord#: 132 done. best_score=31.0, changed=524, unchanged=339, early_stops=8/8
26 - INFO - chord#: 134 In build_straw_man_chord_sa. tolerance = 1, sa_iterations = 1000, initial_temperature = 3.0, cooling_rate = 0.999
26 - INFO - chord#: 120 done. best_score=27.0, changed=523, unchanged=346, early_stops=8/8
26 - INFO - chord#: 124 In build_straw_man_chord_sa. tolerance = 1, sa_iterations = 1000, initial_temperature = 3.0, cooling_rate = 0.999
26 - INFO - chord#: 132 done. best_score=31.0, changed=520, unchanged=353, early_stops=8/8
26 - INFO - chord#: 134 In build_straw_man_chord_sa. tolerance = 1, sa_iterations = 1000, initial_temperature = 3.0, cooling_rate = 0.999
26 - INFO - chord#: 111 done. best_score=36.0, changed=535, unchanged=363, early_stops=8/8
26 - INFO - chord#: 112 In build_straw_man_chord_sa. tolerance = 1, sa_iterations = 1000, initial_temperature = 3.0, cooling_rate = 0.999
26 - INFO - chord#: 120 done. best_score=27.0, changed=526, unchanged=346, early_stops=8/8
26 - INFO - chord#: 124 In build_straw_man_chord_sa. tolerance = 1, sa_iterations = 1000, initial_temperature = 3.0, cooling_rate = 0.999
26 - INFO - chord#: 128 done. best_score=27.0, changed=530, unchanged=435, early_stops=8/8
26 - INFO - chord#: 132 In build_straw_man_chord_sa. tolerance = 1, sa_iterations = 1000, initial_temperature = 3.0, cooling_rate = 0.999
26 - INFO - chord#: 108 done. best_score=27.0, changed=523, unchanged=408, early_stops=8/8
26 - INFO - chord#: 110 In build_straw_man_chord_sa. tolerance = 1, sa_iterations = 1000, initial_temperature = 3.0, cooling_rate = 0.999
26 - INFO - chord#: 110 done. best_score=121.0, changed=612, unchanged=388, early_stops=8/8
26 - INFO - chord#: 111 In build_straw_man_chord_sa. tolerance = 1, sa_iterations = 1000, initial_temperature = 3.0, cooling_rate = 0.999
26 - INFO - chord#: 134 done. best_score=27.0, changed=525, unchanged=436, early_stops=8/8
26 - INFO - chord#: 135 In build_straw_man_chord_sa. tolerance = 1, sa_iterations = 1000, initial_temperature = 3.0, cooling_rate = 0.999
26 - INFO - chord#: 126 done. best_score=27.0, changed=527, unchanged=360, early_stops=8/8
26 - INFO - chord#: 128 In build_straw_man_chord_sa. tolerance = 1, sa_iterations = 1000, initial_temperature = 3.0, cooling_rate = 0.999
26 - INFO - chord#: 120 done. best_score=27.0, changed=521, unchanged=335, early_stops=8/8
26 - INFO - chord#: 124 In build_straw_man_chord_sa. tolerance = 1, sa_iterations = 1000, initial_temperature = 3.0, cooling_rate = 0.999
26 - INFO - chord#: 112 done. best_score=27.0, changed=536, unchanged=664, early_stops=8/8
26 - INFO - chord#: 120 In build_straw_man_chord_sa. tolerance = 1, sa_iterations = 1000, initial_temperature = 3.0, cooling_rate = 0.999
26 - INFO - chord#: 124 done. best_score=27.0, changed=517, unchanged=395, early_stops=8/8
26 - INFO - chord#: 126 In build_straw_man_chord_sa. tolerance = 1, sa_iterations = 1000, initial_temperature = 3.0, cooling_rate = 0.999
26 - INFO - chord#: 134 done. best_score=27.0, changed=517, unchanged=488, early_stops=8/8
26 - INFO - chord#: 135 In build_straw_man_chord_sa. tolerance = 1, sa_iterations = 1000, initial_temperature = 3.0, cooling_rate = 0.999
26 - INFO - chord#: 124 done. best_score=27.0, changed=530, unchanged=461, early_stops=8/8
26 - INFO - chord#: 126 In build_straw_man_chord_sa. tolerance = 1, sa_iterations = 1000, initial_temperature = 3.0, cooling_rate = 0.999
26 - INFO - chord#: 112 done. best_score=27.0, changed=519, unchanged=475, early_stops=8/8
26 - INFO - chord#: 120 In build_straw_man_chord_sa. tolerance = 1, sa_iterations = 1000, initial_temperature = 3.0, cooling_rate = 0.999
26 - INFO - chord#: 111 done. best_score=36.0, changed=518, unchanged=345, early_stops=8/8
26 - INFO - chord#: 112 In build_straw_man_chord_sa. tolerance = 1, sa_iterations = 1000, initial_temperature = 3.0, cooling_rate = 0.999
26 - INFO - chord#: 132 done. best_score=31.0, changed=530, unchanged=331, early_stops=8/8
26 - INFO - chord#: 134 In build_straw_man_chord_sa. tolerance = 1, sa_iterations = 1000, initial_temperature = 3.0, cooling_rate = 0.999
26 - INFO - chord#: 128 done. best_score=27.0, changed=528, unchanged=534, early_stops=8/8
26 - INFO - chord#: 132 In build_straw_man_chord_sa. tolerance = 1, sa_iterations = 1000, initial_temperature = 3.0, cooling_rate = 0.999
26 - INFO - chord#: 110 done. best_score=99.0, changed=611, unchanged=396, early_stops=8/8
26 - INFO - chord#: 111 In build_straw_man_chord_sa. tolerance = 1, sa_iterations = 1000, initial_temperature = 3.0, cooling_rate = 0.999
26 - INFO - chord#: 124 done. best_score=27.0, changed=521, unchanged=414, early_stops=8/8
26 - INFO - chord#: 126 In build_straw_man_chord_sa. tolerance = 1, sa_iterations = 1000, initial_temperature = 3.0, cooling_rate = 0.999
26 - INFO - chord#: 126 done. best_score=27.0, changed=523, unchanged=331, early_stops=8/8
26 - INFO - chord#: 128 In build_straw_man_chord_sa. tolerance = 1, sa_iterations = 1000, initial_temperature = 3.0, cooling_rate = 0.999
26 - INFO - chord#: 120 done. best_score=27.0, changed=521, unchanged=331, early_stops=8/8
26 - INFO - chord#: 124 In build_straw_man_chord_sa. tolerance = 1, sa_iterations = 1000, initial_temperature = 3.0, cooling_rate = 0.999
26 - INFO - chord#: 126 done. best_score=27.0, changed=530, unchanged=331, early_stops=8/8
26 - INFO - chord#: 128 In build_straw_man_chord_sa. tolerance = 1, sa_iterations = 1000, initial_temperature = 3.0, cooling_rate = 0.999
26 - INFO - chord#: 120 done. best_score=27.0, changed=522, unchanged=362, early_stops=8/8
26 - INFO - chord#: 124 In build_straw_man_chord_sa. tolerance = 1, sa_iterations = 1000, initial_temperature = 3.0, cooling_rate = 0.999
26 - INFO - chord#: 112 done. best_score=27.0, changed=519, unchanged=388, early_stops=8/8
26 - INFO - chord#: 120 In build_straw_man_chord_sa. tolerance = 1, sa_iterations = 1000, initial_temperature = 3.0, cooling_rate = 0.999
26 - INFO - chord#: 134 done. best_score=27.0, changed=521, unchanged=368, early_stops=8/8
26 - INFO - chord#: 135 In build_straw_man_chord_sa. tolerance = 1, sa_iterations = 1000, initial_temperature = 3.0, cooling_rate = 0.999
26 - INFO - chord#: 135 done. best_score=67.0, changed=616, unchanged=382, early_stops=8/8
26 - INFO - chord#: 136 In build_straw_man_chord_sa. tolerance = 1, sa_iterations = 1000, initial_temperature = 3.0, cooling_rate = 0.999
26 - INFO - chord#: 110 done. best_score=148.0, changed=607, unchanged=275, early_stops=8/8
26 - INFO - chord#: 111 In build_straw_man_chord_sa. tolerance = 1, sa_iterations = 1000, initial_temperature = 3.0, cooling_rate = 0.999
26 - INFO - chord#: 128 done. best_score=27.0, changed=518, unchanged=371, early_stops=8/8
26 - INFO - chord#: 132 In build_straw_man_chord_sa. tolerance = 1, sa_iterations = 1000, initial_temperature = 3.0, cooling_rate = 0.999
26 - INFO - chord#: 126 done. best_score=27.0, changed=523, unchanged=305, early_stops=8/8
26 - INFO - chord#: 128 In build_straw_man_chord_sa. tolerance = 1, sa_iterations = 1000, initial_temperature = 3.0, cooling_rate = 0.999
26 - INFO - chord#: 132 done. best_score=31.0, changed=524, unchanged=318, early_stops=8/8
26 - INFO - chord#: 134 In build_straw_man_chord_sa. tolerance = 1, sa_iterations = 1000, initial_temperature = 3.0, cooling_rate = 0.999
26 - INFO - chord#: 111 done. best_score=36.0, changed=523, unchanged=359, early_stops=8/8
26 - INFO - chord#: 112 In build_straw_man_chord_sa. tolerance = 1, sa_iterations = 1000, initial_temperature = 3.0, cooling_rate = 0.999
26 - INFO - chord#: 128 done. best_score=27.0, changed=518, unchanged=347, early_stops=8/8
26 - INFO - chord#: 132 In build_straw_man_chord_sa. tolerance = 1, sa_iterations = 1000, initial_temperature = 3.0, cooling_rate = 0.999
26 - INFO - chord#: 124 done. best_score=27.0, changed=523, unchanged=400, early_stops=8/8
26 - INFO - chord#: 126 In build_straw_man_chord_sa. tolerance = 1, sa_iterations = 1000, initial_temperature = 3.0, cooling_rate = 0.999
26 - INFO - chord#: 124 done. best_score=27.0, changed=526, unchanged=409, early_stops=8/8
26 - INFO - chord#: 126 In build_straw_man_chord_sa. tolerance = 1, sa_iterations = 1000, initial_temperature = 3.0, cooling_rate = 0.999
26 - INFO - chord#: 120 done. best_score=27.0, changed=527, unchanged=430, early_stops=8/8
26 - INFO - chord#: 124 In build_straw_man_chord_sa. tolerance = 1, sa_iterations = 1000, initial_temperature = 3.0, cooling_rate = 0.999
26 - INFO - chord#: 136 done. best_score=27.0, changed=531, unchanged=406, early_stops=8/8
26 - INFO - chord#: 135 done. best_score=67.0, changed=616, unchanged=400, early_stops=8/8
26 - INFO - chord#: 136 In build_straw_man_chord_sa. tolerance = 1, sa_iterations = 1000, initial_temperature = 3.0, cooling_rate = 0.999
26 - INFO - chord#: 111 done. best_score=36.0, changed=528, unchanged=310, early_stops=8/8
26 - INFO - chord#: 112 In build_straw_man_chord_sa. tolerance = 1, sa_iterations = 1000, initial_temperature = 3.0, cooling_rate = 0.999
26 - INFO - chord#: 132 done. best_score=31.0, changed=522, unchanged=290, early_stops=8/8
26 - INFO - chord#: 134 In build_straw_man_chord_sa. tolerance = 1, sa_iterations = 1000, initial_temperature = 3.0, cooling_rate = 0.999
26 - INFO - chord#: 128 done. best_score=27.0, changed=522, unchanged=361, early_stops=8/8
26 - INFO - chord#: 132 In build_straw_man_chord_sa. tolerance = 1, sa_iterations = 1000, initial_temperature = 3.0, cooling_rate = 0.999
26 - INFO - chord#: 126 done. best_score=27.0, changed=525, unchanged=349, early_stops=8/8
26 - INFO - chord#: 128 In build_straw_man_chord_sa. tolerance = 1, sa_iterations = 1000, initial_temperature = 3.0, cooling_rate = 0.999
26 - INFO - chord#: 134 done. best_score=27.0, changed=519, unchanged=372, early_stops=8/8
26 - INFO - chord#: 135 In build_straw_man_chord_sa. tolerance = 1, sa_iterations = 1000, initial_temperature = 3.0, cooling_rate = 0.999
26 - INFO - chord#: 132 done. best_score=31.0, changed=522, unchanged=315, early_stops=8/8
26 - INFO - chord#: 134 In build_straw_man_chord_sa. tolerance = 1, sa_iterations = 1000, initial_temperature = 3.0, cooling_rate = 0.999
26 - INFO - chord#: 112 done. best_score=27.0, changed=519, unchanged=383, early_stops=8/8
26 - INFO - chord#: 120 In build_straw_man_chord_sa. tolerance = 1, sa_iterations = 1000, initial_temperature = 3.0, cooling_rate = 0.999
26 - INFO - chord#: 126 done. best_score=27.0, changed=523, unchanged=397, early_stops=8/8
26 - INFO - chord#: 128 In build_straw_man_chord_sa. tolerance = 1, sa_iterations = 1000, initial_temperature = 3.0, cooling_rate = 0.999
26 - INFO - chord#: 136 done. best_score=27.0, changed=523, unchanged=352, early_stops=8/8
26 - INFO - chord#: 124 done. best_score=27.0, changed=526, unchanged=395, early_stops=8/8
26 - INFO - chord#: 126 In build_straw_man_chord_sa. tolerance = 1, sa_iterations = 1000, initial_temperature = 3.0, cooling_rate = 0.999
26 - INFO - chord#: 112 done. best_score=27.0, changed=514, unchanged=422, early_stops=8/8
26 - INFO - chord#: 120 In build_straw_man_chord_sa. tolerance = 1, sa_iterations = 1000, initial_temperature = 3.0, cooling_rate = 0.999
26 - INFO - chord#: 134 done. best_score=27.0, changed=515, unchanged=393, early_stops=8/8
26 - INFO - chord#: 135 In build_straw_man_chord_sa. tolerance = 1, sa_iterations = 1000, initial_temperature = 3.0, cooling_rate = 0.999
26 - INFO - chord#: 128 done. best_score=27.0, changed=522, unchanged=399, early_stops=8/8
26 - INFO - chord#: 132 In build_straw_man_chord_sa. tolerance = 1, sa_iterations = 1000, initial_temperature = 3.0, cooling_rate = 0.999
26 - INFO - chord#: 135 done. best_score=137.0, changed=610, unchanged=247, early_stops=8/8
26 - INFO - chord#: 136 In build_straw_man_chord_sa. tolerance = 1, sa_iterations = 1000, initial_temperature = 3.0, cooling_rate = 0.999
26 - INFO - chord#: 132 done. best_score=31.0, changed=530, unchanged=333, early_stops=8/8
26 - INFO - chord#: 134 In build_straw_man_chord_sa. tolerance = 1, sa_iterations = 1000, initial_temperature = 3.0, cooling_rate = 0.999
26 - INFO - chord#: 120 done. best_score=27.0, changed=524, unchanged=415, early_stops=8/8
26 - INFO - chord#: 124 In build_straw_man_chord_sa. tolerance = 1, sa_iterations = 1000, initial_temperature = 3.0, cooling_rate = 0.999
26 - INFO - chord#: 134 done. best_score=27.0, changed=526, unchanged=397, early_stops=8/8
26 - INFO - chord#: 135 In build_straw_man_chord_sa. tolerance = 1, sa_iterations = 1000, initial_temperature = 3.0, cooling_rate = 0.999
26 - INFO - chord#: 126 done. best_score=27.0, changed=526, unchanged=376, early_stops=8/8
26 - INFO - chord#: 128 In build_straw_man_chord_sa. tolerance = 1, sa_iterations = 1000, initial_temperature = 3.0, cooling_rate = 0.999
26 - INFO - chord#: 128 done. best_score=27.0, changed=524, unchanged=408, early_stops=8/8
26 - INFO - chord#: 132 In build_straw_man_chord_sa. tolerance = 1, sa_iterations = 1000, initial_temperature = 3.0, cooling_rate = 0.999
26 - INFO - chord#: 120 done. best_score=27.0, changed=520, unchanged=308, early_stops=8/8
26 - INFO - chord#: 124 In build_straw_man_chord_sa. tolerance = 1, sa_iterations = 1000, initial_temperature = 3.0, cooling_rate = 0.999
26 - INFO - chord#: 132 done. best_score=31.0, changed=522, unchanged=479, early_stops=8/8
26 - INFO - chord#: 134 In build_straw_man_chord_sa. tolerance = 1, sa_iterations = 1000, initial_temperature = 3.0, cooling_rate = 0.999
26 - INFO - chord#: 124 done. best_score=27.0, changed=529, unchanged=366, early_stops=8/8
26 - INFO - chord#: 126 In build_straw_man_chord_sa. tolerance = 1, sa_iterations = 1000, initial_temperature = 3.0, cooling_rate = 0.999
26 - INFO - chord#: 128 done. best_score=27.0, changed=515, unchanged=360, early_stops=8/8
26 - INFO - chord#: 132 In build_straw_man_chord_sa. tolerance = 1, sa_iterations = 1000, initial_temperature = 3.0, cooling_rate = 0.999
26 - INFO - chord#: 136 done. best_score=27.0, changed=529, unchanged=384, early_stops=8/8
26 - INFO - chord#: 134 done. best_score=27.0, changed=514, unchanged=337, early_stops=8/8
26 - INFO - chord#: 135 In build_straw_man_chord_sa. tolerance = 1, sa_iterations = 1000, initial_temperature = 3.0, cooling_rate = 0.999
26 - INFO - chord#: 124 done. best_score=27.0, changed=517, unchanged=388, early_stops=8/8
26 - INFO - chord#: 126 In build_straw_man_chord_sa. tolerance = 1, sa_iterations = 1000, initial_temperature = 3.0, cooling_rate = 0.999
26 - INFO - chord#: 132 done. best_score=31.0, changed=528, unchanged=329, early_stops=8/8
26 - INFO - chord#: 134 In build_straw_man_chord_sa. tolerance = 1, sa_iterations = 1000, initial_temperature = 3.0, cooling_rate = 0.999
26 - INFO - chord#: 126 done. best_score=27.0, changed=524, unchanged=375, early_stops=8/8
26 - INFO - chord#: 128 In build_straw_man_chord_sa. tolerance = 1, sa_iterations = 1000, initial_temperature = 3.0, cooling_rate = 0.999
26 - INFO - chord#: 134 done. best_score=27.0, changed=525, unchanged=446, early_stops=8/8
26 - INFO - chord#: 135 In build_straw_man_chord_sa. tolerance = 1, sa_iterations = 1000, initial_temperature = 3.0, cooling_rate = 0.999
26 - INFO - chord#: 135 done. best_score=67.0, changed=613, unchanged=309, early_stops=8/8
26 - INFO - chord#: 136 In build_straw_man_chord_sa. tolerance = 1, sa_iterations = 1000, initial_temperature = 3.0, cooling_rate = 0.999
26 - INFO - chord#: 132 done. best_score=31.0, changed=527, unchanged=418, early_stops=8/8
26 - INFO - chord#: 134 In build_straw_man_chord_sa. tolerance = 1, sa_iterations = 1000, initial_temperature = 3.0, cooling_rate = 0.999
26 - INFO - chord#: 126 done. best_score=27.0, changed=525, unchanged=314, early_stops=8/8
26 - INFO - chord#: 128 In build_straw_man_chord_sa. tolerance = 1, sa_iterations = 1000, initial_temperature = 3.0, cooling_rate = 0.999
26 - INFO - chord#: 135 done. best_score=67.0, changed=614, unchanged=436, early_stops=8/8
26 - INFO - chord#: 136 In build_straw_man_chord_sa. tolerance = 1, sa_iterations = 1000, initial_temperature = 3.0, cooling_rate = 0.999
26 - INFO - chord#: 134 done. best_score=27.0, changed=515, unchanged=344, early_stops=8/8
26 - INFO - chord#: 135 In build_straw_man_chord_sa. tolerance = 1, sa_iterations = 1000, initial_temperature = 3.0, cooling_rate = 0.999
26 - INFO - chord#: 135 done. best_score=145.0, changed=611, unchanged=312, early_stops=8/8
26 - INFO - chord#: 136 In build_straw_man_chord_sa. tolerance = 1, sa_iterations = 1000, initial_temperature = 3.0, cooling_rate = 0.999
26 - INFO - chord#: 128 done. best_score=27.0, changed=523, unchanged=375, early_stops=8/8
26 - INFO - chord#: 132 In build_straw_man_chord_sa. tolerance = 1, sa_iterations = 1000, initial_temperature = 3.0, cooling_rate = 0.999
26 - INFO - chord#: 134 done. best_score=27.0, changed=510, unchanged=408, early_stops=8/8
26 - INFO - chord#: 135 In build_straw_man_chord_sa. tolerance = 1, sa_iterations = 1000, initial_temperature = 3.0, cooling_rate = 0.999
26 - INFO - chord#: 136 done. best_score=27.0, changed=520, unchanged=322, early_stops=8/8
26 - INFO - chord#: 136 done. best_score=27.0, changed=527, unchanged=336, early_stops=8/8
26 - INFO - chord#: 128 done. best_score=27.0, changed=523, unchanged=458, early_stops=8/8
26 - INFO - chord#: 132 In build_straw_man_chord_sa. tolerance = 1, sa_iterations = 1000, initial_temperature = 3.0, cooling_rate = 0.999
26 - INFO - chord#: 136 done. best_score=27.0, changed=525, unchanged=362, early_stops=8/8
26 - INFO - chord#: 132 done. best_score=31.0, changed=525, unchanged=326, early_stops=8/8
26 - INFO - chord#: 134 In build_straw_man_chord_sa. tolerance = 1, sa_iterations = 1000, initial_temperature = 3.0, cooling_rate = 0.999
26 - INFO - chord#: 135 done. best_score=195.0, changed=608, unchanged=227, early_stops=8/8
26 - INFO - chord#: 136 In build_straw_man_chord_sa. tolerance = 1, sa_iterations = 1000, initial_temperature = 3.0, cooling_rate = 0.999
26 - INFO - chord#: 132 done. best_score=31.0, changed=518, unchanged=404, early_stops=8/8
26 - INFO - chord#: 134 In build_straw_man_chord_sa. tolerance = 1, sa_iterations = 1000, initial_temperature = 3.0, cooling_rate = 0.999
26 - INFO - chord#: 135 done. best_score=96.0, changed=615, unchanged=438, early_stops=8/8
26 - INFO - chord#: 136 In build_straw_man_chord_sa. tolerance = 1, sa_iterations = 1000, initial_temperature = 3.0, cooling_rate = 0.999
26 - INFO - chord#: 134 done. best_score=27.0, changed=526, unchanged=407, early_stops=8/8
26 - INFO - chord#: 135 In build_straw_man_chord_sa. tolerance = 1, sa_iterations = 1000, initial_temperature = 3.0, cooling_rate = 0.999
26 - INFO - chord#: 136 done. best_score=27.0, changed=531, unchanged=350, early_stops=8/8
26 - INFO - chord#: 134 done. best_score=27.0, changed=518, unchanged=324, early_stops=8/8
26 - INFO - chord#: 135 In build_straw_man_chord_sa. tolerance = 1, sa_iterations = 1000, initial_temperature = 3.0, cooling_rate = 0.999
26 - INFO - chord#: 135 done. best_score=67.0, changed=616, unchanged=265, early_stops=8/8
26 - INFO - chord#: 136 In build_straw_man_chord_sa. tolerance = 1, sa_iterations = 1000, initial_temperature = 3.0, cooling_rate = 0.999
26 - INFO - chord#: 135 done. best_score=67.0, changed=610, unchanged=356, early_stops=8/8
26 - INFO - chord#: 136 In build_straw_man_chord_sa. tolerance = 1, sa_iterations = 1000, initial_temperature = 3.0, cooling_rate = 0.999
26 - INFO - chord#: 136 done. best_score=27.0, changed=527, unchanged=419, early_stops=8/8
26 - INFO - chord#: 136 done. best_score=27.0, changed=523, unchanged=386, early_stops=8/8
26 - INFO - chord#: 136 done. best_score=27.0, changed=515, unchanged=440, early_stops=8/8
26 - INFO - chord#: 135 done. best_score=201.0, changed=617, unchanged=259, early_stops=8/8
26 - INFO - chord#: 136 In build_straw_man_chord_sa. tolerance = 1, sa_iterations = 1000, initial_temperature = 3.0, cooling_rate = 0.999
26 - INFO - chord#: 135 done. best_score=78.0, changed=611, unchanged=400, early_stops=8/8
26 - INFO - chord#: 136 In build_straw_man_chord_sa. tolerance = 1, sa_iterations = 1000, initial_temperature = 3.0, cooling_rate = 0.999
26 - INFO - chord#: 136 done. best_score=27.0, changed=525, unchanged=345, early_stops=8/8
26 - INFO - chord#: 136 done. best_score=27.0, changed=526, unchanged=451, early_stops=8/8
26 - INFO - chord#: 0 In build_straw_man_chord_sa. tolerance = 1, sa_iterations = 1000, initial_temperature = 3.0, cooling_rate = 0.999
26 - INFO - chord#: 0 In build_straw_man_chord_sa. tolerance = 1, sa_iterations = 1000, initial_temperature = 3.0, cooling_rate = 0.999
26 - INFO - chord#: 0 In build_straw_man_chord_sa. tolerance = 1, sa_iterations = 1000, initial_temperature = 3.0, cooling_rate = 0.999
26 - INFO - chord#: 0 In build_straw_man_chord_sa. tolerance = 1, sa_iterations = 1000, initial_temperature = 3.0, cooling_rate = 0.999
26 - INFO - chord#: 0 In build_straw_man_chord_sa. tolerance = 1, sa_iterations = 1000, initial_temperature = 3.0, cooling_rate = 0.999
26 - INFO - chord#: 0 In build_straw_man_chord_sa. tolerance = 1, sa_iterations = 1000, initial_temperature = 3.0, cooling_rate = 0.999
26 - INFO - chord#: 0 In build_straw_man_chord_sa. tolerance = 1, sa_iterations = 1000, initial_temperature = 3.0, cooling_rate = 0.999
26 - INFO - chord#: 0 In build_straw_man_chord_sa. tolerance = 1, sa_iterations = 1000, initial_temperature = 3.0, cooling_rate = 0.999
26 - INFO - chord#: 0 In build_straw_man_chord_sa. tolerance = 1, sa_iterations = 1000, initial_temperature = 3.0, cooling_rate = 0.999
26 - INFO - chord#: 0 In build_straw_man_chord_sa. tolerance = 1, sa_iterations = 1000, initial_temperature = 3.0, cooling_rate = 0.999
26 - INFO - chord#: 0 In build_straw_man_chord_sa. tolerance = 1, sa_iterations = 1000, initial_temperature = 3.0, cooling_rate = 0.999
26 - INFO - chord#: 0 In build_straw_man_chord_sa. tolerance = 1, sa_iterations = 1000, initial_temperature = 3.0, cooling_rate = 0.999
26 - INFO - chord#: 0 done. best_score=27.0, changed=519, unchanged=393, early_stops=8/8
26 - INFO - chord#: 4 In build_straw_man_chord_sa. tolerance = 1, sa_iterations = 1000, initial_temperature = 3.0, cooling_rate = 0.999
26 - INFO - chord#: 0 done. best_score=27.0, changed=517, unchanged=390, early_stops=8/8
26 - INFO - chord#: 4 In build_straw_man_chord_sa. tolerance = 1, sa_iterations = 1000, initial_temperature = 3.0, cooling_rate = 0.999
26 - INFO - chord#: 0 done. best_score=27.0, changed=527, unchanged=357, early_stops=8/8
26 - INFO - chord#: 4 In build_straw_man_chord_sa. tolerance = 1, sa_iterations = 1000, initial_temperature = 3.0, cooling_rate = 0.999
26 - INFO - chord#: 0 done. best_score=27.0, changed=530, unchanged=493, early_stops=8/8
26 - INFO - chord#: 4 In build_straw_man_chord_sa. tolerance = 1, sa_iterations = 1000, initial_temperature = 3.0, cooling_rate = 0.999
26 - INFO - chord#: 0 done. best_score=27.0, changed=525, unchanged=452, early_stops=8/8
26 - INFO - chord#: 4 In build_straw_man_chord_sa. tolerance = 1, sa_iterations = 1000, initial_temperature = 3.0, cooling_rate = 0.999
26 - INFO - chord#: 0 done. best_score=27.0, changed=528, unchanged=551, early_stops=8/8
26 - INFO - chord#: 4 In build_straw_man_chord_sa. tolerance = 1, sa_iterations = 1000, initial_temperature = 3.0, cooling_rate = 0.999
26 - INFO - chord#: 0 done. best_score=27.0, changed=514, unchanged=363, early_stops=8/8
26 - INFO - chord#: 4 In build_straw_man_chord_sa. tolerance = 1, sa_iterations = 1000, initial_temperature = 3.0, cooling_rate = 0.999
26 - INFO - chord#: 0 done. best_score=27.0, changed=526, unchanged=429, early_stops=8/8
26 - INFO - chord#: 4 In build_straw_man_chord_sa. tolerance = 1, sa_iterations = 1000, initial_temperature = 3.0, cooling_rate = 0.999
26 - INFO - chord#: 0 done. best_score=27.0, changed=521, unchanged=419, early_stops=8/8
26 - INFO - chord#: 4 In build_straw_man_chord_sa. tolerance = 1, sa_iterations = 1000, initial_temperature = 3.0, cooling_rate = 0.999
26 - INFO - chord#: 0 done. best_score=27.0, changed=521, unchanged=410, early_stops=8/8
26 - INFO - chord#: 4 In build_straw_man_chord_sa. tolerance = 1, sa_iterations = 1000, initial_temperature = 3.0, cooling_rate = 0.999
26 - INFO - chord#: 0 done. best_score=27.0, changed=526, unchanged=449, early_stops=8/8
26 - INFO - chord#: 4 In build_straw_man_chord_sa. tolerance = 1, sa_iterations = 1000, initial_temperature = 3.0, cooling_rate = 0.999
26 - INFO - chord#: 0 done. best_score=27.0, changed=523, unchanged=481, early_stops=8/8
26 - INFO - chord#: 4 In build_straw_man_chord_sa. tolerance = 1, sa_iterations = 1000, initial_temperature = 3.0, cooling_rate = 0.999
26 - INFO - chord#: 4 done. best_score=27.0, changed=514, unchanged=324, early_stops=8/8
26 - INFO - chord#: 6 In build_straw_man_chord_sa. tolerance = 1, sa_iterations = 1000, initial_temperature = 3.0, cooling_rate = 0.999
26 - INFO - chord#: 4 done. best_score=27.0, changed=529, unchanged=394, early_stops=8/8
26 - INFO - chord#: 6 In build_straw_man_chord_sa. tolerance = 1, sa_iterations = 1000, initial_temperature = 3.0, cooling_rate = 0.999
26 - INFO - chord#: 4 done. best_score=27.0, changed=522, unchanged=422, early_stops=8/8
26 - INFO - chord#: 6 In build_straw_man_chord_sa. tolerance = 1, sa_iterations = 1000, initial_temperature = 3.0, cooling_rate = 0.999
26 - INFO - chord#: 4 done. best_score=27.0, changed=527, unchanged=392, early_stops=8/8
26 - INFO - chord#: 6 In build_straw_man_chord_sa. tolerance = 1, sa_iterations = 1000, initial_temperature = 3.0, cooling_rate = 0.999
26 - INFO - chord#: 4 done. best_score=27.0, changed=522, unchanged=384, early_stops=8/8
26 - INFO - chord#: 6 In build_straw_man_chord_sa. tolerance = 1, sa_iterations = 1000, initial_temperature = 3.0, cooling_rate = 0.999
26 - INFO - chord#: 4 done. best_score=27.0, changed=532, unchanged=479, early_stops=8/8
26 - INFO - chord#: 6 In build_straw_man_chord_sa. tolerance = 1, sa_iterations = 1000, initial_temperature = 3.0, cooling_rate = 0.999
26 - INFO - chord#: 4 done. best_score=27.0, changed=522, unchanged=314, early_stops=8/8
26 - INFO - chord#: 6 In build_straw_man_chord_sa. tolerance = 1, sa_iterations = 1000, initial_temperature = 3.0, cooling_rate = 0.999
26 - INFO - chord#: 4 done. best_score=27.0, changed=522, unchanged=339, early_stops=8/8
26 - INFO - chord#: 6 In build_straw_man_chord_sa. tolerance = 1, sa_iterations = 1000, initial_temperature = 3.0, cooling_rate = 0.999
26 - INFO - chord#: 4 done. best_score=27.0, changed=515, unchanged=381, early_stops=8/8
26 - INFO - chord#: 6 In build_straw_man_chord_sa. tolerance = 1, sa_iterations = 1000, initial_temperature = 3.0, cooling_rate = 0.999
26 - INFO - chord#: 4 done. best_score=27.0, changed=524, unchanged=316, early_stops=8/8
26 - INFO - chord#: 6 In build_straw_man_chord_sa. tolerance = 1, sa_iterations = 1000, initial_temperature = 3.0, cooling_rate = 0.999
26 - INFO - chord#: 4 done. best_score=27.0, changed=529, unchanged=427, early_stops=8/8
26 - INFO - chord#: 6 In build_straw_man_chord_sa. tolerance = 1, sa_iterations = 1000, initial_temperature = 3.0, cooling_rate = 0.999
26 - INFO - chord#: 4 done. best_score=27.0, changed=524, unchanged=435, early_stops=8/8
26 - INFO - chord#: 6 In build_straw_man_chord_sa. tolerance = 1, sa_iterations = 1000, initial_temperature = 3.0, cooling_rate = 0.999
26 - INFO - chord#: 6 done. best_score=27.0, changed=530, unchanged=346, early_stops=8/8
26 - INFO - chord#: 8 In build_straw_man_chord_sa. tolerance = 1, sa_iterations = 1000, initial_temperature = 3.0, cooling_rate = 0.999
26 - INFO - chord#: 6 done. best_score=27.0, changed=522, unchanged=381, early_stops=8/8
26 - INFO - chord#: 8 In build_straw_man_chord_sa. tolerance = 1, sa_iterations = 1000, initial_temperature = 3.0, cooling_rate = 0.999
26 - INFO - chord#: 6 done. best_score=27.0, changed=529, unchanged=353, early_stops=8/8
26 - INFO - chord#: 8 In build_straw_man_chord_sa. tolerance = 1, sa_iterations = 1000, initial_temperature = 3.0, cooling_rate = 0.999
26 - INFO - chord#: 6 done. best_score=27.0, changed=525, unchanged=360, early_stops=8/8
26 - INFO - chord#: 8 In build_straw_man_chord_sa. tolerance = 1, sa_iterations = 1000, initial_temperature = 3.0, cooling_rate = 0.999
26 - INFO - chord#: 6 done. best_score=27.0, changed=524, unchanged=309, early_stops=8/8
26 - INFO - chord#: 8 In build_straw_man_chord_sa. tolerance = 1, sa_iterations = 1000, initial_temperature = 3.0, cooling_rate = 0.999
26 - INFO - chord#: 6 done. best_score=27.0, changed=529, unchanged=333, early_stops=8/8
26 - INFO - chord#: 8 In build_straw_man_chord_sa. tolerance = 1, sa_iterations = 1000, initial_temperature = 3.0, cooling_rate = 0.999
26 - INFO - chord#: 6 done. best_score=27.0, changed=525, unchanged=320, early_stops=8/8
26 - INFO - chord#: 8 In build_straw_man_chord_sa. tolerance = 1, sa_iterations = 1000, initial_temperature = 3.0, cooling_rate = 0.999
26 - INFO - chord#: 6 done. best_score=27.0, changed=518, unchanged=327, early_stops=8/8
26 - INFO - chord#: 8 In build_straw_man_chord_sa. tolerance = 1, sa_iterations = 1000, initial_temperature = 3.0, cooling_rate = 0.999
26 - INFO - chord#: 6 done. best_score=27.0, changed=518, unchanged=307, early_stops=8/8
26 - INFO - chord#: 8 In build_straw_man_chord_sa. tolerance = 1, sa_iterations = 1000, initial_temperature = 3.0, cooling_rate = 0.999
26 - INFO - chord#: 6 done. best_score=27.0, changed=521, unchanged=373, early_stops=8/8
26 - INFO - chord#: 8 In build_straw_man_chord_sa. tolerance = 1, sa_iterations = 1000, initial_temperature = 3.0, cooling_rate = 0.999
26 - INFO - chord#: 6 done. best_score=27.0, changed=529, unchanged=449, early_stops=8/8
26 - INFO - chord#: 8 In build_straw_man_chord_sa. tolerance = 1, sa_iterations = 1000, initial_temperature = 3.0, cooling_rate = 0.999
26 - INFO - chord#: 8 done. best_score=31.0, changed=521, unchanged=393, early_stops=8/8
26 - INFO - chord#: 10 In build_straw_man_chord_sa. tolerance = 1, sa_iterations = 1000, initial_temperature = 3.0, cooling_rate = 0.999
26 - INFO - chord#: 8 done. best_score=31.0, changed=527, unchanged=343, early_stops=8/8
26 - INFO - chord#: 10 In build_straw_man_chord_sa. tolerance = 1, sa_iterations = 1000, initial_temperature = 3.0, cooling_rate = 0.999
26 - INFO - chord#: 6 done. best_score=27.0, changed=526, unchanged=418, early_stops=8/8
26 - INFO - chord#: 8 In build_straw_man_chord_sa. tolerance = 1, sa_iterations = 1000, initial_temperature = 3.0, cooling_rate = 0.999
26 - INFO - chord#: 8 done. best_score=31.0, changed=526, unchanged=435, early_stops=8/8
26 - INFO - chord#: 10 In build_straw_man_chord_sa. tolerance = 1, sa_iterations = 1000, initial_temperature = 3.0, cooling_rate = 0.999
26 - INFO - chord#: 8 done. best_score=31.0, changed=524, unchanged=352, early_stops=8/8
26 - INFO - chord#: 8 done. best_score=31.0, changed=519, unchanged=380, early_stops=8/8
26 - INFO - chord#: 10 In build_straw_man_chord_sa. tolerance = 1, sa_iterations = 1000, initial_temperature = 3.0, cooling_rate = 0.999
26 - INFO - chord#: 10 In build_straw_man_chord_sa. tolerance = 1, sa_iterations = 1000, initial_temperature = 3.0, cooling_rate = 0.999
26 - INFO - chord#: 8 done. best_score=31.0, changed=529, unchanged=434, early_stops=8/8
26 - INFO - chord#: 10 In build_straw_man_chord_sa. tolerance = 1, sa_iterations = 1000, initial_temperature = 3.0, cooling_rate = 0.999
26 - INFO - chord#: 8 done. best_score=31.0, changed=516, unchanged=372, early_stops=8/8
26 - INFO - chord#: 10 In build_straw_man_chord_sa. tolerance = 1, sa_iterations = 1000, initial_temperature = 3.0, cooling_rate = 0.999
26 - INFO - chord#: 8 done. best_score=31.0, changed=530, unchanged=436, early_stops=8/8
26 - INFO - chord#: 10 In build_straw_man_chord_sa. tolerance = 1, sa_iterations = 1000, initial_temperature = 3.0, cooling_rate = 0.999
26 - INFO - chord#: 10 done. best_score=27.0, changed=523, unchanged=413, early_stops=8/8
26 - INFO - chord#: 12 In build_straw_man_chord_sa. tolerance = 1, sa_iterations = 1000, initial_temperature = 3.0, cooling_rate = 0.999
26 - INFO - chord#: 10 done. best_score=27.0, changed=519, unchanged=354, early_stops=8/8
26 - INFO - chord#: 10 done. best_score=27.0, changed=518, unchanged=377, early_stops=8/8
26 - INFO - chord#: 12 In build_straw_man_chord_sa. tolerance = 1, sa_iterations = 1000, initial_temperature = 3.0, cooling_rate = 0.999
26 - INFO - chord#: 12 In build_straw_man_chord_sa. tolerance = 1, sa_iterations = 1000, initial_temperature = 3.0, cooling_rate = 0.999
26 - INFO - chord#: 8 done. best_score=31.0, changed=530, unchanged=393, early_stops=8/8
26 - INFO - chord#: 10 In build_straw_man_chord_sa. tolerance = 1, sa_iterations = 1000, initial_temperature = 3.0, cooling_rate = 0.999
26 - INFO - chord#: 10 done. best_score=27.0, changed=517, unchanged=441, early_stops=8/8
26 - INFO - chord#: 12 In build_straw_man_chord_sa. tolerance = 1, sa_iterations = 1000, initial_temperature = 3.0, cooling_rate = 0.999
26 - INFO - chord#: 8 done. best_score=31.0, changed=526, unchanged=482, early_stops=8/8
26 - INFO - chord#: 10 In build_straw_man_chord_sa. tolerance = 1, sa_iterations = 1000, initial_temperature = 3.0, cooling_rate = 0.999
26 - INFO - chord#: 8 done. best_score=31.0, changed=521, unchanged=421, early_stops=8/8
26 - INFO - chord#: 10 done. best_score=27.0, changed=519, unchanged=460, early_stops=8/8
26 - INFO - chord#: 10 In build_straw_man_chord_sa. tolerance = 1, sa_iterations = 1000, initial_temperature = 3.0, cooling_rate = 0.999
26 - INFO - chord#: 12 In build_straw_man_chord_sa. tolerance = 1, sa_iterations = 1000, initial_temperature = 3.0, cooling_rate = 0.999
26 - INFO - chord#: 10 done. best_score=27.0, changed=521, unchanged=436, early_stops=8/8
26 - INFO - chord#: 12 In build_straw_man_chord_sa. tolerance = 1, sa_iterations = 1000, initial_temperature = 3.0, cooling_rate = 0.999
26 - INFO - chord#: 8 done. best_score=31.0, changed=514, unchanged=362, early_stops=8/8
26 - INFO - chord#: 10 In build_straw_man_chord_sa. tolerance = 1, sa_iterations = 1000, initial_temperature = 3.0, cooling_rate = 0.999
26 - INFO - chord#: 12 done. best_score=27.0, changed=518, unchanged=351, early_stops=8/8
26 - INFO - chord#: 14 In build_straw_man_chord_sa. tolerance = 1, sa_iterations = 1000, initial_temperature = 3.0, cooling_rate = 0.999
26 - INFO - chord#: 12 done. best_score=27.0, changed=514, unchanged=404, early_stops=8/8
26 - INFO - chord#: 14 In build_straw_man_chord_sa. tolerance = 1, sa_iterations = 1000, initial_temperature = 3.0, cooling_rate = 0.999
26 - INFO - chord#: 10 done. best_score=27.0, changed=517, unchanged=340, early_stops=8/8
26 - INFO - chord#: 12 In build_straw_man_chord_sa. tolerance = 1, sa_iterations = 1000, initial_temperature = 3.0, cooling_rate = 0.999
26 - INFO - chord#: 12 done. best_score=27.0, changed=515, unchanged=403, early_stops=8/8
26 - INFO - chord#: 14 In build_straw_man_chord_sa. tolerance = 1, sa_iterations = 1000, initial_temperature = 3.0, cooling_rate = 0.999
26 - INFO - chord#: 12 done. best_score=27.0, changed=533, unchanged=472, early_stops=8/8
26 - INFO - chord#: 14 In build_straw_man_chord_sa. tolerance = 1, sa_iterations = 1000, initial_temperature = 3.0, cooling_rate = 0.999
26 - INFO - chord#: 12 done. best_score=27.0, changed=512, unchanged=328, early_stops=8/8
26 - INFO - chord#: 14 In build_straw_man_chord_sa. tolerance = 1, sa_iterations = 1000, initial_temperature = 3.0, cooling_rate = 0.999
26 - INFO - chord#: 10 done. best_score=27.0, changed=527, unchanged=360, early_stops=8/8
26 - INFO - chord#: 12 In build_straw_man_chord_sa. tolerance = 1, sa_iterations = 1000, initial_temperature = 3.0, cooling_rate = 0.999
26 - INFO - chord#: 10 done. best_score=27.0, changed=516, unchanged=341, early_stops=8/8
26 - INFO - chord#: 12 In build_straw_man_chord_sa. tolerance = 1, sa_iterations = 1000, initial_temperature = 3.0, cooling_rate = 0.999
26 - INFO - chord#: 12 done. best_score=27.0, changed=524, unchanged=544, early_stops=8/8
26 - INFO - chord#: 14 In build_straw_man_chord_sa. tolerance = 1, sa_iterations = 1000, initial_temperature = 3.0, cooling_rate = 0.999
26 - INFO - chord#: 10 done. best_score=27.0, changed=516, unchanged=458, early_stops=8/8
26 - INFO - chord#: 12 In build_straw_man_chord_sa. tolerance = 1, sa_iterations = 1000, initial_temperature = 3.0, cooling_rate = 0.999
26 - INFO - chord#: 10 done. best_score=27.0, changed=520, unchanged=434, early_stops=8/8
26 - INFO - chord#: 12 In build_straw_man_chord_sa. tolerance = 1, sa_iterations = 1000, initial_temperature = 3.0, cooling_rate = 0.999
26 - INFO - chord#: 10 done. best_score=27.0, changed=523, unchanged=431, early_stops=8/8
26 - INFO - chord#: 12 In build_straw_man_chord_sa. tolerance = 1, sa_iterations = 1000, initial_temperature = 3.0, cooling_rate = 0.999
26 - INFO - chord#: 12 done. best_score=27.0, changed=519, unchanged=374, early_stops=8/8
26 - INFO - chord#: 14 In build_straw_man_chord_sa. tolerance = 1, sa_iterations = 1000, initial_temperature = 3.0, cooling_rate = 0.999
26 - INFO - chord#: 12 done. best_score=27.0, changed=522, unchanged=429, early_stops=8/8
26 - INFO - chord#: 14 In build_straw_man_chord_sa. tolerance = 1, sa_iterations = 1000, initial_temperature = 3.0, cooling_rate = 0.999
26 - INFO - chord#: 12 done. best_score=27.0, changed=518, unchanged=328, early_stops=8/8
26 - INFO - chord#: 14 In build_straw_man_chord_sa. tolerance = 1, sa_iterations = 1000, initial_temperature = 3.0, cooling_rate = 0.999
26 - INFO - chord#: 12 done. best_score=27.0, changed=513, unchanged=363, early_stops=8/8
26 - INFO - chord#: 14 In build_straw_man_chord_sa. tolerance = 1, sa_iterations = 1000, initial_temperature = 3.0, cooling_rate = 0.999
26 - INFO - chord#: 12 done. best_score=27.0, changed=522, unchanged=367, early_stops=8/8
26 - INFO - chord#: 14 In build_straw_man_chord_sa. tolerance = 1, sa_iterations = 1000, initial_temperature = 3.0, cooling_rate = 0.999
26 - INFO - chord#: 12 done. best_score=27.0, changed=530, unchanged=434, early_stops=8/8
26 - INFO - chord#: 14 In build_straw_man_chord_sa. tolerance = 1, sa_iterations = 1000, initial_temperature = 3.0, cooling_rate = 0.999
26 - INFO - chord#: 14 done. best_score=74.0, changed=605, unchanged=263, early_stops=8/8
26 - INFO - chord#: 15 In build_straw_man_chord_sa. tolerance = 1, sa_iterations = 1000, initial_temperature = 3.0, cooling_rate = 0.999
26 - INFO - chord#: 14 done. best_score=74.0, changed=611, unchanged=300, early_stops=8/8
26 - INFO - chord#: 15 In build_straw_man_chord_sa. tolerance = 1, sa_iterations = 1000, initial_temperature = 3.0, cooling_rate = 0.999
26 - INFO - chord#: 14 done. best_score=96.0, changed=612, unchanged=233, early_stops=8/8
26 - INFO - chord#: 15 In build_straw_man_chord_sa. tolerance = 1, sa_iterations = 1000, initial_temperature = 3.0, cooling_rate = 0.999
26 - INFO - chord#: 14 done. best_score=74.0, changed=611, unchanged=327, early_stops=8/8
26 - INFO - chord#: 15 In build_straw_man_chord_sa. tolerance = 1, sa_iterations = 1000, initial_temperature = 3.0, cooling_rate = 0.999
26 - INFO - chord#: 14 done. best_score=74.0, changed=614, unchanged=394, early_stops=8/8
26 - INFO - chord#: 15 In build_straw_man_chord_sa. tolerance = 1, sa_iterations = 1000, initial_temperature = 3.0, cooling_rate = 0.999
26 - INFO - chord#: 14 done. best_score=96.0, changed=619, unchanged=507, early_stops=8/8
26 - INFO - chord#: 15 In build_straw_man_chord_sa. tolerance = 1, sa_iterations = 1000, initial_temperature = 3.0, cooling_rate = 0.999
26 - INFO - chord#: 14 done. best_score=96.0, changed=611, unchanged=272, early_stops=8/8
26 - INFO - chord#: 15 In build_straw_man_chord_sa. tolerance = 1, sa_iterations = 1000, initial_temperature = 3.0, cooling_rate = 0.999
26 - INFO - chord#: 14 done. best_score=74.0, changed=608, unchanged=242, early_stops=8/8
26 - INFO - chord#: 15 In build_straw_man_chord_sa. tolerance = 1, sa_iterations = 1000, initial_temperature = 3.0, cooling_rate = 0.999
26 - INFO - chord#: 15 done. best_score=64.0, changed=605, unchanged=205, early_stops=8/8
26 - INFO - chord#: 16 In build_straw_man_chord_sa. tolerance = 1, sa_iterations = 1000, initial_temperature = 3.0, cooling_rate = 0.999
26 - INFO - chord#: 14 done. best_score=74.0, changed=608, unchanged=257, early_stops=8/8
26 - INFO - chord#: 15 In build_straw_man_chord_sa. tolerance = 1, sa_iterations = 1000, initial_temperature = 3.0, cooling_rate = 0.999
26 - INFO - chord#: 15 done. best_score=150.0, changed=609, unchanged=241, early_stops=8/8
26 - INFO - chord#: 16 In build_straw_man_chord_sa. tolerance = 1, sa_iterations = 1000, initial_temperature = 3.0, cooling_rate = 0.999
26 - INFO - chord#: 14 done. best_score=74.0, changed=610, unchanged=241, early_stops=8/8
26 - INFO - chord#: 15 In build_straw_man_chord_sa. tolerance = 1, sa_iterations = 1000, initial_temperature = 3.0, cooling_rate = 0.999
26 - INFO - chord#: 14 done. best_score=96.0, changed=618, unchanged=353, early_stops=8/8
26 - INFO - chord#: 15 In build_straw_man_chord_sa. tolerance = 1, sa_iterations = 1000, initial_temperature = 3.0, cooling_rate = 0.999
26 - INFO - chord#: 15 done. best_score=64.0, changed=609, unchanged=420, early_stops=8/8
26 - INFO - chord#: 16 In build_straw_man_chord_sa. tolerance = 1, sa_iterations = 1000, initial_temperature = 3.0, cooling_rate = 0.999
26 - INFO - chord#: 14 done. best_score=96.0, changed=609, unchanged=362, early_stops=8/8
26 - INFO - chord#: 15 In build_straw_man_chord_sa. tolerance = 1, sa_iterations = 1000, initial_temperature = 3.0, cooling_rate = 0.999
26 - INFO - chord#: 15 done. best_score=64.0, changed=619, unchanged=510, early_stops=8/8
26 - INFO - chord#: 16 In build_straw_man_chord_sa. tolerance = 1, sa_iterations = 1000, initial_temperature = 3.0, cooling_rate = 0.999
26 - INFO - chord#: 16 done. best_score=57.0, changed=521, unchanged=299, early_stops=8/8
26 - INFO - chord#: 18 In build_straw_man_chord_sa. tolerance = 1, sa_iterations = 1000, initial_temperature = 3.0, cooling_rate = 0.999
26 - INFO - chord#: 16 done. best_score=27.0, changed=523, unchanged=376, early_stops=8/8
26 - INFO - chord#: 18 In build_straw_man_chord_sa. tolerance = 1, sa_iterations = 1000, initial_temperature = 3.0, cooling_rate = 0.999
26 - INFO - chord#: 15 done. best_score=64.0, changed=616, unchanged=394, early_stops=8/8
26 - INFO - chord#: 16 In build_straw_man_chord_sa. tolerance = 1, sa_iterations = 1000, initial_temperature = 3.0, cooling_rate = 0.999
26 - INFO - chord#: 15 done. best_score=64.0, changed=611, unchanged=307, early_stops=8/8
26 - INFO - chord#: 16 In build_straw_man_chord_sa. tolerance = 1, sa_iterations = 1000, initial_temperature = 3.0, cooling_rate = 0.999
26 - INFO - chord#: 16 done. best_score=27.0, changed=522, unchanged=355, early_stops=8/8
26 - INFO - chord#: 18 In build_straw_man_chord_sa. tolerance = 1, sa_iterations = 1000, initial_temperature = 3.0, cooling_rate = 0.999
26 - INFO - chord#: 16 done. best_score=27.0, changed=522, unchanged=444, early_stops=8/8
26 - INFO - chord#: 18 In build_straw_man_chord_sa. tolerance = 1, sa_iterations = 1000, initial_temperature = 3.0, cooling_rate = 0.999
26 - INFO - chord#: 16 done. best_score=27.0, changed=522, unchanged=363, early_stops=8/8
26 - INFO - chord#: 18 In build_straw_man_chord_sa. tolerance = 1, sa_iterations = 1000, initial_temperature = 3.0, cooling_rate = 0.999
26 - INFO - chord#: 16 done. best_score=27.0, changed=513, unchanged=359, early_stops=8/8
26 - INFO - chord#: 18 In build_straw_man_chord_sa. tolerance = 1, sa_iterations = 1000, initial_temperature = 3.0, cooling_rate = 0.999
26 - INFO - chord#: 15 done. best_score=125.0, changed=608, unchanged=216, early_stops=8/8
26 - INFO - chord#: 16 In build_straw_man_chord_sa. tolerance = 1, sa_iterations = 1000, initial_temperature = 3.0, cooling_rate = 0.999
26 - INFO - chord#: 15 done. best_score=125.0, changed=607, unchanged=242, early_stops=8/8
26 - INFO - chord#: 16 In build_straw_man_chord_sa. tolerance = 1, sa_iterations = 1000, initial_temperature = 3.0, cooling_rate = 0.999
26 - INFO - chord#: 15 done. best_score=64.0, changed=616, unchanged=260, early_stops=8/8
26 - INFO - chord#: 16 In build_straw_man_chord_sa. tolerance = 1, sa_iterations = 1000, initial_temperature = 3.0, cooling_rate = 0.999
26 - INFO - chord#: 18 done. best_score=140.0, changed=618, unchanged=426, early_stops=8/8
26 - INFO - chord#: 20 In build_straw_man_chord_sa. tolerance = 1, sa_iterations = 1000, initial_temperature = 3.0, cooling_rate = 0.999
26 - INFO - chord#: 15 done. best_score=64.0, changed=613, unchanged=373, early_stops=8/8
26 - INFO - chord#: 16 In build_straw_man_chord_sa. tolerance = 1, sa_iterations = 1000, initial_temperature = 3.0, cooling_rate = 0.999
26 - INFO - chord#: 18 done. best_score=96.0, changed=611, unchanged=349, early_stops=8/8
26 - INFO - chord#: 20 In build_straw_man_chord_sa. tolerance = 1, sa_iterations = 1000, initial_temperature = 3.0, cooling_rate = 0.999
26 - INFO - chord#: 15 done. best_score=64.0, changed=612, unchanged=336, early_stops=8/8
26 - INFO - chord#: 16 In build_straw_man_chord_sa. tolerance = 1, sa_iterations = 1000, initial_temperature = 3.0, cooling_rate = 0.999
26 - INFO - chord#: 16 done. best_score=27.0, changed=515, unchanged=318, early_stops=8/8
26 - INFO - chord#: 18 In build_straw_man_chord_sa. tolerance = 1, sa_iterations = 1000, initial_temperature = 3.0, cooling_rate = 0.999
26 - INFO - chord#: 18 done. best_score=195.0, changed=610, unchanged=259, early_stops=8/8
26 - INFO - chord#: 20 In build_straw_man_chord_sa. tolerance = 1, sa_iterations = 1000, initial_temperature = 3.0, cooling_rate = 0.999
26 - INFO - chord#: 16 done. best_score=27.0, changed=533, unchanged=559, early_stops=8/8
26 - INFO - chord#: 18 In build_straw_man_chord_sa. tolerance = 1, sa_iterations = 1000, initial_temperature = 3.0, cooling_rate = 0.999
26 - INFO - chord#: 16 done. best_score=27.0, changed=516, unchanged=325, early_stops=8/8
26 - INFO - chord#: 18 In build_straw_man_chord_sa. tolerance = 1, sa_iterations = 1000, initial_temperature = 3.0, cooling_rate = 0.999
26 - INFO - chord#: 20 done. best_score=61.0, changed=531, unchanged=292, early_stops=8/8
26 - INFO - chord#: 28 In build_straw_man_chord_sa. tolerance = 1, sa_iterations = 1000, initial_temperature = 3.0, cooling_rate = 0.999
26 - INFO - chord#: 15 done. best_score=64.0, changed=619, unchanged=421, early_stops=8/8
26 - INFO - chord#: 16 In build_straw_man_chord_sa. tolerance = 1, sa_iterations = 1000, initial_temperature = 3.0, cooling_rate = 0.999
26 - INFO - chord#: 18 done. best_score=67.0, changed=610, unchanged=203, early_stops=8/8
26 - INFO - chord#: 20 In build_straw_man_chord_sa. tolerance = 1, sa_iterations = 1000, initial_temperature = 3.0, cooling_rate = 0.999
26 - INFO - chord#: 18 done. best_score=67.0, changed=618, unchanged=365, early_stops=8/8
26 - INFO - chord#: 20 In build_straw_man_chord_sa. tolerance = 1, sa_iterations = 1000, initial_temperature = 3.0, cooling_rate = 0.999
26 - INFO - chord#: 18 done. best_score=67.0, changed=610, unchanged=323, early_stops=8/8
26 - INFO - chord#: 20 In build_straw_man_chord_sa. tolerance = 1, sa_iterations = 1000, initial_temperature = 3.0, cooling_rate = 0.999
26 - INFO - chord#: 20 done. best_score=27.0, changed=526, unchanged=427, early_stops=8/8
26 - INFO - chord#: 28 In build_straw_man_chord_sa. tolerance = 1, sa_iterations = 1000, initial_temperature = 3.0, cooling_rate = 0.999
26 - INFO - chord#: 20 done. best_score=27.0, changed=528, unchanged=438, early_stops=8/8
26 - INFO - chord#: 28 In build_straw_man_chord_sa. tolerance = 1, sa_iterations = 1000, initial_temperature = 3.0, cooling_rate = 0.999
26 - INFO - chord#: 16 done. best_score=27.0, changed=513, unchanged=368, early_stops=8/8
26 - INFO - chord#: 18 In build_straw_man_chord_sa. tolerance = 1, sa_iterations = 1000, initial_temperature = 3.0, cooling_rate = 0.999
26 - INFO - chord#: 16 done. best_score=27.0, changed=531, unchanged=440, early_stops=8/8
26 - INFO - chord#: 18 In build_straw_man_chord_sa. tolerance = 1, sa_iterations = 1000, initial_temperature = 3.0, cooling_rate = 0.999
26 - INFO - chord#: 28 done. best_score=27.0, changed=517, unchanged=348, early_stops=8/8
26 - INFO - chord#: 32 In build_straw_man_chord_sa. tolerance = 1, sa_iterations = 1000, initial_temperature = 3.0, cooling_rate = 0.999
26 - INFO - chord#: 20 done. best_score=27.0, changed=519, unchanged=319, early_stops=8/8
26 - INFO - chord#: 28 In build_straw_man_chord_sa. tolerance = 1, sa_iterations = 1000, initial_temperature = 3.0, cooling_rate = 0.999
26 - INFO - chord#: 20 done. best_score=27.0, changed=522, unchanged=372, early_stops=8/8
26 - INFO - chord#: 28 In build_straw_man_chord_sa. tolerance = 1, sa_iterations = 1000, initial_temperature = 3.0, cooling_rate = 0.999
26 - INFO - chord#: 20 done. best_score=27.0, changed=522, unchanged=392, early_stops=8/8
26 - INFO - chord#: 28 In build_straw_man_chord_sa. tolerance = 1, sa_iterations = 1000, initial_temperature = 3.0, cooling_rate = 0.999
26 - INFO - chord#: 28 done. best_score=27.0, changed=523, unchanged=379, early_stops=8/8
26 - INFO - chord#: 32 In build_straw_man_chord_sa. tolerance = 1, sa_iterations = 1000, initial_temperature = 3.0, cooling_rate = 0.999
26 - INFO - chord#: 28 done. best_score=27.0, changed=523, unchanged=377, early_stops=8/8
26 - INFO - chord#: 32 In build_straw_man_chord_sa. tolerance = 1, sa_iterations = 1000, initial_temperature = 3.0, cooling_rate = 0.999
26 - INFO - chord#: 16 done. best_score=27.0, changed=526, unchanged=440, early_stops=8/8
26 - INFO - chord#: 18 In build_straw_man_chord_sa. tolerance = 1, sa_iterations = 1000, initial_temperature = 3.0, cooling_rate = 0.999
26 - INFO - chord#: 32 done. best_score=27.0, changed=525, unchanged=393, early_stops=8/8
26 - INFO - chord#: 36 In build_straw_man_chord_sa. tolerance = 1, sa_iterations = 1000, initial_temperature = 3.0, cooling_rate = 0.999
26 - INFO - chord#: 28 done. best_score=27.0, changed=525, unchanged=516, early_stops=8/8
26 - INFO - chord#: 28 done. best_score=27.0, changed=520, unchanged=417, early_stops=8/8
26 - INFO - chord#: 32 In build_straw_man_chord_sa. tolerance = 1, sa_iterations = 1000, initial_temperature = 3.0, cooling_rate = 0.999
26 - INFO - chord#: 32 In build_straw_man_chord_sa. tolerance = 1, sa_iterations = 1000, initial_temperature = 3.0, cooling_rate = 0.999
26 - INFO - chord#: 28 done. best_score=27.0, changed=514, unchanged=334, early_stops=8/8
26 - INFO - chord#: 32 In build_straw_man_chord_sa. tolerance = 1, sa_iterations = 1000, initial_temperature = 3.0, cooling_rate = 0.999
26 - INFO - chord#: 32 done. best_score=27.0, changed=523, unchanged=406, early_stops=8/8
26 - INFO - chord#: 36 In build_straw_man_chord_sa. tolerance = 1, sa_iterations = 1000, initial_temperature = 3.0, cooling_rate = 0.999
26 - INFO - chord#: 32 done. best_score=27.0, changed=523, unchanged=446, early_stops=8/8
26 - INFO - chord#: 36 In build_straw_man_chord_sa. tolerance = 1, sa_iterations = 1000, initial_temperature = 3.0, cooling_rate = 0.999
26 - INFO - chord#: 18 done. best_score=96.0, changed=616, unchanged=361, early_stops=8/8
26 - INFO - chord#: 20 In build_straw_man_chord_sa. tolerance = 1, sa_iterations = 1000, initial_temperature = 3.0, cooling_rate = 0.999
26 - INFO - chord#: 36 done. best_score=27.0, changed=522, unchanged=368, early_stops=8/8
26 - INFO - chord#: 38 In build_straw_man_chord_sa. tolerance = 1, sa_iterations = 1000, initial_temperature = 3.0, cooling_rate = 0.999
26 - INFO - chord#: 18 done. best_score=96.0, changed=614, unchanged=355, early_stops=8/8
26 - INFO - chord#: 20 In build_straw_man_chord_sa. tolerance = 1, sa_iterations = 1000, initial_temperature = 3.0, cooling_rate = 0.999
26 - INFO - chord#: 18 done. best_score=96.0, changed=606, unchanged=227, early_stops=8/8
26 - INFO - chord#: 20 In build_straw_man_chord_sa. tolerance = 1, sa_iterations = 1000, initial_temperature = 3.0, cooling_rate = 0.999
26 - INFO - chord#: 32 done. best_score=27.0, changed=521, unchanged=379, early_stops=8/8
26 - INFO - chord#: 36 In build_straw_man_chord_sa. tolerance = 1, sa_iterations = 1000, initial_temperature = 3.0, cooling_rate = 0.999
26 - INFO - chord#: 32 done. best_score=27.0, changed=519, unchanged=354, early_stops=8/8
26 - INFO - chord#: 36 In build_straw_man_chord_sa. tolerance = 1, sa_iterations = 1000, initial_temperature = 3.0, cooling_rate = 0.999
26 - INFO - chord#: 32 done. best_score=27.0, changed=529, unchanged=448, early_stops=8/8
26 - INFO - chord#: 36 In build_straw_man_chord_sa. tolerance = 1, sa_iterations = 1000, initial_temperature = 3.0, cooling_rate = 0.999
26 - INFO - chord#: 18 done. best_score=96.0, changed=616, unchanged=449, early_stops=8/8
26 - INFO - chord#: 20 In build_straw_man_chord_sa. tolerance = 1, sa_iterations = 1000, initial_temperature = 3.0, cooling_rate = 0.999
26 - INFO - chord#: 36 done. best_score=27.0, changed=519, unchanged=421, early_stops=8/8
26 - INFO - chord#: 38 In build_straw_man_chord_sa. tolerance = 1, sa_iterations = 1000, initial_temperature = 3.0, cooling_rate = 0.999
26 - INFO - chord#: 36 done. best_score=27.0, changed=524, unchanged=318, early_stops=8/8
26 - INFO - chord#: 38 In build_straw_man_chord_sa. tolerance = 1, sa_iterations = 1000, initial_temperature = 3.0, cooling_rate = 0.999
26 - INFO - chord#: 20 done. best_score=27.0, changed=528, unchanged=372, early_stops=8/8
26 - INFO - chord#: 28 In build_straw_man_chord_sa. tolerance = 1, sa_iterations = 1000, initial_temperature = 3.0, cooling_rate = 0.999
26 - INFO - chord#: 18 done. best_score=96.0, changed=606, unchanged=223, early_stops=8/8
26 - INFO - chord#: 20 In build_straw_man_chord_sa. tolerance = 1, sa_iterations = 1000, initial_temperature = 3.0, cooling_rate = 0.999
26 - INFO - chord#: 38 done. best_score=27.0, changed=525, unchanged=335, early_stops=8/8
26 - INFO - chord#: 40 In build_straw_man_chord_sa. tolerance = 1, sa_iterations = 1000, initial_temperature = 3.0, cooling_rate = 0.999
26 - INFO - chord#: 18 done. best_score=67.0, changed=619, unchanged=412, early_stops=8/8
26 - INFO - chord#: 20 In build_straw_man_chord_sa. tolerance = 1, sa_iterations = 1000, initial_temperature = 3.0, cooling_rate = 0.999
26 - INFO - chord#: 36 done. best_score=27.0, changed=517, unchanged=384, early_stops=8/8
26 - INFO - chord#: 38 In build_straw_man_chord_sa. tolerance = 1, sa_iterations = 1000, initial_temperature = 3.0, cooling_rate = 0.999
26 - INFO - chord#: 20 done. best_score=27.0, changed=522, unchanged=377, early_stops=8/8
26 - INFO - chord#: 28 In build_straw_man_chord_sa. tolerance = 1, sa_iterations = 1000, initial_temperature = 3.0, cooling_rate = 0.999
26 - INFO - chord#: 36 done. best_score=27.0, changed=522, unchanged=391, early_stops=8/8
26 - INFO - chord#: 38 In build_straw_man_chord_sa. tolerance = 1, sa_iterations = 1000, initial_temperature = 3.0, cooling_rate = 0.999
26 - INFO - chord#: 36 done. best_score=27.0, changed=524, unchanged=402, early_stops=8/8
26 - INFO - chord#: 38 In build_straw_man_chord_sa. tolerance = 1, sa_iterations = 1000, initial_temperature = 3.0, cooling_rate = 0.999
26 - INFO - chord#: 20 done. best_score=27.0, changed=524, unchanged=487, early_stops=8/8
26 - INFO - chord#: 28 In build_straw_man_chord_sa. tolerance = 1, sa_iterations = 1000, initial_temperature = 3.0, cooling_rate = 0.999
26 - INFO - chord#: 38 done. best_score=27.0, changed=520, unchanged=332, early_stops=8/8
26 - INFO - chord#: 40 In build_straw_man_chord_sa. tolerance = 1, sa_iterations = 1000, initial_temperature = 3.0, cooling_rate = 0.999
26 - INFO - chord#: 20 done. best_score=27.0, changed=522, unchanged=385, early_stops=8/8
26 - INFO - chord#: 28 In build_straw_man_chord_sa. tolerance = 1, sa_iterations = 1000, initial_temperature = 3.0, cooling_rate = 0.999
26 - INFO - chord#: 38 done. best_score=27.0, changed=516, unchanged=349, early_stops=8/8
26 - INFO - chord#: 40 In build_straw_man_chord_sa. tolerance = 1, sa_iterations = 1000, initial_temperature = 3.0, cooling_rate = 0.999
26 - INFO - chord#: 40 done. best_score=35.0, changed=518, unchanged=465, early_stops=8/8
26 - INFO - chord#: 42 In build_straw_man_chord_sa. tolerance = 1, sa_iterations = 1000, initial_temperature = 3.0, cooling_rate = 0.999
26 - INFO - chord#: 28 done. best_score=27.0, changed=517, unchanged=399, early_stops=8/8
26 - INFO - chord#: 32 In build_straw_man_chord_sa. tolerance = 1, sa_iterations = 1000, initial_temperature = 3.0, cooling_rate = 0.999
26 - INFO - chord#: 38 done. best_score=27.0, changed=524, unchanged=339, early_stops=8/8
26 - INFO - chord#: 40 In build_straw_man_chord_sa. tolerance = 1, sa_iterations = 1000, initial_temperature = 3.0, cooling_rate = 0.999
26 - INFO - chord#: 20 done. best_score=27.0, changed=520, unchanged=385, early_stops=8/8
26 - INFO - chord#: 28 In build_straw_man_chord_sa. tolerance = 1, sa_iterations = 1000, initial_temperature = 3.0, cooling_rate = 0.999
26 - INFO - chord#: 38 done. best_score=27.0, changed=523, unchanged=341, early_stops=8/8
26 - INFO - chord#: 40 In build_straw_man_chord_sa. tolerance = 1, sa_iterations = 1000, initial_temperature = 3.0, cooling_rate = 0.999
26 - INFO - chord#: 38 done. best_score=27.0, changed=529, unchanged=396, early_stops=8/8
26 - INFO - chord#: 40 In build_straw_man_chord_sa. tolerance = 1, sa_iterations = 1000, initial_temperature = 3.0, cooling_rate = 0.999
26 - INFO - chord#: 40 done. best_score=35.0, changed=532, unchanged=356, early_stops=8/8
26 - INFO - chord#: 42 In build_straw_man_chord_sa. tolerance = 1, sa_iterations = 1000, initial_temperature = 3.0, cooling_rate = 0.999
26 - INFO - chord#: 20 done. best_score=27.0, changed=519, unchanged=433, early_stops=8/8
26 - INFO - chord#: 28 In build_straw_man_chord_sa. tolerance = 1, sa_iterations = 1000, initial_temperature = 3.0, cooling_rate = 0.999
26 - INFO - chord#: 28 done. best_score=27.0, changed=514, unchanged=398, early_stops=8/8
26 - INFO - chord#: 32 In build_straw_man_chord_sa. tolerance = 1, sa_iterations = 1000, initial_temperature = 3.0, cooling_rate = 0.999
26 - INFO - chord#: 28 done. best_score=27.0, changed=526, unchanged=463, early_stops=8/8
26 - INFO - chord#: 32 In build_straw_man_chord_sa. tolerance = 1, sa_iterations = 1000, initial_temperature = 3.0, cooling_rate = 0.999
26 - INFO - chord#: 40 done. best_score=35.0, changed=521, unchanged=357, early_stops=8/8
26 - INFO - chord#: 42 In build_straw_man_chord_sa. tolerance = 1, sa_iterations = 1000, initial_temperature = 3.0, cooling_rate = 0.999
26 - INFO - chord#: 42 done. best_score=36.0, changed=525, unchanged=282, early_stops=8/8
26 - INFO - chord#: 44 In build_straw_man_chord_sa. tolerance = 1, sa_iterations = 1000, initial_temperature = 3.0, cooling_rate = 0.999
26 - INFO - chord#: 28 done. best_score=27.0, changed=525, unchanged=517, early_stops=8/8
26 - INFO - chord#: 32 In build_straw_man_chord_sa. tolerance = 1, sa_iterations = 1000, initial_temperature = 3.0, cooling_rate = 0.999
26 - INFO - chord#: 40 done. best_score=35.0, changed=527, unchanged=481, early_stops=8/8
26 - INFO - chord#: 42 In build_straw_man_chord_sa. tolerance = 1, sa_iterations = 1000, initial_temperature = 3.0, cooling_rate = 0.999
26 - INFO - chord#: 40 done. best_score=35.0, changed=521, unchanged=420, early_stops=8/8
26 - INFO - chord#: 42 In build_straw_man_chord_sa. tolerance = 1, sa_iterations = 1000, initial_temperature = 3.0, cooling_rate = 0.999
26 - INFO - chord#: 42 done. best_score=36.0, changed=524, unchanged=361, early_stops=8/8
26 - INFO - chord#: 44 In build_straw_man_chord_sa. tolerance = 1, sa_iterations = 1000, initial_temperature = 3.0, cooling_rate = 0.999
26 - INFO - chord#: 32 done. best_score=27.0, changed=520, unchanged=343, early_stops=8/8
26 - INFO - chord#: 36 In build_straw_man_chord_sa. tolerance = 1, sa_iterations = 1000, initial_temperature = 3.0, cooling_rate = 0.999
26 - INFO - chord#: 28 done. best_score=27.0, changed=521, unchanged=479, early_stops=8/8
26 - INFO - chord#: 32 In build_straw_man_chord_sa. tolerance = 1, sa_iterations = 1000, initial_temperature = 3.0, cooling_rate = 0.999
26 - INFO - chord#: 40 done. best_score=35.0, changed=522, unchanged=559, early_stops=8/8
26 - INFO - chord#: 42 In build_straw_man_chord_sa. tolerance = 1, sa_iterations = 1000, initial_temperature = 3.0, cooling_rate = 0.999
26 - INFO - chord#: 28 done. best_score=27.0, changed=525, unchanged=391, early_stops=8/8
26 - INFO - chord#: 32 In build_straw_man_chord_sa. tolerance = 1, sa_iterations = 1000, initial_temperature = 3.0, cooling_rate = 0.999
26 - INFO - chord#: 44 done. best_score=31.0, changed=528, unchanged=300, early_stops=8/8
26 - INFO - chord#: 46 In build_straw_man_chord_sa. tolerance = 1, sa_iterations = 1000, initial_temperature = 3.0, cooling_rate = 0.999
26 - INFO - chord#: 42 done. best_score=36.0, changed=518, unchanged=348, early_stops=8/8
26 - INFO - chord#: 44 In build_straw_man_chord_sa. tolerance = 1, sa_iterations = 1000, initial_temperature = 3.0, cooling_rate = 0.999
26 - INFO - chord#: 32 done. best_score=27.0, changed=525, unchanged=458, early_stops=8/8
26 - INFO - chord#: 36 In build_straw_man_chord_sa. tolerance = 1, sa_iterations = 1000, initial_temperature = 3.0, cooling_rate = 0.999
26 - INFO - chord#: 44 done. best_score=58.0, changed=591, unchanged=222, early_stops=8/8
26 - INFO - chord#: 46 In build_straw_man_chord_sa. tolerance = 1, sa_iterations = 1000, initial_temperature = 3.0, cooling_rate = 0.999
26 - INFO - chord#: 42 done. best_score=36.0, changed=534, unchanged=354, early_stops=8/8
26 - INFO - chord#: 44 In build_straw_man_chord_sa. tolerance = 1, sa_iterations = 1000, initial_temperature = 3.0, cooling_rate = 0.999
26 - INFO - chord#: 42 done. best_score=36.0, changed=543, unchanged=331, early_stops=8/8
26 - INFO - chord#: 32 done. best_score=27.0, changed=538, unchanged=517, early_stops=8/8
26 - INFO - chord#: 44 In build_straw_man_chord_sa. tolerance = 1, sa_iterations = 1000, initial_temperature = 3.0, cooling_rate = 0.999
26 - INFO - chord#: 36 In build_straw_man_chord_sa. tolerance = 1, sa_iterations = 1000, initial_temperature = 3.0, cooling_rate = 0.999
26 - INFO - chord#: 32 done. best_score=27.0, changed=520, unchanged=311, early_stops=8/8
26 - INFO - chord#: 36 In build_straw_man_chord_sa. tolerance = 1, sa_iterations = 1000, initial_temperature = 3.0, cooling_rate = 0.999
26 - INFO - chord#: 36 done. best_score=27.0, changed=516, unchanged=326, early_stops=8/8
26 - INFO - chord#: 38 In build_straw_man_chord_sa. tolerance = 1, sa_iterations = 1000, initial_temperature = 3.0, cooling_rate = 0.999
26 - INFO - chord#: 42 done. best_score=36.0, changed=527, unchanged=412, early_stops=8/8
26 - INFO - chord#: 44 In build_straw_man_chord_sa. tolerance = 1, sa_iterations = 1000, initial_temperature = 3.0, cooling_rate = 0.999
26 - INFO - chord#: 44 done. best_score=31.0, changed=571, unchanged=295, early_stops=8/8
26 - INFO - chord#: 46 In build_straw_man_chord_sa. tolerance = 1, sa_iterations = 1000, initial_temperature = 3.0, cooling_rate = 0.999
26 - INFO - chord#: 46 done. best_score=27.0, changed=524, unchanged=386, early_stops=8/8
26 - INFO - chord#: 47 In build_straw_man_chord_sa. tolerance = 1, sa_iterations = 1000, initial_temperature = 3.0, cooling_rate = 0.999
26 - INFO - chord#: 32 done. best_score=27.0, changed=522, unchanged=445, early_stops=8/8
26 - INFO - chord#: 36 In build_straw_man_chord_sa. tolerance = 1, sa_iterations = 1000, initial_temperature = 3.0, cooling_rate = 0.999
26 - INFO - chord#: 46 done. best_score=88.0, changed=537, unchanged=332, early_stops=8/8
26 - INFO - chord#: 47 In build_straw_man_chord_sa. tolerance = 1, sa_iterations = 1000, initial_temperature = 3.0, cooling_rate = 0.999
26 - INFO - chord#: 44 done. best_score=31.0, changed=544, unchanged=362, early_stops=8/8
26 - INFO - chord#: 46 In build_straw_man_chord_sa. tolerance = 1, sa_iterations = 1000, initial_temperature = 3.0, cooling_rate = 0.999
26 - INFO - chord#: 32 done. best_score=27.0, changed=524, unchanged=405, early_stops=8/8
26 - INFO - chord#: 36 In build_straw_man_chord_sa. tolerance = 1, sa_iterations = 1000, initial_temperature = 3.0, cooling_rate = 0.999
26 - INFO - chord#: 44 done. best_score=31.0, changed=545, unchanged=298, early_stops=8/8
26 - INFO - chord#: 46 In build_straw_man_chord_sa. tolerance = 1, sa_iterations = 1000, initial_temperature = 3.0, cooling_rate = 0.999
26 - INFO - chord#: 36 done. best_score=27.0, changed=521, unchanged=395, early_stops=8/8
26 - INFO - chord#: 38 In build_straw_man_chord_sa. tolerance = 1, sa_iterations = 1000, initial_temperature = 3.0, cooling_rate = 0.999
26 - INFO - chord#: 36 done. best_score=27.0, changed=514, unchanged=327, early_stops=8/8
26 - INFO - chord#: 38 In build_straw_man_chord_sa. tolerance = 1, sa_iterations = 1000, initial_temperature = 3.0, cooling_rate = 0.999
26 - INFO - chord#: 36 done. best_score=27.0, changed=528, unchanged=392, early_stops=8/8
26 - INFO - chord#: 38 In build_straw_man_chord_sa. tolerance = 1, sa_iterations = 1000, initial_temperature = 3.0, cooling_rate = 0.999
26 - INFO - chord#: 44 done. best_score=31.0, changed=544, unchanged=361, early_stops=8/8
26 - INFO - chord#: 46 In build_straw_man_chord_sa. tolerance = 1, sa_iterations = 1000, initial_temperature = 3.0, cooling_rate = 0.999
26 - INFO - chord#: 38 done. best_score=27.0, changed=521, unchanged=346, early_stops=8/8
26 - INFO - chord#: 46 done. best_score=27.0, changed=520, unchanged=346, early_stops=8/8
26 - INFO - chord#: 40 In build_straw_man_chord_sa. tolerance = 1, sa_iterations = 1000, initial_temperature = 3.0, cooling_rate = 0.999
26 - INFO - chord#: 47 In build_straw_man_chord_sa. tolerance = 1, sa_iterations = 1000, initial_temperature = 3.0, cooling_rate = 0.999
26 - INFO - chord#: 36 done. best_score=27.0, changed=515, unchanged=338, early_stops=8/8
26 - INFO - chord#: 38 In build_straw_man_chord_sa. tolerance = 1, sa_iterations = 1000, initial_temperature = 3.0, cooling_rate = 0.999
26 - INFO - chord#: 46 done. best_score=27.0, changed=520, unchanged=324, early_stops=8/8
26 - INFO - chord#: 47 In build_straw_man_chord_sa. tolerance = 1, sa_iterations = 1000, initial_temperature = 3.0, cooling_rate = 0.999
26 - INFO - chord#: 46 done. best_score=27.0, changed=527, unchanged=390, early_stops=8/8
26 - INFO - chord#: 47 In build_straw_man_chord_sa. tolerance = 1, sa_iterations = 1000, initial_temperature = 3.0, cooling_rate = 0.999
26 - INFO - chord#: 36 done. best_score=27.0, changed=526, unchanged=430, early_stops=8/8
26 - INFO - chord#: 38 In build_straw_man_chord_sa. tolerance = 1, sa_iterations = 1000, initial_temperature = 3.0, cooling_rate = 0.999
26 - INFO - chord#: 38 done. best_score=27.0, changed=512, unchanged=333, early_stops=8/8
26 - INFO - chord#: 40 In build_straw_man_chord_sa. tolerance = 1, sa_iterations = 1000, initial_temperature = 3.0, cooling_rate = 0.999
26 - INFO - chord#: 46 done. best_score=27.0, changed=514, unchanged=380, early_stops=8/8
26 - INFO - chord#: 47 In build_straw_man_chord_sa. tolerance = 1, sa_iterations = 1000, initial_temperature = 3.0, cooling_rate = 0.999
26 - INFO - chord#: 38 done. best_score=27.0, changed=519, unchanged=390, early_stops=8/8
26 - INFO - chord#: 40 In build_straw_man_chord_sa. tolerance = 1, sa_iterations = 1000, initial_temperature = 3.0, cooling_rate = 0.999
26 - INFO - chord#: 47 done. best_score=176.0, changed=612, unchanged=261, early_stops=8/8
26 - INFO - chord#: 48 In build_straw_man_chord_sa. tolerance = 1, sa_iterations = 1000, initial_temperature = 3.0, cooling_rate = 0.999
26 - INFO - chord#: 38 done. best_score=27.0, changed=537, unchanged=419, early_stops=8/8
26 - INFO - chord#: 40 In build_straw_man_chord_sa. tolerance = 1, sa_iterations = 1000, initial_temperature = 3.0, cooling_rate = 0.999
26 - INFO - chord#: 40 done. best_score=35.0, changed=524, unchanged=420, early_stops=8/8
26 - INFO - chord#: 42 In build_straw_man_chord_sa. tolerance = 1, sa_iterations = 1000, initial_temperature = 3.0, cooling_rate = 0.999
26 - INFO - chord#: 47 done. best_score=162.0, changed=614, unchanged=316, early_stops=8/8
26 - INFO - chord#: 48 In build_straw_man_chord_sa. tolerance = 1, sa_iterations = 1000, initial_temperature = 3.0, cooling_rate = 0.999
26 - INFO - chord#: 38 done. best_score=27.0, changed=528, unchanged=422, early_stops=8/8
26 - INFO - chord#: 40 In build_straw_man_chord_sa. tolerance = 1, sa_iterations = 1000, initial_temperature = 3.0, cooling_rate = 0.999
26 - INFO - chord#: 38 done. best_score=27.0, changed=519, unchanged=398, early_stops=8/8
26 - INFO - chord#: 40 In build_straw_man_chord_sa. tolerance = 1, sa_iterations = 1000, initial_temperature = 3.0, cooling_rate = 0.999
26 - INFO - chord#: 48 done. best_score=80.0, changed=553, unchanged=396, early_stops=8/8
26 - INFO - chord#: 56 In build_straw_man_chord_sa. tolerance = 1, sa_iterations = 1000, initial_temperature = 3.0, cooling_rate = 0.999
26 - INFO - chord#: 40 done. best_score=35.0, changed=526, unchanged=503, early_stops=8/8
26 - INFO - chord#: 42 In build_straw_man_chord_sa. tolerance = 1, sa_iterations = 1000, initial_temperature = 3.0, cooling_rate = 0.999
26 - INFO - chord#: 40 done. best_score=35.0, changed=528, unchanged=471, early_stops=8/8
26 - INFO - chord#: 42 In build_straw_man_chord_sa. tolerance = 1, sa_iterations = 1000, initial_temperature = 3.0, cooling_rate = 0.999
26 - INFO - chord#: 47 done. best_score=195.0, changed=606, unchanged=269, early_stops=8/8
26 - INFO - chord#: 48 In build_straw_man_chord_sa. tolerance = 1, sa_iterations = 1000, initial_temperature = 3.0, cooling_rate = 0.999
26 - INFO - chord#: 47 done. best_score=67.0, changed=609, unchanged=243, early_stops=8/8
26 - INFO - chord#: 48 In build_straw_man_chord_sa. tolerance = 1, sa_iterations = 1000, initial_temperature = 3.0, cooling_rate = 0.999
26 - INFO - chord#: 48 done. best_score=27.0, changed=529, unchanged=357, early_stops=8/8
26 - INFO - chord#: 56 In build_straw_man_chord_sa. tolerance = 1, sa_iterations = 1000, initial_temperature = 3.0, cooling_rate = 0.999
26 - INFO - chord#: 40 done. best_score=35.0, changed=522, unchanged=473, early_stops=8/8
26 - INFO - chord#: 42 In build_straw_man_chord_sa. tolerance = 1, sa_iterations = 1000, initial_temperature = 3.0, cooling_rate = 0.999
26 - INFO - chord#: 42 done. best_score=36.0, changed=535, unchanged=378, early_stops=8/8
26 - INFO - chord#: 44 In build_straw_man_chord_sa. tolerance = 1, sa_iterations = 1000, initial_temperature = 3.0, cooling_rate = 0.999
26 - INFO - chord#: 47 done. best_score=96.0, changed=608, unchanged=222, early_stops=8/8
26 - INFO - chord#: 48 In build_straw_man_chord_sa. tolerance = 1, sa_iterations = 1000, initial_temperature = 3.0, cooling_rate = 0.999
26 - INFO - chord#: 56 done. best_score=36.0, changed=528, unchanged=321, early_stops=8/8
26 - INFO - chord#: 60 In build_straw_man_chord_sa. tolerance = 1, sa_iterations = 1000, initial_temperature = 3.0, cooling_rate = 0.999
26 - INFO - chord#: 40 done. best_score=35.0, changed=525, unchanged=369, early_stops=8/8
26 - INFO - chord#: 42 In build_straw_man_chord_sa. tolerance = 1, sa_iterations = 1000, initial_temperature = 3.0, cooling_rate = 0.999
26 - INFO - chord#: 47 done. best_score=67.0, changed=616, unchanged=390, early_stops=8/8
26 - INFO - chord#: 48 In build_straw_man_chord_sa. tolerance = 1, sa_iterations = 1000, initial_temperature = 3.0, cooling_rate = 0.999
26 - INFO - chord#: 40 done. best_score=35.0, changed=518, unchanged=361, early_stops=8/8
26 - INFO - chord#: 42 In build_straw_man_chord_sa. tolerance = 1, sa_iterations = 1000, initial_temperature = 3.0, cooling_rate = 0.999
26 - INFO - chord#: 42 done. best_score=36.0, changed=521, unchanged=378, early_stops=8/8
26 - INFO - chord#: 44 In build_straw_man_chord_sa. tolerance = 1, sa_iterations = 1000, initial_temperature = 3.0, cooling_rate = 0.999
26 - INFO - chord#: 48 done. best_score=27.0, changed=528, unchanged=393, early_stops=8/8
26 - INFO - chord#: 56 In build_straw_man_chord_sa. tolerance = 1, sa_iterations = 1000, initial_temperature = 3.0, cooling_rate = 0.999
26 - INFO - chord#: 48 done. best_score=27.0, changed=519, unchanged=395, early_stops=8/8
26 - INFO - chord#: 56 In build_straw_man_chord_sa. tolerance = 1, sa_iterations = 1000, initial_temperature = 3.0, cooling_rate = 0.999
26 - INFO - chord#: 56 done. best_score=27.0, changed=524, unchanged=354, early_stops=8/8
26 - INFO - chord#: 60 In build_straw_man_chord_sa. tolerance = 1, sa_iterations = 1000, initial_temperature = 3.0, cooling_rate = 0.999
26 - INFO - chord#: 42 done. best_score=36.0, changed=524, unchanged=346, early_stops=8/8
26 - INFO - chord#: 44 In build_straw_man_chord_sa. tolerance = 1, sa_iterations = 1000, initial_temperature = 3.0, cooling_rate = 0.999
26 - INFO - chord#: 48 done. best_score=27.0, changed=520, unchanged=363, early_stops=8/8
26 - INFO - chord#: 56 In build_straw_man_chord_sa. tolerance = 1, sa_iterations = 1000, initial_temperature = 3.0, cooling_rate = 0.999
26 - INFO - chord#: 42 done. best_score=36.0, changed=524, unchanged=324, early_stops=8/8
26 - INFO - chord#: 44 In build_straw_man_chord_sa. tolerance = 1, sa_iterations = 1000, initial_temperature = 3.0, cooling_rate = 0.999
26 - INFO - chord#: 44 done. best_score=31.0, changed=529, unchanged=330, early_stops=8/8
26 - INFO - chord#: 46 In build_straw_man_chord_sa. tolerance = 1, sa_iterations = 1000, initial_temperature = 3.0, cooling_rate = 0.999
26 - INFO - chord#: 48 done. best_score=27.0, changed=522, unchanged=337, early_stops=8/8
26 - INFO - chord#: 56 In build_straw_man_chord_sa. tolerance = 1, sa_iterations = 1000, initial_temperature = 3.0, cooling_rate = 0.999
26 - INFO - chord#: 60 done. best_score=27.0, changed=527, unchanged=374, early_stops=8/8
26 - INFO - chord#: 64 In build_straw_man_chord_sa. tolerance = 1, sa_iterations = 1000, initial_temperature = 3.0, cooling_rate = 0.999
26 - INFO - chord#: 42 done. best_score=27.0, changed=524, unchanged=413, early_stops=8/8
26 - INFO - chord#: 44 In build_straw_man_chord_sa. tolerance = 1, sa_iterations = 1000, initial_temperature = 3.0, cooling_rate = 0.999
26 - INFO - chord#: 56 done. best_score=27.0, changed=523, unchanged=344, early_stops=8/8
26 - INFO - chord#: 60 In build_straw_man_chord_sa. tolerance = 1, sa_iterations = 1000, initial_temperature = 3.0, cooling_rate = 0.999
26 - INFO - chord#: 56 done. best_score=27.0, changed=526, unchanged=416, early_stops=8/8
26 - INFO - chord#: 60 In build_straw_man_chord_sa. tolerance = 1, sa_iterations = 1000, initial_temperature = 3.0, cooling_rate = 0.999
26 - INFO - chord#: 44 done. best_score=31.0, changed=538, unchanged=296, early_stops=8/8
26 - INFO - chord#: 46 In build_straw_man_chord_sa. tolerance = 1, sa_iterations = 1000, initial_temperature = 3.0, cooling_rate = 0.999
26 - INFO - chord#: 60 done. best_score=27.0, changed=533, unchanged=438, early_stops=8/8
26 - INFO - chord#: 64 In build_straw_man_chord_sa. tolerance = 1, sa_iterations = 1000, initial_temperature = 3.0, cooling_rate = 0.999
26 - INFO - chord#: 42 done. best_score=36.0, changed=524, unchanged=351, early_stops=8/8
26 - INFO - chord#: 44 In build_straw_man_chord_sa. tolerance = 1, sa_iterations = 1000, initial_temperature = 3.0, cooling_rate = 0.999
26 - INFO - chord#: 44 done. best_score=31.0, changed=532, unchanged=318, early_stops=8/8
26 - INFO - chord#: 46 In build_straw_man_chord_sa. tolerance = 1, sa_iterations = 1000, initial_temperature = 3.0, cooling_rate = 0.999
26 - INFO - chord#: 56 done. best_score=27.0, changed=527, unchanged=407, early_stops=8/8
26 - INFO - chord#: 60 In build_straw_man_chord_sa. tolerance = 1, sa_iterations = 1000, initial_temperature = 3.0, cooling_rate = 0.999
26 - INFO - chord#: 64 done. best_score=27.0, changed=520, unchanged=306, early_stops=8/8
26 - INFO - chord#: 68 In build_straw_man_chord_sa. tolerance = 1, sa_iterations = 1000, initial_temperature = 3.0, cooling_rate = 0.999
26 - INFO - chord#: 56 done. best_score=27.0, changed=517, unchanged=374, early_stops=8/8
26 - INFO - chord#: 60 In build_straw_man_chord_sa. tolerance = 1, sa_iterations = 1000, initial_temperature = 3.0, cooling_rate = 0.999
26 - INFO - chord#: 44 done. best_score=31.0, changed=533, unchanged=362, early_stops=8/8
26 - INFO - chord#: 46 In build_straw_man_chord_sa. tolerance = 1, sa_iterations = 1000, initial_temperature = 3.0, cooling_rate = 0.999
26 - INFO - chord#: 46 done. best_score=27.0, changed=522, unchanged=451, early_stops=8/8
26 - INFO - chord#: 47 In build_straw_man_chord_sa. tolerance = 1, sa_iterations = 1000, initial_temperature = 3.0, cooling_rate = 0.999
26 - INFO - chord#: 60 done. best_score=27.0, changed=529, unchanged=317, early_stops=8/8
26 - INFO - chord#: 64 In build_straw_man_chord_sa. tolerance = 1, sa_iterations = 1000, initial_temperature = 3.0, cooling_rate = 0.999
26 - INFO - chord#: 60 done. best_score=27.0, changed=530, unchanged=433, early_stops=8/8
26 - INFO - chord#: 64 In build_straw_man_chord_sa. tolerance = 1, sa_iterations = 1000, initial_temperature = 3.0, cooling_rate = 0.999
26 - INFO - chord#: 44 done. best_score=31.0, changed=521, unchanged=311, early_stops=8/8
26 - INFO - chord#: 46 In build_straw_man_chord_sa. tolerance = 1, sa_iterations = 1000, initial_temperature = 3.0, cooling_rate = 0.999
26 - INFO - chord#: 64 done. best_score=27.0, changed=521, unchanged=386, early_stops=8/8
26 - INFO - chord#: 68 In build_straw_man_chord_sa. tolerance = 1, sa_iterations = 1000, initial_temperature = 3.0, cooling_rate = 0.999
26 - INFO - chord#: 60 done. best_score=27.0, changed=521, unchanged=323, early_stops=8/8
26 - INFO - chord#: 64 In build_straw_man_chord_sa. tolerance = 1, sa_iterations = 1000, initial_temperature = 3.0, cooling_rate = 0.999
26 - INFO - chord#: 44 done. best_score=31.0, changed=542, unchanged=374, early_stops=8/8
26 - INFO - chord#: 46 In build_straw_man_chord_sa. tolerance = 1, sa_iterations = 1000, initial_temperature = 3.0, cooling_rate = 0.999
26 - INFO - chord#: 68 done. best_score=35.0, changed=522, unchanged=356, early_stops=8/8
26 - INFO - chord#: 70 In build_straw_man_chord_sa. tolerance = 1, sa_iterations = 1000, initial_temperature = 3.0, cooling_rate = 0.999
26 - INFO - chord#: 60 done. best_score=27.0, changed=529, unchanged=381, early_stops=8/8
26 - INFO - chord#: 64 In build_straw_man_chord_sa. tolerance = 1, sa_iterations = 1000, initial_temperature = 3.0, cooling_rate = 0.999
26 - INFO - chord#: 46 done. best_score=27.0, changed=516, unchanged=397, early_stops=8/8
26 - INFO - chord#: 47 In build_straw_man_chord_sa. tolerance = 1, sa_iterations = 1000, initial_temperature = 3.0, cooling_rate = 0.999
26 - INFO - chord#: 46 done. best_score=27.0, changed=518, unchanged=418, early_stops=8/8
26 - INFO - chord#: 47 In build_straw_man_chord_sa. tolerance = 1, sa_iterations = 1000, initial_temperature = 3.0, cooling_rate = 0.999
26 - INFO - chord#: 64 done. best_score=27.0, changed=524, unchanged=407, early_stops=8/8
26 - INFO - chord#: 68 In build_straw_man_chord_sa. tolerance = 1, sa_iterations = 1000, initial_temperature = 3.0, cooling_rate = 0.999
26 - INFO - chord#: 46 done. best_score=27.0, changed=526, unchanged=453, early_stops=8/8
26 - INFO - chord#: 47 In build_straw_man_chord_sa. tolerance = 1, sa_iterations = 1000, initial_temperature = 3.0, cooling_rate = 0.999
26 - INFO - chord#: 68 done. best_score=35.0, changed=533, unchanged=386, early_stops=8/8
26 - INFO - chord#: 70 In build_straw_man_chord_sa. tolerance = 1, sa_iterations = 1000, initial_temperature = 3.0, cooling_rate = 0.999
26 - INFO - chord#: 64 done. best_score=27.0, changed=524, unchanged=312, early_stops=8/8
26 - INFO - chord#: 68 In build_straw_man_chord_sa. tolerance = 1, sa_iterations = 1000, initial_temperature = 3.0, cooling_rate = 0.999
26 - INFO - chord#: 64 done. best_score=27.0, changed=533, unchanged=315, early_stops=8/8
26 - INFO - chord#: 68 In build_straw_man_chord_sa. tolerance = 1, sa_iterations = 1000, initial_temperature = 3.0, cooling_rate = 0.999
26 - INFO - chord#: 64 done. best_score=27.0, changed=521, unchanged=289, early_stops=8/8
26 - INFO - chord#: 68 In build_straw_man_chord_sa. tolerance = 1, sa_iterations = 1000, initial_temperature = 3.0, cooling_rate = 0.999
26 - INFO - chord#: 70 done. best_score=36.0, changed=518, unchanged=324, early_stops=8/8
26 - INFO - chord#: 72 In build_straw_man_chord_sa. tolerance = 1, sa_iterations = 1000, initial_temperature = 3.0, cooling_rate = 0.999
26 - INFO - chord#: 46 done. best_score=27.0, changed=525, unchanged=532, early_stops=8/8
26 - INFO - chord#: 47 In build_straw_man_chord_sa. tolerance = 1, sa_iterations = 1000, initial_temperature = 3.0, cooling_rate = 0.999
26 - INFO - chord#: 46 done. best_score=27.0, changed=516, unchanged=346, early_stops=8/8
26 - INFO - chord#: 47 In build_straw_man_chord_sa. tolerance = 1, sa_iterations = 1000, initial_temperature = 3.0, cooling_rate = 0.999
26 - INFO - chord#: 68 done. best_score=35.0, changed=524, unchanged=438, early_stops=8/8
26 - INFO - chord#: 70 In build_straw_man_chord_sa. tolerance = 1, sa_iterations = 1000, initial_temperature = 3.0, cooling_rate = 0.999
26 - INFO - chord#: 70 done. best_score=36.0, changed=527, unchanged=411, early_stops=8/8
26 - INFO - chord#: 68 done. best_score=35.0, changed=525, unchanged=307, early_stops=8/8
26 - INFO - chord#: 72 In build_straw_man_chord_sa. tolerance = 1, sa_iterations = 1000, initial_temperature = 3.0, cooling_rate = 0.999
26 - INFO - chord#: 70 In build_straw_man_chord_sa. tolerance = 1, sa_iterations = 1000, initial_temperature = 3.0, cooling_rate = 0.999
26 - INFO - chord#: 68 done. best_score=35.0, changed=528, unchanged=460, early_stops=8/8
26 - INFO - chord#: 70 In build_straw_man_chord_sa. tolerance = 1, sa_iterations = 1000, initial_temperature = 3.0, cooling_rate = 0.999
26 - INFO - chord#: 68 done. best_score=35.0, changed=527, unchanged=372, early_stops=8/8
26 - INFO - chord#: 70 In build_straw_man_chord_sa. tolerance = 1, sa_iterations = 1000, initial_temperature = 3.0, cooling_rate = 0.999
26 - INFO - chord#: 72 done. best_score=27.0, changed=523, unchanged=356, early_stops=8/8
26 - INFO - chord#: 74 In build_straw_man_chord_sa. tolerance = 1, sa_iterations = 1000, initial_temperature = 3.0, cooling_rate = 0.999
26 - INFO - chord#: 70 done. best_score=36.0, changed=517, unchanged=327, early_stops=8/8
26 - INFO - chord#: 72 In build_straw_man_chord_sa. tolerance = 1, sa_iterations = 1000, initial_temperature = 3.0, cooling_rate = 0.999
26 - INFO - chord#: 72 done. best_score=27.0, changed=514, unchanged=380, early_stops=8/8
26 - INFO - chord#: 74 In build_straw_man_chord_sa. tolerance = 1, sa_iterations = 1000, initial_temperature = 3.0, cooling_rate = 0.999
26 - INFO - chord#: 70 done. best_score=36.0, changed=524, unchanged=414, early_stops=8/8
26 - INFO - chord#: 72 In build_straw_man_chord_sa. tolerance = 1, sa_iterations = 1000, initial_temperature = 3.0, cooling_rate = 0.999
26 - INFO - chord#: 47 done. best_score=162.0, changed=609, unchanged=261, early_stops=8/8
26 - INFO - chord#: 48 In build_straw_man_chord_sa. tolerance = 1, sa_iterations = 1000, initial_temperature = 3.0, cooling_rate = 0.999
26 - INFO - chord#: 47 done. best_score=137.0, changed=611, unchanged=414, early_stops=8/8
26 - INFO - chord#: 48 In build_straw_man_chord_sa. tolerance = 1, sa_iterations = 1000, initial_temperature = 3.0, cooling_rate = 0.999
26 - INFO - chord#: 70 done. best_score=36.0, changed=521, unchanged=365, early_stops=8/8
26 - INFO - chord#: 72 In build_straw_man_chord_sa. tolerance = 1, sa_iterations = 1000, initial_temperature = 3.0, cooling_rate = 0.999
26 - INFO - chord#: 47 done. best_score=96.0, changed=612, unchanged=388, early_stops=8/8
26 - INFO - chord#: 48 In build_straw_man_chord_sa. tolerance = 1, sa_iterations = 1000, initial_temperature = 3.0, cooling_rate = 0.999
26 - INFO - chord#: 70 done. best_score=36.0, changed=523, unchanged=407, early_stops=8/8
26 - INFO - chord#: 72 In build_straw_man_chord_sa. tolerance = 1, sa_iterations = 1000, initial_temperature = 3.0, cooling_rate = 0.999
26 - INFO - chord#: 72 done. best_score=27.0, changed=522, unchanged=438, early_stops=8/8
26 - INFO - chord#: 74 In build_straw_man_chord_sa. tolerance = 1, sa_iterations = 1000, initial_temperature = 3.0, cooling_rate = 0.999
26 - INFO - chord#: 72 done. best_score=27.0, changed=520, unchanged=328, early_stops=8/8
26 - INFO - chord#: 74 In build_straw_man_chord_sa. tolerance = 1, sa_iterations = 1000, initial_temperature = 3.0, cooling_rate = 0.999
26 - INFO - chord#: 48 done. best_score=27.0, changed=522, unchanged=377, early_stops=8/8
26 - INFO - chord#: 56 In build_straw_man_chord_sa. tolerance = 1, sa_iterations = 1000, initial_temperature = 3.0, cooling_rate = 0.999
26 - INFO - chord#: 72 done. best_score=27.0, changed=520, unchanged=427, early_stops=8/8
26 - INFO - chord#: 74 In build_straw_man_chord_sa. tolerance = 1, sa_iterations = 1000, initial_temperature = 3.0, cooling_rate = 0.999
26 - INFO - chord#: 47 done. best_score=67.0, changed=612, unchanged=405, early_stops=8/8
26 - INFO - chord#: 48 In build_straw_man_chord_sa. tolerance = 1, sa_iterations = 1000, initial_temperature = 3.0, cooling_rate = 0.999
26 - INFO - chord#: 48 done. best_score=27.0, changed=524, unchanged=340, early_stops=8/8
26 - INFO - chord#: 56 In build_straw_man_chord_sa. tolerance = 1, sa_iterations = 1000, initial_temperature = 3.0, cooling_rate = 0.999
26 - INFO - chord#: 48 done. best_score=27.0, changed=516, unchanged=374, early_stops=8/8
26 - INFO - chord#: 56 In build_straw_man_chord_sa. tolerance = 1, sa_iterations = 1000, initial_temperature = 3.0, cooling_rate = 0.999
26 - INFO - chord#: 47 done. best_score=137.0, changed=615, unchanged=439, early_stops=8/8
26 - INFO - chord#: 48 In build_straw_man_chord_sa. tolerance = 1, sa_iterations = 1000, initial_temperature = 3.0, cooling_rate = 0.999
26 - INFO - chord#: 74 done. best_score=82.0, changed=613, unchanged=366, early_stops=8/8
26 - INFO - chord#: 76 In build_straw_man_chord_sa. tolerance = 1, sa_iterations = 1000, initial_temperature = 3.0, cooling_rate = 0.999
26 - INFO - chord#: 47 done. best_score=96.0, changed=613, unchanged=413, early_stops=8/8
26 - INFO - chord#: 48 In build_straw_man_chord_sa. tolerance = 1, sa_iterations = 1000, initial_temperature = 3.0, cooling_rate = 0.999
26 - INFO - chord#: 72 done. best_score=27.0, changed=523, unchanged=467, early_stops=8/8
26 - INFO - chord#: 74 In build_straw_man_chord_sa. tolerance = 1, sa_iterations = 1000, initial_temperature = 3.0, cooling_rate = 0.999
26 - INFO - chord#: 56 done. best_score=27.0, changed=528, unchanged=350, early_stops=8/8
26 - INFO - chord#: 60 In build_straw_man_chord_sa. tolerance = 1, sa_iterations = 1000, initial_temperature = 3.0, cooling_rate = 0.999
26 - INFO - chord#: 74 done. best_score=82.0, changed=611, unchanged=323, early_stops=8/8
26 - INFO - chord#: 76 In build_straw_man_chord_sa. tolerance = 1, sa_iterations = 1000, initial_temperature = 3.0, cooling_rate = 0.999
26 - INFO - chord#: 48 done. best_score=27.0, changed=527, unchanged=343, early_stops=8/8
26 - INFO - chord#: 56 In build_straw_man_chord_sa. tolerance = 1, sa_iterations = 1000, initial_temperature = 3.0, cooling_rate = 0.999
26 - INFO - chord#: 56 done. best_score=27.0, changed=522, unchanged=348, early_stops=8/8
26 - INFO - chord#: 60 In build_straw_man_chord_sa. tolerance = 1, sa_iterations = 1000, initial_temperature = 3.0, cooling_rate = 0.999
26 - INFO - chord#: 56 done. best_score=27.0, changed=522, unchanged=387, early_stops=8/8
26 - INFO - chord#: 60 In build_straw_man_chord_sa. tolerance = 1, sa_iterations = 1000, initial_temperature = 3.0, cooling_rate = 0.999
26 - INFO - chord#: 76 done. best_score=31.0, changed=528, unchanged=350, early_stops=8/8
26 - INFO - chord#: 80 In build_straw_man_chord_sa. tolerance = 1, sa_iterations = 1000, initial_temperature = 3.0, cooling_rate = 0.999
26 - INFO - chord#: 48 done. best_score=27.0, changed=526, unchanged=300, early_stops=8/8
26 - INFO - chord#: 56 In build_straw_man_chord_sa. tolerance = 1, sa_iterations = 1000, initial_temperature = 3.0, cooling_rate = 0.999
26 - INFO - chord#: 48 done. best_score=27.0, changed=534, unchanged=463, early_stops=8/8
26 - INFO - chord#: 56 In build_straw_man_chord_sa. tolerance = 1, sa_iterations = 1000, initial_temperature = 3.0, cooling_rate = 0.999
26 - INFO - chord#: 74 done. best_score=120.0, changed=612, unchanged=338, early_stops=8/8
26 - INFO - chord#: 76 In build_straw_man_chord_sa. tolerance = 1, sa_iterations = 1000, initial_temperature = 3.0, cooling_rate = 0.999
26 - INFO - chord#: 60 done. best_score=27.0, changed=519, unchanged=320, early_stops=8/8
26 - INFO - chord#: 64 In build_straw_man_chord_sa. tolerance = 1, sa_iterations = 1000, initial_temperature = 3.0, cooling_rate = 0.999
26 - INFO - chord#: 76 done. best_score=31.0, changed=523, unchanged=334, early_stops=8/8
26 - INFO - chord#: 80 In build_straw_man_chord_sa. tolerance = 1, sa_iterations = 1000, initial_temperature = 3.0, cooling_rate = 0.999
26 - INFO - chord#: 74 done. best_score=82.0, changed=611, unchanged=293, early_stops=8/8
26 - INFO - chord#: 76 In build_straw_man_chord_sa. tolerance = 1, sa_iterations = 1000, initial_temperature = 3.0, cooling_rate = 0.999
26 - INFO - chord#: 74 done. best_score=82.0, changed=613, unchanged=238, early_stops=8/8
26 - INFO - chord#: 76 In build_straw_man_chord_sa. tolerance = 1, sa_iterations = 1000, initial_temperature = 3.0, cooling_rate = 0.999
26 - INFO - chord#: 56 done. best_score=27.0, changed=519, unchanged=301, early_stops=8/8
26 - INFO - chord#: 60 In build_straw_man_chord_sa. tolerance = 1, sa_iterations = 1000, initial_temperature = 3.0, cooling_rate = 0.999
26 - INFO - chord#: 80 done. best_score=27.0, changed=514, unchanged=322, early_stops=8/8
26 - INFO - chord#: 84 In build_straw_man_chord_sa. tolerance = 1, sa_iterations = 1000, initial_temperature = 3.0, cooling_rate = 0.999
26 - INFO - chord#: 60 done. best_score=27.0, changed=526, unchanged=384, early_stops=8/8
26 - INFO - chord#: 64 In build_straw_man_chord_sa. tolerance = 1, sa_iterations = 1000, initial_temperature = 3.0, cooling_rate = 0.999
26 - INFO - chord#: 60 done. best_score=27.0, changed=526, unchanged=399, early_stops=8/8
26 - INFO - chord#: 64 In build_straw_man_chord_sa. tolerance = 1, sa_iterations = 1000, initial_temperature = 3.0, cooling_rate = 0.999
26 - INFO - chord#: 56 done. best_score=27.0, changed=528, unchanged=345, early_stops=8/8
26 - INFO - chord#: 60 In build_straw_man_chord_sa. tolerance = 1, sa_iterations = 1000, initial_temperature = 3.0, cooling_rate = 0.999
26 - INFO - chord#: 80 done. best_score=27.0, changed=520, unchanged=394, early_stops=8/8
26 - INFO - chord#: 84 In build_straw_man_chord_sa. tolerance = 1, sa_iterations = 1000, initial_temperature = 3.0, cooling_rate = 0.999
26 - INFO - chord#: 76 done. best_score=31.0, changed=516, unchanged=356, early_stops=8/8
26 - INFO - chord#: 80 In build_straw_man_chord_sa. tolerance = 1, sa_iterations = 1000, initial_temperature = 3.0, cooling_rate = 0.999
26 - INFO - chord#: 56 done. best_score=27.0, changed=526, unchanged=313, early_stops=8/8
26 - INFO - chord#: 60 In build_straw_man_chord_sa. tolerance = 1, sa_iterations = 1000, initial_temperature = 3.0, cooling_rate = 0.999
26 - INFO - chord#: 76 done. best_score=31.0, changed=524, unchanged=386, early_stops=8/8
26 - INFO - chord#: 80 In build_straw_man_chord_sa. tolerance = 1, sa_iterations = 1000, initial_temperature = 3.0, cooling_rate = 0.999
26 - INFO - chord#: 76 done. best_score=31.0, changed=522, unchanged=351, early_stops=8/8
26 - INFO - chord#: 80 In build_straw_man_chord_sa. tolerance = 1, sa_iterations = 1000, initial_temperature = 3.0, cooling_rate = 0.999
26 - INFO - chord#: 64 done. best_score=27.0, changed=535, unchanged=378, early_stops=8/8
26 - INFO - chord#: 68 In build_straw_man_chord_sa. tolerance = 1, sa_iterations = 1000, initial_temperature = 3.0, cooling_rate = 0.999
26 - INFO - chord#: 84 done. best_score=27.0, changed=519, unchanged=336, early_stops=8/8
26 - INFO - chord#: 88 In build_straw_man_chord_sa. tolerance = 1, sa_iterations = 1000, initial_temperature = 3.0, cooling_rate = 0.999
26 - INFO - chord#: 60 done. best_score=27.0, changed=531, unchanged=343, early_stops=8/8
26 - INFO - chord#: 64 In build_straw_man_chord_sa. tolerance = 1, sa_iterations = 1000, initial_temperature = 3.0, cooling_rate = 0.999
26 - INFO - chord#: 60 done. best_score=27.0, changed=529, unchanged=386, early_stops=8/8
26 - INFO - chord#: 64 In build_straw_man_chord_sa. tolerance = 1, sa_iterations = 1000, initial_temperature = 3.0, cooling_rate = 0.999
26 - INFO - chord#: 64 done. best_score=27.0, changed=526, unchanged=332, early_stops=8/8
26 - INFO - chord#: 68 In build_straw_man_chord_sa. tolerance = 1, sa_iterations = 1000, initial_temperature = 3.0, cooling_rate = 0.999
26 - INFO - chord#: 74 done. best_score=82.0, changed=612, unchanged=347, early_stops=8/8
26 - INFO - chord#: 76 In build_straw_man_chord_sa. tolerance = 1, sa_iterations = 1000, initial_temperature = 3.0, cooling_rate = 0.999
26 - INFO - chord#: 64 done. best_score=27.0, changed=523, unchanged=375, early_stops=8/8
26 - INFO - chord#: 68 In build_straw_man_chord_sa. tolerance = 1, sa_iterations = 1000, initial_temperature = 3.0, cooling_rate = 0.999
26 - INFO - chord#: 84 done. best_score=27.0, changed=516, unchanged=333, early_stops=8/8
26 - INFO - chord#: 88 In build_straw_man_chord_sa. tolerance = 1, sa_iterations = 1000, initial_temperature = 3.0, cooling_rate = 0.999
26 - INFO - chord#: 80 done. best_score=27.0, changed=528, unchanged=440, early_stops=8/8
26 - INFO - chord#: 84 In build_straw_man_chord_sa. tolerance = 1, sa_iterations = 1000, initial_temperature = 3.0, cooling_rate = 0.999
26 - INFO - chord#: 80 done. best_score=27.0, changed=523, unchanged=453, early_stops=8/8
26 - INFO - chord#: 84 In build_straw_man_chord_sa. tolerance = 1, sa_iterations = 1000, initial_temperature = 3.0, cooling_rate = 0.999
26 - INFO - chord#: 80 done. best_score=27.0, changed=515, unchanged=412, early_stops=8/8
26 - INFO - chord#: 84 In build_straw_man_chord_sa. tolerance = 1, sa_iterations = 1000, initial_temperature = 3.0, cooling_rate = 0.999
26 - INFO - chord#: 60 done. best_score=27.0, changed=528, unchanged=377, early_stops=8/8
26 - INFO - chord#: 64 In build_straw_man_chord_sa. tolerance = 1, sa_iterations = 1000, initial_temperature = 3.0, cooling_rate = 0.999
26 - INFO - chord#: 68 done. best_score=35.0, changed=525, unchanged=333, early_stops=8/8
26 - INFO - chord#: 70 In build_straw_man_chord_sa. tolerance = 1, sa_iterations = 1000, initial_temperature = 3.0, cooling_rate = 0.999
26 - INFO - chord#: 64 done. best_score=27.0, changed=526, unchanged=368, early_stops=8/8
26 - INFO - chord#: 68 In build_straw_man_chord_sa. tolerance = 1, sa_iterations = 1000, initial_temperature = 3.0, cooling_rate = 0.999
26 - INFO - chord#: 64 done. best_score=27.0, changed=529, unchanged=400, early_stops=8/8
26 - INFO - chord#: 68 In build_straw_man_chord_sa. tolerance = 1, sa_iterations = 1000, initial_temperature = 3.0, cooling_rate = 0.999
26 - INFO - chord#: 68 done. best_score=35.0, changed=524, unchanged=407, early_stops=8/8
26 - INFO - chord#: 70 In build_straw_man_chord_sa. tolerance = 1, sa_iterations = 1000, initial_temperature = 3.0, cooling_rate = 0.999
26 - INFO - chord#: 76 done. best_score=31.0, changed=533, unchanged=390, early_stops=8/8
26 - INFO - chord#: 80 In build_straw_man_chord_sa. tolerance = 1, sa_iterations = 1000, initial_temperature = 3.0, cooling_rate = 0.999
26 - INFO - chord#: 68 done. best_score=35.0, changed=522, unchanged=424, early_stops=8/8
26 - INFO - chord#: 70 In build_straw_man_chord_sa. tolerance = 1, sa_iterations = 1000, initial_temperature = 3.0, cooling_rate = 0.999
26 - INFO - chord#: 84 done. best_score=27.0, changed=529, unchanged=433, early_stops=8/8
26 - INFO - chord#: 88 In build_straw_man_chord_sa. tolerance = 1, sa_iterations = 1000, initial_temperature = 3.0, cooling_rate = 0.999
26 - INFO - chord#: 84 done. best_score=27.0, changed=523, unchanged=351, early_stops=8/8
26 - INFO - chord#: 88 In build_straw_man_chord_sa. tolerance = 1, sa_iterations = 1000, initial_temperature = 3.0, cooling_rate = 0.999
26 - INFO - chord#: 84 done. best_score=27.0, changed=527, unchanged=424, early_stops=8/8
26 - INFO - chord#: 88 In build_straw_man_chord_sa. tolerance = 1, sa_iterations = 1000, initial_temperature = 3.0, cooling_rate = 0.999
26 - INFO - chord#: 64 done. best_score=27.0, changed=528, unchanged=412, early_stops=8/8
26 - INFO - chord#: 68 In build_straw_man_chord_sa. tolerance = 1, sa_iterations = 1000, initial_temperature = 3.0, cooling_rate = 0.999
26 - INFO - chord#: 68 done. best_score=35.0, changed=527, unchanged=340, early_stops=8/8
26 - INFO - chord#: 70 In build_straw_man_chord_sa. tolerance = 1, sa_iterations = 1000, initial_temperature = 3.0, cooling_rate = 0.999
26 - INFO - chord#: 70 done. best_score=36.0, changed=523, unchanged=362, early_stops=8/8
26 - INFO - chord#: 72 In build_straw_man_chord_sa. tolerance = 1, sa_iterations = 1000, initial_temperature = 3.0, cooling_rate = 0.999
26 - INFO - chord#: 80 done. best_score=27.0, changed=517, unchanged=315, early_stops=8/8
26 - INFO - chord#: 84 In build_straw_man_chord_sa. tolerance = 1, sa_iterations = 1000, initial_temperature = 3.0, cooling_rate = 0.999
26 - INFO - chord#: 88 done. best_score=120.0, changed=612, unchanged=350, early_stops=8/8
26 - INFO - chord#: 90 In build_straw_man_chord_sa. tolerance = 1, sa_iterations = 1000, initial_temperature = 3.0, cooling_rate = 0.999
26 - INFO - chord#: 68 done. best_score=35.0, changed=520, unchanged=393, early_stops=8/8
26 - INFO - chord#: 70 In build_straw_man_chord_sa. tolerance = 1, sa_iterations = 1000, initial_temperature = 3.0, cooling_rate = 0.999
26 - INFO - chord#: 70 done. best_score=36.0, changed=523, unchanged=333, early_stops=8/8
26 - INFO - chord#: 72 In build_straw_man_chord_sa. tolerance = 1, sa_iterations = 1000, initial_temperature = 3.0, cooling_rate = 0.999
26 - INFO - chord#: 70 done. best_score=36.0, changed=526, unchanged=424, early_stops=8/8
26 - INFO - chord#: 72 In build_straw_man_chord_sa. tolerance = 1, sa_iterations = 1000, initial_temperature = 3.0, cooling_rate = 0.999
26 - INFO - chord#: 70 done. best_score=36.0, changed=529, unchanged=331, early_stops=8/8
26 - INFO - chord#: 72 In build_straw_man_chord_sa. tolerance = 1, sa_iterations = 1000, initial_temperature = 3.0, cooling_rate = 0.999
26 - INFO - chord#: 68 done. best_score=35.0, changed=522, unchanged=333, early_stops=8/8
26 - INFO - chord#: 70 In build_straw_man_chord_sa. tolerance = 1, sa_iterations = 1000, initial_temperature = 3.0, cooling_rate = 0.999
26 - INFO - chord#: 88 done. best_score=146.0, changed=615, unchanged=445, early_stops=8/8
26 - INFO - chord#: 90 In build_straw_man_chord_sa. tolerance = 1, sa_iterations = 1000, initial_temperature = 3.0, cooling_rate = 0.999
26 - INFO - chord#: 72 done. best_score=27.0, changed=523, unchanged=432, early_stops=8/8
26 - INFO - chord#: 74 In build_straw_man_chord_sa. tolerance = 1, sa_iterations = 1000, initial_temperature = 3.0, cooling_rate = 0.999
26 - INFO - chord#: 90 done. best_score=27.0, changed=529, unchanged=343, early_stops=8/8
26 - INFO - chord#: 92 In build_straw_man_chord_sa. tolerance = 1, sa_iterations = 1000, initial_temperature = 3.0, cooling_rate = 0.999
26 - INFO - chord#: 84 done. best_score=27.0, changed=523, unchanged=367, early_stops=8/8
26 - INFO - chord#: 88 In build_straw_man_chord_sa. tolerance = 1, sa_iterations = 1000, initial_temperature = 3.0, cooling_rate = 0.999
26 - INFO - chord#: 88 done. best_score=132.0, changed=610, unchanged=267, early_stops=8/8
26 - INFO - chord#: 90 In build_straw_man_chord_sa. tolerance = 1, sa_iterations = 1000, initial_temperature = 3.0, cooling_rate = 0.999
26 - INFO - chord#: 72 done. best_score=27.0, changed=519, unchanged=361, early_stops=8/8
26 - INFO - chord#: 74 In build_straw_man_chord_sa. tolerance = 1, sa_iterations = 1000, initial_temperature = 3.0, cooling_rate = 0.999
26 - INFO - chord#: 70 done. best_score=36.0, changed=538, unchanged=539, early_stops=8/8
26 - INFO - chord#: 72 In build_straw_man_chord_sa. tolerance = 1, sa_iterations = 1000, initial_temperature = 3.0, cooling_rate = 0.999
26 - INFO - chord#: 72 done. best_score=27.0, changed=518, unchanged=375, early_stops=8/8
26 - INFO - chord#: 74 In build_straw_man_chord_sa. tolerance = 1, sa_iterations = 1000, initial_temperature = 3.0, cooling_rate = 0.999
26 - INFO - chord#: 88 done. best_score=82.0, changed=617, unchanged=317, early_stops=8/8
26 - INFO - chord#: 90 In build_straw_man_chord_sa. tolerance = 1, sa_iterations = 1000, initial_temperature = 3.0, cooling_rate = 0.999
26 - INFO - chord#: 90 done. best_score=27.0, changed=525, unchanged=324, early_stops=8/8
26 - INFO - chord#: 92 In build_straw_man_chord_sa. tolerance = 1, sa_iterations = 1000, initial_temperature = 3.0, cooling_rate = 0.999
26 - INFO - chord#: 70 done. best_score=36.0, changed=530, unchanged=378, early_stops=8/8
26 - INFO - chord#: 72 In build_straw_man_chord_sa. tolerance = 1, sa_iterations = 1000, initial_temperature = 3.0, cooling_rate = 0.999
26 - INFO - chord#: 92 done. best_score=27.0, changed=519, unchanged=326, early_stops=8/8
26 - INFO - chord#: 94 In build_straw_man_chord_sa. tolerance = 1, sa_iterations = 1000, initial_temperature = 3.0, cooling_rate = 0.999
26 - INFO - chord#: 72 done. best_score=27.0, changed=511, unchanged=527, early_stops=8/8
26 - INFO - chord#: 74 In build_straw_man_chord_sa. tolerance = 1, sa_iterations = 1000, initial_temperature = 3.0, cooling_rate = 0.999
26 - INFO - chord#: 90 done. best_score=72.0, changed=542, unchanged=309, early_stops=8/8
26 - INFO - chord#: 92 In build_straw_man_chord_sa. tolerance = 1, sa_iterations = 1000, initial_temperature = 3.0, cooling_rate = 0.999
26 - INFO - chord#: 88 done. best_score=150.0, changed=616, unchanged=540, early_stops=8/8
26 - INFO - chord#: 90 In build_straw_man_chord_sa. tolerance = 1, sa_iterations = 1000, initial_temperature = 3.0, cooling_rate = 0.999
26 - INFO - chord#: 90 done. best_score=27.0, changed=521, unchanged=386, early_stops=8/8
26 - INFO - chord#: 92 In build_straw_man_chord_sa. tolerance = 1, sa_iterations = 1000, initial_temperature = 3.0, cooling_rate = 0.999
26 - INFO - chord#: 92 done. best_score=27.0, changed=530, unchanged=349, early_stops=8/8
26 - INFO - chord#: 94 In build_straw_man_chord_sa. tolerance = 1, sa_iterations = 1000, initial_temperature = 3.0, cooling_rate = 0.999
26 - INFO - chord#: 72 done. best_score=27.0, changed=516, unchanged=357, early_stops=8/8
26 - INFO - chord#: 74 In build_straw_man_chord_sa. tolerance = 1, sa_iterations = 1000, initial_temperature = 3.0, cooling_rate = 0.999
26 - INFO - chord#: 92 done. best_score=27.0, changed=520, unchanged=310, early_stops=8/8
26 - INFO - chord#: 94 In build_straw_man_chord_sa. tolerance = 1, sa_iterations = 1000, initial_temperature = 3.0, cooling_rate = 0.999
26 - INFO - chord#: 72 done. best_score=27.0, changed=521, unchanged=462, early_stops=8/8
26 - INFO - chord#: 74 In build_straw_man_chord_sa. tolerance = 1, sa_iterations = 1000, initial_temperature = 3.0, cooling_rate = 0.999
26 - INFO - chord#: 90 done. best_score=72.0, changed=518, unchanged=313, early_stops=8/8
26 - INFO - chord#: 92 In build_straw_man_chord_sa. tolerance = 1, sa_iterations = 1000, initial_temperature = 3.0, cooling_rate = 0.999
26 - INFO - chord#: 92 done. best_score=27.0, changed=534, unchanged=402, early_stops=8/8
26 - INFO - chord#: 94 In build_straw_man_chord_sa. tolerance = 1, sa_iterations = 1000, initial_temperature = 3.0, cooling_rate = 0.999
26 - INFO - chord#: 74 done. best_score=82.0, changed=611, unchanged=267, early_stops=8/8
26 - INFO - chord#: 76 In build_straw_man_chord_sa. tolerance = 1, sa_iterations = 1000, initial_temperature = 3.0, cooling_rate = 0.999
26 - INFO - chord#: 74 done. best_score=82.0, changed=614, unchanged=343, early_stops=8/8
26 - INFO - chord#: 76 In build_straw_man_chord_sa. tolerance = 1, sa_iterations = 1000, initial_temperature = 3.0, cooling_rate = 0.999
26 - INFO - chord#: 92 done. best_score=27.0, changed=533, unchanged=308, early_stops=8/8
26 - INFO - chord#: 94 In build_straw_man_chord_sa. tolerance = 1, sa_iterations = 1000, initial_temperature = 3.0, cooling_rate = 0.999
26 - INFO - chord#: 74 done. best_score=82.0, changed=611, unchanged=307, early_stops=8/8
26 - INFO - chord#: 76 In build_straw_man_chord_sa. tolerance = 1, sa_iterations = 1000, initial_temperature = 3.0, cooling_rate = 0.999
26 - INFO - chord#: 88 done. best_score=82.0, changed=612, unchanged=327, early_stops=8/8
26 - INFO - chord#: 90 In build_straw_man_chord_sa. tolerance = 1, sa_iterations = 1000, initial_temperature = 3.0, cooling_rate = 0.999
26 - INFO - chord#: 74 done. best_score=82.0, changed=607, unchanged=253, early_stops=8/8
26 - INFO - chord#: 76 In build_straw_man_chord_sa. tolerance = 1, sa_iterations = 1000, initial_temperature = 3.0, cooling_rate = 0.999
26 - INFO - chord#: 76 done. best_score=31.0, changed=525, unchanged=333, early_stops=8/8
26 - INFO - chord#: 80 In build_straw_man_chord_sa. tolerance = 1, sa_iterations = 1000, initial_temperature = 3.0, cooling_rate = 0.999
26 - INFO - chord#: 94 done. best_score=78.0, changed=619, unchanged=390, early_stops=8/8
26 - INFO - chord#: 96 In build_straw_man_chord_sa. tolerance = 1, sa_iterations = 1000, initial_temperature = 3.0, cooling_rate = 0.999
26 - INFO - chord#: 76 done. best_score=31.0, changed=520, unchanged=321, early_stops=8/8
26 - INFO - chord#: 80 In build_straw_man_chord_sa. tolerance = 1, sa_iterations = 1000, initial_temperature = 3.0, cooling_rate = 0.999
26 - INFO - chord#: 94 done. best_score=137.0, changed=612, unchanged=332, early_stops=8/8
26 - INFO - chord#: 96 In build_straw_man_chord_sa. tolerance = 1, sa_iterations = 1000, initial_temperature = 3.0, cooling_rate = 0.999
26 - INFO - chord#: 94 done. best_score=67.0, changed=618, unchanged=409, early_stops=8/8
26 - INFO - chord#: 96 In build_straw_man_chord_sa. tolerance = 1, sa_iterations = 1000, initial_temperature = 3.0, cooling_rate = 0.999
26 - INFO - chord#: 74 done. best_score=147.0, changed=610, unchanged=236, early_stops=8/8
26 - INFO - chord#: 76 In build_straw_man_chord_sa. tolerance = 1, sa_iterations = 1000, initial_temperature = 3.0, cooling_rate = 0.999
26 - INFO - chord#: 76 done. best_score=31.0, changed=528, unchanged=445, early_stops=8/8
26 - INFO - chord#: 80 In build_straw_man_chord_sa. tolerance = 1, sa_iterations = 1000, initial_temperature = 3.0, cooling_rate = 0.999
26 - INFO - chord#: 90 done. best_score=27.0, changed=530, unchanged=364, early_stops=8/8
26 - INFO - chord#: 92 In build_straw_man_chord_sa. tolerance = 1, sa_iterations = 1000, initial_temperature = 3.0, cooling_rate = 0.999
26 - INFO - chord#: 80 done. best_score=27.0, changed=526, unchanged=438, early_stops=8/8
26 - INFO - chord#: 84 In build_straw_man_chord_sa. tolerance = 1, sa_iterations = 1000, initial_temperature = 3.0, cooling_rate = 0.999
26 - INFO - chord#: 76 done. best_score=31.0, changed=524, unchanged=327, early_stops=8/8
26 - INFO - chord#: 80 In build_straw_man_chord_sa. tolerance = 1, sa_iterations = 1000, initial_temperature = 3.0, cooling_rate = 0.999
26 - INFO - chord#: 94 done. best_score=131.0, changed=609, unchanged=251, early_stops=8/8
26 - INFO - chord#: 96 In build_straw_man_chord_sa. tolerance = 1, sa_iterations = 1000, initial_temperature = 3.0, cooling_rate = 0.999
26 - INFO - chord#: 74 done. best_score=119.0, changed=618, unchanged=286, early_stops=8/8
26 - INFO - chord#: 76 In build_straw_man_chord_sa. tolerance = 1, sa_iterations = 1000, initial_temperature = 3.0, cooling_rate = 0.999
26 - INFO - chord#: 92 done. best_score=27.0, changed=523, unchanged=307, early_stops=8/8
26 - INFO - chord#: 94 In build_straw_man_chord_sa. tolerance = 1, sa_iterations = 1000, initial_temperature = 3.0, cooling_rate = 0.999
26 - INFO - chord#: 80 done. best_score=27.0, changed=521, unchanged=485, early_stops=8/8
26 - INFO - chord#: 84 In build_straw_man_chord_sa. tolerance = 1, sa_iterations = 1000, initial_temperature = 3.0, cooling_rate = 0.999
26 - INFO - chord#: 94 done. best_score=67.0, changed=610, unchanged=313, early_stops=8/8
26 - INFO - chord#: 96 In build_straw_man_chord_sa. tolerance = 1, sa_iterations = 1000, initial_temperature = 3.0, cooling_rate = 0.999
26 - INFO - chord#: 76 done. best_score=31.0, changed=525, unchanged=414, early_stops=8/8
26 - INFO - chord#: 80 In build_straw_man_chord_sa. tolerance = 1, sa_iterations = 1000, initial_temperature = 3.0, cooling_rate = 0.999
26 - INFO - chord#: 84 done. best_score=27.0, changed=524, unchanged=449, early_stops=8/8
26 - INFO - chord#: 88 In build_straw_man_chord_sa. tolerance = 1, sa_iterations = 1000, initial_temperature = 3.0, cooling_rate = 0.999
26 - INFO - chord#: 80 done. best_score=27.0, changed=521, unchanged=469, early_stops=8/8
26 - INFO - chord#: 84 In build_straw_man_chord_sa. tolerance = 1, sa_iterations = 1000, initial_temperature = 3.0, cooling_rate = 0.999
26 - INFO - chord#: 96 done. best_score=70.0, changed=611, unchanged=335, early_stops=8/8
26 - INFO - chord#: 98 In build_straw_man_chord_sa. tolerance = 1, sa_iterations = 1000, initial_temperature = 3.0, cooling_rate = 0.999
26 - INFO - chord#: 80 done. best_score=27.0, changed=524, unchanged=377, early_stops=8/8
26 - INFO - chord#: 84 In build_straw_man_chord_sa. tolerance = 1, sa_iterations = 1000, initial_temperature = 3.0, cooling_rate = 0.999
26 - INFO - chord#: 76 done. best_score=31.0, changed=535, unchanged=282, early_stops=8/8
26 - INFO - chord#: 80 In build_straw_man_chord_sa. tolerance = 1, sa_iterations = 1000, initial_temperature = 3.0, cooling_rate = 0.999
26 - INFO - chord#: 96 done. best_score=70.0, changed=613, unchanged=315, early_stops=8/8
26 - INFO - chord#: 98 In build_straw_man_chord_sa. tolerance = 1, sa_iterations = 1000, initial_temperature = 3.0, cooling_rate = 0.999
26 - INFO - chord#: 96 done. best_score=70.0, changed=620, unchanged=332, early_stops=8/8
26 - INFO - chord#: 98 In build_straw_man_chord_sa. tolerance = 1, sa_iterations = 1000, initial_temperature = 3.0, cooling_rate = 0.999
26 - INFO - chord#: 84 done. best_score=27.0, changed=522, unchanged=409, early_stops=8/8
26 - INFO - chord#: 88 In build_straw_man_chord_sa. tolerance = 1, sa_iterations = 1000, initial_temperature = 3.0, cooling_rate = 0.999
26 - INFO - chord#: 98 done. best_score=27.0, changed=526, unchanged=388, early_stops=8/8
26 - INFO - chord#: 100 In build_straw_man_chord_sa. tolerance = 1, sa_iterations = 1000, initial_temperature = 3.0, cooling_rate = 0.999
26 - INFO - chord#: 96 done. best_score=111.0, changed=612, unchanged=379, early_stops=8/8
26 - INFO - chord#: 80 done. best_score=27.0, changed=516, unchanged=447, early_stops=8/8
26 - INFO - chord#: 98 In build_straw_man_chord_sa. tolerance = 1, sa_iterations = 1000, initial_temperature = 3.0, cooling_rate = 0.999
26 - INFO - chord#: 84 In build_straw_man_chord_sa. tolerance = 1, sa_iterations = 1000, initial_temperature = 3.0, cooling_rate = 0.999
26 - INFO - chord#: 84 done. best_score=27.0, changed=527, unchanged=443, early_stops=8/8
26 - INFO - chord#: 88 In build_straw_man_chord_sa. tolerance = 1, sa_iterations = 1000, initial_temperature = 3.0, cooling_rate = 0.999
26 - INFO - chord#: 84 done. best_score=27.0, changed=524, unchanged=337, early_stops=8/8
26 - INFO - chord#: 88 In build_straw_man_chord_sa. tolerance = 1, sa_iterations = 1000, initial_temperature = 3.0, cooling_rate = 0.999
26 - INFO - chord#: 96 done. best_score=70.0, changed=609, unchanged=259, early_stops=8/8
26 - INFO - chord#: 98 In build_straw_man_chord_sa. tolerance = 1, sa_iterations = 1000, initial_temperature = 3.0, cooling_rate = 0.999
26 - INFO - chord#: 98 done. best_score=27.0, changed=533, unchanged=391, early_stops=8/8
26 - INFO - chord#: 100 In build_straw_man_chord_sa. tolerance = 1, sa_iterations = 1000, initial_temperature = 3.0, cooling_rate = 0.999
26 - INFO - chord#: 80 done. best_score=27.0, changed=513, unchanged=412, early_stops=8/8
26 - INFO - chord#: 84 In build_straw_man_chord_sa. tolerance = 1, sa_iterations = 1000, initial_temperature = 3.0, cooling_rate = 0.999
26 - INFO - chord#: 98 done. best_score=27.0, changed=535, unchanged=416, early_stops=8/8
26 - INFO - chord#: 100 In build_straw_man_chord_sa. tolerance = 1, sa_iterations = 1000, initial_temperature = 3.0, cooling_rate = 0.999
26 - INFO - chord#: 98 done. best_score=27.0, changed=516, unchanged=311, early_stops=8/8
26 - INFO - chord#: 100 In build_straw_man_chord_sa. tolerance = 1, sa_iterations = 1000, initial_temperature = 3.0, cooling_rate = 0.999
26 - INFO - chord#: 100 done. best_score=31.0, changed=528, unchanged=377, early_stops=8/8
26 - INFO - chord#: 102 In build_straw_man_chord_sa. tolerance = 1, sa_iterations = 1000, initial_temperature = 3.0, cooling_rate = 0.999
26 - INFO - chord#: 84 done. best_score=27.0, changed=520, unchanged=418, early_stops=8/8
26 - INFO - chord#: 88 In build_straw_man_chord_sa. tolerance = 1, sa_iterations = 1000, initial_temperature = 3.0, cooling_rate = 0.999
26 - INFO - chord#: 98 done. best_score=27.0, changed=521, unchanged=385, early_stops=8/8
26 - INFO - chord#: 100 In build_straw_man_chord_sa. tolerance = 1, sa_iterations = 1000, initial_temperature = 3.0, cooling_rate = 0.999
26 - INFO - chord#: 100 done. best_score=31.0, changed=526, unchanged=403, early_stops=8/8
26 - INFO - chord#: 102 In build_straw_man_chord_sa. tolerance = 1, sa_iterations = 1000, initial_temperature = 3.0, cooling_rate = 0.999
26 - INFO - chord#: 84 done. best_score=27.0, changed=527, unchanged=384, early_stops=8/8
26 - INFO - chord#: 88 In build_straw_man_chord_sa. tolerance = 1, sa_iterations = 1000, initial_temperature = 3.0, cooling_rate = 0.999
26 - INFO - chord#: 100 done. best_score=31.0, changed=524, unchanged=380, early_stops=8/8
26 - INFO - chord#: 102 In build_straw_man_chord_sa. tolerance = 1, sa_iterations = 1000, initial_temperature = 3.0, cooling_rate = 0.999
26 - INFO - chord#: 94 done. best_score=142.0, changed=613, unchanged=349, early_stops=8/8
26 - INFO - chord#: 96 In build_straw_man_chord_sa. tolerance = 1, sa_iterations = 1000, initial_temperature = 3.0, cooling_rate = 0.999
26 - INFO - chord#: 88 done. best_score=82.0, changed=614, unchanged=449, early_stops=8/8
26 - INFO - chord#: 90 In build_straw_man_chord_sa. tolerance = 1, sa_iterations = 1000, initial_temperature = 3.0, cooling_rate = 0.999
26 - INFO - chord#: 100 done. best_score=31.0, changed=519, unchanged=372, early_stops=8/8
26 - INFO - chord#: 102 In build_straw_man_chord_sa. tolerance = 1, sa_iterations = 1000, initial_temperature = 3.0, cooling_rate = 0.999
26 - INFO - chord#: 102 done. best_score=27.0, changed=521, unchanged=490, early_stops=8/8
26 - INFO - chord#: 103 In build_straw_man_chord_sa. tolerance = 1, sa_iterations = 1000, initial_temperature = 3.0, cooling_rate = 0.999
26 - INFO - chord#: 100 done. best_score=31.0, changed=525, unchanged=338, early_stops=8/8
26 - INFO - chord#: 102 In build_straw_man_chord_sa. tolerance = 1, sa_iterations = 1000, initial_temperature = 3.0, cooling_rate = 0.999
26 - INFO - chord#: 102 done. best_score=27.0, changed=513, unchanged=300, early_stops=8/8
26 - INFO - chord#: 103 In build_straw_man_chord_sa. tolerance = 1, sa_iterations = 1000, initial_temperature = 3.0, cooling_rate = 0.999
26 - INFO - chord#: 102 done. best_score=27.0, changed=518, unchanged=390, early_stops=8/8
26 - INFO - chord#: 103 In build_straw_man_chord_sa. tolerance = 1, sa_iterations = 1000, initial_temperature = 3.0, cooling_rate = 0.999
26 - INFO - chord#: 88 done. best_score=82.0, changed=606, unchanged=298, early_stops=8/8
26 - INFO - chord#: 90 In build_straw_man_chord_sa. tolerance = 1, sa_iterations = 1000, initial_temperature = 3.0, cooling_rate = 0.999
26 - INFO - chord#: 102 done. best_score=27.0, changed=522, unchanged=354, early_stops=8/8
26 - INFO - chord#: 103 In build_straw_man_chord_sa. tolerance = 1, sa_iterations = 1000, initial_temperature = 3.0, cooling_rate = 0.999
26 - INFO - chord#: 88 done. best_score=124.0, changed=608, unchanged=241, early_stops=8/8
26 - INFO - chord#: 90 In build_straw_man_chord_sa. tolerance = 1, sa_iterations = 1000, initial_temperature = 3.0, cooling_rate = 0.999
26 - INFO - chord#: 90 done. best_score=27.0, changed=518, unchanged=316, early_stops=8/8
26 - INFO - chord#: 92 In build_straw_man_chord_sa. tolerance = 1, sa_iterations = 1000, initial_temperature = 3.0, cooling_rate = 0.999
26 - INFO - chord#: 102 done. best_score=27.0, changed=524, unchanged=414, early_stops=8/8
26 - INFO - chord#: 103 In build_straw_man_chord_sa. tolerance = 1, sa_iterations = 1000, initial_temperature = 3.0, cooling_rate = 0.999
26 - INFO - chord#: 88 done. best_score=146.0, changed=610, unchanged=301, early_stops=8/8
26 - INFO - chord#: 90 In build_straw_man_chord_sa. tolerance = 1, sa_iterations = 1000, initial_temperature = 3.0, cooling_rate = 0.999
26 - INFO - chord#: 90 done. best_score=61.0, changed=536, unchanged=391, early_stops=8/8
26 - INFO - chord#: 92 In build_straw_man_chord_sa. tolerance = 1, sa_iterations = 1000, initial_temperature = 3.0, cooling_rate = 0.999
26 - INFO - chord#: 103 done. best_score=96.0, changed=612, unchanged=237, early_stops=8/8
26 - INFO - chord#: 104 In build_straw_man_chord_sa. tolerance = 1, sa_iterations = 1000, initial_temperature = 3.0, cooling_rate = 0.999
26 - INFO - chord#: 96 done. best_score=111.0, changed=613, unchanged=334, early_stops=8/8
26 - INFO - chord#: 98 In build_straw_man_chord_sa. tolerance = 1, sa_iterations = 1000, initial_temperature = 3.0, cooling_rate = 0.999
26 - INFO - chord#: 90 done. best_score=27.0, changed=537, unchanged=476, early_stops=8/8
26 - INFO - chord#: 92 In build_straw_man_chord_sa. tolerance = 1, sa_iterations = 1000, initial_temperature = 3.0, cooling_rate = 0.999
26 - INFO - chord#: 92 done. best_score=27.0, changed=520, unchanged=301, early_stops=8/8
26 - INFO - chord#: 94 In build_straw_man_chord_sa. tolerance = 1, sa_iterations = 1000, initial_temperature = 3.0, cooling_rate = 0.999
26 - INFO - chord#: 88 done. best_score=82.0, changed=616, unchanged=302, early_stops=8/8
26 - INFO - chord#: 90 In build_straw_man_chord_sa. tolerance = 1, sa_iterations = 1000, initial_temperature = 3.0, cooling_rate = 0.999
26 - INFO - chord#: 88 done. best_score=120.0, changed=618, unchanged=611, early_stops=8/8
26 - INFO - chord#: 90 In build_straw_man_chord_sa. tolerance = 1, sa_iterations = 1000, initial_temperature = 3.0, cooling_rate = 0.999
26 - INFO - chord#: 90 done. best_score=36.0, changed=533, unchanged=320, early_stops=8/8
26 - INFO - chord#: 92 In build_straw_man_chord_sa. tolerance = 1, sa_iterations = 1000, initial_temperature = 3.0, cooling_rate = 0.999
26 - INFO - chord#: 92 done. best_score=27.0, changed=528, unchanged=297, early_stops=8/8
26 - INFO - chord#: 94 In build_straw_man_chord_sa. tolerance = 1, sa_iterations = 1000, initial_temperature = 3.0, cooling_rate = 0.999
26 - INFO - chord#: 103 done. best_score=67.0, changed=609, unchanged=290, early_stops=8/8
26 - INFO - chord#: 104 In build_straw_man_chord_sa. tolerance = 1, sa_iterations = 1000, initial_temperature = 3.0, cooling_rate = 0.999
26 - INFO - chord#: 92 done. best_score=27.0, changed=531, unchanged=408, early_stops=8/8
26 - INFO - chord#: 94 In build_straw_man_chord_sa. tolerance = 1, sa_iterations = 1000, initial_temperature = 3.0, cooling_rate = 0.999
26 - INFO - chord#: 98 done. best_score=27.0, changed=530, unchanged=355, early_stops=8/8
26 - INFO - chord#: 100 In build_straw_man_chord_sa. tolerance = 1, sa_iterations = 1000, initial_temperature = 3.0, cooling_rate = 0.999
26 - INFO - chord#: 104 done. best_score=27.0, changed=524, unchanged=515, early_stops=8/8
26 - INFO - chord#: 106 In build_straw_man_chord_sa. tolerance = 1, sa_iterations = 1000, initial_temperature = 3.0, cooling_rate = 0.999
26 - INFO - chord#: 103 done. best_score=137.0, changed=613, unchanged=378, early_stops=8/8
26 - INFO - chord#: 104 In build_straw_man_chord_sa. tolerance = 1, sa_iterations = 1000, initial_temperature = 3.0, cooling_rate = 0.999
26 - INFO - chord#: 90 done. best_score=27.0, changed=529, unchanged=358, early_stops=8/8
26 - INFO - chord#: 92 In build_straw_man_chord_sa. tolerance = 1, sa_iterations = 1000, initial_temperature = 3.0, cooling_rate = 0.999
26 - INFO - chord#: 90 done. best_score=27.0, changed=537, unchanged=481, early_stops=8/8
26 - INFO - chord#: 92 In build_straw_man_chord_sa. tolerance = 1, sa_iterations = 1000, initial_temperature = 3.0, cooling_rate = 0.999
26 - INFO - chord#: 92 done. best_score=36.0, changed=523, unchanged=292, early_stops=8/8
26 - INFO - chord#: 94 In build_straw_man_chord_sa. tolerance = 1, sa_iterations = 1000, initial_temperature = 3.0, cooling_rate = 0.999
26 - INFO - chord#: 103 done. best_score=67.0, changed=612, unchanged=356, early_stops=8/8
26 - INFO - chord#: 104 In build_straw_man_chord_sa. tolerance = 1, sa_iterations = 1000, initial_temperature = 3.0, cooling_rate = 0.999
26 - INFO - chord#: 100 done. best_score=31.0, changed=534, unchanged=420, early_stops=8/8
26 - INFO - chord#: 102 In build_straw_man_chord_sa. tolerance = 1, sa_iterations = 1000, initial_temperature = 3.0, cooling_rate = 0.999
26 - INFO - chord#: 104 done. best_score=27.0, changed=521, unchanged=499, early_stops=8/8
26 - INFO - chord#: 106 In build_straw_man_chord_sa. tolerance = 1, sa_iterations = 1000, initial_temperature = 3.0, cooling_rate = 0.999
26 - INFO - chord#: 106 done. best_score=35.0, changed=525, unchanged=336, early_stops=8/8
26 - INFO - chord#: 108 In build_straw_man_chord_sa. tolerance = 1, sa_iterations = 1000, initial_temperature = 3.0, cooling_rate = 0.999
26 - INFO - chord#: 104 done. best_score=27.0, changed=522, unchanged=417, early_stops=8/8
26 - INFO - chord#: 106 In build_straw_man_chord_sa. tolerance = 1, sa_iterations = 1000, initial_temperature = 3.0, cooling_rate = 0.999
26 - INFO - chord#: 103 done. best_score=67.0, changed=612, unchanged=479, early_stops=8/8
26 - INFO - chord#: 104 In build_straw_man_chord_sa. tolerance = 1, sa_iterations = 1000, initial_temperature = 3.0, cooling_rate = 0.999
26 - INFO - chord#: 92 done. best_score=27.0, changed=520, unchanged=370, early_stops=8/8
26 - INFO - chord#: 94 In build_straw_man_chord_sa. tolerance = 1, sa_iterations = 1000, initial_temperature = 3.0, cooling_rate = 0.999
26 - INFO - chord#: 92 done. best_score=27.0, changed=526, unchanged=383, early_stops=8/8
26 - INFO - chord#: 94 In build_straw_man_chord_sa. tolerance = 1, sa_iterations = 1000, initial_temperature = 3.0, cooling_rate = 0.999
26 - INFO - chord#: 102 done. best_score=27.0, changed=514, unchanged=393, early_stops=8/8
26 - INFO - chord#: 103 In build_straw_man_chord_sa. tolerance = 1, sa_iterations = 1000, initial_temperature = 3.0, cooling_rate = 0.999
26 - INFO - chord#: 94 done. best_score=119.0, changed=608, unchanged=205, early_stops=8/8
26 - INFO - chord#: 96 In build_straw_man_chord_sa. tolerance = 1, sa_iterations = 1000, initial_temperature = 3.0, cooling_rate = 0.999
26 - INFO - chord#: 104 done. best_score=27.0, changed=522, unchanged=573, early_stops=8/8
26 - INFO - chord#: 106 In build_straw_man_chord_sa. tolerance = 1, sa_iterations = 1000, initial_temperature = 3.0, cooling_rate = 0.999
26 - INFO - chord#: 106 done. best_score=37.0, changed=519, unchanged=439, early_stops=8/8
26 - INFO - chord#: 108 In build_straw_man_chord_sa. tolerance = 1, sa_iterations = 1000, initial_temperature = 3.0, cooling_rate = 0.999
26 - INFO - chord#: 94 done. best_score=78.0, changed=613, unchanged=369, early_stops=8/8
26 - INFO - chord#: 96 In build_straw_man_chord_sa. tolerance = 1, sa_iterations = 1000, initial_temperature = 3.0, cooling_rate = 0.999
26 - INFO - chord#: 108 done. best_score=36.0, changed=527, unchanged=473, early_stops=8/8
26 - INFO - chord#: 110 In build_straw_man_chord_sa. tolerance = 1, sa_iterations = 1000, initial_temperature = 3.0, cooling_rate = 0.999
26 - INFO - chord#: 104 done. best_score=27.0, changed=516, unchanged=408, early_stops=8/8
26 - INFO - chord#: 106 In build_straw_man_chord_sa. tolerance = 1, sa_iterations = 1000, initial_temperature = 3.0, cooling_rate = 0.999
26 - INFO - chord#: 94 done. best_score=119.0, changed=611, unchanged=396, early_stops=8/8
26 - INFO - chord#: 96 In build_straw_man_chord_sa. tolerance = 1, sa_iterations = 1000, initial_temperature = 3.0, cooling_rate = 0.999
26 - INFO - chord#: 106 done. best_score=37.0, changed=526, unchanged=401, early_stops=8/8
26 - INFO - chord#: 108 In build_straw_man_chord_sa. tolerance = 1, sa_iterations = 1000, initial_temperature = 3.0, cooling_rate = 0.999
26 - INFO - chord#: 108 done. best_score=27.0, changed=527, unchanged=373, early_stops=8/8
26 - INFO - chord#: 110 In build_straw_man_chord_sa. tolerance = 1, sa_iterations = 1000, initial_temperature = 3.0, cooling_rate = 0.999
26 - INFO - chord#: 106 done. best_score=37.0, changed=519, unchanged=430, early_stops=8/8
26 - INFO - chord#: 108 In build_straw_man_chord_sa. tolerance = 1, sa_iterations = 1000, initial_temperature = 3.0, cooling_rate = 0.999
26 - INFO - chord#: 106 done. best_score=37.0, changed=534, unchanged=392, early_stops=8/8
26 - INFO - chord#: 108 In build_straw_man_chord_sa. tolerance = 1, sa_iterations = 1000, initial_temperature = 3.0, cooling_rate = 0.999
26 - INFO - chord#: 94 done. best_score=67.0, changed=621, unchanged=569, early_stops=8/8
26 - INFO - chord#: 96 In build_straw_man_chord_sa. tolerance = 1, sa_iterations = 1000, initial_temperature = 3.0, cooling_rate = 0.999
26 - INFO - chord#: 108 done. best_score=27.0, changed=522, unchanged=345, early_stops=8/8
26 - INFO - chord#: 110 In build_straw_man_chord_sa. tolerance = 1, sa_iterations = 1000, initial_temperature = 3.0, cooling_rate = 0.999
26 - INFO - chord#: 94 done. best_score=67.0, changed=607, unchanged=221, early_stops=8/8
26 - INFO - chord#: 96 In build_straw_man_chord_sa. tolerance = 1, sa_iterations = 1000, initial_temperature = 3.0, cooling_rate = 0.999
26 - INFO - chord#: 110 done. best_score=168.0, changed=610, unchanged=230, early_stops=8/8
26 - INFO - chord#: 111 In build_straw_man_chord_sa. tolerance = 1, sa_iterations = 1000, initial_temperature = 3.0, cooling_rate = 0.999
26 - INFO - chord#: 108 done. best_score=27.0, changed=525, unchanged=499, early_stops=8/8
26 - INFO - chord#: 110 In build_straw_man_chord_sa. tolerance = 1, sa_iterations = 1000, initial_temperature = 3.0, cooling_rate = 0.999
26 - INFO - chord#: 103 done. best_score=67.0, changed=610, unchanged=384, early_stops=8/8
26 - INFO - chord#: 104 In build_straw_man_chord_sa. tolerance = 1, sa_iterations = 1000, initial_temperature = 3.0, cooling_rate = 0.999
26 - INFO - chord#: 96 done. best_score=105.0, changed=611, unchanged=310, early_stops=8/8
26 - INFO - chord#: 98 In build_straw_man_chord_sa. tolerance = 1, sa_iterations = 1000, initial_temperature = 3.0, cooling_rate = 0.999
26 - INFO - chord#: 108 done. best_score=27.0, changed=524, unchanged=380, early_stops=8/8
26 - INFO - chord#: 110 In build_straw_man_chord_sa. tolerance = 1, sa_iterations = 1000, initial_temperature = 3.0, cooling_rate = 0.999
26 - INFO - chord#: 96 done. best_score=70.0, changed=619, unchanged=364, early_stops=8/8
26 - INFO - chord#: 98 In build_straw_man_chord_sa. tolerance = 1, sa_iterations = 1000, initial_temperature = 3.0, cooling_rate = 0.999
26 - INFO - chord#: 111 done. best_score=36.0, changed=553, unchanged=278, early_stops=8/8
26 - INFO - chord#: 112 In build_straw_man_chord_sa. tolerance = 1, sa_iterations = 1000, initial_temperature = 3.0, cooling_rate = 0.999
26 - INFO - chord#: 94 done. best_score=119.0, changed=618, unchanged=469, early_stops=8/8
26 - INFO - chord#: 96 In build_straw_man_chord_sa. tolerance = 1, sa_iterations = 1000, initial_temperature = 3.0, cooling_rate = 0.999
26 - INFO - chord#: 96 done. best_score=75.0, changed=621, unchanged=497, early_stops=8/8
26 - INFO - chord#: 98 In build_straw_man_chord_sa. tolerance = 1, sa_iterations = 1000, initial_temperature = 3.0, cooling_rate = 0.999
26 - INFO - chord#: 98 done. best_score=27.0, changed=520, unchanged=360, early_stops=8/8
26 - INFO - chord#: 100 In build_straw_man_chord_sa. tolerance = 1, sa_iterations = 1000, initial_temperature = 3.0, cooling_rate = 0.999
26 - INFO - chord#: 96 done. best_score=70.0, changed=617, unchanged=322, early_stops=8/8
26 - INFO - chord#: 98 In build_straw_man_chord_sa. tolerance = 1, sa_iterations = 1000, initial_temperature = 3.0, cooling_rate = 0.999
26 - INFO - chord#: 104 done. best_score=27.0, changed=519, unchanged=414, early_stops=8/8
26 - INFO - chord#: 106 In build_straw_man_chord_sa. tolerance = 1, sa_iterations = 1000, initial_temperature = 3.0, cooling_rate = 0.999
26 - INFO - chord#: 110 done. best_score=130.0, changed=617, unchanged=371, early_stops=8/8
26 - INFO - chord#: 111 In build_straw_man_chord_sa. tolerance = 1, sa_iterations = 1000, initial_temperature = 3.0, cooling_rate = 0.999
26 - INFO - chord#: 98 done. best_score=27.0, changed=519, unchanged=334, early_stops=8/8
26 - INFO - chord#: 100 In build_straw_man_chord_sa. tolerance = 1, sa_iterations = 1000, initial_temperature = 3.0, cooling_rate = 0.999
26 - INFO - chord#: 112 done. best_score=27.0, changed=519, unchanged=443, early_stops=8/8
26 - INFO - chord#: 120 In build_straw_man_chord_sa. tolerance = 1, sa_iterations = 1000, initial_temperature = 3.0, cooling_rate = 0.999
26 - INFO - chord#: 100 done. best_score=31.0, changed=519, unchanged=313, early_stops=8/8
26 - INFO - chord#: 102 In build_straw_man_chord_sa. tolerance = 1, sa_iterations = 1000, initial_temperature = 3.0, cooling_rate = 0.999
26 - INFO - chord#: 98 done. best_score=36.0, changed=547, unchanged=269, early_stops=8/8
26 - INFO - chord#: 100 In build_straw_man_chord_sa. tolerance = 1, sa_iterations = 1000, initial_temperature = 3.0, cooling_rate = 0.999
26 - INFO - chord#: 98 done. best_score=27.0, changed=529, unchanged=321, early_stops=8/8
26 - INFO - chord#: 100 In build_straw_man_chord_sa. tolerance = 1, sa_iterations = 1000, initial_temperature = 3.0, cooling_rate = 0.999
26 - INFO - chord#: 110 done. best_score=99.0, changed=609, unchanged=208, early_stops=8/8
26 - INFO - chord#: 111 In build_straw_man_chord_sa. tolerance = 1, sa_iterations = 1000, initial_temperature = 3.0, cooling_rate = 0.999
26 - INFO - chord#: 96 done. best_score=70.0, changed=611, unchanged=311, early_stops=8/8
26 - INFO - chord#: 98 In build_straw_man_chord_sa. tolerance = 1, sa_iterations = 1000, initial_temperature = 3.0, cooling_rate = 0.999
26 - INFO - chord#: 111 done. best_score=72.0, changed=521, unchanged=322, early_stops=8/8
26 - INFO - chord#: 112 In build_straw_man_chord_sa. tolerance = 1, sa_iterations = 1000, initial_temperature = 3.0, cooling_rate = 0.999
26 - INFO - chord#: 106 done. best_score=35.0, changed=526, unchanged=366, early_stops=8/8
26 - INFO - chord#: 108 In build_straw_man_chord_sa. tolerance = 1, sa_iterations = 1000, initial_temperature = 3.0, cooling_rate = 0.999
26 - INFO - chord#: 102 done. best_score=27.0, changed=517, unchanged=344, early_stops=8/8
26 - INFO - chord#: 103 In build_straw_man_chord_sa. tolerance = 1, sa_iterations = 1000, initial_temperature = 3.0, cooling_rate = 0.999
26 - INFO - chord#: 120 done. best_score=27.0, changed=522, unchanged=427, early_stops=8/8
26 - INFO - chord#: 124 In build_straw_man_chord_sa. tolerance = 1, sa_iterations = 1000, initial_temperature = 3.0, cooling_rate = 0.999
26 - INFO - chord#: 110 done. best_score=99.0, changed=610, unchanged=339, early_stops=8/8
26 - INFO - chord#: 111 In build_straw_man_chord_sa. tolerance = 1, sa_iterations = 1000, initial_temperature = 3.0, cooling_rate = 0.999
26 - INFO - chord#: 100 done. best_score=31.0, changed=524, unchanged=359, early_stops=8/8
26 - INFO - chord#: 102 In build_straw_man_chord_sa. tolerance = 1, sa_iterations = 1000, initial_temperature = 3.0, cooling_rate = 0.999
26 - INFO - chord#: 100 done. best_score=31.0, changed=532, unchanged=332, early_stops=8/8
26 - INFO - chord#: 102 In build_straw_man_chord_sa. tolerance = 1, sa_iterations = 1000, initial_temperature = 3.0, cooling_rate = 0.999
26 - INFO - chord#: 110 done. best_score=99.0, changed=610, unchanged=207, early_stops=8/8
26 - INFO - chord#: 111 In build_straw_man_chord_sa. tolerance = 1, sa_iterations = 1000, initial_temperature = 3.0, cooling_rate = 0.999
26 - INFO - chord#: 100 done. best_score=31.0, changed=527, unchanged=401, early_stops=8/8
26 - INFO - chord#: 102 In build_straw_man_chord_sa. tolerance = 1, sa_iterations = 1000, initial_temperature = 3.0, cooling_rate = 0.999
26 - INFO - chord#: 111 done. best_score=36.0, changed=515, unchanged=373, early_stops=8/8
26 - INFO - chord#: 112 In build_straw_man_chord_sa. tolerance = 1, sa_iterations = 1000, initial_temperature = 3.0, cooling_rate = 0.999
26 - INFO - chord#: 112 done. best_score=27.0, changed=519, unchanged=363, early_stops=8/8
26 - INFO - chord#: 120 In build_straw_man_chord_sa. tolerance = 1, sa_iterations = 1000, initial_temperature = 3.0, cooling_rate = 0.999
26 - INFO - chord#: 98 done. best_score=27.0, changed=526, unchanged=339, early_stops=8/8
26 - INFO - chord#: 100 In build_straw_man_chord_sa. tolerance = 1, sa_iterations = 1000, initial_temperature = 3.0, cooling_rate = 0.999
26 - INFO - chord#: 108 done. best_score=27.0, changed=523, unchanged=371, early_stops=8/8
26 - INFO - chord#: 110 In build_straw_man_chord_sa. tolerance = 1, sa_iterations = 1000, initial_temperature = 3.0, cooling_rate = 0.999
26 - INFO - chord#: 124 done. best_score=27.0, changed=518, unchanged=370, early_stops=8/8
26 - INFO - chord#: 126 In build_straw_man_chord_sa. tolerance = 1, sa_iterations = 1000, initial_temperature = 3.0, cooling_rate = 0.999
26 - INFO - chord#: 96 done. best_score=70.0, changed=615, unchanged=393, early_stops=8/8
26 - INFO - chord#: 98 In build_straw_man_chord_sa. tolerance = 1, sa_iterations = 1000, initial_temperature = 3.0, cooling_rate = 0.999
26 - INFO - chord#: 102 done. best_score=27.0, changed=518, unchanged=302, early_stops=8/8
26 - INFO - chord#: 103 In build_straw_man_chord_sa. tolerance = 1, sa_iterations = 1000, initial_temperature = 3.0, cooling_rate = 0.999
26 - INFO - chord#: 111 done. best_score=36.0, changed=525, unchanged=376, early_stops=8/8
26 - INFO - chord#: 112 In build_straw_man_chord_sa. tolerance = 1, sa_iterations = 1000, initial_temperature = 3.0, cooling_rate = 0.999
26 - INFO - chord#: 102 done. best_score=27.0, changed=522, unchanged=437, early_stops=8/8
26 - INFO - chord#: 103 In build_straw_man_chord_sa. tolerance = 1, sa_iterations = 1000, initial_temperature = 3.0, cooling_rate = 0.999
26 - INFO - chord#: 112 done. best_score=27.0, changed=516, unchanged=333, early_stops=8/8
26 - INFO - chord#: 120 In build_straw_man_chord_sa. tolerance = 1, sa_iterations = 1000, initial_temperature = 3.0, cooling_rate = 0.999
26 - INFO - chord#: 111 done. best_score=36.0, changed=529, unchanged=377, early_stops=8/8
26 - INFO - chord#: 112 In build_straw_man_chord_sa. tolerance = 1, sa_iterations = 1000, initial_temperature = 3.0, cooling_rate = 0.999
26 - INFO - chord#: 102 done. best_score=27.0, changed=537, unchanged=470, early_stops=8/8
26 - INFO - chord#: 103 In build_straw_man_chord_sa. tolerance = 1, sa_iterations = 1000, initial_temperature = 3.0, cooling_rate = 0.999
26 - INFO - chord#: 120 done. best_score=27.0, changed=521, unchanged=349, early_stops=8/8
26 - INFO - chord#: 124 In build_straw_man_chord_sa. tolerance = 1, sa_iterations = 1000, initial_temperature = 3.0, cooling_rate = 0.999
26 - INFO - chord#: 126 done. best_score=27.0, changed=533, unchanged=347, early_stops=8/8
26 - INFO - chord#: 128 In build_straw_man_chord_sa. tolerance = 1, sa_iterations = 1000, initial_temperature = 3.0, cooling_rate = 0.999
26 - INFO - chord#: 100 done. best_score=31.0, changed=531, unchanged=416, early_stops=8/8
26 - INFO - chord#: 102 In build_straw_man_chord_sa. tolerance = 1, sa_iterations = 1000, initial_temperature = 3.0, cooling_rate = 0.999
26 - INFO - chord#: 98 done. best_score=27.0, changed=532, unchanged=334, early_stops=8/8
26 - INFO - chord#: 100 In build_straw_man_chord_sa. tolerance = 1, sa_iterations = 1000, initial_temperature = 3.0, cooling_rate = 0.999
26 - INFO - chord#: 103 done. best_score=137.0, changed=615, unchanged=268, early_stops=8/8
26 - INFO - chord#: 104 In build_straw_man_chord_sa. tolerance = 1, sa_iterations = 1000, initial_temperature = 3.0, cooling_rate = 0.999
26 - INFO - chord#: 120 done. best_score=27.0, changed=522, unchanged=431, early_stops=8/8
26 - INFO - chord#: 124 In build_straw_man_chord_sa. tolerance = 1, sa_iterations = 1000, initial_temperature = 3.0, cooling_rate = 0.999
26 - INFO - chord#: 124 done. best_score=27.0, changed=517, unchanged=386, early_stops=8/8
26 - INFO - chord#: 126 In build_straw_man_chord_sa. tolerance = 1, sa_iterations = 1000, initial_temperature = 3.0, cooling_rate = 0.999
26 - INFO - chord#: 112 done. best_score=27.0, changed=520, unchanged=548, early_stops=8/8
26 - INFO - chord#: 120 In build_straw_man_chord_sa. tolerance = 1, sa_iterations = 1000, initial_temperature = 3.0, cooling_rate = 0.999
26 - INFO - chord#: 112 done. best_score=27.0, changed=520, unchanged=419, early_stops=8/8
26 - INFO - chord#: 120 In build_straw_man_chord_sa. tolerance = 1, sa_iterations = 1000, initial_temperature = 3.0, cooling_rate = 0.999
26 - INFO - chord#: 128 done. best_score=27.0, changed=530, unchanged=407, early_stops=8/8
26 - INFO - chord#: 132 In build_straw_man_chord_sa. tolerance = 1, sa_iterations = 1000, initial_temperature = 3.0, cooling_rate = 0.999
26 - INFO - chord#: 102 done. best_score=27.0, changed=517, unchanged=376, early_stops=8/8
26 - INFO - chord#: 103 In build_straw_man_chord_sa. tolerance = 1, sa_iterations = 1000, initial_temperature = 3.0, cooling_rate = 0.999
26 - INFO - chord#: 100 done. best_score=31.0, changed=527, unchanged=363, early_stops=8/8
26 - INFO - chord#: 102 In build_straw_man_chord_sa. tolerance = 1, sa_iterations = 1000, initial_temperature = 3.0, cooling_rate = 0.999
26 - INFO - chord#: 104 done. best_score=27.0, changed=521, unchanged=498, early_stops=8/8
26 - INFO - chord#: 106 In build_straw_man_chord_sa. tolerance = 1, sa_iterations = 1000, initial_temperature = 3.0, cooling_rate = 0.999
26 - INFO - chord#: 124 done. best_score=27.0, changed=525, unchanged=431, early_stops=8/8
26 - INFO - chord#: 126 In build_straw_man_chord_sa. tolerance = 1, sa_iterations = 1000, initial_temperature = 3.0, cooling_rate = 0.999
26 - INFO - chord#: 126 done. best_score=27.0, changed=523, unchanged=330, early_stops=8/8
26 - INFO - chord#: 128 In build_straw_man_chord_sa. tolerance = 1, sa_iterations = 1000, initial_temperature = 3.0, cooling_rate = 0.999
26 - INFO - chord#: 103 done. best_score=67.0, changed=619, unchanged=291, early_stops=8/8
26 - INFO - chord#: 104 In build_straw_man_chord_sa. tolerance = 1, sa_iterations = 1000, initial_temperature = 3.0, cooling_rate = 0.999
26 - INFO - chord#: 110 done. best_score=99.0, changed=615, unchanged=374, early_stops=8/8
26 - INFO - chord#: 111 In build_straw_man_chord_sa. tolerance = 1, sa_iterations = 1000, initial_temperature = 3.0, cooling_rate = 0.999
26 - INFO - chord#: 132 done. best_score=31.0, changed=530, unchanged=340, early_stops=8/8
26 - INFO - chord#: 134 In build_straw_man_chord_sa. tolerance = 1, sa_iterations = 1000, initial_temperature = 3.0, cooling_rate = 0.999
26 - INFO - chord#: 120 done. best_score=27.0, changed=522, unchanged=399, early_stops=8/8
26 - INFO - chord#: 124 In build_straw_man_chord_sa. tolerance = 1, sa_iterations = 1000, initial_temperature = 3.0, cooling_rate = 0.999
26 - INFO - chord#: 103 done. best_score=67.0, changed=614, unchanged=243, early_stops=8/8
26 - INFO - chord#: 104 In build_straw_man_chord_sa. tolerance = 1, sa_iterations = 1000, initial_temperature = 3.0, cooling_rate = 0.999
26 - INFO - chord#: 120 done. best_score=27.0, changed=518, unchanged=339, early_stops=8/8
26 - INFO - chord#: 124 In build_straw_man_chord_sa. tolerance = 1, sa_iterations = 1000, initial_temperature = 3.0, cooling_rate = 0.999
26 - INFO - chord#: 102 done. best_score=27.0, changed=523, unchanged=383, early_stops=8/8
26 - INFO - chord#: 103 In build_straw_man_chord_sa. tolerance = 1, sa_iterations = 1000, initial_temperature = 3.0, cooling_rate = 0.999
26 - INFO - chord#: 128 done. best_score=27.0, changed=520, unchanged=343, early_stops=8/8
26 - INFO - chord#: 132 In build_straw_man_chord_sa. tolerance = 1, sa_iterations = 1000, initial_temperature = 3.0, cooling_rate = 0.999
26 - INFO - chord#: 126 done. best_score=27.0, changed=536, unchanged=415, early_stops=8/8
26 - INFO - chord#: 128 In build_straw_man_chord_sa. tolerance = 1, sa_iterations = 1000, initial_temperature = 3.0, cooling_rate = 0.999
26 - INFO - chord#: 103 done. best_score=67.0, changed=609, unchanged=310, early_stops=8/8
26 - INFO - chord#: 104 In build_straw_man_chord_sa. tolerance = 1, sa_iterations = 1000, initial_temperature = 3.0, cooling_rate = 0.999
26 - INFO - chord#: 106 done. best_score=37.0, changed=517, unchanged=381, early_stops=8/8
26 - INFO - chord#: 108 In build_straw_man_chord_sa. tolerance = 1, sa_iterations = 1000, initial_temperature = 3.0, cooling_rate = 0.999
26 - INFO - chord#: 111 done. best_score=36.0, changed=516, unchanged=390, early_stops=8/8
26 - INFO - chord#: 112 In build_straw_man_chord_sa. tolerance = 1, sa_iterations = 1000, initial_temperature = 3.0, cooling_rate = 0.999
26 - INFO - chord#: 104 done. best_score=27.0, changed=514, unchanged=425, early_stops=8/8
26 - INFO - chord#: 106 In build_straw_man_chord_sa. tolerance = 1, sa_iterations = 1000, initial_temperature = 3.0, cooling_rate = 0.999
26 - INFO - chord#: 134 done. best_score=27.0, changed=520, unchanged=498, early_stops=8/8
26 - INFO - chord#: 135 In build_straw_man_chord_sa. tolerance = 1, sa_iterations = 1000, initial_temperature = 3.0, cooling_rate = 0.999
26 - INFO - chord#: 124 done. best_score=27.0, changed=520, unchanged=387, early_stops=8/8
26 - INFO - chord#: 126 In build_straw_man_chord_sa. tolerance = 1, sa_iterations = 1000, initial_temperature = 3.0, cooling_rate = 0.999
26 - INFO - chord#: 124 done. best_score=27.0, changed=527, unchanged=380, early_stops=8/8
26 - INFO - chord#: 126 In build_straw_man_chord_sa. tolerance = 1, sa_iterations = 1000, initial_temperature = 3.0, cooling_rate = 0.999
26 - INFO - chord#: 104 done. best_score=27.0, changed=520, unchanged=400, early_stops=8/8
26 - INFO - chord#: 106 In build_straw_man_chord_sa. tolerance = 1, sa_iterations = 1000, initial_temperature = 3.0, cooling_rate = 0.999
26 - INFO - chord#: 132 done. best_score=31.0, changed=524, unchanged=334, early_stops=8/8
26 - INFO - chord#: 134 In build_straw_man_chord_sa. tolerance = 1, sa_iterations = 1000, initial_temperature = 3.0, cooling_rate = 0.999
26 - INFO - chord#: 128 done. best_score=27.0, changed=524, unchanged=467, early_stops=8/8
26 - INFO - chord#: 132 In build_straw_man_chord_sa. tolerance = 1, sa_iterations = 1000, initial_temperature = 3.0, cooling_rate = 0.999
26 - INFO - chord#: 108 done. best_score=27.0, changed=521, unchanged=482, early_stops=8/8
26 - INFO - chord#: 110 In build_straw_man_chord_sa. tolerance = 1, sa_iterations = 1000, initial_temperature = 3.0, cooling_rate = 0.999
26 - INFO - chord#: 112 done. best_score=27.0, changed=529, unchanged=521, early_stops=8/8
26 - INFO - chord#: 120 In build_straw_man_chord_sa. tolerance = 1, sa_iterations = 1000, initial_temperature = 3.0, cooling_rate = 0.999
26 - INFO - chord#: 106 done. best_score=37.0, changed=533, unchanged=433, early_stops=8/8
26 - INFO - chord#: 108 In build_straw_man_chord_sa. tolerance = 1, sa_iterations = 1000, initial_temperature = 3.0, cooling_rate = 0.999
26 - INFO - chord#: 104 done. best_score=27.0, changed=517, unchanged=470, early_stops=8/8
26 - INFO - chord#: 106 In build_straw_man_chord_sa. tolerance = 1, sa_iterations = 1000, initial_temperature = 3.0, cooling_rate = 0.999
26 - INFO - chord#: 126 done. best_score=27.0, changed=516, unchanged=335, early_stops=8/8
26 - INFO - chord#: 128 In build_straw_man_chord_sa. tolerance = 1, sa_iterations = 1000, initial_temperature = 3.0, cooling_rate = 0.999
26 - INFO - chord#: 103 done. best_score=96.0, changed=609, unchanged=342, early_stops=8/8
26 - INFO - chord#: 104 In build_straw_man_chord_sa. tolerance = 1, sa_iterations = 1000, initial_temperature = 3.0, cooling_rate = 0.999
26 - INFO - chord#: 126 done. best_score=27.0, changed=537, unchanged=429, early_stops=8/8
26 - INFO - chord#: 128 In build_straw_man_chord_sa. tolerance = 1, sa_iterations = 1000, initial_temperature = 3.0, cooling_rate = 0.999
26 - INFO - chord#: 134 done. best_score=27.0, changed=513, unchanged=349, early_stops=8/8
26 - INFO - chord#: 135 In build_straw_man_chord_sa. tolerance = 1, sa_iterations = 1000, initial_temperature = 3.0, cooling_rate = 0.999
26 - INFO - chord#: 106 done. best_score=37.0, changed=525, unchanged=329, early_stops=8/8
26 - INFO - chord#: 108 In build_straw_man_chord_sa. tolerance = 1, sa_iterations = 1000, initial_temperature = 3.0, cooling_rate = 0.999
26 - INFO - chord#: 132 done. best_score=31.0, changed=536, unchanged=449, early_stops=8/8
26 - INFO - chord#: 134 In build_straw_man_chord_sa. tolerance = 1, sa_iterations = 1000, initial_temperature = 3.0, cooling_rate = 0.999
26 - INFO - chord#: 135 done. best_score=179.0, changed=605, unchanged=220, early_stops=8/8
26 - INFO - chord#: 136 In build_straw_man_chord_sa. tolerance = 1, sa_iterations = 1000, initial_temperature = 3.0, cooling_rate = 0.999
26 - INFO - chord#: 120 done. best_score=27.0, changed=517, unchanged=335, early_stops=8/8
26 - INFO - chord#: 124 In build_straw_man_chord_sa. tolerance = 1, sa_iterations = 1000, initial_temperature = 3.0, cooling_rate = 0.999
26 - INFO - chord#: 108 done. best_score=27.0, changed=522, unchanged=392, early_stops=8/8
26 - INFO - chord#: 110 In build_straw_man_chord_sa. tolerance = 1, sa_iterations = 1000, initial_temperature = 3.0, cooling_rate = 0.999
26 - INFO - chord#: 128 done. best_score=27.0, changed=522, unchanged=473, early_stops=8/8
26 - INFO - chord#: 132 In build_straw_man_chord_sa. tolerance = 1, sa_iterations = 1000, initial_temperature = 3.0, cooling_rate = 0.999
26 - INFO - chord#: 103 done. best_score=137.0, changed=610, unchanged=332, early_stops=8/8
26 - INFO - chord#: 104 In build_straw_man_chord_sa. tolerance = 1, sa_iterations = 1000, initial_temperature = 3.0, cooling_rate = 0.999
26 - INFO - chord#: 106 done. best_score=37.0, changed=518, unchanged=343, early_stops=8/8
26 - INFO - chord#: 108 In build_straw_man_chord_sa. tolerance = 1, sa_iterations = 1000, initial_temperature = 3.0, cooling_rate = 0.999
26 - INFO - chord#: 128 done. best_score=27.0, changed=525, unchanged=394, early_stops=8/8
26 - INFO - chord#: 132 In build_straw_man_chord_sa. tolerance = 1, sa_iterations = 1000, initial_temperature = 3.0, cooling_rate = 0.999
26 - INFO - chord#: 104 done. best_score=27.0, changed=514, unchanged=419, early_stops=8/8
26 - INFO - chord#: 106 In build_straw_man_chord_sa. tolerance = 1, sa_iterations = 1000, initial_temperature = 3.0, cooling_rate = 0.999
26 - INFO - chord#: 134 done. best_score=27.0, changed=519, unchanged=409, early_stops=8/8
26 - INFO - chord#: 135 In build_straw_man_chord_sa. tolerance = 1, sa_iterations = 1000, initial_temperature = 3.0, cooling_rate = 0.999
26 - INFO - chord#: 136 done. best_score=57.0, changed=526, unchanged=361, early_stops=8/8
26 - INFO - chord#: 124 done. best_score=27.0, changed=519, unchanged=438, early_stops=8/8
26 - INFO - chord#: 126 In build_straw_man_chord_sa. tolerance = 1, sa_iterations = 1000, initial_temperature = 3.0, cooling_rate = 0.999
26 - INFO - chord#: 108 done. best_score=27.0, changed=535, unchanged=429, early_stops=8/8
26 - INFO - chord#: 110 In build_straw_man_chord_sa. tolerance = 1, sa_iterations = 1000, initial_temperature = 3.0, cooling_rate = 0.999
26 - INFO - chord#: 132 done. best_score=31.0, changed=519, unchanged=337, early_stops=8/8
26 - INFO - chord#: 134 In build_straw_man_chord_sa. tolerance = 1, sa_iterations = 1000, initial_temperature = 3.0, cooling_rate = 0.999
26 - INFO - chord#: 110 done. best_score=99.0, changed=616, unchanged=295, early_stops=8/8
26 - INFO - chord#: 111 In build_straw_man_chord_sa. tolerance = 1, sa_iterations = 1000, initial_temperature = 3.0, cooling_rate = 0.999
26 - INFO - chord#: 104 done. best_score=27.0, changed=520, unchanged=459, early_stops=8/8
26 - INFO - chord#: 106 In build_straw_man_chord_sa. tolerance = 1, sa_iterations = 1000, initial_temperature = 3.0, cooling_rate = 0.999
26 - INFO - chord#: 132 done. best_score=31.0, changed=530, unchanged=405, early_stops=8/8
26 - INFO - chord#: 134 In build_straw_man_chord_sa. tolerance = 1, sa_iterations = 1000, initial_temperature = 3.0, cooling_rate = 0.999
26 - INFO - chord#: 135 done. best_score=78.0, changed=609, unchanged=291, early_stops=8/8
26 - INFO - chord#: 136 In build_straw_man_chord_sa. tolerance = 1, sa_iterations = 1000, initial_temperature = 3.0, cooling_rate = 0.999
26 - INFO - chord#: 106 done. best_score=37.0, changed=521, unchanged=313, early_stops=8/8
26 - INFO - chord#: 108 In build_straw_man_chord_sa. tolerance = 1, sa_iterations = 1000, initial_temperature = 3.0, cooling_rate = 0.999
26 - INFO - chord#: 108 done. best_score=27.0, changed=527, unchanged=441, early_stops=8/8
26 - INFO - chord#: 110 In build_straw_man_chord_sa. tolerance = 1, sa_iterations = 1000, initial_temperature = 3.0, cooling_rate = 0.999
26 - INFO - chord#: 126 done. best_score=27.0, changed=526, unchanged=480, early_stops=8/8
26 - INFO - chord#: 128 In build_straw_man_chord_sa. tolerance = 1, sa_iterations = 1000, initial_temperature = 3.0, cooling_rate = 0.999
26 - INFO - chord#: 111 done. best_score=36.0, changed=523, unchanged=316, early_stops=8/8
26 - INFO - chord#: 112 In build_straw_man_chord_sa. tolerance = 1, sa_iterations = 1000, initial_temperature = 3.0, cooling_rate = 0.999
26 - INFO - chord#: 110 done. best_score=148.0, changed=611, unchanged=247, early_stops=8/8
26 - INFO - chord#: 111 In build_straw_man_chord_sa. tolerance = 1, sa_iterations = 1000, initial_temperature = 3.0, cooling_rate = 0.999
26 - INFO - chord#: 136 done. best_score=27.0, changed=515, unchanged=310, early_stops=8/8
26 - INFO - chord#: 134 done. best_score=27.0, changed=522, unchanged=362, early_stops=8/8
26 - INFO - chord#: 135 In build_straw_man_chord_sa. tolerance = 1, sa_iterations = 1000, initial_temperature = 3.0, cooling_rate = 0.999
26 - INFO - chord#: 134 done. best_score=27.0, changed=527, unchanged=462, early_stops=8/8
26 - INFO - chord#: 135 In build_straw_man_chord_sa. tolerance = 1, sa_iterations = 1000, initial_temperature = 3.0, cooling_rate = 0.999
26 - INFO - chord#: 128 done. best_score=27.0, changed=533, unchanged=433, early_stops=8/8
26 - INFO - chord#: 132 In build_straw_man_chord_sa. tolerance = 1, sa_iterations = 1000, initial_temperature = 3.0, cooling_rate = 0.999
26 - INFO - chord#: 106 done. best_score=37.0, changed=522, unchanged=366, early_stops=8/8
26 - INFO - chord#: 108 In build_straw_man_chord_sa. tolerance = 1, sa_iterations = 1000, initial_temperature = 3.0, cooling_rate = 0.999
26 - INFO - chord#: 135 done. best_score=145.0, changed=614, unchanged=339, early_stops=8/8
26 - INFO - chord#: 136 In build_straw_man_chord_sa. tolerance = 1, sa_iterations = 1000, initial_temperature = 3.0, cooling_rate = 0.999
26 - INFO - chord#: 108 done. best_score=27.0, changed=518, unchanged=321, early_stops=8/8
26 - INFO - chord#: 110 In build_straw_man_chord_sa. tolerance = 1, sa_iterations = 1000, initial_temperature = 3.0, cooling_rate = 0.999
26 - INFO - chord#: 111 done. best_score=36.0, changed=520, unchanged=354, early_stops=8/8
26 - INFO - chord#: 112 In build_straw_man_chord_sa. tolerance = 1, sa_iterations = 1000, initial_temperature = 3.0, cooling_rate = 0.999
26 - INFO - chord#: 112 done. best_score=27.0, changed=518, unchanged=414, early_stops=8/8
26 - INFO - chord#: 120 In build_straw_man_chord_sa. tolerance = 1, sa_iterations = 1000, initial_temperature = 3.0, cooling_rate = 0.999
26 - INFO - chord#: 132 done. best_score=31.0, changed=510, unchanged=301, early_stops=8/8
26 - INFO - chord#: 134 In build_straw_man_chord_sa. tolerance = 1, sa_iterations = 1000, initial_temperature = 3.0, cooling_rate = 0.999
26 - INFO - chord#: 136 done. best_score=27.0, changed=529, unchanged=344, early_stops=8/8
26 - INFO - chord#: 108 done. best_score=27.0, changed=523, unchanged=349, early_stops=8/8
26 - INFO - chord#: 110 In build_straw_man_chord_sa. tolerance = 1, sa_iterations = 1000, initial_temperature = 3.0, cooling_rate = 0.999
26 - INFO - chord#: 120 done. best_score=27.0, changed=519, unchanged=350, early_stops=8/8
26 - INFO - chord#: 124 In build_straw_man_chord_sa. tolerance = 1, sa_iterations = 1000, initial_temperature = 3.0, cooling_rate = 0.999
26 - INFO - chord#: 112 done. best_score=27.0, changed=520, unchanged=391, early_stops=8/8
26 - INFO - chord#: 120 In build_straw_man_chord_sa. tolerance = 1, sa_iterations = 1000, initial_temperature = 3.0, cooling_rate = 0.999
26 - INFO - chord#: 135 done. best_score=137.0, changed=611, unchanged=234, early_stops=8/8
26 - INFO - chord#: 136 In build_straw_man_chord_sa. tolerance = 1, sa_iterations = 1000, initial_temperature = 3.0, cooling_rate = 0.999
26 - INFO - chord#: 134 done. best_score=27.0, changed=524, unchanged=499, early_stops=8/8
26 - INFO - chord#: 135 In build_straw_man_chord_sa. tolerance = 1, sa_iterations = 1000, initial_temperature = 3.0, cooling_rate = 0.999
26 - INFO - chord#: 135 done. best_score=145.0, changed=611, unchanged=304, early_stops=8/8
26 - INFO - chord#: 136 In build_straw_man_chord_sa. tolerance = 1, sa_iterations = 1000, initial_temperature = 3.0, cooling_rate = 0.999
26 - INFO - chord#: 110 done. best_score=158.0, changed=616, unchanged=346, early_stops=8/8
26 - INFO - chord#: 111 In build_straw_man_chord_sa. tolerance = 1, sa_iterations = 1000, initial_temperature = 3.0, cooling_rate = 0.999
26 - INFO - chord#: 120 done. best_score=27.0, changed=517, unchanged=302, early_stops=8/8
26 - INFO - chord#: 124 In build_straw_man_chord_sa. tolerance = 1, sa_iterations = 1000, initial_temperature = 3.0, cooling_rate = 0.999
26 - INFO - chord#: 124 done. best_score=27.0, changed=528, unchanged=411, early_stops=8/8
26 - INFO - chord#: 126 In build_straw_man_chord_sa. tolerance = 1, sa_iterations = 1000, initial_temperature = 3.0, cooling_rate = 0.999
26 - INFO - chord#: 110 done. best_score=99.0, changed=619, unchanged=493, early_stops=8/8
26 - INFO - chord#: 111 In build_straw_man_chord_sa. tolerance = 1, sa_iterations = 1000, initial_temperature = 3.0, cooling_rate = 0.999
26 - INFO - chord#: 136 done. best_score=27.0, changed=522, unchanged=340, early_stops=8/8
26 - INFO - chord#: 136 done. best_score=27.0, changed=523, unchanged=335, early_stops=8/8
26 - INFO - chord#: 111 done. best_score=36.0, changed=520, unchanged=295, early_stops=8/8
26 - INFO - chord#: 112 In build_straw_man_chord_sa. tolerance = 1, sa_iterations = 1000, initial_temperature = 3.0, cooling_rate = 0.999
26 - INFO - chord#: 110 done. best_score=99.0, changed=608, unchanged=234, early_stops=8/8
26 - INFO - chord#: 111 In build_straw_man_chord_sa. tolerance = 1, sa_iterations = 1000, initial_temperature = 3.0, cooling_rate = 0.999
26 - INFO - chord#: 126 done. best_score=27.0, changed=527, unchanged=362, early_stops=8/8
26 - INFO - chord#: 128 In build_straw_man_chord_sa. tolerance = 1, sa_iterations = 1000, initial_temperature = 3.0, cooling_rate = 0.999
26 - INFO - chord#: 124 done. best_score=27.0, changed=535, unchanged=485, early_stops=8/8
26 - INFO - chord#: 126 In build_straw_man_chord_sa. tolerance = 1, sa_iterations = 1000, initial_temperature = 3.0, cooling_rate = 0.999
26 - INFO - chord#: 111 done. best_score=36.0, changed=529, unchanged=527, early_stops=8/8
26 - INFO - chord#: 112 In build_straw_man_chord_sa. tolerance = 1, sa_iterations = 1000, initial_temperature = 3.0, cooling_rate = 0.999
26 - INFO - chord#: 112 done. best_score=27.0, changed=521, unchanged=423, early_stops=8/8
26 - INFO - chord#: 120 In build_straw_man_chord_sa. tolerance = 1, sa_iterations = 1000, initial_temperature = 3.0, cooling_rate = 0.999
26 - INFO - chord#: 110 done. best_score=99.0, changed=610, unchanged=244, early_stops=8/8
26 - INFO - chord#: 111 In build_straw_man_chord_sa. tolerance = 1, sa_iterations = 1000, initial_temperature = 3.0, cooling_rate = 0.999
26 - INFO - chord#: 126 done. best_score=27.0, changed=544, unchanged=356, early_stops=8/8
26 - INFO - chord#: 128 In build_straw_man_chord_sa. tolerance = 1, sa_iterations = 1000, initial_temperature = 3.0, cooling_rate = 0.999
26 - INFO - chord#: 111 done. best_score=36.0, changed=524, unchanged=316, early_stops=8/8
26 - INFO - chord#: 112 In build_straw_man_chord_sa. tolerance = 1, sa_iterations = 1000, initial_temperature = 3.0, cooling_rate = 0.999
26 - INFO - chord#: 128 done. best_score=27.0, changed=528, unchanged=462, early_stops=8/8
26 - INFO - chord#: 132 In build_straw_man_chord_sa. tolerance = 1, sa_iterations = 1000, initial_temperature = 3.0, cooling_rate = 0.999
26 - INFO - chord#: 135 done. best_score=67.0, changed=612, unchanged=339, early_stops=8/8
26 - INFO - chord#: 136 In build_straw_man_chord_sa. tolerance = 1, sa_iterations = 1000, initial_temperature = 3.0, cooling_rate = 0.999
26 - INFO - chord#: 112 done. best_score=27.0, changed=526, unchanged=453, early_stops=8/8
26 - INFO - chord#: 120 In build_straw_man_chord_sa. tolerance = 1, sa_iterations = 1000, initial_temperature = 3.0, cooling_rate = 0.999
26 - INFO - chord#: 120 done. best_score=27.0, changed=522, unchanged=367, early_stops=8/8
26 - INFO - chord#: 124 In build_straw_man_chord_sa. tolerance = 1, sa_iterations = 1000, initial_temperature = 3.0, cooling_rate = 0.999
26 - INFO - chord#: 128 done. best_score=27.0, changed=519, unchanged=358, early_stops=8/8
26 - INFO - chord#: 132 In build_straw_man_chord_sa. tolerance = 1, sa_iterations = 1000, initial_temperature = 3.0, cooling_rate = 0.999
26 - INFO - chord#: 111 done. best_score=36.0, changed=522, unchanged=406, early_stops=8/8
26 - INFO - chord#: 112 In build_straw_man_chord_sa. tolerance = 1, sa_iterations = 1000, initial_temperature = 3.0, cooling_rate = 0.999
26 - INFO - chord#: 132 done. best_score=31.0, changed=531, unchanged=392, early_stops=8/8
26 - INFO - chord#: 134 In build_straw_man_chord_sa. tolerance = 1, sa_iterations = 1000, initial_temperature = 3.0, cooling_rate = 0.999
26 - INFO - chord#: 136 done. best_score=27.0, changed=524, unchanged=418, early_stops=8/8
26 - INFO - chord#: 112 done. best_score=27.0, changed=517, unchanged=386, early_stops=8/8
26 - INFO - chord#: 120 In build_straw_man_chord_sa. tolerance = 1, sa_iterations = 1000, initial_temperature = 3.0, cooling_rate = 0.999
26 - INFO - chord#: 124 done. best_score=27.0, changed=521, unchanged=356, early_stops=8/8
26 - INFO - chord#: 126 In build_straw_man_chord_sa. tolerance = 1, sa_iterations = 1000, initial_temperature = 3.0, cooling_rate = 0.999
26 - INFO - chord#: 120 done. best_score=27.0, changed=518, unchanged=334, early_stops=8/8
26 - INFO - chord#: 124 In build_straw_man_chord_sa. tolerance = 1, sa_iterations = 1000, initial_temperature = 3.0, cooling_rate = 0.999
26 - INFO - chord#: 132 done. best_score=31.0, changed=527, unchanged=360, early_stops=8/8
26 - INFO - chord#: 134 In build_straw_man_chord_sa. tolerance = 1, sa_iterations = 1000, initial_temperature = 3.0, cooling_rate = 0.999
26 - INFO - chord#: 134 done. best_score=27.0, changed=520, unchanged=390, early_stops=8/8
26 - INFO - chord#: 135 In build_straw_man_chord_sa. tolerance = 1, sa_iterations = 1000, initial_temperature = 3.0, cooling_rate = 0.999
26 - INFO - chord#: 112 done. best_score=27.0, changed=524, unchanged=584, early_stops=8/8
26 - INFO - chord#: 120 In build_straw_man_chord_sa. tolerance = 1, sa_iterations = 1000, initial_temperature = 3.0, cooling_rate = 0.999
26 - INFO - chord#: 120 done. best_score=27.0, changed=534, unchanged=449, early_stops=8/8
26 - INFO - chord#: 124 In build_straw_man_chord_sa. tolerance = 1, sa_iterations = 1000, initial_temperature = 3.0, cooling_rate = 0.999
26 - INFO - chord#: 126 done. best_score=27.0, changed=523, unchanged=373, early_stops=8/8
26 - INFO - chord#: 128 In build_straw_man_chord_sa. tolerance = 1, sa_iterations = 1000, initial_temperature = 3.0, cooling_rate = 0.999
26 - INFO - chord#: 124 done. best_score=27.0, changed=530, unchanged=406, early_stops=8/8
26 - INFO - chord#: 126 In build_straw_man_chord_sa. tolerance = 1, sa_iterations = 1000, initial_temperature = 3.0, cooling_rate = 0.999
26 - INFO - chord#: 134 done. best_score=27.0, changed=521, unchanged=376, early_stops=8/8
26 - INFO - chord#: 135 In build_straw_man_chord_sa. tolerance = 1, sa_iterations = 1000, initial_temperature = 3.0, cooling_rate = 0.999
26 - INFO - chord#: 120 done. best_score=27.0, changed=527, unchanged=381, early_stops=8/8
26 - INFO - chord#: 124 In build_straw_man_chord_sa. tolerance = 1, sa_iterations = 1000, initial_temperature = 3.0, cooling_rate = 0.999
26 - INFO - chord#: 128 done. best_score=27.0, changed=522, unchanged=337, early_stops=8/8
26 - INFO - chord#: 132 In build_straw_man_chord_sa. tolerance = 1, sa_iterations = 1000, initial_temperature = 3.0, cooling_rate = 0.999
26 - INFO - chord#: 126 done. best_score=27.0, changed=527, unchanged=358, early_stops=8/8
26 - INFO - chord#: 128 In build_straw_man_chord_sa. tolerance = 1, sa_iterations = 1000, initial_temperature = 3.0, cooling_rate = 0.999
26 - INFO - chord#: 124 done. best_score=27.0, changed=532, unchanged=685, early_stops=8/8
26 - INFO - chord#: 126 In build_straw_man_chord_sa. tolerance = 1, sa_iterations = 1000, initial_temperature = 3.0, cooling_rate = 0.999
26 - INFO - chord#: 124 done. best_score=27.0, changed=525, unchanged=364, early_stops=8/8
26 - INFO - chord#: 126 In build_straw_man_chord_sa. tolerance = 1, sa_iterations = 1000, initial_temperature = 3.0, cooling_rate = 0.999
26 - INFO - chord#: 132 done. best_score=31.0, changed=537, unchanged=440, early_stops=8/8
26 - INFO - chord#: 134 In build_straw_man_chord_sa. tolerance = 1, sa_iterations = 1000, initial_temperature = 3.0, cooling_rate = 0.999
26 - INFO - chord#: 128 done. best_score=27.0, changed=524, unchanged=387, early_stops=8/8
26 - INFO - chord#: 132 In build_straw_man_chord_sa. tolerance = 1, sa_iterations = 1000, initial_temperature = 3.0, cooling_rate = 0.999
26 - INFO - chord#: 126 done. best_score=27.0, changed=525, unchanged=331, early_stops=8/8
26 - INFO - chord#: 128 In build_straw_man_chord_sa. tolerance = 1, sa_iterations = 1000, initial_temperature = 3.0, cooling_rate = 0.999
26 - INFO - chord#: 135 done. best_score=145.0, changed=613, unchanged=398, early_stops=8/8
26 - INFO - chord#: 136 In build_straw_man_chord_sa. tolerance = 1, sa_iterations = 1000, initial_temperature = 3.0, cooling_rate = 0.999
26 - INFO - chord#: 135 done. best_score=67.0, changed=609, unchanged=269, early_stops=8/8
26 - INFO - chord#: 136 In build_straw_man_chord_sa. tolerance = 1, sa_iterations = 1000, initial_temperature = 3.0, cooling_rate = 0.999
26 - INFO - chord#: 126 done. best_score=27.0, changed=524, unchanged=325, early_stops=8/8
26 - INFO - chord#: 128 In build_straw_man_chord_sa. tolerance = 1, sa_iterations = 1000, initial_temperature = 3.0, cooling_rate = 0.999
26 - INFO - chord#: 128 done. best_score=27.0, changed=517, unchanged=335, early_stops=8/8
26 - INFO - chord#: 132 In build_straw_man_chord_sa. tolerance = 1, sa_iterations = 1000, initial_temperature = 3.0, cooling_rate = 0.999
26 - INFO - chord#: 132 done. best_score=31.0, changed=522, unchanged=384, early_stops=8/8
26 - INFO - chord#: 134 In build_straw_man_chord_sa. tolerance = 1, sa_iterations = 1000, initial_temperature = 3.0, cooling_rate = 0.999
26 - INFO - chord#: 134 done. best_score=27.0, changed=524, unchanged=526, early_stops=8/8
26 - INFO - chord#: 135 In build_straw_man_chord_sa. tolerance = 1, sa_iterations = 1000, initial_temperature = 3.0, cooling_rate = 0.999
26 - INFO - chord#: 136 done. best_score=27.0, changed=521, unchanged=388, early_stops=8/8
26 - INFO - chord#: 136 done. best_score=27.0, changed=527, unchanged=446, early_stops=8/8
26 - INFO - chord#: 128 done. best_score=27.0, changed=527, unchanged=431, early_stops=8/8
26 - INFO - chord#: 132 In build_straw_man_chord_sa. tolerance = 1, sa_iterations = 1000, initial_temperature = 3.0, cooling_rate = 0.999
26 - INFO - chord#: 134 done. best_score=27.0, changed=531, unchanged=385, early_stops=8/8
26 - INFO - chord#: 135 In build_straw_man_chord_sa. tolerance = 1, sa_iterations = 1000, initial_temperature = 3.0, cooling_rate = 0.999
26 - INFO - chord#: 132 done. best_score=31.0, changed=526, unchanged=472, early_stops=8/8
26 - INFO - chord#: 134 In build_straw_man_chord_sa. tolerance = 1, sa_iterations = 1000, initial_temperature = 3.0, cooling_rate = 0.999
26 - INFO - chord#: 132 done. best_score=31.0, changed=530, unchanged=331, early_stops=8/8
26 - INFO - chord#: 134 In build_straw_man_chord_sa. tolerance = 1, sa_iterations = 1000, initial_temperature = 3.0, cooling_rate = 0.999
26 - INFO - chord#: 134 done. best_score=27.0, changed=525, unchanged=463, early_stops=8/8
26 - INFO - chord#: 135 In build_straw_man_chord_sa. tolerance = 1, sa_iterations = 1000, initial_temperature = 3.0, cooling_rate = 0.999
26 - INFO - chord#: 134 done. best_score=27.0, changed=523, unchanged=379, early_stops=8/8
26 - INFO - chord#: 135 In build_straw_man_chord_sa. tolerance = 1, sa_iterations = 1000, initial_temperature = 3.0, cooling_rate = 0.999
26 - INFO - chord#: 135 done. best_score=67.0, changed=611, unchanged=351, early_stops=8/8
26 - INFO - chord#: 136 In build_straw_man_chord_sa. tolerance = 1, sa_iterations = 1000, initial_temperature = 3.0, cooling_rate = 0.999
26 - INFO - chord#: 135 done. best_score=67.0, changed=611, unchanged=313, early_stops=8/8
26 - INFO - chord#: 136 In build_straw_man_chord_sa. tolerance = 1, sa_iterations = 1000, initial_temperature = 3.0, cooling_rate = 0.999
26 - INFO - chord#: 136 done. best_score=27.0, changed=525, unchanged=339, early_stops=8/8
26 - INFO - chord#: 136 done. best_score=27.0, changed=518, unchanged=345, early_stops=8/8
26 - INFO - chord#: 135 done. best_score=125.0, changed=612, unchanged=308, early_stops=8/8
26 - INFO - chord#: 136 In build_straw_man_chord_sa. tolerance = 1, sa_iterations = 1000, initial_temperature = 3.0, cooling_rate = 0.999
26 - INFO - chord#: 135 done. best_score=67.0, changed=612, unchanged=448, early_stops=8/8
26 - INFO - chord#: 136 In build_straw_man_chord_sa. tolerance = 1, sa_iterations = 1000, initial_temperature = 3.0, cooling_rate = 0.999
26 - INFO - chord#: 136 done. best_score=27.0, changed=512, unchanged=315, early_stops=8/8
26 - INFO - chord#: 136 done. best_score=27.0, changed=520, unchanged=357, early_stops=8/8
26 - INFO - chord#: 0 In build_straw_man_chord_sa. tolerance = 1, sa_iterations = 1000, initial_temperature = 3.0, cooling_rate = 0.999
26 - INFO - chord#: 0 In build_straw_man_chord_sa. tolerance = 1, sa_iterations = 1000, initial_temperature = 3.0, cooling_rate = 0.999
26 - INFO - chord#: 0 In build_straw_man_chord_sa. tolerance = 1, sa_iterations = 1000, initial_temperature = 3.0, cooling_rate = 0.999
26 - INFO - chord#: 0 In build_straw_man_chord_sa. tolerance = 1, sa_iterations = 1000, initial_temperature = 3.0, cooling_rate = 0.999
26 - INFO - chord#: 0 In build_straw_man_chord_sa. tolerance = 1, sa_iterations = 1000, initial_temperature = 3.0, cooling_rate = 0.999
26 - INFO - chord#: 0 In build_straw_man_chord_sa. tolerance = 1, sa_iterations = 1000, initial_temperature = 3.0, cooling_rate = 0.999
26 - INFO - chord#: 0 In build_straw_man_chord_sa. tolerance = 1, sa_iterations = 1000, initial_temperature = 3.0, cooling_rate = 0.999
26 - INFO - chord#: 0 In build_straw_man_chord_sa. tolerance = 1, sa_iterations = 1000, initial_temperature = 3.0, cooling_rate = 0.999
26 - INFO - chord#: 0 In build_straw_man_chord_sa. tolerance = 1, sa_iterations = 1000, initial_temperature = 3.0, cooling_rate = 0.999
26 - INFO - chord#: 0 In build_straw_man_chord_sa. tolerance = 1, sa_iterations = 1000, initial_temperature = 3.0, cooling_rate = 0.999
26 - INFO - chord#: 0 In build_straw_man_chord_sa. tolerance = 1, sa_iterations = 1000, initial_temperature = 3.0, cooling_rate = 0.999
26 - INFO - chord#: 0 In build_straw_man_chord_sa. tolerance = 1, sa_iterations = 1000, initial_temperature = 3.0, cooling_rate = 0.999
26 - INFO - chord#: 0 done. best_score=27.0, changed=517, unchanged=354, early_stops=8/8
26 - INFO - chord#: 4 In build_straw_man_chord_sa. tolerance = 1, sa_iterations = 1000, initial_temperature = 3.0, cooling_rate = 0.999
26 - INFO - chord#: 0 done. best_score=27.0, changed=517, unchanged=386, early_stops=8/8
26 - INFO - chord#: 4 In build_straw_man_chord_sa. tolerance = 1, sa_iterations = 1000, initial_temperature = 3.0, cooling_rate = 0.999
26 - INFO - chord#: 0 done. best_score=27.0, changed=527, unchanged=429, early_stops=8/8
26 - INFO - chord#: 0 done. best_score=36.0, changed=514, unchanged=305, early_stops=8/8
26 - INFO - chord#: 4 In build_straw_man_chord_sa. tolerance = 1, sa_iterations = 1000, initial_temperature = 3.0, cooling_rate = 0.999
26 - INFO - chord#: 4 In build_straw_man_chord_sa. tolerance = 1, sa_iterations = 1000, initial_temperature = 3.0, cooling_rate = 0.999
26 - INFO - chord#: 0 done. best_score=27.0, changed=521, unchanged=464, early_stops=8/8
26 - INFO - chord#: 4 In build_straw_man_chord_sa. tolerance = 1, sa_iterations = 1000, initial_temperature = 3.0, cooling_rate = 0.999
26 - INFO - chord#: 0 done. best_score=27.0, changed=519, unchanged=471, early_stops=8/8
26 - INFO - chord#: 4 In build_straw_man_chord_sa. tolerance = 1, sa_iterations = 1000, initial_temperature = 3.0, cooling_rate = 0.999
26 - INFO - chord#: 0 done. best_score=27.0, changed=523, unchanged=495, early_stops=8/8
26 - INFO - chord#: 4 In build_straw_man_chord_sa. tolerance = 1, sa_iterations = 1000, initial_temperature = 3.0, cooling_rate = 0.999
26 - INFO - chord#: 0 done. best_score=27.0, changed=515, unchanged=377, early_stops=8/8
26 - INFO - chord#: 4 In build_straw_man_chord_sa. tolerance = 1, sa_iterations = 1000, initial_temperature = 3.0, cooling_rate = 0.999
26 - INFO - chord#: 0 done. best_score=27.0, changed=518, unchanged=397, early_stops=8/8
26 - INFO - chord#: 4 In build_straw_man_chord_sa. tolerance = 1, sa_iterations = 1000, initial_temperature = 3.0, cooling_rate = 0.999
26 - INFO - chord#: 0 done. best_score=27.0, changed=519, unchanged=396, early_stops=8/8
26 - INFO - chord#: 4 In build_straw_man_chord_sa. tolerance = 1, sa_iterations = 1000, initial_temperature = 3.0, cooling_rate = 0.999
26 - INFO - chord#: 0 done. best_score=27.0, changed=520, unchanged=432, early_stops=8/8
26 - INFO - chord#: 4 In build_straw_man_chord_sa. tolerance = 1, sa_iterations = 1000, initial_temperature = 3.0, cooling_rate = 0.999
26 - INFO - chord#: 0 done. best_score=27.0, changed=522, unchanged=587, early_stops=8/8
26 - INFO - chord#: 4 In build_straw_man_chord_sa. tolerance = 1, sa_iterations = 1000, initial_temperature = 3.0, cooling_rate = 0.999
26 - INFO - chord#: 4 done. best_score=27.0, changed=519, unchanged=350, early_stops=8/8
26 - INFO - chord#: 6 In build_straw_man_chord_sa. tolerance = 1, sa_iterations = 1000, initial_temperature = 3.0, cooling_rate = 0.999
26 - INFO - chord#: 4 done. best_score=27.0, changed=518, unchanged=385, early_stops=8/8
26 - INFO - chord#: 6 In build_straw_man_chord_sa. tolerance = 1, sa_iterations = 1000, initial_temperature = 3.0, cooling_rate = 0.999
26 - INFO - chord#: 4 done. best_score=27.0, changed=520, unchanged=320, early_stops=8/8
26 - INFO - chord#: 6 In build_straw_man_chord_sa. tolerance = 1, sa_iterations = 1000, initial_temperature = 3.0, cooling_rate = 0.999
26 - INFO - chord#: 4 done. best_score=27.0, changed=522, unchanged=375, early_stops=8/8
26 - INFO - chord#: 6 In build_straw_man_chord_sa. tolerance = 1, sa_iterations = 1000, initial_temperature = 3.0, cooling_rate = 0.999
26 - INFO - chord#: 4 done. best_score=27.0, changed=522, unchanged=382, early_stops=8/8
26 - INFO - chord#: 6 In build_straw_man_chord_sa. tolerance = 1, sa_iterations = 1000, initial_temperature = 3.0, cooling_rate = 0.999
26 - INFO - chord#: 4 done. best_score=27.0, changed=529, unchanged=401, early_stops=8/8
26 - INFO - chord#: 6 In build_straw_man_chord_sa. tolerance = 1, sa_iterations = 1000, initial_temperature = 3.0, cooling_rate = 0.999
26 - INFO - chord#: 4 done. best_score=36.0, changed=525, unchanged=321, early_stops=8/8
26 - INFO - chord#: 6 In build_straw_man_chord_sa. tolerance = 1, sa_iterations = 1000, initial_temperature = 3.0, cooling_rate = 0.999
26 - INFO - chord#: 4 done. best_score=27.0, changed=528, unchanged=397, early_stops=8/8
26 - INFO - chord#: 6 In build_straw_man_chord_sa. tolerance = 1, sa_iterations = 1000, initial_temperature = 3.0, cooling_rate = 0.999
26 - INFO - chord#: 4 done. best_score=27.0, changed=529, unchanged=433, early_stops=8/8
26 - INFO - chord#: 6 In build_straw_man_chord_sa. tolerance = 1, sa_iterations = 1000, initial_temperature = 3.0, cooling_rate = 0.999
26 - INFO - chord#: 4 done. best_score=27.0, changed=535, unchanged=420, early_stops=8/8
26 - INFO - chord#: 6 In build_straw_man_chord_sa. tolerance = 1, sa_iterations = 1000, initial_temperature = 3.0, cooling_rate = 0.999
26 - INFO - chord#: 4 done. best_score=27.0, changed=523, unchanged=327, early_stops=8/8
26 - INFO - chord#: 6 In build_straw_man_chord_sa. tolerance = 1, sa_iterations = 1000, initial_temperature = 3.0, cooling_rate = 0.999
26 - INFO - chord#: 6 done. best_score=27.0, changed=532, unchanged=307, early_stops=8/8
26 - INFO - chord#: 8 In build_straw_man_chord_sa. tolerance = 1, sa_iterations = 1000, initial_temperature = 3.0, cooling_rate = 0.999
26 - INFO - chord#: 6 done. best_score=27.0, changed=528, unchanged=342, early_stops=8/8
26 - INFO - chord#: 8 In build_straw_man_chord_sa. tolerance = 1, sa_iterations = 1000, initial_temperature = 3.0, cooling_rate = 0.999
26 - INFO - chord#: 4 done. best_score=27.0, changed=522, unchanged=380, early_stops=8/8
26 - INFO - chord#: 6 In build_straw_man_chord_sa. tolerance = 1, sa_iterations = 1000, initial_temperature = 3.0, cooling_rate = 0.999
26 - INFO - chord#: 6 done. best_score=27.0, changed=528, unchanged=328, early_stops=8/8
26 - INFO - chord#: 8 In build_straw_man_chord_sa. tolerance = 1, sa_iterations = 1000, initial_temperature = 3.0, cooling_rate = 0.999
26 - INFO - chord#: 6 done. best_score=27.0, changed=533, unchanged=350, early_stops=8/8
26 - INFO - chord#: 8 In build_straw_man_chord_sa. tolerance = 1, sa_iterations = 1000, initial_temperature = 3.0, cooling_rate = 0.999
26 - INFO - chord#: 6 done. best_score=27.0, changed=524, unchanged=377, early_stops=8/8
26 - INFO - chord#: 8 In build_straw_man_chord_sa. tolerance = 1, sa_iterations = 1000, initial_temperature = 3.0, cooling_rate = 0.999
26 - INFO - chord#: 6 done. best_score=27.0, changed=526, unchanged=503, early_stops=8/8
26 - INFO - chord#: 8 In build_straw_man_chord_sa. tolerance = 1, sa_iterations = 1000, initial_temperature = 3.0, cooling_rate = 0.999
26 - INFO - chord#: 6 done. best_score=36.0, changed=551, unchanged=387, early_stops=8/8
26 - INFO - chord#: 8 In build_straw_man_chord_sa. tolerance = 1, sa_iterations = 1000, initial_temperature = 3.0, cooling_rate = 0.999
26 - INFO - chord#: 6 done. best_score=27.0, changed=535, unchanged=305, early_stops=8/8
26 - INFO - chord#: 8 In build_straw_man_chord_sa. tolerance = 1, sa_iterations = 1000, initial_temperature = 3.0, cooling_rate = 0.999
26 - INFO - chord#: 6 done. best_score=27.0, changed=522, unchanged=426, early_stops=8/8
26 - INFO - chord#: 8 In build_straw_man_chord_sa. tolerance = 1, sa_iterations = 1000, initial_temperature = 3.0, cooling_rate = 0.999
26 - INFO - chord#: 8 done. best_score=31.0, changed=516, unchanged=330, early_stops=8/8
26 - INFO - chord#: 10 In build_straw_man_chord_sa. tolerance = 1, sa_iterations = 1000, initial_temperature = 3.0, cooling_rate = 0.999
26 - INFO - chord#: 6 done. best_score=27.0, changed=531, unchanged=366, early_stops=8/8
26 - INFO - chord#: 8 In build_straw_man_chord_sa. tolerance = 1, sa_iterations = 1000, initial_temperature = 3.0, cooling_rate = 0.999
26 - INFO - chord#: 8 done. best_score=31.0, changed=528, unchanged=386, early_stops=8/8
26 - INFO - chord#: 10 In build_straw_man_chord_sa. tolerance = 1, sa_iterations = 1000, initial_temperature = 3.0, cooling_rate = 0.999
26 - INFO - chord#: 6 done. best_score=27.0, changed=532, unchanged=459, early_stops=8/8
26 - INFO - chord#: 8 In build_straw_man_chord_sa. tolerance = 1, sa_iterations = 1000, initial_temperature = 3.0, cooling_rate = 0.999
26 - INFO - chord#: 8 done. best_score=31.0, changed=523, unchanged=476, early_stops=8/8
26 - INFO - chord#: 10 In build_straw_man_chord_sa. tolerance = 1, sa_iterations = 1000, initial_temperature = 3.0, cooling_rate = 0.999
26 - INFO - chord#: 8 done. best_score=31.0, changed=520, unchanged=395, early_stops=8/8
26 - INFO - chord#: 10 In build_straw_man_chord_sa. tolerance = 1, sa_iterations = 1000, initial_temperature = 3.0, cooling_rate = 0.999
26 - INFO - chord#: 6 done. best_score=27.0, changed=531, unchanged=369, early_stops=8/8
26 - INFO - chord#: 8 In build_straw_man_chord_sa. tolerance = 1, sa_iterations = 1000, initial_temperature = 3.0, cooling_rate = 0.999
26 - INFO - chord#: 8 done. best_score=31.0, changed=517, unchanged=418, early_stops=8/8
26 - INFO - chord#: 10 In build_straw_man_chord_sa. tolerance = 1, sa_iterations = 1000, initial_temperature = 3.0, cooling_rate = 0.999
26 - INFO - chord#: 8 done. best_score=31.0, changed=524, unchanged=466, early_stops=8/8
26 - INFO - chord#: 10 In build_straw_man_chord_sa. tolerance = 1, sa_iterations = 1000, initial_temperature = 3.0, cooling_rate = 0.999
26 - INFO - chord#: 8 done. best_score=31.0, changed=524, unchanged=350, early_stops=8/8
26 - INFO - chord#: 10 In build_straw_man_chord_sa. tolerance = 1, sa_iterations = 1000, initial_temperature = 3.0, cooling_rate = 0.999
26 - INFO - chord#: 8 done. best_score=31.0, changed=515, unchanged=328, early_stops=8/8
26 - INFO - chord#: 10 In build_straw_man_chord_sa. tolerance = 1, sa_iterations = 1000, initial_temperature = 3.0, cooling_rate = 0.999
26 - INFO - chord#: 10 done. best_score=27.0, changed=514, unchanged=386, early_stops=8/8
26 - INFO - chord#: 12 In build_straw_man_chord_sa. tolerance = 1, sa_iterations = 1000, initial_temperature = 3.0, cooling_rate = 0.999
26 - INFO - chord#: 10 done. best_score=27.0, changed=527, unchanged=399, early_stops=8/8
26 - INFO - chord#: 12 In build_straw_man_chord_sa. tolerance = 1, sa_iterations = 1000, initial_temperature = 3.0, cooling_rate = 0.999
26 - INFO - chord#: 8 done. best_score=31.0, changed=516, unchanged=401, early_stops=8/8
26 - INFO - chord#: 10 In build_straw_man_chord_sa. tolerance = 1, sa_iterations = 1000, initial_temperature = 3.0, cooling_rate = 0.999
26 - INFO - chord#: 10 done. best_score=27.0, changed=522, unchanged=390, early_stops=8/8
26 - INFO - chord#: 12 In build_straw_man_chord_sa. tolerance = 1, sa_iterations = 1000, initial_temperature = 3.0, cooling_rate = 0.999
26 - INFO - chord#: 10 done. best_score=27.0, changed=520, unchanged=360, early_stops=8/8
26 - INFO - chord#: 12 In build_straw_man_chord_sa. tolerance = 1, sa_iterations = 1000, initial_temperature = 3.0, cooling_rate = 0.999
26 - INFO - chord#: 8 done. best_score=31.0, changed=525, unchanged=409, early_stops=8/8
26 - INFO - chord#: 10 In build_straw_man_chord_sa. tolerance = 1, sa_iterations = 1000, initial_temperature = 3.0, cooling_rate = 0.999
26 - INFO - chord#: 10 done. best_score=27.0, changed=536, unchanged=508, early_stops=8/8
26 - INFO - chord#: 12 In build_straw_man_chord_sa. tolerance = 1, sa_iterations = 1000, initial_temperature = 3.0, cooling_rate = 0.999
26 - INFO - chord#: 8 done. best_score=31.0, changed=531, unchanged=472, early_stops=8/8
26 - INFO - chord#: 10 In build_straw_man_chord_sa. tolerance = 1, sa_iterations = 1000, initial_temperature = 3.0, cooling_rate = 0.999
26 - INFO - chord#: 10 done. best_score=27.0, changed=528, unchanged=549, early_stops=8/8
26 - INFO - chord#: 12 In build_straw_man_chord_sa. tolerance = 1, sa_iterations = 1000, initial_temperature = 3.0, cooling_rate = 0.999
26 - INFO - chord#: 8 done. best_score=31.0, changed=521, unchanged=374, early_stops=8/8
26 - INFO - chord#: 10 In build_straw_man_chord_sa. tolerance = 1, sa_iterations = 1000, initial_temperature = 3.0, cooling_rate = 0.999
26 - INFO - chord#: 10 done. best_score=27.0, changed=522, unchanged=452, early_stops=8/8
26 - INFO - chord#: 12 In build_straw_man_chord_sa. tolerance = 1, sa_iterations = 1000, initial_temperature = 3.0, cooling_rate = 0.999
26 - INFO - chord#: 12 done. best_score=27.0, changed=526, unchanged=427, early_stops=8/8
26 - INFO - chord#: 14 In build_straw_man_chord_sa. tolerance = 1, sa_iterations = 1000, initial_temperature = 3.0, cooling_rate = 0.999
26 - INFO - chord#: 12 done. best_score=27.0, changed=529, unchanged=414, early_stops=8/8
26 - INFO - chord#: 14 In build_straw_man_chord_sa. tolerance = 1, sa_iterations = 1000, initial_temperature = 3.0, cooling_rate = 0.999
26 - INFO - chord#: 10 done. best_score=27.0, changed=517, unchanged=399, early_stops=8/8
26 - INFO - chord#: 12 In build_straw_man_chord_sa. tolerance = 1, sa_iterations = 1000, initial_temperature = 3.0, cooling_rate = 0.999
26 - INFO - chord#: 12 done. best_score=27.0, changed=515, unchanged=347, early_stops=8/8
26 - INFO - chord#: 14 In build_straw_man_chord_sa. tolerance = 1, sa_iterations = 1000, initial_temperature = 3.0, cooling_rate = 0.999
26 - INFO - chord#: 12 done. best_score=27.0, changed=517, unchanged=373, early_stops=8/8
26 - INFO - chord#: 14 In build_straw_man_chord_sa. tolerance = 1, sa_iterations = 1000, initial_temperature = 3.0, cooling_rate = 0.999
26 - INFO - chord#: 10 done. best_score=27.0, changed=522, unchanged=358, early_stops=8/8
26 - INFO - chord#: 12 In build_straw_man_chord_sa. tolerance = 1, sa_iterations = 1000, initial_temperature = 3.0, cooling_rate = 0.999
26 - INFO - chord#: 12 done. best_score=27.0, changed=530, unchanged=371, early_stops=8/8
26 - INFO - chord#: 14 In build_straw_man_chord_sa. tolerance = 1, sa_iterations = 1000, initial_temperature = 3.0, cooling_rate = 0.999
26 - INFO - chord#: 10 done. best_score=27.0, changed=522, unchanged=363, early_stops=8/8
26 - INFO - chord#: 12 In build_straw_man_chord_sa. tolerance = 1, sa_iterations = 1000, initial_temperature = 3.0, cooling_rate = 0.999
26 - INFO - chord#: 12 done. best_score=27.0, changed=531, unchanged=461, early_stops=8/8
26 - INFO - chord#: 14 In build_straw_man_chord_sa. tolerance = 1, sa_iterations = 1000, initial_temperature = 3.0, cooling_rate = 0.999
26 - INFO - chord#: 10 done. best_score=27.0, changed=517, unchanged=322, early_stops=8/8
26 - INFO - chord#: 10 done. best_score=27.0, changed=522, unchanged=395, early_stops=8/8
26 - INFO - chord#: 12 In build_straw_man_chord_sa. tolerance = 1, sa_iterations = 1000, initial_temperature = 3.0, cooling_rate = 0.999
26 - INFO - chord#: 12 In build_straw_man_chord_sa. tolerance = 1, sa_iterations = 1000, initial_temperature = 3.0, cooling_rate = 0.999
26 - INFO - chord#: 12 done. best_score=27.0, changed=524, unchanged=445, early_stops=8/8
26 - INFO - chord#: 14 In build_straw_man_chord_sa. tolerance = 1, sa_iterations = 1000, initial_temperature = 3.0, cooling_rate = 0.999
26 - INFO - chord#: 12 done. best_score=27.0, changed=522, unchanged=375, early_stops=8/8
26 - INFO - chord#: 14 In build_straw_man_chord_sa. tolerance = 1, sa_iterations = 1000, initial_temperature = 3.0, cooling_rate = 0.999
26 - INFO - chord#: 12 done. best_score=27.0, changed=519, unchanged=416, early_stops=8/8
26 - INFO - chord#: 14 In build_straw_man_chord_sa. tolerance = 1, sa_iterations = 1000, initial_temperature = 3.0, cooling_rate = 0.999
26 - INFO - chord#: 12 done. best_score=27.0, changed=522, unchanged=413, early_stops=8/8
26 - INFO - chord#: 14 In build_straw_man_chord_sa. tolerance = 1, sa_iterations = 1000, initial_temperature = 3.0, cooling_rate = 0.999
26 - INFO - chord#: 12 done. best_score=27.0, changed=517, unchanged=346, early_stops=8/8
26 - INFO - chord#: 14 In build_straw_man_chord_sa. tolerance = 1, sa_iterations = 1000, initial_temperature = 3.0, cooling_rate = 0.999
26 - INFO - chord#: 12 done. best_score=27.0, changed=529, unchanged=453, early_stops=8/8
26 - INFO - chord#: 14 In build_straw_man_chord_sa. tolerance = 1, sa_iterations = 1000, initial_temperature = 3.0, cooling_rate = 0.999
26 - INFO - chord#: 14 done. best_score=74.0, changed=609, unchanged=272, early_stops=8/8
26 - INFO - chord#: 15 In build_straw_man_chord_sa. tolerance = 1, sa_iterations = 1000, initial_temperature = 3.0, cooling_rate = 0.999
26 - INFO - chord#: 14 done. best_score=74.0, changed=614, unchanged=310, early_stops=8/8
26 - INFO - chord#: 15 In build_straw_man_chord_sa. tolerance = 1, sa_iterations = 1000, initial_temperature = 3.0, cooling_rate = 0.999
26 - INFO - chord#: 14 done. best_score=74.0, changed=613, unchanged=322, early_stops=8/8
26 - INFO - chord#: 15 In build_straw_man_chord_sa. tolerance = 1, sa_iterations = 1000, initial_temperature = 3.0, cooling_rate = 0.999
26 - INFO - chord#: 14 done. best_score=74.0, changed=610, unchanged=274, early_stops=8/8
26 - INFO - chord#: 15 In build_straw_man_chord_sa. tolerance = 1, sa_iterations = 1000, initial_temperature = 3.0, cooling_rate = 0.999
26 - INFO - chord#: 14 done. best_score=74.0, changed=615, unchanged=361, early_stops=8/8
26 - INFO - chord#: 15 In build_straw_man_chord_sa. tolerance = 1, sa_iterations = 1000, initial_temperature = 3.0, cooling_rate = 0.999
26 - INFO - chord#: 14 done. best_score=74.0, changed=611, unchanged=398, early_stops=8/8
26 - INFO - chord#: 15 In build_straw_man_chord_sa. tolerance = 1, sa_iterations = 1000, initial_temperature = 3.0, cooling_rate = 0.999
26 - INFO - chord#: 14 done. best_score=74.0, changed=611, unchanged=275, early_stops=8/8
26 - INFO - chord#: 15 In build_straw_man_chord_sa. tolerance = 1, sa_iterations = 1000, initial_temperature = 3.0, cooling_rate = 0.999
26 - INFO - chord#: 15 done. best_score=64.0, changed=610, unchanged=232, early_stops=8/8
26 - INFO - chord#: 16 In build_straw_man_chord_sa. tolerance = 1, sa_iterations = 1000, initial_temperature = 3.0, cooling_rate = 0.999
26 - INFO - chord#: 14 done. best_score=96.0, changed=610, unchanged=220, early_stops=8/8
26 - INFO - chord#: 15 In build_straw_man_chord_sa. tolerance = 1, sa_iterations = 1000, initial_temperature = 3.0, cooling_rate = 0.999
26 - INFO - chord#: 14 done. best_score=74.0, changed=610, unchanged=345, early_stops=8/8
26 - INFO - chord#: 15 In build_straw_man_chord_sa. tolerance = 1, sa_iterations = 1000, initial_temperature = 3.0, cooling_rate = 0.999
26 - INFO - chord#: 14 done. best_score=74.0, changed=610, unchanged=253, early_stops=8/8
26 - INFO - chord#: 15 In build_straw_man_chord_sa. tolerance = 1, sa_iterations = 1000, initial_temperature = 3.0, cooling_rate = 0.999
26 - INFO - chord#: 15 done. best_score=146.0, changed=610, unchanged=339, early_stops=8/8
26 - INFO - chord#: 16 In build_straw_man_chord_sa. tolerance = 1, sa_iterations = 1000, initial_temperature = 3.0, cooling_rate = 0.999
26 - INFO - chord#: 14 done. best_score=74.0, changed=614, unchanged=311, early_stops=8/8
26 - INFO - chord#: 15 In build_straw_man_chord_sa. tolerance = 1, sa_iterations = 1000, initial_temperature = 3.0, cooling_rate = 0.999
26 - INFO - chord#: 15 done. best_score=64.0, changed=609, unchanged=266, early_stops=8/8
26 - INFO - chord#: 16 In build_straw_man_chord_sa. tolerance = 1, sa_iterations = 1000, initial_temperature = 3.0, cooling_rate = 0.999
26 - INFO - chord#: 15 done. best_score=64.0, changed=611, unchanged=332, early_stops=8/8
26 - INFO - chord#: 16 In build_straw_man_chord_sa. tolerance = 1, sa_iterations = 1000, initial_temperature = 3.0, cooling_rate = 0.999
26 - INFO - chord#: 15 done. best_score=64.0, changed=614, unchanged=382, early_stops=8/8
26 - INFO - chord#: 16 In build_straw_man_chord_sa. tolerance = 1, sa_iterations = 1000, initial_temperature = 3.0, cooling_rate = 0.999
26 - INFO - chord#: 15 done. best_score=104.0, changed=609, unchanged=248, early_stops=8/8
26 - INFO - chord#: 16 In build_straw_man_chord_sa. tolerance = 1, sa_iterations = 1000, initial_temperature = 3.0, cooling_rate = 0.999
26 - INFO - chord#: 16 done. best_score=27.0, changed=526, unchanged=356, early_stops=8/8
26 - INFO - chord#: 18 In build_straw_man_chord_sa. tolerance = 1, sa_iterations = 1000, initial_temperature = 3.0, cooling_rate = 0.999
26 - INFO - chord#: 14 done. best_score=74.0, changed=617, unchanged=382, early_stops=8/8
26 - INFO - chord#: 15 In build_straw_man_chord_sa. tolerance = 1, sa_iterations = 1000, initial_temperature = 3.0, cooling_rate = 0.999
26 - INFO - chord#: 16 done. best_score=27.0, changed=526, unchanged=522, early_stops=8/8
26 - INFO - chord#: 18 In build_straw_man_chord_sa. tolerance = 1, sa_iterations = 1000, initial_temperature = 3.0, cooling_rate = 0.999
26 - INFO - chord#: 16 done. best_score=27.0, changed=524, unchanged=516, early_stops=8/8
26 - INFO - chord#: 18 In build_straw_man_chord_sa. tolerance = 1, sa_iterations = 1000, initial_temperature = 3.0, cooling_rate = 0.999
26 - INFO - chord#: 16 done. best_score=57.0, changed=524, unchanged=339, early_stops=8/8
26 - INFO - chord#: 18 In build_straw_man_chord_sa. tolerance = 1, sa_iterations = 1000, initial_temperature = 3.0, cooling_rate = 0.999
26 - INFO - chord#: 16 done. best_score=27.0, changed=519, unchanged=446, early_stops=8/8
26 - INFO - chord#: 18 In build_straw_man_chord_sa. tolerance = 1, sa_iterations = 1000, initial_temperature = 3.0, cooling_rate = 0.999
26 - INFO - chord#: 16 done. best_score=27.0, changed=519, unchanged=519, early_stops=8/8
26 - INFO - chord#: 18 In build_straw_man_chord_sa. tolerance = 1, sa_iterations = 1000, initial_temperature = 3.0, cooling_rate = 0.999
26 - INFO - chord#: 15 done. best_score=64.0, changed=607, unchanged=242, early_stops=8/8
26 - INFO - chord#: 16 In build_straw_man_chord_sa. tolerance = 1, sa_iterations = 1000, initial_temperature = 3.0, cooling_rate = 0.999
26 - INFO - chord#: 15 done. best_score=104.0, changed=611, unchanged=316, early_stops=8/8
26 - INFO - chord#: 16 In build_straw_man_chord_sa. tolerance = 1, sa_iterations = 1000, initial_temperature = 3.0, cooling_rate = 0.999
26 - INFO - chord#: 15 done. best_score=64.0, changed=609, unchanged=264, early_stops=8/8
26 - INFO - chord#: 16 In build_straw_man_chord_sa. tolerance = 1, sa_iterations = 1000, initial_temperature = 3.0, cooling_rate = 0.999
26 - INFO - chord#: 15 done. best_score=64.0, changed=616, unchanged=363, early_stops=8/8
26 - INFO - chord#: 16 In build_straw_man_chord_sa. tolerance = 1, sa_iterations = 1000, initial_temperature = 3.0, cooling_rate = 0.999
26 - INFO - chord#: 18 done. best_score=67.0, changed=616, unchanged=372, early_stops=8/8
26 - INFO - chord#: 20 In build_straw_man_chord_sa. tolerance = 1, sa_iterations = 1000, initial_temperature = 3.0, cooling_rate = 0.999
26 - INFO - chord#: 15 done. best_score=64.0, changed=615, unchanged=367, early_stops=8/8
26 - INFO - chord#: 16 In build_straw_man_chord_sa. tolerance = 1, sa_iterations = 1000, initial_temperature = 3.0, cooling_rate = 0.999
26 - INFO - chord#: 18 done. best_score=137.0, changed=612, unchanged=340, early_stops=8/8
26 - INFO - chord#: 20 In build_straw_man_chord_sa. tolerance = 1, sa_iterations = 1000, initial_temperature = 3.0, cooling_rate = 0.999
26 - INFO - chord#: 18 done. best_score=67.0, changed=614, unchanged=287, early_stops=8/8
26 - INFO - chord#: 20 In build_straw_man_chord_sa. tolerance = 1, sa_iterations = 1000, initial_temperature = 3.0, cooling_rate = 0.999
26 - INFO - chord#: 16 done. best_score=27.0, changed=517, unchanged=314, early_stops=8/8
26 - INFO - chord#: 18 In build_straw_man_chord_sa. tolerance = 1, sa_iterations = 1000, initial_temperature = 3.0, cooling_rate = 0.999
26 - INFO - chord#: 18 done. best_score=193.0, changed=612, unchanged=266, early_stops=8/8
26 - INFO - chord#: 20 In build_straw_man_chord_sa. tolerance = 1, sa_iterations = 1000, initial_temperature = 3.0, cooling_rate = 0.999
26 - INFO - chord#: 16 done. best_score=27.0, changed=519, unchanged=371, early_stops=8/8
26 - INFO - chord#: 18 In build_straw_man_chord_sa. tolerance = 1, sa_iterations = 1000, initial_temperature = 3.0, cooling_rate = 0.999
26 - INFO - chord#: 18 done. best_score=137.0, changed=614, unchanged=312, early_stops=8/8
26 - INFO - chord#: 20 In build_straw_man_chord_sa. tolerance = 1, sa_iterations = 1000, initial_temperature = 3.0, cooling_rate = 0.999
26 - INFO - chord#: 15 done. best_score=64.0, changed=616, unchanged=351, early_stops=8/8
26 - INFO - chord#: 16 In build_straw_man_chord_sa. tolerance = 1, sa_iterations = 1000, initial_temperature = 3.0, cooling_rate = 0.999
26 - INFO - chord#: 16 done. best_score=27.0, changed=534, unchanged=431, early_stops=8/8
26 - INFO - chord#: 18 In build_straw_man_chord_sa. tolerance = 1, sa_iterations = 1000, initial_temperature = 3.0, cooling_rate = 0.999
26 - INFO - chord#: 16 done. best_score=27.0, changed=514, unchanged=315, early_stops=8/8
26 - INFO - chord#: 18 In build_straw_man_chord_sa. tolerance = 1, sa_iterations = 1000, initial_temperature = 3.0, cooling_rate = 0.999
26 - INFO - chord#: 20 done. best_score=27.0, changed=528, unchanged=412, early_stops=8/8
26 - INFO - chord#: 28 In build_straw_man_chord_sa. tolerance = 1, sa_iterations = 1000, initial_temperature = 3.0, cooling_rate = 0.999
26 - INFO - chord#: 18 done. best_score=137.0, changed=613, unchanged=378, early_stops=8/8
26 - INFO - chord#: 20 In build_straw_man_chord_sa. tolerance = 1, sa_iterations = 1000, initial_temperature = 3.0, cooling_rate = 0.999
26 - INFO - chord#: 20 done. best_score=27.0, changed=523, unchanged=538, early_stops=8/8
26 - INFO - chord#: 28 In build_straw_man_chord_sa. tolerance = 1, sa_iterations = 1000, initial_temperature = 3.0, cooling_rate = 0.999
26 - INFO - chord#: 20 done. best_score=27.0, changed=528, unchanged=422, early_stops=8/8
26 - INFO - chord#: 28 In build_straw_man_chord_sa. tolerance = 1, sa_iterations = 1000, initial_temperature = 3.0, cooling_rate = 0.999
26 - INFO - chord#: 16 done. best_score=27.0, changed=518, unchanged=362, early_stops=8/8
26 - INFO - chord#: 18 In build_straw_man_chord_sa. tolerance = 1, sa_iterations = 1000, initial_temperature = 3.0, cooling_rate = 0.999
26 - INFO - chord#: 20 done. best_score=27.0, changed=523, unchanged=372, early_stops=8/8
26 - INFO - chord#: 28 In build_straw_man_chord_sa. tolerance = 1, sa_iterations = 1000, initial_temperature = 3.0, cooling_rate = 0.999
26 - INFO - chord#: 20 done. best_score=27.0, changed=523, unchanged=318, early_stops=8/8
26 - INFO - chord#: 28 In build_straw_man_chord_sa. tolerance = 1, sa_iterations = 1000, initial_temperature = 3.0, cooling_rate = 0.999
26 - INFO - chord#: 28 done. best_score=27.0, changed=527, unchanged=367, early_stops=8/8
26 - INFO - chord#: 32 In build_straw_man_chord_sa. tolerance = 1, sa_iterations = 1000, initial_temperature = 3.0, cooling_rate = 0.999
26 - INFO - chord#: 20 done. best_score=27.0, changed=528, unchanged=363, early_stops=8/8
26 - INFO - chord#: 28 In build_straw_man_chord_sa. tolerance = 1, sa_iterations = 1000, initial_temperature = 3.0, cooling_rate = 0.999
26 - INFO - chord#: 16 done. best_score=27.0, changed=518, unchanged=365, early_stops=8/8
26 - INFO - chord#: 18 In build_straw_man_chord_sa. tolerance = 1, sa_iterations = 1000, initial_temperature = 3.0, cooling_rate = 0.999
26 - INFO - chord#: 28 done. best_score=27.0, changed=517, unchanged=356, early_stops=8/8
26 - INFO - chord#: 32 In build_straw_man_chord_sa. tolerance = 1, sa_iterations = 1000, initial_temperature = 3.0, cooling_rate = 0.999
26 - INFO - chord#: 28 done. best_score=27.0, changed=515, unchanged=333, early_stops=8/8
26 - INFO - chord#: 32 In build_straw_man_chord_sa. tolerance = 1, sa_iterations = 1000, initial_temperature = 3.0, cooling_rate = 0.999
26 - INFO - chord#: 28 done. best_score=27.0, changed=523, unchanged=542, early_stops=8/8
26 - INFO - chord#: 32 In build_straw_man_chord_sa. tolerance = 1, sa_iterations = 1000, initial_temperature = 3.0, cooling_rate = 0.999
26 - INFO - chord#: 28 done. best_score=27.0, changed=527, unchanged=419, early_stops=8/8
26 - INFO - chord#: 32 In build_straw_man_chord_sa. tolerance = 1, sa_iterations = 1000, initial_temperature = 3.0, cooling_rate = 0.999
26 - INFO - chord#: 32 done. best_score=27.0, changed=516, unchanged=325, early_stops=8/8
26 - INFO - chord#: 36 In build_straw_man_chord_sa. tolerance = 1, sa_iterations = 1000, initial_temperature = 3.0, cooling_rate = 0.999
26 - INFO - chord#: 32 done. best_score=27.0, changed=523, unchanged=389, early_stops=8/8
26 - INFO - chord#: 36 In build_straw_man_chord_sa. tolerance = 1, sa_iterations = 1000, initial_temperature = 3.0, cooling_rate = 0.999
26 - INFO - chord#: 18 done. best_score=96.0, changed=612, unchanged=250, early_stops=8/8
26 - INFO - chord#: 20 In build_straw_man_chord_sa. tolerance = 1, sa_iterations = 1000, initial_temperature = 3.0, cooling_rate = 0.999
26 - INFO - chord#: 28 done. best_score=27.0, changed=510, unchanged=416, early_stops=8/8
26 - INFO - chord#: 32 In build_straw_man_chord_sa. tolerance = 1, sa_iterations = 1000, initial_temperature = 3.0, cooling_rate = 0.999
26 - INFO - chord#: 18 done. best_score=67.0, changed=617, unchanged=226, early_stops=8/8
26 - INFO - chord#: 20 In build_straw_man_chord_sa. tolerance = 1, sa_iterations = 1000, initial_temperature = 3.0, cooling_rate = 0.999
26 - INFO - chord#: 32 done. best_score=27.0, changed=523, unchanged=384, early_stops=8/8
26 - INFO - chord#: 36 In build_straw_man_chord_sa. tolerance = 1, sa_iterations = 1000, initial_temperature = 3.0, cooling_rate = 0.999
26 - INFO - chord#: 32 done. best_score=27.0, changed=528, unchanged=446, early_stops=8/8
26 - INFO - chord#: 36 In build_straw_man_chord_sa. tolerance = 1, sa_iterations = 1000, initial_temperature = 3.0, cooling_rate = 0.999
26 - INFO - chord#: 18 done. best_score=67.0, changed=610, unchanged=261, early_stops=8/8
26 - INFO - chord#: 20 In build_straw_man_chord_sa. tolerance = 1, sa_iterations = 1000, initial_temperature = 3.0, cooling_rate = 0.999
26 - INFO - chord#: 18 done. best_score=137.0, changed=610, unchanged=361, early_stops=8/8
26 - INFO - chord#: 20 In build_straw_man_chord_sa. tolerance = 1, sa_iterations = 1000, initial_temperature = 3.0, cooling_rate = 0.999
26 - INFO - chord#: 32 done. best_score=27.0, changed=519, unchanged=388, early_stops=8/8
26 - INFO - chord#: 36 In build_straw_man_chord_sa. tolerance = 1, sa_iterations = 1000, initial_temperature = 3.0, cooling_rate = 0.999
26 - INFO - chord#: 36 done. best_score=27.0, changed=524, unchanged=364, early_stops=8/8
26 - INFO - chord#: 38 In build_straw_man_chord_sa. tolerance = 1, sa_iterations = 1000, initial_temperature = 3.0, cooling_rate = 0.999
26 - INFO - chord#: 18 done. best_score=67.0, changed=608, unchanged=283, early_stops=8/8
26 - INFO - chord#: 20 In build_straw_man_chord_sa. tolerance = 1, sa_iterations = 1000, initial_temperature = 3.0, cooling_rate = 0.999
26 - INFO - chord#: 36 done. best_score=27.0, changed=523, unchanged=357, early_stops=8/8
26 - INFO - chord#: 38 In build_straw_man_chord_sa. tolerance = 1, sa_iterations = 1000, initial_temperature = 3.0, cooling_rate = 0.999
26 - INFO - chord#: 20 done. best_score=27.0, changed=526, unchanged=343, early_stops=8/8
26 - INFO - chord#: 28 In build_straw_man_chord_sa. tolerance = 1, sa_iterations = 1000, initial_temperature = 3.0, cooling_rate = 0.999
26 - INFO - chord#: 20 done. best_score=27.0, changed=533, unchanged=407, early_stops=8/8
26 - INFO - chord#: 28 In build_straw_man_chord_sa. tolerance = 1, sa_iterations = 1000, initial_temperature = 3.0, cooling_rate = 0.999
26 - INFO - chord#: 36 done. best_score=27.0, changed=523, unchanged=376, early_stops=8/8
26 - INFO - chord#: 38 In build_straw_man_chord_sa. tolerance = 1, sa_iterations = 1000, initial_temperature = 3.0, cooling_rate = 0.999
26 - INFO - chord#: 36 done. best_score=27.0, changed=518, unchanged=340, early_stops=8/8
26 - INFO - chord#: 38 In build_straw_man_chord_sa. tolerance = 1, sa_iterations = 1000, initial_temperature = 3.0, cooling_rate = 0.999
26 - INFO - chord#: 36 done. best_score=27.0, changed=526, unchanged=457, early_stops=8/8
26 - INFO - chord#: 38 In build_straw_man_chord_sa. tolerance = 1, sa_iterations = 1000, initial_temperature = 3.0, cooling_rate = 0.999
26 - INFO - chord#: 20 done. best_score=27.0, changed=527, unchanged=350, early_stops=8/8
26 - INFO - chord#: 28 In build_straw_man_chord_sa. tolerance = 1, sa_iterations = 1000, initial_temperature = 3.0, cooling_rate = 0.999
26 - INFO - chord#: 32 done. best_score=27.0, changed=534, unchanged=508, early_stops=8/8
26 - INFO - chord#: 36 In build_straw_man_chord_sa. tolerance = 1, sa_iterations = 1000, initial_temperature = 3.0, cooling_rate = 0.999
26 - INFO - chord#: 20 done. best_score=27.0, changed=526, unchanged=464, early_stops=8/8
26 - INFO - chord#: 28 In build_straw_man_chord_sa. tolerance = 1, sa_iterations = 1000, initial_temperature = 3.0, cooling_rate = 0.999
26 - INFO - chord#: 38 done. best_score=27.0, changed=520, unchanged=331, early_stops=8/8
26 - INFO - chord#: 40 In build_straw_man_chord_sa. tolerance = 1, sa_iterations = 1000, initial_temperature = 3.0, cooling_rate = 0.999
26 - INFO - chord#: 38 done. best_score=27.0, changed=518, unchanged=339, early_stops=8/8
26 - INFO - chord#: 40 In build_straw_man_chord_sa. tolerance = 1, sa_iterations = 1000, initial_temperature = 3.0, cooling_rate = 0.999
26 - INFO - chord#: 28 done. best_score=27.0, changed=513, unchanged=418, early_stops=8/8
26 - INFO - chord#: 32 In build_straw_man_chord_sa. tolerance = 1, sa_iterations = 1000, initial_temperature = 3.0, cooling_rate = 0.999
26 - INFO - chord#: 18 done. best_score=67.0, changed=613, unchanged=356, early_stops=8/8
26 - INFO - chord#: 20 In build_straw_man_chord_sa. tolerance = 1, sa_iterations = 1000, initial_temperature = 3.0, cooling_rate = 0.999
26 - INFO - chord#: 20 done. best_score=27.0, changed=535, unchanged=470, early_stops=8/8
26 - INFO - chord#: 28 In build_straw_man_chord_sa. tolerance = 1, sa_iterations = 1000, initial_temperature = 3.0, cooling_rate = 0.999
26 - INFO - chord#: 38 done. best_score=27.0, changed=516, unchanged=364, early_stops=8/8
26 - INFO - chord#: 40 In build_straw_man_chord_sa. tolerance = 1, sa_iterations = 1000, initial_temperature = 3.0, cooling_rate = 0.999
26 - INFO - chord#: 38 done. best_score=27.0, changed=528, unchanged=346, early_stops=8/8
26 - INFO - chord#: 40 In build_straw_man_chord_sa. tolerance = 1, sa_iterations = 1000, initial_temperature = 3.0, cooling_rate = 0.999
26 - INFO - chord#: 38 done. best_score=27.0, changed=523, unchanged=381, early_stops=8/8
26 - INFO - chord#: 40 In build_straw_man_chord_sa. tolerance = 1, sa_iterations = 1000, initial_temperature = 3.0, cooling_rate = 0.999
26 - INFO - chord#: 28 done. best_score=27.0, changed=530, unchanged=354, early_stops=8/8
26 - INFO - chord#: 32 In build_straw_man_chord_sa. tolerance = 1, sa_iterations = 1000, initial_temperature = 3.0, cooling_rate = 0.999
26 - INFO - chord#: 36 done. best_score=27.0, changed=517, unchanged=327, early_stops=8/8
26 - INFO - chord#: 38 In build_straw_man_chord_sa. tolerance = 1, sa_iterations = 1000, initial_temperature = 3.0, cooling_rate = 0.999
26 - INFO - chord#: 40 done. best_score=35.0, changed=514, unchanged=384, early_stops=8/8
26 - INFO - chord#: 42 In build_straw_man_chord_sa. tolerance = 1, sa_iterations = 1000, initial_temperature = 3.0, cooling_rate = 0.999
26 - INFO - chord#: 28 done. best_score=27.0, changed=524, unchanged=442, early_stops=8/8
26 - INFO - chord#: 32 In build_straw_man_chord_sa. tolerance = 1, sa_iterations = 1000, initial_temperature = 3.0, cooling_rate = 0.999
26 - INFO - chord#: 32 done. best_score=27.0, changed=516, unchanged=330, early_stops=8/8
26 - INFO - chord#: 36 In build_straw_man_chord_sa. tolerance = 1, sa_iterations = 1000, initial_temperature = 3.0, cooling_rate = 0.999
26 - INFO - chord#: 28 done. best_score=27.0, changed=518, unchanged=420, early_stops=8/8
26 - INFO - chord#: 32 In build_straw_man_chord_sa. tolerance = 1, sa_iterations = 1000, initial_temperature = 3.0, cooling_rate = 0.999
26 - INFO - chord#: 40 done. best_score=35.0, changed=520, unchanged=452, early_stops=8/8
26 - INFO - chord#: 42 In build_straw_man_chord_sa. tolerance = 1, sa_iterations = 1000, initial_temperature = 3.0, cooling_rate = 0.999
26 - INFO - chord#: 20 done. best_score=27.0, changed=529, unchanged=381, early_stops=8/8
26 - INFO - chord#: 28 In build_straw_man_chord_sa. tolerance = 1, sa_iterations = 1000, initial_temperature = 3.0, cooling_rate = 0.999
26 - INFO - chord#: 40 done. best_score=35.0, changed=525, unchanged=448, early_stops=8/8
26 - INFO - chord#: 42 In build_straw_man_chord_sa. tolerance = 1, sa_iterations = 1000, initial_temperature = 3.0, cooling_rate = 0.999
26 - INFO - chord#: 40 done. best_score=35.0, changed=515, unchanged=311, early_stops=8/8
26 - INFO - chord#: 42 In build_straw_man_chord_sa. tolerance = 1, sa_iterations = 1000, initial_temperature = 3.0, cooling_rate = 0.999
26 - INFO - chord#: 40 done. best_score=35.0, changed=526, unchanged=422, early_stops=8/8
26 - INFO - chord#: 42 In build_straw_man_chord_sa. tolerance = 1, sa_iterations = 1000, initial_temperature = 3.0, cooling_rate = 0.999
26 - INFO - chord#: 28 done. best_score=27.0, changed=525, unchanged=437, early_stops=8/8
26 - INFO - chord#: 32 In build_straw_man_chord_sa. tolerance = 1, sa_iterations = 1000, initial_temperature = 3.0, cooling_rate = 0.999
26 - INFO - chord#: 36 done. best_score=27.0, changed=521, unchanged=353, early_stops=8/8
26 - INFO - chord#: 38 In build_straw_man_chord_sa. tolerance = 1, sa_iterations = 1000, initial_temperature = 3.0, cooling_rate = 0.999
26 - INFO - chord#: 42 done. best_score=36.0, changed=516, unchanged=375, early_stops=8/8
26 - INFO - chord#: 44 In build_straw_man_chord_sa. tolerance = 1, sa_iterations = 1000, initial_temperature = 3.0, cooling_rate = 0.999
26 - INFO - chord#: 32 done. best_score=27.0, changed=516, unchanged=368, early_stops=8/8
26 - INFO - chord#: 36 In build_straw_man_chord_sa. tolerance = 1, sa_iterations = 1000, initial_temperature = 3.0, cooling_rate = 0.999
26 - INFO - chord#: 38 done. best_score=27.0, changed=521, unchanged=394, early_stops=8/8
26 - INFO - chord#: 40 In build_straw_man_chord_sa. tolerance = 1, sa_iterations = 1000, initial_temperature = 3.0, cooling_rate = 0.999
26 - INFO - chord#: 32 done. best_score=27.0, changed=520, unchanged=405, early_stops=8/8
26 - INFO - chord#: 36 In build_straw_man_chord_sa. tolerance = 1, sa_iterations = 1000, initial_temperature = 3.0, cooling_rate = 0.999
26 - INFO - chord#: 42 done. best_score=27.0, changed=524, unchanged=430, early_stops=8/8
26 - INFO - chord#: 44 In build_straw_man_chord_sa. tolerance = 1, sa_iterations = 1000, initial_temperature = 3.0, cooling_rate = 0.999
26 - INFO - chord#: 42 done. best_score=36.0, changed=535, unchanged=311, early_stops=8/8
26 - INFO - chord#: 44 In build_straw_man_chord_sa. tolerance = 1, sa_iterations = 1000, initial_temperature = 3.0, cooling_rate = 0.999
26 - INFO - chord#: 32 done. best_score=36.0, changed=522, unchanged=409, early_stops=8/8
26 - INFO - chord#: 36 In build_straw_man_chord_sa. tolerance = 1, sa_iterations = 1000, initial_temperature = 3.0, cooling_rate = 0.999
26 - INFO - chord#: 42 done. best_score=36.0, changed=523, unchanged=403, early_stops=8/8
26 - INFO - chord#: 44 In build_straw_man_chord_sa. tolerance = 1, sa_iterations = 1000, initial_temperature = 3.0, cooling_rate = 0.999
26 - INFO - chord#: 42 done. best_score=36.0, changed=523, unchanged=354, early_stops=8/8
26 - INFO - chord#: 44 In build_straw_man_chord_sa. tolerance = 1, sa_iterations = 1000, initial_temperature = 3.0, cooling_rate = 0.999
26 - INFO - chord#: 44 done. best_score=31.0, changed=549, unchanged=309, early_stops=8/8
26 - INFO - chord#: 46 In build_straw_man_chord_sa. tolerance = 1, sa_iterations = 1000, initial_temperature = 3.0, cooling_rate = 0.999
26 - INFO - chord#: 28 done. best_score=27.0, changed=532, unchanged=473, early_stops=8/8
26 - INFO - chord#: 32 In build_straw_man_chord_sa. tolerance = 1, sa_iterations = 1000, initial_temperature = 3.0, cooling_rate = 0.999
26 - INFO - chord#: 38 done. best_score=27.0, changed=520, unchanged=372, early_stops=8/8
26 - INFO - chord#: 40 In build_straw_man_chord_sa. tolerance = 1, sa_iterations = 1000, initial_temperature = 3.0, cooling_rate = 0.999
26 - INFO - chord#: 32 done. best_score=27.0, changed=527, unchanged=643, early_stops=8/8
26 - INFO - chord#: 36 In build_straw_man_chord_sa. tolerance = 1, sa_iterations = 1000, initial_temperature = 3.0, cooling_rate = 0.999
26 - INFO - chord#: 36 done. best_score=27.0, changed=520, unchanged=411, early_stops=8/8
26 - INFO - chord#: 38 In build_straw_man_chord_sa. tolerance = 1, sa_iterations = 1000, initial_temperature = 3.0, cooling_rate = 0.999
26 - INFO - chord#: 44 done. best_score=31.0, changed=526, unchanged=346, early_stops=8/8
26 - INFO - chord#: 46 In build_straw_man_chord_sa. tolerance = 1, sa_iterations = 1000, initial_temperature = 3.0, cooling_rate = 0.999
26 - INFO - chord#: 44 done. best_score=31.0, changed=539, unchanged=350, early_stops=8/8
26 - INFO - chord#: 46 In build_straw_man_chord_sa. tolerance = 1, sa_iterations = 1000, initial_temperature = 3.0, cooling_rate = 0.999
26 - INFO - chord#: 36 done. best_score=27.0, changed=516, unchanged=324, early_stops=8/8
26 - INFO - chord#: 38 In build_straw_man_chord_sa. tolerance = 1, sa_iterations = 1000, initial_temperature = 3.0, cooling_rate = 0.999
26 - INFO - chord#: 44 done. best_score=31.0, changed=558, unchanged=273, early_stops=8/8
26 - INFO - chord#: 46 In build_straw_man_chord_sa. tolerance = 1, sa_iterations = 1000, initial_temperature = 3.0, cooling_rate = 0.999
26 - INFO - chord#: 44 done. best_score=58.0, changed=588, unchanged=224, early_stops=8/8
26 - INFO - chord#: 46 In build_straw_man_chord_sa. tolerance = 1, sa_iterations = 1000, initial_temperature = 3.0, cooling_rate = 0.999
26 - INFO - chord#: 40 done. best_score=35.0, changed=522, unchanged=328, early_stops=8/8
26 - INFO - chord#: 42 In build_straw_man_chord_sa. tolerance = 1, sa_iterations = 1000, initial_temperature = 3.0, cooling_rate = 0.999
26 - INFO - chord#: 36 done. best_score=57.0, changed=527, unchanged=364, early_stops=8/8
26 - INFO - chord#: 38 In build_straw_man_chord_sa. tolerance = 1, sa_iterations = 1000, initial_temperature = 3.0, cooling_rate = 0.999
26 - INFO - chord#: 46 done. best_score=27.0, changed=515, unchanged=327, early_stops=8/8
26 - INFO - chord#: 47 In build_straw_man_chord_sa. tolerance = 1, sa_iterations = 1000, initial_temperature = 3.0, cooling_rate = 0.999
26 - INFO - chord#: 40 done. best_score=35.0, changed=521, unchanged=341, early_stops=8/8
26 - INFO - chord#: 42 In build_straw_man_chord_sa. tolerance = 1, sa_iterations = 1000, initial_temperature = 3.0, cooling_rate = 0.999
26 - INFO - chord#: 32 done. best_score=27.0, changed=519, unchanged=359, early_stops=8/8
26 - INFO - chord#: 36 In build_straw_man_chord_sa. tolerance = 1, sa_iterations = 1000, initial_temperature = 3.0, cooling_rate = 0.999
26 - INFO - chord#: 46 done. best_score=27.0, changed=524, unchanged=383, early_stops=8/8
26 - INFO - chord#: 47 In build_straw_man_chord_sa. tolerance = 1, sa_iterations = 1000, initial_temperature = 3.0, cooling_rate = 0.999
26 - INFO - chord#: 36 done. best_score=27.0, changed=522, unchanged=328, early_stops=8/8
26 - INFO - chord#: 38 In build_straw_man_chord_sa. tolerance = 1, sa_iterations = 1000, initial_temperature = 3.0, cooling_rate = 0.999
26 - INFO - chord#: 46 done. best_score=27.0, changed=528, unchanged=412, early_stops=8/8
26 - INFO - chord#: 47 In build_straw_man_chord_sa. tolerance = 1, sa_iterations = 1000, initial_temperature = 3.0, cooling_rate = 0.999
26 - INFO - chord#: 46 done. best_score=27.0, changed=519, unchanged=347, early_stops=8/8
26 - INFO - chord#: 47 In build_straw_man_chord_sa. tolerance = 1, sa_iterations = 1000, initial_temperature = 3.0, cooling_rate = 0.999
26 - INFO - chord#: 38 done. best_score=27.0, changed=516, unchanged=315, early_stops=8/8
26 - INFO - chord#: 40 In build_straw_man_chord_sa. tolerance = 1, sa_iterations = 1000, initial_temperature = 3.0, cooling_rate = 0.999
26 - INFO - chord#: 46 done. best_score=36.0, changed=524, unchanged=400, early_stops=8/8
26 - INFO - chord#: 47 In build_straw_man_chord_sa. tolerance = 1, sa_iterations = 1000, initial_temperature = 3.0, cooling_rate = 0.999
26 - INFO - chord#: 42 done. best_score=36.0, changed=533, unchanged=292, early_stops=8/8
26 - INFO - chord#: 44 In build_straw_man_chord_sa. tolerance = 1, sa_iterations = 1000, initial_temperature = 3.0, cooling_rate = 0.999
26 - INFO - chord#: 38 done. best_score=27.0, changed=529, unchanged=408, early_stops=8/8
26 - INFO - chord#: 40 In build_straw_man_chord_sa. tolerance = 1, sa_iterations = 1000, initial_temperature = 3.0, cooling_rate = 0.999
26 - INFO - chord#: 38 done. best_score=27.0, changed=541, unchanged=337, early_stops=8/8
26 - INFO - chord#: 40 In build_straw_man_chord_sa. tolerance = 1, sa_iterations = 1000, initial_temperature = 3.0, cooling_rate = 0.999
26 - INFO - chord#: 42 done. best_score=27.0, changed=521, unchanged=341, early_stops=8/8
26 - INFO - chord#: 44 In build_straw_man_chord_sa. tolerance = 1, sa_iterations = 1000, initial_temperature = 3.0, cooling_rate = 0.999
26 - INFO - chord#: 36 done. best_score=27.0, changed=521, unchanged=364, early_stops=8/8
26 - INFO - chord#: 38 In build_straw_man_chord_sa. tolerance = 1, sa_iterations = 1000, initial_temperature = 3.0, cooling_rate = 0.999
26 - INFO - chord#: 44 done. best_score=31.0, changed=526, unchanged=320, early_stops=8/8
26 - INFO - chord#: 46 In build_straw_man_chord_sa. tolerance = 1, sa_iterations = 1000, initial_temperature = 3.0, cooling_rate = 0.999
26 - INFO - chord#: 40 done. best_score=35.0, changed=528, unchanged=343, early_stops=8/8
26 - INFO - chord#: 42 In build_straw_man_chord_sa. tolerance = 1, sa_iterations = 1000, initial_temperature = 3.0, cooling_rate = 0.999
26 - INFO - chord#: 38 done. best_score=27.0, changed=523, unchanged=481, early_stops=8/8
26 - INFO - chord#: 40 In build_straw_man_chord_sa. tolerance = 1, sa_iterations = 1000, initial_temperature = 3.0, cooling_rate = 0.999
26 - INFO - chord#: 44 done. best_score=31.0, changed=534, unchanged=346, early_stops=8/8
26 - INFO - chord#: 46 In build_straw_man_chord_sa. tolerance = 1, sa_iterations = 1000, initial_temperature = 3.0, cooling_rate = 0.999
26 - INFO - chord#: 40 done. best_score=35.0, changed=524, unchanged=393, early_stops=8/8
26 - INFO - chord#: 42 In build_straw_man_chord_sa. tolerance = 1, sa_iterations = 1000, initial_temperature = 3.0, cooling_rate = 0.999
26 - INFO - chord#: 40 done. best_score=35.0, changed=527, unchanged=433, early_stops=8/8
26 - INFO - chord#: 42 In build_straw_man_chord_sa. tolerance = 1, sa_iterations = 1000, initial_temperature = 3.0, cooling_rate = 0.999
26 - INFO - chord#: 47 done. best_score=137.0, changed=618, unchanged=453, early_stops=8/8
26 - INFO - chord#: 48 In build_straw_man_chord_sa. tolerance = 1, sa_iterations = 1000, initial_temperature = 3.0, cooling_rate = 0.999
26 - INFO - chord#: 47 done. best_score=67.0, changed=606, unchanged=251, early_stops=8/8
26 - INFO - chord#: 48 In build_straw_man_chord_sa. tolerance = 1, sa_iterations = 1000, initial_temperature = 3.0, cooling_rate = 0.999
26 - INFO - chord#: 47 done. best_score=67.0, changed=610, unchanged=249, early_stops=8/8
26 - INFO - chord#: 48 In build_straw_man_chord_sa. tolerance = 1, sa_iterations = 1000, initial_temperature = 3.0, cooling_rate = 0.999
26 - INFO - chord#: 38 done. best_score=27.0, changed=521, unchanged=338, early_stops=8/8
26 - INFO - chord#: 40 In build_straw_man_chord_sa. tolerance = 1, sa_iterations = 1000, initial_temperature = 3.0, cooling_rate = 0.999
26 - INFO - chord#: 47 done. best_score=160.0, changed=617, unchanged=362, early_stops=8/8
26 - INFO - chord#: 48 In build_straw_man_chord_sa. tolerance = 1, sa_iterations = 1000, initial_temperature = 3.0, cooling_rate = 0.999
26 - INFO - chord#: 46 done. best_score=27.0, changed=516, unchanged=339, early_stops=8/8
26 - INFO - chord#: 47 In build_straw_man_chord_sa. tolerance = 1, sa_iterations = 1000, initial_temperature = 3.0, cooling_rate = 0.999
26 - INFO - chord#: 46 done. best_score=27.0, changed=519, unchanged=383, early_stops=8/8
26 - INFO - chord#: 47 In build_straw_man_chord_sa. tolerance = 1, sa_iterations = 1000, initial_temperature = 3.0, cooling_rate = 0.999
26 - INFO - chord#: 40 done. best_score=35.0, changed=526, unchanged=441, early_stops=8/8
26 - INFO - chord#: 42 In build_straw_man_chord_sa. tolerance = 1, sa_iterations = 1000, initial_temperature = 3.0, cooling_rate = 0.999
26 - INFO - chord#: 42 done. best_score=36.0, changed=516, unchanged=356, early_stops=8/8
26 - INFO - chord#: 44 In build_straw_man_chord_sa. tolerance = 1, sa_iterations = 1000, initial_temperature = 3.0, cooling_rate = 0.999
26 - INFO - chord#: 48 done. best_score=27.0, changed=523, unchanged=364, early_stops=8/8
26 - INFO - chord#: 56 In build_straw_man_chord_sa. tolerance = 1, sa_iterations = 1000, initial_temperature = 3.0, cooling_rate = 0.999
26 - INFO - chord#: 47 done. best_score=137.0, changed=614, unchanged=458, early_stops=8/8
26 - INFO - chord#: 48 In build_straw_man_chord_sa. tolerance = 1, sa_iterations = 1000, initial_temperature = 3.0, cooling_rate = 0.999
26 - INFO - chord#: 42 done. best_score=27.0, changed=521, unchanged=332, early_stops=8/8
26 - INFO - chord#: 44 In build_straw_man_chord_sa. tolerance = 1, sa_iterations = 1000, initial_temperature = 3.0, cooling_rate = 0.999
26 - INFO - chord#: 48 done. best_score=27.0, changed=517, unchanged=331, early_stops=8/8
26 - INFO - chord#: 56 In build_straw_man_chord_sa. tolerance = 1, sa_iterations = 1000, initial_temperature = 3.0, cooling_rate = 0.999
26 - INFO - chord#: 42 done. best_score=36.0, changed=526, unchanged=387, early_stops=8/8
26 - INFO - chord#: 44 In build_straw_man_chord_sa. tolerance = 1, sa_iterations = 1000, initial_temperature = 3.0, cooling_rate = 0.999
26 - INFO - chord#: 48 done. best_score=27.0, changed=529, unchanged=393, early_stops=8/8
26 - INFO - chord#: 56 In build_straw_man_chord_sa. tolerance = 1, sa_iterations = 1000, initial_temperature = 3.0, cooling_rate = 0.999
26 - INFO - chord#: 48 done. best_score=27.0, changed=520, unchanged=359, early_stops=8/8
26 - INFO - chord#: 56 In build_straw_man_chord_sa. tolerance = 1, sa_iterations = 1000, initial_temperature = 3.0, cooling_rate = 0.999
26 - INFO - chord#: 40 done. best_score=35.0, changed=528, unchanged=422, early_stops=8/8
26 - INFO - chord#: 42 In build_straw_man_chord_sa. tolerance = 1, sa_iterations = 1000, initial_temperature = 3.0, cooling_rate = 0.999
26 - INFO - chord#: 56 done. best_score=27.0, changed=526, unchanged=374, early_stops=8/8
26 - INFO - chord#: 60 In build_straw_man_chord_sa. tolerance = 1, sa_iterations = 1000, initial_temperature = 3.0, cooling_rate = 0.999
26 - INFO - chord#: 48 done. best_score=27.0, changed=520, unchanged=356, early_stops=8/8
26 - INFO - chord#: 56 In build_straw_man_chord_sa. tolerance = 1, sa_iterations = 1000, initial_temperature = 3.0, cooling_rate = 0.999
26 - INFO - chord#: 44 done. best_score=31.0, changed=529, unchanged=299, early_stops=8/8
26 - INFO - chord#: 46 In build_straw_man_chord_sa. tolerance = 1, sa_iterations = 1000, initial_temperature = 3.0, cooling_rate = 0.999
26 - INFO - chord#: 56 done. best_score=27.0, changed=521, unchanged=293, early_stops=8/8
26 - INFO - chord#: 60 In build_straw_man_chord_sa. tolerance = 1, sa_iterations = 1000, initial_temperature = 3.0, cooling_rate = 0.999
26 - INFO - chord#: 44 done. best_score=31.0, changed=527, unchanged=336, early_stops=8/8
26 - INFO - chord#: 46 In build_straw_man_chord_sa. tolerance = 1, sa_iterations = 1000, initial_temperature = 3.0, cooling_rate = 0.999
26 - INFO - chord#: 56 done. best_score=27.0, changed=524, unchanged=416, early_stops=8/8
26 - INFO - chord#: 60 In build_straw_man_chord_sa. tolerance = 1, sa_iterations = 1000, initial_temperature = 3.0, cooling_rate = 0.999
26 - INFO - chord#: 42 done. best_score=36.0, changed=540, unchanged=389, early_stops=8/8
26 - INFO - chord#: 44 In build_straw_man_chord_sa. tolerance = 1, sa_iterations = 1000, initial_temperature = 3.0, cooling_rate = 0.999
26 - INFO - chord#: 44 done. best_score=31.0, changed=530, unchanged=351, early_stops=8/8
26 - INFO - chord#: 46 In build_straw_man_chord_sa. tolerance = 1, sa_iterations = 1000, initial_temperature = 3.0, cooling_rate = 0.999
26 - INFO - chord#: 56 done. best_score=27.0, changed=513, unchanged=309, early_stops=8/8
26 - INFO - chord#: 60 In build_straw_man_chord_sa. tolerance = 1, sa_iterations = 1000, initial_temperature = 3.0, cooling_rate = 0.999
26 - INFO - chord#: 42 done. best_score=36.0, changed=529, unchanged=312, early_stops=8/8
26 - INFO - chord#: 44 In build_straw_man_chord_sa. tolerance = 1, sa_iterations = 1000, initial_temperature = 3.0, cooling_rate = 0.999
26 - INFO - chord#: 60 done. best_score=27.0, changed=523, unchanged=395, early_stops=8/8
26 - INFO - chord#: 64 In build_straw_man_chord_sa. tolerance = 1, sa_iterations = 1000, initial_temperature = 3.0, cooling_rate = 0.999
26 - INFO - chord#: 47 done. best_score=96.0, changed=609, unchanged=260, early_stops=8/8
26 - INFO - chord#: 48 In build_straw_man_chord_sa. tolerance = 1, sa_iterations = 1000, initial_temperature = 3.0, cooling_rate = 0.999
26 - INFO - chord#: 56 done. best_score=27.0, changed=524, unchanged=396, early_stops=8/8
26 - INFO - chord#: 60 In build_straw_man_chord_sa. tolerance = 1, sa_iterations = 1000, initial_temperature = 3.0, cooling_rate = 0.999
26 - INFO - chord#: 60 done. best_score=27.0, changed=517, unchanged=351, early_stops=8/8
26 - INFO - chord#: 64 In build_straw_man_chord_sa. tolerance = 1, sa_iterations = 1000, initial_temperature = 3.0, cooling_rate = 0.999
26 - INFO - chord#: 60 done. best_score=27.0, changed=534, unchanged=419, early_stops=8/8
26 - INFO - chord#: 64 In build_straw_man_chord_sa. tolerance = 1, sa_iterations = 1000, initial_temperature = 3.0, cooling_rate = 0.999
26 - INFO - chord#: 44 done. best_score=31.0, changed=537, unchanged=309, early_stops=8/8
26 - INFO - chord#: 46 In build_straw_man_chord_sa. tolerance = 1, sa_iterations = 1000, initial_temperature = 3.0, cooling_rate = 0.999
26 - INFO - chord#: 46 done. best_score=27.0, changed=524, unchanged=368, early_stops=8/8
26 - INFO - chord#: 47 In build_straw_man_chord_sa. tolerance = 1, sa_iterations = 1000, initial_temperature = 3.0, cooling_rate = 0.999
26 - INFO - chord#: 60 done. best_score=27.0, changed=522, unchanged=316, early_stops=8/8
26 - INFO - chord#: 64 In build_straw_man_chord_sa. tolerance = 1, sa_iterations = 1000, initial_temperature = 3.0, cooling_rate = 0.999
26 - INFO - chord#: 46 done. best_score=27.0, changed=515, unchanged=337, early_stops=8/8
26 - INFO - chord#: 47 In build_straw_man_chord_sa. tolerance = 1, sa_iterations = 1000, initial_temperature = 3.0, cooling_rate = 0.999
26 - INFO - chord#: 46 done. best_score=27.0, changed=523, unchanged=541, early_stops=8/8
26 - INFO - chord#: 47 In build_straw_man_chord_sa. tolerance = 1, sa_iterations = 1000, initial_temperature = 3.0, cooling_rate = 0.999
26 - INFO - chord#: 64 done. best_score=27.0, changed=524, unchanged=304, early_stops=8/8
26 - INFO - chord#: 68 In build_straw_man_chord_sa. tolerance = 1, sa_iterations = 1000, initial_temperature = 3.0, cooling_rate = 0.999
26 - INFO - chord#: 60 done. best_score=27.0, changed=522, unchanged=350, early_stops=8/8
26 - INFO - chord#: 64 In build_straw_man_chord_sa. tolerance = 1, sa_iterations = 1000, initial_temperature = 3.0, cooling_rate = 0.999
26 - INFO - chord#: 48 done. best_score=27.0, changed=519, unchanged=331, early_stops=8/8
26 - INFO - chord#: 56 In build_straw_man_chord_sa. tolerance = 1, sa_iterations = 1000, initial_temperature = 3.0, cooling_rate = 0.999
26 - INFO - chord#: 44 done. best_score=31.0, changed=546, unchanged=306, early_stops=8/8
26 - INFO - chord#: 46 In build_straw_man_chord_sa. tolerance = 1, sa_iterations = 1000, initial_temperature = 3.0, cooling_rate = 0.999
26 - INFO - chord#: 64 done. best_score=27.0, changed=520, unchanged=349, early_stops=8/8
26 - INFO - chord#: 68 In build_straw_man_chord_sa. tolerance = 1, sa_iterations = 1000, initial_temperature = 3.0, cooling_rate = 0.999
26 - INFO - chord#: 64 done. best_score=27.0, changed=527, unchanged=337, early_stops=8/8
26 - INFO - chord#: 68 In build_straw_man_chord_sa. tolerance = 1, sa_iterations = 1000, initial_temperature = 3.0, cooling_rate = 0.999
26 - INFO - chord#: 64 done. best_score=27.0, changed=527, unchanged=323, early_stops=8/8
26 - INFO - chord#: 47 done. best_score=145.0, changed=611, unchanged=446, early_stops=8/8
26 - INFO - chord#: 68 In build_straw_man_chord_sa. tolerance = 1, sa_iterations = 1000, initial_temperature = 3.0, cooling_rate = 0.999
26 - INFO - chord#: 48 In build_straw_man_chord_sa. tolerance = 1, sa_iterations = 1000, initial_temperature = 3.0, cooling_rate = 0.999
26 - INFO - chord#: 46 done. best_score=27.0, changed=521, unchanged=427, early_stops=8/8
26 - INFO - chord#: 47 In build_straw_man_chord_sa. tolerance = 1, sa_iterations = 1000, initial_temperature = 3.0, cooling_rate = 0.999
26 - INFO - chord#: 68 done. best_score=35.0, changed=521, unchanged=404, early_stops=8/8
26 - INFO - chord#: 70 In build_straw_man_chord_sa. tolerance = 1, sa_iterations = 1000, initial_temperature = 3.0, cooling_rate = 0.999
26 - INFO - chord#: 64 done. best_score=27.0, changed=523, unchanged=361, early_stops=8/8
26 - INFO - chord#: 68 In build_straw_man_chord_sa. tolerance = 1, sa_iterations = 1000, initial_temperature = 3.0, cooling_rate = 0.999
26 - INFO - chord#: 68 done. best_score=35.0, changed=527, unchanged=340, early_stops=8/8
26 - INFO - chord#: 70 In build_straw_man_chord_sa. tolerance = 1, sa_iterations = 1000, initial_temperature = 3.0, cooling_rate = 0.999
26 - INFO - chord#: 56 done. best_score=27.0, changed=527, unchanged=398, early_stops=8/8
26 - INFO - chord#: 60 In build_straw_man_chord_sa. tolerance = 1, sa_iterations = 1000, initial_temperature = 3.0, cooling_rate = 0.999
26 - INFO - chord#: 68 done. best_score=35.0, changed=523, unchanged=364, early_stops=8/8
26 - INFO - chord#: 70 In build_straw_man_chord_sa. tolerance = 1, sa_iterations = 1000, initial_temperature = 3.0, cooling_rate = 0.999
26 - INFO - chord#: 68 done. best_score=35.0, changed=534, unchanged=511, early_stops=8/8
26 - INFO - chord#: 70 In build_straw_man_chord_sa. tolerance = 1, sa_iterations = 1000, initial_temperature = 3.0, cooling_rate = 0.999
26 - INFO - chord#: 46 done. best_score=27.0, changed=527, unchanged=437, early_stops=8/8
26 - INFO - chord#: 47 In build_straw_man_chord_sa. tolerance = 1, sa_iterations = 1000, initial_temperature = 3.0, cooling_rate = 0.999
26 - INFO - chord#: 48 done. best_score=27.0, changed=531, unchanged=467, early_stops=8/8
26 - INFO - chord#: 56 In build_straw_man_chord_sa. tolerance = 1, sa_iterations = 1000, initial_temperature = 3.0, cooling_rate = 0.999
26 - INFO - chord#: 70 done. best_score=36.0, changed=521, unchanged=355, early_stops=8/8
26 - INFO - chord#: 72 In build_straw_man_chord_sa. tolerance = 1, sa_iterations = 1000, initial_temperature = 3.0, cooling_rate = 0.999
26 - INFO - chord#: 68 done. best_score=35.0, changed=527, unchanged=343, early_stops=8/8
26 - INFO - chord#: 70 In build_straw_man_chord_sa. tolerance = 1, sa_iterations = 1000, initial_temperature = 3.0, cooling_rate = 0.999
26 - INFO - chord#: 70 done. best_score=36.0, changed=523, unchanged=313, early_stops=8/8
26 - INFO - chord#: 72 In build_straw_man_chord_sa. tolerance = 1, sa_iterations = 1000, initial_temperature = 3.0, cooling_rate = 0.999
26 - INFO - chord#: 60 done. best_score=27.0, changed=535, unchanged=399, early_stops=8/8
26 - INFO - chord#: 64 In build_straw_man_chord_sa. tolerance = 1, sa_iterations = 1000, initial_temperature = 3.0, cooling_rate = 0.999
26 - INFO - chord#: 47 done. best_score=67.0, changed=610, unchanged=258, early_stops=8/8
26 - INFO - chord#: 48 In build_straw_man_chord_sa. tolerance = 1, sa_iterations = 1000, initial_temperature = 3.0, cooling_rate = 0.999
26 - INFO - chord#: 70 done. best_score=36.0, changed=520, unchanged=391, early_stops=8/8
26 - INFO - chord#: 72 In build_straw_man_chord_sa. tolerance = 1, sa_iterations = 1000, initial_temperature = 3.0, cooling_rate = 0.999
26 - INFO - chord#: 70 done. best_score=36.0, changed=521, unchanged=352, early_stops=8/8
26 - INFO - chord#: 72 In build_straw_man_chord_sa. tolerance = 1, sa_iterations = 1000, initial_temperature = 3.0, cooling_rate = 0.999
26 - INFO - chord#: 70 done. best_score=36.0, changed=520, unchanged=309, early_stops=8/8
26 - INFO - chord#: 72 In build_straw_man_chord_sa. tolerance = 1, sa_iterations = 1000, initial_temperature = 3.0, cooling_rate = 0.999
26 - INFO - chord#: 56 done. best_score=27.0, changed=525, unchanged=394, early_stops=8/8
26 - INFO - chord#: 60 In build_straw_man_chord_sa. tolerance = 1, sa_iterations = 1000, initial_temperature = 3.0, cooling_rate = 0.999
26 - INFO - chord#: 47 done. best_score=67.0, changed=615, unchanged=324, early_stops=8/8
26 - INFO - chord#: 48 In build_straw_man_chord_sa. tolerance = 1, sa_iterations = 1000, initial_temperature = 3.0, cooling_rate = 0.999
26 - INFO - chord#: 72 done. best_score=27.0, changed=521, unchanged=388, early_stops=8/8
26 - INFO - chord#: 74 In build_straw_man_chord_sa. tolerance = 1, sa_iterations = 1000, initial_temperature = 3.0, cooling_rate = 0.999
26 - INFO - chord#: 72 done. best_score=27.0, changed=514, unchanged=338, early_stops=8/8
26 - INFO - chord#: 74 In build_straw_man_chord_sa. tolerance = 1, sa_iterations = 1000, initial_temperature = 3.0, cooling_rate = 0.999
26 - INFO - chord#: 64 done. best_score=27.0, changed=519, unchanged=355, early_stops=8/8
26 - INFO - chord#: 68 In build_straw_man_chord_sa. tolerance = 1, sa_iterations = 1000, initial_temperature = 3.0, cooling_rate = 0.999
26 - INFO - chord#: 47 done. best_score=137.0, changed=609, unchanged=309, early_stops=8/8
26 - INFO - chord#: 48 In build_straw_man_chord_sa. tolerance = 1, sa_iterations = 1000, initial_temperature = 3.0, cooling_rate = 0.999
26 - INFO - chord#: 72 done. best_score=27.0, changed=517, unchanged=409, early_stops=8/8
26 - INFO - chord#: 74 In build_straw_man_chord_sa. tolerance = 1, sa_iterations = 1000, initial_temperature = 3.0, cooling_rate = 0.999
26 - INFO - chord#: 48 done. best_score=27.0, changed=533, unchanged=508, early_stops=8/8
26 - INFO - chord#: 56 In build_straw_man_chord_sa. tolerance = 1, sa_iterations = 1000, initial_temperature = 3.0, cooling_rate = 0.999
26 - INFO - chord#: 72 done. best_score=27.0, changed=522, unchanged=438, early_stops=8/8
26 - INFO - chord#: 74 In build_straw_man_chord_sa. tolerance = 1, sa_iterations = 1000, initial_temperature = 3.0, cooling_rate = 0.999
26 - INFO - chord#: 47 done. best_score=137.0, changed=617, unchanged=509, early_stops=8/8
26 - INFO - chord#: 48 In build_straw_man_chord_sa. tolerance = 1, sa_iterations = 1000, initial_temperature = 3.0, cooling_rate = 0.999
26 - INFO - chord#: 60 done. best_score=27.0, changed=530, unchanged=353, early_stops=8/8
26 - INFO - chord#: 64 In build_straw_man_chord_sa. tolerance = 1, sa_iterations = 1000, initial_temperature = 3.0, cooling_rate = 0.999
26 - INFO - chord#: 72 done. best_score=27.0, changed=521, unchanged=483, early_stops=8/8
26 - INFO - chord#: 74 In build_straw_man_chord_sa. tolerance = 1, sa_iterations = 1000, initial_temperature = 3.0, cooling_rate = 0.999
26 - INFO - chord#: 48 done. best_score=27.0, changed=522, unchanged=415, early_stops=8/8
26 - INFO - chord#: 56 In build_straw_man_chord_sa. tolerance = 1, sa_iterations = 1000, initial_temperature = 3.0, cooling_rate = 0.999
26 - INFO - chord#: 68 done. best_score=35.0, changed=522, unchanged=406, early_stops=8/8
26 - INFO - chord#: 70 In build_straw_man_chord_sa. tolerance = 1, sa_iterations = 1000, initial_temperature = 3.0, cooling_rate = 0.999
26 - INFO - chord#: 48 done. best_score=27.0, changed=535, unchanged=457, early_stops=8/8
26 - INFO - chord#: 56 In build_straw_man_chord_sa. tolerance = 1, sa_iterations = 1000, initial_temperature = 3.0, cooling_rate = 0.999
26 - INFO - chord#: 47 done. best_score=67.0, changed=613, unchanged=348, early_stops=8/8
26 - INFO - chord#: 48 In build_straw_man_chord_sa. tolerance = 1, sa_iterations = 1000, initial_temperature = 3.0, cooling_rate = 0.999
26 - INFO - chord#: 56 done. best_score=27.0, changed=525, unchanged=323, early_stops=8/8
26 - INFO - chord#: 60 In build_straw_man_chord_sa. tolerance = 1, sa_iterations = 1000, initial_temperature = 3.0, cooling_rate = 0.999
26 - INFO - chord#: 48 done. best_score=27.0, changed=518, unchanged=367, early_stops=8/8
26 - INFO - chord#: 56 In build_straw_man_chord_sa. tolerance = 1, sa_iterations = 1000, initial_temperature = 3.0, cooling_rate = 0.999
26 - INFO - chord#: 74 done. best_score=82.0, changed=606, unchanged=220, early_stops=8/8
26 - INFO - chord#: 76 In build_straw_man_chord_sa. tolerance = 1, sa_iterations = 1000, initial_temperature = 3.0, cooling_rate = 0.999
26 - INFO - chord#: 64 done. best_score=27.0, changed=522, unchanged=344, early_stops=8/8
26 - INFO - chord#: 68 In build_straw_man_chord_sa. tolerance = 1, sa_iterations = 1000, initial_temperature = 3.0, cooling_rate = 0.999
26 - INFO - chord#: 74 done. best_score=82.0, changed=614, unchanged=270, early_stops=8/8
26 - INFO - chord#: 76 In build_straw_man_chord_sa. tolerance = 1, sa_iterations = 1000, initial_temperature = 3.0, cooling_rate = 0.999
26 - INFO - chord#: 56 done. best_score=27.0, changed=518, unchanged=323, early_stops=8/8
26 - INFO - chord#: 60 In build_straw_man_chord_sa. tolerance = 1, sa_iterations = 1000, initial_temperature = 3.0, cooling_rate = 0.999
26 - INFO - chord#: 74 done. best_score=82.0, changed=623, unchanged=273, early_stops=8/8
26 - INFO - chord#: 76 In build_straw_man_chord_sa. tolerance = 1, sa_iterations = 1000, initial_temperature = 3.0, cooling_rate = 0.999
26 - INFO - chord#: 56 done. best_score=27.0, changed=522, unchanged=353, early_stops=8/8
26 - INFO - chord#: 60 In build_straw_man_chord_sa. tolerance = 1, sa_iterations = 1000, initial_temperature = 3.0, cooling_rate = 0.999
26 - INFO - chord#: 70 done. best_score=36.0, changed=533, unchanged=463, early_stops=8/8
26 - INFO - chord#: 72 In build_straw_man_chord_sa. tolerance = 1, sa_iterations = 1000, initial_temperature = 3.0, cooling_rate = 0.999
26 - INFO - chord#: 48 done. best_score=27.0, changed=520, unchanged=330, early_stops=8/8
26 - INFO - chord#: 56 In build_straw_man_chord_sa. tolerance = 1, sa_iterations = 1000, initial_temperature = 3.0, cooling_rate = 0.999
26 - INFO - chord#: 76 done. best_score=31.0, changed=523, unchanged=382, early_stops=8/8
26 - INFO - chord#: 80 In build_straw_man_chord_sa. tolerance = 1, sa_iterations = 1000, initial_temperature = 3.0, cooling_rate = 0.999
26 - INFO - chord#: 60 done. best_score=27.0, changed=516, unchanged=346, early_stops=8/8
26 - INFO - chord#: 64 In build_straw_man_chord_sa. tolerance = 1, sa_iterations = 1000, initial_temperature = 3.0, cooling_rate = 0.999
26 - INFO - chord#: 74 done. best_score=82.0, changed=616, unchanged=370, early_stops=8/8
26 - INFO - chord#: 76 In build_straw_man_chord_sa. tolerance = 1, sa_iterations = 1000, initial_temperature = 3.0, cooling_rate = 0.999
26 - INFO - chord#: 56 done. best_score=27.0, changed=529, unchanged=388, early_stops=8/8
26 - INFO - chord#: 60 In build_straw_man_chord_sa. tolerance = 1, sa_iterations = 1000, initial_temperature = 3.0, cooling_rate = 0.999
26 - INFO - chord#: 76 done. best_score=31.0, changed=526, unchanged=362, early_stops=8/8
26 - INFO - chord#: 80 In build_straw_man_chord_sa. tolerance = 1, sa_iterations = 1000, initial_temperature = 3.0, cooling_rate = 0.999
26 - INFO - chord#: 76 done. best_score=31.0, changed=526, unchanged=338, early_stops=8/8
26 - INFO - chord#: 80 In build_straw_man_chord_sa. tolerance = 1, sa_iterations = 1000, initial_temperature = 3.0, cooling_rate = 0.999
26 - INFO - chord#: 68 done. best_score=35.0, changed=523, unchanged=356, early_stops=8/8
26 - INFO - chord#: 70 In build_straw_man_chord_sa. tolerance = 1, sa_iterations = 1000, initial_temperature = 3.0, cooling_rate = 0.999
26 - INFO - chord#: 60 done. best_score=27.0, changed=516, unchanged=301, early_stops=8/8
26 - INFO - chord#: 64 In build_straw_man_chord_sa. tolerance = 1, sa_iterations = 1000, initial_temperature = 3.0, cooling_rate = 0.999
26 - INFO - chord#: 74 done. best_score=82.0, changed=609, unchanged=335, early_stops=8/8
26 - INFO - chord#: 76 In build_straw_man_chord_sa. tolerance = 1, sa_iterations = 1000, initial_temperature = 3.0, cooling_rate = 0.999
26 - INFO - chord#: 60 done. best_score=27.0, changed=524, unchanged=319, early_stops=8/8
26 - INFO - chord#: 64 In build_straw_man_chord_sa. tolerance = 1, sa_iterations = 1000, initial_temperature = 3.0, cooling_rate = 0.999
26 - INFO - chord#: 80 done. best_score=27.0, changed=519, unchanged=348, early_stops=8/8
26 - INFO - chord#: 84 In build_straw_man_chord_sa. tolerance = 1, sa_iterations = 1000, initial_temperature = 3.0, cooling_rate = 0.999
26 - INFO - chord#: 56 done. best_score=27.0, changed=526, unchanged=363, early_stops=8/8
26 - INFO - chord#: 60 In build_straw_man_chord_sa. tolerance = 1, sa_iterations = 1000, initial_temperature = 3.0, cooling_rate = 0.999
26 - INFO - chord#: 76 done. best_score=31.0, changed=522, unchanged=347, early_stops=8/8
26 - INFO - chord#: 80 In build_straw_man_chord_sa. tolerance = 1, sa_iterations = 1000, initial_temperature = 3.0, cooling_rate = 0.999
26 - INFO - chord#: 64 done. best_score=27.0, changed=527, unchanged=321, early_stops=8/8
26 - INFO - chord#: 68 In build_straw_man_chord_sa. tolerance = 1, sa_iterations = 1000, initial_temperature = 3.0, cooling_rate = 0.999
26 - INFO - chord#: 72 done. best_score=27.0, changed=518, unchanged=424, early_stops=8/8
26 - INFO - chord#: 74 In build_straw_man_chord_sa. tolerance = 1, sa_iterations = 1000, initial_temperature = 3.0, cooling_rate = 0.999
26 - INFO - chord#: 60 done. best_score=27.0, changed=518, unchanged=351, early_stops=8/8
26 - INFO - chord#: 64 In build_straw_man_chord_sa. tolerance = 1, sa_iterations = 1000, initial_temperature = 3.0, cooling_rate = 0.999
26 - INFO - chord#: 80 done. best_score=27.0, changed=521, unchanged=444, early_stops=8/8
26 - INFO - chord#: 84 In build_straw_man_chord_sa. tolerance = 1, sa_iterations = 1000, initial_temperature = 3.0, cooling_rate = 0.999
26 - INFO - chord#: 76 done. best_score=31.0, changed=522, unchanged=370, early_stops=8/8
26 - INFO - chord#: 80 In build_straw_man_chord_sa. tolerance = 1, sa_iterations = 1000, initial_temperature = 3.0, cooling_rate = 0.999
26 - INFO - chord#: 64 done. best_score=27.0, changed=529, unchanged=327, early_stops=8/8
26 - INFO - chord#: 68 In build_straw_man_chord_sa. tolerance = 1, sa_iterations = 1000, initial_temperature = 3.0, cooling_rate = 0.999
26 - INFO - chord#: 70 done. best_score=36.0, changed=514, unchanged=298, early_stops=8/8
26 - INFO - chord#: 72 In build_straw_man_chord_sa. tolerance = 1, sa_iterations = 1000, initial_temperature = 3.0, cooling_rate = 0.999
26 - INFO - chord#: 80 done. best_score=27.0, changed=532, unchanged=560, early_stops=8/8
26 - INFO - chord#: 84 In build_straw_man_chord_sa. tolerance = 1, sa_iterations = 1000, initial_temperature = 3.0, cooling_rate = 0.999
26 - INFO - chord#: 64 done. best_score=27.0, changed=526, unchanged=330, early_stops=8/8
26 - INFO - chord#: 68 In build_straw_man_chord_sa. tolerance = 1, sa_iterations = 1000, initial_temperature = 3.0, cooling_rate = 0.999
26 - INFO - chord#: 84 done. best_score=27.0, changed=528, unchanged=366, early_stops=8/8
26 - INFO - chord#: 88 In build_straw_man_chord_sa. tolerance = 1, sa_iterations = 1000, initial_temperature = 3.0, cooling_rate = 0.999
26 - INFO - chord#: 80 done. best_score=27.0, changed=521, unchanged=510, early_stops=8/8
26 - INFO - chord#: 84 In build_straw_man_chord_sa. tolerance = 1, sa_iterations = 1000, initial_temperature = 3.0, cooling_rate = 0.999
26 - INFO - chord#: 60 done. best_score=27.0, changed=520, unchanged=332, early_stops=8/8
26 - INFO - chord#: 64 In build_straw_man_chord_sa. tolerance = 1, sa_iterations = 1000, initial_temperature = 3.0, cooling_rate = 0.999
26 - INFO - chord#: 68 done. best_score=35.0, changed=525, unchanged=468, early_stops=8/8
26 - INFO - chord#: 70 In build_straw_man_chord_sa. tolerance = 1, sa_iterations = 1000, initial_temperature = 3.0, cooling_rate = 0.999
26 - INFO - chord#: 84 done. best_score=27.0, changed=523, unchanged=415, early_stops=8/8
26 - INFO - chord#: 88 In build_straw_man_chord_sa. tolerance = 1, sa_iterations = 1000, initial_temperature = 3.0, cooling_rate = 0.999
26 - INFO - chord#: 68 done. best_score=35.0, changed=537, unchanged=385, early_stops=8/8
26 - INFO - chord#: 70 In build_straw_man_chord_sa. tolerance = 1, sa_iterations = 1000, initial_temperature = 3.0, cooling_rate = 0.999
26 - INFO - chord#: 80 done. best_score=27.0, changed=525, unchanged=393, early_stops=8/8
26 - INFO - chord#: 84 In build_straw_man_chord_sa. tolerance = 1, sa_iterations = 1000, initial_temperature = 3.0, cooling_rate = 0.999
26 - INFO - chord#: 84 done. best_score=27.0, changed=517, unchanged=360, early_stops=8/8
26 - INFO - chord#: 88 In build_straw_man_chord_sa. tolerance = 1, sa_iterations = 1000, initial_temperature = 3.0, cooling_rate = 0.999
26 - INFO - chord#: 64 done. best_score=27.0, changed=528, unchanged=353, early_stops=8/8
26 - INFO - chord#: 68 In build_straw_man_chord_sa. tolerance = 1, sa_iterations = 1000, initial_temperature = 3.0, cooling_rate = 0.999
26 - INFO - chord#: 72 done. best_score=27.0, changed=513, unchanged=360, early_stops=8/8
26 - INFO - chord#: 74 In build_straw_man_chord_sa. tolerance = 1, sa_iterations = 1000, initial_temperature = 3.0, cooling_rate = 0.999
26 - INFO - chord#: 68 done. best_score=35.0, changed=523, unchanged=516, early_stops=8/8
26 - INFO - chord#: 70 In build_straw_man_chord_sa. tolerance = 1, sa_iterations = 1000, initial_temperature = 3.0, cooling_rate = 0.999
26 - INFO - chord#: 84 done. best_score=27.0, changed=524, unchanged=347, early_stops=8/8
26 - INFO - chord#: 88 In build_straw_man_chord_sa. tolerance = 1, sa_iterations = 1000, initial_temperature = 3.0, cooling_rate = 0.999
26 - INFO - chord#: 64 done. best_score=27.0, changed=523, unchanged=359, early_stops=8/8
26 - INFO - chord#: 68 In build_straw_man_chord_sa. tolerance = 1, sa_iterations = 1000, initial_temperature = 3.0, cooling_rate = 0.999
26 - INFO - chord#: 70 done. best_score=36.0, changed=522, unchanged=323, early_stops=8/8
26 - INFO - chord#: 72 In build_straw_man_chord_sa. tolerance = 1, sa_iterations = 1000, initial_temperature = 3.0, cooling_rate = 0.999
26 - INFO - chord#: 84 done. best_score=27.0, changed=515, unchanged=315, early_stops=8/8
26 - INFO - chord#: 88 In build_straw_man_chord_sa. tolerance = 1, sa_iterations = 1000, initial_temperature = 3.0, cooling_rate = 0.999
26 - INFO - chord#: 70 done. best_score=36.0, changed=524, unchanged=413, early_stops=8/8
26 - INFO - chord#: 72 In build_straw_man_chord_sa. tolerance = 1, sa_iterations = 1000, initial_temperature = 3.0, cooling_rate = 0.999
26 - INFO - chord#: 68 done. best_score=35.0, changed=533, unchanged=539, early_stops=8/8
26 - INFO - chord#: 70 In build_straw_man_chord_sa. tolerance = 1, sa_iterations = 1000, initial_temperature = 3.0, cooling_rate = 0.999
26 - INFO - chord#: 70 done. best_score=36.0, changed=523, unchanged=457, early_stops=8/8
26 - INFO - chord#: 72 In build_straw_man_chord_sa. tolerance = 1, sa_iterations = 1000, initial_temperature = 3.0, cooling_rate = 0.999
26 - INFO - chord#: 88 done. best_score=82.0, changed=610, unchanged=295, early_stops=8/8
26 - INFO - chord#: 90 In build_straw_man_chord_sa. tolerance = 1, sa_iterations = 1000, initial_temperature = 3.0, cooling_rate = 0.999
26 - INFO - chord#: 72 done. best_score=27.0, changed=525, unchanged=517, early_stops=8/8
26 - INFO - chord#: 74 In build_straw_man_chord_sa. tolerance = 1, sa_iterations = 1000, initial_temperature = 3.0, cooling_rate = 0.999
26 - INFO - chord#: 68 done. best_score=35.0, changed=519, unchanged=334, early_stops=8/8
26 - INFO - chord#: 70 In build_straw_man_chord_sa. tolerance = 1, sa_iterations = 1000, initial_temperature = 3.0, cooling_rate = 0.999
26 - INFO - chord#: 74 done. best_score=82.0, changed=617, unchanged=444, early_stops=8/8
26 - INFO - chord#: 76 In build_straw_man_chord_sa. tolerance = 1, sa_iterations = 1000, initial_temperature = 3.0, cooling_rate = 0.999
26 - INFO - chord#: 88 done. best_score=82.0, changed=612, unchanged=283, early_stops=8/8
26 - INFO - chord#: 90 In build_straw_man_chord_sa. tolerance = 1, sa_iterations = 1000, initial_temperature = 3.0, cooling_rate = 0.999
26 - INFO - chord#: 72 done. best_score=27.0, changed=526, unchanged=467, early_stops=8/8
26 - INFO - chord#: 74 In build_straw_man_chord_sa. tolerance = 1, sa_iterations = 1000, initial_temperature = 3.0, cooling_rate = 0.999
26 - INFO - chord#: 70 done. best_score=36.0, changed=530, unchanged=372, early_stops=8/8
26 - INFO - chord#: 72 In build_straw_man_chord_sa. tolerance = 1, sa_iterations = 1000, initial_temperature = 3.0, cooling_rate = 0.999
26 - INFO - chord#: 88 done. best_score=124.0, changed=611, unchanged=423, early_stops=8/8
26 - INFO - chord#: 90 In build_straw_man_chord_sa. tolerance = 1, sa_iterations = 1000, initial_temperature = 3.0, cooling_rate = 0.999
26 - INFO - chord#: 90 done. best_score=27.0, changed=523, unchanged=324, early_stops=8/8
26 - INFO - chord#: 92 In build_straw_man_chord_sa. tolerance = 1, sa_iterations = 1000, initial_temperature = 3.0, cooling_rate = 0.999
26 - INFO - chord#: 74 done. best_score=127.0, changed=614, unchanged=298, early_stops=8/8
26 - INFO - chord#: 76 In build_straw_man_chord_sa. tolerance = 1, sa_iterations = 1000, initial_temperature = 3.0, cooling_rate = 0.999
26 - INFO - chord#: 72 done. best_score=27.0, changed=517, unchanged=353, early_stops=8/8
26 - INFO - chord#: 74 In build_straw_man_chord_sa. tolerance = 1, sa_iterations = 1000, initial_temperature = 3.0, cooling_rate = 0.999
26 - INFO - chord#: 88 done. best_score=82.0, changed=612, unchanged=359, early_stops=8/8
26 - INFO - chord#: 90 In build_straw_man_chord_sa. tolerance = 1, sa_iterations = 1000, initial_temperature = 3.0, cooling_rate = 0.999
26 - INFO - chord#: 88 done. best_score=82.0, changed=611, unchanged=277, early_stops=8/8
26 - INFO - chord#: 90 In build_straw_man_chord_sa. tolerance = 1, sa_iterations = 1000, initial_temperature = 3.0, cooling_rate = 0.999
26 - INFO - chord#: 70 done. best_score=36.0, changed=521, unchanged=359, early_stops=8/8
26 - INFO - chord#: 76 done. best_score=31.0, changed=515, unchanged=321, early_stops=8/8
26 - INFO - chord#: 72 In build_straw_man_chord_sa. tolerance = 1, sa_iterations = 1000, initial_temperature = 3.0, cooling_rate = 0.999
26 - INFO - chord#: 80 In build_straw_man_chord_sa. tolerance = 1, sa_iterations = 1000, initial_temperature = 3.0, cooling_rate = 0.999
26 - INFO - chord#: 90 done. best_score=27.0, changed=525, unchanged=300, early_stops=8/8
26 - INFO - chord#: 92 In build_straw_man_chord_sa. tolerance = 1, sa_iterations = 1000, initial_temperature = 3.0, cooling_rate = 0.999
26 - INFO - chord#: 90 done. best_score=61.0, changed=536, unchanged=340, early_stops=8/8
26 - INFO - chord#: 92 In build_straw_man_chord_sa. tolerance = 1, sa_iterations = 1000, initial_temperature = 3.0, cooling_rate = 0.999
26 - INFO - chord#: 92 done. best_score=27.0, changed=522, unchanged=375, early_stops=8/8
26 - INFO - chord#: 94 In build_straw_man_chord_sa. tolerance = 1, sa_iterations = 1000, initial_temperature = 3.0, cooling_rate = 0.999
26 - INFO - chord#: 76 done. best_score=49.0, changed=522, unchanged=345, early_stops=8/8
26 - INFO - chord#: 80 In build_straw_man_chord_sa. tolerance = 1, sa_iterations = 1000, initial_temperature = 3.0, cooling_rate = 0.999
26 - INFO - chord#: 72 done. best_score=27.0, changed=518, unchanged=411, early_stops=8/8
26 - INFO - chord#: 74 In build_straw_man_chord_sa. tolerance = 1, sa_iterations = 1000, initial_temperature = 3.0, cooling_rate = 0.999
26 - INFO - chord#: 90 done. best_score=27.0, changed=534, unchanged=322, early_stops=8/8
26 - INFO - chord#: 92 In build_straw_man_chord_sa. tolerance = 1, sa_iterations = 1000, initial_temperature = 3.0, cooling_rate = 0.999
26 - INFO - chord#: 90 done. best_score=27.0, changed=537, unchanged=374, early_stops=8/8
26 - INFO - chord#: 92 In build_straw_man_chord_sa. tolerance = 1, sa_iterations = 1000, initial_temperature = 3.0, cooling_rate = 0.999
26 - INFO - chord#: 92 done. best_score=57.0, changed=536, unchanged=297, early_stops=8/8
26 - INFO - chord#: 94 In build_straw_man_chord_sa. tolerance = 1, sa_iterations = 1000, initial_temperature = 3.0, cooling_rate = 0.999
26 - INFO - chord#: 92 done. best_score=27.0, changed=525, unchanged=367, early_stops=8/8
26 - INFO - chord#: 94 In build_straw_man_chord_sa. tolerance = 1, sa_iterations = 1000, initial_temperature = 3.0, cooling_rate = 0.999
26 - INFO - chord#: 74 done. best_score=82.0, changed=611, unchanged=405, early_stops=8/8
26 - INFO - chord#: 76 In build_straw_man_chord_sa. tolerance = 1, sa_iterations = 1000, initial_temperature = 3.0, cooling_rate = 0.999
26 - INFO - chord#: 72 done. best_score=27.0, changed=513, unchanged=381, early_stops=8/8
26 - INFO - chord#: 74 In build_straw_man_chord_sa. tolerance = 1, sa_iterations = 1000, initial_temperature = 3.0, cooling_rate = 0.999
26 - INFO - chord#: 80 done. best_score=27.0, changed=520, unchanged=441, early_stops=8/8
26 - INFO - chord#: 84 In build_straw_man_chord_sa. tolerance = 1, sa_iterations = 1000, initial_temperature = 3.0, cooling_rate = 0.999
26 - INFO - chord#: 92 done. best_score=27.0, changed=535, unchanged=429, early_stops=8/8
26 - INFO - chord#: 94 In build_straw_man_chord_sa. tolerance = 1, sa_iterations = 1000, initial_temperature = 3.0, cooling_rate = 0.999
26 - INFO - chord#: 92 done. best_score=27.0, changed=520, unchanged=330, early_stops=8/8
26 - INFO - chord#: 94 In build_straw_man_chord_sa. tolerance = 1, sa_iterations = 1000, initial_temperature = 3.0, cooling_rate = 0.999
26 - INFO - chord#: 76 done. best_score=31.0, changed=526, unchanged=307, early_stops=8/8
26 - INFO - chord#: 80 In build_straw_man_chord_sa. tolerance = 1, sa_iterations = 1000, initial_temperature = 3.0, cooling_rate = 0.999
26 - INFO - chord#: 80 done. best_score=27.0, changed=522, unchanged=501, early_stops=8/8
26 - INFO - chord#: 84 In build_straw_man_chord_sa. tolerance = 1, sa_iterations = 1000, initial_temperature = 3.0, cooling_rate = 0.999
26 - INFO - chord#: 74 done. best_score=82.0, changed=612, unchanged=353, early_stops=8/8
26 - INFO - chord#: 76 In build_straw_man_chord_sa. tolerance = 1, sa_iterations = 1000, initial_temperature = 3.0, cooling_rate = 0.999
26 - INFO - chord#: 74 done. best_score=120.0, changed=613, unchanged=255, early_stops=8/8
26 - INFO - chord#: 76 In build_straw_man_chord_sa. tolerance = 1, sa_iterations = 1000, initial_temperature = 3.0, cooling_rate = 0.999
26 - INFO - chord#: 84 done. best_score=27.0, changed=519, unchanged=325, early_stops=8/8
26 - INFO - chord#: 88 In build_straw_man_chord_sa. tolerance = 1, sa_iterations = 1000, initial_temperature = 3.0, cooling_rate = 0.999
26 - INFO - chord#: 94 done. best_score=119.0, changed=609, unchanged=346, early_stops=8/8
26 - INFO - chord#: 96 In build_straw_man_chord_sa. tolerance = 1, sa_iterations = 1000, initial_temperature = 3.0, cooling_rate = 0.999
26 - INFO - chord#: 80 done. best_score=27.0, changed=515, unchanged=334, early_stops=8/8
26 - INFO - chord#: 84 In build_straw_man_chord_sa. tolerance = 1, sa_iterations = 1000, initial_temperature = 3.0, cooling_rate = 0.999
26 - INFO - chord#: 94 done. best_score=119.0, changed=609, unchanged=277, early_stops=8/8
26 - INFO - chord#: 96 In build_straw_man_chord_sa. tolerance = 1, sa_iterations = 1000, initial_temperature = 3.0, cooling_rate = 0.999
26 - INFO - chord#: 74 done. best_score=82.0, changed=607, unchanged=240, early_stops=8/8
26 - INFO - chord#: 76 In build_straw_man_chord_sa. tolerance = 1, sa_iterations = 1000, initial_temperature = 3.0, cooling_rate = 0.999
26 - INFO - chord#: 76 done. best_score=31.0, changed=527, unchanged=321, early_stops=8/8
26 - INFO - chord#: 80 In build_straw_man_chord_sa. tolerance = 1, sa_iterations = 1000, initial_temperature = 3.0, cooling_rate = 0.999
26 - INFO - chord#: 84 done. best_score=27.0, changed=519, unchanged=372, early_stops=8/8
26 - INFO - chord#: 88 In build_straw_man_chord_sa. tolerance = 1, sa_iterations = 1000, initial_temperature = 3.0, cooling_rate = 0.999
26 - INFO - chord#: 76 done. best_score=31.0, changed=522, unchanged=405, early_stops=8/8
26 - INFO - chord#: 80 In build_straw_man_chord_sa. tolerance = 1, sa_iterations = 1000, initial_temperature = 3.0, cooling_rate = 0.999
26 - INFO - chord#: 74 done. best_score=179.0, changed=611, unchanged=279, early_stops=8/8
26 - INFO - chord#: 76 In build_straw_man_chord_sa. tolerance = 1, sa_iterations = 1000, initial_temperature = 3.0, cooling_rate = 0.999
26 - INFO - chord#: 84 done. best_score=27.0, changed=524, unchanged=342, early_stops=8/8
26 - INFO - chord#: 88 In build_straw_man_chord_sa. tolerance = 1, sa_iterations = 1000, initial_temperature = 3.0, cooling_rate = 0.999
26 - INFO - chord#: 94 done. best_score=67.0, changed=616, unchanged=494, early_stops=8/8
26 - INFO - chord#: 96 In build_straw_man_chord_sa. tolerance = 1, sa_iterations = 1000, initial_temperature = 3.0, cooling_rate = 0.999
26 - INFO - chord#: 94 done. best_score=119.0, changed=613, unchanged=287, early_stops=8/8
26 - INFO - chord#: 96 In build_straw_man_chord_sa. tolerance = 1, sa_iterations = 1000, initial_temperature = 3.0, cooling_rate = 0.999
26 - INFO - chord#: 94 done. best_score=67.0, changed=609, unchanged=370, early_stops=8/8
26 - INFO - chord#: 96 In build_straw_man_chord_sa. tolerance = 1, sa_iterations = 1000, initial_temperature = 3.0, cooling_rate = 0.999
26 - INFO - chord#: 76 done. best_score=31.0, changed=529, unchanged=363, early_stops=8/8
26 - INFO - chord#: 80 In build_straw_man_chord_sa. tolerance = 1, sa_iterations = 1000, initial_temperature = 3.0, cooling_rate = 0.999
26 - INFO - chord#: 80 done. best_score=27.0, changed=522, unchanged=414, early_stops=8/8
26 - INFO - chord#: 84 In build_straw_man_chord_sa. tolerance = 1, sa_iterations = 1000, initial_temperature = 3.0, cooling_rate = 0.999
26 - INFO - chord#: 80 done. best_score=27.0, changed=519, unchanged=393, early_stops=8/8
26 - INFO - chord#: 84 In build_straw_man_chord_sa. tolerance = 1, sa_iterations = 1000, initial_temperature = 3.0, cooling_rate = 0.999
26 - INFO - chord#: 76 done. best_score=54.0, changed=529, unchanged=326, early_stops=8/8
26 - INFO - chord#: 80 In build_straw_man_chord_sa. tolerance = 1, sa_iterations = 1000, initial_temperature = 3.0, cooling_rate = 0.999
26 - INFO - chord#: 96 done. best_score=75.0, changed=612, unchanged=378, early_stops=8/8
26 - INFO - chord#: 98 In build_straw_man_chord_sa. tolerance = 1, sa_iterations = 1000, initial_temperature = 3.0, cooling_rate = 0.999
26 - INFO - chord#: 88 done. best_score=82.0, changed=611, unchanged=388, early_stops=8/8
26 - INFO - chord#: 90 In build_straw_man_chord_sa. tolerance = 1, sa_iterations = 1000, initial_temperature = 3.0, cooling_rate = 0.999
26 - INFO - chord#: 80 done. best_score=27.0, changed=517, unchanged=361, early_stops=8/8
26 - INFO - chord#: 84 In build_straw_man_chord_sa. tolerance = 1, sa_iterations = 1000, initial_temperature = 3.0, cooling_rate = 0.999
26 - INFO - chord#: 84 done. best_score=27.0, changed=532, unchanged=436, early_stops=8/8
26 - INFO - chord#: 88 In build_straw_man_chord_sa. tolerance = 1, sa_iterations = 1000, initial_temperature = 3.0, cooling_rate = 0.999
26 - INFO - chord#: 98 done. best_score=36.0, changed=550, unchanged=262, early_stops=8/8
26 - INFO - chord#: 100 In build_straw_man_chord_sa. tolerance = 1, sa_iterations = 1000, initial_temperature = 3.0, cooling_rate = 0.999
26 - INFO - chord#: 90 done. best_score=27.0, changed=514, unchanged=308, early_stops=8/8
26 - INFO - chord#: 92 In build_straw_man_chord_sa. tolerance = 1, sa_iterations = 1000, initial_temperature = 3.0, cooling_rate = 0.999
26 - INFO - chord#: 96 done. best_score=105.0, changed=607, unchanged=259, early_stops=8/8
26 - INFO - chord#: 98 In build_straw_man_chord_sa. tolerance = 1, sa_iterations = 1000, initial_temperature = 3.0, cooling_rate = 0.999
26 - INFO - chord#: 96 done. best_score=70.0, changed=611, unchanged=303, early_stops=8/8
26 - INFO - chord#: 84 done. best_score=27.0, changed=521, unchanged=389, early_stops=8/8
26 - INFO - chord#: 98 In build_straw_man_chord_sa. tolerance = 1, sa_iterations = 1000, initial_temperature = 3.0, cooling_rate = 0.999
26 - INFO - chord#: 88 In build_straw_man_chord_sa. tolerance = 1, sa_iterations = 1000, initial_temperature = 3.0, cooling_rate = 0.999
26 - INFO - chord#: 96 done. best_score=70.0, changed=616, unchanged=307, early_stops=8/8
26 - INFO - chord#: 98 In build_straw_man_chord_sa. tolerance = 1, sa_iterations = 1000, initial_temperature = 3.0, cooling_rate = 0.999
26 - INFO - chord#: 96 done. best_score=105.0, changed=615, unchanged=333, early_stops=8/8
26 - INFO - chord#: 98 In build_straw_man_chord_sa. tolerance = 1, sa_iterations = 1000, initial_temperature = 3.0, cooling_rate = 0.999
26 - INFO - chord#: 88 done. best_score=124.0, changed=607, unchanged=257, early_stops=8/8
26 - INFO - chord#: 90 In build_straw_man_chord_sa. tolerance = 1, sa_iterations = 1000, initial_temperature = 3.0, cooling_rate = 0.999
26 - INFO - chord#: 88 done. best_score=82.0, changed=607, unchanged=312, early_stops=8/8
26 - INFO - chord#: 90 In build_straw_man_chord_sa. tolerance = 1, sa_iterations = 1000, initial_temperature = 3.0, cooling_rate = 0.999
26 - INFO - chord#: 80 done. best_score=27.0, changed=527, unchanged=468, early_stops=8/8
26 - INFO - chord#: 84 In build_straw_man_chord_sa. tolerance = 1, sa_iterations = 1000, initial_temperature = 3.0, cooling_rate = 0.999
26 - INFO - chord#: 100 done. best_score=58.0, changed=583, unchanged=255, early_stops=8/8
26 - INFO - chord#: 102 In build_straw_man_chord_sa. tolerance = 1, sa_iterations = 1000, initial_temperature = 3.0, cooling_rate = 0.999
26 - INFO - chord#: 84 done. best_score=27.0, changed=521, unchanged=350, early_stops=8/8
26 - INFO - chord#: 88 In build_straw_man_chord_sa. tolerance = 1, sa_iterations = 1000, initial_temperature = 3.0, cooling_rate = 0.999
26 - INFO - chord#: 92 done. best_score=27.0, changed=520, unchanged=308, early_stops=8/8
26 - INFO - chord#: 94 In build_straw_man_chord_sa. tolerance = 1, sa_iterations = 1000, initial_temperature = 3.0, cooling_rate = 0.999
26 - INFO - chord#: 98 done. best_score=36.0, changed=534, unchanged=305, early_stops=8/8
26 - INFO - chord#: 100 In build_straw_man_chord_sa. tolerance = 1, sa_iterations = 1000, initial_temperature = 3.0, cooling_rate = 0.999
26 - INFO - chord#: 98 done. best_score=27.0, changed=522, unchanged=321, early_stops=8/8
26 - INFO - chord#: 100 In build_straw_man_chord_sa. tolerance = 1, sa_iterations = 1000, initial_temperature = 3.0, cooling_rate = 0.999
26 - INFO - chord#: 98 done. best_score=36.0, changed=526, unchanged=277, early_stops=8/8
26 - INFO - chord#: 100 In build_straw_man_chord_sa. tolerance = 1, sa_iterations = 1000, initial_temperature = 3.0, cooling_rate = 0.999
26 - INFO - chord#: 98 done. best_score=27.0, changed=529, unchanged=391, early_stops=8/8
26 - INFO - chord#: 100 In build_straw_man_chord_sa. tolerance = 1, sa_iterations = 1000, initial_temperature = 3.0, cooling_rate = 0.999
26 - INFO - chord#: 90 done. best_score=61.0, changed=521, unchanged=295, early_stops=8/8
26 - INFO - chord#: 92 In build_straw_man_chord_sa. tolerance = 1, sa_iterations = 1000, initial_temperature = 3.0, cooling_rate = 0.999
26 - INFO - chord#: 90 done. best_score=27.0, changed=530, unchanged=348, early_stops=8/8
26 - INFO - chord#: 92 In build_straw_man_chord_sa. tolerance = 1, sa_iterations = 1000, initial_temperature = 3.0, cooling_rate = 0.999
26 - INFO - chord#: 84 done. best_score=27.0, changed=524, unchanged=440, early_stops=8/8
26 - INFO - chord#: 88 In build_straw_man_chord_sa. tolerance = 1, sa_iterations = 1000, initial_temperature = 3.0, cooling_rate = 0.999
26 - INFO - chord#: 102 done. best_score=58.0, changed=522, unchanged=345, early_stops=8/8
26 - INFO - chord#: 103 In build_straw_man_chord_sa. tolerance = 1, sa_iterations = 1000, initial_temperature = 3.0, cooling_rate = 0.999
26 - INFO - chord#: 100 done. best_score=31.0, changed=528, unchanged=345, early_stops=8/8
26 - INFO - chord#: 102 In build_straw_man_chord_sa. tolerance = 1, sa_iterations = 1000, initial_temperature = 3.0, cooling_rate = 0.999
26 - INFO - chord#: 100 done. best_score=31.0, changed=520, unchanged=356, early_stops=8/8
26 - INFO - chord#: 102 In build_straw_man_chord_sa. tolerance = 1, sa_iterations = 1000, initial_temperature = 3.0, cooling_rate = 0.999
26 - INFO - chord#: 100 done. best_score=31.0, changed=536, unchanged=366, early_stops=8/8
26 - INFO - chord#: 102 In build_straw_man_chord_sa. tolerance = 1, sa_iterations = 1000, initial_temperature = 3.0, cooling_rate = 0.999
26 - INFO - chord#: 92 done. best_score=27.0, changed=538, unchanged=315, early_stops=8/8
26 - INFO - chord#: 94 In build_straw_man_chord_sa. tolerance = 1, sa_iterations = 1000, initial_temperature = 3.0, cooling_rate = 0.999
26 - INFO - chord#: 100 done. best_score=31.0, changed=527, unchanged=337, early_stops=8/8
26 - INFO - chord#: 102 In build_straw_man_chord_sa. tolerance = 1, sa_iterations = 1000, initial_temperature = 3.0, cooling_rate = 0.999
26 - INFO - chord#: 92 done. best_score=27.0, changed=525, unchanged=371, early_stops=8/8
26 - INFO - chord#: 94 In build_straw_man_chord_sa. tolerance = 1, sa_iterations = 1000, initial_temperature = 3.0, cooling_rate = 0.999
26 - INFO - chord#: 102 done. best_score=27.0, changed=526, unchanged=459, early_stops=8/8
26 - INFO - chord#: 103 In build_straw_man_chord_sa. tolerance = 1, sa_iterations = 1000, initial_temperature = 3.0, cooling_rate = 0.999
26 - INFO - chord#: 88 done. best_score=82.0, changed=612, unchanged=361, early_stops=8/8
26 - INFO - chord#: 90 In build_straw_man_chord_sa. tolerance = 1, sa_iterations = 1000, initial_temperature = 3.0, cooling_rate = 0.999
26 - INFO - chord#: 102 done. best_score=27.0, changed=524, unchanged=393, early_stops=8/8
26 - INFO - chord#: 103 In build_straw_man_chord_sa. tolerance = 1, sa_iterations = 1000, initial_temperature = 3.0, cooling_rate = 0.999
26 - INFO - chord#: 102 done. best_score=27.0, changed=522, unchanged=443, early_stops=8/8
26 - INFO - chord#: 103 In build_straw_man_chord_sa. tolerance = 1, sa_iterations = 1000, initial_temperature = 3.0, cooling_rate = 0.999
26 - INFO - chord#: 88 done. best_score=82.0, changed=612, unchanged=291, early_stops=8/8
26 - INFO - chord#: 90 In build_straw_man_chord_sa. tolerance = 1, sa_iterations = 1000, initial_temperature = 3.0, cooling_rate = 0.999
26 - INFO - chord#: 94 done. best_score=78.0, changed=609, unchanged=282, early_stops=8/8
26 - INFO - chord#: 96 In build_straw_man_chord_sa. tolerance = 1, sa_iterations = 1000, initial_temperature = 3.0, cooling_rate = 0.999
26 - INFO - chord#: 102 done. best_score=27.0, changed=518, unchanged=397, early_stops=8/8
26 - INFO - chord#: 103 In build_straw_man_chord_sa. tolerance = 1, sa_iterations = 1000, initial_temperature = 3.0, cooling_rate = 0.999
26 - INFO - chord#: 103 done. best_score=160.0, changed=614, unchanged=265, early_stops=8/8
26 - INFO - chord#: 104 In build_straw_man_chord_sa. tolerance = 1, sa_iterations = 1000, initial_temperature = 3.0, cooling_rate = 0.999
26 - INFO - chord#: 88 done. best_score=82.0, changed=614, unchanged=361, early_stops=8/8
26 - INFO - chord#: 90 In build_straw_man_chord_sa. tolerance = 1, sa_iterations = 1000, initial_temperature = 3.0, cooling_rate = 0.999
26 - INFO - chord#: 90 done. best_score=27.0, changed=519, unchanged=312, early_stops=8/8
26 - INFO - chord#: 92 In build_straw_man_chord_sa. tolerance = 1, sa_iterations = 1000, initial_temperature = 3.0, cooling_rate = 0.999
26 - INFO - chord#: 94 done. best_score=78.0, changed=607, unchanged=223, early_stops=8/8
26 - INFO - chord#: 96 In build_straw_man_chord_sa. tolerance = 1, sa_iterations = 1000, initial_temperature = 3.0, cooling_rate = 0.999
26 - INFO - chord#: 90 done. best_score=27.0, changed=523, unchanged=391, early_stops=8/8
26 - INFO - chord#: 92 In build_straw_man_chord_sa. tolerance = 1, sa_iterations = 1000, initial_temperature = 3.0, cooling_rate = 0.999
26 - INFO - chord#: 104 done. best_score=27.0, changed=521, unchanged=427, early_stops=8/8
26 - INFO - chord#: 106 In build_straw_man_chord_sa. tolerance = 1, sa_iterations = 1000, initial_temperature = 3.0, cooling_rate = 0.999
26 - INFO - chord#: 88 done. best_score=82.0, changed=616, unchanged=364, early_stops=8/8
26 - INFO - chord#: 90 In build_straw_man_chord_sa. tolerance = 1, sa_iterations = 1000, initial_temperature = 3.0, cooling_rate = 0.999
26 - INFO - chord#: 90 done. best_score=27.0, changed=527, unchanged=353, early_stops=8/8
26 - INFO - chord#: 94 done. best_score=137.0, changed=609, unchanged=271, early_stops=8/8
26 - INFO - chord#: 96 In build_straw_man_chord_sa. tolerance = 1, sa_iterations = 1000, initial_temperature = 3.0, cooling_rate = 0.999
26 - INFO - chord#: 92 In build_straw_man_chord_sa. tolerance = 1, sa_iterations = 1000, initial_temperature = 3.0, cooling_rate = 0.999
26 - INFO - chord#: 96 done. best_score=105.0, changed=608, unchanged=229, early_stops=8/8
26 - INFO - chord#: 98 In build_straw_man_chord_sa. tolerance = 1, sa_iterations = 1000, initial_temperature = 3.0, cooling_rate = 0.999
26 - INFO - chord#: 92 done. best_score=27.0, changed=526, unchanged=344, early_stops=8/8
26 - INFO - chord#: 94 In build_straw_man_chord_sa. tolerance = 1, sa_iterations = 1000, initial_temperature = 3.0, cooling_rate = 0.999
26 - INFO - chord#: 103 done. best_score=96.0, changed=614, unchanged=288, early_stops=8/8
26 - INFO - chord#: 104 In build_straw_man_chord_sa. tolerance = 1, sa_iterations = 1000, initial_temperature = 3.0, cooling_rate = 0.999
26 - INFO - chord#: 92 done. best_score=27.0, changed=530, unchanged=374, early_stops=8/8
26 - INFO - chord#: 94 In build_straw_man_chord_sa. tolerance = 1, sa_iterations = 1000, initial_temperature = 3.0, cooling_rate = 0.999
26 - INFO - chord#: 106 done. best_score=37.0, changed=522, unchanged=466, early_stops=8/8
26 - INFO - chord#: 108 In build_straw_man_chord_sa. tolerance = 1, sa_iterations = 1000, initial_temperature = 3.0, cooling_rate = 0.999
26 - INFO - chord#: 98 done. best_score=36.0, changed=564, unchanged=257, early_stops=8/8
26 - INFO - chord#: 100 In build_straw_man_chord_sa. tolerance = 1, sa_iterations = 1000, initial_temperature = 3.0, cooling_rate = 0.999
26 - INFO - chord#: 103 done. best_score=67.0, changed=613, unchanged=450, early_stops=8/8
26 - INFO - chord#: 104 In build_straw_man_chord_sa. tolerance = 1, sa_iterations = 1000, initial_temperature = 3.0, cooling_rate = 0.999
26 - INFO - chord#: 90 done. best_score=27.0, changed=531, unchanged=434, early_stops=8/8
26 - INFO - chord#: 92 In build_straw_man_chord_sa. tolerance = 1, sa_iterations = 1000, initial_temperature = 3.0, cooling_rate = 0.999
26 - INFO - chord#: 92 done. best_score=27.0, changed=527, unchanged=323, early_stops=8/8
26 - INFO - chord#: 94 In build_straw_man_chord_sa. tolerance = 1, sa_iterations = 1000, initial_temperature = 3.0, cooling_rate = 0.999
26 - INFO - chord#: 104 done. best_score=27.0, changed=529, unchanged=404, early_stops=8/8
26 - INFO - chord#: 106 In build_straw_man_chord_sa. tolerance = 1, sa_iterations = 1000, initial_temperature = 3.0, cooling_rate = 0.999
26 - INFO - chord#: 96 done. best_score=104.0, changed=612, unchanged=275, early_stops=8/8
26 - INFO - chord#: 98 In build_straw_man_chord_sa. tolerance = 1, sa_iterations = 1000, initial_temperature = 3.0, cooling_rate = 0.999
26 - INFO - chord#: 103 done. best_score=67.0, changed=616, unchanged=667, early_stops=8/8
26 - INFO - chord#: 104 In build_straw_man_chord_sa. tolerance = 1, sa_iterations = 1000, initial_temperature = 3.0, cooling_rate = 0.999
26 - INFO - chord#: 103 done. best_score=67.0, changed=609, unchanged=369, early_stops=8/8
26 - INFO - chord#: 104 In build_straw_man_chord_sa. tolerance = 1, sa_iterations = 1000, initial_temperature = 3.0, cooling_rate = 0.999
26 - INFO - chord#: 100 done. best_score=31.0, changed=568, unchanged=298, early_stops=8/8
26 - INFO - chord#: 102 In build_straw_man_chord_sa. tolerance = 1, sa_iterations = 1000, initial_temperature = 3.0, cooling_rate = 0.999
26 - INFO - chord#: 92 done. best_score=27.0, changed=524, unchanged=299, early_stops=8/8
26 - INFO - chord#: 94 In build_straw_man_chord_sa. tolerance = 1, sa_iterations = 1000, initial_temperature = 3.0, cooling_rate = 0.999
26 - INFO - chord#: 108 done. best_score=27.0, changed=520, unchanged=349, early_stops=8/8
26 - INFO - chord#: 110 In build_straw_man_chord_sa. tolerance = 1, sa_iterations = 1000, initial_temperature = 3.0, cooling_rate = 0.999
26 - INFO - chord#: 98 done. best_score=27.0, changed=548, unchanged=357, early_stops=8/8
26 - INFO - chord#: 100 In build_straw_man_chord_sa. tolerance = 1, sa_iterations = 1000, initial_temperature = 3.0, cooling_rate = 0.999
26 - INFO - chord#: 104 done. best_score=27.0, changed=516, unchanged=399, early_stops=8/8
26 - INFO - chord#: 106 In build_straw_man_chord_sa. tolerance = 1, sa_iterations = 1000, initial_temperature = 3.0, cooling_rate = 0.999
26 - INFO - chord#: 106 done. best_score=37.0, changed=523, unchanged=342, early_stops=8/8
26 - INFO - chord#: 108 In build_straw_man_chord_sa. tolerance = 1, sa_iterations = 1000, initial_temperature = 3.0, cooling_rate = 0.999
26 - INFO - chord#: 94 done. best_score=119.0, changed=612, unchanged=288, early_stops=8/8
26 - INFO - chord#: 96 In build_straw_man_chord_sa. tolerance = 1, sa_iterations = 1000, initial_temperature = 3.0, cooling_rate = 0.999
26 - INFO - chord#: 94 done. best_score=78.0, changed=615, unchanged=254, early_stops=8/8
26 - INFO - chord#: 96 In build_straw_man_chord_sa. tolerance = 1, sa_iterations = 1000, initial_temperature = 3.0, cooling_rate = 0.999
26 - INFO - chord#: 102 done. best_score=27.0, changed=530, unchanged=430, early_stops=8/8
26 - INFO - chord#: 103 In build_straw_man_chord_sa. tolerance = 1, sa_iterations = 1000, initial_temperature = 3.0, cooling_rate = 0.999
26 - INFO - chord#: 96 done. best_score=104.0, changed=613, unchanged=244, early_stops=8/8
26 - INFO - chord#: 98 In build_straw_man_chord_sa. tolerance = 1, sa_iterations = 1000, initial_temperature = 3.0, cooling_rate = 0.999
26 - INFO - chord#: 104 done. best_score=27.0, changed=521, unchanged=573, early_stops=8/8
26 - INFO - chord#: 106 In build_straw_man_chord_sa. tolerance = 1, sa_iterations = 1000, initial_temperature = 3.0, cooling_rate = 0.999
26 - INFO - chord#: 104 done. best_score=27.0, changed=522, unchanged=459, early_stops=8/8
26 - INFO - chord#: 106 In build_straw_man_chord_sa. tolerance = 1, sa_iterations = 1000, initial_temperature = 3.0, cooling_rate = 0.999
26 - INFO - chord#: 100 done. best_score=31.0, changed=533, unchanged=425, early_stops=8/8
26 - INFO - chord#: 102 In build_straw_man_chord_sa. tolerance = 1, sa_iterations = 1000, initial_temperature = 3.0, cooling_rate = 0.999
26 - INFO - chord#: 108 done. best_score=27.0, changed=523, unchanged=345, early_stops=8/8
26 - INFO - chord#: 110 In build_straw_man_chord_sa. tolerance = 1, sa_iterations = 1000, initial_temperature = 3.0, cooling_rate = 0.999
26 - INFO - chord#: 98 done. best_score=27.0, changed=527, unchanged=336, early_stops=8/8
26 - INFO - chord#: 100 In build_straw_man_chord_sa. tolerance = 1, sa_iterations = 1000, initial_temperature = 3.0, cooling_rate = 0.999
26 - INFO - chord#: 106 done. best_score=37.0, changed=528, unchanged=420, early_stops=8/8
26 - INFO - chord#: 108 In build_straw_man_chord_sa. tolerance = 1, sa_iterations = 1000, initial_temperature = 3.0, cooling_rate = 0.999
26 - INFO - chord#: 94 done. best_score=78.0, changed=606, unchanged=264, early_stops=8/8
26 - INFO - chord#: 96 In build_straw_man_chord_sa. tolerance = 1, sa_iterations = 1000, initial_temperature = 3.0, cooling_rate = 0.999
26 - INFO - chord#: 102 done. best_score=27.0, changed=518, unchanged=481, early_stops=8/8
26 - INFO - chord#: 103 In build_straw_man_chord_sa. tolerance = 1, sa_iterations = 1000, initial_temperature = 3.0, cooling_rate = 0.999
26 - INFO - chord#: 94 done. best_score=142.0, changed=613, unchanged=398, early_stops=8/8
26 - INFO - chord#: 96 In build_straw_man_chord_sa. tolerance = 1, sa_iterations = 1000, initial_temperature = 3.0, cooling_rate = 0.999
26 - INFO - chord#: 106 done. best_score=37.0, changed=532, unchanged=490, early_stops=8/8
26 - INFO - chord#: 108 In build_straw_man_chord_sa. tolerance = 1, sa_iterations = 1000, initial_temperature = 3.0, cooling_rate = 0.999
26 - INFO - chord#: 106 done. best_score=37.0, changed=526, unchanged=402, early_stops=8/8
26 - INFO - chord#: 108 In build_straw_man_chord_sa. tolerance = 1, sa_iterations = 1000, initial_temperature = 3.0, cooling_rate = 0.999
26 - INFO - chord#: 100 done. best_score=31.0, changed=521, unchanged=301, early_stops=8/8
26 - INFO - chord#: 102 In build_straw_man_chord_sa. tolerance = 1, sa_iterations = 1000, initial_temperature = 3.0, cooling_rate = 0.999
26 - INFO - chord#: 96 done. best_score=75.0, changed=617, unchanged=491, early_stops=8/8
26 - INFO - chord#: 98 In build_straw_man_chord_sa. tolerance = 1, sa_iterations = 1000, initial_temperature = 3.0, cooling_rate = 0.999
26 - INFO - chord#: 108 done. best_score=27.0, changed=516, unchanged=320, early_stops=8/8
26 - INFO - chord#: 110 In build_straw_man_chord_sa. tolerance = 1, sa_iterations = 1000, initial_temperature = 3.0, cooling_rate = 0.999
26 - INFO - chord#: 103 done. best_score=67.0, changed=614, unchanged=354, early_stops=8/8
26 - INFO - chord#: 104 In build_straw_man_chord_sa. tolerance = 1, sa_iterations = 1000, initial_temperature = 3.0, cooling_rate = 0.999
26 - INFO - chord#: 96 done. best_score=75.0, changed=617, unchanged=477, early_stops=8/8
26 - INFO - chord#: 98 In build_straw_man_chord_sa. tolerance = 1, sa_iterations = 1000, initial_temperature = 3.0, cooling_rate = 0.999
26 - INFO - chord#: 110 done. best_score=121.0, changed=612, unchanged=313, early_stops=8/8
26 - INFO - chord#: 111 In build_straw_man_chord_sa. tolerance = 1, sa_iterations = 1000, initial_temperature = 3.0, cooling_rate = 0.999
26 - INFO - chord#: 108 done. best_score=27.0, changed=523, unchanged=330, early_stops=8/8
26 - INFO - chord#: 110 In build_straw_man_chord_sa. tolerance = 1, sa_iterations = 1000, initial_temperature = 3.0, cooling_rate = 0.999
26 - INFO - chord#: 108 done. best_score=27.0, changed=522, unchanged=377, early_stops=8/8
26 - INFO - chord#: 110 In build_straw_man_chord_sa. tolerance = 1, sa_iterations = 1000, initial_temperature = 3.0, cooling_rate = 0.999
26 - INFO - chord#: 98 done. best_score=36.0, changed=532, unchanged=475, early_stops=8/8
26 - INFO - chord#: 100 In build_straw_man_chord_sa. tolerance = 1, sa_iterations = 1000, initial_temperature = 3.0, cooling_rate = 0.999
26 - INFO - chord#: 102 done. best_score=27.0, changed=521, unchanged=341, early_stops=8/8
26 - INFO - chord#: 103 In build_straw_man_chord_sa. tolerance = 1, sa_iterations = 1000, initial_temperature = 3.0, cooling_rate = 0.999
26 - INFO - chord#: 98 done. best_score=36.0, changed=531, unchanged=300, early_stops=8/8
26 - INFO - chord#: 100 In build_straw_man_chord_sa. tolerance = 1, sa_iterations = 1000, initial_temperature = 3.0, cooling_rate = 0.999
26 - INFO - chord#: 104 done. best_score=27.0, changed=522, unchanged=379, early_stops=8/8
26 - INFO - chord#: 106 In build_straw_man_chord_sa. tolerance = 1, sa_iterations = 1000, initial_temperature = 3.0, cooling_rate = 0.999
26 - INFO - chord#: 103 done. best_score=96.0, changed=610, unchanged=241, early_stops=8/8
26 - INFO - chord#: 104 In build_straw_man_chord_sa. tolerance = 1, sa_iterations = 1000, initial_temperature = 3.0, cooling_rate = 0.999
26 - INFO - chord#: 110 done. best_score=99.0, changed=609, unchanged=422, early_stops=8/8
26 - INFO - chord#: 111 In build_straw_man_chord_sa. tolerance = 1, sa_iterations = 1000, initial_temperature = 3.0, cooling_rate = 0.999
26 - INFO - chord#: 111 done. best_score=36.0, changed=525, unchanged=373, early_stops=8/8
26 - INFO - chord#: 112 In build_straw_man_chord_sa. tolerance = 1, sa_iterations = 1000, initial_temperature = 3.0, cooling_rate = 0.999
26 - INFO - chord#: 96 done. best_score=112.0, changed=609, unchanged=325, early_stops=8/8
26 - INFO - chord#: 98 In build_straw_man_chord_sa. tolerance = 1, sa_iterations = 1000, initial_temperature = 3.0, cooling_rate = 0.999
26 - INFO - chord#: 96 done. best_score=75.0, changed=611, unchanged=339, early_stops=8/8
26 - INFO - chord#: 98 In build_straw_man_chord_sa. tolerance = 1, sa_iterations = 1000, initial_temperature = 3.0, cooling_rate = 0.999
26 - INFO - chord#: 100 done. best_score=31.0, changed=553, unchanged=382, early_stops=8/8
26 - INFO - chord#: 102 In build_straw_man_chord_sa. tolerance = 1, sa_iterations = 1000, initial_temperature = 3.0, cooling_rate = 0.999
26 - INFO - chord#: 100 done. best_score=31.0, changed=542, unchanged=341, early_stops=8/8
26 - INFO - chord#: 102 In build_straw_man_chord_sa. tolerance = 1, sa_iterations = 1000, initial_temperature = 3.0, cooling_rate = 0.999
26 - INFO - chord#: 106 done. best_score=37.0, changed=516, unchanged=336, early_stops=8/8
26 - INFO - chord#: 108 In build_straw_man_chord_sa. tolerance = 1, sa_iterations = 1000, initial_temperature = 3.0, cooling_rate = 0.999
26 - INFO - chord#: 111 done. best_score=36.0, changed=542, unchanged=402, early_stops=8/8
26 - INFO - chord#: 112 In build_straw_man_chord_sa. tolerance = 1, sa_iterations = 1000, initial_temperature = 3.0, cooling_rate = 0.999
26 - INFO - chord#: 98 done. best_score=61.0, changed=539, unchanged=353, early_stops=8/8
26 - INFO - chord#: 100 In build_straw_man_chord_sa. tolerance = 1, sa_iterations = 1000, initial_temperature = 3.0, cooling_rate = 0.999
26 - INFO - chord#: 104 done. best_score=27.0, changed=519, unchanged=421, early_stops=8/8
26 - INFO - chord#: 106 In build_straw_man_chord_sa. tolerance = 1, sa_iterations = 1000, initial_temperature = 3.0, cooling_rate = 0.999
26 - INFO - chord#: 98 done. best_score=36.0, changed=546, unchanged=337, early_stops=8/8
26 - INFO - chord#: 100 In build_straw_man_chord_sa. tolerance = 1, sa_iterations = 1000, initial_temperature = 3.0, cooling_rate = 0.999
26 - INFO - chord#: 110 done. best_score=121.0, changed=609, unchanged=228, early_stops=8/8
26 - INFO - chord#: 111 In build_straw_man_chord_sa. tolerance = 1, sa_iterations = 1000, initial_temperature = 3.0, cooling_rate = 0.999
26 - INFO - chord#: 102 done. best_score=27.0, changed=520, unchanged=477, early_stops=8/8
26 - INFO - chord#: 103 In build_straw_man_chord_sa. tolerance = 1, sa_iterations = 1000, initial_temperature = 3.0, cooling_rate = 0.999
26 - INFO - chord#: 112 done. best_score=27.0, changed=518, unchanged=435, early_stops=8/8
26 - INFO - chord#: 120 In build_straw_man_chord_sa. tolerance = 1, sa_iterations = 1000, initial_temperature = 3.0, cooling_rate = 0.999
26 - INFO - chord#: 102 done. best_score=27.0, changed=529, unchanged=426, early_stops=8/8
26 - INFO - chord#: 103 In build_straw_man_chord_sa. tolerance = 1, sa_iterations = 1000, initial_temperature = 3.0, cooling_rate = 0.999
26 - INFO - chord#: 108 done. best_score=27.0, changed=535, unchanged=337, early_stops=8/8
26 - INFO - chord#: 110 In build_straw_man_chord_sa. tolerance = 1, sa_iterations = 1000, initial_temperature = 3.0, cooling_rate = 0.999
26 - INFO - chord#: 100 done. best_score=59.0, changed=527, unchanged=366, early_stops=8/8
26 - INFO - chord#: 102 In build_straw_man_chord_sa. tolerance = 1, sa_iterations = 1000, initial_temperature = 3.0, cooling_rate = 0.999
26 - INFO - chord#: 112 done. best_score=27.0, changed=526, unchanged=449, early_stops=8/8
26 - INFO - chord#: 120 In build_straw_man_chord_sa. tolerance = 1, sa_iterations = 1000, initial_temperature = 3.0, cooling_rate = 0.999
26 - INFO - chord#: 106 done. best_score=37.0, changed=515, unchanged=330, early_stops=8/8
26 - INFO - chord#: 108 In build_straw_man_chord_sa. tolerance = 1, sa_iterations = 1000, initial_temperature = 3.0, cooling_rate = 0.999
26 - INFO - chord#: 103 done. best_score=157.0, changed=608, unchanged=271, early_stops=8/8
26 - INFO - chord#: 104 In build_straw_man_chord_sa. tolerance = 1, sa_iterations = 1000, initial_temperature = 3.0, cooling_rate = 0.999
26 - INFO - chord#: 100 done. best_score=31.0, changed=533, unchanged=311, early_stops=8/8
26 - INFO - chord#: 102 In build_straw_man_chord_sa. tolerance = 1, sa_iterations = 1000, initial_temperature = 3.0, cooling_rate = 0.999
26 - INFO - chord#: 110 done. best_score=162.0, changed=610, unchanged=260, early_stops=8/8
26 - INFO - chord#: 111 In build_straw_man_chord_sa. tolerance = 1, sa_iterations = 1000, initial_temperature = 3.0, cooling_rate = 0.999
26 - INFO - chord#: 110 done. best_score=121.0, changed=612, unchanged=319, early_stops=8/8
26 - INFO - chord#: 111 In build_straw_man_chord_sa. tolerance = 1, sa_iterations = 1000, initial_temperature = 3.0, cooling_rate = 0.999
26 - INFO - chord#: 111 done. best_score=36.0, changed=525, unchanged=400, early_stops=8/8
26 - INFO - chord#: 112 In build_straw_man_chord_sa. tolerance = 1, sa_iterations = 1000, initial_temperature = 3.0, cooling_rate = 0.999
26 - INFO - chord#: 102 done. best_score=57.0, changed=536, unchanged=357, early_stops=8/8
26 - INFO - chord#: 103 In build_straw_man_chord_sa. tolerance = 1, sa_iterations = 1000, initial_temperature = 3.0, cooling_rate = 0.999
26 - INFO - chord#: 120 done. best_score=27.0, changed=524, unchanged=378, early_stops=8/8
26 - INFO - chord#: 124 In build_straw_man_chord_sa. tolerance = 1, sa_iterations = 1000, initial_temperature = 3.0, cooling_rate = 0.999
26 - INFO - chord#: 108 done. best_score=27.0, changed=514, unchanged=321, early_stops=8/8
26 - INFO - chord#: 110 In build_straw_man_chord_sa. tolerance = 1, sa_iterations = 1000, initial_temperature = 3.0, cooling_rate = 0.999
26 - INFO - chord#: 120 done. best_score=27.0, changed=525, unchanged=462, early_stops=8/8
26 - INFO - chord#: 124 In build_straw_man_chord_sa. tolerance = 1, sa_iterations = 1000, initial_temperature = 3.0, cooling_rate = 0.999
26 - INFO - chord#: 111 done. best_score=36.0, changed=520, unchanged=297, early_stops=8/8
26 - INFO - chord#: 112 In build_straw_man_chord_sa. tolerance = 1, sa_iterations = 1000, initial_temperature = 3.0, cooling_rate = 0.999
26 - INFO - chord#: 102 done. best_score=27.0, changed=511, unchanged=352, early_stops=8/8
26 - INFO - chord#: 103 In build_straw_man_chord_sa. tolerance = 1, sa_iterations = 1000, initial_temperature = 3.0, cooling_rate = 0.999
26 - INFO - chord#: 103 done. best_score=67.0, changed=611, unchanged=226, early_stops=8/8
26 - INFO - chord#: 104 In build_straw_man_chord_sa. tolerance = 1, sa_iterations = 1000, initial_temperature = 3.0, cooling_rate = 0.999
26 - INFO - chord#: 104 done. best_score=27.0, changed=523, unchanged=598, early_stops=8/8
26 - INFO - chord#: 106 In build_straw_man_chord_sa. tolerance = 1, sa_iterations = 1000, initial_temperature = 3.0, cooling_rate = 0.999
26 - INFO - chord#: 111 done. best_score=36.0, changed=527, unchanged=398, early_stops=8/8
26 - INFO - chord#: 112 In build_straw_man_chord_sa. tolerance = 1, sa_iterations = 1000, initial_temperature = 3.0, cooling_rate = 0.999
26 - INFO - chord#: 112 done. best_score=27.0, changed=523, unchanged=554, early_stops=8/8
26 - INFO - chord#: 120 In build_straw_man_chord_sa. tolerance = 1, sa_iterations = 1000, initial_temperature = 3.0, cooling_rate = 0.999
26 - INFO - chord#: 124 done. best_score=27.0, changed=522, unchanged=318, early_stops=8/8
26 - INFO - chord#: 126 In build_straw_man_chord_sa. tolerance = 1, sa_iterations = 1000, initial_temperature = 3.0, cooling_rate = 0.999
26 - INFO - chord#: 124 done. best_score=27.0, changed=527, unchanged=352, early_stops=8/8
26 - INFO - chord#: 126 In build_straw_man_chord_sa. tolerance = 1, sa_iterations = 1000, initial_temperature = 3.0, cooling_rate = 0.999
26 - INFO - chord#: 103 done. best_score=67.0, changed=619, unchanged=394, early_stops=8/8
26 - INFO - chord#: 104 In build_straw_man_chord_sa. tolerance = 1, sa_iterations = 1000, initial_temperature = 3.0, cooling_rate = 0.999
26 - INFO - chord#: 110 done. best_score=121.0, changed=615, unchanged=343, early_stops=8/8
26 - INFO - chord#: 111 In build_straw_man_chord_sa. tolerance = 1, sa_iterations = 1000, initial_temperature = 3.0, cooling_rate = 0.999
26 - INFO - chord#: 103 done. best_score=140.0, changed=610, unchanged=243, early_stops=8/8
26 - INFO - chord#: 104 In build_straw_man_chord_sa. tolerance = 1, sa_iterations = 1000, initial_temperature = 3.0, cooling_rate = 0.999
26 - INFO - chord#: 106 done. best_score=37.0, changed=517, unchanged=440, early_stops=8/8
26 - INFO - chord#: 108 In build_straw_man_chord_sa. tolerance = 1, sa_iterations = 1000, initial_temperature = 3.0, cooling_rate = 0.999
26 - INFO - chord#: 126 done. best_score=27.0, changed=536, unchanged=373, early_stops=8/8
26 - INFO - chord#: 128 In build_straw_man_chord_sa. tolerance = 1, sa_iterations = 1000, initial_temperature = 3.0, cooling_rate = 0.999
26 - INFO - chord#: 104 done. best_score=27.0, changed=524, unchanged=568, early_stops=8/8
26 - INFO - chord#: 106 In build_straw_man_chord_sa. tolerance = 1, sa_iterations = 1000, initial_temperature = 3.0, cooling_rate = 0.999
26 - INFO - chord#: 120 done. best_score=27.0, changed=515, unchanged=325, early_stops=8/8
26 - INFO - chord#: 124 In build_straw_man_chord_sa. tolerance = 1, sa_iterations = 1000, initial_temperature = 3.0, cooling_rate = 0.999
26 - INFO - chord#: 126 done. best_score=27.0, changed=522, unchanged=403, early_stops=8/8
26 - INFO - chord#: 128 In build_straw_man_chord_sa. tolerance = 1, sa_iterations = 1000, initial_temperature = 3.0, cooling_rate = 0.999
26 - INFO - chord#: 104 done. best_score=27.0, changed=513, unchanged=392, early_stops=8/8
26 - INFO - chord#: 106 In build_straw_man_chord_sa. tolerance = 1, sa_iterations = 1000, initial_temperature = 3.0, cooling_rate = 0.999
26 - INFO - chord#: 112 done. best_score=27.0, changed=537, unchanged=599, early_stops=8/8
26 - INFO - chord#: 120 In build_straw_man_chord_sa. tolerance = 1, sa_iterations = 1000, initial_temperature = 3.0, cooling_rate = 0.999
26 - INFO - chord#: 111 done. best_score=36.0, changed=531, unchanged=335, early_stops=8/8
26 - INFO - chord#: 112 In build_straw_man_chord_sa. tolerance = 1, sa_iterations = 1000, initial_temperature = 3.0, cooling_rate = 0.999
26 - INFO - chord#: 112 done. best_score=27.0, changed=529, unchanged=657, early_stops=8/8
26 - INFO - chord#: 120 In build_straw_man_chord_sa. tolerance = 1, sa_iterations = 1000, initial_temperature = 3.0, cooling_rate = 0.999
26 - INFO - chord#: 110 done. best_score=99.0, changed=607, unchanged=219, early_stops=8/8
26 - INFO - chord#: 111 In build_straw_man_chord_sa. tolerance = 1, sa_iterations = 1000, initial_temperature = 3.0, cooling_rate = 0.999
26 - INFO - chord#: 104 done. best_score=27.0, changed=526, unchanged=456, early_stops=8/8
26 - INFO - chord#: 106 In build_straw_man_chord_sa. tolerance = 1, sa_iterations = 1000, initial_temperature = 3.0, cooling_rate = 0.999
26 - INFO - chord#: 128 done. best_score=27.0, changed=528, unchanged=372, early_stops=8/8
26 - INFO - chord#: 132 In build_straw_man_chord_sa. tolerance = 1, sa_iterations = 1000, initial_temperature = 3.0, cooling_rate = 0.999
26 - INFO - chord#: 108 done. best_score=27.0, changed=521, unchanged=387, early_stops=8/8
26 - INFO - chord#: 110 In build_straw_man_chord_sa. tolerance = 1, sa_iterations = 1000, initial_temperature = 3.0, cooling_rate = 0.999
26 - INFO - chord#: 106 done. best_score=35.0, changed=527, unchanged=380, early_stops=8/8
26 - INFO - chord#: 108 In build_straw_man_chord_sa. tolerance = 1, sa_iterations = 1000, initial_temperature = 3.0, cooling_rate = 0.999
26 - INFO - chord#: 106 done. best_score=35.0, changed=517, unchanged=337, early_stops=8/8
26 - INFO - chord#: 108 In build_straw_man_chord_sa. tolerance = 1, sa_iterations = 1000, initial_temperature = 3.0, cooling_rate = 0.999
26 - INFO - chord#: 103 done. best_score=67.0, changed=612, unchanged=244, early_stops=8/8
26 - INFO - chord#: 104 In build_straw_man_chord_sa. tolerance = 1, sa_iterations = 1000, initial_temperature = 3.0, cooling_rate = 0.999
26 - INFO - chord#: 120 done. best_score=27.0, changed=523, unchanged=343, early_stops=8/8
26 - INFO - chord#: 124 In build_straw_man_chord_sa. tolerance = 1, sa_iterations = 1000, initial_temperature = 3.0, cooling_rate = 0.999
26 - INFO - chord#: 112 done. best_score=27.0, changed=516, unchanged=330, early_stops=8/8
26 - INFO - chord#: 120 In build_straw_man_chord_sa. tolerance = 1, sa_iterations = 1000, initial_temperature = 3.0, cooling_rate = 0.999
26 - INFO - chord#: 128 done. best_score=27.0, changed=519, unchanged=373, early_stops=8/8
26 - INFO - chord#: 132 In build_straw_man_chord_sa. tolerance = 1, sa_iterations = 1000, initial_temperature = 3.0, cooling_rate = 0.999
26 - INFO - chord#: 124 done. best_score=27.0, changed=524, unchanged=443, early_stops=8/8
26 - INFO - chord#: 126 In build_straw_man_chord_sa. tolerance = 1, sa_iterations = 1000, initial_temperature = 3.0, cooling_rate = 0.999
26 - INFO - chord#: 106 done. best_score=37.0, changed=509, unchanged=306, early_stops=8/8
26 - INFO - chord#: 108 In build_straw_man_chord_sa. tolerance = 1, sa_iterations = 1000, initial_temperature = 3.0, cooling_rate = 0.999
26 - INFO - chord#: 132 done. best_score=31.0, changed=530, unchanged=386, early_stops=8/8
26 - INFO - chord#: 134 In build_straw_man_chord_sa. tolerance = 1, sa_iterations = 1000, initial_temperature = 3.0, cooling_rate = 0.999
26 - INFO - chord#: 120 done. best_score=27.0, changed=528, unchanged=426, early_stops=8/8
26 - INFO - chord#: 124 In build_straw_man_chord_sa. tolerance = 1, sa_iterations = 1000, initial_temperature = 3.0, cooling_rate = 0.999
26 - INFO - chord#: 111 done. best_score=36.0, changed=523, unchanged=393, early_stops=8/8
26 - INFO - chord#: 112 In build_straw_man_chord_sa. tolerance = 1, sa_iterations = 1000, initial_temperature = 3.0, cooling_rate = 0.999
26 - INFO - chord#: 108 done. best_score=27.0, changed=526, unchanged=394, early_stops=8/8
26 - INFO - chord#: 110 In build_straw_man_chord_sa. tolerance = 1, sa_iterations = 1000, initial_temperature = 3.0, cooling_rate = 0.999
26 - INFO - chord#: 108 done. best_score=27.0, changed=526, unchanged=521, early_stops=8/8
26 - INFO - chord#: 110 In build_straw_man_chord_sa. tolerance = 1, sa_iterations = 1000, initial_temperature = 3.0, cooling_rate = 0.999
26 - INFO - chord#: 120 done. best_score=27.0, changed=521, unchanged=333, early_stops=8/8
26 - INFO - chord#: 124 In build_straw_man_chord_sa. tolerance = 1, sa_iterations = 1000, initial_temperature = 3.0, cooling_rate = 0.999
26 - INFO - chord#: 124 done. best_score=27.0, changed=517, unchanged=330, early_stops=8/8
26 - INFO - chord#: 126 In build_straw_man_chord_sa. tolerance = 1, sa_iterations = 1000, initial_temperature = 3.0, cooling_rate = 0.999
26 - INFO - chord#: 132 done. best_score=31.0, changed=512, unchanged=296, early_stops=8/8
26 - INFO - chord#: 134 In build_straw_man_chord_sa. tolerance = 1, sa_iterations = 1000, initial_temperature = 3.0, cooling_rate = 0.999
26 - INFO - chord#: 126 done. best_score=27.0, changed=529, unchanged=376, early_stops=8/8
26 - INFO - chord#: 128 In build_straw_man_chord_sa. tolerance = 1, sa_iterations = 1000, initial_temperature = 3.0, cooling_rate = 0.999
26 - INFO - chord#: 104 done. best_score=27.0, changed=518, unchanged=445, early_stops=8/8
26 - INFO - chord#: 106 In build_straw_man_chord_sa. tolerance = 1, sa_iterations = 1000, initial_temperature = 3.0, cooling_rate = 0.999
26 - INFO - chord#: 134 done. best_score=27.0, changed=519, unchanged=408, early_stops=8/8
26 - INFO - chord#: 135 In build_straw_man_chord_sa. tolerance = 1, sa_iterations = 1000, initial_temperature = 3.0, cooling_rate = 0.999
26 - INFO - chord#: 108 done. best_score=27.0, changed=528, unchanged=404, early_stops=8/8
26 - INFO - chord#: 110 In build_straw_man_chord_sa. tolerance = 1, sa_iterations = 1000, initial_temperature = 3.0, cooling_rate = 0.999
26 - INFO - chord#: 124 done. best_score=27.0, changed=530, unchanged=434, early_stops=8/8
26 - INFO - chord#: 126 In build_straw_man_chord_sa. tolerance = 1, sa_iterations = 1000, initial_temperature = 3.0, cooling_rate = 0.999
26 - INFO - chord#: 112 done. best_score=27.0, changed=519, unchanged=431, early_stops=8/8
26 - INFO - chord#: 120 In build_straw_man_chord_sa. tolerance = 1, sa_iterations = 1000, initial_temperature = 3.0, cooling_rate = 0.999
26 - INFO - chord#: 124 done. best_score=27.0, changed=520, unchanged=341, early_stops=8/8
26 - INFO - chord#: 126 In build_straw_man_chord_sa. tolerance = 1, sa_iterations = 1000, initial_temperature = 3.0, cooling_rate = 0.999
26 - INFO - chord#: 134 done. best_score=27.0, changed=514, unchanged=323, early_stops=8/8
26 - INFO - chord#: 135 In build_straw_man_chord_sa. tolerance = 1, sa_iterations = 1000, initial_temperature = 3.0, cooling_rate = 0.999
26 - INFO - chord#: 110 done. best_score=130.0, changed=612, unchanged=319, early_stops=8/8
26 - INFO - chord#: 111 In build_straw_man_chord_sa. tolerance = 1, sa_iterations = 1000, initial_temperature = 3.0, cooling_rate = 0.999
26 - INFO - chord#: 126 done. best_score=27.0, changed=533, unchanged=387, early_stops=8/8
26 - INFO - chord#: 128 In build_straw_man_chord_sa. tolerance = 1, sa_iterations = 1000, initial_temperature = 3.0, cooling_rate = 0.999
26 - INFO - chord#: 128 done. best_score=27.0, changed=530, unchanged=341, early_stops=8/8
26 - INFO - chord#: 132 In build_straw_man_chord_sa. tolerance = 1, sa_iterations = 1000, initial_temperature = 3.0, cooling_rate = 0.999
26 - INFO - chord#: 106 done. best_score=37.0, changed=521, unchanged=363, early_stops=8/8
26 - INFO - chord#: 108 In build_straw_man_chord_sa. tolerance = 1, sa_iterations = 1000, initial_temperature = 3.0, cooling_rate = 0.999
26 - INFO - chord#: 126 done. best_score=27.0, changed=547, unchanged=409, early_stops=8/8
26 - INFO - chord#: 128 In build_straw_man_chord_sa. tolerance = 1, sa_iterations = 1000, initial_temperature = 3.0, cooling_rate = 0.999
26 - INFO - chord#: 126 done. best_score=27.0, changed=532, unchanged=380, early_stops=8/8
26 - INFO - chord#: 128 In build_straw_man_chord_sa. tolerance = 1, sa_iterations = 1000, initial_temperature = 3.0, cooling_rate = 0.999
26 - INFO - chord#: 120 done. best_score=27.0, changed=526, unchanged=535, early_stops=8/8
26 - INFO - chord#: 124 In build_straw_man_chord_sa. tolerance = 1, sa_iterations = 1000, initial_temperature = 3.0, cooling_rate = 0.999
26 - INFO - chord#: 111 done. best_score=75.0, changed=536, unchanged=318, early_stops=8/8
26 - INFO - chord#: 112 In build_straw_man_chord_sa. tolerance = 1, sa_iterations = 1000, initial_temperature = 3.0, cooling_rate = 0.999
26 - INFO - chord#: 132 done. best_score=31.0, changed=524, unchanged=325, early_stops=8/8
26 - INFO - chord#: 134 In build_straw_man_chord_sa. tolerance = 1, sa_iterations = 1000, initial_temperature = 3.0, cooling_rate = 0.999
26 - INFO - chord#: 110 done. best_score=103.0, changed=611, unchanged=286, early_stops=8/8
26 - INFO - chord#: 111 In build_straw_man_chord_sa. tolerance = 1, sa_iterations = 1000, initial_temperature = 3.0, cooling_rate = 0.999
26 - INFO - chord#: 135 done. best_score=167.0, changed=614, unchanged=214, early_stops=8/8
26 - INFO - chord#: 136 In build_straw_man_chord_sa. tolerance = 1, sa_iterations = 1000, initial_temperature = 3.0, cooling_rate = 0.999
26 - INFO - chord#: 128 done. best_score=27.0, changed=525, unchanged=325, early_stops=8/8
26 - INFO - chord#: 132 In build_straw_man_chord_sa. tolerance = 1, sa_iterations = 1000, initial_temperature = 3.0, cooling_rate = 0.999
26 - INFO - chord#: 110 done. best_score=121.0, changed=614, unchanged=401, early_stops=8/8
26 - INFO - chord#: 111 In build_straw_man_chord_sa. tolerance = 1, sa_iterations = 1000, initial_temperature = 3.0, cooling_rate = 0.999
26 - INFO - chord#: 128 done. best_score=27.0, changed=522, unchanged=416, early_stops=8/8
26 - INFO - chord#: 132 In build_straw_man_chord_sa. tolerance = 1, sa_iterations = 1000, initial_temperature = 3.0, cooling_rate = 0.999
26 - INFO - chord#: 110 done. best_score=99.0, changed=609, unchanged=250, early_stops=8/8
26 - INFO - chord#: 111 In build_straw_man_chord_sa. tolerance = 1, sa_iterations = 1000, initial_temperature = 3.0, cooling_rate = 0.999
26 - INFO - chord#: 108 done. best_score=27.0, changed=521, unchanged=364, early_stops=8/8
26 - INFO - chord#: 110 In build_straw_man_chord_sa. tolerance = 1, sa_iterations = 1000, initial_temperature = 3.0, cooling_rate = 0.999
26 - INFO - chord#: 128 done. best_score=27.0, changed=530, unchanged=371, early_stops=8/8
26 - INFO - chord#: 132 In build_straw_man_chord_sa. tolerance = 1, sa_iterations = 1000, initial_temperature = 3.0, cooling_rate = 0.999
26 - INFO - chord#: 112 done. best_score=27.0, changed=516, unchanged=420, early_stops=8/8
26 - INFO - chord#: 120 In build_straw_man_chord_sa. tolerance = 1, sa_iterations = 1000, initial_temperature = 3.0, cooling_rate = 0.999
26 - INFO - chord#: 124 done. best_score=27.0, changed=526, unchanged=373, early_stops=8/8
26 - INFO - chord#: 126 In build_straw_man_chord_sa. tolerance = 1, sa_iterations = 1000, initial_temperature = 3.0, cooling_rate = 0.999
26 - INFO - chord#: 136 done. best_score=27.0, changed=527, unchanged=364, early_stops=8/8
26 - INFO - chord#: 111 done. best_score=36.0, changed=529, unchanged=428, early_stops=8/8
26 - INFO - chord#: 112 In build_straw_man_chord_sa. tolerance = 1, sa_iterations = 1000, initial_temperature = 3.0, cooling_rate = 0.999
26 - INFO - chord#: 134 done. best_score=27.0, changed=519, unchanged=366, early_stops=8/8
26 - INFO - chord#: 135 In build_straw_man_chord_sa. tolerance = 1, sa_iterations = 1000, initial_temperature = 3.0, cooling_rate = 0.999
26 - INFO - chord#: 132 done. best_score=31.0, changed=527, unchanged=371, early_stops=8/8
26 - INFO - chord#: 134 In build_straw_man_chord_sa. tolerance = 1, sa_iterations = 1000, initial_temperature = 3.0, cooling_rate = 0.999
26 - INFO - chord#: 111 done. best_score=36.0, changed=533, unchanged=399, early_stops=8/8
26 - INFO - chord#: 112 In build_straw_man_chord_sa. tolerance = 1, sa_iterations = 1000, initial_temperature = 3.0, cooling_rate = 0.999
26 - INFO - chord#: 132 done. best_score=31.0, changed=526, unchanged=342, early_stops=8/8
26 - INFO - chord#: 134 In build_straw_man_chord_sa. tolerance = 1, sa_iterations = 1000, initial_temperature = 3.0, cooling_rate = 0.999
26 - INFO - chord#: 135 done. best_score=96.0, changed=608, unchanged=214, early_stops=8/8
26 - INFO - chord#: 136 In build_straw_man_chord_sa. tolerance = 1, sa_iterations = 1000, initial_temperature = 3.0, cooling_rate = 0.999
26 - INFO - chord#: 111 done. best_score=36.0, changed=519, unchanged=367, early_stops=8/8
26 - INFO - chord#: 112 In build_straw_man_chord_sa. tolerance = 1, sa_iterations = 1000, initial_temperature = 3.0, cooling_rate = 0.999
26 - INFO - chord#: 126 done. best_score=27.0, changed=519, unchanged=361, early_stops=8/8
26 - INFO - chord#: 128 In build_straw_man_chord_sa. tolerance = 1, sa_iterations = 1000, initial_temperature = 3.0, cooling_rate = 0.999
26 - INFO - chord#: 120 done. best_score=27.0, changed=530, unchanged=410, early_stops=8/8
26 - INFO - chord#: 124 In build_straw_man_chord_sa. tolerance = 1, sa_iterations = 1000, initial_temperature = 3.0, cooling_rate = 0.999
26 - INFO - chord#: 132 done. best_score=31.0, changed=531, unchanged=432, early_stops=8/8
26 - INFO - chord#: 134 In build_straw_man_chord_sa. tolerance = 1, sa_iterations = 1000, initial_temperature = 3.0, cooling_rate = 0.999
26 - INFO - chord#: 112 done. best_score=27.0, changed=520, unchanged=483, early_stops=8/8
26 - INFO - chord#: 120 In build_straw_man_chord_sa. tolerance = 1, sa_iterations = 1000, initial_temperature = 3.0, cooling_rate = 0.999
26 - INFO - chord#: 134 done. best_score=27.0, changed=524, unchanged=403, early_stops=8/8
26 - INFO - chord#: 135 In build_straw_man_chord_sa. tolerance = 1, sa_iterations = 1000, initial_temperature = 3.0, cooling_rate = 0.999
26 - INFO - chord#: 136 done. best_score=27.0, changed=524, unchanged=324, early_stops=8/8
26 - INFO - chord#: 112 done. best_score=27.0, changed=519, unchanged=432, early_stops=8/8
26 - INFO - chord#: 120 In build_straw_man_chord_sa. tolerance = 1, sa_iterations = 1000, initial_temperature = 3.0, cooling_rate = 0.999
26 - INFO - chord#: 112 done. best_score=27.0, changed=523, unchanged=487, early_stops=8/8
26 - INFO - chord#: 120 In build_straw_man_chord_sa. tolerance = 1, sa_iterations = 1000, initial_temperature = 3.0, cooling_rate = 0.999
26 - INFO - chord#: 134 done. best_score=27.0, changed=522, unchanged=485, early_stops=8/8
26 - INFO - chord#: 135 In build_straw_man_chord_sa. tolerance = 1, sa_iterations = 1000, initial_temperature = 3.0, cooling_rate = 0.999
26 - INFO - chord#: 128 done. best_score=27.0, changed=528, unchanged=408, early_stops=8/8
26 - INFO - chord#: 132 In build_straw_man_chord_sa. tolerance = 1, sa_iterations = 1000, initial_temperature = 3.0, cooling_rate = 0.999
26 - INFO - chord#: 124 done. best_score=27.0, changed=532, unchanged=537, early_stops=8/8
26 - INFO - chord#: 126 In build_straw_man_chord_sa. tolerance = 1, sa_iterations = 1000, initial_temperature = 3.0, cooling_rate = 0.999
26 - INFO - chord#: 120 done. best_score=27.0, changed=516, unchanged=375, early_stops=8/8
26 - INFO - chord#: 124 In build_straw_man_chord_sa. tolerance = 1, sa_iterations = 1000, initial_temperature = 3.0, cooling_rate = 0.999
26 - INFO - chord#: 134 done. best_score=27.0, changed=515, unchanged=309, early_stops=8/8
26 - INFO - chord#: 135 In build_straw_man_chord_sa. tolerance = 1, sa_iterations = 1000, initial_temperature = 3.0, cooling_rate = 0.999
26 - INFO - chord#: 120 done. best_score=27.0, changed=519, unchanged=372, early_stops=8/8
26 - INFO - chord#: 124 In build_straw_man_chord_sa. tolerance = 1, sa_iterations = 1000, initial_temperature = 3.0, cooling_rate = 0.999
26 - INFO - chord#: 120 done. best_score=27.0, changed=523, unchanged=376, early_stops=8/8
26 - INFO - chord#: 124 In build_straw_man_chord_sa. tolerance = 1, sa_iterations = 1000, initial_temperature = 3.0, cooling_rate = 0.999
26 - INFO - chord#: 132 done. best_score=31.0, changed=525, unchanged=354, early_stops=8/8
26 - INFO - chord#: 134 In build_straw_man_chord_sa. tolerance = 1, sa_iterations = 1000, initial_temperature = 3.0, cooling_rate = 0.999
26 - INFO - chord#: 110 done. best_score=103.0, changed=609, unchanged=300, early_stops=8/8
26 - INFO - chord#: 111 In build_straw_man_chord_sa. tolerance = 1, sa_iterations = 1000, initial_temperature = 3.0, cooling_rate = 0.999
26 - INFO - chord#: 126 done. best_score=27.0, changed=529, unchanged=285, early_stops=8/8
26 - INFO - chord#: 128 In build_straw_man_chord_sa. tolerance = 1, sa_iterations = 1000, initial_temperature = 3.0, cooling_rate = 0.999
26 - INFO - chord#: 135 done. best_score=96.0, changed=610, unchanged=324, early_stops=8/8
26 - INFO - chord#: 136 In build_straw_man_chord_sa. tolerance = 1, sa_iterations = 1000, initial_temperature = 3.0, cooling_rate = 0.999
26 - INFO - chord#: 124 done. best_score=27.0, changed=523, unchanged=411, early_stops=8/8
26 - INFO - chord#: 126 In build_straw_man_chord_sa. tolerance = 1, sa_iterations = 1000, initial_temperature = 3.0, cooling_rate = 0.999
26 - INFO - chord#: 124 done. best_score=27.0, changed=528, unchanged=409, early_stops=8/8
26 - INFO - chord#: 126 In build_straw_man_chord_sa. tolerance = 1, sa_iterations = 1000, initial_temperature = 3.0, cooling_rate = 0.999
26 - INFO - chord#: 124 done. best_score=27.0, changed=522, unchanged=366, early_stops=8/8
26 - INFO - chord#: 126 In build_straw_man_chord_sa. tolerance = 1, sa_iterations = 1000, initial_temperature = 3.0, cooling_rate = 0.999
26 - INFO - chord#: 128 done. best_score=27.0, changed=520, unchanged=349, early_stops=8/8
26 - INFO - chord#: 132 In build_straw_man_chord_sa. tolerance = 1, sa_iterations = 1000, initial_temperature = 3.0, cooling_rate = 0.999
26 - INFO - chord#: 135 done. best_score=67.0, changed=610, unchanged=357, early_stops=8/8
26 - INFO - chord#: 136 In build_straw_man_chord_sa. tolerance = 1, sa_iterations = 1000, initial_temperature = 3.0, cooling_rate = 0.999
26 - INFO - chord#: 134 done. best_score=27.0, changed=520, unchanged=457, early_stops=8/8
26 - INFO - chord#: 135 In build_straw_man_chord_sa. tolerance = 1, sa_iterations = 1000, initial_temperature = 3.0, cooling_rate = 0.999
26 - INFO - chord#: 111 done. best_score=36.0, changed=521, unchanged=334, early_stops=8/8
26 - INFO - chord#: 112 In build_straw_man_chord_sa. tolerance = 1, sa_iterations = 1000, initial_temperature = 3.0, cooling_rate = 0.999
26 - INFO - chord#: 126 done. best_score=27.0, changed=531, unchanged=309, early_stops=8/8
26 - INFO - chord#: 128 In build_straw_man_chord_sa. tolerance = 1, sa_iterations = 1000, initial_temperature = 3.0, cooling_rate = 0.999
26 - INFO - chord#: 126 done. best_score=27.0, changed=518, unchanged=413, early_stops=8/8
26 - INFO - chord#: 128 In build_straw_man_chord_sa. tolerance = 1, sa_iterations = 1000, initial_temperature = 3.0, cooling_rate = 0.999
26 - INFO - chord#: 135 done. best_score=145.0, changed=612, unchanged=329, early_stops=8/8
26 - INFO - chord#: 136 In build_straw_man_chord_sa. tolerance = 1, sa_iterations = 1000, initial_temperature = 3.0, cooling_rate = 0.999
26 - INFO - chord#: 126 done. best_score=27.0, changed=535, unchanged=428, early_stops=8/8
26 - INFO - chord#: 128 In build_straw_man_chord_sa. tolerance = 1, sa_iterations = 1000, initial_temperature = 3.0, cooling_rate = 0.999
26 - INFO - chord#: 136 done. best_score=27.0, changed=533, unchanged=494, early_stops=8/8
26 - INFO - chord#: 136 done. best_score=27.0, changed=516, unchanged=304, early_stops=8/8
26 - INFO - chord#: 132 done. best_score=31.0, changed=531, unchanged=503, early_stops=8/8
26 - INFO - chord#: 134 In build_straw_man_chord_sa. tolerance = 1, sa_iterations = 1000, initial_temperature = 3.0, cooling_rate = 0.999
26 - INFO - chord#: 128 done. best_score=27.0, changed=524, unchanged=445, early_stops=8/8
26 - INFO - chord#: 132 In build_straw_man_chord_sa. tolerance = 1, sa_iterations = 1000, initial_temperature = 3.0, cooling_rate = 0.999
26 - INFO - chord#: 135 done. best_score=137.0, changed=613, unchanged=351, early_stops=8/8
26 - INFO - chord#: 136 In build_straw_man_chord_sa. tolerance = 1, sa_iterations = 1000, initial_temperature = 3.0, cooling_rate = 0.999
26 - INFO - chord#: 128 done. best_score=27.0, changed=524, unchanged=387, early_stops=8/8
26 - INFO - chord#: 132 In build_straw_man_chord_sa. tolerance = 1, sa_iterations = 1000, initial_temperature = 3.0, cooling_rate = 0.999
26 - INFO - chord#: 112 done. best_score=27.0, changed=523, unchanged=403, early_stops=8/8
26 - INFO - chord#: 120 In build_straw_man_chord_sa. tolerance = 1, sa_iterations = 1000, initial_temperature = 3.0, cooling_rate = 0.999
26 - INFO - chord#: 128 done. best_score=27.0, changed=520, unchanged=361, early_stops=8/8
26 - INFO - chord#: 132 In build_straw_man_chord_sa. tolerance = 1, sa_iterations = 1000, initial_temperature = 3.0, cooling_rate = 0.999
26 - INFO - chord#: 136 done. best_score=27.0, changed=521, unchanged=387, early_stops=8/8
26 - INFO - chord#: 134 done. best_score=27.0, changed=521, unchanged=480, early_stops=8/8
26 - INFO - chord#: 135 In build_straw_man_chord_sa. tolerance = 1, sa_iterations = 1000, initial_temperature = 3.0, cooling_rate = 0.999
26 - INFO - chord#: 132 done. best_score=31.0, changed=518, unchanged=339, early_stops=8/8
26 - INFO - chord#: 134 In build_straw_man_chord_sa. tolerance = 1, sa_iterations = 1000, initial_temperature = 3.0, cooling_rate = 0.999
26 - INFO - chord#: 132 done. best_score=31.0, changed=525, unchanged=366, early_stops=8/8
26 - INFO - chord#: 134 In build_straw_man_chord_sa. tolerance = 1, sa_iterations = 1000, initial_temperature = 3.0, cooling_rate = 0.999
26 - INFO - chord#: 136 done. best_score=27.0, changed=516, unchanged=319, early_stops=8/8
26 - INFO - chord#: 135 done. best_score=67.0, changed=615, unchanged=344, early_stops=8/8
26 - INFO - chord#: 136 In build_straw_man_chord_sa. tolerance = 1, sa_iterations = 1000, initial_temperature = 3.0, cooling_rate = 0.999
26 - INFO - chord#: 120 done. best_score=27.0, changed=509, unchanged=368, early_stops=8/8
26 - INFO - chord#: 124 In build_straw_man_chord_sa. tolerance = 1, sa_iterations = 1000, initial_temperature = 3.0, cooling_rate = 0.999
26 - INFO - chord#: 132 done. best_score=31.0, changed=519, unchanged=309, early_stops=8/8
26 - INFO - chord#: 134 In build_straw_man_chord_sa. tolerance = 1, sa_iterations = 1000, initial_temperature = 3.0, cooling_rate = 0.999
26 - INFO - chord#: 124 done. best_score=27.0, changed=519, unchanged=358, early_stops=8/8
26 - INFO - chord#: 126 In build_straw_man_chord_sa. tolerance = 1, sa_iterations = 1000, initial_temperature = 3.0, cooling_rate = 0.999
26 - INFO - chord#: 136 done. best_score=27.0, changed=523, unchanged=330, early_stops=8/8
26 - INFO - chord#: 134 done. best_score=27.0, changed=523, unchanged=503, early_stops=8/8
26 - INFO - chord#: 135 In build_straw_man_chord_sa. tolerance = 1, sa_iterations = 1000, initial_temperature = 3.0, cooling_rate = 0.999
26 - INFO - chord#: 134 done. best_score=27.0, changed=520, unchanged=329, early_stops=8/8
26 - INFO - chord#: 135 In build_straw_man_chord_sa. tolerance = 1, sa_iterations = 1000, initial_temperature = 3.0, cooling_rate = 0.999
26 - INFO - chord#: 134 done. best_score=27.0, changed=523, unchanged=499, early_stops=8/8
26 - INFO - chord#: 135 In build_straw_man_chord_sa. tolerance = 1, sa_iterations = 1000, initial_temperature = 3.0, cooling_rate = 0.999
26 - INFO - chord#: 126 done. best_score=27.0, changed=527, unchanged=396, early_stops=8/8
26 - INFO - chord#: 128 In build_straw_man_chord_sa. tolerance = 1, sa_iterations = 1000, initial_temperature = 3.0, cooling_rate = 0.999
26 - INFO - chord#: 135 done. best_score=67.0, changed=611, unchanged=324, early_stops=8/8
26 - INFO - chord#: 136 In build_straw_man_chord_sa. tolerance = 1, sa_iterations = 1000, initial_temperature = 3.0, cooling_rate = 0.999
26 - INFO - chord#: 128 done. best_score=27.0, changed=533, unchanged=492, early_stops=8/8
26 - INFO - chord#: 132 In build_straw_man_chord_sa. tolerance = 1, sa_iterations = 1000, initial_temperature = 3.0, cooling_rate = 0.999
26 - INFO - chord#: 135 done. best_score=145.0, changed=608, unchanged=229, early_stops=8/8
26 - INFO - chord#: 136 In build_straw_man_chord_sa. tolerance = 1, sa_iterations = 1000, initial_temperature = 3.0, cooling_rate = 0.999
26 - INFO - chord#: 136 done. best_score=27.0, changed=530, unchanged=374, early_stops=8/8
26 - INFO - chord#: 135 done. best_score=67.0, changed=611, unchanged=401, early_stops=8/8
26 - INFO - chord#: 136 In build_straw_man_chord_sa. tolerance = 1, sa_iterations = 1000, initial_temperature = 3.0, cooling_rate = 0.999
26 - INFO - chord#: 135 done. best_score=67.0, changed=612, unchanged=378, early_stops=8/8
26 - INFO - chord#: 136 In build_straw_man_chord_sa. tolerance = 1, sa_iterations = 1000, initial_temperature = 3.0, cooling_rate = 0.999
26 - INFO - chord#: 132 done. best_score=31.0, changed=515, unchanged=313, early_stops=8/8
26 - INFO - chord#: 134 In build_straw_man_chord_sa. tolerance = 1, sa_iterations = 1000, initial_temperature = 3.0, cooling_rate = 0.999
26 - INFO - chord#: 136 done. best_score=27.0, changed=535, unchanged=452, early_stops=8/8
26 - INFO - chord#: 136 done. best_score=27.0, changed=520, unchanged=345, early_stops=8/8
26 - INFO - chord#: 136 done. best_score=27.0, changed=522, unchanged=321, early_stops=8/8
26 - INFO - chord#: 134 done. best_score=27.0, changed=525, unchanged=392, early_stops=8/8
26 - INFO - chord#: 135 In build_straw_man_chord_sa. tolerance = 1, sa_iterations = 1000, initial_temperature = 3.0, cooling_rate = 0.999
26 - INFO - chord#: 135 done. best_score=157.0, changed=613, unchanged=289, early_stops=8/8
26 - INFO - chord#: 136 In build_straw_man_chord_sa. tolerance = 1, sa_iterations = 1000, initial_temperature = 3.0, cooling_rate = 0.999
26 - INFO - chord#: 136 done. best_score=27.0, changed=534, unchanged=482, early_stops=8/8
26 - INFO - chord#: 0 In build_straw_man_chord_sa. tolerance = 1, sa_iterations = 1000, initial_temperature = 3.0, cooling_rate = 0.999
26 - INFO - chord#: 0 In build_straw_man_chord_sa. tolerance = 1, sa_iterations = 1000, initial_temperature = 3.0, cooling_rate = 0.999
26 - INFO - chord#: 0 In build_straw_man_chord_sa. tolerance = 1, sa_iterations = 1000, initial_temperature = 3.0, cooling_rate = 0.999
26 - INFO - chord#: 0 In build_straw_man_chord_sa. tolerance = 1, sa_iterations = 1000, initial_temperature = 3.0, cooling_rate = 0.999
26 - INFO - chord#: 0 In build_straw_man_chord_sa. tolerance = 1, sa_iterations = 1000, initial_temperature = 3.0, cooling_rate = 0.999
26 - INFO - chord#: 0 In build_straw_man_chord_sa. tolerance = 1, sa_iterations = 1000, initial_temperature = 3.0, cooling_rate = 0.999
26 - INFO - chord#: 0 In build_straw_man_chord_sa. tolerance = 1, sa_iterations = 1000, initial_temperature = 3.0, cooling_rate = 0.999
26 - INFO - chord#: 0 In build_straw_man_chord_sa. tolerance = 1, sa_iterations = 1000, initial_temperature = 3.0, cooling_rate = 0.999
26 - INFO - chord#: 0 In build_straw_man_chord_sa. tolerance = 1, sa_iterations = 1000, initial_temperature = 3.0, cooling_rate = 0.999
26 - INFO - chord#: 0 In build_straw_man_chord_sa. tolerance = 1, sa_iterations = 1000, initial_temperature = 3.0, cooling_rate = 0.999
26 - INFO - chord#: 0 In build_straw_man_chord_sa. tolerance = 1, sa_iterations = 1000, initial_temperature = 3.0, cooling_rate = 0.999
26 - INFO - chord#: 0 In build_straw_man_chord_sa. tolerance = 1, sa_iterations = 1000, initial_temperature = 3.0, cooling_rate = 0.999
26 - INFO - chord#: 0 done. best_score=27.0, changed=517, unchanged=345, early_stops=8/8
26 - INFO - chord#: 4 In build_straw_man_chord_sa. tolerance = 1, sa_iterations = 1000, initial_temperature = 3.0, cooling_rate = 0.999
26 - INFO - chord#: 0 done. best_score=27.0, changed=510, unchanged=364, early_stops=8/8
26 - INFO - chord#: 4 In build_straw_man_chord_sa. tolerance = 1, sa_iterations = 1000, initial_temperature = 3.0, cooling_rate = 0.999
26 - INFO - chord#: 0 done. best_score=27.0, changed=515, unchanged=429, early_stops=8/8
26 - INFO - chord#: 4 In build_straw_man_chord_sa. tolerance = 1, sa_iterations = 1000, initial_temperature = 3.0, cooling_rate = 0.999
26 - INFO - chord#: 0 done. best_score=27.0, changed=525, unchanged=415, early_stops=8/8
26 - INFO - chord#: 4 In build_straw_man_chord_sa. tolerance = 1, sa_iterations = 1000, initial_temperature = 3.0, cooling_rate = 0.999
26 - INFO - chord#: 0 done. best_score=27.0, changed=526, unchanged=522, early_stops=8/8
26 - INFO - chord#: 4 In build_straw_man_chord_sa. tolerance = 1, sa_iterations = 1000, initial_temperature = 3.0, cooling_rate = 0.999
26 - INFO - chord#: 0 done. best_score=27.0, changed=525, unchanged=615, early_stops=8/8
26 - INFO - chord#: 4 In build_straw_man_chord_sa. tolerance = 1, sa_iterations = 1000, initial_temperature = 3.0, cooling_rate = 0.999
26 - INFO - chord#: 0 done. best_score=27.0, changed=512, unchanged=348, early_stops=8/8
26 - INFO - chord#: 4 In build_straw_man_chord_sa. tolerance = 1, sa_iterations = 1000, initial_temperature = 3.0, cooling_rate = 0.999
26 - INFO - chord#: 0 done. best_score=27.0, changed=518, unchanged=454, early_stops=8/8
26 - INFO - chord#: 0 done. best_score=27.0, changed=520, unchanged=418, early_stops=8/8
26 - INFO - chord#: 4 In build_straw_man_chord_sa. tolerance = 1, sa_iterations = 1000, initial_temperature = 3.0, cooling_rate = 0.999
26 - INFO - chord#: 4 In build_straw_man_chord_sa. tolerance = 1, sa_iterations = 1000, initial_temperature = 3.0, cooling_rate = 0.999
26 - INFO - chord#: 0 done. best_score=27.0, changed=521, unchanged=457, early_stops=8/8
26 - INFO - chord#: 4 In build_straw_man_chord_sa. tolerance = 1, sa_iterations = 1000, initial_temperature = 3.0, cooling_rate = 0.999
26 - INFO - chord#: 0 done. best_score=27.0, changed=521, unchanged=513, early_stops=8/8
26 - INFO - chord#: 4 In build_straw_man_chord_sa. tolerance = 1, sa_iterations = 1000, initial_temperature = 3.0, cooling_rate = 0.999
26 - INFO - chord#: 0 done. best_score=27.0, changed=520, unchanged=608, early_stops=8/8
26 - INFO - chord#: 4 In build_straw_man_chord_sa. tolerance = 1, sa_iterations = 1000, initial_temperature = 3.0, cooling_rate = 0.999
26 - INFO - chord#: 4 done. best_score=27.0, changed=516, unchanged=341, early_stops=8/8
26 - INFO - chord#: 6 In build_straw_man_chord_sa. tolerance = 1, sa_iterations = 1000, initial_temperature = 3.0, cooling_rate = 0.999
26 - INFO - chord#: 4 done. best_score=27.0, changed=523, unchanged=491, early_stops=8/8
26 - INFO - chord#: 6 In build_straw_man_chord_sa. tolerance = 1, sa_iterations = 1000, initial_temperature = 3.0, cooling_rate = 0.999
26 - INFO - chord#: 4 done. best_score=27.0, changed=523, unchanged=335, early_stops=8/8
26 - INFO - chord#: 6 In build_straw_man_chord_sa. tolerance = 1, sa_iterations = 1000, initial_temperature = 3.0, cooling_rate = 0.999
26 - INFO - chord#: 4 done. best_score=27.0, changed=525, unchanged=432, early_stops=8/8
26 - INFO - chord#: 6 In build_straw_man_chord_sa. tolerance = 1, sa_iterations = 1000, initial_temperature = 3.0, cooling_rate = 0.999
26 - INFO - chord#: 4 done. best_score=27.0, changed=526, unchanged=326, early_stops=8/8
26 - INFO - chord#: 6 In build_straw_man_chord_sa. tolerance = 1, sa_iterations = 1000, initial_temperature = 3.0, cooling_rate = 0.999
26 - INFO - chord#: 4 done. best_score=27.0, changed=529, unchanged=399, early_stops=8/8
26 - INFO - chord#: 6 In build_straw_man_chord_sa. tolerance = 1, sa_iterations = 1000, initial_temperature = 3.0, cooling_rate = 0.999
26 - INFO - chord#: 4 done. best_score=27.0, changed=519, unchanged=327, early_stops=8/8
26 - INFO - chord#: 6 In build_straw_man_chord_sa. tolerance = 1, sa_iterations = 1000, initial_temperature = 3.0, cooling_rate = 0.999
26 - INFO - chord#: 4 done. best_score=27.0, changed=526, unchanged=340, early_stops=8/8
26 - INFO - chord#: 6 In build_straw_man_chord_sa. tolerance = 1, sa_iterations = 1000, initial_temperature = 3.0, cooling_rate = 0.999
26 - INFO - chord#: 4 done. best_score=27.0, changed=519, unchanged=336, early_stops=8/8
26 - INFO - chord#: 6 In build_straw_man_chord_sa. tolerance = 1, sa_iterations = 1000, initial_temperature = 3.0, cooling_rate = 0.999
26 - INFO - chord#: 4 done. best_score=27.0, changed=521, unchanged=346, early_stops=8/8
26 - INFO - chord#: 6 In build_straw_man_chord_sa. tolerance = 1, sa_iterations = 1000, initial_temperature = 3.0, cooling_rate = 0.999
26 - INFO - chord#: 4 done. best_score=27.0, changed=526, unchanged=395, early_stops=8/8
26 - INFO - chord#: 6 In build_straw_man_chord_sa. tolerance = 1, sa_iterations = 1000, initial_temperature = 3.0, cooling_rate = 0.999
26 - INFO - chord#: 6 done. best_score=27.0, changed=525, unchanged=374, early_stops=8/8
26 - INFO - chord#: 8 In build_straw_man_chord_sa. tolerance = 1, sa_iterations = 1000, initial_temperature = 3.0, cooling_rate = 0.999
26 - INFO - chord#: 4 done. best_score=27.0, changed=523, unchanged=448, early_stops=8/8
26 - INFO - chord#: 6 In build_straw_man_chord_sa. tolerance = 1, sa_iterations = 1000, initial_temperature = 3.0, cooling_rate = 0.999
26 - INFO - chord#: 6 done. best_score=27.0, changed=521, unchanged=316, early_stops=8/8
26 - INFO - chord#: 8 In build_straw_man_chord_sa. tolerance = 1, sa_iterations = 1000, initial_temperature = 3.0, cooling_rate = 0.999
26 - INFO - chord#: 6 done. best_score=27.0, changed=518, unchanged=339, early_stops=8/8
26 - INFO - chord#: 8 In build_straw_man_chord_sa. tolerance = 1, sa_iterations = 1000, initial_temperature = 3.0, cooling_rate = 0.999
26 - INFO - chord#: 6 done. best_score=27.0, changed=537, unchanged=340, early_stops=8/8
26 - INFO - chord#: 8 In build_straw_man_chord_sa. tolerance = 1, sa_iterations = 1000, initial_temperature = 3.0, cooling_rate = 0.999
26 - INFO - chord#: 6 done. best_score=27.0, changed=525, unchanged=355, early_stops=8/8
26 - INFO - chord#: 8 In build_straw_man_chord_sa. tolerance = 1, sa_iterations = 1000, initial_temperature = 3.0, cooling_rate = 0.999
26 - INFO - chord#: 6 done. best_score=27.0, changed=530, unchanged=363, early_stops=8/8
26 - INFO - chord#: 8 In build_straw_man_chord_sa. tolerance = 1, sa_iterations = 1000, initial_temperature = 3.0, cooling_rate = 0.999
26 - INFO - chord#: 6 done. best_score=27.0, changed=517, unchanged=299, early_stops=8/8
26 - INFO - chord#: 8 In build_straw_man_chord_sa. tolerance = 1, sa_iterations = 1000, initial_temperature = 3.0, cooling_rate = 0.999
26 - INFO - chord#: 6 done. best_score=27.0, changed=527, unchanged=297, early_stops=8/8
26 - INFO - chord#: 8 In build_straw_man_chord_sa. tolerance = 1, sa_iterations = 1000, initial_temperature = 3.0, cooling_rate = 0.999
26 - INFO - chord#: 6 done. best_score=27.0, changed=532, unchanged=326, early_stops=8/8
26 - INFO - chord#: 8 In build_straw_man_chord_sa. tolerance = 1, sa_iterations = 1000, initial_temperature = 3.0, cooling_rate = 0.999
26 - INFO - chord#: 8 done. best_score=31.0, changed=523, unchanged=403, early_stops=8/8
26 - INFO - chord#: 10 In build_straw_man_chord_sa. tolerance = 1, sa_iterations = 1000, initial_temperature = 3.0, cooling_rate = 0.999
26 - INFO - chord#: 6 done. best_score=27.0, changed=520, unchanged=364, early_stops=8/8
26 - INFO - chord#: 8 In build_straw_man_chord_sa. tolerance = 1, sa_iterations = 1000, initial_temperature = 3.0, cooling_rate = 0.999
26 - INFO - chord#: 8 done. best_score=31.0, changed=518, unchanged=365, early_stops=8/8
26 - INFO - chord#: 10 In build_straw_man_chord_sa. tolerance = 1, sa_iterations = 1000, initial_temperature = 3.0, cooling_rate = 0.999
26 - INFO - chord#: 8 done. best_score=31.0, changed=521, unchanged=373, early_stops=8/8
26 - INFO - chord#: 10 In build_straw_man_chord_sa. tolerance = 1, sa_iterations = 1000, initial_temperature = 3.0, cooling_rate = 0.999
26 - INFO - chord#: 6 done. best_score=27.0, changed=526, unchanged=302, early_stops=8/8
26 - INFO - chord#: 8 In build_straw_man_chord_sa. tolerance = 1, sa_iterations = 1000, initial_temperature = 3.0, cooling_rate = 0.999
26 - INFO - chord#: 8 done. best_score=31.0, changed=533, unchanged=475, early_stops=8/8
26 - INFO - chord#: 10 In build_straw_man_chord_sa. tolerance = 1, sa_iterations = 1000, initial_temperature = 3.0, cooling_rate = 0.999
26 - INFO - chord#: 6 done. best_score=27.0, changed=535, unchanged=432, early_stops=8/8
26 - INFO - chord#: 8 In build_straw_man_chord_sa. tolerance = 1, sa_iterations = 1000, initial_temperature = 3.0, cooling_rate = 0.999
26 - INFO - chord#: 8 done. best_score=31.0, changed=535, unchanged=457, early_stops=8/8
26 - INFO - chord#: 10 In build_straw_man_chord_sa. tolerance = 1, sa_iterations = 1000, initial_temperature = 3.0, cooling_rate = 0.999
26 - INFO - chord#: 8 done. best_score=31.0, changed=527, unchanged=365, early_stops=8/8
26 - INFO - chord#: 10 In build_straw_man_chord_sa. tolerance = 1, sa_iterations = 1000, initial_temperature = 3.0, cooling_rate = 0.999
26 - INFO - chord#: 10 done. best_score=27.0, changed=518, unchanged=367, early_stops=8/8
26 - INFO - chord#: 12 In build_straw_man_chord_sa. tolerance = 1, sa_iterations = 1000, initial_temperature = 3.0, cooling_rate = 0.999
26 - INFO - chord#: 10 done. best_score=27.0, changed=523, unchanged=482, early_stops=8/8
26 - INFO - chord#: 12 In build_straw_man_chord_sa. tolerance = 1, sa_iterations = 1000, initial_temperature = 3.0, cooling_rate = 0.999
26 - INFO - chord#: 8 done. best_score=31.0, changed=525, unchanged=404, early_stops=8/8
26 - INFO - chord#: 10 In build_straw_man_chord_sa. tolerance = 1, sa_iterations = 1000, initial_temperature = 3.0, cooling_rate = 0.999
26 - INFO - chord#: 8 done. best_score=31.0, changed=519, unchanged=409, early_stops=8/8
26 - INFO - chord#: 10 In build_straw_man_chord_sa. tolerance = 1, sa_iterations = 1000, initial_temperature = 3.0, cooling_rate = 0.999
26 - INFO - chord#: 10 done. best_score=27.0, changed=519, unchanged=474, early_stops=8/8
26 - INFO - chord#: 12 In build_straw_man_chord_sa. tolerance = 1, sa_iterations = 1000, initial_temperature = 3.0, cooling_rate = 0.999
26 - INFO - chord#: 8 done. best_score=31.0, changed=528, unchanged=393, early_stops=8/8
26 - INFO - chord#: 10 In build_straw_man_chord_sa. tolerance = 1, sa_iterations = 1000, initial_temperature = 3.0, cooling_rate = 0.999
26 - INFO - chord#: 8 done. best_score=31.0, changed=524, unchanged=410, early_stops=8/8
26 - INFO - chord#: 10 In build_straw_man_chord_sa. tolerance = 1, sa_iterations = 1000, initial_temperature = 3.0, cooling_rate = 0.999
26 - INFO - chord#: 10 done. best_score=27.0, changed=525, unchanged=433, early_stops=8/8
26 - INFO - chord#: 12 In build_straw_man_chord_sa. tolerance = 1, sa_iterations = 1000, initial_temperature = 3.0, cooling_rate = 0.999
26 - INFO - chord#: 10 done. best_score=27.0, changed=517, unchanged=463, early_stops=8/8
26 - INFO - chord#: 12 In build_straw_man_chord_sa. tolerance = 1, sa_iterations = 1000, initial_temperature = 3.0, cooling_rate = 0.999
26 - INFO - chord#: 8 done. best_score=31.0, changed=533, unchanged=446, early_stops=8/8
26 - INFO - chord#: 10 In build_straw_man_chord_sa. tolerance = 1, sa_iterations = 1000, initial_temperature = 3.0, cooling_rate = 0.999
26 - INFO - chord#: 8 done. best_score=31.0, changed=527, unchanged=412, early_stops=8/8
26 - INFO - chord#: 10 In build_straw_man_chord_sa. tolerance = 1, sa_iterations = 1000, initial_temperature = 3.0, cooling_rate = 0.999
26 - INFO - chord#: 10 done. best_score=27.0, changed=528, unchanged=493, early_stops=8/8
26 - INFO - chord#: 12 In build_straw_man_chord_sa. tolerance = 1, sa_iterations = 1000, initial_temperature = 3.0, cooling_rate = 0.999
26 - INFO - chord#: 12 done. best_score=27.0, changed=516, unchanged=375, early_stops=8/8
26 - INFO - chord#: 14 In build_straw_man_chord_sa. tolerance = 1, sa_iterations = 1000, initial_temperature = 3.0, cooling_rate = 0.999
26 - INFO - chord#: 12 done. best_score=27.0, changed=522, unchanged=438, early_stops=8/8
26 - INFO - chord#: 14 In build_straw_man_chord_sa. tolerance = 1, sa_iterations = 1000, initial_temperature = 3.0, cooling_rate = 0.999
26 - INFO - chord#: 12 done. best_score=27.0, changed=516, unchanged=365, early_stops=8/8
26 - INFO - chord#: 14 In build_straw_man_chord_sa. tolerance = 1, sa_iterations = 1000, initial_temperature = 3.0, cooling_rate = 0.999
26 - INFO - chord#: 12 done. best_score=27.0, changed=517, unchanged=326, early_stops=8/8
26 - INFO - chord#: 14 In build_straw_man_chord_sa. tolerance = 1, sa_iterations = 1000, initial_temperature = 3.0, cooling_rate = 0.999
26 - INFO - chord#: 10 done. best_score=27.0, changed=514, unchanged=382, early_stops=8/8
26 - INFO - chord#: 12 In build_straw_man_chord_sa. tolerance = 1, sa_iterations = 1000, initial_temperature = 3.0, cooling_rate = 0.999
26 - INFO - chord#: 12 done. best_score=27.0, changed=515, unchanged=332, early_stops=8/8
26 - INFO - chord#: 14 In build_straw_man_chord_sa. tolerance = 1, sa_iterations = 1000, initial_temperature = 3.0, cooling_rate = 0.999
26 - INFO - chord#: 10 done. best_score=27.0, changed=527, unchanged=387, early_stops=8/8
26 - INFO - chord#: 12 In build_straw_man_chord_sa. tolerance = 1, sa_iterations = 1000, initial_temperature = 3.0, cooling_rate = 0.999
26 - INFO - chord#: 10 done. best_score=27.0, changed=519, unchanged=407, early_stops=8/8
26 - INFO - chord#: 12 In build_straw_man_chord_sa. tolerance = 1, sa_iterations = 1000, initial_temperature = 3.0, cooling_rate = 0.999
26 - INFO - chord#: 10 done. best_score=27.0, changed=532, unchanged=450, early_stops=8/8
26 - INFO - chord#: 12 In build_straw_man_chord_sa. tolerance = 1, sa_iterations = 1000, initial_temperature = 3.0, cooling_rate = 0.999
26 - INFO - chord#: 12 done. best_score=27.0, changed=522, unchanged=445, early_stops=8/8
26 - INFO - chord#: 14 In build_straw_man_chord_sa. tolerance = 1, sa_iterations = 1000, initial_temperature = 3.0, cooling_rate = 0.999
26 - INFO - chord#: 10 done. best_score=27.0, changed=518, unchanged=398, early_stops=8/8
26 - INFO - chord#: 12 In build_straw_man_chord_sa. tolerance = 1, sa_iterations = 1000, initial_temperature = 3.0, cooling_rate = 0.999
26 - INFO - chord#: 10 done. best_score=27.0, changed=531, unchanged=366, early_stops=8/8
26 - INFO - chord#: 12 In build_straw_man_chord_sa. tolerance = 1, sa_iterations = 1000, initial_temperature = 3.0, cooling_rate = 0.999
26 - INFO - chord#: 12 done. best_score=27.0, changed=517, unchanged=362, early_stops=8/8
26 - INFO - chord#: 14 In build_straw_man_chord_sa. tolerance = 1, sa_iterations = 1000, initial_temperature = 3.0, cooling_rate = 0.999
26 - INFO - chord#: 12 done. best_score=27.0, changed=521, unchanged=385, early_stops=8/8
26 - INFO - chord#: 12 done. best_score=27.0, changed=513, unchanged=329, early_stops=8/8
26 - INFO - chord#: 14 In build_straw_man_chord_sa. tolerance = 1, sa_iterations = 1000, initial_temperature = 3.0, cooling_rate = 0.999
26 - INFO - chord#: 14 In build_straw_man_chord_sa. tolerance = 1, sa_iterations = 1000, initial_temperature = 3.0, cooling_rate = 0.999
26 - INFO - chord#: 12 done. best_score=27.0, changed=520, unchanged=543, early_stops=8/8
26 - INFO - chord#: 14 In build_straw_man_chord_sa. tolerance = 1, sa_iterations = 1000, initial_temperature = 3.0, cooling_rate = 0.999
26 - INFO - chord#: 12 done. best_score=27.0, changed=521, unchanged=377, early_stops=8/8
26 - INFO - chord#: 12 done. best_score=27.0, changed=517, unchanged=413, early_stops=8/8
26 - INFO - chord#: 14 In build_straw_man_chord_sa. tolerance = 1, sa_iterations = 1000, initial_temperature = 3.0, cooling_rate = 0.999
26 - INFO - chord#: 14 In build_straw_man_chord_sa. tolerance = 1, sa_iterations = 1000, initial_temperature = 3.0, cooling_rate = 0.999
26 - INFO - chord#: 14 done. best_score=96.0, changed=612, unchanged=236, early_stops=8/8
26 - INFO - chord#: 15 In build_straw_man_chord_sa. tolerance = 1, sa_iterations = 1000, initial_temperature = 3.0, cooling_rate = 0.999
26 - INFO - chord#: 14 done. best_score=74.0, changed=615, unchanged=303, early_stops=8/8
26 - INFO - chord#: 15 In build_straw_man_chord_sa. tolerance = 1, sa_iterations = 1000, initial_temperature = 3.0, cooling_rate = 0.999
26 - INFO - chord#: 14 done. best_score=149.0, changed=612, unchanged=262, early_stops=8/8
26 - INFO - chord#: 15 In build_straw_man_chord_sa. tolerance = 1, sa_iterations = 1000, initial_temperature = 3.0, cooling_rate = 0.999
26 - INFO - chord#: 14 done. best_score=74.0, changed=618, unchanged=405, early_stops=8/8
26 - INFO - chord#: 15 In build_straw_man_chord_sa. tolerance = 1, sa_iterations = 1000, initial_temperature = 3.0, cooling_rate = 0.999
26 - INFO - chord#: 14 done. best_score=74.0, changed=611, unchanged=332, early_stops=8/8
26 - INFO - chord#: 15 In build_straw_man_chord_sa. tolerance = 1, sa_iterations = 1000, initial_temperature = 3.0, cooling_rate = 0.999
26 - INFO - chord#: 14 done. best_score=74.0, changed=614, unchanged=265, early_stops=8/8
26 - INFO - chord#: 15 In build_straw_man_chord_sa. tolerance = 1, sa_iterations = 1000, initial_temperature = 3.0, cooling_rate = 0.999
26 - INFO - chord#: 15 done. best_score=64.0, changed=613, unchanged=291, early_stops=8/8
26 - INFO - chord#: 16 In build_straw_man_chord_sa. tolerance = 1, sa_iterations = 1000, initial_temperature = 3.0, cooling_rate = 0.999
26 - INFO - chord#: 14 done. best_score=74.0, changed=614, unchanged=331, early_stops=8/8
26 - INFO - chord#: 15 In build_straw_man_chord_sa. tolerance = 1, sa_iterations = 1000, initial_temperature = 3.0, cooling_rate = 0.999
26 - INFO - chord#: 14 done. best_score=74.0, changed=611, unchanged=315, early_stops=8/8
26 - INFO - chord#: 15 In build_straw_man_chord_sa. tolerance = 1, sa_iterations = 1000, initial_temperature = 3.0, cooling_rate = 0.999
26 - INFO - chord#: 14 done. best_score=74.0, changed=613, unchanged=331, early_stops=8/8
26 - INFO - chord#: 15 In build_straw_man_chord_sa. tolerance = 1, sa_iterations = 1000, initial_temperature = 3.0, cooling_rate = 0.999
26 - INFO - chord#: 15 done. best_score=125.0, changed=611, unchanged=286, early_stops=8/8
26 - INFO - chord#: 16 In build_straw_man_chord_sa. tolerance = 1, sa_iterations = 1000, initial_temperature = 3.0, cooling_rate = 0.999
26 - INFO - chord#: 15 done. best_score=64.0, changed=616, unchanged=335, early_stops=8/8
26 - INFO - chord#: 16 In build_straw_man_chord_sa. tolerance = 1, sa_iterations = 1000, initial_temperature = 3.0, cooling_rate = 0.999
26 - INFO - chord#: 14 done. best_score=74.0, changed=612, unchanged=293, early_stops=8/8
26 - INFO - chord#: 15 In build_straw_man_chord_sa. tolerance = 1, sa_iterations = 1000, initial_temperature = 3.0, cooling_rate = 0.999
26 - INFO - chord#: 14 done. best_score=96.0, changed=615, unchanged=302, early_stops=8/8
26 - INFO - chord#: 15 In build_straw_man_chord_sa. tolerance = 1, sa_iterations = 1000, initial_temperature = 3.0, cooling_rate = 0.999
26 - INFO - chord#: 15 done. best_score=64.0, changed=612, unchanged=302, early_stops=8/8
26 - INFO - chord#: 16 In build_straw_man_chord_sa. tolerance = 1, sa_iterations = 1000, initial_temperature = 3.0, cooling_rate = 0.999
26 - INFO - chord#: 14 done. best_score=74.0, changed=616, unchanged=483, early_stops=8/8
26 - INFO - chord#: 15 In build_straw_man_chord_sa. tolerance = 1, sa_iterations = 1000, initial_temperature = 3.0, cooling_rate = 0.999
26 - INFO - chord#: 15 done. best_score=146.0, changed=620, unchanged=409, early_stops=8/8
26 - INFO - chord#: 16 In build_straw_man_chord_sa. tolerance = 1, sa_iterations = 1000, initial_temperature = 3.0, cooling_rate = 0.999
26 - INFO - chord#: 16 done. best_score=27.0, changed=515, unchanged=321, early_stops=8/8
26 - INFO - chord#: 18 In build_straw_man_chord_sa. tolerance = 1, sa_iterations = 1000, initial_temperature = 3.0, cooling_rate = 0.999
26 - INFO - chord#: 15 done. best_score=71.0, changed=624, unchanged=407, early_stops=8/8
26 - INFO - chord#: 16 In build_straw_man_chord_sa. tolerance = 1, sa_iterations = 1000, initial_temperature = 3.0, cooling_rate = 0.999
26 - INFO - chord#: 16 done. best_score=27.0, changed=511, unchanged=387, early_stops=8/8
26 - INFO - chord#: 18 In build_straw_man_chord_sa. tolerance = 1, sa_iterations = 1000, initial_temperature = 3.0, cooling_rate = 0.999
26 - INFO - chord#: 16 done. best_score=27.0, changed=524, unchanged=463, early_stops=8/8
26 - INFO - chord#: 18 In build_straw_man_chord_sa. tolerance = 1, sa_iterations = 1000, initial_temperature = 3.0, cooling_rate = 0.999
26 - INFO - chord#: 16 done. best_score=27.0, changed=519, unchanged=351, early_stops=8/8
26 - INFO - chord#: 18 In build_straw_man_chord_sa. tolerance = 1, sa_iterations = 1000, initial_temperature = 3.0, cooling_rate = 0.999
26 - INFO - chord#: 16 done. best_score=27.0, changed=530, unchanged=479, early_stops=8/8
26 - INFO - chord#: 18 In build_straw_man_chord_sa. tolerance = 1, sa_iterations = 1000, initial_temperature = 3.0, cooling_rate = 0.999
26 - INFO - chord#: 16 done. best_score=27.0, changed=528, unchanged=404, early_stops=8/8
26 - INFO - chord#: 18 In build_straw_man_chord_sa. tolerance = 1, sa_iterations = 1000, initial_temperature = 3.0, cooling_rate = 0.999
26 - INFO - chord#: 15 done. best_score=64.0, changed=610, unchanged=288, early_stops=8/8
26 - INFO - chord#: 16 In build_straw_man_chord_sa. tolerance = 1, sa_iterations = 1000, initial_temperature = 3.0, cooling_rate = 0.999
26 - INFO - chord#: 15 done. best_score=64.0, changed=606, unchanged=256, early_stops=8/8
26 - INFO - chord#: 16 In build_straw_man_chord_sa. tolerance = 1, sa_iterations = 1000, initial_temperature = 3.0, cooling_rate = 0.999
26 - INFO - chord#: 15 done. best_score=146.0, changed=612, unchanged=320, early_stops=8/8
26 - INFO - chord#: 16 In build_straw_man_chord_sa. tolerance = 1, sa_iterations = 1000, initial_temperature = 3.0, cooling_rate = 0.999
26 - INFO - chord#: 15 done. best_score=64.0, changed=611, unchanged=372, early_stops=8/8
26 - INFO - chord#: 16 In build_straw_man_chord_sa. tolerance = 1, sa_iterations = 1000, initial_temperature = 3.0, cooling_rate = 0.999
26 - INFO - chord#: 18 done. best_score=67.0, changed=609, unchanged=228, early_stops=8/8
26 - INFO - chord#: 20 In build_straw_man_chord_sa. tolerance = 1, sa_iterations = 1000, initial_temperature = 3.0, cooling_rate = 0.999
26 - INFO - chord#: 15 done. best_score=64.0, changed=608, unchanged=325, early_stops=8/8
26 - INFO - chord#: 16 In build_straw_man_chord_sa. tolerance = 1, sa_iterations = 1000, initial_temperature = 3.0, cooling_rate = 0.999
26 - INFO - chord#: 15 done. best_score=64.0, changed=612, unchanged=347, early_stops=8/8
26 - INFO - chord#: 16 In build_straw_man_chord_sa. tolerance = 1, sa_iterations = 1000, initial_temperature = 3.0, cooling_rate = 0.999
26 - INFO - chord#: 18 done. best_score=137.0, changed=610, unchanged=247, early_stops=8/8
26 - INFO - chord#: 20 In build_straw_man_chord_sa. tolerance = 1, sa_iterations = 1000, initial_temperature = 3.0, cooling_rate = 0.999
26 - INFO - chord#: 18 done. best_score=67.0, changed=615, unchanged=377, early_stops=8/8
26 - INFO - chord#: 20 In build_straw_man_chord_sa. tolerance = 1, sa_iterations = 1000, initial_temperature = 3.0, cooling_rate = 0.999
26 - INFO - chord#: 18 done. best_score=67.0, changed=606, unchanged=251, early_stops=8/8
26 - INFO - chord#: 20 In build_straw_man_chord_sa. tolerance = 1, sa_iterations = 1000, initial_temperature = 3.0, cooling_rate = 0.999
26 - INFO - chord#: 18 done. best_score=67.0, changed=612, unchanged=249, early_stops=8/8
26 - INFO - chord#: 20 In build_straw_man_chord_sa. tolerance = 1, sa_iterations = 1000, initial_temperature = 3.0, cooling_rate = 0.999
26 - INFO - chord#: 16 done. best_score=27.0, changed=522, unchanged=496, early_stops=8/8
26 - INFO - chord#: 18 In build_straw_man_chord_sa. tolerance = 1, sa_iterations = 1000, initial_temperature = 3.0, cooling_rate = 0.999
26 - INFO - chord#: 20 done. best_score=27.0, changed=529, unchanged=391, early_stops=8/8
26 - INFO - chord#: 28 In build_straw_man_chord_sa. tolerance = 1, sa_iterations = 1000, initial_temperature = 3.0, cooling_rate = 0.999
26 - INFO - chord#: 20 done. best_score=27.0, changed=524, unchanged=350, early_stops=8/8
26 - INFO - chord#: 28 In build_straw_man_chord_sa. tolerance = 1, sa_iterations = 1000, initial_temperature = 3.0, cooling_rate = 0.999
26 - INFO - chord#: 20 done. best_score=27.0, changed=530, unchanged=411, early_stops=8/8
26 - INFO - chord#: 28 In build_straw_man_chord_sa. tolerance = 1, sa_iterations = 1000, initial_temperature = 3.0, cooling_rate = 0.999
26 - INFO - chord#: 16 done. best_score=27.0, changed=521, unchanged=369, early_stops=8/8
26 - INFO - chord#: 18 In build_straw_man_chord_sa. tolerance = 1, sa_iterations = 1000, initial_temperature = 3.0, cooling_rate = 0.999
26 - INFO - chord#: 16 done. best_score=27.0, changed=519, unchanged=380, early_stops=8/8
26 - INFO - chord#: 18 In build_straw_man_chord_sa. tolerance = 1, sa_iterations = 1000, initial_temperature = 3.0, cooling_rate = 0.999
26 - INFO - chord#: 16 done. best_score=27.0, changed=522, unchanged=504, early_stops=8/8
26 - INFO - chord#: 18 In build_straw_man_chord_sa. tolerance = 1, sa_iterations = 1000, initial_temperature = 3.0, cooling_rate = 0.999
26 - INFO - chord#: 20 done. best_score=27.0, changed=523, unchanged=366, early_stops=8/8
26 - INFO - chord#: 28 In build_straw_man_chord_sa. tolerance = 1, sa_iterations = 1000, initial_temperature = 3.0, cooling_rate = 0.999
26 - INFO - chord#: 16 done. best_score=27.0, changed=522, unchanged=455, early_stops=8/8
26 - INFO - chord#: 18 In build_straw_man_chord_sa. tolerance = 1, sa_iterations = 1000, initial_temperature = 3.0, cooling_rate = 0.999
26 - INFO - chord#: 16 done. best_score=27.0, changed=524, unchanged=580, early_stops=8/8
26 - INFO - chord#: 18 In build_straw_man_chord_sa. tolerance = 1, sa_iterations = 1000, initial_temperature = 3.0, cooling_rate = 0.999
26 - INFO - chord#: 20 done. best_score=27.0, changed=535, unchanged=454, early_stops=8/8
26 - INFO - chord#: 28 In build_straw_man_chord_sa. tolerance = 1, sa_iterations = 1000, initial_temperature = 3.0, cooling_rate = 0.999
26 - INFO - chord#: 28 done. best_score=27.0, changed=523, unchanged=389, early_stops=8/8
26 - INFO - chord#: 32 In build_straw_man_chord_sa. tolerance = 1, sa_iterations = 1000, initial_temperature = 3.0, cooling_rate = 0.999
26 - INFO - chord#: 18 done. best_score=67.0, changed=609, unchanged=279, early_stops=8/8
26 - INFO - chord#: 20 In build_straw_man_chord_sa. tolerance = 1, sa_iterations = 1000, initial_temperature = 3.0, cooling_rate = 0.999
26 - INFO - chord#: 28 done. best_score=27.0, changed=521, unchanged=415, early_stops=8/8
26 - INFO - chord#: 32 In build_straw_man_chord_sa. tolerance = 1, sa_iterations = 1000, initial_temperature = 3.0, cooling_rate = 0.999
26 - INFO - chord#: 28 done. best_score=27.0, changed=526, unchanged=420, early_stops=8/8
26 - INFO - chord#: 32 In build_straw_man_chord_sa. tolerance = 1, sa_iterations = 1000, initial_temperature = 3.0, cooling_rate = 0.999
26 - INFO - chord#: 28 done. best_score=27.0, changed=520, unchanged=440, early_stops=8/8
26 - INFO - chord#: 32 In build_straw_man_chord_sa. tolerance = 1, sa_iterations = 1000, initial_temperature = 3.0, cooling_rate = 0.999
26 - INFO - chord#: 28 done. best_score=27.0, changed=525, unchanged=410, early_stops=8/8
26 - INFO - chord#: 32 In build_straw_man_chord_sa. tolerance = 1, sa_iterations = 1000, initial_temperature = 3.0, cooling_rate = 0.999
26 - INFO - chord#: 32 done. best_score=27.0, changed=523, unchanged=490, early_stops=8/8
26 - INFO - chord#: 36 In build_straw_man_chord_sa. tolerance = 1, sa_iterations = 1000, initial_temperature = 3.0, cooling_rate = 0.999
26 - INFO - chord#: 32 done. best_score=27.0, changed=519, unchanged=330, early_stops=8/8
26 - INFO - chord#: 20 done. best_score=27.0, changed=521, unchanged=337, early_stops=8/8
26 - INFO - chord#: 36 In build_straw_man_chord_sa. tolerance = 1, sa_iterations = 1000, initial_temperature = 3.0, cooling_rate = 0.999
26 - INFO - chord#: 28 In build_straw_man_chord_sa. tolerance = 1, sa_iterations = 1000, initial_temperature = 3.0, cooling_rate = 0.999
26 - INFO - chord#: 32 done. best_score=27.0, changed=517, unchanged=440, early_stops=8/8
26 - INFO - chord#: 36 In build_straw_man_chord_sa. tolerance = 1, sa_iterations = 1000, initial_temperature = 3.0, cooling_rate = 0.999
26 - INFO - chord#: 18 done. best_score=67.0, changed=612, unchanged=394, early_stops=8/8
26 - INFO - chord#: 20 In build_straw_man_chord_sa. tolerance = 1, sa_iterations = 1000, initial_temperature = 3.0, cooling_rate = 0.999
26 - INFO - chord#: 18 done. best_score=67.0, changed=608, unchanged=237, early_stops=8/8
26 - INFO - chord#: 20 In build_straw_man_chord_sa. tolerance = 1, sa_iterations = 1000, initial_temperature = 3.0, cooling_rate = 0.999
26 - INFO - chord#: 32 done. best_score=27.0, changed=520, unchanged=492, early_stops=8/8
26 - INFO - chord#: 36 In build_straw_man_chord_sa. tolerance = 1, sa_iterations = 1000, initial_temperature = 3.0, cooling_rate = 0.999
26 - INFO - chord#: 32 done. best_score=27.0, changed=524, unchanged=343, early_stops=8/8
26 - INFO - chord#: 36 In build_straw_man_chord_sa. tolerance = 1, sa_iterations = 1000, initial_temperature = 3.0, cooling_rate = 0.999
26 - INFO - chord#: 18 done. best_score=145.0, changed=606, unchanged=243, early_stops=8/8
26 - INFO - chord#: 20 In build_straw_man_chord_sa. tolerance = 1, sa_iterations = 1000, initial_temperature = 3.0, cooling_rate = 0.999
26 - INFO - chord#: 36 done. best_score=27.0, changed=524, unchanged=366, early_stops=8/8
26 - INFO - chord#: 38 In build_straw_man_chord_sa. tolerance = 1, sa_iterations = 1000, initial_temperature = 3.0, cooling_rate = 0.999
26 - INFO - chord#: 36 done. best_score=27.0, changed=523, unchanged=428, early_stops=8/8
26 - INFO - chord#: 38 In build_straw_man_chord_sa. tolerance = 1, sa_iterations = 1000, initial_temperature = 3.0, cooling_rate = 0.999
26 - INFO - chord#: 36 done. best_score=27.0, changed=526, unchanged=325, early_stops=8/8
26 - INFO - chord#: 38 In build_straw_man_chord_sa. tolerance = 1, sa_iterations = 1000, initial_temperature = 3.0, cooling_rate = 0.999
26 - INFO - chord#: 28 done. best_score=27.0, changed=514, unchanged=296, early_stops=8/8
26 - INFO - chord#: 32 In build_straw_man_chord_sa. tolerance = 1, sa_iterations = 1000, initial_temperature = 3.0, cooling_rate = 0.999
26 - INFO - chord#: 18 done. best_score=67.0, changed=612, unchanged=359, early_stops=8/8
26 - INFO - chord#: 20 In build_straw_man_chord_sa. tolerance = 1, sa_iterations = 1000, initial_temperature = 3.0, cooling_rate = 0.999
26 - INFO - chord#: 18 done. best_score=67.0, changed=611, unchanged=309, early_stops=8/8
26 - INFO - chord#: 20 In build_straw_man_chord_sa. tolerance = 1, sa_iterations = 1000, initial_temperature = 3.0, cooling_rate = 0.999
26 - INFO - chord#: 20 done. best_score=27.0, changed=527, unchanged=382, early_stops=8/8
26 - INFO - chord#: 28 In build_straw_man_chord_sa. tolerance = 1, sa_iterations = 1000, initial_temperature = 3.0, cooling_rate = 0.999
26 - INFO - chord#: 36 done. best_score=27.0, changed=519, unchanged=406, early_stops=8/8
26 - INFO - chord#: 38 In build_straw_man_chord_sa. tolerance = 1, sa_iterations = 1000, initial_temperature = 3.0, cooling_rate = 0.999
26 - INFO - chord#: 36 done. best_score=27.0, changed=512, unchanged=296, early_stops=8/8
26 - INFO - chord#: 38 In build_straw_man_chord_sa. tolerance = 1, sa_iterations = 1000, initial_temperature = 3.0, cooling_rate = 0.999
26 - INFO - chord#: 20 done. best_score=27.0, changed=523, unchanged=386, early_stops=8/8
26 - INFO - chord#: 28 In build_straw_man_chord_sa. tolerance = 1, sa_iterations = 1000, initial_temperature = 3.0, cooling_rate = 0.999
26 - INFO - chord#: 18 done. best_score=96.0, changed=614, unchanged=419, early_stops=8/8
26 - INFO - chord#: 20 In build_straw_man_chord_sa. tolerance = 1, sa_iterations = 1000, initial_temperature = 3.0, cooling_rate = 0.999
26 - INFO - chord#: 20 done. best_score=27.0, changed=518, unchanged=325, early_stops=8/8
26 - INFO - chord#: 28 In build_straw_man_chord_sa. tolerance = 1, sa_iterations = 1000, initial_temperature = 3.0, cooling_rate = 0.999
26 - INFO - chord#: 38 done. best_score=27.0, changed=516, unchanged=322, early_stops=8/8
26 - INFO - chord#: 40 In build_straw_man_chord_sa. tolerance = 1, sa_iterations = 1000, initial_temperature = 3.0, cooling_rate = 0.999
26 - INFO - chord#: 38 done. best_score=27.0, changed=530, unchanged=473, early_stops=8/8
26 - INFO - chord#: 40 In build_straw_man_chord_sa. tolerance = 1, sa_iterations = 1000, initial_temperature = 3.0, cooling_rate = 0.999
26 - INFO - chord#: 38 done. best_score=27.0, changed=524, unchanged=442, early_stops=8/8
26 - INFO - chord#: 40 In build_straw_man_chord_sa. tolerance = 1, sa_iterations = 1000, initial_temperature = 3.0, cooling_rate = 0.999
26 - INFO - chord#: 32 done. best_score=27.0, changed=517, unchanged=350, early_stops=8/8
26 - INFO - chord#: 36 In build_straw_man_chord_sa. tolerance = 1, sa_iterations = 1000, initial_temperature = 3.0, cooling_rate = 0.999
26 - INFO - chord#: 20 done. best_score=27.0, changed=527, unchanged=440, early_stops=8/8
26 - INFO - chord#: 28 In build_straw_man_chord_sa. tolerance = 1, sa_iterations = 1000, initial_temperature = 3.0, cooling_rate = 0.999
26 - INFO - chord#: 28 done. best_score=27.0, changed=527, unchanged=444, early_stops=8/8
26 - INFO - chord#: 32 In build_straw_man_chord_sa. tolerance = 1, sa_iterations = 1000, initial_temperature = 3.0, cooling_rate = 0.999
26 - INFO - chord#: 20 done. best_score=27.0, changed=519, unchanged=324, early_stops=8/8
26 - INFO - chord#: 28 In build_straw_man_chord_sa. tolerance = 1, sa_iterations = 1000, initial_temperature = 3.0, cooling_rate = 0.999
26 - INFO - chord#: 38 done. best_score=27.0, changed=524, unchanged=375, early_stops=8/8
26 - INFO - chord#: 40 In build_straw_man_chord_sa. tolerance = 1, sa_iterations = 1000, initial_temperature = 3.0, cooling_rate = 0.999
26 - INFO - chord#: 38 done. best_score=27.0, changed=525, unchanged=494, early_stops=8/8
26 - INFO - chord#: 40 In build_straw_man_chord_sa. tolerance = 1, sa_iterations = 1000, initial_temperature = 3.0, cooling_rate = 0.999
26 - INFO - chord#: 20 done. best_score=27.0, changed=523, unchanged=352, early_stops=8/8
26 - INFO - chord#: 28 In build_straw_man_chord_sa. tolerance = 1, sa_iterations = 1000, initial_temperature = 3.0, cooling_rate = 0.999
26 - INFO - chord#: 40 done. best_score=35.0, changed=522, unchanged=368, early_stops=8/8
26 - INFO - chord#: 40 done. best_score=35.0, changed=520, unchanged=366, early_stops=8/8
26 - INFO - chord#: 42 In build_straw_man_chord_sa. tolerance = 1, sa_iterations = 1000, initial_temperature = 3.0, cooling_rate = 0.999
26 - INFO - chord#: 42 In build_straw_man_chord_sa. tolerance = 1, sa_iterations = 1000, initial_temperature = 3.0, cooling_rate = 0.999
26 - INFO - chord#: 28 done. best_score=27.0, changed=524, unchanged=384, early_stops=8/8
26 - INFO - chord#: 32 In build_straw_man_chord_sa. tolerance = 1, sa_iterations = 1000, initial_temperature = 3.0, cooling_rate = 0.999
26 - INFO - chord#: 28 done. best_score=27.0, changed=514, unchanged=338, early_stops=8/8
26 - INFO - chord#: 32 In build_straw_man_chord_sa. tolerance = 1, sa_iterations = 1000, initial_temperature = 3.0, cooling_rate = 0.999
26 - INFO - chord#: 40 done. best_score=35.0, changed=521, unchanged=453, early_stops=8/8
26 - INFO - chord#: 42 In build_straw_man_chord_sa. tolerance = 1, sa_iterations = 1000, initial_temperature = 3.0, cooling_rate = 0.999
26 - INFO - chord#: 36 done. best_score=27.0, changed=525, unchanged=350, early_stops=8/8
26 - INFO - chord#: 38 In build_straw_man_chord_sa. tolerance = 1, sa_iterations = 1000, initial_temperature = 3.0, cooling_rate = 0.999
26 - INFO - chord#: 32 done. best_score=27.0, changed=525, unchanged=358, early_stops=8/8
26 - INFO - chord#: 36 In build_straw_man_chord_sa. tolerance = 1, sa_iterations = 1000, initial_temperature = 3.0, cooling_rate = 0.999
26 - INFO - chord#: 40 done. best_score=35.0, changed=522, unchanged=432, early_stops=8/8
26 - INFO - chord#: 42 In build_straw_man_chord_sa. tolerance = 1, sa_iterations = 1000, initial_temperature = 3.0, cooling_rate = 0.999
26 - INFO - chord#: 40 done. best_score=35.0, changed=529, unchanged=548, early_stops=8/8
26 - INFO - chord#: 42 In build_straw_man_chord_sa. tolerance = 1, sa_iterations = 1000, initial_temperature = 3.0, cooling_rate = 0.999
26 - INFO - chord#: 28 done. best_score=27.0, changed=524, unchanged=428, early_stops=8/8
26 - INFO - chord#: 32 In build_straw_man_chord_sa. tolerance = 1, sa_iterations = 1000, initial_temperature = 3.0, cooling_rate = 0.999
26 - INFO - chord#: 42 done. best_score=36.0, changed=532, unchanged=295, early_stops=8/8
26 - INFO - chord#: 44 In build_straw_man_chord_sa. tolerance = 1, sa_iterations = 1000, initial_temperature = 3.0, cooling_rate = 0.999
26 - INFO - chord#: 28 done. best_score=27.0, changed=530, unchanged=460, early_stops=8/8
26 - INFO - chord#: 32 In build_straw_man_chord_sa. tolerance = 1, sa_iterations = 1000, initial_temperature = 3.0, cooling_rate = 0.999
26 - INFO - chord#: 42 done. best_score=36.0, changed=526, unchanged=302, early_stops=8/8
26 - INFO - chord#: 44 In build_straw_man_chord_sa. tolerance = 1, sa_iterations = 1000, initial_temperature = 3.0, cooling_rate = 0.999
26 - INFO - chord#: 42 done. best_score=27.0, changed=520, unchanged=428, early_stops=8/8
26 - INFO - chord#: 44 In build_straw_man_chord_sa. tolerance = 1, sa_iterations = 1000, initial_temperature = 3.0, cooling_rate = 0.999
26 - INFO - chord#: 28 done. best_score=27.0, changed=520, unchanged=412, early_stops=8/8
26 - INFO - chord#: 32 In build_straw_man_chord_sa. tolerance = 1, sa_iterations = 1000, initial_temperature = 3.0, cooling_rate = 0.999
26 - INFO - chord#: 32 done. best_score=27.0, changed=520, unchanged=481, early_stops=8/8
26 - INFO - chord#: 36 In build_straw_man_chord_sa. tolerance = 1, sa_iterations = 1000, initial_temperature = 3.0, cooling_rate = 0.999
26 - INFO - chord#: 32 done. best_score=27.0, changed=524, unchanged=376, early_stops=8/8
26 - INFO - chord#: 36 In build_straw_man_chord_sa. tolerance = 1, sa_iterations = 1000, initial_temperature = 3.0, cooling_rate = 0.999
26 - INFO - chord#: 36 done. best_score=27.0, changed=523, unchanged=374, early_stops=8/8
26 - INFO - chord#: 38 In build_straw_man_chord_sa. tolerance = 1, sa_iterations = 1000, initial_temperature = 3.0, cooling_rate = 0.999
26 - INFO - chord#: 44 done. best_score=31.0, changed=573, unchanged=252, early_stops=8/8
26 - INFO - chord#: 46 In build_straw_man_chord_sa. tolerance = 1, sa_iterations = 1000, initial_temperature = 3.0, cooling_rate = 0.999
26 - INFO - chord#: 42 done. best_score=36.0, changed=522, unchanged=326, early_stops=8/8
26 - INFO - chord#: 44 In build_straw_man_chord_sa. tolerance = 1, sa_iterations = 1000, initial_temperature = 3.0, cooling_rate = 0.999
26 - INFO - chord#: 42 done. best_score=36.0, changed=540, unchanged=299, early_stops=8/8
26 - INFO - chord#: 44 In build_straw_man_chord_sa. tolerance = 1, sa_iterations = 1000, initial_temperature = 3.0, cooling_rate = 0.999
26 - INFO - chord#: 38 done. best_score=27.0, changed=516, unchanged=313, early_stops=8/8
26 - INFO - chord#: 40 In build_straw_man_chord_sa. tolerance = 1, sa_iterations = 1000, initial_temperature = 3.0, cooling_rate = 0.999
26 - INFO - chord#: 44 done. best_score=31.0, changed=553, unchanged=273, early_stops=8/8
26 - INFO - chord#: 46 In build_straw_man_chord_sa. tolerance = 1, sa_iterations = 1000, initial_temperature = 3.0, cooling_rate = 0.999
26 - INFO - chord#: 44 done. best_score=31.0, changed=513, unchanged=323, early_stops=8/8
26 - INFO - chord#: 46 In build_straw_man_chord_sa. tolerance = 1, sa_iterations = 1000, initial_temperature = 3.0, cooling_rate = 0.999
26 - INFO - chord#: 32 done. best_score=27.0, changed=518, unchanged=364, early_stops=8/8
26 - INFO - chord#: 36 In build_straw_man_chord_sa. tolerance = 1, sa_iterations = 1000, initial_temperature = 3.0, cooling_rate = 0.999
26 - INFO - chord#: 32 done. best_score=27.0, changed=518, unchanged=376, early_stops=8/8
26 - INFO - chord#: 36 In build_straw_man_chord_sa. tolerance = 1, sa_iterations = 1000, initial_temperature = 3.0, cooling_rate = 0.999
26 - INFO - chord#: 38 done. best_score=27.0, changed=525, unchanged=318, early_stops=8/8
26 - INFO - chord#: 40 In build_straw_man_chord_sa. tolerance = 1, sa_iterations = 1000, initial_temperature = 3.0, cooling_rate = 0.999
26 - INFO - chord#: 44 done. best_score=31.0, changed=555, unchanged=408, early_stops=8/8
26 - INFO - chord#: 36 done. best_score=27.0, changed=520, unchanged=360, early_stops=8/8
26 - INFO - chord#: 46 In build_straw_man_chord_sa. tolerance = 1, sa_iterations = 1000, initial_temperature = 3.0, cooling_rate = 0.999
26 - INFO - chord#: 38 In build_straw_man_chord_sa. tolerance = 1, sa_iterations = 1000, initial_temperature = 3.0, cooling_rate = 0.999
26 - INFO - chord#: 44 done. best_score=31.0, changed=549, unchanged=293, early_stops=8/8
26 - INFO - chord#: 46 In build_straw_man_chord_sa. tolerance = 1, sa_iterations = 1000, initial_temperature = 3.0, cooling_rate = 0.999
26 - INFO - chord#: 32 done. best_score=27.0, changed=516, unchanged=391, early_stops=8/8
26 - INFO - chord#: 36 In build_straw_man_chord_sa. tolerance = 1, sa_iterations = 1000, initial_temperature = 3.0, cooling_rate = 0.999
26 - INFO - chord#: 36 done. best_score=27.0, changed=524, unchanged=420, early_stops=8/8
26 - INFO - chord#: 38 In build_straw_man_chord_sa. tolerance = 1, sa_iterations = 1000, initial_temperature = 3.0, cooling_rate = 0.999
26 - INFO - chord#: 46 done. best_score=27.0, changed=531, unchanged=387, early_stops=8/8
26 - INFO - chord#: 47 In build_straw_man_chord_sa. tolerance = 1, sa_iterations = 1000, initial_temperature = 3.0, cooling_rate = 0.999
26 - INFO - chord#: 46 done. best_score=27.0, changed=523, unchanged=355, early_stops=8/8
26 - INFO - chord#: 47 In build_straw_man_chord_sa. tolerance = 1, sa_iterations = 1000, initial_temperature = 3.0, cooling_rate = 0.999
26 - INFO - chord#: 46 done. best_score=27.0, changed=529, unchanged=597, early_stops=8/8
26 - INFO - chord#: 47 In build_straw_man_chord_sa. tolerance = 1, sa_iterations = 1000, initial_temperature = 3.0, cooling_rate = 0.999
26 - INFO - chord#: 40 done. best_score=35.0, changed=524, unchanged=412, early_stops=8/8
26 - INFO - chord#: 42 In build_straw_man_chord_sa. tolerance = 1, sa_iterations = 1000, initial_temperature = 3.0, cooling_rate = 0.999
26 - INFO - chord#: 36 done. best_score=27.0, changed=527, unchanged=392, early_stops=8/8
26 - INFO - chord#: 38 In build_straw_man_chord_sa. tolerance = 1, sa_iterations = 1000, initial_temperature = 3.0, cooling_rate = 0.999
26 - INFO - chord#: 40 done. best_score=35.0, changed=522, unchanged=432, early_stops=8/8
26 - INFO - chord#: 42 In build_straw_man_chord_sa. tolerance = 1, sa_iterations = 1000, initial_temperature = 3.0, cooling_rate = 0.999
26 - INFO - chord#: 36 done. best_score=27.0, changed=521, unchanged=484, early_stops=8/8
26 - INFO - chord#: 38 In build_straw_man_chord_sa. tolerance = 1, sa_iterations = 1000, initial_temperature = 3.0, cooling_rate = 0.999
26 - INFO - chord#: 46 done. best_score=27.0, changed=531, unchanged=382, early_stops=8/8
26 - INFO - chord#: 47 In build_straw_man_chord_sa. tolerance = 1, sa_iterations = 1000, initial_temperature = 3.0, cooling_rate = 0.999
26 - INFO - chord#: 46 done. best_score=27.0, changed=524, unchanged=431, early_stops=8/8
26 - INFO - chord#: 47 In build_straw_man_chord_sa. tolerance = 1, sa_iterations = 1000, initial_temperature = 3.0, cooling_rate = 0.999
26 - INFO - chord#: 38 done. best_score=27.0, changed=516, unchanged=305, early_stops=8/8
26 - INFO - chord#: 40 In build_straw_man_chord_sa. tolerance = 1, sa_iterations = 1000, initial_temperature = 3.0, cooling_rate = 0.999
26 - INFO - chord#: 36 done. best_score=27.0, changed=519, unchanged=431, early_stops=8/8
26 - INFO - chord#: 38 In build_straw_man_chord_sa. tolerance = 1, sa_iterations = 1000, initial_temperature = 3.0, cooling_rate = 0.999
26 - INFO - chord#: 38 done. best_score=27.0, changed=518, unchanged=345, early_stops=8/8
26 - INFO - chord#: 40 In build_straw_man_chord_sa. tolerance = 1, sa_iterations = 1000, initial_temperature = 3.0, cooling_rate = 0.999
26 - INFO - chord#: 42 done. best_score=36.0, changed=526, unchanged=294, early_stops=8/8
26 - INFO - chord#: 44 In build_straw_man_chord_sa. tolerance = 1, sa_iterations = 1000, initial_temperature = 3.0, cooling_rate = 0.999
26 - INFO - chord#: 42 done. best_score=27.0, changed=515, unchanged=350, early_stops=8/8
26 - INFO - chord#: 44 In build_straw_man_chord_sa. tolerance = 1, sa_iterations = 1000, initial_temperature = 3.0, cooling_rate = 0.999
26 - INFO - chord#: 38 done. best_score=27.0, changed=522, unchanged=342, early_stops=8/8
26 - INFO - chord#: 40 In build_straw_man_chord_sa. tolerance = 1, sa_iterations = 1000, initial_temperature = 3.0, cooling_rate = 0.999
26 - INFO - chord#: 47 done. best_score=67.0, changed=610, unchanged=291, early_stops=8/8
26 - INFO - chord#: 48 In build_straw_man_chord_sa. tolerance = 1, sa_iterations = 1000, initial_temperature = 3.0, cooling_rate = 0.999
26 - INFO - chord#: 38 done. best_score=27.0, changed=527, unchanged=515, early_stops=8/8
26 - INFO - chord#: 40 In build_straw_man_chord_sa. tolerance = 1, sa_iterations = 1000, initial_temperature = 3.0, cooling_rate = 0.999
26 - INFO - chord#: 40 done. best_score=35.0, changed=521, unchanged=342, early_stops=8/8
26 - INFO - chord#: 42 In build_straw_man_chord_sa. tolerance = 1, sa_iterations = 1000, initial_temperature = 3.0, cooling_rate = 0.999
26 - INFO - chord#: 40 done. best_score=35.0, changed=520, unchanged=390, early_stops=8/8
26 - INFO - chord#: 42 In build_straw_man_chord_sa. tolerance = 1, sa_iterations = 1000, initial_temperature = 3.0, cooling_rate = 0.999
26 - INFO - chord#: 47 done. best_score=67.0, changed=608, unchanged=274, early_stops=8/8
26 - INFO - chord#: 48 In build_straw_man_chord_sa. tolerance = 1, sa_iterations = 1000, initial_temperature = 3.0, cooling_rate = 0.999
26 - INFO - chord#: 47 done. best_score=67.0, changed=614, unchanged=242, early_stops=8/8
26 - INFO - chord#: 48 In build_straw_man_chord_sa. tolerance = 1, sa_iterations = 1000, initial_temperature = 3.0, cooling_rate = 0.999
26 - INFO - chord#: 44 done. best_score=31.0, changed=535, unchanged=277, early_stops=8/8
26 - INFO - chord#: 46 In build_straw_man_chord_sa. tolerance = 1, sa_iterations = 1000, initial_temperature = 3.0, cooling_rate = 0.999
26 - INFO - chord#: 38 done. best_score=27.0, changed=527, unchanged=413, early_stops=8/8
26 - INFO - chord#: 40 In build_straw_man_chord_sa. tolerance = 1, sa_iterations = 1000, initial_temperature = 3.0, cooling_rate = 0.999
26 - INFO - chord#: 44 done. best_score=31.0, changed=527, unchanged=330, early_stops=8/8
26 - INFO - chord#: 46 In build_straw_man_chord_sa. tolerance = 1, sa_iterations = 1000, initial_temperature = 3.0, cooling_rate = 0.999
26 - INFO - chord#: 47 done. best_score=201.0, changed=606, unchanged=220, early_stops=8/8
26 - INFO - chord#: 48 In build_straw_man_chord_sa. tolerance = 1, sa_iterations = 1000, initial_temperature = 3.0, cooling_rate = 0.999
26 - INFO - chord#: 48 done. best_score=27.0, changed=524, unchanged=340, early_stops=8/8
26 - INFO - chord#: 56 In build_straw_man_chord_sa. tolerance = 1, sa_iterations = 1000, initial_temperature = 3.0, cooling_rate = 0.999
26 - INFO - chord#: 48 done. best_score=27.0, changed=523, unchanged=341, early_stops=8/8
26 - INFO - chord#: 56 In build_straw_man_chord_sa. tolerance = 1, sa_iterations = 1000, initial_temperature = 3.0, cooling_rate = 0.999
26 - INFO - chord#: 47 done. best_score=167.0, changed=607, unchanged=336, early_stops=8/8
26 - INFO - chord#: 48 In build_straw_man_chord_sa. tolerance = 1, sa_iterations = 1000, initial_temperature = 3.0, cooling_rate = 0.999
26 - INFO - chord#: 48 done. best_score=27.0, changed=524, unchanged=366, early_stops=8/8
26 - INFO - chord#: 56 In build_straw_man_chord_sa. tolerance = 1, sa_iterations = 1000, initial_temperature = 3.0, cooling_rate = 0.999
26 - INFO - chord#: 40 done. best_score=35.0, changed=530, unchanged=373, early_stops=8/8
26 - INFO - chord#: 42 In build_straw_man_chord_sa. tolerance = 1, sa_iterations = 1000, initial_temperature = 3.0, cooling_rate = 0.999
26 - INFO - chord#: 42 done. best_score=36.0, changed=528, unchanged=311, early_stops=8/8
26 - INFO - chord#: 44 In build_straw_man_chord_sa. tolerance = 1, sa_iterations = 1000, initial_temperature = 3.0, cooling_rate = 0.999
26 - INFO - chord#: 40 done. best_score=35.0, changed=528, unchanged=467, early_stops=8/8
26 - INFO - chord#: 42 In build_straw_man_chord_sa. tolerance = 1, sa_iterations = 1000, initial_temperature = 3.0, cooling_rate = 0.999
26 - INFO - chord#: 46 done. best_score=27.0, changed=530, unchanged=410, early_stops=8/8
26 - INFO - chord#: 47 In build_straw_man_chord_sa. tolerance = 1, sa_iterations = 1000, initial_temperature = 3.0, cooling_rate = 0.999
26 - INFO - chord#: 42 done. best_score=36.0, changed=527, unchanged=391, early_stops=8/8
26 - INFO - chord#: 44 In build_straw_man_chord_sa. tolerance = 1, sa_iterations = 1000, initial_temperature = 3.0, cooling_rate = 0.999
26 - INFO - chord#: 48 done. best_score=27.0, changed=517, unchanged=307, early_stops=8/8
26 - INFO - chord#: 56 In build_straw_man_chord_sa. tolerance = 1, sa_iterations = 1000, initial_temperature = 3.0, cooling_rate = 0.999
26 - INFO - chord#: 40 done. best_score=35.0, changed=522, unchanged=381, early_stops=8/8
26 - INFO - chord#: 42 In build_straw_man_chord_sa. tolerance = 1, sa_iterations = 1000, initial_temperature = 3.0, cooling_rate = 0.999
26 - INFO - chord#: 56 done. best_score=27.0, changed=525, unchanged=378, early_stops=8/8
26 - INFO - chord#: 60 In build_straw_man_chord_sa. tolerance = 1, sa_iterations = 1000, initial_temperature = 3.0, cooling_rate = 0.999
26 - INFO - chord#: 46 done. best_score=27.0, changed=522, unchanged=374, early_stops=8/8
26 - INFO - chord#: 47 In build_straw_man_chord_sa. tolerance = 1, sa_iterations = 1000, initial_temperature = 3.0, cooling_rate = 0.999
26 - INFO - chord#: 56 done. best_score=27.0, changed=522, unchanged=333, early_stops=8/8
26 - INFO - chord#: 60 In build_straw_man_chord_sa. tolerance = 1, sa_iterations = 1000, initial_temperature = 3.0, cooling_rate = 0.999
26 - INFO - chord#: 48 done. best_score=27.0, changed=528, unchanged=365, early_stops=8/8
26 - INFO - chord#: 56 In build_straw_man_chord_sa. tolerance = 1, sa_iterations = 1000, initial_temperature = 3.0, cooling_rate = 0.999
26 - INFO - chord#: 56 done. best_score=27.0, changed=532, unchanged=389, early_stops=8/8
26 - INFO - chord#: 60 In build_straw_man_chord_sa. tolerance = 1, sa_iterations = 1000, initial_temperature = 3.0, cooling_rate = 0.999
26 - INFO - chord#: 44 done. best_score=31.0, changed=528, unchanged=318, early_stops=8/8
26 - INFO - chord#: 46 In build_straw_man_chord_sa. tolerance = 1, sa_iterations = 1000, initial_temperature = 3.0, cooling_rate = 0.999
26 - INFO - chord#: 42 done. best_score=36.0, changed=525, unchanged=349, early_stops=8/8
26 - INFO - chord#: 44 In build_straw_man_chord_sa. tolerance = 1, sa_iterations = 1000, initial_temperature = 3.0, cooling_rate = 0.999
26 - INFO - chord#: 44 done. best_score=31.0, changed=551, unchanged=315, early_stops=8/8
26 - INFO - chord#: 46 In build_straw_man_chord_sa. tolerance = 1, sa_iterations = 1000, initial_temperature = 3.0, cooling_rate = 0.999
26 - INFO - chord#: 56 done. best_score=27.0, changed=532, unchanged=411, early_stops=8/8
26 - INFO - chord#: 60 In build_straw_man_chord_sa. tolerance = 1, sa_iterations = 1000, initial_temperature = 3.0, cooling_rate = 0.999
26 - INFO - chord#: 42 done. best_score=36.0, changed=522, unchanged=353, early_stops=8/8
26 - INFO - chord#: 44 In build_straw_man_chord_sa. tolerance = 1, sa_iterations = 1000, initial_temperature = 3.0, cooling_rate = 0.999
26 - INFO - chord#: 60 done. best_score=27.0, changed=527, unchanged=327, early_stops=8/8
26 - INFO - chord#: 64 In build_straw_man_chord_sa. tolerance = 1, sa_iterations = 1000, initial_temperature = 3.0, cooling_rate = 0.999
26 - INFO - chord#: 42 done. best_score=36.0, changed=523, unchanged=334, early_stops=8/8
26 - INFO - chord#: 44 In build_straw_man_chord_sa. tolerance = 1, sa_iterations = 1000, initial_temperature = 3.0, cooling_rate = 0.999
26 - INFO - chord#: 60 done. best_score=27.0, changed=522, unchanged=367, early_stops=8/8
26 - INFO - chord#: 64 In build_straw_man_chord_sa. tolerance = 1, sa_iterations = 1000, initial_temperature = 3.0, cooling_rate = 0.999
26 - INFO - chord#: 56 done. best_score=27.0, changed=519, unchanged=347, early_stops=8/8
26 - INFO - chord#: 60 In build_straw_man_chord_sa. tolerance = 1, sa_iterations = 1000, initial_temperature = 3.0, cooling_rate = 0.999
26 - INFO - chord#: 44 done. best_score=31.0, changed=573, unchanged=316, early_stops=8/8
26 - INFO - chord#: 46 In build_straw_man_chord_sa. tolerance = 1, sa_iterations = 1000, initial_temperature = 3.0, cooling_rate = 0.999
26 - INFO - chord#: 60 done. best_score=27.0, changed=524, unchanged=428, early_stops=8/8
26 - INFO - chord#: 64 In build_straw_man_chord_sa. tolerance = 1, sa_iterations = 1000, initial_temperature = 3.0, cooling_rate = 0.999
26 - INFO - chord#: 46 done. best_score=27.0, changed=524, unchanged=396, early_stops=8/8
26 - INFO - chord#: 47 In build_straw_man_chord_sa. tolerance = 1, sa_iterations = 1000, initial_temperature = 3.0, cooling_rate = 0.999
26 - INFO - chord#: 60 done. best_score=27.0, changed=523, unchanged=365, early_stops=8/8
26 - INFO - chord#: 64 In build_straw_man_chord_sa. tolerance = 1, sa_iterations = 1000, initial_temperature = 3.0, cooling_rate = 0.999
26 - INFO - chord#: 64 done. best_score=27.0, changed=524, unchanged=355, early_stops=8/8
26 - INFO - chord#: 68 In build_straw_man_chord_sa. tolerance = 1, sa_iterations = 1000, initial_temperature = 3.0, cooling_rate = 0.999
26 - INFO - chord#: 44 done. best_score=31.0, changed=528, unchanged=327, early_stops=8/8
26 - INFO - chord#: 46 In build_straw_man_chord_sa. tolerance = 1, sa_iterations = 1000, initial_temperature = 3.0, cooling_rate = 0.999
26 - INFO - chord#: 64 done. best_score=27.0, changed=519, unchanged=394, early_stops=8/8
26 - INFO - chord#: 68 In build_straw_man_chord_sa. tolerance = 1, sa_iterations = 1000, initial_temperature = 3.0, cooling_rate = 0.999
26 - INFO - chord#: 60 done. best_score=27.0, changed=533, unchanged=356, early_stops=8/8
26 - INFO - chord#: 64 In build_straw_man_chord_sa. tolerance = 1, sa_iterations = 1000, initial_temperature = 3.0, cooling_rate = 0.999
26 - INFO - chord#: 44 done. best_score=31.0, changed=551, unchanged=333, early_stops=8/8
26 - INFO - chord#: 46 In build_straw_man_chord_sa. tolerance = 1, sa_iterations = 1000, initial_temperature = 3.0, cooling_rate = 0.999
26 - INFO - chord#: 46 done. best_score=27.0, changed=523, unchanged=343, early_stops=8/8
26 - INFO - chord#: 47 In build_straw_man_chord_sa. tolerance = 1, sa_iterations = 1000, initial_temperature = 3.0, cooling_rate = 0.999
26 - INFO - chord#: 47 done. best_score=140.0, changed=611, unchanged=224, early_stops=8/8
26 - INFO - chord#: 48 In build_straw_man_chord_sa. tolerance = 1, sa_iterations = 1000, initial_temperature = 3.0, cooling_rate = 0.999
26 - INFO - chord#: 46 done. best_score=27.0, changed=538, unchanged=632, early_stops=8/8
26 - INFO - chord#: 47 In build_straw_man_chord_sa. tolerance = 1, sa_iterations = 1000, initial_temperature = 3.0, cooling_rate = 0.999
26 - INFO - chord#: 64 done. best_score=27.0, changed=529, unchanged=337, early_stops=8/8
26 - INFO - chord#: 68 In build_straw_man_chord_sa. tolerance = 1, sa_iterations = 1000, initial_temperature = 3.0, cooling_rate = 0.999
26 - INFO - chord#: 64 done. best_score=27.0, changed=527, unchanged=371, early_stops=8/8
26 - INFO - chord#: 68 In build_straw_man_chord_sa. tolerance = 1, sa_iterations = 1000, initial_temperature = 3.0, cooling_rate = 0.999
26 - INFO - chord#: 68 done. best_score=35.0, changed=520, unchanged=336, early_stops=8/8
26 - INFO - chord#: 70 In build_straw_man_chord_sa. tolerance = 1, sa_iterations = 1000, initial_temperature = 3.0, cooling_rate = 0.999
26 - INFO - chord#: 64 done. best_score=27.0, changed=518, unchanged=301, early_stops=8/8
26 - INFO - chord#: 68 In build_straw_man_chord_sa. tolerance = 1, sa_iterations = 1000, initial_temperature = 3.0, cooling_rate = 0.999
26 - INFO - chord#: 68 done. best_score=35.0, changed=524, unchanged=353, early_stops=8/8
26 - INFO - chord#: 70 In build_straw_man_chord_sa. tolerance = 1, sa_iterations = 1000, initial_temperature = 3.0, cooling_rate = 0.999
26 - INFO - chord#: 68 done. best_score=35.0, changed=535, unchanged=383, early_stops=8/8
26 - INFO - chord#: 70 In build_straw_man_chord_sa. tolerance = 1, sa_iterations = 1000, initial_temperature = 3.0, cooling_rate = 0.999
26 - INFO - chord#: 46 done. best_score=27.0, changed=517, unchanged=524, early_stops=8/8
26 - INFO - chord#: 47 In build_straw_man_chord_sa. tolerance = 1, sa_iterations = 1000, initial_temperature = 3.0, cooling_rate = 0.999
26 - INFO - chord#: 46 done. best_score=27.0, changed=522, unchanged=487, early_stops=8/8
26 - INFO - chord#: 47 In build_straw_man_chord_sa. tolerance = 1, sa_iterations = 1000, initial_temperature = 3.0, cooling_rate = 0.999
26 - INFO - chord#: 47 done. best_score=145.0, changed=619, unchanged=434, early_stops=8/8
26 - INFO - chord#: 48 done. best_score=27.0, changed=528, unchanged=381, early_stops=8/8
26 - INFO - chord#: 48 In build_straw_man_chord_sa. tolerance = 1, sa_iterations = 1000, initial_temperature = 3.0, cooling_rate = 0.999
26 - INFO - chord#: 56 In build_straw_man_chord_sa. tolerance = 1, sa_iterations = 1000, initial_temperature = 3.0, cooling_rate = 0.999
26 - INFO - chord#: 68 done. best_score=35.0, changed=539, unchanged=420, early_stops=8/8
26 - INFO - chord#: 70 In build_straw_man_chord_sa. tolerance = 1, sa_iterations = 1000, initial_temperature = 3.0, cooling_rate = 0.999
26 - INFO - chord#: 70 done. best_score=36.0, changed=523, unchanged=373, early_stops=8/8
26 - INFO - chord#: 72 In build_straw_man_chord_sa. tolerance = 1, sa_iterations = 1000, initial_temperature = 3.0, cooling_rate = 0.999
26 - INFO - chord#: 68 done. best_score=35.0, changed=521, unchanged=344, early_stops=8/8
26 - INFO - chord#: 70 In build_straw_man_chord_sa. tolerance = 1, sa_iterations = 1000, initial_temperature = 3.0, cooling_rate = 0.999
26 - INFO - chord#: 70 done. best_score=36.0, changed=512, unchanged=316, early_stops=8/8
26 - INFO - chord#: 72 In build_straw_man_chord_sa. tolerance = 1, sa_iterations = 1000, initial_temperature = 3.0, cooling_rate = 0.999
26 - INFO - chord#: 70 done. best_score=36.0, changed=518, unchanged=309, early_stops=8/8
26 - INFO - chord#: 72 In build_straw_man_chord_sa. tolerance = 1, sa_iterations = 1000, initial_temperature = 3.0, cooling_rate = 0.999
26 - INFO - chord#: 70 done. best_score=36.0, changed=522, unchanged=323, early_stops=8/8
26 - INFO - chord#: 72 In build_straw_man_chord_sa. tolerance = 1, sa_iterations = 1000, initial_temperature = 3.0, cooling_rate = 0.999
26 - INFO - chord#: 48 done. best_score=27.0, changed=517, unchanged=346, early_stops=8/8
26 - INFO - chord#: 56 In build_straw_man_chord_sa. tolerance = 1, sa_iterations = 1000, initial_temperature = 3.0, cooling_rate = 0.999
26 - INFO - chord#: 47 done. best_score=137.0, changed=609, unchanged=253, early_stops=8/8
26 - INFO - chord#: 48 In build_straw_man_chord_sa. tolerance = 1, sa_iterations = 1000, initial_temperature = 3.0, cooling_rate = 0.999
26 - INFO - chord#: 70 done. best_score=36.0, changed=523, unchanged=388, early_stops=8/8
26 - INFO - chord#: 72 In build_straw_man_chord_sa. tolerance = 1, sa_iterations = 1000, initial_temperature = 3.0, cooling_rate = 0.999
26 - INFO - chord#: 47 done. best_score=67.0, changed=612, unchanged=358, early_stops=8/8
26 - INFO - chord#: 48 In build_straw_man_chord_sa. tolerance = 1, sa_iterations = 1000, initial_temperature = 3.0, cooling_rate = 0.999
26 - INFO - chord#: 72 done. best_score=27.0, changed=519, unchanged=390, early_stops=8/8
26 - INFO - chord#: 74 In build_straw_man_chord_sa. tolerance = 1, sa_iterations = 1000, initial_temperature = 3.0, cooling_rate = 0.999
26 - INFO - chord#: 56 done. best_score=27.0, changed=536, unchanged=362, early_stops=8/8
26 - INFO - chord#: 60 In build_straw_man_chord_sa. tolerance = 1, sa_iterations = 1000, initial_temperature = 3.0, cooling_rate = 0.999
26 - INFO - chord#: 47 done. best_score=67.0, changed=611, unchanged=246, early_stops=8/8
26 - INFO - chord#: 48 In build_straw_man_chord_sa. tolerance = 1, sa_iterations = 1000, initial_temperature = 3.0, cooling_rate = 0.999
26 - INFO - chord#: 72 done. best_score=27.0, changed=517, unchanged=502, early_stops=8/8
26 - INFO - chord#: 74 In build_straw_man_chord_sa. tolerance = 1, sa_iterations = 1000, initial_temperature = 3.0, cooling_rate = 0.999
26 - INFO - chord#: 72 done. best_score=27.0, changed=526, unchanged=377, early_stops=8/8
26 - INFO - chord#: 74 In build_straw_man_chord_sa. tolerance = 1, sa_iterations = 1000, initial_temperature = 3.0, cooling_rate = 0.999
26 - INFO - chord#: 72 done. best_score=27.0, changed=524, unchanged=388, early_stops=8/8
26 - INFO - chord#: 74 In build_straw_man_chord_sa. tolerance = 1, sa_iterations = 1000, initial_temperature = 3.0, cooling_rate = 0.999
26 - INFO - chord#: 48 done. best_score=27.0, changed=525, unchanged=403, early_stops=8/8
26 - INFO - chord#: 56 In build_straw_man_chord_sa. tolerance = 1, sa_iterations = 1000, initial_temperature = 3.0, cooling_rate = 0.999
26 - INFO - chord#: 56 done. best_score=27.0, changed=517, unchanged=318, early_stops=8/8
26 - INFO - chord#: 60 In build_straw_man_chord_sa. tolerance = 1, sa_iterations = 1000, initial_temperature = 3.0, cooling_rate = 0.999
26 - INFO - chord#: 60 done. best_score=27.0, changed=528, unchanged=346, early_stops=8/8
26 - INFO - chord#: 64 In build_straw_man_chord_sa. tolerance = 1, sa_iterations = 1000, initial_temperature = 3.0, cooling_rate = 0.999
26 - INFO - chord#: 47 done. best_score=184.0, changed=608, unchanged=234, early_stops=8/8
26 - INFO - chord#: 48 In build_straw_man_chord_sa. tolerance = 1, sa_iterations = 1000, initial_temperature = 3.0, cooling_rate = 0.999
26 - INFO - chord#: 48 done. best_score=27.0, changed=515, unchanged=317, early_stops=8/8
26 - INFO - chord#: 56 In build_straw_man_chord_sa. tolerance = 1, sa_iterations = 1000, initial_temperature = 3.0, cooling_rate = 0.999
26 - INFO - chord#: 72 done. best_score=27.0, changed=519, unchanged=474, early_stops=8/8
26 - INFO - chord#: 74 In build_straw_man_chord_sa. tolerance = 1, sa_iterations = 1000, initial_temperature = 3.0, cooling_rate = 0.999
26 - INFO - chord#: 47 done. best_score=137.0, changed=606, unchanged=280, early_stops=8/8
26 - INFO - chord#: 48 In build_straw_man_chord_sa. tolerance = 1, sa_iterations = 1000, initial_temperature = 3.0, cooling_rate = 0.999
26 - INFO - chord#: 48 done. best_score=27.0, changed=525, unchanged=366, early_stops=8/8
26 - INFO - chord#: 56 In build_straw_man_chord_sa. tolerance = 1, sa_iterations = 1000, initial_temperature = 3.0, cooling_rate = 0.999
26 - INFO - chord#: 64 done. best_score=27.0, changed=524, unchanged=372, early_stops=8/8
26 - INFO - chord#: 68 In build_straw_man_chord_sa. tolerance = 1, sa_iterations = 1000, initial_temperature = 3.0, cooling_rate = 0.999
26 - INFO - chord#: 74 done. best_score=136.0, changed=610, unchanged=227, early_stops=8/8
26 - INFO - chord#: 76 In build_straw_man_chord_sa. tolerance = 1, sa_iterations = 1000, initial_temperature = 3.0, cooling_rate = 0.999
26 - INFO - chord#: 60 done. best_score=27.0, changed=525, unchanged=408, early_stops=8/8
26 - INFO - chord#: 64 In build_straw_man_chord_sa. tolerance = 1, sa_iterations = 1000, initial_temperature = 3.0, cooling_rate = 0.999
26 - INFO - chord#: 56 done. best_score=27.0, changed=526, unchanged=432, early_stops=8/8
26 - INFO - chord#: 60 In build_straw_man_chord_sa. tolerance = 1, sa_iterations = 1000, initial_temperature = 3.0, cooling_rate = 0.999
26 - INFO - chord#: 48 done. best_score=27.0, changed=524, unchanged=344, early_stops=8/8
26 - INFO - chord#: 56 In build_straw_man_chord_sa. tolerance = 1, sa_iterations = 1000, initial_temperature = 3.0, cooling_rate = 0.999
26 - INFO - chord#: 56 done. best_score=27.0, changed=529, unchanged=468, early_stops=8/8
26 - INFO - chord#: 60 In build_straw_man_chord_sa. tolerance = 1, sa_iterations = 1000, initial_temperature = 3.0, cooling_rate = 0.999
26 - INFO - chord#: 48 done. best_score=27.0, changed=519, unchanged=339, early_stops=8/8
26 - INFO - chord#: 56 In build_straw_man_chord_sa. tolerance = 1, sa_iterations = 1000, initial_temperature = 3.0, cooling_rate = 0.999
26 - INFO - chord#: 56 done. best_score=27.0, changed=523, unchanged=326, early_stops=8/8
26 - INFO - chord#: 60 In build_straw_man_chord_sa. tolerance = 1, sa_iterations = 1000, initial_temperature = 3.0, cooling_rate = 0.999
26 - INFO - chord#: 74 done. best_score=82.0, changed=615, unchanged=298, early_stops=8/8
26 - INFO - chord#: 76 In build_straw_man_chord_sa. tolerance = 1, sa_iterations = 1000, initial_temperature = 3.0, cooling_rate = 0.999
26 - INFO - chord#: 74 done. best_score=82.0, changed=614, unchanged=480, early_stops=8/8
26 - INFO - chord#: 76 In build_straw_man_chord_sa. tolerance = 1, sa_iterations = 1000, initial_temperature = 3.0, cooling_rate = 0.999
26 - INFO - chord#: 74 done. best_score=82.0, changed=612, unchanged=300, early_stops=8/8
26 - INFO - chord#: 76 In build_straw_man_chord_sa. tolerance = 1, sa_iterations = 1000, initial_temperature = 3.0, cooling_rate = 0.999
26 - INFO - chord#: 76 done. best_score=54.0, changed=530, unchanged=308, early_stops=8/8
26 - INFO - chord#: 80 In build_straw_man_chord_sa. tolerance = 1, sa_iterations = 1000, initial_temperature = 3.0, cooling_rate = 0.999
26 - INFO - chord#: 68 done. best_score=35.0, changed=527, unchanged=382, early_stops=8/8
26 - INFO - chord#: 70 In build_straw_man_chord_sa. tolerance = 1, sa_iterations = 1000, initial_temperature = 3.0, cooling_rate = 0.999
26 - INFO - chord#: 74 done. best_score=120.0, changed=605, unchanged=198, early_stops=8/8
26 - INFO - chord#: 76 In build_straw_man_chord_sa. tolerance = 1, sa_iterations = 1000, initial_temperature = 3.0, cooling_rate = 0.999
26 - INFO - chord#: 64 done. best_score=27.0, changed=529, unchanged=424, early_stops=8/8
26 - INFO - chord#: 68 In build_straw_man_chord_sa. tolerance = 1, sa_iterations = 1000, initial_temperature = 3.0, cooling_rate = 0.999
26 - INFO - chord#: 56 done. best_score=27.0, changed=533, unchanged=341, early_stops=8/8
26 - INFO - chord#: 60 In build_straw_man_chord_sa. tolerance = 1, sa_iterations = 1000, initial_temperature = 3.0, cooling_rate = 0.999
26 - INFO - chord#: 60 done. best_score=27.0, changed=523, unchanged=468, early_stops=8/8
26 - INFO - chord#: 64 In build_straw_man_chord_sa. tolerance = 1, sa_iterations = 1000, initial_temperature = 3.0, cooling_rate = 0.999
26 - INFO - chord#: 76 done. best_score=31.0, changed=527, unchanged=310, early_stops=8/8
26 - INFO - chord#: 80 In build_straw_man_chord_sa. tolerance = 1, sa_iterations = 1000, initial_temperature = 3.0, cooling_rate = 0.999
26 - INFO - chord#: 60 done. best_score=27.0, changed=533, unchanged=319, early_stops=8/8
26 - INFO - chord#: 64 In build_straw_man_chord_sa. tolerance = 1, sa_iterations = 1000, initial_temperature = 3.0, cooling_rate = 0.999
26 - INFO - chord#: 76 done. best_score=31.0, changed=524, unchanged=356, early_stops=8/8
26 - INFO - chord#: 80 In build_straw_man_chord_sa. tolerance = 1, sa_iterations = 1000, initial_temperature = 3.0, cooling_rate = 0.999
26 - INFO - chord#: 56 done. best_score=27.0, changed=519, unchanged=342, early_stops=8/8
26 - INFO - chord#: 60 In build_straw_man_chord_sa. tolerance = 1, sa_iterations = 1000, initial_temperature = 3.0, cooling_rate = 0.999
26 - INFO - chord#: 60 done. best_score=27.0, changed=531, unchanged=478, early_stops=8/8
26 - INFO - chord#: 64 In build_straw_man_chord_sa. tolerance = 1, sa_iterations = 1000, initial_temperature = 3.0, cooling_rate = 0.999
26 - INFO - chord#: 80 done. best_score=27.0, changed=528, unchanged=392, early_stops=8/8
26 - INFO - chord#: 84 In build_straw_man_chord_sa. tolerance = 1, sa_iterations = 1000, initial_temperature = 3.0, cooling_rate = 0.999
26 - INFO - chord#: 70 done. best_score=36.0, changed=519, unchanged=342, early_stops=8/8
26 - INFO - chord#: 72 In build_straw_man_chord_sa. tolerance = 1, sa_iterations = 1000, initial_temperature = 3.0, cooling_rate = 0.999
26 - INFO - chord#: 76 done. best_score=31.0, changed=524, unchanged=328, early_stops=8/8
26 - INFO - chord#: 80 In build_straw_man_chord_sa. tolerance = 1, sa_iterations = 1000, initial_temperature = 3.0, cooling_rate = 0.999
26 - INFO - chord#: 76 done. best_score=31.0, changed=536, unchanged=472, early_stops=8/8
26 - INFO - chord#: 80 In build_straw_man_chord_sa. tolerance = 1, sa_iterations = 1000, initial_temperature = 3.0, cooling_rate = 0.999
26 - INFO - chord#: 68 done. best_score=35.0, changed=528, unchanged=425, early_stops=8/8
26 - INFO - chord#: 70 In build_straw_man_chord_sa. tolerance = 1, sa_iterations = 1000, initial_temperature = 3.0, cooling_rate = 0.999
26 - INFO - chord#: 60 done. best_score=27.0, changed=523, unchanged=353, early_stops=8/8
26 - INFO - chord#: 64 In build_straw_man_chord_sa. tolerance = 1, sa_iterations = 1000, initial_temperature = 3.0, cooling_rate = 0.999
26 - INFO - chord#: 80 done. best_score=27.0, changed=519, unchanged=365, early_stops=8/8
26 - INFO - chord#: 84 In build_straw_man_chord_sa. tolerance = 1, sa_iterations = 1000, initial_temperature = 3.0, cooling_rate = 0.999
26 - INFO - chord#: 64 done. best_score=27.0, changed=520, unchanged=338, early_stops=8/8
26 - INFO - chord#: 68 In build_straw_man_chord_sa. tolerance = 1, sa_iterations = 1000, initial_temperature = 3.0, cooling_rate = 0.999
26 - INFO - chord#: 64 done. best_score=27.0, changed=539, unchanged=364, early_stops=8/8
26 - INFO - chord#: 68 In build_straw_man_chord_sa. tolerance = 1, sa_iterations = 1000, initial_temperature = 3.0, cooling_rate = 0.999
26 - INFO - chord#: 84 done. best_score=27.0, changed=518, unchanged=326, early_stops=8/8
26 - INFO - chord#: 88 In build_straw_man_chord_sa. tolerance = 1, sa_iterations = 1000, initial_temperature = 3.0, cooling_rate = 0.999
26 - INFO - chord#: 60 done. best_score=27.0, changed=519, unchanged=319, early_stops=8/8
26 - INFO - chord#: 64 In build_straw_man_chord_sa. tolerance = 1, sa_iterations = 1000, initial_temperature = 3.0, cooling_rate = 0.999
26 - INFO - chord#: 80 done. best_score=27.0, changed=531, unchanged=537, early_stops=8/8
26 - INFO - chord#: 84 In build_straw_man_chord_sa. tolerance = 1, sa_iterations = 1000, initial_temperature = 3.0, cooling_rate = 0.999
26 - INFO - chord#: 64 done. best_score=27.0, changed=523, unchanged=323, early_stops=8/8
26 - INFO - chord#: 68 In build_straw_man_chord_sa. tolerance = 1, sa_iterations = 1000, initial_temperature = 3.0, cooling_rate = 0.999
26 - INFO - chord#: 72 done. best_score=27.0, changed=521, unchanged=446, early_stops=8/8
26 - INFO - chord#: 74 In build_straw_man_chord_sa. tolerance = 1, sa_iterations = 1000, initial_temperature = 3.0, cooling_rate = 0.999
26 - INFO - chord#: 80 done. best_score=27.0, changed=515, unchanged=314, early_stops=8/8
26 - INFO - chord#: 84 In build_straw_man_chord_sa. tolerance = 1, sa_iterations = 1000, initial_temperature = 3.0, cooling_rate = 0.999
26 - INFO - chord#: 80 done. best_score=27.0, changed=523, unchanged=357, early_stops=8/8
26 - INFO - chord#: 84 In build_straw_man_chord_sa. tolerance = 1, sa_iterations = 1000, initial_temperature = 3.0, cooling_rate = 0.999
26 - INFO - chord#: 70 done. best_score=36.0, changed=521, unchanged=344, early_stops=8/8
26 - INFO - chord#: 72 In build_straw_man_chord_sa. tolerance = 1, sa_iterations = 1000, initial_temperature = 3.0, cooling_rate = 0.999
26 - INFO - chord#: 84 done. best_score=27.0, changed=525, unchanged=359, early_stops=8/8
26 - INFO - chord#: 88 In build_straw_man_chord_sa. tolerance = 1, sa_iterations = 1000, initial_temperature = 3.0, cooling_rate = 0.999
26 - INFO - chord#: 64 done. best_score=27.0, changed=523, unchanged=335, early_stops=8/8
26 - INFO - chord#: 68 In build_straw_man_chord_sa. tolerance = 1, sa_iterations = 1000, initial_temperature = 3.0, cooling_rate = 0.999
26 - INFO - chord#: 68 done. best_score=35.0, changed=531, unchanged=364, early_stops=8/8
26 - INFO - chord#: 70 In build_straw_man_chord_sa. tolerance = 1, sa_iterations = 1000, initial_temperature = 3.0, cooling_rate = 0.999
26 - INFO - chord#: 84 done. best_score=27.0, changed=520, unchanged=350, early_stops=8/8
26 - INFO - chord#: 88 In build_straw_man_chord_sa. tolerance = 1, sa_iterations = 1000, initial_temperature = 3.0, cooling_rate = 0.999
26 - INFO - chord#: 64 done. best_score=27.0, changed=520, unchanged=356, early_stops=8/8
26 - INFO - chord#: 68 In build_straw_man_chord_sa. tolerance = 1, sa_iterations = 1000, initial_temperature = 3.0, cooling_rate = 0.999
26 - INFO - chord#: 68 done. best_score=35.0, changed=526, unchanged=394, early_stops=8/8
26 - INFO - chord#: 70 In build_straw_man_chord_sa. tolerance = 1, sa_iterations = 1000, initial_temperature = 3.0, cooling_rate = 0.999
26 - INFO - chord#: 68 done. best_score=35.0, changed=538, unchanged=405, early_stops=8/8
26 - INFO - chord#: 70 In build_straw_man_chord_sa. tolerance = 1, sa_iterations = 1000, initial_temperature = 3.0, cooling_rate = 0.999
26 - INFO - chord#: 84 done. best_score=27.0, changed=526, unchanged=442, early_stops=8/8
26 - INFO - chord#: 88 In build_straw_man_chord_sa. tolerance = 1, sa_iterations = 1000, initial_temperature = 3.0, cooling_rate = 0.999
26 - INFO - chord#: 72 done. best_score=27.0, changed=525, unchanged=421, early_stops=8/8
26 - INFO - chord#: 74 In build_straw_man_chord_sa. tolerance = 1, sa_iterations = 1000, initial_temperature = 3.0, cooling_rate = 0.999
26 - INFO - chord#: 84 done. best_score=27.0, changed=524, unchanged=457, early_stops=8/8
26 - INFO - chord#: 88 In build_straw_man_chord_sa. tolerance = 1, sa_iterations = 1000, initial_temperature = 3.0, cooling_rate = 0.999
26 - INFO - chord#: 68 done. best_score=35.0, changed=521, unchanged=439, early_stops=8/8
26 - INFO - chord#: 70 In build_straw_man_chord_sa. tolerance = 1, sa_iterations = 1000, initial_temperature = 3.0, cooling_rate = 0.999
26 - INFO - chord#: 70 done. best_score=36.0, changed=526, unchanged=317, early_stops=8/8
26 - INFO - chord#: 72 In build_straw_man_chord_sa. tolerance = 1, sa_iterations = 1000, initial_temperature = 3.0, cooling_rate = 0.999
26 - INFO - chord#: 68 done. best_score=35.0, changed=521, unchanged=358, early_stops=8/8
26 - INFO - chord#: 70 In build_straw_man_chord_sa. tolerance = 1, sa_iterations = 1000, initial_temperature = 3.0, cooling_rate = 0.999
26 - INFO - chord#: 70 done. best_score=36.0, changed=535, unchanged=431, early_stops=8/8
26 - INFO - chord#: 72 In build_straw_man_chord_sa. tolerance = 1, sa_iterations = 1000, initial_temperature = 3.0, cooling_rate = 0.999
26 - INFO - chord#: 74 done. best_score=82.0, changed=612, unchanged=272, early_stops=8/8
26 - INFO - chord#: 76 In build_straw_man_chord_sa. tolerance = 1, sa_iterations = 1000, initial_temperature = 3.0, cooling_rate = 0.999
26 - INFO - chord#: 70 done. best_score=36.0, changed=524, unchanged=450, early_stops=8/8
26 - INFO - chord#: 72 In build_straw_man_chord_sa. tolerance = 1, sa_iterations = 1000, initial_temperature = 3.0, cooling_rate = 0.999
26 - INFO - chord#: 88 done. best_score=82.0, changed=617, unchanged=509, early_stops=8/8
26 - INFO - chord#: 90 In build_straw_man_chord_sa. tolerance = 1, sa_iterations = 1000, initial_temperature = 3.0, cooling_rate = 0.999
26 - INFO - chord#: 88 done. best_score=120.0, changed=611, unchanged=318, early_stops=8/8
26 - INFO - chord#: 90 In build_straw_man_chord_sa. tolerance = 1, sa_iterations = 1000, initial_temperature = 3.0, cooling_rate = 0.999
26 - INFO - chord#: 70 done. best_score=36.0, changed=516, unchanged=318, early_stops=8/8
26 - INFO - chord#: 72 In build_straw_man_chord_sa. tolerance = 1, sa_iterations = 1000, initial_temperature = 3.0, cooling_rate = 0.999
26 - INFO - chord#: 88 done. best_score=82.0, changed=610, unchanged=267, early_stops=8/8
26 - INFO - chord#: 90 In build_straw_man_chord_sa. tolerance = 1, sa_iterations = 1000, initial_temperature = 3.0, cooling_rate = 0.999
26 - INFO - chord#: 76 done. best_score=31.0, changed=526, unchanged=372, early_stops=8/8
26 - INFO - chord#: 80 In build_straw_man_chord_sa. tolerance = 1, sa_iterations = 1000, initial_temperature = 3.0, cooling_rate = 0.999
26 - INFO - chord#: 72 done. best_score=27.0, changed=517, unchanged=437, early_stops=8/8
26 - INFO - chord#: 74 In build_straw_man_chord_sa. tolerance = 1, sa_iterations = 1000, initial_temperature = 3.0, cooling_rate = 0.999
26 - INFO - chord#: 70 done. best_score=36.0, changed=520, unchanged=372, early_stops=8/8
26 - INFO - chord#: 72 In build_straw_man_chord_sa. tolerance = 1, sa_iterations = 1000, initial_temperature = 3.0, cooling_rate = 0.999
26 - INFO - chord#: 88 done. best_score=120.0, changed=611, unchanged=284, early_stops=8/8
26 - INFO - chord#: 90 In build_straw_man_chord_sa. tolerance = 1, sa_iterations = 1000, initial_temperature = 3.0, cooling_rate = 0.999
26 - INFO - chord#: 72 done. best_score=27.0, changed=513, unchanged=373, early_stops=8/8
26 - INFO - chord#: 74 In build_straw_man_chord_sa. tolerance = 1, sa_iterations = 1000, initial_temperature = 3.0, cooling_rate = 0.999
26 - INFO - chord#: 90 done. best_score=27.0, changed=523, unchanged=305, early_stops=8/8
26 - INFO - chord#: 92 In build_straw_man_chord_sa. tolerance = 1, sa_iterations = 1000, initial_temperature = 3.0, cooling_rate = 0.999
26 - INFO - chord#: 74 done. best_score=127.0, changed=610, unchanged=352, early_stops=8/8
26 - INFO - chord#: 76 In build_straw_man_chord_sa. tolerance = 1, sa_iterations = 1000, initial_temperature = 3.0, cooling_rate = 0.999
26 - INFO - chord#: 72 done. best_score=27.0, changed=527, unchanged=442, early_stops=8/8
26 - INFO - chord#: 74 In build_straw_man_chord_sa. tolerance = 1, sa_iterations = 1000, initial_temperature = 3.0, cooling_rate = 0.999
26 - INFO - chord#: 90 done. best_score=27.0, changed=528, unchanged=355, early_stops=8/8
26 - INFO - chord#: 92 In build_straw_man_chord_sa. tolerance = 1, sa_iterations = 1000, initial_temperature = 3.0, cooling_rate = 0.999
26 - INFO - chord#: 90 done. best_score=27.0, changed=528, unchanged=356, early_stops=8/8
26 - INFO - chord#: 92 In build_straw_man_chord_sa. tolerance = 1, sa_iterations = 1000, initial_temperature = 3.0, cooling_rate = 0.999
26 - INFO - chord#: 72 done. best_score=27.0, changed=515, unchanged=337, early_stops=8/8
26 - INFO - chord#: 74 In build_straw_man_chord_sa. tolerance = 1, sa_iterations = 1000, initial_temperature = 3.0, cooling_rate = 0.999
26 - INFO - chord#: 80 done. best_score=27.0, changed=515, unchanged=430, early_stops=8/8
26 - INFO - chord#: 84 In build_straw_man_chord_sa. tolerance = 1, sa_iterations = 1000, initial_temperature = 3.0, cooling_rate = 0.999
26 - INFO - chord#: 90 done. best_score=27.0, changed=522, unchanged=345, early_stops=8/8
26 - INFO - chord#: 92 In build_straw_man_chord_sa. tolerance = 1, sa_iterations = 1000, initial_temperature = 3.0, cooling_rate = 0.999
26 - INFO - chord#: 88 done. best_score=82.0, changed=609, unchanged=257, early_stops=8/8
26 - INFO - chord#: 90 In build_straw_man_chord_sa. tolerance = 1, sa_iterations = 1000, initial_temperature = 3.0, cooling_rate = 0.999
26 - INFO - chord#: 92 done. best_score=27.0, changed=525, unchanged=342, early_stops=8/8
26 - INFO - chord#: 94 In build_straw_man_chord_sa. tolerance = 1, sa_iterations = 1000, initial_temperature = 3.0, cooling_rate = 0.999
26 - INFO - chord#: 72 done. best_score=27.0, changed=516, unchanged=368, early_stops=8/8
26 - INFO - chord#: 74 In build_straw_man_chord_sa. tolerance = 1, sa_iterations = 1000, initial_temperature = 3.0, cooling_rate = 0.999
26 - INFO - chord#: 76 done. best_score=31.0, changed=525, unchanged=397, early_stops=8/8
26 - INFO - chord#: 80 In build_straw_man_chord_sa. tolerance = 1, sa_iterations = 1000, initial_temperature = 3.0, cooling_rate = 0.999
26 - INFO - chord#: 92 done. best_score=27.0, changed=527, unchanged=313, early_stops=8/8
26 - INFO - chord#: 94 In build_straw_man_chord_sa. tolerance = 1, sa_iterations = 1000, initial_temperature = 3.0, cooling_rate = 0.999
26 - INFO - chord#: 92 done. best_score=27.0, changed=533, unchanged=330, early_stops=8/8
26 - INFO - chord#: 94 In build_straw_man_chord_sa. tolerance = 1, sa_iterations = 1000, initial_temperature = 3.0, cooling_rate = 0.999
26 - INFO - chord#: 84 done. best_score=27.0, changed=521, unchanged=370, early_stops=8/8
26 - INFO - chord#: 88 In build_straw_man_chord_sa. tolerance = 1, sa_iterations = 1000, initial_temperature = 3.0, cooling_rate = 0.999
26 - INFO - chord#: 92 done. best_score=27.0, changed=536, unchanged=347, early_stops=8/8
26 - INFO - chord#: 94 In build_straw_man_chord_sa. tolerance = 1, sa_iterations = 1000, initial_temperature = 3.0, cooling_rate = 0.999
26 - INFO - chord#: 90 done. best_score=27.0, changed=516, unchanged=352, early_stops=8/8
26 - INFO - chord#: 92 In build_straw_man_chord_sa. tolerance = 1, sa_iterations = 1000, initial_temperature = 3.0, cooling_rate = 0.999
26 - INFO - chord#: 80 done. best_score=27.0, changed=525, unchanged=440, early_stops=8/8
26 - INFO - chord#: 84 In build_straw_man_chord_sa. tolerance = 1, sa_iterations = 1000, initial_temperature = 3.0, cooling_rate = 0.999
26 - INFO - chord#: 74 done. best_score=120.0, changed=613, unchanged=309, early_stops=8/8
26 - INFO - chord#: 76 In build_straw_man_chord_sa. tolerance = 1, sa_iterations = 1000, initial_temperature = 3.0, cooling_rate = 0.999
26 - INFO - chord#: 74 done. best_score=97.0, changed=608, unchanged=248, early_stops=8/8
26 - INFO - chord#: 76 In build_straw_man_chord_sa. tolerance = 1, sa_iterations = 1000, initial_temperature = 3.0, cooling_rate = 0.999
26 - INFO - chord#: 92 done. best_score=27.0, changed=527, unchanged=320, early_stops=8/8
26 - INFO - chord#: 94 In build_straw_man_chord_sa. tolerance = 1, sa_iterations = 1000, initial_temperature = 3.0, cooling_rate = 0.999
26 - INFO - chord#: 74 done. best_score=82.0, changed=616, unchanged=371, early_stops=8/8
26 - INFO - chord#: 76 In build_straw_man_chord_sa. tolerance = 1, sa_iterations = 1000, initial_temperature = 3.0, cooling_rate = 0.999
26 - INFO - chord#: 84 done. best_score=27.0, changed=535, unchanged=472, early_stops=8/8
26 - INFO - chord#: 88 In build_straw_man_chord_sa. tolerance = 1, sa_iterations = 1000, initial_temperature = 3.0, cooling_rate = 0.999
26 - INFO - chord#: 94 done. best_score=125.0, changed=613, unchanged=366, early_stops=8/8
26 - INFO - chord#: 96 In build_straw_man_chord_sa. tolerance = 1, sa_iterations = 1000, initial_temperature = 3.0, cooling_rate = 0.999
26 - INFO - chord#: 74 done. best_score=82.0, changed=607, unchanged=326, early_stops=8/8
26 - INFO - chord#: 76 In build_straw_man_chord_sa. tolerance = 1, sa_iterations = 1000, initial_temperature = 3.0, cooling_rate = 0.999
26 - INFO - chord#: 94 done. best_score=137.0, changed=610, unchanged=317, early_stops=8/8
26 - INFO - chord#: 76 done. best_score=31.0, changed=527, unchanged=393, early_stops=8/8
26 - INFO - chord#: 96 In build_straw_man_chord_sa. tolerance = 1, sa_iterations = 1000, initial_temperature = 3.0, cooling_rate = 0.999
26 - INFO - chord#: 76 done. best_score=31.0, changed=525, unchanged=363, early_stops=8/8
26 - INFO - chord#: 80 In build_straw_man_chord_sa. tolerance = 1, sa_iterations = 1000, initial_temperature = 3.0, cooling_rate = 0.999
26 - INFO - chord#: 80 In build_straw_man_chord_sa. tolerance = 1, sa_iterations = 1000, initial_temperature = 3.0, cooling_rate = 0.999
26 - INFO - chord#: 74 done. best_score=82.0, changed=613, unchanged=287, early_stops=8/8
26 - INFO - chord#: 76 In build_straw_man_chord_sa. tolerance = 1, sa_iterations = 1000, initial_temperature = 3.0, cooling_rate = 0.999
26 - INFO - chord#: 94 done. best_score=67.0, changed=612, unchanged=438, early_stops=8/8
26 - INFO - chord#: 96 In build_straw_man_chord_sa. tolerance = 1, sa_iterations = 1000, initial_temperature = 3.0, cooling_rate = 0.999
26 - INFO - chord#: 94 done. best_score=140.0, changed=605, unchanged=308, early_stops=8/8
26 - INFO - chord#: 96 In build_straw_man_chord_sa. tolerance = 1, sa_iterations = 1000, initial_temperature = 3.0, cooling_rate = 0.999
26 - INFO - chord#: 88 done. best_score=82.0, changed=613, unchanged=315, early_stops=8/8
26 - INFO - chord#: 90 In build_straw_man_chord_sa. tolerance = 1, sa_iterations = 1000, initial_temperature = 3.0, cooling_rate = 0.999
26 - INFO - chord#: 76 done. best_score=31.0, changed=519, unchanged=356, early_stops=8/8
26 - INFO - chord#: 80 In build_straw_man_chord_sa. tolerance = 1, sa_iterations = 1000, initial_temperature = 3.0, cooling_rate = 0.999
26 - INFO - chord#: 76 done. best_score=31.0, changed=528, unchanged=378, early_stops=8/8
26 - INFO - chord#: 80 In build_straw_man_chord_sa. tolerance = 1, sa_iterations = 1000, initial_temperature = 3.0, cooling_rate = 0.999
26 - INFO - chord#: 80 done. best_score=27.0, changed=519, unchanged=452, early_stops=8/8
26 - INFO - chord#: 84 In build_straw_man_chord_sa. tolerance = 1, sa_iterations = 1000, initial_temperature = 3.0, cooling_rate = 0.999
26 - INFO - chord#: 76 done. best_score=31.0, changed=528, unchanged=401, early_stops=8/8
26 - INFO - chord#: 80 In build_straw_man_chord_sa. tolerance = 1, sa_iterations = 1000, initial_temperature = 3.0, cooling_rate = 0.999
26 - INFO - chord#: 90 done. best_score=27.0, changed=520, unchanged=351, early_stops=8/8
26 - INFO - chord#: 92 In build_straw_man_chord_sa. tolerance = 1, sa_iterations = 1000, initial_temperature = 3.0, cooling_rate = 0.999
26 - INFO - chord#: 80 done. best_score=27.0, changed=528, unchanged=464, early_stops=8/8
26 - INFO - chord#: 84 In build_straw_man_chord_sa. tolerance = 1, sa_iterations = 1000, initial_temperature = 3.0, cooling_rate = 0.999
26 - INFO - chord#: 88 done. best_score=168.0, changed=609, unchanged=223, early_stops=8/8
26 - INFO - chord#: 90 In build_straw_man_chord_sa. tolerance = 1, sa_iterations = 1000, initial_temperature = 3.0, cooling_rate = 0.999
26 - INFO - chord#: 96 done. best_score=166.0, changed=612, unchanged=283, early_stops=8/8
26 - INFO - chord#: 98 In build_straw_man_chord_sa. tolerance = 1, sa_iterations = 1000, initial_temperature = 3.0, cooling_rate = 0.999
26 - INFO - chord#: 96 done. best_score=70.0, changed=616, unchanged=339, early_stops=8/8
26 - INFO - chord#: 98 In build_straw_man_chord_sa. tolerance = 1, sa_iterations = 1000, initial_temperature = 3.0, cooling_rate = 0.999
26 - INFO - chord#: 96 done. best_score=70.0, changed=610, unchanged=303, early_stops=8/8
26 - INFO - chord#: 98 In build_straw_man_chord_sa. tolerance = 1, sa_iterations = 1000, initial_temperature = 3.0, cooling_rate = 0.999
26 - INFO - chord#: 80 done. best_score=27.0, changed=520, unchanged=443, early_stops=8/8
26 - INFO - chord#: 84 In build_straw_man_chord_sa. tolerance = 1, sa_iterations = 1000, initial_temperature = 3.0, cooling_rate = 0.999
26 - INFO - chord#: 80 done. best_score=27.0, changed=526, unchanged=484, early_stops=8/8
26 - INFO - chord#: 84 In build_straw_man_chord_sa. tolerance = 1, sa_iterations = 1000, initial_temperature = 3.0, cooling_rate = 0.999
26 - INFO - chord#: 92 done. best_score=27.0, changed=532, unchanged=376, early_stops=8/8
26 - INFO - chord#: 94 In build_straw_man_chord_sa. tolerance = 1, sa_iterations = 1000, initial_temperature = 3.0, cooling_rate = 0.999
26 - INFO - chord#: 90 done. best_score=36.0, changed=530, unchanged=311, early_stops=8/8
26 - INFO - chord#: 92 In build_straw_man_chord_sa. tolerance = 1, sa_iterations = 1000, initial_temperature = 3.0, cooling_rate = 0.999
26 - INFO - chord#: 96 done. best_score=104.0, changed=613, unchanged=315, early_stops=8/8
26 - INFO - chord#: 98 In build_straw_man_chord_sa. tolerance = 1, sa_iterations = 1000, initial_temperature = 3.0, cooling_rate = 0.999
26 - INFO - chord#: 84 done. best_score=27.0, changed=521, unchanged=351, early_stops=8/8
26 - INFO - chord#: 88 In build_straw_man_chord_sa. tolerance = 1, sa_iterations = 1000, initial_temperature = 3.0, cooling_rate = 0.999
26 - INFO - chord#: 80 done. best_score=27.0, changed=520, unchanged=318, early_stops=8/8
26 - INFO - chord#: 84 In build_straw_man_chord_sa. tolerance = 1, sa_iterations = 1000, initial_temperature = 3.0, cooling_rate = 0.999
26 - INFO - chord#: 94 done. best_score=140.0, changed=611, unchanged=323, early_stops=8/8
26 - INFO - chord#: 96 In build_straw_man_chord_sa. tolerance = 1, sa_iterations = 1000, initial_temperature = 3.0, cooling_rate = 0.999
26 - INFO - chord#: 98 done. best_score=72.0, changed=530, unchanged=305, early_stops=8/8
26 - INFO - chord#: 100 In build_straw_man_chord_sa. tolerance = 1, sa_iterations = 1000, initial_temperature = 3.0, cooling_rate = 0.999
26 - INFO - chord#: 84 done. best_score=27.0, changed=519, unchanged=469, early_stops=8/8
26 - INFO - chord#: 88 In build_straw_man_chord_sa. tolerance = 1, sa_iterations = 1000, initial_temperature = 3.0, cooling_rate = 0.999
26 - INFO - chord#: 98 done. best_score=27.0, changed=524, unchanged=347, early_stops=8/8
26 - INFO - chord#: 100 In build_straw_man_chord_sa. tolerance = 1, sa_iterations = 1000, initial_temperature = 3.0, cooling_rate = 0.999
26 - INFO - chord#: 98 done. best_score=27.0, changed=522, unchanged=305, early_stops=8/8
26 - INFO - chord#: 100 In build_straw_man_chord_sa. tolerance = 1, sa_iterations = 1000, initial_temperature = 3.0, cooling_rate = 0.999
26 - INFO - chord#: 92 done. best_score=36.0, changed=520, unchanged=300, early_stops=8/8
26 - INFO - chord#: 94 In build_straw_man_chord_sa. tolerance = 1, sa_iterations = 1000, initial_temperature = 3.0, cooling_rate = 0.999
26 - INFO - chord#: 98 done. best_score=27.0, changed=523, unchanged=322, early_stops=8/8
26 - INFO - chord#: 100 In build_straw_man_chord_sa. tolerance = 1, sa_iterations = 1000, initial_temperature = 3.0, cooling_rate = 0.999
26 - INFO - chord#: 84 done. best_score=57.0, changed=526, unchanged=374, early_stops=8/8
26 - INFO - chord#: 88 In build_straw_man_chord_sa. tolerance = 1, sa_iterations = 1000, initial_temperature = 3.0, cooling_rate = 0.999
26 - INFO - chord#: 84 done. best_score=27.0, changed=520, unchanged=419, early_stops=8/8
26 - INFO - chord#: 88 In build_straw_man_chord_sa. tolerance = 1, sa_iterations = 1000, initial_temperature = 3.0, cooling_rate = 0.999
26 - INFO - chord#: 100 done. best_score=31.0, changed=533, unchanged=373, early_stops=8/8
26 - INFO - chord#: 102 In build_straw_man_chord_sa. tolerance = 1, sa_iterations = 1000, initial_temperature = 3.0, cooling_rate = 0.999
26 - INFO - chord#: 84 done. best_score=27.0, changed=532, unchanged=447, early_stops=8/8
26 - INFO - chord#: 88 In build_straw_man_chord_sa. tolerance = 1, sa_iterations = 1000, initial_temperature = 3.0, cooling_rate = 0.999
26 - INFO - chord#: 100 done. best_score=31.0, changed=529, unchanged=331, early_stops=8/8
26 - INFO - chord#: 102 In build_straw_man_chord_sa. tolerance = 1, sa_iterations = 1000, initial_temperature = 3.0, cooling_rate = 0.999
26 - INFO - chord#: 100 done. best_score=31.0, changed=535, unchanged=353, early_stops=8/8
26 - INFO - chord#: 102 In build_straw_man_chord_sa. tolerance = 1, sa_iterations = 1000, initial_temperature = 3.0, cooling_rate = 0.999
26 - INFO - chord#: 100 done. best_score=31.0, changed=538, unchanged=394, early_stops=8/8
26 - INFO - chord#: 102 In build_straw_man_chord_sa. tolerance = 1, sa_iterations = 1000, initial_temperature = 3.0, cooling_rate = 0.999
26 - INFO - chord#: 96 done. best_score=111.0, changed=610, unchanged=241, early_stops=8/8
26 - INFO - chord#: 98 In build_straw_man_chord_sa. tolerance = 1, sa_iterations = 1000, initial_temperature = 3.0, cooling_rate = 0.999
26 - INFO - chord#: 102 done. best_score=27.0, changed=522, unchanged=536, early_stops=8/8
26 - INFO - chord#: 103 In build_straw_man_chord_sa. tolerance = 1, sa_iterations = 1000, initial_temperature = 3.0, cooling_rate = 0.999
26 - INFO - chord#: 102 done. best_score=27.0, changed=525, unchanged=383, early_stops=8/8
26 - INFO - chord#: 103 In build_straw_man_chord_sa. tolerance = 1, sa_iterations = 1000, initial_temperature = 3.0, cooling_rate = 0.999
26 - INFO - chord#: 102 done. best_score=27.0, changed=531, unchanged=464, early_stops=8/8
26 - INFO - chord#: 103 In build_straw_man_chord_sa. tolerance = 1, sa_iterations = 1000, initial_temperature = 3.0, cooling_rate = 0.999
26 - INFO - chord#: 102 done. best_score=27.0, changed=518, unchanged=340, early_stops=8/8
26 - INFO - chord#: 103 In build_straw_man_chord_sa. tolerance = 1, sa_iterations = 1000, initial_temperature = 3.0, cooling_rate = 0.999
26 - INFO - chord#: 88 done. best_score=120.0, changed=612, unchanged=274, early_stops=8/8
26 - INFO - chord#: 90 In build_straw_man_chord_sa. tolerance = 1, sa_iterations = 1000, initial_temperature = 3.0, cooling_rate = 0.999
26 - INFO - chord#: 94 done. best_score=125.0, changed=614, unchanged=367, early_stops=8/8
26 - INFO - chord#: 96 In build_straw_man_chord_sa. tolerance = 1, sa_iterations = 1000, initial_temperature = 3.0, cooling_rate = 0.999
26 - INFO - chord#: 88 done. best_score=120.0, changed=606, unchanged=213, early_stops=8/8
26 - INFO - chord#: 90 In build_straw_man_chord_sa. tolerance = 1, sa_iterations = 1000, initial_temperature = 3.0, cooling_rate = 0.999
26 - INFO - chord#: 98 done. best_score=27.0, changed=523, unchanged=314, early_stops=8/8
26 - INFO - chord#: 100 In build_straw_man_chord_sa. tolerance = 1, sa_iterations = 1000, initial_temperature = 3.0, cooling_rate = 0.999
26 - INFO - chord#: 94 done. best_score=67.0, changed=611, unchanged=335, early_stops=8/8
26 - INFO - chord#: 96 In build_straw_man_chord_sa. tolerance = 1, sa_iterations = 1000, initial_temperature = 3.0, cooling_rate = 0.999
26 - INFO - chord#: 88 done. best_score=82.0, changed=609, unchanged=253, early_stops=8/8
26 - INFO - chord#: 90 In build_straw_man_chord_sa. tolerance = 1, sa_iterations = 1000, initial_temperature = 3.0, cooling_rate = 0.999
26 - INFO - chord#: 100 done. best_score=31.0, changed=531, unchanged=373, early_stops=8/8
26 - INFO - chord#: 102 In build_straw_man_chord_sa. tolerance = 1, sa_iterations = 1000, initial_temperature = 3.0, cooling_rate = 0.999
26 - INFO - chord#: 90 done. best_score=27.0, changed=519, unchanged=344, early_stops=8/8
26 - INFO - chord#: 92 In build_straw_man_chord_sa. tolerance = 1, sa_iterations = 1000, initial_temperature = 3.0, cooling_rate = 0.999
26 - INFO - chord#: 90 done. best_score=27.0, changed=531, unchanged=492, early_stops=8/8
26 - INFO - chord#: 92 In build_straw_man_chord_sa. tolerance = 1, sa_iterations = 1000, initial_temperature = 3.0, cooling_rate = 0.999
26 - INFO - chord#: 88 done. best_score=82.0, changed=616, unchanged=376, early_stops=8/8
26 - INFO - chord#: 90 In build_straw_man_chord_sa. tolerance = 1, sa_iterations = 1000, initial_temperature = 3.0, cooling_rate = 0.999
26 - INFO - chord#: 90 done. best_score=27.0, changed=526, unchanged=397, early_stops=8/8
26 - INFO - chord#: 92 In build_straw_man_chord_sa. tolerance = 1, sa_iterations = 1000, initial_temperature = 3.0, cooling_rate = 0.999
26 - INFO - chord#: 88 done. best_score=82.0, changed=612, unchanged=378, early_stops=8/8
26 - INFO - chord#: 90 In build_straw_man_chord_sa. tolerance = 1, sa_iterations = 1000, initial_temperature = 3.0, cooling_rate = 0.999
26 - INFO - chord#: 103 done. best_score=78.0, changed=610, unchanged=323, early_stops=8/8
26 - INFO - chord#: 104 In build_straw_man_chord_sa. tolerance = 1, sa_iterations = 1000, initial_temperature = 3.0, cooling_rate = 0.999
26 - INFO - chord#: 103 done. best_score=145.0, changed=620, unchanged=316, early_stops=8/8
26 - INFO - chord#: 104 In build_straw_man_chord_sa. tolerance = 1, sa_iterations = 1000, initial_temperature = 3.0, cooling_rate = 0.999
26 - INFO - chord#: 103 done. best_score=67.0, changed=607, unchanged=398, early_stops=8/8
26 - INFO - chord#: 104 In build_straw_man_chord_sa. tolerance = 1, sa_iterations = 1000, initial_temperature = 3.0, cooling_rate = 0.999
26 - INFO - chord#: 102 done. best_score=27.0, changed=521, unchanged=365, early_stops=8/8
26 - INFO - chord#: 103 In build_straw_man_chord_sa. tolerance = 1, sa_iterations = 1000, initial_temperature = 3.0, cooling_rate = 0.999
26 - INFO - chord#: 103 done. best_score=67.0, changed=612, unchanged=329, early_stops=8/8
26 - INFO - chord#: 104 In build_straw_man_chord_sa. tolerance = 1, sa_iterations = 1000, initial_temperature = 3.0, cooling_rate = 0.999
26 - INFO - chord#: 92 done. best_score=27.0, changed=526, unchanged=357, early_stops=8/8
26 - INFO - chord#: 94 In build_straw_man_chord_sa. tolerance = 1, sa_iterations = 1000, initial_temperature = 3.0, cooling_rate = 0.999
26 - INFO - chord#: 92 done. best_score=27.0, changed=527, unchanged=325, early_stops=8/8
26 - INFO - chord#: 94 In build_straw_man_chord_sa. tolerance = 1, sa_iterations = 1000, initial_temperature = 3.0, cooling_rate = 0.999
26 - INFO - chord#: 96 done. best_score=70.0, changed=615, unchanged=311, early_stops=8/8
26 - INFO - chord#: 98 In build_straw_man_chord_sa. tolerance = 1, sa_iterations = 1000, initial_temperature = 3.0, cooling_rate = 0.999
26 - INFO - chord#: 96 done. best_score=145.0, changed=609, unchanged=302, early_stops=8/8
26 - INFO - chord#: 98 In build_straw_man_chord_sa. tolerance = 1, sa_iterations = 1000, initial_temperature = 3.0, cooling_rate = 0.999
26 - INFO - chord#: 92 done. best_score=27.0, changed=525, unchanged=376, early_stops=8/8
26 - INFO - chord#: 94 In build_straw_man_chord_sa. tolerance = 1, sa_iterations = 1000, initial_temperature = 3.0, cooling_rate = 0.999
26 - INFO - chord#: 90 done. best_score=27.0, changed=530, unchanged=403, early_stops=8/8
26 - INFO - chord#: 92 In build_straw_man_chord_sa. tolerance = 1, sa_iterations = 1000, initial_temperature = 3.0, cooling_rate = 0.999
26 - INFO - chord#: 104 done. best_score=27.0, changed=519, unchanged=408, early_stops=8/8
26 - INFO - chord#: 106 In build_straw_man_chord_sa. tolerance = 1, sa_iterations = 1000, initial_temperature = 3.0, cooling_rate = 0.999
26 - INFO - chord#: 90 done. best_score=27.0, changed=529, unchanged=391, early_stops=8/8
26 - INFO - chord#: 92 In build_straw_man_chord_sa. tolerance = 1, sa_iterations = 1000, initial_temperature = 3.0, cooling_rate = 0.999
26 - INFO - chord#: 104 done. best_score=27.0, changed=526, unchanged=463, early_stops=8/8
26 - INFO - chord#: 106 In build_straw_man_chord_sa. tolerance = 1, sa_iterations = 1000, initial_temperature = 3.0, cooling_rate = 0.999
26 - INFO - chord#: 104 done. best_score=27.0, changed=517, unchanged=492, early_stops=8/8
26 - INFO - chord#: 106 In build_straw_man_chord_sa. tolerance = 1, sa_iterations = 1000, initial_temperature = 3.0, cooling_rate = 0.999
26 - INFO - chord#: 98 done. best_score=27.0, changed=523, unchanged=366, early_stops=8/8
26 - INFO - chord#: 100 In build_straw_man_chord_sa. tolerance = 1, sa_iterations = 1000, initial_temperature = 3.0, cooling_rate = 0.999
26 - INFO - chord#: 104 done. best_score=27.0, changed=525, unchanged=475, early_stops=8/8
26 - INFO - chord#: 106 In build_straw_man_chord_sa. tolerance = 1, sa_iterations = 1000, initial_temperature = 3.0, cooling_rate = 0.999
26 - INFO - chord#: 98 done. best_score=72.0, changed=541, unchanged=325, early_stops=8/8
26 - INFO - chord#: 100 In build_straw_man_chord_sa. tolerance = 1, sa_iterations = 1000, initial_temperature = 3.0, cooling_rate = 0.999
26 - INFO - chord#: 92 done. best_score=27.0, changed=520, unchanged=300, early_stops=8/8
26 - INFO - chord#: 94 In build_straw_man_chord_sa. tolerance = 1, sa_iterations = 1000, initial_temperature = 3.0, cooling_rate = 0.999
26 - INFO - chord#: 106 done. best_score=37.0, changed=524, unchanged=464, early_stops=8/8
26 - INFO - chord#: 108 In build_straw_man_chord_sa. tolerance = 1, sa_iterations = 1000, initial_temperature = 3.0, cooling_rate = 0.999
26 - INFO - chord#: 92 done. best_score=27.0, changed=526, unchanged=350, early_stops=8/8
26 - INFO - chord#: 94 In build_straw_man_chord_sa. tolerance = 1, sa_iterations = 1000, initial_temperature = 3.0, cooling_rate = 0.999
26 - INFO - chord#: 106 done. best_score=37.0, changed=521, unchanged=498, early_stops=8/8
26 - INFO - chord#: 108 In build_straw_man_chord_sa. tolerance = 1, sa_iterations = 1000, initial_temperature = 3.0, cooling_rate = 0.999
26 - INFO - chord#: 100 done. best_score=31.0, changed=534, unchanged=365, early_stops=8/8
26 - INFO - chord#: 102 In build_straw_man_chord_sa. tolerance = 1, sa_iterations = 1000, initial_temperature = 3.0, cooling_rate = 0.999
26 - INFO - chord#: 103 done. best_score=162.0, changed=611, unchanged=298, early_stops=8/8
26 - INFO - chord#: 104 In build_straw_man_chord_sa. tolerance = 1, sa_iterations = 1000, initial_temperature = 3.0, cooling_rate = 0.999
26 - INFO - chord#: 106 done. best_score=37.0, changed=530, unchanged=535, early_stops=8/8
26 - INFO - chord#: 108 In build_straw_man_chord_sa. tolerance = 1, sa_iterations = 1000, initial_temperature = 3.0, cooling_rate = 0.999
26 - INFO - chord#: 106 done. best_score=37.0, changed=513, unchanged=332, early_stops=8/8
26 - INFO - chord#: 108 In build_straw_man_chord_sa. tolerance = 1, sa_iterations = 1000, initial_temperature = 3.0, cooling_rate = 0.999
26 - INFO - chord#: 100 done. best_score=31.0, changed=524, unchanged=325, early_stops=8/8
26 - INFO - chord#: 102 In build_straw_man_chord_sa. tolerance = 1, sa_iterations = 1000, initial_temperature = 3.0, cooling_rate = 0.999
26 - INFO - chord#: 108 done. best_score=27.0, changed=518, unchanged=341, early_stops=8/8
26 - INFO - chord#: 110 In build_straw_man_chord_sa. tolerance = 1, sa_iterations = 1000, initial_temperature = 3.0, cooling_rate = 0.999
26 - INFO - chord#: 102 done. best_score=27.0, changed=514, unchanged=310, early_stops=8/8
26 - INFO - chord#: 103 In build_straw_man_chord_sa. tolerance = 1, sa_iterations = 1000, initial_temperature = 3.0, cooling_rate = 0.999
26 - INFO - chord#: 94 done. best_score=142.0, changed=609, unchanged=295, early_stops=8/8
26 - INFO - chord#: 96 In build_straw_man_chord_sa. tolerance = 1, sa_iterations = 1000, initial_temperature = 3.0, cooling_rate = 0.999
26 - INFO - chord#: 104 done. best_score=27.0, changed=516, unchanged=307, early_stops=8/8
26 - INFO - chord#: 106 In build_straw_man_chord_sa. tolerance = 1, sa_iterations = 1000, initial_temperature = 3.0, cooling_rate = 0.999
26 - INFO - chord#: 108 done. best_score=27.0, changed=518, unchanged=375, early_stops=8/8
26 - INFO - chord#: 110 In build_straw_man_chord_sa. tolerance = 1, sa_iterations = 1000, initial_temperature = 3.0, cooling_rate = 0.999
26 - INFO - chord#: 108 done. best_score=27.0, changed=532, unchanged=411, early_stops=8/8
26 - INFO - chord#: 110 In build_straw_man_chord_sa. tolerance = 1, sa_iterations = 1000, initial_temperature = 3.0, cooling_rate = 0.999
26 - INFO - chord#: 108 done. best_score=27.0, changed=518, unchanged=350, early_stops=8/8
26 - INFO - chord#: 110 In build_straw_man_chord_sa. tolerance = 1, sa_iterations = 1000, initial_temperature = 3.0, cooling_rate = 0.999
26 - INFO - chord#: 102 done. best_score=27.0, changed=520, unchanged=357, early_stops=8/8
26 - INFO - chord#: 103 In build_straw_man_chord_sa. tolerance = 1, sa_iterations = 1000, initial_temperature = 3.0, cooling_rate = 0.999
26 - INFO - chord#: 94 done. best_score=67.0, changed=613, unchanged=481, early_stops=8/8
26 - INFO - chord#: 96 In build_straw_man_chord_sa. tolerance = 1, sa_iterations = 1000, initial_temperature = 3.0, cooling_rate = 0.999
26 - INFO - chord#: 94 done. best_score=67.0, changed=614, unchanged=409, early_stops=8/8
26 - INFO - chord#: 96 In build_straw_man_chord_sa. tolerance = 1, sa_iterations = 1000, initial_temperature = 3.0, cooling_rate = 0.999
26 - INFO - chord#: 106 done. best_score=37.0, changed=521, unchanged=417, early_stops=8/8
26 - INFO - chord#: 108 In build_straw_man_chord_sa. tolerance = 1, sa_iterations = 1000, initial_temperature = 3.0, cooling_rate = 0.999
26 - INFO - chord#: 94 done. best_score=174.0, changed=607, unchanged=270, early_stops=8/8
26 - INFO - chord#: 96 In build_straw_man_chord_sa. tolerance = 1, sa_iterations = 1000, initial_temperature = 3.0, cooling_rate = 0.999
26 - INFO - chord#: 110 done. best_score=148.0, changed=611, unchanged=211, early_stops=8/8
26 - INFO - chord#: 111 In build_straw_man_chord_sa. tolerance = 1, sa_iterations = 1000, initial_temperature = 3.0, cooling_rate = 0.999
26 - INFO - chord#: 94 done. best_score=119.0, changed=612, unchanged=471, early_stops=8/8
26 - INFO - chord#: 96 In build_straw_man_chord_sa. tolerance = 1, sa_iterations = 1000, initial_temperature = 3.0, cooling_rate = 0.999
26 - INFO - chord#: 108 done. best_score=27.0, changed=518, unchanged=376, early_stops=8/8
26 - INFO - chord#: 110 In build_straw_man_chord_sa. tolerance = 1, sa_iterations = 1000, initial_temperature = 3.0, cooling_rate = 0.999
26 - INFO - chord#: 110 done. best_score=99.0, changed=617, unchanged=428, early_stops=8/8
26 - INFO - chord#: 111 In build_straw_man_chord_sa. tolerance = 1, sa_iterations = 1000, initial_temperature = 3.0, cooling_rate = 0.999
26 - INFO - chord#: 96 done. best_score=111.0, changed=610, unchanged=309, early_stops=8/8
26 - INFO - chord#: 98 In build_straw_man_chord_sa. tolerance = 1, sa_iterations = 1000, initial_temperature = 3.0, cooling_rate = 0.999
26 - INFO - chord#: 110 done. best_score=99.0, changed=613, unchanged=328, early_stops=8/8
26 - INFO - chord#: 111 In build_straw_man_chord_sa. tolerance = 1, sa_iterations = 1000, initial_temperature = 3.0, cooling_rate = 0.999
26 - INFO - chord#: 103 done. best_score=67.0, changed=614, unchanged=523, early_stops=8/8
26 - INFO - chord#: 104 In build_straw_man_chord_sa. tolerance = 1, sa_iterations = 1000, initial_temperature = 3.0, cooling_rate = 0.999
26 - INFO - chord#: 110 done. best_score=140.0, changed=617, unchanged=414, early_stops=8/8
26 - INFO - chord#: 111 In build_straw_man_chord_sa. tolerance = 1, sa_iterations = 1000, initial_temperature = 3.0, cooling_rate = 0.999
26 - INFO - chord#: 111 done. best_score=36.0, changed=540, unchanged=450, early_stops=8/8
26 - INFO - chord#: 112 In build_straw_man_chord_sa. tolerance = 1, sa_iterations = 1000, initial_temperature = 3.0, cooling_rate = 0.999
26 - INFO - chord#: 103 done. best_score=137.0, changed=614, unchanged=276, early_stops=8/8
26 - INFO - chord#: 104 In build_straw_man_chord_sa. tolerance = 1, sa_iterations = 1000, initial_temperature = 3.0, cooling_rate = 0.999
26 - INFO - chord#: 111 done. best_score=36.0, changed=523, unchanged=351, early_stops=8/8
26 - INFO - chord#: 112 In build_straw_man_chord_sa. tolerance = 1, sa_iterations = 1000, initial_temperature = 3.0, cooling_rate = 0.999
26 - INFO - chord#: 96 done. best_score=70.0, changed=617, unchanged=397, early_stops=8/8
26 - INFO - chord#: 98 In build_straw_man_chord_sa. tolerance = 1, sa_iterations = 1000, initial_temperature = 3.0, cooling_rate = 0.999
26 - INFO - chord#: 98 done. best_score=27.0, changed=528, unchanged=353, early_stops=8/8
26 - INFO - chord#: 100 In build_straw_man_chord_sa. tolerance = 1, sa_iterations = 1000, initial_temperature = 3.0, cooling_rate = 0.999
26 - INFO - chord#: 111 done. best_score=36.0, changed=526, unchanged=379, early_stops=8/8
26 - INFO - chord#: 112 In build_straw_man_chord_sa. tolerance = 1, sa_iterations = 1000, initial_temperature = 3.0, cooling_rate = 0.999
26 - INFO - chord#: 96 done. best_score=104.0, changed=615, unchanged=295, early_stops=8/8
26 - INFO - chord#: 98 In build_straw_man_chord_sa. tolerance = 1, sa_iterations = 1000, initial_temperature = 3.0, cooling_rate = 0.999
26 - INFO - chord#: 104 done. best_score=27.0, changed=526, unchanged=466, early_stops=8/8
26 - INFO - chord#: 106 In build_straw_man_chord_sa. tolerance = 1, sa_iterations = 1000, initial_temperature = 3.0, cooling_rate = 0.999
26 - INFO - chord#: 111 done. best_score=36.0, changed=534, unchanged=385, early_stops=8/8
26 - INFO - chord#: 112 In build_straw_man_chord_sa. tolerance = 1, sa_iterations = 1000, initial_temperature = 3.0, cooling_rate = 0.999
26 - INFO - chord#: 112 done. best_score=27.0, changed=521, unchanged=355, early_stops=8/8
26 - INFO - chord#: 120 In build_straw_man_chord_sa. tolerance = 1, sa_iterations = 1000, initial_temperature = 3.0, cooling_rate = 0.999
26 - INFO - chord#: 96 done. best_score=70.0, changed=614, unchanged=335, early_stops=8/8
26 - INFO - chord#: 98 In build_straw_man_chord_sa. tolerance = 1, sa_iterations = 1000, initial_temperature = 3.0, cooling_rate = 0.999
26 - INFO - chord#: 112 done. best_score=27.0, changed=511, unchanged=318, early_stops=8/8
26 - INFO - chord#: 120 In build_straw_man_chord_sa. tolerance = 1, sa_iterations = 1000, initial_temperature = 3.0, cooling_rate = 0.999
26 - INFO - chord#: 112 done. best_score=27.0, changed=519, unchanged=383, early_stops=8/8
26 - INFO - chord#: 120 In build_straw_man_chord_sa. tolerance = 1, sa_iterations = 1000, initial_temperature = 3.0, cooling_rate = 0.999
26 - INFO - chord#: 98 done. best_score=27.0, changed=526, unchanged=312, early_stops=8/8
26 - INFO - chord#: 100 In build_straw_man_chord_sa. tolerance = 1, sa_iterations = 1000, initial_temperature = 3.0, cooling_rate = 0.999
26 - INFO - chord#: 98 done. best_score=27.0, changed=534, unchanged=297, early_stops=8/8
26 - INFO - chord#: 100 In build_straw_man_chord_sa. tolerance = 1, sa_iterations = 1000, initial_temperature = 3.0, cooling_rate = 0.999
26 - INFO - chord#: 96 done. best_score=70.0, changed=610, unchanged=278, early_stops=8/8
26 - INFO - chord#: 98 In build_straw_man_chord_sa. tolerance = 1, sa_iterations = 1000, initial_temperature = 3.0, cooling_rate = 0.999
26 - INFO - chord#: 104 done. best_score=27.0, changed=518, unchanged=466, early_stops=8/8
26 - INFO - chord#: 106 In build_straw_man_chord_sa. tolerance = 1, sa_iterations = 1000, initial_temperature = 3.0, cooling_rate = 0.999
26 - INFO - chord#: 100 done. best_score=31.0, changed=526, unchanged=420, early_stops=8/8
26 - INFO - chord#: 102 In build_straw_man_chord_sa. tolerance = 1, sa_iterations = 1000, initial_temperature = 3.0, cooling_rate = 0.999
26 - INFO - chord#: 106 done. best_score=37.0, changed=527, unchanged=366, early_stops=8/8
26 - INFO - chord#: 108 In build_straw_man_chord_sa. tolerance = 1, sa_iterations = 1000, initial_temperature = 3.0, cooling_rate = 0.999
26 - INFO - chord#: 110 done. best_score=148.0, changed=610, unchanged=366, early_stops=8/8
26 - INFO - chord#: 111 In build_straw_man_chord_sa. tolerance = 1, sa_iterations = 1000, initial_temperature = 3.0, cooling_rate = 0.999
26 - INFO - chord#: 120 done. best_score=27.0, changed=510, unchanged=356, early_stops=8/8
26 - INFO - chord#: 124 In build_straw_man_chord_sa. tolerance = 1, sa_iterations = 1000, initial_temperature = 3.0, cooling_rate = 0.999
26 - INFO - chord#: 112 done. best_score=27.0, changed=524, unchanged=528, early_stops=8/8
26 - INFO - chord#: 120 In build_straw_man_chord_sa. tolerance = 1, sa_iterations = 1000, initial_temperature = 3.0, cooling_rate = 0.999
26 - INFO - chord#: 98 done. best_score=27.0, changed=531, unchanged=356, early_stops=8/8
26 - INFO - chord#: 100 In build_straw_man_chord_sa. tolerance = 1, sa_iterations = 1000, initial_temperature = 3.0, cooling_rate = 0.999
26 - INFO - chord#: 120 done. best_score=27.0, changed=527, unchanged=402, early_stops=8/8
26 - INFO - chord#: 124 In build_straw_man_chord_sa. tolerance = 1, sa_iterations = 1000, initial_temperature = 3.0, cooling_rate = 0.999
26 - INFO - chord#: 120 done. best_score=27.0, changed=534, unchanged=404, early_stops=8/8
26 - INFO - chord#: 124 In build_straw_man_chord_sa. tolerance = 1, sa_iterations = 1000, initial_temperature = 3.0, cooling_rate = 0.999
26 - INFO - chord#: 100 done. best_score=31.0, changed=521, unchanged=374, early_stops=8/8
26 - INFO - chord#: 102 In build_straw_man_chord_sa. tolerance = 1, sa_iterations = 1000, initial_temperature = 3.0, cooling_rate = 0.999
26 - INFO - chord#: 111 done. best_score=36.0, changed=524, unchanged=311, early_stops=8/8
26 - INFO - chord#: 112 In build_straw_man_chord_sa. tolerance = 1, sa_iterations = 1000, initial_temperature = 3.0, cooling_rate = 0.999
26 - INFO - chord#: 124 done. best_score=27.0, changed=522, unchanged=388, early_stops=8/8
26 - INFO - chord#: 126 In build_straw_man_chord_sa. tolerance = 1, sa_iterations = 1000, initial_temperature = 3.0, cooling_rate = 0.999
26 - INFO - chord#: 98 done. best_score=27.0, changed=516, unchanged=368, early_stops=8/8
26 - INFO - chord#: 100 In build_straw_man_chord_sa. tolerance = 1, sa_iterations = 1000, initial_temperature = 3.0, cooling_rate = 0.999
26 - INFO - chord#: 108 done. best_score=27.0, changed=518, unchanged=389, early_stops=8/8
26 - INFO - chord#: 110 In build_straw_man_chord_sa. tolerance = 1, sa_iterations = 1000, initial_temperature = 3.0, cooling_rate = 0.999
26 - INFO - chord#: 100 done. best_score=31.0, changed=519, unchanged=332, early_stops=8/8
26 - INFO - chord#: 102 In build_straw_man_chord_sa. tolerance = 1, sa_iterations = 1000, initial_temperature = 3.0, cooling_rate = 0.999
26 - INFO - chord#: 120 done. best_score=27.0, changed=524, unchanged=308, early_stops=8/8
26 - INFO - chord#: 124 In build_straw_man_chord_sa. tolerance = 1, sa_iterations = 1000, initial_temperature = 3.0, cooling_rate = 0.999
26 - INFO - chord#: 102 done. best_score=27.0, changed=522, unchanged=370, early_stops=8/8
26 - INFO - chord#: 103 In build_straw_man_chord_sa. tolerance = 1, sa_iterations = 1000, initial_temperature = 3.0, cooling_rate = 0.999
26 - INFO - chord#: 106 done. best_score=35.0, changed=527, unchanged=407, early_stops=8/8
26 - INFO - chord#: 108 In build_straw_man_chord_sa. tolerance = 1, sa_iterations = 1000, initial_temperature = 3.0, cooling_rate = 0.999
26 - INFO - chord#: 124 done. best_score=27.0, changed=522, unchanged=345, early_stops=8/8
26 - INFO - chord#: 126 In build_straw_man_chord_sa. tolerance = 1, sa_iterations = 1000, initial_temperature = 3.0, cooling_rate = 0.999
26 - INFO - chord#: 100 done. best_score=31.0, changed=525, unchanged=352, early_stops=8/8
26 - INFO - chord#: 102 In build_straw_man_chord_sa. tolerance = 1, sa_iterations = 1000, initial_temperature = 3.0, cooling_rate = 0.999
26 - INFO - chord#: 124 done. best_score=27.0, changed=524, unchanged=430, early_stops=8/8
26 - INFO - chord#: 126 In build_straw_man_chord_sa. tolerance = 1, sa_iterations = 1000, initial_temperature = 3.0, cooling_rate = 0.999
26 - INFO - chord#: 126 done. best_score=27.0, changed=533, unchanged=455, early_stops=8/8
26 - INFO - chord#: 128 In build_straw_man_chord_sa. tolerance = 1, sa_iterations = 1000, initial_temperature = 3.0, cooling_rate = 0.999
26 - INFO - chord#: 112 done. best_score=27.0, changed=519, unchanged=407, early_stops=8/8
26 - INFO - chord#: 120 In build_straw_man_chord_sa. tolerance = 1, sa_iterations = 1000, initial_temperature = 3.0, cooling_rate = 0.999
26 - INFO - chord#: 100 done. best_score=31.0, changed=523, unchanged=312, early_stops=8/8
26 - INFO - chord#: 102 In build_straw_man_chord_sa. tolerance = 1, sa_iterations = 1000, initial_temperature = 3.0, cooling_rate = 0.999
26 - INFO - chord#: 102 done. best_score=27.0, changed=518, unchanged=411, early_stops=8/8
26 - INFO - chord#: 103 In build_straw_man_chord_sa. tolerance = 1, sa_iterations = 1000, initial_temperature = 3.0, cooling_rate = 0.999
26 - INFO - chord#: 124 done. best_score=27.0, changed=532, unchanged=428, early_stops=8/8
26 - INFO - chord#: 126 In build_straw_man_chord_sa. tolerance = 1, sa_iterations = 1000, initial_temperature = 3.0, cooling_rate = 0.999
26 - INFO - chord#: 102 done. best_score=27.0, changed=518, unchanged=339, early_stops=8/8
26 - INFO - chord#: 103 In build_straw_man_chord_sa. tolerance = 1, sa_iterations = 1000, initial_temperature = 3.0, cooling_rate = 0.999
26 - INFO - chord#: 126 done. best_score=27.0, changed=520, unchanged=317, early_stops=8/8
26 - INFO - chord#: 128 In build_straw_man_chord_sa. tolerance = 1, sa_iterations = 1000, initial_temperature = 3.0, cooling_rate = 0.999
26 - INFO - chord#: 126 done. best_score=27.0, changed=527, unchanged=395, early_stops=8/8
26 - INFO - chord#: 128 In build_straw_man_chord_sa. tolerance = 1, sa_iterations = 1000, initial_temperature = 3.0, cooling_rate = 0.999
26 - INFO - chord#: 108 done. best_score=36.0, changed=528, unchanged=389, early_stops=8/8
26 - INFO - chord#: 110 In build_straw_man_chord_sa. tolerance = 1, sa_iterations = 1000, initial_temperature = 3.0, cooling_rate = 0.999
26 - INFO - chord#: 102 done. best_score=27.0, changed=520, unchanged=317, early_stops=8/8
26 - INFO - chord#: 103 In build_straw_man_chord_sa. tolerance = 1, sa_iterations = 1000, initial_temperature = 3.0, cooling_rate = 0.999
26 - INFO - chord#: 128 done. best_score=27.0, changed=518, unchanged=392, early_stops=8/8
26 - INFO - chord#: 132 In build_straw_man_chord_sa. tolerance = 1, sa_iterations = 1000, initial_temperature = 3.0, cooling_rate = 0.999
26 - INFO - chord#: 126 done. best_score=27.0, changed=523, unchanged=327, early_stops=8/8
26 - INFO - chord#: 128 In build_straw_man_chord_sa. tolerance = 1, sa_iterations = 1000, initial_temperature = 3.0, cooling_rate = 0.999
26 - INFO - chord#: 120 done. best_score=27.0, changed=523, unchanged=339, early_stops=8/8
26 - INFO - chord#: 124 In build_straw_man_chord_sa. tolerance = 1, sa_iterations = 1000, initial_temperature = 3.0, cooling_rate = 0.999
26 - INFO - chord#: 102 done. best_score=27.0, changed=518, unchanged=357, early_stops=8/8
26 - INFO - chord#: 103 In build_straw_man_chord_sa. tolerance = 1, sa_iterations = 1000, initial_temperature = 3.0, cooling_rate = 0.999
26 - INFO - chord#: 128 done. best_score=27.0, changed=521, unchanged=452, early_stops=8/8
26 - INFO - chord#: 132 In build_straw_man_chord_sa. tolerance = 1, sa_iterations = 1000, initial_temperature = 3.0, cooling_rate = 0.999
26 - INFO - chord#: 128 done. best_score=27.0, changed=528, unchanged=502, early_stops=8/8
26 - INFO - chord#: 132 In build_straw_man_chord_sa. tolerance = 1, sa_iterations = 1000, initial_temperature = 3.0, cooling_rate = 0.999
26 - INFO - chord#: 103 done. best_score=145.0, changed=610, unchanged=258, early_stops=8/8
26 - INFO - chord#: 104 In build_straw_man_chord_sa. tolerance = 1, sa_iterations = 1000, initial_temperature = 3.0, cooling_rate = 0.999
26 - INFO - chord#: 132 done. best_score=31.0, changed=521, unchanged=337, early_stops=8/8
26 - INFO - chord#: 134 In build_straw_man_chord_sa. tolerance = 1, sa_iterations = 1000, initial_temperature = 3.0, cooling_rate = 0.999
26 - INFO - chord#: 128 done. best_score=27.0, changed=521, unchanged=421, early_stops=8/8
26 - INFO - chord#: 132 In build_straw_man_chord_sa. tolerance = 1, sa_iterations = 1000, initial_temperature = 3.0, cooling_rate = 0.999
26 - INFO - chord#: 110 done. best_score=121.0, changed=612, unchanged=475, early_stops=8/8
26 - INFO - chord#: 111 In build_straw_man_chord_sa. tolerance = 1, sa_iterations = 1000, initial_temperature = 3.0, cooling_rate = 0.999
26 - INFO - chord#: 132 done. best_score=31.0, changed=522, unchanged=328, early_stops=8/8
26 - INFO - chord#: 134 In build_straw_man_chord_sa. tolerance = 1, sa_iterations = 1000, initial_temperature = 3.0, cooling_rate = 0.999
26 - INFO - chord#: 124 done. best_score=27.0, changed=523, unchanged=393, early_stops=8/8
26 - INFO - chord#: 126 In build_straw_man_chord_sa. tolerance = 1, sa_iterations = 1000, initial_temperature = 3.0, cooling_rate = 0.999
26 - INFO - chord#: 132 done. best_score=31.0, changed=530, unchanged=398, early_stops=8/8
26 - INFO - chord#: 134 In build_straw_man_chord_sa. tolerance = 1, sa_iterations = 1000, initial_temperature = 3.0, cooling_rate = 0.999
26 - INFO - chord#: 104 done. best_score=27.0, changed=525, unchanged=446, early_stops=8/8
26 - INFO - chord#: 106 In build_straw_man_chord_sa. tolerance = 1, sa_iterations = 1000, initial_temperature = 3.0, cooling_rate = 0.999
26 - INFO - chord#: 134 done. best_score=27.0, changed=522, unchanged=466, early_stops=8/8
26 - INFO - chord#: 135 In build_straw_man_chord_sa. tolerance = 1, sa_iterations = 1000, initial_temperature = 3.0, cooling_rate = 0.999
26 - INFO - chord#: 103 done. best_score=195.0, changed=604, unchanged=221, early_stops=8/8
26 - INFO - chord#: 104 In build_straw_man_chord_sa. tolerance = 1, sa_iterations = 1000, initial_temperature = 3.0, cooling_rate = 0.999
26 - INFO - chord#: 132 done. best_score=31.0, changed=529, unchanged=417, early_stops=8/8
26 - INFO - chord#: 134 In build_straw_man_chord_sa. tolerance = 1, sa_iterations = 1000, initial_temperature = 3.0, cooling_rate = 0.999
26 - INFO - chord#: 111 done. best_score=36.0, changed=518, unchanged=310, early_stops=8/8
26 - INFO - chord#: 112 In build_straw_man_chord_sa. tolerance = 1, sa_iterations = 1000, initial_temperature = 3.0, cooling_rate = 0.999
26 - INFO - chord#: 103 done. best_score=137.0, changed=614, unchanged=337, early_stops=8/8
26 - INFO - chord#: 104 In build_straw_man_chord_sa. tolerance = 1, sa_iterations = 1000, initial_temperature = 3.0, cooling_rate = 0.999
26 - INFO - chord#: 134 done. best_score=27.0, changed=521, unchanged=443, early_stops=8/8
26 - INFO - chord#: 135 In build_straw_man_chord_sa. tolerance = 1, sa_iterations = 1000, initial_temperature = 3.0, cooling_rate = 0.999
26 - INFO - chord#: 126 done. best_score=27.0, changed=523, unchanged=324, early_stops=8/8
26 - INFO - chord#: 128 In build_straw_man_chord_sa. tolerance = 1, sa_iterations = 1000, initial_temperature = 3.0, cooling_rate = 0.999
26 - INFO - chord#: 134 done. best_score=27.0, changed=517, unchanged=339, early_stops=8/8
26 - INFO - chord#: 135 In build_straw_man_chord_sa. tolerance = 1, sa_iterations = 1000, initial_temperature = 3.0, cooling_rate = 0.999
26 - INFO - chord#: 103 done. best_score=157.0, changed=609, unchanged=305, early_stops=8/8
26 - INFO - chord#: 104 In build_straw_man_chord_sa. tolerance = 1, sa_iterations = 1000, initial_temperature = 3.0, cooling_rate = 0.999
26 - INFO - chord#: 106 done. best_score=37.0, changed=527, unchanged=416, early_stops=8/8
26 - INFO - chord#: 108 In build_straw_man_chord_sa. tolerance = 1, sa_iterations = 1000, initial_temperature = 3.0, cooling_rate = 0.999
26 - INFO - chord#: 134 done. best_score=27.0, changed=526, unchanged=410, early_stops=8/8
26 - INFO - chord#: 135 In build_straw_man_chord_sa. tolerance = 1, sa_iterations = 1000, initial_temperature = 3.0, cooling_rate = 0.999
26 - INFO - chord#: 112 done. best_score=27.0, changed=525, unchanged=434, early_stops=8/8
26 - INFO - chord#: 120 In build_straw_man_chord_sa. tolerance = 1, sa_iterations = 1000, initial_temperature = 3.0, cooling_rate = 0.999
26 - INFO - chord#: 104 done. best_score=27.0, changed=516, unchanged=352, early_stops=8/8
26 - INFO - chord#: 106 In build_straw_man_chord_sa. tolerance = 1, sa_iterations = 1000, initial_temperature = 3.0, cooling_rate = 0.999
26 - INFO - chord#: 110 done. best_score=111.0, changed=615, unchanged=431, early_stops=8/8
26 - INFO - chord#: 111 In build_straw_man_chord_sa. tolerance = 1, sa_iterations = 1000, initial_temperature = 3.0, cooling_rate = 0.999
26 - INFO - chord#: 128 done. best_score=27.0, changed=524, unchanged=375, early_stops=8/8
26 - INFO - chord#: 132 In build_straw_man_chord_sa. tolerance = 1, sa_iterations = 1000, initial_temperature = 3.0, cooling_rate = 0.999
26 - INFO - chord#: 104 done. best_score=27.0, changed=523, unchanged=478, early_stops=8/8
26 - INFO - chord#: 106 In build_straw_man_chord_sa. tolerance = 1, sa_iterations = 1000, initial_temperature = 3.0, cooling_rate = 0.999
26 - INFO - chord#: 103 done. best_score=125.0, changed=613, unchanged=479, early_stops=8/8
26 - INFO - chord#: 104 In build_straw_man_chord_sa. tolerance = 1, sa_iterations = 1000, initial_temperature = 3.0, cooling_rate = 0.999
26 - INFO - chord#: 108 done. best_score=27.0, changed=518, unchanged=344, early_stops=8/8
26 - INFO - chord#: 110 In build_straw_man_chord_sa. tolerance = 1, sa_iterations = 1000, initial_temperature = 3.0, cooling_rate = 0.999
26 - INFO - chord#: 104 done. best_score=27.0, changed=519, unchanged=417, early_stops=8/8
26 - INFO - chord#: 106 In build_straw_man_chord_sa. tolerance = 1, sa_iterations = 1000, initial_temperature = 3.0, cooling_rate = 0.999
26 - INFO - chord#: 135 done. best_score=137.0, changed=616, unchanged=338, early_stops=8/8
26 - INFO - chord#: 136 In build_straw_man_chord_sa. tolerance = 1, sa_iterations = 1000, initial_temperature = 3.0, cooling_rate = 0.999
26 - INFO - chord#: 120 done. best_score=27.0, changed=525, unchanged=409, early_stops=8/8
26 - INFO - chord#: 124 In build_straw_man_chord_sa. tolerance = 1, sa_iterations = 1000, initial_temperature = 3.0, cooling_rate = 0.999
26 - INFO - chord#: 135 done. best_score=96.0, changed=610, unchanged=225, early_stops=8/8
26 - INFO - chord#: 136 In build_straw_man_chord_sa. tolerance = 1, sa_iterations = 1000, initial_temperature = 3.0, cooling_rate = 0.999
26 - INFO - chord#: 106 done. best_score=35.0, changed=525, unchanged=386, early_stops=8/8
26 - INFO - chord#: 108 In build_straw_man_chord_sa. tolerance = 1, sa_iterations = 1000, initial_temperature = 3.0, cooling_rate = 0.999
26 - INFO - chord#: 111 done. best_score=36.0, changed=540, unchanged=475, early_stops=8/8
26 - INFO - chord#: 112 In build_straw_man_chord_sa. tolerance = 1, sa_iterations = 1000, initial_temperature = 3.0, cooling_rate = 0.999
26 - INFO - chord#: 132 done. best_score=31.0, changed=520, unchanged=323, early_stops=8/8
26 - INFO - chord#: 134 In build_straw_man_chord_sa. tolerance = 1, sa_iterations = 1000, initial_temperature = 3.0, cooling_rate = 0.999
26 - INFO - chord#: 135 done. best_score=137.0, changed=611, unchanged=223, early_stops=8/8
26 - INFO - chord#: 136 In build_straw_man_chord_sa. tolerance = 1, sa_iterations = 1000, initial_temperature = 3.0, cooling_rate = 0.999
26 - INFO - chord#: 136 done. best_score=27.0, changed=520, unchanged=353, early_stops=8/8
26 - INFO - chord#: 106 done. best_score=37.0, changed=517, unchanged=332, early_stops=8/8
26 - INFO - chord#: 108 In build_straw_man_chord_sa. tolerance = 1, sa_iterations = 1000, initial_temperature = 3.0, cooling_rate = 0.999
26 - INFO - chord#: 104 done. best_score=27.0, changed=513, unchanged=361, early_stops=8/8
26 - INFO - chord#: 106 In build_straw_man_chord_sa. tolerance = 1, sa_iterations = 1000, initial_temperature = 3.0, cooling_rate = 0.999
26 - INFO - chord#: 135 done. best_score=67.0, changed=617, unchanged=455, early_stops=8/8
26 - INFO - chord#: 136 In build_straw_man_chord_sa. tolerance = 1, sa_iterations = 1000, initial_temperature = 3.0, cooling_rate = 0.999
26 - INFO - chord#: 124 done. best_score=27.0, changed=526, unchanged=409, early_stops=8/8
26 - INFO - chord#: 126 In build_straw_man_chord_sa. tolerance = 1, sa_iterations = 1000, initial_temperature = 3.0, cooling_rate = 0.999
26 - INFO - chord#: 136 done. best_score=27.0, changed=527, unchanged=324, early_stops=8/8
26 - INFO - chord#: 106 done. best_score=37.0, changed=529, unchanged=419, early_stops=8/8
26 - INFO - chord#: 108 In build_straw_man_chord_sa. tolerance = 1, sa_iterations = 1000, initial_temperature = 3.0, cooling_rate = 0.999
26 - INFO - chord#: 136 done. best_score=27.0, changed=521, unchanged=336, early_stops=8/8
26 - INFO - chord#: 108 done. best_score=27.0, changed=519, unchanged=418, early_stops=8/8
26 - INFO - chord#: 110 In build_straw_man_chord_sa. tolerance = 1, sa_iterations = 1000, initial_temperature = 3.0, cooling_rate = 0.999
26 - INFO - chord#: 136 done. best_score=27.0, changed=522, unchanged=343, early_stops=8/8
26 - INFO - chord#: 112 done. best_score=27.0, changed=522, unchanged=446, early_stops=8/8
26 - INFO - chord#: 120 In build_straw_man_chord_sa. tolerance = 1, sa_iterations = 1000, initial_temperature = 3.0, cooling_rate = 0.999
26 - INFO - chord#: 134 done. best_score=27.0, changed=529, unchanged=420, early_stops=8/8
26 - INFO - chord#: 135 In build_straw_man_chord_sa. tolerance = 1, sa_iterations = 1000, initial_temperature = 3.0, cooling_rate = 0.999
26 - INFO - chord#: 108 done. best_score=27.0, changed=525, unchanged=387, early_stops=8/8
26 - INFO - chord#: 110 In build_straw_man_chord_sa. tolerance = 1, sa_iterations = 1000, initial_temperature = 3.0, cooling_rate = 0.999
26 - INFO - chord#: 126 done. best_score=27.0, changed=538, unchanged=339, early_stops=8/8
26 - INFO - chord#: 128 In build_straw_man_chord_sa. tolerance = 1, sa_iterations = 1000, initial_temperature = 3.0, cooling_rate = 0.999
26 - INFO - chord#: 106 done. best_score=37.0, changed=514, unchanged=317, early_stops=8/8
26 - INFO - chord#: 108 In build_straw_man_chord_sa. tolerance = 1, sa_iterations = 1000, initial_temperature = 3.0, cooling_rate = 0.999
26 - INFO - chord#: 108 done. best_score=27.0, changed=522, unchanged=352, early_stops=8/8
26 - INFO - chord#: 110 In build_straw_man_chord_sa. tolerance = 1, sa_iterations = 1000, initial_temperature = 3.0, cooling_rate = 0.999
26 - INFO - chord#: 110 done. best_score=99.0, changed=615, unchanged=335, early_stops=8/8
26 - INFO - chord#: 111 In build_straw_man_chord_sa. tolerance = 1, sa_iterations = 1000, initial_temperature = 3.0, cooling_rate = 0.999
26 - INFO - chord#: 128 done. best_score=27.0, changed=520, unchanged=357, early_stops=8/8
26 - INFO - chord#: 132 In build_straw_man_chord_sa. tolerance = 1, sa_iterations = 1000, initial_temperature = 3.0, cooling_rate = 0.999
26 - INFO - chord#: 108 done. best_score=27.0, changed=526, unchanged=439, early_stops=8/8
26 - INFO - chord#: 110 In build_straw_man_chord_sa. tolerance = 1, sa_iterations = 1000, initial_temperature = 3.0, cooling_rate = 0.999
26 - INFO - chord#: 120 done. best_score=27.0, changed=522, unchanged=331, early_stops=8/8
26 - INFO - chord#: 124 In build_straw_man_chord_sa. tolerance = 1, sa_iterations = 1000, initial_temperature = 3.0, cooling_rate = 0.999
26 - INFO - chord#: 111 done. best_score=36.0, changed=527, unchanged=342, early_stops=8/8
26 - INFO - chord#: 112 In build_straw_man_chord_sa. tolerance = 1, sa_iterations = 1000, initial_temperature = 3.0, cooling_rate = 0.999
26 - INFO - chord#: 132 done. best_score=31.0, changed=537, unchanged=391, early_stops=8/8
26 - INFO - chord#: 134 In build_straw_man_chord_sa. tolerance = 1, sa_iterations = 1000, initial_temperature = 3.0, cooling_rate = 0.999
26 - INFO - chord#: 110 done. best_score=99.0, changed=607, unchanged=257, early_stops=8/8
26 - INFO - chord#: 111 In build_straw_man_chord_sa. tolerance = 1, sa_iterations = 1000, initial_temperature = 3.0, cooling_rate = 0.999
26 - INFO - chord#: 135 done. best_score=78.0, changed=610, unchanged=334, early_stops=8/8
26 - INFO - chord#: 136 In build_straw_man_chord_sa. tolerance = 1, sa_iterations = 1000, initial_temperature = 3.0, cooling_rate = 0.999
26 - INFO - chord#: 124 done. best_score=27.0, changed=522, unchanged=360, early_stops=8/8
26 - INFO - chord#: 126 In build_straw_man_chord_sa. tolerance = 1, sa_iterations = 1000, initial_temperature = 3.0, cooling_rate = 0.999
26 - INFO - chord#: 110 done. best_score=150.0, changed=612, unchanged=304, early_stops=8/8
26 - INFO - chord#: 111 In build_straw_man_chord_sa. tolerance = 1, sa_iterations = 1000, initial_temperature = 3.0, cooling_rate = 0.999
26 - INFO - chord#: 112 done. best_score=27.0, changed=525, unchanged=490, early_stops=8/8
26 - INFO - chord#: 120 In build_straw_man_chord_sa. tolerance = 1, sa_iterations = 1000, initial_temperature = 3.0, cooling_rate = 0.999
26 - INFO - chord#: 134 done. best_score=27.0, changed=527, unchanged=371, early_stops=8/8
26 - INFO - chord#: 135 In build_straw_man_chord_sa. tolerance = 1, sa_iterations = 1000, initial_temperature = 3.0, cooling_rate = 0.999
26 - INFO - chord#: 111 done. best_score=36.0, changed=536, unchanged=465, early_stops=8/8
26 - INFO - chord#: 112 In build_straw_man_chord_sa. tolerance = 1, sa_iterations = 1000, initial_temperature = 3.0, cooling_rate = 0.999
26 - INFO - chord#: 136 done. best_score=27.0, changed=518, unchanged=396, early_stops=8/8
26 - INFO - chord#: 126 done. best_score=27.0, changed=530, unchanged=331, early_stops=8/8
26 - INFO - chord#: 128 In build_straw_man_chord_sa. tolerance = 1, sa_iterations = 1000, initial_temperature = 3.0, cooling_rate = 0.999
26 - INFO - chord#: 111 done. best_score=36.0, changed=528, unchanged=376, early_stops=8/8
26 - INFO - chord#: 112 In build_straw_man_chord_sa. tolerance = 1, sa_iterations = 1000, initial_temperature = 3.0, cooling_rate = 0.999
26 - INFO - chord#: 120 done. best_score=27.0, changed=513, unchanged=325, early_stops=8/8
26 - INFO - chord#: 124 In build_straw_man_chord_sa. tolerance = 1, sa_iterations = 1000, initial_temperature = 3.0, cooling_rate = 0.999
26 - INFO - chord#: 110 done. best_score=148.0, changed=617, unchanged=293, early_stops=8/8
26 - INFO - chord#: 111 In build_straw_man_chord_sa. tolerance = 1, sa_iterations = 1000, initial_temperature = 3.0, cooling_rate = 0.999
26 - INFO - chord#: 110 done. best_score=121.0, changed=614, unchanged=341, early_stops=8/8
26 - INFO - chord#: 111 In build_straw_man_chord_sa. tolerance = 1, sa_iterations = 1000, initial_temperature = 3.0, cooling_rate = 0.999
26 - INFO - chord#: 112 done. best_score=27.0, changed=519, unchanged=424, early_stops=8/8
26 - INFO - chord#: 120 In build_straw_man_chord_sa. tolerance = 1, sa_iterations = 1000, initial_temperature = 3.0, cooling_rate = 0.999
26 - INFO - chord#: 128 done. best_score=27.0, changed=518, unchanged=392, early_stops=8/8
26 - INFO - chord#: 132 In build_straw_man_chord_sa. tolerance = 1, sa_iterations = 1000, initial_temperature = 3.0, cooling_rate = 0.999
26 - INFO - chord#: 112 done. best_score=27.0, changed=518, unchanged=428, early_stops=8/8
26 - INFO - chord#: 120 In build_straw_man_chord_sa. tolerance = 1, sa_iterations = 1000, initial_temperature = 3.0, cooling_rate = 0.999
26 - INFO - chord#: 111 done. best_score=36.0, changed=519, unchanged=375, early_stops=8/8
26 - INFO - chord#: 112 In build_straw_man_chord_sa. tolerance = 1, sa_iterations = 1000, initial_temperature = 3.0, cooling_rate = 0.999
26 - INFO - chord#: 124 done. best_score=27.0, changed=526, unchanged=374, early_stops=8/8
26 - INFO - chord#: 126 In build_straw_man_chord_sa. tolerance = 1, sa_iterations = 1000, initial_temperature = 3.0, cooling_rate = 0.999
26 - INFO - chord#: 135 done. best_score=67.0, changed=611, unchanged=236, early_stops=8/8
26 - INFO - chord#: 136 In build_straw_man_chord_sa. tolerance = 1, sa_iterations = 1000, initial_temperature = 3.0, cooling_rate = 0.999
26 - INFO - chord#: 132 done. best_score=31.0, changed=530, unchanged=357, early_stops=8/8
26 - INFO - chord#: 134 In build_straw_man_chord_sa. tolerance = 1, sa_iterations = 1000, initial_temperature = 3.0, cooling_rate = 0.999
26 - INFO - chord#: 111 done. best_score=36.0, changed=522, unchanged=344, early_stops=8/8
26 - INFO - chord#: 112 In build_straw_man_chord_sa. tolerance = 1, sa_iterations = 1000, initial_temperature = 3.0, cooling_rate = 0.999
26 - INFO - chord#: 120 done. best_score=27.0, changed=541, unchanged=488, early_stops=8/8
26 - INFO - chord#: 124 In build_straw_man_chord_sa. tolerance = 1, sa_iterations = 1000, initial_temperature = 3.0, cooling_rate = 0.999
26 - INFO - chord#: 120 done. best_score=27.0, changed=523, unchanged=363, early_stops=8/8
26 - INFO - chord#: 124 In build_straw_man_chord_sa. tolerance = 1, sa_iterations = 1000, initial_temperature = 3.0, cooling_rate = 0.999
26 - INFO - chord#: 126 done. best_score=27.0, changed=532, unchanged=324, early_stops=8/8
26 - INFO - chord#: 128 In build_straw_man_chord_sa. tolerance = 1, sa_iterations = 1000, initial_temperature = 3.0, cooling_rate = 0.999
26 - INFO - chord#: 112 done. best_score=27.0, changed=512, unchanged=349, early_stops=8/8
26 - INFO - chord#: 120 In build_straw_man_chord_sa. tolerance = 1, sa_iterations = 1000, initial_temperature = 3.0, cooling_rate = 0.999
26 - INFO - chord#: 136 done. best_score=27.0, changed=527, unchanged=451, early_stops=8/8
26 - INFO - chord#: 134 done. best_score=27.0, changed=524, unchanged=583, early_stops=8/8
26 - INFO - chord#: 135 In build_straw_man_chord_sa. tolerance = 1, sa_iterations = 1000, initial_temperature = 3.0, cooling_rate = 0.999
26 - INFO - chord#: 124 done. best_score=27.0, changed=518, unchanged=320, early_stops=8/8
26 - INFO - chord#: 126 In build_straw_man_chord_sa. tolerance = 1, sa_iterations = 1000, initial_temperature = 3.0, cooling_rate = 0.999
26 - INFO - chord#: 124 done. best_score=27.0, changed=529, unchanged=375, early_stops=8/8
26 - INFO - chord#: 126 In build_straw_man_chord_sa. tolerance = 1, sa_iterations = 1000, initial_temperature = 3.0, cooling_rate = 0.999
26 - INFO - chord#: 112 done. best_score=27.0, changed=514, unchanged=389, early_stops=8/8
26 - INFO - chord#: 120 In build_straw_man_chord_sa. tolerance = 1, sa_iterations = 1000, initial_temperature = 3.0, cooling_rate = 0.999
26 - INFO - chord#: 128 done. best_score=27.0, changed=532, unchanged=406, early_stops=8/8
26 - INFO - chord#: 132 In build_straw_man_chord_sa. tolerance = 1, sa_iterations = 1000, initial_temperature = 3.0, cooling_rate = 0.999
26 - INFO - chord#: 120 done. best_score=27.0, changed=524, unchanged=338, early_stops=8/8
26 - INFO - chord#: 124 In build_straw_man_chord_sa. tolerance = 1, sa_iterations = 1000, initial_temperature = 3.0, cooling_rate = 0.999
26 - INFO - chord#: 126 done. best_score=27.0, changed=517, unchanged=312, early_stops=8/8
26 - INFO - chord#: 128 In build_straw_man_chord_sa. tolerance = 1, sa_iterations = 1000, initial_temperature = 3.0, cooling_rate = 0.999
26 - INFO - chord#: 126 done. best_score=27.0, changed=534, unchanged=371, early_stops=8/8
26 - INFO - chord#: 128 In build_straw_man_chord_sa. tolerance = 1, sa_iterations = 1000, initial_temperature = 3.0, cooling_rate = 0.999
26 - INFO - chord#: 132 done. best_score=31.0, changed=521, unchanged=331, early_stops=8/8
26 - INFO - chord#: 134 In build_straw_man_chord_sa. tolerance = 1, sa_iterations = 1000, initial_temperature = 3.0, cooling_rate = 0.999
26 - INFO - chord#: 124 done. best_score=27.0, changed=528, unchanged=328, early_stops=8/8
26 - INFO - chord#: 126 In build_straw_man_chord_sa. tolerance = 1, sa_iterations = 1000, initial_temperature = 3.0, cooling_rate = 0.999
26 - INFO - chord#: 120 done. best_score=27.0, changed=513, unchanged=335, early_stops=8/8
26 - INFO - chord#: 124 In build_straw_man_chord_sa. tolerance = 1, sa_iterations = 1000, initial_temperature = 3.0, cooling_rate = 0.999
26 - INFO - chord#: 128 done. best_score=27.0, changed=520, unchanged=340, early_stops=8/8
26 - INFO - chord#: 132 In build_straw_man_chord_sa. tolerance = 1, sa_iterations = 1000, initial_temperature = 3.0, cooling_rate = 0.999
26 - INFO - chord#: 128 done. best_score=27.0, changed=524, unchanged=410, early_stops=8/8
26 - INFO - chord#: 132 In build_straw_man_chord_sa. tolerance = 1, sa_iterations = 1000, initial_temperature = 3.0, cooling_rate = 0.999
26 - INFO - chord#: 124 done. best_score=27.0, changed=530, unchanged=369, early_stops=8/8
26 - INFO - chord#: 126 In build_straw_man_chord_sa. tolerance = 1, sa_iterations = 1000, initial_temperature = 3.0, cooling_rate = 0.999
26 - INFO - chord#: 126 done. best_score=27.0, changed=536, unchanged=472, early_stops=8/8
26 - INFO - chord#: 128 In build_straw_man_chord_sa. tolerance = 1, sa_iterations = 1000, initial_temperature = 3.0, cooling_rate = 0.999
26 - INFO - chord#: 134 done. best_score=27.0, changed=523, unchanged=458, early_stops=8/8
26 - INFO - chord#: 135 In build_straw_man_chord_sa. tolerance = 1, sa_iterations = 1000, initial_temperature = 3.0, cooling_rate = 0.999
26 - INFO - chord#: 135 done. best_score=67.0, changed=612, unchanged=443, early_stops=8/8
26 - INFO - chord#: 136 In build_straw_man_chord_sa. tolerance = 1, sa_iterations = 1000, initial_temperature = 3.0, cooling_rate = 0.999
26 - INFO - chord#: 132 done. best_score=31.0, changed=521, unchanged=351, early_stops=8/8
26 - INFO - chord#: 134 In build_straw_man_chord_sa. tolerance = 1, sa_iterations = 1000, initial_temperature = 3.0, cooling_rate = 0.999
26 - INFO - chord#: 132 done. best_score=31.0, changed=538, unchanged=434, early_stops=8/8
26 - INFO - chord#: 134 In build_straw_man_chord_sa. tolerance = 1, sa_iterations = 1000, initial_temperature = 3.0, cooling_rate = 0.999
26 - INFO - chord#: 126 done. best_score=27.0, changed=526, unchanged=347, early_stops=8/8
26 - INFO - chord#: 128 In build_straw_man_chord_sa. tolerance = 1, sa_iterations = 1000, initial_temperature = 3.0, cooling_rate = 0.999
26 - INFO - chord#: 128 done. best_score=27.0, changed=518, unchanged=380, early_stops=8/8
26 - INFO - chord#: 132 In build_straw_man_chord_sa. tolerance = 1, sa_iterations = 1000, initial_temperature = 3.0, cooling_rate = 0.999
26 - INFO - chord#: 136 done. best_score=27.0, changed=517, unchanged=379, early_stops=8/8
26 - INFO - chord#: 134 done. best_score=27.0, changed=518, unchanged=340, early_stops=8/8
26 - INFO - chord#: 135 In build_straw_man_chord_sa. tolerance = 1, sa_iterations = 1000, initial_temperature = 3.0, cooling_rate = 0.999
26 - INFO - chord#: 134 done. best_score=27.0, changed=519, unchanged=427, early_stops=8/8
26 - INFO - chord#: 135 In build_straw_man_chord_sa. tolerance = 1, sa_iterations = 1000, initial_temperature = 3.0, cooling_rate = 0.999
26 - INFO - chord#: 128 done. best_score=27.0, changed=524, unchanged=365, early_stops=8/8
26 - INFO - chord#: 132 In build_straw_man_chord_sa. tolerance = 1, sa_iterations = 1000, initial_temperature = 3.0, cooling_rate = 0.999
26 - INFO - chord#: 132 done. best_score=31.0, changed=523, unchanged=324, early_stops=8/8
26 - INFO - chord#: 134 In build_straw_man_chord_sa. tolerance = 1, sa_iterations = 1000, initial_temperature = 3.0, cooling_rate = 0.999
26 - INFO - chord#: 134 done. best_score=27.0, changed=512, unchanged=316, early_stops=8/8
26 - INFO - chord#: 135 In build_straw_man_chord_sa. tolerance = 1, sa_iterations = 1000, initial_temperature = 3.0, cooling_rate = 0.999
26 - INFO - chord#: 132 done. best_score=31.0, changed=522, unchanged=351, early_stops=8/8
26 - INFO - chord#: 134 In build_straw_man_chord_sa. tolerance = 1, sa_iterations = 1000, initial_temperature = 3.0, cooling_rate = 0.999
26 - INFO - chord#: 135 done. best_score=137.0, changed=617, unchanged=653, early_stops=8/8
26 - INFO - chord#: 136 In build_straw_man_chord_sa. tolerance = 1, sa_iterations = 1000, initial_temperature = 3.0, cooling_rate = 0.999
26 - INFO - chord#: 134 done. best_score=27.0, changed=521, unchanged=381, early_stops=8/8
26 - INFO - chord#: 135 In build_straw_man_chord_sa. tolerance = 1, sa_iterations = 1000, initial_temperature = 3.0, cooling_rate = 0.999
26 - INFO - chord#: 135 done. best_score=96.0, changed=614, unchanged=384, early_stops=8/8
26 - INFO - chord#: 136 In build_straw_man_chord_sa. tolerance = 1, sa_iterations = 1000, initial_temperature = 3.0, cooling_rate = 0.999
26 - INFO - chord#: 136 done. best_score=27.0, changed=521, unchanged=416, early_stops=8/8
26 - INFO - chord#: 135 done. best_score=145.0, changed=615, unchanged=433, early_stops=8/8
26 - INFO - chord#: 136 In build_straw_man_chord_sa. tolerance = 1, sa_iterations = 1000, initial_temperature = 3.0, cooling_rate = 0.999
26 - INFO - chord#: 136 done. best_score=27.0, changed=525, unchanged=374, early_stops=8/8
26 - INFO - chord#: 135 done. best_score=137.0, changed=612, unchanged=337, early_stops=8/8
26 - INFO - chord#: 136 In build_straw_man_chord_sa. tolerance = 1, sa_iterations = 1000, initial_temperature = 3.0, cooling_rate = 0.999
26 - INFO - chord#: 136 done. best_score=27.0, changed=524, unchanged=393, early_stops=8/8
26 - INFO - chord#: 135 done. best_score=67.0, changed=612, unchanged=346, early_stops=8/8
26 - INFO - chord#: 136 In build_straw_man_chord_sa. tolerance = 1, sa_iterations = 1000, initial_temperature = 3.0, cooling_rate = 0.999
26 - INFO - chord#: 136 done. best_score=27.0, changed=517, unchanged=336, early_stops=8/8
26 - INFO - chord#: 136 done. best_score=27.0, changed=514, unchanged=374, early_stops=8/8
